
running 1 test

[32m
                             _   _
                            (_) | |
      __ _   _ __   __   __  _  | |
     / _` | | '_ \  \ \ / / | | | |
    | (_| | | | | |  \ V /  | | | |
     \__,_| |_| |_|   \_/   |_| |_|
[0m
    0.2.0 (a592f7a 2024-09-23T00:23:27.819031000Z)
    [32mhttps://github.com/foundry-rs/foundry[0m

Available Accounts
==================

(0) 0xf39Fd6e51aad88F6F4ce6aB8827279cffFb92266 (10000.000000000000000000 ETH)
(1) 0x70997970C51812dc3A010C7d01b50e0d17dc79C8 (10000.000000000000000000 ETH)
(2) 0x3C44CdDdB6a900fa2b585dd299e03d12FA4293BC (10000.000000000000000000 ETH)
(3) 0x90F79bf6EB2c4f870365E785982E1f101E93b906 (10000.000000000000000000 ETH)
(4) 0x15d34AAf54267DB7D7c367839AAf71A00a2C6A65 (10000.000000000000000000 ETH)
(5) 0x9965507D1a55bcC2695C58ba16FB37d819B0A4dc (10000.000000000000000000 ETH)
(6) 0x976EA74026E726554dB657fA54763abd0C3a0aa9 (10000.000000000000000000 ETH)
(7) 0x14dC79964da2C08b23698B3D3cc7Ca32193d9955 (10000.000000000000000000 ETH)
(8) 0x23618e81E3f5cdF7f54C3d65f7FBc0aBf5B21E8f (10000.000000000000000000 ETH)
(9) 0xa0Ee7A142d267C1f36714E4a8F75612F20a79720 (10000.000000000000000000 ETH)

Private Keys
==================

(0) 0xac0974bec39a17e36ba4a6b4d238ff944bacb478cbed5efcae784d7bf4f2ff80
(1) 0x59c6995e998f97a5a0044966f0945389dc9e86dae88c7a8412f4603b6b78690d
(2) 0x5de4111afa1a4b94908f83103eb1f1706367c2e68ca870fc3fb9a804cdab365a
(3) 0x7c852118294e51e653712a81e05800f419141751be58f605c371e15141b007a6
(4) 0x47e179ec197488593b187f80a00eb0da91f1b9d0b13f8733639f19c30a34926a
(5) 0x8b3a350cf5c34c9194ca85829a2df0ec3153be0318b5e2d3348e872092edffba
(6) 0x92db14e403b83dfe3df233f83dfa3a0d7096f21ca9b0d6d6b8d88b2b4ec1564e
(7) 0x4bbbf85ce3377467afe5d46f804f221813b2bb87f24d81f60f1fcdbf7cbf4356
(8) 0xdbda1821b80551c9d65939329250298aa3472ba22feea921c0cf5d620ea67b97
(9) 0x2a871d0798f97d79848a013d4936a73bf4cc922c825d33c1cf7073dff6d409c6

Wallet
==================
Mnemonic:          test test test test test test test test test test test junk
Derivation path:   m/44'/60'/0'/0/


Chain ID
==================

[32m31337[0m

Base Fee
==================

[32m1000000000[0m

Gas Limit
==================

[32m30000000[0m

Genesis Timestamp
==================

[32m1742889235[0m

Listening on 127.0.0.1:60553

    Block Number: 1
    Block Hash: 0xccb11c22fde436b22b69abf69b1ddd0e259cde03efbd6a30f3b48c5f3b0f20df
    Block Time: "Tue, 25 Mar 2025 07:53:56 +0000"


    Block Number: 2
    Block Hash: 0x10cda0d65bd99a863d18c6c3d0492f08e278b9fa0551b28ff73660d79308f9d4
    Block Time: "Tue, 25 Mar 2025 07:53:57 +0000"

eth_chainId

    Block Number: 3
    Block Hash: 0x01090b1f4abd66688811c9c9917c40b10a117036f6885c2ce788c972e59109a5
    Block Time: "Tue, 25 Mar 2025 07:53:58 +0000"

eth_getTransactionCount

    Block Number: 4
    Block Hash: 0xd5930dd39af8ed337b774ea6846e83e929b1d772c99d0e9641c2d7bbf1f507e6
    Block Time: "Tue, 25 Mar 2025 07:53:59 +0000"


    Block Number: 5
    Block Hash: 0x59665496640c9c151b51bda02c1f79f61a620fcb6d8679c1d2b1bf9a31e00808
    Block Time: "Tue, 25 Mar 2025 07:54:00 +0000"


    Block Number: 6
    Block Hash: 0x74d996e05fbb325bee317a26d15862ebfbf0fbffd8aa9ff42fdf5ad5203906f0
    Block Time: "Tue, 25 Mar 2025 07:54:01 +0000"


    Block Number: 7
    Block Hash: 0x9b460d619917e20ad97bc3970f2317b0489f7cef4f680f6c9743d5b80cc92451
    Block Time: "Tue, 25 Mar 2025 07:54:02 +0000"


    Block Number: 8
    Block Hash: 0x1f65636bba5adb521e50258d59ef6baa018c8b03f8f75cbfc266764ec1ec6cb4
    Block Time: "Tue, 25 Mar 2025 07:54:03 +0000"


    Block Number: 9
    Block Hash: 0xf515075b74378d8a146d7a53f9028debe6b8327e0eedb48c59cada639da5ee3f
    Block Time: "Tue, 25 Mar 2025 07:54:04 +0000"

eth_getCode
eth_blockNumber
eth_gasPrice
eth_chainId
eth_getBlockByNumber
eth_blockNumber
eth_getBlockByNumber
eth_chainId
eth_gasPrice
eth_getCode
eth_getTransactionCount
eth_getBalance
eth_getCode
eth_getTransactionCount
eth_getBalance
eth_getCode
eth_getBalance
eth_getTransactionCount
eth_getCode
eth_getBalance
eth_getTransactionCount
eth_getCode
eth_getTransactionCount
eth_getBalance
eth_getTransactionCount
eth_getBalance
eth_getCode
eth_getCode
eth_getBalance
eth_getTransactionCount
eth_getBalance
eth_getCode
eth_getTransactionCount
eth_getTransactionCount
eth_getBalance
eth_getCode
eth_getBalance
eth_getCode
eth_getTransactionCount
eth_getCode
eth_getTransactionCount
eth_getBalance
eth_getCode
eth_getTransactionCount
eth_getBalance
eth_getBalance
eth_getCode
eth_getTransactionCount
eth_getBalance
eth_getTransactionCount
eth_getCode
eth_getTransactionCount
eth_getBalance
eth_getCode
eth_getCode
eth_getBalance
eth_getTransactionCount
eth_getTransactionCount
eth_getBalance
eth_getCode
eth_getCode
eth_getTransactionCount
eth_getBalance
eth_getCode
eth_getTransactionCount
eth_getBalance
eth_chainId
eth_chainId
eth_blockNumber
eth_gasPrice
eth_chainId
eth_getBlockByNumber
eth_chainId
eth_feeHistory

    Block Number: 10
    Block Hash: 0xaf9082c2421315a3b16e9b65288bd8335f63ff1e49891d71ee9f0dba1ecead3b
    Block Time: "Tue, 25 Mar 2025 07:54:05 +0000"

eth_feeHistory
eth_sendRawTransaction
eth_sendRawTransaction
eth_sendRawTransaction
eth_sendRawTransaction
eth_sendRawTransaction
eth_sendRawTransaction
eth_sendRawTransaction
eth_sendRawTransaction
eth_sendRawTransaction
eth_sendRawTransaction
eth_sendRawTransaction
eth_sendRawTransaction
eth_sendRawTransaction
eth_sendRawTransaction
eth_sendRawTransaction
eth_sendRawTransaction
eth_sendRawTransaction
eth_sendRawTransaction
eth_getTransactionReceipt
eth_getTransactionReceipt
eth_getTransactionReceipt
eth_getTransactionReceipt
eth_getTransactionReceipt
eth_getTransactionReceipt
eth_getTransactionReceipt
eth_getTransactionReceipt
eth_getTransactionReceipt
eth_getTransactionReceipt
eth_getTransactionReceipt
eth_getTransactionReceipt
eth_getTransactionReceipt
eth_getTransactionReceipt
eth_getTransactionReceipt
eth_getTransactionReceipt
eth_getTransactionReceipt
eth_getTransactionReceipt
eth_getTransactionReceipt
eth_getTransactionReceipt
eth_blockNumber
eth_getBlockByNumber
eth_getTransactionReceipt
eth_getTransactionReceipt
eth_getTransactionReceipt
eth_getTransactionReceipt
eth_getTransactionReceipt
eth_getTransactionReceipt
eth_getTransactionReceipt
eth_getTransactionReceipt
eth_getTransactionReceipt
eth_getTransactionReceipt
eth_getTransactionReceipt
eth_blockNumber
eth_getTransactionReceipt
eth_getTransactionReceipt
eth_getTransactionReceipt
eth_getTransactionReceipt
eth_getTransactionReceipt
eth_getTransactionReceipt
eth_getTransactionReceipt
eth_getTransactionReceipt
eth_getTransactionReceipt
eth_getTransactionReceipt
eth_getTransactionReceipt
eth_getTransactionReceipt
eth_getTransactionReceipt
eth_getTransactionReceipt
eth_getTransactionReceipt
eth_getTransactionReceipt
eth_getTransactionReceipt
eth_getTransactionReceipt
eth_getTransactionReceipt
eth_blockNumber
eth_getTransactionReceipt
eth_getTransactionReceipt
eth_getTransactionReceipt
eth_getTransactionReceipt
eth_getTransactionReceipt
eth_getTransactionReceipt
eth_getTransactionReceipt
eth_getTransactionReceipt
eth_getTransactionReceipt
eth_getTransactionReceipt
eth_blockNumber

    Transaction: 0x41964dc8c7d430e75ecc22acbb6a73f9ee849a4e65b1370e79a225b1b6098a78
    Contract created: 0xef11D1c2aA48826D4c41e54ab82D1Ff5Ad8A64Ca
    Gas used: 545739

    Transaction: 0x32759ae1b53aca90fc2e9b173def63df9ccf92feb5452710697f7bda7a5c1b38
    Contract created: 0x39dD11C243Ac4Ac250980FA3AEa016f73C509f37
    Gas used: 1089483

    Transaction: 0xf409dd84779f76220fc15436d4ef078e5830296a67c5bdd50c941c845c216dd6
    Contract created: 0x76ca03a67C049477FfB09694dFeF00416dB69746
    Gas used: 1633115

    Transaction: 0xa89fb8edec15431f2fbc362a13ce1931b252badf44f38240a54cf3831b532ec4
    Contract created: 0x1696C7203769A71c97Ca725d42b13270ee493526
    Gas used: 2176715

    Transaction: 0x479757e8b04869ff36ced6c5596e22ff91d58184e58d0cbfc41b1748243e0dd8
    Contract created: 0x332Fb35767182F8ac9F9C1405db626105F6694E0
    Gas used: 2720299

    Transaction: 0x7adf7eb055d241c32ef152466e86ddb595dfcd88420f9ba90fb564aa5d19fc32
    Contract created: 0x982830D87C95479dB81Fe62cd08dd9118D080697
    Gas used: 4918698

    Transaction: 0xc4b9041f6b829fbc342b6263477988e6617225fe84d790d7962b65d0d230de66
    Contract created: 0x37cA242a94945CdC3d3F155452a82Af6374bebD7
    Gas used: 5241869

    Transaction: 0x2a62cb9d3c0c0e92501347f9facd8b428f8613a4ee123adcedf9ecd9f7156d09
    Contract created: 0x07AF11e412ed7C343603c0F4b35645f7870686Eb
    Gas used: 7639292

    Transaction: 0x9a2aa456bdd6021b7a52a56e7a55f3f38334653e230a1560fcd4734478a8f8a8
    Contract created: 0xEF86CEc1CEf0C78E5725fA6Cc3E9929788bBde35
    Gas used: 8174380

    Transaction: 0xcf76dad894f92665d809fea7d818ba6d84765cb7e01a9139672be6422f31b5e9
    Gas used: 8223350

    Transaction: 0x4dd2584ae59c2f50ef4b4e2b985e91966722e95bec4e0c86adf49245ec6a4653
    Gas used: 8267430

    Transaction: 0x4a93d8dc21780504e46f1306bd220f5571b3103ff2b57119ee54bc7f6072961f
    Contract created: 0xd829fcDDD9C9c7c50B7cB476596Ef0ff5889D543
    Gas used: 8772767

    Transaction: 0x2fa47b5639081a3f68a3c2b821cd07953ad75aae6d4e7649b133b1e9f92c822b
    Contract created: 0xc74f87d141ED8A41c32ec3d6947485b6f4c11e49
    Gas used: 10997494

    Transaction: 0xfb8fc2b3025e95a94975fc7a0372bbd9ef3f758e4d79c761e30c448a4ee2fe1f
    Contract created: 0x9eBb49B2004C753f6Fb8b3181C224a8972f70528
    Gas used: 11393644

    Transaction: 0xe4bd4f2fd625ac0c03c40cb55721eef46552ac0a0536d39d8c0ae88247a98e36
    Contract created: 0xf282a3C68A2505a79Fc99f94CE43D9c83230CaE5
    Gas used: 14810270

    Transaction: 0xc3fd036364c84bcf50d8407f60ec8a69b39d6fbec98194f03ec3aa344b9cc118
    Contract created: 0x7B31b399a224aD30D48838F55B41b6A6F1e033ED
    Gas used: 15060057

    Transaction: 0xbadafc85f04799b6733689cbc9ade6af90395cc0c2061cb9c91a6fcdaae7c32e
    Gas used: 15088704

    Transaction: 0x1423f88446041f7177e8b6f081760816710410fd810a4c7060e72090a7b392dd
    Gas used: 15122276

    Block Number: 11
    Block Hash: 0x064cfd2f79e1dc0cb5424b0681fd08b0646dcdcc36600fc7aaf27b806ec3e232
    Block Time: "Tue, 25 Mar 2025 07:54:06 +0000"

eth_getTransactionReceipt
eth_getTransactionReceipt
eth_getTransactionReceipt
eth_getTransactionReceipt
eth_getTransactionReceipt
eth_getTransactionReceipt
eth_getTransactionReceipt
eth_getTransactionReceipt
eth_getTransactionReceipt
eth_getTransactionReceipt
eth_getTransactionReceipt
eth_getTransactionReceipt
eth_getTransactionReceipt
eth_getTransactionReceipt
eth_getTransactionReceipt
eth_getTransactionReceipt
eth_getTransactionReceipt
eth_getTransactionReceipt
eth_call
eth_call
eth_call
eth_call
eth_call
eth_call
eth_call
eth_call
eth_call

    Block Number: 12
    Block Hash: 0x81268d7390f203a1e882196fdba3b1f6b3d228eeaef4bc6ec2f770368d2d5bad
    Block Time: "Tue, 25 Mar 2025 07:54:07 +0000"


    Block Number: 13
    Block Hash: 0x9d10d1606c910457e8b1fb650b65d9ac42440800ff04c415c0298c7f5765b8ea
    Block Time: "Tue, 25 Mar 2025 07:54:08 +0000"


    Block Number: 14
    Block Hash: 0x4a5be92598053e84762f7eded894d242913f78cba8c05720a5d77909a4d84d08
    Block Time: "Tue, 25 Mar 2025 07:54:09 +0000"


    Block Number: 15
    Block Hash: 0x52164dfa6db9a3fe0d91bed4a78c383ff668847a1e77faf8e4d9d472b7786719
    Block Time: "Tue, 25 Mar 2025 07:54:10 +0000"


    Block Number: 16
    Block Hash: 0x82d0d9380dc805a52cbb65d7cc9bae97cfb0638d9217e7458745b01005595aa5
    Block Time: "Tue, 25 Mar 2025 07:54:11 +0000"


    Block Number: 17
    Block Hash: 0x1228de2a578afbe1eef0abf5b5f04b4a1aade228c4782dd9b2cf51093ea4b883
    Block Time: "Tue, 25 Mar 2025 07:54:12 +0000"


    Block Number: 18
    Block Hash: 0xe61a36dc9815300fc9b8f20d65a9867eebb2c054242f195584e17ba46379e8e9
    Block Time: "Tue, 25 Mar 2025 07:54:13 +0000"


    Block Number: 19
    Block Hash: 0x1b719554edcad606f10c478b385280e32e619f2d0986febd99eb05121861fe64
    Block Time: "Tue, 25 Mar 2025 07:54:14 +0000"


    Block Number: 20
    Block Hash: 0x07bf07061bbb6806898a7ac8a65a8f0e47c43504c093012af94051def8989908
    Block Time: "Tue, 25 Mar 2025 07:54:15 +0000"


    Block Number: 21
    Block Hash: 0xcc29574880a1e5196fcc2b8e4ae715aa3f38b663f8f5266ba01423e329e2b283
    Block Time: "Tue, 25 Mar 2025 07:54:16 +0000"


    Block Number: 22
    Block Hash: 0x3789c563dad75ea955559755f830d519f01773ca883a2528d6d9ca38f60448a3
    Block Time: "Tue, 25 Mar 2025 07:54:17 +0000"


    Block Number: 23
    Block Hash: 0x2930b8e519ea49134d928b7f03f0d0462d2de38c8f80ade5ebfec0bc563e16d3
    Block Time: "Tue, 25 Mar 2025 07:54:18 +0000"


    Block Number: 24
    Block Hash: 0xaf68bf240e7a8032171ef20ca249bf991875146935210de4f0f1aa56e065e63f
    Block Time: "Tue, 25 Mar 2025 07:54:19 +0000"


    Block Number: 25
    Block Hash: 0xe6199e5d529cd0d5666acc533cd7975f02cc0ec2071aa5a1a5856aa554755e4c
    Block Time: "Tue, 25 Mar 2025 07:54:20 +0000"


    Block Number: 26
    Block Hash: 0xe58b9430542b872d171f1e79dbc10a22f9cd6f3a83d07a42728e3f60605c941a
    Block Time: "Tue, 25 Mar 2025 07:54:21 +0000"


    Block Number: 27
    Block Hash: 0xaf95d16ccecfada3067c7408387444f9e06fc0e39a30727ec8b8398015635d5d
    Block Time: "Tue, 25 Mar 2025 07:54:22 +0000"


    Block Number: 28
    Block Hash: 0x8d1ffd8aebe54a04cbab8ef0208e2fb90388b0600792e0df9ceb8f92b7b4d549
    Block Time: "Tue, 25 Mar 2025 07:54:23 +0000"


    Block Number: 29
    Block Hash: 0xc88d671ce5e831dbd910869765056262e26e7de6a077d314cae2132f6e5fac55
    Block Time: "Tue, 25 Mar 2025 07:54:24 +0000"


    Block Number: 30
    Block Hash: 0x77f1bcdcd984ce31b0b24f3eaf803354e0b85977cf7dffc0f0426b9955b63b31
    Block Time: "Tue, 25 Mar 2025 07:54:25 +0000"


    Block Number: 31
    Block Hash: 0xe95d78eb2982a88df820c1c1167745a8aed06a8f845c57fa6e2ac5a19edd641e
    Block Time: "Tue, 25 Mar 2025 07:54:26 +0000"


    Block Number: 32
    Block Hash: 0xcab324b50d7e27d0b1907445e6c40f02b456f810a246847288744207f0fe6279
    Block Time: "Tue, 25 Mar 2025 07:54:27 +0000"


    Block Number: 33
    Block Hash: 0x3596d31af73b055690744e74792ebaae61bb0313d2d7cb0600f382a857e10132
    Block Time: "Tue, 25 Mar 2025 07:54:28 +0000"


    Block Number: 34
    Block Hash: 0xf0ab0cda4ab6017811e6ce967cbad97f758da4ddb710c11667693aa43cf21d1c
    Block Time: "Tue, 25 Mar 2025 07:54:29 +0000"


    Block Number: 35
    Block Hash: 0x2becf07216fcbee37763a8bdcf6b081e1bd62d42ac17ea0037703333ccf65595
    Block Time: "Tue, 25 Mar 2025 07:54:30 +0000"


    Block Number: 36
    Block Hash: 0xccaaad9583afad58ca087cb9105201e80c60932a554d971246aff6b161e170f8
    Block Time: "Tue, 25 Mar 2025 07:54:31 +0000"


    Block Number: 37
    Block Hash: 0xcbac12d4e9cc62fe95a8a42ea03c2b1fe5175132820972a937562b68bd29d83b
    Block Time: "Tue, 25 Mar 2025 07:54:32 +0000"


    Block Number: 38
    Block Hash: 0x5026fbc7ffe88100d5ad16feae9e390605bb080919661d7b300c7b3537937acc
    Block Time: "Tue, 25 Mar 2025 07:54:33 +0000"


    Block Number: 39
    Block Hash: 0x0c8b83126d51f99652ed699519dcf9d827ff2eba8dc3ec2b700fc3597335de58
    Block Time: "Tue, 25 Mar 2025 07:54:34 +0000"


    Block Number: 40
    Block Hash: 0xb0f1896eac9ce75ab4c7feab04673b7cad7cd00846d76a6f7ec67498a36c6699
    Block Time: "Tue, 25 Mar 2025 07:54:35 +0000"


    Block Number: 41
    Block Hash: 0x69d6a012e4109af8c4b228fe97b018484334bb4ecba379d164716e263276bb32
    Block Time: "Tue, 25 Mar 2025 07:54:36 +0000"


    Block Number: 42
    Block Hash: 0x694dcd1406e5e86f88b3972770f20c89db72af1b20038b9225969d8f6b3a9fe6
    Block Time: "Tue, 25 Mar 2025 07:54:37 +0000"


    Block Number: 43
    Block Hash: 0xcfdbfa239ba3887958ea1d1eac6ee715e647e7e3666811d41ec4e8aa6a879e93
    Block Time: "Tue, 25 Mar 2025 07:54:38 +0000"


    Block Number: 44
    Block Hash: 0x6c53e1174a95fc0df974a061b91f59ef331882f2619e684bb7959ba018e510e8
    Block Time: "Tue, 25 Mar 2025 07:54:39 +0000"


    Block Number: 45
    Block Hash: 0xb32e044f8a8dd9c68547bb8533e1be214578a7ea70b36115e2a21b94c793de77
    Block Time: "Tue, 25 Mar 2025 07:54:40 +0000"


    Block Number: 46
    Block Hash: 0x22bf063979ef14ae6394262f4087f376cde17f17245593eaadcaa660568d7fa1
    Block Time: "Tue, 25 Mar 2025 07:54:41 +0000"


    Block Number: 47
    Block Hash: 0xf70847bf2f46ca5f459a519da7bc401c021473336ddb04dabf1f3a6ed6b1f59c
    Block Time: "Tue, 25 Mar 2025 07:54:42 +0000"


    Block Number: 48
    Block Hash: 0x4e7aa81307407b919a70b7fd82468ec552a999e06ecf57277a9817c6beb4bf2d
    Block Time: "Tue, 25 Mar 2025 07:54:43 +0000"


    Block Number: 49
    Block Hash: 0xeb5b1acf7af735f07126e041d5e4af8a4ddfbe891961497b0149f09bec4f000f
    Block Time: "Tue, 25 Mar 2025 07:54:44 +0000"


    Block Number: 50
    Block Hash: 0xc92735321466e5506c38de11bc3963cd00163cbededa85e53c65fb4ef87d7b93
    Block Time: "Tue, 25 Mar 2025 07:54:45 +0000"


    Block Number: 51
    Block Hash: 0xd00eb0722db8c1b12847f572225b31948bfac62afde032a842c80f3694a43660
    Block Time: "Tue, 25 Mar 2025 07:54:46 +0000"


    Block Number: 52
    Block Hash: 0x53f3b0dbf1413db07717ca33705c8750b05fdd69024b1833ecf64301d322fb60
    Block Time: "Tue, 25 Mar 2025 07:54:47 +0000"


    Block Number: 53
    Block Hash: 0x68c9e8171a2e5e721efb51fcd7256dd0361d13eefb94d016692d418aeb1365aa
    Block Time: "Tue, 25 Mar 2025 07:54:48 +0000"


    Block Number: 54
    Block Hash: 0xc92b50683c1f744fd17a66353738bbd6403acb684f1d70f32612e9894db9fbc3
    Block Time: "Tue, 25 Mar 2025 07:54:49 +0000"


    Block Number: 55
    Block Hash: 0xec017a83ae4f08e45b1ee352ef4da6600b88a62454ea32280f71bc291561f365
    Block Time: "Tue, 25 Mar 2025 07:54:50 +0000"


    Block Number: 56
    Block Hash: 0x4d72cb07c7e1fe1c967b258f20140fe9ed645e49a24a6620692fbf3e20c6e675
    Block Time: "Tue, 25 Mar 2025 07:54:51 +0000"


    Block Number: 57
    Block Hash: 0x20a71615e7a219f2461e5b78c0fbc3cdfa9aa3d1965c008457bbfd2bb639d690
    Block Time: "Tue, 25 Mar 2025 07:54:52 +0000"


    Block Number: 58
    Block Hash: 0x57d3fa96dbc4bf5fbc9ebf63f5f2caee71ea5e37c963d02f306a0d96a20618e8
    Block Time: "Tue, 25 Mar 2025 07:54:53 +0000"


    Block Number: 59
    Block Hash: 0xbc8bfc91fd3f493b9eccfcdbcbcaecaebbb1e167020b36668dd611eb76f05f65
    Block Time: "Tue, 25 Mar 2025 07:54:54 +0000"

test e2e_tests::basic::test_bridge_usdt_to_sui has been running for over 60 seconds

    Block Number: 60
    Block Hash: 0x8866555f21fc5f431e77bd317ca25decedd326e7631453162b742f2b95dc61bb
    Block Time: "Tue, 25 Mar 2025 07:54:55 +0000"


    Block Number: 61
    Block Hash: 0x9d21c6ef0198de14b5d102722af6de0735095eef6c86645545f7d9666c7e7ef4
    Block Time: "Tue, 25 Mar 2025 07:54:56 +0000"


    Block Number: 62
    Block Hash: 0x719923ac3445b67bbe7b674f5db66ecf82e2ed2de5dda9b51ce0545f8f20039f
    Block Time: "Tue, 25 Mar 2025 07:54:57 +0000"


    Block Number: 63
    Block Hash: 0xc1ce8ad9b06e7845489045c80ded87492efd83810593b4c08ebc0095ed7d230d
    Block Time: "Tue, 25 Mar 2025 07:54:58 +0000"


    Block Number: 64
    Block Hash: 0x0724ff10d30c0637424d2411ce7c1ad14b82109d1bb9c8eb83bff72736328b18
    Block Time: "Tue, 25 Mar 2025 07:54:59 +0000"


    Block Number: 65
    Block Hash: 0x872e6caf241d6f61c30c93df26b6db38d19bb15cbb4e8f83cb477afb07492d54
    Block Time: "Tue, 25 Mar 2025 07:55:00 +0000"


    Block Number: 66
    Block Hash: 0xcc9e7c72560df38f3dee45068bdcd09b5c69209ab553512a4c05bfb42f76ee0f
    Block Time: "Tue, 25 Mar 2025 07:55:01 +0000"


    Block Number: 67
    Block Hash: 0x0e02e8d03d722263f476b8cf806e72d02c42f13c68d706d8c77510aba5f6ef18
    Block Time: "Tue, 25 Mar 2025 07:55:02 +0000"


    Block Number: 68
    Block Hash: 0x2765cfeb1231f2230ab963f3f952243cc259a188787322f87b3886ba8a81e99e
    Block Time: "Tue, 25 Mar 2025 07:55:03 +0000"


    Block Number: 69
    Block Hash: 0xd27cdda5144aee02b33936dca907f273da9e22686f0e8e9976e7c397a7f6d9e2
    Block Time: "Tue, 25 Mar 2025 07:55:04 +0000"


    Block Number: 70
    Block Hash: 0x4e11a55927ccc47c766d906e116086a8cbbd4161cb543592e5c4ee0260452942
    Block Time: "Tue, 25 Mar 2025 07:55:05 +0000"


    Block Number: 71
    Block Hash: 0x01bb4a982160b136eb11889bacaca6d1c13108191074de9348d29dcf33a02818
    Block Time: "Tue, 25 Mar 2025 07:55:06 +0000"


    Block Number: 72
    Block Hash: 0x717b3869fdf0a50f0a481df9701aaa75b21a06fa17f3cf56e238579becc103bb
    Block Time: "Tue, 25 Mar 2025 07:55:07 +0000"


    Block Number: 73
    Block Hash: 0x3f431286b1eacfb608452f0e537221795e4d0201256d79ede71a4aafa9cc2522
    Block Time: "Tue, 25 Mar 2025 07:55:08 +0000"


    Block Number: 74
    Block Hash: 0xe7dcd50c46bbb5fc597bb597ada85490630c3dadb15efb03ab2348f014b8d6eb
    Block Time: "Tue, 25 Mar 2025 07:55:09 +0000"


    Block Number: 75
    Block Hash: 0x4178666fffd46e64133e27ba130eeddc04227d5f50023faea97114fed24e579b
    Block Time: "Tue, 25 Mar 2025 07:55:10 +0000"


    Block Number: 76
    Block Hash: 0xfeda843e9371d37323c8346ee559bc495bc2ae32b1fae570481bbc65fdd8da47
    Block Time: "Tue, 25 Mar 2025 07:55:11 +0000"


    Block Number: 77
    Block Hash: 0x49c4a8cb23078e543dc4ab7d07a9c6817649111153dbcb3eb154bb5b79703a10
    Block Time: "Tue, 25 Mar 2025 07:55:12 +0000"


    Block Number: 78
    Block Hash: 0xdc841ae98ea6281a3622366a55e54e9a39b9b8668163d28ab8cbb5a627eb1d47
    Block Time: "Tue, 25 Mar 2025 07:55:13 +0000"


    Block Number: 79
    Block Hash: 0xbe3193537d2822de8ab47c8250e709636bef1b43d9af277a93ff278f502a6f5b
    Block Time: "Tue, 25 Mar 2025 07:55:14 +0000"


    Block Number: 80
    Block Hash: 0xec9c97640f56a7348bfc7b84079df5c3253e6becca9fd38627de82b51994d8c8
    Block Time: "Tue, 25 Mar 2025 07:55:15 +0000"


    Block Number: 81
    Block Hash: 0x1fc0a2efbe47ff1bf7bc792661b1cb353097b0acfff262abeb591005df62da31
    Block Time: "Tue, 25 Mar 2025 07:55:16 +0000"

eth_chainId
eth_call
eth_call
eth_call
eth_call
eth_call
eth_call
eth_call
eth_chainId
eth_blockNumber

    Block Number: 82
    Block Hash: 0xe2fb8f4f5ebeaa77339ab2f12fcf470fef8933084888f0d0e427f9c4702e8f70
    Block Time: "Tue, 25 Mar 2025 07:55:17 +0000"


    Block Number: 83
    Block Hash: 0x460ca31a9d28f0b7a1ebafaa76def82cbb4c24df893d682f25f2921d67c91f42
    Block Time: "Tue, 25 Mar 2025 07:55:18 +0000"


    Block Number: 84
    Block Hash: 0xb3e97d902df2b2ca45bca7f5c4961b13e03ad6d3a0184fe6d92f12cbe885cbdc
    Block Time: "Tue, 25 Mar 2025 07:55:19 +0000"


    Block Number: 85
    Block Hash: 0x3515535417ae37806014d83b918891429f2ca1fed05b236d9aeaaed081a1afc5
    Block Time: "Tue, 25 Mar 2025 07:55:20 +0000"


    Block Number: 86
    Block Hash: 0xa5b8c2879180ffa746e4903fd679b12fbe3a1e31f66e92b0634d56e49b1975af
    Block Time: "Tue, 25 Mar 2025 07:55:21 +0000"


    Block Number: 87
    Block Hash: 0x99a1c78f6899abe41708cb012c2da75263a442cfd733a4b808537e3329b1599f
    Block Time: "Tue, 25 Mar 2025 07:55:22 +0000"


    Block Number: 88
    Block Hash: 0x4809bd52c6decadc487c0f32d32e95e83da2c242858d4d7737808f357b470839
    Block Time: "Tue, 25 Mar 2025 07:55:23 +0000"


    Block Number: 89
    Block Hash: 0x7a11c113c2c1e6cd87d6cbec7356f04c5e10c3111b9312fad2670fa446e09043
    Block Time: "Tue, 25 Mar 2025 07:55:24 +0000"


    Block Number: 90
    Block Hash: 0xbb71cc6218a943b1bf149996631f95809f23186e5b0dc0ca6057736635b1eb29
    Block Time: "Tue, 25 Mar 2025 07:55:25 +0000"


    Block Number: 91
    Block Hash: 0x1c6536d34d6cdde49c03038c965596effb2841aeece107e88e993b283547f20d
    Block Time: "Tue, 25 Mar 2025 07:55:26 +0000"


    Block Number: 92
    Block Hash: 0xaa55f7977b4ca69f927e207b3710e6e6dc3ab325be0b2499e1f464ae4a30a99e
    Block Time: "Tue, 25 Mar 2025 07:55:27 +0000"


    Block Number: 93
    Block Hash: 0x0b9e703693cfe523fc5d0f9116cb38c81268e6a96e70d26a3245daf1f7e89282
    Block Time: "Tue, 25 Mar 2025 07:55:28 +0000"


    Block Number: 94
    Block Hash: 0xdc336e09a9342418abee8023d252debf59aab7489b79709a08ad3a9c76663dd4
    Block Time: "Tue, 25 Mar 2025 07:55:29 +0000"


    Block Number: 95
    Block Hash: 0x8ddf3e2cb4fb219f002ad5f86373d901ff63a361027b0dfdcb6143f81f6e7620
    Block Time: "Tue, 25 Mar 2025 07:55:30 +0000"


    Block Number: 96
    Block Hash: 0x7f528e852c60d2e01c76ea655c1de5107b0fd805dc83962abbb796e1edb4a331
    Block Time: "Tue, 25 Mar 2025 07:55:31 +0000"


    Block Number: 97
    Block Hash: 0x281504d6c9437cf5ed50bc43583cd6fa2250a67179635b4b261f3f509e613427
    Block Time: "Tue, 25 Mar 2025 07:55:32 +0000"


    Block Number: 98
    Block Hash: 0xadb78ab86e3319e1b070a895301cf64bad10e05267557b2fa4ae1b95846e30c3
    Block Time: "Tue, 25 Mar 2025 07:55:33 +0000"

eth_chainId
eth_call
eth_call
eth_call
eth_call
eth_call
eth_call
eth_call
eth_chainId
eth_blockNumber
eth_chainId
eth_call
eth_call
eth_call
eth_call
eth_call
eth_call
eth_call
eth_call
eth_call
eth_call
eth_call
eth_call
eth_call
eth_call
eth_getBlockByNumber
eth_getBlockByNumber
eth_getLogs
eth_getLogs
eth_getLogs
eth_getLogs
eth_getLogs
eth_getTransactionReceipt
eth_getTransactionReceipt
eth_getTransactionReceipt
eth_getTransactionReceipt
eth_getTransactionReceipt
eth_getTransactionReceipt
eth_getTransactionReceipt
eth_getTransactionReceipt
eth_getTransactionReceipt
eth_getTransactionReceipt
eth_getTransactionReceipt
eth_getTransactionReceipt

    Block Number: 99
    Block Hash: 0xb68cfff86c7e458bb42d9e532c019c7811690dc2861514e152f090451620357c
    Block Time: "Tue, 25 Mar 2025 07:55:34 +0000"

eth_chainId
eth_call
eth_call
eth_call
eth_call
eth_call
eth_call
eth_call
eth_chainId
eth_blockNumber
eth_chainId
eth_call
eth_call
eth_call
eth_call
eth_call
eth_call
eth_call
eth_call
eth_call
eth_call
eth_call
eth_call
eth_call
eth_call
eth_chainId
eth_call
eth_call
eth_call
eth_call
eth_call
eth_call
eth_call
eth_chainId
eth_blockNumber
eth_chainId
eth_call
eth_call
eth_call
eth_call
eth_call
eth_call
eth_call
eth_call
eth_call
eth_call
eth_call
eth_call
eth_call
eth_call
eth_chainId
eth_call
eth_getTransactionCount
eth_getBlockByNumber
eth_feeHistory
eth_estimateGas
eth_sendRawTransaction

    Transaction: 0x1d717cdffcda8a7d4fbb42acd43e7b87a061960cccd8894c283e1ed05ec99ece
    Gas used: 68496

    Block Number: 100
    Block Hash: 0x000097f09cec5a822e7b22320e3ac4502123d0eef7e3a5039e87aa65b62df5ca
    Block Time: "Tue, 25 Mar 2025 07:55:35 +0000"


    Block Number: 101
    Block Hash: 0x74f2f639f933dc859dc01b3e358becf3a967066ee1844233452dbab8bc22e1d2
    Block Time: "Tue, 25 Mar 2025 07:55:36 +0000"

eth_getTransactionByHash
eth_getTransactionReceipt
eth_getTransactionCount
eth_getBlockByNumber
eth_feeHistory
eth_estimateGas
eth_sendRawTransaction

    Transaction: 0x90800d91a157224fec9ac1eb38d2e147068da2a7dac54d4a19d92543313b751e
    Gas used: 46335

    Block Number: 102
    Block Hash: 0xbf951659cb00fbc0b6fe28a34ba7c84ad3b203e3089208668af7989812f39c08
    Block Time: "Tue, 25 Mar 2025 07:55:37 +0000"


    Block Number: 103
    Block Hash: 0xf725486b27b2dc16adc5a7d94d7b8fa67b80f3ed547ada9b5ad630086931afc9
    Block Time: "Tue, 25 Mar 2025 07:55:38 +0000"

eth_getTransactionByHash
eth_getTransactionReceipt
eth_getTransactionCount
eth_getBlockByNumber
eth_feeHistory
eth_estimateGas
eth_sendRawTransaction
eth_getBlockByNumber
eth_getLogs
eth_getLogs
eth_getLogs
eth_getLogs
eth_getLogs

    Transaction: 0x37a0a59eb0b20d729929cfdbb17194206988229fa0e8feace4220de670f89bf2
    Gas used: 129443

    Block Number: 104
    Block Hash: 0x916f9c4b0e868e2e31af5545106c1d4afc1bd2c0c99d6d017e19f1fcb0fbe6a9
    Block Time: "Tue, 25 Mar 2025 07:55:39 +0000"


    Block Number: 105
    Block Hash: 0x89cc12e96969f958a2486a3cc935c22924bdf0f083f8235cc1201bb3e1787424
    Block Time: "Tue, 25 Mar 2025 07:55:40 +0000"

eth_getTransactionByHash
eth_getTransactionReceipt

    Block Number: 106
    Block Hash: 0x2d4f765147e0d2b267974f839dd03d6cb4dbb2449f91a9eb5a251b43f3579cde
    Block Time: "Tue, 25 Mar 2025 07:55:41 +0000"


    Block Number: 107
    Block Hash: 0xd9e9140e64226ef76bd837caf9b070a13578a4d31c40c0d072200bfef8016024
    Block Time: "Tue, 25 Mar 2025 07:55:42 +0000"


    Block Number: 108
    Block Hash: 0xced081a1f3d31298b352db2f29b9cf326ec93de1e1a66f1e0758664356516063
    Block Time: "Tue, 25 Mar 2025 07:55:43 +0000"

eth_call
eth_call
eth_call
eth_getBlockByNumber
eth_getLogs
eth_getLogs
eth_getLogs
eth_getLogs
eth_getLogs
eth_getTransactionReceipt

    Block Number: 109
    Block Hash: 0x0f253ad4c4675e7789c4256def2259a6b2b422596dbdc9d31cb23ddca6b5d1ef
    Block Time: "Tue, 25 Mar 2025 07:55:44 +0000"

eth_call
eth_call
eth_call
eth_call
eth_call
eth_call

    Block Number: 110
    Block Hash: 0x23d15343e727531ac281ae9596b0ff796b71a55204176c528b51a244d9a1e230
    Block Time: "Tue, 25 Mar 2025 07:55:45 +0000"


    Block Number: 111
    Block Hash: 0xc8ffe1561b1c924fb84cfba1dcbfc90d9f5531bb78bc9d9d496979fcedd251b4
    Block Time: "Tue, 25 Mar 2025 07:55:46 +0000"


    Block Number: 112
    Block Hash: 0x7618d337f42835d0caf37306dda1431bb3747e09c5a7fc4b8e3980206409eea0
    Block Time: "Tue, 25 Mar 2025 07:55:47 +0000"


    Block Number: 113
    Block Hash: 0x4b66aaa79d40c99a41ef1c2394e07c461b664d4ed444ee4a37f421f4ba1b809c
    Block Time: "Tue, 25 Mar 2025 07:55:48 +0000"

eth_getBlockByNumber
eth_getLogs
eth_getLogs
eth_getLogs
eth_getLogs
eth_getLogs

    Block Number: 114
    Block Hash: 0x5e23614b449f3999a74cae7411cbb7d0cf235b877b1a28ebbf31c4bb349e36b3
    Block Time: "Tue, 25 Mar 2025 07:55:49 +0000"


    Block Number: 115
    Block Hash: 0xcd520c2bbc0ab6729ee2420757eb4323bf55450b738d38a606aee77efa2347b1
    Block Time: "Tue, 25 Mar 2025 07:55:50 +0000"


    Block Number: 116
    Block Hash: 0x7130a8368c786b9fe97a539e1606596a57a8a53e2e1b0718bae69cd1b808d953
    Block Time: "Tue, 25 Mar 2025 07:55:51 +0000"

eth_getTransactionReceipt
eth_getTransactionReceipt
eth_getTransactionReceipt
eth_getBlockByNumber
eth_getBlockByNumber
eth_getBlockByNumber

    Block Number: 117
    Block Hash: 0xe93de7f3bc6ff49c31e44ff3e03e34dc19e10e8caba5a75a15b074cf65eabdd3
    Block Time: "Tue, 25 Mar 2025 07:55:52 +0000"


    Block Number: 118
    Block Hash: 0xb6062d5a9165f11bbf95106d3ea4b569c704ee6f96333f4fcf2b477879d5ed7f
    Block Time: "Tue, 25 Mar 2025 07:55:53 +0000"

eth_call
eth_call
eth_call
eth_getBlockByNumber
eth_getLogs
eth_getLogs
eth_getLogs
eth_getLogs
eth_getLogs

    Block Number: 119
    Block Hash: 0x387fdfbc88eab9f51ff45def799b44d1512b480d0098aacde1351fc2f71ac13c
    Block Time: "Tue, 25 Mar 2025 07:55:54 +0000"

eth_call
eth_call
eth_call
eth_call
eth_call
eth_call

    Block Number: 120
    Block Hash: 0xbec137ad21d899b855409b468d672b1734e1617bdbfd2b83b2fa23176164340f
    Block Time: "Tue, 25 Mar 2025 07:55:55 +0000"


    Block Number: 121
    Block Hash: 0x9b38a210c6e3b562e4adff9479f1ea650c0f45fcc2dc4469b329ace0d8de43e3
    Block Time: "Tue, 25 Mar 2025 07:55:56 +0000"


    Block Number: 122
    Block Hash: 0xb807cc2749a085610b2ffed08fb362ecd8533aedc57f2ed555180eb6f7002def
    Block Time: "Tue, 25 Mar 2025 07:55:57 +0000"


    Block Number: 123
    Block Hash: 0xdf0da21fed00773447d94b8400b61957f4e71cf0b262cfc2255747f5fd972aae
    Block Time: "Tue, 25 Mar 2025 07:55:58 +0000"

eth_getBlockByNumber
eth_getLogs
eth_getLogs
eth_getLogs
eth_getLogs
eth_getLogs

    Block Number: 124
    Block Hash: 0x3b2a95e79c0f70aafdc7182c61cc8cf88ebef68de177e14857fdecdd038a5bcd
    Block Time: "Tue, 25 Mar 2025 07:55:59 +0000"


    Block Number: 125
    Block Hash: 0x5fcb99d561974c0540dbf7940b8fea47aa5abb1f42382c9d2446ac26c411ff52
    Block Time: "Tue, 25 Mar 2025 07:56:00 +0000"


    Block Number: 126
    Block Hash: 0xbb57cb8f7f3765c5f3719f914f5922aff40cff222523130a6a27257eee5c2b7c
    Block Time: "Tue, 25 Mar 2025 07:56:01 +0000"


    Block Number: 127
    Block Hash: 0x6825dd40ae05395dc605a142ecac3be389baa5f329bf78ce42ae930390ae90e7
    Block Time: "Tue, 25 Mar 2025 07:56:02 +0000"


    Block Number: 128
    Block Hash: 0xc4392b868dc04bfe824888fbd0fc5569232a306f8a919b78ba2eb2205140a6a6
    Block Time: "Tue, 25 Mar 2025 07:56:03 +0000"

eth_call
eth_call
eth_call
eth_getBlockByNumber
eth_getLogs
eth_getLogs
eth_getLogs
eth_getLogs
eth_getLogs

    Block Number: 129
    Block Hash: 0x16207afc2ed1cd7dae9c37c2ba24788c2f220c87748a68e6204803d1862cb57a
    Block Time: "Tue, 25 Mar 2025 07:56:04 +0000"

eth_call
eth_call
eth_call
eth_call
eth_call
eth_call

    Block Number: 130
    Block Hash: 0xe1b5db13e2ab48bc1513fad4e5a74e3d33cf0436c890a4b81ef68d55ce69dffd
    Block Time: "Tue, 25 Mar 2025 07:56:05 +0000"


    Block Number: 131
    Block Hash: 0x95a3ae4d4fd95f719ad69bc4130bafed1ae9e532c9f4b1871833ed7bdfaed6fe
    Block Time: "Tue, 25 Mar 2025 07:56:06 +0000"


    Block Number: 132
    Block Hash: 0x21c3614ba5da51c52f096f83bf8ef1ba3a3615ad16bb0ebed99c700247a0fc24
    Block Time: "Tue, 25 Mar 2025 07:56:07 +0000"


    Block Number: 133
    Block Hash: 0x6597dadb6eeabbf7042d3d2318d21b6db23c8f61b4d338603c899f80a35b01bd
    Block Time: "Tue, 25 Mar 2025 07:56:08 +0000"

eth_getBlockByNumber
eth_getLogs
eth_getLogs
eth_getLogs
eth_getLogs
eth_getLogs

    Block Number: 134
    Block Hash: 0xc00e91ca456786d05b15c41399887d863c9f199397bc4b69bc1f2e68e33a8eb7
    Block Time: "Tue, 25 Mar 2025 07:56:09 +0000"


    Block Number: 135
    Block Hash: 0xd8cbd7dc23ce0ba3d75a747469ede5684c89cb27d2881b44b94b10389d9be239
    Block Time: "Tue, 25 Mar 2025 07:56:10 +0000"


    Block Number: 136
    Block Hash: 0xae061efc356dabc38a802738f37eb1f7fb5e0f04c7ccfecfe50e54546789af80
    Block Time: "Tue, 25 Mar 2025 07:56:11 +0000"


    Block Number: 137
    Block Hash: 0x2c22242564ecc77ae3a3de7b5c433c2322fa196f42678d8a953108f565ce8b2e
    Block Time: "Tue, 25 Mar 2025 07:56:12 +0000"


    Block Number: 138
    Block Hash: 0x8c453536547f66f5b7d292e1aaf0aea5108e6340cfe895a6f50fe411d771b978
    Block Time: "Tue, 25 Mar 2025 07:56:13 +0000"

eth_call
eth_call
eth_call
eth_getBlockByNumber
eth_getLogs
eth_getLogs
eth_getLogs
eth_getLogs
eth_getLogs

    Block Number: 139
    Block Hash: 0xb948a8f116cfcde259ba57919c75abc9e4f63ac27e2cde5d82fd61afecb2ce6e
    Block Time: "Tue, 25 Mar 2025 07:56:14 +0000"

eth_call
eth_call
eth_call
eth_call
eth_call
eth_call

    Block Number: 140
    Block Hash: 0xa02154854efac9220fe1044e69d5f5796e1084eff009934467b54fe0bb030960
    Block Time: "Tue, 25 Mar 2025 07:56:15 +0000"


    Block Number: 141
    Block Hash: 0x5fdd591aa18e3b31a1587a48737d69acd312c256f164da0780a2e7f8c5ef14da
    Block Time: "Tue, 25 Mar 2025 07:56:16 +0000"


    Block Number: 142
    Block Hash: 0xaaa659b85dbb9f19faf8a8fb0d75b43a7021fd478137f5a1aa64c8f54c286e16
    Block Time: "Tue, 25 Mar 2025 07:56:17 +0000"


    Block Number: 143
    Block Hash: 0x391bb9ebf83e93d1cb5b06842dc2753972a3df2c274961eeb2ee021e9a12e1d0
    Block Time: "Tue, 25 Mar 2025 07:56:18 +0000"

eth_getBlockByNumber
eth_getLogs
eth_getLogs
eth_getLogs
eth_getLogs
eth_getLogs

    Block Number: 144
    Block Hash: 0x0da16a070c31eaa825810169ff7ffaf465a128f893f4439863a65ac7f3ebca50
    Block Time: "Tue, 25 Mar 2025 07:56:19 +0000"


    Block Number: 145
    Block Hash: 0x61e353bb871cf7f78eef728ec300dbbd645c969d4072e947f65230d00b3f4a1d
    Block Time: "Tue, 25 Mar 2025 07:56:20 +0000"


    Block Number: 146
    Block Hash: 0xa030536dd48fc6862d1c42e1054d6207645aa2c01d68d9d3391e8ee068d28f1b
    Block Time: "Tue, 25 Mar 2025 07:56:21 +0000"


    Block Number: 147
    Block Hash: 0xc58d75f63caebe0255aec654f96b36cb63fca09d49f8f698a0a3f84807b399b2
    Block Time: "Tue, 25 Mar 2025 07:56:22 +0000"


    Block Number: 148
    Block Hash: 0xde2ea41aae7941ba259d92b2cc8b4f13d45e5c43fecf0e14afa9bf877d9607e4
    Block Time: "Tue, 25 Mar 2025 07:56:23 +0000"

eth_call
eth_call
eth_call
eth_getBlockByNumber
eth_getLogs
eth_getLogs
eth_getLogs
eth_getLogs
eth_getLogs

    Block Number: 149
    Block Hash: 0x3464db031b0b099a7fc7838b3118e7352fd5d48a88fdefe7042659b136d31f1c
    Block Time: "Tue, 25 Mar 2025 07:56:24 +0000"

eth_call
eth_call
eth_call
eth_call
eth_call
eth_call

    Block Number: 150
    Block Hash: 0x96e74e6feea06d37535bdf865c007c88d0e1b66c97c0af34ebbaf8fb8ee186f9
    Block Time: "Tue, 25 Mar 2025 07:56:25 +0000"


    Block Number: 151
    Block Hash: 0xce7e0afe06e158ad2c348748116517a22314542ad474189dde0b525fa63926e4
    Block Time: "Tue, 25 Mar 2025 07:56:26 +0000"


    Block Number: 152
    Block Hash: 0x5904f0f205947a58ed7da05cfe046a77a4f4ac3c8303e5bfdfcde77a7ed7d2c6
    Block Time: "Tue, 25 Mar 2025 07:56:27 +0000"


    Block Number: 153
    Block Hash: 0x13d09044645451d04ae164f7101ea275216ca8c7bd1d1d38b6fab8183cf91874
    Block Time: "Tue, 25 Mar 2025 07:56:28 +0000"

eth_getBlockByNumber
eth_getLogs
eth_getLogs
eth_getLogs
eth_getLogs
eth_getLogs

    Block Number: 154
    Block Hash: 0x135cf5bbd81defbd70a560988e3a39a2346536f1b2f058d23c0de7f4a9e2b736
    Block Time: "Tue, 25 Mar 2025 07:56:29 +0000"


    Block Number: 155
    Block Hash: 0xfde1a22b52284aef711d08fcf41763c2299d806edc0e367361e9f159c4a0daa5
    Block Time: "Tue, 25 Mar 2025 07:56:30 +0000"


    Block Number: 156
    Block Hash: 0x3ac576c2dba931cbf3c3b97374f27b75702b9ea77d106200f48b7709ee81e1c2
    Block Time: "Tue, 25 Mar 2025 07:56:31 +0000"


    Block Number: 157
    Block Hash: 0x531778d12caaf33e93f5cd7e7d67931180de4edbeffcc6b9f0b1d02dc0621ebb
    Block Time: "Tue, 25 Mar 2025 07:56:32 +0000"


    Block Number: 158
    Block Hash: 0x68c0d4c7cb86764bdbc57d3b7565b08345d1c66724efc26362aa27b30dd5f429
    Block Time: "Tue, 25 Mar 2025 07:56:33 +0000"

eth_call
eth_call
eth_call
eth_getBlockByNumber
eth_getLogs
eth_getLogs
eth_getLogs
eth_getLogs
eth_getLogs

    Block Number: 159
    Block Hash: 0x970bf31e607578ef2270a29e1dfe50bb64b8a32a8dd40476344368efa261d93a
    Block Time: "Tue, 25 Mar 2025 07:56:34 +0000"

eth_call
eth_call
eth_call
eth_call
eth_call
eth_call

    Block Number: 160
    Block Hash: 0xeb0051fc8f131334507de35fa546dc49ff0c4578a31ba3e94973166b0d4fb383
    Block Time: "Tue, 25 Mar 2025 07:56:35 +0000"


    Block Number: 161
    Block Hash: 0x60e64d2bfa92c3fb3ca1629bfced93d0baa8305b83330f7a99c28d753f73516e
    Block Time: "Tue, 25 Mar 2025 07:56:36 +0000"


    Block Number: 162
    Block Hash: 0x5d799e6c93dad7663022f64f2ba0f9395301ee3992106832a8fd132baf83c798
    Block Time: "Tue, 25 Mar 2025 07:56:37 +0000"


    Block Number: 163
    Block Hash: 0x1c2cc9f13e4a31711102302617b43a927855b8c8c1149f285f0d4e4cbac493bd
    Block Time: "Tue, 25 Mar 2025 07:56:38 +0000"

eth_getBlockByNumber
eth_getLogs
eth_getLogs
eth_getLogs
eth_getLogs
eth_getLogs

    Block Number: 164
    Block Hash: 0x83b0221c810af8c4b67c00dab88553087c1e77811a213b34c1390b92ae726282
    Block Time: "Tue, 25 Mar 2025 07:56:39 +0000"


    Block Number: 165
    Block Hash: 0x582548e9c6f6de2ee26aae95bde2d4319a4925cf54360e4c94d366e0cae5accd
    Block Time: "Tue, 25 Mar 2025 07:56:40 +0000"


    Block Number: 166
    Block Hash: 0x44b5baa00954e6b1f78667b4e41f05f0993ddf4fe76e8df5094bfc2abafd00a6
    Block Time: "Tue, 25 Mar 2025 07:56:41 +0000"


    Block Number: 167
    Block Hash: 0x2ae21c84c7feeb007de6a1c3cf1d171bca0f432875e2e2cd0d0c4b84e95279e6
    Block Time: "Tue, 25 Mar 2025 07:56:42 +0000"


    Block Number: 168
    Block Hash: 0x3d80664ac2f7f41d7b5522fb9f53e24225f3a680555d01d95cbd75075b14e9c6
    Block Time: "Tue, 25 Mar 2025 07:56:43 +0000"

eth_call
eth_call
eth_call
eth_getBlockByNumber
eth_getLogs
eth_getLogs
eth_getLogs
eth_getLogs
eth_getLogs

    Block Number: 169
    Block Hash: 0x45db6960c0358175b29a38a65de64fbf1180421b0d77c37f2565cc168819aa09
    Block Time: "Tue, 25 Mar 2025 07:56:44 +0000"

eth_call
eth_call
eth_call
eth_call
eth_call
eth_call

    Block Number: 170
    Block Hash: 0xa94a96d32a087224ce1c0bc307597fdda9fb291b035412c4106711bc5efc4e87
    Block Time: "Tue, 25 Mar 2025 07:56:45 +0000"


    Block Number: 171
    Block Hash: 0x59a756c38670b2c5e576d14270d3adc282cead6997008264ce96ad83b7364359
    Block Time: "Tue, 25 Mar 2025 07:56:46 +0000"


    Block Number: 172
    Block Hash: 0x255654aa69532f7de7259732e33d7a4dc095116e9e8e8091a0d7c91a144304bf
    Block Time: "Tue, 25 Mar 2025 07:56:47 +0000"


    Block Number: 173
    Block Hash: 0xeb67ca0db43ca0f425455b94f6402210436a462d279bc14d8ea90f2ee90a92a4
    Block Time: "Tue, 25 Mar 2025 07:56:48 +0000"

eth_getBlockByNumber
eth_getLogs
eth_getLogs
eth_getLogs
eth_getLogs
eth_getLogs

    Block Number: 174
    Block Hash: 0xb0736dc0d53a719859ef4d94ec63c282d750f7c2cc8550dc3d08f39448df4018
    Block Time: "Tue, 25 Mar 2025 07:56:49 +0000"


    Block Number: 175
    Block Hash: 0xbc30cc997a4b8b2dfa7d9414cd49a40aee2023ad630b69de0a3fabaf866d8df3
    Block Time: "Tue, 25 Mar 2025 07:56:50 +0000"


    Block Number: 176
    Block Hash: 0x7de2f8523eaa04641f3a6b865368bfb8bde827c99b4ffbde9e3834128ed95462
    Block Time: "Tue, 25 Mar 2025 07:56:51 +0000"


    Block Number: 177
    Block Hash: 0x218ffedf238de1349cb281430b3b3a0217dcddcfab8051d779710c6ca93357a6
    Block Time: "Tue, 25 Mar 2025 07:56:52 +0000"


    Block Number: 178
    Block Hash: 0x2d15dd880c4272c4b64b16cd77312986c60ee87d20e860aabe10c0e2f07be056
    Block Time: "Tue, 25 Mar 2025 07:56:53 +0000"

eth_call
eth_call
eth_call
eth_getBlockByNumber
eth_getLogs
eth_getLogs
eth_getLogs
eth_getLogs
eth_getLogs

    Block Number: 179
    Block Hash: 0xfb092fbff9a9430800c44dcac34ccf3624f149daffc7afd6e3f3f0542b74205a
    Block Time: "Tue, 25 Mar 2025 07:56:54 +0000"

eth_call
eth_call
eth_call
eth_call
eth_call
eth_call

    Block Number: 180
    Block Hash: 0x7e3273f6a961829ca2cff149499ce529526e24f9765f6094772ef36498396fca
    Block Time: "Tue, 25 Mar 2025 07:56:55 +0000"


    Block Number: 181
    Block Hash: 0xf52a3a66c0774610d5f693472fa8f94fb38eeff7b1f8474b0288b1f7e2335056
    Block Time: "Tue, 25 Mar 2025 07:56:56 +0000"


    Block Number: 182
    Block Hash: 0x10a1ec2f3ba4edf1557faff423c9c9a6e8a966c6f99e8c0f122f82ce8d059ee0
    Block Time: "Tue, 25 Mar 2025 07:56:57 +0000"


    Block Number: 183
    Block Hash: 0x7af5251e8a246f0b8c6980c841e9d2ad3431cb53f14f30d9c7472a1829261255
    Block Time: "Tue, 25 Mar 2025 07:56:58 +0000"

eth_getBlockByNumber
eth_getLogs
eth_getLogs
eth_getLogs
eth_getLogs
eth_getLogs

    Block Number: 184
    Block Hash: 0xadfb3e6b3e121b7ce77a18f468b6ed5564ef3dbd37b76b12d137ce7aa962e71b
    Block Time: "Tue, 25 Mar 2025 07:56:59 +0000"


    Block Number: 185
    Block Hash: 0x9aad38b293e5b81781a9eb0ebbd0ae08e0fb7ceb603bd05a59fdfd2db5d67df0
    Block Time: "Tue, 25 Mar 2025 07:57:00 +0000"


    Block Number: 186
    Block Hash: 0x41b2c9bf8a35a4d26b734320166b010014d83d839985ae86adb5d4b8f65052b4
    Block Time: "Tue, 25 Mar 2025 07:57:01 +0000"


    Block Number: 187
    Block Hash: 0x32c04ed7d9232536a422ff1e00731c2fe0149b140dc3783b734e4a4e91c2b18a
    Block Time: "Tue, 25 Mar 2025 07:57:02 +0000"


    Block Number: 188
    Block Hash: 0xbc38697c5cb69f21849d1f592ecf312fe5f5629b002d5a95624e151d249e3a8a
    Block Time: "Tue, 25 Mar 2025 07:57:03 +0000"

eth_call
eth_call
eth_call
eth_getBlockByNumber
eth_getLogs
eth_getLogs
eth_getLogs
eth_getLogs
eth_getLogs

    Block Number: 189
    Block Hash: 0xbae97f3850bca6b95c20c1d16853cd8bee6259153b84a3f739b9c2e877086780
    Block Time: "Tue, 25 Mar 2025 07:57:04 +0000"

eth_call
eth_call
eth_call
eth_call
eth_call
eth_call

    Block Number: 190
    Block Hash: 0xa617adcf7d9a9a14533d93a070f8279bfa9884f1d8c195dd6d98ab6fa233aaf6
    Block Time: "Tue, 25 Mar 2025 07:57:05 +0000"


    Block Number: 191
    Block Hash: 0xb168cb24b1c7c6065e9fbc878d93a65d6c49d487fa5fe444d148cb0d35868b7d
    Block Time: "Tue, 25 Mar 2025 07:57:06 +0000"


    Block Number: 192
    Block Hash: 0x9038c0220e8c51fcb8f714f0437a9586356c848426dccd6725cecd982236f192
    Block Time: "Tue, 25 Mar 2025 07:57:07 +0000"


    Block Number: 193
    Block Hash: 0xafef3f0048fcb83f24a777883dff4e93e70abf966e14edae7cb48d1d2294265e
    Block Time: "Tue, 25 Mar 2025 07:57:08 +0000"

eth_getBlockByNumber
eth_getLogs
eth_getLogs
eth_getLogs
eth_getLogs
eth_getLogs

    Block Number: 194
    Block Hash: 0x8e6970069bdedf363580cc4cc72f16c8c4c04d5e95a2bd73ee04d1df9bee7208
    Block Time: "Tue, 25 Mar 2025 07:57:09 +0000"


    Block Number: 195
    Block Hash: 0x8288c315bd4e6f62bb286795f61607ebf2e299b07476c5ef7713ca06e10670e8
    Block Time: "Tue, 25 Mar 2025 07:57:10 +0000"


    Block Number: 196
    Block Hash: 0x41bb518fe2fd371d07d4bd401fbf12172bf901bd36785d0aa58928de509ceb51
    Block Time: "Tue, 25 Mar 2025 07:57:11 +0000"


    Block Number: 197
    Block Hash: 0xbbdee39388af0e5ef92d00bcedc0a861938b5496b298e52642933f43f5a3bbc4
    Block Time: "Tue, 25 Mar 2025 07:57:12 +0000"


    Block Number: 198
    Block Hash: 0x5aa1e6ba93fa13a2531d8307692d6d64936ad20ac641fe5fdc3c8edc7f5b5961
    Block Time: "Tue, 25 Mar 2025 07:57:13 +0000"

eth_call
eth_call
eth_call
eth_getBlockByNumber
eth_getLogs
eth_getLogs
eth_getLogs
eth_getLogs
eth_getLogs

    Block Number: 199
    Block Hash: 0x802f07002dc20948bf5302d06b67a869bd4f4a4359cfd5467b1f46fb65a6374d
    Block Time: "Tue, 25 Mar 2025 07:57:14 +0000"

eth_call
eth_call
eth_call
eth_call
eth_call
eth_call

    Block Number: 200
    Block Hash: 0xf1033e93b902ffa4c1f5c1fdde07f20c560db9baa8c9ac7e35ffb59a0062c8d8
    Block Time: "Tue, 25 Mar 2025 07:57:15 +0000"


    Block Number: 201
    Block Hash: 0xabb3719de1bf71780400b6a74bfdc94adee9a64726f46c306e4ac5c084cd1880
    Block Time: "Tue, 25 Mar 2025 07:57:16 +0000"


    Block Number: 202
    Block Hash: 0x417ff4cd884bb06070dd7ca8e0c81dfaee4d076de46c9e9c236ac45f7cb9b34e
    Block Time: "Tue, 25 Mar 2025 07:57:17 +0000"

test e2e_tests::basic::test_bridge_usdt_to_sui ... FAILED

successes:

successes:

failures:

---- e2e_tests::basic::test_bridge_usdt_to_sui stdout ----
[2m2025-03-25T07:53:55.512678Z[0m [32m INFO[0m [2msui_swarm_config::genesis_config[0m[2m:[0m [2mcrates/sui-swarm-config/src/genesis_config.rs[0m[2m:[0m[2m234:[0m Creating accounts and token allocations...
[2m2025-03-25T07:53:56.234371Z[0m [32m INFO[0m [2msui_types::digests[0m[2m:[0m [2mcrates/sui-types/src/digests.rs[0m[2m:[0m[2m217:[0m start unknown chain.....
[2m2025-03-25T07:53:57.274397Z[0m [32m INFO[0m [2msui_types::digests[0m[2m:[0m [2mcrates/sui-types/src/digests.rs[0m[2m:[0m[2m217:[0m start unknown chain.....
[2m2025-03-25T07:53:57.334297Z[0m [32m INFO[0m [2msui_types::digests[0m[2m:[0m [2mcrates/sui-types/src/digests.rs[0m[2m:[0m[2m217:[0m start unknown chain.....
[2m2025-03-25T07:53:57.368858Z[0m [32m INFO[0m [2msui_swarm::memory::swarm[0m[2m:[0m [2mcrates/sui-swarm/src/memory/swarm.rs[0m[2m:[0m[2m387:[0m SwarmBuilder configuring validator with name k#99f25ef61f8032b914636460982c5cc6f134ef1ddae76657f2cbfec1ebfc8d097374080df6fcf0dcb8bc4b0d8e0af5d80ebbff2b4c599f54f42d6312dfc314276078c1cc347ebbbec5198be258513f386b930d02c2749a803e2330955ebd1a10
[2m2025-03-25T07:53:57.369670Z[0m [32m INFO[0m [2msui_swarm::memory::swarm[0m[2m:[0m [2mcrates/sui-swarm/src/memory/swarm.rs[0m[2m:[0m[2m387:[0m SwarmBuilder configuring validator with name k#8dcff6d155040a656f4819b13111b52c5746a86ba72f395fbafe2ec3847d1e8140e624a751fdf6b5f2050bc7205cf9d30004c90b0c740affd326ce673cc2b23a2d24d53e2afeb286dfc668fd4060089d6d2b17b799dd36f90d332e54a7a338d4
[2m2025-03-25T07:53:57.370049Z[0m [32m INFO[0m [2msui_swarm::memory::swarm[0m[2m:[0m [2mcrates/sui-swarm/src/memory/swarm.rs[0m[2m:[0m[2m387:[0m SwarmBuilder configuring validator with name k#addeef94d898c88e40dbdeff91c5f105f9cf2c747fb6f2bc37ec03d6c91edb2e1a578cf544be8b0931e25f243d59b0c30d98a16ce3ba1d6cf1d7f50426992eb0adb3134b055be8140d2db5f25fb00d83f8e4222bf01fd6ac93a1ff4d79da58f2
[2m2025-03-25T07:53:57.372681Z[0m [32m INFO[0m [2msui_swarm::memory::swarm[0m[2m:[0m [2mcrates/sui-swarm/src/memory/swarm.rs[0m[2m:[0m[2m428:[0m SwarmBuilder configuring full node with name k#b3f3cbb485f28a82a91776db6af6a03adbdadad874cec80f0f128d230d8eb8b2ac0369078cef107baf5682691601411b0fbff756907f2358eb64caa17897767f198443ae8c34c85c24161c56669195dc90742cb64698cc3fb982e3fa8815e407
[2m2025-03-25T07:53:57.372963Z[0m [32m INFO[0m [2msui_swarm::memory::node[0m[2m:[0m [2mcrates/sui-swarm/src/memory/node.rs[0m[2m:[0m[2m61:[0m starting in-memory node [3mname[0m[2m=[0mk#addeef94..
[2m2025-03-25T07:53:57.373601Z[0m [32m INFO[0m [2msui_swarm::memory::node[0m[2m:[0m [2mcrates/sui-swarm/src/memory/node.rs[0m[2m:[0m[2m61:[0m starting in-memory node [3mname[0m[2m=[0mk#99f25ef6..
[2m2025-03-25T07:53:57.374001Z[0m [32m INFO[0m [2msui_swarm::memory::node[0m[2m:[0m [2mcrates/sui-swarm/src/memory/node.rs[0m[2m:[0m[2m61:[0m starting in-memory node [3mname[0m[2m=[0mk#8dcff6d1..
[2m2025-03-25T07:53:57.374432Z[0m [32m INFO[0m [2msui_swarm::memory::node[0m[2m:[0m [2mcrates/sui-swarm/src/memory/node.rs[0m[2m:[0m[2m61:[0m starting in-memory node [3mname[0m[2m=[0mk#b3f3cbb4..
[2m2025-03-25T07:53:57.374494Z[0m [32m INFO[0m [1mnode[0m[1m{[0m[3mname[0m[2m=[0mk#99f25ef6..[1m}[0m[2m:[0m [2msui_swarm::memory::container[0m[2m:[0m [2mcrates/sui-swarm/src/memory/./container.rs[0m[2m:[0m[2m97:[0m Started Prometheus HTTP endpoint. To query metrics use
	curl -s http://127.0.0.1:60559/metrics
[2m2025-03-25T07:53:57.374504Z[0m [32m INFO[0m [1mnode[0m[1m{[0m[3mname[0m[2m=[0mk#addeef94..[1m}[0m[2m:[0m [2msui_swarm::memory::container[0m[2m:[0m [2mcrates/sui-swarm/src/memory/./container.rs[0m[2m:[0m[2m97:[0m Started Prometheus HTTP endpoint. To query metrics use
	curl -s http://127.0.0.1:60587/metrics
[2m2025-03-25T07:53:57.374560Z[0m [32m INFO[0m [1mnode[0m[1m{[0m[3mname[0m[2m=[0mk#8dcff6d1..[1m}[0m[2m:[0m [2msui_swarm::memory::container[0m[2m:[0m [2mcrates/sui-swarm/src/memory/./container.rs[0m[2m:[0m[2m97:[0m Started Prometheus HTTP endpoint. To query metrics use
	curl -s http://127.0.0.1:60573/metrics
[2m2025-03-25T07:53:57.375011Z[0m [32m INFO[0m [1mnode[0m[1m{[0m[3mname[0m[2m=[0mk#b3f3cbb4..[1m}[0m[2m:[0m [2msui_swarm::memory::container[0m[2m:[0m [2mcrates/sui-swarm/src/memory/./container.rs[0m[2m:[0m[2m97:[0m Started Prometheus HTTP endpoint. To query metrics use
	curl -s http://127.0.0.1:60661/metrics
[2m2025-03-25T07:53:57.375092Z[0m [32m INFO[0m [1mnode[0m[1m{[0m[3mname[0m[2m=[0mk#addeef94..[1m}[0m[2m:[0m [2msui_node[0m[2m:[0m [2mcrates/sui-node/src/lib.rs[0m[2m:[0m[2m447:[0m Initializing bfc-node listening on /ip4/127.0.0.1/tcp/60583/http [3mnode[0m[2m=[0mk#addeef94d898c88e40dbdeff91c5f105f9cf2c747fb6f2bc37ec03d6c91edb2e1a578cf544be8b0931e25f243d59b0c30d98a16ce3ba1d6cf1d7f50426992eb0adb3134b055be8140d2db5f25fb00d83f8e4222bf01fd6ac93a1ff4d79da58f2
[2m2025-03-25T07:53:57.375092Z[0m [32m INFO[0m [1mnode[0m[1m{[0m[3mname[0m[2m=[0mk#8dcff6d1..[1m}[0m[2m:[0m [2msui_node[0m[2m:[0m [2mcrates/sui-node/src/lib.rs[0m[2m:[0m[2m447:[0m Initializing bfc-node listening on /ip4/127.0.0.1/tcp/60569/http [3mnode[0m[2m=[0mk#8dcff6d155040a656f4819b13111b52c5746a86ba72f395fbafe2ec3847d1e8140e624a751fdf6b5f2050bc7205cf9d30004c90b0c740affd326ce673cc2b23a2d24d53e2afeb286dfc668fd4060089d6d2b17b799dd36f90d332e54a7a338d4
[2m2025-03-25T07:53:57.375092Z[0m [32m INFO[0m [1mnode[0m[1m{[0m[3mname[0m[2m=[0mk#99f25ef6..[1m}[0m[2m:[0m [2msui_node[0m[2m:[0m [2mcrates/sui-node/src/lib.rs[0m[2m:[0m[2m447:[0m Initializing bfc-node listening on /ip4/127.0.0.1/tcp/60555/http [3mnode[0m[2m=[0mk#99f25ef61f8032b914636460982c5cc6f134ef1ddae76657f2cbfec1ebfc8d097374080df6fcf0dcb8bc4b0d8e0af5d80ebbff2b4c599f54f42d6312dfc314276078c1cc347ebbbec5198be258513f386b930d02c2749a803e2330955ebd1a10
[2m2025-03-25T07:53:57.375481Z[0m [32m INFO[0m [1mnode[0m[1m{[0m[3mname[0m[2m=[0mk#b3f3cbb4..[1m}[0m[2m:[0m [2msui_node[0m[2m:[0m [2mcrates/sui-node/src/lib.rs[0m[2m:[0m[2m447:[0m Initializing bfc-node listening on /ip4/127.0.0.1/tcp/60645/http [3mnode[0m[2m=[0mk#b3f3cbb485f28a82a91776db6af6a03adbdadad874cec80f0f128d230d8eb8b2ac0369078cef107baf5682691601411b0fbff756907f2358eb64caa17897767f198443ae8c34c85c24161c56669195dc90742cb64698cc3fb982e3fa8815e407
[2m2025-03-25T07:53:57.375699Z[0m [33m WARN[0m [1mnode[0m[1m{[0m[3mname[0m[2m=[0mk#99f25ef6..[1m}[0m[2m:[0m [2mtyped_store::metrics[0m[2m:[0m [2mcrates/typed-store/src/metrics.rs[0m[2m:[0m[2m989:[0m DBMetrics registry overwritten
[2m2025-03-25T07:53:57.375702Z[0m [33m WARN[0m [1mnode[0m[1m{[0m[3mname[0m[2m=[0mk#addeef94..[1m}[0m[2m:[0m [2mtyped_store::metrics[0m[2m:[0m [2mcrates/typed-store/src/metrics.rs[0m[2m:[0m[2m989:[0m DBMetrics registry overwritten
[2m2025-03-25T07:53:57.375766Z[0m [33m WARN[0m [1mnode[0m[1m{[0m[3mname[0m[2m=[0mk#99f25ef6..[1m}[0m[2m:[0m [2mmysten_metrics[0m[2m:[0m [2mcrates/mysten-metrics/src/lib.rs[0m[2m:[0m[2m164:[0m init_metrics registry overwritten
[2m2025-03-25T07:53:57.375766Z[0m [33m WARN[0m [1mnode[0m[1m{[0m[3mname[0m[2m=[0mk#addeef94..[1m}[0m[2m:[0m [2mmysten_metrics[0m[2m:[0m [2mcrates/mysten-metrics/src/lib.rs[0m[2m:[0m[2m164:[0m init_metrics registry overwritten
[2m2025-03-25T07:53:57.375853Z[0m [32m INFO[0m [2mmysten_metrics::thread_stall_monitor[0m[2m:[0m [2mcrates/mysten-metrics/src/thread_stall_monitor.rs[0m[2m:[0m[2m72:[0m Starting thread stall monitor watchdog thread
[2m2025-03-25T07:53:57.375959Z[0m [33m WARN[0m [1mnode[0m[1m{[0m[3mname[0m[2m=[0mk#b3f3cbb4..[1m}[0m[2m:[0m [2mtyped_store::metrics[0m[2m:[0m [2mcrates/typed-store/src/metrics.rs[0m[2m:[0m[2m989:[0m DBMetrics registry overwritten
[2m2025-03-25T07:53:57.376021Z[0m [33m WARN[0m [1mnode[0m[1m{[0m[3mname[0m[2m=[0mk#b3f3cbb4..[1m}[0m[2m:[0m [2mmysten_metrics[0m[2m:[0m [2mcrates/mysten-metrics/src/lib.rs[0m[2m:[0m[2m164:[0m init_metrics registry overwritten
[2m2025-03-25T07:53:57.524035Z[0m [32m INFO[0m [1mnode[0m[1m{[0m[3mname[0m[2m=[0mk#addeef94..[1m}[0m[2m:[0m [2msui_core::authority::authority_store[0m[2m:[0m [2mcrates/sui-core/src/authority/authority_store.rs[0m[2m:[0m[2m153:[0m Creating new epoch start config from genesis
[2m2025-03-25T07:53:57.524035Z[0m [32m INFO[0m [1mnode[0m[1m{[0m[3mname[0m[2m=[0mk#8dcff6d1..[1m}[0m[2m:[0m [2msui_core::authority::authority_store[0m[2m:[0m [2mcrates/sui-core/src/authority/authority_store.rs[0m[2m:[0m[2m153:[0m Creating new epoch start config from genesis
[2m2025-03-25T07:53:57.524035Z[0m [32m INFO[0m [1mnode[0m[1m{[0m[3mname[0m[2m=[0mk#b3f3cbb4..[1m}[0m[2m:[0m [2msui_core::authority::authority_store[0m[2m:[0m [2mcrates/sui-core/src/authority/authority_store.rs[0m[2m:[0m[2m153:[0m Creating new epoch start config from genesis
[2m2025-03-25T07:53:57.524035Z[0m [32m INFO[0m [1mnode[0m[1m{[0m[3mname[0m[2m=[0mk#99f25ef6..[1m}[0m[2m:[0m [2msui_core::authority::authority_store[0m[2m:[0m [2mcrates/sui-core/src/authority/authority_store.rs[0m[2m:[0m[2m153:[0m Creating new epoch start config from genesis
[2m2025-03-25T07:53:57.531717Z[0m [32m INFO[0m [1mnode[0m[1m{[0m[3mname[0m[2m=[0mk#addeef94..[1m}[0m[2m:[0m [2msui_core::authority::authority_store[0m[2m:[0m [2mcrates/sui-core/src/authority/authority_store.rs[0m[2m:[0m[2m178:[0m Epoch start config: V6(EpochStartConfigurationV6 { system_state: V1(EpochStartSystemStateV1 { epoch: 0, protocol_version: 46, reference_gas_price: 100, safe_mode: false, epoch_start_timestamp_ms: 1742889235503, epoch_duration_ms: 300000, active_validators: [EpochStartValidatorInfoV1 { sui_address: 0x5a333b1b0b4211f20d18cdb1d5a1a795e8b83d02cdb51f29ca334dfb8c31e9a9, protocol_pubkey: jc/20VUECmVvSBmxMRG1LFdGqGunLzlfuv4uw4R9HoFA5iSnUf32tfIFC8cgXPnTAATJCwx0Cv/TJs5nPMKyOi0k1T4q/rKG38Zo/UBgCJ1tKxe3md02+Q0zLlSnozjU, narwhal_network_pubkey: ghb/z/CptBLwXN7pZQoUXGLGoxLLqMJh+4Nfl68caR4=, narwhal_worker_pubkey: dFfwLwlGeYc5T1q8DZfxLp/61Y7ZivWIuvkzDBIQQYs=, sui_net_address: Multiaddr("/ip4/127.0.0.1/tcp/60569/http"), p2p_address: Multiaddr("/ip4/127.0.0.1/udp/60571"), narwhal_primary_address: Multiaddr("/ip4/127.0.0.1/udp/60577"), narwhal_worker_address: Multiaddr("/ip4/127.0.0.1/udp/60579"), voting_power: 3333, hostname: "validator-1" }, EpochStartValidatorInfoV1 { sui_address: 0x6c8dd157952a4436fe61083dde7f3f2455100339643facb8906deba8f79a66eb, protocol_pubkey: mfJe9h+AMrkUY2RgmCxcxvE07x3a52ZX8sv+wev8jQlzdAgN9vzw3Li8Sw2OCvXYDrv/K0xZn1T0LWMS38MUJ2B4wcw0fru+xRmL4lhRPzhrkw0CwnSagD4jMJVevRoQ, narwhal_network_pubkey: aSLFgxy46Xguf+rQrXAORpUC++YB1bDQv6ELJTb+sT0=, narwhal_worker_pubkey: qMuDUMcA6gv6xxPfiNpAvqtLcFcm7/ms8jz6bp+EZRk=, sui_net_address: Multiaddr("/ip4/127.0.0.1/tcp/60555/http"), p2p_address: Multiaddr("/ip4/127.0.0.1/udp/60557"), narwhal_primary_address: Multiaddr("/ip4/127.0.0.1/udp/60563"), narwhal_worker_address: Multiaddr("/ip4/127.0.0.1/udp/60565"), voting_power: 3333, hostname: "validator-0" }, EpochStartValidatorInfoV1 { sui_address: 0xbbad0949a71eff042f232caea187905a0f4937e63d2fe6dc74e3b690a055a9c7, protocol_pubkey: rd7vlNiYyI5A297/kcXxBfnPLHR/tvK8N+wD1ske2y4aV4z1RL6LCTHiXyQ9WbDDDZihbOO6HWzx1/UEJpkusK2zE0sFW+gUDS218l+wDYP45CIr8B/WrJOh/0152ljy, narwhal_network_pubkey: 1rtaG7LqAQU9mLEEbtFfVNM7BcrMB++C7CD07GJlGVU=, narwhal_worker_pubkey: PnrLy1JTYKAm4dBM2Qbe0AKYb4ivKzqnbeZqb1fg4m4=, sui_net_address: Multiaddr("/ip4/127.0.0.1/tcp/60583/http"), p2p_address: Multiaddr("/ip4/127.0.0.1/udp/60585"), narwhal_primary_address: Multiaddr("/ip4/127.0.0.1/udp/60591"), narwhal_worker_address: Multiaddr("/ip4/127.0.0.1/udp/60593"), voting_power: 3334, hostname: "validator-2" }] }), epoch_digest: CheckpointDigest(Fk2tAAq2JB1SZxoqoxEPEdWCYXuXgKWRfdH1CWSGgnjp), flags: [ExecutedInEpochTable, StateAccumulatorV2EnabledTestnet, StateAccumulatorV2EnabledMainnet, WritebackCacheEnabled], authenticator_obj_initial_shared_version: Some(SequenceNumber(1)), randomness_obj_initial_shared_version: Some(SequenceNumber(1)), coin_deny_list_obj_initial_shared_version: Some(SequenceNumber(1)), bridge_obj_initial_shared_version: Some(SequenceNumber(1)), bridge_committee_initiated: false })
[2m2025-03-25T07:53:57.531717Z[0m [32m INFO[0m [1mnode[0m[1m{[0m[3mname[0m[2m=[0mk#b3f3cbb4..[1m}[0m[2m:[0m [2msui_core::authority::authority_store[0m[2m:[0m [2mcrates/sui-core/src/authority/authority_store.rs[0m[2m:[0m[2m178:[0m Epoch start config: V6(EpochStartConfigurationV6 { system_state: V1(EpochStartSystemStateV1 { epoch: 0, protocol_version: 46, reference_gas_price: 100, safe_mode: false, epoch_start_timestamp_ms: 1742889235503, epoch_duration_ms: 300000, active_validators: [EpochStartValidatorInfoV1 { sui_address: 0x5a333b1b0b4211f20d18cdb1d5a1a795e8b83d02cdb51f29ca334dfb8c31e9a9, protocol_pubkey: jc/20VUECmVvSBmxMRG1LFdGqGunLzlfuv4uw4R9HoFA5iSnUf32tfIFC8cgXPnTAATJCwx0Cv/TJs5nPMKyOi0k1T4q/rKG38Zo/UBgCJ1tKxe3md02+Q0zLlSnozjU, narwhal_network_pubkey: ghb/z/CptBLwXN7pZQoUXGLGoxLLqMJh+4Nfl68caR4=, narwhal_worker_pubkey: dFfwLwlGeYc5T1q8DZfxLp/61Y7ZivWIuvkzDBIQQYs=, sui_net_address: Multiaddr("/ip4/127.0.0.1/tcp/60569/http"), p2p_address: Multiaddr("/ip4/127.0.0.1/udp/60571"), narwhal_primary_address: Multiaddr("/ip4/127.0.0.1/udp/60577"), narwhal_worker_address: Multiaddr("/ip4/127.0.0.1/udp/60579"), voting_power: 3333, hostname: "validator-1" }, EpochStartValidatorInfoV1 { sui_address: 0x6c8dd157952a4436fe61083dde7f3f2455100339643facb8906deba8f79a66eb, protocol_pubkey: mfJe9h+AMrkUY2RgmCxcxvE07x3a52ZX8sv+wev8jQlzdAgN9vzw3Li8Sw2OCvXYDrv/K0xZn1T0LWMS38MUJ2B4wcw0fru+xRmL4lhRPzhrkw0CwnSagD4jMJVevRoQ, narwhal_network_pubkey: aSLFgxy46Xguf+rQrXAORpUC++YB1bDQv6ELJTb+sT0=, narwhal_worker_pubkey: qMuDUMcA6gv6xxPfiNpAvqtLcFcm7/ms8jz6bp+EZRk=, sui_net_address: Multiaddr("/ip4/127.0.0.1/tcp/60555/http"), p2p_address: Multiaddr("/ip4/127.0.0.1/udp/60557"), narwhal_primary_address: Multiaddr("/ip4/127.0.0.1/udp/60563"), narwhal_worker_address: Multiaddr("/ip4/127.0.0.1/udp/60565"), voting_power: 3333, hostname: "validator-0" }, EpochStartValidatorInfoV1 { sui_address: 0xbbad0949a71eff042f232caea187905a0f4937e63d2fe6dc74e3b690a055a9c7, protocol_pubkey: rd7vlNiYyI5A297/kcXxBfnPLHR/tvK8N+wD1ske2y4aV4z1RL6LCTHiXyQ9WbDDDZihbOO6HWzx1/UEJpkusK2zE0sFW+gUDS218l+wDYP45CIr8B/WrJOh/0152ljy, narwhal_network_pubkey: 1rtaG7LqAQU9mLEEbtFfVNM7BcrMB++C7CD07GJlGVU=, narwhal_worker_pubkey: PnrLy1JTYKAm4dBM2Qbe0AKYb4ivKzqnbeZqb1fg4m4=, sui_net_address: Multiaddr("/ip4/127.0.0.1/tcp/60583/http"), p2p_address: Multiaddr("/ip4/127.0.0.1/udp/60585"), narwhal_primary_address: Multiaddr("/ip4/127.0.0.1/udp/60591"), narwhal_worker_address: Multiaddr("/ip4/127.0.0.1/udp/60593"), voting_power: 3334, hostname: "validator-2" }] }), epoch_digest: CheckpointDigest(Fk2tAAq2JB1SZxoqoxEPEdWCYXuXgKWRfdH1CWSGgnjp), flags: [ExecutedInEpochTable, StateAccumulatorV2EnabledTestnet, StateAccumulatorV2EnabledMainnet, WritebackCacheEnabled], authenticator_obj_initial_shared_version: Some(SequenceNumber(1)), randomness_obj_initial_shared_version: Some(SequenceNumber(1)), coin_deny_list_obj_initial_shared_version: Some(SequenceNumber(1)), bridge_obj_initial_shared_version: Some(SequenceNumber(1)), bridge_committee_initiated: false })
[2m2025-03-25T07:53:57.531941Z[0m [32m INFO[0m [1mnode[0m[1m{[0m[3mname[0m[2m=[0mk#addeef94..[1m}[0m[2m:[0m [2msui_core::authority::authority_store[0m[2m:[0m [2mcrates/sui-core/src/authority/authority_store.rs[0m[2m:[0m[2m179:[0m Cur epoch: 0
[2m2025-03-25T07:53:57.531717Z[0m [32m INFO[0m [1mnode[0m[1m{[0m[3mname[0m[2m=[0mk#8dcff6d1..[1m}[0m[2m:[0m [2msui_core::authority::authority_store[0m[2m:[0m [2mcrates/sui-core/src/authority/authority_store.rs[0m[2m:[0m[2m178:[0m Epoch start config: V6(EpochStartConfigurationV6 { system_state: V1(EpochStartSystemStateV1 { epoch: 0, protocol_version: 46, reference_gas_price: 100, safe_mode: false, epoch_start_timestamp_ms: 1742889235503, epoch_duration_ms: 300000, active_validators: [EpochStartValidatorInfoV1 { sui_address: 0x5a333b1b0b4211f20d18cdb1d5a1a795e8b83d02cdb51f29ca334dfb8c31e9a9, protocol_pubkey: jc/20VUECmVvSBmxMRG1LFdGqGunLzlfuv4uw4R9HoFA5iSnUf32tfIFC8cgXPnTAATJCwx0Cv/TJs5nPMKyOi0k1T4q/rKG38Zo/UBgCJ1tKxe3md02+Q0zLlSnozjU, narwhal_network_pubkey: ghb/z/CptBLwXN7pZQoUXGLGoxLLqMJh+4Nfl68caR4=, narwhal_worker_pubkey: dFfwLwlGeYc5T1q8DZfxLp/61Y7ZivWIuvkzDBIQQYs=, sui_net_address: Multiaddr("/ip4/127.0.0.1/tcp/60569/http"), p2p_address: Multiaddr("/ip4/127.0.0.1/udp/60571"), narwhal_primary_address: Multiaddr("/ip4/127.0.0.1/udp/60577"), narwhal_worker_address: Multiaddr("/ip4/127.0.0.1/udp/60579"), voting_power: 3333, hostname: "validator-1" }, EpochStartValidatorInfoV1 { sui_address: 0x6c8dd157952a4436fe61083dde7f3f2455100339643facb8906deba8f79a66eb, protocol_pubkey: mfJe9h+AMrkUY2RgmCxcxvE07x3a52ZX8sv+wev8jQlzdAgN9vzw3Li8Sw2OCvXYDrv/K0xZn1T0LWMS38MUJ2B4wcw0fru+xRmL4lhRPzhrkw0CwnSagD4jMJVevRoQ, narwhal_network_pubkey: aSLFgxy46Xguf+rQrXAORpUC++YB1bDQv6ELJTb+sT0=, narwhal_worker_pubkey: qMuDUMcA6gv6xxPfiNpAvqtLcFcm7/ms8jz6bp+EZRk=, sui_net_address: Multiaddr("/ip4/127.0.0.1/tcp/60555/http"), p2p_address: Multiaddr("/ip4/127.0.0.1/udp/60557"), narwhal_primary_address: Multiaddr("/ip4/127.0.0.1/udp/60563"), narwhal_worker_address: Multiaddr("/ip4/127.0.0.1/udp/60565"), voting_power: 3333, hostname: "validator-0" }, EpochStartValidatorInfoV1 { sui_address: 0xbbad0949a71eff042f232caea187905a0f4937e63d2fe6dc74e3b690a055a9c7, protocol_pubkey: rd7vlNiYyI5A297/kcXxBfnPLHR/tvK8N+wD1ske2y4aV4z1RL6LCTHiXyQ9WbDDDZihbOO6HWzx1/UEJpkusK2zE0sFW+gUDS218l+wDYP45CIr8B/WrJOh/0152ljy, narwhal_network_pubkey: 1rtaG7LqAQU9mLEEbtFfVNM7BcrMB++C7CD07GJlGVU=, narwhal_worker_pubkey: PnrLy1JTYKAm4dBM2Qbe0AKYb4ivKzqnbeZqb1fg4m4=, sui_net_address: Multiaddr("/ip4/127.0.0.1/tcp/60583/http"), p2p_address: Multiaddr("/ip4/127.0.0.1/udp/60585"), narwhal_primary_address: Multiaddr("/ip4/127.0.0.1/udp/60591"), narwhal_worker_address: Multiaddr("/ip4/127.0.0.1/udp/60593"), voting_power: 3334, hostname: "validator-2" }] }), epoch_digest: CheckpointDigest(Fk2tAAq2JB1SZxoqoxEPEdWCYXuXgKWRfdH1CWSGgnjp), flags: [ExecutedInEpochTable, StateAccumulatorV2EnabledTestnet, StateAccumulatorV2EnabledMainnet, WritebackCacheEnabled], authenticator_obj_initial_shared_version: Some(SequenceNumber(1)), randomness_obj_initial_shared_version: Some(SequenceNumber(1)), coin_deny_list_obj_initial_shared_version: Some(SequenceNumber(1)), bridge_obj_initial_shared_version: Some(SequenceNumber(1)), bridge_committee_initiated: false })
[2m2025-03-25T07:53:57.531946Z[0m [32m INFO[0m [1mnode[0m[1m{[0m[3mname[0m[2m=[0mk#b3f3cbb4..[1m}[0m[2m:[0m [2msui_core::authority::authority_store[0m[2m:[0m [2mcrates/sui-core/src/authority/authority_store.rs[0m[2m:[0m[2m179:[0m Cur epoch: 0
[2m2025-03-25T07:53:57.531717Z[0m [32m INFO[0m [1mnode[0m[1m{[0m[3mname[0m[2m=[0mk#99f25ef6..[1m}[0m[2m:[0m [2msui_core::authority::authority_store[0m[2m:[0m [2mcrates/sui-core/src/authority/authority_store.rs[0m[2m:[0m[2m178:[0m Epoch start config: V6(EpochStartConfigurationV6 { system_state: V1(EpochStartSystemStateV1 { epoch: 0, protocol_version: 46, reference_gas_price: 100, safe_mode: false, epoch_start_timestamp_ms: 1742889235503, epoch_duration_ms: 300000, active_validators: [EpochStartValidatorInfoV1 { sui_address: 0x5a333b1b0b4211f20d18cdb1d5a1a795e8b83d02cdb51f29ca334dfb8c31e9a9, protocol_pubkey: jc/20VUECmVvSBmxMRG1LFdGqGunLzlfuv4uw4R9HoFA5iSnUf32tfIFC8cgXPnTAATJCwx0Cv/TJs5nPMKyOi0k1T4q/rKG38Zo/UBgCJ1tKxe3md02+Q0zLlSnozjU, narwhal_network_pubkey: ghb/z/CptBLwXN7pZQoUXGLGoxLLqMJh+4Nfl68caR4=, narwhal_worker_pubkey: dFfwLwlGeYc5T1q8DZfxLp/61Y7ZivWIuvkzDBIQQYs=, sui_net_address: Multiaddr("/ip4/127.0.0.1/tcp/60569/http"), p2p_address: Multiaddr("/ip4/127.0.0.1/udp/60571"), narwhal_primary_address: Multiaddr("/ip4/127.0.0.1/udp/60577"), narwhal_worker_address: Multiaddr("/ip4/127.0.0.1/udp/60579"), voting_power: 3333, hostname: "validator-1" }, EpochStartValidatorInfoV1 { sui_address: 0x6c8dd157952a4436fe61083dde7f3f2455100339643facb8906deba8f79a66eb, protocol_pubkey: mfJe9h+AMrkUY2RgmCxcxvE07x3a52ZX8sv+wev8jQlzdAgN9vzw3Li8Sw2OCvXYDrv/K0xZn1T0LWMS38MUJ2B4wcw0fru+xRmL4lhRPzhrkw0CwnSagD4jMJVevRoQ, narwhal_network_pubkey: aSLFgxy46Xguf+rQrXAORpUC++YB1bDQv6ELJTb+sT0=, narwhal_worker_pubkey: qMuDUMcA6gv6xxPfiNpAvqtLcFcm7/ms8jz6bp+EZRk=, sui_net_address: Multiaddr("/ip4/127.0.0.1/tcp/60555/http"), p2p_address: Multiaddr("/ip4/127.0.0.1/udp/60557"), narwhal_primary_address: Multiaddr("/ip4/127.0.0.1/udp/60563"), narwhal_worker_address: Multiaddr("/ip4/127.0.0.1/udp/60565"), voting_power: 3333, hostname: "validator-0" }, EpochStartValidatorInfoV1 { sui_address: 0xbbad0949a71eff042f232caea187905a0f4937e63d2fe6dc74e3b690a055a9c7, protocol_pubkey: rd7vlNiYyI5A297/kcXxBfnPLHR/tvK8N+wD1ske2y4aV4z1RL6LCTHiXyQ9WbDDDZihbOO6HWzx1/UEJpkusK2zE0sFW+gUDS218l+wDYP45CIr8B/WrJOh/0152ljy, narwhal_network_pubkey: 1rtaG7LqAQU9mLEEbtFfVNM7BcrMB++C7CD07GJlGVU=, narwhal_worker_pubkey: PnrLy1JTYKAm4dBM2Qbe0AKYb4ivKzqnbeZqb1fg4m4=, sui_net_address: Multiaddr("/ip4/127.0.0.1/tcp/60583/http"), p2p_address: Multiaddr("/ip4/127.0.0.1/udp/60585"), narwhal_primary_address: Multiaddr("/ip4/127.0.0.1/udp/60591"), narwhal_worker_address: Multiaddr("/ip4/127.0.0.1/udp/60593"), voting_power: 3334, hostname: "validator-2" }] }), epoch_digest: CheckpointDigest(Fk2tAAq2JB1SZxoqoxEPEdWCYXuXgKWRfdH1CWSGgnjp), flags: [ExecutedInEpochTable, StateAccumulatorV2EnabledTestnet, StateAccumulatorV2EnabledMainnet, WritebackCacheEnabled], authenticator_obj_initial_shared_version: Some(SequenceNumber(1)), randomness_obj_initial_shared_version: Some(SequenceNumber(1)), coin_deny_list_obj_initial_shared_version: Some(SequenceNumber(1)), bridge_obj_initial_shared_version: Some(SequenceNumber(1)), bridge_committee_initiated: false })
[2m2025-03-25T07:53:57.531951Z[0m [32m INFO[0m [1mnode[0m[1m{[0m[3mname[0m[2m=[0mk#8dcff6d1..[1m}[0m[2m:[0m [2msui_core::authority::authority_store[0m[2m:[0m [2mcrates/sui-core/src/authority/authority_store.rs[0m[2m:[0m[2m179:[0m Cur epoch: 0
[2m2025-03-25T07:53:57.531957Z[0m [32m INFO[0m [1mnode[0m[1m{[0m[3mname[0m[2m=[0mk#99f25ef6..[1m}[0m[2m:[0m [2msui_core::authority::authority_store[0m[2m:[0m [2mcrates/sui-core/src/authority/authority_store.rs[0m[2m:[0m[2m179:[0m Cur epoch: 0
[2m2025-03-25T07:53:57.578132Z[0m [32m INFO[0m [1mnode[0m[1m{[0m[3mname[0m[2m=[0mk#99f25ef6..[1m}[0m[2m:[0m [2mmysten_network::client[0m[2m:[0m [2mcrates/mysten-network/src/client.rs[0m[2m:[0m[2m123:[0m DISABLE_CACHING_RESOLVER: false
[2m2025-03-25T07:53:57.912606Z[0m [31mERROR[0m [2mmysten_metrics::thread_stall_monitor[0m[2m:[0m [2mcrates/mysten-metrics/src/thread_stall_monitor.rs[0m[2m:[0m[2m43:[0m Thread stalled for 536ms
[2m2025-03-25T07:53:58.515477Z[0m [32m INFO[0m [2msui_bridge::e2e_tests::test_utils[0m[2m:[0m [2mcrates/sui-bridge/src/e2e_tests/test_utils.rs[0m[2m:[0m[2m562:[0m Serialized config written to "/var/folders/9l/kfqd6hv17d1_8yxpd6zwys8m0000gn/T/.tmpZigvqs/sol_deploy_config.json": "{\n  \"committeeMemberStake\": [\n    3333,\n    3333,\n    3334\n  ],\n  \"committeeMembers\": [\n    \"0x7e3e5146f13c82b5a173c30a182bb40537f91c1d\",\n    \"0x05e898e48b7915f1d5f189bdffec6c29f8fbe4bb\",\n    \"0x17e797a7fca51f0dd0c2eef07bfb08c9849f66f9\"\n  ],\n  \"minCommitteeStakeRequired\": 10000,\n  \"sourceChainId\": 12,\n  \"supportedChainIds\": [\n    1,\n    2,\n    3\n  ],\n  \"supportedChainLimitsInDollars\": [\n    1000000000000000,\n    1000000000000000,\n    1000000000000000\n  ],\n  \"supportedTokens\": [],\n  \"tokenIds\": [],\n  \"suiDecimals\": [],\n  \"tokenPrices\": [\n    12800,\n    432518900,\n    25969600,\n    10000,\n    10000\n  ],\n  \"weth\": \"\"\n}"
[2m2025-03-25T07:53:58.515653Z[0m [32m INFO[0m [2msui_bridge::e2e_tests::test_utils[0m[2m:[0m [2mcrates/sui-bridge/src/e2e_tests/test_utils.rs[0m[2m:[0m[2m587:[0m Deploying solidity contracts
[2m2025-03-25T07:53:58.924219Z[0m [32m INFO[0m [1mnode[0m[1m{[0m[3mname[0m[2m=[0mk#99f25ef6..[1m}[0m[2m:[0m[1mAuthorityPerEpochStore::new[0m[1m{[0m[3mepoch[0m[2m=[0m0[1m}[0m[2m:[0m [2msui_core::authority::authority_per_epoch_store[0m[2m:[0m [2mcrates/sui-core/src/authority/authority_per_epoch_store.rs[0m[2m:[0m[2m894:[0m epoch flags: [ExecutedInEpochTable, StateAccumulatorV2EnabledTestnet, StateAccumulatorV2EnabledMainnet, WritebackCacheEnabled]
[2m2025-03-25T07:53:58.924261Z[0m [32m INFO[0m [1mnode[0m[1m{[0m[3mname[0m[2m=[0mk#99f25ef6..[1m}[0m[2m:[0m[1mAuthorityPerEpochStore::new[0m[1m{[0m[3mepoch[0m[2m=[0m0[1m}[0m[2m:[0m [2msui_types::digests[0m[2m:[0m [2mcrates/sui-types/src/digests.rs[0m[2m:[0m[2m217:[0m start unknown chain.....
[2m2025-03-25T07:53:58.924733Z[0m [32m INFO[0m [1mnode[0m[1m{[0m[3mname[0m[2m=[0mk#99f25ef6..[1m}[0m[2m:[0m[1mAuthorityPerEpochStore::new[0m[1m{[0m[3mepoch[0m[2m=[0m0[1m}[0m[2m:[0m [2msui_types::digests[0m[2m:[0m [2mcrates/sui-types/src/digests.rs[0m[2m:[0m[2m217:[0m start unknown chain.....
[2m2025-03-25T07:53:58.924894Z[0m [32m INFO[0m [1mnode[0m[1m{[0m[3mname[0m[2m=[0mk#99f25ef6..[1m}[0m[2m:[0m[1mAuthorityPerEpochStore::new[0m[1m{[0m[3mepoch[0m[2m=[0m0[1m}[0m[2m:[0m [2msui_core::authority::authority_per_epoch_store[0m[2m:[0m [2mcrates/sui-core/src/authority/authority_per_epoch_store.rs[0m[2m:[0m[2m950:[0m authenticator_state enabled
[2m2025-03-25T07:53:58.926981Z[0m [32m INFO[0m [1mnode[0m[1m{[0m[3mname[0m[2m=[0mk#99f25ef6..[1m}[0m[2m:[0m [2msui_node[0m[2m:[0m [2mcrates/sui-node/src/lib.rs[0m[2m:[0m[2m531:[0m created epoch store
[2m2025-03-25T07:53:58.926999Z[0m [32m INFO[0m [1mnode[0m[1m{[0m[3mname[0m[2m=[0mk#99f25ef6..[1m}[0m[2m:[0m [2msui_node[0m[2m:[0m [2mcrates/sui-node/src/lib.rs[0m[2m:[0m[2m541:[0m checking SUI conservation at genesis
[2m2025-03-25T07:53:58.927014Z[0m [32m INFO[0m [1mnode[0m[1m{[0m[3mname[0m[2m=[0mk#99f25ef6..[1m}[0m[2m:[0m [2msui_core::authority::authority_store[0m[2m:[0m [2mcrates/sui-core/src/authority/authority_store.rs[0m[2m:[0m[2m1618:[0m Starting BFC conservation check. This may take a while..
[2m2025-03-25T07:53:58.931935Z[0m [32m INFO[0m [1mnode[0m[1m{[0m[3mname[0m[2m=[0mk#b3f3cbb4..[1m}[0m[2m:[0m[1mAuthorityPerEpochStore::new[0m[1m{[0m[3mepoch[0m[2m=[0m0[1m}[0m[2m:[0m [2msui_core::authority::authority_per_epoch_store[0m[2m:[0m [2mcrates/sui-core/src/authority/authority_per_epoch_store.rs[0m[2m:[0m[2m894:[0m epoch flags: [ExecutedInEpochTable, StateAccumulatorV2EnabledTestnet, StateAccumulatorV2EnabledMainnet, WritebackCacheEnabled]
[2m2025-03-25T07:53:58.931957Z[0m [32m INFO[0m [1mnode[0m[1m{[0m[3mname[0m[2m=[0mk#b3f3cbb4..[1m}[0m[2m:[0m[1mAuthorityPerEpochStore::new[0m[1m{[0m[3mepoch[0m[2m=[0m0[1m}[0m[2m:[0m [2msui_types::digests[0m[2m:[0m [2mcrates/sui-types/src/digests.rs[0m[2m:[0m[2m217:[0m start unknown chain.....
[2m2025-03-25T07:53:58.932189Z[0m [32m INFO[0m [1mnode[0m[1m{[0m[3mname[0m[2m=[0mk#b3f3cbb4..[1m}[0m[2m:[0m[1mAuthorityPerEpochStore::new[0m[1m{[0m[3mepoch[0m[2m=[0m0[1m}[0m[2m:[0m [2msui_types::digests[0m[2m:[0m [2mcrates/sui-types/src/digests.rs[0m[2m:[0m[2m217:[0m start unknown chain.....
[2m2025-03-25T07:53:58.932214Z[0m [32m INFO[0m [1mnode[0m[1m{[0m[3mname[0m[2m=[0mk#b3f3cbb4..[1m}[0m[2m:[0m[1mAuthorityPerEpochStore::new[0m[1m{[0m[3mepoch[0m[2m=[0m0[1m}[0m[2m:[0m [2msui_core::authority::authority_per_epoch_store[0m[2m:[0m [2mcrates/sui-core/src/authority/authority_per_epoch_store.rs[0m[2m:[0m[2m950:[0m authenticator_state enabled
[2m2025-03-25T07:53:58.933029Z[0m [32m INFO[0m [1mnode[0m[1m{[0m[3mname[0m[2m=[0mk#b3f3cbb4..[1m}[0m[2m:[0m [2msui_node[0m[2m:[0m [2mcrates/sui-node/src/lib.rs[0m[2m:[0m[2m531:[0m created epoch store
[2m2025-03-25T07:53:58.933077Z[0m [32m INFO[0m [1mnode[0m[1m{[0m[3mname[0m[2m=[0mk#b3f3cbb4..[1m}[0m[2m:[0m [2msui_node[0m[2m:[0m [2mcrates/sui-node/src/lib.rs[0m[2m:[0m[2m541:[0m checking SUI conservation at genesis
[2m2025-03-25T07:53:58.933090Z[0m [32m INFO[0m [1mnode[0m[1m{[0m[3mname[0m[2m=[0mk#b3f3cbb4..[1m}[0m[2m:[0m [2msui_core::authority::authority_store[0m[2m:[0m [2mcrates/sui-core/src/authority/authority_store.rs[0m[2m:[0m[2m1618:[0m Starting BFC conservation check. This may take a while..
[2m2025-03-25T07:53:58.933560Z[0m [32m INFO[0m [1mnode[0m[1m{[0m[3mname[0m[2m=[0mk#addeef94..[1m}[0m[2m:[0m[1mAuthorityPerEpochStore::new[0m[1m{[0m[3mepoch[0m[2m=[0m0[1m}[0m[2m:[0m [2msui_core::authority::authority_per_epoch_store[0m[2m:[0m [2mcrates/sui-core/src/authority/authority_per_epoch_store.rs[0m[2m:[0m[2m894:[0m epoch flags: [ExecutedInEpochTable, StateAccumulatorV2EnabledTestnet, StateAccumulatorV2EnabledMainnet, WritebackCacheEnabled]
[2m2025-03-25T07:53:58.933574Z[0m [32m INFO[0m [1mnode[0m[1m{[0m[3mname[0m[2m=[0mk#addeef94..[1m}[0m[2m:[0m[1mAuthorityPerEpochStore::new[0m[1m{[0m[3mepoch[0m[2m=[0m0[1m}[0m[2m:[0m [2msui_types::digests[0m[2m:[0m [2mcrates/sui-types/src/digests.rs[0m[2m:[0m[2m217:[0m start unknown chain.....
[2m2025-03-25T07:53:58.933840Z[0m [32m INFO[0m [1mnode[0m[1m{[0m[3mname[0m[2m=[0mk#addeef94..[1m}[0m[2m:[0m[1mAuthorityPerEpochStore::new[0m[1m{[0m[3mepoch[0m[2m=[0m0[1m}[0m[2m:[0m [2msui_types::digests[0m[2m:[0m [2mcrates/sui-types/src/digests.rs[0m[2m:[0m[2m217:[0m start unknown chain.....
[2m2025-03-25T07:53:58.933867Z[0m [32m INFO[0m [1mnode[0m[1m{[0m[3mname[0m[2m=[0mk#addeef94..[1m}[0m[2m:[0m[1mAuthorityPerEpochStore::new[0m[1m{[0m[3mepoch[0m[2m=[0m0[1m}[0m[2m:[0m [2msui_core::authority::authority_per_epoch_store[0m[2m:[0m [2mcrates/sui-core/src/authority/authority_per_epoch_store.rs[0m[2m:[0m[2m950:[0m authenticator_state enabled
[2m2025-03-25T07:53:58.934257Z[0m [32m INFO[0m [1mnode[0m[1m{[0m[3mname[0m[2m=[0mk#addeef94..[1m}[0m[2m:[0m [2msui_node[0m[2m:[0m [2mcrates/sui-node/src/lib.rs[0m[2m:[0m[2m531:[0m created epoch store
[2m2025-03-25T07:53:58.934264Z[0m [32m INFO[0m [1mnode[0m[1m{[0m[3mname[0m[2m=[0mk#addeef94..[1m}[0m[2m:[0m [2msui_node[0m[2m:[0m [2mcrates/sui-node/src/lib.rs[0m[2m:[0m[2m541:[0m checking SUI conservation at genesis
[2m2025-03-25T07:53:58.934270Z[0m [32m INFO[0m [1mnode[0m[1m{[0m[3mname[0m[2m=[0mk#addeef94..[1m}[0m[2m:[0m [2msui_core::authority::authority_store[0m[2m:[0m [2mcrates/sui-core/src/authority/authority_store.rs[0m[2m:[0m[2m1618:[0m Starting BFC conservation check. This may take a while..
[2m2025-03-25T07:53:58.960267Z[0m [32m INFO[0m [1mnode[0m[1m{[0m[3mname[0m[2m=[0mk#8dcff6d1..[1m}[0m[2m:[0m[1mAuthorityPerEpochStore::new[0m[1m{[0m[3mepoch[0m[2m=[0m0[1m}[0m[2m:[0m [2msui_core::authority::authority_per_epoch_store[0m[2m:[0m [2mcrates/sui-core/src/authority/authority_per_epoch_store.rs[0m[2m:[0m[2m894:[0m epoch flags: [ExecutedInEpochTable, StateAccumulatorV2EnabledTestnet, StateAccumulatorV2EnabledMainnet, WritebackCacheEnabled]
[2m2025-03-25T07:53:58.960296Z[0m [32m INFO[0m [1mnode[0m[1m{[0m[3mname[0m[2m=[0mk#8dcff6d1..[1m}[0m[2m:[0m[1mAuthorityPerEpochStore::new[0m[1m{[0m[3mepoch[0m[2m=[0m0[1m}[0m[2m:[0m [2msui_types::digests[0m[2m:[0m [2mcrates/sui-types/src/digests.rs[0m[2m:[0m[2m217:[0m start unknown chain.....
[2m2025-03-25T07:53:58.960525Z[0m [32m INFO[0m [1mnode[0m[1m{[0m[3mname[0m[2m=[0mk#8dcff6d1..[1m}[0m[2m:[0m[1mAuthorityPerEpochStore::new[0m[1m{[0m[3mepoch[0m[2m=[0m0[1m}[0m[2m:[0m [2msui_types::digests[0m[2m:[0m [2mcrates/sui-types/src/digests.rs[0m[2m:[0m[2m217:[0m start unknown chain.....
[2m2025-03-25T07:53:58.960558Z[0m [32m INFO[0m [1mnode[0m[1m{[0m[3mname[0m[2m=[0mk#8dcff6d1..[1m}[0m[2m:[0m[1mAuthorityPerEpochStore::new[0m[1m{[0m[3mepoch[0m[2m=[0m0[1m}[0m[2m:[0m [2msui_core::authority::authority_per_epoch_store[0m[2m:[0m [2mcrates/sui-core/src/authority/authority_per_epoch_store.rs[0m[2m:[0m[2m950:[0m authenticator_state enabled
[2m2025-03-25T07:53:58.960964Z[0m [32m INFO[0m [1mnode[0m[1m{[0m[3mname[0m[2m=[0mk#8dcff6d1..[1m}[0m[2m:[0m [2msui_node[0m[2m:[0m [2mcrates/sui-node/src/lib.rs[0m[2m:[0m[2m531:[0m created epoch store
[2m2025-03-25T07:53:58.960972Z[0m [32m INFO[0m [1mnode[0m[1m{[0m[3mname[0m[2m=[0mk#8dcff6d1..[1m}[0m[2m:[0m [2msui_node[0m[2m:[0m [2mcrates/sui-node/src/lib.rs[0m[2m:[0m[2m541:[0m checking SUI conservation at genesis
[2m2025-03-25T07:53:58.960978Z[0m [32m INFO[0m [1mnode[0m[1m{[0m[3mname[0m[2m=[0mk#8dcff6d1..[1m}[0m[2m:[0m [2msui_core::authority::authority_store[0m[2m:[0m [2mcrates/sui-core/src/authority/authority_store.rs[0m[2m:[0m[2m1618:[0m Starting BFC conservation check. This may take a while..
[2m2025-03-25T07:54:06.665288Z[0m [32m INFO[0m [2msui_bridge::e2e_tests::test_utils[0m[2m:[0m [2mcrates/sui-bridge/src/e2e_tests/test_utils.rs[0m[2m:[0m[2m621:[0m Solidity contract deployment finished successfully
Stdout: Compiling 78 files with Solc 0.8.20
Solc 0.8.20 finished in 6.29s
Compiler run successful with warnings:
Warning (2018): Function state mutability can be restricted to view
  --> script/deploy_bridge.s.sol:17:5:
   |
17 |     function parseDeployConfig(string memory path) public returns (DeployConfig memory) {
   |     ^ (Relevant source part starts here and spans across multiple lines).

Script ran successfully.

== Logs ==
  config path:  /var/folders/9l/kfqd6hv17d1_8yxpd6zwys8m0000gn/T/.tmpZigvqs/sol_deploy_config.json
  Deploying mock tokens for local network
  [Deployed] KA: 0x332Fb35767182F8ac9F9C1405db626105F6694E0
  [Deployed] BridgeConfig: 0xEF86CEc1CEf0C78E5725fA6Cc3E9929788bBde35
  [Deployed] SuiBridge: 0x7B31b399a224aD30D48838F55B41b6A6F1e033ED
  [Deployed] BridgeLimiter: 0x9eBb49B2004C753f6Fb8b3181C224a8972f70528
  [Deployed] BridgeCommittee: 0x37cA242a94945CdC3d3F155452a82Af6374bebD7
  [Deployed] BridgeVault: 0xd829fcDDD9C9c7c50B7cB476596Ef0ff5889D543
  [Deployed] BTC: 0x39dD11C243Ac4Ac250980FA3AEa016f73C509f37
  [Deployed] ETH: 0xef11D1c2aA48826D4c41e54ab82D1Ff5Ad8A64Ca
  [Deployed] USDC: 0x76ca03a67C049477FfB09694dFeF00416dB69746
  [Deployed] USDT: 0x1696C7203769A71c97Ca725d42b13270ee493526

## Setting up 1 EVM.

==========================

Chain 31337

Estimated gas price: 0.687217835 gwei

Estimated total gas used for script: 19669986

Estimated amount required: 0.01351756519340031 ETH

==========================


==========================

ONCHAIN EXECUTION COMPLETE & SUCCESSFUL.

Transactions saved to: /Users/mofei/work/obc3/bridge/evm/broadcast/deploy_bridge.s.sol/31337/run-latest.json

Sensitive values saved to: /Users/mofei/work/obc3/bridge/evm/cache/deploy_bridge.s.sol/31337/run-latest.json


Stdout: 
[2m2025-03-25T07:54:06.689257Z[0m [32m INFO[0m [2msui_bridge::e2e_tests::test_utils[0m[2m:[0m [2mcrates/sui-bridge/src/e2e_tests/test_utils.rs[0m[2m:[0m[2m260:[0m Deployed contracts: DeployedSolContracts { sui_bridge: 0x7b31b399a224ad30d48838f55b41b6a6f1e033ed, bridge_committee: 0x37ca242a94945cdc3d3f155452a82af6374bebd7, bridge_limiter: 0x9ebb49b2004c753f6fb8b3181c224a8972f70528, bridge_vault: 0xd829fcddd9c9c7c50b7cb476596ef0ff5889d543, bridge_config: 0xef86cec1cef0c78e5725fa6cc3e9929788bbde35, btc: 0x39dd11c243ac4ac250980fa3aea016f73c509f37, eth: 0xef11d1c2aa48826d4c41e54ab82d1ff5ad8a64ca, usdc: 0x76ca03a67c049477ffb09694dfef00416db69746, usdt: 0x1696c7203769a71c97ca725d42b13270ee493526, ka: 0x332fb35767182f8ac9f9c1405db626105f6694e0 }
[2m2025-03-25T07:54:09.096124Z[0m [32m INFO[0m [1mnode[0m[1m{[0m[3mname[0m[2m=[0mk#b3f3cbb4..[1m}[0m[2m:[0m [2msui_core::authority::authority_store[0m[2m:[0m [2mcrates/sui-core/src/authority/authority_store.rs[0m[2m:[0m[2m1671:[0m Scanned 591 live objects, took 10.163010084s
[2m2025-03-25T07:54:09.096473Z[0m [32m INFO[0m [1mnode[0m[1m{[0m[3mname[0m[2m=[0mk#b3f3cbb4..[1m}[0m[2m:[0m [2msui_core::authority::authority_store[0m[2m:[0m [2mcrates/sui-core/src/authority/authority_store.rs[0m[2m:[0m[2m1692:[0m Total BFC amount in the network: 1000900000000000000, storage fund balance: 0,  total storage rebate: 0 at beginning of epoch 0
[2m2025-03-25T07:54:09.097954Z[0m [32m INFO[0m [1mnode[0m[1m{[0m[3mname[0m[2m=[0mk#b3f3cbb4..[1m}[0m[2m:[0m [2msui_node[0m[2m:[0m [2mcrates/sui-node/src/lib.rs[0m[2m:[0m[2m564:[0m creating checkpoint store
[2m2025-03-25T07:54:09.123872Z[0m [32m INFO[0m [1mnode[0m[1m{[0m[3mname[0m[2m=[0mk#99f25ef6..[1m}[0m[2m:[0m [2msui_core::authority::authority_store[0m[2m:[0m [2mcrates/sui-core/src/authority/authority_store.rs[0m[2m:[0m[2m1671:[0m Scanned 591 live objects, took 10.1968665s
[2m2025-03-25T07:54:09.124075Z[0m [32m INFO[0m [1mnode[0m[1m{[0m[3mname[0m[2m=[0mk#99f25ef6..[1m}[0m[2m:[0m [2msui_core::authority::authority_store[0m[2m:[0m [2mcrates/sui-core/src/authority/authority_store.rs[0m[2m:[0m[2m1692:[0m Total BFC amount in the network: 1000900000000000000, storage fund balance: 0,  total storage rebate: 0 at beginning of epoch 0
[2m2025-03-25T07:54:09.124361Z[0m [32m INFO[0m [1mnode[0m[1m{[0m[3mname[0m[2m=[0mk#99f25ef6..[1m}[0m[2m:[0m [2msui_node[0m[2m:[0m [2mcrates/sui-node/src/lib.rs[0m[2m:[0m[2m564:[0m creating checkpoint store
[2m2025-03-25T07:54:09.159106Z[0m [32m INFO[0m [1mnode[0m[1m{[0m[3mname[0m[2m=[0mk#b3f3cbb4..[1m}[0m[2m:[0m [2msui_node[0m[2m:[0m [2mcrates/sui-node/src/lib.rs[0m[2m:[0m[2m573:[0m creating state sync store
[2m2025-03-25T07:54:09.159124Z[0m [32m INFO[0m [1mnode[0m[1m{[0m[3mname[0m[2m=[0mk#b3f3cbb4..[1m}[0m[2m:[0m [2msui_node[0m[2m:[0m [2mcrates/sui-node/src/lib.rs[0m[2m:[0m[2m581:[0m creating index store
[2m2025-03-25T07:54:09.173746Z[0m [32m INFO[0m [1mnode[0m[1m{[0m[3mname[0m[2m=[0mk#addeef94..[1m}[0m[2m:[0m [2msui_core::authority::authority_store[0m[2m:[0m [2mcrates/sui-core/src/authority/authority_store.rs[0m[2m:[0m[2m1671:[0m Scanned 591 live objects, took 10.23948525s
[2m2025-03-25T07:54:09.173964Z[0m [32m INFO[0m [1mnode[0m[1m{[0m[3mname[0m[2m=[0mk#addeef94..[1m}[0m[2m:[0m [2msui_core::authority::authority_store[0m[2m:[0m [2mcrates/sui-core/src/authority/authority_store.rs[0m[2m:[0m[2m1692:[0m Total BFC amount in the network: 1000900000000000000, storage fund balance: 0,  total storage rebate: 0 at beginning of epoch 0
[2m2025-03-25T07:54:09.174303Z[0m [32m INFO[0m [1mnode[0m[1m{[0m[3mname[0m[2m=[0mk#addeef94..[1m}[0m[2m:[0m [2msui_node[0m[2m:[0m [2mcrates/sui-node/src/lib.rs[0m[2m:[0m[2m564:[0m creating checkpoint store
[2m2025-03-25T07:54:09.183124Z[0m [32m INFO[0m [1mnode[0m[1m{[0m[3mname[0m[2m=[0mk#99f25ef6..[1m}[0m[2m:[0m [2msui_node[0m[2m:[0m [2mcrates/sui-node/src/lib.rs[0m[2m:[0m[2m573:[0m creating state sync store
[2m2025-03-25T07:54:09.186637Z[0m [32m INFO[0m [1mnode[0m[1m{[0m[3mname[0m[2m=[0mk#99f25ef6..[1m}[0m[2m:[0m [2msui_node[0m[2m:[0m [2mcrates/sui-node/src/lib.rs[0m[2m:[0m[2m614:[0m creating archive reader
[2m2025-03-25T07:54:09.190969Z[0m [33m WARN[0m [1mnode[0m[1m{[0m[3mname[0m[2m=[0mk#99f25ef6..[1m}[0m[2m:[0m [2manemo::network[0m[2m:[0m [2m/Users/mofei/.cargo/git/checkouts/anemo-b054b2cc97edf2b7/e609f76/crates/anemo/src/network/mod.rs[0m[2m:[0m[2m175:[0m [3mmsg[0m[2m=[0m"expected socket send buffer size to be at least 20971520, got 8388608"
[2m2025-03-25T07:54:09.190982Z[0m [33m WARN[0m [1mnode[0m[1m{[0m[3mname[0m[2m=[0mk#99f25ef6..[1m}[0m[2m:[0m [2manemo::network[0m[2m:[0m [2m/Users/mofei/.cargo/git/checkouts/anemo-b054b2cc97edf2b7/e609f76/crates/anemo/src/network/mod.rs[0m[2m:[0m[2m202:[0m [3mmsg[0m[2m=[0m"expected socket receive buffer size to be at least 20971520, got 8388608"
[2m2025-03-25T07:54:09.191253Z[0m [32m INFO[0m [1mnode[0m[1m{[0m[3mname[0m[2m=[0mk#99f25ef6..[1m}[0m[2m:[0m [2msui_node[0m[2m:[0m [2mcrates/sui-node/src/lib.rs[0m[2m:[0m[2m1168:[0m P2p network started on 127.0.0.1:60557 [3mserver_name[0m[2m=[0m"bfc-db09b843"
[2m2025-03-25T07:54:09.191557Z[0m [32m INFO[0m [1mnode[0m[1m{[0m[3mname[0m[2m=[0mk#99f25ef6..[1m}[0m[2m:[0m [2msui_node[0m[2m:[0m [2mcrates/sui-node/src/lib.rs[0m[2m:[0m[2m654:[0m start state archival
[2m2025-03-25T07:54:09.191589Z[0m [32m INFO[0m [1mnode[0m[1m{[0m[3mname[0m[2m=[0mk#99f25ef6..[1m}[0m[2m:[0m [2msui_node[0m[2m:[0m [2mcrates/sui-node/src/lib.rs[0m[2m:[0m[2m660:[0m start snapshot upload
[2m2025-03-25T07:54:09.191595Z[0m [32m INFO[0m [1mnode[0m[1m{[0m[3mname[0m[2m=[0mk#99f25ef6..[1m}[0m[2m:[0m [2msui_node[0m[2m:[0m [2mcrates/sui-node/src/lib.rs[0m[2m:[0m[2m666:[0m start db checkpoint
[2m2025-03-25T07:54:09.191668Z[0m [32m INFO[0m [1mnode[0m[1m{[0m[3mname[0m[2m=[0mk#99f25ef6..[1m}[0m[2m:[0m [2msui_node[0m[2m:[0m [2mcrates/sui-node/src/lib.rs[0m[2m:[0m[2m693:[0m create authority state
[2m2025-03-25T07:54:09.192192Z[0m [32m INFO[0m [1mnode[0m[1m{[0m[3mname[0m[2m=[0mk#99f25ef6..[1m}[0m[2m:[0m [2msui_core::authority[0m[2m:[0m [2mcrates/sui-core/src/authority.rs[0m[2m:[0m[2m2885:[0m current protocol version is now ProtocolVersion(46)
[2m2025-03-25T07:54:09.192225Z[0m [32m INFO[0m [1mnode[0m[1m{[0m[3mname[0m[2m=[0mk#99f25ef6..[1m}[0m[2m:[0m [2msui_core::authority[0m[2m:[0m [2mcrates/sui-core/src/authority.rs[0m[2m:[0m[2m2886:[0m supported versions are: SupportedProtocolVersions { min: ProtocolVersion(1), max: ProtocolVersion(70) }
[2m2025-03-25T07:54:09.201455Z[0m [32m INFO[0m [1mnode[0m[1m{[0m[3mname[0m[2m=[0mk#8dcff6d1..[1m}[0m[2m:[0m [2msui_core::authority::authority_store[0m[2m:[0m [2mcrates/sui-core/src/authority/authority_store.rs[0m[2m:[0m[2m1671:[0m Scanned 591 live objects, took 10.240486791s
[2m2025-03-25T07:54:09.201668Z[0m [32m INFO[0m [1mnode[0m[1m{[0m[3mname[0m[2m=[0mk#8dcff6d1..[1m}[0m[2m:[0m [2msui_core::authority::authority_store[0m[2m:[0m [2mcrates/sui-core/src/authority/authority_store.rs[0m[2m:[0m[2m1692:[0m Total BFC amount in the network: 1000900000000000000, storage fund balance: 0,  total storage rebate: 0 at beginning of epoch 0
[2m2025-03-25T07:54:09.202014Z[0m [32m INFO[0m [1mnode[0m[1m{[0m[3mname[0m[2m=[0mk#8dcff6d1..[1m}[0m[2m:[0m [2msui_node[0m[2m:[0m [2mcrates/sui-node/src/lib.rs[0m[2m:[0m[2m564:[0m creating checkpoint store
[2m2025-03-25T07:54:09.233636Z[0m [32m INFO[0m [1mnode[0m[1m{[0m[3mname[0m[2m=[0mk#addeef94..[1m}[0m[2m:[0m [2msui_node[0m[2m:[0m [2mcrates/sui-node/src/lib.rs[0m[2m:[0m[2m573:[0m creating state sync store
[2m2025-03-25T07:54:09.237147Z[0m [32m INFO[0m [1mnode[0m[1m{[0m[3mname[0m[2m=[0mk#addeef94..[1m}[0m[2m:[0m [2msui_node[0m[2m:[0m [2mcrates/sui-node/src/lib.rs[0m[2m:[0m[2m614:[0m creating archive reader
[2m2025-03-25T07:54:09.238948Z[0m [33m WARN[0m [1mnode[0m[1m{[0m[3mname[0m[2m=[0mk#addeef94..[1m}[0m[2m:[0m [2manemo::network[0m[2m:[0m [2m/Users/mofei/.cargo/git/checkouts/anemo-b054b2cc97edf2b7/e609f76/crates/anemo/src/network/mod.rs[0m[2m:[0m[2m175:[0m [3mmsg[0m[2m=[0m"expected socket send buffer size to be at least 20971520, got 8388608"
[2m2025-03-25T07:54:09.238961Z[0m [33m WARN[0m [1mnode[0m[1m{[0m[3mname[0m[2m=[0mk#addeef94..[1m}[0m[2m:[0m [2manemo::network[0m[2m:[0m [2m/Users/mofei/.cargo/git/checkouts/anemo-b054b2cc97edf2b7/e609f76/crates/anemo/src/network/mod.rs[0m[2m:[0m[2m202:[0m [3mmsg[0m[2m=[0m"expected socket receive buffer size to be at least 20971520, got 8388608"
[2m2025-03-25T07:54:09.239029Z[0m [32m INFO[0m [1mnode[0m[1m{[0m[3mname[0m[2m=[0mk#addeef94..[1m}[0m[2m:[0m [2msui_node[0m[2m:[0m [2mcrates/sui-node/src/lib.rs[0m[2m:[0m[2m1168:[0m P2p network started on 127.0.0.1:60585 [3mserver_name[0m[2m=[0m"bfc-db09b843"
[2m2025-03-25T07:54:09.239185Z[0m [32m INFO[0m [1mnode[0m[1m{[0m[3mname[0m[2m=[0mk#addeef94..[1m}[0m[2m:[0m [2msui_node[0m[2m:[0m [2mcrates/sui-node/src/lib.rs[0m[2m:[0m[2m654:[0m start state archival
[2m2025-03-25T07:54:09.239196Z[0m [32m INFO[0m [1mnode[0m[1m{[0m[3mname[0m[2m=[0mk#addeef94..[1m}[0m[2m:[0m [2msui_node[0m[2m:[0m [2mcrates/sui-node/src/lib.rs[0m[2m:[0m[2m660:[0m start snapshot upload
[2m2025-03-25T07:54:09.239202Z[0m [32m INFO[0m [1mnode[0m[1m{[0m[3mname[0m[2m=[0mk#addeef94..[1m}[0m[2m:[0m [2msui_node[0m[2m:[0m [2mcrates/sui-node/src/lib.rs[0m[2m:[0m[2m666:[0m start db checkpoint
[2m2025-03-25T07:54:09.239241Z[0m [32m INFO[0m [1mnode[0m[1m{[0m[3mname[0m[2m=[0mk#addeef94..[1m}[0m[2m:[0m [2msui_node[0m[2m:[0m [2mcrates/sui-node/src/lib.rs[0m[2m:[0m[2m693:[0m create authority state
[2m2025-03-25T07:54:09.239680Z[0m [32m INFO[0m [1mnode[0m[1m{[0m[3mname[0m[2m=[0mk#addeef94..[1m}[0m[2m:[0m [2msui_core::authority[0m[2m:[0m [2mcrates/sui-core/src/authority.rs[0m[2m:[0m[2m2885:[0m current protocol version is now ProtocolVersion(46)
[2m2025-03-25T07:54:09.239688Z[0m [32m INFO[0m [1mnode[0m[1m{[0m[3mname[0m[2m=[0mk#addeef94..[1m}[0m[2m:[0m [2msui_core::authority[0m[2m:[0m [2mcrates/sui-core/src/authority.rs[0m[2m:[0m[2m2886:[0m supported versions are: SupportedProtocolVersions { min: ProtocolVersion(1), max: ProtocolVersion(70) }
[2m2025-03-25T07:54:09.260950Z[0m [32m INFO[0m [1mnode[0m[1m{[0m[3mname[0m[2m=[0mk#8dcff6d1..[1m}[0m[2m:[0m [2msui_node[0m[2m:[0m [2mcrates/sui-node/src/lib.rs[0m[2m:[0m[2m573:[0m creating state sync store
[2m2025-03-25T07:54:09.264434Z[0m [32m INFO[0m [1mnode[0m[1m{[0m[3mname[0m[2m=[0mk#8dcff6d1..[1m}[0m[2m:[0m [2msui_node[0m[2m:[0m [2mcrates/sui-node/src/lib.rs[0m[2m:[0m[2m614:[0m creating archive reader
[2m2025-03-25T07:54:09.266116Z[0m [33m WARN[0m [1mnode[0m[1m{[0m[3mname[0m[2m=[0mk#8dcff6d1..[1m}[0m[2m:[0m [2manemo::network[0m[2m:[0m [2m/Users/mofei/.cargo/git/checkouts/anemo-b054b2cc97edf2b7/e609f76/crates/anemo/src/network/mod.rs[0m[2m:[0m[2m175:[0m [3mmsg[0m[2m=[0m"expected socket send buffer size to be at least 20971520, got 8388608"
[2m2025-03-25T07:54:09.266128Z[0m [33m WARN[0m [1mnode[0m[1m{[0m[3mname[0m[2m=[0mk#8dcff6d1..[1m}[0m[2m:[0m [2manemo::network[0m[2m:[0m [2m/Users/mofei/.cargo/git/checkouts/anemo-b054b2cc97edf2b7/e609f76/crates/anemo/src/network/mod.rs[0m[2m:[0m[2m202:[0m [3mmsg[0m[2m=[0m"expected socket receive buffer size to be at least 20971520, got 8388608"
[2m2025-03-25T07:54:09.266182Z[0m [32m INFO[0m [1mnode[0m[1m{[0m[3mname[0m[2m=[0mk#8dcff6d1..[1m}[0m[2m:[0m [2msui_node[0m[2m:[0m [2mcrates/sui-node/src/lib.rs[0m[2m:[0m[2m1168:[0m P2p network started on 127.0.0.1:60571 [3mserver_name[0m[2m=[0m"bfc-db09b843"
[2m2025-03-25T07:54:09.266326Z[0m [32m INFO[0m [1mnode[0m[1m{[0m[3mname[0m[2m=[0mk#8dcff6d1..[1m}[0m[2m:[0m [2msui_node[0m[2m:[0m [2mcrates/sui-node/src/lib.rs[0m[2m:[0m[2m654:[0m start state archival
[2m2025-03-25T07:54:09.266335Z[0m [32m INFO[0m [1mnode[0m[1m{[0m[3mname[0m[2m=[0mk#8dcff6d1..[1m}[0m[2m:[0m [2msui_node[0m[2m:[0m [2mcrates/sui-node/src/lib.rs[0m[2m:[0m[2m660:[0m start snapshot upload
[2m2025-03-25T07:54:09.266341Z[0m [32m INFO[0m [1mnode[0m[1m{[0m[3mname[0m[2m=[0mk#8dcff6d1..[1m}[0m[2m:[0m [2msui_node[0m[2m:[0m [2mcrates/sui-node/src/lib.rs[0m[2m:[0m[2m666:[0m start db checkpoint
[2m2025-03-25T07:54:09.266377Z[0m [32m INFO[0m [1mnode[0m[1m{[0m[3mname[0m[2m=[0mk#8dcff6d1..[1m}[0m[2m:[0m [2msui_node[0m[2m:[0m [2mcrates/sui-node/src/lib.rs[0m[2m:[0m[2m693:[0m create authority state
[2m2025-03-25T07:54:09.266793Z[0m [32m INFO[0m [1mnode[0m[1m{[0m[3mname[0m[2m=[0mk#8dcff6d1..[1m}[0m[2m:[0m [2msui_core::authority[0m[2m:[0m [2mcrates/sui-core/src/authority.rs[0m[2m:[0m[2m2885:[0m current protocol version is now ProtocolVersion(46)
[2m2025-03-25T07:54:09.266800Z[0m [32m INFO[0m [1mnode[0m[1m{[0m[3mname[0m[2m=[0mk#8dcff6d1..[1m}[0m[2m:[0m [2msui_core::authority[0m[2m:[0m [2mcrates/sui-core/src/authority.rs[0m[2m:[0m[2m2886:[0m supported versions are: SupportedProtocolVersions { min: ProtocolVersion(1), max: ProtocolVersion(70) }
[2m2025-03-25T07:54:09.278295Z[0m [32m INFO[0m [1mnode[0m[1m{[0m[3mname[0m[2m=[0mk#99f25ef6..[1m}[0m[2m:[0m [2msui_core::checkpoints[0m[2m:[0m [2mcrates/sui-core/src/checkpoints/mod.rs[0m[2m:[0m[2m778:[0m rexecuting locally computed checkpoints for crash recovery
[2m2025-03-25T07:54:09.278498Z[0m [32m INFO[0m [1mnode[0m[1m{[0m[3mname[0m[2m=[0mk#99f25ef6..[1m}[0m[2m:[0m [2msui_core::checkpoints[0m[2m:[0m [2mcrates/sui-core/src/checkpoints/mod.rs[0m[2m:[0m[2m786:[0m no locally built checkpoints to verify
[2m2025-03-25T07:54:09.278600Z[0m [32m INFO[0m [1mnode[0m[1m{[0m[3mname[0m[2m=[0mk#99f25ef6..[1m}[0m[2m:[0m [2msui_types::digests[0m[2m:[0m [2mcrates/sui-types/src/digests.rs[0m[2m:[0m[2m217:[0m start unknown chain.....
[2m2025-03-25T07:54:09.282001Z[0m [32m INFO[0m [1mnode[0m[1m{[0m[3mname[0m[2m=[0mk#99f25ef6..[1m}[0m[2m:[0m [2msui_node[0m[2m:[0m [2mcrates/sui-node/src/lib.rs[0m[2m:[0m[2m1516:[0m Listening to traffic on /ip4/127.0.0.1/tcp/60555/http
[2m2025-03-25T07:54:09.282101Z[0m [32m INFO[0m [1mnode[0m[1m{[0m[3mname[0m[2m=[0mk#99f25ef6..[1m}[0m[2m:[0m [2msui_core::checkpoints[0m[2m:[0m [2mcrates/sui-core/src/checkpoints/mod.rs[0m[2m:[0m[2m2358:[0m Starting checkpoint service with 10000 max_transactions_per_checkpoint and 31457280 max_checkpoint_size_bytes
[2m2025-03-25T07:54:09.323827Z[0m [32m INFO[0m [1mnode[0m[1m{[0m[3mname[0m[2m=[0mk#addeef94..[1m}[0m[2m:[0m [2msui_core::checkpoints[0m[2m:[0m [2mcrates/sui-core/src/checkpoints/mod.rs[0m[2m:[0m[2m778:[0m rexecuting locally computed checkpoints for crash recovery
[2m2025-03-25T07:54:09.323880Z[0m [32m INFO[0m [1mnode[0m[1m{[0m[3mname[0m[2m=[0mk#addeef94..[1m}[0m[2m:[0m [2msui_core::checkpoints[0m[2m:[0m [2mcrates/sui-core/src/checkpoints/mod.rs[0m[2m:[0m[2m786:[0m no locally built checkpoints to verify
[2m2025-03-25T07:54:09.323928Z[0m [32m INFO[0m [1mnode[0m[1m{[0m[3mname[0m[2m=[0mk#addeef94..[1m}[0m[2m:[0m [2msui_types::digests[0m[2m:[0m [2mcrates/sui-types/src/digests.rs[0m[2m:[0m[2m217:[0m start unknown chain.....
[2m2025-03-25T07:54:09.326675Z[0m [32m INFO[0m [1mnode[0m[1m{[0m[3mname[0m[2m=[0mk#addeef94..[1m}[0m[2m:[0m [2msui_node[0m[2m:[0m [2mcrates/sui-node/src/lib.rs[0m[2m:[0m[2m1516:[0m Listening to traffic on /ip4/127.0.0.1/tcp/60583/http
[2m2025-03-25T07:54:09.326696Z[0m [32m INFO[0m [1mnode[0m[1m{[0m[3mname[0m[2m=[0mk#addeef94..[1m}[0m[2m:[0m [2msui_core::checkpoints[0m[2m:[0m [2mcrates/sui-core/src/checkpoints/mod.rs[0m[2m:[0m[2m2358:[0m Starting checkpoint service with 10000 max_transactions_per_checkpoint and 31457280 max_checkpoint_size_bytes
[2m2025-03-25T07:54:09.350755Z[0m [32m INFO[0m [1mnode[0m[1m{[0m[3mname[0m[2m=[0mk#8dcff6d1..[1m}[0m[2m:[0m [2msui_core::checkpoints[0m[2m:[0m [2mcrates/sui-core/src/checkpoints/mod.rs[0m[2m:[0m[2m778:[0m rexecuting locally computed checkpoints for crash recovery
[2m2025-03-25T07:54:09.350797Z[0m [32m INFO[0m [1mnode[0m[1m{[0m[3mname[0m[2m=[0mk#8dcff6d1..[1m}[0m[2m:[0m [2msui_core::checkpoints[0m[2m:[0m [2mcrates/sui-core/src/checkpoints/mod.rs[0m[2m:[0m[2m786:[0m no locally built checkpoints to verify
[2m2025-03-25T07:54:09.350837Z[0m [32m INFO[0m [1mnode[0m[1m{[0m[3mname[0m[2m=[0mk#8dcff6d1..[1m}[0m[2m:[0m [2msui_types::digests[0m[2m:[0m [2mcrates/sui-types/src/digests.rs[0m[2m:[0m[2m217:[0m start unknown chain.....
[2m2025-03-25T07:54:09.353467Z[0m [32m INFO[0m [1mnode[0m[1m{[0m[3mname[0m[2m=[0mk#8dcff6d1..[1m}[0m[2m:[0m [2msui_node[0m[2m:[0m [2mcrates/sui-node/src/lib.rs[0m[2m:[0m[2m1516:[0m Listening to traffic on /ip4/127.0.0.1/tcp/60569/http
[2m2025-03-25T07:54:09.353483Z[0m [32m INFO[0m [1mnode[0m[1m{[0m[3mname[0m[2m=[0mk#8dcff6d1..[1m}[0m[2m:[0m [2msui_core::checkpoints[0m[2m:[0m [2mcrates/sui-core/src/checkpoints/mod.rs[0m[2m:[0m[2m2358:[0m Starting checkpoint service with 10000 max_transactions_per_checkpoint and 31457280 max_checkpoint_size_bytes
[2m2025-03-25T07:54:09.354879Z[0m [32m INFO[0m [1mnode[0m[1m{[0m[3mname[0m[2m=[0mk#99f25ef6..[1m}[0m[2m:[0m [2mfastcrypto_tbls::dkg_v1[0m[2m:[0m [2m/Users/mofei/.cargo/git/checkouts/fastcrypto-b430feb5437546af/9519ebc/fastcrypto-tbls/src/dkg_v1.rs[0m[2m:[0m[2m187:[0m DKG: Creating party 1 with weight 555, nodes hash f8yBRY9M4SMEL5z9jPzOnJR09FRGkM1GF5Ro6KEbBAI=, t 556, n 1665, ro RandomOracle { prefix: "dkg db09b843c668fcf30523b0e52d52f681033f1a8a9705be428a372a19b36dbe6f 0" }, enc pk PublicKey("99f25ef61f8032b914636460982c5cc6f134ef1ddae76657f2cbfec1ebfc8d097374080df6fcf0dcb8bc4b0d8e0af5d80ebbff2b4c599f54f42d6312dfc314276078c1cc347ebbbec5198be258513f386b930d02c2749a803e2330955ebd1a10"), vss pk c0 "a429782d3b5fa2c2529fb256ed78f62f710912eed0023124d7955be2f727d1424fd959484af28343284fc2b038041d7503a37271b249e7eebe3625937973c18598acf9ca3f14f45153daeba5d3b5aa909402b3c6be799b727d97738a77182fe2"
[2m2025-03-25T07:54:09.354932Z[0m [32m INFO[0m [1mnode[0m[1m{[0m[3mname[0m[2m=[0mk#99f25ef6..[1m}[0m[2m:[0m [2msui_core::epoch::randomness[0m[2m:[0m [2mcrates/sui-core/src/epoch/randomness.rs[0m[2m:[0m[2m274:[0m random beacon: state initialized with authority=k#99f25ef61f8032b914636460982c5cc6f134ef1ddae76657f2cbfec1ebfc8d097374080df6fcf0dcb8bc4b0d8e0af5d80ebbff2b4c599f54f42d6312dfc314276078c1cc347ebbbec5198be258513f386b930d02c2749a803e2330955ebd1a10, total_weight=1665, t=556, num_nodes=3, oracle initial_prefix="dkg db09b843c668fcf30523b0e52d52f681033f1a8a9705be428a372a19b36dbe6f 0"
[2m2025-03-25T07:54:09.354995Z[0m [32m INFO[0m [1mnode[0m[1m{[0m[3mname[0m[2m=[0mk#99f25ef6..[1m}[0m[2m:[0m [2msui_core::epoch::randomness[0m[2m:[0m [2mcrates/sui-core/src/epoch/randomness.rs[0m[2m:[0m[2m323:[0m random beacon: no existing DKG output found for epoch 0
[2m2025-03-25T07:54:09.355289Z[0m [32m INFO[0m [1mnode[0m[1m{[0m[3mname[0m[2m=[0mk#99f25ef6..[1m}[0m[2m:[0m [2msui_core::epoch::randomness[0m[2m:[0m [2mcrates/sui-core/src/epoch/randomness.rs[0m[2m:[0m[2m365:[0m random beacon: starting from next_randomness_round=0
[2m2025-03-25T07:54:09.355303Z[0m [32m INFO[0m [1mnode[0m[1m{[0m[3mname[0m[2m=[0mk#99f25ef6..[1m}[0m[2m:[0m [2msui_core::epoch::randomness[0m[2m:[0m [2mcrates/sui-core/src/epoch/randomness.rs[0m[2m:[0m[2m397:[0m random beacon: starting DKG, version 1
[2m2025-03-25T07:54:09.389211Z[0m [32m INFO[0m [1mnode[0m[1m{[0m[3mname[0m[2m=[0mk#b3f3cbb4..[1m}[0m[2m:[0m [2msui_core::jsonrpc_index[0m[2m:[0m [2mcrates/sui-core/src/jsonrpc_index.rs[0m[2m:[0m[2m317:[0m Initializing JSON-RPC coin index
[2m2025-03-25T07:54:09.399009Z[0m [32m INFO[0m [1mnode[0m[1m{[0m[3mname[0m[2m=[0mk#addeef94..[1m}[0m[2m:[0m [2mfastcrypto_tbls::dkg_v1[0m[2m:[0m [2m/Users/mofei/.cargo/git/checkouts/fastcrypto-b430feb5437546af/9519ebc/fastcrypto-tbls/src/dkg_v1.rs[0m[2m:[0m[2m187:[0m DKG: Creating party 2 with weight 555, nodes hash f8yBRY9M4SMEL5z9jPzOnJR09FRGkM1GF5Ro6KEbBAI=, t 556, n 1665, ro RandomOracle { prefix: "dkg db09b843c668fcf30523b0e52d52f681033f1a8a9705be428a372a19b36dbe6f 0" }, enc pk PublicKey("addeef94d898c88e40dbdeff91c5f105f9cf2c747fb6f2bc37ec03d6c91edb2e1a578cf544be8b0931e25f243d59b0c30d98a16ce3ba1d6cf1d7f50426992eb0adb3134b055be8140d2db5f25fb00d83f8e4222bf01fd6ac93a1ff4d79da58f2"), vss pk c0 "a280562b44ddac016e71b8ed4b89a709ca875b055e09950eb54f2fe7ccf48726ca56f197b21f359675a9dbf196cb6b4e142e6c627d896af8b95c3ae348b351e045d4ba265fb50173822d64c6c5fd14708c3fe98ffcca74070c6a886f63fca720"
[2m2025-03-25T07:54:09.399040Z[0m [32m INFO[0m [1mnode[0m[1m{[0m[3mname[0m[2m=[0mk#addeef94..[1m}[0m[2m:[0m [2msui_core::epoch::randomness[0m[2m:[0m [2mcrates/sui-core/src/epoch/randomness.rs[0m[2m:[0m[2m274:[0m random beacon: state initialized with authority=k#addeef94d898c88e40dbdeff91c5f105f9cf2c747fb6f2bc37ec03d6c91edb2e1a578cf544be8b0931e25f243d59b0c30d98a16ce3ba1d6cf1d7f50426992eb0adb3134b055be8140d2db5f25fb00d83f8e4222bf01fd6ac93a1ff4d79da58f2, total_weight=1665, t=556, num_nodes=3, oracle initial_prefix="dkg db09b843c668fcf30523b0e52d52f681033f1a8a9705be428a372a19b36dbe6f 0"
[2m2025-03-25T07:54:09.399067Z[0m [32m INFO[0m [1mnode[0m[1m{[0m[3mname[0m[2m=[0mk#addeef94..[1m}[0m[2m:[0m [2msui_core::epoch::randomness[0m[2m:[0m [2mcrates/sui-core/src/epoch/randomness.rs[0m[2m:[0m[2m323:[0m random beacon: no existing DKG output found for epoch 0
[2m2025-03-25T07:54:09.399126Z[0m [32m INFO[0m [1mnode[0m[1m{[0m[3mname[0m[2m=[0mk#addeef94..[1m}[0m[2m:[0m [2msui_core::epoch::randomness[0m[2m:[0m [2mcrates/sui-core/src/epoch/randomness.rs[0m[2m:[0m[2m365:[0m random beacon: starting from next_randomness_round=0
[2m2025-03-25T07:54:09.399137Z[0m [32m INFO[0m [1mnode[0m[1m{[0m[3mname[0m[2m=[0mk#addeef94..[1m}[0m[2m:[0m [2msui_core::epoch::randomness[0m[2m:[0m [2mcrates/sui-core/src/epoch/randomness.rs[0m[2m:[0m[2m397:[0m random beacon: starting DKG, version 1
[2m2025-03-25T07:54:09.423944Z[0m [32m INFO[0m [1mnode[0m[1m{[0m[3mname[0m[2m=[0mk#b3f3cbb4..[1m}[0m[2m:[0m [2msui_core::par_index_live_object_set[0m[2m:[0m [2mcrates/sui-core/src/par_index_live_object_set.rs[0m[2m:[0m[2m40:[0m Indexing Live Object Set
[2m2025-03-25T07:54:09.426020Z[0m [32m INFO[0m [1mnode[0m[1m{[0m[3mname[0m[2m=[0mk#99f25ef6..[1m}[0m[2m:[0m [2mfastcrypto_tbls::dkg_v1[0m[2m:[0m [2m/Users/mofei/.cargo/git/checkouts/fastcrypto-b430feb5437546af/9519ebc/fastcrypto-tbls/src/dkg_v1.rs[0m[2m:[0m[2m225:[0m DKG: Creating message for party 1 with vss pk c0 "a429782d3b5fa2c2529fb256ed78f62f710912eed0023124d7955be2f727d1424fd959484af28343284fc2b038041d7503a37271b249e7eebe3625937973c18598acf9ca3f14f45153daeba5d3b5aa909402b3c6be799b727d97738a77182fe2", ro RandomOracle { prefix: "dkg db09b843c668fcf30523b0e52d52f681033f1a8a9705be428a372a19b36dbe6f 0-encs 1" }
[2m2025-03-25T07:54:09.426978Z[0m [32m INFO[0m [1mnode[0m[1m{[0m[3mname[0m[2m=[0mk#8dcff6d1..[1m}[0m[2m:[0m [2mfastcrypto_tbls::dkg_v1[0m[2m:[0m [2m/Users/mofei/.cargo/git/checkouts/fastcrypto-b430feb5437546af/9519ebc/fastcrypto-tbls/src/dkg_v1.rs[0m[2m:[0m[2m187:[0m DKG: Creating party 0 with weight 555, nodes hash f8yBRY9M4SMEL5z9jPzOnJR09FRGkM1GF5Ro6KEbBAI=, t 556, n 1665, ro RandomOracle { prefix: "dkg db09b843c668fcf30523b0e52d52f681033f1a8a9705be428a372a19b36dbe6f 0" }, enc pk PublicKey("8dcff6d155040a656f4819b13111b52c5746a86ba72f395fbafe2ec3847d1e8140e624a751fdf6b5f2050bc7205cf9d30004c90b0c740affd326ce673cc2b23a2d24d53e2afeb286dfc668fd4060089d6d2b17b799dd36f90d332e54a7a338d4"), vss pk c0 "8b6dfa7ae12ab091824113d7c29438d8d558fb027fb092d542d5f913704f7f97fc5a39885d8bad03486fb0e5dfb81dd40ba61e25549265a9fb6139dd96aa724c9db3529ceb40c88dcceb741c3a5c5974ae2d6c99514502fffdec27ea0017925f"
[2m2025-03-25T07:54:09.427003Z[0m [32m INFO[0m [1mnode[0m[1m{[0m[3mname[0m[2m=[0mk#8dcff6d1..[1m}[0m[2m:[0m [2msui_core::epoch::randomness[0m[2m:[0m [2mcrates/sui-core/src/epoch/randomness.rs[0m[2m:[0m[2m274:[0m random beacon: state initialized with authority=k#8dcff6d155040a656f4819b13111b52c5746a86ba72f395fbafe2ec3847d1e8140e624a751fdf6b5f2050bc7205cf9d30004c90b0c740affd326ce673cc2b23a2d24d53e2afeb286dfc668fd4060089d6d2b17b799dd36f90d332e54a7a338d4, total_weight=1665, t=556, num_nodes=3, oracle initial_prefix="dkg db09b843c668fcf30523b0e52d52f681033f1a8a9705be428a372a19b36dbe6f 0"
[2m2025-03-25T07:54:09.427027Z[0m [32m INFO[0m [1mnode[0m[1m{[0m[3mname[0m[2m=[0mk#8dcff6d1..[1m}[0m[2m:[0m [2msui_core::epoch::randomness[0m[2m:[0m [2mcrates/sui-core/src/epoch/randomness.rs[0m[2m:[0m[2m323:[0m random beacon: no existing DKG output found for epoch 0
[2m2025-03-25T07:54:09.427080Z[0m [32m INFO[0m [1mnode[0m[1m{[0m[3mname[0m[2m=[0mk#8dcff6d1..[1m}[0m[2m:[0m [2msui_core::epoch::randomness[0m[2m:[0m [2mcrates/sui-core/src/epoch/randomness.rs[0m[2m:[0m[2m365:[0m random beacon: starting from next_randomness_round=0
[2m2025-03-25T07:54:09.427089Z[0m [32m INFO[0m [1mnode[0m[1m{[0m[3mname[0m[2m=[0mk#8dcff6d1..[1m}[0m[2m:[0m [2msui_core::epoch::randomness[0m[2m:[0m [2mcrates/sui-core/src/epoch/randomness.rs[0m[2m:[0m[2m397:[0m random beacon: starting DKG, version 1
[2m2025-03-25T07:54:09.428039Z[0m [32m INFO[0m [1mnode[0m[1m{[0m[3mname[0m[2m=[0mk#b3f3cbb4..[1m}[0m[2m:[0m [2msui_core::par_index_live_object_set[0m[2m:[0m [2mcrates/sui-core/src/par_index_live_object_set.rs[0m[2m:[0m[2m60:[0m Indexing Live Object Set took 0 seconds
[2m2025-03-25T07:54:09.428047Z[0m [32m INFO[0m [1mnode[0m[1m{[0m[3mname[0m[2m=[0mk#b3f3cbb4..[1m}[0m[2m:[0m [2msui_core::jsonrpc_index[0m[2m:[0m [2mcrates/sui-core/src/jsonrpc_index.rs[0m[2m:[0m[2m329:[0m Finished initializing JSON-RPC coin index
[2m2025-03-25T07:54:09.457250Z[0m [32m INFO[0m [1mnode[0m[1m{[0m[3mname[0m[2m=[0mk#b3f3cbb4..[1m}[0m[2m:[0m [2msui_core::rpc_index[0m[2m:[0m [2mcrates/sui-core/src/rpc_index.rs[0m[2m:[0m[2m184:[0m Initializing RPC indexes
[2m2025-03-25T07:54:09.457270Z[0m [32m INFO[0m [1mnode[0m[1m{[0m[3mname[0m[2m=[0mk#b3f3cbb4..[1m}[0m[2m:[0m [2msui_core::par_index_live_object_set[0m[2m:[0m [2mcrates/sui-core/src/par_index_live_object_set.rs[0m[2m:[0m[2m40:[0m Indexing Live Object Set
[2m2025-03-25T07:54:09.542396Z[0m [32m INFO[0m [1mnode[0m[1m{[0m[3mname[0m[2m=[0mk#99f25ef6..[1m}[0m[2m:[0m [2msui_core::epoch::randomness[0m[2m:[0m [2mcrates/sui-core/src/epoch/randomness.rs[0m[2m:[0m[2m414:[0m random beacon: created DKG V1 Message with sender=1, vss_pk.degree=555, encrypted_shares.len()=3 with dkg version 1
[2m2025-03-25T07:54:09.543150Z[0m [32m INFO[0m [1mnode[0m[1m{[0m[3mname[0m[2m=[0mk#addeef94..[1m}[0m[2m:[0m [2mfastcrypto_tbls::dkg_v1[0m[2m:[0m [2m/Users/mofei/.cargo/git/checkouts/fastcrypto-b430feb5437546af/9519ebc/fastcrypto-tbls/src/dkg_v1.rs[0m[2m:[0m[2m225:[0m DKG: Creating message for party 2 with vss pk c0 "a280562b44ddac016e71b8ed4b89a709ca875b055e09950eb54f2fe7ccf48726ca56f197b21f359675a9dbf196cb6b4e142e6c627d896af8b95c3ae348b351e045d4ba265fb50173822d64c6c5fd14708c3fe98ffcca74070c6a886f63fca720", ro RandomOracle { prefix: "dkg db09b843c668fcf30523b0e52d52f681033f1a8a9705be428a372a19b36dbe6f 0-encs 2" }
[2m2025-03-25T07:54:09.553168Z[0m [32m INFO[0m [1mnode[0m[1m{[0m[3mname[0m[2m=[0mk#99f25ef6..[1m}[0m[2m:[0m [2msui_types::digests[0m[2m:[0m [2mcrates/sui-types/src/digests.rs[0m[2m:[0m[2m217:[0m start unknown chain.....
[2m2025-03-25T07:54:09.553264Z[0m [32m INFO[0m [1mnode[0m[1m{[0m[3mname[0m[2m=[0mk#99f25ef6..[1m}[0m[2m:[0m [2msui_core::consensus_validator[0m[2m:[0m [2mcrates/sui-core/src/consensus_validator.rs[0m[2m:[0m[2m44:[0m SuiTxValidator constructed for epoch 0
[2m2025-03-25T07:54:09.553282Z[0m [32m INFO[0m [1mnode[0m[1m{[0m[3mname[0m[2m=[0mk#99f25ef6..[1m}[0m[2m:[0m [2msui_core::consensus_manager[0m[2m:[0m [2mcrates/sui-core/src/consensus_manager/mod.rs[0m[2m:[0m[2m131:[0m Starting consensus ...
[2m2025-03-25T07:54:09.553428Z[0m [32m INFO[0m [1mnode[0m[1m{[0m[3mname[0m[2m=[0mk#99f25ef6..[1m}[0m[2m:[0m [2msui_core::consensus_manager[0m[2m:[0m [2mcrates/sui-core/src/consensus_manager/mod.rs[0m[2m:[0m[2m271:[0m Starting up consensus for epoch 0 & protocol version ProtocolVersion(46)
[2m2025-03-25T07:54:09.553922Z[0m [32m INFO[0m [1mnode[0m[1m{[0m[3mname[0m[2m=[0mk#99f25ef6..[1m}[0m[2m:[0m [2msui_core::consensus_manager::mysticeti_manager[0m[2m:[0m [2mcrates/sui-core/src/consensus_manager/mysticeti_manager.rs[0m[2m:[0m[2m169:[0m Node has not participated in previous run. Boot counter will not increment 0
[2m2025-03-25T07:54:09.554220Z[0m [32m INFO[0m [1mnode[0m[1m{[0m[3mname[0m[2m=[0mk#99f25ef6..[1m}[0m[2m:[0m [2mconsensus_core::authority_node[0m[2m:[0m [2mconsensus/core/src/authority_node.rs[0m[2m:[0m[2m179:[0m Starting consensus authority B
Committee {
    epoch: 0,
    total_stake: 10000,
    quorum_threshold: 6667,
    validity_threshold: 3334,
    authorities: [
        Authority {
            stake: 3333,
            address: Multiaddr(
                "/ip4/127.0.0.1/udp/60577",
            ),
            hostname: "validator-1",
            authority_key: AuthorityPublicKey(
                jc/20VUECmVvSBmxMRG1LFdGqGunLzlfuv4uw4R9HoFA5iSnUf32tfIFC8cgXPnTAATJCwx0Cv/TJs5nPMKyOi0k1T4q/rKG38Zo/UBgCJ1tKxe3md02+Q0zLlSnozjU,
            ),
            protocol_key: ProtocolPublicKey(
                dFfwLwlGeYc5T1q8DZfxLp/61Y7ZivWIuvkzDBIQQYs=,
            ),
            network_key: NetworkPublicKey(
                ghb/z/CptBLwXN7pZQoUXGLGoxLLqMJh+4Nfl68caR4=,
            ),
        },
        Authority {
            stake: 3333,
            address: Multiaddr(
                "/ip4/127.0.0.1/udp/60563",
            ),
            hostname: "validator-0",
            authority_key: AuthorityPublicKey(
                mfJe9h+AMrkUY2RgmCxcxvE07x3a52ZX8sv+wev8jQlzdAgN9vzw3Li8Sw2OCvXYDrv/K0xZn1T0LWMS38MUJ2B4wcw0fru+xRmL4lhRPzhrkw0CwnSagD4jMJVevRoQ,
            ),
            protocol_key: ProtocolPublicKey(
                qMuDUMcA6gv6xxPfiNpAvqtLcFcm7/ms8jz6bp+EZRk=,
            ),
            network_key: NetworkPublicKey(
                aSLFgxy46Xguf+rQrXAORpUC++YB1bDQv6ELJTb+sT0=,
            ),
        },
        Authority {
            stake: 3334,
            address: Multiaddr(
                "/ip4/127.0.0.1/udp/60591",
            ),
            hostname: "validator-2",
            authority_key: AuthorityPublicKey(
                rd7vlNiYyI5A297/kcXxBfnPLHR/tvK8N+wD1ske2y4aV4z1RL6LCTHiXyQ9WbDDDZihbOO6HWzx1/UEJpkusK2zE0sFW+gUDS218l+wDYP45CIr8B/WrJOh/0152ljy,
            ),
            protocol_key: ProtocolPublicKey(
                PnrLy1JTYKAm4dBM2Qbe0AKYb4ivKzqnbeZqb1fg4m4=,
            ),
            network_key: NetworkPublicKey(
                1rtaG7LqAQU9mLEEbtFfVNM7BcrMB++C7CD07GJlGVU=,
            ),
        },
    ],
}
Parameters {
    db_path: "/var/folders/9l/kfqd6hv17d1_8yxpd6zwys8m0000gn/T/.tmpDLzveR/consensus_db/99f25ef61f80/0",
    leader_timeout: 250ms,
    min_round_delay: 400ms,
    max_forward_time_drift: 500ms,
    max_blocks_per_fetch: 1000,
    sync_last_known_own_block_timeout: 5s,
    round_prober_interval_ms: 5000,
    round_prober_request_timeout_ms: 2000,
    propagation_delay_stop_proposal_threshold: 10,
    dag_state_cached_rounds: 500,
    commit_sync_parallel_fetches: 8,
    commit_sync_batch_size: 100,
    commit_sync_batches_ahead: 32,
    anemo: AnemoParameters {
        excessive_message_size: 8388608,
    },
    tonic: TonicParameters {
        keepalive_interval: 5s,
        connection_buffer_size: 33554432,
        excessive_message_size: 16777216,
        message_size_limit: 67108864,
    },
}
ProtocolVersion(46)
Boot counter: 0
[2m2025-03-25T07:54:09.704956Z[0m [32m INFO[0m [1mnode[0m[1m{[0m[3mname[0m[2m=[0mk#99f25ef6..[1m}[0m[2m:[0m [2mconsensus_core::dag_state[0m[2m:[0m [2mconsensus/core/src/dag_state.rs[0m[2m:[0m[2m129:[0m Found no stored CommitInfo to recover from
[2m2025-03-25T07:54:09.705050Z[0m [32m INFO[0m [1mnode[0m[1m{[0m[3mname[0m[2m=[0mk#99f25ef6..[1m}[0m[2m:[0m [2mconsensus_core::dag_state[0m[2m:[0m [2mconsensus/core/src/dag_state.rs[0m[2m:[0m[2m153:[0m DagState was initialized with the following state: None; [0, 0, 0]; 0 unscored committed subdags;
[2m2025-03-25T07:54:09.705812Z[0m [32m INFO[0m [1mnode[0m[1m{[0m[3mname[0m[2m=[0mk#99f25ef6..[1m}[0m[2m:[0m [2mconsensus_core::dag_state[0m[2m:[0m [2mconsensus/core/src/dag_state.rs[0m[2m:[0m[2m226:[0m Recovered blocks A: []
[2m2025-03-25T07:54:09.705898Z[0m [32m INFO[0m [1mnode[0m[1m{[0m[3mname[0m[2m=[0mk#99f25ef6..[1m}[0m[2m:[0m [2mconsensus_core::dag_state[0m[2m:[0m [2mconsensus/core/src/dag_state.rs[0m[2m:[0m[2m226:[0m Recovered blocks B: []
[2m2025-03-25T07:54:09.705975Z[0m [32m INFO[0m [1mnode[0m[1m{[0m[3mname[0m[2m=[0mk#99f25ef6..[1m}[0m[2m:[0m [2mconsensus_core::dag_state[0m[2m:[0m [2mconsensus/core/src/dag_state.rs[0m[2m:[0m[2m226:[0m Recovered blocks C: []
[2m2025-03-25T07:54:09.706024Z[0m [32m INFO[0m [1mnode[0m[1m{[0m[3mname[0m[2m=[0mk#99f25ef6..[1m}[0m[2m:[0m [2mconsensus_core::authority_node[0m[2m:[0m [2mconsensus/core/src/authority_node.rs[0m[2m:[0m[2m226:[0m Sync last known own block: true
[2m2025-03-25T07:54:09.706180Z[0m [32m INFO[0m [1mnode[0m[1m{[0m[3mname[0m[2m=[0mk#99f25ef6..[1m}[0m[2m:[0m [2mconsensus_core::leader_schedule[0m[2m:[0m [2mconsensus/core/src/leader_schedule.rs[0m[2m:[0m[2m79:[0m LeaderSchedule recovered using LeaderSwapTable for CommitRange(0..=0), good_nodes: [] with stake: 0, bad_nodes: Map { iter: [] } with stake: 0. There are 0 pending unscored subdags in DagState.
[2m2025-03-25T07:54:09.706362Z[0m [32m INFO[0m [1mnode[0m[1m{[0m[3mname[0m[2m=[0mk#99f25ef6..[1m}[0m[2m:[0m [2mconsensus_core::commit_observer[0m[2m:[0m [2mconsensus/core/src/commit_observer.rs[0m[2m:[0m[2m126:[0m Recovering commit observer after index 0 with last commit 0 and 0 unsent commits
[2m2025-03-25T07:54:09.706384Z[0m [32m INFO[0m [1mnode[0m[1m{[0m[3mname[0m[2m=[0mk#99f25ef6..[1m}[0m[2m:[0m [2mconsensus_core::commit_observer[0m[2m:[0m [2mconsensus/core/src/commit_observer.rs[0m[2m:[0m[2m162:[0m Commit observer recovery completed, took 139.5µs
[2m2025-03-25T07:54:09.706868Z[0m [32m INFO[0m [1mnode[0m[1m{[0m[3mname[0m[2m=[0mk#99f25ef6..[1m}[0m[2m:[0m [2mconsensus_core::core[0m[2m:[0m [2mconsensus/core/src/core.rs[0m[2m:[0m[2m230:[0m Core recovery completed with last proposed block B0(B,eDMXObWWmFR7PM9GMWum85qboMAKKzwONnU5npeqDeQ=)(0ms;[];0t;0c)
[2m2025-03-25T07:54:09.707406Z[0m [32m INFO[0m [1mnode[0m[1m{[0m[3mname[0m[2m=[0mk#99f25ef6..[1m}[0m[2m:[0m [2mconsensus_core::network::tonic_network[0m[2m:[0m [2mconsensus/core/src/network/tonic_network.rs[0m[2m:[0m[2m705:[0m Starting tonic service
[2m2025-03-25T07:54:09.710556Z[0m [32m INFO[0m [1mnode[0m[1m{[0m[3mname[0m[2m=[0mk#99f25ef6..[1m}[0m[2m:[0m [2mconsensus_core::network::tonic_network[0m[2m:[0m [2mconsensus/core/src/network/tonic_network.rs[0m[2m:[0m[2m794:[0m Binding tonic server to address 127.0.0.1:60563
[2m2025-03-25T07:54:09.710603Z[0m [32m INFO[0m [1mnode[0m[1m{[0m[3mname[0m[2m=[0mk#99f25ef6..[1m}[0m[2m:[0m [2mconsensus_core::network::tonic_network[0m[2m:[0m [2mconsensus/core/src/network/tonic_network.rs[0m[2m:[0m[2m800:[0m Successfully bound tonic server to address 127.0.0.1:60563
[2m2025-03-25T07:54:09.710708Z[0m [32m INFO[0m [1mnode[0m[1m{[0m[3mname[0m[2m=[0mk#99f25ef6..[1m}[0m[2m:[0m [2mconsensus_core::network::tonic_network[0m[2m:[0m [2mconsensus/core/src/network/tonic_network.rs[0m[2m:[0m[2m965:[0m Server started at: 127.0.0.1:60563
[2m2025-03-25T07:54:09.710726Z[0m [32m INFO[0m [1mnode[0m[1m{[0m[3mname[0m[2m=[0mk#99f25ef6..[1m}[0m[2m:[0m [2mconsensus_core::authority_node[0m[2m:[0m [2mconsensus/core/src/authority_node.rs[0m[2m:[0m[2m341:[0m Consensus authority started, took 155.442458ms
[2m2025-03-25T07:54:09.711008Z[0m [32m INFO[0m [1mnode[0m[1m{[0m[3mname[0m[2m=[0mk#99f25ef6..[1m}[0m[2m:[0m [2msui_core::consensus_manager[0m[2m:[0m [2mcrates/sui-core/src/consensus_manager/mod.rs[0m[2m:[0m[2m321:[0m Starting up consensus for epoch 0 & protocol version ProtocolVersion(46) is complete - took 0.157572 seconds
[2m2025-03-25T07:54:09.711080Z[0m [32m INFO[0m [1mnode[0m[1m{[0m[3mname[0m[2m=[0mk#99f25ef6..[1m}[0m[2m:[0m [2msui_types::digests[0m[2m:[0m [2mcrates/sui-types/src/digests.rs[0m[2m:[0m[2m217:[0m start unknown chain.....
[2m2025-03-25T07:54:09.734551Z[0m [32m INFO[0m [1mnode[0m[1m{[0m[3mname[0m[2m=[0mk#99f25ef6..[1m}[0m[2m:[0m [2msui_node[0m[2m:[0m [2mcrates/sui-node/src/lib.rs[0m[2m:[0m[2m310:[0m Starting JWK updater tasks with supported providers: [Apple, Arden, AwsTenant(("eu-west-3", "eu-west-3_gGVCx53Es")), AwsTenant(("us-east-1", "us-east-1_LPSLCkC3A")), AwsTenant(("us-east-1", "us-east-1_qPsZxYqd8")), Credenza3, Facebook, FanTV, Google, Kakao, KarrierOne, Microsoft, Onefc, Playtron, Slack, TestIssuer, Threedos, Twitch] [3mfetch_interval[0m[2m=[0m3600s
[2m2025-03-25T07:54:09.738028Z[0m [32m INFO[0m [1mnode[0m[1m{[0m[3mname[0m[2m=[0mk#99f25ef6..[1m}[0m[2m:[0m [2msui_node[0m[2m:[0m [2mcrates/sui-node/src/lib.rs[0m[2m:[0m[2m868:[0m BFCNode started!
[2m2025-03-25T07:54:09.743483Z[0m [32m INFO[0m [1mnode[0m[1m{[0m[3mname[0m[2m=[0mk#99f25ef6..[1m}[0m[2m:[0m[1mconnection-manager[0m[1m{[0m[3mpeer[0m[2m=[0m6922c583[1m}[0m[2m:[0m [2manemo::network::connection_manager[0m[2m:[0m [2m/Users/mofei/.cargo/git/checkouts/anemo-b054b2cc97edf2b7/e609f76/crates/anemo/src/network/connection_manager.rs[0m[2m:[0m[2m105:[0m ConnectionManager started
[2m2025-03-25T07:54:09.743604Z[0m [32m INFO[0m [1mnode[0m[1m{[0m[3mname[0m[2m=[0mk#99f25ef6..[1m}[0m[2m:[0m [2msui_network::discovery[0m[2m:[0m [2mcrates/sui-network/src/discovery/mod.rs[0m[2m:[0m[2m131:[0m Discovery started
[2m2025-03-25T07:54:09.743915Z[0m [32m INFO[0m [1mnode[0m[1m{[0m[3mname[0m[2m=[0mk#99f25ef6..[1m}[0m[2m:[0m [2msui_network::state_sync[0m[2m:[0m [2mcrates/sui-network/src/state_sync/mod.rs[0m[2m:[0m[2m393:[0m State-Synchronizer started
[2m2025-03-25T07:54:09.743998Z[0m [32m INFO[0m [1mnode[0m[1m{[0m[3mname[0m[2m=[0mk#99f25ef6..[1m}[0m[2m:[0m [2msui_network::randomness[0m[2m:[0m [2mcrates/sui-network/src/randomness/mod.rs[0m[2m:[0m[2m243:[0m Randomness network event loop started
[2m2025-03-25T07:54:09.744389Z[0m [32m INFO[0m [1mnode[0m[1m{[0m[3mname[0m[2m=[0mk#99f25ef6..[1m}[0m[2m:[0m [2msui_core::execution_driver[0m[2m:[0m [2mcrates/sui-core/src/execution_driver.rs[0m[2m:[0m[2m42:[0m Starting pending certificates execution process.
[2m2025-03-25T07:54:09.744439Z[0m [32m INFO[0m [1mnode[0m[1m{[0m[3mname[0m[2m=[0mk#99f25ef6..[1m}[0m[2m:[0m [2msui_types::digests[0m[2m:[0m [2mcrates/sui-types/src/digests.rs[0m[2m:[0m[2m217:[0m start unknown chain.....
[2m2025-03-25T07:54:09.744481Z[0m [32m INFO[0m [1mnode[0m[1m{[0m[3mname[0m[2m=[0mk#99f25ef6..[1m}[0m[2m:[0m [2msui_core::authority[0m[2m:[0m [2mcrates/sui-core/src/authority.rs[0m[2m:[0m[2m5442:[0m RandomnessRoundReceiver event loop started
[2m2025-03-25T07:54:09.744569Z[0m [32m INFO[0m [1mnode[0m[1m{[0m[3mname[0m[2m=[0mk#99f25ef6..[1m}[0m[2m:[0m [2mconsensus_core::network::connection_monitor[0m[2m:[0m [2mconsensus/core/src/network/connection_monitor.rs[0m[2m:[0m[2m61:[0m Spawning future consensus/core/src/network/connection_monitor.rs:AnemoConnectionMonitor
[2m2025-03-25T07:54:09.744608Z[0m [32m INFO[0m [1mnode[0m[1m{[0m[3mname[0m[2m=[0mk#99f25ef6..[1m}[0m[2m:[0m [2msui_core::epoch::consensus_store_pruner[0m[2m:[0m [2mcrates/sui-core/src/epoch/consensus_store_pruner.rs[0m[2m:[0m[2m67:[0m Spawning future crates/sui-core/src/epoch/consensus_store_pruner.rs:67
[2m2025-03-25T07:54:09.744615Z[0m [32m INFO[0m [1mnode[0m[1m{[0m[3mname[0m[2m=[0mk#99f25ef6..[1m}[0m[2m:[0m [2msui_core::epoch::consensus_store_pruner[0m[2m:[0m [2mcrates/sui-core/src/epoch/consensus_store_pruner.rs[0m[2m:[0m[2m68:[0m Starting consensus store pruner with epoch retention 0 and prune period 3600s
[2m2025-03-25T07:54:09.744768Z[0m [32m INFO[0m [1mnode[0m[1m{[0m[3mname[0m[2m=[0mk#99f25ef6..[1m}[0m[2m:[0m [2msui_core::overload_monitor[0m[2m:[0m [2mcrates/sui-core/src/overload_monitor.rs[0m[2m:[0m[2m56:[0m Starting system overload monitor.
[2m2025-03-25T07:54:09.744816Z[0m [32m INFO[0m [1mnode[0m[1m{[0m[3mname[0m[2m=[0mk#99f25ef6..[1m}[0m[2m:[0m [2msui_core::checkpoints[0m[2m:[0m [2mcrates/sui-core/src/checkpoints/mod.rs[0m[2m:[0m[2m943:[0m Starting CheckpointBuilder
[2m2025-03-25T07:54:09.745173Z[0m [32m INFO[0m [1mnode[0m[1m{[0m[3mname[0m[2m=[0mk#99f25ef6..[1m}[0m[2m:[0m [2msui_core::checkpoints[0m[2m:[0m [2mcrates/sui-core/src/checkpoints/mod.rs[0m[2m:[0m[2m1916:[0m Starting CheckpointAggregator
[2m2025-03-25T07:54:09.746062Z[0m [32m INFO[0m [1mnode[0m[1m{[0m[3mname[0m[2m=[0mk#99f25ef6..[1m}[0m[2m:[0m [2mconsensus_core::core_thread[0m[2m:[0m [2mconsensus/core/src/core_thread.rs[0m[2m:[0m[2m226:[0m Spawning future consensus/core/src/core_thread.rs:ConsensusCoreThread
[2m2025-03-25T07:54:09.746226Z[0m [32m INFO[0m [1mnode[0m[1m{[0m[3mname[0m[2m=[0mk#99f25ef6..[1m}[0m[2m:[0m [2mconsensus_core::commit_syncer[0m[2m:[0m [2mconsensus/core/src/commit_syncer.rs[0m[2m:[0m[2m137:[0m Spawning future consensus/core/src/commit_syncer.rs:137
[2m2025-03-25T07:54:09.753774Z[0m [32m INFO[0m [1mnode[0m[1m{[0m[3mname[0m[2m=[0mk#8dcff6d1..[1m}[0m[2m:[0m [2mfastcrypto_tbls::dkg_v1[0m[2m:[0m [2m/Users/mofei/.cargo/git/checkouts/fastcrypto-b430feb5437546af/9519ebc/fastcrypto-tbls/src/dkg_v1.rs[0m[2m:[0m[2m225:[0m DKG: Creating message for party 0 with vss pk c0 "8b6dfa7ae12ab091824113d7c29438d8d558fb027fb092d542d5f913704f7f97fc5a39885d8bad03486fb0e5dfb81dd40ba61e25549265a9fb6139dd96aa724c9db3529ceb40c88dcceb741c3a5c5974ae2d6c99514502fffdec27ea0017925f", ro RandomOracle { prefix: "dkg db09b843c668fcf30523b0e52d52f681033f1a8a9705be428a372a19b36dbe6f 0-encs 0" }
[2m2025-03-25T07:54:09.828068Z[0m [32m INFO[0m [1mnode[0m[1m{[0m[3mname[0m[2m=[0mk#99f25ef6..[1m}[0m[2m:[0m[1mjwk_updater_task[0m[1m{[0m[3mepoch[0m[2m=[0m0[1m}[0m[2m:[0m [2msui_node[0m[2m:[0m [2mcrates/sui-node/src/lib.rs[0m[2m:[0m[2m376:[0m fetching JWK for provider Apple
[2m2025-03-25T07:54:09.893493Z[0m [32m INFO[0m [1mnode[0m[1m{[0m[3mname[0m[2m=[0mk#addeef94..[1m}[0m[2m:[0m [2msui_core::epoch::randomness[0m[2m:[0m [2mcrates/sui-core/src/epoch/randomness.rs[0m[2m:[0m[2m414:[0m random beacon: created DKG V1 Message with sender=2, vss_pk.degree=555, encrypted_shares.len()=3 with dkg version 1
[2m2025-03-25T07:54:09.969514Z[0m [32m INFO[0m [1mnode[0m[1m{[0m[3mname[0m[2m=[0mk#addeef94..[1m}[0m[2m:[0m [2msui_types::digests[0m[2m:[0m [2mcrates/sui-types/src/digests.rs[0m[2m:[0m[2m217:[0m start unknown chain.....
[2m2025-03-25T07:54:09.969590Z[0m [32m INFO[0m [1mnode[0m[1m{[0m[3mname[0m[2m=[0mk#addeef94..[1m}[0m[2m:[0m [2msui_core::consensus_validator[0m[2m:[0m [2mcrates/sui-core/src/consensus_validator.rs[0m[2m:[0m[2m44:[0m SuiTxValidator constructed for epoch 0
[2m2025-03-25T07:54:09.969609Z[0m [32m INFO[0m [1mnode[0m[1m{[0m[3mname[0m[2m=[0mk#addeef94..[1m}[0m[2m:[0m [2msui_core::consensus_manager[0m[2m:[0m [2mcrates/sui-core/src/consensus_manager/mod.rs[0m[2m:[0m[2m131:[0m Starting consensus ...
[2m2025-03-25T07:54:09.969914Z[0m [32m INFO[0m [1mnode[0m[1m{[0m[3mname[0m[2m=[0mk#addeef94..[1m}[0m[2m:[0m [2msui_core::consensus_manager[0m[2m:[0m [2mcrates/sui-core/src/consensus_manager/mod.rs[0m[2m:[0m[2m271:[0m Starting up consensus for epoch 0 & protocol version ProtocolVersion(46)
[2m2025-03-25T07:54:09.970635Z[0m [32m INFO[0m [1mnode[0m[1m{[0m[3mname[0m[2m=[0mk#addeef94..[1m}[0m[2m:[0m [2msui_core::consensus_manager::mysticeti_manager[0m[2m:[0m [2mcrates/sui-core/src/consensus_manager/mysticeti_manager.rs[0m[2m:[0m[2m169:[0m Node has not participated in previous run. Boot counter will not increment 0
[2m2025-03-25T07:54:09.971317Z[0m [32m INFO[0m [1mnode[0m[1m{[0m[3mname[0m[2m=[0mk#addeef94..[1m}[0m[2m:[0m [2mconsensus_core::authority_node[0m[2m:[0m [2mconsensus/core/src/authority_node.rs[0m[2m:[0m[2m179:[0m Starting consensus authority C
Committee {
    epoch: 0,
    total_stake: 10000,
    quorum_threshold: 6667,
    validity_threshold: 3334,
    authorities: [
        Authority {
            stake: 3333,
            address: Multiaddr(
                "/ip4/127.0.0.1/udp/60577",
            ),
            hostname: "validator-1",
            authority_key: AuthorityPublicKey(
                jc/20VUECmVvSBmxMRG1LFdGqGunLzlfuv4uw4R9HoFA5iSnUf32tfIFC8cgXPnTAATJCwx0Cv/TJs5nPMKyOi0k1T4q/rKG38Zo/UBgCJ1tKxe3md02+Q0zLlSnozjU,
            ),
            protocol_key: ProtocolPublicKey(
                dFfwLwlGeYc5T1q8DZfxLp/61Y7ZivWIuvkzDBIQQYs=,
            ),
            network_key: NetworkPublicKey(
                ghb/z/CptBLwXN7pZQoUXGLGoxLLqMJh+4Nfl68caR4=,
            ),
        },
        Authority {
            stake: 3333,
            address: Multiaddr(
                "/ip4/127.0.0.1/udp/60563",
            ),
            hostname: "validator-0",
            authority_key: AuthorityPublicKey(
                mfJe9h+AMrkUY2RgmCxcxvE07x3a52ZX8sv+wev8jQlzdAgN9vzw3Li8Sw2OCvXYDrv/K0xZn1T0LWMS38MUJ2B4wcw0fru+xRmL4lhRPzhrkw0CwnSagD4jMJVevRoQ,
            ),
            protocol_key: ProtocolPublicKey(
                qMuDUMcA6gv6xxPfiNpAvqtLcFcm7/ms8jz6bp+EZRk=,
            ),
            network_key: NetworkPublicKey(
                aSLFgxy46Xguf+rQrXAORpUC++YB1bDQv6ELJTb+sT0=,
            ),
        },
        Authority {
            stake: 3334,
            address: Multiaddr(
                "/ip4/127.0.0.1/udp/60591",
            ),
            hostname: "validator-2",
            authority_key: AuthorityPublicKey(
                rd7vlNiYyI5A297/kcXxBfnPLHR/tvK8N+wD1ske2y4aV4z1RL6LCTHiXyQ9WbDDDZihbOO6HWzx1/UEJpkusK2zE0sFW+gUDS218l+wDYP45CIr8B/WrJOh/0152ljy,
            ),
            protocol_key: ProtocolPublicKey(
                PnrLy1JTYKAm4dBM2Qbe0AKYb4ivKzqnbeZqb1fg4m4=,
            ),
            network_key: NetworkPublicKey(
                1rtaG7LqAQU9mLEEbtFfVNM7BcrMB++C7CD07GJlGVU=,
            ),
        },
    ],
}
Parameters {
    db_path: "/var/folders/9l/kfqd6hv17d1_8yxpd6zwys8m0000gn/T/.tmpDLzveR/consensus_db/addeef94d898/0",
    leader_timeout: 250ms,
    min_round_delay: 400ms,
    max_forward_time_drift: 500ms,
    max_blocks_per_fetch: 1000,
    sync_last_known_own_block_timeout: 5s,
    round_prober_interval_ms: 5000,
    round_prober_request_timeout_ms: 2000,
    propagation_delay_stop_proposal_threshold: 10,
    dag_state_cached_rounds: 500,
    commit_sync_parallel_fetches: 8,
    commit_sync_batch_size: 100,
    commit_sync_batches_ahead: 32,
    anemo: AnemoParameters {
        excessive_message_size: 8388608,
    },
    tonic: TonicParameters {
        keepalive_interval: 5s,
        connection_buffer_size: 33554432,
        excessive_message_size: 16777216,
        message_size_limit: 67108864,
    },
}
ProtocolVersion(46)
Boot counter: 0
[2m2025-03-25T07:54:10.008183Z[0m [32m INFO[0m [1mnode[0m[1m{[0m[3mname[0m[2m=[0mk#addeef94..[1m}[0m[2m:[0m [2mconsensus_core::dag_state[0m[2m:[0m [2mconsensus/core/src/dag_state.rs[0m[2m:[0m[2m129:[0m Found no stored CommitInfo to recover from
[2m2025-03-25T07:54:10.008211Z[0m [32m INFO[0m [1mnode[0m[1m{[0m[3mname[0m[2m=[0mk#addeef94..[1m}[0m[2m:[0m [2mconsensus_core::dag_state[0m[2m:[0m [2mconsensus/core/src/dag_state.rs[0m[2m:[0m[2m153:[0m DagState was initialized with the following state: None; [0, 0, 0]; 0 unscored committed subdags;
[2m2025-03-25T07:54:10.008277Z[0m [32m INFO[0m [1mnode[0m[1m{[0m[3mname[0m[2m=[0mk#addeef94..[1m}[0m[2m:[0m [2mconsensus_core::dag_state[0m[2m:[0m [2mconsensus/core/src/dag_state.rs[0m[2m:[0m[2m226:[0m Recovered blocks A: []
[2m2025-03-25T07:54:10.008309Z[0m [32m INFO[0m [1mnode[0m[1m{[0m[3mname[0m[2m=[0mk#addeef94..[1m}[0m[2m:[0m [2mconsensus_core::dag_state[0m[2m:[0m [2mconsensus/core/src/dag_state.rs[0m[2m:[0m[2m226:[0m Recovered blocks B: []
[2m2025-03-25T07:54:10.008338Z[0m [32m INFO[0m [1mnode[0m[1m{[0m[3mname[0m[2m=[0mk#addeef94..[1m}[0m[2m:[0m [2mconsensus_core::dag_state[0m[2m:[0m [2mconsensus/core/src/dag_state.rs[0m[2m:[0m[2m226:[0m Recovered blocks C: []
[2m2025-03-25T07:54:10.008348Z[0m [32m INFO[0m [1mnode[0m[1m{[0m[3mname[0m[2m=[0mk#addeef94..[1m}[0m[2m:[0m [2mconsensus_core::authority_node[0m[2m:[0m [2mconsensus/core/src/authority_node.rs[0m[2m:[0m[2m226:[0m Sync last known own block: true
[2m2025-03-25T07:54:10.008403Z[0m [32m INFO[0m [1mnode[0m[1m{[0m[3mname[0m[2m=[0mk#addeef94..[1m}[0m[2m:[0m [2mconsensus_core::leader_schedule[0m[2m:[0m [2mconsensus/core/src/leader_schedule.rs[0m[2m:[0m[2m79:[0m LeaderSchedule recovered using LeaderSwapTable for CommitRange(0..=0), good_nodes: [] with stake: 0, bad_nodes: Map { iter: [] } with stake: 0. There are 0 pending unscored subdags in DagState.
[2m2025-03-25T07:54:10.008450Z[0m [32m INFO[0m [1mnode[0m[1m{[0m[3mname[0m[2m=[0mk#addeef94..[1m}[0m[2m:[0m [2mconsensus_core::commit_observer[0m[2m:[0m [2mconsensus/core/src/commit_observer.rs[0m[2m:[0m[2m126:[0m Recovering commit observer after index 0 with last commit 0 and 0 unsent commits
[2m2025-03-25T07:54:10.008458Z[0m [32m INFO[0m [1mnode[0m[1m{[0m[3mname[0m[2m=[0mk#addeef94..[1m}[0m[2m:[0m [2mconsensus_core::commit_observer[0m[2m:[0m [2mconsensus/core/src/commit_observer.rs[0m[2m:[0m[2m162:[0m Commit observer recovery completed, took 40.708µs
[2m2025-03-25T07:54:10.008616Z[0m [32m INFO[0m [1mnode[0m[1m{[0m[3mname[0m[2m=[0mk#addeef94..[1m}[0m[2m:[0m [2mconsensus_core::core[0m[2m:[0m [2mconsensus/core/src/core.rs[0m[2m:[0m[2m230:[0m Core recovery completed with last proposed block B0(C,nBr/taD6OGhSuh+qyp5Tw0ZBvgLbORyHcrqR0vbLjec=)(0ms;[];0t;0c)
[2m2025-03-25T07:54:10.008727Z[0m [32m INFO[0m [1mnode[0m[1m{[0m[3mname[0m[2m=[0mk#addeef94..[1m}[0m[2m:[0m [2mconsensus_core::network::tonic_network[0m[2m:[0m [2mconsensus/core/src/network/tonic_network.rs[0m[2m:[0m[2m705:[0m Starting tonic service
[2m2025-03-25T07:54:10.009927Z[0m [32m INFO[0m [1mnode[0m[1m{[0m[3mname[0m[2m=[0mk#addeef94..[1m}[0m[2m:[0m [2mconsensus_core::network::tonic_network[0m[2m:[0m [2mconsensus/core/src/network/tonic_network.rs[0m[2m:[0m[2m794:[0m Binding tonic server to address 127.0.0.1:60591
[2m2025-03-25T07:54:10.009940Z[0m [32m INFO[0m [1mnode[0m[1m{[0m[3mname[0m[2m=[0mk#addeef94..[1m}[0m[2m:[0m [2mconsensus_core::network::tonic_network[0m[2m:[0m [2mconsensus/core/src/network/tonic_network.rs[0m[2m:[0m[2m800:[0m Successfully bound tonic server to address 127.0.0.1:60591
[2m2025-03-25T07:54:10.009970Z[0m [32m INFO[0m [1mnode[0m[1m{[0m[3mname[0m[2m=[0mk#addeef94..[1m}[0m[2m:[0m [2mconsensus_core::network::tonic_network[0m[2m:[0m [2mconsensus/core/src/network/tonic_network.rs[0m[2m:[0m[2m965:[0m Server started at: 127.0.0.1:60591
[2m2025-03-25T07:54:10.009977Z[0m [32m INFO[0m [1mnode[0m[1m{[0m[3mname[0m[2m=[0mk#addeef94..[1m}[0m[2m:[0m [2mconsensus_core::authority_node[0m[2m:[0m [2mconsensus/core/src/authority_node.rs[0m[2m:[0m[2m341:[0m Consensus authority started, took 36.214ms
[2m2025-03-25T07:54:10.010052Z[0m [32m INFO[0m [1mnode[0m[1m{[0m[3mname[0m[2m=[0mk#addeef94..[1m}[0m[2m:[0m [2msui_core::consensus_manager[0m[2m:[0m [2mcrates/sui-core/src/consensus_manager/mod.rs[0m[2m:[0m[2m321:[0m Starting up consensus for epoch 0 & protocol version ProtocolVersion(46) is complete - took 0.040118583 seconds
[2m2025-03-25T07:54:10.010069Z[0m [32m INFO[0m [1mnode[0m[1m{[0m[3mname[0m[2m=[0mk#addeef94..[1m}[0m[2m:[0m [2msui_types::digests[0m[2m:[0m [2mcrates/sui-types/src/digests.rs[0m[2m:[0m[2m217:[0m start unknown chain.....
[2m2025-03-25T07:54:10.133438Z[0m [32m INFO[0m [1mnode[0m[1m{[0m[3mname[0m[2m=[0mk#8dcff6d1..[1m}[0m[2m:[0m [2msui_core::epoch::randomness[0m[2m:[0m [2mcrates/sui-core/src/epoch/randomness.rs[0m[2m:[0m[2m414:[0m random beacon: created DKG V1 Message with sender=0, vss_pk.degree=555, encrypted_shares.len()=3 with dkg version 1
[2m2025-03-25T07:54:10.153747Z[0m [32m INFO[0m [1mnode[0m[1m{[0m[3mname[0m[2m=[0mk#addeef94..[1m}[0m[2m:[0m [2msui_node[0m[2m:[0m [2mcrates/sui-node/src/lib.rs[0m[2m:[0m[2m310:[0m Starting JWK updater tasks with supported providers: [Apple, Arden, AwsTenant(("eu-west-3", "eu-west-3_gGVCx53Es")), AwsTenant(("us-east-1", "us-east-1_LPSLCkC3A")), AwsTenant(("us-east-1", "us-east-1_qPsZxYqd8")), Credenza3, Facebook, FanTV, Google, Kakao, KarrierOne, Microsoft, Onefc, Playtron, Slack, TestIssuer, Threedos, Twitch] [3mfetch_interval[0m[2m=[0m3600s
[2m2025-03-25T07:54:10.161278Z[0m [32m INFO[0m [1mnode[0m[1m{[0m[3mname[0m[2m=[0mk#addeef94..[1m}[0m[2m:[0m [2msui_node[0m[2m:[0m [2mcrates/sui-node/src/lib.rs[0m[2m:[0m[2m868:[0m BFCNode started!
[2m2025-03-25T07:54:10.174113Z[0m [32m INFO[0m [1mnode[0m[1m{[0m[3mname[0m[2m=[0mk#addeef94..[1m}[0m[2m:[0m[1mconnection-manager[0m[1m{[0m[3mpeer[0m[2m=[0md6bb5a1b[1m}[0m[2m:[0m [2manemo::network::connection_manager[0m[2m:[0m [2m/Users/mofei/.cargo/git/checkouts/anemo-b054b2cc97edf2b7/e609f76/crates/anemo/src/network/connection_manager.rs[0m[2m:[0m[2m105:[0m ConnectionManager started
[2m2025-03-25T07:54:10.174175Z[0m [32m INFO[0m [1mnode[0m[1m{[0m[3mname[0m[2m=[0mk#addeef94..[1m}[0m[2m:[0m [2msui_network::discovery[0m[2m:[0m [2mcrates/sui-network/src/discovery/mod.rs[0m[2m:[0m[2m131:[0m Discovery started
[2m2025-03-25T07:54:10.174601Z[0m [32m INFO[0m [1mnode[0m[1m{[0m[3mname[0m[2m=[0mk#addeef94..[1m}[0m[2m:[0m [2msui_network::state_sync[0m[2m:[0m [2mcrates/sui-network/src/state_sync/mod.rs[0m[2m:[0m[2m393:[0m State-Synchronizer started
[2m2025-03-25T07:54:10.174667Z[0m [32m INFO[0m [1mnode[0m[1m{[0m[3mname[0m[2m=[0mk#addeef94..[1m}[0m[2m:[0m [2msui_network::randomness[0m[2m:[0m [2mcrates/sui-network/src/randomness/mod.rs[0m[2m:[0m[2m243:[0m Randomness network event loop started
[2m2025-03-25T07:54:10.174930Z[0m [32m INFO[0m [1mnode[0m[1m{[0m[3mname[0m[2m=[0mk#addeef94..[1m}[0m[2m:[0m [2msui_core::execution_driver[0m[2m:[0m [2mcrates/sui-core/src/execution_driver.rs[0m[2m:[0m[2m42:[0m Starting pending certificates execution process.
[2m2025-03-25T07:54:10.174969Z[0m [32m INFO[0m [1mnode[0m[1m{[0m[3mname[0m[2m=[0mk#addeef94..[1m}[0m[2m:[0m [2msui_types::digests[0m[2m:[0m [2mcrates/sui-types/src/digests.rs[0m[2m:[0m[2m217:[0m start unknown chain.....
[2m2025-03-25T07:54:10.175004Z[0m [32m INFO[0m [1mnode[0m[1m{[0m[3mname[0m[2m=[0mk#addeef94..[1m}[0m[2m:[0m [2msui_core::authority[0m[2m:[0m [2mcrates/sui-core/src/authority.rs[0m[2m:[0m[2m5442:[0m RandomnessRoundReceiver event loop started
[2m2025-03-25T07:54:10.175029Z[0m [32m INFO[0m [1mnode[0m[1m{[0m[3mname[0m[2m=[0mk#addeef94..[1m}[0m[2m:[0m [2mconsensus_core::network::connection_monitor[0m[2m:[0m [2mconsensus/core/src/network/connection_monitor.rs[0m[2m:[0m[2m61:[0m Spawning future consensus/core/src/network/connection_monitor.rs:AnemoConnectionMonitor
[2m2025-03-25T07:54:10.175063Z[0m [32m INFO[0m [1mnode[0m[1m{[0m[3mname[0m[2m=[0mk#addeef94..[1m}[0m[2m:[0m [2msui_core::epoch::consensus_store_pruner[0m[2m:[0m [2mcrates/sui-core/src/epoch/consensus_store_pruner.rs[0m[2m:[0m[2m67:[0m Spawning future crates/sui-core/src/epoch/consensus_store_pruner.rs:67
[2m2025-03-25T07:54:10.175079Z[0m [32m INFO[0m [1mnode[0m[1m{[0m[3mname[0m[2m=[0mk#addeef94..[1m}[0m[2m:[0m [2msui_core::epoch::consensus_store_pruner[0m[2m:[0m [2mcrates/sui-core/src/epoch/consensus_store_pruner.rs[0m[2m:[0m[2m68:[0m Starting consensus store pruner with epoch retention 0 and prune period 3600s
[2m2025-03-25T07:54:10.175191Z[0m [32m INFO[0m [1mnode[0m[1m{[0m[3mname[0m[2m=[0mk#addeef94..[1m}[0m[2m:[0m [2msui_core::overload_monitor[0m[2m:[0m [2mcrates/sui-core/src/overload_monitor.rs[0m[2m:[0m[2m56:[0m Starting system overload monitor.
[2m2025-03-25T07:54:10.175234Z[0m [32m INFO[0m [1mnode[0m[1m{[0m[3mname[0m[2m=[0mk#addeef94..[1m}[0m[2m:[0m [2msui_core::checkpoints[0m[2m:[0m [2mcrates/sui-core/src/checkpoints/mod.rs[0m[2m:[0m[2m943:[0m Starting CheckpointBuilder
[2m2025-03-25T07:54:10.175452Z[0m [32m INFO[0m [1mnode[0m[1m{[0m[3mname[0m[2m=[0mk#addeef94..[1m}[0m[2m:[0m [2msui_core::checkpoints[0m[2m:[0m [2mcrates/sui-core/src/checkpoints/mod.rs[0m[2m:[0m[2m1916:[0m Starting CheckpointAggregator
[2m2025-03-25T07:54:10.176060Z[0m [32m INFO[0m [1mnode[0m[1m{[0m[3mname[0m[2m=[0mk#addeef94..[1m}[0m[2m:[0m [2mconsensus_core::core_thread[0m[2m:[0m [2mconsensus/core/src/core_thread.rs[0m[2m:[0m[2m226:[0m Spawning future consensus/core/src/core_thread.rs:ConsensusCoreThread
[2m2025-03-25T07:54:10.176155Z[0m [32m INFO[0m [1mnode[0m[1m{[0m[3mname[0m[2m=[0mk#addeef94..[1m}[0m[2m:[0m [2mconsensus_core::commit_syncer[0m[2m:[0m [2mconsensus/core/src/commit_syncer.rs[0m[2m:[0m[2m137:[0m Spawning future consensus/core/src/commit_syncer.rs:137
[2m2025-03-25T07:54:10.180857Z[0m [32m INFO[0m [1mnode[0m[1m{[0m[3mname[0m[2m=[0mk#addeef94..[1m}[0m[2m:[0m[1mjwk_updater_task[0m[1m{[0m[3mepoch[0m[2m=[0m0[1m}[0m[2m:[0m [2msui_node[0m[2m:[0m [2mcrates/sui-node/src/lib.rs[0m[2m:[0m[2m376:[0m fetching JWK for provider Apple
[2m2025-03-25T07:54:10.189667Z[0m [32m INFO[0m [1mnode[0m[1m{[0m[3mname[0m[2m=[0mk#8dcff6d1..[1m}[0m[2m:[0m [2msui_types::digests[0m[2m:[0m [2mcrates/sui-types/src/digests.rs[0m[2m:[0m[2m217:[0m start unknown chain.....
[2m2025-03-25T07:54:10.189709Z[0m [32m INFO[0m [1mnode[0m[1m{[0m[3mname[0m[2m=[0mk#8dcff6d1..[1m}[0m[2m:[0m [2msui_core::consensus_validator[0m[2m:[0m [2mcrates/sui-core/src/consensus_validator.rs[0m[2m:[0m[2m44:[0m SuiTxValidator constructed for epoch 0
[2m2025-03-25T07:54:10.189718Z[0m [32m INFO[0m [1mnode[0m[1m{[0m[3mname[0m[2m=[0mk#8dcff6d1..[1m}[0m[2m:[0m [2msui_core::consensus_manager[0m[2m:[0m [2mcrates/sui-core/src/consensus_manager/mod.rs[0m[2m:[0m[2m131:[0m Starting consensus ...
[2m2025-03-25T07:54:10.189839Z[0m [32m INFO[0m [1mnode[0m[1m{[0m[3mname[0m[2m=[0mk#8dcff6d1..[1m}[0m[2m:[0m [2msui_core::consensus_manager[0m[2m:[0m [2mcrates/sui-core/src/consensus_manager/mod.rs[0m[2m:[0m[2m271:[0m Starting up consensus for epoch 0 & protocol version ProtocolVersion(46)
[2m2025-03-25T07:54:10.190156Z[0m [32m INFO[0m [1mnode[0m[1m{[0m[3mname[0m[2m=[0mk#8dcff6d1..[1m}[0m[2m:[0m [2msui_core::consensus_manager::mysticeti_manager[0m[2m:[0m [2mcrates/sui-core/src/consensus_manager/mysticeti_manager.rs[0m[2m:[0m[2m169:[0m Node has not participated in previous run. Boot counter will not increment 0
[2m2025-03-25T07:54:10.190411Z[0m [32m INFO[0m [1mnode[0m[1m{[0m[3mname[0m[2m=[0mk#8dcff6d1..[1m}[0m[2m:[0m [2mconsensus_core::authority_node[0m[2m:[0m [2mconsensus/core/src/authority_node.rs[0m[2m:[0m[2m179:[0m Starting consensus authority A
Committee {
    epoch: 0,
    total_stake: 10000,
    quorum_threshold: 6667,
    validity_threshold: 3334,
    authorities: [
        Authority {
            stake: 3333,
            address: Multiaddr(
                "/ip4/127.0.0.1/udp/60577",
            ),
            hostname: "validator-1",
            authority_key: AuthorityPublicKey(
                jc/20VUECmVvSBmxMRG1LFdGqGunLzlfuv4uw4R9HoFA5iSnUf32tfIFC8cgXPnTAATJCwx0Cv/TJs5nPMKyOi0k1T4q/rKG38Zo/UBgCJ1tKxe3md02+Q0zLlSnozjU,
            ),
            protocol_key: ProtocolPublicKey(
                dFfwLwlGeYc5T1q8DZfxLp/61Y7ZivWIuvkzDBIQQYs=,
            ),
            network_key: NetworkPublicKey(
                ghb/z/CptBLwXN7pZQoUXGLGoxLLqMJh+4Nfl68caR4=,
            ),
        },
        Authority {
            stake: 3333,
            address: Multiaddr(
                "/ip4/127.0.0.1/udp/60563",
            ),
            hostname: "validator-0",
            authority_key: AuthorityPublicKey(
                mfJe9h+AMrkUY2RgmCxcxvE07x3a52ZX8sv+wev8jQlzdAgN9vzw3Li8Sw2OCvXYDrv/K0xZn1T0LWMS38MUJ2B4wcw0fru+xRmL4lhRPzhrkw0CwnSagD4jMJVevRoQ,
            ),
            protocol_key: ProtocolPublicKey(
                qMuDUMcA6gv6xxPfiNpAvqtLcFcm7/ms8jz6bp+EZRk=,
            ),
            network_key: NetworkPublicKey(
                aSLFgxy46Xguf+rQrXAORpUC++YB1bDQv6ELJTb+sT0=,
            ),
        },
        Authority {
            stake: 3334,
            address: Multiaddr(
                "/ip4/127.0.0.1/udp/60591",
            ),
            hostname: "validator-2",
            authority_key: AuthorityPublicKey(
                rd7vlNiYyI5A297/kcXxBfnPLHR/tvK8N+wD1ske2y4aV4z1RL6LCTHiXyQ9WbDDDZihbOO6HWzx1/UEJpkusK2zE0sFW+gUDS218l+wDYP45CIr8B/WrJOh/0152ljy,
            ),
            protocol_key: ProtocolPublicKey(
                PnrLy1JTYKAm4dBM2Qbe0AKYb4ivKzqnbeZqb1fg4m4=,
            ),
            network_key: NetworkPublicKey(
                1rtaG7LqAQU9mLEEbtFfVNM7BcrMB++C7CD07GJlGVU=,
            ),
        },
    ],
}
Parameters {
    db_path: "/var/folders/9l/kfqd6hv17d1_8yxpd6zwys8m0000gn/T/.tmpDLzveR/consensus_db/8dcff6d15504/0",
    leader_timeout: 250ms,
    min_round_delay: 400ms,
    max_forward_time_drift: 500ms,
    max_blocks_per_fetch: 1000,
    sync_last_known_own_block_timeout: 5s,
    round_prober_interval_ms: 5000,
    round_prober_request_timeout_ms: 2000,
    propagation_delay_stop_proposal_threshold: 10,
    dag_state_cached_rounds: 500,
    commit_sync_parallel_fetches: 8,
    commit_sync_batch_size: 100,
    commit_sync_batches_ahead: 32,
    anemo: AnemoParameters {
        excessive_message_size: 8388608,
    },
    tonic: TonicParameters {
        keepalive_interval: 5s,
        connection_buffer_size: 33554432,
        excessive_message_size: 16777216,
        message_size_limit: 67108864,
    },
}
ProtocolVersion(46)
Boot counter: 0
[2m2025-03-25T07:54:10.359670Z[0m [32m INFO[0m [1mnode[0m[1m{[0m[3mname[0m[2m=[0mk#8dcff6d1..[1m}[0m[2m:[0m [2mconsensus_core::dag_state[0m[2m:[0m [2mconsensus/core/src/dag_state.rs[0m[2m:[0m[2m129:[0m Found no stored CommitInfo to recover from
[2m2025-03-25T07:54:10.359703Z[0m [32m INFO[0m [1mnode[0m[1m{[0m[3mname[0m[2m=[0mk#8dcff6d1..[1m}[0m[2m:[0m [2mconsensus_core::dag_state[0m[2m:[0m [2mconsensus/core/src/dag_state.rs[0m[2m:[0m[2m153:[0m DagState was initialized with the following state: None; [0, 0, 0]; 0 unscored committed subdags;
[2m2025-03-25T07:54:10.359769Z[0m [32m INFO[0m [1mnode[0m[1m{[0m[3mname[0m[2m=[0mk#8dcff6d1..[1m}[0m[2m:[0m [2mconsensus_core::dag_state[0m[2m:[0m [2mconsensus/core/src/dag_state.rs[0m[2m:[0m[2m226:[0m Recovered blocks A: []
[2m2025-03-25T07:54:10.359802Z[0m [32m INFO[0m [1mnode[0m[1m{[0m[3mname[0m[2m=[0mk#8dcff6d1..[1m}[0m[2m:[0m [2mconsensus_core::dag_state[0m[2m:[0m [2mconsensus/core/src/dag_state.rs[0m[2m:[0m[2m226:[0m Recovered blocks B: []
[2m2025-03-25T07:54:10.359831Z[0m [32m INFO[0m [1mnode[0m[1m{[0m[3mname[0m[2m=[0mk#8dcff6d1..[1m}[0m[2m:[0m [2mconsensus_core::dag_state[0m[2m:[0m [2mconsensus/core/src/dag_state.rs[0m[2m:[0m[2m226:[0m Recovered blocks C: []
[2m2025-03-25T07:54:10.359842Z[0m [32m INFO[0m [1mnode[0m[1m{[0m[3mname[0m[2m=[0mk#8dcff6d1..[1m}[0m[2m:[0m [2mconsensus_core::authority_node[0m[2m:[0m [2mconsensus/core/src/authority_node.rs[0m[2m:[0m[2m226:[0m Sync last known own block: true
[2m2025-03-25T07:54:10.359897Z[0m [32m INFO[0m [1mnode[0m[1m{[0m[3mname[0m[2m=[0mk#8dcff6d1..[1m}[0m[2m:[0m [2mconsensus_core::leader_schedule[0m[2m:[0m [2mconsensus/core/src/leader_schedule.rs[0m[2m:[0m[2m79:[0m LeaderSchedule recovered using LeaderSwapTable for CommitRange(0..=0), good_nodes: [] with stake: 0, bad_nodes: Map { iter: [] } with stake: 0. There are 0 pending unscored subdags in DagState.
[2m2025-03-25T07:54:10.359945Z[0m [32m INFO[0m [1mnode[0m[1m{[0m[3mname[0m[2m=[0mk#8dcff6d1..[1m}[0m[2m:[0m [2mconsensus_core::commit_observer[0m[2m:[0m [2mconsensus/core/src/commit_observer.rs[0m[2m:[0m[2m126:[0m Recovering commit observer after index 0 with last commit 0 and 0 unsent commits
[2m2025-03-25T07:54:10.359953Z[0m [32m INFO[0m [1mnode[0m[1m{[0m[3mname[0m[2m=[0mk#8dcff6d1..[1m}[0m[2m:[0m [2mconsensus_core::commit_observer[0m[2m:[0m [2mconsensus/core/src/commit_observer.rs[0m[2m:[0m[2m162:[0m Commit observer recovery completed, took 41.25µs
[2m2025-03-25T07:54:10.360118Z[0m [32m INFO[0m [1mnode[0m[1m{[0m[3mname[0m[2m=[0mk#8dcff6d1..[1m}[0m[2m:[0m [2mconsensus_core::core[0m[2m:[0m [2mconsensus/core/src/core.rs[0m[2m:[0m[2m230:[0m Core recovery completed with last proposed block B0(A,rquzEUtnQL1bMLK006vVHk8UqMYcBiQV+vinZrvOCgM=)(0ms;[];0t;0c)
[2m2025-03-25T07:54:10.360231Z[0m [32m INFO[0m [1mnode[0m[1m{[0m[3mname[0m[2m=[0mk#8dcff6d1..[1m}[0m[2m:[0m [2mconsensus_core::network::tonic_network[0m[2m:[0m [2mconsensus/core/src/network/tonic_network.rs[0m[2m:[0m[2m705:[0m Starting tonic service
[2m2025-03-25T07:54:10.361444Z[0m [32m INFO[0m [1mnode[0m[1m{[0m[3mname[0m[2m=[0mk#8dcff6d1..[1m}[0m[2m:[0m [2mconsensus_core::network::tonic_network[0m[2m:[0m [2mconsensus/core/src/network/tonic_network.rs[0m[2m:[0m[2m794:[0m Binding tonic server to address 127.0.0.1:60577
[2m2025-03-25T07:54:10.361457Z[0m [32m INFO[0m [1mnode[0m[1m{[0m[3mname[0m[2m=[0mk#8dcff6d1..[1m}[0m[2m:[0m [2mconsensus_core::network::tonic_network[0m[2m:[0m [2mconsensus/core/src/network/tonic_network.rs[0m[2m:[0m[2m800:[0m Successfully bound tonic server to address 127.0.0.1:60577
[2m2025-03-25T07:54:10.361489Z[0m [32m INFO[0m [1mnode[0m[1m{[0m[3mname[0m[2m=[0mk#8dcff6d1..[1m}[0m[2m:[0m [2mconsensus_core::network::tonic_network[0m[2m:[0m [2mconsensus/core/src/network/tonic_network.rs[0m[2m:[0m[2m965:[0m Server started at: 127.0.0.1:60577
[2m2025-03-25T07:54:10.361496Z[0m [32m INFO[0m [1mnode[0m[1m{[0m[3mname[0m[2m=[0mk#8dcff6d1..[1m}[0m[2m:[0m [2mconsensus_core::authority_node[0m[2m:[0m [2mconsensus/core/src/authority_node.rs[0m[2m:[0m[2m341:[0m Consensus authority started, took 170.1335ms
[2m2025-03-25T07:54:10.361570Z[0m [32m INFO[0m [1mnode[0m[1m{[0m[3mname[0m[2m=[0mk#8dcff6d1..[1m}[0m[2m:[0m [2msui_core::consensus_manager[0m[2m:[0m [2mcrates/sui-core/src/consensus_manager/mod.rs[0m[2m:[0m[2m321:[0m Starting up consensus for epoch 0 & protocol version ProtocolVersion(46) is complete - took 0.171723083 seconds
[2m2025-03-25T07:54:10.361588Z[0m [32m INFO[0m [1mnode[0m[1m{[0m[3mname[0m[2m=[0mk#8dcff6d1..[1m}[0m[2m:[0m [2msui_types::digests[0m[2m:[0m [2mcrates/sui-types/src/digests.rs[0m[2m:[0m[2m217:[0m start unknown chain.....
[2m2025-03-25T07:54:10.364809Z[0m [32m INFO[0m [1mnode[0m[1m{[0m[3mname[0m[2m=[0mk#8dcff6d1..[1m}[0m[2m:[0m [2msui_node[0m[2m:[0m [2mcrates/sui-node/src/lib.rs[0m[2m:[0m[2m310:[0m Starting JWK updater tasks with supported providers: [Apple, Arden, AwsTenant(("eu-west-3", "eu-west-3_gGVCx53Es")), AwsTenant(("us-east-1", "us-east-1_LPSLCkC3A")), AwsTenant(("us-east-1", "us-east-1_qPsZxYqd8")), Credenza3, Facebook, FanTV, Google, Kakao, KarrierOne, Microsoft, Onefc, Playtron, Slack, TestIssuer, Threedos, Twitch] [3mfetch_interval[0m[2m=[0m3600s
[2m2025-03-25T07:54:10.368101Z[0m [32m INFO[0m [1mnode[0m[1m{[0m[3mname[0m[2m=[0mk#8dcff6d1..[1m}[0m[2m:[0m [2msui_node[0m[2m:[0m [2mcrates/sui-node/src/lib.rs[0m[2m:[0m[2m868:[0m BFCNode started!
[2m2025-03-25T07:54:10.368788Z[0m [32m INFO[0m [1mnode[0m[1m{[0m[3mname[0m[2m=[0mk#8dcff6d1..[1m}[0m[2m:[0m [2mmysten_metrics::thread_stall_monitor[0m[2m:[0m [2mcrates/mysten-metrics/src/thread_stall_monitor.rs[0m[2m:[0m[2m96:[0m Spawning future crates/mysten-metrics/src/thread_stall_monitor.rs:ThreadStallMonitor
[2m2025-03-25T07:54:10.368797Z[0m [32m INFO[0m [1mnode[0m[1m{[0m[3mname[0m[2m=[0mk#8dcff6d1..[1m}[0m[2m:[0m [2mmysten_metrics::thread_stall_monitor[0m[2m:[0m [2mcrates/mysten-metrics/src/thread_stall_monitor.rs[0m[2m:[0m[2m98:[0m Starting thread stall monitor update task
[2m2025-03-25T07:54:10.408886Z[0m [32m INFO[0m [1mnode[0m[1m{[0m[3mname[0m[2m=[0mk#8dcff6d1..[1m}[0m[2m:[0m[1mconnection-manager[0m[1m{[0m[3mpeer[0m[2m=[0m8216ffcf[1m}[0m[2m:[0m [2manemo::network::connection_manager[0m[2m:[0m [2m/Users/mofei/.cargo/git/checkouts/anemo-b054b2cc97edf2b7/e609f76/crates/anemo/src/network/connection_manager.rs[0m[2m:[0m[2m105:[0m ConnectionManager started
[2m2025-03-25T07:54:10.409035Z[0m [32m INFO[0m [1mnode[0m[1m{[0m[3mname[0m[2m=[0mk#8dcff6d1..[1m}[0m[2m:[0m [2msui_network::discovery[0m[2m:[0m [2mcrates/sui-network/src/discovery/mod.rs[0m[2m:[0m[2m131:[0m Discovery started
[2m2025-03-25T07:54:10.409480Z[0m [32m INFO[0m [1mnode[0m[1m{[0m[3mname[0m[2m=[0mk#8dcff6d1..[1m}[0m[2m:[0m [2msui_network::state_sync[0m[2m:[0m [2mcrates/sui-network/src/state_sync/mod.rs[0m[2m:[0m[2m393:[0m State-Synchronizer started
[2m2025-03-25T07:54:10.409547Z[0m [32m INFO[0m [1mnode[0m[1m{[0m[3mname[0m[2m=[0mk#8dcff6d1..[1m}[0m[2m:[0m [2msui_network::randomness[0m[2m:[0m [2mcrates/sui-network/src/randomness/mod.rs[0m[2m:[0m[2m243:[0m Randomness network event loop started
[2m2025-03-25T07:54:10.413126Z[0m [32m INFO[0m [1mnode[0m[1m{[0m[3mname[0m[2m=[0mk#8dcff6d1..[1m}[0m[2m:[0m [2msui_core::execution_driver[0m[2m:[0m [2mcrates/sui-core/src/execution_driver.rs[0m[2m:[0m[2m42:[0m Starting pending certificates execution process.
[2m2025-03-25T07:54:10.413175Z[0m [32m INFO[0m [1mnode[0m[1m{[0m[3mname[0m[2m=[0mk#8dcff6d1..[1m}[0m[2m:[0m [2msui_types::digests[0m[2m:[0m [2mcrates/sui-types/src/digests.rs[0m[2m:[0m[2m217:[0m start unknown chain.....
[2m2025-03-25T07:54:10.413209Z[0m [32m INFO[0m [1mnode[0m[1m{[0m[3mname[0m[2m=[0mk#8dcff6d1..[1m}[0m[2m:[0m [2msui_core::authority[0m[2m:[0m [2mcrates/sui-core/src/authority.rs[0m[2m:[0m[2m5442:[0m RandomnessRoundReceiver event loop started
[2m2025-03-25T07:54:10.413235Z[0m [32m INFO[0m [1mnode[0m[1m{[0m[3mname[0m[2m=[0mk#8dcff6d1..[1m}[0m[2m:[0m [2mconsensus_core::network::connection_monitor[0m[2m:[0m [2mconsensus/core/src/network/connection_monitor.rs[0m[2m:[0m[2m61:[0m Spawning future consensus/core/src/network/connection_monitor.rs:AnemoConnectionMonitor
[2m2025-03-25T07:54:10.413274Z[0m [32m INFO[0m [1mnode[0m[1m{[0m[3mname[0m[2m=[0mk#8dcff6d1..[1m}[0m[2m:[0m [2msui_core::epoch::consensus_store_pruner[0m[2m:[0m [2mcrates/sui-core/src/epoch/consensus_store_pruner.rs[0m[2m:[0m[2m67:[0m Spawning future crates/sui-core/src/epoch/consensus_store_pruner.rs:67
[2m2025-03-25T07:54:10.413290Z[0m [32m INFO[0m [1mnode[0m[1m{[0m[3mname[0m[2m=[0mk#8dcff6d1..[1m}[0m[2m:[0m [2msui_core::epoch::consensus_store_pruner[0m[2m:[0m [2mcrates/sui-core/src/epoch/consensus_store_pruner.rs[0m[2m:[0m[2m68:[0m Starting consensus store pruner with epoch retention 0 and prune period 3600s
[2m2025-03-25T07:54:10.413411Z[0m [32m INFO[0m [1mnode[0m[1m{[0m[3mname[0m[2m=[0mk#8dcff6d1..[1m}[0m[2m:[0m [2msui_core::overload_monitor[0m[2m:[0m [2mcrates/sui-core/src/overload_monitor.rs[0m[2m:[0m[2m56:[0m Starting system overload monitor.
[2m2025-03-25T07:54:10.413455Z[0m [32m INFO[0m [1mnode[0m[1m{[0m[3mname[0m[2m=[0mk#8dcff6d1..[1m}[0m[2m:[0m [2msui_core::checkpoints[0m[2m:[0m [2mcrates/sui-core/src/checkpoints/mod.rs[0m[2m:[0m[2m943:[0m Starting CheckpointBuilder
[2m2025-03-25T07:54:10.413676Z[0m [32m INFO[0m [1mnode[0m[1m{[0m[3mname[0m[2m=[0mk#8dcff6d1..[1m}[0m[2m:[0m [2msui_core::checkpoints[0m[2m:[0m [2mcrates/sui-core/src/checkpoints/mod.rs[0m[2m:[0m[2m1916:[0m Starting CheckpointAggregator
[2m2025-03-25T07:54:10.414259Z[0m [32m INFO[0m [1mnode[0m[1m{[0m[3mname[0m[2m=[0mk#8dcff6d1..[1m}[0m[2m:[0m [2mconsensus_core::core_thread[0m[2m:[0m [2mconsensus/core/src/core_thread.rs[0m[2m:[0m[2m226:[0m Spawning future consensus/core/src/core_thread.rs:ConsensusCoreThread
[2m2025-03-25T07:54:10.414349Z[0m [32m INFO[0m [1mnode[0m[1m{[0m[3mname[0m[2m=[0mk#8dcff6d1..[1m}[0m[2m:[0m [2mconsensus_core::commit_syncer[0m[2m:[0m [2mconsensus/core/src/commit_syncer.rs[0m[2m:[0m[2m137:[0m Spawning future consensus/core/src/commit_syncer.rs:137
[2m2025-03-25T07:54:10.419088Z[0m [32m INFO[0m [1mnode[0m[1m{[0m[3mname[0m[2m=[0mk#8dcff6d1..[1m}[0m[2m:[0m[1mjwk_updater_task[0m[1m{[0m[3mepoch[0m[2m=[0m0[1m}[0m[2m:[0m [2msui_node[0m[2m:[0m [2mcrates/sui-node/src/lib.rs[0m[2m:[0m[2m376:[0m fetching JWK for provider Apple
[2m2025-03-25T07:54:10.619636Z[0m [32m INFO[0m [1mnode[0m[1m{[0m[3mname[0m[2m=[0mk#99f25ef6..[1m}[0m[2m:[0m[1mjwk_updater_task[0m[1m{[0m[3mepoch[0m[2m=[0m0[1m}[0m[2m:[0m [2msui_node[0m[2m:[0m [2mcrates/sui-node/src/lib.rs[0m[2m:[0m[2m376:[0m fetching JWK for provider Arden
[2m2025-03-25T07:54:10.817929Z[0m [32m INFO[0m [1mnode[0m[1m{[0m[3mname[0m[2m=[0mk#addeef94..[1m}[0m[2m:[0m[1mjwk_updater_task[0m[1m{[0m[3mepoch[0m[2m=[0m0[1m}[0m[2m:[0m [2msui_node[0m[2m:[0m [2mcrates/sui-node/src/lib.rs[0m[2m:[0m[2m376:[0m fetching JWK for provider Arden
[2m2025-03-25T07:54:10.832738Z[0m [32m INFO[0m [1mnode[0m[1m{[0m[3mname[0m[2m=[0mk#8dcff6d1..[1m}[0m[2m:[0m[1mjwk_updater_task[0m[1m{[0m[3mepoch[0m[2m=[0m0[1m}[0m[2m:[0m [2msui_node[0m[2m:[0m [2mcrates/sui-node/src/lib.rs[0m[2m:[0m[2m376:[0m fetching JWK for provider Arden
[2m2025-03-25T07:54:10.916616Z[0m [32m INFO[0m [1mnode[0m[1m{[0m[3mname[0m[2m=[0mk#99f25ef6..[1m}[0m[2m:[0m[1mjwk_updater_task[0m[1m{[0m[3mepoch[0m[2m=[0m0[1m}[0m[2m:[0m [2msui_node[0m[2m:[0m [2mcrates/sui-node/src/lib.rs[0m[2m:[0m[2m376:[0m fetching JWK for provider AwsTenant(("eu-west-3", "eu-west-3_gGVCx53Es"))
[2m2025-03-25T07:54:11.003213Z[0m [32m INFO[0m [1mnode[0m[1m{[0m[3mname[0m[2m=[0mk#addeef94..[1m}[0m[2m:[0m[1mjwk_updater_task[0m[1m{[0m[3mepoch[0m[2m=[0m0[1m}[0m[2m:[0m [2msui_node[0m[2m:[0m [2mcrates/sui-node/src/lib.rs[0m[2m:[0m[2m376:[0m fetching JWK for provider AwsTenant(("eu-west-3", "eu-west-3_gGVCx53Es"))
[2m2025-03-25T07:54:11.057345Z[0m [32m INFO[0m [1mnode[0m[1m{[0m[3mname[0m[2m=[0mk#b3f3cbb4..[1m}[0m[2m:[0m [2msui_core::par_index_live_object_set[0m[2m:[0m [2mcrates/sui-core/src/par_index_live_object_set.rs[0m[2m:[0m[2m60:[0m Indexing Live Object Set took 1 seconds
[2m2025-03-25T07:54:11.057562Z[0m [32m INFO[0m [1mnode[0m[1m{[0m[3mname[0m[2m=[0mk#b3f3cbb4..[1m}[0m[2m:[0m [2msui_core::rpc_index[0m[2m:[0m [2mcrates/sui-core/src/rpc_index.rs[0m[2m:[0m[2m249:[0m Finished initializing RPC indexes
[2m2025-03-25T07:54:11.060484Z[0m [32m INFO[0m [1mnode[0m[1m{[0m[3mname[0m[2m=[0mk#8dcff6d1..[1m}[0m[2m:[0m[1mjwk_updater_task[0m[1m{[0m[3mepoch[0m[2m=[0m0[1m}[0m[2m:[0m [2msui_node[0m[2m:[0m [2mcrates/sui-node/src/lib.rs[0m[2m:[0m[2m376:[0m fetching JWK for provider AwsTenant(("eu-west-3", "eu-west-3_gGVCx53Es"))
[2m2025-03-25T07:54:11.061205Z[0m [32m INFO[0m [1mnode[0m[1m{[0m[3mname[0m[2m=[0mk#b3f3cbb4..[1m}[0m[2m:[0m [2msui_node[0m[2m:[0m [2mcrates/sui-node/src/lib.rs[0m[2m:[0m[2m614:[0m creating archive reader
[2m2025-03-25T07:54:11.062965Z[0m [33m WARN[0m [1mnode[0m[1m{[0m[3mname[0m[2m=[0mk#b3f3cbb4..[1m}[0m[2m:[0m [2manemo::network[0m[2m:[0m [2m/Users/mofei/.cargo/git/checkouts/anemo-b054b2cc97edf2b7/e609f76/crates/anemo/src/network/mod.rs[0m[2m:[0m[2m175:[0m [3mmsg[0m[2m=[0m"expected socket send buffer size to be at least 20971520, got 8388608"
[2m2025-03-25T07:54:11.062975Z[0m [33m WARN[0m [1mnode[0m[1m{[0m[3mname[0m[2m=[0mk#b3f3cbb4..[1m}[0m[2m:[0m [2manemo::network[0m[2m:[0m [2m/Users/mofei/.cargo/git/checkouts/anemo-b054b2cc97edf2b7/e609f76/crates/anemo/src/network/mod.rs[0m[2m:[0m[2m202:[0m [3mmsg[0m[2m=[0m"expected socket receive buffer size to be at least 20971520, got 8388608"
[2m2025-03-25T07:54:11.063040Z[0m [32m INFO[0m [1mnode[0m[1m{[0m[3mname[0m[2m=[0mk#b3f3cbb4..[1m}[0m[2m:[0m [2msui_node[0m[2m:[0m [2mcrates/sui-node/src/lib.rs[0m[2m:[0m[2m1168:[0m P2p network started on 127.0.0.1:60647 [3mserver_name[0m[2m=[0m"bfc-db09b843"
[2m2025-03-25T07:54:11.063196Z[0m [32m INFO[0m [1mnode[0m[1m{[0m[3mname[0m[2m=[0mk#b3f3cbb4..[1m}[0m[2m:[0m [2msui_node[0m[2m:[0m [2mcrates/sui-node/src/lib.rs[0m[2m:[0m[2m654:[0m start state archival
[2m2025-03-25T07:54:11.063207Z[0m [32m INFO[0m [1mnode[0m[1m{[0m[3mname[0m[2m=[0mk#b3f3cbb4..[1m}[0m[2m:[0m [2msui_node[0m[2m:[0m [2mcrates/sui-node/src/lib.rs[0m[2m:[0m[2m660:[0m start snapshot upload
[2m2025-03-25T07:54:11.063213Z[0m [32m INFO[0m [1mnode[0m[1m{[0m[3mname[0m[2m=[0mk#b3f3cbb4..[1m}[0m[2m:[0m [2msui_node[0m[2m:[0m [2mcrates/sui-node/src/lib.rs[0m[2m:[0m[2m666:[0m start db checkpoint
[2m2025-03-25T07:54:11.063255Z[0m [32m INFO[0m [1mnode[0m[1m{[0m[3mname[0m[2m=[0mk#b3f3cbb4..[1m}[0m[2m:[0m [2msui_node[0m[2m:[0m [2mcrates/sui-node/src/lib.rs[0m[2m:[0m[2m693:[0m create authority state
[2m2025-03-25T07:54:11.063720Z[0m [32m INFO[0m [1mnode[0m[1m{[0m[3mname[0m[2m=[0mk#b3f3cbb4..[1m}[0m[2m:[0m [2msui_core::authority[0m[2m:[0m [2mcrates/sui-core/src/authority.rs[0m[2m:[0m[2m2885:[0m current protocol version is now ProtocolVersion(46)
[2m2025-03-25T07:54:11.063727Z[0m [32m INFO[0m [1mnode[0m[1m{[0m[3mname[0m[2m=[0mk#b3f3cbb4..[1m}[0m[2m:[0m [2msui_core::authority[0m[2m:[0m [2mcrates/sui-core/src/authority.rs[0m[2m:[0m[2m2886:[0m supported versions are: SupportedProtocolVersions { min: ProtocolVersion(1), max: ProtocolVersion(70) }
[2m2025-03-25T07:54:11.080977Z[0m [32m INFO[0m [1mnode[0m[1m{[0m[3mname[0m[2m=[0mk#b3f3cbb4..[1m}[0m[2m:[0m [2msui_types::object::bounded_visitor[0m[2m:[0m [2mcrates/sui-types/src/object/bounded_visitor.rs[0m[2m:[0m[2m65:[0m Using default value for 'MAX_ANNOTATED_VALUE_SIZE' -- max bound: 1048576
[2m2025-03-25T07:54:11.107495Z[0m [32m INFO[0m [1mnode[0m[1m{[0m[3mname[0m[2m=[0mk#99f25ef6..[1m}[0m[2m:[0m[1mjwk_updater_task[0m[1m{[0m[3mepoch[0m[2m=[0m0[1m}[0m[2m:[0m [2msui_node[0m[2m:[0m [2mcrates/sui-node/src/lib.rs[0m[2m:[0m[2m376:[0m fetching JWK for provider AwsTenant(("us-east-1", "us-east-1_LPSLCkC3A"))
[2m2025-03-25T07:54:11.146095Z[0m [32m INFO[0m [1mnode[0m[1m{[0m[3mname[0m[2m=[0mk#addeef94..[1m}[0m[2m:[0m[1mjwk_updater_task[0m[1m{[0m[3mepoch[0m[2m=[0m0[1m}[0m[2m:[0m [2msui_node[0m[2m:[0m [2mcrates/sui-node/src/lib.rs[0m[2m:[0m[2m376:[0m fetching JWK for provider AwsTenant(("us-east-1", "us-east-1_LPSLCkC3A"))
[2m2025-03-25T07:54:11.189088Z[0m [32m INFO[0m [1mnode[0m[1m{[0m[3mname[0m[2m=[0mk#8dcff6d1..[1m}[0m[2m:[0m[1mjwk_updater_task[0m[1m{[0m[3mepoch[0m[2m=[0m0[1m}[0m[2m:[0m [2msui_node[0m[2m:[0m [2mcrates/sui-node/src/lib.rs[0m[2m:[0m[2m376:[0m fetching JWK for provider AwsTenant(("us-east-1", "us-east-1_LPSLCkC3A"))
[2m2025-03-25T07:54:11.225046Z[0m [32m INFO[0m [1mnode[0m[1m{[0m[3mname[0m[2m=[0mk#99f25ef6..[1m}[0m[2m:[0m[1mjwk_updater_task[0m[1m{[0m[3mepoch[0m[2m=[0m0[1m}[0m[2m:[0m [2msui_node[0m[2m:[0m [2mcrates/sui-node/src/lib.rs[0m[2m:[0m[2m376:[0m fetching JWK for provider AwsTenant(("us-east-1", "us-east-1_qPsZxYqd8"))
[2m2025-03-25T07:54:11.262594Z[0m [32m INFO[0m [1mnode[0m[1m{[0m[3mname[0m[2m=[0mk#addeef94..[1m}[0m[2m:[0m[1mjwk_updater_task[0m[1m{[0m[3mepoch[0m[2m=[0m0[1m}[0m[2m:[0m [2msui_node[0m[2m:[0m [2mcrates/sui-node/src/lib.rs[0m[2m:[0m[2m376:[0m fetching JWK for provider AwsTenant(("us-east-1", "us-east-1_qPsZxYqd8"))
[2m2025-03-25T07:54:11.302675Z[0m [32m INFO[0m [1mnode[0m[1m{[0m[3mname[0m[2m=[0mk#8dcff6d1..[1m}[0m[2m:[0m[1mjwk_updater_task[0m[1m{[0m[3mepoch[0m[2m=[0m0[1m}[0m[2m:[0m [2msui_node[0m[2m:[0m [2mcrates/sui-node/src/lib.rs[0m[2m:[0m[2m376:[0m fetching JWK for provider AwsTenant(("us-east-1", "us-east-1_qPsZxYqd8"))
[2m2025-03-25T07:54:11.341939Z[0m [32m INFO[0m [1mnode[0m[1m{[0m[3mname[0m[2m=[0mk#99f25ef6..[1m}[0m[2m:[0m[1mjwk_updater_task[0m[1m{[0m[3mepoch[0m[2m=[0m0[1m}[0m[2m:[0m [2msui_node[0m[2m:[0m [2mcrates/sui-node/src/lib.rs[0m[2m:[0m[2m376:[0m fetching JWK for provider Credenza3
[2m2025-03-25T07:54:11.381422Z[0m [32m INFO[0m [1mnode[0m[1m{[0m[3mname[0m[2m=[0mk#addeef94..[1m}[0m[2m:[0m[1mjwk_updater_task[0m[1m{[0m[3mepoch[0m[2m=[0m0[1m}[0m[2m:[0m [2msui_node[0m[2m:[0m [2mcrates/sui-node/src/lib.rs[0m[2m:[0m[2m376:[0m fetching JWK for provider Credenza3
[2m2025-03-25T07:54:11.419422Z[0m [32m INFO[0m [1mnode[0m[1m{[0m[3mname[0m[2m=[0mk#8dcff6d1..[1m}[0m[2m:[0m[1mjwk_updater_task[0m[1m{[0m[3mepoch[0m[2m=[0m0[1m}[0m[2m:[0m [2msui_node[0m[2m:[0m [2mcrates/sui-node/src/lib.rs[0m[2m:[0m[2m376:[0m fetching JWK for provider Credenza3
[2m2025-03-25T07:54:11.458945Z[0m [32m INFO[0m [1mnode[0m[1m{[0m[3mname[0m[2m=[0mk#99f25ef6..[1m}[0m[2m:[0m[1mjwk_updater_task[0m[1m{[0m[3mepoch[0m[2m=[0m0[1m}[0m[2m:[0m [2msui_node[0m[2m:[0m [2mcrates/sui-node/src/lib.rs[0m[2m:[0m[2m376:[0m fetching JWK for provider Facebook
[2m2025-03-25T07:54:11.497041Z[0m [32m INFO[0m [1mnode[0m[1m{[0m[3mname[0m[2m=[0mk#addeef94..[1m}[0m[2m:[0m[1mjwk_updater_task[0m[1m{[0m[3mepoch[0m[2m=[0m0[1m}[0m[2m:[0m [2msui_node[0m[2m:[0m [2mcrates/sui-node/src/lib.rs[0m[2m:[0m[2m376:[0m fetching JWK for provider Facebook
[2m2025-03-25T07:54:11.540642Z[0m [32m INFO[0m [1mnode[0m[1m{[0m[3mname[0m[2m=[0mk#8dcff6d1..[1m}[0m[2m:[0m[1mjwk_updater_task[0m[1m{[0m[3mepoch[0m[2m=[0m0[1m}[0m[2m:[0m [2msui_node[0m[2m:[0m [2mcrates/sui-node/src/lib.rs[0m[2m:[0m[2m376:[0m fetching JWK for provider Facebook
[2m2025-03-25T07:54:11.575539Z[0m [32m INFO[0m [1mnode[0m[1m{[0m[3mname[0m[2m=[0mk#99f25ef6..[1m}[0m[2m:[0m[1mjwk_updater_task[0m[1m{[0m[3mepoch[0m[2m=[0m0[1m}[0m[2m:[0m [2msui_node[0m[2m:[0m [2mcrates/sui-node/src/lib.rs[0m[2m:[0m[2m376:[0m fetching JWK for provider FanTV
[2m2025-03-25T07:54:11.615288Z[0m [32m INFO[0m [1mnode[0m[1m{[0m[3mname[0m[2m=[0mk#addeef94..[1m}[0m[2m:[0m[1mjwk_updater_task[0m[1m{[0m[3mepoch[0m[2m=[0m0[1m}[0m[2m:[0m [2msui_node[0m[2m:[0m [2mcrates/sui-node/src/lib.rs[0m[2m:[0m[2m376:[0m fetching JWK for provider FanTV
[2m2025-03-25T07:54:11.655347Z[0m [32m INFO[0m [1mnode[0m[1m{[0m[3mname[0m[2m=[0mk#8dcff6d1..[1m}[0m[2m:[0m[1mjwk_updater_task[0m[1m{[0m[3mepoch[0m[2m=[0m0[1m}[0m[2m:[0m [2msui_node[0m[2m:[0m [2mcrates/sui-node/src/lib.rs[0m[2m:[0m[2m376:[0m fetching JWK for provider FanTV
[2m2025-03-25T07:54:11.693667Z[0m [32m INFO[0m [1mnode[0m[1m{[0m[3mname[0m[2m=[0mk#99f25ef6..[1m}[0m[2m:[0m[1mjwk_updater_task[0m[1m{[0m[3mepoch[0m[2m=[0m0[1m}[0m[2m:[0m [2msui_node[0m[2m:[0m [2mcrates/sui-node/src/lib.rs[0m[2m:[0m[2m376:[0m fetching JWK for provider Google
[2m2025-03-25T07:54:11.732509Z[0m [32m INFO[0m [1mnode[0m[1m{[0m[3mname[0m[2m=[0mk#addeef94..[1m}[0m[2m:[0m[1mjwk_updater_task[0m[1m{[0m[3mepoch[0m[2m=[0m0[1m}[0m[2m:[0m [2msui_node[0m[2m:[0m [2mcrates/sui-node/src/lib.rs[0m[2m:[0m[2m376:[0m fetching JWK for provider Google
[2m2025-03-25T07:54:11.772963Z[0m [32m INFO[0m [1mnode[0m[1m{[0m[3mname[0m[2m=[0mk#8dcff6d1..[1m}[0m[2m:[0m[1mjwk_updater_task[0m[1m{[0m[3mepoch[0m[2m=[0m0[1m}[0m[2m:[0m [2msui_node[0m[2m:[0m [2mcrates/sui-node/src/lib.rs[0m[2m:[0m[2m376:[0m fetching JWK for provider Google
[2m2025-03-25T07:54:11.807762Z[0m [32m INFO[0m [1mnode[0m[1m{[0m[3mname[0m[2m=[0mk#99f25ef6..[1m}[0m[2m:[0m[1mjwk_updater_task[0m[1m{[0m[3mepoch[0m[2m=[0m0[1m}[0m[2m:[0m [2msui_node[0m[2m:[0m [2mcrates/sui-node/src/lib.rs[0m[2m:[0m[2m376:[0m fetching JWK for provider Kakao
[2m2025-03-25T07:54:11.849837Z[0m [32m INFO[0m [1mnode[0m[1m{[0m[3mname[0m[2m=[0mk#addeef94..[1m}[0m[2m:[0m[1mjwk_updater_task[0m[1m{[0m[3mepoch[0m[2m=[0m0[1m}[0m[2m:[0m [2msui_node[0m[2m:[0m [2mcrates/sui-node/src/lib.rs[0m[2m:[0m[2m376:[0m fetching JWK for provider Kakao
[2m2025-03-25T07:54:11.889840Z[0m [32m INFO[0m [1mnode[0m[1m{[0m[3mname[0m[2m=[0mk#8dcff6d1..[1m}[0m[2m:[0m[1mjwk_updater_task[0m[1m{[0m[3mepoch[0m[2m=[0m0[1m}[0m[2m:[0m [2msui_node[0m[2m:[0m [2mcrates/sui-node/src/lib.rs[0m[2m:[0m[2m376:[0m fetching JWK for provider Kakao
[2m2025-03-25T07:54:11.928768Z[0m [32m INFO[0m [1mnode[0m[1m{[0m[3mname[0m[2m=[0mk#99f25ef6..[1m}[0m[2m:[0m[1mjwk_updater_task[0m[1m{[0m[3mepoch[0m[2m=[0m0[1m}[0m[2m:[0m [2msui_node[0m[2m:[0m [2mcrates/sui-node/src/lib.rs[0m[2m:[0m[2m376:[0m fetching JWK for provider KarrierOne
[2m2025-03-25T07:54:11.967155Z[0m [32m INFO[0m [1mnode[0m[1m{[0m[3mname[0m[2m=[0mk#addeef94..[1m}[0m[2m:[0m[1mjwk_updater_task[0m[1m{[0m[3mepoch[0m[2m=[0m0[1m}[0m[2m:[0m [2msui_node[0m[2m:[0m [2mcrates/sui-node/src/lib.rs[0m[2m:[0m[2m376:[0m fetching JWK for provider KarrierOne
[2m2025-03-25T07:54:12.005725Z[0m [32m INFO[0m [1mnode[0m[1m{[0m[3mname[0m[2m=[0mk#8dcff6d1..[1m}[0m[2m:[0m[1mjwk_updater_task[0m[1m{[0m[3mepoch[0m[2m=[0m0[1m}[0m[2m:[0m [2msui_node[0m[2m:[0m [2mcrates/sui-node/src/lib.rs[0m[2m:[0m[2m376:[0m fetching JWK for provider KarrierOne
[2m2025-03-25T07:54:12.042188Z[0m [32m INFO[0m [1mnode[0m[1m{[0m[3mname[0m[2m=[0mk#99f25ef6..[1m}[0m[2m:[0m[1mjwk_updater_task[0m[1m{[0m[3mepoch[0m[2m=[0m0[1m}[0m[2m:[0m [2msui_node[0m[2m:[0m [2mcrates/sui-node/src/lib.rs[0m[2m:[0m[2m376:[0m fetching JWK for provider Microsoft
[2m2025-03-25T07:54:12.083377Z[0m [32m INFO[0m [1mnode[0m[1m{[0m[3mname[0m[2m=[0mk#addeef94..[1m}[0m[2m:[0m[1mjwk_updater_task[0m[1m{[0m[3mepoch[0m[2m=[0m0[1m}[0m[2m:[0m [2msui_node[0m[2m:[0m [2mcrates/sui-node/src/lib.rs[0m[2m:[0m[2m376:[0m fetching JWK for provider Microsoft
[2m2025-03-25T07:54:12.122470Z[0m [32m INFO[0m [1mnode[0m[1m{[0m[3mname[0m[2m=[0mk#8dcff6d1..[1m}[0m[2m:[0m[1mjwk_updater_task[0m[1m{[0m[3mepoch[0m[2m=[0m0[1m}[0m[2m:[0m [2msui_node[0m[2m:[0m [2mcrates/sui-node/src/lib.rs[0m[2m:[0m[2m376:[0m fetching JWK for provider Microsoft
[2m2025-03-25T07:54:12.159099Z[0m [32m INFO[0m [1mnode[0m[1m{[0m[3mname[0m[2m=[0mk#99f25ef6..[1m}[0m[2m:[0m[1mjwk_updater_task[0m[1m{[0m[3mepoch[0m[2m=[0m0[1m}[0m[2m:[0m [2msui_node[0m[2m:[0m [2mcrates/sui-node/src/lib.rs[0m[2m:[0m[2m376:[0m fetching JWK for provider Onefc
[2m2025-03-25T07:54:12.198042Z[0m [32m INFO[0m [1mnode[0m[1m{[0m[3mname[0m[2m=[0mk#addeef94..[1m}[0m[2m:[0m[1mjwk_updater_task[0m[1m{[0m[3mepoch[0m[2m=[0m0[1m}[0m[2m:[0m [2msui_node[0m[2m:[0m [2mcrates/sui-node/src/lib.rs[0m[2m:[0m[2m376:[0m fetching JWK for provider Onefc
[2m2025-03-25T07:54:12.239954Z[0m [32m INFO[0m [1mnode[0m[1m{[0m[3mname[0m[2m=[0mk#8dcff6d1..[1m}[0m[2m:[0m[1mjwk_updater_task[0m[1m{[0m[3mepoch[0m[2m=[0m0[1m}[0m[2m:[0m [2msui_node[0m[2m:[0m [2mcrates/sui-node/src/lib.rs[0m[2m:[0m[2m376:[0m fetching JWK for provider Onefc
[2m2025-03-25T07:54:12.277419Z[0m [32m INFO[0m [1mnode[0m[1m{[0m[3mname[0m[2m=[0mk#99f25ef6..[1m}[0m[2m:[0m[1mjwk_updater_task[0m[1m{[0m[3mepoch[0m[2m=[0m0[1m}[0m[2m:[0m [2msui_node[0m[2m:[0m [2mcrates/sui-node/src/lib.rs[0m[2m:[0m[2m376:[0m fetching JWK for provider Playtron
[2m2025-03-25T07:54:12.316850Z[0m [32m INFO[0m [1mnode[0m[1m{[0m[3mname[0m[2m=[0mk#addeef94..[1m}[0m[2m:[0m[1mjwk_updater_task[0m[1m{[0m[3mepoch[0m[2m=[0m0[1m}[0m[2m:[0m [2msui_node[0m[2m:[0m [2mcrates/sui-node/src/lib.rs[0m[2m:[0m[2m376:[0m fetching JWK for provider Playtron
[2m2025-03-25T07:54:12.360338Z[0m [32m INFO[0m [1mnode[0m[1m{[0m[3mname[0m[2m=[0mk#8dcff6d1..[1m}[0m[2m:[0m[1mjwk_updater_task[0m[1m{[0m[3mepoch[0m[2m=[0m0[1m}[0m[2m:[0m [2msui_node[0m[2m:[0m [2mcrates/sui-node/src/lib.rs[0m[2m:[0m[2m376:[0m fetching JWK for provider Playtron
[2m2025-03-25T07:54:12.397932Z[0m [32m INFO[0m [1mnode[0m[1m{[0m[3mname[0m[2m=[0mk#99f25ef6..[1m}[0m[2m:[0m[1mjwk_updater_task[0m[1m{[0m[3mepoch[0m[2m=[0m0[1m}[0m[2m:[0m [2msui_node[0m[2m:[0m [2mcrates/sui-node/src/lib.rs[0m[2m:[0m[2m376:[0m fetching JWK for provider Slack
[2m2025-03-25T07:54:12.443454Z[0m [32m INFO[0m [1mnode[0m[1m{[0m[3mname[0m[2m=[0mk#addeef94..[1m}[0m[2m:[0m[1mjwk_updater_task[0m[1m{[0m[3mepoch[0m[2m=[0m0[1m}[0m[2m:[0m [2msui_node[0m[2m:[0m [2mcrates/sui-node/src/lib.rs[0m[2m:[0m[2m376:[0m fetching JWK for provider Slack
[2m2025-03-25T07:54:12.483092Z[0m [32m INFO[0m [1mnode[0m[1m{[0m[3mname[0m[2m=[0mk#8dcff6d1..[1m}[0m[2m:[0m[1mjwk_updater_task[0m[1m{[0m[3mepoch[0m[2m=[0m0[1m}[0m[2m:[0m [2msui_node[0m[2m:[0m [2mcrates/sui-node/src/lib.rs[0m[2m:[0m[2m376:[0m fetching JWK for provider Slack
[2m2025-03-25T07:54:12.529969Z[0m [32m INFO[0m [1mnode[0m[1m{[0m[3mname[0m[2m=[0mk#99f25ef6..[1m}[0m[2m:[0m[1mjwk_updater_task[0m[1m{[0m[3mepoch[0m[2m=[0m0[1m}[0m[2m:[0m [2msui_node[0m[2m:[0m [2mcrates/sui-node/src/lib.rs[0m[2m:[0m[2m376:[0m fetching JWK for provider TestIssuer
[2m2025-03-25T07:54:12.568564Z[0m [32m INFO[0m [1mnode[0m[1m{[0m[3mname[0m[2m=[0mk#addeef94..[1m}[0m[2m:[0m[1mjwk_updater_task[0m[1m{[0m[3mepoch[0m[2m=[0m0[1m}[0m[2m:[0m [2msui_node[0m[2m:[0m [2mcrates/sui-node/src/lib.rs[0m[2m:[0m[2m376:[0m fetching JWK for provider TestIssuer
[2m2025-03-25T07:54:12.608451Z[0m [32m INFO[0m [1mnode[0m[1m{[0m[3mname[0m[2m=[0mk#8dcff6d1..[1m}[0m[2m:[0m[1mjwk_updater_task[0m[1m{[0m[3mepoch[0m[2m=[0m0[1m}[0m[2m:[0m [2msui_node[0m[2m:[0m [2mcrates/sui-node/src/lib.rs[0m[2m:[0m[2m376:[0m fetching JWK for provider TestIssuer
[2m2025-03-25T07:54:12.645632Z[0m [32m INFO[0m [1mnode[0m[1m{[0m[3mname[0m[2m=[0mk#99f25ef6..[1m}[0m[2m:[0m[1mjwk_updater_task[0m[1m{[0m[3mepoch[0m[2m=[0m0[1m}[0m[2m:[0m [2msui_node[0m[2m:[0m [2mcrates/sui-node/src/lib.rs[0m[2m:[0m[2m376:[0m fetching JWK for provider Threedos
[2m2025-03-25T07:54:12.686686Z[0m [32m INFO[0m [1mnode[0m[1m{[0m[3mname[0m[2m=[0mk#addeef94..[1m}[0m[2m:[0m[1mjwk_updater_task[0m[1m{[0m[3mepoch[0m[2m=[0m0[1m}[0m[2m:[0m [2msui_node[0m[2m:[0m [2mcrates/sui-node/src/lib.rs[0m[2m:[0m[2m376:[0m fetching JWK for provider Threedos
[2m2025-03-25T07:54:12.726908Z[0m [32m INFO[0m [1mnode[0m[1m{[0m[3mname[0m[2m=[0mk#8dcff6d1..[1m}[0m[2m:[0m[1mjwk_updater_task[0m[1m{[0m[3mepoch[0m[2m=[0m0[1m}[0m[2m:[0m [2msui_node[0m[2m:[0m [2mcrates/sui-node/src/lib.rs[0m[2m:[0m[2m376:[0m fetching JWK for provider Threedos
[2m2025-03-25T07:54:12.766185Z[0m [32m INFO[0m [1mnode[0m[1m{[0m[3mname[0m[2m=[0mk#99f25ef6..[1m}[0m[2m:[0m[1mjwk_updater_task[0m[1m{[0m[3mepoch[0m[2m=[0m0[1m}[0m[2m:[0m [2msui_node[0m[2m:[0m [2mcrates/sui-node/src/lib.rs[0m[2m:[0m[2m376:[0m fetching JWK for provider Twitch
[2m2025-03-25T07:54:12.804016Z[0m [32m INFO[0m [1mnode[0m[1m{[0m[3mname[0m[2m=[0mk#addeef94..[1m}[0m[2m:[0m[1mjwk_updater_task[0m[1m{[0m[3mepoch[0m[2m=[0m0[1m}[0m[2m:[0m [2msui_node[0m[2m:[0m [2mcrates/sui-node/src/lib.rs[0m[2m:[0m[2m376:[0m fetching JWK for provider Twitch
[2m2025-03-25T07:54:12.842928Z[0m [32m INFO[0m [1mnode[0m[1m{[0m[3mname[0m[2m=[0mk#8dcff6d1..[1m}[0m[2m:[0m[1mjwk_updater_task[0m[1m{[0m[3mepoch[0m[2m=[0m0[1m}[0m[2m:[0m [2msui_node[0m[2m:[0m [2mcrates/sui-node/src/lib.rs[0m[2m:[0m[2m376:[0m fetching JWK for provider Twitch
[2m2025-03-25T07:54:12.884321Z[0m [32m INFO[0m [1mnode[0m[1m{[0m[3mname[0m[2m=[0mk#99f25ef6..[1m}[0m[2m:[0m [2msui_node[0m[2m:[0m [2mcrates/sui-node/src/lib.rs[0m[2m:[0m[2m1577:[0m [init] Set rate map to global-mutable-singleton, get_bfc_system_state_object result Ok(
    V1(
        BfcSystemStateInnerV1 {
            round: 0,
            stable_base_points: 10,
            reward_rate: 50,
            dao: Dao {
                id: UID {
                    id: ID {
                        bytes: 0xf009528a4ad86bc7cabb5b847b927145371d09d52b859bcf93d42d9a2741ca4d,
                    },
                },
                admin: ID {
                    bytes: 0x0000000000000000000000000000000000000000000000000000000000000000,
                },
                config: DaoConfig {
                    voting_delay: 259200000,
                    voting_period: 604800000,
                    voting_quorum_rate: 10,
                    min_action_delay: 604800000,
                },
                info: DaoGlobalInfo {
                    next_proposal_id: 19,
                    next_action_id: 1,
                },
                proposal_record: VecMap {
                    contents: [],
                },
                action_record: VecMap {
                    contents: [],
                },
                votes_record: VecMap {
                    contents: [],
                },
                voting_pool: VotingPool {
                    id: UID {
                        id: ID {
                            bytes: 0x9f9675f4bdda0964a44310552ce0cc1537ce32ac35da1157351c5a86b9bf936d,
                        },
                    },
                    bfc_balance: 0,
                    pool_token_balance: 0,
                },
                current_proposal_status: VecMap {
                    contents: [],
                },
            },
            treasury: Treasury {
                id: UID {
                    id: ID {
                        bytes: 0x03f483f8fec74be68ff7649ab12295ca3e7a5c5b27cc5a46a9bc688d57c74520,
                    },
                },
                bfc_balance: Balance {
                    value: 50904662323335663,
                },
                supplies: Bag {
                    id: UID {
                        id: ID {
                            bytes: 0x72c69bbb02cde1b22911173e9aa90da0420a76be0965ff995483ca6870db13b1,
                        },
                    },
                    size: 17,
                },
                index: 17,
                time_interval: 300,
                updated_at: 0,
                init: true,
                total_bfc_supply: 500000000000000000,
            },
            treasury_pool: TreasuryPool {
                id: UID {
                    id: ID {
                        bytes: 0x8d991f539a21cf7bfea38a3a7ead1a28102142dc8a5017da7c6c82ce96942294,
                    },
                },
                balance: Balance {
                    value: 208152500000000000,
                },
            },
            rate_map: VecMap {
                contents: [
                    Entry {
                        key: "00000000000000000000000000000000000000000000000000000000000000c8::busd::BUSD",
                        value: 10000995385,
                    },
                    Entry {
                        key: "00000000000000000000000000000000000000000000000000000000000000c8::mgg::MGG",
                        value: 849937984,
                    },
                    Entry {
                        key: "00000000000000000000000000000000000000000000000000000000000000c8::bjpy::BJPY",
                        value: 62997403,
                    },
                    Entry {
                        key: "00000000000000000000000000000000000000000000000000000000000000c8::bkrw::BKRW",
                        value: 7199430,
                    },
                    Entry {
                        key: "00000000000000000000000000000000000000000000000000000000000000c8::baud::BAUD",
                        value: 6699981296,
                    },
                    Entry {
                        key: "00000000000000000000000000000000000000000000000000000000000000c8::bars::BARS",
                        value: 11003140,
                    },
                    Entry {
                        key: "00000000000000000000000000000000000000000000000000000000000000c8::bbrl::BBRL",
                        value: 1799971026,
                    },
                    Entry {
                        key: "00000000000000000000000000000000000000000000000000000000000000c8::bcad::BCAD",
                        value: 7300190404,
                    },
                    Entry {
                        key: "00000000000000000000000000000000000000000000000000000000000000c8::beur::BEUR",
                        value: 10899100961,
                    },
                    Entry {
                        key: "00000000000000000000000000000000000000000000000000000000000000c8::bgbp::BGBP",
                        value: 12998987179,
                    },
                    Entry {
                        key: "00000000000000000000000000000000000000000000000000000000000000c8::bidr::BIDR",
                        value: 619975,
                    },
                    Entry {
                        key: "00000000000000000000000000000000000000000000000000000000000000c8::binr::BINR",
                        value: 119996345,
                    },
                    Entry {
                        key: "00000000000000000000000000000000000000000000000000000000000000c8::brub::BRUB",
                        value: 109998380,
                    },
                    Entry {
                        key: "00000000000000000000000000000000000000000000000000000000000000c8::bsar::BSAR",
                        value: 2700265950,
                    },
                    Entry {
                        key: "00000000000000000000000000000000000000000000000000000000000000c8::btry::BTRY",
                        value: 300069903,
                    },
                    Entry {
                        key: "00000000000000000000000000000000000000000000000000000000000000c8::bzar::BZAR",
                        value: 550146795,
                    },
                    Entry {
                        key: "00000000000000000000000000000000000000000000000000000000000000c8::bmxn::BMXN",
                        value: 560138594,
                    },
                ],
            },
        },
    ),
)
[2m2025-03-25T07:54:12.884494Z[0m [32m INFO[0m [1mnode[0m[1m{[0m[3mname[0m[2m=[0mk#99f25ef6..[1m}[0m[2m:[0m [2msui_node[0m[2m:[0m [2mcrates/sui-node/src/lib.rs[0m[2m:[0m[2m1585:[0m [init] Set rate map to global-mutable-singleton, bfc_system.get_rate_map is {
    "00000000000000000000000000000000000000000000000000000000000000c8::bars::BARS": 11003140,
    "00000000000000000000000000000000000000000000000000000000000000c8::baud::BAUD": 6699981296,
    "00000000000000000000000000000000000000000000000000000000000000c8::bbrl::BBRL": 1799971026,
    "00000000000000000000000000000000000000000000000000000000000000c8::bcad::BCAD": 7300190404,
    "00000000000000000000000000000000000000000000000000000000000000c8::beur::BEUR": 10899100961,
    "00000000000000000000000000000000000000000000000000000000000000c8::bgbp::BGBP": 12998987179,
    "00000000000000000000000000000000000000000000000000000000000000c8::bidr::BIDR": 619975,
    "00000000000000000000000000000000000000000000000000000000000000c8::binr::BINR": 119996345,
    "00000000000000000000000000000000000000000000000000000000000000c8::bjpy::BJPY": 62997403,
    "00000000000000000000000000000000000000000000000000000000000000c8::bkrw::BKRW": 7199430,
    "00000000000000000000000000000000000000000000000000000000000000c8::bmxn::BMXN": 560138594,
    "00000000000000000000000000000000000000000000000000000000000000c8::brub::BRUB": 109998380,
    "00000000000000000000000000000000000000000000000000000000000000c8::bsar::BSAR": 2700265950,
    "00000000000000000000000000000000000000000000000000000000000000c8::btry::BTRY": 300069903,
    "00000000000000000000000000000000000000000000000000000000000000c8::busd::BUSD": 10000995385,
    "00000000000000000000000000000000000000000000000000000000000000c8::bzar::BZAR": 550146795,
    "00000000000000000000000000000000000000000000000000000000000000c8::mgg::MGG": 849937984,
}
[2m2025-03-25T07:54:12.895937Z[0m [33m WARN[0m [1mnode[0m[1m{[0m[3mname[0m[2m=[0mk#99f25ef6..[1m}[0m[2m:[0m [2mconsensus_core::network::tonic_network[0m[2m:[0m [2mconsensus/core/src/network/tonic_network.rs[0m[2m:[0m[2m415:[0m Failed to connect to endpoint at https://127.0.0.1:60577: tonic_rustls::Error(Transport, ConnectError(ConnectError("tcp connect error", Os { code: 61, kind: ConnectionRefused, message: "Connection refused" })))
[2m2025-03-25T07:54:12.895976Z[0m [33m WARN[0m [1mnode[0m[1m{[0m[3mname[0m[2m=[0mk#99f25ef6..[1m}[0m[2m:[0m [2mconsensus_core::network::tonic_network[0m[2m:[0m [2mconsensus/core/src/network/tonic_network.rs[0m[2m:[0m[2m415:[0m Failed to connect to endpoint at https://127.0.0.1:60591: tonic_rustls::Error(Transport, ConnectError(ConnectError("tcp connect error", Os { code: 61, kind: ConnectionRefused, message: "Connection refused" })))
[2m2025-03-25T07:54:12.896648Z[0m [32m INFO[0m [1mnode[0m[1m{[0m[3mname[0m[2m=[0mk#99f25ef6..[1m}[0m[2m:[0m [2mconsensus_core::commit_syncer[0m[2m:[0m [2mconsensus/core/src/commit_syncer.rs[0m[2m:[0m[2m196:[0m Checking to schedule fetches: synced_commit_index=0, highest_handled_index=0, highest_scheduled_index=0, quorum_commit_index=0, unhandled_commits_threshold=3200
[2m2025-03-25T07:54:12.924781Z[0m [32m INFO[0m [1mnode[0m[1m{[0m[3mname[0m[2m=[0mk#addeef94..[1m}[0m[2m:[0m [2msui_node[0m[2m:[0m [2mcrates/sui-node/src/lib.rs[0m[2m:[0m[2m1577:[0m [init] Set rate map to global-mutable-singleton, get_bfc_system_state_object result Ok(
    V1(
        BfcSystemStateInnerV1 {
            round: 0,
            stable_base_points: 10,
            reward_rate: 50,
            dao: Dao {
                id: UID {
                    id: ID {
                        bytes: 0xf009528a4ad86bc7cabb5b847b927145371d09d52b859bcf93d42d9a2741ca4d,
                    },
                },
                admin: ID {
                    bytes: 0x0000000000000000000000000000000000000000000000000000000000000000,
                },
                config: DaoConfig {
                    voting_delay: 259200000,
                    voting_period: 604800000,
                    voting_quorum_rate: 10,
                    min_action_delay: 604800000,
                },
                info: DaoGlobalInfo {
                    next_proposal_id: 19,
                    next_action_id: 1,
                },
                proposal_record: VecMap {
                    contents: [],
                },
                action_record: VecMap {
                    contents: [],
                },
                votes_record: VecMap {
                    contents: [],
                },
                voting_pool: VotingPool {
                    id: UID {
                        id: ID {
                            bytes: 0x9f9675f4bdda0964a44310552ce0cc1537ce32ac35da1157351c5a86b9bf936d,
                        },
                    },
                    bfc_balance: 0,
                    pool_token_balance: 0,
                },
                current_proposal_status: VecMap {
                    contents: [],
                },
            },
            treasury: Treasury {
                id: UID {
                    id: ID {
                        bytes: 0x03f483f8fec74be68ff7649ab12295ca3e7a5c5b27cc5a46a9bc688d57c74520,
                    },
                },
                bfc_balance: Balance {
                    value: 50904662323335663,
                },
                supplies: Bag {
                    id: UID {
                        id: ID {
                            bytes: 0x72c69bbb02cde1b22911173e9aa90da0420a76be0965ff995483ca6870db13b1,
                        },
                    },
                    size: 17,
                },
                index: 17,
                time_interval: 300,
                updated_at: 0,
                init: true,
                total_bfc_supply: 500000000000000000,
            },
            treasury_pool: TreasuryPool {
                id: UID {
                    id: ID {
                        bytes: 0x8d991f539a21cf7bfea38a3a7ead1a28102142dc8a5017da7c6c82ce96942294,
                    },
                },
                balance: Balance {
                    value: 208152500000000000,
                },
            },
            rate_map: VecMap {
                contents: [
                    Entry {
                        key: "00000000000000000000000000000000000000000000000000000000000000c8::busd::BUSD",
                        value: 10000995385,
                    },
                    Entry {
                        key: "00000000000000000000000000000000000000000000000000000000000000c8::mgg::MGG",
                        value: 849937984,
                    },
                    Entry {
                        key: "00000000000000000000000000000000000000000000000000000000000000c8::bjpy::BJPY",
                        value: 62997403,
                    },
                    Entry {
                        key: "00000000000000000000000000000000000000000000000000000000000000c8::bkrw::BKRW",
                        value: 7199430,
                    },
                    Entry {
                        key: "00000000000000000000000000000000000000000000000000000000000000c8::baud::BAUD",
                        value: 6699981296,
                    },
                    Entry {
                        key: "00000000000000000000000000000000000000000000000000000000000000c8::bars::BARS",
                        value: 11003140,
                    },
                    Entry {
                        key: "00000000000000000000000000000000000000000000000000000000000000c8::bbrl::BBRL",
                        value: 1799971026,
                    },
                    Entry {
                        key: "00000000000000000000000000000000000000000000000000000000000000c8::bcad::BCAD",
                        value: 7300190404,
                    },
                    Entry {
                        key: "00000000000000000000000000000000000000000000000000000000000000c8::beur::BEUR",
                        value: 10899100961,
                    },
                    Entry {
                        key: "00000000000000000000000000000000000000000000000000000000000000c8::bgbp::BGBP",
                        value: 12998987179,
                    },
                    Entry {
                        key: "00000000000000000000000000000000000000000000000000000000000000c8::bidr::BIDR",
                        value: 619975,
                    },
                    Entry {
                        key: "00000000000000000000000000000000000000000000000000000000000000c8::binr::BINR",
                        value: 119996345,
                    },
                    Entry {
                        key: "00000000000000000000000000000000000000000000000000000000000000c8::brub::BRUB",
                        value: 109998380,
                    },
                    Entry {
                        key: "00000000000000000000000000000000000000000000000000000000000000c8::bsar::BSAR",
                        value: 2700265950,
                    },
                    Entry {
                        key: "00000000000000000000000000000000000000000000000000000000000000c8::btry::BTRY",
                        value: 300069903,
                    },
                    Entry {
                        key: "00000000000000000000000000000000000000000000000000000000000000c8::bzar::BZAR",
                        value: 550146795,
                    },
                    Entry {
                        key: "00000000000000000000000000000000000000000000000000000000000000c8::bmxn::BMXN",
                        value: 560138594,
                    },
                ],
            },
        },
    ),
)
[2m2025-03-25T07:54:12.924879Z[0m [32m INFO[0m [1mnode[0m[1m{[0m[3mname[0m[2m=[0mk#addeef94..[1m}[0m[2m:[0m [2msui_node[0m[2m:[0m [2mcrates/sui-node/src/lib.rs[0m[2m:[0m[2m1585:[0m [init] Set rate map to global-mutable-singleton, bfc_system.get_rate_map is {
    "00000000000000000000000000000000000000000000000000000000000000c8::bars::BARS": 11003140,
    "00000000000000000000000000000000000000000000000000000000000000c8::baud::BAUD": 6699981296,
    "00000000000000000000000000000000000000000000000000000000000000c8::bbrl::BBRL": 1799971026,
    "00000000000000000000000000000000000000000000000000000000000000c8::bcad::BCAD": 7300190404,
    "00000000000000000000000000000000000000000000000000000000000000c8::beur::BEUR": 10899100961,
    "00000000000000000000000000000000000000000000000000000000000000c8::bgbp::BGBP": 12998987179,
    "00000000000000000000000000000000000000000000000000000000000000c8::bidr::BIDR": 619975,
    "00000000000000000000000000000000000000000000000000000000000000c8::binr::BINR": 119996345,
    "00000000000000000000000000000000000000000000000000000000000000c8::bjpy::BJPY": 62997403,
    "00000000000000000000000000000000000000000000000000000000000000c8::bkrw::BKRW": 7199430,
    "00000000000000000000000000000000000000000000000000000000000000c8::bmxn::BMXN": 560138594,
    "00000000000000000000000000000000000000000000000000000000000000c8::brub::BRUB": 109998380,
    "00000000000000000000000000000000000000000000000000000000000000c8::bsar::BSAR": 2700265950,
    "00000000000000000000000000000000000000000000000000000000000000c8::btry::BTRY": 300069903,
    "00000000000000000000000000000000000000000000000000000000000000c8::busd::BUSD": 10000995385,
    "00000000000000000000000000000000000000000000000000000000000000c8::bzar::BZAR": 550146795,
    "00000000000000000000000000000000000000000000000000000000000000c8::mgg::MGG": 849937984,
}
[2m2025-03-25T07:54:12.933190Z[0m [33m WARN[0m [1mnode[0m[1m{[0m[3mname[0m[2m=[0mk#addeef94..[1m}[0m[2m:[0m [2mconsensus_core::network::tonic_network[0m[2m:[0m [2mconsensus/core/src/network/tonic_network.rs[0m[2m:[0m[2m415:[0m Failed to connect to endpoint at https://127.0.0.1:60577: tonic_rustls::Error(Transport, ConnectError(ConnectError("tcp connect error", Os { code: 61, kind: ConnectionRefused, message: "Connection refused" })))
[2m2025-03-25T07:54:12.934009Z[0m [32m INFO[0m [1mnode[0m[1m{[0m[3mname[0m[2m=[0mk#addeef94..[1m}[0m[2m:[0m [2mconsensus_core::commit_syncer[0m[2m:[0m [2mconsensus/core/src/commit_syncer.rs[0m[2m:[0m[2m196:[0m Checking to schedule fetches: synced_commit_index=0, highest_handled_index=0, highest_scheduled_index=0, quorum_commit_index=0, unhandled_commits_threshold=3200
[2m2025-03-25T07:54:12.962164Z[0m [32m INFO[0m [1mnode[0m[1m{[0m[3mname[0m[2m=[0mk#8dcff6d1..[1m}[0m[2m:[0m [2msui_node[0m[2m:[0m [2mcrates/sui-node/src/lib.rs[0m[2m:[0m[2m1577:[0m [init] Set rate map to global-mutable-singleton, get_bfc_system_state_object result Ok(
    V1(
        BfcSystemStateInnerV1 {
            round: 0,
            stable_base_points: 10,
            reward_rate: 50,
            dao: Dao {
                id: UID {
                    id: ID {
                        bytes: 0xf009528a4ad86bc7cabb5b847b927145371d09d52b859bcf93d42d9a2741ca4d,
                    },
                },
                admin: ID {
                    bytes: 0x0000000000000000000000000000000000000000000000000000000000000000,
                },
                config: DaoConfig {
                    voting_delay: 259200000,
                    voting_period: 604800000,
                    voting_quorum_rate: 10,
                    min_action_delay: 604800000,
                },
                info: DaoGlobalInfo {
                    next_proposal_id: 19,
                    next_action_id: 1,
                },
                proposal_record: VecMap {
                    contents: [],
                },
                action_record: VecMap {
                    contents: [],
                },
                votes_record: VecMap {
                    contents: [],
                },
                voting_pool: VotingPool {
                    id: UID {
                        id: ID {
                            bytes: 0x9f9675f4bdda0964a44310552ce0cc1537ce32ac35da1157351c5a86b9bf936d,
                        },
                    },
                    bfc_balance: 0,
                    pool_token_balance: 0,
                },
                current_proposal_status: VecMap {
                    contents: [],
                },
            },
            treasury: Treasury {
                id: UID {
                    id: ID {
                        bytes: 0x03f483f8fec74be68ff7649ab12295ca3e7a5c5b27cc5a46a9bc688d57c74520,
                    },
                },
                bfc_balance: Balance {
                    value: 50904662323335663,
                },
                supplies: Bag {
                    id: UID {
                        id: ID {
                            bytes: 0x72c69bbb02cde1b22911173e9aa90da0420a76be0965ff995483ca6870db13b1,
                        },
                    },
                    size: 17,
                },
                index: 17,
                time_interval: 300,
                updated_at: 0,
                init: true,
                total_bfc_supply: 500000000000000000,
            },
            treasury_pool: TreasuryPool {
                id: UID {
                    id: ID {
                        bytes: 0x8d991f539a21cf7bfea38a3a7ead1a28102142dc8a5017da7c6c82ce96942294,
                    },
                },
                balance: Balance {
                    value: 208152500000000000,
                },
            },
            rate_map: VecMap {
                contents: [
                    Entry {
                        key: "00000000000000000000000000000000000000000000000000000000000000c8::busd::BUSD",
                        value: 10000995385,
                    },
                    Entry {
                        key: "00000000000000000000000000000000000000000000000000000000000000c8::mgg::MGG",
                        value: 849937984,
                    },
                    Entry {
                        key: "00000000000000000000000000000000000000000000000000000000000000c8::bjpy::BJPY",
                        value: 62997403,
                    },
                    Entry {
                        key: "00000000000000000000000000000000000000000000000000000000000000c8::bkrw::BKRW",
                        value: 7199430,
                    },
                    Entry {
                        key: "00000000000000000000000000000000000000000000000000000000000000c8::baud::BAUD",
                        value: 6699981296,
                    },
                    Entry {
                        key: "00000000000000000000000000000000000000000000000000000000000000c8::bars::BARS",
                        value: 11003140,
                    },
                    Entry {
                        key: "00000000000000000000000000000000000000000000000000000000000000c8::bbrl::BBRL",
                        value: 1799971026,
                    },
                    Entry {
                        key: "00000000000000000000000000000000000000000000000000000000000000c8::bcad::BCAD",
                        value: 7300190404,
                    },
                    Entry {
                        key: "00000000000000000000000000000000000000000000000000000000000000c8::beur::BEUR",
                        value: 10899100961,
                    },
                    Entry {
                        key: "00000000000000000000000000000000000000000000000000000000000000c8::bgbp::BGBP",
                        value: 12998987179,
                    },
                    Entry {
                        key: "00000000000000000000000000000000000000000000000000000000000000c8::bidr::BIDR",
                        value: 619975,
                    },
                    Entry {
                        key: "00000000000000000000000000000000000000000000000000000000000000c8::binr::BINR",
                        value: 119996345,
                    },
                    Entry {
                        key: "00000000000000000000000000000000000000000000000000000000000000c8::brub::BRUB",
                        value: 109998380,
                    },
                    Entry {
                        key: "00000000000000000000000000000000000000000000000000000000000000c8::bsar::BSAR",
                        value: 2700265950,
                    },
                    Entry {
                        key: "00000000000000000000000000000000000000000000000000000000000000c8::btry::BTRY",
                        value: 300069903,
                    },
                    Entry {
                        key: "00000000000000000000000000000000000000000000000000000000000000c8::bzar::BZAR",
                        value: 550146795,
                    },
                    Entry {
                        key: "00000000000000000000000000000000000000000000000000000000000000c8::bmxn::BMXN",
                        value: 560138594,
                    },
                ],
            },
        },
    ),
)
[2m2025-03-25T07:54:12.962267Z[0m [32m INFO[0m [1mnode[0m[1m{[0m[3mname[0m[2m=[0mk#8dcff6d1..[1m}[0m[2m:[0m [2msui_node[0m[2m:[0m [2mcrates/sui-node/src/lib.rs[0m[2m:[0m[2m1585:[0m [init] Set rate map to global-mutable-singleton, bfc_system.get_rate_map is {
    "00000000000000000000000000000000000000000000000000000000000000c8::bars::BARS": 11003140,
    "00000000000000000000000000000000000000000000000000000000000000c8::baud::BAUD": 6699981296,
    "00000000000000000000000000000000000000000000000000000000000000c8::bbrl::BBRL": 1799971026,
    "00000000000000000000000000000000000000000000000000000000000000c8::bcad::BCAD": 7300190404,
    "00000000000000000000000000000000000000000000000000000000000000c8::beur::BEUR": 10899100961,
    "00000000000000000000000000000000000000000000000000000000000000c8::bgbp::BGBP": 12998987179,
    "00000000000000000000000000000000000000000000000000000000000000c8::bidr::BIDR": 619975,
    "00000000000000000000000000000000000000000000000000000000000000c8::binr::BINR": 119996345,
    "00000000000000000000000000000000000000000000000000000000000000c8::bjpy::BJPY": 62997403,
    "00000000000000000000000000000000000000000000000000000000000000c8::bkrw::BKRW": 7199430,
    "00000000000000000000000000000000000000000000000000000000000000c8::bmxn::BMXN": 560138594,
    "00000000000000000000000000000000000000000000000000000000000000c8::brub::BRUB": 109998380,
    "00000000000000000000000000000000000000000000000000000000000000c8::bsar::BSAR": 2700265950,
    "00000000000000000000000000000000000000000000000000000000000000c8::btry::BTRY": 300069903,
    "00000000000000000000000000000000000000000000000000000000000000c8::busd::BUSD": 10000995385,
    "00000000000000000000000000000000000000000000000000000000000000c8::bzar::BZAR": 550146795,
    "00000000000000000000000000000000000000000000000000000000000000c8::mgg::MGG": 849937984,
}
[2m2025-03-25T07:54:12.971808Z[0m [32m INFO[0m [1mnode[0m[1m{[0m[3mname[0m[2m=[0mk#8dcff6d1..[1m}[0m[2m:[0m [2mconsensus_core::commit_syncer[0m[2m:[0m [2mconsensus/core/src/commit_syncer.rs[0m[2m:[0m[2m196:[0m Checking to schedule fetches: synced_commit_index=0, highest_handled_index=0, highest_scheduled_index=0, quorum_commit_index=0, unhandled_commits_threshold=3200
[2m2025-03-25T07:54:12.990663Z[0m [31mERROR[0m [2mmysten_metrics::thread_stall_monitor[0m[2m:[0m [2mcrates/mysten-metrics/src/thread_stall_monitor.rs[0m[2m:[0m[2m48:[0m Thread stall cleared after 15564ms
[2m2025-03-25T07:54:13.011297Z[0m [32m INFO[0m [1mnode[0m[1m{[0m[3mname[0m[2m=[0mk#99f25ef6..[1m}[0m[2m:[0m [2msui_node[0m[2m:[0m [2mcrates/sui-node/src/lib.rs[0m[2m:[0m[2m1639:[0m submitting capabilities to consensus [3mtransaction[0m[2m=[0mConsensusTransaction { tracking_id: [150, 146, 87, 173, 71, 160, 137, 220], kind: CapabilityNotification(AuthorityCapabilities { authority: k#99f25ef6.., generation: 1742889253011, supported_protocol_versions: SupportedProtocolVersions { min: ProtocolVersion(1), max: ProtocolVersion(70) }, available_system_packages: [(0x0000000000000000000000000000000000000000000000000000000000000001, SequenceNumber(1), o#96Jb9mkzfqNLYnEMpVxB5dqrKbBaj23w7iXPjTYFdrQw), (0x0000000000000000000000000000000000000000000000000000000000000002, SequenceNumber(2), o#26xJj5urud1ErPtdD9Ak2uWtBGmzeb1ixJimJbkEhqzi), (0x00000000000000000000000000000000000000000000000000000000000000c8, SequenceNumber(2), o#8mxAzFggYWTk2EcWLVbvhGohJUAeKimeRNdivg4tL1ff), (0x0000000000000000000000000000000000000000000000000000000000000003, SequenceNumber(2), o#DF5dfASe4ZDkSCbUKiNv6i44DUPQSgtpV7BoPFJxNLcu), (0x000000000000000000000000000000000000000000000000000000000000000b, SequenceNumber(2), o#8vwgz9iNeskH5LiGvDEfqFhuxwuiUVnKJBbDthPcVcK1)] }) }
[2m2025-03-25T07:54:13.013084Z[0m [32m INFO[0m [1mnode[0m[1m{[0m[3mname[0m[2m=[0mk#99f25ef6..[1m}[0m[2m:[0m [2msui_core::checkpoints::checkpoint_executor[0m[2m:[0m [2mcrates/sui-core/src/checkpoints/checkpoint_executor/mod.rs[0m[2m:[0m[2m1288:[0m Checkpoint preparation for execution took 682.708µs
[2m2025-03-25T07:54:13.040210Z[0m [32m INFO[0m [1mnode[0m[1m{[0m[3mname[0m[2m=[0mk#99f25ef6..[1m}[0m[2m:[0m [2msui_core::checkpoints::checkpoint_executor[0m[2m:[0m [2mcrates/sui-core/src/checkpoints/checkpoint_executor/mod.rs[0m[2m:[0m[2m1318:[0m Checkpoint execution took 27.112209ms
[2m2025-03-25T07:54:13.049259Z[0m [32m INFO[0m [1mnode[0m[1m{[0m[3mname[0m[2m=[0mk#addeef94..[1m}[0m[2m:[0m [2msui_node[0m[2m:[0m [2mcrates/sui-node/src/lib.rs[0m[2m:[0m[2m1639:[0m submitting capabilities to consensus [3mtransaction[0m[2m=[0mConsensusTransaction { tracking_id: [254, 80, 220, 206, 240, 103, 241, 219], kind: CapabilityNotification(AuthorityCapabilities { authority: k#addeef94.., generation: 1742889253049, supported_protocol_versions: SupportedProtocolVersions { min: ProtocolVersion(1), max: ProtocolVersion(70) }, available_system_packages: [(0x0000000000000000000000000000000000000000000000000000000000000001, SequenceNumber(1), o#96Jb9mkzfqNLYnEMpVxB5dqrKbBaj23w7iXPjTYFdrQw), (0x0000000000000000000000000000000000000000000000000000000000000002, SequenceNumber(2), o#26xJj5urud1ErPtdD9Ak2uWtBGmzeb1ixJimJbkEhqzi), (0x00000000000000000000000000000000000000000000000000000000000000c8, SequenceNumber(2), o#8mxAzFggYWTk2EcWLVbvhGohJUAeKimeRNdivg4tL1ff), (0x0000000000000000000000000000000000000000000000000000000000000003, SequenceNumber(2), o#DF5dfASe4ZDkSCbUKiNv6i44DUPQSgtpV7BoPFJxNLcu), (0x000000000000000000000000000000000000000000000000000000000000000b, SequenceNumber(2), o#8vwgz9iNeskH5LiGvDEfqFhuxwuiUVnKJBbDthPcVcK1)] }) }
[2m2025-03-25T07:54:13.052250Z[0m [32m INFO[0m [1mnode[0m[1m{[0m[3mname[0m[2m=[0mk#addeef94..[1m}[0m[2m:[0m [2msui_core::checkpoints::checkpoint_executor[0m[2m:[0m [2mcrates/sui-core/src/checkpoints/checkpoint_executor/mod.rs[0m[2m:[0m[2m1288:[0m Checkpoint preparation for execution took 179.916µs
[2m2025-03-25T07:54:13.064610Z[0m [32m INFO[0m [1mnode[0m[1m{[0m[3mname[0m[2m=[0mk#99f25ef6..[1m}[0m[2m:[0m [2msui_core::state_accumulator[0m[2m:[0m [2mcrates/sui-core/src/state_accumulator.rs[0m[2m:[0m[2m675:[0m accumulating running root for checkpoint 0
[2m2025-03-25T07:54:13.064830Z[0m [32m INFO[0m [1mnode[0m[1m{[0m[3mname[0m[2m=[0mk#99f25ef6..[1m}[0m[2m:[0m [2msui_core::checkpoints::checkpoint_executor[0m[2m:[0m [2mcrates/sui-core/src/checkpoints/checkpoint_executor/mod.rs[0m[2m:[0m[2m378:[0m Finished syncing and executing checkpoint 0
[2m2025-03-25T07:54:13.079300Z[0m [32m INFO[0m [1mnode[0m[1m{[0m[3mname[0m[2m=[0mk#addeef94..[1m}[0m[2m:[0m [2msui_core::checkpoints::checkpoint_executor[0m[2m:[0m [2mcrates/sui-core/src/checkpoints/checkpoint_executor/mod.rs[0m[2m:[0m[2m1318:[0m Checkpoint execution took 27.0385ms
[2m2025-03-25T07:54:13.087004Z[0m [32m INFO[0m [1mnode[0m[1m{[0m[3mname[0m[2m=[0mk#8dcff6d1..[1m}[0m[2m:[0m [2msui_node[0m[2m:[0m [2mcrates/sui-node/src/lib.rs[0m[2m:[0m[2m1639:[0m submitting capabilities to consensus [3mtransaction[0m[2m=[0mConsensusTransaction { tracking_id: [93, 125, 83, 54, 81, 48, 63, 181], kind: CapabilityNotification(AuthorityCapabilities { authority: k#8dcff6d1.., generation: 1742889253086, supported_protocol_versions: SupportedProtocolVersions { min: ProtocolVersion(1), max: ProtocolVersion(70) }, available_system_packages: [(0x0000000000000000000000000000000000000000000000000000000000000001, SequenceNumber(1), o#96Jb9mkzfqNLYnEMpVxB5dqrKbBaj23w7iXPjTYFdrQw), (0x0000000000000000000000000000000000000000000000000000000000000002, SequenceNumber(2), o#26xJj5urud1ErPtdD9Ak2uWtBGmzeb1ixJimJbkEhqzi), (0x00000000000000000000000000000000000000000000000000000000000000c8, SequenceNumber(2), o#8mxAzFggYWTk2EcWLVbvhGohJUAeKimeRNdivg4tL1ff), (0x0000000000000000000000000000000000000000000000000000000000000003, SequenceNumber(2), o#DF5dfASe4ZDkSCbUKiNv6i44DUPQSgtpV7BoPFJxNLcu), (0x000000000000000000000000000000000000000000000000000000000000000b, SequenceNumber(2), o#8vwgz9iNeskH5LiGvDEfqFhuxwuiUVnKJBbDthPcVcK1)] }) }
[2m2025-03-25T07:54:13.089821Z[0m [32m INFO[0m [1mnode[0m[1m{[0m[3mname[0m[2m=[0mk#8dcff6d1..[1m}[0m[2m:[0m [2msui_core::checkpoints::checkpoint_executor[0m[2m:[0m [2mcrates/sui-core/src/checkpoints/checkpoint_executor/mod.rs[0m[2m:[0m[2m1288:[0m Checkpoint preparation for execution took 193.5µs
[2m2025-03-25T07:54:13.103215Z[0m [32m INFO[0m [1mnode[0m[1m{[0m[3mname[0m[2m=[0mk#addeef94..[1m}[0m[2m:[0m [2msui_core::state_accumulator[0m[2m:[0m [2mcrates/sui-core/src/state_accumulator.rs[0m[2m:[0m[2m675:[0m accumulating running root for checkpoint 0
[2m2025-03-25T07:54:13.103298Z[0m [32m INFO[0m [1mnode[0m[1m{[0m[3mname[0m[2m=[0mk#addeef94..[1m}[0m[2m:[0m [2msui_core::checkpoints::checkpoint_executor[0m[2m:[0m [2mcrates/sui-core/src/checkpoints/checkpoint_executor/mod.rs[0m[2m:[0m[2m378:[0m Finished syncing and executing checkpoint 0
[2m2025-03-25T07:54:13.114433Z[0m [32m INFO[0m [1mnode[0m[1m{[0m[3mname[0m[2m=[0mk#99f25ef6..[1m}[0m[2m:[0m [2mconsensus_core::core[0m[2m:[0m [2mconsensus/core/src/core.rs[0m[2m:[0m[2m682:[0m Block subscriber exists: true
[2m2025-03-25T07:54:13.116637Z[0m [32m INFO[0m [1mnode[0m[1m{[0m[3mname[0m[2m=[0mk#8dcff6d1..[1m}[0m[2m:[0m [2msui_core::checkpoints::checkpoint_executor[0m[2m:[0m [2mcrates/sui-core/src/checkpoints/checkpoint_executor/mod.rs[0m[2m:[0m[2m1318:[0m Checkpoint execution took 26.804833ms
[2m2025-03-25T07:54:13.120953Z[0m [33m WARN[0m [1mnode[0m[1m{[0m[3mname[0m[2m=[0mk#addeef94..[1m}[0m[2m:[0m[1mrequest[0m[1m{[0m[3mroute[0m[2m=[0m/sui.Discovery/GetKnownPeersV2 [3mremote_peer_id[0m[2m=[0m6922c583 [3mdirection[0m[2m=[0moutbound[1m}[0m[2m:[0m [2manemo_tower::trace::on_failure[0m[2m:[0m [2m/Users/mofei/.cargo/git/checkouts/anemo-b054b2cc97edf2b7/e609f76/crates/anemo-tower/src/trace/on_failure.rs[0m[2m:[0m[2m106:[0m response failed [3merror[0m[2m=[0mError: connection lost [3mlatency[0m[2m=[0m2 ms
[2m2025-03-25T07:54:13.121003Z[0m [33m WARN[0m [1mnode[0m[1m{[0m[3mname[0m[2m=[0mk#addeef94..[1m}[0m[2m:[0m[1mrequest[0m[1m{[0m[3mroute[0m[2m=[0m/sui.StateSync/GetCheckpointSummary [3mremote_peer_id[0m[2m=[0m6922c583 [3mdirection[0m[2m=[0moutbound[1m}[0m[2m:[0m [2manemo_tower::trace::on_failure[0m[2m:[0m [2m/Users/mofei/.cargo/git/checkouts/anemo-b054b2cc97edf2b7/e609f76/crates/anemo-tower/src/trace/on_failure.rs[0m[2m:[0m[2m106:[0m response failed [3merror[0m[2m=[0mError: connection lost [3mlatency[0m[2m=[0m2 ms
[2m2025-03-25T07:54:13.121286Z[0m [33m WARN[0m [1mnode[0m[1m{[0m[3mname[0m[2m=[0mk#99f25ef6..[1m}[0m[2m:[0m[1mrequest[0m[1m{[0m[3mroute[0m[2m=[0m/sui.Discovery/GetKnownPeersV2 [3mremote_peer_id[0m[2m=[0md6bb5a1b [3mdirection[0m[2m=[0moutbound[1m}[0m[2m:[0m [2manemo_tower::trace::on_failure[0m[2m:[0m [2m/Users/mofei/.cargo/git/checkouts/anemo-b054b2cc97edf2b7/e609f76/crates/anemo-tower/src/trace/on_failure.rs[0m[2m:[0m[2m106:[0m response failed [3merror[0m[2m=[0mError: connection lost [3mlatency[0m[2m=[0m1 ms
[2m2025-03-25T07:54:13.121319Z[0m [33m WARN[0m [1mnode[0m[1m{[0m[3mname[0m[2m=[0mk#99f25ef6..[1m}[0m[2m:[0m[1mrequest[0m[1m{[0m[3mroute[0m[2m=[0m/sui.StateSync/GetCheckpointSummary [3mremote_peer_id[0m[2m=[0md6bb5a1b [3mdirection[0m[2m=[0moutbound[1m}[0m[2m:[0m [2manemo_tower::trace::on_failure[0m[2m:[0m [2m/Users/mofei/.cargo/git/checkouts/anemo-b054b2cc97edf2b7/e609f76/crates/anemo-tower/src/trace/on_failure.rs[0m[2m:[0m[2m106:[0m response failed [3merror[0m[2m=[0mError: connection lost [3mlatency[0m[2m=[0m1 ms
[2m2025-03-25T07:54:13.140342Z[0m [32m INFO[0m [1mnode[0m[1m{[0m[3mname[0m[2m=[0mk#8dcff6d1..[1m}[0m[2m:[0m [2msui_core::state_accumulator[0m[2m:[0m [2mcrates/sui-core/src/state_accumulator.rs[0m[2m:[0m[2m675:[0m accumulating running root for checkpoint 0
[2m2025-03-25T07:54:13.140426Z[0m [32m INFO[0m [1mnode[0m[1m{[0m[3mname[0m[2m=[0mk#8dcff6d1..[1m}[0m[2m:[0m [2msui_core::checkpoints::checkpoint_executor[0m[2m:[0m [2mcrates/sui-core/src/checkpoints/checkpoint_executor/mod.rs[0m[2m:[0m[2m378:[0m Finished syncing and executing checkpoint 0
[2m2025-03-25T07:54:13.153575Z[0m [32m INFO[0m [1mnode[0m[1m{[0m[3mname[0m[2m=[0mk#addeef94..[1m}[0m[2m:[0m [2mconsensus_core::core[0m[2m:[0m [2mconsensus/core/src/core.rs[0m[2m:[0m[2m682:[0m Block subscriber exists: true
[2m2025-03-25T07:54:13.159735Z[0m [32m INFO[0m [1mnode[0m[1m{[0m[3mname[0m[2m=[0mk#addeef94..[1m}[0m[2m:[0m [2mconsensus_core::synchronizer[0m[2m:[0m [2mconsensus/core/src/synchronizer.rs[0m[2m:[0m[2m818:[0m 6666 out of 10000 total stake returned acceptable results for our own last block with highest round 0, with 0 retries.
[2m2025-03-25T07:54:13.159796Z[0m [32m INFO[0m [1mnode[0m[1m{[0m[3mname[0m[2m=[0mk#addeef94..[1m}[0m[2m:[0m [2mconsensus_core::core[0m[2m:[0m [2mconsensus/core/src/core.rs[0m[2m:[0m[2m710:[0m Last known proposed round set to 0
[2m2025-03-25T07:54:13.160091Z[0m [32m INFO[0m [1mnode[0m[1m{[0m[3mname[0m[2m=[0mk#99f25ef6..[1m}[0m[2m:[0m [2mconsensus_core::synchronizer[0m[2m:[0m [2mconsensus/core/src/synchronizer.rs[0m[2m:[0m[2m818:[0m 6667 out of 10000 total stake returned acceptable results for our own last block with highest round 0, with 0 retries.
[2m2025-03-25T07:54:13.160118Z[0m [32m INFO[0m [1mnode[0m[1m{[0m[3mname[0m[2m=[0mk#99f25ef6..[1m}[0m[2m:[0m [2mconsensus_core::core[0m[2m:[0m [2mconsensus/core/src/core.rs[0m[2m:[0m[2m710:[0m Last known proposed round set to 0
[2m2025-03-25T07:54:13.165225Z[0m [32m INFO[0m [1mnode[0m[1m{[0m[3mname[0m[2m=[0mk#8dcff6d1..[1m}[0m[2m:[0m [2mconsensus_core::synchronizer[0m[2m:[0m [2mconsensus/core/src/synchronizer.rs[0m[2m:[0m[2m818:[0m 6667 out of 10000 total stake returned acceptable results for our own last block with highest round 0, with 0 retries.
[2m2025-03-25T07:54:13.165256Z[0m [32m INFO[0m [1mnode[0m[1m{[0m[3mname[0m[2m=[0mk#8dcff6d1..[1m}[0m[2m:[0m [2mconsensus_core::core[0m[2m:[0m [2mconsensus/core/src/core.rs[0m[2m:[0m[2m710:[0m Last known proposed round set to 0
[2m2025-03-25T07:54:13.172071Z[0m [32m INFO[0m [1mnode[0m[1m{[0m[3mname[0m[2m=[0mk#addeef94..[1m}[0m[2m:[0m [2mconsensus_core::core[0m[2m:[0m [2mconsensus/core/src/core.rs[0m[2m:[0m[2m531:[0m Created block B1(C,lrIommLaqw4hW44WrOugPpSuwr+x+E7TrTTa+wKMK3Q=)(1742889253159ms;[B0(C,nBr/taD6OGhSuh+qyp5Tw0ZBvgLbORyHcrqR0vbLjec=), B0(A,rquzEUtnQL1bMLK006vVHk8UqMYcBiQV+vinZrvOCgM=), B0(B,eDMXObWWmFR7PM9GMWum85qboMAKKzwONnU5npeqDeQ=)];3t;0c) for round 1
[2m2025-03-25T07:54:13.172179Z[0m [32m INFO[0m [1mnode[0m[1m{[0m[3mname[0m[2m=[0mk#addeef94..[1m}[0m[2m:[0m [2msui_core::mysticeti_adapter[0m[2m:[0m [2mcrates/sui-core/src/mysticeti_adapter.rs[0m[2m:[0m[2m130:[0m Transaction External(RandomnessDkgMessage(k#addeef94..)) was included in B1(C,lrIo)
[2m2025-03-25T07:54:13.172228Z[0m [32m INFO[0m [1mnode[0m[1m{[0m[3mname[0m[2m=[0mk#99f25ef6..[1m}[0m[2m:[0m [2mconsensus_core::core[0m[2m:[0m [2mconsensus/core/src/core.rs[0m[2m:[0m[2m531:[0m Created block B1(B,1WAP2RLZdbGPDJ8HJb6cD78pRF2JhXN+Uh7SQdjwM/Q=)(1742889253160ms;[B0(B,eDMXObWWmFR7PM9GMWum85qboMAKKzwONnU5npeqDeQ=), B0(A,rquzEUtnQL1bMLK006vVHk8UqMYcBiQV+vinZrvOCgM=), B0(C,nBr/taD6OGhSuh+qyp5Tw0ZBvgLbORyHcrqR0vbLjec=)];3t;0c) for round 1
[2m2025-03-25T07:54:13.172241Z[0m [32m INFO[0m [1mnode[0m[1m{[0m[3mname[0m[2m=[0mk#addeef94..[1m}[0m[2m:[0m [2msui_core::mysticeti_adapter[0m[2m:[0m [2mcrates/sui-core/src/mysticeti_adapter.rs[0m[2m:[0m[2m130:[0m Transaction External(RandomnessDkgMessage(k#addeef94..)) was included in B1(C,lrIo)
[2m2025-03-25T07:54:13.172256Z[0m [32m INFO[0m [1mnode[0m[1m{[0m[3mname[0m[2m=[0mk#addeef94..[1m}[0m[2m:[0m [2msui_core::mysticeti_adapter[0m[2m:[0m [2mcrates/sui-core/src/mysticeti_adapter.rs[0m[2m:[0m[2m130:[0m Transaction External(CapabilityNotification(k#addeef94.., 1742889253049)) was included in B1(C,lrIo)
[2m2025-03-25T07:54:13.172309Z[0m [32m INFO[0m [1mnode[0m[1m{[0m[3mname[0m[2m=[0mk#99f25ef6..[1m}[0m[2m:[0m [2msui_core::mysticeti_adapter[0m[2m:[0m [2mcrates/sui-core/src/mysticeti_adapter.rs[0m[2m:[0m[2m130:[0m Transaction External(RandomnessDkgMessage(k#99f25ef6..)) was included in B1(B,1WAP)
[2m2025-03-25T07:54:13.172341Z[0m [32m INFO[0m [1mnode[0m[1m{[0m[3mname[0m[2m=[0mk#99f25ef6..[1m}[0m[2m:[0m [2msui_core::mysticeti_adapter[0m[2m:[0m [2mcrates/sui-core/src/mysticeti_adapter.rs[0m[2m:[0m[2m130:[0m Transaction External(RandomnessDkgMessage(k#99f25ef6..)) was included in B1(B,1WAP)
[2m2025-03-25T07:54:13.172356Z[0m [32m INFO[0m [1mnode[0m[1m{[0m[3mname[0m[2m=[0mk#99f25ef6..[1m}[0m[2m:[0m [2msui_core::mysticeti_adapter[0m[2m:[0m [2mcrates/sui-core/src/mysticeti_adapter.rs[0m[2m:[0m[2m130:[0m Transaction External(CapabilityNotification(k#99f25ef6.., 1742889253011)) was included in B1(B,1WAP)
[2m2025-03-25T07:54:13.208589Z[0m [33m WARN[0m [1mnode[0m[1m{[0m[3mname[0m[2m=[0mk#8dcff6d1..[1m}[0m[2m:[0m[1mrequest[0m[1m{[0m[3mroute[0m[2m=[0m/sui.Discovery/GetKnownPeersV2 [3mremote_peer_id[0m[2m=[0m6922c583 [3mdirection[0m[2m=[0moutbound[1m}[0m[2m:[0m [2manemo_tower::trace::on_failure[0m[2m:[0m [2m/Users/mofei/.cargo/git/checkouts/anemo-b054b2cc97edf2b7/e609f76/crates/anemo-tower/src/trace/on_failure.rs[0m[2m:[0m[2m106:[0m response failed [3merror[0m[2m=[0mError: connection lost [3mlatency[0m[2m=[0m44 ms
[2m2025-03-25T07:54:13.208632Z[0m [33m WARN[0m [1mnode[0m[1m{[0m[3mname[0m[2m=[0mk#8dcff6d1..[1m}[0m[2m:[0m[1mrequest[0m[1m{[0m[3mroute[0m[2m=[0m/sui.StateSync/GetCheckpointSummary [3mremote_peer_id[0m[2m=[0m6922c583 [3mdirection[0m[2m=[0moutbound[1m}[0m[2m:[0m [2manemo_tower::trace::on_failure[0m[2m:[0m [2m/Users/mofei/.cargo/git/checkouts/anemo-b054b2cc97edf2b7/e609f76/crates/anemo-tower/src/trace/on_failure.rs[0m[2m:[0m[2m106:[0m response failed [3merror[0m[2m=[0mError: connection lost [3mlatency[0m[2m=[0m44 ms
[2m2025-03-25T07:54:13.208644Z[0m [33m WARN[0m [1mnode[0m[1m{[0m[3mname[0m[2m=[0mk#99f25ef6..[1m}[0m[2m:[0m[1mrequest[0m[1m{[0m[3mroute[0m[2m=[0m/sui.StateSync/GetCheckpointAvailability [3mremote_peer_id[0m[2m=[0m8216ffcf [3mdirection[0m[2m=[0moutbound[1m}[0m[2m:[0m [2manemo_tower::trace::on_failure[0m[2m:[0m [2m/Users/mofei/.cargo/git/checkouts/anemo-b054b2cc97edf2b7/e609f76/crates/anemo-tower/src/trace/on_failure.rs[0m[2m:[0m[2m106:[0m response failed [3merror[0m[2m=[0mError: connection lost [3mlatency[0m[2m=[0m33 ms
[2m2025-03-25T07:54:13.373635Z[0m [32m INFO[0m [1mnode[0m[1m{[0m[3mname[0m[2m=[0mk#99f25ef6..[1m}[0m[2m:[0m[1mjwk_updater_task[0m[1m{[0m[3mepoch[0m[2m=[0m0[1m}[0m[2m:[0m [2msui_node[0m[2m:[0m [2mcrates/sui-node/src/lib.rs[0m[2m:[0m[2m409:[0m Submitting JWK to consensus: JwkId { iss: "https://login.onepassport.onefc.com/de3ee5c1-5644-4113-922d-e8336569a462/v2.0/", kid: "X-yzFPFMdWtJQ1oJXiGRVnn061ezrvZz596xN3mCfyQ" }
[2m2025-03-25T07:54:13.407089Z[0m [32m INFO[0m [1mnode[0m[1m{[0m[3mname[0m[2m=[0mk#addeef94..[1m}[0m[2m:[0m[1mjwk_updater_task[0m[1m{[0m[3mepoch[0m[2m=[0m0[1m}[0m[2m:[0m [2msui_node[0m[2m:[0m [2mcrates/sui-node/src/lib.rs[0m[2m:[0m[2m409:[0m Submitting JWK to consensus: JwkId { iss: "https://login.onepassport.onefc.com/de3ee5c1-5644-4113-922d-e8336569a462/v2.0/", kid: "X-yzFPFMdWtJQ1oJXiGRVnn061ezrvZz596xN3mCfyQ" }
[2m2025-03-25T07:54:13.435774Z[0m [32m INFO[0m [1mnode[0m[1m{[0m[3mname[0m[2m=[0mk#addeef94..[1m}[0m[2m:[0m[1mjwk_updater_task[0m[1m{[0m[3mepoch[0m[2m=[0m0[1m}[0m[2m:[0m [2msui_node[0m[2m:[0m [2mcrates/sui-node/src/lib.rs[0m[2m:[0m[2m409:[0m Submitting JWK to consensus: JwkId { iss: "https://oauth.sui.io", kid: "sui-key-id" }
[2m2025-03-25T07:54:13.443866Z[0m [32m INFO[0m [1mnode[0m[1m{[0m[3mname[0m[2m=[0mk#addeef94..[1m}[0m[2m:[0m [2mconsensus_core::core[0m[2m:[0m [2mconsensus/core/src/core.rs[0m[2m:[0m[2m531:[0m Created block B2(C,5Xu4GQk0XCnT6ICPV3aELQY7fGCPC3PLmQUD+aq4t1o=)(1742889253443ms;[B1(C,lrIommLaqw4hW44WrOugPpSuwr+x+E7TrTTa+wKMK3Q=), B1(B,1WAP2RLZdbGPDJ8HJb6cD78pRF2JhXN+Uh7SQdjwM/Q=)];2t;0c) for round 2
[2m2025-03-25T07:54:13.445370Z[0m [32m INFO[0m [1mnode[0m[1m{[0m[3mname[0m[2m=[0mk#addeef94..[1m}[0m[2m:[0m[1mjwk_updater_task[0m[1m{[0m[3mepoch[0m[2m=[0m0[1m}[0m[2m:[0m [2msui_node[0m[2m:[0m [2mcrates/sui-node/src/lib.rs[0m[2m:[0m[2m409:[0m Submitting JWK to consensus: JwkId { iss: "https://accounts.fantv.world", kid: "PODsfgAn4twvCLjNt9QmEEiAcCa3Z6C10LxrDxvi3bA" }
[2m2025-03-25T07:54:13.446552Z[0m [32m INFO[0m [1mnode[0m[1m{[0m[3mname[0m[2m=[0mk#99f25ef6..[1m}[0m[2m:[0m[1mjwk_updater_task[0m[1m{[0m[3mepoch[0m[2m=[0m0[1m}[0m[2m:[0m [2msui_node[0m[2m:[0m [2mcrates/sui-node/src/lib.rs[0m[2m:[0m[2m409:[0m Submitting JWK to consensus: JwkId { iss: "https://oauth.sui.io", kid: "sui-key-id" }
[2m2025-03-25T07:54:13.453594Z[0m [32m INFO[0m [1mnode[0m[1m{[0m[3mname[0m[2m=[0mk#8dcff6d1..[1m}[0m[2m:[0m[1mjwk_updater_task[0m[1m{[0m[3mepoch[0m[2m=[0m0[1m}[0m[2m:[0m [2msui_node[0m[2m:[0m [2mcrates/sui-node/src/lib.rs[0m[2m:[0m[2m409:[0m Submitting JWK to consensus: JwkId { iss: "https://oauth.sui.io", kid: "sui-key-id" }
[2m2025-03-25T07:54:13.456499Z[0m [32m INFO[0m [1mnode[0m[1m{[0m[3mname[0m[2m=[0mk#99f25ef6..[1m}[0m[2m:[0m[1mjwk_updater_task[0m[1m{[0m[3mepoch[0m[2m=[0m0[1m}[0m[2m:[0m [2msui_node[0m[2m:[0m [2mcrates/sui-node/src/lib.rs[0m[2m:[0m[2m409:[0m Submitting JWK to consensus: JwkId { iss: "https://slack.com", kid: "mB2MAyKSn555isd0EbdhKx6nkyAi9xLq8rvCEb_nOyY" }
[2m2025-03-25T07:54:13.472414Z[0m [32m INFO[0m [1mnode[0m[1m{[0m[3mname[0m[2m=[0mk#addeef94..[1m}[0m[2m:[0m[1mjwk_updater_task[0m[1m{[0m[3mepoch[0m[2m=[0m0[1m}[0m[2m:[0m [2msui_node[0m[2m:[0m [2mcrates/sui-node/src/lib.rs[0m[2m:[0m[2m409:[0m Submitting JWK to consensus: JwkId { iss: "https://slack.com", kid: "mB2MAyKSn555isd0EbdhKx6nkyAi9xLq8rvCEb_nOyY" }
[2m2025-03-25T07:54:13.473855Z[0m [32m INFO[0m [1mnode[0m[1m{[0m[3mname[0m[2m=[0mk#99f25ef6..[1m}[0m[2m:[0m[1mjwk_updater_task[0m[1m{[0m[3mepoch[0m[2m=[0m0[1m}[0m[2m:[0m [2msui_node[0m[2m:[0m [2mcrates/sui-node/src/lib.rs[0m[2m:[0m[2m409:[0m Submitting JWK to consensus: JwkId { iss: "https://cognito-idp.eu-west-3.amazonaws.com/eu-west-3_gGVCx53Es", kid: "JbFCSYl4Xp4UYEJHo7R0iwl/Xf3F5+z72stu8iH+QxY=" }
[2m2025-03-25T07:54:13.473898Z[0m [32m INFO[0m [1mnode[0m[1m{[0m[3mname[0m[2m=[0mk#99f25ef6..[1m}[0m[2m:[0m[1mjwk_updater_task[0m[1m{[0m[3mepoch[0m[2m=[0m0[1m}[0m[2m:[0m [2msui_node[0m[2m:[0m [2mcrates/sui-node/src/lib.rs[0m[2m:[0m[2m409:[0m Submitting JWK to consensus: JwkId { iss: "https://cognito-idp.eu-west-3.amazonaws.com/eu-west-3_gGVCx53Es", kid: "FIqQqeRU1EQP75fBeds+wL2yczwvbDy1NF6T/f5Oe5o=" }
[2m2025-03-25T07:54:13.486098Z[0m [32m INFO[0m [1mnode[0m[1m{[0m[3mname[0m[2m=[0mk#8dcff6d1..[1m}[0m[2m:[0m[1mjwk_updater_task[0m[1m{[0m[3mepoch[0m[2m=[0m0[1m}[0m[2m:[0m [2msui_node[0m[2m:[0m [2mcrates/sui-node/src/lib.rs[0m[2m:[0m[2m409:[0m Submitting JWK to consensus: JwkId { iss: "https://login.onepassport.onefc.com/de3ee5c1-5644-4113-922d-e8336569a462/v2.0/", kid: "X-yzFPFMdWtJQ1oJXiGRVnn061ezrvZz596xN3mCfyQ" }
[2m2025-03-25T07:54:13.498331Z[0m [32m INFO[0m [1mnode[0m[1m{[0m[3mname[0m[2m=[0mk#8dcff6d1..[1m}[0m[2m:[0m[1mjwk_updater_task[0m[1m{[0m[3mepoch[0m[2m=[0m0[1m}[0m[2m:[0m [2msui_node[0m[2m:[0m [2mcrates/sui-node/src/lib.rs[0m[2m:[0m[2m409:[0m Submitting JWK to consensus: JwkId { iss: "https://slack.com", kid: "mB2MAyKSn555isd0EbdhKx6nkyAi9xLq8rvCEb_nOyY" }
[2m2025-03-25T07:54:13.503333Z[0m [32m INFO[0m [1mnode[0m[1m{[0m[3mname[0m[2m=[0mk#8dcff6d1..[1m}[0m[2m:[0m[1mjwk_updater_task[0m[1m{[0m[3mepoch[0m[2m=[0m0[1m}[0m[2m:[0m [2msui_node[0m[2m:[0m [2mcrates/sui-node/src/lib.rs[0m[2m:[0m[2m409:[0m Submitting JWK to consensus: JwkId { iss: "https://accounts.fantv.world", kid: "PODsfgAn4twvCLjNt9QmEEiAcCa3Z6C10LxrDxvi3bA" }
[2m2025-03-25T07:54:13.503934Z[0m [32m INFO[0m [1mnode[0m[1m{[0m[3mname[0m[2m=[0mk#addeef94..[1m}[0m[2m:[0m[1mjwk_updater_task[0m[1m{[0m[3mepoch[0m[2m=[0m0[1m}[0m[2m:[0m [2msui_node[0m[2m:[0m [2mcrates/sui-node/src/lib.rs[0m[2m:[0m[2m409:[0m Submitting JWK to consensus: JwkId { iss: "https://cognito-idp.eu-west-3.amazonaws.com/eu-west-3_gGVCx53Es", kid: "JbFCSYl4Xp4UYEJHo7R0iwl/Xf3F5+z72stu8iH+QxY=" }
[2m2025-03-25T07:54:13.503975Z[0m [32m INFO[0m [1mnode[0m[1m{[0m[3mname[0m[2m=[0mk#addeef94..[1m}[0m[2m:[0m[1mjwk_updater_task[0m[1m{[0m[3mepoch[0m[2m=[0m0[1m}[0m[2m:[0m [2msui_node[0m[2m:[0m [2mcrates/sui-node/src/lib.rs[0m[2m:[0m[2m409:[0m Submitting JWK to consensus: JwkId { iss: "https://cognito-idp.eu-west-3.amazonaws.com/eu-west-3_gGVCx53Es", kid: "FIqQqeRU1EQP75fBeds+wL2yczwvbDy1NF6T/f5Oe5o=" }
[2m2025-03-25T07:54:13.562598Z[0m [32m INFO[0m [1mnode[0m[1m{[0m[3mname[0m[2m=[0mk#99f25ef6..[1m}[0m[2m:[0m[1mjwk_updater_task[0m[1m{[0m[3mepoch[0m[2m=[0m0[1m}[0m[2m:[0m [2msui_node[0m[2m:[0m [2mcrates/sui-node/src/lib.rs[0m[2m:[0m[2m409:[0m Submitting JWK to consensus: JwkId { iss: "https://appleid.apple.com", kid: "rs0M3kOV9p" }
[2m2025-03-25T07:54:13.562649Z[0m [32m INFO[0m [1mnode[0m[1m{[0m[3mname[0m[2m=[0mk#99f25ef6..[1m}[0m[2m:[0m[1mjwk_updater_task[0m[1m{[0m[3mepoch[0m[2m=[0m0[1m}[0m[2m:[0m [2msui_node[0m[2m:[0m [2mcrates/sui-node/src/lib.rs[0m[2m:[0m[2m409:[0m Submitting JWK to consensus: JwkId { iss: "https://appleid.apple.com", kid: "dMlERBaFdK" }
[2m2025-03-25T07:54:13.562680Z[0m [32m INFO[0m [1mnode[0m[1m{[0m[3mname[0m[2m=[0mk#99f25ef6..[1m}[0m[2m:[0m[1mjwk_updater_task[0m[1m{[0m[3mepoch[0m[2m=[0m0[1m}[0m[2m:[0m [2msui_node[0m[2m:[0m [2mcrates/sui-node/src/lib.rs[0m[2m:[0m[2m409:[0m Submitting JWK to consensus: JwkId { iss: "https://appleid.apple.com", kid: "rBRfVmqsjn" }
[2m2025-03-25T07:54:13.565402Z[0m [32m INFO[0m [1mnode[0m[1m{[0m[3mname[0m[2m=[0mk#8dcff6d1..[1m}[0m[2m:[0m[1mjwk_updater_task[0m[1m{[0m[3mepoch[0m[2m=[0m0[1m}[0m[2m:[0m [2msui_node[0m[2m:[0m [2mcrates/sui-node/src/lib.rs[0m[2m:[0m[2m409:[0m Submitting JWK to consensus: JwkId { iss: "https://cognito-idp.eu-west-3.amazonaws.com/eu-west-3_gGVCx53Es", kid: "JbFCSYl4Xp4UYEJHo7R0iwl/Xf3F5+z72stu8iH+QxY=" }
[2m2025-03-25T07:54:13.565448Z[0m [32m INFO[0m [1mnode[0m[1m{[0m[3mname[0m[2m=[0mk#8dcff6d1..[1m}[0m[2m:[0m[1mjwk_updater_task[0m[1m{[0m[3mepoch[0m[2m=[0m0[1m}[0m[2m:[0m [2msui_node[0m[2m:[0m [2mcrates/sui-node/src/lib.rs[0m[2m:[0m[2m409:[0m Submitting JWK to consensus: JwkId { iss: "https://cognito-idp.eu-west-3.amazonaws.com/eu-west-3_gGVCx53Es", kid: "FIqQqeRU1EQP75fBeds+wL2yczwvbDy1NF6T/f5Oe5o=" }
[2m2025-03-25T07:54:13.565798Z[0m [32m INFO[0m [1mnode[0m[1m{[0m[3mname[0m[2m=[0mk#8dcff6d1..[1m}[0m[2m:[0m[1mjwk_updater_task[0m[1m{[0m[3mepoch[0m[2m=[0m0[1m}[0m[2m:[0m [2msui_node[0m[2m:[0m [2mcrates/sui-node/src/lib.rs[0m[2m:[0m[2m409:[0m Submitting JWK to consensus: JwkId { iss: "https://appleid.apple.com", kid: "rs0M3kOV9p" }
[2m2025-03-25T07:54:13.565832Z[0m [32m INFO[0m [1mnode[0m[1m{[0m[3mname[0m[2m=[0mk#8dcff6d1..[1m}[0m[2m:[0m[1mjwk_updater_task[0m[1m{[0m[3mepoch[0m[2m=[0m0[1m}[0m[2m:[0m [2msui_node[0m[2m:[0m [2mcrates/sui-node/src/lib.rs[0m[2m:[0m[2m409:[0m Submitting JWK to consensus: JwkId { iss: "https://appleid.apple.com", kid: "dMlERBaFdK" }
[2m2025-03-25T07:54:13.565863Z[0m [32m INFO[0m [1mnode[0m[1m{[0m[3mname[0m[2m=[0mk#8dcff6d1..[1m}[0m[2m:[0m[1mjwk_updater_task[0m[1m{[0m[3mepoch[0m[2m=[0m0[1m}[0m[2m:[0m [2msui_node[0m[2m:[0m [2mcrates/sui-node/src/lib.rs[0m[2m:[0m[2m409:[0m Submitting JWK to consensus: JwkId { iss: "https://appleid.apple.com", kid: "rBRfVmqsjn" }
[2m2025-03-25T07:54:13.587321Z[0m [32m INFO[0m [1mnode[0m[1m{[0m[3mname[0m[2m=[0mk#99f25ef6..[1m}[0m[2m:[0m[1mjwk_updater_task[0m[1m{[0m[3mepoch[0m[2m=[0m0[1m}[0m[2m:[0m [2msui_node[0m[2m:[0m [2mcrates/sui-node/src/lib.rs[0m[2m:[0m[2m409:[0m Submitting JWK to consensus: JwkId { iss: "https://accounts.fantv.world", kid: "PODsfgAn4twvCLjNt9QmEEiAcCa3Z6C10LxrDxvi3bA" }
[2m2025-03-25T07:54:13.587477Z[0m [32m INFO[0m [1mnode[0m[1m{[0m[3mname[0m[2m=[0mk#8dcff6d1..[1m}[0m[2m:[0m[1mjwk_updater_task[0m[1m{[0m[3mepoch[0m[2m=[0m0[1m}[0m[2m:[0m [2msui_node[0m[2m:[0m [2mcrates/sui-node/src/lib.rs[0m[2m:[0m[2m409:[0m Submitting JWK to consensus: JwkId { iss: "https://login.microsoftonline.com/v2.0", kid: "JDNa_4i4r7FgigL3sHIlI3xV-IU" }
[2m2025-03-25T07:54:13.587510Z[0m [32m INFO[0m [1mnode[0m[1m{[0m[3mname[0m[2m=[0mk#8dcff6d1..[1m}[0m[2m:[0m[1mjwk_updater_task[0m[1m{[0m[3mepoch[0m[2m=[0m0[1m}[0m[2m:[0m [2msui_node[0m[2m:[0m [2mcrates/sui-node/src/lib.rs[0m[2m:[0m[2m409:[0m Submitting JWK to consensus: JwkId { iss: "https://login.microsoftonline.com/v2.0", kid: "JYhSOsHhDZrc5kfqQg8ujkHMTNY" }
[2m2025-03-25T07:54:13.587540Z[0m [32m INFO[0m [1mnode[0m[1m{[0m[3mname[0m[2m=[0mk#8dcff6d1..[1m}[0m[2m:[0m[1mjwk_updater_task[0m[1m{[0m[3mepoch[0m[2m=[0m0[1m}[0m[2m:[0m [2msui_node[0m[2m:[0m [2mcrates/sui-node/src/lib.rs[0m[2m:[0m[2m409:[0m Submitting JWK to consensus: JwkId { iss: "https://login.microsoftonline.com/v2.0", kid: "CNv0OI3RwqlHFEVnaoMAshCH2XE" }
[2m2025-03-25T07:54:13.587568Z[0m [32m INFO[0m [1mnode[0m[1m{[0m[3mname[0m[2m=[0mk#8dcff6d1..[1m}[0m[2m:[0m[1mjwk_updater_task[0m[1m{[0m[3mepoch[0m[2m=[0m0[1m}[0m[2m:[0m [2msui_node[0m[2m:[0m [2mcrates/sui-node/src/lib.rs[0m[2m:[0m[2m409:[0m Submitting JWK to consensus: JwkId { iss: "https://login.microsoftonline.com/v2.0", kid: "-cgAvjmmQ24Ks20zIpDB4SW894w" }
[2m2025-03-25T07:54:13.587595Z[0m [32m INFO[0m [1mnode[0m[1m{[0m[3mname[0m[2m=[0mk#8dcff6d1..[1m}[0m[2m:[0m[1mjwk_updater_task[0m[1m{[0m[3mepoch[0m[2m=[0m0[1m}[0m[2m:[0m [2msui_node[0m[2m:[0m [2mcrates/sui-node/src/lib.rs[0m[2m:[0m[2m409:[0m Submitting JWK to consensus: JwkId { iss: "https://login.microsoftonline.com/v2.0", kid: "dd55f7QP3HZky-ekQBDWKe7ADN0" }
[2m2025-03-25T07:54:13.587622Z[0m [32m INFO[0m [1mnode[0m[1m{[0m[3mname[0m[2m=[0mk#8dcff6d1..[1m}[0m[2m:[0m[1mjwk_updater_task[0m[1m{[0m[3mepoch[0m[2m=[0m0[1m}[0m[2m:[0m [2msui_node[0m[2m:[0m [2mcrates/sui-node/src/lib.rs[0m[2m:[0m[2m409:[0m Submitting JWK to consensus: JwkId { iss: "https://login.microsoftonline.com/v2.0", kid: "ntzdbvo449IBJV0Yy_T--gOiPI8" }
[2m2025-03-25T07:54:13.587649Z[0m [32m INFO[0m [1mnode[0m[1m{[0m[3mname[0m[2m=[0mk#8dcff6d1..[1m}[0m[2m:[0m[1mjwk_updater_task[0m[1m{[0m[3mepoch[0m[2m=[0m0[1m}[0m[2m:[0m [2msui_node[0m[2m:[0m [2mcrates/sui-node/src/lib.rs[0m[2m:[0m[2m409:[0m Submitting JWK to consensus: JwkId { iss: "https://login.microsoftonline.com/v2.0", kid: "PDRf_Bs8CkDdi7av6hKLwRnNHmk" }
[2m2025-03-25T07:54:13.620019Z[0m [32m INFO[0m [1mnode[0m[1m{[0m[3mname[0m[2m=[0mk#addeef94..[1m}[0m[2m:[0m[1mjwk_updater_task[0m[1m{[0m[3mepoch[0m[2m=[0m0[1m}[0m[2m:[0m [2msui_node[0m[2m:[0m [2mcrates/sui-node/src/lib.rs[0m[2m:[0m[2m409:[0m Submitting JWK to consensus: JwkId { iss: "https://login.microsoftonline.com/v2.0", kid: "JDNa_4i4r7FgigL3sHIlI3xV-IU" }
[2m2025-03-25T07:54:13.620061Z[0m [32m INFO[0m [1mnode[0m[1m{[0m[3mname[0m[2m=[0mk#addeef94..[1m}[0m[2m:[0m[1mjwk_updater_task[0m[1m{[0m[3mepoch[0m[2m=[0m0[1m}[0m[2m:[0m [2msui_node[0m[2m:[0m [2mcrates/sui-node/src/lib.rs[0m[2m:[0m[2m409:[0m Submitting JWK to consensus: JwkId { iss: "https://login.microsoftonline.com/v2.0", kid: "JYhSOsHhDZrc5kfqQg8ujkHMTNY" }
[2m2025-03-25T07:54:13.620092Z[0m [32m INFO[0m [1mnode[0m[1m{[0m[3mname[0m[2m=[0mk#addeef94..[1m}[0m[2m:[0m[1mjwk_updater_task[0m[1m{[0m[3mepoch[0m[2m=[0m0[1m}[0m[2m:[0m [2msui_node[0m[2m:[0m [2mcrates/sui-node/src/lib.rs[0m[2m:[0m[2m409:[0m Submitting JWK to consensus: JwkId { iss: "https://login.microsoftonline.com/v2.0", kid: "CNv0OI3RwqlHFEVnaoMAshCH2XE" }
[2m2025-03-25T07:54:13.620121Z[0m [32m INFO[0m [1mnode[0m[1m{[0m[3mname[0m[2m=[0mk#addeef94..[1m}[0m[2m:[0m[1mjwk_updater_task[0m[1m{[0m[3mepoch[0m[2m=[0m0[1m}[0m[2m:[0m [2msui_node[0m[2m:[0m [2mcrates/sui-node/src/lib.rs[0m[2m:[0m[2m409:[0m Submitting JWK to consensus: JwkId { iss: "https://login.microsoftonline.com/v2.0", kid: "-cgAvjmmQ24Ks20zIpDB4SW894w" }
[2m2025-03-25T07:54:13.620150Z[0m [32m INFO[0m [1mnode[0m[1m{[0m[3mname[0m[2m=[0mk#addeef94..[1m}[0m[2m:[0m[1mjwk_updater_task[0m[1m{[0m[3mepoch[0m[2m=[0m0[1m}[0m[2m:[0m [2msui_node[0m[2m:[0m [2mcrates/sui-node/src/lib.rs[0m[2m:[0m[2m409:[0m Submitting JWK to consensus: JwkId { iss: "https://login.microsoftonline.com/v2.0", kid: "dd55f7QP3HZky-ekQBDWKe7ADN0" }
[2m2025-03-25T07:54:13.620177Z[0m [32m INFO[0m [1mnode[0m[1m{[0m[3mname[0m[2m=[0mk#addeef94..[1m}[0m[2m:[0m[1mjwk_updater_task[0m[1m{[0m[3mepoch[0m[2m=[0m0[1m}[0m[2m:[0m [2msui_node[0m[2m:[0m [2mcrates/sui-node/src/lib.rs[0m[2m:[0m[2m409:[0m Submitting JWK to consensus: JwkId { iss: "https://login.microsoftonline.com/v2.0", kid: "ntzdbvo449IBJV0Yy_T--gOiPI8" }
[2m2025-03-25T07:54:13.620205Z[0m [32m INFO[0m [1mnode[0m[1m{[0m[3mname[0m[2m=[0mk#addeef94..[1m}[0m[2m:[0m[1mjwk_updater_task[0m[1m{[0m[3mepoch[0m[2m=[0m0[1m}[0m[2m:[0m [2msui_node[0m[2m:[0m [2mcrates/sui-node/src/lib.rs[0m[2m:[0m[2m409:[0m Submitting JWK to consensus: JwkId { iss: "https://login.microsoftonline.com/v2.0", kid: "PDRf_Bs8CkDdi7av6hKLwRnNHmk" }
[2m2025-03-25T07:54:13.635881Z[0m [32m INFO[0m [1mnode[0m[1m{[0m[3mname[0m[2m=[0mk#addeef94..[1m}[0m[2m:[0m[1mjwk_updater_task[0m[1m{[0m[3mepoch[0m[2m=[0m0[1m}[0m[2m:[0m [2msui_node[0m[2m:[0m [2mcrates/sui-node/src/lib.rs[0m[2m:[0m[2m409:[0m Submitting JWK to consensus: JwkId { iss: "https://appleid.apple.com", kid: "rBRfVmqsjn" }
[2m2025-03-25T07:54:13.635960Z[0m [32m INFO[0m [1mnode[0m[1m{[0m[3mname[0m[2m=[0mk#addeef94..[1m}[0m[2m:[0m[1mjwk_updater_task[0m[1m{[0m[3mepoch[0m[2m=[0m0[1m}[0m[2m:[0m [2msui_node[0m[2m:[0m [2mcrates/sui-node/src/lib.rs[0m[2m:[0m[2m409:[0m Submitting JWK to consensus: JwkId { iss: "https://appleid.apple.com", kid: "rs0M3kOV9p" }
[2m2025-03-25T07:54:13.635990Z[0m [32m INFO[0m [1mnode[0m[1m{[0m[3mname[0m[2m=[0mk#addeef94..[1m}[0m[2m:[0m[1mjwk_updater_task[0m[1m{[0m[3mepoch[0m[2m=[0m0[1m}[0m[2m:[0m [2msui_node[0m[2m:[0m [2mcrates/sui-node/src/lib.rs[0m[2m:[0m[2m409:[0m Submitting JWK to consensus: JwkId { iss: "https://appleid.apple.com", kid: "dMlERBaFdK" }
[2m2025-03-25T07:54:13.636513Z[0m [32m INFO[0m [1mnode[0m[1m{[0m[3mname[0m[2m=[0mk#99f25ef6..[1m}[0m[2m:[0m[1mjwk_updater_task[0m[1m{[0m[3mepoch[0m[2m=[0m0[1m}[0m[2m:[0m [2msui_node[0m[2m:[0m [2mcrates/sui-node/src/lib.rs[0m[2m:[0m[2m409:[0m Submitting JWK to consensus: JwkId { iss: "https://login.microsoftonline.com/v2.0", kid: "JDNa_4i4r7FgigL3sHIlI3xV-IU" }
[2m2025-03-25T07:54:13.636551Z[0m [32m INFO[0m [1mnode[0m[1m{[0m[3mname[0m[2m=[0mk#99f25ef6..[1m}[0m[2m:[0m[1mjwk_updater_task[0m[1m{[0m[3mepoch[0m[2m=[0m0[1m}[0m[2m:[0m [2msui_node[0m[2m:[0m [2mcrates/sui-node/src/lib.rs[0m[2m:[0m[2m409:[0m Submitting JWK to consensus: JwkId { iss: "https://login.microsoftonline.com/v2.0", kid: "JYhSOsHhDZrc5kfqQg8ujkHMTNY" }
[2m2025-03-25T07:54:13.636581Z[0m [32m INFO[0m [1mnode[0m[1m{[0m[3mname[0m[2m=[0mk#99f25ef6..[1m}[0m[2m:[0m[1mjwk_updater_task[0m[1m{[0m[3mepoch[0m[2m=[0m0[1m}[0m[2m:[0m [2msui_node[0m[2m:[0m [2mcrates/sui-node/src/lib.rs[0m[2m:[0m[2m409:[0m Submitting JWK to consensus: JwkId { iss: "https://login.microsoftonline.com/v2.0", kid: "CNv0OI3RwqlHFEVnaoMAshCH2XE" }
[2m2025-03-25T07:54:13.636610Z[0m [32m INFO[0m [1mnode[0m[1m{[0m[3mname[0m[2m=[0mk#99f25ef6..[1m}[0m[2m:[0m[1mjwk_updater_task[0m[1m{[0m[3mepoch[0m[2m=[0m0[1m}[0m[2m:[0m [2msui_node[0m[2m:[0m [2mcrates/sui-node/src/lib.rs[0m[2m:[0m[2m409:[0m Submitting JWK to consensus: JwkId { iss: "https://login.microsoftonline.com/v2.0", kid: "PoVKeirIOvmTyLQ9G9BenBwos7k" }
[2m2025-03-25T07:54:13.636638Z[0m [32m INFO[0m [1mnode[0m[1m{[0m[3mname[0m[2m=[0mk#99f25ef6..[1m}[0m[2m:[0m[1mjwk_updater_task[0m[1m{[0m[3mepoch[0m[2m=[0m0[1m}[0m[2m:[0m [2msui_node[0m[2m:[0m [2mcrates/sui-node/src/lib.rs[0m[2m:[0m[2m409:[0m Submitting JWK to consensus: JwkId { iss: "https://login.microsoftonline.com/v2.0", kid: "-cgAvjmmQ24Ks20zIpDB4SW894w" }
[2m2025-03-25T07:54:13.636666Z[0m [32m INFO[0m [1mnode[0m[1m{[0m[3mname[0m[2m=[0mk#99f25ef6..[1m}[0m[2m:[0m[1mjwk_updater_task[0m[1m{[0m[3mepoch[0m[2m=[0m0[1m}[0m[2m:[0m [2msui_node[0m[2m:[0m [2mcrates/sui-node/src/lib.rs[0m[2m:[0m[2m409:[0m Submitting JWK to consensus: JwkId { iss: "https://login.microsoftonline.com/v2.0", kid: "dd55f7QP3HZky-ekQBDWKe7ADN0" }
[2m2025-03-25T07:54:13.636693Z[0m [32m INFO[0m [1mnode[0m[1m{[0m[3mname[0m[2m=[0mk#99f25ef6..[1m}[0m[2m:[0m[1mjwk_updater_task[0m[1m{[0m[3mepoch[0m[2m=[0m0[1m}[0m[2m:[0m [2msui_node[0m[2m:[0m [2mcrates/sui-node/src/lib.rs[0m[2m:[0m[2m409:[0m Submitting JWK to consensus: JwkId { iss: "https://login.microsoftonline.com/v2.0", kid: "ntzdbvo449IBJV0Yy_T--gOiPI8" }
[2m2025-03-25T07:54:13.636720Z[0m [32m INFO[0m [1mnode[0m[1m{[0m[3mname[0m[2m=[0mk#99f25ef6..[1m}[0m[2m:[0m[1mjwk_updater_task[0m[1m{[0m[3mepoch[0m[2m=[0m0[1m}[0m[2m:[0m [2msui_node[0m[2m:[0m [2mcrates/sui-node/src/lib.rs[0m[2m:[0m[2m409:[0m Submitting JWK to consensus: JwkId { iss: "https://login.microsoftonline.com/v2.0", kid: "PDRf_Bs8CkDdi7av6hKLwRnNHmk" }
[2m2025-03-25T07:54:13.670573Z[0m [33m WARN[0m [1mnode[0m[1m{[0m[3mname[0m[2m=[0mk#99f25ef6..[1m}[0m[2m:[0m[1mjwk_updater_task[0m[1m{[0m[3mepoch[0m[2m=[0m0[1m}[0m[2m:[0m [2msui_node[0m[2m:[0m [2mcrates/sui-node/src/lib.rs[0m[2m:[0m[2m381:[0m Error when fetching JWK for provider Arden JWKRetrievalError
[2m2025-03-25T07:54:13.687210Z[0m [32m INFO[0m [1mnode[0m[1m{[0m[3mname[0m[2m=[0mk#addeef94..[1m}[0m[2m:[0m[1mjwk_updater_task[0m[1m{[0m[3mepoch[0m[2m=[0m0[1m}[0m[2m:[0m [2msui_node[0m[2m:[0m [2mcrates/sui-node/src/lib.rs[0m[2m:[0m[2m409:[0m Submitting JWK to consensus: JwkId { iss: "https://accounts.karrier.one/", kid: "E760D111C1A1296E6D1D85F7EB18DDBAA0EC2B4E" }
[2m2025-03-25T07:54:13.687321Z[0m [32m INFO[0m [1mnode[0m[1m{[0m[3mname[0m[2m=[0mk#addeef94..[1m}[0m[2m:[0m[1mjwk_updater_task[0m[1m{[0m[3mepoch[0m[2m=[0m0[1m}[0m[2m:[0m [2msui_node[0m[2m:[0m [2mcrates/sui-node/src/lib.rs[0m[2m:[0m[2m409:[0m Submitting JWK to consensus: JwkId { iss: "https://accounts.karrier.one/", kid: "B65FDCAA152E04ADE817314CF6A06F4ECABF4CFB" }
[2m2025-03-25T07:54:13.702632Z[0m [32m INFO[0m [1mnode[0m[1m{[0m[3mname[0m[2m=[0mk#addeef94..[1m}[0m[2m:[0m[1mjwk_updater_task[0m[1m{[0m[3mepoch[0m[2m=[0m0[1m}[0m[2m:[0m [2msui_node[0m[2m:[0m [2mcrates/sui-node/src/lib.rs[0m[2m:[0m[2m409:[0m Submitting JWK to consensus: JwkId { iss: "https://cognito-idp.us-east-1.amazonaws.com/us-east-1_qPsZxYqd8", kid: "VHA/vY1d2h7X33DpZ6ZBDRfnCS/OIgiV7toCdxyEUDY=" }
[2m2025-03-25T07:54:13.702673Z[0m [32m INFO[0m [1mnode[0m[1m{[0m[3mname[0m[2m=[0mk#addeef94..[1m}[0m[2m:[0m[1mjwk_updater_task[0m[1m{[0m[3mepoch[0m[2m=[0m0[1m}[0m[2m:[0m [2msui_node[0m[2m:[0m [2mcrates/sui-node/src/lib.rs[0m[2m:[0m[2m409:[0m Submitting JWK to consensus: JwkId { iss: "https://cognito-idp.us-east-1.amazonaws.com/us-east-1_qPsZxYqd8", kid: "lGbuLXh42ChSJwrMUEBO2npnvMzdAHqOj6DNZieDuVA=" }
[2m2025-03-25T07:54:13.741629Z[0m [33m WARN[0m [1mnode[0m[1m{[0m[3mname[0m[2m=[0mk#99f25ef6..[1m}[0m[2m:[0m[1mjwk_updater_task[0m[1m{[0m[3mepoch[0m[2m=[0m0[1m}[0m[2m:[0m [2msui_node[0m[2m:[0m [2mcrates/sui-node/src/lib.rs[0m[2m:[0m[2m381:[0m Error when fetching JWK for provider AwsTenant(("us-east-1", "us-east-1_LPSLCkC3A")) JWKRetrievalError
[2m2025-03-25T07:54:13.747952Z[0m [32m INFO[0m [1mnode[0m[1m{[0m[3mname[0m[2m=[0mk#99f25ef6..[1m}[0m[2m:[0m [2mconsensus_core::commit_syncer[0m[2m:[0m [2mconsensus/core/src/commit_syncer.rs[0m[2m:[0m[2m196:[0m Checking to schedule fetches: synced_commit_index=0, highest_handled_index=0, highest_scheduled_index=0, quorum_commit_index=0, unhandled_commits_threshold=3200
[2m2025-03-25T07:54:13.757958Z[0m [32m INFO[0m [1mnode[0m[1m{[0m[3mname[0m[2m=[0mk#99f25ef6..[1m}[0m[2m:[0m[1mjwk_updater_task[0m[1m{[0m[3mepoch[0m[2m=[0m0[1m}[0m[2m:[0m [2msui_node[0m[2m:[0m [2mcrates/sui-node/src/lib.rs[0m[2m:[0m[2m409:[0m Submitting JWK to consensus: JwkId { iss: "https://cognito-idp.us-east-1.amazonaws.com/us-east-1_qPsZxYqd8", kid: "VHA/vY1d2h7X33DpZ6ZBDRfnCS/OIgiV7toCdxyEUDY=" }
[2m2025-03-25T07:54:13.758011Z[0m [32m INFO[0m [1mnode[0m[1m{[0m[3mname[0m[2m=[0mk#99f25ef6..[1m}[0m[2m:[0m[1mjwk_updater_task[0m[1m{[0m[3mepoch[0m[2m=[0m0[1m}[0m[2m:[0m [2msui_node[0m[2m:[0m [2mcrates/sui-node/src/lib.rs[0m[2m:[0m[2m409:[0m Submitting JWK to consensus: JwkId { iss: "https://cognito-idp.us-east-1.amazonaws.com/us-east-1_qPsZxYqd8", kid: "lGbuLXh42ChSJwrMUEBO2npnvMzdAHqOj6DNZieDuVA=" }
[2m2025-03-25T07:54:13.766133Z[0m [33m WARN[0m [1mnode[0m[1m{[0m[3mname[0m[2m=[0mk#addeef94..[1m}[0m[2m:[0m[1mjwk_updater_task[0m[1m{[0m[3mepoch[0m[2m=[0m0[1m}[0m[2m:[0m [2msui_node[0m[2m:[0m [2mcrates/sui-node/src/lib.rs[0m[2m:[0m[2m381:[0m Error when fetching JWK for provider AwsTenant(("us-east-1", "us-east-1_LPSLCkC3A")) JWKRetrievalError
[2m2025-03-25T07:54:13.795798Z[0m [33m WARN[0m [1mnode[0m[1m{[0m[3mname[0m[2m=[0mk#8dcff6d1..[1m}[0m[2m:[0m[1mjwk_updater_task[0m[1m{[0m[3mepoch[0m[2m=[0m0[1m}[0m[2m:[0m [2msui_node[0m[2m:[0m [2mcrates/sui-node/src/lib.rs[0m[2m:[0m[2m381:[0m Error when fetching JWK for provider AwsTenant(("us-east-1", "us-east-1_LPSLCkC3A")) JWKRetrievalError
[2m2025-03-25T07:54:13.826973Z[0m [32m INFO[0m [1mnode[0m[1m{[0m[3mname[0m[2m=[0mk#8dcff6d1..[1m}[0m[2m:[0m[1mjwk_updater_task[0m[1m{[0m[3mepoch[0m[2m=[0m0[1m}[0m[2m:[0m [2msui_node[0m[2m:[0m [2mcrates/sui-node/src/lib.rs[0m[2m:[0m[2m409:[0m Submitting JWK to consensus: JwkId { iss: "https://accounts.karrier.one/", kid: "E760D111C1A1296E6D1D85F7EB18DDBAA0EC2B4E" }
[2m2025-03-25T07:54:13.827030Z[0m [32m INFO[0m [1mnode[0m[1m{[0m[3mname[0m[2m=[0mk#8dcff6d1..[1m}[0m[2m:[0m[1mjwk_updater_task[0m[1m{[0m[3mepoch[0m[2m=[0m0[1m}[0m[2m:[0m [2msui_node[0m[2m:[0m [2mcrates/sui-node/src/lib.rs[0m[2m:[0m[2m409:[0m Submitting JWK to consensus: JwkId { iss: "https://accounts.karrier.one/", kid: "B65FDCAA152E04ADE817314CF6A06F4ECABF4CFB" }
[2m2025-03-25T07:54:13.837739Z[0m [32m INFO[0m [1mnode[0m[1m{[0m[3mname[0m[2m=[0mk#8dcff6d1..[1m}[0m[2m:[0m[1mjwk_updater_task[0m[1m{[0m[3mepoch[0m[2m=[0m0[1m}[0m[2m:[0m [2msui_node[0m[2m:[0m [2mcrates/sui-node/src/lib.rs[0m[2m:[0m[2m409:[0m Submitting JWK to consensus: JwkId { iss: "https://cognito-idp.us-east-1.amazonaws.com/us-east-1_qPsZxYqd8", kid: "VHA/vY1d2h7X33DpZ6ZBDRfnCS/OIgiV7toCdxyEUDY=" }
[2m2025-03-25T07:54:13.837777Z[0m [32m INFO[0m [1mnode[0m[1m{[0m[3mname[0m[2m=[0mk#8dcff6d1..[1m}[0m[2m:[0m[1mjwk_updater_task[0m[1m{[0m[3mepoch[0m[2m=[0m0[1m}[0m[2m:[0m [2msui_node[0m[2m:[0m [2mcrates/sui-node/src/lib.rs[0m[2m:[0m[2m409:[0m Submitting JWK to consensus: JwkId { iss: "https://cognito-idp.us-east-1.amazonaws.com/us-east-1_qPsZxYqd8", kid: "lGbuLXh42ChSJwrMUEBO2npnvMzdAHqOj6DNZieDuVA=" }
[2m2025-03-25T07:54:13.850337Z[0m [33m WARN[0m [1mnode[0m[1m{[0m[3mname[0m[2m=[0mk#addeef94..[1m}[0m[2m:[0m[1mjwk_updater_task[0m[1m{[0m[3mepoch[0m[2m=[0m0[1m}[0m[2m:[0m [2msui_node[0m[2m:[0m [2mcrates/sui-node/src/lib.rs[0m[2m:[0m[2m381:[0m Error when fetching JWK for provider Arden JWKRetrievalError
[2m2025-03-25T07:54:13.867161Z[0m [32m INFO[0m [1mnode[0m[1m{[0m[3mname[0m[2m=[0mk#addeef94..[1m}[0m[2m:[0m[1mjwk_updater_task[0m[1m{[0m[3mepoch[0m[2m=[0m0[1m}[0m[2m:[0m [2msui_node[0m[2m:[0m [2mcrates/sui-node/src/lib.rs[0m[2m:[0m[2m409:[0m Submitting JWK to consensus: JwkId { iss: "https://oauth2.playtron.one", kid: "7388b63c-ba03-4fe3-85e3-6717f91d55b1" }
[2m2025-03-25T07:54:13.867203Z[0m [32m INFO[0m [1mnode[0m[1m{[0m[3mname[0m[2m=[0mk#addeef94..[1m}[0m[2m:[0m[1mjwk_updater_task[0m[1m{[0m[3mepoch[0m[2m=[0m0[1m}[0m[2m:[0m [2msui_node[0m[2m:[0m [2mcrates/sui-node/src/lib.rs[0m[2m:[0m[2m409:[0m Submitting JWK to consensus: JwkId { iss: "https://oauth2.playtron.one", kid: "e55421cb-cdbd-4791-a590-ad8ca798aa89" }
[2m2025-03-25T07:54:13.867234Z[0m [32m INFO[0m [1mnode[0m[1m{[0m[3mname[0m[2m=[0mk#addeef94..[1m}[0m[2m:[0m[1mjwk_updater_task[0m[1m{[0m[3mepoch[0m[2m=[0m0[1m}[0m[2m:[0m [2msui_node[0m[2m:[0m [2mcrates/sui-node/src/lib.rs[0m[2m:[0m[2m409:[0m Submitting JWK to consensus: JwkId { iss: "https://oauth2.playtron.one", kid: "1fd66a18-7afd-4086-ba57-a8ca9b398406" }
[2m2025-03-25T07:54:13.890497Z[0m [33m WARN[0m [1mnode[0m[1m{[0m[3mname[0m[2m=[0mk#8dcff6d1..[1m}[0m[2m:[0m[1mjwk_updater_task[0m[1m{[0m[3mepoch[0m[2m=[0m0[1m}[0m[2m:[0m [2msui_node[0m[2m:[0m [2mcrates/sui-node/src/lib.rs[0m[2m:[0m[2m381:[0m Error when fetching JWK for provider Arden JWKRetrievalError
[2m2025-03-25T07:54:13.902115Z[0m [32m INFO[0m [1mnode[0m[1m{[0m[3mname[0m[2m=[0mk#8dcff6d1..[1m}[0m[2m:[0m [2mconsensus_core::core[0m[2m:[0m [2mconsensus/core/src/core.rs[0m[2m:[0m[2m682:[0m Block subscriber exists: true
[2m2025-03-25T07:54:13.915394Z[0m [32m INFO[0m [1mnode[0m[1m{[0m[3mname[0m[2m=[0mk#8dcff6d1..[1m}[0m[2m:[0m [2mconsensus_core::core[0m[2m:[0m [2mconsensus/core/src/core.rs[0m[2m:[0m[2m531:[0m Created block B2(A,z816L0zGoWZi/yidsO/L1VvTBqxj9sbSS3/w4SFHvMQ=)(1742889253902ms;[B0(A,rquzEUtnQL1bMLK006vVHk8UqMYcBiQV+vinZrvOCgM=), B1(B,1WAP2RLZdbGPDJ8HJb6cD78pRF2JhXN+Uh7SQdjwM/Q=), B1(C,lrIommLaqw4hW44WrOugPpSuwr+x+E7TrTTa+wKMK3Q=)];23t;0c) for round 2
[2m2025-03-25T07:54:13.915555Z[0m [32m INFO[0m [1mnode[0m[1m{[0m[3mname[0m[2m=[0mk#8dcff6d1..[1m}[0m[2m:[0m [2msui_core::mysticeti_adapter[0m[2m:[0m [2mcrates/sui-core/src/mysticeti_adapter.rs[0m[2m:[0m[2m130:[0m Transaction External(RandomnessDkgMessage(k#8dcff6d1..)) was included in B2(A,z816)
[2m2025-03-25T07:54:13.915597Z[0m [32m INFO[0m [1mnode[0m[1m{[0m[3mname[0m[2m=[0mk#8dcff6d1..[1m}[0m[2m:[0m [2msui_core::mysticeti_adapter[0m[2m:[0m [2mcrates/sui-core/src/mysticeti_adapter.rs[0m[2m:[0m[2m130:[0m Transaction External(RandomnessDkgMessage(k#8dcff6d1..)) was included in B2(A,z816)
[2m2025-03-25T07:54:13.915612Z[0m [32m INFO[0m [1mnode[0m[1m{[0m[3mname[0m[2m=[0mk#8dcff6d1..[1m}[0m[2m:[0m [2msui_core::mysticeti_adapter[0m[2m:[0m [2mcrates/sui-core/src/mysticeti_adapter.rs[0m[2m:[0m[2m130:[0m Transaction External(CapabilityNotification(k#8dcff6d1.., 1742889253086)) was included in B2(A,z816)
[2m2025-03-25T07:54:13.916471Z[0m [32m INFO[0m [1mnode[0m[1m{[0m[3mname[0m[2m=[0mk#8dcff6d1..[1m}[0m[2m:[0m[1mjwk_updater_task[0m[1m{[0m[3mepoch[0m[2m=[0m0[1m}[0m[2m:[0m [2msui_node[0m[2m:[0m [2mcrates/sui-node/src/lib.rs[0m[2m:[0m[2m409:[0m Submitting JWK to consensus: JwkId { iss: "https://oauth2.playtron.one", kid: "1fd66a18-7afd-4086-ba57-a8ca9b398406" }
[2m2025-03-25T07:54:13.916528Z[0m [32m INFO[0m [1mnode[0m[1m{[0m[3mname[0m[2m=[0mk#8dcff6d1..[1m}[0m[2m:[0m[1mjwk_updater_task[0m[1m{[0m[3mepoch[0m[2m=[0m0[1m}[0m[2m:[0m [2msui_node[0m[2m:[0m [2mcrates/sui-node/src/lib.rs[0m[2m:[0m[2m409:[0m Submitting JWK to consensus: JwkId { iss: "https://oauth2.playtron.one", kid: "7388b63c-ba03-4fe3-85e3-6717f91d55b1" }
[2m2025-03-25T07:54:13.916559Z[0m [32m INFO[0m [1mnode[0m[1m{[0m[3mname[0m[2m=[0mk#8dcff6d1..[1m}[0m[2m:[0m[1mjwk_updater_task[0m[1m{[0m[3mepoch[0m[2m=[0m0[1m}[0m[2m:[0m [2msui_node[0m[2m:[0m [2mcrates/sui-node/src/lib.rs[0m[2m:[0m[2m409:[0m Submitting JWK to consensus: JwkId { iss: "https://oauth2.playtron.one", kid: "e55421cb-cdbd-4791-a590-ad8ca798aa89" }
[2m2025-03-25T07:54:13.922359Z[0m [32m INFO[0m [1mnode[0m[1m{[0m[3mname[0m[2m=[0mk#99f25ef6..[1m}[0m[2m:[0m [2mconsensus_core::core[0m[2m:[0m [2mconsensus/core/src/core.rs[0m[2m:[0m[2m531:[0m Created block B2(B,rVsDk5JO57Wcbjff40Wx5O3+JKsf3Pjkq7Orlkh//Io=)(1742889253921ms;[B1(B,1WAP2RLZdbGPDJ8HJb6cD78pRF2JhXN+Uh7SQdjwM/Q=), B1(C,lrIommLaqw4hW44WrOugPpSuwr+x+E7TrTTa+wKMK3Q=)];19t;0c) for round 2
[2m2025-03-25T07:54:13.924331Z[0m [32m INFO[0m [1mnode[0m[1m{[0m[3mname[0m[2m=[0mk#99f25ef6..[1m}[0m[2m:[0m[1mjwk_updater_task[0m[1m{[0m[3mepoch[0m[2m=[0m0[1m}[0m[2m:[0m [2msui_node[0m[2m:[0m [2mcrates/sui-node/src/lib.rs[0m[2m:[0m[2m409:[0m Submitting JWK to consensus: JwkId { iss: "https://accounts.karrier.one/", kid: "E760D111C1A1296E6D1D85F7EB18DDBAA0EC2B4E" }
[2m2025-03-25T07:54:13.924377Z[0m [32m INFO[0m [1mnode[0m[1m{[0m[3mname[0m[2m=[0mk#99f25ef6..[1m}[0m[2m:[0m[1mjwk_updater_task[0m[1m{[0m[3mepoch[0m[2m=[0m0[1m}[0m[2m:[0m [2msui_node[0m[2m:[0m [2mcrates/sui-node/src/lib.rs[0m[2m:[0m[2m409:[0m Submitting JWK to consensus: JwkId { iss: "https://accounts.karrier.one/", kid: "B65FDCAA152E04ADE817314CF6A06F4ECABF4CFB" }
[2m2025-03-25T07:54:13.924649Z[0m [32m INFO[0m [1mnode[0m[1m{[0m[3mname[0m[2m=[0mk#addeef94..[1m}[0m[2m:[0m [2mconsensus_core::core[0m[2m:[0m [2mconsensus/core/src/core.rs[0m[2m:[0m[2m531:[0m Created block B3(C,F0qN7C+oZXBYjfD5p4/24JOFx6bxm2G9BxmWzl63IKI=)(1742889253923ms;[B2(C,5Xu4GQk0XCnT6ICPV3aELQY7fGCPC3PLmQUD+aq4t1o=), B2(B,rVsDk5JO57Wcbjff40Wx5O3+JKsf3Pjkq7Orlkh//Io=)];21t;0c) for round 3
[2m2025-03-25T07:54:14.003621Z[0m [32m INFO[0m [1mnode[0m[1m{[0m[3mname[0m[2m=[0mk#99f25ef6..[1m}[0m[2m:[0m[1mjwk_updater_task[0m[1m{[0m[3mepoch[0m[2m=[0m0[1m}[0m[2m:[0m [2msui_node[0m[2m:[0m [2mcrates/sui-node/src/lib.rs[0m[2m:[0m[2m409:[0m Submitting JWK to consensus: JwkId { iss: "https://oauth2.playtron.one", kid: "1fd66a18-7afd-4086-ba57-a8ca9b398406" }
[2m2025-03-25T07:54:14.003690Z[0m [32m INFO[0m [1mnode[0m[1m{[0m[3mname[0m[2m=[0mk#99f25ef6..[1m}[0m[2m:[0m[1mjwk_updater_task[0m[1m{[0m[3mepoch[0m[2m=[0m0[1m}[0m[2m:[0m [2msui_node[0m[2m:[0m [2mcrates/sui-node/src/lib.rs[0m[2m:[0m[2m409:[0m Submitting JWK to consensus: JwkId { iss: "https://oauth2.playtron.one", kid: "7388b63c-ba03-4fe3-85e3-6717f91d55b1" }
[2m2025-03-25T07:54:14.003721Z[0m [32m INFO[0m [1mnode[0m[1m{[0m[3mname[0m[2m=[0mk#99f25ef6..[1m}[0m[2m:[0m[1mjwk_updater_task[0m[1m{[0m[3mepoch[0m[2m=[0m0[1m}[0m[2m:[0m [2msui_node[0m[2m:[0m [2mcrates/sui-node/src/lib.rs[0m[2m:[0m[2m409:[0m Submitting JWK to consensus: JwkId { iss: "https://oauth2.playtron.one", kid: "e55421cb-cdbd-4791-a590-ad8ca798aa89" }
[2m2025-03-25T07:54:14.054493Z[0m [32m INFO[0m [1mnode[0m[1m{[0m[3mname[0m[2m=[0mk#addeef94..[1m}[0m[2m:[0m[1mjwk_updater_task[0m[1m{[0m[3mepoch[0m[2m=[0m0[1m}[0m[2m:[0m [2msui_node[0m[2m:[0m [2mcrates/sui-node/src/lib.rs[0m[2m:[0m[2m409:[0m Submitting JWK to consensus: JwkId { iss: "https://accounts.credenza3.com", kid: "JG6oZkIBqQdkpnCnD479zFXgMA5_I7i-aHAV0MRwvDs" }
[2m2025-03-25T07:54:14.054544Z[0m [32m INFO[0m [1mnode[0m[1m{[0m[3mname[0m[2m=[0mk#addeef94..[1m}[0m[2m:[0m[1mjwk_updater_task[0m[1m{[0m[3mepoch[0m[2m=[0m0[1m}[0m[2m:[0m [2msui_node[0m[2m:[0m [2mcrates/sui-node/src/lib.rs[0m[2m:[0m[2m409:[0m Submitting JWK to consensus: JwkId { iss: "https://accounts.credenza3.com", kid: "nArTrOCdn42U6zyzuZmxBIGAuYQaNyuHwUkAycsQTw8" }
[2m2025-03-25T07:54:14.095060Z[0m [32m INFO[0m [1mnode[0m[1m{[0m[3mname[0m[2m=[0mk#99f25ef6..[1m}[0m[2m:[0m[1mjwk_updater_task[0m[1m{[0m[3mepoch[0m[2m=[0m0[1m}[0m[2m:[0m [2msui_node[0m[2m:[0m [2mcrates/sui-node/src/lib.rs[0m[2m:[0m[2m409:[0m Submitting JWK to consensus: JwkId { iss: "https://accounts.credenza3.com", kid: "JG6oZkIBqQdkpnCnD479zFXgMA5_I7i-aHAV0MRwvDs" }
[2m2025-03-25T07:54:14.095101Z[0m [32m INFO[0m [1mnode[0m[1m{[0m[3mname[0m[2m=[0mk#99f25ef6..[1m}[0m[2m:[0m[1mjwk_updater_task[0m[1m{[0m[3mepoch[0m[2m=[0m0[1m}[0m[2m:[0m [2msui_node[0m[2m:[0m [2mcrates/sui-node/src/lib.rs[0m[2m:[0m[2m409:[0m Submitting JWK to consensus: JwkId { iss: "https://accounts.credenza3.com", kid: "nArTrOCdn42U6zyzuZmxBIGAuYQaNyuHwUkAycsQTw8" }
[2m2025-03-25T07:54:14.101396Z[0m [32m INFO[0m [1mnode[0m[1m{[0m[3mname[0m[2m=[0mk#8dcff6d1..[1m}[0m[2m:[0m[1mjwk_updater_task[0m[1m{[0m[3mepoch[0m[2m=[0m0[1m}[0m[2m:[0m [2msui_node[0m[2m:[0m [2mcrates/sui-node/src/lib.rs[0m[2m:[0m[2m409:[0m Submitting JWK to consensus: JwkId { iss: "https://accounts.credenza3.com", kid: "JG6oZkIBqQdkpnCnD479zFXgMA5_I7i-aHAV0MRwvDs" }
[2m2025-03-25T07:54:14.101434Z[0m [32m INFO[0m [1mnode[0m[1m{[0m[3mname[0m[2m=[0mk#8dcff6d1..[1m}[0m[2m:[0m[1mjwk_updater_task[0m[1m{[0m[3mepoch[0m[2m=[0m0[1m}[0m[2m:[0m [2msui_node[0m[2m:[0m [2mcrates/sui-node/src/lib.rs[0m[2m:[0m[2m409:[0m Submitting JWK to consensus: JwkId { iss: "https://accounts.credenza3.com", kid: "nArTrOCdn42U6zyzuZmxBIGAuYQaNyuHwUkAycsQTw8" }
[2m2025-03-25T07:54:14.168870Z[0m [32m INFO[0m [1mnode[0m[1m{[0m[3mname[0m[2m=[0mk#8dcff6d1..[1m}[0m[2m:[0m [2mconsensus_core::core[0m[2m:[0m [2mconsensus/core/src/core.rs[0m[2m:[0m[2m531:[0m Created block B3(A,5LC0Ixib0U9oXVInjkX72UjbspfnTQSsf7TIQMjtK00=)(1742889254168ms;[B2(A,z816L0zGoWZi/yidsO/L1VvTBqxj9sbSS3/w4SFHvMQ=), B2(B,rVsDk5JO57Wcbjff40Wx5O3+JKsf3Pjkq7Orlkh//Io=), B2(C,5Xu4GQk0XCnT6ICPV3aELQY7fGCPC3PLmQUD+aq4t1o=)];5t;0c) for round 3
[2m2025-03-25T07:54:14.168987Z[0m [32m INFO[0m [1mnode[0m[1m{[0m[3mname[0m[2m=[0mk#8dcff6d1..[1m}[0m[2m:[0m [2mconsensus_core::core[0m[2m:[0m [2mconsensus/core/src/core.rs[0m[2m:[0m[2m630:[0m Committing 1 leaders: B1(B,1WAP)
[2m2025-03-25T07:54:14.169077Z[0m [32m INFO[0m [1mnode[0m[1m{[0m[3mname[0m[2m=[0mk#8dcff6d1..[1m}[0m[2m:[0m [2mconsensus_core::commit_observer[0m[2m:[0m [2mconsensus/core/src/commit_observer.rs[0m[2m:[0m[2m173:[0m Consensus commit C1(eDk+) with leader B1(B,1WAP) has 1 blocks
[2m2025-03-25T07:54:14.169220Z[0m [32m INFO[0m [1mnode[0m[1m{[0m[3mname[0m[2m=[0mk#8dcff6d1..[1m}[0m[2m:[0m [2msui_core::consensus_handler[0m[2m:[0m [2mcrates/sui-core/src/consensus_handler.rs[0m[2m:[0m[2m232:[0m Received consensus output [3mconsensus_commit[0m[2m=[0mCommittedSubDag(leader=B1(B,1WAP), ref=C1(eDk+), blocks=[1WAP]) [3mepoch[0m[2m=[0m0
[2m2025-03-25T07:54:14.177971Z[0m [32m INFO[0m [1mnode[0m[1m{[0m[3mname[0m[2m=[0mk#addeef94..[1m}[0m[2m:[0m [2mconsensus_core::commit_syncer[0m[2m:[0m [2mconsensus/core/src/commit_syncer.rs[0m[2m:[0m[2m196:[0m Checking to schedule fetches: synced_commit_index=0, highest_handled_index=0, highest_scheduled_index=0, quorum_commit_index=0, unhandled_commits_threshold=3200
[2m2025-03-25T07:54:14.209937Z[0m [32m INFO[0m [1mnode[0m[1m{[0m[3mname[0m[2m=[0mk#8dcff6d1..[1m}[0m[2m:[0m [2msui_core::authority::authority_per_epoch_store[0m[2m:[0m [2mcrates/sui-core/src/authority/authority_per_epoch_store.rs[0m[2m:[0m[2m2306:[0m received capabilities AuthorityCapabilities { authority: k#99f25ef6.., generation: 1742889253011, supported_protocol_versions: SupportedProtocolVersions { min: ProtocolVersion(1), max: ProtocolVersion(70) }, available_system_packages: [(0x0000000000000000000000000000000000000000000000000000000000000001, SequenceNumber(1), o#96Jb9mkzfqNLYnEMpVxB5dqrKbBaj23w7iXPjTYFdrQw), (0x0000000000000000000000000000000000000000000000000000000000000002, SequenceNumber(2), o#26xJj5urud1ErPtdD9Ak2uWtBGmzeb1ixJimJbkEhqzi), (0x00000000000000000000000000000000000000000000000000000000000000c8, SequenceNumber(2), o#8mxAzFggYWTk2EcWLVbvhGohJUAeKimeRNdivg4tL1ff), (0x0000000000000000000000000000000000000000000000000000000000000003, SequenceNumber(2), o#DF5dfASe4ZDkSCbUKiNv6i44DUPQSgtpV7BoPFJxNLcu), (0x000000000000000000000000000000000000000000000000000000000000000b, SequenceNumber(2), o#8vwgz9iNeskH5LiGvDEfqFhuxwuiUVnKJBbDthPcVcK1)] }
[2m2025-03-25T07:54:14.211020Z[0m [32m INFO[0m [1mnode[0m[1m{[0m[3mname[0m[2m=[0mk#addeef94..[1m}[0m[2m:[0m [2mconsensus_core::core[0m[2m:[0m [2mconsensus/core/src/core.rs[0m[2m:[0m[2m630:[0m Committing 1 leaders: B1(B,1WAP)
[2m2025-03-25T07:54:14.211287Z[0m [32m INFO[0m [1mnode[0m[1m{[0m[3mname[0m[2m=[0mk#addeef94..[1m}[0m[2m:[0m [2mconsensus_core::commit_observer[0m[2m:[0m [2mconsensus/core/src/commit_observer.rs[0m[2m:[0m[2m173:[0m Consensus commit C1(eDk+) with leader B1(B,1WAP) has 1 blocks
[2m2025-03-25T07:54:14.211361Z[0m [32m INFO[0m [1mnode[0m[1m{[0m[3mname[0m[2m=[0mk#addeef94..[1m}[0m[2m:[0m [2msui_core::consensus_handler[0m[2m:[0m [2mcrates/sui-core/src/consensus_handler.rs[0m[2m:[0m[2m232:[0m Received consensus output [3mconsensus_commit[0m[2m=[0mCommittedSubDag(leader=B1(B,1WAP), ref=C1(eDk+), blocks=[1WAP]) [3mepoch[0m[2m=[0m0
[2m2025-03-25T07:54:14.247888Z[0m [32m INFO[0m [2mfastcrypto_tbls::dkg_v1[0m[2m:[0m [2m/Users/mofei/.cargo/git/checkouts/fastcrypto-b430feb5437546af/9519ebc/fastcrypto-tbls/src/dkg_v1.rs[0m[2m:[0m[2m422:[0m DKG: Successfully processed message from party 1
[2m2025-03-25T07:54:14.252377Z[0m [32m INFO[0m [1mnode[0m[1m{[0m[3mname[0m[2m=[0mk#addeef94..[1m}[0m[2m:[0m [2msui_core::authority::authority_per_epoch_store[0m[2m:[0m [2mcrates/sui-core/src/authority/authority_per_epoch_store.rs[0m[2m:[0m[2m2306:[0m received capabilities AuthorityCapabilities { authority: k#99f25ef6.., generation: 1742889253011, supported_protocol_versions: SupportedProtocolVersions { min: ProtocolVersion(1), max: ProtocolVersion(70) }, available_system_packages: [(0x0000000000000000000000000000000000000000000000000000000000000001, SequenceNumber(1), o#96Jb9mkzfqNLYnEMpVxB5dqrKbBaj23w7iXPjTYFdrQw), (0x0000000000000000000000000000000000000000000000000000000000000002, SequenceNumber(2), o#26xJj5urud1ErPtdD9Ak2uWtBGmzeb1ixJimJbkEhqzi), (0x00000000000000000000000000000000000000000000000000000000000000c8, SequenceNumber(2), o#8mxAzFggYWTk2EcWLVbvhGohJUAeKimeRNdivg4tL1ff), (0x0000000000000000000000000000000000000000000000000000000000000003, SequenceNumber(2), o#DF5dfASe4ZDkSCbUKiNv6i44DUPQSgtpV7BoPFJxNLcu), (0x000000000000000000000000000000000000000000000000000000000000000b, SequenceNumber(2), o#8vwgz9iNeskH5LiGvDEfqFhuxwuiUVnKJBbDthPcVcK1)] }
[2m2025-03-25T07:54:14.279765Z[0m [32m INFO[0m [1mnode[0m[1m{[0m[3mname[0m[2m=[0mk#8dcff6d1..[1m}[0m[2m:[0m [2msui_core::checkpoints[0m[2m:[0m [2mcrates/sui-core/src/checkpoints/mod.rs[0m[2m:[0m[2m1326:[0m Creating checkpoint(s) for 1 transactions [3mnext_checkpoint_seq[0m[2m=[0m1 [3mcheckpoint_timestamp[0m[2m=[0m1742889253160
[2m2025-03-25T07:54:14.280269Z[0m [32m INFO[0m [1mnode[0m[1m{[0m[3mname[0m[2m=[0mk#8dcff6d1..[1m}[0m[2m:[0m [2msui_core::checkpoints::checkpoint_output[0m[2m:[0m [2mcrates/sui-core/src/checkpoints/checkpoint_output.rs[0m[2m:[0m[2m149:[0m Creating checkpoint CheckpointDigest(HiMiM9tzX8L6v5dNe3qUzQVqpjK9E8dCZSzA1SeL4JgM) at epoch 0, sequence 1, previous digest Some(CheckpointDigest(Fk2tAAq2JB1SZxoqoxEPEdWCYXuXgKWRfdH1CWSGgnjp)), transactions count 1, content digest CheckpointContentsDigest(5bjMQDJ7MRXz7qrBdf875tKgQsbo9VZRKe8rSbiW8LM8), end_of_epoch_data None
[2m2025-03-25T07:54:14.290000Z[0m [32m INFO[0m [2mfastcrypto_tbls::dkg_v1[0m[2m:[0m [2m/Users/mofei/.cargo/git/checkouts/fastcrypto-b430feb5437546af/9519ebc/fastcrypto-tbls/src/dkg_v1.rs[0m[2m:[0m[2m422:[0m DKG: Successfully processed message from party 1
[2m2025-03-25T07:54:14.303520Z[0m [32m INFO[0m [1mnode[0m[1m{[0m[3mname[0m[2m=[0mk#99f25ef6..[1m}[0m[2m:[0m[1mjwk_updater_task[0m[1m{[0m[3mepoch[0m[2m=[0m0[1m}[0m[2m:[0m [2msui_node[0m[2m:[0m [2mcrates/sui-node/src/lib.rs[0m[2m:[0m[2m409:[0m Submitting JWK to consensus: JwkId { iss: "https://auth.3dos.io", kid: "6d361dc9637a275eb585a915af26198ff0d97326ca13f4baf0e4805f72f2a9a0" }
[2m2025-03-25T07:54:14.319521Z[0m [32m INFO[0m [1mnode[0m[1m{[0m[3mname[0m[2m=[0mk#addeef94..[1m}[0m[2m:[0m [2msui_core::checkpoints[0m[2m:[0m [2mcrates/sui-core/src/checkpoints/mod.rs[0m[2m:[0m[2m1326:[0m Creating checkpoint(s) for 1 transactions [3mnext_checkpoint_seq[0m[2m=[0m1 [3mcheckpoint_timestamp[0m[2m=[0m1742889253160
[2m2025-03-25T07:54:14.319753Z[0m [32m INFO[0m [1mnode[0m[1m{[0m[3mname[0m[2m=[0mk#addeef94..[1m}[0m[2m:[0m [2msui_core::checkpoints::checkpoint_output[0m[2m:[0m [2mcrates/sui-core/src/checkpoints/checkpoint_output.rs[0m[2m:[0m[2m149:[0m Creating checkpoint CheckpointDigest(HiMiM9tzX8L6v5dNe3qUzQVqpjK9E8dCZSzA1SeL4JgM) at epoch 0, sequence 1, previous digest Some(CheckpointDigest(Fk2tAAq2JB1SZxoqoxEPEdWCYXuXgKWRfdH1CWSGgnjp)), transactions count 1, content digest CheckpointContentsDigest(5bjMQDJ7MRXz7qrBdf875tKgQsbo9VZRKe8rSbiW8LM8), end_of_epoch_data None
[2m2025-03-25T07:54:14.321797Z[0m [32m INFO[0m [1mnode[0m[1m{[0m[3mname[0m[2m=[0mk#99f25ef6..[1m}[0m[2m:[0m [2mconsensus_core::core[0m[2m:[0m [2mconsensus/core/src/core.rs[0m[2m:[0m[2m630:[0m Committing 1 leaders: B1(B,1WAP)
[2m2025-03-25T07:54:14.322088Z[0m [32m INFO[0m [1mnode[0m[1m{[0m[3mname[0m[2m=[0mk#99f25ef6..[1m}[0m[2m:[0m [2mconsensus_core::commit_observer[0m[2m:[0m [2mconsensus/core/src/commit_observer.rs[0m[2m:[0m[2m173:[0m Consensus commit C1(eDk+) with leader B1(B,1WAP) has 1 blocks
[2m2025-03-25T07:54:14.322702Z[0m [32m INFO[0m [1mnode[0m[1m{[0m[3mname[0m[2m=[0mk#99f25ef6..[1m}[0m[2m:[0m [2mconsensus_core::core[0m[2m:[0m [2mconsensus/core/src/core.rs[0m[2m:[0m[2m531:[0m Created block B4(B,OwmplfgklfRAXAr6JBzqhgk1nsJjwfokYuWVQi9PeCQ=)(1742889254322ms;[B2(B,rVsDk5JO57Wcbjff40Wx5O3+JKsf3Pjkq7Orlkh//Io=), B3(A,5LC0Ixib0U9oXVInjkX72UjbspfnTQSsf7TIQMjtK00=), B3(C,F0qN7C+oZXBYjfD5p4/24JOFx6bxm2G9BxmWzl63IKI=)];8t;1c) for round 4
[2m2025-03-25T07:54:14.322793Z[0m [32m INFO[0m [1mnode[0m[1m{[0m[3mname[0m[2m=[0mk#99f25ef6..[1m}[0m[2m:[0m [2msui_core::consensus_handler[0m[2m:[0m [2mcrates/sui-core/src/consensus_handler.rs[0m[2m:[0m[2m232:[0m Received consensus output [3mconsensus_commit[0m[2m=[0mCommittedSubDag(leader=B1(B,1WAP), ref=C1(eDk+), blocks=[1WAP]) [3mepoch[0m[2m=[0m0
[2m2025-03-25T07:54:14.353616Z[0m [32m INFO[0m [1mnode[0m[1m{[0m[3mname[0m[2m=[0mk#addeef94..[1m}[0m[2m:[0m[1mjwk_updater_task[0m[1m{[0m[3mepoch[0m[2m=[0m0[1m}[0m[2m:[0m [2msui_node[0m[2m:[0m [2mcrates/sui-node/src/lib.rs[0m[2m:[0m[2m409:[0m Submitting JWK to consensus: JwkId { iss: "https://auth.3dos.io", kid: "6d361dc9637a275eb585a915af26198ff0d97326ca13f4baf0e4805f72f2a9a0" }
[2m2025-03-25T07:54:14.362735Z[0m [32m INFO[0m [1mnode[0m[1m{[0m[3mname[0m[2m=[0mk#99f25ef6..[1m}[0m[2m:[0m [2msui_core::authority::authority_per_epoch_store[0m[2m:[0m [2mcrates/sui-core/src/authority/authority_per_epoch_store.rs[0m[2m:[0m[2m2306:[0m received capabilities AuthorityCapabilities { authority: k#99f25ef6.., generation: 1742889253011, supported_protocol_versions: SupportedProtocolVersions { min: ProtocolVersion(1), max: ProtocolVersion(70) }, available_system_packages: [(0x0000000000000000000000000000000000000000000000000000000000000001, SequenceNumber(1), o#96Jb9mkzfqNLYnEMpVxB5dqrKbBaj23w7iXPjTYFdrQw), (0x0000000000000000000000000000000000000000000000000000000000000002, SequenceNumber(2), o#26xJj5urud1ErPtdD9Ak2uWtBGmzeb1ixJimJbkEhqzi), (0x00000000000000000000000000000000000000000000000000000000000000c8, SequenceNumber(2), o#8mxAzFggYWTk2EcWLVbvhGohJUAeKimeRNdivg4tL1ff), (0x0000000000000000000000000000000000000000000000000000000000000003, SequenceNumber(2), o#DF5dfASe4ZDkSCbUKiNv6i44DUPQSgtpV7BoPFJxNLcu), (0x000000000000000000000000000000000000000000000000000000000000000b, SequenceNumber(2), o#8vwgz9iNeskH5LiGvDEfqFhuxwuiUVnKJBbDthPcVcK1)] }
[2m2025-03-25T07:54:14.364196Z[0m [32m INFO[0m [1mnode[0m[1m{[0m[3mname[0m[2m=[0mk#addeef94..[1m}[0m[2m:[0m [2mconsensus_core::core[0m[2m:[0m [2mconsensus/core/src/core.rs[0m[2m:[0m[2m531:[0m Created block B4(C,rSWYvtNucY8T3fLyNGPNEfgvvgesTMBouly9w5+EUY8=)(1742889254363ms;[B3(C,F0qN7C+oZXBYjfD5p4/24JOFx6bxm2G9BxmWzl63IKI=), B3(A,5LC0Ixib0U9oXVInjkX72UjbspfnTQSsf7TIQMjtK00=)];4t;1c) for round 4
[2m2025-03-25T07:54:14.364274Z[0m [32m INFO[0m [1mnode[0m[1m{[0m[3mname[0m[2m=[0mk#addeef94..[1m}[0m[2m:[0m [2mconsensus_core::core[0m[2m:[0m [2mconsensus/core/src/core.rs[0m[2m:[0m[2m630:[0m Committing 1 leaders: B2(C,5Xu4)
[2m2025-03-25T07:54:14.364335Z[0m [32m INFO[0m [1mnode[0m[1m{[0m[3mname[0m[2m=[0mk#addeef94..[1m}[0m[2m:[0m [2mconsensus_core::commit_observer[0m[2m:[0m [2mconsensus/core/src/commit_observer.rs[0m[2m:[0m[2m173:[0m Consensus commit C2(hyZf) with leader B2(C,5Xu4) has 2 blocks
[2m2025-03-25T07:54:14.364434Z[0m [32m INFO[0m [1mnode[0m[1m{[0m[3mname[0m[2m=[0mk#addeef94..[1m}[0m[2m:[0m [2msui_core::consensus_handler[0m[2m:[0m [2mcrates/sui-core/src/consensus_handler.rs[0m[2m:[0m[2m232:[0m Received consensus output [3mconsensus_commit[0m[2m=[0mCommittedSubDag(leader=B2(C,5Xu4), ref=C2(hyZf), blocks=[lrIo, 5Xu4]) [3mepoch[0m[2m=[0m0
[2m2025-03-25T07:54:14.392580Z[0m [32m INFO[0m [1mnode[0m[1m{[0m[3mname[0m[2m=[0mk#8dcff6d1..[1m}[0m[2m:[0m[1mjwk_updater_task[0m[1m{[0m[3mepoch[0m[2m=[0m0[1m}[0m[2m:[0m [2msui_node[0m[2m:[0m [2mcrates/sui-node/src/lib.rs[0m[2m:[0m[2m409:[0m Submitting JWK to consensus: JwkId { iss: "https://auth.3dos.io", kid: "6d361dc9637a275eb585a915af26198ff0d97326ca13f4baf0e4805f72f2a9a0" }
[2m2025-03-25T07:54:14.400707Z[0m [32m INFO[0m [2mfastcrypto_tbls::dkg_v1[0m[2m:[0m [2m/Users/mofei/.cargo/git/checkouts/fastcrypto-b430feb5437546af/9519ebc/fastcrypto-tbls/src/dkg_v1.rs[0m[2m:[0m[2m422:[0m DKG: Successfully processed message from party 1
[2m2025-03-25T07:54:14.405099Z[0m [32m INFO[0m [1mnode[0m[1m{[0m[3mname[0m[2m=[0mk#addeef94..[1m}[0m[2m:[0m [2msui_core::authority::authority_per_epoch_store[0m[2m:[0m [2mcrates/sui-core/src/authority/authority_per_epoch_store.rs[0m[2m:[0m[2m2306:[0m received capabilities AuthorityCapabilities { authority: k#addeef94.., generation: 1742889253049, supported_protocol_versions: SupportedProtocolVersions { min: ProtocolVersion(1), max: ProtocolVersion(70) }, available_system_packages: [(0x0000000000000000000000000000000000000000000000000000000000000001, SequenceNumber(1), o#96Jb9mkzfqNLYnEMpVxB5dqrKbBaj23w7iXPjTYFdrQw), (0x0000000000000000000000000000000000000000000000000000000000000002, SequenceNumber(2), o#26xJj5urud1ErPtdD9Ak2uWtBGmzeb1ixJimJbkEhqzi), (0x00000000000000000000000000000000000000000000000000000000000000c8, SequenceNumber(2), o#8mxAzFggYWTk2EcWLVbvhGohJUAeKimeRNdivg4tL1ff), (0x0000000000000000000000000000000000000000000000000000000000000003, SequenceNumber(2), o#DF5dfASe4ZDkSCbUKiNv6i44DUPQSgtpV7BoPFJxNLcu), (0x000000000000000000000000000000000000000000000000000000000000000b, SequenceNumber(2), o#8vwgz9iNeskH5LiGvDEfqFhuxwuiUVnKJBbDthPcVcK1)] }
[2m2025-03-25T07:54:14.405197Z[0m [32m INFO[0m [1mnode[0m[1m{[0m[3mname[0m[2m=[0mk#addeef94..[1m}[0m[2m:[0m [2msui_core::authority::authority_per_epoch_store[0m[2m:[0m [2mcrates/sui-core/src/authority/authority_per_epoch_store.rs[0m[2m:[0m[2m2388:[0m received jwk vote from k#addeef94.. for jwk (JwkId { iss: "https://login.onepassport.onefc.com/de3ee5c1-5644-4113-922d-e8336569a462/v2.0/", kid: "X-yzFPFMdWtJQ1oJXiGRVnn061ezrvZz596xN3mCfyQ" }, JWK { kty: "RSA", e: "AQAB", n: "t4ZoVgvyj7jKNq-ydYvgYVn5avBR9H4BQrKy2FWlR49siiMFWhxYXtPs7o4J6hhUgo00nk9pf-7rg7XnTiI7MFp2DluhWZK41YFfyGhDpbG9EImqvmy1N8poj5fid1lAjH2CfjtDyywgV84ViQ1hA5-noOrLhjb-zMZp_yKMSEeY_Ewx70jwhXevvrANKblNUFVJPQ7EI6_La-uALNBeQfu5OgPiMPiswhoQz0bhproUc7GiRxBw-9n72z3JU3HMy9mByrDnNfaZ13_Kmp9zgZYxynv5XXWJFGVHv3GZ_cDYg6OqahmrwMhT3GYTZ8JjMzZj4gH8MCCGPxde9SotKQ", alg: "RS256" })
[2m2025-03-25T07:54:14.405228Z[0m [32m INFO[0m [1mnode[0m[1m{[0m[3mname[0m[2m=[0mk#addeef94..[1m}[0m[2m:[0m [2msui_core::authority::authority_per_epoch_store[0m[2m:[0m [2mcrates/sui-core/src/authority/authority_per_epoch_store.rs[0m[2m:[0m[2m2388:[0m received jwk vote from k#addeef94.. for jwk (JwkId { iss: "https://oauth.sui.io", kid: "sui-key-id" }, JWK { kty: "RSA", e: "AQAB", n: "wdar6dBP7b88u6o190uXBK4yPS76OxFjiHDPwOyJwJiiAE3YRq8y_pfyQVua9nEasgrPfEBzVoC5QCld8NAC88uvbNKyoLZ6w5KlFjp88q2Sfy7nAzh3I-AnjsL6zl43NZrKep4_Nmb5nJeafcEi6B5MsYYDWW1Nn26O7ob9IWRNWcaTKhOhqDzbiN_66azN-NgaP_uHjlu1xuMV0kRt-luLSTXJS3S2n8PVNCxr3Gr2oViUpP8kSa-0i5vsg3gNtSfBY97AbChwOnyazj_PoaVD6zbEC4L5gvRZJA6vyoAWF_ZumvkwC3fxcFIBnSKMlGzS_Z-bUyQDCQy_BG9AOw", alg: "RS256" })
[2m2025-03-25T07:54:14.407070Z[0m [32m INFO[0m [1mnode[0m[1m{[0m[3mname[0m[2m=[0mk#8dcff6d1..[1m}[0m[2m:[0m [2mconsensus_core::core[0m[2m:[0m [2mconsensus/core/src/core.rs[0m[2m:[0m[2m630:[0m Committing 1 leaders: B2(C,5Xu4)
[2m2025-03-25T07:54:14.407183Z[0m [32m INFO[0m [1mnode[0m[1m{[0m[3mname[0m[2m=[0mk#8dcff6d1..[1m}[0m[2m:[0m [2mconsensus_core::commit_observer[0m[2m:[0m [2mconsensus/core/src/commit_observer.rs[0m[2m:[0m[2m173:[0m Consensus commit C2(hyZf) with leader B2(C,5Xu4) has 2 blocks
[2m2025-03-25T07:54:14.407256Z[0m [32m INFO[0m [1mnode[0m[1m{[0m[3mname[0m[2m=[0mk#8dcff6d1..[1m}[0m[2m:[0m [2msui_core::consensus_handler[0m[2m:[0m [2mcrates/sui-core/src/consensus_handler.rs[0m[2m:[0m[2m232:[0m Received consensus output [3mconsensus_commit[0m[2m=[0mCommittedSubDag(leader=B2(C,5Xu4), ref=C2(hyZf), blocks=[lrIo, 5Xu4]) [3mepoch[0m[2m=[0m0
[2m2025-03-25T07:54:14.431547Z[0m [32m INFO[0m [1mnode[0m[1m{[0m[3mname[0m[2m=[0mk#99f25ef6..[1m}[0m[2m:[0m [2msui_core::checkpoints[0m[2m:[0m [2mcrates/sui-core/src/checkpoints/mod.rs[0m[2m:[0m[2m1326:[0m Creating checkpoint(s) for 1 transactions [3mnext_checkpoint_seq[0m[2m=[0m1 [3mcheckpoint_timestamp[0m[2m=[0m1742889253160
[2m2025-03-25T07:54:14.431836Z[0m [32m INFO[0m [1mnode[0m[1m{[0m[3mname[0m[2m=[0mk#99f25ef6..[1m}[0m[2m:[0m [2msui_core::checkpoints::checkpoint_output[0m[2m:[0m [2mcrates/sui-core/src/checkpoints/checkpoint_output.rs[0m[2m:[0m[2m149:[0m Creating checkpoint CheckpointDigest(HiMiM9tzX8L6v5dNe3qUzQVqpjK9E8dCZSzA1SeL4JgM) at epoch 0, sequence 1, previous digest Some(CheckpointDigest(Fk2tAAq2JB1SZxoqoxEPEdWCYXuXgKWRfdH1CWSGgnjp)), transactions count 1, content digest CheckpointContentsDigest(5bjMQDJ7MRXz7qrBdf875tKgQsbo9VZRKe8rSbiW8LM8), end_of_epoch_data None
[2m2025-03-25T07:54:14.443030Z[0m [32m INFO[0m [2mfastcrypto_tbls::dkg_v1[0m[2m:[0m [2m/Users/mofei/.cargo/git/checkouts/fastcrypto-b430feb5437546af/9519ebc/fastcrypto-tbls/src/dkg_v1.rs[0m[2m:[0m[2m422:[0m DKG: Successfully processed message from party 2
[2m2025-03-25T07:54:14.443258Z[0m [32m INFO[0m [1mnode[0m[1m{[0m[3mname[0m[2m=[0mk#addeef94..[1m}[0m[2m:[0m [2mfastcrypto_tbls::dkg_v1[0m[2m:[0m [2m/Users/mofei/.cargo/git/checkouts/fastcrypto-b430feb5437546af/9519ebc/fastcrypto-tbls/src/dkg_v1.rs[0m[2m:[0m[2m461:[0m DKG: Merging messages with total weight 1110
[2m2025-03-25T07:54:14.443278Z[0m [32m INFO[0m [1mnode[0m[1m{[0m[3mname[0m[2m=[0mk#addeef94..[1m}[0m[2m:[0m [2msui_core::epoch::randomness[0m[2m:[0m [2mcrates/sui-core/src/epoch/randomness.rs[0m[2m:[0m[2m474:[0m random beacon: sending DKG Confirmation with 0 complaints
[2m2025-03-25T07:54:14.447943Z[0m [32m INFO[0m [1mnode[0m[1m{[0m[3mname[0m[2m=[0mk#8dcff6d1..[1m}[0m[2m:[0m [2msui_core::authority::authority_per_epoch_store[0m[2m:[0m [2mcrates/sui-core/src/authority/authority_per_epoch_store.rs[0m[2m:[0m[2m2306:[0m received capabilities AuthorityCapabilities { authority: k#addeef94.., generation: 1742889253049, supported_protocol_versions: SupportedProtocolVersions { min: ProtocolVersion(1), max: ProtocolVersion(70) }, available_system_packages: [(0x0000000000000000000000000000000000000000000000000000000000000001, SequenceNumber(1), o#96Jb9mkzfqNLYnEMpVxB5dqrKbBaj23w7iXPjTYFdrQw), (0x0000000000000000000000000000000000000000000000000000000000000002, SequenceNumber(2), o#26xJj5urud1ErPtdD9Ak2uWtBGmzeb1ixJimJbkEhqzi), (0x00000000000000000000000000000000000000000000000000000000000000c8, SequenceNumber(2), o#8mxAzFggYWTk2EcWLVbvhGohJUAeKimeRNdivg4tL1ff), (0x0000000000000000000000000000000000000000000000000000000000000003, SequenceNumber(2), o#DF5dfASe4ZDkSCbUKiNv6i44DUPQSgtpV7BoPFJxNLcu), (0x000000000000000000000000000000000000000000000000000000000000000b, SequenceNumber(2), o#8vwgz9iNeskH5LiGvDEfqFhuxwuiUVnKJBbDthPcVcK1)] }
[2m2025-03-25T07:54:14.448036Z[0m [32m INFO[0m [1mnode[0m[1m{[0m[3mname[0m[2m=[0mk#8dcff6d1..[1m}[0m[2m:[0m [2msui_core::authority::authority_per_epoch_store[0m[2m:[0m [2mcrates/sui-core/src/authority/authority_per_epoch_store.rs[0m[2m:[0m[2m2388:[0m received jwk vote from k#addeef94.. for jwk (JwkId { iss: "https://login.onepassport.onefc.com/de3ee5c1-5644-4113-922d-e8336569a462/v2.0/", kid: "X-yzFPFMdWtJQ1oJXiGRVnn061ezrvZz596xN3mCfyQ" }, JWK { kty: "RSA", e: "AQAB", n: "t4ZoVgvyj7jKNq-ydYvgYVn5avBR9H4BQrKy2FWlR49siiMFWhxYXtPs7o4J6hhUgo00nk9pf-7rg7XnTiI7MFp2DluhWZK41YFfyGhDpbG9EImqvmy1N8poj5fid1lAjH2CfjtDyywgV84ViQ1hA5-noOrLhjb-zMZp_yKMSEeY_Ewx70jwhXevvrANKblNUFVJPQ7EI6_La-uALNBeQfu5OgPiMPiswhoQz0bhproUc7GiRxBw-9n72z3JU3HMy9mByrDnNfaZ13_Kmp9zgZYxynv5XXWJFGVHv3GZ_cDYg6OqahmrwMhT3GYTZ8JjMzZj4gH8MCCGPxde9SotKQ", alg: "RS256" })
[2m2025-03-25T07:54:14.448061Z[0m [32m INFO[0m [1mnode[0m[1m{[0m[3mname[0m[2m=[0mk#8dcff6d1..[1m}[0m[2m:[0m [2msui_core::authority::authority_per_epoch_store[0m[2m:[0m [2mcrates/sui-core/src/authority/authority_per_epoch_store.rs[0m[2m:[0m[2m2388:[0m received jwk vote from k#addeef94.. for jwk (JwkId { iss: "https://oauth.sui.io", kid: "sui-key-id" }, JWK { kty: "RSA", e: "AQAB", n: "wdar6dBP7b88u6o190uXBK4yPS76OxFjiHDPwOyJwJiiAE3YRq8y_pfyQVua9nEasgrPfEBzVoC5QCld8NAC88uvbNKyoLZ6w5KlFjp88q2Sfy7nAzh3I-AnjsL6zl43NZrKep4_Nmb5nJeafcEi6B5MsYYDWW1Nn26O7ob9IWRNWcaTKhOhqDzbiN_66azN-NgaP_uHjlu1xuMV0kRt-luLSTXJS3S2n8PVNCxr3Gr2oViUpP8kSa-0i5vsg3gNtSfBY97AbChwOnyazj_PoaVD6zbEC4L5gvRZJA6vyoAWF_ZumvkwC3fxcFIBnSKMlGzS_Z-bUyQDCQy_BG9AOw", alg: "RS256" })
[2m2025-03-25T07:54:14.448128Z[0m [32m INFO[0m [1mnode[0m[1m{[0m[3mname[0m[2m=[0mk#8dcff6d1..[1m}[0m[2m:[0m [2mconsensus_core::commit_syncer[0m[2m:[0m [2mconsensus/core/src/commit_syncer.rs[0m[2m:[0m[2m196:[0m Checking to schedule fetches: synced_commit_index=2, highest_handled_index=1, highest_scheduled_index=0, quorum_commit_index=1, unhandled_commits_threshold=3200
[2m2025-03-25T07:54:14.482060Z[0m [32m INFO[0m [1mnode[0m[1m{[0m[3mname[0m[2m=[0mk#addeef94..[1m}[0m[2m:[0m [2msui_core::checkpoints[0m[2m:[0m [2mcrates/sui-core/src/checkpoints/mod.rs[0m[2m:[0m[2m1326:[0m Creating checkpoint(s) for 1 transactions [3mnext_checkpoint_seq[0m[2m=[0m2 [3mcheckpoint_timestamp[0m[2m=[0m1742889253443
[2m2025-03-25T07:54:14.482281Z[0m [32m INFO[0m [1mnode[0m[1m{[0m[3mname[0m[2m=[0mk#addeef94..[1m}[0m[2m:[0m [2msui_core::checkpoints::checkpoint_output[0m[2m:[0m [2mcrates/sui-core/src/checkpoints/checkpoint_output.rs[0m[2m:[0m[2m149:[0m Creating checkpoint CheckpointDigest(G3WHopVux3RiXnXA2Vg8ZhwVvQbWA4nbZx1sp1Tx1DS) at epoch 0, sequence 2, previous digest Some(CheckpointDigest(HiMiM9tzX8L6v5dNe3qUzQVqpjK9E8dCZSzA1SeL4JgM)), transactions count 1, content digest CheckpointContentsDigest(4XWwp4aSseMsQpqZw6oyzMrrt9RgfTeM6JhkeP61majp), end_of_epoch_data None
[2m2025-03-25T07:54:14.485841Z[0m [32m INFO[0m [2mfastcrypto_tbls::dkg_v1[0m[2m:[0m [2m/Users/mofei/.cargo/git/checkouts/fastcrypto-b430feb5437546af/9519ebc/fastcrypto-tbls/src/dkg_v1.rs[0m[2m:[0m[2m422:[0m DKG: Successfully processed message from party 2
[2m2025-03-25T07:54:14.485994Z[0m [32m INFO[0m [1mnode[0m[1m{[0m[3mname[0m[2m=[0mk#8dcff6d1..[1m}[0m[2m:[0m [2mfastcrypto_tbls::dkg_v1[0m[2m:[0m [2m/Users/mofei/.cargo/git/checkouts/fastcrypto-b430feb5437546af/9519ebc/fastcrypto-tbls/src/dkg_v1.rs[0m[2m:[0m[2m461:[0m DKG: Merging messages with total weight 1110
[2m2025-03-25T07:54:14.486008Z[0m [32m INFO[0m [1mnode[0m[1m{[0m[3mname[0m[2m=[0mk#8dcff6d1..[1m}[0m[2m:[0m [2msui_core::epoch::randomness[0m[2m:[0m [2mcrates/sui-core/src/epoch/randomness.rs[0m[2m:[0m[2m474:[0m random beacon: sending DKG Confirmation with 0 complaints
[2m2025-03-25T07:54:14.523431Z[0m [32m INFO[0m [1mnode[0m[1m{[0m[3mname[0m[2m=[0mk#8dcff6d1..[1m}[0m[2m:[0m [2msui_core::checkpoints[0m[2m:[0m [2mcrates/sui-core/src/checkpoints/mod.rs[0m[2m:[0m[2m1326:[0m Creating checkpoint(s) for 1 transactions [3mnext_checkpoint_seq[0m[2m=[0m2 [3mcheckpoint_timestamp[0m[2m=[0m1742889253443
[2m2025-03-25T07:54:14.523619Z[0m [32m INFO[0m [1mnode[0m[1m{[0m[3mname[0m[2m=[0mk#8dcff6d1..[1m}[0m[2m:[0m [2msui_core::checkpoints::checkpoint_output[0m[2m:[0m [2mcrates/sui-core/src/checkpoints/checkpoint_output.rs[0m[2m:[0m[2m149:[0m Creating checkpoint CheckpointDigest(G3WHopVux3RiXnXA2Vg8ZhwVvQbWA4nbZx1sp1Tx1DS) at epoch 0, sequence 2, previous digest Some(CheckpointDigest(HiMiM9tzX8L6v5dNe3qUzQVqpjK9E8dCZSzA1SeL4JgM)), transactions count 1, content digest CheckpointContentsDigest(4XWwp4aSseMsQpqZw6oyzMrrt9RgfTeM6JhkeP61majp), end_of_epoch_data None
[2m2025-03-25T07:54:14.523809Z[0m [32m INFO[0m [1mnode[0m[1m{[0m[3mname[0m[2m=[0mk#99f25ef6..[1m}[0m[2m:[0m [2mconsensus_core::core[0m[2m:[0m [2mconsensus/core/src/core.rs[0m[2m:[0m[2m630:[0m Committing 1 leaders: B2(C,5Xu4)
[2m2025-03-25T07:54:14.523913Z[0m [32m INFO[0m [1mnode[0m[1m{[0m[3mname[0m[2m=[0mk#99f25ef6..[1m}[0m[2m:[0m [2mconsensus_core::commit_observer[0m[2m:[0m [2mconsensus/core/src/commit_observer.rs[0m[2m:[0m[2m173:[0m Consensus commit C2(hyZf) with leader B2(C,5Xu4) has 2 blocks
[2m2025-03-25T07:54:14.523998Z[0m [32m INFO[0m [1mnode[0m[1m{[0m[3mname[0m[2m=[0mk#99f25ef6..[1m}[0m[2m:[0m [2msui_core::consensus_handler[0m[2m:[0m [2mcrates/sui-core/src/consensus_handler.rs[0m[2m:[0m[2m232:[0m Received consensus output [3mconsensus_commit[0m[2m=[0mCommittedSubDag(leader=B2(C,5Xu4), ref=C2(hyZf), blocks=[lrIo, 5Xu4]) [3mepoch[0m[2m=[0m0
[2m2025-03-25T07:54:14.563879Z[0m [32m INFO[0m [1mnode[0m[1m{[0m[3mname[0m[2m=[0mk#99f25ef6..[1m}[0m[2m:[0m [2msui_core::authority::authority_per_epoch_store[0m[2m:[0m [2mcrates/sui-core/src/authority/authority_per_epoch_store.rs[0m[2m:[0m[2m2306:[0m received capabilities AuthorityCapabilities { authority: k#addeef94.., generation: 1742889253049, supported_protocol_versions: SupportedProtocolVersions { min: ProtocolVersion(1), max: ProtocolVersion(70) }, available_system_packages: [(0x0000000000000000000000000000000000000000000000000000000000000001, SequenceNumber(1), o#96Jb9mkzfqNLYnEMpVxB5dqrKbBaj23w7iXPjTYFdrQw), (0x0000000000000000000000000000000000000000000000000000000000000002, SequenceNumber(2), o#26xJj5urud1ErPtdD9Ak2uWtBGmzeb1ixJimJbkEhqzi), (0x00000000000000000000000000000000000000000000000000000000000000c8, SequenceNumber(2), o#8mxAzFggYWTk2EcWLVbvhGohJUAeKimeRNdivg4tL1ff), (0x0000000000000000000000000000000000000000000000000000000000000003, SequenceNumber(2), o#DF5dfASe4ZDkSCbUKiNv6i44DUPQSgtpV7BoPFJxNLcu), (0x000000000000000000000000000000000000000000000000000000000000000b, SequenceNumber(2), o#8vwgz9iNeskH5LiGvDEfqFhuxwuiUVnKJBbDthPcVcK1)] }
[2m2025-03-25T07:54:14.563976Z[0m [32m INFO[0m [1mnode[0m[1m{[0m[3mname[0m[2m=[0mk#99f25ef6..[1m}[0m[2m:[0m [2msui_core::authority::authority_per_epoch_store[0m[2m:[0m [2mcrates/sui-core/src/authority/authority_per_epoch_store.rs[0m[2m:[0m[2m2388:[0m received jwk vote from k#addeef94.. for jwk (JwkId { iss: "https://login.onepassport.onefc.com/de3ee5c1-5644-4113-922d-e8336569a462/v2.0/", kid: "X-yzFPFMdWtJQ1oJXiGRVnn061ezrvZz596xN3mCfyQ" }, JWK { kty: "RSA", e: "AQAB", n: "t4ZoVgvyj7jKNq-ydYvgYVn5avBR9H4BQrKy2FWlR49siiMFWhxYXtPs7o4J6hhUgo00nk9pf-7rg7XnTiI7MFp2DluhWZK41YFfyGhDpbG9EImqvmy1N8poj5fid1lAjH2CfjtDyywgV84ViQ1hA5-noOrLhjb-zMZp_yKMSEeY_Ewx70jwhXevvrANKblNUFVJPQ7EI6_La-uALNBeQfu5OgPiMPiswhoQz0bhproUc7GiRxBw-9n72z3JU3HMy9mByrDnNfaZ13_Kmp9zgZYxynv5XXWJFGVHv3GZ_cDYg6OqahmrwMhT3GYTZ8JjMzZj4gH8MCCGPxde9SotKQ", alg: "RS256" })
[2m2025-03-25T07:54:14.564005Z[0m [32m INFO[0m [1mnode[0m[1m{[0m[3mname[0m[2m=[0mk#99f25ef6..[1m}[0m[2m:[0m [2msui_core::authority::authority_per_epoch_store[0m[2m:[0m [2mcrates/sui-core/src/authority/authority_per_epoch_store.rs[0m[2m:[0m[2m2388:[0m received jwk vote from k#addeef94.. for jwk (JwkId { iss: "https://oauth.sui.io", kid: "sui-key-id" }, JWK { kty: "RSA", e: "AQAB", n: "wdar6dBP7b88u6o190uXBK4yPS76OxFjiHDPwOyJwJiiAE3YRq8y_pfyQVua9nEasgrPfEBzVoC5QCld8NAC88uvbNKyoLZ6w5KlFjp88q2Sfy7nAzh3I-AnjsL6zl43NZrKep4_Nmb5nJeafcEi6B5MsYYDWW1Nn26O7ob9IWRNWcaTKhOhqDzbiN_66azN-NgaP_uHjlu1xuMV0kRt-luLSTXJS3S2n8PVNCxr3Gr2oViUpP8kSa-0i5vsg3gNtSfBY97AbChwOnyazj_PoaVD6zbEC4L5gvRZJA6vyoAWF_ZumvkwC3fxcFIBnSKMlGzS_Z-bUyQDCQy_BG9AOw", alg: "RS256" })
[2m2025-03-25T07:54:14.601005Z[0m [32m INFO[0m [2mfastcrypto_tbls::dkg_v1[0m[2m:[0m [2m/Users/mofei/.cargo/git/checkouts/fastcrypto-b430feb5437546af/9519ebc/fastcrypto-tbls/src/dkg_v1.rs[0m[2m:[0m[2m422:[0m DKG: Successfully processed message from party 2
[2m2025-03-25T07:54:14.601203Z[0m [32m INFO[0m [1mnode[0m[1m{[0m[3mname[0m[2m=[0mk#99f25ef6..[1m}[0m[2m:[0m [2mfastcrypto_tbls::dkg_v1[0m[2m:[0m [2m/Users/mofei/.cargo/git/checkouts/fastcrypto-b430feb5437546af/9519ebc/fastcrypto-tbls/src/dkg_v1.rs[0m[2m:[0m[2m461:[0m DKG: Merging messages with total weight 1110
[2m2025-03-25T07:54:14.601221Z[0m [32m INFO[0m [1mnode[0m[1m{[0m[3mname[0m[2m=[0mk#99f25ef6..[1m}[0m[2m:[0m [2msui_core::epoch::randomness[0m[2m:[0m [2mcrates/sui-core/src/epoch/randomness.rs[0m[2m:[0m[2m474:[0m random beacon: sending DKG Confirmation with 0 complaints
[2m2025-03-25T07:54:14.616917Z[0m [32m INFO[0m [1mnode[0m[1m{[0m[3mname[0m[2m=[0mk#addeef94..[1m}[0m[2m:[0m [2mconsensus_core::core[0m[2m:[0m [2mconsensus/core/src/core.rs[0m[2m:[0m[2m531:[0m Created block B5(C,jX/eRqcFzVHzCo40eSsnU8eON/Wh8rOF3iAMkIIUWHs=)(1742889254616ms;[B4(C,rSWYvtNucY8T3fLyNGPNEfgvvgesTMBouly9w5+EUY8=), B4(B,OwmplfgklfRAXAr6JBzqhgk1nsJjwfokYuWVQi9PeCQ=)];2t;1c) for round 5
[2m2025-03-25T07:54:14.617021Z[0m [32m INFO[0m [1mnode[0m[1m{[0m[3mname[0m[2m=[0mk#addeef94..[1m}[0m[2m:[0m [2msui_core::mysticeti_adapter[0m[2m:[0m [2mcrates/sui-core/src/mysticeti_adapter.rs[0m[2m:[0m[2m130:[0m Transaction External(RandomnessDkgConfirmation(k#addeef94..)) was included in B5(C,jX/e)
[2m2025-03-25T07:54:14.619122Z[0m [32m INFO[0m [1mnode[0m[1m{[0m[3mname[0m[2m=[0mk#8dcff6d1..[1m}[0m[2m:[0m [2mconsensus_core::core[0m[2m:[0m [2mconsensus/core/src/core.rs[0m[2m:[0m[2m531:[0m Created block B5(A,ab9RkstYKcMYJ/CZej5lQvxhl3JJ+s26+G3VVyDD8CI=)(1742889254618ms;[B3(A,5LC0Ixib0U9oXVInjkX72UjbspfnTQSsf7TIQMjtK00=), B4(B,OwmplfgklfRAXAr6JBzqhgk1nsJjwfokYuWVQi9PeCQ=), B4(C,rSWYvtNucY8T3fLyNGPNEfgvvgesTMBouly9w5+EUY8=)];4t;2c) for round 5
[2m2025-03-25T07:54:14.619207Z[0m [32m INFO[0m [1mnode[0m[1m{[0m[3mname[0m[2m=[0mk#8dcff6d1..[1m}[0m[2m:[0m [2mconsensus_core::core[0m[2m:[0m [2mconsensus/core/src/core.rs[0m[2m:[0m[2m630:[0m Committing 1 leaders: B3(A,5LC0)
[2m2025-03-25T07:54:14.619272Z[0m [32m INFO[0m [1mnode[0m[1m{[0m[3mname[0m[2m=[0mk#8dcff6d1..[1m}[0m[2m:[0m [2mconsensus_core::commit_observer[0m[2m:[0m [2mconsensus/core/src/commit_observer.rs[0m[2m:[0m[2m173:[0m Consensus commit C3(4+vU) with leader B3(A,5LC0) has 3 blocks
[2m2025-03-25T07:54:14.619351Z[0m [32m INFO[0m [1mnode[0m[1m{[0m[3mname[0m[2m=[0mk#8dcff6d1..[1m}[0m[2m:[0m [2msui_core::mysticeti_adapter[0m[2m:[0m [2mcrates/sui-core/src/mysticeti_adapter.rs[0m[2m:[0m[2m130:[0m Transaction External(RandomnessDkgConfirmation(k#8dcff6d1..)) was included in B5(A,ab9R)
[2m2025-03-25T07:54:14.619406Z[0m [32m INFO[0m [1mnode[0m[1m{[0m[3mname[0m[2m=[0mk#8dcff6d1..[1m}[0m[2m:[0m [2msui_core::consensus_handler[0m[2m:[0m [2mcrates/sui-core/src/consensus_handler.rs[0m[2m:[0m[2m232:[0m Received consensus output [3mconsensus_commit[0m[2m=[0mCommittedSubDag(leader=B3(A,5LC0), ref=C3(4+vU), blocks=[z816, rVsD, 5LC0]) [3mepoch[0m[2m=[0m0
[2m2025-03-25T07:54:14.639595Z[0m [32m INFO[0m [1mnode[0m[1m{[0m[3mname[0m[2m=[0mk#99f25ef6..[1m}[0m[2m:[0m [2msui_core::checkpoints[0m[2m:[0m [2mcrates/sui-core/src/checkpoints/mod.rs[0m[2m:[0m[2m1326:[0m Creating checkpoint(s) for 1 transactions [3mnext_checkpoint_seq[0m[2m=[0m2 [3mcheckpoint_timestamp[0m[2m=[0m1742889253443
[2m2025-03-25T07:54:14.639819Z[0m [32m INFO[0m [1mnode[0m[1m{[0m[3mname[0m[2m=[0mk#99f25ef6..[1m}[0m[2m:[0m [2msui_core::checkpoints::checkpoint_output[0m[2m:[0m [2mcrates/sui-core/src/checkpoints/checkpoint_output.rs[0m[2m:[0m[2m149:[0m Creating checkpoint CheckpointDigest(G3WHopVux3RiXnXA2Vg8ZhwVvQbWA4nbZx1sp1Tx1DS) at epoch 0, sequence 2, previous digest Some(CheckpointDigest(HiMiM9tzX8L6v5dNe3qUzQVqpjK9E8dCZSzA1SeL4JgM)), transactions count 1, content digest CheckpointContentsDigest(4XWwp4aSseMsQpqZw6oyzMrrt9RgfTeM6JhkeP61majp), end_of_epoch_data None
[2m2025-03-25T07:54:14.660492Z[0m [32m INFO[0m [1mnode[0m[1m{[0m[3mname[0m[2m=[0mk#8dcff6d1..[1m}[0m[2m:[0m [2msui_core::authority::authority_per_epoch_store[0m[2m:[0m [2mcrates/sui-core/src/authority/authority_per_epoch_store.rs[0m[2m:[0m[2m2306:[0m received capabilities AuthorityCapabilities { authority: k#8dcff6d1.., generation: 1742889253086, supported_protocol_versions: SupportedProtocolVersions { min: ProtocolVersion(1), max: ProtocolVersion(70) }, available_system_packages: [(0x0000000000000000000000000000000000000000000000000000000000000001, SequenceNumber(1), o#96Jb9mkzfqNLYnEMpVxB5dqrKbBaj23w7iXPjTYFdrQw), (0x0000000000000000000000000000000000000000000000000000000000000002, SequenceNumber(2), o#26xJj5urud1ErPtdD9Ak2uWtBGmzeb1ixJimJbkEhqzi), (0x00000000000000000000000000000000000000000000000000000000000000c8, SequenceNumber(2), o#8mxAzFggYWTk2EcWLVbvhGohJUAeKimeRNdivg4tL1ff), (0x0000000000000000000000000000000000000000000000000000000000000003, SequenceNumber(2), o#DF5dfASe4ZDkSCbUKiNv6i44DUPQSgtpV7BoPFJxNLcu), (0x000000000000000000000000000000000000000000000000000000000000000b, SequenceNumber(2), o#8vwgz9iNeskH5LiGvDEfqFhuxwuiUVnKJBbDthPcVcK1)] }
[2m2025-03-25T07:54:14.660586Z[0m [32m INFO[0m [1mnode[0m[1m{[0m[3mname[0m[2m=[0mk#8dcff6d1..[1m}[0m[2m:[0m [2msui_core::authority::authority_per_epoch_store[0m[2m:[0m [2mcrates/sui-core/src/authority/authority_per_epoch_store.rs[0m[2m:[0m[2m2388:[0m received jwk vote from k#8dcff6d1.. for jwk (JwkId { iss: "https://oauth.sui.io", kid: "sui-key-id" }, JWK { kty: "RSA", e: "AQAB", n: "wdar6dBP7b88u6o190uXBK4yPS76OxFjiHDPwOyJwJiiAE3YRq8y_pfyQVua9nEasgrPfEBzVoC5QCld8NAC88uvbNKyoLZ6w5KlFjp88q2Sfy7nAzh3I-AnjsL6zl43NZrKep4_Nmb5nJeafcEi6B5MsYYDWW1Nn26O7ob9IWRNWcaTKhOhqDzbiN_66azN-NgaP_uHjlu1xuMV0kRt-luLSTXJS3S2n8PVNCxr3Gr2oViUpP8kSa-0i5vsg3gNtSfBY97AbChwOnyazj_PoaVD6zbEC4L5gvRZJA6vyoAWF_ZumvkwC3fxcFIBnSKMlGzS_Z-bUyQDCQy_BG9AOw", alg: "RS256" })
[2m2025-03-25T07:54:14.660613Z[0m [32m INFO[0m [1mnode[0m[1m{[0m[3mname[0m[2m=[0mk#8dcff6d1..[1m}[0m[2m:[0m [2msui_core::authority::authority_per_epoch_store[0m[2m:[0m [2mcrates/sui-core/src/authority/authority_per_epoch_store.rs[0m[2m:[0m[2m2425:[0m jwk became active [3mepoch[0m[2m=[0m0 [3mround[0m[2m=[0m3 [3mjwk[0m[2m=[0m(JwkId { iss: "https://oauth.sui.io", kid: "sui-key-id" }, JWK { kty: "RSA", e: "AQAB", n: "wdar6dBP7b88u6o190uXBK4yPS76OxFjiHDPwOyJwJiiAE3YRq8y_pfyQVua9nEasgrPfEBzVoC5QCld8NAC88uvbNKyoLZ6w5KlFjp88q2Sfy7nAzh3I-AnjsL6zl43NZrKep4_Nmb5nJeafcEi6B5MsYYDWW1Nn26O7ob9IWRNWcaTKhOhqDzbiN_66azN-NgaP_uHjlu1xuMV0kRt-luLSTXJS3S2n8PVNCxr3Gr2oViUpP8kSa-0i5vsg3gNtSfBY97AbChwOnyazj_PoaVD6zbEC4L5gvRZJA6vyoAWF_ZumvkwC3fxcFIBnSKMlGzS_Z-bUyQDCQy_BG9AOw", alg: "RS256" })
[2m2025-03-25T07:54:14.660629Z[0m [32m INFO[0m [1mnode[0m[1m{[0m[3mname[0m[2m=[0mk#8dcff6d1..[1m}[0m[2m:[0m [2msui_core::authority::authority_per_epoch_store[0m[2m:[0m [2mcrates/sui-core/src/authority/authority_per_epoch_store.rs[0m[2m:[0m[2m2388:[0m received jwk vote from k#8dcff6d1.. for jwk (JwkId { iss: "https://login.onepassport.onefc.com/de3ee5c1-5644-4113-922d-e8336569a462/v2.0/", kid: "X-yzFPFMdWtJQ1oJXiGRVnn061ezrvZz596xN3mCfyQ" }, JWK { kty: "RSA", e: "AQAB", n: "t4ZoVgvyj7jKNq-ydYvgYVn5avBR9H4BQrKy2FWlR49siiMFWhxYXtPs7o4J6hhUgo00nk9pf-7rg7XnTiI7MFp2DluhWZK41YFfyGhDpbG9EImqvmy1N8poj5fid1lAjH2CfjtDyywgV84ViQ1hA5-noOrLhjb-zMZp_yKMSEeY_Ewx70jwhXevvrANKblNUFVJPQ7EI6_La-uALNBeQfu5OgPiMPiswhoQz0bhproUc7GiRxBw-9n72z3JU3HMy9mByrDnNfaZ13_Kmp9zgZYxynv5XXWJFGVHv3GZ_cDYg6OqahmrwMhT3GYTZ8JjMzZj4gH8MCCGPxde9SotKQ", alg: "RS256" })
[2m2025-03-25T07:54:14.660645Z[0m [32m INFO[0m [1mnode[0m[1m{[0m[3mname[0m[2m=[0mk#8dcff6d1..[1m}[0m[2m:[0m [2msui_core::authority::authority_per_epoch_store[0m[2m:[0m [2mcrates/sui-core/src/authority/authority_per_epoch_store.rs[0m[2m:[0m[2m2425:[0m jwk became active [3mepoch[0m[2m=[0m0 [3mround[0m[2m=[0m3 [3mjwk[0m[2m=[0m(JwkId { iss: "https://login.onepassport.onefc.com/de3ee5c1-5644-4113-922d-e8336569a462/v2.0/", kid: "X-yzFPFMdWtJQ1oJXiGRVnn061ezrvZz596xN3mCfyQ" }, JWK { kty: "RSA", e: "AQAB", n: "t4ZoVgvyj7jKNq-ydYvgYVn5avBR9H4BQrKy2FWlR49siiMFWhxYXtPs7o4J6hhUgo00nk9pf-7rg7XnTiI7MFp2DluhWZK41YFfyGhDpbG9EImqvmy1N8poj5fid1lAjH2CfjtDyywgV84ViQ1hA5-noOrLhjb-zMZp_yKMSEeY_Ewx70jwhXevvrANKblNUFVJPQ7EI6_La-uALNBeQfu5OgPiMPiswhoQz0bhproUc7GiRxBw-9n72z3JU3HMy9mByrDnNfaZ13_Kmp9zgZYxynv5XXWJFGVHv3GZ_cDYg6OqahmrwMhT3GYTZ8JjMzZj4gH8MCCGPxde9SotKQ", alg: "RS256" })
[2m2025-03-25T07:54:14.660661Z[0m [32m INFO[0m [1mnode[0m[1m{[0m[3mname[0m[2m=[0mk#8dcff6d1..[1m}[0m[2m:[0m [2msui_core::authority::authority_per_epoch_store[0m[2m:[0m [2mcrates/sui-core/src/authority/authority_per_epoch_store.rs[0m[2m:[0m[2m2388:[0m received jwk vote from k#8dcff6d1.. for jwk (JwkId { iss: "https://slack.com", kid: "mB2MAyKSn555isd0EbdhKx6nkyAi9xLq8rvCEb_nOyY" }, JWK { kty: "RSA", e: "AQAB", n: "zQqzXfb677bpMKw0idKC5WkVLyqk04PWMsWYJDKqMUUuu_PmzdsvXBfHU7tcZiNoHDuVvGDqjqnkLPEzjXnaZY0DDDHvJKS0JI8fkxIfV1kNy3DkpQMMhgAwnftUiSXgb5clypOmotAEm59gHPYjK9JHBWoHS14NYEYZv9NVy0EkjauyYDSTz589aiKU5lA-cePG93JnqLw8A82kfTlrJ1IIJo2isyBGANr0YzR-d3b_5EvP7ivU7Ph2v5JcEUHeiLSRzIzP3PuyVFrPH659Deh-UAsDFOyJbIcimg9ITnk5_45sb_Xcd_UN6h5I7TGOAFaJN4oi4aaGD4elNi_K1Q", alg: "RS256" })
[2m2025-03-25T07:54:14.660680Z[0m [32m INFO[0m [1mnode[0m[1m{[0m[3mname[0m[2m=[0mk#8dcff6d1..[1m}[0m[2m:[0m [2msui_core::authority::authority_per_epoch_store[0m[2m:[0m [2mcrates/sui-core/src/authority/authority_per_epoch_store.rs[0m[2m:[0m[2m2388:[0m received jwk vote from k#8dcff6d1.. for jwk (JwkId { iss: "https://accounts.fantv.world", kid: "PODsfgAn4twvCLjNt9QmEEiAcCa3Z6C10LxrDxvi3bA" }, JWK { kty: "RSA", e: "AQAB", n: "z9Y8JtahOmbujGwGCe9tT24ur_AuJqNMdWPA6TXia4EDR8iQMrw_DxY3gBDrNqM9ml2NLkO3jo-OI78fl0RbuKepUCko-E2lB0If95L1xB2pWmUpqO8Pa7IilX4oO7h_o_mpUYXoC0wEocJyIjBRWtjqMkM6LhF9tk9-zcl2tcRFkiV1gcGe7FP529jQkSjMK8Ide0T30ZdlGQ7l6b0tuRoYFjoMnGQvl-14QYmSOHvHOqaVSD09KEMmQ4CllDMXZwCBfTRSkRfCTf33qSxm6aEdQcYA2mQD6tIVINuuCOelRhf-GkgfFFUkCM61PmlNm6JXLJgtUWsofaMQ4Yzpiw", alg: "RS256" })
[2m2025-03-25T07:54:14.660703Z[0m [32m INFO[0m [1mnode[0m[1m{[0m[3mname[0m[2m=[0mk#8dcff6d1..[1m}[0m[2m:[0m [2msui_core::authority::authority_per_epoch_store[0m[2m:[0m [2mcrates/sui-core/src/authority/authority_per_epoch_store.rs[0m[2m:[0m[2m2388:[0m received jwk vote from k#8dcff6d1.. for jwk (JwkId { iss: "https://cognito-idp.eu-west-3.amazonaws.com/eu-west-3_gGVCx53Es", kid: "JbFCSYl4Xp4UYEJHo7R0iwl/Xf3F5+z72stu8iH+QxY=" }, JWK { kty: "RSA", e: "AQAB", n: "o09QloKDInGEWvXK0aZr67RnfU9l0kmTOldGF8t36ExfBWNvRsTiTfn4VdetcJlIDrmxQSSP-2toXqQ7m1t4_idKNjkb7s1FsAtWy60mAfmyeMcGhegmxxxMtWJsk2hbY_oRuTPQEUDnTfnIMUL-oDmc_HmRNzYPrbCJolIWC2r2gkJ-q6jwGEujkaeoQq3wM_NTkeBO_rrCUngIUykbbczkMF8vELGewPgwqTjd9ZTTf08kUPF9IUtT-VyF0U-I1xrQrmU9opQ209I-Dk-ehxIHWN85nlLBxu0Krb9adSx_HDEOd00wNSQgPBkvCUPpVmC10UO7hHxzGSi7czrlsw", alg: "RS256" })
[2m2025-03-25T07:54:14.660721Z[0m [32m INFO[0m [1mnode[0m[1m{[0m[3mname[0m[2m=[0mk#8dcff6d1..[1m}[0m[2m:[0m [2msui_core::authority::authority_per_epoch_store[0m[2m:[0m [2mcrates/sui-core/src/authority/authority_per_epoch_store.rs[0m[2m:[0m[2m2388:[0m received jwk vote from k#8dcff6d1.. for jwk (JwkId { iss: "https://cognito-idp.eu-west-3.amazonaws.com/eu-west-3_gGVCx53Es", kid: "FIqQqeRU1EQP75fBeds+wL2yczwvbDy1NF6T/f5Oe5o=" }, JWK { kty: "RSA", e: "AQAB", n: "va55QtSTFhvqx0IL8UAPNZf6x5NO9jK88Wyct-i67grbDJZyXLSxz5oSttoIHkaJZQWgl_qsgyxDpHeSMznliS0K7rXFwaw81PwDIB_ek8uKhXmaQ6ryPAaO-8kvR46o-EYyVk9wWPDHTtN6NEbiUxGoDqOoiVCrVJLsFdoia7-MMVJnR2VokbEgGGbJkZu2MipikQvk_b7BGF__5mKvCJc6hCEJcxIUFvETKA9AOhjgxLvE9U8Ke6XRfmDLKovDAsDaZsWP6VPN0HoBi5mak9CgUqmxwnvNJFLhpjawD9E23O_l4aBcie56eFcC_knUa2VOHymBoJ0On3p03yxs7Q", alg: "RS256" })
[2m2025-03-25T07:54:14.660739Z[0m [32m INFO[0m [1mnode[0m[1m{[0m[3mname[0m[2m=[0mk#8dcff6d1..[1m}[0m[2m:[0m [2msui_core::authority::authority_per_epoch_store[0m[2m:[0m [2mcrates/sui-core/src/authority/authority_per_epoch_store.rs[0m[2m:[0m[2m2388:[0m received jwk vote from k#8dcff6d1.. for jwk (JwkId { iss: "https://appleid.apple.com", kid: "rs0M3kOV9p" }, JWK { kty: "RSA", e: "AQAB", n: "zH5so3zLsgmRypxAAYJimfF9cx3ISSyHyzjDP3yvE9ieqpnjFJhzgCP8L4oKO9vUFNpoG1ub7I3paYNY6Vb2yc4chnsjJxB3j0jomJ3iI9MlWoVecTFG2tywyx5NRhy3YfTUpw2uCLafzWrpIJIoKUCGM6iUgaIFjvfi-cGT5T_5eUSWZHN-ziH69mGcbMRGLQEixQUatwru9i4i-OSk-w-JmLOqAzRP1mVn1tcZRIoGSB2PFSSJX9SK90OX8i5sj7dpIO_2xbGMtyNJkDzGq88x1pMJ4sv6HMj-tx4QrpGDbUi7zBCgbBnNSGSB_LBv4dbswwWY96ckHgx9yf_7IQ", alg: "RS256" })
[2m2025-03-25T07:54:14.660756Z[0m [32m INFO[0m [1mnode[0m[1m{[0m[3mname[0m[2m=[0mk#8dcff6d1..[1m}[0m[2m:[0m [2msui_core::authority::authority_per_epoch_store[0m[2m:[0m [2mcrates/sui-core/src/authority/authority_per_epoch_store.rs[0m[2m:[0m[2m2388:[0m received jwk vote from k#8dcff6d1.. for jwk (JwkId { iss: "https://appleid.apple.com", kid: "dMlERBaFdK" }, JWK { kty: "RSA", e: "AQAB", n: "ryLWkB74N6SJNRVBjKF6xKMfP-QW3AAsJotv0LjVtf7m4NZNg_gTL78e7O8wmvngF8FuzBrvqf1mGW17Ct8BgNK6YXxnoGL0YLmlwXbmCZvTXki0VlEW1PDXeViWy7qXaCp2caF5v4OOdPsgroxNO_DgJRTuA_izJ4DFZYHCHXwojfdWJiDYG67j5PlD5pXKGx7zaqyryjovZTEII_Z1_bhFCRUZRjfJ3TVoK0fZj2z7iAZWjn33i-V3zExUhwzEyeuGph0118NfmOLCUEy_Jd4xvLf_X4laPpe9nq8UeORfs72yz2qH7cHDKL85W6oG08Gu05JWuAs5Ay49WxJrmw", alg: "RS256" })
[2m2025-03-25T07:54:14.660783Z[0m [32m INFO[0m [1mnode[0m[1m{[0m[3mname[0m[2m=[0mk#8dcff6d1..[1m}[0m[2m:[0m [2msui_core::authority::authority_per_epoch_store[0m[2m:[0m [2mcrates/sui-core/src/authority/authority_per_epoch_store.rs[0m[2m:[0m[2m2388:[0m received jwk vote from k#8dcff6d1.. for jwk (JwkId { iss: "https://appleid.apple.com", kid: "rBRfVmqsjn" }, JWK { kty: "RSA", e: "AQAB", n: "pPOaiF5yL-y42FaKg9PYASR5-rdTK7NEiteNUAzNp0zkta-HW-tgLNLNlsft3zcrsgOLqXxhX7qzlI3JGH-wSs7_v2XNSg57QhOTxPDqtUfy5DegtiSOgwE947OBTwCWo2R6cGZD1T8ysfO2HuKheq2hEwZU4Y-8qT19WWOhZHs4CVt7A5mzpIgWuUVw766VTyqrqKev32DOUPIqFocFz3tuty95S9t_OYnaPCcET-b6DV_eT7psPhqhl5nNUm0lzkCQ53-9kxQNJxBciy0wiBcAexD4KppKRRD3evFpOSxD1R6Kg2DIG5UnbVVqn5nhZA9RH-t50f_biqV3KlSHJQ", alg: "RS256" })
[2m2025-03-25T07:54:14.660800Z[0m [32m INFO[0m [1mnode[0m[1m{[0m[3mname[0m[2m=[0mk#8dcff6d1..[1m}[0m[2m:[0m [2msui_core::authority::authority_per_epoch_store[0m[2m:[0m [2mcrates/sui-core/src/authority/authority_per_epoch_store.rs[0m[2m:[0m[2m2388:[0m received jwk vote from k#8dcff6d1.. for jwk (JwkId { iss: "https://login.microsoftonline.com/v2.0", kid: "JDNa_4i4r7FgigL3sHIlI3xV-IU" }, JWK { kty: "RSA", e: "AQAB", n: "iQ745_U-vjkxPblaw6phBpe08fC42mpcrS4pcr15HiyZQyQV-BFcEVyLwPdsz3ulMRN7OB_UMfCcPBHqOjguejoab6hyJFVVMw_epP4a3SpQN9qaCbnqaSxgSGiqSq663g3TjsF_Wu1m9L41eNoF6Yvh5kULMd6lqjY0LPO5ZZxaQFLtIHahoJKMvYy1BTS0VYcNsXTjxkgUEL6Vc8GV5vaClbnY3VA2hLbXC1SGJWjVGdYXhkuck2tHr58u87MPEaQ33C6YfyISZKsdumF5bTCcIH75jjC3WbMVOLgWg5w0MSiHOFyI76Ihxbb0nRicEuao0WzO9AS7HJ7L24FHFQ", alg: "RS256" })
[2m2025-03-25T07:54:14.660867Z[0m [32m INFO[0m [1mnode[0m[1m{[0m[3mname[0m[2m=[0mk#8dcff6d1..[1m}[0m[2m:[0m [2msui_core::authority::authority_per_epoch_store[0m[2m:[0m [2mcrates/sui-core/src/authority/authority_per_epoch_store.rs[0m[2m:[0m[2m2388:[0m received jwk vote from k#8dcff6d1.. for jwk (JwkId { iss: "https://login.microsoftonline.com/v2.0", kid: "JYhSOsHhDZrc5kfqQg8ujkHMTNY" }, JWK { kty: "RSA", e: "AQAB", n: "xxMRcusywRId_dJR_edc-qe_M3vhXONCz7QDhjVfoqHWbt9lQCXCVIsIo9VJI1nGT1F6NkXEIBt462x2p1w2cgf4AF86dGhbTpR-k81WLR5gNjkhpPqB1PCitichVIKbHAvOyYEAaJnEyCiJqIlU_Zg5L5FzRqv_N_3-fhYvWK0pc3m1Ohyd2kNRg1Nbcp5ogt7mBjec7MErfi-N0o54vXfsK6hM2m7h0sZwVd4CxgPqnpBtm2htM9xaKpnwkYoEL3va3bPI1VGGp9QLZwMV6RAHOy_ORpz4xarG-z7lZUCLO0X1So05rn7w5edBmfblUQlPL3BljbUVB3abd9SNXw", alg: "RS256" })
[2m2025-03-25T07:54:14.660884Z[0m [32m INFO[0m [1mnode[0m[1m{[0m[3mname[0m[2m=[0mk#8dcff6d1..[1m}[0m[2m:[0m [2msui_core::authority::authority_per_epoch_store[0m[2m:[0m [2mcrates/sui-core/src/authority/authority_per_epoch_store.rs[0m[2m:[0m[2m2388:[0m received jwk vote from k#8dcff6d1.. for jwk (JwkId { iss: "https://login.microsoftonline.com/v2.0", kid: "CNv0OI3RwqlHFEVnaoMAshCH2XE" }, JWK { kty: "RSA", e: "AQAB", n: "hz6fUSCSAuiyQz6L1nQj4za8kItevJzxhVbecMigTIl9pXZSHZa3gzMgtapnb1q96CG5qvR78dH6ZvTKL8MzN4VfGgZhvLEv5LJKeo0tGgBIS65wxIiJYj9ExEDqFkw9RdhW1nN8IN9eO76PbC-fdEPtDekA2BaITY2DARISKN4Ke0RLBEWNrKeEjjOzrygS2e3Q9NVzE51ZGGQAGHau7atHy8M_qA1nnd2dMUgUMnEYIMzDBTSKz17G6itJOdanGvG3wXvdpndKffnDppaPkyWbnybdMI4IP7q6WsCqnt3Gtg-baG6GDqZQQEBp9C9gLAFv4ORTRlpD3w0gCMh7xw", alg: "RS256" })
[2m2025-03-25T07:54:14.660913Z[0m [32m INFO[0m [1mnode[0m[1m{[0m[3mname[0m[2m=[0mk#8dcff6d1..[1m}[0m[2m:[0m [2msui_core::authority::authority_per_epoch_store[0m[2m:[0m [2mcrates/sui-core/src/authority/authority_per_epoch_store.rs[0m[2m:[0m[2m2388:[0m received jwk vote from k#8dcff6d1.. for jwk (JwkId { iss: "https://login.microsoftonline.com/v2.0", kid: "-cgAvjmmQ24Ks20zIpDB4SW894w" }, JWK { kty: "RSA", e: "AQAB", n: "otM7AZjL81wdSVdrkQtt6shrQiAT8OZJeIKTeRJgrDYXKzaVXs0WFXVCjCv9GuCktF-tereotfZlcskamfuupe574o76CJy6AUtuY7wt0OKqxoSJMRuUJvA_NNkT50C_dTDHTtF7kiGBwWvHEkHeZAgT52E8bfNJswV28GsPscM9vG2ylUPyiaEIsGi0cg_JllbnfBjGhfA_lzmrB9Iw75E3f1Hnk2uAs1KcHJGSH3EwHJ5tUeo9WtLGjRAfH1kGtPjkktNaw3V8EukEzgIfILV8udpWYE79A_p5jFUnTNkQxsviNxG537JMooa1ZoYveDv_f6LCj1o7MNZQVlD3tw", alg: "RS256" })
[2m2025-03-25T07:54:14.660930Z[0m [32m INFO[0m [1mnode[0m[1m{[0m[3mname[0m[2m=[0mk#8dcff6d1..[1m}[0m[2m:[0m [2msui_core::authority::authority_per_epoch_store[0m[2m:[0m [2mcrates/sui-core/src/authority/authority_per_epoch_store.rs[0m[2m:[0m[2m2388:[0m received jwk vote from k#8dcff6d1.. for jwk (JwkId { iss: "https://login.microsoftonline.com/v2.0", kid: "dd55f7QP3HZky-ekQBDWKe7ADN0" }, JWK { kty: "RSA", e: "AQAB", n: "s950MOniBjjiB82Zx5FehPuYJKtguUAP5vpMNZ6JxYLGzn5h3FPplx0kkPEezg7dnH-sFxGwq_C7P14ja0YmHUkmozqdbg4GRS8xp9Ue0-KWs4BTTkXvMPnc3xBU6be4SmHK-c7A0E54YfokiY1KTRCaq_RRPDlVZJuc6s6rK4nRoPo0eOCj7H4b--QnKmPXiFSPNp40NC7FRfx9m7SYSltubIDzq1f4j2Qlrv90f2kT5DP81_2DGdHZ_ao7ypPX2_z_m4ycQgfAhIYhNHRai6iGtbU6NPkw38LS29bVbGycVCaBoq6_re8k_UiOM7gP9l96QDFnkMmNhpRxT7t34w", alg: "RS256" })
[2m2025-03-25T07:54:14.660947Z[0m [32m INFO[0m [1mnode[0m[1m{[0m[3mname[0m[2m=[0mk#8dcff6d1..[1m}[0m[2m:[0m [2msui_core::authority::authority_per_epoch_store[0m[2m:[0m [2mcrates/sui-core/src/authority/authority_per_epoch_store.rs[0m[2m:[0m[2m2388:[0m received jwk vote from k#8dcff6d1.. for jwk (JwkId { iss: "https://login.microsoftonline.com/v2.0", kid: "ntzdbvo449IBJV0Yy_T--gOiPI8" }, JWK { kty: "RSA", e: "AQAB", n: "uYmKqopaxMNlFJ3QUgTM6TcWvR00WVPs4sCAl5Inr5tCIWbqC1IzVt74_eGPw9OypfM4YpEfAz5czFWgRRVcRQYNwDWSAXTSh-vkqK2meW4HQp7W33NCoz_kZ6JR-xwWJZCOtQa0RNwNTVuHTL2dyJo6DUShxVPtG6c8sV4gFCEz0moHBrf5njywV0GGkQgYe98GeCL3Mv2kx4WVf0pHkSELJfW5JN6jvD_05fY_g3LKsXqXm9u1cS39K4iULFVeeoz5jBMKl5h6w3lqSeBtzmqHpw6YVxcDu_bRUd_rqZUvTaZUgS_EfpOpOicaQN--90nzp4givQYEvWtDBtan5Q", alg: "RS256" })
[2m2025-03-25T07:54:14.660984Z[0m [32m INFO[0m [1mnode[0m[1m{[0m[3mname[0m[2m=[0mk#8dcff6d1..[1m}[0m[2m:[0m [2msui_core::authority::authority_per_epoch_store[0m[2m:[0m [2mcrates/sui-core/src/authority/authority_per_epoch_store.rs[0m[2m:[0m[2m2388:[0m received jwk vote from k#8dcff6d1.. for jwk (JwkId { iss: "https://login.microsoftonline.com/v2.0", kid: "PDRf_Bs8CkDdi7av6hKLwRnNHmk" }, JWK { kty: "RSA", e: "AQAB", n: "v2R1eCh9xaZjAqn0FTf-DuDy3BFsJHc_lsv4K1Ycd1qnF5DwHC7mxnoTsA_dnI8BJvZsCAI7kkFjqKqXDSVYwRM05733_EPekLqLlb02-XLcOziMsOEMpXRrl1wFGHK5zmh2D4ZLsEId2Gdk1fcLzwjCg5iqQxi17DQFDoi0aWUKnkN62sSbiUvzd11eUl0N_beLZ0HYf53wk8r9P3reVhz9W7P8KwNBf7JyiLxmRP_yD9n3650iXi1qp8bZcAt9WmMZ2H6iHHhb7biXwvrJuf2id72VPvV6qkVu6jwUVW5yh6dIvCtPYEA7JNMWyBEXOjJbZ-3l3szj1GSV5m8eAQ", alg: "RS256" })
[2m2025-03-25T07:54:14.661001Z[0m [32m INFO[0m [1mnode[0m[1m{[0m[3mname[0m[2m=[0mk#8dcff6d1..[1m}[0m[2m:[0m [2msui_core::authority::authority_per_epoch_store[0m[2m:[0m [2mcrates/sui-core/src/authority/authority_per_epoch_store.rs[0m[2m:[0m[2m2388:[0m received jwk vote from k#8dcff6d1.. for jwk (JwkId { iss: "https://accounts.karrier.one/", kid: "E760D111C1A1296E6D1D85F7EB18DDBAA0EC2B4E" }, JWK { kty: "RSA", e: "AQAB", n: "3s6cCgr0tKeYEy_MGYDZ7ByPgI0Bv-JimxiSNOytvXb6xvcxE_jjEiEkMg6R3frYXWWuM3V4DMB3WGc8ePDACM9e3ly8jEpxA90nJ1eE94a9bF5wQGtC8_oqw2DajBt6O5ZTSKFJhMQMyzKUXmqT_m1DsUHm0uNGPulMp2CmSE8xtFLlXdxl_8on4zN_4PboPgOrl65DKcw6THTuNcasffyxVeK6_HbuEDLp-Q1v8PtvW98TO2GvOK-yNLDrpgqeh0fnnUBHR2tkMaJ3nnLNdEkVfeBQlafCvwJPRrGX83POq6SC-WAoP6IOH9BXd0DwRvqgCj2uWhtk9yEamJ7Q2Q", alg: "RS256" })
[2m2025-03-25T07:54:14.661018Z[0m [32m INFO[0m [1mnode[0m[1m{[0m[3mname[0m[2m=[0mk#8dcff6d1..[1m}[0m[2m:[0m [2msui_core::authority::authority_per_epoch_store[0m[2m:[0m [2mcrates/sui-core/src/authority/authority_per_epoch_store.rs[0m[2m:[0m[2m2388:[0m received jwk vote from k#8dcff6d1.. for jwk (JwkId { iss: "https://accounts.karrier.one/", kid: "B65FDCAA152E04ADE817314CF6A06F4ECABF4CFB" }, JWK { kty: "RSA", e: "AQAB", n: "ra5LGXik2tB6apOePLdwT0ID-Kevzoyy_qcvHhvGJbrY_0PVaT3yM2t_UyvNlh60QYmtIxmGE1vTfbD6moDg0y1WLZ2tMfJ56YT23LYW-quzHHpw3pcAi8EVCFiU7pB4XHHBv-0F_eS7qGQr4Y38QyWKEzg6kv4X_xpMxEpVYmRVgYu8rGXqwCHIFq1Dc3v9Op83hO2q-geeidXjosydxgb6LdOpc27Q_0gzDM2vTaI0k8fqauVGilcYw3OxeqL5jVrdSeyaq4meHrquLdGCbI_KQiS08GJ9BZ4QchfTK70lzKasCsTcW5jd2Ci7DYoPvY-FrR8zPaxHj9jjTkAW3Q", alg: "RS256" })
[2m2025-03-25T07:54:14.661035Z[0m [32m INFO[0m [1mnode[0m[1m{[0m[3mname[0m[2m=[0mk#8dcff6d1..[1m}[0m[2m:[0m [2msui_core::authority::authority_per_epoch_store[0m[2m:[0m [2mcrates/sui-core/src/authority/authority_per_epoch_store.rs[0m[2m:[0m[2m2388:[0m received jwk vote from k#8dcff6d1.. for jwk (JwkId { iss: "https://cognito-idp.us-east-1.amazonaws.com/us-east-1_qPsZxYqd8", kid: "VHA/vY1d2h7X33DpZ6ZBDRfnCS/OIgiV7toCdxyEUDY=" }, JWK { kty: "RSA", e: "AQAB", n: "7nb7CxiOI5bgf80jk1WOwi6Fmo9EJzIugpl-gZehOgL4cVAmvp1ChVZMwxTRM62hIQ6Ab6k0vmLBq_jZFx6MeU4c1xTipIohOEK_5HjbesM9OuduHkujN6J7Az4ON4TyHtJOXs3-xdVbjWQwP5L2O_N334ZIb9n-hRxGRhKaQLciSNEt3TQ2ookJaa1q9UinlA0jJyIMLJXmpSdvUP_0QizT88wrenRs3PccgKBQgvtQx569yvL6YnzaRSa8pL7saNy2KqevDHkIvRfqEckduoFQTyiL5OTz6canJYaklw-OImrO1eQF2Z_TsamXKKdk9-k9WFwYx4ftDTdacDflaw", alg: "RS256" })
[2m2025-03-25T07:54:14.661062Z[0m [32m INFO[0m [1mnode[0m[1m{[0m[3mname[0m[2m=[0mk#8dcff6d1..[1m}[0m[2m:[0m [2msui_core::authority::authority_per_epoch_store[0m[2m:[0m [2mcrates/sui-core/src/authority/authority_per_epoch_store.rs[0m[2m:[0m[2m2388:[0m received jwk vote from k#8dcff6d1.. for jwk (JwkId { iss: "https://cognito-idp.us-east-1.amazonaws.com/us-east-1_qPsZxYqd8", kid: "lGbuLXh42ChSJwrMUEBO2npnvMzdAHqOj6DNZieDuVA=" }, JWK { kty: "RSA", e: "AQAB", n: "2e3M6UZo5G1r3eYi1h_dqng0lhNHE6bwSrnEmTMygjDaejpcjWKY9ICFtcz-lP_HEx_q67HsaM7QUIGpTEtAXqQHyxbMAcPlUwKSD8y_mZJlDDM4kI7KJQLW4M-904gDvih5FbnJc-QNkH1Z7vHwDpLOam53x8QQj7rjoXBzH0q0JVlv5PU5ZEoqCc2PIJCtxzZApXzMt0lnqw8DB55P4_czdplVkd80UhPAz1gM3ysTIQi2eblMvkUp98orOlpsp434g6mnrdgYFLOleuuwNraRTJRi0r9Dn9ToILY7Arywi5jS8M496CXJUFAB9UKXKrTa9pazlnRMiFBochRRZw", alg: "RS256" })
[2m2025-03-25T07:54:14.661090Z[0m [32m INFO[0m [1mnode[0m[1m{[0m[3mname[0m[2m=[0mk#8dcff6d1..[1m}[0m[2m:[0m [2msui_core::authority::authority_per_epoch_store[0m[2m:[0m [2mcrates/sui-core/src/authority/authority_per_epoch_store.rs[0m[2m:[0m[2m2388:[0m received jwk vote from k#99f25ef6.. for jwk (JwkId { iss: "https://login.onepassport.onefc.com/de3ee5c1-5644-4113-922d-e8336569a462/v2.0/", kid: "X-yzFPFMdWtJQ1oJXiGRVnn061ezrvZz596xN3mCfyQ" }, JWK { kty: "RSA", e: "AQAB", n: "t4ZoVgvyj7jKNq-ydYvgYVn5avBR9H4BQrKy2FWlR49siiMFWhxYXtPs7o4J6hhUgo00nk9pf-7rg7XnTiI7MFp2DluhWZK41YFfyGhDpbG9EImqvmy1N8poj5fid1lAjH2CfjtDyywgV84ViQ1hA5-noOrLhjb-zMZp_yKMSEeY_Ewx70jwhXevvrANKblNUFVJPQ7EI6_La-uALNBeQfu5OgPiMPiswhoQz0bhproUc7GiRxBw-9n72z3JU3HMy9mByrDnNfaZ13_Kmp9zgZYxynv5XXWJFGVHv3GZ_cDYg6OqahmrwMhT3GYTZ8JjMzZj4gH8MCCGPxde9SotKQ", alg: "RS256" })
[2m2025-03-25T07:54:14.661108Z[0m [32m INFO[0m [1mnode[0m[1m{[0m[3mname[0m[2m=[0mk#8dcff6d1..[1m}[0m[2m:[0m [2msui_core::authority::authority_per_epoch_store[0m[2m:[0m [2mcrates/sui-core/src/authority/authority_per_epoch_store.rs[0m[2m:[0m[2m2388:[0m received jwk vote from k#99f25ef6.. for jwk (JwkId { iss: "https://oauth.sui.io", kid: "sui-key-id" }, JWK { kty: "RSA", e: "AQAB", n: "wdar6dBP7b88u6o190uXBK4yPS76OxFjiHDPwOyJwJiiAE3YRq8y_pfyQVua9nEasgrPfEBzVoC5QCld8NAC88uvbNKyoLZ6w5KlFjp88q2Sfy7nAzh3I-AnjsL6zl43NZrKep4_Nmb5nJeafcEi6B5MsYYDWW1Nn26O7ob9IWRNWcaTKhOhqDzbiN_66azN-NgaP_uHjlu1xuMV0kRt-luLSTXJS3S2n8PVNCxr3Gr2oViUpP8kSa-0i5vsg3gNtSfBY97AbChwOnyazj_PoaVD6zbEC4L5gvRZJA6vyoAWF_ZumvkwC3fxcFIBnSKMlGzS_Z-bUyQDCQy_BG9AOw", alg: "RS256" })
[2m2025-03-25T07:54:14.661126Z[0m [32m INFO[0m [1mnode[0m[1m{[0m[3mname[0m[2m=[0mk#8dcff6d1..[1m}[0m[2m:[0m [2msui_core::authority::authority_per_epoch_store[0m[2m:[0m [2mcrates/sui-core/src/authority/authority_per_epoch_store.rs[0m[2m:[0m[2m2388:[0m received jwk vote from k#99f25ef6.. for jwk (JwkId { iss: "https://slack.com", kid: "mB2MAyKSn555isd0EbdhKx6nkyAi9xLq8rvCEb_nOyY" }, JWK { kty: "RSA", e: "AQAB", n: "zQqzXfb677bpMKw0idKC5WkVLyqk04PWMsWYJDKqMUUuu_PmzdsvXBfHU7tcZiNoHDuVvGDqjqnkLPEzjXnaZY0DDDHvJKS0JI8fkxIfV1kNy3DkpQMMhgAwnftUiSXgb5clypOmotAEm59gHPYjK9JHBWoHS14NYEYZv9NVy0EkjauyYDSTz589aiKU5lA-cePG93JnqLw8A82kfTlrJ1IIJo2isyBGANr0YzR-d3b_5EvP7ivU7Ph2v5JcEUHeiLSRzIzP3PuyVFrPH659Deh-UAsDFOyJbIcimg9ITnk5_45sb_Xcd_UN6h5I7TGOAFaJN4oi4aaGD4elNi_K1Q", alg: "RS256" })
[2m2025-03-25T07:54:14.661143Z[0m [32m INFO[0m [1mnode[0m[1m{[0m[3mname[0m[2m=[0mk#8dcff6d1..[1m}[0m[2m:[0m [2msui_core::authority::authority_per_epoch_store[0m[2m:[0m [2mcrates/sui-core/src/authority/authority_per_epoch_store.rs[0m[2m:[0m[2m2388:[0m received jwk vote from k#99f25ef6.. for jwk (JwkId { iss: "https://cognito-idp.eu-west-3.amazonaws.com/eu-west-3_gGVCx53Es", kid: "JbFCSYl4Xp4UYEJHo7R0iwl/Xf3F5+z72stu8iH+QxY=" }, JWK { kty: "RSA", e: "AQAB", n: "o09QloKDInGEWvXK0aZr67RnfU9l0kmTOldGF8t36ExfBWNvRsTiTfn4VdetcJlIDrmxQSSP-2toXqQ7m1t4_idKNjkb7s1FsAtWy60mAfmyeMcGhegmxxxMtWJsk2hbY_oRuTPQEUDnTfnIMUL-oDmc_HmRNzYPrbCJolIWC2r2gkJ-q6jwGEujkaeoQq3wM_NTkeBO_rrCUngIUykbbczkMF8vELGewPgwqTjd9ZTTf08kUPF9IUtT-VyF0U-I1xrQrmU9opQ209I-Dk-ehxIHWN85nlLBxu0Krb9adSx_HDEOd00wNSQgPBkvCUPpVmC10UO7hHxzGSi7czrlsw", alg: "RS256" })
[2m2025-03-25T07:54:14.661161Z[0m [32m INFO[0m [1mnode[0m[1m{[0m[3mname[0m[2m=[0mk#8dcff6d1..[1m}[0m[2m:[0m [2msui_core::authority::authority_per_epoch_store[0m[2m:[0m [2mcrates/sui-core/src/authority/authority_per_epoch_store.rs[0m[2m:[0m[2m2388:[0m received jwk vote from k#99f25ef6.. for jwk (JwkId { iss: "https://cognito-idp.eu-west-3.amazonaws.com/eu-west-3_gGVCx53Es", kid: "FIqQqeRU1EQP75fBeds+wL2yczwvbDy1NF6T/f5Oe5o=" }, JWK { kty: "RSA", e: "AQAB", n: "va55QtSTFhvqx0IL8UAPNZf6x5NO9jK88Wyct-i67grbDJZyXLSxz5oSttoIHkaJZQWgl_qsgyxDpHeSMznliS0K7rXFwaw81PwDIB_ek8uKhXmaQ6ryPAaO-8kvR46o-EYyVk9wWPDHTtN6NEbiUxGoDqOoiVCrVJLsFdoia7-MMVJnR2VokbEgGGbJkZu2MipikQvk_b7BGF__5mKvCJc6hCEJcxIUFvETKA9AOhjgxLvE9U8Ke6XRfmDLKovDAsDaZsWP6VPN0HoBi5mak9CgUqmxwnvNJFLhpjawD9E23O_l4aBcie56eFcC_knUa2VOHymBoJ0On3p03yxs7Q", alg: "RS256" })
[2m2025-03-25T07:54:14.661179Z[0m [32m INFO[0m [1mnode[0m[1m{[0m[3mname[0m[2m=[0mk#8dcff6d1..[1m}[0m[2m:[0m [2msui_core::authority::authority_per_epoch_store[0m[2m:[0m [2mcrates/sui-core/src/authority/authority_per_epoch_store.rs[0m[2m:[0m[2m2388:[0m received jwk vote from k#99f25ef6.. for jwk (JwkId { iss: "https://appleid.apple.com", kid: "rs0M3kOV9p" }, JWK { kty: "RSA", e: "AQAB", n: "zH5so3zLsgmRypxAAYJimfF9cx3ISSyHyzjDP3yvE9ieqpnjFJhzgCP8L4oKO9vUFNpoG1ub7I3paYNY6Vb2yc4chnsjJxB3j0jomJ3iI9MlWoVecTFG2tywyx5NRhy3YfTUpw2uCLafzWrpIJIoKUCGM6iUgaIFjvfi-cGT5T_5eUSWZHN-ziH69mGcbMRGLQEixQUatwru9i4i-OSk-w-JmLOqAzRP1mVn1tcZRIoGSB2PFSSJX9SK90OX8i5sj7dpIO_2xbGMtyNJkDzGq88x1pMJ4sv6HMj-tx4QrpGDbUi7zBCgbBnNSGSB_LBv4dbswwWY96ckHgx9yf_7IQ", alg: "RS256" })
[2m2025-03-25T07:54:14.661198Z[0m [32m INFO[0m [1mnode[0m[1m{[0m[3mname[0m[2m=[0mk#8dcff6d1..[1m}[0m[2m:[0m [2msui_core::authority::authority_per_epoch_store[0m[2m:[0m [2mcrates/sui-core/src/authority/authority_per_epoch_store.rs[0m[2m:[0m[2m2388:[0m received jwk vote from k#99f25ef6.. for jwk (JwkId { iss: "https://appleid.apple.com", kid: "dMlERBaFdK" }, JWK { kty: "RSA", e: "AQAB", n: "ryLWkB74N6SJNRVBjKF6xKMfP-QW3AAsJotv0LjVtf7m4NZNg_gTL78e7O8wmvngF8FuzBrvqf1mGW17Ct8BgNK6YXxnoGL0YLmlwXbmCZvTXki0VlEW1PDXeViWy7qXaCp2caF5v4OOdPsgroxNO_DgJRTuA_izJ4DFZYHCHXwojfdWJiDYG67j5PlD5pXKGx7zaqyryjovZTEII_Z1_bhFCRUZRjfJ3TVoK0fZj2z7iAZWjn33i-V3zExUhwzEyeuGph0118NfmOLCUEy_Jd4xvLf_X4laPpe9nq8UeORfs72yz2qH7cHDKL85W6oG08Gu05JWuAs5Ay49WxJrmw", alg: "RS256" })
[2m2025-03-25T07:54:14.661215Z[0m [32m INFO[0m [1mnode[0m[1m{[0m[3mname[0m[2m=[0mk#8dcff6d1..[1m}[0m[2m:[0m [2msui_core::authority::authority_per_epoch_store[0m[2m:[0m [2mcrates/sui-core/src/authority/authority_per_epoch_store.rs[0m[2m:[0m[2m2388:[0m received jwk vote from k#99f25ef6.. for jwk (JwkId { iss: "https://appleid.apple.com", kid: "rBRfVmqsjn" }, JWK { kty: "RSA", e: "AQAB", n: "pPOaiF5yL-y42FaKg9PYASR5-rdTK7NEiteNUAzNp0zkta-HW-tgLNLNlsft3zcrsgOLqXxhX7qzlI3JGH-wSs7_v2XNSg57QhOTxPDqtUfy5DegtiSOgwE947OBTwCWo2R6cGZD1T8ysfO2HuKheq2hEwZU4Y-8qT19WWOhZHs4CVt7A5mzpIgWuUVw766VTyqrqKev32DOUPIqFocFz3tuty95S9t_OYnaPCcET-b6DV_eT7psPhqhl5nNUm0lzkCQ53-9kxQNJxBciy0wiBcAexD4KppKRRD3evFpOSxD1R6Kg2DIG5UnbVVqn5nhZA9RH-t50f_biqV3KlSHJQ", alg: "RS256" })
[2m2025-03-25T07:54:14.661232Z[0m [32m INFO[0m [1mnode[0m[1m{[0m[3mname[0m[2m=[0mk#8dcff6d1..[1m}[0m[2m:[0m [2msui_core::authority::authority_per_epoch_store[0m[2m:[0m [2mcrates/sui-core/src/authority/authority_per_epoch_store.rs[0m[2m:[0m[2m2388:[0m received jwk vote from k#99f25ef6.. for jwk (JwkId { iss: "https://accounts.fantv.world", kid: "PODsfgAn4twvCLjNt9QmEEiAcCa3Z6C10LxrDxvi3bA" }, JWK { kty: "RSA", e: "AQAB", n: "z9Y8JtahOmbujGwGCe9tT24ur_AuJqNMdWPA6TXia4EDR8iQMrw_DxY3gBDrNqM9ml2NLkO3jo-OI78fl0RbuKepUCko-E2lB0If95L1xB2pWmUpqO8Pa7IilX4oO7h_o_mpUYXoC0wEocJyIjBRWtjqMkM6LhF9tk9-zcl2tcRFkiV1gcGe7FP529jQkSjMK8Ide0T30ZdlGQ7l6b0tuRoYFjoMnGQvl-14QYmSOHvHOqaVSD09KEMmQ4CllDMXZwCBfTRSkRfCTf33qSxm6aEdQcYA2mQD6tIVINuuCOelRhf-GkgfFFUkCM61PmlNm6JXLJgtUWsofaMQ4Yzpiw", alg: "RS256" })
[2m2025-03-25T07:54:14.661250Z[0m [32m INFO[0m [1mnode[0m[1m{[0m[3mname[0m[2m=[0mk#8dcff6d1..[1m}[0m[2m:[0m [2msui_core::authority::authority_per_epoch_store[0m[2m:[0m [2mcrates/sui-core/src/authority/authority_per_epoch_store.rs[0m[2m:[0m[2m2388:[0m received jwk vote from k#99f25ef6.. for jwk (JwkId { iss: "https://login.microsoftonline.com/v2.0", kid: "JDNa_4i4r7FgigL3sHIlI3xV-IU" }, JWK { kty: "RSA", e: "AQAB", n: "iQ745_U-vjkxPblaw6phBpe08fC42mpcrS4pcr15HiyZQyQV-BFcEVyLwPdsz3ulMRN7OB_UMfCcPBHqOjguejoab6hyJFVVMw_epP4a3SpQN9qaCbnqaSxgSGiqSq663g3TjsF_Wu1m9L41eNoF6Yvh5kULMd6lqjY0LPO5ZZxaQFLtIHahoJKMvYy1BTS0VYcNsXTjxkgUEL6Vc8GV5vaClbnY3VA2hLbXC1SGJWjVGdYXhkuck2tHr58u87MPEaQ33C6YfyISZKsdumF5bTCcIH75jjC3WbMVOLgWg5w0MSiHOFyI76Ihxbb0nRicEuao0WzO9AS7HJ7L24FHFQ", alg: "RS256" })
[2m2025-03-25T07:54:14.661268Z[0m [32m INFO[0m [1mnode[0m[1m{[0m[3mname[0m[2m=[0mk#8dcff6d1..[1m}[0m[2m:[0m [2msui_core::authority::authority_per_epoch_store[0m[2m:[0m [2mcrates/sui-core/src/authority/authority_per_epoch_store.rs[0m[2m:[0m[2m2388:[0m received jwk vote from k#99f25ef6.. for jwk (JwkId { iss: "https://login.microsoftonline.com/v2.0", kid: "JYhSOsHhDZrc5kfqQg8ujkHMTNY" }, JWK { kty: "RSA", e: "AQAB", n: "xxMRcusywRId_dJR_edc-qe_M3vhXONCz7QDhjVfoqHWbt9lQCXCVIsIo9VJI1nGT1F6NkXEIBt462x2p1w2cgf4AF86dGhbTpR-k81WLR5gNjkhpPqB1PCitichVIKbHAvOyYEAaJnEyCiJqIlU_Zg5L5FzRqv_N_3-fhYvWK0pc3m1Ohyd2kNRg1Nbcp5ogt7mBjec7MErfi-N0o54vXfsK6hM2m7h0sZwVd4CxgPqnpBtm2htM9xaKpnwkYoEL3va3bPI1VGGp9QLZwMV6RAHOy_ORpz4xarG-z7lZUCLO0X1So05rn7w5edBmfblUQlPL3BljbUVB3abd9SNXw", alg: "RS256" })
[2m2025-03-25T07:54:14.661285Z[0m [32m INFO[0m [1mnode[0m[1m{[0m[3mname[0m[2m=[0mk#8dcff6d1..[1m}[0m[2m:[0m [2msui_core::authority::authority_per_epoch_store[0m[2m:[0m [2mcrates/sui-core/src/authority/authority_per_epoch_store.rs[0m[2m:[0m[2m2388:[0m received jwk vote from k#99f25ef6.. for jwk (JwkId { iss: "https://login.microsoftonline.com/v2.0", kid: "CNv0OI3RwqlHFEVnaoMAshCH2XE" }, JWK { kty: "RSA", e: "AQAB", n: "hz6fUSCSAuiyQz6L1nQj4za8kItevJzxhVbecMigTIl9pXZSHZa3gzMgtapnb1q96CG5qvR78dH6ZvTKL8MzN4VfGgZhvLEv5LJKeo0tGgBIS65wxIiJYj9ExEDqFkw9RdhW1nN8IN9eO76PbC-fdEPtDekA2BaITY2DARISKN4Ke0RLBEWNrKeEjjOzrygS2e3Q9NVzE51ZGGQAGHau7atHy8M_qA1nnd2dMUgUMnEYIMzDBTSKz17G6itJOdanGvG3wXvdpndKffnDppaPkyWbnybdMI4IP7q6WsCqnt3Gtg-baG6GDqZQQEBp9C9gLAFv4ORTRlpD3w0gCMh7xw", alg: "RS256" })
[2m2025-03-25T07:54:14.661303Z[0m [32m INFO[0m [1mnode[0m[1m{[0m[3mname[0m[2m=[0mk#8dcff6d1..[1m}[0m[2m:[0m [2msui_core::authority::authority_per_epoch_store[0m[2m:[0m [2mcrates/sui-core/src/authority/authority_per_epoch_store.rs[0m[2m:[0m[2m2388:[0m received jwk vote from k#99f25ef6.. for jwk (JwkId { iss: "https://login.microsoftonline.com/v2.0", kid: "PoVKeirIOvmTyLQ9G9BenBwos7k" }, JWK { kty: "RSA", e: "AQAB", n: "ruYyUq1ElSb8QCCt0XWWRSFpUq0JkyfEvvlCa4fPDi0GZbSGgJg3qYa0co2RsBIYHczXkc71kHVpktySAgYK1KMK264e-s7Vymeq-ypHEDpRsaWric_kKEIvKZzRsyUBUWf0CUhtuUvAbDTuaFnQ4g5lfoa7u3vtsv1za5Gmn6DUPirrL_-xqijP9IsHGUKaTmB4M_qnAu6vUHCpXZnN0YTJDoK7XrVJFaKj8RrTdJB89GFJeTFHA2OX472ToyLdCDn5UatYwmht62nXGlH7_G1kW1YMpeSSwzpnMEzUUk7A8UXrvFTHXEpfXhsv0LA59dm9Hi1mIXaOe1w-icA_rQ", alg: "RS256" })
[2m2025-03-25T07:54:14.661320Z[0m [32m INFO[0m [1mnode[0m[1m{[0m[3mname[0m[2m=[0mk#8dcff6d1..[1m}[0m[2m:[0m [2msui_core::authority::authority_per_epoch_store[0m[2m:[0m [2mcrates/sui-core/src/authority/authority_per_epoch_store.rs[0m[2m:[0m[2m2388:[0m received jwk vote from k#99f25ef6.. for jwk (JwkId { iss: "https://login.microsoftonline.com/v2.0", kid: "-cgAvjmmQ24Ks20zIpDB4SW894w" }, JWK { kty: "RSA", e: "AQAB", n: "otM7AZjL81wdSVdrkQtt6shrQiAT8OZJeIKTeRJgrDYXKzaVXs0WFXVCjCv9GuCktF-tereotfZlcskamfuupe574o76CJy6AUtuY7wt0OKqxoSJMRuUJvA_NNkT50C_dTDHTtF7kiGBwWvHEkHeZAgT52E8bfNJswV28GsPscM9vG2ylUPyiaEIsGi0cg_JllbnfBjGhfA_lzmrB9Iw75E3f1Hnk2uAs1KcHJGSH3EwHJ5tUeo9WtLGjRAfH1kGtPjkktNaw3V8EukEzgIfILV8udpWYE79A_p5jFUnTNkQxsviNxG537JMooa1ZoYveDv_f6LCj1o7MNZQVlD3tw", alg: "RS256" })
[2m2025-03-25T07:54:14.661338Z[0m [32m INFO[0m [1mnode[0m[1m{[0m[3mname[0m[2m=[0mk#8dcff6d1..[1m}[0m[2m:[0m [2msui_core::authority::authority_per_epoch_store[0m[2m:[0m [2mcrates/sui-core/src/authority/authority_per_epoch_store.rs[0m[2m:[0m[2m2388:[0m received jwk vote from k#99f25ef6.. for jwk (JwkId { iss: "https://login.microsoftonline.com/v2.0", kid: "dd55f7QP3HZky-ekQBDWKe7ADN0" }, JWK { kty: "RSA", e: "AQAB", n: "s950MOniBjjiB82Zx5FehPuYJKtguUAP5vpMNZ6JxYLGzn5h3FPplx0kkPEezg7dnH-sFxGwq_C7P14ja0YmHUkmozqdbg4GRS8xp9Ue0-KWs4BTTkXvMPnc3xBU6be4SmHK-c7A0E54YfokiY1KTRCaq_RRPDlVZJuc6s6rK4nRoPo0eOCj7H4b--QnKmPXiFSPNp40NC7FRfx9m7SYSltubIDzq1f4j2Qlrv90f2kT5DP81_2DGdHZ_ao7ypPX2_z_m4ycQgfAhIYhNHRai6iGtbU6NPkw38LS29bVbGycVCaBoq6_re8k_UiOM7gP9l96QDFnkMmNhpRxT7t34w", alg: "RS256" })
[2m2025-03-25T07:54:14.661355Z[0m [32m INFO[0m [1mnode[0m[1m{[0m[3mname[0m[2m=[0mk#8dcff6d1..[1m}[0m[2m:[0m [2msui_core::authority::authority_per_epoch_store[0m[2m:[0m [2mcrates/sui-core/src/authority/authority_per_epoch_store.rs[0m[2m:[0m[2m2388:[0m received jwk vote from k#99f25ef6.. for jwk (JwkId { iss: "https://login.microsoftonline.com/v2.0", kid: "ntzdbvo449IBJV0Yy_T--gOiPI8" }, JWK { kty: "RSA", e: "AQAB", n: "uYmKqopaxMNlFJ3QUgTM6TcWvR00WVPs4sCAl5Inr5tCIWbqC1IzVt74_eGPw9OypfM4YpEfAz5czFWgRRVcRQYNwDWSAXTSh-vkqK2meW4HQp7W33NCoz_kZ6JR-xwWJZCOtQa0RNwNTVuHTL2dyJo6DUShxVPtG6c8sV4gFCEz0moHBrf5njywV0GGkQgYe98GeCL3Mv2kx4WVf0pHkSELJfW5JN6jvD_05fY_g3LKsXqXm9u1cS39K4iULFVeeoz5jBMKl5h6w3lqSeBtzmqHpw6YVxcDu_bRUd_rqZUvTaZUgS_EfpOpOicaQN--90nzp4givQYEvWtDBtan5Q", alg: "RS256" })
[2m2025-03-25T07:54:14.661373Z[0m [32m INFO[0m [1mnode[0m[1m{[0m[3mname[0m[2m=[0mk#8dcff6d1..[1m}[0m[2m:[0m [2msui_core::authority::authority_per_epoch_store[0m[2m:[0m [2mcrates/sui-core/src/authority/authority_per_epoch_store.rs[0m[2m:[0m[2m2388:[0m received jwk vote from k#99f25ef6.. for jwk (JwkId { iss: "https://login.microsoftonline.com/v2.0", kid: "PDRf_Bs8CkDdi7av6hKLwRnNHmk" }, JWK { kty: "RSA", e: "AQAB", n: "v2R1eCh9xaZjAqn0FTf-DuDy3BFsJHc_lsv4K1Ycd1qnF5DwHC7mxnoTsA_dnI8BJvZsCAI7kkFjqKqXDSVYwRM05733_EPekLqLlb02-XLcOziMsOEMpXRrl1wFGHK5zmh2D4ZLsEId2Gdk1fcLzwjCg5iqQxi17DQFDoi0aWUKnkN62sSbiUvzd11eUl0N_beLZ0HYf53wk8r9P3reVhz9W7P8KwNBf7JyiLxmRP_yD9n3650iXi1qp8bZcAt9WmMZ2H6iHHhb7biXwvrJuf2id72VPvV6qkVu6jwUVW5yh6dIvCtPYEA7JNMWyBEXOjJbZ-3l3szj1GSV5m8eAQ", alg: "RS256" })
[2m2025-03-25T07:54:14.661391Z[0m [32m INFO[0m [1mnode[0m[1m{[0m[3mname[0m[2m=[0mk#8dcff6d1..[1m}[0m[2m:[0m [2msui_core::authority::authority_per_epoch_store[0m[2m:[0m [2mcrates/sui-core/src/authority/authority_per_epoch_store.rs[0m[2m:[0m[2m2388:[0m received jwk vote from k#99f25ef6.. for jwk (JwkId { iss: "https://cognito-idp.us-east-1.amazonaws.com/us-east-1_qPsZxYqd8", kid: "VHA/vY1d2h7X33DpZ6ZBDRfnCS/OIgiV7toCdxyEUDY=" }, JWK { kty: "RSA", e: "AQAB", n: "7nb7CxiOI5bgf80jk1WOwi6Fmo9EJzIugpl-gZehOgL4cVAmvp1ChVZMwxTRM62hIQ6Ab6k0vmLBq_jZFx6MeU4c1xTipIohOEK_5HjbesM9OuduHkujN6J7Az4ON4TyHtJOXs3-xdVbjWQwP5L2O_N334ZIb9n-hRxGRhKaQLciSNEt3TQ2ookJaa1q9UinlA0jJyIMLJXmpSdvUP_0QizT88wrenRs3PccgKBQgvtQx569yvL6YnzaRSa8pL7saNy2KqevDHkIvRfqEckduoFQTyiL5OTz6canJYaklw-OImrO1eQF2Z_TsamXKKdk9-k9WFwYx4ftDTdacDflaw", alg: "RS256" })
[2m2025-03-25T07:54:14.661409Z[0m [32m INFO[0m [1mnode[0m[1m{[0m[3mname[0m[2m=[0mk#8dcff6d1..[1m}[0m[2m:[0m [2msui_core::authority::authority_per_epoch_store[0m[2m:[0m [2mcrates/sui-core/src/authority/authority_per_epoch_store.rs[0m[2m:[0m[2m2388:[0m received jwk vote from k#99f25ef6.. for jwk (JwkId { iss: "https://cognito-idp.us-east-1.amazonaws.com/us-east-1_qPsZxYqd8", kid: "lGbuLXh42ChSJwrMUEBO2npnvMzdAHqOj6DNZieDuVA=" }, JWK { kty: "RSA", e: "AQAB", n: "2e3M6UZo5G1r3eYi1h_dqng0lhNHE6bwSrnEmTMygjDaejpcjWKY9ICFtcz-lP_HEx_q67HsaM7QUIGpTEtAXqQHyxbMAcPlUwKSD8y_mZJlDDM4kI7KJQLW4M-904gDvih5FbnJc-QNkH1Z7vHwDpLOam53x8QQj7rjoXBzH0q0JVlv5PU5ZEoqCc2PIJCtxzZApXzMt0lnqw8DB55P4_czdplVkd80UhPAz1gM3ysTIQi2eblMvkUp98orOlpsp434g6mnrdgYFLOleuuwNraRTJRi0r9Dn9ToILY7Arywi5jS8M496CXJUFAB9UKXKrTa9pazlnRMiFBochRRZw", alg: "RS256" })
[2m2025-03-25T07:54:14.661427Z[0m [32m INFO[0m [1mnode[0m[1m{[0m[3mname[0m[2m=[0mk#8dcff6d1..[1m}[0m[2m:[0m [2msui_core::authority::authority_per_epoch_store[0m[2m:[0m [2mcrates/sui-core/src/authority/authority_per_epoch_store.rs[0m[2m:[0m[2m2388:[0m received jwk vote from k#8dcff6d1.. for jwk (JwkId { iss: "https://oauth2.playtron.one", kid: "1fd66a18-7afd-4086-ba57-a8ca9b398406" }, JWK { kty: "RSA", e: "AQAB", n: "7XHinRSS9un2BdWsLhFOdi5N-17HMRYf4odQE4KqiPqRrp8TDE9bDekg8ERCW7Hqkgp44U07BUJwCiL5ss_9rIgV6Wy_lOwF_npGqMstZYemnZYNvpaD4ZEneoRmo94qNkYg5szBhVlvaF-IXlwB4GEQdDLJZOLafgPYL4XK2eD49Q7PU7jkNKy91k98UeK3fH9iv0L6W5nJNU1SzCR75gRcWyKSySg9RCTQyWFak8VhWW1YxwIQebvGgTsr6jYgxvcmRsSLeMhEhoIhOOkC1zQK51kBB-ZS7o2KttDHr1dn08LeHJkxSZ2guLdT_V2ISDiKxjXgVBlSvvweLgEHs7cehNU-D65uQpTxULPJW7xeITDl8rCCxbr8p8rcq-I19EV5Uj4n7RswaNDZ2YO87Yx12KzZVrO_0Tra6CvsNJ7hdI_Ykg7yMLs-dj7eKgOF5Nx1Q7Bnp1OyRKIXfUkyZkh8mjfiMt-npf1WPAgF1Iwx5H-ww1rTuFR6yyZRtEHyVxudg9XFar6cKizi75uKVGaV74GMGI2tPGL0zh_jCh8QSk68HltKdfLP8xDvHBB_crklWlr9iYuFjHzLI9KWvICvQWMtQikHE3iaf492I9SMqR0OIwSeg5TzzerVX17qkCeVbdxOK9jKeP5k2sW6mETUdrJCmlRwGN-EG_VIOrE", alg: "RS256" })
[2m2025-03-25T07:54:14.661446Z[0m [32m INFO[0m [1mnode[0m[1m{[0m[3mname[0m[2m=[0mk#8dcff6d1..[1m}[0m[2m:[0m [2msui_core::authority::authority_per_epoch_store[0m[2m:[0m [2mcrates/sui-core/src/authority/authority_per_epoch_store.rs[0m[2m:[0m[2m2388:[0m received jwk vote from k#8dcff6d1.. for jwk (JwkId { iss: "https://oauth2.playtron.one", kid: "7388b63c-ba03-4fe3-85e3-6717f91d55b1" }, JWK { kty: "RSA", e: "AQAB", n: "scvmHIfIZk5ZU7_k6snu98s5rPKBDws804qpNEPyy7fkmzxDbcN-qWQJrDgNU-pvr5WvIPyu2hfFrNtBiiE3IZqqGRm2rJb8LoKz6mtxiLyRT8EQS8D8U6uiR8mkvbw-vgJ1h3l2gHDXPGN-03_DXrL8r2xDiuxdezxjiCI80r7bmpZg9i8PWtL1BQU43nM4MNDXi9Wo5ppSojFxTe8L75ZOnFeLBVxPJG9YBGhFnATIoUei7ohbw5_t9buiIfXTQ3ZwCvG3WAGFDsOIdl3PapA1T7oTlsfQp0wQa0EDeleFBu81ytNlidJNQcXz3F9OmwYbHJ4bPMYcz-x2ATLK5w", alg: "RS256" })
[2m2025-03-25T07:54:14.661463Z[0m [32m INFO[0m [1mnode[0m[1m{[0m[3mname[0m[2m=[0mk#8dcff6d1..[1m}[0m[2m:[0m [2msui_core::authority::authority_per_epoch_store[0m[2m:[0m [2mcrates/sui-core/src/authority/authority_per_epoch_store.rs[0m[2m:[0m[2m2388:[0m received jwk vote from k#8dcff6d1.. for jwk (JwkId { iss: "https://oauth2.playtron.one", kid: "e55421cb-cdbd-4791-a590-ad8ca798aa89" }, JWK { kty: "RSA", e: "AQAB", n: "vy8-EHvWmVHH5xi3BBvfalX9i6OuP9mz2wz1E72eMTf1ZHVbZ66O-vWlr2F2SNSyB_PURIb1KIqUcvpn6GW_vgs4EhflMJnmeZ0Fot4V6YsEOIzob7jkooeFNZ7dTDDHahtMyBd7pcJCv1afdQSTVZQeO0lm0swOm2whkw6hV7R2fBG3zLJsBUqe9oEwMa9cJ768KFfxFoEAUk3SQZ74JmkgOEKBSf26EcPcxAZTreSDAdh5-MI4oD1aawHfb5nl1CQxhRf4YcCp_MVoerKKX1-it0NkDn5xJsuN_Z3Dv5354j6OZVBZpDjN7ZwcQfLEnjwI8G4Zr9y2SC3g_fH1G-MIhe0LPDWF4egqMaIwkIDW0sMqPAnE_nSFN8Ag3KJ_iT6P2PAGJbna882IIczb5q9VXkB0RJlL4BwNHSE2q867EZBNGFTPrDJzHtM7sZ468Y4taMv0CyFdPlb0alFRsS_T658tdkt1lxrl_dzE0ixPBw99X5Rwz0XLv4yNs4BQ6RgHVZT5fGGRzXovlDx9F2ea0EleNn47KAFDs0wNjIl1oryar0pJMlb-pDPuVcGMt0XYNh5gOLty5LdAl_7PqwFsQc7QMWIGqjnSnzeGYvN7kknpfYl0SfJDQNNSJDI2b2oGUWw-K6-kCgQxxlEKbhztegiVmRGuqcDfvNqrpqc", alg: "RS256" })
[2m2025-03-25T07:54:14.661483Z[0m [32m INFO[0m [1mnode[0m[1m{[0m[3mname[0m[2m=[0mk#8dcff6d1..[1m}[0m[2m:[0m [2msui_core::authority::authority_per_epoch_store[0m[2m:[0m [2mcrates/sui-core/src/authority/authority_per_epoch_store.rs[0m[2m:[0m[2m2388:[0m received jwk vote from k#8dcff6d1.. for jwk (JwkId { iss: "https://accounts.credenza3.com", kid: "JG6oZkIBqQdkpnCnD479zFXgMA5_I7i-aHAV0MRwvDs" }, JWK { kty: "RSA", e: "AQAB", n: "wgMHXL3avVaf-jrwvVw5bhpROsF7CnY7vzovJW4fNp_dY0abqvMga2C7fzdKNp4AFxQmXkoX_-vF7wbDRLXXmjdJ-x4YdKIA_JxsZqZKCG_k5-7UZFmHb1F3oy67uYh_xRv_H8yPSJ9TKJrAiWIBG9EFvZNy8y2pHXFDNSxTo4NzcUs_-TNhiuxWatpnduoCXWJf6I813Lxn8G9Z7Tql5fUgofW5GIygxS8zUiUZaYkLPL3_aNIFal58OzUturgiTcYrQp5WPkG56AL_Y6KNhxABjopC7WTXCeFXGXCIgb-JQpPARDaL7WL3w_w5-vR3Ra2WeQ3sddtoLtB0X234DQ", alg: "RS256" })
[2m2025-03-25T07:54:14.661499Z[0m [32m INFO[0m [1mnode[0m[1m{[0m[3mname[0m[2m=[0mk#8dcff6d1..[1m}[0m[2m:[0m [2msui_core::authority::authority_per_epoch_store[0m[2m:[0m [2mcrates/sui-core/src/authority/authority_per_epoch_store.rs[0m[2m:[0m[2m2388:[0m received jwk vote from k#8dcff6d1.. for jwk (JwkId { iss: "https://accounts.credenza3.com", kid: "nArTrOCdn42U6zyzuZmxBIGAuYQaNyuHwUkAycsQTw8" }, JWK { kty: "RSA", e: "AQAB", n: "mb4kA1QddMUulk6AMeRekV0YEPX-x-eSx7BjbAy1qkPsGjnpwjUmGzk9jBptlCLgc1HT_qELTfpr_w5xqFcy-1ayAlg87gw86Z0IRN9ROTTE04LiHMIwH9Y8H06C_9I0H29WCMqFGlBJH9n0hYu6nPpgVkV6E-9wze10-jzi5JLqiM0tB8Ihniy2ZHGgiwG1CM--xHKkaXcFLF3d8bGlALGp1CgtiHdWeMyQ5SBzL6lmhMcnzzse0VlAIq1m94Fath217OcQcEw-VrJlyGJ8gAyi-N3O9VZAl2dykNgji9tcC1ws5IMbGyWSv5OpeHfUDN97iOcTJ4noBF7EwvIwpQ", alg: "RS256" })
[2m2025-03-25T07:54:14.664544Z[0m [32m INFO[0m [1mnode[0m[1m{[0m[3mname[0m[2m=[0mk#addeef94..[1m}[0m[2m:[0m [2mconsensus_core::core[0m[2m:[0m [2mconsensus/core/src/core.rs[0m[2m:[0m[2m630:[0m Committing 1 leaders: B3(A,5LC0)
[2m2025-03-25T07:54:14.664641Z[0m [32m INFO[0m [1mnode[0m[1m{[0m[3mname[0m[2m=[0mk#addeef94..[1m}[0m[2m:[0m [2mconsensus_core::commit_observer[0m[2m:[0m [2mconsensus/core/src/commit_observer.rs[0m[2m:[0m[2m173:[0m Consensus commit C3(4+vU) with leader B3(A,5LC0) has 3 blocks
[2m2025-03-25T07:54:14.664718Z[0m [32m INFO[0m [1mnode[0m[1m{[0m[3mname[0m[2m=[0mk#addeef94..[1m}[0m[2m:[0m [2msui_core::consensus_handler[0m[2m:[0m [2mcrates/sui-core/src/consensus_handler.rs[0m[2m:[0m[2m232:[0m Received consensus output [3mconsensus_commit[0m[2m=[0mCommittedSubDag(leader=B3(A,5LC0), ref=C3(4+vU), blocks=[z816, rVsD, 5LC0]) [3mepoch[0m[2m=[0m0
[2m2025-03-25T07:54:14.665333Z[0m [32m INFO[0m [1mnode[0m[1m{[0m[3mname[0m[2m=[0mk#99f25ef6..[1m}[0m[2m:[0m [2msui_core::checkpoints::checkpoint_output[0m[2m:[0m [2mcrates/sui-core/src/checkpoints/checkpoint_output.rs[0m[2m:[0m[2m196:[0m Certified checkpoint with sequence 1 and digest HiMiM9tzX8L6v5dNe3qUzQVqpjK9E8dCZSzA1SeL4JgM
[2m2025-03-25T07:54:14.666003Z[0m [32m INFO[0m [1mnode[0m[1m{[0m[3mname[0m[2m=[0mk#99f25ef6..[1m}[0m[2m:[0m [2msui_core::checkpoints::checkpoint_executor[0m[2m:[0m [2mcrates/sui-core/src/checkpoints/checkpoint_executor/mod.rs[0m[2m:[0m[2m332:[0m Received checkpoint summary from state sync [3msequence_number[0m[2m=[0m1
[2m2025-03-25T07:54:14.667150Z[0m [32m INFO[0m [1mnode[0m[1m{[0m[3mname[0m[2m=[0mk#99f25ef6..[1m}[0m[2m:[0m [2msui_core::state_accumulator[0m[2m:[0m [2mcrates/sui-core/src/state_accumulator.rs[0m[2m:[0m[2m675:[0m accumulating running root for checkpoint 1
[2m2025-03-25T07:54:14.688605Z[0m [32m INFO[0m [1mnode[0m[1m{[0m[3mname[0m[2m=[0mk#8dcff6d1..[1m}[0m[2m:[0m [2msui_core::checkpoints[0m[2m:[0m [2mcrates/sui-core/src/checkpoints/mod.rs[0m[2m:[0m[2m1326:[0m Creating checkpoint(s) for 1 transactions [3mnext_checkpoint_seq[0m[2m=[0m3 [3mcheckpoint_timestamp[0m[2m=[0m1742889254168
[2m2025-03-25T07:54:14.688810Z[0m [32m INFO[0m [1mnode[0m[1m{[0m[3mname[0m[2m=[0mk#8dcff6d1..[1m}[0m[2m:[0m [2msui_core::checkpoints::checkpoint_output[0m[2m:[0m [2mcrates/sui-core/src/checkpoints/checkpoint_output.rs[0m[2m:[0m[2m149:[0m Creating checkpoint CheckpointDigest(6zmH1K6shzZjeziFUQPiQkXXhKmE7co5gCqVd1XPjCEm) at epoch 0, sequence 3, previous digest Some(CheckpointDigest(G3WHopVux3RiXnXA2Vg8ZhwVvQbWA4nbZx1sp1Tx1DS)), transactions count 1, content digest CheckpointContentsDigest(F72WReAS34hMx7oVvmXecSX2sBBbA88DwEYbwGcJch7w), end_of_epoch_data None
[2m2025-03-25T07:54:14.691382Z[0m [32m INFO[0m [1mnode[0m[1m{[0m[3mname[0m[2m=[0mk#8dcff6d1..[1m}[0m[2m:[0m [2msui_core::checkpoints::checkpoint_executor[0m[2m:[0m [2mcrates/sui-core/src/checkpoints/checkpoint_executor/mod.rs[0m[2m:[0m[2m332:[0m Received checkpoint summary from state sync [3msequence_number[0m[2m=[0m1
[2m2025-03-25T07:54:14.692291Z[0m [32m INFO[0m [1mnode[0m[1m{[0m[3mname[0m[2m=[0mk#8dcff6d1..[1m}[0m[2m:[0m [2msui_core::state_accumulator[0m[2m:[0m [2mcrates/sui-core/src/state_accumulator.rs[0m[2m:[0m[2m675:[0m accumulating running root for checkpoint 1
[2m2025-03-25T07:54:14.706087Z[0m [32m INFO[0m [1mnode[0m[1m{[0m[3mname[0m[2m=[0mk#addeef94..[1m}[0m[2m:[0m [2msui_core::authority::authority_per_epoch_store[0m[2m:[0m [2mcrates/sui-core/src/authority/authority_per_epoch_store.rs[0m[2m:[0m[2m2306:[0m received capabilities AuthorityCapabilities { authority: k#8dcff6d1.., generation: 1742889253086, supported_protocol_versions: SupportedProtocolVersions { min: ProtocolVersion(1), max: ProtocolVersion(70) }, available_system_packages: [(0x0000000000000000000000000000000000000000000000000000000000000001, SequenceNumber(1), o#96Jb9mkzfqNLYnEMpVxB5dqrKbBaj23w7iXPjTYFdrQw), (0x0000000000000000000000000000000000000000000000000000000000000002, SequenceNumber(2), o#26xJj5urud1ErPtdD9Ak2uWtBGmzeb1ixJimJbkEhqzi), (0x00000000000000000000000000000000000000000000000000000000000000c8, SequenceNumber(2), o#8mxAzFggYWTk2EcWLVbvhGohJUAeKimeRNdivg4tL1ff), (0x0000000000000000000000000000000000000000000000000000000000000003, SequenceNumber(2), o#DF5dfASe4ZDkSCbUKiNv6i44DUPQSgtpV7BoPFJxNLcu), (0x000000000000000000000000000000000000000000000000000000000000000b, SequenceNumber(2), o#8vwgz9iNeskH5LiGvDEfqFhuxwuiUVnKJBbDthPcVcK1)] }
[2m2025-03-25T07:54:14.706199Z[0m [32m INFO[0m [1mnode[0m[1m{[0m[3mname[0m[2m=[0mk#addeef94..[1m}[0m[2m:[0m [2msui_core::authority::authority_per_epoch_store[0m[2m:[0m [2mcrates/sui-core/src/authority/authority_per_epoch_store.rs[0m[2m:[0m[2m2388:[0m received jwk vote from k#8dcff6d1.. for jwk (JwkId { iss: "https://oauth.sui.io", kid: "sui-key-id" }, JWK { kty: "RSA", e: "AQAB", n: "wdar6dBP7b88u6o190uXBK4yPS76OxFjiHDPwOyJwJiiAE3YRq8y_pfyQVua9nEasgrPfEBzVoC5QCld8NAC88uvbNKyoLZ6w5KlFjp88q2Sfy7nAzh3I-AnjsL6zl43NZrKep4_Nmb5nJeafcEi6B5MsYYDWW1Nn26O7ob9IWRNWcaTKhOhqDzbiN_66azN-NgaP_uHjlu1xuMV0kRt-luLSTXJS3S2n8PVNCxr3Gr2oViUpP8kSa-0i5vsg3gNtSfBY97AbChwOnyazj_PoaVD6zbEC4L5gvRZJA6vyoAWF_ZumvkwC3fxcFIBnSKMlGzS_Z-bUyQDCQy_BG9AOw", alg: "RS256" })
[2m2025-03-25T07:54:14.706225Z[0m [32m INFO[0m [1mnode[0m[1m{[0m[3mname[0m[2m=[0mk#addeef94..[1m}[0m[2m:[0m [2msui_core::authority::authority_per_epoch_store[0m[2m:[0m [2mcrates/sui-core/src/authority/authority_per_epoch_store.rs[0m[2m:[0m[2m2425:[0m jwk became active [3mepoch[0m[2m=[0m0 [3mround[0m[2m=[0m3 [3mjwk[0m[2m=[0m(JwkId { iss: "https://oauth.sui.io", kid: "sui-key-id" }, JWK { kty: "RSA", e: "AQAB", n: "wdar6dBP7b88u6o190uXBK4yPS76OxFjiHDPwOyJwJiiAE3YRq8y_pfyQVua9nEasgrPfEBzVoC5QCld8NAC88uvbNKyoLZ6w5KlFjp88q2Sfy7nAzh3I-AnjsL6zl43NZrKep4_Nmb5nJeafcEi6B5MsYYDWW1Nn26O7ob9IWRNWcaTKhOhqDzbiN_66azN-NgaP_uHjlu1xuMV0kRt-luLSTXJS3S2n8PVNCxr3Gr2oViUpP8kSa-0i5vsg3gNtSfBY97AbChwOnyazj_PoaVD6zbEC4L5gvRZJA6vyoAWF_ZumvkwC3fxcFIBnSKMlGzS_Z-bUyQDCQy_BG9AOw", alg: "RS256" })
[2m2025-03-25T07:54:14.706242Z[0m [32m INFO[0m [1mnode[0m[1m{[0m[3mname[0m[2m=[0mk#addeef94..[1m}[0m[2m:[0m [2msui_core::authority::authority_per_epoch_store[0m[2m:[0m [2mcrates/sui-core/src/authority/authority_per_epoch_store.rs[0m[2m:[0m[2m2388:[0m received jwk vote from k#8dcff6d1.. for jwk (JwkId { iss: "https://login.onepassport.onefc.com/de3ee5c1-5644-4113-922d-e8336569a462/v2.0/", kid: "X-yzFPFMdWtJQ1oJXiGRVnn061ezrvZz596xN3mCfyQ" }, JWK { kty: "RSA", e: "AQAB", n: "t4ZoVgvyj7jKNq-ydYvgYVn5avBR9H4BQrKy2FWlR49siiMFWhxYXtPs7o4J6hhUgo00nk9pf-7rg7XnTiI7MFp2DluhWZK41YFfyGhDpbG9EImqvmy1N8poj5fid1lAjH2CfjtDyywgV84ViQ1hA5-noOrLhjb-zMZp_yKMSEeY_Ewx70jwhXevvrANKblNUFVJPQ7EI6_La-uALNBeQfu5OgPiMPiswhoQz0bhproUc7GiRxBw-9n72z3JU3HMy9mByrDnNfaZ13_Kmp9zgZYxynv5XXWJFGVHv3GZ_cDYg6OqahmrwMhT3GYTZ8JjMzZj4gH8MCCGPxde9SotKQ", alg: "RS256" })
[2m2025-03-25T07:54:14.706259Z[0m [32m INFO[0m [1mnode[0m[1m{[0m[3mname[0m[2m=[0mk#addeef94..[1m}[0m[2m:[0m [2msui_core::authority::authority_per_epoch_store[0m[2m:[0m [2mcrates/sui-core/src/authority/authority_per_epoch_store.rs[0m[2m:[0m[2m2425:[0m jwk became active [3mepoch[0m[2m=[0m0 [3mround[0m[2m=[0m3 [3mjwk[0m[2m=[0m(JwkId { iss: "https://login.onepassport.onefc.com/de3ee5c1-5644-4113-922d-e8336569a462/v2.0/", kid: "X-yzFPFMdWtJQ1oJXiGRVnn061ezrvZz596xN3mCfyQ" }, JWK { kty: "RSA", e: "AQAB", n: "t4ZoVgvyj7jKNq-ydYvgYVn5avBR9H4BQrKy2FWlR49siiMFWhxYXtPs7o4J6hhUgo00nk9pf-7rg7XnTiI7MFp2DluhWZK41YFfyGhDpbG9EImqvmy1N8poj5fid1lAjH2CfjtDyywgV84ViQ1hA5-noOrLhjb-zMZp_yKMSEeY_Ewx70jwhXevvrANKblNUFVJPQ7EI6_La-uALNBeQfu5OgPiMPiswhoQz0bhproUc7GiRxBw-9n72z3JU3HMy9mByrDnNfaZ13_Kmp9zgZYxynv5XXWJFGVHv3GZ_cDYg6OqahmrwMhT3GYTZ8JjMzZj4gH8MCCGPxde9SotKQ", alg: "RS256" })
[2m2025-03-25T07:54:14.706275Z[0m [32m INFO[0m [1mnode[0m[1m{[0m[3mname[0m[2m=[0mk#addeef94..[1m}[0m[2m:[0m [2msui_core::authority::authority_per_epoch_store[0m[2m:[0m [2mcrates/sui-core/src/authority/authority_per_epoch_store.rs[0m[2m:[0m[2m2388:[0m received jwk vote from k#8dcff6d1.. for jwk (JwkId { iss: "https://slack.com", kid: "mB2MAyKSn555isd0EbdhKx6nkyAi9xLq8rvCEb_nOyY" }, JWK { kty: "RSA", e: "AQAB", n: "zQqzXfb677bpMKw0idKC5WkVLyqk04PWMsWYJDKqMUUuu_PmzdsvXBfHU7tcZiNoHDuVvGDqjqnkLPEzjXnaZY0DDDHvJKS0JI8fkxIfV1kNy3DkpQMMhgAwnftUiSXgb5clypOmotAEm59gHPYjK9JHBWoHS14NYEYZv9NVy0EkjauyYDSTz589aiKU5lA-cePG93JnqLw8A82kfTlrJ1IIJo2isyBGANr0YzR-d3b_5EvP7ivU7Ph2v5JcEUHeiLSRzIzP3PuyVFrPH659Deh-UAsDFOyJbIcimg9ITnk5_45sb_Xcd_UN6h5I7TGOAFaJN4oi4aaGD4elNi_K1Q", alg: "RS256" })
[2m2025-03-25T07:54:14.706295Z[0m [32m INFO[0m [1mnode[0m[1m{[0m[3mname[0m[2m=[0mk#addeef94..[1m}[0m[2m:[0m [2msui_core::authority::authority_per_epoch_store[0m[2m:[0m [2mcrates/sui-core/src/authority/authority_per_epoch_store.rs[0m[2m:[0m[2m2388:[0m received jwk vote from k#8dcff6d1.. for jwk (JwkId { iss: "https://accounts.fantv.world", kid: "PODsfgAn4twvCLjNt9QmEEiAcCa3Z6C10LxrDxvi3bA" }, JWK { kty: "RSA", e: "AQAB", n: "z9Y8JtahOmbujGwGCe9tT24ur_AuJqNMdWPA6TXia4EDR8iQMrw_DxY3gBDrNqM9ml2NLkO3jo-OI78fl0RbuKepUCko-E2lB0If95L1xB2pWmUpqO8Pa7IilX4oO7h_o_mpUYXoC0wEocJyIjBRWtjqMkM6LhF9tk9-zcl2tcRFkiV1gcGe7FP529jQkSjMK8Ide0T30ZdlGQ7l6b0tuRoYFjoMnGQvl-14QYmSOHvHOqaVSD09KEMmQ4CllDMXZwCBfTRSkRfCTf33qSxm6aEdQcYA2mQD6tIVINuuCOelRhf-GkgfFFUkCM61PmlNm6JXLJgtUWsofaMQ4Yzpiw", alg: "RS256" })
[2m2025-03-25T07:54:14.706320Z[0m [32m INFO[0m [1mnode[0m[1m{[0m[3mname[0m[2m=[0mk#addeef94..[1m}[0m[2m:[0m [2msui_core::authority::authority_per_epoch_store[0m[2m:[0m [2mcrates/sui-core/src/authority/authority_per_epoch_store.rs[0m[2m:[0m[2m2388:[0m received jwk vote from k#8dcff6d1.. for jwk (JwkId { iss: "https://cognito-idp.eu-west-3.amazonaws.com/eu-west-3_gGVCx53Es", kid: "JbFCSYl4Xp4UYEJHo7R0iwl/Xf3F5+z72stu8iH+QxY=" }, JWK { kty: "RSA", e: "AQAB", n: "o09QloKDInGEWvXK0aZr67RnfU9l0kmTOldGF8t36ExfBWNvRsTiTfn4VdetcJlIDrmxQSSP-2toXqQ7m1t4_idKNjkb7s1FsAtWy60mAfmyeMcGhegmxxxMtWJsk2hbY_oRuTPQEUDnTfnIMUL-oDmc_HmRNzYPrbCJolIWC2r2gkJ-q6jwGEujkaeoQq3wM_NTkeBO_rrCUngIUykbbczkMF8vELGewPgwqTjd9ZTTf08kUPF9IUtT-VyF0U-I1xrQrmU9opQ209I-Dk-ehxIHWN85nlLBxu0Krb9adSx_HDEOd00wNSQgPBkvCUPpVmC10UO7hHxzGSi7czrlsw", alg: "RS256" })
[2m2025-03-25T07:54:14.706338Z[0m [32m INFO[0m [1mnode[0m[1m{[0m[3mname[0m[2m=[0mk#addeef94..[1m}[0m[2m:[0m [2msui_core::authority::authority_per_epoch_store[0m[2m:[0m [2mcrates/sui-core/src/authority/authority_per_epoch_store.rs[0m[2m:[0m[2m2388:[0m received jwk vote from k#8dcff6d1.. for jwk (JwkId { iss: "https://cognito-idp.eu-west-3.amazonaws.com/eu-west-3_gGVCx53Es", kid: "FIqQqeRU1EQP75fBeds+wL2yczwvbDy1NF6T/f5Oe5o=" }, JWK { kty: "RSA", e: "AQAB", n: "va55QtSTFhvqx0IL8UAPNZf6x5NO9jK88Wyct-i67grbDJZyXLSxz5oSttoIHkaJZQWgl_qsgyxDpHeSMznliS0K7rXFwaw81PwDIB_ek8uKhXmaQ6ryPAaO-8kvR46o-EYyVk9wWPDHTtN6NEbiUxGoDqOoiVCrVJLsFdoia7-MMVJnR2VokbEgGGbJkZu2MipikQvk_b7BGF__5mKvCJc6hCEJcxIUFvETKA9AOhjgxLvE9U8Ke6XRfmDLKovDAsDaZsWP6VPN0HoBi5mak9CgUqmxwnvNJFLhpjawD9E23O_l4aBcie56eFcC_knUa2VOHymBoJ0On3p03yxs7Q", alg: "RS256" })
[2m2025-03-25T07:54:14.706357Z[0m [32m INFO[0m [1mnode[0m[1m{[0m[3mname[0m[2m=[0mk#addeef94..[1m}[0m[2m:[0m [2msui_core::authority::authority_per_epoch_store[0m[2m:[0m [2mcrates/sui-core/src/authority/authority_per_epoch_store.rs[0m[2m:[0m[2m2388:[0m received jwk vote from k#8dcff6d1.. for jwk (JwkId { iss: "https://appleid.apple.com", kid: "rs0M3kOV9p" }, JWK { kty: "RSA", e: "AQAB", n: "zH5so3zLsgmRypxAAYJimfF9cx3ISSyHyzjDP3yvE9ieqpnjFJhzgCP8L4oKO9vUFNpoG1ub7I3paYNY6Vb2yc4chnsjJxB3j0jomJ3iI9MlWoVecTFG2tywyx5NRhy3YfTUpw2uCLafzWrpIJIoKUCGM6iUgaIFjvfi-cGT5T_5eUSWZHN-ziH69mGcbMRGLQEixQUatwru9i4i-OSk-w-JmLOqAzRP1mVn1tcZRIoGSB2PFSSJX9SK90OX8i5sj7dpIO_2xbGMtyNJkDzGq88x1pMJ4sv6HMj-tx4QrpGDbUi7zBCgbBnNSGSB_LBv4dbswwWY96ckHgx9yf_7IQ", alg: "RS256" })
[2m2025-03-25T07:54:14.706376Z[0m [32m INFO[0m [1mnode[0m[1m{[0m[3mname[0m[2m=[0mk#addeef94..[1m}[0m[2m:[0m [2msui_core::authority::authority_per_epoch_store[0m[2m:[0m [2mcrates/sui-core/src/authority/authority_per_epoch_store.rs[0m[2m:[0m[2m2388:[0m received jwk vote from k#8dcff6d1.. for jwk (JwkId { iss: "https://appleid.apple.com", kid: "dMlERBaFdK" }, JWK { kty: "RSA", e: "AQAB", n: "ryLWkB74N6SJNRVBjKF6xKMfP-QW3AAsJotv0LjVtf7m4NZNg_gTL78e7O8wmvngF8FuzBrvqf1mGW17Ct8BgNK6YXxnoGL0YLmlwXbmCZvTXki0VlEW1PDXeViWy7qXaCp2caF5v4OOdPsgroxNO_DgJRTuA_izJ4DFZYHCHXwojfdWJiDYG67j5PlD5pXKGx7zaqyryjovZTEII_Z1_bhFCRUZRjfJ3TVoK0fZj2z7iAZWjn33i-V3zExUhwzEyeuGph0118NfmOLCUEy_Jd4xvLf_X4laPpe9nq8UeORfs72yz2qH7cHDKL85W6oG08Gu05JWuAs5Ay49WxJrmw", alg: "RS256" })
[2m2025-03-25T07:54:14.706404Z[0m [32m INFO[0m [1mnode[0m[1m{[0m[3mname[0m[2m=[0mk#addeef94..[1m}[0m[2m:[0m [2msui_core::authority::authority_per_epoch_store[0m[2m:[0m [2mcrates/sui-core/src/authority/authority_per_epoch_store.rs[0m[2m:[0m[2m2388:[0m received jwk vote from k#8dcff6d1.. for jwk (JwkId { iss: "https://appleid.apple.com", kid: "rBRfVmqsjn" }, JWK { kty: "RSA", e: "AQAB", n: "pPOaiF5yL-y42FaKg9PYASR5-rdTK7NEiteNUAzNp0zkta-HW-tgLNLNlsft3zcrsgOLqXxhX7qzlI3JGH-wSs7_v2XNSg57QhOTxPDqtUfy5DegtiSOgwE947OBTwCWo2R6cGZD1T8ysfO2HuKheq2hEwZU4Y-8qT19WWOhZHs4CVt7A5mzpIgWuUVw766VTyqrqKev32DOUPIqFocFz3tuty95S9t_OYnaPCcET-b6DV_eT7psPhqhl5nNUm0lzkCQ53-9kxQNJxBciy0wiBcAexD4KppKRRD3evFpOSxD1R6Kg2DIG5UnbVVqn5nhZA9RH-t50f_biqV3KlSHJQ", alg: "RS256" })
[2m2025-03-25T07:54:14.706422Z[0m [32m INFO[0m [1mnode[0m[1m{[0m[3mname[0m[2m=[0mk#addeef94..[1m}[0m[2m:[0m [2msui_core::authority::authority_per_epoch_store[0m[2m:[0m [2mcrates/sui-core/src/authority/authority_per_epoch_store.rs[0m[2m:[0m[2m2388:[0m received jwk vote from k#8dcff6d1.. for jwk (JwkId { iss: "https://login.microsoftonline.com/v2.0", kid: "JDNa_4i4r7FgigL3sHIlI3xV-IU" }, JWK { kty: "RSA", e: "AQAB", n: "iQ745_U-vjkxPblaw6phBpe08fC42mpcrS4pcr15HiyZQyQV-BFcEVyLwPdsz3ulMRN7OB_UMfCcPBHqOjguejoab6hyJFVVMw_epP4a3SpQN9qaCbnqaSxgSGiqSq663g3TjsF_Wu1m9L41eNoF6Yvh5kULMd6lqjY0LPO5ZZxaQFLtIHahoJKMvYy1BTS0VYcNsXTjxkgUEL6Vc8GV5vaClbnY3VA2hLbXC1SGJWjVGdYXhkuck2tHr58u87MPEaQ33C6YfyISZKsdumF5bTCcIH75jjC3WbMVOLgWg5w0MSiHOFyI76Ihxbb0nRicEuao0WzO9AS7HJ7L24FHFQ", alg: "RS256" })
[2m2025-03-25T07:54:14.706443Z[0m [32m INFO[0m [1mnode[0m[1m{[0m[3mname[0m[2m=[0mk#addeef94..[1m}[0m[2m:[0m [2msui_core::authority::authority_per_epoch_store[0m[2m:[0m [2mcrates/sui-core/src/authority/authority_per_epoch_store.rs[0m[2m:[0m[2m2388:[0m received jwk vote from k#8dcff6d1.. for jwk (JwkId { iss: "https://login.microsoftonline.com/v2.0", kid: "JYhSOsHhDZrc5kfqQg8ujkHMTNY" }, JWK { kty: "RSA", e: "AQAB", n: "xxMRcusywRId_dJR_edc-qe_M3vhXONCz7QDhjVfoqHWbt9lQCXCVIsIo9VJI1nGT1F6NkXEIBt462x2p1w2cgf4AF86dGhbTpR-k81WLR5gNjkhpPqB1PCitichVIKbHAvOyYEAaJnEyCiJqIlU_Zg5L5FzRqv_N_3-fhYvWK0pc3m1Ohyd2kNRg1Nbcp5ogt7mBjec7MErfi-N0o54vXfsK6hM2m7h0sZwVd4CxgPqnpBtm2htM9xaKpnwkYoEL3va3bPI1VGGp9QLZwMV6RAHOy_ORpz4xarG-z7lZUCLO0X1So05rn7w5edBmfblUQlPL3BljbUVB3abd9SNXw", alg: "RS256" })
[2m2025-03-25T07:54:14.706462Z[0m [32m INFO[0m [1mnode[0m[1m{[0m[3mname[0m[2m=[0mk#addeef94..[1m}[0m[2m:[0m [2msui_core::authority::authority_per_epoch_store[0m[2m:[0m [2mcrates/sui-core/src/authority/authority_per_epoch_store.rs[0m[2m:[0m[2m2388:[0m received jwk vote from k#8dcff6d1.. for jwk (JwkId { iss: "https://login.microsoftonline.com/v2.0", kid: "CNv0OI3RwqlHFEVnaoMAshCH2XE" }, JWK { kty: "RSA", e: "AQAB", n: "hz6fUSCSAuiyQz6L1nQj4za8kItevJzxhVbecMigTIl9pXZSHZa3gzMgtapnb1q96CG5qvR78dH6ZvTKL8MzN4VfGgZhvLEv5LJKeo0tGgBIS65wxIiJYj9ExEDqFkw9RdhW1nN8IN9eO76PbC-fdEPtDekA2BaITY2DARISKN4Ke0RLBEWNrKeEjjOzrygS2e3Q9NVzE51ZGGQAGHau7atHy8M_qA1nnd2dMUgUMnEYIMzDBTSKz17G6itJOdanGvG3wXvdpndKffnDppaPkyWbnybdMI4IP7q6WsCqnt3Gtg-baG6GDqZQQEBp9C9gLAFv4ORTRlpD3w0gCMh7xw", alg: "RS256" })
[2m2025-03-25T07:54:14.706483Z[0m [32m INFO[0m [1mnode[0m[1m{[0m[3mname[0m[2m=[0mk#addeef94..[1m}[0m[2m:[0m [2msui_core::authority::authority_per_epoch_store[0m[2m:[0m [2mcrates/sui-core/src/authority/authority_per_epoch_store.rs[0m[2m:[0m[2m2388:[0m received jwk vote from k#8dcff6d1.. for jwk (JwkId { iss: "https://login.microsoftonline.com/v2.0", kid: "-cgAvjmmQ24Ks20zIpDB4SW894w" }, JWK { kty: "RSA", e: "AQAB", n: "otM7AZjL81wdSVdrkQtt6shrQiAT8OZJeIKTeRJgrDYXKzaVXs0WFXVCjCv9GuCktF-tereotfZlcskamfuupe574o76CJy6AUtuY7wt0OKqxoSJMRuUJvA_NNkT50C_dTDHTtF7kiGBwWvHEkHeZAgT52E8bfNJswV28GsPscM9vG2ylUPyiaEIsGi0cg_JllbnfBjGhfA_lzmrB9Iw75E3f1Hnk2uAs1KcHJGSH3EwHJ5tUeo9WtLGjRAfH1kGtPjkktNaw3V8EukEzgIfILV8udpWYE79A_p5jFUnTNkQxsviNxG537JMooa1ZoYveDv_f6LCj1o7MNZQVlD3tw", alg: "RS256" })
[2m2025-03-25T07:54:14.706501Z[0m [32m INFO[0m [1mnode[0m[1m{[0m[3mname[0m[2m=[0mk#addeef94..[1m}[0m[2m:[0m [2msui_core::authority::authority_per_epoch_store[0m[2m:[0m [2mcrates/sui-core/src/authority/authority_per_epoch_store.rs[0m[2m:[0m[2m2388:[0m received jwk vote from k#8dcff6d1.. for jwk (JwkId { iss: "https://login.microsoftonline.com/v2.0", kid: "dd55f7QP3HZky-ekQBDWKe7ADN0" }, JWK { kty: "RSA", e: "AQAB", n: "s950MOniBjjiB82Zx5FehPuYJKtguUAP5vpMNZ6JxYLGzn5h3FPplx0kkPEezg7dnH-sFxGwq_C7P14ja0YmHUkmozqdbg4GRS8xp9Ue0-KWs4BTTkXvMPnc3xBU6be4SmHK-c7A0E54YfokiY1KTRCaq_RRPDlVZJuc6s6rK4nRoPo0eOCj7H4b--QnKmPXiFSPNp40NC7FRfx9m7SYSltubIDzq1f4j2Qlrv90f2kT5DP81_2DGdHZ_ao7ypPX2_z_m4ycQgfAhIYhNHRai6iGtbU6NPkw38LS29bVbGycVCaBoq6_re8k_UiOM7gP9l96QDFnkMmNhpRxT7t34w", alg: "RS256" })
[2m2025-03-25T07:54:14.706519Z[0m [32m INFO[0m [1mnode[0m[1m{[0m[3mname[0m[2m=[0mk#addeef94..[1m}[0m[2m:[0m [2msui_core::authority::authority_per_epoch_store[0m[2m:[0m [2mcrates/sui-core/src/authority/authority_per_epoch_store.rs[0m[2m:[0m[2m2388:[0m received jwk vote from k#8dcff6d1.. for jwk (JwkId { iss: "https://login.microsoftonline.com/v2.0", kid: "ntzdbvo449IBJV0Yy_T--gOiPI8" }, JWK { kty: "RSA", e: "AQAB", n: "uYmKqopaxMNlFJ3QUgTM6TcWvR00WVPs4sCAl5Inr5tCIWbqC1IzVt74_eGPw9OypfM4YpEfAz5czFWgRRVcRQYNwDWSAXTSh-vkqK2meW4HQp7W33NCoz_kZ6JR-xwWJZCOtQa0RNwNTVuHTL2dyJo6DUShxVPtG6c8sV4gFCEz0moHBrf5njywV0GGkQgYe98GeCL3Mv2kx4WVf0pHkSELJfW5JN6jvD_05fY_g3LKsXqXm9u1cS39K4iULFVeeoz5jBMKl5h6w3lqSeBtzmqHpw6YVxcDu_bRUd_rqZUvTaZUgS_EfpOpOicaQN--90nzp4givQYEvWtDBtan5Q", alg: "RS256" })
[2m2025-03-25T07:54:14.706555Z[0m [32m INFO[0m [1mnode[0m[1m{[0m[3mname[0m[2m=[0mk#addeef94..[1m}[0m[2m:[0m [2msui_core::authority::authority_per_epoch_store[0m[2m:[0m [2mcrates/sui-core/src/authority/authority_per_epoch_store.rs[0m[2m:[0m[2m2388:[0m received jwk vote from k#8dcff6d1.. for jwk (JwkId { iss: "https://login.microsoftonline.com/v2.0", kid: "PDRf_Bs8CkDdi7av6hKLwRnNHmk" }, JWK { kty: "RSA", e: "AQAB", n: "v2R1eCh9xaZjAqn0FTf-DuDy3BFsJHc_lsv4K1Ycd1qnF5DwHC7mxnoTsA_dnI8BJvZsCAI7kkFjqKqXDSVYwRM05733_EPekLqLlb02-XLcOziMsOEMpXRrl1wFGHK5zmh2D4ZLsEId2Gdk1fcLzwjCg5iqQxi17DQFDoi0aWUKnkN62sSbiUvzd11eUl0N_beLZ0HYf53wk8r9P3reVhz9W7P8KwNBf7JyiLxmRP_yD9n3650iXi1qp8bZcAt9WmMZ2H6iHHhb7biXwvrJuf2id72VPvV6qkVu6jwUVW5yh6dIvCtPYEA7JNMWyBEXOjJbZ-3l3szj1GSV5m8eAQ", alg: "RS256" })
[2m2025-03-25T07:54:14.706574Z[0m [32m INFO[0m [1mnode[0m[1m{[0m[3mname[0m[2m=[0mk#addeef94..[1m}[0m[2m:[0m [2msui_core::authority::authority_per_epoch_store[0m[2m:[0m [2mcrates/sui-core/src/authority/authority_per_epoch_store.rs[0m[2m:[0m[2m2388:[0m received jwk vote from k#8dcff6d1.. for jwk (JwkId { iss: "https://accounts.karrier.one/", kid: "E760D111C1A1296E6D1D85F7EB18DDBAA0EC2B4E" }, JWK { kty: "RSA", e: "AQAB", n: "3s6cCgr0tKeYEy_MGYDZ7ByPgI0Bv-JimxiSNOytvXb6xvcxE_jjEiEkMg6R3frYXWWuM3V4DMB3WGc8ePDACM9e3ly8jEpxA90nJ1eE94a9bF5wQGtC8_oqw2DajBt6O5ZTSKFJhMQMyzKUXmqT_m1DsUHm0uNGPulMp2CmSE8xtFLlXdxl_8on4zN_4PboPgOrl65DKcw6THTuNcasffyxVeK6_HbuEDLp-Q1v8PtvW98TO2GvOK-yNLDrpgqeh0fnnUBHR2tkMaJ3nnLNdEkVfeBQlafCvwJPRrGX83POq6SC-WAoP6IOH9BXd0DwRvqgCj2uWhtk9yEamJ7Q2Q", alg: "RS256" })
[2m2025-03-25T07:54:14.706592Z[0m [32m INFO[0m [1mnode[0m[1m{[0m[3mname[0m[2m=[0mk#addeef94..[1m}[0m[2m:[0m [2msui_core::authority::authority_per_epoch_store[0m[2m:[0m [2mcrates/sui-core/src/authority/authority_per_epoch_store.rs[0m[2m:[0m[2m2388:[0m received jwk vote from k#8dcff6d1.. for jwk (JwkId { iss: "https://accounts.karrier.one/", kid: "B65FDCAA152E04ADE817314CF6A06F4ECABF4CFB" }, JWK { kty: "RSA", e: "AQAB", n: "ra5LGXik2tB6apOePLdwT0ID-Kevzoyy_qcvHhvGJbrY_0PVaT3yM2t_UyvNlh60QYmtIxmGE1vTfbD6moDg0y1WLZ2tMfJ56YT23LYW-quzHHpw3pcAi8EVCFiU7pB4XHHBv-0F_eS7qGQr4Y38QyWKEzg6kv4X_xpMxEpVYmRVgYu8rGXqwCHIFq1Dc3v9Op83hO2q-geeidXjosydxgb6LdOpc27Q_0gzDM2vTaI0k8fqauVGilcYw3OxeqL5jVrdSeyaq4meHrquLdGCbI_KQiS08GJ9BZ4QchfTK70lzKasCsTcW5jd2Ci7DYoPvY-FrR8zPaxHj9jjTkAW3Q", alg: "RS256" })
[2m2025-03-25T07:54:14.706609Z[0m [32m INFO[0m [1mnode[0m[1m{[0m[3mname[0m[2m=[0mk#addeef94..[1m}[0m[2m:[0m [2msui_core::authority::authority_per_epoch_store[0m[2m:[0m [2mcrates/sui-core/src/authority/authority_per_epoch_store.rs[0m[2m:[0m[2m2388:[0m received jwk vote from k#8dcff6d1.. for jwk (JwkId { iss: "https://cognito-idp.us-east-1.amazonaws.com/us-east-1_qPsZxYqd8", kid: "VHA/vY1d2h7X33DpZ6ZBDRfnCS/OIgiV7toCdxyEUDY=" }, JWK { kty: "RSA", e: "AQAB", n: "7nb7CxiOI5bgf80jk1WOwi6Fmo9EJzIugpl-gZehOgL4cVAmvp1ChVZMwxTRM62hIQ6Ab6k0vmLBq_jZFx6MeU4c1xTipIohOEK_5HjbesM9OuduHkujN6J7Az4ON4TyHtJOXs3-xdVbjWQwP5L2O_N334ZIb9n-hRxGRhKaQLciSNEt3TQ2ookJaa1q9UinlA0jJyIMLJXmpSdvUP_0QizT88wrenRs3PccgKBQgvtQx569yvL6YnzaRSa8pL7saNy2KqevDHkIvRfqEckduoFQTyiL5OTz6canJYaklw-OImrO1eQF2Z_TsamXKKdk9-k9WFwYx4ftDTdacDflaw", alg: "RS256" })
[2m2025-03-25T07:54:14.706628Z[0m [32m INFO[0m [1mnode[0m[1m{[0m[3mname[0m[2m=[0mk#addeef94..[1m}[0m[2m:[0m [2msui_core::authority::authority_per_epoch_store[0m[2m:[0m [2mcrates/sui-core/src/authority/authority_per_epoch_store.rs[0m[2m:[0m[2m2388:[0m received jwk vote from k#8dcff6d1.. for jwk (JwkId { iss: "https://cognito-idp.us-east-1.amazonaws.com/us-east-1_qPsZxYqd8", kid: "lGbuLXh42ChSJwrMUEBO2npnvMzdAHqOj6DNZieDuVA=" }, JWK { kty: "RSA", e: "AQAB", n: "2e3M6UZo5G1r3eYi1h_dqng0lhNHE6bwSrnEmTMygjDaejpcjWKY9ICFtcz-lP_HEx_q67HsaM7QUIGpTEtAXqQHyxbMAcPlUwKSD8y_mZJlDDM4kI7KJQLW4M-904gDvih5FbnJc-QNkH1Z7vHwDpLOam53x8QQj7rjoXBzH0q0JVlv5PU5ZEoqCc2PIJCtxzZApXzMt0lnqw8DB55P4_czdplVkd80UhPAz1gM3ysTIQi2eblMvkUp98orOlpsp434g6mnrdgYFLOleuuwNraRTJRi0r9Dn9ToILY7Arywi5jS8M496CXJUFAB9UKXKrTa9pazlnRMiFBochRRZw", alg: "RS256" })
[2m2025-03-25T07:54:14.706647Z[0m [32m INFO[0m [1mnode[0m[1m{[0m[3mname[0m[2m=[0mk#addeef94..[1m}[0m[2m:[0m [2msui_core::authority::authority_per_epoch_store[0m[2m:[0m [2mcrates/sui-core/src/authority/authority_per_epoch_store.rs[0m[2m:[0m[2m2388:[0m received jwk vote from k#99f25ef6.. for jwk (JwkId { iss: "https://login.onepassport.onefc.com/de3ee5c1-5644-4113-922d-e8336569a462/v2.0/", kid: "X-yzFPFMdWtJQ1oJXiGRVnn061ezrvZz596xN3mCfyQ" }, JWK { kty: "RSA", e: "AQAB", n: "t4ZoVgvyj7jKNq-ydYvgYVn5avBR9H4BQrKy2FWlR49siiMFWhxYXtPs7o4J6hhUgo00nk9pf-7rg7XnTiI7MFp2DluhWZK41YFfyGhDpbG9EImqvmy1N8poj5fid1lAjH2CfjtDyywgV84ViQ1hA5-noOrLhjb-zMZp_yKMSEeY_Ewx70jwhXevvrANKblNUFVJPQ7EI6_La-uALNBeQfu5OgPiMPiswhoQz0bhproUc7GiRxBw-9n72z3JU3HMy9mByrDnNfaZ13_Kmp9zgZYxynv5XXWJFGVHv3GZ_cDYg6OqahmrwMhT3GYTZ8JjMzZj4gH8MCCGPxde9SotKQ", alg: "RS256" })
[2m2025-03-25T07:54:14.706666Z[0m [32m INFO[0m [1mnode[0m[1m{[0m[3mname[0m[2m=[0mk#addeef94..[1m}[0m[2m:[0m [2msui_core::authority::authority_per_epoch_store[0m[2m:[0m [2mcrates/sui-core/src/authority/authority_per_epoch_store.rs[0m[2m:[0m[2m2388:[0m received jwk vote from k#99f25ef6.. for jwk (JwkId { iss: "https://oauth.sui.io", kid: "sui-key-id" }, JWK { kty: "RSA", e: "AQAB", n: "wdar6dBP7b88u6o190uXBK4yPS76OxFjiHDPwOyJwJiiAE3YRq8y_pfyQVua9nEasgrPfEBzVoC5QCld8NAC88uvbNKyoLZ6w5KlFjp88q2Sfy7nAzh3I-AnjsL6zl43NZrKep4_Nmb5nJeafcEi6B5MsYYDWW1Nn26O7ob9IWRNWcaTKhOhqDzbiN_66azN-NgaP_uHjlu1xuMV0kRt-luLSTXJS3S2n8PVNCxr3Gr2oViUpP8kSa-0i5vsg3gNtSfBY97AbChwOnyazj_PoaVD6zbEC4L5gvRZJA6vyoAWF_ZumvkwC3fxcFIBnSKMlGzS_Z-bUyQDCQy_BG9AOw", alg: "RS256" })
[2m2025-03-25T07:54:14.706685Z[0m [32m INFO[0m [1mnode[0m[1m{[0m[3mname[0m[2m=[0mk#addeef94..[1m}[0m[2m:[0m [2msui_core::authority::authority_per_epoch_store[0m[2m:[0m [2mcrates/sui-core/src/authority/authority_per_epoch_store.rs[0m[2m:[0m[2m2388:[0m received jwk vote from k#99f25ef6.. for jwk (JwkId { iss: "https://slack.com", kid: "mB2MAyKSn555isd0EbdhKx6nkyAi9xLq8rvCEb_nOyY" }, JWK { kty: "RSA", e: "AQAB", n: "zQqzXfb677bpMKw0idKC5WkVLyqk04PWMsWYJDKqMUUuu_PmzdsvXBfHU7tcZiNoHDuVvGDqjqnkLPEzjXnaZY0DDDHvJKS0JI8fkxIfV1kNy3DkpQMMhgAwnftUiSXgb5clypOmotAEm59gHPYjK9JHBWoHS14NYEYZv9NVy0EkjauyYDSTz589aiKU5lA-cePG93JnqLw8A82kfTlrJ1IIJo2isyBGANr0YzR-d3b_5EvP7ivU7Ph2v5JcEUHeiLSRzIzP3PuyVFrPH659Deh-UAsDFOyJbIcimg9ITnk5_45sb_Xcd_UN6h5I7TGOAFaJN4oi4aaGD4elNi_K1Q", alg: "RS256" })
[2m2025-03-25T07:54:14.706703Z[0m [32m INFO[0m [1mnode[0m[1m{[0m[3mname[0m[2m=[0mk#addeef94..[1m}[0m[2m:[0m [2msui_core::authority::authority_per_epoch_store[0m[2m:[0m [2mcrates/sui-core/src/authority/authority_per_epoch_store.rs[0m[2m:[0m[2m2388:[0m received jwk vote from k#99f25ef6.. for jwk (JwkId { iss: "https://cognito-idp.eu-west-3.amazonaws.com/eu-west-3_gGVCx53Es", kid: "JbFCSYl4Xp4UYEJHo7R0iwl/Xf3F5+z72stu8iH+QxY=" }, JWK { kty: "RSA", e: "AQAB", n: "o09QloKDInGEWvXK0aZr67RnfU9l0kmTOldGF8t36ExfBWNvRsTiTfn4VdetcJlIDrmxQSSP-2toXqQ7m1t4_idKNjkb7s1FsAtWy60mAfmyeMcGhegmxxxMtWJsk2hbY_oRuTPQEUDnTfnIMUL-oDmc_HmRNzYPrbCJolIWC2r2gkJ-q6jwGEujkaeoQq3wM_NTkeBO_rrCUngIUykbbczkMF8vELGewPgwqTjd9ZTTf08kUPF9IUtT-VyF0U-I1xrQrmU9opQ209I-Dk-ehxIHWN85nlLBxu0Krb9adSx_HDEOd00wNSQgPBkvCUPpVmC10UO7hHxzGSi7czrlsw", alg: "RS256" })
[2m2025-03-25T07:54:14.706722Z[0m [32m INFO[0m [1mnode[0m[1m{[0m[3mname[0m[2m=[0mk#addeef94..[1m}[0m[2m:[0m [2msui_core::authority::authority_per_epoch_store[0m[2m:[0m [2mcrates/sui-core/src/authority/authority_per_epoch_store.rs[0m[2m:[0m[2m2388:[0m received jwk vote from k#99f25ef6.. for jwk (JwkId { iss: "https://cognito-idp.eu-west-3.amazonaws.com/eu-west-3_gGVCx53Es", kid: "FIqQqeRU1EQP75fBeds+wL2yczwvbDy1NF6T/f5Oe5o=" }, JWK { kty: "RSA", e: "AQAB", n: "va55QtSTFhvqx0IL8UAPNZf6x5NO9jK88Wyct-i67grbDJZyXLSxz5oSttoIHkaJZQWgl_qsgyxDpHeSMznliS0K7rXFwaw81PwDIB_ek8uKhXmaQ6ryPAaO-8kvR46o-EYyVk9wWPDHTtN6NEbiUxGoDqOoiVCrVJLsFdoia7-MMVJnR2VokbEgGGbJkZu2MipikQvk_b7BGF__5mKvCJc6hCEJcxIUFvETKA9AOhjgxLvE9U8Ke6XRfmDLKovDAsDaZsWP6VPN0HoBi5mak9CgUqmxwnvNJFLhpjawD9E23O_l4aBcie56eFcC_knUa2VOHymBoJ0On3p03yxs7Q", alg: "RS256" })
[2m2025-03-25T07:54:14.706741Z[0m [32m INFO[0m [1mnode[0m[1m{[0m[3mname[0m[2m=[0mk#addeef94..[1m}[0m[2m:[0m [2msui_core::authority::authority_per_epoch_store[0m[2m:[0m [2mcrates/sui-core/src/authority/authority_per_epoch_store.rs[0m[2m:[0m[2m2388:[0m received jwk vote from k#99f25ef6.. for jwk (JwkId { iss: "https://appleid.apple.com", kid: "rs0M3kOV9p" }, JWK { kty: "RSA", e: "AQAB", n: "zH5so3zLsgmRypxAAYJimfF9cx3ISSyHyzjDP3yvE9ieqpnjFJhzgCP8L4oKO9vUFNpoG1ub7I3paYNY6Vb2yc4chnsjJxB3j0jomJ3iI9MlWoVecTFG2tywyx5NRhy3YfTUpw2uCLafzWrpIJIoKUCGM6iUgaIFjvfi-cGT5T_5eUSWZHN-ziH69mGcbMRGLQEixQUatwru9i4i-OSk-w-JmLOqAzRP1mVn1tcZRIoGSB2PFSSJX9SK90OX8i5sj7dpIO_2xbGMtyNJkDzGq88x1pMJ4sv6HMj-tx4QrpGDbUi7zBCgbBnNSGSB_LBv4dbswwWY96ckHgx9yf_7IQ", alg: "RS256" })
[2m2025-03-25T07:54:14.706760Z[0m [32m INFO[0m [1mnode[0m[1m{[0m[3mname[0m[2m=[0mk#addeef94..[1m}[0m[2m:[0m [2msui_core::authority::authority_per_epoch_store[0m[2m:[0m [2mcrates/sui-core/src/authority/authority_per_epoch_store.rs[0m[2m:[0m[2m2388:[0m received jwk vote from k#99f25ef6.. for jwk (JwkId { iss: "https://appleid.apple.com", kid: "dMlERBaFdK" }, JWK { kty: "RSA", e: "AQAB", n: "ryLWkB74N6SJNRVBjKF6xKMfP-QW3AAsJotv0LjVtf7m4NZNg_gTL78e7O8wmvngF8FuzBrvqf1mGW17Ct8BgNK6YXxnoGL0YLmlwXbmCZvTXki0VlEW1PDXeViWy7qXaCp2caF5v4OOdPsgroxNO_DgJRTuA_izJ4DFZYHCHXwojfdWJiDYG67j5PlD5pXKGx7zaqyryjovZTEII_Z1_bhFCRUZRjfJ3TVoK0fZj2z7iAZWjn33i-V3zExUhwzEyeuGph0118NfmOLCUEy_Jd4xvLf_X4laPpe9nq8UeORfs72yz2qH7cHDKL85W6oG08Gu05JWuAs5Ay49WxJrmw", alg: "RS256" })
[2m2025-03-25T07:54:14.706777Z[0m [32m INFO[0m [1mnode[0m[1m{[0m[3mname[0m[2m=[0mk#addeef94..[1m}[0m[2m:[0m [2msui_core::authority::authority_per_epoch_store[0m[2m:[0m [2mcrates/sui-core/src/authority/authority_per_epoch_store.rs[0m[2m:[0m[2m2388:[0m received jwk vote from k#99f25ef6.. for jwk (JwkId { iss: "https://appleid.apple.com", kid: "rBRfVmqsjn" }, JWK { kty: "RSA", e: "AQAB", n: "pPOaiF5yL-y42FaKg9PYASR5-rdTK7NEiteNUAzNp0zkta-HW-tgLNLNlsft3zcrsgOLqXxhX7qzlI3JGH-wSs7_v2XNSg57QhOTxPDqtUfy5DegtiSOgwE947OBTwCWo2R6cGZD1T8ysfO2HuKheq2hEwZU4Y-8qT19WWOhZHs4CVt7A5mzpIgWuUVw766VTyqrqKev32DOUPIqFocFz3tuty95S9t_OYnaPCcET-b6DV_eT7psPhqhl5nNUm0lzkCQ53-9kxQNJxBciy0wiBcAexD4KppKRRD3evFpOSxD1R6Kg2DIG5UnbVVqn5nhZA9RH-t50f_biqV3KlSHJQ", alg: "RS256" })
[2m2025-03-25T07:54:14.706795Z[0m [32m INFO[0m [1mnode[0m[1m{[0m[3mname[0m[2m=[0mk#addeef94..[1m}[0m[2m:[0m [2msui_core::authority::authority_per_epoch_store[0m[2m:[0m [2mcrates/sui-core/src/authority/authority_per_epoch_store.rs[0m[2m:[0m[2m2388:[0m received jwk vote from k#99f25ef6.. for jwk (JwkId { iss: "https://accounts.fantv.world", kid: "PODsfgAn4twvCLjNt9QmEEiAcCa3Z6C10LxrDxvi3bA" }, JWK { kty: "RSA", e: "AQAB", n: "z9Y8JtahOmbujGwGCe9tT24ur_AuJqNMdWPA6TXia4EDR8iQMrw_DxY3gBDrNqM9ml2NLkO3jo-OI78fl0RbuKepUCko-E2lB0If95L1xB2pWmUpqO8Pa7IilX4oO7h_o_mpUYXoC0wEocJyIjBRWtjqMkM6LhF9tk9-zcl2tcRFkiV1gcGe7FP529jQkSjMK8Ide0T30ZdlGQ7l6b0tuRoYFjoMnGQvl-14QYmSOHvHOqaVSD09KEMmQ4CllDMXZwCBfTRSkRfCTf33qSxm6aEdQcYA2mQD6tIVINuuCOelRhf-GkgfFFUkCM61PmlNm6JXLJgtUWsofaMQ4Yzpiw", alg: "RS256" })
[2m2025-03-25T07:54:14.706813Z[0m [32m INFO[0m [1mnode[0m[1m{[0m[3mname[0m[2m=[0mk#addeef94..[1m}[0m[2m:[0m [2msui_core::authority::authority_per_epoch_store[0m[2m:[0m [2mcrates/sui-core/src/authority/authority_per_epoch_store.rs[0m[2m:[0m[2m2388:[0m received jwk vote from k#99f25ef6.. for jwk (JwkId { iss: "https://login.microsoftonline.com/v2.0", kid: "JDNa_4i4r7FgigL3sHIlI3xV-IU" }, JWK { kty: "RSA", e: "AQAB", n: "iQ745_U-vjkxPblaw6phBpe08fC42mpcrS4pcr15HiyZQyQV-BFcEVyLwPdsz3ulMRN7OB_UMfCcPBHqOjguejoab6hyJFVVMw_epP4a3SpQN9qaCbnqaSxgSGiqSq663g3TjsF_Wu1m9L41eNoF6Yvh5kULMd6lqjY0LPO5ZZxaQFLtIHahoJKMvYy1BTS0VYcNsXTjxkgUEL6Vc8GV5vaClbnY3VA2hLbXC1SGJWjVGdYXhkuck2tHr58u87MPEaQ33C6YfyISZKsdumF5bTCcIH75jjC3WbMVOLgWg5w0MSiHOFyI76Ihxbb0nRicEuao0WzO9AS7HJ7L24FHFQ", alg: "RS256" })
[2m2025-03-25T07:54:14.706831Z[0m [32m INFO[0m [1mnode[0m[1m{[0m[3mname[0m[2m=[0mk#addeef94..[1m}[0m[2m:[0m [2msui_core::authority::authority_per_epoch_store[0m[2m:[0m [2mcrates/sui-core/src/authority/authority_per_epoch_store.rs[0m[2m:[0m[2m2388:[0m received jwk vote from k#99f25ef6.. for jwk (JwkId { iss: "https://login.microsoftonline.com/v2.0", kid: "JYhSOsHhDZrc5kfqQg8ujkHMTNY" }, JWK { kty: "RSA", e: "AQAB", n: "xxMRcusywRId_dJR_edc-qe_M3vhXONCz7QDhjVfoqHWbt9lQCXCVIsIo9VJI1nGT1F6NkXEIBt462x2p1w2cgf4AF86dGhbTpR-k81WLR5gNjkhpPqB1PCitichVIKbHAvOyYEAaJnEyCiJqIlU_Zg5L5FzRqv_N_3-fhYvWK0pc3m1Ohyd2kNRg1Nbcp5ogt7mBjec7MErfi-N0o54vXfsK6hM2m7h0sZwVd4CxgPqnpBtm2htM9xaKpnwkYoEL3va3bPI1VGGp9QLZwMV6RAHOy_ORpz4xarG-z7lZUCLO0X1So05rn7w5edBmfblUQlPL3BljbUVB3abd9SNXw", alg: "RS256" })
[2m2025-03-25T07:54:14.706849Z[0m [32m INFO[0m [1mnode[0m[1m{[0m[3mname[0m[2m=[0mk#addeef94..[1m}[0m[2m:[0m [2msui_core::authority::authority_per_epoch_store[0m[2m:[0m [2mcrates/sui-core/src/authority/authority_per_epoch_store.rs[0m[2m:[0m[2m2388:[0m received jwk vote from k#99f25ef6.. for jwk (JwkId { iss: "https://login.microsoftonline.com/v2.0", kid: "CNv0OI3RwqlHFEVnaoMAshCH2XE" }, JWK { kty: "RSA", e: "AQAB", n: "hz6fUSCSAuiyQz6L1nQj4za8kItevJzxhVbecMigTIl9pXZSHZa3gzMgtapnb1q96CG5qvR78dH6ZvTKL8MzN4VfGgZhvLEv5LJKeo0tGgBIS65wxIiJYj9ExEDqFkw9RdhW1nN8IN9eO76PbC-fdEPtDekA2BaITY2DARISKN4Ke0RLBEWNrKeEjjOzrygS2e3Q9NVzE51ZGGQAGHau7atHy8M_qA1nnd2dMUgUMnEYIMzDBTSKz17G6itJOdanGvG3wXvdpndKffnDppaPkyWbnybdMI4IP7q6WsCqnt3Gtg-baG6GDqZQQEBp9C9gLAFv4ORTRlpD3w0gCMh7xw", alg: "RS256" })
[2m2025-03-25T07:54:14.706867Z[0m [32m INFO[0m [1mnode[0m[1m{[0m[3mname[0m[2m=[0mk#addeef94..[1m}[0m[2m:[0m [2msui_core::authority::authority_per_epoch_store[0m[2m:[0m [2mcrates/sui-core/src/authority/authority_per_epoch_store.rs[0m[2m:[0m[2m2388:[0m received jwk vote from k#99f25ef6.. for jwk (JwkId { iss: "https://login.microsoftonline.com/v2.0", kid: "PoVKeirIOvmTyLQ9G9BenBwos7k" }, JWK { kty: "RSA", e: "AQAB", n: "ruYyUq1ElSb8QCCt0XWWRSFpUq0JkyfEvvlCa4fPDi0GZbSGgJg3qYa0co2RsBIYHczXkc71kHVpktySAgYK1KMK264e-s7Vymeq-ypHEDpRsaWric_kKEIvKZzRsyUBUWf0CUhtuUvAbDTuaFnQ4g5lfoa7u3vtsv1za5Gmn6DUPirrL_-xqijP9IsHGUKaTmB4M_qnAu6vUHCpXZnN0YTJDoK7XrVJFaKj8RrTdJB89GFJeTFHA2OX472ToyLdCDn5UatYwmht62nXGlH7_G1kW1YMpeSSwzpnMEzUUk7A8UXrvFTHXEpfXhsv0LA59dm9Hi1mIXaOe1w-icA_rQ", alg: "RS256" })
[2m2025-03-25T07:54:14.706885Z[0m [32m INFO[0m [1mnode[0m[1m{[0m[3mname[0m[2m=[0mk#addeef94..[1m}[0m[2m:[0m [2msui_core::authority::authority_per_epoch_store[0m[2m:[0m [2mcrates/sui-core/src/authority/authority_per_epoch_store.rs[0m[2m:[0m[2m2388:[0m received jwk vote from k#99f25ef6.. for jwk (JwkId { iss: "https://login.microsoftonline.com/v2.0", kid: "-cgAvjmmQ24Ks20zIpDB4SW894w" }, JWK { kty: "RSA", e: "AQAB", n: "otM7AZjL81wdSVdrkQtt6shrQiAT8OZJeIKTeRJgrDYXKzaVXs0WFXVCjCv9GuCktF-tereotfZlcskamfuupe574o76CJy6AUtuY7wt0OKqxoSJMRuUJvA_NNkT50C_dTDHTtF7kiGBwWvHEkHeZAgT52E8bfNJswV28GsPscM9vG2ylUPyiaEIsGi0cg_JllbnfBjGhfA_lzmrB9Iw75E3f1Hnk2uAs1KcHJGSH3EwHJ5tUeo9WtLGjRAfH1kGtPjkktNaw3V8EukEzgIfILV8udpWYE79A_p5jFUnTNkQxsviNxG537JMooa1ZoYveDv_f6LCj1o7MNZQVlD3tw", alg: "RS256" })
[2m2025-03-25T07:54:14.706902Z[0m [32m INFO[0m [1mnode[0m[1m{[0m[3mname[0m[2m=[0mk#addeef94..[1m}[0m[2m:[0m [2msui_core::authority::authority_per_epoch_store[0m[2m:[0m [2mcrates/sui-core/src/authority/authority_per_epoch_store.rs[0m[2m:[0m[2m2388:[0m received jwk vote from k#99f25ef6.. for jwk (JwkId { iss: "https://login.microsoftonline.com/v2.0", kid: "dd55f7QP3HZky-ekQBDWKe7ADN0" }, JWK { kty: "RSA", e: "AQAB", n: "s950MOniBjjiB82Zx5FehPuYJKtguUAP5vpMNZ6JxYLGzn5h3FPplx0kkPEezg7dnH-sFxGwq_C7P14ja0YmHUkmozqdbg4GRS8xp9Ue0-KWs4BTTkXvMPnc3xBU6be4SmHK-c7A0E54YfokiY1KTRCaq_RRPDlVZJuc6s6rK4nRoPo0eOCj7H4b--QnKmPXiFSPNp40NC7FRfx9m7SYSltubIDzq1f4j2Qlrv90f2kT5DP81_2DGdHZ_ao7ypPX2_z_m4ycQgfAhIYhNHRai6iGtbU6NPkw38LS29bVbGycVCaBoq6_re8k_UiOM7gP9l96QDFnkMmNhpRxT7t34w", alg: "RS256" })
[2m2025-03-25T07:54:14.706921Z[0m [32m INFO[0m [1mnode[0m[1m{[0m[3mname[0m[2m=[0mk#addeef94..[1m}[0m[2m:[0m [2msui_core::authority::authority_per_epoch_store[0m[2m:[0m [2mcrates/sui-core/src/authority/authority_per_epoch_store.rs[0m[2m:[0m[2m2388:[0m received jwk vote from k#99f25ef6.. for jwk (JwkId { iss: "https://login.microsoftonline.com/v2.0", kid: "ntzdbvo449IBJV0Yy_T--gOiPI8" }, JWK { kty: "RSA", e: "AQAB", n: "uYmKqopaxMNlFJ3QUgTM6TcWvR00WVPs4sCAl5Inr5tCIWbqC1IzVt74_eGPw9OypfM4YpEfAz5czFWgRRVcRQYNwDWSAXTSh-vkqK2meW4HQp7W33NCoz_kZ6JR-xwWJZCOtQa0RNwNTVuHTL2dyJo6DUShxVPtG6c8sV4gFCEz0moHBrf5njywV0GGkQgYe98GeCL3Mv2kx4WVf0pHkSELJfW5JN6jvD_05fY_g3LKsXqXm9u1cS39K4iULFVeeoz5jBMKl5h6w3lqSeBtzmqHpw6YVxcDu_bRUd_rqZUvTaZUgS_EfpOpOicaQN--90nzp4givQYEvWtDBtan5Q", alg: "RS256" })
[2m2025-03-25T07:54:14.706939Z[0m [32m INFO[0m [1mnode[0m[1m{[0m[3mname[0m[2m=[0mk#addeef94..[1m}[0m[2m:[0m [2msui_core::authority::authority_per_epoch_store[0m[2m:[0m [2mcrates/sui-core/src/authority/authority_per_epoch_store.rs[0m[2m:[0m[2m2388:[0m received jwk vote from k#99f25ef6.. for jwk (JwkId { iss: "https://login.microsoftonline.com/v2.0", kid: "PDRf_Bs8CkDdi7av6hKLwRnNHmk" }, JWK { kty: "RSA", e: "AQAB", n: "v2R1eCh9xaZjAqn0FTf-DuDy3BFsJHc_lsv4K1Ycd1qnF5DwHC7mxnoTsA_dnI8BJvZsCAI7kkFjqKqXDSVYwRM05733_EPekLqLlb02-XLcOziMsOEMpXRrl1wFGHK5zmh2D4ZLsEId2Gdk1fcLzwjCg5iqQxi17DQFDoi0aWUKnkN62sSbiUvzd11eUl0N_beLZ0HYf53wk8r9P3reVhz9W7P8KwNBf7JyiLxmRP_yD9n3650iXi1qp8bZcAt9WmMZ2H6iHHhb7biXwvrJuf2id72VPvV6qkVu6jwUVW5yh6dIvCtPYEA7JNMWyBEXOjJbZ-3l3szj1GSV5m8eAQ", alg: "RS256" })
[2m2025-03-25T07:54:14.706957Z[0m [32m INFO[0m [1mnode[0m[1m{[0m[3mname[0m[2m=[0mk#addeef94..[1m}[0m[2m:[0m [2msui_core::authority::authority_per_epoch_store[0m[2m:[0m [2mcrates/sui-core/src/authority/authority_per_epoch_store.rs[0m[2m:[0m[2m2388:[0m received jwk vote from k#99f25ef6.. for jwk (JwkId { iss: "https://cognito-idp.us-east-1.amazonaws.com/us-east-1_qPsZxYqd8", kid: "VHA/vY1d2h7X33DpZ6ZBDRfnCS/OIgiV7toCdxyEUDY=" }, JWK { kty: "RSA", e: "AQAB", n: "7nb7CxiOI5bgf80jk1WOwi6Fmo9EJzIugpl-gZehOgL4cVAmvp1ChVZMwxTRM62hIQ6Ab6k0vmLBq_jZFx6MeU4c1xTipIohOEK_5HjbesM9OuduHkujN6J7Az4ON4TyHtJOXs3-xdVbjWQwP5L2O_N334ZIb9n-hRxGRhKaQLciSNEt3TQ2ookJaa1q9UinlA0jJyIMLJXmpSdvUP_0QizT88wrenRs3PccgKBQgvtQx569yvL6YnzaRSa8pL7saNy2KqevDHkIvRfqEckduoFQTyiL5OTz6canJYaklw-OImrO1eQF2Z_TsamXKKdk9-k9WFwYx4ftDTdacDflaw", alg: "RS256" })
[2m2025-03-25T07:54:14.706975Z[0m [32m INFO[0m [1mnode[0m[1m{[0m[3mname[0m[2m=[0mk#addeef94..[1m}[0m[2m:[0m [2msui_core::authority::authority_per_epoch_store[0m[2m:[0m [2mcrates/sui-core/src/authority/authority_per_epoch_store.rs[0m[2m:[0m[2m2388:[0m received jwk vote from k#99f25ef6.. for jwk (JwkId { iss: "https://cognito-idp.us-east-1.amazonaws.com/us-east-1_qPsZxYqd8", kid: "lGbuLXh42ChSJwrMUEBO2npnvMzdAHqOj6DNZieDuVA=" }, JWK { kty: "RSA", e: "AQAB", n: "2e3M6UZo5G1r3eYi1h_dqng0lhNHE6bwSrnEmTMygjDaejpcjWKY9ICFtcz-lP_HEx_q67HsaM7QUIGpTEtAXqQHyxbMAcPlUwKSD8y_mZJlDDM4kI7KJQLW4M-904gDvih5FbnJc-QNkH1Z7vHwDpLOam53x8QQj7rjoXBzH0q0JVlv5PU5ZEoqCc2PIJCtxzZApXzMt0lnqw8DB55P4_czdplVkd80UhPAz1gM3ysTIQi2eblMvkUp98orOlpsp434g6mnrdgYFLOleuuwNraRTJRi0r9Dn9ToILY7Arywi5jS8M496CXJUFAB9UKXKrTa9pazlnRMiFBochRRZw", alg: "RS256" })
[2m2025-03-25T07:54:14.706994Z[0m [32m INFO[0m [1mnode[0m[1m{[0m[3mname[0m[2m=[0mk#addeef94..[1m}[0m[2m:[0m [2msui_core::authority::authority_per_epoch_store[0m[2m:[0m [2mcrates/sui-core/src/authority/authority_per_epoch_store.rs[0m[2m:[0m[2m2388:[0m received jwk vote from k#8dcff6d1.. for jwk (JwkId { iss: "https://oauth2.playtron.one", kid: "1fd66a18-7afd-4086-ba57-a8ca9b398406" }, JWK { kty: "RSA", e: "AQAB", n: "7XHinRSS9un2BdWsLhFOdi5N-17HMRYf4odQE4KqiPqRrp8TDE9bDekg8ERCW7Hqkgp44U07BUJwCiL5ss_9rIgV6Wy_lOwF_npGqMstZYemnZYNvpaD4ZEneoRmo94qNkYg5szBhVlvaF-IXlwB4GEQdDLJZOLafgPYL4XK2eD49Q7PU7jkNKy91k98UeK3fH9iv0L6W5nJNU1SzCR75gRcWyKSySg9RCTQyWFak8VhWW1YxwIQebvGgTsr6jYgxvcmRsSLeMhEhoIhOOkC1zQK51kBB-ZS7o2KttDHr1dn08LeHJkxSZ2guLdT_V2ISDiKxjXgVBlSvvweLgEHs7cehNU-D65uQpTxULPJW7xeITDl8rCCxbr8p8rcq-I19EV5Uj4n7RswaNDZ2YO87Yx12KzZVrO_0Tra6CvsNJ7hdI_Ykg7yMLs-dj7eKgOF5Nx1Q7Bnp1OyRKIXfUkyZkh8mjfiMt-npf1WPAgF1Iwx5H-ww1rTuFR6yyZRtEHyVxudg9XFar6cKizi75uKVGaV74GMGI2tPGL0zh_jCh8QSk68HltKdfLP8xDvHBB_crklWlr9iYuFjHzLI9KWvICvQWMtQikHE3iaf492I9SMqR0OIwSeg5TzzerVX17qkCeVbdxOK9jKeP5k2sW6mETUdrJCmlRwGN-EG_VIOrE", alg: "RS256" })
[2m2025-03-25T07:54:14.707014Z[0m [32m INFO[0m [1mnode[0m[1m{[0m[3mname[0m[2m=[0mk#addeef94..[1m}[0m[2m:[0m [2msui_core::authority::authority_per_epoch_store[0m[2m:[0m [2mcrates/sui-core/src/authority/authority_per_epoch_store.rs[0m[2m:[0m[2m2388:[0m received jwk vote from k#8dcff6d1.. for jwk (JwkId { iss: "https://oauth2.playtron.one", kid: "7388b63c-ba03-4fe3-85e3-6717f91d55b1" }, JWK { kty: "RSA", e: "AQAB", n: "scvmHIfIZk5ZU7_k6snu98s5rPKBDws804qpNEPyy7fkmzxDbcN-qWQJrDgNU-pvr5WvIPyu2hfFrNtBiiE3IZqqGRm2rJb8LoKz6mtxiLyRT8EQS8D8U6uiR8mkvbw-vgJ1h3l2gHDXPGN-03_DXrL8r2xDiuxdezxjiCI80r7bmpZg9i8PWtL1BQU43nM4MNDXi9Wo5ppSojFxTe8L75ZOnFeLBVxPJG9YBGhFnATIoUei7ohbw5_t9buiIfXTQ3ZwCvG3WAGFDsOIdl3PapA1T7oTlsfQp0wQa0EDeleFBu81ytNlidJNQcXz3F9OmwYbHJ4bPMYcz-x2ATLK5w", alg: "RS256" })
[2m2025-03-25T07:54:14.707031Z[0m [32m INFO[0m [1mnode[0m[1m{[0m[3mname[0m[2m=[0mk#addeef94..[1m}[0m[2m:[0m [2msui_core::authority::authority_per_epoch_store[0m[2m:[0m [2mcrates/sui-core/src/authority/authority_per_epoch_store.rs[0m[2m:[0m[2m2388:[0m received jwk vote from k#8dcff6d1.. for jwk (JwkId { iss: "https://oauth2.playtron.one", kid: "e55421cb-cdbd-4791-a590-ad8ca798aa89" }, JWK { kty: "RSA", e: "AQAB", n: "vy8-EHvWmVHH5xi3BBvfalX9i6OuP9mz2wz1E72eMTf1ZHVbZ66O-vWlr2F2SNSyB_PURIb1KIqUcvpn6GW_vgs4EhflMJnmeZ0Fot4V6YsEOIzob7jkooeFNZ7dTDDHahtMyBd7pcJCv1afdQSTVZQeO0lm0swOm2whkw6hV7R2fBG3zLJsBUqe9oEwMa9cJ768KFfxFoEAUk3SQZ74JmkgOEKBSf26EcPcxAZTreSDAdh5-MI4oD1aawHfb5nl1CQxhRf4YcCp_MVoerKKX1-it0NkDn5xJsuN_Z3Dv5354j6OZVBZpDjN7ZwcQfLEnjwI8G4Zr9y2SC3g_fH1G-MIhe0LPDWF4egqMaIwkIDW0sMqPAnE_nSFN8Ag3KJ_iT6P2PAGJbna882IIczb5q9VXkB0RJlL4BwNHSE2q867EZBNGFTPrDJzHtM7sZ468Y4taMv0CyFdPlb0alFRsS_T658tdkt1lxrl_dzE0ixPBw99X5Rwz0XLv4yNs4BQ6RgHVZT5fGGRzXovlDx9F2ea0EleNn47KAFDs0wNjIl1oryar0pJMlb-pDPuVcGMt0XYNh5gOLty5LdAl_7PqwFsQc7QMWIGqjnSnzeGYvN7kknpfYl0SfJDQNNSJDI2b2oGUWw-K6-kCgQxxlEKbhztegiVmRGuqcDfvNqrpqc", alg: "RS256" })
[2m2025-03-25T07:54:14.707052Z[0m [32m INFO[0m [1mnode[0m[1m{[0m[3mname[0m[2m=[0mk#addeef94..[1m}[0m[2m:[0m [2msui_core::authority::authority_per_epoch_store[0m[2m:[0m [2mcrates/sui-core/src/authority/authority_per_epoch_store.rs[0m[2m:[0m[2m2388:[0m received jwk vote from k#8dcff6d1.. for jwk (JwkId { iss: "https://accounts.credenza3.com", kid: "JG6oZkIBqQdkpnCnD479zFXgMA5_I7i-aHAV0MRwvDs" }, JWK { kty: "RSA", e: "AQAB", n: "wgMHXL3avVaf-jrwvVw5bhpROsF7CnY7vzovJW4fNp_dY0abqvMga2C7fzdKNp4AFxQmXkoX_-vF7wbDRLXXmjdJ-x4YdKIA_JxsZqZKCG_k5-7UZFmHb1F3oy67uYh_xRv_H8yPSJ9TKJrAiWIBG9EFvZNy8y2pHXFDNSxTo4NzcUs_-TNhiuxWatpnduoCXWJf6I813Lxn8G9Z7Tql5fUgofW5GIygxS8zUiUZaYkLPL3_aNIFal58OzUturgiTcYrQp5WPkG56AL_Y6KNhxABjopC7WTXCeFXGXCIgb-JQpPARDaL7WL3w_w5-vR3Ra2WeQ3sddtoLtB0X234DQ", alg: "RS256" })
[2m2025-03-25T07:54:14.707074Z[0m [32m INFO[0m [1mnode[0m[1m{[0m[3mname[0m[2m=[0mk#addeef94..[1m}[0m[2m:[0m [2msui_core::authority::authority_per_epoch_store[0m[2m:[0m [2mcrates/sui-core/src/authority/authority_per_epoch_store.rs[0m[2m:[0m[2m2388:[0m received jwk vote from k#8dcff6d1.. for jwk (JwkId { iss: "https://accounts.credenza3.com", kid: "nArTrOCdn42U6zyzuZmxBIGAuYQaNyuHwUkAycsQTw8" }, JWK { kty: "RSA", e: "AQAB", n: "mb4kA1QddMUulk6AMeRekV0YEPX-x-eSx7BjbAy1qkPsGjnpwjUmGzk9jBptlCLgc1HT_qELTfpr_w5xqFcy-1ayAlg87gw86Z0IRN9ROTTE04LiHMIwH9Y8H06C_9I0H29WCMqFGlBJH9n0hYu6nPpgVkV6E-9wze10-jzi5JLqiM0tB8Ihniy2ZHGgiwG1CM--xHKkaXcFLF3d8bGlALGp1CgtiHdWeMyQ5SBzL6lmhMcnzzse0VlAIq1m94Fath217OcQcEw-VrJlyGJ8gAyi-N3O9VZAl2dykNgji9tcC1ws5IMbGyWSv5OpeHfUDN97iOcTJ4noBF7EwvIwpQ", alg: "RS256" })
[2m2025-03-25T07:54:14.732694Z[0m [32m INFO[0m [1mnode[0m[1m{[0m[3mname[0m[2m=[0mk#addeef94..[1m}[0m[2m:[0m [2msui_core::checkpoints[0m[2m:[0m [2mcrates/sui-core/src/checkpoints/mod.rs[0m[2m:[0m[2m1326:[0m Creating checkpoint(s) for 1 transactions [3mnext_checkpoint_seq[0m[2m=[0m3 [3mcheckpoint_timestamp[0m[2m=[0m1742889254168
[2m2025-03-25T07:54:14.732888Z[0m [32m INFO[0m [1mnode[0m[1m{[0m[3mname[0m[2m=[0mk#addeef94..[1m}[0m[2m:[0m [2msui_core::checkpoints::checkpoint_output[0m[2m:[0m [2mcrates/sui-core/src/checkpoints/checkpoint_output.rs[0m[2m:[0m[2m149:[0m Creating checkpoint CheckpointDigest(6zmH1K6shzZjeziFUQPiQkXXhKmE7co5gCqVd1XPjCEm) at epoch 0, sequence 3, previous digest Some(CheckpointDigest(G3WHopVux3RiXnXA2Vg8ZhwVvQbWA4nbZx1sp1Tx1DS)), transactions count 1, content digest CheckpointContentsDigest(F72WReAS34hMx7oVvmXecSX2sBBbA88DwEYbwGcJch7w), end_of_epoch_data None
[2m2025-03-25T07:54:14.735862Z[0m [32m INFO[0m [1mnode[0m[1m{[0m[3mname[0m[2m=[0mk#addeef94..[1m}[0m[2m:[0m [2msui_core::checkpoints::checkpoint_executor[0m[2m:[0m [2mcrates/sui-core/src/checkpoints/checkpoint_executor/mod.rs[0m[2m:[0m[2m332:[0m Received checkpoint summary from state sync [3msequence_number[0m[2m=[0m1
[2m2025-03-25T07:54:14.735959Z[0m [32m INFO[0m [1mnode[0m[1m{[0m[3mname[0m[2m=[0mk#99f25ef6..[1m}[0m[2m:[0m [2msui_core::checkpoints::checkpoint_output[0m[2m:[0m [2mcrates/sui-core/src/checkpoints/checkpoint_output.rs[0m[2m:[0m[2m196:[0m Certified checkpoint with sequence 2 and digest G3WHopVux3RiXnXA2Vg8ZhwVvQbWA4nbZx1sp1Tx1DS
[2m2025-03-25T07:54:14.736143Z[0m [32m INFO[0m [1mnode[0m[1m{[0m[3mname[0m[2m=[0mk#99f25ef6..[1m}[0m[2m:[0m [2mconsensus_core::core[0m[2m:[0m [2mconsensus/core/src/core.rs[0m[2m:[0m[2m630:[0m Committing 1 leaders: B3(A,5LC0)
[2m2025-03-25T07:54:14.736263Z[0m [32m INFO[0m [1mnode[0m[1m{[0m[3mname[0m[2m=[0mk#99f25ef6..[1m}[0m[2m:[0m [2mconsensus_core::commit_observer[0m[2m:[0m [2mconsensus/core/src/commit_observer.rs[0m[2m:[0m[2m173:[0m Consensus commit C3(4+vU) with leader B3(A,5LC0) has 3 blocks
[2m2025-03-25T07:54:14.736663Z[0m [32m INFO[0m [1mnode[0m[1m{[0m[3mname[0m[2m=[0mk#99f25ef6..[1m}[0m[2m:[0m [2mconsensus_core::core[0m[2m:[0m [2mconsensus/core/src/core.rs[0m[2m:[0m[2m531:[0m Created block B6(B,qnKzotnoHnzFo0rb5o2pdKlL6Jtu/Vi7Gzgb6dqhAIY=)(1742889254736ms;[B4(B,OwmplfgklfRAXAr6JBzqhgk1nsJjwfokYuWVQi9PeCQ=), B5(A,ab9RkstYKcMYJ/CZej5lQvxhl3JJ+s26+G3VVyDD8CI=), B5(C,jX/eRqcFzVHzCo40eSsnU8eON/Wh8rOF3iAMkIIUWHs=)];3t;2c) for round 6
[2m2025-03-25T07:54:14.736670Z[0m [32m INFO[0m [1mnode[0m[1m{[0m[3mname[0m[2m=[0mk#addeef94..[1m}[0m[2m:[0m [2msui_core::state_accumulator[0m[2m:[0m [2mcrates/sui-core/src/state_accumulator.rs[0m[2m:[0m[2m675:[0m accumulating running root for checkpoint 1
[2m2025-03-25T07:54:14.737034Z[0m [32m INFO[0m [1mnode[0m[1m{[0m[3mname[0m[2m=[0mk#99f25ef6..[1m}[0m[2m:[0m [2msui_core::consensus_handler[0m[2m:[0m [2mcrates/sui-core/src/consensus_handler.rs[0m[2m:[0m[2m232:[0m Received consensus output [3mconsensus_commit[0m[2m=[0mCommittedSubDag(leader=B3(A,5LC0), ref=C3(4+vU), blocks=[z816, rVsD, 5LC0]) [3mepoch[0m[2m=[0m0
[2m2025-03-25T07:54:14.777666Z[0m [32m INFO[0m [1mnode[0m[1m{[0m[3mname[0m[2m=[0mk#99f25ef6..[1m}[0m[2m:[0m [2msui_core::authority::authority_per_epoch_store[0m[2m:[0m [2mcrates/sui-core/src/authority/authority_per_epoch_store.rs[0m[2m:[0m[2m2306:[0m received capabilities AuthorityCapabilities { authority: k#8dcff6d1.., generation: 1742889253086, supported_protocol_versions: SupportedProtocolVersions { min: ProtocolVersion(1), max: ProtocolVersion(70) }, available_system_packages: [(0x0000000000000000000000000000000000000000000000000000000000000001, SequenceNumber(1), o#96Jb9mkzfqNLYnEMpVxB5dqrKbBaj23w7iXPjTYFdrQw), (0x0000000000000000000000000000000000000000000000000000000000000002, SequenceNumber(2), o#26xJj5urud1ErPtdD9Ak2uWtBGmzeb1ixJimJbkEhqzi), (0x00000000000000000000000000000000000000000000000000000000000000c8, SequenceNumber(2), o#8mxAzFggYWTk2EcWLVbvhGohJUAeKimeRNdivg4tL1ff), (0x0000000000000000000000000000000000000000000000000000000000000003, SequenceNumber(2), o#DF5dfASe4ZDkSCbUKiNv6i44DUPQSgtpV7BoPFJxNLcu), (0x000000000000000000000000000000000000000000000000000000000000000b, SequenceNumber(2), o#8vwgz9iNeskH5LiGvDEfqFhuxwuiUVnKJBbDthPcVcK1)] }
[2m2025-03-25T07:54:14.777769Z[0m [32m INFO[0m [1mnode[0m[1m{[0m[3mname[0m[2m=[0mk#99f25ef6..[1m}[0m[2m:[0m [2msui_core::authority::authority_per_epoch_store[0m[2m:[0m [2mcrates/sui-core/src/authority/authority_per_epoch_store.rs[0m[2m:[0m[2m2388:[0m received jwk vote from k#8dcff6d1.. for jwk (JwkId { iss: "https://oauth.sui.io", kid: "sui-key-id" }, JWK { kty: "RSA", e: "AQAB", n: "wdar6dBP7b88u6o190uXBK4yPS76OxFjiHDPwOyJwJiiAE3YRq8y_pfyQVua9nEasgrPfEBzVoC5QCld8NAC88uvbNKyoLZ6w5KlFjp88q2Sfy7nAzh3I-AnjsL6zl43NZrKep4_Nmb5nJeafcEi6B5MsYYDWW1Nn26O7ob9IWRNWcaTKhOhqDzbiN_66azN-NgaP_uHjlu1xuMV0kRt-luLSTXJS3S2n8PVNCxr3Gr2oViUpP8kSa-0i5vsg3gNtSfBY97AbChwOnyazj_PoaVD6zbEC4L5gvRZJA6vyoAWF_ZumvkwC3fxcFIBnSKMlGzS_Z-bUyQDCQy_BG9AOw", alg: "RS256" })
[2m2025-03-25T07:54:14.777791Z[0m [32m INFO[0m [1mnode[0m[1m{[0m[3mname[0m[2m=[0mk#99f25ef6..[1m}[0m[2m:[0m [2msui_core::authority::authority_per_epoch_store[0m[2m:[0m [2mcrates/sui-core/src/authority/authority_per_epoch_store.rs[0m[2m:[0m[2m2425:[0m jwk became active [3mepoch[0m[2m=[0m0 [3mround[0m[2m=[0m3 [3mjwk[0m[2m=[0m(JwkId { iss: "https://oauth.sui.io", kid: "sui-key-id" }, JWK { kty: "RSA", e: "AQAB", n: "wdar6dBP7b88u6o190uXBK4yPS76OxFjiHDPwOyJwJiiAE3YRq8y_pfyQVua9nEasgrPfEBzVoC5QCld8NAC88uvbNKyoLZ6w5KlFjp88q2Sfy7nAzh3I-AnjsL6zl43NZrKep4_Nmb5nJeafcEi6B5MsYYDWW1Nn26O7ob9IWRNWcaTKhOhqDzbiN_66azN-NgaP_uHjlu1xuMV0kRt-luLSTXJS3S2n8PVNCxr3Gr2oViUpP8kSa-0i5vsg3gNtSfBY97AbChwOnyazj_PoaVD6zbEC4L5gvRZJA6vyoAWF_ZumvkwC3fxcFIBnSKMlGzS_Z-bUyQDCQy_BG9AOw", alg: "RS256" })
[2m2025-03-25T07:54:14.777807Z[0m [32m INFO[0m [1mnode[0m[1m{[0m[3mname[0m[2m=[0mk#99f25ef6..[1m}[0m[2m:[0m [2msui_core::authority::authority_per_epoch_store[0m[2m:[0m [2mcrates/sui-core/src/authority/authority_per_epoch_store.rs[0m[2m:[0m[2m2388:[0m received jwk vote from k#8dcff6d1.. for jwk (JwkId { iss: "https://login.onepassport.onefc.com/de3ee5c1-5644-4113-922d-e8336569a462/v2.0/", kid: "X-yzFPFMdWtJQ1oJXiGRVnn061ezrvZz596xN3mCfyQ" }, JWK { kty: "RSA", e: "AQAB", n: "t4ZoVgvyj7jKNq-ydYvgYVn5avBR9H4BQrKy2FWlR49siiMFWhxYXtPs7o4J6hhUgo00nk9pf-7rg7XnTiI7MFp2DluhWZK41YFfyGhDpbG9EImqvmy1N8poj5fid1lAjH2CfjtDyywgV84ViQ1hA5-noOrLhjb-zMZp_yKMSEeY_Ewx70jwhXevvrANKblNUFVJPQ7EI6_La-uALNBeQfu5OgPiMPiswhoQz0bhproUc7GiRxBw-9n72z3JU3HMy9mByrDnNfaZ13_Kmp9zgZYxynv5XXWJFGVHv3GZ_cDYg6OqahmrwMhT3GYTZ8JjMzZj4gH8MCCGPxde9SotKQ", alg: "RS256" })
[2m2025-03-25T07:54:14.777823Z[0m [32m INFO[0m [1mnode[0m[1m{[0m[3mname[0m[2m=[0mk#99f25ef6..[1m}[0m[2m:[0m [2msui_core::authority::authority_per_epoch_store[0m[2m:[0m [2mcrates/sui-core/src/authority/authority_per_epoch_store.rs[0m[2m:[0m[2m2425:[0m jwk became active [3mepoch[0m[2m=[0m0 [3mround[0m[2m=[0m3 [3mjwk[0m[2m=[0m(JwkId { iss: "https://login.onepassport.onefc.com/de3ee5c1-5644-4113-922d-e8336569a462/v2.0/", kid: "X-yzFPFMdWtJQ1oJXiGRVnn061ezrvZz596xN3mCfyQ" }, JWK { kty: "RSA", e: "AQAB", n: "t4ZoVgvyj7jKNq-ydYvgYVn5avBR9H4BQrKy2FWlR49siiMFWhxYXtPs7o4J6hhUgo00nk9pf-7rg7XnTiI7MFp2DluhWZK41YFfyGhDpbG9EImqvmy1N8poj5fid1lAjH2CfjtDyywgV84ViQ1hA5-noOrLhjb-zMZp_yKMSEeY_Ewx70jwhXevvrANKblNUFVJPQ7EI6_La-uALNBeQfu5OgPiMPiswhoQz0bhproUc7GiRxBw-9n72z3JU3HMy9mByrDnNfaZ13_Kmp9zgZYxynv5XXWJFGVHv3GZ_cDYg6OqahmrwMhT3GYTZ8JjMzZj4gH8MCCGPxde9SotKQ", alg: "RS256" })
[2m2025-03-25T07:54:14.777838Z[0m [32m INFO[0m [1mnode[0m[1m{[0m[3mname[0m[2m=[0mk#99f25ef6..[1m}[0m[2m:[0m [2msui_core::authority::authority_per_epoch_store[0m[2m:[0m [2mcrates/sui-core/src/authority/authority_per_epoch_store.rs[0m[2m:[0m[2m2388:[0m received jwk vote from k#8dcff6d1.. for jwk (JwkId { iss: "https://slack.com", kid: "mB2MAyKSn555isd0EbdhKx6nkyAi9xLq8rvCEb_nOyY" }, JWK { kty: "RSA", e: "AQAB", n: "zQqzXfb677bpMKw0idKC5WkVLyqk04PWMsWYJDKqMUUuu_PmzdsvXBfHU7tcZiNoHDuVvGDqjqnkLPEzjXnaZY0DDDHvJKS0JI8fkxIfV1kNy3DkpQMMhgAwnftUiSXgb5clypOmotAEm59gHPYjK9JHBWoHS14NYEYZv9NVy0EkjauyYDSTz589aiKU5lA-cePG93JnqLw8A82kfTlrJ1IIJo2isyBGANr0YzR-d3b_5EvP7ivU7Ph2v5JcEUHeiLSRzIzP3PuyVFrPH659Deh-UAsDFOyJbIcimg9ITnk5_45sb_Xcd_UN6h5I7TGOAFaJN4oi4aaGD4elNi_K1Q", alg: "RS256" })
[2m2025-03-25T07:54:14.777857Z[0m [32m INFO[0m [1mnode[0m[1m{[0m[3mname[0m[2m=[0mk#99f25ef6..[1m}[0m[2m:[0m [2msui_core::authority::authority_per_epoch_store[0m[2m:[0m [2mcrates/sui-core/src/authority/authority_per_epoch_store.rs[0m[2m:[0m[2m2388:[0m received jwk vote from k#8dcff6d1.. for jwk (JwkId { iss: "https://accounts.fantv.world", kid: "PODsfgAn4twvCLjNt9QmEEiAcCa3Z6C10LxrDxvi3bA" }, JWK { kty: "RSA", e: "AQAB", n: "z9Y8JtahOmbujGwGCe9tT24ur_AuJqNMdWPA6TXia4EDR8iQMrw_DxY3gBDrNqM9ml2NLkO3jo-OI78fl0RbuKepUCko-E2lB0If95L1xB2pWmUpqO8Pa7IilX4oO7h_o_mpUYXoC0wEocJyIjBRWtjqMkM6LhF9tk9-zcl2tcRFkiV1gcGe7FP529jQkSjMK8Ide0T30ZdlGQ7l6b0tuRoYFjoMnGQvl-14QYmSOHvHOqaVSD09KEMmQ4CllDMXZwCBfTRSkRfCTf33qSxm6aEdQcYA2mQD6tIVINuuCOelRhf-GkgfFFUkCM61PmlNm6JXLJgtUWsofaMQ4Yzpiw", alg: "RS256" })
[2m2025-03-25T07:54:14.777879Z[0m [32m INFO[0m [1mnode[0m[1m{[0m[3mname[0m[2m=[0mk#99f25ef6..[1m}[0m[2m:[0m [2msui_core::authority::authority_per_epoch_store[0m[2m:[0m [2mcrates/sui-core/src/authority/authority_per_epoch_store.rs[0m[2m:[0m[2m2388:[0m received jwk vote from k#8dcff6d1.. for jwk (JwkId { iss: "https://cognito-idp.eu-west-3.amazonaws.com/eu-west-3_gGVCx53Es", kid: "JbFCSYl4Xp4UYEJHo7R0iwl/Xf3F5+z72stu8iH+QxY=" }, JWK { kty: "RSA", e: "AQAB", n: "o09QloKDInGEWvXK0aZr67RnfU9l0kmTOldGF8t36ExfBWNvRsTiTfn4VdetcJlIDrmxQSSP-2toXqQ7m1t4_idKNjkb7s1FsAtWy60mAfmyeMcGhegmxxxMtWJsk2hbY_oRuTPQEUDnTfnIMUL-oDmc_HmRNzYPrbCJolIWC2r2gkJ-q6jwGEujkaeoQq3wM_NTkeBO_rrCUngIUykbbczkMF8vELGewPgwqTjd9ZTTf08kUPF9IUtT-VyF0U-I1xrQrmU9opQ209I-Dk-ehxIHWN85nlLBxu0Krb9adSx_HDEOd00wNSQgPBkvCUPpVmC10UO7hHxzGSi7czrlsw", alg: "RS256" })
[2m2025-03-25T07:54:14.777897Z[0m [32m INFO[0m [1mnode[0m[1m{[0m[3mname[0m[2m=[0mk#99f25ef6..[1m}[0m[2m:[0m [2msui_core::authority::authority_per_epoch_store[0m[2m:[0m [2mcrates/sui-core/src/authority/authority_per_epoch_store.rs[0m[2m:[0m[2m2388:[0m received jwk vote from k#8dcff6d1.. for jwk (JwkId { iss: "https://cognito-idp.eu-west-3.amazonaws.com/eu-west-3_gGVCx53Es", kid: "FIqQqeRU1EQP75fBeds+wL2yczwvbDy1NF6T/f5Oe5o=" }, JWK { kty: "RSA", e: "AQAB", n: "va55QtSTFhvqx0IL8UAPNZf6x5NO9jK88Wyct-i67grbDJZyXLSxz5oSttoIHkaJZQWgl_qsgyxDpHeSMznliS0K7rXFwaw81PwDIB_ek8uKhXmaQ6ryPAaO-8kvR46o-EYyVk9wWPDHTtN6NEbiUxGoDqOoiVCrVJLsFdoia7-MMVJnR2VokbEgGGbJkZu2MipikQvk_b7BGF__5mKvCJc6hCEJcxIUFvETKA9AOhjgxLvE9U8Ke6XRfmDLKovDAsDaZsWP6VPN0HoBi5mak9CgUqmxwnvNJFLhpjawD9E23O_l4aBcie56eFcC_knUa2VOHymBoJ0On3p03yxs7Q", alg: "RS256" })
[2m2025-03-25T07:54:14.777915Z[0m [32m INFO[0m [1mnode[0m[1m{[0m[3mname[0m[2m=[0mk#99f25ef6..[1m}[0m[2m:[0m [2msui_core::authority::authority_per_epoch_store[0m[2m:[0m [2mcrates/sui-core/src/authority/authority_per_epoch_store.rs[0m[2m:[0m[2m2388:[0m received jwk vote from k#8dcff6d1.. for jwk (JwkId { iss: "https://appleid.apple.com", kid: "rs0M3kOV9p" }, JWK { kty: "RSA", e: "AQAB", n: "zH5so3zLsgmRypxAAYJimfF9cx3ISSyHyzjDP3yvE9ieqpnjFJhzgCP8L4oKO9vUFNpoG1ub7I3paYNY6Vb2yc4chnsjJxB3j0jomJ3iI9MlWoVecTFG2tywyx5NRhy3YfTUpw2uCLafzWrpIJIoKUCGM6iUgaIFjvfi-cGT5T_5eUSWZHN-ziH69mGcbMRGLQEixQUatwru9i4i-OSk-w-JmLOqAzRP1mVn1tcZRIoGSB2PFSSJX9SK90OX8i5sj7dpIO_2xbGMtyNJkDzGq88x1pMJ4sv6HMj-tx4QrpGDbUi7zBCgbBnNSGSB_LBv4dbswwWY96ckHgx9yf_7IQ", alg: "RS256" })
[2m2025-03-25T07:54:14.777932Z[0m [32m INFO[0m [1mnode[0m[1m{[0m[3mname[0m[2m=[0mk#99f25ef6..[1m}[0m[2m:[0m [2msui_core::authority::authority_per_epoch_store[0m[2m:[0m [2mcrates/sui-core/src/authority/authority_per_epoch_store.rs[0m[2m:[0m[2m2388:[0m received jwk vote from k#8dcff6d1.. for jwk (JwkId { iss: "https://appleid.apple.com", kid: "dMlERBaFdK" }, JWK { kty: "RSA", e: "AQAB", n: "ryLWkB74N6SJNRVBjKF6xKMfP-QW3AAsJotv0LjVtf7m4NZNg_gTL78e7O8wmvngF8FuzBrvqf1mGW17Ct8BgNK6YXxnoGL0YLmlwXbmCZvTXki0VlEW1PDXeViWy7qXaCp2caF5v4OOdPsgroxNO_DgJRTuA_izJ4DFZYHCHXwojfdWJiDYG67j5PlD5pXKGx7zaqyryjovZTEII_Z1_bhFCRUZRjfJ3TVoK0fZj2z7iAZWjn33i-V3zExUhwzEyeuGph0118NfmOLCUEy_Jd4xvLf_X4laPpe9nq8UeORfs72yz2qH7cHDKL85W6oG08Gu05JWuAs5Ay49WxJrmw", alg: "RS256" })
[2m2025-03-25T07:54:14.777959Z[0m [32m INFO[0m [1mnode[0m[1m{[0m[3mname[0m[2m=[0mk#99f25ef6..[1m}[0m[2m:[0m [2msui_core::authority::authority_per_epoch_store[0m[2m:[0m [2mcrates/sui-core/src/authority/authority_per_epoch_store.rs[0m[2m:[0m[2m2388:[0m received jwk vote from k#8dcff6d1.. for jwk (JwkId { iss: "https://appleid.apple.com", kid: "rBRfVmqsjn" }, JWK { kty: "RSA", e: "AQAB", n: "pPOaiF5yL-y42FaKg9PYASR5-rdTK7NEiteNUAzNp0zkta-HW-tgLNLNlsft3zcrsgOLqXxhX7qzlI3JGH-wSs7_v2XNSg57QhOTxPDqtUfy5DegtiSOgwE947OBTwCWo2R6cGZD1T8ysfO2HuKheq2hEwZU4Y-8qT19WWOhZHs4CVt7A5mzpIgWuUVw766VTyqrqKev32DOUPIqFocFz3tuty95S9t_OYnaPCcET-b6DV_eT7psPhqhl5nNUm0lzkCQ53-9kxQNJxBciy0wiBcAexD4KppKRRD3evFpOSxD1R6Kg2DIG5UnbVVqn5nhZA9RH-t50f_biqV3KlSHJQ", alg: "RS256" })
[2m2025-03-25T07:54:14.777976Z[0m [32m INFO[0m [1mnode[0m[1m{[0m[3mname[0m[2m=[0mk#99f25ef6..[1m}[0m[2m:[0m [2msui_core::authority::authority_per_epoch_store[0m[2m:[0m [2mcrates/sui-core/src/authority/authority_per_epoch_store.rs[0m[2m:[0m[2m2388:[0m received jwk vote from k#8dcff6d1.. for jwk (JwkId { iss: "https://login.microsoftonline.com/v2.0", kid: "JDNa_4i4r7FgigL3sHIlI3xV-IU" }, JWK { kty: "RSA", e: "AQAB", n: "iQ745_U-vjkxPblaw6phBpe08fC42mpcrS4pcr15HiyZQyQV-BFcEVyLwPdsz3ulMRN7OB_UMfCcPBHqOjguejoab6hyJFVVMw_epP4a3SpQN9qaCbnqaSxgSGiqSq663g3TjsF_Wu1m9L41eNoF6Yvh5kULMd6lqjY0LPO5ZZxaQFLtIHahoJKMvYy1BTS0VYcNsXTjxkgUEL6Vc8GV5vaClbnY3VA2hLbXC1SGJWjVGdYXhkuck2tHr58u87MPEaQ33C6YfyISZKsdumF5bTCcIH75jjC3WbMVOLgWg5w0MSiHOFyI76Ihxbb0nRicEuao0WzO9AS7HJ7L24FHFQ", alg: "RS256" })
[2m2025-03-25T07:54:14.777996Z[0m [32m INFO[0m [1mnode[0m[1m{[0m[3mname[0m[2m=[0mk#99f25ef6..[1m}[0m[2m:[0m [2msui_core::authority::authority_per_epoch_store[0m[2m:[0m [2mcrates/sui-core/src/authority/authority_per_epoch_store.rs[0m[2m:[0m[2m2388:[0m received jwk vote from k#8dcff6d1.. for jwk (JwkId { iss: "https://login.microsoftonline.com/v2.0", kid: "JYhSOsHhDZrc5kfqQg8ujkHMTNY" }, JWK { kty: "RSA", e: "AQAB", n: "xxMRcusywRId_dJR_edc-qe_M3vhXONCz7QDhjVfoqHWbt9lQCXCVIsIo9VJI1nGT1F6NkXEIBt462x2p1w2cgf4AF86dGhbTpR-k81WLR5gNjkhpPqB1PCitichVIKbHAvOyYEAaJnEyCiJqIlU_Zg5L5FzRqv_N_3-fhYvWK0pc3m1Ohyd2kNRg1Nbcp5ogt7mBjec7MErfi-N0o54vXfsK6hM2m7h0sZwVd4CxgPqnpBtm2htM9xaKpnwkYoEL3va3bPI1VGGp9QLZwMV6RAHOy_ORpz4xarG-z7lZUCLO0X1So05rn7w5edBmfblUQlPL3BljbUVB3abd9SNXw", alg: "RS256" })
[2m2025-03-25T07:54:14.778017Z[0m [32m INFO[0m [1mnode[0m[1m{[0m[3mname[0m[2m=[0mk#99f25ef6..[1m}[0m[2m:[0m [2msui_core::authority::authority_per_epoch_store[0m[2m:[0m [2mcrates/sui-core/src/authority/authority_per_epoch_store.rs[0m[2m:[0m[2m2388:[0m received jwk vote from k#8dcff6d1.. for jwk (JwkId { iss: "https://login.microsoftonline.com/v2.0", kid: "CNv0OI3RwqlHFEVnaoMAshCH2XE" }, JWK { kty: "RSA", e: "AQAB", n: "hz6fUSCSAuiyQz6L1nQj4za8kItevJzxhVbecMigTIl9pXZSHZa3gzMgtapnb1q96CG5qvR78dH6ZvTKL8MzN4VfGgZhvLEv5LJKeo0tGgBIS65wxIiJYj9ExEDqFkw9RdhW1nN8IN9eO76PbC-fdEPtDekA2BaITY2DARISKN4Ke0RLBEWNrKeEjjOzrygS2e3Q9NVzE51ZGGQAGHau7atHy8M_qA1nnd2dMUgUMnEYIMzDBTSKz17G6itJOdanGvG3wXvdpndKffnDppaPkyWbnybdMI4IP7q6WsCqnt3Gtg-baG6GDqZQQEBp9C9gLAFv4ORTRlpD3w0gCMh7xw", alg: "RS256" })
[2m2025-03-25T07:54:14.778036Z[0m [32m INFO[0m [1mnode[0m[1m{[0m[3mname[0m[2m=[0mk#99f25ef6..[1m}[0m[2m:[0m [2msui_core::authority::authority_per_epoch_store[0m[2m:[0m [2mcrates/sui-core/src/authority/authority_per_epoch_store.rs[0m[2m:[0m[2m2388:[0m received jwk vote from k#8dcff6d1.. for jwk (JwkId { iss: "https://login.microsoftonline.com/v2.0", kid: "-cgAvjmmQ24Ks20zIpDB4SW894w" }, JWK { kty: "RSA", e: "AQAB", n: "otM7AZjL81wdSVdrkQtt6shrQiAT8OZJeIKTeRJgrDYXKzaVXs0WFXVCjCv9GuCktF-tereotfZlcskamfuupe574o76CJy6AUtuY7wt0OKqxoSJMRuUJvA_NNkT50C_dTDHTtF7kiGBwWvHEkHeZAgT52E8bfNJswV28GsPscM9vG2ylUPyiaEIsGi0cg_JllbnfBjGhfA_lzmrB9Iw75E3f1Hnk2uAs1KcHJGSH3EwHJ5tUeo9WtLGjRAfH1kGtPjkktNaw3V8EukEzgIfILV8udpWYE79A_p5jFUnTNkQxsviNxG537JMooa1ZoYveDv_f6LCj1o7MNZQVlD3tw", alg: "RS256" })
[2m2025-03-25T07:54:14.778053Z[0m [32m INFO[0m [1mnode[0m[1m{[0m[3mname[0m[2m=[0mk#99f25ef6..[1m}[0m[2m:[0m [2msui_core::authority::authority_per_epoch_store[0m[2m:[0m [2mcrates/sui-core/src/authority/authority_per_epoch_store.rs[0m[2m:[0m[2m2388:[0m received jwk vote from k#8dcff6d1.. for jwk (JwkId { iss: "https://login.microsoftonline.com/v2.0", kid: "dd55f7QP3HZky-ekQBDWKe7ADN0" }, JWK { kty: "RSA", e: "AQAB", n: "s950MOniBjjiB82Zx5FehPuYJKtguUAP5vpMNZ6JxYLGzn5h3FPplx0kkPEezg7dnH-sFxGwq_C7P14ja0YmHUkmozqdbg4GRS8xp9Ue0-KWs4BTTkXvMPnc3xBU6be4SmHK-c7A0E54YfokiY1KTRCaq_RRPDlVZJuc6s6rK4nRoPo0eOCj7H4b--QnKmPXiFSPNp40NC7FRfx9m7SYSltubIDzq1f4j2Qlrv90f2kT5DP81_2DGdHZ_ao7ypPX2_z_m4ycQgfAhIYhNHRai6iGtbU6NPkw38LS29bVbGycVCaBoq6_re8k_UiOM7gP9l96QDFnkMmNhpRxT7t34w", alg: "RS256" })
[2m2025-03-25T07:54:14.778070Z[0m [32m INFO[0m [1mnode[0m[1m{[0m[3mname[0m[2m=[0mk#99f25ef6..[1m}[0m[2m:[0m [2msui_core::authority::authority_per_epoch_store[0m[2m:[0m [2mcrates/sui-core/src/authority/authority_per_epoch_store.rs[0m[2m:[0m[2m2388:[0m received jwk vote from k#8dcff6d1.. for jwk (JwkId { iss: "https://login.microsoftonline.com/v2.0", kid: "ntzdbvo449IBJV0Yy_T--gOiPI8" }, JWK { kty: "RSA", e: "AQAB", n: "uYmKqopaxMNlFJ3QUgTM6TcWvR00WVPs4sCAl5Inr5tCIWbqC1IzVt74_eGPw9OypfM4YpEfAz5czFWgRRVcRQYNwDWSAXTSh-vkqK2meW4HQp7W33NCoz_kZ6JR-xwWJZCOtQa0RNwNTVuHTL2dyJo6DUShxVPtG6c8sV4gFCEz0moHBrf5njywV0GGkQgYe98GeCL3Mv2kx4WVf0pHkSELJfW5JN6jvD_05fY_g3LKsXqXm9u1cS39K4iULFVeeoz5jBMKl5h6w3lqSeBtzmqHpw6YVxcDu_bRUd_rqZUvTaZUgS_EfpOpOicaQN--90nzp4givQYEvWtDBtan5Q", alg: "RS256" })
[2m2025-03-25T07:54:14.778106Z[0m [32m INFO[0m [1mnode[0m[1m{[0m[3mname[0m[2m=[0mk#99f25ef6..[1m}[0m[2m:[0m [2msui_core::authority::authority_per_epoch_store[0m[2m:[0m [2mcrates/sui-core/src/authority/authority_per_epoch_store.rs[0m[2m:[0m[2m2388:[0m received jwk vote from k#8dcff6d1.. for jwk (JwkId { iss: "https://login.microsoftonline.com/v2.0", kid: "PDRf_Bs8CkDdi7av6hKLwRnNHmk" }, JWK { kty: "RSA", e: "AQAB", n: "v2R1eCh9xaZjAqn0FTf-DuDy3BFsJHc_lsv4K1Ycd1qnF5DwHC7mxnoTsA_dnI8BJvZsCAI7kkFjqKqXDSVYwRM05733_EPekLqLlb02-XLcOziMsOEMpXRrl1wFGHK5zmh2D4ZLsEId2Gdk1fcLzwjCg5iqQxi17DQFDoi0aWUKnkN62sSbiUvzd11eUl0N_beLZ0HYf53wk8r9P3reVhz9W7P8KwNBf7JyiLxmRP_yD9n3650iXi1qp8bZcAt9WmMZ2H6iHHhb7biXwvrJuf2id72VPvV6qkVu6jwUVW5yh6dIvCtPYEA7JNMWyBEXOjJbZ-3l3szj1GSV5m8eAQ", alg: "RS256" })
[2m2025-03-25T07:54:14.778123Z[0m [32m INFO[0m [1mnode[0m[1m{[0m[3mname[0m[2m=[0mk#99f25ef6..[1m}[0m[2m:[0m [2msui_core::authority::authority_per_epoch_store[0m[2m:[0m [2mcrates/sui-core/src/authority/authority_per_epoch_store.rs[0m[2m:[0m[2m2388:[0m received jwk vote from k#8dcff6d1.. for jwk (JwkId { iss: "https://accounts.karrier.one/", kid: "E760D111C1A1296E6D1D85F7EB18DDBAA0EC2B4E" }, JWK { kty: "RSA", e: "AQAB", n: "3s6cCgr0tKeYEy_MGYDZ7ByPgI0Bv-JimxiSNOytvXb6xvcxE_jjEiEkMg6R3frYXWWuM3V4DMB3WGc8ePDACM9e3ly8jEpxA90nJ1eE94a9bF5wQGtC8_oqw2DajBt6O5ZTSKFJhMQMyzKUXmqT_m1DsUHm0uNGPulMp2CmSE8xtFLlXdxl_8on4zN_4PboPgOrl65DKcw6THTuNcasffyxVeK6_HbuEDLp-Q1v8PtvW98TO2GvOK-yNLDrpgqeh0fnnUBHR2tkMaJ3nnLNdEkVfeBQlafCvwJPRrGX83POq6SC-WAoP6IOH9BXd0DwRvqgCj2uWhtk9yEamJ7Q2Q", alg: "RS256" })
[2m2025-03-25T07:54:14.778139Z[0m [32m INFO[0m [1mnode[0m[1m{[0m[3mname[0m[2m=[0mk#99f25ef6..[1m}[0m[2m:[0m [2msui_core::authority::authority_per_epoch_store[0m[2m:[0m [2mcrates/sui-core/src/authority/authority_per_epoch_store.rs[0m[2m:[0m[2m2388:[0m received jwk vote from k#8dcff6d1.. for jwk (JwkId { iss: "https://accounts.karrier.one/", kid: "B65FDCAA152E04ADE817314CF6A06F4ECABF4CFB" }, JWK { kty: "RSA", e: "AQAB", n: "ra5LGXik2tB6apOePLdwT0ID-Kevzoyy_qcvHhvGJbrY_0PVaT3yM2t_UyvNlh60QYmtIxmGE1vTfbD6moDg0y1WLZ2tMfJ56YT23LYW-quzHHpw3pcAi8EVCFiU7pB4XHHBv-0F_eS7qGQr4Y38QyWKEzg6kv4X_xpMxEpVYmRVgYu8rGXqwCHIFq1Dc3v9Op83hO2q-geeidXjosydxgb6LdOpc27Q_0gzDM2vTaI0k8fqauVGilcYw3OxeqL5jVrdSeyaq4meHrquLdGCbI_KQiS08GJ9BZ4QchfTK70lzKasCsTcW5jd2Ci7DYoPvY-FrR8zPaxHj9jjTkAW3Q", alg: "RS256" })
[2m2025-03-25T07:54:14.778156Z[0m [32m INFO[0m [1mnode[0m[1m{[0m[3mname[0m[2m=[0mk#99f25ef6..[1m}[0m[2m:[0m [2msui_core::authority::authority_per_epoch_store[0m[2m:[0m [2mcrates/sui-core/src/authority/authority_per_epoch_store.rs[0m[2m:[0m[2m2388:[0m received jwk vote from k#8dcff6d1.. for jwk (JwkId { iss: "https://cognito-idp.us-east-1.amazonaws.com/us-east-1_qPsZxYqd8", kid: "VHA/vY1d2h7X33DpZ6ZBDRfnCS/OIgiV7toCdxyEUDY=" }, JWK { kty: "RSA", e: "AQAB", n: "7nb7CxiOI5bgf80jk1WOwi6Fmo9EJzIugpl-gZehOgL4cVAmvp1ChVZMwxTRM62hIQ6Ab6k0vmLBq_jZFx6MeU4c1xTipIohOEK_5HjbesM9OuduHkujN6J7Az4ON4TyHtJOXs3-xdVbjWQwP5L2O_N334ZIb9n-hRxGRhKaQLciSNEt3TQ2ookJaa1q9UinlA0jJyIMLJXmpSdvUP_0QizT88wrenRs3PccgKBQgvtQx569yvL6YnzaRSa8pL7saNy2KqevDHkIvRfqEckduoFQTyiL5OTz6canJYaklw-OImrO1eQF2Z_TsamXKKdk9-k9WFwYx4ftDTdacDflaw", alg: "RS256" })
[2m2025-03-25T07:54:14.778174Z[0m [32m INFO[0m [1mnode[0m[1m{[0m[3mname[0m[2m=[0mk#99f25ef6..[1m}[0m[2m:[0m [2msui_core::authority::authority_per_epoch_store[0m[2m:[0m [2mcrates/sui-core/src/authority/authority_per_epoch_store.rs[0m[2m:[0m[2m2388:[0m received jwk vote from k#8dcff6d1.. for jwk (JwkId { iss: "https://cognito-idp.us-east-1.amazonaws.com/us-east-1_qPsZxYqd8", kid: "lGbuLXh42ChSJwrMUEBO2npnvMzdAHqOj6DNZieDuVA=" }, JWK { kty: "RSA", e: "AQAB", n: "2e3M6UZo5G1r3eYi1h_dqng0lhNHE6bwSrnEmTMygjDaejpcjWKY9ICFtcz-lP_HEx_q67HsaM7QUIGpTEtAXqQHyxbMAcPlUwKSD8y_mZJlDDM4kI7KJQLW4M-904gDvih5FbnJc-QNkH1Z7vHwDpLOam53x8QQj7rjoXBzH0q0JVlv5PU5ZEoqCc2PIJCtxzZApXzMt0lnqw8DB55P4_czdplVkd80UhPAz1gM3ysTIQi2eblMvkUp98orOlpsp434g6mnrdgYFLOleuuwNraRTJRi0r9Dn9ToILY7Arywi5jS8M496CXJUFAB9UKXKrTa9pazlnRMiFBochRRZw", alg: "RS256" })
[2m2025-03-25T07:54:14.778192Z[0m [32m INFO[0m [1mnode[0m[1m{[0m[3mname[0m[2m=[0mk#99f25ef6..[1m}[0m[2m:[0m [2msui_core::authority::authority_per_epoch_store[0m[2m:[0m [2mcrates/sui-core/src/authority/authority_per_epoch_store.rs[0m[2m:[0m[2m2388:[0m received jwk vote from k#99f25ef6.. for jwk (JwkId { iss: "https://login.onepassport.onefc.com/de3ee5c1-5644-4113-922d-e8336569a462/v2.0/", kid: "X-yzFPFMdWtJQ1oJXiGRVnn061ezrvZz596xN3mCfyQ" }, JWK { kty: "RSA", e: "AQAB", n: "t4ZoVgvyj7jKNq-ydYvgYVn5avBR9H4BQrKy2FWlR49siiMFWhxYXtPs7o4J6hhUgo00nk9pf-7rg7XnTiI7MFp2DluhWZK41YFfyGhDpbG9EImqvmy1N8poj5fid1lAjH2CfjtDyywgV84ViQ1hA5-noOrLhjb-zMZp_yKMSEeY_Ewx70jwhXevvrANKblNUFVJPQ7EI6_La-uALNBeQfu5OgPiMPiswhoQz0bhproUc7GiRxBw-9n72z3JU3HMy9mByrDnNfaZ13_Kmp9zgZYxynv5XXWJFGVHv3GZ_cDYg6OqahmrwMhT3GYTZ8JjMzZj4gH8MCCGPxde9SotKQ", alg: "RS256" })
[2m2025-03-25T07:54:14.778210Z[0m [32m INFO[0m [1mnode[0m[1m{[0m[3mname[0m[2m=[0mk#99f25ef6..[1m}[0m[2m:[0m [2msui_core::authority::authority_per_epoch_store[0m[2m:[0m [2mcrates/sui-core/src/authority/authority_per_epoch_store.rs[0m[2m:[0m[2m2388:[0m received jwk vote from k#99f25ef6.. for jwk (JwkId { iss: "https://oauth.sui.io", kid: "sui-key-id" }, JWK { kty: "RSA", e: "AQAB", n: "wdar6dBP7b88u6o190uXBK4yPS76OxFjiHDPwOyJwJiiAE3YRq8y_pfyQVua9nEasgrPfEBzVoC5QCld8NAC88uvbNKyoLZ6w5KlFjp88q2Sfy7nAzh3I-AnjsL6zl43NZrKep4_Nmb5nJeafcEi6B5MsYYDWW1Nn26O7ob9IWRNWcaTKhOhqDzbiN_66azN-NgaP_uHjlu1xuMV0kRt-luLSTXJS3S2n8PVNCxr3Gr2oViUpP8kSa-0i5vsg3gNtSfBY97AbChwOnyazj_PoaVD6zbEC4L5gvRZJA6vyoAWF_ZumvkwC3fxcFIBnSKMlGzS_Z-bUyQDCQy_BG9AOw", alg: "RS256" })
[2m2025-03-25T07:54:14.778227Z[0m [32m INFO[0m [1mnode[0m[1m{[0m[3mname[0m[2m=[0mk#99f25ef6..[1m}[0m[2m:[0m [2msui_core::authority::authority_per_epoch_store[0m[2m:[0m [2mcrates/sui-core/src/authority/authority_per_epoch_store.rs[0m[2m:[0m[2m2388:[0m received jwk vote from k#99f25ef6.. for jwk (JwkId { iss: "https://slack.com", kid: "mB2MAyKSn555isd0EbdhKx6nkyAi9xLq8rvCEb_nOyY" }, JWK { kty: "RSA", e: "AQAB", n: "zQqzXfb677bpMKw0idKC5WkVLyqk04PWMsWYJDKqMUUuu_PmzdsvXBfHU7tcZiNoHDuVvGDqjqnkLPEzjXnaZY0DDDHvJKS0JI8fkxIfV1kNy3DkpQMMhgAwnftUiSXgb5clypOmotAEm59gHPYjK9JHBWoHS14NYEYZv9NVy0EkjauyYDSTz589aiKU5lA-cePG93JnqLw8A82kfTlrJ1IIJo2isyBGANr0YzR-d3b_5EvP7ivU7Ph2v5JcEUHeiLSRzIzP3PuyVFrPH659Deh-UAsDFOyJbIcimg9ITnk5_45sb_Xcd_UN6h5I7TGOAFaJN4oi4aaGD4elNi_K1Q", alg: "RS256" })
[2m2025-03-25T07:54:14.778245Z[0m [32m INFO[0m [1mnode[0m[1m{[0m[3mname[0m[2m=[0mk#99f25ef6..[1m}[0m[2m:[0m [2msui_core::authority::authority_per_epoch_store[0m[2m:[0m [2mcrates/sui-core/src/authority/authority_per_epoch_store.rs[0m[2m:[0m[2m2388:[0m received jwk vote from k#99f25ef6.. for jwk (JwkId { iss: "https://cognito-idp.eu-west-3.amazonaws.com/eu-west-3_gGVCx53Es", kid: "JbFCSYl4Xp4UYEJHo7R0iwl/Xf3F5+z72stu8iH+QxY=" }, JWK { kty: "RSA", e: "AQAB", n: "o09QloKDInGEWvXK0aZr67RnfU9l0kmTOldGF8t36ExfBWNvRsTiTfn4VdetcJlIDrmxQSSP-2toXqQ7m1t4_idKNjkb7s1FsAtWy60mAfmyeMcGhegmxxxMtWJsk2hbY_oRuTPQEUDnTfnIMUL-oDmc_HmRNzYPrbCJolIWC2r2gkJ-q6jwGEujkaeoQq3wM_NTkeBO_rrCUngIUykbbczkMF8vELGewPgwqTjd9ZTTf08kUPF9IUtT-VyF0U-I1xrQrmU9opQ209I-Dk-ehxIHWN85nlLBxu0Krb9adSx_HDEOd00wNSQgPBkvCUPpVmC10UO7hHxzGSi7czrlsw", alg: "RS256" })
[2m2025-03-25T07:54:14.778263Z[0m [32m INFO[0m [1mnode[0m[1m{[0m[3mname[0m[2m=[0mk#99f25ef6..[1m}[0m[2m:[0m [2msui_core::authority::authority_per_epoch_store[0m[2m:[0m [2mcrates/sui-core/src/authority/authority_per_epoch_store.rs[0m[2m:[0m[2m2388:[0m received jwk vote from k#99f25ef6.. for jwk (JwkId { iss: "https://cognito-idp.eu-west-3.amazonaws.com/eu-west-3_gGVCx53Es", kid: "FIqQqeRU1EQP75fBeds+wL2yczwvbDy1NF6T/f5Oe5o=" }, JWK { kty: "RSA", e: "AQAB", n: "va55QtSTFhvqx0IL8UAPNZf6x5NO9jK88Wyct-i67grbDJZyXLSxz5oSttoIHkaJZQWgl_qsgyxDpHeSMznliS0K7rXFwaw81PwDIB_ek8uKhXmaQ6ryPAaO-8kvR46o-EYyVk9wWPDHTtN6NEbiUxGoDqOoiVCrVJLsFdoia7-MMVJnR2VokbEgGGbJkZu2MipikQvk_b7BGF__5mKvCJc6hCEJcxIUFvETKA9AOhjgxLvE9U8Ke6XRfmDLKovDAsDaZsWP6VPN0HoBi5mak9CgUqmxwnvNJFLhpjawD9E23O_l4aBcie56eFcC_knUa2VOHymBoJ0On3p03yxs7Q", alg: "RS256" })
[2m2025-03-25T07:54:14.778280Z[0m [32m INFO[0m [1mnode[0m[1m{[0m[3mname[0m[2m=[0mk#99f25ef6..[1m}[0m[2m:[0m [2msui_core::authority::authority_per_epoch_store[0m[2m:[0m [2mcrates/sui-core/src/authority/authority_per_epoch_store.rs[0m[2m:[0m[2m2388:[0m received jwk vote from k#99f25ef6.. for jwk (JwkId { iss: "https://appleid.apple.com", kid: "rs0M3kOV9p" }, JWK { kty: "RSA", e: "AQAB", n: "zH5so3zLsgmRypxAAYJimfF9cx3ISSyHyzjDP3yvE9ieqpnjFJhzgCP8L4oKO9vUFNpoG1ub7I3paYNY6Vb2yc4chnsjJxB3j0jomJ3iI9MlWoVecTFG2tywyx5NRhy3YfTUpw2uCLafzWrpIJIoKUCGM6iUgaIFjvfi-cGT5T_5eUSWZHN-ziH69mGcbMRGLQEixQUatwru9i4i-OSk-w-JmLOqAzRP1mVn1tcZRIoGSB2PFSSJX9SK90OX8i5sj7dpIO_2xbGMtyNJkDzGq88x1pMJ4sv6HMj-tx4QrpGDbUi7zBCgbBnNSGSB_LBv4dbswwWY96ckHgx9yf_7IQ", alg: "RS256" })
[2m2025-03-25T07:54:14.778299Z[0m [32m INFO[0m [1mnode[0m[1m{[0m[3mname[0m[2m=[0mk#99f25ef6..[1m}[0m[2m:[0m [2msui_core::authority::authority_per_epoch_store[0m[2m:[0m [2mcrates/sui-core/src/authority/authority_per_epoch_store.rs[0m[2m:[0m[2m2388:[0m received jwk vote from k#99f25ef6.. for jwk (JwkId { iss: "https://appleid.apple.com", kid: "dMlERBaFdK" }, JWK { kty: "RSA", e: "AQAB", n: "ryLWkB74N6SJNRVBjKF6xKMfP-QW3AAsJotv0LjVtf7m4NZNg_gTL78e7O8wmvngF8FuzBrvqf1mGW17Ct8BgNK6YXxnoGL0YLmlwXbmCZvTXki0VlEW1PDXeViWy7qXaCp2caF5v4OOdPsgroxNO_DgJRTuA_izJ4DFZYHCHXwojfdWJiDYG67j5PlD5pXKGx7zaqyryjovZTEII_Z1_bhFCRUZRjfJ3TVoK0fZj2z7iAZWjn33i-V3zExUhwzEyeuGph0118NfmOLCUEy_Jd4xvLf_X4laPpe9nq8UeORfs72yz2qH7cHDKL85W6oG08Gu05JWuAs5Ay49WxJrmw", alg: "RS256" })
[2m2025-03-25T07:54:14.778316Z[0m [32m INFO[0m [1mnode[0m[1m{[0m[3mname[0m[2m=[0mk#99f25ef6..[1m}[0m[2m:[0m [2msui_core::authority::authority_per_epoch_store[0m[2m:[0m [2mcrates/sui-core/src/authority/authority_per_epoch_store.rs[0m[2m:[0m[2m2388:[0m received jwk vote from k#99f25ef6.. for jwk (JwkId { iss: "https://appleid.apple.com", kid: "rBRfVmqsjn" }, JWK { kty: "RSA", e: "AQAB", n: "pPOaiF5yL-y42FaKg9PYASR5-rdTK7NEiteNUAzNp0zkta-HW-tgLNLNlsft3zcrsgOLqXxhX7qzlI3JGH-wSs7_v2XNSg57QhOTxPDqtUfy5DegtiSOgwE947OBTwCWo2R6cGZD1T8ysfO2HuKheq2hEwZU4Y-8qT19WWOhZHs4CVt7A5mzpIgWuUVw766VTyqrqKev32DOUPIqFocFz3tuty95S9t_OYnaPCcET-b6DV_eT7psPhqhl5nNUm0lzkCQ53-9kxQNJxBciy0wiBcAexD4KppKRRD3evFpOSxD1R6Kg2DIG5UnbVVqn5nhZA9RH-t50f_biqV3KlSHJQ", alg: "RS256" })
[2m2025-03-25T07:54:14.778333Z[0m [32m INFO[0m [1mnode[0m[1m{[0m[3mname[0m[2m=[0mk#99f25ef6..[1m}[0m[2m:[0m [2msui_core::authority::authority_per_epoch_store[0m[2m:[0m [2mcrates/sui-core/src/authority/authority_per_epoch_store.rs[0m[2m:[0m[2m2388:[0m received jwk vote from k#99f25ef6.. for jwk (JwkId { iss: "https://accounts.fantv.world", kid: "PODsfgAn4twvCLjNt9QmEEiAcCa3Z6C10LxrDxvi3bA" }, JWK { kty: "RSA", e: "AQAB", n: "z9Y8JtahOmbujGwGCe9tT24ur_AuJqNMdWPA6TXia4EDR8iQMrw_DxY3gBDrNqM9ml2NLkO3jo-OI78fl0RbuKepUCko-E2lB0If95L1xB2pWmUpqO8Pa7IilX4oO7h_o_mpUYXoC0wEocJyIjBRWtjqMkM6LhF9tk9-zcl2tcRFkiV1gcGe7FP529jQkSjMK8Ide0T30ZdlGQ7l6b0tuRoYFjoMnGQvl-14QYmSOHvHOqaVSD09KEMmQ4CllDMXZwCBfTRSkRfCTf33qSxm6aEdQcYA2mQD6tIVINuuCOelRhf-GkgfFFUkCM61PmlNm6JXLJgtUWsofaMQ4Yzpiw", alg: "RS256" })
[2m2025-03-25T07:54:14.778350Z[0m [32m INFO[0m [1mnode[0m[1m{[0m[3mname[0m[2m=[0mk#99f25ef6..[1m}[0m[2m:[0m [2msui_core::authority::authority_per_epoch_store[0m[2m:[0m [2mcrates/sui-core/src/authority/authority_per_epoch_store.rs[0m[2m:[0m[2m2388:[0m received jwk vote from k#99f25ef6.. for jwk (JwkId { iss: "https://login.microsoftonline.com/v2.0", kid: "JDNa_4i4r7FgigL3sHIlI3xV-IU" }, JWK { kty: "RSA", e: "AQAB", n: "iQ745_U-vjkxPblaw6phBpe08fC42mpcrS4pcr15HiyZQyQV-BFcEVyLwPdsz3ulMRN7OB_UMfCcPBHqOjguejoab6hyJFVVMw_epP4a3SpQN9qaCbnqaSxgSGiqSq663g3TjsF_Wu1m9L41eNoF6Yvh5kULMd6lqjY0LPO5ZZxaQFLtIHahoJKMvYy1BTS0VYcNsXTjxkgUEL6Vc8GV5vaClbnY3VA2hLbXC1SGJWjVGdYXhkuck2tHr58u87MPEaQ33C6YfyISZKsdumF5bTCcIH75jjC3WbMVOLgWg5w0MSiHOFyI76Ihxbb0nRicEuao0WzO9AS7HJ7L24FHFQ", alg: "RS256" })
[2m2025-03-25T07:54:14.778367Z[0m [32m INFO[0m [1mnode[0m[1m{[0m[3mname[0m[2m=[0mk#99f25ef6..[1m}[0m[2m:[0m [2msui_core::authority::authority_per_epoch_store[0m[2m:[0m [2mcrates/sui-core/src/authority/authority_per_epoch_store.rs[0m[2m:[0m[2m2388:[0m received jwk vote from k#99f25ef6.. for jwk (JwkId { iss: "https://login.microsoftonline.com/v2.0", kid: "JYhSOsHhDZrc5kfqQg8ujkHMTNY" }, JWK { kty: "RSA", e: "AQAB", n: "xxMRcusywRId_dJR_edc-qe_M3vhXONCz7QDhjVfoqHWbt9lQCXCVIsIo9VJI1nGT1F6NkXEIBt462x2p1w2cgf4AF86dGhbTpR-k81WLR5gNjkhpPqB1PCitichVIKbHAvOyYEAaJnEyCiJqIlU_Zg5L5FzRqv_N_3-fhYvWK0pc3m1Ohyd2kNRg1Nbcp5ogt7mBjec7MErfi-N0o54vXfsK6hM2m7h0sZwVd4CxgPqnpBtm2htM9xaKpnwkYoEL3va3bPI1VGGp9QLZwMV6RAHOy_ORpz4xarG-z7lZUCLO0X1So05rn7w5edBmfblUQlPL3BljbUVB3abd9SNXw", alg: "RS256" })
[2m2025-03-25T07:54:14.778385Z[0m [32m INFO[0m [1mnode[0m[1m{[0m[3mname[0m[2m=[0mk#99f25ef6..[1m}[0m[2m:[0m [2msui_core::authority::authority_per_epoch_store[0m[2m:[0m [2mcrates/sui-core/src/authority/authority_per_epoch_store.rs[0m[2m:[0m[2m2388:[0m received jwk vote from k#99f25ef6.. for jwk (JwkId { iss: "https://login.microsoftonline.com/v2.0", kid: "CNv0OI3RwqlHFEVnaoMAshCH2XE" }, JWK { kty: "RSA", e: "AQAB", n: "hz6fUSCSAuiyQz6L1nQj4za8kItevJzxhVbecMigTIl9pXZSHZa3gzMgtapnb1q96CG5qvR78dH6ZvTKL8MzN4VfGgZhvLEv5LJKeo0tGgBIS65wxIiJYj9ExEDqFkw9RdhW1nN8IN9eO76PbC-fdEPtDekA2BaITY2DARISKN4Ke0RLBEWNrKeEjjOzrygS2e3Q9NVzE51ZGGQAGHau7atHy8M_qA1nnd2dMUgUMnEYIMzDBTSKz17G6itJOdanGvG3wXvdpndKffnDppaPkyWbnybdMI4IP7q6WsCqnt3Gtg-baG6GDqZQQEBp9C9gLAFv4ORTRlpD3w0gCMh7xw", alg: "RS256" })
[2m2025-03-25T07:54:14.778404Z[0m [32m INFO[0m [1mnode[0m[1m{[0m[3mname[0m[2m=[0mk#99f25ef6..[1m}[0m[2m:[0m [2msui_core::authority::authority_per_epoch_store[0m[2m:[0m [2mcrates/sui-core/src/authority/authority_per_epoch_store.rs[0m[2m:[0m[2m2388:[0m received jwk vote from k#99f25ef6.. for jwk (JwkId { iss: "https://login.microsoftonline.com/v2.0", kid: "PoVKeirIOvmTyLQ9G9BenBwos7k" }, JWK { kty: "RSA", e: "AQAB", n: "ruYyUq1ElSb8QCCt0XWWRSFpUq0JkyfEvvlCa4fPDi0GZbSGgJg3qYa0co2RsBIYHczXkc71kHVpktySAgYK1KMK264e-s7Vymeq-ypHEDpRsaWric_kKEIvKZzRsyUBUWf0CUhtuUvAbDTuaFnQ4g5lfoa7u3vtsv1za5Gmn6DUPirrL_-xqijP9IsHGUKaTmB4M_qnAu6vUHCpXZnN0YTJDoK7XrVJFaKj8RrTdJB89GFJeTFHA2OX472ToyLdCDn5UatYwmht62nXGlH7_G1kW1YMpeSSwzpnMEzUUk7A8UXrvFTHXEpfXhsv0LA59dm9Hi1mIXaOe1w-icA_rQ", alg: "RS256" })
[2m2025-03-25T07:54:14.778421Z[0m [32m INFO[0m [1mnode[0m[1m{[0m[3mname[0m[2m=[0mk#99f25ef6..[1m}[0m[2m:[0m [2msui_core::authority::authority_per_epoch_store[0m[2m:[0m [2mcrates/sui-core/src/authority/authority_per_epoch_store.rs[0m[2m:[0m[2m2388:[0m received jwk vote from k#99f25ef6.. for jwk (JwkId { iss: "https://login.microsoftonline.com/v2.0", kid: "-cgAvjmmQ24Ks20zIpDB4SW894w" }, JWK { kty: "RSA", e: "AQAB", n: "otM7AZjL81wdSVdrkQtt6shrQiAT8OZJeIKTeRJgrDYXKzaVXs0WFXVCjCv9GuCktF-tereotfZlcskamfuupe574o76CJy6AUtuY7wt0OKqxoSJMRuUJvA_NNkT50C_dTDHTtF7kiGBwWvHEkHeZAgT52E8bfNJswV28GsPscM9vG2ylUPyiaEIsGi0cg_JllbnfBjGhfA_lzmrB9Iw75E3f1Hnk2uAs1KcHJGSH3EwHJ5tUeo9WtLGjRAfH1kGtPjkktNaw3V8EukEzgIfILV8udpWYE79A_p5jFUnTNkQxsviNxG537JMooa1ZoYveDv_f6LCj1o7MNZQVlD3tw", alg: "RS256" })
[2m2025-03-25T07:54:14.778438Z[0m [32m INFO[0m [1mnode[0m[1m{[0m[3mname[0m[2m=[0mk#99f25ef6..[1m}[0m[2m:[0m [2msui_core::authority::authority_per_epoch_store[0m[2m:[0m [2mcrates/sui-core/src/authority/authority_per_epoch_store.rs[0m[2m:[0m[2m2388:[0m received jwk vote from k#99f25ef6.. for jwk (JwkId { iss: "https://login.microsoftonline.com/v2.0", kid: "dd55f7QP3HZky-ekQBDWKe7ADN0" }, JWK { kty: "RSA", e: "AQAB", n: "s950MOniBjjiB82Zx5FehPuYJKtguUAP5vpMNZ6JxYLGzn5h3FPplx0kkPEezg7dnH-sFxGwq_C7P14ja0YmHUkmozqdbg4GRS8xp9Ue0-KWs4BTTkXvMPnc3xBU6be4SmHK-c7A0E54YfokiY1KTRCaq_RRPDlVZJuc6s6rK4nRoPo0eOCj7H4b--QnKmPXiFSPNp40NC7FRfx9m7SYSltubIDzq1f4j2Qlrv90f2kT5DP81_2DGdHZ_ao7ypPX2_z_m4ycQgfAhIYhNHRai6iGtbU6NPkw38LS29bVbGycVCaBoq6_re8k_UiOM7gP9l96QDFnkMmNhpRxT7t34w", alg: "RS256" })
[2m2025-03-25T07:54:14.778456Z[0m [32m INFO[0m [1mnode[0m[1m{[0m[3mname[0m[2m=[0mk#99f25ef6..[1m}[0m[2m:[0m [2msui_core::authority::authority_per_epoch_store[0m[2m:[0m [2mcrates/sui-core/src/authority/authority_per_epoch_store.rs[0m[2m:[0m[2m2388:[0m received jwk vote from k#99f25ef6.. for jwk (JwkId { iss: "https://login.microsoftonline.com/v2.0", kid: "ntzdbvo449IBJV0Yy_T--gOiPI8" }, JWK { kty: "RSA", e: "AQAB", n: "uYmKqopaxMNlFJ3QUgTM6TcWvR00WVPs4sCAl5Inr5tCIWbqC1IzVt74_eGPw9OypfM4YpEfAz5czFWgRRVcRQYNwDWSAXTSh-vkqK2meW4HQp7W33NCoz_kZ6JR-xwWJZCOtQa0RNwNTVuHTL2dyJo6DUShxVPtG6c8sV4gFCEz0moHBrf5njywV0GGkQgYe98GeCL3Mv2kx4WVf0pHkSELJfW5JN6jvD_05fY_g3LKsXqXm9u1cS39K4iULFVeeoz5jBMKl5h6w3lqSeBtzmqHpw6YVxcDu_bRUd_rqZUvTaZUgS_EfpOpOicaQN--90nzp4givQYEvWtDBtan5Q", alg: "RS256" })
[2m2025-03-25T07:54:14.778474Z[0m [32m INFO[0m [1mnode[0m[1m{[0m[3mname[0m[2m=[0mk#99f25ef6..[1m}[0m[2m:[0m [2msui_core::authority::authority_per_epoch_store[0m[2m:[0m [2mcrates/sui-core/src/authority/authority_per_epoch_store.rs[0m[2m:[0m[2m2388:[0m received jwk vote from k#99f25ef6.. for jwk (JwkId { iss: "https://login.microsoftonline.com/v2.0", kid: "PDRf_Bs8CkDdi7av6hKLwRnNHmk" }, JWK { kty: "RSA", e: "AQAB", n: "v2R1eCh9xaZjAqn0FTf-DuDy3BFsJHc_lsv4K1Ycd1qnF5DwHC7mxnoTsA_dnI8BJvZsCAI7kkFjqKqXDSVYwRM05733_EPekLqLlb02-XLcOziMsOEMpXRrl1wFGHK5zmh2D4ZLsEId2Gdk1fcLzwjCg5iqQxi17DQFDoi0aWUKnkN62sSbiUvzd11eUl0N_beLZ0HYf53wk8r9P3reVhz9W7P8KwNBf7JyiLxmRP_yD9n3650iXi1qp8bZcAt9WmMZ2H6iHHhb7biXwvrJuf2id72VPvV6qkVu6jwUVW5yh6dIvCtPYEA7JNMWyBEXOjJbZ-3l3szj1GSV5m8eAQ", alg: "RS256" })
[2m2025-03-25T07:54:14.778492Z[0m [32m INFO[0m [1mnode[0m[1m{[0m[3mname[0m[2m=[0mk#99f25ef6..[1m}[0m[2m:[0m [2msui_core::authority::authority_per_epoch_store[0m[2m:[0m [2mcrates/sui-core/src/authority/authority_per_epoch_store.rs[0m[2m:[0m[2m2388:[0m received jwk vote from k#99f25ef6.. for jwk (JwkId { iss: "https://cognito-idp.us-east-1.amazonaws.com/us-east-1_qPsZxYqd8", kid: "VHA/vY1d2h7X33DpZ6ZBDRfnCS/OIgiV7toCdxyEUDY=" }, JWK { kty: "RSA", e: "AQAB", n: "7nb7CxiOI5bgf80jk1WOwi6Fmo9EJzIugpl-gZehOgL4cVAmvp1ChVZMwxTRM62hIQ6Ab6k0vmLBq_jZFx6MeU4c1xTipIohOEK_5HjbesM9OuduHkujN6J7Az4ON4TyHtJOXs3-xdVbjWQwP5L2O_N334ZIb9n-hRxGRhKaQLciSNEt3TQ2ookJaa1q9UinlA0jJyIMLJXmpSdvUP_0QizT88wrenRs3PccgKBQgvtQx569yvL6YnzaRSa8pL7saNy2KqevDHkIvRfqEckduoFQTyiL5OTz6canJYaklw-OImrO1eQF2Z_TsamXKKdk9-k9WFwYx4ftDTdacDflaw", alg: "RS256" })
[2m2025-03-25T07:54:14.778510Z[0m [32m INFO[0m [1mnode[0m[1m{[0m[3mname[0m[2m=[0mk#99f25ef6..[1m}[0m[2m:[0m [2msui_core::authority::authority_per_epoch_store[0m[2m:[0m [2mcrates/sui-core/src/authority/authority_per_epoch_store.rs[0m[2m:[0m[2m2388:[0m received jwk vote from k#99f25ef6.. for jwk (JwkId { iss: "https://cognito-idp.us-east-1.amazonaws.com/us-east-1_qPsZxYqd8", kid: "lGbuLXh42ChSJwrMUEBO2npnvMzdAHqOj6DNZieDuVA=" }, JWK { kty: "RSA", e: "AQAB", n: "2e3M6UZo5G1r3eYi1h_dqng0lhNHE6bwSrnEmTMygjDaejpcjWKY9ICFtcz-lP_HEx_q67HsaM7QUIGpTEtAXqQHyxbMAcPlUwKSD8y_mZJlDDM4kI7KJQLW4M-904gDvih5FbnJc-QNkH1Z7vHwDpLOam53x8QQj7rjoXBzH0q0JVlv5PU5ZEoqCc2PIJCtxzZApXzMt0lnqw8DB55P4_czdplVkd80UhPAz1gM3ysTIQi2eblMvkUp98orOlpsp434g6mnrdgYFLOleuuwNraRTJRi0r9Dn9ToILY7Arywi5jS8M496CXJUFAB9UKXKrTa9pazlnRMiFBochRRZw", alg: "RS256" })
[2m2025-03-25T07:54:14.778527Z[0m [32m INFO[0m [1mnode[0m[1m{[0m[3mname[0m[2m=[0mk#99f25ef6..[1m}[0m[2m:[0m [2msui_core::authority::authority_per_epoch_store[0m[2m:[0m [2mcrates/sui-core/src/authority/authority_per_epoch_store.rs[0m[2m:[0m[2m2388:[0m received jwk vote from k#8dcff6d1.. for jwk (JwkId { iss: "https://oauth2.playtron.one", kid: "1fd66a18-7afd-4086-ba57-a8ca9b398406" }, JWK { kty: "RSA", e: "AQAB", n: "7XHinRSS9un2BdWsLhFOdi5N-17HMRYf4odQE4KqiPqRrp8TDE9bDekg8ERCW7Hqkgp44U07BUJwCiL5ss_9rIgV6Wy_lOwF_npGqMstZYemnZYNvpaD4ZEneoRmo94qNkYg5szBhVlvaF-IXlwB4GEQdDLJZOLafgPYL4XK2eD49Q7PU7jkNKy91k98UeK3fH9iv0L6W5nJNU1SzCR75gRcWyKSySg9RCTQyWFak8VhWW1YxwIQebvGgTsr6jYgxvcmRsSLeMhEhoIhOOkC1zQK51kBB-ZS7o2KttDHr1dn08LeHJkxSZ2guLdT_V2ISDiKxjXgVBlSvvweLgEHs7cehNU-D65uQpTxULPJW7xeITDl8rCCxbr8p8rcq-I19EV5Uj4n7RswaNDZ2YO87Yx12KzZVrO_0Tra6CvsNJ7hdI_Ykg7yMLs-dj7eKgOF5Nx1Q7Bnp1OyRKIXfUkyZkh8mjfiMt-npf1WPAgF1Iwx5H-ww1rTuFR6yyZRtEHyVxudg9XFar6cKizi75uKVGaV74GMGI2tPGL0zh_jCh8QSk68HltKdfLP8xDvHBB_crklWlr9iYuFjHzLI9KWvICvQWMtQikHE3iaf492I9SMqR0OIwSeg5TzzerVX17qkCeVbdxOK9jKeP5k2sW6mETUdrJCmlRwGN-EG_VIOrE", alg: "RS256" })
[2m2025-03-25T07:54:14.778547Z[0m [32m INFO[0m [1mnode[0m[1m{[0m[3mname[0m[2m=[0mk#99f25ef6..[1m}[0m[2m:[0m [2msui_core::authority::authority_per_epoch_store[0m[2m:[0m [2mcrates/sui-core/src/authority/authority_per_epoch_store.rs[0m[2m:[0m[2m2388:[0m received jwk vote from k#8dcff6d1.. for jwk (JwkId { iss: "https://oauth2.playtron.one", kid: "7388b63c-ba03-4fe3-85e3-6717f91d55b1" }, JWK { kty: "RSA", e: "AQAB", n: "scvmHIfIZk5ZU7_k6snu98s5rPKBDws804qpNEPyy7fkmzxDbcN-qWQJrDgNU-pvr5WvIPyu2hfFrNtBiiE3IZqqGRm2rJb8LoKz6mtxiLyRT8EQS8D8U6uiR8mkvbw-vgJ1h3l2gHDXPGN-03_DXrL8r2xDiuxdezxjiCI80r7bmpZg9i8PWtL1BQU43nM4MNDXi9Wo5ppSojFxTe8L75ZOnFeLBVxPJG9YBGhFnATIoUei7ohbw5_t9buiIfXTQ3ZwCvG3WAGFDsOIdl3PapA1T7oTlsfQp0wQa0EDeleFBu81ytNlidJNQcXz3F9OmwYbHJ4bPMYcz-x2ATLK5w", alg: "RS256" })
[2m2025-03-25T07:54:14.778564Z[0m [32m INFO[0m [1mnode[0m[1m{[0m[3mname[0m[2m=[0mk#99f25ef6..[1m}[0m[2m:[0m [2msui_core::authority::authority_per_epoch_store[0m[2m:[0m [2mcrates/sui-core/src/authority/authority_per_epoch_store.rs[0m[2m:[0m[2m2388:[0m received jwk vote from k#8dcff6d1.. for jwk (JwkId { iss: "https://oauth2.playtron.one", kid: "e55421cb-cdbd-4791-a590-ad8ca798aa89" }, JWK { kty: "RSA", e: "AQAB", n: "vy8-EHvWmVHH5xi3BBvfalX9i6OuP9mz2wz1E72eMTf1ZHVbZ66O-vWlr2F2SNSyB_PURIb1KIqUcvpn6GW_vgs4EhflMJnmeZ0Fot4V6YsEOIzob7jkooeFNZ7dTDDHahtMyBd7pcJCv1afdQSTVZQeO0lm0swOm2whkw6hV7R2fBG3zLJsBUqe9oEwMa9cJ768KFfxFoEAUk3SQZ74JmkgOEKBSf26EcPcxAZTreSDAdh5-MI4oD1aawHfb5nl1CQxhRf4YcCp_MVoerKKX1-it0NkDn5xJsuN_Z3Dv5354j6OZVBZpDjN7ZwcQfLEnjwI8G4Zr9y2SC3g_fH1G-MIhe0LPDWF4egqMaIwkIDW0sMqPAnE_nSFN8Ag3KJ_iT6P2PAGJbna882IIczb5q9VXkB0RJlL4BwNHSE2q867EZBNGFTPrDJzHtM7sZ468Y4taMv0CyFdPlb0alFRsS_T658tdkt1lxrl_dzE0ixPBw99X5Rwz0XLv4yNs4BQ6RgHVZT5fGGRzXovlDx9F2ea0EleNn47KAFDs0wNjIl1oryar0pJMlb-pDPuVcGMt0XYNh5gOLty5LdAl_7PqwFsQc7QMWIGqjnSnzeGYvN7kknpfYl0SfJDQNNSJDI2b2oGUWw-K6-kCgQxxlEKbhztegiVmRGuqcDfvNqrpqc", alg: "RS256" })
[2m2025-03-25T07:54:14.778584Z[0m [32m INFO[0m [1mnode[0m[1m{[0m[3mname[0m[2m=[0mk#99f25ef6..[1m}[0m[2m:[0m [2msui_core::authority::authority_per_epoch_store[0m[2m:[0m [2mcrates/sui-core/src/authority/authority_per_epoch_store.rs[0m[2m:[0m[2m2388:[0m received jwk vote from k#8dcff6d1.. for jwk (JwkId { iss: "https://accounts.credenza3.com", kid: "JG6oZkIBqQdkpnCnD479zFXgMA5_I7i-aHAV0MRwvDs" }, JWK { kty: "RSA", e: "AQAB", n: "wgMHXL3avVaf-jrwvVw5bhpROsF7CnY7vzovJW4fNp_dY0abqvMga2C7fzdKNp4AFxQmXkoX_-vF7wbDRLXXmjdJ-x4YdKIA_JxsZqZKCG_k5-7UZFmHb1F3oy67uYh_xRv_H8yPSJ9TKJrAiWIBG9EFvZNy8y2pHXFDNSxTo4NzcUs_-TNhiuxWatpnduoCXWJf6I813Lxn8G9Z7Tql5fUgofW5GIygxS8zUiUZaYkLPL3_aNIFal58OzUturgiTcYrQp5WPkG56AL_Y6KNhxABjopC7WTXCeFXGXCIgb-JQpPARDaL7WL3w_w5-vR3Ra2WeQ3sddtoLtB0X234DQ", alg: "RS256" })
[2m2025-03-25T07:54:14.778601Z[0m [32m INFO[0m [1mnode[0m[1m{[0m[3mname[0m[2m=[0mk#99f25ef6..[1m}[0m[2m:[0m [2msui_core::authority::authority_per_epoch_store[0m[2m:[0m [2mcrates/sui-core/src/authority/authority_per_epoch_store.rs[0m[2m:[0m[2m2388:[0m received jwk vote from k#8dcff6d1.. for jwk (JwkId { iss: "https://accounts.credenza3.com", kid: "nArTrOCdn42U6zyzuZmxBIGAuYQaNyuHwUkAycsQTw8" }, JWK { kty: "RSA", e: "AQAB", n: "mb4kA1QddMUulk6AMeRekV0YEPX-x-eSx7BjbAy1qkPsGjnpwjUmGzk9jBptlCLgc1HT_qELTfpr_w5xqFcy-1ayAlg87gw86Z0IRN9ROTTE04LiHMIwH9Y8H06C_9I0H29WCMqFGlBJH9n0hYu6nPpgVkV6E-9wze10-jzi5JLqiM0tB8Ihniy2ZHGgiwG1CM--xHKkaXcFLF3d8bGlALGp1CgtiHdWeMyQ5SBzL6lmhMcnzzse0VlAIq1m94Fath217OcQcEw-VrJlyGJ8gAyi-N3O9VZAl2dykNgji9tcC1ws5IMbGyWSv5OpeHfUDN97iOcTJ4noBF7EwvIwpQ", alg: "RS256" })
[2m2025-03-25T07:54:14.779492Z[0m [32m INFO[0m [1mnode[0m[1m{[0m[3mname[0m[2m=[0mk#99f25ef6..[1m}[0m[2m:[0m [2msui_core::mysticeti_adapter[0m[2m:[0m [2mcrates/sui-core/src/mysticeti_adapter.rs[0m[2m:[0m[2m130:[0m Transaction External(RandomnessDkgConfirmation(k#99f25ef6..)) was included in B6(B,qnKz)
[2m2025-03-25T07:54:14.779601Z[0m [32m INFO[0m [1mnode[0m[1m{[0m[3mname[0m[2m=[0mk#99f25ef6..[1m}[0m[2m:[0m [2msui_core::checkpoints::checkpoint_executor[0m[2m:[0m [2mcrates/sui-core/src/checkpoints/checkpoint_executor/mod.rs[0m[2m:[0m[2m332:[0m Received checkpoint summary from state sync [3msequence_number[0m[2m=[0m2
[2m2025-03-25T07:54:14.781348Z[0m [32m INFO[0m [1mnode[0m[1m{[0m[3mname[0m[2m=[0mk#99f25ef6..[1m}[0m[2m:[0m [2msui_core::state_accumulator[0m[2m:[0m [2mcrates/sui-core/src/state_accumulator.rs[0m[2m:[0m[2m675:[0m accumulating running root for checkpoint 2
[2m2025-03-25T07:54:14.783605Z[0m [32m INFO[0m [1mnode[0m[1m{[0m[3mname[0m[2m=[0mk#8dcff6d1..[1m}[0m[2m:[0m [2msui_core::checkpoints::checkpoint_output[0m[2m:[0m [2mcrates/sui-core/src/checkpoints/checkpoint_output.rs[0m[2m:[0m[2m196:[0m Certified checkpoint with sequence 2 and digest G3WHopVux3RiXnXA2Vg8ZhwVvQbWA4nbZx1sp1Tx1DS
[2m2025-03-25T07:54:14.784034Z[0m [32m INFO[0m [1mnode[0m[1m{[0m[3mname[0m[2m=[0mk#8dcff6d1..[1m}[0m[2m:[0m [2msui_core::checkpoints::checkpoint_executor[0m[2m:[0m [2mcrates/sui-core/src/checkpoints/checkpoint_executor/mod.rs[0m[2m:[0m[2m332:[0m Received checkpoint summary from state sync [3msequence_number[0m[2m=[0m2
[2m2025-03-25T07:54:14.784412Z[0m [32m INFO[0m [1mnode[0m[1m{[0m[3mname[0m[2m=[0mk#addeef94..[1m}[0m[2m:[0m [2msui_core::checkpoints::checkpoint_executor[0m[2m:[0m [2mcrates/sui-core/src/checkpoints/checkpoint_executor/mod.rs[0m[2m:[0m[2m332:[0m Received checkpoint summary from state sync [3msequence_number[0m[2m=[0m2
[2m2025-03-25T07:54:14.784945Z[0m [32m INFO[0m [1mnode[0m[1m{[0m[3mname[0m[2m=[0mk#8dcff6d1..[1m}[0m[2m:[0m [2msui_core::state_accumulator[0m[2m:[0m [2mcrates/sui-core/src/state_accumulator.rs[0m[2m:[0m[2m675:[0m accumulating running root for checkpoint 2
[2m2025-03-25T07:54:14.785108Z[0m [32m INFO[0m [1mnode[0m[1m{[0m[3mname[0m[2m=[0mk#addeef94..[1m}[0m[2m:[0m [2msui_core::state_accumulator[0m[2m:[0m [2mcrates/sui-core/src/state_accumulator.rs[0m[2m:[0m[2m675:[0m accumulating running root for checkpoint 2
[2m2025-03-25T07:54:14.806345Z[0m [32m INFO[0m [1mnode[0m[1m{[0m[3mname[0m[2m=[0mk#99f25ef6..[1m}[0m[2m:[0m [2msui_core::checkpoints[0m[2m:[0m [2mcrates/sui-core/src/checkpoints/mod.rs[0m[2m:[0m[2m1326:[0m Creating checkpoint(s) for 1 transactions [3mnext_checkpoint_seq[0m[2m=[0m3 [3mcheckpoint_timestamp[0m[2m=[0m1742889254168
[2m2025-03-25T07:54:14.806557Z[0m [32m INFO[0m [1mnode[0m[1m{[0m[3mname[0m[2m=[0mk#99f25ef6..[1m}[0m[2m:[0m [2msui_core::checkpoints::checkpoint_output[0m[2m:[0m [2mcrates/sui-core/src/checkpoints/checkpoint_output.rs[0m[2m:[0m[2m149:[0m Creating checkpoint CheckpointDigest(6zmH1K6shzZjeziFUQPiQkXXhKmE7co5gCqVd1XPjCEm) at epoch 0, sequence 3, previous digest Some(CheckpointDigest(G3WHopVux3RiXnXA2Vg8ZhwVvQbWA4nbZx1sp1Tx1DS)), transactions count 1, content digest CheckpointContentsDigest(F72WReAS34hMx7oVvmXecSX2sBBbA88DwEYbwGcJch7w), end_of_epoch_data None
[2m2025-03-25T07:54:14.871612Z[0m [32m INFO[0m [1mnode[0m[1m{[0m[3mname[0m[2m=[0mk#8dcff6d1..[1m}[0m[2m:[0m [2mconsensus_core::core[0m[2m:[0m [2mconsensus/core/src/core.rs[0m[2m:[0m[2m531:[0m Created block B6(A,0ZQnRz+R/bw+/Jkd6adkSik64/FnjGdJdJaxViJyL14=)(1742889254871ms;[B5(A,ab9RkstYKcMYJ/CZej5lQvxhl3JJ+s26+G3VVyDD8CI=), B5(C,jX/eRqcFzVHzCo40eSsnU8eON/Wh8rOF3iAMkIIUWHs=)];1t;1c) for round 6
[2m2025-03-25T07:54:14.916028Z[0m [32m INFO[0m [1mnode[0m[1m{[0m[3mname[0m[2m=[0mk#addeef94..[1m}[0m[2m:[0m [2mconsensus_core::core[0m[2m:[0m [2mconsensus/core/src/core.rs[0m[2m:[0m[2m531:[0m Created block B6(C,U6QDSwcGfxO3PxdcsC2KcHSrBbi1hlewxG8eUaHmggo=)(1742889254915ms;[B5(C,jX/eRqcFzVHzCo40eSsnU8eON/Wh8rOF3iAMkIIUWHs=), B5(A,ab9RkstYKcMYJ/CZej5lQvxhl3JJ+s26+G3VVyDD8CI=)];1t;1c) for round 6
[2m2025-03-25T07:54:14.916112Z[0m [32m INFO[0m [1mnode[0m[1m{[0m[3mname[0m[2m=[0mk#addeef94..[1m}[0m[2m:[0m [2mconsensus_core::core[0m[2m:[0m [2mconsensus/core/src/core.rs[0m[2m:[0m[2m630:[0m Committing 1 leaders: B4(C,rSWY)
[2m2025-03-25T07:54:14.916180Z[0m [32m INFO[0m [1mnode[0m[1m{[0m[3mname[0m[2m=[0mk#addeef94..[1m}[0m[2m:[0m [2mconsensus_core::commit_observer[0m[2m:[0m [2mconsensus/core/src/commit_observer.rs[0m[2m:[0m[2m173:[0m Consensus commit C4(i0MI) with leader B4(C,rSWY) has 2 blocks
[2m2025-03-25T07:54:14.916260Z[0m [32m INFO[0m [1mnode[0m[1m{[0m[3mname[0m[2m=[0mk#addeef94..[1m}[0m[2m:[0m [2msui_core::consensus_handler[0m[2m:[0m [2mcrates/sui-core/src/consensus_handler.rs[0m[2m:[0m[2m232:[0m Received consensus output [3mconsensus_commit[0m[2m=[0mCommittedSubDag(leader=B4(C,rSWY), ref=C4(i0MI), blocks=[F0qN, rSWY]) [3mepoch[0m[2m=[0m0
[2m2025-03-25T07:54:14.916325Z[0m [32m INFO[0m [1mnode[0m[1m{[0m[3mname[0m[2m=[0mk#addeef94..[1m}[0m[2m:[0m [2msui_core::consensus_handler[0m[2m:[0m [2mcrates/sui-core/src/consensus_handler.rs[0m[2m:[0m[2m520:[0m creating authenticator state update transaction
[2m2025-03-25T07:54:14.917023Z[0m [32m INFO[0m [1mnode[0m[1m{[0m[3mname[0m[2m=[0mk#addeef94..[1m}[0m[2m:[0m [2msui_core::authority::authority_per_epoch_store[0m[2m:[0m [2mcrates/sui-core/src/authority/authority_per_epoch_store.rs[0m[2m:[0m[2m2388:[0m received jwk vote from k#addeef94.. for jwk (JwkId { iss: "https://accounts.fantv.world", kid: "PODsfgAn4twvCLjNt9QmEEiAcCa3Z6C10LxrDxvi3bA" }, JWK { kty: "RSA", e: "AQAB", n: "z9Y8JtahOmbujGwGCe9tT24ur_AuJqNMdWPA6TXia4EDR8iQMrw_DxY3gBDrNqM9ml2NLkO3jo-OI78fl0RbuKepUCko-E2lB0If95L1xB2pWmUpqO8Pa7IilX4oO7h_o_mpUYXoC0wEocJyIjBRWtjqMkM6LhF9tk9-zcl2tcRFkiV1gcGe7FP529jQkSjMK8Ide0T30ZdlGQ7l6b0tuRoYFjoMnGQvl-14QYmSOHvHOqaVSD09KEMmQ4CllDMXZwCBfTRSkRfCTf33qSxm6aEdQcYA2mQD6tIVINuuCOelRhf-GkgfFFUkCM61PmlNm6JXLJgtUWsofaMQ4Yzpiw", alg: "RS256" })
[2m2025-03-25T07:54:14.917046Z[0m [32m INFO[0m [1mnode[0m[1m{[0m[3mname[0m[2m=[0mk#addeef94..[1m}[0m[2m:[0m [2msui_core::authority::authority_per_epoch_store[0m[2m:[0m [2mcrates/sui-core/src/authority/authority_per_epoch_store.rs[0m[2m:[0m[2m2425:[0m jwk became active [3mepoch[0m[2m=[0m0 [3mround[0m[2m=[0m4 [3mjwk[0m[2m=[0m(JwkId { iss: "https://accounts.fantv.world", kid: "PODsfgAn4twvCLjNt9QmEEiAcCa3Z6C10LxrDxvi3bA" }, JWK { kty: "RSA", e: "AQAB", n: "z9Y8JtahOmbujGwGCe9tT24ur_AuJqNMdWPA6TXia4EDR8iQMrw_DxY3gBDrNqM9ml2NLkO3jo-OI78fl0RbuKepUCko-E2lB0If95L1xB2pWmUpqO8Pa7IilX4oO7h_o_mpUYXoC0wEocJyIjBRWtjqMkM6LhF9tk9-zcl2tcRFkiV1gcGe7FP529jQkSjMK8Ide0T30ZdlGQ7l6b0tuRoYFjoMnGQvl-14QYmSOHvHOqaVSD09KEMmQ4CllDMXZwCBfTRSkRfCTf33qSxm6aEdQcYA2mQD6tIVINuuCOelRhf-GkgfFFUkCM61PmlNm6JXLJgtUWsofaMQ4Yzpiw", alg: "RS256" })
[2m2025-03-25T07:54:14.917064Z[0m [32m INFO[0m [1mnode[0m[1m{[0m[3mname[0m[2m=[0mk#addeef94..[1m}[0m[2m:[0m [2msui_core::authority::authority_per_epoch_store[0m[2m:[0m [2mcrates/sui-core/src/authority/authority_per_epoch_store.rs[0m[2m:[0m[2m2388:[0m received jwk vote from k#addeef94.. for jwk (JwkId { iss: "https://slack.com", kid: "mB2MAyKSn555isd0EbdhKx6nkyAi9xLq8rvCEb_nOyY" }, JWK { kty: "RSA", e: "AQAB", n: "zQqzXfb677bpMKw0idKC5WkVLyqk04PWMsWYJDKqMUUuu_PmzdsvXBfHU7tcZiNoHDuVvGDqjqnkLPEzjXnaZY0DDDHvJKS0JI8fkxIfV1kNy3DkpQMMhgAwnftUiSXgb5clypOmotAEm59gHPYjK9JHBWoHS14NYEYZv9NVy0EkjauyYDSTz589aiKU5lA-cePG93JnqLw8A82kfTlrJ1IIJo2isyBGANr0YzR-d3b_5EvP7ivU7Ph2v5JcEUHeiLSRzIzP3PuyVFrPH659Deh-UAsDFOyJbIcimg9ITnk5_45sb_Xcd_UN6h5I7TGOAFaJN4oi4aaGD4elNi_K1Q", alg: "RS256" })
[2m2025-03-25T07:54:14.917081Z[0m [32m INFO[0m [1mnode[0m[1m{[0m[3mname[0m[2m=[0mk#addeef94..[1m}[0m[2m:[0m [2msui_core::authority::authority_per_epoch_store[0m[2m:[0m [2mcrates/sui-core/src/authority/authority_per_epoch_store.rs[0m[2m:[0m[2m2425:[0m jwk became active [3mepoch[0m[2m=[0m0 [3mround[0m[2m=[0m4 [3mjwk[0m[2m=[0m(JwkId { iss: "https://slack.com", kid: "mB2MAyKSn555isd0EbdhKx6nkyAi9xLq8rvCEb_nOyY" }, JWK { kty: "RSA", e: "AQAB", n: "zQqzXfb677bpMKw0idKC5WkVLyqk04PWMsWYJDKqMUUuu_PmzdsvXBfHU7tcZiNoHDuVvGDqjqnkLPEzjXnaZY0DDDHvJKS0JI8fkxIfV1kNy3DkpQMMhgAwnftUiSXgb5clypOmotAEm59gHPYjK9JHBWoHS14NYEYZv9NVy0EkjauyYDSTz589aiKU5lA-cePG93JnqLw8A82kfTlrJ1IIJo2isyBGANr0YzR-d3b_5EvP7ivU7Ph2v5JcEUHeiLSRzIzP3PuyVFrPH659Deh-UAsDFOyJbIcimg9ITnk5_45sb_Xcd_UN6h5I7TGOAFaJN4oi4aaGD4elNi_K1Q", alg: "RS256" })
[2m2025-03-25T07:54:14.917096Z[0m [32m INFO[0m [1mnode[0m[1m{[0m[3mname[0m[2m=[0mk#addeef94..[1m}[0m[2m:[0m [2msui_core::authority::authority_per_epoch_store[0m[2m:[0m [2mcrates/sui-core/src/authority/authority_per_epoch_store.rs[0m[2m:[0m[2m2388:[0m received jwk vote from k#addeef94.. for jwk (JwkId { iss: "https://cognito-idp.eu-west-3.amazonaws.com/eu-west-3_gGVCx53Es", kid: "JbFCSYl4Xp4UYEJHo7R0iwl/Xf3F5+z72stu8iH+QxY=" }, JWK { kty: "RSA", e: "AQAB", n: "o09QloKDInGEWvXK0aZr67RnfU9l0kmTOldGF8t36ExfBWNvRsTiTfn4VdetcJlIDrmxQSSP-2toXqQ7m1t4_idKNjkb7s1FsAtWy60mAfmyeMcGhegmxxxMtWJsk2hbY_oRuTPQEUDnTfnIMUL-oDmc_HmRNzYPrbCJolIWC2r2gkJ-q6jwGEujkaeoQq3wM_NTkeBO_rrCUngIUykbbczkMF8vELGewPgwqTjd9ZTTf08kUPF9IUtT-VyF0U-I1xrQrmU9opQ209I-Dk-ehxIHWN85nlLBxu0Krb9adSx_HDEOd00wNSQgPBkvCUPpVmC10UO7hHxzGSi7czrlsw", alg: "RS256" })
[2m2025-03-25T07:54:14.917110Z[0m [32m INFO[0m [1mnode[0m[1m{[0m[3mname[0m[2m=[0mk#addeef94..[1m}[0m[2m:[0m [2msui_core::authority::authority_per_epoch_store[0m[2m:[0m [2mcrates/sui-core/src/authority/authority_per_epoch_store.rs[0m[2m:[0m[2m2425:[0m jwk became active [3mepoch[0m[2m=[0m0 [3mround[0m[2m=[0m4 [3mjwk[0m[2m=[0m(JwkId { iss: "https://cognito-idp.eu-west-3.amazonaws.com/eu-west-3_gGVCx53Es", kid: "JbFCSYl4Xp4UYEJHo7R0iwl/Xf3F5+z72stu8iH+QxY=" }, JWK { kty: "RSA", e: "AQAB", n: "o09QloKDInGEWvXK0aZr67RnfU9l0kmTOldGF8t36ExfBWNvRsTiTfn4VdetcJlIDrmxQSSP-2toXqQ7m1t4_idKNjkb7s1FsAtWy60mAfmyeMcGhegmxxxMtWJsk2hbY_oRuTPQEUDnTfnIMUL-oDmc_HmRNzYPrbCJolIWC2r2gkJ-q6jwGEujkaeoQq3wM_NTkeBO_rrCUngIUykbbczkMF8vELGewPgwqTjd9ZTTf08kUPF9IUtT-VyF0U-I1xrQrmU9opQ209I-Dk-ehxIHWN85nlLBxu0Krb9adSx_HDEOd00wNSQgPBkvCUPpVmC10UO7hHxzGSi7czrlsw", alg: "RS256" })
[2m2025-03-25T07:54:14.917124Z[0m [32m INFO[0m [1mnode[0m[1m{[0m[3mname[0m[2m=[0mk#addeef94..[1m}[0m[2m:[0m [2msui_core::authority::authority_per_epoch_store[0m[2m:[0m [2mcrates/sui-core/src/authority/authority_per_epoch_store.rs[0m[2m:[0m[2m2388:[0m received jwk vote from k#addeef94.. for jwk (JwkId { iss: "https://cognito-idp.eu-west-3.amazonaws.com/eu-west-3_gGVCx53Es", kid: "FIqQqeRU1EQP75fBeds+wL2yczwvbDy1NF6T/f5Oe5o=" }, JWK { kty: "RSA", e: "AQAB", n: "va55QtSTFhvqx0IL8UAPNZf6x5NO9jK88Wyct-i67grbDJZyXLSxz5oSttoIHkaJZQWgl_qsgyxDpHeSMznliS0K7rXFwaw81PwDIB_ek8uKhXmaQ6ryPAaO-8kvR46o-EYyVk9wWPDHTtN6NEbiUxGoDqOoiVCrVJLsFdoia7-MMVJnR2VokbEgGGbJkZu2MipikQvk_b7BGF__5mKvCJc6hCEJcxIUFvETKA9AOhjgxLvE9U8Ke6XRfmDLKovDAsDaZsWP6VPN0HoBi5mak9CgUqmxwnvNJFLhpjawD9E23O_l4aBcie56eFcC_knUa2VOHymBoJ0On3p03yxs7Q", alg: "RS256" })
[2m2025-03-25T07:54:14.917138Z[0m [32m INFO[0m [1mnode[0m[1m{[0m[3mname[0m[2m=[0mk#addeef94..[1m}[0m[2m:[0m [2msui_core::authority::authority_per_epoch_store[0m[2m:[0m [2mcrates/sui-core/src/authority/authority_per_epoch_store.rs[0m[2m:[0m[2m2425:[0m jwk became active [3mepoch[0m[2m=[0m0 [3mround[0m[2m=[0m4 [3mjwk[0m[2m=[0m(JwkId { iss: "https://cognito-idp.eu-west-3.amazonaws.com/eu-west-3_gGVCx53Es", kid: "FIqQqeRU1EQP75fBeds+wL2yczwvbDy1NF6T/f5Oe5o=" }, JWK { kty: "RSA", e: "AQAB", n: "va55QtSTFhvqx0IL8UAPNZf6x5NO9jK88Wyct-i67grbDJZyXLSxz5oSttoIHkaJZQWgl_qsgyxDpHeSMznliS0K7rXFwaw81PwDIB_ek8uKhXmaQ6ryPAaO-8kvR46o-EYyVk9wWPDHTtN6NEbiUxGoDqOoiVCrVJLsFdoia7-MMVJnR2VokbEgGGbJkZu2MipikQvk_b7BGF__5mKvCJc6hCEJcxIUFvETKA9AOhjgxLvE9U8Ke6XRfmDLKovDAsDaZsWP6VPN0HoBi5mak9CgUqmxwnvNJFLhpjawD9E23O_l4aBcie56eFcC_knUa2VOHymBoJ0On3p03yxs7Q", alg: "RS256" })
[2m2025-03-25T07:54:14.917152Z[0m [32m INFO[0m [1mnode[0m[1m{[0m[3mname[0m[2m=[0mk#addeef94..[1m}[0m[2m:[0m [2msui_core::authority::authority_per_epoch_store[0m[2m:[0m [2mcrates/sui-core/src/authority/authority_per_epoch_store.rs[0m[2m:[0m[2m2388:[0m received jwk vote from k#addeef94.. for jwk (JwkId { iss: "https://login.microsoftonline.com/v2.0", kid: "JDNa_4i4r7FgigL3sHIlI3xV-IU" }, JWK { kty: "RSA", e: "AQAB", n: "iQ745_U-vjkxPblaw6phBpe08fC42mpcrS4pcr15HiyZQyQV-BFcEVyLwPdsz3ulMRN7OB_UMfCcPBHqOjguejoab6hyJFVVMw_epP4a3SpQN9qaCbnqaSxgSGiqSq663g3TjsF_Wu1m9L41eNoF6Yvh5kULMd6lqjY0LPO5ZZxaQFLtIHahoJKMvYy1BTS0VYcNsXTjxkgUEL6Vc8GV5vaClbnY3VA2hLbXC1SGJWjVGdYXhkuck2tHr58u87MPEaQ33C6YfyISZKsdumF5bTCcIH75jjC3WbMVOLgWg5w0MSiHOFyI76Ihxbb0nRicEuao0WzO9AS7HJ7L24FHFQ", alg: "RS256" })
[2m2025-03-25T07:54:14.917166Z[0m [32m INFO[0m [1mnode[0m[1m{[0m[3mname[0m[2m=[0mk#addeef94..[1m}[0m[2m:[0m [2msui_core::authority::authority_per_epoch_store[0m[2m:[0m [2mcrates/sui-core/src/authority/authority_per_epoch_store.rs[0m[2m:[0m[2m2425:[0m jwk became active [3mepoch[0m[2m=[0m0 [3mround[0m[2m=[0m4 [3mjwk[0m[2m=[0m(JwkId { iss: "https://login.microsoftonline.com/v2.0", kid: "JDNa_4i4r7FgigL3sHIlI3xV-IU" }, JWK { kty: "RSA", e: "AQAB", n: "iQ745_U-vjkxPblaw6phBpe08fC42mpcrS4pcr15HiyZQyQV-BFcEVyLwPdsz3ulMRN7OB_UMfCcPBHqOjguejoab6hyJFVVMw_epP4a3SpQN9qaCbnqaSxgSGiqSq663g3TjsF_Wu1m9L41eNoF6Yvh5kULMd6lqjY0LPO5ZZxaQFLtIHahoJKMvYy1BTS0VYcNsXTjxkgUEL6Vc8GV5vaClbnY3VA2hLbXC1SGJWjVGdYXhkuck2tHr58u87MPEaQ33C6YfyISZKsdumF5bTCcIH75jjC3WbMVOLgWg5w0MSiHOFyI76Ihxbb0nRicEuao0WzO9AS7HJ7L24FHFQ", alg: "RS256" })
[2m2025-03-25T07:54:14.917179Z[0m [32m INFO[0m [1mnode[0m[1m{[0m[3mname[0m[2m=[0mk#addeef94..[1m}[0m[2m:[0m [2msui_core::authority::authority_per_epoch_store[0m[2m:[0m [2mcrates/sui-core/src/authority/authority_per_epoch_store.rs[0m[2m:[0m[2m2388:[0m received jwk vote from k#addeef94.. for jwk (JwkId { iss: "https://login.microsoftonline.com/v2.0", kid: "JYhSOsHhDZrc5kfqQg8ujkHMTNY" }, JWK { kty: "RSA", e: "AQAB", n: "xxMRcusywRId_dJR_edc-qe_M3vhXONCz7QDhjVfoqHWbt9lQCXCVIsIo9VJI1nGT1F6NkXEIBt462x2p1w2cgf4AF86dGhbTpR-k81WLR5gNjkhpPqB1PCitichVIKbHAvOyYEAaJnEyCiJqIlU_Zg5L5FzRqv_N_3-fhYvWK0pc3m1Ohyd2kNRg1Nbcp5ogt7mBjec7MErfi-N0o54vXfsK6hM2m7h0sZwVd4CxgPqnpBtm2htM9xaKpnwkYoEL3va3bPI1VGGp9QLZwMV6RAHOy_ORpz4xarG-z7lZUCLO0X1So05rn7w5edBmfblUQlPL3BljbUVB3abd9SNXw", alg: "RS256" })
[2m2025-03-25T07:54:14.917192Z[0m [32m INFO[0m [1mnode[0m[1m{[0m[3mname[0m[2m=[0mk#addeef94..[1m}[0m[2m:[0m [2msui_core::authority::authority_per_epoch_store[0m[2m:[0m [2mcrates/sui-core/src/authority/authority_per_epoch_store.rs[0m[2m:[0m[2m2425:[0m jwk became active [3mepoch[0m[2m=[0m0 [3mround[0m[2m=[0m4 [3mjwk[0m[2m=[0m(JwkId { iss: "https://login.microsoftonline.com/v2.0", kid: "JYhSOsHhDZrc5kfqQg8ujkHMTNY" }, JWK { kty: "RSA", e: "AQAB", n: "xxMRcusywRId_dJR_edc-qe_M3vhXONCz7QDhjVfoqHWbt9lQCXCVIsIo9VJI1nGT1F6NkXEIBt462x2p1w2cgf4AF86dGhbTpR-k81WLR5gNjkhpPqB1PCitichVIKbHAvOyYEAaJnEyCiJqIlU_Zg5L5FzRqv_N_3-fhYvWK0pc3m1Ohyd2kNRg1Nbcp5ogt7mBjec7MErfi-N0o54vXfsK6hM2m7h0sZwVd4CxgPqnpBtm2htM9xaKpnwkYoEL3va3bPI1VGGp9QLZwMV6RAHOy_ORpz4xarG-z7lZUCLO0X1So05rn7w5edBmfblUQlPL3BljbUVB3abd9SNXw", alg: "RS256" })
[2m2025-03-25T07:54:14.917206Z[0m [32m INFO[0m [1mnode[0m[1m{[0m[3mname[0m[2m=[0mk#addeef94..[1m}[0m[2m:[0m [2msui_core::authority::authority_per_epoch_store[0m[2m:[0m [2mcrates/sui-core/src/authority/authority_per_epoch_store.rs[0m[2m:[0m[2m2388:[0m received jwk vote from k#addeef94.. for jwk (JwkId { iss: "https://login.microsoftonline.com/v2.0", kid: "CNv0OI3RwqlHFEVnaoMAshCH2XE" }, JWK { kty: "RSA", e: "AQAB", n: "hz6fUSCSAuiyQz6L1nQj4za8kItevJzxhVbecMigTIl9pXZSHZa3gzMgtapnb1q96CG5qvR78dH6ZvTKL8MzN4VfGgZhvLEv5LJKeo0tGgBIS65wxIiJYj9ExEDqFkw9RdhW1nN8IN9eO76PbC-fdEPtDekA2BaITY2DARISKN4Ke0RLBEWNrKeEjjOzrygS2e3Q9NVzE51ZGGQAGHau7atHy8M_qA1nnd2dMUgUMnEYIMzDBTSKz17G6itJOdanGvG3wXvdpndKffnDppaPkyWbnybdMI4IP7q6WsCqnt3Gtg-baG6GDqZQQEBp9C9gLAFv4ORTRlpD3w0gCMh7xw", alg: "RS256" })
[2m2025-03-25T07:54:14.917219Z[0m [32m INFO[0m [1mnode[0m[1m{[0m[3mname[0m[2m=[0mk#addeef94..[1m}[0m[2m:[0m [2msui_core::authority::authority_per_epoch_store[0m[2m:[0m [2mcrates/sui-core/src/authority/authority_per_epoch_store.rs[0m[2m:[0m[2m2425:[0m jwk became active [3mepoch[0m[2m=[0m0 [3mround[0m[2m=[0m4 [3mjwk[0m[2m=[0m(JwkId { iss: "https://login.microsoftonline.com/v2.0", kid: "CNv0OI3RwqlHFEVnaoMAshCH2XE" }, JWK { kty: "RSA", e: "AQAB", n: "hz6fUSCSAuiyQz6L1nQj4za8kItevJzxhVbecMigTIl9pXZSHZa3gzMgtapnb1q96CG5qvR78dH6ZvTKL8MzN4VfGgZhvLEv5LJKeo0tGgBIS65wxIiJYj9ExEDqFkw9RdhW1nN8IN9eO76PbC-fdEPtDekA2BaITY2DARISKN4Ke0RLBEWNrKeEjjOzrygS2e3Q9NVzE51ZGGQAGHau7atHy8M_qA1nnd2dMUgUMnEYIMzDBTSKz17G6itJOdanGvG3wXvdpndKffnDppaPkyWbnybdMI4IP7q6WsCqnt3Gtg-baG6GDqZQQEBp9C9gLAFv4ORTRlpD3w0gCMh7xw", alg: "RS256" })
[2m2025-03-25T07:54:14.917232Z[0m [32m INFO[0m [1mnode[0m[1m{[0m[3mname[0m[2m=[0mk#addeef94..[1m}[0m[2m:[0m [2msui_core::authority::authority_per_epoch_store[0m[2m:[0m [2mcrates/sui-core/src/authority/authority_per_epoch_store.rs[0m[2m:[0m[2m2388:[0m received jwk vote from k#addeef94.. for jwk (JwkId { iss: "https://login.microsoftonline.com/v2.0", kid: "-cgAvjmmQ24Ks20zIpDB4SW894w" }, JWK { kty: "RSA", e: "AQAB", n: "otM7AZjL81wdSVdrkQtt6shrQiAT8OZJeIKTeRJgrDYXKzaVXs0WFXVCjCv9GuCktF-tereotfZlcskamfuupe574o76CJy6AUtuY7wt0OKqxoSJMRuUJvA_NNkT50C_dTDHTtF7kiGBwWvHEkHeZAgT52E8bfNJswV28GsPscM9vG2ylUPyiaEIsGi0cg_JllbnfBjGhfA_lzmrB9Iw75E3f1Hnk2uAs1KcHJGSH3EwHJ5tUeo9WtLGjRAfH1kGtPjkktNaw3V8EukEzgIfILV8udpWYE79A_p5jFUnTNkQxsviNxG537JMooa1ZoYveDv_f6LCj1o7MNZQVlD3tw", alg: "RS256" })
[2m2025-03-25T07:54:14.917246Z[0m [32m INFO[0m [1mnode[0m[1m{[0m[3mname[0m[2m=[0mk#addeef94..[1m}[0m[2m:[0m [2msui_core::authority::authority_per_epoch_store[0m[2m:[0m [2mcrates/sui-core/src/authority/authority_per_epoch_store.rs[0m[2m:[0m[2m2425:[0m jwk became active [3mepoch[0m[2m=[0m0 [3mround[0m[2m=[0m4 [3mjwk[0m[2m=[0m(JwkId { iss: "https://login.microsoftonline.com/v2.0", kid: "-cgAvjmmQ24Ks20zIpDB4SW894w" }, JWK { kty: "RSA", e: "AQAB", n: "otM7AZjL81wdSVdrkQtt6shrQiAT8OZJeIKTeRJgrDYXKzaVXs0WFXVCjCv9GuCktF-tereotfZlcskamfuupe574o76CJy6AUtuY7wt0OKqxoSJMRuUJvA_NNkT50C_dTDHTtF7kiGBwWvHEkHeZAgT52E8bfNJswV28GsPscM9vG2ylUPyiaEIsGi0cg_JllbnfBjGhfA_lzmrB9Iw75E3f1Hnk2uAs1KcHJGSH3EwHJ5tUeo9WtLGjRAfH1kGtPjkktNaw3V8EukEzgIfILV8udpWYE79A_p5jFUnTNkQxsviNxG537JMooa1ZoYveDv_f6LCj1o7MNZQVlD3tw", alg: "RS256" })
[2m2025-03-25T07:54:14.917259Z[0m [32m INFO[0m [1mnode[0m[1m{[0m[3mname[0m[2m=[0mk#addeef94..[1m}[0m[2m:[0m [2msui_core::authority::authority_per_epoch_store[0m[2m:[0m [2mcrates/sui-core/src/authority/authority_per_epoch_store.rs[0m[2m:[0m[2m2388:[0m received jwk vote from k#addeef94.. for jwk (JwkId { iss: "https://login.microsoftonline.com/v2.0", kid: "dd55f7QP3HZky-ekQBDWKe7ADN0" }, JWK { kty: "RSA", e: "AQAB", n: "s950MOniBjjiB82Zx5FehPuYJKtguUAP5vpMNZ6JxYLGzn5h3FPplx0kkPEezg7dnH-sFxGwq_C7P14ja0YmHUkmozqdbg4GRS8xp9Ue0-KWs4BTTkXvMPnc3xBU6be4SmHK-c7A0E54YfokiY1KTRCaq_RRPDlVZJuc6s6rK4nRoPo0eOCj7H4b--QnKmPXiFSPNp40NC7FRfx9m7SYSltubIDzq1f4j2Qlrv90f2kT5DP81_2DGdHZ_ao7ypPX2_z_m4ycQgfAhIYhNHRai6iGtbU6NPkw38LS29bVbGycVCaBoq6_re8k_UiOM7gP9l96QDFnkMmNhpRxT7t34w", alg: "RS256" })
[2m2025-03-25T07:54:14.917272Z[0m [32m INFO[0m [1mnode[0m[1m{[0m[3mname[0m[2m=[0mk#addeef94..[1m}[0m[2m:[0m [2msui_core::authority::authority_per_epoch_store[0m[2m:[0m [2mcrates/sui-core/src/authority/authority_per_epoch_store.rs[0m[2m:[0m[2m2425:[0m jwk became active [3mepoch[0m[2m=[0m0 [3mround[0m[2m=[0m4 [3mjwk[0m[2m=[0m(JwkId { iss: "https://login.microsoftonline.com/v2.0", kid: "dd55f7QP3HZky-ekQBDWKe7ADN0" }, JWK { kty: "RSA", e: "AQAB", n: "s950MOniBjjiB82Zx5FehPuYJKtguUAP5vpMNZ6JxYLGzn5h3FPplx0kkPEezg7dnH-sFxGwq_C7P14ja0YmHUkmozqdbg4GRS8xp9Ue0-KWs4BTTkXvMPnc3xBU6be4SmHK-c7A0E54YfokiY1KTRCaq_RRPDlVZJuc6s6rK4nRoPo0eOCj7H4b--QnKmPXiFSPNp40NC7FRfx9m7SYSltubIDzq1f4j2Qlrv90f2kT5DP81_2DGdHZ_ao7ypPX2_z_m4ycQgfAhIYhNHRai6iGtbU6NPkw38LS29bVbGycVCaBoq6_re8k_UiOM7gP9l96QDFnkMmNhpRxT7t34w", alg: "RS256" })
[2m2025-03-25T07:54:14.917285Z[0m [32m INFO[0m [1mnode[0m[1m{[0m[3mname[0m[2m=[0mk#addeef94..[1m}[0m[2m:[0m [2msui_core::authority::authority_per_epoch_store[0m[2m:[0m [2mcrates/sui-core/src/authority/authority_per_epoch_store.rs[0m[2m:[0m[2m2388:[0m received jwk vote from k#addeef94.. for jwk (JwkId { iss: "https://login.microsoftonline.com/v2.0", kid: "ntzdbvo449IBJV0Yy_T--gOiPI8" }, JWK { kty: "RSA", e: "AQAB", n: "uYmKqopaxMNlFJ3QUgTM6TcWvR00WVPs4sCAl5Inr5tCIWbqC1IzVt74_eGPw9OypfM4YpEfAz5czFWgRRVcRQYNwDWSAXTSh-vkqK2meW4HQp7W33NCoz_kZ6JR-xwWJZCOtQa0RNwNTVuHTL2dyJo6DUShxVPtG6c8sV4gFCEz0moHBrf5njywV0GGkQgYe98GeCL3Mv2kx4WVf0pHkSELJfW5JN6jvD_05fY_g3LKsXqXm9u1cS39K4iULFVeeoz5jBMKl5h6w3lqSeBtzmqHpw6YVxcDu_bRUd_rqZUvTaZUgS_EfpOpOicaQN--90nzp4givQYEvWtDBtan5Q", alg: "RS256" })
[2m2025-03-25T07:54:14.917299Z[0m [32m INFO[0m [1mnode[0m[1m{[0m[3mname[0m[2m=[0mk#addeef94..[1m}[0m[2m:[0m [2msui_core::authority::authority_per_epoch_store[0m[2m:[0m [2mcrates/sui-core/src/authority/authority_per_epoch_store.rs[0m[2m:[0m[2m2425:[0m jwk became active [3mepoch[0m[2m=[0m0 [3mround[0m[2m=[0m4 [3mjwk[0m[2m=[0m(JwkId { iss: "https://login.microsoftonline.com/v2.0", kid: "ntzdbvo449IBJV0Yy_T--gOiPI8" }, JWK { kty: "RSA", e: "AQAB", n: "uYmKqopaxMNlFJ3QUgTM6TcWvR00WVPs4sCAl5Inr5tCIWbqC1IzVt74_eGPw9OypfM4YpEfAz5czFWgRRVcRQYNwDWSAXTSh-vkqK2meW4HQp7W33NCoz_kZ6JR-xwWJZCOtQa0RNwNTVuHTL2dyJo6DUShxVPtG6c8sV4gFCEz0moHBrf5njywV0GGkQgYe98GeCL3Mv2kx4WVf0pHkSELJfW5JN6jvD_05fY_g3LKsXqXm9u1cS39K4iULFVeeoz5jBMKl5h6w3lqSeBtzmqHpw6YVxcDu_bRUd_rqZUvTaZUgS_EfpOpOicaQN--90nzp4givQYEvWtDBtan5Q", alg: "RS256" })
[2m2025-03-25T07:54:14.917314Z[0m [32m INFO[0m [1mnode[0m[1m{[0m[3mname[0m[2m=[0mk#addeef94..[1m}[0m[2m:[0m [2msui_core::authority::authority_per_epoch_store[0m[2m:[0m [2mcrates/sui-core/src/authority/authority_per_epoch_store.rs[0m[2m:[0m[2m2388:[0m received jwk vote from k#addeef94.. for jwk (JwkId { iss: "https://login.microsoftonline.com/v2.0", kid: "PDRf_Bs8CkDdi7av6hKLwRnNHmk" }, JWK { kty: "RSA", e: "AQAB", n: "v2R1eCh9xaZjAqn0FTf-DuDy3BFsJHc_lsv4K1Ycd1qnF5DwHC7mxnoTsA_dnI8BJvZsCAI7kkFjqKqXDSVYwRM05733_EPekLqLlb02-XLcOziMsOEMpXRrl1wFGHK5zmh2D4ZLsEId2Gdk1fcLzwjCg5iqQxi17DQFDoi0aWUKnkN62sSbiUvzd11eUl0N_beLZ0HYf53wk8r9P3reVhz9W7P8KwNBf7JyiLxmRP_yD9n3650iXi1qp8bZcAt9WmMZ2H6iHHhb7biXwvrJuf2id72VPvV6qkVu6jwUVW5yh6dIvCtPYEA7JNMWyBEXOjJbZ-3l3szj1GSV5m8eAQ", alg: "RS256" })
[2m2025-03-25T07:54:14.917328Z[0m [32m INFO[0m [1mnode[0m[1m{[0m[3mname[0m[2m=[0mk#addeef94..[1m}[0m[2m:[0m [2msui_core::authority::authority_per_epoch_store[0m[2m:[0m [2mcrates/sui-core/src/authority/authority_per_epoch_store.rs[0m[2m:[0m[2m2425:[0m jwk became active [3mepoch[0m[2m=[0m0 [3mround[0m[2m=[0m4 [3mjwk[0m[2m=[0m(JwkId { iss: "https://login.microsoftonline.com/v2.0", kid: "PDRf_Bs8CkDdi7av6hKLwRnNHmk" }, JWK { kty: "RSA", e: "AQAB", n: "v2R1eCh9xaZjAqn0FTf-DuDy3BFsJHc_lsv4K1Ycd1qnF5DwHC7mxnoTsA_dnI8BJvZsCAI7kkFjqKqXDSVYwRM05733_EPekLqLlb02-XLcOziMsOEMpXRrl1wFGHK5zmh2D4ZLsEId2Gdk1fcLzwjCg5iqQxi17DQFDoi0aWUKnkN62sSbiUvzd11eUl0N_beLZ0HYf53wk8r9P3reVhz9W7P8KwNBf7JyiLxmRP_yD9n3650iXi1qp8bZcAt9WmMZ2H6iHHhb7biXwvrJuf2id72VPvV6qkVu6jwUVW5yh6dIvCtPYEA7JNMWyBEXOjJbZ-3l3szj1GSV5m8eAQ", alg: "RS256" })
[2m2025-03-25T07:54:14.917345Z[0m [32m INFO[0m [1mnode[0m[1m{[0m[3mname[0m[2m=[0mk#addeef94..[1m}[0m[2m:[0m [2msui_core::authority::authority_per_epoch_store[0m[2m:[0m [2mcrates/sui-core/src/authority/authority_per_epoch_store.rs[0m[2m:[0m[2m2388:[0m received jwk vote from k#addeef94.. for jwk (JwkId { iss: "https://appleid.apple.com", kid: "rBRfVmqsjn" }, JWK { kty: "RSA", e: "AQAB", n: "pPOaiF5yL-y42FaKg9PYASR5-rdTK7NEiteNUAzNp0zkta-HW-tgLNLNlsft3zcrsgOLqXxhX7qzlI3JGH-wSs7_v2XNSg57QhOTxPDqtUfy5DegtiSOgwE947OBTwCWo2R6cGZD1T8ysfO2HuKheq2hEwZU4Y-8qT19WWOhZHs4CVt7A5mzpIgWuUVw766VTyqrqKev32DOUPIqFocFz3tuty95S9t_OYnaPCcET-b6DV_eT7psPhqhl5nNUm0lzkCQ53-9kxQNJxBciy0wiBcAexD4KppKRRD3evFpOSxD1R6Kg2DIG5UnbVVqn5nhZA9RH-t50f_biqV3KlSHJQ", alg: "RS256" })
[2m2025-03-25T07:54:14.917361Z[0m [32m INFO[0m [1mnode[0m[1m{[0m[3mname[0m[2m=[0mk#addeef94..[1m}[0m[2m:[0m [2msui_core::authority::authority_per_epoch_store[0m[2m:[0m [2mcrates/sui-core/src/authority/authority_per_epoch_store.rs[0m[2m:[0m[2m2425:[0m jwk became active [3mepoch[0m[2m=[0m0 [3mround[0m[2m=[0m4 [3mjwk[0m[2m=[0m(JwkId { iss: "https://appleid.apple.com", kid: "rBRfVmqsjn" }, JWK { kty: "RSA", e: "AQAB", n: "pPOaiF5yL-y42FaKg9PYASR5-rdTK7NEiteNUAzNp0zkta-HW-tgLNLNlsft3zcrsgOLqXxhX7qzlI3JGH-wSs7_v2XNSg57QhOTxPDqtUfy5DegtiSOgwE947OBTwCWo2R6cGZD1T8ysfO2HuKheq2hEwZU4Y-8qT19WWOhZHs4CVt7A5mzpIgWuUVw766VTyqrqKev32DOUPIqFocFz3tuty95S9t_OYnaPCcET-b6DV_eT7psPhqhl5nNUm0lzkCQ53-9kxQNJxBciy0wiBcAexD4KppKRRD3evFpOSxD1R6Kg2DIG5UnbVVqn5nhZA9RH-t50f_biqV3KlSHJQ", alg: "RS256" })
[2m2025-03-25T07:54:14.917377Z[0m [32m INFO[0m [1mnode[0m[1m{[0m[3mname[0m[2m=[0mk#addeef94..[1m}[0m[2m:[0m [2msui_core::authority::authority_per_epoch_store[0m[2m:[0m [2mcrates/sui-core/src/authority/authority_per_epoch_store.rs[0m[2m:[0m[2m2388:[0m received jwk vote from k#addeef94.. for jwk (JwkId { iss: "https://appleid.apple.com", kid: "rs0M3kOV9p" }, JWK { kty: "RSA", e: "AQAB", n: "zH5so3zLsgmRypxAAYJimfF9cx3ISSyHyzjDP3yvE9ieqpnjFJhzgCP8L4oKO9vUFNpoG1ub7I3paYNY6Vb2yc4chnsjJxB3j0jomJ3iI9MlWoVecTFG2tywyx5NRhy3YfTUpw2uCLafzWrpIJIoKUCGM6iUgaIFjvfi-cGT5T_5eUSWZHN-ziH69mGcbMRGLQEixQUatwru9i4i-OSk-w-JmLOqAzRP1mVn1tcZRIoGSB2PFSSJX9SK90OX8i5sj7dpIO_2xbGMtyNJkDzGq88x1pMJ4sv6HMj-tx4QrpGDbUi7zBCgbBnNSGSB_LBv4dbswwWY96ckHgx9yf_7IQ", alg: "RS256" })
[2m2025-03-25T07:54:14.917390Z[0m [32m INFO[0m [1mnode[0m[1m{[0m[3mname[0m[2m=[0mk#addeef94..[1m}[0m[2m:[0m [2msui_core::authority::authority_per_epoch_store[0m[2m:[0m [2mcrates/sui-core/src/authority/authority_per_epoch_store.rs[0m[2m:[0m[2m2425:[0m jwk became active [3mepoch[0m[2m=[0m0 [3mround[0m[2m=[0m4 [3mjwk[0m[2m=[0m(JwkId { iss: "https://appleid.apple.com", kid: "rs0M3kOV9p" }, JWK { kty: "RSA", e: "AQAB", n: "zH5so3zLsgmRypxAAYJimfF9cx3ISSyHyzjDP3yvE9ieqpnjFJhzgCP8L4oKO9vUFNpoG1ub7I3paYNY6Vb2yc4chnsjJxB3j0jomJ3iI9MlWoVecTFG2tywyx5NRhy3YfTUpw2uCLafzWrpIJIoKUCGM6iUgaIFjvfi-cGT5T_5eUSWZHN-ziH69mGcbMRGLQEixQUatwru9i4i-OSk-w-JmLOqAzRP1mVn1tcZRIoGSB2PFSSJX9SK90OX8i5sj7dpIO_2xbGMtyNJkDzGq88x1pMJ4sv6HMj-tx4QrpGDbUi7zBCgbBnNSGSB_LBv4dbswwWY96ckHgx9yf_7IQ", alg: "RS256" })
[2m2025-03-25T07:54:14.917403Z[0m [32m INFO[0m [1mnode[0m[1m{[0m[3mname[0m[2m=[0mk#addeef94..[1m}[0m[2m:[0m [2msui_core::authority::authority_per_epoch_store[0m[2m:[0m [2mcrates/sui-core/src/authority/authority_per_epoch_store.rs[0m[2m:[0m[2m2388:[0m received jwk vote from k#addeef94.. for jwk (JwkId { iss: "https://appleid.apple.com", kid: "dMlERBaFdK" }, JWK { kty: "RSA", e: "AQAB", n: "ryLWkB74N6SJNRVBjKF6xKMfP-QW3AAsJotv0LjVtf7m4NZNg_gTL78e7O8wmvngF8FuzBrvqf1mGW17Ct8BgNK6YXxnoGL0YLmlwXbmCZvTXki0VlEW1PDXeViWy7qXaCp2caF5v4OOdPsgroxNO_DgJRTuA_izJ4DFZYHCHXwojfdWJiDYG67j5PlD5pXKGx7zaqyryjovZTEII_Z1_bhFCRUZRjfJ3TVoK0fZj2z7iAZWjn33i-V3zExUhwzEyeuGph0118NfmOLCUEy_Jd4xvLf_X4laPpe9nq8UeORfs72yz2qH7cHDKL85W6oG08Gu05JWuAs5Ay49WxJrmw", alg: "RS256" })
[2m2025-03-25T07:54:14.917416Z[0m [32m INFO[0m [1mnode[0m[1m{[0m[3mname[0m[2m=[0mk#addeef94..[1m}[0m[2m:[0m [2msui_core::authority::authority_per_epoch_store[0m[2m:[0m [2mcrates/sui-core/src/authority/authority_per_epoch_store.rs[0m[2m:[0m[2m2425:[0m jwk became active [3mepoch[0m[2m=[0m0 [3mround[0m[2m=[0m4 [3mjwk[0m[2m=[0m(JwkId { iss: "https://appleid.apple.com", kid: "dMlERBaFdK" }, JWK { kty: "RSA", e: "AQAB", n: "ryLWkB74N6SJNRVBjKF6xKMfP-QW3AAsJotv0LjVtf7m4NZNg_gTL78e7O8wmvngF8FuzBrvqf1mGW17Ct8BgNK6YXxnoGL0YLmlwXbmCZvTXki0VlEW1PDXeViWy7qXaCp2caF5v4OOdPsgroxNO_DgJRTuA_izJ4DFZYHCHXwojfdWJiDYG67j5PlD5pXKGx7zaqyryjovZTEII_Z1_bhFCRUZRjfJ3TVoK0fZj2z7iAZWjn33i-V3zExUhwzEyeuGph0118NfmOLCUEy_Jd4xvLf_X4laPpe9nq8UeORfs72yz2qH7cHDKL85W6oG08Gu05JWuAs5Ay49WxJrmw", alg: "RS256" })
[2m2025-03-25T07:54:14.917429Z[0m [32m INFO[0m [1mnode[0m[1m{[0m[3mname[0m[2m=[0mk#addeef94..[1m}[0m[2m:[0m [2msui_core::authority::authority_per_epoch_store[0m[2m:[0m [2mcrates/sui-core/src/authority/authority_per_epoch_store.rs[0m[2m:[0m[2m2388:[0m received jwk vote from k#addeef94.. for jwk (JwkId { iss: "https://accounts.karrier.one/", kid: "E760D111C1A1296E6D1D85F7EB18DDBAA0EC2B4E" }, JWK { kty: "RSA", e: "AQAB", n: "3s6cCgr0tKeYEy_MGYDZ7ByPgI0Bv-JimxiSNOytvXb6xvcxE_jjEiEkMg6R3frYXWWuM3V4DMB3WGc8ePDACM9e3ly8jEpxA90nJ1eE94a9bF5wQGtC8_oqw2DajBt6O5ZTSKFJhMQMyzKUXmqT_m1DsUHm0uNGPulMp2CmSE8xtFLlXdxl_8on4zN_4PboPgOrl65DKcw6THTuNcasffyxVeK6_HbuEDLp-Q1v8PtvW98TO2GvOK-yNLDrpgqeh0fnnUBHR2tkMaJ3nnLNdEkVfeBQlafCvwJPRrGX83POq6SC-WAoP6IOH9BXd0DwRvqgCj2uWhtk9yEamJ7Q2Q", alg: "RS256" })
[2m2025-03-25T07:54:14.917442Z[0m [32m INFO[0m [1mnode[0m[1m{[0m[3mname[0m[2m=[0mk#addeef94..[1m}[0m[2m:[0m [2msui_core::authority::authority_per_epoch_store[0m[2m:[0m [2mcrates/sui-core/src/authority/authority_per_epoch_store.rs[0m[2m:[0m[2m2425:[0m jwk became active [3mepoch[0m[2m=[0m0 [3mround[0m[2m=[0m4 [3mjwk[0m[2m=[0m(JwkId { iss: "https://accounts.karrier.one/", kid: "E760D111C1A1296E6D1D85F7EB18DDBAA0EC2B4E" }, JWK { kty: "RSA", e: "AQAB", n: "3s6cCgr0tKeYEy_MGYDZ7ByPgI0Bv-JimxiSNOytvXb6xvcxE_jjEiEkMg6R3frYXWWuM3V4DMB3WGc8ePDACM9e3ly8jEpxA90nJ1eE94a9bF5wQGtC8_oqw2DajBt6O5ZTSKFJhMQMyzKUXmqT_m1DsUHm0uNGPulMp2CmSE8xtFLlXdxl_8on4zN_4PboPgOrl65DKcw6THTuNcasffyxVeK6_HbuEDLp-Q1v8PtvW98TO2GvOK-yNLDrpgqeh0fnnUBHR2tkMaJ3nnLNdEkVfeBQlafCvwJPRrGX83POq6SC-WAoP6IOH9BXd0DwRvqgCj2uWhtk9yEamJ7Q2Q", alg: "RS256" })
[2m2025-03-25T07:54:14.917455Z[0m [32m INFO[0m [1mnode[0m[1m{[0m[3mname[0m[2m=[0mk#addeef94..[1m}[0m[2m:[0m [2msui_core::authority::authority_per_epoch_store[0m[2m:[0m [2mcrates/sui-core/src/authority/authority_per_epoch_store.rs[0m[2m:[0m[2m2388:[0m received jwk vote from k#addeef94.. for jwk (JwkId { iss: "https://accounts.karrier.one/", kid: "B65FDCAA152E04ADE817314CF6A06F4ECABF4CFB" }, JWK { kty: "RSA", e: "AQAB", n: "ra5LGXik2tB6apOePLdwT0ID-Kevzoyy_qcvHhvGJbrY_0PVaT3yM2t_UyvNlh60QYmtIxmGE1vTfbD6moDg0y1WLZ2tMfJ56YT23LYW-quzHHpw3pcAi8EVCFiU7pB4XHHBv-0F_eS7qGQr4Y38QyWKEzg6kv4X_xpMxEpVYmRVgYu8rGXqwCHIFq1Dc3v9Op83hO2q-geeidXjosydxgb6LdOpc27Q_0gzDM2vTaI0k8fqauVGilcYw3OxeqL5jVrdSeyaq4meHrquLdGCbI_KQiS08GJ9BZ4QchfTK70lzKasCsTcW5jd2Ci7DYoPvY-FrR8zPaxHj9jjTkAW3Q", alg: "RS256" })
[2m2025-03-25T07:54:14.917469Z[0m [32m INFO[0m [1mnode[0m[1m{[0m[3mname[0m[2m=[0mk#addeef94..[1m}[0m[2m:[0m [2msui_core::authority::authority_per_epoch_store[0m[2m:[0m [2mcrates/sui-core/src/authority/authority_per_epoch_store.rs[0m[2m:[0m[2m2425:[0m jwk became active [3mepoch[0m[2m=[0m0 [3mround[0m[2m=[0m4 [3mjwk[0m[2m=[0m(JwkId { iss: "https://accounts.karrier.one/", kid: "B65FDCAA152E04ADE817314CF6A06F4ECABF4CFB" }, JWK { kty: "RSA", e: "AQAB", n: "ra5LGXik2tB6apOePLdwT0ID-Kevzoyy_qcvHhvGJbrY_0PVaT3yM2t_UyvNlh60QYmtIxmGE1vTfbD6moDg0y1WLZ2tMfJ56YT23LYW-quzHHpw3pcAi8EVCFiU7pB4XHHBv-0F_eS7qGQr4Y38QyWKEzg6kv4X_xpMxEpVYmRVgYu8rGXqwCHIFq1Dc3v9Op83hO2q-geeidXjosydxgb6LdOpc27Q_0gzDM2vTaI0k8fqauVGilcYw3OxeqL5jVrdSeyaq4meHrquLdGCbI_KQiS08GJ9BZ4QchfTK70lzKasCsTcW5jd2Ci7DYoPvY-FrR8zPaxHj9jjTkAW3Q", alg: "RS256" })
[2m2025-03-25T07:54:14.917482Z[0m [32m INFO[0m [1mnode[0m[1m{[0m[3mname[0m[2m=[0mk#addeef94..[1m}[0m[2m:[0m [2msui_core::authority::authority_per_epoch_store[0m[2m:[0m [2mcrates/sui-core/src/authority/authority_per_epoch_store.rs[0m[2m:[0m[2m2388:[0m received jwk vote from k#addeef94.. for jwk (JwkId { iss: "https://cognito-idp.us-east-1.amazonaws.com/us-east-1_qPsZxYqd8", kid: "VHA/vY1d2h7X33DpZ6ZBDRfnCS/OIgiV7toCdxyEUDY=" }, JWK { kty: "RSA", e: "AQAB", n: "7nb7CxiOI5bgf80jk1WOwi6Fmo9EJzIugpl-gZehOgL4cVAmvp1ChVZMwxTRM62hIQ6Ab6k0vmLBq_jZFx6MeU4c1xTipIohOEK_5HjbesM9OuduHkujN6J7Az4ON4TyHtJOXs3-xdVbjWQwP5L2O_N334ZIb9n-hRxGRhKaQLciSNEt3TQ2ookJaa1q9UinlA0jJyIMLJXmpSdvUP_0QizT88wrenRs3PccgKBQgvtQx569yvL6YnzaRSa8pL7saNy2KqevDHkIvRfqEckduoFQTyiL5OTz6canJYaklw-OImrO1eQF2Z_TsamXKKdk9-k9WFwYx4ftDTdacDflaw", alg: "RS256" })
[2m2025-03-25T07:54:14.917496Z[0m [32m INFO[0m [1mnode[0m[1m{[0m[3mname[0m[2m=[0mk#addeef94..[1m}[0m[2m:[0m [2msui_core::authority::authority_per_epoch_store[0m[2m:[0m [2mcrates/sui-core/src/authority/authority_per_epoch_store.rs[0m[2m:[0m[2m2425:[0m jwk became active [3mepoch[0m[2m=[0m0 [3mround[0m[2m=[0m4 [3mjwk[0m[2m=[0m(JwkId { iss: "https://cognito-idp.us-east-1.amazonaws.com/us-east-1_qPsZxYqd8", kid: "VHA/vY1d2h7X33DpZ6ZBDRfnCS/OIgiV7toCdxyEUDY=" }, JWK { kty: "RSA", e: "AQAB", n: "7nb7CxiOI5bgf80jk1WOwi6Fmo9EJzIugpl-gZehOgL4cVAmvp1ChVZMwxTRM62hIQ6Ab6k0vmLBq_jZFx6MeU4c1xTipIohOEK_5HjbesM9OuduHkujN6J7Az4ON4TyHtJOXs3-xdVbjWQwP5L2O_N334ZIb9n-hRxGRhKaQLciSNEt3TQ2ookJaa1q9UinlA0jJyIMLJXmpSdvUP_0QizT88wrenRs3PccgKBQgvtQx569yvL6YnzaRSa8pL7saNy2KqevDHkIvRfqEckduoFQTyiL5OTz6canJYaklw-OImrO1eQF2Z_TsamXKKdk9-k9WFwYx4ftDTdacDflaw", alg: "RS256" })
[2m2025-03-25T07:54:14.917511Z[0m [32m INFO[0m [1mnode[0m[1m{[0m[3mname[0m[2m=[0mk#addeef94..[1m}[0m[2m:[0m [2msui_core::authority::authority_per_epoch_store[0m[2m:[0m [2mcrates/sui-core/src/authority/authority_per_epoch_store.rs[0m[2m:[0m[2m2388:[0m received jwk vote from k#addeef94.. for jwk (JwkId { iss: "https://cognito-idp.us-east-1.amazonaws.com/us-east-1_qPsZxYqd8", kid: "lGbuLXh42ChSJwrMUEBO2npnvMzdAHqOj6DNZieDuVA=" }, JWK { kty: "RSA", e: "AQAB", n: "2e3M6UZo5G1r3eYi1h_dqng0lhNHE6bwSrnEmTMygjDaejpcjWKY9ICFtcz-lP_HEx_q67HsaM7QUIGpTEtAXqQHyxbMAcPlUwKSD8y_mZJlDDM4kI7KJQLW4M-904gDvih5FbnJc-QNkH1Z7vHwDpLOam53x8QQj7rjoXBzH0q0JVlv5PU5ZEoqCc2PIJCtxzZApXzMt0lnqw8DB55P4_czdplVkd80UhPAz1gM3ysTIQi2eblMvkUp98orOlpsp434g6mnrdgYFLOleuuwNraRTJRi0r9Dn9ToILY7Arywi5jS8M496CXJUFAB9UKXKrTa9pazlnRMiFBochRRZw", alg: "RS256" })
[2m2025-03-25T07:54:14.917524Z[0m [32m INFO[0m [1mnode[0m[1m{[0m[3mname[0m[2m=[0mk#addeef94..[1m}[0m[2m:[0m [2msui_core::authority::authority_per_epoch_store[0m[2m:[0m [2mcrates/sui-core/src/authority/authority_per_epoch_store.rs[0m[2m:[0m[2m2425:[0m jwk became active [3mepoch[0m[2m=[0m0 [3mround[0m[2m=[0m4 [3mjwk[0m[2m=[0m(JwkId { iss: "https://cognito-idp.us-east-1.amazonaws.com/us-east-1_qPsZxYqd8", kid: "lGbuLXh42ChSJwrMUEBO2npnvMzdAHqOj6DNZieDuVA=" }, JWK { kty: "RSA", e: "AQAB", n: "2e3M6UZo5G1r3eYi1h_dqng0lhNHE6bwSrnEmTMygjDaejpcjWKY9ICFtcz-lP_HEx_q67HsaM7QUIGpTEtAXqQHyxbMAcPlUwKSD8y_mZJlDDM4kI7KJQLW4M-904gDvih5FbnJc-QNkH1Z7vHwDpLOam53x8QQj7rjoXBzH0q0JVlv5PU5ZEoqCc2PIJCtxzZApXzMt0lnqw8DB55P4_czdplVkd80UhPAz1gM3ysTIQi2eblMvkUp98orOlpsp434g6mnrdgYFLOleuuwNraRTJRi0r9Dn9ToILY7Arywi5jS8M496CXJUFAB9UKXKrTa9pazlnRMiFBochRRZw", alg: "RS256" })
[2m2025-03-25T07:54:14.917537Z[0m [32m INFO[0m [1mnode[0m[1m{[0m[3mname[0m[2m=[0mk#addeef94..[1m}[0m[2m:[0m [2msui_core::authority::authority_per_epoch_store[0m[2m:[0m [2mcrates/sui-core/src/authority/authority_per_epoch_store.rs[0m[2m:[0m[2m2388:[0m received jwk vote from k#addeef94.. for jwk (JwkId { iss: "https://oauth2.playtron.one", kid: "7388b63c-ba03-4fe3-85e3-6717f91d55b1" }, JWK { kty: "RSA", e: "AQAB", n: "scvmHIfIZk5ZU7_k6snu98s5rPKBDws804qpNEPyy7fkmzxDbcN-qWQJrDgNU-pvr5WvIPyu2hfFrNtBiiE3IZqqGRm2rJb8LoKz6mtxiLyRT8EQS8D8U6uiR8mkvbw-vgJ1h3l2gHDXPGN-03_DXrL8r2xDiuxdezxjiCI80r7bmpZg9i8PWtL1BQU43nM4MNDXi9Wo5ppSojFxTe8L75ZOnFeLBVxPJG9YBGhFnATIoUei7ohbw5_t9buiIfXTQ3ZwCvG3WAGFDsOIdl3PapA1T7oTlsfQp0wQa0EDeleFBu81ytNlidJNQcXz3F9OmwYbHJ4bPMYcz-x2ATLK5w", alg: "RS256" })
[2m2025-03-25T07:54:14.917551Z[0m [32m INFO[0m [1mnode[0m[1m{[0m[3mname[0m[2m=[0mk#addeef94..[1m}[0m[2m:[0m [2msui_core::authority::authority_per_epoch_store[0m[2m:[0m [2mcrates/sui-core/src/authority/authority_per_epoch_store.rs[0m[2m:[0m[2m2425:[0m jwk became active [3mepoch[0m[2m=[0m0 [3mround[0m[2m=[0m4 [3mjwk[0m[2m=[0m(JwkId { iss: "https://oauth2.playtron.one", kid: "7388b63c-ba03-4fe3-85e3-6717f91d55b1" }, JWK { kty: "RSA", e: "AQAB", n: "scvmHIfIZk5ZU7_k6snu98s5rPKBDws804qpNEPyy7fkmzxDbcN-qWQJrDgNU-pvr5WvIPyu2hfFrNtBiiE3IZqqGRm2rJb8LoKz6mtxiLyRT8EQS8D8U6uiR8mkvbw-vgJ1h3l2gHDXPGN-03_DXrL8r2xDiuxdezxjiCI80r7bmpZg9i8PWtL1BQU43nM4MNDXi9Wo5ppSojFxTe8L75ZOnFeLBVxPJG9YBGhFnATIoUei7ohbw5_t9buiIfXTQ3ZwCvG3WAGFDsOIdl3PapA1T7oTlsfQp0wQa0EDeleFBu81ytNlidJNQcXz3F9OmwYbHJ4bPMYcz-x2ATLK5w", alg: "RS256" })
[2m2025-03-25T07:54:14.917564Z[0m [32m INFO[0m [1mnode[0m[1m{[0m[3mname[0m[2m=[0mk#addeef94..[1m}[0m[2m:[0m [2msui_core::authority::authority_per_epoch_store[0m[2m:[0m [2mcrates/sui-core/src/authority/authority_per_epoch_store.rs[0m[2m:[0m[2m2388:[0m received jwk vote from k#addeef94.. for jwk (JwkId { iss: "https://oauth2.playtron.one", kid: "e55421cb-cdbd-4791-a590-ad8ca798aa89" }, JWK { kty: "RSA", e: "AQAB", n: "vy8-EHvWmVHH5xi3BBvfalX9i6OuP9mz2wz1E72eMTf1ZHVbZ66O-vWlr2F2SNSyB_PURIb1KIqUcvpn6GW_vgs4EhflMJnmeZ0Fot4V6YsEOIzob7jkooeFNZ7dTDDHahtMyBd7pcJCv1afdQSTVZQeO0lm0swOm2whkw6hV7R2fBG3zLJsBUqe9oEwMa9cJ768KFfxFoEAUk3SQZ74JmkgOEKBSf26EcPcxAZTreSDAdh5-MI4oD1aawHfb5nl1CQxhRf4YcCp_MVoerKKX1-it0NkDn5xJsuN_Z3Dv5354j6OZVBZpDjN7ZwcQfLEnjwI8G4Zr9y2SC3g_fH1G-MIhe0LPDWF4egqMaIwkIDW0sMqPAnE_nSFN8Ag3KJ_iT6P2PAGJbna882IIczb5q9VXkB0RJlL4BwNHSE2q867EZBNGFTPrDJzHtM7sZ468Y4taMv0CyFdPlb0alFRsS_T658tdkt1lxrl_dzE0ixPBw99X5Rwz0XLv4yNs4BQ6RgHVZT5fGGRzXovlDx9F2ea0EleNn47KAFDs0wNjIl1oryar0pJMlb-pDPuVcGMt0XYNh5gOLty5LdAl_7PqwFsQc7QMWIGqjnSnzeGYvN7kknpfYl0SfJDQNNSJDI2b2oGUWw-K6-kCgQxxlEKbhztegiVmRGuqcDfvNqrpqc", alg: "RS256" })
[2m2025-03-25T07:54:14.917580Z[0m [32m INFO[0m [1mnode[0m[1m{[0m[3mname[0m[2m=[0mk#addeef94..[1m}[0m[2m:[0m [2msui_core::authority::authority_per_epoch_store[0m[2m:[0m [2mcrates/sui-core/src/authority/authority_per_epoch_store.rs[0m[2m:[0m[2m2425:[0m jwk became active [3mepoch[0m[2m=[0m0 [3mround[0m[2m=[0m4 [3mjwk[0m[2m=[0m(JwkId { iss: "https://oauth2.playtron.one", kid: "e55421cb-cdbd-4791-a590-ad8ca798aa89" }, JWK { kty: "RSA", e: "AQAB", n: "vy8-EHvWmVHH5xi3BBvfalX9i6OuP9mz2wz1E72eMTf1ZHVbZ66O-vWlr2F2SNSyB_PURIb1KIqUcvpn6GW_vgs4EhflMJnmeZ0Fot4V6YsEOIzob7jkooeFNZ7dTDDHahtMyBd7pcJCv1afdQSTVZQeO0lm0swOm2whkw6hV7R2fBG3zLJsBUqe9oEwMa9cJ768KFfxFoEAUk3SQZ74JmkgOEKBSf26EcPcxAZTreSDAdh5-MI4oD1aawHfb5nl1CQxhRf4YcCp_MVoerKKX1-it0NkDn5xJsuN_Z3Dv5354j6OZVBZpDjN7ZwcQfLEnjwI8G4Zr9y2SC3g_fH1G-MIhe0LPDWF4egqMaIwkIDW0sMqPAnE_nSFN8Ag3KJ_iT6P2PAGJbna882IIczb5q9VXkB0RJlL4BwNHSE2q867EZBNGFTPrDJzHtM7sZ468Y4taMv0CyFdPlb0alFRsS_T658tdkt1lxrl_dzE0ixPBw99X5Rwz0XLv4yNs4BQ6RgHVZT5fGGRzXovlDx9F2ea0EleNn47KAFDs0wNjIl1oryar0pJMlb-pDPuVcGMt0XYNh5gOLty5LdAl_7PqwFsQc7QMWIGqjnSnzeGYvN7kknpfYl0SfJDQNNSJDI2b2oGUWw-K6-kCgQxxlEKbhztegiVmRGuqcDfvNqrpqc", alg: "RS256" })
[2m2025-03-25T07:54:14.917594Z[0m [32m INFO[0m [1mnode[0m[1m{[0m[3mname[0m[2m=[0mk#addeef94..[1m}[0m[2m:[0m [2msui_core::authority::authority_per_epoch_store[0m[2m:[0m [2mcrates/sui-core/src/authority/authority_per_epoch_store.rs[0m[2m:[0m[2m2388:[0m received jwk vote from k#addeef94.. for jwk (JwkId { iss: "https://oauth2.playtron.one", kid: "1fd66a18-7afd-4086-ba57-a8ca9b398406" }, JWK { kty: "RSA", e: "AQAB", n: "7XHinRSS9un2BdWsLhFOdi5N-17HMRYf4odQE4KqiPqRrp8TDE9bDekg8ERCW7Hqkgp44U07BUJwCiL5ss_9rIgV6Wy_lOwF_npGqMstZYemnZYNvpaD4ZEneoRmo94qNkYg5szBhVlvaF-IXlwB4GEQdDLJZOLafgPYL4XK2eD49Q7PU7jkNKy91k98UeK3fH9iv0L6W5nJNU1SzCR75gRcWyKSySg9RCTQyWFak8VhWW1YxwIQebvGgTsr6jYgxvcmRsSLeMhEhoIhOOkC1zQK51kBB-ZS7o2KttDHr1dn08LeHJkxSZ2guLdT_V2ISDiKxjXgVBlSvvweLgEHs7cehNU-D65uQpTxULPJW7xeITDl8rCCxbr8p8rcq-I19EV5Uj4n7RswaNDZ2YO87Yx12KzZVrO_0Tra6CvsNJ7hdI_Ykg7yMLs-dj7eKgOF5Nx1Q7Bnp1OyRKIXfUkyZkh8mjfiMt-npf1WPAgF1Iwx5H-ww1rTuFR6yyZRtEHyVxudg9XFar6cKizi75uKVGaV74GMGI2tPGL0zh_jCh8QSk68HltKdfLP8xDvHBB_crklWlr9iYuFjHzLI9KWvICvQWMtQikHE3iaf492I9SMqR0OIwSeg5TzzerVX17qkCeVbdxOK9jKeP5k2sW6mETUdrJCmlRwGN-EG_VIOrE", alg: "RS256" })
[2m2025-03-25T07:54:14.917609Z[0m [32m INFO[0m [1mnode[0m[1m{[0m[3mname[0m[2m=[0mk#addeef94..[1m}[0m[2m:[0m [2msui_core::authority::authority_per_epoch_store[0m[2m:[0m [2mcrates/sui-core/src/authority/authority_per_epoch_store.rs[0m[2m:[0m[2m2425:[0m jwk became active [3mepoch[0m[2m=[0m0 [3mround[0m[2m=[0m4 [3mjwk[0m[2m=[0m(JwkId { iss: "https://oauth2.playtron.one", kid: "1fd66a18-7afd-4086-ba57-a8ca9b398406" }, JWK { kty: "RSA", e: "AQAB", n: "7XHinRSS9un2BdWsLhFOdi5N-17HMRYf4odQE4KqiPqRrp8TDE9bDekg8ERCW7Hqkgp44U07BUJwCiL5ss_9rIgV6Wy_lOwF_npGqMstZYemnZYNvpaD4ZEneoRmo94qNkYg5szBhVlvaF-IXlwB4GEQdDLJZOLafgPYL4XK2eD49Q7PU7jkNKy91k98UeK3fH9iv0L6W5nJNU1SzCR75gRcWyKSySg9RCTQyWFak8VhWW1YxwIQebvGgTsr6jYgxvcmRsSLeMhEhoIhOOkC1zQK51kBB-ZS7o2KttDHr1dn08LeHJkxSZ2guLdT_V2ISDiKxjXgVBlSvvweLgEHs7cehNU-D65uQpTxULPJW7xeITDl8rCCxbr8p8rcq-I19EV5Uj4n7RswaNDZ2YO87Yx12KzZVrO_0Tra6CvsNJ7hdI_Ykg7yMLs-dj7eKgOF5Nx1Q7Bnp1OyRKIXfUkyZkh8mjfiMt-npf1WPAgF1Iwx5H-ww1rTuFR6yyZRtEHyVxudg9XFar6cKizi75uKVGaV74GMGI2tPGL0zh_jCh8QSk68HltKdfLP8xDvHBB_crklWlr9iYuFjHzLI9KWvICvQWMtQikHE3iaf492I9SMqR0OIwSeg5TzzerVX17qkCeVbdxOK9jKeP5k2sW6mETUdrJCmlRwGN-EG_VIOrE", alg: "RS256" })
[2m2025-03-25T07:54:14.917623Z[0m [32m INFO[0m [1mnode[0m[1m{[0m[3mname[0m[2m=[0mk#addeef94..[1m}[0m[2m:[0m [2msui_core::authority::authority_per_epoch_store[0m[2m:[0m [2mcrates/sui-core/src/authority/authority_per_epoch_store.rs[0m[2m:[0m[2m2388:[0m received jwk vote from k#addeef94.. for jwk (JwkId { iss: "https://accounts.credenza3.com", kid: "JG6oZkIBqQdkpnCnD479zFXgMA5_I7i-aHAV0MRwvDs" }, JWK { kty: "RSA", e: "AQAB", n: "wgMHXL3avVaf-jrwvVw5bhpROsF7CnY7vzovJW4fNp_dY0abqvMga2C7fzdKNp4AFxQmXkoX_-vF7wbDRLXXmjdJ-x4YdKIA_JxsZqZKCG_k5-7UZFmHb1F3oy67uYh_xRv_H8yPSJ9TKJrAiWIBG9EFvZNy8y2pHXFDNSxTo4NzcUs_-TNhiuxWatpnduoCXWJf6I813Lxn8G9Z7Tql5fUgofW5GIygxS8zUiUZaYkLPL3_aNIFal58OzUturgiTcYrQp5WPkG56AL_Y6KNhxABjopC7WTXCeFXGXCIgb-JQpPARDaL7WL3w_w5-vR3Ra2WeQ3sddtoLtB0X234DQ", alg: "RS256" })
[2m2025-03-25T07:54:14.917637Z[0m [32m INFO[0m [1mnode[0m[1m{[0m[3mname[0m[2m=[0mk#addeef94..[1m}[0m[2m:[0m [2msui_core::authority::authority_per_epoch_store[0m[2m:[0m [2mcrates/sui-core/src/authority/authority_per_epoch_store.rs[0m[2m:[0m[2m2425:[0m jwk became active [3mepoch[0m[2m=[0m0 [3mround[0m[2m=[0m4 [3mjwk[0m[2m=[0m(JwkId { iss: "https://accounts.credenza3.com", kid: "JG6oZkIBqQdkpnCnD479zFXgMA5_I7i-aHAV0MRwvDs" }, JWK { kty: "RSA", e: "AQAB", n: "wgMHXL3avVaf-jrwvVw5bhpROsF7CnY7vzovJW4fNp_dY0abqvMga2C7fzdKNp4AFxQmXkoX_-vF7wbDRLXXmjdJ-x4YdKIA_JxsZqZKCG_k5-7UZFmHb1F3oy67uYh_xRv_H8yPSJ9TKJrAiWIBG9EFvZNy8y2pHXFDNSxTo4NzcUs_-TNhiuxWatpnduoCXWJf6I813Lxn8G9Z7Tql5fUgofW5GIygxS8zUiUZaYkLPL3_aNIFal58OzUturgiTcYrQp5WPkG56AL_Y6KNhxABjopC7WTXCeFXGXCIgb-JQpPARDaL7WL3w_w5-vR3Ra2WeQ3sddtoLtB0X234DQ", alg: "RS256" })
[2m2025-03-25T07:54:14.917663Z[0m [32m INFO[0m [1mnode[0m[1m{[0m[3mname[0m[2m=[0mk#addeef94..[1m}[0m[2m:[0m [2msui_core::authority::authority_per_epoch_store[0m[2m:[0m [2mcrates/sui-core/src/authority/authority_per_epoch_store.rs[0m[2m:[0m[2m2388:[0m received jwk vote from k#addeef94.. for jwk (JwkId { iss: "https://accounts.credenza3.com", kid: "nArTrOCdn42U6zyzuZmxBIGAuYQaNyuHwUkAycsQTw8" }, JWK { kty: "RSA", e: "AQAB", n: "mb4kA1QddMUulk6AMeRekV0YEPX-x-eSx7BjbAy1qkPsGjnpwjUmGzk9jBptlCLgc1HT_qELTfpr_w5xqFcy-1ayAlg87gw86Z0IRN9ROTTE04LiHMIwH9Y8H06C_9I0H29WCMqFGlBJH9n0hYu6nPpgVkV6E-9wze10-jzi5JLqiM0tB8Ihniy2ZHGgiwG1CM--xHKkaXcFLF3d8bGlALGp1CgtiHdWeMyQ5SBzL6lmhMcnzzse0VlAIq1m94Fath217OcQcEw-VrJlyGJ8gAyi-N3O9VZAl2dykNgji9tcC1ws5IMbGyWSv5OpeHfUDN97iOcTJ4noBF7EwvIwpQ", alg: "RS256" })
[2m2025-03-25T07:54:14.917677Z[0m [32m INFO[0m [1mnode[0m[1m{[0m[3mname[0m[2m=[0mk#addeef94..[1m}[0m[2m:[0m [2msui_core::authority::authority_per_epoch_store[0m[2m:[0m [2mcrates/sui-core/src/authority/authority_per_epoch_store.rs[0m[2m:[0m[2m2425:[0m jwk became active [3mepoch[0m[2m=[0m0 [3mround[0m[2m=[0m4 [3mjwk[0m[2m=[0m(JwkId { iss: "https://accounts.credenza3.com", kid: "nArTrOCdn42U6zyzuZmxBIGAuYQaNyuHwUkAycsQTw8" }, JWK { kty: "RSA", e: "AQAB", n: "mb4kA1QddMUulk6AMeRekV0YEPX-x-eSx7BjbAy1qkPsGjnpwjUmGzk9jBptlCLgc1HT_qELTfpr_w5xqFcy-1ayAlg87gw86Z0IRN9ROTTE04LiHMIwH9Y8H06C_9I0H29WCMqFGlBJH9n0hYu6nPpgVkV6E-9wze10-jzi5JLqiM0tB8Ihniy2ZHGgiwG1CM--xHKkaXcFLF3d8bGlALGp1CgtiHdWeMyQ5SBzL6lmhMcnzzse0VlAIq1m94Fath217OcQcEw-VrJlyGJ8gAyi-N3O9VZAl2dykNgji9tcC1ws5IMbGyWSv5OpeHfUDN97iOcTJ4noBF7EwvIwpQ", alg: "RS256" })
[2m2025-03-25T07:54:14.917723Z[0m [32m INFO[0m [1mnode[0m[1m{[0m[3mname[0m[2m=[0mk#addeef94..[1m}[0m[2m:[0m [2msui_core::authority::authority_per_epoch_store[0m[2m:[0m [2mcrates/sui-core/src/authority/authority_per_epoch_store.rs[0m[2m:[0m[2m2388:[0m received jwk vote from k#addeef94.. for jwk (JwkId { iss: "https://auth.3dos.io", kid: "6d361dc9637a275eb585a915af26198ff0d97326ca13f4baf0e4805f72f2a9a0" }, JWK { kty: "RSA", e: "AQAB", n: "y_8hHwq7w2yE4968sbQF98iGUhnu0BwyB5khTxVPAcUnMCYdp61zYcRWml2zdY4HAfq-Nnjb_pAli6I66Vpe9IE8Gf8uGRB0oYIo2S6tYMEe0lhRaEDYVbMdQkuKxTIYMNBXSd_kCHKJM1ZUAo7uFoq_bWuzt2hRG2-79z-Ycbiw0wil0rzFHlpNBKsBLKM4GSGUwOejaL2zCiE_rjf77AvOaJLRd4I_DBYG16t8D1BkxbhkcQCmOxYGG0NqjP3z0lz-w1ALqHCNfhzczZOsgaCrbSlcTKcBTq1syAUUhQmounW7nG5clBIfPQRVH7jCoPztiJUZg6Xz1AN6V07xnw", alg: "RS256" })
[2m2025-03-25T07:54:14.920130Z[0m [32m INFO[0m [1mnode[0m[1m{[0m[3mname[0m[2m=[0mk#8dcff6d1..[1m}[0m[2m:[0m [2mconsensus_core::core[0m[2m:[0m [2mconsensus/core/src/core.rs[0m[2m:[0m[2m630:[0m Committing 1 leaders: B4(C,rSWY)
[2m2025-03-25T07:54:14.920211Z[0m [32m INFO[0m [1mnode[0m[1m{[0m[3mname[0m[2m=[0mk#8dcff6d1..[1m}[0m[2m:[0m [2mconsensus_core::commit_observer[0m[2m:[0m [2mconsensus/core/src/commit_observer.rs[0m[2m:[0m[2m173:[0m Consensus commit C4(i0MI) with leader B4(C,rSWY) has 2 blocks
[2m2025-03-25T07:54:14.920280Z[0m [32m INFO[0m [1mnode[0m[1m{[0m[3mname[0m[2m=[0mk#8dcff6d1..[1m}[0m[2m:[0m [2msui_core::consensus_handler[0m[2m:[0m [2mcrates/sui-core/src/consensus_handler.rs[0m[2m:[0m[2m232:[0m Received consensus output [3mconsensus_commit[0m[2m=[0mCommittedSubDag(leader=B4(C,rSWY), ref=C4(i0MI), blocks=[F0qN, rSWY]) [3mepoch[0m[2m=[0m0
[2m2025-03-25T07:54:14.920325Z[0m [32m INFO[0m [1mnode[0m[1m{[0m[3mname[0m[2m=[0mk#8dcff6d1..[1m}[0m[2m:[0m [2msui_core::consensus_handler[0m[2m:[0m [2mcrates/sui-core/src/consensus_handler.rs[0m[2m:[0m[2m520:[0m creating authenticator state update transaction
[2m2025-03-25T07:54:14.921003Z[0m [32m INFO[0m [1mnode[0m[1m{[0m[3mname[0m[2m=[0mk#8dcff6d1..[1m}[0m[2m:[0m [2msui_core::authority::authority_per_epoch_store[0m[2m:[0m [2mcrates/sui-core/src/authority/authority_per_epoch_store.rs[0m[2m:[0m[2m2388:[0m received jwk vote from k#addeef94.. for jwk (JwkId { iss: "https://accounts.fantv.world", kid: "PODsfgAn4twvCLjNt9QmEEiAcCa3Z6C10LxrDxvi3bA" }, JWK { kty: "RSA", e: "AQAB", n: "z9Y8JtahOmbujGwGCe9tT24ur_AuJqNMdWPA6TXia4EDR8iQMrw_DxY3gBDrNqM9ml2NLkO3jo-OI78fl0RbuKepUCko-E2lB0If95L1xB2pWmUpqO8Pa7IilX4oO7h_o_mpUYXoC0wEocJyIjBRWtjqMkM6LhF9tk9-zcl2tcRFkiV1gcGe7FP529jQkSjMK8Ide0T30ZdlGQ7l6b0tuRoYFjoMnGQvl-14QYmSOHvHOqaVSD09KEMmQ4CllDMXZwCBfTRSkRfCTf33qSxm6aEdQcYA2mQD6tIVINuuCOelRhf-GkgfFFUkCM61PmlNm6JXLJgtUWsofaMQ4Yzpiw", alg: "RS256" })
[2m2025-03-25T07:54:14.921022Z[0m [32m INFO[0m [1mnode[0m[1m{[0m[3mname[0m[2m=[0mk#8dcff6d1..[1m}[0m[2m:[0m [2msui_core::authority::authority_per_epoch_store[0m[2m:[0m [2mcrates/sui-core/src/authority/authority_per_epoch_store.rs[0m[2m:[0m[2m2425:[0m jwk became active [3mepoch[0m[2m=[0m0 [3mround[0m[2m=[0m4 [3mjwk[0m[2m=[0m(JwkId { iss: "https://accounts.fantv.world", kid: "PODsfgAn4twvCLjNt9QmEEiAcCa3Z6C10LxrDxvi3bA" }, JWK { kty: "RSA", e: "AQAB", n: "z9Y8JtahOmbujGwGCe9tT24ur_AuJqNMdWPA6TXia4EDR8iQMrw_DxY3gBDrNqM9ml2NLkO3jo-OI78fl0RbuKepUCko-E2lB0If95L1xB2pWmUpqO8Pa7IilX4oO7h_o_mpUYXoC0wEocJyIjBRWtjqMkM6LhF9tk9-zcl2tcRFkiV1gcGe7FP529jQkSjMK8Ide0T30ZdlGQ7l6b0tuRoYFjoMnGQvl-14QYmSOHvHOqaVSD09KEMmQ4CllDMXZwCBfTRSkRfCTf33qSxm6aEdQcYA2mQD6tIVINuuCOelRhf-GkgfFFUkCM61PmlNm6JXLJgtUWsofaMQ4Yzpiw", alg: "RS256" })
[2m2025-03-25T07:54:14.921037Z[0m [32m INFO[0m [1mnode[0m[1m{[0m[3mname[0m[2m=[0mk#8dcff6d1..[1m}[0m[2m:[0m [2msui_core::authority::authority_per_epoch_store[0m[2m:[0m [2mcrates/sui-core/src/authority/authority_per_epoch_store.rs[0m[2m:[0m[2m2388:[0m received jwk vote from k#addeef94.. for jwk (JwkId { iss: "https://slack.com", kid: "mB2MAyKSn555isd0EbdhKx6nkyAi9xLq8rvCEb_nOyY" }, JWK { kty: "RSA", e: "AQAB", n: "zQqzXfb677bpMKw0idKC5WkVLyqk04PWMsWYJDKqMUUuu_PmzdsvXBfHU7tcZiNoHDuVvGDqjqnkLPEzjXnaZY0DDDHvJKS0JI8fkxIfV1kNy3DkpQMMhgAwnftUiSXgb5clypOmotAEm59gHPYjK9JHBWoHS14NYEYZv9NVy0EkjauyYDSTz589aiKU5lA-cePG93JnqLw8A82kfTlrJ1IIJo2isyBGANr0YzR-d3b_5EvP7ivU7Ph2v5JcEUHeiLSRzIzP3PuyVFrPH659Deh-UAsDFOyJbIcimg9ITnk5_45sb_Xcd_UN6h5I7TGOAFaJN4oi4aaGD4elNi_K1Q", alg: "RS256" })
[2m2025-03-25T07:54:14.921053Z[0m [32m INFO[0m [1mnode[0m[1m{[0m[3mname[0m[2m=[0mk#8dcff6d1..[1m}[0m[2m:[0m [2msui_core::authority::authority_per_epoch_store[0m[2m:[0m [2mcrates/sui-core/src/authority/authority_per_epoch_store.rs[0m[2m:[0m[2m2425:[0m jwk became active [3mepoch[0m[2m=[0m0 [3mround[0m[2m=[0m4 [3mjwk[0m[2m=[0m(JwkId { iss: "https://slack.com", kid: "mB2MAyKSn555isd0EbdhKx6nkyAi9xLq8rvCEb_nOyY" }, JWK { kty: "RSA", e: "AQAB", n: "zQqzXfb677bpMKw0idKC5WkVLyqk04PWMsWYJDKqMUUuu_PmzdsvXBfHU7tcZiNoHDuVvGDqjqnkLPEzjXnaZY0DDDHvJKS0JI8fkxIfV1kNy3DkpQMMhgAwnftUiSXgb5clypOmotAEm59gHPYjK9JHBWoHS14NYEYZv9NVy0EkjauyYDSTz589aiKU5lA-cePG93JnqLw8A82kfTlrJ1IIJo2isyBGANr0YzR-d3b_5EvP7ivU7Ph2v5JcEUHeiLSRzIzP3PuyVFrPH659Deh-UAsDFOyJbIcimg9ITnk5_45sb_Xcd_UN6h5I7TGOAFaJN4oi4aaGD4elNi_K1Q", alg: "RS256" })
[2m2025-03-25T07:54:14.921067Z[0m [32m INFO[0m [1mnode[0m[1m{[0m[3mname[0m[2m=[0mk#8dcff6d1..[1m}[0m[2m:[0m [2msui_core::authority::authority_per_epoch_store[0m[2m:[0m [2mcrates/sui-core/src/authority/authority_per_epoch_store.rs[0m[2m:[0m[2m2388:[0m received jwk vote from k#addeef94.. for jwk (JwkId { iss: "https://cognito-idp.eu-west-3.amazonaws.com/eu-west-3_gGVCx53Es", kid: "JbFCSYl4Xp4UYEJHo7R0iwl/Xf3F5+z72stu8iH+QxY=" }, JWK { kty: "RSA", e: "AQAB", n: "o09QloKDInGEWvXK0aZr67RnfU9l0kmTOldGF8t36ExfBWNvRsTiTfn4VdetcJlIDrmxQSSP-2toXqQ7m1t4_idKNjkb7s1FsAtWy60mAfmyeMcGhegmxxxMtWJsk2hbY_oRuTPQEUDnTfnIMUL-oDmc_HmRNzYPrbCJolIWC2r2gkJ-q6jwGEujkaeoQq3wM_NTkeBO_rrCUngIUykbbczkMF8vELGewPgwqTjd9ZTTf08kUPF9IUtT-VyF0U-I1xrQrmU9opQ209I-Dk-ehxIHWN85nlLBxu0Krb9adSx_HDEOd00wNSQgPBkvCUPpVmC10UO7hHxzGSi7czrlsw", alg: "RS256" })
[2m2025-03-25T07:54:14.921082Z[0m [32m INFO[0m [1mnode[0m[1m{[0m[3mname[0m[2m=[0mk#8dcff6d1..[1m}[0m[2m:[0m [2msui_core::authority::authority_per_epoch_store[0m[2m:[0m [2mcrates/sui-core/src/authority/authority_per_epoch_store.rs[0m[2m:[0m[2m2425:[0m jwk became active [3mepoch[0m[2m=[0m0 [3mround[0m[2m=[0m4 [3mjwk[0m[2m=[0m(JwkId { iss: "https://cognito-idp.eu-west-3.amazonaws.com/eu-west-3_gGVCx53Es", kid: "JbFCSYl4Xp4UYEJHo7R0iwl/Xf3F5+z72stu8iH+QxY=" }, JWK { kty: "RSA", e: "AQAB", n: "o09QloKDInGEWvXK0aZr67RnfU9l0kmTOldGF8t36ExfBWNvRsTiTfn4VdetcJlIDrmxQSSP-2toXqQ7m1t4_idKNjkb7s1FsAtWy60mAfmyeMcGhegmxxxMtWJsk2hbY_oRuTPQEUDnTfnIMUL-oDmc_HmRNzYPrbCJolIWC2r2gkJ-q6jwGEujkaeoQq3wM_NTkeBO_rrCUngIUykbbczkMF8vELGewPgwqTjd9ZTTf08kUPF9IUtT-VyF0U-I1xrQrmU9opQ209I-Dk-ehxIHWN85nlLBxu0Krb9adSx_HDEOd00wNSQgPBkvCUPpVmC10UO7hHxzGSi7czrlsw", alg: "RS256" })
[2m2025-03-25T07:54:14.921096Z[0m [32m INFO[0m [1mnode[0m[1m{[0m[3mname[0m[2m=[0mk#8dcff6d1..[1m}[0m[2m:[0m [2msui_core::authority::authority_per_epoch_store[0m[2m:[0m [2mcrates/sui-core/src/authority/authority_per_epoch_store.rs[0m[2m:[0m[2m2388:[0m received jwk vote from k#addeef94.. for jwk (JwkId { iss: "https://cognito-idp.eu-west-3.amazonaws.com/eu-west-3_gGVCx53Es", kid: "FIqQqeRU1EQP75fBeds+wL2yczwvbDy1NF6T/f5Oe5o=" }, JWK { kty: "RSA", e: "AQAB", n: "va55QtSTFhvqx0IL8UAPNZf6x5NO9jK88Wyct-i67grbDJZyXLSxz5oSttoIHkaJZQWgl_qsgyxDpHeSMznliS0K7rXFwaw81PwDIB_ek8uKhXmaQ6ryPAaO-8kvR46o-EYyVk9wWPDHTtN6NEbiUxGoDqOoiVCrVJLsFdoia7-MMVJnR2VokbEgGGbJkZu2MipikQvk_b7BGF__5mKvCJc6hCEJcxIUFvETKA9AOhjgxLvE9U8Ke6XRfmDLKovDAsDaZsWP6VPN0HoBi5mak9CgUqmxwnvNJFLhpjawD9E23O_l4aBcie56eFcC_knUa2VOHymBoJ0On3p03yxs7Q", alg: "RS256" })
[2m2025-03-25T07:54:14.921111Z[0m [32m INFO[0m [1mnode[0m[1m{[0m[3mname[0m[2m=[0mk#8dcff6d1..[1m}[0m[2m:[0m [2msui_core::authority::authority_per_epoch_store[0m[2m:[0m [2mcrates/sui-core/src/authority/authority_per_epoch_store.rs[0m[2m:[0m[2m2425:[0m jwk became active [3mepoch[0m[2m=[0m0 [3mround[0m[2m=[0m4 [3mjwk[0m[2m=[0m(JwkId { iss: "https://cognito-idp.eu-west-3.amazonaws.com/eu-west-3_gGVCx53Es", kid: "FIqQqeRU1EQP75fBeds+wL2yczwvbDy1NF6T/f5Oe5o=" }, JWK { kty: "RSA", e: "AQAB", n: "va55QtSTFhvqx0IL8UAPNZf6x5NO9jK88Wyct-i67grbDJZyXLSxz5oSttoIHkaJZQWgl_qsgyxDpHeSMznliS0K7rXFwaw81PwDIB_ek8uKhXmaQ6ryPAaO-8kvR46o-EYyVk9wWPDHTtN6NEbiUxGoDqOoiVCrVJLsFdoia7-MMVJnR2VokbEgGGbJkZu2MipikQvk_b7BGF__5mKvCJc6hCEJcxIUFvETKA9AOhjgxLvE9U8Ke6XRfmDLKovDAsDaZsWP6VPN0HoBi5mak9CgUqmxwnvNJFLhpjawD9E23O_l4aBcie56eFcC_knUa2VOHymBoJ0On3p03yxs7Q", alg: "RS256" })
[2m2025-03-25T07:54:14.921125Z[0m [32m INFO[0m [1mnode[0m[1m{[0m[3mname[0m[2m=[0mk#8dcff6d1..[1m}[0m[2m:[0m [2msui_core::authority::authority_per_epoch_store[0m[2m:[0m [2mcrates/sui-core/src/authority/authority_per_epoch_store.rs[0m[2m:[0m[2m2388:[0m received jwk vote from k#addeef94.. for jwk (JwkId { iss: "https://login.microsoftonline.com/v2.0", kid: "JDNa_4i4r7FgigL3sHIlI3xV-IU" }, JWK { kty: "RSA", e: "AQAB", n: "iQ745_U-vjkxPblaw6phBpe08fC42mpcrS4pcr15HiyZQyQV-BFcEVyLwPdsz3ulMRN7OB_UMfCcPBHqOjguejoab6hyJFVVMw_epP4a3SpQN9qaCbnqaSxgSGiqSq663g3TjsF_Wu1m9L41eNoF6Yvh5kULMd6lqjY0LPO5ZZxaQFLtIHahoJKMvYy1BTS0VYcNsXTjxkgUEL6Vc8GV5vaClbnY3VA2hLbXC1SGJWjVGdYXhkuck2tHr58u87MPEaQ33C6YfyISZKsdumF5bTCcIH75jjC3WbMVOLgWg5w0MSiHOFyI76Ihxbb0nRicEuao0WzO9AS7HJ7L24FHFQ", alg: "RS256" })
[2m2025-03-25T07:54:14.921141Z[0m [32m INFO[0m [1mnode[0m[1m{[0m[3mname[0m[2m=[0mk#8dcff6d1..[1m}[0m[2m:[0m [2msui_core::authority::authority_per_epoch_store[0m[2m:[0m [2mcrates/sui-core/src/authority/authority_per_epoch_store.rs[0m[2m:[0m[2m2425:[0m jwk became active [3mepoch[0m[2m=[0m0 [3mround[0m[2m=[0m4 [3mjwk[0m[2m=[0m(JwkId { iss: "https://login.microsoftonline.com/v2.0", kid: "JDNa_4i4r7FgigL3sHIlI3xV-IU" }, JWK { kty: "RSA", e: "AQAB", n: "iQ745_U-vjkxPblaw6phBpe08fC42mpcrS4pcr15HiyZQyQV-BFcEVyLwPdsz3ulMRN7OB_UMfCcPBHqOjguejoab6hyJFVVMw_epP4a3SpQN9qaCbnqaSxgSGiqSq663g3TjsF_Wu1m9L41eNoF6Yvh5kULMd6lqjY0LPO5ZZxaQFLtIHahoJKMvYy1BTS0VYcNsXTjxkgUEL6Vc8GV5vaClbnY3VA2hLbXC1SGJWjVGdYXhkuck2tHr58u87MPEaQ33C6YfyISZKsdumF5bTCcIH75jjC3WbMVOLgWg5w0MSiHOFyI76Ihxbb0nRicEuao0WzO9AS7HJ7L24FHFQ", alg: "RS256" })
[2m2025-03-25T07:54:14.921154Z[0m [32m INFO[0m [1mnode[0m[1m{[0m[3mname[0m[2m=[0mk#8dcff6d1..[1m}[0m[2m:[0m [2msui_core::authority::authority_per_epoch_store[0m[2m:[0m [2mcrates/sui-core/src/authority/authority_per_epoch_store.rs[0m[2m:[0m[2m2388:[0m received jwk vote from k#addeef94.. for jwk (JwkId { iss: "https://login.microsoftonline.com/v2.0", kid: "JYhSOsHhDZrc5kfqQg8ujkHMTNY" }, JWK { kty: "RSA", e: "AQAB", n: "xxMRcusywRId_dJR_edc-qe_M3vhXONCz7QDhjVfoqHWbt9lQCXCVIsIo9VJI1nGT1F6NkXEIBt462x2p1w2cgf4AF86dGhbTpR-k81WLR5gNjkhpPqB1PCitichVIKbHAvOyYEAaJnEyCiJqIlU_Zg5L5FzRqv_N_3-fhYvWK0pc3m1Ohyd2kNRg1Nbcp5ogt7mBjec7MErfi-N0o54vXfsK6hM2m7h0sZwVd4CxgPqnpBtm2htM9xaKpnwkYoEL3va3bPI1VGGp9QLZwMV6RAHOy_ORpz4xarG-z7lZUCLO0X1So05rn7w5edBmfblUQlPL3BljbUVB3abd9SNXw", alg: "RS256" })
[2m2025-03-25T07:54:14.921169Z[0m [32m INFO[0m [1mnode[0m[1m{[0m[3mname[0m[2m=[0mk#8dcff6d1..[1m}[0m[2m:[0m [2msui_core::authority::authority_per_epoch_store[0m[2m:[0m [2mcrates/sui-core/src/authority/authority_per_epoch_store.rs[0m[2m:[0m[2m2425:[0m jwk became active [3mepoch[0m[2m=[0m0 [3mround[0m[2m=[0m4 [3mjwk[0m[2m=[0m(JwkId { iss: "https://login.microsoftonline.com/v2.0", kid: "JYhSOsHhDZrc5kfqQg8ujkHMTNY" }, JWK { kty: "RSA", e: "AQAB", n: "xxMRcusywRId_dJR_edc-qe_M3vhXONCz7QDhjVfoqHWbt9lQCXCVIsIo9VJI1nGT1F6NkXEIBt462x2p1w2cgf4AF86dGhbTpR-k81WLR5gNjkhpPqB1PCitichVIKbHAvOyYEAaJnEyCiJqIlU_Zg5L5FzRqv_N_3-fhYvWK0pc3m1Ohyd2kNRg1Nbcp5ogt7mBjec7MErfi-N0o54vXfsK6hM2m7h0sZwVd4CxgPqnpBtm2htM9xaKpnwkYoEL3va3bPI1VGGp9QLZwMV6RAHOy_ORpz4xarG-z7lZUCLO0X1So05rn7w5edBmfblUQlPL3BljbUVB3abd9SNXw", alg: "RS256" })
[2m2025-03-25T07:54:14.921183Z[0m [32m INFO[0m [1mnode[0m[1m{[0m[3mname[0m[2m=[0mk#8dcff6d1..[1m}[0m[2m:[0m [2msui_core::authority::authority_per_epoch_store[0m[2m:[0m [2mcrates/sui-core/src/authority/authority_per_epoch_store.rs[0m[2m:[0m[2m2388:[0m received jwk vote from k#addeef94.. for jwk (JwkId { iss: "https://login.microsoftonline.com/v2.0", kid: "CNv0OI3RwqlHFEVnaoMAshCH2XE" }, JWK { kty: "RSA", e: "AQAB", n: "hz6fUSCSAuiyQz6L1nQj4za8kItevJzxhVbecMigTIl9pXZSHZa3gzMgtapnb1q96CG5qvR78dH6ZvTKL8MzN4VfGgZhvLEv5LJKeo0tGgBIS65wxIiJYj9ExEDqFkw9RdhW1nN8IN9eO76PbC-fdEPtDekA2BaITY2DARISKN4Ke0RLBEWNrKeEjjOzrygS2e3Q9NVzE51ZGGQAGHau7atHy8M_qA1nnd2dMUgUMnEYIMzDBTSKz17G6itJOdanGvG3wXvdpndKffnDppaPkyWbnybdMI4IP7q6WsCqnt3Gtg-baG6GDqZQQEBp9C9gLAFv4ORTRlpD3w0gCMh7xw", alg: "RS256" })
[2m2025-03-25T07:54:14.921197Z[0m [32m INFO[0m [1mnode[0m[1m{[0m[3mname[0m[2m=[0mk#8dcff6d1..[1m}[0m[2m:[0m [2msui_core::authority::authority_per_epoch_store[0m[2m:[0m [2mcrates/sui-core/src/authority/authority_per_epoch_store.rs[0m[2m:[0m[2m2425:[0m jwk became active [3mepoch[0m[2m=[0m0 [3mround[0m[2m=[0m4 [3mjwk[0m[2m=[0m(JwkId { iss: "https://login.microsoftonline.com/v2.0", kid: "CNv0OI3RwqlHFEVnaoMAshCH2XE" }, JWK { kty: "RSA", e: "AQAB", n: "hz6fUSCSAuiyQz6L1nQj4za8kItevJzxhVbecMigTIl9pXZSHZa3gzMgtapnb1q96CG5qvR78dH6ZvTKL8MzN4VfGgZhvLEv5LJKeo0tGgBIS65wxIiJYj9ExEDqFkw9RdhW1nN8IN9eO76PbC-fdEPtDekA2BaITY2DARISKN4Ke0RLBEWNrKeEjjOzrygS2e3Q9NVzE51ZGGQAGHau7atHy8M_qA1nnd2dMUgUMnEYIMzDBTSKz17G6itJOdanGvG3wXvdpndKffnDppaPkyWbnybdMI4IP7q6WsCqnt3Gtg-baG6GDqZQQEBp9C9gLAFv4ORTRlpD3w0gCMh7xw", alg: "RS256" })
[2m2025-03-25T07:54:14.921210Z[0m [32m INFO[0m [1mnode[0m[1m{[0m[3mname[0m[2m=[0mk#8dcff6d1..[1m}[0m[2m:[0m [2msui_core::authority::authority_per_epoch_store[0m[2m:[0m [2mcrates/sui-core/src/authority/authority_per_epoch_store.rs[0m[2m:[0m[2m2388:[0m received jwk vote from k#addeef94.. for jwk (JwkId { iss: "https://login.microsoftonline.com/v2.0", kid: "-cgAvjmmQ24Ks20zIpDB4SW894w" }, JWK { kty: "RSA", e: "AQAB", n: "otM7AZjL81wdSVdrkQtt6shrQiAT8OZJeIKTeRJgrDYXKzaVXs0WFXVCjCv9GuCktF-tereotfZlcskamfuupe574o76CJy6AUtuY7wt0OKqxoSJMRuUJvA_NNkT50C_dTDHTtF7kiGBwWvHEkHeZAgT52E8bfNJswV28GsPscM9vG2ylUPyiaEIsGi0cg_JllbnfBjGhfA_lzmrB9Iw75E3f1Hnk2uAs1KcHJGSH3EwHJ5tUeo9WtLGjRAfH1kGtPjkktNaw3V8EukEzgIfILV8udpWYE79A_p5jFUnTNkQxsviNxG537JMooa1ZoYveDv_f6LCj1o7MNZQVlD3tw", alg: "RS256" })
[2m2025-03-25T07:54:14.921224Z[0m [32m INFO[0m [1mnode[0m[1m{[0m[3mname[0m[2m=[0mk#8dcff6d1..[1m}[0m[2m:[0m [2msui_core::authority::authority_per_epoch_store[0m[2m:[0m [2mcrates/sui-core/src/authority/authority_per_epoch_store.rs[0m[2m:[0m[2m2425:[0m jwk became active [3mepoch[0m[2m=[0m0 [3mround[0m[2m=[0m4 [3mjwk[0m[2m=[0m(JwkId { iss: "https://login.microsoftonline.com/v2.0", kid: "-cgAvjmmQ24Ks20zIpDB4SW894w" }, JWK { kty: "RSA", e: "AQAB", n: "otM7AZjL81wdSVdrkQtt6shrQiAT8OZJeIKTeRJgrDYXKzaVXs0WFXVCjCv9GuCktF-tereotfZlcskamfuupe574o76CJy6AUtuY7wt0OKqxoSJMRuUJvA_NNkT50C_dTDHTtF7kiGBwWvHEkHeZAgT52E8bfNJswV28GsPscM9vG2ylUPyiaEIsGi0cg_JllbnfBjGhfA_lzmrB9Iw75E3f1Hnk2uAs1KcHJGSH3EwHJ5tUeo9WtLGjRAfH1kGtPjkktNaw3V8EukEzgIfILV8udpWYE79A_p5jFUnTNkQxsviNxG537JMooa1ZoYveDv_f6LCj1o7MNZQVlD3tw", alg: "RS256" })
[2m2025-03-25T07:54:14.921237Z[0m [32m INFO[0m [1mnode[0m[1m{[0m[3mname[0m[2m=[0mk#8dcff6d1..[1m}[0m[2m:[0m [2msui_core::authority::authority_per_epoch_store[0m[2m:[0m [2mcrates/sui-core/src/authority/authority_per_epoch_store.rs[0m[2m:[0m[2m2388:[0m received jwk vote from k#addeef94.. for jwk (JwkId { iss: "https://login.microsoftonline.com/v2.0", kid: "dd55f7QP3HZky-ekQBDWKe7ADN0" }, JWK { kty: "RSA", e: "AQAB", n: "s950MOniBjjiB82Zx5FehPuYJKtguUAP5vpMNZ6JxYLGzn5h3FPplx0kkPEezg7dnH-sFxGwq_C7P14ja0YmHUkmozqdbg4GRS8xp9Ue0-KWs4BTTkXvMPnc3xBU6be4SmHK-c7A0E54YfokiY1KTRCaq_RRPDlVZJuc6s6rK4nRoPo0eOCj7H4b--QnKmPXiFSPNp40NC7FRfx9m7SYSltubIDzq1f4j2Qlrv90f2kT5DP81_2DGdHZ_ao7ypPX2_z_m4ycQgfAhIYhNHRai6iGtbU6NPkw38LS29bVbGycVCaBoq6_re8k_UiOM7gP9l96QDFnkMmNhpRxT7t34w", alg: "RS256" })
[2m2025-03-25T07:54:14.921251Z[0m [32m INFO[0m [1mnode[0m[1m{[0m[3mname[0m[2m=[0mk#8dcff6d1..[1m}[0m[2m:[0m [2msui_core::authority::authority_per_epoch_store[0m[2m:[0m [2mcrates/sui-core/src/authority/authority_per_epoch_store.rs[0m[2m:[0m[2m2425:[0m jwk became active [3mepoch[0m[2m=[0m0 [3mround[0m[2m=[0m4 [3mjwk[0m[2m=[0m(JwkId { iss: "https://login.microsoftonline.com/v2.0", kid: "dd55f7QP3HZky-ekQBDWKe7ADN0" }, JWK { kty: "RSA", e: "AQAB", n: "s950MOniBjjiB82Zx5FehPuYJKtguUAP5vpMNZ6JxYLGzn5h3FPplx0kkPEezg7dnH-sFxGwq_C7P14ja0YmHUkmozqdbg4GRS8xp9Ue0-KWs4BTTkXvMPnc3xBU6be4SmHK-c7A0E54YfokiY1KTRCaq_RRPDlVZJuc6s6rK4nRoPo0eOCj7H4b--QnKmPXiFSPNp40NC7FRfx9m7SYSltubIDzq1f4j2Qlrv90f2kT5DP81_2DGdHZ_ao7ypPX2_z_m4ycQgfAhIYhNHRai6iGtbU6NPkw38LS29bVbGycVCaBoq6_re8k_UiOM7gP9l96QDFnkMmNhpRxT7t34w", alg: "RS256" })
[2m2025-03-25T07:54:14.921264Z[0m [32m INFO[0m [1mnode[0m[1m{[0m[3mname[0m[2m=[0mk#8dcff6d1..[1m}[0m[2m:[0m [2msui_core::authority::authority_per_epoch_store[0m[2m:[0m [2mcrates/sui-core/src/authority/authority_per_epoch_store.rs[0m[2m:[0m[2m2388:[0m received jwk vote from k#addeef94.. for jwk (JwkId { iss: "https://login.microsoftonline.com/v2.0", kid: "ntzdbvo449IBJV0Yy_T--gOiPI8" }, JWK { kty: "RSA", e: "AQAB", n: "uYmKqopaxMNlFJ3QUgTM6TcWvR00WVPs4sCAl5Inr5tCIWbqC1IzVt74_eGPw9OypfM4YpEfAz5czFWgRRVcRQYNwDWSAXTSh-vkqK2meW4HQp7W33NCoz_kZ6JR-xwWJZCOtQa0RNwNTVuHTL2dyJo6DUShxVPtG6c8sV4gFCEz0moHBrf5njywV0GGkQgYe98GeCL3Mv2kx4WVf0pHkSELJfW5JN6jvD_05fY_g3LKsXqXm9u1cS39K4iULFVeeoz5jBMKl5h6w3lqSeBtzmqHpw6YVxcDu_bRUd_rqZUvTaZUgS_EfpOpOicaQN--90nzp4givQYEvWtDBtan5Q", alg: "RS256" })
[2m2025-03-25T07:54:14.921278Z[0m [32m INFO[0m [1mnode[0m[1m{[0m[3mname[0m[2m=[0mk#8dcff6d1..[1m}[0m[2m:[0m [2msui_core::authority::authority_per_epoch_store[0m[2m:[0m [2mcrates/sui-core/src/authority/authority_per_epoch_store.rs[0m[2m:[0m[2m2425:[0m jwk became active [3mepoch[0m[2m=[0m0 [3mround[0m[2m=[0m4 [3mjwk[0m[2m=[0m(JwkId { iss: "https://login.microsoftonline.com/v2.0", kid: "ntzdbvo449IBJV0Yy_T--gOiPI8" }, JWK { kty: "RSA", e: "AQAB", n: "uYmKqopaxMNlFJ3QUgTM6TcWvR00WVPs4sCAl5Inr5tCIWbqC1IzVt74_eGPw9OypfM4YpEfAz5czFWgRRVcRQYNwDWSAXTSh-vkqK2meW4HQp7W33NCoz_kZ6JR-xwWJZCOtQa0RNwNTVuHTL2dyJo6DUShxVPtG6c8sV4gFCEz0moHBrf5njywV0GGkQgYe98GeCL3Mv2kx4WVf0pHkSELJfW5JN6jvD_05fY_g3LKsXqXm9u1cS39K4iULFVeeoz5jBMKl5h6w3lqSeBtzmqHpw6YVxcDu_bRUd_rqZUvTaZUgS_EfpOpOicaQN--90nzp4givQYEvWtDBtan5Q", alg: "RS256" })
[2m2025-03-25T07:54:14.921292Z[0m [32m INFO[0m [1mnode[0m[1m{[0m[3mname[0m[2m=[0mk#8dcff6d1..[1m}[0m[2m:[0m [2msui_core::authority::authority_per_epoch_store[0m[2m:[0m [2mcrates/sui-core/src/authority/authority_per_epoch_store.rs[0m[2m:[0m[2m2388:[0m received jwk vote from k#addeef94.. for jwk (JwkId { iss: "https://login.microsoftonline.com/v2.0", kid: "PDRf_Bs8CkDdi7av6hKLwRnNHmk" }, JWK { kty: "RSA", e: "AQAB", n: "v2R1eCh9xaZjAqn0FTf-DuDy3BFsJHc_lsv4K1Ycd1qnF5DwHC7mxnoTsA_dnI8BJvZsCAI7kkFjqKqXDSVYwRM05733_EPekLqLlb02-XLcOziMsOEMpXRrl1wFGHK5zmh2D4ZLsEId2Gdk1fcLzwjCg5iqQxi17DQFDoi0aWUKnkN62sSbiUvzd11eUl0N_beLZ0HYf53wk8r9P3reVhz9W7P8KwNBf7JyiLxmRP_yD9n3650iXi1qp8bZcAt9WmMZ2H6iHHhb7biXwvrJuf2id72VPvV6qkVu6jwUVW5yh6dIvCtPYEA7JNMWyBEXOjJbZ-3l3szj1GSV5m8eAQ", alg: "RS256" })
[2m2025-03-25T07:54:14.921306Z[0m [32m INFO[0m [1mnode[0m[1m{[0m[3mname[0m[2m=[0mk#8dcff6d1..[1m}[0m[2m:[0m [2msui_core::authority::authority_per_epoch_store[0m[2m:[0m [2mcrates/sui-core/src/authority/authority_per_epoch_store.rs[0m[2m:[0m[2m2425:[0m jwk became active [3mepoch[0m[2m=[0m0 [3mround[0m[2m=[0m4 [3mjwk[0m[2m=[0m(JwkId { iss: "https://login.microsoftonline.com/v2.0", kid: "PDRf_Bs8CkDdi7av6hKLwRnNHmk" }, JWK { kty: "RSA", e: "AQAB", n: "v2R1eCh9xaZjAqn0FTf-DuDy3BFsJHc_lsv4K1Ycd1qnF5DwHC7mxnoTsA_dnI8BJvZsCAI7kkFjqKqXDSVYwRM05733_EPekLqLlb02-XLcOziMsOEMpXRrl1wFGHK5zmh2D4ZLsEId2Gdk1fcLzwjCg5iqQxi17DQFDoi0aWUKnkN62sSbiUvzd11eUl0N_beLZ0HYf53wk8r9P3reVhz9W7P8KwNBf7JyiLxmRP_yD9n3650iXi1qp8bZcAt9WmMZ2H6iHHhb7biXwvrJuf2id72VPvV6qkVu6jwUVW5yh6dIvCtPYEA7JNMWyBEXOjJbZ-3l3szj1GSV5m8eAQ", alg: "RS256" })
[2m2025-03-25T07:54:14.921321Z[0m [32m INFO[0m [1mnode[0m[1m{[0m[3mname[0m[2m=[0mk#8dcff6d1..[1m}[0m[2m:[0m [2msui_core::authority::authority_per_epoch_store[0m[2m:[0m [2mcrates/sui-core/src/authority/authority_per_epoch_store.rs[0m[2m:[0m[2m2388:[0m received jwk vote from k#addeef94.. for jwk (JwkId { iss: "https://appleid.apple.com", kid: "rBRfVmqsjn" }, JWK { kty: "RSA", e: "AQAB", n: "pPOaiF5yL-y42FaKg9PYASR5-rdTK7NEiteNUAzNp0zkta-HW-tgLNLNlsft3zcrsgOLqXxhX7qzlI3JGH-wSs7_v2XNSg57QhOTxPDqtUfy5DegtiSOgwE947OBTwCWo2R6cGZD1T8ysfO2HuKheq2hEwZU4Y-8qT19WWOhZHs4CVt7A5mzpIgWuUVw766VTyqrqKev32DOUPIqFocFz3tuty95S9t_OYnaPCcET-b6DV_eT7psPhqhl5nNUm0lzkCQ53-9kxQNJxBciy0wiBcAexD4KppKRRD3evFpOSxD1R6Kg2DIG5UnbVVqn5nhZA9RH-t50f_biqV3KlSHJQ", alg: "RS256" })
[2m2025-03-25T07:54:14.921337Z[0m [32m INFO[0m [1mnode[0m[1m{[0m[3mname[0m[2m=[0mk#8dcff6d1..[1m}[0m[2m:[0m [2msui_core::authority::authority_per_epoch_store[0m[2m:[0m [2mcrates/sui-core/src/authority/authority_per_epoch_store.rs[0m[2m:[0m[2m2425:[0m jwk became active [3mepoch[0m[2m=[0m0 [3mround[0m[2m=[0m4 [3mjwk[0m[2m=[0m(JwkId { iss: "https://appleid.apple.com", kid: "rBRfVmqsjn" }, JWK { kty: "RSA", e: "AQAB", n: "pPOaiF5yL-y42FaKg9PYASR5-rdTK7NEiteNUAzNp0zkta-HW-tgLNLNlsft3zcrsgOLqXxhX7qzlI3JGH-wSs7_v2XNSg57QhOTxPDqtUfy5DegtiSOgwE947OBTwCWo2R6cGZD1T8ysfO2HuKheq2hEwZU4Y-8qT19WWOhZHs4CVt7A5mzpIgWuUVw766VTyqrqKev32DOUPIqFocFz3tuty95S9t_OYnaPCcET-b6DV_eT7psPhqhl5nNUm0lzkCQ53-9kxQNJxBciy0wiBcAexD4KppKRRD3evFpOSxD1R6Kg2DIG5UnbVVqn5nhZA9RH-t50f_biqV3KlSHJQ", alg: "RS256" })
[2m2025-03-25T07:54:14.921351Z[0m [32m INFO[0m [1mnode[0m[1m{[0m[3mname[0m[2m=[0mk#8dcff6d1..[1m}[0m[2m:[0m [2msui_core::authority::authority_per_epoch_store[0m[2m:[0m [2mcrates/sui-core/src/authority/authority_per_epoch_store.rs[0m[2m:[0m[2m2388:[0m received jwk vote from k#addeef94.. for jwk (JwkId { iss: "https://appleid.apple.com", kid: "rs0M3kOV9p" }, JWK { kty: "RSA", e: "AQAB", n: "zH5so3zLsgmRypxAAYJimfF9cx3ISSyHyzjDP3yvE9ieqpnjFJhzgCP8L4oKO9vUFNpoG1ub7I3paYNY6Vb2yc4chnsjJxB3j0jomJ3iI9MlWoVecTFG2tywyx5NRhy3YfTUpw2uCLafzWrpIJIoKUCGM6iUgaIFjvfi-cGT5T_5eUSWZHN-ziH69mGcbMRGLQEixQUatwru9i4i-OSk-w-JmLOqAzRP1mVn1tcZRIoGSB2PFSSJX9SK90OX8i5sj7dpIO_2xbGMtyNJkDzGq88x1pMJ4sv6HMj-tx4QrpGDbUi7zBCgbBnNSGSB_LBv4dbswwWY96ckHgx9yf_7IQ", alg: "RS256" })
[2m2025-03-25T07:54:14.921365Z[0m [32m INFO[0m [1mnode[0m[1m{[0m[3mname[0m[2m=[0mk#8dcff6d1..[1m}[0m[2m:[0m [2msui_core::authority::authority_per_epoch_store[0m[2m:[0m [2mcrates/sui-core/src/authority/authority_per_epoch_store.rs[0m[2m:[0m[2m2425:[0m jwk became active [3mepoch[0m[2m=[0m0 [3mround[0m[2m=[0m4 [3mjwk[0m[2m=[0m(JwkId { iss: "https://appleid.apple.com", kid: "rs0M3kOV9p" }, JWK { kty: "RSA", e: "AQAB", n: "zH5so3zLsgmRypxAAYJimfF9cx3ISSyHyzjDP3yvE9ieqpnjFJhzgCP8L4oKO9vUFNpoG1ub7I3paYNY6Vb2yc4chnsjJxB3j0jomJ3iI9MlWoVecTFG2tywyx5NRhy3YfTUpw2uCLafzWrpIJIoKUCGM6iUgaIFjvfi-cGT5T_5eUSWZHN-ziH69mGcbMRGLQEixQUatwru9i4i-OSk-w-JmLOqAzRP1mVn1tcZRIoGSB2PFSSJX9SK90OX8i5sj7dpIO_2xbGMtyNJkDzGq88x1pMJ4sv6HMj-tx4QrpGDbUi7zBCgbBnNSGSB_LBv4dbswwWY96ckHgx9yf_7IQ", alg: "RS256" })
[2m2025-03-25T07:54:14.921379Z[0m [32m INFO[0m [1mnode[0m[1m{[0m[3mname[0m[2m=[0mk#8dcff6d1..[1m}[0m[2m:[0m [2msui_core::authority::authority_per_epoch_store[0m[2m:[0m [2mcrates/sui-core/src/authority/authority_per_epoch_store.rs[0m[2m:[0m[2m2388:[0m received jwk vote from k#addeef94.. for jwk (JwkId { iss: "https://appleid.apple.com", kid: "dMlERBaFdK" }, JWK { kty: "RSA", e: "AQAB", n: "ryLWkB74N6SJNRVBjKF6xKMfP-QW3AAsJotv0LjVtf7m4NZNg_gTL78e7O8wmvngF8FuzBrvqf1mGW17Ct8BgNK6YXxnoGL0YLmlwXbmCZvTXki0VlEW1PDXeViWy7qXaCp2caF5v4OOdPsgroxNO_DgJRTuA_izJ4DFZYHCHXwojfdWJiDYG67j5PlD5pXKGx7zaqyryjovZTEII_Z1_bhFCRUZRjfJ3TVoK0fZj2z7iAZWjn33i-V3zExUhwzEyeuGph0118NfmOLCUEy_Jd4xvLf_X4laPpe9nq8UeORfs72yz2qH7cHDKL85W6oG08Gu05JWuAs5Ay49WxJrmw", alg: "RS256" })
[2m2025-03-25T07:54:14.921392Z[0m [32m INFO[0m [1mnode[0m[1m{[0m[3mname[0m[2m=[0mk#8dcff6d1..[1m}[0m[2m:[0m [2msui_core::authority::authority_per_epoch_store[0m[2m:[0m [2mcrates/sui-core/src/authority/authority_per_epoch_store.rs[0m[2m:[0m[2m2425:[0m jwk became active [3mepoch[0m[2m=[0m0 [3mround[0m[2m=[0m4 [3mjwk[0m[2m=[0m(JwkId { iss: "https://appleid.apple.com", kid: "dMlERBaFdK" }, JWK { kty: "RSA", e: "AQAB", n: "ryLWkB74N6SJNRVBjKF6xKMfP-QW3AAsJotv0LjVtf7m4NZNg_gTL78e7O8wmvngF8FuzBrvqf1mGW17Ct8BgNK6YXxnoGL0YLmlwXbmCZvTXki0VlEW1PDXeViWy7qXaCp2caF5v4OOdPsgroxNO_DgJRTuA_izJ4DFZYHCHXwojfdWJiDYG67j5PlD5pXKGx7zaqyryjovZTEII_Z1_bhFCRUZRjfJ3TVoK0fZj2z7iAZWjn33i-V3zExUhwzEyeuGph0118NfmOLCUEy_Jd4xvLf_X4laPpe9nq8UeORfs72yz2qH7cHDKL85W6oG08Gu05JWuAs5Ay49WxJrmw", alg: "RS256" })
[2m2025-03-25T07:54:14.921405Z[0m [32m INFO[0m [1mnode[0m[1m{[0m[3mname[0m[2m=[0mk#8dcff6d1..[1m}[0m[2m:[0m [2msui_core::authority::authority_per_epoch_store[0m[2m:[0m [2mcrates/sui-core/src/authority/authority_per_epoch_store.rs[0m[2m:[0m[2m2388:[0m received jwk vote from k#addeef94.. for jwk (JwkId { iss: "https://accounts.karrier.one/", kid: "E760D111C1A1296E6D1D85F7EB18DDBAA0EC2B4E" }, JWK { kty: "RSA", e: "AQAB", n: "3s6cCgr0tKeYEy_MGYDZ7ByPgI0Bv-JimxiSNOytvXb6xvcxE_jjEiEkMg6R3frYXWWuM3V4DMB3WGc8ePDACM9e3ly8jEpxA90nJ1eE94a9bF5wQGtC8_oqw2DajBt6O5ZTSKFJhMQMyzKUXmqT_m1DsUHm0uNGPulMp2CmSE8xtFLlXdxl_8on4zN_4PboPgOrl65DKcw6THTuNcasffyxVeK6_HbuEDLp-Q1v8PtvW98TO2GvOK-yNLDrpgqeh0fnnUBHR2tkMaJ3nnLNdEkVfeBQlafCvwJPRrGX83POq6SC-WAoP6IOH9BXd0DwRvqgCj2uWhtk9yEamJ7Q2Q", alg: "RS256" })
[2m2025-03-25T07:54:14.921421Z[0m [32m INFO[0m [1mnode[0m[1m{[0m[3mname[0m[2m=[0mk#8dcff6d1..[1m}[0m[2m:[0m [2msui_core::authority::authority_per_epoch_store[0m[2m:[0m [2mcrates/sui-core/src/authority/authority_per_epoch_store.rs[0m[2m:[0m[2m2425:[0m jwk became active [3mepoch[0m[2m=[0m0 [3mround[0m[2m=[0m4 [3mjwk[0m[2m=[0m(JwkId { iss: "https://accounts.karrier.one/", kid: "E760D111C1A1296E6D1D85F7EB18DDBAA0EC2B4E" }, JWK { kty: "RSA", e: "AQAB", n: "3s6cCgr0tKeYEy_MGYDZ7ByPgI0Bv-JimxiSNOytvXb6xvcxE_jjEiEkMg6R3frYXWWuM3V4DMB3WGc8ePDACM9e3ly8jEpxA90nJ1eE94a9bF5wQGtC8_oqw2DajBt6O5ZTSKFJhMQMyzKUXmqT_m1DsUHm0uNGPulMp2CmSE8xtFLlXdxl_8on4zN_4PboPgOrl65DKcw6THTuNcasffyxVeK6_HbuEDLp-Q1v8PtvW98TO2GvOK-yNLDrpgqeh0fnnUBHR2tkMaJ3nnLNdEkVfeBQlafCvwJPRrGX83POq6SC-WAoP6IOH9BXd0DwRvqgCj2uWhtk9yEamJ7Q2Q", alg: "RS256" })
[2m2025-03-25T07:54:14.921434Z[0m [32m INFO[0m [1mnode[0m[1m{[0m[3mname[0m[2m=[0mk#8dcff6d1..[1m}[0m[2m:[0m [2msui_core::authority::authority_per_epoch_store[0m[2m:[0m [2mcrates/sui-core/src/authority/authority_per_epoch_store.rs[0m[2m:[0m[2m2388:[0m received jwk vote from k#addeef94.. for jwk (JwkId { iss: "https://accounts.karrier.one/", kid: "B65FDCAA152E04ADE817314CF6A06F4ECABF4CFB" }, JWK { kty: "RSA", e: "AQAB", n: "ra5LGXik2tB6apOePLdwT0ID-Kevzoyy_qcvHhvGJbrY_0PVaT3yM2t_UyvNlh60QYmtIxmGE1vTfbD6moDg0y1WLZ2tMfJ56YT23LYW-quzHHpw3pcAi8EVCFiU7pB4XHHBv-0F_eS7qGQr4Y38QyWKEzg6kv4X_xpMxEpVYmRVgYu8rGXqwCHIFq1Dc3v9Op83hO2q-geeidXjosydxgb6LdOpc27Q_0gzDM2vTaI0k8fqauVGilcYw3OxeqL5jVrdSeyaq4meHrquLdGCbI_KQiS08GJ9BZ4QchfTK70lzKasCsTcW5jd2Ci7DYoPvY-FrR8zPaxHj9jjTkAW3Q", alg: "RS256" })
[2m2025-03-25T07:54:14.921447Z[0m [32m INFO[0m [1mnode[0m[1m{[0m[3mname[0m[2m=[0mk#8dcff6d1..[1m}[0m[2m:[0m [2msui_core::authority::authority_per_epoch_store[0m[2m:[0m [2mcrates/sui-core/src/authority/authority_per_epoch_store.rs[0m[2m:[0m[2m2425:[0m jwk became active [3mepoch[0m[2m=[0m0 [3mround[0m[2m=[0m4 [3mjwk[0m[2m=[0m(JwkId { iss: "https://accounts.karrier.one/", kid: "B65FDCAA152E04ADE817314CF6A06F4ECABF4CFB" }, JWK { kty: "RSA", e: "AQAB", n: "ra5LGXik2tB6apOePLdwT0ID-Kevzoyy_qcvHhvGJbrY_0PVaT3yM2t_UyvNlh60QYmtIxmGE1vTfbD6moDg0y1WLZ2tMfJ56YT23LYW-quzHHpw3pcAi8EVCFiU7pB4XHHBv-0F_eS7qGQr4Y38QyWKEzg6kv4X_xpMxEpVYmRVgYu8rGXqwCHIFq1Dc3v9Op83hO2q-geeidXjosydxgb6LdOpc27Q_0gzDM2vTaI0k8fqauVGilcYw3OxeqL5jVrdSeyaq4meHrquLdGCbI_KQiS08GJ9BZ4QchfTK70lzKasCsTcW5jd2Ci7DYoPvY-FrR8zPaxHj9jjTkAW3Q", alg: "RS256" })
[2m2025-03-25T07:54:14.921461Z[0m [32m INFO[0m [1mnode[0m[1m{[0m[3mname[0m[2m=[0mk#8dcff6d1..[1m}[0m[2m:[0m [2msui_core::authority::authority_per_epoch_store[0m[2m:[0m [2mcrates/sui-core/src/authority/authority_per_epoch_store.rs[0m[2m:[0m[2m2388:[0m received jwk vote from k#addeef94.. for jwk (JwkId { iss: "https://cognito-idp.us-east-1.amazonaws.com/us-east-1_qPsZxYqd8", kid: "VHA/vY1d2h7X33DpZ6ZBDRfnCS/OIgiV7toCdxyEUDY=" }, JWK { kty: "RSA", e: "AQAB", n: "7nb7CxiOI5bgf80jk1WOwi6Fmo9EJzIugpl-gZehOgL4cVAmvp1ChVZMwxTRM62hIQ6Ab6k0vmLBq_jZFx6MeU4c1xTipIohOEK_5HjbesM9OuduHkujN6J7Az4ON4TyHtJOXs3-xdVbjWQwP5L2O_N334ZIb9n-hRxGRhKaQLciSNEt3TQ2ookJaa1q9UinlA0jJyIMLJXmpSdvUP_0QizT88wrenRs3PccgKBQgvtQx569yvL6YnzaRSa8pL7saNy2KqevDHkIvRfqEckduoFQTyiL5OTz6canJYaklw-OImrO1eQF2Z_TsamXKKdk9-k9WFwYx4ftDTdacDflaw", alg: "RS256" })
[2m2025-03-25T07:54:14.921475Z[0m [32m INFO[0m [1mnode[0m[1m{[0m[3mname[0m[2m=[0mk#8dcff6d1..[1m}[0m[2m:[0m [2msui_core::authority::authority_per_epoch_store[0m[2m:[0m [2mcrates/sui-core/src/authority/authority_per_epoch_store.rs[0m[2m:[0m[2m2425:[0m jwk became active [3mepoch[0m[2m=[0m0 [3mround[0m[2m=[0m4 [3mjwk[0m[2m=[0m(JwkId { iss: "https://cognito-idp.us-east-1.amazonaws.com/us-east-1_qPsZxYqd8", kid: "VHA/vY1d2h7X33DpZ6ZBDRfnCS/OIgiV7toCdxyEUDY=" }, JWK { kty: "RSA", e: "AQAB", n: "7nb7CxiOI5bgf80jk1WOwi6Fmo9EJzIugpl-gZehOgL4cVAmvp1ChVZMwxTRM62hIQ6Ab6k0vmLBq_jZFx6MeU4c1xTipIohOEK_5HjbesM9OuduHkujN6J7Az4ON4TyHtJOXs3-xdVbjWQwP5L2O_N334ZIb9n-hRxGRhKaQLciSNEt3TQ2ookJaa1q9UinlA0jJyIMLJXmpSdvUP_0QizT88wrenRs3PccgKBQgvtQx569yvL6YnzaRSa8pL7saNy2KqevDHkIvRfqEckduoFQTyiL5OTz6canJYaklw-OImrO1eQF2Z_TsamXKKdk9-k9WFwYx4ftDTdacDflaw", alg: "RS256" })
[2m2025-03-25T07:54:14.921490Z[0m [32m INFO[0m [1mnode[0m[1m{[0m[3mname[0m[2m=[0mk#8dcff6d1..[1m}[0m[2m:[0m [2msui_core::authority::authority_per_epoch_store[0m[2m:[0m [2mcrates/sui-core/src/authority/authority_per_epoch_store.rs[0m[2m:[0m[2m2388:[0m received jwk vote from k#addeef94.. for jwk (JwkId { iss: "https://cognito-idp.us-east-1.amazonaws.com/us-east-1_qPsZxYqd8", kid: "lGbuLXh42ChSJwrMUEBO2npnvMzdAHqOj6DNZieDuVA=" }, JWK { kty: "RSA", e: "AQAB", n: "2e3M6UZo5G1r3eYi1h_dqng0lhNHE6bwSrnEmTMygjDaejpcjWKY9ICFtcz-lP_HEx_q67HsaM7QUIGpTEtAXqQHyxbMAcPlUwKSD8y_mZJlDDM4kI7KJQLW4M-904gDvih5FbnJc-QNkH1Z7vHwDpLOam53x8QQj7rjoXBzH0q0JVlv5PU5ZEoqCc2PIJCtxzZApXzMt0lnqw8DB55P4_czdplVkd80UhPAz1gM3ysTIQi2eblMvkUp98orOlpsp434g6mnrdgYFLOleuuwNraRTJRi0r9Dn9ToILY7Arywi5jS8M496CXJUFAB9UKXKrTa9pazlnRMiFBochRRZw", alg: "RS256" })
[2m2025-03-25T07:54:14.921505Z[0m [32m INFO[0m [1mnode[0m[1m{[0m[3mname[0m[2m=[0mk#8dcff6d1..[1m}[0m[2m:[0m [2msui_core::authority::authority_per_epoch_store[0m[2m:[0m [2mcrates/sui-core/src/authority/authority_per_epoch_store.rs[0m[2m:[0m[2m2425:[0m jwk became active [3mepoch[0m[2m=[0m0 [3mround[0m[2m=[0m4 [3mjwk[0m[2m=[0m(JwkId { iss: "https://cognito-idp.us-east-1.amazonaws.com/us-east-1_qPsZxYqd8", kid: "lGbuLXh42ChSJwrMUEBO2npnvMzdAHqOj6DNZieDuVA=" }, JWK { kty: "RSA", e: "AQAB", n: "2e3M6UZo5G1r3eYi1h_dqng0lhNHE6bwSrnEmTMygjDaejpcjWKY9ICFtcz-lP_HEx_q67HsaM7QUIGpTEtAXqQHyxbMAcPlUwKSD8y_mZJlDDM4kI7KJQLW4M-904gDvih5FbnJc-QNkH1Z7vHwDpLOam53x8QQj7rjoXBzH0q0JVlv5PU5ZEoqCc2PIJCtxzZApXzMt0lnqw8DB55P4_czdplVkd80UhPAz1gM3ysTIQi2eblMvkUp98orOlpsp434g6mnrdgYFLOleuuwNraRTJRi0r9Dn9ToILY7Arywi5jS8M496CXJUFAB9UKXKrTa9pazlnRMiFBochRRZw", alg: "RS256" })
[2m2025-03-25T07:54:14.921565Z[0m [32m INFO[0m [1mnode[0m[1m{[0m[3mname[0m[2m=[0mk#8dcff6d1..[1m}[0m[2m:[0m [2msui_core::authority::authority_per_epoch_store[0m[2m:[0m [2mcrates/sui-core/src/authority/authority_per_epoch_store.rs[0m[2m:[0m[2m2388:[0m received jwk vote from k#addeef94.. for jwk (JwkId { iss: "https://oauth2.playtron.one", kid: "7388b63c-ba03-4fe3-85e3-6717f91d55b1" }, JWK { kty: "RSA", e: "AQAB", n: "scvmHIfIZk5ZU7_k6snu98s5rPKBDws804qpNEPyy7fkmzxDbcN-qWQJrDgNU-pvr5WvIPyu2hfFrNtBiiE3IZqqGRm2rJb8LoKz6mtxiLyRT8EQS8D8U6uiR8mkvbw-vgJ1h3l2gHDXPGN-03_DXrL8r2xDiuxdezxjiCI80r7bmpZg9i8PWtL1BQU43nM4MNDXi9Wo5ppSojFxTe8L75ZOnFeLBVxPJG9YBGhFnATIoUei7ohbw5_t9buiIfXTQ3ZwCvG3WAGFDsOIdl3PapA1T7oTlsfQp0wQa0EDeleFBu81ytNlidJNQcXz3F9OmwYbHJ4bPMYcz-x2ATLK5w", alg: "RS256" })
[2m2025-03-25T07:54:14.921580Z[0m [32m INFO[0m [1mnode[0m[1m{[0m[3mname[0m[2m=[0mk#8dcff6d1..[1m}[0m[2m:[0m [2msui_core::authority::authority_per_epoch_store[0m[2m:[0m [2mcrates/sui-core/src/authority/authority_per_epoch_store.rs[0m[2m:[0m[2m2425:[0m jwk became active [3mepoch[0m[2m=[0m0 [3mround[0m[2m=[0m4 [3mjwk[0m[2m=[0m(JwkId { iss: "https://oauth2.playtron.one", kid: "7388b63c-ba03-4fe3-85e3-6717f91d55b1" }, JWK { kty: "RSA", e: "AQAB", n: "scvmHIfIZk5ZU7_k6snu98s5rPKBDws804qpNEPyy7fkmzxDbcN-qWQJrDgNU-pvr5WvIPyu2hfFrNtBiiE3IZqqGRm2rJb8LoKz6mtxiLyRT8EQS8D8U6uiR8mkvbw-vgJ1h3l2gHDXPGN-03_DXrL8r2xDiuxdezxjiCI80r7bmpZg9i8PWtL1BQU43nM4MNDXi9Wo5ppSojFxTe8L75ZOnFeLBVxPJG9YBGhFnATIoUei7ohbw5_t9buiIfXTQ3ZwCvG3WAGFDsOIdl3PapA1T7oTlsfQp0wQa0EDeleFBu81ytNlidJNQcXz3F9OmwYbHJ4bPMYcz-x2ATLK5w", alg: "RS256" })
[2m2025-03-25T07:54:14.921593Z[0m [32m INFO[0m [1mnode[0m[1m{[0m[3mname[0m[2m=[0mk#8dcff6d1..[1m}[0m[2m:[0m [2msui_core::authority::authority_per_epoch_store[0m[2m:[0m [2mcrates/sui-core/src/authority/authority_per_epoch_store.rs[0m[2m:[0m[2m2388:[0m received jwk vote from k#addeef94.. for jwk (JwkId { iss: "https://oauth2.playtron.one", kid: "e55421cb-cdbd-4791-a590-ad8ca798aa89" }, JWK { kty: "RSA", e: "AQAB", n: "vy8-EHvWmVHH5xi3BBvfalX9i6OuP9mz2wz1E72eMTf1ZHVbZ66O-vWlr2F2SNSyB_PURIb1KIqUcvpn6GW_vgs4EhflMJnmeZ0Fot4V6YsEOIzob7jkooeFNZ7dTDDHahtMyBd7pcJCv1afdQSTVZQeO0lm0swOm2whkw6hV7R2fBG3zLJsBUqe9oEwMa9cJ768KFfxFoEAUk3SQZ74JmkgOEKBSf26EcPcxAZTreSDAdh5-MI4oD1aawHfb5nl1CQxhRf4YcCp_MVoerKKX1-it0NkDn5xJsuN_Z3Dv5354j6OZVBZpDjN7ZwcQfLEnjwI8G4Zr9y2SC3g_fH1G-MIhe0LPDWF4egqMaIwkIDW0sMqPAnE_nSFN8Ag3KJ_iT6P2PAGJbna882IIczb5q9VXkB0RJlL4BwNHSE2q867EZBNGFTPrDJzHtM7sZ468Y4taMv0CyFdPlb0alFRsS_T658tdkt1lxrl_dzE0ixPBw99X5Rwz0XLv4yNs4BQ6RgHVZT5fGGRzXovlDx9F2ea0EleNn47KAFDs0wNjIl1oryar0pJMlb-pDPuVcGMt0XYNh5gOLty5LdAl_7PqwFsQc7QMWIGqjnSnzeGYvN7kknpfYl0SfJDQNNSJDI2b2oGUWw-K6-kCgQxxlEKbhztegiVmRGuqcDfvNqrpqc", alg: "RS256" })
[2m2025-03-25T07:54:14.921609Z[0m [32m INFO[0m [1mnode[0m[1m{[0m[3mname[0m[2m=[0mk#8dcff6d1..[1m}[0m[2m:[0m [2msui_core::authority::authority_per_epoch_store[0m[2m:[0m [2mcrates/sui-core/src/authority/authority_per_epoch_store.rs[0m[2m:[0m[2m2425:[0m jwk became active [3mepoch[0m[2m=[0m0 [3mround[0m[2m=[0m4 [3mjwk[0m[2m=[0m(JwkId { iss: "https://oauth2.playtron.one", kid: "e55421cb-cdbd-4791-a590-ad8ca798aa89" }, JWK { kty: "RSA", e: "AQAB", n: "vy8-EHvWmVHH5xi3BBvfalX9i6OuP9mz2wz1E72eMTf1ZHVbZ66O-vWlr2F2SNSyB_PURIb1KIqUcvpn6GW_vgs4EhflMJnmeZ0Fot4V6YsEOIzob7jkooeFNZ7dTDDHahtMyBd7pcJCv1afdQSTVZQeO0lm0swOm2whkw6hV7R2fBG3zLJsBUqe9oEwMa9cJ768KFfxFoEAUk3SQZ74JmkgOEKBSf26EcPcxAZTreSDAdh5-MI4oD1aawHfb5nl1CQxhRf4YcCp_MVoerKKX1-it0NkDn5xJsuN_Z3Dv5354j6OZVBZpDjN7ZwcQfLEnjwI8G4Zr9y2SC3g_fH1G-MIhe0LPDWF4egqMaIwkIDW0sMqPAnE_nSFN8Ag3KJ_iT6P2PAGJbna882IIczb5q9VXkB0RJlL4BwNHSE2q867EZBNGFTPrDJzHtM7sZ468Y4taMv0CyFdPlb0alFRsS_T658tdkt1lxrl_dzE0ixPBw99X5Rwz0XLv4yNs4BQ6RgHVZT5fGGRzXovlDx9F2ea0EleNn47KAFDs0wNjIl1oryar0pJMlb-pDPuVcGMt0XYNh5gOLty5LdAl_7PqwFsQc7QMWIGqjnSnzeGYvN7kknpfYl0SfJDQNNSJDI2b2oGUWw-K6-kCgQxxlEKbhztegiVmRGuqcDfvNqrpqc", alg: "RS256" })
[2m2025-03-25T07:54:14.921623Z[0m [32m INFO[0m [1mnode[0m[1m{[0m[3mname[0m[2m=[0mk#8dcff6d1..[1m}[0m[2m:[0m [2msui_core::authority::authority_per_epoch_store[0m[2m:[0m [2mcrates/sui-core/src/authority/authority_per_epoch_store.rs[0m[2m:[0m[2m2388:[0m received jwk vote from k#addeef94.. for jwk (JwkId { iss: "https://oauth2.playtron.one", kid: "1fd66a18-7afd-4086-ba57-a8ca9b398406" }, JWK { kty: "RSA", e: "AQAB", n: "7XHinRSS9un2BdWsLhFOdi5N-17HMRYf4odQE4KqiPqRrp8TDE9bDekg8ERCW7Hqkgp44U07BUJwCiL5ss_9rIgV6Wy_lOwF_npGqMstZYemnZYNvpaD4ZEneoRmo94qNkYg5szBhVlvaF-IXlwB4GEQdDLJZOLafgPYL4XK2eD49Q7PU7jkNKy91k98UeK3fH9iv0L6W5nJNU1SzCR75gRcWyKSySg9RCTQyWFak8VhWW1YxwIQebvGgTsr6jYgxvcmRsSLeMhEhoIhOOkC1zQK51kBB-ZS7o2KttDHr1dn08LeHJkxSZ2guLdT_V2ISDiKxjXgVBlSvvweLgEHs7cehNU-D65uQpTxULPJW7xeITDl8rCCxbr8p8rcq-I19EV5Uj4n7RswaNDZ2YO87Yx12KzZVrO_0Tra6CvsNJ7hdI_Ykg7yMLs-dj7eKgOF5Nx1Q7Bnp1OyRKIXfUkyZkh8mjfiMt-npf1WPAgF1Iwx5H-ww1rTuFR6yyZRtEHyVxudg9XFar6cKizi75uKVGaV74GMGI2tPGL0zh_jCh8QSk68HltKdfLP8xDvHBB_crklWlr9iYuFjHzLI9KWvICvQWMtQikHE3iaf492I9SMqR0OIwSeg5TzzerVX17qkCeVbdxOK9jKeP5k2sW6mETUdrJCmlRwGN-EG_VIOrE", alg: "RS256" })
[2m2025-03-25T07:54:14.921639Z[0m [32m INFO[0m [1mnode[0m[1m{[0m[3mname[0m[2m=[0mk#8dcff6d1..[1m}[0m[2m:[0m [2msui_core::authority::authority_per_epoch_store[0m[2m:[0m [2mcrates/sui-core/src/authority/authority_per_epoch_store.rs[0m[2m:[0m[2m2425:[0m jwk became active [3mepoch[0m[2m=[0m0 [3mround[0m[2m=[0m4 [3mjwk[0m[2m=[0m(JwkId { iss: "https://oauth2.playtron.one", kid: "1fd66a18-7afd-4086-ba57-a8ca9b398406" }, JWK { kty: "RSA", e: "AQAB", n: "7XHinRSS9un2BdWsLhFOdi5N-17HMRYf4odQE4KqiPqRrp8TDE9bDekg8ERCW7Hqkgp44U07BUJwCiL5ss_9rIgV6Wy_lOwF_npGqMstZYemnZYNvpaD4ZEneoRmo94qNkYg5szBhVlvaF-IXlwB4GEQdDLJZOLafgPYL4XK2eD49Q7PU7jkNKy91k98UeK3fH9iv0L6W5nJNU1SzCR75gRcWyKSySg9RCTQyWFak8VhWW1YxwIQebvGgTsr6jYgxvcmRsSLeMhEhoIhOOkC1zQK51kBB-ZS7o2KttDHr1dn08LeHJkxSZ2guLdT_V2ISDiKxjXgVBlSvvweLgEHs7cehNU-D65uQpTxULPJW7xeITDl8rCCxbr8p8rcq-I19EV5Uj4n7RswaNDZ2YO87Yx12KzZVrO_0Tra6CvsNJ7hdI_Ykg7yMLs-dj7eKgOF5Nx1Q7Bnp1OyRKIXfUkyZkh8mjfiMt-npf1WPAgF1Iwx5H-ww1rTuFR6yyZRtEHyVxudg9XFar6cKizi75uKVGaV74GMGI2tPGL0zh_jCh8QSk68HltKdfLP8xDvHBB_crklWlr9iYuFjHzLI9KWvICvQWMtQikHE3iaf492I9SMqR0OIwSeg5TzzerVX17qkCeVbdxOK9jKeP5k2sW6mETUdrJCmlRwGN-EG_VIOrE", alg: "RS256" })
[2m2025-03-25T07:54:14.921653Z[0m [32m INFO[0m [1mnode[0m[1m{[0m[3mname[0m[2m=[0mk#8dcff6d1..[1m}[0m[2m:[0m [2msui_core::authority::authority_per_epoch_store[0m[2m:[0m [2mcrates/sui-core/src/authority/authority_per_epoch_store.rs[0m[2m:[0m[2m2388:[0m received jwk vote from k#addeef94.. for jwk (JwkId { iss: "https://accounts.credenza3.com", kid: "JG6oZkIBqQdkpnCnD479zFXgMA5_I7i-aHAV0MRwvDs" }, JWK { kty: "RSA", e: "AQAB", n: "wgMHXL3avVaf-jrwvVw5bhpROsF7CnY7vzovJW4fNp_dY0abqvMga2C7fzdKNp4AFxQmXkoX_-vF7wbDRLXXmjdJ-x4YdKIA_JxsZqZKCG_k5-7UZFmHb1F3oy67uYh_xRv_H8yPSJ9TKJrAiWIBG9EFvZNy8y2pHXFDNSxTo4NzcUs_-TNhiuxWatpnduoCXWJf6I813Lxn8G9Z7Tql5fUgofW5GIygxS8zUiUZaYkLPL3_aNIFal58OzUturgiTcYrQp5WPkG56AL_Y6KNhxABjopC7WTXCeFXGXCIgb-JQpPARDaL7WL3w_w5-vR3Ra2WeQ3sddtoLtB0X234DQ", alg: "RS256" })
[2m2025-03-25T07:54:14.921668Z[0m [32m INFO[0m [1mnode[0m[1m{[0m[3mname[0m[2m=[0mk#8dcff6d1..[1m}[0m[2m:[0m [2msui_core::authority::authority_per_epoch_store[0m[2m:[0m [2mcrates/sui-core/src/authority/authority_per_epoch_store.rs[0m[2m:[0m[2m2425:[0m jwk became active [3mepoch[0m[2m=[0m0 [3mround[0m[2m=[0m4 [3mjwk[0m[2m=[0m(JwkId { iss: "https://accounts.credenza3.com", kid: "JG6oZkIBqQdkpnCnD479zFXgMA5_I7i-aHAV0MRwvDs" }, JWK { kty: "RSA", e: "AQAB", n: "wgMHXL3avVaf-jrwvVw5bhpROsF7CnY7vzovJW4fNp_dY0abqvMga2C7fzdKNp4AFxQmXkoX_-vF7wbDRLXXmjdJ-x4YdKIA_JxsZqZKCG_k5-7UZFmHb1F3oy67uYh_xRv_H8yPSJ9TKJrAiWIBG9EFvZNy8y2pHXFDNSxTo4NzcUs_-TNhiuxWatpnduoCXWJf6I813Lxn8G9Z7Tql5fUgofW5GIygxS8zUiUZaYkLPL3_aNIFal58OzUturgiTcYrQp5WPkG56AL_Y6KNhxABjopC7WTXCeFXGXCIgb-JQpPARDaL7WL3w_w5-vR3Ra2WeQ3sddtoLtB0X234DQ", alg: "RS256" })
[2m2025-03-25T07:54:14.921682Z[0m [32m INFO[0m [1mnode[0m[1m{[0m[3mname[0m[2m=[0mk#8dcff6d1..[1m}[0m[2m:[0m [2msui_core::authority::authority_per_epoch_store[0m[2m:[0m [2mcrates/sui-core/src/authority/authority_per_epoch_store.rs[0m[2m:[0m[2m2388:[0m received jwk vote from k#addeef94.. for jwk (JwkId { iss: "https://accounts.credenza3.com", kid: "nArTrOCdn42U6zyzuZmxBIGAuYQaNyuHwUkAycsQTw8" }, JWK { kty: "RSA", e: "AQAB", n: "mb4kA1QddMUulk6AMeRekV0YEPX-x-eSx7BjbAy1qkPsGjnpwjUmGzk9jBptlCLgc1HT_qELTfpr_w5xqFcy-1ayAlg87gw86Z0IRN9ROTTE04LiHMIwH9Y8H06C_9I0H29WCMqFGlBJH9n0hYu6nPpgVkV6E-9wze10-jzi5JLqiM0tB8Ihniy2ZHGgiwG1CM--xHKkaXcFLF3d8bGlALGp1CgtiHdWeMyQ5SBzL6lmhMcnzzse0VlAIq1m94Fath217OcQcEw-VrJlyGJ8gAyi-N3O9VZAl2dykNgji9tcC1ws5IMbGyWSv5OpeHfUDN97iOcTJ4noBF7EwvIwpQ", alg: "RS256" })
[2m2025-03-25T07:54:14.921696Z[0m [32m INFO[0m [1mnode[0m[1m{[0m[3mname[0m[2m=[0mk#8dcff6d1..[1m}[0m[2m:[0m [2msui_core::authority::authority_per_epoch_store[0m[2m:[0m [2mcrates/sui-core/src/authority/authority_per_epoch_store.rs[0m[2m:[0m[2m2425:[0m jwk became active [3mepoch[0m[2m=[0m0 [3mround[0m[2m=[0m4 [3mjwk[0m[2m=[0m(JwkId { iss: "https://accounts.credenza3.com", kid: "nArTrOCdn42U6zyzuZmxBIGAuYQaNyuHwUkAycsQTw8" }, JWK { kty: "RSA", e: "AQAB", n: "mb4kA1QddMUulk6AMeRekV0YEPX-x-eSx7BjbAy1qkPsGjnpwjUmGzk9jBptlCLgc1HT_qELTfpr_w5xqFcy-1ayAlg87gw86Z0IRN9ROTTE04LiHMIwH9Y8H06C_9I0H29WCMqFGlBJH9n0hYu6nPpgVkV6E-9wze10-jzi5JLqiM0tB8Ihniy2ZHGgiwG1CM--xHKkaXcFLF3d8bGlALGp1CgtiHdWeMyQ5SBzL6lmhMcnzzse0VlAIq1m94Fath217OcQcEw-VrJlyGJ8gAyi-N3O9VZAl2dykNgji9tcC1ws5IMbGyWSv5OpeHfUDN97iOcTJ4noBF7EwvIwpQ", alg: "RS256" })
[2m2025-03-25T07:54:14.921744Z[0m [32m INFO[0m [1mnode[0m[1m{[0m[3mname[0m[2m=[0mk#8dcff6d1..[1m}[0m[2m:[0m [2msui_core::authority::authority_per_epoch_store[0m[2m:[0m [2mcrates/sui-core/src/authority/authority_per_epoch_store.rs[0m[2m:[0m[2m2388:[0m received jwk vote from k#addeef94.. for jwk (JwkId { iss: "https://auth.3dos.io", kid: "6d361dc9637a275eb585a915af26198ff0d97326ca13f4baf0e4805f72f2a9a0" }, JWK { kty: "RSA", e: "AQAB", n: "y_8hHwq7w2yE4968sbQF98iGUhnu0BwyB5khTxVPAcUnMCYdp61zYcRWml2zdY4HAfq-Nnjb_pAli6I66Vpe9IE8Gf8uGRB0oYIo2S6tYMEe0lhRaEDYVbMdQkuKxTIYMNBXSd_kCHKJM1ZUAo7uFoq_bWuzt2hRG2-79z-Ycbiw0wil0rzFHlpNBKsBLKM4GSGUwOejaL2zCiE_rjf77AvOaJLRd4I_DBYG16t8D1BkxbhkcQCmOxYGG0NqjP3z0lz-w1ALqHCNfhzczZOsgaCrbSlcTKcBTq1syAUUhQmounW7nG5clBIfPQRVH7jCoPztiJUZg6Xz1AN6V07xnw", alg: "RS256" })
[2m2025-03-25T07:54:14.989841Z[0m [32m INFO[0m [1mnode[0m[1m{[0m[3mname[0m[2m=[0mk#addeef94..[1m}[0m[2m:[0m[1mexecution_driver[0m[1m{[0m[3mtx_digest[0m[2m=[0mTransactionDigest(39hkeZCWju83wSbk4Tb9w8H1tDV5sRbrKjkaUHon4H5U)[1m}[0m[2m:[0m [2msui_core::authority::authority_per_epoch_store[0m[2m:[0m [2mcrates/sui-core/src/authority/authority_per_epoch_store.rs[0m[2m:[0m[2m4233:[0m Updating authenticator state: AuthenticatorStateUpdate { epoch: 0, round: 4, new_active_jwks: [ActiveJwk { jwk_id: JwkId { iss: "https://oauth.sui.io", kid: "sui-key-id" }, jwk: JWK { kty: "RSA", e: "AQAB", n: "wdar6dBP7b88u6o190uXBK4yPS76OxFjiHDPwOyJwJiiAE3YRq8y_pfyQVua9nEasgrPfEBzVoC5QCld8NAC88uvbNKyoLZ6w5KlFjp88q2Sfy7nAzh3I-AnjsL6zl43NZrKep4_Nmb5nJeafcEi6B5MsYYDWW1Nn26O7ob9IWRNWcaTKhOhqDzbiN_66azN-NgaP_uHjlu1xuMV0kRt-luLSTXJS3S2n8PVNCxr3Gr2oViUpP8kSa-0i5vsg3gNtSfBY97AbChwOnyazj_PoaVD6zbEC4L5gvRZJA6vyoAWF_ZumvkwC3fxcFIBnSKMlGzS_Z-bUyQDCQy_BG9AOw", alg: "RS256" }, epoch: 0 }, ActiveJwk { jwk_id: JwkId { iss: "https://login.onepassport.onefc.com/de3ee5c1-5644-4113-922d-e8336569a462/v2.0/", kid: "X-yzFPFMdWtJQ1oJXiGRVnn061ezrvZz596xN3mCfyQ" }, jwk: JWK { kty: "RSA", e: "AQAB", n: "t4ZoVgvyj7jKNq-ydYvgYVn5avBR9H4BQrKy2FWlR49siiMFWhxYXtPs7o4J6hhUgo00nk9pf-7rg7XnTiI7MFp2DluhWZK41YFfyGhDpbG9EImqvmy1N8poj5fid1lAjH2CfjtDyywgV84ViQ1hA5-noOrLhjb-zMZp_yKMSEeY_Ewx70jwhXevvrANKblNUFVJPQ7EI6_La-uALNBeQfu5OgPiMPiswhoQz0bhproUc7GiRxBw-9n72z3JU3HMy9mByrDnNfaZ13_Kmp9zgZYxynv5XXWJFGVHv3GZ_cDYg6OqahmrwMhT3GYTZ8JjMzZj4gH8MCCGPxde9SotKQ", alg: "RS256" }, epoch: 0 }], authenticator_obj_initial_shared_version: SequenceNumber(1) }
[2m2025-03-25T07:54:14.990459Z[0m [32m INFO[0m [1mnode[0m[1m{[0m[3mname[0m[2m=[0mk#addeef94..[1m}[0m[2m:[0m [2msui_core::checkpoints[0m[2m:[0m [2mcrates/sui-core/src/checkpoints/mod.rs[0m[2m:[0m[2m1326:[0m Creating checkpoint(s) for 2 transactions [3mnext_checkpoint_seq[0m[2m=[0m4 [3mcheckpoint_timestamp[0m[2m=[0m1742889254363
[2m2025-03-25T07:54:14.990784Z[0m [32m INFO[0m [1mnode[0m[1m{[0m[3mname[0m[2m=[0mk#addeef94..[1m}[0m[2m:[0m [2msui_core::checkpoints::checkpoint_output[0m[2m:[0m [2mcrates/sui-core/src/checkpoints/checkpoint_output.rs[0m[2m:[0m[2m149:[0m Creating checkpoint CheckpointDigest(4vjUkcKjEEiimL39snT18EvXa4raYW8BEhQLXpyg3YEo) at epoch 0, sequence 4, previous digest Some(CheckpointDigest(6zmH1K6shzZjeziFUQPiQkXXhKmE7co5gCqVd1XPjCEm)), transactions count 2, content digest CheckpointContentsDigest(AYo1gfCkguGX4ZSpzRn2Q85zFzhTREn4KQ5awibWdKiK), end_of_epoch_data None
[2m2025-03-25T07:54:14.992224Z[0m [32m INFO[0m [1mnode[0m[1m{[0m[3mname[0m[2m=[0mk#8dcff6d1..[1m}[0m[2m:[0m[1mexecution_driver[0m[1m{[0m[3mtx_digest[0m[2m=[0mTransactionDigest(39hkeZCWju83wSbk4Tb9w8H1tDV5sRbrKjkaUHon4H5U)[1m}[0m[2m:[0m [2msui_core::authority::authority_per_epoch_store[0m[2m:[0m [2mcrates/sui-core/src/authority/authority_per_epoch_store.rs[0m[2m:[0m[2m4233:[0m Updating authenticator state: AuthenticatorStateUpdate { epoch: 0, round: 4, new_active_jwks: [ActiveJwk { jwk_id: JwkId { iss: "https://oauth.sui.io", kid: "sui-key-id" }, jwk: JWK { kty: "RSA", e: "AQAB", n: "wdar6dBP7b88u6o190uXBK4yPS76OxFjiHDPwOyJwJiiAE3YRq8y_pfyQVua9nEasgrPfEBzVoC5QCld8NAC88uvbNKyoLZ6w5KlFjp88q2Sfy7nAzh3I-AnjsL6zl43NZrKep4_Nmb5nJeafcEi6B5MsYYDWW1Nn26O7ob9IWRNWcaTKhOhqDzbiN_66azN-NgaP_uHjlu1xuMV0kRt-luLSTXJS3S2n8PVNCxr3Gr2oViUpP8kSa-0i5vsg3gNtSfBY97AbChwOnyazj_PoaVD6zbEC4L5gvRZJA6vyoAWF_ZumvkwC3fxcFIBnSKMlGzS_Z-bUyQDCQy_BG9AOw", alg: "RS256" }, epoch: 0 }, ActiveJwk { jwk_id: JwkId { iss: "https://login.onepassport.onefc.com/de3ee5c1-5644-4113-922d-e8336569a462/v2.0/", kid: "X-yzFPFMdWtJQ1oJXiGRVnn061ezrvZz596xN3mCfyQ" }, jwk: JWK { kty: "RSA", e: "AQAB", n: "t4ZoVgvyj7jKNq-ydYvgYVn5avBR9H4BQrKy2FWlR49siiMFWhxYXtPs7o4J6hhUgo00nk9pf-7rg7XnTiI7MFp2DluhWZK41YFfyGhDpbG9EImqvmy1N8poj5fid1lAjH2CfjtDyywgV84ViQ1hA5-noOrLhjb-zMZp_yKMSEeY_Ewx70jwhXevvrANKblNUFVJPQ7EI6_La-uALNBeQfu5OgPiMPiswhoQz0bhproUc7GiRxBw-9n72z3JU3HMy9mByrDnNfaZ13_Kmp9zgZYxynv5XXWJFGVHv3GZ_cDYg6OqahmrwMhT3GYTZ8JjMzZj4gH8MCCGPxde9SotKQ", alg: "RS256" }, epoch: 0 }], authenticator_obj_initial_shared_version: SequenceNumber(1) }
[2m2025-03-25T07:54:14.992536Z[0m [32m INFO[0m [1mnode[0m[1m{[0m[3mname[0m[2m=[0mk#8dcff6d1..[1m}[0m[2m:[0m [2msui_core::checkpoints[0m[2m:[0m [2mcrates/sui-core/src/checkpoints/mod.rs[0m[2m:[0m[2m1326:[0m Creating checkpoint(s) for 2 transactions [3mnext_checkpoint_seq[0m[2m=[0m4 [3mcheckpoint_timestamp[0m[2m=[0m1742889254363
[2m2025-03-25T07:54:14.992798Z[0m [32m INFO[0m [1mnode[0m[1m{[0m[3mname[0m[2m=[0mk#8dcff6d1..[1m}[0m[2m:[0m [2msui_core::checkpoints::checkpoint_output[0m[2m:[0m [2mcrates/sui-core/src/checkpoints/checkpoint_output.rs[0m[2m:[0m[2m149:[0m Creating checkpoint CheckpointDigest(4vjUkcKjEEiimL39snT18EvXa4raYW8BEhQLXpyg3YEo) at epoch 0, sequence 4, previous digest Some(CheckpointDigest(6zmH1K6shzZjeziFUQPiQkXXhKmE7co5gCqVd1XPjCEm)), transactions count 2, content digest CheckpointContentsDigest(AYo1gfCkguGX4ZSpzRn2Q85zFzhTREn4KQ5awibWdKiK), end_of_epoch_data None
[2m2025-03-25T07:54:14.993938Z[0m [32m INFO[0m [1mnode[0m[1m{[0m[3mname[0m[2m=[0mk#99f25ef6..[1m}[0m[2m:[0m [2msui_core::checkpoints::checkpoint_output[0m[2m:[0m [2mcrates/sui-core/src/checkpoints/checkpoint_output.rs[0m[2m:[0m[2m196:[0m Certified checkpoint with sequence 3 and digest 6zmH1K6shzZjeziFUQPiQkXXhKmE7co5gCqVd1XPjCEm
[2m2025-03-25T07:54:14.994107Z[0m [32m INFO[0m [1mnode[0m[1m{[0m[3mname[0m[2m=[0mk#99f25ef6..[1m}[0m[2m:[0m [2mconsensus_core::core[0m[2m:[0m [2mconsensus/core/src/core.rs[0m[2m:[0m[2m630:[0m Committing 1 leaders: B4(C,rSWY)
[2m2025-03-25T07:54:14.994216Z[0m [32m INFO[0m [1mnode[0m[1m{[0m[3mname[0m[2m=[0mk#99f25ef6..[1m}[0m[2m:[0m [2mconsensus_core::commit_observer[0m[2m:[0m [2mconsensus/core/src/commit_observer.rs[0m[2m:[0m[2m173:[0m Consensus commit C4(i0MI) with leader B4(C,rSWY) has 2 blocks
[2m2025-03-25T07:54:14.994619Z[0m [32m INFO[0m [1mnode[0m[1m{[0m[3mname[0m[2m=[0mk#99f25ef6..[1m}[0m[2m:[0m [2msui_core::consensus_handler[0m[2m:[0m [2mcrates/sui-core/src/consensus_handler.rs[0m[2m:[0m[2m232:[0m Received consensus output [3mconsensus_commit[0m[2m=[0mCommittedSubDag(leader=B4(C,rSWY), ref=C4(i0MI), blocks=[F0qN, rSWY]) [3mepoch[0m[2m=[0m0
[2m2025-03-25T07:54:14.994672Z[0m [32m INFO[0m [1mnode[0m[1m{[0m[3mname[0m[2m=[0mk#99f25ef6..[1m}[0m[2m:[0m [2msui_core::consensus_handler[0m[2m:[0m [2mcrates/sui-core/src/consensus_handler.rs[0m[2m:[0m[2m520:[0m creating authenticator state update transaction
[2m2025-03-25T07:54:14.995342Z[0m [32m INFO[0m [1mnode[0m[1m{[0m[3mname[0m[2m=[0mk#99f25ef6..[1m}[0m[2m:[0m [2msui_core::authority::authority_per_epoch_store[0m[2m:[0m [2mcrates/sui-core/src/authority/authority_per_epoch_store.rs[0m[2m:[0m[2m2388:[0m received jwk vote from k#addeef94.. for jwk (JwkId { iss: "https://accounts.fantv.world", kid: "PODsfgAn4twvCLjNt9QmEEiAcCa3Z6C10LxrDxvi3bA" }, JWK { kty: "RSA", e: "AQAB", n: "z9Y8JtahOmbujGwGCe9tT24ur_AuJqNMdWPA6TXia4EDR8iQMrw_DxY3gBDrNqM9ml2NLkO3jo-OI78fl0RbuKepUCko-E2lB0If95L1xB2pWmUpqO8Pa7IilX4oO7h_o_mpUYXoC0wEocJyIjBRWtjqMkM6LhF9tk9-zcl2tcRFkiV1gcGe7FP529jQkSjMK8Ide0T30ZdlGQ7l6b0tuRoYFjoMnGQvl-14QYmSOHvHOqaVSD09KEMmQ4CllDMXZwCBfTRSkRfCTf33qSxm6aEdQcYA2mQD6tIVINuuCOelRhf-GkgfFFUkCM61PmlNm6JXLJgtUWsofaMQ4Yzpiw", alg: "RS256" })
[2m2025-03-25T07:54:14.995363Z[0m [32m INFO[0m [1mnode[0m[1m{[0m[3mname[0m[2m=[0mk#99f25ef6..[1m}[0m[2m:[0m [2msui_core::authority::authority_per_epoch_store[0m[2m:[0m [2mcrates/sui-core/src/authority/authority_per_epoch_store.rs[0m[2m:[0m[2m2425:[0m jwk became active [3mepoch[0m[2m=[0m0 [3mround[0m[2m=[0m4 [3mjwk[0m[2m=[0m(JwkId { iss: "https://accounts.fantv.world", kid: "PODsfgAn4twvCLjNt9QmEEiAcCa3Z6C10LxrDxvi3bA" }, JWK { kty: "RSA", e: "AQAB", n: "z9Y8JtahOmbujGwGCe9tT24ur_AuJqNMdWPA6TXia4EDR8iQMrw_DxY3gBDrNqM9ml2NLkO3jo-OI78fl0RbuKepUCko-E2lB0If95L1xB2pWmUpqO8Pa7IilX4oO7h_o_mpUYXoC0wEocJyIjBRWtjqMkM6LhF9tk9-zcl2tcRFkiV1gcGe7FP529jQkSjMK8Ide0T30ZdlGQ7l6b0tuRoYFjoMnGQvl-14QYmSOHvHOqaVSD09KEMmQ4CllDMXZwCBfTRSkRfCTf33qSxm6aEdQcYA2mQD6tIVINuuCOelRhf-GkgfFFUkCM61PmlNm6JXLJgtUWsofaMQ4Yzpiw", alg: "RS256" })
[2m2025-03-25T07:54:14.995379Z[0m [32m INFO[0m [1mnode[0m[1m{[0m[3mname[0m[2m=[0mk#99f25ef6..[1m}[0m[2m:[0m [2msui_core::authority::authority_per_epoch_store[0m[2m:[0m [2mcrates/sui-core/src/authority/authority_per_epoch_store.rs[0m[2m:[0m[2m2388:[0m received jwk vote from k#addeef94.. for jwk (JwkId { iss: "https://slack.com", kid: "mB2MAyKSn555isd0EbdhKx6nkyAi9xLq8rvCEb_nOyY" }, JWK { kty: "RSA", e: "AQAB", n: "zQqzXfb677bpMKw0idKC5WkVLyqk04PWMsWYJDKqMUUuu_PmzdsvXBfHU7tcZiNoHDuVvGDqjqnkLPEzjXnaZY0DDDHvJKS0JI8fkxIfV1kNy3DkpQMMhgAwnftUiSXgb5clypOmotAEm59gHPYjK9JHBWoHS14NYEYZv9NVy0EkjauyYDSTz589aiKU5lA-cePG93JnqLw8A82kfTlrJ1IIJo2isyBGANr0YzR-d3b_5EvP7ivU7Ph2v5JcEUHeiLSRzIzP3PuyVFrPH659Deh-UAsDFOyJbIcimg9ITnk5_45sb_Xcd_UN6h5I7TGOAFaJN4oi4aaGD4elNi_K1Q", alg: "RS256" })
[2m2025-03-25T07:54:14.995394Z[0m [32m INFO[0m [1mnode[0m[1m{[0m[3mname[0m[2m=[0mk#99f25ef6..[1m}[0m[2m:[0m [2msui_core::authority::authority_per_epoch_store[0m[2m:[0m [2mcrates/sui-core/src/authority/authority_per_epoch_store.rs[0m[2m:[0m[2m2425:[0m jwk became active [3mepoch[0m[2m=[0m0 [3mround[0m[2m=[0m4 [3mjwk[0m[2m=[0m(JwkId { iss: "https://slack.com", kid: "mB2MAyKSn555isd0EbdhKx6nkyAi9xLq8rvCEb_nOyY" }, JWK { kty: "RSA", e: "AQAB", n: "zQqzXfb677bpMKw0idKC5WkVLyqk04PWMsWYJDKqMUUuu_PmzdsvXBfHU7tcZiNoHDuVvGDqjqnkLPEzjXnaZY0DDDHvJKS0JI8fkxIfV1kNy3DkpQMMhgAwnftUiSXgb5clypOmotAEm59gHPYjK9JHBWoHS14NYEYZv9NVy0EkjauyYDSTz589aiKU5lA-cePG93JnqLw8A82kfTlrJ1IIJo2isyBGANr0YzR-d3b_5EvP7ivU7Ph2v5JcEUHeiLSRzIzP3PuyVFrPH659Deh-UAsDFOyJbIcimg9ITnk5_45sb_Xcd_UN6h5I7TGOAFaJN4oi4aaGD4elNi_K1Q", alg: "RS256" })
[2m2025-03-25T07:54:14.995408Z[0m [32m INFO[0m [1mnode[0m[1m{[0m[3mname[0m[2m=[0mk#99f25ef6..[1m}[0m[2m:[0m [2msui_core::authority::authority_per_epoch_store[0m[2m:[0m [2mcrates/sui-core/src/authority/authority_per_epoch_store.rs[0m[2m:[0m[2m2388:[0m received jwk vote from k#addeef94.. for jwk (JwkId { iss: "https://cognito-idp.eu-west-3.amazonaws.com/eu-west-3_gGVCx53Es", kid: "JbFCSYl4Xp4UYEJHo7R0iwl/Xf3F5+z72stu8iH+QxY=" }, JWK { kty: "RSA", e: "AQAB", n: "o09QloKDInGEWvXK0aZr67RnfU9l0kmTOldGF8t36ExfBWNvRsTiTfn4VdetcJlIDrmxQSSP-2toXqQ7m1t4_idKNjkb7s1FsAtWy60mAfmyeMcGhegmxxxMtWJsk2hbY_oRuTPQEUDnTfnIMUL-oDmc_HmRNzYPrbCJolIWC2r2gkJ-q6jwGEujkaeoQq3wM_NTkeBO_rrCUngIUykbbczkMF8vELGewPgwqTjd9ZTTf08kUPF9IUtT-VyF0U-I1xrQrmU9opQ209I-Dk-ehxIHWN85nlLBxu0Krb9adSx_HDEOd00wNSQgPBkvCUPpVmC10UO7hHxzGSi7czrlsw", alg: "RS256" })
[2m2025-03-25T07:54:14.995422Z[0m [32m INFO[0m [1mnode[0m[1m{[0m[3mname[0m[2m=[0mk#99f25ef6..[1m}[0m[2m:[0m [2msui_core::authority::authority_per_epoch_store[0m[2m:[0m [2mcrates/sui-core/src/authority/authority_per_epoch_store.rs[0m[2m:[0m[2m2425:[0m jwk became active [3mepoch[0m[2m=[0m0 [3mround[0m[2m=[0m4 [3mjwk[0m[2m=[0m(JwkId { iss: "https://cognito-idp.eu-west-3.amazonaws.com/eu-west-3_gGVCx53Es", kid: "JbFCSYl4Xp4UYEJHo7R0iwl/Xf3F5+z72stu8iH+QxY=" }, JWK { kty: "RSA", e: "AQAB", n: "o09QloKDInGEWvXK0aZr67RnfU9l0kmTOldGF8t36ExfBWNvRsTiTfn4VdetcJlIDrmxQSSP-2toXqQ7m1t4_idKNjkb7s1FsAtWy60mAfmyeMcGhegmxxxMtWJsk2hbY_oRuTPQEUDnTfnIMUL-oDmc_HmRNzYPrbCJolIWC2r2gkJ-q6jwGEujkaeoQq3wM_NTkeBO_rrCUngIUykbbczkMF8vELGewPgwqTjd9ZTTf08kUPF9IUtT-VyF0U-I1xrQrmU9opQ209I-Dk-ehxIHWN85nlLBxu0Krb9adSx_HDEOd00wNSQgPBkvCUPpVmC10UO7hHxzGSi7czrlsw", alg: "RS256" })
[2m2025-03-25T07:54:14.995435Z[0m [32m INFO[0m [1mnode[0m[1m{[0m[3mname[0m[2m=[0mk#99f25ef6..[1m}[0m[2m:[0m [2msui_core::authority::authority_per_epoch_store[0m[2m:[0m [2mcrates/sui-core/src/authority/authority_per_epoch_store.rs[0m[2m:[0m[2m2388:[0m received jwk vote from k#addeef94.. for jwk (JwkId { iss: "https://cognito-idp.eu-west-3.amazonaws.com/eu-west-3_gGVCx53Es", kid: "FIqQqeRU1EQP75fBeds+wL2yczwvbDy1NF6T/f5Oe5o=" }, JWK { kty: "RSA", e: "AQAB", n: "va55QtSTFhvqx0IL8UAPNZf6x5NO9jK88Wyct-i67grbDJZyXLSxz5oSttoIHkaJZQWgl_qsgyxDpHeSMznliS0K7rXFwaw81PwDIB_ek8uKhXmaQ6ryPAaO-8kvR46o-EYyVk9wWPDHTtN6NEbiUxGoDqOoiVCrVJLsFdoia7-MMVJnR2VokbEgGGbJkZu2MipikQvk_b7BGF__5mKvCJc6hCEJcxIUFvETKA9AOhjgxLvE9U8Ke6XRfmDLKovDAsDaZsWP6VPN0HoBi5mak9CgUqmxwnvNJFLhpjawD9E23O_l4aBcie56eFcC_knUa2VOHymBoJ0On3p03yxs7Q", alg: "RS256" })
[2m2025-03-25T07:54:14.995449Z[0m [32m INFO[0m [1mnode[0m[1m{[0m[3mname[0m[2m=[0mk#99f25ef6..[1m}[0m[2m:[0m [2msui_core::authority::authority_per_epoch_store[0m[2m:[0m [2mcrates/sui-core/src/authority/authority_per_epoch_store.rs[0m[2m:[0m[2m2425:[0m jwk became active [3mepoch[0m[2m=[0m0 [3mround[0m[2m=[0m4 [3mjwk[0m[2m=[0m(JwkId { iss: "https://cognito-idp.eu-west-3.amazonaws.com/eu-west-3_gGVCx53Es", kid: "FIqQqeRU1EQP75fBeds+wL2yczwvbDy1NF6T/f5Oe5o=" }, JWK { kty: "RSA", e: "AQAB", n: "va55QtSTFhvqx0IL8UAPNZf6x5NO9jK88Wyct-i67grbDJZyXLSxz5oSttoIHkaJZQWgl_qsgyxDpHeSMznliS0K7rXFwaw81PwDIB_ek8uKhXmaQ6ryPAaO-8kvR46o-EYyVk9wWPDHTtN6NEbiUxGoDqOoiVCrVJLsFdoia7-MMVJnR2VokbEgGGbJkZu2MipikQvk_b7BGF__5mKvCJc6hCEJcxIUFvETKA9AOhjgxLvE9U8Ke6XRfmDLKovDAsDaZsWP6VPN0HoBi5mak9CgUqmxwnvNJFLhpjawD9E23O_l4aBcie56eFcC_knUa2VOHymBoJ0On3p03yxs7Q", alg: "RS256" })
[2m2025-03-25T07:54:14.995462Z[0m [32m INFO[0m [1mnode[0m[1m{[0m[3mname[0m[2m=[0mk#99f25ef6..[1m}[0m[2m:[0m [2msui_core::authority::authority_per_epoch_store[0m[2m:[0m [2mcrates/sui-core/src/authority/authority_per_epoch_store.rs[0m[2m:[0m[2m2388:[0m received jwk vote from k#addeef94.. for jwk (JwkId { iss: "https://login.microsoftonline.com/v2.0", kid: "JDNa_4i4r7FgigL3sHIlI3xV-IU" }, JWK { kty: "RSA", e: "AQAB", n: "iQ745_U-vjkxPblaw6phBpe08fC42mpcrS4pcr15HiyZQyQV-BFcEVyLwPdsz3ulMRN7OB_UMfCcPBHqOjguejoab6hyJFVVMw_epP4a3SpQN9qaCbnqaSxgSGiqSq663g3TjsF_Wu1m9L41eNoF6Yvh5kULMd6lqjY0LPO5ZZxaQFLtIHahoJKMvYy1BTS0VYcNsXTjxkgUEL6Vc8GV5vaClbnY3VA2hLbXC1SGJWjVGdYXhkuck2tHr58u87MPEaQ33C6YfyISZKsdumF5bTCcIH75jjC3WbMVOLgWg5w0MSiHOFyI76Ihxbb0nRicEuao0WzO9AS7HJ7L24FHFQ", alg: "RS256" })
[2m2025-03-25T07:54:14.995476Z[0m [32m INFO[0m [1mnode[0m[1m{[0m[3mname[0m[2m=[0mk#99f25ef6..[1m}[0m[2m:[0m [2msui_core::authority::authority_per_epoch_store[0m[2m:[0m [2mcrates/sui-core/src/authority/authority_per_epoch_store.rs[0m[2m:[0m[2m2425:[0m jwk became active [3mepoch[0m[2m=[0m0 [3mround[0m[2m=[0m4 [3mjwk[0m[2m=[0m(JwkId { iss: "https://login.microsoftonline.com/v2.0", kid: "JDNa_4i4r7FgigL3sHIlI3xV-IU" }, JWK { kty: "RSA", e: "AQAB", n: "iQ745_U-vjkxPblaw6phBpe08fC42mpcrS4pcr15HiyZQyQV-BFcEVyLwPdsz3ulMRN7OB_UMfCcPBHqOjguejoab6hyJFVVMw_epP4a3SpQN9qaCbnqaSxgSGiqSq663g3TjsF_Wu1m9L41eNoF6Yvh5kULMd6lqjY0LPO5ZZxaQFLtIHahoJKMvYy1BTS0VYcNsXTjxkgUEL6Vc8GV5vaClbnY3VA2hLbXC1SGJWjVGdYXhkuck2tHr58u87MPEaQ33C6YfyISZKsdumF5bTCcIH75jjC3WbMVOLgWg5w0MSiHOFyI76Ihxbb0nRicEuao0WzO9AS7HJ7L24FHFQ", alg: "RS256" })
[2m2025-03-25T07:54:14.995489Z[0m [32m INFO[0m [1mnode[0m[1m{[0m[3mname[0m[2m=[0mk#99f25ef6..[1m}[0m[2m:[0m [2msui_core::authority::authority_per_epoch_store[0m[2m:[0m [2mcrates/sui-core/src/authority/authority_per_epoch_store.rs[0m[2m:[0m[2m2388:[0m received jwk vote from k#addeef94.. for jwk (JwkId { iss: "https://login.microsoftonline.com/v2.0", kid: "JYhSOsHhDZrc5kfqQg8ujkHMTNY" }, JWK { kty: "RSA", e: "AQAB", n: "xxMRcusywRId_dJR_edc-qe_M3vhXONCz7QDhjVfoqHWbt9lQCXCVIsIo9VJI1nGT1F6NkXEIBt462x2p1w2cgf4AF86dGhbTpR-k81WLR5gNjkhpPqB1PCitichVIKbHAvOyYEAaJnEyCiJqIlU_Zg5L5FzRqv_N_3-fhYvWK0pc3m1Ohyd2kNRg1Nbcp5ogt7mBjec7MErfi-N0o54vXfsK6hM2m7h0sZwVd4CxgPqnpBtm2htM9xaKpnwkYoEL3va3bPI1VGGp9QLZwMV6RAHOy_ORpz4xarG-z7lZUCLO0X1So05rn7w5edBmfblUQlPL3BljbUVB3abd9SNXw", alg: "RS256" })
[2m2025-03-25T07:54:14.995504Z[0m [32m INFO[0m [1mnode[0m[1m{[0m[3mname[0m[2m=[0mk#99f25ef6..[1m}[0m[2m:[0m [2msui_core::authority::authority_per_epoch_store[0m[2m:[0m [2mcrates/sui-core/src/authority/authority_per_epoch_store.rs[0m[2m:[0m[2m2425:[0m jwk became active [3mepoch[0m[2m=[0m0 [3mround[0m[2m=[0m4 [3mjwk[0m[2m=[0m(JwkId { iss: "https://login.microsoftonline.com/v2.0", kid: "JYhSOsHhDZrc5kfqQg8ujkHMTNY" }, JWK { kty: "RSA", e: "AQAB", n: "xxMRcusywRId_dJR_edc-qe_M3vhXONCz7QDhjVfoqHWbt9lQCXCVIsIo9VJI1nGT1F6NkXEIBt462x2p1w2cgf4AF86dGhbTpR-k81WLR5gNjkhpPqB1PCitichVIKbHAvOyYEAaJnEyCiJqIlU_Zg5L5FzRqv_N_3-fhYvWK0pc3m1Ohyd2kNRg1Nbcp5ogt7mBjec7MErfi-N0o54vXfsK6hM2m7h0sZwVd4CxgPqnpBtm2htM9xaKpnwkYoEL3va3bPI1VGGp9QLZwMV6RAHOy_ORpz4xarG-z7lZUCLO0X1So05rn7w5edBmfblUQlPL3BljbUVB3abd9SNXw", alg: "RS256" })
[2m2025-03-25T07:54:14.995518Z[0m [32m INFO[0m [1mnode[0m[1m{[0m[3mname[0m[2m=[0mk#99f25ef6..[1m}[0m[2m:[0m [2msui_core::authority::authority_per_epoch_store[0m[2m:[0m [2mcrates/sui-core/src/authority/authority_per_epoch_store.rs[0m[2m:[0m[2m2388:[0m received jwk vote from k#addeef94.. for jwk (JwkId { iss: "https://login.microsoftonline.com/v2.0", kid: "CNv0OI3RwqlHFEVnaoMAshCH2XE" }, JWK { kty: "RSA", e: "AQAB", n: "hz6fUSCSAuiyQz6L1nQj4za8kItevJzxhVbecMigTIl9pXZSHZa3gzMgtapnb1q96CG5qvR78dH6ZvTKL8MzN4VfGgZhvLEv5LJKeo0tGgBIS65wxIiJYj9ExEDqFkw9RdhW1nN8IN9eO76PbC-fdEPtDekA2BaITY2DARISKN4Ke0RLBEWNrKeEjjOzrygS2e3Q9NVzE51ZGGQAGHau7atHy8M_qA1nnd2dMUgUMnEYIMzDBTSKz17G6itJOdanGvG3wXvdpndKffnDppaPkyWbnybdMI4IP7q6WsCqnt3Gtg-baG6GDqZQQEBp9C9gLAFv4ORTRlpD3w0gCMh7xw", alg: "RS256" })
[2m2025-03-25T07:54:14.995531Z[0m [32m INFO[0m [1mnode[0m[1m{[0m[3mname[0m[2m=[0mk#99f25ef6..[1m}[0m[2m:[0m [2msui_core::authority::authority_per_epoch_store[0m[2m:[0m [2mcrates/sui-core/src/authority/authority_per_epoch_store.rs[0m[2m:[0m[2m2425:[0m jwk became active [3mepoch[0m[2m=[0m0 [3mround[0m[2m=[0m4 [3mjwk[0m[2m=[0m(JwkId { iss: "https://login.microsoftonline.com/v2.0", kid: "CNv0OI3RwqlHFEVnaoMAshCH2XE" }, JWK { kty: "RSA", e: "AQAB", n: "hz6fUSCSAuiyQz6L1nQj4za8kItevJzxhVbecMigTIl9pXZSHZa3gzMgtapnb1q96CG5qvR78dH6ZvTKL8MzN4VfGgZhvLEv5LJKeo0tGgBIS65wxIiJYj9ExEDqFkw9RdhW1nN8IN9eO76PbC-fdEPtDekA2BaITY2DARISKN4Ke0RLBEWNrKeEjjOzrygS2e3Q9NVzE51ZGGQAGHau7atHy8M_qA1nnd2dMUgUMnEYIMzDBTSKz17G6itJOdanGvG3wXvdpndKffnDppaPkyWbnybdMI4IP7q6WsCqnt3Gtg-baG6GDqZQQEBp9C9gLAFv4ORTRlpD3w0gCMh7xw", alg: "RS256" })
[2m2025-03-25T07:54:14.995544Z[0m [32m INFO[0m [1mnode[0m[1m{[0m[3mname[0m[2m=[0mk#99f25ef6..[1m}[0m[2m:[0m [2msui_core::authority::authority_per_epoch_store[0m[2m:[0m [2mcrates/sui-core/src/authority/authority_per_epoch_store.rs[0m[2m:[0m[2m2388:[0m received jwk vote from k#addeef94.. for jwk (JwkId { iss: "https://login.microsoftonline.com/v2.0", kid: "-cgAvjmmQ24Ks20zIpDB4SW894w" }, JWK { kty: "RSA", e: "AQAB", n: "otM7AZjL81wdSVdrkQtt6shrQiAT8OZJeIKTeRJgrDYXKzaVXs0WFXVCjCv9GuCktF-tereotfZlcskamfuupe574o76CJy6AUtuY7wt0OKqxoSJMRuUJvA_NNkT50C_dTDHTtF7kiGBwWvHEkHeZAgT52E8bfNJswV28GsPscM9vG2ylUPyiaEIsGi0cg_JllbnfBjGhfA_lzmrB9Iw75E3f1Hnk2uAs1KcHJGSH3EwHJ5tUeo9WtLGjRAfH1kGtPjkktNaw3V8EukEzgIfILV8udpWYE79A_p5jFUnTNkQxsviNxG537JMooa1ZoYveDv_f6LCj1o7MNZQVlD3tw", alg: "RS256" })
[2m2025-03-25T07:54:14.995557Z[0m [32m INFO[0m [1mnode[0m[1m{[0m[3mname[0m[2m=[0mk#99f25ef6..[1m}[0m[2m:[0m [2msui_core::authority::authority_per_epoch_store[0m[2m:[0m [2mcrates/sui-core/src/authority/authority_per_epoch_store.rs[0m[2m:[0m[2m2425:[0m jwk became active [3mepoch[0m[2m=[0m0 [3mround[0m[2m=[0m4 [3mjwk[0m[2m=[0m(JwkId { iss: "https://login.microsoftonline.com/v2.0", kid: "-cgAvjmmQ24Ks20zIpDB4SW894w" }, JWK { kty: "RSA", e: "AQAB", n: "otM7AZjL81wdSVdrkQtt6shrQiAT8OZJeIKTeRJgrDYXKzaVXs0WFXVCjCv9GuCktF-tereotfZlcskamfuupe574o76CJy6AUtuY7wt0OKqxoSJMRuUJvA_NNkT50C_dTDHTtF7kiGBwWvHEkHeZAgT52E8bfNJswV28GsPscM9vG2ylUPyiaEIsGi0cg_JllbnfBjGhfA_lzmrB9Iw75E3f1Hnk2uAs1KcHJGSH3EwHJ5tUeo9WtLGjRAfH1kGtPjkktNaw3V8EukEzgIfILV8udpWYE79A_p5jFUnTNkQxsviNxG537JMooa1ZoYveDv_f6LCj1o7MNZQVlD3tw", alg: "RS256" })
[2m2025-03-25T07:54:14.995570Z[0m [32m INFO[0m [1mnode[0m[1m{[0m[3mname[0m[2m=[0mk#99f25ef6..[1m}[0m[2m:[0m [2msui_core::authority::authority_per_epoch_store[0m[2m:[0m [2mcrates/sui-core/src/authority/authority_per_epoch_store.rs[0m[2m:[0m[2m2388:[0m received jwk vote from k#addeef94.. for jwk (JwkId { iss: "https://login.microsoftonline.com/v2.0", kid: "dd55f7QP3HZky-ekQBDWKe7ADN0" }, JWK { kty: "RSA", e: "AQAB", n: "s950MOniBjjiB82Zx5FehPuYJKtguUAP5vpMNZ6JxYLGzn5h3FPplx0kkPEezg7dnH-sFxGwq_C7P14ja0YmHUkmozqdbg4GRS8xp9Ue0-KWs4BTTkXvMPnc3xBU6be4SmHK-c7A0E54YfokiY1KTRCaq_RRPDlVZJuc6s6rK4nRoPo0eOCj7H4b--QnKmPXiFSPNp40NC7FRfx9m7SYSltubIDzq1f4j2Qlrv90f2kT5DP81_2DGdHZ_ao7ypPX2_z_m4ycQgfAhIYhNHRai6iGtbU6NPkw38LS29bVbGycVCaBoq6_re8k_UiOM7gP9l96QDFnkMmNhpRxT7t34w", alg: "RS256" })
[2m2025-03-25T07:54:14.995583Z[0m [32m INFO[0m [1mnode[0m[1m{[0m[3mname[0m[2m=[0mk#99f25ef6..[1m}[0m[2m:[0m [2msui_core::authority::authority_per_epoch_store[0m[2m:[0m [2mcrates/sui-core/src/authority/authority_per_epoch_store.rs[0m[2m:[0m[2m2425:[0m jwk became active [3mepoch[0m[2m=[0m0 [3mround[0m[2m=[0m4 [3mjwk[0m[2m=[0m(JwkId { iss: "https://login.microsoftonline.com/v2.0", kid: "dd55f7QP3HZky-ekQBDWKe7ADN0" }, JWK { kty: "RSA", e: "AQAB", n: "s950MOniBjjiB82Zx5FehPuYJKtguUAP5vpMNZ6JxYLGzn5h3FPplx0kkPEezg7dnH-sFxGwq_C7P14ja0YmHUkmozqdbg4GRS8xp9Ue0-KWs4BTTkXvMPnc3xBU6be4SmHK-c7A0E54YfokiY1KTRCaq_RRPDlVZJuc6s6rK4nRoPo0eOCj7H4b--QnKmPXiFSPNp40NC7FRfx9m7SYSltubIDzq1f4j2Qlrv90f2kT5DP81_2DGdHZ_ao7ypPX2_z_m4ycQgfAhIYhNHRai6iGtbU6NPkw38LS29bVbGycVCaBoq6_re8k_UiOM7gP9l96QDFnkMmNhpRxT7t34w", alg: "RS256" })
[2m2025-03-25T07:54:14.995597Z[0m [32m INFO[0m [1mnode[0m[1m{[0m[3mname[0m[2m=[0mk#99f25ef6..[1m}[0m[2m:[0m [2msui_core::authority::authority_per_epoch_store[0m[2m:[0m [2mcrates/sui-core/src/authority/authority_per_epoch_store.rs[0m[2m:[0m[2m2388:[0m received jwk vote from k#addeef94.. for jwk (JwkId { iss: "https://login.microsoftonline.com/v2.0", kid: "ntzdbvo449IBJV0Yy_T--gOiPI8" }, JWK { kty: "RSA", e: "AQAB", n: "uYmKqopaxMNlFJ3QUgTM6TcWvR00WVPs4sCAl5Inr5tCIWbqC1IzVt74_eGPw9OypfM4YpEfAz5czFWgRRVcRQYNwDWSAXTSh-vkqK2meW4HQp7W33NCoz_kZ6JR-xwWJZCOtQa0RNwNTVuHTL2dyJo6DUShxVPtG6c8sV4gFCEz0moHBrf5njywV0GGkQgYe98GeCL3Mv2kx4WVf0pHkSELJfW5JN6jvD_05fY_g3LKsXqXm9u1cS39K4iULFVeeoz5jBMKl5h6w3lqSeBtzmqHpw6YVxcDu_bRUd_rqZUvTaZUgS_EfpOpOicaQN--90nzp4givQYEvWtDBtan5Q", alg: "RS256" })
[2m2025-03-25T07:54:14.995611Z[0m [32m INFO[0m [1mnode[0m[1m{[0m[3mname[0m[2m=[0mk#99f25ef6..[1m}[0m[2m:[0m [2msui_core::authority::authority_per_epoch_store[0m[2m:[0m [2mcrates/sui-core/src/authority/authority_per_epoch_store.rs[0m[2m:[0m[2m2425:[0m jwk became active [3mepoch[0m[2m=[0m0 [3mround[0m[2m=[0m4 [3mjwk[0m[2m=[0m(JwkId { iss: "https://login.microsoftonline.com/v2.0", kid: "ntzdbvo449IBJV0Yy_T--gOiPI8" }, JWK { kty: "RSA", e: "AQAB", n: "uYmKqopaxMNlFJ3QUgTM6TcWvR00WVPs4sCAl5Inr5tCIWbqC1IzVt74_eGPw9OypfM4YpEfAz5czFWgRRVcRQYNwDWSAXTSh-vkqK2meW4HQp7W33NCoz_kZ6JR-xwWJZCOtQa0RNwNTVuHTL2dyJo6DUShxVPtG6c8sV4gFCEz0moHBrf5njywV0GGkQgYe98GeCL3Mv2kx4WVf0pHkSELJfW5JN6jvD_05fY_g3LKsXqXm9u1cS39K4iULFVeeoz5jBMKl5h6w3lqSeBtzmqHpw6YVxcDu_bRUd_rqZUvTaZUgS_EfpOpOicaQN--90nzp4givQYEvWtDBtan5Q", alg: "RS256" })
[2m2025-03-25T07:54:14.995624Z[0m [32m INFO[0m [1mnode[0m[1m{[0m[3mname[0m[2m=[0mk#99f25ef6..[1m}[0m[2m:[0m [2msui_core::authority::authority_per_epoch_store[0m[2m:[0m [2mcrates/sui-core/src/authority/authority_per_epoch_store.rs[0m[2m:[0m[2m2388:[0m received jwk vote from k#addeef94.. for jwk (JwkId { iss: "https://login.microsoftonline.com/v2.0", kid: "PDRf_Bs8CkDdi7av6hKLwRnNHmk" }, JWK { kty: "RSA", e: "AQAB", n: "v2R1eCh9xaZjAqn0FTf-DuDy3BFsJHc_lsv4K1Ycd1qnF5DwHC7mxnoTsA_dnI8BJvZsCAI7kkFjqKqXDSVYwRM05733_EPekLqLlb02-XLcOziMsOEMpXRrl1wFGHK5zmh2D4ZLsEId2Gdk1fcLzwjCg5iqQxi17DQFDoi0aWUKnkN62sSbiUvzd11eUl0N_beLZ0HYf53wk8r9P3reVhz9W7P8KwNBf7JyiLxmRP_yD9n3650iXi1qp8bZcAt9WmMZ2H6iHHhb7biXwvrJuf2id72VPvV6qkVu6jwUVW5yh6dIvCtPYEA7JNMWyBEXOjJbZ-3l3szj1GSV5m8eAQ", alg: "RS256" })
[2m2025-03-25T07:54:14.995637Z[0m [32m INFO[0m [1mnode[0m[1m{[0m[3mname[0m[2m=[0mk#99f25ef6..[1m}[0m[2m:[0m [2msui_core::authority::authority_per_epoch_store[0m[2m:[0m [2mcrates/sui-core/src/authority/authority_per_epoch_store.rs[0m[2m:[0m[2m2425:[0m jwk became active [3mepoch[0m[2m=[0m0 [3mround[0m[2m=[0m4 [3mjwk[0m[2m=[0m(JwkId { iss: "https://login.microsoftonline.com/v2.0", kid: "PDRf_Bs8CkDdi7av6hKLwRnNHmk" }, JWK { kty: "RSA", e: "AQAB", n: "v2R1eCh9xaZjAqn0FTf-DuDy3BFsJHc_lsv4K1Ycd1qnF5DwHC7mxnoTsA_dnI8BJvZsCAI7kkFjqKqXDSVYwRM05733_EPekLqLlb02-XLcOziMsOEMpXRrl1wFGHK5zmh2D4ZLsEId2Gdk1fcLzwjCg5iqQxi17DQFDoi0aWUKnkN62sSbiUvzd11eUl0N_beLZ0HYf53wk8r9P3reVhz9W7P8KwNBf7JyiLxmRP_yD9n3650iXi1qp8bZcAt9WmMZ2H6iHHhb7biXwvrJuf2id72VPvV6qkVu6jwUVW5yh6dIvCtPYEA7JNMWyBEXOjJbZ-3l3szj1GSV5m8eAQ", alg: "RS256" })
[2m2025-03-25T07:54:14.995654Z[0m [32m INFO[0m [1mnode[0m[1m{[0m[3mname[0m[2m=[0mk#99f25ef6..[1m}[0m[2m:[0m [2msui_core::authority::authority_per_epoch_store[0m[2m:[0m [2mcrates/sui-core/src/authority/authority_per_epoch_store.rs[0m[2m:[0m[2m2388:[0m received jwk vote from k#addeef94.. for jwk (JwkId { iss: "https://appleid.apple.com", kid: "rBRfVmqsjn" }, JWK { kty: "RSA", e: "AQAB", n: "pPOaiF5yL-y42FaKg9PYASR5-rdTK7NEiteNUAzNp0zkta-HW-tgLNLNlsft3zcrsgOLqXxhX7qzlI3JGH-wSs7_v2XNSg57QhOTxPDqtUfy5DegtiSOgwE947OBTwCWo2R6cGZD1T8ysfO2HuKheq2hEwZU4Y-8qT19WWOhZHs4CVt7A5mzpIgWuUVw766VTyqrqKev32DOUPIqFocFz3tuty95S9t_OYnaPCcET-b6DV_eT7psPhqhl5nNUm0lzkCQ53-9kxQNJxBciy0wiBcAexD4KppKRRD3evFpOSxD1R6Kg2DIG5UnbVVqn5nhZA9RH-t50f_biqV3KlSHJQ", alg: "RS256" })
[2m2025-03-25T07:54:14.995669Z[0m [32m INFO[0m [1mnode[0m[1m{[0m[3mname[0m[2m=[0mk#99f25ef6..[1m}[0m[2m:[0m [2msui_core::authority::authority_per_epoch_store[0m[2m:[0m [2mcrates/sui-core/src/authority/authority_per_epoch_store.rs[0m[2m:[0m[2m2425:[0m jwk became active [3mepoch[0m[2m=[0m0 [3mround[0m[2m=[0m4 [3mjwk[0m[2m=[0m(JwkId { iss: "https://appleid.apple.com", kid: "rBRfVmqsjn" }, JWK { kty: "RSA", e: "AQAB", n: "pPOaiF5yL-y42FaKg9PYASR5-rdTK7NEiteNUAzNp0zkta-HW-tgLNLNlsft3zcrsgOLqXxhX7qzlI3JGH-wSs7_v2XNSg57QhOTxPDqtUfy5DegtiSOgwE947OBTwCWo2R6cGZD1T8ysfO2HuKheq2hEwZU4Y-8qT19WWOhZHs4CVt7A5mzpIgWuUVw766VTyqrqKev32DOUPIqFocFz3tuty95S9t_OYnaPCcET-b6DV_eT7psPhqhl5nNUm0lzkCQ53-9kxQNJxBciy0wiBcAexD4KppKRRD3evFpOSxD1R6Kg2DIG5UnbVVqn5nhZA9RH-t50f_biqV3KlSHJQ", alg: "RS256" })
[2m2025-03-25T07:54:14.995685Z[0m [32m INFO[0m [1mnode[0m[1m{[0m[3mname[0m[2m=[0mk#99f25ef6..[1m}[0m[2m:[0m [2msui_core::authority::authority_per_epoch_store[0m[2m:[0m [2mcrates/sui-core/src/authority/authority_per_epoch_store.rs[0m[2m:[0m[2m2388:[0m received jwk vote from k#addeef94.. for jwk (JwkId { iss: "https://appleid.apple.com", kid: "rs0M3kOV9p" }, JWK { kty: "RSA", e: "AQAB", n: "zH5so3zLsgmRypxAAYJimfF9cx3ISSyHyzjDP3yvE9ieqpnjFJhzgCP8L4oKO9vUFNpoG1ub7I3paYNY6Vb2yc4chnsjJxB3j0jomJ3iI9MlWoVecTFG2tywyx5NRhy3YfTUpw2uCLafzWrpIJIoKUCGM6iUgaIFjvfi-cGT5T_5eUSWZHN-ziH69mGcbMRGLQEixQUatwru9i4i-OSk-w-JmLOqAzRP1mVn1tcZRIoGSB2PFSSJX9SK90OX8i5sj7dpIO_2xbGMtyNJkDzGq88x1pMJ4sv6HMj-tx4QrpGDbUi7zBCgbBnNSGSB_LBv4dbswwWY96ckHgx9yf_7IQ", alg: "RS256" })
[2m2025-03-25T07:54:14.995698Z[0m [32m INFO[0m [1mnode[0m[1m{[0m[3mname[0m[2m=[0mk#99f25ef6..[1m}[0m[2m:[0m [2msui_core::authority::authority_per_epoch_store[0m[2m:[0m [2mcrates/sui-core/src/authority/authority_per_epoch_store.rs[0m[2m:[0m[2m2425:[0m jwk became active [3mepoch[0m[2m=[0m0 [3mround[0m[2m=[0m4 [3mjwk[0m[2m=[0m(JwkId { iss: "https://appleid.apple.com", kid: "rs0M3kOV9p" }, JWK { kty: "RSA", e: "AQAB", n: "zH5so3zLsgmRypxAAYJimfF9cx3ISSyHyzjDP3yvE9ieqpnjFJhzgCP8L4oKO9vUFNpoG1ub7I3paYNY6Vb2yc4chnsjJxB3j0jomJ3iI9MlWoVecTFG2tywyx5NRhy3YfTUpw2uCLafzWrpIJIoKUCGM6iUgaIFjvfi-cGT5T_5eUSWZHN-ziH69mGcbMRGLQEixQUatwru9i4i-OSk-w-JmLOqAzRP1mVn1tcZRIoGSB2PFSSJX9SK90OX8i5sj7dpIO_2xbGMtyNJkDzGq88x1pMJ4sv6HMj-tx4QrpGDbUi7zBCgbBnNSGSB_LBv4dbswwWY96ckHgx9yf_7IQ", alg: "RS256" })
[2m2025-03-25T07:54:14.995711Z[0m [32m INFO[0m [1mnode[0m[1m{[0m[3mname[0m[2m=[0mk#99f25ef6..[1m}[0m[2m:[0m [2msui_core::authority::authority_per_epoch_store[0m[2m:[0m [2mcrates/sui-core/src/authority/authority_per_epoch_store.rs[0m[2m:[0m[2m2388:[0m received jwk vote from k#addeef94.. for jwk (JwkId { iss: "https://appleid.apple.com", kid: "dMlERBaFdK" }, JWK { kty: "RSA", e: "AQAB", n: "ryLWkB74N6SJNRVBjKF6xKMfP-QW3AAsJotv0LjVtf7m4NZNg_gTL78e7O8wmvngF8FuzBrvqf1mGW17Ct8BgNK6YXxnoGL0YLmlwXbmCZvTXki0VlEW1PDXeViWy7qXaCp2caF5v4OOdPsgroxNO_DgJRTuA_izJ4DFZYHCHXwojfdWJiDYG67j5PlD5pXKGx7zaqyryjovZTEII_Z1_bhFCRUZRjfJ3TVoK0fZj2z7iAZWjn33i-V3zExUhwzEyeuGph0118NfmOLCUEy_Jd4xvLf_X4laPpe9nq8UeORfs72yz2qH7cHDKL85W6oG08Gu05JWuAs5Ay49WxJrmw", alg: "RS256" })
[2m2025-03-25T07:54:14.995724Z[0m [32m INFO[0m [1mnode[0m[1m{[0m[3mname[0m[2m=[0mk#99f25ef6..[1m}[0m[2m:[0m [2msui_core::authority::authority_per_epoch_store[0m[2m:[0m [2mcrates/sui-core/src/authority/authority_per_epoch_store.rs[0m[2m:[0m[2m2425:[0m jwk became active [3mepoch[0m[2m=[0m0 [3mround[0m[2m=[0m4 [3mjwk[0m[2m=[0m(JwkId { iss: "https://appleid.apple.com", kid: "dMlERBaFdK" }, JWK { kty: "RSA", e: "AQAB", n: "ryLWkB74N6SJNRVBjKF6xKMfP-QW3AAsJotv0LjVtf7m4NZNg_gTL78e7O8wmvngF8FuzBrvqf1mGW17Ct8BgNK6YXxnoGL0YLmlwXbmCZvTXki0VlEW1PDXeViWy7qXaCp2caF5v4OOdPsgroxNO_DgJRTuA_izJ4DFZYHCHXwojfdWJiDYG67j5PlD5pXKGx7zaqyryjovZTEII_Z1_bhFCRUZRjfJ3TVoK0fZj2z7iAZWjn33i-V3zExUhwzEyeuGph0118NfmOLCUEy_Jd4xvLf_X4laPpe9nq8UeORfs72yz2qH7cHDKL85W6oG08Gu05JWuAs5Ay49WxJrmw", alg: "RS256" })
[2m2025-03-25T07:54:14.995737Z[0m [32m INFO[0m [1mnode[0m[1m{[0m[3mname[0m[2m=[0mk#99f25ef6..[1m}[0m[2m:[0m [2msui_core::authority::authority_per_epoch_store[0m[2m:[0m [2mcrates/sui-core/src/authority/authority_per_epoch_store.rs[0m[2m:[0m[2m2388:[0m received jwk vote from k#addeef94.. for jwk (JwkId { iss: "https://accounts.karrier.one/", kid: "E760D111C1A1296E6D1D85F7EB18DDBAA0EC2B4E" }, JWK { kty: "RSA", e: "AQAB", n: "3s6cCgr0tKeYEy_MGYDZ7ByPgI0Bv-JimxiSNOytvXb6xvcxE_jjEiEkMg6R3frYXWWuM3V4DMB3WGc8ePDACM9e3ly8jEpxA90nJ1eE94a9bF5wQGtC8_oqw2DajBt6O5ZTSKFJhMQMyzKUXmqT_m1DsUHm0uNGPulMp2CmSE8xtFLlXdxl_8on4zN_4PboPgOrl65DKcw6THTuNcasffyxVeK6_HbuEDLp-Q1v8PtvW98TO2GvOK-yNLDrpgqeh0fnnUBHR2tkMaJ3nnLNdEkVfeBQlafCvwJPRrGX83POq6SC-WAoP6IOH9BXd0DwRvqgCj2uWhtk9yEamJ7Q2Q", alg: "RS256" })
[2m2025-03-25T07:54:14.995750Z[0m [32m INFO[0m [1mnode[0m[1m{[0m[3mname[0m[2m=[0mk#99f25ef6..[1m}[0m[2m:[0m [2msui_core::authority::authority_per_epoch_store[0m[2m:[0m [2mcrates/sui-core/src/authority/authority_per_epoch_store.rs[0m[2m:[0m[2m2425:[0m jwk became active [3mepoch[0m[2m=[0m0 [3mround[0m[2m=[0m4 [3mjwk[0m[2m=[0m(JwkId { iss: "https://accounts.karrier.one/", kid: "E760D111C1A1296E6D1D85F7EB18DDBAA0EC2B4E" }, JWK { kty: "RSA", e: "AQAB", n: "3s6cCgr0tKeYEy_MGYDZ7ByPgI0Bv-JimxiSNOytvXb6xvcxE_jjEiEkMg6R3frYXWWuM3V4DMB3WGc8ePDACM9e3ly8jEpxA90nJ1eE94a9bF5wQGtC8_oqw2DajBt6O5ZTSKFJhMQMyzKUXmqT_m1DsUHm0uNGPulMp2CmSE8xtFLlXdxl_8on4zN_4PboPgOrl65DKcw6THTuNcasffyxVeK6_HbuEDLp-Q1v8PtvW98TO2GvOK-yNLDrpgqeh0fnnUBHR2tkMaJ3nnLNdEkVfeBQlafCvwJPRrGX83POq6SC-WAoP6IOH9BXd0DwRvqgCj2uWhtk9yEamJ7Q2Q", alg: "RS256" })
[2m2025-03-25T07:54:14.995763Z[0m [32m INFO[0m [1mnode[0m[1m{[0m[3mname[0m[2m=[0mk#99f25ef6..[1m}[0m[2m:[0m [2msui_core::authority::authority_per_epoch_store[0m[2m:[0m [2mcrates/sui-core/src/authority/authority_per_epoch_store.rs[0m[2m:[0m[2m2388:[0m received jwk vote from k#addeef94.. for jwk (JwkId { iss: "https://accounts.karrier.one/", kid: "B65FDCAA152E04ADE817314CF6A06F4ECABF4CFB" }, JWK { kty: "RSA", e: "AQAB", n: "ra5LGXik2tB6apOePLdwT0ID-Kevzoyy_qcvHhvGJbrY_0PVaT3yM2t_UyvNlh60QYmtIxmGE1vTfbD6moDg0y1WLZ2tMfJ56YT23LYW-quzHHpw3pcAi8EVCFiU7pB4XHHBv-0F_eS7qGQr4Y38QyWKEzg6kv4X_xpMxEpVYmRVgYu8rGXqwCHIFq1Dc3v9Op83hO2q-geeidXjosydxgb6LdOpc27Q_0gzDM2vTaI0k8fqauVGilcYw3OxeqL5jVrdSeyaq4meHrquLdGCbI_KQiS08GJ9BZ4QchfTK70lzKasCsTcW5jd2Ci7DYoPvY-FrR8zPaxHj9jjTkAW3Q", alg: "RS256" })
[2m2025-03-25T07:54:14.995778Z[0m [32m INFO[0m [1mnode[0m[1m{[0m[3mname[0m[2m=[0mk#99f25ef6..[1m}[0m[2m:[0m [2msui_core::authority::authority_per_epoch_store[0m[2m:[0m [2mcrates/sui-core/src/authority/authority_per_epoch_store.rs[0m[2m:[0m[2m2425:[0m jwk became active [3mepoch[0m[2m=[0m0 [3mround[0m[2m=[0m4 [3mjwk[0m[2m=[0m(JwkId { iss: "https://accounts.karrier.one/", kid: "B65FDCAA152E04ADE817314CF6A06F4ECABF4CFB" }, JWK { kty: "RSA", e: "AQAB", n: "ra5LGXik2tB6apOePLdwT0ID-Kevzoyy_qcvHhvGJbrY_0PVaT3yM2t_UyvNlh60QYmtIxmGE1vTfbD6moDg0y1WLZ2tMfJ56YT23LYW-quzHHpw3pcAi8EVCFiU7pB4XHHBv-0F_eS7qGQr4Y38QyWKEzg6kv4X_xpMxEpVYmRVgYu8rGXqwCHIFq1Dc3v9Op83hO2q-geeidXjosydxgb6LdOpc27Q_0gzDM2vTaI0k8fqauVGilcYw3OxeqL5jVrdSeyaq4meHrquLdGCbI_KQiS08GJ9BZ4QchfTK70lzKasCsTcW5jd2Ci7DYoPvY-FrR8zPaxHj9jjTkAW3Q", alg: "RS256" })
[2m2025-03-25T07:54:14.995791Z[0m [32m INFO[0m [1mnode[0m[1m{[0m[3mname[0m[2m=[0mk#99f25ef6..[1m}[0m[2m:[0m [2msui_core::authority::authority_per_epoch_store[0m[2m:[0m [2mcrates/sui-core/src/authority/authority_per_epoch_store.rs[0m[2m:[0m[2m2388:[0m received jwk vote from k#addeef94.. for jwk (JwkId { iss: "https://cognito-idp.us-east-1.amazonaws.com/us-east-1_qPsZxYqd8", kid: "VHA/vY1d2h7X33DpZ6ZBDRfnCS/OIgiV7toCdxyEUDY=" }, JWK { kty: "RSA", e: "AQAB", n: "7nb7CxiOI5bgf80jk1WOwi6Fmo9EJzIugpl-gZehOgL4cVAmvp1ChVZMwxTRM62hIQ6Ab6k0vmLBq_jZFx6MeU4c1xTipIohOEK_5HjbesM9OuduHkujN6J7Az4ON4TyHtJOXs3-xdVbjWQwP5L2O_N334ZIb9n-hRxGRhKaQLciSNEt3TQ2ookJaa1q9UinlA0jJyIMLJXmpSdvUP_0QizT88wrenRs3PccgKBQgvtQx569yvL6YnzaRSa8pL7saNy2KqevDHkIvRfqEckduoFQTyiL5OTz6canJYaklw-OImrO1eQF2Z_TsamXKKdk9-k9WFwYx4ftDTdacDflaw", alg: "RS256" })
[2m2025-03-25T07:54:14.995805Z[0m [32m INFO[0m [1mnode[0m[1m{[0m[3mname[0m[2m=[0mk#99f25ef6..[1m}[0m[2m:[0m [2msui_core::authority::authority_per_epoch_store[0m[2m:[0m [2mcrates/sui-core/src/authority/authority_per_epoch_store.rs[0m[2m:[0m[2m2425:[0m jwk became active [3mepoch[0m[2m=[0m0 [3mround[0m[2m=[0m4 [3mjwk[0m[2m=[0m(JwkId { iss: "https://cognito-idp.us-east-1.amazonaws.com/us-east-1_qPsZxYqd8", kid: "VHA/vY1d2h7X33DpZ6ZBDRfnCS/OIgiV7toCdxyEUDY=" }, JWK { kty: "RSA", e: "AQAB", n: "7nb7CxiOI5bgf80jk1WOwi6Fmo9EJzIugpl-gZehOgL4cVAmvp1ChVZMwxTRM62hIQ6Ab6k0vmLBq_jZFx6MeU4c1xTipIohOEK_5HjbesM9OuduHkujN6J7Az4ON4TyHtJOXs3-xdVbjWQwP5L2O_N334ZIb9n-hRxGRhKaQLciSNEt3TQ2ookJaa1q9UinlA0jJyIMLJXmpSdvUP_0QizT88wrenRs3PccgKBQgvtQx569yvL6YnzaRSa8pL7saNy2KqevDHkIvRfqEckduoFQTyiL5OTz6canJYaklw-OImrO1eQF2Z_TsamXKKdk9-k9WFwYx4ftDTdacDflaw", alg: "RS256" })
[2m2025-03-25T07:54:14.995819Z[0m [32m INFO[0m [1mnode[0m[1m{[0m[3mname[0m[2m=[0mk#99f25ef6..[1m}[0m[2m:[0m [2msui_core::authority::authority_per_epoch_store[0m[2m:[0m [2mcrates/sui-core/src/authority/authority_per_epoch_store.rs[0m[2m:[0m[2m2388:[0m received jwk vote from k#addeef94.. for jwk (JwkId { iss: "https://cognito-idp.us-east-1.amazonaws.com/us-east-1_qPsZxYqd8", kid: "lGbuLXh42ChSJwrMUEBO2npnvMzdAHqOj6DNZieDuVA=" }, JWK { kty: "RSA", e: "AQAB", n: "2e3M6UZo5G1r3eYi1h_dqng0lhNHE6bwSrnEmTMygjDaejpcjWKY9ICFtcz-lP_HEx_q67HsaM7QUIGpTEtAXqQHyxbMAcPlUwKSD8y_mZJlDDM4kI7KJQLW4M-904gDvih5FbnJc-QNkH1Z7vHwDpLOam53x8QQj7rjoXBzH0q0JVlv5PU5ZEoqCc2PIJCtxzZApXzMt0lnqw8DB55P4_czdplVkd80UhPAz1gM3ysTIQi2eblMvkUp98orOlpsp434g6mnrdgYFLOleuuwNraRTJRi0r9Dn9ToILY7Arywi5jS8M496CXJUFAB9UKXKrTa9pazlnRMiFBochRRZw", alg: "RS256" })
[2m2025-03-25T07:54:14.995833Z[0m [32m INFO[0m [1mnode[0m[1m{[0m[3mname[0m[2m=[0mk#99f25ef6..[1m}[0m[2m:[0m [2msui_core::authority::authority_per_epoch_store[0m[2m:[0m [2mcrates/sui-core/src/authority/authority_per_epoch_store.rs[0m[2m:[0m[2m2425:[0m jwk became active [3mepoch[0m[2m=[0m0 [3mround[0m[2m=[0m4 [3mjwk[0m[2m=[0m(JwkId { iss: "https://cognito-idp.us-east-1.amazonaws.com/us-east-1_qPsZxYqd8", kid: "lGbuLXh42ChSJwrMUEBO2npnvMzdAHqOj6DNZieDuVA=" }, JWK { kty: "RSA", e: "AQAB", n: "2e3M6UZo5G1r3eYi1h_dqng0lhNHE6bwSrnEmTMygjDaejpcjWKY9ICFtcz-lP_HEx_q67HsaM7QUIGpTEtAXqQHyxbMAcPlUwKSD8y_mZJlDDM4kI7KJQLW4M-904gDvih5FbnJc-QNkH1Z7vHwDpLOam53x8QQj7rjoXBzH0q0JVlv5PU5ZEoqCc2PIJCtxzZApXzMt0lnqw8DB55P4_czdplVkd80UhPAz1gM3ysTIQi2eblMvkUp98orOlpsp434g6mnrdgYFLOleuuwNraRTJRi0r9Dn9ToILY7Arywi5jS8M496CXJUFAB9UKXKrTa9pazlnRMiFBochRRZw", alg: "RS256" })
[2m2025-03-25T07:54:14.995847Z[0m [32m INFO[0m [1mnode[0m[1m{[0m[3mname[0m[2m=[0mk#99f25ef6..[1m}[0m[2m:[0m [2msui_core::authority::authority_per_epoch_store[0m[2m:[0m [2mcrates/sui-core/src/authority/authority_per_epoch_store.rs[0m[2m:[0m[2m2388:[0m received jwk vote from k#addeef94.. for jwk (JwkId { iss: "https://oauth2.playtron.one", kid: "7388b63c-ba03-4fe3-85e3-6717f91d55b1" }, JWK { kty: "RSA", e: "AQAB", n: "scvmHIfIZk5ZU7_k6snu98s5rPKBDws804qpNEPyy7fkmzxDbcN-qWQJrDgNU-pvr5WvIPyu2hfFrNtBiiE3IZqqGRm2rJb8LoKz6mtxiLyRT8EQS8D8U6uiR8mkvbw-vgJ1h3l2gHDXPGN-03_DXrL8r2xDiuxdezxjiCI80r7bmpZg9i8PWtL1BQU43nM4MNDXi9Wo5ppSojFxTe8L75ZOnFeLBVxPJG9YBGhFnATIoUei7ohbw5_t9buiIfXTQ3ZwCvG3WAGFDsOIdl3PapA1T7oTlsfQp0wQa0EDeleFBu81ytNlidJNQcXz3F9OmwYbHJ4bPMYcz-x2ATLK5w", alg: "RS256" })
[2m2025-03-25T07:54:14.995860Z[0m [32m INFO[0m [1mnode[0m[1m{[0m[3mname[0m[2m=[0mk#99f25ef6..[1m}[0m[2m:[0m [2msui_core::authority::authority_per_epoch_store[0m[2m:[0m [2mcrates/sui-core/src/authority/authority_per_epoch_store.rs[0m[2m:[0m[2m2425:[0m jwk became active [3mepoch[0m[2m=[0m0 [3mround[0m[2m=[0m4 [3mjwk[0m[2m=[0m(JwkId { iss: "https://oauth2.playtron.one", kid: "7388b63c-ba03-4fe3-85e3-6717f91d55b1" }, JWK { kty: "RSA", e: "AQAB", n: "scvmHIfIZk5ZU7_k6snu98s5rPKBDws804qpNEPyy7fkmzxDbcN-qWQJrDgNU-pvr5WvIPyu2hfFrNtBiiE3IZqqGRm2rJb8LoKz6mtxiLyRT8EQS8D8U6uiR8mkvbw-vgJ1h3l2gHDXPGN-03_DXrL8r2xDiuxdezxjiCI80r7bmpZg9i8PWtL1BQU43nM4MNDXi9Wo5ppSojFxTe8L75ZOnFeLBVxPJG9YBGhFnATIoUei7ohbw5_t9buiIfXTQ3ZwCvG3WAGFDsOIdl3PapA1T7oTlsfQp0wQa0EDeleFBu81ytNlidJNQcXz3F9OmwYbHJ4bPMYcz-x2ATLK5w", alg: "RS256" })
[2m2025-03-25T07:54:14.995874Z[0m [32m INFO[0m [1mnode[0m[1m{[0m[3mname[0m[2m=[0mk#99f25ef6..[1m}[0m[2m:[0m [2msui_core::authority::authority_per_epoch_store[0m[2m:[0m [2mcrates/sui-core/src/authority/authority_per_epoch_store.rs[0m[2m:[0m[2m2388:[0m received jwk vote from k#addeef94.. for jwk (JwkId { iss: "https://oauth2.playtron.one", kid: "e55421cb-cdbd-4791-a590-ad8ca798aa89" }, JWK { kty: "RSA", e: "AQAB", n: "vy8-EHvWmVHH5xi3BBvfalX9i6OuP9mz2wz1E72eMTf1ZHVbZ66O-vWlr2F2SNSyB_PURIb1KIqUcvpn6GW_vgs4EhflMJnmeZ0Fot4V6YsEOIzob7jkooeFNZ7dTDDHahtMyBd7pcJCv1afdQSTVZQeO0lm0swOm2whkw6hV7R2fBG3zLJsBUqe9oEwMa9cJ768KFfxFoEAUk3SQZ74JmkgOEKBSf26EcPcxAZTreSDAdh5-MI4oD1aawHfb5nl1CQxhRf4YcCp_MVoerKKX1-it0NkDn5xJsuN_Z3Dv5354j6OZVBZpDjN7ZwcQfLEnjwI8G4Zr9y2SC3g_fH1G-MIhe0LPDWF4egqMaIwkIDW0sMqPAnE_nSFN8Ag3KJ_iT6P2PAGJbna882IIczb5q9VXkB0RJlL4BwNHSE2q867EZBNGFTPrDJzHtM7sZ468Y4taMv0CyFdPlb0alFRsS_T658tdkt1lxrl_dzE0ixPBw99X5Rwz0XLv4yNs4BQ6RgHVZT5fGGRzXovlDx9F2ea0EleNn47KAFDs0wNjIl1oryar0pJMlb-pDPuVcGMt0XYNh5gOLty5LdAl_7PqwFsQc7QMWIGqjnSnzeGYvN7kknpfYl0SfJDQNNSJDI2b2oGUWw-K6-kCgQxxlEKbhztegiVmRGuqcDfvNqrpqc", alg: "RS256" })
[2m2025-03-25T07:54:14.995889Z[0m [32m INFO[0m [1mnode[0m[1m{[0m[3mname[0m[2m=[0mk#99f25ef6..[1m}[0m[2m:[0m [2msui_core::authority::authority_per_epoch_store[0m[2m:[0m [2mcrates/sui-core/src/authority/authority_per_epoch_store.rs[0m[2m:[0m[2m2425:[0m jwk became active [3mepoch[0m[2m=[0m0 [3mround[0m[2m=[0m4 [3mjwk[0m[2m=[0m(JwkId { iss: "https://oauth2.playtron.one", kid: "e55421cb-cdbd-4791-a590-ad8ca798aa89" }, JWK { kty: "RSA", e: "AQAB", n: "vy8-EHvWmVHH5xi3BBvfalX9i6OuP9mz2wz1E72eMTf1ZHVbZ66O-vWlr2F2SNSyB_PURIb1KIqUcvpn6GW_vgs4EhflMJnmeZ0Fot4V6YsEOIzob7jkooeFNZ7dTDDHahtMyBd7pcJCv1afdQSTVZQeO0lm0swOm2whkw6hV7R2fBG3zLJsBUqe9oEwMa9cJ768KFfxFoEAUk3SQZ74JmkgOEKBSf26EcPcxAZTreSDAdh5-MI4oD1aawHfb5nl1CQxhRf4YcCp_MVoerKKX1-it0NkDn5xJsuN_Z3Dv5354j6OZVBZpDjN7ZwcQfLEnjwI8G4Zr9y2SC3g_fH1G-MIhe0LPDWF4egqMaIwkIDW0sMqPAnE_nSFN8Ag3KJ_iT6P2PAGJbna882IIczb5q9VXkB0RJlL4BwNHSE2q867EZBNGFTPrDJzHtM7sZ468Y4taMv0CyFdPlb0alFRsS_T658tdkt1lxrl_dzE0ixPBw99X5Rwz0XLv4yNs4BQ6RgHVZT5fGGRzXovlDx9F2ea0EleNn47KAFDs0wNjIl1oryar0pJMlb-pDPuVcGMt0XYNh5gOLty5LdAl_7PqwFsQc7QMWIGqjnSnzeGYvN7kknpfYl0SfJDQNNSJDI2b2oGUWw-K6-kCgQxxlEKbhztegiVmRGuqcDfvNqrpqc", alg: "RS256" })
[2m2025-03-25T07:54:14.995903Z[0m [32m INFO[0m [1mnode[0m[1m{[0m[3mname[0m[2m=[0mk#99f25ef6..[1m}[0m[2m:[0m [2msui_core::authority::authority_per_epoch_store[0m[2m:[0m [2mcrates/sui-core/src/authority/authority_per_epoch_store.rs[0m[2m:[0m[2m2388:[0m received jwk vote from k#addeef94.. for jwk (JwkId { iss: "https://oauth2.playtron.one", kid: "1fd66a18-7afd-4086-ba57-a8ca9b398406" }, JWK { kty: "RSA", e: "AQAB", n: "7XHinRSS9un2BdWsLhFOdi5N-17HMRYf4odQE4KqiPqRrp8TDE9bDekg8ERCW7Hqkgp44U07BUJwCiL5ss_9rIgV6Wy_lOwF_npGqMstZYemnZYNvpaD4ZEneoRmo94qNkYg5szBhVlvaF-IXlwB4GEQdDLJZOLafgPYL4XK2eD49Q7PU7jkNKy91k98UeK3fH9iv0L6W5nJNU1SzCR75gRcWyKSySg9RCTQyWFak8VhWW1YxwIQebvGgTsr6jYgxvcmRsSLeMhEhoIhOOkC1zQK51kBB-ZS7o2KttDHr1dn08LeHJkxSZ2guLdT_V2ISDiKxjXgVBlSvvweLgEHs7cehNU-D65uQpTxULPJW7xeITDl8rCCxbr8p8rcq-I19EV5Uj4n7RswaNDZ2YO87Yx12KzZVrO_0Tra6CvsNJ7hdI_Ykg7yMLs-dj7eKgOF5Nx1Q7Bnp1OyRKIXfUkyZkh8mjfiMt-npf1WPAgF1Iwx5H-ww1rTuFR6yyZRtEHyVxudg9XFar6cKizi75uKVGaV74GMGI2tPGL0zh_jCh8QSk68HltKdfLP8xDvHBB_crklWlr9iYuFjHzLI9KWvICvQWMtQikHE3iaf492I9SMqR0OIwSeg5TzzerVX17qkCeVbdxOK9jKeP5k2sW6mETUdrJCmlRwGN-EG_VIOrE", alg: "RS256" })
[2m2025-03-25T07:54:14.995918Z[0m [32m INFO[0m [1mnode[0m[1m{[0m[3mname[0m[2m=[0mk#99f25ef6..[1m}[0m[2m:[0m [2msui_core::authority::authority_per_epoch_store[0m[2m:[0m [2mcrates/sui-core/src/authority/authority_per_epoch_store.rs[0m[2m:[0m[2m2425:[0m jwk became active [3mepoch[0m[2m=[0m0 [3mround[0m[2m=[0m4 [3mjwk[0m[2m=[0m(JwkId { iss: "https://oauth2.playtron.one", kid: "1fd66a18-7afd-4086-ba57-a8ca9b398406" }, JWK { kty: "RSA", e: "AQAB", n: "7XHinRSS9un2BdWsLhFOdi5N-17HMRYf4odQE4KqiPqRrp8TDE9bDekg8ERCW7Hqkgp44U07BUJwCiL5ss_9rIgV6Wy_lOwF_npGqMstZYemnZYNvpaD4ZEneoRmo94qNkYg5szBhVlvaF-IXlwB4GEQdDLJZOLafgPYL4XK2eD49Q7PU7jkNKy91k98UeK3fH9iv0L6W5nJNU1SzCR75gRcWyKSySg9RCTQyWFak8VhWW1YxwIQebvGgTsr6jYgxvcmRsSLeMhEhoIhOOkC1zQK51kBB-ZS7o2KttDHr1dn08LeHJkxSZ2guLdT_V2ISDiKxjXgVBlSvvweLgEHs7cehNU-D65uQpTxULPJW7xeITDl8rCCxbr8p8rcq-I19EV5Uj4n7RswaNDZ2YO87Yx12KzZVrO_0Tra6CvsNJ7hdI_Ykg7yMLs-dj7eKgOF5Nx1Q7Bnp1OyRKIXfUkyZkh8mjfiMt-npf1WPAgF1Iwx5H-ww1rTuFR6yyZRtEHyVxudg9XFar6cKizi75uKVGaV74GMGI2tPGL0zh_jCh8QSk68HltKdfLP8xDvHBB_crklWlr9iYuFjHzLI9KWvICvQWMtQikHE3iaf492I9SMqR0OIwSeg5TzzerVX17qkCeVbdxOK9jKeP5k2sW6mETUdrJCmlRwGN-EG_VIOrE", alg: "RS256" })
[2m2025-03-25T07:54:14.995931Z[0m [32m INFO[0m [1mnode[0m[1m{[0m[3mname[0m[2m=[0mk#99f25ef6..[1m}[0m[2m:[0m [2msui_core::authority::authority_per_epoch_store[0m[2m:[0m [2mcrates/sui-core/src/authority/authority_per_epoch_store.rs[0m[2m:[0m[2m2388:[0m received jwk vote from k#addeef94.. for jwk (JwkId { iss: "https://accounts.credenza3.com", kid: "JG6oZkIBqQdkpnCnD479zFXgMA5_I7i-aHAV0MRwvDs" }, JWK { kty: "RSA", e: "AQAB", n: "wgMHXL3avVaf-jrwvVw5bhpROsF7CnY7vzovJW4fNp_dY0abqvMga2C7fzdKNp4AFxQmXkoX_-vF7wbDRLXXmjdJ-x4YdKIA_JxsZqZKCG_k5-7UZFmHb1F3oy67uYh_xRv_H8yPSJ9TKJrAiWIBG9EFvZNy8y2pHXFDNSxTo4NzcUs_-TNhiuxWatpnduoCXWJf6I813Lxn8G9Z7Tql5fUgofW5GIygxS8zUiUZaYkLPL3_aNIFal58OzUturgiTcYrQp5WPkG56AL_Y6KNhxABjopC7WTXCeFXGXCIgb-JQpPARDaL7WL3w_w5-vR3Ra2WeQ3sddtoLtB0X234DQ", alg: "RS256" })
[2m2025-03-25T07:54:14.995946Z[0m [32m INFO[0m [1mnode[0m[1m{[0m[3mname[0m[2m=[0mk#99f25ef6..[1m}[0m[2m:[0m [2msui_core::authority::authority_per_epoch_store[0m[2m:[0m [2mcrates/sui-core/src/authority/authority_per_epoch_store.rs[0m[2m:[0m[2m2425:[0m jwk became active [3mepoch[0m[2m=[0m0 [3mround[0m[2m=[0m4 [3mjwk[0m[2m=[0m(JwkId { iss: "https://accounts.credenza3.com", kid: "JG6oZkIBqQdkpnCnD479zFXgMA5_I7i-aHAV0MRwvDs" }, JWK { kty: "RSA", e: "AQAB", n: "wgMHXL3avVaf-jrwvVw5bhpROsF7CnY7vzovJW4fNp_dY0abqvMga2C7fzdKNp4AFxQmXkoX_-vF7wbDRLXXmjdJ-x4YdKIA_JxsZqZKCG_k5-7UZFmHb1F3oy67uYh_xRv_H8yPSJ9TKJrAiWIBG9EFvZNy8y2pHXFDNSxTo4NzcUs_-TNhiuxWatpnduoCXWJf6I813Lxn8G9Z7Tql5fUgofW5GIygxS8zUiUZaYkLPL3_aNIFal58OzUturgiTcYrQp5WPkG56AL_Y6KNhxABjopC7WTXCeFXGXCIgb-JQpPARDaL7WL3w_w5-vR3Ra2WeQ3sddtoLtB0X234DQ", alg: "RS256" })
[2m2025-03-25T07:54:14.995960Z[0m [32m INFO[0m [1mnode[0m[1m{[0m[3mname[0m[2m=[0mk#99f25ef6..[1m}[0m[2m:[0m [2msui_core::authority::authority_per_epoch_store[0m[2m:[0m [2mcrates/sui-core/src/authority/authority_per_epoch_store.rs[0m[2m:[0m[2m2388:[0m received jwk vote from k#addeef94.. for jwk (JwkId { iss: "https://accounts.credenza3.com", kid: "nArTrOCdn42U6zyzuZmxBIGAuYQaNyuHwUkAycsQTw8" }, JWK { kty: "RSA", e: "AQAB", n: "mb4kA1QddMUulk6AMeRekV0YEPX-x-eSx7BjbAy1qkPsGjnpwjUmGzk9jBptlCLgc1HT_qELTfpr_w5xqFcy-1ayAlg87gw86Z0IRN9ROTTE04LiHMIwH9Y8H06C_9I0H29WCMqFGlBJH9n0hYu6nPpgVkV6E-9wze10-jzi5JLqiM0tB8Ihniy2ZHGgiwG1CM--xHKkaXcFLF3d8bGlALGp1CgtiHdWeMyQ5SBzL6lmhMcnzzse0VlAIq1m94Fath217OcQcEw-VrJlyGJ8gAyi-N3O9VZAl2dykNgji9tcC1ws5IMbGyWSv5OpeHfUDN97iOcTJ4noBF7EwvIwpQ", alg: "RS256" })
[2m2025-03-25T07:54:14.995974Z[0m [32m INFO[0m [1mnode[0m[1m{[0m[3mname[0m[2m=[0mk#99f25ef6..[1m}[0m[2m:[0m [2msui_core::authority::authority_per_epoch_store[0m[2m:[0m [2mcrates/sui-core/src/authority/authority_per_epoch_store.rs[0m[2m:[0m[2m2425:[0m jwk became active [3mepoch[0m[2m=[0m0 [3mround[0m[2m=[0m4 [3mjwk[0m[2m=[0m(JwkId { iss: "https://accounts.credenza3.com", kid: "nArTrOCdn42U6zyzuZmxBIGAuYQaNyuHwUkAycsQTw8" }, JWK { kty: "RSA", e: "AQAB", n: "mb4kA1QddMUulk6AMeRekV0YEPX-x-eSx7BjbAy1qkPsGjnpwjUmGzk9jBptlCLgc1HT_qELTfpr_w5xqFcy-1ayAlg87gw86Z0IRN9ROTTE04LiHMIwH9Y8H06C_9I0H29WCMqFGlBJH9n0hYu6nPpgVkV6E-9wze10-jzi5JLqiM0tB8Ihniy2ZHGgiwG1CM--xHKkaXcFLF3d8bGlALGp1CgtiHdWeMyQ5SBzL6lmhMcnzzse0VlAIq1m94Fath217OcQcEw-VrJlyGJ8gAyi-N3O9VZAl2dykNgji9tcC1ws5IMbGyWSv5OpeHfUDN97iOcTJ4noBF7EwvIwpQ", alg: "RS256" })
[2m2025-03-25T07:54:14.996019Z[0m [32m INFO[0m [1mnode[0m[1m{[0m[3mname[0m[2m=[0mk#99f25ef6..[1m}[0m[2m:[0m [2msui_core::authority::authority_per_epoch_store[0m[2m:[0m [2mcrates/sui-core/src/authority/authority_per_epoch_store.rs[0m[2m:[0m[2m2388:[0m received jwk vote from k#addeef94.. for jwk (JwkId { iss: "https://auth.3dos.io", kid: "6d361dc9637a275eb585a915af26198ff0d97326ca13f4baf0e4805f72f2a9a0" }, JWK { kty: "RSA", e: "AQAB", n: "y_8hHwq7w2yE4968sbQF98iGUhnu0BwyB5khTxVPAcUnMCYdp61zYcRWml2zdY4HAfq-Nnjb_pAli6I66Vpe9IE8Gf8uGRB0oYIo2S6tYMEe0lhRaEDYVbMdQkuKxTIYMNBXSd_kCHKJM1ZUAo7uFoq_bWuzt2hRG2-79z-Ycbiw0wil0rzFHlpNBKsBLKM4GSGUwOejaL2zCiE_rjf77AvOaJLRd4I_DBYG16t8D1BkxbhkcQCmOxYGG0NqjP3z0lz-w1ALqHCNfhzczZOsgaCrbSlcTKcBTq1syAUUhQmounW7nG5clBIfPQRVH7jCoPztiJUZg6Xz1AN6V07xnw", alg: "RS256" })
[2m2025-03-25T07:54:14.996803Z[0m [32m INFO[0m [1mnode[0m[1m{[0m[3mname[0m[2m=[0mk#99f25ef6..[1m}[0m[2m:[0m [2msui_core::checkpoints::checkpoint_executor[0m[2m:[0m [2mcrates/sui-core/src/checkpoints/checkpoint_executor/mod.rs[0m[2m:[0m[2m332:[0m Received checkpoint summary from state sync [3msequence_number[0m[2m=[0m3
[2m2025-03-25T07:54:14.998093Z[0m [32m INFO[0m [1mnode[0m[1m{[0m[3mname[0m[2m=[0mk#99f25ef6..[1m}[0m[2m:[0m [2msui_core::state_accumulator[0m[2m:[0m [2mcrates/sui-core/src/state_accumulator.rs[0m[2m:[0m[2m675:[0m accumulating running root for checkpoint 3
[2m2025-03-25T07:54:15.000069Z[0m [32m INFO[0m [1mnode[0m[1m{[0m[3mname[0m[2m=[0mk#addeef94..[1m}[0m[2m:[0m [2msui_core::checkpoints::checkpoint_executor[0m[2m:[0m [2mcrates/sui-core/src/checkpoints/checkpoint_executor/mod.rs[0m[2m:[0m[2m332:[0m Received checkpoint summary from state sync [3msequence_number[0m[2m=[0m3
[2m2025-03-25T07:54:15.000119Z[0m [32m INFO[0m [1mnode[0m[1m{[0m[3mname[0m[2m=[0mk#8dcff6d1..[1m}[0m[2m:[0m [2msui_core::checkpoints::checkpoint_executor[0m[2m:[0m [2mcrates/sui-core/src/checkpoints/checkpoint_executor/mod.rs[0m[2m:[0m[2m332:[0m Received checkpoint summary from state sync [3msequence_number[0m[2m=[0m2
[2m2025-03-25T07:54:15.000202Z[0m [32m INFO[0m [1mnode[0m[1m{[0m[3mname[0m[2m=[0mk#8dcff6d1..[1m}[0m[2m:[0m [2msui_core::checkpoints::checkpoint_executor[0m[2m:[0m [2mcrates/sui-core/src/checkpoints/checkpoint_executor/mod.rs[0m[2m:[0m[2m332:[0m Received checkpoint summary from state sync [3msequence_number[0m[2m=[0m3
[2m2025-03-25T07:54:15.000826Z[0m [32m INFO[0m [1mnode[0m[1m{[0m[3mname[0m[2m=[0mk#addeef94..[1m}[0m[2m:[0m [2msui_core::state_accumulator[0m[2m:[0m [2mcrates/sui-core/src/state_accumulator.rs[0m[2m:[0m[2m675:[0m accumulating running root for checkpoint 3
[2m2025-03-25T07:54:15.000885Z[0m [32m INFO[0m [1mnode[0m[1m{[0m[3mname[0m[2m=[0mk#8dcff6d1..[1m}[0m[2m:[0m [2msui_core::state_accumulator[0m[2m:[0m [2mcrates/sui-core/src/state_accumulator.rs[0m[2m:[0m[2m675:[0m accumulating running root for checkpoint 3
[2m2025-03-25T07:54:15.066305Z[0m [32m INFO[0m [1mnode[0m[1m{[0m[3mname[0m[2m=[0mk#99f25ef6..[1m}[0m[2m:[0m[1mexecution_driver[0m[1m{[0m[3mtx_digest[0m[2m=[0mTransactionDigest(39hkeZCWju83wSbk4Tb9w8H1tDV5sRbrKjkaUHon4H5U)[1m}[0m[2m:[0m [2msui_core::authority::authority_per_epoch_store[0m[2m:[0m [2mcrates/sui-core/src/authority/authority_per_epoch_store.rs[0m[2m:[0m[2m4233:[0m Updating authenticator state: AuthenticatorStateUpdate { epoch: 0, round: 4, new_active_jwks: [ActiveJwk { jwk_id: JwkId { iss: "https://oauth.sui.io", kid: "sui-key-id" }, jwk: JWK { kty: "RSA", e: "AQAB", n: "wdar6dBP7b88u6o190uXBK4yPS76OxFjiHDPwOyJwJiiAE3YRq8y_pfyQVua9nEasgrPfEBzVoC5QCld8NAC88uvbNKyoLZ6w5KlFjp88q2Sfy7nAzh3I-AnjsL6zl43NZrKep4_Nmb5nJeafcEi6B5MsYYDWW1Nn26O7ob9IWRNWcaTKhOhqDzbiN_66azN-NgaP_uHjlu1xuMV0kRt-luLSTXJS3S2n8PVNCxr3Gr2oViUpP8kSa-0i5vsg3gNtSfBY97AbChwOnyazj_PoaVD6zbEC4L5gvRZJA6vyoAWF_ZumvkwC3fxcFIBnSKMlGzS_Z-bUyQDCQy_BG9AOw", alg: "RS256" }, epoch: 0 }, ActiveJwk { jwk_id: JwkId { iss: "https://login.onepassport.onefc.com/de3ee5c1-5644-4113-922d-e8336569a462/v2.0/", kid: "X-yzFPFMdWtJQ1oJXiGRVnn061ezrvZz596xN3mCfyQ" }, jwk: JWK { kty: "RSA", e: "AQAB", n: "t4ZoVgvyj7jKNq-ydYvgYVn5avBR9H4BQrKy2FWlR49siiMFWhxYXtPs7o4J6hhUgo00nk9pf-7rg7XnTiI7MFp2DluhWZK41YFfyGhDpbG9EImqvmy1N8poj5fid1lAjH2CfjtDyywgV84ViQ1hA5-noOrLhjb-zMZp_yKMSEeY_Ewx70jwhXevvrANKblNUFVJPQ7EI6_La-uALNBeQfu5OgPiMPiswhoQz0bhproUc7GiRxBw-9n72z3JU3HMy9mByrDnNfaZ13_Kmp9zgZYxynv5XXWJFGVHv3GZ_cDYg6OqahmrwMhT3GYTZ8JjMzZj4gH8MCCGPxde9SotKQ", alg: "RS256" }, epoch: 0 }], authenticator_obj_initial_shared_version: SequenceNumber(1) }
[2m2025-03-25T07:54:15.066647Z[0m [32m INFO[0m [1mnode[0m[1m{[0m[3mname[0m[2m=[0mk#99f25ef6..[1m}[0m[2m:[0m [2msui_core::checkpoints[0m[2m:[0m [2mcrates/sui-core/src/checkpoints/mod.rs[0m[2m:[0m[2m1326:[0m Creating checkpoint(s) for 2 transactions [3mnext_checkpoint_seq[0m[2m=[0m4 [3mcheckpoint_timestamp[0m[2m=[0m1742889254363
[2m2025-03-25T07:54:15.066953Z[0m [32m INFO[0m [1mnode[0m[1m{[0m[3mname[0m[2m=[0mk#99f25ef6..[1m}[0m[2m:[0m [2msui_core::checkpoints::checkpoint_output[0m[2m:[0m [2mcrates/sui-core/src/checkpoints/checkpoint_output.rs[0m[2m:[0m[2m149:[0m Creating checkpoint CheckpointDigest(4vjUkcKjEEiimL39snT18EvXa4raYW8BEhQLXpyg3YEo) at epoch 0, sequence 4, previous digest Some(CheckpointDigest(6zmH1K6shzZjeziFUQPiQkXXhKmE7co5gCqVd1XPjCEm)), transactions count 2, content digest CheckpointContentsDigest(AYo1gfCkguGX4ZSpzRn2Q85zFzhTREn4KQ5awibWdKiK), end_of_epoch_data None
[2m2025-03-25T07:54:15.169558Z[0m [32m INFO[0m [1mnode[0m[1m{[0m[3mname[0m[2m=[0mk#addeef94..[1m}[0m[2m:[0m [2mconsensus_core::core[0m[2m:[0m [2mconsensus/core/src/core.rs[0m[2m:[0m[2m531:[0m Created block B7(C,t/2Xu5Rs6j34dOYzSznbj/w30xt5ePeFnG8E4Pn6B5k=)(1742889255169ms;[B6(C,U6QDSwcGfxO3PxdcsC2KcHSrBbi1hlewxG8eUaHmggo=), B6(A,0ZQnRz+R/bw+/Jkd6adkSik64/FnjGdJdJaxViJyL14=), B6(B,qnKzotnoHnzFo0rb5o2pdKlL6Jtu/Vi7Gzgb6dqhAIY=)];1t;1c) for round 7
[2m2025-03-25T07:54:15.171867Z[0m [32m INFO[0m [1mnode[0m[1m{[0m[3mname[0m[2m=[0mk#8dcff6d1..[1m}[0m[2m:[0m [2mconsensus_core::core[0m[2m:[0m [2mconsensus/core/src/core.rs[0m[2m:[0m[2m531:[0m Created block B7(A,R41HjAK97zTXQM8ke7BKoxL2+DUe0jVYYMqMFF39fXQ=)(1742889255171ms;[B6(A,0ZQnRz+R/bw+/Jkd6adkSik64/FnjGdJdJaxViJyL14=), B6(B,qnKzotnoHnzFo0rb5o2pdKlL6Jtu/Vi7Gzgb6dqhAIY=), B6(C,U6QDSwcGfxO3PxdcsC2KcHSrBbi1hlewxG8eUaHmggo=)];1t;1c) for round 7
[2m2025-03-25T07:54:15.171952Z[0m [32m INFO[0m [1mnode[0m[1m{[0m[3mname[0m[2m=[0mk#8dcff6d1..[1m}[0m[2m:[0m [2mconsensus_core::core[0m[2m:[0m [2mconsensus/core/src/core.rs[0m[2m:[0m[2m630:[0m Committing 1 leaders: B5(C,jX/e)
[2m2025-03-25T07:54:15.172022Z[0m [32m INFO[0m [1mnode[0m[1m{[0m[3mname[0m[2m=[0mk#8dcff6d1..[1m}[0m[2m:[0m [2mconsensus_core::commit_observer[0m[2m:[0m [2mconsensus/core/src/commit_observer.rs[0m[2m:[0m[2m173:[0m Consensus commit C5(HlRt) with leader B5(C,jX/e) has 2 blocks
[2m2025-03-25T07:54:15.172112Z[0m [32m INFO[0m [1mnode[0m[1m{[0m[3mname[0m[2m=[0mk#8dcff6d1..[1m}[0m[2m:[0m [2msui_core::consensus_handler[0m[2m:[0m [2mcrates/sui-core/src/consensus_handler.rs[0m[2m:[0m[2m232:[0m Received consensus output [3mconsensus_commit[0m[2m=[0mCommittedSubDag(leader=B5(C,jX/e), ref=C5(HlRt), blocks=[Owmp, jX/e]) [3mepoch[0m[2m=[0m0
[2m2025-03-25T07:54:15.172248Z[0m [32m INFO[0m [1mnode[0m[1m{[0m[3mname[0m[2m=[0mk#8dcff6d1..[1m}[0m[2m:[0m [2msui_core::consensus_handler[0m[2m:[0m [2mcrates/sui-core/src/consensus_handler.rs[0m[2m:[0m[2m520:[0m creating authenticator state update transaction
[2m2025-03-25T07:54:15.172987Z[0m [32m INFO[0m [1mnode[0m[1m{[0m[3mname[0m[2m=[0mk#8dcff6d1..[1m}[0m[2m:[0m [2msui_core::authority::authority_per_epoch_store[0m[2m:[0m [2mcrates/sui-core/src/authority/authority_per_epoch_store.rs[0m[2m:[0m[2m2388:[0m received jwk vote from k#99f25ef6.. for jwk (JwkId { iss: "https://accounts.karrier.one/", kid: "E760D111C1A1296E6D1D85F7EB18DDBAA0EC2B4E" }, JWK { kty: "RSA", e: "AQAB", n: "3s6cCgr0tKeYEy_MGYDZ7ByPgI0Bv-JimxiSNOytvXb6xvcxE_jjEiEkMg6R3frYXWWuM3V4DMB3WGc8ePDACM9e3ly8jEpxA90nJ1eE94a9bF5wQGtC8_oqw2DajBt6O5ZTSKFJhMQMyzKUXmqT_m1DsUHm0uNGPulMp2CmSE8xtFLlXdxl_8on4zN_4PboPgOrl65DKcw6THTuNcasffyxVeK6_HbuEDLp-Q1v8PtvW98TO2GvOK-yNLDrpgqeh0fnnUBHR2tkMaJ3nnLNdEkVfeBQlafCvwJPRrGX83POq6SC-WAoP6IOH9BXd0DwRvqgCj2uWhtk9yEamJ7Q2Q", alg: "RS256" })
[2m2025-03-25T07:54:15.173020Z[0m [32m INFO[0m [1mnode[0m[1m{[0m[3mname[0m[2m=[0mk#8dcff6d1..[1m}[0m[2m:[0m [2msui_core::authority::authority_per_epoch_store[0m[2m:[0m [2mcrates/sui-core/src/authority/authority_per_epoch_store.rs[0m[2m:[0m[2m2388:[0m received jwk vote from k#99f25ef6.. for jwk (JwkId { iss: "https://accounts.karrier.one/", kid: "B65FDCAA152E04ADE817314CF6A06F4ECABF4CFB" }, JWK { kty: "RSA", e: "AQAB", n: "ra5LGXik2tB6apOePLdwT0ID-Kevzoyy_qcvHhvGJbrY_0PVaT3yM2t_UyvNlh60QYmtIxmGE1vTfbD6moDg0y1WLZ2tMfJ56YT23LYW-quzHHpw3pcAi8EVCFiU7pB4XHHBv-0F_eS7qGQr4Y38QyWKEzg6kv4X_xpMxEpVYmRVgYu8rGXqwCHIFq1Dc3v9Op83hO2q-geeidXjosydxgb6LdOpc27Q_0gzDM2vTaI0k8fqauVGilcYw3OxeqL5jVrdSeyaq4meHrquLdGCbI_KQiS08GJ9BZ4QchfTK70lzKasCsTcW5jd2Ci7DYoPvY-FrR8zPaxHj9jjTkAW3Q", alg: "RS256" })
[2m2025-03-25T07:54:15.173042Z[0m [32m INFO[0m [1mnode[0m[1m{[0m[3mname[0m[2m=[0mk#8dcff6d1..[1m}[0m[2m:[0m [2msui_core::authority::authority_per_epoch_store[0m[2m:[0m [2mcrates/sui-core/src/authority/authority_per_epoch_store.rs[0m[2m:[0m[2m2388:[0m received jwk vote from k#99f25ef6.. for jwk (JwkId { iss: "https://oauth2.playtron.one", kid: "1fd66a18-7afd-4086-ba57-a8ca9b398406" }, JWK { kty: "RSA", e: "AQAB", n: "7XHinRSS9un2BdWsLhFOdi5N-17HMRYf4odQE4KqiPqRrp8TDE9bDekg8ERCW7Hqkgp44U07BUJwCiL5ss_9rIgV6Wy_lOwF_npGqMstZYemnZYNvpaD4ZEneoRmo94qNkYg5szBhVlvaF-IXlwB4GEQdDLJZOLafgPYL4XK2eD49Q7PU7jkNKy91k98UeK3fH9iv0L6W5nJNU1SzCR75gRcWyKSySg9RCTQyWFak8VhWW1YxwIQebvGgTsr6jYgxvcmRsSLeMhEhoIhOOkC1zQK51kBB-ZS7o2KttDHr1dn08LeHJkxSZ2guLdT_V2ISDiKxjXgVBlSvvweLgEHs7cehNU-D65uQpTxULPJW7xeITDl8rCCxbr8p8rcq-I19EV5Uj4n7RswaNDZ2YO87Yx12KzZVrO_0Tra6CvsNJ7hdI_Ykg7yMLs-dj7eKgOF5Nx1Q7Bnp1OyRKIXfUkyZkh8mjfiMt-npf1WPAgF1Iwx5H-ww1rTuFR6yyZRtEHyVxudg9XFar6cKizi75uKVGaV74GMGI2tPGL0zh_jCh8QSk68HltKdfLP8xDvHBB_crklWlr9iYuFjHzLI9KWvICvQWMtQikHE3iaf492I9SMqR0OIwSeg5TzzerVX17qkCeVbdxOK9jKeP5k2sW6mETUdrJCmlRwGN-EG_VIOrE", alg: "RS256" })
[2m2025-03-25T07:54:15.173064Z[0m [32m INFO[0m [1mnode[0m[1m{[0m[3mname[0m[2m=[0mk#8dcff6d1..[1m}[0m[2m:[0m [2msui_core::authority::authority_per_epoch_store[0m[2m:[0m [2mcrates/sui-core/src/authority/authority_per_epoch_store.rs[0m[2m:[0m[2m2388:[0m received jwk vote from k#99f25ef6.. for jwk (JwkId { iss: "https://oauth2.playtron.one", kid: "7388b63c-ba03-4fe3-85e3-6717f91d55b1" }, JWK { kty: "RSA", e: "AQAB", n: "scvmHIfIZk5ZU7_k6snu98s5rPKBDws804qpNEPyy7fkmzxDbcN-qWQJrDgNU-pvr5WvIPyu2hfFrNtBiiE3IZqqGRm2rJb8LoKz6mtxiLyRT8EQS8D8U6uiR8mkvbw-vgJ1h3l2gHDXPGN-03_DXrL8r2xDiuxdezxjiCI80r7bmpZg9i8PWtL1BQU43nM4MNDXi9Wo5ppSojFxTe8L75ZOnFeLBVxPJG9YBGhFnATIoUei7ohbw5_t9buiIfXTQ3ZwCvG3WAGFDsOIdl3PapA1T7oTlsfQp0wQa0EDeleFBu81ytNlidJNQcXz3F9OmwYbHJ4bPMYcz-x2ATLK5w", alg: "RS256" })
[2m2025-03-25T07:54:15.173083Z[0m [32m INFO[0m [1mnode[0m[1m{[0m[3mname[0m[2m=[0mk#8dcff6d1..[1m}[0m[2m:[0m [2msui_core::authority::authority_per_epoch_store[0m[2m:[0m [2mcrates/sui-core/src/authority/authority_per_epoch_store.rs[0m[2m:[0m[2m2388:[0m received jwk vote from k#99f25ef6.. for jwk (JwkId { iss: "https://oauth2.playtron.one", kid: "e55421cb-cdbd-4791-a590-ad8ca798aa89" }, JWK { kty: "RSA", e: "AQAB", n: "vy8-EHvWmVHH5xi3BBvfalX9i6OuP9mz2wz1E72eMTf1ZHVbZ66O-vWlr2F2SNSyB_PURIb1KIqUcvpn6GW_vgs4EhflMJnmeZ0Fot4V6YsEOIzob7jkooeFNZ7dTDDHahtMyBd7pcJCv1afdQSTVZQeO0lm0swOm2whkw6hV7R2fBG3zLJsBUqe9oEwMa9cJ768KFfxFoEAUk3SQZ74JmkgOEKBSf26EcPcxAZTreSDAdh5-MI4oD1aawHfb5nl1CQxhRf4YcCp_MVoerKKX1-it0NkDn5xJsuN_Z3Dv5354j6OZVBZpDjN7ZwcQfLEnjwI8G4Zr9y2SC3g_fH1G-MIhe0LPDWF4egqMaIwkIDW0sMqPAnE_nSFN8Ag3KJ_iT6P2PAGJbna882IIczb5q9VXkB0RJlL4BwNHSE2q867EZBNGFTPrDJzHtM7sZ468Y4taMv0CyFdPlb0alFRsS_T658tdkt1lxrl_dzE0ixPBw99X5Rwz0XLv4yNs4BQ6RgHVZT5fGGRzXovlDx9F2ea0EleNn47KAFDs0wNjIl1oryar0pJMlb-pDPuVcGMt0XYNh5gOLty5LdAl_7PqwFsQc7QMWIGqjnSnzeGYvN7kknpfYl0SfJDQNNSJDI2b2oGUWw-K6-kCgQxxlEKbhztegiVmRGuqcDfvNqrpqc", alg: "RS256" })
[2m2025-03-25T07:54:15.173104Z[0m [32m INFO[0m [1mnode[0m[1m{[0m[3mname[0m[2m=[0mk#8dcff6d1..[1m}[0m[2m:[0m [2msui_core::authority::authority_per_epoch_store[0m[2m:[0m [2mcrates/sui-core/src/authority/authority_per_epoch_store.rs[0m[2m:[0m[2m2388:[0m received jwk vote from k#99f25ef6.. for jwk (JwkId { iss: "https://accounts.credenza3.com", kid: "JG6oZkIBqQdkpnCnD479zFXgMA5_I7i-aHAV0MRwvDs" }, JWK { kty: "RSA", e: "AQAB", n: "wgMHXL3avVaf-jrwvVw5bhpROsF7CnY7vzovJW4fNp_dY0abqvMga2C7fzdKNp4AFxQmXkoX_-vF7wbDRLXXmjdJ-x4YdKIA_JxsZqZKCG_k5-7UZFmHb1F3oy67uYh_xRv_H8yPSJ9TKJrAiWIBG9EFvZNy8y2pHXFDNSxTo4NzcUs_-TNhiuxWatpnduoCXWJf6I813Lxn8G9Z7Tql5fUgofW5GIygxS8zUiUZaYkLPL3_aNIFal58OzUturgiTcYrQp5WPkG56AL_Y6KNhxABjopC7WTXCeFXGXCIgb-JQpPARDaL7WL3w_w5-vR3Ra2WeQ3sddtoLtB0X234DQ", alg: "RS256" })
[2m2025-03-25T07:54:15.173123Z[0m [32m INFO[0m [1mnode[0m[1m{[0m[3mname[0m[2m=[0mk#8dcff6d1..[1m}[0m[2m:[0m [2msui_core::authority::authority_per_epoch_store[0m[2m:[0m [2mcrates/sui-core/src/authority/authority_per_epoch_store.rs[0m[2m:[0m[2m2388:[0m received jwk vote from k#99f25ef6.. for jwk (JwkId { iss: "https://accounts.credenza3.com", kid: "nArTrOCdn42U6zyzuZmxBIGAuYQaNyuHwUkAycsQTw8" }, JWK { kty: "RSA", e: "AQAB", n: "mb4kA1QddMUulk6AMeRekV0YEPX-x-eSx7BjbAy1qkPsGjnpwjUmGzk9jBptlCLgc1HT_qELTfpr_w5xqFcy-1ayAlg87gw86Z0IRN9ROTTE04LiHMIwH9Y8H06C_9I0H29WCMqFGlBJH9n0hYu6nPpgVkV6E-9wze10-jzi5JLqiM0tB8Ihniy2ZHGgiwG1CM--xHKkaXcFLF3d8bGlALGp1CgtiHdWeMyQ5SBzL6lmhMcnzzse0VlAIq1m94Fath217OcQcEw-VrJlyGJ8gAyi-N3O9VZAl2dykNgji9tcC1ws5IMbGyWSv5OpeHfUDN97iOcTJ4noBF7EwvIwpQ", alg: "RS256" })
[2m2025-03-25T07:54:15.173141Z[0m [32m INFO[0m [1mnode[0m[1m{[0m[3mname[0m[2m=[0mk#8dcff6d1..[1m}[0m[2m:[0m [2msui_core::authority::authority_per_epoch_store[0m[2m:[0m [2mcrates/sui-core/src/authority/authority_per_epoch_store.rs[0m[2m:[0m[2m2388:[0m received jwk vote from k#99f25ef6.. for jwk (JwkId { iss: "https://auth.3dos.io", kid: "6d361dc9637a275eb585a915af26198ff0d97326ca13f4baf0e4805f72f2a9a0" }, JWK { kty: "RSA", e: "AQAB", n: "y_8hHwq7w2yE4968sbQF98iGUhnu0BwyB5khTxVPAcUnMCYdp61zYcRWml2zdY4HAfq-Nnjb_pAli6I66Vpe9IE8Gf8uGRB0oYIo2S6tYMEe0lhRaEDYVbMdQkuKxTIYMNBXSd_kCHKJM1ZUAo7uFoq_bWuzt2hRG2-79z-Ycbiw0wil0rzFHlpNBKsBLKM4GSGUwOejaL2zCiE_rjf77AvOaJLRd4I_DBYG16t8D1BkxbhkcQCmOxYGG0NqjP3z0lz-w1ALqHCNfhzczZOsgaCrbSlcTKcBTq1syAUUhQmounW7nG5clBIfPQRVH7jCoPztiJUZg6Xz1AN6V07xnw", alg: "RS256" })
[2m2025-03-25T07:54:15.173156Z[0m [32m INFO[0m [1mnode[0m[1m{[0m[3mname[0m[2m=[0mk#8dcff6d1..[1m}[0m[2m:[0m [2msui_core::authority::authority_per_epoch_store[0m[2m:[0m [2mcrates/sui-core/src/authority/authority_per_epoch_store.rs[0m[2m:[0m[2m2425:[0m jwk became active [3mepoch[0m[2m=[0m0 [3mround[0m[2m=[0m5 [3mjwk[0m[2m=[0m(JwkId { iss: "https://auth.3dos.io", kid: "6d361dc9637a275eb585a915af26198ff0d97326ca13f4baf0e4805f72f2a9a0" }, JWK { kty: "RSA", e: "AQAB", n: "y_8hHwq7w2yE4968sbQF98iGUhnu0BwyB5khTxVPAcUnMCYdp61zYcRWml2zdY4HAfq-Nnjb_pAli6I66Vpe9IE8Gf8uGRB0oYIo2S6tYMEe0lhRaEDYVbMdQkuKxTIYMNBXSd_kCHKJM1ZUAo7uFoq_bWuzt2hRG2-79z-Ycbiw0wil0rzFHlpNBKsBLKM4GSGUwOejaL2zCiE_rjf77AvOaJLRd4I_DBYG16t8D1BkxbhkcQCmOxYGG0NqjP3z0lz-w1ALqHCNfhzczZOsgaCrbSlcTKcBTq1syAUUhQmounW7nG5clBIfPQRVH7jCoPztiJUZg6Xz1AN6V07xnw", alg: "RS256" })
[2m2025-03-25T07:54:15.175495Z[0m [32m INFO[0m [1mnode[0m[1m{[0m[3mname[0m[2m=[0mk#addeef94..[1m}[0m[2m:[0m [2mconsensus_core::core[0m[2m:[0m [2mconsensus/core/src/core.rs[0m[2m:[0m[2m630:[0m Committing 1 leaders: B5(C,jX/e)
[2m2025-03-25T07:54:15.175640Z[0m [32m INFO[0m [1mnode[0m[1m{[0m[3mname[0m[2m=[0mk#addeef94..[1m}[0m[2m:[0m [2mconsensus_core::commit_observer[0m[2m:[0m [2mconsensus/core/src/commit_observer.rs[0m[2m:[0m[2m173:[0m Consensus commit C5(HlRt) with leader B5(C,jX/e) has 2 blocks
[2m2025-03-25T07:54:15.175684Z[0m [32m INFO[0m [1mnode[0m[1m{[0m[3mname[0m[2m=[0mk#99f25ef6..[1m}[0m[2m:[0m [2mconsensus_core::core[0m[2m:[0m [2mconsensus/core/src/core.rs[0m[2m:[0m[2m531:[0m Created block B7(B,Z3gNh/V3AmKSsB7QIE1yRWYd4iuUb8pY0uqNXDV4U74=)(1742889255175ms;[B6(B,qnKzotnoHnzFo0rb5o2pdKlL6Jtu/Vi7Gzgb6dqhAIY=), B6(A,0ZQnRz+R/bw+/Jkd6adkSik64/FnjGdJdJaxViJyL14=), B6(C,U6QDSwcGfxO3PxdcsC2KcHSrBbi1hlewxG8eUaHmggo=)];2t;1c) for round 7
[2m2025-03-25T07:54:15.175718Z[0m [32m INFO[0m [1mnode[0m[1m{[0m[3mname[0m[2m=[0mk#addeef94..[1m}[0m[2m:[0m [2msui_core::consensus_handler[0m[2m:[0m [2mcrates/sui-core/src/consensus_handler.rs[0m[2m:[0m[2m232:[0m Received consensus output [3mconsensus_commit[0m[2m=[0mCommittedSubDag(leader=B5(C,jX/e), ref=C5(HlRt), blocks=[Owmp, jX/e]) [3mepoch[0m[2m=[0m0
[2m2025-03-25T07:54:15.175840Z[0m [32m INFO[0m [1mnode[0m[1m{[0m[3mname[0m[2m=[0mk#addeef94..[1m}[0m[2m:[0m [2msui_core::consensus_handler[0m[2m:[0m [2mcrates/sui-core/src/consensus_handler.rs[0m[2m:[0m[2m520:[0m creating authenticator state update transaction
[2m2025-03-25T07:54:15.176504Z[0m [32m INFO[0m [1mnode[0m[1m{[0m[3mname[0m[2m=[0mk#addeef94..[1m}[0m[2m:[0m [2msui_core::authority::authority_per_epoch_store[0m[2m:[0m [2mcrates/sui-core/src/authority/authority_per_epoch_store.rs[0m[2m:[0m[2m2388:[0m received jwk vote from k#99f25ef6.. for jwk (JwkId { iss: "https://accounts.karrier.one/", kid: "E760D111C1A1296E6D1D85F7EB18DDBAA0EC2B4E" }, JWK { kty: "RSA", e: "AQAB", n: "3s6cCgr0tKeYEy_MGYDZ7ByPgI0Bv-JimxiSNOytvXb6xvcxE_jjEiEkMg6R3frYXWWuM3V4DMB3WGc8ePDACM9e3ly8jEpxA90nJ1eE94a9bF5wQGtC8_oqw2DajBt6O5ZTSKFJhMQMyzKUXmqT_m1DsUHm0uNGPulMp2CmSE8xtFLlXdxl_8on4zN_4PboPgOrl65DKcw6THTuNcasffyxVeK6_HbuEDLp-Q1v8PtvW98TO2GvOK-yNLDrpgqeh0fnnUBHR2tkMaJ3nnLNdEkVfeBQlafCvwJPRrGX83POq6SC-WAoP6IOH9BXd0DwRvqgCj2uWhtk9yEamJ7Q2Q", alg: "RS256" })
[2m2025-03-25T07:54:15.176528Z[0m [32m INFO[0m [1mnode[0m[1m{[0m[3mname[0m[2m=[0mk#addeef94..[1m}[0m[2m:[0m [2msui_core::authority::authority_per_epoch_store[0m[2m:[0m [2mcrates/sui-core/src/authority/authority_per_epoch_store.rs[0m[2m:[0m[2m2388:[0m received jwk vote from k#99f25ef6.. for jwk (JwkId { iss: "https://accounts.karrier.one/", kid: "B65FDCAA152E04ADE817314CF6A06F4ECABF4CFB" }, JWK { kty: "RSA", e: "AQAB", n: "ra5LGXik2tB6apOePLdwT0ID-Kevzoyy_qcvHhvGJbrY_0PVaT3yM2t_UyvNlh60QYmtIxmGE1vTfbD6moDg0y1WLZ2tMfJ56YT23LYW-quzHHpw3pcAi8EVCFiU7pB4XHHBv-0F_eS7qGQr4Y38QyWKEzg6kv4X_xpMxEpVYmRVgYu8rGXqwCHIFq1Dc3v9Op83hO2q-geeidXjosydxgb6LdOpc27Q_0gzDM2vTaI0k8fqauVGilcYw3OxeqL5jVrdSeyaq4meHrquLdGCbI_KQiS08GJ9BZ4QchfTK70lzKasCsTcW5jd2Ci7DYoPvY-FrR8zPaxHj9jjTkAW3Q", alg: "RS256" })
[2m2025-03-25T07:54:15.176548Z[0m [32m INFO[0m [1mnode[0m[1m{[0m[3mname[0m[2m=[0mk#addeef94..[1m}[0m[2m:[0m [2msui_core::authority::authority_per_epoch_store[0m[2m:[0m [2mcrates/sui-core/src/authority/authority_per_epoch_store.rs[0m[2m:[0m[2m2388:[0m received jwk vote from k#99f25ef6.. for jwk (JwkId { iss: "https://oauth2.playtron.one", kid: "1fd66a18-7afd-4086-ba57-a8ca9b398406" }, JWK { kty: "RSA", e: "AQAB", n: "7XHinRSS9un2BdWsLhFOdi5N-17HMRYf4odQE4KqiPqRrp8TDE9bDekg8ERCW7Hqkgp44U07BUJwCiL5ss_9rIgV6Wy_lOwF_npGqMstZYemnZYNvpaD4ZEneoRmo94qNkYg5szBhVlvaF-IXlwB4GEQdDLJZOLafgPYL4XK2eD49Q7PU7jkNKy91k98UeK3fH9iv0L6W5nJNU1SzCR75gRcWyKSySg9RCTQyWFak8VhWW1YxwIQebvGgTsr6jYgxvcmRsSLeMhEhoIhOOkC1zQK51kBB-ZS7o2KttDHr1dn08LeHJkxSZ2guLdT_V2ISDiKxjXgVBlSvvweLgEHs7cehNU-D65uQpTxULPJW7xeITDl8rCCxbr8p8rcq-I19EV5Uj4n7RswaNDZ2YO87Yx12KzZVrO_0Tra6CvsNJ7hdI_Ykg7yMLs-dj7eKgOF5Nx1Q7Bnp1OyRKIXfUkyZkh8mjfiMt-npf1WPAgF1Iwx5H-ww1rTuFR6yyZRtEHyVxudg9XFar6cKizi75uKVGaV74GMGI2tPGL0zh_jCh8QSk68HltKdfLP8xDvHBB_crklWlr9iYuFjHzLI9KWvICvQWMtQikHE3iaf492I9SMqR0OIwSeg5TzzerVX17qkCeVbdxOK9jKeP5k2sW6mETUdrJCmlRwGN-EG_VIOrE", alg: "RS256" })
[2m2025-03-25T07:54:15.176568Z[0m [32m INFO[0m [1mnode[0m[1m{[0m[3mname[0m[2m=[0mk#addeef94..[1m}[0m[2m:[0m [2msui_core::authority::authority_per_epoch_store[0m[2m:[0m [2mcrates/sui-core/src/authority/authority_per_epoch_store.rs[0m[2m:[0m[2m2388:[0m received jwk vote from k#99f25ef6.. for jwk (JwkId { iss: "https://oauth2.playtron.one", kid: "7388b63c-ba03-4fe3-85e3-6717f91d55b1" }, JWK { kty: "RSA", e: "AQAB", n: "scvmHIfIZk5ZU7_k6snu98s5rPKBDws804qpNEPyy7fkmzxDbcN-qWQJrDgNU-pvr5WvIPyu2hfFrNtBiiE3IZqqGRm2rJb8LoKz6mtxiLyRT8EQS8D8U6uiR8mkvbw-vgJ1h3l2gHDXPGN-03_DXrL8r2xDiuxdezxjiCI80r7bmpZg9i8PWtL1BQU43nM4MNDXi9Wo5ppSojFxTe8L75ZOnFeLBVxPJG9YBGhFnATIoUei7ohbw5_t9buiIfXTQ3ZwCvG3WAGFDsOIdl3PapA1T7oTlsfQp0wQa0EDeleFBu81ytNlidJNQcXz3F9OmwYbHJ4bPMYcz-x2ATLK5w", alg: "RS256" })
[2m2025-03-25T07:54:15.176587Z[0m [32m INFO[0m [1mnode[0m[1m{[0m[3mname[0m[2m=[0mk#addeef94..[1m}[0m[2m:[0m [2msui_core::authority::authority_per_epoch_store[0m[2m:[0m [2mcrates/sui-core/src/authority/authority_per_epoch_store.rs[0m[2m:[0m[2m2388:[0m received jwk vote from k#99f25ef6.. for jwk (JwkId { iss: "https://oauth2.playtron.one", kid: "e55421cb-cdbd-4791-a590-ad8ca798aa89" }, JWK { kty: "RSA", e: "AQAB", n: "vy8-EHvWmVHH5xi3BBvfalX9i6OuP9mz2wz1E72eMTf1ZHVbZ66O-vWlr2F2SNSyB_PURIb1KIqUcvpn6GW_vgs4EhflMJnmeZ0Fot4V6YsEOIzob7jkooeFNZ7dTDDHahtMyBd7pcJCv1afdQSTVZQeO0lm0swOm2whkw6hV7R2fBG3zLJsBUqe9oEwMa9cJ768KFfxFoEAUk3SQZ74JmkgOEKBSf26EcPcxAZTreSDAdh5-MI4oD1aawHfb5nl1CQxhRf4YcCp_MVoerKKX1-it0NkDn5xJsuN_Z3Dv5354j6OZVBZpDjN7ZwcQfLEnjwI8G4Zr9y2SC3g_fH1G-MIhe0LPDWF4egqMaIwkIDW0sMqPAnE_nSFN8Ag3KJ_iT6P2PAGJbna882IIczb5q9VXkB0RJlL4BwNHSE2q867EZBNGFTPrDJzHtM7sZ468Y4taMv0CyFdPlb0alFRsS_T658tdkt1lxrl_dzE0ixPBw99X5Rwz0XLv4yNs4BQ6RgHVZT5fGGRzXovlDx9F2ea0EleNn47KAFDs0wNjIl1oryar0pJMlb-pDPuVcGMt0XYNh5gOLty5LdAl_7PqwFsQc7QMWIGqjnSnzeGYvN7kknpfYl0SfJDQNNSJDI2b2oGUWw-K6-kCgQxxlEKbhztegiVmRGuqcDfvNqrpqc", alg: "RS256" })
[2m2025-03-25T07:54:15.176607Z[0m [32m INFO[0m [1mnode[0m[1m{[0m[3mname[0m[2m=[0mk#addeef94..[1m}[0m[2m:[0m [2msui_core::authority::authority_per_epoch_store[0m[2m:[0m [2mcrates/sui-core/src/authority/authority_per_epoch_store.rs[0m[2m:[0m[2m2388:[0m received jwk vote from k#99f25ef6.. for jwk (JwkId { iss: "https://accounts.credenza3.com", kid: "JG6oZkIBqQdkpnCnD479zFXgMA5_I7i-aHAV0MRwvDs" }, JWK { kty: "RSA", e: "AQAB", n: "wgMHXL3avVaf-jrwvVw5bhpROsF7CnY7vzovJW4fNp_dY0abqvMga2C7fzdKNp4AFxQmXkoX_-vF7wbDRLXXmjdJ-x4YdKIA_JxsZqZKCG_k5-7UZFmHb1F3oy67uYh_xRv_H8yPSJ9TKJrAiWIBG9EFvZNy8y2pHXFDNSxTo4NzcUs_-TNhiuxWatpnduoCXWJf6I813Lxn8G9Z7Tql5fUgofW5GIygxS8zUiUZaYkLPL3_aNIFal58OzUturgiTcYrQp5WPkG56AL_Y6KNhxABjopC7WTXCeFXGXCIgb-JQpPARDaL7WL3w_w5-vR3Ra2WeQ3sddtoLtB0X234DQ", alg: "RS256" })
[2m2025-03-25T07:54:15.176625Z[0m [32m INFO[0m [1mnode[0m[1m{[0m[3mname[0m[2m=[0mk#addeef94..[1m}[0m[2m:[0m [2msui_core::authority::authority_per_epoch_store[0m[2m:[0m [2mcrates/sui-core/src/authority/authority_per_epoch_store.rs[0m[2m:[0m[2m2388:[0m received jwk vote from k#99f25ef6.. for jwk (JwkId { iss: "https://accounts.credenza3.com", kid: "nArTrOCdn42U6zyzuZmxBIGAuYQaNyuHwUkAycsQTw8" }, JWK { kty: "RSA", e: "AQAB", n: "mb4kA1QddMUulk6AMeRekV0YEPX-x-eSx7BjbAy1qkPsGjnpwjUmGzk9jBptlCLgc1HT_qELTfpr_w5xqFcy-1ayAlg87gw86Z0IRN9ROTTE04LiHMIwH9Y8H06C_9I0H29WCMqFGlBJH9n0hYu6nPpgVkV6E-9wze10-jzi5JLqiM0tB8Ihniy2ZHGgiwG1CM--xHKkaXcFLF3d8bGlALGp1CgtiHdWeMyQ5SBzL6lmhMcnzzse0VlAIq1m94Fath217OcQcEw-VrJlyGJ8gAyi-N3O9VZAl2dykNgji9tcC1ws5IMbGyWSv5OpeHfUDN97iOcTJ4noBF7EwvIwpQ", alg: "RS256" })
[2m2025-03-25T07:54:15.176643Z[0m [32m INFO[0m [1mnode[0m[1m{[0m[3mname[0m[2m=[0mk#addeef94..[1m}[0m[2m:[0m [2msui_core::authority::authority_per_epoch_store[0m[2m:[0m [2mcrates/sui-core/src/authority/authority_per_epoch_store.rs[0m[2m:[0m[2m2388:[0m received jwk vote from k#99f25ef6.. for jwk (JwkId { iss: "https://auth.3dos.io", kid: "6d361dc9637a275eb585a915af26198ff0d97326ca13f4baf0e4805f72f2a9a0" }, JWK { kty: "RSA", e: "AQAB", n: "y_8hHwq7w2yE4968sbQF98iGUhnu0BwyB5khTxVPAcUnMCYdp61zYcRWml2zdY4HAfq-Nnjb_pAli6I66Vpe9IE8Gf8uGRB0oYIo2S6tYMEe0lhRaEDYVbMdQkuKxTIYMNBXSd_kCHKJM1ZUAo7uFoq_bWuzt2hRG2-79z-Ycbiw0wil0rzFHlpNBKsBLKM4GSGUwOejaL2zCiE_rjf77AvOaJLRd4I_DBYG16t8D1BkxbhkcQCmOxYGG0NqjP3z0lz-w1ALqHCNfhzczZOsgaCrbSlcTKcBTq1syAUUhQmounW7nG5clBIfPQRVH7jCoPztiJUZg6Xz1AN6V07xnw", alg: "RS256" })
[2m2025-03-25T07:54:15.176657Z[0m [32m INFO[0m [1mnode[0m[1m{[0m[3mname[0m[2m=[0mk#addeef94..[1m}[0m[2m:[0m [2msui_core::authority::authority_per_epoch_store[0m[2m:[0m [2mcrates/sui-core/src/authority/authority_per_epoch_store.rs[0m[2m:[0m[2m2425:[0m jwk became active [3mepoch[0m[2m=[0m0 [3mround[0m[2m=[0m5 [3mjwk[0m[2m=[0m(JwkId { iss: "https://auth.3dos.io", kid: "6d361dc9637a275eb585a915af26198ff0d97326ca13f4baf0e4805f72f2a9a0" }, JWK { kty: "RSA", e: "AQAB", n: "y_8hHwq7w2yE4968sbQF98iGUhnu0BwyB5khTxVPAcUnMCYdp61zYcRWml2zdY4HAfq-Nnjb_pAli6I66Vpe9IE8Gf8uGRB0oYIo2S6tYMEe0lhRaEDYVbMdQkuKxTIYMNBXSd_kCHKJM1ZUAo7uFoq_bWuzt2hRG2-79z-Ycbiw0wil0rzFHlpNBKsBLKM4GSGUwOejaL2zCiE_rjf77AvOaJLRd4I_DBYG16t8D1BkxbhkcQCmOxYGG0NqjP3z0lz-w1ALqHCNfhzczZOsgaCrbSlcTKcBTq1syAUUhQmounW7nG5clBIfPQRVH7jCoPztiJUZg6Xz1AN6V07xnw", alg: "RS256" })
[2m2025-03-25T07:54:15.249729Z[0m [32m INFO[0m [1mnode[0m[1m{[0m[3mname[0m[2m=[0mk#8dcff6d1..[1m}[0m[2m:[0m[1mexecution_driver[0m[1m{[0m[3mtx_digest[0m[2m=[0mTransactionDigest(DEmimAHVpRDPfTQNJcasByqinJ1jeunYMs5X5GY9kKwT)[1m}[0m[2m:[0m [2msui_core::authority::authority_per_epoch_store[0m[2m:[0m [2mcrates/sui-core/src/authority/authority_per_epoch_store.rs[0m[2m:[0m[2m4233:[0m Updating authenticator state: AuthenticatorStateUpdate { epoch: 0, round: 5, new_active_jwks: [ActiveJwk { jwk_id: JwkId { iss: "https://slack.com", kid: "mB2MAyKSn555isd0EbdhKx6nkyAi9xLq8rvCEb_nOyY" }, jwk: JWK { kty: "RSA", e: "AQAB", n: "zQqzXfb677bpMKw0idKC5WkVLyqk04PWMsWYJDKqMUUuu_PmzdsvXBfHU7tcZiNoHDuVvGDqjqnkLPEzjXnaZY0DDDHvJKS0JI8fkxIfV1kNy3DkpQMMhgAwnftUiSXgb5clypOmotAEm59gHPYjK9JHBWoHS14NYEYZv9NVy0EkjauyYDSTz589aiKU5lA-cePG93JnqLw8A82kfTlrJ1IIJo2isyBGANr0YzR-d3b_5EvP7ivU7Ph2v5JcEUHeiLSRzIzP3PuyVFrPH659Deh-UAsDFOyJbIcimg9ITnk5_45sb_Xcd_UN6h5I7TGOAFaJN4oi4aaGD4elNi_K1Q", alg: "RS256" }, epoch: 0 }, ActiveJwk { jwk_id: JwkId { iss: "https://appleid.apple.com", kid: "dMlERBaFdK" }, jwk: JWK { kty: "RSA", e: "AQAB", n: "ryLWkB74N6SJNRVBjKF6xKMfP-QW3AAsJotv0LjVtf7m4NZNg_gTL78e7O8wmvngF8FuzBrvqf1mGW17Ct8BgNK6YXxnoGL0YLmlwXbmCZvTXki0VlEW1PDXeViWy7qXaCp2caF5v4OOdPsgroxNO_DgJRTuA_izJ4DFZYHCHXwojfdWJiDYG67j5PlD5pXKGx7zaqyryjovZTEII_Z1_bhFCRUZRjfJ3TVoK0fZj2z7iAZWjn33i-V3zExUhwzEyeuGph0118NfmOLCUEy_Jd4xvLf_X4laPpe9nq8UeORfs72yz2qH7cHDKL85W6oG08Gu05JWuAs5Ay49WxJrmw", alg: "RS256" }, epoch: 0 }, ActiveJwk { jwk_id: JwkId { iss: "https://appleid.apple.com", kid: "rBRfVmqsjn" }, jwk: JWK { kty: "RSA", e: "AQAB", n: "pPOaiF5yL-y42FaKg9PYASR5-rdTK7NEiteNUAzNp0zkta-HW-tgLNLNlsft3zcrsgOLqXxhX7qzlI3JGH-wSs7_v2XNSg57QhOTxPDqtUfy5DegtiSOgwE947OBTwCWo2R6cGZD1T8ysfO2HuKheq2hEwZU4Y-8qT19WWOhZHs4CVt7A5mzpIgWuUVw766VTyqrqKev32DOUPIqFocFz3tuty95S9t_OYnaPCcET-b6DV_eT7psPhqhl5nNUm0lzkCQ53-9kxQNJxBciy0wiBcAexD4KppKRRD3evFpOSxD1R6Kg2DIG5UnbVVqn5nhZA9RH-t50f_biqV3KlSHJQ", alg: "RS256" }, epoch: 0 }, ActiveJwk { jwk_id: JwkId { iss: "https://appleid.apple.com", kid: "rs0M3kOV9p" }, jwk: JWK { kty: "RSA", e: "AQAB", n: "zH5so3zLsgmRypxAAYJimfF9cx3ISSyHyzjDP3yvE9ieqpnjFJhzgCP8L4oKO9vUFNpoG1ub7I3paYNY6Vb2yc4chnsjJxB3j0jomJ3iI9MlWoVecTFG2tywyx5NRhy3YfTUpw2uCLafzWrpIJIoKUCGM6iUgaIFjvfi-cGT5T_5eUSWZHN-ziH69mGcbMRGLQEixQUatwru9i4i-OSk-w-JmLOqAzRP1mVn1tcZRIoGSB2PFSSJX9SK90OX8i5sj7dpIO_2xbGMtyNJkDzGq88x1pMJ4sv6HMj-tx4QrpGDbUi7zBCgbBnNSGSB_LBv4dbswwWY96ckHgx9yf_7IQ", alg: "RS256" }, epoch: 0 }, ActiveJwk { jwk_id: JwkId { iss: "https://oauth2.playtron.one", kid: "1fd66a18-7afd-4086-ba57-a8ca9b398406" }, jwk: JWK { kty: "RSA", e: "AQAB", n: "7XHinRSS9un2BdWsLhFOdi5N-17HMRYf4odQE4KqiPqRrp8TDE9bDekg8ERCW7Hqkgp44U07BUJwCiL5ss_9rIgV6Wy_lOwF_npGqMstZYemnZYNvpaD4ZEneoRmo94qNkYg5szBhVlvaF-IXlwB4GEQdDLJZOLafgPYL4XK2eD49Q7PU7jkNKy91k98UeK3fH9iv0L6W5nJNU1SzCR75gRcWyKSySg9RCTQyWFak8VhWW1YxwIQebvGgTsr6jYgxvcmRsSLeMhEhoIhOOkC1zQK51kBB-ZS7o2KttDHr1dn08LeHJkxSZ2guLdT_V2ISDiKxjXgVBlSvvweLgEHs7cehNU-D65uQpTxULPJW7xeITDl8rCCxbr8p8rcq-I19EV5Uj4n7RswaNDZ2YO87Yx12KzZVrO_0Tra6CvsNJ7hdI_Ykg7yMLs-dj7eKgOF5Nx1Q7Bnp1OyRKIXfUkyZkh8mjfiMt-npf1WPAgF1Iwx5H-ww1rTuFR6yyZRtEHyVxudg9XFar6cKizi75uKVGaV74GMGI2tPGL0zh_jCh8QSk68HltKdfLP8xDvHBB_crklWlr9iYuFjHzLI9KWvICvQWMtQikHE3iaf492I9SMqR0OIwSeg5TzzerVX17qkCeVbdxOK9jKeP5k2sW6mETUdrJCmlRwGN-EG_VIOrE", alg: "RS256" }, epoch: 0 }, ActiveJwk { jwk_id: JwkId { iss: "https://oauth2.playtron.one", kid: "7388b63c-ba03-4fe3-85e3-6717f91d55b1" }, jwk: JWK { kty: "RSA", e: "AQAB", n: "scvmHIfIZk5ZU7_k6snu98s5rPKBDws804qpNEPyy7fkmzxDbcN-qWQJrDgNU-pvr5WvIPyu2hfFrNtBiiE3IZqqGRm2rJb8LoKz6mtxiLyRT8EQS8D8U6uiR8mkvbw-vgJ1h3l2gHDXPGN-03_DXrL8r2xDiuxdezxjiCI80r7bmpZg9i8PWtL1BQU43nM4MNDXi9Wo5ppSojFxTe8L75ZOnFeLBVxPJG9YBGhFnATIoUei7ohbw5_t9buiIfXTQ3ZwCvG3WAGFDsOIdl3PapA1T7oTlsfQp0wQa0EDeleFBu81ytNlidJNQcXz3F9OmwYbHJ4bPMYcz-x2ATLK5w", alg: "RS256" }, epoch: 0 }, ActiveJwk { jwk_id: JwkId { iss: "https://oauth2.playtron.one", kid: "e55421cb-cdbd-4791-a590-ad8ca798aa89" }, jwk: JWK { kty: "RSA", e: "AQAB", n: "vy8-EHvWmVHH5xi3BBvfalX9i6OuP9mz2wz1E72eMTf1ZHVbZ66O-vWlr2F2SNSyB_PURIb1KIqUcvpn6GW_vgs4EhflMJnmeZ0Fot4V6YsEOIzob7jkooeFNZ7dTDDHahtMyBd7pcJCv1afdQSTVZQeO0lm0swOm2whkw6hV7R2fBG3zLJsBUqe9oEwMa9cJ768KFfxFoEAUk3SQZ74JmkgOEKBSf26EcPcxAZTreSDAdh5-MI4oD1aawHfb5nl1CQxhRf4YcCp_MVoerKKX1-it0NkDn5xJsuN_Z3Dv5354j6OZVBZpDjN7ZwcQfLEnjwI8G4Zr9y2SC3g_fH1G-MIhe0LPDWF4egqMaIwkIDW0sMqPAnE_nSFN8Ag3KJ_iT6P2PAGJbna882IIczb5q9VXkB0RJlL4BwNHSE2q867EZBNGFTPrDJzHtM7sZ468Y4taMv0CyFdPlb0alFRsS_T658tdkt1lxrl_dzE0ixPBw99X5Rwz0XLv4yNs4BQ6RgHVZT5fGGRzXovlDx9F2ea0EleNn47KAFDs0wNjIl1oryar0pJMlb-pDPuVcGMt0XYNh5gOLty5LdAl_7PqwFsQc7QMWIGqjnSnzeGYvN7kknpfYl0SfJDQNNSJDI2b2oGUWw-K6-kCgQxxlEKbhztegiVmRGuqcDfvNqrpqc", alg: "RS256" }, epoch: 0 }, ActiveJwk { jwk_id: JwkId { iss: "https://accounts.fantv.world", kid: "PODsfgAn4twvCLjNt9QmEEiAcCa3Z6C10LxrDxvi3bA" }, jwk: JWK { kty: "RSA", e: "AQAB", n: "z9Y8JtahOmbujGwGCe9tT24ur_AuJqNMdWPA6TXia4EDR8iQMrw_DxY3gBDrNqM9ml2NLkO3jo-OI78fl0RbuKepUCko-E2lB0If95L1xB2pWmUpqO8Pa7IilX4oO7h_o_mpUYXoC0wEocJyIjBRWtjqMkM6LhF9tk9-zcl2tcRFkiV1gcGe7FP529jQkSjMK8Ide0T30ZdlGQ7l6b0tuRoYFjoMnGQvl-14QYmSOHvHOqaVSD09KEMmQ4CllDMXZwCBfTRSkRfCTf33qSxm6aEdQcYA2mQD6tIVINuuCOelRhf-GkgfFFUkCM61PmlNm6JXLJgtUWsofaMQ4Yzpiw", alg: "RS256" }, epoch: 0 }, ActiveJwk { jwk_id: JwkId { iss: "https://accounts.karrier.one/", kid: "B65FDCAA152E04ADE817314CF6A06F4ECABF4CFB" }, jwk: JWK { kty: "RSA", e: "AQAB", n: "ra5LGXik2tB6apOePLdwT0ID-Kevzoyy_qcvHhvGJbrY_0PVaT3yM2t_UyvNlh60QYmtIxmGE1vTfbD6moDg0y1WLZ2tMfJ56YT23LYW-quzHHpw3pcAi8EVCFiU7pB4XHHBv-0F_eS7qGQr4Y38QyWKEzg6kv4X_xpMxEpVYmRVgYu8rGXqwCHIFq1Dc3v9Op83hO2q-geeidXjosydxgb6LdOpc27Q_0gzDM2vTaI0k8fqauVGilcYw3OxeqL5jVrdSeyaq4meHrquLdGCbI_KQiS08GJ9BZ4QchfTK70lzKasCsTcW5jd2Ci7DYoPvY-FrR8zPaxHj9jjTkAW3Q", alg: "RS256" }, epoch: 0 }, ActiveJwk { jwk_id: JwkId { iss: "https://accounts.karrier.one/", kid: "E760D111C1A1296E6D1D85F7EB18DDBAA0EC2B4E" }, jwk: JWK { kty: "RSA", e: "AQAB", n: "3s6cCgr0tKeYEy_MGYDZ7ByPgI0Bv-JimxiSNOytvXb6xvcxE_jjEiEkMg6R3frYXWWuM3V4DMB3WGc8ePDACM9e3ly8jEpxA90nJ1eE94a9bF5wQGtC8_oqw2DajBt6O5ZTSKFJhMQMyzKUXmqT_m1DsUHm0uNGPulMp2CmSE8xtFLlXdxl_8on4zN_4PboPgOrl65DKcw6THTuNcasffyxVeK6_HbuEDLp-Q1v8PtvW98TO2GvOK-yNLDrpgqeh0fnnUBHR2tkMaJ3nnLNdEkVfeBQlafCvwJPRrGX83POq6SC-WAoP6IOH9BXd0DwRvqgCj2uWhtk9yEamJ7Q2Q", alg: "RS256" }, epoch: 0 }, ActiveJwk { jwk_id: JwkId { iss: "https://accounts.credenza3.com", kid: "JG6oZkIBqQdkpnCnD479zFXgMA5_I7i-aHAV0MRwvDs" }, jwk: JWK { kty: "RSA", e: "AQAB", n: "wgMHXL3avVaf-jrwvVw5bhpROsF7CnY7vzovJW4fNp_dY0abqvMga2C7fzdKNp4AFxQmXkoX_-vF7wbDRLXXmjdJ-x4YdKIA_JxsZqZKCG_k5-7UZFmHb1F3oy67uYh_xRv_H8yPSJ9TKJrAiWIBG9EFvZNy8y2pHXFDNSxTo4NzcUs_-TNhiuxWatpnduoCXWJf6I813Lxn8G9Z7Tql5fUgofW5GIygxS8zUiUZaYkLPL3_aNIFal58OzUturgiTcYrQp5WPkG56AL_Y6KNhxABjopC7WTXCeFXGXCIgb-JQpPARDaL7WL3w_w5-vR3Ra2WeQ3sddtoLtB0X234DQ", alg: "RS256" }, epoch: 0 }, ActiveJwk { jwk_id: JwkId { iss: "https://accounts.credenza3.com", kid: "nArTrOCdn42U6zyzuZmxBIGAuYQaNyuHwUkAycsQTw8" }, jwk: JWK { kty: "RSA", e: "AQAB", n: "mb4kA1QddMUulk6AMeRekV0YEPX-x-eSx7BjbAy1qkPsGjnpwjUmGzk9jBptlCLgc1HT_qELTfpr_w5xqFcy-1ayAlg87gw86Z0IRN9ROTTE04LiHMIwH9Y8H06C_9I0H29WCMqFGlBJH9n0hYu6nPpgVkV6E-9wze10-jzi5JLqiM0tB8Ihniy2ZHGgiwG1CM--xHKkaXcFLF3d8bGlALGp1CgtiHdWeMyQ5SBzL6lmhMcnzzse0VlAIq1m94Fath217OcQcEw-VrJlyGJ8gAyi-N3O9VZAl2dykNgji9tcC1ws5IMbGyWSv5OpeHfUDN97iOcTJ4noBF7EwvIwpQ", alg: "RS256" }, epoch: 0 }, ActiveJwk { jwk_id: JwkId { iss: "https://login.microsoftonline.com/v2.0", kid: "-cgAvjmmQ24Ks20zIpDB4SW894w" }, jwk: JWK { kty: "RSA", e: "AQAB", n: "otM7AZjL81wdSVdrkQtt6shrQiAT8OZJeIKTeRJgrDYXKzaVXs0WFXVCjCv9GuCktF-tereotfZlcskamfuupe574o76CJy6AUtuY7wt0OKqxoSJMRuUJvA_NNkT50C_dTDHTtF7kiGBwWvHEkHeZAgT52E8bfNJswV28GsPscM9vG2ylUPyiaEIsGi0cg_JllbnfBjGhfA_lzmrB9Iw75E3f1Hnk2uAs1KcHJGSH3EwHJ5tUeo9WtLGjRAfH1kGtPjkktNaw3V8EukEzgIfILV8udpWYE79A_p5jFUnTNkQxsviNxG537JMooa1ZoYveDv_f6LCj1o7MNZQVlD3tw", alg: "RS256" }, epoch: 0 }, ActiveJwk { jwk_id: JwkId { iss: "https://login.microsoftonline.com/v2.0", kid: "CNv0OI3RwqlHFEVnaoMAshCH2XE" }, jwk: JWK { kty: "RSA", e: "AQAB", n: "hz6fUSCSAuiyQz6L1nQj4za8kItevJzxhVbecMigTIl9pXZSHZa3gzMgtapnb1q96CG5qvR78dH6ZvTKL8MzN4VfGgZhvLEv5LJKeo0tGgBIS65wxIiJYj9ExEDqFkw9RdhW1nN8IN9eO76PbC-fdEPtDekA2BaITY2DARISKN4Ke0RLBEWNrKeEjjOzrygS2e3Q9NVzE51ZGGQAGHau7atHy8M_qA1nnd2dMUgUMnEYIMzDBTSKz17G6itJOdanGvG3wXvdpndKffnDppaPkyWbnybdMI4IP7q6WsCqnt3Gtg-baG6GDqZQQEBp9C9gLAFv4ORTRlpD3w0gCMh7xw", alg: "RS256" }, epoch: 0 }, ActiveJwk { jwk_id: JwkId { iss: "https://login.microsoftonline.com/v2.0", kid: "JDNa_4i4r7FgigL3sHIlI3xV-IU" }, jwk: JWK { kty: "RSA", e: "AQAB", n: "iQ745_U-vjkxPblaw6phBpe08fC42mpcrS4pcr15HiyZQyQV-BFcEVyLwPdsz3ulMRN7OB_UMfCcPBHqOjguejoab6hyJFVVMw_epP4a3SpQN9qaCbnqaSxgSGiqSq663g3TjsF_Wu1m9L41eNoF6Yvh5kULMd6lqjY0LPO5ZZxaQFLtIHahoJKMvYy1BTS0VYcNsXTjxkgUEL6Vc8GV5vaClbnY3VA2hLbXC1SGJWjVGdYXhkuck2tHr58u87MPEaQ33C6YfyISZKsdumF5bTCcIH75jjC3WbMVOLgWg5w0MSiHOFyI76Ihxbb0nRicEuao0WzO9AS7HJ7L24FHFQ", alg: "RS256" }, epoch: 0 }, ActiveJwk { jwk_id: JwkId { iss: "https://login.microsoftonline.com/v2.0", kid: "JYhSOsHhDZrc5kfqQg8ujkHMTNY" }, jwk: JWK { kty: "RSA", e: "AQAB", n: "xxMRcusywRId_dJR_edc-qe_M3vhXONCz7QDhjVfoqHWbt9lQCXCVIsIo9VJI1nGT1F6NkXEIBt462x2p1w2cgf4AF86dGhbTpR-k81WLR5gNjkhpPqB1PCitichVIKbHAvOyYEAaJnEyCiJqIlU_Zg5L5FzRqv_N_3-fhYvWK0pc3m1Ohyd2kNRg1Nbcp5ogt7mBjec7MErfi-N0o54vXfsK6hM2m7h0sZwVd4CxgPqnpBtm2htM9xaKpnwkYoEL3va3bPI1VGGp9QLZwMV6RAHOy_ORpz4xarG-z7lZUCLO0X1So05rn7w5edBmfblUQlPL3BljbUVB3abd9SNXw", alg: "RS256" }, epoch: 0 }, ActiveJwk { jwk_id: JwkId { iss: "https://login.microsoftonline.com/v2.0", kid: "PDRf_Bs8CkDdi7av6hKLwRnNHmk" }, jwk: JWK { kty: "RSA", e: "AQAB", n: "v2R1eCh9xaZjAqn0FTf-DuDy3BFsJHc_lsv4K1Ycd1qnF5DwHC7mxnoTsA_dnI8BJvZsCAI7kkFjqKqXDSVYwRM05733_EPekLqLlb02-XLcOziMsOEMpXRrl1wFGHK5zmh2D4ZLsEId2Gdk1fcLzwjCg5iqQxi17DQFDoi0aWUKnkN62sSbiUvzd11eUl0N_beLZ0HYf53wk8r9P3reVhz9W7P8KwNBf7JyiLxmRP_yD9n3650iXi1qp8bZcAt9WmMZ2H6iHHhb7biXwvrJuf2id72VPvV6qkVu6jwUVW5yh6dIvCtPYEA7JNMWyBEXOjJbZ-3l3szj1GSV5m8eAQ", alg: "RS256" }, epoch: 0 }, ActiveJwk { jwk_id: JwkId { iss: "https://login.microsoftonline.com/v2.0", kid: "dd55f7QP3HZky-ekQBDWKe7ADN0" }, jwk: JWK { kty: "RSA", e: "AQAB", n: "s950MOniBjjiB82Zx5FehPuYJKtguUAP5vpMNZ6JxYLGzn5h3FPplx0kkPEezg7dnH-sFxGwq_C7P14ja0YmHUkmozqdbg4GRS8xp9Ue0-KWs4BTTkXvMPnc3xBU6be4SmHK-c7A0E54YfokiY1KTRCaq_RRPDlVZJuc6s6rK4nRoPo0eOCj7H4b--QnKmPXiFSPNp40NC7FRfx9m7SYSltubIDzq1f4j2Qlrv90f2kT5DP81_2DGdHZ_ao7ypPX2_z_m4ycQgfAhIYhNHRai6iGtbU6NPkw38LS29bVbGycVCaBoq6_re8k_UiOM7gP9l96QDFnkMmNhpRxT7t34w", alg: "RS256" }, epoch: 0 }, ActiveJwk { jwk_id: JwkId { iss: "https://login.microsoftonline.com/v2.0", kid: "ntzdbvo449IBJV0Yy_T--gOiPI8" }, jwk: JWK { kty: "RSA", e: "AQAB", n: "uYmKqopaxMNlFJ3QUgTM6TcWvR00WVPs4sCAl5Inr5tCIWbqC1IzVt74_eGPw9OypfM4YpEfAz5czFWgRRVcRQYNwDWSAXTSh-vkqK2meW4HQp7W33NCoz_kZ6JR-xwWJZCOtQa0RNwNTVuHTL2dyJo6DUShxVPtG6c8sV4gFCEz0moHBrf5njywV0GGkQgYe98GeCL3Mv2kx4WVf0pHkSELJfW5JN6jvD_05fY_g3LKsXqXm9u1cS39K4iULFVeeoz5jBMKl5h6w3lqSeBtzmqHpw6YVxcDu_bRUd_rqZUvTaZUgS_EfpOpOicaQN--90nzp4givQYEvWtDBtan5Q", alg: "RS256" }, epoch: 0 }, ActiveJwk { jwk_id: JwkId { iss: "https://cognito-idp.eu-west-3.amazonaws.com/eu-west-3_gGVCx53Es", kid: "FIqQqeRU1EQP75fBeds+wL2yczwvbDy1NF6T/f5Oe5o=" }, jwk: JWK { kty: "RSA", e: "AQAB", n: "va55QtSTFhvqx0IL8UAPNZf6x5NO9jK88Wyct-i67grbDJZyXLSxz5oSttoIHkaJZQWgl_qsgyxDpHeSMznliS0K7rXFwaw81PwDIB_ek8uKhXmaQ6ryPAaO-8kvR46o-EYyVk9wWPDHTtN6NEbiUxGoDqOoiVCrVJLsFdoia7-MMVJnR2VokbEgGGbJkZu2MipikQvk_b7BGF__5mKvCJc6hCEJcxIUFvETKA9AOhjgxLvE9U8Ke6XRfmDLKovDAsDaZsWP6VPN0HoBi5mak9CgUqmxwnvNJFLhpjawD9E23O_l4aBcie56eFcC_knUa2VOHymBoJ0On3p03yxs7Q", alg: "RS256" }, epoch: 0 }, ActiveJwk { jwk_id: JwkId { iss: "https://cognito-idp.eu-west-3.amazonaws.com/eu-west-3_gGVCx53Es", kid: "JbFCSYl4Xp4UYEJHo7R0iwl/Xf3F5+z72stu8iH+QxY=" }, jwk: JWK { kty: "RSA", e: "AQAB", n: "o09QloKDInGEWvXK0aZr67RnfU9l0kmTOldGF8t36ExfBWNvRsTiTfn4VdetcJlIDrmxQSSP-2toXqQ7m1t4_idKNjkb7s1FsAtWy60mAfmyeMcGhegmxxxMtWJsk2hbY_oRuTPQEUDnTfnIMUL-oDmc_HmRNzYPrbCJolIWC2r2gkJ-q6jwGEujkaeoQq3wM_NTkeBO_rrCUngIUykbbczkMF8vELGewPgwqTjd9ZTTf08kUPF9IUtT-VyF0U-I1xrQrmU9opQ209I-Dk-ehxIHWN85nlLBxu0Krb9adSx_HDEOd00wNSQgPBkvCUPpVmC10UO7hHxzGSi7czrlsw", alg: "RS256" }, epoch: 0 }, ActiveJwk { jwk_id: JwkId { iss: "https://cognito-idp.us-east-1.amazonaws.com/us-east-1_qPsZxYqd8", kid: "VHA/vY1d2h7X33DpZ6ZBDRfnCS/OIgiV7toCdxyEUDY=" }, jwk: JWK { kty: "RSA", e: "AQAB", n: "7nb7CxiOI5bgf80jk1WOwi6Fmo9EJzIugpl-gZehOgL4cVAmvp1ChVZMwxTRM62hIQ6Ab6k0vmLBq_jZFx6MeU4c1xTipIohOEK_5HjbesM9OuduHkujN6J7Az4ON4TyHtJOXs3-xdVbjWQwP5L2O_N334ZIb9n-hRxGRhKaQLciSNEt3TQ2ookJaa1q9UinlA0jJyIMLJXmpSdvUP_0QizT88wrenRs3PccgKBQgvtQx569yvL6YnzaRSa8pL7saNy2KqevDHkIvRfqEckduoFQTyiL5OTz6canJYaklw-OImrO1eQF2Z_TsamXKKdk9-k9WFwYx4ftDTdacDflaw", alg: "RS256" }, epoch: 0 }, ActiveJwk { jwk_id: JwkId { iss: "https://cognito-idp.us-east-1.amazonaws.com/us-east-1_qPsZxYqd8", kid: "lGbuLXh42ChSJwrMUEBO2npnvMzdAHqOj6DNZieDuVA=" }, jwk: JWK { kty: "RSA", e: "AQAB", n: "2e3M6UZo5G1r3eYi1h_dqng0lhNHE6bwSrnEmTMygjDaejpcjWKY9ICFtcz-lP_HEx_q67HsaM7QUIGpTEtAXqQHyxbMAcPlUwKSD8y_mZJlDDM4kI7KJQLW4M-904gDvih5FbnJc-QNkH1Z7vHwDpLOam53x8QQj7rjoXBzH0q0JVlv5PU5ZEoqCc2PIJCtxzZApXzMt0lnqw8DB55P4_czdplVkd80UhPAz1gM3ysTIQi2eblMvkUp98orOlpsp434g6mnrdgYFLOleuuwNraRTJRi0r9Dn9ToILY7Arywi5jS8M496CXJUFAB9UKXKrTa9pazlnRMiFBochRRZw", alg: "RS256" }, epoch: 0 }], authenticator_obj_initial_shared_version: SequenceNumber(1) }
[2m2025-03-25T07:54:15.250207Z[0m [32m INFO[0m [1mnode[0m[1m{[0m[3mname[0m[2m=[0mk#8dcff6d1..[1m}[0m[2m:[0m [2msui_core::checkpoints[0m[2m:[0m [2mcrates/sui-core/src/checkpoints/mod.rs[0m[2m:[0m[2m1326:[0m Creating checkpoint(s) for 2 transactions [3mnext_checkpoint_seq[0m[2m=[0m5 [3mcheckpoint_timestamp[0m[2m=[0m1742889254616
[2m2025-03-25T07:54:15.250548Z[0m [32m INFO[0m [1mnode[0m[1m{[0m[3mname[0m[2m=[0mk#8dcff6d1..[1m}[0m[2m:[0m [2msui_core::checkpoints::checkpoint_output[0m[2m:[0m [2mcrates/sui-core/src/checkpoints/checkpoint_output.rs[0m[2m:[0m[2m149:[0m Creating checkpoint CheckpointDigest(4CrvGnFYit3ENF4KCtmByBuGvMbzytTd8PMCZCbPHSX7) at epoch 0, sequence 5, previous digest Some(CheckpointDigest(4vjUkcKjEEiimL39snT18EvXa4raYW8BEhQLXpyg3YEo)), transactions count 2, content digest CheckpointContentsDigest(6UMspzzYrrBWWbSPz56Tp9D1QDqUzz7Erjc29at2Jo5f), end_of_epoch_data None
[2m2025-03-25T07:54:15.252514Z[0m [32m INFO[0m [1mnode[0m[1m{[0m[3mname[0m[2m=[0mk#addeef94..[1m}[0m[2m:[0m[1mexecution_driver[0m[1m{[0m[3mtx_digest[0m[2m=[0mTransactionDigest(DEmimAHVpRDPfTQNJcasByqinJ1jeunYMs5X5GY9kKwT)[1m}[0m[2m:[0m [2msui_core::authority::authority_per_epoch_store[0m[2m:[0m [2mcrates/sui-core/src/authority/authority_per_epoch_store.rs[0m[2m:[0m[2m4233:[0m Updating authenticator state: AuthenticatorStateUpdate { epoch: 0, round: 5, new_active_jwks: [ActiveJwk { jwk_id: JwkId { iss: "https://slack.com", kid: "mB2MAyKSn555isd0EbdhKx6nkyAi9xLq8rvCEb_nOyY" }, jwk: JWK { kty: "RSA", e: "AQAB", n: "zQqzXfb677bpMKw0idKC5WkVLyqk04PWMsWYJDKqMUUuu_PmzdsvXBfHU7tcZiNoHDuVvGDqjqnkLPEzjXnaZY0DDDHvJKS0JI8fkxIfV1kNy3DkpQMMhgAwnftUiSXgb5clypOmotAEm59gHPYjK9JHBWoHS14NYEYZv9NVy0EkjauyYDSTz589aiKU5lA-cePG93JnqLw8A82kfTlrJ1IIJo2isyBGANr0YzR-d3b_5EvP7ivU7Ph2v5JcEUHeiLSRzIzP3PuyVFrPH659Deh-UAsDFOyJbIcimg9ITnk5_45sb_Xcd_UN6h5I7TGOAFaJN4oi4aaGD4elNi_K1Q", alg: "RS256" }, epoch: 0 }, ActiveJwk { jwk_id: JwkId { iss: "https://appleid.apple.com", kid: "dMlERBaFdK" }, jwk: JWK { kty: "RSA", e: "AQAB", n: "ryLWkB74N6SJNRVBjKF6xKMfP-QW3AAsJotv0LjVtf7m4NZNg_gTL78e7O8wmvngF8FuzBrvqf1mGW17Ct8BgNK6YXxnoGL0YLmlwXbmCZvTXki0VlEW1PDXeViWy7qXaCp2caF5v4OOdPsgroxNO_DgJRTuA_izJ4DFZYHCHXwojfdWJiDYG67j5PlD5pXKGx7zaqyryjovZTEII_Z1_bhFCRUZRjfJ3TVoK0fZj2z7iAZWjn33i-V3zExUhwzEyeuGph0118NfmOLCUEy_Jd4xvLf_X4laPpe9nq8UeORfs72yz2qH7cHDKL85W6oG08Gu05JWuAs5Ay49WxJrmw", alg: "RS256" }, epoch: 0 }, ActiveJwk { jwk_id: JwkId { iss: "https://appleid.apple.com", kid: "rBRfVmqsjn" }, jwk: JWK { kty: "RSA", e: "AQAB", n: "pPOaiF5yL-y42FaKg9PYASR5-rdTK7NEiteNUAzNp0zkta-HW-tgLNLNlsft3zcrsgOLqXxhX7qzlI3JGH-wSs7_v2XNSg57QhOTxPDqtUfy5DegtiSOgwE947OBTwCWo2R6cGZD1T8ysfO2HuKheq2hEwZU4Y-8qT19WWOhZHs4CVt7A5mzpIgWuUVw766VTyqrqKev32DOUPIqFocFz3tuty95S9t_OYnaPCcET-b6DV_eT7psPhqhl5nNUm0lzkCQ53-9kxQNJxBciy0wiBcAexD4KppKRRD3evFpOSxD1R6Kg2DIG5UnbVVqn5nhZA9RH-t50f_biqV3KlSHJQ", alg: "RS256" }, epoch: 0 }, ActiveJwk { jwk_id: JwkId { iss: "https://appleid.apple.com", kid: "rs0M3kOV9p" }, jwk: JWK { kty: "RSA", e: "AQAB", n: "zH5so3zLsgmRypxAAYJimfF9cx3ISSyHyzjDP3yvE9ieqpnjFJhzgCP8L4oKO9vUFNpoG1ub7I3paYNY6Vb2yc4chnsjJxB3j0jomJ3iI9MlWoVecTFG2tywyx5NRhy3YfTUpw2uCLafzWrpIJIoKUCGM6iUgaIFjvfi-cGT5T_5eUSWZHN-ziH69mGcbMRGLQEixQUatwru9i4i-OSk-w-JmLOqAzRP1mVn1tcZRIoGSB2PFSSJX9SK90OX8i5sj7dpIO_2xbGMtyNJkDzGq88x1pMJ4sv6HMj-tx4QrpGDbUi7zBCgbBnNSGSB_LBv4dbswwWY96ckHgx9yf_7IQ", alg: "RS256" }, epoch: 0 }, ActiveJwk { jwk_id: JwkId { iss: "https://oauth2.playtron.one", kid: "1fd66a18-7afd-4086-ba57-a8ca9b398406" }, jwk: JWK { kty: "RSA", e: "AQAB", n: "7XHinRSS9un2BdWsLhFOdi5N-17HMRYf4odQE4KqiPqRrp8TDE9bDekg8ERCW7Hqkgp44U07BUJwCiL5ss_9rIgV6Wy_lOwF_npGqMstZYemnZYNvpaD4ZEneoRmo94qNkYg5szBhVlvaF-IXlwB4GEQdDLJZOLafgPYL4XK2eD49Q7PU7jkNKy91k98UeK3fH9iv0L6W5nJNU1SzCR75gRcWyKSySg9RCTQyWFak8VhWW1YxwIQebvGgTsr6jYgxvcmRsSLeMhEhoIhOOkC1zQK51kBB-ZS7o2KttDHr1dn08LeHJkxSZ2guLdT_V2ISDiKxjXgVBlSvvweLgEHs7cehNU-D65uQpTxULPJW7xeITDl8rCCxbr8p8rcq-I19EV5Uj4n7RswaNDZ2YO87Yx12KzZVrO_0Tra6CvsNJ7hdI_Ykg7yMLs-dj7eKgOF5Nx1Q7Bnp1OyRKIXfUkyZkh8mjfiMt-npf1WPAgF1Iwx5H-ww1rTuFR6yyZRtEHyVxudg9XFar6cKizi75uKVGaV74GMGI2tPGL0zh_jCh8QSk68HltKdfLP8xDvHBB_crklWlr9iYuFjHzLI9KWvICvQWMtQikHE3iaf492I9SMqR0OIwSeg5TzzerVX17qkCeVbdxOK9jKeP5k2sW6mETUdrJCmlRwGN-EG_VIOrE", alg: "RS256" }, epoch: 0 }, ActiveJwk { jwk_id: JwkId { iss: "https://oauth2.playtron.one", kid: "7388b63c-ba03-4fe3-85e3-6717f91d55b1" }, jwk: JWK { kty: "RSA", e: "AQAB", n: "scvmHIfIZk5ZU7_k6snu98s5rPKBDws804qpNEPyy7fkmzxDbcN-qWQJrDgNU-pvr5WvIPyu2hfFrNtBiiE3IZqqGRm2rJb8LoKz6mtxiLyRT8EQS8D8U6uiR8mkvbw-vgJ1h3l2gHDXPGN-03_DXrL8r2xDiuxdezxjiCI80r7bmpZg9i8PWtL1BQU43nM4MNDXi9Wo5ppSojFxTe8L75ZOnFeLBVxPJG9YBGhFnATIoUei7ohbw5_t9buiIfXTQ3ZwCvG3WAGFDsOIdl3PapA1T7oTlsfQp0wQa0EDeleFBu81ytNlidJNQcXz3F9OmwYbHJ4bPMYcz-x2ATLK5w", alg: "RS256" }, epoch: 0 }, ActiveJwk { jwk_id: JwkId { iss: "https://oauth2.playtron.one", kid: "e55421cb-cdbd-4791-a590-ad8ca798aa89" }, jwk: JWK { kty: "RSA", e: "AQAB", n: "vy8-EHvWmVHH5xi3BBvfalX9i6OuP9mz2wz1E72eMTf1ZHVbZ66O-vWlr2F2SNSyB_PURIb1KIqUcvpn6GW_vgs4EhflMJnmeZ0Fot4V6YsEOIzob7jkooeFNZ7dTDDHahtMyBd7pcJCv1afdQSTVZQeO0lm0swOm2whkw6hV7R2fBG3zLJsBUqe9oEwMa9cJ768KFfxFoEAUk3SQZ74JmkgOEKBSf26EcPcxAZTreSDAdh5-MI4oD1aawHfb5nl1CQxhRf4YcCp_MVoerKKX1-it0NkDn5xJsuN_Z3Dv5354j6OZVBZpDjN7ZwcQfLEnjwI8G4Zr9y2SC3g_fH1G-MIhe0LPDWF4egqMaIwkIDW0sMqPAnE_nSFN8Ag3KJ_iT6P2PAGJbna882IIczb5q9VXkB0RJlL4BwNHSE2q867EZBNGFTPrDJzHtM7sZ468Y4taMv0CyFdPlb0alFRsS_T658tdkt1lxrl_dzE0ixPBw99X5Rwz0XLv4yNs4BQ6RgHVZT5fGGRzXovlDx9F2ea0EleNn47KAFDs0wNjIl1oryar0pJMlb-pDPuVcGMt0XYNh5gOLty5LdAl_7PqwFsQc7QMWIGqjnSnzeGYvN7kknpfYl0SfJDQNNSJDI2b2oGUWw-K6-kCgQxxlEKbhztegiVmRGuqcDfvNqrpqc", alg: "RS256" }, epoch: 0 }, ActiveJwk { jwk_id: JwkId { iss: "https://accounts.fantv.world", kid: "PODsfgAn4twvCLjNt9QmEEiAcCa3Z6C10LxrDxvi3bA" }, jwk: JWK { kty: "RSA", e: "AQAB", n: "z9Y8JtahOmbujGwGCe9tT24ur_AuJqNMdWPA6TXia4EDR8iQMrw_DxY3gBDrNqM9ml2NLkO3jo-OI78fl0RbuKepUCko-E2lB0If95L1xB2pWmUpqO8Pa7IilX4oO7h_o_mpUYXoC0wEocJyIjBRWtjqMkM6LhF9tk9-zcl2tcRFkiV1gcGe7FP529jQkSjMK8Ide0T30ZdlGQ7l6b0tuRoYFjoMnGQvl-14QYmSOHvHOqaVSD09KEMmQ4CllDMXZwCBfTRSkRfCTf33qSxm6aEdQcYA2mQD6tIVINuuCOelRhf-GkgfFFUkCM61PmlNm6JXLJgtUWsofaMQ4Yzpiw", alg: "RS256" }, epoch: 0 }, ActiveJwk { jwk_id: JwkId { iss: "https://accounts.karrier.one/", kid: "B65FDCAA152E04ADE817314CF6A06F4ECABF4CFB" }, jwk: JWK { kty: "RSA", e: "AQAB", n: "ra5LGXik2tB6apOePLdwT0ID-Kevzoyy_qcvHhvGJbrY_0PVaT3yM2t_UyvNlh60QYmtIxmGE1vTfbD6moDg0y1WLZ2tMfJ56YT23LYW-quzHHpw3pcAi8EVCFiU7pB4XHHBv-0F_eS7qGQr4Y38QyWKEzg6kv4X_xpMxEpVYmRVgYu8rGXqwCHIFq1Dc3v9Op83hO2q-geeidXjosydxgb6LdOpc27Q_0gzDM2vTaI0k8fqauVGilcYw3OxeqL5jVrdSeyaq4meHrquLdGCbI_KQiS08GJ9BZ4QchfTK70lzKasCsTcW5jd2Ci7DYoPvY-FrR8zPaxHj9jjTkAW3Q", alg: "RS256" }, epoch: 0 }, ActiveJwk { jwk_id: JwkId { iss: "https://accounts.karrier.one/", kid: "E760D111C1A1296E6D1D85F7EB18DDBAA0EC2B4E" }, jwk: JWK { kty: "RSA", e: "AQAB", n: "3s6cCgr0tKeYEy_MGYDZ7ByPgI0Bv-JimxiSNOytvXb6xvcxE_jjEiEkMg6R3frYXWWuM3V4DMB3WGc8ePDACM9e3ly8jEpxA90nJ1eE94a9bF5wQGtC8_oqw2DajBt6O5ZTSKFJhMQMyzKUXmqT_m1DsUHm0uNGPulMp2CmSE8xtFLlXdxl_8on4zN_4PboPgOrl65DKcw6THTuNcasffyxVeK6_HbuEDLp-Q1v8PtvW98TO2GvOK-yNLDrpgqeh0fnnUBHR2tkMaJ3nnLNdEkVfeBQlafCvwJPRrGX83POq6SC-WAoP6IOH9BXd0DwRvqgCj2uWhtk9yEamJ7Q2Q", alg: "RS256" }, epoch: 0 }, ActiveJwk { jwk_id: JwkId { iss: "https://accounts.credenza3.com", kid: "JG6oZkIBqQdkpnCnD479zFXgMA5_I7i-aHAV0MRwvDs" }, jwk: JWK { kty: "RSA", e: "AQAB", n: "wgMHXL3avVaf-jrwvVw5bhpROsF7CnY7vzovJW4fNp_dY0abqvMga2C7fzdKNp4AFxQmXkoX_-vF7wbDRLXXmjdJ-x4YdKIA_JxsZqZKCG_k5-7UZFmHb1F3oy67uYh_xRv_H8yPSJ9TKJrAiWIBG9EFvZNy8y2pHXFDNSxTo4NzcUs_-TNhiuxWatpnduoCXWJf6I813Lxn8G9Z7Tql5fUgofW5GIygxS8zUiUZaYkLPL3_aNIFal58OzUturgiTcYrQp5WPkG56AL_Y6KNhxABjopC7WTXCeFXGXCIgb-JQpPARDaL7WL3w_w5-vR3Ra2WeQ3sddtoLtB0X234DQ", alg: "RS256" }, epoch: 0 }, ActiveJwk { jwk_id: JwkId { iss: "https://accounts.credenza3.com", kid: "nArTrOCdn42U6zyzuZmxBIGAuYQaNyuHwUkAycsQTw8" }, jwk: JWK { kty: "RSA", e: "AQAB", n: "mb4kA1QddMUulk6AMeRekV0YEPX-x-eSx7BjbAy1qkPsGjnpwjUmGzk9jBptlCLgc1HT_qELTfpr_w5xqFcy-1ayAlg87gw86Z0IRN9ROTTE04LiHMIwH9Y8H06C_9I0H29WCMqFGlBJH9n0hYu6nPpgVkV6E-9wze10-jzi5JLqiM0tB8Ihniy2ZHGgiwG1CM--xHKkaXcFLF3d8bGlALGp1CgtiHdWeMyQ5SBzL6lmhMcnzzse0VlAIq1m94Fath217OcQcEw-VrJlyGJ8gAyi-N3O9VZAl2dykNgji9tcC1ws5IMbGyWSv5OpeHfUDN97iOcTJ4noBF7EwvIwpQ", alg: "RS256" }, epoch: 0 }, ActiveJwk { jwk_id: JwkId { iss: "https://login.microsoftonline.com/v2.0", kid: "-cgAvjmmQ24Ks20zIpDB4SW894w" }, jwk: JWK { kty: "RSA", e: "AQAB", n: "otM7AZjL81wdSVdrkQtt6shrQiAT8OZJeIKTeRJgrDYXKzaVXs0WFXVCjCv9GuCktF-tereotfZlcskamfuupe574o76CJy6AUtuY7wt0OKqxoSJMRuUJvA_NNkT50C_dTDHTtF7kiGBwWvHEkHeZAgT52E8bfNJswV28GsPscM9vG2ylUPyiaEIsGi0cg_JllbnfBjGhfA_lzmrB9Iw75E3f1Hnk2uAs1KcHJGSH3EwHJ5tUeo9WtLGjRAfH1kGtPjkktNaw3V8EukEzgIfILV8udpWYE79A_p5jFUnTNkQxsviNxG537JMooa1ZoYveDv_f6LCj1o7MNZQVlD3tw", alg: "RS256" }, epoch: 0 }, ActiveJwk { jwk_id: JwkId { iss: "https://login.microsoftonline.com/v2.0", kid: "CNv0OI3RwqlHFEVnaoMAshCH2XE" }, jwk: JWK { kty: "RSA", e: "AQAB", n: "hz6fUSCSAuiyQz6L1nQj4za8kItevJzxhVbecMigTIl9pXZSHZa3gzMgtapnb1q96CG5qvR78dH6ZvTKL8MzN4VfGgZhvLEv5LJKeo0tGgBIS65wxIiJYj9ExEDqFkw9RdhW1nN8IN9eO76PbC-fdEPtDekA2BaITY2DARISKN4Ke0RLBEWNrKeEjjOzrygS2e3Q9NVzE51ZGGQAGHau7atHy8M_qA1nnd2dMUgUMnEYIMzDBTSKz17G6itJOdanGvG3wXvdpndKffnDppaPkyWbnybdMI4IP7q6WsCqnt3Gtg-baG6GDqZQQEBp9C9gLAFv4ORTRlpD3w0gCMh7xw", alg: "RS256" }, epoch: 0 }, ActiveJwk { jwk_id: JwkId { iss: "https://login.microsoftonline.com/v2.0", kid: "JDNa_4i4r7FgigL3sHIlI3xV-IU" }, jwk: JWK { kty: "RSA", e: "AQAB", n: "iQ745_U-vjkxPblaw6phBpe08fC42mpcrS4pcr15HiyZQyQV-BFcEVyLwPdsz3ulMRN7OB_UMfCcPBHqOjguejoab6hyJFVVMw_epP4a3SpQN9qaCbnqaSxgSGiqSq663g3TjsF_Wu1m9L41eNoF6Yvh5kULMd6lqjY0LPO5ZZxaQFLtIHahoJKMvYy1BTS0VYcNsXTjxkgUEL6Vc8GV5vaClbnY3VA2hLbXC1SGJWjVGdYXhkuck2tHr58u87MPEaQ33C6YfyISZKsdumF5bTCcIH75jjC3WbMVOLgWg5w0MSiHOFyI76Ihxbb0nRicEuao0WzO9AS7HJ7L24FHFQ", alg: "RS256" }, epoch: 0 }, ActiveJwk { jwk_id: JwkId { iss: "https://login.microsoftonline.com/v2.0", kid: "JYhSOsHhDZrc5kfqQg8ujkHMTNY" }, jwk: JWK { kty: "RSA", e: "AQAB", n: "xxMRcusywRId_dJR_edc-qe_M3vhXONCz7QDhjVfoqHWbt9lQCXCVIsIo9VJI1nGT1F6NkXEIBt462x2p1w2cgf4AF86dGhbTpR-k81WLR5gNjkhpPqB1PCitichVIKbHAvOyYEAaJnEyCiJqIlU_Zg5L5FzRqv_N_3-fhYvWK0pc3m1Ohyd2kNRg1Nbcp5ogt7mBjec7MErfi-N0o54vXfsK6hM2m7h0sZwVd4CxgPqnpBtm2htM9xaKpnwkYoEL3va3bPI1VGGp9QLZwMV6RAHOy_ORpz4xarG-z7lZUCLO0X1So05rn7w5edBmfblUQlPL3BljbUVB3abd9SNXw", alg: "RS256" }, epoch: 0 }, ActiveJwk { jwk_id: JwkId { iss: "https://login.microsoftonline.com/v2.0", kid: "PDRf_Bs8CkDdi7av6hKLwRnNHmk" }, jwk: JWK { kty: "RSA", e: "AQAB", n: "v2R1eCh9xaZjAqn0FTf-DuDy3BFsJHc_lsv4K1Ycd1qnF5DwHC7mxnoTsA_dnI8BJvZsCAI7kkFjqKqXDSVYwRM05733_EPekLqLlb02-XLcOziMsOEMpXRrl1wFGHK5zmh2D4ZLsEId2Gdk1fcLzwjCg5iqQxi17DQFDoi0aWUKnkN62sSbiUvzd11eUl0N_beLZ0HYf53wk8r9P3reVhz9W7P8KwNBf7JyiLxmRP_yD9n3650iXi1qp8bZcAt9WmMZ2H6iHHhb7biXwvrJuf2id72VPvV6qkVu6jwUVW5yh6dIvCtPYEA7JNMWyBEXOjJbZ-3l3szj1GSV5m8eAQ", alg: "RS256" }, epoch: 0 }, ActiveJwk { jwk_id: JwkId { iss: "https://login.microsoftonline.com/v2.0", kid: "dd55f7QP3HZky-ekQBDWKe7ADN0" }, jwk: JWK { kty: "RSA", e: "AQAB", n: "s950MOniBjjiB82Zx5FehPuYJKtguUAP5vpMNZ6JxYLGzn5h3FPplx0kkPEezg7dnH-sFxGwq_C7P14ja0YmHUkmozqdbg4GRS8xp9Ue0-KWs4BTTkXvMPnc3xBU6be4SmHK-c7A0E54YfokiY1KTRCaq_RRPDlVZJuc6s6rK4nRoPo0eOCj7H4b--QnKmPXiFSPNp40NC7FRfx9m7SYSltubIDzq1f4j2Qlrv90f2kT5DP81_2DGdHZ_ao7ypPX2_z_m4ycQgfAhIYhNHRai6iGtbU6NPkw38LS29bVbGycVCaBoq6_re8k_UiOM7gP9l96QDFnkMmNhpRxT7t34w", alg: "RS256" }, epoch: 0 }, ActiveJwk { jwk_id: JwkId { iss: "https://login.microsoftonline.com/v2.0", kid: "ntzdbvo449IBJV0Yy_T--gOiPI8" }, jwk: JWK { kty: "RSA", e: "AQAB", n: "uYmKqopaxMNlFJ3QUgTM6TcWvR00WVPs4sCAl5Inr5tCIWbqC1IzVt74_eGPw9OypfM4YpEfAz5czFWgRRVcRQYNwDWSAXTSh-vkqK2meW4HQp7W33NCoz_kZ6JR-xwWJZCOtQa0RNwNTVuHTL2dyJo6DUShxVPtG6c8sV4gFCEz0moHBrf5njywV0GGkQgYe98GeCL3Mv2kx4WVf0pHkSELJfW5JN6jvD_05fY_g3LKsXqXm9u1cS39K4iULFVeeoz5jBMKl5h6w3lqSeBtzmqHpw6YVxcDu_bRUd_rqZUvTaZUgS_EfpOpOicaQN--90nzp4givQYEvWtDBtan5Q", alg: "RS256" }, epoch: 0 }, ActiveJwk { jwk_id: JwkId { iss: "https://cognito-idp.eu-west-3.amazonaws.com/eu-west-3_gGVCx53Es", kid: "FIqQqeRU1EQP75fBeds+wL2yczwvbDy1NF6T/f5Oe5o=" }, jwk: JWK { kty: "RSA", e: "AQAB", n: "va55QtSTFhvqx0IL8UAPNZf6x5NO9jK88Wyct-i67grbDJZyXLSxz5oSttoIHkaJZQWgl_qsgyxDpHeSMznliS0K7rXFwaw81PwDIB_ek8uKhXmaQ6ryPAaO-8kvR46o-EYyVk9wWPDHTtN6NEbiUxGoDqOoiVCrVJLsFdoia7-MMVJnR2VokbEgGGbJkZu2MipikQvk_b7BGF__5mKvCJc6hCEJcxIUFvETKA9AOhjgxLvE9U8Ke6XRfmDLKovDAsDaZsWP6VPN0HoBi5mak9CgUqmxwnvNJFLhpjawD9E23O_l4aBcie56eFcC_knUa2VOHymBoJ0On3p03yxs7Q", alg: "RS256" }, epoch: 0 }, ActiveJwk { jwk_id: JwkId { iss: "https://cognito-idp.eu-west-3.amazonaws.com/eu-west-3_gGVCx53Es", kid: "JbFCSYl4Xp4UYEJHo7R0iwl/Xf3F5+z72stu8iH+QxY=" }, jwk: JWK { kty: "RSA", e: "AQAB", n: "o09QloKDInGEWvXK0aZr67RnfU9l0kmTOldGF8t36ExfBWNvRsTiTfn4VdetcJlIDrmxQSSP-2toXqQ7m1t4_idKNjkb7s1FsAtWy60mAfmyeMcGhegmxxxMtWJsk2hbY_oRuTPQEUDnTfnIMUL-oDmc_HmRNzYPrbCJolIWC2r2gkJ-q6jwGEujkaeoQq3wM_NTkeBO_rrCUngIUykbbczkMF8vELGewPgwqTjd9ZTTf08kUPF9IUtT-VyF0U-I1xrQrmU9opQ209I-Dk-ehxIHWN85nlLBxu0Krb9adSx_HDEOd00wNSQgPBkvCUPpVmC10UO7hHxzGSi7czrlsw", alg: "RS256" }, epoch: 0 }, ActiveJwk { jwk_id: JwkId { iss: "https://cognito-idp.us-east-1.amazonaws.com/us-east-1_qPsZxYqd8", kid: "VHA/vY1d2h7X33DpZ6ZBDRfnCS/OIgiV7toCdxyEUDY=" }, jwk: JWK { kty: "RSA", e: "AQAB", n: "7nb7CxiOI5bgf80jk1WOwi6Fmo9EJzIugpl-gZehOgL4cVAmvp1ChVZMwxTRM62hIQ6Ab6k0vmLBq_jZFx6MeU4c1xTipIohOEK_5HjbesM9OuduHkujN6J7Az4ON4TyHtJOXs3-xdVbjWQwP5L2O_N334ZIb9n-hRxGRhKaQLciSNEt3TQ2ookJaa1q9UinlA0jJyIMLJXmpSdvUP_0QizT88wrenRs3PccgKBQgvtQx569yvL6YnzaRSa8pL7saNy2KqevDHkIvRfqEckduoFQTyiL5OTz6canJYaklw-OImrO1eQF2Z_TsamXKKdk9-k9WFwYx4ftDTdacDflaw", alg: "RS256" }, epoch: 0 }, ActiveJwk { jwk_id: JwkId { iss: "https://cognito-idp.us-east-1.amazonaws.com/us-east-1_qPsZxYqd8", kid: "lGbuLXh42ChSJwrMUEBO2npnvMzdAHqOj6DNZieDuVA=" }, jwk: JWK { kty: "RSA", e: "AQAB", n: "2e3M6UZo5G1r3eYi1h_dqng0lhNHE6bwSrnEmTMygjDaejpcjWKY9ICFtcz-lP_HEx_q67HsaM7QUIGpTEtAXqQHyxbMAcPlUwKSD8y_mZJlDDM4kI7KJQLW4M-904gDvih5FbnJc-QNkH1Z7vHwDpLOam53x8QQj7rjoXBzH0q0JVlv5PU5ZEoqCc2PIJCtxzZApXzMt0lnqw8DB55P4_czdplVkd80UhPAz1gM3ysTIQi2eblMvkUp98orOlpsp434g6mnrdgYFLOleuuwNraRTJRi0r9Dn9ToILY7Arywi5jS8M496CXJUFAB9UKXKrTa9pazlnRMiFBochRRZw", alg: "RS256" }, epoch: 0 }], authenticator_obj_initial_shared_version: SequenceNumber(1) }
[2m2025-03-25T07:54:15.252898Z[0m [32m INFO[0m [1mnode[0m[1m{[0m[3mname[0m[2m=[0mk#addeef94..[1m}[0m[2m:[0m [2msui_core::checkpoints[0m[2m:[0m [2mcrates/sui-core/src/checkpoints/mod.rs[0m[2m:[0m[2m1326:[0m Creating checkpoint(s) for 2 transactions [3mnext_checkpoint_seq[0m[2m=[0m5 [3mcheckpoint_timestamp[0m[2m=[0m1742889254616
[2m2025-03-25T07:54:15.253178Z[0m [32m INFO[0m [1mnode[0m[1m{[0m[3mname[0m[2m=[0mk#addeef94..[1m}[0m[2m:[0m [2msui_core::checkpoints::checkpoint_output[0m[2m:[0m [2mcrates/sui-core/src/checkpoints/checkpoint_output.rs[0m[2m:[0m[2m149:[0m Creating checkpoint CheckpointDigest(4CrvGnFYit3ENF4KCtmByBuGvMbzytTd8PMCZCbPHSX7) at epoch 0, sequence 5, previous digest Some(CheckpointDigest(4vjUkcKjEEiimL39snT18EvXa4raYW8BEhQLXpyg3YEo)), transactions count 2, content digest CheckpointContentsDigest(6UMspzzYrrBWWbSPz56Tp9D1QDqUzz7Erjc29at2Jo5f), end_of_epoch_data None
[2m2025-03-25T07:54:15.253985Z[0m [32m INFO[0m [1mnode[0m[1m{[0m[3mname[0m[2m=[0mk#8dcff6d1..[1m}[0m[2m:[0m [2msui_core::checkpoints::checkpoint_output[0m[2m:[0m [2mcrates/sui-core/src/checkpoints/checkpoint_output.rs[0m[2m:[0m[2m196:[0m Certified checkpoint with sequence 4 and digest 4vjUkcKjEEiimL39snT18EvXa4raYW8BEhQLXpyg3YEo
[2m2025-03-25T07:54:15.254458Z[0m [32m INFO[0m [1mnode[0m[1m{[0m[3mname[0m[2m=[0mk#8dcff6d1..[1m}[0m[2m:[0m [2msui_core::checkpoints::checkpoint_executor[0m[2m:[0m [2mcrates/sui-core/src/checkpoints/checkpoint_executor/mod.rs[0m[2m:[0m[2m332:[0m Received checkpoint summary from state sync [3msequence_number[0m[2m=[0m4
[2m2025-03-25T07:54:15.255912Z[0m [32m INFO[0m [1mnode[0m[1m{[0m[3mname[0m[2m=[0mk#8dcff6d1..[1m}[0m[2m:[0m [2msui_core::state_accumulator[0m[2m:[0m [2mcrates/sui-core/src/state_accumulator.rs[0m[2m:[0m[2m675:[0m accumulating running root for checkpoint 4
[2m2025-03-25T07:54:15.257801Z[0m [32m INFO[0m [1mnode[0m[1m{[0m[3mname[0m[2m=[0mk#addeef94..[1m}[0m[2m:[0m [2msui_core::checkpoints::checkpoint_executor[0m[2m:[0m [2mcrates/sui-core/src/checkpoints/checkpoint_executor/mod.rs[0m[2m:[0m[2m332:[0m Received checkpoint summary from state sync [3msequence_number[0m[2m=[0m4
[2m2025-03-25T07:54:15.258154Z[0m [32m INFO[0m [1mnode[0m[1m{[0m[3mname[0m[2m=[0mk#99f25ef6..[1m}[0m[2m:[0m [2msui_core::checkpoints::checkpoint_output[0m[2m:[0m [2mcrates/sui-core/src/checkpoints/checkpoint_output.rs[0m[2m:[0m[2m196:[0m Certified checkpoint with sequence 4 and digest 4vjUkcKjEEiimL39snT18EvXa4raYW8BEhQLXpyg3YEo
[2m2025-03-25T07:54:15.258303Z[0m [32m INFO[0m [1mnode[0m[1m{[0m[3mname[0m[2m=[0mk#99f25ef6..[1m}[0m[2m:[0m [2mconsensus_core::core[0m[2m:[0m [2mconsensus/core/src/core.rs[0m[2m:[0m[2m630:[0m Committing 1 leaders: B5(C,jX/e)
[2m2025-03-25T07:54:15.258404Z[0m [32m INFO[0m [1mnode[0m[1m{[0m[3mname[0m[2m=[0mk#99f25ef6..[1m}[0m[2m:[0m [2mconsensus_core::commit_observer[0m[2m:[0m [2mconsensus/core/src/commit_observer.rs[0m[2m:[0m[2m173:[0m Consensus commit C5(HlRt) with leader B5(C,jX/e) has 2 blocks
[2m2025-03-25T07:54:15.258803Z[0m [32m INFO[0m [1mnode[0m[1m{[0m[3mname[0m[2m=[0mk#99f25ef6..[1m}[0m[2m:[0m [2msui_core::consensus_handler[0m[2m:[0m [2mcrates/sui-core/src/consensus_handler.rs[0m[2m:[0m[2m232:[0m Received consensus output [3mconsensus_commit[0m[2m=[0mCommittedSubDag(leader=B5(C,jX/e), ref=C5(HlRt), blocks=[Owmp, jX/e]) [3mepoch[0m[2m=[0m0
[2m2025-03-25T07:54:15.258914Z[0m [32m INFO[0m [1mnode[0m[1m{[0m[3mname[0m[2m=[0mk#99f25ef6..[1m}[0m[2m:[0m [2msui_core::consensus_handler[0m[2m:[0m [2mcrates/sui-core/src/consensus_handler.rs[0m[2m:[0m[2m520:[0m creating authenticator state update transaction
[2m2025-03-25T07:54:15.258948Z[0m [32m INFO[0m [1mnode[0m[1m{[0m[3mname[0m[2m=[0mk#addeef94..[1m}[0m[2m:[0m [2msui_core::state_accumulator[0m[2m:[0m [2mcrates/sui-core/src/state_accumulator.rs[0m[2m:[0m[2m675:[0m accumulating running root for checkpoint 4
[2m2025-03-25T07:54:15.259635Z[0m [32m INFO[0m [1mnode[0m[1m{[0m[3mname[0m[2m=[0mk#99f25ef6..[1m}[0m[2m:[0m [2msui_core::authority::authority_per_epoch_store[0m[2m:[0m [2mcrates/sui-core/src/authority/authority_per_epoch_store.rs[0m[2m:[0m[2m2388:[0m received jwk vote from k#99f25ef6.. for jwk (JwkId { iss: "https://accounts.karrier.one/", kid: "E760D111C1A1296E6D1D85F7EB18DDBAA0EC2B4E" }, JWK { kty: "RSA", e: "AQAB", n: "3s6cCgr0tKeYEy_MGYDZ7ByPgI0Bv-JimxiSNOytvXb6xvcxE_jjEiEkMg6R3frYXWWuM3V4DMB3WGc8ePDACM9e3ly8jEpxA90nJ1eE94a9bF5wQGtC8_oqw2DajBt6O5ZTSKFJhMQMyzKUXmqT_m1DsUHm0uNGPulMp2CmSE8xtFLlXdxl_8on4zN_4PboPgOrl65DKcw6THTuNcasffyxVeK6_HbuEDLp-Q1v8PtvW98TO2GvOK-yNLDrpgqeh0fnnUBHR2tkMaJ3nnLNdEkVfeBQlafCvwJPRrGX83POq6SC-WAoP6IOH9BXd0DwRvqgCj2uWhtk9yEamJ7Q2Q", alg: "RS256" })
[2m2025-03-25T07:54:15.259665Z[0m [32m INFO[0m [1mnode[0m[1m{[0m[3mname[0m[2m=[0mk#99f25ef6..[1m}[0m[2m:[0m [2msui_core::authority::authority_per_epoch_store[0m[2m:[0m [2mcrates/sui-core/src/authority/authority_per_epoch_store.rs[0m[2m:[0m[2m2388:[0m received jwk vote from k#99f25ef6.. for jwk (JwkId { iss: "https://accounts.karrier.one/", kid: "B65FDCAA152E04ADE817314CF6A06F4ECABF4CFB" }, JWK { kty: "RSA", e: "AQAB", n: "ra5LGXik2tB6apOePLdwT0ID-Kevzoyy_qcvHhvGJbrY_0PVaT3yM2t_UyvNlh60QYmtIxmGE1vTfbD6moDg0y1WLZ2tMfJ56YT23LYW-quzHHpw3pcAi8EVCFiU7pB4XHHBv-0F_eS7qGQr4Y38QyWKEzg6kv4X_xpMxEpVYmRVgYu8rGXqwCHIFq1Dc3v9Op83hO2q-geeidXjosydxgb6LdOpc27Q_0gzDM2vTaI0k8fqauVGilcYw3OxeqL5jVrdSeyaq4meHrquLdGCbI_KQiS08GJ9BZ4QchfTK70lzKasCsTcW5jd2Ci7DYoPvY-FrR8zPaxHj9jjTkAW3Q", alg: "RS256" })
[2m2025-03-25T07:54:15.259686Z[0m [32m INFO[0m [1mnode[0m[1m{[0m[3mname[0m[2m=[0mk#99f25ef6..[1m}[0m[2m:[0m [2msui_core::authority::authority_per_epoch_store[0m[2m:[0m [2mcrates/sui-core/src/authority/authority_per_epoch_store.rs[0m[2m:[0m[2m2388:[0m received jwk vote from k#99f25ef6.. for jwk (JwkId { iss: "https://oauth2.playtron.one", kid: "1fd66a18-7afd-4086-ba57-a8ca9b398406" }, JWK { kty: "RSA", e: "AQAB", n: "7XHinRSS9un2BdWsLhFOdi5N-17HMRYf4odQE4KqiPqRrp8TDE9bDekg8ERCW7Hqkgp44U07BUJwCiL5ss_9rIgV6Wy_lOwF_npGqMstZYemnZYNvpaD4ZEneoRmo94qNkYg5szBhVlvaF-IXlwB4GEQdDLJZOLafgPYL4XK2eD49Q7PU7jkNKy91k98UeK3fH9iv0L6W5nJNU1SzCR75gRcWyKSySg9RCTQyWFak8VhWW1YxwIQebvGgTsr6jYgxvcmRsSLeMhEhoIhOOkC1zQK51kBB-ZS7o2KttDHr1dn08LeHJkxSZ2guLdT_V2ISDiKxjXgVBlSvvweLgEHs7cehNU-D65uQpTxULPJW7xeITDl8rCCxbr8p8rcq-I19EV5Uj4n7RswaNDZ2YO87Yx12KzZVrO_0Tra6CvsNJ7hdI_Ykg7yMLs-dj7eKgOF5Nx1Q7Bnp1OyRKIXfUkyZkh8mjfiMt-npf1WPAgF1Iwx5H-ww1rTuFR6yyZRtEHyVxudg9XFar6cKizi75uKVGaV74GMGI2tPGL0zh_jCh8QSk68HltKdfLP8xDvHBB_crklWlr9iYuFjHzLI9KWvICvQWMtQikHE3iaf492I9SMqR0OIwSeg5TzzerVX17qkCeVbdxOK9jKeP5k2sW6mETUdrJCmlRwGN-EG_VIOrE", alg: "RS256" })
[2m2025-03-25T07:54:15.259708Z[0m [32m INFO[0m [1mnode[0m[1m{[0m[3mname[0m[2m=[0mk#99f25ef6..[1m}[0m[2m:[0m [2msui_core::authority::authority_per_epoch_store[0m[2m:[0m [2mcrates/sui-core/src/authority/authority_per_epoch_store.rs[0m[2m:[0m[2m2388:[0m received jwk vote from k#99f25ef6.. for jwk (JwkId { iss: "https://oauth2.playtron.one", kid: "7388b63c-ba03-4fe3-85e3-6717f91d55b1" }, JWK { kty: "RSA", e: "AQAB", n: "scvmHIfIZk5ZU7_k6snu98s5rPKBDws804qpNEPyy7fkmzxDbcN-qWQJrDgNU-pvr5WvIPyu2hfFrNtBiiE3IZqqGRm2rJb8LoKz6mtxiLyRT8EQS8D8U6uiR8mkvbw-vgJ1h3l2gHDXPGN-03_DXrL8r2xDiuxdezxjiCI80r7bmpZg9i8PWtL1BQU43nM4MNDXi9Wo5ppSojFxTe8L75ZOnFeLBVxPJG9YBGhFnATIoUei7ohbw5_t9buiIfXTQ3ZwCvG3WAGFDsOIdl3PapA1T7oTlsfQp0wQa0EDeleFBu81ytNlidJNQcXz3F9OmwYbHJ4bPMYcz-x2ATLK5w", alg: "RS256" })
[2m2025-03-25T07:54:15.259727Z[0m [32m INFO[0m [1mnode[0m[1m{[0m[3mname[0m[2m=[0mk#99f25ef6..[1m}[0m[2m:[0m [2msui_core::authority::authority_per_epoch_store[0m[2m:[0m [2mcrates/sui-core/src/authority/authority_per_epoch_store.rs[0m[2m:[0m[2m2388:[0m received jwk vote from k#99f25ef6.. for jwk (JwkId { iss: "https://oauth2.playtron.one", kid: "e55421cb-cdbd-4791-a590-ad8ca798aa89" }, JWK { kty: "RSA", e: "AQAB", n: "vy8-EHvWmVHH5xi3BBvfalX9i6OuP9mz2wz1E72eMTf1ZHVbZ66O-vWlr2F2SNSyB_PURIb1KIqUcvpn6GW_vgs4EhflMJnmeZ0Fot4V6YsEOIzob7jkooeFNZ7dTDDHahtMyBd7pcJCv1afdQSTVZQeO0lm0swOm2whkw6hV7R2fBG3zLJsBUqe9oEwMa9cJ768KFfxFoEAUk3SQZ74JmkgOEKBSf26EcPcxAZTreSDAdh5-MI4oD1aawHfb5nl1CQxhRf4YcCp_MVoerKKX1-it0NkDn5xJsuN_Z3Dv5354j6OZVBZpDjN7ZwcQfLEnjwI8G4Zr9y2SC3g_fH1G-MIhe0LPDWF4egqMaIwkIDW0sMqPAnE_nSFN8Ag3KJ_iT6P2PAGJbna882IIczb5q9VXkB0RJlL4BwNHSE2q867EZBNGFTPrDJzHtM7sZ468Y4taMv0CyFdPlb0alFRsS_T658tdkt1lxrl_dzE0ixPBw99X5Rwz0XLv4yNs4BQ6RgHVZT5fGGRzXovlDx9F2ea0EleNn47KAFDs0wNjIl1oryar0pJMlb-pDPuVcGMt0XYNh5gOLty5LdAl_7PqwFsQc7QMWIGqjnSnzeGYvN7kknpfYl0SfJDQNNSJDI2b2oGUWw-K6-kCgQxxlEKbhztegiVmRGuqcDfvNqrpqc", alg: "RS256" })
[2m2025-03-25T07:54:15.259748Z[0m [32m INFO[0m [1mnode[0m[1m{[0m[3mname[0m[2m=[0mk#99f25ef6..[1m}[0m[2m:[0m [2msui_core::authority::authority_per_epoch_store[0m[2m:[0m [2mcrates/sui-core/src/authority/authority_per_epoch_store.rs[0m[2m:[0m[2m2388:[0m received jwk vote from k#99f25ef6.. for jwk (JwkId { iss: "https://accounts.credenza3.com", kid: "JG6oZkIBqQdkpnCnD479zFXgMA5_I7i-aHAV0MRwvDs" }, JWK { kty: "RSA", e: "AQAB", n: "wgMHXL3avVaf-jrwvVw5bhpROsF7CnY7vzovJW4fNp_dY0abqvMga2C7fzdKNp4AFxQmXkoX_-vF7wbDRLXXmjdJ-x4YdKIA_JxsZqZKCG_k5-7UZFmHb1F3oy67uYh_xRv_H8yPSJ9TKJrAiWIBG9EFvZNy8y2pHXFDNSxTo4NzcUs_-TNhiuxWatpnduoCXWJf6I813Lxn8G9Z7Tql5fUgofW5GIygxS8zUiUZaYkLPL3_aNIFal58OzUturgiTcYrQp5WPkG56AL_Y6KNhxABjopC7WTXCeFXGXCIgb-JQpPARDaL7WL3w_w5-vR3Ra2WeQ3sddtoLtB0X234DQ", alg: "RS256" })
[2m2025-03-25T07:54:15.259767Z[0m [32m INFO[0m [1mnode[0m[1m{[0m[3mname[0m[2m=[0mk#99f25ef6..[1m}[0m[2m:[0m [2msui_core::authority::authority_per_epoch_store[0m[2m:[0m [2mcrates/sui-core/src/authority/authority_per_epoch_store.rs[0m[2m:[0m[2m2388:[0m received jwk vote from k#99f25ef6.. for jwk (JwkId { iss: "https://accounts.credenza3.com", kid: "nArTrOCdn42U6zyzuZmxBIGAuYQaNyuHwUkAycsQTw8" }, JWK { kty: "RSA", e: "AQAB", n: "mb4kA1QddMUulk6AMeRekV0YEPX-x-eSx7BjbAy1qkPsGjnpwjUmGzk9jBptlCLgc1HT_qELTfpr_w5xqFcy-1ayAlg87gw86Z0IRN9ROTTE04LiHMIwH9Y8H06C_9I0H29WCMqFGlBJH9n0hYu6nPpgVkV6E-9wze10-jzi5JLqiM0tB8Ihniy2ZHGgiwG1CM--xHKkaXcFLF3d8bGlALGp1CgtiHdWeMyQ5SBzL6lmhMcnzzse0VlAIq1m94Fath217OcQcEw-VrJlyGJ8gAyi-N3O9VZAl2dykNgji9tcC1ws5IMbGyWSv5OpeHfUDN97iOcTJ4noBF7EwvIwpQ", alg: "RS256" })
[2m2025-03-25T07:54:15.259785Z[0m [32m INFO[0m [1mnode[0m[1m{[0m[3mname[0m[2m=[0mk#99f25ef6..[1m}[0m[2m:[0m [2msui_core::authority::authority_per_epoch_store[0m[2m:[0m [2mcrates/sui-core/src/authority/authority_per_epoch_store.rs[0m[2m:[0m[2m2388:[0m received jwk vote from k#99f25ef6.. for jwk (JwkId { iss: "https://auth.3dos.io", kid: "6d361dc9637a275eb585a915af26198ff0d97326ca13f4baf0e4805f72f2a9a0" }, JWK { kty: "RSA", e: "AQAB", n: "y_8hHwq7w2yE4968sbQF98iGUhnu0BwyB5khTxVPAcUnMCYdp61zYcRWml2zdY4HAfq-Nnjb_pAli6I66Vpe9IE8Gf8uGRB0oYIo2S6tYMEe0lhRaEDYVbMdQkuKxTIYMNBXSd_kCHKJM1ZUAo7uFoq_bWuzt2hRG2-79z-Ycbiw0wil0rzFHlpNBKsBLKM4GSGUwOejaL2zCiE_rjf77AvOaJLRd4I_DBYG16t8D1BkxbhkcQCmOxYGG0NqjP3z0lz-w1ALqHCNfhzczZOsgaCrbSlcTKcBTq1syAUUhQmounW7nG5clBIfPQRVH7jCoPztiJUZg6Xz1AN6V07xnw", alg: "RS256" })
[2m2025-03-25T07:54:15.259800Z[0m [32m INFO[0m [1mnode[0m[1m{[0m[3mname[0m[2m=[0mk#99f25ef6..[1m}[0m[2m:[0m [2msui_core::authority::authority_per_epoch_store[0m[2m:[0m [2mcrates/sui-core/src/authority/authority_per_epoch_store.rs[0m[2m:[0m[2m2425:[0m jwk became active [3mepoch[0m[2m=[0m0 [3mround[0m[2m=[0m5 [3mjwk[0m[2m=[0m(JwkId { iss: "https://auth.3dos.io", kid: "6d361dc9637a275eb585a915af26198ff0d97326ca13f4baf0e4805f72f2a9a0" }, JWK { kty: "RSA", e: "AQAB", n: "y_8hHwq7w2yE4968sbQF98iGUhnu0BwyB5khTxVPAcUnMCYdp61zYcRWml2zdY4HAfq-Nnjb_pAli6I66Vpe9IE8Gf8uGRB0oYIo2S6tYMEe0lhRaEDYVbMdQkuKxTIYMNBXSd_kCHKJM1ZUAo7uFoq_bWuzt2hRG2-79z-Ycbiw0wil0rzFHlpNBKsBLKM4GSGUwOejaL2zCiE_rjf77AvOaJLRd4I_DBYG16t8D1BkxbhkcQCmOxYGG0NqjP3z0lz-w1ALqHCNfhzczZOsgaCrbSlcTKcBTq1syAUUhQmounW7nG5clBIfPQRVH7jCoPztiJUZg6Xz1AN6V07xnw", alg: "RS256" })
[2m2025-03-25T07:54:15.260423Z[0m [32m INFO[0m [1mnode[0m[1m{[0m[3mname[0m[2m=[0mk#99f25ef6..[1m}[0m[2m:[0m [2msui_core::checkpoints::checkpoint_executor[0m[2m:[0m [2mcrates/sui-core/src/checkpoints/checkpoint_executor/mod.rs[0m[2m:[0m[2m332:[0m Received checkpoint summary from state sync [3msequence_number[0m[2m=[0m4
[2m2025-03-25T07:54:15.262156Z[0m [32m INFO[0m [1mnode[0m[1m{[0m[3mname[0m[2m=[0mk#99f25ef6..[1m}[0m[2m:[0m [2msui_core::state_accumulator[0m[2m:[0m [2mcrates/sui-core/src/state_accumulator.rs[0m[2m:[0m[2m675:[0m accumulating running root for checkpoint 4
[2m2025-03-25T07:54:15.336011Z[0m [32m INFO[0m [1mnode[0m[1m{[0m[3mname[0m[2m=[0mk#99f25ef6..[1m}[0m[2m:[0m[1mexecution_driver[0m[1m{[0m[3mtx_digest[0m[2m=[0mTransactionDigest(DEmimAHVpRDPfTQNJcasByqinJ1jeunYMs5X5GY9kKwT)[1m}[0m[2m:[0m [2msui_core::authority::authority_per_epoch_store[0m[2m:[0m [2mcrates/sui-core/src/authority/authority_per_epoch_store.rs[0m[2m:[0m[2m4233:[0m Updating authenticator state: AuthenticatorStateUpdate { epoch: 0, round: 5, new_active_jwks: [ActiveJwk { jwk_id: JwkId { iss: "https://slack.com", kid: "mB2MAyKSn555isd0EbdhKx6nkyAi9xLq8rvCEb_nOyY" }, jwk: JWK { kty: "RSA", e: "AQAB", n: "zQqzXfb677bpMKw0idKC5WkVLyqk04PWMsWYJDKqMUUuu_PmzdsvXBfHU7tcZiNoHDuVvGDqjqnkLPEzjXnaZY0DDDHvJKS0JI8fkxIfV1kNy3DkpQMMhgAwnftUiSXgb5clypOmotAEm59gHPYjK9JHBWoHS14NYEYZv9NVy0EkjauyYDSTz589aiKU5lA-cePG93JnqLw8A82kfTlrJ1IIJo2isyBGANr0YzR-d3b_5EvP7ivU7Ph2v5JcEUHeiLSRzIzP3PuyVFrPH659Deh-UAsDFOyJbIcimg9ITnk5_45sb_Xcd_UN6h5I7TGOAFaJN4oi4aaGD4elNi_K1Q", alg: "RS256" }, epoch: 0 }, ActiveJwk { jwk_id: JwkId { iss: "https://appleid.apple.com", kid: "dMlERBaFdK" }, jwk: JWK { kty: "RSA", e: "AQAB", n: "ryLWkB74N6SJNRVBjKF6xKMfP-QW3AAsJotv0LjVtf7m4NZNg_gTL78e7O8wmvngF8FuzBrvqf1mGW17Ct8BgNK6YXxnoGL0YLmlwXbmCZvTXki0VlEW1PDXeViWy7qXaCp2caF5v4OOdPsgroxNO_DgJRTuA_izJ4DFZYHCHXwojfdWJiDYG67j5PlD5pXKGx7zaqyryjovZTEII_Z1_bhFCRUZRjfJ3TVoK0fZj2z7iAZWjn33i-V3zExUhwzEyeuGph0118NfmOLCUEy_Jd4xvLf_X4laPpe9nq8UeORfs72yz2qH7cHDKL85W6oG08Gu05JWuAs5Ay49WxJrmw", alg: "RS256" }, epoch: 0 }, ActiveJwk { jwk_id: JwkId { iss: "https://appleid.apple.com", kid: "rBRfVmqsjn" }, jwk: JWK { kty: "RSA", e: "AQAB", n: "pPOaiF5yL-y42FaKg9PYASR5-rdTK7NEiteNUAzNp0zkta-HW-tgLNLNlsft3zcrsgOLqXxhX7qzlI3JGH-wSs7_v2XNSg57QhOTxPDqtUfy5DegtiSOgwE947OBTwCWo2R6cGZD1T8ysfO2HuKheq2hEwZU4Y-8qT19WWOhZHs4CVt7A5mzpIgWuUVw766VTyqrqKev32DOUPIqFocFz3tuty95S9t_OYnaPCcET-b6DV_eT7psPhqhl5nNUm0lzkCQ53-9kxQNJxBciy0wiBcAexD4KppKRRD3evFpOSxD1R6Kg2DIG5UnbVVqn5nhZA9RH-t50f_biqV3KlSHJQ", alg: "RS256" }, epoch: 0 }, ActiveJwk { jwk_id: JwkId { iss: "https://appleid.apple.com", kid: "rs0M3kOV9p" }, jwk: JWK { kty: "RSA", e: "AQAB", n: "zH5so3zLsgmRypxAAYJimfF9cx3ISSyHyzjDP3yvE9ieqpnjFJhzgCP8L4oKO9vUFNpoG1ub7I3paYNY6Vb2yc4chnsjJxB3j0jomJ3iI9MlWoVecTFG2tywyx5NRhy3YfTUpw2uCLafzWrpIJIoKUCGM6iUgaIFjvfi-cGT5T_5eUSWZHN-ziH69mGcbMRGLQEixQUatwru9i4i-OSk-w-JmLOqAzRP1mVn1tcZRIoGSB2PFSSJX9SK90OX8i5sj7dpIO_2xbGMtyNJkDzGq88x1pMJ4sv6HMj-tx4QrpGDbUi7zBCgbBnNSGSB_LBv4dbswwWY96ckHgx9yf_7IQ", alg: "RS256" }, epoch: 0 }, ActiveJwk { jwk_id: JwkId { iss: "https://oauth2.playtron.one", kid: "1fd66a18-7afd-4086-ba57-a8ca9b398406" }, jwk: JWK { kty: "RSA", e: "AQAB", n: "7XHinRSS9un2BdWsLhFOdi5N-17HMRYf4odQE4KqiPqRrp8TDE9bDekg8ERCW7Hqkgp44U07BUJwCiL5ss_9rIgV6Wy_lOwF_npGqMstZYemnZYNvpaD4ZEneoRmo94qNkYg5szBhVlvaF-IXlwB4GEQdDLJZOLafgPYL4XK2eD49Q7PU7jkNKy91k98UeK3fH9iv0L6W5nJNU1SzCR75gRcWyKSySg9RCTQyWFak8VhWW1YxwIQebvGgTsr6jYgxvcmRsSLeMhEhoIhOOkC1zQK51kBB-ZS7o2KttDHr1dn08LeHJkxSZ2guLdT_V2ISDiKxjXgVBlSvvweLgEHs7cehNU-D65uQpTxULPJW7xeITDl8rCCxbr8p8rcq-I19EV5Uj4n7RswaNDZ2YO87Yx12KzZVrO_0Tra6CvsNJ7hdI_Ykg7yMLs-dj7eKgOF5Nx1Q7Bnp1OyRKIXfUkyZkh8mjfiMt-npf1WPAgF1Iwx5H-ww1rTuFR6yyZRtEHyVxudg9XFar6cKizi75uKVGaV74GMGI2tPGL0zh_jCh8QSk68HltKdfLP8xDvHBB_crklWlr9iYuFjHzLI9KWvICvQWMtQikHE3iaf492I9SMqR0OIwSeg5TzzerVX17qkCeVbdxOK9jKeP5k2sW6mETUdrJCmlRwGN-EG_VIOrE", alg: "RS256" }, epoch: 0 }, ActiveJwk { jwk_id: JwkId { iss: "https://oauth2.playtron.one", kid: "7388b63c-ba03-4fe3-85e3-6717f91d55b1" }, jwk: JWK { kty: "RSA", e: "AQAB", n: "scvmHIfIZk5ZU7_k6snu98s5rPKBDws804qpNEPyy7fkmzxDbcN-qWQJrDgNU-pvr5WvIPyu2hfFrNtBiiE3IZqqGRm2rJb8LoKz6mtxiLyRT8EQS8D8U6uiR8mkvbw-vgJ1h3l2gHDXPGN-03_DXrL8r2xDiuxdezxjiCI80r7bmpZg9i8PWtL1BQU43nM4MNDXi9Wo5ppSojFxTe8L75ZOnFeLBVxPJG9YBGhFnATIoUei7ohbw5_t9buiIfXTQ3ZwCvG3WAGFDsOIdl3PapA1T7oTlsfQp0wQa0EDeleFBu81ytNlidJNQcXz3F9OmwYbHJ4bPMYcz-x2ATLK5w", alg: "RS256" }, epoch: 0 }, ActiveJwk { jwk_id: JwkId { iss: "https://oauth2.playtron.one", kid: "e55421cb-cdbd-4791-a590-ad8ca798aa89" }, jwk: JWK { kty: "RSA", e: "AQAB", n: "vy8-EHvWmVHH5xi3BBvfalX9i6OuP9mz2wz1E72eMTf1ZHVbZ66O-vWlr2F2SNSyB_PURIb1KIqUcvpn6GW_vgs4EhflMJnmeZ0Fot4V6YsEOIzob7jkooeFNZ7dTDDHahtMyBd7pcJCv1afdQSTVZQeO0lm0swOm2whkw6hV7R2fBG3zLJsBUqe9oEwMa9cJ768KFfxFoEAUk3SQZ74JmkgOEKBSf26EcPcxAZTreSDAdh5-MI4oD1aawHfb5nl1CQxhRf4YcCp_MVoerKKX1-it0NkDn5xJsuN_Z3Dv5354j6OZVBZpDjN7ZwcQfLEnjwI8G4Zr9y2SC3g_fH1G-MIhe0LPDWF4egqMaIwkIDW0sMqPAnE_nSFN8Ag3KJ_iT6P2PAGJbna882IIczb5q9VXkB0RJlL4BwNHSE2q867EZBNGFTPrDJzHtM7sZ468Y4taMv0CyFdPlb0alFRsS_T658tdkt1lxrl_dzE0ixPBw99X5Rwz0XLv4yNs4BQ6RgHVZT5fGGRzXovlDx9F2ea0EleNn47KAFDs0wNjIl1oryar0pJMlb-pDPuVcGMt0XYNh5gOLty5LdAl_7PqwFsQc7QMWIGqjnSnzeGYvN7kknpfYl0SfJDQNNSJDI2b2oGUWw-K6-kCgQxxlEKbhztegiVmRGuqcDfvNqrpqc", alg: "RS256" }, epoch: 0 }, ActiveJwk { jwk_id: JwkId { iss: "https://accounts.fantv.world", kid: "PODsfgAn4twvCLjNt9QmEEiAcCa3Z6C10LxrDxvi3bA" }, jwk: JWK { kty: "RSA", e: "AQAB", n: "z9Y8JtahOmbujGwGCe9tT24ur_AuJqNMdWPA6TXia4EDR8iQMrw_DxY3gBDrNqM9ml2NLkO3jo-OI78fl0RbuKepUCko-E2lB0If95L1xB2pWmUpqO8Pa7IilX4oO7h_o_mpUYXoC0wEocJyIjBRWtjqMkM6LhF9tk9-zcl2tcRFkiV1gcGe7FP529jQkSjMK8Ide0T30ZdlGQ7l6b0tuRoYFjoMnGQvl-14QYmSOHvHOqaVSD09KEMmQ4CllDMXZwCBfTRSkRfCTf33qSxm6aEdQcYA2mQD6tIVINuuCOelRhf-GkgfFFUkCM61PmlNm6JXLJgtUWsofaMQ4Yzpiw", alg: "RS256" }, epoch: 0 }, ActiveJwk { jwk_id: JwkId { iss: "https://accounts.karrier.one/", kid: "B65FDCAA152E04ADE817314CF6A06F4ECABF4CFB" }, jwk: JWK { kty: "RSA", e: "AQAB", n: "ra5LGXik2tB6apOePLdwT0ID-Kevzoyy_qcvHhvGJbrY_0PVaT3yM2t_UyvNlh60QYmtIxmGE1vTfbD6moDg0y1WLZ2tMfJ56YT23LYW-quzHHpw3pcAi8EVCFiU7pB4XHHBv-0F_eS7qGQr4Y38QyWKEzg6kv4X_xpMxEpVYmRVgYu8rGXqwCHIFq1Dc3v9Op83hO2q-geeidXjosydxgb6LdOpc27Q_0gzDM2vTaI0k8fqauVGilcYw3OxeqL5jVrdSeyaq4meHrquLdGCbI_KQiS08GJ9BZ4QchfTK70lzKasCsTcW5jd2Ci7DYoPvY-FrR8zPaxHj9jjTkAW3Q", alg: "RS256" }, epoch: 0 }, ActiveJwk { jwk_id: JwkId { iss: "https://accounts.karrier.one/", kid: "E760D111C1A1296E6D1D85F7EB18DDBAA0EC2B4E" }, jwk: JWK { kty: "RSA", e: "AQAB", n: "3s6cCgr0tKeYEy_MGYDZ7ByPgI0Bv-JimxiSNOytvXb6xvcxE_jjEiEkMg6R3frYXWWuM3V4DMB3WGc8ePDACM9e3ly8jEpxA90nJ1eE94a9bF5wQGtC8_oqw2DajBt6O5ZTSKFJhMQMyzKUXmqT_m1DsUHm0uNGPulMp2CmSE8xtFLlXdxl_8on4zN_4PboPgOrl65DKcw6THTuNcasffyxVeK6_HbuEDLp-Q1v8PtvW98TO2GvOK-yNLDrpgqeh0fnnUBHR2tkMaJ3nnLNdEkVfeBQlafCvwJPRrGX83POq6SC-WAoP6IOH9BXd0DwRvqgCj2uWhtk9yEamJ7Q2Q", alg: "RS256" }, epoch: 0 }, ActiveJwk { jwk_id: JwkId { iss: "https://accounts.credenza3.com", kid: "JG6oZkIBqQdkpnCnD479zFXgMA5_I7i-aHAV0MRwvDs" }, jwk: JWK { kty: "RSA", e: "AQAB", n: "wgMHXL3avVaf-jrwvVw5bhpROsF7CnY7vzovJW4fNp_dY0abqvMga2C7fzdKNp4AFxQmXkoX_-vF7wbDRLXXmjdJ-x4YdKIA_JxsZqZKCG_k5-7UZFmHb1F3oy67uYh_xRv_H8yPSJ9TKJrAiWIBG9EFvZNy8y2pHXFDNSxTo4NzcUs_-TNhiuxWatpnduoCXWJf6I813Lxn8G9Z7Tql5fUgofW5GIygxS8zUiUZaYkLPL3_aNIFal58OzUturgiTcYrQp5WPkG56AL_Y6KNhxABjopC7WTXCeFXGXCIgb-JQpPARDaL7WL3w_w5-vR3Ra2WeQ3sddtoLtB0X234DQ", alg: "RS256" }, epoch: 0 }, ActiveJwk { jwk_id: JwkId { iss: "https://accounts.credenza3.com", kid: "nArTrOCdn42U6zyzuZmxBIGAuYQaNyuHwUkAycsQTw8" }, jwk: JWK { kty: "RSA", e: "AQAB", n: "mb4kA1QddMUulk6AMeRekV0YEPX-x-eSx7BjbAy1qkPsGjnpwjUmGzk9jBptlCLgc1HT_qELTfpr_w5xqFcy-1ayAlg87gw86Z0IRN9ROTTE04LiHMIwH9Y8H06C_9I0H29WCMqFGlBJH9n0hYu6nPpgVkV6E-9wze10-jzi5JLqiM0tB8Ihniy2ZHGgiwG1CM--xHKkaXcFLF3d8bGlALGp1CgtiHdWeMyQ5SBzL6lmhMcnzzse0VlAIq1m94Fath217OcQcEw-VrJlyGJ8gAyi-N3O9VZAl2dykNgji9tcC1ws5IMbGyWSv5OpeHfUDN97iOcTJ4noBF7EwvIwpQ", alg: "RS256" }, epoch: 0 }, ActiveJwk { jwk_id: JwkId { iss: "https://login.microsoftonline.com/v2.0", kid: "-cgAvjmmQ24Ks20zIpDB4SW894w" }, jwk: JWK { kty: "RSA", e: "AQAB", n: "otM7AZjL81wdSVdrkQtt6shrQiAT8OZJeIKTeRJgrDYXKzaVXs0WFXVCjCv9GuCktF-tereotfZlcskamfuupe574o76CJy6AUtuY7wt0OKqxoSJMRuUJvA_NNkT50C_dTDHTtF7kiGBwWvHEkHeZAgT52E8bfNJswV28GsPscM9vG2ylUPyiaEIsGi0cg_JllbnfBjGhfA_lzmrB9Iw75E3f1Hnk2uAs1KcHJGSH3EwHJ5tUeo9WtLGjRAfH1kGtPjkktNaw3V8EukEzgIfILV8udpWYE79A_p5jFUnTNkQxsviNxG537JMooa1ZoYveDv_f6LCj1o7MNZQVlD3tw", alg: "RS256" }, epoch: 0 }, ActiveJwk { jwk_id: JwkId { iss: "https://login.microsoftonline.com/v2.0", kid: "CNv0OI3RwqlHFEVnaoMAshCH2XE" }, jwk: JWK { kty: "RSA", e: "AQAB", n: "hz6fUSCSAuiyQz6L1nQj4za8kItevJzxhVbecMigTIl9pXZSHZa3gzMgtapnb1q96CG5qvR78dH6ZvTKL8MzN4VfGgZhvLEv5LJKeo0tGgBIS65wxIiJYj9ExEDqFkw9RdhW1nN8IN9eO76PbC-fdEPtDekA2BaITY2DARISKN4Ke0RLBEWNrKeEjjOzrygS2e3Q9NVzE51ZGGQAGHau7atHy8M_qA1nnd2dMUgUMnEYIMzDBTSKz17G6itJOdanGvG3wXvdpndKffnDppaPkyWbnybdMI4IP7q6WsCqnt3Gtg-baG6GDqZQQEBp9C9gLAFv4ORTRlpD3w0gCMh7xw", alg: "RS256" }, epoch: 0 }, ActiveJwk { jwk_id: JwkId { iss: "https://login.microsoftonline.com/v2.0", kid: "JDNa_4i4r7FgigL3sHIlI3xV-IU" }, jwk: JWK { kty: "RSA", e: "AQAB", n: "iQ745_U-vjkxPblaw6phBpe08fC42mpcrS4pcr15HiyZQyQV-BFcEVyLwPdsz3ulMRN7OB_UMfCcPBHqOjguejoab6hyJFVVMw_epP4a3SpQN9qaCbnqaSxgSGiqSq663g3TjsF_Wu1m9L41eNoF6Yvh5kULMd6lqjY0LPO5ZZxaQFLtIHahoJKMvYy1BTS0VYcNsXTjxkgUEL6Vc8GV5vaClbnY3VA2hLbXC1SGJWjVGdYXhkuck2tHr58u87MPEaQ33C6YfyISZKsdumF5bTCcIH75jjC3WbMVOLgWg5w0MSiHOFyI76Ihxbb0nRicEuao0WzO9AS7HJ7L24FHFQ", alg: "RS256" }, epoch: 0 }, ActiveJwk { jwk_id: JwkId { iss: "https://login.microsoftonline.com/v2.0", kid: "JYhSOsHhDZrc5kfqQg8ujkHMTNY" }, jwk: JWK { kty: "RSA", e: "AQAB", n: "xxMRcusywRId_dJR_edc-qe_M3vhXONCz7QDhjVfoqHWbt9lQCXCVIsIo9VJI1nGT1F6NkXEIBt462x2p1w2cgf4AF86dGhbTpR-k81WLR5gNjkhpPqB1PCitichVIKbHAvOyYEAaJnEyCiJqIlU_Zg5L5FzRqv_N_3-fhYvWK0pc3m1Ohyd2kNRg1Nbcp5ogt7mBjec7MErfi-N0o54vXfsK6hM2m7h0sZwVd4CxgPqnpBtm2htM9xaKpnwkYoEL3va3bPI1VGGp9QLZwMV6RAHOy_ORpz4xarG-z7lZUCLO0X1So05rn7w5edBmfblUQlPL3BljbUVB3abd9SNXw", alg: "RS256" }, epoch: 0 }, ActiveJwk { jwk_id: JwkId { iss: "https://login.microsoftonline.com/v2.0", kid: "PDRf_Bs8CkDdi7av6hKLwRnNHmk" }, jwk: JWK { kty: "RSA", e: "AQAB", n: "v2R1eCh9xaZjAqn0FTf-DuDy3BFsJHc_lsv4K1Ycd1qnF5DwHC7mxnoTsA_dnI8BJvZsCAI7kkFjqKqXDSVYwRM05733_EPekLqLlb02-XLcOziMsOEMpXRrl1wFGHK5zmh2D4ZLsEId2Gdk1fcLzwjCg5iqQxi17DQFDoi0aWUKnkN62sSbiUvzd11eUl0N_beLZ0HYf53wk8r9P3reVhz9W7P8KwNBf7JyiLxmRP_yD9n3650iXi1qp8bZcAt9WmMZ2H6iHHhb7biXwvrJuf2id72VPvV6qkVu6jwUVW5yh6dIvCtPYEA7JNMWyBEXOjJbZ-3l3szj1GSV5m8eAQ", alg: "RS256" }, epoch: 0 }, ActiveJwk { jwk_id: JwkId { iss: "https://login.microsoftonline.com/v2.0", kid: "dd55f7QP3HZky-ekQBDWKe7ADN0" }, jwk: JWK { kty: "RSA", e: "AQAB", n: "s950MOniBjjiB82Zx5FehPuYJKtguUAP5vpMNZ6JxYLGzn5h3FPplx0kkPEezg7dnH-sFxGwq_C7P14ja0YmHUkmozqdbg4GRS8xp9Ue0-KWs4BTTkXvMPnc3xBU6be4SmHK-c7A0E54YfokiY1KTRCaq_RRPDlVZJuc6s6rK4nRoPo0eOCj7H4b--QnKmPXiFSPNp40NC7FRfx9m7SYSltubIDzq1f4j2Qlrv90f2kT5DP81_2DGdHZ_ao7ypPX2_z_m4ycQgfAhIYhNHRai6iGtbU6NPkw38LS29bVbGycVCaBoq6_re8k_UiOM7gP9l96QDFnkMmNhpRxT7t34w", alg: "RS256" }, epoch: 0 }, ActiveJwk { jwk_id: JwkId { iss: "https://login.microsoftonline.com/v2.0", kid: "ntzdbvo449IBJV0Yy_T--gOiPI8" }, jwk: JWK { kty: "RSA", e: "AQAB", n: "uYmKqopaxMNlFJ3QUgTM6TcWvR00WVPs4sCAl5Inr5tCIWbqC1IzVt74_eGPw9OypfM4YpEfAz5czFWgRRVcRQYNwDWSAXTSh-vkqK2meW4HQp7W33NCoz_kZ6JR-xwWJZCOtQa0RNwNTVuHTL2dyJo6DUShxVPtG6c8sV4gFCEz0moHBrf5njywV0GGkQgYe98GeCL3Mv2kx4WVf0pHkSELJfW5JN6jvD_05fY_g3LKsXqXm9u1cS39K4iULFVeeoz5jBMKl5h6w3lqSeBtzmqHpw6YVxcDu_bRUd_rqZUvTaZUgS_EfpOpOicaQN--90nzp4givQYEvWtDBtan5Q", alg: "RS256" }, epoch: 0 }, ActiveJwk { jwk_id: JwkId { iss: "https://cognito-idp.eu-west-3.amazonaws.com/eu-west-3_gGVCx53Es", kid: "FIqQqeRU1EQP75fBeds+wL2yczwvbDy1NF6T/f5Oe5o=" }, jwk: JWK { kty: "RSA", e: "AQAB", n: "va55QtSTFhvqx0IL8UAPNZf6x5NO9jK88Wyct-i67grbDJZyXLSxz5oSttoIHkaJZQWgl_qsgyxDpHeSMznliS0K7rXFwaw81PwDIB_ek8uKhXmaQ6ryPAaO-8kvR46o-EYyVk9wWPDHTtN6NEbiUxGoDqOoiVCrVJLsFdoia7-MMVJnR2VokbEgGGbJkZu2MipikQvk_b7BGF__5mKvCJc6hCEJcxIUFvETKA9AOhjgxLvE9U8Ke6XRfmDLKovDAsDaZsWP6VPN0HoBi5mak9CgUqmxwnvNJFLhpjawD9E23O_l4aBcie56eFcC_knUa2VOHymBoJ0On3p03yxs7Q", alg: "RS256" }, epoch: 0 }, ActiveJwk { jwk_id: JwkId { iss: "https://cognito-idp.eu-west-3.amazonaws.com/eu-west-3_gGVCx53Es", kid: "JbFCSYl4Xp4UYEJHo7R0iwl/Xf3F5+z72stu8iH+QxY=" }, jwk: JWK { kty: "RSA", e: "AQAB", n: "o09QloKDInGEWvXK0aZr67RnfU9l0kmTOldGF8t36ExfBWNvRsTiTfn4VdetcJlIDrmxQSSP-2toXqQ7m1t4_idKNjkb7s1FsAtWy60mAfmyeMcGhegmxxxMtWJsk2hbY_oRuTPQEUDnTfnIMUL-oDmc_HmRNzYPrbCJolIWC2r2gkJ-q6jwGEujkaeoQq3wM_NTkeBO_rrCUngIUykbbczkMF8vELGewPgwqTjd9ZTTf08kUPF9IUtT-VyF0U-I1xrQrmU9opQ209I-Dk-ehxIHWN85nlLBxu0Krb9adSx_HDEOd00wNSQgPBkvCUPpVmC10UO7hHxzGSi7czrlsw", alg: "RS256" }, epoch: 0 }, ActiveJwk { jwk_id: JwkId { iss: "https://cognito-idp.us-east-1.amazonaws.com/us-east-1_qPsZxYqd8", kid: "VHA/vY1d2h7X33DpZ6ZBDRfnCS/OIgiV7toCdxyEUDY=" }, jwk: JWK { kty: "RSA", e: "AQAB", n: "7nb7CxiOI5bgf80jk1WOwi6Fmo9EJzIugpl-gZehOgL4cVAmvp1ChVZMwxTRM62hIQ6Ab6k0vmLBq_jZFx6MeU4c1xTipIohOEK_5HjbesM9OuduHkujN6J7Az4ON4TyHtJOXs3-xdVbjWQwP5L2O_N334ZIb9n-hRxGRhKaQLciSNEt3TQ2ookJaa1q9UinlA0jJyIMLJXmpSdvUP_0QizT88wrenRs3PccgKBQgvtQx569yvL6YnzaRSa8pL7saNy2KqevDHkIvRfqEckduoFQTyiL5OTz6canJYaklw-OImrO1eQF2Z_TsamXKKdk9-k9WFwYx4ftDTdacDflaw", alg: "RS256" }, epoch: 0 }, ActiveJwk { jwk_id: JwkId { iss: "https://cognito-idp.us-east-1.amazonaws.com/us-east-1_qPsZxYqd8", kid: "lGbuLXh42ChSJwrMUEBO2npnvMzdAHqOj6DNZieDuVA=" }, jwk: JWK { kty: "RSA", e: "AQAB", n: "2e3M6UZo5G1r3eYi1h_dqng0lhNHE6bwSrnEmTMygjDaejpcjWKY9ICFtcz-lP_HEx_q67HsaM7QUIGpTEtAXqQHyxbMAcPlUwKSD8y_mZJlDDM4kI7KJQLW4M-904gDvih5FbnJc-QNkH1Z7vHwDpLOam53x8QQj7rjoXBzH0q0JVlv5PU5ZEoqCc2PIJCtxzZApXzMt0lnqw8DB55P4_czdplVkd80UhPAz1gM3ysTIQi2eblMvkUp98orOlpsp434g6mnrdgYFLOleuuwNraRTJRi0r9Dn9ToILY7Arywi5jS8M496CXJUFAB9UKXKrTa9pazlnRMiFBochRRZw", alg: "RS256" }, epoch: 0 }], authenticator_obj_initial_shared_version: SequenceNumber(1) }
[2m2025-03-25T07:54:15.336535Z[0m [32m INFO[0m [1mnode[0m[1m{[0m[3mname[0m[2m=[0mk#99f25ef6..[1m}[0m[2m:[0m [2msui_core::checkpoints[0m[2m:[0m [2mcrates/sui-core/src/checkpoints/mod.rs[0m[2m:[0m[2m1326:[0m Creating checkpoint(s) for 2 transactions [3mnext_checkpoint_seq[0m[2m=[0m5 [3mcheckpoint_timestamp[0m[2m=[0m1742889254616
[2m2025-03-25T07:54:15.336878Z[0m [32m INFO[0m [1mnode[0m[1m{[0m[3mname[0m[2m=[0mk#99f25ef6..[1m}[0m[2m:[0m [2msui_core::checkpoints::checkpoint_output[0m[2m:[0m [2mcrates/sui-core/src/checkpoints/checkpoint_output.rs[0m[2m:[0m[2m149:[0m Creating checkpoint CheckpointDigest(4CrvGnFYit3ENF4KCtmByBuGvMbzytTd8PMCZCbPHSX7) at epoch 0, sequence 5, previous digest Some(CheckpointDigest(4vjUkcKjEEiimL39snT18EvXa4raYW8BEhQLXpyg3YEo)), transactions count 2, content digest CheckpointContentsDigest(6UMspzzYrrBWWbSPz56Tp9D1QDqUzz7Erjc29at2Jo5f), end_of_epoch_data None
[2m2025-03-25T07:54:15.425121Z[0m [32m INFO[0m [1mnode[0m[1m{[0m[3mname[0m[2m=[0mk#8dcff6d1..[1m}[0m[2m:[0m [2mconsensus_core::core[0m[2m:[0m [2mconsensus/core/src/core.rs[0m[2m:[0m[2m531:[0m Created block B8(A,y2ra17X2TzK/y+roNtDlbPCTRfON0iG3dCAWgG5tmPs=)(1742889255424ms;[B7(A,R41HjAK97zTXQM8ke7BKoxL2+DUe0jVYYMqMFF39fXQ=), B7(B,Z3gNh/V3AmKSsB7QIE1yRWYd4iuUb8pY0uqNXDV4U74=), B7(C,t/2Xu5Rs6j34dOYzSznbj/w30xt5ePeFnG8E4Pn6B5k=)];1t;1c) for round 8
[2m2025-03-25T07:54:15.427373Z[0m [32m INFO[0m [1mnode[0m[1m{[0m[3mname[0m[2m=[0mk#addeef94..[1m}[0m[2m:[0m [2mconsensus_core::core[0m[2m:[0m [2mconsensus/core/src/core.rs[0m[2m:[0m[2m531:[0m Created block B8(C,V0USdOK3OUtlhvMvaUwxQ/WXtQc6MCEVFUeYarV32Ek=)(1742889255427ms;[B7(C,t/2Xu5Rs6j34dOYzSznbj/w30xt5ePeFnG8E4Pn6B5k=), B7(A,R41HjAK97zTXQM8ke7BKoxL2+DUe0jVYYMqMFF39fXQ=), B7(B,Z3gNh/V3AmKSsB7QIE1yRWYd4iuUb8pY0uqNXDV4U74=)];1t;1c) for round 8
[2m2025-03-25T07:54:15.427458Z[0m [32m INFO[0m [1mnode[0m[1m{[0m[3mname[0m[2m=[0mk#addeef94..[1m}[0m[2m:[0m [2mconsensus_core::core[0m[2m:[0m [2mconsensus/core/src/core.rs[0m[2m:[0m[2m630:[0m Committing 1 leaders: B6(A,0ZQn)
[2m2025-03-25T07:54:15.427526Z[0m [32m INFO[0m [1mnode[0m[1m{[0m[3mname[0m[2m=[0mk#addeef94..[1m}[0m[2m:[0m [2mconsensus_core::commit_observer[0m[2m:[0m [2mconsensus/core/src/commit_observer.rs[0m[2m:[0m[2m173:[0m Consensus commit C6(OaG6) with leader B6(A,0ZQn) has 2 blocks
[2m2025-03-25T07:54:15.427604Z[0m [32m INFO[0m [1mnode[0m[1m{[0m[3mname[0m[2m=[0mk#addeef94..[1m}[0m[2m:[0m [2msui_core::consensus_handler[0m[2m:[0m [2mcrates/sui-core/src/consensus_handler.rs[0m[2m:[0m[2m232:[0m Received consensus output [3mconsensus_commit[0m[2m=[0mCommittedSubDag(leader=B6(A,0ZQn), ref=C6(OaG6), blocks=[ab9R, 0ZQn]) [3mepoch[0m[2m=[0m0
[2m2025-03-25T07:54:15.427659Z[0m [32m INFO[0m [1mnode[0m[1m{[0m[3mname[0m[2m=[0mk#addeef94..[1m}[0m[2m:[0m [2msui_core::consensus_handler[0m[2m:[0m [2mcrates/sui-core/src/consensus_handler.rs[0m[2m:[0m[2m520:[0m creating authenticator state update transaction
[2m2025-03-25T07:54:15.428030Z[0m [32m INFO[0m [1mnode[0m[1m{[0m[3mname[0m[2m=[0mk#addeef94..[1m}[0m[2m:[0m [2msui_core::authority::authority_per_epoch_store[0m[2m:[0m [2mcrates/sui-core/src/authority/authority_per_epoch_store.rs[0m[2m:[0m[2m2388:[0m received jwk vote from k#8dcff6d1.. for jwk (JwkId { iss: "https://auth.3dos.io", kid: "6d361dc9637a275eb585a915af26198ff0d97326ca13f4baf0e4805f72f2a9a0" }, JWK { kty: "RSA", e: "AQAB", n: "y_8hHwq7w2yE4968sbQF98iGUhnu0BwyB5khTxVPAcUnMCYdp61zYcRWml2zdY4HAfq-Nnjb_pAli6I66Vpe9IE8Gf8uGRB0oYIo2S6tYMEe0lhRaEDYVbMdQkuKxTIYMNBXSd_kCHKJM1ZUAo7uFoq_bWuzt2hRG2-79z-Ycbiw0wil0rzFHlpNBKsBLKM4GSGUwOejaL2zCiE_rjf77AvOaJLRd4I_DBYG16t8D1BkxbhkcQCmOxYGG0NqjP3z0lz-w1ALqHCNfhzczZOsgaCrbSlcTKcBTq1syAUUhQmounW7nG5clBIfPQRVH7jCoPztiJUZg6Xz1AN6V07xnw", alg: "RS256" })
[2m2025-03-25T07:54:15.430044Z[0m [32m INFO[0m [1mnode[0m[1m{[0m[3mname[0m[2m=[0mk#8dcff6d1..[1m}[0m[2m:[0m [2mconsensus_core::core[0m[2m:[0m [2mconsensus/core/src/core.rs[0m[2m:[0m[2m630:[0m Committing 1 leaders: B6(A,0ZQn)
[2m2025-03-25T07:54:15.430126Z[0m [32m INFO[0m [1mnode[0m[1m{[0m[3mname[0m[2m=[0mk#8dcff6d1..[1m}[0m[2m:[0m [2mconsensus_core::commit_observer[0m[2m:[0m [2mconsensus/core/src/commit_observer.rs[0m[2m:[0m[2m173:[0m Consensus commit C6(OaG6) with leader B6(A,0ZQn) has 2 blocks
[2m2025-03-25T07:54:15.430197Z[0m [32m INFO[0m [1mnode[0m[1m{[0m[3mname[0m[2m=[0mk#8dcff6d1..[1m}[0m[2m:[0m [2msui_core::consensus_handler[0m[2m:[0m [2mcrates/sui-core/src/consensus_handler.rs[0m[2m:[0m[2m232:[0m Received consensus output [3mconsensus_commit[0m[2m=[0mCommittedSubDag(leader=B6(A,0ZQn), ref=C6(OaG6), blocks=[ab9R, 0ZQn]) [3mepoch[0m[2m=[0m0
[2m2025-03-25T07:54:15.430240Z[0m [32m INFO[0m [1mnode[0m[1m{[0m[3mname[0m[2m=[0mk#8dcff6d1..[1m}[0m[2m:[0m [2msui_core::consensus_handler[0m[2m:[0m [2mcrates/sui-core/src/consensus_handler.rs[0m[2m:[0m[2m520:[0m creating authenticator state update transaction
[2m2025-03-25T07:54:15.430530Z[0m [32m INFO[0m [1mnode[0m[1m{[0m[3mname[0m[2m=[0mk#8dcff6d1..[1m}[0m[2m:[0m [2msui_core::authority::authority_per_epoch_store[0m[2m:[0m [2mcrates/sui-core/src/authority/authority_per_epoch_store.rs[0m[2m:[0m[2m2388:[0m received jwk vote from k#8dcff6d1.. for jwk (JwkId { iss: "https://auth.3dos.io", kid: "6d361dc9637a275eb585a915af26198ff0d97326ca13f4baf0e4805f72f2a9a0" }, JWK { kty: "RSA", e: "AQAB", n: "y_8hHwq7w2yE4968sbQF98iGUhnu0BwyB5khTxVPAcUnMCYdp61zYcRWml2zdY4HAfq-Nnjb_pAli6I66Vpe9IE8Gf8uGRB0oYIo2S6tYMEe0lhRaEDYVbMdQkuKxTIYMNBXSd_kCHKJM1ZUAo7uFoq_bWuzt2hRG2-79z-Ycbiw0wil0rzFHlpNBKsBLKM4GSGUwOejaL2zCiE_rjf77AvOaJLRd4I_DBYG16t8D1BkxbhkcQCmOxYGG0NqjP3z0lz-w1ALqHCNfhzczZOsgaCrbSlcTKcBTq1syAUUhQmounW7nG5clBIfPQRVH7jCoPztiJUZg6Xz1AN6V07xnw", alg: "RS256" })
[2m2025-03-25T07:54:15.502243Z[0m [32m INFO[0m [1mnode[0m[1m{[0m[3mname[0m[2m=[0mk#addeef94..[1m}[0m[2m:[0m[1mexecution_driver[0m[1m{[0m[3mtx_digest[0m[2m=[0mTransactionDigest(BU5DWhxYUq3neruvb2PgrmDzL2ReqyqSSK3V4Amk5kn)[1m}[0m[2m:[0m [2msui_core::authority::authority_per_epoch_store[0m[2m:[0m [2mcrates/sui-core/src/authority/authority_per_epoch_store.rs[0m[2m:[0m[2m4233:[0m Updating authenticator state: AuthenticatorStateUpdate { epoch: 0, round: 6, new_active_jwks: [ActiveJwk { jwk_id: JwkId { iss: "https://auth.3dos.io", kid: "6d361dc9637a275eb585a915af26198ff0d97326ca13f4baf0e4805f72f2a9a0" }, jwk: JWK { kty: "RSA", e: "AQAB", n: "y_8hHwq7w2yE4968sbQF98iGUhnu0BwyB5khTxVPAcUnMCYdp61zYcRWml2zdY4HAfq-Nnjb_pAli6I66Vpe9IE8Gf8uGRB0oYIo2S6tYMEe0lhRaEDYVbMdQkuKxTIYMNBXSd_kCHKJM1ZUAo7uFoq_bWuzt2hRG2-79z-Ycbiw0wil0rzFHlpNBKsBLKM4GSGUwOejaL2zCiE_rjf77AvOaJLRd4I_DBYG16t8D1BkxbhkcQCmOxYGG0NqjP3z0lz-w1ALqHCNfhzczZOsgaCrbSlcTKcBTq1syAUUhQmounW7nG5clBIfPQRVH7jCoPztiJUZg6Xz1AN6V07xnw", alg: "RS256" }, epoch: 0 }], authenticator_obj_initial_shared_version: SequenceNumber(1) }
[2m2025-03-25T07:54:15.502651Z[0m [32m INFO[0m [1mnode[0m[1m{[0m[3mname[0m[2m=[0mk#addeef94..[1m}[0m[2m:[0m [2msui_core::checkpoints[0m[2m:[0m [2mcrates/sui-core/src/checkpoints/mod.rs[0m[2m:[0m[2m1326:[0m Creating checkpoint(s) for 2 transactions [3mnext_checkpoint_seq[0m[2m=[0m6 [3mcheckpoint_timestamp[0m[2m=[0m1742889254871
[2m2025-03-25T07:54:15.502964Z[0m [32m INFO[0m [1mnode[0m[1m{[0m[3mname[0m[2m=[0mk#addeef94..[1m}[0m[2m:[0m [2msui_core::checkpoints::checkpoint_output[0m[2m:[0m [2mcrates/sui-core/src/checkpoints/checkpoint_output.rs[0m[2m:[0m[2m149:[0m Creating checkpoint CheckpointDigest(2YZ7oMxNDtsgKxGvewWQaHbeJvWMa2wYKDC2xbaiCKnz) at epoch 0, sequence 6, previous digest Some(CheckpointDigest(4CrvGnFYit3ENF4KCtmByBuGvMbzytTd8PMCZCbPHSX7)), transactions count 2, content digest CheckpointContentsDigest(3fKBmbqv5EJ9FUa3BvmgUsTA3gST9U2H8stJjpLGEfcg), end_of_epoch_data None
[2m2025-03-25T07:54:15.504189Z[0m [32m INFO[0m [1mnode[0m[1m{[0m[3mname[0m[2m=[0mk#8dcff6d1..[1m}[0m[2m:[0m[1mexecution_driver[0m[1m{[0m[3mtx_digest[0m[2m=[0mTransactionDigest(BU5DWhxYUq3neruvb2PgrmDzL2ReqyqSSK3V4Amk5kn)[1m}[0m[2m:[0m [2msui_core::authority::authority_per_epoch_store[0m[2m:[0m [2mcrates/sui-core/src/authority/authority_per_epoch_store.rs[0m[2m:[0m[2m4233:[0m Updating authenticator state: AuthenticatorStateUpdate { epoch: 0, round: 6, new_active_jwks: [ActiveJwk { jwk_id: JwkId { iss: "https://auth.3dos.io", kid: "6d361dc9637a275eb585a915af26198ff0d97326ca13f4baf0e4805f72f2a9a0" }, jwk: JWK { kty: "RSA", e: "AQAB", n: "y_8hHwq7w2yE4968sbQF98iGUhnu0BwyB5khTxVPAcUnMCYdp61zYcRWml2zdY4HAfq-Nnjb_pAli6I66Vpe9IE8Gf8uGRB0oYIo2S6tYMEe0lhRaEDYVbMdQkuKxTIYMNBXSd_kCHKJM1ZUAo7uFoq_bWuzt2hRG2-79z-Ycbiw0wil0rzFHlpNBKsBLKM4GSGUwOejaL2zCiE_rjf77AvOaJLRd4I_DBYG16t8D1BkxbhkcQCmOxYGG0NqjP3z0lz-w1ALqHCNfhzczZOsgaCrbSlcTKcBTq1syAUUhQmounW7nG5clBIfPQRVH7jCoPztiJUZg6Xz1AN6V07xnw", alg: "RS256" }, epoch: 0 }], authenticator_obj_initial_shared_version: SequenceNumber(1) }
[2m2025-03-25T07:54:15.504512Z[0m [32m INFO[0m [1mnode[0m[1m{[0m[3mname[0m[2m=[0mk#8dcff6d1..[1m}[0m[2m:[0m [2msui_core::checkpoints[0m[2m:[0m [2mcrates/sui-core/src/checkpoints/mod.rs[0m[2m:[0m[2m1326:[0m Creating checkpoint(s) for 2 transactions [3mnext_checkpoint_seq[0m[2m=[0m6 [3mcheckpoint_timestamp[0m[2m=[0m1742889254871
[2m2025-03-25T07:54:15.504764Z[0m [32m INFO[0m [1mnode[0m[1m{[0m[3mname[0m[2m=[0mk#8dcff6d1..[1m}[0m[2m:[0m [2msui_core::checkpoints::checkpoint_output[0m[2m:[0m [2mcrates/sui-core/src/checkpoints/checkpoint_output.rs[0m[2m:[0m[2m149:[0m Creating checkpoint CheckpointDigest(2YZ7oMxNDtsgKxGvewWQaHbeJvWMa2wYKDC2xbaiCKnz) at epoch 0, sequence 6, previous digest Some(CheckpointDigest(4CrvGnFYit3ENF4KCtmByBuGvMbzytTd8PMCZCbPHSX7)), transactions count 2, content digest CheckpointContentsDigest(3fKBmbqv5EJ9FUa3BvmgUsTA3gST9U2H8stJjpLGEfcg), end_of_epoch_data None
[2m2025-03-25T07:54:15.506066Z[0m [32m INFO[0m [1mnode[0m[1m{[0m[3mname[0m[2m=[0mk#99f25ef6..[1m}[0m[2m:[0m [2msui_core::checkpoints::checkpoint_output[0m[2m:[0m [2mcrates/sui-core/src/checkpoints/checkpoint_output.rs[0m[2m:[0m[2m196:[0m Certified checkpoint with sequence 5 and digest 4CrvGnFYit3ENF4KCtmByBuGvMbzytTd8PMCZCbPHSX7
[2m2025-03-25T07:54:15.506233Z[0m [32m INFO[0m [1mnode[0m[1m{[0m[3mname[0m[2m=[0mk#99f25ef6..[1m}[0m[2m:[0m [2mconsensus_core::core[0m[2m:[0m [2mconsensus/core/src/core.rs[0m[2m:[0m[2m630:[0m Committing 1 leaders: B6(A,0ZQn)
[2m2025-03-25T07:54:15.506339Z[0m [32m INFO[0m [1mnode[0m[1m{[0m[3mname[0m[2m=[0mk#99f25ef6..[1m}[0m[2m:[0m [2mconsensus_core::commit_observer[0m[2m:[0m [2mconsensus/core/src/commit_observer.rs[0m[2m:[0m[2m173:[0m Consensus commit C6(OaG6) with leader B6(A,0ZQn) has 2 blocks
[2m2025-03-25T07:54:15.506772Z[0m [32m INFO[0m [1mnode[0m[1m{[0m[3mname[0m[2m=[0mk#99f25ef6..[1m}[0m[2m:[0m [2msui_core::consensus_handler[0m[2m:[0m [2mcrates/sui-core/src/consensus_handler.rs[0m[2m:[0m[2m232:[0m Received consensus output [3mconsensus_commit[0m[2m=[0mCommittedSubDag(leader=B6(A,0ZQn), ref=C6(OaG6), blocks=[ab9R, 0ZQn]) [3mepoch[0m[2m=[0m0
[2m2025-03-25T07:54:15.506821Z[0m [32m INFO[0m [1mnode[0m[1m{[0m[3mname[0m[2m=[0mk#99f25ef6..[1m}[0m[2m:[0m [2msui_core::consensus_handler[0m[2m:[0m [2mcrates/sui-core/src/consensus_handler.rs[0m[2m:[0m[2m520:[0m creating authenticator state update transaction
[2m2025-03-25T07:54:15.507133Z[0m [32m INFO[0m [1mnode[0m[1m{[0m[3mname[0m[2m=[0mk#99f25ef6..[1m}[0m[2m:[0m [2msui_core::authority::authority_per_epoch_store[0m[2m:[0m [2mcrates/sui-core/src/authority/authority_per_epoch_store.rs[0m[2m:[0m[2m2388:[0m received jwk vote from k#8dcff6d1.. for jwk (JwkId { iss: "https://auth.3dos.io", kid: "6d361dc9637a275eb585a915af26198ff0d97326ca13f4baf0e4805f72f2a9a0" }, JWK { kty: "RSA", e: "AQAB", n: "y_8hHwq7w2yE4968sbQF98iGUhnu0BwyB5khTxVPAcUnMCYdp61zYcRWml2zdY4HAfq-Nnjb_pAli6I66Vpe9IE8Gf8uGRB0oYIo2S6tYMEe0lhRaEDYVbMdQkuKxTIYMNBXSd_kCHKJM1ZUAo7uFoq_bWuzt2hRG2-79z-Ycbiw0wil0rzFHlpNBKsBLKM4GSGUwOejaL2zCiE_rjf77AvOaJLRd4I_DBYG16t8D1BkxbhkcQCmOxYGG0NqjP3z0lz-w1ALqHCNfhzczZOsgaCrbSlcTKcBTq1syAUUhQmounW7nG5clBIfPQRVH7jCoPztiJUZg6Xz1AN6V07xnw", alg: "RS256" })
[2m2025-03-25T07:54:15.507591Z[0m [32m INFO[0m [1mnode[0m[1m{[0m[3mname[0m[2m=[0mk#99f25ef6..[1m}[0m[2m:[0m [2msui_core::checkpoints::checkpoint_executor[0m[2m:[0m [2mcrates/sui-core/src/checkpoints/checkpoint_executor/mod.rs[0m[2m:[0m[2m332:[0m Received checkpoint summary from state sync [3msequence_number[0m[2m=[0m5
[2m2025-03-25T07:54:15.509319Z[0m [32m INFO[0m [1mnode[0m[1m{[0m[3mname[0m[2m=[0mk#99f25ef6..[1m}[0m[2m:[0m [2msui_core::state_accumulator[0m[2m:[0m [2mcrates/sui-core/src/state_accumulator.rs[0m[2m:[0m[2m675:[0m accumulating running root for checkpoint 5
[2m2025-03-25T07:54:15.511243Z[0m [32m INFO[0m [1mnode[0m[1m{[0m[3mname[0m[2m=[0mk#addeef94..[1m}[0m[2m:[0m [2msui_core::checkpoints::checkpoint_executor[0m[2m:[0m [2mcrates/sui-core/src/checkpoints/checkpoint_executor/mod.rs[0m[2m:[0m[2m332:[0m Received checkpoint summary from state sync [3msequence_number[0m[2m=[0m5
[2m2025-03-25T07:54:15.511287Z[0m [32m INFO[0m [1mnode[0m[1m{[0m[3mname[0m[2m=[0mk#8dcff6d1..[1m}[0m[2m:[0m [2msui_core::checkpoints::checkpoint_executor[0m[2m:[0m [2mcrates/sui-core/src/checkpoints/checkpoint_executor/mod.rs[0m[2m:[0m[2m332:[0m Received checkpoint summary from state sync [3msequence_number[0m[2m=[0m4
[2m2025-03-25T07:54:15.511366Z[0m [32m INFO[0m [1mnode[0m[1m{[0m[3mname[0m[2m=[0mk#8dcff6d1..[1m}[0m[2m:[0m [2msui_core::checkpoints::checkpoint_executor[0m[2m:[0m [2mcrates/sui-core/src/checkpoints/checkpoint_executor/mod.rs[0m[2m:[0m[2m332:[0m Received checkpoint summary from state sync [3msequence_number[0m[2m=[0m5
[2m2025-03-25T07:54:15.512398Z[0m [32m INFO[0m [1mnode[0m[1m{[0m[3mname[0m[2m=[0mk#addeef94..[1m}[0m[2m:[0m [2msui_core::state_accumulator[0m[2m:[0m [2mcrates/sui-core/src/state_accumulator.rs[0m[2m:[0m[2m675:[0m accumulating running root for checkpoint 5
[2m2025-03-25T07:54:15.512444Z[0m [32m INFO[0m [1mnode[0m[1m{[0m[3mname[0m[2m=[0mk#8dcff6d1..[1m}[0m[2m:[0m [2msui_core::state_accumulator[0m[2m:[0m [2mcrates/sui-core/src/state_accumulator.rs[0m[2m:[0m[2m675:[0m accumulating running root for checkpoint 5
[2m2025-03-25T07:54:15.581204Z[0m [32m INFO[0m [1mnode[0m[1m{[0m[3mname[0m[2m=[0mk#99f25ef6..[1m}[0m[2m:[0m[1mexecution_driver[0m[1m{[0m[3mtx_digest[0m[2m=[0mTransactionDigest(BU5DWhxYUq3neruvb2PgrmDzL2ReqyqSSK3V4Amk5kn)[1m}[0m[2m:[0m [2msui_core::authority::authority_per_epoch_store[0m[2m:[0m [2mcrates/sui-core/src/authority/authority_per_epoch_store.rs[0m[2m:[0m[2m4233:[0m Updating authenticator state: AuthenticatorStateUpdate { epoch: 0, round: 6, new_active_jwks: [ActiveJwk { jwk_id: JwkId { iss: "https://auth.3dos.io", kid: "6d361dc9637a275eb585a915af26198ff0d97326ca13f4baf0e4805f72f2a9a0" }, jwk: JWK { kty: "RSA", e: "AQAB", n: "y_8hHwq7w2yE4968sbQF98iGUhnu0BwyB5khTxVPAcUnMCYdp61zYcRWml2zdY4HAfq-Nnjb_pAli6I66Vpe9IE8Gf8uGRB0oYIo2S6tYMEe0lhRaEDYVbMdQkuKxTIYMNBXSd_kCHKJM1ZUAo7uFoq_bWuzt2hRG2-79z-Ycbiw0wil0rzFHlpNBKsBLKM4GSGUwOejaL2zCiE_rjf77AvOaJLRd4I_DBYG16t8D1BkxbhkcQCmOxYGG0NqjP3z0lz-w1ALqHCNfhzczZOsgaCrbSlcTKcBTq1syAUUhQmounW7nG5clBIfPQRVH7jCoPztiJUZg6Xz1AN6V07xnw", alg: "RS256" }, epoch: 0 }], authenticator_obj_initial_shared_version: SequenceNumber(1) }
[2m2025-03-25T07:54:15.581629Z[0m [32m INFO[0m [1mnode[0m[1m{[0m[3mname[0m[2m=[0mk#99f25ef6..[1m}[0m[2m:[0m [2msui_core::checkpoints[0m[2m:[0m [2mcrates/sui-core/src/checkpoints/mod.rs[0m[2m:[0m[2m1326:[0m Creating checkpoint(s) for 2 transactions [3mnext_checkpoint_seq[0m[2m=[0m6 [3mcheckpoint_timestamp[0m[2m=[0m1742889254871
[2m2025-03-25T07:54:15.581931Z[0m [32m INFO[0m [1mnode[0m[1m{[0m[3mname[0m[2m=[0mk#99f25ef6..[1m}[0m[2m:[0m [2msui_core::checkpoints::checkpoint_output[0m[2m:[0m [2mcrates/sui-core/src/checkpoints/checkpoint_output.rs[0m[2m:[0m[2m149:[0m Creating checkpoint CheckpointDigest(2YZ7oMxNDtsgKxGvewWQaHbeJvWMa2wYKDC2xbaiCKnz) at epoch 0, sequence 6, previous digest Some(CheckpointDigest(4CrvGnFYit3ENF4KCtmByBuGvMbzytTd8PMCZCbPHSX7)), transactions count 2, content digest CheckpointContentsDigest(3fKBmbqv5EJ9FUa3BvmgUsTA3gST9U2H8stJjpLGEfcg), end_of_epoch_data None
[2m2025-03-25T07:54:15.679286Z[0m [32m INFO[0m [1mnode[0m[1m{[0m[3mname[0m[2m=[0mk#addeef94..[1m}[0m[2m:[0m [2mconsensus_core::core[0m[2m:[0m [2mconsensus/core/src/core.rs[0m[2m:[0m[2m531:[0m Created block B9(C,u1HVolRIINeP5BYoYzZPAetsgfxwr+IhCZuVHH9UiWI=)(1742889255679ms;[B8(C,V0USdOK3OUtlhvMvaUwxQ/WXtQc6MCEVFUeYarV32Ek=), B8(A,y2ra17X2TzK/y+roNtDlbPCTRfON0iG3dCAWgG5tmPs=)];1t;1c) for round 9
[2m2025-03-25T07:54:15.681449Z[0m [32m INFO[0m [1mnode[0m[1m{[0m[3mname[0m[2m=[0mk#8dcff6d1..[1m}[0m[2m:[0m [2mconsensus_core::core[0m[2m:[0m [2mconsensus/core/src/core.rs[0m[2m:[0m[2m531:[0m Created block B9(A,DC495Y3yPp4POBElTKSN8H0zs0dwYqmclclYQq/dv7s=)(1742889255681ms;[B8(A,y2ra17X2TzK/y+roNtDlbPCTRfON0iG3dCAWgG5tmPs=), B8(C,V0USdOK3OUtlhvMvaUwxQ/WXtQc6MCEVFUeYarV32Ek=)];1t;1c) for round 9
[2m2025-03-25T07:54:15.681528Z[0m [32m INFO[0m [1mnode[0m[1m{[0m[3mname[0m[2m=[0mk#8dcff6d1..[1m}[0m[2m:[0m [2mconsensus_core::core[0m[2m:[0m [2mconsensus/core/src/core.rs[0m[2m:[0m[2m630:[0m Committing 1 leaders: B7(C,t/2X)
[2m2025-03-25T07:54:15.681599Z[0m [32m INFO[0m [1mnode[0m[1m{[0m[3mname[0m[2m=[0mk#8dcff6d1..[1m}[0m[2m:[0m [2mconsensus_core::commit_observer[0m[2m:[0m [2mconsensus/core/src/commit_observer.rs[0m[2m:[0m[2m173:[0m Consensus commit C7(gAyZ) with leader B7(C,t/2X) has 3 blocks
[2m2025-03-25T07:54:15.681682Z[0m [32m INFO[0m [1mnode[0m[1m{[0m[3mname[0m[2m=[0mk#8dcff6d1..[1m}[0m[2m:[0m [2msui_core::consensus_handler[0m[2m:[0m [2mcrates/sui-core/src/consensus_handler.rs[0m[2m:[0m[2m232:[0m Received consensus output [3mconsensus_commit[0m[2m=[0mCommittedSubDag(leader=B7(C,t/2X), ref=C7(gAyZ), blocks=[qnKz, U6QD, t/2X]) [3mepoch[0m[2m=[0m0
[2m2025-03-25T07:54:15.682131Z[0m [32m INFO[0m [1mnode[0m[1m{[0m[3mname[0m[2m=[0mk#8dcff6d1..[1m}[0m[2m:[0m [2mfastcrypto_tbls::dkg_v1[0m[2m:[0m [2m/Users/mofei/.cargo/git/checkouts/fastcrypto-b430feb5437546af/9519ebc/fastcrypto-tbls/src/dkg_v1.rs[0m[2m:[0m[2m533:[0m DKG: Processing confirmations with total weight 1665, expected 1111
[2m2025-03-25T07:54:15.683419Z[0m [32m INFO[0m [1mnode[0m[1m{[0m[3mname[0m[2m=[0mk#8dcff6d1..[1m}[0m[2m:[0m [2mfastcrypto_tbls::dkg_v1[0m[2m:[0m [2m/Users/mofei/.cargo/git/checkouts/fastcrypto-b430feb5437546af/9519ebc/fastcrypto-tbls/src/dkg_v1.rs[0m[2m:[0m[2m667:[0m DKG: Aggregating my shares completed with has_invalid_share=false, has_zero_shares=false
[2m2025-03-25T07:54:15.683662Z[0m [32m INFO[0m [1mnode[0m[1m{[0m[3mname[0m[2m=[0mk#8dcff6d1..[1m}[0m[2m:[0m [2msui_core::epoch::randomness[0m[2m:[0m [2mcrates/sui-core/src/epoch/randomness.rs[0m[2m:[0m[2m525:[0m random beacon: DKG complete in 18100ms since epoch start, Some(6256)ms since DKG start, with 555 shares for this node
[2m2025-03-25T07:54:15.689573Z[0m [32m INFO[0m [1mnode[0m[1m{[0m[3mname[0m[2m=[0mk#addeef94..[1m}[0m[2m:[0m [2mconsensus_core::core[0m[2m:[0m [2mconsensus/core/src/core.rs[0m[2m:[0m[2m630:[0m Committing 1 leaders: B7(C,t/2X)
[2m2025-03-25T07:54:15.689669Z[0m [32m INFO[0m [1mnode[0m[1m{[0m[3mname[0m[2m=[0mk#addeef94..[1m}[0m[2m:[0m [2mconsensus_core::commit_observer[0m[2m:[0m [2mconsensus/core/src/commit_observer.rs[0m[2m:[0m[2m173:[0m Consensus commit C7(gAyZ) with leader B7(C,t/2X) has 3 blocks
[2m2025-03-25T07:54:15.689744Z[0m [32m INFO[0m [1mnode[0m[1m{[0m[3mname[0m[2m=[0mk#addeef94..[1m}[0m[2m:[0m [2msui_core::consensus_handler[0m[2m:[0m [2mcrates/sui-core/src/consensus_handler.rs[0m[2m:[0m[2m232:[0m Received consensus output [3mconsensus_commit[0m[2m=[0mCommittedSubDag(leader=B7(C,t/2X), ref=C7(gAyZ), blocks=[qnKz, U6QD, t/2X]) [3mepoch[0m[2m=[0m0
[2m2025-03-25T07:54:15.689850Z[0m [32m INFO[0m [1mnode[0m[1m{[0m[3mname[0m[2m=[0mk#99f25ef6..[1m}[0m[2m:[0m [2mconsensus_core::core[0m[2m:[0m [2mconsensus/core/src/core.rs[0m[2m:[0m[2m531:[0m Created block B9(B,Bf0Qo3eTw4WLoNnzcTzAPDYK0AEozMq7nvxASr4lYUA=)(1742889255689ms;[B7(B,Z3gNh/V3AmKSsB7QIE1yRWYd4iuUb8pY0uqNXDV4U74=), B8(A,y2ra17X2TzK/y+roNtDlbPCTRfON0iG3dCAWgG5tmPs=), B8(C,V0USdOK3OUtlhvMvaUwxQ/WXtQc6MCEVFUeYarV32Ek=)];2t;2c) for round 9
[2m2025-03-25T07:54:15.690129Z[0m [32m INFO[0m [1mnode[0m[1m{[0m[3mname[0m[2m=[0mk#addeef94..[1m}[0m[2m:[0m [2mfastcrypto_tbls::dkg_v1[0m[2m:[0m [2m/Users/mofei/.cargo/git/checkouts/fastcrypto-b430feb5437546af/9519ebc/fastcrypto-tbls/src/dkg_v1.rs[0m[2m:[0m[2m533:[0m DKG: Processing confirmations with total weight 1665, expected 1111
[2m2025-03-25T07:54:15.691438Z[0m [32m INFO[0m [1mnode[0m[1m{[0m[3mname[0m[2m=[0mk#addeef94..[1m}[0m[2m:[0m [2mfastcrypto_tbls::dkg_v1[0m[2m:[0m [2m/Users/mofei/.cargo/git/checkouts/fastcrypto-b430feb5437546af/9519ebc/fastcrypto-tbls/src/dkg_v1.rs[0m[2m:[0m[2m667:[0m DKG: Aggregating my shares completed with has_invalid_share=false, has_zero_shares=false
[2m2025-03-25T07:54:15.691624Z[0m [32m INFO[0m [1mnode[0m[1m{[0m[3mname[0m[2m=[0mk#addeef94..[1m}[0m[2m:[0m [2msui_core::epoch::randomness[0m[2m:[0m [2mcrates/sui-core/src/epoch/randomness.rs[0m[2m:[0m[2m525:[0m random beacon: DKG complete in 18108ms since epoch start, Some(6292)ms since DKG start, with 555 shares for this node
[2m2025-03-25T07:54:15.713884Z[0m [32m INFO[0m [1mnode[0m[1m{[0m[3mname[0m[2m=[0mk#8dcff6d1..[1m}[0m[2m:[0m [2msui_core::checkpoints[0m[2m:[0m [2mcrates/sui-core/src/checkpoints/mod.rs[0m[2m:[0m[2m1326:[0m Creating checkpoint(s) for 1 transactions [3mnext_checkpoint_seq[0m[2m=[0m7 [3mcheckpoint_timestamp[0m[2m=[0m1742889255169
[2m2025-03-25T07:54:15.714118Z[0m [32m INFO[0m [1mnode[0m[1m{[0m[3mname[0m[2m=[0mk#8dcff6d1..[1m}[0m[2m:[0m [2msui_core::checkpoints::checkpoint_output[0m[2m:[0m [2mcrates/sui-core/src/checkpoints/checkpoint_output.rs[0m[2m:[0m[2m149:[0m Creating checkpoint CheckpointDigest(5rhDvPoR143z9nWxhuXfbCoESwv8s2Uia6G8n6V3NqMt) at epoch 0, sequence 7, previous digest Some(CheckpointDigest(2YZ7oMxNDtsgKxGvewWQaHbeJvWMa2wYKDC2xbaiCKnz)), transactions count 1, content digest CheckpointContentsDigest(rX2QD6KWVfWQHrce146ocFT4ocEoqLcdGjAkDCaLyZv), end_of_epoch_data None
[2m2025-03-25T07:54:15.717420Z[0m [32m INFO[0m [1mnode[0m[1m{[0m[3mname[0m[2m=[0mk#8dcff6d1..[1m}[0m[2m:[0m [2msui_core::checkpoints::checkpoint_output[0m[2m:[0m [2mcrates/sui-core/src/checkpoints/checkpoint_output.rs[0m[2m:[0m[2m196:[0m Certified checkpoint with sequence 6 and digest 2YZ7oMxNDtsgKxGvewWQaHbeJvWMa2wYKDC2xbaiCKnz
[2m2025-03-25T07:54:15.717902Z[0m [32m INFO[0m [1mnode[0m[1m{[0m[3mname[0m[2m=[0mk#8dcff6d1..[1m}[0m[2m:[0m [2msui_core::checkpoints::checkpoint_executor[0m[2m:[0m [2mcrates/sui-core/src/checkpoints/checkpoint_executor/mod.rs[0m[2m:[0m[2m332:[0m Received checkpoint summary from state sync [3msequence_number[0m[2m=[0m6
[2m2025-03-25T07:54:15.719379Z[0m [32m INFO[0m [1mnode[0m[1m{[0m[3mname[0m[2m=[0mk#8dcff6d1..[1m}[0m[2m:[0m [2msui_core::state_accumulator[0m[2m:[0m [2mcrates/sui-core/src/state_accumulator.rs[0m[2m:[0m[2m675:[0m accumulating running root for checkpoint 6
[2m2025-03-25T07:54:15.721300Z[0m [32m INFO[0m [1mnode[0m[1m{[0m[3mname[0m[2m=[0mk#addeef94..[1m}[0m[2m:[0m [2msui_core::checkpoints[0m[2m:[0m [2mcrates/sui-core/src/checkpoints/mod.rs[0m[2m:[0m[2m1326:[0m Creating checkpoint(s) for 1 transactions [3mnext_checkpoint_seq[0m[2m=[0m7 [3mcheckpoint_timestamp[0m[2m=[0m1742889255169
[2m2025-03-25T07:54:15.721483Z[0m [32m INFO[0m [1mnode[0m[1m{[0m[3mname[0m[2m=[0mk#addeef94..[1m}[0m[2m:[0m [2msui_core::checkpoints::checkpoint_output[0m[2m:[0m [2mcrates/sui-core/src/checkpoints/checkpoint_output.rs[0m[2m:[0m[2m149:[0m Creating checkpoint CheckpointDigest(5rhDvPoR143z9nWxhuXfbCoESwv8s2Uia6G8n6V3NqMt) at epoch 0, sequence 7, previous digest Some(CheckpointDigest(2YZ7oMxNDtsgKxGvewWQaHbeJvWMa2wYKDC2xbaiCKnz)), transactions count 1, content digest CheckpointContentsDigest(rX2QD6KWVfWQHrce146ocFT4ocEoqLcdGjAkDCaLyZv), end_of_epoch_data None
[2m2025-03-25T07:54:15.721772Z[0m [32m INFO[0m [1mnode[0m[1m{[0m[3mname[0m[2m=[0mk#99f25ef6..[1m}[0m[2m:[0m [2msui_core::checkpoints::checkpoint_executor[0m[2m:[0m [2mcrates/sui-core/src/checkpoints/checkpoint_executor/mod.rs[0m[2m:[0m[2m332:[0m Received checkpoint summary from state sync [3msequence_number[0m[2m=[0m1
[2m2025-03-25T07:54:15.721856Z[0m [32m INFO[0m [1mnode[0m[1m{[0m[3mname[0m[2m=[0mk#99f25ef6..[1m}[0m[2m:[0m [2msui_core::checkpoints::checkpoint_executor[0m[2m:[0m [2mcrates/sui-core/src/checkpoints/checkpoint_executor/mod.rs[0m[2m:[0m[2m332:[0m Received checkpoint summary from state sync [3msequence_number[0m[2m=[0m2
[2m2025-03-25T07:54:15.721895Z[0m [32m INFO[0m [1mnode[0m[1m{[0m[3mname[0m[2m=[0mk#99f25ef6..[1m}[0m[2m:[0m [2msui_core::checkpoints::checkpoint_executor[0m[2m:[0m [2mcrates/sui-core/src/checkpoints/checkpoint_executor/mod.rs[0m[2m:[0m[2m332:[0m Received checkpoint summary from state sync [3msequence_number[0m[2m=[0m3
[2m2025-03-25T07:54:15.721935Z[0m [32m INFO[0m [1mnode[0m[1m{[0m[3mname[0m[2m=[0mk#99f25ef6..[1m}[0m[2m:[0m [2msui_core::checkpoints::checkpoint_executor[0m[2m:[0m [2mcrates/sui-core/src/checkpoints/checkpoint_executor/mod.rs[0m[2m:[0m[2m332:[0m Received checkpoint summary from state sync [3msequence_number[0m[2m=[0m4
[2m2025-03-25T07:54:15.721972Z[0m [32m INFO[0m [1mnode[0m[1m{[0m[3mname[0m[2m=[0mk#99f25ef6..[1m}[0m[2m:[0m [2msui_core::checkpoints::checkpoint_executor[0m[2m:[0m [2mcrates/sui-core/src/checkpoints/checkpoint_executor/mod.rs[0m[2m:[0m[2m332:[0m Received checkpoint summary from state sync [3msequence_number[0m[2m=[0m5
[2m2025-03-25T07:54:15.722010Z[0m [32m INFO[0m [1mnode[0m[1m{[0m[3mname[0m[2m=[0mk#99f25ef6..[1m}[0m[2m:[0m [2msui_core::checkpoints::checkpoint_executor[0m[2m:[0m [2mcrates/sui-core/src/checkpoints/checkpoint_executor/mod.rs[0m[2m:[0m[2m332:[0m Received checkpoint summary from state sync [3msequence_number[0m[2m=[0m6
[2m2025-03-25T07:54:15.723159Z[0m [32m INFO[0m [1mnode[0m[1m{[0m[3mname[0m[2m=[0mk#99f25ef6..[1m}[0m[2m:[0m [2msui_core::state_accumulator[0m[2m:[0m [2mcrates/sui-core/src/state_accumulator.rs[0m[2m:[0m[2m675:[0m accumulating running root for checkpoint 6
[2m2025-03-25T07:54:15.725019Z[0m [32m INFO[0m [1mnode[0m[1m{[0m[3mname[0m[2m=[0mk#99f25ef6..[1m}[0m[2m:[0m [2mconsensus_core::core[0m[2m:[0m [2mconsensus/core/src/core.rs[0m[2m:[0m[2m630:[0m Committing 1 leaders: B7(C,t/2X)
[2m2025-03-25T07:54:15.725122Z[0m [32m INFO[0m [1mnode[0m[1m{[0m[3mname[0m[2m=[0mk#99f25ef6..[1m}[0m[2m:[0m [2mconsensus_core::commit_observer[0m[2m:[0m [2mconsensus/core/src/commit_observer.rs[0m[2m:[0m[2m173:[0m Consensus commit C7(gAyZ) with leader B7(C,t/2X) has 3 blocks
[2m2025-03-25T07:54:15.725202Z[0m [32m INFO[0m [1mnode[0m[1m{[0m[3mname[0m[2m=[0mk#99f25ef6..[1m}[0m[2m:[0m [2msui_core::consensus_handler[0m[2m:[0m [2mcrates/sui-core/src/consensus_handler.rs[0m[2m:[0m[2m232:[0m Received consensus output [3mconsensus_commit[0m[2m=[0mCommittedSubDag(leader=B7(C,t/2X), ref=C7(gAyZ), blocks=[qnKz, U6QD, t/2X]) [3mepoch[0m[2m=[0m0
[2m2025-03-25T07:54:15.725629Z[0m [32m INFO[0m [1mnode[0m[1m{[0m[3mname[0m[2m=[0mk#99f25ef6..[1m}[0m[2m:[0m [2mfastcrypto_tbls::dkg_v1[0m[2m:[0m [2m/Users/mofei/.cargo/git/checkouts/fastcrypto-b430feb5437546af/9519ebc/fastcrypto-tbls/src/dkg_v1.rs[0m[2m:[0m[2m533:[0m DKG: Processing confirmations with total weight 1665, expected 1111
[2m2025-03-25T07:54:15.725664Z[0m [32m INFO[0m [1mnode[0m[1m{[0m[3mname[0m[2m=[0mk#addeef94..[1m}[0m[2m:[0m [2msui_core::checkpoints::checkpoint_executor[0m[2m:[0m [2mcrates/sui-core/src/checkpoints/checkpoint_executor/mod.rs[0m[2m:[0m[2m332:[0m Received checkpoint summary from state sync [3msequence_number[0m[2m=[0m6
[2m2025-03-25T07:54:15.726806Z[0m [32m INFO[0m [1mnode[0m[1m{[0m[3mname[0m[2m=[0mk#addeef94..[1m}[0m[2m:[0m [2msui_core::state_accumulator[0m[2m:[0m [2mcrates/sui-core/src/state_accumulator.rs[0m[2m:[0m[2m675:[0m accumulating running root for checkpoint 6
[2m2025-03-25T07:54:15.726875Z[0m [32m INFO[0m [1mnode[0m[1m{[0m[3mname[0m[2m=[0mk#99f25ef6..[1m}[0m[2m:[0m [2mfastcrypto_tbls::dkg_v1[0m[2m:[0m [2m/Users/mofei/.cargo/git/checkouts/fastcrypto-b430feb5437546af/9519ebc/fastcrypto-tbls/src/dkg_v1.rs[0m[2m:[0m[2m667:[0m DKG: Aggregating my shares completed with has_invalid_share=false, has_zero_shares=false
[2m2025-03-25T07:54:15.727065Z[0m [32m INFO[0m [1mnode[0m[1m{[0m[3mname[0m[2m=[0mk#99f25ef6..[1m}[0m[2m:[0m [2msui_core::epoch::randomness[0m[2m:[0m [2mcrates/sui-core/src/epoch/randomness.rs[0m[2m:[0m[2m525:[0m random beacon: DKG complete in 18143ms since epoch start, Some(6371)ms since DKG start, with 555 shares for this node
[2m2025-03-25T07:54:15.756588Z[0m [32m INFO[0m [1mnode[0m[1m{[0m[3mname[0m[2m=[0mk#99f25ef6..[1m}[0m[2m:[0m [2msui_core::checkpoints[0m[2m:[0m [2mcrates/sui-core/src/checkpoints/mod.rs[0m[2m:[0m[2m1326:[0m Creating checkpoint(s) for 1 transactions [3mnext_checkpoint_seq[0m[2m=[0m7 [3mcheckpoint_timestamp[0m[2m=[0m1742889255169
[2m2025-03-25T07:54:15.756801Z[0m [32m INFO[0m [1mnode[0m[1m{[0m[3mname[0m[2m=[0mk#99f25ef6..[1m}[0m[2m:[0m [2msui_core::checkpoints::checkpoint_output[0m[2m:[0m [2mcrates/sui-core/src/checkpoints/checkpoint_output.rs[0m[2m:[0m[2m149:[0m Creating checkpoint CheckpointDigest(5rhDvPoR143z9nWxhuXfbCoESwv8s2Uia6G8n6V3NqMt) at epoch 0, sequence 7, previous digest Some(CheckpointDigest(2YZ7oMxNDtsgKxGvewWQaHbeJvWMa2wYKDC2xbaiCKnz)), transactions count 1, content digest CheckpointContentsDigest(rX2QD6KWVfWQHrce146ocFT4ocEoqLcdGjAkDCaLyZv), end_of_epoch_data None
[2m2025-03-25T07:54:15.757424Z[0m [32m INFO[0m [1mnode[0m[1m{[0m[3mname[0m[2m=[0mk#99f25ef6..[1m}[0m[2m:[0m [2mconsensus_core::commit_syncer[0m[2m:[0m [2mconsensus/core/src/commit_syncer.rs[0m[2m:[0m[2m196:[0m Checking to schedule fetches: synced_commit_index=7, highest_handled_index=7, highest_scheduled_index=0, quorum_commit_index=6, unhandled_commits_threshold=3200
[2m2025-03-25T07:54:15.940103Z[0m [32m INFO[0m [1mnode[0m[1m{[0m[3mname[0m[2m=[0mk#8dcff6d1..[1m}[0m[2m:[0m [2mconsensus_core::core[0m[2m:[0m [2mconsensus/core/src/core.rs[0m[2m:[0m[2m531:[0m Created block B10(A,jFuC+nb0rwyrbwO+ugt7s6mdk5/gPOVnBkGoqOUnKsY=)(1742889255939ms;[B9(A,DC495Y3yPp4POBElTKSN8H0zs0dwYqmclclYQq/dv7s=), B9(B,Bf0Qo3eTw4WLoNnzcTzAPDYK0AEozMq7nvxASr4lYUA=), B9(C,u1HVolRIINeP5BYoYzZPAetsgfxwr+IhCZuVHH9UiWI=)];1t;1c) for round 10
[2m2025-03-25T07:54:15.942026Z[0m [32m INFO[0m [1mnode[0m[1m{[0m[3mname[0m[2m=[0mk#addeef94..[1m}[0m[2m:[0m [2mconsensus_core::core[0m[2m:[0m [2mconsensus/core/src/core.rs[0m[2m:[0m[2m531:[0m Created block B10(C,iJjhY8ForJcYUJl2oWAjrEm7W9qdjZR0kJtnSdtiRTo=)(1742889255941ms;[B9(C,u1HVolRIINeP5BYoYzZPAetsgfxwr+IhCZuVHH9UiWI=), B9(A,DC495Y3yPp4POBElTKSN8H0zs0dwYqmclclYQq/dv7s=), B9(B,Bf0Qo3eTw4WLoNnzcTzAPDYK0AEozMq7nvxASr4lYUA=)];1t;1c) for round 10
[2m2025-03-25T07:54:15.942187Z[0m [32m INFO[0m [1mnode[0m[1m{[0m[3mname[0m[2m=[0mk#addeef94..[1m}[0m[2m:[0m [2mconsensus_core::core[0m[2m:[0m [2mconsensus/core/src/core.rs[0m[2m:[0m[2m630:[0m Committing 1 leaders: B8(C,V0US)
[2m2025-03-25T07:54:15.942274Z[0m [32m INFO[0m [1mnode[0m[1m{[0m[3mname[0m[2m=[0mk#addeef94..[1m}[0m[2m:[0m [2mconsensus_core::commit_observer[0m[2m:[0m [2mconsensus/core/src/commit_observer.rs[0m[2m:[0m[2m173:[0m Consensus commit C8(Cqjn) with leader B8(C,V0US) has 3 blocks
[2m2025-03-25T07:54:15.942549Z[0m [32m INFO[0m [1mnode[0m[1m{[0m[3mname[0m[2m=[0mk#addeef94..[1m}[0m[2m:[0m [2msui_core::consensus_handler[0m[2m:[0m [2mcrates/sui-core/src/consensus_handler.rs[0m[2m:[0m[2m232:[0m Received consensus output [3mconsensus_commit[0m[2m=[0mCommittedSubDag(leader=B8(C,V0US), ref=C8(Cqjn), blocks=[R41H, Z3gN, V0US]) [3mepoch[0m[2m=[0m0
[2m2025-03-25T07:54:15.945156Z[0m [32m INFO[0m [1mnode[0m[1m{[0m[3mname[0m[2m=[0mk#8dcff6d1..[1m}[0m[2m:[0m [2mconsensus_core::core[0m[2m:[0m [2mconsensus/core/src/core.rs[0m[2m:[0m[2m630:[0m Committing 1 leaders: B8(C,V0US)
[2m2025-03-25T07:54:15.945241Z[0m [32m INFO[0m [1mnode[0m[1m{[0m[3mname[0m[2m=[0mk#8dcff6d1..[1m}[0m[2m:[0m [2mconsensus_core::commit_observer[0m[2m:[0m [2mconsensus/core/src/commit_observer.rs[0m[2m:[0m[2m173:[0m Consensus commit C8(Cqjn) with leader B8(C,V0US) has 3 blocks
[2m2025-03-25T07:54:15.945313Z[0m [32m INFO[0m [1mnode[0m[1m{[0m[3mname[0m[2m=[0mk#8dcff6d1..[1m}[0m[2m:[0m [2msui_core::consensus_handler[0m[2m:[0m [2mcrates/sui-core/src/consensus_handler.rs[0m[2m:[0m[2m232:[0m Received consensus output [3mconsensus_commit[0m[2m=[0mCommittedSubDag(leader=B8(C,V0US), ref=C8(Cqjn), blocks=[R41H, Z3gN, V0US]) [3mepoch[0m[2m=[0m0
[2m2025-03-25T07:54:15.945947Z[0m [32m INFO[0m [1mnode[0m[1m{[0m[3mname[0m[2m=[0mk#99f25ef6..[1m}[0m[2m:[0m [2msui_core::checkpoints::checkpoint_output[0m[2m:[0m [2mcrates/sui-core/src/checkpoints/checkpoint_output.rs[0m[2m:[0m[2m196:[0m Certified checkpoint with sequence 7 and digest 5rhDvPoR143z9nWxhuXfbCoESwv8s2Uia6G8n6V3NqMt
[2m2025-03-25T07:54:15.946063Z[0m [32m INFO[0m [1mnode[0m[1m{[0m[3mname[0m[2m=[0mk#99f25ef6..[1m}[0m[2m:[0m [2mconsensus_core::core[0m[2m:[0m [2mconsensus/core/src/core.rs[0m[2m:[0m[2m630:[0m Committing 1 leaders: B8(C,V0US)
[2m2025-03-25T07:54:15.946164Z[0m [32m INFO[0m [1mnode[0m[1m{[0m[3mname[0m[2m=[0mk#99f25ef6..[1m}[0m[2m:[0m [2mconsensus_core::commit_observer[0m[2m:[0m [2mconsensus/core/src/commit_observer.rs[0m[2m:[0m[2m173:[0m Consensus commit C8(Cqjn) with leader B8(C,V0US) has 3 blocks
[2m2025-03-25T07:54:15.946575Z[0m [32m INFO[0m [1mnode[0m[1m{[0m[3mname[0m[2m=[0mk#99f25ef6..[1m}[0m[2m:[0m [2msui_core::consensus_handler[0m[2m:[0m [2mcrates/sui-core/src/consensus_handler.rs[0m[2m:[0m[2m232:[0m Received consensus output [3mconsensus_commit[0m[2m=[0mCommittedSubDag(leader=B8(C,V0US), ref=C8(Cqjn), blocks=[R41H, Z3gN, V0US]) [3mepoch[0m[2m=[0m0
[2m2025-03-25T07:54:15.947294Z[0m [32m INFO[0m [1mnode[0m[1m{[0m[3mname[0m[2m=[0mk#99f25ef6..[1m}[0m[2m:[0m [2msui_core::checkpoints::checkpoint_executor[0m[2m:[0m [2mcrates/sui-core/src/checkpoints/checkpoint_executor/mod.rs[0m[2m:[0m[2m332:[0m Received checkpoint summary from state sync [3msequence_number[0m[2m=[0m7
[2m2025-03-25T07:54:15.985544Z[0m [32m INFO[0m [1mnode[0m[1m{[0m[3mname[0m[2m=[0mk#99f25ef6..[1m}[0m[2m:[0m [2msui_core::state_accumulator[0m[2m:[0m [2mcrates/sui-core/src/state_accumulator.rs[0m[2m:[0m[2m675:[0m accumulating running root for checkpoint 7
[2m2025-03-25T07:54:16.028794Z[0m [32m INFO[0m [1mnode[0m[1m{[0m[3mname[0m[2m=[0mk#99f25ef6..[1m}[0m[2m:[0m [2msui_core::checkpoints[0m[2m:[0m [2mcrates/sui-core/src/checkpoints/mod.rs[0m[2m:[0m[2m1326:[0m Creating checkpoint(s) for 1 transactions [3mnext_checkpoint_seq[0m[2m=[0m8 [3mcheckpoint_timestamp[0m[2m=[0m1742889255427
[2m2025-03-25T07:54:16.028794Z[0m [32m INFO[0m [1mnode[0m[1m{[0m[3mname[0m[2m=[0mk#addeef94..[1m}[0m[2m:[0m [2msui_core::checkpoints[0m[2m:[0m [2mcrates/sui-core/src/checkpoints/mod.rs[0m[2m:[0m[2m1326:[0m Creating checkpoint(s) for 1 transactions [3mnext_checkpoint_seq[0m[2m=[0m8 [3mcheckpoint_timestamp[0m[2m=[0m1742889255427
[2m2025-03-25T07:54:16.029039Z[0m [32m INFO[0m [1mnode[0m[1m{[0m[3mname[0m[2m=[0mk#addeef94..[1m}[0m[2m:[0m [2msui_core::checkpoints::checkpoint_output[0m[2m:[0m [2mcrates/sui-core/src/checkpoints/checkpoint_output.rs[0m[2m:[0m[2m149:[0m Creating checkpoint CheckpointDigest(DKbJjbmVnWZcrBERwjQeJFJ53yH6NzU5Zmn91nAunivB) at epoch 0, sequence 8, previous digest Some(CheckpointDigest(5rhDvPoR143z9nWxhuXfbCoESwv8s2Uia6G8n6V3NqMt)), transactions count 1, content digest CheckpointContentsDigest(HPYV94MDHHszGn9X6pi8heRdCjviUGjhhZxe85VReiRm), end_of_epoch_data None
[2m2025-03-25T07:54:16.029039Z[0m [32m INFO[0m [1mnode[0m[1m{[0m[3mname[0m[2m=[0mk#99f25ef6..[1m}[0m[2m:[0m [2msui_core::checkpoints::checkpoint_output[0m[2m:[0m [2mcrates/sui-core/src/checkpoints/checkpoint_output.rs[0m[2m:[0m[2m149:[0m Creating checkpoint CheckpointDigest(DKbJjbmVnWZcrBERwjQeJFJ53yH6NzU5Zmn91nAunivB) at epoch 0, sequence 8, previous digest Some(CheckpointDigest(5rhDvPoR143z9nWxhuXfbCoESwv8s2Uia6G8n6V3NqMt)), transactions count 1, content digest CheckpointContentsDigest(HPYV94MDHHszGn9X6pi8heRdCjviUGjhhZxe85VReiRm), end_of_epoch_data None
[2m2025-03-25T07:54:16.029283Z[0m [32m INFO[0m [1mnode[0m[1m{[0m[3mname[0m[2m=[0mk#8dcff6d1..[1m}[0m[2m:[0m [2msui_core::checkpoints[0m[2m:[0m [2mcrates/sui-core/src/checkpoints/mod.rs[0m[2m:[0m[2m1326:[0m Creating checkpoint(s) for 1 transactions [3mnext_checkpoint_seq[0m[2m=[0m8 [3mcheckpoint_timestamp[0m[2m=[0m1742889255427
[2m2025-03-25T07:54:16.029446Z[0m [32m INFO[0m [1mnode[0m[1m{[0m[3mname[0m[2m=[0mk#8dcff6d1..[1m}[0m[2m:[0m [2msui_core::checkpoints::checkpoint_output[0m[2m:[0m [2mcrates/sui-core/src/checkpoints/checkpoint_output.rs[0m[2m:[0m[2m149:[0m Creating checkpoint CheckpointDigest(DKbJjbmVnWZcrBERwjQeJFJ53yH6NzU5Zmn91nAunivB) at epoch 0, sequence 8, previous digest Some(CheckpointDigest(5rhDvPoR143z9nWxhuXfbCoESwv8s2Uia6G8n6V3NqMt)), transactions count 1, content digest CheckpointContentsDigest(HPYV94MDHHszGn9X6pi8heRdCjviUGjhhZxe85VReiRm), end_of_epoch_data None
[2m2025-03-25T07:54:16.031527Z[0m [32m INFO[0m [1mnode[0m[1m{[0m[3mname[0m[2m=[0mk#addeef94..[1m}[0m[2m:[0m [2msui_core::checkpoints::checkpoint_executor[0m[2m:[0m [2mcrates/sui-core/src/checkpoints/checkpoint_executor/mod.rs[0m[2m:[0m[2m332:[0m Received checkpoint summary from state sync [3msequence_number[0m[2m=[0m7
[2m2025-03-25T07:54:16.031618Z[0m [32m INFO[0m [1mnode[0m[1m{[0m[3mname[0m[2m=[0mk#8dcff6d1..[1m}[0m[2m:[0m [2msui_core::checkpoints::checkpoint_executor[0m[2m:[0m [2mcrates/sui-core/src/checkpoints/checkpoint_executor/mod.rs[0m[2m:[0m[2m332:[0m Received checkpoint summary from state sync [3msequence_number[0m[2m=[0m6
[2m2025-03-25T07:54:16.031700Z[0m [32m INFO[0m [1mnode[0m[1m{[0m[3mname[0m[2m=[0mk#8dcff6d1..[1m}[0m[2m:[0m [2msui_core::checkpoints::checkpoint_executor[0m[2m:[0m [2mcrates/sui-core/src/checkpoints/checkpoint_executor/mod.rs[0m[2m:[0m[2m332:[0m Received checkpoint summary from state sync [3msequence_number[0m[2m=[0m7
[2m2025-03-25T07:54:16.032426Z[0m [32m INFO[0m [1mnode[0m[1m{[0m[3mname[0m[2m=[0mk#8dcff6d1..[1m}[0m[2m:[0m [2msui_core::state_accumulator[0m[2m:[0m [2mcrates/sui-core/src/state_accumulator.rs[0m[2m:[0m[2m675:[0m accumulating running root for checkpoint 7
[2m2025-03-25T07:54:16.032427Z[0m [32m INFO[0m [1mnode[0m[1m{[0m[3mname[0m[2m=[0mk#addeef94..[1m}[0m[2m:[0m [2msui_core::state_accumulator[0m[2m:[0m [2mcrates/sui-core/src/state_accumulator.rs[0m[2m:[0m[2m675:[0m accumulating running root for checkpoint 7
[2m2025-03-25T07:54:16.162034Z[0m [32m INFO[0m [1mnode[0m[1m{[0m[3mname[0m[2m=[0mk#addeef94..[1m}[0m[2m:[0m [2msui_core::checkpoints[0m[2m:[0m [2mcrates/sui-core/src/checkpoints/mod.rs[0m[2m:[0m[2m1326:[0m Creating checkpoint(s) for 1 transactions [3mnext_checkpoint_seq[0m[2m=[0m9 [3mcheckpoint_timestamp[0m[2m=[0m1742889255427
[2m2025-03-25T07:54:16.162307Z[0m [32m INFO[0m [1mnode[0m[1m{[0m[3mname[0m[2m=[0mk#addeef94..[1m}[0m[2m:[0m [2msui_core::checkpoints::checkpoint_output[0m[2m:[0m [2mcrates/sui-core/src/checkpoints/checkpoint_output.rs[0m[2m:[0m[2m149:[0m Creating checkpoint CheckpointDigest(F7FfXSrCT2sm45frjjmC46juBLtrwCf6kYTfz3hNw8yG) at epoch 0, sequence 9, previous digest Some(CheckpointDigest(DKbJjbmVnWZcrBERwjQeJFJ53yH6NzU5Zmn91nAunivB)), transactions count 1, content digest CheckpointContentsDigest(H11F4bGEwY7RbDj5deStr27rSCjpY5M5iwrEzPvR5GSy), end_of_epoch_data None
[2m2025-03-25T07:54:16.167557Z[0m [32m INFO[0m [1mnode[0m[1m{[0m[3mname[0m[2m=[0mk#8dcff6d1..[1m}[0m[2m:[0m [2msui_core::checkpoints[0m[2m:[0m [2mcrates/sui-core/src/checkpoints/mod.rs[0m[2m:[0m[2m1326:[0m Creating checkpoint(s) for 1 transactions [3mnext_checkpoint_seq[0m[2m=[0m9 [3mcheckpoint_timestamp[0m[2m=[0m1742889255427
[2m2025-03-25T07:54:16.167749Z[0m [32m INFO[0m [1mnode[0m[1m{[0m[3mname[0m[2m=[0mk#8dcff6d1..[1m}[0m[2m:[0m [2msui_core::checkpoints::checkpoint_output[0m[2m:[0m [2mcrates/sui-core/src/checkpoints/checkpoint_output.rs[0m[2m:[0m[2m149:[0m Creating checkpoint CheckpointDigest(F7FfXSrCT2sm45frjjmC46juBLtrwCf6kYTfz3hNw8yG) at epoch 0, sequence 9, previous digest Some(CheckpointDigest(DKbJjbmVnWZcrBERwjQeJFJ53yH6NzU5Zmn91nAunivB)), transactions count 1, content digest CheckpointContentsDigest(H11F4bGEwY7RbDj5deStr27rSCjpY5M5iwrEzPvR5GSy), end_of_epoch_data None
[2m2025-03-25T07:54:16.193275Z[0m [32m INFO[0m [1mnode[0m[1m{[0m[3mname[0m[2m=[0mk#addeef94..[1m}[0m[2m:[0m [2mconsensus_core::commit_syncer[0m[2m:[0m [2mconsensus/core/src/commit_syncer.rs[0m[2m:[0m[2m196:[0m Checking to schedule fetches: synced_commit_index=8, highest_handled_index=8, highest_scheduled_index=0, quorum_commit_index=0, unhandled_commits_threshold=3200
[2m2025-03-25T07:54:16.193745Z[0m [32m INFO[0m [1mnode[0m[1m{[0m[3mname[0m[2m=[0mk#addeef94..[1m}[0m[2m:[0m [2mconsensus_core::core[0m[2m:[0m [2mconsensus/core/src/core.rs[0m[2m:[0m[2m531:[0m Created block B11(C,f9YJVtINm4BsSylPavXmQDDYASSFWT1/uw1LmbicgVM=)(1742889256193ms;[B10(C,iJjhY8ForJcYUJl2oWAjrEm7W9qdjZR0kJtnSdtiRTo=), B10(A,jFuC+nb0rwyrbwO+ugt7s6mdk5/gPOVnBkGoqOUnKsY=)];2t;1c) for round 11
[2m2025-03-25T07:54:16.196550Z[0m [32m INFO[0m [1mnode[0m[1m{[0m[3mname[0m[2m=[0mk#8dcff6d1..[1m}[0m[2m:[0m [2mconsensus_core::core[0m[2m:[0m [2mconsensus/core/src/core.rs[0m[2m:[0m[2m531:[0m Created block B11(A,l0pNdM/5cpEWBjSn+2JSBtfOZ46X80wmmCuexlsvZP0=)(1742889256196ms;[B10(A,jFuC+nb0rwyrbwO+ugt7s6mdk5/gPOVnBkGoqOUnKsY=), B10(C,iJjhY8ForJcYUJl2oWAjrEm7W9qdjZR0kJtnSdtiRTo=)];2t;1c) for round 11
[2m2025-03-25T07:54:16.196633Z[0m [32m INFO[0m [1mnode[0m[1m{[0m[3mname[0m[2m=[0mk#8dcff6d1..[1m}[0m[2m:[0m [2mconsensus_core::core[0m[2m:[0m [2mconsensus/core/src/core.rs[0m[2m:[0m[2m630:[0m Committing 1 leaders: B9(C,u1HV)
[2m2025-03-25T07:54:16.196702Z[0m [32m INFO[0m [1mnode[0m[1m{[0m[3mname[0m[2m=[0mk#8dcff6d1..[1m}[0m[2m:[0m [2mconsensus_core::commit_observer[0m[2m:[0m [2mconsensus/core/src/commit_observer.rs[0m[2m:[0m[2m173:[0m Consensus commit C9(NfAb) with leader B9(C,u1HV) has 2 blocks
[2m2025-03-25T07:54:16.196793Z[0m [32m INFO[0m [1mnode[0m[1m{[0m[3mname[0m[2m=[0mk#8dcff6d1..[1m}[0m[2m:[0m [2msui_core::consensus_handler[0m[2m:[0m [2mcrates/sui-core/src/consensus_handler.rs[0m[2m:[0m[2m232:[0m Received consensus output [3mconsensus_commit[0m[2m=[0mCommittedSubDag(leader=B9(C,u1HV), ref=C9(NfAb), blocks=[y2ra, u1HV]) [3mepoch[0m[2m=[0m0
[2m2025-03-25T07:54:16.199576Z[0m [32m INFO[0m [1mnode[0m[1m{[0m[3mname[0m[2m=[0mk#addeef94..[1m}[0m[2m:[0m [2mconsensus_core::core[0m[2m:[0m [2mconsensus/core/src/core.rs[0m[2m:[0m[2m630:[0m Committing 1 leaders: B9(C,u1HV)
[2m2025-03-25T07:54:16.199665Z[0m [32m INFO[0m [1mnode[0m[1m{[0m[3mname[0m[2m=[0mk#addeef94..[1m}[0m[2m:[0m [2mconsensus_core::commit_observer[0m[2m:[0m [2mconsensus/core/src/commit_observer.rs[0m[2m:[0m[2m173:[0m Consensus commit C9(NfAb) with leader B9(C,u1HV) has 2 blocks
[2m2025-03-25T07:54:16.199740Z[0m [32m INFO[0m [1mnode[0m[1m{[0m[3mname[0m[2m=[0mk#addeef94..[1m}[0m[2m:[0m [2msui_core::consensus_handler[0m[2m:[0m [2mcrates/sui-core/src/consensus_handler.rs[0m[2m:[0m[2m232:[0m Received consensus output [3mconsensus_commit[0m[2m=[0mCommittedSubDag(leader=B9(C,u1HV), ref=C9(NfAb), blocks=[y2ra, u1HV]) [3mepoch[0m[2m=[0m0
[2m2025-03-25T07:54:16.277740Z[0m [32m INFO[0m [1mnode[0m[1m{[0m[3mname[0m[2m=[0mk#8dcff6d1..[1m}[0m[2m:[0m [2msui_core::checkpoints[0m[2m:[0m [2mcrates/sui-core/src/checkpoints/mod.rs[0m[2m:[0m[2m1326:[0m Creating checkpoint(s) for 1 transactions [3mnext_checkpoint_seq[0m[2m=[0m10 [3mcheckpoint_timestamp[0m[2m=[0m1742889255679
[2m2025-03-25T07:54:16.277995Z[0m [32m INFO[0m [1mnode[0m[1m{[0m[3mname[0m[2m=[0mk#8dcff6d1..[1m}[0m[2m:[0m [2msui_core::checkpoints::checkpoint_output[0m[2m:[0m [2mcrates/sui-core/src/checkpoints/checkpoint_output.rs[0m[2m:[0m[2m149:[0m Creating checkpoint CheckpointDigest(Bdoiw76E4RRy3M7FS76NVqfTCw1okkvjAsF39tTJnfPC) at epoch 0, sequence 10, previous digest Some(CheckpointDigest(F7FfXSrCT2sm45frjjmC46juBLtrwCf6kYTfz3hNw8yG)), transactions count 1, content digest CheckpointContentsDigest(2trY1P8iPZjvpPzXwcChPvkUGieg3b1CTLYZw8bfuduH), end_of_epoch_data None
[2m2025-03-25T07:54:16.280204Z[0m [32m INFO[0m [1mnode[0m[1m{[0m[3mname[0m[2m=[0mk#addeef94..[1m}[0m[2m:[0m [2msui_core::checkpoints[0m[2m:[0m [2mcrates/sui-core/src/checkpoints/mod.rs[0m[2m:[0m[2m1326:[0m Creating checkpoint(s) for 1 transactions [3mnext_checkpoint_seq[0m[2m=[0m10 [3mcheckpoint_timestamp[0m[2m=[0m1742889255679
[2m2025-03-25T07:54:16.280387Z[0m [32m INFO[0m [1mnode[0m[1m{[0m[3mname[0m[2m=[0mk#addeef94..[1m}[0m[2m:[0m [2msui_core::checkpoints::checkpoint_output[0m[2m:[0m [2mcrates/sui-core/src/checkpoints/checkpoint_output.rs[0m[2m:[0m[2m149:[0m Creating checkpoint CheckpointDigest(Bdoiw76E4RRy3M7FS76NVqfTCw1okkvjAsF39tTJnfPC) at epoch 0, sequence 10, previous digest Some(CheckpointDigest(F7FfXSrCT2sm45frjjmC46juBLtrwCf6kYTfz3hNw8yG)), transactions count 1, content digest CheckpointContentsDigest(2trY1P8iPZjvpPzXwcChPvkUGieg3b1CTLYZw8bfuduH), end_of_epoch_data None
[2m2025-03-25T07:54:16.285187Z[0m [32m INFO[0m [1mnode[0m[1m{[0m[3mname[0m[2m=[0mk#99f25ef6..[1m}[0m[2m:[0m [2msui_core::checkpoints[0m[2m:[0m [2mcrates/sui-core/src/checkpoints/mod.rs[0m[2m:[0m[2m1326:[0m Creating checkpoint(s) for 1 transactions [3mnext_checkpoint_seq[0m[2m=[0m9 [3mcheckpoint_timestamp[0m[2m=[0m1742889255427
[2m2025-03-25T07:54:16.285376Z[0m [32m INFO[0m [1mnode[0m[1m{[0m[3mname[0m[2m=[0mk#99f25ef6..[1m}[0m[2m:[0m [2msui_core::checkpoints::checkpoint_output[0m[2m:[0m [2mcrates/sui-core/src/checkpoints/checkpoint_output.rs[0m[2m:[0m[2m149:[0m Creating checkpoint CheckpointDigest(F7FfXSrCT2sm45frjjmC46juBLtrwCf6kYTfz3hNw8yG) at epoch 0, sequence 9, previous digest Some(CheckpointDigest(DKbJjbmVnWZcrBERwjQeJFJ53yH6NzU5Zmn91nAunivB)), transactions count 1, content digest CheckpointContentsDigest(H11F4bGEwY7RbDj5deStr27rSCjpY5M5iwrEzPvR5GSy), end_of_epoch_data None
[2m2025-03-25T07:54:16.297599Z[0m [32m INFO[0m [1mnode[0m[1m{[0m[3mname[0m[2m=[0mk#99f25ef6..[1m}[0m[2m:[0m [2mconsensus_core::core[0m[2m:[0m [2mconsensus/core/src/core.rs[0m[2m:[0m[2m531:[0m Created block B11(B,5fCuuUv2dC1JmDD0z3kfE7MH6QzDFqSgrT4bC5ogXXI=)(1742889256297ms;[B9(B,Bf0Qo3eTw4WLoNnzcTzAPDYK0AEozMq7nvxASr4lYUA=), B10(A,jFuC+nb0rwyrbwO+ugt7s6mdk5/gPOVnBkGoqOUnKsY=), B10(C,iJjhY8ForJcYUJl2oWAjrEm7W9qdjZR0kJtnSdtiRTo=)];2t;2c) for round 11
[2m2025-03-25T07:54:16.297780Z[0m [32m INFO[0m [1mnode[0m[1m{[0m[3mname[0m[2m=[0mk#99f25ef6..[1m}[0m[2m:[0m [2mconsensus_core::core[0m[2m:[0m [2mconsensus/core/src/core.rs[0m[2m:[0m[2m630:[0m Committing 1 leaders: B9(C,u1HV)
[2m2025-03-25T07:54:16.297869Z[0m [32m INFO[0m [1mnode[0m[1m{[0m[3mname[0m[2m=[0mk#99f25ef6..[1m}[0m[2m:[0m [2mconsensus_core::commit_observer[0m[2m:[0m [2mconsensus/core/src/commit_observer.rs[0m[2m:[0m[2m173:[0m Consensus commit C9(NfAb) with leader B9(C,u1HV) has 2 blocks
[2m2025-03-25T07:54:16.300117Z[0m [32m INFO[0m [1mnode[0m[1m{[0m[3mname[0m[2m=[0mk#99f25ef6..[1m}[0m[2m:[0m [2msui_core::checkpoints::checkpoint_output[0m[2m:[0m [2mcrates/sui-core/src/checkpoints/checkpoint_output.rs[0m[2m:[0m[2m196:[0m Certified checkpoint with sequence 8 and digest DKbJjbmVnWZcrBERwjQeJFJ53yH6NzU5Zmn91nAunivB
[2m2025-03-25T07:54:16.300139Z[0m [32m INFO[0m [1mnode[0m[1m{[0m[3mname[0m[2m=[0mk#99f25ef6..[1m}[0m[2m:[0m [2msui_core::checkpoints::checkpoint_output[0m[2m:[0m [2mcrates/sui-core/src/checkpoints/checkpoint_output.rs[0m[2m:[0m[2m196:[0m Certified checkpoint with sequence 9 and digest F7FfXSrCT2sm45frjjmC46juBLtrwCf6kYTfz3hNw8yG
[2m2025-03-25T07:54:16.300314Z[0m [32m INFO[0m [1mnode[0m[1m{[0m[3mname[0m[2m=[0mk#99f25ef6..[1m}[0m[2m:[0m [2msui_core::consensus_handler[0m[2m:[0m [2mcrates/sui-core/src/consensus_handler.rs[0m[2m:[0m[2m232:[0m Received consensus output [3mconsensus_commit[0m[2m=[0mCommittedSubDag(leader=B9(C,u1HV), ref=C9(NfAb), blocks=[y2ra, u1HV]) [3mepoch[0m[2m=[0m0
[2m2025-03-25T07:54:16.338867Z[0m [32m INFO[0m [1mnode[0m[1m{[0m[3mname[0m[2m=[0mk#99f25ef6..[1m}[0m[2m:[0m [2msui_core::checkpoints::checkpoint_executor[0m[2m:[0m [2mcrates/sui-core/src/checkpoints/checkpoint_executor/mod.rs[0m[2m:[0m[2m332:[0m Received checkpoint summary from state sync [3msequence_number[0m[2m=[0m8
[2m2025-03-25T07:54:16.339045Z[0m [32m INFO[0m [1mnode[0m[1m{[0m[3mname[0m[2m=[0mk#99f25ef6..[1m}[0m[2m:[0m [2msui_core::checkpoints::checkpoint_executor[0m[2m:[0m [2mcrates/sui-core/src/checkpoints/checkpoint_executor/mod.rs[0m[2m:[0m[2m332:[0m Received checkpoint summary from state sync [3msequence_number[0m[2m=[0m9
[2m2025-03-25T07:54:16.358712Z[0m [32m INFO[0m [1mnode[0m[1m{[0m[3mname[0m[2m=[0mk#99f25ef6..[1m}[0m[2m:[0m [2msui_core::state_accumulator[0m[2m:[0m [2mcrates/sui-core/src/state_accumulator.rs[0m[2m:[0m[2m675:[0m accumulating running root for checkpoint 8
[2m2025-03-25T07:54:16.359169Z[0m [32m INFO[0m [1mnode[0m[1m{[0m[3mname[0m[2m=[0mk#99f25ef6..[1m}[0m[2m:[0m [2msui_core::state_accumulator[0m[2m:[0m [2mcrates/sui-core/src/state_accumulator.rs[0m[2m:[0m[2m675:[0m accumulating running root for checkpoint 9
[2m2025-03-25T07:54:16.360227Z[0m [32m INFO[0m [1mnode[0m[1m{[0m[3mname[0m[2m=[0mk#addeef94..[1m}[0m[2m:[0m [2msui_core::checkpoints::checkpoint_executor[0m[2m:[0m [2mcrates/sui-core/src/checkpoints/checkpoint_executor/mod.rs[0m[2m:[0m[2m332:[0m Received checkpoint summary from state sync [3msequence_number[0m[2m=[0m8
[2m2025-03-25T07:54:16.360348Z[0m [32m INFO[0m [1mnode[0m[1m{[0m[3mname[0m[2m=[0mk#addeef94..[1m}[0m[2m:[0m [2msui_core::checkpoints::checkpoint_executor[0m[2m:[0m [2mcrates/sui-core/src/checkpoints/checkpoint_executor/mod.rs[0m[2m:[0m[2m332:[0m Received checkpoint summary from state sync [3msequence_number[0m[2m=[0m9
[2m2025-03-25T07:54:16.361507Z[0m [32m INFO[0m [1mnode[0m[1m{[0m[3mname[0m[2m=[0mk#addeef94..[1m}[0m[2m:[0m [2msui_core::state_accumulator[0m[2m:[0m [2mcrates/sui-core/src/state_accumulator.rs[0m[2m:[0m[2m675:[0m accumulating running root for checkpoint 8
[2m2025-03-25T07:54:16.361929Z[0m [32m INFO[0m [1mnode[0m[1m{[0m[3mname[0m[2m=[0mk#addeef94..[1m}[0m[2m:[0m [2msui_core::state_accumulator[0m[2m:[0m [2mcrates/sui-core/src/state_accumulator.rs[0m[2m:[0m[2m675:[0m accumulating running root for checkpoint 9
[2m2025-03-25T07:54:16.378837Z[0m [32m INFO[0m [1mnode[0m[1m{[0m[3mname[0m[2m=[0mk#8dcff6d1..[1m}[0m[2m:[0m [2msui_core::checkpoints[0m[2m:[0m [2mcrates/sui-core/src/checkpoints/mod.rs[0m[2m:[0m[2m1326:[0m Creating checkpoint(s) for 1 transactions [3mnext_checkpoint_seq[0m[2m=[0m11 [3mcheckpoint_timestamp[0m[2m=[0m1742889255679
[2m2025-03-25T07:54:16.379069Z[0m [32m INFO[0m [1mnode[0m[1m{[0m[3mname[0m[2m=[0mk#8dcff6d1..[1m}[0m[2m:[0m [2msui_core::checkpoints::checkpoint_output[0m[2m:[0m [2mcrates/sui-core/src/checkpoints/checkpoint_output.rs[0m[2m:[0m[2m149:[0m Creating checkpoint CheckpointDigest(69XKhBVck9fTW9AzttiVZ6y9nG7bS8z7xNa4TsA8Fvi4) at epoch 0, sequence 11, previous digest Some(CheckpointDigest(Bdoiw76E4RRy3M7FS76NVqfTCw1okkvjAsF39tTJnfPC)), transactions count 1, content digest CheckpointContentsDigest(6pRo2AGShjC6ew6b47HqtNQUdEmf5RsqDrzS1cDJFCwH), end_of_epoch_data None
[2m2025-03-25T07:54:16.382626Z[0m [32m INFO[0m [1mnode[0m[1m{[0m[3mname[0m[2m=[0mk#8dcff6d1..[1m}[0m[2m:[0m [2msui_core::checkpoints::checkpoint_output[0m[2m:[0m [2mcrates/sui-core/src/checkpoints/checkpoint_output.rs[0m[2m:[0m[2m196:[0m Certified checkpoint with sequence 8 and digest DKbJjbmVnWZcrBERwjQeJFJ53yH6NzU5Zmn91nAunivB
[2m2025-03-25T07:54:16.383162Z[0m [32m INFO[0m [1mnode[0m[1m{[0m[3mname[0m[2m=[0mk#8dcff6d1..[1m}[0m[2m:[0m [2msui_core::checkpoints::checkpoint_executor[0m[2m:[0m [2mcrates/sui-core/src/checkpoints/checkpoint_executor/mod.rs[0m[2m:[0m[2m332:[0m Received checkpoint summary from state sync [3msequence_number[0m[2m=[0m8
[2m2025-03-25T07:54:16.384188Z[0m [32m INFO[0m [1mnode[0m[1m{[0m[3mname[0m[2m=[0mk#8dcff6d1..[1m}[0m[2m:[0m [2msui_core::state_accumulator[0m[2m:[0m [2mcrates/sui-core/src/state_accumulator.rs[0m[2m:[0m[2m675:[0m accumulating running root for checkpoint 8
[2m2025-03-25T07:54:16.384400Z[0m [32m INFO[0m [1mnode[0m[1m{[0m[3mname[0m[2m=[0mk#99f25ef6..[1m}[0m[2m:[0m [2msui_core::checkpoints[0m[2m:[0m [2mcrates/sui-core/src/checkpoints/mod.rs[0m[2m:[0m[2m1326:[0m Creating checkpoint(s) for 1 transactions [3mnext_checkpoint_seq[0m[2m=[0m10 [3mcheckpoint_timestamp[0m[2m=[0m1742889255679
[2m2025-03-25T07:54:16.384592Z[0m [32m INFO[0m [1mnode[0m[1m{[0m[3mname[0m[2m=[0mk#99f25ef6..[1m}[0m[2m:[0m [2msui_core::checkpoints::checkpoint_output[0m[2m:[0m [2mcrates/sui-core/src/checkpoints/checkpoint_output.rs[0m[2m:[0m[2m149:[0m Creating checkpoint CheckpointDigest(Bdoiw76E4RRy3M7FS76NVqfTCw1okkvjAsF39tTJnfPC) at epoch 0, sequence 10, previous digest Some(CheckpointDigest(F7FfXSrCT2sm45frjjmC46juBLtrwCf6kYTfz3hNw8yG)), transactions count 1, content digest CheckpointContentsDigest(2trY1P8iPZjvpPzXwcChPvkUGieg3b1CTLYZw8bfuduH), end_of_epoch_data None
[2m2025-03-25T07:54:16.393374Z[0m [32m INFO[0m [1mnode[0m[1m{[0m[3mname[0m[2m=[0mk#8dcff6d1..[1m}[0m[2m:[0m [2msui_core::checkpoints::checkpoint_executor[0m[2m:[0m [2mcrates/sui-core/src/checkpoints/checkpoint_executor/mod.rs[0m[2m:[0m[2m332:[0m Received checkpoint summary from state sync [3msequence_number[0m[2m=[0m8
[2m2025-03-25T07:54:16.393459Z[0m [32m INFO[0m [1mnode[0m[1m{[0m[3mname[0m[2m=[0mk#8dcff6d1..[1m}[0m[2m:[0m [2msui_core::checkpoints::checkpoint_executor[0m[2m:[0m [2mcrates/sui-core/src/checkpoints/checkpoint_executor/mod.rs[0m[2m:[0m[2m332:[0m Received checkpoint summary from state sync [3msequence_number[0m[2m=[0m9
[2m2025-03-25T07:54:16.394349Z[0m [32m INFO[0m [1mnode[0m[1m{[0m[3mname[0m[2m=[0mk#8dcff6d1..[1m}[0m[2m:[0m [2msui_core::state_accumulator[0m[2m:[0m [2mcrates/sui-core/src/state_accumulator.rs[0m[2m:[0m[2m675:[0m accumulating running root for checkpoint 9
[2m2025-03-25T07:54:16.416402Z[0m [32m INFO[0m [1mnode[0m[1m{[0m[3mname[0m[2m=[0mk#8dcff6d1..[1m}[0m[2m:[0m [2mconsensus_core::commit_syncer[0m[2m:[0m [2mconsensus/core/src/commit_syncer.rs[0m[2m:[0m[2m196:[0m Checking to schedule fetches: synced_commit_index=9, highest_handled_index=9, highest_scheduled_index=0, quorum_commit_index=8, unhandled_commits_threshold=3200
[2m2025-03-25T07:54:16.449660Z[0m [32m INFO[0m [1mnode[0m[1m{[0m[3mname[0m[2m=[0mk#8dcff6d1..[1m}[0m[2m:[0m [2mconsensus_core::core[0m[2m:[0m [2mconsensus/core/src/core.rs[0m[2m:[0m[2m531:[0m Created block B12(A,lZAVdFRc9bCAcxAqC9xK2ezxudJQbfq2uxTc3hcNLGU=)(1742889256449ms;[B11(A,l0pNdM/5cpEWBjSn+2JSBtfOZ46X80wmmCuexlsvZP0=), B11(B,5fCuuUv2dC1JmDD0z3kfE7MH6QzDFqSgrT4bC5ogXXI=), B11(C,f9YJVtINm4BsSylPavXmQDDYASSFWT1/uw1LmbicgVM=)];2t;1c) for round 12
[2m2025-03-25T07:54:16.479216Z[0m [32m INFO[0m [1mnode[0m[1m{[0m[3mname[0m[2m=[0mk#addeef94..[1m}[0m[2m:[0m [2msui_core::checkpoints[0m[2m:[0m [2mcrates/sui-core/src/checkpoints/mod.rs[0m[2m:[0m[2m1326:[0m Creating checkpoint(s) for 1 transactions [3mnext_checkpoint_seq[0m[2m=[0m11 [3mcheckpoint_timestamp[0m[2m=[0m1742889255679
[2m2025-03-25T07:54:16.479468Z[0m [32m INFO[0m [1mnode[0m[1m{[0m[3mname[0m[2m=[0mk#addeef94..[1m}[0m[2m:[0m [2msui_core::checkpoints::checkpoint_output[0m[2m:[0m [2mcrates/sui-core/src/checkpoints/checkpoint_output.rs[0m[2m:[0m[2m149:[0m Creating checkpoint CheckpointDigest(69XKhBVck9fTW9AzttiVZ6y9nG7bS8z7xNa4TsA8Fvi4) at epoch 0, sequence 11, previous digest Some(CheckpointDigest(Bdoiw76E4RRy3M7FS76NVqfTCw1okkvjAsF39tTJnfPC)), transactions count 1, content digest CheckpointContentsDigest(6pRo2AGShjC6ew6b47HqtNQUdEmf5RsqDrzS1cDJFCwH), end_of_epoch_data None
[2m2025-03-25T07:54:16.482708Z[0m [32m INFO[0m [1mnode[0m[1m{[0m[3mname[0m[2m=[0mk#addeef94..[1m}[0m[2m:[0m [2mconsensus_core::core[0m[2m:[0m [2mconsensus/core/src/core.rs[0m[2m:[0m[2m531:[0m Created block B12(C,vJqmUGwJKRQfc9pZ2E1LnZUliB8jRk33j4KJCPMwOMA=)(1742889256482ms;[B11(C,f9YJVtINm4BsSylPavXmQDDYASSFWT1/uw1LmbicgVM=), B11(A,l0pNdM/5cpEWBjSn+2JSBtfOZ46X80wmmCuexlsvZP0=), B11(B,5fCuuUv2dC1JmDD0z3kfE7MH6QzDFqSgrT4bC5ogXXI=)];1t;1c) for round 12
[2m2025-03-25T07:54:16.491217Z[0m [32m INFO[0m [1mnode[0m[1m{[0m[3mname[0m[2m=[0mk#99f25ef6..[1m}[0m[2m:[0m [2msui_core::checkpoints[0m[2m:[0m [2mcrates/sui-core/src/checkpoints/mod.rs[0m[2m:[0m[2m1326:[0m Creating checkpoint(s) for 1 transactions [3mnext_checkpoint_seq[0m[2m=[0m11 [3mcheckpoint_timestamp[0m[2m=[0m1742889255679
[2m2025-03-25T07:54:16.491418Z[0m [32m INFO[0m [1mnode[0m[1m{[0m[3mname[0m[2m=[0mk#99f25ef6..[1m}[0m[2m:[0m [2msui_core::checkpoints::checkpoint_output[0m[2m:[0m [2mcrates/sui-core/src/checkpoints/checkpoint_output.rs[0m[2m:[0m[2m149:[0m Creating checkpoint CheckpointDigest(69XKhBVck9fTW9AzttiVZ6y9nG7bS8z7xNa4TsA8Fvi4) at epoch 0, sequence 11, previous digest Some(CheckpointDigest(Bdoiw76E4RRy3M7FS76NVqfTCw1okkvjAsF39tTJnfPC)), transactions count 1, content digest CheckpointContentsDigest(6pRo2AGShjC6ew6b47HqtNQUdEmf5RsqDrzS1cDJFCwH), end_of_epoch_data None
[2m2025-03-25T07:54:16.496311Z[0m [32m INFO[0m [1mnode[0m[1m{[0m[3mname[0m[2m=[0mk#99f25ef6..[1m}[0m[2m:[0m [2msui_core::checkpoints::checkpoint_output[0m[2m:[0m [2mcrates/sui-core/src/checkpoints/checkpoint_output.rs[0m[2m:[0m[2m196:[0m Certified checkpoint with sequence 10 and digest Bdoiw76E4RRy3M7FS76NVqfTCw1okkvjAsF39tTJnfPC
[2m2025-03-25T07:54:16.496881Z[0m [32m INFO[0m [1mnode[0m[1m{[0m[3mname[0m[2m=[0mk#99f25ef6..[1m}[0m[2m:[0m [2msui_core::checkpoints::checkpoint_executor[0m[2m:[0m [2mcrates/sui-core/src/checkpoints/checkpoint_executor/mod.rs[0m[2m:[0m[2m332:[0m Received checkpoint summary from state sync [3msequence_number[0m[2m=[0m10
[2m2025-03-25T07:54:16.497846Z[0m [32m INFO[0m [1mnode[0m[1m{[0m[3mname[0m[2m=[0mk#99f25ef6..[1m}[0m[2m:[0m [2msui_core::state_accumulator[0m[2m:[0m [2mcrates/sui-core/src/state_accumulator.rs[0m[2m:[0m[2m675:[0m accumulating running root for checkpoint 10
[2m2025-03-25T07:54:16.499647Z[0m [32m INFO[0m [1mnode[0m[1m{[0m[3mname[0m[2m=[0mk#addeef94..[1m}[0m[2m:[0m [2msui_core::checkpoints::checkpoint_executor[0m[2m:[0m [2mcrates/sui-core/src/checkpoints/checkpoint_executor/mod.rs[0m[2m:[0m[2m332:[0m Received checkpoint summary from state sync [3msequence_number[0m[2m=[0m10
[2m2025-03-25T07:54:16.499647Z[0m [32m INFO[0m [1mnode[0m[1m{[0m[3mname[0m[2m=[0mk#8dcff6d1..[1m}[0m[2m:[0m [2msui_core::checkpoints::checkpoint_executor[0m[2m:[0m [2mcrates/sui-core/src/checkpoints/checkpoint_executor/mod.rs[0m[2m:[0m[2m332:[0m Received checkpoint summary from state sync [3msequence_number[0m[2m=[0m10
[2m2025-03-25T07:54:16.500386Z[0m [32m INFO[0m [1mnode[0m[1m{[0m[3mname[0m[2m=[0mk#8dcff6d1..[1m}[0m[2m:[0m [2msui_core::state_accumulator[0m[2m:[0m [2mcrates/sui-core/src/state_accumulator.rs[0m[2m:[0m[2m675:[0m accumulating running root for checkpoint 10
[2m2025-03-25T07:54:16.500386Z[0m [32m INFO[0m [1mnode[0m[1m{[0m[3mname[0m[2m=[0mk#addeef94..[1m}[0m[2m:[0m [2msui_core::state_accumulator[0m[2m:[0m [2mcrates/sui-core/src/state_accumulator.rs[0m[2m:[0m[2m675:[0m accumulating running root for checkpoint 10
[2m2025-03-25T07:54:16.735382Z[0m [32m INFO[0m [1mnode[0m[1m{[0m[3mname[0m[2m=[0mk#addeef94..[1m}[0m[2m:[0m [2mconsensus_core::core[0m[2m:[0m [2mconsensus/core/src/core.rs[0m[2m:[0m[2m531:[0m Created block B13(C,s+rqdcmLcHZ9h0URFajNzRF1NJX6Un3MKP3hxcbNzx8=)(1742889256735ms;[B12(C,vJqmUGwJKRQfc9pZ2E1LnZUliB8jRk33j4KJCPMwOMA=), B12(A,lZAVdFRc9bCAcxAqC9xK2ezxudJQbfq2uxTc3hcNLGU=)];1t;0c) for round 13
[2m2025-03-25T07:54:16.737407Z[0m [32m INFO[0m [1mnode[0m[1m{[0m[3mname[0m[2m=[0mk#8dcff6d1..[1m}[0m[2m:[0m [2mconsensus_core::core[0m[2m:[0m [2mconsensus/core/src/core.rs[0m[2m:[0m[2m531:[0m Created block B13(A,xry6Hctt/qazkIR9BlF9Mld7o9IZnetUj4W9/JRwH9Q=)(1742889256737ms;[B12(A,lZAVdFRc9bCAcxAqC9xK2ezxudJQbfq2uxTc3hcNLGU=), B12(C,vJqmUGwJKRQfc9pZ2E1LnZUliB8jRk33j4KJCPMwOMA=)];0t;0c) for round 13
[2m2025-03-25T07:54:16.737589Z[0m [32m INFO[0m [1mnode[0m[1m{[0m[3mname[0m[2m=[0mk#8dcff6d1..[1m}[0m[2m:[0m [2mconsensus_core::core[0m[2m:[0m [2mconsensus/core/src/core.rs[0m[2m:[0m[2m630:[0m Committing 1 leaders: B11(B,5fCu)
[2m2025-03-25T07:54:16.737684Z[0m [32m INFO[0m [1mnode[0m[1m{[0m[3mname[0m[2m=[0mk#8dcff6d1..[1m}[0m[2m:[0m [2mconsensus_core::commit_observer[0m[2m:[0m [2mconsensus/core/src/commit_observer.rs[0m[2m:[0m[2m173:[0m Consensus commit C10(yi7p) with leader B11(B,5fCu) has 5 blocks
[2m2025-03-25T07:54:16.737993Z[0m [32m INFO[0m [1mnode[0m[1m{[0m[3mname[0m[2m=[0mk#8dcff6d1..[1m}[0m[2m:[0m [2msui_core::consensus_handler[0m[2m:[0m [2mcrates/sui-core/src/consensus_handler.rs[0m[2m:[0m[2m232:[0m Received consensus output [3mconsensus_commit[0m[2m=[0mCommittedSubDag(leader=B11(B,5fCu), ref=C10(yi7p), blocks=[DC49, Bf0Q, jFuC, iJjh, 5fCu]) [3mepoch[0m[2m=[0m0
[2m2025-03-25T07:54:16.738211Z[0m [32m INFO[0m [1mnode[0m[1m{[0m[3mname[0m[2m=[0mk#99f25ef6..[1m}[0m[2m:[0m [2msui_core::checkpoints::checkpoint_output[0m[2m:[0m [2mcrates/sui-core/src/checkpoints/checkpoint_output.rs[0m[2m:[0m[2m196:[0m Certified checkpoint with sequence 11 and digest 69XKhBVck9fTW9AzttiVZ6y9nG7bS8z7xNa4TsA8Fvi4
[2m2025-03-25T07:54:16.738700Z[0m [32m INFO[0m [1mnode[0m[1m{[0m[3mname[0m[2m=[0mk#99f25ef6..[1m}[0m[2m:[0m [2mconsensus_core::core[0m[2m:[0m [2mconsensus/core/src/core.rs[0m[2m:[0m[2m531:[0m Created block B13(B,+fJa9kc/RsnFTNwjhqNTebgRyGUrxE4tHh7iqHD8WDs=)(1742889256738ms;[B11(B,5fCuuUv2dC1JmDD0z3kfE7MH6QzDFqSgrT4bC5ogXXI=), B12(A,lZAVdFRc9bCAcxAqC9xK2ezxudJQbfq2uxTc3hcNLGU=), B12(C,vJqmUGwJKRQfc9pZ2E1LnZUliB8jRk33j4KJCPMwOMA=)];2t;1c) for round 13
[2m2025-03-25T07:54:16.738780Z[0m [32m INFO[0m [1mnode[0m[1m{[0m[3mname[0m[2m=[0mk#99f25ef6..[1m}[0m[2m:[0m [2mconsensus_core::core[0m[2m:[0m [2mconsensus/core/src/core.rs[0m[2m:[0m[2m630:[0m Committing 1 leaders: B11(B,5fCu)
[2m2025-03-25T07:54:16.738859Z[0m [32m INFO[0m [1mnode[0m[1m{[0m[3mname[0m[2m=[0mk#99f25ef6..[1m}[0m[2m:[0m [2mconsensus_core::commit_observer[0m[2m:[0m [2mconsensus/core/src/commit_observer.rs[0m[2m:[0m[2m173:[0m Consensus commit C10(yi7p) with leader B11(B,5fCu) has 5 blocks
[2m2025-03-25T07:54:16.739333Z[0m [32m INFO[0m [1mnode[0m[1m{[0m[3mname[0m[2m=[0mk#99f25ef6..[1m}[0m[2m:[0m [2msui_core::consensus_handler[0m[2m:[0m [2mcrates/sui-core/src/consensus_handler.rs[0m[2m:[0m[2m232:[0m Received consensus output [3mconsensus_commit[0m[2m=[0mCommittedSubDag(leader=B11(B,5fCu), ref=C10(yi7p), blocks=[DC49, Bf0Q, jFuC, iJjh, 5fCu]) [3mepoch[0m[2m=[0m0
[2m2025-03-25T07:54:16.739500Z[0m [32m INFO[0m [1mnode[0m[1m{[0m[3mname[0m[2m=[0mk#addeef94..[1m}[0m[2m:[0m [2mconsensus_core::core[0m[2m:[0m [2mconsensus/core/src/core.rs[0m[2m:[0m[2m630:[0m Committing 1 leaders: B11(B,5fCu)
[2m2025-03-25T07:54:16.739595Z[0m [32m INFO[0m [1mnode[0m[1m{[0m[3mname[0m[2m=[0mk#addeef94..[1m}[0m[2m:[0m [2mconsensus_core::commit_observer[0m[2m:[0m [2mconsensus/core/src/commit_observer.rs[0m[2m:[0m[2m173:[0m Consensus commit C10(yi7p) with leader B11(B,5fCu) has 5 blocks
[2m2025-03-25T07:54:16.739668Z[0m [32m INFO[0m [1mnode[0m[1m{[0m[3mname[0m[2m=[0mk#addeef94..[1m}[0m[2m:[0m [2msui_core::consensus_handler[0m[2m:[0m [2mcrates/sui-core/src/consensus_handler.rs[0m[2m:[0m[2m232:[0m Received consensus output [3mconsensus_commit[0m[2m=[0mCommittedSubDag(leader=B11(B,5fCu), ref=C10(yi7p), blocks=[DC49, Bf0Q, jFuC, iJjh, 5fCu]) [3mepoch[0m[2m=[0m0
[2m2025-03-25T07:54:16.740187Z[0m [32m INFO[0m [1mnode[0m[1m{[0m[3mname[0m[2m=[0mk#99f25ef6..[1m}[0m[2m:[0m [2msui_core::checkpoints::checkpoint_executor[0m[2m:[0m [2mcrates/sui-core/src/checkpoints/checkpoint_executor/mod.rs[0m[2m:[0m[2m332:[0m Received checkpoint summary from state sync [3msequence_number[0m[2m=[0m11
[2m2025-03-25T07:54:16.778842Z[0m [32m INFO[0m [1mnode[0m[1m{[0m[3mname[0m[2m=[0mk#99f25ef6..[1m}[0m[2m:[0m [2msui_core::state_accumulator[0m[2m:[0m [2mcrates/sui-core/src/state_accumulator.rs[0m[2m:[0m[2m675:[0m accumulating running root for checkpoint 11
[2m2025-03-25T07:54:16.822708Z[0m [32m INFO[0m [1mnode[0m[1m{[0m[3mname[0m[2m=[0mk#8dcff6d1..[1m}[0m[2m:[0m [2msui_core::checkpoints[0m[2m:[0m [2mcrates/sui-core/src/checkpoints/mod.rs[0m[2m:[0m[2m1326:[0m Creating checkpoint(s) for 1 transactions [3mnext_checkpoint_seq[0m[2m=[0m12 [3mcheckpoint_timestamp[0m[2m=[0m1742889256297
[2m2025-03-25T07:54:16.822708Z[0m [32m INFO[0m [1mnode[0m[1m{[0m[3mname[0m[2m=[0mk#99f25ef6..[1m}[0m[2m:[0m [2msui_core::checkpoints[0m[2m:[0m [2mcrates/sui-core/src/checkpoints/mod.rs[0m[2m:[0m[2m1326:[0m Creating checkpoint(s) for 1 transactions [3mnext_checkpoint_seq[0m[2m=[0m12 [3mcheckpoint_timestamp[0m[2m=[0m1742889256297
[2m2025-03-25T07:54:16.822961Z[0m [32m INFO[0m [1mnode[0m[1m{[0m[3mname[0m[2m=[0mk#99f25ef6..[1m}[0m[2m:[0m [2msui_core::checkpoints::checkpoint_output[0m[2m:[0m [2mcrates/sui-core/src/checkpoints/checkpoint_output.rs[0m[2m:[0m[2m149:[0m Creating checkpoint CheckpointDigest(49PtSupaYh3vqpSGULnFfp7wu1pwxWNm9NZ3h2fK3Dwr) at epoch 0, sequence 12, previous digest Some(CheckpointDigest(69XKhBVck9fTW9AzttiVZ6y9nG7bS8z7xNa4TsA8Fvi4)), transactions count 1, content digest CheckpointContentsDigest(AiMy2PBbjn1EKcaZjGafvwH5BwL5uPUTbJdmyoUjnnSN), end_of_epoch_data None
[2m2025-03-25T07:54:16.822961Z[0m [32m INFO[0m [1mnode[0m[1m{[0m[3mname[0m[2m=[0mk#8dcff6d1..[1m}[0m[2m:[0m [2msui_core::checkpoints::checkpoint_output[0m[2m:[0m [2mcrates/sui-core/src/checkpoints/checkpoint_output.rs[0m[2m:[0m[2m149:[0m Creating checkpoint CheckpointDigest(49PtSupaYh3vqpSGULnFfp7wu1pwxWNm9NZ3h2fK3Dwr) at epoch 0, sequence 12, previous digest Some(CheckpointDigest(69XKhBVck9fTW9AzttiVZ6y9nG7bS8z7xNa4TsA8Fvi4)), transactions count 1, content digest CheckpointContentsDigest(AiMy2PBbjn1EKcaZjGafvwH5BwL5uPUTbJdmyoUjnnSN), end_of_epoch_data None
[2m2025-03-25T07:54:16.823052Z[0m [32m INFO[0m [1mnode[0m[1m{[0m[3mname[0m[2m=[0mk#addeef94..[1m}[0m[2m:[0m [2msui_core::checkpoints[0m[2m:[0m [2mcrates/sui-core/src/checkpoints/mod.rs[0m[2m:[0m[2m1326:[0m Creating checkpoint(s) for 1 transactions [3mnext_checkpoint_seq[0m[2m=[0m12 [3mcheckpoint_timestamp[0m[2m=[0m1742889256297
[2m2025-03-25T07:54:16.823221Z[0m [32m INFO[0m [1mnode[0m[1m{[0m[3mname[0m[2m=[0mk#addeef94..[1m}[0m[2m:[0m [2msui_core::checkpoints::checkpoint_output[0m[2m:[0m [2mcrates/sui-core/src/checkpoints/checkpoint_output.rs[0m[2m:[0m[2m149:[0m Creating checkpoint CheckpointDigest(49PtSupaYh3vqpSGULnFfp7wu1pwxWNm9NZ3h2fK3Dwr) at epoch 0, sequence 12, previous digest Some(CheckpointDigest(69XKhBVck9fTW9AzttiVZ6y9nG7bS8z7xNa4TsA8Fvi4)), transactions count 1, content digest CheckpointContentsDigest(AiMy2PBbjn1EKcaZjGafvwH5BwL5uPUTbJdmyoUjnnSN), end_of_epoch_data None
[2m2025-03-25T07:54:16.826591Z[0m [32m INFO[0m [1mnode[0m[1m{[0m[3mname[0m[2m=[0mk#8dcff6d1..[1m}[0m[2m:[0m [2msui_core::checkpoints::checkpoint_output[0m[2m:[0m [2mcrates/sui-core/src/checkpoints/checkpoint_output.rs[0m[2m:[0m[2m196:[0m Certified checkpoint with sequence 11 and digest 69XKhBVck9fTW9AzttiVZ6y9nG7bS8z7xNa4TsA8Fvi4
[2m2025-03-25T07:54:16.827414Z[0m [32m INFO[0m [1mnode[0m[1m{[0m[3mname[0m[2m=[0mk#8dcff6d1..[1m}[0m[2m:[0m [2msui_core::checkpoints::checkpoint_executor[0m[2m:[0m [2mcrates/sui-core/src/checkpoints/checkpoint_executor/mod.rs[0m[2m:[0m[2m332:[0m Received checkpoint summary from state sync [3msequence_number[0m[2m=[0m11
[2m2025-03-25T07:54:16.827490Z[0m [32m INFO[0m [1mnode[0m[1m{[0m[3mname[0m[2m=[0mk#addeef94..[1m}[0m[2m:[0m [2msui_core::checkpoints::checkpoint_executor[0m[2m:[0m [2mcrates/sui-core/src/checkpoints/checkpoint_executor/mod.rs[0m[2m:[0m[2m332:[0m Received checkpoint summary from state sync [3msequence_number[0m[2m=[0m11
[2m2025-03-25T07:54:16.828666Z[0m [32m INFO[0m [1mnode[0m[1m{[0m[3mname[0m[2m=[0mk#addeef94..[1m}[0m[2m:[0m [2msui_core::state_accumulator[0m[2m:[0m [2mcrates/sui-core/src/state_accumulator.rs[0m[2m:[0m[2m675:[0m accumulating running root for checkpoint 11
[2m2025-03-25T07:54:16.828666Z[0m [32m INFO[0m [1mnode[0m[1m{[0m[3mname[0m[2m=[0mk#8dcff6d1..[1m}[0m[2m:[0m [2msui_core::state_accumulator[0m[2m:[0m [2mcrates/sui-core/src/state_accumulator.rs[0m[2m:[0m[2m675:[0m accumulating running root for checkpoint 11
[2m2025-03-25T07:54:16.934375Z[0m [32m INFO[0m [1mnode[0m[1m{[0m[3mname[0m[2m=[0mk#99f25ef6..[1m}[0m[2m:[0m [2msui_core::checkpoints[0m[2m:[0m [2mcrates/sui-core/src/checkpoints/mod.rs[0m[2m:[0m[2m1326:[0m Creating checkpoint(s) for 1 transactions [3mnext_checkpoint_seq[0m[2m=[0m13 [3mcheckpoint_timestamp[0m[2m=[0m1742889256297
[2m2025-03-25T07:54:16.934655Z[0m [32m INFO[0m [1mnode[0m[1m{[0m[3mname[0m[2m=[0mk#99f25ef6..[1m}[0m[2m:[0m [2msui_core::checkpoints::checkpoint_output[0m[2m:[0m [2mcrates/sui-core/src/checkpoints/checkpoint_output.rs[0m[2m:[0m[2m149:[0m Creating checkpoint CheckpointDigest(3VTgwiojS3SSLSC986P9HkW3HWnSD8CZ7RqKHFH1B2CA) at epoch 0, sequence 13, previous digest Some(CheckpointDigest(49PtSupaYh3vqpSGULnFfp7wu1pwxWNm9NZ3h2fK3Dwr)), transactions count 1, content digest CheckpointContentsDigest(4ziSGwjtq3rSnTYNAXMDjkYVWUusiY6p4vMkEt1qJVmw), end_of_epoch_data None
[2m2025-03-25T07:54:16.937519Z[0m [32m INFO[0m [1mnode[0m[1m{[0m[3mname[0m[2m=[0mk#8dcff6d1..[1m}[0m[2m:[0m [2msui_core::checkpoints[0m[2m:[0m [2mcrates/sui-core/src/checkpoints/mod.rs[0m[2m:[0m[2m1326:[0m Creating checkpoint(s) for 1 transactions [3mnext_checkpoint_seq[0m[2m=[0m13 [3mcheckpoint_timestamp[0m[2m=[0m1742889256297
[2m2025-03-25T07:54:16.937712Z[0m [32m INFO[0m [1mnode[0m[1m{[0m[3mname[0m[2m=[0mk#8dcff6d1..[1m}[0m[2m:[0m [2msui_core::checkpoints::checkpoint_output[0m[2m:[0m [2mcrates/sui-core/src/checkpoints/checkpoint_output.rs[0m[2m:[0m[2m149:[0m Creating checkpoint CheckpointDigest(3VTgwiojS3SSLSC986P9HkW3HWnSD8CZ7RqKHFH1B2CA) at epoch 0, sequence 13, previous digest Some(CheckpointDigest(49PtSupaYh3vqpSGULnFfp7wu1pwxWNm9NZ3h2fK3Dwr)), transactions count 1, content digest CheckpointContentsDigest(4ziSGwjtq3rSnTYNAXMDjkYVWUusiY6p4vMkEt1qJVmw), end_of_epoch_data None
[2m2025-03-25T07:54:16.988261Z[0m [32m INFO[0m [1mnode[0m[1m{[0m[3mname[0m[2m=[0mk#addeef94..[1m}[0m[2m:[0m [2msui_core::checkpoints[0m[2m:[0m [2mcrates/sui-core/src/checkpoints/mod.rs[0m[2m:[0m[2m1326:[0m Creating checkpoint(s) for 1 transactions [3mnext_checkpoint_seq[0m[2m=[0m13 [3mcheckpoint_timestamp[0m[2m=[0m1742889256297
[2m2025-03-25T07:54:16.988478Z[0m [32m INFO[0m [1mnode[0m[1m{[0m[3mname[0m[2m=[0mk#addeef94..[1m}[0m[2m:[0m [2msui_core::checkpoints::checkpoint_output[0m[2m:[0m [2mcrates/sui-core/src/checkpoints/checkpoint_output.rs[0m[2m:[0m[2m149:[0m Creating checkpoint CheckpointDigest(3VTgwiojS3SSLSC986P9HkW3HWnSD8CZ7RqKHFH1B2CA) at epoch 0, sequence 13, previous digest Some(CheckpointDigest(49PtSupaYh3vqpSGULnFfp7wu1pwxWNm9NZ3h2fK3Dwr)), transactions count 1, content digest CheckpointContentsDigest(4ziSGwjtq3rSnTYNAXMDjkYVWUusiY6p4vMkEt1qJVmw), end_of_epoch_data None
[2m2025-03-25T07:54:16.989760Z[0m [32m INFO[0m [1mnode[0m[1m{[0m[3mname[0m[2m=[0mk#8dcff6d1..[1m}[0m[2m:[0m [2mconsensus_core::core[0m[2m:[0m [2mconsensus/core/src/core.rs[0m[2m:[0m[2m531:[0m Created block B14(A,4Fr6/zKc6gz2tGmRl4NpQdt7NADEi1oR/kNlyzAbIjA=)(1742889256989ms;[B13(A,xry6Hctt/qazkIR9BlF9Mld7o9IZnetUj4W9/JRwH9Q=), B13(B,+fJa9kc/RsnFTNwjhqNTebgRyGUrxE4tHh7iqHD8WDs=), B13(C,s+rqdcmLcHZ9h0URFajNzRF1NJX6Un3MKP3hxcbNzx8=)];2t;1c) for round 14
[2m2025-03-25T07:54:16.990419Z[0m [32m INFO[0m [1mnode[0m[1m{[0m[3mname[0m[2m=[0mk#99f25ef6..[1m}[0m[2m:[0m [2mconsensus_core::core[0m[2m:[0m [2mconsensus/core/src/core.rs[0m[2m:[0m[2m531:[0m Created block B14(B,Qul1uqWL5fQQKZIMImGDnTi/jTEDemH0NOKKPh/dyz4=)(1742889256990ms;[B13(B,+fJa9kc/RsnFTNwjhqNTebgRyGUrxE4tHh7iqHD8WDs=), B13(A,xry6Hctt/qazkIR9BlF9Mld7o9IZnetUj4W9/JRwH9Q=), B13(C,s+rqdcmLcHZ9h0URFajNzRF1NJX6Un3MKP3hxcbNzx8=)];2t;1c) for round 14
[2m2025-03-25T07:54:16.999062Z[0m [32m INFO[0m [1mnode[0m[1m{[0m[3mname[0m[2m=[0mk#addeef94..[1m}[0m[2m:[0m [2mconsensus_core::core[0m[2m:[0m [2mconsensus/core/src/core.rs[0m[2m:[0m[2m531:[0m Created block B14(C,iv9h9SsznjiuYaGoKvz5nKLhBpl53Ks5OUcDbumLKF8=)(1742889256998ms;[B13(C,s+rqdcmLcHZ9h0URFajNzRF1NJX6Un3MKP3hxcbNzx8=), B13(A,xry6Hctt/qazkIR9BlF9Mld7o9IZnetUj4W9/JRwH9Q=), B13(B,+fJa9kc/RsnFTNwjhqNTebgRyGUrxE4tHh7iqHD8WDs=)];2t;1c) for round 14
[2m2025-03-25T07:54:16.999235Z[0m [32m INFO[0m [1mnode[0m[1m{[0m[3mname[0m[2m=[0mk#addeef94..[1m}[0m[2m:[0m [2mconsensus_core::core[0m[2m:[0m [2mconsensus/core/src/core.rs[0m[2m:[0m[2m630:[0m Committing 1 leaders: B12(A,lZAV)
[2m2025-03-25T07:54:16.999322Z[0m [32m INFO[0m [1mnode[0m[1m{[0m[3mname[0m[2m=[0mk#addeef94..[1m}[0m[2m:[0m [2mconsensus_core::commit_observer[0m[2m:[0m [2mconsensus/core/src/commit_observer.rs[0m[2m:[0m[2m173:[0m Consensus commit C11(43Rj) with leader B12(A,lZAV) has 3 blocks
[2m2025-03-25T07:54:16.999665Z[0m [32m INFO[0m [1mnode[0m[1m{[0m[3mname[0m[2m=[0mk#addeef94..[1m}[0m[2m:[0m [2msui_core::consensus_handler[0m[2m:[0m [2mcrates/sui-core/src/consensus_handler.rs[0m[2m:[0m[2m232:[0m Received consensus output [3mconsensus_commit[0m[2m=[0mCommittedSubDag(leader=B12(A,lZAV), ref=C11(43Rj), blocks=[l0pN, f9YJ, lZAV]) [3mepoch[0m[2m=[0m0
[2m2025-03-25T07:54:17.002565Z[0m [32m INFO[0m [1mnode[0m[1m{[0m[3mname[0m[2m=[0mk#8dcff6d1..[1m}[0m[2m:[0m [2mconsensus_core::core[0m[2m:[0m [2mconsensus/core/src/core.rs[0m[2m:[0m[2m630:[0m Committing 1 leaders: B12(A,lZAV)
[2m2025-03-25T07:54:17.002574Z[0m [32m INFO[0m [1mnode[0m[1m{[0m[3mname[0m[2m=[0mk#99f25ef6..[1m}[0m[2m:[0m [2mconsensus_core::core[0m[2m:[0m [2mconsensus/core/src/core.rs[0m[2m:[0m[2m630:[0m Committing 1 leaders: B12(A,lZAV)
[2m2025-03-25T07:54:17.002645Z[0m [32m INFO[0m [1mnode[0m[1m{[0m[3mname[0m[2m=[0mk#8dcff6d1..[1m}[0m[2m:[0m [2mconsensus_core::commit_observer[0m[2m:[0m [2mconsensus/core/src/commit_observer.rs[0m[2m:[0m[2m173:[0m Consensus commit C11(43Rj) with leader B12(A,lZAV) has 3 blocks
[2m2025-03-25T07:54:17.002656Z[0m [32m INFO[0m [1mnode[0m[1m{[0m[3mname[0m[2m=[0mk#99f25ef6..[1m}[0m[2m:[0m [2mconsensus_core::commit_observer[0m[2m:[0m [2mconsensus/core/src/commit_observer.rs[0m[2m:[0m[2m173:[0m Consensus commit C11(43Rj) with leader B12(A,lZAV) has 3 blocks
[2m2025-03-25T07:54:17.002716Z[0m [32m INFO[0m [1mnode[0m[1m{[0m[3mname[0m[2m=[0mk#8dcff6d1..[1m}[0m[2m:[0m [2msui_core::consensus_handler[0m[2m:[0m [2mcrates/sui-core/src/consensus_handler.rs[0m[2m:[0m[2m232:[0m Received consensus output [3mconsensus_commit[0m[2m=[0mCommittedSubDag(leader=B12(A,lZAV), ref=C11(43Rj), blocks=[l0pN, f9YJ, lZAV]) [3mepoch[0m[2m=[0m0
[2m2025-03-25T07:54:17.002724Z[0m [32m INFO[0m [1mnode[0m[1m{[0m[3mname[0m[2m=[0mk#99f25ef6..[1m}[0m[2m:[0m [2msui_core::consensus_handler[0m[2m:[0m [2mcrates/sui-core/src/consensus_handler.rs[0m[2m:[0m[2m232:[0m Received consensus output [3mconsensus_commit[0m[2m=[0mCommittedSubDag(leader=B12(A,lZAV), ref=C11(43Rj), blocks=[l0pN, f9YJ, lZAV]) [3mepoch[0m[2m=[0m0
[2m2025-03-25T07:54:17.087088Z[0m [32m INFO[0m [1mnode[0m[1m{[0m[3mname[0m[2m=[0mk#addeef94..[1m}[0m[2m:[0m [2msui_core::checkpoints[0m[2m:[0m [2mcrates/sui-core/src/checkpoints/mod.rs[0m[2m:[0m[2m1326:[0m Creating checkpoint(s) for 1 transactions [3mnext_checkpoint_seq[0m[2m=[0m14 [3mcheckpoint_timestamp[0m[2m=[0m1742889256449
[2m2025-03-25T07:54:17.087354Z[0m [32m INFO[0m [1mnode[0m[1m{[0m[3mname[0m[2m=[0mk#addeef94..[1m}[0m[2m:[0m [2msui_core::checkpoints::checkpoint_output[0m[2m:[0m [2mcrates/sui-core/src/checkpoints/checkpoint_output.rs[0m[2m:[0m[2m149:[0m Creating checkpoint CheckpointDigest(CSGzYHUSq8JFzJ8HabtAqU1QKBS6eESDau9Ze7kJBNaf) at epoch 0, sequence 14, previous digest Some(CheckpointDigest(3VTgwiojS3SSLSC986P9HkW3HWnSD8CZ7RqKHFH1B2CA)), transactions count 1, content digest CheckpointContentsDigest(5nixaBFqNjAdyMbYTaPvLsKiGeM4znNfLwN7u258bjFF), end_of_epoch_data None
[2m2025-03-25T07:54:17.087956Z[0m [32m INFO[0m [1mnode[0m[1m{[0m[3mname[0m[2m=[0mk#8dcff6d1..[1m}[0m[2m:[0m [2msui_core::checkpoints[0m[2m:[0m [2mcrates/sui-core/src/checkpoints/mod.rs[0m[2m:[0m[2m1326:[0m Creating checkpoint(s) for 1 transactions [3mnext_checkpoint_seq[0m[2m=[0m14 [3mcheckpoint_timestamp[0m[2m=[0m1742889256449
[2m2025-03-25T07:54:17.088131Z[0m [32m INFO[0m [1mnode[0m[1m{[0m[3mname[0m[2m=[0mk#8dcff6d1..[1m}[0m[2m:[0m [2msui_core::checkpoints::checkpoint_output[0m[2m:[0m [2mcrates/sui-core/src/checkpoints/checkpoint_output.rs[0m[2m:[0m[2m149:[0m Creating checkpoint CheckpointDigest(CSGzYHUSq8JFzJ8HabtAqU1QKBS6eESDau9Ze7kJBNaf) at epoch 0, sequence 14, previous digest Some(CheckpointDigest(3VTgwiojS3SSLSC986P9HkW3HWnSD8CZ7RqKHFH1B2CA)), transactions count 1, content digest CheckpointContentsDigest(5nixaBFqNjAdyMbYTaPvLsKiGeM4znNfLwN7u258bjFF), end_of_epoch_data None
[2m2025-03-25T07:54:17.088880Z[0m [32m INFO[0m [1mnode[0m[1m{[0m[3mname[0m[2m=[0mk#99f25ef6..[1m}[0m[2m:[0m [2msui_core::checkpoints[0m[2m:[0m [2mcrates/sui-core/src/checkpoints/mod.rs[0m[2m:[0m[2m1326:[0m Creating checkpoint(s) for 1 transactions [3mnext_checkpoint_seq[0m[2m=[0m14 [3mcheckpoint_timestamp[0m[2m=[0m1742889256449
[2m2025-03-25T07:54:17.089051Z[0m [32m INFO[0m [1mnode[0m[1m{[0m[3mname[0m[2m=[0mk#99f25ef6..[1m}[0m[2m:[0m [2msui_core::checkpoints::checkpoint_output[0m[2m:[0m [2mcrates/sui-core/src/checkpoints/checkpoint_output.rs[0m[2m:[0m[2m149:[0m Creating checkpoint CheckpointDigest(CSGzYHUSq8JFzJ8HabtAqU1QKBS6eESDau9Ze7kJBNaf) at epoch 0, sequence 14, previous digest Some(CheckpointDigest(3VTgwiojS3SSLSC986P9HkW3HWnSD8CZ7RqKHFH1B2CA)), transactions count 1, content digest CheckpointContentsDigest(5nixaBFqNjAdyMbYTaPvLsKiGeM4znNfLwN7u258bjFF), end_of_epoch_data None
[2m2025-03-25T07:54:17.092434Z[0m [32m INFO[0m [1mnode[0m[1m{[0m[3mname[0m[2m=[0mk#8dcff6d1..[1m}[0m[2m:[0m [2msui_core::checkpoints::checkpoint_output[0m[2m:[0m [2mcrates/sui-core/src/checkpoints/checkpoint_output.rs[0m[2m:[0m[2m196:[0m Certified checkpoint with sequence 12 and digest 49PtSupaYh3vqpSGULnFfp7wu1pwxWNm9NZ3h2fK3Dwr
[2m2025-03-25T07:54:17.092456Z[0m [32m INFO[0m [1mnode[0m[1m{[0m[3mname[0m[2m=[0mk#8dcff6d1..[1m}[0m[2m:[0m [2msui_core::checkpoints::checkpoint_output[0m[2m:[0m [2mcrates/sui-core/src/checkpoints/checkpoint_output.rs[0m[2m:[0m[2m196:[0m Certified checkpoint with sequence 13 and digest 3VTgwiojS3SSLSC986P9HkW3HWnSD8CZ7RqKHFH1B2CA
[2m2025-03-25T07:54:17.093265Z[0m [32m INFO[0m [1mnode[0m[1m{[0m[3mname[0m[2m=[0mk#8dcff6d1..[1m}[0m[2m:[0m [2msui_core::checkpoints::checkpoint_executor[0m[2m:[0m [2mcrates/sui-core/src/checkpoints/checkpoint_executor/mod.rs[0m[2m:[0m[2m332:[0m Received checkpoint summary from state sync [3msequence_number[0m[2m=[0m12
[2m2025-03-25T07:54:17.093351Z[0m [32m INFO[0m [1mnode[0m[1m{[0m[3mname[0m[2m=[0mk#99f25ef6..[1m}[0m[2m:[0m [2msui_core::checkpoints::checkpoint_output[0m[2m:[0m [2mcrates/sui-core/src/checkpoints/checkpoint_output.rs[0m[2m:[0m[2m196:[0m Certified checkpoint with sequence 12 and digest 49PtSupaYh3vqpSGULnFfp7wu1pwxWNm9NZ3h2fK3Dwr
[2m2025-03-25T07:54:17.093370Z[0m [32m INFO[0m [1mnode[0m[1m{[0m[3mname[0m[2m=[0mk#99f25ef6..[1m}[0m[2m:[0m [2msui_core::checkpoints::checkpoint_output[0m[2m:[0m [2mcrates/sui-core/src/checkpoints/checkpoint_output.rs[0m[2m:[0m[2m196:[0m Certified checkpoint with sequence 13 and digest 3VTgwiojS3SSLSC986P9HkW3HWnSD8CZ7RqKHFH1B2CA
[2m2025-03-25T07:54:17.093392Z[0m [32m INFO[0m [1mnode[0m[1m{[0m[3mname[0m[2m=[0mk#8dcff6d1..[1m}[0m[2m:[0m [2msui_core::checkpoints::checkpoint_executor[0m[2m:[0m [2mcrates/sui-core/src/checkpoints/checkpoint_executor/mod.rs[0m[2m:[0m[2m332:[0m Received checkpoint summary from state sync [3msequence_number[0m[2m=[0m13
[2m2025-03-25T07:54:17.094180Z[0m [32m INFO[0m [1mnode[0m[1m{[0m[3mname[0m[2m=[0mk#99f25ef6..[1m}[0m[2m:[0m [2msui_core::checkpoints::checkpoint_executor[0m[2m:[0m [2mcrates/sui-core/src/checkpoints/checkpoint_executor/mod.rs[0m[2m:[0m[2m332:[0m Received checkpoint summary from state sync [3msequence_number[0m[2m=[0m12
[2m2025-03-25T07:54:17.094295Z[0m [32m INFO[0m [1mnode[0m[1m{[0m[3mname[0m[2m=[0mk#99f25ef6..[1m}[0m[2m:[0m [2msui_core::checkpoints::checkpoint_executor[0m[2m:[0m [2mcrates/sui-core/src/checkpoints/checkpoint_executor/mod.rs[0m[2m:[0m[2m332:[0m Received checkpoint summary from state sync [3msequence_number[0m[2m=[0m13
[2m2025-03-25T07:54:17.095018Z[0m [32m INFO[0m [1mnode[0m[1m{[0m[3mname[0m[2m=[0mk#8dcff6d1..[1m}[0m[2m:[0m [2msui_core::state_accumulator[0m[2m:[0m [2mcrates/sui-core/src/state_accumulator.rs[0m[2m:[0m[2m675:[0m accumulating running root for checkpoint 12
[2m2025-03-25T07:54:17.095449Z[0m [32m INFO[0m [1mnode[0m[1m{[0m[3mname[0m[2m=[0mk#8dcff6d1..[1m}[0m[2m:[0m [2msui_core::state_accumulator[0m[2m:[0m [2mcrates/sui-core/src/state_accumulator.rs[0m[2m:[0m[2m675:[0m accumulating running root for checkpoint 13
[2m2025-03-25T07:54:17.095791Z[0m [32m INFO[0m [1mnode[0m[1m{[0m[3mname[0m[2m=[0mk#99f25ef6..[1m}[0m[2m:[0m [2msui_core::state_accumulator[0m[2m:[0m [2mcrates/sui-core/src/state_accumulator.rs[0m[2m:[0m[2m675:[0m accumulating running root for checkpoint 12
[2m2025-03-25T07:54:17.096207Z[0m [32m INFO[0m [1mnode[0m[1m{[0m[3mname[0m[2m=[0mk#99f25ef6..[1m}[0m[2m:[0m [2msui_core::state_accumulator[0m[2m:[0m [2mcrates/sui-core/src/state_accumulator.rs[0m[2m:[0m[2m675:[0m accumulating running root for checkpoint 13
[2m2025-03-25T07:54:17.190409Z[0m [32m INFO[0m [1mnode[0m[1m{[0m[3mname[0m[2m=[0mk#addeef94..[1m}[0m[2m:[0m [2msui_core::checkpoints[0m[2m:[0m [2mcrates/sui-core/src/checkpoints/mod.rs[0m[2m:[0m[2m1326:[0m Creating checkpoint(s) for 1 transactions [3mnext_checkpoint_seq[0m[2m=[0m15 [3mcheckpoint_timestamp[0m[2m=[0m1742889256449
[2m2025-03-25T07:54:17.190665Z[0m [32m INFO[0m [1mnode[0m[1m{[0m[3mname[0m[2m=[0mk#addeef94..[1m}[0m[2m:[0m [2msui_core::checkpoints::checkpoint_output[0m[2m:[0m [2mcrates/sui-core/src/checkpoints/checkpoint_output.rs[0m[2m:[0m[2m149:[0m Creating checkpoint CheckpointDigest(9AszzEBdQpZ8zRVm2TEwa3JJ5dj6RG42zvvGd94dGKpc) at epoch 0, sequence 15, previous digest Some(CheckpointDigest(CSGzYHUSq8JFzJ8HabtAqU1QKBS6eESDau9Ze7kJBNaf)), transactions count 1, content digest CheckpointContentsDigest(EPEEHTmM7aAj1N9rzV2xeh8G2hjvRaJ5fs9L8xdiPjFX), end_of_epoch_data None
[2m2025-03-25T07:54:17.194081Z[0m [32m INFO[0m [1mnode[0m[1m{[0m[3mname[0m[2m=[0mk#8dcff6d1..[1m}[0m[2m:[0m [2msui_core::checkpoints[0m[2m:[0m [2mcrates/sui-core/src/checkpoints/mod.rs[0m[2m:[0m[2m1326:[0m Creating checkpoint(s) for 1 transactions [3mnext_checkpoint_seq[0m[2m=[0m15 [3mcheckpoint_timestamp[0m[2m=[0m1742889256449
[2m2025-03-25T07:54:17.194275Z[0m [32m INFO[0m [1mnode[0m[1m{[0m[3mname[0m[2m=[0mk#8dcff6d1..[1m}[0m[2m:[0m [2msui_core::checkpoints::checkpoint_output[0m[2m:[0m [2mcrates/sui-core/src/checkpoints/checkpoint_output.rs[0m[2m:[0m[2m149:[0m Creating checkpoint CheckpointDigest(9AszzEBdQpZ8zRVm2TEwa3JJ5dj6RG42zvvGd94dGKpc) at epoch 0, sequence 15, previous digest Some(CheckpointDigest(CSGzYHUSq8JFzJ8HabtAqU1QKBS6eESDau9Ze7kJBNaf)), transactions count 1, content digest CheckpointContentsDigest(EPEEHTmM7aAj1N9rzV2xeh8G2hjvRaJ5fs9L8xdiPjFX), end_of_epoch_data None
[2m2025-03-25T07:54:17.194372Z[0m [32m INFO[0m [1mnode[0m[1m{[0m[3mname[0m[2m=[0mk#addeef94..[1m}[0m[2m:[0m [2msui_core::checkpoints::checkpoint_executor[0m[2m:[0m [2mcrates/sui-core/src/checkpoints/checkpoint_executor/mod.rs[0m[2m:[0m[2m332:[0m Received checkpoint summary from state sync [3msequence_number[0m[2m=[0m12
[2m2025-03-25T07:54:17.194509Z[0m [32m INFO[0m [1mnode[0m[1m{[0m[3mname[0m[2m=[0mk#addeef94..[1m}[0m[2m:[0m [2msui_core::checkpoints::checkpoint_executor[0m[2m:[0m [2mcrates/sui-core/src/checkpoints/checkpoint_executor/mod.rs[0m[2m:[0m[2m332:[0m Received checkpoint summary from state sync [3msequence_number[0m[2m=[0m13
[2m2025-03-25T07:54:17.195782Z[0m [32m INFO[0m [1mnode[0m[1m{[0m[3mname[0m[2m=[0mk#addeef94..[1m}[0m[2m:[0m [2msui_core::state_accumulator[0m[2m:[0m [2mcrates/sui-core/src/state_accumulator.rs[0m[2m:[0m[2m675:[0m accumulating running root for checkpoint 12
[2m2025-03-25T07:54:17.196211Z[0m [32m INFO[0m [1mnode[0m[1m{[0m[3mname[0m[2m=[0mk#addeef94..[1m}[0m[2m:[0m [2msui_core::state_accumulator[0m[2m:[0m [2mcrates/sui-core/src/state_accumulator.rs[0m[2m:[0m[2m675:[0m accumulating running root for checkpoint 13
[2m2025-03-25T07:54:17.202880Z[0m [32m INFO[0m [1mnode[0m[1m{[0m[3mname[0m[2m=[0mk#99f25ef6..[1m}[0m[2m:[0m [2msui_core::checkpoints[0m[2m:[0m [2mcrates/sui-core/src/checkpoints/mod.rs[0m[2m:[0m[2m1326:[0m Creating checkpoint(s) for 1 transactions [3mnext_checkpoint_seq[0m[2m=[0m15 [3mcheckpoint_timestamp[0m[2m=[0m1742889256449
[2m2025-03-25T07:54:17.203074Z[0m [32m INFO[0m [1mnode[0m[1m{[0m[3mname[0m[2m=[0mk#99f25ef6..[1m}[0m[2m:[0m [2msui_core::checkpoints::checkpoint_output[0m[2m:[0m [2mcrates/sui-core/src/checkpoints/checkpoint_output.rs[0m[2m:[0m[2m149:[0m Creating checkpoint CheckpointDigest(9AszzEBdQpZ8zRVm2TEwa3JJ5dj6RG42zvvGd94dGKpc) at epoch 0, sequence 15, previous digest Some(CheckpointDigest(CSGzYHUSq8JFzJ8HabtAqU1QKBS6eESDau9Ze7kJBNaf)), transactions count 1, content digest CheckpointContentsDigest(EPEEHTmM7aAj1N9rzV2xeh8G2hjvRaJ5fs9L8xdiPjFX), end_of_epoch_data None
[2m2025-03-25T07:54:17.252147Z[0m [32m INFO[0m [1mnode[0m[1m{[0m[3mname[0m[2m=[0mk#addeef94..[1m}[0m[2m:[0m [2mconsensus_core::core[0m[2m:[0m [2mconsensus/core/src/core.rs[0m[2m:[0m[2m531:[0m Created block B15(C,W9VZ6BLofLXcL7vC2bp8FUNsyWA8C25dkC5QAq6fbAY=)(1742889257251ms;[B14(C,iv9h9SsznjiuYaGoKvz5nKLhBpl53Ks5OUcDbumLKF8=), B14(A,4Fr6/zKc6gz2tGmRl4NpQdt7NADEi1oR/kNlyzAbIjA=), B14(B,Qul1uqWL5fQQKZIMImGDnTi/jTEDemH0NOKKPh/dyz4=)];2t;1c) for round 15
[2m2025-03-25T07:54:17.254790Z[0m [32m INFO[0m [1mnode[0m[1m{[0m[3mname[0m[2m=[0mk#8dcff6d1..[1m}[0m[2m:[0m [2mconsensus_core::core[0m[2m:[0m [2mconsensus/core/src/core.rs[0m[2m:[0m[2m531:[0m Created block B15(A,upkxpSn2KeLMLZSa7Q/k2Q4XbHKhd8BPhi01pu0/ekI=)(1742889257254ms;[B14(A,4Fr6/zKc6gz2tGmRl4NpQdt7NADEi1oR/kNlyzAbIjA=), B14(B,Qul1uqWL5fQQKZIMImGDnTi/jTEDemH0NOKKPh/dyz4=), B14(C,iv9h9SsznjiuYaGoKvz5nKLhBpl53Ks5OUcDbumLKF8=)];2t;1c) for round 15
[2m2025-03-25T07:54:17.254791Z[0m [32m INFO[0m [1mnode[0m[1m{[0m[3mname[0m[2m=[0mk#99f25ef6..[1m}[0m[2m:[0m [2mconsensus_core::core[0m[2m:[0m [2mconsensus/core/src/core.rs[0m[2m:[0m[2m531:[0m Created block B15(B,fGCAs+K9iWMcsxmp0BObcACaVXdJpK0zQauuAqLhNkE=)(1742889257254ms;[B14(B,Qul1uqWL5fQQKZIMImGDnTi/jTEDemH0NOKKPh/dyz4=), B14(A,4Fr6/zKc6gz2tGmRl4NpQdt7NADEi1oR/kNlyzAbIjA=), B14(C,iv9h9SsznjiuYaGoKvz5nKLhBpl53Ks5OUcDbumLKF8=)];2t;1c) for round 15
[2m2025-03-25T07:54:17.254872Z[0m [32m INFO[0m [1mnode[0m[1m{[0m[3mname[0m[2m=[0mk#8dcff6d1..[1m}[0m[2m:[0m [2mconsensus_core::core[0m[2m:[0m [2mconsensus/core/src/core.rs[0m[2m:[0m[2m630:[0m Committing 1 leaders: B13(C,s+rq)
[2m2025-03-25T07:54:17.254872Z[0m [32m INFO[0m [1mnode[0m[1m{[0m[3mname[0m[2m=[0mk#99f25ef6..[1m}[0m[2m:[0m [2mconsensus_core::core[0m[2m:[0m [2mconsensus/core/src/core.rs[0m[2m:[0m[2m630:[0m Committing 1 leaders: B13(C,s+rq)
[2m2025-03-25T07:54:17.254940Z[0m [32m INFO[0m [1mnode[0m[1m{[0m[3mname[0m[2m=[0mk#99f25ef6..[1m}[0m[2m:[0m [2mconsensus_core::commit_observer[0m[2m:[0m [2mconsensus/core/src/commit_observer.rs[0m[2m:[0m[2m173:[0m Consensus commit C12(D6X/) with leader B13(C,s+rq) has 2 blocks
[2m2025-03-25T07:54:17.254940Z[0m [32m INFO[0m [1mnode[0m[1m{[0m[3mname[0m[2m=[0mk#8dcff6d1..[1m}[0m[2m:[0m [2mconsensus_core::commit_observer[0m[2m:[0m [2mconsensus/core/src/commit_observer.rs[0m[2m:[0m[2m173:[0m Consensus commit C12(D6X/) with leader B13(C,s+rq) has 2 blocks
[2m2025-03-25T07:54:17.255025Z[0m [32m INFO[0m [1mnode[0m[1m{[0m[3mname[0m[2m=[0mk#8dcff6d1..[1m}[0m[2m:[0m [2msui_core::consensus_handler[0m[2m:[0m [2mcrates/sui-core/src/consensus_handler.rs[0m[2m:[0m[2m232:[0m Received consensus output [3mconsensus_commit[0m[2m=[0mCommittedSubDag(leader=B13(C,s+rq), ref=C12(D6X/), blocks=[vJqm, s+rq]) [3mepoch[0m[2m=[0m0
[2m2025-03-25T07:54:17.255025Z[0m [32m INFO[0m [1mnode[0m[1m{[0m[3mname[0m[2m=[0mk#99f25ef6..[1m}[0m[2m:[0m [2msui_core::consensus_handler[0m[2m:[0m [2mcrates/sui-core/src/consensus_handler.rs[0m[2m:[0m[2m232:[0m Received consensus output [3mconsensus_commit[0m[2m=[0mCommittedSubDag(leader=B13(C,s+rq), ref=C12(D6X/), blocks=[vJqm, s+rq]) [3mepoch[0m[2m=[0m0
[2m2025-03-25T07:54:17.257760Z[0m [32m INFO[0m [1mnode[0m[1m{[0m[3mname[0m[2m=[0mk#addeef94..[1m}[0m[2m:[0m [2mconsensus_core::core[0m[2m:[0m [2mconsensus/core/src/core.rs[0m[2m:[0m[2m630:[0m Committing 1 leaders: B13(C,s+rq)
[2m2025-03-25T07:54:17.257839Z[0m [32m INFO[0m [1mnode[0m[1m{[0m[3mname[0m[2m=[0mk#addeef94..[1m}[0m[2m:[0m [2mconsensus_core::commit_observer[0m[2m:[0m [2mconsensus/core/src/commit_observer.rs[0m[2m:[0m[2m173:[0m Consensus commit C12(D6X/) with leader B13(C,s+rq) has 2 blocks
[2m2025-03-25T07:54:17.257911Z[0m [32m INFO[0m [1mnode[0m[1m{[0m[3mname[0m[2m=[0mk#addeef94..[1m}[0m[2m:[0m [2msui_core::consensus_handler[0m[2m:[0m [2mcrates/sui-core/src/consensus_handler.rs[0m[2m:[0m[2m232:[0m Received consensus output [3mconsensus_commit[0m[2m=[0mCommittedSubDag(leader=B13(C,s+rq), ref=C12(D6X/), blocks=[vJqm, s+rq]) [3mepoch[0m[2m=[0m0
[2m2025-03-25T07:54:17.348873Z[0m [32m INFO[0m [1mnode[0m[1m{[0m[3mname[0m[2m=[0mk#addeef94..[1m}[0m[2m:[0m [2msui_core::checkpoints[0m[2m:[0m [2mcrates/sui-core/src/checkpoints/mod.rs[0m[2m:[0m[2m1326:[0m Creating checkpoint(s) for 1 transactions [3mnext_checkpoint_seq[0m[2m=[0m16 [3mcheckpoint_timestamp[0m[2m=[0m1742889256735
[2m2025-03-25T07:54:17.349133Z[0m [32m INFO[0m [1mnode[0m[1m{[0m[3mname[0m[2m=[0mk#addeef94..[1m}[0m[2m:[0m [2msui_core::checkpoints::checkpoint_output[0m[2m:[0m [2mcrates/sui-core/src/checkpoints/checkpoint_output.rs[0m[2m:[0m[2m149:[0m Creating checkpoint CheckpointDigest(8Xd3cNGAZS2oCj6ZfdoZMM6doCMSej3KVPToTJL3SNNS) at epoch 0, sequence 16, previous digest Some(CheckpointDigest(9AszzEBdQpZ8zRVm2TEwa3JJ5dj6RG42zvvGd94dGKpc)), transactions count 1, content digest CheckpointContentsDigest(8fPQXchZ2LMzLP1twPoWE3jF7nrDqdZWrhQ45oGtCfrp), end_of_epoch_data None
[2m2025-03-25T07:54:17.349861Z[0m [32m INFO[0m [1mnode[0m[1m{[0m[3mname[0m[2m=[0mk#8dcff6d1..[1m}[0m[2m:[0m [2msui_core::checkpoints[0m[2m:[0m [2mcrates/sui-core/src/checkpoints/mod.rs[0m[2m:[0m[2m1326:[0m Creating checkpoint(s) for 1 transactions [3mnext_checkpoint_seq[0m[2m=[0m16 [3mcheckpoint_timestamp[0m[2m=[0m1742889256735
[2m2025-03-25T07:54:17.350043Z[0m [32m INFO[0m [1mnode[0m[1m{[0m[3mname[0m[2m=[0mk#8dcff6d1..[1m}[0m[2m:[0m [2msui_core::checkpoints::checkpoint_output[0m[2m:[0m [2mcrates/sui-core/src/checkpoints/checkpoint_output.rs[0m[2m:[0m[2m149:[0m Creating checkpoint CheckpointDigest(8Xd3cNGAZS2oCj6ZfdoZMM6doCMSej3KVPToTJL3SNNS) at epoch 0, sequence 16, previous digest Some(CheckpointDigest(9AszzEBdQpZ8zRVm2TEwa3JJ5dj6RG42zvvGd94dGKpc)), transactions count 1, content digest CheckpointContentsDigest(8fPQXchZ2LMzLP1twPoWE3jF7nrDqdZWrhQ45oGtCfrp), end_of_epoch_data None
[2m2025-03-25T07:54:17.350220Z[0m [32m INFO[0m [1mnode[0m[1m{[0m[3mname[0m[2m=[0mk#99f25ef6..[1m}[0m[2m:[0m [2msui_core::checkpoints[0m[2m:[0m [2mcrates/sui-core/src/checkpoints/mod.rs[0m[2m:[0m[2m1326:[0m Creating checkpoint(s) for 1 transactions [3mnext_checkpoint_seq[0m[2m=[0m16 [3mcheckpoint_timestamp[0m[2m=[0m1742889256735
[2m2025-03-25T07:54:17.350383Z[0m [32m INFO[0m [1mnode[0m[1m{[0m[3mname[0m[2m=[0mk#99f25ef6..[1m}[0m[2m:[0m [2msui_core::checkpoints::checkpoint_output[0m[2m:[0m [2mcrates/sui-core/src/checkpoints/checkpoint_output.rs[0m[2m:[0m[2m149:[0m Creating checkpoint CheckpointDigest(8Xd3cNGAZS2oCj6ZfdoZMM6doCMSej3KVPToTJL3SNNS) at epoch 0, sequence 16, previous digest Some(CheckpointDigest(9AszzEBdQpZ8zRVm2TEwa3JJ5dj6RG42zvvGd94dGKpc)), transactions count 1, content digest CheckpointContentsDigest(8fPQXchZ2LMzLP1twPoWE3jF7nrDqdZWrhQ45oGtCfrp), end_of_epoch_data None
[2m2025-03-25T07:54:17.354559Z[0m [32m INFO[0m [1mnode[0m[1m{[0m[3mname[0m[2m=[0mk#8dcff6d1..[1m}[0m[2m:[0m [2msui_core::checkpoints::checkpoint_output[0m[2m:[0m [2mcrates/sui-core/src/checkpoints/checkpoint_output.rs[0m[2m:[0m[2m196:[0m Certified checkpoint with sequence 14 and digest CSGzYHUSq8JFzJ8HabtAqU1QKBS6eESDau9Ze7kJBNaf
[2m2025-03-25T07:54:17.354582Z[0m [32m INFO[0m [1mnode[0m[1m{[0m[3mname[0m[2m=[0mk#8dcff6d1..[1m}[0m[2m:[0m [2msui_core::checkpoints::checkpoint_output[0m[2m:[0m [2mcrates/sui-core/src/checkpoints/checkpoint_output.rs[0m[2m:[0m[2m196:[0m Certified checkpoint with sequence 15 and digest 9AszzEBdQpZ8zRVm2TEwa3JJ5dj6RG42zvvGd94dGKpc
[2m2025-03-25T07:54:17.354659Z[0m [32m INFO[0m [1mnode[0m[1m{[0m[3mname[0m[2m=[0mk#99f25ef6..[1m}[0m[2m:[0m [2msui_core::checkpoints::checkpoint_output[0m[2m:[0m [2mcrates/sui-core/src/checkpoints/checkpoint_output.rs[0m[2m:[0m[2m196:[0m Certified checkpoint with sequence 14 and digest CSGzYHUSq8JFzJ8HabtAqU1QKBS6eESDau9Ze7kJBNaf
[2m2025-03-25T07:54:17.354679Z[0m [32m INFO[0m [1mnode[0m[1m{[0m[3mname[0m[2m=[0mk#99f25ef6..[1m}[0m[2m:[0m [2msui_core::checkpoints::checkpoint_output[0m[2m:[0m [2mcrates/sui-core/src/checkpoints/checkpoint_output.rs[0m[2m:[0m[2m196:[0m Certified checkpoint with sequence 15 and digest 9AszzEBdQpZ8zRVm2TEwa3JJ5dj6RG42zvvGd94dGKpc
[2m2025-03-25T07:54:17.355430Z[0m [32m INFO[0m [1mnode[0m[1m{[0m[3mname[0m[2m=[0mk#8dcff6d1..[1m}[0m[2m:[0m [2msui_core::checkpoints::checkpoint_executor[0m[2m:[0m [2mcrates/sui-core/src/checkpoints/checkpoint_executor/mod.rs[0m[2m:[0m[2m332:[0m Received checkpoint summary from state sync [3msequence_number[0m[2m=[0m14
[2m2025-03-25T07:54:17.355502Z[0m [32m INFO[0m [1mnode[0m[1m{[0m[3mname[0m[2m=[0mk#99f25ef6..[1m}[0m[2m:[0m [2msui_core::checkpoints::checkpoint_executor[0m[2m:[0m [2mcrates/sui-core/src/checkpoints/checkpoint_executor/mod.rs[0m[2m:[0m[2m332:[0m Received checkpoint summary from state sync [3msequence_number[0m[2m=[0m14
[2m2025-03-25T07:54:17.355568Z[0m [32m INFO[0m [1mnode[0m[1m{[0m[3mname[0m[2m=[0mk#8dcff6d1..[1m}[0m[2m:[0m [2msui_core::checkpoints::checkpoint_executor[0m[2m:[0m [2mcrates/sui-core/src/checkpoints/checkpoint_executor/mod.rs[0m[2m:[0m[2m332:[0m Received checkpoint summary from state sync [3msequence_number[0m[2m=[0m15
[2m2025-03-25T07:54:17.355616Z[0m [32m INFO[0m [1mnode[0m[1m{[0m[3mname[0m[2m=[0mk#99f25ef6..[1m}[0m[2m:[0m [2msui_core::checkpoints::checkpoint_executor[0m[2m:[0m [2mcrates/sui-core/src/checkpoints/checkpoint_executor/mod.rs[0m[2m:[0m[2m332:[0m Received checkpoint summary from state sync [3msequence_number[0m[2m=[0m15
[2m2025-03-25T07:54:17.357312Z[0m [32m INFO[0m [1mnode[0m[1m{[0m[3mname[0m[2m=[0mk#99f25ef6..[1m}[0m[2m:[0m [2msui_core::state_accumulator[0m[2m:[0m [2mcrates/sui-core/src/state_accumulator.rs[0m[2m:[0m[2m675:[0m accumulating running root for checkpoint 14
[2m2025-03-25T07:54:17.357318Z[0m [32m INFO[0m [1mnode[0m[1m{[0m[3mname[0m[2m=[0mk#8dcff6d1..[1m}[0m[2m:[0m [2msui_core::state_accumulator[0m[2m:[0m [2mcrates/sui-core/src/state_accumulator.rs[0m[2m:[0m[2m675:[0m accumulating running root for checkpoint 14
[2m2025-03-25T07:54:17.357760Z[0m [32m INFO[0m [1mnode[0m[1m{[0m[3mname[0m[2m=[0mk#99f25ef6..[1m}[0m[2m:[0m [2msui_core::state_accumulator[0m[2m:[0m [2mcrates/sui-core/src/state_accumulator.rs[0m[2m:[0m[2m675:[0m accumulating running root for checkpoint 15
[2m2025-03-25T07:54:17.357762Z[0m [32m INFO[0m [1mnode[0m[1m{[0m[3mname[0m[2m=[0mk#8dcff6d1..[1m}[0m[2m:[0m [2msui_core::state_accumulator[0m[2m:[0m [2mcrates/sui-core/src/state_accumulator.rs[0m[2m:[0m[2m675:[0m accumulating running root for checkpoint 15
[2m2025-03-25T07:54:17.453830Z[0m [32m INFO[0m [1mnode[0m[1m{[0m[3mname[0m[2m=[0mk#addeef94..[1m}[0m[2m:[0m [2msui_core::checkpoints[0m[2m:[0m [2mcrates/sui-core/src/checkpoints/mod.rs[0m[2m:[0m[2m1326:[0m Creating checkpoint(s) for 1 transactions [3mnext_checkpoint_seq[0m[2m=[0m17 [3mcheckpoint_timestamp[0m[2m=[0m1742889256735
[2m2025-03-25T07:54:17.454097Z[0m [32m INFO[0m [1mnode[0m[1m{[0m[3mname[0m[2m=[0mk#addeef94..[1m}[0m[2m:[0m [2msui_core::checkpoints::checkpoint_output[0m[2m:[0m [2mcrates/sui-core/src/checkpoints/checkpoint_output.rs[0m[2m:[0m[2m149:[0m Creating checkpoint CheckpointDigest(87EANmTeT74L97UgwxBmCtHKYqwiBnx2qinHnPg5zAHS) at epoch 0, sequence 17, previous digest Some(CheckpointDigest(8Xd3cNGAZS2oCj6ZfdoZMM6doCMSej3KVPToTJL3SNNS)), transactions count 1, content digest CheckpointContentsDigest(AszBVBMMwCaKczGovArZvBJyjfnepnDv5XWRZPRzvnjv), end_of_epoch_data None
[2m2025-03-25T07:54:17.457561Z[0m [32m INFO[0m [1mnode[0m[1m{[0m[3mname[0m[2m=[0mk#8dcff6d1..[1m}[0m[2m:[0m [2msui_core::checkpoints[0m[2m:[0m [2mcrates/sui-core/src/checkpoints/mod.rs[0m[2m:[0m[2m1326:[0m Creating checkpoint(s) for 1 transactions [3mnext_checkpoint_seq[0m[2m=[0m17 [3mcheckpoint_timestamp[0m[2m=[0m1742889256735
[2m2025-03-25T07:54:17.457758Z[0m [32m INFO[0m [1mnode[0m[1m{[0m[3mname[0m[2m=[0mk#8dcff6d1..[1m}[0m[2m:[0m [2msui_core::checkpoints::checkpoint_output[0m[2m:[0m [2mcrates/sui-core/src/checkpoints/checkpoint_output.rs[0m[2m:[0m[2m149:[0m Creating checkpoint CheckpointDigest(87EANmTeT74L97UgwxBmCtHKYqwiBnx2qinHnPg5zAHS) at epoch 0, sequence 17, previous digest Some(CheckpointDigest(8Xd3cNGAZS2oCj6ZfdoZMM6doCMSej3KVPToTJL3SNNS)), transactions count 1, content digest CheckpointContentsDigest(AszBVBMMwCaKczGovArZvBJyjfnepnDv5XWRZPRzvnjv), end_of_epoch_data None
[2m2025-03-25T07:54:17.465578Z[0m [32m INFO[0m [1mnode[0m[1m{[0m[3mname[0m[2m=[0mk#addeef94..[1m}[0m[2m:[0m [2msui_core::checkpoints::checkpoint_executor[0m[2m:[0m [2mcrates/sui-core/src/checkpoints/checkpoint_executor/mod.rs[0m[2m:[0m[2m332:[0m Received checkpoint summary from state sync [3msequence_number[0m[2m=[0m14
[2m2025-03-25T07:54:17.465712Z[0m [32m INFO[0m [1mnode[0m[1m{[0m[3mname[0m[2m=[0mk#addeef94..[1m}[0m[2m:[0m [2msui_core::checkpoints::checkpoint_executor[0m[2m:[0m [2mcrates/sui-core/src/checkpoints/checkpoint_executor/mod.rs[0m[2m:[0m[2m332:[0m Received checkpoint summary from state sync [3msequence_number[0m[2m=[0m15
[2m2025-03-25T07:54:17.467014Z[0m [32m INFO[0m [1mnode[0m[1m{[0m[3mname[0m[2m=[0mk#addeef94..[1m}[0m[2m:[0m [2msui_core::state_accumulator[0m[2m:[0m [2mcrates/sui-core/src/state_accumulator.rs[0m[2m:[0m[2m675:[0m accumulating running root for checkpoint 14
[2m2025-03-25T07:54:17.467447Z[0m [32m INFO[0m [1mnode[0m[1m{[0m[3mname[0m[2m=[0mk#addeef94..[1m}[0m[2m:[0m [2msui_core::state_accumulator[0m[2m:[0m [2mcrates/sui-core/src/state_accumulator.rs[0m[2m:[0m[2m675:[0m accumulating running root for checkpoint 15
[2m2025-03-25T07:54:17.467912Z[0m [32m INFO[0m [1mnode[0m[1m{[0m[3mname[0m[2m=[0mk#99f25ef6..[1m}[0m[2m:[0m [2msui_core::checkpoints[0m[2m:[0m [2mcrates/sui-core/src/checkpoints/mod.rs[0m[2m:[0m[2m1326:[0m Creating checkpoint(s) for 1 transactions [3mnext_checkpoint_seq[0m[2m=[0m17 [3mcheckpoint_timestamp[0m[2m=[0m1742889256735
[2m2025-03-25T07:54:17.468105Z[0m [32m INFO[0m [1mnode[0m[1m{[0m[3mname[0m[2m=[0mk#99f25ef6..[1m}[0m[2m:[0m [2msui_core::checkpoints::checkpoint_output[0m[2m:[0m [2mcrates/sui-core/src/checkpoints/checkpoint_output.rs[0m[2m:[0m[2m149:[0m Creating checkpoint CheckpointDigest(87EANmTeT74L97UgwxBmCtHKYqwiBnx2qinHnPg5zAHS) at epoch 0, sequence 17, previous digest Some(CheckpointDigest(8Xd3cNGAZS2oCj6ZfdoZMM6doCMSej3KVPToTJL3SNNS)), transactions count 1, content digest CheckpointContentsDigest(AszBVBMMwCaKczGovArZvBJyjfnepnDv5XWRZPRzvnjv), end_of_epoch_data None
[2m2025-03-25T07:54:17.507456Z[0m [32m INFO[0m [1mnode[0m[1m{[0m[3mname[0m[2m=[0mk#99f25ef6..[1m}[0m[2m:[0m [2mconsensus_core::core[0m[2m:[0m [2mconsensus/core/src/core.rs[0m[2m:[0m[2m531:[0m Created block B16(B,+BWaMhlV5xSO2ttZzAEpHDzYsuIsVCOj4qu/SX3zTjg=)(1742889257507ms;[B15(B,fGCAs+K9iWMcsxmp0BObcACaVXdJpK0zQauuAqLhNkE=), B15(A,upkxpSn2KeLMLZSa7Q/k2Q4XbHKhd8BPhi01pu0/ekI=), B15(C,W9VZ6BLofLXcL7vC2bp8FUNsyWA8C25dkC5QAq6fbAY=)];2t;1c) for round 16
[2m2025-03-25T07:54:17.508039Z[0m [32m INFO[0m [1mnode[0m[1m{[0m[3mname[0m[2m=[0mk#8dcff6d1..[1m}[0m[2m:[0m [2mconsensus_core::core[0m[2m:[0m [2mconsensus/core/src/core.rs[0m[2m:[0m[2m531:[0m Created block B16(A,lgGstyE1RWZi9auopZZFTYu+7uRF+il3LhncN45FAE0=)(1742889257507ms;[B15(A,upkxpSn2KeLMLZSa7Q/k2Q4XbHKhd8BPhi01pu0/ekI=), B15(B,fGCAs+K9iWMcsxmp0BObcACaVXdJpK0zQauuAqLhNkE=), B15(C,W9VZ6BLofLXcL7vC2bp8FUNsyWA8C25dkC5QAq6fbAY=)];2t;1c) for round 16
[2m2025-03-25T07:54:17.510607Z[0m [32m INFO[0m [1mnode[0m[1m{[0m[3mname[0m[2m=[0mk#addeef94..[1m}[0m[2m:[0m [2mconsensus_core::core[0m[2m:[0m [2mconsensus/core/src/core.rs[0m[2m:[0m[2m531:[0m Created block B16(C,XhiEOT4tdEPlvYcHJ4n0YI4FH9rOwQzs46fTnzjR7p0=)(1742889257510ms;[B15(C,W9VZ6BLofLXcL7vC2bp8FUNsyWA8C25dkC5QAq6fbAY=), B15(A,upkxpSn2KeLMLZSa7Q/k2Q4XbHKhd8BPhi01pu0/ekI=), B15(B,fGCAs+K9iWMcsxmp0BObcACaVXdJpK0zQauuAqLhNkE=)];2t;1c) for round 16
[2m2025-03-25T07:54:17.510690Z[0m [32m INFO[0m [1mnode[0m[1m{[0m[3mname[0m[2m=[0mk#addeef94..[1m}[0m[2m:[0m [2mconsensus_core::core[0m[2m:[0m [2mconsensus/core/src/core.rs[0m[2m:[0m[2m630:[0m Committing 1 leaders: B14(A,4Fr6)
[2m2025-03-25T07:54:17.510758Z[0m [32m INFO[0m [1mnode[0m[1m{[0m[3mname[0m[2m=[0mk#addeef94..[1m}[0m[2m:[0m [2mconsensus_core::commit_observer[0m[2m:[0m [2mconsensus/core/src/commit_observer.rs[0m[2m:[0m[2m173:[0m Consensus commit C13(5vqx) with leader B14(A,4Fr6) has 3 blocks
[2m2025-03-25T07:54:17.510846Z[0m [32m INFO[0m [1mnode[0m[1m{[0m[3mname[0m[2m=[0mk#addeef94..[1m}[0m[2m:[0m [2msui_core::consensus_handler[0m[2m:[0m [2mcrates/sui-core/src/consensus_handler.rs[0m[2m:[0m[2m232:[0m Received consensus output [3mconsensus_commit[0m[2m=[0mCommittedSubDag(leader=B14(A,4Fr6), ref=C13(5vqx), blocks=[xry6, +fJa, 4Fr6]) [3mepoch[0m[2m=[0m0
[2m2025-03-25T07:54:17.513573Z[0m [32m INFO[0m [1mnode[0m[1m{[0m[3mname[0m[2m=[0mk#8dcff6d1..[1m}[0m[2m:[0m [2mconsensus_core::core[0m[2m:[0m [2mconsensus/core/src/core.rs[0m[2m:[0m[2m630:[0m Committing 1 leaders: B14(A,4Fr6)
[2m2025-03-25T07:54:17.513588Z[0m [32m INFO[0m [1mnode[0m[1m{[0m[3mname[0m[2m=[0mk#99f25ef6..[1m}[0m[2m:[0m [2mconsensus_core::core[0m[2m:[0m [2mconsensus/core/src/core.rs[0m[2m:[0m[2m630:[0m Committing 1 leaders: B14(A,4Fr6)
[2m2025-03-25T07:54:17.513655Z[0m [32m INFO[0m [1mnode[0m[1m{[0m[3mname[0m[2m=[0mk#8dcff6d1..[1m}[0m[2m:[0m [2mconsensus_core::commit_observer[0m[2m:[0m [2mconsensus/core/src/commit_observer.rs[0m[2m:[0m[2m173:[0m Consensus commit C13(5vqx) with leader B14(A,4Fr6) has 3 blocks
[2m2025-03-25T07:54:17.513670Z[0m [32m INFO[0m [1mnode[0m[1m{[0m[3mname[0m[2m=[0mk#99f25ef6..[1m}[0m[2m:[0m [2mconsensus_core::commit_observer[0m[2m:[0m [2mconsensus/core/src/commit_observer.rs[0m[2m:[0m[2m173:[0m Consensus commit C13(5vqx) with leader B14(A,4Fr6) has 3 blocks
[2m2025-03-25T07:54:17.513726Z[0m [32m INFO[0m [1mnode[0m[1m{[0m[3mname[0m[2m=[0mk#8dcff6d1..[1m}[0m[2m:[0m [2msui_core::consensus_handler[0m[2m:[0m [2mcrates/sui-core/src/consensus_handler.rs[0m[2m:[0m[2m232:[0m Received consensus output [3mconsensus_commit[0m[2m=[0mCommittedSubDag(leader=B14(A,4Fr6), ref=C13(5vqx), blocks=[xry6, +fJa, 4Fr6]) [3mepoch[0m[2m=[0m0
[2m2025-03-25T07:54:17.513742Z[0m [32m INFO[0m [1mnode[0m[1m{[0m[3mname[0m[2m=[0mk#99f25ef6..[1m}[0m[2m:[0m [2msui_core::consensus_handler[0m[2m:[0m [2mcrates/sui-core/src/consensus_handler.rs[0m[2m:[0m[2m232:[0m Received consensus output [3mconsensus_commit[0m[2m=[0mCommittedSubDag(leader=B14(A,4Fr6), ref=C13(5vqx), blocks=[xry6, +fJa, 4Fr6]) [3mepoch[0m[2m=[0m0
[2m2025-03-25T07:54:17.600361Z[0m [32m INFO[0m [1mnode[0m[1m{[0m[3mname[0m[2m=[0mk#8dcff6d1..[1m}[0m[2m:[0m [2msui_core::checkpoints[0m[2m:[0m [2mcrates/sui-core/src/checkpoints/mod.rs[0m[2m:[0m[2m1326:[0m Creating checkpoint(s) for 1 transactions [3mnext_checkpoint_seq[0m[2m=[0m18 [3mcheckpoint_timestamp[0m[2m=[0m1742889256989
[2m2025-03-25T07:54:17.600484Z[0m [32m INFO[0m [1mnode[0m[1m{[0m[3mname[0m[2m=[0mk#addeef94..[1m}[0m[2m:[0m [2msui_core::checkpoints[0m[2m:[0m [2mcrates/sui-core/src/checkpoints/mod.rs[0m[2m:[0m[2m1326:[0m Creating checkpoint(s) for 1 transactions [3mnext_checkpoint_seq[0m[2m=[0m18 [3mcheckpoint_timestamp[0m[2m=[0m1742889256989
[2m2025-03-25T07:54:17.600605Z[0m [32m INFO[0m [1mnode[0m[1m{[0m[3mname[0m[2m=[0mk#8dcff6d1..[1m}[0m[2m:[0m [2msui_core::checkpoints::checkpoint_output[0m[2m:[0m [2mcrates/sui-core/src/checkpoints/checkpoint_output.rs[0m[2m:[0m[2m149:[0m Creating checkpoint CheckpointDigest(E4t2mXkoP4e3Zbb7Mkvyv7fmgNf2QZdfhurM6rNQQRPF) at epoch 0, sequence 18, previous digest Some(CheckpointDigest(87EANmTeT74L97UgwxBmCtHKYqwiBnx2qinHnPg5zAHS)), transactions count 1, content digest CheckpointContentsDigest(5wmJrCGfpsx71NnJo8yDpRrQE4Fdhb2rQBowNRuZqbh9), end_of_epoch_data None
[2m2025-03-25T07:54:17.600647Z[0m [32m INFO[0m [1mnode[0m[1m{[0m[3mname[0m[2m=[0mk#addeef94..[1m}[0m[2m:[0m [2msui_core::checkpoints::checkpoint_output[0m[2m:[0m [2mcrates/sui-core/src/checkpoints/checkpoint_output.rs[0m[2m:[0m[2m149:[0m Creating checkpoint CheckpointDigest(E4t2mXkoP4e3Zbb7Mkvyv7fmgNf2QZdfhurM6rNQQRPF) at epoch 0, sequence 18, previous digest Some(CheckpointDigest(87EANmTeT74L97UgwxBmCtHKYqwiBnx2qinHnPg5zAHS)), transactions count 1, content digest CheckpointContentsDigest(5wmJrCGfpsx71NnJo8yDpRrQE4Fdhb2rQBowNRuZqbh9), end_of_epoch_data None
[2m2025-03-25T07:54:17.602060Z[0m [32m INFO[0m [1mnode[0m[1m{[0m[3mname[0m[2m=[0mk#99f25ef6..[1m}[0m[2m:[0m [2msui_core::checkpoints[0m[2m:[0m [2mcrates/sui-core/src/checkpoints/mod.rs[0m[2m:[0m[2m1326:[0m Creating checkpoint(s) for 1 transactions [3mnext_checkpoint_seq[0m[2m=[0m18 [3mcheckpoint_timestamp[0m[2m=[0m1742889256989
[2m2025-03-25T07:54:17.602229Z[0m [32m INFO[0m [1mnode[0m[1m{[0m[3mname[0m[2m=[0mk#99f25ef6..[1m}[0m[2m:[0m [2msui_core::checkpoints::checkpoint_output[0m[2m:[0m [2mcrates/sui-core/src/checkpoints/checkpoint_output.rs[0m[2m:[0m[2m149:[0m Creating checkpoint CheckpointDigest(E4t2mXkoP4e3Zbb7Mkvyv7fmgNf2QZdfhurM6rNQQRPF) at epoch 0, sequence 18, previous digest Some(CheckpointDigest(87EANmTeT74L97UgwxBmCtHKYqwiBnx2qinHnPg5zAHS)), transactions count 1, content digest CheckpointContentsDigest(5wmJrCGfpsx71NnJo8yDpRrQE4Fdhb2rQBowNRuZqbh9), end_of_epoch_data None
[2m2025-03-25T07:54:17.605188Z[0m [32m INFO[0m [1mnode[0m[1m{[0m[3mname[0m[2m=[0mk#8dcff6d1..[1m}[0m[2m:[0m [2msui_core::checkpoints::checkpoint_output[0m[2m:[0m [2mcrates/sui-core/src/checkpoints/checkpoint_output.rs[0m[2m:[0m[2m196:[0m Certified checkpoint with sequence 16 and digest 8Xd3cNGAZS2oCj6ZfdoZMM6doCMSej3KVPToTJL3SNNS
[2m2025-03-25T07:54:17.605210Z[0m [32m INFO[0m [1mnode[0m[1m{[0m[3mname[0m[2m=[0mk#8dcff6d1..[1m}[0m[2m:[0m [2msui_core::checkpoints::checkpoint_output[0m[2m:[0m [2mcrates/sui-core/src/checkpoints/checkpoint_output.rs[0m[2m:[0m[2m196:[0m Certified checkpoint with sequence 17 and digest 87EANmTeT74L97UgwxBmCtHKYqwiBnx2qinHnPg5zAHS
[2m2025-03-25T07:54:17.606042Z[0m [32m INFO[0m [1mnode[0m[1m{[0m[3mname[0m[2m=[0mk#8dcff6d1..[1m}[0m[2m:[0m [2msui_core::checkpoints::checkpoint_executor[0m[2m:[0m [2mcrates/sui-core/src/checkpoints/checkpoint_executor/mod.rs[0m[2m:[0m[2m332:[0m Received checkpoint summary from state sync [3msequence_number[0m[2m=[0m16
[2m2025-03-25T07:54:17.606176Z[0m [32m INFO[0m [1mnode[0m[1m{[0m[3mname[0m[2m=[0mk#8dcff6d1..[1m}[0m[2m:[0m [2msui_core::checkpoints::checkpoint_executor[0m[2m:[0m [2mcrates/sui-core/src/checkpoints/checkpoint_executor/mod.rs[0m[2m:[0m[2m332:[0m Received checkpoint summary from state sync [3msequence_number[0m[2m=[0m17
[2m2025-03-25T07:54:17.606473Z[0m [32m INFO[0m [1mnode[0m[1m{[0m[3mname[0m[2m=[0mk#99f25ef6..[1m}[0m[2m:[0m [2msui_core::checkpoints::checkpoint_output[0m[2m:[0m [2mcrates/sui-core/src/checkpoints/checkpoint_output.rs[0m[2m:[0m[2m196:[0m Certified checkpoint with sequence 16 and digest 8Xd3cNGAZS2oCj6ZfdoZMM6doCMSej3KVPToTJL3SNNS
[2m2025-03-25T07:54:17.606492Z[0m [32m INFO[0m [1mnode[0m[1m{[0m[3mname[0m[2m=[0mk#99f25ef6..[1m}[0m[2m:[0m [2msui_core::checkpoints::checkpoint_output[0m[2m:[0m [2mcrates/sui-core/src/checkpoints/checkpoint_output.rs[0m[2m:[0m[2m196:[0m Certified checkpoint with sequence 17 and digest 87EANmTeT74L97UgwxBmCtHKYqwiBnx2qinHnPg5zAHS
[2m2025-03-25T07:54:17.607335Z[0m [32m INFO[0m [1mnode[0m[1m{[0m[3mname[0m[2m=[0mk#99f25ef6..[1m}[0m[2m:[0m [2msui_core::checkpoints::checkpoint_executor[0m[2m:[0m [2mcrates/sui-core/src/checkpoints/checkpoint_executor/mod.rs[0m[2m:[0m[2m332:[0m Received checkpoint summary from state sync [3msequence_number[0m[2m=[0m16
[2m2025-03-25T07:54:17.607453Z[0m [32m INFO[0m [1mnode[0m[1m{[0m[3mname[0m[2m=[0mk#99f25ef6..[1m}[0m[2m:[0m [2msui_core::checkpoints::checkpoint_executor[0m[2m:[0m [2mcrates/sui-core/src/checkpoints/checkpoint_executor/mod.rs[0m[2m:[0m[2m332:[0m Received checkpoint summary from state sync [3msequence_number[0m[2m=[0m17
[2m2025-03-25T07:54:17.607864Z[0m [32m INFO[0m [1mnode[0m[1m{[0m[3mname[0m[2m=[0mk#8dcff6d1..[1m}[0m[2m:[0m [2msui_core::state_accumulator[0m[2m:[0m [2mcrates/sui-core/src/state_accumulator.rs[0m[2m:[0m[2m675:[0m accumulating running root for checkpoint 16
[2m2025-03-25T07:54:17.608302Z[0m [32m INFO[0m [1mnode[0m[1m{[0m[3mname[0m[2m=[0mk#8dcff6d1..[1m}[0m[2m:[0m [2msui_core::state_accumulator[0m[2m:[0m [2mcrates/sui-core/src/state_accumulator.rs[0m[2m:[0m[2m675:[0m accumulating running root for checkpoint 17
[2m2025-03-25T07:54:17.608959Z[0m [32m INFO[0m [1mnode[0m[1m{[0m[3mname[0m[2m=[0mk#99f25ef6..[1m}[0m[2m:[0m [2msui_core::state_accumulator[0m[2m:[0m [2mcrates/sui-core/src/state_accumulator.rs[0m[2m:[0m[2m675:[0m accumulating running root for checkpoint 16
[2m2025-03-25T07:54:17.609375Z[0m [32m INFO[0m [1mnode[0m[1m{[0m[3mname[0m[2m=[0mk#99f25ef6..[1m}[0m[2m:[0m [2msui_core::state_accumulator[0m[2m:[0m [2mcrates/sui-core/src/state_accumulator.rs[0m[2m:[0m[2m675:[0m accumulating running root for checkpoint 17
[2m2025-03-25T07:54:17.705029Z[0m [32m INFO[0m [1mnode[0m[1m{[0m[3mname[0m[2m=[0mk#addeef94..[1m}[0m[2m:[0m [2msui_core::checkpoints[0m[2m:[0m [2mcrates/sui-core/src/checkpoints/mod.rs[0m[2m:[0m[2m1326:[0m Creating checkpoint(s) for 1 transactions [3mnext_checkpoint_seq[0m[2m=[0m19 [3mcheckpoint_timestamp[0m[2m=[0m1742889256989
[2m2025-03-25T07:54:17.705292Z[0m [32m INFO[0m [1mnode[0m[1m{[0m[3mname[0m[2m=[0mk#addeef94..[1m}[0m[2m:[0m [2msui_core::checkpoints::checkpoint_output[0m[2m:[0m [2mcrates/sui-core/src/checkpoints/checkpoint_output.rs[0m[2m:[0m[2m149:[0m Creating checkpoint CheckpointDigest(4nLwkm8NPaUDgdR4U87XXaQgUtggzJXjYdQqywewdHLQ) at epoch 0, sequence 19, previous digest Some(CheckpointDigest(E4t2mXkoP4e3Zbb7Mkvyv7fmgNf2QZdfhurM6rNQQRPF)), transactions count 1, content digest CheckpointContentsDigest(HCkRqHD7TEMJPYwAnWudCxzn8gssQd4LRYqFLj9wWo4s), end_of_epoch_data None
[2m2025-03-25T07:54:17.709222Z[0m [32m INFO[0m [1mnode[0m[1m{[0m[3mname[0m[2m=[0mk#addeef94..[1m}[0m[2m:[0m [2msui_core::checkpoints::checkpoint_executor[0m[2m:[0m [2mcrates/sui-core/src/checkpoints/checkpoint_executor/mod.rs[0m[2m:[0m[2m332:[0m Received checkpoint summary from state sync [3msequence_number[0m[2m=[0m16
[2m2025-03-25T07:54:17.709357Z[0m [32m INFO[0m [1mnode[0m[1m{[0m[3mname[0m[2m=[0mk#addeef94..[1m}[0m[2m:[0m [2msui_core::checkpoints::checkpoint_executor[0m[2m:[0m [2mcrates/sui-core/src/checkpoints/checkpoint_executor/mod.rs[0m[2m:[0m[2m332:[0m Received checkpoint summary from state sync [3msequence_number[0m[2m=[0m17
[2m2025-03-25T07:54:17.710657Z[0m [32m INFO[0m [1mnode[0m[1m{[0m[3mname[0m[2m=[0mk#addeef94..[1m}[0m[2m:[0m [2msui_core::state_accumulator[0m[2m:[0m [2mcrates/sui-core/src/state_accumulator.rs[0m[2m:[0m[2m675:[0m accumulating running root for checkpoint 16
[2m2025-03-25T07:54:17.710817Z[0m [32m INFO[0m [1mnode[0m[1m{[0m[3mname[0m[2m=[0mk#8dcff6d1..[1m}[0m[2m:[0m [2msui_core::checkpoints[0m[2m:[0m [2mcrates/sui-core/src/checkpoints/mod.rs[0m[2m:[0m[2m1326:[0m Creating checkpoint(s) for 1 transactions [3mnext_checkpoint_seq[0m[2m=[0m19 [3mcheckpoint_timestamp[0m[2m=[0m1742889256989
[2m2025-03-25T07:54:17.711009Z[0m [32m INFO[0m [1mnode[0m[1m{[0m[3mname[0m[2m=[0mk#8dcff6d1..[1m}[0m[2m:[0m [2msui_core::checkpoints::checkpoint_output[0m[2m:[0m [2mcrates/sui-core/src/checkpoints/checkpoint_output.rs[0m[2m:[0m[2m149:[0m Creating checkpoint CheckpointDigest(4nLwkm8NPaUDgdR4U87XXaQgUtggzJXjYdQqywewdHLQ) at epoch 0, sequence 19, previous digest Some(CheckpointDigest(E4t2mXkoP4e3Zbb7Mkvyv7fmgNf2QZdfhurM6rNQQRPF)), transactions count 1, content digest CheckpointContentsDigest(HCkRqHD7TEMJPYwAnWudCxzn8gssQd4LRYqFLj9wWo4s), end_of_epoch_data None
[2m2025-03-25T07:54:17.711096Z[0m [32m INFO[0m [1mnode[0m[1m{[0m[3mname[0m[2m=[0mk#addeef94..[1m}[0m[2m:[0m [2msui_core::state_accumulator[0m[2m:[0m [2mcrates/sui-core/src/state_accumulator.rs[0m[2m:[0m[2m675:[0m accumulating running root for checkpoint 17
[2m2025-03-25T07:54:17.717970Z[0m [32m INFO[0m [1mnode[0m[1m{[0m[3mname[0m[2m=[0mk#99f25ef6..[1m}[0m[2m:[0m [2msui_core::checkpoints[0m[2m:[0m [2mcrates/sui-core/src/checkpoints/mod.rs[0m[2m:[0m[2m1326:[0m Creating checkpoint(s) for 1 transactions [3mnext_checkpoint_seq[0m[2m=[0m19 [3mcheckpoint_timestamp[0m[2m=[0m1742889256989
[2m2025-03-25T07:54:17.718156Z[0m [32m INFO[0m [1mnode[0m[1m{[0m[3mname[0m[2m=[0mk#99f25ef6..[1m}[0m[2m:[0m [2msui_core::checkpoints::checkpoint_output[0m[2m:[0m [2mcrates/sui-core/src/checkpoints/checkpoint_output.rs[0m[2m:[0m[2m149:[0m Creating checkpoint CheckpointDigest(4nLwkm8NPaUDgdR4U87XXaQgUtggzJXjYdQqywewdHLQ) at epoch 0, sequence 19, previous digest Some(CheckpointDigest(E4t2mXkoP4e3Zbb7Mkvyv7fmgNf2QZdfhurM6rNQQRPF)), transactions count 1, content digest CheckpointContentsDigest(HCkRqHD7TEMJPYwAnWudCxzn8gssQd4LRYqFLj9wWo4s), end_of_epoch_data None
[2m2025-03-25T07:54:17.748056Z[0m [32m INFO[0m [1mnode[0m[1m{[0m[3mname[0m[2m=[0mk#99f25ef6..[1m}[0m[2m:[0m [2mconsensus_core::commit_syncer[0m[2m:[0m [2mconsensus/core/src/commit_syncer.rs[0m[2m:[0m[2m196:[0m Checking to schedule fetches: synced_commit_index=13, highest_handled_index=13, highest_scheduled_index=0, quorum_commit_index=12, unhandled_commits_threshold=3200
[2m2025-03-25T07:54:17.763262Z[0m [32m INFO[0m [1mnode[0m[1m{[0m[3mname[0m[2m=[0mk#addeef94..[1m}[0m[2m:[0m [2mconsensus_core::core[0m[2m:[0m [2mconsensus/core/src/core.rs[0m[2m:[0m[2m531:[0m Created block B17(C,yS1MIt4qNfZ0dhKU/QVHlBYA/6FiIroj+5fx202kRTk=)(1742889257762ms;[B16(C,XhiEOT4tdEPlvYcHJ4n0YI4FH9rOwQzs46fTnzjR7p0=), B16(A,lgGstyE1RWZi9auopZZFTYu+7uRF+il3LhncN45FAE0=), B16(B,+BWaMhlV5xSO2ttZzAEpHDzYsuIsVCOj4qu/SX3zTjg=)];2t;1c) for round 17
[2m2025-03-25T07:54:17.765913Z[0m [32m INFO[0m [1mnode[0m[1m{[0m[3mname[0m[2m=[0mk#99f25ef6..[1m}[0m[2m:[0m [2mconsensus_core::core[0m[2m:[0m [2mconsensus/core/src/core.rs[0m[2m:[0m[2m531:[0m Created block B17(B,3OaLg69CVa3WCZAu+WSZ8grOKrLPUqfwytolSojqioI=)(1742889257765ms;[B16(B,+BWaMhlV5xSO2ttZzAEpHDzYsuIsVCOj4qu/SX3zTjg=), B16(A,lgGstyE1RWZi9auopZZFTYu+7uRF+il3LhncN45FAE0=), B16(C,XhiEOT4tdEPlvYcHJ4n0YI4FH9rOwQzs46fTnzjR7p0=)];2t;1c) for round 17
[2m2025-03-25T07:54:17.765924Z[0m [32m INFO[0m [1mnode[0m[1m{[0m[3mname[0m[2m=[0mk#8dcff6d1..[1m}[0m[2m:[0m [2mconsensus_core::core[0m[2m:[0m [2mconsensus/core/src/core.rs[0m[2m:[0m[2m531:[0m Created block B17(A,Ju7ZhAQeYRvlpS/dEDdqJ7JzyqM+MarXoIDANxs2Qqo=)(1742889257765ms;[B16(A,lgGstyE1RWZi9auopZZFTYu+7uRF+il3LhncN45FAE0=), B16(B,+BWaMhlV5xSO2ttZzAEpHDzYsuIsVCOj4qu/SX3zTjg=), B16(C,XhiEOT4tdEPlvYcHJ4n0YI4FH9rOwQzs46fTnzjR7p0=)];2t;1c) for round 17
[2m2025-03-25T07:54:17.765995Z[0m [32m INFO[0m [1mnode[0m[1m{[0m[3mname[0m[2m=[0mk#99f25ef6..[1m}[0m[2m:[0m [2mconsensus_core::core[0m[2m:[0m [2mconsensus/core/src/core.rs[0m[2m:[0m[2m630:[0m Committing 1 leaders: B15(A,upkx)
[2m2025-03-25T07:54:17.765998Z[0m [32m INFO[0m [1mnode[0m[1m{[0m[3mname[0m[2m=[0mk#8dcff6d1..[1m}[0m[2m:[0m [2mconsensus_core::core[0m[2m:[0m [2mconsensus/core/src/core.rs[0m[2m:[0m[2m630:[0m Committing 1 leaders: B15(A,upkx)
[2m2025-03-25T07:54:17.766067Z[0m [32m INFO[0m [1mnode[0m[1m{[0m[3mname[0m[2m=[0mk#8dcff6d1..[1m}[0m[2m:[0m [2mconsensus_core::commit_observer[0m[2m:[0m [2mconsensus/core/src/commit_observer.rs[0m[2m:[0m[2m173:[0m Consensus commit C14(/0ZQ) with leader B15(A,upkx) has 3 blocks
[2m2025-03-25T07:54:17.766067Z[0m [32m INFO[0m [1mnode[0m[1m{[0m[3mname[0m[2m=[0mk#99f25ef6..[1m}[0m[2m:[0m [2mconsensus_core::commit_observer[0m[2m:[0m [2mconsensus/core/src/commit_observer.rs[0m[2m:[0m[2m173:[0m Consensus commit C14(/0ZQ) with leader B15(A,upkx) has 3 blocks
[2m2025-03-25T07:54:17.766155Z[0m [32m INFO[0m [1mnode[0m[1m{[0m[3mname[0m[2m=[0mk#99f25ef6..[1m}[0m[2m:[0m [2msui_core::consensus_handler[0m[2m:[0m [2mcrates/sui-core/src/consensus_handler.rs[0m[2m:[0m[2m232:[0m Received consensus output [3mconsensus_commit[0m[2m=[0mCommittedSubDag(leader=B15(A,upkx), ref=C14(/0ZQ), blocks=[Qul1, iv9h, upkx]) [3mepoch[0m[2m=[0m0
[2m2025-03-25T07:54:17.766155Z[0m [32m INFO[0m [1mnode[0m[1m{[0m[3mname[0m[2m=[0mk#8dcff6d1..[1m}[0m[2m:[0m [2msui_core::consensus_handler[0m[2m:[0m [2mcrates/sui-core/src/consensus_handler.rs[0m[2m:[0m[2m232:[0m Received consensus output [3mconsensus_commit[0m[2m=[0mCommittedSubDag(leader=B15(A,upkx), ref=C14(/0ZQ), blocks=[Qul1, iv9h, upkx]) [3mepoch[0m[2m=[0m0
[2m2025-03-25T07:54:17.769185Z[0m [32m INFO[0m [1mnode[0m[1m{[0m[3mname[0m[2m=[0mk#addeef94..[1m}[0m[2m:[0m [2mconsensus_core::core[0m[2m:[0m [2mconsensus/core/src/core.rs[0m[2m:[0m[2m630:[0m Committing 1 leaders: B15(A,upkx)
[2m2025-03-25T07:54:17.769271Z[0m [32m INFO[0m [1mnode[0m[1m{[0m[3mname[0m[2m=[0mk#addeef94..[1m}[0m[2m:[0m [2mconsensus_core::commit_observer[0m[2m:[0m [2mconsensus/core/src/commit_observer.rs[0m[2m:[0m[2m173:[0m Consensus commit C14(/0ZQ) with leader B15(A,upkx) has 3 blocks
[2m2025-03-25T07:54:17.769343Z[0m [32m INFO[0m [1mnode[0m[1m{[0m[3mname[0m[2m=[0mk#addeef94..[1m}[0m[2m:[0m [2msui_core::consensus_handler[0m[2m:[0m [2mcrates/sui-core/src/consensus_handler.rs[0m[2m:[0m[2m232:[0m Received consensus output [3mconsensus_commit[0m[2m=[0mCommittedSubDag(leader=B15(A,upkx), ref=C14(/0ZQ), blocks=[Qul1, iv9h, upkx]) [3mepoch[0m[2m=[0m0
[2m2025-03-25T07:54:17.859537Z[0m [32m INFO[0m [1mnode[0m[1m{[0m[3mname[0m[2m=[0mk#8dcff6d1..[1m}[0m[2m:[0m [2msui_core::checkpoints[0m[2m:[0m [2mcrates/sui-core/src/checkpoints/mod.rs[0m[2m:[0m[2m1326:[0m Creating checkpoint(s) for 1 transactions [3mnext_checkpoint_seq[0m[2m=[0m20 [3mcheckpoint_timestamp[0m[2m=[0m1742889257254
[2m2025-03-25T07:54:17.859537Z[0m [32m INFO[0m [1mnode[0m[1m{[0m[3mname[0m[2m=[0mk#addeef94..[1m}[0m[2m:[0m [2msui_core::checkpoints[0m[2m:[0m [2mcrates/sui-core/src/checkpoints/mod.rs[0m[2m:[0m[2m1326:[0m Creating checkpoint(s) for 1 transactions [3mnext_checkpoint_seq[0m[2m=[0m20 [3mcheckpoint_timestamp[0m[2m=[0m1742889257254
[2m2025-03-25T07:54:17.859816Z[0m [32m INFO[0m [1mnode[0m[1m{[0m[3mname[0m[2m=[0mk#addeef94..[1m}[0m[2m:[0m [2msui_core::checkpoints::checkpoint_output[0m[2m:[0m [2mcrates/sui-core/src/checkpoints/checkpoint_output.rs[0m[2m:[0m[2m149:[0m Creating checkpoint CheckpointDigest(CM8eYaCbTvW6MEhEWxcN15A8QxMyzyDGoUR49LYyc133) at epoch 0, sequence 20, previous digest Some(CheckpointDigest(4nLwkm8NPaUDgdR4U87XXaQgUtggzJXjYdQqywewdHLQ)), transactions count 1, content digest CheckpointContentsDigest(E82BevCiPpcruMYEh8eRrwV5sfvCWYNP9QHuYDZNi1Nj), end_of_epoch_data None
[2m2025-03-25T07:54:17.859815Z[0m [32m INFO[0m [1mnode[0m[1m{[0m[3mname[0m[2m=[0mk#8dcff6d1..[1m}[0m[2m:[0m [2msui_core::checkpoints::checkpoint_output[0m[2m:[0m [2mcrates/sui-core/src/checkpoints/checkpoint_output.rs[0m[2m:[0m[2m149:[0m Creating checkpoint CheckpointDigest(CM8eYaCbTvW6MEhEWxcN15A8QxMyzyDGoUR49LYyc133) at epoch 0, sequence 20, previous digest Some(CheckpointDigest(4nLwkm8NPaUDgdR4U87XXaQgUtggzJXjYdQqywewdHLQ)), transactions count 1, content digest CheckpointContentsDigest(E82BevCiPpcruMYEh8eRrwV5sfvCWYNP9QHuYDZNi1Nj), end_of_epoch_data None
[2m2025-03-25T07:54:17.860611Z[0m [32m INFO[0m [1mnode[0m[1m{[0m[3mname[0m[2m=[0mk#99f25ef6..[1m}[0m[2m:[0m [2msui_core::checkpoints[0m[2m:[0m [2mcrates/sui-core/src/checkpoints/mod.rs[0m[2m:[0m[2m1326:[0m Creating checkpoint(s) for 1 transactions [3mnext_checkpoint_seq[0m[2m=[0m20 [3mcheckpoint_timestamp[0m[2m=[0m1742889257254
[2m2025-03-25T07:54:17.860778Z[0m [32m INFO[0m [1mnode[0m[1m{[0m[3mname[0m[2m=[0mk#99f25ef6..[1m}[0m[2m:[0m [2msui_core::checkpoints::checkpoint_output[0m[2m:[0m [2mcrates/sui-core/src/checkpoints/checkpoint_output.rs[0m[2m:[0m[2m149:[0m Creating checkpoint CheckpointDigest(CM8eYaCbTvW6MEhEWxcN15A8QxMyzyDGoUR49LYyc133) at epoch 0, sequence 20, previous digest Some(CheckpointDigest(4nLwkm8NPaUDgdR4U87XXaQgUtggzJXjYdQqywewdHLQ)), transactions count 1, content digest CheckpointContentsDigest(E82BevCiPpcruMYEh8eRrwV5sfvCWYNP9QHuYDZNi1Nj), end_of_epoch_data None
[2m2025-03-25T07:54:17.864571Z[0m [32m INFO[0m [1mnode[0m[1m{[0m[3mname[0m[2m=[0mk#8dcff6d1..[1m}[0m[2m:[0m [2msui_core::checkpoints::checkpoint_output[0m[2m:[0m [2mcrates/sui-core/src/checkpoints/checkpoint_output.rs[0m[2m:[0m[2m196:[0m Certified checkpoint with sequence 18 and digest E4t2mXkoP4e3Zbb7Mkvyv7fmgNf2QZdfhurM6rNQQRPF
[2m2025-03-25T07:54:17.864594Z[0m [32m INFO[0m [1mnode[0m[1m{[0m[3mname[0m[2m=[0mk#8dcff6d1..[1m}[0m[2m:[0m [2msui_core::checkpoints::checkpoint_output[0m[2m:[0m [2mcrates/sui-core/src/checkpoints/checkpoint_output.rs[0m[2m:[0m[2m196:[0m Certified checkpoint with sequence 19 and digest 4nLwkm8NPaUDgdR4U87XXaQgUtggzJXjYdQqywewdHLQ
[2m2025-03-25T07:54:17.865141Z[0m [32m INFO[0m [1mnode[0m[1m{[0m[3mname[0m[2m=[0mk#99f25ef6..[1m}[0m[2m:[0m [2msui_core::checkpoints::checkpoint_output[0m[2m:[0m [2mcrates/sui-core/src/checkpoints/checkpoint_output.rs[0m[2m:[0m[2m196:[0m Certified checkpoint with sequence 18 and digest E4t2mXkoP4e3Zbb7Mkvyv7fmgNf2QZdfhurM6rNQQRPF
[2m2025-03-25T07:54:17.865160Z[0m [32m INFO[0m [1mnode[0m[1m{[0m[3mname[0m[2m=[0mk#99f25ef6..[1m}[0m[2m:[0m [2msui_core::checkpoints::checkpoint_output[0m[2m:[0m [2mcrates/sui-core/src/checkpoints/checkpoint_output.rs[0m[2m:[0m[2m196:[0m Certified checkpoint with sequence 19 and digest 4nLwkm8NPaUDgdR4U87XXaQgUtggzJXjYdQqywewdHLQ
[2m2025-03-25T07:54:17.865452Z[0m [32m INFO[0m [1mnode[0m[1m{[0m[3mname[0m[2m=[0mk#8dcff6d1..[1m}[0m[2m:[0m [2msui_core::checkpoints::checkpoint_executor[0m[2m:[0m [2mcrates/sui-core/src/checkpoints/checkpoint_executor/mod.rs[0m[2m:[0m[2m332:[0m Received checkpoint summary from state sync [3msequence_number[0m[2m=[0m18
[2m2025-03-25T07:54:17.865594Z[0m [32m INFO[0m [1mnode[0m[1m{[0m[3mname[0m[2m=[0mk#8dcff6d1..[1m}[0m[2m:[0m [2msui_core::checkpoints::checkpoint_executor[0m[2m:[0m [2mcrates/sui-core/src/checkpoints/checkpoint_executor/mod.rs[0m[2m:[0m[2m332:[0m Received checkpoint summary from state sync [3msequence_number[0m[2m=[0m19
[2m2025-03-25T07:54:17.865975Z[0m [32m INFO[0m [1mnode[0m[1m{[0m[3mname[0m[2m=[0mk#99f25ef6..[1m}[0m[2m:[0m [2msui_core::checkpoints::checkpoint_executor[0m[2m:[0m [2mcrates/sui-core/src/checkpoints/checkpoint_executor/mod.rs[0m[2m:[0m[2m332:[0m Received checkpoint summary from state sync [3msequence_number[0m[2m=[0m18
[2m2025-03-25T07:54:17.866094Z[0m [32m INFO[0m [1mnode[0m[1m{[0m[3mname[0m[2m=[0mk#99f25ef6..[1m}[0m[2m:[0m [2msui_core::checkpoints::checkpoint_executor[0m[2m:[0m [2mcrates/sui-core/src/checkpoints/checkpoint_executor/mod.rs[0m[2m:[0m[2m332:[0m Received checkpoint summary from state sync [3msequence_number[0m[2m=[0m19
[2m2025-03-25T07:54:17.867785Z[0m [32m INFO[0m [1mnode[0m[1m{[0m[3mname[0m[2m=[0mk#99f25ef6..[1m}[0m[2m:[0m [2msui_core::state_accumulator[0m[2m:[0m [2mcrates/sui-core/src/state_accumulator.rs[0m[2m:[0m[2m675:[0m accumulating running root for checkpoint 18
[2m2025-03-25T07:54:17.867789Z[0m [32m INFO[0m [1mnode[0m[1m{[0m[3mname[0m[2m=[0mk#8dcff6d1..[1m}[0m[2m:[0m [2msui_core::state_accumulator[0m[2m:[0m [2mcrates/sui-core/src/state_accumulator.rs[0m[2m:[0m[2m675:[0m accumulating running root for checkpoint 18
[2m2025-03-25T07:54:17.868243Z[0m [32m INFO[0m [1mnode[0m[1m{[0m[3mname[0m[2m=[0mk#99f25ef6..[1m}[0m[2m:[0m [2msui_core::state_accumulator[0m[2m:[0m [2mcrates/sui-core/src/state_accumulator.rs[0m[2m:[0m[2m675:[0m accumulating running root for checkpoint 19
[2m2025-03-25T07:54:17.868516Z[0m [32m INFO[0m [1mnode[0m[1m{[0m[3mname[0m[2m=[0mk#8dcff6d1..[1m}[0m[2m:[0m [2msui_core::state_accumulator[0m[2m:[0m [2mcrates/sui-core/src/state_accumulator.rs[0m[2m:[0m[2m675:[0m accumulating running root for checkpoint 19
[2m2025-03-25T07:54:17.968228Z[0m [32m INFO[0m [1mnode[0m[1m{[0m[3mname[0m[2m=[0mk#addeef94..[1m}[0m[2m:[0m [2msui_core::checkpoints[0m[2m:[0m [2mcrates/sui-core/src/checkpoints/mod.rs[0m[2m:[0m[2m1326:[0m Creating checkpoint(s) for 1 transactions [3mnext_checkpoint_seq[0m[2m=[0m21 [3mcheckpoint_timestamp[0m[2m=[0m1742889257254
[2m2025-03-25T07:54:17.968514Z[0m [32m INFO[0m [1mnode[0m[1m{[0m[3mname[0m[2m=[0mk#addeef94..[1m}[0m[2m:[0m [2msui_core::checkpoints::checkpoint_output[0m[2m:[0m [2mcrates/sui-core/src/checkpoints/checkpoint_output.rs[0m[2m:[0m[2m149:[0m Creating checkpoint CheckpointDigest(EwMRKD8dxtQyv3D4q5cyfho1QPcTzSpDSjKTFw8ehA5m) at epoch 0, sequence 21, previous digest Some(CheckpointDigest(CM8eYaCbTvW6MEhEWxcN15A8QxMyzyDGoUR49LYyc133)), transactions count 1, content digest CheckpointContentsDigest(6vTJ15RorwVArnY63Y32ivNrT2WJdSqfDYdDVMCBYq6n), end_of_epoch_data None
[2m2025-03-25T07:54:17.972210Z[0m [32m INFO[0m [1mnode[0m[1m{[0m[3mname[0m[2m=[0mk#8dcff6d1..[1m}[0m[2m:[0m [2msui_core::checkpoints[0m[2m:[0m [2mcrates/sui-core/src/checkpoints/mod.rs[0m[2m:[0m[2m1326:[0m Creating checkpoint(s) for 1 transactions [3mnext_checkpoint_seq[0m[2m=[0m21 [3mcheckpoint_timestamp[0m[2m=[0m1742889257254
[2m2025-03-25T07:54:17.972411Z[0m [32m INFO[0m [1mnode[0m[1m{[0m[3mname[0m[2m=[0mk#8dcff6d1..[1m}[0m[2m:[0m [2msui_core::checkpoints::checkpoint_output[0m[2m:[0m [2mcrates/sui-core/src/checkpoints/checkpoint_output.rs[0m[2m:[0m[2m149:[0m Creating checkpoint CheckpointDigest(EwMRKD8dxtQyv3D4q5cyfho1QPcTzSpDSjKTFw8ehA5m) at epoch 0, sequence 21, previous digest Some(CheckpointDigest(CM8eYaCbTvW6MEhEWxcN15A8QxMyzyDGoUR49LYyc133)), transactions count 1, content digest CheckpointContentsDigest(6vTJ15RorwVArnY63Y32ivNrT2WJdSqfDYdDVMCBYq6n), end_of_epoch_data None
[2m2025-03-25T07:54:17.976053Z[0m [32m INFO[0m [1mnode[0m[1m{[0m[3mname[0m[2m=[0mk#99f25ef6..[1m}[0m[2m:[0m [2msui_core::checkpoints[0m[2m:[0m [2mcrates/sui-core/src/checkpoints/mod.rs[0m[2m:[0m[2m1326:[0m Creating checkpoint(s) for 1 transactions [3mnext_checkpoint_seq[0m[2m=[0m21 [3mcheckpoint_timestamp[0m[2m=[0m1742889257254
[2m2025-03-25T07:54:17.976241Z[0m [32m INFO[0m [1mnode[0m[1m{[0m[3mname[0m[2m=[0mk#99f25ef6..[1m}[0m[2m:[0m [2msui_core::checkpoints::checkpoint_output[0m[2m:[0m [2mcrates/sui-core/src/checkpoints/checkpoint_output.rs[0m[2m:[0m[2m149:[0m Creating checkpoint CheckpointDigest(EwMRKD8dxtQyv3D4q5cyfho1QPcTzSpDSjKTFw8ehA5m) at epoch 0, sequence 21, previous digest Some(CheckpointDigest(CM8eYaCbTvW6MEhEWxcN15A8QxMyzyDGoUR49LYyc133)), transactions count 1, content digest CheckpointContentsDigest(6vTJ15RorwVArnY63Y32ivNrT2WJdSqfDYdDVMCBYq6n), end_of_epoch_data None
[2m2025-03-25T07:54:17.980321Z[0m [32m INFO[0m [1mnode[0m[1m{[0m[3mname[0m[2m=[0mk#addeef94..[1m}[0m[2m:[0m [2msui_core::checkpoints::checkpoint_executor[0m[2m:[0m [2mcrates/sui-core/src/checkpoints/checkpoint_executor/mod.rs[0m[2m:[0m[2m332:[0m Received checkpoint summary from state sync [3msequence_number[0m[2m=[0m18
[2m2025-03-25T07:54:17.980454Z[0m [32m INFO[0m [1mnode[0m[1m{[0m[3mname[0m[2m=[0mk#addeef94..[1m}[0m[2m:[0m [2msui_core::checkpoints::checkpoint_executor[0m[2m:[0m [2mcrates/sui-core/src/checkpoints/checkpoint_executor/mod.rs[0m[2m:[0m[2m332:[0m Received checkpoint summary from state sync [3msequence_number[0m[2m=[0m19
[2m2025-03-25T07:54:17.981707Z[0m [32m INFO[0m [1mnode[0m[1m{[0m[3mname[0m[2m=[0mk#addeef94..[1m}[0m[2m:[0m [2msui_core::state_accumulator[0m[2m:[0m [2mcrates/sui-core/src/state_accumulator.rs[0m[2m:[0m[2m675:[0m accumulating running root for checkpoint 18
[2m2025-03-25T07:54:17.982123Z[0m [32m INFO[0m [1mnode[0m[1m{[0m[3mname[0m[2m=[0mk#addeef94..[1m}[0m[2m:[0m [2msui_core::state_accumulator[0m[2m:[0m [2mcrates/sui-core/src/state_accumulator.rs[0m[2m:[0m[2m675:[0m accumulating running root for checkpoint 19
[2m2025-03-25T07:54:18.019496Z[0m [32m INFO[0m [1mnode[0m[1m{[0m[3mname[0m[2m=[0mk#8dcff6d1..[1m}[0m[2m:[0m [2mconsensus_core::core[0m[2m:[0m [2mconsensus/core/src/core.rs[0m[2m:[0m[2m531:[0m Created block B18(A,M7LkZsTTM2Se0Zo5xAfIaZ99+klSk9G5+GzRlCItZgo=)(1742889258019ms;[B17(A,Ju7ZhAQeYRvlpS/dEDdqJ7JzyqM+MarXoIDANxs2Qqo=), B17(B,3OaLg69CVa3WCZAu+WSZ8grOKrLPUqfwytolSojqioI=), B17(C,yS1MIt4qNfZ0dhKU/QVHlBYA/6FiIroj+5fx202kRTk=)];2t;1c) for round 18
[2m2025-03-25T07:54:18.019496Z[0m [32m INFO[0m [1mnode[0m[1m{[0m[3mname[0m[2m=[0mk#99f25ef6..[1m}[0m[2m:[0m [2mconsensus_core::core[0m[2m:[0m [2mconsensus/core/src/core.rs[0m[2m:[0m[2m531:[0m Created block B18(B,CcKUvav6m5YDhzugi3v/HEyKYNsIGK2Q4/RxxfKfdPY=)(1742889258019ms;[B17(B,3OaLg69CVa3WCZAu+WSZ8grOKrLPUqfwytolSojqioI=), B17(A,Ju7ZhAQeYRvlpS/dEDdqJ7JzyqM+MarXoIDANxs2Qqo=), B17(C,yS1MIt4qNfZ0dhKU/QVHlBYA/6FiIroj+5fx202kRTk=)];2t;1c) for round 18
[2m2025-03-25T07:54:18.021832Z[0m [32m INFO[0m [1mnode[0m[1m{[0m[3mname[0m[2m=[0mk#addeef94..[1m}[0m[2m:[0m [2mconsensus_core::core[0m[2m:[0m [2mconsensus/core/src/core.rs[0m[2m:[0m[2m531:[0m Created block B18(C,9AZ9MO/QeWjiU9D2DYYeOyLuhR/fnQ2+GzdUV7ZF0K0=)(1742889258021ms;[B17(C,yS1MIt4qNfZ0dhKU/QVHlBYA/6FiIroj+5fx202kRTk=), B17(A,Ju7ZhAQeYRvlpS/dEDdqJ7JzyqM+MarXoIDANxs2Qqo=), B17(B,3OaLg69CVa3WCZAu+WSZ8grOKrLPUqfwytolSojqioI=)];2t;1c) for round 18
[2m2025-03-25T07:54:18.021990Z[0m [32m INFO[0m [1mnode[0m[1m{[0m[3mname[0m[2m=[0mk#addeef94..[1m}[0m[2m:[0m [2mconsensus_core::core[0m[2m:[0m [2mconsensus/core/src/core.rs[0m[2m:[0m[2m630:[0m Committing 1 leaders: B16(B,+BWa)
[2m2025-03-25T07:54:18.022073Z[0m [32m INFO[0m [1mnode[0m[1m{[0m[3mname[0m[2m=[0mk#addeef94..[1m}[0m[2m:[0m [2mconsensus_core::commit_observer[0m[2m:[0m [2mconsensus/core/src/commit_observer.rs[0m[2m:[0m[2m173:[0m Consensus commit C15(UZlp) with leader B16(B,+BWa) has 3 blocks
[2m2025-03-25T07:54:18.022486Z[0m [32m INFO[0m [1mnode[0m[1m{[0m[3mname[0m[2m=[0mk#addeef94..[1m}[0m[2m:[0m [2msui_core::consensus_handler[0m[2m:[0m [2mcrates/sui-core/src/consensus_handler.rs[0m[2m:[0m[2m232:[0m Received consensus output [3mconsensus_commit[0m[2m=[0mCommittedSubDag(leader=B16(B,+BWa), ref=C15(UZlp), blocks=[fGCA, W9VZ, +BWa]) [3mepoch[0m[2m=[0m0
[2m2025-03-25T07:54:18.025382Z[0m [32m INFO[0m [1mnode[0m[1m{[0m[3mname[0m[2m=[0mk#8dcff6d1..[1m}[0m[2m:[0m [2mconsensus_core::core[0m[2m:[0m [2mconsensus/core/src/core.rs[0m[2m:[0m[2m630:[0m Committing 1 leaders: B16(B,+BWa)
[2m2025-03-25T07:54:18.025386Z[0m [32m INFO[0m [1mnode[0m[1m{[0m[3mname[0m[2m=[0mk#99f25ef6..[1m}[0m[2m:[0m [2mconsensus_core::core[0m[2m:[0m [2mconsensus/core/src/core.rs[0m[2m:[0m[2m630:[0m Committing 1 leaders: B16(B,+BWa)
[2m2025-03-25T07:54:18.025466Z[0m [32m INFO[0m [1mnode[0m[1m{[0m[3mname[0m[2m=[0mk#8dcff6d1..[1m}[0m[2m:[0m [2mconsensus_core::commit_observer[0m[2m:[0m [2mconsensus/core/src/commit_observer.rs[0m[2m:[0m[2m173:[0m Consensus commit C15(UZlp) with leader B16(B,+BWa) has 3 blocks
[2m2025-03-25T07:54:18.025470Z[0m [32m INFO[0m [1mnode[0m[1m{[0m[3mname[0m[2m=[0mk#99f25ef6..[1m}[0m[2m:[0m [2mconsensus_core::commit_observer[0m[2m:[0m [2mconsensus/core/src/commit_observer.rs[0m[2m:[0m[2m173:[0m Consensus commit C15(UZlp) with leader B16(B,+BWa) has 3 blocks
[2m2025-03-25T07:54:18.025539Z[0m [32m INFO[0m [1mnode[0m[1m{[0m[3mname[0m[2m=[0mk#8dcff6d1..[1m}[0m[2m:[0m [2msui_core::consensus_handler[0m[2m:[0m [2mcrates/sui-core/src/consensus_handler.rs[0m[2m:[0m[2m232:[0m Received consensus output [3mconsensus_commit[0m[2m=[0mCommittedSubDag(leader=B16(B,+BWa), ref=C15(UZlp), blocks=[fGCA, W9VZ, +BWa]) [3mepoch[0m[2m=[0m0
[2m2025-03-25T07:54:18.025541Z[0m [32m INFO[0m [1mnode[0m[1m{[0m[3mname[0m[2m=[0mk#99f25ef6..[1m}[0m[2m:[0m [2msui_core::consensus_handler[0m[2m:[0m [2mcrates/sui-core/src/consensus_handler.rs[0m[2m:[0m[2m232:[0m Received consensus output [3mconsensus_commit[0m[2m=[0mCommittedSubDag(leader=B16(B,+BWa), ref=C15(UZlp), blocks=[fGCA, W9VZ, +BWa]) [3mepoch[0m[2m=[0m0
[2m2025-03-25T07:54:18.112736Z[0m [32m INFO[0m [1mnode[0m[1m{[0m[3mname[0m[2m=[0mk#addeef94..[1m}[0m[2m:[0m [2msui_core::checkpoints[0m[2m:[0m [2mcrates/sui-core/src/checkpoints/mod.rs[0m[2m:[0m[2m1326:[0m Creating checkpoint(s) for 1 transactions [3mnext_checkpoint_seq[0m[2m=[0m22 [3mcheckpoint_timestamp[0m[2m=[0m1742889257507
[2m2025-03-25T07:54:18.112736Z[0m [32m INFO[0m [1mnode[0m[1m{[0m[3mname[0m[2m=[0mk#8dcff6d1..[1m}[0m[2m:[0m [2msui_core::checkpoints[0m[2m:[0m [2mcrates/sui-core/src/checkpoints/mod.rs[0m[2m:[0m[2m1326:[0m Creating checkpoint(s) for 1 transactions [3mnext_checkpoint_seq[0m[2m=[0m22 [3mcheckpoint_timestamp[0m[2m=[0m1742889257507
[2m2025-03-25T07:54:18.113007Z[0m [32m INFO[0m [1mnode[0m[1m{[0m[3mname[0m[2m=[0mk#8dcff6d1..[1m}[0m[2m:[0m [2msui_core::checkpoints::checkpoint_output[0m[2m:[0m [2mcrates/sui-core/src/checkpoints/checkpoint_output.rs[0m[2m:[0m[2m149:[0m Creating checkpoint CheckpointDigest(954bHYKhH7LMfySGUrCmQdWxAvhZmusgymnS8ZPhEfaN) at epoch 0, sequence 22, previous digest Some(CheckpointDigest(EwMRKD8dxtQyv3D4q5cyfho1QPcTzSpDSjKTFw8ehA5m)), transactions count 1, content digest CheckpointContentsDigest(EhGdJaeWYw4kE6ykkABxGCPd8swKqVF5BvmvdxTMFwU), end_of_epoch_data None
[2m2025-03-25T07:54:18.113007Z[0m [32m INFO[0m [1mnode[0m[1m{[0m[3mname[0m[2m=[0mk#addeef94..[1m}[0m[2m:[0m [2msui_core::checkpoints::checkpoint_output[0m[2m:[0m [2mcrates/sui-core/src/checkpoints/checkpoint_output.rs[0m[2m:[0m[2m149:[0m Creating checkpoint CheckpointDigest(954bHYKhH7LMfySGUrCmQdWxAvhZmusgymnS8ZPhEfaN) at epoch 0, sequence 22, previous digest Some(CheckpointDigest(EwMRKD8dxtQyv3D4q5cyfho1QPcTzSpDSjKTFw8ehA5m)), transactions count 1, content digest CheckpointContentsDigest(EhGdJaeWYw4kE6ykkABxGCPd8swKqVF5BvmvdxTMFwU), end_of_epoch_data None
[2m2025-03-25T07:54:18.113334Z[0m [32m INFO[0m [1mnode[0m[1m{[0m[3mname[0m[2m=[0mk#99f25ef6..[1m}[0m[2m:[0m [2msui_core::checkpoints[0m[2m:[0m [2mcrates/sui-core/src/checkpoints/mod.rs[0m[2m:[0m[2m1326:[0m Creating checkpoint(s) for 1 transactions [3mnext_checkpoint_seq[0m[2m=[0m22 [3mcheckpoint_timestamp[0m[2m=[0m1742889257507
[2m2025-03-25T07:54:18.113508Z[0m [32m INFO[0m [1mnode[0m[1m{[0m[3mname[0m[2m=[0mk#99f25ef6..[1m}[0m[2m:[0m [2msui_core::checkpoints::checkpoint_output[0m[2m:[0m [2mcrates/sui-core/src/checkpoints/checkpoint_output.rs[0m[2m:[0m[2m149:[0m Creating checkpoint CheckpointDigest(954bHYKhH7LMfySGUrCmQdWxAvhZmusgymnS8ZPhEfaN) at epoch 0, sequence 22, previous digest Some(CheckpointDigest(EwMRKD8dxtQyv3D4q5cyfho1QPcTzSpDSjKTFw8ehA5m)), transactions count 1, content digest CheckpointContentsDigest(EhGdJaeWYw4kE6ykkABxGCPd8swKqVF5BvmvdxTMFwU), end_of_epoch_data None
[2m2025-03-25T07:54:18.117678Z[0m [32m INFO[0m [1mnode[0m[1m{[0m[3mname[0m[2m=[0mk#8dcff6d1..[1m}[0m[2m:[0m [2msui_core::checkpoints::checkpoint_output[0m[2m:[0m [2mcrates/sui-core/src/checkpoints/checkpoint_output.rs[0m[2m:[0m[2m196:[0m Certified checkpoint with sequence 20 and digest CM8eYaCbTvW6MEhEWxcN15A8QxMyzyDGoUR49LYyc133
[2m2025-03-25T07:54:18.117701Z[0m [32m INFO[0m [1mnode[0m[1m{[0m[3mname[0m[2m=[0mk#8dcff6d1..[1m}[0m[2m:[0m [2msui_core::checkpoints::checkpoint_output[0m[2m:[0m [2mcrates/sui-core/src/checkpoints/checkpoint_output.rs[0m[2m:[0m[2m196:[0m Certified checkpoint with sequence 21 and digest EwMRKD8dxtQyv3D4q5cyfho1QPcTzSpDSjKTFw8ehA5m
[2m2025-03-25T07:54:18.117893Z[0m [32m INFO[0m [1mnode[0m[1m{[0m[3mname[0m[2m=[0mk#99f25ef6..[1m}[0m[2m:[0m [2msui_core::checkpoints::checkpoint_output[0m[2m:[0m [2mcrates/sui-core/src/checkpoints/checkpoint_output.rs[0m[2m:[0m[2m196:[0m Certified checkpoint with sequence 20 and digest CM8eYaCbTvW6MEhEWxcN15A8QxMyzyDGoUR49LYyc133
[2m2025-03-25T07:54:18.117914Z[0m [32m INFO[0m [1mnode[0m[1m{[0m[3mname[0m[2m=[0mk#99f25ef6..[1m}[0m[2m:[0m [2msui_core::checkpoints::checkpoint_output[0m[2m:[0m [2mcrates/sui-core/src/checkpoints/checkpoint_output.rs[0m[2m:[0m[2m196:[0m Certified checkpoint with sequence 21 and digest EwMRKD8dxtQyv3D4q5cyfho1QPcTzSpDSjKTFw8ehA5m
[2m2025-03-25T07:54:18.118541Z[0m [32m INFO[0m [1mnode[0m[1m{[0m[3mname[0m[2m=[0mk#8dcff6d1..[1m}[0m[2m:[0m [2msui_core::checkpoints::checkpoint_executor[0m[2m:[0m [2mcrates/sui-core/src/checkpoints/checkpoint_executor/mod.rs[0m[2m:[0m[2m332:[0m Received checkpoint summary from state sync [3msequence_number[0m[2m=[0m20
[2m2025-03-25T07:54:18.118670Z[0m [32m INFO[0m [1mnode[0m[1m{[0m[3mname[0m[2m=[0mk#8dcff6d1..[1m}[0m[2m:[0m [2msui_core::checkpoints::checkpoint_executor[0m[2m:[0m [2mcrates/sui-core/src/checkpoints/checkpoint_executor/mod.rs[0m[2m:[0m[2m332:[0m Received checkpoint summary from state sync [3msequence_number[0m[2m=[0m21
[2m2025-03-25T07:54:18.118914Z[0m [32m INFO[0m [1mnode[0m[1m{[0m[3mname[0m[2m=[0mk#99f25ef6..[1m}[0m[2m:[0m [2msui_core::checkpoints::checkpoint_executor[0m[2m:[0m [2mcrates/sui-core/src/checkpoints/checkpoint_executor/mod.rs[0m[2m:[0m[2m332:[0m Received checkpoint summary from state sync [3msequence_number[0m[2m=[0m20
[2m2025-03-25T07:54:18.119035Z[0m [32m INFO[0m [1mnode[0m[1m{[0m[3mname[0m[2m=[0mk#99f25ef6..[1m}[0m[2m:[0m [2msui_core::checkpoints::checkpoint_executor[0m[2m:[0m [2mcrates/sui-core/src/checkpoints/checkpoint_executor/mod.rs[0m[2m:[0m[2m332:[0m Received checkpoint summary from state sync [3msequence_number[0m[2m=[0m21
[2m2025-03-25T07:54:18.120386Z[0m [32m INFO[0m [1mnode[0m[1m{[0m[3mname[0m[2m=[0mk#8dcff6d1..[1m}[0m[2m:[0m [2msui_core::state_accumulator[0m[2m:[0m [2mcrates/sui-core/src/state_accumulator.rs[0m[2m:[0m[2m675:[0m accumulating running root for checkpoint 20
[2m2025-03-25T07:54:18.120613Z[0m [32m INFO[0m [1mnode[0m[1m{[0m[3mname[0m[2m=[0mk#99f25ef6..[1m}[0m[2m:[0m [2msui_core::state_accumulator[0m[2m:[0m [2mcrates/sui-core/src/state_accumulator.rs[0m[2m:[0m[2m675:[0m accumulating running root for checkpoint 20
[2m2025-03-25T07:54:18.120831Z[0m [32m INFO[0m [1mnode[0m[1m{[0m[3mname[0m[2m=[0mk#8dcff6d1..[1m}[0m[2m:[0m [2msui_core::state_accumulator[0m[2m:[0m [2mcrates/sui-core/src/state_accumulator.rs[0m[2m:[0m[2m675:[0m accumulating running root for checkpoint 21
[2m2025-03-25T07:54:18.121038Z[0m [32m INFO[0m [1mnode[0m[1m{[0m[3mname[0m[2m=[0mk#99f25ef6..[1m}[0m[2m:[0m [2msui_core::state_accumulator[0m[2m:[0m [2mcrates/sui-core/src/state_accumulator.rs[0m[2m:[0m[2m675:[0m accumulating running root for checkpoint 21
[2m2025-03-25T07:54:18.221778Z[0m [32m INFO[0m [1mnode[0m[1m{[0m[3mname[0m[2m=[0mk#8dcff6d1..[1m}[0m[2m:[0m [2msui_core::checkpoints[0m[2m:[0m [2mcrates/sui-core/src/checkpoints/mod.rs[0m[2m:[0m[2m1326:[0m Creating checkpoint(s) for 1 transactions [3mnext_checkpoint_seq[0m[2m=[0m23 [3mcheckpoint_timestamp[0m[2m=[0m1742889257507
[2m2025-03-25T07:54:18.222034Z[0m [32m INFO[0m [1mnode[0m[1m{[0m[3mname[0m[2m=[0mk#8dcff6d1..[1m}[0m[2m:[0m [2msui_core::checkpoints::checkpoint_output[0m[2m:[0m [2mcrates/sui-core/src/checkpoints/checkpoint_output.rs[0m[2m:[0m[2m149:[0m Creating checkpoint CheckpointDigest(DxGGowaKDke3BqRgdc3oXEP4KTo93C4zNd2szZXodbjK) at epoch 0, sequence 23, previous digest Some(CheckpointDigest(954bHYKhH7LMfySGUrCmQdWxAvhZmusgymnS8ZPhEfaN)), transactions count 1, content digest CheckpointContentsDigest(8LnGV6U6m2HRsv5Wu7ZSK6P5antVSofy3gfpVR5kZVA9), end_of_epoch_data None
[2m2025-03-25T07:54:18.226074Z[0m [32m INFO[0m [1mnode[0m[1m{[0m[3mname[0m[2m=[0mk#addeef94..[1m}[0m[2m:[0m [2msui_core::checkpoints[0m[2m:[0m [2mcrates/sui-core/src/checkpoints/mod.rs[0m[2m:[0m[2m1326:[0m Creating checkpoint(s) for 1 transactions [3mnext_checkpoint_seq[0m[2m=[0m23 [3mcheckpoint_timestamp[0m[2m=[0m1742889257507
[2m2025-03-25T07:54:18.226269Z[0m [32m INFO[0m [1mnode[0m[1m{[0m[3mname[0m[2m=[0mk#addeef94..[1m}[0m[2m:[0m [2msui_core::checkpoints::checkpoint_output[0m[2m:[0m [2mcrates/sui-core/src/checkpoints/checkpoint_output.rs[0m[2m:[0m[2m149:[0m Creating checkpoint CheckpointDigest(DxGGowaKDke3BqRgdc3oXEP4KTo93C4zNd2szZXodbjK) at epoch 0, sequence 23, previous digest Some(CheckpointDigest(954bHYKhH7LMfySGUrCmQdWxAvhZmusgymnS8ZPhEfaN)), transactions count 1, content digest CheckpointContentsDigest(8LnGV6U6m2HRsv5Wu7ZSK6P5antVSofy3gfpVR5kZVA9), end_of_epoch_data None
[2m2025-03-25T07:54:18.227563Z[0m [32m INFO[0m [1mnode[0m[1m{[0m[3mname[0m[2m=[0mk#99f25ef6..[1m}[0m[2m:[0m [2msui_core::checkpoints[0m[2m:[0m [2mcrates/sui-core/src/checkpoints/mod.rs[0m[2m:[0m[2m1326:[0m Creating checkpoint(s) for 1 transactions [3mnext_checkpoint_seq[0m[2m=[0m23 [3mcheckpoint_timestamp[0m[2m=[0m1742889257507
[2m2025-03-25T07:54:18.227742Z[0m [32m INFO[0m [1mnode[0m[1m{[0m[3mname[0m[2m=[0mk#99f25ef6..[1m}[0m[2m:[0m [2msui_core::checkpoints::checkpoint_output[0m[2m:[0m [2mcrates/sui-core/src/checkpoints/checkpoint_output.rs[0m[2m:[0m[2m149:[0m Creating checkpoint CheckpointDigest(DxGGowaKDke3BqRgdc3oXEP4KTo93C4zNd2szZXodbjK) at epoch 0, sequence 23, previous digest Some(CheckpointDigest(954bHYKhH7LMfySGUrCmQdWxAvhZmusgymnS8ZPhEfaN)), transactions count 1, content digest CheckpointContentsDigest(8LnGV6U6m2HRsv5Wu7ZSK6P5antVSofy3gfpVR5kZVA9), end_of_epoch_data None
[2m2025-03-25T07:54:18.230313Z[0m [32m INFO[0m [1mnode[0m[1m{[0m[3mname[0m[2m=[0mk#addeef94..[1m}[0m[2m:[0m [2msui_core::checkpoints::checkpoint_executor[0m[2m:[0m [2mcrates/sui-core/src/checkpoints/checkpoint_executor/mod.rs[0m[2m:[0m[2m332:[0m Received checkpoint summary from state sync [3msequence_number[0m[2m=[0m20
[2m2025-03-25T07:54:18.230444Z[0m [32m INFO[0m [1mnode[0m[1m{[0m[3mname[0m[2m=[0mk#addeef94..[1m}[0m[2m:[0m [2msui_core::checkpoints::checkpoint_executor[0m[2m:[0m [2mcrates/sui-core/src/checkpoints/checkpoint_executor/mod.rs[0m[2m:[0m[2m332:[0m Received checkpoint summary from state sync [3msequence_number[0m[2m=[0m21
[2m2025-03-25T07:54:18.230653Z[0m [32m INFO[0m [1mnode[0m[1m{[0m[3mname[0m[2m=[0mk#addeef94..[1m}[0m[2m:[0m [2mconsensus_core::commit_syncer[0m[2m:[0m [2mconsensus/core/src/commit_syncer.rs[0m[2m:[0m[2m196:[0m Checking to schedule fetches: synced_commit_index=15, highest_handled_index=15, highest_scheduled_index=0, quorum_commit_index=0, unhandled_commits_threshold=3200
[2m2025-03-25T07:54:18.231818Z[0m [32m INFO[0m [1mnode[0m[1m{[0m[3mname[0m[2m=[0mk#addeef94..[1m}[0m[2m:[0m [2msui_core::state_accumulator[0m[2m:[0m [2mcrates/sui-core/src/state_accumulator.rs[0m[2m:[0m[2m675:[0m accumulating running root for checkpoint 20
[2m2025-03-25T07:54:18.232236Z[0m [32m INFO[0m [1mnode[0m[1m{[0m[3mname[0m[2m=[0mk#addeef94..[1m}[0m[2m:[0m [2msui_core::state_accumulator[0m[2m:[0m [2mcrates/sui-core/src/state_accumulator.rs[0m[2m:[0m[2m675:[0m accumulating running root for checkpoint 21
[2m2025-03-25T07:54:18.274378Z[0m [32m INFO[0m [1mnode[0m[1m{[0m[3mname[0m[2m=[0mk#addeef94..[1m}[0m[2m:[0m [2mconsensus_core::core[0m[2m:[0m [2mconsensus/core/src/core.rs[0m[2m:[0m[2m531:[0m Created block B19(C,RHbF4/9Q4VP0IR3vohvo8fcXUdGPs8YcnaaaI2WZL6k=)(1742889258274ms;[B18(C,9AZ9MO/QeWjiU9D2DYYeOyLuhR/fnQ2+GzdUV7ZF0K0=), B18(A,M7LkZsTTM2Se0Zo5xAfIaZ99+klSk9G5+GzRlCItZgo=), B18(B,CcKUvav6m5YDhzugi3v/HEyKYNsIGK2Q4/RxxfKfdPY=)];2t;1c) for round 19
[2m2025-03-25T07:54:18.276956Z[0m [32m INFO[0m [1mnode[0m[1m{[0m[3mname[0m[2m=[0mk#8dcff6d1..[1m}[0m[2m:[0m [2mconsensus_core::core[0m[2m:[0m [2mconsensus/core/src/core.rs[0m[2m:[0m[2m531:[0m Created block B19(A,Yw9VCl1U9b+EyFF8Meiai2njzkt5eDTjCHr2iXdpFzo=)(1742889258276ms;[B18(A,M7LkZsTTM2Se0Zo5xAfIaZ99+klSk9G5+GzRlCItZgo=), B18(B,CcKUvav6m5YDhzugi3v/HEyKYNsIGK2Q4/RxxfKfdPY=), B18(C,9AZ9MO/QeWjiU9D2DYYeOyLuhR/fnQ2+GzdUV7ZF0K0=)];2t;1c) for round 19
[2m2025-03-25T07:54:18.276959Z[0m [32m INFO[0m [1mnode[0m[1m{[0m[3mname[0m[2m=[0mk#99f25ef6..[1m}[0m[2m:[0m [2mconsensus_core::core[0m[2m:[0m [2mconsensus/core/src/core.rs[0m[2m:[0m[2m531:[0m Created block B19(B,AQpA2hZHVWeE/RySWGOJ+1NQB/FaPzsOX6NyrMBl4Oo=)(1742889258276ms;[B18(B,CcKUvav6m5YDhzugi3v/HEyKYNsIGK2Q4/RxxfKfdPY=), B18(A,M7LkZsTTM2Se0Zo5xAfIaZ99+klSk9G5+GzRlCItZgo=), B18(C,9AZ9MO/QeWjiU9D2DYYeOyLuhR/fnQ2+GzdUV7ZF0K0=)];2t;1c) for round 19
[2m2025-03-25T07:54:18.277038Z[0m [32m INFO[0m [1mnode[0m[1m{[0m[3mname[0m[2m=[0mk#8dcff6d1..[1m}[0m[2m:[0m [2mconsensus_core::core[0m[2m:[0m [2mconsensus/core/src/core.rs[0m[2m:[0m[2m630:[0m Committing 1 leaders: B17(B,3OaL)
[2m2025-03-25T07:54:18.277038Z[0m [32m INFO[0m [1mnode[0m[1m{[0m[3mname[0m[2m=[0mk#99f25ef6..[1m}[0m[2m:[0m [2mconsensus_core::core[0m[2m:[0m [2mconsensus/core/src/core.rs[0m[2m:[0m[2m630:[0m Committing 1 leaders: B17(B,3OaL)
[2m2025-03-25T07:54:18.277107Z[0m [32m INFO[0m [1mnode[0m[1m{[0m[3mname[0m[2m=[0mk#8dcff6d1..[1m}[0m[2m:[0m [2mconsensus_core::commit_observer[0m[2m:[0m [2mconsensus/core/src/commit_observer.rs[0m[2m:[0m[2m173:[0m Consensus commit C16(UNyo) with leader B17(B,3OaL) has 3 blocks
[2m2025-03-25T07:54:18.277107Z[0m [32m INFO[0m [1mnode[0m[1m{[0m[3mname[0m[2m=[0mk#99f25ef6..[1m}[0m[2m:[0m [2mconsensus_core::commit_observer[0m[2m:[0m [2mconsensus/core/src/commit_observer.rs[0m[2m:[0m[2m173:[0m Consensus commit C16(UNyo) with leader B17(B,3OaL) has 3 blocks
[2m2025-03-25T07:54:18.277196Z[0m [32m INFO[0m [1mnode[0m[1m{[0m[3mname[0m[2m=[0mk#8dcff6d1..[1m}[0m[2m:[0m [2msui_core::consensus_handler[0m[2m:[0m [2mcrates/sui-core/src/consensus_handler.rs[0m[2m:[0m[2m232:[0m Received consensus output [3mconsensus_commit[0m[2m=[0mCommittedSubDag(leader=B17(B,3OaL), ref=C16(UNyo), blocks=[lgGs, XhiE, 3OaL]) [3mepoch[0m[2m=[0m0
[2m2025-03-25T07:54:18.277196Z[0m [32m INFO[0m [1mnode[0m[1m{[0m[3mname[0m[2m=[0mk#99f25ef6..[1m}[0m[2m:[0m [2msui_core::consensus_handler[0m[2m:[0m [2mcrates/sui-core/src/consensus_handler.rs[0m[2m:[0m[2m232:[0m Received consensus output [3mconsensus_commit[0m[2m=[0mCommittedSubDag(leader=B17(B,3OaL), ref=C16(UNyo), blocks=[lgGs, XhiE, 3OaL]) [3mepoch[0m[2m=[0m0
[2m2025-03-25T07:54:18.280154Z[0m [32m INFO[0m [1mnode[0m[1m{[0m[3mname[0m[2m=[0mk#addeef94..[1m}[0m[2m:[0m [2mconsensus_core::core[0m[2m:[0m [2mconsensus/core/src/core.rs[0m[2m:[0m[2m630:[0m Committing 1 leaders: B17(B,3OaL)
[2m2025-03-25T07:54:18.280236Z[0m [32m INFO[0m [1mnode[0m[1m{[0m[3mname[0m[2m=[0mk#addeef94..[1m}[0m[2m:[0m [2mconsensus_core::commit_observer[0m[2m:[0m [2mconsensus/core/src/commit_observer.rs[0m[2m:[0m[2m173:[0m Consensus commit C16(UNyo) with leader B17(B,3OaL) has 3 blocks
[2m2025-03-25T07:54:18.280306Z[0m [32m INFO[0m [1mnode[0m[1m{[0m[3mname[0m[2m=[0mk#addeef94..[1m}[0m[2m:[0m [2msui_core::consensus_handler[0m[2m:[0m [2mcrates/sui-core/src/consensus_handler.rs[0m[2m:[0m[2m232:[0m Received consensus output [3mconsensus_commit[0m[2m=[0mCommittedSubDag(leader=B17(B,3OaL), ref=C16(UNyo), blocks=[lgGs, XhiE, 3OaL]) [3mepoch[0m[2m=[0m0
[2m2025-03-25T07:54:18.374396Z[0m [32m INFO[0m [1mnode[0m[1m{[0m[3mname[0m[2m=[0mk#8dcff6d1..[1m}[0m[2m:[0m [2msui_core::checkpoints[0m[2m:[0m [2mcrates/sui-core/src/checkpoints/mod.rs[0m[2m:[0m[2m1326:[0m Creating checkpoint(s) for 1 transactions [3mnext_checkpoint_seq[0m[2m=[0m24 [3mcheckpoint_timestamp[0m[2m=[0m1742889257765
[2m2025-03-25T07:54:18.374648Z[0m [32m INFO[0m [1mnode[0m[1m{[0m[3mname[0m[2m=[0mk#8dcff6d1..[1m}[0m[2m:[0m [2msui_core::checkpoints::checkpoint_output[0m[2m:[0m [2mcrates/sui-core/src/checkpoints/checkpoint_output.rs[0m[2m:[0m[2m149:[0m Creating checkpoint CheckpointDigest(3S8sho2CNb7a5EnpW8ptWgeWgBZUk4ayFVKjjwEYWt8d) at epoch 0, sequence 24, previous digest Some(CheckpointDigest(DxGGowaKDke3BqRgdc3oXEP4KTo93C4zNd2szZXodbjK)), transactions count 1, content digest CheckpointContentsDigest(E6QVLk31jmgjiggtuDsou6ghrJN1yR8juxK95c3KUBcV), end_of_epoch_data None
[2m2025-03-25T07:54:18.376877Z[0m [32m INFO[0m [1mnode[0m[1m{[0m[3mname[0m[2m=[0mk#addeef94..[1m}[0m[2m:[0m [2msui_core::checkpoints[0m[2m:[0m [2mcrates/sui-core/src/checkpoints/mod.rs[0m[2m:[0m[2m1326:[0m Creating checkpoint(s) for 1 transactions [3mnext_checkpoint_seq[0m[2m=[0m24 [3mcheckpoint_timestamp[0m[2m=[0m1742889257765
[2m2025-03-25T07:54:18.377064Z[0m [32m INFO[0m [1mnode[0m[1m{[0m[3mname[0m[2m=[0mk#addeef94..[1m}[0m[2m:[0m [2msui_core::checkpoints::checkpoint_output[0m[2m:[0m [2mcrates/sui-core/src/checkpoints/checkpoint_output.rs[0m[2m:[0m[2m149:[0m Creating checkpoint CheckpointDigest(3S8sho2CNb7a5EnpW8ptWgeWgBZUk4ayFVKjjwEYWt8d) at epoch 0, sequence 24, previous digest Some(CheckpointDigest(DxGGowaKDke3BqRgdc3oXEP4KTo93C4zNd2szZXodbjK)), transactions count 1, content digest CheckpointContentsDigest(E6QVLk31jmgjiggtuDsou6ghrJN1yR8juxK95c3KUBcV), end_of_epoch_data None
[2m2025-03-25T07:54:18.377195Z[0m [32m INFO[0m [1mnode[0m[1m{[0m[3mname[0m[2m=[0mk#99f25ef6..[1m}[0m[2m:[0m [2msui_core::checkpoints[0m[2m:[0m [2mcrates/sui-core/src/checkpoints/mod.rs[0m[2m:[0m[2m1326:[0m Creating checkpoint(s) for 1 transactions [3mnext_checkpoint_seq[0m[2m=[0m24 [3mcheckpoint_timestamp[0m[2m=[0m1742889257765
[2m2025-03-25T07:54:18.377366Z[0m [32m INFO[0m [1mnode[0m[1m{[0m[3mname[0m[2m=[0mk#99f25ef6..[1m}[0m[2m:[0m [2msui_core::checkpoints::checkpoint_output[0m[2m:[0m [2mcrates/sui-core/src/checkpoints/checkpoint_output.rs[0m[2m:[0m[2m149:[0m Creating checkpoint CheckpointDigest(3S8sho2CNb7a5EnpW8ptWgeWgBZUk4ayFVKjjwEYWt8d) at epoch 0, sequence 24, previous digest Some(CheckpointDigest(DxGGowaKDke3BqRgdc3oXEP4KTo93C4zNd2szZXodbjK)), transactions count 1, content digest CheckpointContentsDigest(E6QVLk31jmgjiggtuDsou6ghrJN1yR8juxK95c3KUBcV), end_of_epoch_data None
[2m2025-03-25T07:54:18.379479Z[0m [32m INFO[0m [1mnode[0m[1m{[0m[3mname[0m[2m=[0mk#8dcff6d1..[1m}[0m[2m:[0m [2msui_core::checkpoints::checkpoint_output[0m[2m:[0m [2mcrates/sui-core/src/checkpoints/checkpoint_output.rs[0m[2m:[0m[2m196:[0m Certified checkpoint with sequence 22 and digest 954bHYKhH7LMfySGUrCmQdWxAvhZmusgymnS8ZPhEfaN
[2m2025-03-25T07:54:18.379503Z[0m [32m INFO[0m [1mnode[0m[1m{[0m[3mname[0m[2m=[0mk#8dcff6d1..[1m}[0m[2m:[0m [2msui_core::checkpoints::checkpoint_output[0m[2m:[0m [2mcrates/sui-core/src/checkpoints/checkpoint_output.rs[0m[2m:[0m[2m196:[0m Certified checkpoint with sequence 23 and digest DxGGowaKDke3BqRgdc3oXEP4KTo93C4zNd2szZXodbjK
[2m2025-03-25T07:54:18.380391Z[0m [32m INFO[0m [1mnode[0m[1m{[0m[3mname[0m[2m=[0mk#8dcff6d1..[1m}[0m[2m:[0m [2msui_core::checkpoints::checkpoint_executor[0m[2m:[0m [2mcrates/sui-core/src/checkpoints/checkpoint_executor/mod.rs[0m[2m:[0m[2m332:[0m Received checkpoint summary from state sync [3msequence_number[0m[2m=[0m22
[2m2025-03-25T07:54:18.380547Z[0m [32m INFO[0m [1mnode[0m[1m{[0m[3mname[0m[2m=[0mk#8dcff6d1..[1m}[0m[2m:[0m [2msui_core::checkpoints::checkpoint_executor[0m[2m:[0m [2mcrates/sui-core/src/checkpoints/checkpoint_executor/mod.rs[0m[2m:[0m[2m332:[0m Received checkpoint summary from state sync [3msequence_number[0m[2m=[0m23
[2m2025-03-25T07:54:18.381729Z[0m [32m INFO[0m [1mnode[0m[1m{[0m[3mname[0m[2m=[0mk#99f25ef6..[1m}[0m[2m:[0m [2msui_core::checkpoints::checkpoint_output[0m[2m:[0m [2mcrates/sui-core/src/checkpoints/checkpoint_output.rs[0m[2m:[0m[2m196:[0m Certified checkpoint with sequence 22 and digest 954bHYKhH7LMfySGUrCmQdWxAvhZmusgymnS8ZPhEfaN
[2m2025-03-25T07:54:18.381750Z[0m [32m INFO[0m [1mnode[0m[1m{[0m[3mname[0m[2m=[0mk#99f25ef6..[1m}[0m[2m:[0m [2msui_core::checkpoints::checkpoint_output[0m[2m:[0m [2mcrates/sui-core/src/checkpoints/checkpoint_output.rs[0m[2m:[0m[2m196:[0m Certified checkpoint with sequence 23 and digest DxGGowaKDke3BqRgdc3oXEP4KTo93C4zNd2szZXodbjK
[2m2025-03-25T07:54:18.382292Z[0m [32m INFO[0m [1mnode[0m[1m{[0m[3mname[0m[2m=[0mk#8dcff6d1..[1m}[0m[2m:[0m [2msui_core::state_accumulator[0m[2m:[0m [2mcrates/sui-core/src/state_accumulator.rs[0m[2m:[0m[2m675:[0m accumulating running root for checkpoint 22
[2m2025-03-25T07:54:18.382612Z[0m [32m INFO[0m [1mnode[0m[1m{[0m[3mname[0m[2m=[0mk#99f25ef6..[1m}[0m[2m:[0m [2msui_core::checkpoints::checkpoint_executor[0m[2m:[0m [2mcrates/sui-core/src/checkpoints/checkpoint_executor/mod.rs[0m[2m:[0m[2m332:[0m Received checkpoint summary from state sync [3msequence_number[0m[2m=[0m22
[2m2025-03-25T07:54:18.382734Z[0m [32m INFO[0m [1mnode[0m[1m{[0m[3mname[0m[2m=[0mk#99f25ef6..[1m}[0m[2m:[0m [2msui_core::checkpoints::checkpoint_executor[0m[2m:[0m [2mcrates/sui-core/src/checkpoints/checkpoint_executor/mod.rs[0m[2m:[0m[2m332:[0m Received checkpoint summary from state sync [3msequence_number[0m[2m=[0m23
[2m2025-03-25T07:54:18.382738Z[0m [32m INFO[0m [1mnode[0m[1m{[0m[3mname[0m[2m=[0mk#8dcff6d1..[1m}[0m[2m:[0m [2msui_core::state_accumulator[0m[2m:[0m [2mcrates/sui-core/src/state_accumulator.rs[0m[2m:[0m[2m675:[0m accumulating running root for checkpoint 23
[2m2025-03-25T07:54:18.384408Z[0m [32m INFO[0m [1mnode[0m[1m{[0m[3mname[0m[2m=[0mk#99f25ef6..[1m}[0m[2m:[0m [2msui_core::state_accumulator[0m[2m:[0m [2mcrates/sui-core/src/state_accumulator.rs[0m[2m:[0m[2m675:[0m accumulating running root for checkpoint 22
[2m2025-03-25T07:54:18.384833Z[0m [32m INFO[0m [1mnode[0m[1m{[0m[3mname[0m[2m=[0mk#99f25ef6..[1m}[0m[2m:[0m [2msui_core::state_accumulator[0m[2m:[0m [2mcrates/sui-core/src/state_accumulator.rs[0m[2m:[0m[2m675:[0m accumulating running root for checkpoint 23
[2m2025-03-25T07:54:18.483341Z[0m [32m INFO[0m [1mnode[0m[1m{[0m[3mname[0m[2m=[0mk#8dcff6d1..[1m}[0m[2m:[0m [2msui_core::checkpoints[0m[2m:[0m [2mcrates/sui-core/src/checkpoints/mod.rs[0m[2m:[0m[2m1326:[0m Creating checkpoint(s) for 1 transactions [3mnext_checkpoint_seq[0m[2m=[0m25 [3mcheckpoint_timestamp[0m[2m=[0m1742889257765
[2m2025-03-25T07:54:18.483626Z[0m [32m INFO[0m [1mnode[0m[1m{[0m[3mname[0m[2m=[0mk#8dcff6d1..[1m}[0m[2m:[0m [2msui_core::checkpoints::checkpoint_output[0m[2m:[0m [2mcrates/sui-core/src/checkpoints/checkpoint_output.rs[0m[2m:[0m[2m149:[0m Creating checkpoint CheckpointDigest(9Nhs7njA2FUGwKZixJdwCwVg4mtAM3dUmDRYS9YC7pEK) at epoch 0, sequence 25, previous digest Some(CheckpointDigest(3S8sho2CNb7a5EnpW8ptWgeWgBZUk4ayFVKjjwEYWt8d)), transactions count 1, content digest CheckpointContentsDigest(8nTo1xYFzF5sPWPcXtQcCMeKgn5aCycqkvUpRqySmE2C), end_of_epoch_data None
[2m2025-03-25T07:54:18.490398Z[0m [32m INFO[0m [1mnode[0m[1m{[0m[3mname[0m[2m=[0mk#99f25ef6..[1m}[0m[2m:[0m [2msui_core::checkpoints[0m[2m:[0m [2mcrates/sui-core/src/checkpoints/mod.rs[0m[2m:[0m[2m1326:[0m Creating checkpoint(s) for 1 transactions [3mnext_checkpoint_seq[0m[2m=[0m25 [3mcheckpoint_timestamp[0m[2m=[0m1742889257765
[2m2025-03-25T07:54:18.490586Z[0m [32m INFO[0m [1mnode[0m[1m{[0m[3mname[0m[2m=[0mk#99f25ef6..[1m}[0m[2m:[0m [2msui_core::checkpoints::checkpoint_output[0m[2m:[0m [2mcrates/sui-core/src/checkpoints/checkpoint_output.rs[0m[2m:[0m[2m149:[0m Creating checkpoint CheckpointDigest(9Nhs7njA2FUGwKZixJdwCwVg4mtAM3dUmDRYS9YC7pEK) at epoch 0, sequence 25, previous digest Some(CheckpointDigest(3S8sho2CNb7a5EnpW8ptWgeWgBZUk4ayFVKjjwEYWt8d)), transactions count 1, content digest CheckpointContentsDigest(8nTo1xYFzF5sPWPcXtQcCMeKgn5aCycqkvUpRqySmE2C), end_of_epoch_data None
[2m2025-03-25T07:54:18.491151Z[0m [32m INFO[0m [1mnode[0m[1m{[0m[3mname[0m[2m=[0mk#addeef94..[1m}[0m[2m:[0m [2msui_core::checkpoints[0m[2m:[0m [2mcrates/sui-core/src/checkpoints/mod.rs[0m[2m:[0m[2m1326:[0m Creating checkpoint(s) for 1 transactions [3mnext_checkpoint_seq[0m[2m=[0m25 [3mcheckpoint_timestamp[0m[2m=[0m1742889257765
[2m2025-03-25T07:54:18.491333Z[0m [32m INFO[0m [1mnode[0m[1m{[0m[3mname[0m[2m=[0mk#addeef94..[1m}[0m[2m:[0m [2msui_core::checkpoints::checkpoint_output[0m[2m:[0m [2mcrates/sui-core/src/checkpoints/checkpoint_output.rs[0m[2m:[0m[2m149:[0m Creating checkpoint CheckpointDigest(9Nhs7njA2FUGwKZixJdwCwVg4mtAM3dUmDRYS9YC7pEK) at epoch 0, sequence 25, previous digest Some(CheckpointDigest(3S8sho2CNb7a5EnpW8ptWgeWgBZUk4ayFVKjjwEYWt8d)), transactions count 1, content digest CheckpointContentsDigest(8nTo1xYFzF5sPWPcXtQcCMeKgn5aCycqkvUpRqySmE2C), end_of_epoch_data None
[2m2025-03-25T07:54:18.491544Z[0m [32m INFO[0m [1mnode[0m[1m{[0m[3mname[0m[2m=[0mk#8dcff6d1..[1m}[0m[2m:[0m [2mconsensus_core::commit_syncer[0m[2m:[0m [2mconsensus/core/src/commit_syncer.rs[0m[2m:[0m[2m196:[0m Checking to schedule fetches: synced_commit_index=16, highest_handled_index=16, highest_scheduled_index=0, quorum_commit_index=15, unhandled_commits_threshold=3200
[2m2025-03-25T07:54:18.494861Z[0m [32m INFO[0m [1mnode[0m[1m{[0m[3mname[0m[2m=[0mk#addeef94..[1m}[0m[2m:[0m [2msui_core::checkpoints::checkpoint_executor[0m[2m:[0m [2mcrates/sui-core/src/checkpoints/checkpoint_executor/mod.rs[0m[2m:[0m[2m332:[0m Received checkpoint summary from state sync [3msequence_number[0m[2m=[0m22
[2m2025-03-25T07:54:18.494999Z[0m [32m INFO[0m [1mnode[0m[1m{[0m[3mname[0m[2m=[0mk#addeef94..[1m}[0m[2m:[0m [2msui_core::checkpoints::checkpoint_executor[0m[2m:[0m [2mcrates/sui-core/src/checkpoints/checkpoint_executor/mod.rs[0m[2m:[0m[2m332:[0m Received checkpoint summary from state sync [3msequence_number[0m[2m=[0m23
[2m2025-03-25T07:54:18.496586Z[0m [32m INFO[0m [1mnode[0m[1m{[0m[3mname[0m[2m=[0mk#addeef94..[1m}[0m[2m:[0m [2msui_core::state_accumulator[0m[2m:[0m [2mcrates/sui-core/src/state_accumulator.rs[0m[2m:[0m[2m675:[0m accumulating running root for checkpoint 22
[2m2025-03-25T07:54:18.497019Z[0m [32m INFO[0m [1mnode[0m[1m{[0m[3mname[0m[2m=[0mk#addeef94..[1m}[0m[2m:[0m [2msui_core::state_accumulator[0m[2m:[0m [2mcrates/sui-core/src/state_accumulator.rs[0m[2m:[0m[2m675:[0m accumulating running root for checkpoint 23
[2m2025-03-25T07:54:18.530457Z[0m [32m INFO[0m [1mnode[0m[1m{[0m[3mname[0m[2m=[0mk#99f25ef6..[1m}[0m[2m:[0m [2mconsensus_core::core[0m[2m:[0m [2mconsensus/core/src/core.rs[0m[2m:[0m[2m531:[0m Created block B20(B,3VC0sHA/X+vEzeB8oN7AbrkUXmpyxVcgKiLWJ5fh+zE=)(1742889258530ms;[B19(B,AQpA2hZHVWeE/RySWGOJ+1NQB/FaPzsOX6NyrMBl4Oo=), B19(A,Yw9VCl1U9b+EyFF8Meiai2njzkt5eDTjCHr2iXdpFzo=), B19(C,RHbF4/9Q4VP0IR3vohvo8fcXUdGPs8YcnaaaI2WZL6k=)];2t;1c) for round 20
[2m2025-03-25T07:54:18.530457Z[0m [32m INFO[0m [1mnode[0m[1m{[0m[3mname[0m[2m=[0mk#8dcff6d1..[1m}[0m[2m:[0m [2mconsensus_core::core[0m[2m:[0m [2mconsensus/core/src/core.rs[0m[2m:[0m[2m531:[0m Created block B20(A,TJzNw8gqDZIAHclAs2igKYHOGqJGU4at3cRHTorXqlA=)(1742889258530ms;[B19(A,Yw9VCl1U9b+EyFF8Meiai2njzkt5eDTjCHr2iXdpFzo=), B19(B,AQpA2hZHVWeE/RySWGOJ+1NQB/FaPzsOX6NyrMBl4Oo=), B19(C,RHbF4/9Q4VP0IR3vohvo8fcXUdGPs8YcnaaaI2WZL6k=)];2t;1c) for round 20
[2m2025-03-25T07:54:18.533111Z[0m [32m INFO[0m [1mnode[0m[1m{[0m[3mname[0m[2m=[0mk#addeef94..[1m}[0m[2m:[0m [2mconsensus_core::core[0m[2m:[0m [2mconsensus/core/src/core.rs[0m[2m:[0m[2m531:[0m Created block B20(C,xYZmG43ofQ6RkD460qjHKTZf/2yTq71pdVFyTIpWkLs=)(1742889258532ms;[B19(C,RHbF4/9Q4VP0IR3vohvo8fcXUdGPs8YcnaaaI2WZL6k=), B19(A,Yw9VCl1U9b+EyFF8Meiai2njzkt5eDTjCHr2iXdpFzo=), B19(B,AQpA2hZHVWeE/RySWGOJ+1NQB/FaPzsOX6NyrMBl4Oo=)];2t;1c) for round 20
[2m2025-03-25T07:54:18.533190Z[0m [32m INFO[0m [1mnode[0m[1m{[0m[3mname[0m[2m=[0mk#addeef94..[1m}[0m[2m:[0m [2mconsensus_core::core[0m[2m:[0m [2mconsensus/core/src/core.rs[0m[2m:[0m[2m630:[0m Committing 1 leaders: B18(A,M7Lk)
[2m2025-03-25T07:54:18.533257Z[0m [32m INFO[0m [1mnode[0m[1m{[0m[3mname[0m[2m=[0mk#addeef94..[1m}[0m[2m:[0m [2mconsensus_core::commit_observer[0m[2m:[0m [2mconsensus/core/src/commit_observer.rs[0m[2m:[0m[2m173:[0m Consensus commit C17(y+lC) with leader B18(A,M7Lk) has 3 blocks
[2m2025-03-25T07:54:18.533342Z[0m [32m INFO[0m [1mnode[0m[1m{[0m[3mname[0m[2m=[0mk#addeef94..[1m}[0m[2m:[0m [2msui_core::consensus_handler[0m[2m:[0m [2mcrates/sui-core/src/consensus_handler.rs[0m[2m:[0m[2m232:[0m Received consensus output [3mconsensus_commit[0m[2m=[0mCommittedSubDag(leader=B18(A,M7Lk), ref=C17(y+lC), blocks=[Ju7Z, yS1M, M7Lk]) [3mepoch[0m[2m=[0m0
[2m2025-03-25T07:54:18.536198Z[0m [32m INFO[0m [1mnode[0m[1m{[0m[3mname[0m[2m=[0mk#8dcff6d1..[1m}[0m[2m:[0m [2mconsensus_core::core[0m[2m:[0m [2mconsensus/core/src/core.rs[0m[2m:[0m[2m630:[0m Committing 1 leaders: B18(A,M7Lk)
[2m2025-03-25T07:54:18.536198Z[0m [32m INFO[0m [1mnode[0m[1m{[0m[3mname[0m[2m=[0mk#99f25ef6..[1m}[0m[2m:[0m [2mconsensus_core::core[0m[2m:[0m [2mconsensus/core/src/core.rs[0m[2m:[0m[2m630:[0m Committing 1 leaders: B18(A,M7Lk)
[2m2025-03-25T07:54:18.536284Z[0m [32m INFO[0m [1mnode[0m[1m{[0m[3mname[0m[2m=[0mk#8dcff6d1..[1m}[0m[2m:[0m [2mconsensus_core::commit_observer[0m[2m:[0m [2mconsensus/core/src/commit_observer.rs[0m[2m:[0m[2m173:[0m Consensus commit C17(y+lC) with leader B18(A,M7Lk) has 3 blocks
[2m2025-03-25T07:54:18.536285Z[0m [32m INFO[0m [1mnode[0m[1m{[0m[3mname[0m[2m=[0mk#99f25ef6..[1m}[0m[2m:[0m [2mconsensus_core::commit_observer[0m[2m:[0m [2mconsensus/core/src/commit_observer.rs[0m[2m:[0m[2m173:[0m Consensus commit C17(y+lC) with leader B18(A,M7Lk) has 3 blocks
[2m2025-03-25T07:54:18.536358Z[0m [32m INFO[0m [1mnode[0m[1m{[0m[3mname[0m[2m=[0mk#99f25ef6..[1m}[0m[2m:[0m [2msui_core::consensus_handler[0m[2m:[0m [2mcrates/sui-core/src/consensus_handler.rs[0m[2m:[0m[2m232:[0m Received consensus output [3mconsensus_commit[0m[2m=[0mCommittedSubDag(leader=B18(A,M7Lk), ref=C17(y+lC), blocks=[Ju7Z, yS1M, M7Lk]) [3mepoch[0m[2m=[0m0
[2m2025-03-25T07:54:18.536358Z[0m [32m INFO[0m [1mnode[0m[1m{[0m[3mname[0m[2m=[0mk#8dcff6d1..[1m}[0m[2m:[0m [2msui_core::consensus_handler[0m[2m:[0m [2mcrates/sui-core/src/consensus_handler.rs[0m[2m:[0m[2m232:[0m Received consensus output [3mconsensus_commit[0m[2m=[0mCommittedSubDag(leader=B18(A,M7Lk), ref=C17(y+lC), blocks=[Ju7Z, yS1M, M7Lk]) [3mepoch[0m[2m=[0m0
[2m2025-03-25T07:54:18.632543Z[0m [32m INFO[0m [1mnode[0m[1m{[0m[3mname[0m[2m=[0mk#99f25ef6..[1m}[0m[2m:[0m [2msui_core::checkpoints[0m[2m:[0m [2mcrates/sui-core/src/checkpoints/mod.rs[0m[2m:[0m[2m1326:[0m Creating checkpoint(s) for 1 transactions [3mnext_checkpoint_seq[0m[2m=[0m26 [3mcheckpoint_timestamp[0m[2m=[0m1742889258019
[2m2025-03-25T07:54:18.632543Z[0m [32m INFO[0m [1mnode[0m[1m{[0m[3mname[0m[2m=[0mk#addeef94..[1m}[0m[2m:[0m [2msui_core::checkpoints[0m[2m:[0m [2mcrates/sui-core/src/checkpoints/mod.rs[0m[2m:[0m[2m1326:[0m Creating checkpoint(s) for 1 transactions [3mnext_checkpoint_seq[0m[2m=[0m26 [3mcheckpoint_timestamp[0m[2m=[0m1742889258019
[2m2025-03-25T07:54:18.632610Z[0m [32m INFO[0m [1mnode[0m[1m{[0m[3mname[0m[2m=[0mk#8dcff6d1..[1m}[0m[2m:[0m [2msui_core::checkpoints[0m[2m:[0m [2mcrates/sui-core/src/checkpoints/mod.rs[0m[2m:[0m[2m1326:[0m Creating checkpoint(s) for 1 transactions [3mnext_checkpoint_seq[0m[2m=[0m26 [3mcheckpoint_timestamp[0m[2m=[0m1742889258019
[2m2025-03-25T07:54:18.632792Z[0m [32m INFO[0m [1mnode[0m[1m{[0m[3mname[0m[2m=[0mk#8dcff6d1..[1m}[0m[2m:[0m [2msui_core::checkpoints::checkpoint_output[0m[2m:[0m [2mcrates/sui-core/src/checkpoints/checkpoint_output.rs[0m[2m:[0m[2m149:[0m Creating checkpoint CheckpointDigest(E3JaDLz4HLSQPJRQi5e7JyM8W9b3TzH2Q2ovePqMVYvb) at epoch 0, sequence 26, previous digest Some(CheckpointDigest(9Nhs7njA2FUGwKZixJdwCwVg4mtAM3dUmDRYS9YC7pEK)), transactions count 1, content digest CheckpointContentsDigest(BYGYzyn9ANYf2hKrBhaAExL9odFN8cb9Fwt7fmdkygtP), end_of_epoch_data None
[2m2025-03-25T07:54:18.632792Z[0m [32m INFO[0m [1mnode[0m[1m{[0m[3mname[0m[2m=[0mk#99f25ef6..[1m}[0m[2m:[0m [2msui_core::checkpoints::checkpoint_output[0m[2m:[0m [2mcrates/sui-core/src/checkpoints/checkpoint_output.rs[0m[2m:[0m[2m149:[0m Creating checkpoint CheckpointDigest(E3JaDLz4HLSQPJRQi5e7JyM8W9b3TzH2Q2ovePqMVYvb) at epoch 0, sequence 26, previous digest Some(CheckpointDigest(9Nhs7njA2FUGwKZixJdwCwVg4mtAM3dUmDRYS9YC7pEK)), transactions count 1, content digest CheckpointContentsDigest(BYGYzyn9ANYf2hKrBhaAExL9odFN8cb9Fwt7fmdkygtP), end_of_epoch_data None
[2m2025-03-25T07:54:18.632792Z[0m [32m INFO[0m [1mnode[0m[1m{[0m[3mname[0m[2m=[0mk#addeef94..[1m}[0m[2m:[0m [2msui_core::checkpoints::checkpoint_output[0m[2m:[0m [2mcrates/sui-core/src/checkpoints/checkpoint_output.rs[0m[2m:[0m[2m149:[0m Creating checkpoint CheckpointDigest(E3JaDLz4HLSQPJRQi5e7JyM8W9b3TzH2Q2ovePqMVYvb) at epoch 0, sequence 26, previous digest Some(CheckpointDigest(9Nhs7njA2FUGwKZixJdwCwVg4mtAM3dUmDRYS9YC7pEK)), transactions count 1, content digest CheckpointContentsDigest(BYGYzyn9ANYf2hKrBhaAExL9odFN8cb9Fwt7fmdkygtP), end_of_epoch_data None
[2m2025-03-25T07:54:18.637316Z[0m [32m INFO[0m [1mnode[0m[1m{[0m[3mname[0m[2m=[0mk#8dcff6d1..[1m}[0m[2m:[0m [2msui_core::checkpoints::checkpoint_output[0m[2m:[0m [2mcrates/sui-core/src/checkpoints/checkpoint_output.rs[0m[2m:[0m[2m196:[0m Certified checkpoint with sequence 24 and digest 3S8sho2CNb7a5EnpW8ptWgeWgBZUk4ayFVKjjwEYWt8d
[2m2025-03-25T07:54:18.637340Z[0m [32m INFO[0m [1mnode[0m[1m{[0m[3mname[0m[2m=[0mk#8dcff6d1..[1m}[0m[2m:[0m [2msui_core::checkpoints::checkpoint_output[0m[2m:[0m [2mcrates/sui-core/src/checkpoints/checkpoint_output.rs[0m[2m:[0m[2m196:[0m Certified checkpoint with sequence 25 and digest 9Nhs7njA2FUGwKZixJdwCwVg4mtAM3dUmDRYS9YC7pEK
[2m2025-03-25T07:54:18.637380Z[0m [32m INFO[0m [1mnode[0m[1m{[0m[3mname[0m[2m=[0mk#99f25ef6..[1m}[0m[2m:[0m [2msui_core::checkpoints::checkpoint_output[0m[2m:[0m [2mcrates/sui-core/src/checkpoints/checkpoint_output.rs[0m[2m:[0m[2m196:[0m Certified checkpoint with sequence 24 and digest 3S8sho2CNb7a5EnpW8ptWgeWgBZUk4ayFVKjjwEYWt8d
[2m2025-03-25T07:54:18.637398Z[0m [32m INFO[0m [1mnode[0m[1m{[0m[3mname[0m[2m=[0mk#99f25ef6..[1m}[0m[2m:[0m [2msui_core::checkpoints::checkpoint_output[0m[2m:[0m [2mcrates/sui-core/src/checkpoints/checkpoint_output.rs[0m[2m:[0m[2m196:[0m Certified checkpoint with sequence 25 and digest 9Nhs7njA2FUGwKZixJdwCwVg4mtAM3dUmDRYS9YC7pEK
[2m2025-03-25T07:54:18.638204Z[0m [32m INFO[0m [1mnode[0m[1m{[0m[3mname[0m[2m=[0mk#8dcff6d1..[1m}[0m[2m:[0m [2msui_core::checkpoints::checkpoint_executor[0m[2m:[0m [2mcrates/sui-core/src/checkpoints/checkpoint_executor/mod.rs[0m[2m:[0m[2m332:[0m Received checkpoint summary from state sync [3msequence_number[0m[2m=[0m24
[2m2025-03-25T07:54:18.638239Z[0m [32m INFO[0m [1mnode[0m[1m{[0m[3mname[0m[2m=[0mk#99f25ef6..[1m}[0m[2m:[0m [2msui_core::checkpoints::checkpoint_executor[0m[2m:[0m [2mcrates/sui-core/src/checkpoints/checkpoint_executor/mod.rs[0m[2m:[0m[2m332:[0m Received checkpoint summary from state sync [3msequence_number[0m[2m=[0m24
[2m2025-03-25T07:54:18.638341Z[0m [32m INFO[0m [1mnode[0m[1m{[0m[3mname[0m[2m=[0mk#8dcff6d1..[1m}[0m[2m:[0m [2msui_core::checkpoints::checkpoint_executor[0m[2m:[0m [2mcrates/sui-core/src/checkpoints/checkpoint_executor/mod.rs[0m[2m:[0m[2m332:[0m Received checkpoint summary from state sync [3msequence_number[0m[2m=[0m25
[2m2025-03-25T07:54:18.638356Z[0m [32m INFO[0m [1mnode[0m[1m{[0m[3mname[0m[2m=[0mk#99f25ef6..[1m}[0m[2m:[0m [2msui_core::checkpoints::checkpoint_executor[0m[2m:[0m [2mcrates/sui-core/src/checkpoints/checkpoint_executor/mod.rs[0m[2m:[0m[2m332:[0m Received checkpoint summary from state sync [3msequence_number[0m[2m=[0m25
[2m2025-03-25T07:54:18.640117Z[0m [32m INFO[0m [1mnode[0m[1m{[0m[3mname[0m[2m=[0mk#8dcff6d1..[1m}[0m[2m:[0m [2msui_core::state_accumulator[0m[2m:[0m [2mcrates/sui-core/src/state_accumulator.rs[0m[2m:[0m[2m675:[0m accumulating running root for checkpoint 24
[2m2025-03-25T07:54:18.640120Z[0m [32m INFO[0m [1mnode[0m[1m{[0m[3mname[0m[2m=[0mk#99f25ef6..[1m}[0m[2m:[0m [2msui_core::state_accumulator[0m[2m:[0m [2mcrates/sui-core/src/state_accumulator.rs[0m[2m:[0m[2m675:[0m accumulating running root for checkpoint 24
[2m2025-03-25T07:54:18.640558Z[0m [32m INFO[0m [1mnode[0m[1m{[0m[3mname[0m[2m=[0mk#99f25ef6..[1m}[0m[2m:[0m [2msui_core::state_accumulator[0m[2m:[0m [2mcrates/sui-core/src/state_accumulator.rs[0m[2m:[0m[2m675:[0m accumulating running root for checkpoint 25
[2m2025-03-25T07:54:18.640561Z[0m [32m INFO[0m [1mnode[0m[1m{[0m[3mname[0m[2m=[0mk#8dcff6d1..[1m}[0m[2m:[0m [2msui_core::state_accumulator[0m[2m:[0m [2mcrates/sui-core/src/state_accumulator.rs[0m[2m:[0m[2m675:[0m accumulating running root for checkpoint 25
[2m2025-03-25T07:54:18.677974Z[0m [32m INFO[0m [1mnode[0m[1m{[0m[3mname[0m[2m=[0mk#b3f3cbb4..[1m}[0m[2m:[0m [2msui_core::checkpoints[0m[2m:[0m [2mcrates/sui-core/src/checkpoints/mod.rs[0m[2m:[0m[2m778:[0m rexecuting locally computed checkpoints for crash recovery
[2m2025-03-25T07:54:18.678033Z[0m [32m INFO[0m [1mnode[0m[1m{[0m[3mname[0m[2m=[0mk#b3f3cbb4..[1m}[0m[2m:[0m [2msui_core::checkpoints[0m[2m:[0m [2mcrates/sui-core/src/checkpoints/mod.rs[0m[2m:[0m[2m786:[0m no locally built checkpoints to verify
[2m2025-03-25T07:54:18.738006Z[0m [32m INFO[0m [1mnode[0m[1m{[0m[3mname[0m[2m=[0mk#addeef94..[1m}[0m[2m:[0m [2msui_core::checkpoints[0m[2m:[0m [2mcrates/sui-core/src/checkpoints/mod.rs[0m[2m:[0m[2m1326:[0m Creating checkpoint(s) for 1 transactions [3mnext_checkpoint_seq[0m[2m=[0m27 [3mcheckpoint_timestamp[0m[2m=[0m1742889258019
[2m2025-03-25T07:54:18.738281Z[0m [32m INFO[0m [1mnode[0m[1m{[0m[3mname[0m[2m=[0mk#addeef94..[1m}[0m[2m:[0m [2msui_core::checkpoints::checkpoint_output[0m[2m:[0m [2mcrates/sui-core/src/checkpoints/checkpoint_output.rs[0m[2m:[0m[2m149:[0m Creating checkpoint CheckpointDigest(FYmFZAc57RxF8fjTU52Z5KpVwuEBUS7ouT6Kb4f6xUEW) at epoch 0, sequence 27, previous digest Some(CheckpointDigest(E3JaDLz4HLSQPJRQi5e7JyM8W9b3TzH2Q2ovePqMVYvb)), transactions count 1, content digest CheckpointContentsDigest(GpQyyUeyMrmVK1845ocQMBVZvPVxeQkPPSRyaXCaho5i), end_of_epoch_data None
[2m2025-03-25T07:54:18.742685Z[0m [32m INFO[0m [1mnode[0m[1m{[0m[3mname[0m[2m=[0mk#addeef94..[1m}[0m[2m:[0m [2msui_core::checkpoints::checkpoint_executor[0m[2m:[0m [2mcrates/sui-core/src/checkpoints/checkpoint_executor/mod.rs[0m[2m:[0m[2m332:[0m Received checkpoint summary from state sync [3msequence_number[0m[2m=[0m24
[2m2025-03-25T07:54:18.742820Z[0m [32m INFO[0m [1mnode[0m[1m{[0m[3mname[0m[2m=[0mk#addeef94..[1m}[0m[2m:[0m [2msui_core::checkpoints::checkpoint_executor[0m[2m:[0m [2mcrates/sui-core/src/checkpoints/checkpoint_executor/mod.rs[0m[2m:[0m[2m332:[0m Received checkpoint summary from state sync [3msequence_number[0m[2m=[0m25
[2m2025-03-25T07:54:18.744159Z[0m [32m INFO[0m [1mnode[0m[1m{[0m[3mname[0m[2m=[0mk#addeef94..[1m}[0m[2m:[0m [2msui_core::state_accumulator[0m[2m:[0m [2mcrates/sui-core/src/state_accumulator.rs[0m[2m:[0m[2m675:[0m accumulating running root for checkpoint 24
[2m2025-03-25T07:54:18.744598Z[0m [32m INFO[0m [1mnode[0m[1m{[0m[3mname[0m[2m=[0mk#addeef94..[1m}[0m[2m:[0m [2msui_core::state_accumulator[0m[2m:[0m [2mcrates/sui-core/src/state_accumulator.rs[0m[2m:[0m[2m675:[0m accumulating running root for checkpoint 25
[2m2025-03-25T07:54:18.752856Z[0m [32m INFO[0m [1mnode[0m[1m{[0m[3mname[0m[2m=[0mk#99f25ef6..[1m}[0m[2m:[0m [2msui_core::checkpoints[0m[2m:[0m [2mcrates/sui-core/src/checkpoints/mod.rs[0m[2m:[0m[2m1326:[0m Creating checkpoint(s) for 1 transactions [3mnext_checkpoint_seq[0m[2m=[0m27 [3mcheckpoint_timestamp[0m[2m=[0m1742889258019
[2m2025-03-25T07:54:18.753128Z[0m [32m INFO[0m [1mnode[0m[1m{[0m[3mname[0m[2m=[0mk#99f25ef6..[1m}[0m[2m:[0m [2msui_core::checkpoints::checkpoint_output[0m[2m:[0m [2mcrates/sui-core/src/checkpoints/checkpoint_output.rs[0m[2m:[0m[2m149:[0m Creating checkpoint CheckpointDigest(FYmFZAc57RxF8fjTU52Z5KpVwuEBUS7ouT6Kb4f6xUEW) at epoch 0, sequence 27, previous digest Some(CheckpointDigest(E3JaDLz4HLSQPJRQi5e7JyM8W9b3TzH2Q2ovePqMVYvb)), transactions count 1, content digest CheckpointContentsDigest(GpQyyUeyMrmVK1845ocQMBVZvPVxeQkPPSRyaXCaho5i), end_of_epoch_data None
[2m2025-03-25T07:54:18.753480Z[0m [32m INFO[0m [1mnode[0m[1m{[0m[3mname[0m[2m=[0mk#b3f3cbb4..[1m}[0m[2m:[0m [2msui_types::digests[0m[2m:[0m [2mcrates/sui-types/src/digests.rs[0m[2m:[0m[2m217:[0m start unknown chain.....
[2m2025-03-25T07:54:18.753494Z[0m [32m INFO[0m [1mnode[0m[1m{[0m[3mname[0m[2m=[0mk#b3f3cbb4..[1m}[0m[2m:[0m [2msui_node[0m[2m:[0m [2mcrates/sui-node/src/lib.rs[0m[2m:[0m[2m2042:[0m using local db only for kv store
[2m2025-03-25T07:54:18.755299Z[0m [32m INFO[0m [1mnode[0m[1m{[0m[3mname[0m[2m=[0mk#8dcff6d1..[1m}[0m[2m:[0m [2msui_core::checkpoints[0m[2m:[0m [2mcrates/sui-core/src/checkpoints/mod.rs[0m[2m:[0m[2m1326:[0m Creating checkpoint(s) for 1 transactions [3mnext_checkpoint_seq[0m[2m=[0m27 [3mcheckpoint_timestamp[0m[2m=[0m1742889258019
[2m2025-03-25T07:54:18.755489Z[0m [32m INFO[0m [1mnode[0m[1m{[0m[3mname[0m[2m=[0mk#8dcff6d1..[1m}[0m[2m:[0m [2msui_core::checkpoints::checkpoint_output[0m[2m:[0m [2mcrates/sui-core/src/checkpoints/checkpoint_output.rs[0m[2m:[0m[2m149:[0m Creating checkpoint CheckpointDigest(FYmFZAc57RxF8fjTU52Z5KpVwuEBUS7ouT6Kb4f6xUEW) at epoch 0, sequence 27, previous digest Some(CheckpointDigest(E3JaDLz4HLSQPJRQi5e7JyM8W9b3TzH2Q2ovePqMVYvb)), transactions count 1, content digest CheckpointContentsDigest(GpQyyUeyMrmVK1845ocQMBVZvPVxeQkPPSRyaXCaho5i), end_of_epoch_data None
[2m2025-03-25T07:54:18.760231Z[0m [32m INFO[0m [1mnode[0m[1m{[0m[3mname[0m[2m=[0mk#b3f3cbb4..[1m}[0m[2m:[0m [2msui_types::digests[0m[2m:[0m [2mcrates/sui-types/src/digests.rs[0m[2m:[0m[2m217:[0m start unknown chain.....
[2m2025-03-25T07:54:18.762548Z[0m [32m INFO[0m [1mnode[0m[1m{[0m[3mname[0m[2m=[0mk#b3f3cbb4..[1m}[0m[2m:[0m [2msui_json_rpc[0m[2m:[0m [2mcrates/sui-json-rpc/src/lib.rs[0m[2m:[0m[2m185:[0m Compatibility method routing enabled.
[2m2025-03-25T07:54:18.763316Z[0m [32m INFO[0m [1mnode[0m[1m{[0m[3mname[0m[2m=[0mk#b3f3cbb4..[1m}[0m[2m:[0m [2msui_json_rpc[0m[2m:[0m [2mcrates/sui-json-rpc/src/lib.rs[0m[2m:[0m[2m124:[0m [3macl[0m[2m=[0mConst("*")
[2m2025-03-25T07:54:18.763618Z[0m [32m INFO[0m [1mnode[0m[1m{[0m[3mname[0m[2m=[0mk#b3f3cbb4..[1m}[0m[2m:[0m [2msui_json_rpc[0m[2m:[0m [2mcrates/sui-json-rpc/src/lib.rs[0m[2m:[0m[2m273:[0m Available JSON-RPC methods : ["bfcx_getTotalSupply", "bfcx_getCoinMetadata", "bfcx_getProposal", "bfc_getTotalTransactionBlocks", "bfc_getNormalizedMoveStruct", "unsafe_payBfc", "bfcx_getDynamicFieldObject", "bfc_getProtocolConfig", "unsafe_publish", "bfc_getNormalizedMoveModulesByPackage", "bfcx_subscribeEvent", "unsafe_pay", "unsafe_requestAddStake", "bfcx_queryTransactionBlocks", "bfc_tryMultiGetPastObjects", "bfcx_getBalance", "bfcx_unsubscribeTransaction", "unsafe_moveCall", "unsafe_transferBfc", "bfc_getMoveFunctionArgTypes", "bfc_getChainIdentifier", "unsafe_transferObject", "unsafe_batchTransaction", "bfc_getInnerDaoInfo", "bfcx_getAllBalances", "suix_getLatestBridge", "bfc_multiGetTransactionBlocks", "bfcx_unsubscribeEvent", "bfcx_getStakes", "bfc_getTransactionBlock", "bfc_dryRunTransactionBlock", "bfcx_getValidatorsApy", "bfc_devInspectTransactionBlock", "rpc.discover", "bfc_getCheckpoints", "bfc_getCheckpoints_0_31", "bfc_getObject", "unsafe_payAllBfc", "bfcx_getLatestSuiSystemState", "bfcx_getCommitteeInfo", "unsafe_requestWithdrawStake", "bfc_multiGetObjects", "bfc_tryGetPastObject", "bfcx_getReferenceGasPrice", "bfcx_getAllCoins", "bfcx_getStableRate", "bfc_getNormalizedMoveFunction", "bfc_getEvents", "bfc_tryGetObjectBeforeVersion", "unsafe_splitCoinEqual", "bfcx_getStakesByIds", "bfcx_queryEvents", "bfc_executeTransactionBlock", "bfcx_subscribeTransaction", "bfcx_getDynamicFields", "bfcx_resolveNameServiceAddress", "bfcx_getCoins", "bfcx_resolveNameServiceNames", "suix_getBridgeObjectInitialSharedVersion", "bfcx_getOwnedObjects", "unsafe_mergeCoins", "unsafe_splitCoin", "bfc_getNormalizedMoveModule", "bfc_getLatestCheckpointSequenceNumber", "bfc_getCheckpoint"]
[2m2025-03-25T07:54:18.773808Z[0m [32m INFO[0m [1mnode[0m[1m{[0m[3mname[0m[2m=[0mk#b3f3cbb4..[1m}[0m[2m:[0m [2msui_node[0m[2m:[0m [2mcrates/sui-node/src/lib.rs[0m[2m:[0m[2m2196:[0m Sui JSON-RPC server listening on 127.0.0.1:60659 [3mlocal_addr[0m[2m=[0m127.0.0.1:60659
[2m2025-03-25T07:54:18.773835Z[0m [32m INFO[0m [1mnode[0m[1m{[0m[3mname[0m[2m=[0mk#b3f3cbb4..[1m}[0m[2m:[0m [2msui_types::digests[0m[2m:[0m [2mcrates/sui-types/src/digests.rs[0m[2m:[0m[2m217:[0m start unknown chain.....
[2m2025-03-25T07:54:18.774008Z[0m [32m INFO[0m [1mnode[0m[1m{[0m[3mname[0m[2m=[0mk#b3f3cbb4..[1m}[0m[2m:[0m [2msui_node[0m[2m:[0m [2mcrates/sui-node/src/lib.rs[0m[2m:[0m[2m868:[0m BFCNode started!
[2m2025-03-25T07:54:18.774873Z[0m [32m INFO[0m [2msui_swarm::memory::swarm[0m[2m:[0m [2mcrates/sui-swarm/src/memory/swarm.rs[0m[2m:[0m[2m473:[0m Successfully launched Swarm
[2m2025-03-25T07:54:18.775704Z[0m [32m INFO[0m [1mnode[0m[1m{[0m[3mname[0m[2m=[0mk#b3f3cbb4..[1m}[0m[2m:[0m[1mconnection-manager[0m[1m{[0m[3mpeer[0m[2m=[0m9b9fa995[1m}[0m[2m:[0m [2manemo::network::connection_manager[0m[2m:[0m [2m/Users/mofei/.cargo/git/checkouts/anemo-b054b2cc97edf2b7/e609f76/crates/anemo/src/network/connection_manager.rs[0m[2m:[0m[2m105:[0m ConnectionManager started
[2m2025-03-25T07:54:18.775727Z[0m [32m INFO[0m [1mnode[0m[1m{[0m[3mname[0m[2m=[0mk#b3f3cbb4..[1m}[0m[2m:[0m [2msui_network::discovery[0m[2m:[0m [2mcrates/sui-network/src/discovery/mod.rs[0m[2m:[0m[2m131:[0m Discovery started
[2m2025-03-25T07:54:18.775906Z[0m [32m INFO[0m [1mnode[0m[1m{[0m[3mname[0m[2m=[0mk#b3f3cbb4..[1m}[0m[2m:[0m [2msui_network::state_sync[0m[2m:[0m [2mcrates/sui-network/src/state_sync/mod.rs[0m[2m:[0m[2m393:[0m State-Synchronizer started
[2m2025-03-25T07:54:18.775938Z[0m [32m INFO[0m [1mnode[0m[1m{[0m[3mname[0m[2m=[0mk#b3f3cbb4..[1m}[0m[2m:[0m [2msui_network::randomness[0m[2m:[0m [2mcrates/sui-network/src/randomness/mod.rs[0m[2m:[0m[2m243:[0m Randomness network event loop started
[2m2025-03-25T07:54:18.776403Z[0m [32m INFO[0m [1mnode[0m[1m{[0m[3mname[0m[2m=[0mk#b3f3cbb4..[1m}[0m[2m:[0m [2msui_core::execution_driver[0m[2m:[0m [2mcrates/sui-core/src/execution_driver.rs[0m[2m:[0m[2m42:[0m Starting pending certificates execution process.
[2m2025-03-25T07:54:18.776425Z[0m [32m INFO[0m [1mnode[0m[1m{[0m[3mname[0m[2m=[0mk#b3f3cbb4..[1m}[0m[2m:[0m [2msui_types::digests[0m[2m:[0m [2mcrates/sui-types/src/digests.rs[0m[2m:[0m[2m217:[0m start unknown chain.....
[2m2025-03-25T07:54:18.776439Z[0m [32m INFO[0m [1mnode[0m[1m{[0m[3mname[0m[2m=[0mk#b3f3cbb4..[1m}[0m[2m:[0m [2msui_core::authority[0m[2m:[0m [2mcrates/sui-core/src/authority.rs[0m[2m:[0m[2m5442:[0m RandomnessRoundReceiver event loop started
[2m2025-03-25T07:54:18.776523Z[0m [32m INFO[0m [1mnode[0m[1m{[0m[3mname[0m[2m=[0mk#b3f3cbb4..[1m}[0m[2m:[0m [2msui_core::transaction_orchestrator[0m[2m:[0m [2mcrates/sui-core/src/transaction_orchestrator.rs[0m[2m:[0m[2m475:[0m Spawning future crates/sui-core/src/transaction_orchestrator.rs:475
[2m2025-03-25T07:54:18.776674Z[0m [32m INFO[0m [1mnode[0m[1m{[0m[3mname[0m[2m=[0mk#b3f3cbb4..[1m}[0m[2m:[0m [2msui_core::transaction_orchestrator[0m[2m:[0m [2mcrates/sui-core/src/transaction_orchestrator.rs[0m[2m:[0m[2m481:[0m Recovering 0 pending transactions from pending_tx_log.
[2m2025-03-25T07:54:18.776683Z[0m [32m INFO[0m [1mnode[0m[1m{[0m[3mname[0m[2m=[0mk#b3f3cbb4..[1m}[0m[2m:[0m [2msui_core::transaction_orchestrator[0m[2m:[0m [2mcrates/sui-core/src/transaction_orchestrator.rs[0m[2m:[0m[2m475:[0m Future crates/sui-core/src/transaction_orchestrator.rs:475 completed
[2m2025-03-25T07:54:18.776778Z[0m [32m INFO[0m [1mnode[0m[1m{[0m[3mname[0m[2m=[0mk#b3f3cbb4..[1m}[0m[2m:[0m [2mconsensus_core::network::connection_monitor[0m[2m:[0m [2mconsensus/core/src/network/connection_monitor.rs[0m[2m:[0m[2m61:[0m Spawning future consensus/core/src/network/connection_monitor.rs:AnemoConnectionMonitor
[2m2025-03-25T07:54:18.777038Z[0m [32m INFO[0m [1mnode[0m[1m{[0m[3mname[0m[2m=[0mk#b3f3cbb4..[1m}[0m[2m:[0m [2msui_node[0m[2m:[0m [2mcrates/sui-node/src/lib.rs[0m[2m:[0m[2m1577:[0m [init] Set rate map to global-mutable-singleton, get_bfc_system_state_object result Ok(
    V1(
        BfcSystemStateInnerV1 {
            round: 0,
            stable_base_points: 10,
            reward_rate: 50,
            dao: Dao {
                id: UID {
                    id: ID {
                        bytes: 0xf009528a4ad86bc7cabb5b847b927145371d09d52b859bcf93d42d9a2741ca4d,
                    },
                },
                admin: ID {
                    bytes: 0x0000000000000000000000000000000000000000000000000000000000000000,
                },
                config: DaoConfig {
                    voting_delay: 259200000,
                    voting_period: 604800000,
                    voting_quorum_rate: 10,
                    min_action_delay: 604800000,
                },
                info: DaoGlobalInfo {
                    next_proposal_id: 19,
                    next_action_id: 1,
                },
                proposal_record: VecMap {
                    contents: [],
                },
                action_record: VecMap {
                    contents: [],
                },
                votes_record: VecMap {
                    contents: [],
                },
                voting_pool: VotingPool {
                    id: UID {
                        id: ID {
                            bytes: 0x9f9675f4bdda0964a44310552ce0cc1537ce32ac35da1157351c5a86b9bf936d,
                        },
                    },
                    bfc_balance: 0,
                    pool_token_balance: 0,
                },
                current_proposal_status: VecMap {
                    contents: [],
                },
            },
            treasury: Treasury {
                id: UID {
                    id: ID {
                        bytes: 0x03f483f8fec74be68ff7649ab12295ca3e7a5c5b27cc5a46a9bc688d57c74520,
                    },
                },
                bfc_balance: Balance {
                    value: 50904662323335663,
                },
                supplies: Bag {
                    id: UID {
                        id: ID {
                            bytes: 0x72c69bbb02cde1b22911173e9aa90da0420a76be0965ff995483ca6870db13b1,
                        },
                    },
                    size: 17,
                },
                index: 17,
                time_interval: 300,
                updated_at: 0,
                init: true,
                total_bfc_supply: 500000000000000000,
            },
            treasury_pool: TreasuryPool {
                id: UID {
                    id: ID {
                        bytes: 0x8d991f539a21cf7bfea38a3a7ead1a28102142dc8a5017da7c6c82ce96942294,
                    },
                },
                balance: Balance {
                    value: 208152500000000000,
                },
            },
            rate_map: VecMap {
                contents: [
                    Entry {
                        key: "00000000000000000000000000000000000000000000000000000000000000c8::busd::BUSD",
                        value: 10000995385,
                    },
                    Entry {
                        key: "00000000000000000000000000000000000000000000000000000000000000c8::mgg::MGG",
                        value: 849937984,
                    },
                    Entry {
                        key: "00000000000000000000000000000000000000000000000000000000000000c8::bjpy::BJPY",
                        value: 62997403,
                    },
                    Entry {
                        key: "00000000000000000000000000000000000000000000000000000000000000c8::bkrw::BKRW",
                        value: 7199430,
                    },
                    Entry {
                        key: "00000000000000000000000000000000000000000000000000000000000000c8::baud::BAUD",
                        value: 6699981296,
                    },
                    Entry {
                        key: "00000000000000000000000000000000000000000000000000000000000000c8::bars::BARS",
                        value: 11003140,
                    },
                    Entry {
                        key: "00000000000000000000000000000000000000000000000000000000000000c8::bbrl::BBRL",
                        value: 1799971026,
                    },
                    Entry {
                        key: "00000000000000000000000000000000000000000000000000000000000000c8::bcad::BCAD",
                        value: 7300190404,
                    },
                    Entry {
                        key: "00000000000000000000000000000000000000000000000000000000000000c8::beur::BEUR",
                        value: 10899100961,
                    },
                    Entry {
                        key: "00000000000000000000000000000000000000000000000000000000000000c8::bgbp::BGBP",
                        value: 12998987179,
                    },
                    Entry {
                        key: "00000000000000000000000000000000000000000000000000000000000000c8::bidr::BIDR",
                        value: 619975,
                    },
                    Entry {
                        key: "00000000000000000000000000000000000000000000000000000000000000c8::binr::BINR",
                        value: 119996345,
                    },
                    Entry {
                        key: "00000000000000000000000000000000000000000000000000000000000000c8::brub::BRUB",
                        value: 109998380,
                    },
                    Entry {
                        key: "00000000000000000000000000000000000000000000000000000000000000c8::bsar::BSAR",
                        value: 2700265950,
                    },
                    Entry {
                        key: "00000000000000000000000000000000000000000000000000000000000000c8::btry::BTRY",
                        value: 300069903,
                    },
                    Entry {
                        key: "00000000000000000000000000000000000000000000000000000000000000c8::bzar::BZAR",
                        value: 550146795,
                    },
                    Entry {
                        key: "00000000000000000000000000000000000000000000000000000000000000c8::bmxn::BMXN",
                        value: 560138594,
                    },
                ],
            },
        },
    ),
)
[2m2025-03-25T07:54:18.777128Z[0m [32m INFO[0m [1mnode[0m[1m{[0m[3mname[0m[2m=[0mk#b3f3cbb4..[1m}[0m[2m:[0m [2msui_node[0m[2m:[0m [2mcrates/sui-node/src/lib.rs[0m[2m:[0m[2m1585:[0m [init] Set rate map to global-mutable-singleton, bfc_system.get_rate_map is {
    "00000000000000000000000000000000000000000000000000000000000000c8::bars::BARS": 11003140,
    "00000000000000000000000000000000000000000000000000000000000000c8::baud::BAUD": 6699981296,
    "00000000000000000000000000000000000000000000000000000000000000c8::bbrl::BBRL": 1799971026,
    "00000000000000000000000000000000000000000000000000000000000000c8::bcad::BCAD": 7300190404,
    "00000000000000000000000000000000000000000000000000000000000000c8::beur::BEUR": 10899100961,
    "00000000000000000000000000000000000000000000000000000000000000c8::bgbp::BGBP": 12998987179,
    "00000000000000000000000000000000000000000000000000000000000000c8::bidr::BIDR": 619975,
    "00000000000000000000000000000000000000000000000000000000000000c8::binr::BINR": 119996345,
    "00000000000000000000000000000000000000000000000000000000000000c8::bjpy::BJPY": 62997403,
    "00000000000000000000000000000000000000000000000000000000000000c8::bkrw::BKRW": 7199430,
    "00000000000000000000000000000000000000000000000000000000000000c8::bmxn::BMXN": 560138594,
    "00000000000000000000000000000000000000000000000000000000000000c8::brub::BRUB": 109998380,
    "00000000000000000000000000000000000000000000000000000000000000c8::bsar::BSAR": 2700265950,
    "00000000000000000000000000000000000000000000000000000000000000c8::btry::BTRY": 300069903,
    "00000000000000000000000000000000000000000000000000000000000000c8::busd::BUSD": 10000995385,
    "00000000000000000000000000000000000000000000000000000000000000c8::bzar::BZAR": 550146795,
    "00000000000000000000000000000000000000000000000000000000000000c8::mgg::MGG": 849937984,
}
[2m2025-03-25T07:54:18.781477Z[0m [32m INFO[0m [1mnode[0m[1m{[0m[3mname[0m[2m=[0mk#b3f3cbb4..[1m}[0m[2m:[0m [2msui_core::checkpoints::checkpoint_executor[0m[2m:[0m [2mcrates/sui-core/src/checkpoints/checkpoint_executor/mod.rs[0m[2m:[0m[2m1288:[0m Checkpoint preparation for execution took 201.334µs
[2m2025-03-25T07:54:18.786383Z[0m [32m INFO[0m [1mnode[0m[1m{[0m[3mname[0m[2m=[0mk#addeef94..[1m}[0m[2m:[0m [2mconsensus_core::core[0m[2m:[0m [2mconsensus/core/src/core.rs[0m[2m:[0m[2m531:[0m Created block B21(C,wk8l/DHvXiTAY4pMGnKpgal+GGHC1j27ffWOHOBe7Lk=)(1742889258786ms;[B20(C,xYZmG43ofQ6RkD460qjHKTZf/2yTq71pdVFyTIpWkLs=), B20(A,TJzNw8gqDZIAHclAs2igKYHOGqJGU4at3cRHTorXqlA=), B20(B,3VC0sHA/X+vEzeB8oN7AbrkUXmpyxVcgKiLWJ5fh+zE=)];2t;1c) for round 21
[2m2025-03-25T07:54:18.787748Z[0m [32m INFO[0m [1mnode[0m[1m{[0m[3mname[0m[2m=[0mk#8dcff6d1..[1m}[0m[2m:[0m [2mconsensus_core::core[0m[2m:[0m [2mconsensus/core/src/core.rs[0m[2m:[0m[2m531:[0m Created block B21(A,llNju+BFUEhWM2fThMG98PTaQvPCsb2XpeEp/YChDi8=)(1742889258787ms;[B20(A,TJzNw8gqDZIAHclAs2igKYHOGqJGU4at3cRHTorXqlA=), B20(B,3VC0sHA/X+vEzeB8oN7AbrkUXmpyxVcgKiLWJ5fh+zE=), B20(C,xYZmG43ofQ6RkD460qjHKTZf/2yTq71pdVFyTIpWkLs=)];2t;1c) for round 21
[2m2025-03-25T07:54:18.790065Z[0m [32m INFO[0m [1mnode[0m[1m{[0m[3mname[0m[2m=[0mk#99f25ef6..[1m}[0m[2m:[0m [2mconsensus_core::core[0m[2m:[0m [2mconsensus/core/src/core.rs[0m[2m:[0m[2m531:[0m Created block B21(B,xcIoAM6Au3baOn9EOozfoBR34zcJgqakr+wPjRJ+FhE=)(1742889258789ms;[B20(B,3VC0sHA/X+vEzeB8oN7AbrkUXmpyxVcgKiLWJ5fh+zE=), B20(A,TJzNw8gqDZIAHclAs2igKYHOGqJGU4at3cRHTorXqlA=), B20(C,xYZmG43ofQ6RkD460qjHKTZf/2yTq71pdVFyTIpWkLs=)];2t;1c) for round 21
[2m2025-03-25T07:54:18.790128Z[0m [32m INFO[0m [1mnode[0m[1m{[0m[3mname[0m[2m=[0mk#8dcff6d1..[1m}[0m[2m:[0m [2mconsensus_core::core[0m[2m:[0m [2mconsensus/core/src/core.rs[0m[2m:[0m[2m630:[0m Committing 1 leaders: B19(A,Yw9V)
[2m2025-03-25T07:54:18.790222Z[0m [32m INFO[0m [1mnode[0m[1m{[0m[3mname[0m[2m=[0mk#99f25ef6..[1m}[0m[2m:[0m [2mconsensus_core::core[0m[2m:[0m [2mconsensus/core/src/core.rs[0m[2m:[0m[2m630:[0m Committing 1 leaders: B19(A,Yw9V)
[2m2025-03-25T07:54:18.790221Z[0m [32m INFO[0m [1mnode[0m[1m{[0m[3mname[0m[2m=[0mk#8dcff6d1..[1m}[0m[2m:[0m [2mconsensus_core::commit_observer[0m[2m:[0m [2mconsensus/core/src/commit_observer.rs[0m[2m:[0m[2m173:[0m Consensus commit C18(lKr7) with leader B19(A,Yw9V) has 3 blocks
[2m2025-03-25T07:54:18.790299Z[0m [32m INFO[0m [1mnode[0m[1m{[0m[3mname[0m[2m=[0mk#99f25ef6..[1m}[0m[2m:[0m [2mconsensus_core::commit_observer[0m[2m:[0m [2mconsensus/core/src/commit_observer.rs[0m[2m:[0m[2m173:[0m Consensus commit C18(lKr7) with leader B19(A,Yw9V) has 3 blocks
[2m2025-03-25T07:54:18.790301Z[0m [32m INFO[0m [1mnode[0m[1m{[0m[3mname[0m[2m=[0mk#8dcff6d1..[1m}[0m[2m:[0m [2msui_core::consensus_handler[0m[2m:[0m [2mcrates/sui-core/src/consensus_handler.rs[0m[2m:[0m[2m232:[0m Received consensus output [3mconsensus_commit[0m[2m=[0mCommittedSubDag(leader=B19(A,Yw9V), ref=C18(lKr7), blocks=[CcKU, 9AZ9, Yw9V]) [3mepoch[0m[2m=[0m0
[2m2025-03-25T07:54:18.790669Z[0m [32m INFO[0m [1mnode[0m[1m{[0m[3mname[0m[2m=[0mk#99f25ef6..[1m}[0m[2m:[0m [2msui_core::consensus_handler[0m[2m:[0m [2mcrates/sui-core/src/consensus_handler.rs[0m[2m:[0m[2m232:[0m Received consensus output [3mconsensus_commit[0m[2m=[0mCommittedSubDag(leader=B19(A,Yw9V), ref=C18(lKr7), blocks=[CcKU, 9AZ9, Yw9V]) [3mepoch[0m[2m=[0m0
[2m2025-03-25T07:54:18.793418Z[0m [32m INFO[0m [1mnode[0m[1m{[0m[3mname[0m[2m=[0mk#addeef94..[1m}[0m[2m:[0m [2mconsensus_core::core[0m[2m:[0m [2mconsensus/core/src/core.rs[0m[2m:[0m[2m630:[0m Committing 1 leaders: B19(A,Yw9V)
[2m2025-03-25T07:54:18.793657Z[0m [32m INFO[0m [1mnode[0m[1m{[0m[3mname[0m[2m=[0mk#addeef94..[1m}[0m[2m:[0m [2mconsensus_core::commit_observer[0m[2m:[0m [2mconsensus/core/src/commit_observer.rs[0m[2m:[0m[2m173:[0m Consensus commit C18(lKr7) with leader B19(A,Yw9V) has 3 blocks
[2m2025-03-25T07:54:18.793834Z[0m [32m INFO[0m [1mnode[0m[1m{[0m[3mname[0m[2m=[0mk#addeef94..[1m}[0m[2m:[0m [2msui_core::consensus_handler[0m[2m:[0m [2mcrates/sui-core/src/consensus_handler.rs[0m[2m:[0m[2m232:[0m Received consensus output [3mconsensus_commit[0m[2m=[0mCommittedSubDag(leader=B19(A,Yw9V), ref=C18(lKr7), blocks=[CcKU, 9AZ9, Yw9V]) [3mepoch[0m[2m=[0m0
[2m2025-03-25T07:54:18.887082Z[0m [32m INFO[0m [1mnode[0m[1m{[0m[3mname[0m[2m=[0mk#99f25ef6..[1m}[0m[2m:[0m [2msui_core::checkpoints[0m[2m:[0m [2mcrates/sui-core/src/checkpoints/mod.rs[0m[2m:[0m[2m1326:[0m Creating checkpoint(s) for 1 transactions [3mnext_checkpoint_seq[0m[2m=[0m28 [3mcheckpoint_timestamp[0m[2m=[0m1742889258276
[2m2025-03-25T07:54:18.887323Z[0m [32m INFO[0m [1mnode[0m[1m{[0m[3mname[0m[2m=[0mk#99f25ef6..[1m}[0m[2m:[0m [2msui_core::checkpoints::checkpoint_output[0m[2m:[0m [2mcrates/sui-core/src/checkpoints/checkpoint_output.rs[0m[2m:[0m[2m149:[0m Creating checkpoint CheckpointDigest(Di9gddSapzj27hw7uUU36ay1WCkn9iiVudiaT5JWMNDQ) at epoch 0, sequence 28, previous digest Some(CheckpointDigest(FYmFZAc57RxF8fjTU52Z5KpVwuEBUS7ouT6Kb4f6xUEW)), transactions count 1, content digest CheckpointContentsDigest(7tnYv4ZAEf4XfhepPqfp8sYKRHaPRdFBfvGq13JiXeQh), end_of_epoch_data None
[2m2025-03-25T07:54:18.887880Z[0m [32m INFO[0m [1mnode[0m[1m{[0m[3mname[0m[2m=[0mk#addeef94..[1m}[0m[2m:[0m [2msui_core::checkpoints[0m[2m:[0m [2mcrates/sui-core/src/checkpoints/mod.rs[0m[2m:[0m[2m1326:[0m Creating checkpoint(s) for 1 transactions [3mnext_checkpoint_seq[0m[2m=[0m28 [3mcheckpoint_timestamp[0m[2m=[0m1742889258276
[2m2025-03-25T07:54:18.888063Z[0m [32m INFO[0m [1mnode[0m[1m{[0m[3mname[0m[2m=[0mk#addeef94..[1m}[0m[2m:[0m [2msui_core::checkpoints::checkpoint_output[0m[2m:[0m [2mcrates/sui-core/src/checkpoints/checkpoint_output.rs[0m[2m:[0m[2m149:[0m Creating checkpoint CheckpointDigest(Di9gddSapzj27hw7uUU36ay1WCkn9iiVudiaT5JWMNDQ) at epoch 0, sequence 28, previous digest Some(CheckpointDigest(FYmFZAc57RxF8fjTU52Z5KpVwuEBUS7ouT6Kb4f6xUEW)), transactions count 1, content digest CheckpointContentsDigest(7tnYv4ZAEf4XfhepPqfp8sYKRHaPRdFBfvGq13JiXeQh), end_of_epoch_data None
[2m2025-03-25T07:54:18.890863Z[0m [32m INFO[0m [1mnode[0m[1m{[0m[3mname[0m[2m=[0mk#8dcff6d1..[1m}[0m[2m:[0m [2msui_core::checkpoints[0m[2m:[0m [2mcrates/sui-core/src/checkpoints/mod.rs[0m[2m:[0m[2m1326:[0m Creating checkpoint(s) for 1 transactions [3mnext_checkpoint_seq[0m[2m=[0m28 [3mcheckpoint_timestamp[0m[2m=[0m1742889258276
[2m2025-03-25T07:54:18.891035Z[0m [32m INFO[0m [1mnode[0m[1m{[0m[3mname[0m[2m=[0mk#8dcff6d1..[1m}[0m[2m:[0m [2msui_core::checkpoints::checkpoint_output[0m[2m:[0m [2mcrates/sui-core/src/checkpoints/checkpoint_output.rs[0m[2m:[0m[2m149:[0m Creating checkpoint CheckpointDigest(Di9gddSapzj27hw7uUU36ay1WCkn9iiVudiaT5JWMNDQ) at epoch 0, sequence 28, previous digest Some(CheckpointDigest(FYmFZAc57RxF8fjTU52Z5KpVwuEBUS7ouT6Kb4f6xUEW)), transactions count 1, content digest CheckpointContentsDigest(7tnYv4ZAEf4XfhepPqfp8sYKRHaPRdFBfvGq13JiXeQh), end_of_epoch_data None
[2m2025-03-25T07:54:18.892029Z[0m [32m INFO[0m [1mnode[0m[1m{[0m[3mname[0m[2m=[0mk#99f25ef6..[1m}[0m[2m:[0m [2msui_core::checkpoints::checkpoint_output[0m[2m:[0m [2mcrates/sui-core/src/checkpoints/checkpoint_output.rs[0m[2m:[0m[2m196:[0m Certified checkpoint with sequence 26 and digest E3JaDLz4HLSQPJRQi5e7JyM8W9b3TzH2Q2ovePqMVYvb
[2m2025-03-25T07:54:18.892052Z[0m [32m INFO[0m [1mnode[0m[1m{[0m[3mname[0m[2m=[0mk#99f25ef6..[1m}[0m[2m:[0m [2msui_core::checkpoints::checkpoint_output[0m[2m:[0m [2mcrates/sui-core/src/checkpoints/checkpoint_output.rs[0m[2m:[0m[2m196:[0m Certified checkpoint with sequence 27 and digest FYmFZAc57RxF8fjTU52Z5KpVwuEBUS7ouT6Kb4f6xUEW
[2m2025-03-25T07:54:18.892973Z[0m [32m INFO[0m [1mnode[0m[1m{[0m[3mname[0m[2m=[0mk#99f25ef6..[1m}[0m[2m:[0m [2msui_core::checkpoints::checkpoint_executor[0m[2m:[0m [2mcrates/sui-core/src/checkpoints/checkpoint_executor/mod.rs[0m[2m:[0m[2m332:[0m Received checkpoint summary from state sync [3msequence_number[0m[2m=[0m26
[2m2025-03-25T07:54:18.893108Z[0m [32m INFO[0m [1mnode[0m[1m{[0m[3mname[0m[2m=[0mk#99f25ef6..[1m}[0m[2m:[0m [2msui_core::checkpoints::checkpoint_executor[0m[2m:[0m [2mcrates/sui-core/src/checkpoints/checkpoint_executor/mod.rs[0m[2m:[0m[2m332:[0m Received checkpoint summary from state sync [3msequence_number[0m[2m=[0m27
[2m2025-03-25T07:54:18.894746Z[0m [32m INFO[0m [1mnode[0m[1m{[0m[3mname[0m[2m=[0mk#99f25ef6..[1m}[0m[2m:[0m [2msui_core::state_accumulator[0m[2m:[0m [2mcrates/sui-core/src/state_accumulator.rs[0m[2m:[0m[2m675:[0m accumulating running root for checkpoint 26
[2m2025-03-25T07:54:18.895179Z[0m [32m INFO[0m [1mnode[0m[1m{[0m[3mname[0m[2m=[0mk#99f25ef6..[1m}[0m[2m:[0m [2msui_core::state_accumulator[0m[2m:[0m [2mcrates/sui-core/src/state_accumulator.rs[0m[2m:[0m[2m675:[0m accumulating running root for checkpoint 27
[2m2025-03-25T07:54:18.895369Z[0m [32m INFO[0m [1mnode[0m[1m{[0m[3mname[0m[2m=[0mk#8dcff6d1..[1m}[0m[2m:[0m [2msui_core::checkpoints::checkpoint_output[0m[2m:[0m [2mcrates/sui-core/src/checkpoints/checkpoint_output.rs[0m[2m:[0m[2m196:[0m Certified checkpoint with sequence 26 and digest E3JaDLz4HLSQPJRQi5e7JyM8W9b3TzH2Q2ovePqMVYvb
[2m2025-03-25T07:54:18.895389Z[0m [32m INFO[0m [1mnode[0m[1m{[0m[3mname[0m[2m=[0mk#8dcff6d1..[1m}[0m[2m:[0m [2msui_core::checkpoints::checkpoint_output[0m[2m:[0m [2mcrates/sui-core/src/checkpoints/checkpoint_output.rs[0m[2m:[0m[2m196:[0m Certified checkpoint with sequence 27 and digest FYmFZAc57RxF8fjTU52Z5KpVwuEBUS7ouT6Kb4f6xUEW
[2m2025-03-25T07:54:18.896174Z[0m [32m INFO[0m [1mnode[0m[1m{[0m[3mname[0m[2m=[0mk#8dcff6d1..[1m}[0m[2m:[0m [2msui_core::checkpoints::checkpoint_executor[0m[2m:[0m [2mcrates/sui-core/src/checkpoints/checkpoint_executor/mod.rs[0m[2m:[0m[2m332:[0m Received checkpoint summary from state sync [3msequence_number[0m[2m=[0m26
[2m2025-03-25T07:54:18.896291Z[0m [32m INFO[0m [1mnode[0m[1m{[0m[3mname[0m[2m=[0mk#8dcff6d1..[1m}[0m[2m:[0m [2msui_core::checkpoints::checkpoint_executor[0m[2m:[0m [2mcrates/sui-core/src/checkpoints/checkpoint_executor/mod.rs[0m[2m:[0m[2m332:[0m Received checkpoint summary from state sync [3msequence_number[0m[2m=[0m27
[2m2025-03-25T07:54:18.897692Z[0m [32m INFO[0m [1mnode[0m[1m{[0m[3mname[0m[2m=[0mk#8dcff6d1..[1m}[0m[2m:[0m [2msui_core::state_accumulator[0m[2m:[0m [2mcrates/sui-core/src/state_accumulator.rs[0m[2m:[0m[2m675:[0m accumulating running root for checkpoint 26
[2m2025-03-25T07:54:18.898097Z[0m [32m INFO[0m [1mnode[0m[1m{[0m[3mname[0m[2m=[0mk#8dcff6d1..[1m}[0m[2m:[0m [2msui_core::state_accumulator[0m[2m:[0m [2mcrates/sui-core/src/state_accumulator.rs[0m[2m:[0m[2m675:[0m accumulating running root for checkpoint 27
[2m2025-03-25T07:54:19.003580Z[0m [32m INFO[0m [1mnode[0m[1m{[0m[3mname[0m[2m=[0mk#8dcff6d1..[1m}[0m[2m:[0m [2msui_core::checkpoints[0m[2m:[0m [2mcrates/sui-core/src/checkpoints/mod.rs[0m[2m:[0m[2m1326:[0m Creating checkpoint(s) for 1 transactions [3mnext_checkpoint_seq[0m[2m=[0m29 [3mcheckpoint_timestamp[0m[2m=[0m1742889258276
[2m2025-03-25T07:54:19.003852Z[0m [32m INFO[0m [1mnode[0m[1m{[0m[3mname[0m[2m=[0mk#8dcff6d1..[1m}[0m[2m:[0m [2msui_core::checkpoints::checkpoint_output[0m[2m:[0m [2mcrates/sui-core/src/checkpoints/checkpoint_output.rs[0m[2m:[0m[2m149:[0m Creating checkpoint CheckpointDigest(HPESwMLqQGwT1cvHNuzKBTnFBfMm2gx8F6v4BHZR36SA) at epoch 0, sequence 29, previous digest Some(CheckpointDigest(Di9gddSapzj27hw7uUU36ay1WCkn9iiVudiaT5JWMNDQ)), transactions count 1, content digest CheckpointContentsDigest(6vUQQdr68HenWScfEGFXHoQBLzEwcWZM6pPux4HJov6b), end_of_epoch_data None
[2m2025-03-25T07:54:19.006012Z[0m [32m INFO[0m [1mnode[0m[1m{[0m[3mname[0m[2m=[0mk#99f25ef6..[1m}[0m[2m:[0m [2msui_core::checkpoints[0m[2m:[0m [2mcrates/sui-core/src/checkpoints/mod.rs[0m[2m:[0m[2m1326:[0m Creating checkpoint(s) for 1 transactions [3mnext_checkpoint_seq[0m[2m=[0m29 [3mcheckpoint_timestamp[0m[2m=[0m1742889258276
[2m2025-03-25T07:54:19.006205Z[0m [32m INFO[0m [1mnode[0m[1m{[0m[3mname[0m[2m=[0mk#99f25ef6..[1m}[0m[2m:[0m [2msui_core::checkpoints::checkpoint_output[0m[2m:[0m [2mcrates/sui-core/src/checkpoints/checkpoint_output.rs[0m[2m:[0m[2m149:[0m Creating checkpoint CheckpointDigest(HPESwMLqQGwT1cvHNuzKBTnFBfMm2gx8F6v4BHZR36SA) at epoch 0, sequence 29, previous digest Some(CheckpointDigest(Di9gddSapzj27hw7uUU36ay1WCkn9iiVudiaT5JWMNDQ)), transactions count 1, content digest CheckpointContentsDigest(6vUQQdr68HenWScfEGFXHoQBLzEwcWZM6pPux4HJov6b), end_of_epoch_data None
[2m2025-03-25T07:54:19.012242Z[0m [32m INFO[0m [1mnode[0m[1m{[0m[3mname[0m[2m=[0mk#addeef94..[1m}[0m[2m:[0m [2msui_core::checkpoints[0m[2m:[0m [2mcrates/sui-core/src/checkpoints/mod.rs[0m[2m:[0m[2m1326:[0m Creating checkpoint(s) for 1 transactions [3mnext_checkpoint_seq[0m[2m=[0m29 [3mcheckpoint_timestamp[0m[2m=[0m1742889258276
[2m2025-03-25T07:54:19.012428Z[0m [32m INFO[0m [1mnode[0m[1m{[0m[3mname[0m[2m=[0mk#addeef94..[1m}[0m[2m:[0m [2msui_core::checkpoints::checkpoint_output[0m[2m:[0m [2mcrates/sui-core/src/checkpoints/checkpoint_output.rs[0m[2m:[0m[2m149:[0m Creating checkpoint CheckpointDigest(HPESwMLqQGwT1cvHNuzKBTnFBfMm2gx8F6v4BHZR36SA) at epoch 0, sequence 29, previous digest Some(CheckpointDigest(Di9gddSapzj27hw7uUU36ay1WCkn9iiVudiaT5JWMNDQ)), transactions count 1, content digest CheckpointContentsDigest(6vUQQdr68HenWScfEGFXHoQBLzEwcWZM6pPux4HJov6b), end_of_epoch_data None
[2m2025-03-25T07:54:19.023744Z[0m [32m INFO[0m [1mnode[0m[1m{[0m[3mname[0m[2m=[0mk#addeef94..[1m}[0m[2m:[0m [2msui_core::checkpoints::checkpoint_executor[0m[2m:[0m [2mcrates/sui-core/src/checkpoints/checkpoint_executor/mod.rs[0m[2m:[0m[2m332:[0m Received checkpoint summary from state sync [3msequence_number[0m[2m=[0m26
[2m2025-03-25T07:54:19.023872Z[0m [32m INFO[0m [1mnode[0m[1m{[0m[3mname[0m[2m=[0mk#addeef94..[1m}[0m[2m:[0m [2msui_core::checkpoints::checkpoint_executor[0m[2m:[0m [2mcrates/sui-core/src/checkpoints/checkpoint_executor/mod.rs[0m[2m:[0m[2m332:[0m Received checkpoint summary from state sync [3msequence_number[0m[2m=[0m27
[2m2025-03-25T07:54:19.025128Z[0m [32m INFO[0m [1mnode[0m[1m{[0m[3mname[0m[2m=[0mk#addeef94..[1m}[0m[2m:[0m [2msui_core::state_accumulator[0m[2m:[0m [2mcrates/sui-core/src/state_accumulator.rs[0m[2m:[0m[2m675:[0m accumulating running root for checkpoint 26
[2m2025-03-25T07:54:19.025553Z[0m [32m INFO[0m [1mnode[0m[1m{[0m[3mname[0m[2m=[0mk#addeef94..[1m}[0m[2m:[0m [2msui_core::state_accumulator[0m[2m:[0m [2mcrates/sui-core/src/state_accumulator.rs[0m[2m:[0m[2m675:[0m accumulating running root for checkpoint 27
[2m2025-03-25T07:54:19.041496Z[0m [32m INFO[0m [1mnode[0m[1m{[0m[3mname[0m[2m=[0mk#99f25ef6..[1m}[0m[2m:[0m [2mconsensus_core::core[0m[2m:[0m [2mconsensus/core/src/core.rs[0m[2m:[0m[2m531:[0m Created block B22(B,dAKWdlWb8Qgo+LJNUViCcco/SMheqaveZja6V6y6qU8=)(1742889259041ms;[B21(B,xcIoAM6Au3baOn9EOozfoBR34zcJgqakr+wPjRJ+FhE=), B21(A,llNju+BFUEhWM2fThMG98PTaQvPCsb2XpeEp/YChDi8=), B21(C,wk8l/DHvXiTAY4pMGnKpgal+GGHC1j27ffWOHOBe7Lk=)];2t;1c) for round 22
[2m2025-03-25T07:54:19.041496Z[0m [32m INFO[0m [1mnode[0m[1m{[0m[3mname[0m[2m=[0mk#8dcff6d1..[1m}[0m[2m:[0m [2mconsensus_core::core[0m[2m:[0m [2mconsensus/core/src/core.rs[0m[2m:[0m[2m531:[0m Created block B22(A,msReYk1xT7MOuCdMtA3bapP/9bbGMjFoSumjG1hBPbw=)(1742889259041ms;[B21(A,llNju+BFUEhWM2fThMG98PTaQvPCsb2XpeEp/YChDi8=), B21(B,xcIoAM6Au3baOn9EOozfoBR34zcJgqakr+wPjRJ+FhE=), B21(C,wk8l/DHvXiTAY4pMGnKpgal+GGHC1j27ffWOHOBe7Lk=)];2t;1c) for round 22
[2m2025-03-25T07:54:19.045250Z[0m [32m INFO[0m [1mnode[0m[1m{[0m[3mname[0m[2m=[0mk#addeef94..[1m}[0m[2m:[0m [2mconsensus_core::core[0m[2m:[0m [2mconsensus/core/src/core.rs[0m[2m:[0m[2m531:[0m Created block B22(C,33ltPJieFpxPkoTWdRHF9QvFy+3QrglTKnlkQY2c3p0=)(1742889259044ms;[B21(C,wk8l/DHvXiTAY4pMGnKpgal+GGHC1j27ffWOHOBe7Lk=), B21(A,llNju+BFUEhWM2fThMG98PTaQvPCsb2XpeEp/YChDi8=), B21(B,xcIoAM6Au3baOn9EOozfoBR34zcJgqakr+wPjRJ+FhE=)];2t;1c) for round 22
[2m2025-03-25T07:54:19.045341Z[0m [32m INFO[0m [1mnode[0m[1m{[0m[3mname[0m[2m=[0mk#addeef94..[1m}[0m[2m:[0m [2mconsensus_core::core[0m[2m:[0m [2mconsensus/core/src/core.rs[0m[2m:[0m[2m630:[0m Committing 1 leaders: B20(A,TJzN)
[2m2025-03-25T07:54:19.045409Z[0m [32m INFO[0m [1mnode[0m[1m{[0m[3mname[0m[2m=[0mk#addeef94..[1m}[0m[2m:[0m [2mconsensus_core::commit_observer[0m[2m:[0m [2mconsensus/core/src/commit_observer.rs[0m[2m:[0m[2m173:[0m Consensus commit C19(YRpC) with leader B20(A,TJzN) has 3 blocks
[2m2025-03-25T07:54:19.045491Z[0m [32m INFO[0m [1mnode[0m[1m{[0m[3mname[0m[2m=[0mk#addeef94..[1m}[0m[2m:[0m [2msui_core::consensus_handler[0m[2m:[0m [2mcrates/sui-core/src/consensus_handler.rs[0m[2m:[0m[2m232:[0m Received consensus output [3mconsensus_commit[0m[2m=[0mCommittedSubDag(leader=B20(A,TJzN), ref=C19(YRpC), blocks=[AQpA, RHbF, TJzN]) [3mepoch[0m[2m=[0m0
[2m2025-03-25T07:54:19.048362Z[0m [32m INFO[0m [1mnode[0m[1m{[0m[3mname[0m[2m=[0mk#8dcff6d1..[1m}[0m[2m:[0m [2mconsensus_core::core[0m[2m:[0m [2mconsensus/core/src/core.rs[0m[2m:[0m[2m630:[0m Committing 1 leaders: B20(A,TJzN)
[2m2025-03-25T07:54:19.048445Z[0m [32m INFO[0m [1mnode[0m[1m{[0m[3mname[0m[2m=[0mk#8dcff6d1..[1m}[0m[2m:[0m [2mconsensus_core::commit_observer[0m[2m:[0m [2mconsensus/core/src/commit_observer.rs[0m[2m:[0m[2m173:[0m Consensus commit C19(YRpC) with leader B20(A,TJzN) has 3 blocks
[2m2025-03-25T07:54:19.048517Z[0m [32m INFO[0m [1mnode[0m[1m{[0m[3mname[0m[2m=[0mk#8dcff6d1..[1m}[0m[2m:[0m [2msui_core::consensus_handler[0m[2m:[0m [2mcrates/sui-core/src/consensus_handler.rs[0m[2m:[0m[2m232:[0m Received consensus output [3mconsensus_commit[0m[2m=[0mCommittedSubDag(leader=B20(A,TJzN), ref=C19(YRpC), blocks=[AQpA, RHbF, TJzN]) [3mepoch[0m[2m=[0m0
[2m2025-03-25T07:54:19.052192Z[0m [32m INFO[0m [1mnode[0m[1m{[0m[3mname[0m[2m=[0mk#99f25ef6..[1m}[0m[2m:[0m [2mconsensus_core::core[0m[2m:[0m [2mconsensus/core/src/core.rs[0m[2m:[0m[2m630:[0m Committing 1 leaders: B20(A,TJzN)
[2m2025-03-25T07:54:19.052473Z[0m [32m INFO[0m [1mnode[0m[1m{[0m[3mname[0m[2m=[0mk#99f25ef6..[1m}[0m[2m:[0m [2mconsensus_core::commit_observer[0m[2m:[0m [2mconsensus/core/src/commit_observer.rs[0m[2m:[0m[2m173:[0m Consensus commit C19(YRpC) with leader B20(A,TJzN) has 3 blocks
[2m2025-03-25T07:54:19.052700Z[0m [32m INFO[0m [1mnode[0m[1m{[0m[3mname[0m[2m=[0mk#99f25ef6..[1m}[0m[2m:[0m [2msui_core::consensus_handler[0m[2m:[0m [2mcrates/sui-core/src/consensus_handler.rs[0m[2m:[0m[2m232:[0m Received consensus output [3mconsensus_commit[0m[2m=[0mCommittedSubDag(leader=B20(A,TJzN), ref=C19(YRpC), blocks=[AQpA, RHbF, TJzN]) [3mepoch[0m[2m=[0m0
[2m2025-03-25T07:54:19.145467Z[0m [32m INFO[0m [1mnode[0m[1m{[0m[3mname[0m[2m=[0mk#8dcff6d1..[1m}[0m[2m:[0m [2msui_core::checkpoints[0m[2m:[0m [2mcrates/sui-core/src/checkpoints/mod.rs[0m[2m:[0m[2m1326:[0m Creating checkpoint(s) for 1 transactions [3mnext_checkpoint_seq[0m[2m=[0m30 [3mcheckpoint_timestamp[0m[2m=[0m1742889258530
[2m2025-03-25T07:54:19.145467Z[0m [32m INFO[0m [1mnode[0m[1m{[0m[3mname[0m[2m=[0mk#addeef94..[1m}[0m[2m:[0m [2msui_core::checkpoints[0m[2m:[0m [2mcrates/sui-core/src/checkpoints/mod.rs[0m[2m:[0m[2m1326:[0m Creating checkpoint(s) for 1 transactions [3mnext_checkpoint_seq[0m[2m=[0m30 [3mcheckpoint_timestamp[0m[2m=[0m1742889258530
[2m2025-03-25T07:54:19.145710Z[0m [32m INFO[0m [1mnode[0m[1m{[0m[3mname[0m[2m=[0mk#addeef94..[1m}[0m[2m:[0m [2msui_core::checkpoints::checkpoint_output[0m[2m:[0m [2mcrates/sui-core/src/checkpoints/checkpoint_output.rs[0m[2m:[0m[2m149:[0m Creating checkpoint CheckpointDigest(Mxtn4yjre2BSznZfZLV4WrFoMbLGbjuinAKFVrdp1Ui) at epoch 0, sequence 30, previous digest Some(CheckpointDigest(HPESwMLqQGwT1cvHNuzKBTnFBfMm2gx8F6v4BHZR36SA)), transactions count 1, content digest CheckpointContentsDigest(3SHLqpy6ZX6eNMQAQ4SfmZM8yHERYUY6HgtAmT9hCJMb), end_of_epoch_data None
[2m2025-03-25T07:54:19.145710Z[0m [32m INFO[0m [1mnode[0m[1m{[0m[3mname[0m[2m=[0mk#8dcff6d1..[1m}[0m[2m:[0m [2msui_core::checkpoints::checkpoint_output[0m[2m:[0m [2mcrates/sui-core/src/checkpoints/checkpoint_output.rs[0m[2m:[0m[2m149:[0m Creating checkpoint CheckpointDigest(Mxtn4yjre2BSznZfZLV4WrFoMbLGbjuinAKFVrdp1Ui) at epoch 0, sequence 30, previous digest Some(CheckpointDigest(HPESwMLqQGwT1cvHNuzKBTnFBfMm2gx8F6v4BHZR36SA)), transactions count 1, content digest CheckpointContentsDigest(3SHLqpy6ZX6eNMQAQ4SfmZM8yHERYUY6HgtAmT9hCJMb), end_of_epoch_data None
[2m2025-03-25T07:54:19.150288Z[0m [32m INFO[0m [1mnode[0m[1m{[0m[3mname[0m[2m=[0mk#8dcff6d1..[1m}[0m[2m:[0m [2msui_core::checkpoints::checkpoint_output[0m[2m:[0m [2mcrates/sui-core/src/checkpoints/checkpoint_output.rs[0m[2m:[0m[2m196:[0m Certified checkpoint with sequence 28 and digest Di9gddSapzj27hw7uUU36ay1WCkn9iiVudiaT5JWMNDQ
[2m2025-03-25T07:54:19.150311Z[0m [32m INFO[0m [1mnode[0m[1m{[0m[3mname[0m[2m=[0mk#8dcff6d1..[1m}[0m[2m:[0m [2msui_core::checkpoints::checkpoint_output[0m[2m:[0m [2mcrates/sui-core/src/checkpoints/checkpoint_output.rs[0m[2m:[0m[2m196:[0m Certified checkpoint with sequence 29 and digest HPESwMLqQGwT1cvHNuzKBTnFBfMm2gx8F6v4BHZR36SA
[2m2025-03-25T07:54:19.151116Z[0m [32m INFO[0m [1mnode[0m[1m{[0m[3mname[0m[2m=[0mk#8dcff6d1..[1m}[0m[2m:[0m [2msui_core::checkpoints::checkpoint_executor[0m[2m:[0m [2mcrates/sui-core/src/checkpoints/checkpoint_executor/mod.rs[0m[2m:[0m[2m332:[0m Received checkpoint summary from state sync [3msequence_number[0m[2m=[0m28
[2m2025-03-25T07:54:19.151246Z[0m [32m INFO[0m [1mnode[0m[1m{[0m[3mname[0m[2m=[0mk#8dcff6d1..[1m}[0m[2m:[0m [2msui_core::checkpoints::checkpoint_executor[0m[2m:[0m [2mcrates/sui-core/src/checkpoints/checkpoint_executor/mod.rs[0m[2m:[0m[2m332:[0m Received checkpoint summary from state sync [3msequence_number[0m[2m=[0m29
[2m2025-03-25T07:54:19.152832Z[0m [32m INFO[0m [1mnode[0m[1m{[0m[3mname[0m[2m=[0mk#8dcff6d1..[1m}[0m[2m:[0m [2msui_core::state_accumulator[0m[2m:[0m [2mcrates/sui-core/src/state_accumulator.rs[0m[2m:[0m[2m675:[0m accumulating running root for checkpoint 28
[2m2025-03-25T07:54:19.153261Z[0m [32m INFO[0m [1mnode[0m[1m{[0m[3mname[0m[2m=[0mk#8dcff6d1..[1m}[0m[2m:[0m [2msui_core::state_accumulator[0m[2m:[0m [2mcrates/sui-core/src/state_accumulator.rs[0m[2m:[0m[2m675:[0m accumulating running root for checkpoint 29
[2m2025-03-25T07:54:19.156852Z[0m [32m INFO[0m [1mnode[0m[1m{[0m[3mname[0m[2m=[0mk#99f25ef6..[1m}[0m[2m:[0m [2msui_core::checkpoints[0m[2m:[0m [2mcrates/sui-core/src/checkpoints/mod.rs[0m[2m:[0m[2m1326:[0m Creating checkpoint(s) for 1 transactions [3mnext_checkpoint_seq[0m[2m=[0m30 [3mcheckpoint_timestamp[0m[2m=[0m1742889258530
[2m2025-03-25T07:54:19.157047Z[0m [32m INFO[0m [1mnode[0m[1m{[0m[3mname[0m[2m=[0mk#99f25ef6..[1m}[0m[2m:[0m [2msui_core::checkpoints::checkpoint_output[0m[2m:[0m [2mcrates/sui-core/src/checkpoints/checkpoint_output.rs[0m[2m:[0m[2m149:[0m Creating checkpoint CheckpointDigest(Mxtn4yjre2BSznZfZLV4WrFoMbLGbjuinAKFVrdp1Ui) at epoch 0, sequence 30, previous digest Some(CheckpointDigest(HPESwMLqQGwT1cvHNuzKBTnFBfMm2gx8F6v4BHZR36SA)), transactions count 1, content digest CheckpointContentsDigest(3SHLqpy6ZX6eNMQAQ4SfmZM8yHERYUY6HgtAmT9hCJMb), end_of_epoch_data None
[2m2025-03-25T07:54:19.161460Z[0m [32m INFO[0m [1mnode[0m[1m{[0m[3mname[0m[2m=[0mk#99f25ef6..[1m}[0m[2m:[0m [2msui_core::checkpoints::checkpoint_output[0m[2m:[0m [2mcrates/sui-core/src/checkpoints/checkpoint_output.rs[0m[2m:[0m[2m196:[0m Certified checkpoint with sequence 28 and digest Di9gddSapzj27hw7uUU36ay1WCkn9iiVudiaT5JWMNDQ
[2m2025-03-25T07:54:19.161479Z[0m [32m INFO[0m [1mnode[0m[1m{[0m[3mname[0m[2m=[0mk#99f25ef6..[1m}[0m[2m:[0m [2msui_core::checkpoints::checkpoint_output[0m[2m:[0m [2mcrates/sui-core/src/checkpoints/checkpoint_output.rs[0m[2m:[0m[2m196:[0m Certified checkpoint with sequence 29 and digest HPESwMLqQGwT1cvHNuzKBTnFBfMm2gx8F6v4BHZR36SA
[2m2025-03-25T07:54:19.162322Z[0m [32m INFO[0m [1mnode[0m[1m{[0m[3mname[0m[2m=[0mk#99f25ef6..[1m}[0m[2m:[0m [2msui_core::checkpoints::checkpoint_executor[0m[2m:[0m [2mcrates/sui-core/src/checkpoints/checkpoint_executor/mod.rs[0m[2m:[0m[2m332:[0m Received checkpoint summary from state sync [3msequence_number[0m[2m=[0m28
[2m2025-03-25T07:54:19.162440Z[0m [32m INFO[0m [1mnode[0m[1m{[0m[3mname[0m[2m=[0mk#99f25ef6..[1m}[0m[2m:[0m [2msui_core::checkpoints::checkpoint_executor[0m[2m:[0m [2mcrates/sui-core/src/checkpoints/checkpoint_executor/mod.rs[0m[2m:[0m[2m332:[0m Received checkpoint summary from state sync [3msequence_number[0m[2m=[0m29
[2m2025-03-25T07:54:19.163898Z[0m [32m INFO[0m [1mnode[0m[1m{[0m[3mname[0m[2m=[0mk#99f25ef6..[1m}[0m[2m:[0m [2msui_core::state_accumulator[0m[2m:[0m [2mcrates/sui-core/src/state_accumulator.rs[0m[2m:[0m[2m675:[0m accumulating running root for checkpoint 28
[2m2025-03-25T07:54:19.164308Z[0m [32m INFO[0m [1mnode[0m[1m{[0m[3mname[0m[2m=[0mk#99f25ef6..[1m}[0m[2m:[0m [2msui_core::state_accumulator[0m[2m:[0m [2mcrates/sui-core/src/state_accumulator.rs[0m[2m:[0m[2m675:[0m accumulating running root for checkpoint 29
[2m2025-03-25T07:54:19.253398Z[0m [32m INFO[0m [1mnode[0m[1m{[0m[3mname[0m[2m=[0mk#addeef94..[1m}[0m[2m:[0m [2msui_core::checkpoints[0m[2m:[0m [2mcrates/sui-core/src/checkpoints/mod.rs[0m[2m:[0m[2m1326:[0m Creating checkpoint(s) for 1 transactions [3mnext_checkpoint_seq[0m[2m=[0m31 [3mcheckpoint_timestamp[0m[2m=[0m1742889258530
[2m2025-03-25T07:54:19.253677Z[0m [32m INFO[0m [1mnode[0m[1m{[0m[3mname[0m[2m=[0mk#addeef94..[1m}[0m[2m:[0m [2msui_core::checkpoints::checkpoint_output[0m[2m:[0m [2mcrates/sui-core/src/checkpoints/checkpoint_output.rs[0m[2m:[0m[2m149:[0m Creating checkpoint CheckpointDigest(7u2WZ7sKdtubUL1f1K2qMaRjcYr3gpf61XaHrdgMXRu) at epoch 0, sequence 31, previous digest Some(CheckpointDigest(Mxtn4yjre2BSznZfZLV4WrFoMbLGbjuinAKFVrdp1Ui)), transactions count 1, content digest CheckpointContentsDigest(6PBKXWJKW5Jbxsf4VC5r5U6FWU7SvwGxyF8Ttbq9VV1g), end_of_epoch_data None
[2m2025-03-25T07:54:19.255937Z[0m [32m INFO[0m [2mtest_cluster[0m[2m:[0m [2mcrates/test-cluster/src/lib.rs[0m[2m:[0m[2m1275:[0m account key: Ed25519KeyPair { public: L9K29gtqGISwL1R2lIoBcATobME2IZPUnHo8dtErIgA=, private: <elided secret for Ed25519PrivateKey> }
[2m2025-03-25T07:54:19.256090Z[0m [32m INFO[0m [2mtest_cluster[0m[2m:[0m [2mcrates/test-cluster/src/lib.rs[0m[2m:[0m[2m1275:[0m account key: Ed25519KeyPair { public: KqQyMAqohWuqpigEhES4yyoLWtf4tfCJ7gqbJBG7170=, private: <elided secret for Ed25519PrivateKey> }
[2m2025-03-25T07:54:19.256214Z[0m [32m INFO[0m [2mtest_cluster[0m[2m:[0m [2mcrates/test-cluster/src/lib.rs[0m[2m:[0m[2m1275:[0m account key: Ed25519KeyPair { public: ybRcEIDBWWLSstmyGtVXjjh7drJp+maEP3zFnd3DhkE=, private: <elided secret for Ed25519PrivateKey> }
[2m2025-03-25T07:54:19.256336Z[0m [32m INFO[0m [2mtest_cluster[0m[2m:[0m [2mcrates/test-cluster/src/lib.rs[0m[2m:[0m[2m1275:[0m account key: Ed25519KeyPair { public: uQa6MGrju4nEglBZXQC37Cjmv24GcLY99Yx6FWiG5Ms=, private: <elided secret for Ed25519PrivateKey> }
[2m2025-03-25T07:54:19.256458Z[0m [32m INFO[0m [2mtest_cluster[0m[2m:[0m [2mcrates/test-cluster/src/lib.rs[0m[2m:[0m[2m1275:[0m account key: Ed25519KeyPair { public: P3SetN1/G9l3qCziN/9Fj54tvDcsGxT+9Nu4EFayJQs=, private: <elided secret for Ed25519PrivateKey> }
[2m2025-03-25T07:54:19.258061Z[0m [32m INFO[0m [1mnode[0m[1m{[0m[3mname[0m[2m=[0mk#addeef94..[1m}[0m[2m:[0m [2msui_core::checkpoints::checkpoint_executor[0m[2m:[0m [2mcrates/sui-core/src/checkpoints/checkpoint_executor/mod.rs[0m[2m:[0m[2m332:[0m Received checkpoint summary from state sync [3msequence_number[0m[2m=[0m28
[2m2025-03-25T07:54:19.258107Z[0m [32m INFO[0m [2mtest_cluster[0m[2m:[0m [2mcrates/test-cluster/src/lib.rs[0m[2m:[0m[2m1281:[0m key store addr: [0x04a92ab35c30447220964695cc04dfdb26d007c17bf50c178f19eacb981afca1, 0x2e9e4ae892478ac670db6d0ee11d22f7c9838b2f9f7cae1a6d5cec12b2d37216, 0x69615f9810e7e54a8abd81e90e52c5c72b959af96e957d8247e1c98607ce691e, 0xb4bcb4ef88b4439eff5a2f1f59ebf6790c887881aeba4a075003e162c9664633, 0xbb41c6aae7df245b03ac73780c718d59b1fcaca77e91e385aef1d9fa51c3bde0]
[2m2025-03-25T07:54:19.258210Z[0m [32m INFO[0m [1mnode[0m[1m{[0m[3mname[0m[2m=[0mk#addeef94..[1m}[0m[2m:[0m [2msui_core::checkpoints::checkpoint_executor[0m[2m:[0m [2mcrates/sui-core/src/checkpoints/checkpoint_executor/mod.rs[0m[2m:[0m[2m332:[0m Received checkpoint summary from state sync [3msequence_number[0m[2m=[0m29
[2m2025-03-25T07:54:19.259637Z[0m [32m INFO[0m [1mnode[0m[1m{[0m[3mname[0m[2m=[0mk#addeef94..[1m}[0m[2m:[0m [2msui_core::state_accumulator[0m[2m:[0m [2mcrates/sui-core/src/state_accumulator.rs[0m[2m:[0m[2m675:[0m accumulating running root for checkpoint 28
[2m2025-03-25T07:54:19.260084Z[0m [32m INFO[0m [1mnode[0m[1m{[0m[3mname[0m[2m=[0mk#addeef94..[1m}[0m[2m:[0m [2msui_core::state_accumulator[0m[2m:[0m [2mcrates/sui-core/src/state_accumulator.rs[0m[2m:[0m[2m675:[0m accumulating running root for checkpoint 29
[2m2025-03-25T07:54:19.285826Z[0m [32m INFO[0m [1mnode[0m[1m{[0m[3mname[0m[2m=[0mk#8dcff6d1..[1m}[0m[2m:[0m [2msui_core::checkpoints[0m[2m:[0m [2mcrates/sui-core/src/checkpoints/mod.rs[0m[2m:[0m[2m1326:[0m Creating checkpoint(s) for 1 transactions [3mnext_checkpoint_seq[0m[2m=[0m31 [3mcheckpoint_timestamp[0m[2m=[0m1742889258530
[2m2025-03-25T07:54:19.286072Z[0m [32m INFO[0m [1mnode[0m[1m{[0m[3mname[0m[2m=[0mk#8dcff6d1..[1m}[0m[2m:[0m [2msui_core::checkpoints::checkpoint_output[0m[2m:[0m [2mcrates/sui-core/src/checkpoints/checkpoint_output.rs[0m[2m:[0m[2m149:[0m Creating checkpoint CheckpointDigest(7u2WZ7sKdtubUL1f1K2qMaRjcYr3gpf61XaHrdgMXRu) at epoch 0, sequence 31, previous digest Some(CheckpointDigest(Mxtn4yjre2BSznZfZLV4WrFoMbLGbjuinAKFVrdp1Ui)), transactions count 1, content digest CheckpointContentsDigest(6PBKXWJKW5Jbxsf4VC5r5U6FWU7SvwGxyF8Ttbq9VV1g), end_of_epoch_data None
[2m2025-03-25T07:54:19.289573Z[0m [32m INFO[0m [1mnode[0m[1m{[0m[3mname[0m[2m=[0mk#99f25ef6..[1m}[0m[2m:[0m [2msui_core::checkpoints[0m[2m:[0m [2mcrates/sui-core/src/checkpoints/mod.rs[0m[2m:[0m[2m1326:[0m Creating checkpoint(s) for 1 transactions [3mnext_checkpoint_seq[0m[2m=[0m31 [3mcheckpoint_timestamp[0m[2m=[0m1742889258530
[2m2025-03-25T07:54:19.289774Z[0m [32m INFO[0m [1mnode[0m[1m{[0m[3mname[0m[2m=[0mk#99f25ef6..[1m}[0m[2m:[0m [2msui_core::checkpoints::checkpoint_output[0m[2m:[0m [2mcrates/sui-core/src/checkpoints/checkpoint_output.rs[0m[2m:[0m[2m149:[0m Creating checkpoint CheckpointDigest(7u2WZ7sKdtubUL1f1K2qMaRjcYr3gpf61XaHrdgMXRu) at epoch 0, sequence 31, previous digest Some(CheckpointDigest(Mxtn4yjre2BSznZfZLV4WrFoMbLGbjuinAKFVrdp1Ui)), transactions count 1, content digest CheckpointContentsDigest(6PBKXWJKW5Jbxsf4VC5r5U6FWU7SvwGxyF8Ttbq9VV1g), end_of_epoch_data None
[2m2025-03-25T07:54:19.297707Z[0m [32m INFO[0m [1mnode[0m[1m{[0m[3mname[0m[2m=[0mk#addeef94..[1m}[0m[2m:[0m [2mconsensus_core::core[0m[2m:[0m [2mconsensus/core/src/core.rs[0m[2m:[0m[2m531:[0m Created block B23(C,7ZhY+5lBqAxJSa52CVjG4lzr/3Etly8+qGuVM+U1F+Q=)(1742889259297ms;[B22(C,33ltPJieFpxPkoTWdRHF9QvFy+3QrglTKnlkQY2c3p0=), B22(A,msReYk1xT7MOuCdMtA3bapP/9bbGMjFoSumjG1hBPbw=), B22(B,dAKWdlWb8Qgo+LJNUViCcco/SMheqaveZja6V6y6qU8=)];2t;1c) for round 23
[2m2025-03-25T07:54:19.300931Z[0m [32m INFO[0m [1mnode[0m[1m{[0m[3mname[0m[2m=[0mk#8dcff6d1..[1m}[0m[2m:[0m [2mconsensus_core::core[0m[2m:[0m [2mconsensus/core/src/core.rs[0m[2m:[0m[2m531:[0m Created block B23(A,qGGfMZvGeYo6NdzXoF29KS6z8CLcjgLDV7Or/7f5UIw=)(1742889259300ms;[B22(A,msReYk1xT7MOuCdMtA3bapP/9bbGMjFoSumjG1hBPbw=), B22(B,dAKWdlWb8Qgo+LJNUViCcco/SMheqaveZja6V6y6qU8=), B22(C,33ltPJieFpxPkoTWdRHF9QvFy+3QrglTKnlkQY2c3p0=)];2t;1c) for round 23
[2m2025-03-25T07:54:19.301052Z[0m [32m INFO[0m [1mnode[0m[1m{[0m[3mname[0m[2m=[0mk#8dcff6d1..[1m}[0m[2m:[0m [2mconsensus_core::core[0m[2m:[0m [2mconsensus/core/src/core.rs[0m[2m:[0m[2m630:[0m Committing 1 leaders: B21(B,xcIo)
[2m2025-03-25T07:54:19.301138Z[0m [32m INFO[0m [1mnode[0m[1m{[0m[3mname[0m[2m=[0mk#8dcff6d1..[1m}[0m[2m:[0m [2mconsensus_core::commit_observer[0m[2m:[0m [2mconsensus/core/src/commit_observer.rs[0m[2m:[0m[2m173:[0m Consensus commit C20(7Jc0) with leader B21(B,xcIo) has 3 blocks
[2m2025-03-25T07:54:19.301277Z[0m [32m INFO[0m [1mnode[0m[1m{[0m[3mname[0m[2m=[0mk#8dcff6d1..[1m}[0m[2m:[0m [2msui_core::consensus_handler[0m[2m:[0m [2mcrates/sui-core/src/consensus_handler.rs[0m[2m:[0m[2m232:[0m Received consensus output [3mconsensus_commit[0m[2m=[0mCommittedSubDag(leader=B21(B,xcIo), ref=C20(7Jc0), blocks=[3VC0, xYZm, xcIo]) [3mepoch[0m[2m=[0m0
[2m2025-03-25T07:54:19.304075Z[0m [32m INFO[0m [1mnode[0m[1m{[0m[3mname[0m[2m=[0mk#99f25ef6..[1m}[0m[2m:[0m [2mconsensus_core::core[0m[2m:[0m [2mconsensus/core/src/core.rs[0m[2m:[0m[2m531:[0m Created block B23(B,B5SwyPQcltRqkk6Axm7zGW5j1uiMpbV0pN3FFOTZ1G4=)(1742889259303ms;[B22(B,dAKWdlWb8Qgo+LJNUViCcco/SMheqaveZja6V6y6qU8=), B22(A,msReYk1xT7MOuCdMtA3bapP/9bbGMjFoSumjG1hBPbw=), B22(C,33ltPJieFpxPkoTWdRHF9QvFy+3QrglTKnlkQY2c3p0=)];2t;1c) for round 23
[2m2025-03-25T07:54:19.304163Z[0m [32m INFO[0m [1mnode[0m[1m{[0m[3mname[0m[2m=[0mk#99f25ef6..[1m}[0m[2m:[0m [2mconsensus_core::core[0m[2m:[0m [2mconsensus/core/src/core.rs[0m[2m:[0m[2m630:[0m Committing 1 leaders: B21(B,xcIo)
[2m2025-03-25T07:54:19.304234Z[0m [32m INFO[0m [1mnode[0m[1m{[0m[3mname[0m[2m=[0mk#99f25ef6..[1m}[0m[2m:[0m [2mconsensus_core::commit_observer[0m[2m:[0m [2mconsensus/core/src/commit_observer.rs[0m[2m:[0m[2m173:[0m Consensus commit C20(7Jc0) with leader B21(B,xcIo) has 3 blocks
[2m2025-03-25T07:54:19.304326Z[0m [32m INFO[0m [1mnode[0m[1m{[0m[3mname[0m[2m=[0mk#99f25ef6..[1m}[0m[2m:[0m [2msui_core::consensus_handler[0m[2m:[0m [2mcrates/sui-core/src/consensus_handler.rs[0m[2m:[0m[2m232:[0m Received consensus output [3mconsensus_commit[0m[2m=[0mCommittedSubDag(leader=B21(B,xcIo), ref=C20(7Jc0), blocks=[3VC0, xYZm, xcIo]) [3mepoch[0m[2m=[0m0
[2m2025-03-25T07:54:19.304628Z[0m [32m INFO[0m [1mnode[0m[1m{[0m[3mname[0m[2m=[0mk#addeef94..[1m}[0m[2m:[0m [2mconsensus_core::core[0m[2m:[0m [2mconsensus/core/src/core.rs[0m[2m:[0m[2m630:[0m Committing 1 leaders: B21(B,xcIo)
[2m2025-03-25T07:54:19.304720Z[0m [32m INFO[0m [1mnode[0m[1m{[0m[3mname[0m[2m=[0mk#addeef94..[1m}[0m[2m:[0m [2mconsensus_core::commit_observer[0m[2m:[0m [2mconsensus/core/src/commit_observer.rs[0m[2m:[0m[2m173:[0m Consensus commit C20(7Jc0) with leader B21(B,xcIo) has 3 blocks
[2m2025-03-25T07:54:19.304794Z[0m [32m INFO[0m [1mnode[0m[1m{[0m[3mname[0m[2m=[0mk#addeef94..[1m}[0m[2m:[0m [2msui_core::consensus_handler[0m[2m:[0m [2mcrates/sui-core/src/consensus_handler.rs[0m[2m:[0m[2m232:[0m Received consensus output [3mconsensus_commit[0m[2m=[0mCommittedSubDag(leader=B21(B,xcIo), ref=C20(7Jc0), blocks=[3VC0, xYZm, xcIo]) [3mepoch[0m[2m=[0m0
[2m2025-03-25T07:54:19.394215Z[0m [32m INFO[0m [1mnode[0m[1m{[0m[3mname[0m[2m=[0mk#addeef94..[1m}[0m[2m:[0m [2msui_core::checkpoints[0m[2m:[0m [2mcrates/sui-core/src/checkpoints/mod.rs[0m[2m:[0m[2m1326:[0m Creating checkpoint(s) for 1 transactions [3mnext_checkpoint_seq[0m[2m=[0m32 [3mcheckpoint_timestamp[0m[2m=[0m1742889258789
[2m2025-03-25T07:54:19.394479Z[0m [32m INFO[0m [1mnode[0m[1m{[0m[3mname[0m[2m=[0mk#addeef94..[1m}[0m[2m:[0m [2msui_core::checkpoints::checkpoint_output[0m[2m:[0m [2mcrates/sui-core/src/checkpoints/checkpoint_output.rs[0m[2m:[0m[2m149:[0m Creating checkpoint CheckpointDigest(EaHmjqL8gB66fM2kVaY1UCCAyayR3tRzJNipvZqnBiJm) at epoch 0, sequence 32, previous digest Some(CheckpointDigest(7u2WZ7sKdtubUL1f1K2qMaRjcYr3gpf61XaHrdgMXRu)), transactions count 1, content digest CheckpointContentsDigest(B264xGWaga99x9pa5BqW6kQ6nuRaRhYAaFYqtmZ3j4KZ), end_of_epoch_data None
[2m2025-03-25T07:54:19.394665Z[0m [32m INFO[0m [1mnode[0m[1m{[0m[3mname[0m[2m=[0mk#8dcff6d1..[1m}[0m[2m:[0m [2msui_core::checkpoints[0m[2m:[0m [2mcrates/sui-core/src/checkpoints/mod.rs[0m[2m:[0m[2m1326:[0m Creating checkpoint(s) for 1 transactions [3mnext_checkpoint_seq[0m[2m=[0m32 [3mcheckpoint_timestamp[0m[2m=[0m1742889258789
[2m2025-03-25T07:54:19.394677Z[0m [32m INFO[0m [1mnode[0m[1m{[0m[3mname[0m[2m=[0mk#99f25ef6..[1m}[0m[2m:[0m [2msui_core::checkpoints[0m[2m:[0m [2mcrates/sui-core/src/checkpoints/mod.rs[0m[2m:[0m[2m1326:[0m Creating checkpoint(s) for 1 transactions [3mnext_checkpoint_seq[0m[2m=[0m32 [3mcheckpoint_timestamp[0m[2m=[0m1742889258789
[2m2025-03-25T07:54:19.394835Z[0m [32m INFO[0m [1mnode[0m[1m{[0m[3mname[0m[2m=[0mk#8dcff6d1..[1m}[0m[2m:[0m [2msui_core::checkpoints::checkpoint_output[0m[2m:[0m [2mcrates/sui-core/src/checkpoints/checkpoint_output.rs[0m[2m:[0m[2m149:[0m Creating checkpoint CheckpointDigest(EaHmjqL8gB66fM2kVaY1UCCAyayR3tRzJNipvZqnBiJm) at epoch 0, sequence 32, previous digest Some(CheckpointDigest(7u2WZ7sKdtubUL1f1K2qMaRjcYr3gpf61XaHrdgMXRu)), transactions count 1, content digest CheckpointContentsDigest(B264xGWaga99x9pa5BqW6kQ6nuRaRhYAaFYqtmZ3j4KZ), end_of_epoch_data None
[2m2025-03-25T07:54:19.394849Z[0m [32m INFO[0m [1mnode[0m[1m{[0m[3mname[0m[2m=[0mk#99f25ef6..[1m}[0m[2m:[0m [2msui_core::checkpoints::checkpoint_output[0m[2m:[0m [2mcrates/sui-core/src/checkpoints/checkpoint_output.rs[0m[2m:[0m[2m149:[0m Creating checkpoint CheckpointDigest(EaHmjqL8gB66fM2kVaY1UCCAyayR3tRzJNipvZqnBiJm) at epoch 0, sequence 32, previous digest Some(CheckpointDigest(7u2WZ7sKdtubUL1f1K2qMaRjcYr3gpf61XaHrdgMXRu)), transactions count 1, content digest CheckpointContentsDigest(B264xGWaga99x9pa5BqW6kQ6nuRaRhYAaFYqtmZ3j4KZ), end_of_epoch_data None
[2m2025-03-25T07:54:19.399182Z[0m [32m INFO[0m [1mnode[0m[1m{[0m[3mname[0m[2m=[0mk#8dcff6d1..[1m}[0m[2m:[0m [2msui_core::checkpoints::checkpoint_output[0m[2m:[0m [2mcrates/sui-core/src/checkpoints/checkpoint_output.rs[0m[2m:[0m[2m196:[0m Certified checkpoint with sequence 30 and digest Mxtn4yjre2BSznZfZLV4WrFoMbLGbjuinAKFVrdp1Ui
[2m2025-03-25T07:54:19.399204Z[0m [32m INFO[0m [1mnode[0m[1m{[0m[3mname[0m[2m=[0mk#8dcff6d1..[1m}[0m[2m:[0m [2msui_core::checkpoints::checkpoint_output[0m[2m:[0m [2mcrates/sui-core/src/checkpoints/checkpoint_output.rs[0m[2m:[0m[2m196:[0m Certified checkpoint with sequence 31 and digest 7u2WZ7sKdtubUL1f1K2qMaRjcYr3gpf61XaHrdgMXRu
[2m2025-03-25T07:54:19.399258Z[0m [32m INFO[0m [1mnode[0m[1m{[0m[3mname[0m[2m=[0mk#99f25ef6..[1m}[0m[2m:[0m [2msui_core::checkpoints::checkpoint_output[0m[2m:[0m [2mcrates/sui-core/src/checkpoints/checkpoint_output.rs[0m[2m:[0m[2m196:[0m Certified checkpoint with sequence 30 and digest Mxtn4yjre2BSznZfZLV4WrFoMbLGbjuinAKFVrdp1Ui
[2m2025-03-25T07:54:19.399277Z[0m [32m INFO[0m [1mnode[0m[1m{[0m[3mname[0m[2m=[0mk#99f25ef6..[1m}[0m[2m:[0m [2msui_core::checkpoints::checkpoint_output[0m[2m:[0m [2mcrates/sui-core/src/checkpoints/checkpoint_output.rs[0m[2m:[0m[2m196:[0m Certified checkpoint with sequence 31 and digest 7u2WZ7sKdtubUL1f1K2qMaRjcYr3gpf61XaHrdgMXRu
[2m2025-03-25T07:54:19.400014Z[0m [32m INFO[0m [1mnode[0m[1m{[0m[3mname[0m[2m=[0mk#8dcff6d1..[1m}[0m[2m:[0m [2msui_core::checkpoints::checkpoint_executor[0m[2m:[0m [2mcrates/sui-core/src/checkpoints/checkpoint_executor/mod.rs[0m[2m:[0m[2m332:[0m Received checkpoint summary from state sync [3msequence_number[0m[2m=[0m30
[2m2025-03-25T07:54:19.400119Z[0m [32m INFO[0m [1mnode[0m[1m{[0m[3mname[0m[2m=[0mk#99f25ef6..[1m}[0m[2m:[0m [2msui_core::checkpoints::checkpoint_executor[0m[2m:[0m [2mcrates/sui-core/src/checkpoints/checkpoint_executor/mod.rs[0m[2m:[0m[2m332:[0m Received checkpoint summary from state sync [3msequence_number[0m[2m=[0m30
[2m2025-03-25T07:54:19.400150Z[0m [32m INFO[0m [1mnode[0m[1m{[0m[3mname[0m[2m=[0mk#8dcff6d1..[1m}[0m[2m:[0m [2msui_core::checkpoints::checkpoint_executor[0m[2m:[0m [2mcrates/sui-core/src/checkpoints/checkpoint_executor/mod.rs[0m[2m:[0m[2m332:[0m Received checkpoint summary from state sync [3msequence_number[0m[2m=[0m31
[2m2025-03-25T07:54:19.400350Z[0m [32m INFO[0m [1mnode[0m[1m{[0m[3mname[0m[2m=[0mk#99f25ef6..[1m}[0m[2m:[0m [2msui_core::checkpoints::checkpoint_executor[0m[2m:[0m [2mcrates/sui-core/src/checkpoints/checkpoint_executor/mod.rs[0m[2m:[0m[2m332:[0m Received checkpoint summary from state sync [3msequence_number[0m[2m=[0m31
[2m2025-03-25T07:54:19.401957Z[0m [32m INFO[0m [1mnode[0m[1m{[0m[3mname[0m[2m=[0mk#8dcff6d1..[1m}[0m[2m:[0m [2msui_core::state_accumulator[0m[2m:[0m [2mcrates/sui-core/src/state_accumulator.rs[0m[2m:[0m[2m675:[0m accumulating running root for checkpoint 30
[2m2025-03-25T07:54:19.401957Z[0m [32m INFO[0m [1mnode[0m[1m{[0m[3mname[0m[2m=[0mk#99f25ef6..[1m}[0m[2m:[0m [2msui_core::state_accumulator[0m[2m:[0m [2mcrates/sui-core/src/state_accumulator.rs[0m[2m:[0m[2m675:[0m accumulating running root for checkpoint 30
[2m2025-03-25T07:54:19.402412Z[0m [32m INFO[0m [1mnode[0m[1m{[0m[3mname[0m[2m=[0mk#99f25ef6..[1m}[0m[2m:[0m [2msui_core::state_accumulator[0m[2m:[0m [2mcrates/sui-core/src/state_accumulator.rs[0m[2m:[0m[2m675:[0m accumulating running root for checkpoint 31
[2m2025-03-25T07:54:19.402413Z[0m [32m INFO[0m [1mnode[0m[1m{[0m[3mname[0m[2m=[0mk#8dcff6d1..[1m}[0m[2m:[0m [2msui_core::state_accumulator[0m[2m:[0m [2mcrates/sui-core/src/state_accumulator.rs[0m[2m:[0m[2m675:[0m accumulating running root for checkpoint 31
[2m2025-03-25T07:54:19.499559Z[0m [32m INFO[0m [1mnode[0m[1m{[0m[3mname[0m[2m=[0mk#addeef94..[1m}[0m[2m:[0m [2msui_core::checkpoints[0m[2m:[0m [2mcrates/sui-core/src/checkpoints/mod.rs[0m[2m:[0m[2m1326:[0m Creating checkpoint(s) for 1 transactions [3mnext_checkpoint_seq[0m[2m=[0m33 [3mcheckpoint_timestamp[0m[2m=[0m1742889258789
[2m2025-03-25T07:54:19.499829Z[0m [32m INFO[0m [1mnode[0m[1m{[0m[3mname[0m[2m=[0mk#addeef94..[1m}[0m[2m:[0m [2msui_core::checkpoints::checkpoint_output[0m[2m:[0m [2mcrates/sui-core/src/checkpoints/checkpoint_output.rs[0m[2m:[0m[2m149:[0m Creating checkpoint CheckpointDigest(2yVGWjvVvwuF7ugKsWjSCRxBYzNk7R58LFyMpB2HvXDb) at epoch 0, sequence 33, previous digest Some(CheckpointDigest(EaHmjqL8gB66fM2kVaY1UCCAyayR3tRzJNipvZqnBiJm)), transactions count 1, content digest CheckpointContentsDigest(Gc2N4p3vr8x3WY3jTaD7VnLCXk1p9XTrst6xzKqwjdGA), end_of_epoch_data None
[2m2025-03-25T07:54:19.502183Z[0m [32m INFO[0m [1mnode[0m[1m{[0m[3mname[0m[2m=[0mk#99f25ef6..[1m}[0m[2m:[0m [2msui_core::checkpoints[0m[2m:[0m [2mcrates/sui-core/src/checkpoints/mod.rs[0m[2m:[0m[2m1326:[0m Creating checkpoint(s) for 1 transactions [3mnext_checkpoint_seq[0m[2m=[0m33 [3mcheckpoint_timestamp[0m[2m=[0m1742889258789
[2m2025-03-25T07:54:19.502375Z[0m [32m INFO[0m [1mnode[0m[1m{[0m[3mname[0m[2m=[0mk#99f25ef6..[1m}[0m[2m:[0m [2msui_core::checkpoints::checkpoint_output[0m[2m:[0m [2mcrates/sui-core/src/checkpoints/checkpoint_output.rs[0m[2m:[0m[2m149:[0m Creating checkpoint CheckpointDigest(2yVGWjvVvwuF7ugKsWjSCRxBYzNk7R58LFyMpB2HvXDb) at epoch 0, sequence 33, previous digest Some(CheckpointDigest(EaHmjqL8gB66fM2kVaY1UCCAyayR3tRzJNipvZqnBiJm)), transactions count 1, content digest CheckpointContentsDigest(Gc2N4p3vr8x3WY3jTaD7VnLCXk1p9XTrst6xzKqwjdGA), end_of_epoch_data None
[2m2025-03-25T07:54:19.509653Z[0m [32m INFO[0m [1mnode[0m[1m{[0m[3mname[0m[2m=[0mk#8dcff6d1..[1m}[0m[2m:[0m [2msui_core::checkpoints[0m[2m:[0m [2mcrates/sui-core/src/checkpoints/mod.rs[0m[2m:[0m[2m1326:[0m Creating checkpoint(s) for 1 transactions [3mnext_checkpoint_seq[0m[2m=[0m33 [3mcheckpoint_timestamp[0m[2m=[0m1742889258789
[2m2025-03-25T07:54:19.509850Z[0m [32m INFO[0m [1mnode[0m[1m{[0m[3mname[0m[2m=[0mk#8dcff6d1..[1m}[0m[2m:[0m [2msui_core::checkpoints::checkpoint_output[0m[2m:[0m [2mcrates/sui-core/src/checkpoints/checkpoint_output.rs[0m[2m:[0m[2m149:[0m Creating checkpoint CheckpointDigest(2yVGWjvVvwuF7ugKsWjSCRxBYzNk7R58LFyMpB2HvXDb) at epoch 0, sequence 33, previous digest Some(CheckpointDigest(EaHmjqL8gB66fM2kVaY1UCCAyayR3tRzJNipvZqnBiJm)), transactions count 1, content digest CheckpointContentsDigest(Gc2N4p3vr8x3WY3jTaD7VnLCXk1p9XTrst6xzKqwjdGA), end_of_epoch_data None
[2m2025-03-25T07:54:19.511788Z[0m [32m INFO[0m [1mnode[0m[1m{[0m[3mname[0m[2m=[0mk#addeef94..[1m}[0m[2m:[0m [2msui_core::checkpoints::checkpoint_executor[0m[2m:[0m [2mcrates/sui-core/src/checkpoints/checkpoint_executor/mod.rs[0m[2m:[0m[2m332:[0m Received checkpoint summary from state sync [3msequence_number[0m[2m=[0m30
[2m2025-03-25T07:54:19.511922Z[0m [32m INFO[0m [1mnode[0m[1m{[0m[3mname[0m[2m=[0mk#addeef94..[1m}[0m[2m:[0m [2msui_core::checkpoints::checkpoint_executor[0m[2m:[0m [2mcrates/sui-core/src/checkpoints/checkpoint_executor/mod.rs[0m[2m:[0m[2m332:[0m Received checkpoint summary from state sync [3msequence_number[0m[2m=[0m31
[2m2025-03-25T07:54:19.513176Z[0m [32m INFO[0m [1mnode[0m[1m{[0m[3mname[0m[2m=[0mk#addeef94..[1m}[0m[2m:[0m [2msui_core::state_accumulator[0m[2m:[0m [2mcrates/sui-core/src/state_accumulator.rs[0m[2m:[0m[2m675:[0m accumulating running root for checkpoint 30
[2m2025-03-25T07:54:19.513595Z[0m [32m INFO[0m [1mnode[0m[1m{[0m[3mname[0m[2m=[0mk#addeef94..[1m}[0m[2m:[0m [2msui_core::state_accumulator[0m[2m:[0m [2mcrates/sui-core/src/state_accumulator.rs[0m[2m:[0m[2m675:[0m accumulating running root for checkpoint 31
[2m2025-03-25T07:54:19.554570Z[0m [32m INFO[0m [1mnode[0m[1m{[0m[3mname[0m[2m=[0mk#8dcff6d1..[1m}[0m[2m:[0m [2mconsensus_core::core[0m[2m:[0m [2mconsensus/core/src/core.rs[0m[2m:[0m[2m531:[0m Created block B24(A,pYuYY1L4xGJ0mSGAIN6YdXQ8nh3O7ow/YP9LJtzBGQo=)(1742889259554ms;[B23(A,qGGfMZvGeYo6NdzXoF29KS6z8CLcjgLDV7Or/7f5UIw=), B23(B,B5SwyPQcltRqkk6Axm7zGW5j1uiMpbV0pN3FFOTZ1G4=), B23(C,7ZhY+5lBqAxJSa52CVjG4lzr/3Etly8+qGuVM+U1F+Q=)];2t;1c) for round 24
[2m2025-03-25T07:54:19.556811Z[0m [32m INFO[0m [1mnode[0m[1m{[0m[3mname[0m[2m=[0mk#addeef94..[1m}[0m[2m:[0m [2mconsensus_core::core[0m[2m:[0m [2mconsensus/core/src/core.rs[0m[2m:[0m[2m531:[0m Created block B24(C,t/x8fNX9TKZXZHBeMwtxn9I5+iaOYU51IHCtLflRo5c=)(1742889259556ms;[B23(C,7ZhY+5lBqAxJSa52CVjG4lzr/3Etly8+qGuVM+U1F+Q=), B23(A,qGGfMZvGeYo6NdzXoF29KS6z8CLcjgLDV7Or/7f5UIw=), B23(B,B5SwyPQcltRqkk6Axm7zGW5j1uiMpbV0pN3FFOTZ1G4=)];2t;1c) for round 24
[2m2025-03-25T07:54:19.556977Z[0m [32m INFO[0m [1mnode[0m[1m{[0m[3mname[0m[2m=[0mk#addeef94..[1m}[0m[2m:[0m [2mconsensus_core::core[0m[2m:[0m [2mconsensus/core/src/core.rs[0m[2m:[0m[2m630:[0m Committing 1 leaders: B22(C,33lt)
[2m2025-03-25T07:54:19.557062Z[0m [32m INFO[0m [1mnode[0m[1m{[0m[3mname[0m[2m=[0mk#addeef94..[1m}[0m[2m:[0m [2mconsensus_core::commit_observer[0m[2m:[0m [2mconsensus/core/src/commit_observer.rs[0m[2m:[0m[2m173:[0m Consensus commit C21(S56g) with leader B22(C,33lt) has 3 blocks
[2m2025-03-25T07:54:19.557471Z[0m [32m INFO[0m [1mnode[0m[1m{[0m[3mname[0m[2m=[0mk#99f25ef6..[1m}[0m[2m:[0m [2mconsensus_core::core[0m[2m:[0m [2mconsensus/core/src/core.rs[0m[2m:[0m[2m531:[0m Created block B24(B,REmQQItFEYizFmB6/pZhJ3tH1LVzDCE+rp865krpxb0=)(1742889259557ms;[B23(B,B5SwyPQcltRqkk6Axm7zGW5j1uiMpbV0pN3FFOTZ1G4=), B23(A,qGGfMZvGeYo6NdzXoF29KS6z8CLcjgLDV7Or/7f5UIw=), B23(C,7ZhY+5lBqAxJSa52CVjG4lzr/3Etly8+qGuVM+U1F+Q=)];2t;1c) for round 24
[2m2025-03-25T07:54:19.557476Z[0m [32m INFO[0m [1mnode[0m[1m{[0m[3mname[0m[2m=[0mk#addeef94..[1m}[0m[2m:[0m [2msui_core::consensus_handler[0m[2m:[0m [2mcrates/sui-core/src/consensus_handler.rs[0m[2m:[0m[2m232:[0m Received consensus output [3mconsensus_commit[0m[2m=[0mCommittedSubDag(leader=B22(C,33lt), ref=C21(S56g), blocks=[llNj, wk8l, 33lt]) [3mepoch[0m[2m=[0m0
[2m2025-03-25T07:54:19.560339Z[0m [32m INFO[0m [1mnode[0m[1m{[0m[3mname[0m[2m=[0mk#8dcff6d1..[1m}[0m[2m:[0m [2mconsensus_core::core[0m[2m:[0m [2mconsensus/core/src/core.rs[0m[2m:[0m[2m630:[0m Committing 1 leaders: B22(C,33lt)
[2m2025-03-25T07:54:19.560343Z[0m [32m INFO[0m [1mnode[0m[1m{[0m[3mname[0m[2m=[0mk#99f25ef6..[1m}[0m[2m:[0m [2mconsensus_core::core[0m[2m:[0m [2mconsensus/core/src/core.rs[0m[2m:[0m[2m630:[0m Committing 1 leaders: B22(C,33lt)
[2m2025-03-25T07:54:19.560421Z[0m [32m INFO[0m [1mnode[0m[1m{[0m[3mname[0m[2m=[0mk#8dcff6d1..[1m}[0m[2m:[0m [2mconsensus_core::commit_observer[0m[2m:[0m [2mconsensus/core/src/commit_observer.rs[0m[2m:[0m[2m173:[0m Consensus commit C21(S56g) with leader B22(C,33lt) has 3 blocks
[2m2025-03-25T07:54:19.560423Z[0m [32m INFO[0m [1mnode[0m[1m{[0m[3mname[0m[2m=[0mk#99f25ef6..[1m}[0m[2m:[0m [2mconsensus_core::commit_observer[0m[2m:[0m [2mconsensus/core/src/commit_observer.rs[0m[2m:[0m[2m173:[0m Consensus commit C21(S56g) with leader B22(C,33lt) has 3 blocks
[2m2025-03-25T07:54:19.560493Z[0m [32m INFO[0m [1mnode[0m[1m{[0m[3mname[0m[2m=[0mk#8dcff6d1..[1m}[0m[2m:[0m [2msui_core::consensus_handler[0m[2m:[0m [2mcrates/sui-core/src/consensus_handler.rs[0m[2m:[0m[2m232:[0m Received consensus output [3mconsensus_commit[0m[2m=[0mCommittedSubDag(leader=B22(C,33lt), ref=C21(S56g), blocks=[llNj, wk8l, 33lt]) [3mepoch[0m[2m=[0m0
[2m2025-03-25T07:54:19.560493Z[0m [32m INFO[0m [1mnode[0m[1m{[0m[3mname[0m[2m=[0mk#99f25ef6..[1m}[0m[2m:[0m [2msui_core::consensus_handler[0m[2m:[0m [2mcrates/sui-core/src/consensus_handler.rs[0m[2m:[0m[2m232:[0m Received consensus output [3mconsensus_commit[0m[2m=[0mCommittedSubDag(leader=B22(C,33lt), ref=C21(S56g), blocks=[llNj, wk8l, 33lt]) [3mepoch[0m[2m=[0m0
[2m2025-03-25T07:54:19.647529Z[0m [32m INFO[0m [1mnode[0m[1m{[0m[3mname[0m[2m=[0mk#8dcff6d1..[1m}[0m[2m:[0m [2msui_core::checkpoints[0m[2m:[0m [2mcrates/sui-core/src/checkpoints/mod.rs[0m[2m:[0m[2m1326:[0m Creating checkpoint(s) for 1 transactions [3mnext_checkpoint_seq[0m[2m=[0m34 [3mcheckpoint_timestamp[0m[2m=[0m1742889259044
[2m2025-03-25T07:54:19.647529Z[0m [32m INFO[0m [1mnode[0m[1m{[0m[3mname[0m[2m=[0mk#addeef94..[1m}[0m[2m:[0m [2msui_core::checkpoints[0m[2m:[0m [2mcrates/sui-core/src/checkpoints/mod.rs[0m[2m:[0m[2m1326:[0m Creating checkpoint(s) for 1 transactions [3mnext_checkpoint_seq[0m[2m=[0m34 [3mcheckpoint_timestamp[0m[2m=[0m1742889259044
[2m2025-03-25T07:54:19.647771Z[0m [32m INFO[0m [1mnode[0m[1m{[0m[3mname[0m[2m=[0mk#8dcff6d1..[1m}[0m[2m:[0m [2msui_core::checkpoints::checkpoint_output[0m[2m:[0m [2mcrates/sui-core/src/checkpoints/checkpoint_output.rs[0m[2m:[0m[2m149:[0m Creating checkpoint CheckpointDigest(5JPzWVzSi19cD5EBonJeE7QKTTzy6LsK39vBhFEpaefR) at epoch 0, sequence 34, previous digest Some(CheckpointDigest(2yVGWjvVvwuF7ugKsWjSCRxBYzNk7R58LFyMpB2HvXDb)), transactions count 1, content digest CheckpointContentsDigest(4RYKxKaXD6AJsE8Wg9aUdQy4F8JpREEP8JDV75HA8J4w), end_of_epoch_data None
[2m2025-03-25T07:54:19.647771Z[0m [32m INFO[0m [1mnode[0m[1m{[0m[3mname[0m[2m=[0mk#addeef94..[1m}[0m[2m:[0m [2msui_core::checkpoints::checkpoint_output[0m[2m:[0m [2mcrates/sui-core/src/checkpoints/checkpoint_output.rs[0m[2m:[0m[2m149:[0m Creating checkpoint CheckpointDigest(5JPzWVzSi19cD5EBonJeE7QKTTzy6LsK39vBhFEpaefR) at epoch 0, sequence 34, previous digest Some(CheckpointDigest(2yVGWjvVvwuF7ugKsWjSCRxBYzNk7R58LFyMpB2HvXDb)), transactions count 1, content digest CheckpointContentsDigest(4RYKxKaXD6AJsE8Wg9aUdQy4F8JpREEP8JDV75HA8J4w), end_of_epoch_data None
[2m2025-03-25T07:54:19.648052Z[0m [32m INFO[0m [1mnode[0m[1m{[0m[3mname[0m[2m=[0mk#99f25ef6..[1m}[0m[2m:[0m [2msui_core::checkpoints[0m[2m:[0m [2mcrates/sui-core/src/checkpoints/mod.rs[0m[2m:[0m[2m1326:[0m Creating checkpoint(s) for 1 transactions [3mnext_checkpoint_seq[0m[2m=[0m34 [3mcheckpoint_timestamp[0m[2m=[0m1742889259044
[2m2025-03-25T07:54:19.648218Z[0m [32m INFO[0m [1mnode[0m[1m{[0m[3mname[0m[2m=[0mk#99f25ef6..[1m}[0m[2m:[0m [2msui_core::checkpoints::checkpoint_output[0m[2m:[0m [2mcrates/sui-core/src/checkpoints/checkpoint_output.rs[0m[2m:[0m[2m149:[0m Creating checkpoint CheckpointDigest(5JPzWVzSi19cD5EBonJeE7QKTTzy6LsK39vBhFEpaefR) at epoch 0, sequence 34, previous digest Some(CheckpointDigest(2yVGWjvVvwuF7ugKsWjSCRxBYzNk7R58LFyMpB2HvXDb)), transactions count 1, content digest CheckpointContentsDigest(4RYKxKaXD6AJsE8Wg9aUdQy4F8JpREEP8JDV75HA8J4w), end_of_epoch_data None
[2m2025-03-25T07:54:19.652346Z[0m [32m INFO[0m [1mnode[0m[1m{[0m[3mname[0m[2m=[0mk#8dcff6d1..[1m}[0m[2m:[0m [2msui_core::checkpoints::checkpoint_output[0m[2m:[0m [2mcrates/sui-core/src/checkpoints/checkpoint_output.rs[0m[2m:[0m[2m196:[0m Certified checkpoint with sequence 32 and digest EaHmjqL8gB66fM2kVaY1UCCAyayR3tRzJNipvZqnBiJm
[2m2025-03-25T07:54:19.652369Z[0m [32m INFO[0m [1mnode[0m[1m{[0m[3mname[0m[2m=[0mk#8dcff6d1..[1m}[0m[2m:[0m [2msui_core::checkpoints::checkpoint_output[0m[2m:[0m [2mcrates/sui-core/src/checkpoints/checkpoint_output.rs[0m[2m:[0m[2m196:[0m Certified checkpoint with sequence 33 and digest 2yVGWjvVvwuF7ugKsWjSCRxBYzNk7R58LFyMpB2HvXDb
[2m2025-03-25T07:54:19.652573Z[0m [32m INFO[0m [1mnode[0m[1m{[0m[3mname[0m[2m=[0mk#99f25ef6..[1m}[0m[2m:[0m [2msui_core::checkpoints::checkpoint_output[0m[2m:[0m [2mcrates/sui-core/src/checkpoints/checkpoint_output.rs[0m[2m:[0m[2m196:[0m Certified checkpoint with sequence 32 and digest EaHmjqL8gB66fM2kVaY1UCCAyayR3tRzJNipvZqnBiJm
[2m2025-03-25T07:54:19.652592Z[0m [32m INFO[0m [1mnode[0m[1m{[0m[3mname[0m[2m=[0mk#99f25ef6..[1m}[0m[2m:[0m [2msui_core::checkpoints::checkpoint_output[0m[2m:[0m [2mcrates/sui-core/src/checkpoints/checkpoint_output.rs[0m[2m:[0m[2m196:[0m Certified checkpoint with sequence 33 and digest 2yVGWjvVvwuF7ugKsWjSCRxBYzNk7R58LFyMpB2HvXDb
[2m2025-03-25T07:54:19.653185Z[0m [32m INFO[0m [1mnode[0m[1m{[0m[3mname[0m[2m=[0mk#8dcff6d1..[1m}[0m[2m:[0m [2msui_core::checkpoints::checkpoint_executor[0m[2m:[0m [2mcrates/sui-core/src/checkpoints/checkpoint_executor/mod.rs[0m[2m:[0m[2m332:[0m Received checkpoint summary from state sync [3msequence_number[0m[2m=[0m32
[2m2025-03-25T07:54:19.653316Z[0m [32m INFO[0m [1mnode[0m[1m{[0m[3mname[0m[2m=[0mk#8dcff6d1..[1m}[0m[2m:[0m [2msui_core::checkpoints::checkpoint_executor[0m[2m:[0m [2mcrates/sui-core/src/checkpoints/checkpoint_executor/mod.rs[0m[2m:[0m[2m332:[0m Received checkpoint summary from state sync [3msequence_number[0m[2m=[0m33
[2m2025-03-25T07:54:19.653412Z[0m [32m INFO[0m [1mnode[0m[1m{[0m[3mname[0m[2m=[0mk#99f25ef6..[1m}[0m[2m:[0m [2msui_core::checkpoints::checkpoint_executor[0m[2m:[0m [2mcrates/sui-core/src/checkpoints/checkpoint_executor/mod.rs[0m[2m:[0m[2m332:[0m Received checkpoint summary from state sync [3msequence_number[0m[2m=[0m32
[2m2025-03-25T07:54:19.653528Z[0m [32m INFO[0m [1mnode[0m[1m{[0m[3mname[0m[2m=[0mk#99f25ef6..[1m}[0m[2m:[0m [2msui_core::checkpoints::checkpoint_executor[0m[2m:[0m [2mcrates/sui-core/src/checkpoints/checkpoint_executor/mod.rs[0m[2m:[0m[2m332:[0m Received checkpoint summary from state sync [3msequence_number[0m[2m=[0m33
[2m2025-03-25T07:54:19.655030Z[0m [32m INFO[0m [1mnode[0m[1m{[0m[3mname[0m[2m=[0mk#8dcff6d1..[1m}[0m[2m:[0m [2msui_core::state_accumulator[0m[2m:[0m [2mcrates/sui-core/src/state_accumulator.rs[0m[2m:[0m[2m675:[0m accumulating running root for checkpoint 32
[2m2025-03-25T07:54:19.655086Z[0m [32m INFO[0m [1mnode[0m[1m{[0m[3mname[0m[2m=[0mk#99f25ef6..[1m}[0m[2m:[0m [2msui_core::state_accumulator[0m[2m:[0m [2mcrates/sui-core/src/state_accumulator.rs[0m[2m:[0m[2m675:[0m accumulating running root for checkpoint 32
[2m2025-03-25T07:54:19.655477Z[0m [32m INFO[0m [1mnode[0m[1m{[0m[3mname[0m[2m=[0mk#8dcff6d1..[1m}[0m[2m:[0m [2msui_core::state_accumulator[0m[2m:[0m [2mcrates/sui-core/src/state_accumulator.rs[0m[2m:[0m[2m675:[0m accumulating running root for checkpoint 33
[2m2025-03-25T07:54:19.655511Z[0m [32m INFO[0m [1mnode[0m[1m{[0m[3mname[0m[2m=[0mk#99f25ef6..[1m}[0m[2m:[0m [2msui_core::state_accumulator[0m[2m:[0m [2mcrates/sui-core/src/state_accumulator.rs[0m[2m:[0m[2m675:[0m accumulating running root for checkpoint 33
[2m2025-03-25T07:54:19.754080Z[0m [32m INFO[0m [1mnode[0m[1m{[0m[3mname[0m[2m=[0mk#addeef94..[1m}[0m[2m:[0m [2msui_core::checkpoints[0m[2m:[0m [2mcrates/sui-core/src/checkpoints/mod.rs[0m[2m:[0m[2m1326:[0m Creating checkpoint(s) for 1 transactions [3mnext_checkpoint_seq[0m[2m=[0m35 [3mcheckpoint_timestamp[0m[2m=[0m1742889259044
[2m2025-03-25T07:54:19.754364Z[0m [32m INFO[0m [1mnode[0m[1m{[0m[3mname[0m[2m=[0mk#addeef94..[1m}[0m[2m:[0m [2msui_core::checkpoints::checkpoint_output[0m[2m:[0m [2mcrates/sui-core/src/checkpoints/checkpoint_output.rs[0m[2m:[0m[2m149:[0m Creating checkpoint CheckpointDigest(GCGJrABc6XdM2X8Uz8nE8kwP6mJC1GyZTLzpWHqhZdmA) at epoch 0, sequence 35, previous digest Some(CheckpointDigest(5JPzWVzSi19cD5EBonJeE7QKTTzy6LsK39vBhFEpaefR)), transactions count 1, content digest CheckpointContentsDigest(6g2LaGjj946q3mq9pmbap73ZcbK5JevRfDuuZyq9ioDk), end_of_epoch_data None
[2m2025-03-25T07:54:19.754945Z[0m [32m INFO[0m [1mnode[0m[1m{[0m[3mname[0m[2m=[0mk#8dcff6d1..[1m}[0m[2m:[0m [2msui_core::checkpoints[0m[2m:[0m [2mcrates/sui-core/src/checkpoints/mod.rs[0m[2m:[0m[2m1326:[0m Creating checkpoint(s) for 1 transactions [3mnext_checkpoint_seq[0m[2m=[0m35 [3mcheckpoint_timestamp[0m[2m=[0m1742889259044
[2m2025-03-25T07:54:19.755133Z[0m [32m INFO[0m [1mnode[0m[1m{[0m[3mname[0m[2m=[0mk#8dcff6d1..[1m}[0m[2m:[0m [2msui_core::checkpoints::checkpoint_output[0m[2m:[0m [2mcrates/sui-core/src/checkpoints/checkpoint_output.rs[0m[2m:[0m[2m149:[0m Creating checkpoint CheckpointDigest(GCGJrABc6XdM2X8Uz8nE8kwP6mJC1GyZTLzpWHqhZdmA) at epoch 0, sequence 35, previous digest Some(CheckpointDigest(5JPzWVzSi19cD5EBonJeE7QKTTzy6LsK39vBhFEpaefR)), transactions count 1, content digest CheckpointContentsDigest(6g2LaGjj946q3mq9pmbap73ZcbK5JevRfDuuZyq9ioDk), end_of_epoch_data None
[2m2025-03-25T07:54:19.761899Z[0m [32m INFO[0m [1mnode[0m[1m{[0m[3mname[0m[2m=[0mk#99f25ef6..[1m}[0m[2m:[0m [2msui_core::checkpoints[0m[2m:[0m [2mcrates/sui-core/src/checkpoints/mod.rs[0m[2m:[0m[2m1326:[0m Creating checkpoint(s) for 1 transactions [3mnext_checkpoint_seq[0m[2m=[0m35 [3mcheckpoint_timestamp[0m[2m=[0m1742889259044
[2m2025-03-25T07:54:19.762081Z[0m [32m INFO[0m [1mnode[0m[1m{[0m[3mname[0m[2m=[0mk#99f25ef6..[1m}[0m[2m:[0m [2msui_core::checkpoints::checkpoint_output[0m[2m:[0m [2mcrates/sui-core/src/checkpoints/checkpoint_output.rs[0m[2m:[0m[2m149:[0m Creating checkpoint CheckpointDigest(GCGJrABc6XdM2X8Uz8nE8kwP6mJC1GyZTLzpWHqhZdmA) at epoch 0, sequence 35, previous digest Some(CheckpointDigest(5JPzWVzSi19cD5EBonJeE7QKTTzy6LsK39vBhFEpaefR)), transactions count 1, content digest CheckpointContentsDigest(6g2LaGjj946q3mq9pmbap73ZcbK5JevRfDuuZyq9ioDk), end_of_epoch_data None
[2m2025-03-25T07:54:19.763245Z[0m [32m INFO[0m [1mnode[0m[1m{[0m[3mname[0m[2m=[0mk#99f25ef6..[1m}[0m[2m:[0m [2mconsensus_core::commit_syncer[0m[2m:[0m [2mconsensus/core/src/commit_syncer.rs[0m[2m:[0m[2m196:[0m Checking to schedule fetches: synced_commit_index=21, highest_handled_index=21, highest_scheduled_index=0, quorum_commit_index=20, unhandled_commits_threshold=3200
[2m2025-03-25T07:54:19.766185Z[0m [32m INFO[0m [1mnode[0m[1m{[0m[3mname[0m[2m=[0mk#addeef94..[1m}[0m[2m:[0m [2msui_core::checkpoints::checkpoint_executor[0m[2m:[0m [2mcrates/sui-core/src/checkpoints/checkpoint_executor/mod.rs[0m[2m:[0m[2m332:[0m Received checkpoint summary from state sync [3msequence_number[0m[2m=[0m32
[2m2025-03-25T07:54:19.766320Z[0m [32m INFO[0m [1mnode[0m[1m{[0m[3mname[0m[2m=[0mk#addeef94..[1m}[0m[2m:[0m [2msui_core::checkpoints::checkpoint_executor[0m[2m:[0m [2mcrates/sui-core/src/checkpoints/checkpoint_executor/mod.rs[0m[2m:[0m[2m332:[0m Received checkpoint summary from state sync [3msequence_number[0m[2m=[0m33
[2m2025-03-25T07:54:19.767582Z[0m [32m INFO[0m [1mnode[0m[1m{[0m[3mname[0m[2m=[0mk#addeef94..[1m}[0m[2m:[0m [2msui_core::state_accumulator[0m[2m:[0m [2mcrates/sui-core/src/state_accumulator.rs[0m[2m:[0m[2m675:[0m accumulating running root for checkpoint 32
[2m2025-03-25T07:54:19.768005Z[0m [32m INFO[0m [1mnode[0m[1m{[0m[3mname[0m[2m=[0mk#addeef94..[1m}[0m[2m:[0m [2msui_core::state_accumulator[0m[2m:[0m [2mcrates/sui-core/src/state_accumulator.rs[0m[2m:[0m[2m675:[0m accumulating running root for checkpoint 33
[2m2025-03-25T07:54:19.809269Z[0m [32m INFO[0m [1mnode[0m[1m{[0m[3mname[0m[2m=[0mk#addeef94..[1m}[0m[2m:[0m [2mconsensus_core::core[0m[2m:[0m [2mconsensus/core/src/core.rs[0m[2m:[0m[2m531:[0m Created block B25(C,3wlghzac6tH4LfKbuHRv63y+E5zzbYW9HJoPHDUfhHE=)(1742889259808ms;[B24(C,t/x8fNX9TKZXZHBeMwtxn9I5+iaOYU51IHCtLflRo5c=), B24(A,pYuYY1L4xGJ0mSGAIN6YdXQ8nh3O7ow/YP9LJtzBGQo=), B24(B,REmQQItFEYizFmB6/pZhJ3tH1LVzDCE+rp865krpxb0=)];2t;1c) for round 25
[2m2025-03-25T07:54:19.811925Z[0m [32m INFO[0m [1mnode[0m[1m{[0m[3mname[0m[2m=[0mk#8dcff6d1..[1m}[0m[2m:[0m [2mconsensus_core::core[0m[2m:[0m [2mconsensus/core/src/core.rs[0m[2m:[0m[2m531:[0m Created block B25(A,794EerLroOWHJU5Vb7iddwK5wKE6DeXY7COAVve5pgk=)(1742889259811ms;[B24(A,pYuYY1L4xGJ0mSGAIN6YdXQ8nh3O7ow/YP9LJtzBGQo=), B24(B,REmQQItFEYizFmB6/pZhJ3tH1LVzDCE+rp865krpxb0=), B24(C,t/x8fNX9TKZXZHBeMwtxn9I5+iaOYU51IHCtLflRo5c=)];2t;1c) for round 25
[2m2025-03-25T07:54:19.811926Z[0m [32m INFO[0m [1mnode[0m[1m{[0m[3mname[0m[2m=[0mk#99f25ef6..[1m}[0m[2m:[0m [2mconsensus_core::core[0m[2m:[0m [2mconsensus/core/src/core.rs[0m[2m:[0m[2m531:[0m Created block B25(B,itLb9Yql2mXo24zmyFQcOMzE8Gi3r2DkZDeoAI4QA/Y=)(1742889259811ms;[B24(B,REmQQItFEYizFmB6/pZhJ3tH1LVzDCE+rp865krpxb0=), B24(A,pYuYY1L4xGJ0mSGAIN6YdXQ8nh3O7ow/YP9LJtzBGQo=), B24(C,t/x8fNX9TKZXZHBeMwtxn9I5+iaOYU51IHCtLflRo5c=)];2t;1c) for round 25
[2m2025-03-25T07:54:19.812009Z[0m [32m INFO[0m [1mnode[0m[1m{[0m[3mname[0m[2m=[0mk#8dcff6d1..[1m}[0m[2m:[0m [2mconsensus_core::core[0m[2m:[0m [2mconsensus/core/src/core.rs[0m[2m:[0m[2m630:[0m Committing 1 leaders: B23(C,7ZhY)
[2m2025-03-25T07:54:19.812009Z[0m [32m INFO[0m [1mnode[0m[1m{[0m[3mname[0m[2m=[0mk#99f25ef6..[1m}[0m[2m:[0m [2mconsensus_core::core[0m[2m:[0m [2mconsensus/core/src/core.rs[0m[2m:[0m[2m630:[0m Committing 1 leaders: B23(C,7ZhY)
[2m2025-03-25T07:54:19.812077Z[0m [32m INFO[0m [1mnode[0m[1m{[0m[3mname[0m[2m=[0mk#99f25ef6..[1m}[0m[2m:[0m [2mconsensus_core::commit_observer[0m[2m:[0m [2mconsensus/core/src/commit_observer.rs[0m[2m:[0m[2m173:[0m Consensus commit C22(usPV) with leader B23(C,7ZhY) has 3 blocks
[2m2025-03-25T07:54:19.812077Z[0m [32m INFO[0m [1mnode[0m[1m{[0m[3mname[0m[2m=[0mk#8dcff6d1..[1m}[0m[2m:[0m [2mconsensus_core::commit_observer[0m[2m:[0m [2mconsensus/core/src/commit_observer.rs[0m[2m:[0m[2m173:[0m Consensus commit C22(usPV) with leader B23(C,7ZhY) has 3 blocks
[2m2025-03-25T07:54:19.812165Z[0m [32m INFO[0m [1mnode[0m[1m{[0m[3mname[0m[2m=[0mk#8dcff6d1..[1m}[0m[2m:[0m [2msui_core::consensus_handler[0m[2m:[0m [2mcrates/sui-core/src/consensus_handler.rs[0m[2m:[0m[2m232:[0m Received consensus output [3mconsensus_commit[0m[2m=[0mCommittedSubDag(leader=B23(C,7ZhY), ref=C22(usPV), blocks=[msRe, dAKW, 7ZhY]) [3mepoch[0m[2m=[0m0
[2m2025-03-25T07:54:19.812165Z[0m [32m INFO[0m [1mnode[0m[1m{[0m[3mname[0m[2m=[0mk#99f25ef6..[1m}[0m[2m:[0m [2msui_core::consensus_handler[0m[2m:[0m [2mcrates/sui-core/src/consensus_handler.rs[0m[2m:[0m[2m232:[0m Received consensus output [3mconsensus_commit[0m[2m=[0mCommittedSubDag(leader=B23(C,7ZhY), ref=C22(usPV), blocks=[msRe, dAKW, 7ZhY]) [3mepoch[0m[2m=[0m0
[2m2025-03-25T07:54:19.815196Z[0m [32m INFO[0m [1mnode[0m[1m{[0m[3mname[0m[2m=[0mk#addeef94..[1m}[0m[2m:[0m [2mconsensus_core::core[0m[2m:[0m [2mconsensus/core/src/core.rs[0m[2m:[0m[2m630:[0m Committing 1 leaders: B23(C,7ZhY)
[2m2025-03-25T07:54:19.815282Z[0m [32m INFO[0m [1mnode[0m[1m{[0m[3mname[0m[2m=[0mk#addeef94..[1m}[0m[2m:[0m [2mconsensus_core::commit_observer[0m[2m:[0m [2mconsensus/core/src/commit_observer.rs[0m[2m:[0m[2m173:[0m Consensus commit C22(usPV) with leader B23(C,7ZhY) has 3 blocks
[2m2025-03-25T07:54:19.815356Z[0m [32m INFO[0m [1mnode[0m[1m{[0m[3mname[0m[2m=[0mk#addeef94..[1m}[0m[2m:[0m [2msui_core::consensus_handler[0m[2m:[0m [2mcrates/sui-core/src/consensus_handler.rs[0m[2m:[0m[2m232:[0m Received consensus output [3mconsensus_commit[0m[2m=[0mCommittedSubDag(leader=B23(C,7ZhY), ref=C22(usPV), blocks=[msRe, dAKW, 7ZhY]) [3mepoch[0m[2m=[0m0
[2m2025-03-25T07:54:19.912250Z[0m [32m INFO[0m [1mnode[0m[1m{[0m[3mname[0m[2m=[0mk#addeef94..[1m}[0m[2m:[0m [2msui_core::checkpoints[0m[2m:[0m [2mcrates/sui-core/src/checkpoints/mod.rs[0m[2m:[0m[2m1326:[0m Creating checkpoint(s) for 1 transactions [3mnext_checkpoint_seq[0m[2m=[0m36 [3mcheckpoint_timestamp[0m[2m=[0m1742889259297
[2m2025-03-25T07:54:19.912494Z[0m [32m INFO[0m [1mnode[0m[1m{[0m[3mname[0m[2m=[0mk#addeef94..[1m}[0m[2m:[0m [2msui_core::checkpoints::checkpoint_output[0m[2m:[0m [2mcrates/sui-core/src/checkpoints/checkpoint_output.rs[0m[2m:[0m[2m149:[0m Creating checkpoint CheckpointDigest(6HLhVtc4eV1jtmR4Fqf8GE6oVYN1Y9JXue2tVxvkL8uY) at epoch 0, sequence 36, previous digest Some(CheckpointDigest(GCGJrABc6XdM2X8Uz8nE8kwP6mJC1GyZTLzpWHqhZdmA)), transactions count 1, content digest CheckpointContentsDigest(BmoEb5nkz6pVWWNAGgfcun3hfydfv5eDiUSKqzLJLprs), end_of_epoch_data None
[2m2025-03-25T07:54:19.916035Z[0m [32m INFO[0m [1mnode[0m[1m{[0m[3mname[0m[2m=[0mk#99f25ef6..[1m}[0m[2m:[0m [2msui_core::checkpoints[0m[2m:[0m [2mcrates/sui-core/src/checkpoints/mod.rs[0m[2m:[0m[2m1326:[0m Creating checkpoint(s) for 1 transactions [3mnext_checkpoint_seq[0m[2m=[0m36 [3mcheckpoint_timestamp[0m[2m=[0m1742889259297
[2m2025-03-25T07:54:19.916224Z[0m [32m INFO[0m [1mnode[0m[1m{[0m[3mname[0m[2m=[0mk#99f25ef6..[1m}[0m[2m:[0m [2msui_core::checkpoints::checkpoint_output[0m[2m:[0m [2mcrates/sui-core/src/checkpoints/checkpoint_output.rs[0m[2m:[0m[2m149:[0m Creating checkpoint CheckpointDigest(6HLhVtc4eV1jtmR4Fqf8GE6oVYN1Y9JXue2tVxvkL8uY) at epoch 0, sequence 36, previous digest Some(CheckpointDigest(GCGJrABc6XdM2X8Uz8nE8kwP6mJC1GyZTLzpWHqhZdmA)), transactions count 1, content digest CheckpointContentsDigest(BmoEb5nkz6pVWWNAGgfcun3hfydfv5eDiUSKqzLJLprs), end_of_epoch_data None
[2m2025-03-25T07:54:19.916265Z[0m [32m INFO[0m [1mnode[0m[1m{[0m[3mname[0m[2m=[0mk#8dcff6d1..[1m}[0m[2m:[0m [2msui_core::checkpoints[0m[2m:[0m [2mcrates/sui-core/src/checkpoints/mod.rs[0m[2m:[0m[2m1326:[0m Creating checkpoint(s) for 1 transactions [3mnext_checkpoint_seq[0m[2m=[0m36 [3mcheckpoint_timestamp[0m[2m=[0m1742889259297
[2m2025-03-25T07:54:19.916433Z[0m [32m INFO[0m [1mnode[0m[1m{[0m[3mname[0m[2m=[0mk#8dcff6d1..[1m}[0m[2m:[0m [2msui_core::checkpoints::checkpoint_output[0m[2m:[0m [2mcrates/sui-core/src/checkpoints/checkpoint_output.rs[0m[2m:[0m[2m149:[0m Creating checkpoint CheckpointDigest(6HLhVtc4eV1jtmR4Fqf8GE6oVYN1Y9JXue2tVxvkL8uY) at epoch 0, sequence 36, previous digest Some(CheckpointDigest(GCGJrABc6XdM2X8Uz8nE8kwP6mJC1GyZTLzpWHqhZdmA)), transactions count 1, content digest CheckpointContentsDigest(BmoEb5nkz6pVWWNAGgfcun3hfydfv5eDiUSKqzLJLprs), end_of_epoch_data None
[2m2025-03-25T07:54:19.920808Z[0m [32m INFO[0m [1mnode[0m[1m{[0m[3mname[0m[2m=[0mk#99f25ef6..[1m}[0m[2m:[0m [2msui_core::checkpoints::checkpoint_output[0m[2m:[0m [2mcrates/sui-core/src/checkpoints/checkpoint_output.rs[0m[2m:[0m[2m196:[0m Certified checkpoint with sequence 34 and digest 5JPzWVzSi19cD5EBonJeE7QKTTzy6LsK39vBhFEpaefR
[2m2025-03-25T07:54:19.920825Z[0m [32m INFO[0m [1mnode[0m[1m{[0m[3mname[0m[2m=[0mk#8dcff6d1..[1m}[0m[2m:[0m [2msui_core::checkpoints::checkpoint_output[0m[2m:[0m [2mcrates/sui-core/src/checkpoints/checkpoint_output.rs[0m[2m:[0m[2m196:[0m Certified checkpoint with sequence 34 and digest 5JPzWVzSi19cD5EBonJeE7QKTTzy6LsK39vBhFEpaefR
[2m2025-03-25T07:54:19.920831Z[0m [32m INFO[0m [1mnode[0m[1m{[0m[3mname[0m[2m=[0mk#99f25ef6..[1m}[0m[2m:[0m [2msui_core::checkpoints::checkpoint_output[0m[2m:[0m [2mcrates/sui-core/src/checkpoints/checkpoint_output.rs[0m[2m:[0m[2m196:[0m Certified checkpoint with sequence 35 and digest GCGJrABc6XdM2X8Uz8nE8kwP6mJC1GyZTLzpWHqhZdmA
[2m2025-03-25T07:54:19.920845Z[0m [32m INFO[0m [1mnode[0m[1m{[0m[3mname[0m[2m=[0mk#8dcff6d1..[1m}[0m[2m:[0m [2msui_core::checkpoints::checkpoint_output[0m[2m:[0m [2mcrates/sui-core/src/checkpoints/checkpoint_output.rs[0m[2m:[0m[2m196:[0m Certified checkpoint with sequence 35 and digest GCGJrABc6XdM2X8Uz8nE8kwP6mJC1GyZTLzpWHqhZdmA
[2m2025-03-25T07:54:19.921717Z[0m [32m INFO[0m [1mnode[0m[1m{[0m[3mname[0m[2m=[0mk#8dcff6d1..[1m}[0m[2m:[0m [2msui_core::checkpoints::checkpoint_executor[0m[2m:[0m [2mcrates/sui-core/src/checkpoints/checkpoint_executor/mod.rs[0m[2m:[0m[2m332:[0m Received checkpoint summary from state sync [3msequence_number[0m[2m=[0m34
[2m2025-03-25T07:54:19.921738Z[0m [32m INFO[0m [1mnode[0m[1m{[0m[3mname[0m[2m=[0mk#99f25ef6..[1m}[0m[2m:[0m [2msui_core::checkpoints::checkpoint_executor[0m[2m:[0m [2mcrates/sui-core/src/checkpoints/checkpoint_executor/mod.rs[0m[2m:[0m[2m332:[0m Received checkpoint summary from state sync [3msequence_number[0m[2m=[0m34
[2m2025-03-25T07:54:19.921854Z[0m [32m INFO[0m [1mnode[0m[1m{[0m[3mname[0m[2m=[0mk#8dcff6d1..[1m}[0m[2m:[0m [2msui_core::checkpoints::checkpoint_executor[0m[2m:[0m [2mcrates/sui-core/src/checkpoints/checkpoint_executor/mod.rs[0m[2m:[0m[2m332:[0m Received checkpoint summary from state sync [3msequence_number[0m[2m=[0m35
[2m2025-03-25T07:54:19.921856Z[0m [32m INFO[0m [1mnode[0m[1m{[0m[3mname[0m[2m=[0mk#99f25ef6..[1m}[0m[2m:[0m [2msui_core::checkpoints::checkpoint_executor[0m[2m:[0m [2mcrates/sui-core/src/checkpoints/checkpoint_executor/mod.rs[0m[2m:[0m[2m332:[0m Received checkpoint summary from state sync [3msequence_number[0m[2m=[0m35
[2m2025-03-25T07:54:19.923628Z[0m [32m INFO[0m [1mnode[0m[1m{[0m[3mname[0m[2m=[0mk#99f25ef6..[1m}[0m[2m:[0m [2msui_core::state_accumulator[0m[2m:[0m [2mcrates/sui-core/src/state_accumulator.rs[0m[2m:[0m[2m675:[0m accumulating running root for checkpoint 34
[2m2025-03-25T07:54:19.923630Z[0m [32m INFO[0m [1mnode[0m[1m{[0m[3mname[0m[2m=[0mk#8dcff6d1..[1m}[0m[2m:[0m [2msui_core::state_accumulator[0m[2m:[0m [2mcrates/sui-core/src/state_accumulator.rs[0m[2m:[0m[2m675:[0m accumulating running root for checkpoint 34
[2m2025-03-25T07:54:19.924079Z[0m [32m INFO[0m [1mnode[0m[1m{[0m[3mname[0m[2m=[0mk#8dcff6d1..[1m}[0m[2m:[0m [2msui_core::state_accumulator[0m[2m:[0m [2mcrates/sui-core/src/state_accumulator.rs[0m[2m:[0m[2m675:[0m accumulating running root for checkpoint 35
[2m2025-03-25T07:54:19.924079Z[0m [32m INFO[0m [1mnode[0m[1m{[0m[3mname[0m[2m=[0mk#99f25ef6..[1m}[0m[2m:[0m [2msui_core::state_accumulator[0m[2m:[0m [2mcrates/sui-core/src/state_accumulator.rs[0m[2m:[0m[2m675:[0m accumulating running root for checkpoint 35
[2m2025-03-25T07:54:20.017337Z[0m [32m INFO[0m [1mnode[0m[1m{[0m[3mname[0m[2m=[0mk#addeef94..[1m}[0m[2m:[0m [2msui_core::checkpoints[0m[2m:[0m [2mcrates/sui-core/src/checkpoints/mod.rs[0m[2m:[0m[2m1326:[0m Creating checkpoint(s) for 1 transactions [3mnext_checkpoint_seq[0m[2m=[0m37 [3mcheckpoint_timestamp[0m[2m=[0m1742889259297
[2m2025-03-25T07:54:20.017605Z[0m [32m INFO[0m [1mnode[0m[1m{[0m[3mname[0m[2m=[0mk#addeef94..[1m}[0m[2m:[0m [2msui_core::checkpoints::checkpoint_output[0m[2m:[0m [2mcrates/sui-core/src/checkpoints/checkpoint_output.rs[0m[2m:[0m[2m149:[0m Creating checkpoint CheckpointDigest(DVpkVjZtuN8zZnfU2rQZ2HdabmGbxzEVFyHVNSDketBY) at epoch 0, sequence 37, previous digest Some(CheckpointDigest(6HLhVtc4eV1jtmR4Fqf8GE6oVYN1Y9JXue2tVxvkL8uY)), transactions count 1, content digest CheckpointContentsDigest(TRiHN83EmqgNFCnC1tmWNCCDP4ZFi3ZSezV6GSEfLBb), end_of_epoch_data None
[2m2025-03-25T07:54:20.022347Z[0m [32m INFO[0m [1mnode[0m[1m{[0m[3mname[0m[2m=[0mk#8dcff6d1..[1m}[0m[2m:[0m [2msui_core::checkpoints[0m[2m:[0m [2mcrates/sui-core/src/checkpoints/mod.rs[0m[2m:[0m[2m1326:[0m Creating checkpoint(s) for 1 transactions [3mnext_checkpoint_seq[0m[2m=[0m37 [3mcheckpoint_timestamp[0m[2m=[0m1742889259297
[2m2025-03-25T07:54:20.022544Z[0m [32m INFO[0m [1mnode[0m[1m{[0m[3mname[0m[2m=[0mk#8dcff6d1..[1m}[0m[2m:[0m [2msui_core::checkpoints::checkpoint_output[0m[2m:[0m [2mcrates/sui-core/src/checkpoints/checkpoint_output.rs[0m[2m:[0m[2m149:[0m Creating checkpoint CheckpointDigest(DVpkVjZtuN8zZnfU2rQZ2HdabmGbxzEVFyHVNSDketBY) at epoch 0, sequence 37, previous digest Some(CheckpointDigest(6HLhVtc4eV1jtmR4Fqf8GE6oVYN1Y9JXue2tVxvkL8uY)), transactions count 1, content digest CheckpointContentsDigest(TRiHN83EmqgNFCnC1tmWNCCDP4ZFi3ZSezV6GSEfLBb), end_of_epoch_data None
[2m2025-03-25T07:54:20.022706Z[0m [32m INFO[0m [1mnode[0m[1m{[0m[3mname[0m[2m=[0mk#99f25ef6..[1m}[0m[2m:[0m [2msui_core::checkpoints[0m[2m:[0m [2mcrates/sui-core/src/checkpoints/mod.rs[0m[2m:[0m[2m1326:[0m Creating checkpoint(s) for 1 transactions [3mnext_checkpoint_seq[0m[2m=[0m37 [3mcheckpoint_timestamp[0m[2m=[0m1742889259297
[2m2025-03-25T07:54:20.022888Z[0m [32m INFO[0m [1mnode[0m[1m{[0m[3mname[0m[2m=[0mk#99f25ef6..[1m}[0m[2m:[0m [2msui_core::checkpoints::checkpoint_output[0m[2m:[0m [2mcrates/sui-core/src/checkpoints/checkpoint_output.rs[0m[2m:[0m[2m149:[0m Creating checkpoint CheckpointDigest(DVpkVjZtuN8zZnfU2rQZ2HdabmGbxzEVFyHVNSDketBY) at epoch 0, sequence 37, previous digest Some(CheckpointDigest(6HLhVtc4eV1jtmR4Fqf8GE6oVYN1Y9JXue2tVxvkL8uY)), transactions count 1, content digest CheckpointContentsDigest(TRiHN83EmqgNFCnC1tmWNCCDP4ZFi3ZSezV6GSEfLBb), end_of_epoch_data None
[2m2025-03-25T07:54:20.029145Z[0m [32m INFO[0m [1mnode[0m[1m{[0m[3mname[0m[2m=[0mk#addeef94..[1m}[0m[2m:[0m [2msui_core::checkpoints::checkpoint_executor[0m[2m:[0m [2mcrates/sui-core/src/checkpoints/checkpoint_executor/mod.rs[0m[2m:[0m[2m332:[0m Received checkpoint summary from state sync [3msequence_number[0m[2m=[0m34
[2m2025-03-25T07:54:20.029277Z[0m [32m INFO[0m [1mnode[0m[1m{[0m[3mname[0m[2m=[0mk#addeef94..[1m}[0m[2m:[0m [2msui_core::checkpoints::checkpoint_executor[0m[2m:[0m [2mcrates/sui-core/src/checkpoints/checkpoint_executor/mod.rs[0m[2m:[0m[2m332:[0m Received checkpoint summary from state sync [3msequence_number[0m[2m=[0m35
[2m2025-03-25T07:54:20.030476Z[0m [32m INFO[0m [1mnode[0m[1m{[0m[3mname[0m[2m=[0mk#addeef94..[1m}[0m[2m:[0m [2msui_core::state_accumulator[0m[2m:[0m [2mcrates/sui-core/src/state_accumulator.rs[0m[2m:[0m[2m675:[0m accumulating running root for checkpoint 34
[2m2025-03-25T07:54:20.030895Z[0m [32m INFO[0m [1mnode[0m[1m{[0m[3mname[0m[2m=[0mk#addeef94..[1m}[0m[2m:[0m [2msui_core::state_accumulator[0m[2m:[0m [2mcrates/sui-core/src/state_accumulator.rs[0m[2m:[0m[2m675:[0m accumulating running root for checkpoint 35
[2m2025-03-25T07:54:20.065231Z[0m [32m INFO[0m [1mnode[0m[1m{[0m[3mname[0m[2m=[0mk#99f25ef6..[1m}[0m[2m:[0m [2mconsensus_core::core[0m[2m:[0m [2mconsensus/core/src/core.rs[0m[2m:[0m[2m531:[0m Created block B26(B,nnqgOrr05Bc1svJB5Cd69XgjPERCwkT5r9BndU4tlzA=)(1742889260064ms;[B25(B,itLb9Yql2mXo24zmyFQcOMzE8Gi3r2DkZDeoAI4QA/Y=), B25(A,794EerLroOWHJU5Vb7iddwK5wKE6DeXY7COAVve5pgk=), B25(C,3wlghzac6tH4LfKbuHRv63y+E5zzbYW9HJoPHDUfhHE=)];2t;1c) for round 26
[2m2025-03-25T07:54:20.065231Z[0m [32m INFO[0m [1mnode[0m[1m{[0m[3mname[0m[2m=[0mk#8dcff6d1..[1m}[0m[2m:[0m [2mconsensus_core::core[0m[2m:[0m [2mconsensus/core/src/core.rs[0m[2m:[0m[2m531:[0m Created block B26(A,xdo8FyOkcQfHM6I5xjUmHSMbo///AQSywLyd6+wGDIg=)(1742889260064ms;[B25(A,794EerLroOWHJU5Vb7iddwK5wKE6DeXY7COAVve5pgk=), B25(B,itLb9Yql2mXo24zmyFQcOMzE8Gi3r2DkZDeoAI4QA/Y=), B25(C,3wlghzac6tH4LfKbuHRv63y+E5zzbYW9HJoPHDUfhHE=)];2t;1c) for round 26
[2m2025-03-25T07:54:20.067937Z[0m [32m INFO[0m [1mnode[0m[1m{[0m[3mname[0m[2m=[0mk#addeef94..[1m}[0m[2m:[0m [2mconsensus_core::core[0m[2m:[0m [2mconsensus/core/src/core.rs[0m[2m:[0m[2m531:[0m Created block B26(C,UTDL7MSfhJKQQ93SH0cwFHx06rNAoDUjqyDU9FHdax8=)(1742889260067ms;[B25(C,3wlghzac6tH4LfKbuHRv63y+E5zzbYW9HJoPHDUfhHE=), B25(A,794EerLroOWHJU5Vb7iddwK5wKE6DeXY7COAVve5pgk=), B25(B,itLb9Yql2mXo24zmyFQcOMzE8Gi3r2DkZDeoAI4QA/Y=)];2t;1c) for round 26
[2m2025-03-25T07:54:20.068017Z[0m [32m INFO[0m [1mnode[0m[1m{[0m[3mname[0m[2m=[0mk#addeef94..[1m}[0m[2m:[0m [2mconsensus_core::core[0m[2m:[0m [2mconsensus/core/src/core.rs[0m[2m:[0m[2m630:[0m Committing 1 leaders: B24(C,t/x8)
[2m2025-03-25T07:54:20.068084Z[0m [32m INFO[0m [1mnode[0m[1m{[0m[3mname[0m[2m=[0mk#addeef94..[1m}[0m[2m:[0m [2mconsensus_core::commit_observer[0m[2m:[0m [2mconsensus/core/src/commit_observer.rs[0m[2m:[0m[2m173:[0m Consensus commit C23(t9J0) with leader B24(C,t/x8) has 3 blocks
[2m2025-03-25T07:54:20.068169Z[0m [32m INFO[0m [1mnode[0m[1m{[0m[3mname[0m[2m=[0mk#addeef94..[1m}[0m[2m:[0m [2msui_core::consensus_handler[0m[2m:[0m [2mcrates/sui-core/src/consensus_handler.rs[0m[2m:[0m[2m232:[0m Received consensus output [3mconsensus_commit[0m[2m=[0mCommittedSubDag(leader=B24(C,t/x8), ref=C23(t9J0), blocks=[qGGf, B5Sw, t/x8]) [3mepoch[0m[2m=[0m0
[2m2025-03-25T07:54:20.071269Z[0m [32m INFO[0m [1mnode[0m[1m{[0m[3mname[0m[2m=[0mk#8dcff6d1..[1m}[0m[2m:[0m [2mconsensus_core::core[0m[2m:[0m [2mconsensus/core/src/core.rs[0m[2m:[0m[2m630:[0m Committing 1 leaders: B24(C,t/x8)
[2m2025-03-25T07:54:20.071269Z[0m [32m INFO[0m [1mnode[0m[1m{[0m[3mname[0m[2m=[0mk#99f25ef6..[1m}[0m[2m:[0m [2mconsensus_core::core[0m[2m:[0m [2mconsensus/core/src/core.rs[0m[2m:[0m[2m630:[0m Committing 1 leaders: B24(C,t/x8)
[2m2025-03-25T07:54:20.071357Z[0m [32m INFO[0m [1mnode[0m[1m{[0m[3mname[0m[2m=[0mk#99f25ef6..[1m}[0m[2m:[0m [2mconsensus_core::commit_observer[0m[2m:[0m [2mconsensus/core/src/commit_observer.rs[0m[2m:[0m[2m173:[0m Consensus commit C23(t9J0) with leader B24(C,t/x8) has 3 blocks
[2m2025-03-25T07:54:20.071357Z[0m [32m INFO[0m [1mnode[0m[1m{[0m[3mname[0m[2m=[0mk#8dcff6d1..[1m}[0m[2m:[0m [2mconsensus_core::commit_observer[0m[2m:[0m [2mconsensus/core/src/commit_observer.rs[0m[2m:[0m[2m173:[0m Consensus commit C23(t9J0) with leader B24(C,t/x8) has 3 blocks
[2m2025-03-25T07:54:20.071432Z[0m [32m INFO[0m [1mnode[0m[1m{[0m[3mname[0m[2m=[0mk#99f25ef6..[1m}[0m[2m:[0m [2msui_core::consensus_handler[0m[2m:[0m [2mcrates/sui-core/src/consensus_handler.rs[0m[2m:[0m[2m232:[0m Received consensus output [3mconsensus_commit[0m[2m=[0mCommittedSubDag(leader=B24(C,t/x8), ref=C23(t9J0), blocks=[qGGf, B5Sw, t/x8]) [3mepoch[0m[2m=[0m0
[2m2025-03-25T07:54:20.071432Z[0m [32m INFO[0m [1mnode[0m[1m{[0m[3mname[0m[2m=[0mk#8dcff6d1..[1m}[0m[2m:[0m [2msui_core::consensus_handler[0m[2m:[0m [2mcrates/sui-core/src/consensus_handler.rs[0m[2m:[0m[2m232:[0m Received consensus output [3mconsensus_commit[0m[2m=[0mCommittedSubDag(leader=B24(C,t/x8), ref=C23(t9J0), blocks=[qGGf, B5Sw, t/x8]) [3mepoch[0m[2m=[0m0
[2m2025-03-25T07:54:20.154624Z[0m [32m INFO[0m [1mnode[0m[1m{[0m[3mname[0m[2m=[0mk#addeef94..[1m}[0m[2m:[0m [2msui_core::checkpoints[0m[2m:[0m [2mcrates/sui-core/src/checkpoints/mod.rs[0m[2m:[0m[2m1326:[0m Creating checkpoint(s) for 1 transactions [3mnext_checkpoint_seq[0m[2m=[0m38 [3mcheckpoint_timestamp[0m[2m=[0m1742889259556
[2m2025-03-25T07:54:20.154880Z[0m [32m INFO[0m [1mnode[0m[1m{[0m[3mname[0m[2m=[0mk#addeef94..[1m}[0m[2m:[0m [2msui_core::checkpoints::checkpoint_output[0m[2m:[0m [2mcrates/sui-core/src/checkpoints/checkpoint_output.rs[0m[2m:[0m[2m149:[0m Creating checkpoint CheckpointDigest(GpjSV33TCX89nKQh3VJjTC3uNgsTCYBwSAut7nD9yUiT) at epoch 0, sequence 38, previous digest Some(CheckpointDigest(DVpkVjZtuN8zZnfU2rQZ2HdabmGbxzEVFyHVNSDketBY)), transactions count 1, content digest CheckpointContentsDigest(4KXNdsGGYvxAzXRPoXSsAXKAagC2rtQ1kGfyysZ3CXPf), end_of_epoch_data None
[2m2025-03-25T07:54:20.154996Z[0m [32m INFO[0m [1mnode[0m[1m{[0m[3mname[0m[2m=[0mk#99f25ef6..[1m}[0m[2m:[0m [2msui_core::checkpoints[0m[2m:[0m [2mcrates/sui-core/src/checkpoints/mod.rs[0m[2m:[0m[2m1326:[0m Creating checkpoint(s) for 1 transactions [3mnext_checkpoint_seq[0m[2m=[0m38 [3mcheckpoint_timestamp[0m[2m=[0m1742889259556
[2m2025-03-25T07:54:20.155023Z[0m [32m INFO[0m [1mnode[0m[1m{[0m[3mname[0m[2m=[0mk#8dcff6d1..[1m}[0m[2m:[0m [2msui_core::checkpoints[0m[2m:[0m [2mcrates/sui-core/src/checkpoints/mod.rs[0m[2m:[0m[2m1326:[0m Creating checkpoint(s) for 1 transactions [3mnext_checkpoint_seq[0m[2m=[0m38 [3mcheckpoint_timestamp[0m[2m=[0m1742889259556
[2m2025-03-25T07:54:20.155166Z[0m [32m INFO[0m [1mnode[0m[1m{[0m[3mname[0m[2m=[0mk#99f25ef6..[1m}[0m[2m:[0m [2msui_core::checkpoints::checkpoint_output[0m[2m:[0m [2mcrates/sui-core/src/checkpoints/checkpoint_output.rs[0m[2m:[0m[2m149:[0m Creating checkpoint CheckpointDigest(GpjSV33TCX89nKQh3VJjTC3uNgsTCYBwSAut7nD9yUiT) at epoch 0, sequence 38, previous digest Some(CheckpointDigest(DVpkVjZtuN8zZnfU2rQZ2HdabmGbxzEVFyHVNSDketBY)), transactions count 1, content digest CheckpointContentsDigest(4KXNdsGGYvxAzXRPoXSsAXKAagC2rtQ1kGfyysZ3CXPf), end_of_epoch_data None
[2m2025-03-25T07:54:20.155192Z[0m [32m INFO[0m [1mnode[0m[1m{[0m[3mname[0m[2m=[0mk#8dcff6d1..[1m}[0m[2m:[0m [2msui_core::checkpoints::checkpoint_output[0m[2m:[0m [2mcrates/sui-core/src/checkpoints/checkpoint_output.rs[0m[2m:[0m[2m149:[0m Creating checkpoint CheckpointDigest(GpjSV33TCX89nKQh3VJjTC3uNgsTCYBwSAut7nD9yUiT) at epoch 0, sequence 38, previous digest Some(CheckpointDigest(DVpkVjZtuN8zZnfU2rQZ2HdabmGbxzEVFyHVNSDketBY)), transactions count 1, content digest CheckpointContentsDigest(4KXNdsGGYvxAzXRPoXSsAXKAagC2rtQ1kGfyysZ3CXPf), end_of_epoch_data None
[2m2025-03-25T07:54:20.159727Z[0m [32m INFO[0m [1mnode[0m[1m{[0m[3mname[0m[2m=[0mk#99f25ef6..[1m}[0m[2m:[0m [2msui_core::checkpoints::checkpoint_output[0m[2m:[0m [2mcrates/sui-core/src/checkpoints/checkpoint_output.rs[0m[2m:[0m[2m196:[0m Certified checkpoint with sequence 36 and digest 6HLhVtc4eV1jtmR4Fqf8GE6oVYN1Y9JXue2tVxvkL8uY
[2m2025-03-25T07:54:20.159758Z[0m [32m INFO[0m [1mnode[0m[1m{[0m[3mname[0m[2m=[0mk#99f25ef6..[1m}[0m[2m:[0m [2msui_core::checkpoints::checkpoint_output[0m[2m:[0m [2mcrates/sui-core/src/checkpoints/checkpoint_output.rs[0m[2m:[0m[2m196:[0m Certified checkpoint with sequence 37 and digest DVpkVjZtuN8zZnfU2rQZ2HdabmGbxzEVFyHVNSDketBY
[2m2025-03-25T07:54:20.159798Z[0m [32m INFO[0m [1mnode[0m[1m{[0m[3mname[0m[2m=[0mk#8dcff6d1..[1m}[0m[2m:[0m [2msui_core::checkpoints::checkpoint_output[0m[2m:[0m [2mcrates/sui-core/src/checkpoints/checkpoint_output.rs[0m[2m:[0m[2m196:[0m Certified checkpoint with sequence 36 and digest 6HLhVtc4eV1jtmR4Fqf8GE6oVYN1Y9JXue2tVxvkL8uY
[2m2025-03-25T07:54:20.159818Z[0m [32m INFO[0m [1mnode[0m[1m{[0m[3mname[0m[2m=[0mk#8dcff6d1..[1m}[0m[2m:[0m [2msui_core::checkpoints::checkpoint_output[0m[2m:[0m [2mcrates/sui-core/src/checkpoints/checkpoint_output.rs[0m[2m:[0m[2m196:[0m Certified checkpoint with sequence 37 and digest DVpkVjZtuN8zZnfU2rQZ2HdabmGbxzEVFyHVNSDketBY
[2m2025-03-25T07:54:20.160927Z[0m [32m INFO[0m [1mnode[0m[1m{[0m[3mname[0m[2m=[0mk#8dcff6d1..[1m}[0m[2m:[0m [2msui_core::checkpoints::checkpoint_executor[0m[2m:[0m [2mcrates/sui-core/src/checkpoints/checkpoint_executor/mod.rs[0m[2m:[0m[2m332:[0m Received checkpoint summary from state sync [3msequence_number[0m[2m=[0m36
[2m2025-03-25T07:54:20.160983Z[0m [32m INFO[0m [1mnode[0m[1m{[0m[3mname[0m[2m=[0mk#99f25ef6..[1m}[0m[2m:[0m [2msui_core::checkpoints::checkpoint_executor[0m[2m:[0m [2mcrates/sui-core/src/checkpoints/checkpoint_executor/mod.rs[0m[2m:[0m[2m332:[0m Received checkpoint summary from state sync [3msequence_number[0m[2m=[0m36
[2m2025-03-25T07:54:20.161079Z[0m [32m INFO[0m [1mnode[0m[1m{[0m[3mname[0m[2m=[0mk#8dcff6d1..[1m}[0m[2m:[0m [2msui_core::checkpoints::checkpoint_executor[0m[2m:[0m [2mcrates/sui-core/src/checkpoints/checkpoint_executor/mod.rs[0m[2m:[0m[2m332:[0m Received checkpoint summary from state sync [3msequence_number[0m[2m=[0m37
[2m2025-03-25T07:54:20.161113Z[0m [32m INFO[0m [1mnode[0m[1m{[0m[3mname[0m[2m=[0mk#99f25ef6..[1m}[0m[2m:[0m [2msui_core::checkpoints::checkpoint_executor[0m[2m:[0m [2mcrates/sui-core/src/checkpoints/checkpoint_executor/mod.rs[0m[2m:[0m[2m332:[0m Received checkpoint summary from state sync [3msequence_number[0m[2m=[0m37
[2m2025-03-25T07:54:20.163233Z[0m [32m INFO[0m [1mnode[0m[1m{[0m[3mname[0m[2m=[0mk#8dcff6d1..[1m}[0m[2m:[0m [2msui_core::state_accumulator[0m[2m:[0m [2mcrates/sui-core/src/state_accumulator.rs[0m[2m:[0m[2m675:[0m accumulating running root for checkpoint 36
[2m2025-03-25T07:54:20.163233Z[0m [32m INFO[0m [1mnode[0m[1m{[0m[3mname[0m[2m=[0mk#99f25ef6..[1m}[0m[2m:[0m [2msui_core::state_accumulator[0m[2m:[0m [2mcrates/sui-core/src/state_accumulator.rs[0m[2m:[0m[2m675:[0m accumulating running root for checkpoint 36
[2m2025-03-25T07:54:20.163702Z[0m [32m INFO[0m [1mnode[0m[1m{[0m[3mname[0m[2m=[0mk#8dcff6d1..[1m}[0m[2m:[0m [2msui_core::state_accumulator[0m[2m:[0m [2mcrates/sui-core/src/state_accumulator.rs[0m[2m:[0m[2m675:[0m accumulating running root for checkpoint 37
[2m2025-03-25T07:54:20.163702Z[0m [32m INFO[0m [1mnode[0m[1m{[0m[3mname[0m[2m=[0mk#99f25ef6..[1m}[0m[2m:[0m [2msui_core::state_accumulator[0m[2m:[0m [2mcrates/sui-core/src/state_accumulator.rs[0m[2m:[0m[2m675:[0m accumulating running root for checkpoint 37
[2m2025-03-25T07:54:20.265682Z[0m [32m INFO[0m [1mnode[0m[1m{[0m[3mname[0m[2m=[0mk#addeef94..[1m}[0m[2m:[0m [2msui_core::checkpoints[0m[2m:[0m [2mcrates/sui-core/src/checkpoints/mod.rs[0m[2m:[0m[2m1326:[0m Creating checkpoint(s) for 1 transactions [3mnext_checkpoint_seq[0m[2m=[0m39 [3mcheckpoint_timestamp[0m[2m=[0m1742889259556
[2m2025-03-25T07:54:20.265979Z[0m [32m INFO[0m [1mnode[0m[1m{[0m[3mname[0m[2m=[0mk#addeef94..[1m}[0m[2m:[0m [2msui_core::checkpoints::checkpoint_output[0m[2m:[0m [2mcrates/sui-core/src/checkpoints/checkpoint_output.rs[0m[2m:[0m[2m149:[0m Creating checkpoint CheckpointDigest(67pDGTeAzmbo9F6mYBbX8GHbrgADjxxr8tpCaprx5wnR) at epoch 0, sequence 39, previous digest Some(CheckpointDigest(GpjSV33TCX89nKQh3VJjTC3uNgsTCYBwSAut7nD9yUiT)), transactions count 1, content digest CheckpointContentsDigest(5f4CJr4Z4sDnp6hmuX5VrsYn9dhzeVRnbtKGqwF1gG62), end_of_epoch_data None
[2m2025-03-25T07:54:20.272646Z[0m [32m INFO[0m [1mnode[0m[1m{[0m[3mname[0m[2m=[0mk#8dcff6d1..[1m}[0m[2m:[0m [2msui_core::checkpoints[0m[2m:[0m [2mcrates/sui-core/src/checkpoints/mod.rs[0m[2m:[0m[2m1326:[0m Creating checkpoint(s) for 1 transactions [3mnext_checkpoint_seq[0m[2m=[0m39 [3mcheckpoint_timestamp[0m[2m=[0m1742889259556
[2m2025-03-25T07:54:20.272750Z[0m [32m INFO[0m [1mnode[0m[1m{[0m[3mname[0m[2m=[0mk#99f25ef6..[1m}[0m[2m:[0m [2msui_core::checkpoints[0m[2m:[0m [2mcrates/sui-core/src/checkpoints/mod.rs[0m[2m:[0m[2m1326:[0m Creating checkpoint(s) for 1 transactions [3mnext_checkpoint_seq[0m[2m=[0m39 [3mcheckpoint_timestamp[0m[2m=[0m1742889259556
[2m2025-03-25T07:54:20.272847Z[0m [32m INFO[0m [1mnode[0m[1m{[0m[3mname[0m[2m=[0mk#8dcff6d1..[1m}[0m[2m:[0m [2msui_core::checkpoints::checkpoint_output[0m[2m:[0m [2mcrates/sui-core/src/checkpoints/checkpoint_output.rs[0m[2m:[0m[2m149:[0m Creating checkpoint CheckpointDigest(67pDGTeAzmbo9F6mYBbX8GHbrgADjxxr8tpCaprx5wnR) at epoch 0, sequence 39, previous digest Some(CheckpointDigest(GpjSV33TCX89nKQh3VJjTC3uNgsTCYBwSAut7nD9yUiT)), transactions count 1, content digest CheckpointContentsDigest(5f4CJr4Z4sDnp6hmuX5VrsYn9dhzeVRnbtKGqwF1gG62), end_of_epoch_data None
[2m2025-03-25T07:54:20.272924Z[0m [32m INFO[0m [1mnode[0m[1m{[0m[3mname[0m[2m=[0mk#99f25ef6..[1m}[0m[2m:[0m [2msui_core::checkpoints::checkpoint_output[0m[2m:[0m [2mcrates/sui-core/src/checkpoints/checkpoint_output.rs[0m[2m:[0m[2m149:[0m Creating checkpoint CheckpointDigest(67pDGTeAzmbo9F6mYBbX8GHbrgADjxxr8tpCaprx5wnR) at epoch 0, sequence 39, previous digest Some(CheckpointDigest(GpjSV33TCX89nKQh3VJjTC3uNgsTCYBwSAut7nD9yUiT)), transactions count 1, content digest CheckpointContentsDigest(5f4CJr4Z4sDnp6hmuX5VrsYn9dhzeVRnbtKGqwF1gG62), end_of_epoch_data None
[2m2025-03-25T07:54:20.277303Z[0m [32m INFO[0m [1mnode[0m[1m{[0m[3mname[0m[2m=[0mk#addeef94..[1m}[0m[2m:[0m [2msui_core::checkpoints::checkpoint_executor[0m[2m:[0m [2mcrates/sui-core/src/checkpoints/checkpoint_executor/mod.rs[0m[2m:[0m[2m332:[0m Received checkpoint summary from state sync [3msequence_number[0m[2m=[0m36
[2m2025-03-25T07:54:20.277431Z[0m [32m INFO[0m [1mnode[0m[1m{[0m[3mname[0m[2m=[0mk#addeef94..[1m}[0m[2m:[0m [2msui_core::checkpoints::checkpoint_executor[0m[2m:[0m [2mcrates/sui-core/src/checkpoints/checkpoint_executor/mod.rs[0m[2m:[0m[2m332:[0m Received checkpoint summary from state sync [3msequence_number[0m[2m=[0m37
[2m2025-03-25T07:54:20.277851Z[0m [32m INFO[0m [1mnode[0m[1m{[0m[3mname[0m[2m=[0mk#addeef94..[1m}[0m[2m:[0m [2mconsensus_core::commit_syncer[0m[2m:[0m [2mconsensus/core/src/commit_syncer.rs[0m[2m:[0m[2m196:[0m Checking to schedule fetches: synced_commit_index=23, highest_handled_index=23, highest_scheduled_index=0, quorum_commit_index=0, unhandled_commits_threshold=3200
[2m2025-03-25T07:54:20.278971Z[0m [32m INFO[0m [1mnode[0m[1m{[0m[3mname[0m[2m=[0mk#addeef94..[1m}[0m[2m:[0m [2msui_core::state_accumulator[0m[2m:[0m [2mcrates/sui-core/src/state_accumulator.rs[0m[2m:[0m[2m675:[0m accumulating running root for checkpoint 36
[2m2025-03-25T07:54:20.279378Z[0m [32m INFO[0m [1mnode[0m[1m{[0m[3mname[0m[2m=[0mk#addeef94..[1m}[0m[2m:[0m [2msui_core::state_accumulator[0m[2m:[0m [2mcrates/sui-core/src/state_accumulator.rs[0m[2m:[0m[2m675:[0m accumulating running root for checkpoint 37
[2m2025-03-25T07:54:20.321629Z[0m [32m INFO[0m [1mnode[0m[1m{[0m[3mname[0m[2m=[0mk#addeef94..[1m}[0m[2m:[0m [2mconsensus_core::core[0m[2m:[0m [2mconsensus/core/src/core.rs[0m[2m:[0m[2m531:[0m Created block B27(C,tzoPPDT4pn9RMxXTSuvEriGCya3jHBZ5q3jOM/YoZ2U=)(1742889260321ms;[B26(C,UTDL7MSfhJKQQ93SH0cwFHx06rNAoDUjqyDU9FHdax8=), B26(A,xdo8FyOkcQfHM6I5xjUmHSMbo///AQSywLyd6+wGDIg=), B26(B,nnqgOrr05Bc1svJB5Cd69XgjPERCwkT5r9BndU4tlzA=)];2t;1c) for round 27
[2m2025-03-25T07:54:20.323931Z[0m [32m INFO[0m [1mnode[0m[1m{[0m[3mname[0m[2m=[0mk#8dcff6d1..[1m}[0m[2m:[0m [2mconsensus_core::core[0m[2m:[0m [2mconsensus/core/src/core.rs[0m[2m:[0m[2m531:[0m Created block B27(A,qKZ1WWF0zNiLK7WkHW5G/vbPBUvuXBfA3nhi3jC4+pc=)(1742889260323ms;[B26(A,xdo8FyOkcQfHM6I5xjUmHSMbo///AQSywLyd6+wGDIg=), B26(B,nnqgOrr05Bc1svJB5Cd69XgjPERCwkT5r9BndU4tlzA=), B26(C,UTDL7MSfhJKQQ93SH0cwFHx06rNAoDUjqyDU9FHdax8=)];2t;1c) for round 27
[2m2025-03-25T07:54:20.324092Z[0m [32m INFO[0m [1mnode[0m[1m{[0m[3mname[0m[2m=[0mk#8dcff6d1..[1m}[0m[2m:[0m [2mconsensus_core::core[0m[2m:[0m [2mconsensus/core/src/core.rs[0m[2m:[0m[2m630:[0m Committing 1 leaders: B25(C,3wlg)
[2m2025-03-25T07:54:20.324176Z[0m [32m INFO[0m [1mnode[0m[1m{[0m[3mname[0m[2m=[0mk#8dcff6d1..[1m}[0m[2m:[0m [2mconsensus_core::commit_observer[0m[2m:[0m [2mconsensus/core/src/commit_observer.rs[0m[2m:[0m[2m173:[0m Consensus commit C24(CQeU) with leader B25(C,3wlg) has 3 blocks
[2m2025-03-25T07:54:20.324261Z[0m [32m INFO[0m [1mnode[0m[1m{[0m[3mname[0m[2m=[0mk#99f25ef6..[1m}[0m[2m:[0m [2mconsensus_core::core[0m[2m:[0m [2mconsensus/core/src/core.rs[0m[2m:[0m[2m531:[0m Created block B27(B,WHeAL2qAskPsF+/sw2miDMruVco6VGvsrkClwFRif5A=)(1742889260323ms;[B26(B,nnqgOrr05Bc1svJB5Cd69XgjPERCwkT5r9BndU4tlzA=), B26(A,xdo8FyOkcQfHM6I5xjUmHSMbo///AQSywLyd6+wGDIg=), B26(C,UTDL7MSfhJKQQ93SH0cwFHx06rNAoDUjqyDU9FHdax8=)];2t;1c) for round 27
[2m2025-03-25T07:54:20.324334Z[0m [32m INFO[0m [1mnode[0m[1m{[0m[3mname[0m[2m=[0mk#99f25ef6..[1m}[0m[2m:[0m [2mconsensus_core::core[0m[2m:[0m [2mconsensus/core/src/core.rs[0m[2m:[0m[2m630:[0m Committing 1 leaders: B25(C,3wlg)
[2m2025-03-25T07:54:20.324395Z[0m [32m INFO[0m [1mnode[0m[1m{[0m[3mname[0m[2m=[0mk#99f25ef6..[1m}[0m[2m:[0m [2mconsensus_core::commit_observer[0m[2m:[0m [2mconsensus/core/src/commit_observer.rs[0m[2m:[0m[2m173:[0m Consensus commit C24(CQeU) with leader B25(C,3wlg) has 3 blocks
[2m2025-03-25T07:54:20.324483Z[0m [32m INFO[0m [1mnode[0m[1m{[0m[3mname[0m[2m=[0mk#99f25ef6..[1m}[0m[2m:[0m [2msui_core::consensus_handler[0m[2m:[0m [2mcrates/sui-core/src/consensus_handler.rs[0m[2m:[0m[2m232:[0m Received consensus output [3mconsensus_commit[0m[2m=[0mCommittedSubDag(leader=B25(C,3wlg), ref=C24(CQeU), blocks=[pYuY, REmQ, 3wlg]) [3mepoch[0m[2m=[0m0
[2m2025-03-25T07:54:20.324491Z[0m [32m INFO[0m [1mnode[0m[1m{[0m[3mname[0m[2m=[0mk#8dcff6d1..[1m}[0m[2m:[0m [2msui_core::consensus_handler[0m[2m:[0m [2mcrates/sui-core/src/consensus_handler.rs[0m[2m:[0m[2m232:[0m Received consensus output [3mconsensus_commit[0m[2m=[0mCommittedSubDag(leader=B25(C,3wlg), ref=C24(CQeU), blocks=[pYuY, REmQ, 3wlg]) [3mepoch[0m[2m=[0m0
[2m2025-03-25T07:54:20.327503Z[0m [32m INFO[0m [1mnode[0m[1m{[0m[3mname[0m[2m=[0mk#addeef94..[1m}[0m[2m:[0m [2mconsensus_core::core[0m[2m:[0m [2mconsensus/core/src/core.rs[0m[2m:[0m[2m630:[0m Committing 1 leaders: B25(C,3wlg)
[2m2025-03-25T07:54:20.327592Z[0m [32m INFO[0m [1mnode[0m[1m{[0m[3mname[0m[2m=[0mk#addeef94..[1m}[0m[2m:[0m [2mconsensus_core::commit_observer[0m[2m:[0m [2mconsensus/core/src/commit_observer.rs[0m[2m:[0m[2m173:[0m Consensus commit C24(CQeU) with leader B25(C,3wlg) has 3 blocks
[2m2025-03-25T07:54:20.327667Z[0m [32m INFO[0m [1mnode[0m[1m{[0m[3mname[0m[2m=[0mk#addeef94..[1m}[0m[2m:[0m [2msui_core::consensus_handler[0m[2m:[0m [2mcrates/sui-core/src/consensus_handler.rs[0m[2m:[0m[2m232:[0m Received consensus output [3mconsensus_commit[0m[2m=[0mCommittedSubDag(leader=B25(C,3wlg), ref=C24(CQeU), blocks=[pYuY, REmQ, 3wlg]) [3mepoch[0m[2m=[0m0
[2m2025-03-25T07:54:20.426046Z[0m [32m INFO[0m [1mnode[0m[1m{[0m[3mname[0m[2m=[0mk#8dcff6d1..[1m}[0m[2m:[0m [2msui_core::checkpoints[0m[2m:[0m [2mcrates/sui-core/src/checkpoints/mod.rs[0m[2m:[0m[2m1326:[0m Creating checkpoint(s) for 1 transactions [3mnext_checkpoint_seq[0m[2m=[0m40 [3mcheckpoint_timestamp[0m[2m=[0m1742889259808
[2m2025-03-25T07:54:20.426306Z[0m [32m INFO[0m [1mnode[0m[1m{[0m[3mname[0m[2m=[0mk#8dcff6d1..[1m}[0m[2m:[0m [2msui_core::checkpoints::checkpoint_output[0m[2m:[0m [2mcrates/sui-core/src/checkpoints/checkpoint_output.rs[0m[2m:[0m[2m149:[0m Creating checkpoint CheckpointDigest(HzzwLxV5YNsu5HKeUir9rAKGiB4YQJB2XhfM7UBH94mw) at epoch 0, sequence 40, previous digest Some(CheckpointDigest(67pDGTeAzmbo9F6mYBbX8GHbrgADjxxr8tpCaprx5wnR)), transactions count 1, content digest CheckpointContentsDigest(FqF85gieiLsHrX3NtYdmwvRmyzzDF91Bq6kjEpWR9qLn), end_of_epoch_data None
[2m2025-03-25T07:54:20.426822Z[0m [32m INFO[0m [1mnode[0m[1m{[0m[3mname[0m[2m=[0mk#addeef94..[1m}[0m[2m:[0m [2msui_core::checkpoints[0m[2m:[0m [2mcrates/sui-core/src/checkpoints/mod.rs[0m[2m:[0m[2m1326:[0m Creating checkpoint(s) for 1 transactions [3mnext_checkpoint_seq[0m[2m=[0m40 [3mcheckpoint_timestamp[0m[2m=[0m1742889259808
[2m2025-03-25T07:54:20.427005Z[0m [32m INFO[0m [1mnode[0m[1m{[0m[3mname[0m[2m=[0mk#addeef94..[1m}[0m[2m:[0m [2msui_core::checkpoints::checkpoint_output[0m[2m:[0m [2mcrates/sui-core/src/checkpoints/checkpoint_output.rs[0m[2m:[0m[2m149:[0m Creating checkpoint CheckpointDigest(HzzwLxV5YNsu5HKeUir9rAKGiB4YQJB2XhfM7UBH94mw) at epoch 0, sequence 40, previous digest Some(CheckpointDigest(67pDGTeAzmbo9F6mYBbX8GHbrgADjxxr8tpCaprx5wnR)), transactions count 1, content digest CheckpointContentsDigest(FqF85gieiLsHrX3NtYdmwvRmyzzDF91Bq6kjEpWR9qLn), end_of_epoch_data None
[2m2025-03-25T07:54:20.429073Z[0m [32m INFO[0m [1mnode[0m[1m{[0m[3mname[0m[2m=[0mk#8dcff6d1..[1m}[0m[2m:[0m [2mconsensus_core::commit_syncer[0m[2m:[0m [2mconsensus/core/src/commit_syncer.rs[0m[2m:[0m[2m196:[0m Checking to schedule fetches: synced_commit_index=24, highest_handled_index=24, highest_scheduled_index=0, quorum_commit_index=23, unhandled_commits_threshold=3200
[2m2025-03-25T07:54:20.431465Z[0m [32m INFO[0m [1mnode[0m[1m{[0m[3mname[0m[2m=[0mk#8dcff6d1..[1m}[0m[2m:[0m [2msui_core::checkpoints::checkpoint_output[0m[2m:[0m [2mcrates/sui-core/src/checkpoints/checkpoint_output.rs[0m[2m:[0m[2m196:[0m Certified checkpoint with sequence 38 and digest GpjSV33TCX89nKQh3VJjTC3uNgsTCYBwSAut7nD9yUiT
[2m2025-03-25T07:54:20.431486Z[0m [32m INFO[0m [1mnode[0m[1m{[0m[3mname[0m[2m=[0mk#8dcff6d1..[1m}[0m[2m:[0m [2msui_core::checkpoints::checkpoint_output[0m[2m:[0m [2mcrates/sui-core/src/checkpoints/checkpoint_output.rs[0m[2m:[0m[2m196:[0m Certified checkpoint with sequence 39 and digest 67pDGTeAzmbo9F6mYBbX8GHbrgADjxxr8tpCaprx5wnR
[2m2025-03-25T07:54:20.432509Z[0m [32m INFO[0m [1mnode[0m[1m{[0m[3mname[0m[2m=[0mk#8dcff6d1..[1m}[0m[2m:[0m [2msui_core::checkpoints::checkpoint_executor[0m[2m:[0m [2mcrates/sui-core/src/checkpoints/checkpoint_executor/mod.rs[0m[2m:[0m[2m332:[0m Received checkpoint summary from state sync [3msequence_number[0m[2m=[0m38
[2m2025-03-25T07:54:20.432585Z[0m [32m INFO[0m [1mnode[0m[1m{[0m[3mname[0m[2m=[0mk#99f25ef6..[1m}[0m[2m:[0m [2msui_core::checkpoints[0m[2m:[0m [2mcrates/sui-core/src/checkpoints/mod.rs[0m[2m:[0m[2m1326:[0m Creating checkpoint(s) for 1 transactions [3mnext_checkpoint_seq[0m[2m=[0m40 [3mcheckpoint_timestamp[0m[2m=[0m1742889259808
[2m2025-03-25T07:54:20.432643Z[0m [32m INFO[0m [1mnode[0m[1m{[0m[3mname[0m[2m=[0mk#8dcff6d1..[1m}[0m[2m:[0m [2msui_core::checkpoints::checkpoint_executor[0m[2m:[0m [2mcrates/sui-core/src/checkpoints/checkpoint_executor/mod.rs[0m[2m:[0m[2m332:[0m Received checkpoint summary from state sync [3msequence_number[0m[2m=[0m39
[2m2025-03-25T07:54:20.432768Z[0m [32m INFO[0m [1mnode[0m[1m{[0m[3mname[0m[2m=[0mk#99f25ef6..[1m}[0m[2m:[0m [2msui_core::checkpoints::checkpoint_output[0m[2m:[0m [2mcrates/sui-core/src/checkpoints/checkpoint_output.rs[0m[2m:[0m[2m149:[0m Creating checkpoint CheckpointDigest(HzzwLxV5YNsu5HKeUir9rAKGiB4YQJB2XhfM7UBH94mw) at epoch 0, sequence 40, previous digest Some(CheckpointDigest(67pDGTeAzmbo9F6mYBbX8GHbrgADjxxr8tpCaprx5wnR)), transactions count 1, content digest CheckpointContentsDigest(FqF85gieiLsHrX3NtYdmwvRmyzzDF91Bq6kjEpWR9qLn), end_of_epoch_data None
[2m2025-03-25T07:54:20.434243Z[0m [32m INFO[0m [1mnode[0m[1m{[0m[3mname[0m[2m=[0mk#8dcff6d1..[1m}[0m[2m:[0m [2msui_core::state_accumulator[0m[2m:[0m [2mcrates/sui-core/src/state_accumulator.rs[0m[2m:[0m[2m675:[0m accumulating running root for checkpoint 38
[2m2025-03-25T07:54:20.434670Z[0m [32m INFO[0m [1mnode[0m[1m{[0m[3mname[0m[2m=[0mk#8dcff6d1..[1m}[0m[2m:[0m [2msui_core::state_accumulator[0m[2m:[0m [2mcrates/sui-core/src/state_accumulator.rs[0m[2m:[0m[2m675:[0m accumulating running root for checkpoint 39
[2m2025-03-25T07:54:20.437315Z[0m [32m INFO[0m [1mnode[0m[1m{[0m[3mname[0m[2m=[0mk#99f25ef6..[1m}[0m[2m:[0m [2msui_core::checkpoints::checkpoint_output[0m[2m:[0m [2mcrates/sui-core/src/checkpoints/checkpoint_output.rs[0m[2m:[0m[2m196:[0m Certified checkpoint with sequence 38 and digest GpjSV33TCX89nKQh3VJjTC3uNgsTCYBwSAut7nD9yUiT
[2m2025-03-25T07:54:20.437335Z[0m [32m INFO[0m [1mnode[0m[1m{[0m[3mname[0m[2m=[0mk#99f25ef6..[1m}[0m[2m:[0m [2msui_core::checkpoints::checkpoint_output[0m[2m:[0m [2mcrates/sui-core/src/checkpoints/checkpoint_output.rs[0m[2m:[0m[2m196:[0m Certified checkpoint with sequence 39 and digest 67pDGTeAzmbo9F6mYBbX8GHbrgADjxxr8tpCaprx5wnR
[2m2025-03-25T07:54:20.438221Z[0m [32m INFO[0m [1mnode[0m[1m{[0m[3mname[0m[2m=[0mk#99f25ef6..[1m}[0m[2m:[0m [2msui_core::checkpoints::checkpoint_executor[0m[2m:[0m [2mcrates/sui-core/src/checkpoints/checkpoint_executor/mod.rs[0m[2m:[0m[2m332:[0m Received checkpoint summary from state sync [3msequence_number[0m[2m=[0m38
[2m2025-03-25T07:54:20.438343Z[0m [32m INFO[0m [1mnode[0m[1m{[0m[3mname[0m[2m=[0mk#99f25ef6..[1m}[0m[2m:[0m [2msui_core::checkpoints::checkpoint_executor[0m[2m:[0m [2mcrates/sui-core/src/checkpoints/checkpoint_executor/mod.rs[0m[2m:[0m[2m332:[0m Received checkpoint summary from state sync [3msequence_number[0m[2m=[0m39
[2m2025-03-25T07:54:20.439832Z[0m [32m INFO[0m [1mnode[0m[1m{[0m[3mname[0m[2m=[0mk#99f25ef6..[1m}[0m[2m:[0m [2msui_core::state_accumulator[0m[2m:[0m [2mcrates/sui-core/src/state_accumulator.rs[0m[2m:[0m[2m675:[0m accumulating running root for checkpoint 38
[2m2025-03-25T07:54:20.440244Z[0m [32m INFO[0m [1mnode[0m[1m{[0m[3mname[0m[2m=[0mk#99f25ef6..[1m}[0m[2m:[0m [2msui_core::state_accumulator[0m[2m:[0m [2mcrates/sui-core/src/state_accumulator.rs[0m[2m:[0m[2m675:[0m accumulating running root for checkpoint 39
[2m2025-03-25T07:54:20.529077Z[0m [32m INFO[0m [1mnode[0m[1m{[0m[3mname[0m[2m=[0mk#addeef94..[1m}[0m[2m:[0m [2msui_core::checkpoints[0m[2m:[0m [2mcrates/sui-core/src/checkpoints/mod.rs[0m[2m:[0m[2m1326:[0m Creating checkpoint(s) for 1 transactions [3mnext_checkpoint_seq[0m[2m=[0m41 [3mcheckpoint_timestamp[0m[2m=[0m1742889259808
[2m2025-03-25T07:54:20.529324Z[0m [32m INFO[0m [1mnode[0m[1m{[0m[3mname[0m[2m=[0mk#addeef94..[1m}[0m[2m:[0m [2msui_core::checkpoints::checkpoint_output[0m[2m:[0m [2mcrates/sui-core/src/checkpoints/checkpoint_output.rs[0m[2m:[0m[2m149:[0m Creating checkpoint CheckpointDigest(SJwcaD4U2EfACxR3TcRxgRrXcxLCZUuRYzu7A9Cfayn) at epoch 0, sequence 41, previous digest Some(CheckpointDigest(HzzwLxV5YNsu5HKeUir9rAKGiB4YQJB2XhfM7UBH94mw)), transactions count 1, content digest CheckpointContentsDigest(7aSyVkkgKk7VDYjsWjqHR7YDB7siFYgu6Xh6XMPdRq5T), end_of_epoch_data None
[2m2025-03-25T07:54:20.532951Z[0m [32m INFO[0m [1mnode[0m[1m{[0m[3mname[0m[2m=[0mk#8dcff6d1..[1m}[0m[2m:[0m [2msui_core::checkpoints[0m[2m:[0m [2mcrates/sui-core/src/checkpoints/mod.rs[0m[2m:[0m[2m1326:[0m Creating checkpoint(s) for 1 transactions [3mnext_checkpoint_seq[0m[2m=[0m41 [3mcheckpoint_timestamp[0m[2m=[0m1742889259808
[2m2025-03-25T07:54:20.533138Z[0m [32m INFO[0m [1mnode[0m[1m{[0m[3mname[0m[2m=[0mk#8dcff6d1..[1m}[0m[2m:[0m [2msui_core::checkpoints::checkpoint_output[0m[2m:[0m [2mcrates/sui-core/src/checkpoints/checkpoint_output.rs[0m[2m:[0m[2m149:[0m Creating checkpoint CheckpointDigest(SJwcaD4U2EfACxR3TcRxgRrXcxLCZUuRYzu7A9Cfayn) at epoch 0, sequence 41, previous digest Some(CheckpointDigest(HzzwLxV5YNsu5HKeUir9rAKGiB4YQJB2XhfM7UBH94mw)), transactions count 1, content digest CheckpointContentsDigest(7aSyVkkgKk7VDYjsWjqHR7YDB7siFYgu6Xh6XMPdRq5T), end_of_epoch_data None
[2m2025-03-25T07:54:20.533489Z[0m [32m INFO[0m [1mnode[0m[1m{[0m[3mname[0m[2m=[0mk#addeef94..[1m}[0m[2m:[0m [2msui_core::checkpoints::checkpoint_executor[0m[2m:[0m [2mcrates/sui-core/src/checkpoints/checkpoint_executor/mod.rs[0m[2m:[0m[2m332:[0m Received checkpoint summary from state sync [3msequence_number[0m[2m=[0m38
[2m2025-03-25T07:54:20.533615Z[0m [32m INFO[0m [1mnode[0m[1m{[0m[3mname[0m[2m=[0mk#addeef94..[1m}[0m[2m:[0m [2msui_core::checkpoints::checkpoint_executor[0m[2m:[0m [2mcrates/sui-core/src/checkpoints/checkpoint_executor/mod.rs[0m[2m:[0m[2m332:[0m Received checkpoint summary from state sync [3msequence_number[0m[2m=[0m39
[2m2025-03-25T07:54:20.534838Z[0m [32m INFO[0m [1mnode[0m[1m{[0m[3mname[0m[2m=[0mk#addeef94..[1m}[0m[2m:[0m [2msui_core::state_accumulator[0m[2m:[0m [2mcrates/sui-core/src/state_accumulator.rs[0m[2m:[0m[2m675:[0m accumulating running root for checkpoint 38
[2m2025-03-25T07:54:20.535266Z[0m [32m INFO[0m [1mnode[0m[1m{[0m[3mname[0m[2m=[0mk#addeef94..[1m}[0m[2m:[0m [2msui_core::state_accumulator[0m[2m:[0m [2mcrates/sui-core/src/state_accumulator.rs[0m[2m:[0m[2m675:[0m accumulating running root for checkpoint 39
[2m2025-03-25T07:54:20.545666Z[0m [32m INFO[0m [1mnode[0m[1m{[0m[3mname[0m[2m=[0mk#99f25ef6..[1m}[0m[2m:[0m [2msui_core::checkpoints[0m[2m:[0m [2mcrates/sui-core/src/checkpoints/mod.rs[0m[2m:[0m[2m1326:[0m Creating checkpoint(s) for 1 transactions [3mnext_checkpoint_seq[0m[2m=[0m41 [3mcheckpoint_timestamp[0m[2m=[0m1742889259808
[2m2025-03-25T07:54:20.545862Z[0m [32m INFO[0m [1mnode[0m[1m{[0m[3mname[0m[2m=[0mk#99f25ef6..[1m}[0m[2m:[0m [2msui_core::checkpoints::checkpoint_output[0m[2m:[0m [2mcrates/sui-core/src/checkpoints/checkpoint_output.rs[0m[2m:[0m[2m149:[0m Creating checkpoint CheckpointDigest(SJwcaD4U2EfACxR3TcRxgRrXcxLCZUuRYzu7A9Cfayn) at epoch 0, sequence 41, previous digest Some(CheckpointDigest(HzzwLxV5YNsu5HKeUir9rAKGiB4YQJB2XhfM7UBH94mw)), transactions count 1, content digest CheckpointContentsDigest(7aSyVkkgKk7VDYjsWjqHR7YDB7siFYgu6Xh6XMPdRq5T), end_of_epoch_data None
[2m2025-03-25T07:54:20.576131Z[0m [32m INFO[0m [1mnode[0m[1m{[0m[3mname[0m[2m=[0mk#8dcff6d1..[1m}[0m[2m:[0m [2mconsensus_core::core[0m[2m:[0m [2mconsensus/core/src/core.rs[0m[2m:[0m[2m531:[0m Created block B28(A,Z876Y02rFuOym3BbMKDFSfP6XQID9Ldclg1f0qXAsbc=)(1742889260575ms;[B27(A,qKZ1WWF0zNiLK7WkHW5G/vbPBUvuXBfA3nhi3jC4+pc=), B27(B,WHeAL2qAskPsF+/sw2miDMruVco6VGvsrkClwFRif5A=), B27(C,tzoPPDT4pn9RMxXTSuvEriGCya3jHBZ5q3jOM/YoZ2U=)];2t;1c) for round 28
[2m2025-03-25T07:54:20.576758Z[0m [32m INFO[0m [1mnode[0m[1m{[0m[3mname[0m[2m=[0mk#99f25ef6..[1m}[0m[2m:[0m [2mconsensus_core::core[0m[2m:[0m [2mconsensus/core/src/core.rs[0m[2m:[0m[2m531:[0m Created block B28(B,clAk3qMXJ15piIY9k8rSon2P38uZXGHo/VqNcIpI4u8=)(1742889260576ms;[B27(B,WHeAL2qAskPsF+/sw2miDMruVco6VGvsrkClwFRif5A=), B27(A,qKZ1WWF0zNiLK7WkHW5G/vbPBUvuXBfA3nhi3jC4+pc=), B27(C,tzoPPDT4pn9RMxXTSuvEriGCya3jHBZ5q3jOM/YoZ2U=)];2t;1c) for round 28
[2m2025-03-25T07:54:20.578796Z[0m [32m INFO[0m [1mnode[0m[1m{[0m[3mname[0m[2m=[0mk#addeef94..[1m}[0m[2m:[0m [2mconsensus_core::core[0m[2m:[0m [2mconsensus/core/src/core.rs[0m[2m:[0m[2m531:[0m Created block B28(C,rcHcfWGMoKUsZJC/0szjZNG7OG4ZIR6m5OQBTcPUQEM=)(1742889260578ms;[B27(C,tzoPPDT4pn9RMxXTSuvEriGCya3jHBZ5q3jOM/YoZ2U=), B27(A,qKZ1WWF0zNiLK7WkHW5G/vbPBUvuXBfA3nhi3jC4+pc=), B27(B,WHeAL2qAskPsF+/sw2miDMruVco6VGvsrkClwFRif5A=)];2t;1c) for round 28
[2m2025-03-25T07:54:20.578874Z[0m [32m INFO[0m [1mnode[0m[1m{[0m[3mname[0m[2m=[0mk#addeef94..[1m}[0m[2m:[0m [2mconsensus_core::core[0m[2m:[0m [2mconsensus/core/src/core.rs[0m[2m:[0m[2m630:[0m Committing 1 leaders: B26(C,UTDL)
[2m2025-03-25T07:54:20.578942Z[0m [32m INFO[0m [1mnode[0m[1m{[0m[3mname[0m[2m=[0mk#addeef94..[1m}[0m[2m:[0m [2mconsensus_core::commit_observer[0m[2m:[0m [2mconsensus/core/src/commit_observer.rs[0m[2m:[0m[2m173:[0m Consensus commit C25(PH90) with leader B26(C,UTDL) has 3 blocks
[2m2025-03-25T07:54:20.579023Z[0m [32m INFO[0m [1mnode[0m[1m{[0m[3mname[0m[2m=[0mk#addeef94..[1m}[0m[2m:[0m [2msui_core::consensus_handler[0m[2m:[0m [2mcrates/sui-core/src/consensus_handler.rs[0m[2m:[0m[2m232:[0m Received consensus output [3mconsensus_commit[0m[2m=[0mCommittedSubDag(leader=B26(C,UTDL), ref=C25(PH90), blocks=[794E, itLb, UTDL]) [3mepoch[0m[2m=[0m0
[2m2025-03-25T07:54:20.581889Z[0m [32m INFO[0m [1mnode[0m[1m{[0m[3mname[0m[2m=[0mk#99f25ef6..[1m}[0m[2m:[0m [2mconsensus_core::core[0m[2m:[0m [2mconsensus/core/src/core.rs[0m[2m:[0m[2m630:[0m Committing 1 leaders: B26(C,UTDL)
[2m2025-03-25T07:54:20.581903Z[0m [32m INFO[0m [1mnode[0m[1m{[0m[3mname[0m[2m=[0mk#8dcff6d1..[1m}[0m[2m:[0m [2mconsensus_core::core[0m[2m:[0m [2mconsensus/core/src/core.rs[0m[2m:[0m[2m630:[0m Committing 1 leaders: B26(C,UTDL)
[2m2025-03-25T07:54:20.581975Z[0m [32m INFO[0m [1mnode[0m[1m{[0m[3mname[0m[2m=[0mk#99f25ef6..[1m}[0m[2m:[0m [2mconsensus_core::commit_observer[0m[2m:[0m [2mconsensus/core/src/commit_observer.rs[0m[2m:[0m[2m173:[0m Consensus commit C25(PH90) with leader B26(C,UTDL) has 3 blocks
[2m2025-03-25T07:54:20.581986Z[0m [32m INFO[0m [1mnode[0m[1m{[0m[3mname[0m[2m=[0mk#8dcff6d1..[1m}[0m[2m:[0m [2mconsensus_core::commit_observer[0m[2m:[0m [2mconsensus/core/src/commit_observer.rs[0m[2m:[0m[2m173:[0m Consensus commit C25(PH90) with leader B26(C,UTDL) has 3 blocks
[2m2025-03-25T07:54:20.582050Z[0m [32m INFO[0m [1mnode[0m[1m{[0m[3mname[0m[2m=[0mk#99f25ef6..[1m}[0m[2m:[0m [2msui_core::consensus_handler[0m[2m:[0m [2mcrates/sui-core/src/consensus_handler.rs[0m[2m:[0m[2m232:[0m Received consensus output [3mconsensus_commit[0m[2m=[0mCommittedSubDag(leader=B26(C,UTDL), ref=C25(PH90), blocks=[794E, itLb, UTDL]) [3mepoch[0m[2m=[0m0
[2m2025-03-25T07:54:20.582058Z[0m [32m INFO[0m [1mnode[0m[1m{[0m[3mname[0m[2m=[0mk#8dcff6d1..[1m}[0m[2m:[0m [2msui_core::consensus_handler[0m[2m:[0m [2mcrates/sui-core/src/consensus_handler.rs[0m[2m:[0m[2m232:[0m Received consensus output [3mconsensus_commit[0m[2m=[0mCommittedSubDag(leader=B26(C,UTDL), ref=C25(PH90), blocks=[794E, itLb, UTDL]) [3mepoch[0m[2m=[0m0
[2m2025-03-25T07:54:20.664672Z[0m [32m INFO[0m [1mnode[0m[1m{[0m[3mname[0m[2m=[0mk#addeef94..[1m}[0m[2m:[0m [2msui_core::checkpoints[0m[2m:[0m [2mcrates/sui-core/src/checkpoints/mod.rs[0m[2m:[0m[2m1326:[0m Creating checkpoint(s) for 1 transactions [3mnext_checkpoint_seq[0m[2m=[0m42 [3mcheckpoint_timestamp[0m[2m=[0m1742889260067
[2m2025-03-25T07:54:20.664919Z[0m [32m INFO[0m [1mnode[0m[1m{[0m[3mname[0m[2m=[0mk#addeef94..[1m}[0m[2m:[0m [2msui_core::checkpoints::checkpoint_output[0m[2m:[0m [2mcrates/sui-core/src/checkpoints/checkpoint_output.rs[0m[2m:[0m[2m149:[0m Creating checkpoint CheckpointDigest(PttbAzBNsdwULMMbMNoXNwW9NogkxeHsKHWmDxwG4cN) at epoch 0, sequence 42, previous digest Some(CheckpointDigest(SJwcaD4U2EfACxR3TcRxgRrXcxLCZUuRYzu7A9Cfayn)), transactions count 1, content digest CheckpointContentsDigest(6HBoaNugDfYQBWsttD3LZ2uNRWFvczXgYT2Pmxk9Pvfi), end_of_epoch_data None
[2m2025-03-25T07:54:20.666322Z[0m [32m INFO[0m [1mnode[0m[1m{[0m[3mname[0m[2m=[0mk#8dcff6d1..[1m}[0m[2m:[0m [2msui_core::checkpoints[0m[2m:[0m [2mcrates/sui-core/src/checkpoints/mod.rs[0m[2m:[0m[2m1326:[0m Creating checkpoint(s) for 1 transactions [3mnext_checkpoint_seq[0m[2m=[0m42 [3mcheckpoint_timestamp[0m[2m=[0m1742889260067
[2m2025-03-25T07:54:20.666395Z[0m [32m INFO[0m [1mnode[0m[1m{[0m[3mname[0m[2m=[0mk#99f25ef6..[1m}[0m[2m:[0m [2msui_core::checkpoints[0m[2m:[0m [2mcrates/sui-core/src/checkpoints/mod.rs[0m[2m:[0m[2m1326:[0m Creating checkpoint(s) for 1 transactions [3mnext_checkpoint_seq[0m[2m=[0m42 [3mcheckpoint_timestamp[0m[2m=[0m1742889260067
[2m2025-03-25T07:54:20.666496Z[0m [32m INFO[0m [1mnode[0m[1m{[0m[3mname[0m[2m=[0mk#8dcff6d1..[1m}[0m[2m:[0m [2msui_core::checkpoints::checkpoint_output[0m[2m:[0m [2mcrates/sui-core/src/checkpoints/checkpoint_output.rs[0m[2m:[0m[2m149:[0m Creating checkpoint CheckpointDigest(PttbAzBNsdwULMMbMNoXNwW9NogkxeHsKHWmDxwG4cN) at epoch 0, sequence 42, previous digest Some(CheckpointDigest(SJwcaD4U2EfACxR3TcRxgRrXcxLCZUuRYzu7A9Cfayn)), transactions count 1, content digest CheckpointContentsDigest(6HBoaNugDfYQBWsttD3LZ2uNRWFvczXgYT2Pmxk9Pvfi), end_of_epoch_data None
[2m2025-03-25T07:54:20.666562Z[0m [32m INFO[0m [1mnode[0m[1m{[0m[3mname[0m[2m=[0mk#99f25ef6..[1m}[0m[2m:[0m [2msui_core::checkpoints::checkpoint_output[0m[2m:[0m [2mcrates/sui-core/src/checkpoints/checkpoint_output.rs[0m[2m:[0m[2m149:[0m Creating checkpoint CheckpointDigest(PttbAzBNsdwULMMbMNoXNwW9NogkxeHsKHWmDxwG4cN) at epoch 0, sequence 42, previous digest Some(CheckpointDigest(SJwcaD4U2EfACxR3TcRxgRrXcxLCZUuRYzu7A9Cfayn)), transactions count 1, content digest CheckpointContentsDigest(6HBoaNugDfYQBWsttD3LZ2uNRWFvczXgYT2Pmxk9Pvfi), end_of_epoch_data None
[2m2025-03-25T07:54:20.670963Z[0m [32m INFO[0m [1mnode[0m[1m{[0m[3mname[0m[2m=[0mk#8dcff6d1..[1m}[0m[2m:[0m [2msui_core::checkpoints::checkpoint_output[0m[2m:[0m [2mcrates/sui-core/src/checkpoints/checkpoint_output.rs[0m[2m:[0m[2m196:[0m Certified checkpoint with sequence 40 and digest HzzwLxV5YNsu5HKeUir9rAKGiB4YQJB2XhfM7UBH94mw
[2m2025-03-25T07:54:20.670973Z[0m [32m INFO[0m [1mnode[0m[1m{[0m[3mname[0m[2m=[0mk#99f25ef6..[1m}[0m[2m:[0m [2msui_core::checkpoints::checkpoint_output[0m[2m:[0m [2mcrates/sui-core/src/checkpoints/checkpoint_output.rs[0m[2m:[0m[2m196:[0m Certified checkpoint with sequence 40 and digest HzzwLxV5YNsu5HKeUir9rAKGiB4YQJB2XhfM7UBH94mw
[2m2025-03-25T07:54:20.670986Z[0m [32m INFO[0m [1mnode[0m[1m{[0m[3mname[0m[2m=[0mk#8dcff6d1..[1m}[0m[2m:[0m [2msui_core::checkpoints::checkpoint_output[0m[2m:[0m [2mcrates/sui-core/src/checkpoints/checkpoint_output.rs[0m[2m:[0m[2m196:[0m Certified checkpoint with sequence 41 and digest SJwcaD4U2EfACxR3TcRxgRrXcxLCZUuRYzu7A9Cfayn
[2m2025-03-25T07:54:20.670992Z[0m [32m INFO[0m [1mnode[0m[1m{[0m[3mname[0m[2m=[0mk#99f25ef6..[1m}[0m[2m:[0m [2msui_core::checkpoints::checkpoint_output[0m[2m:[0m [2mcrates/sui-core/src/checkpoints/checkpoint_output.rs[0m[2m:[0m[2m196:[0m Certified checkpoint with sequence 41 and digest SJwcaD4U2EfACxR3TcRxgRrXcxLCZUuRYzu7A9Cfayn
[2m2025-03-25T07:54:20.671869Z[0m [32m INFO[0m [1mnode[0m[1m{[0m[3mname[0m[2m=[0mk#8dcff6d1..[1m}[0m[2m:[0m [2msui_core::checkpoints::checkpoint_executor[0m[2m:[0m [2mcrates/sui-core/src/checkpoints/checkpoint_executor/mod.rs[0m[2m:[0m[2m332:[0m Received checkpoint summary from state sync [3msequence_number[0m[2m=[0m40
[2m2025-03-25T07:54:20.671873Z[0m [32m INFO[0m [1mnode[0m[1m{[0m[3mname[0m[2m=[0mk#99f25ef6..[1m}[0m[2m:[0m [2msui_core::checkpoints::checkpoint_executor[0m[2m:[0m [2mcrates/sui-core/src/checkpoints/checkpoint_executor/mod.rs[0m[2m:[0m[2m332:[0m Received checkpoint summary from state sync [3msequence_number[0m[2m=[0m40
[2m2025-03-25T07:54:20.672006Z[0m [32m INFO[0m [1mnode[0m[1m{[0m[3mname[0m[2m=[0mk#99f25ef6..[1m}[0m[2m:[0m [2msui_core::checkpoints::checkpoint_executor[0m[2m:[0m [2mcrates/sui-core/src/checkpoints/checkpoint_executor/mod.rs[0m[2m:[0m[2m332:[0m Received checkpoint summary from state sync [3msequence_number[0m[2m=[0m41
[2m2025-03-25T07:54:20.672007Z[0m [32m INFO[0m [1mnode[0m[1m{[0m[3mname[0m[2m=[0mk#8dcff6d1..[1m}[0m[2m:[0m [2msui_core::checkpoints::checkpoint_executor[0m[2m:[0m [2mcrates/sui-core/src/checkpoints/checkpoint_executor/mod.rs[0m[2m:[0m[2m332:[0m Received checkpoint summary from state sync [3msequence_number[0m[2m=[0m41
[2m2025-03-25T07:54:20.673744Z[0m [32m INFO[0m [1mnode[0m[1m{[0m[3mname[0m[2m=[0mk#99f25ef6..[1m}[0m[2m:[0m [2msui_core::state_accumulator[0m[2m:[0m [2mcrates/sui-core/src/state_accumulator.rs[0m[2m:[0m[2m675:[0m accumulating running root for checkpoint 40
[2m2025-03-25T07:54:20.673744Z[0m [32m INFO[0m [1mnode[0m[1m{[0m[3mname[0m[2m=[0mk#8dcff6d1..[1m}[0m[2m:[0m [2msui_core::state_accumulator[0m[2m:[0m [2mcrates/sui-core/src/state_accumulator.rs[0m[2m:[0m[2m675:[0m accumulating running root for checkpoint 40
[2m2025-03-25T07:54:20.674181Z[0m [32m INFO[0m [1mnode[0m[1m{[0m[3mname[0m[2m=[0mk#8dcff6d1..[1m}[0m[2m:[0m [2msui_core::state_accumulator[0m[2m:[0m [2mcrates/sui-core/src/state_accumulator.rs[0m[2m:[0m[2m675:[0m accumulating running root for checkpoint 41
[2m2025-03-25T07:54:20.674187Z[0m [32m INFO[0m [1mnode[0m[1m{[0m[3mname[0m[2m=[0mk#99f25ef6..[1m}[0m[2m:[0m [2msui_core::state_accumulator[0m[2m:[0m [2mcrates/sui-core/src/state_accumulator.rs[0m[2m:[0m[2m675:[0m accumulating running root for checkpoint 41
[2m2025-03-25T07:54:20.768027Z[0m [32m INFO[0m [1mnode[0m[1m{[0m[3mname[0m[2m=[0mk#addeef94..[1m}[0m[2m:[0m [2msui_core::checkpoints[0m[2m:[0m [2mcrates/sui-core/src/checkpoints/mod.rs[0m[2m:[0m[2m1326:[0m Creating checkpoint(s) for 1 transactions [3mnext_checkpoint_seq[0m[2m=[0m43 [3mcheckpoint_timestamp[0m[2m=[0m1742889260067
[2m2025-03-25T07:54:20.768304Z[0m [32m INFO[0m [1mnode[0m[1m{[0m[3mname[0m[2m=[0mk#addeef94..[1m}[0m[2m:[0m [2msui_core::checkpoints::checkpoint_output[0m[2m:[0m [2mcrates/sui-core/src/checkpoints/checkpoint_output.rs[0m[2m:[0m[2m149:[0m Creating checkpoint CheckpointDigest(6a4dKC94CJ1LK9vbLTRQFavSoEdUiiYVGR3NRjPfobn6) at epoch 0, sequence 43, previous digest Some(CheckpointDigest(PttbAzBNsdwULMMbMNoXNwW9NogkxeHsKHWmDxwG4cN)), transactions count 1, content digest CheckpointContentsDigest(JB9pad8B3afMZag1HiBxJiYwcxLJQTzoGmjNMWgnettE), end_of_epoch_data None
[2m2025-03-25T07:54:20.779768Z[0m [32m INFO[0m [1mnode[0m[1m{[0m[3mname[0m[2m=[0mk#addeef94..[1m}[0m[2m:[0m [2msui_core::checkpoints::checkpoint_executor[0m[2m:[0m [2mcrates/sui-core/src/checkpoints/checkpoint_executor/mod.rs[0m[2m:[0m[2m332:[0m Received checkpoint summary from state sync [3msequence_number[0m[2m=[0m40
[2m2025-03-25T07:54:20.779907Z[0m [32m INFO[0m [1mnode[0m[1m{[0m[3mname[0m[2m=[0mk#addeef94..[1m}[0m[2m:[0m [2msui_core::checkpoints::checkpoint_executor[0m[2m:[0m [2mcrates/sui-core/src/checkpoints/checkpoint_executor/mod.rs[0m[2m:[0m[2m332:[0m Received checkpoint summary from state sync [3msequence_number[0m[2m=[0m41
[2m2025-03-25T07:54:20.781151Z[0m [32m INFO[0m [1mnode[0m[1m{[0m[3mname[0m[2m=[0mk#8dcff6d1..[1m}[0m[2m:[0m [2msui_core::checkpoints[0m[2m:[0m [2mcrates/sui-core/src/checkpoints/mod.rs[0m[2m:[0m[2m1326:[0m Creating checkpoint(s) for 1 transactions [3mnext_checkpoint_seq[0m[2m=[0m43 [3mcheckpoint_timestamp[0m[2m=[0m1742889260067
[2m2025-03-25T07:54:20.781215Z[0m [32m INFO[0m [1mnode[0m[1m{[0m[3mname[0m[2m=[0mk#addeef94..[1m}[0m[2m:[0m [2msui_core::state_accumulator[0m[2m:[0m [2mcrates/sui-core/src/state_accumulator.rs[0m[2m:[0m[2m675:[0m accumulating running root for checkpoint 40
[2m2025-03-25T07:54:20.781357Z[0m [32m INFO[0m [1mnode[0m[1m{[0m[3mname[0m[2m=[0mk#8dcff6d1..[1m}[0m[2m:[0m [2msui_core::checkpoints::checkpoint_output[0m[2m:[0m [2mcrates/sui-core/src/checkpoints/checkpoint_output.rs[0m[2m:[0m[2m149:[0m Creating checkpoint CheckpointDigest(6a4dKC94CJ1LK9vbLTRQFavSoEdUiiYVGR3NRjPfobn6) at epoch 0, sequence 43, previous digest Some(CheckpointDigest(PttbAzBNsdwULMMbMNoXNwW9NogkxeHsKHWmDxwG4cN)), transactions count 1, content digest CheckpointContentsDigest(JB9pad8B3afMZag1HiBxJiYwcxLJQTzoGmjNMWgnettE), end_of_epoch_data None
[2m2025-03-25T07:54:20.781654Z[0m [32m INFO[0m [1mnode[0m[1m{[0m[3mname[0m[2m=[0mk#addeef94..[1m}[0m[2m:[0m [2msui_core::state_accumulator[0m[2m:[0m [2mcrates/sui-core/src/state_accumulator.rs[0m[2m:[0m[2m675:[0m accumulating running root for checkpoint 41
[2m2025-03-25T07:54:20.786435Z[0m [32m INFO[0m [1mnode[0m[1m{[0m[3mname[0m[2m=[0mk#99f25ef6..[1m}[0m[2m:[0m [2msui_core::checkpoints[0m[2m:[0m [2mcrates/sui-core/src/checkpoints/mod.rs[0m[2m:[0m[2m1326:[0m Creating checkpoint(s) for 1 transactions [3mnext_checkpoint_seq[0m[2m=[0m43 [3mcheckpoint_timestamp[0m[2m=[0m1742889260067
[2m2025-03-25T07:54:20.786618Z[0m [32m INFO[0m [1mnode[0m[1m{[0m[3mname[0m[2m=[0mk#99f25ef6..[1m}[0m[2m:[0m [2msui_core::checkpoints::checkpoint_output[0m[2m:[0m [2mcrates/sui-core/src/checkpoints/checkpoint_output.rs[0m[2m:[0m[2m149:[0m Creating checkpoint CheckpointDigest(6a4dKC94CJ1LK9vbLTRQFavSoEdUiiYVGR3NRjPfobn6) at epoch 0, sequence 43, previous digest Some(CheckpointDigest(PttbAzBNsdwULMMbMNoXNwW9NogkxeHsKHWmDxwG4cN)), transactions count 1, content digest CheckpointContentsDigest(JB9pad8B3afMZag1HiBxJiYwcxLJQTzoGmjNMWgnettE), end_of_epoch_data None
[2m2025-03-25T07:54:20.833125Z[0m [32m INFO[0m [1mnode[0m[1m{[0m[3mname[0m[2m=[0mk#addeef94..[1m}[0m[2m:[0m [2mconsensus_core::core[0m[2m:[0m [2mconsensus/core/src/core.rs[0m[2m:[0m[2m531:[0m Created block B29(C,zJvYwATOwwcBprBz2TTFSZMeiyphhyp97cXHxCuKYcM=)(1742889260832ms;[B28(C,rcHcfWGMoKUsZJC/0szjZNG7OG4ZIR6m5OQBTcPUQEM=), B28(A,Z876Y02rFuOym3BbMKDFSfP6XQID9Ldclg1f0qXAsbc=), B28(B,clAk3qMXJ15piIY9k8rSon2P38uZXGHo/VqNcIpI4u8=)];2t;1c) for round 29
[2m2025-03-25T07:54:20.835423Z[0m [32m INFO[0m [1mnode[0m[1m{[0m[3mname[0m[2m=[0mk#99f25ef6..[1m}[0m[2m:[0m [2mconsensus_core::core[0m[2m:[0m [2mconsensus/core/src/core.rs[0m[2m:[0m[2m531:[0m Created block B29(B,pM5GtIakEs1ceiq7PcglPaMauRRLD8sPu4sfscbxitg=)(1742889260835ms;[B28(B,clAk3qMXJ15piIY9k8rSon2P38uZXGHo/VqNcIpI4u8=), B28(A,Z876Y02rFuOym3BbMKDFSfP6XQID9Ldclg1f0qXAsbc=), B28(C,rcHcfWGMoKUsZJC/0szjZNG7OG4ZIR6m5OQBTcPUQEM=)];2t;1c) for round 29
[2m2025-03-25T07:54:20.835424Z[0m [32m INFO[0m [1mnode[0m[1m{[0m[3mname[0m[2m=[0mk#8dcff6d1..[1m}[0m[2m:[0m [2mconsensus_core::core[0m[2m:[0m [2mconsensus/core/src/core.rs[0m[2m:[0m[2m531:[0m Created block B29(A,muyjKkomG95azafaP3B2uLOhITsUiGgToK3L/tMjHcI=)(1742889260835ms;[B28(A,Z876Y02rFuOym3BbMKDFSfP6XQID9Ldclg1f0qXAsbc=), B28(B,clAk3qMXJ15piIY9k8rSon2P38uZXGHo/VqNcIpI4u8=), B28(C,rcHcfWGMoKUsZJC/0szjZNG7OG4ZIR6m5OQBTcPUQEM=)];2t;1c) for round 29
[2m2025-03-25T07:54:20.835594Z[0m [32m INFO[0m [1mnode[0m[1m{[0m[3mname[0m[2m=[0mk#99f25ef6..[1m}[0m[2m:[0m [2mconsensus_core::core[0m[2m:[0m [2mconsensus/core/src/core.rs[0m[2m:[0m[2m630:[0m Committing 1 leaders: B27(A,qKZ1)
[2m2025-03-25T07:54:20.835594Z[0m [32m INFO[0m [1mnode[0m[1m{[0m[3mname[0m[2m=[0mk#8dcff6d1..[1m}[0m[2m:[0m [2mconsensus_core::core[0m[2m:[0m [2mconsensus/core/src/core.rs[0m[2m:[0m[2m630:[0m Committing 1 leaders: B27(A,qKZ1)
[2m2025-03-25T07:54:20.835685Z[0m [32m INFO[0m [1mnode[0m[1m{[0m[3mname[0m[2m=[0mk#99f25ef6..[1m}[0m[2m:[0m [2mconsensus_core::commit_observer[0m[2m:[0m [2mconsensus/core/src/commit_observer.rs[0m[2m:[0m[2m173:[0m Consensus commit C26(srUi) with leader B27(A,qKZ1) has 3 blocks
[2m2025-03-25T07:54:20.835685Z[0m [32m INFO[0m [1mnode[0m[1m{[0m[3mname[0m[2m=[0mk#8dcff6d1..[1m}[0m[2m:[0m [2mconsensus_core::commit_observer[0m[2m:[0m [2mconsensus/core/src/commit_observer.rs[0m[2m:[0m[2m173:[0m Consensus commit C26(srUi) with leader B27(A,qKZ1) has 3 blocks
[2m2025-03-25T07:54:20.836022Z[0m [32m INFO[0m [1mnode[0m[1m{[0m[3mname[0m[2m=[0mk#99f25ef6..[1m}[0m[2m:[0m [2msui_core::consensus_handler[0m[2m:[0m [2mcrates/sui-core/src/consensus_handler.rs[0m[2m:[0m[2m232:[0m Received consensus output [3mconsensus_commit[0m[2m=[0mCommittedSubDag(leader=B27(A,qKZ1), ref=C26(srUi), blocks=[xdo8, nnqg, qKZ1]) [3mepoch[0m[2m=[0m0
[2m2025-03-25T07:54:20.836022Z[0m [32m INFO[0m [1mnode[0m[1m{[0m[3mname[0m[2m=[0mk#8dcff6d1..[1m}[0m[2m:[0m [2msui_core::consensus_handler[0m[2m:[0m [2mcrates/sui-core/src/consensus_handler.rs[0m[2m:[0m[2m232:[0m Received consensus output [3mconsensus_commit[0m[2m=[0mCommittedSubDag(leader=B27(A,qKZ1), ref=C26(srUi), blocks=[xdo8, nnqg, qKZ1]) [3mepoch[0m[2m=[0m0
[2m2025-03-25T07:54:20.839030Z[0m [32m INFO[0m [1mnode[0m[1m{[0m[3mname[0m[2m=[0mk#addeef94..[1m}[0m[2m:[0m [2mconsensus_core::core[0m[2m:[0m [2mconsensus/core/src/core.rs[0m[2m:[0m[2m630:[0m Committing 1 leaders: B27(A,qKZ1)
[2m2025-03-25T07:54:20.839117Z[0m [32m INFO[0m [1mnode[0m[1m{[0m[3mname[0m[2m=[0mk#addeef94..[1m}[0m[2m:[0m [2mconsensus_core::commit_observer[0m[2m:[0m [2mconsensus/core/src/commit_observer.rs[0m[2m:[0m[2m173:[0m Consensus commit C26(srUi) with leader B27(A,qKZ1) has 3 blocks
[2m2025-03-25T07:54:20.839187Z[0m [32m INFO[0m [1mnode[0m[1m{[0m[3mname[0m[2m=[0mk#addeef94..[1m}[0m[2m:[0m [2msui_core::consensus_handler[0m[2m:[0m [2mcrates/sui-core/src/consensus_handler.rs[0m[2m:[0m[2m232:[0m Received consensus output [3mconsensus_commit[0m[2m=[0mCommittedSubDag(leader=B27(A,qKZ1), ref=C26(srUi), blocks=[xdo8, nnqg, qKZ1]) [3mepoch[0m[2m=[0m0
[2m2025-03-25T07:54:20.922650Z[0m [32m INFO[0m [1mnode[0m[1m{[0m[3mname[0m[2m=[0mk#addeef94..[1m}[0m[2m:[0m [2msui_core::checkpoints[0m[2m:[0m [2mcrates/sui-core/src/checkpoints/mod.rs[0m[2m:[0m[2m1326:[0m Creating checkpoint(s) for 1 transactions [3mnext_checkpoint_seq[0m[2m=[0m44 [3mcheckpoint_timestamp[0m[2m=[0m1742889260323
[2m2025-03-25T07:54:20.922650Z[0m [32m INFO[0m [1mnode[0m[1m{[0m[3mname[0m[2m=[0mk#99f25ef6..[1m}[0m[2m:[0m [2msui_core::checkpoints[0m[2m:[0m [2mcrates/sui-core/src/checkpoints/mod.rs[0m[2m:[0m[2m1326:[0m Creating checkpoint(s) for 1 transactions [3mnext_checkpoint_seq[0m[2m=[0m44 [3mcheckpoint_timestamp[0m[2m=[0m1742889260323
[2m2025-03-25T07:54:20.922650Z[0m [32m INFO[0m [1mnode[0m[1m{[0m[3mname[0m[2m=[0mk#8dcff6d1..[1m}[0m[2m:[0m [2msui_core::checkpoints[0m[2m:[0m [2mcrates/sui-core/src/checkpoints/mod.rs[0m[2m:[0m[2m1326:[0m Creating checkpoint(s) for 1 transactions [3mnext_checkpoint_seq[0m[2m=[0m44 [3mcheckpoint_timestamp[0m[2m=[0m1742889260323
[2m2025-03-25T07:54:20.922915Z[0m [32m INFO[0m [1mnode[0m[1m{[0m[3mname[0m[2m=[0mk#addeef94..[1m}[0m[2m:[0m [2msui_core::checkpoints::checkpoint_output[0m[2m:[0m [2mcrates/sui-core/src/checkpoints/checkpoint_output.rs[0m[2m:[0m[2m149:[0m Creating checkpoint CheckpointDigest(CCjNonjxBTLmtgFgXcW4B9xxGuY7bhGgcDhUyLAQFEzo) at epoch 0, sequence 44, previous digest Some(CheckpointDigest(6a4dKC94CJ1LK9vbLTRQFavSoEdUiiYVGR3NRjPfobn6)), transactions count 1, content digest CheckpointContentsDigest(LK3nnq9qwmfPEJTejQy9CwrAcEaxsuuUnLJH59oJmsX), end_of_epoch_data None
[2m2025-03-25T07:54:20.922915Z[0m [32m INFO[0m [1mnode[0m[1m{[0m[3mname[0m[2m=[0mk#8dcff6d1..[1m}[0m[2m:[0m [2msui_core::checkpoints::checkpoint_output[0m[2m:[0m [2mcrates/sui-core/src/checkpoints/checkpoint_output.rs[0m[2m:[0m[2m149:[0m Creating checkpoint CheckpointDigest(CCjNonjxBTLmtgFgXcW4B9xxGuY7bhGgcDhUyLAQFEzo) at epoch 0, sequence 44, previous digest Some(CheckpointDigest(6a4dKC94CJ1LK9vbLTRQFavSoEdUiiYVGR3NRjPfobn6)), transactions count 1, content digest CheckpointContentsDigest(LK3nnq9qwmfPEJTejQy9CwrAcEaxsuuUnLJH59oJmsX), end_of_epoch_data None
[2m2025-03-25T07:54:20.922915Z[0m [32m INFO[0m [1mnode[0m[1m{[0m[3mname[0m[2m=[0mk#99f25ef6..[1m}[0m[2m:[0m [2msui_core::checkpoints::checkpoint_output[0m[2m:[0m [2mcrates/sui-core/src/checkpoints/checkpoint_output.rs[0m[2m:[0m[2m149:[0m Creating checkpoint CheckpointDigest(CCjNonjxBTLmtgFgXcW4B9xxGuY7bhGgcDhUyLAQFEzo) at epoch 0, sequence 44, previous digest Some(CheckpointDigest(6a4dKC94CJ1LK9vbLTRQFavSoEdUiiYVGR3NRjPfobn6)), transactions count 1, content digest CheckpointContentsDigest(LK3nnq9qwmfPEJTejQy9CwrAcEaxsuuUnLJH59oJmsX), end_of_epoch_data None
[2m2025-03-25T07:54:20.927609Z[0m [32m INFO[0m [1mnode[0m[1m{[0m[3mname[0m[2m=[0mk#99f25ef6..[1m}[0m[2m:[0m [2msui_core::checkpoints::checkpoint_output[0m[2m:[0m [2mcrates/sui-core/src/checkpoints/checkpoint_output.rs[0m[2m:[0m[2m196:[0m Certified checkpoint with sequence 42 and digest PttbAzBNsdwULMMbMNoXNwW9NogkxeHsKHWmDxwG4cN
[2m2025-03-25T07:54:20.927628Z[0m [32m INFO[0m [1mnode[0m[1m{[0m[3mname[0m[2m=[0mk#8dcff6d1..[1m}[0m[2m:[0m [2msui_core::checkpoints::checkpoint_output[0m[2m:[0m [2mcrates/sui-core/src/checkpoints/checkpoint_output.rs[0m[2m:[0m[2m196:[0m Certified checkpoint with sequence 42 and digest PttbAzBNsdwULMMbMNoXNwW9NogkxeHsKHWmDxwG4cN
[2m2025-03-25T07:54:20.927633Z[0m [32m INFO[0m [1mnode[0m[1m{[0m[3mname[0m[2m=[0mk#99f25ef6..[1m}[0m[2m:[0m [2msui_core::checkpoints::checkpoint_output[0m[2m:[0m [2mcrates/sui-core/src/checkpoints/checkpoint_output.rs[0m[2m:[0m[2m196:[0m Certified checkpoint with sequence 43 and digest 6a4dKC94CJ1LK9vbLTRQFavSoEdUiiYVGR3NRjPfobn6
[2m2025-03-25T07:54:20.927647Z[0m [32m INFO[0m [1mnode[0m[1m{[0m[3mname[0m[2m=[0mk#8dcff6d1..[1m}[0m[2m:[0m [2msui_core::checkpoints::checkpoint_output[0m[2m:[0m [2mcrates/sui-core/src/checkpoints/checkpoint_output.rs[0m[2m:[0m[2m196:[0m Certified checkpoint with sequence 43 and digest 6a4dKC94CJ1LK9vbLTRQFavSoEdUiiYVGR3NRjPfobn6
[2m2025-03-25T07:54:20.928521Z[0m [32m INFO[0m [1mnode[0m[1m{[0m[3mname[0m[2m=[0mk#8dcff6d1..[1m}[0m[2m:[0m [2msui_core::checkpoints::checkpoint_executor[0m[2m:[0m [2mcrates/sui-core/src/checkpoints/checkpoint_executor/mod.rs[0m[2m:[0m[2m332:[0m Received checkpoint summary from state sync [3msequence_number[0m[2m=[0m42
[2m2025-03-25T07:54:20.928551Z[0m [32m INFO[0m [1mnode[0m[1m{[0m[3mname[0m[2m=[0mk#99f25ef6..[1m}[0m[2m:[0m [2msui_core::checkpoints::checkpoint_executor[0m[2m:[0m [2mcrates/sui-core/src/checkpoints/checkpoint_executor/mod.rs[0m[2m:[0m[2m332:[0m Received checkpoint summary from state sync [3msequence_number[0m[2m=[0m42
[2m2025-03-25T07:54:20.928660Z[0m [32m INFO[0m [1mnode[0m[1m{[0m[3mname[0m[2m=[0mk#8dcff6d1..[1m}[0m[2m:[0m [2msui_core::checkpoints::checkpoint_executor[0m[2m:[0m [2mcrates/sui-core/src/checkpoints/checkpoint_executor/mod.rs[0m[2m:[0m[2m332:[0m Received checkpoint summary from state sync [3msequence_number[0m[2m=[0m43
[2m2025-03-25T07:54:20.928667Z[0m [32m INFO[0m [1mnode[0m[1m{[0m[3mname[0m[2m=[0mk#99f25ef6..[1m}[0m[2m:[0m [2msui_core::checkpoints::checkpoint_executor[0m[2m:[0m [2mcrates/sui-core/src/checkpoints/checkpoint_executor/mod.rs[0m[2m:[0m[2m332:[0m Received checkpoint summary from state sync [3msequence_number[0m[2m=[0m43
[2m2025-03-25T07:54:20.930429Z[0m [32m INFO[0m [1mnode[0m[1m{[0m[3mname[0m[2m=[0mk#99f25ef6..[1m}[0m[2m:[0m [2msui_core::state_accumulator[0m[2m:[0m [2mcrates/sui-core/src/state_accumulator.rs[0m[2m:[0m[2m675:[0m accumulating running root for checkpoint 42
[2m2025-03-25T07:54:20.930429Z[0m [32m INFO[0m [1mnode[0m[1m{[0m[3mname[0m[2m=[0mk#8dcff6d1..[1m}[0m[2m:[0m [2msui_core::state_accumulator[0m[2m:[0m [2mcrates/sui-core/src/state_accumulator.rs[0m[2m:[0m[2m675:[0m accumulating running root for checkpoint 42
[2m2025-03-25T07:54:20.930864Z[0m [32m INFO[0m [1mnode[0m[1m{[0m[3mname[0m[2m=[0mk#99f25ef6..[1m}[0m[2m:[0m [2msui_core::state_accumulator[0m[2m:[0m [2mcrates/sui-core/src/state_accumulator.rs[0m[2m:[0m[2m675:[0m accumulating running root for checkpoint 43
[2m2025-03-25T07:54:20.930878Z[0m [32m INFO[0m [1mnode[0m[1m{[0m[3mname[0m[2m=[0mk#8dcff6d1..[1m}[0m[2m:[0m [2msui_core::state_accumulator[0m[2m:[0m [2mcrates/sui-core/src/state_accumulator.rs[0m[2m:[0m[2m675:[0m accumulating running root for checkpoint 43
[2m2025-03-25T07:54:21.041048Z[0m [32m INFO[0m [1mnode[0m[1m{[0m[3mname[0m[2m=[0mk#addeef94..[1m}[0m[2m:[0m [2msui_core::checkpoints[0m[2m:[0m [2mcrates/sui-core/src/checkpoints/mod.rs[0m[2m:[0m[2m1326:[0m Creating checkpoint(s) for 1 transactions [3mnext_checkpoint_seq[0m[2m=[0m45 [3mcheckpoint_timestamp[0m[2m=[0m1742889260323
[2m2025-03-25T07:54:21.041317Z[0m [32m INFO[0m [1mnode[0m[1m{[0m[3mname[0m[2m=[0mk#addeef94..[1m}[0m[2m:[0m [2msui_core::checkpoints::checkpoint_output[0m[2m:[0m [2mcrates/sui-core/src/checkpoints/checkpoint_output.rs[0m[2m:[0m[2m149:[0m Creating checkpoint CheckpointDigest(EjP9kfrk6mJxPpJbcTFTJXuSP6k55nMK43sGPTuCw97f) at epoch 0, sequence 45, previous digest Some(CheckpointDigest(CCjNonjxBTLmtgFgXcW4B9xxGuY7bhGgcDhUyLAQFEzo)), transactions count 1, content digest CheckpointContentsDigest(89dC9wqrS7dVcZvY1cMnjUYrX9CiaNZnhQMNWhAYh3cT), end_of_epoch_data None
[2m2025-03-25T07:54:21.042830Z[0m [32m INFO[0m [1mnode[0m[1m{[0m[3mname[0m[2m=[0mk#99f25ef6..[1m}[0m[2m:[0m [2msui_core::checkpoints[0m[2m:[0m [2mcrates/sui-core/src/checkpoints/mod.rs[0m[2m:[0m[2m1326:[0m Creating checkpoint(s) for 1 transactions [3mnext_checkpoint_seq[0m[2m=[0m45 [3mcheckpoint_timestamp[0m[2m=[0m1742889260323
[2m2025-03-25T07:54:21.042850Z[0m [32m INFO[0m [1mnode[0m[1m{[0m[3mname[0m[2m=[0mk#8dcff6d1..[1m}[0m[2m:[0m [2msui_core::checkpoints[0m[2m:[0m [2mcrates/sui-core/src/checkpoints/mod.rs[0m[2m:[0m[2m1326:[0m Creating checkpoint(s) for 1 transactions [3mnext_checkpoint_seq[0m[2m=[0m45 [3mcheckpoint_timestamp[0m[2m=[0m1742889260323
[2m2025-03-25T07:54:21.043025Z[0m [32m INFO[0m [1mnode[0m[1m{[0m[3mname[0m[2m=[0mk#99f25ef6..[1m}[0m[2m:[0m [2msui_core::checkpoints::checkpoint_output[0m[2m:[0m [2mcrates/sui-core/src/checkpoints/checkpoint_output.rs[0m[2m:[0m[2m149:[0m Creating checkpoint CheckpointDigest(EjP9kfrk6mJxPpJbcTFTJXuSP6k55nMK43sGPTuCw97f) at epoch 0, sequence 45, previous digest Some(CheckpointDigest(CCjNonjxBTLmtgFgXcW4B9xxGuY7bhGgcDhUyLAQFEzo)), transactions count 1, content digest CheckpointContentsDigest(89dC9wqrS7dVcZvY1cMnjUYrX9CiaNZnhQMNWhAYh3cT), end_of_epoch_data None
[2m2025-03-25T07:54:21.043033Z[0m [32m INFO[0m [1mnode[0m[1m{[0m[3mname[0m[2m=[0mk#8dcff6d1..[1m}[0m[2m:[0m [2msui_core::checkpoints::checkpoint_output[0m[2m:[0m [2mcrates/sui-core/src/checkpoints/checkpoint_output.rs[0m[2m:[0m[2m149:[0m Creating checkpoint CheckpointDigest(EjP9kfrk6mJxPpJbcTFTJXuSP6k55nMK43sGPTuCw97f) at epoch 0, sequence 45, previous digest Some(CheckpointDigest(CCjNonjxBTLmtgFgXcW4B9xxGuY7bhGgcDhUyLAQFEzo)), transactions count 1, content digest CheckpointContentsDigest(89dC9wqrS7dVcZvY1cMnjUYrX9CiaNZnhQMNWhAYh3cT), end_of_epoch_data None
[2m2025-03-25T07:54:21.045753Z[0m [32m INFO[0m [1mnode[0m[1m{[0m[3mname[0m[2m=[0mk#addeef94..[1m}[0m[2m:[0m [2msui_core::checkpoints::checkpoint_executor[0m[2m:[0m [2mcrates/sui-core/src/checkpoints/checkpoint_executor/mod.rs[0m[2m:[0m[2m332:[0m Received checkpoint summary from state sync [3msequence_number[0m[2m=[0m42
[2m2025-03-25T07:54:21.045886Z[0m [32m INFO[0m [1mnode[0m[1m{[0m[3mname[0m[2m=[0mk#addeef94..[1m}[0m[2m:[0m [2msui_core::checkpoints::checkpoint_executor[0m[2m:[0m [2mcrates/sui-core/src/checkpoints/checkpoint_executor/mod.rs[0m[2m:[0m[2m332:[0m Received checkpoint summary from state sync [3msequence_number[0m[2m=[0m43
[2m2025-03-25T07:54:21.047081Z[0m [32m INFO[0m [1mnode[0m[1m{[0m[3mname[0m[2m=[0mk#addeef94..[1m}[0m[2m:[0m [2msui_core::state_accumulator[0m[2m:[0m [2mcrates/sui-core/src/state_accumulator.rs[0m[2m:[0m[2m675:[0m accumulating running root for checkpoint 42
[2m2025-03-25T07:54:21.047497Z[0m [32m INFO[0m [1mnode[0m[1m{[0m[3mname[0m[2m=[0mk#addeef94..[1m}[0m[2m:[0m [2msui_core::state_accumulator[0m[2m:[0m [2mcrates/sui-core/src/state_accumulator.rs[0m[2m:[0m[2m675:[0m accumulating running root for checkpoint 43
[2m2025-03-25T07:54:21.087988Z[0m [32m INFO[0m [1mnode[0m[1m{[0m[3mname[0m[2m=[0mk#8dcff6d1..[1m}[0m[2m:[0m [2mconsensus_core::core[0m[2m:[0m [2mconsensus/core/src/core.rs[0m[2m:[0m[2m531:[0m Created block B30(A,HCC/M9F5qomBd6/OiU+DVNotT4XPSxjMjOLp8TouIHc=)(1742889261087ms;[B29(A,muyjKkomG95azafaP3B2uLOhITsUiGgToK3L/tMjHcI=), B29(B,pM5GtIakEs1ceiq7PcglPaMauRRLD8sPu4sfscbxitg=), B29(C,zJvYwATOwwcBprBz2TTFSZMeiyphhyp97cXHxCuKYcM=)];2t;1c) for round 30
[2m2025-03-25T07:54:21.088217Z[0m [32m INFO[0m [1mnode[0m[1m{[0m[3mname[0m[2m=[0mk#99f25ef6..[1m}[0m[2m:[0m [2mconsensus_core::core[0m[2m:[0m [2mconsensus/core/src/core.rs[0m[2m:[0m[2m531:[0m Created block B30(B,F4m6RAnvToLL2NjkqGK0NSHwob2okdXyzoEP8HLJRdM=)(1742889261087ms;[B29(B,pM5GtIakEs1ceiq7PcglPaMauRRLD8sPu4sfscbxitg=), B29(A,muyjKkomG95azafaP3B2uLOhITsUiGgToK3L/tMjHcI=), B29(C,zJvYwATOwwcBprBz2TTFSZMeiyphhyp97cXHxCuKYcM=)];2t;1c) for round 30
[2m2025-03-25T07:54:21.090670Z[0m [32m INFO[0m [1mnode[0m[1m{[0m[3mname[0m[2m=[0mk#addeef94..[1m}[0m[2m:[0m [2mconsensus_core::core[0m[2m:[0m [2mconsensus/core/src/core.rs[0m[2m:[0m[2m531:[0m Created block B30(C,iyDLu659Bpkiy9TXc9sf4J7xWUtxNWr5i0H8R301yS0=)(1742889261090ms;[B29(C,zJvYwATOwwcBprBz2TTFSZMeiyphhyp97cXHxCuKYcM=), B29(A,muyjKkomG95azafaP3B2uLOhITsUiGgToK3L/tMjHcI=), B29(B,pM5GtIakEs1ceiq7PcglPaMauRRLD8sPu4sfscbxitg=)];2t;1c) for round 30
[2m2025-03-25T07:54:21.090750Z[0m [32m INFO[0m [1mnode[0m[1m{[0m[3mname[0m[2m=[0mk#addeef94..[1m}[0m[2m:[0m [2mconsensus_core::core[0m[2m:[0m [2mconsensus/core/src/core.rs[0m[2m:[0m[2m630:[0m Committing 1 leaders: B28(C,rcHc)
[2m2025-03-25T07:54:21.090819Z[0m [32m INFO[0m [1mnode[0m[1m{[0m[3mname[0m[2m=[0mk#addeef94..[1m}[0m[2m:[0m [2mconsensus_core::commit_observer[0m[2m:[0m [2mconsensus/core/src/commit_observer.rs[0m[2m:[0m[2m173:[0m Consensus commit C27(sFNp) with leader B28(C,rcHc) has 3 blocks
[2m2025-03-25T07:54:21.090904Z[0m [32m INFO[0m [1mnode[0m[1m{[0m[3mname[0m[2m=[0mk#addeef94..[1m}[0m[2m:[0m [2msui_core::consensus_handler[0m[2m:[0m [2mcrates/sui-core/src/consensus_handler.rs[0m[2m:[0m[2m232:[0m Received consensus output [3mconsensus_commit[0m[2m=[0mCommittedSubDag(leader=B28(C,rcHc), ref=C27(sFNp), blocks=[WHeA, tzoP, rcHc]) [3mepoch[0m[2m=[0m0
[2m2025-03-25T07:54:21.093845Z[0m [32m INFO[0m [1mnode[0m[1m{[0m[3mname[0m[2m=[0mk#99f25ef6..[1m}[0m[2m:[0m [2mconsensus_core::core[0m[2m:[0m [2mconsensus/core/src/core.rs[0m[2m:[0m[2m630:[0m Committing 1 leaders: B28(C,rcHc)
[2m2025-03-25T07:54:21.093873Z[0m [32m INFO[0m [1mnode[0m[1m{[0m[3mname[0m[2m=[0mk#8dcff6d1..[1m}[0m[2m:[0m [2mconsensus_core::core[0m[2m:[0m [2mconsensus/core/src/core.rs[0m[2m:[0m[2m630:[0m Committing 1 leaders: B28(C,rcHc)
[2m2025-03-25T07:54:21.093927Z[0m [32m INFO[0m [1mnode[0m[1m{[0m[3mname[0m[2m=[0mk#99f25ef6..[1m}[0m[2m:[0m [2mconsensus_core::commit_observer[0m[2m:[0m [2mconsensus/core/src/commit_observer.rs[0m[2m:[0m[2m173:[0m Consensus commit C27(sFNp) with leader B28(C,rcHc) has 3 blocks
[2m2025-03-25T07:54:21.093956Z[0m [32m INFO[0m [1mnode[0m[1m{[0m[3mname[0m[2m=[0mk#8dcff6d1..[1m}[0m[2m:[0m [2mconsensus_core::commit_observer[0m[2m:[0m [2mconsensus/core/src/commit_observer.rs[0m[2m:[0m[2m173:[0m Consensus commit C27(sFNp) with leader B28(C,rcHc) has 3 blocks
[2m2025-03-25T07:54:21.093998Z[0m [32m INFO[0m [1mnode[0m[1m{[0m[3mname[0m[2m=[0mk#99f25ef6..[1m}[0m[2m:[0m [2msui_core::consensus_handler[0m[2m:[0m [2mcrates/sui-core/src/consensus_handler.rs[0m[2m:[0m[2m232:[0m Received consensus output [3mconsensus_commit[0m[2m=[0mCommittedSubDag(leader=B28(C,rcHc), ref=C27(sFNp), blocks=[WHeA, tzoP, rcHc]) [3mepoch[0m[2m=[0m0
[2m2025-03-25T07:54:21.094027Z[0m [32m INFO[0m [1mnode[0m[1m{[0m[3mname[0m[2m=[0mk#8dcff6d1..[1m}[0m[2m:[0m [2msui_core::consensus_handler[0m[2m:[0m [2mcrates/sui-core/src/consensus_handler.rs[0m[2m:[0m[2m232:[0m Received consensus output [3mconsensus_commit[0m[2m=[0mCommittedSubDag(leader=B28(C,rcHc), ref=C27(sFNp), blocks=[WHeA, tzoP, rcHc]) [3mepoch[0m[2m=[0m0
[2m2025-03-25T07:54:21.173650Z[0m [32m INFO[0m [1mnode[0m[1m{[0m[3mname[0m[2m=[0mk#addeef94..[1m}[0m[2m:[0m [2msui_core::checkpoints[0m[2m:[0m [2mcrates/sui-core/src/checkpoints/mod.rs[0m[2m:[0m[2m1326:[0m Creating checkpoint(s) for 1 transactions [3mnext_checkpoint_seq[0m[2m=[0m46 [3mcheckpoint_timestamp[0m[2m=[0m1742889260578
[2m2025-03-25T07:54:21.173909Z[0m [32m INFO[0m [1mnode[0m[1m{[0m[3mname[0m[2m=[0mk#addeef94..[1m}[0m[2m:[0m [2msui_core::checkpoints::checkpoint_output[0m[2m:[0m [2mcrates/sui-core/src/checkpoints/checkpoint_output.rs[0m[2m:[0m[2m149:[0m Creating checkpoint CheckpointDigest(DGfowRyep4jd6ZwVhyrjPD73CnpL76ftV6zckW9jsxmA) at epoch 0, sequence 46, previous digest Some(CheckpointDigest(EjP9kfrk6mJxPpJbcTFTJXuSP6k55nMK43sGPTuCw97f)), transactions count 1, content digest CheckpointContentsDigest(4C7XiBN4vvdcHaRwjUwpNLdcVw13V1RK2buMvVZJQi7U), end_of_epoch_data None
[2m2025-03-25T07:54:21.176125Z[0m [32m INFO[0m [1mnode[0m[1m{[0m[3mname[0m[2m=[0mk#99f25ef6..[1m}[0m[2m:[0m [2msui_core::checkpoints[0m[2m:[0m [2mcrates/sui-core/src/checkpoints/mod.rs[0m[2m:[0m[2m1326:[0m Creating checkpoint(s) for 1 transactions [3mnext_checkpoint_seq[0m[2m=[0m46 [3mcheckpoint_timestamp[0m[2m=[0m1742889260578
[2m2025-03-25T07:54:21.176240Z[0m [32m INFO[0m [1mnode[0m[1m{[0m[3mname[0m[2m=[0mk#8dcff6d1..[1m}[0m[2m:[0m [2msui_core::checkpoints[0m[2m:[0m [2mcrates/sui-core/src/checkpoints/mod.rs[0m[2m:[0m[2m1326:[0m Creating checkpoint(s) for 1 transactions [3mnext_checkpoint_seq[0m[2m=[0m46 [3mcheckpoint_timestamp[0m[2m=[0m1742889260578
[2m2025-03-25T07:54:21.176428Z[0m [32m INFO[0m [1mnode[0m[1m{[0m[3mname[0m[2m=[0mk#8dcff6d1..[1m}[0m[2m:[0m [2msui_core::checkpoints::checkpoint_output[0m[2m:[0m [2mcrates/sui-core/src/checkpoints/checkpoint_output.rs[0m[2m:[0m[2m149:[0m Creating checkpoint CheckpointDigest(DGfowRyep4jd6ZwVhyrjPD73CnpL76ftV6zckW9jsxmA) at epoch 0, sequence 46, previous digest Some(CheckpointDigest(EjP9kfrk6mJxPpJbcTFTJXuSP6k55nMK43sGPTuCw97f)), transactions count 1, content digest CheckpointContentsDigest(4C7XiBN4vvdcHaRwjUwpNLdcVw13V1RK2buMvVZJQi7U), end_of_epoch_data None
[2m2025-03-25T07:54:21.176674Z[0m [32m INFO[0m [1mnode[0m[1m{[0m[3mname[0m[2m=[0mk#99f25ef6..[1m}[0m[2m:[0m [2msui_core::checkpoints::checkpoint_output[0m[2m:[0m [2mcrates/sui-core/src/checkpoints/checkpoint_output.rs[0m[2m:[0m[2m149:[0m Creating checkpoint CheckpointDigest(DGfowRyep4jd6ZwVhyrjPD73CnpL76ftV6zckW9jsxmA) at epoch 0, sequence 46, previous digest Some(CheckpointDigest(EjP9kfrk6mJxPpJbcTFTJXuSP6k55nMK43sGPTuCw97f)), transactions count 1, content digest CheckpointContentsDigest(4C7XiBN4vvdcHaRwjUwpNLdcVw13V1RK2buMvVZJQi7U), end_of_epoch_data None
[2m2025-03-25T07:54:21.181036Z[0m [32m INFO[0m [1mnode[0m[1m{[0m[3mname[0m[2m=[0mk#99f25ef6..[1m}[0m[2m:[0m [2msui_core::checkpoints::checkpoint_output[0m[2m:[0m [2mcrates/sui-core/src/checkpoints/checkpoint_output.rs[0m[2m:[0m[2m196:[0m Certified checkpoint with sequence 44 and digest CCjNonjxBTLmtgFgXcW4B9xxGuY7bhGgcDhUyLAQFEzo
[2m2025-03-25T07:54:21.181046Z[0m [32m INFO[0m [1mnode[0m[1m{[0m[3mname[0m[2m=[0mk#8dcff6d1..[1m}[0m[2m:[0m [2msui_core::checkpoints::checkpoint_output[0m[2m:[0m [2mcrates/sui-core/src/checkpoints/checkpoint_output.rs[0m[2m:[0m[2m196:[0m Certified checkpoint with sequence 44 and digest CCjNonjxBTLmtgFgXcW4B9xxGuY7bhGgcDhUyLAQFEzo
[2m2025-03-25T07:54:21.181061Z[0m [32m INFO[0m [1mnode[0m[1m{[0m[3mname[0m[2m=[0mk#99f25ef6..[1m}[0m[2m:[0m [2msui_core::checkpoints::checkpoint_output[0m[2m:[0m [2mcrates/sui-core/src/checkpoints/checkpoint_output.rs[0m[2m:[0m[2m196:[0m Certified checkpoint with sequence 45 and digest EjP9kfrk6mJxPpJbcTFTJXuSP6k55nMK43sGPTuCw97f
[2m2025-03-25T07:54:21.181066Z[0m [32m INFO[0m [1mnode[0m[1m{[0m[3mname[0m[2m=[0mk#8dcff6d1..[1m}[0m[2m:[0m [2msui_core::checkpoints::checkpoint_output[0m[2m:[0m [2mcrates/sui-core/src/checkpoints/checkpoint_output.rs[0m[2m:[0m[2m196:[0m Certified checkpoint with sequence 45 and digest EjP9kfrk6mJxPpJbcTFTJXuSP6k55nMK43sGPTuCw97f
[2m2025-03-25T07:54:21.181979Z[0m [32m INFO[0m [1mnode[0m[1m{[0m[3mname[0m[2m=[0mk#99f25ef6..[1m}[0m[2m:[0m [2msui_core::checkpoints::checkpoint_executor[0m[2m:[0m [2mcrates/sui-core/src/checkpoints/checkpoint_executor/mod.rs[0m[2m:[0m[2m332:[0m Received checkpoint summary from state sync [3msequence_number[0m[2m=[0m44
[2m2025-03-25T07:54:21.181979Z[0m [32m INFO[0m [1mnode[0m[1m{[0m[3mname[0m[2m=[0mk#8dcff6d1..[1m}[0m[2m:[0m [2msui_core::checkpoints::checkpoint_executor[0m[2m:[0m [2mcrates/sui-core/src/checkpoints/checkpoint_executor/mod.rs[0m[2m:[0m[2m332:[0m Received checkpoint summary from state sync [3msequence_number[0m[2m=[0m44
[2m2025-03-25T07:54:21.182164Z[0m [32m INFO[0m [1mnode[0m[1m{[0m[3mname[0m[2m=[0mk#99f25ef6..[1m}[0m[2m:[0m [2msui_core::checkpoints::checkpoint_executor[0m[2m:[0m [2mcrates/sui-core/src/checkpoints/checkpoint_executor/mod.rs[0m[2m:[0m[2m332:[0m Received checkpoint summary from state sync [3msequence_number[0m[2m=[0m45
[2m2025-03-25T07:54:21.182188Z[0m [32m INFO[0m [1mnode[0m[1m{[0m[3mname[0m[2m=[0mk#8dcff6d1..[1m}[0m[2m:[0m [2msui_core::checkpoints::checkpoint_executor[0m[2m:[0m [2mcrates/sui-core/src/checkpoints/checkpoint_executor/mod.rs[0m[2m:[0m[2m332:[0m Received checkpoint summary from state sync [3msequence_number[0m[2m=[0m45
[2m2025-03-25T07:54:21.184144Z[0m [32m INFO[0m [1mnode[0m[1m{[0m[3mname[0m[2m=[0mk#8dcff6d1..[1m}[0m[2m:[0m [2msui_core::state_accumulator[0m[2m:[0m [2mcrates/sui-core/src/state_accumulator.rs[0m[2m:[0m[2m675:[0m accumulating running root for checkpoint 44
[2m2025-03-25T07:54:21.184144Z[0m [32m INFO[0m [1mnode[0m[1m{[0m[3mname[0m[2m=[0mk#99f25ef6..[1m}[0m[2m:[0m [2msui_core::state_accumulator[0m[2m:[0m [2mcrates/sui-core/src/state_accumulator.rs[0m[2m:[0m[2m675:[0m accumulating running root for checkpoint 44
[2m2025-03-25T07:54:21.184601Z[0m [32m INFO[0m [1mnode[0m[1m{[0m[3mname[0m[2m=[0mk#8dcff6d1..[1m}[0m[2m:[0m [2msui_core::state_accumulator[0m[2m:[0m [2mcrates/sui-core/src/state_accumulator.rs[0m[2m:[0m[2m675:[0m accumulating running root for checkpoint 45
[2m2025-03-25T07:54:21.184605Z[0m [32m INFO[0m [1mnode[0m[1m{[0m[3mname[0m[2m=[0mk#99f25ef6..[1m}[0m[2m:[0m [2msui_core::state_accumulator[0m[2m:[0m [2mcrates/sui-core/src/state_accumulator.rs[0m[2m:[0m[2m675:[0m accumulating running root for checkpoint 45
[2m2025-03-25T07:54:21.286088Z[0m [32m INFO[0m [1mnode[0m[1m{[0m[3mname[0m[2m=[0mk#8dcff6d1..[1m}[0m[2m:[0m [2msui_core::checkpoints[0m[2m:[0m [2mcrates/sui-core/src/checkpoints/mod.rs[0m[2m:[0m[2m1326:[0m Creating checkpoint(s) for 1 transactions [3mnext_checkpoint_seq[0m[2m=[0m47 [3mcheckpoint_timestamp[0m[2m=[0m1742889260578
[2m2025-03-25T07:54:21.286335Z[0m [32m INFO[0m [1mnode[0m[1m{[0m[3mname[0m[2m=[0mk#8dcff6d1..[1m}[0m[2m:[0m [2msui_core::checkpoints::checkpoint_output[0m[2m:[0m [2mcrates/sui-core/src/checkpoints/checkpoint_output.rs[0m[2m:[0m[2m149:[0m Creating checkpoint CheckpointDigest(2tVNxKbiVBH9Lj9DKaQ7jA4TMaUagcjd3fwChyUqTqMF) at epoch 0, sequence 47, previous digest Some(CheckpointDigest(DGfowRyep4jd6ZwVhyrjPD73CnpL76ftV6zckW9jsxmA)), transactions count 1, content digest CheckpointContentsDigest(AqZPDuqXFiM2BuwD49zoXXPLu9E2PLCxv12B2m8KcGys), end_of_epoch_data None
[2m2025-03-25T07:54:21.290457Z[0m [32m INFO[0m [1mnode[0m[1m{[0m[3mname[0m[2m=[0mk#addeef94..[1m}[0m[2m:[0m [2msui_core::checkpoints[0m[2m:[0m [2mcrates/sui-core/src/checkpoints/mod.rs[0m[2m:[0m[2m1326:[0m Creating checkpoint(s) for 1 transactions [3mnext_checkpoint_seq[0m[2m=[0m47 [3mcheckpoint_timestamp[0m[2m=[0m1742889260578
[2m2025-03-25T07:54:21.290641Z[0m [32m INFO[0m [1mnode[0m[1m{[0m[3mname[0m[2m=[0mk#addeef94..[1m}[0m[2m:[0m [2msui_core::checkpoints::checkpoint_output[0m[2m:[0m [2mcrates/sui-core/src/checkpoints/checkpoint_output.rs[0m[2m:[0m[2m149:[0m Creating checkpoint CheckpointDigest(2tVNxKbiVBH9Lj9DKaQ7jA4TMaUagcjd3fwChyUqTqMF) at epoch 0, sequence 47, previous digest Some(CheckpointDigest(DGfowRyep4jd6ZwVhyrjPD73CnpL76ftV6zckW9jsxmA)), transactions count 1, content digest CheckpointContentsDigest(AqZPDuqXFiM2BuwD49zoXXPLu9E2PLCxv12B2m8KcGys), end_of_epoch_data None
[2m2025-03-25T07:54:21.294589Z[0m [32m INFO[0m [1mnode[0m[1m{[0m[3mname[0m[2m=[0mk#addeef94..[1m}[0m[2m:[0m [2msui_core::checkpoints::checkpoint_executor[0m[2m:[0m [2mcrates/sui-core/src/checkpoints/checkpoint_executor/mod.rs[0m[2m:[0m[2m332:[0m Received checkpoint summary from state sync [3msequence_number[0m[2m=[0m44
[2m2025-03-25T07:54:21.294714Z[0m [32m INFO[0m [1mnode[0m[1m{[0m[3mname[0m[2m=[0mk#addeef94..[1m}[0m[2m:[0m [2msui_core::checkpoints::checkpoint_executor[0m[2m:[0m [2mcrates/sui-core/src/checkpoints/checkpoint_executor/mod.rs[0m[2m:[0m[2m332:[0m Received checkpoint summary from state sync [3msequence_number[0m[2m=[0m45
[2m2025-03-25T07:54:21.295227Z[0m [32m INFO[0m [1mnode[0m[1m{[0m[3mname[0m[2m=[0mk#99f25ef6..[1m}[0m[2m:[0m [2msui_core::checkpoints[0m[2m:[0m [2mcrates/sui-core/src/checkpoints/mod.rs[0m[2m:[0m[2m1326:[0m Creating checkpoint(s) for 1 transactions [3mnext_checkpoint_seq[0m[2m=[0m47 [3mcheckpoint_timestamp[0m[2m=[0m1742889260578
[2m2025-03-25T07:54:21.295416Z[0m [32m INFO[0m [1mnode[0m[1m{[0m[3mname[0m[2m=[0mk#99f25ef6..[1m}[0m[2m:[0m [2msui_core::checkpoints::checkpoint_output[0m[2m:[0m [2mcrates/sui-core/src/checkpoints/checkpoint_output.rs[0m[2m:[0m[2m149:[0m Creating checkpoint CheckpointDigest(2tVNxKbiVBH9Lj9DKaQ7jA4TMaUagcjd3fwChyUqTqMF) at epoch 0, sequence 47, previous digest Some(CheckpointDigest(DGfowRyep4jd6ZwVhyrjPD73CnpL76ftV6zckW9jsxmA)), transactions count 1, content digest CheckpointContentsDigest(AqZPDuqXFiM2BuwD49zoXXPLu9E2PLCxv12B2m8KcGys), end_of_epoch_data None
[2m2025-03-25T07:54:21.295965Z[0m [32m INFO[0m [1mnode[0m[1m{[0m[3mname[0m[2m=[0mk#addeef94..[1m}[0m[2m:[0m [2msui_core::state_accumulator[0m[2m:[0m [2mcrates/sui-core/src/state_accumulator.rs[0m[2m:[0m[2m675:[0m accumulating running root for checkpoint 44
[2m2025-03-25T07:54:21.296393Z[0m [32m INFO[0m [1mnode[0m[1m{[0m[3mname[0m[2m=[0mk#addeef94..[1m}[0m[2m:[0m [2msui_core::state_accumulator[0m[2m:[0m [2mcrates/sui-core/src/state_accumulator.rs[0m[2m:[0m[2m675:[0m accumulating running root for checkpoint 45
[2m2025-03-25T07:54:21.344712Z[0m [32m INFO[0m [1mnode[0m[1m{[0m[3mname[0m[2m=[0mk#addeef94..[1m}[0m[2m:[0m [2mconsensus_core::core[0m[2m:[0m [2mconsensus/core/src/core.rs[0m[2m:[0m[2m531:[0m Created block B31(C,tia5Zq9ikFjbXc4MjIGJRiv9Wkj762KqbK9MaylP5H8=)(1742889261344ms;[B30(C,iyDLu659Bpkiy9TXc9sf4J7xWUtxNWr5i0H8R301yS0=), B30(A,HCC/M9F5qomBd6/OiU+DVNotT4XPSxjMjOLp8TouIHc=), B30(B,F4m6RAnvToLL2NjkqGK0NSHwob2okdXyzoEP8HLJRdM=)];2t;1c) for round 31
[2m2025-03-25T07:54:21.347150Z[0m [32m INFO[0m [1mnode[0m[1m{[0m[3mname[0m[2m=[0mk#8dcff6d1..[1m}[0m[2m:[0m [2mconsensus_core::core[0m[2m:[0m [2mconsensus/core/src/core.rs[0m[2m:[0m[2m531:[0m Created block B31(A,FJ5+BnW6I/UV9DWAI9gGVSxTDumOcidgOB74jzmLC0A=)(1742889261346ms;[B30(A,HCC/M9F5qomBd6/OiU+DVNotT4XPSxjMjOLp8TouIHc=), B30(B,F4m6RAnvToLL2NjkqGK0NSHwob2okdXyzoEP8HLJRdM=), B30(C,iyDLu659Bpkiy9TXc9sf4J7xWUtxNWr5i0H8R301yS0=)];2t;1c) for round 31
[2m2025-03-25T07:54:21.347150Z[0m [32m INFO[0m [1mnode[0m[1m{[0m[3mname[0m[2m=[0mk#99f25ef6..[1m}[0m[2m:[0m [2mconsensus_core::core[0m[2m:[0m [2mconsensus/core/src/core.rs[0m[2m:[0m[2m531:[0m Created block B31(B,9VfR+EI23wpmD/wlzqaUy0eCAT3Bqxt6l84mhnBm+bA=)(1742889261346ms;[B30(B,F4m6RAnvToLL2NjkqGK0NSHwob2okdXyzoEP8HLJRdM=), B30(A,HCC/M9F5qomBd6/OiU+DVNotT4XPSxjMjOLp8TouIHc=), B30(C,iyDLu659Bpkiy9TXc9sf4J7xWUtxNWr5i0H8R301yS0=)];2t;1c) for round 31
[2m2025-03-25T07:54:21.347323Z[0m [32m INFO[0m [1mnode[0m[1m{[0m[3mname[0m[2m=[0mk#99f25ef6..[1m}[0m[2m:[0m [2mconsensus_core::core[0m[2m:[0m [2mconsensus/core/src/core.rs[0m[2m:[0m[2m630:[0m Committing 1 leaders: B29(A,muyj)
[2m2025-03-25T07:54:21.347323Z[0m [32m INFO[0m [1mnode[0m[1m{[0m[3mname[0m[2m=[0mk#8dcff6d1..[1m}[0m[2m:[0m [2mconsensus_core::core[0m[2m:[0m [2mconsensus/core/src/core.rs[0m[2m:[0m[2m630:[0m Committing 1 leaders: B29(A,muyj)
[2m2025-03-25T07:54:21.347411Z[0m [32m INFO[0m [1mnode[0m[1m{[0m[3mname[0m[2m=[0mk#99f25ef6..[1m}[0m[2m:[0m [2mconsensus_core::commit_observer[0m[2m:[0m [2mconsensus/core/src/commit_observer.rs[0m[2m:[0m[2m173:[0m Consensus commit C28(KseL) with leader B29(A,muyj) has 3 blocks
[2m2025-03-25T07:54:21.347411Z[0m [32m INFO[0m [1mnode[0m[1m{[0m[3mname[0m[2m=[0mk#8dcff6d1..[1m}[0m[2m:[0m [2mconsensus_core::commit_observer[0m[2m:[0m [2mconsensus/core/src/commit_observer.rs[0m[2m:[0m[2m173:[0m Consensus commit C28(KseL) with leader B29(A,muyj) has 3 blocks
[2m2025-03-25T07:54:21.347775Z[0m [32m INFO[0m [1mnode[0m[1m{[0m[3mname[0m[2m=[0mk#99f25ef6..[1m}[0m[2m:[0m [2msui_core::consensus_handler[0m[2m:[0m [2mcrates/sui-core/src/consensus_handler.rs[0m[2m:[0m[2m232:[0m Received consensus output [3mconsensus_commit[0m[2m=[0mCommittedSubDag(leader=B29(A,muyj), ref=C28(KseL), blocks=[Z876, clAk, muyj]) [3mepoch[0m[2m=[0m0
[2m2025-03-25T07:54:21.347775Z[0m [32m INFO[0m [1mnode[0m[1m{[0m[3mname[0m[2m=[0mk#8dcff6d1..[1m}[0m[2m:[0m [2msui_core::consensus_handler[0m[2m:[0m [2mcrates/sui-core/src/consensus_handler.rs[0m[2m:[0m[2m232:[0m Received consensus output [3mconsensus_commit[0m[2m=[0mCommittedSubDag(leader=B29(A,muyj), ref=C28(KseL), blocks=[Z876, clAk, muyj]) [3mepoch[0m[2m=[0m0
[2m2025-03-25T07:54:21.350892Z[0m [32m INFO[0m [1mnode[0m[1m{[0m[3mname[0m[2m=[0mk#addeef94..[1m}[0m[2m:[0m [2mconsensus_core::core[0m[2m:[0m [2mconsensus/core/src/core.rs[0m[2m:[0m[2m630:[0m Committing 1 leaders: B29(A,muyj)
[2m2025-03-25T07:54:21.350978Z[0m [32m INFO[0m [1mnode[0m[1m{[0m[3mname[0m[2m=[0mk#addeef94..[1m}[0m[2m:[0m [2mconsensus_core::commit_observer[0m[2m:[0m [2mconsensus/core/src/commit_observer.rs[0m[2m:[0m[2m173:[0m Consensus commit C28(KseL) with leader B29(A,muyj) has 3 blocks
[2m2025-03-25T07:54:21.351049Z[0m [32m INFO[0m [1mnode[0m[1m{[0m[3mname[0m[2m=[0mk#addeef94..[1m}[0m[2m:[0m [2msui_core::consensus_handler[0m[2m:[0m [2mcrates/sui-core/src/consensus_handler.rs[0m[2m:[0m[2m232:[0m Received consensus output [3mconsensus_commit[0m[2m=[0mCommittedSubDag(leader=B29(A,muyj), ref=C28(KseL), blocks=[Z876, clAk, muyj]) [3mepoch[0m[2m=[0m0
[2m2025-03-25T07:54:21.442669Z[0m [32m INFO[0m [1mnode[0m[1m{[0m[3mname[0m[2m=[0mk#addeef94..[1m}[0m[2m:[0m [2msui_core::checkpoints[0m[2m:[0m [2mcrates/sui-core/src/checkpoints/mod.rs[0m[2m:[0m[2m1326:[0m Creating checkpoint(s) for 1 transactions [3mnext_checkpoint_seq[0m[2m=[0m48 [3mcheckpoint_timestamp[0m[2m=[0m1742889260835
[2m2025-03-25T07:54:21.442936Z[0m [32m INFO[0m [1mnode[0m[1m{[0m[3mname[0m[2m=[0mk#addeef94..[1m}[0m[2m:[0m [2msui_core::checkpoints::checkpoint_output[0m[2m:[0m [2mcrates/sui-core/src/checkpoints/checkpoint_output.rs[0m[2m:[0m[2m149:[0m Creating checkpoint CheckpointDigest(GKSjZ1soMv6ahS2nyAzGib7Yz7peBXAUuSf52NedNPGt) at epoch 0, sequence 48, previous digest Some(CheckpointDigest(2tVNxKbiVBH9Lj9DKaQ7jA4TMaUagcjd3fwChyUqTqMF)), transactions count 1, content digest CheckpointContentsDigest(4Ue5r41T1tabbh97nfEuZANzNQtaS1SmuF4TP7CNFGN9), end_of_epoch_data None
[2m2025-03-25T07:54:21.445314Z[0m [32m INFO[0m [1mnode[0m[1m{[0m[3mname[0m[2m=[0mk#8dcff6d1..[1m}[0m[2m:[0m [2msui_core::checkpoints[0m[2m:[0m [2mcrates/sui-core/src/checkpoints/mod.rs[0m[2m:[0m[2m1326:[0m Creating checkpoint(s) for 1 transactions [3mnext_checkpoint_seq[0m[2m=[0m48 [3mcheckpoint_timestamp[0m[2m=[0m1742889260835
[2m2025-03-25T07:54:21.445495Z[0m [32m INFO[0m [1mnode[0m[1m{[0m[3mname[0m[2m=[0mk#8dcff6d1..[1m}[0m[2m:[0m [2msui_core::checkpoints::checkpoint_output[0m[2m:[0m [2mcrates/sui-core/src/checkpoints/checkpoint_output.rs[0m[2m:[0m[2m149:[0m Creating checkpoint CheckpointDigest(GKSjZ1soMv6ahS2nyAzGib7Yz7peBXAUuSf52NedNPGt) at epoch 0, sequence 48, previous digest Some(CheckpointDigest(2tVNxKbiVBH9Lj9DKaQ7jA4TMaUagcjd3fwChyUqTqMF)), transactions count 1, content digest CheckpointContentsDigest(4Ue5r41T1tabbh97nfEuZANzNQtaS1SmuF4TP7CNFGN9), end_of_epoch_data None
[2m2025-03-25T07:54:21.449552Z[0m [32m INFO[0m [1mnode[0m[1m{[0m[3mname[0m[2m=[0mk#99f25ef6..[1m}[0m[2m:[0m [2msui_core::checkpoints[0m[2m:[0m [2mcrates/sui-core/src/checkpoints/mod.rs[0m[2m:[0m[2m1326:[0m Creating checkpoint(s) for 1 transactions [3mnext_checkpoint_seq[0m[2m=[0m48 [3mcheckpoint_timestamp[0m[2m=[0m1742889260835
[2m2025-03-25T07:54:21.449737Z[0m [32m INFO[0m [1mnode[0m[1m{[0m[3mname[0m[2m=[0mk#99f25ef6..[1m}[0m[2m:[0m [2msui_core::checkpoints::checkpoint_output[0m[2m:[0m [2mcrates/sui-core/src/checkpoints/checkpoint_output.rs[0m[2m:[0m[2m149:[0m Creating checkpoint CheckpointDigest(GKSjZ1soMv6ahS2nyAzGib7Yz7peBXAUuSf52NedNPGt) at epoch 0, sequence 48, previous digest Some(CheckpointDigest(2tVNxKbiVBH9Lj9DKaQ7jA4TMaUagcjd3fwChyUqTqMF)), transactions count 1, content digest CheckpointContentsDigest(4Ue5r41T1tabbh97nfEuZANzNQtaS1SmuF4TP7CNFGN9), end_of_epoch_data None
[2m2025-03-25T07:54:21.450075Z[0m [32m INFO[0m [1mnode[0m[1m{[0m[3mname[0m[2m=[0mk#8dcff6d1..[1m}[0m[2m:[0m [2msui_core::checkpoints::checkpoint_output[0m[2m:[0m [2mcrates/sui-core/src/checkpoints/checkpoint_output.rs[0m[2m:[0m[2m196:[0m Certified checkpoint with sequence 46 and digest DGfowRyep4jd6ZwVhyrjPD73CnpL76ftV6zckW9jsxmA
[2m2025-03-25T07:54:21.450097Z[0m [32m INFO[0m [1mnode[0m[1m{[0m[3mname[0m[2m=[0mk#8dcff6d1..[1m}[0m[2m:[0m [2msui_core::checkpoints::checkpoint_output[0m[2m:[0m [2mcrates/sui-core/src/checkpoints/checkpoint_output.rs[0m[2m:[0m[2m196:[0m Certified checkpoint with sequence 47 and digest 2tVNxKbiVBH9Lj9DKaQ7jA4TMaUagcjd3fwChyUqTqMF
[2m2025-03-25T07:54:21.450973Z[0m [32m INFO[0m [1mnode[0m[1m{[0m[3mname[0m[2m=[0mk#8dcff6d1..[1m}[0m[2m:[0m [2msui_core::checkpoints::checkpoint_executor[0m[2m:[0m [2mcrates/sui-core/src/checkpoints/checkpoint_executor/mod.rs[0m[2m:[0m[2m332:[0m Received checkpoint summary from state sync [3msequence_number[0m[2m=[0m46
[2m2025-03-25T07:54:21.451108Z[0m [32m INFO[0m [1mnode[0m[1m{[0m[3mname[0m[2m=[0mk#8dcff6d1..[1m}[0m[2m:[0m [2msui_core::checkpoints::checkpoint_executor[0m[2m:[0m [2mcrates/sui-core/src/checkpoints/checkpoint_executor/mod.rs[0m[2m:[0m[2m332:[0m Received checkpoint summary from state sync [3msequence_number[0m[2m=[0m47
[2m2025-03-25T07:54:21.452811Z[0m [32m INFO[0m [1mnode[0m[1m{[0m[3mname[0m[2m=[0mk#8dcff6d1..[1m}[0m[2m:[0m [2msui_core::state_accumulator[0m[2m:[0m [2mcrates/sui-core/src/state_accumulator.rs[0m[2m:[0m[2m675:[0m accumulating running root for checkpoint 46
[2m2025-03-25T07:54:21.453256Z[0m [32m INFO[0m [1mnode[0m[1m{[0m[3mname[0m[2m=[0mk#8dcff6d1..[1m}[0m[2m:[0m [2msui_core::state_accumulator[0m[2m:[0m [2mcrates/sui-core/src/state_accumulator.rs[0m[2m:[0m[2m675:[0m accumulating running root for checkpoint 47
[2m2025-03-25T07:54:21.454239Z[0m [32m INFO[0m [1mnode[0m[1m{[0m[3mname[0m[2m=[0mk#99f25ef6..[1m}[0m[2m:[0m [2msui_core::checkpoints::checkpoint_output[0m[2m:[0m [2mcrates/sui-core/src/checkpoints/checkpoint_output.rs[0m[2m:[0m[2m196:[0m Certified checkpoint with sequence 46 and digest DGfowRyep4jd6ZwVhyrjPD73CnpL76ftV6zckW9jsxmA
[2m2025-03-25T07:54:21.454259Z[0m [32m INFO[0m [1mnode[0m[1m{[0m[3mname[0m[2m=[0mk#99f25ef6..[1m}[0m[2m:[0m [2msui_core::checkpoints::checkpoint_output[0m[2m:[0m [2mcrates/sui-core/src/checkpoints/checkpoint_output.rs[0m[2m:[0m[2m196:[0m Certified checkpoint with sequence 47 and digest 2tVNxKbiVBH9Lj9DKaQ7jA4TMaUagcjd3fwChyUqTqMF
[2m2025-03-25T07:54:21.455129Z[0m [32m INFO[0m [1mnode[0m[1m{[0m[3mname[0m[2m=[0mk#99f25ef6..[1m}[0m[2m:[0m [2msui_core::checkpoints::checkpoint_executor[0m[2m:[0m [2mcrates/sui-core/src/checkpoints/checkpoint_executor/mod.rs[0m[2m:[0m[2m332:[0m Received checkpoint summary from state sync [3msequence_number[0m[2m=[0m46
[2m2025-03-25T07:54:21.455245Z[0m [32m INFO[0m [1mnode[0m[1m{[0m[3mname[0m[2m=[0mk#99f25ef6..[1m}[0m[2m:[0m [2msui_core::checkpoints::checkpoint_executor[0m[2m:[0m [2mcrates/sui-core/src/checkpoints/checkpoint_executor/mod.rs[0m[2m:[0m[2m332:[0m Received checkpoint summary from state sync [3msequence_number[0m[2m=[0m47
[2m2025-03-25T07:54:21.456696Z[0m [32m INFO[0m [1mnode[0m[1m{[0m[3mname[0m[2m=[0mk#99f25ef6..[1m}[0m[2m:[0m [2msui_core::state_accumulator[0m[2m:[0m [2mcrates/sui-core/src/state_accumulator.rs[0m[2m:[0m[2m675:[0m accumulating running root for checkpoint 46
[2m2025-03-25T07:54:21.457109Z[0m [32m INFO[0m [1mnode[0m[1m{[0m[3mname[0m[2m=[0mk#99f25ef6..[1m}[0m[2m:[0m [2msui_core::state_accumulator[0m[2m:[0m [2mcrates/sui-core/src/state_accumulator.rs[0m[2m:[0m[2m675:[0m accumulating running root for checkpoint 47
[2m2025-03-25T07:54:21.546689Z[0m [32m INFO[0m [1mnode[0m[1m{[0m[3mname[0m[2m=[0mk#addeef94..[1m}[0m[2m:[0m [2msui_core::checkpoints[0m[2m:[0m [2mcrates/sui-core/src/checkpoints/mod.rs[0m[2m:[0m[2m1326:[0m Creating checkpoint(s) for 1 transactions [3mnext_checkpoint_seq[0m[2m=[0m49 [3mcheckpoint_timestamp[0m[2m=[0m1742889260835
[2m2025-03-25T07:54:21.546942Z[0m [32m INFO[0m [1mnode[0m[1m{[0m[3mname[0m[2m=[0mk#addeef94..[1m}[0m[2m:[0m [2msui_core::checkpoints::checkpoint_output[0m[2m:[0m [2mcrates/sui-core/src/checkpoints/checkpoint_output.rs[0m[2m:[0m[2m149:[0m Creating checkpoint CheckpointDigest(7DnK19wmMveeoNRKjDsEgf4HobJ8S6tTfdKatsjtWZu) at epoch 0, sequence 49, previous digest Some(CheckpointDigest(GKSjZ1soMv6ahS2nyAzGib7Yz7peBXAUuSf52NedNPGt)), transactions count 1, content digest CheckpointContentsDigest(4JboY1w319EoxagNnb1jzjXCsbHq7SWKyEtdfj2FoL4t), end_of_epoch_data None
[2m2025-03-25T07:54:21.550769Z[0m [32m INFO[0m [1mnode[0m[1m{[0m[3mname[0m[2m=[0mk#addeef94..[1m}[0m[2m:[0m [2msui_core::checkpoints::checkpoint_executor[0m[2m:[0m [2mcrates/sui-core/src/checkpoints/checkpoint_executor/mod.rs[0m[2m:[0m[2m332:[0m Received checkpoint summary from state sync [3msequence_number[0m[2m=[0m46
[2m2025-03-25T07:54:21.550894Z[0m [32m INFO[0m [1mnode[0m[1m{[0m[3mname[0m[2m=[0mk#addeef94..[1m}[0m[2m:[0m [2msui_core::checkpoints::checkpoint_executor[0m[2m:[0m [2mcrates/sui-core/src/checkpoints/checkpoint_executor/mod.rs[0m[2m:[0m[2m332:[0m Received checkpoint summary from state sync [3msequence_number[0m[2m=[0m47
[2m2025-03-25T07:54:21.551928Z[0m [32m INFO[0m [1mnode[0m[1m{[0m[3mname[0m[2m=[0mk#8dcff6d1..[1m}[0m[2m:[0m [2msui_core::checkpoints[0m[2m:[0m [2mcrates/sui-core/src/checkpoints/mod.rs[0m[2m:[0m[2m1326:[0m Creating checkpoint(s) for 1 transactions [3mnext_checkpoint_seq[0m[2m=[0m49 [3mcheckpoint_timestamp[0m[2m=[0m1742889260835
[2m2025-03-25T07:54:21.552111Z[0m [32m INFO[0m [1mnode[0m[1m{[0m[3mname[0m[2m=[0mk#addeef94..[1m}[0m[2m:[0m [2msui_core::state_accumulator[0m[2m:[0m [2mcrates/sui-core/src/state_accumulator.rs[0m[2m:[0m[2m675:[0m accumulating running root for checkpoint 46
[2m2025-03-25T07:54:21.552120Z[0m [32m INFO[0m [1mnode[0m[1m{[0m[3mname[0m[2m=[0mk#8dcff6d1..[1m}[0m[2m:[0m [2msui_core::checkpoints::checkpoint_output[0m[2m:[0m [2mcrates/sui-core/src/checkpoints/checkpoint_output.rs[0m[2m:[0m[2m149:[0m Creating checkpoint CheckpointDigest(7DnK19wmMveeoNRKjDsEgf4HobJ8S6tTfdKatsjtWZu) at epoch 0, sequence 49, previous digest Some(CheckpointDigest(GKSjZ1soMv6ahS2nyAzGib7Yz7peBXAUuSf52NedNPGt)), transactions count 1, content digest CheckpointContentsDigest(4JboY1w319EoxagNnb1jzjXCsbHq7SWKyEtdfj2FoL4t), end_of_epoch_data None
[2m2025-03-25T07:54:21.552534Z[0m [32m INFO[0m [1mnode[0m[1m{[0m[3mname[0m[2m=[0mk#addeef94..[1m}[0m[2m:[0m [2msui_core::state_accumulator[0m[2m:[0m [2mcrates/sui-core/src/state_accumulator.rs[0m[2m:[0m[2m675:[0m accumulating running root for checkpoint 47
[2m2025-03-25T07:54:21.564370Z[0m [32m INFO[0m [1mnode[0m[1m{[0m[3mname[0m[2m=[0mk#99f25ef6..[1m}[0m[2m:[0m [2msui_core::checkpoints[0m[2m:[0m [2mcrates/sui-core/src/checkpoints/mod.rs[0m[2m:[0m[2m1326:[0m Creating checkpoint(s) for 1 transactions [3mnext_checkpoint_seq[0m[2m=[0m49 [3mcheckpoint_timestamp[0m[2m=[0m1742889260835
[2m2025-03-25T07:54:21.564576Z[0m [32m INFO[0m [1mnode[0m[1m{[0m[3mname[0m[2m=[0mk#99f25ef6..[1m}[0m[2m:[0m [2msui_core::checkpoints::checkpoint_output[0m[2m:[0m [2mcrates/sui-core/src/checkpoints/checkpoint_output.rs[0m[2m:[0m[2m149:[0m Creating checkpoint CheckpointDigest(7DnK19wmMveeoNRKjDsEgf4HobJ8S6tTfdKatsjtWZu) at epoch 0, sequence 49, previous digest Some(CheckpointDigest(GKSjZ1soMv6ahS2nyAzGib7Yz7peBXAUuSf52NedNPGt)), transactions count 1, content digest CheckpointContentsDigest(4JboY1w319EoxagNnb1jzjXCsbHq7SWKyEtdfj2FoL4t), end_of_epoch_data None
[2m2025-03-25T07:54:21.599214Z[0m [32m INFO[0m [1mnode[0m[1m{[0m[3mname[0m[2m=[0mk#99f25ef6..[1m}[0m[2m:[0m [2mconsensus_core::core[0m[2m:[0m [2mconsensus/core/src/core.rs[0m[2m:[0m[2m531:[0m Created block B32(B,RYzy5fEUpCHRn2jNaswHtUwua76FqWpppuTOKM0J6Nk=)(1742889261598ms;[B31(B,9VfR+EI23wpmD/wlzqaUy0eCAT3Bqxt6l84mhnBm+bA=), B31(A,FJ5+BnW6I/UV9DWAI9gGVSxTDumOcidgOB74jzmLC0A=), B31(C,tia5Zq9ikFjbXc4MjIGJRiv9Wkj762KqbK9MaylP5H8=)];2t;1c) for round 32
[2m2025-03-25T07:54:21.599858Z[0m [32m INFO[0m [1mnode[0m[1m{[0m[3mname[0m[2m=[0mk#8dcff6d1..[1m}[0m[2m:[0m [2mconsensus_core::core[0m[2m:[0m [2mconsensus/core/src/core.rs[0m[2m:[0m[2m531:[0m Created block B32(A,wYTiTPJq2c0gYbo5GJEn0Olva+CTJ6AzzYNKYr63fYo=)(1742889261599ms;[B31(A,FJ5+BnW6I/UV9DWAI9gGVSxTDumOcidgOB74jzmLC0A=), B31(B,9VfR+EI23wpmD/wlzqaUy0eCAT3Bqxt6l84mhnBm+bA=), B31(C,tia5Zq9ikFjbXc4MjIGJRiv9Wkj762KqbK9MaylP5H8=)];2t;1c) for round 32
[2m2025-03-25T07:54:21.602408Z[0m [32m INFO[0m [1mnode[0m[1m{[0m[3mname[0m[2m=[0mk#addeef94..[1m}[0m[2m:[0m [2mconsensus_core::core[0m[2m:[0m [2mconsensus/core/src/core.rs[0m[2m:[0m[2m531:[0m Created block B32(C,/K0YOVA0je2Vtnw5cCvdJBelqFmoSXT4tb6K4Fxtwlw=)(1742889261602ms;[B31(C,tia5Zq9ikFjbXc4MjIGJRiv9Wkj762KqbK9MaylP5H8=), B31(A,FJ5+BnW6I/UV9DWAI9gGVSxTDumOcidgOB74jzmLC0A=), B31(B,9VfR+EI23wpmD/wlzqaUy0eCAT3Bqxt6l84mhnBm+bA=)];2t;1c) for round 32
[2m2025-03-25T07:54:21.602488Z[0m [32m INFO[0m [1mnode[0m[1m{[0m[3mname[0m[2m=[0mk#addeef94..[1m}[0m[2m:[0m [2mconsensus_core::core[0m[2m:[0m [2mconsensus/core/src/core.rs[0m[2m:[0m[2m630:[0m Committing 1 leaders: B30(C,iyDL)
[2m2025-03-25T07:54:21.602556Z[0m [32m INFO[0m [1mnode[0m[1m{[0m[3mname[0m[2m=[0mk#addeef94..[1m}[0m[2m:[0m [2mconsensus_core::commit_observer[0m[2m:[0m [2mconsensus/core/src/commit_observer.rs[0m[2m:[0m[2m173:[0m Consensus commit C29(+rP9) with leader B30(C,iyDL) has 3 blocks
[2m2025-03-25T07:54:21.602642Z[0m [32m INFO[0m [1mnode[0m[1m{[0m[3mname[0m[2m=[0mk#addeef94..[1m}[0m[2m:[0m [2msui_core::consensus_handler[0m[2m:[0m [2mcrates/sui-core/src/consensus_handler.rs[0m[2m:[0m[2m232:[0m Received consensus output [3mconsensus_commit[0m[2m=[0mCommittedSubDag(leader=B30(C,iyDL), ref=C29(+rP9), blocks=[pM5G, zJvY, iyDL]) [3mepoch[0m[2m=[0m0
[2m2025-03-25T07:54:21.605492Z[0m [32m INFO[0m [1mnode[0m[1m{[0m[3mname[0m[2m=[0mk#8dcff6d1..[1m}[0m[2m:[0m [2mconsensus_core::core[0m[2m:[0m [2mconsensus/core/src/core.rs[0m[2m:[0m[2m630:[0m Committing 1 leaders: B30(C,iyDL)
[2m2025-03-25T07:54:21.605503Z[0m [32m INFO[0m [1mnode[0m[1m{[0m[3mname[0m[2m=[0mk#99f25ef6..[1m}[0m[2m:[0m [2mconsensus_core::core[0m[2m:[0m [2mconsensus/core/src/core.rs[0m[2m:[0m[2m630:[0m Committing 1 leaders: B30(C,iyDL)
[2m2025-03-25T07:54:21.605574Z[0m [32m INFO[0m [1mnode[0m[1m{[0m[3mname[0m[2m=[0mk#8dcff6d1..[1m}[0m[2m:[0m [2mconsensus_core::commit_observer[0m[2m:[0m [2mconsensus/core/src/commit_observer.rs[0m[2m:[0m[2m173:[0m Consensus commit C29(+rP9) with leader B30(C,iyDL) has 3 blocks
[2m2025-03-25T07:54:21.605586Z[0m [32m INFO[0m [1mnode[0m[1m{[0m[3mname[0m[2m=[0mk#99f25ef6..[1m}[0m[2m:[0m [2mconsensus_core::commit_observer[0m[2m:[0m [2mconsensus/core/src/commit_observer.rs[0m[2m:[0m[2m173:[0m Consensus commit C29(+rP9) with leader B30(C,iyDL) has 3 blocks
[2m2025-03-25T07:54:21.605644Z[0m [32m INFO[0m [1mnode[0m[1m{[0m[3mname[0m[2m=[0mk#8dcff6d1..[1m}[0m[2m:[0m [2msui_core::consensus_handler[0m[2m:[0m [2mcrates/sui-core/src/consensus_handler.rs[0m[2m:[0m[2m232:[0m Received consensus output [3mconsensus_commit[0m[2m=[0mCommittedSubDag(leader=B30(C,iyDL), ref=C29(+rP9), blocks=[pM5G, zJvY, iyDL]) [3mepoch[0m[2m=[0m0
[2m2025-03-25T07:54:21.605658Z[0m [32m INFO[0m [1mnode[0m[1m{[0m[3mname[0m[2m=[0mk#99f25ef6..[1m}[0m[2m:[0m [2msui_core::consensus_handler[0m[2m:[0m [2mcrates/sui-core/src/consensus_handler.rs[0m[2m:[0m[2m232:[0m Received consensus output [3mconsensus_commit[0m[2m=[0mCommittedSubDag(leader=B30(C,iyDL), ref=C29(+rP9), blocks=[pM5G, zJvY, iyDL]) [3mepoch[0m[2m=[0m0
[2m2025-03-25T07:54:21.688090Z[0m [32m INFO[0m [1mnode[0m[1m{[0m[3mname[0m[2m=[0mk#addeef94..[1m}[0m[2m:[0m [2msui_core::checkpoints[0m[2m:[0m [2mcrates/sui-core/src/checkpoints/mod.rs[0m[2m:[0m[2m1326:[0m Creating checkpoint(s) for 1 transactions [3mnext_checkpoint_seq[0m[2m=[0m50 [3mcheckpoint_timestamp[0m[2m=[0m1742889261090
[2m2025-03-25T07:54:21.688330Z[0m [32m INFO[0m [1mnode[0m[1m{[0m[3mname[0m[2m=[0mk#addeef94..[1m}[0m[2m:[0m [2msui_core::checkpoints::checkpoint_output[0m[2m:[0m [2mcrates/sui-core/src/checkpoints/checkpoint_output.rs[0m[2m:[0m[2m149:[0m Creating checkpoint CheckpointDigest(EfScLX6aJzJHBFsdUdUiQkoWEDzLgXwGzMH7cg7LfGkx) at epoch 0, sequence 50, previous digest Some(CheckpointDigest(7DnK19wmMveeoNRKjDsEgf4HobJ8S6tTfdKatsjtWZu)), transactions count 1, content digest CheckpointContentsDigest(HzYLXBDzHiRHsWFoyaMwRDMSbfdYTUHFDDvXCuNwL62U), end_of_epoch_data None
[2m2025-03-25T07:54:21.690090Z[0m [32m INFO[0m [1mnode[0m[1m{[0m[3mname[0m[2m=[0mk#99f25ef6..[1m}[0m[2m:[0m [2msui_core::checkpoints[0m[2m:[0m [2mcrates/sui-core/src/checkpoints/mod.rs[0m[2m:[0m[2m1326:[0m Creating checkpoint(s) for 1 transactions [3mnext_checkpoint_seq[0m[2m=[0m50 [3mcheckpoint_timestamp[0m[2m=[0m1742889261090
[2m2025-03-25T07:54:21.690097Z[0m [32m INFO[0m [1mnode[0m[1m{[0m[3mname[0m[2m=[0mk#8dcff6d1..[1m}[0m[2m:[0m [2msui_core::checkpoints[0m[2m:[0m [2mcrates/sui-core/src/checkpoints/mod.rs[0m[2m:[0m[2m1326:[0m Creating checkpoint(s) for 1 transactions [3mnext_checkpoint_seq[0m[2m=[0m50 [3mcheckpoint_timestamp[0m[2m=[0m1742889261090
[2m2025-03-25T07:54:21.690265Z[0m [32m INFO[0m [1mnode[0m[1m{[0m[3mname[0m[2m=[0mk#99f25ef6..[1m}[0m[2m:[0m [2msui_core::checkpoints::checkpoint_output[0m[2m:[0m [2mcrates/sui-core/src/checkpoints/checkpoint_output.rs[0m[2m:[0m[2m149:[0m Creating checkpoint CheckpointDigest(EfScLX6aJzJHBFsdUdUiQkoWEDzLgXwGzMH7cg7LfGkx) at epoch 0, sequence 50, previous digest Some(CheckpointDigest(7DnK19wmMveeoNRKjDsEgf4HobJ8S6tTfdKatsjtWZu)), transactions count 1, content digest CheckpointContentsDigest(HzYLXBDzHiRHsWFoyaMwRDMSbfdYTUHFDDvXCuNwL62U), end_of_epoch_data None
[2m2025-03-25T07:54:21.690272Z[0m [32m INFO[0m [1mnode[0m[1m{[0m[3mname[0m[2m=[0mk#8dcff6d1..[1m}[0m[2m:[0m [2msui_core::checkpoints::checkpoint_output[0m[2m:[0m [2mcrates/sui-core/src/checkpoints/checkpoint_output.rs[0m[2m:[0m[2m149:[0m Creating checkpoint CheckpointDigest(EfScLX6aJzJHBFsdUdUiQkoWEDzLgXwGzMH7cg7LfGkx) at epoch 0, sequence 50, previous digest Some(CheckpointDigest(7DnK19wmMveeoNRKjDsEgf4HobJ8S6tTfdKatsjtWZu)), transactions count 1, content digest CheckpointContentsDigest(HzYLXBDzHiRHsWFoyaMwRDMSbfdYTUHFDDvXCuNwL62U), end_of_epoch_data None
[2m2025-03-25T07:54:21.694738Z[0m [32m INFO[0m [1mnode[0m[1m{[0m[3mname[0m[2m=[0mk#8dcff6d1..[1m}[0m[2m:[0m [2msui_core::checkpoints::checkpoint_output[0m[2m:[0m [2mcrates/sui-core/src/checkpoints/checkpoint_output.rs[0m[2m:[0m[2m196:[0m Certified checkpoint with sequence 48 and digest GKSjZ1soMv6ahS2nyAzGib7Yz7peBXAUuSf52NedNPGt
[2m2025-03-25T07:54:21.694763Z[0m [32m INFO[0m [1mnode[0m[1m{[0m[3mname[0m[2m=[0mk#8dcff6d1..[1m}[0m[2m:[0m [2msui_core::checkpoints::checkpoint_output[0m[2m:[0m [2mcrates/sui-core/src/checkpoints/checkpoint_output.rs[0m[2m:[0m[2m196:[0m Certified checkpoint with sequence 49 and digest 7DnK19wmMveeoNRKjDsEgf4HobJ8S6tTfdKatsjtWZu
[2m2025-03-25T07:54:21.694770Z[0m [32m INFO[0m [1mnode[0m[1m{[0m[3mname[0m[2m=[0mk#99f25ef6..[1m}[0m[2m:[0m [2msui_core::checkpoints::checkpoint_output[0m[2m:[0m [2mcrates/sui-core/src/checkpoints/checkpoint_output.rs[0m[2m:[0m[2m196:[0m Certified checkpoint with sequence 48 and digest GKSjZ1soMv6ahS2nyAzGib7Yz7peBXAUuSf52NedNPGt
[2m2025-03-25T07:54:21.694790Z[0m [32m INFO[0m [1mnode[0m[1m{[0m[3mname[0m[2m=[0mk#99f25ef6..[1m}[0m[2m:[0m [2msui_core::checkpoints::checkpoint_output[0m[2m:[0m [2mcrates/sui-core/src/checkpoints/checkpoint_output.rs[0m[2m:[0m[2m196:[0m Certified checkpoint with sequence 49 and digest 7DnK19wmMveeoNRKjDsEgf4HobJ8S6tTfdKatsjtWZu
[2m2025-03-25T07:54:21.695725Z[0m [32m INFO[0m [1mnode[0m[1m{[0m[3mname[0m[2m=[0mk#8dcff6d1..[1m}[0m[2m:[0m [2msui_core::checkpoints::checkpoint_executor[0m[2m:[0m [2mcrates/sui-core/src/checkpoints/checkpoint_executor/mod.rs[0m[2m:[0m[2m332:[0m Received checkpoint summary from state sync [3msequence_number[0m[2m=[0m48
[2m2025-03-25T07:54:21.695768Z[0m [32m INFO[0m [1mnode[0m[1m{[0m[3mname[0m[2m=[0mk#99f25ef6..[1m}[0m[2m:[0m [2msui_core::checkpoints::checkpoint_executor[0m[2m:[0m [2mcrates/sui-core/src/checkpoints/checkpoint_executor/mod.rs[0m[2m:[0m[2m332:[0m Received checkpoint summary from state sync [3msequence_number[0m[2m=[0m48
[2m2025-03-25T07:54:21.695869Z[0m [32m INFO[0m [1mnode[0m[1m{[0m[3mname[0m[2m=[0mk#8dcff6d1..[1m}[0m[2m:[0m [2msui_core::checkpoints::checkpoint_executor[0m[2m:[0m [2mcrates/sui-core/src/checkpoints/checkpoint_executor/mod.rs[0m[2m:[0m[2m332:[0m Received checkpoint summary from state sync [3msequence_number[0m[2m=[0m49
[2m2025-03-25T07:54:21.695890Z[0m [32m INFO[0m [1mnode[0m[1m{[0m[3mname[0m[2m=[0mk#99f25ef6..[1m}[0m[2m:[0m [2msui_core::checkpoints::checkpoint_executor[0m[2m:[0m [2mcrates/sui-core/src/checkpoints/checkpoint_executor/mod.rs[0m[2m:[0m[2m332:[0m Received checkpoint summary from state sync [3msequence_number[0m[2m=[0m49
[2m2025-03-25T07:54:21.697734Z[0m [32m INFO[0m [1mnode[0m[1m{[0m[3mname[0m[2m=[0mk#8dcff6d1..[1m}[0m[2m:[0m [2msui_core::state_accumulator[0m[2m:[0m [2mcrates/sui-core/src/state_accumulator.rs[0m[2m:[0m[2m675:[0m accumulating running root for checkpoint 48
[2m2025-03-25T07:54:21.697739Z[0m [32m INFO[0m [1mnode[0m[1m{[0m[3mname[0m[2m=[0mk#99f25ef6..[1m}[0m[2m:[0m [2msui_core::state_accumulator[0m[2m:[0m [2mcrates/sui-core/src/state_accumulator.rs[0m[2m:[0m[2m675:[0m accumulating running root for checkpoint 48
[2m2025-03-25T07:54:21.698189Z[0m [32m INFO[0m [1mnode[0m[1m{[0m[3mname[0m[2m=[0mk#8dcff6d1..[1m}[0m[2m:[0m [2msui_core::state_accumulator[0m[2m:[0m [2mcrates/sui-core/src/state_accumulator.rs[0m[2m:[0m[2m675:[0m accumulating running root for checkpoint 49
[2m2025-03-25T07:54:21.698192Z[0m [32m INFO[0m [1mnode[0m[1m{[0m[3mname[0m[2m=[0mk#99f25ef6..[1m}[0m[2m:[0m [2msui_core::state_accumulator[0m[2m:[0m [2mcrates/sui-core/src/state_accumulator.rs[0m[2m:[0m[2m675:[0m accumulating running root for checkpoint 49
[2m2025-03-25T07:54:21.792848Z[0m [32m INFO[0m [1mnode[0m[1m{[0m[3mname[0m[2m=[0mk#addeef94..[1m}[0m[2m:[0m [2msui_core::checkpoints[0m[2m:[0m [2mcrates/sui-core/src/checkpoints/mod.rs[0m[2m:[0m[2m1326:[0m Creating checkpoint(s) for 1 transactions [3mnext_checkpoint_seq[0m[2m=[0m51 [3mcheckpoint_timestamp[0m[2m=[0m1742889261090
[2m2025-03-25T07:54:21.793125Z[0m [32m INFO[0m [1mnode[0m[1m{[0m[3mname[0m[2m=[0mk#addeef94..[1m}[0m[2m:[0m [2msui_core::checkpoints::checkpoint_output[0m[2m:[0m [2mcrates/sui-core/src/checkpoints/checkpoint_output.rs[0m[2m:[0m[2m149:[0m Creating checkpoint CheckpointDigest(EDCevoDttWCJhLfaJqrzB5KJFNstM2wM2B4SN8pNfQhY) at epoch 0, sequence 51, previous digest Some(CheckpointDigest(EfScLX6aJzJHBFsdUdUiQkoWEDzLgXwGzMH7cg7LfGkx)), transactions count 1, content digest CheckpointContentsDigest(81cYykUeWzXipgzKHVnszXP4S55dyTPY8yhLuAVCePaE), end_of_epoch_data None
[2m2025-03-25T07:54:21.796891Z[0m [32m INFO[0m [1mnode[0m[1m{[0m[3mname[0m[2m=[0mk#8dcff6d1..[1m}[0m[2m:[0m [2msui_core::checkpoints[0m[2m:[0m [2mcrates/sui-core/src/checkpoints/mod.rs[0m[2m:[0m[2m1326:[0m Creating checkpoint(s) for 1 transactions [3mnext_checkpoint_seq[0m[2m=[0m51 [3mcheckpoint_timestamp[0m[2m=[0m1742889261090
[2m2025-03-25T07:54:21.797082Z[0m [32m INFO[0m [1mnode[0m[1m{[0m[3mname[0m[2m=[0mk#8dcff6d1..[1m}[0m[2m:[0m [2msui_core::checkpoints::checkpoint_output[0m[2m:[0m [2mcrates/sui-core/src/checkpoints/checkpoint_output.rs[0m[2m:[0m[2m149:[0m Creating checkpoint CheckpointDigest(EDCevoDttWCJhLfaJqrzB5KJFNstM2wM2B4SN8pNfQhY) at epoch 0, sequence 51, previous digest Some(CheckpointDigest(EfScLX6aJzJHBFsdUdUiQkoWEDzLgXwGzMH7cg7LfGkx)), transactions count 1, content digest CheckpointContentsDigest(81cYykUeWzXipgzKHVnszXP4S55dyTPY8yhLuAVCePaE), end_of_epoch_data None
[2m2025-03-25T07:54:21.804233Z[0m [32m INFO[0m [1mnode[0m[1m{[0m[3mname[0m[2m=[0mk#99f25ef6..[1m}[0m[2m:[0m [2mconsensus_core::commit_syncer[0m[2m:[0m [2mconsensus/core/src/commit_syncer.rs[0m[2m:[0m[2m196:[0m Checking to schedule fetches: synced_commit_index=29, highest_handled_index=29, highest_scheduled_index=0, quorum_commit_index=28, unhandled_commits_threshold=3200
[2m2025-03-25T07:54:21.804525Z[0m [32m INFO[0m [1mnode[0m[1m{[0m[3mname[0m[2m=[0mk#99f25ef6..[1m}[0m[2m:[0m [2msui_core::checkpoints[0m[2m:[0m [2mcrates/sui-core/src/checkpoints/mod.rs[0m[2m:[0m[2m1326:[0m Creating checkpoint(s) for 1 transactions [3mnext_checkpoint_seq[0m[2m=[0m51 [3mcheckpoint_timestamp[0m[2m=[0m1742889261090
[2m2025-03-25T07:54:21.804716Z[0m [32m INFO[0m [1mnode[0m[1m{[0m[3mname[0m[2m=[0mk#99f25ef6..[1m}[0m[2m:[0m [2msui_core::checkpoints::checkpoint_output[0m[2m:[0m [2mcrates/sui-core/src/checkpoints/checkpoint_output.rs[0m[2m:[0m[2m149:[0m Creating checkpoint CheckpointDigest(EDCevoDttWCJhLfaJqrzB5KJFNstM2wM2B4SN8pNfQhY) at epoch 0, sequence 51, previous digest Some(CheckpointDigest(EfScLX6aJzJHBFsdUdUiQkoWEDzLgXwGzMH7cg7LfGkx)), transactions count 1, content digest CheckpointContentsDigest(81cYykUeWzXipgzKHVnszXP4S55dyTPY8yhLuAVCePaE), end_of_epoch_data None
[2m2025-03-25T07:54:21.805230Z[0m [32m INFO[0m [1mnode[0m[1m{[0m[3mname[0m[2m=[0mk#addeef94..[1m}[0m[2m:[0m [2msui_core::checkpoints::checkpoint_executor[0m[2m:[0m [2mcrates/sui-core/src/checkpoints/checkpoint_executor/mod.rs[0m[2m:[0m[2m332:[0m Received checkpoint summary from state sync [3msequence_number[0m[2m=[0m48
[2m2025-03-25T07:54:21.805369Z[0m [32m INFO[0m [1mnode[0m[1m{[0m[3mname[0m[2m=[0mk#addeef94..[1m}[0m[2m:[0m [2msui_core::checkpoints::checkpoint_executor[0m[2m:[0m [2mcrates/sui-core/src/checkpoints/checkpoint_executor/mod.rs[0m[2m:[0m[2m332:[0m Received checkpoint summary from state sync [3msequence_number[0m[2m=[0m49
[2m2025-03-25T07:54:21.806718Z[0m [32m INFO[0m [1mnode[0m[1m{[0m[3mname[0m[2m=[0mk#addeef94..[1m}[0m[2m:[0m [2msui_core::state_accumulator[0m[2m:[0m [2mcrates/sui-core/src/state_accumulator.rs[0m[2m:[0m[2m675:[0m accumulating running root for checkpoint 48
[2m2025-03-25T07:54:21.807140Z[0m [32m INFO[0m [1mnode[0m[1m{[0m[3mname[0m[2m=[0mk#addeef94..[1m}[0m[2m:[0m [2msui_core::state_accumulator[0m[2m:[0m [2mcrates/sui-core/src/state_accumulator.rs[0m[2m:[0m[2m675:[0m accumulating running root for checkpoint 49
[2m2025-03-25T07:54:21.855359Z[0m [32m INFO[0m [1mnode[0m[1m{[0m[3mname[0m[2m=[0mk#addeef94..[1m}[0m[2m:[0m [2mconsensus_core::core[0m[2m:[0m [2mconsensus/core/src/core.rs[0m[2m:[0m[2m531:[0m Created block B33(C,++fe3eJeqxYxMa6XMO0l7TgzfzfMfn8ndM8xupcA+PQ=)(1742889261855ms;[B32(C,/K0YOVA0je2Vtnw5cCvdJBelqFmoSXT4tb6K4Fxtwlw=), B32(A,wYTiTPJq2c0gYbo5GJEn0Olva+CTJ6AzzYNKYr63fYo=), B32(B,RYzy5fEUpCHRn2jNaswHtUwua76FqWpppuTOKM0J6Nk=)];2t;1c) for round 33
[2m2025-03-25T07:54:21.858024Z[0m [32m INFO[0m [1mnode[0m[1m{[0m[3mname[0m[2m=[0mk#99f25ef6..[1m}[0m[2m:[0m [2mconsensus_core::core[0m[2m:[0m [2mconsensus/core/src/core.rs[0m[2m:[0m[2m531:[0m Created block B33(B,CuXViij+B1fS/AWN5muIyDM0XdC/JSk85rHL2ECO/0E=)(1742889261857ms;[B32(B,RYzy5fEUpCHRn2jNaswHtUwua76FqWpppuTOKM0J6Nk=), B32(A,wYTiTPJq2c0gYbo5GJEn0Olva+CTJ6AzzYNKYr63fYo=), B32(C,/K0YOVA0je2Vtnw5cCvdJBelqFmoSXT4tb6K4Fxtwlw=)];2t;1c) for round 33
[2m2025-03-25T07:54:21.858024Z[0m [32m INFO[0m [1mnode[0m[1m{[0m[3mname[0m[2m=[0mk#8dcff6d1..[1m}[0m[2m:[0m [2mconsensus_core::core[0m[2m:[0m [2mconsensus/core/src/core.rs[0m[2m:[0m[2m531:[0m Created block B33(A,uzp+77pBrr8TvZTa8vlUZeQisa2gdTdm503Nm8Z090U=)(1742889261857ms;[B32(A,wYTiTPJq2c0gYbo5GJEn0Olva+CTJ6AzzYNKYr63fYo=), B32(B,RYzy5fEUpCHRn2jNaswHtUwua76FqWpppuTOKM0J6Nk=), B32(C,/K0YOVA0je2Vtnw5cCvdJBelqFmoSXT4tb6K4Fxtwlw=)];2t;1c) for round 33
[2m2025-03-25T07:54:21.858107Z[0m [32m INFO[0m [1mnode[0m[1m{[0m[3mname[0m[2m=[0mk#99f25ef6..[1m}[0m[2m:[0m [2mconsensus_core::core[0m[2m:[0m [2mconsensus/core/src/core.rs[0m[2m:[0m[2m630:[0m Committing 1 leaders: B31(B,9VfR)
[2m2025-03-25T07:54:21.858107Z[0m [32m INFO[0m [1mnode[0m[1m{[0m[3mname[0m[2m=[0mk#8dcff6d1..[1m}[0m[2m:[0m [2mconsensus_core::core[0m[2m:[0m [2mconsensus/core/src/core.rs[0m[2m:[0m[2m630:[0m Committing 1 leaders: B31(B,9VfR)
[2m2025-03-25T07:54:21.858177Z[0m [32m INFO[0m [1mnode[0m[1m{[0m[3mname[0m[2m=[0mk#8dcff6d1..[1m}[0m[2m:[0m [2mconsensus_core::commit_observer[0m[2m:[0m [2mconsensus/core/src/commit_observer.rs[0m[2m:[0m[2m173:[0m Consensus commit C30(g7uE) with leader B31(B,9VfR) has 3 blocks
[2m2025-03-25T07:54:21.858177Z[0m [32m INFO[0m [1mnode[0m[1m{[0m[3mname[0m[2m=[0mk#99f25ef6..[1m}[0m[2m:[0m [2mconsensus_core::commit_observer[0m[2m:[0m [2mconsensus/core/src/commit_observer.rs[0m[2m:[0m[2m173:[0m Consensus commit C30(g7uE) with leader B31(B,9VfR) has 3 blocks
[2m2025-03-25T07:54:21.858266Z[0m [32m INFO[0m [1mnode[0m[1m{[0m[3mname[0m[2m=[0mk#8dcff6d1..[1m}[0m[2m:[0m [2msui_core::consensus_handler[0m[2m:[0m [2mcrates/sui-core/src/consensus_handler.rs[0m[2m:[0m[2m232:[0m Received consensus output [3mconsensus_commit[0m[2m=[0mCommittedSubDag(leader=B31(B,9VfR), ref=C30(g7uE), blocks=[HCC/, F4m6, 9VfR]) [3mepoch[0m[2m=[0m0
[2m2025-03-25T07:54:21.858266Z[0m [32m INFO[0m [1mnode[0m[1m{[0m[3mname[0m[2m=[0mk#99f25ef6..[1m}[0m[2m:[0m [2msui_core::consensus_handler[0m[2m:[0m [2mcrates/sui-core/src/consensus_handler.rs[0m[2m:[0m[2m232:[0m Received consensus output [3mconsensus_commit[0m[2m=[0mCommittedSubDag(leader=B31(B,9VfR), ref=C30(g7uE), blocks=[HCC/, F4m6, 9VfR]) [3mepoch[0m[2m=[0m0
[2m2025-03-25T07:54:21.861312Z[0m [32m INFO[0m [1mnode[0m[1m{[0m[3mname[0m[2m=[0mk#addeef94..[1m}[0m[2m:[0m [2mconsensus_core::core[0m[2m:[0m [2mconsensus/core/src/core.rs[0m[2m:[0m[2m630:[0m Committing 1 leaders: B31(B,9VfR)
[2m2025-03-25T07:54:21.861401Z[0m [32m INFO[0m [1mnode[0m[1m{[0m[3mname[0m[2m=[0mk#addeef94..[1m}[0m[2m:[0m [2mconsensus_core::commit_observer[0m[2m:[0m [2mconsensus/core/src/commit_observer.rs[0m[2m:[0m[2m173:[0m Consensus commit C30(g7uE) with leader B31(B,9VfR) has 3 blocks
[2m2025-03-25T07:54:21.861475Z[0m [32m INFO[0m [1mnode[0m[1m{[0m[3mname[0m[2m=[0mk#addeef94..[1m}[0m[2m:[0m [2msui_core::consensus_handler[0m[2m:[0m [2mcrates/sui-core/src/consensus_handler.rs[0m[2m:[0m[2m232:[0m Received consensus output [3mconsensus_commit[0m[2m=[0mCommittedSubDag(leader=B31(B,9VfR), ref=C30(g7uE), blocks=[HCC/, F4m6, 9VfR]) [3mepoch[0m[2m=[0m0
[2m2025-03-25T07:54:21.945881Z[0m [32m INFO[0m [1mnode[0m[1m{[0m[3mname[0m[2m=[0mk#99f25ef6..[1m}[0m[2m:[0m [2msui_core::checkpoints[0m[2m:[0m [2mcrates/sui-core/src/checkpoints/mod.rs[0m[2m:[0m[2m1326:[0m Creating checkpoint(s) for 1 transactions [3mnext_checkpoint_seq[0m[2m=[0m52 [3mcheckpoint_timestamp[0m[2m=[0m1742889261346
[2m2025-03-25T07:54:21.945881Z[0m [32m INFO[0m [1mnode[0m[1m{[0m[3mname[0m[2m=[0mk#8dcff6d1..[1m}[0m[2m:[0m [2msui_core::checkpoints[0m[2m:[0m [2mcrates/sui-core/src/checkpoints/mod.rs[0m[2m:[0m[2m1326:[0m Creating checkpoint(s) for 1 transactions [3mnext_checkpoint_seq[0m[2m=[0m52 [3mcheckpoint_timestamp[0m[2m=[0m1742889261346
[2m2025-03-25T07:54:21.945919Z[0m [32m INFO[0m [1mnode[0m[1m{[0m[3mname[0m[2m=[0mk#addeef94..[1m}[0m[2m:[0m [2msui_core::checkpoints[0m[2m:[0m [2mcrates/sui-core/src/checkpoints/mod.rs[0m[2m:[0m[2m1326:[0m Creating checkpoint(s) for 1 transactions [3mnext_checkpoint_seq[0m[2m=[0m52 [3mcheckpoint_timestamp[0m[2m=[0m1742889261346
[2m2025-03-25T07:54:21.946144Z[0m [32m INFO[0m [1mnode[0m[1m{[0m[3mname[0m[2m=[0mk#99f25ef6..[1m}[0m[2m:[0m [2msui_core::checkpoints::checkpoint_output[0m[2m:[0m [2mcrates/sui-core/src/checkpoints/checkpoint_output.rs[0m[2m:[0m[2m149:[0m Creating checkpoint CheckpointDigest(3HQkcA6qengGfzxiEoJRiFjkz1EAYEcFkfu3nDoJ3G9r) at epoch 0, sequence 52, previous digest Some(CheckpointDigest(EDCevoDttWCJhLfaJqrzB5KJFNstM2wM2B4SN8pNfQhY)), transactions count 1, content digest CheckpointContentsDigest(9MaJh422MjqDNpgzz8is1vNXP9s87mu8Vf2zEovDMdxS), end_of_epoch_data None
[2m2025-03-25T07:54:21.946144Z[0m [32m INFO[0m [1mnode[0m[1m{[0m[3mname[0m[2m=[0mk#8dcff6d1..[1m}[0m[2m:[0m [2msui_core::checkpoints::checkpoint_output[0m[2m:[0m [2mcrates/sui-core/src/checkpoints/checkpoint_output.rs[0m[2m:[0m[2m149:[0m Creating checkpoint CheckpointDigest(3HQkcA6qengGfzxiEoJRiFjkz1EAYEcFkfu3nDoJ3G9r) at epoch 0, sequence 52, previous digest Some(CheckpointDigest(EDCevoDttWCJhLfaJqrzB5KJFNstM2wM2B4SN8pNfQhY)), transactions count 1, content digest CheckpointContentsDigest(9MaJh422MjqDNpgzz8is1vNXP9s87mu8Vf2zEovDMdxS), end_of_epoch_data None
[2m2025-03-25T07:54:21.946144Z[0m [32m INFO[0m [1mnode[0m[1m{[0m[3mname[0m[2m=[0mk#addeef94..[1m}[0m[2m:[0m [2msui_core::checkpoints::checkpoint_output[0m[2m:[0m [2mcrates/sui-core/src/checkpoints/checkpoint_output.rs[0m[2m:[0m[2m149:[0m Creating checkpoint CheckpointDigest(3HQkcA6qengGfzxiEoJRiFjkz1EAYEcFkfu3nDoJ3G9r) at epoch 0, sequence 52, previous digest Some(CheckpointDigest(EDCevoDttWCJhLfaJqrzB5KJFNstM2wM2B4SN8pNfQhY)), transactions count 1, content digest CheckpointContentsDigest(9MaJh422MjqDNpgzz8is1vNXP9s87mu8Vf2zEovDMdxS), end_of_epoch_data None
[2m2025-03-25T07:54:21.950830Z[0m [32m INFO[0m [1mnode[0m[1m{[0m[3mname[0m[2m=[0mk#8dcff6d1..[1m}[0m[2m:[0m [2msui_core::checkpoints::checkpoint_output[0m[2m:[0m [2mcrates/sui-core/src/checkpoints/checkpoint_output.rs[0m[2m:[0m[2m196:[0m Certified checkpoint with sequence 50 and digest EfScLX6aJzJHBFsdUdUiQkoWEDzLgXwGzMH7cg7LfGkx
[2m2025-03-25T07:54:21.950842Z[0m [32m INFO[0m [1mnode[0m[1m{[0m[3mname[0m[2m=[0mk#99f25ef6..[1m}[0m[2m:[0m [2msui_core::checkpoints::checkpoint_output[0m[2m:[0m [2mcrates/sui-core/src/checkpoints/checkpoint_output.rs[0m[2m:[0m[2m196:[0m Certified checkpoint with sequence 50 and digest EfScLX6aJzJHBFsdUdUiQkoWEDzLgXwGzMH7cg7LfGkx
[2m2025-03-25T07:54:21.950853Z[0m [32m INFO[0m [1mnode[0m[1m{[0m[3mname[0m[2m=[0mk#8dcff6d1..[1m}[0m[2m:[0m [2msui_core::checkpoints::checkpoint_output[0m[2m:[0m [2mcrates/sui-core/src/checkpoints/checkpoint_output.rs[0m[2m:[0m[2m196:[0m Certified checkpoint with sequence 51 and digest EDCevoDttWCJhLfaJqrzB5KJFNstM2wM2B4SN8pNfQhY
[2m2025-03-25T07:54:21.950860Z[0m [32m INFO[0m [1mnode[0m[1m{[0m[3mname[0m[2m=[0mk#99f25ef6..[1m}[0m[2m:[0m [2msui_core::checkpoints::checkpoint_output[0m[2m:[0m [2mcrates/sui-core/src/checkpoints/checkpoint_output.rs[0m[2m:[0m[2m196:[0m Certified checkpoint with sequence 51 and digest EDCevoDttWCJhLfaJqrzB5KJFNstM2wM2B4SN8pNfQhY
[2m2025-03-25T07:54:21.951707Z[0m [32m INFO[0m [1mnode[0m[1m{[0m[3mname[0m[2m=[0mk#8dcff6d1..[1m}[0m[2m:[0m [2msui_core::checkpoints::checkpoint_executor[0m[2m:[0m [2mcrates/sui-core/src/checkpoints/checkpoint_executor/mod.rs[0m[2m:[0m[2m332:[0m Received checkpoint summary from state sync [3msequence_number[0m[2m=[0m50
[2m2025-03-25T07:54:21.951731Z[0m [32m INFO[0m [1mnode[0m[1m{[0m[3mname[0m[2m=[0mk#99f25ef6..[1m}[0m[2m:[0m [2msui_core::checkpoints::checkpoint_executor[0m[2m:[0m [2mcrates/sui-core/src/checkpoints/checkpoint_executor/mod.rs[0m[2m:[0m[2m332:[0m Received checkpoint summary from state sync [3msequence_number[0m[2m=[0m50
[2m2025-03-25T07:54:21.951836Z[0m [32m INFO[0m [1mnode[0m[1m{[0m[3mname[0m[2m=[0mk#8dcff6d1..[1m}[0m[2m:[0m [2msui_core::checkpoints::checkpoint_executor[0m[2m:[0m [2mcrates/sui-core/src/checkpoints/checkpoint_executor/mod.rs[0m[2m:[0m[2m332:[0m Received checkpoint summary from state sync [3msequence_number[0m[2m=[0m51
[2m2025-03-25T07:54:21.951848Z[0m [32m INFO[0m [1mnode[0m[1m{[0m[3mname[0m[2m=[0mk#99f25ef6..[1m}[0m[2m:[0m [2msui_core::checkpoints::checkpoint_executor[0m[2m:[0m [2mcrates/sui-core/src/checkpoints/checkpoint_executor/mod.rs[0m[2m:[0m[2m332:[0m Received checkpoint summary from state sync [3msequence_number[0m[2m=[0m51
[2m2025-03-25T07:54:21.953578Z[0m [32m INFO[0m [1mnode[0m[1m{[0m[3mname[0m[2m=[0mk#8dcff6d1..[1m}[0m[2m:[0m [2msui_core::state_accumulator[0m[2m:[0m [2mcrates/sui-core/src/state_accumulator.rs[0m[2m:[0m[2m675:[0m accumulating running root for checkpoint 50
[2m2025-03-25T07:54:21.953578Z[0m [32m INFO[0m [1mnode[0m[1m{[0m[3mname[0m[2m=[0mk#99f25ef6..[1m}[0m[2m:[0m [2msui_core::state_accumulator[0m[2m:[0m [2mcrates/sui-core/src/state_accumulator.rs[0m[2m:[0m[2m675:[0m accumulating running root for checkpoint 50
[2m2025-03-25T07:54:21.954025Z[0m [32m INFO[0m [1mnode[0m[1m{[0m[3mname[0m[2m=[0mk#99f25ef6..[1m}[0m[2m:[0m [2msui_core::state_accumulator[0m[2m:[0m [2mcrates/sui-core/src/state_accumulator.rs[0m[2m:[0m[2m675:[0m accumulating running root for checkpoint 51
[2m2025-03-25T07:54:21.954026Z[0m [32m INFO[0m [1mnode[0m[1m{[0m[3mname[0m[2m=[0mk#8dcff6d1..[1m}[0m[2m:[0m [2msui_core::state_accumulator[0m[2m:[0m [2mcrates/sui-core/src/state_accumulator.rs[0m[2m:[0m[2m675:[0m accumulating running root for checkpoint 51
[2m2025-03-25T07:54:22.049703Z[0m [32m INFO[0m [1mnode[0m[1m{[0m[3mname[0m[2m=[0mk#addeef94..[1m}[0m[2m:[0m [2msui_core::checkpoints[0m[2m:[0m [2mcrates/sui-core/src/checkpoints/mod.rs[0m[2m:[0m[2m1326:[0m Creating checkpoint(s) for 1 transactions [3mnext_checkpoint_seq[0m[2m=[0m53 [3mcheckpoint_timestamp[0m[2m=[0m1742889261346
[2m2025-03-25T07:54:22.049972Z[0m [32m INFO[0m [1mnode[0m[1m{[0m[3mname[0m[2m=[0mk#addeef94..[1m}[0m[2m:[0m [2msui_core::checkpoints::checkpoint_output[0m[2m:[0m [2mcrates/sui-core/src/checkpoints/checkpoint_output.rs[0m[2m:[0m[2m149:[0m Creating checkpoint CheckpointDigest(4ZG3yX7riUPQbz4bvxbaADvmnHA1URzv62rUEmTbZFoy) at epoch 0, sequence 53, previous digest Some(CheckpointDigest(3HQkcA6qengGfzxiEoJRiFjkz1EAYEcFkfu3nDoJ3G9r)), transactions count 1, content digest CheckpointContentsDigest(DN7MTHFd69zyeZsFcABnipxEauKq2TnWaDxgy64ZZbdX), end_of_epoch_data None
[2m2025-03-25T07:54:22.059496Z[0m [32m INFO[0m [1mnode[0m[1m{[0m[3mname[0m[2m=[0mk#8dcff6d1..[1m}[0m[2m:[0m [2msui_core::checkpoints[0m[2m:[0m [2mcrates/sui-core/src/checkpoints/mod.rs[0m[2m:[0m[2m1326:[0m Creating checkpoint(s) for 1 transactions [3mnext_checkpoint_seq[0m[2m=[0m53 [3mcheckpoint_timestamp[0m[2m=[0m1742889261346
[2m2025-03-25T07:54:22.059498Z[0m [32m INFO[0m [1mnode[0m[1m{[0m[3mname[0m[2m=[0mk#99f25ef6..[1m}[0m[2m:[0m [2msui_core::checkpoints[0m[2m:[0m [2mcrates/sui-core/src/checkpoints/mod.rs[0m[2m:[0m[2m1326:[0m Creating checkpoint(s) for 1 transactions [3mnext_checkpoint_seq[0m[2m=[0m53 [3mcheckpoint_timestamp[0m[2m=[0m1742889261346
[2m2025-03-25T07:54:22.059697Z[0m [32m INFO[0m [1mnode[0m[1m{[0m[3mname[0m[2m=[0mk#8dcff6d1..[1m}[0m[2m:[0m [2msui_core::checkpoints::checkpoint_output[0m[2m:[0m [2mcrates/sui-core/src/checkpoints/checkpoint_output.rs[0m[2m:[0m[2m149:[0m Creating checkpoint CheckpointDigest(4ZG3yX7riUPQbz4bvxbaADvmnHA1URzv62rUEmTbZFoy) at epoch 0, sequence 53, previous digest Some(CheckpointDigest(3HQkcA6qengGfzxiEoJRiFjkz1EAYEcFkfu3nDoJ3G9r)), transactions count 1, content digest CheckpointContentsDigest(DN7MTHFd69zyeZsFcABnipxEauKq2TnWaDxgy64ZZbdX), end_of_epoch_data None
[2m2025-03-25T07:54:22.059697Z[0m [32m INFO[0m [1mnode[0m[1m{[0m[3mname[0m[2m=[0mk#99f25ef6..[1m}[0m[2m:[0m [2msui_core::checkpoints::checkpoint_output[0m[2m:[0m [2mcrates/sui-core/src/checkpoints/checkpoint_output.rs[0m[2m:[0m[2m149:[0m Creating checkpoint CheckpointDigest(4ZG3yX7riUPQbz4bvxbaADvmnHA1URzv62rUEmTbZFoy) at epoch 0, sequence 53, previous digest Some(CheckpointDigest(3HQkcA6qengGfzxiEoJRiFjkz1EAYEcFkfu3nDoJ3G9r)), transactions count 1, content digest CheckpointContentsDigest(DN7MTHFd69zyeZsFcABnipxEauKq2TnWaDxgy64ZZbdX), end_of_epoch_data None
[2m2025-03-25T07:54:22.061579Z[0m [32m INFO[0m [1mnode[0m[1m{[0m[3mname[0m[2m=[0mk#addeef94..[1m}[0m[2m:[0m [2msui_core::checkpoints::checkpoint_executor[0m[2m:[0m [2mcrates/sui-core/src/checkpoints/checkpoint_executor/mod.rs[0m[2m:[0m[2m332:[0m Received checkpoint summary from state sync [3msequence_number[0m[2m=[0m50
[2m2025-03-25T07:54:22.061712Z[0m [32m INFO[0m [1mnode[0m[1m{[0m[3mname[0m[2m=[0mk#addeef94..[1m}[0m[2m:[0m [2msui_core::checkpoints::checkpoint_executor[0m[2m:[0m [2mcrates/sui-core/src/checkpoints/checkpoint_executor/mod.rs[0m[2m:[0m[2m332:[0m Received checkpoint summary from state sync [3msequence_number[0m[2m=[0m51
[2m2025-03-25T07:54:22.062931Z[0m [32m INFO[0m [1mnode[0m[1m{[0m[3mname[0m[2m=[0mk#addeef94..[1m}[0m[2m:[0m [2msui_core::state_accumulator[0m[2m:[0m [2mcrates/sui-core/src/state_accumulator.rs[0m[2m:[0m[2m675:[0m accumulating running root for checkpoint 50
[2m2025-03-25T07:54:22.063354Z[0m [32m INFO[0m [1mnode[0m[1m{[0m[3mname[0m[2m=[0mk#addeef94..[1m}[0m[2m:[0m [2msui_core::state_accumulator[0m[2m:[0m [2mcrates/sui-core/src/state_accumulator.rs[0m[2m:[0m[2m675:[0m accumulating running root for checkpoint 51
[2m2025-03-25T07:54:22.111567Z[0m [32m INFO[0m [1mnode[0m[1m{[0m[3mname[0m[2m=[0mk#8dcff6d1..[1m}[0m[2m:[0m [2mconsensus_core::core[0m[2m:[0m [2mconsensus/core/src/core.rs[0m[2m:[0m[2m531:[0m Created block B34(A,64yvLxfX194Ehtn6/lVrxCE/iZ6NF7yUb2GjGX7anMs=)(1742889262111ms;[B33(A,uzp+77pBrr8TvZTa8vlUZeQisa2gdTdm503Nm8Z090U=), B33(B,CuXViij+B1fS/AWN5muIyDM0XdC/JSk85rHL2ECO/0E=), B33(C,++fe3eJeqxYxMa6XMO0l7TgzfzfMfn8ndM8xupcA+PQ=)];2t;1c) for round 34
[2m2025-03-25T07:54:22.111567Z[0m [32m INFO[0m [1mnode[0m[1m{[0m[3mname[0m[2m=[0mk#99f25ef6..[1m}[0m[2m:[0m [2mconsensus_core::core[0m[2m:[0m [2mconsensus/core/src/core.rs[0m[2m:[0m[2m531:[0m Created block B34(B,cEwcG3bo0LqqJTqUtdQ0HImHWKvO05QsfKxmgKsQlEA=)(1742889262111ms;[B33(B,CuXViij+B1fS/AWN5muIyDM0XdC/JSk85rHL2ECO/0E=), B33(A,uzp+77pBrr8TvZTa8vlUZeQisa2gdTdm503Nm8Z090U=), B33(C,++fe3eJeqxYxMa6XMO0l7TgzfzfMfn8ndM8xupcA+PQ=)];2t;1c) for round 34
[2m2025-03-25T07:54:22.112212Z[0m [32m INFO[0m [1mnode[0m[1m{[0m[3mname[0m[2m=[0mk#addeef94..[1m}[0m[2m:[0m [2mconsensus_core::core[0m[2m:[0m [2mconsensus/core/src/core.rs[0m[2m:[0m[2m531:[0m Created block B34(C,yp3LKVWjSQhHt2SK527Wsy09XQZGvMa3pr/PsjhlzIo=)(1742889262111ms;[B33(C,++fe3eJeqxYxMa6XMO0l7TgzfzfMfn8ndM8xupcA+PQ=), B33(A,uzp+77pBrr8TvZTa8vlUZeQisa2gdTdm503Nm8Z090U=), B33(B,CuXViij+B1fS/AWN5muIyDM0XdC/JSk85rHL2ECO/0E=)];2t;1c) for round 34
[2m2025-03-25T07:54:22.114396Z[0m [32m INFO[0m [1mnode[0m[1m{[0m[3mname[0m[2m=[0mk#8dcff6d1..[1m}[0m[2m:[0m [2mconsensus_core::core[0m[2m:[0m [2mconsensus/core/src/core.rs[0m[2m:[0m[2m630:[0m Committing 1 leaders: B32(C,/K0Y)
[2m2025-03-25T07:54:22.114396Z[0m [32m INFO[0m [1mnode[0m[1m{[0m[3mname[0m[2m=[0mk#99f25ef6..[1m}[0m[2m:[0m [2mconsensus_core::core[0m[2m:[0m [2mconsensus/core/src/core.rs[0m[2m:[0m[2m630:[0m Committing 1 leaders: B32(C,/K0Y)
[2m2025-03-25T07:54:22.114444Z[0m [32m INFO[0m [1mnode[0m[1m{[0m[3mname[0m[2m=[0mk#addeef94..[1m}[0m[2m:[0m [2mconsensus_core::core[0m[2m:[0m [2mconsensus/core/src/core.rs[0m[2m:[0m[2m630:[0m Committing 1 leaders: B32(C,/K0Y)
[2m2025-03-25T07:54:22.114485Z[0m [32m INFO[0m [1mnode[0m[1m{[0m[3mname[0m[2m=[0mk#8dcff6d1..[1m}[0m[2m:[0m [2mconsensus_core::commit_observer[0m[2m:[0m [2mconsensus/core/src/commit_observer.rs[0m[2m:[0m[2m173:[0m Consensus commit C31(giC1) with leader B32(C,/K0Y) has 3 blocks
[2m2025-03-25T07:54:22.114485Z[0m [32m INFO[0m [1mnode[0m[1m{[0m[3mname[0m[2m=[0mk#99f25ef6..[1m}[0m[2m:[0m [2mconsensus_core::commit_observer[0m[2m:[0m [2mconsensus/core/src/commit_observer.rs[0m[2m:[0m[2m173:[0m Consensus commit C31(giC1) with leader B32(C,/K0Y) has 3 blocks
[2m2025-03-25T07:54:22.114526Z[0m [32m INFO[0m [1mnode[0m[1m{[0m[3mname[0m[2m=[0mk#addeef94..[1m}[0m[2m:[0m [2mconsensus_core::commit_observer[0m[2m:[0m [2mconsensus/core/src/commit_observer.rs[0m[2m:[0m[2m173:[0m Consensus commit C31(giC1) with leader B32(C,/K0Y) has 3 blocks
[2m2025-03-25T07:54:22.114564Z[0m [32m INFO[0m [1mnode[0m[1m{[0m[3mname[0m[2m=[0mk#8dcff6d1..[1m}[0m[2m:[0m [2msui_core::consensus_handler[0m[2m:[0m [2mcrates/sui-core/src/consensus_handler.rs[0m[2m:[0m[2m232:[0m Received consensus output [3mconsensus_commit[0m[2m=[0mCommittedSubDag(leader=B32(C,/K0Y), ref=C31(giC1), blocks=[FJ5+, tia5, /K0Y]) [3mepoch[0m[2m=[0m0
[2m2025-03-25T07:54:22.114564Z[0m [32m INFO[0m [1mnode[0m[1m{[0m[3mname[0m[2m=[0mk#99f25ef6..[1m}[0m[2m:[0m [2msui_core::consensus_handler[0m[2m:[0m [2mcrates/sui-core/src/consensus_handler.rs[0m[2m:[0m[2m232:[0m Received consensus output [3mconsensus_commit[0m[2m=[0mCommittedSubDag(leader=B32(C,/K0Y), ref=C31(giC1), blocks=[FJ5+, tia5, /K0Y]) [3mepoch[0m[2m=[0m0
[2m2025-03-25T07:54:22.114598Z[0m [32m INFO[0m [1mnode[0m[1m{[0m[3mname[0m[2m=[0mk#addeef94..[1m}[0m[2m:[0m [2msui_core::consensus_handler[0m[2m:[0m [2mcrates/sui-core/src/consensus_handler.rs[0m[2m:[0m[2m232:[0m Received consensus output [3mconsensus_commit[0m[2m=[0mCommittedSubDag(leader=B32(C,/K0Y), ref=C31(giC1), blocks=[FJ5+, tia5, /K0Y]) [3mepoch[0m[2m=[0m0
[2m2025-03-25T07:54:22.198866Z[0m [32m INFO[0m [1mnode[0m[1m{[0m[3mname[0m[2m=[0mk#8dcff6d1..[1m}[0m[2m:[0m [2msui_core::checkpoints[0m[2m:[0m [2mcrates/sui-core/src/checkpoints/mod.rs[0m[2m:[0m[2m1326:[0m Creating checkpoint(s) for 1 transactions [3mnext_checkpoint_seq[0m[2m=[0m54 [3mcheckpoint_timestamp[0m[2m=[0m1742889261602
[2m2025-03-25T07:54:22.198866Z[0m [32m INFO[0m [1mnode[0m[1m{[0m[3mname[0m[2m=[0mk#addeef94..[1m}[0m[2m:[0m [2msui_core::checkpoints[0m[2m:[0m [2mcrates/sui-core/src/checkpoints/mod.rs[0m[2m:[0m[2m1326:[0m Creating checkpoint(s) for 1 transactions [3mnext_checkpoint_seq[0m[2m=[0m54 [3mcheckpoint_timestamp[0m[2m=[0m1742889261602
[2m2025-03-25T07:54:22.198866Z[0m [32m INFO[0m [1mnode[0m[1m{[0m[3mname[0m[2m=[0mk#99f25ef6..[1m}[0m[2m:[0m [2msui_core::checkpoints[0m[2m:[0m [2mcrates/sui-core/src/checkpoints/mod.rs[0m[2m:[0m[2m1326:[0m Creating checkpoint(s) for 1 transactions [3mnext_checkpoint_seq[0m[2m=[0m54 [3mcheckpoint_timestamp[0m[2m=[0m1742889261602
[2m2025-03-25T07:54:22.199116Z[0m [32m INFO[0m [1mnode[0m[1m{[0m[3mname[0m[2m=[0mk#addeef94..[1m}[0m[2m:[0m [2msui_core::checkpoints::checkpoint_output[0m[2m:[0m [2mcrates/sui-core/src/checkpoints/checkpoint_output.rs[0m[2m:[0m[2m149:[0m Creating checkpoint CheckpointDigest(HzdKermnrvYSPYkYDesJEPQXx1USVFrRMRBojxz5qGxb) at epoch 0, sequence 54, previous digest Some(CheckpointDigest(4ZG3yX7riUPQbz4bvxbaADvmnHA1URzv62rUEmTbZFoy)), transactions count 1, content digest CheckpointContentsDigest(xBTF6f3mMH6ZsdqrBCcEq9Nj7MVKqUR5dm9zBw9Y8x1), end_of_epoch_data None
[2m2025-03-25T07:54:22.199116Z[0m [32m INFO[0m [1mnode[0m[1m{[0m[3mname[0m[2m=[0mk#8dcff6d1..[1m}[0m[2m:[0m [2msui_core::checkpoints::checkpoint_output[0m[2m:[0m [2mcrates/sui-core/src/checkpoints/checkpoint_output.rs[0m[2m:[0m[2m149:[0m Creating checkpoint CheckpointDigest(HzdKermnrvYSPYkYDesJEPQXx1USVFrRMRBojxz5qGxb) at epoch 0, sequence 54, previous digest Some(CheckpointDigest(4ZG3yX7riUPQbz4bvxbaADvmnHA1URzv62rUEmTbZFoy)), transactions count 1, content digest CheckpointContentsDigest(xBTF6f3mMH6ZsdqrBCcEq9Nj7MVKqUR5dm9zBw9Y8x1), end_of_epoch_data None
[2m2025-03-25T07:54:22.199116Z[0m [32m INFO[0m [1mnode[0m[1m{[0m[3mname[0m[2m=[0mk#99f25ef6..[1m}[0m[2m:[0m [2msui_core::checkpoints::checkpoint_output[0m[2m:[0m [2mcrates/sui-core/src/checkpoints/checkpoint_output.rs[0m[2m:[0m[2m149:[0m Creating checkpoint CheckpointDigest(HzdKermnrvYSPYkYDesJEPQXx1USVFrRMRBojxz5qGxb) at epoch 0, sequence 54, previous digest Some(CheckpointDigest(4ZG3yX7riUPQbz4bvxbaADvmnHA1URzv62rUEmTbZFoy)), transactions count 1, content digest CheckpointContentsDigest(xBTF6f3mMH6ZsdqrBCcEq9Nj7MVKqUR5dm9zBw9Y8x1), end_of_epoch_data None
[2m2025-03-25T07:54:22.201439Z[0m [32m INFO[0m [1mnode[0m[1m{[0m[3mname[0m[2m=[0mk#addeef94..[1m}[0m[2m:[0m [2mconsensus_core::commit_syncer[0m[2m:[0m [2mconsensus/core/src/commit_syncer.rs[0m[2m:[0m[2m196:[0m Checking to schedule fetches: synced_commit_index=31, highest_handled_index=31, highest_scheduled_index=0, quorum_commit_index=0, unhandled_commits_threshold=3200
[2m2025-03-25T07:54:22.203788Z[0m [32m INFO[0m [1mnode[0m[1m{[0m[3mname[0m[2m=[0mk#8dcff6d1..[1m}[0m[2m:[0m [2msui_core::checkpoints::checkpoint_output[0m[2m:[0m [2mcrates/sui-core/src/checkpoints/checkpoint_output.rs[0m[2m:[0m[2m196:[0m Certified checkpoint with sequence 52 and digest 3HQkcA6qengGfzxiEoJRiFjkz1EAYEcFkfu3nDoJ3G9r
[2m2025-03-25T07:54:22.203800Z[0m [32m INFO[0m [1mnode[0m[1m{[0m[3mname[0m[2m=[0mk#99f25ef6..[1m}[0m[2m:[0m [2msui_core::checkpoints::checkpoint_output[0m[2m:[0m [2mcrates/sui-core/src/checkpoints/checkpoint_output.rs[0m[2m:[0m[2m196:[0m Certified checkpoint with sequence 52 and digest 3HQkcA6qengGfzxiEoJRiFjkz1EAYEcFkfu3nDoJ3G9r
[2m2025-03-25T07:54:22.203810Z[0m [32m INFO[0m [1mnode[0m[1m{[0m[3mname[0m[2m=[0mk#8dcff6d1..[1m}[0m[2m:[0m [2msui_core::checkpoints::checkpoint_output[0m[2m:[0m [2mcrates/sui-core/src/checkpoints/checkpoint_output.rs[0m[2m:[0m[2m196:[0m Certified checkpoint with sequence 53 and digest 4ZG3yX7riUPQbz4bvxbaADvmnHA1URzv62rUEmTbZFoy
[2m2025-03-25T07:54:22.203819Z[0m [32m INFO[0m [1mnode[0m[1m{[0m[3mname[0m[2m=[0mk#99f25ef6..[1m}[0m[2m:[0m [2msui_core::checkpoints::checkpoint_output[0m[2m:[0m [2mcrates/sui-core/src/checkpoints/checkpoint_output.rs[0m[2m:[0m[2m196:[0m Certified checkpoint with sequence 53 and digest 4ZG3yX7riUPQbz4bvxbaADvmnHA1URzv62rUEmTbZFoy
[2m2025-03-25T07:54:22.204709Z[0m [32m INFO[0m [1mnode[0m[1m{[0m[3mname[0m[2m=[0mk#8dcff6d1..[1m}[0m[2m:[0m [2msui_core::checkpoints::checkpoint_executor[0m[2m:[0m [2mcrates/sui-core/src/checkpoints/checkpoint_executor/mod.rs[0m[2m:[0m[2m332:[0m Received checkpoint summary from state sync [3msequence_number[0m[2m=[0m52
[2m2025-03-25T07:54:22.204739Z[0m [32m INFO[0m [1mnode[0m[1m{[0m[3mname[0m[2m=[0mk#99f25ef6..[1m}[0m[2m:[0m [2msui_core::checkpoints::checkpoint_executor[0m[2m:[0m [2mcrates/sui-core/src/checkpoints/checkpoint_executor/mod.rs[0m[2m:[0m[2m332:[0m Received checkpoint summary from state sync [3msequence_number[0m[2m=[0m52
[2m2025-03-25T07:54:22.204851Z[0m [32m INFO[0m [1mnode[0m[1m{[0m[3mname[0m[2m=[0mk#8dcff6d1..[1m}[0m[2m:[0m [2msui_core::checkpoints::checkpoint_executor[0m[2m:[0m [2mcrates/sui-core/src/checkpoints/checkpoint_executor/mod.rs[0m[2m:[0m[2m332:[0m Received checkpoint summary from state sync [3msequence_number[0m[2m=[0m53
[2m2025-03-25T07:54:22.204859Z[0m [32m INFO[0m [1mnode[0m[1m{[0m[3mname[0m[2m=[0mk#99f25ef6..[1m}[0m[2m:[0m [2msui_core::checkpoints::checkpoint_executor[0m[2m:[0m [2mcrates/sui-core/src/checkpoints/checkpoint_executor/mod.rs[0m[2m:[0m[2m332:[0m Received checkpoint summary from state sync [3msequence_number[0m[2m=[0m53
[2m2025-03-25T07:54:22.206644Z[0m [32m INFO[0m [1mnode[0m[1m{[0m[3mname[0m[2m=[0mk#99f25ef6..[1m}[0m[2m:[0m [2msui_core::state_accumulator[0m[2m:[0m [2mcrates/sui-core/src/state_accumulator.rs[0m[2m:[0m[2m675:[0m accumulating running root for checkpoint 52
[2m2025-03-25T07:54:22.206644Z[0m [32m INFO[0m [1mnode[0m[1m{[0m[3mname[0m[2m=[0mk#8dcff6d1..[1m}[0m[2m:[0m [2msui_core::state_accumulator[0m[2m:[0m [2mcrates/sui-core/src/state_accumulator.rs[0m[2m:[0m[2m675:[0m accumulating running root for checkpoint 52
[2m2025-03-25T07:54:22.207096Z[0m [32m INFO[0m [1mnode[0m[1m{[0m[3mname[0m[2m=[0mk#8dcff6d1..[1m}[0m[2m:[0m [2msui_core::state_accumulator[0m[2m:[0m [2mcrates/sui-core/src/state_accumulator.rs[0m[2m:[0m[2m675:[0m accumulating running root for checkpoint 53
[2m2025-03-25T07:54:22.207098Z[0m [32m INFO[0m [1mnode[0m[1m{[0m[3mname[0m[2m=[0mk#99f25ef6..[1m}[0m[2m:[0m [2msui_core::state_accumulator[0m[2m:[0m [2mcrates/sui-core/src/state_accumulator.rs[0m[2m:[0m[2m675:[0m accumulating running root for checkpoint 53
[2m2025-03-25T07:54:22.302475Z[0m [32m INFO[0m [1mnode[0m[1m{[0m[3mname[0m[2m=[0mk#addeef94..[1m}[0m[2m:[0m [2msui_core::checkpoints[0m[2m:[0m [2mcrates/sui-core/src/checkpoints/mod.rs[0m[2m:[0m[2m1326:[0m Creating checkpoint(s) for 1 transactions [3mnext_checkpoint_seq[0m[2m=[0m55 [3mcheckpoint_timestamp[0m[2m=[0m1742889261602
[2m2025-03-25T07:54:22.302749Z[0m [32m INFO[0m [1mnode[0m[1m{[0m[3mname[0m[2m=[0mk#addeef94..[1m}[0m[2m:[0m [2msui_core::checkpoints::checkpoint_output[0m[2m:[0m [2mcrates/sui-core/src/checkpoints/checkpoint_output.rs[0m[2m:[0m[2m149:[0m Creating checkpoint CheckpointDigest(8DMia7DUnAKCvJ8ubjDe4HqTscvqj9xmGHhH1oUmhzye) at epoch 0, sequence 55, previous digest Some(CheckpointDigest(HzdKermnrvYSPYkYDesJEPQXx1USVFrRMRBojxz5qGxb)), transactions count 1, content digest CheckpointContentsDigest(3XFDX67gZtcbAPjxcKZthjcQjKZjTFMT6wFdZLPhFseA), end_of_epoch_data None
[2m2025-03-25T07:54:22.307260Z[0m [32m INFO[0m [1mnode[0m[1m{[0m[3mname[0m[2m=[0mk#8dcff6d1..[1m}[0m[2m:[0m [2msui_core::checkpoints[0m[2m:[0m [2mcrates/sui-core/src/checkpoints/mod.rs[0m[2m:[0m[2m1326:[0m Creating checkpoint(s) for 1 transactions [3mnext_checkpoint_seq[0m[2m=[0m55 [3mcheckpoint_timestamp[0m[2m=[0m1742889261602
[2m2025-03-25T07:54:22.307457Z[0m [32m INFO[0m [1mnode[0m[1m{[0m[3mname[0m[2m=[0mk#8dcff6d1..[1m}[0m[2m:[0m [2msui_core::checkpoints::checkpoint_output[0m[2m:[0m [2mcrates/sui-core/src/checkpoints/checkpoint_output.rs[0m[2m:[0m[2m149:[0m Creating checkpoint CheckpointDigest(8DMia7DUnAKCvJ8ubjDe4HqTscvqj9xmGHhH1oUmhzye) at epoch 0, sequence 55, previous digest Some(CheckpointDigest(HzdKermnrvYSPYkYDesJEPQXx1USVFrRMRBojxz5qGxb)), transactions count 1, content digest CheckpointContentsDigest(3XFDX67gZtcbAPjxcKZthjcQjKZjTFMT6wFdZLPhFseA), end_of_epoch_data None
[2m2025-03-25T07:54:22.313212Z[0m [32m INFO[0m [1mnode[0m[1m{[0m[3mname[0m[2m=[0mk#99f25ef6..[1m}[0m[2m:[0m [2msui_core::checkpoints[0m[2m:[0m [2mcrates/sui-core/src/checkpoints/mod.rs[0m[2m:[0m[2m1326:[0m Creating checkpoint(s) for 1 transactions [3mnext_checkpoint_seq[0m[2m=[0m55 [3mcheckpoint_timestamp[0m[2m=[0m1742889261602
[2m2025-03-25T07:54:22.313400Z[0m [32m INFO[0m [1mnode[0m[1m{[0m[3mname[0m[2m=[0mk#99f25ef6..[1m}[0m[2m:[0m [2msui_core::checkpoints::checkpoint_output[0m[2m:[0m [2mcrates/sui-core/src/checkpoints/checkpoint_output.rs[0m[2m:[0m[2m149:[0m Creating checkpoint CheckpointDigest(8DMia7DUnAKCvJ8ubjDe4HqTscvqj9xmGHhH1oUmhzye) at epoch 0, sequence 55, previous digest Some(CheckpointDigest(HzdKermnrvYSPYkYDesJEPQXx1USVFrRMRBojxz5qGxb)), transactions count 1, content digest CheckpointContentsDigest(3XFDX67gZtcbAPjxcKZthjcQjKZjTFMT6wFdZLPhFseA), end_of_epoch_data None
[2m2025-03-25T07:54:22.314214Z[0m [32m INFO[0m [1mnode[0m[1m{[0m[3mname[0m[2m=[0mk#addeef94..[1m}[0m[2m:[0m [2msui_core::checkpoints::checkpoint_executor[0m[2m:[0m [2mcrates/sui-core/src/checkpoints/checkpoint_executor/mod.rs[0m[2m:[0m[2m332:[0m Received checkpoint summary from state sync [3msequence_number[0m[2m=[0m52
[2m2025-03-25T07:54:22.314346Z[0m [32m INFO[0m [1mnode[0m[1m{[0m[3mname[0m[2m=[0mk#addeef94..[1m}[0m[2m:[0m [2msui_core::checkpoints::checkpoint_executor[0m[2m:[0m [2mcrates/sui-core/src/checkpoints/checkpoint_executor/mod.rs[0m[2m:[0m[2m332:[0m Received checkpoint summary from state sync [3msequence_number[0m[2m=[0m53
[2m2025-03-25T07:54:22.315719Z[0m [32m INFO[0m [1mnode[0m[1m{[0m[3mname[0m[2m=[0mk#addeef94..[1m}[0m[2m:[0m [2msui_core::state_accumulator[0m[2m:[0m [2mcrates/sui-core/src/state_accumulator.rs[0m[2m:[0m[2m675:[0m accumulating running root for checkpoint 52
[2m2025-03-25T07:54:22.316169Z[0m [32m INFO[0m [1mnode[0m[1m{[0m[3mname[0m[2m=[0mk#addeef94..[1m}[0m[2m:[0m [2msui_core::state_accumulator[0m[2m:[0m [2mcrates/sui-core/src/state_accumulator.rs[0m[2m:[0m[2m675:[0m accumulating running root for checkpoint 53
[2m2025-03-25T07:54:22.366815Z[0m [32m INFO[0m [1mnode[0m[1m{[0m[3mname[0m[2m=[0mk#8dcff6d1..[1m}[0m[2m:[0m [2mconsensus_core::core[0m[2m:[0m [2mconsensus/core/src/core.rs[0m[2m:[0m[2m531:[0m Created block B35(A,+5AH10UWBlcs0WEgn9R9OcnXY2NXQ9PwNn6bZHQE6vg=)(1742889262366ms;[B34(A,64yvLxfX194Ehtn6/lVrxCE/iZ6NF7yUb2GjGX7anMs=), B34(B,cEwcG3bo0LqqJTqUtdQ0HImHWKvO05QsfKxmgKsQlEA=), B34(C,yp3LKVWjSQhHt2SK527Wsy09XQZGvMa3pr/PsjhlzIo=)];2t;1c) for round 35
[2m2025-03-25T07:54:22.366815Z[0m [32m INFO[0m [1mnode[0m[1m{[0m[3mname[0m[2m=[0mk#99f25ef6..[1m}[0m[2m:[0m [2mconsensus_core::core[0m[2m:[0m [2mconsensus/core/src/core.rs[0m[2m:[0m[2m531:[0m Created block B35(B,4UCsnMd8FWjQ92cVqV4DdelEaAzfgUFt18rDbt99xRk=)(1742889262366ms;[B34(B,cEwcG3bo0LqqJTqUtdQ0HImHWKvO05QsfKxmgKsQlEA=), B34(A,64yvLxfX194Ehtn6/lVrxCE/iZ6NF7yUb2GjGX7anMs=), B34(C,yp3LKVWjSQhHt2SK527Wsy09XQZGvMa3pr/PsjhlzIo=)];2t;1c) for round 35
[2m2025-03-25T07:54:22.366815Z[0m [32m INFO[0m [1mnode[0m[1m{[0m[3mname[0m[2m=[0mk#addeef94..[1m}[0m[2m:[0m [2mconsensus_core::core[0m[2m:[0m [2mconsensus/core/src/core.rs[0m[2m:[0m[2m531:[0m Created block B35(C,BIOC7pWOW1GIaLK3y9jYik15H/PfO69EqFloQkux0HQ=)(1742889262366ms;[B34(C,yp3LKVWjSQhHt2SK527Wsy09XQZGvMa3pr/PsjhlzIo=), B34(A,64yvLxfX194Ehtn6/lVrxCE/iZ6NF7yUb2GjGX7anMs=), B34(B,cEwcG3bo0LqqJTqUtdQ0HImHWKvO05QsfKxmgKsQlEA=)];2t;1c) for round 35
[2m2025-03-25T07:54:22.369221Z[0m [32m INFO[0m [1mnode[0m[1m{[0m[3mname[0m[2m=[0mk#99f25ef6..[1m}[0m[2m:[0m [2mconsensus_core::core[0m[2m:[0m [2mconsensus/core/src/core.rs[0m[2m:[0m[2m630:[0m Committing 1 leaders: B33(C,++fe)
[2m2025-03-25T07:54:22.369221Z[0m [32m INFO[0m [1mnode[0m[1m{[0m[3mname[0m[2m=[0mk#8dcff6d1..[1m}[0m[2m:[0m [2mconsensus_core::core[0m[2m:[0m [2mconsensus/core/src/core.rs[0m[2m:[0m[2m630:[0m Committing 1 leaders: B33(C,++fe)
[2m2025-03-25T07:54:22.369273Z[0m [32m INFO[0m [1mnode[0m[1m{[0m[3mname[0m[2m=[0mk#addeef94..[1m}[0m[2m:[0m [2mconsensus_core::core[0m[2m:[0m [2mconsensus/core/src/core.rs[0m[2m:[0m[2m630:[0m Committing 1 leaders: B33(C,++fe)
[2m2025-03-25T07:54:22.369313Z[0m [32m INFO[0m [1mnode[0m[1m{[0m[3mname[0m[2m=[0mk#99f25ef6..[1m}[0m[2m:[0m [2mconsensus_core::commit_observer[0m[2m:[0m [2mconsensus/core/src/commit_observer.rs[0m[2m:[0m[2m173:[0m Consensus commit C32(94HG) with leader B33(C,++fe) has 3 blocks
[2m2025-03-25T07:54:22.369314Z[0m [32m INFO[0m [1mnode[0m[1m{[0m[3mname[0m[2m=[0mk#8dcff6d1..[1m}[0m[2m:[0m [2mconsensus_core::commit_observer[0m[2m:[0m [2mconsensus/core/src/commit_observer.rs[0m[2m:[0m[2m173:[0m Consensus commit C32(94HG) with leader B33(C,++fe) has 3 blocks
[2m2025-03-25T07:54:22.369366Z[0m [32m INFO[0m [1mnode[0m[1m{[0m[3mname[0m[2m=[0mk#addeef94..[1m}[0m[2m:[0m [2mconsensus_core::commit_observer[0m[2m:[0m [2mconsensus/core/src/commit_observer.rs[0m[2m:[0m[2m173:[0m Consensus commit C32(94HG) with leader B33(C,++fe) has 3 blocks
[2m2025-03-25T07:54:22.369392Z[0m [32m INFO[0m [1mnode[0m[1m{[0m[3mname[0m[2m=[0mk#99f25ef6..[1m}[0m[2m:[0m [2msui_core::consensus_handler[0m[2m:[0m [2mcrates/sui-core/src/consensus_handler.rs[0m[2m:[0m[2m232:[0m Received consensus output [3mconsensus_commit[0m[2m=[0mCommittedSubDag(leader=B33(C,++fe), ref=C32(94HG), blocks=[wYTi, RYzy, ++fe]) [3mepoch[0m[2m=[0m0
[2m2025-03-25T07:54:22.369392Z[0m [32m INFO[0m [1mnode[0m[1m{[0m[3mname[0m[2m=[0mk#8dcff6d1..[1m}[0m[2m:[0m [2msui_core::consensus_handler[0m[2m:[0m [2mcrates/sui-core/src/consensus_handler.rs[0m[2m:[0m[2m232:[0m Received consensus output [3mconsensus_commit[0m[2m=[0mCommittedSubDag(leader=B33(C,++fe), ref=C32(94HG), blocks=[wYTi, RYzy, ++fe]) [3mepoch[0m[2m=[0m0
[2m2025-03-25T07:54:22.369439Z[0m [32m INFO[0m [1mnode[0m[1m{[0m[3mname[0m[2m=[0mk#addeef94..[1m}[0m[2m:[0m [2msui_core::consensus_handler[0m[2m:[0m [2mcrates/sui-core/src/consensus_handler.rs[0m[2m:[0m[2m232:[0m Received consensus output [3mconsensus_commit[0m[2m=[0mCommittedSubDag(leader=B33(C,++fe), ref=C32(94HG), blocks=[wYTi, RYzy, ++fe]) [3mepoch[0m[2m=[0m0
[2m2025-03-25T07:54:22.455556Z[0m [32m INFO[0m [1mnode[0m[1m{[0m[3mname[0m[2m=[0mk#99f25ef6..[1m}[0m[2m:[0m [2msui_core::checkpoints[0m[2m:[0m [2mcrates/sui-core/src/checkpoints/mod.rs[0m[2m:[0m[2m1326:[0m Creating checkpoint(s) for 1 transactions [3mnext_checkpoint_seq[0m[2m=[0m56 [3mcheckpoint_timestamp[0m[2m=[0m1742889261855
[2m2025-03-25T07:54:22.455556Z[0m [32m INFO[0m [1mnode[0m[1m{[0m[3mname[0m[2m=[0mk#addeef94..[1m}[0m[2m:[0m [2msui_core::checkpoints[0m[2m:[0m [2mcrates/sui-core/src/checkpoints/mod.rs[0m[2m:[0m[2m1326:[0m Creating checkpoint(s) for 1 transactions [3mnext_checkpoint_seq[0m[2m=[0m56 [3mcheckpoint_timestamp[0m[2m=[0m1742889261855
[2m2025-03-25T07:54:22.455623Z[0m [32m INFO[0m [1mnode[0m[1m{[0m[3mname[0m[2m=[0mk#8dcff6d1..[1m}[0m[2m:[0m [2msui_core::checkpoints[0m[2m:[0m [2mcrates/sui-core/src/checkpoints/mod.rs[0m[2m:[0m[2m1326:[0m Creating checkpoint(s) for 1 transactions [3mnext_checkpoint_seq[0m[2m=[0m56 [3mcheckpoint_timestamp[0m[2m=[0m1742889261855
[2m2025-03-25T07:54:22.455828Z[0m [32m INFO[0m [1mnode[0m[1m{[0m[3mname[0m[2m=[0mk#99f25ef6..[1m}[0m[2m:[0m [2msui_core::checkpoints::checkpoint_output[0m[2m:[0m [2mcrates/sui-core/src/checkpoints/checkpoint_output.rs[0m[2m:[0m[2m149:[0m Creating checkpoint CheckpointDigest(9j639L9iJibhVfQgz2PbCzBEmRiKznUkfeMruLckzNmS) at epoch 0, sequence 56, previous digest Some(CheckpointDigest(8DMia7DUnAKCvJ8ubjDe4HqTscvqj9xmGHhH1oUmhzye)), transactions count 1, content digest CheckpointContentsDigest(C8jVVypaeQZUx6Hh538MSTUj993VpsmsrrFfBxFhacDt), end_of_epoch_data None
[2m2025-03-25T07:54:22.455828Z[0m [32m INFO[0m [1mnode[0m[1m{[0m[3mname[0m[2m=[0mk#8dcff6d1..[1m}[0m[2m:[0m [2msui_core::checkpoints::checkpoint_output[0m[2m:[0m [2mcrates/sui-core/src/checkpoints/checkpoint_output.rs[0m[2m:[0m[2m149:[0m Creating checkpoint CheckpointDigest(9j639L9iJibhVfQgz2PbCzBEmRiKznUkfeMruLckzNmS) at epoch 0, sequence 56, previous digest Some(CheckpointDigest(8DMia7DUnAKCvJ8ubjDe4HqTscvqj9xmGHhH1oUmhzye)), transactions count 1, content digest CheckpointContentsDigest(C8jVVypaeQZUx6Hh538MSTUj993VpsmsrrFfBxFhacDt), end_of_epoch_data None
[2m2025-03-25T07:54:22.455828Z[0m [32m INFO[0m [1mnode[0m[1m{[0m[3mname[0m[2m=[0mk#addeef94..[1m}[0m[2m:[0m [2msui_core::checkpoints::checkpoint_output[0m[2m:[0m [2mcrates/sui-core/src/checkpoints/checkpoint_output.rs[0m[2m:[0m[2m149:[0m Creating checkpoint CheckpointDigest(9j639L9iJibhVfQgz2PbCzBEmRiKznUkfeMruLckzNmS) at epoch 0, sequence 56, previous digest Some(CheckpointDigest(8DMia7DUnAKCvJ8ubjDe4HqTscvqj9xmGHhH1oUmhzye)), transactions count 1, content digest CheckpointContentsDigest(C8jVVypaeQZUx6Hh538MSTUj993VpsmsrrFfBxFhacDt), end_of_epoch_data None
[2m2025-03-25T07:54:22.458186Z[0m [32m INFO[0m [1mnode[0m[1m{[0m[3mname[0m[2m=[0mk#8dcff6d1..[1m}[0m[2m:[0m [2mconsensus_core::commit_syncer[0m[2m:[0m [2mconsensus/core/src/commit_syncer.rs[0m[2m:[0m[2m196:[0m Checking to schedule fetches: synced_commit_index=32, highest_handled_index=32, highest_scheduled_index=0, quorum_commit_index=31, unhandled_commits_threshold=3200
[2m2025-03-25T07:54:22.460522Z[0m [32m INFO[0m [1mnode[0m[1m{[0m[3mname[0m[2m=[0mk#99f25ef6..[1m}[0m[2m:[0m [2msui_core::checkpoints::checkpoint_output[0m[2m:[0m [2mcrates/sui-core/src/checkpoints/checkpoint_output.rs[0m[2m:[0m[2m196:[0m Certified checkpoint with sequence 54 and digest HzdKermnrvYSPYkYDesJEPQXx1USVFrRMRBojxz5qGxb
[2m2025-03-25T07:54:22.460536Z[0m [32m INFO[0m [1mnode[0m[1m{[0m[3mname[0m[2m=[0mk#8dcff6d1..[1m}[0m[2m:[0m [2msui_core::checkpoints::checkpoint_output[0m[2m:[0m [2mcrates/sui-core/src/checkpoints/checkpoint_output.rs[0m[2m:[0m[2m196:[0m Certified checkpoint with sequence 54 and digest HzdKermnrvYSPYkYDesJEPQXx1USVFrRMRBojxz5qGxb
[2m2025-03-25T07:54:22.460544Z[0m [32m INFO[0m [1mnode[0m[1m{[0m[3mname[0m[2m=[0mk#99f25ef6..[1m}[0m[2m:[0m [2msui_core::checkpoints::checkpoint_output[0m[2m:[0m [2mcrates/sui-core/src/checkpoints/checkpoint_output.rs[0m[2m:[0m[2m196:[0m Certified checkpoint with sequence 55 and digest 8DMia7DUnAKCvJ8ubjDe4HqTscvqj9xmGHhH1oUmhzye
[2m2025-03-25T07:54:22.460555Z[0m [32m INFO[0m [1mnode[0m[1m{[0m[3mname[0m[2m=[0mk#8dcff6d1..[1m}[0m[2m:[0m [2msui_core::checkpoints::checkpoint_output[0m[2m:[0m [2mcrates/sui-core/src/checkpoints/checkpoint_output.rs[0m[2m:[0m[2m196:[0m Certified checkpoint with sequence 55 and digest 8DMia7DUnAKCvJ8ubjDe4HqTscvqj9xmGHhH1oUmhzye
[2m2025-03-25T07:54:22.461421Z[0m [32m INFO[0m [1mnode[0m[1m{[0m[3mname[0m[2m=[0mk#8dcff6d1..[1m}[0m[2m:[0m [2msui_core::checkpoints::checkpoint_executor[0m[2m:[0m [2mcrates/sui-core/src/checkpoints/checkpoint_executor/mod.rs[0m[2m:[0m[2m332:[0m Received checkpoint summary from state sync [3msequence_number[0m[2m=[0m54
[2m2025-03-25T07:54:22.461424Z[0m [32m INFO[0m [1mnode[0m[1m{[0m[3mname[0m[2m=[0mk#99f25ef6..[1m}[0m[2m:[0m [2msui_core::checkpoints::checkpoint_executor[0m[2m:[0m [2mcrates/sui-core/src/checkpoints/checkpoint_executor/mod.rs[0m[2m:[0m[2m332:[0m Received checkpoint summary from state sync [3msequence_number[0m[2m=[0m54
[2m2025-03-25T07:54:22.461558Z[0m [32m INFO[0m [1mnode[0m[1m{[0m[3mname[0m[2m=[0mk#99f25ef6..[1m}[0m[2m:[0m [2msui_core::checkpoints::checkpoint_executor[0m[2m:[0m [2mcrates/sui-core/src/checkpoints/checkpoint_executor/mod.rs[0m[2m:[0m[2m332:[0m Received checkpoint summary from state sync [3msequence_number[0m[2m=[0m55
[2m2025-03-25T07:54:22.461558Z[0m [32m INFO[0m [1mnode[0m[1m{[0m[3mname[0m[2m=[0mk#8dcff6d1..[1m}[0m[2m:[0m [2msui_core::checkpoints::checkpoint_executor[0m[2m:[0m [2mcrates/sui-core/src/checkpoints/checkpoint_executor/mod.rs[0m[2m:[0m[2m332:[0m Received checkpoint summary from state sync [3msequence_number[0m[2m=[0m55
[2m2025-03-25T07:54:22.463290Z[0m [32m INFO[0m [1mnode[0m[1m{[0m[3mname[0m[2m=[0mk#99f25ef6..[1m}[0m[2m:[0m [2msui_core::state_accumulator[0m[2m:[0m [2mcrates/sui-core/src/state_accumulator.rs[0m[2m:[0m[2m675:[0m accumulating running root for checkpoint 54
[2m2025-03-25T07:54:22.463292Z[0m [32m INFO[0m [1mnode[0m[1m{[0m[3mname[0m[2m=[0mk#8dcff6d1..[1m}[0m[2m:[0m [2msui_core::state_accumulator[0m[2m:[0m [2mcrates/sui-core/src/state_accumulator.rs[0m[2m:[0m[2m675:[0m accumulating running root for checkpoint 54
[2m2025-03-25T07:54:22.463728Z[0m [32m INFO[0m [1mnode[0m[1m{[0m[3mname[0m[2m=[0mk#99f25ef6..[1m}[0m[2m:[0m [2msui_core::state_accumulator[0m[2m:[0m [2mcrates/sui-core/src/state_accumulator.rs[0m[2m:[0m[2m675:[0m accumulating running root for checkpoint 55
[2m2025-03-25T07:54:22.463732Z[0m [32m INFO[0m [1mnode[0m[1m{[0m[3mname[0m[2m=[0mk#8dcff6d1..[1m}[0m[2m:[0m [2msui_core::state_accumulator[0m[2m:[0m [2mcrates/sui-core/src/state_accumulator.rs[0m[2m:[0m[2m675:[0m accumulating running root for checkpoint 55
[2m2025-03-25T07:54:22.559667Z[0m [32m INFO[0m [1mnode[0m[1m{[0m[3mname[0m[2m=[0mk#addeef94..[1m}[0m[2m:[0m [2msui_core::checkpoints[0m[2m:[0m [2mcrates/sui-core/src/checkpoints/mod.rs[0m[2m:[0m[2m1326:[0m Creating checkpoint(s) for 1 transactions [3mnext_checkpoint_seq[0m[2m=[0m57 [3mcheckpoint_timestamp[0m[2m=[0m1742889261855
[2m2025-03-25T07:54:22.559940Z[0m [32m INFO[0m [1mnode[0m[1m{[0m[3mname[0m[2m=[0mk#addeef94..[1m}[0m[2m:[0m [2msui_core::checkpoints::checkpoint_output[0m[2m:[0m [2mcrates/sui-core/src/checkpoints/checkpoint_output.rs[0m[2m:[0m[2m149:[0m Creating checkpoint CheckpointDigest(5KEZGibauPeQ5WxnxQVMZcDne8SqsmuJT2dr9D17md2e) at epoch 0, sequence 57, previous digest Some(CheckpointDigest(9j639L9iJibhVfQgz2PbCzBEmRiKznUkfeMruLckzNmS)), transactions count 1, content digest CheckpointContentsDigest(Hr3Np32QJ4AWa9PWeVtaVjcJTbzeoZW8wBHgcyyDP3W), end_of_epoch_data None
[2m2025-03-25T07:54:22.571250Z[0m [32m INFO[0m [1mnode[0m[1m{[0m[3mname[0m[2m=[0mk#99f25ef6..[1m}[0m[2m:[0m [2msui_core::checkpoints[0m[2m:[0m [2mcrates/sui-core/src/checkpoints/mod.rs[0m[2m:[0m[2m1326:[0m Creating checkpoint(s) for 1 transactions [3mnext_checkpoint_seq[0m[2m=[0m57 [3mcheckpoint_timestamp[0m[2m=[0m1742889261855
[2m2025-03-25T07:54:22.571447Z[0m [32m INFO[0m [1mnode[0m[1m{[0m[3mname[0m[2m=[0mk#99f25ef6..[1m}[0m[2m:[0m [2msui_core::checkpoints::checkpoint_output[0m[2m:[0m [2mcrates/sui-core/src/checkpoints/checkpoint_output.rs[0m[2m:[0m[2m149:[0m Creating checkpoint CheckpointDigest(5KEZGibauPeQ5WxnxQVMZcDne8SqsmuJT2dr9D17md2e) at epoch 0, sequence 57, previous digest Some(CheckpointDigest(9j639L9iJibhVfQgz2PbCzBEmRiKznUkfeMruLckzNmS)), transactions count 1, content digest CheckpointContentsDigest(Hr3Np32QJ4AWa9PWeVtaVjcJTbzeoZW8wBHgcyyDP3W), end_of_epoch_data None
[2m2025-03-25T07:54:22.571609Z[0m [32m INFO[0m [1mnode[0m[1m{[0m[3mname[0m[2m=[0mk#addeef94..[1m}[0m[2m:[0m [2msui_core::checkpoints::checkpoint_executor[0m[2m:[0m [2mcrates/sui-core/src/checkpoints/checkpoint_executor/mod.rs[0m[2m:[0m[2m332:[0m Received checkpoint summary from state sync [3msequence_number[0m[2m=[0m54
[2m2025-03-25T07:54:22.571740Z[0m [32m INFO[0m [1mnode[0m[1m{[0m[3mname[0m[2m=[0mk#addeef94..[1m}[0m[2m:[0m [2msui_core::checkpoints::checkpoint_executor[0m[2m:[0m [2mcrates/sui-core/src/checkpoints/checkpoint_executor/mod.rs[0m[2m:[0m[2m332:[0m Received checkpoint summary from state sync [3msequence_number[0m[2m=[0m55
[2m2025-03-25T07:54:22.572209Z[0m [32m INFO[0m [1mnode[0m[1m{[0m[3mname[0m[2m=[0mk#8dcff6d1..[1m}[0m[2m:[0m [2msui_core::checkpoints[0m[2m:[0m [2mcrates/sui-core/src/checkpoints/mod.rs[0m[2m:[0m[2m1326:[0m Creating checkpoint(s) for 1 transactions [3mnext_checkpoint_seq[0m[2m=[0m57 [3mcheckpoint_timestamp[0m[2m=[0m1742889261855
[2m2025-03-25T07:54:22.572396Z[0m [32m INFO[0m [1mnode[0m[1m{[0m[3mname[0m[2m=[0mk#8dcff6d1..[1m}[0m[2m:[0m [2msui_core::checkpoints::checkpoint_output[0m[2m:[0m [2mcrates/sui-core/src/checkpoints/checkpoint_output.rs[0m[2m:[0m[2m149:[0m Creating checkpoint CheckpointDigest(5KEZGibauPeQ5WxnxQVMZcDne8SqsmuJT2dr9D17md2e) at epoch 0, sequence 57, previous digest Some(CheckpointDigest(9j639L9iJibhVfQgz2PbCzBEmRiKznUkfeMruLckzNmS)), transactions count 1, content digest CheckpointContentsDigest(Hr3Np32QJ4AWa9PWeVtaVjcJTbzeoZW8wBHgcyyDP3W), end_of_epoch_data None
[2m2025-03-25T07:54:22.573134Z[0m [32m INFO[0m [1mnode[0m[1m{[0m[3mname[0m[2m=[0mk#addeef94..[1m}[0m[2m:[0m [2msui_core::state_accumulator[0m[2m:[0m [2mcrates/sui-core/src/state_accumulator.rs[0m[2m:[0m[2m675:[0m accumulating running root for checkpoint 54
[2m2025-03-25T07:54:22.573579Z[0m [32m INFO[0m [1mnode[0m[1m{[0m[3mname[0m[2m=[0mk#addeef94..[1m}[0m[2m:[0m [2msui_core::state_accumulator[0m[2m:[0m [2mcrates/sui-core/src/state_accumulator.rs[0m[2m:[0m[2m675:[0m accumulating running root for checkpoint 55
[2m2025-03-25T07:54:22.621600Z[0m [32m INFO[0m [1mnode[0m[1m{[0m[3mname[0m[2m=[0mk#99f25ef6..[1m}[0m[2m:[0m [2mconsensus_core::core[0m[2m:[0m [2mconsensus/core/src/core.rs[0m[2m:[0m[2m531:[0m Created block B36(B,bfOmnROtRJhEtB+agTd1k94C442fVL3nigpncxs3L28=)(1742889262621ms;[B35(B,4UCsnMd8FWjQ92cVqV4DdelEaAzfgUFt18rDbt99xRk=), B35(A,+5AH10UWBlcs0WEgn9R9OcnXY2NXQ9PwNn6bZHQE6vg=), B35(C,BIOC7pWOW1GIaLK3y9jYik15H/PfO69EqFloQkux0HQ=)];2t;1c) for round 36
[2m2025-03-25T07:54:22.621682Z[0m [32m INFO[0m [1mnode[0m[1m{[0m[3mname[0m[2m=[0mk#addeef94..[1m}[0m[2m:[0m [2mconsensus_core::core[0m[2m:[0m [2mconsensus/core/src/core.rs[0m[2m:[0m[2m531:[0m Created block B36(C,NKeEM+F7T1xm3+zgyb/C/qHUEcFm47YAQdMNrSO+faE=)(1742889262621ms;[B35(C,BIOC7pWOW1GIaLK3y9jYik15H/PfO69EqFloQkux0HQ=), B35(A,+5AH10UWBlcs0WEgn9R9OcnXY2NXQ9PwNn6bZHQE6vg=), B35(B,4UCsnMd8FWjQ92cVqV4DdelEaAzfgUFt18rDbt99xRk=)];2t;1c) for round 36
[2m2025-03-25T07:54:22.621692Z[0m [32m INFO[0m [1mnode[0m[1m{[0m[3mname[0m[2m=[0mk#8dcff6d1..[1m}[0m[2m:[0m [2mconsensus_core::core[0m[2m:[0m [2mconsensus/core/src/core.rs[0m[2m:[0m[2m531:[0m Created block B36(A,76KbaMG7ycaWYdxCUTeAAtG1mXDJlBDYeA8ltlzZEj4=)(1742889262621ms;[B35(A,+5AH10UWBlcs0WEgn9R9OcnXY2NXQ9PwNn6bZHQE6vg=), B35(B,4UCsnMd8FWjQ92cVqV4DdelEaAzfgUFt18rDbt99xRk=), B35(C,BIOC7pWOW1GIaLK3y9jYik15H/PfO69EqFloQkux0HQ=)];2t;1c) for round 36
[2m2025-03-25T07:54:22.623902Z[0m [32m INFO[0m [1mnode[0m[1m{[0m[3mname[0m[2m=[0mk#8dcff6d1..[1m}[0m[2m:[0m [2mconsensus_core::core[0m[2m:[0m [2mconsensus/core/src/core.rs[0m[2m:[0m[2m630:[0m Committing 1 leaders: B34(C,yp3L)
[2m2025-03-25T07:54:22.623902Z[0m [32m INFO[0m [1mnode[0m[1m{[0m[3mname[0m[2m=[0mk#99f25ef6..[1m}[0m[2m:[0m [2mconsensus_core::core[0m[2m:[0m [2mconsensus/core/src/core.rs[0m[2m:[0m[2m630:[0m Committing 1 leaders: B34(C,yp3L)
[2m2025-03-25T07:54:22.623957Z[0m [32m INFO[0m [1mnode[0m[1m{[0m[3mname[0m[2m=[0mk#addeef94..[1m}[0m[2m:[0m [2mconsensus_core::core[0m[2m:[0m [2mconsensus/core/src/core.rs[0m[2m:[0m[2m630:[0m Committing 1 leaders: B34(C,yp3L)
[2m2025-03-25T07:54:22.623995Z[0m [32m INFO[0m [1mnode[0m[1m{[0m[3mname[0m[2m=[0mk#99f25ef6..[1m}[0m[2m:[0m [2mconsensus_core::commit_observer[0m[2m:[0m [2mconsensus/core/src/commit_observer.rs[0m[2m:[0m[2m173:[0m Consensus commit C33(LPE8) with leader B34(C,yp3L) has 3 blocks
[2m2025-03-25T07:54:22.623995Z[0m [32m INFO[0m [1mnode[0m[1m{[0m[3mname[0m[2m=[0mk#8dcff6d1..[1m}[0m[2m:[0m [2mconsensus_core::commit_observer[0m[2m:[0m [2mconsensus/core/src/commit_observer.rs[0m[2m:[0m[2m173:[0m Consensus commit C33(LPE8) with leader B34(C,yp3L) has 3 blocks
[2m2025-03-25T07:54:22.624041Z[0m [32m INFO[0m [1mnode[0m[1m{[0m[3mname[0m[2m=[0mk#addeef94..[1m}[0m[2m:[0m [2mconsensus_core::commit_observer[0m[2m:[0m [2mconsensus/core/src/commit_observer.rs[0m[2m:[0m[2m173:[0m Consensus commit C33(LPE8) with leader B34(C,yp3L) has 3 blocks
[2m2025-03-25T07:54:22.624078Z[0m [32m INFO[0m [1mnode[0m[1m{[0m[3mname[0m[2m=[0mk#99f25ef6..[1m}[0m[2m:[0m [2msui_core::consensus_handler[0m[2m:[0m [2mcrates/sui-core/src/consensus_handler.rs[0m[2m:[0m[2m232:[0m Received consensus output [3mconsensus_commit[0m[2m=[0mCommittedSubDag(leader=B34(C,yp3L), ref=C33(LPE8), blocks=[uzp+, CuXV, yp3L]) [3mepoch[0m[2m=[0m0
[2m2025-03-25T07:54:22.624078Z[0m [32m INFO[0m [1mnode[0m[1m{[0m[3mname[0m[2m=[0mk#8dcff6d1..[1m}[0m[2m:[0m [2msui_core::consensus_handler[0m[2m:[0m [2mcrates/sui-core/src/consensus_handler.rs[0m[2m:[0m[2m232:[0m Received consensus output [3mconsensus_commit[0m[2m=[0mCommittedSubDag(leader=B34(C,yp3L), ref=C33(LPE8), blocks=[uzp+, CuXV, yp3L]) [3mepoch[0m[2m=[0m0
[2m2025-03-25T07:54:22.624114Z[0m [32m INFO[0m [1mnode[0m[1m{[0m[3mname[0m[2m=[0mk#addeef94..[1m}[0m[2m:[0m [2msui_core::consensus_handler[0m[2m:[0m [2mcrates/sui-core/src/consensus_handler.rs[0m[2m:[0m[2m232:[0m Received consensus output [3mconsensus_commit[0m[2m=[0mCommittedSubDag(leader=B34(C,yp3L), ref=C33(LPE8), blocks=[uzp+, CuXV, yp3L]) [3mepoch[0m[2m=[0m0
[2m2025-03-25T07:54:22.717934Z[0m [32m INFO[0m [1mnode[0m[1m{[0m[3mname[0m[2m=[0mk#99f25ef6..[1m}[0m[2m:[0m [2msui_core::checkpoints[0m[2m:[0m [2mcrates/sui-core/src/checkpoints/mod.rs[0m[2m:[0m[2m1326:[0m Creating checkpoint(s) for 1 transactions [3mnext_checkpoint_seq[0m[2m=[0m58 [3mcheckpoint_timestamp[0m[2m=[0m1742889262111
[2m2025-03-25T07:54:22.717934Z[0m [32m INFO[0m [1mnode[0m[1m{[0m[3mname[0m[2m=[0mk#8dcff6d1..[1m}[0m[2m:[0m [2msui_core::checkpoints[0m[2m:[0m [2mcrates/sui-core/src/checkpoints/mod.rs[0m[2m:[0m[2m1326:[0m Creating checkpoint(s) for 1 transactions [3mnext_checkpoint_seq[0m[2m=[0m58 [3mcheckpoint_timestamp[0m[2m=[0m1742889262111
[2m2025-03-25T07:54:22.718181Z[0m [32m INFO[0m [1mnode[0m[1m{[0m[3mname[0m[2m=[0mk#99f25ef6..[1m}[0m[2m:[0m [2msui_core::checkpoints::checkpoint_output[0m[2m:[0m [2mcrates/sui-core/src/checkpoints/checkpoint_output.rs[0m[2m:[0m[2m149:[0m Creating checkpoint CheckpointDigest(5D63tx9YehL6gJFvR1PMEphU6KqJFjjaH26PPMQTVKGt) at epoch 0, sequence 58, previous digest Some(CheckpointDigest(5KEZGibauPeQ5WxnxQVMZcDne8SqsmuJT2dr9D17md2e)), transactions count 1, content digest CheckpointContentsDigest(7QRKW2J4Y14xV9xP8HTdDfyXB7RyWxadU1vY6eR17Jka), end_of_epoch_data None
[2m2025-03-25T07:54:22.718181Z[0m [32m INFO[0m [1mnode[0m[1m{[0m[3mname[0m[2m=[0mk#8dcff6d1..[1m}[0m[2m:[0m [2msui_core::checkpoints::checkpoint_output[0m[2m:[0m [2mcrates/sui-core/src/checkpoints/checkpoint_output.rs[0m[2m:[0m[2m149:[0m Creating checkpoint CheckpointDigest(5D63tx9YehL6gJFvR1PMEphU6KqJFjjaH26PPMQTVKGt) at epoch 0, sequence 58, previous digest Some(CheckpointDigest(5KEZGibauPeQ5WxnxQVMZcDne8SqsmuJT2dr9D17md2e)), transactions count 1, content digest CheckpointContentsDigest(7QRKW2J4Y14xV9xP8HTdDfyXB7RyWxadU1vY6eR17Jka), end_of_epoch_data None
[2m2025-03-25T07:54:22.719539Z[0m [32m INFO[0m [1mnode[0m[1m{[0m[3mname[0m[2m=[0mk#addeef94..[1m}[0m[2m:[0m [2msui_core::checkpoints[0m[2m:[0m [2mcrates/sui-core/src/checkpoints/mod.rs[0m[2m:[0m[2m1326:[0m Creating checkpoint(s) for 1 transactions [3mnext_checkpoint_seq[0m[2m=[0m58 [3mcheckpoint_timestamp[0m[2m=[0m1742889262111
[2m2025-03-25T07:54:22.719701Z[0m [32m INFO[0m [1mnode[0m[1m{[0m[3mname[0m[2m=[0mk#addeef94..[1m}[0m[2m:[0m [2msui_core::checkpoints::checkpoint_output[0m[2m:[0m [2mcrates/sui-core/src/checkpoints/checkpoint_output.rs[0m[2m:[0m[2m149:[0m Creating checkpoint CheckpointDigest(5D63tx9YehL6gJFvR1PMEphU6KqJFjjaH26PPMQTVKGt) at epoch 0, sequence 58, previous digest Some(CheckpointDigest(5KEZGibauPeQ5WxnxQVMZcDne8SqsmuJT2dr9D17md2e)), transactions count 1, content digest CheckpointContentsDigest(7QRKW2J4Y14xV9xP8HTdDfyXB7RyWxadU1vY6eR17Jka), end_of_epoch_data None
[2m2025-03-25T07:54:22.722763Z[0m [32m INFO[0m [1mnode[0m[1m{[0m[3mname[0m[2m=[0mk#8dcff6d1..[1m}[0m[2m:[0m [2msui_core::checkpoints::checkpoint_output[0m[2m:[0m [2mcrates/sui-core/src/checkpoints/checkpoint_output.rs[0m[2m:[0m[2m196:[0m Certified checkpoint with sequence 56 and digest 9j639L9iJibhVfQgz2PbCzBEmRiKznUkfeMruLckzNmS
[2m2025-03-25T07:54:22.722786Z[0m [32m INFO[0m [1mnode[0m[1m{[0m[3mname[0m[2m=[0mk#8dcff6d1..[1m}[0m[2m:[0m [2msui_core::checkpoints::checkpoint_output[0m[2m:[0m [2mcrates/sui-core/src/checkpoints/checkpoint_output.rs[0m[2m:[0m[2m196:[0m Certified checkpoint with sequence 57 and digest 5KEZGibauPeQ5WxnxQVMZcDne8SqsmuJT2dr9D17md2e
[2m2025-03-25T07:54:22.722795Z[0m [32m INFO[0m [1mnode[0m[1m{[0m[3mname[0m[2m=[0mk#99f25ef6..[1m}[0m[2m:[0m [2msui_core::checkpoints::checkpoint_output[0m[2m:[0m [2mcrates/sui-core/src/checkpoints/checkpoint_output.rs[0m[2m:[0m[2m196:[0m Certified checkpoint with sequence 56 and digest 9j639L9iJibhVfQgz2PbCzBEmRiKznUkfeMruLckzNmS
[2m2025-03-25T07:54:22.722814Z[0m [32m INFO[0m [1mnode[0m[1m{[0m[3mname[0m[2m=[0mk#99f25ef6..[1m}[0m[2m:[0m [2msui_core::checkpoints::checkpoint_output[0m[2m:[0m [2mcrates/sui-core/src/checkpoints/checkpoint_output.rs[0m[2m:[0m[2m196:[0m Certified checkpoint with sequence 57 and digest 5KEZGibauPeQ5WxnxQVMZcDne8SqsmuJT2dr9D17md2e
[2m2025-03-25T07:54:22.723647Z[0m [32m INFO[0m [1mnode[0m[1m{[0m[3mname[0m[2m=[0mk#8dcff6d1..[1m}[0m[2m:[0m [2msui_core::checkpoints::checkpoint_executor[0m[2m:[0m [2mcrates/sui-core/src/checkpoints/checkpoint_executor/mod.rs[0m[2m:[0m[2m332:[0m Received checkpoint summary from state sync [3msequence_number[0m[2m=[0m56
[2m2025-03-25T07:54:22.723675Z[0m [32m INFO[0m [1mnode[0m[1m{[0m[3mname[0m[2m=[0mk#99f25ef6..[1m}[0m[2m:[0m [2msui_core::checkpoints::checkpoint_executor[0m[2m:[0m [2mcrates/sui-core/src/checkpoints/checkpoint_executor/mod.rs[0m[2m:[0m[2m332:[0m Received checkpoint summary from state sync [3msequence_number[0m[2m=[0m56
[2m2025-03-25T07:54:22.723775Z[0m [32m INFO[0m [1mnode[0m[1m{[0m[3mname[0m[2m=[0mk#8dcff6d1..[1m}[0m[2m:[0m [2msui_core::checkpoints::checkpoint_executor[0m[2m:[0m [2mcrates/sui-core/src/checkpoints/checkpoint_executor/mod.rs[0m[2m:[0m[2m332:[0m Received checkpoint summary from state sync [3msequence_number[0m[2m=[0m57
[2m2025-03-25T07:54:22.723799Z[0m [32m INFO[0m [1mnode[0m[1m{[0m[3mname[0m[2m=[0mk#99f25ef6..[1m}[0m[2m:[0m [2msui_core::checkpoints::checkpoint_executor[0m[2m:[0m [2mcrates/sui-core/src/checkpoints/checkpoint_executor/mod.rs[0m[2m:[0m[2m332:[0m Received checkpoint summary from state sync [3msequence_number[0m[2m=[0m57
[2m2025-03-25T07:54:22.725483Z[0m [32m INFO[0m [1mnode[0m[1m{[0m[3mname[0m[2m=[0mk#8dcff6d1..[1m}[0m[2m:[0m [2msui_core::state_accumulator[0m[2m:[0m [2mcrates/sui-core/src/state_accumulator.rs[0m[2m:[0m[2m675:[0m accumulating running root for checkpoint 56
[2m2025-03-25T07:54:22.725485Z[0m [32m INFO[0m [1mnode[0m[1m{[0m[3mname[0m[2m=[0mk#99f25ef6..[1m}[0m[2m:[0m [2msui_core::state_accumulator[0m[2m:[0m [2mcrates/sui-core/src/state_accumulator.rs[0m[2m:[0m[2m675:[0m accumulating running root for checkpoint 56
[2m2025-03-25T07:54:22.725919Z[0m [32m INFO[0m [1mnode[0m[1m{[0m[3mname[0m[2m=[0mk#8dcff6d1..[1m}[0m[2m:[0m [2msui_core::state_accumulator[0m[2m:[0m [2mcrates/sui-core/src/state_accumulator.rs[0m[2m:[0m[2m675:[0m accumulating running root for checkpoint 57
[2m2025-03-25T07:54:22.725924Z[0m [32m INFO[0m [1mnode[0m[1m{[0m[3mname[0m[2m=[0mk#99f25ef6..[1m}[0m[2m:[0m [2msui_core::state_accumulator[0m[2m:[0m [2mcrates/sui-core/src/state_accumulator.rs[0m[2m:[0m[2m675:[0m accumulating running root for checkpoint 57
[2m2025-03-25T07:54:22.822578Z[0m [32m INFO[0m [1mnode[0m[1m{[0m[3mname[0m[2m=[0mk#addeef94..[1m}[0m[2m:[0m [2msui_core::checkpoints[0m[2m:[0m [2mcrates/sui-core/src/checkpoints/mod.rs[0m[2m:[0m[2m1326:[0m Creating checkpoint(s) for 1 transactions [3mnext_checkpoint_seq[0m[2m=[0m59 [3mcheckpoint_timestamp[0m[2m=[0m1742889262111
[2m2025-03-25T07:54:22.822843Z[0m [32m INFO[0m [1mnode[0m[1m{[0m[3mname[0m[2m=[0mk#addeef94..[1m}[0m[2m:[0m [2msui_core::checkpoints::checkpoint_output[0m[2m:[0m [2mcrates/sui-core/src/checkpoints/checkpoint_output.rs[0m[2m:[0m[2m149:[0m Creating checkpoint CheckpointDigest(3ajeTWYTENUMkQFSaKmkstdnvq6yMDBGMcyUaW2BiBuN) at epoch 0, sequence 59, previous digest Some(CheckpointDigest(5D63tx9YehL6gJFvR1PMEphU6KqJFjjaH26PPMQTVKGt)), transactions count 1, content digest CheckpointContentsDigest(HB1KNqSmkdfnpN5Ru877SwaWqYaXQwsXcumyP4eBGWuf), end_of_epoch_data None
[2m2025-03-25T07:54:22.827073Z[0m [32m INFO[0m [1mnode[0m[1m{[0m[3mname[0m[2m=[0mk#addeef94..[1m}[0m[2m:[0m [2msui_core::checkpoints::checkpoint_executor[0m[2m:[0m [2mcrates/sui-core/src/checkpoints/checkpoint_executor/mod.rs[0m[2m:[0m[2m332:[0m Received checkpoint summary from state sync [3msequence_number[0m[2m=[0m56
[2m2025-03-25T07:54:22.827204Z[0m [32m INFO[0m [1mnode[0m[1m{[0m[3mname[0m[2m=[0mk#addeef94..[1m}[0m[2m:[0m [2msui_core::checkpoints::checkpoint_executor[0m[2m:[0m [2mcrates/sui-core/src/checkpoints/checkpoint_executor/mod.rs[0m[2m:[0m[2m332:[0m Received checkpoint summary from state sync [3msequence_number[0m[2m=[0m57
[2m2025-03-25T07:54:22.828558Z[0m [32m INFO[0m [1mnode[0m[1m{[0m[3mname[0m[2m=[0mk#addeef94..[1m}[0m[2m:[0m [2msui_core::state_accumulator[0m[2m:[0m [2mcrates/sui-core/src/state_accumulator.rs[0m[2m:[0m[2m675:[0m accumulating running root for checkpoint 56
[2m2025-03-25T07:54:22.828999Z[0m [32m INFO[0m [1mnode[0m[1m{[0m[3mname[0m[2m=[0mk#addeef94..[1m}[0m[2m:[0m [2msui_core::state_accumulator[0m[2m:[0m [2mcrates/sui-core/src/state_accumulator.rs[0m[2m:[0m[2m675:[0m accumulating running root for checkpoint 57
[2m2025-03-25T07:54:22.831740Z[0m [32m INFO[0m [1mnode[0m[1m{[0m[3mname[0m[2m=[0mk#99f25ef6..[1m}[0m[2m:[0m [2msui_core::checkpoints[0m[2m:[0m [2mcrates/sui-core/src/checkpoints/mod.rs[0m[2m:[0m[2m1326:[0m Creating checkpoint(s) for 1 transactions [3mnext_checkpoint_seq[0m[2m=[0m59 [3mcheckpoint_timestamp[0m[2m=[0m1742889262111
[2m2025-03-25T07:54:22.831968Z[0m [32m INFO[0m [1mnode[0m[1m{[0m[3mname[0m[2m=[0mk#99f25ef6..[1m}[0m[2m:[0m [2msui_core::checkpoints::checkpoint_output[0m[2m:[0m [2mcrates/sui-core/src/checkpoints/checkpoint_output.rs[0m[2m:[0m[2m149:[0m Creating checkpoint CheckpointDigest(3ajeTWYTENUMkQFSaKmkstdnvq6yMDBGMcyUaW2BiBuN) at epoch 0, sequence 59, previous digest Some(CheckpointDigest(5D63tx9YehL6gJFvR1PMEphU6KqJFjjaH26PPMQTVKGt)), transactions count 1, content digest CheckpointContentsDigest(HB1KNqSmkdfnpN5Ru877SwaWqYaXQwsXcumyP4eBGWuf), end_of_epoch_data None
[2m2025-03-25T07:54:22.833141Z[0m [32m INFO[0m [1mnode[0m[1m{[0m[3mname[0m[2m=[0mk#8dcff6d1..[1m}[0m[2m:[0m [2msui_core::checkpoints[0m[2m:[0m [2mcrates/sui-core/src/checkpoints/mod.rs[0m[2m:[0m[2m1326:[0m Creating checkpoint(s) for 1 transactions [3mnext_checkpoint_seq[0m[2m=[0m59 [3mcheckpoint_timestamp[0m[2m=[0m1742889262111
[2m2025-03-25T07:54:22.833325Z[0m [32m INFO[0m [1mnode[0m[1m{[0m[3mname[0m[2m=[0mk#8dcff6d1..[1m}[0m[2m:[0m [2msui_core::checkpoints::checkpoint_output[0m[2m:[0m [2mcrates/sui-core/src/checkpoints/checkpoint_output.rs[0m[2m:[0m[2m149:[0m Creating checkpoint CheckpointDigest(3ajeTWYTENUMkQFSaKmkstdnvq6yMDBGMcyUaW2BiBuN) at epoch 0, sequence 59, previous digest Some(CheckpointDigest(5D63tx9YehL6gJFvR1PMEphU6KqJFjjaH26PPMQTVKGt)), transactions count 1, content digest CheckpointContentsDigest(HB1KNqSmkdfnpN5Ru877SwaWqYaXQwsXcumyP4eBGWuf), end_of_epoch_data None
[2m2025-03-25T07:54:22.875903Z[0m [32m INFO[0m [1mnode[0m[1m{[0m[3mname[0m[2m=[0mk#8dcff6d1..[1m}[0m[2m:[0m [2mconsensus_core::core[0m[2m:[0m [2mconsensus/core/src/core.rs[0m[2m:[0m[2m531:[0m Created block B37(A,x2sQc1++QMXaGDzx5OP9DTrdwmEwfoipM7XKLqYcYmg=)(1742889262875ms;[B36(A,76KbaMG7ycaWYdxCUTeAAtG1mXDJlBDYeA8ltlzZEj4=), B36(B,bfOmnROtRJhEtB+agTd1k94C442fVL3nigpncxs3L28=), B36(C,NKeEM+F7T1xm3+zgyb/C/qHUEcFm47YAQdMNrSO+faE=)];2t;1c) for round 37
[2m2025-03-25T07:54:22.876273Z[0m [32m INFO[0m [1mnode[0m[1m{[0m[3mname[0m[2m=[0mk#addeef94..[1m}[0m[2m:[0m [2mconsensus_core::core[0m[2m:[0m [2mconsensus/core/src/core.rs[0m[2m:[0m[2m531:[0m Created block B37(C,A8bIbjGjen79rl0RZGhsN52B6R1ArLPKwZYl9MwhEh4=)(1742889262876ms;[B36(C,NKeEM+F7T1xm3+zgyb/C/qHUEcFm47YAQdMNrSO+faE=), B36(A,76KbaMG7ycaWYdxCUTeAAtG1mXDJlBDYeA8ltlzZEj4=), B36(B,bfOmnROtRJhEtB+agTd1k94C442fVL3nigpncxs3L28=)];2t;1c) for round 37
[2m2025-03-25T07:54:22.876528Z[0m [32m INFO[0m [1mnode[0m[1m{[0m[3mname[0m[2m=[0mk#99f25ef6..[1m}[0m[2m:[0m [2mconsensus_core::core[0m[2m:[0m [2mconsensus/core/src/core.rs[0m[2m:[0m[2m531:[0m Created block B37(B,to3tnk+l2GCVuynsBdlBt5Yv+5cy39Qy1HiVpoBXVIk=)(1742889262876ms;[B36(B,bfOmnROtRJhEtB+agTd1k94C442fVL3nigpncxs3L28=), B36(A,76KbaMG7ycaWYdxCUTeAAtG1mXDJlBDYeA8ltlzZEj4=), B36(C,NKeEM+F7T1xm3+zgyb/C/qHUEcFm47YAQdMNrSO+faE=)];2t;1c) for round 37
[2m2025-03-25T07:54:22.878481Z[0m [32m INFO[0m [1mnode[0m[1m{[0m[3mname[0m[2m=[0mk#8dcff6d1..[1m}[0m[2m:[0m [2mconsensus_core::core[0m[2m:[0m [2mconsensus/core/src/core.rs[0m[2m:[0m[2m630:[0m Committing 1 leaders: B35(A,+5AH)
[2m2025-03-25T07:54:22.878518Z[0m [32m INFO[0m [1mnode[0m[1m{[0m[3mname[0m[2m=[0mk#addeef94..[1m}[0m[2m:[0m [2mconsensus_core::core[0m[2m:[0m [2mconsensus/core/src/core.rs[0m[2m:[0m[2m630:[0m Committing 1 leaders: B35(A,+5AH)
[2m2025-03-25T07:54:22.878564Z[0m [32m INFO[0m [1mnode[0m[1m{[0m[3mname[0m[2m=[0mk#99f25ef6..[1m}[0m[2m:[0m [2mconsensus_core::core[0m[2m:[0m [2mconsensus/core/src/core.rs[0m[2m:[0m[2m630:[0m Committing 1 leaders: B35(A,+5AH)
[2m2025-03-25T07:54:22.878575Z[0m [32m INFO[0m [1mnode[0m[1m{[0m[3mname[0m[2m=[0mk#8dcff6d1..[1m}[0m[2m:[0m [2mconsensus_core::commit_observer[0m[2m:[0m [2mconsensus/core/src/commit_observer.rs[0m[2m:[0m[2m173:[0m Consensus commit C34(jCG4) with leader B35(A,+5AH) has 3 blocks
[2m2025-03-25T07:54:22.878598Z[0m [32m INFO[0m [1mnode[0m[1m{[0m[3mname[0m[2m=[0mk#addeef94..[1m}[0m[2m:[0m [2mconsensus_core::commit_observer[0m[2m:[0m [2mconsensus/core/src/commit_observer.rs[0m[2m:[0m[2m173:[0m Consensus commit C34(jCG4) with leader B35(A,+5AH) has 3 blocks
[2m2025-03-25T07:54:22.878642Z[0m [32m INFO[0m [1mnode[0m[1m{[0m[3mname[0m[2m=[0mk#99f25ef6..[1m}[0m[2m:[0m [2mconsensus_core::commit_observer[0m[2m:[0m [2mconsensus/core/src/commit_observer.rs[0m[2m:[0m[2m173:[0m Consensus commit C34(jCG4) with leader B35(A,+5AH) has 3 blocks
[2m2025-03-25T07:54:22.878658Z[0m [32m INFO[0m [1mnode[0m[1m{[0m[3mname[0m[2m=[0mk#8dcff6d1..[1m}[0m[2m:[0m [2msui_core::consensus_handler[0m[2m:[0m [2mcrates/sui-core/src/consensus_handler.rs[0m[2m:[0m[2m232:[0m Received consensus output [3mconsensus_commit[0m[2m=[0mCommittedSubDag(leader=B35(A,+5AH), ref=C34(jCG4), blocks=[64yv, cEwc, +5AH]) [3mepoch[0m[2m=[0m0
[2m2025-03-25T07:54:22.878667Z[0m [32m INFO[0m [1mnode[0m[1m{[0m[3mname[0m[2m=[0mk#addeef94..[1m}[0m[2m:[0m [2msui_core::consensus_handler[0m[2m:[0m [2mcrates/sui-core/src/consensus_handler.rs[0m[2m:[0m[2m232:[0m Received consensus output [3mconsensus_commit[0m[2m=[0mCommittedSubDag(leader=B35(A,+5AH), ref=C34(jCG4), blocks=[64yv, cEwc, +5AH]) [3mepoch[0m[2m=[0m0
[2m2025-03-25T07:54:22.878711Z[0m [32m INFO[0m [1mnode[0m[1m{[0m[3mname[0m[2m=[0mk#99f25ef6..[1m}[0m[2m:[0m [2msui_core::consensus_handler[0m[2m:[0m [2mcrates/sui-core/src/consensus_handler.rs[0m[2m:[0m[2m232:[0m Received consensus output [3mconsensus_commit[0m[2m=[0mCommittedSubDag(leader=B35(A,+5AH), ref=C34(jCG4), blocks=[64yv, cEwc, +5AH]) [3mepoch[0m[2m=[0m0
[2m2025-03-25T07:54:22.963216Z[0m [32m INFO[0m [1mnode[0m[1m{[0m[3mname[0m[2m=[0mk#addeef94..[1m}[0m[2m:[0m [2msui_core::checkpoints[0m[2m:[0m [2mcrates/sui-core/src/checkpoints/mod.rs[0m[2m:[0m[2m1326:[0m Creating checkpoint(s) for 1 transactions [3mnext_checkpoint_seq[0m[2m=[0m60 [3mcheckpoint_timestamp[0m[2m=[0m1742889262366
[2m2025-03-25T07:54:22.963216Z[0m [32m INFO[0m [1mnode[0m[1m{[0m[3mname[0m[2m=[0mk#8dcff6d1..[1m}[0m[2m:[0m [2msui_core::checkpoints[0m[2m:[0m [2mcrates/sui-core/src/checkpoints/mod.rs[0m[2m:[0m[2m1326:[0m Creating checkpoint(s) for 1 transactions [3mnext_checkpoint_seq[0m[2m=[0m60 [3mcheckpoint_timestamp[0m[2m=[0m1742889262366
[2m2025-03-25T07:54:22.963216Z[0m [32m INFO[0m [1mnode[0m[1m{[0m[3mname[0m[2m=[0mk#99f25ef6..[1m}[0m[2m:[0m [2msui_core::checkpoints[0m[2m:[0m [2mcrates/sui-core/src/checkpoints/mod.rs[0m[2m:[0m[2m1326:[0m Creating checkpoint(s) for 1 transactions [3mnext_checkpoint_seq[0m[2m=[0m60 [3mcheckpoint_timestamp[0m[2m=[0m1742889262366
[2m2025-03-25T07:54:22.963484Z[0m [32m INFO[0m [1mnode[0m[1m{[0m[3mname[0m[2m=[0mk#99f25ef6..[1m}[0m[2m:[0m [2msui_core::checkpoints::checkpoint_output[0m[2m:[0m [2mcrates/sui-core/src/checkpoints/checkpoint_output.rs[0m[2m:[0m[2m149:[0m Creating checkpoint CheckpointDigest(EQ3Scr3N1YGtWuomeGNpZFcXn3UGUmw6LU5X1gQYXhxF) at epoch 0, sequence 60, previous digest Some(CheckpointDigest(3ajeTWYTENUMkQFSaKmkstdnvq6yMDBGMcyUaW2BiBuN)), transactions count 1, content digest CheckpointContentsDigest(jzG9ZG6xsa88VDM36RaJRZGWsc7FwL1ihtEKYNzBdja), end_of_epoch_data None
[2m2025-03-25T07:54:22.963484Z[0m [32m INFO[0m [1mnode[0m[1m{[0m[3mname[0m[2m=[0mk#8dcff6d1..[1m}[0m[2m:[0m [2msui_core::checkpoints::checkpoint_output[0m[2m:[0m [2mcrates/sui-core/src/checkpoints/checkpoint_output.rs[0m[2m:[0m[2m149:[0m Creating checkpoint CheckpointDigest(EQ3Scr3N1YGtWuomeGNpZFcXn3UGUmw6LU5X1gQYXhxF) at epoch 0, sequence 60, previous digest Some(CheckpointDigest(3ajeTWYTENUMkQFSaKmkstdnvq6yMDBGMcyUaW2BiBuN)), transactions count 1, content digest CheckpointContentsDigest(jzG9ZG6xsa88VDM36RaJRZGWsc7FwL1ihtEKYNzBdja), end_of_epoch_data None
[2m2025-03-25T07:54:22.963484Z[0m [32m INFO[0m [1mnode[0m[1m{[0m[3mname[0m[2m=[0mk#addeef94..[1m}[0m[2m:[0m [2msui_core::checkpoints::checkpoint_output[0m[2m:[0m [2mcrates/sui-core/src/checkpoints/checkpoint_output.rs[0m[2m:[0m[2m149:[0m Creating checkpoint CheckpointDigest(EQ3Scr3N1YGtWuomeGNpZFcXn3UGUmw6LU5X1gQYXhxF) at epoch 0, sequence 60, previous digest Some(CheckpointDigest(3ajeTWYTENUMkQFSaKmkstdnvq6yMDBGMcyUaW2BiBuN)), transactions count 1, content digest CheckpointContentsDigest(jzG9ZG6xsa88VDM36RaJRZGWsc7FwL1ihtEKYNzBdja), end_of_epoch_data None
[2m2025-03-25T07:54:22.968227Z[0m [32m INFO[0m [1mnode[0m[1m{[0m[3mname[0m[2m=[0mk#8dcff6d1..[1m}[0m[2m:[0m [2msui_core::checkpoints::checkpoint_output[0m[2m:[0m [2mcrates/sui-core/src/checkpoints/checkpoint_output.rs[0m[2m:[0m[2m196:[0m Certified checkpoint with sequence 58 and digest 5D63tx9YehL6gJFvR1PMEphU6KqJFjjaH26PPMQTVKGt
[2m2025-03-25T07:54:22.968251Z[0m [32m INFO[0m [1mnode[0m[1m{[0m[3mname[0m[2m=[0mk#8dcff6d1..[1m}[0m[2m:[0m [2msui_core::checkpoints::checkpoint_output[0m[2m:[0m [2mcrates/sui-core/src/checkpoints/checkpoint_output.rs[0m[2m:[0m[2m196:[0m Certified checkpoint with sequence 59 and digest 3ajeTWYTENUMkQFSaKmkstdnvq6yMDBGMcyUaW2BiBuN
[2m2025-03-25T07:54:22.968260Z[0m [32m INFO[0m [1mnode[0m[1m{[0m[3mname[0m[2m=[0mk#99f25ef6..[1m}[0m[2m:[0m [2msui_core::checkpoints::checkpoint_output[0m[2m:[0m [2mcrates/sui-core/src/checkpoints/checkpoint_output.rs[0m[2m:[0m[2m196:[0m Certified checkpoint with sequence 58 and digest 5D63tx9YehL6gJFvR1PMEphU6KqJFjjaH26PPMQTVKGt
[2m2025-03-25T07:54:22.968279Z[0m [32m INFO[0m [1mnode[0m[1m{[0m[3mname[0m[2m=[0mk#99f25ef6..[1m}[0m[2m:[0m [2msui_core::checkpoints::checkpoint_output[0m[2m:[0m [2mcrates/sui-core/src/checkpoints/checkpoint_output.rs[0m[2m:[0m[2m196:[0m Certified checkpoint with sequence 59 and digest 3ajeTWYTENUMkQFSaKmkstdnvq6yMDBGMcyUaW2BiBuN
[2m2025-03-25T07:54:22.969141Z[0m [32m INFO[0m [1mnode[0m[1m{[0m[3mname[0m[2m=[0mk#8dcff6d1..[1m}[0m[2m:[0m [2msui_core::checkpoints::checkpoint_executor[0m[2m:[0m [2mcrates/sui-core/src/checkpoints/checkpoint_executor/mod.rs[0m[2m:[0m[2m332:[0m Received checkpoint summary from state sync [3msequence_number[0m[2m=[0m58
[2m2025-03-25T07:54:22.969164Z[0m [32m INFO[0m [1mnode[0m[1m{[0m[3mname[0m[2m=[0mk#99f25ef6..[1m}[0m[2m:[0m [2msui_core::checkpoints::checkpoint_executor[0m[2m:[0m [2mcrates/sui-core/src/checkpoints/checkpoint_executor/mod.rs[0m[2m:[0m[2m332:[0m Received checkpoint summary from state sync [3msequence_number[0m[2m=[0m58
[2m2025-03-25T07:54:22.969279Z[0m [32m INFO[0m [1mnode[0m[1m{[0m[3mname[0m[2m=[0mk#8dcff6d1..[1m}[0m[2m:[0m [2msui_core::checkpoints::checkpoint_executor[0m[2m:[0m [2mcrates/sui-core/src/checkpoints/checkpoint_executor/mod.rs[0m[2m:[0m[2m332:[0m Received checkpoint summary from state sync [3msequence_number[0m[2m=[0m59
[2m2025-03-25T07:54:22.969283Z[0m [32m INFO[0m [1mnode[0m[1m{[0m[3mname[0m[2m=[0mk#99f25ef6..[1m}[0m[2m:[0m [2msui_core::checkpoints::checkpoint_executor[0m[2m:[0m [2mcrates/sui-core/src/checkpoints/checkpoint_executor/mod.rs[0m[2m:[0m[2m332:[0m Received checkpoint summary from state sync [3msequence_number[0m[2m=[0m59
[2m2025-03-25T07:54:22.971058Z[0m [32m INFO[0m [1mnode[0m[1m{[0m[3mname[0m[2m=[0mk#99f25ef6..[1m}[0m[2m:[0m [2msui_core::state_accumulator[0m[2m:[0m [2mcrates/sui-core/src/state_accumulator.rs[0m[2m:[0m[2m675:[0m accumulating running root for checkpoint 58
[2m2025-03-25T07:54:22.971063Z[0m [32m INFO[0m [1mnode[0m[1m{[0m[3mname[0m[2m=[0mk#8dcff6d1..[1m}[0m[2m:[0m [2msui_core::state_accumulator[0m[2m:[0m [2mcrates/sui-core/src/state_accumulator.rs[0m[2m:[0m[2m675:[0m accumulating running root for checkpoint 58
[2m2025-03-25T07:54:22.971500Z[0m [32m INFO[0m [1mnode[0m[1m{[0m[3mname[0m[2m=[0mk#99f25ef6..[1m}[0m[2m:[0m [2msui_core::state_accumulator[0m[2m:[0m [2mcrates/sui-core/src/state_accumulator.rs[0m[2m:[0m[2m675:[0m accumulating running root for checkpoint 59
[2m2025-03-25T07:54:22.971503Z[0m [32m INFO[0m [1mnode[0m[1m{[0m[3mname[0m[2m=[0mk#8dcff6d1..[1m}[0m[2m:[0m [2msui_core::state_accumulator[0m[2m:[0m [2mcrates/sui-core/src/state_accumulator.rs[0m[2m:[0m[2m675:[0m accumulating running root for checkpoint 59
[2m2025-03-25T07:54:23.071128Z[0m [32m INFO[0m [1mnode[0m[1m{[0m[3mname[0m[2m=[0mk#8dcff6d1..[1m}[0m[2m:[0m [2msui_core::checkpoints[0m[2m:[0m [2mcrates/sui-core/src/checkpoints/mod.rs[0m[2m:[0m[2m1326:[0m Creating checkpoint(s) for 1 transactions [3mnext_checkpoint_seq[0m[2m=[0m61 [3mcheckpoint_timestamp[0m[2m=[0m1742889262366
[2m2025-03-25T07:54:23.071404Z[0m [32m INFO[0m [1mnode[0m[1m{[0m[3mname[0m[2m=[0mk#8dcff6d1..[1m}[0m[2m:[0m [2msui_core::checkpoints::checkpoint_output[0m[2m:[0m [2mcrates/sui-core/src/checkpoints/checkpoint_output.rs[0m[2m:[0m[2m149:[0m Creating checkpoint CheckpointDigest(A4yfXfVRqM9JpjgKubHVu7pWUrKuk6FZvF5sXcMTGDa) at epoch 0, sequence 61, previous digest Some(CheckpointDigest(EQ3Scr3N1YGtWuomeGNpZFcXn3UGUmw6LU5X1gQYXhxF)), transactions count 1, content digest CheckpointContentsDigest(5h4boF6HhDQj5H11hTTRQAtxZcenvmSZLaPj6LtmxRqH), end_of_epoch_data None
[2m2025-03-25T07:54:23.077309Z[0m [32m INFO[0m [1mnode[0m[1m{[0m[3mname[0m[2m=[0mk#addeef94..[1m}[0m[2m:[0m [2msui_core::checkpoints[0m[2m:[0m [2mcrates/sui-core/src/checkpoints/mod.rs[0m[2m:[0m[2m1326:[0m Creating checkpoint(s) for 1 transactions [3mnext_checkpoint_seq[0m[2m=[0m61 [3mcheckpoint_timestamp[0m[2m=[0m1742889262366
[2m2025-03-25T07:54:23.077502Z[0m [32m INFO[0m [1mnode[0m[1m{[0m[3mname[0m[2m=[0mk#addeef94..[1m}[0m[2m:[0m [2msui_core::checkpoints::checkpoint_output[0m[2m:[0m [2mcrates/sui-core/src/checkpoints/checkpoint_output.rs[0m[2m:[0m[2m149:[0m Creating checkpoint CheckpointDigest(A4yfXfVRqM9JpjgKubHVu7pWUrKuk6FZvF5sXcMTGDa) at epoch 0, sequence 61, previous digest Some(CheckpointDigest(EQ3Scr3N1YGtWuomeGNpZFcXn3UGUmw6LU5X1gQYXhxF)), transactions count 1, content digest CheckpointContentsDigest(5h4boF6HhDQj5H11hTTRQAtxZcenvmSZLaPj6LtmxRqH), end_of_epoch_data None
[2m2025-03-25T07:54:23.079783Z[0m [32m INFO[0m [1mnode[0m[1m{[0m[3mname[0m[2m=[0mk#99f25ef6..[1m}[0m[2m:[0m [2msui_core::checkpoints[0m[2m:[0m [2mcrates/sui-core/src/checkpoints/mod.rs[0m[2m:[0m[2m1326:[0m Creating checkpoint(s) for 1 transactions [3mnext_checkpoint_seq[0m[2m=[0m61 [3mcheckpoint_timestamp[0m[2m=[0m1742889262366
[2m2025-03-25T07:54:23.079964Z[0m [32m INFO[0m [1mnode[0m[1m{[0m[3mname[0m[2m=[0mk#99f25ef6..[1m}[0m[2m:[0m [2msui_core::checkpoints::checkpoint_output[0m[2m:[0m [2mcrates/sui-core/src/checkpoints/checkpoint_output.rs[0m[2m:[0m[2m149:[0m Creating checkpoint CheckpointDigest(A4yfXfVRqM9JpjgKubHVu7pWUrKuk6FZvF5sXcMTGDa) at epoch 0, sequence 61, previous digest Some(CheckpointDigest(EQ3Scr3N1YGtWuomeGNpZFcXn3UGUmw6LU5X1gQYXhxF)), transactions count 1, content digest CheckpointContentsDigest(5h4boF6HhDQj5H11hTTRQAtxZcenvmSZLaPj6LtmxRqH), end_of_epoch_data None
[2m2025-03-25T07:54:23.081773Z[0m [32m INFO[0m [1mnode[0m[1m{[0m[3mname[0m[2m=[0mk#addeef94..[1m}[0m[2m:[0m [2msui_core::checkpoints::checkpoint_executor[0m[2m:[0m [2mcrates/sui-core/src/checkpoints/checkpoint_executor/mod.rs[0m[2m:[0m[2m332:[0m Received checkpoint summary from state sync [3msequence_number[0m[2m=[0m58
[2m2025-03-25T07:54:23.081906Z[0m [32m INFO[0m [1mnode[0m[1m{[0m[3mname[0m[2m=[0mk#addeef94..[1m}[0m[2m:[0m [2msui_core::checkpoints::checkpoint_executor[0m[2m:[0m [2mcrates/sui-core/src/checkpoints/checkpoint_executor/mod.rs[0m[2m:[0m[2m332:[0m Received checkpoint summary from state sync [3msequence_number[0m[2m=[0m59
[2m2025-03-25T07:54:23.083083Z[0m [32m INFO[0m [1mnode[0m[1m{[0m[3mname[0m[2m=[0mk#addeef94..[1m}[0m[2m:[0m [2msui_core::state_accumulator[0m[2m:[0m [2mcrates/sui-core/src/state_accumulator.rs[0m[2m:[0m[2m675:[0m accumulating running root for checkpoint 58
[2m2025-03-25T07:54:23.083495Z[0m [32m INFO[0m [1mnode[0m[1m{[0m[3mname[0m[2m=[0mk#addeef94..[1m}[0m[2m:[0m [2msui_core::state_accumulator[0m[2m:[0m [2mcrates/sui-core/src/state_accumulator.rs[0m[2m:[0m[2m675:[0m accumulating running root for checkpoint 59
[2m2025-03-25T07:54:23.130837Z[0m [32m INFO[0m [1mnode[0m[1m{[0m[3mname[0m[2m=[0mk#addeef94..[1m}[0m[2m:[0m [2mconsensus_core::core[0m[2m:[0m [2mconsensus/core/src/core.rs[0m[2m:[0m[2m531:[0m Created block B38(C,Mv6Z3B9PfGhkqM3aig2JoIF2vy3OP8YCH2TQLPN1JY4=)(1742889263130ms;[B37(C,A8bIbjGjen79rl0RZGhsN52B6R1ArLPKwZYl9MwhEh4=), B37(A,x2sQc1++QMXaGDzx5OP9DTrdwmEwfoipM7XKLqYcYmg=), B37(B,to3tnk+l2GCVuynsBdlBt5Yv+5cy39Qy1HiVpoBXVIk=)];2t;1c) for round 38
[2m2025-03-25T07:54:23.130914Z[0m [32m INFO[0m [1mnode[0m[1m{[0m[3mname[0m[2m=[0mk#99f25ef6..[1m}[0m[2m:[0m [2mconsensus_core::core[0m[2m:[0m [2mconsensus/core/src/core.rs[0m[2m:[0m[2m531:[0m Created block B38(B,Dz5dTlG0rvEg57oZCHd2wInL8z0BoykDKoJ79MjsSx8=)(1742889263130ms;[B37(B,to3tnk+l2GCVuynsBdlBt5Yv+5cy39Qy1HiVpoBXVIk=), B37(A,x2sQc1++QMXaGDzx5OP9DTrdwmEwfoipM7XKLqYcYmg=), B37(C,A8bIbjGjen79rl0RZGhsN52B6R1ArLPKwZYl9MwhEh4=)];2t;1c) for round 38
[2m2025-03-25T07:54:23.130920Z[0m [32m INFO[0m [1mnode[0m[1m{[0m[3mname[0m[2m=[0mk#8dcff6d1..[1m}[0m[2m:[0m [2mconsensus_core::core[0m[2m:[0m [2mconsensus/core/src/core.rs[0m[2m:[0m[2m531:[0m Created block B38(A,ClO2nnM23gCVpnK1pao86wB9RFSOEnCcRrpoOMbEPVc=)(1742889263130ms;[B37(A,x2sQc1++QMXaGDzx5OP9DTrdwmEwfoipM7XKLqYcYmg=), B37(B,to3tnk+l2GCVuynsBdlBt5Yv+5cy39Qy1HiVpoBXVIk=), B37(C,A8bIbjGjen79rl0RZGhsN52B6R1ArLPKwZYl9MwhEh4=)];2t;1c) for round 38
[2m2025-03-25T07:54:23.133125Z[0m [32m INFO[0m [1mnode[0m[1m{[0m[3mname[0m[2m=[0mk#99f25ef6..[1m}[0m[2m:[0m [2mconsensus_core::core[0m[2m:[0m [2mconsensus/core/src/core.rs[0m[2m:[0m[2m630:[0m Committing 1 leaders: B36(C,NKeE)
[2m2025-03-25T07:54:23.133125Z[0m [32m INFO[0m [1mnode[0m[1m{[0m[3mname[0m[2m=[0mk#8dcff6d1..[1m}[0m[2m:[0m [2mconsensus_core::core[0m[2m:[0m [2mconsensus/core/src/core.rs[0m[2m:[0m[2m630:[0m Committing 1 leaders: B36(C,NKeE)
[2m2025-03-25T07:54:23.133173Z[0m [32m INFO[0m [1mnode[0m[1m{[0m[3mname[0m[2m=[0mk#addeef94..[1m}[0m[2m:[0m [2mconsensus_core::core[0m[2m:[0m [2mconsensus/core/src/core.rs[0m[2m:[0m[2m630:[0m Committing 1 leaders: B36(C,NKeE)
[2m2025-03-25T07:54:23.133214Z[0m [32m INFO[0m [1mnode[0m[1m{[0m[3mname[0m[2m=[0mk#99f25ef6..[1m}[0m[2m:[0m [2mconsensus_core::commit_observer[0m[2m:[0m [2mconsensus/core/src/commit_observer.rs[0m[2m:[0m[2m173:[0m Consensus commit C35(FERL) with leader B36(C,NKeE) has 3 blocks
[2m2025-03-25T07:54:23.133214Z[0m [32m INFO[0m [1mnode[0m[1m{[0m[3mname[0m[2m=[0mk#8dcff6d1..[1m}[0m[2m:[0m [2mconsensus_core::commit_observer[0m[2m:[0m [2mconsensus/core/src/commit_observer.rs[0m[2m:[0m[2m173:[0m Consensus commit C35(FERL) with leader B36(C,NKeE) has 3 blocks
[2m2025-03-25T07:54:23.133251Z[0m [32m INFO[0m [1mnode[0m[1m{[0m[3mname[0m[2m=[0mk#addeef94..[1m}[0m[2m:[0m [2mconsensus_core::commit_observer[0m[2m:[0m [2mconsensus/core/src/commit_observer.rs[0m[2m:[0m[2m173:[0m Consensus commit C35(FERL) with leader B36(C,NKeE) has 3 blocks
[2m2025-03-25T07:54:23.133292Z[0m [32m INFO[0m [1mnode[0m[1m{[0m[3mname[0m[2m=[0mk#8dcff6d1..[1m}[0m[2m:[0m [2msui_core::consensus_handler[0m[2m:[0m [2mcrates/sui-core/src/consensus_handler.rs[0m[2m:[0m[2m232:[0m Received consensus output [3mconsensus_commit[0m[2m=[0mCommittedSubDag(leader=B36(C,NKeE), ref=C35(FERL), blocks=[4UCs, BIOC, NKeE]) [3mepoch[0m[2m=[0m0
[2m2025-03-25T07:54:23.133292Z[0m [32m INFO[0m [1mnode[0m[1m{[0m[3mname[0m[2m=[0mk#99f25ef6..[1m}[0m[2m:[0m [2msui_core::consensus_handler[0m[2m:[0m [2mcrates/sui-core/src/consensus_handler.rs[0m[2m:[0m[2m232:[0m Received consensus output [3mconsensus_commit[0m[2m=[0mCommittedSubDag(leader=B36(C,NKeE), ref=C35(FERL), blocks=[4UCs, BIOC, NKeE]) [3mepoch[0m[2m=[0m0
[2m2025-03-25T07:54:23.133320Z[0m [32m INFO[0m [1mnode[0m[1m{[0m[3mname[0m[2m=[0mk#addeef94..[1m}[0m[2m:[0m [2msui_core::consensus_handler[0m[2m:[0m [2mcrates/sui-core/src/consensus_handler.rs[0m[2m:[0m[2m232:[0m Received consensus output [3mconsensus_commit[0m[2m=[0mCommittedSubDag(leader=B36(C,NKeE), ref=C35(FERL), blocks=[4UCs, BIOC, NKeE]) [3mepoch[0m[2m=[0m0
[2m2025-03-25T07:54:23.248830Z[0m [32m INFO[0m [1mnode[0m[1m{[0m[3mname[0m[2m=[0mk#99f25ef6..[1m}[0m[2m:[0m [2msui_core::checkpoints[0m[2m:[0m [2mcrates/sui-core/src/checkpoints/mod.rs[0m[2m:[0m[2m1326:[0m Creating checkpoint(s) for 1 transactions [3mnext_checkpoint_seq[0m[2m=[0m62 [3mcheckpoint_timestamp[0m[2m=[0m1742889262621
[2m2025-03-25T07:54:23.248830Z[0m [32m INFO[0m [1mnode[0m[1m{[0m[3mname[0m[2m=[0mk#addeef94..[1m}[0m[2m:[0m [2msui_core::checkpoints[0m[2m:[0m [2mcrates/sui-core/src/checkpoints/mod.rs[0m[2m:[0m[2m1326:[0m Creating checkpoint(s) for 1 transactions [3mnext_checkpoint_seq[0m[2m=[0m62 [3mcheckpoint_timestamp[0m[2m=[0m1742889262621
[2m2025-03-25T07:54:23.248830Z[0m [32m INFO[0m [1mnode[0m[1m{[0m[3mname[0m[2m=[0mk#8dcff6d1..[1m}[0m[2m:[0m [2msui_core::checkpoints[0m[2m:[0m [2mcrates/sui-core/src/checkpoints/mod.rs[0m[2m:[0m[2m1326:[0m Creating checkpoint(s) for 1 transactions [3mnext_checkpoint_seq[0m[2m=[0m62 [3mcheckpoint_timestamp[0m[2m=[0m1742889262621
[2m2025-03-25T07:54:23.249069Z[0m [32m INFO[0m [1mnode[0m[1m{[0m[3mname[0m[2m=[0mk#8dcff6d1..[1m}[0m[2m:[0m [2msui_core::checkpoints::checkpoint_output[0m[2m:[0m [2mcrates/sui-core/src/checkpoints/checkpoint_output.rs[0m[2m:[0m[2m149:[0m Creating checkpoint CheckpointDigest(AybcUvMAnzbC75a8hpEa1RYVQyzbv7eMC6taAQvzhXSn) at epoch 0, sequence 62, previous digest Some(CheckpointDigest(A4yfXfVRqM9JpjgKubHVu7pWUrKuk6FZvF5sXcMTGDa)), transactions count 1, content digest CheckpointContentsDigest(GUQZzE4tjzV2utCmWatKNv8NRuFe1dkShhtoCxgpXRgU), end_of_epoch_data None
[2m2025-03-25T07:54:23.249069Z[0m [32m INFO[0m [1mnode[0m[1m{[0m[3mname[0m[2m=[0mk#99f25ef6..[1m}[0m[2m:[0m [2msui_core::checkpoints::checkpoint_output[0m[2m:[0m [2mcrates/sui-core/src/checkpoints/checkpoint_output.rs[0m[2m:[0m[2m149:[0m Creating checkpoint CheckpointDigest(AybcUvMAnzbC75a8hpEa1RYVQyzbv7eMC6taAQvzhXSn) at epoch 0, sequence 62, previous digest Some(CheckpointDigest(A4yfXfVRqM9JpjgKubHVu7pWUrKuk6FZvF5sXcMTGDa)), transactions count 1, content digest CheckpointContentsDigest(GUQZzE4tjzV2utCmWatKNv8NRuFe1dkShhtoCxgpXRgU), end_of_epoch_data None
[2m2025-03-25T07:54:23.249069Z[0m [32m INFO[0m [1mnode[0m[1m{[0m[3mname[0m[2m=[0mk#addeef94..[1m}[0m[2m:[0m [2msui_core::checkpoints::checkpoint_output[0m[2m:[0m [2mcrates/sui-core/src/checkpoints/checkpoint_output.rs[0m[2m:[0m[2m149:[0m Creating checkpoint CheckpointDigest(AybcUvMAnzbC75a8hpEa1RYVQyzbv7eMC6taAQvzhXSn) at epoch 0, sequence 62, previous digest Some(CheckpointDigest(A4yfXfVRqM9JpjgKubHVu7pWUrKuk6FZvF5sXcMTGDa)), transactions count 1, content digest CheckpointContentsDigest(GUQZzE4tjzV2utCmWatKNv8NRuFe1dkShhtoCxgpXRgU), end_of_epoch_data None
[2m2025-03-25T07:54:23.253616Z[0m [32m INFO[0m [1mnode[0m[1m{[0m[3mname[0m[2m=[0mk#8dcff6d1..[1m}[0m[2m:[0m [2msui_core::checkpoints::checkpoint_output[0m[2m:[0m [2mcrates/sui-core/src/checkpoints/checkpoint_output.rs[0m[2m:[0m[2m196:[0m Certified checkpoint with sequence 60 and digest EQ3Scr3N1YGtWuomeGNpZFcXn3UGUmw6LU5X1gQYXhxF
[2m2025-03-25T07:54:23.253640Z[0m [32m INFO[0m [1mnode[0m[1m{[0m[3mname[0m[2m=[0mk#8dcff6d1..[1m}[0m[2m:[0m [2msui_core::checkpoints::checkpoint_output[0m[2m:[0m [2mcrates/sui-core/src/checkpoints/checkpoint_output.rs[0m[2m:[0m[2m196:[0m Certified checkpoint with sequence 61 and digest A4yfXfVRqM9JpjgKubHVu7pWUrKuk6FZvF5sXcMTGDa
[2m2025-03-25T07:54:23.253735Z[0m [32m INFO[0m [1mnode[0m[1m{[0m[3mname[0m[2m=[0mk#99f25ef6..[1m}[0m[2m:[0m [2msui_core::checkpoints::checkpoint_output[0m[2m:[0m [2mcrates/sui-core/src/checkpoints/checkpoint_output.rs[0m[2m:[0m[2m196:[0m Certified checkpoint with sequence 60 and digest EQ3Scr3N1YGtWuomeGNpZFcXn3UGUmw6LU5X1gQYXhxF
[2m2025-03-25T07:54:23.253754Z[0m [32m INFO[0m [1mnode[0m[1m{[0m[3mname[0m[2m=[0mk#99f25ef6..[1m}[0m[2m:[0m [2msui_core::checkpoints::checkpoint_output[0m[2m:[0m [2mcrates/sui-core/src/checkpoints/checkpoint_output.rs[0m[2m:[0m[2m196:[0m Certified checkpoint with sequence 61 and digest A4yfXfVRqM9JpjgKubHVu7pWUrKuk6FZvF5sXcMTGDa
[2m2025-03-25T07:54:23.254541Z[0m [32m INFO[0m [1mnode[0m[1m{[0m[3mname[0m[2m=[0mk#8dcff6d1..[1m}[0m[2m:[0m [2msui_core::checkpoints::checkpoint_executor[0m[2m:[0m [2mcrates/sui-core/src/checkpoints/checkpoint_executor/mod.rs[0m[2m:[0m[2m332:[0m Received checkpoint summary from state sync [3msequence_number[0m[2m=[0m60
[2m2025-03-25T07:54:23.254603Z[0m [32m INFO[0m [1mnode[0m[1m{[0m[3mname[0m[2m=[0mk#99f25ef6..[1m}[0m[2m:[0m [2msui_core::checkpoints::checkpoint_executor[0m[2m:[0m [2mcrates/sui-core/src/checkpoints/checkpoint_executor/mod.rs[0m[2m:[0m[2m332:[0m Received checkpoint summary from state sync [3msequence_number[0m[2m=[0m60
[2m2025-03-25T07:54:23.254676Z[0m [32m INFO[0m [1mnode[0m[1m{[0m[3mname[0m[2m=[0mk#8dcff6d1..[1m}[0m[2m:[0m [2msui_core::checkpoints::checkpoint_executor[0m[2m:[0m [2mcrates/sui-core/src/checkpoints/checkpoint_executor/mod.rs[0m[2m:[0m[2m332:[0m Received checkpoint summary from state sync [3msequence_number[0m[2m=[0m61
[2m2025-03-25T07:54:23.254719Z[0m [32m INFO[0m [1mnode[0m[1m{[0m[3mname[0m[2m=[0mk#99f25ef6..[1m}[0m[2m:[0m [2msui_core::checkpoints::checkpoint_executor[0m[2m:[0m [2mcrates/sui-core/src/checkpoints/checkpoint_executor/mod.rs[0m[2m:[0m[2m332:[0m Received checkpoint summary from state sync [3msequence_number[0m[2m=[0m61
[2m2025-03-25T07:54:23.256504Z[0m [32m INFO[0m [1mnode[0m[1m{[0m[3mname[0m[2m=[0mk#99f25ef6..[1m}[0m[2m:[0m [2msui_core::state_accumulator[0m[2m:[0m [2mcrates/sui-core/src/state_accumulator.rs[0m[2m:[0m[2m675:[0m accumulating running root for checkpoint 60
[2m2025-03-25T07:54:23.256573Z[0m [32m INFO[0m [1mnode[0m[1m{[0m[3mname[0m[2m=[0mk#8dcff6d1..[1m}[0m[2m:[0m [2msui_core::state_accumulator[0m[2m:[0m [2mcrates/sui-core/src/state_accumulator.rs[0m[2m:[0m[2m675:[0m accumulating running root for checkpoint 60
[2m2025-03-25T07:54:23.256952Z[0m [32m INFO[0m [1mnode[0m[1m{[0m[3mname[0m[2m=[0mk#99f25ef6..[1m}[0m[2m:[0m [2msui_core::state_accumulator[0m[2m:[0m [2mcrates/sui-core/src/state_accumulator.rs[0m[2m:[0m[2m675:[0m accumulating running root for checkpoint 61
[2m2025-03-25T07:54:23.256989Z[0m [32m INFO[0m [1mnode[0m[1m{[0m[3mname[0m[2m=[0mk#8dcff6d1..[1m}[0m[2m:[0m [2msui_core::state_accumulator[0m[2m:[0m [2mcrates/sui-core/src/state_accumulator.rs[0m[2m:[0m[2m675:[0m accumulating running root for checkpoint 61
[2m2025-03-25T07:54:23.362902Z[0m [32m INFO[0m [1mnode[0m[1m{[0m[3mname[0m[2m=[0mk#99f25ef6..[1m}[0m[2m:[0m [2msui_core::checkpoints[0m[2m:[0m [2mcrates/sui-core/src/checkpoints/mod.rs[0m[2m:[0m[2m1326:[0m Creating checkpoint(s) for 1 transactions [3mnext_checkpoint_seq[0m[2m=[0m63 [3mcheckpoint_timestamp[0m[2m=[0m1742889262621
[2m2025-03-25T07:54:23.363050Z[0m [32m INFO[0m [1mnode[0m[1m{[0m[3mname[0m[2m=[0mk#addeef94..[1m}[0m[2m:[0m [2msui_core::checkpoints[0m[2m:[0m [2mcrates/sui-core/src/checkpoints/mod.rs[0m[2m:[0m[2m1326:[0m Creating checkpoint(s) for 1 transactions [3mnext_checkpoint_seq[0m[2m=[0m63 [3mcheckpoint_timestamp[0m[2m=[0m1742889262621
[2m2025-03-25T07:54:23.363170Z[0m [32m INFO[0m [1mnode[0m[1m{[0m[3mname[0m[2m=[0mk#99f25ef6..[1m}[0m[2m:[0m [2msui_core::checkpoints::checkpoint_output[0m[2m:[0m [2mcrates/sui-core/src/checkpoints/checkpoint_output.rs[0m[2m:[0m[2m149:[0m Creating checkpoint CheckpointDigest(GFQARMqjW32KoQaPMbU9kLF4D3Ypf1ZmkgbRQi1zYwJS) at epoch 0, sequence 63, previous digest Some(CheckpointDigest(AybcUvMAnzbC75a8hpEa1RYVQyzbv7eMC6taAQvzhXSn)), transactions count 1, content digest CheckpointContentsDigest(DHfmpQKCJPyVMSPHqsy6GAEVViRqyc5MGdXdvXNevein), end_of_epoch_data None
[2m2025-03-25T07:54:23.363232Z[0m [32m INFO[0m [1mnode[0m[1m{[0m[3mname[0m[2m=[0mk#addeef94..[1m}[0m[2m:[0m [2msui_core::checkpoints::checkpoint_output[0m[2m:[0m [2mcrates/sui-core/src/checkpoints/checkpoint_output.rs[0m[2m:[0m[2m149:[0m Creating checkpoint CheckpointDigest(GFQARMqjW32KoQaPMbU9kLF4D3Ypf1ZmkgbRQi1zYwJS) at epoch 0, sequence 63, previous digest Some(CheckpointDigest(AybcUvMAnzbC75a8hpEa1RYVQyzbv7eMC6taAQvzhXSn)), transactions count 1, content digest CheckpointContentsDigest(DHfmpQKCJPyVMSPHqsy6GAEVViRqyc5MGdXdvXNevein), end_of_epoch_data None
[2m2025-03-25T07:54:23.365065Z[0m [32m INFO[0m [1mnode[0m[1m{[0m[3mname[0m[2m=[0mk#8dcff6d1..[1m}[0m[2m:[0m [2msui_core::checkpoints[0m[2m:[0m [2mcrates/sui-core/src/checkpoints/mod.rs[0m[2m:[0m[2m1326:[0m Creating checkpoint(s) for 1 transactions [3mnext_checkpoint_seq[0m[2m=[0m63 [3mcheckpoint_timestamp[0m[2m=[0m1742889262621
[2m2025-03-25T07:54:23.365242Z[0m [32m INFO[0m [1mnode[0m[1m{[0m[3mname[0m[2m=[0mk#8dcff6d1..[1m}[0m[2m:[0m [2msui_core::checkpoints::checkpoint_output[0m[2m:[0m [2mcrates/sui-core/src/checkpoints/checkpoint_output.rs[0m[2m:[0m[2m149:[0m Creating checkpoint CheckpointDigest(GFQARMqjW32KoQaPMbU9kLF4D3Ypf1ZmkgbRQi1zYwJS) at epoch 0, sequence 63, previous digest Some(CheckpointDigest(AybcUvMAnzbC75a8hpEa1RYVQyzbv7eMC6taAQvzhXSn)), transactions count 1, content digest CheckpointContentsDigest(DHfmpQKCJPyVMSPHqsy6GAEVViRqyc5MGdXdvXNevein), end_of_epoch_data None
[2m2025-03-25T07:54:23.367392Z[0m [32m INFO[0m [1mnode[0m[1m{[0m[3mname[0m[2m=[0mk#addeef94..[1m}[0m[2m:[0m [2msui_core::checkpoints::checkpoint_executor[0m[2m:[0m [2mcrates/sui-core/src/checkpoints/checkpoint_executor/mod.rs[0m[2m:[0m[2m332:[0m Received checkpoint summary from state sync [3msequence_number[0m[2m=[0m60
[2m2025-03-25T07:54:23.367521Z[0m [32m INFO[0m [1mnode[0m[1m{[0m[3mname[0m[2m=[0mk#addeef94..[1m}[0m[2m:[0m [2msui_core::checkpoints::checkpoint_executor[0m[2m:[0m [2mcrates/sui-core/src/checkpoints/checkpoint_executor/mod.rs[0m[2m:[0m[2m332:[0m Received checkpoint summary from state sync [3msequence_number[0m[2m=[0m61
[2m2025-03-25T07:54:23.368841Z[0m [32m INFO[0m [1mnode[0m[1m{[0m[3mname[0m[2m=[0mk#addeef94..[1m}[0m[2m:[0m [2msui_core::state_accumulator[0m[2m:[0m [2mcrates/sui-core/src/state_accumulator.rs[0m[2m:[0m[2m675:[0m accumulating running root for checkpoint 60
[2m2025-03-25T07:54:23.369262Z[0m [32m INFO[0m [1mnode[0m[1m{[0m[3mname[0m[2m=[0mk#addeef94..[1m}[0m[2m:[0m [2msui_core::state_accumulator[0m[2m:[0m [2mcrates/sui-core/src/state_accumulator.rs[0m[2m:[0m[2m675:[0m accumulating running root for checkpoint 61
[2m2025-03-25T07:54:23.385218Z[0m [32m INFO[0m [1mnode[0m[1m{[0m[3mname[0m[2m=[0mk#8dcff6d1..[1m}[0m[2m:[0m [2mconsensus_core::core[0m[2m:[0m [2mconsensus/core/src/core.rs[0m[2m:[0m[2m531:[0m Created block B39(A,Lx8UC4cJJOZoa3gWqUDbGCL1CunyQaotOyNb7uYDTlo=)(1742889263384ms;[B38(A,ClO2nnM23gCVpnK1pao86wB9RFSOEnCcRrpoOMbEPVc=), B38(B,Dz5dTlG0rvEg57oZCHd2wInL8z0BoykDKoJ79MjsSx8=), B38(C,Mv6Z3B9PfGhkqM3aig2JoIF2vy3OP8YCH2TQLPN1JY4=)];2t;1c) for round 39
[2m2025-03-25T07:54:23.385287Z[0m [32m INFO[0m [1mnode[0m[1m{[0m[3mname[0m[2m=[0mk#addeef94..[1m}[0m[2m:[0m [2mconsensus_core::core[0m[2m:[0m [2mconsensus/core/src/core.rs[0m[2m:[0m[2m531:[0m Created block B39(C,lPWpTX5HZtYKJ214WM+BIFQ63VR8iTcBU21cRaGkIUc=)(1742889263385ms;[B38(C,Mv6Z3B9PfGhkqM3aig2JoIF2vy3OP8YCH2TQLPN1JY4=), B38(A,ClO2nnM23gCVpnK1pao86wB9RFSOEnCcRrpoOMbEPVc=), B38(B,Dz5dTlG0rvEg57oZCHd2wInL8z0BoykDKoJ79MjsSx8=)];2t;1c) for round 39
[2m2025-03-25T07:54:23.385814Z[0m [32m INFO[0m [1mnode[0m[1m{[0m[3mname[0m[2m=[0mk#99f25ef6..[1m}[0m[2m:[0m [2mconsensus_core::core[0m[2m:[0m [2mconsensus/core/src/core.rs[0m[2m:[0m[2m531:[0m Created block B39(B,kbimFkZjpJMNBL/TmjzDRNtOtEGjCahBET5e0Q/xz5U=)(1742889263385ms;[B38(B,Dz5dTlG0rvEg57oZCHd2wInL8z0BoykDKoJ79MjsSx8=), B38(A,ClO2nnM23gCVpnK1pao86wB9RFSOEnCcRrpoOMbEPVc=), B38(C,Mv6Z3B9PfGhkqM3aig2JoIF2vy3OP8YCH2TQLPN1JY4=)];2t;1c) for round 39
[2m2025-03-25T07:54:23.387475Z[0m [32m INFO[0m [1mnode[0m[1m{[0m[3mname[0m[2m=[0mk#8dcff6d1..[1m}[0m[2m:[0m [2mconsensus_core::core[0m[2m:[0m [2mconsensus/core/src/core.rs[0m[2m:[0m[2m630:[0m Committing 1 leaders: B37(A,x2sQ)
[2m2025-03-25T07:54:23.387530Z[0m [32m INFO[0m [1mnode[0m[1m{[0m[3mname[0m[2m=[0mk#addeef94..[1m}[0m[2m:[0m [2mconsensus_core::core[0m[2m:[0m [2mconsensus/core/src/core.rs[0m[2m:[0m[2m630:[0m Committing 1 leaders: B37(A,x2sQ)
[2m2025-03-25T07:54:23.387568Z[0m [32m INFO[0m [1mnode[0m[1m{[0m[3mname[0m[2m=[0mk#8dcff6d1..[1m}[0m[2m:[0m [2mconsensus_core::commit_observer[0m[2m:[0m [2mconsensus/core/src/commit_observer.rs[0m[2m:[0m[2m173:[0m Consensus commit C36(QXaU) with leader B37(A,x2sQ) has 3 blocks
[2m2025-03-25T07:54:23.387613Z[0m [32m INFO[0m [1mnode[0m[1m{[0m[3mname[0m[2m=[0mk#addeef94..[1m}[0m[2m:[0m [2mconsensus_core::commit_observer[0m[2m:[0m [2mconsensus/core/src/commit_observer.rs[0m[2m:[0m[2m173:[0m Consensus commit C36(QXaU) with leader B37(A,x2sQ) has 3 blocks
[2m2025-03-25T07:54:23.387646Z[0m [32m INFO[0m [1mnode[0m[1m{[0m[3mname[0m[2m=[0mk#8dcff6d1..[1m}[0m[2m:[0m [2msui_core::consensus_handler[0m[2m:[0m [2mcrates/sui-core/src/consensus_handler.rs[0m[2m:[0m[2m232:[0m Received consensus output [3mconsensus_commit[0m[2m=[0mCommittedSubDag(leader=B37(A,x2sQ), ref=C36(QXaU), blocks=[76Kb, bfOm, x2sQ]) [3mepoch[0m[2m=[0m0
[2m2025-03-25T07:54:23.387683Z[0m [32m INFO[0m [1mnode[0m[1m{[0m[3mname[0m[2m=[0mk#addeef94..[1m}[0m[2m:[0m [2msui_core::consensus_handler[0m[2m:[0m [2mcrates/sui-core/src/consensus_handler.rs[0m[2m:[0m[2m232:[0m Received consensus output [3mconsensus_commit[0m[2m=[0mCommittedSubDag(leader=B37(A,x2sQ), ref=C36(QXaU), blocks=[76Kb, bfOm, x2sQ]) [3mepoch[0m[2m=[0m0
[2m2025-03-25T07:54:23.387878Z[0m [32m INFO[0m [1mnode[0m[1m{[0m[3mname[0m[2m=[0mk#99f25ef6..[1m}[0m[2m:[0m [2mconsensus_core::core[0m[2m:[0m [2mconsensus/core/src/core.rs[0m[2m:[0m[2m630:[0m Committing 1 leaders: B37(A,x2sQ)
[2m2025-03-25T07:54:23.387958Z[0m [32m INFO[0m [1mnode[0m[1m{[0m[3mname[0m[2m=[0mk#99f25ef6..[1m}[0m[2m:[0m [2mconsensus_core::commit_observer[0m[2m:[0m [2mconsensus/core/src/commit_observer.rs[0m[2m:[0m[2m173:[0m Consensus commit C36(QXaU) with leader B37(A,x2sQ) has 3 blocks
[2m2025-03-25T07:54:23.388028Z[0m [32m INFO[0m [1mnode[0m[1m{[0m[3mname[0m[2m=[0mk#99f25ef6..[1m}[0m[2m:[0m [2msui_core::consensus_handler[0m[2m:[0m [2mcrates/sui-core/src/consensus_handler.rs[0m[2m:[0m[2m232:[0m Received consensus output [3mconsensus_commit[0m[2m=[0mCommittedSubDag(leader=B37(A,x2sQ), ref=C36(QXaU), blocks=[76Kb, bfOm, x2sQ]) [3mepoch[0m[2m=[0m0
[2m2025-03-25T07:54:23.472056Z[0m [32m INFO[0m [1mnode[0m[1m{[0m[3mname[0m[2m=[0mk#addeef94..[1m}[0m[2m:[0m [2msui_core::checkpoints[0m[2m:[0m [2mcrates/sui-core/src/checkpoints/mod.rs[0m[2m:[0m[2m1326:[0m Creating checkpoint(s) for 1 transactions [3mnext_checkpoint_seq[0m[2m=[0m64 [3mcheckpoint_timestamp[0m[2m=[0m1742889262875
[2m2025-03-25T07:54:23.472056Z[0m [32m INFO[0m [1mnode[0m[1m{[0m[3mname[0m[2m=[0mk#8dcff6d1..[1m}[0m[2m:[0m [2msui_core::checkpoints[0m[2m:[0m [2mcrates/sui-core/src/checkpoints/mod.rs[0m[2m:[0m[2m1326:[0m Creating checkpoint(s) for 1 transactions [3mnext_checkpoint_seq[0m[2m=[0m64 [3mcheckpoint_timestamp[0m[2m=[0m1742889262875
[2m2025-03-25T07:54:23.472056Z[0m [32m INFO[0m [1mnode[0m[1m{[0m[3mname[0m[2m=[0mk#99f25ef6..[1m}[0m[2m:[0m [2msui_core::checkpoints[0m[2m:[0m [2mcrates/sui-core/src/checkpoints/mod.rs[0m[2m:[0m[2m1326:[0m Creating checkpoint(s) for 1 transactions [3mnext_checkpoint_seq[0m[2m=[0m64 [3mcheckpoint_timestamp[0m[2m=[0m1742889262875
[2m2025-03-25T07:54:23.472320Z[0m [32m INFO[0m [1mnode[0m[1m{[0m[3mname[0m[2m=[0mk#99f25ef6..[1m}[0m[2m:[0m [2msui_core::checkpoints::checkpoint_output[0m[2m:[0m [2mcrates/sui-core/src/checkpoints/checkpoint_output.rs[0m[2m:[0m[2m149:[0m Creating checkpoint CheckpointDigest(3fax5EG4gzDJn1BunPhLSeihsUTuEJZTCEURivjZaUx2) at epoch 0, sequence 64, previous digest Some(CheckpointDigest(GFQARMqjW32KoQaPMbU9kLF4D3Ypf1ZmkgbRQi1zYwJS)), transactions count 1, content digest CheckpointContentsDigest(3riRXHTPiJo3WkTmUzBFajL8J8DCLJcoEuvQHXCf1kdW), end_of_epoch_data None
[2m2025-03-25T07:54:23.472320Z[0m [32m INFO[0m [1mnode[0m[1m{[0m[3mname[0m[2m=[0mk#8dcff6d1..[1m}[0m[2m:[0m [2msui_core::checkpoints::checkpoint_output[0m[2m:[0m [2mcrates/sui-core/src/checkpoints/checkpoint_output.rs[0m[2m:[0m[2m149:[0m Creating checkpoint CheckpointDigest(3fax5EG4gzDJn1BunPhLSeihsUTuEJZTCEURivjZaUx2) at epoch 0, sequence 64, previous digest Some(CheckpointDigest(GFQARMqjW32KoQaPMbU9kLF4D3Ypf1ZmkgbRQi1zYwJS)), transactions count 1, content digest CheckpointContentsDigest(3riRXHTPiJo3WkTmUzBFajL8J8DCLJcoEuvQHXCf1kdW), end_of_epoch_data None
[2m2025-03-25T07:54:23.472320Z[0m [32m INFO[0m [1mnode[0m[1m{[0m[3mname[0m[2m=[0mk#addeef94..[1m}[0m[2m:[0m [2msui_core::checkpoints::checkpoint_output[0m[2m:[0m [2mcrates/sui-core/src/checkpoints/checkpoint_output.rs[0m[2m:[0m[2m149:[0m Creating checkpoint CheckpointDigest(3fax5EG4gzDJn1BunPhLSeihsUTuEJZTCEURivjZaUx2) at epoch 0, sequence 64, previous digest Some(CheckpointDigest(GFQARMqjW32KoQaPMbU9kLF4D3Ypf1ZmkgbRQi1zYwJS)), transactions count 1, content digest CheckpointContentsDigest(3riRXHTPiJo3WkTmUzBFajL8J8DCLJcoEuvQHXCf1kdW), end_of_epoch_data None
[2m2025-03-25T07:54:23.477036Z[0m [32m INFO[0m [1mnode[0m[1m{[0m[3mname[0m[2m=[0mk#8dcff6d1..[1m}[0m[2m:[0m [2msui_core::checkpoints::checkpoint_output[0m[2m:[0m [2mcrates/sui-core/src/checkpoints/checkpoint_output.rs[0m[2m:[0m[2m196:[0m Certified checkpoint with sequence 62 and digest AybcUvMAnzbC75a8hpEa1RYVQyzbv7eMC6taAQvzhXSn
[2m2025-03-25T07:54:23.477048Z[0m [32m INFO[0m [1mnode[0m[1m{[0m[3mname[0m[2m=[0mk#99f25ef6..[1m}[0m[2m:[0m [2msui_core::checkpoints::checkpoint_output[0m[2m:[0m [2mcrates/sui-core/src/checkpoints/checkpoint_output.rs[0m[2m:[0m[2m196:[0m Certified checkpoint with sequence 62 and digest AybcUvMAnzbC75a8hpEa1RYVQyzbv7eMC6taAQvzhXSn
[2m2025-03-25T07:54:23.477059Z[0m [32m INFO[0m [1mnode[0m[1m{[0m[3mname[0m[2m=[0mk#8dcff6d1..[1m}[0m[2m:[0m [2msui_core::checkpoints::checkpoint_output[0m[2m:[0m [2mcrates/sui-core/src/checkpoints/checkpoint_output.rs[0m[2m:[0m[2m196:[0m Certified checkpoint with sequence 63 and digest GFQARMqjW32KoQaPMbU9kLF4D3Ypf1ZmkgbRQi1zYwJS
[2m2025-03-25T07:54:23.477068Z[0m [32m INFO[0m [1mnode[0m[1m{[0m[3mname[0m[2m=[0mk#99f25ef6..[1m}[0m[2m:[0m [2msui_core::checkpoints::checkpoint_output[0m[2m:[0m [2mcrates/sui-core/src/checkpoints/checkpoint_output.rs[0m[2m:[0m[2m196:[0m Certified checkpoint with sequence 63 and digest GFQARMqjW32KoQaPMbU9kLF4D3Ypf1ZmkgbRQi1zYwJS
[2m2025-03-25T07:54:23.477890Z[0m [32m INFO[0m [1mnode[0m[1m{[0m[3mname[0m[2m=[0mk#8dcff6d1..[1m}[0m[2m:[0m [2msui_core::checkpoints::checkpoint_executor[0m[2m:[0m [2mcrates/sui-core/src/checkpoints/checkpoint_executor/mod.rs[0m[2m:[0m[2m332:[0m Received checkpoint summary from state sync [3msequence_number[0m[2m=[0m62
[2m2025-03-25T07:54:23.477909Z[0m [32m INFO[0m [1mnode[0m[1m{[0m[3mname[0m[2m=[0mk#99f25ef6..[1m}[0m[2m:[0m [2msui_core::checkpoints::checkpoint_executor[0m[2m:[0m [2mcrates/sui-core/src/checkpoints/checkpoint_executor/mod.rs[0m[2m:[0m[2m332:[0m Received checkpoint summary from state sync [3msequence_number[0m[2m=[0m62
[2m2025-03-25T07:54:23.478025Z[0m [32m INFO[0m [1mnode[0m[1m{[0m[3mname[0m[2m=[0mk#8dcff6d1..[1m}[0m[2m:[0m [2msui_core::checkpoints::checkpoint_executor[0m[2m:[0m [2mcrates/sui-core/src/checkpoints/checkpoint_executor/mod.rs[0m[2m:[0m[2m332:[0m Received checkpoint summary from state sync [3msequence_number[0m[2m=[0m63
[2m2025-03-25T07:54:23.478027Z[0m [32m INFO[0m [1mnode[0m[1m{[0m[3mname[0m[2m=[0mk#99f25ef6..[1m}[0m[2m:[0m [2msui_core::checkpoints::checkpoint_executor[0m[2m:[0m [2mcrates/sui-core/src/checkpoints/checkpoint_executor/mod.rs[0m[2m:[0m[2m332:[0m Received checkpoint summary from state sync [3msequence_number[0m[2m=[0m63
[2m2025-03-25T07:54:23.479711Z[0m [32m INFO[0m [1mnode[0m[1m{[0m[3mname[0m[2m=[0mk#99f25ef6..[1m}[0m[2m:[0m [2msui_core::state_accumulator[0m[2m:[0m [2mcrates/sui-core/src/state_accumulator.rs[0m[2m:[0m[2m675:[0m accumulating running root for checkpoint 62
[2m2025-03-25T07:54:23.479711Z[0m [32m INFO[0m [1mnode[0m[1m{[0m[3mname[0m[2m=[0mk#8dcff6d1..[1m}[0m[2m:[0m [2msui_core::state_accumulator[0m[2m:[0m [2mcrates/sui-core/src/state_accumulator.rs[0m[2m:[0m[2m675:[0m accumulating running root for checkpoint 62
[2m2025-03-25T07:54:23.480148Z[0m [32m INFO[0m [1mnode[0m[1m{[0m[3mname[0m[2m=[0mk#8dcff6d1..[1m}[0m[2m:[0m [2msui_core::state_accumulator[0m[2m:[0m [2mcrates/sui-core/src/state_accumulator.rs[0m[2m:[0m[2m675:[0m accumulating running root for checkpoint 63
[2m2025-03-25T07:54:23.480156Z[0m [32m INFO[0m [1mnode[0m[1m{[0m[3mname[0m[2m=[0mk#99f25ef6..[1m}[0m[2m:[0m [2msui_core::state_accumulator[0m[2m:[0m [2mcrates/sui-core/src/state_accumulator.rs[0m[2m:[0m[2m675:[0m accumulating running root for checkpoint 63
[2m2025-03-25T07:54:23.575723Z[0m [32m INFO[0m [1mnode[0m[1m{[0m[3mname[0m[2m=[0mk#addeef94..[1m}[0m[2m:[0m [2msui_core::checkpoints[0m[2m:[0m [2mcrates/sui-core/src/checkpoints/mod.rs[0m[2m:[0m[2m1326:[0m Creating checkpoint(s) for 1 transactions [3mnext_checkpoint_seq[0m[2m=[0m65 [3mcheckpoint_timestamp[0m[2m=[0m1742889262875
[2m2025-03-25T07:54:23.575990Z[0m [32m INFO[0m [1mnode[0m[1m{[0m[3mname[0m[2m=[0mk#addeef94..[1m}[0m[2m:[0m [2msui_core::checkpoints::checkpoint_output[0m[2m:[0m [2mcrates/sui-core/src/checkpoints/checkpoint_output.rs[0m[2m:[0m[2m149:[0m Creating checkpoint CheckpointDigest(7fCCpnQg7ddowvuMXg8FRabDrMhBGqeJJByGTesQGjfS) at epoch 0, sequence 65, previous digest Some(CheckpointDigest(3fax5EG4gzDJn1BunPhLSeihsUTuEJZTCEURivjZaUx2)), transactions count 1, content digest CheckpointContentsDigest(DQn7ChWth41ccTqCHoUixE9pR5EEr2RVGSyTYGfy4Hc6), end_of_epoch_data None
[2m2025-03-25T07:54:23.587461Z[0m [32m INFO[0m [1mnode[0m[1m{[0m[3mname[0m[2m=[0mk#addeef94..[1m}[0m[2m:[0m [2msui_core::checkpoints::checkpoint_executor[0m[2m:[0m [2mcrates/sui-core/src/checkpoints/checkpoint_executor/mod.rs[0m[2m:[0m[2m332:[0m Received checkpoint summary from state sync [3msequence_number[0m[2m=[0m62
[2m2025-03-25T07:54:23.587597Z[0m [32m INFO[0m [1mnode[0m[1m{[0m[3mname[0m[2m=[0mk#addeef94..[1m}[0m[2m:[0m [2msui_core::checkpoints::checkpoint_executor[0m[2m:[0m [2mcrates/sui-core/src/checkpoints/checkpoint_executor/mod.rs[0m[2m:[0m[2m332:[0m Received checkpoint summary from state sync [3msequence_number[0m[2m=[0m63
[2m2025-03-25T07:54:23.588662Z[0m [32m INFO[0m [1mnode[0m[1m{[0m[3mname[0m[2m=[0mk#8dcff6d1..[1m}[0m[2m:[0m [2msui_core::checkpoints[0m[2m:[0m [2mcrates/sui-core/src/checkpoints/mod.rs[0m[2m:[0m[2m1326:[0m Creating checkpoint(s) for 1 transactions [3mnext_checkpoint_seq[0m[2m=[0m65 [3mcheckpoint_timestamp[0m[2m=[0m1742889262875
[2m2025-03-25T07:54:23.588875Z[0m [32m INFO[0m [1mnode[0m[1m{[0m[3mname[0m[2m=[0mk#addeef94..[1m}[0m[2m:[0m [2msui_core::state_accumulator[0m[2m:[0m [2mcrates/sui-core/src/state_accumulator.rs[0m[2m:[0m[2m675:[0m accumulating running root for checkpoint 62
[2m2025-03-25T07:54:23.588865Z[0m [32m INFO[0m [1mnode[0m[1m{[0m[3mname[0m[2m=[0mk#8dcff6d1..[1m}[0m[2m:[0m [2msui_core::checkpoints::checkpoint_output[0m[2m:[0m [2mcrates/sui-core/src/checkpoints/checkpoint_output.rs[0m[2m:[0m[2m149:[0m Creating checkpoint CheckpointDigest(7fCCpnQg7ddowvuMXg8FRabDrMhBGqeJJByGTesQGjfS) at epoch 0, sequence 65, previous digest Some(CheckpointDigest(3fax5EG4gzDJn1BunPhLSeihsUTuEJZTCEURivjZaUx2)), transactions count 1, content digest CheckpointContentsDigest(DQn7ChWth41ccTqCHoUixE9pR5EEr2RVGSyTYGfy4Hc6), end_of_epoch_data None
[2m2025-03-25T07:54:23.589323Z[0m [32m INFO[0m [1mnode[0m[1m{[0m[3mname[0m[2m=[0mk#addeef94..[1m}[0m[2m:[0m [2msui_core::state_accumulator[0m[2m:[0m [2mcrates/sui-core/src/state_accumulator.rs[0m[2m:[0m[2m675:[0m accumulating running root for checkpoint 63
[2m2025-03-25T07:54:23.590200Z[0m [32m INFO[0m [1mnode[0m[1m{[0m[3mname[0m[2m=[0mk#99f25ef6..[1m}[0m[2m:[0m [2msui_core::checkpoints[0m[2m:[0m [2mcrates/sui-core/src/checkpoints/mod.rs[0m[2m:[0m[2m1326:[0m Creating checkpoint(s) for 1 transactions [3mnext_checkpoint_seq[0m[2m=[0m65 [3mcheckpoint_timestamp[0m[2m=[0m1742889262875
[2m2025-03-25T07:54:23.590393Z[0m [32m INFO[0m [1mnode[0m[1m{[0m[3mname[0m[2m=[0mk#99f25ef6..[1m}[0m[2m:[0m [2msui_core::checkpoints::checkpoint_output[0m[2m:[0m [2mcrates/sui-core/src/checkpoints/checkpoint_output.rs[0m[2m:[0m[2m149:[0m Creating checkpoint CheckpointDigest(7fCCpnQg7ddowvuMXg8FRabDrMhBGqeJJByGTesQGjfS) at epoch 0, sequence 65, previous digest Some(CheckpointDigest(3fax5EG4gzDJn1BunPhLSeihsUTuEJZTCEURivjZaUx2)), transactions count 1, content digest CheckpointContentsDigest(DQn7ChWth41ccTqCHoUixE9pR5EEr2RVGSyTYGfy4Hc6), end_of_epoch_data None
[2m2025-03-25T07:54:23.639893Z[0m [32m INFO[0m [1mnode[0m[1m{[0m[3mname[0m[2m=[0mk#8dcff6d1..[1m}[0m[2m:[0m [2mconsensus_core::core[0m[2m:[0m [2mconsensus/core/src/core.rs[0m[2m:[0m[2m531:[0m Created block B40(A,hChkJQ2oUrKjdj5PL3Wc/x77/qtpamQ/j0yLse0QLu0=)(1742889263639ms;[B39(A,Lx8UC4cJJOZoa3gWqUDbGCL1CunyQaotOyNb7uYDTlo=), B39(B,kbimFkZjpJMNBL/TmjzDRNtOtEGjCahBET5e0Q/xz5U=), B39(C,lPWpTX5HZtYKJ214WM+BIFQ63VR8iTcBU21cRaGkIUc=)];2t;1c) for round 40
[2m2025-03-25T07:54:23.640093Z[0m [32m INFO[0m [1mnode[0m[1m{[0m[3mname[0m[2m=[0mk#addeef94..[1m}[0m[2m:[0m [2mconsensus_core::core[0m[2m:[0m [2mconsensus/core/src/core.rs[0m[2m:[0m[2m531:[0m Created block B40(C,Y7Qpo9/5UlZukZTaGF90puVF67PzPjA0YjCTnAoLpNI=)(1742889263639ms;[B39(C,lPWpTX5HZtYKJ214WM+BIFQ63VR8iTcBU21cRaGkIUc=), B39(A,Lx8UC4cJJOZoa3gWqUDbGCL1CunyQaotOyNb7uYDTlo=), B39(B,kbimFkZjpJMNBL/TmjzDRNtOtEGjCahBET5e0Q/xz5U=)];2t;1c) for round 40
[2m2025-03-25T07:54:23.640166Z[0m [32m INFO[0m [1mnode[0m[1m{[0m[3mname[0m[2m=[0mk#99f25ef6..[1m}[0m[2m:[0m [2mconsensus_core::core[0m[2m:[0m [2mconsensus/core/src/core.rs[0m[2m:[0m[2m531:[0m Created block B40(B,401AeiZ5QF1ZPpOo37oaTwbb+aUm4v+80Ivr6CYAmyk=)(1742889263639ms;[B39(B,kbimFkZjpJMNBL/TmjzDRNtOtEGjCahBET5e0Q/xz5U=), B39(A,Lx8UC4cJJOZoa3gWqUDbGCL1CunyQaotOyNb7uYDTlo=), B39(C,lPWpTX5HZtYKJ214WM+BIFQ63VR8iTcBU21cRaGkIUc=)];2t;1c) for round 40
[2m2025-03-25T07:54:23.642284Z[0m [32m INFO[0m [1mnode[0m[1m{[0m[3mname[0m[2m=[0mk#8dcff6d1..[1m}[0m[2m:[0m [2mconsensus_core::core[0m[2m:[0m [2mconsensus/core/src/core.rs[0m[2m:[0m[2m630:[0m Committing 1 leaders: B38(A,ClO2)
[2m2025-03-25T07:54:23.642284Z[0m [32m INFO[0m [1mnode[0m[1m{[0m[3mname[0m[2m=[0mk#99f25ef6..[1m}[0m[2m:[0m [2mconsensus_core::core[0m[2m:[0m [2mconsensus/core/src/core.rs[0m[2m:[0m[2m630:[0m Committing 1 leaders: B38(A,ClO2)
[2m2025-03-25T07:54:23.642334Z[0m [32m INFO[0m [1mnode[0m[1m{[0m[3mname[0m[2m=[0mk#addeef94..[1m}[0m[2m:[0m [2mconsensus_core::core[0m[2m:[0m [2mconsensus/core/src/core.rs[0m[2m:[0m[2m630:[0m Committing 1 leaders: B38(A,ClO2)
[2m2025-03-25T07:54:23.642372Z[0m [32m INFO[0m [1mnode[0m[1m{[0m[3mname[0m[2m=[0mk#8dcff6d1..[1m}[0m[2m:[0m [2mconsensus_core::commit_observer[0m[2m:[0m [2mconsensus/core/src/commit_observer.rs[0m[2m:[0m[2m173:[0m Consensus commit C37(ng5P) with leader B38(A,ClO2) has 3 blocks
[2m2025-03-25T07:54:23.642372Z[0m [32m INFO[0m [1mnode[0m[1m{[0m[3mname[0m[2m=[0mk#99f25ef6..[1m}[0m[2m:[0m [2mconsensus_core::commit_observer[0m[2m:[0m [2mconsensus/core/src/commit_observer.rs[0m[2m:[0m[2m173:[0m Consensus commit C37(ng5P) with leader B38(A,ClO2) has 3 blocks
[2m2025-03-25T07:54:23.642413Z[0m [32m INFO[0m [1mnode[0m[1m{[0m[3mname[0m[2m=[0mk#addeef94..[1m}[0m[2m:[0m [2mconsensus_core::commit_observer[0m[2m:[0m [2mconsensus/core/src/commit_observer.rs[0m[2m:[0m[2m173:[0m Consensus commit C37(ng5P) with leader B38(A,ClO2) has 3 blocks
[2m2025-03-25T07:54:23.642452Z[0m [32m INFO[0m [1mnode[0m[1m{[0m[3mname[0m[2m=[0mk#8dcff6d1..[1m}[0m[2m:[0m [2msui_core::consensus_handler[0m[2m:[0m [2mcrates/sui-core/src/consensus_handler.rs[0m[2m:[0m[2m232:[0m Received consensus output [3mconsensus_commit[0m[2m=[0mCommittedSubDag(leader=B38(A,ClO2), ref=C37(ng5P), blocks=[to3t, A8bI, ClO2]) [3mepoch[0m[2m=[0m0
[2m2025-03-25T07:54:23.642452Z[0m [32m INFO[0m [1mnode[0m[1m{[0m[3mname[0m[2m=[0mk#99f25ef6..[1m}[0m[2m:[0m [2msui_core::consensus_handler[0m[2m:[0m [2mcrates/sui-core/src/consensus_handler.rs[0m[2m:[0m[2m232:[0m Received consensus output [3mconsensus_commit[0m[2m=[0mCommittedSubDag(leader=B38(A,ClO2), ref=C37(ng5P), blocks=[to3t, A8bI, ClO2]) [3mepoch[0m[2m=[0m0
[2m2025-03-25T07:54:23.642482Z[0m [32m INFO[0m [1mnode[0m[1m{[0m[3mname[0m[2m=[0mk#addeef94..[1m}[0m[2m:[0m [2msui_core::consensus_handler[0m[2m:[0m [2mcrates/sui-core/src/consensus_handler.rs[0m[2m:[0m[2m232:[0m Received consensus output [3mconsensus_commit[0m[2m=[0mCommittedSubDag(leader=B38(A,ClO2), ref=C37(ng5P), blocks=[to3t, A8bI, ClO2]) [3mepoch[0m[2m=[0m0
[2m2025-03-25T07:54:23.737842Z[0m [32m INFO[0m [1mnode[0m[1m{[0m[3mname[0m[2m=[0mk#addeef94..[1m}[0m[2m:[0m [2msui_core::checkpoints[0m[2m:[0m [2mcrates/sui-core/src/checkpoints/mod.rs[0m[2m:[0m[2m1326:[0m Creating checkpoint(s) for 1 transactions [3mnext_checkpoint_seq[0m[2m=[0m66 [3mcheckpoint_timestamp[0m[2m=[0m1742889263130
[2m2025-03-25T07:54:23.738084Z[0m [32m INFO[0m [1mnode[0m[1m{[0m[3mname[0m[2m=[0mk#addeef94..[1m}[0m[2m:[0m [2msui_core::checkpoints::checkpoint_output[0m[2m:[0m [2mcrates/sui-core/src/checkpoints/checkpoint_output.rs[0m[2m:[0m[2m149:[0m Creating checkpoint CheckpointDigest(7EdcCPHkZx9rxbNEmesg4ekGMgFJ34BeCYFQPgBUdYuU) at epoch 0, sequence 66, previous digest Some(CheckpointDigest(7fCCpnQg7ddowvuMXg8FRabDrMhBGqeJJByGTesQGjfS)), transactions count 1, content digest CheckpointContentsDigest(HH6H7pm8XRPr4E54aAUt6oguPWweTb4ntaNLDayh4By8), end_of_epoch_data None
[2m2025-03-25T07:54:23.743159Z[0m [32m INFO[0m [1mnode[0m[1m{[0m[3mname[0m[2m=[0mk#8dcff6d1..[1m}[0m[2m:[0m [2msui_core::checkpoints[0m[2m:[0m [2mcrates/sui-core/src/checkpoints/mod.rs[0m[2m:[0m[2m1326:[0m Creating checkpoint(s) for 1 transactions [3mnext_checkpoint_seq[0m[2m=[0m66 [3mcheckpoint_timestamp[0m[2m=[0m1742889263130
[2m2025-03-25T07:54:23.743336Z[0m [32m INFO[0m [1mnode[0m[1m{[0m[3mname[0m[2m=[0mk#8dcff6d1..[1m}[0m[2m:[0m [2msui_core::checkpoints::checkpoint_output[0m[2m:[0m [2mcrates/sui-core/src/checkpoints/checkpoint_output.rs[0m[2m:[0m[2m149:[0m Creating checkpoint CheckpointDigest(7EdcCPHkZx9rxbNEmesg4ekGMgFJ34BeCYFQPgBUdYuU) at epoch 0, sequence 66, previous digest Some(CheckpointDigest(7fCCpnQg7ddowvuMXg8FRabDrMhBGqeJJByGTesQGjfS)), transactions count 1, content digest CheckpointContentsDigest(HH6H7pm8XRPr4E54aAUt6oguPWweTb4ntaNLDayh4By8), end_of_epoch_data None
[2m2025-03-25T07:54:23.745085Z[0m [32m INFO[0m [1mnode[0m[1m{[0m[3mname[0m[2m=[0mk#99f25ef6..[1m}[0m[2m:[0m [2msui_core::checkpoints[0m[2m:[0m [2mcrates/sui-core/src/checkpoints/mod.rs[0m[2m:[0m[2m1326:[0m Creating checkpoint(s) for 1 transactions [3mnext_checkpoint_seq[0m[2m=[0m66 [3mcheckpoint_timestamp[0m[2m=[0m1742889263130
[2m2025-03-25T07:54:23.745249Z[0m [32m INFO[0m [1mnode[0m[1m{[0m[3mname[0m[2m=[0mk#99f25ef6..[1m}[0m[2m:[0m [2msui_core::checkpoints::checkpoint_output[0m[2m:[0m [2mcrates/sui-core/src/checkpoints/checkpoint_output.rs[0m[2m:[0m[2m149:[0m Creating checkpoint CheckpointDigest(7EdcCPHkZx9rxbNEmesg4ekGMgFJ34BeCYFQPgBUdYuU) at epoch 0, sequence 66, previous digest Some(CheckpointDigest(7fCCpnQg7ddowvuMXg8FRabDrMhBGqeJJByGTesQGjfS)), transactions count 1, content digest CheckpointContentsDigest(HH6H7pm8XRPr4E54aAUt6oguPWweTb4ntaNLDayh4By8), end_of_epoch_data None
[2m2025-03-25T07:54:23.747821Z[0m [32m INFO[0m [1mnode[0m[1m{[0m[3mname[0m[2m=[0mk#8dcff6d1..[1m}[0m[2m:[0m [2msui_core::checkpoints::checkpoint_output[0m[2m:[0m [2mcrates/sui-core/src/checkpoints/checkpoint_output.rs[0m[2m:[0m[2m196:[0m Certified checkpoint with sequence 64 and digest 3fax5EG4gzDJn1BunPhLSeihsUTuEJZTCEURivjZaUx2
[2m2025-03-25T07:54:23.747844Z[0m [32m INFO[0m [1mnode[0m[1m{[0m[3mname[0m[2m=[0mk#8dcff6d1..[1m}[0m[2m:[0m [2msui_core::checkpoints::checkpoint_output[0m[2m:[0m [2mcrates/sui-core/src/checkpoints/checkpoint_output.rs[0m[2m:[0m[2m196:[0m Certified checkpoint with sequence 65 and digest 7fCCpnQg7ddowvuMXg8FRabDrMhBGqeJJByGTesQGjfS
[2m2025-03-25T07:54:23.748734Z[0m [32m INFO[0m [1mnode[0m[1m{[0m[3mname[0m[2m=[0mk#8dcff6d1..[1m}[0m[2m:[0m [2msui_core::checkpoints::checkpoint_executor[0m[2m:[0m [2mcrates/sui-core/src/checkpoints/checkpoint_executor/mod.rs[0m[2m:[0m[2m332:[0m Received checkpoint summary from state sync [3msequence_number[0m[2m=[0m64
[2m2025-03-25T07:54:23.748872Z[0m [32m INFO[0m [1mnode[0m[1m{[0m[3mname[0m[2m=[0mk#8dcff6d1..[1m}[0m[2m:[0m [2msui_core::checkpoints::checkpoint_executor[0m[2m:[0m [2mcrates/sui-core/src/checkpoints/checkpoint_executor/mod.rs[0m[2m:[0m[2m332:[0m Received checkpoint summary from state sync [3msequence_number[0m[2m=[0m65
[2m2025-03-25T07:54:23.749608Z[0m [32m INFO[0m [1mnode[0m[1m{[0m[3mname[0m[2m=[0mk#99f25ef6..[1m}[0m[2m:[0m [2msui_core::checkpoints::checkpoint_output[0m[2m:[0m [2mcrates/sui-core/src/checkpoints/checkpoint_output.rs[0m[2m:[0m[2m196:[0m Certified checkpoint with sequence 64 and digest 3fax5EG4gzDJn1BunPhLSeihsUTuEJZTCEURivjZaUx2
[2m2025-03-25T07:54:23.749627Z[0m [32m INFO[0m [1mnode[0m[1m{[0m[3mname[0m[2m=[0mk#99f25ef6..[1m}[0m[2m:[0m [2msui_core::checkpoints::checkpoint_output[0m[2m:[0m [2mcrates/sui-core/src/checkpoints/checkpoint_output.rs[0m[2m:[0m[2m196:[0m Certified checkpoint with sequence 65 and digest 7fCCpnQg7ddowvuMXg8FRabDrMhBGqeJJByGTesQGjfS
[2m2025-03-25T07:54:23.750473Z[0m [32m INFO[0m [1mnode[0m[1m{[0m[3mname[0m[2m=[0mk#99f25ef6..[1m}[0m[2m:[0m [2msui_core::checkpoints::checkpoint_executor[0m[2m:[0m [2mcrates/sui-core/src/checkpoints/checkpoint_executor/mod.rs[0m[2m:[0m[2m332:[0m Received checkpoint summary from state sync [3msequence_number[0m[2m=[0m64
[2m2025-03-25T07:54:23.750591Z[0m [32m INFO[0m [1mnode[0m[1m{[0m[3mname[0m[2m=[0mk#99f25ef6..[1m}[0m[2m:[0m [2msui_core::checkpoints::checkpoint_executor[0m[2m:[0m [2mcrates/sui-core/src/checkpoints/checkpoint_executor/mod.rs[0m[2m:[0m[2m332:[0m Received checkpoint summary from state sync [3msequence_number[0m[2m=[0m65
[2m2025-03-25T07:54:23.750596Z[0m [32m INFO[0m [1mnode[0m[1m{[0m[3mname[0m[2m=[0mk#8dcff6d1..[1m}[0m[2m:[0m [2msui_core::state_accumulator[0m[2m:[0m [2mcrates/sui-core/src/state_accumulator.rs[0m[2m:[0m[2m675:[0m accumulating running root for checkpoint 64
[2m2025-03-25T07:54:23.751044Z[0m [32m INFO[0m [1mnode[0m[1m{[0m[3mname[0m[2m=[0mk#8dcff6d1..[1m}[0m[2m:[0m [2msui_core::state_accumulator[0m[2m:[0m [2mcrates/sui-core/src/state_accumulator.rs[0m[2m:[0m[2m675:[0m accumulating running root for checkpoint 65
[2m2025-03-25T07:54:23.752106Z[0m [32m INFO[0m [1mnode[0m[1m{[0m[3mname[0m[2m=[0mk#99f25ef6..[1m}[0m[2m:[0m [2msui_core::state_accumulator[0m[2m:[0m [2mcrates/sui-core/src/state_accumulator.rs[0m[2m:[0m[2m675:[0m accumulating running root for checkpoint 64
[2m2025-03-25T07:54:23.752515Z[0m [32m INFO[0m [1mnode[0m[1m{[0m[3mname[0m[2m=[0mk#99f25ef6..[1m}[0m[2m:[0m [2msui_core::state_accumulator[0m[2m:[0m [2mcrates/sui-core/src/state_accumulator.rs[0m[2m:[0m[2m675:[0m accumulating running root for checkpoint 65
[2m2025-03-25T07:54:23.844302Z[0m [32m INFO[0m [1mnode[0m[1m{[0m[3mname[0m[2m=[0mk#addeef94..[1m}[0m[2m:[0m [2msui_core::checkpoints[0m[2m:[0m [2mcrates/sui-core/src/checkpoints/mod.rs[0m[2m:[0m[2m1326:[0m Creating checkpoint(s) for 1 transactions [3mnext_checkpoint_seq[0m[2m=[0m67 [3mcheckpoint_timestamp[0m[2m=[0m1742889263130
[2m2025-03-25T07:54:23.844570Z[0m [32m INFO[0m [1mnode[0m[1m{[0m[3mname[0m[2m=[0mk#addeef94..[1m}[0m[2m:[0m [2msui_core::checkpoints::checkpoint_output[0m[2m:[0m [2mcrates/sui-core/src/checkpoints/checkpoint_output.rs[0m[2m:[0m[2m149:[0m Creating checkpoint CheckpointDigest(RtkS55r6deNjNfD4eUgKnuTiSioqmtGhCx8tWBQTdtJ) at epoch 0, sequence 67, previous digest Some(CheckpointDigest(7EdcCPHkZx9rxbNEmesg4ekGMgFJ34BeCYFQPgBUdYuU)), transactions count 1, content digest CheckpointContentsDigest(4XNRqYwE87JiMcGcLJC4XBs3PoEiZYNZGXX7GFja1JSb), end_of_epoch_data None
[2m2025-03-25T07:54:23.849431Z[0m [32m INFO[0m [1mnode[0m[1m{[0m[3mname[0m[2m=[0mk#8dcff6d1..[1m}[0m[2m:[0m [2msui_core::checkpoints[0m[2m:[0m [2mcrates/sui-core/src/checkpoints/mod.rs[0m[2m:[0m[2m1326:[0m Creating checkpoint(s) for 1 transactions [3mnext_checkpoint_seq[0m[2m=[0m67 [3mcheckpoint_timestamp[0m[2m=[0m1742889263130
[2m2025-03-25T07:54:23.849624Z[0m [32m INFO[0m [1mnode[0m[1m{[0m[3mname[0m[2m=[0mk#8dcff6d1..[1m}[0m[2m:[0m [2msui_core::checkpoints::checkpoint_output[0m[2m:[0m [2mcrates/sui-core/src/checkpoints/checkpoint_output.rs[0m[2m:[0m[2m149:[0m Creating checkpoint CheckpointDigest(RtkS55r6deNjNfD4eUgKnuTiSioqmtGhCx8tWBQTdtJ) at epoch 0, sequence 67, previous digest Some(CheckpointDigest(7EdcCPHkZx9rxbNEmesg4ekGMgFJ34BeCYFQPgBUdYuU)), transactions count 1, content digest CheckpointContentsDigest(4XNRqYwE87JiMcGcLJC4XBs3PoEiZYNZGXX7GFja1JSb), end_of_epoch_data None
[2m2025-03-25T07:54:23.850276Z[0m [32m INFO[0m [1mnode[0m[1m{[0m[3mname[0m[2m=[0mk#99f25ef6..[1m}[0m[2m:[0m [2mconsensus_core::commit_syncer[0m[2m:[0m [2mconsensus/core/src/commit_syncer.rs[0m[2m:[0m[2m196:[0m Checking to schedule fetches: synced_commit_index=37, highest_handled_index=37, highest_scheduled_index=0, quorum_commit_index=36, unhandled_commits_threshold=3200
[2m2025-03-25T07:54:23.856588Z[0m [32m INFO[0m [1mnode[0m[1m{[0m[3mname[0m[2m=[0mk#addeef94..[1m}[0m[2m:[0m [2msui_core::checkpoints::checkpoint_executor[0m[2m:[0m [2mcrates/sui-core/src/checkpoints/checkpoint_executor/mod.rs[0m[2m:[0m[2m332:[0m Received checkpoint summary from state sync [3msequence_number[0m[2m=[0m64
[2m2025-03-25T07:54:23.856723Z[0m [32m INFO[0m [1mnode[0m[1m{[0m[3mname[0m[2m=[0mk#addeef94..[1m}[0m[2m:[0m [2msui_core::checkpoints::checkpoint_executor[0m[2m:[0m [2mcrates/sui-core/src/checkpoints/checkpoint_executor/mod.rs[0m[2m:[0m[2m332:[0m Received checkpoint summary from state sync [3msequence_number[0m[2m=[0m65
[2m2025-03-25T07:54:23.858001Z[0m [32m INFO[0m [1mnode[0m[1m{[0m[3mname[0m[2m=[0mk#addeef94..[1m}[0m[2m:[0m [2msui_core::state_accumulator[0m[2m:[0m [2mcrates/sui-core/src/state_accumulator.rs[0m[2m:[0m[2m675:[0m accumulating running root for checkpoint 64
[2m2025-03-25T07:54:23.858289Z[0m [32m INFO[0m [1mnode[0m[1m{[0m[3mname[0m[2m=[0mk#99f25ef6..[1m}[0m[2m:[0m [2msui_core::checkpoints[0m[2m:[0m [2mcrates/sui-core/src/checkpoints/mod.rs[0m[2m:[0m[2m1326:[0m Creating checkpoint(s) for 1 transactions [3mnext_checkpoint_seq[0m[2m=[0m67 [3mcheckpoint_timestamp[0m[2m=[0m1742889263130
[2m2025-03-25T07:54:23.858437Z[0m [32m INFO[0m [1mnode[0m[1m{[0m[3mname[0m[2m=[0mk#addeef94..[1m}[0m[2m:[0m [2msui_core::state_accumulator[0m[2m:[0m [2mcrates/sui-core/src/state_accumulator.rs[0m[2m:[0m[2m675:[0m accumulating running root for checkpoint 65
[2m2025-03-25T07:54:23.858477Z[0m [32m INFO[0m [1mnode[0m[1m{[0m[3mname[0m[2m=[0mk#99f25ef6..[1m}[0m[2m:[0m [2msui_core::checkpoints::checkpoint_output[0m[2m:[0m [2mcrates/sui-core/src/checkpoints/checkpoint_output.rs[0m[2m:[0m[2m149:[0m Creating checkpoint CheckpointDigest(RtkS55r6deNjNfD4eUgKnuTiSioqmtGhCx8tWBQTdtJ) at epoch 0, sequence 67, previous digest Some(CheckpointDigest(7EdcCPHkZx9rxbNEmesg4ekGMgFJ34BeCYFQPgBUdYuU)), transactions count 1, content digest CheckpointContentsDigest(4XNRqYwE87JiMcGcLJC4XBs3PoEiZYNZGXX7GFja1JSb), end_of_epoch_data None
[2m2025-03-25T07:54:23.894413Z[0m [32m INFO[0m [1mnode[0m[1m{[0m[3mname[0m[2m=[0mk#99f25ef6..[1m}[0m[2m:[0m [2mconsensus_core::core[0m[2m:[0m [2mconsensus/core/src/core.rs[0m[2m:[0m[2m531:[0m Created block B41(B,3i0nvbgRm7RZ65tJufBEqPz+nF6H4akl86PPMTgRIAA=)(1742889263894ms;[B40(B,401AeiZ5QF1ZPpOo37oaTwbb+aUm4v+80Ivr6CYAmyk=), B40(A,hChkJQ2oUrKjdj5PL3Wc/x77/qtpamQ/j0yLse0QLu0=), B40(C,Y7Qpo9/5UlZukZTaGF90puVF67PzPjA0YjCTnAoLpNI=)];2t;1c) for round 41
[2m2025-03-25T07:54:23.894413Z[0m [32m INFO[0m [1mnode[0m[1m{[0m[3mname[0m[2m=[0mk#8dcff6d1..[1m}[0m[2m:[0m [2mconsensus_core::core[0m[2m:[0m [2mconsensus/core/src/core.rs[0m[2m:[0m[2m531:[0m Created block B41(A,Kukxelp4oBsoy6miWoMFFOWMbXj2LK8RFYtQ3Sax2Js=)(1742889263894ms;[B40(A,hChkJQ2oUrKjdj5PL3Wc/x77/qtpamQ/j0yLse0QLu0=), B40(B,401AeiZ5QF1ZPpOo37oaTwbb+aUm4v+80Ivr6CYAmyk=), B40(C,Y7Qpo9/5UlZukZTaGF90puVF67PzPjA0YjCTnAoLpNI=)];2t;1c) for round 41
[2m2025-03-25T07:54:23.894413Z[0m [32m INFO[0m [1mnode[0m[1m{[0m[3mname[0m[2m=[0mk#addeef94..[1m}[0m[2m:[0m [2mconsensus_core::core[0m[2m:[0m [2mconsensus/core/src/core.rs[0m[2m:[0m[2m531:[0m Created block B41(C,qoeIAf0WlyY3hEzsEslCImbQspi6QTL1PO+9GLi84M4=)(1742889263894ms;[B40(C,Y7Qpo9/5UlZukZTaGF90puVF67PzPjA0YjCTnAoLpNI=), B40(A,hChkJQ2oUrKjdj5PL3Wc/x77/qtpamQ/j0yLse0QLu0=), B40(B,401AeiZ5QF1ZPpOo37oaTwbb+aUm4v+80Ivr6CYAmyk=)];2t;1c) for round 41
[2m2025-03-25T07:54:23.896691Z[0m [32m INFO[0m [1mnode[0m[1m{[0m[3mname[0m[2m=[0mk#99f25ef6..[1m}[0m[2m:[0m [2mconsensus_core::core[0m[2m:[0m [2mconsensus/core/src/core.rs[0m[2m:[0m[2m630:[0m Committing 1 leaders: B39(A,Lx8U)
[2m2025-03-25T07:54:23.896691Z[0m [32m INFO[0m [1mnode[0m[1m{[0m[3mname[0m[2m=[0mk#8dcff6d1..[1m}[0m[2m:[0m [2mconsensus_core::core[0m[2m:[0m [2mconsensus/core/src/core.rs[0m[2m:[0m[2m630:[0m Committing 1 leaders: B39(A,Lx8U)
[2m2025-03-25T07:54:23.896750Z[0m [32m INFO[0m [1mnode[0m[1m{[0m[3mname[0m[2m=[0mk#addeef94..[1m}[0m[2m:[0m [2mconsensus_core::core[0m[2m:[0m [2mconsensus/core/src/core.rs[0m[2m:[0m[2m630:[0m Committing 1 leaders: B39(A,Lx8U)
[2m2025-03-25T07:54:23.896780Z[0m [32m INFO[0m [1mnode[0m[1m{[0m[3mname[0m[2m=[0mk#99f25ef6..[1m}[0m[2m:[0m [2mconsensus_core::commit_observer[0m[2m:[0m [2mconsensus/core/src/commit_observer.rs[0m[2m:[0m[2m173:[0m Consensus commit C38(56sD) with leader B39(A,Lx8U) has 3 blocks
[2m2025-03-25T07:54:23.896780Z[0m [32m INFO[0m [1mnode[0m[1m{[0m[3mname[0m[2m=[0mk#8dcff6d1..[1m}[0m[2m:[0m [2mconsensus_core::commit_observer[0m[2m:[0m [2mconsensus/core/src/commit_observer.rs[0m[2m:[0m[2m173:[0m Consensus commit C38(56sD) with leader B39(A,Lx8U) has 3 blocks
[2m2025-03-25T07:54:23.896832Z[0m [32m INFO[0m [1mnode[0m[1m{[0m[3mname[0m[2m=[0mk#addeef94..[1m}[0m[2m:[0m [2mconsensus_core::commit_observer[0m[2m:[0m [2mconsensus/core/src/commit_observer.rs[0m[2m:[0m[2m173:[0m Consensus commit C38(56sD) with leader B39(A,Lx8U) has 3 blocks
[2m2025-03-25T07:54:23.896859Z[0m [32m INFO[0m [1mnode[0m[1m{[0m[3mname[0m[2m=[0mk#8dcff6d1..[1m}[0m[2m:[0m [2msui_core::consensus_handler[0m[2m:[0m [2mcrates/sui-core/src/consensus_handler.rs[0m[2m:[0m[2m232:[0m Received consensus output [3mconsensus_commit[0m[2m=[0mCommittedSubDag(leader=B39(A,Lx8U), ref=C38(56sD), blocks=[Dz5d, Mv6Z, Lx8U]) [3mepoch[0m[2m=[0m0
[2m2025-03-25T07:54:23.896859Z[0m [32m INFO[0m [1mnode[0m[1m{[0m[3mname[0m[2m=[0mk#99f25ef6..[1m}[0m[2m:[0m [2msui_core::consensus_handler[0m[2m:[0m [2mcrates/sui-core/src/consensus_handler.rs[0m[2m:[0m[2m232:[0m Received consensus output [3mconsensus_commit[0m[2m=[0mCommittedSubDag(leader=B39(A,Lx8U), ref=C38(56sD), blocks=[Dz5d, Mv6Z, Lx8U]) [3mepoch[0m[2m=[0m0
[2m2025-03-25T07:54:23.896904Z[0m [32m INFO[0m [1mnode[0m[1m{[0m[3mname[0m[2m=[0mk#addeef94..[1m}[0m[2m:[0m [2msui_core::consensus_handler[0m[2m:[0m [2mcrates/sui-core/src/consensus_handler.rs[0m[2m:[0m[2m232:[0m Received consensus output [3mconsensus_commit[0m[2m=[0mCommittedSubDag(leader=B39(A,Lx8U), ref=C38(56sD), blocks=[Dz5d, Mv6Z, Lx8U]) [3mepoch[0m[2m=[0m0
[2m2025-03-25T07:54:23.980651Z[0m [32m INFO[0m [1mnode[0m[1m{[0m[3mname[0m[2m=[0mk#8dcff6d1..[1m}[0m[2m:[0m [2msui_core::checkpoints[0m[2m:[0m [2mcrates/sui-core/src/checkpoints/mod.rs[0m[2m:[0m[2m1326:[0m Creating checkpoint(s) for 1 transactions [3mnext_checkpoint_seq[0m[2m=[0m68 [3mcheckpoint_timestamp[0m[2m=[0m1742889263384
[2m2025-03-25T07:54:23.980648Z[0m [32m INFO[0m [1mnode[0m[1m{[0m[3mname[0m[2m=[0mk#addeef94..[1m}[0m[2m:[0m [2msui_core::checkpoints[0m[2m:[0m [2mcrates/sui-core/src/checkpoints/mod.rs[0m[2m:[0m[2m1326:[0m Creating checkpoint(s) for 1 transactions [3mnext_checkpoint_seq[0m[2m=[0m68 [3mcheckpoint_timestamp[0m[2m=[0m1742889263384
[2m2025-03-25T07:54:23.980649Z[0m [32m INFO[0m [1mnode[0m[1m{[0m[3mname[0m[2m=[0mk#99f25ef6..[1m}[0m[2m:[0m [2msui_core::checkpoints[0m[2m:[0m [2mcrates/sui-core/src/checkpoints/mod.rs[0m[2m:[0m[2m1326:[0m Creating checkpoint(s) for 1 transactions [3mnext_checkpoint_seq[0m[2m=[0m68 [3mcheckpoint_timestamp[0m[2m=[0m1742889263384
[2m2025-03-25T07:54:23.980906Z[0m [32m INFO[0m [1mnode[0m[1m{[0m[3mname[0m[2m=[0mk#8dcff6d1..[1m}[0m[2m:[0m [2msui_core::checkpoints::checkpoint_output[0m[2m:[0m [2mcrates/sui-core/src/checkpoints/checkpoint_output.rs[0m[2m:[0m[2m149:[0m Creating checkpoint CheckpointDigest(24m158vtWzgvepmTwrM5EGm19hZkEXJmZUJPs1tDYnA4) at epoch 0, sequence 68, previous digest Some(CheckpointDigest(RtkS55r6deNjNfD4eUgKnuTiSioqmtGhCx8tWBQTdtJ)), transactions count 1, content digest CheckpointContentsDigest(AMejPHnM2yAv8DSKLReGLLT8DgeSBNAc9rSjrG4Jzv7o), end_of_epoch_data None
[2m2025-03-25T07:54:23.980906Z[0m [32m INFO[0m [1mnode[0m[1m{[0m[3mname[0m[2m=[0mk#addeef94..[1m}[0m[2m:[0m [2msui_core::checkpoints::checkpoint_output[0m[2m:[0m [2mcrates/sui-core/src/checkpoints/checkpoint_output.rs[0m[2m:[0m[2m149:[0m Creating checkpoint CheckpointDigest(24m158vtWzgvepmTwrM5EGm19hZkEXJmZUJPs1tDYnA4) at epoch 0, sequence 68, previous digest Some(CheckpointDigest(RtkS55r6deNjNfD4eUgKnuTiSioqmtGhCx8tWBQTdtJ)), transactions count 1, content digest CheckpointContentsDigest(AMejPHnM2yAv8DSKLReGLLT8DgeSBNAc9rSjrG4Jzv7o), end_of_epoch_data None
[2m2025-03-25T07:54:23.980906Z[0m [32m INFO[0m [1mnode[0m[1m{[0m[3mname[0m[2m=[0mk#99f25ef6..[1m}[0m[2m:[0m [2msui_core::checkpoints::checkpoint_output[0m[2m:[0m [2mcrates/sui-core/src/checkpoints/checkpoint_output.rs[0m[2m:[0m[2m149:[0m Creating checkpoint CheckpointDigest(24m158vtWzgvepmTwrM5EGm19hZkEXJmZUJPs1tDYnA4) at epoch 0, sequence 68, previous digest Some(CheckpointDigest(RtkS55r6deNjNfD4eUgKnuTiSioqmtGhCx8tWBQTdtJ)), transactions count 1, content digest CheckpointContentsDigest(AMejPHnM2yAv8DSKLReGLLT8DgeSBNAc9rSjrG4Jzv7o), end_of_epoch_data None
[2m2025-03-25T07:54:23.985531Z[0m [32m INFO[0m [1mnode[0m[1m{[0m[3mname[0m[2m=[0mk#99f25ef6..[1m}[0m[2m:[0m [2msui_core::checkpoints::checkpoint_output[0m[2m:[0m [2mcrates/sui-core/src/checkpoints/checkpoint_output.rs[0m[2m:[0m[2m196:[0m Certified checkpoint with sequence 66 and digest 7EdcCPHkZx9rxbNEmesg4ekGMgFJ34BeCYFQPgBUdYuU
[2m2025-03-25T07:54:23.985551Z[0m [32m INFO[0m [1mnode[0m[1m{[0m[3mname[0m[2m=[0mk#8dcff6d1..[1m}[0m[2m:[0m [2msui_core::checkpoints::checkpoint_output[0m[2m:[0m [2mcrates/sui-core/src/checkpoints/checkpoint_output.rs[0m[2m:[0m[2m196:[0m Certified checkpoint with sequence 66 and digest 7EdcCPHkZx9rxbNEmesg4ekGMgFJ34BeCYFQPgBUdYuU
[2m2025-03-25T07:54:23.985553Z[0m [32m INFO[0m [1mnode[0m[1m{[0m[3mname[0m[2m=[0mk#99f25ef6..[1m}[0m[2m:[0m [2msui_core::checkpoints::checkpoint_output[0m[2m:[0m [2mcrates/sui-core/src/checkpoints/checkpoint_output.rs[0m[2m:[0m[2m196:[0m Certified checkpoint with sequence 67 and digest RtkS55r6deNjNfD4eUgKnuTiSioqmtGhCx8tWBQTdtJ
[2m2025-03-25T07:54:23.985569Z[0m [32m INFO[0m [1mnode[0m[1m{[0m[3mname[0m[2m=[0mk#8dcff6d1..[1m}[0m[2m:[0m [2msui_core::checkpoints::checkpoint_output[0m[2m:[0m [2mcrates/sui-core/src/checkpoints/checkpoint_output.rs[0m[2m:[0m[2m196:[0m Certified checkpoint with sequence 67 and digest RtkS55r6deNjNfD4eUgKnuTiSioqmtGhCx8tWBQTdtJ
[2m2025-03-25T07:54:23.986437Z[0m [32m INFO[0m [1mnode[0m[1m{[0m[3mname[0m[2m=[0mk#8dcff6d1..[1m}[0m[2m:[0m [2msui_core::checkpoints::checkpoint_executor[0m[2m:[0m [2mcrates/sui-core/src/checkpoints/checkpoint_executor/mod.rs[0m[2m:[0m[2m332:[0m Received checkpoint summary from state sync [3msequence_number[0m[2m=[0m66
[2m2025-03-25T07:54:23.986474Z[0m [32m INFO[0m [1mnode[0m[1m{[0m[3mname[0m[2m=[0mk#99f25ef6..[1m}[0m[2m:[0m [2msui_core::checkpoints::checkpoint_executor[0m[2m:[0m [2mcrates/sui-core/src/checkpoints/checkpoint_executor/mod.rs[0m[2m:[0m[2m332:[0m Received checkpoint summary from state sync [3msequence_number[0m[2m=[0m66
[2m2025-03-25T07:54:23.986570Z[0m [32m INFO[0m [1mnode[0m[1m{[0m[3mname[0m[2m=[0mk#8dcff6d1..[1m}[0m[2m:[0m [2msui_core::checkpoints::checkpoint_executor[0m[2m:[0m [2mcrates/sui-core/src/checkpoints/checkpoint_executor/mod.rs[0m[2m:[0m[2m332:[0m Received checkpoint summary from state sync [3msequence_number[0m[2m=[0m67
[2m2025-03-25T07:54:23.986591Z[0m [32m INFO[0m [1mnode[0m[1m{[0m[3mname[0m[2m=[0mk#99f25ef6..[1m}[0m[2m:[0m [2msui_core::checkpoints::checkpoint_executor[0m[2m:[0m [2mcrates/sui-core/src/checkpoints/checkpoint_executor/mod.rs[0m[2m:[0m[2m332:[0m Received checkpoint summary from state sync [3msequence_number[0m[2m=[0m67
[2m2025-03-25T07:54:23.988268Z[0m [32m INFO[0m [1mnode[0m[1m{[0m[3mname[0m[2m=[0mk#8dcff6d1..[1m}[0m[2m:[0m [2msui_core::state_accumulator[0m[2m:[0m [2mcrates/sui-core/src/state_accumulator.rs[0m[2m:[0m[2m675:[0m accumulating running root for checkpoint 66
[2m2025-03-25T07:54:23.988268Z[0m [32m INFO[0m [1mnode[0m[1m{[0m[3mname[0m[2m=[0mk#99f25ef6..[1m}[0m[2m:[0m [2msui_core::state_accumulator[0m[2m:[0m [2mcrates/sui-core/src/state_accumulator.rs[0m[2m:[0m[2m675:[0m accumulating running root for checkpoint 66
[2m2025-03-25T07:54:23.988703Z[0m [32m INFO[0m [1mnode[0m[1m{[0m[3mname[0m[2m=[0mk#99f25ef6..[1m}[0m[2m:[0m [2msui_core::state_accumulator[0m[2m:[0m [2mcrates/sui-core/src/state_accumulator.rs[0m[2m:[0m[2m675:[0m accumulating running root for checkpoint 67
[2m2025-03-25T07:54:23.988704Z[0m [32m INFO[0m [1mnode[0m[1m{[0m[3mname[0m[2m=[0mk#8dcff6d1..[1m}[0m[2m:[0m [2msui_core::state_accumulator[0m[2m:[0m [2mcrates/sui-core/src/state_accumulator.rs[0m[2m:[0m[2m675:[0m accumulating running root for checkpoint 67
[2m2025-03-25T07:54:24.083573Z[0m [32m INFO[0m [1mnode[0m[1m{[0m[3mname[0m[2m=[0mk#addeef94..[1m}[0m[2m:[0m [2msui_core::checkpoints[0m[2m:[0m [2mcrates/sui-core/src/checkpoints/mod.rs[0m[2m:[0m[2m1326:[0m Creating checkpoint(s) for 1 transactions [3mnext_checkpoint_seq[0m[2m=[0m69 [3mcheckpoint_timestamp[0m[2m=[0m1742889263384
[2m2025-03-25T07:54:24.083844Z[0m [32m INFO[0m [1mnode[0m[1m{[0m[3mname[0m[2m=[0mk#addeef94..[1m}[0m[2m:[0m [2msui_core::checkpoints::checkpoint_output[0m[2m:[0m [2mcrates/sui-core/src/checkpoints/checkpoint_output.rs[0m[2m:[0m[2m149:[0m Creating checkpoint CheckpointDigest(2YoKD2txd7AvB2en9oDYtMb7wCsrb72fZXC2TTBNX4W4) at epoch 0, sequence 69, previous digest Some(CheckpointDigest(24m158vtWzgvepmTwrM5EGm19hZkEXJmZUJPs1tDYnA4)), transactions count 1, content digest CheckpointContentsDigest(B2pVq4DmJQvs5RCPNEvkQreePn4vayedYrvggaGw64ZX), end_of_epoch_data None
[2m2025-03-25T07:54:24.095480Z[0m [32m INFO[0m [1mnode[0m[1m{[0m[3mname[0m[2m=[0mk#addeef94..[1m}[0m[2m:[0m [2msui_core::checkpoints::checkpoint_executor[0m[2m:[0m [2mcrates/sui-core/src/checkpoints/checkpoint_executor/mod.rs[0m[2m:[0m[2m332:[0m Received checkpoint summary from state sync [3msequence_number[0m[2m=[0m66
[2m2025-03-25T07:54:24.095620Z[0m [32m INFO[0m [1mnode[0m[1m{[0m[3mname[0m[2m=[0mk#addeef94..[1m}[0m[2m:[0m [2msui_core::checkpoints::checkpoint_executor[0m[2m:[0m [2mcrates/sui-core/src/checkpoints/checkpoint_executor/mod.rs[0m[2m:[0m[2m332:[0m Received checkpoint summary from state sync [3msequence_number[0m[2m=[0m67
[2m2025-03-25T07:54:24.096217Z[0m [32m INFO[0m [1mnode[0m[1m{[0m[3mname[0m[2m=[0mk#8dcff6d1..[1m}[0m[2m:[0m [2msui_core::checkpoints[0m[2m:[0m [2mcrates/sui-core/src/checkpoints/mod.rs[0m[2m:[0m[2m1326:[0m Creating checkpoint(s) for 1 transactions [3mnext_checkpoint_seq[0m[2m=[0m69 [3mcheckpoint_timestamp[0m[2m=[0m1742889263384
[2m2025-03-25T07:54:24.096416Z[0m [32m INFO[0m [1mnode[0m[1m{[0m[3mname[0m[2m=[0mk#8dcff6d1..[1m}[0m[2m:[0m [2msui_core::checkpoints::checkpoint_output[0m[2m:[0m [2mcrates/sui-core/src/checkpoints/checkpoint_output.rs[0m[2m:[0m[2m149:[0m Creating checkpoint CheckpointDigest(2YoKD2txd7AvB2en9oDYtMb7wCsrb72fZXC2TTBNX4W4) at epoch 0, sequence 69, previous digest Some(CheckpointDigest(24m158vtWzgvepmTwrM5EGm19hZkEXJmZUJPs1tDYnA4)), transactions count 1, content digest CheckpointContentsDigest(B2pVq4DmJQvs5RCPNEvkQreePn4vayedYrvggaGw64ZX), end_of_epoch_data None
[2m2025-03-25T07:54:24.096767Z[0m [32m INFO[0m [1mnode[0m[1m{[0m[3mname[0m[2m=[0mk#99f25ef6..[1m}[0m[2m:[0m [2msui_core::checkpoints[0m[2m:[0m [2mcrates/sui-core/src/checkpoints/mod.rs[0m[2m:[0m[2m1326:[0m Creating checkpoint(s) for 1 transactions [3mnext_checkpoint_seq[0m[2m=[0m69 [3mcheckpoint_timestamp[0m[2m=[0m1742889263384
[2m2025-03-25T07:54:24.096929Z[0m [32m INFO[0m [1mnode[0m[1m{[0m[3mname[0m[2m=[0mk#addeef94..[1m}[0m[2m:[0m [2msui_core::state_accumulator[0m[2m:[0m [2mcrates/sui-core/src/state_accumulator.rs[0m[2m:[0m[2m675:[0m accumulating running root for checkpoint 66
[2m2025-03-25T07:54:24.096943Z[0m [32m INFO[0m [1mnode[0m[1m{[0m[3mname[0m[2m=[0mk#99f25ef6..[1m}[0m[2m:[0m [2msui_core::checkpoints::checkpoint_output[0m[2m:[0m [2mcrates/sui-core/src/checkpoints/checkpoint_output.rs[0m[2m:[0m[2m149:[0m Creating checkpoint CheckpointDigest(2YoKD2txd7AvB2en9oDYtMb7wCsrb72fZXC2TTBNX4W4) at epoch 0, sequence 69, previous digest Some(CheckpointDigest(24m158vtWzgvepmTwrM5EGm19hZkEXJmZUJPs1tDYnA4)), transactions count 1, content digest CheckpointContentsDigest(B2pVq4DmJQvs5RCPNEvkQreePn4vayedYrvggaGw64ZX), end_of_epoch_data None
[2m2025-03-25T07:54:24.097381Z[0m [32m INFO[0m [1mnode[0m[1m{[0m[3mname[0m[2m=[0mk#addeef94..[1m}[0m[2m:[0m [2msui_core::state_accumulator[0m[2m:[0m [2mcrates/sui-core/src/state_accumulator.rs[0m[2m:[0m[2m675:[0m accumulating running root for checkpoint 67
[2m2025-03-25T07:54:24.148996Z[0m [32m INFO[0m [1mnode[0m[1m{[0m[3mname[0m[2m=[0mk#99f25ef6..[1m}[0m[2m:[0m [2mconsensus_core::core[0m[2m:[0m [2mconsensus/core/src/core.rs[0m[2m:[0m[2m531:[0m Created block B42(B,r4HTgnE+7GV+XjFdhtMbLh4WP9XsirJf+bJygaYZxkU=)(1742889264148ms;[B41(B,3i0nvbgRm7RZ65tJufBEqPz+nF6H4akl86PPMTgRIAA=), B41(A,Kukxelp4oBsoy6miWoMFFOWMbXj2LK8RFYtQ3Sax2Js=), B41(C,qoeIAf0WlyY3hEzsEslCImbQspi6QTL1PO+9GLi84M4=)];2t;1c) for round 42
[2m2025-03-25T07:54:24.148996Z[0m [32m INFO[0m [1mnode[0m[1m{[0m[3mname[0m[2m=[0mk#8dcff6d1..[1m}[0m[2m:[0m [2mconsensus_core::core[0m[2m:[0m [2mconsensus/core/src/core.rs[0m[2m:[0m[2m531:[0m Created block B42(A,xBIkl21ps0imQuTuE9L3A1hJbfzH7z44JlNUxqhjucU=)(1742889264148ms;[B41(A,Kukxelp4oBsoy6miWoMFFOWMbXj2LK8RFYtQ3Sax2Js=), B41(B,3i0nvbgRm7RZ65tJufBEqPz+nF6H4akl86PPMTgRIAA=), B41(C,qoeIAf0WlyY3hEzsEslCImbQspi6QTL1PO+9GLi84M4=)];2t;1c) for round 42
[2m2025-03-25T07:54:24.149638Z[0m [32m INFO[0m [1mnode[0m[1m{[0m[3mname[0m[2m=[0mk#addeef94..[1m}[0m[2m:[0m [2mconsensus_core::core[0m[2m:[0m [2mconsensus/core/src/core.rs[0m[2m:[0m[2m531:[0m Created block B42(C,OMyrgMeB7BL4KB98afScK3iSW4d63rRmHh7hzp7K5gU=)(1742889264149ms;[B41(C,qoeIAf0WlyY3hEzsEslCImbQspi6QTL1PO+9GLi84M4=), B41(A,Kukxelp4oBsoy6miWoMFFOWMbXj2LK8RFYtQ3Sax2Js=), B41(B,3i0nvbgRm7RZ65tJufBEqPz+nF6H4akl86PPMTgRIAA=)];2t;1c) for round 42
[2m2025-03-25T07:54:24.151791Z[0m [32m INFO[0m [1mnode[0m[1m{[0m[3mname[0m[2m=[0mk#99f25ef6..[1m}[0m[2m:[0m [2mconsensus_core::core[0m[2m:[0m [2mconsensus/core/src/core.rs[0m[2m:[0m[2m630:[0m Committing 1 leaders: B40(C,Y7Qp)
[2m2025-03-25T07:54:24.151791Z[0m [32m INFO[0m [1mnode[0m[1m{[0m[3mname[0m[2m=[0mk#8dcff6d1..[1m}[0m[2m:[0m [2mconsensus_core::core[0m[2m:[0m [2mconsensus/core/src/core.rs[0m[2m:[0m[2m630:[0m Committing 1 leaders: B40(C,Y7Qp)
[2m2025-03-25T07:54:24.151855Z[0m [32m INFO[0m [1mnode[0m[1m{[0m[3mname[0m[2m=[0mk#addeef94..[1m}[0m[2m:[0m [2mconsensus_core::core[0m[2m:[0m [2mconsensus/core/src/core.rs[0m[2m:[0m[2m630:[0m Committing 1 leaders: B40(C,Y7Qp)
[2m2025-03-25T07:54:24.151878Z[0m [32m INFO[0m [1mnode[0m[1m{[0m[3mname[0m[2m=[0mk#8dcff6d1..[1m}[0m[2m:[0m [2mconsensus_core::commit_observer[0m[2m:[0m [2mconsensus/core/src/commit_observer.rs[0m[2m:[0m[2m173:[0m Consensus commit C39(LXmZ) with leader B40(C,Y7Qp) has 3 blocks
[2m2025-03-25T07:54:24.151878Z[0m [32m INFO[0m [1mnode[0m[1m{[0m[3mname[0m[2m=[0mk#99f25ef6..[1m}[0m[2m:[0m [2mconsensus_core::commit_observer[0m[2m:[0m [2mconsensus/core/src/commit_observer.rs[0m[2m:[0m[2m173:[0m Consensus commit C39(LXmZ) with leader B40(C,Y7Qp) has 3 blocks
[2m2025-03-25T07:54:24.151936Z[0m [32m INFO[0m [1mnode[0m[1m{[0m[3mname[0m[2m=[0mk#addeef94..[1m}[0m[2m:[0m [2mconsensus_core::commit_observer[0m[2m:[0m [2mconsensus/core/src/commit_observer.rs[0m[2m:[0m[2m173:[0m Consensus commit C39(LXmZ) with leader B40(C,Y7Qp) has 3 blocks
[2m2025-03-25T07:54:24.151956Z[0m [32m INFO[0m [1mnode[0m[1m{[0m[3mname[0m[2m=[0mk#8dcff6d1..[1m}[0m[2m:[0m [2msui_core::consensus_handler[0m[2m:[0m [2mcrates/sui-core/src/consensus_handler.rs[0m[2m:[0m[2m232:[0m Received consensus output [3mconsensus_commit[0m[2m=[0mCommittedSubDag(leader=B40(C,Y7Qp), ref=C39(LXmZ), blocks=[kbim, lPWp, Y7Qp]) [3mepoch[0m[2m=[0m0
[2m2025-03-25T07:54:24.151956Z[0m [32m INFO[0m [1mnode[0m[1m{[0m[3mname[0m[2m=[0mk#99f25ef6..[1m}[0m[2m:[0m [2msui_core::consensus_handler[0m[2m:[0m [2mcrates/sui-core/src/consensus_handler.rs[0m[2m:[0m[2m232:[0m Received consensus output [3mconsensus_commit[0m[2m=[0mCommittedSubDag(leader=B40(C,Y7Qp), ref=C39(LXmZ), blocks=[kbim, lPWp, Y7Qp]) [3mepoch[0m[2m=[0m0
[2m2025-03-25T07:54:24.152007Z[0m [32m INFO[0m [1mnode[0m[1m{[0m[3mname[0m[2m=[0mk#addeef94..[1m}[0m[2m:[0m [2msui_core::consensus_handler[0m[2m:[0m [2mcrates/sui-core/src/consensus_handler.rs[0m[2m:[0m[2m232:[0m Received consensus output [3mconsensus_commit[0m[2m=[0mCommittedSubDag(leader=B40(C,Y7Qp), ref=C39(LXmZ), blocks=[kbim, lPWp, Y7Qp]) [3mepoch[0m[2m=[0m0
[2m2025-03-25T07:54:24.246877Z[0m [32m INFO[0m [1mnode[0m[1m{[0m[3mname[0m[2m=[0mk#99f25ef6..[1m}[0m[2m:[0m [2msui_core::checkpoints[0m[2m:[0m [2mcrates/sui-core/src/checkpoints/mod.rs[0m[2m:[0m[2m1326:[0m Creating checkpoint(s) for 1 transactions [3mnext_checkpoint_seq[0m[2m=[0m70 [3mcheckpoint_timestamp[0m[2m=[0m1742889263639
[2m2025-03-25T07:54:24.247137Z[0m [32m INFO[0m [1mnode[0m[1m{[0m[3mname[0m[2m=[0mk#99f25ef6..[1m}[0m[2m:[0m [2msui_core::checkpoints::checkpoint_output[0m[2m:[0m [2mcrates/sui-core/src/checkpoints/checkpoint_output.rs[0m[2m:[0m[2m149:[0m Creating checkpoint CheckpointDigest(D67dZJrqERvsJQTkqdYCCjcY5oJZY3wXwYcx8rmFrG85) at epoch 0, sequence 70, previous digest Some(CheckpointDigest(2YoKD2txd7AvB2en9oDYtMb7wCsrb72fZXC2TTBNX4W4)), transactions count 1, content digest CheckpointContentsDigest(5XTx8qNLm7zfNaqusFeZga2vhAYguRE2soY1yvhJPsjp), end_of_epoch_data None
[2m2025-03-25T07:54:24.247439Z[0m [32m INFO[0m [1mnode[0m[1m{[0m[3mname[0m[2m=[0mk#addeef94..[1m}[0m[2m:[0m [2msui_core::checkpoints[0m[2m:[0m [2mcrates/sui-core/src/checkpoints/mod.rs[0m[2m:[0m[2m1326:[0m Creating checkpoint(s) for 1 transactions [3mnext_checkpoint_seq[0m[2m=[0m70 [3mcheckpoint_timestamp[0m[2m=[0m1742889263639
[2m2025-03-25T07:54:24.247607Z[0m [32m INFO[0m [1mnode[0m[1m{[0m[3mname[0m[2m=[0mk#addeef94..[1m}[0m[2m:[0m [2msui_core::checkpoints::checkpoint_output[0m[2m:[0m [2mcrates/sui-core/src/checkpoints/checkpoint_output.rs[0m[2m:[0m[2m149:[0m Creating checkpoint CheckpointDigest(D67dZJrqERvsJQTkqdYCCjcY5oJZY3wXwYcx8rmFrG85) at epoch 0, sequence 70, previous digest Some(CheckpointDigest(2YoKD2txd7AvB2en9oDYtMb7wCsrb72fZXC2TTBNX4W4)), transactions count 1, content digest CheckpointContentsDigest(5XTx8qNLm7zfNaqusFeZga2vhAYguRE2soY1yvhJPsjp), end_of_epoch_data None
[2m2025-03-25T07:54:24.248151Z[0m [32m INFO[0m [1mnode[0m[1m{[0m[3mname[0m[2m=[0mk#addeef94..[1m}[0m[2m:[0m [2mconsensus_core::commit_syncer[0m[2m:[0m [2mconsensus/core/src/commit_syncer.rs[0m[2m:[0m[2m196:[0m Checking to schedule fetches: synced_commit_index=39, highest_handled_index=39, highest_scheduled_index=0, quorum_commit_index=0, unhandled_commits_threshold=3200
[2m2025-03-25T07:54:24.251866Z[0m [32m INFO[0m [1mnode[0m[1m{[0m[3mname[0m[2m=[0mk#99f25ef6..[1m}[0m[2m:[0m [2msui_core::checkpoints::checkpoint_output[0m[2m:[0m [2mcrates/sui-core/src/checkpoints/checkpoint_output.rs[0m[2m:[0m[2m196:[0m Certified checkpoint with sequence 68 and digest 24m158vtWzgvepmTwrM5EGm19hZkEXJmZUJPs1tDYnA4
[2m2025-03-25T07:54:24.251889Z[0m [32m INFO[0m [1mnode[0m[1m{[0m[3mname[0m[2m=[0mk#99f25ef6..[1m}[0m[2m:[0m [2msui_core::checkpoints::checkpoint_output[0m[2m:[0m [2mcrates/sui-core/src/checkpoints/checkpoint_output.rs[0m[2m:[0m[2m196:[0m Certified checkpoint with sequence 69 and digest 2YoKD2txd7AvB2en9oDYtMb7wCsrb72fZXC2TTBNX4W4
[2m2025-03-25T07:54:24.252355Z[0m [32m INFO[0m [1mnode[0m[1m{[0m[3mname[0m[2m=[0mk#8dcff6d1..[1m}[0m[2m:[0m [2msui_core::checkpoints[0m[2m:[0m [2mcrates/sui-core/src/checkpoints/mod.rs[0m[2m:[0m[2m1326:[0m Creating checkpoint(s) for 1 transactions [3mnext_checkpoint_seq[0m[2m=[0m70 [3mcheckpoint_timestamp[0m[2m=[0m1742889263639
[2m2025-03-25T07:54:24.252536Z[0m [32m INFO[0m [1mnode[0m[1m{[0m[3mname[0m[2m=[0mk#8dcff6d1..[1m}[0m[2m:[0m [2msui_core::checkpoints::checkpoint_output[0m[2m:[0m [2mcrates/sui-core/src/checkpoints/checkpoint_output.rs[0m[2m:[0m[2m149:[0m Creating checkpoint CheckpointDigest(D67dZJrqERvsJQTkqdYCCjcY5oJZY3wXwYcx8rmFrG85) at epoch 0, sequence 70, previous digest Some(CheckpointDigest(2YoKD2txd7AvB2en9oDYtMb7wCsrb72fZXC2TTBNX4W4)), transactions count 1, content digest CheckpointContentsDigest(5XTx8qNLm7zfNaqusFeZga2vhAYguRE2soY1yvhJPsjp), end_of_epoch_data None
[2m2025-03-25T07:54:24.252794Z[0m [32m INFO[0m [1mnode[0m[1m{[0m[3mname[0m[2m=[0mk#99f25ef6..[1m}[0m[2m:[0m [2msui_core::checkpoints::checkpoint_executor[0m[2m:[0m [2mcrates/sui-core/src/checkpoints/checkpoint_executor/mod.rs[0m[2m:[0m[2m332:[0m Received checkpoint summary from state sync [3msequence_number[0m[2m=[0m68
[2m2025-03-25T07:54:24.252929Z[0m [32m INFO[0m [1mnode[0m[1m{[0m[3mname[0m[2m=[0mk#99f25ef6..[1m}[0m[2m:[0m [2msui_core::checkpoints::checkpoint_executor[0m[2m:[0m [2mcrates/sui-core/src/checkpoints/checkpoint_executor/mod.rs[0m[2m:[0m[2m332:[0m Received checkpoint summary from state sync [3msequence_number[0m[2m=[0m69
[2m2025-03-25T07:54:24.254675Z[0m [32m INFO[0m [1mnode[0m[1m{[0m[3mname[0m[2m=[0mk#99f25ef6..[1m}[0m[2m:[0m [2msui_core::state_accumulator[0m[2m:[0m [2mcrates/sui-core/src/state_accumulator.rs[0m[2m:[0m[2m675:[0m accumulating running root for checkpoint 68
[2m2025-03-25T07:54:24.255130Z[0m [32m INFO[0m [1mnode[0m[1m{[0m[3mname[0m[2m=[0mk#99f25ef6..[1m}[0m[2m:[0m [2msui_core::state_accumulator[0m[2m:[0m [2mcrates/sui-core/src/state_accumulator.rs[0m[2m:[0m[2m675:[0m accumulating running root for checkpoint 69
[2m2025-03-25T07:54:24.257054Z[0m [32m INFO[0m [1mnode[0m[1m{[0m[3mname[0m[2m=[0mk#8dcff6d1..[1m}[0m[2m:[0m [2msui_core::checkpoints::checkpoint_output[0m[2m:[0m [2mcrates/sui-core/src/checkpoints/checkpoint_output.rs[0m[2m:[0m[2m196:[0m Certified checkpoint with sequence 68 and digest 24m158vtWzgvepmTwrM5EGm19hZkEXJmZUJPs1tDYnA4
[2m2025-03-25T07:54:24.257077Z[0m [32m INFO[0m [1mnode[0m[1m{[0m[3mname[0m[2m=[0mk#8dcff6d1..[1m}[0m[2m:[0m [2msui_core::checkpoints::checkpoint_output[0m[2m:[0m [2mcrates/sui-core/src/checkpoints/checkpoint_output.rs[0m[2m:[0m[2m196:[0m Certified checkpoint with sequence 69 and digest 2YoKD2txd7AvB2en9oDYtMb7wCsrb72fZXC2TTBNX4W4
[2m2025-03-25T07:54:24.257969Z[0m [32m INFO[0m [1mnode[0m[1m{[0m[3mname[0m[2m=[0mk#8dcff6d1..[1m}[0m[2m:[0m [2msui_core::checkpoints::checkpoint_executor[0m[2m:[0m [2mcrates/sui-core/src/checkpoints/checkpoint_executor/mod.rs[0m[2m:[0m[2m332:[0m Received checkpoint summary from state sync [3msequence_number[0m[2m=[0m68
[2m2025-03-25T07:54:24.258087Z[0m [32m INFO[0m [1mnode[0m[1m{[0m[3mname[0m[2m=[0mk#8dcff6d1..[1m}[0m[2m:[0m [2msui_core::checkpoints::checkpoint_executor[0m[2m:[0m [2mcrates/sui-core/src/checkpoints/checkpoint_executor/mod.rs[0m[2m:[0m[2m332:[0m Received checkpoint summary from state sync [3msequence_number[0m[2m=[0m69
[2m2025-03-25T07:54:24.259566Z[0m [32m INFO[0m [1mnode[0m[1m{[0m[3mname[0m[2m=[0mk#8dcff6d1..[1m}[0m[2m:[0m [2msui_core::state_accumulator[0m[2m:[0m [2mcrates/sui-core/src/state_accumulator.rs[0m[2m:[0m[2m675:[0m accumulating running root for checkpoint 68
[2m2025-03-25T07:54:24.259987Z[0m [32m INFO[0m [1mnode[0m[1m{[0m[3mname[0m[2m=[0mk#8dcff6d1..[1m}[0m[2m:[0m [2msui_core::state_accumulator[0m[2m:[0m [2mcrates/sui-core/src/state_accumulator.rs[0m[2m:[0m[2m675:[0m accumulating running root for checkpoint 69
[2m2025-03-25T07:54:24.350231Z[0m [32m INFO[0m [1mnode[0m[1m{[0m[3mname[0m[2m=[0mk#addeef94..[1m}[0m[2m:[0m [2msui_core::checkpoints[0m[2m:[0m [2mcrates/sui-core/src/checkpoints/mod.rs[0m[2m:[0m[2m1326:[0m Creating checkpoint(s) for 1 transactions [3mnext_checkpoint_seq[0m[2m=[0m71 [3mcheckpoint_timestamp[0m[2m=[0m1742889263639
[2m2025-03-25T07:54:24.350497Z[0m [32m INFO[0m [1mnode[0m[1m{[0m[3mname[0m[2m=[0mk#addeef94..[1m}[0m[2m:[0m [2msui_core::checkpoints::checkpoint_output[0m[2m:[0m [2mcrates/sui-core/src/checkpoints/checkpoint_output.rs[0m[2m:[0m[2m149:[0m Creating checkpoint CheckpointDigest(CsDa9m7NmA6bdED63gUfCwovpKT74fxvvhZLXvEoQwAh) at epoch 0, sequence 71, previous digest Some(CheckpointDigest(D67dZJrqERvsJQTkqdYCCjcY5oJZY3wXwYcx8rmFrG85)), transactions count 1, content digest CheckpointContentsDigest(7D5aCLhFbGX3ZgPaDph6bwXFwXuzqikyX7SJ6r5QH2wU), end_of_epoch_data None
[2m2025-03-25T07:54:24.353352Z[0m [32m INFO[0m [1mnode[0m[1m{[0m[3mname[0m[2m=[0mk#99f25ef6..[1m}[0m[2m:[0m [2msui_core::checkpoints[0m[2m:[0m [2mcrates/sui-core/src/checkpoints/mod.rs[0m[2m:[0m[2m1326:[0m Creating checkpoint(s) for 1 transactions [3mnext_checkpoint_seq[0m[2m=[0m71 [3mcheckpoint_timestamp[0m[2m=[0m1742889263639
[2m2025-03-25T07:54:24.353546Z[0m [32m INFO[0m [1mnode[0m[1m{[0m[3mname[0m[2m=[0mk#99f25ef6..[1m}[0m[2m:[0m [2msui_core::checkpoints::checkpoint_output[0m[2m:[0m [2mcrates/sui-core/src/checkpoints/checkpoint_output.rs[0m[2m:[0m[2m149:[0m Creating checkpoint CheckpointDigest(CsDa9m7NmA6bdED63gUfCwovpKT74fxvvhZLXvEoQwAh) at epoch 0, sequence 71, previous digest Some(CheckpointDigest(D67dZJrqERvsJQTkqdYCCjcY5oJZY3wXwYcx8rmFrG85)), transactions count 1, content digest CheckpointContentsDigest(7D5aCLhFbGX3ZgPaDph6bwXFwXuzqikyX7SJ6r5QH2wU), end_of_epoch_data None
[2m2025-03-25T07:54:24.354441Z[0m [32m INFO[0m [1mnode[0m[1m{[0m[3mname[0m[2m=[0mk#addeef94..[1m}[0m[2m:[0m [2msui_core::checkpoints::checkpoint_executor[0m[2m:[0m [2mcrates/sui-core/src/checkpoints/checkpoint_executor/mod.rs[0m[2m:[0m[2m332:[0m Received checkpoint summary from state sync [3msequence_number[0m[2m=[0m68
[2m2025-03-25T07:54:24.354564Z[0m [32m INFO[0m [1mnode[0m[1m{[0m[3mname[0m[2m=[0mk#addeef94..[1m}[0m[2m:[0m [2msui_core::checkpoints::checkpoint_executor[0m[2m:[0m [2mcrates/sui-core/src/checkpoints/checkpoint_executor/mod.rs[0m[2m:[0m[2m332:[0m Received checkpoint summary from state sync [3msequence_number[0m[2m=[0m69
[2m2025-03-25T07:54:24.355800Z[0m [32m INFO[0m [1mnode[0m[1m{[0m[3mname[0m[2m=[0mk#addeef94..[1m}[0m[2m:[0m [2msui_core::state_accumulator[0m[2m:[0m [2mcrates/sui-core/src/state_accumulator.rs[0m[2m:[0m[2m675:[0m accumulating running root for checkpoint 68
[2m2025-03-25T07:54:24.356229Z[0m [32m INFO[0m [1mnode[0m[1m{[0m[3mname[0m[2m=[0mk#addeef94..[1m}[0m[2m:[0m [2msui_core::state_accumulator[0m[2m:[0m [2mcrates/sui-core/src/state_accumulator.rs[0m[2m:[0m[2m675:[0m accumulating running root for checkpoint 69
[2m2025-03-25T07:54:24.358981Z[0m [32m INFO[0m [1mnode[0m[1m{[0m[3mname[0m[2m=[0mk#8dcff6d1..[1m}[0m[2m:[0m [2msui_core::checkpoints[0m[2m:[0m [2mcrates/sui-core/src/checkpoints/mod.rs[0m[2m:[0m[2m1326:[0m Creating checkpoint(s) for 1 transactions [3mnext_checkpoint_seq[0m[2m=[0m71 [3mcheckpoint_timestamp[0m[2m=[0m1742889263639
[2m2025-03-25T07:54:24.359179Z[0m [32m INFO[0m [1mnode[0m[1m{[0m[3mname[0m[2m=[0mk#8dcff6d1..[1m}[0m[2m:[0m [2msui_core::checkpoints::checkpoint_output[0m[2m:[0m [2mcrates/sui-core/src/checkpoints/checkpoint_output.rs[0m[2m:[0m[2m149:[0m Creating checkpoint CheckpointDigest(CsDa9m7NmA6bdED63gUfCwovpKT74fxvvhZLXvEoQwAh) at epoch 0, sequence 71, previous digest Some(CheckpointDigest(D67dZJrqERvsJQTkqdYCCjcY5oJZY3wXwYcx8rmFrG85)), transactions count 1, content digest CheckpointContentsDigest(7D5aCLhFbGX3ZgPaDph6bwXFwXuzqikyX7SJ6r5QH2wU), end_of_epoch_data None
[2m2025-03-25T07:54:24.403931Z[0m [32m INFO[0m [1mnode[0m[1m{[0m[3mname[0m[2m=[0mk#99f25ef6..[1m}[0m[2m:[0m [2mconsensus_core::core[0m[2m:[0m [2mconsensus/core/src/core.rs[0m[2m:[0m[2m531:[0m Created block B43(B,XYWOaKP0qsSiztzZ86++vx9sEh5NoWx49L4w8UEqTNM=)(1742889264403ms;[B42(B,r4HTgnE+7GV+XjFdhtMbLh4WP9XsirJf+bJygaYZxkU=), B42(A,xBIkl21ps0imQuTuE9L3A1hJbfzH7z44JlNUxqhjucU=), B42(C,OMyrgMeB7BL4KB98afScK3iSW4d63rRmHh7hzp7K5gU=)];2t;1c) for round 43
[2m2025-03-25T07:54:24.403931Z[0m [32m INFO[0m [1mnode[0m[1m{[0m[3mname[0m[2m=[0mk#8dcff6d1..[1m}[0m[2m:[0m [2mconsensus_core::core[0m[2m:[0m [2mconsensus/core/src/core.rs[0m[2m:[0m[2m531:[0m Created block B43(A,HCNizYqBwnPsXtyBGz8FEtKOZynOFcai2aYqS+f6G94=)(1742889264403ms;[B42(A,xBIkl21ps0imQuTuE9L3A1hJbfzH7z44JlNUxqhjucU=), B42(B,r4HTgnE+7GV+XjFdhtMbLh4WP9XsirJf+bJygaYZxkU=), B42(C,OMyrgMeB7BL4KB98afScK3iSW4d63rRmHh7hzp7K5gU=)];2t;1c) for round 43
[2m2025-03-25T07:54:24.404557Z[0m [32m INFO[0m [1mnode[0m[1m{[0m[3mname[0m[2m=[0mk#addeef94..[1m}[0m[2m:[0m [2mconsensus_core::core[0m[2m:[0m [2mconsensus/core/src/core.rs[0m[2m:[0m[2m531:[0m Created block B43(C,9aITjs1lJdgs0+myj29IjTbZSoPfrTAHd+V1j1iWM+I=)(1742889264404ms;[B42(C,OMyrgMeB7BL4KB98afScK3iSW4d63rRmHh7hzp7K5gU=), B42(A,xBIkl21ps0imQuTuE9L3A1hJbfzH7z44JlNUxqhjucU=), B42(B,r4HTgnE+7GV+XjFdhtMbLh4WP9XsirJf+bJygaYZxkU=)];2t;1c) for round 43
[2m2025-03-25T07:54:24.406720Z[0m [32m INFO[0m [1mnode[0m[1m{[0m[3mname[0m[2m=[0mk#99f25ef6..[1m}[0m[2m:[0m [2mconsensus_core::core[0m[2m:[0m [2mconsensus/core/src/core.rs[0m[2m:[0m[2m630:[0m Committing 1 leaders: B41(C,qoeI)
[2m2025-03-25T07:54:24.406720Z[0m [32m INFO[0m [1mnode[0m[1m{[0m[3mname[0m[2m=[0mk#8dcff6d1..[1m}[0m[2m:[0m [2mconsensus_core::core[0m[2m:[0m [2mconsensus/core/src/core.rs[0m[2m:[0m[2m630:[0m Committing 1 leaders: B41(C,qoeI)
[2m2025-03-25T07:54:24.406764Z[0m [32m INFO[0m [1mnode[0m[1m{[0m[3mname[0m[2m=[0mk#addeef94..[1m}[0m[2m:[0m [2mconsensus_core::core[0m[2m:[0m [2mconsensus/core/src/core.rs[0m[2m:[0m[2m630:[0m Committing 1 leaders: B41(C,qoeI)
[2m2025-03-25T07:54:24.406809Z[0m [32m INFO[0m [1mnode[0m[1m{[0m[3mname[0m[2m=[0mk#99f25ef6..[1m}[0m[2m:[0m [2mconsensus_core::commit_observer[0m[2m:[0m [2mconsensus/core/src/commit_observer.rs[0m[2m:[0m[2m173:[0m Consensus commit C40(g7cX) with leader B41(C,qoeI) has 3 blocks
[2m2025-03-25T07:54:24.406809Z[0m [32m INFO[0m [1mnode[0m[1m{[0m[3mname[0m[2m=[0mk#8dcff6d1..[1m}[0m[2m:[0m [2mconsensus_core::commit_observer[0m[2m:[0m [2mconsensus/core/src/commit_observer.rs[0m[2m:[0m[2m173:[0m Consensus commit C40(g7cX) with leader B41(C,qoeI) has 3 blocks
[2m2025-03-25T07:54:24.406844Z[0m [32m INFO[0m [1mnode[0m[1m{[0m[3mname[0m[2m=[0mk#addeef94..[1m}[0m[2m:[0m [2mconsensus_core::commit_observer[0m[2m:[0m [2mconsensus/core/src/commit_observer.rs[0m[2m:[0m[2m173:[0m Consensus commit C40(g7cX) with leader B41(C,qoeI) has 3 blocks
[2m2025-03-25T07:54:24.406889Z[0m [32m INFO[0m [1mnode[0m[1m{[0m[3mname[0m[2m=[0mk#99f25ef6..[1m}[0m[2m:[0m [2msui_core::consensus_handler[0m[2m:[0m [2mcrates/sui-core/src/consensus_handler.rs[0m[2m:[0m[2m232:[0m Received consensus output [3mconsensus_commit[0m[2m=[0mCommittedSubDag(leader=B41(C,qoeI), ref=C40(g7cX), blocks=[hChk, 401A, qoeI]) [3mepoch[0m[2m=[0m0
[2m2025-03-25T07:54:24.406889Z[0m [32m INFO[0m [1mnode[0m[1m{[0m[3mname[0m[2m=[0mk#8dcff6d1..[1m}[0m[2m:[0m [2msui_core::consensus_handler[0m[2m:[0m [2mcrates/sui-core/src/consensus_handler.rs[0m[2m:[0m[2m232:[0m Received consensus output [3mconsensus_commit[0m[2m=[0mCommittedSubDag(leader=B41(C,qoeI), ref=C40(g7cX), blocks=[hChk, 401A, qoeI]) [3mepoch[0m[2m=[0m0
[2m2025-03-25T07:54:24.406913Z[0m [32m INFO[0m [1mnode[0m[1m{[0m[3mname[0m[2m=[0mk#addeef94..[1m}[0m[2m:[0m [2msui_core::consensus_handler[0m[2m:[0m [2mcrates/sui-core/src/consensus_handler.rs[0m[2m:[0m[2m232:[0m Received consensus output [3mconsensus_commit[0m[2m=[0mCommittedSubDag(leader=B41(C,qoeI), ref=C40(g7cX), blocks=[hChk, 401A, qoeI]) [3mepoch[0m[2m=[0m0
[2m2025-03-25T07:54:24.493246Z[0m [32m INFO[0m [1mnode[0m[1m{[0m[3mname[0m[2m=[0mk#99f25ef6..[1m}[0m[2m:[0m [2msui_core::checkpoints[0m[2m:[0m [2mcrates/sui-core/src/checkpoints/mod.rs[0m[2m:[0m[2m1326:[0m Creating checkpoint(s) for 1 transactions [3mnext_checkpoint_seq[0m[2m=[0m72 [3mcheckpoint_timestamp[0m[2m=[0m1742889263894
[2m2025-03-25T07:54:24.493246Z[0m [32m INFO[0m [1mnode[0m[1m{[0m[3mname[0m[2m=[0mk#addeef94..[1m}[0m[2m:[0m [2msui_core::checkpoints[0m[2m:[0m [2mcrates/sui-core/src/checkpoints/mod.rs[0m[2m:[0m[2m1326:[0m Creating checkpoint(s) for 1 transactions [3mnext_checkpoint_seq[0m[2m=[0m72 [3mcheckpoint_timestamp[0m[2m=[0m1742889263894
[2m2025-03-25T07:54:24.493246Z[0m [32m INFO[0m [1mnode[0m[1m{[0m[3mname[0m[2m=[0mk#8dcff6d1..[1m}[0m[2m:[0m [2msui_core::checkpoints[0m[2m:[0m [2mcrates/sui-core/src/checkpoints/mod.rs[0m[2m:[0m[2m1326:[0m Creating checkpoint(s) for 1 transactions [3mnext_checkpoint_seq[0m[2m=[0m72 [3mcheckpoint_timestamp[0m[2m=[0m1742889263894
[2m2025-03-25T07:54:24.493502Z[0m [32m INFO[0m [1mnode[0m[1m{[0m[3mname[0m[2m=[0mk#99f25ef6..[1m}[0m[2m:[0m [2msui_core::checkpoints::checkpoint_output[0m[2m:[0m [2mcrates/sui-core/src/checkpoints/checkpoint_output.rs[0m[2m:[0m[2m149:[0m Creating checkpoint CheckpointDigest(E9TXbFhRimaw8qY4EWkG6aCvo1ZCzgwCgg5BsuUvkyw9) at epoch 0, sequence 72, previous digest Some(CheckpointDigest(CsDa9m7NmA6bdED63gUfCwovpKT74fxvvhZLXvEoQwAh)), transactions count 1, content digest CheckpointContentsDigest(JE8eVUtmRaqh8Hwax7NT8vx3TjPypJwaLni9zHGNaos3), end_of_epoch_data None
[2m2025-03-25T07:54:24.493502Z[0m [32m INFO[0m [1mnode[0m[1m{[0m[3mname[0m[2m=[0mk#8dcff6d1..[1m}[0m[2m:[0m [2msui_core::checkpoints::checkpoint_output[0m[2m:[0m [2mcrates/sui-core/src/checkpoints/checkpoint_output.rs[0m[2m:[0m[2m149:[0m Creating checkpoint CheckpointDigest(E9TXbFhRimaw8qY4EWkG6aCvo1ZCzgwCgg5BsuUvkyw9) at epoch 0, sequence 72, previous digest Some(CheckpointDigest(CsDa9m7NmA6bdED63gUfCwovpKT74fxvvhZLXvEoQwAh)), transactions count 1, content digest CheckpointContentsDigest(JE8eVUtmRaqh8Hwax7NT8vx3TjPypJwaLni9zHGNaos3), end_of_epoch_data None
[2m2025-03-25T07:54:24.493502Z[0m [32m INFO[0m [1mnode[0m[1m{[0m[3mname[0m[2m=[0mk#addeef94..[1m}[0m[2m:[0m [2msui_core::checkpoints::checkpoint_output[0m[2m:[0m [2mcrates/sui-core/src/checkpoints/checkpoint_output.rs[0m[2m:[0m[2m149:[0m Creating checkpoint CheckpointDigest(E9TXbFhRimaw8qY4EWkG6aCvo1ZCzgwCgg5BsuUvkyw9) at epoch 0, sequence 72, previous digest Some(CheckpointDigest(CsDa9m7NmA6bdED63gUfCwovpKT74fxvvhZLXvEoQwAh)), transactions count 1, content digest CheckpointContentsDigest(JE8eVUtmRaqh8Hwax7NT8vx3TjPypJwaLni9zHGNaos3), end_of_epoch_data None
[2m2025-03-25T07:54:24.494175Z[0m [32m INFO[0m [1mnode[0m[1m{[0m[3mname[0m[2m=[0mk#8dcff6d1..[1m}[0m[2m:[0m [2mconsensus_core::commit_syncer[0m[2m:[0m [2mconsensus/core/src/commit_syncer.rs[0m[2m:[0m[2m196:[0m Checking to schedule fetches: synced_commit_index=40, highest_handled_index=40, highest_scheduled_index=0, quorum_commit_index=38, unhandled_commits_threshold=3200
[2m2025-03-25T07:54:24.498164Z[0m [32m INFO[0m [1mnode[0m[1m{[0m[3mname[0m[2m=[0mk#99f25ef6..[1m}[0m[2m:[0m [2msui_core::checkpoints::checkpoint_output[0m[2m:[0m [2mcrates/sui-core/src/checkpoints/checkpoint_output.rs[0m[2m:[0m[2m196:[0m Certified checkpoint with sequence 70 and digest D67dZJrqERvsJQTkqdYCCjcY5oJZY3wXwYcx8rmFrG85
[2m2025-03-25T07:54:24.498180Z[0m [32m INFO[0m [1mnode[0m[1m{[0m[3mname[0m[2m=[0mk#8dcff6d1..[1m}[0m[2m:[0m [2msui_core::checkpoints::checkpoint_output[0m[2m:[0m [2mcrates/sui-core/src/checkpoints/checkpoint_output.rs[0m[2m:[0m[2m196:[0m Certified checkpoint with sequence 70 and digest D67dZJrqERvsJQTkqdYCCjcY5oJZY3wXwYcx8rmFrG85
[2m2025-03-25T07:54:24.498186Z[0m [32m INFO[0m [1mnode[0m[1m{[0m[3mname[0m[2m=[0mk#99f25ef6..[1m}[0m[2m:[0m [2msui_core::checkpoints::checkpoint_output[0m[2m:[0m [2mcrates/sui-core/src/checkpoints/checkpoint_output.rs[0m[2m:[0m[2m196:[0m Certified checkpoint with sequence 71 and digest CsDa9m7NmA6bdED63gUfCwovpKT74fxvvhZLXvEoQwAh
[2m2025-03-25T07:54:24.498200Z[0m [32m INFO[0m [1mnode[0m[1m{[0m[3mname[0m[2m=[0mk#8dcff6d1..[1m}[0m[2m:[0m [2msui_core::checkpoints::checkpoint_output[0m[2m:[0m [2mcrates/sui-core/src/checkpoints/checkpoint_output.rs[0m[2m:[0m[2m196:[0m Certified checkpoint with sequence 71 and digest CsDa9m7NmA6bdED63gUfCwovpKT74fxvvhZLXvEoQwAh
[2m2025-03-25T07:54:24.499064Z[0m [32m INFO[0m [1mnode[0m[1m{[0m[3mname[0m[2m=[0mk#8dcff6d1..[1m}[0m[2m:[0m [2msui_core::checkpoints::checkpoint_executor[0m[2m:[0m [2mcrates/sui-core/src/checkpoints/checkpoint_executor/mod.rs[0m[2m:[0m[2m332:[0m Received checkpoint summary from state sync [3msequence_number[0m[2m=[0m70
[2m2025-03-25T07:54:24.499069Z[0m [32m INFO[0m [1mnode[0m[1m{[0m[3mname[0m[2m=[0mk#99f25ef6..[1m}[0m[2m:[0m [2msui_core::checkpoints::checkpoint_executor[0m[2m:[0m [2mcrates/sui-core/src/checkpoints/checkpoint_executor/mod.rs[0m[2m:[0m[2m332:[0m Received checkpoint summary from state sync [3msequence_number[0m[2m=[0m70
[2m2025-03-25T07:54:24.499192Z[0m [32m INFO[0m [1mnode[0m[1m{[0m[3mname[0m[2m=[0mk#99f25ef6..[1m}[0m[2m:[0m [2msui_core::checkpoints::checkpoint_executor[0m[2m:[0m [2mcrates/sui-core/src/checkpoints/checkpoint_executor/mod.rs[0m[2m:[0m[2m332:[0m Received checkpoint summary from state sync [3msequence_number[0m[2m=[0m71
[2m2025-03-25T07:54:24.499199Z[0m [32m INFO[0m [1mnode[0m[1m{[0m[3mname[0m[2m=[0mk#8dcff6d1..[1m}[0m[2m:[0m [2msui_core::checkpoints::checkpoint_executor[0m[2m:[0m [2mcrates/sui-core/src/checkpoints/checkpoint_executor/mod.rs[0m[2m:[0m[2m332:[0m Received checkpoint summary from state sync [3msequence_number[0m[2m=[0m71
[2m2025-03-25T07:54:24.500927Z[0m [32m INFO[0m [1mnode[0m[1m{[0m[3mname[0m[2m=[0mk#99f25ef6..[1m}[0m[2m:[0m [2msui_core::state_accumulator[0m[2m:[0m [2mcrates/sui-core/src/state_accumulator.rs[0m[2m:[0m[2m675:[0m accumulating running root for checkpoint 70
[2m2025-03-25T07:54:24.500929Z[0m [32m INFO[0m [1mnode[0m[1m{[0m[3mname[0m[2m=[0mk#8dcff6d1..[1m}[0m[2m:[0m [2msui_core::state_accumulator[0m[2m:[0m [2mcrates/sui-core/src/state_accumulator.rs[0m[2m:[0m[2m675:[0m accumulating running root for checkpoint 70
[2m2025-03-25T07:54:24.501366Z[0m [32m INFO[0m [1mnode[0m[1m{[0m[3mname[0m[2m=[0mk#99f25ef6..[1m}[0m[2m:[0m [2msui_core::state_accumulator[0m[2m:[0m [2mcrates/sui-core/src/state_accumulator.rs[0m[2m:[0m[2m675:[0m accumulating running root for checkpoint 71
[2m2025-03-25T07:54:24.501373Z[0m [32m INFO[0m [1mnode[0m[1m{[0m[3mname[0m[2m=[0mk#8dcff6d1..[1m}[0m[2m:[0m [2msui_core::state_accumulator[0m[2m:[0m [2mcrates/sui-core/src/state_accumulator.rs[0m[2m:[0m[2m675:[0m accumulating running root for checkpoint 71
[2m2025-03-25T07:54:24.596789Z[0m [32m INFO[0m [1mnode[0m[1m{[0m[3mname[0m[2m=[0mk#addeef94..[1m}[0m[2m:[0m [2msui_core::checkpoints[0m[2m:[0m [2mcrates/sui-core/src/checkpoints/mod.rs[0m[2m:[0m[2m1326:[0m Creating checkpoint(s) for 1 transactions [3mnext_checkpoint_seq[0m[2m=[0m73 [3mcheckpoint_timestamp[0m[2m=[0m1742889263894
[2m2025-03-25T07:54:24.597059Z[0m [32m INFO[0m [1mnode[0m[1m{[0m[3mname[0m[2m=[0mk#addeef94..[1m}[0m[2m:[0m [2msui_core::checkpoints::checkpoint_output[0m[2m:[0m [2mcrates/sui-core/src/checkpoints/checkpoint_output.rs[0m[2m:[0m[2m149:[0m Creating checkpoint CheckpointDigest(4CDaELWJFJg6vqCSHzkt3Jh9fkMsUoZd8dJZFEKXXuoH) at epoch 0, sequence 73, previous digest Some(CheckpointDigest(E9TXbFhRimaw8qY4EWkG6aCvo1ZCzgwCgg5BsuUvkyw9)), transactions count 1, content digest CheckpointContentsDigest(9XATNoVE84MyAvNqsFfvoscmEtsguf1i5YTnadMsUyno), end_of_epoch_data None
[2m2025-03-25T07:54:24.606795Z[0m [32m INFO[0m [1mnode[0m[1m{[0m[3mname[0m[2m=[0mk#99f25ef6..[1m}[0m[2m:[0m [2msui_core::checkpoints[0m[2m:[0m [2mcrates/sui-core/src/checkpoints/mod.rs[0m[2m:[0m[2m1326:[0m Creating checkpoint(s) for 1 transactions [3mnext_checkpoint_seq[0m[2m=[0m73 [3mcheckpoint_timestamp[0m[2m=[0m1742889263894
[2m2025-03-25T07:54:24.606996Z[0m [32m INFO[0m [1mnode[0m[1m{[0m[3mname[0m[2m=[0mk#99f25ef6..[1m}[0m[2m:[0m [2msui_core::checkpoints::checkpoint_output[0m[2m:[0m [2mcrates/sui-core/src/checkpoints/checkpoint_output.rs[0m[2m:[0m[2m149:[0m Creating checkpoint CheckpointDigest(4CDaELWJFJg6vqCSHzkt3Jh9fkMsUoZd8dJZFEKXXuoH) at epoch 0, sequence 73, previous digest Some(CheckpointDigest(E9TXbFhRimaw8qY4EWkG6aCvo1ZCzgwCgg5BsuUvkyw9)), transactions count 1, content digest CheckpointContentsDigest(9XATNoVE84MyAvNqsFfvoscmEtsguf1i5YTnadMsUyno), end_of_epoch_data None
[2m2025-03-25T07:54:24.607811Z[0m [32m INFO[0m [1mnode[0m[1m{[0m[3mname[0m[2m=[0mk#8dcff6d1..[1m}[0m[2m:[0m [2msui_core::checkpoints[0m[2m:[0m [2mcrates/sui-core/src/checkpoints/mod.rs[0m[2m:[0m[2m1326:[0m Creating checkpoint(s) for 1 transactions [3mnext_checkpoint_seq[0m[2m=[0m73 [3mcheckpoint_timestamp[0m[2m=[0m1742889263894
[2m2025-03-25T07:54:24.607994Z[0m [32m INFO[0m [1mnode[0m[1m{[0m[3mname[0m[2m=[0mk#8dcff6d1..[1m}[0m[2m:[0m [2msui_core::checkpoints::checkpoint_output[0m[2m:[0m [2mcrates/sui-core/src/checkpoints/checkpoint_output.rs[0m[2m:[0m[2m149:[0m Creating checkpoint CheckpointDigest(4CDaELWJFJg6vqCSHzkt3Jh9fkMsUoZd8dJZFEKXXuoH) at epoch 0, sequence 73, previous digest Some(CheckpointDigest(E9TXbFhRimaw8qY4EWkG6aCvo1ZCzgwCgg5BsuUvkyw9)), transactions count 1, content digest CheckpointContentsDigest(9XATNoVE84MyAvNqsFfvoscmEtsguf1i5YTnadMsUyno), end_of_epoch_data None
[2m2025-03-25T07:54:24.608837Z[0m [32m INFO[0m [1mnode[0m[1m{[0m[3mname[0m[2m=[0mk#addeef94..[1m}[0m[2m:[0m [2msui_core::checkpoints::checkpoint_executor[0m[2m:[0m [2mcrates/sui-core/src/checkpoints/checkpoint_executor/mod.rs[0m[2m:[0m[2m332:[0m Received checkpoint summary from state sync [3msequence_number[0m[2m=[0m70
[2m2025-03-25T07:54:24.608968Z[0m [32m INFO[0m [1mnode[0m[1m{[0m[3mname[0m[2m=[0mk#addeef94..[1m}[0m[2m:[0m [2msui_core::checkpoints::checkpoint_executor[0m[2m:[0m [2mcrates/sui-core/src/checkpoints/checkpoint_executor/mod.rs[0m[2m:[0m[2m332:[0m Received checkpoint summary from state sync [3msequence_number[0m[2m=[0m71
[2m2025-03-25T07:54:24.610294Z[0m [32m INFO[0m [1mnode[0m[1m{[0m[3mname[0m[2m=[0mk#addeef94..[1m}[0m[2m:[0m [2msui_core::state_accumulator[0m[2m:[0m [2mcrates/sui-core/src/state_accumulator.rs[0m[2m:[0m[2m675:[0m accumulating running root for checkpoint 70
[2m2025-03-25T07:54:24.610727Z[0m [32m INFO[0m [1mnode[0m[1m{[0m[3mname[0m[2m=[0mk#addeef94..[1m}[0m[2m:[0m [2msui_core::state_accumulator[0m[2m:[0m [2mcrates/sui-core/src/state_accumulator.rs[0m[2m:[0m[2m675:[0m accumulating running root for checkpoint 71
[2m2025-03-25T07:54:24.659094Z[0m [32m INFO[0m [1mnode[0m[1m{[0m[3mname[0m[2m=[0mk#99f25ef6..[1m}[0m[2m:[0m [2mconsensus_core::core[0m[2m:[0m [2mconsensus/core/src/core.rs[0m[2m:[0m[2m531:[0m Created block B44(B,jKxbg4bi3hEq1GNs3mBD4vX6+ciHXocHU2s4kUBKdFc=)(1742889264658ms;[B43(B,XYWOaKP0qsSiztzZ86++vx9sEh5NoWx49L4w8UEqTNM=), B43(A,HCNizYqBwnPsXtyBGz8FEtKOZynOFcai2aYqS+f6G94=), B43(C,9aITjs1lJdgs0+myj29IjTbZSoPfrTAHd+V1j1iWM+I=)];2t;1c) for round 44
[2m2025-03-25T07:54:24.659375Z[0m [32m INFO[0m [1mnode[0m[1m{[0m[3mname[0m[2m=[0mk#8dcff6d1..[1m}[0m[2m:[0m [2mconsensus_core::core[0m[2m:[0m [2mconsensus/core/src/core.rs[0m[2m:[0m[2m531:[0m Created block B44(A,Y02mnP26nMJtQFf8meyuRmiXRUpSclwhzdX7do4RDKU=)(1742889264659ms;[B43(A,HCNizYqBwnPsXtyBGz8FEtKOZynOFcai2aYqS+f6G94=), B43(B,XYWOaKP0qsSiztzZ86++vx9sEh5NoWx49L4w8UEqTNM=), B43(C,9aITjs1lJdgs0+myj29IjTbZSoPfrTAHd+V1j1iWM+I=)];2t;1c) for round 44
[2m2025-03-25T07:54:24.659720Z[0m [32m INFO[0m [1mnode[0m[1m{[0m[3mname[0m[2m=[0mk#addeef94..[1m}[0m[2m:[0m [2mconsensus_core::core[0m[2m:[0m [2mconsensus/core/src/core.rs[0m[2m:[0m[2m531:[0m Created block B44(C,UiFBE6J/j9Ki7I5AHSFoCCzFaTX7JzJ/u6FgaY4QcHo=)(1742889264659ms;[B43(C,9aITjs1lJdgs0+myj29IjTbZSoPfrTAHd+V1j1iWM+I=), B43(A,HCNizYqBwnPsXtyBGz8FEtKOZynOFcai2aYqS+f6G94=), B43(B,XYWOaKP0qsSiztzZ86++vx9sEh5NoWx49L4w8UEqTNM=)];2t;1c) for round 44
[2m2025-03-25T07:54:24.661870Z[0m [32m INFO[0m [1mnode[0m[1m{[0m[3mname[0m[2m=[0mk#8dcff6d1..[1m}[0m[2m:[0m [2mconsensus_core::core[0m[2m:[0m [2mconsensus/core/src/core.rs[0m[2m:[0m[2m630:[0m Committing 1 leaders: B42(A,xBIk)
[2m2025-03-25T07:54:24.661870Z[0m [32m INFO[0m [1mnode[0m[1m{[0m[3mname[0m[2m=[0mk#99f25ef6..[1m}[0m[2m:[0m [2mconsensus_core::core[0m[2m:[0m [2mconsensus/core/src/core.rs[0m[2m:[0m[2m630:[0m Committing 1 leaders: B42(A,xBIk)
[2m2025-03-25T07:54:24.661904Z[0m [32m INFO[0m [1mnode[0m[1m{[0m[3mname[0m[2m=[0mk#addeef94..[1m}[0m[2m:[0m [2mconsensus_core::core[0m[2m:[0m [2mconsensus/core/src/core.rs[0m[2m:[0m[2m630:[0m Committing 1 leaders: B42(A,xBIk)
[2m2025-03-25T07:54:24.661966Z[0m [32m INFO[0m [1mnode[0m[1m{[0m[3mname[0m[2m=[0mk#8dcff6d1..[1m}[0m[2m:[0m [2mconsensus_core::commit_observer[0m[2m:[0m [2mconsensus/core/src/commit_observer.rs[0m[2m:[0m[2m173:[0m Consensus commit C41(vsyt) with leader B42(A,xBIk) has 3 blocks
[2m2025-03-25T07:54:24.661972Z[0m [32m INFO[0m [1mnode[0m[1m{[0m[3mname[0m[2m=[0mk#99f25ef6..[1m}[0m[2m:[0m [2mconsensus_core::commit_observer[0m[2m:[0m [2mconsensus/core/src/commit_observer.rs[0m[2m:[0m[2m173:[0m Consensus commit C41(vsyt) with leader B42(A,xBIk) has 3 blocks
[2m2025-03-25T07:54:24.661982Z[0m [32m INFO[0m [1mnode[0m[1m{[0m[3mname[0m[2m=[0mk#addeef94..[1m}[0m[2m:[0m [2mconsensus_core::commit_observer[0m[2m:[0m [2mconsensus/core/src/commit_observer.rs[0m[2m:[0m[2m173:[0m Consensus commit C41(vsyt) with leader B42(A,xBIk) has 3 blocks
[2m2025-03-25T07:54:24.662048Z[0m [32m INFO[0m [1mnode[0m[1m{[0m[3mname[0m[2m=[0mk#8dcff6d1..[1m}[0m[2m:[0m [2msui_core::consensus_handler[0m[2m:[0m [2mcrates/sui-core/src/consensus_handler.rs[0m[2m:[0m[2m232:[0m Received consensus output [3mconsensus_commit[0m[2m=[0mCommittedSubDag(leader=B42(A,xBIk), ref=C41(vsyt), blocks=[Kukx, 3i0n, xBIk]) [3mepoch[0m[2m=[0m0
[2m2025-03-25T07:54:24.662048Z[0m [32m INFO[0m [1mnode[0m[1m{[0m[3mname[0m[2m=[0mk#99f25ef6..[1m}[0m[2m:[0m [2msui_core::consensus_handler[0m[2m:[0m [2mcrates/sui-core/src/consensus_handler.rs[0m[2m:[0m[2m232:[0m Received consensus output [3mconsensus_commit[0m[2m=[0mCommittedSubDag(leader=B42(A,xBIk), ref=C41(vsyt), blocks=[Kukx, 3i0n, xBIk]) [3mepoch[0m[2m=[0m0
[2m2025-03-25T07:54:24.662050Z[0m [32m INFO[0m [1mnode[0m[1m{[0m[3mname[0m[2m=[0mk#addeef94..[1m}[0m[2m:[0m [2msui_core::consensus_handler[0m[2m:[0m [2mcrates/sui-core/src/consensus_handler.rs[0m[2m:[0m[2m232:[0m Received consensus output [3mconsensus_commit[0m[2m=[0mCommittedSubDag(leader=B42(A,xBIk), ref=C41(vsyt), blocks=[Kukx, 3i0n, xBIk]) [3mepoch[0m[2m=[0m0
[2m2025-03-25T07:54:24.754438Z[0m [32m INFO[0m [1mnode[0m[1m{[0m[3mname[0m[2m=[0mk#99f25ef6..[1m}[0m[2m:[0m [2msui_core::checkpoints[0m[2m:[0m [2mcrates/sui-core/src/checkpoints/mod.rs[0m[2m:[0m[2m1326:[0m Creating checkpoint(s) for 1 transactions [3mnext_checkpoint_seq[0m[2m=[0m74 [3mcheckpoint_timestamp[0m[2m=[0m1742889264148
[2m2025-03-25T07:54:24.754538Z[0m [32m INFO[0m [1mnode[0m[1m{[0m[3mname[0m[2m=[0mk#8dcff6d1..[1m}[0m[2m:[0m [2msui_core::checkpoints[0m[2m:[0m [2mcrates/sui-core/src/checkpoints/mod.rs[0m[2m:[0m[2m1326:[0m Creating checkpoint(s) for 1 transactions [3mnext_checkpoint_seq[0m[2m=[0m74 [3mcheckpoint_timestamp[0m[2m=[0m1742889264148
[2m2025-03-25T07:54:24.754708Z[0m [32m INFO[0m [1mnode[0m[1m{[0m[3mname[0m[2m=[0mk#99f25ef6..[1m}[0m[2m:[0m [2msui_core::checkpoints::checkpoint_output[0m[2m:[0m [2mcrates/sui-core/src/checkpoints/checkpoint_output.rs[0m[2m:[0m[2m149:[0m Creating checkpoint CheckpointDigest(8weXLhTJHa4JXjUqixjaR3R5rVEcqpD1EpK7jzF2zgQc) at epoch 0, sequence 74, previous digest Some(CheckpointDigest(4CDaELWJFJg6vqCSHzkt3Jh9fkMsUoZd8dJZFEKXXuoH)), transactions count 1, content digest CheckpointContentsDigest(5P9NdEWbLMT3UYLvt4g99XQu7ctv1ChGouQdvBQhUvUk), end_of_epoch_data None
[2m2025-03-25T07:54:24.754708Z[0m [32m INFO[0m [1mnode[0m[1m{[0m[3mname[0m[2m=[0mk#8dcff6d1..[1m}[0m[2m:[0m [2msui_core::checkpoints::checkpoint_output[0m[2m:[0m [2mcrates/sui-core/src/checkpoints/checkpoint_output.rs[0m[2m:[0m[2m149:[0m Creating checkpoint CheckpointDigest(8weXLhTJHa4JXjUqixjaR3R5rVEcqpD1EpK7jzF2zgQc) at epoch 0, sequence 74, previous digest Some(CheckpointDigest(4CDaELWJFJg6vqCSHzkt3Jh9fkMsUoZd8dJZFEKXXuoH)), transactions count 1, content digest CheckpointContentsDigest(5P9NdEWbLMT3UYLvt4g99XQu7ctv1ChGouQdvBQhUvUk), end_of_epoch_data None
[2m2025-03-25T07:54:24.754809Z[0m [32m INFO[0m [1mnode[0m[1m{[0m[3mname[0m[2m=[0mk#addeef94..[1m}[0m[2m:[0m [2msui_core::checkpoints[0m[2m:[0m [2mcrates/sui-core/src/checkpoints/mod.rs[0m[2m:[0m[2m1326:[0m Creating checkpoint(s) for 1 transactions [3mnext_checkpoint_seq[0m[2m=[0m74 [3mcheckpoint_timestamp[0m[2m=[0m1742889264148
[2m2025-03-25T07:54:24.754976Z[0m [32m INFO[0m [1mnode[0m[1m{[0m[3mname[0m[2m=[0mk#addeef94..[1m}[0m[2m:[0m [2msui_core::checkpoints::checkpoint_output[0m[2m:[0m [2mcrates/sui-core/src/checkpoints/checkpoint_output.rs[0m[2m:[0m[2m149:[0m Creating checkpoint CheckpointDigest(8weXLhTJHa4JXjUqixjaR3R5rVEcqpD1EpK7jzF2zgQc) at epoch 0, sequence 74, previous digest Some(CheckpointDigest(4CDaELWJFJg6vqCSHzkt3Jh9fkMsUoZd8dJZFEKXXuoH)), transactions count 1, content digest CheckpointContentsDigest(5P9NdEWbLMT3UYLvt4g99XQu7ctv1ChGouQdvBQhUvUk), end_of_epoch_data None
[2m2025-03-25T07:54:24.759279Z[0m [32m INFO[0m [1mnode[0m[1m{[0m[3mname[0m[2m=[0mk#8dcff6d1..[1m}[0m[2m:[0m [2msui_core::checkpoints::checkpoint_output[0m[2m:[0m [2mcrates/sui-core/src/checkpoints/checkpoint_output.rs[0m[2m:[0m[2m196:[0m Certified checkpoint with sequence 72 and digest E9TXbFhRimaw8qY4EWkG6aCvo1ZCzgwCgg5BsuUvkyw9
[2m2025-03-25T07:54:24.759301Z[0m [32m INFO[0m [1mnode[0m[1m{[0m[3mname[0m[2m=[0mk#8dcff6d1..[1m}[0m[2m:[0m [2msui_core::checkpoints::checkpoint_output[0m[2m:[0m [2mcrates/sui-core/src/checkpoints/checkpoint_output.rs[0m[2m:[0m[2m196:[0m Certified checkpoint with sequence 73 and digest 4CDaELWJFJg6vqCSHzkt3Jh9fkMsUoZd8dJZFEKXXuoH
[2m2025-03-25T07:54:24.759670Z[0m [32m INFO[0m [1mnode[0m[1m{[0m[3mname[0m[2m=[0mk#99f25ef6..[1m}[0m[2m:[0m [2msui_core::checkpoints::checkpoint_output[0m[2m:[0m [2mcrates/sui-core/src/checkpoints/checkpoint_output.rs[0m[2m:[0m[2m196:[0m Certified checkpoint with sequence 72 and digest E9TXbFhRimaw8qY4EWkG6aCvo1ZCzgwCgg5BsuUvkyw9
[2m2025-03-25T07:54:24.759690Z[0m [32m INFO[0m [1mnode[0m[1m{[0m[3mname[0m[2m=[0mk#99f25ef6..[1m}[0m[2m:[0m [2msui_core::checkpoints::checkpoint_output[0m[2m:[0m [2mcrates/sui-core/src/checkpoints/checkpoint_output.rs[0m[2m:[0m[2m196:[0m Certified checkpoint with sequence 73 and digest 4CDaELWJFJg6vqCSHzkt3Jh9fkMsUoZd8dJZFEKXXuoH
[2m2025-03-25T07:54:24.760132Z[0m [32m INFO[0m [1mnode[0m[1m{[0m[3mname[0m[2m=[0mk#8dcff6d1..[1m}[0m[2m:[0m [2msui_core::checkpoints::checkpoint_executor[0m[2m:[0m [2mcrates/sui-core/src/checkpoints/checkpoint_executor/mod.rs[0m[2m:[0m[2m332:[0m Received checkpoint summary from state sync [3msequence_number[0m[2m=[0m72
[2m2025-03-25T07:54:24.760268Z[0m [32m INFO[0m [1mnode[0m[1m{[0m[3mname[0m[2m=[0mk#8dcff6d1..[1m}[0m[2m:[0m [2msui_core::checkpoints::checkpoint_executor[0m[2m:[0m [2mcrates/sui-core/src/checkpoints/checkpoint_executor/mod.rs[0m[2m:[0m[2m332:[0m Received checkpoint summary from state sync [3msequence_number[0m[2m=[0m73
[2m2025-03-25T07:54:24.760722Z[0m [32m INFO[0m [1mnode[0m[1m{[0m[3mname[0m[2m=[0mk#99f25ef6..[1m}[0m[2m:[0m [2msui_core::checkpoints::checkpoint_executor[0m[2m:[0m [2mcrates/sui-core/src/checkpoints/checkpoint_executor/mod.rs[0m[2m:[0m[2m332:[0m Received checkpoint summary from state sync [3msequence_number[0m[2m=[0m72
[2m2025-03-25T07:54:24.760841Z[0m [32m INFO[0m [1mnode[0m[1m{[0m[3mname[0m[2m=[0mk#99f25ef6..[1m}[0m[2m:[0m [2msui_core::checkpoints::checkpoint_executor[0m[2m:[0m [2mcrates/sui-core/src/checkpoints/checkpoint_executor/mod.rs[0m[2m:[0m[2m332:[0m Received checkpoint summary from state sync [3msequence_number[0m[2m=[0m73
[2m2025-03-25T07:54:24.761926Z[0m [32m INFO[0m [1mnode[0m[1m{[0m[3mname[0m[2m=[0mk#8dcff6d1..[1m}[0m[2m:[0m [2msui_core::state_accumulator[0m[2m:[0m [2mcrates/sui-core/src/state_accumulator.rs[0m[2m:[0m[2m675:[0m accumulating running root for checkpoint 72
[2m2025-03-25T07:54:24.762358Z[0m [32m INFO[0m [1mnode[0m[1m{[0m[3mname[0m[2m=[0mk#8dcff6d1..[1m}[0m[2m:[0m [2msui_core::state_accumulator[0m[2m:[0m [2mcrates/sui-core/src/state_accumulator.rs[0m[2m:[0m[2m675:[0m accumulating running root for checkpoint 73
[2m2025-03-25T07:54:24.762366Z[0m [32m INFO[0m [1mnode[0m[1m{[0m[3mname[0m[2m=[0mk#99f25ef6..[1m}[0m[2m:[0m [2msui_core::state_accumulator[0m[2m:[0m [2mcrates/sui-core/src/state_accumulator.rs[0m[2m:[0m[2m675:[0m accumulating running root for checkpoint 72
[2m2025-03-25T07:54:24.762784Z[0m [32m INFO[0m [1mnode[0m[1m{[0m[3mname[0m[2m=[0mk#99f25ef6..[1m}[0m[2m:[0m [2msui_core::state_accumulator[0m[2m:[0m [2mcrates/sui-core/src/state_accumulator.rs[0m[2m:[0m[2m675:[0m accumulating running root for checkpoint 73
[2m2025-03-25T07:54:24.857850Z[0m [32m INFO[0m [1mnode[0m[1m{[0m[3mname[0m[2m=[0mk#addeef94..[1m}[0m[2m:[0m [2msui_core::checkpoints[0m[2m:[0m [2mcrates/sui-core/src/checkpoints/mod.rs[0m[2m:[0m[2m1326:[0m Creating checkpoint(s) for 1 transactions [3mnext_checkpoint_seq[0m[2m=[0m75 [3mcheckpoint_timestamp[0m[2m=[0m1742889264148
[2m2025-03-25T07:54:24.858122Z[0m [32m INFO[0m [1mnode[0m[1m{[0m[3mname[0m[2m=[0mk#addeef94..[1m}[0m[2m:[0m [2msui_core::checkpoints::checkpoint_output[0m[2m:[0m [2mcrates/sui-core/src/checkpoints/checkpoint_output.rs[0m[2m:[0m[2m149:[0m Creating checkpoint CheckpointDigest(6Pc6q8fZ9MMgkTKNCY2RnQpSoiyjycwS8Rc1Qf4KVQpW) at epoch 0, sequence 75, previous digest Some(CheckpointDigest(8weXLhTJHa4JXjUqixjaR3R5rVEcqpD1EpK7jzF2zgQc)), transactions count 1, content digest CheckpointContentsDigest(8ncsY29Smn1x5V9NGZiTC4AFPWKBcYTtaLr7EwEVagvD), end_of_epoch_data None
[2m2025-03-25T07:54:24.862568Z[0m [32m INFO[0m [1mnode[0m[1m{[0m[3mname[0m[2m=[0mk#addeef94..[1m}[0m[2m:[0m [2msui_core::checkpoints::checkpoint_executor[0m[2m:[0m [2mcrates/sui-core/src/checkpoints/checkpoint_executor/mod.rs[0m[2m:[0m[2m332:[0m Received checkpoint summary from state sync [3msequence_number[0m[2m=[0m72
[2m2025-03-25T07:54:24.862697Z[0m [32m INFO[0m [1mnode[0m[1m{[0m[3mname[0m[2m=[0mk#addeef94..[1m}[0m[2m:[0m [2msui_core::checkpoints::checkpoint_executor[0m[2m:[0m [2mcrates/sui-core/src/checkpoints/checkpoint_executor/mod.rs[0m[2m:[0m[2m332:[0m Received checkpoint summary from state sync [3msequence_number[0m[2m=[0m73
[2m2025-03-25T07:54:24.864028Z[0m [32m INFO[0m [1mnode[0m[1m{[0m[3mname[0m[2m=[0mk#addeef94..[1m}[0m[2m:[0m [2msui_core::state_accumulator[0m[2m:[0m [2mcrates/sui-core/src/state_accumulator.rs[0m[2m:[0m[2m675:[0m accumulating running root for checkpoint 72
[2m2025-03-25T07:54:24.864475Z[0m [32m INFO[0m [1mnode[0m[1m{[0m[3mname[0m[2m=[0mk#addeef94..[1m}[0m[2m:[0m [2msui_core::state_accumulator[0m[2m:[0m [2mcrates/sui-core/src/state_accumulator.rs[0m[2m:[0m[2m675:[0m accumulating running root for checkpoint 73
[2m2025-03-25T07:54:24.871490Z[0m [32m INFO[0m [1mnode[0m[1m{[0m[3mname[0m[2m=[0mk#8dcff6d1..[1m}[0m[2m:[0m [2msui_core::checkpoints[0m[2m:[0m [2mcrates/sui-core/src/checkpoints/mod.rs[0m[2m:[0m[2m1326:[0m Creating checkpoint(s) for 1 transactions [3mnext_checkpoint_seq[0m[2m=[0m75 [3mcheckpoint_timestamp[0m[2m=[0m1742889264148
[2m2025-03-25T07:54:24.871699Z[0m [32m INFO[0m [1mnode[0m[1m{[0m[3mname[0m[2m=[0mk#8dcff6d1..[1m}[0m[2m:[0m [2msui_core::checkpoints::checkpoint_output[0m[2m:[0m [2mcrates/sui-core/src/checkpoints/checkpoint_output.rs[0m[2m:[0m[2m149:[0m Creating checkpoint CheckpointDigest(6Pc6q8fZ9MMgkTKNCY2RnQpSoiyjycwS8Rc1Qf4KVQpW) at epoch 0, sequence 75, previous digest Some(CheckpointDigest(8weXLhTJHa4JXjUqixjaR3R5rVEcqpD1EpK7jzF2zgQc)), transactions count 1, content digest CheckpointContentsDigest(8ncsY29Smn1x5V9NGZiTC4AFPWKBcYTtaLr7EwEVagvD), end_of_epoch_data None
[2m2025-03-25T07:54:24.872390Z[0m [32m INFO[0m [1mnode[0m[1m{[0m[3mname[0m[2m=[0mk#99f25ef6..[1m}[0m[2m:[0m [2msui_core::checkpoints[0m[2m:[0m [2mcrates/sui-core/src/checkpoints/mod.rs[0m[2m:[0m[2m1326:[0m Creating checkpoint(s) for 1 transactions [3mnext_checkpoint_seq[0m[2m=[0m75 [3mcheckpoint_timestamp[0m[2m=[0m1742889264148
[2m2025-03-25T07:54:24.872574Z[0m [32m INFO[0m [1mnode[0m[1m{[0m[3mname[0m[2m=[0mk#99f25ef6..[1m}[0m[2m:[0m [2msui_core::checkpoints::checkpoint_output[0m[2m:[0m [2mcrates/sui-core/src/checkpoints/checkpoint_output.rs[0m[2m:[0m[2m149:[0m Creating checkpoint CheckpointDigest(6Pc6q8fZ9MMgkTKNCY2RnQpSoiyjycwS8Rc1Qf4KVQpW) at epoch 0, sequence 75, previous digest Some(CheckpointDigest(8weXLhTJHa4JXjUqixjaR3R5rVEcqpD1EpK7jzF2zgQc)), transactions count 1, content digest CheckpointContentsDigest(8ncsY29Smn1x5V9NGZiTC4AFPWKBcYTtaLr7EwEVagvD), end_of_epoch_data None
[2m2025-03-25T07:54:24.914067Z[0m [32m INFO[0m [1mnode[0m[1m{[0m[3mname[0m[2m=[0mk#8dcff6d1..[1m}[0m[2m:[0m [2mconsensus_core::core[0m[2m:[0m [2mconsensus/core/src/core.rs[0m[2m:[0m[2m531:[0m Created block B45(A,32Y8g9B4H7RfNjvcRTfopzb5lu2kADsByi9CPZu5yUU=)(1742889264913ms;[B44(A,Y02mnP26nMJtQFf8meyuRmiXRUpSclwhzdX7do4RDKU=), B44(B,jKxbg4bi3hEq1GNs3mBD4vX6+ciHXocHU2s4kUBKdFc=), B44(C,UiFBE6J/j9Ki7I5AHSFoCCzFaTX7JzJ/u6FgaY4QcHo=)];2t;1c) for round 45
[2m2025-03-25T07:54:24.914259Z[0m [32m INFO[0m [1mnode[0m[1m{[0m[3mname[0m[2m=[0mk#addeef94..[1m}[0m[2m:[0m [2mconsensus_core::core[0m[2m:[0m [2mconsensus/core/src/core.rs[0m[2m:[0m[2m531:[0m Created block B45(C,4ZoUES4Ai7fR08C2ZKgRZ8XFnhUI9CcRUM41ZNMV+9U=)(1742889264914ms;[B44(C,UiFBE6J/j9Ki7I5AHSFoCCzFaTX7JzJ/u6FgaY4QcHo=), B44(A,Y02mnP26nMJtQFf8meyuRmiXRUpSclwhzdX7do4RDKU=), B44(B,jKxbg4bi3hEq1GNs3mBD4vX6+ciHXocHU2s4kUBKdFc=)];2t;1c) for round 45
[2m2025-03-25T07:54:24.914712Z[0m [32m INFO[0m [1mnode[0m[1m{[0m[3mname[0m[2m=[0mk#99f25ef6..[1m}[0m[2m:[0m [2mconsensus_core::core[0m[2m:[0m [2mconsensus/core/src/core.rs[0m[2m:[0m[2m531:[0m Created block B45(B,Gme1S/hERRTMj4eKEtryX82mLj5duKDnXyfQwsleAN0=)(1742889264914ms;[B44(B,jKxbg4bi3hEq1GNs3mBD4vX6+ciHXocHU2s4kUBKdFc=), B44(A,Y02mnP26nMJtQFf8meyuRmiXRUpSclwhzdX7do4RDKU=), B44(C,UiFBE6J/j9Ki7I5AHSFoCCzFaTX7JzJ/u6FgaY4QcHo=)];2t;1c) for round 45
[2m2025-03-25T07:54:24.916426Z[0m [32m INFO[0m [1mnode[0m[1m{[0m[3mname[0m[2m=[0mk#8dcff6d1..[1m}[0m[2m:[0m [2mconsensus_core::core[0m[2m:[0m [2mconsensus/core/src/core.rs[0m[2m:[0m[2m630:[0m Committing 1 leaders: B43(A,HCNi)
[2m2025-03-25T07:54:24.916486Z[0m [32m INFO[0m [1mnode[0m[1m{[0m[3mname[0m[2m=[0mk#addeef94..[1m}[0m[2m:[0m [2mconsensus_core::core[0m[2m:[0m [2mconsensus/core/src/core.rs[0m[2m:[0m[2m630:[0m Committing 1 leaders: B43(A,HCNi)
[2m2025-03-25T07:54:24.916514Z[0m [32m INFO[0m [1mnode[0m[1m{[0m[3mname[0m[2m=[0mk#8dcff6d1..[1m}[0m[2m:[0m [2mconsensus_core::commit_observer[0m[2m:[0m [2mconsensus/core/src/commit_observer.rs[0m[2m:[0m[2m173:[0m Consensus commit C42(Hm1M) with leader B43(A,HCNi) has 3 blocks
[2m2025-03-25T07:54:24.916569Z[0m [32m INFO[0m [1mnode[0m[1m{[0m[3mname[0m[2m=[0mk#addeef94..[1m}[0m[2m:[0m [2mconsensus_core::commit_observer[0m[2m:[0m [2mconsensus/core/src/commit_observer.rs[0m[2m:[0m[2m173:[0m Consensus commit C42(Hm1M) with leader B43(A,HCNi) has 3 blocks
[2m2025-03-25T07:54:24.916594Z[0m [32m INFO[0m [1mnode[0m[1m{[0m[3mname[0m[2m=[0mk#8dcff6d1..[1m}[0m[2m:[0m [2msui_core::consensus_handler[0m[2m:[0m [2mcrates/sui-core/src/consensus_handler.rs[0m[2m:[0m[2m232:[0m Received consensus output [3mconsensus_commit[0m[2m=[0mCommittedSubDag(leader=B43(A,HCNi), ref=C42(Hm1M), blocks=[r4HT, OMyr, HCNi]) [3mepoch[0m[2m=[0m0
[2m2025-03-25T07:54:24.916640Z[0m [32m INFO[0m [1mnode[0m[1m{[0m[3mname[0m[2m=[0mk#addeef94..[1m}[0m[2m:[0m [2msui_core::consensus_handler[0m[2m:[0m [2mcrates/sui-core/src/consensus_handler.rs[0m[2m:[0m[2m232:[0m Received consensus output [3mconsensus_commit[0m[2m=[0mCommittedSubDag(leader=B43(A,HCNi), ref=C42(Hm1M), blocks=[r4HT, OMyr, HCNi]) [3mepoch[0m[2m=[0m0
[2m2025-03-25T07:54:24.916777Z[0m [32m INFO[0m [1mnode[0m[1m{[0m[3mname[0m[2m=[0mk#99f25ef6..[1m}[0m[2m:[0m [2mconsensus_core::core[0m[2m:[0m [2mconsensus/core/src/core.rs[0m[2m:[0m[2m630:[0m Committing 1 leaders: B43(A,HCNi)
[2m2025-03-25T07:54:24.916858Z[0m [32m INFO[0m [1mnode[0m[1m{[0m[3mname[0m[2m=[0mk#99f25ef6..[1m}[0m[2m:[0m [2mconsensus_core::commit_observer[0m[2m:[0m [2mconsensus/core/src/commit_observer.rs[0m[2m:[0m[2m173:[0m Consensus commit C42(Hm1M) with leader B43(A,HCNi) has 3 blocks
[2m2025-03-25T07:54:24.916929Z[0m [32m INFO[0m [1mnode[0m[1m{[0m[3mname[0m[2m=[0mk#99f25ef6..[1m}[0m[2m:[0m [2msui_core::consensus_handler[0m[2m:[0m [2mcrates/sui-core/src/consensus_handler.rs[0m[2m:[0m[2m232:[0m Received consensus output [3mconsensus_commit[0m[2m=[0mCommittedSubDag(leader=B43(A,HCNi), ref=C42(Hm1M), blocks=[r4HT, OMyr, HCNi]) [3mepoch[0m[2m=[0m0
[2m2025-03-25T07:54:25.001098Z[0m [32m INFO[0m [1mnode[0m[1m{[0m[3mname[0m[2m=[0mk#8dcff6d1..[1m}[0m[2m:[0m [2msui_core::checkpoints[0m[2m:[0m [2mcrates/sui-core/src/checkpoints/mod.rs[0m[2m:[0m[2m1326:[0m Creating checkpoint(s) for 1 transactions [3mnext_checkpoint_seq[0m[2m=[0m76 [3mcheckpoint_timestamp[0m[2m=[0m1742889264403
[2m2025-03-25T07:54:25.001098Z[0m [32m INFO[0m [1mnode[0m[1m{[0m[3mname[0m[2m=[0mk#99f25ef6..[1m}[0m[2m:[0m [2msui_core::checkpoints[0m[2m:[0m [2mcrates/sui-core/src/checkpoints/mod.rs[0m[2m:[0m[2m1326:[0m Creating checkpoint(s) for 1 transactions [3mnext_checkpoint_seq[0m[2m=[0m76 [3mcheckpoint_timestamp[0m[2m=[0m1742889264403
[2m2025-03-25T07:54:25.001098Z[0m [32m INFO[0m [1mnode[0m[1m{[0m[3mname[0m[2m=[0mk#addeef94..[1m}[0m[2m:[0m [2msui_core::checkpoints[0m[2m:[0m [2mcrates/sui-core/src/checkpoints/mod.rs[0m[2m:[0m[2m1326:[0m Creating checkpoint(s) for 1 transactions [3mnext_checkpoint_seq[0m[2m=[0m76 [3mcheckpoint_timestamp[0m[2m=[0m1742889264403
[2m2025-03-25T07:54:25.001336Z[0m [32m INFO[0m [1mnode[0m[1m{[0m[3mname[0m[2m=[0mk#8dcff6d1..[1m}[0m[2m:[0m [2msui_core::checkpoints::checkpoint_output[0m[2m:[0m [2mcrates/sui-core/src/checkpoints/checkpoint_output.rs[0m[2m:[0m[2m149:[0m Creating checkpoint CheckpointDigest(5vWQFLSXTwnmYSrnGcSCRtgVeqFzmHYPnMzDXPqNEheR) at epoch 0, sequence 76, previous digest Some(CheckpointDigest(6Pc6q8fZ9MMgkTKNCY2RnQpSoiyjycwS8Rc1Qf4KVQpW)), transactions count 1, content digest CheckpointContentsDigest(6Wq94FaK7QiihpGzNGSmgWQzgDqH1ynZpm5FQWz8U3NL), end_of_epoch_data None
[2m2025-03-25T07:54:25.001336Z[0m [32m INFO[0m [1mnode[0m[1m{[0m[3mname[0m[2m=[0mk#99f25ef6..[1m}[0m[2m:[0m [2msui_core::checkpoints::checkpoint_output[0m[2m:[0m [2mcrates/sui-core/src/checkpoints/checkpoint_output.rs[0m[2m:[0m[2m149:[0m Creating checkpoint CheckpointDigest(5vWQFLSXTwnmYSrnGcSCRtgVeqFzmHYPnMzDXPqNEheR) at epoch 0, sequence 76, previous digest Some(CheckpointDigest(6Pc6q8fZ9MMgkTKNCY2RnQpSoiyjycwS8Rc1Qf4KVQpW)), transactions count 1, content digest CheckpointContentsDigest(6Wq94FaK7QiihpGzNGSmgWQzgDqH1ynZpm5FQWz8U3NL), end_of_epoch_data None
[2m2025-03-25T07:54:25.001336Z[0m [32m INFO[0m [1mnode[0m[1m{[0m[3mname[0m[2m=[0mk#addeef94..[1m}[0m[2m:[0m [2msui_core::checkpoints::checkpoint_output[0m[2m:[0m [2mcrates/sui-core/src/checkpoints/checkpoint_output.rs[0m[2m:[0m[2m149:[0m Creating checkpoint CheckpointDigest(5vWQFLSXTwnmYSrnGcSCRtgVeqFzmHYPnMzDXPqNEheR) at epoch 0, sequence 76, previous digest Some(CheckpointDigest(6Pc6q8fZ9MMgkTKNCY2RnQpSoiyjycwS8Rc1Qf4KVQpW)), transactions count 1, content digest CheckpointContentsDigest(6Wq94FaK7QiihpGzNGSmgWQzgDqH1ynZpm5FQWz8U3NL), end_of_epoch_data None
[2m2025-03-25T07:54:25.005958Z[0m [32m INFO[0m [1mnode[0m[1m{[0m[3mname[0m[2m=[0mk#8dcff6d1..[1m}[0m[2m:[0m [2msui_core::checkpoints::checkpoint_output[0m[2m:[0m [2mcrates/sui-core/src/checkpoints/checkpoint_output.rs[0m[2m:[0m[2m196:[0m Certified checkpoint with sequence 74 and digest 8weXLhTJHa4JXjUqixjaR3R5rVEcqpD1EpK7jzF2zgQc
[2m2025-03-25T07:54:25.005979Z[0m [32m INFO[0m [1mnode[0m[1m{[0m[3mname[0m[2m=[0mk#99f25ef6..[1m}[0m[2m:[0m [2msui_core::checkpoints::checkpoint_output[0m[2m:[0m [2mcrates/sui-core/src/checkpoints/checkpoint_output.rs[0m[2m:[0m[2m196:[0m Certified checkpoint with sequence 74 and digest 8weXLhTJHa4JXjUqixjaR3R5rVEcqpD1EpK7jzF2zgQc
[2m2025-03-25T07:54:25.005982Z[0m [32m INFO[0m [1mnode[0m[1m{[0m[3mname[0m[2m=[0mk#8dcff6d1..[1m}[0m[2m:[0m [2msui_core::checkpoints::checkpoint_output[0m[2m:[0m [2mcrates/sui-core/src/checkpoints/checkpoint_output.rs[0m[2m:[0m[2m196:[0m Certified checkpoint with sequence 75 and digest 6Pc6q8fZ9MMgkTKNCY2RnQpSoiyjycwS8Rc1Qf4KVQpW
[2m2025-03-25T07:54:25.005998Z[0m [32m INFO[0m [1mnode[0m[1m{[0m[3mname[0m[2m=[0mk#99f25ef6..[1m}[0m[2m:[0m [2msui_core::checkpoints::checkpoint_output[0m[2m:[0m [2mcrates/sui-core/src/checkpoints/checkpoint_output.rs[0m[2m:[0m[2m196:[0m Certified checkpoint with sequence 75 and digest 6Pc6q8fZ9MMgkTKNCY2RnQpSoiyjycwS8Rc1Qf4KVQpW
[2m2025-03-25T07:54:25.006854Z[0m [32m INFO[0m [1mnode[0m[1m{[0m[3mname[0m[2m=[0mk#8dcff6d1..[1m}[0m[2m:[0m [2msui_core::checkpoints::checkpoint_executor[0m[2m:[0m [2mcrates/sui-core/src/checkpoints/checkpoint_executor/mod.rs[0m[2m:[0m[2m332:[0m Received checkpoint summary from state sync [3msequence_number[0m[2m=[0m74
[2m2025-03-25T07:54:25.006905Z[0m [32m INFO[0m [1mnode[0m[1m{[0m[3mname[0m[2m=[0mk#99f25ef6..[1m}[0m[2m:[0m [2msui_core::checkpoints::checkpoint_executor[0m[2m:[0m [2mcrates/sui-core/src/checkpoints/checkpoint_executor/mod.rs[0m[2m:[0m[2m332:[0m Received checkpoint summary from state sync [3msequence_number[0m[2m=[0m74
[2m2025-03-25T07:54:25.006982Z[0m [32m INFO[0m [1mnode[0m[1m{[0m[3mname[0m[2m=[0mk#8dcff6d1..[1m}[0m[2m:[0m [2msui_core::checkpoints::checkpoint_executor[0m[2m:[0m [2mcrates/sui-core/src/checkpoints/checkpoint_executor/mod.rs[0m[2m:[0m[2m332:[0m Received checkpoint summary from state sync [3msequence_number[0m[2m=[0m75
[2m2025-03-25T07:54:25.007028Z[0m [32m INFO[0m [1mnode[0m[1m{[0m[3mname[0m[2m=[0mk#99f25ef6..[1m}[0m[2m:[0m [2msui_core::checkpoints::checkpoint_executor[0m[2m:[0m [2mcrates/sui-core/src/checkpoints/checkpoint_executor/mod.rs[0m[2m:[0m[2m332:[0m Received checkpoint summary from state sync [3msequence_number[0m[2m=[0m75
[2m2025-03-25T07:54:25.008745Z[0m [32m INFO[0m [1mnode[0m[1m{[0m[3mname[0m[2m=[0mk#8dcff6d1..[1m}[0m[2m:[0m [2msui_core::state_accumulator[0m[2m:[0m [2mcrates/sui-core/src/state_accumulator.rs[0m[2m:[0m[2m675:[0m accumulating running root for checkpoint 74
[2m2025-03-25T07:54:25.008745Z[0m [32m INFO[0m [1mnode[0m[1m{[0m[3mname[0m[2m=[0mk#99f25ef6..[1m}[0m[2m:[0m [2msui_core::state_accumulator[0m[2m:[0m [2mcrates/sui-core/src/state_accumulator.rs[0m[2m:[0m[2m675:[0m accumulating running root for checkpoint 74
[2m2025-03-25T07:54:25.009182Z[0m [32m INFO[0m [1mnode[0m[1m{[0m[3mname[0m[2m=[0mk#8dcff6d1..[1m}[0m[2m:[0m [2msui_core::state_accumulator[0m[2m:[0m [2mcrates/sui-core/src/state_accumulator.rs[0m[2m:[0m[2m675:[0m accumulating running root for checkpoint 75
[2m2025-03-25T07:54:25.009196Z[0m [32m INFO[0m [1mnode[0m[1m{[0m[3mname[0m[2m=[0mk#99f25ef6..[1m}[0m[2m:[0m [2msui_core::state_accumulator[0m[2m:[0m [2mcrates/sui-core/src/state_accumulator.rs[0m[2m:[0m[2m675:[0m accumulating running root for checkpoint 75
[2m2025-03-25T07:54:25.104874Z[0m [32m INFO[0m [1mnode[0m[1m{[0m[3mname[0m[2m=[0mk#addeef94..[1m}[0m[2m:[0m [2msui_core::checkpoints[0m[2m:[0m [2mcrates/sui-core/src/checkpoints/mod.rs[0m[2m:[0m[2m1326:[0m Creating checkpoint(s) for 1 transactions [3mnext_checkpoint_seq[0m[2m=[0m77 [3mcheckpoint_timestamp[0m[2m=[0m1742889264403
[2m2025-03-25T07:54:25.105158Z[0m [32m INFO[0m [1mnode[0m[1m{[0m[3mname[0m[2m=[0mk#addeef94..[1m}[0m[2m:[0m [2msui_core::checkpoints::checkpoint_output[0m[2m:[0m [2mcrates/sui-core/src/checkpoints/checkpoint_output.rs[0m[2m:[0m[2m149:[0m Creating checkpoint CheckpointDigest(12Q17iQjDAHLbnA5qygVnJXwP6rMidVY2aESEWiXGRXa) at epoch 0, sequence 77, previous digest Some(CheckpointDigest(5vWQFLSXTwnmYSrnGcSCRtgVeqFzmHYPnMzDXPqNEheR)), transactions count 1, content digest CheckpointContentsDigest(2cqKaBref1dwsjPWqE6p1HVZgp9RFyJCBX9Psr9Uaqu7), end_of_epoch_data None
[2m2025-03-25T07:54:25.117297Z[0m [32m INFO[0m [1mnode[0m[1m{[0m[3mname[0m[2m=[0mk#addeef94..[1m}[0m[2m:[0m [2msui_core::checkpoints::checkpoint_executor[0m[2m:[0m [2mcrates/sui-core/src/checkpoints/checkpoint_executor/mod.rs[0m[2m:[0m[2m332:[0m Received checkpoint summary from state sync [3msequence_number[0m[2m=[0m74
[2m2025-03-25T07:54:25.117436Z[0m [32m INFO[0m [1mnode[0m[1m{[0m[3mname[0m[2m=[0mk#addeef94..[1m}[0m[2m:[0m [2msui_core::checkpoints::checkpoint_executor[0m[2m:[0m [2mcrates/sui-core/src/checkpoints/checkpoint_executor/mod.rs[0m[2m:[0m[2m332:[0m Received checkpoint summary from state sync [3msequence_number[0m[2m=[0m75
[2m2025-03-25T07:54:25.118711Z[0m [32m INFO[0m [1mnode[0m[1m{[0m[3mname[0m[2m=[0mk#addeef94..[1m}[0m[2m:[0m [2msui_core::state_accumulator[0m[2m:[0m [2mcrates/sui-core/src/state_accumulator.rs[0m[2m:[0m[2m675:[0m accumulating running root for checkpoint 74
[2m2025-03-25T07:54:25.119167Z[0m [32m INFO[0m [1mnode[0m[1m{[0m[3mname[0m[2m=[0mk#addeef94..[1m}[0m[2m:[0m [2msui_core::state_accumulator[0m[2m:[0m [2mcrates/sui-core/src/state_accumulator.rs[0m[2m:[0m[2m675:[0m accumulating running root for checkpoint 75
[2m2025-03-25T07:54:25.119231Z[0m [32m INFO[0m [1mnode[0m[1m{[0m[3mname[0m[2m=[0mk#99f25ef6..[1m}[0m[2m:[0m [2msui_core::checkpoints[0m[2m:[0m [2mcrates/sui-core/src/checkpoints/mod.rs[0m[2m:[0m[2m1326:[0m Creating checkpoint(s) for 1 transactions [3mnext_checkpoint_seq[0m[2m=[0m77 [3mcheckpoint_timestamp[0m[2m=[0m1742889264403
[2m2025-03-25T07:54:25.119297Z[0m [32m INFO[0m [1mnode[0m[1m{[0m[3mname[0m[2m=[0mk#8dcff6d1..[1m}[0m[2m:[0m [2msui_core::checkpoints[0m[2m:[0m [2mcrates/sui-core/src/checkpoints/mod.rs[0m[2m:[0m[2m1326:[0m Creating checkpoint(s) for 1 transactions [3mnext_checkpoint_seq[0m[2m=[0m77 [3mcheckpoint_timestamp[0m[2m=[0m1742889264403
[2m2025-03-25T07:54:25.119441Z[0m [32m INFO[0m [1mnode[0m[1m{[0m[3mname[0m[2m=[0mk#99f25ef6..[1m}[0m[2m:[0m [2msui_core::checkpoints::checkpoint_output[0m[2m:[0m [2mcrates/sui-core/src/checkpoints/checkpoint_output.rs[0m[2m:[0m[2m149:[0m Creating checkpoint CheckpointDigest(12Q17iQjDAHLbnA5qygVnJXwP6rMidVY2aESEWiXGRXa) at epoch 0, sequence 77, previous digest Some(CheckpointDigest(5vWQFLSXTwnmYSrnGcSCRtgVeqFzmHYPnMzDXPqNEheR)), transactions count 1, content digest CheckpointContentsDigest(2cqKaBref1dwsjPWqE6p1HVZgp9RFyJCBX9Psr9Uaqu7), end_of_epoch_data None
[2m2025-03-25T07:54:25.119473Z[0m [32m INFO[0m [1mnode[0m[1m{[0m[3mname[0m[2m=[0mk#8dcff6d1..[1m}[0m[2m:[0m [2msui_core::checkpoints::checkpoint_output[0m[2m:[0m [2mcrates/sui-core/src/checkpoints/checkpoint_output.rs[0m[2m:[0m[2m149:[0m Creating checkpoint CheckpointDigest(12Q17iQjDAHLbnA5qygVnJXwP6rMidVY2aESEWiXGRXa) at epoch 0, sequence 77, previous digest Some(CheckpointDigest(5vWQFLSXTwnmYSrnGcSCRtgVeqFzmHYPnMzDXPqNEheR)), transactions count 1, content digest CheckpointContentsDigest(2cqKaBref1dwsjPWqE6p1HVZgp9RFyJCBX9Psr9Uaqu7), end_of_epoch_data None
[2m2025-03-25T07:54:25.168250Z[0m [32m INFO[0m [1mnode[0m[1m{[0m[3mname[0m[2m=[0mk#8dcff6d1..[1m}[0m[2m:[0m [2mconsensus_core::core[0m[2m:[0m [2mconsensus/core/src/core.rs[0m[2m:[0m[2m531:[0m Created block B46(A,n8/DzO9wc/kOG5WNr99R8NRxJh/M9CTj34Cdw92lPKY=)(1742889265167ms;[B45(A,32Y8g9B4H7RfNjvcRTfopzb5lu2kADsByi9CPZu5yUU=), B45(B,Gme1S/hERRTMj4eKEtryX82mLj5duKDnXyfQwsleAN0=), B45(C,4ZoUES4Ai7fR08C2ZKgRZ8XFnhUI9CcRUM41ZNMV+9U=)];2t;1c) for round 46
[2m2025-03-25T07:54:25.168250Z[0m [32m INFO[0m [1mnode[0m[1m{[0m[3mname[0m[2m=[0mk#addeef94..[1m}[0m[2m:[0m [2mconsensus_core::core[0m[2m:[0m [2mconsensus/core/src/core.rs[0m[2m:[0m[2m531:[0m Created block B46(C,zEAXhExycvEbYy9u2pDJL9u/L6+QcRNFQfOKWj9baOo=)(1742889265167ms;[B45(C,4ZoUES4Ai7fR08C2ZKgRZ8XFnhUI9CcRUM41ZNMV+9U=), B45(A,32Y8g9B4H7RfNjvcRTfopzb5lu2kADsByi9CPZu5yUU=), B45(B,Gme1S/hERRTMj4eKEtryX82mLj5duKDnXyfQwsleAN0=)];2t;1c) for round 46
[2m2025-03-25T07:54:25.168830Z[0m [32m INFO[0m [1mnode[0m[1m{[0m[3mname[0m[2m=[0mk#99f25ef6..[1m}[0m[2m:[0m [2mconsensus_core::core[0m[2m:[0m [2mconsensus/core/src/core.rs[0m[2m:[0m[2m531:[0m Created block B46(B,/w3wCIZ23ZxzaLlNYMehzB2YD972xV/0xqtwhmPlpb8=)(1742889265168ms;[B45(B,Gme1S/hERRTMj4eKEtryX82mLj5duKDnXyfQwsleAN0=), B45(A,32Y8g9B4H7RfNjvcRTfopzb5lu2kADsByi9CPZu5yUU=), B45(C,4ZoUES4Ai7fR08C2ZKgRZ8XFnhUI9CcRUM41ZNMV+9U=)];2t;1c) for round 46
[2m2025-03-25T07:54:25.170555Z[0m [32m INFO[0m [1mnode[0m[1m{[0m[3mname[0m[2m=[0mk#8dcff6d1..[1m}[0m[2m:[0m [2mconsensus_core::core[0m[2m:[0m [2mconsensus/core/src/core.rs[0m[2m:[0m[2m630:[0m Committing 1 leaders: B44(C,UiFB)
[2m2025-03-25T07:54:25.170614Z[0m [32m INFO[0m [1mnode[0m[1m{[0m[3mname[0m[2m=[0mk#addeef94..[1m}[0m[2m:[0m [2mconsensus_core::core[0m[2m:[0m [2mconsensus/core/src/core.rs[0m[2m:[0m[2m630:[0m Committing 1 leaders: B44(C,UiFB)
[2m2025-03-25T07:54:25.170643Z[0m [32m INFO[0m [1mnode[0m[1m{[0m[3mname[0m[2m=[0mk#8dcff6d1..[1m}[0m[2m:[0m [2mconsensus_core::commit_observer[0m[2m:[0m [2mconsensus/core/src/commit_observer.rs[0m[2m:[0m[2m173:[0m Consensus commit C43(5nhM) with leader B44(C,UiFB) has 3 blocks
[2m2025-03-25T07:54:25.170697Z[0m [32m INFO[0m [1mnode[0m[1m{[0m[3mname[0m[2m=[0mk#addeef94..[1m}[0m[2m:[0m [2mconsensus_core::commit_observer[0m[2m:[0m [2mconsensus/core/src/commit_observer.rs[0m[2m:[0m[2m173:[0m Consensus commit C43(5nhM) with leader B44(C,UiFB) has 3 blocks
[2m2025-03-25T07:54:25.170720Z[0m [32m INFO[0m [1mnode[0m[1m{[0m[3mname[0m[2m=[0mk#8dcff6d1..[1m}[0m[2m:[0m [2msui_core::consensus_handler[0m[2m:[0m [2mcrates/sui-core/src/consensus_handler.rs[0m[2m:[0m[2m232:[0m Received consensus output [3mconsensus_commit[0m[2m=[0mCommittedSubDag(leader=B44(C,UiFB), ref=C43(5nhM), blocks=[XYWO, 9aIT, UiFB]) [3mepoch[0m[2m=[0m0
[2m2025-03-25T07:54:25.170768Z[0m [32m INFO[0m [1mnode[0m[1m{[0m[3mname[0m[2m=[0mk#addeef94..[1m}[0m[2m:[0m [2msui_core::consensus_handler[0m[2m:[0m [2mcrates/sui-core/src/consensus_handler.rs[0m[2m:[0m[2m232:[0m Received consensus output [3mconsensus_commit[0m[2m=[0mCommittedSubDag(leader=B44(C,UiFB), ref=C43(5nhM), blocks=[XYWO, 9aIT, UiFB]) [3mepoch[0m[2m=[0m0
[2m2025-03-25T07:54:25.170915Z[0m [32m INFO[0m [1mnode[0m[1m{[0m[3mname[0m[2m=[0mk#99f25ef6..[1m}[0m[2m:[0m [2mconsensus_core::core[0m[2m:[0m [2mconsensus/core/src/core.rs[0m[2m:[0m[2m630:[0m Committing 1 leaders: B44(C,UiFB)
[2m2025-03-25T07:54:25.170994Z[0m [32m INFO[0m [1mnode[0m[1m{[0m[3mname[0m[2m=[0mk#99f25ef6..[1m}[0m[2m:[0m [2mconsensus_core::commit_observer[0m[2m:[0m [2mconsensus/core/src/commit_observer.rs[0m[2m:[0m[2m173:[0m Consensus commit C43(5nhM) with leader B44(C,UiFB) has 3 blocks
[2m2025-03-25T07:54:25.171065Z[0m [32m INFO[0m [1mnode[0m[1m{[0m[3mname[0m[2m=[0mk#99f25ef6..[1m}[0m[2m:[0m [2msui_core::consensus_handler[0m[2m:[0m [2mcrates/sui-core/src/consensus_handler.rs[0m[2m:[0m[2m232:[0m Received consensus output [3mconsensus_commit[0m[2m=[0mCommittedSubDag(leader=B44(C,UiFB), ref=C43(5nhM), blocks=[XYWO, 9aIT, UiFB]) [3mepoch[0m[2m=[0m0
[2m2025-03-25T07:54:25.262592Z[0m [32m INFO[0m [1mnode[0m[1m{[0m[3mname[0m[2m=[0mk#99f25ef6..[1m}[0m[2m:[0m [2msui_core::checkpoints[0m[2m:[0m [2mcrates/sui-core/src/checkpoints/mod.rs[0m[2m:[0m[2m1326:[0m Creating checkpoint(s) for 1 transactions [3mnext_checkpoint_seq[0m[2m=[0m78 [3mcheckpoint_timestamp[0m[2m=[0m1742889264659
[2m2025-03-25T07:54:25.262791Z[0m [32m INFO[0m [1mnode[0m[1m{[0m[3mname[0m[2m=[0mk#8dcff6d1..[1m}[0m[2m:[0m [2msui_core::checkpoints[0m[2m:[0m [2mcrates/sui-core/src/checkpoints/mod.rs[0m[2m:[0m[2m1326:[0m Creating checkpoint(s) for 1 transactions [3mnext_checkpoint_seq[0m[2m=[0m78 [3mcheckpoint_timestamp[0m[2m=[0m1742889264659
[2m2025-03-25T07:54:25.262863Z[0m [32m INFO[0m [1mnode[0m[1m{[0m[3mname[0m[2m=[0mk#99f25ef6..[1m}[0m[2m:[0m [2msui_core::checkpoints::checkpoint_output[0m[2m:[0m [2mcrates/sui-core/src/checkpoints/checkpoint_output.rs[0m[2m:[0m[2m149:[0m Creating checkpoint CheckpointDigest(9d14USS22uoiFKfvS6juqwvPZ8NepgR5cD86ZZ8XXi1A) at epoch 0, sequence 78, previous digest Some(CheckpointDigest(12Q17iQjDAHLbnA5qygVnJXwP6rMidVY2aESEWiXGRXa)), transactions count 1, content digest CheckpointContentsDigest(AAxGXEx5BGBEqNp6Q1ExHCLNiUnfC1ASi2Yhzf2H1SGW), end_of_epoch_data None
[2m2025-03-25T07:54:25.262956Z[0m [32m INFO[0m [1mnode[0m[1m{[0m[3mname[0m[2m=[0mk#addeef94..[1m}[0m[2m:[0m [2msui_core::checkpoints[0m[2m:[0m [2mcrates/sui-core/src/checkpoints/mod.rs[0m[2m:[0m[2m1326:[0m Creating checkpoint(s) for 1 transactions [3mnext_checkpoint_seq[0m[2m=[0m78 [3mcheckpoint_timestamp[0m[2m=[0m1742889264659
[2m2025-03-25T07:54:25.262964Z[0m [32m INFO[0m [1mnode[0m[1m{[0m[3mname[0m[2m=[0mk#8dcff6d1..[1m}[0m[2m:[0m [2msui_core::checkpoints::checkpoint_output[0m[2m:[0m [2mcrates/sui-core/src/checkpoints/checkpoint_output.rs[0m[2m:[0m[2m149:[0m Creating checkpoint CheckpointDigest(9d14USS22uoiFKfvS6juqwvPZ8NepgR5cD86ZZ8XXi1A) at epoch 0, sequence 78, previous digest Some(CheckpointDigest(12Q17iQjDAHLbnA5qygVnJXwP6rMidVY2aESEWiXGRXa)), transactions count 1, content digest CheckpointContentsDigest(AAxGXEx5BGBEqNp6Q1ExHCLNiUnfC1ASi2Yhzf2H1SGW), end_of_epoch_data None
[2m2025-03-25T07:54:25.263125Z[0m [32m INFO[0m [1mnode[0m[1m{[0m[3mname[0m[2m=[0mk#addeef94..[1m}[0m[2m:[0m [2msui_core::checkpoints::checkpoint_output[0m[2m:[0m [2mcrates/sui-core/src/checkpoints/checkpoint_output.rs[0m[2m:[0m[2m149:[0m Creating checkpoint CheckpointDigest(9d14USS22uoiFKfvS6juqwvPZ8NepgR5cD86ZZ8XXi1A) at epoch 0, sequence 78, previous digest Some(CheckpointDigest(12Q17iQjDAHLbnA5qygVnJXwP6rMidVY2aESEWiXGRXa)), transactions count 1, content digest CheckpointContentsDigest(AAxGXEx5BGBEqNp6Q1ExHCLNiUnfC1ASi2Yhzf2H1SGW), end_of_epoch_data None
[2m2025-03-25T07:54:25.267577Z[0m [32m INFO[0m [1mnode[0m[1m{[0m[3mname[0m[2m=[0mk#8dcff6d1..[1m}[0m[2m:[0m [2msui_core::checkpoints::checkpoint_output[0m[2m:[0m [2mcrates/sui-core/src/checkpoints/checkpoint_output.rs[0m[2m:[0m[2m196:[0m Certified checkpoint with sequence 76 and digest 5vWQFLSXTwnmYSrnGcSCRtgVeqFzmHYPnMzDXPqNEheR
[2m2025-03-25T07:54:25.267585Z[0m [32m INFO[0m [1mnode[0m[1m{[0m[3mname[0m[2m=[0mk#99f25ef6..[1m}[0m[2m:[0m [2msui_core::checkpoints::checkpoint_output[0m[2m:[0m [2mcrates/sui-core/src/checkpoints/checkpoint_output.rs[0m[2m:[0m[2m196:[0m Certified checkpoint with sequence 76 and digest 5vWQFLSXTwnmYSrnGcSCRtgVeqFzmHYPnMzDXPqNEheR
[2m2025-03-25T07:54:25.267601Z[0m [32m INFO[0m [1mnode[0m[1m{[0m[3mname[0m[2m=[0mk#8dcff6d1..[1m}[0m[2m:[0m [2msui_core::checkpoints::checkpoint_output[0m[2m:[0m [2mcrates/sui-core/src/checkpoints/checkpoint_output.rs[0m[2m:[0m[2m196:[0m Certified checkpoint with sequence 77 and digest 12Q17iQjDAHLbnA5qygVnJXwP6rMidVY2aESEWiXGRXa
[2m2025-03-25T07:54:25.267603Z[0m [32m INFO[0m [1mnode[0m[1m{[0m[3mname[0m[2m=[0mk#99f25ef6..[1m}[0m[2m:[0m [2msui_core::checkpoints::checkpoint_output[0m[2m:[0m [2mcrates/sui-core/src/checkpoints/checkpoint_output.rs[0m[2m:[0m[2m196:[0m Certified checkpoint with sequence 77 and digest 12Q17iQjDAHLbnA5qygVnJXwP6rMidVY2aESEWiXGRXa
[2m2025-03-25T07:54:25.268488Z[0m [32m INFO[0m [1mnode[0m[1m{[0m[3mname[0m[2m=[0mk#99f25ef6..[1m}[0m[2m:[0m [2msui_core::checkpoints::checkpoint_executor[0m[2m:[0m [2mcrates/sui-core/src/checkpoints/checkpoint_executor/mod.rs[0m[2m:[0m[2m332:[0m Received checkpoint summary from state sync [3msequence_number[0m[2m=[0m76
[2m2025-03-25T07:54:25.268488Z[0m [32m INFO[0m [1mnode[0m[1m{[0m[3mname[0m[2m=[0mk#8dcff6d1..[1m}[0m[2m:[0m [2msui_core::checkpoints::checkpoint_executor[0m[2m:[0m [2mcrates/sui-core/src/checkpoints/checkpoint_executor/mod.rs[0m[2m:[0m[2m332:[0m Received checkpoint summary from state sync [3msequence_number[0m[2m=[0m76
[2m2025-03-25T07:54:25.268615Z[0m [32m INFO[0m [1mnode[0m[1m{[0m[3mname[0m[2m=[0mk#99f25ef6..[1m}[0m[2m:[0m [2msui_core::checkpoints::checkpoint_executor[0m[2m:[0m [2mcrates/sui-core/src/checkpoints/checkpoint_executor/mod.rs[0m[2m:[0m[2m332:[0m Received checkpoint summary from state sync [3msequence_number[0m[2m=[0m77
[2m2025-03-25T07:54:25.268623Z[0m [32m INFO[0m [1mnode[0m[1m{[0m[3mname[0m[2m=[0mk#8dcff6d1..[1m}[0m[2m:[0m [2msui_core::checkpoints::checkpoint_executor[0m[2m:[0m [2mcrates/sui-core/src/checkpoints/checkpoint_executor/mod.rs[0m[2m:[0m[2m332:[0m Received checkpoint summary from state sync [3msequence_number[0m[2m=[0m77
[2m2025-03-25T07:54:25.272497Z[0m [32m INFO[0m [1mnode[0m[1m{[0m[3mname[0m[2m=[0mk#99f25ef6..[1m}[0m[2m:[0m [2msui_core::state_accumulator[0m[2m:[0m [2mcrates/sui-core/src/state_accumulator.rs[0m[2m:[0m[2m675:[0m accumulating running root for checkpoint 76
[2m2025-03-25T07:54:25.272497Z[0m [32m INFO[0m [1mnode[0m[1m{[0m[3mname[0m[2m=[0mk#8dcff6d1..[1m}[0m[2m:[0m [2msui_core::state_accumulator[0m[2m:[0m [2mcrates/sui-core/src/state_accumulator.rs[0m[2m:[0m[2m675:[0m accumulating running root for checkpoint 76
[2m2025-03-25T07:54:25.272950Z[0m [32m INFO[0m [1mnode[0m[1m{[0m[3mname[0m[2m=[0mk#99f25ef6..[1m}[0m[2m:[0m [2msui_core::state_accumulator[0m[2m:[0m [2mcrates/sui-core/src/state_accumulator.rs[0m[2m:[0m[2m675:[0m accumulating running root for checkpoint 77
[2m2025-03-25T07:54:25.272950Z[0m [32m INFO[0m [1mnode[0m[1m{[0m[3mname[0m[2m=[0mk#8dcff6d1..[1m}[0m[2m:[0m [2msui_core::state_accumulator[0m[2m:[0m [2mcrates/sui-core/src/state_accumulator.rs[0m[2m:[0m[2m675:[0m accumulating running root for checkpoint 77
[2m2025-03-25T07:54:25.365481Z[0m [32m INFO[0m [1mnode[0m[1m{[0m[3mname[0m[2m=[0mk#addeef94..[1m}[0m[2m:[0m [2msui_core::checkpoints[0m[2m:[0m [2mcrates/sui-core/src/checkpoints/mod.rs[0m[2m:[0m[2m1326:[0m Creating checkpoint(s) for 1 transactions [3mnext_checkpoint_seq[0m[2m=[0m79 [3mcheckpoint_timestamp[0m[2m=[0m1742889264659
[2m2025-03-25T07:54:25.365762Z[0m [32m INFO[0m [1mnode[0m[1m{[0m[3mname[0m[2m=[0mk#addeef94..[1m}[0m[2m:[0m [2msui_core::checkpoints::checkpoint_output[0m[2m:[0m [2mcrates/sui-core/src/checkpoints/checkpoint_output.rs[0m[2m:[0m[2m149:[0m Creating checkpoint CheckpointDigest(Ax1KqWveBojKEycftJNdTkexwkCwpBH7KQh39z5D2VR6) at epoch 0, sequence 79, previous digest Some(CheckpointDigest(9d14USS22uoiFKfvS6juqwvPZ8NepgR5cD86ZZ8XXi1A)), transactions count 1, content digest CheckpointContentsDigest(37SCkyRn1HeuRj7qWnQ4NRDqWJxYvqHHFKqhXGFP2Fk9), end_of_epoch_data None
[2m2025-03-25T07:54:25.370226Z[0m [32m INFO[0m [1mnode[0m[1m{[0m[3mname[0m[2m=[0mk#addeef94..[1m}[0m[2m:[0m [2msui_core::checkpoints::checkpoint_executor[0m[2m:[0m [2mcrates/sui-core/src/checkpoints/checkpoint_executor/mod.rs[0m[2m:[0m[2m332:[0m Received checkpoint summary from state sync [3msequence_number[0m[2m=[0m76
[2m2025-03-25T07:54:25.370357Z[0m [32m INFO[0m [1mnode[0m[1m{[0m[3mname[0m[2m=[0mk#addeef94..[1m}[0m[2m:[0m [2msui_core::checkpoints::checkpoint_executor[0m[2m:[0m [2mcrates/sui-core/src/checkpoints/checkpoint_executor/mod.rs[0m[2m:[0m[2m332:[0m Received checkpoint summary from state sync [3msequence_number[0m[2m=[0m77
[2m2025-03-25T07:54:25.378244Z[0m [32m INFO[0m [1mnode[0m[1m{[0m[3mname[0m[2m=[0mk#addeef94..[1m}[0m[2m:[0m [2msui_core::state_accumulator[0m[2m:[0m [2mcrates/sui-core/src/state_accumulator.rs[0m[2m:[0m[2m675:[0m accumulating running root for checkpoint 76
[2m2025-03-25T07:54:25.378678Z[0m [32m INFO[0m [1mnode[0m[1m{[0m[3mname[0m[2m=[0mk#addeef94..[1m}[0m[2m:[0m [2msui_core::state_accumulator[0m[2m:[0m [2mcrates/sui-core/src/state_accumulator.rs[0m[2m:[0m[2m675:[0m accumulating running root for checkpoint 77
[2m2025-03-25T07:54:25.382850Z[0m [32m INFO[0m [1mnode[0m[1m{[0m[3mname[0m[2m=[0mk#8dcff6d1..[1m}[0m[2m:[0m [2msui_core::checkpoints[0m[2m:[0m [2mcrates/sui-core/src/checkpoints/mod.rs[0m[2m:[0m[2m1326:[0m Creating checkpoint(s) for 1 transactions [3mnext_checkpoint_seq[0m[2m=[0m79 [3mcheckpoint_timestamp[0m[2m=[0m1742889264659
[2m2025-03-25T07:54:25.382954Z[0m [32m INFO[0m [1mnode[0m[1m{[0m[3mname[0m[2m=[0mk#99f25ef6..[1m}[0m[2m:[0m [2msui_core::checkpoints[0m[2m:[0m [2mcrates/sui-core/src/checkpoints/mod.rs[0m[2m:[0m[2m1326:[0m Creating checkpoint(s) for 1 transactions [3mnext_checkpoint_seq[0m[2m=[0m79 [3mcheckpoint_timestamp[0m[2m=[0m1742889264659
[2m2025-03-25T07:54:25.383063Z[0m [32m INFO[0m [1mnode[0m[1m{[0m[3mname[0m[2m=[0mk#8dcff6d1..[1m}[0m[2m:[0m [2msui_core::checkpoints::checkpoint_output[0m[2m:[0m [2mcrates/sui-core/src/checkpoints/checkpoint_output.rs[0m[2m:[0m[2m149:[0m Creating checkpoint CheckpointDigest(Ax1KqWveBojKEycftJNdTkexwkCwpBH7KQh39z5D2VR6) at epoch 0, sequence 79, previous digest Some(CheckpointDigest(9d14USS22uoiFKfvS6juqwvPZ8NepgR5cD86ZZ8XXi1A)), transactions count 1, content digest CheckpointContentsDigest(37SCkyRn1HeuRj7qWnQ4NRDqWJxYvqHHFKqhXGFP2Fk9), end_of_epoch_data None
[2m2025-03-25T07:54:25.383134Z[0m [32m INFO[0m [1mnode[0m[1m{[0m[3mname[0m[2m=[0mk#99f25ef6..[1m}[0m[2m:[0m [2msui_core::checkpoints::checkpoint_output[0m[2m:[0m [2mcrates/sui-core/src/checkpoints/checkpoint_output.rs[0m[2m:[0m[2m149:[0m Creating checkpoint CheckpointDigest(Ax1KqWveBojKEycftJNdTkexwkCwpBH7KQh39z5D2VR6) at epoch 0, sequence 79, previous digest Some(CheckpointDigest(9d14USS22uoiFKfvS6juqwvPZ8NepgR5cD86ZZ8XXi1A)), transactions count 1, content digest CheckpointContentsDigest(37SCkyRn1HeuRj7qWnQ4NRDqWJxYvqHHFKqhXGFP2Fk9), end_of_epoch_data None
[2m2025-03-25T07:54:25.422630Z[0m [32m INFO[0m [1mnode[0m[1m{[0m[3mname[0m[2m=[0mk#addeef94..[1m}[0m[2m:[0m [2mconsensus_core::core[0m[2m:[0m [2mconsensus/core/src/core.rs[0m[2m:[0m[2m531:[0m Created block B47(C,CiX2//PERMkkCEUqEhPh49eI0bmKwDSsh09GgBRndVM=)(1742889265422ms;[B46(C,zEAXhExycvEbYy9u2pDJL9u/L6+QcRNFQfOKWj9baOo=), B46(A,n8/DzO9wc/kOG5WNr99R8NRxJh/M9CTj34Cdw92lPKY=), B46(B,/w3wCIZ23ZxzaLlNYMehzB2YD972xV/0xqtwhmPlpb8=)];2t;1c) for round 47
[2m2025-03-25T07:54:25.422910Z[0m [32m INFO[0m [1mnode[0m[1m{[0m[3mname[0m[2m=[0mk#8dcff6d1..[1m}[0m[2m:[0m [2mconsensus_core::core[0m[2m:[0m [2mconsensus/core/src/core.rs[0m[2m:[0m[2m531:[0m Created block B47(A,4ixJImd3+vCx57kY/DVgvhLEAI0Dzjl7G8s7cjARvcg=)(1742889265422ms;[B46(A,n8/DzO9wc/kOG5WNr99R8NRxJh/M9CTj34Cdw92lPKY=), B46(B,/w3wCIZ23ZxzaLlNYMehzB2YD972xV/0xqtwhmPlpb8=), B46(C,zEAXhExycvEbYy9u2pDJL9u/L6+QcRNFQfOKWj9baOo=)];2t;1c) for round 47
[2m2025-03-25T07:54:25.424937Z[0m [32m INFO[0m [1mnode[0m[1m{[0m[3mname[0m[2m=[0mk#99f25ef6..[1m}[0m[2m:[0m [2mconsensus_core::core[0m[2m:[0m [2mconsensus/core/src/core.rs[0m[2m:[0m[2m531:[0m Created block B47(B,qo6tBOjiQ3ndQxt1lKzrB94A0WnVHphOTzz8drXoOYM=)(1742889265424ms;[B46(B,/w3wCIZ23ZxzaLlNYMehzB2YD972xV/0xqtwhmPlpb8=), B46(A,n8/DzO9wc/kOG5WNr99R8NRxJh/M9CTj34Cdw92lPKY=), B46(C,zEAXhExycvEbYy9u2pDJL9u/L6+QcRNFQfOKWj9baOo=)];2t;1c) for round 47
[2m2025-03-25T07:54:25.424997Z[0m [32m INFO[0m [1mnode[0m[1m{[0m[3mname[0m[2m=[0mk#8dcff6d1..[1m}[0m[2m:[0m [2mconsensus_core::core[0m[2m:[0m [2mconsensus/core/src/core.rs[0m[2m:[0m[2m630:[0m Committing 1 leaders: B45(A,32Y8)
[2m2025-03-25T07:54:25.425066Z[0m [32m INFO[0m [1mnode[0m[1m{[0m[3mname[0m[2m=[0mk#addeef94..[1m}[0m[2m:[0m [2mconsensus_core::core[0m[2m:[0m [2mconsensus/core/src/core.rs[0m[2m:[0m[2m630:[0m Committing 1 leaders: B45(A,32Y8)
[2m2025-03-25T07:54:25.425088Z[0m [32m INFO[0m [1mnode[0m[1m{[0m[3mname[0m[2m=[0mk#8dcff6d1..[1m}[0m[2m:[0m [2mconsensus_core::commit_observer[0m[2m:[0m [2mconsensus/core/src/commit_observer.rs[0m[2m:[0m[2m173:[0m Consensus commit C44(8c/s) with leader B45(A,32Y8) has 3 blocks
[2m2025-03-25T07:54:25.425098Z[0m [32m INFO[0m [1mnode[0m[1m{[0m[3mname[0m[2m=[0mk#99f25ef6..[1m}[0m[2m:[0m [2mconsensus_core::core[0m[2m:[0m [2mconsensus/core/src/core.rs[0m[2m:[0m[2m630:[0m Committing 1 leaders: B45(A,32Y8)
[2m2025-03-25T07:54:25.425147Z[0m [32m INFO[0m [1mnode[0m[1m{[0m[3mname[0m[2m=[0mk#addeef94..[1m}[0m[2m:[0m [2mconsensus_core::commit_observer[0m[2m:[0m [2mconsensus/core/src/commit_observer.rs[0m[2m:[0m[2m173:[0m Consensus commit C44(8c/s) with leader B45(A,32Y8) has 3 blocks
[2m2025-03-25T07:54:25.425169Z[0m [32m INFO[0m [1mnode[0m[1m{[0m[3mname[0m[2m=[0mk#8dcff6d1..[1m}[0m[2m:[0m [2msui_core::consensus_handler[0m[2m:[0m [2mcrates/sui-core/src/consensus_handler.rs[0m[2m:[0m[2m232:[0m Received consensus output [3mconsensus_commit[0m[2m=[0mCommittedSubDag(leader=B45(A,32Y8), ref=C44(8c/s), blocks=[Y02m, jKxb, 32Y8]) [3mepoch[0m[2m=[0m0
[2m2025-03-25T07:54:25.425176Z[0m [32m INFO[0m [1mnode[0m[1m{[0m[3mname[0m[2m=[0mk#99f25ef6..[1m}[0m[2m:[0m [2mconsensus_core::commit_observer[0m[2m:[0m [2mconsensus/core/src/commit_observer.rs[0m[2m:[0m[2m173:[0m Consensus commit C44(8c/s) with leader B45(A,32Y8) has 3 blocks
[2m2025-03-25T07:54:25.425216Z[0m [32m INFO[0m [1mnode[0m[1m{[0m[3mname[0m[2m=[0mk#addeef94..[1m}[0m[2m:[0m [2msui_core::consensus_handler[0m[2m:[0m [2mcrates/sui-core/src/consensus_handler.rs[0m[2m:[0m[2m232:[0m Received consensus output [3mconsensus_commit[0m[2m=[0mCommittedSubDag(leader=B45(A,32Y8), ref=C44(8c/s), blocks=[Y02m, jKxb, 32Y8]) [3mepoch[0m[2m=[0m0
[2m2025-03-25T07:54:25.425494Z[0m [32m INFO[0m [1mnode[0m[1m{[0m[3mname[0m[2m=[0mk#99f25ef6..[1m}[0m[2m:[0m [2msui_core::consensus_handler[0m[2m:[0m [2mcrates/sui-core/src/consensus_handler.rs[0m[2m:[0m[2m232:[0m Received consensus output [3mconsensus_commit[0m[2m=[0mCommittedSubDag(leader=B45(A,32Y8), ref=C44(8c/s), blocks=[Y02m, jKxb, 32Y8]) [3mepoch[0m[2m=[0m0
[2m2025-03-25T07:54:25.510549Z[0m [32m INFO[0m [1mnode[0m[1m{[0m[3mname[0m[2m=[0mk#addeef94..[1m}[0m[2m:[0m [2msui_core::checkpoints[0m[2m:[0m [2mcrates/sui-core/src/checkpoints/mod.rs[0m[2m:[0m[2m1326:[0m Creating checkpoint(s) for 1 transactions [3mnext_checkpoint_seq[0m[2m=[0m80 [3mcheckpoint_timestamp[0m[2m=[0m1742889264913
[2m2025-03-25T07:54:25.510549Z[0m [32m INFO[0m [1mnode[0m[1m{[0m[3mname[0m[2m=[0mk#99f25ef6..[1m}[0m[2m:[0m [2msui_core::checkpoints[0m[2m:[0m [2mcrates/sui-core/src/checkpoints/mod.rs[0m[2m:[0m[2m1326:[0m Creating checkpoint(s) for 1 transactions [3mnext_checkpoint_seq[0m[2m=[0m80 [3mcheckpoint_timestamp[0m[2m=[0m1742889264913
[2m2025-03-25T07:54:25.510549Z[0m [32m INFO[0m [1mnode[0m[1m{[0m[3mname[0m[2m=[0mk#8dcff6d1..[1m}[0m[2m:[0m [2msui_core::checkpoints[0m[2m:[0m [2mcrates/sui-core/src/checkpoints/mod.rs[0m[2m:[0m[2m1326:[0m Creating checkpoint(s) for 1 transactions [3mnext_checkpoint_seq[0m[2m=[0m80 [3mcheckpoint_timestamp[0m[2m=[0m1742889264913
[2m2025-03-25T07:54:25.510814Z[0m [32m INFO[0m [1mnode[0m[1m{[0m[3mname[0m[2m=[0mk#99f25ef6..[1m}[0m[2m:[0m [2msui_core::checkpoints::checkpoint_output[0m[2m:[0m [2mcrates/sui-core/src/checkpoints/checkpoint_output.rs[0m[2m:[0m[2m149:[0m Creating checkpoint CheckpointDigest(DPB8A4hH6Tv4iJePby9WtfUECVVQrhZCUXG5Vh5sVCu5) at epoch 0, sequence 80, previous digest Some(CheckpointDigest(Ax1KqWveBojKEycftJNdTkexwkCwpBH7KQh39z5D2VR6)), transactions count 1, content digest CheckpointContentsDigest(DaYopit9wP9PNaqV62JqaXUek7xW37icEMMTftn9pyfn), end_of_epoch_data None
[2m2025-03-25T07:54:25.510814Z[0m [32m INFO[0m [1mnode[0m[1m{[0m[3mname[0m[2m=[0mk#8dcff6d1..[1m}[0m[2m:[0m [2msui_core::checkpoints::checkpoint_output[0m[2m:[0m [2mcrates/sui-core/src/checkpoints/checkpoint_output.rs[0m[2m:[0m[2m149:[0m Creating checkpoint CheckpointDigest(DPB8A4hH6Tv4iJePby9WtfUECVVQrhZCUXG5Vh5sVCu5) at epoch 0, sequence 80, previous digest Some(CheckpointDigest(Ax1KqWveBojKEycftJNdTkexwkCwpBH7KQh39z5D2VR6)), transactions count 1, content digest CheckpointContentsDigest(DaYopit9wP9PNaqV62JqaXUek7xW37icEMMTftn9pyfn), end_of_epoch_data None
[2m2025-03-25T07:54:25.510813Z[0m [32m INFO[0m [1mnode[0m[1m{[0m[3mname[0m[2m=[0mk#addeef94..[1m}[0m[2m:[0m [2msui_core::checkpoints::checkpoint_output[0m[2m:[0m [2mcrates/sui-core/src/checkpoints/checkpoint_output.rs[0m[2m:[0m[2m149:[0m Creating checkpoint CheckpointDigest(DPB8A4hH6Tv4iJePby9WtfUECVVQrhZCUXG5Vh5sVCu5) at epoch 0, sequence 80, previous digest Some(CheckpointDigest(Ax1KqWveBojKEycftJNdTkexwkCwpBH7KQh39z5D2VR6)), transactions count 1, content digest CheckpointContentsDigest(DaYopit9wP9PNaqV62JqaXUek7xW37icEMMTftn9pyfn), end_of_epoch_data None
[2m2025-03-25T07:54:25.515523Z[0m [32m INFO[0m [1mnode[0m[1m{[0m[3mname[0m[2m=[0mk#8dcff6d1..[1m}[0m[2m:[0m [2msui_core::checkpoints::checkpoint_output[0m[2m:[0m [2mcrates/sui-core/src/checkpoints/checkpoint_output.rs[0m[2m:[0m[2m196:[0m Certified checkpoint with sequence 78 and digest 9d14USS22uoiFKfvS6juqwvPZ8NepgR5cD86ZZ8XXi1A
[2m2025-03-25T07:54:25.515547Z[0m [32m INFO[0m [1mnode[0m[1m{[0m[3mname[0m[2m=[0mk#8dcff6d1..[1m}[0m[2m:[0m [2msui_core::checkpoints::checkpoint_output[0m[2m:[0m [2mcrates/sui-core/src/checkpoints/checkpoint_output.rs[0m[2m:[0m[2m196:[0m Certified checkpoint with sequence 79 and digest Ax1KqWveBojKEycftJNdTkexwkCwpBH7KQh39z5D2VR6
[2m2025-03-25T07:54:25.515568Z[0m [32m INFO[0m [1mnode[0m[1m{[0m[3mname[0m[2m=[0mk#99f25ef6..[1m}[0m[2m:[0m [2msui_core::checkpoints::checkpoint_output[0m[2m:[0m [2mcrates/sui-core/src/checkpoints/checkpoint_output.rs[0m[2m:[0m[2m196:[0m Certified checkpoint with sequence 78 and digest 9d14USS22uoiFKfvS6juqwvPZ8NepgR5cD86ZZ8XXi1A
[2m2025-03-25T07:54:25.515587Z[0m [32m INFO[0m [1mnode[0m[1m{[0m[3mname[0m[2m=[0mk#99f25ef6..[1m}[0m[2m:[0m [2msui_core::checkpoints::checkpoint_output[0m[2m:[0m [2mcrates/sui-core/src/checkpoints/checkpoint_output.rs[0m[2m:[0m[2m196:[0m Certified checkpoint with sequence 79 and digest Ax1KqWveBojKEycftJNdTkexwkCwpBH7KQh39z5D2VR6
[2m2025-03-25T07:54:25.516386Z[0m [32m INFO[0m [1mnode[0m[1m{[0m[3mname[0m[2m=[0mk#8dcff6d1..[1m}[0m[2m:[0m [2msui_core::checkpoints::checkpoint_executor[0m[2m:[0m [2mcrates/sui-core/src/checkpoints/checkpoint_executor/mod.rs[0m[2m:[0m[2m332:[0m Received checkpoint summary from state sync [3msequence_number[0m[2m=[0m78
[2m2025-03-25T07:54:25.516458Z[0m [32m INFO[0m [1mnode[0m[1m{[0m[3mname[0m[2m=[0mk#99f25ef6..[1m}[0m[2m:[0m [2msui_core::checkpoints::checkpoint_executor[0m[2m:[0m [2mcrates/sui-core/src/checkpoints/checkpoint_executor/mod.rs[0m[2m:[0m[2m332:[0m Received checkpoint summary from state sync [3msequence_number[0m[2m=[0m78
[2m2025-03-25T07:54:25.516516Z[0m [32m INFO[0m [1mnode[0m[1m{[0m[3mname[0m[2m=[0mk#8dcff6d1..[1m}[0m[2m:[0m [2msui_core::checkpoints::checkpoint_executor[0m[2m:[0m [2mcrates/sui-core/src/checkpoints/checkpoint_executor/mod.rs[0m[2m:[0m[2m332:[0m Received checkpoint summary from state sync [3msequence_number[0m[2m=[0m79
[2m2025-03-25T07:54:25.516578Z[0m [32m INFO[0m [1mnode[0m[1m{[0m[3mname[0m[2m=[0mk#99f25ef6..[1m}[0m[2m:[0m [2msui_core::checkpoints::checkpoint_executor[0m[2m:[0m [2mcrates/sui-core/src/checkpoints/checkpoint_executor/mod.rs[0m[2m:[0m[2m332:[0m Received checkpoint summary from state sync [3msequence_number[0m[2m=[0m79
[2m2025-03-25T07:54:25.518289Z[0m [32m INFO[0m [1mnode[0m[1m{[0m[3mname[0m[2m=[0mk#99f25ef6..[1m}[0m[2m:[0m [2msui_core::state_accumulator[0m[2m:[0m [2mcrates/sui-core/src/state_accumulator.rs[0m[2m:[0m[2m675:[0m accumulating running root for checkpoint 78
[2m2025-03-25T07:54:25.518291Z[0m [32m INFO[0m [1mnode[0m[1m{[0m[3mname[0m[2m=[0mk#8dcff6d1..[1m}[0m[2m:[0m [2msui_core::state_accumulator[0m[2m:[0m [2mcrates/sui-core/src/state_accumulator.rs[0m[2m:[0m[2m675:[0m accumulating running root for checkpoint 78
[2m2025-03-25T07:54:25.518741Z[0m [32m INFO[0m [1mnode[0m[1m{[0m[3mname[0m[2m=[0mk#99f25ef6..[1m}[0m[2m:[0m [2msui_core::state_accumulator[0m[2m:[0m [2mcrates/sui-core/src/state_accumulator.rs[0m[2m:[0m[2m675:[0m accumulating running root for checkpoint 79
[2m2025-03-25T07:54:25.518741Z[0m [32m INFO[0m [1mnode[0m[1m{[0m[3mname[0m[2m=[0mk#8dcff6d1..[1m}[0m[2m:[0m [2msui_core::state_accumulator[0m[2m:[0m [2mcrates/sui-core/src/state_accumulator.rs[0m[2m:[0m[2m675:[0m accumulating running root for checkpoint 79
[2m2025-03-25T07:54:25.621224Z[0m [32m INFO[0m [1mnode[0m[1m{[0m[3mname[0m[2m=[0mk#addeef94..[1m}[0m[2m:[0m [2msui_core::checkpoints[0m[2m:[0m [2mcrates/sui-core/src/checkpoints/mod.rs[0m[2m:[0m[2m1326:[0m Creating checkpoint(s) for 1 transactions [3mnext_checkpoint_seq[0m[2m=[0m81 [3mcheckpoint_timestamp[0m[2m=[0m1742889264913
[2m2025-03-25T07:54:25.621512Z[0m [32m INFO[0m [1mnode[0m[1m{[0m[3mname[0m[2m=[0mk#addeef94..[1m}[0m[2m:[0m [2msui_core::checkpoints::checkpoint_output[0m[2m:[0m [2mcrates/sui-core/src/checkpoints/checkpoint_output.rs[0m[2m:[0m[2m149:[0m Creating checkpoint CheckpointDigest(5YWExiqsNMGuYSVu35T9CWjgiLkh1eP2gqrb4ngws1v7) at epoch 0, sequence 81, previous digest Some(CheckpointDigest(DPB8A4hH6Tv4iJePby9WtfUECVVQrhZCUXG5Vh5sVCu5)), transactions count 1, content digest CheckpointContentsDigest(9LPkCuYo27q1LoaJku7CxLjQ1kNa4jZtzDPqtpUXtaZn), end_of_epoch_data None
[2m2025-03-25T07:54:25.624095Z[0m [32m INFO[0m [1mnode[0m[1m{[0m[3mname[0m[2m=[0mk#99f25ef6..[1m}[0m[2m:[0m [2msui_core::checkpoints[0m[2m:[0m [2mcrates/sui-core/src/checkpoints/mod.rs[0m[2m:[0m[2m1326:[0m Creating checkpoint(s) for 1 transactions [3mnext_checkpoint_seq[0m[2m=[0m81 [3mcheckpoint_timestamp[0m[2m=[0m1742889264913
[2m2025-03-25T07:54:25.624291Z[0m [32m INFO[0m [1mnode[0m[1m{[0m[3mname[0m[2m=[0mk#99f25ef6..[1m}[0m[2m:[0m [2msui_core::checkpoints::checkpoint_output[0m[2m:[0m [2mcrates/sui-core/src/checkpoints/checkpoint_output.rs[0m[2m:[0m[2m149:[0m Creating checkpoint CheckpointDigest(5YWExiqsNMGuYSVu35T9CWjgiLkh1eP2gqrb4ngws1v7) at epoch 0, sequence 81, previous digest Some(CheckpointDigest(DPB8A4hH6Tv4iJePby9WtfUECVVQrhZCUXG5Vh5sVCu5)), transactions count 1, content digest CheckpointContentsDigest(9LPkCuYo27q1LoaJku7CxLjQ1kNa4jZtzDPqtpUXtaZn), end_of_epoch_data None
[2m2025-03-25T07:54:25.625672Z[0m [32m INFO[0m [1mnode[0m[1m{[0m[3mname[0m[2m=[0mk#8dcff6d1..[1m}[0m[2m:[0m [2msui_core::checkpoints[0m[2m:[0m [2mcrates/sui-core/src/checkpoints/mod.rs[0m[2m:[0m[2m1326:[0m Creating checkpoint(s) for 1 transactions [3mnext_checkpoint_seq[0m[2m=[0m81 [3mcheckpoint_timestamp[0m[2m=[0m1742889264913
[2m2025-03-25T07:54:25.625856Z[0m [32m INFO[0m [1mnode[0m[1m{[0m[3mname[0m[2m=[0mk#8dcff6d1..[1m}[0m[2m:[0m [2msui_core::checkpoints::checkpoint_output[0m[2m:[0m [2mcrates/sui-core/src/checkpoints/checkpoint_output.rs[0m[2m:[0m[2m149:[0m Creating checkpoint CheckpointDigest(5YWExiqsNMGuYSVu35T9CWjgiLkh1eP2gqrb4ngws1v7) at epoch 0, sequence 81, previous digest Some(CheckpointDigest(DPB8A4hH6Tv4iJePby9WtfUECVVQrhZCUXG5Vh5sVCu5)), transactions count 1, content digest CheckpointContentsDigest(9LPkCuYo27q1LoaJku7CxLjQ1kNa4jZtzDPqtpUXtaZn), end_of_epoch_data None
[2m2025-03-25T07:54:25.625921Z[0m [32m INFO[0m [1mnode[0m[1m{[0m[3mname[0m[2m=[0mk#addeef94..[1m}[0m[2m:[0m [2msui_core::checkpoints::checkpoint_executor[0m[2m:[0m [2mcrates/sui-core/src/checkpoints/checkpoint_executor/mod.rs[0m[2m:[0m[2m332:[0m Received checkpoint summary from state sync [3msequence_number[0m[2m=[0m78
[2m2025-03-25T07:54:25.626060Z[0m [32m INFO[0m [1mnode[0m[1m{[0m[3mname[0m[2m=[0mk#addeef94..[1m}[0m[2m:[0m [2msui_core::checkpoints::checkpoint_executor[0m[2m:[0m [2mcrates/sui-core/src/checkpoints/checkpoint_executor/mod.rs[0m[2m:[0m[2m332:[0m Received checkpoint summary from state sync [3msequence_number[0m[2m=[0m79
[2m2025-03-25T07:54:25.627381Z[0m [32m INFO[0m [1mnode[0m[1m{[0m[3mname[0m[2m=[0mk#addeef94..[1m}[0m[2m:[0m [2msui_core::state_accumulator[0m[2m:[0m [2mcrates/sui-core/src/state_accumulator.rs[0m[2m:[0m[2m675:[0m accumulating running root for checkpoint 78
[2m2025-03-25T07:54:25.627806Z[0m [32m INFO[0m [1mnode[0m[1m{[0m[3mname[0m[2m=[0mk#addeef94..[1m}[0m[2m:[0m [2msui_core::state_accumulator[0m[2m:[0m [2mcrates/sui-core/src/state_accumulator.rs[0m[2m:[0m[2m675:[0m accumulating running root for checkpoint 79
[2m2025-03-25T07:54:25.676186Z[0m [32m INFO[0m [1mnode[0m[1m{[0m[3mname[0m[2m=[0mk#8dcff6d1..[1m}[0m[2m:[0m [2mconsensus_core::core[0m[2m:[0m [2mconsensus/core/src/core.rs[0m[2m:[0m[2m531:[0m Created block B48(A,cJmD3+Y1uM1UE64DLOb+p/En2nTOQGazDearIStBLT4=)(1742889265675ms;[B47(A,4ixJImd3+vCx57kY/DVgvhLEAI0Dzjl7G8s7cjARvcg=), B47(B,qo6tBOjiQ3ndQxt1lKzrB94A0WnVHphOTzz8drXoOYM=), B47(C,CiX2//PERMkkCEUqEhPh49eI0bmKwDSsh09GgBRndVM=)];2t;1c) for round 48
[2m2025-03-25T07:54:25.677063Z[0m [32m INFO[0m [1mnode[0m[1m{[0m[3mname[0m[2m=[0mk#99f25ef6..[1m}[0m[2m:[0m [2mconsensus_core::core[0m[2m:[0m [2mconsensus/core/src/core.rs[0m[2m:[0m[2m531:[0m Created block B48(B,2OgMbUGAtOoFm7LGM77ersp00D8MwD36+v4jo+yZtAs=)(1742889265676ms;[B47(B,qo6tBOjiQ3ndQxt1lKzrB94A0WnVHphOTzz8drXoOYM=), B47(A,4ixJImd3+vCx57kY/DVgvhLEAI0Dzjl7G8s7cjARvcg=), B47(C,CiX2//PERMkkCEUqEhPh49eI0bmKwDSsh09GgBRndVM=)];2t;1c) for round 48
[2m2025-03-25T07:54:25.678521Z[0m [32m INFO[0m [1mnode[0m[1m{[0m[3mname[0m[2m=[0mk#addeef94..[1m}[0m[2m:[0m [2mconsensus_core::core[0m[2m:[0m [2mconsensus/core/src/core.rs[0m[2m:[0m[2m531:[0m Created block B48(C,l9yvwivmDrvo/0q0E83hTdprryrldrc3kJEUGTQ8aWE=)(1742889265678ms;[B47(C,CiX2//PERMkkCEUqEhPh49eI0bmKwDSsh09GgBRndVM=), B47(A,4ixJImd3+vCx57kY/DVgvhLEAI0Dzjl7G8s7cjARvcg=), B47(B,qo6tBOjiQ3ndQxt1lKzrB94A0WnVHphOTzz8drXoOYM=)];2t;1c) for round 48
[2m2025-03-25T07:54:25.678688Z[0m [32m INFO[0m [1mnode[0m[1m{[0m[3mname[0m[2m=[0mk#addeef94..[1m}[0m[2m:[0m [2mconsensus_core::core[0m[2m:[0m [2mconsensus/core/src/core.rs[0m[2m:[0m[2m630:[0m Committing 1 leaders: B46(B,/w3w)
[2m2025-03-25T07:54:25.678774Z[0m [32m INFO[0m [1mnode[0m[1m{[0m[3mname[0m[2m=[0mk#addeef94..[1m}[0m[2m:[0m [2mconsensus_core::commit_observer[0m[2m:[0m [2mconsensus/core/src/commit_observer.rs[0m[2m:[0m[2m173:[0m Consensus commit C45(oZbp) with leader B46(B,/w3w) has 3 blocks
[2m2025-03-25T07:54:25.679179Z[0m [32m INFO[0m [1mnode[0m[1m{[0m[3mname[0m[2m=[0mk#addeef94..[1m}[0m[2m:[0m [2msui_core::consensus_handler[0m[2m:[0m [2mcrates/sui-core/src/consensus_handler.rs[0m[2m:[0m[2m232:[0m Received consensus output [3mconsensus_commit[0m[2m=[0mCommittedSubDag(leader=B46(B,/w3w), ref=C45(oZbp), blocks=[Gme1, 4ZoU, /w3w]) [3mepoch[0m[2m=[0m0
[2m2025-03-25T07:54:25.682065Z[0m [32m INFO[0m [1mnode[0m[1m{[0m[3mname[0m[2m=[0mk#8dcff6d1..[1m}[0m[2m:[0m [2mconsensus_core::core[0m[2m:[0m [2mconsensus/core/src/core.rs[0m[2m:[0m[2m630:[0m Committing 1 leaders: B46(B,/w3w)
[2m2025-03-25T07:54:25.682095Z[0m [32m INFO[0m [1mnode[0m[1m{[0m[3mname[0m[2m=[0mk#99f25ef6..[1m}[0m[2m:[0m [2mconsensus_core::core[0m[2m:[0m [2mconsensus/core/src/core.rs[0m[2m:[0m[2m630:[0m Committing 1 leaders: B46(B,/w3w)
[2m2025-03-25T07:54:25.682148Z[0m [32m INFO[0m [1mnode[0m[1m{[0m[3mname[0m[2m=[0mk#8dcff6d1..[1m}[0m[2m:[0m [2mconsensus_core::commit_observer[0m[2m:[0m [2mconsensus/core/src/commit_observer.rs[0m[2m:[0m[2m173:[0m Consensus commit C45(oZbp) with leader B46(B,/w3w) has 3 blocks
[2m2025-03-25T07:54:25.682179Z[0m [32m INFO[0m [1mnode[0m[1m{[0m[3mname[0m[2m=[0mk#99f25ef6..[1m}[0m[2m:[0m [2mconsensus_core::commit_observer[0m[2m:[0m [2mconsensus/core/src/commit_observer.rs[0m[2m:[0m[2m173:[0m Consensus commit C45(oZbp) with leader B46(B,/w3w) has 3 blocks
[2m2025-03-25T07:54:25.682219Z[0m [32m INFO[0m [1mnode[0m[1m{[0m[3mname[0m[2m=[0mk#8dcff6d1..[1m}[0m[2m:[0m [2msui_core::consensus_handler[0m[2m:[0m [2mcrates/sui-core/src/consensus_handler.rs[0m[2m:[0m[2m232:[0m Received consensus output [3mconsensus_commit[0m[2m=[0mCommittedSubDag(leader=B46(B,/w3w), ref=C45(oZbp), blocks=[Gme1, 4ZoU, /w3w]) [3mepoch[0m[2m=[0m0
[2m2025-03-25T07:54:25.682251Z[0m [32m INFO[0m [1mnode[0m[1m{[0m[3mname[0m[2m=[0mk#99f25ef6..[1m}[0m[2m:[0m [2msui_core::consensus_handler[0m[2m:[0m [2mcrates/sui-core/src/consensus_handler.rs[0m[2m:[0m[2m232:[0m Received consensus output [3mconsensus_commit[0m[2m=[0mCommittedSubDag(leader=B46(B,/w3w), ref=C45(oZbp), blocks=[Gme1, 4ZoU, /w3w]) [3mepoch[0m[2m=[0m0
[2m2025-03-25T07:54:25.771329Z[0m [32m INFO[0m [1mnode[0m[1m{[0m[3mname[0m[2m=[0mk#8dcff6d1..[1m}[0m[2m:[0m [2msui_core::checkpoints[0m[2m:[0m [2mcrates/sui-core/src/checkpoints/mod.rs[0m[2m:[0m[2m1326:[0m Creating checkpoint(s) for 1 transactions [3mnext_checkpoint_seq[0m[2m=[0m82 [3mcheckpoint_timestamp[0m[2m=[0m1742889265168
[2m2025-03-25T07:54:25.771329Z[0m [32m INFO[0m [1mnode[0m[1m{[0m[3mname[0m[2m=[0mk#addeef94..[1m}[0m[2m:[0m [2msui_core::checkpoints[0m[2m:[0m [2mcrates/sui-core/src/checkpoints/mod.rs[0m[2m:[0m[2m1326:[0m Creating checkpoint(s) for 1 transactions [3mnext_checkpoint_seq[0m[2m=[0m82 [3mcheckpoint_timestamp[0m[2m=[0m1742889265168
[2m2025-03-25T07:54:25.771572Z[0m [32m INFO[0m [1mnode[0m[1m{[0m[3mname[0m[2m=[0mk#8dcff6d1..[1m}[0m[2m:[0m [2msui_core::checkpoints::checkpoint_output[0m[2m:[0m [2mcrates/sui-core/src/checkpoints/checkpoint_output.rs[0m[2m:[0m[2m149:[0m Creating checkpoint CheckpointDigest(B85NrpjKmSsNLccwa8npAj33DrSdmECvwqzEWM7rRkC3) at epoch 0, sequence 82, previous digest Some(CheckpointDigest(5YWExiqsNMGuYSVu35T9CWjgiLkh1eP2gqrb4ngws1v7)), transactions count 1, content digest CheckpointContentsDigest(5o5ayV7EbPX117toy9FpcQzicoZeLxnydkgwjTog34ru), end_of_epoch_data None
[2m2025-03-25T07:54:25.771572Z[0m [32m INFO[0m [1mnode[0m[1m{[0m[3mname[0m[2m=[0mk#addeef94..[1m}[0m[2m:[0m [2msui_core::checkpoints::checkpoint_output[0m[2m:[0m [2mcrates/sui-core/src/checkpoints/checkpoint_output.rs[0m[2m:[0m[2m149:[0m Creating checkpoint CheckpointDigest(B85NrpjKmSsNLccwa8npAj33DrSdmECvwqzEWM7rRkC3) at epoch 0, sequence 82, previous digest Some(CheckpointDigest(5YWExiqsNMGuYSVu35T9CWjgiLkh1eP2gqrb4ngws1v7)), transactions count 1, content digest CheckpointContentsDigest(5o5ayV7EbPX117toy9FpcQzicoZeLxnydkgwjTog34ru), end_of_epoch_data None
[2m2025-03-25T07:54:25.774847Z[0m [32m INFO[0m [1mnode[0m[1m{[0m[3mname[0m[2m=[0mk#99f25ef6..[1m}[0m[2m:[0m [2msui_core::checkpoints[0m[2m:[0m [2mcrates/sui-core/src/checkpoints/mod.rs[0m[2m:[0m[2m1326:[0m Creating checkpoint(s) for 1 transactions [3mnext_checkpoint_seq[0m[2m=[0m82 [3mcheckpoint_timestamp[0m[2m=[0m1742889265168
[2m2025-03-25T07:54:25.775018Z[0m [32m INFO[0m [1mnode[0m[1m{[0m[3mname[0m[2m=[0mk#99f25ef6..[1m}[0m[2m:[0m [2msui_core::checkpoints::checkpoint_output[0m[2m:[0m [2mcrates/sui-core/src/checkpoints/checkpoint_output.rs[0m[2m:[0m[2m149:[0m Creating checkpoint CheckpointDigest(B85NrpjKmSsNLccwa8npAj33DrSdmECvwqzEWM7rRkC3) at epoch 0, sequence 82, previous digest Some(CheckpointDigest(5YWExiqsNMGuYSVu35T9CWjgiLkh1eP2gqrb4ngws1v7)), transactions count 1, content digest CheckpointContentsDigest(5o5ayV7EbPX117toy9FpcQzicoZeLxnydkgwjTog34ru), end_of_epoch_data None
[2m2025-03-25T07:54:25.776119Z[0m [32m INFO[0m [1mnode[0m[1m{[0m[3mname[0m[2m=[0mk#8dcff6d1..[1m}[0m[2m:[0m [2msui_core::checkpoints::checkpoint_output[0m[2m:[0m [2mcrates/sui-core/src/checkpoints/checkpoint_output.rs[0m[2m:[0m[2m196:[0m Certified checkpoint with sequence 80 and digest DPB8A4hH6Tv4iJePby9WtfUECVVQrhZCUXG5Vh5sVCu5
[2m2025-03-25T07:54:25.776142Z[0m [32m INFO[0m [1mnode[0m[1m{[0m[3mname[0m[2m=[0mk#8dcff6d1..[1m}[0m[2m:[0m [2msui_core::checkpoints::checkpoint_output[0m[2m:[0m [2mcrates/sui-core/src/checkpoints/checkpoint_output.rs[0m[2m:[0m[2m196:[0m Certified checkpoint with sequence 81 and digest 5YWExiqsNMGuYSVu35T9CWjgiLkh1eP2gqrb4ngws1v7
[2m2025-03-25T07:54:25.777020Z[0m [32m INFO[0m [1mnode[0m[1m{[0m[3mname[0m[2m=[0mk#8dcff6d1..[1m}[0m[2m:[0m [2msui_core::checkpoints::checkpoint_executor[0m[2m:[0m [2mcrates/sui-core/src/checkpoints/checkpoint_executor/mod.rs[0m[2m:[0m[2m332:[0m Received checkpoint summary from state sync [3msequence_number[0m[2m=[0m80
[2m2025-03-25T07:54:25.777132Z[0m [32m INFO[0m [1mnode[0m[1m{[0m[3mname[0m[2m=[0mk#99f25ef6..[1m}[0m[2m:[0m [2mconsensus_core::commit_syncer[0m[2m:[0m [2mconsensus/core/src/commit_syncer.rs[0m[2m:[0m[2m196:[0m Checking to schedule fetches: synced_commit_index=45, highest_handled_index=45, highest_scheduled_index=0, quorum_commit_index=44, unhandled_commits_threshold=3200
[2m2025-03-25T07:54:25.777156Z[0m [32m INFO[0m [1mnode[0m[1m{[0m[3mname[0m[2m=[0mk#8dcff6d1..[1m}[0m[2m:[0m [2msui_core::checkpoints::checkpoint_executor[0m[2m:[0m [2mcrates/sui-core/src/checkpoints/checkpoint_executor/mod.rs[0m[2m:[0m[2m332:[0m Received checkpoint summary from state sync [3msequence_number[0m[2m=[0m81
[2m2025-03-25T07:54:25.778830Z[0m [32m INFO[0m [1mnode[0m[1m{[0m[3mname[0m[2m=[0mk#8dcff6d1..[1m}[0m[2m:[0m [2msui_core::state_accumulator[0m[2m:[0m [2mcrates/sui-core/src/state_accumulator.rs[0m[2m:[0m[2m675:[0m accumulating running root for checkpoint 80
[2m2025-03-25T07:54:25.779267Z[0m [32m INFO[0m [1mnode[0m[1m{[0m[3mname[0m[2m=[0mk#8dcff6d1..[1m}[0m[2m:[0m [2msui_core::state_accumulator[0m[2m:[0m [2mcrates/sui-core/src/state_accumulator.rs[0m[2m:[0m[2m675:[0m accumulating running root for checkpoint 81
[2m2025-03-25T07:54:25.779411Z[0m [32m INFO[0m [1mnode[0m[1m{[0m[3mname[0m[2m=[0mk#99f25ef6..[1m}[0m[2m:[0m [2msui_core::checkpoints::checkpoint_output[0m[2m:[0m [2mcrates/sui-core/src/checkpoints/checkpoint_output.rs[0m[2m:[0m[2m196:[0m Certified checkpoint with sequence 80 and digest DPB8A4hH6Tv4iJePby9WtfUECVVQrhZCUXG5Vh5sVCu5
[2m2025-03-25T07:54:25.779430Z[0m [32m INFO[0m [1mnode[0m[1m{[0m[3mname[0m[2m=[0mk#99f25ef6..[1m}[0m[2m:[0m [2msui_core::checkpoints::checkpoint_output[0m[2m:[0m [2mcrates/sui-core/src/checkpoints/checkpoint_output.rs[0m[2m:[0m[2m196:[0m Certified checkpoint with sequence 81 and digest 5YWExiqsNMGuYSVu35T9CWjgiLkh1eP2gqrb4ngws1v7
[2m2025-03-25T07:54:25.780336Z[0m [32m INFO[0m [1mnode[0m[1m{[0m[3mname[0m[2m=[0mk#99f25ef6..[1m}[0m[2m:[0m [2msui_core::checkpoints::checkpoint_executor[0m[2m:[0m [2mcrates/sui-core/src/checkpoints/checkpoint_executor/mod.rs[0m[2m:[0m[2m332:[0m Received checkpoint summary from state sync [3msequence_number[0m[2m=[0m80
[2m2025-03-25T07:54:25.780455Z[0m [32m INFO[0m [1mnode[0m[1m{[0m[3mname[0m[2m=[0mk#99f25ef6..[1m}[0m[2m:[0m [2msui_core::checkpoints::checkpoint_executor[0m[2m:[0m [2mcrates/sui-core/src/checkpoints/checkpoint_executor/mod.rs[0m[2m:[0m[2m332:[0m Received checkpoint summary from state sync [3msequence_number[0m[2m=[0m81
[2m2025-03-25T07:54:25.782079Z[0m [32m INFO[0m [1mnode[0m[1m{[0m[3mname[0m[2m=[0mk#99f25ef6..[1m}[0m[2m:[0m [2msui_core::state_accumulator[0m[2m:[0m [2mcrates/sui-core/src/state_accumulator.rs[0m[2m:[0m[2m675:[0m accumulating running root for checkpoint 80
[2m2025-03-25T07:54:25.782491Z[0m [32m INFO[0m [1mnode[0m[1m{[0m[3mname[0m[2m=[0mk#99f25ef6..[1m}[0m[2m:[0m [2msui_core::state_accumulator[0m[2m:[0m [2mcrates/sui-core/src/state_accumulator.rs[0m[2m:[0m[2m675:[0m accumulating running root for checkpoint 81
[2m2025-03-25T07:54:25.874686Z[0m [32m INFO[0m [1mnode[0m[1m{[0m[3mname[0m[2m=[0mk#addeef94..[1m}[0m[2m:[0m [2msui_core::checkpoints[0m[2m:[0m [2mcrates/sui-core/src/checkpoints/mod.rs[0m[2m:[0m[2m1326:[0m Creating checkpoint(s) for 1 transactions [3mnext_checkpoint_seq[0m[2m=[0m83 [3mcheckpoint_timestamp[0m[2m=[0m1742889265168
[2m2025-03-25T07:54:25.874959Z[0m [32m INFO[0m [1mnode[0m[1m{[0m[3mname[0m[2m=[0mk#addeef94..[1m}[0m[2m:[0m [2msui_core::checkpoints::checkpoint_output[0m[2m:[0m [2mcrates/sui-core/src/checkpoints/checkpoint_output.rs[0m[2m:[0m[2m149:[0m Creating checkpoint CheckpointDigest(VgG8aTbWFDSN2U9MMcQXAZvUaKRmyySLUW5a1cQ2YXC) at epoch 0, sequence 83, previous digest Some(CheckpointDigest(B85NrpjKmSsNLccwa8npAj33DrSdmECvwqzEWM7rRkC3)), transactions count 1, content digest CheckpointContentsDigest(9eEKrLcZopKCV42VLV5BXxFdnMNs96xdRGuDyBi3tk8f), end_of_epoch_data None
[2m2025-03-25T07:54:25.885544Z[0m [32m INFO[0m [1mnode[0m[1m{[0m[3mname[0m[2m=[0mk#8dcff6d1..[1m}[0m[2m:[0m [2msui_core::checkpoints[0m[2m:[0m [2mcrates/sui-core/src/checkpoints/mod.rs[0m[2m:[0m[2m1326:[0m Creating checkpoint(s) for 1 transactions [3mnext_checkpoint_seq[0m[2m=[0m83 [3mcheckpoint_timestamp[0m[2m=[0m1742889265168
[2m2025-03-25T07:54:25.885742Z[0m [32m INFO[0m [1mnode[0m[1m{[0m[3mname[0m[2m=[0mk#8dcff6d1..[1m}[0m[2m:[0m [2msui_core::checkpoints::checkpoint_output[0m[2m:[0m [2mcrates/sui-core/src/checkpoints/checkpoint_output.rs[0m[2m:[0m[2m149:[0m Creating checkpoint CheckpointDigest(VgG8aTbWFDSN2U9MMcQXAZvUaKRmyySLUW5a1cQ2YXC) at epoch 0, sequence 83, previous digest Some(CheckpointDigest(B85NrpjKmSsNLccwa8npAj33DrSdmECvwqzEWM7rRkC3)), transactions count 1, content digest CheckpointContentsDigest(9eEKrLcZopKCV42VLV5BXxFdnMNs96xdRGuDyBi3tk8f), end_of_epoch_data None
[2m2025-03-25T07:54:25.886513Z[0m [32m INFO[0m [1mnode[0m[1m{[0m[3mname[0m[2m=[0mk#addeef94..[1m}[0m[2m:[0m [2msui_core::checkpoints::checkpoint_executor[0m[2m:[0m [2mcrates/sui-core/src/checkpoints/checkpoint_executor/mod.rs[0m[2m:[0m[2m332:[0m Received checkpoint summary from state sync [3msequence_number[0m[2m=[0m80
[2m2025-03-25T07:54:25.886639Z[0m [32m INFO[0m [1mnode[0m[1m{[0m[3mname[0m[2m=[0mk#addeef94..[1m}[0m[2m:[0m [2msui_core::checkpoints::checkpoint_executor[0m[2m:[0m [2mcrates/sui-core/src/checkpoints/checkpoint_executor/mod.rs[0m[2m:[0m[2m332:[0m Received checkpoint summary from state sync [3msequence_number[0m[2m=[0m81
[2m2025-03-25T07:54:25.887971Z[0m [32m INFO[0m [1mnode[0m[1m{[0m[3mname[0m[2m=[0mk#addeef94..[1m}[0m[2m:[0m [2msui_core::state_accumulator[0m[2m:[0m [2mcrates/sui-core/src/state_accumulator.rs[0m[2m:[0m[2m675:[0m accumulating running root for checkpoint 80
[2m2025-03-25T07:54:25.888405Z[0m [32m INFO[0m [1mnode[0m[1m{[0m[3mname[0m[2m=[0mk#addeef94..[1m}[0m[2m:[0m [2msui_core::state_accumulator[0m[2m:[0m [2mcrates/sui-core/src/state_accumulator.rs[0m[2m:[0m[2m675:[0m accumulating running root for checkpoint 81
[2m2025-03-25T07:54:25.889726Z[0m [32m INFO[0m [1mnode[0m[1m{[0m[3mname[0m[2m=[0mk#99f25ef6..[1m}[0m[2m:[0m [2msui_core::checkpoints[0m[2m:[0m [2mcrates/sui-core/src/checkpoints/mod.rs[0m[2m:[0m[2m1326:[0m Creating checkpoint(s) for 1 transactions [3mnext_checkpoint_seq[0m[2m=[0m83 [3mcheckpoint_timestamp[0m[2m=[0m1742889265168
[2m2025-03-25T07:54:25.889906Z[0m [32m INFO[0m [1mnode[0m[1m{[0m[3mname[0m[2m=[0mk#99f25ef6..[1m}[0m[2m:[0m [2msui_core::checkpoints::checkpoint_output[0m[2m:[0m [2mcrates/sui-core/src/checkpoints/checkpoint_output.rs[0m[2m:[0m[2m149:[0m Creating checkpoint CheckpointDigest(VgG8aTbWFDSN2U9MMcQXAZvUaKRmyySLUW5a1cQ2YXC) at epoch 0, sequence 83, previous digest Some(CheckpointDigest(B85NrpjKmSsNLccwa8npAj33DrSdmECvwqzEWM7rRkC3)), transactions count 1, content digest CheckpointContentsDigest(9eEKrLcZopKCV42VLV5BXxFdnMNs96xdRGuDyBi3tk8f), end_of_epoch_data None
[2m2025-03-25T07:54:25.932181Z[0m [32m INFO[0m [1mnode[0m[1m{[0m[3mname[0m[2m=[0mk#addeef94..[1m}[0m[2m:[0m [2mconsensus_core::core[0m[2m:[0m [2mconsensus/core/src/core.rs[0m[2m:[0m[2m531:[0m Created block B49(C,6DzWM+7NBhn2F/Ko38faNPU3mElLLwE2NrTCwLqFgFA=)(1742889265931ms;[B48(C,l9yvwivmDrvo/0q0E83hTdprryrldrc3kJEUGTQ8aWE=), B48(A,cJmD3+Y1uM1UE64DLOb+p/En2nTOQGazDearIStBLT4=), B48(B,2OgMbUGAtOoFm7LGM77ersp00D8MwD36+v4jo+yZtAs=)];2t;1c) for round 49
[2m2025-03-25T07:54:25.934504Z[0m [32m INFO[0m [1mnode[0m[1m{[0m[3mname[0m[2m=[0mk#8dcff6d1..[1m}[0m[2m:[0m [2mconsensus_core::core[0m[2m:[0m [2mconsensus/core/src/core.rs[0m[2m:[0m[2m531:[0m Created block B49(A,/2d9dw97RI+xtRmZdLUM5P1SvdC24IyOCDPcuImMzgc=)(1742889265934ms;[B48(A,cJmD3+Y1uM1UE64DLOb+p/En2nTOQGazDearIStBLT4=), B48(B,2OgMbUGAtOoFm7LGM77ersp00D8MwD36+v4jo+yZtAs=), B48(C,l9yvwivmDrvo/0q0E83hTdprryrldrc3kJEUGTQ8aWE=)];2t;1c) for round 49
[2m2025-03-25T07:54:25.934675Z[0m [32m INFO[0m [1mnode[0m[1m{[0m[3mname[0m[2m=[0mk#8dcff6d1..[1m}[0m[2m:[0m [2mconsensus_core::core[0m[2m:[0m [2mconsensus/core/src/core.rs[0m[2m:[0m[2m630:[0m Committing 1 leaders: B47(A,4ixJ)
[2m2025-03-25T07:54:25.934761Z[0m [32m INFO[0m [1mnode[0m[1m{[0m[3mname[0m[2m=[0mk#8dcff6d1..[1m}[0m[2m:[0m [2mconsensus_core::commit_observer[0m[2m:[0m [2mconsensus/core/src/commit_observer.rs[0m[2m:[0m[2m173:[0m Consensus commit C46(4Ax6) with leader B47(A,4ixJ) has 3 blocks
[2m2025-03-25T07:54:25.934860Z[0m [32m INFO[0m [1mnode[0m[1m{[0m[3mname[0m[2m=[0mk#99f25ef6..[1m}[0m[2m:[0m [2mconsensus_core::core[0m[2m:[0m [2mconsensus/core/src/core.rs[0m[2m:[0m[2m531:[0m Created block B49(B,uIqx8kzc6blKE9Vmph6vbH4Noujl4iZcTW631KIlzrs=)(1742889265934ms;[B48(B,2OgMbUGAtOoFm7LGM77ersp00D8MwD36+v4jo+yZtAs=), B48(A,cJmD3+Y1uM1UE64DLOb+p/En2nTOQGazDearIStBLT4=), B48(C,l9yvwivmDrvo/0q0E83hTdprryrldrc3kJEUGTQ8aWE=)];2t;1c) for round 49
[2m2025-03-25T07:54:25.934934Z[0m [32m INFO[0m [1mnode[0m[1m{[0m[3mname[0m[2m=[0mk#99f25ef6..[1m}[0m[2m:[0m [2mconsensus_core::core[0m[2m:[0m [2mconsensus/core/src/core.rs[0m[2m:[0m[2m630:[0m Committing 1 leaders: B47(A,4ixJ)
[2m2025-03-25T07:54:25.934994Z[0m [32m INFO[0m [1mnode[0m[1m{[0m[3mname[0m[2m=[0mk#99f25ef6..[1m}[0m[2m:[0m [2mconsensus_core::commit_observer[0m[2m:[0m [2mconsensus/core/src/commit_observer.rs[0m[2m:[0m[2m173:[0m Consensus commit C46(4Ax6) with leader B47(A,4ixJ) has 3 blocks
[2m2025-03-25T07:54:25.935079Z[0m [32m INFO[0m [1mnode[0m[1m{[0m[3mname[0m[2m=[0mk#99f25ef6..[1m}[0m[2m:[0m [2msui_core::consensus_handler[0m[2m:[0m [2mcrates/sui-core/src/consensus_handler.rs[0m[2m:[0m[2m232:[0m Received consensus output [3mconsensus_commit[0m[2m=[0mCommittedSubDag(leader=B47(A,4ixJ), ref=C46(4Ax6), blocks=[n8/D, zEAX, 4ixJ]) [3mepoch[0m[2m=[0m0
[2m2025-03-25T07:54:25.935085Z[0m [32m INFO[0m [1mnode[0m[1m{[0m[3mname[0m[2m=[0mk#8dcff6d1..[1m}[0m[2m:[0m [2msui_core::consensus_handler[0m[2m:[0m [2mcrates/sui-core/src/consensus_handler.rs[0m[2m:[0m[2m232:[0m Received consensus output [3mconsensus_commit[0m[2m=[0mCommittedSubDag(leader=B47(A,4ixJ), ref=C46(4Ax6), blocks=[n8/D, zEAX, 4ixJ]) [3mepoch[0m[2m=[0m0
[2m2025-03-25T07:54:25.938076Z[0m [32m INFO[0m [1mnode[0m[1m{[0m[3mname[0m[2m=[0mk#addeef94..[1m}[0m[2m:[0m [2mconsensus_core::core[0m[2m:[0m [2mconsensus/core/src/core.rs[0m[2m:[0m[2m630:[0m Committing 1 leaders: B47(A,4ixJ)
[2m2025-03-25T07:54:25.938161Z[0m [32m INFO[0m [1mnode[0m[1m{[0m[3mname[0m[2m=[0mk#addeef94..[1m}[0m[2m:[0m [2mconsensus_core::commit_observer[0m[2m:[0m [2mconsensus/core/src/commit_observer.rs[0m[2m:[0m[2m173:[0m Consensus commit C46(4Ax6) with leader B47(A,4ixJ) has 3 blocks
[2m2025-03-25T07:54:25.938232Z[0m [32m INFO[0m [1mnode[0m[1m{[0m[3mname[0m[2m=[0mk#addeef94..[1m}[0m[2m:[0m [2msui_core::consensus_handler[0m[2m:[0m [2mcrates/sui-core/src/consensus_handler.rs[0m[2m:[0m[2m232:[0m Received consensus output [3mconsensus_commit[0m[2m=[0mCommittedSubDag(leader=B47(A,4ixJ), ref=C46(4Ax6), blocks=[n8/D, zEAX, 4ixJ]) [3mepoch[0m[2m=[0m0
[2m2025-03-25T07:54:26.022336Z[0m [32m INFO[0m [1mnode[0m[1m{[0m[3mname[0m[2m=[0mk#addeef94..[1m}[0m[2m:[0m [2msui_core::checkpoints[0m[2m:[0m [2mcrates/sui-core/src/checkpoints/mod.rs[0m[2m:[0m[2m1326:[0m Creating checkpoint(s) for 1 transactions [3mnext_checkpoint_seq[0m[2m=[0m84 [3mcheckpoint_timestamp[0m[2m=[0m1742889265422
[2m2025-03-25T07:54:26.022336Z[0m [32m INFO[0m [1mnode[0m[1m{[0m[3mname[0m[2m=[0mk#99f25ef6..[1m}[0m[2m:[0m [2msui_core::checkpoints[0m[2m:[0m [2mcrates/sui-core/src/checkpoints/mod.rs[0m[2m:[0m[2m1326:[0m Creating checkpoint(s) for 1 transactions [3mnext_checkpoint_seq[0m[2m=[0m84 [3mcheckpoint_timestamp[0m[2m=[0m1742889265422
[2m2025-03-25T07:54:26.022338Z[0m [32m INFO[0m [1mnode[0m[1m{[0m[3mname[0m[2m=[0mk#8dcff6d1..[1m}[0m[2m:[0m [2msui_core::checkpoints[0m[2m:[0m [2mcrates/sui-core/src/checkpoints/mod.rs[0m[2m:[0m[2m1326:[0m Creating checkpoint(s) for 1 transactions [3mnext_checkpoint_seq[0m[2m=[0m84 [3mcheckpoint_timestamp[0m[2m=[0m1742889265422
[2m2025-03-25T07:54:26.022601Z[0m [32m INFO[0m [1mnode[0m[1m{[0m[3mname[0m[2m=[0mk#addeef94..[1m}[0m[2m:[0m [2msui_core::checkpoints::checkpoint_output[0m[2m:[0m [2mcrates/sui-core/src/checkpoints/checkpoint_output.rs[0m[2m:[0m[2m149:[0m Creating checkpoint CheckpointDigest(5s8xAxkpTsDRfCdsB6qF8uXSEPrDjxKJhDfjg1uocmyL) at epoch 0, sequence 84, previous digest Some(CheckpointDigest(VgG8aTbWFDSN2U9MMcQXAZvUaKRmyySLUW5a1cQ2YXC)), transactions count 1, content digest CheckpointContentsDigest(9yei3yZGpMuPxzsqRxPHozQigPBfF8N8GCY2EUtwy4h3), end_of_epoch_data None
[2m2025-03-25T07:54:26.022601Z[0m [32m INFO[0m [1mnode[0m[1m{[0m[3mname[0m[2m=[0mk#99f25ef6..[1m}[0m[2m:[0m [2msui_core::checkpoints::checkpoint_output[0m[2m:[0m [2mcrates/sui-core/src/checkpoints/checkpoint_output.rs[0m[2m:[0m[2m149:[0m Creating checkpoint CheckpointDigest(5s8xAxkpTsDRfCdsB6qF8uXSEPrDjxKJhDfjg1uocmyL) at epoch 0, sequence 84, previous digest Some(CheckpointDigest(VgG8aTbWFDSN2U9MMcQXAZvUaKRmyySLUW5a1cQ2YXC)), transactions count 1, content digest CheckpointContentsDigest(9yei3yZGpMuPxzsqRxPHozQigPBfF8N8GCY2EUtwy4h3), end_of_epoch_data None
[2m2025-03-25T07:54:26.022601Z[0m [32m INFO[0m [1mnode[0m[1m{[0m[3mname[0m[2m=[0mk#8dcff6d1..[1m}[0m[2m:[0m [2msui_core::checkpoints::checkpoint_output[0m[2m:[0m [2mcrates/sui-core/src/checkpoints/checkpoint_output.rs[0m[2m:[0m[2m149:[0m Creating checkpoint CheckpointDigest(5s8xAxkpTsDRfCdsB6qF8uXSEPrDjxKJhDfjg1uocmyL) at epoch 0, sequence 84, previous digest Some(CheckpointDigest(VgG8aTbWFDSN2U9MMcQXAZvUaKRmyySLUW5a1cQ2YXC)), transactions count 1, content digest CheckpointContentsDigest(9yei3yZGpMuPxzsqRxPHozQigPBfF8N8GCY2EUtwy4h3), end_of_epoch_data None
[2m2025-03-25T07:54:26.027225Z[0m [32m INFO[0m [1mnode[0m[1m{[0m[3mname[0m[2m=[0mk#99f25ef6..[1m}[0m[2m:[0m [2msui_core::checkpoints::checkpoint_output[0m[2m:[0m [2mcrates/sui-core/src/checkpoints/checkpoint_output.rs[0m[2m:[0m[2m196:[0m Certified checkpoint with sequence 82 and digest B85NrpjKmSsNLccwa8npAj33DrSdmECvwqzEWM7rRkC3
[2m2025-03-25T07:54:26.027234Z[0m [32m INFO[0m [1mnode[0m[1m{[0m[3mname[0m[2m=[0mk#8dcff6d1..[1m}[0m[2m:[0m [2msui_core::checkpoints::checkpoint_output[0m[2m:[0m [2mcrates/sui-core/src/checkpoints/checkpoint_output.rs[0m[2m:[0m[2m196:[0m Certified checkpoint with sequence 82 and digest B85NrpjKmSsNLccwa8npAj33DrSdmECvwqzEWM7rRkC3
[2m2025-03-25T07:54:26.027249Z[0m [32m INFO[0m [1mnode[0m[1m{[0m[3mname[0m[2m=[0mk#99f25ef6..[1m}[0m[2m:[0m [2msui_core::checkpoints::checkpoint_output[0m[2m:[0m [2mcrates/sui-core/src/checkpoints/checkpoint_output.rs[0m[2m:[0m[2m196:[0m Certified checkpoint with sequence 83 and digest VgG8aTbWFDSN2U9MMcQXAZvUaKRmyySLUW5a1cQ2YXC
[2m2025-03-25T07:54:26.027253Z[0m [32m INFO[0m [1mnode[0m[1m{[0m[3mname[0m[2m=[0mk#8dcff6d1..[1m}[0m[2m:[0m [2msui_core::checkpoints::checkpoint_output[0m[2m:[0m [2mcrates/sui-core/src/checkpoints/checkpoint_output.rs[0m[2m:[0m[2m196:[0m Certified checkpoint with sequence 83 and digest VgG8aTbWFDSN2U9MMcQXAZvUaKRmyySLUW5a1cQ2YXC
[2m2025-03-25T07:54:26.028142Z[0m [32m INFO[0m [1mnode[0m[1m{[0m[3mname[0m[2m=[0mk#8dcff6d1..[1m}[0m[2m:[0m [2msui_core::checkpoints::checkpoint_executor[0m[2m:[0m [2mcrates/sui-core/src/checkpoints/checkpoint_executor/mod.rs[0m[2m:[0m[2m332:[0m Received checkpoint summary from state sync [3msequence_number[0m[2m=[0m82
[2m2025-03-25T07:54:26.028155Z[0m [32m INFO[0m [1mnode[0m[1m{[0m[3mname[0m[2m=[0mk#99f25ef6..[1m}[0m[2m:[0m [2msui_core::checkpoints::checkpoint_executor[0m[2m:[0m [2mcrates/sui-core/src/checkpoints/checkpoint_executor/mod.rs[0m[2m:[0m[2m332:[0m Received checkpoint summary from state sync [3msequence_number[0m[2m=[0m82
[2m2025-03-25T07:54:26.028271Z[0m [32m INFO[0m [1mnode[0m[1m{[0m[3mname[0m[2m=[0mk#99f25ef6..[1m}[0m[2m:[0m [2msui_core::checkpoints::checkpoint_executor[0m[2m:[0m [2mcrates/sui-core/src/checkpoints/checkpoint_executor/mod.rs[0m[2m:[0m[2m332:[0m Received checkpoint summary from state sync [3msequence_number[0m[2m=[0m83
[2m2025-03-25T07:54:26.028279Z[0m [32m INFO[0m [1mnode[0m[1m{[0m[3mname[0m[2m=[0mk#8dcff6d1..[1m}[0m[2m:[0m [2msui_core::checkpoints::checkpoint_executor[0m[2m:[0m [2mcrates/sui-core/src/checkpoints/checkpoint_executor/mod.rs[0m[2m:[0m[2m332:[0m Received checkpoint summary from state sync [3msequence_number[0m[2m=[0m83
[2m2025-03-25T07:54:26.030016Z[0m [32m INFO[0m [1mnode[0m[1m{[0m[3mname[0m[2m=[0mk#99f25ef6..[1m}[0m[2m:[0m [2msui_core::state_accumulator[0m[2m:[0m [2mcrates/sui-core/src/state_accumulator.rs[0m[2m:[0m[2m675:[0m accumulating running root for checkpoint 82
[2m2025-03-25T07:54:26.030019Z[0m [32m INFO[0m [1mnode[0m[1m{[0m[3mname[0m[2m=[0mk#8dcff6d1..[1m}[0m[2m:[0m [2msui_core::state_accumulator[0m[2m:[0m [2mcrates/sui-core/src/state_accumulator.rs[0m[2m:[0m[2m675:[0m accumulating running root for checkpoint 82
[2m2025-03-25T07:54:26.030455Z[0m [32m INFO[0m [1mnode[0m[1m{[0m[3mname[0m[2m=[0mk#99f25ef6..[1m}[0m[2m:[0m [2msui_core::state_accumulator[0m[2m:[0m [2mcrates/sui-core/src/state_accumulator.rs[0m[2m:[0m[2m675:[0m accumulating running root for checkpoint 83
[2m2025-03-25T07:54:26.030461Z[0m [32m INFO[0m [1mnode[0m[1m{[0m[3mname[0m[2m=[0mk#8dcff6d1..[1m}[0m[2m:[0m [2msui_core::state_accumulator[0m[2m:[0m [2mcrates/sui-core/src/state_accumulator.rs[0m[2m:[0m[2m675:[0m accumulating running root for checkpoint 83
[2m2025-03-25T07:54:26.133165Z[0m [32m INFO[0m [1mnode[0m[1m{[0m[3mname[0m[2m=[0mk#addeef94..[1m}[0m[2m:[0m [2msui_core::checkpoints[0m[2m:[0m [2mcrates/sui-core/src/checkpoints/mod.rs[0m[2m:[0m[2m1326:[0m Creating checkpoint(s) for 1 transactions [3mnext_checkpoint_seq[0m[2m=[0m85 [3mcheckpoint_timestamp[0m[2m=[0m1742889265422
[2m2025-03-25T07:54:26.133437Z[0m [32m INFO[0m [1mnode[0m[1m{[0m[3mname[0m[2m=[0mk#addeef94..[1m}[0m[2m:[0m [2msui_core::checkpoints::checkpoint_output[0m[2m:[0m [2mcrates/sui-core/src/checkpoints/checkpoint_output.rs[0m[2m:[0m[2m149:[0m Creating checkpoint CheckpointDigest(EvGZLZJCgxfxE1MuPcP7JDUKBxLLiQNwWnK8yyiHpfRs) at epoch 0, sequence 85, previous digest Some(CheckpointDigest(5s8xAxkpTsDRfCdsB6qF8uXSEPrDjxKJhDfjg1uocmyL)), transactions count 1, content digest CheckpointContentsDigest(2a2wMiAKCXnJ3XLDJTpk5PoyYwpxCeWDZCiNLw6dGhV8), end_of_epoch_data None
[2m2025-03-25T07:54:26.135985Z[0m [32m INFO[0m [1mnode[0m[1m{[0m[3mname[0m[2m=[0mk#8dcff6d1..[1m}[0m[2m:[0m [2msui_core::checkpoints[0m[2m:[0m [2mcrates/sui-core/src/checkpoints/mod.rs[0m[2m:[0m[2m1326:[0m Creating checkpoint(s) for 1 transactions [3mnext_checkpoint_seq[0m[2m=[0m85 [3mcheckpoint_timestamp[0m[2m=[0m1742889265422
[2m2025-03-25T07:54:26.136180Z[0m [32m INFO[0m [1mnode[0m[1m{[0m[3mname[0m[2m=[0mk#8dcff6d1..[1m}[0m[2m:[0m [2msui_core::checkpoints::checkpoint_output[0m[2m:[0m [2mcrates/sui-core/src/checkpoints/checkpoint_output.rs[0m[2m:[0m[2m149:[0m Creating checkpoint CheckpointDigest(EvGZLZJCgxfxE1MuPcP7JDUKBxLLiQNwWnK8yyiHpfRs) at epoch 0, sequence 85, previous digest Some(CheckpointDigest(5s8xAxkpTsDRfCdsB6qF8uXSEPrDjxKJhDfjg1uocmyL)), transactions count 1, content digest CheckpointContentsDigest(2a2wMiAKCXnJ3XLDJTpk5PoyYwpxCeWDZCiNLw6dGhV8), end_of_epoch_data None
[2m2025-03-25T07:54:26.137649Z[0m [32m INFO[0m [1mnode[0m[1m{[0m[3mname[0m[2m=[0mk#addeef94..[1m}[0m[2m:[0m [2msui_core::checkpoints::checkpoint_executor[0m[2m:[0m [2mcrates/sui-core/src/checkpoints/checkpoint_executor/mod.rs[0m[2m:[0m[2m332:[0m Received checkpoint summary from state sync [3msequence_number[0m[2m=[0m82
[2m2025-03-25T07:54:26.137777Z[0m [32m INFO[0m [1mnode[0m[1m{[0m[3mname[0m[2m=[0mk#addeef94..[1m}[0m[2m:[0m [2msui_core::checkpoints::checkpoint_executor[0m[2m:[0m [2mcrates/sui-core/src/checkpoints/checkpoint_executor/mod.rs[0m[2m:[0m[2m332:[0m Received checkpoint summary from state sync [3msequence_number[0m[2m=[0m83
[2m2025-03-25T07:54:26.138704Z[0m [32m INFO[0m [1mnode[0m[1m{[0m[3mname[0m[2m=[0mk#99f25ef6..[1m}[0m[2m:[0m [2msui_core::checkpoints[0m[2m:[0m [2mcrates/sui-core/src/checkpoints/mod.rs[0m[2m:[0m[2m1326:[0m Creating checkpoint(s) for 1 transactions [3mnext_checkpoint_seq[0m[2m=[0m85 [3mcheckpoint_timestamp[0m[2m=[0m1742889265422
[2m2025-03-25T07:54:26.138887Z[0m [32m INFO[0m [1mnode[0m[1m{[0m[3mname[0m[2m=[0mk#99f25ef6..[1m}[0m[2m:[0m [2msui_core::checkpoints::checkpoint_output[0m[2m:[0m [2mcrates/sui-core/src/checkpoints/checkpoint_output.rs[0m[2m:[0m[2m149:[0m Creating checkpoint CheckpointDigest(EvGZLZJCgxfxE1MuPcP7JDUKBxLLiQNwWnK8yyiHpfRs) at epoch 0, sequence 85, previous digest Some(CheckpointDigest(5s8xAxkpTsDRfCdsB6qF8uXSEPrDjxKJhDfjg1uocmyL)), transactions count 1, content digest CheckpointContentsDigest(2a2wMiAKCXnJ3XLDJTpk5PoyYwpxCeWDZCiNLw6dGhV8), end_of_epoch_data None
[2m2025-03-25T07:54:26.139082Z[0m [32m INFO[0m [1mnode[0m[1m{[0m[3mname[0m[2m=[0mk#addeef94..[1m}[0m[2m:[0m [2msui_core::state_accumulator[0m[2m:[0m [2mcrates/sui-core/src/state_accumulator.rs[0m[2m:[0m[2m675:[0m accumulating running root for checkpoint 82
[2m2025-03-25T07:54:26.139516Z[0m [32m INFO[0m [1mnode[0m[1m{[0m[3mname[0m[2m=[0mk#addeef94..[1m}[0m[2m:[0m [2msui_core::state_accumulator[0m[2m:[0m [2mcrates/sui-core/src/state_accumulator.rs[0m[2m:[0m[2m675:[0m accumulating running root for checkpoint 83
[2m2025-03-25T07:54:26.177865Z[0m [32m INFO[0m [1mnode[0m[1m{[0m[3mname[0m[2m=[0mk#addeef94..[1m}[0m[2m:[0m [2mconsensus_core::commit_syncer[0m[2m:[0m [2mconsensus/core/src/commit_syncer.rs[0m[2m:[0m[2m196:[0m Checking to schedule fetches: synced_commit_index=46, highest_handled_index=46, highest_scheduled_index=0, quorum_commit_index=0, unhandled_commits_threshold=3200
[2m2025-03-25T07:54:26.186937Z[0m [32m INFO[0m [1mnode[0m[1m{[0m[3mname[0m[2m=[0mk#99f25ef6..[1m}[0m[2m:[0m [2mconsensus_core::core[0m[2m:[0m [2mconsensus/core/src/core.rs[0m[2m:[0m[2m531:[0m Created block B50(B,vLnDADlJuj/SSFvs5w85HxkcZXv1ZkiY2czsUUQdVKw=)(1742889266186ms;[B49(B,uIqx8kzc6blKE9Vmph6vbH4Noujl4iZcTW631KIlzrs=), B49(A,/2d9dw97RI+xtRmZdLUM5P1SvdC24IyOCDPcuImMzgc=), B49(C,6DzWM+7NBhn2F/Ko38faNPU3mElLLwE2NrTCwLqFgFA=)];2t;1c) for round 50
[2m2025-03-25T07:54:26.186967Z[0m [32m INFO[0m [1mnode[0m[1m{[0m[3mname[0m[2m=[0mk#8dcff6d1..[1m}[0m[2m:[0m [2mconsensus_core::core[0m[2m:[0m [2mconsensus/core/src/core.rs[0m[2m:[0m[2m531:[0m Created block B50(A,jb8LaXlVBa1fNkIKuoJoC0BDT/qrNps/VI1Fo89NFVI=)(1742889266186ms;[B49(A,/2d9dw97RI+xtRmZdLUM5P1SvdC24IyOCDPcuImMzgc=), B49(B,uIqx8kzc6blKE9Vmph6vbH4Noujl4iZcTW631KIlzrs=), B49(C,6DzWM+7NBhn2F/Ko38faNPU3mElLLwE2NrTCwLqFgFA=)];2t;1c) for round 50
[2m2025-03-25T07:54:26.189670Z[0m [32m INFO[0m [1mnode[0m[1m{[0m[3mname[0m[2m=[0mk#addeef94..[1m}[0m[2m:[0m [2mconsensus_core::core[0m[2m:[0m [2mconsensus/core/src/core.rs[0m[2m:[0m[2m531:[0m Created block B50(C,FWOP2UfLNVbxfxsuW4WC1baQkzAFozri3sYv5XasV24=)(1742889266189ms;[B49(C,6DzWM+7NBhn2F/Ko38faNPU3mElLLwE2NrTCwLqFgFA=), B49(A,/2d9dw97RI+xtRmZdLUM5P1SvdC24IyOCDPcuImMzgc=), B49(B,uIqx8kzc6blKE9Vmph6vbH4Noujl4iZcTW631KIlzrs=)];2t;1c) for round 50
[2m2025-03-25T07:54:26.189750Z[0m [32m INFO[0m [1mnode[0m[1m{[0m[3mname[0m[2m=[0mk#addeef94..[1m}[0m[2m:[0m [2mconsensus_core::core[0m[2m:[0m [2mconsensus/core/src/core.rs[0m[2m:[0m[2m630:[0m Committing 1 leaders: B48(A,cJmD)
[2m2025-03-25T07:54:26.189818Z[0m [32m INFO[0m [1mnode[0m[1m{[0m[3mname[0m[2m=[0mk#addeef94..[1m}[0m[2m:[0m [2mconsensus_core::commit_observer[0m[2m:[0m [2mconsensus/core/src/commit_observer.rs[0m[2m:[0m[2m173:[0m Consensus commit C47(gRMs) with leader B48(A,cJmD) has 3 blocks
[2m2025-03-25T07:54:26.189904Z[0m [32m INFO[0m [1mnode[0m[1m{[0m[3mname[0m[2m=[0mk#addeef94..[1m}[0m[2m:[0m [2msui_core::consensus_handler[0m[2m:[0m [2mcrates/sui-core/src/consensus_handler.rs[0m[2m:[0m[2m232:[0m Received consensus output [3mconsensus_commit[0m[2m=[0mCommittedSubDag(leader=B48(A,cJmD), ref=C47(gRMs), blocks=[qo6t, CiX2, cJmD]) [3mepoch[0m[2m=[0m0
[2m2025-03-25T07:54:26.192799Z[0m [32m INFO[0m [1mnode[0m[1m{[0m[3mname[0m[2m=[0mk#99f25ef6..[1m}[0m[2m:[0m [2mconsensus_core::core[0m[2m:[0m [2mconsensus/core/src/core.rs[0m[2m:[0m[2m630:[0m Committing 1 leaders: B48(A,cJmD)
[2m2025-03-25T07:54:26.192829Z[0m [32m INFO[0m [1mnode[0m[1m{[0m[3mname[0m[2m=[0mk#8dcff6d1..[1m}[0m[2m:[0m [2mconsensus_core::core[0m[2m:[0m [2mconsensus/core/src/core.rs[0m[2m:[0m[2m630:[0m Committing 1 leaders: B48(A,cJmD)
[2m2025-03-25T07:54:26.192879Z[0m [32m INFO[0m [1mnode[0m[1m{[0m[3mname[0m[2m=[0mk#99f25ef6..[1m}[0m[2m:[0m [2mconsensus_core::commit_observer[0m[2m:[0m [2mconsensus/core/src/commit_observer.rs[0m[2m:[0m[2m173:[0m Consensus commit C47(gRMs) with leader B48(A,cJmD) has 3 blocks
[2m2025-03-25T07:54:26.192912Z[0m [32m INFO[0m [1mnode[0m[1m{[0m[3mname[0m[2m=[0mk#8dcff6d1..[1m}[0m[2m:[0m [2mconsensus_core::commit_observer[0m[2m:[0m [2mconsensus/core/src/commit_observer.rs[0m[2m:[0m[2m173:[0m Consensus commit C47(gRMs) with leader B48(A,cJmD) has 3 blocks
[2m2025-03-25T07:54:26.192950Z[0m [32m INFO[0m [1mnode[0m[1m{[0m[3mname[0m[2m=[0mk#99f25ef6..[1m}[0m[2m:[0m [2msui_core::consensus_handler[0m[2m:[0m [2mcrates/sui-core/src/consensus_handler.rs[0m[2m:[0m[2m232:[0m Received consensus output [3mconsensus_commit[0m[2m=[0mCommittedSubDag(leader=B48(A,cJmD), ref=C47(gRMs), blocks=[qo6t, CiX2, cJmD]) [3mepoch[0m[2m=[0m0
[2m2025-03-25T07:54:26.192986Z[0m [32m INFO[0m [1mnode[0m[1m{[0m[3mname[0m[2m=[0mk#8dcff6d1..[1m}[0m[2m:[0m [2msui_core::consensus_handler[0m[2m:[0m [2mcrates/sui-core/src/consensus_handler.rs[0m[2m:[0m[2m232:[0m Received consensus output [3mconsensus_commit[0m[2m=[0mCommittedSubDag(leader=B48(A,cJmD), ref=C47(gRMs), blocks=[qo6t, CiX2, cJmD]) [3mepoch[0m[2m=[0m0
[2m2025-03-25T07:54:26.277351Z[0m [32m INFO[0m [1mnode[0m[1m{[0m[3mname[0m[2m=[0mk#addeef94..[1m}[0m[2m:[0m [2msui_core::checkpoints[0m[2m:[0m [2mcrates/sui-core/src/checkpoints/mod.rs[0m[2m:[0m[2m1326:[0m Creating checkpoint(s) for 1 transactions [3mnext_checkpoint_seq[0m[2m=[0m86 [3mcheckpoint_timestamp[0m[2m=[0m1742889265675
[2m2025-03-25T07:54:26.277471Z[0m [32m INFO[0m [1mnode[0m[1m{[0m[3mname[0m[2m=[0mk#8dcff6d1..[1m}[0m[2m:[0m [2msui_core::checkpoints[0m[2m:[0m [2mcrates/sui-core/src/checkpoints/mod.rs[0m[2m:[0m[2m1326:[0m Creating checkpoint(s) for 1 transactions [3mnext_checkpoint_seq[0m[2m=[0m86 [3mcheckpoint_timestamp[0m[2m=[0m1742889265675
[2m2025-03-25T07:54:26.277613Z[0m [32m INFO[0m [1mnode[0m[1m{[0m[3mname[0m[2m=[0mk#addeef94..[1m}[0m[2m:[0m [2msui_core::checkpoints::checkpoint_output[0m[2m:[0m [2mcrates/sui-core/src/checkpoints/checkpoint_output.rs[0m[2m:[0m[2m149:[0m Creating checkpoint CheckpointDigest(E6Mm2hugPuP3ijMSH3L3Ep2H128iLVNRvM9sD16bp18z) at epoch 0, sequence 86, previous digest Some(CheckpointDigest(EvGZLZJCgxfxE1MuPcP7JDUKBxLLiQNwWnK8yyiHpfRs)), transactions count 1, content digest CheckpointContentsDigest(82JbPJ7DUKV2tu9imcSstHgJ15Th42XGevSdBRUhGwuS), end_of_epoch_data None
[2m2025-03-25T07:54:26.277635Z[0m [32m INFO[0m [1mnode[0m[1m{[0m[3mname[0m[2m=[0mk#8dcff6d1..[1m}[0m[2m:[0m [2msui_core::checkpoints::checkpoint_output[0m[2m:[0m [2mcrates/sui-core/src/checkpoints/checkpoint_output.rs[0m[2m:[0m[2m149:[0m Creating checkpoint CheckpointDigest(E6Mm2hugPuP3ijMSH3L3Ep2H128iLVNRvM9sD16bp18z) at epoch 0, sequence 86, previous digest Some(CheckpointDigest(EvGZLZJCgxfxE1MuPcP7JDUKBxLLiQNwWnK8yyiHpfRs)), transactions count 1, content digest CheckpointContentsDigest(82JbPJ7DUKV2tu9imcSstHgJ15Th42XGevSdBRUhGwuS), end_of_epoch_data None
[2m2025-03-25T07:54:26.277997Z[0m [32m INFO[0m [1mnode[0m[1m{[0m[3mname[0m[2m=[0mk#99f25ef6..[1m}[0m[2m:[0m [2msui_core::checkpoints[0m[2m:[0m [2mcrates/sui-core/src/checkpoints/mod.rs[0m[2m:[0m[2m1326:[0m Creating checkpoint(s) for 1 transactions [3mnext_checkpoint_seq[0m[2m=[0m86 [3mcheckpoint_timestamp[0m[2m=[0m1742889265675
[2m2025-03-25T07:54:26.278166Z[0m [32m INFO[0m [1mnode[0m[1m{[0m[3mname[0m[2m=[0mk#99f25ef6..[1m}[0m[2m:[0m [2msui_core::checkpoints::checkpoint_output[0m[2m:[0m [2mcrates/sui-core/src/checkpoints/checkpoint_output.rs[0m[2m:[0m[2m149:[0m Creating checkpoint CheckpointDigest(E6Mm2hugPuP3ijMSH3L3Ep2H128iLVNRvM9sD16bp18z) at epoch 0, sequence 86, previous digest Some(CheckpointDigest(EvGZLZJCgxfxE1MuPcP7JDUKBxLLiQNwWnK8yyiHpfRs)), transactions count 1, content digest CheckpointContentsDigest(82JbPJ7DUKV2tu9imcSstHgJ15Th42XGevSdBRUhGwuS), end_of_epoch_data None
[2m2025-03-25T07:54:26.282281Z[0m [32m INFO[0m [1mnode[0m[1m{[0m[3mname[0m[2m=[0mk#8dcff6d1..[1m}[0m[2m:[0m [2msui_core::checkpoints::checkpoint_output[0m[2m:[0m [2mcrates/sui-core/src/checkpoints/checkpoint_output.rs[0m[2m:[0m[2m196:[0m Certified checkpoint with sequence 84 and digest 5s8xAxkpTsDRfCdsB6qF8uXSEPrDjxKJhDfjg1uocmyL
[2m2025-03-25T07:54:26.282304Z[0m [32m INFO[0m [1mnode[0m[1m{[0m[3mname[0m[2m=[0mk#8dcff6d1..[1m}[0m[2m:[0m [2msui_core::checkpoints::checkpoint_output[0m[2m:[0m [2mcrates/sui-core/src/checkpoints/checkpoint_output.rs[0m[2m:[0m[2m196:[0m Certified checkpoint with sequence 85 and digest EvGZLZJCgxfxE1MuPcP7JDUKBxLLiQNwWnK8yyiHpfRs
[2m2025-03-25T07:54:26.282584Z[0m [32m INFO[0m [1mnode[0m[1m{[0m[3mname[0m[2m=[0mk#99f25ef6..[1m}[0m[2m:[0m [2msui_core::checkpoints::checkpoint_output[0m[2m:[0m [2mcrates/sui-core/src/checkpoints/checkpoint_output.rs[0m[2m:[0m[2m196:[0m Certified checkpoint with sequence 84 and digest 5s8xAxkpTsDRfCdsB6qF8uXSEPrDjxKJhDfjg1uocmyL
[2m2025-03-25T07:54:26.282603Z[0m [32m INFO[0m [1mnode[0m[1m{[0m[3mname[0m[2m=[0mk#99f25ef6..[1m}[0m[2m:[0m [2msui_core::checkpoints::checkpoint_output[0m[2m:[0m [2mcrates/sui-core/src/checkpoints/checkpoint_output.rs[0m[2m:[0m[2m196:[0m Certified checkpoint with sequence 85 and digest EvGZLZJCgxfxE1MuPcP7JDUKBxLLiQNwWnK8yyiHpfRs
[2m2025-03-25T07:54:26.283175Z[0m [32m INFO[0m [1mnode[0m[1m{[0m[3mname[0m[2m=[0mk#8dcff6d1..[1m}[0m[2m:[0m [2msui_core::checkpoints::checkpoint_executor[0m[2m:[0m [2mcrates/sui-core/src/checkpoints/checkpoint_executor/mod.rs[0m[2m:[0m[2m332:[0m Received checkpoint summary from state sync [3msequence_number[0m[2m=[0m84
[2m2025-03-25T07:54:26.283309Z[0m [32m INFO[0m [1mnode[0m[1m{[0m[3mname[0m[2m=[0mk#8dcff6d1..[1m}[0m[2m:[0m [2msui_core::checkpoints::checkpoint_executor[0m[2m:[0m [2mcrates/sui-core/src/checkpoints/checkpoint_executor/mod.rs[0m[2m:[0m[2m332:[0m Received checkpoint summary from state sync [3msequence_number[0m[2m=[0m85
[2m2025-03-25T07:54:26.283470Z[0m [32m INFO[0m [1mnode[0m[1m{[0m[3mname[0m[2m=[0mk#99f25ef6..[1m}[0m[2m:[0m [2msui_core::checkpoints::checkpoint_executor[0m[2m:[0m [2mcrates/sui-core/src/checkpoints/checkpoint_executor/mod.rs[0m[2m:[0m[2m332:[0m Received checkpoint summary from state sync [3msequence_number[0m[2m=[0m84
[2m2025-03-25T07:54:26.283589Z[0m [32m INFO[0m [1mnode[0m[1m{[0m[3mname[0m[2m=[0mk#99f25ef6..[1m}[0m[2m:[0m [2msui_core::checkpoints::checkpoint_executor[0m[2m:[0m [2mcrates/sui-core/src/checkpoints/checkpoint_executor/mod.rs[0m[2m:[0m[2m332:[0m Received checkpoint summary from state sync [3msequence_number[0m[2m=[0m85
[2m2025-03-25T07:54:26.285046Z[0m [32m INFO[0m [1mnode[0m[1m{[0m[3mname[0m[2m=[0mk#8dcff6d1..[1m}[0m[2m:[0m [2msui_core::state_accumulator[0m[2m:[0m [2mcrates/sui-core/src/state_accumulator.rs[0m[2m:[0m[2m675:[0m accumulating running root for checkpoint 84
[2m2025-03-25T07:54:26.285144Z[0m [32m INFO[0m [1mnode[0m[1m{[0m[3mname[0m[2m=[0mk#99f25ef6..[1m}[0m[2m:[0m [2msui_core::state_accumulator[0m[2m:[0m [2mcrates/sui-core/src/state_accumulator.rs[0m[2m:[0m[2m675:[0m accumulating running root for checkpoint 84
[2m2025-03-25T07:54:26.285492Z[0m [32m INFO[0m [1mnode[0m[1m{[0m[3mname[0m[2m=[0mk#8dcff6d1..[1m}[0m[2m:[0m [2msui_core::state_accumulator[0m[2m:[0m [2mcrates/sui-core/src/state_accumulator.rs[0m[2m:[0m[2m675:[0m accumulating running root for checkpoint 85
[2m2025-03-25T07:54:26.285568Z[0m [32m INFO[0m [1mnode[0m[1m{[0m[3mname[0m[2m=[0mk#99f25ef6..[1m}[0m[2m:[0m [2msui_core::state_accumulator[0m[2m:[0m [2mcrates/sui-core/src/state_accumulator.rs[0m[2m:[0m[2m675:[0m accumulating running root for checkpoint 85
[2m2025-03-25T07:54:26.369707Z[0m [32m INFO[0m [1mnode[0m[1m{[0m[3mname[0m[2m=[0mk#b3f3cbb4..[1m}[0m[2m:[0m [2msui_core::checkpoints::checkpoint_executor[0m[2m:[0m [2mcrates/sui-core/src/checkpoints/checkpoint_executor/mod.rs[0m[2m:[0m[2m1318:[0m Checkpoint execution took 7.58822725s
[2m2025-03-25T07:54:26.387840Z[0m [32m INFO[0m [1mnode[0m[1m{[0m[3mname[0m[2m=[0mk#addeef94..[1m}[0m[2m:[0m [2msui_core::checkpoints[0m[2m:[0m [2mcrates/sui-core/src/checkpoints/mod.rs[0m[2m:[0m[2m1326:[0m Creating checkpoint(s) for 1 transactions [3mnext_checkpoint_seq[0m[2m=[0m87 [3mcheckpoint_timestamp[0m[2m=[0m1742889265675
[2m2025-03-25T07:54:26.388098Z[0m [32m INFO[0m [1mnode[0m[1m{[0m[3mname[0m[2m=[0mk#addeef94..[1m}[0m[2m:[0m [2msui_core::checkpoints::checkpoint_output[0m[2m:[0m [2mcrates/sui-core/src/checkpoints/checkpoint_output.rs[0m[2m:[0m[2m149:[0m Creating checkpoint CheckpointDigest(C8J3ZLj6tpXDfoxYDnstbBsNBEtz3iFHgLx3eJTQsr6) at epoch 0, sequence 87, previous digest Some(CheckpointDigest(E6Mm2hugPuP3ijMSH3L3Ep2H128iLVNRvM9sD16bp18z)), transactions count 1, content digest CheckpointContentsDigest(6TgxAZCmTadJTiu9bq7N7gmcgRBChxiCQMQAV5hMxfyy), end_of_epoch_data None
[2m2025-03-25T07:54:26.392756Z[0m [32m INFO[0m [1mnode[0m[1m{[0m[3mname[0m[2m=[0mk#addeef94..[1m}[0m[2m:[0m [2msui_core::checkpoints::checkpoint_executor[0m[2m:[0m [2mcrates/sui-core/src/checkpoints/checkpoint_executor/mod.rs[0m[2m:[0m[2m332:[0m Received checkpoint summary from state sync [3msequence_number[0m[2m=[0m84
[2m2025-03-25T07:54:26.392890Z[0m [32m INFO[0m [1mnode[0m[1m{[0m[3mname[0m[2m=[0mk#addeef94..[1m}[0m[2m:[0m [2msui_core::checkpoints::checkpoint_executor[0m[2m:[0m [2mcrates/sui-core/src/checkpoints/checkpoint_executor/mod.rs[0m[2m:[0m[2m332:[0m Received checkpoint summary from state sync [3msequence_number[0m[2m=[0m85
[2m2025-03-25T07:54:26.394169Z[0m [32m INFO[0m [1mnode[0m[1m{[0m[3mname[0m[2m=[0mk#addeef94..[1m}[0m[2m:[0m [2msui_core::state_accumulator[0m[2m:[0m [2mcrates/sui-core/src/state_accumulator.rs[0m[2m:[0m[2m675:[0m accumulating running root for checkpoint 84
[2m2025-03-25T07:54:26.394610Z[0m [32m INFO[0m [1mnode[0m[1m{[0m[3mname[0m[2m=[0mk#addeef94..[1m}[0m[2m:[0m [2msui_core::state_accumulator[0m[2m:[0m [2mcrates/sui-core/src/state_accumulator.rs[0m[2m:[0m[2m675:[0m accumulating running root for checkpoint 85
[2m2025-03-25T07:54:26.396076Z[0m [32m INFO[0m [1mnode[0m[1m{[0m[3mname[0m[2m=[0mk#b3f3cbb4..[1m}[0m[2m:[0m [2msui_core::state_accumulator[0m[2m:[0m [2mcrates/sui-core/src/state_accumulator.rs[0m[2m:[0m[2m675:[0m accumulating running root for checkpoint 0
[2m2025-03-25T07:54:26.396151Z[0m [32m INFO[0m [1mnode[0m[1m{[0m[3mname[0m[2m=[0mk#b3f3cbb4..[1m}[0m[2m:[0m [2msui_core::checkpoints::checkpoint_executor[0m[2m:[0m [2mcrates/sui-core/src/checkpoints/checkpoint_executor/mod.rs[0m[2m:[0m[2m378:[0m Finished syncing and executing checkpoint 0
[2m2025-03-25T07:54:26.397269Z[0m [32m INFO[0m [1mnode[0m[1m{[0m[3mname[0m[2m=[0mk#99f25ef6..[1m}[0m[2m:[0m [2msui_core::checkpoints[0m[2m:[0m [2mcrates/sui-core/src/checkpoints/mod.rs[0m[2m:[0m[2m1326:[0m Creating checkpoint(s) for 1 transactions [3mnext_checkpoint_seq[0m[2m=[0m87 [3mcheckpoint_timestamp[0m[2m=[0m1742889265675
[2m2025-03-25T07:54:26.397282Z[0m [32m INFO[0m [1mnode[0m[1m{[0m[3mname[0m[2m=[0mk#8dcff6d1..[1m}[0m[2m:[0m [2msui_core::checkpoints[0m[2m:[0m [2mcrates/sui-core/src/checkpoints/mod.rs[0m[2m:[0m[2m1326:[0m Creating checkpoint(s) for 1 transactions [3mnext_checkpoint_seq[0m[2m=[0m87 [3mcheckpoint_timestamp[0m[2m=[0m1742889265675
[2m2025-03-25T07:54:26.397479Z[0m [32m INFO[0m [1mnode[0m[1m{[0m[3mname[0m[2m=[0mk#99f25ef6..[1m}[0m[2m:[0m [2msui_core::checkpoints::checkpoint_output[0m[2m:[0m [2mcrates/sui-core/src/checkpoints/checkpoint_output.rs[0m[2m:[0m[2m149:[0m Creating checkpoint CheckpointDigest(C8J3ZLj6tpXDfoxYDnstbBsNBEtz3iFHgLx3eJTQsr6) at epoch 0, sequence 87, previous digest Some(CheckpointDigest(E6Mm2hugPuP3ijMSH3L3Ep2H128iLVNRvM9sD16bp18z)), transactions count 1, content digest CheckpointContentsDigest(6TgxAZCmTadJTiu9bq7N7gmcgRBChxiCQMQAV5hMxfyy), end_of_epoch_data None
[2m2025-03-25T07:54:26.397479Z[0m [32m INFO[0m [1mnode[0m[1m{[0m[3mname[0m[2m=[0mk#8dcff6d1..[1m}[0m[2m:[0m [2msui_core::checkpoints::checkpoint_output[0m[2m:[0m [2mcrates/sui-core/src/checkpoints/checkpoint_output.rs[0m[2m:[0m[2m149:[0m Creating checkpoint CheckpointDigest(C8J3ZLj6tpXDfoxYDnstbBsNBEtz3iFHgLx3eJTQsr6) at epoch 0, sequence 87, previous digest Some(CheckpointDigest(E6Mm2hugPuP3ijMSH3L3Ep2H128iLVNRvM9sD16bp18z)), transactions count 1, content digest CheckpointContentsDigest(6TgxAZCmTadJTiu9bq7N7gmcgRBChxiCQMQAV5hMxfyy), end_of_epoch_data None
[2m2025-03-25T07:54:26.413775Z[0m [32m INFO[0m [2msui_bridge::e2e_tests::test_utils[0m[2m:[0m [2mcrates/sui-bridge/src/e2e_tests/test_utils.rs[0m[2m:[0m[2m940:[0m TestCluster build took 30 secs
[2m2025-03-25T07:54:26.415182Z[0m [32m INFO[0m [1mnode[0m[1m{[0m[3mname[0m[2m=[0mk#8dcff6d1..[1m}[0m[2m:[0m [2mconsensus_core::commit_syncer[0m[2m:[0m [2mconsensus/core/src/commit_syncer.rs[0m[2m:[0m[2m196:[0m Checking to schedule fetches: synced_commit_index=47, highest_handled_index=47, highest_scheduled_index=0, quorum_commit_index=46, unhandled_commits_threshold=3200
[2m2025-03-25T07:54:26.419189Z[0m [33m WARN[0m [1mnode[0m[1m{[0m[3mname[0m[2m=[0mk#addeef94..[1m}[0m[2m:[0m[1mrequest[0m[1m{[0m[3mroute[0m[2m=[0m/sui.Discovery/GetKnownPeersV2 [3mremote_peer_id[0m[2m=[0m9b9fa995 [3mdirection[0m[2m=[0moutbound[1m}[0m[2m:[0m [2manemo_tower::trace::on_failure[0m[2m:[0m [2m/Users/mofei/.cargo/git/checkouts/anemo-b054b2cc97edf2b7/e609f76/crates/anemo-tower/src/trace/on_failure.rs[0m[2m:[0m[2m106:[0m response failed [3merror[0m[2m=[0mError: connection lost [3mlatency[0m[2m=[0m4 ms
[2m2025-03-25T07:54:26.419224Z[0m [33m WARN[0m [1mnode[0m[1m{[0m[3mname[0m[2m=[0mk#addeef94..[1m}[0m[2m:[0m[1mrequest[0m[1m{[0m[3mroute[0m[2m=[0m/sui.StateSync/GetCheckpointSummary [3mremote_peer_id[0m[2m=[0m9b9fa995 [3mdirection[0m[2m=[0moutbound[1m}[0m[2m:[0m [2manemo_tower::trace::on_failure[0m[2m:[0m [2m/Users/mofei/.cargo/git/checkouts/anemo-b054b2cc97edf2b7/e609f76/crates/anemo-tower/src/trace/on_failure.rs[0m[2m:[0m[2m106:[0m response failed [3merror[0m[2m=[0mError: connection lost [3mlatency[0m[2m=[0m4 ms
[2m2025-03-25T07:54:26.419476Z[0m [33m WARN[0m [1mnode[0m[1m{[0m[3mname[0m[2m=[0mk#b3f3cbb4..[1m}[0m[2m:[0m[1mrequest[0m[1m{[0m[3mroute[0m[2m=[0m/sui.Discovery/GetKnownPeersV2 [3mremote_peer_id[0m[2m=[0md6bb5a1b [3mdirection[0m[2m=[0moutbound[1m}[0m[2m:[0m [2manemo_tower::trace::on_failure[0m[2m:[0m [2m/Users/mofei/.cargo/git/checkouts/anemo-b054b2cc97edf2b7/e609f76/crates/anemo-tower/src/trace/on_failure.rs[0m[2m:[0m[2m106:[0m response failed [3merror[0m[2m=[0mError: closed [3mlatency[0m[2m=[0m0 ms
[2m2025-03-25T07:54:26.419477Z[0m [33m WARN[0m [1mnode[0m[1m{[0m[3mname[0m[2m=[0mk#99f25ef6..[1m}[0m[2m:[0m[1mrequest[0m[1m{[0m[3mroute[0m[2m=[0m/sui.Discovery/GetKnownPeersV2 [3mremote_peer_id[0m[2m=[0m9b9fa995 [3mdirection[0m[2m=[0moutbound[1m}[0m[2m:[0m [2manemo_tower::trace::on_failure[0m[2m:[0m [2m/Users/mofei/.cargo/git/checkouts/anemo-b054b2cc97edf2b7/e609f76/crates/anemo-tower/src/trace/on_failure.rs[0m[2m:[0m[2m106:[0m response failed [3merror[0m[2m=[0mError: connection lost [3mlatency[0m[2m=[0m0 ms
[2m2025-03-25T07:54:26.419502Z[0m [33m WARN[0m [1mnode[0m[1m{[0m[3mname[0m[2m=[0mk#99f25ef6..[1m}[0m[2m:[0m[1mrequest[0m[1m{[0m[3mroute[0m[2m=[0m/sui.StateSync/GetCheckpointSummary [3mremote_peer_id[0m[2m=[0m9b9fa995 [3mdirection[0m[2m=[0moutbound[1m}[0m[2m:[0m [2manemo_tower::trace::on_failure[0m[2m:[0m [2m/Users/mofei/.cargo/git/checkouts/anemo-b054b2cc97edf2b7/e609f76/crates/anemo-tower/src/trace/on_failure.rs[0m[2m:[0m[2m106:[0m response failed [3merror[0m[2m=[0mError: connection lost [3mlatency[0m[2m=[0m0 ms
[2m2025-03-25T07:54:26.419545Z[0m [33m WARN[0m [1mnode[0m[1m{[0m[3mname[0m[2m=[0mk#b3f3cbb4..[1m}[0m[2m:[0m[1mrequest[0m[1m{[0m[3mroute[0m[2m=[0m/sui.StateSync/GetCheckpointSummary [3mremote_peer_id[0m[2m=[0md6bb5a1b [3mdirection[0m[2m=[0moutbound[1m}[0m[2m:[0m [2manemo_tower::trace::on_failure[0m[2m:[0m [2m/Users/mofei/.cargo/git/checkouts/anemo-b054b2cc97edf2b7/e609f76/crates/anemo-tower/src/trace/on_failure.rs[0m[2m:[0m[2m106:[0m response failed [3merror[0m[2m=[0mError: closed [3mlatency[0m[2m=[0m0 ms
[2m2025-03-25T07:54:26.422360Z[0m [33m WARN[0m [1mnode[0m[1m{[0m[3mname[0m[2m=[0mk#8dcff6d1..[1m}[0m[2m:[0m[1mrequest[0m[1m{[0m[3mroute[0m[2m=[0m/sui.Discovery/GetKnownPeersV2 [3mremote_peer_id[0m[2m=[0m9b9fa995 [3mdirection[0m[2m=[0moutbound[1m}[0m[2m:[0m [2manemo_tower::trace::on_failure[0m[2m:[0m [2m/Users/mofei/.cargo/git/checkouts/anemo-b054b2cc97edf2b7/e609f76/crates/anemo-tower/src/trace/on_failure.rs[0m[2m:[0m[2m106:[0m response failed [3merror[0m[2m=[0mError: connection lost [3mlatency[0m[2m=[0m2 ms
[2m2025-03-25T07:54:26.422384Z[0m [33m WARN[0m [1mnode[0m[1m{[0m[3mname[0m[2m=[0mk#8dcff6d1..[1m}[0m[2m:[0m[1mrequest[0m[1m{[0m[3mroute[0m[2m=[0m/sui.StateSync/GetCheckpointSummary [3mremote_peer_id[0m[2m=[0m9b9fa995 [3mdirection[0m[2m=[0moutbound[1m}[0m[2m:[0m [2manemo_tower::trace::on_failure[0m[2m:[0m [2m/Users/mofei/.cargo/git/checkouts/anemo-b054b2cc97edf2b7/e609f76/crates/anemo-tower/src/trace/on_failure.rs[0m[2m:[0m[2m106:[0m response failed [3merror[0m[2m=[0mError: connection lost [3mlatency[0m[2m=[0m2 ms
[2m2025-03-25T07:54:26.423142Z[0m [33m WARN[0m [1mnode[0m[1m{[0m[3mname[0m[2m=[0mk#b3f3cbb4..[1m}[0m[2m:[0m[1mrequest[0m[1m{[0m[3mroute[0m[2m=[0m/sui.Discovery/GetKnownPeersV2 [3mremote_peer_id[0m[2m=[0m8216ffcf [3mdirection[0m[2m=[0moutbound[1m}[0m[2m:[0m [2manemo_tower::trace::on_failure[0m[2m:[0m [2m/Users/mofei/.cargo/git/checkouts/anemo-b054b2cc97edf2b7/e609f76/crates/anemo-tower/src/trace/on_failure.rs[0m[2m:[0m[2m106:[0m response failed [3merror[0m[2m=[0mError: connection lost [3mlatency[0m[2m=[0m2 ms
[2m2025-03-25T07:54:26.423165Z[0m [33m WARN[0m [1mnode[0m[1m{[0m[3mname[0m[2m=[0mk#b3f3cbb4..[1m}[0m[2m:[0m[1mrequest[0m[1m{[0m[3mroute[0m[2m=[0m/sui.StateSync/GetCheckpointSummary [3mremote_peer_id[0m[2m=[0m8216ffcf [3mdirection[0m[2m=[0moutbound[1m}[0m[2m:[0m [2manemo_tower::trace::on_failure[0m[2m:[0m [2m/Users/mofei/.cargo/git/checkouts/anemo-b054b2cc97edf2b7/e609f76/crates/anemo-tower/src/trace/on_failure.rs[0m[2m:[0m[2m106:[0m response failed [3merror[0m[2m=[0mError: connection lost [3mlatency[0m[2m=[0m2 ms
[2m2025-03-25T07:54:26.443219Z[0m [32m INFO[0m [1mnode[0m[1m{[0m[3mname[0m[2m=[0mk#addeef94..[1m}[0m[2m:[0m [2mconsensus_core::core[0m[2m:[0m [2mconsensus/core/src/core.rs[0m[2m:[0m[2m531:[0m Created block B51(C,SAq3PFZO6bbgaMEdjkoCFlUUl7rNNUDXvwh9u2oMSA0=)(1742889266442ms;[B50(C,FWOP2UfLNVbxfxsuW4WC1baQkzAFozri3sYv5XasV24=), B50(A,jb8LaXlVBa1fNkIKuoJoC0BDT/qrNps/VI1Fo89NFVI=), B50(B,vLnDADlJuj/SSFvs5w85HxkcZXv1ZkiY2czsUUQdVKw=)];2t;1c) for round 51
[2m2025-03-25T07:54:26.445483Z[0m [32m INFO[0m [1mnode[0m[1m{[0m[3mname[0m[2m=[0mk#99f25ef6..[1m}[0m[2m:[0m [2mconsensus_core::core[0m[2m:[0m [2mconsensus/core/src/core.rs[0m[2m:[0m[2m531:[0m Created block B51(B,d0pcDUYvZKVUIh+tVZH+0mTMYZmTpibD8iVfA0Mletw=)(1742889266445ms;[B50(B,vLnDADlJuj/SSFvs5w85HxkcZXv1ZkiY2czsUUQdVKw=), B50(A,jb8LaXlVBa1fNkIKuoJoC0BDT/qrNps/VI1Fo89NFVI=), B50(C,FWOP2UfLNVbxfxsuW4WC1baQkzAFozri3sYv5XasV24=)];2t;1c) for round 51
[2m2025-03-25T07:54:26.445488Z[0m [32m INFO[0m [1mnode[0m[1m{[0m[3mname[0m[2m=[0mk#8dcff6d1..[1m}[0m[2m:[0m [2mconsensus_core::core[0m[2m:[0m [2mconsensus/core/src/core.rs[0m[2m:[0m[2m531:[0m Created block B51(A,u12KElDun9Wy6K97EDAvg9e0ePWcKYE7lc1kSgglJ80=)(1742889266445ms;[B50(A,jb8LaXlVBa1fNkIKuoJoC0BDT/qrNps/VI1Fo89NFVI=), B50(B,vLnDADlJuj/SSFvs5w85HxkcZXv1ZkiY2czsUUQdVKw=), B50(C,FWOP2UfLNVbxfxsuW4WC1baQkzAFozri3sYv5XasV24=)];2t;1c) for round 51
[2m2025-03-25T07:54:26.445647Z[0m [32m INFO[0m [1mnode[0m[1m{[0m[3mname[0m[2m=[0mk#99f25ef6..[1m}[0m[2m:[0m [2mconsensus_core::core[0m[2m:[0m [2mconsensus/core/src/core.rs[0m[2m:[0m[2m630:[0m Committing 1 leaders: B49(A,/2d9)
[2m2025-03-25T07:54:26.445651Z[0m [32m INFO[0m [1mnode[0m[1m{[0m[3mname[0m[2m=[0mk#8dcff6d1..[1m}[0m[2m:[0m [2mconsensus_core::core[0m[2m:[0m [2mconsensus/core/src/core.rs[0m[2m:[0m[2m630:[0m Committing 1 leaders: B49(A,/2d9)
[2m2025-03-25T07:54:26.445731Z[0m [32m INFO[0m [1mnode[0m[1m{[0m[3mname[0m[2m=[0mk#99f25ef6..[1m}[0m[2m:[0m [2mconsensus_core::commit_observer[0m[2m:[0m [2mconsensus/core/src/commit_observer.rs[0m[2m:[0m[2m173:[0m Consensus commit C48(4Z5G) with leader B49(A,/2d9) has 3 blocks
[2m2025-03-25T07:54:26.445731Z[0m [32m INFO[0m [1mnode[0m[1m{[0m[3mname[0m[2m=[0mk#8dcff6d1..[1m}[0m[2m:[0m [2mconsensus_core::commit_observer[0m[2m:[0m [2mconsensus/core/src/commit_observer.rs[0m[2m:[0m[2m173:[0m Consensus commit C48(4Z5G) with leader B49(A,/2d9) has 3 blocks
[2m2025-03-25T07:54:26.446102Z[0m [32m INFO[0m [1mnode[0m[1m{[0m[3mname[0m[2m=[0mk#99f25ef6..[1m}[0m[2m:[0m [2msui_core::consensus_handler[0m[2m:[0m [2mcrates/sui-core/src/consensus_handler.rs[0m[2m:[0m[2m232:[0m Received consensus output [3mconsensus_commit[0m[2m=[0mCommittedSubDag(leader=B49(A,/2d9), ref=C48(4Z5G), blocks=[2OgM, l9yv, /2d9]) [3mepoch[0m[2m=[0m0
[2m2025-03-25T07:54:26.446103Z[0m [32m INFO[0m [1mnode[0m[1m{[0m[3mname[0m[2m=[0mk#8dcff6d1..[1m}[0m[2m:[0m [2msui_core::consensus_handler[0m[2m:[0m [2mcrates/sui-core/src/consensus_handler.rs[0m[2m:[0m[2m232:[0m Received consensus output [3mconsensus_commit[0m[2m=[0mCommittedSubDag(leader=B49(A,/2d9), ref=C48(4Z5G), blocks=[2OgM, l9yv, /2d9]) [3mepoch[0m[2m=[0m0
[2m2025-03-25T07:54:26.449188Z[0m [32m INFO[0m [1mnode[0m[1m{[0m[3mname[0m[2m=[0mk#addeef94..[1m}[0m[2m:[0m [2mconsensus_core::core[0m[2m:[0m [2mconsensus/core/src/core.rs[0m[2m:[0m[2m630:[0m Committing 1 leaders: B49(A,/2d9)
[2m2025-03-25T07:54:26.449281Z[0m [32m INFO[0m [1mnode[0m[1m{[0m[3mname[0m[2m=[0mk#addeef94..[1m}[0m[2m:[0m [2mconsensus_core::commit_observer[0m[2m:[0m [2mconsensus/core/src/commit_observer.rs[0m[2m:[0m[2m173:[0m Consensus commit C48(4Z5G) with leader B49(A,/2d9) has 3 blocks
[2m2025-03-25T07:54:26.449357Z[0m [32m INFO[0m [1mnode[0m[1m{[0m[3mname[0m[2m=[0mk#addeef94..[1m}[0m[2m:[0m [2msui_core::consensus_handler[0m[2m:[0m [2mcrates/sui-core/src/consensus_handler.rs[0m[2m:[0m[2m232:[0m Received consensus output [3mconsensus_commit[0m[2m=[0mCommittedSubDag(leader=B49(A,/2d9), ref=C48(4Z5G), blocks=[2OgM, l9yv, /2d9]) [3mepoch[0m[2m=[0m0
[2m2025-03-25T07:54:26.536583Z[0m [32m INFO[0m [1mnode[0m[1m{[0m[3mname[0m[2m=[0mk#addeef94..[1m}[0m[2m:[0m [2msui_core::checkpoints[0m[2m:[0m [2mcrates/sui-core/src/checkpoints/mod.rs[0m[2m:[0m[2m1326:[0m Creating checkpoint(s) for 1 transactions [3mnext_checkpoint_seq[0m[2m=[0m88 [3mcheckpoint_timestamp[0m[2m=[0m1742889265934
[2m2025-03-25T07:54:26.536694Z[0m [32m INFO[0m [1mnode[0m[1m{[0m[3mname[0m[2m=[0mk#99f25ef6..[1m}[0m[2m:[0m [2msui_core::checkpoints[0m[2m:[0m [2mcrates/sui-core/src/checkpoints/mod.rs[0m[2m:[0m[2m1326:[0m Creating checkpoint(s) for 1 transactions [3mnext_checkpoint_seq[0m[2m=[0m88 [3mcheckpoint_timestamp[0m[2m=[0m1742889265934
[2m2025-03-25T07:54:26.536838Z[0m [32m INFO[0m [1mnode[0m[1m{[0m[3mname[0m[2m=[0mk#8dcff6d1..[1m}[0m[2m:[0m [2msui_core::checkpoints[0m[2m:[0m [2mcrates/sui-core/src/checkpoints/mod.rs[0m[2m:[0m[2m1326:[0m Creating checkpoint(s) for 1 transactions [3mnext_checkpoint_seq[0m[2m=[0m88 [3mcheckpoint_timestamp[0m[2m=[0m1742889265934
[2m2025-03-25T07:54:26.536823Z[0m [32m INFO[0m [1mnode[0m[1m{[0m[3mname[0m[2m=[0mk#addeef94..[1m}[0m[2m:[0m [2msui_core::checkpoints::checkpoint_output[0m[2m:[0m [2mcrates/sui-core/src/checkpoints/checkpoint_output.rs[0m[2m:[0m[2m149:[0m Creating checkpoint CheckpointDigest(GKpETsdWwSM5xwTvFyW6Nu8qUBEgZUZZMsFb7Sm14MX) at epoch 0, sequence 88, previous digest Some(CheckpointDigest(C8J3ZLj6tpXDfoxYDnstbBsNBEtz3iFHgLx3eJTQsr6)), transactions count 1, content digest CheckpointContentsDigest(DLS851oLAuRxwcDPTbHDffPL1BXDCCC7AaModxu171VB), end_of_epoch_data None
[2m2025-03-25T07:54:26.536862Z[0m [32m INFO[0m [1mnode[0m[1m{[0m[3mname[0m[2m=[0mk#99f25ef6..[1m}[0m[2m:[0m [2msui_core::checkpoints::checkpoint_output[0m[2m:[0m [2mcrates/sui-core/src/checkpoints/checkpoint_output.rs[0m[2m:[0m[2m149:[0m Creating checkpoint CheckpointDigest(GKpETsdWwSM5xwTvFyW6Nu8qUBEgZUZZMsFb7Sm14MX) at epoch 0, sequence 88, previous digest Some(CheckpointDigest(C8J3ZLj6tpXDfoxYDnstbBsNBEtz3iFHgLx3eJTQsr6)), transactions count 1, content digest CheckpointContentsDigest(DLS851oLAuRxwcDPTbHDffPL1BXDCCC7AaModxu171VB), end_of_epoch_data None
[2m2025-03-25T07:54:26.537010Z[0m [32m INFO[0m [1mnode[0m[1m{[0m[3mname[0m[2m=[0mk#8dcff6d1..[1m}[0m[2m:[0m [2msui_core::checkpoints::checkpoint_output[0m[2m:[0m [2mcrates/sui-core/src/checkpoints/checkpoint_output.rs[0m[2m:[0m[2m149:[0m Creating checkpoint CheckpointDigest(GKpETsdWwSM5xwTvFyW6Nu8qUBEgZUZZMsFb7Sm14MX) at epoch 0, sequence 88, previous digest Some(CheckpointDigest(C8J3ZLj6tpXDfoxYDnstbBsNBEtz3iFHgLx3eJTQsr6)), transactions count 1, content digest CheckpointContentsDigest(DLS851oLAuRxwcDPTbHDffPL1BXDCCC7AaModxu171VB), end_of_epoch_data None
[2m2025-03-25T07:54:26.541561Z[0m [32m INFO[0m [1mnode[0m[1m{[0m[3mname[0m[2m=[0mk#99f25ef6..[1m}[0m[2m:[0m [2msui_core::checkpoints::checkpoint_output[0m[2m:[0m [2mcrates/sui-core/src/checkpoints/checkpoint_output.rs[0m[2m:[0m[2m196:[0m Certified checkpoint with sequence 86 and digest E6Mm2hugPuP3ijMSH3L3Ep2H128iLVNRvM9sD16bp18z
[2m2025-03-25T07:54:26.541583Z[0m [32m INFO[0m [1mnode[0m[1m{[0m[3mname[0m[2m=[0mk#99f25ef6..[1m}[0m[2m:[0m [2msui_core::checkpoints::checkpoint_output[0m[2m:[0m [2mcrates/sui-core/src/checkpoints/checkpoint_output.rs[0m[2m:[0m[2m196:[0m Certified checkpoint with sequence 87 and digest C8J3ZLj6tpXDfoxYDnstbBsNBEtz3iFHgLx3eJTQsr6
[2m2025-03-25T07:54:26.541582Z[0m [32m INFO[0m [1mnode[0m[1m{[0m[3mname[0m[2m=[0mk#8dcff6d1..[1m}[0m[2m:[0m [2msui_core::checkpoints::checkpoint_output[0m[2m:[0m [2mcrates/sui-core/src/checkpoints/checkpoint_output.rs[0m[2m:[0m[2m196:[0m Certified checkpoint with sequence 86 and digest E6Mm2hugPuP3ijMSH3L3Ep2H128iLVNRvM9sD16bp18z
[2m2025-03-25T07:54:26.541602Z[0m [32m INFO[0m [1mnode[0m[1m{[0m[3mname[0m[2m=[0mk#8dcff6d1..[1m}[0m[2m:[0m [2msui_core::checkpoints::checkpoint_output[0m[2m:[0m [2mcrates/sui-core/src/checkpoints/checkpoint_output.rs[0m[2m:[0m[2m196:[0m Certified checkpoint with sequence 87 and digest C8J3ZLj6tpXDfoxYDnstbBsNBEtz3iFHgLx3eJTQsr6
[2m2025-03-25T07:54:26.542489Z[0m [32m INFO[0m [1mnode[0m[1m{[0m[3mname[0m[2m=[0mk#8dcff6d1..[1m}[0m[2m:[0m [2msui_core::checkpoints::checkpoint_executor[0m[2m:[0m [2mcrates/sui-core/src/checkpoints/checkpoint_executor/mod.rs[0m[2m:[0m[2m332:[0m Received checkpoint summary from state sync [3msequence_number[0m[2m=[0m86
[2m2025-03-25T07:54:26.542493Z[0m [32m INFO[0m [1mnode[0m[1m{[0m[3mname[0m[2m=[0mk#99f25ef6..[1m}[0m[2m:[0m [2msui_core::checkpoints::checkpoint_executor[0m[2m:[0m [2mcrates/sui-core/src/checkpoints/checkpoint_executor/mod.rs[0m[2m:[0m[2m332:[0m Received checkpoint summary from state sync [3msequence_number[0m[2m=[0m86
[2m2025-03-25T07:54:26.542629Z[0m [32m INFO[0m [1mnode[0m[1m{[0m[3mname[0m[2m=[0mk#99f25ef6..[1m}[0m[2m:[0m [2msui_core::checkpoints::checkpoint_executor[0m[2m:[0m [2mcrates/sui-core/src/checkpoints/checkpoint_executor/mod.rs[0m[2m:[0m[2m332:[0m Received checkpoint summary from state sync [3msequence_number[0m[2m=[0m87
[2m2025-03-25T07:54:26.542629Z[0m [32m INFO[0m [1mnode[0m[1m{[0m[3mname[0m[2m=[0mk#8dcff6d1..[1m}[0m[2m:[0m [2msui_core::checkpoints::checkpoint_executor[0m[2m:[0m [2mcrates/sui-core/src/checkpoints/checkpoint_executor/mod.rs[0m[2m:[0m[2m332:[0m Received checkpoint summary from state sync [3msequence_number[0m[2m=[0m87
[2m2025-03-25T07:54:26.544563Z[0m [32m INFO[0m [1mnode[0m[1m{[0m[3mname[0m[2m=[0mk#99f25ef6..[1m}[0m[2m:[0m [2msui_core::state_accumulator[0m[2m:[0m [2mcrates/sui-core/src/state_accumulator.rs[0m[2m:[0m[2m675:[0m accumulating running root for checkpoint 86
[2m2025-03-25T07:54:26.544563Z[0m [32m INFO[0m [1mnode[0m[1m{[0m[3mname[0m[2m=[0mk#8dcff6d1..[1m}[0m[2m:[0m [2msui_core::state_accumulator[0m[2m:[0m [2mcrates/sui-core/src/state_accumulator.rs[0m[2m:[0m[2m675:[0m accumulating running root for checkpoint 86
[2m2025-03-25T07:54:26.545002Z[0m [32m INFO[0m [1mnode[0m[1m{[0m[3mname[0m[2m=[0mk#99f25ef6..[1m}[0m[2m:[0m [2msui_core::state_accumulator[0m[2m:[0m [2mcrates/sui-core/src/state_accumulator.rs[0m[2m:[0m[2m675:[0m accumulating running root for checkpoint 87
[2m2025-03-25T07:54:26.545005Z[0m [32m INFO[0m [1mnode[0m[1m{[0m[3mname[0m[2m=[0mk#8dcff6d1..[1m}[0m[2m:[0m [2msui_core::state_accumulator[0m[2m:[0m [2mcrates/sui-core/src/state_accumulator.rs[0m[2m:[0m[2m675:[0m accumulating running root for checkpoint 87
[2m2025-03-25T07:54:26.664366Z[0m [32m INFO[0m [1mnode[0m[1m{[0m[3mname[0m[2m=[0mk#8dcff6d1..[1m}[0m[2m:[0m [2msui_core::checkpoints[0m[2m:[0m [2mcrates/sui-core/src/checkpoints/mod.rs[0m[2m:[0m[2m1326:[0m Creating checkpoint(s) for 1 transactions [3mnext_checkpoint_seq[0m[2m=[0m89 [3mcheckpoint_timestamp[0m[2m=[0m1742889265934
[2m2025-03-25T07:54:26.664644Z[0m [32m INFO[0m [1mnode[0m[1m{[0m[3mname[0m[2m=[0mk#8dcff6d1..[1m}[0m[2m:[0m [2msui_core::checkpoints::checkpoint_output[0m[2m:[0m [2mcrates/sui-core/src/checkpoints/checkpoint_output.rs[0m[2m:[0m[2m149:[0m Creating checkpoint CheckpointDigest(FMEQ6dXa6vPFMtBvUBsfEnJgnHDHxG5tcjKBUXugMRYD) at epoch 0, sequence 89, previous digest Some(CheckpointDigest(GKpETsdWwSM5xwTvFyW6Nu8qUBEgZUZZMsFb7Sm14MX)), transactions count 1, content digest CheckpointContentsDigest(M4QA1bh7P7SCuEe1Ep4bhQSHTKJptphG55NfmnjR3po), end_of_epoch_data None
[2m2025-03-25T07:54:26.669280Z[0m [32m INFO[0m [1mnode[0m[1m{[0m[3mname[0m[2m=[0mk#addeef94..[1m}[0m[2m:[0m [2msui_core::checkpoints[0m[2m:[0m [2mcrates/sui-core/src/checkpoints/mod.rs[0m[2m:[0m[2m1326:[0m Creating checkpoint(s) for 1 transactions [3mnext_checkpoint_seq[0m[2m=[0m89 [3mcheckpoint_timestamp[0m[2m=[0m1742889265934
[2m2025-03-25T07:54:26.669514Z[0m [32m INFO[0m [1mnode[0m[1m{[0m[3mname[0m[2m=[0mk#addeef94..[1m}[0m[2m:[0m [2msui_core::checkpoints::checkpoint_output[0m[2m:[0m [2mcrates/sui-core/src/checkpoints/checkpoint_output.rs[0m[2m:[0m[2m149:[0m Creating checkpoint CheckpointDigest(FMEQ6dXa6vPFMtBvUBsfEnJgnHDHxG5tcjKBUXugMRYD) at epoch 0, sequence 89, previous digest Some(CheckpointDigest(GKpETsdWwSM5xwTvFyW6Nu8qUBEgZUZZMsFb7Sm14MX)), transactions count 1, content digest CheckpointContentsDigest(M4QA1bh7P7SCuEe1Ep4bhQSHTKJptphG55NfmnjR3po), end_of_epoch_data None
[2m2025-03-25T07:54:26.672571Z[0m [32m INFO[0m [1mnode[0m[1m{[0m[3mname[0m[2m=[0mk#99f25ef6..[1m}[0m[2m:[0m [2msui_core::checkpoints[0m[2m:[0m [2mcrates/sui-core/src/checkpoints/mod.rs[0m[2m:[0m[2m1326:[0m Creating checkpoint(s) for 1 transactions [3mnext_checkpoint_seq[0m[2m=[0m89 [3mcheckpoint_timestamp[0m[2m=[0m1742889265934
[2m2025-03-25T07:54:26.672776Z[0m [32m INFO[0m [1mnode[0m[1m{[0m[3mname[0m[2m=[0mk#99f25ef6..[1m}[0m[2m:[0m [2msui_core::checkpoints::checkpoint_output[0m[2m:[0m [2mcrates/sui-core/src/checkpoints/checkpoint_output.rs[0m[2m:[0m[2m149:[0m Creating checkpoint CheckpointDigest(FMEQ6dXa6vPFMtBvUBsfEnJgnHDHxG5tcjKBUXugMRYD) at epoch 0, sequence 89, previous digest Some(CheckpointDigest(GKpETsdWwSM5xwTvFyW6Nu8qUBEgZUZZMsFb7Sm14MX)), transactions count 1, content digest CheckpointContentsDigest(M4QA1bh7P7SCuEe1Ep4bhQSHTKJptphG55NfmnjR3po), end_of_epoch_data None
[2m2025-03-25T07:54:26.677551Z[0m [32m INFO[0m [1mnode[0m[1m{[0m[3mname[0m[2m=[0mk#b3f3cbb4..[1m}[0m[2m:[0m [2msui_core::checkpoints::checkpoint_executor[0m[2m:[0m [2mcrates/sui-core/src/checkpoints/checkpoint_executor/mod.rs[0m[2m:[0m[2m332:[0m Received checkpoint summary from state sync [3msequence_number[0m[2m=[0m1
[2m2025-03-25T07:54:26.677759Z[0m [32m INFO[0m [1mnode[0m[1m{[0m[3mname[0m[2m=[0mk#b3f3cbb4..[1m}[0m[2m:[0m [2msui_core::checkpoints::checkpoint_executor[0m[2m:[0m [2mcrates/sui-core/src/checkpoints/checkpoint_executor/mod.rs[0m[2m:[0m[2m332:[0m Received checkpoint summary from state sync [3msequence_number[0m[2m=[0m2
[2m2025-03-25T07:54:26.677808Z[0m [32m INFO[0m [1mnode[0m[1m{[0m[3mname[0m[2m=[0mk#b3f3cbb4..[1m}[0m[2m:[0m [2msui_core::checkpoints::checkpoint_executor[0m[2m:[0m [2mcrates/sui-core/src/checkpoints/checkpoint_executor/mod.rs[0m[2m:[0m[2m332:[0m Received checkpoint summary from state sync [3msequence_number[0m[2m=[0m3
[2m2025-03-25T07:54:26.681558Z[0m [32m INFO[0m [1mnode[0m[1m{[0m[3mname[0m[2m=[0mk#addeef94..[1m}[0m[2m:[0m [2msui_core::checkpoints::checkpoint_executor[0m[2m:[0m [2mcrates/sui-core/src/checkpoints/checkpoint_executor/mod.rs[0m[2m:[0m[2m332:[0m Received checkpoint summary from state sync [3msequence_number[0m[2m=[0m86
[2m2025-03-25T07:54:26.681700Z[0m [32m INFO[0m [1mnode[0m[1m{[0m[3mname[0m[2m=[0mk#addeef94..[1m}[0m[2m:[0m [2msui_core::checkpoints::checkpoint_executor[0m[2m:[0m [2mcrates/sui-core/src/checkpoints/checkpoint_executor/mod.rs[0m[2m:[0m[2m332:[0m Received checkpoint summary from state sync [3msequence_number[0m[2m=[0m87
[2m2025-03-25T07:54:26.683022Z[0m [32m INFO[0m [1mnode[0m[1m{[0m[3mname[0m[2m=[0mk#addeef94..[1m}[0m[2m:[0m [2msui_core::state_accumulator[0m[2m:[0m [2mcrates/sui-core/src/state_accumulator.rs[0m[2m:[0m[2m675:[0m accumulating running root for checkpoint 86
[2m2025-03-25T07:54:26.683462Z[0m [32m INFO[0m [1mnode[0m[1m{[0m[3mname[0m[2m=[0mk#addeef94..[1m}[0m[2m:[0m [2msui_core::state_accumulator[0m[2m:[0m [2mcrates/sui-core/src/state_accumulator.rs[0m[2m:[0m[2m675:[0m accumulating running root for checkpoint 87
[2m2025-03-25T07:54:26.698300Z[0m [32m INFO[0m [1mnode[0m[1m{[0m[3mname[0m[2m=[0mk#8dcff6d1..[1m}[0m[2m:[0m [2mconsensus_core::core[0m[2m:[0m [2mconsensus/core/src/core.rs[0m[2m:[0m[2m531:[0m Created block B52(A,UcEjHwDA4V55IX5splpjmW0hHGN4SfUJw8WL0qmsTp0=)(1742889266697ms;[B51(A,u12KElDun9Wy6K97EDAvg9e0ePWcKYE7lc1kSgglJ80=), B51(B,d0pcDUYvZKVUIh+tVZH+0mTMYZmTpibD8iVfA0Mletw=), B51(C,SAq3PFZO6bbgaMEdjkoCFlUUl7rNNUDXvwh9u2oMSA0=)];2t;1c) for round 52
[2m2025-03-25T07:54:26.699040Z[0m [32m INFO[0m [1mnode[0m[1m{[0m[3mname[0m[2m=[0mk#99f25ef6..[1m}[0m[2m:[0m [2mconsensus_core::core[0m[2m:[0m [2mconsensus/core/src/core.rs[0m[2m:[0m[2m531:[0m Created block B52(B,hhGPP18dvLxRtSizZd7bVv8OuRI7r078l+1JfgcRaeA=)(1742889266698ms;[B51(B,d0pcDUYvZKVUIh+tVZH+0mTMYZmTpibD8iVfA0Mletw=), B51(A,u12KElDun9Wy6K97EDAvg9e0ePWcKYE7lc1kSgglJ80=), B51(C,SAq3PFZO6bbgaMEdjkoCFlUUl7rNNUDXvwh9u2oMSA0=)];2t;1c) for round 52
[2m2025-03-25T07:54:26.701228Z[0m [32m INFO[0m [1mnode[0m[1m{[0m[3mname[0m[2m=[0mk#addeef94..[1m}[0m[2m:[0m [2mconsensus_core::core[0m[2m:[0m [2mconsensus/core/src/core.rs[0m[2m:[0m[2m531:[0m Created block B52(C,unZAM6fTEXOA969tx5SqDmFgx3WbmeVr9zvnLsA9oWw=)(1742889266700ms;[B51(C,SAq3PFZO6bbgaMEdjkoCFlUUl7rNNUDXvwh9u2oMSA0=), B51(A,u12KElDun9Wy6K97EDAvg9e0ePWcKYE7lc1kSgglJ80=), B51(B,d0pcDUYvZKVUIh+tVZH+0mTMYZmTpibD8iVfA0Mletw=)];2t;1c) for round 52
[2m2025-03-25T07:54:26.701314Z[0m [32m INFO[0m [1mnode[0m[1m{[0m[3mname[0m[2m=[0mk#addeef94..[1m}[0m[2m:[0m [2mconsensus_core::core[0m[2m:[0m [2mconsensus/core/src/core.rs[0m[2m:[0m[2m630:[0m Committing 1 leaders: B50(A,jb8L)
[2m2025-03-25T07:54:26.701388Z[0m [32m INFO[0m [1mnode[0m[1m{[0m[3mname[0m[2m=[0mk#addeef94..[1m}[0m[2m:[0m [2mconsensus_core::commit_observer[0m[2m:[0m [2mconsensus/core/src/commit_observer.rs[0m[2m:[0m[2m173:[0m Consensus commit C49(dUFD) with leader B50(A,jb8L) has 3 blocks
[2m2025-03-25T07:54:26.701480Z[0m [32m INFO[0m [1mnode[0m[1m{[0m[3mname[0m[2m=[0mk#addeef94..[1m}[0m[2m:[0m [2msui_core::consensus_handler[0m[2m:[0m [2mcrates/sui-core/src/consensus_handler.rs[0m[2m:[0m[2m232:[0m Received consensus output [3mconsensus_commit[0m[2m=[0mCommittedSubDag(leader=B50(A,jb8L), ref=C49(dUFD), blocks=[uIqx, 6DzW, jb8L]) [3mepoch[0m[2m=[0m0
[2m2025-03-25T07:54:26.704511Z[0m [32m INFO[0m [1mnode[0m[1m{[0m[3mname[0m[2m=[0mk#8dcff6d1..[1m}[0m[2m:[0m [2mconsensus_core::core[0m[2m:[0m [2mconsensus/core/src/core.rs[0m[2m:[0m[2m630:[0m Committing 1 leaders: B50(A,jb8L)
[2m2025-03-25T07:54:26.704602Z[0m [32m INFO[0m [1mnode[0m[1m{[0m[3mname[0m[2m=[0mk#8dcff6d1..[1m}[0m[2m:[0m [2mconsensus_core::commit_observer[0m[2m:[0m [2mconsensus/core/src/commit_observer.rs[0m[2m:[0m[2m173:[0m Consensus commit C49(dUFD) with leader B50(A,jb8L) has 3 blocks
[2m2025-03-25T07:54:26.704679Z[0m [32m INFO[0m [1mnode[0m[1m{[0m[3mname[0m[2m=[0mk#8dcff6d1..[1m}[0m[2m:[0m [2msui_core::consensus_handler[0m[2m:[0m [2mcrates/sui-core/src/consensus_handler.rs[0m[2m:[0m[2m232:[0m Received consensus output [3mconsensus_commit[0m[2m=[0mCommittedSubDag(leader=B50(A,jb8L), ref=C49(dUFD), blocks=[uIqx, 6DzW, jb8L]) [3mepoch[0m[2m=[0m0
[2m2025-03-25T07:54:26.704852Z[0m [32m INFO[0m [1mnode[0m[1m{[0m[3mname[0m[2m=[0mk#99f25ef6..[1m}[0m[2m:[0m [2mconsensus_core::core[0m[2m:[0m [2mconsensus/core/src/core.rs[0m[2m:[0m[2m630:[0m Committing 1 leaders: B50(A,jb8L)
[2m2025-03-25T07:54:26.704936Z[0m [32m INFO[0m [1mnode[0m[1m{[0m[3mname[0m[2m=[0mk#99f25ef6..[1m}[0m[2m:[0m [2mconsensus_core::commit_observer[0m[2m:[0m [2mconsensus/core/src/commit_observer.rs[0m[2m:[0m[2m173:[0m Consensus commit C49(dUFD) with leader B50(A,jb8L) has 3 blocks
[2m2025-03-25T07:54:26.705009Z[0m [32m INFO[0m [1mnode[0m[1m{[0m[3mname[0m[2m=[0mk#99f25ef6..[1m}[0m[2m:[0m [2msui_core::consensus_handler[0m[2m:[0m [2mcrates/sui-core/src/consensus_handler.rs[0m[2m:[0m[2m232:[0m Received consensus output [3mconsensus_commit[0m[2m=[0mCommittedSubDag(leader=B50(A,jb8L), ref=C49(dUFD), blocks=[uIqx, 6DzW, jb8L]) [3mepoch[0m[2m=[0m0
[2m2025-03-25T07:54:26.708322Z[0m [32m INFO[0m [1mnode[0m[1m{[0m[3mname[0m[2m=[0mk#b3f3cbb4..[1m}[0m[2m:[0m [2msui_core::state_accumulator[0m[2m:[0m [2mcrates/sui-core/src/state_accumulator.rs[0m[2m:[0m[2m675:[0m accumulating running root for checkpoint 1
[2m2025-03-25T07:54:26.744631Z[0m [32m INFO[0m [1mnode[0m[1m{[0m[3mname[0m[2m=[0mk#b3f3cbb4..[1m}[0m[2m:[0m [2msui_core::state_accumulator[0m[2m:[0m [2mcrates/sui-core/src/state_accumulator.rs[0m[2m:[0m[2m675:[0m accumulating running root for checkpoint 2
[2m2025-03-25T07:54:26.771660Z[0m [32m INFO[0m [1mnode[0m[1m{[0m[3mname[0m[2m=[0mk#b3f3cbb4..[1m}[0m[2m:[0m [2msui_core::state_accumulator[0m[2m:[0m [2mcrates/sui-core/src/state_accumulator.rs[0m[2m:[0m[2m675:[0m accumulating running root for checkpoint 3
[2m2025-03-25T07:54:26.787291Z[0m [32m INFO[0m [1mnode[0m[1m{[0m[3mname[0m[2m=[0mk#b3f3cbb4..[1m}[0m[2m:[0m [2msui_core::checkpoints::checkpoint_executor[0m[2m:[0m [2mcrates/sui-core/src/checkpoints/checkpoint_executor/mod.rs[0m[2m:[0m[2m332:[0m Received checkpoint summary from state sync [3msequence_number[0m[2m=[0m4
[2m2025-03-25T07:54:26.787779Z[0m [32m INFO[0m [1mnode[0m[1m{[0m[3mname[0m[2m=[0mk#b3f3cbb4..[1m}[0m[2m:[0m [2msui_core::checkpoints::checkpoint_executor[0m[2m:[0m [2mcrates/sui-core/src/checkpoints/checkpoint_executor/mod.rs[0m[2m:[0m[2m332:[0m Received checkpoint summary from state sync [3msequence_number[0m[2m=[0m5
[2m2025-03-25T07:54:26.787822Z[0m [32m INFO[0m [1mnode[0m[1m{[0m[3mname[0m[2m=[0mk#b3f3cbb4..[1m}[0m[2m:[0m [2msui_core::checkpoints::checkpoint_executor[0m[2m:[0m [2mcrates/sui-core/src/checkpoints/checkpoint_executor/mod.rs[0m[2m:[0m[2m332:[0m Received checkpoint summary from state sync [3msequence_number[0m[2m=[0m6
[2m2025-03-25T07:54:26.787863Z[0m [32m INFO[0m [1mnode[0m[1m{[0m[3mname[0m[2m=[0mk#b3f3cbb4..[1m}[0m[2m:[0m [2msui_core::checkpoints::checkpoint_executor[0m[2m:[0m [2mcrates/sui-core/src/checkpoints/checkpoint_executor/mod.rs[0m[2m:[0m[2m332:[0m Received checkpoint summary from state sync [3msequence_number[0m[2m=[0m7
[2m2025-03-25T07:54:26.787903Z[0m [32m INFO[0m [1mnode[0m[1m{[0m[3mname[0m[2m=[0mk#b3f3cbb4..[1m}[0m[2m:[0m [2msui_core::checkpoints::checkpoint_executor[0m[2m:[0m [2mcrates/sui-core/src/checkpoints/checkpoint_executor/mod.rs[0m[2m:[0m[2m332:[0m Received checkpoint summary from state sync [3msequence_number[0m[2m=[0m8
[2m2025-03-25T07:54:26.787944Z[0m [32m INFO[0m [1mnode[0m[1m{[0m[3mname[0m[2m=[0mk#b3f3cbb4..[1m}[0m[2m:[0m [2msui_core::checkpoints::checkpoint_executor[0m[2m:[0m [2mcrates/sui-core/src/checkpoints/checkpoint_executor/mod.rs[0m[2m:[0m[2m332:[0m Received checkpoint summary from state sync [3msequence_number[0m[2m=[0m9
[2m2025-03-25T07:54:26.787985Z[0m [32m INFO[0m [1mnode[0m[1m{[0m[3mname[0m[2m=[0mk#b3f3cbb4..[1m}[0m[2m:[0m [2msui_core::checkpoints::checkpoint_executor[0m[2m:[0m [2mcrates/sui-core/src/checkpoints/checkpoint_executor/mod.rs[0m[2m:[0m[2m332:[0m Received checkpoint summary from state sync [3msequence_number[0m[2m=[0m10
[2m2025-03-25T07:54:26.788024Z[0m [32m INFO[0m [1mnode[0m[1m{[0m[3mname[0m[2m=[0mk#b3f3cbb4..[1m}[0m[2m:[0m [2msui_core::checkpoints::checkpoint_executor[0m[2m:[0m [2mcrates/sui-core/src/checkpoints/checkpoint_executor/mod.rs[0m[2m:[0m[2m332:[0m Received checkpoint summary from state sync [3msequence_number[0m[2m=[0m11
[2m2025-03-25T07:54:26.788062Z[0m [32m INFO[0m [1mnode[0m[1m{[0m[3mname[0m[2m=[0mk#b3f3cbb4..[1m}[0m[2m:[0m [2msui_core::checkpoints::checkpoint_executor[0m[2m:[0m [2mcrates/sui-core/src/checkpoints/checkpoint_executor/mod.rs[0m[2m:[0m[2m332:[0m Received checkpoint summary from state sync [3msequence_number[0m[2m=[0m12
[2m2025-03-25T07:54:26.788102Z[0m [32m INFO[0m [1mnode[0m[1m{[0m[3mname[0m[2m=[0mk#b3f3cbb4..[1m}[0m[2m:[0m [2msui_core::checkpoints::checkpoint_executor[0m[2m:[0m [2mcrates/sui-core/src/checkpoints/checkpoint_executor/mod.rs[0m[2m:[0m[2m332:[0m Received checkpoint summary from state sync [3msequence_number[0m[2m=[0m13
[2m2025-03-25T07:54:26.788140Z[0m [32m INFO[0m [1mnode[0m[1m{[0m[3mname[0m[2m=[0mk#b3f3cbb4..[1m}[0m[2m:[0m [2msui_core::checkpoints::checkpoint_executor[0m[2m:[0m [2mcrates/sui-core/src/checkpoints/checkpoint_executor/mod.rs[0m[2m:[0m[2m332:[0m Received checkpoint summary from state sync [3msequence_number[0m[2m=[0m14
[2m2025-03-25T07:54:26.788178Z[0m [32m INFO[0m [1mnode[0m[1m{[0m[3mname[0m[2m=[0mk#b3f3cbb4..[1m}[0m[2m:[0m [2msui_core::checkpoints::checkpoint_executor[0m[2m:[0m [2mcrates/sui-core/src/checkpoints/checkpoint_executor/mod.rs[0m[2m:[0m[2m332:[0m Received checkpoint summary from state sync [3msequence_number[0m[2m=[0m15
[2m2025-03-25T07:54:26.799563Z[0m [32m INFO[0m [1mnode[0m[1m{[0m[3mname[0m[2m=[0mk#8dcff6d1..[1m}[0m[2m:[0m [2msui_core::checkpoints[0m[2m:[0m [2mcrates/sui-core/src/checkpoints/mod.rs[0m[2m:[0m[2m1326:[0m Creating checkpoint(s) for 1 transactions [3mnext_checkpoint_seq[0m[2m=[0m90 [3mcheckpoint_timestamp[0m[2m=[0m1742889266186
[2m2025-03-25T07:54:26.799808Z[0m [32m INFO[0m [1mnode[0m[1m{[0m[3mname[0m[2m=[0mk#8dcff6d1..[1m}[0m[2m:[0m [2msui_core::checkpoints::checkpoint_output[0m[2m:[0m [2mcrates/sui-core/src/checkpoints/checkpoint_output.rs[0m[2m:[0m[2m149:[0m Creating checkpoint CheckpointDigest(FUXZJH7nFNSxaMhWbLSDYndpzt8s6cDA6srzTg8jCqaY) at epoch 0, sequence 90, previous digest Some(CheckpointDigest(FMEQ6dXa6vPFMtBvUBsfEnJgnHDHxG5tcjKBUXugMRYD)), transactions count 1, content digest CheckpointContentsDigest(CogLvJzxvz2My2AjBXfmPhxQKHhos63bvtWQSaBxrxBQ), end_of_epoch_data None
[2m2025-03-25T07:54:26.805361Z[0m [32m INFO[0m [1mnode[0m[1m{[0m[3mname[0m[2m=[0mk#8dcff6d1..[1m}[0m[2m:[0m [2msui_core::checkpoints::checkpoint_output[0m[2m:[0m [2mcrates/sui-core/src/checkpoints/checkpoint_output.rs[0m[2m:[0m[2m196:[0m Certified checkpoint with sequence 88 and digest GKpETsdWwSM5xwTvFyW6Nu8qUBEgZUZZMsFb7Sm14MX
[2m2025-03-25T07:54:26.805385Z[0m [32m INFO[0m [1mnode[0m[1m{[0m[3mname[0m[2m=[0mk#8dcff6d1..[1m}[0m[2m:[0m [2msui_core::checkpoints::checkpoint_output[0m[2m:[0m [2mcrates/sui-core/src/checkpoints/checkpoint_output.rs[0m[2m:[0m[2m196:[0m Certified checkpoint with sequence 89 and digest FMEQ6dXa6vPFMtBvUBsfEnJgnHDHxG5tcjKBUXugMRYD
[2m2025-03-25T07:54:26.806321Z[0m [32m INFO[0m [1mnode[0m[1m{[0m[3mname[0m[2m=[0mk#8dcff6d1..[1m}[0m[2m:[0m [2msui_core::checkpoints::checkpoint_executor[0m[2m:[0m [2mcrates/sui-core/src/checkpoints/checkpoint_executor/mod.rs[0m[2m:[0m[2m332:[0m Received checkpoint summary from state sync [3msequence_number[0m[2m=[0m88
[2m2025-03-25T07:54:26.806451Z[0m [32m INFO[0m [1mnode[0m[1m{[0m[3mname[0m[2m=[0mk#8dcff6d1..[1m}[0m[2m:[0m [2msui_core::checkpoints::checkpoint_executor[0m[2m:[0m [2mcrates/sui-core/src/checkpoints/checkpoint_executor/mod.rs[0m[2m:[0m[2m332:[0m Received checkpoint summary from state sync [3msequence_number[0m[2m=[0m89
[2m2025-03-25T07:54:26.806820Z[0m [32m INFO[0m [1mnode[0m[1m{[0m[3mname[0m[2m=[0mk#99f25ef6..[1m}[0m[2m:[0m [2msui_core::checkpoints[0m[2m:[0m [2mcrates/sui-core/src/checkpoints/mod.rs[0m[2m:[0m[2m1326:[0m Creating checkpoint(s) for 1 transactions [3mnext_checkpoint_seq[0m[2m=[0m90 [3mcheckpoint_timestamp[0m[2m=[0m1742889266186
[2m2025-03-25T07:54:26.807019Z[0m [32m INFO[0m [1mnode[0m[1m{[0m[3mname[0m[2m=[0mk#99f25ef6..[1m}[0m[2m:[0m [2msui_core::checkpoints::checkpoint_output[0m[2m:[0m [2mcrates/sui-core/src/checkpoints/checkpoint_output.rs[0m[2m:[0m[2m149:[0m Creating checkpoint CheckpointDigest(FUXZJH7nFNSxaMhWbLSDYndpzt8s6cDA6srzTg8jCqaY) at epoch 0, sequence 90, previous digest Some(CheckpointDigest(FMEQ6dXa6vPFMtBvUBsfEnJgnHDHxG5tcjKBUXugMRYD)), transactions count 1, content digest CheckpointContentsDigest(CogLvJzxvz2My2AjBXfmPhxQKHhos63bvtWQSaBxrxBQ), end_of_epoch_data None
[2m2025-03-25T07:54:26.808236Z[0m [32m INFO[0m [1mnode[0m[1m{[0m[3mname[0m[2m=[0mk#8dcff6d1..[1m}[0m[2m:[0m [2msui_core::state_accumulator[0m[2m:[0m [2mcrates/sui-core/src/state_accumulator.rs[0m[2m:[0m[2m675:[0m accumulating running root for checkpoint 88
[2m2025-03-25T07:54:26.808687Z[0m [32m INFO[0m [1mnode[0m[1m{[0m[3mname[0m[2m=[0mk#8dcff6d1..[1m}[0m[2m:[0m [2msui_core::state_accumulator[0m[2m:[0m [2mcrates/sui-core/src/state_accumulator.rs[0m[2m:[0m[2m675:[0m accumulating running root for checkpoint 89
[2m2025-03-25T07:54:26.810157Z[0m [32m INFO[0m [1mnode[0m[1m{[0m[3mname[0m[2m=[0mk#b3f3cbb4..[1m}[0m[2m:[0m [2msui_core::checkpoints::checkpoint_executor[0m[2m:[0m [2mcrates/sui-core/src/checkpoints/checkpoint_executor/mod.rs[0m[2m:[0m[2m332:[0m Received checkpoint summary from state sync [3msequence_number[0m[2m=[0m16
[2m2025-03-25T07:54:26.811230Z[0m [32m INFO[0m [1mnode[0m[1m{[0m[3mname[0m[2m=[0mk#addeef94..[1m}[0m[2m:[0m [2msui_core::checkpoints[0m[2m:[0m [2mcrates/sui-core/src/checkpoints/mod.rs[0m[2m:[0m[2m1326:[0m Creating checkpoint(s) for 1 transactions [3mnext_checkpoint_seq[0m[2m=[0m90 [3mcheckpoint_timestamp[0m[2m=[0m1742889266186
[2m2025-03-25T07:54:26.811432Z[0m [32m INFO[0m [1mnode[0m[1m{[0m[3mname[0m[2m=[0mk#addeef94..[1m}[0m[2m:[0m [2msui_core::checkpoints::checkpoint_output[0m[2m:[0m [2mcrates/sui-core/src/checkpoints/checkpoint_output.rs[0m[2m:[0m[2m149:[0m Creating checkpoint CheckpointDigest(FUXZJH7nFNSxaMhWbLSDYndpzt8s6cDA6srzTg8jCqaY) at epoch 0, sequence 90, previous digest Some(CheckpointDigest(FMEQ6dXa6vPFMtBvUBsfEnJgnHDHxG5tcjKBUXugMRYD)), transactions count 1, content digest CheckpointContentsDigest(CogLvJzxvz2My2AjBXfmPhxQKHhos63bvtWQSaBxrxBQ), end_of_epoch_data None
[2m2025-03-25T07:54:26.811714Z[0m [32m INFO[0m [1mnode[0m[1m{[0m[3mname[0m[2m=[0mk#b3f3cbb4..[1m}[0m[2m:[0m [2msui_core::checkpoints::checkpoint_executor[0m[2m:[0m [2mcrates/sui-core/src/checkpoints/checkpoint_executor/mod.rs[0m[2m:[0m[2m332:[0m Received checkpoint summary from state sync [3msequence_number[0m[2m=[0m17
[2m2025-03-25T07:54:26.811756Z[0m [32m INFO[0m [1mnode[0m[1m{[0m[3mname[0m[2m=[0mk#b3f3cbb4..[1m}[0m[2m:[0m [2msui_core::checkpoints::checkpoint_executor[0m[2m:[0m [2mcrates/sui-core/src/checkpoints/checkpoint_executor/mod.rs[0m[2m:[0m[2m332:[0m Received checkpoint summary from state sync [3msequence_number[0m[2m=[0m18
[2m2025-03-25T07:54:26.811795Z[0m [32m INFO[0m [1mnode[0m[1m{[0m[3mname[0m[2m=[0mk#b3f3cbb4..[1m}[0m[2m:[0m [2msui_core::checkpoints::checkpoint_executor[0m[2m:[0m [2mcrates/sui-core/src/checkpoints/checkpoint_executor/mod.rs[0m[2m:[0m[2m332:[0m Received checkpoint summary from state sync [3msequence_number[0m[2m=[0m19
[2m2025-03-25T07:54:26.811833Z[0m [32m INFO[0m [1mnode[0m[1m{[0m[3mname[0m[2m=[0mk#b3f3cbb4..[1m}[0m[2m:[0m [2msui_core::checkpoints::checkpoint_executor[0m[2m:[0m [2mcrates/sui-core/src/checkpoints/checkpoint_executor/mod.rs[0m[2m:[0m[2m332:[0m Received checkpoint summary from state sync [3msequence_number[0m[2m=[0m20
[2m2025-03-25T07:54:26.811874Z[0m [32m INFO[0m [1mnode[0m[1m{[0m[3mname[0m[2m=[0mk#b3f3cbb4..[1m}[0m[2m:[0m [2msui_core::checkpoints::checkpoint_executor[0m[2m:[0m [2mcrates/sui-core/src/checkpoints/checkpoint_executor/mod.rs[0m[2m:[0m[2m332:[0m Received checkpoint summary from state sync [3msequence_number[0m[2m=[0m21
[2m2025-03-25T07:54:26.811888Z[0m [32m INFO[0m [1mnode[0m[1m{[0m[3mname[0m[2m=[0mk#99f25ef6..[1m}[0m[2m:[0m [2msui_core::checkpoints::checkpoint_output[0m[2m:[0m [2mcrates/sui-core/src/checkpoints/checkpoint_output.rs[0m[2m:[0m[2m196:[0m Certified checkpoint with sequence 88 and digest GKpETsdWwSM5xwTvFyW6Nu8qUBEgZUZZMsFb7Sm14MX
[2m2025-03-25T07:54:26.811912Z[0m [32m INFO[0m [1mnode[0m[1m{[0m[3mname[0m[2m=[0mk#b3f3cbb4..[1m}[0m[2m:[0m [2msui_core::checkpoints::checkpoint_executor[0m[2m:[0m [2mcrates/sui-core/src/checkpoints/checkpoint_executor/mod.rs[0m[2m:[0m[2m332:[0m Received checkpoint summary from state sync [3msequence_number[0m[2m=[0m22
[2m2025-03-25T07:54:26.811909Z[0m [32m INFO[0m [1mnode[0m[1m{[0m[3mname[0m[2m=[0mk#99f25ef6..[1m}[0m[2m:[0m [2msui_core::checkpoints::checkpoint_output[0m[2m:[0m [2mcrates/sui-core/src/checkpoints/checkpoint_output.rs[0m[2m:[0m[2m196:[0m Certified checkpoint with sequence 89 and digest FMEQ6dXa6vPFMtBvUBsfEnJgnHDHxG5tcjKBUXugMRYD
[2m2025-03-25T07:54:26.811950Z[0m [32m INFO[0m [1mnode[0m[1m{[0m[3mname[0m[2m=[0mk#b3f3cbb4..[1m}[0m[2m:[0m [2msui_core::checkpoints::checkpoint_executor[0m[2m:[0m [2mcrates/sui-core/src/checkpoints/checkpoint_executor/mod.rs[0m[2m:[0m[2m332:[0m Received checkpoint summary from state sync [3msequence_number[0m[2m=[0m23
[2m2025-03-25T07:54:26.811988Z[0m [32m INFO[0m [1mnode[0m[1m{[0m[3mname[0m[2m=[0mk#b3f3cbb4..[1m}[0m[2m:[0m [2msui_core::checkpoints::checkpoint_executor[0m[2m:[0m [2mcrates/sui-core/src/checkpoints/checkpoint_executor/mod.rs[0m[2m:[0m[2m332:[0m Received checkpoint summary from state sync [3msequence_number[0m[2m=[0m24
[2m2025-03-25T07:54:26.812025Z[0m [32m INFO[0m [1mnode[0m[1m{[0m[3mname[0m[2m=[0mk#b3f3cbb4..[1m}[0m[2m:[0m [2msui_core::checkpoints::checkpoint_executor[0m[2m:[0m [2mcrates/sui-core/src/checkpoints/checkpoint_executor/mod.rs[0m[2m:[0m[2m332:[0m Received checkpoint summary from state sync [3msequence_number[0m[2m=[0m25
[2m2025-03-25T07:54:26.812063Z[0m [32m INFO[0m [1mnode[0m[1m{[0m[3mname[0m[2m=[0mk#b3f3cbb4..[1m}[0m[2m:[0m [2msui_core::checkpoints::checkpoint_executor[0m[2m:[0m [2mcrates/sui-core/src/checkpoints/checkpoint_executor/mod.rs[0m[2m:[0m[2m332:[0m Received checkpoint summary from state sync [3msequence_number[0m[2m=[0m26
[2m2025-03-25T07:54:26.812100Z[0m [32m INFO[0m [1mnode[0m[1m{[0m[3mname[0m[2m=[0mk#b3f3cbb4..[1m}[0m[2m:[0m [2msui_core::checkpoints::checkpoint_executor[0m[2m:[0m [2mcrates/sui-core/src/checkpoints/checkpoint_executor/mod.rs[0m[2m:[0m[2m332:[0m Received checkpoint summary from state sync [3msequence_number[0m[2m=[0m27
[2m2025-03-25T07:54:26.812137Z[0m [32m INFO[0m [1mnode[0m[1m{[0m[3mname[0m[2m=[0mk#b3f3cbb4..[1m}[0m[2m:[0m [2msui_core::checkpoints::checkpoint_executor[0m[2m:[0m [2mcrates/sui-core/src/checkpoints/checkpoint_executor/mod.rs[0m[2m:[0m[2m332:[0m Received checkpoint summary from state sync [3msequence_number[0m[2m=[0m28
[2m2025-03-25T07:54:26.812175Z[0m [32m INFO[0m [1mnode[0m[1m{[0m[3mname[0m[2m=[0mk#b3f3cbb4..[1m}[0m[2m:[0m [2msui_core::checkpoints::checkpoint_executor[0m[2m:[0m [2mcrates/sui-core/src/checkpoints/checkpoint_executor/mod.rs[0m[2m:[0m[2m332:[0m Received checkpoint summary from state sync [3msequence_number[0m[2m=[0m29
[2m2025-03-25T07:54:26.812212Z[0m [32m INFO[0m [1mnode[0m[1m{[0m[3mname[0m[2m=[0mk#b3f3cbb4..[1m}[0m[2m:[0m [2msui_core::checkpoints::checkpoint_executor[0m[2m:[0m [2mcrates/sui-core/src/checkpoints/checkpoint_executor/mod.rs[0m[2m:[0m[2m332:[0m Received checkpoint summary from state sync [3msequence_number[0m[2m=[0m30
[2m2025-03-25T07:54:26.812249Z[0m [32m INFO[0m [1mnode[0m[1m{[0m[3mname[0m[2m=[0mk#b3f3cbb4..[1m}[0m[2m:[0m [2msui_core::checkpoints::checkpoint_executor[0m[2m:[0m [2mcrates/sui-core/src/checkpoints/checkpoint_executor/mod.rs[0m[2m:[0m[2m332:[0m Received checkpoint summary from state sync [3msequence_number[0m[2m=[0m31
[2m2025-03-25T07:54:26.812287Z[0m [32m INFO[0m [1mnode[0m[1m{[0m[3mname[0m[2m=[0mk#b3f3cbb4..[1m}[0m[2m:[0m [2msui_core::checkpoints::checkpoint_executor[0m[2m:[0m [2mcrates/sui-core/src/checkpoints/checkpoint_executor/mod.rs[0m[2m:[0m[2m332:[0m Received checkpoint summary from state sync [3msequence_number[0m[2m=[0m32
[2m2025-03-25T07:54:26.812325Z[0m [32m INFO[0m [1mnode[0m[1m{[0m[3mname[0m[2m=[0mk#b3f3cbb4..[1m}[0m[2m:[0m [2msui_core::checkpoints::checkpoint_executor[0m[2m:[0m [2mcrates/sui-core/src/checkpoints/checkpoint_executor/mod.rs[0m[2m:[0m[2m332:[0m Received checkpoint summary from state sync [3msequence_number[0m[2m=[0m33
[2m2025-03-25T07:54:26.812363Z[0m [32m INFO[0m [1mnode[0m[1m{[0m[3mname[0m[2m=[0mk#b3f3cbb4..[1m}[0m[2m:[0m [2msui_core::checkpoints::checkpoint_executor[0m[2m:[0m [2mcrates/sui-core/src/checkpoints/checkpoint_executor/mod.rs[0m[2m:[0m[2m332:[0m Received checkpoint summary from state sync [3msequence_number[0m[2m=[0m34
[2m2025-03-25T07:54:26.812402Z[0m [32m INFO[0m [1mnode[0m[1m{[0m[3mname[0m[2m=[0mk#b3f3cbb4..[1m}[0m[2m:[0m [2msui_core::checkpoints::checkpoint_executor[0m[2m:[0m [2mcrates/sui-core/src/checkpoints/checkpoint_executor/mod.rs[0m[2m:[0m[2m332:[0m Received checkpoint summary from state sync [3msequence_number[0m[2m=[0m35
[2m2025-03-25T07:54:26.812440Z[0m [32m INFO[0m [1mnode[0m[1m{[0m[3mname[0m[2m=[0mk#b3f3cbb4..[1m}[0m[2m:[0m [2msui_core::checkpoints::checkpoint_executor[0m[2m:[0m [2mcrates/sui-core/src/checkpoints/checkpoint_executor/mod.rs[0m[2m:[0m[2m332:[0m Received checkpoint summary from state sync [3msequence_number[0m[2m=[0m36
[2m2025-03-25T07:54:26.812478Z[0m [32m INFO[0m [1mnode[0m[1m{[0m[3mname[0m[2m=[0mk#b3f3cbb4..[1m}[0m[2m:[0m [2msui_core::checkpoints::checkpoint_executor[0m[2m:[0m [2mcrates/sui-core/src/checkpoints/checkpoint_executor/mod.rs[0m[2m:[0m[2m332:[0m Received checkpoint summary from state sync [3msequence_number[0m[2m=[0m37
[2m2025-03-25T07:54:26.812516Z[0m [32m INFO[0m [1mnode[0m[1m{[0m[3mname[0m[2m=[0mk#b3f3cbb4..[1m}[0m[2m:[0m [2msui_core::checkpoints::checkpoint_executor[0m[2m:[0m [2mcrates/sui-core/src/checkpoints/checkpoint_executor/mod.rs[0m[2m:[0m[2m332:[0m Received checkpoint summary from state sync [3msequence_number[0m[2m=[0m38
[2m2025-03-25T07:54:26.812553Z[0m [32m INFO[0m [1mnode[0m[1m{[0m[3mname[0m[2m=[0mk#b3f3cbb4..[1m}[0m[2m:[0m [2msui_core::checkpoints::checkpoint_executor[0m[2m:[0m [2mcrates/sui-core/src/checkpoints/checkpoint_executor/mod.rs[0m[2m:[0m[2m332:[0m Received checkpoint summary from state sync [3msequence_number[0m[2m=[0m39
[2m2025-03-25T07:54:26.812591Z[0m [32m INFO[0m [1mnode[0m[1m{[0m[3mname[0m[2m=[0mk#b3f3cbb4..[1m}[0m[2m:[0m [2msui_core::checkpoints::checkpoint_executor[0m[2m:[0m [2mcrates/sui-core/src/checkpoints/checkpoint_executor/mod.rs[0m[2m:[0m[2m332:[0m Received checkpoint summary from state sync [3msequence_number[0m[2m=[0m40
[2m2025-03-25T07:54:26.812629Z[0m [32m INFO[0m [1mnode[0m[1m{[0m[3mname[0m[2m=[0mk#b3f3cbb4..[1m}[0m[2m:[0m [2msui_core::checkpoints::checkpoint_executor[0m[2m:[0m [2mcrates/sui-core/src/checkpoints/checkpoint_executor/mod.rs[0m[2m:[0m[2m332:[0m Received checkpoint summary from state sync [3msequence_number[0m[2m=[0m41
[2m2025-03-25T07:54:26.812666Z[0m [32m INFO[0m [1mnode[0m[1m{[0m[3mname[0m[2m=[0mk#b3f3cbb4..[1m}[0m[2m:[0m [2msui_core::checkpoints::checkpoint_executor[0m[2m:[0m [2mcrates/sui-core/src/checkpoints/checkpoint_executor/mod.rs[0m[2m:[0m[2m332:[0m Received checkpoint summary from state sync [3msequence_number[0m[2m=[0m42
[2m2025-03-25T07:54:26.812703Z[0m [32m INFO[0m [1mnode[0m[1m{[0m[3mname[0m[2m=[0mk#b3f3cbb4..[1m}[0m[2m:[0m [2msui_core::checkpoints::checkpoint_executor[0m[2m:[0m [2mcrates/sui-core/src/checkpoints/checkpoint_executor/mod.rs[0m[2m:[0m[2m332:[0m Received checkpoint summary from state sync [3msequence_number[0m[2m=[0m43
[2m2025-03-25T07:54:26.812740Z[0m [32m INFO[0m [1mnode[0m[1m{[0m[3mname[0m[2m=[0mk#b3f3cbb4..[1m}[0m[2m:[0m [2msui_core::checkpoints::checkpoint_executor[0m[2m:[0m [2mcrates/sui-core/src/checkpoints/checkpoint_executor/mod.rs[0m[2m:[0m[2m332:[0m Received checkpoint summary from state sync [3msequence_number[0m[2m=[0m44
[2m2025-03-25T07:54:26.812777Z[0m [32m INFO[0m [1mnode[0m[1m{[0m[3mname[0m[2m=[0mk#b3f3cbb4..[1m}[0m[2m:[0m [2msui_core::checkpoints::checkpoint_executor[0m[2m:[0m [2mcrates/sui-core/src/checkpoints/checkpoint_executor/mod.rs[0m[2m:[0m[2m332:[0m Received checkpoint summary from state sync [3msequence_number[0m[2m=[0m45
[2m2025-03-25T07:54:26.812814Z[0m [32m INFO[0m [1mnode[0m[1m{[0m[3mname[0m[2m=[0mk#b3f3cbb4..[1m}[0m[2m:[0m [2msui_core::checkpoints::checkpoint_executor[0m[2m:[0m [2mcrates/sui-core/src/checkpoints/checkpoint_executor/mod.rs[0m[2m:[0m[2m332:[0m Received checkpoint summary from state sync [3msequence_number[0m[2m=[0m46
[2m2025-03-25T07:54:26.812851Z[0m [32m INFO[0m [1mnode[0m[1m{[0m[3mname[0m[2m=[0mk#b3f3cbb4..[1m}[0m[2m:[0m [2msui_core::checkpoints::checkpoint_executor[0m[2m:[0m [2mcrates/sui-core/src/checkpoints/checkpoint_executor/mod.rs[0m[2m:[0m[2m332:[0m Received checkpoint summary from state sync [3msequence_number[0m[2m=[0m47
[2m2025-03-25T07:54:26.812888Z[0m [32m INFO[0m [1mnode[0m[1m{[0m[3mname[0m[2m=[0mk#b3f3cbb4..[1m}[0m[2m:[0m [2msui_core::checkpoints::checkpoint_executor[0m[2m:[0m [2mcrates/sui-core/src/checkpoints/checkpoint_executor/mod.rs[0m[2m:[0m[2m332:[0m Received checkpoint summary from state sync [3msequence_number[0m[2m=[0m48
[2m2025-03-25T07:54:26.812924Z[0m [32m INFO[0m [1mnode[0m[1m{[0m[3mname[0m[2m=[0mk#b3f3cbb4..[1m}[0m[2m:[0m [2msui_core::checkpoints::checkpoint_executor[0m[2m:[0m [2mcrates/sui-core/src/checkpoints/checkpoint_executor/mod.rs[0m[2m:[0m[2m332:[0m Received checkpoint summary from state sync [3msequence_number[0m[2m=[0m49
[2m2025-03-25T07:54:26.812961Z[0m [32m INFO[0m [1mnode[0m[1m{[0m[3mname[0m[2m=[0mk#b3f3cbb4..[1m}[0m[2m:[0m [2msui_core::checkpoints::checkpoint_executor[0m[2m:[0m [2mcrates/sui-core/src/checkpoints/checkpoint_executor/mod.rs[0m[2m:[0m[2m332:[0m Received checkpoint summary from state sync [3msequence_number[0m[2m=[0m50
[2m2025-03-25T07:54:26.812998Z[0m [32m INFO[0m [1mnode[0m[1m{[0m[3mname[0m[2m=[0mk#b3f3cbb4..[1m}[0m[2m:[0m [2msui_core::checkpoints::checkpoint_executor[0m[2m:[0m [2mcrates/sui-core/src/checkpoints/checkpoint_executor/mod.rs[0m[2m:[0m[2m332:[0m Received checkpoint summary from state sync [3msequence_number[0m[2m=[0m51
[2m2025-03-25T07:54:26.813005Z[0m [32m INFO[0m [1mnode[0m[1m{[0m[3mname[0m[2m=[0mk#99f25ef6..[1m}[0m[2m:[0m [2msui_core::checkpoints::checkpoint_executor[0m[2m:[0m [2mcrates/sui-core/src/checkpoints/checkpoint_executor/mod.rs[0m[2m:[0m[2m332:[0m Received checkpoint summary from state sync [3msequence_number[0m[2m=[0m88
[2m2025-03-25T07:54:26.813035Z[0m [32m INFO[0m [1mnode[0m[1m{[0m[3mname[0m[2m=[0mk#b3f3cbb4..[1m}[0m[2m:[0m [2msui_core::checkpoints::checkpoint_executor[0m[2m:[0m [2mcrates/sui-core/src/checkpoints/checkpoint_executor/mod.rs[0m[2m:[0m[2m332:[0m Received checkpoint summary from state sync [3msequence_number[0m[2m=[0m52
[2m2025-03-25T07:54:26.813073Z[0m [32m INFO[0m [1mnode[0m[1m{[0m[3mname[0m[2m=[0mk#b3f3cbb4..[1m}[0m[2m:[0m [2msui_core::checkpoints::checkpoint_executor[0m[2m:[0m [2mcrates/sui-core/src/checkpoints/checkpoint_executor/mod.rs[0m[2m:[0m[2m332:[0m Received checkpoint summary from state sync [3msequence_number[0m[2m=[0m53
[2m2025-03-25T07:54:26.813110Z[0m [32m INFO[0m [1mnode[0m[1m{[0m[3mname[0m[2m=[0mk#b3f3cbb4..[1m}[0m[2m:[0m [2msui_core::checkpoints::checkpoint_executor[0m[2m:[0m [2mcrates/sui-core/src/checkpoints/checkpoint_executor/mod.rs[0m[2m:[0m[2m332:[0m Received checkpoint summary from state sync [3msequence_number[0m[2m=[0m54
[2m2025-03-25T07:54:26.813127Z[0m [32m INFO[0m [1mnode[0m[1m{[0m[3mname[0m[2m=[0mk#99f25ef6..[1m}[0m[2m:[0m [2msui_core::checkpoints::checkpoint_executor[0m[2m:[0m [2mcrates/sui-core/src/checkpoints/checkpoint_executor/mod.rs[0m[2m:[0m[2m332:[0m Received checkpoint summary from state sync [3msequence_number[0m[2m=[0m89
[2m2025-03-25T07:54:26.813147Z[0m [32m INFO[0m [1mnode[0m[1m{[0m[3mname[0m[2m=[0mk#b3f3cbb4..[1m}[0m[2m:[0m [2msui_core::checkpoints::checkpoint_executor[0m[2m:[0m [2mcrates/sui-core/src/checkpoints/checkpoint_executor/mod.rs[0m[2m:[0m[2m332:[0m Received checkpoint summary from state sync [3msequence_number[0m[2m=[0m55
[2m2025-03-25T07:54:26.813184Z[0m [32m INFO[0m [1mnode[0m[1m{[0m[3mname[0m[2m=[0mk#b3f3cbb4..[1m}[0m[2m:[0m [2msui_core::checkpoints::checkpoint_executor[0m[2m:[0m [2mcrates/sui-core/src/checkpoints/checkpoint_executor/mod.rs[0m[2m:[0m[2m332:[0m Received checkpoint summary from state sync [3msequence_number[0m[2m=[0m56
[2m2025-03-25T07:54:26.813221Z[0m [32m INFO[0m [1mnode[0m[1m{[0m[3mname[0m[2m=[0mk#b3f3cbb4..[1m}[0m[2m:[0m [2msui_core::checkpoints::checkpoint_executor[0m[2m:[0m [2mcrates/sui-core/src/checkpoints/checkpoint_executor/mod.rs[0m[2m:[0m[2m332:[0m Received checkpoint summary from state sync [3msequence_number[0m[2m=[0m57
[2m2025-03-25T07:54:26.813258Z[0m [32m INFO[0m [1mnode[0m[1m{[0m[3mname[0m[2m=[0mk#b3f3cbb4..[1m}[0m[2m:[0m [2msui_core::checkpoints::checkpoint_executor[0m[2m:[0m [2mcrates/sui-core/src/checkpoints/checkpoint_executor/mod.rs[0m[2m:[0m[2m332:[0m Received checkpoint summary from state sync [3msequence_number[0m[2m=[0m58
[2m2025-03-25T07:54:26.813296Z[0m [32m INFO[0m [1mnode[0m[1m{[0m[3mname[0m[2m=[0mk#b3f3cbb4..[1m}[0m[2m:[0m [2msui_core::checkpoints::checkpoint_executor[0m[2m:[0m [2mcrates/sui-core/src/checkpoints/checkpoint_executor/mod.rs[0m[2m:[0m[2m332:[0m Received checkpoint summary from state sync [3msequence_number[0m[2m=[0m59
[2m2025-03-25T07:54:26.813333Z[0m [32m INFO[0m [1mnode[0m[1m{[0m[3mname[0m[2m=[0mk#b3f3cbb4..[1m}[0m[2m:[0m [2msui_core::checkpoints::checkpoint_executor[0m[2m:[0m [2mcrates/sui-core/src/checkpoints/checkpoint_executor/mod.rs[0m[2m:[0m[2m332:[0m Received checkpoint summary from state sync [3msequence_number[0m[2m=[0m60
[2m2025-03-25T07:54:26.813370Z[0m [32m INFO[0m [1mnode[0m[1m{[0m[3mname[0m[2m=[0mk#b3f3cbb4..[1m}[0m[2m:[0m [2msui_core::checkpoints::checkpoint_executor[0m[2m:[0m [2mcrates/sui-core/src/checkpoints/checkpoint_executor/mod.rs[0m[2m:[0m[2m332:[0m Received checkpoint summary from state sync [3msequence_number[0m[2m=[0m61
[2m2025-03-25T07:54:26.813407Z[0m [32m INFO[0m [1mnode[0m[1m{[0m[3mname[0m[2m=[0mk#b3f3cbb4..[1m}[0m[2m:[0m [2msui_core::checkpoints::checkpoint_executor[0m[2m:[0m [2mcrates/sui-core/src/checkpoints/checkpoint_executor/mod.rs[0m[2m:[0m[2m332:[0m Received checkpoint summary from state sync [3msequence_number[0m[2m=[0m62
[2m2025-03-25T07:54:26.813444Z[0m [32m INFO[0m [1mnode[0m[1m{[0m[3mname[0m[2m=[0mk#b3f3cbb4..[1m}[0m[2m:[0m [2msui_core::checkpoints::checkpoint_executor[0m[2m:[0m [2mcrates/sui-core/src/checkpoints/checkpoint_executor/mod.rs[0m[2m:[0m[2m332:[0m Received checkpoint summary from state sync [3msequence_number[0m[2m=[0m63
[2m2025-03-25T07:54:26.813481Z[0m [32m INFO[0m [1mnode[0m[1m{[0m[3mname[0m[2m=[0mk#b3f3cbb4..[1m}[0m[2m:[0m [2msui_core::checkpoints::checkpoint_executor[0m[2m:[0m [2mcrates/sui-core/src/checkpoints/checkpoint_executor/mod.rs[0m[2m:[0m[2m332:[0m Received checkpoint summary from state sync [3msequence_number[0m[2m=[0m64
[2m2025-03-25T07:54:26.815064Z[0m [32m INFO[0m [1mnode[0m[1m{[0m[3mname[0m[2m=[0mk#99f25ef6..[1m}[0m[2m:[0m [2msui_core::state_accumulator[0m[2m:[0m [2mcrates/sui-core/src/state_accumulator.rs[0m[2m:[0m[2m675:[0m accumulating running root for checkpoint 88
[2m2025-03-25T07:54:26.815525Z[0m [32m INFO[0m [1mnode[0m[1m{[0m[3mname[0m[2m=[0mk#99f25ef6..[1m}[0m[2m:[0m [2msui_core::state_accumulator[0m[2m:[0m [2mcrates/sui-core/src/state_accumulator.rs[0m[2m:[0m[2m675:[0m accumulating running root for checkpoint 89
[2m2025-03-25T07:54:26.828469Z[0m [32m INFO[0m [1mnode[0m[1m{[0m[3mname[0m[2m=[0mk#b3f3cbb4..[1m}[0m[2m:[0m [2msui_core::checkpoints::checkpoint_executor[0m[2m:[0m [2mcrates/sui-core/src/checkpoints/checkpoint_executor/mod.rs[0m[2m:[0m[2m332:[0m Received checkpoint summary from state sync [3msequence_number[0m[2m=[0m65
[2m2025-03-25T07:54:26.829274Z[0m [32m INFO[0m [1mnode[0m[1m{[0m[3mname[0m[2m=[0mk#b3f3cbb4..[1m}[0m[2m:[0m [2msui_core::checkpoints::checkpoint_executor[0m[2m:[0m [2mcrates/sui-core/src/checkpoints/checkpoint_executor/mod.rs[0m[2m:[0m[2m332:[0m Received checkpoint summary from state sync [3msequence_number[0m[2m=[0m66
[2m2025-03-25T07:54:26.829318Z[0m [32m INFO[0m [1mnode[0m[1m{[0m[3mname[0m[2m=[0mk#b3f3cbb4..[1m}[0m[2m:[0m [2msui_core::checkpoints::checkpoint_executor[0m[2m:[0m [2mcrates/sui-core/src/checkpoints/checkpoint_executor/mod.rs[0m[2m:[0m[2m332:[0m Received checkpoint summary from state sync [3msequence_number[0m[2m=[0m67
[2m2025-03-25T07:54:26.829358Z[0m [32m INFO[0m [1mnode[0m[1m{[0m[3mname[0m[2m=[0mk#b3f3cbb4..[1m}[0m[2m:[0m [2msui_core::checkpoints::checkpoint_executor[0m[2m:[0m [2mcrates/sui-core/src/checkpoints/checkpoint_executor/mod.rs[0m[2m:[0m[2m332:[0m Received checkpoint summary from state sync [3msequence_number[0m[2m=[0m68
[2m2025-03-25T07:54:26.829396Z[0m [32m INFO[0m [1mnode[0m[1m{[0m[3mname[0m[2m=[0mk#b3f3cbb4..[1m}[0m[2m:[0m [2msui_core::checkpoints::checkpoint_executor[0m[2m:[0m [2mcrates/sui-core/src/checkpoints/checkpoint_executor/mod.rs[0m[2m:[0m[2m332:[0m Received checkpoint summary from state sync [3msequence_number[0m[2m=[0m69
[2m2025-03-25T07:54:26.829435Z[0m [32m INFO[0m [1mnode[0m[1m{[0m[3mname[0m[2m=[0mk#b3f3cbb4..[1m}[0m[2m:[0m [2msui_core::checkpoints::checkpoint_executor[0m[2m:[0m [2mcrates/sui-core/src/checkpoints/checkpoint_executor/mod.rs[0m[2m:[0m[2m332:[0m Received checkpoint summary from state sync [3msequence_number[0m[2m=[0m70
[2m2025-03-25T07:54:26.829472Z[0m [32m INFO[0m [1mnode[0m[1m{[0m[3mname[0m[2m=[0mk#b3f3cbb4..[1m}[0m[2m:[0m [2msui_core::checkpoints::checkpoint_executor[0m[2m:[0m [2mcrates/sui-core/src/checkpoints/checkpoint_executor/mod.rs[0m[2m:[0m[2m332:[0m Received checkpoint summary from state sync [3msequence_number[0m[2m=[0m71
[2m2025-03-25T07:54:26.829510Z[0m [32m INFO[0m [1mnode[0m[1m{[0m[3mname[0m[2m=[0mk#b3f3cbb4..[1m}[0m[2m:[0m [2msui_core::checkpoints::checkpoint_executor[0m[2m:[0m [2mcrates/sui-core/src/checkpoints/checkpoint_executor/mod.rs[0m[2m:[0m[2m332:[0m Received checkpoint summary from state sync [3msequence_number[0m[2m=[0m72
[2m2025-03-25T07:54:26.829548Z[0m [32m INFO[0m [1mnode[0m[1m{[0m[3mname[0m[2m=[0mk#b3f3cbb4..[1m}[0m[2m:[0m [2msui_core::checkpoints::checkpoint_executor[0m[2m:[0m [2mcrates/sui-core/src/checkpoints/checkpoint_executor/mod.rs[0m[2m:[0m[2m332:[0m Received checkpoint summary from state sync [3msequence_number[0m[2m=[0m73
[2m2025-03-25T07:54:26.829585Z[0m [32m INFO[0m [1mnode[0m[1m{[0m[3mname[0m[2m=[0mk#b3f3cbb4..[1m}[0m[2m:[0m [2msui_core::checkpoints::checkpoint_executor[0m[2m:[0m [2mcrates/sui-core/src/checkpoints/checkpoint_executor/mod.rs[0m[2m:[0m[2m332:[0m Received checkpoint summary from state sync [3msequence_number[0m[2m=[0m74
[2m2025-03-25T07:54:26.829623Z[0m [32m INFO[0m [1mnode[0m[1m{[0m[3mname[0m[2m=[0mk#b3f3cbb4..[1m}[0m[2m:[0m [2msui_core::checkpoints::checkpoint_executor[0m[2m:[0m [2mcrates/sui-core/src/checkpoints/checkpoint_executor/mod.rs[0m[2m:[0m[2m332:[0m Received checkpoint summary from state sync [3msequence_number[0m[2m=[0m75
[2m2025-03-25T07:54:26.829661Z[0m [32m INFO[0m [1mnode[0m[1m{[0m[3mname[0m[2m=[0mk#b3f3cbb4..[1m}[0m[2m:[0m [2msui_core::checkpoints::checkpoint_executor[0m[2m:[0m [2mcrates/sui-core/src/checkpoints/checkpoint_executor/mod.rs[0m[2m:[0m[2m332:[0m Received checkpoint summary from state sync [3msequence_number[0m[2m=[0m76
[2m2025-03-25T07:54:26.829700Z[0m [32m INFO[0m [1mnode[0m[1m{[0m[3mname[0m[2m=[0mk#b3f3cbb4..[1m}[0m[2m:[0m [2msui_core::checkpoints::checkpoint_executor[0m[2m:[0m [2mcrates/sui-core/src/checkpoints/checkpoint_executor/mod.rs[0m[2m:[0m[2m332:[0m Received checkpoint summary from state sync [3msequence_number[0m[2m=[0m77
[2m2025-03-25T07:54:26.829738Z[0m [32m INFO[0m [1mnode[0m[1m{[0m[3mname[0m[2m=[0mk#b3f3cbb4..[1m}[0m[2m:[0m [2msui_core::checkpoints::checkpoint_executor[0m[2m:[0m [2mcrates/sui-core/src/checkpoints/checkpoint_executor/mod.rs[0m[2m:[0m[2m332:[0m Received checkpoint summary from state sync [3msequence_number[0m[2m=[0m78
[2m2025-03-25T07:54:26.829775Z[0m [32m INFO[0m [1mnode[0m[1m{[0m[3mname[0m[2m=[0mk#b3f3cbb4..[1m}[0m[2m:[0m [2msui_core::checkpoints::checkpoint_executor[0m[2m:[0m [2mcrates/sui-core/src/checkpoints/checkpoint_executor/mod.rs[0m[2m:[0m[2m332:[0m Received checkpoint summary from state sync [3msequence_number[0m[2m=[0m79
[2m2025-03-25T07:54:26.829812Z[0m [32m INFO[0m [1mnode[0m[1m{[0m[3mname[0m[2m=[0mk#b3f3cbb4..[1m}[0m[2m:[0m [2msui_core::checkpoints::checkpoint_executor[0m[2m:[0m [2mcrates/sui-core/src/checkpoints/checkpoint_executor/mod.rs[0m[2m:[0m[2m332:[0m Received checkpoint summary from state sync [3msequence_number[0m[2m=[0m80
[2m2025-03-25T07:54:26.829849Z[0m [32m INFO[0m [1mnode[0m[1m{[0m[3mname[0m[2m=[0mk#b3f3cbb4..[1m}[0m[2m:[0m [2msui_core::checkpoints::checkpoint_executor[0m[2m:[0m [2mcrates/sui-core/src/checkpoints/checkpoint_executor/mod.rs[0m[2m:[0m[2m332:[0m Received checkpoint summary from state sync [3msequence_number[0m[2m=[0m81
[2m2025-03-25T07:54:26.829886Z[0m [32m INFO[0m [1mnode[0m[1m{[0m[3mname[0m[2m=[0mk#b3f3cbb4..[1m}[0m[2m:[0m [2msui_core::checkpoints::checkpoint_executor[0m[2m:[0m [2mcrates/sui-core/src/checkpoints/checkpoint_executor/mod.rs[0m[2m:[0m[2m332:[0m Received checkpoint summary from state sync [3msequence_number[0m[2m=[0m82
[2m2025-03-25T07:54:26.829924Z[0m [32m INFO[0m [1mnode[0m[1m{[0m[3mname[0m[2m=[0mk#b3f3cbb4..[1m}[0m[2m:[0m [2msui_core::checkpoints::checkpoint_executor[0m[2m:[0m [2mcrates/sui-core/src/checkpoints/checkpoint_executor/mod.rs[0m[2m:[0m[2m332:[0m Received checkpoint summary from state sync [3msequence_number[0m[2m=[0m83
[2m2025-03-25T07:54:26.829961Z[0m [32m INFO[0m [1mnode[0m[1m{[0m[3mname[0m[2m=[0mk#b3f3cbb4..[1m}[0m[2m:[0m [2msui_core::checkpoints::checkpoint_executor[0m[2m:[0m [2mcrates/sui-core/src/checkpoints/checkpoint_executor/mod.rs[0m[2m:[0m[2m332:[0m Received checkpoint summary from state sync [3msequence_number[0m[2m=[0m84
[2m2025-03-25T07:54:26.829998Z[0m [32m INFO[0m [1mnode[0m[1m{[0m[3mname[0m[2m=[0mk#b3f3cbb4..[1m}[0m[2m:[0m [2msui_core::checkpoints::checkpoint_executor[0m[2m:[0m [2mcrates/sui-core/src/checkpoints/checkpoint_executor/mod.rs[0m[2m:[0m[2m332:[0m Received checkpoint summary from state sync [3msequence_number[0m[2m=[0m85
[2m2025-03-25T07:54:26.830035Z[0m [32m INFO[0m [1mnode[0m[1m{[0m[3mname[0m[2m=[0mk#b3f3cbb4..[1m}[0m[2m:[0m [2msui_core::checkpoints::checkpoint_executor[0m[2m:[0m [2mcrates/sui-core/src/checkpoints/checkpoint_executor/mod.rs[0m[2m:[0m[2m332:[0m Received checkpoint summary from state sync [3msequence_number[0m[2m=[0m86
[2m2025-03-25T07:54:26.830071Z[0m [32m INFO[0m [1mnode[0m[1m{[0m[3mname[0m[2m=[0mk#b3f3cbb4..[1m}[0m[2m:[0m [2msui_core::checkpoints::checkpoint_executor[0m[2m:[0m [2mcrates/sui-core/src/checkpoints/checkpoint_executor/mod.rs[0m[2m:[0m[2m332:[0m Received checkpoint summary from state sync [3msequence_number[0m[2m=[0m87
[2m2025-03-25T07:54:26.890736Z[0m [32m INFO[0m [1mnode[0m[1m{[0m[3mname[0m[2m=[0mk#b3f3cbb4..[1m}[0m[2m:[0m[1mexecution_driver[0m[1m{[0m[3mtx_digest[0m[2m=[0mTransactionDigest(39hkeZCWju83wSbk4Tb9w8H1tDV5sRbrKjkaUHon4H5U)[1m}[0m[2m:[0m [2msui_core::authority::authority_per_epoch_store[0m[2m:[0m [2mcrates/sui-core/src/authority/authority_per_epoch_store.rs[0m[2m:[0m[2m4233:[0m Updating authenticator state: AuthenticatorStateUpdate { epoch: 0, round: 4, new_active_jwks: [ActiveJwk { jwk_id: JwkId { iss: "https://oauth.sui.io", kid: "sui-key-id" }, jwk: JWK { kty: "RSA", e: "AQAB", n: "wdar6dBP7b88u6o190uXBK4yPS76OxFjiHDPwOyJwJiiAE3YRq8y_pfyQVua9nEasgrPfEBzVoC5QCld8NAC88uvbNKyoLZ6w5KlFjp88q2Sfy7nAzh3I-AnjsL6zl43NZrKep4_Nmb5nJeafcEi6B5MsYYDWW1Nn26O7ob9IWRNWcaTKhOhqDzbiN_66azN-NgaP_uHjlu1xuMV0kRt-luLSTXJS3S2n8PVNCxr3Gr2oViUpP8kSa-0i5vsg3gNtSfBY97AbChwOnyazj_PoaVD6zbEC4L5gvRZJA6vyoAWF_ZumvkwC3fxcFIBnSKMlGzS_Z-bUyQDCQy_BG9AOw", alg: "RS256" }, epoch: 0 }, ActiveJwk { jwk_id: JwkId { iss: "https://login.onepassport.onefc.com/de3ee5c1-5644-4113-922d-e8336569a462/v2.0/", kid: "X-yzFPFMdWtJQ1oJXiGRVnn061ezrvZz596xN3mCfyQ" }, jwk: JWK { kty: "RSA", e: "AQAB", n: "t4ZoVgvyj7jKNq-ydYvgYVn5avBR9H4BQrKy2FWlR49siiMFWhxYXtPs7o4J6hhUgo00nk9pf-7rg7XnTiI7MFp2DluhWZK41YFfyGhDpbG9EImqvmy1N8poj5fid1lAjH2CfjtDyywgV84ViQ1hA5-noOrLhjb-zMZp_yKMSEeY_Ewx70jwhXevvrANKblNUFVJPQ7EI6_La-uALNBeQfu5OgPiMPiswhoQz0bhproUc7GiRxBw-9n72z3JU3HMy9mByrDnNfaZ13_Kmp9zgZYxynv5XXWJFGVHv3GZ_cDYg6OqahmrwMhT3GYTZ8JjMzZj4gH8MCCGPxde9SotKQ", alg: "RS256" }, epoch: 0 }], authenticator_obj_initial_shared_version: SequenceNumber(1) }
[2m2025-03-25T07:54:26.929546Z[0m [32m INFO[0m [1mnode[0m[1m{[0m[3mname[0m[2m=[0mk#8dcff6d1..[1m}[0m[2m:[0m [2msui_core::checkpoints[0m[2m:[0m [2mcrates/sui-core/src/checkpoints/mod.rs[0m[2m:[0m[2m1326:[0m Creating checkpoint(s) for 1 transactions [3mnext_checkpoint_seq[0m[2m=[0m91 [3mcheckpoint_timestamp[0m[2m=[0m1742889266186
[2m2025-03-25T07:54:26.929810Z[0m [32m INFO[0m [1mnode[0m[1m{[0m[3mname[0m[2m=[0mk#8dcff6d1..[1m}[0m[2m:[0m [2msui_core::checkpoints::checkpoint_output[0m[2m:[0m [2mcrates/sui-core/src/checkpoints/checkpoint_output.rs[0m[2m:[0m[2m149:[0m Creating checkpoint CheckpointDigest(6f66kFLWcwt1pPCgSHHsqzXt18vDNZcQoyT4xYLQ1AoC) at epoch 0, sequence 91, previous digest Some(CheckpointDigest(FUXZJH7nFNSxaMhWbLSDYndpzt8s6cDA6srzTg8jCqaY)), transactions count 1, content digest CheckpointContentsDigest(DGXBmYrJYEJZbDqwpng2C3bjtnqWyWmyTnCc1Bo5KZwZ), end_of_epoch_data None
[2m2025-03-25T07:54:26.936708Z[0m [32m INFO[0m [1mnode[0m[1m{[0m[3mname[0m[2m=[0mk#99f25ef6..[1m}[0m[2m:[0m [2msui_core::checkpoints[0m[2m:[0m [2mcrates/sui-core/src/checkpoints/mod.rs[0m[2m:[0m[2m1326:[0m Creating checkpoint(s) for 1 transactions [3mnext_checkpoint_seq[0m[2m=[0m91 [3mcheckpoint_timestamp[0m[2m=[0m1742889266186
[2m2025-03-25T07:54:26.936933Z[0m [32m INFO[0m [1mnode[0m[1m{[0m[3mname[0m[2m=[0mk#99f25ef6..[1m}[0m[2m:[0m [2msui_core::checkpoints::checkpoint_output[0m[2m:[0m [2mcrates/sui-core/src/checkpoints/checkpoint_output.rs[0m[2m:[0m[2m149:[0m Creating checkpoint CheckpointDigest(6f66kFLWcwt1pPCgSHHsqzXt18vDNZcQoyT4xYLQ1AoC) at epoch 0, sequence 91, previous digest Some(CheckpointDigest(FUXZJH7nFNSxaMhWbLSDYndpzt8s6cDA6srzTg8jCqaY)), transactions count 1, content digest CheckpointContentsDigest(DGXBmYrJYEJZbDqwpng2C3bjtnqWyWmyTnCc1Bo5KZwZ), end_of_epoch_data None
[2m2025-03-25T07:54:26.938584Z[0m [32m INFO[0m [1mnode[0m[1m{[0m[3mname[0m[2m=[0mk#addeef94..[1m}[0m[2m:[0m [2msui_core::checkpoints[0m[2m:[0m [2mcrates/sui-core/src/checkpoints/mod.rs[0m[2m:[0m[2m1326:[0m Creating checkpoint(s) for 1 transactions [3mnext_checkpoint_seq[0m[2m=[0m91 [3mcheckpoint_timestamp[0m[2m=[0m1742889266186
[2m2025-03-25T07:54:26.938786Z[0m [32m INFO[0m [1mnode[0m[1m{[0m[3mname[0m[2m=[0mk#addeef94..[1m}[0m[2m:[0m [2msui_core::checkpoints::checkpoint_output[0m[2m:[0m [2mcrates/sui-core/src/checkpoints/checkpoint_output.rs[0m[2m:[0m[2m149:[0m Creating checkpoint CheckpointDigest(6f66kFLWcwt1pPCgSHHsqzXt18vDNZcQoyT4xYLQ1AoC) at epoch 0, sequence 91, previous digest Some(CheckpointDigest(FUXZJH7nFNSxaMhWbLSDYndpzt8s6cDA6srzTg8jCqaY)), transactions count 1, content digest CheckpointContentsDigest(DGXBmYrJYEJZbDqwpng2C3bjtnqWyWmyTnCc1Bo5KZwZ), end_of_epoch_data None
[2m2025-03-25T07:54:26.942249Z[0m [32m INFO[0m [1mnode[0m[1m{[0m[3mname[0m[2m=[0mk#addeef94..[1m}[0m[2m:[0m [2msui_core::checkpoints::checkpoint_executor[0m[2m:[0m [2mcrates/sui-core/src/checkpoints/checkpoint_executor/mod.rs[0m[2m:[0m[2m332:[0m Received checkpoint summary from state sync [3msequence_number[0m[2m=[0m88
[2m2025-03-25T07:54:26.942388Z[0m [32m INFO[0m [1mnode[0m[1m{[0m[3mname[0m[2m=[0mk#addeef94..[1m}[0m[2m:[0m [2msui_core::checkpoints::checkpoint_executor[0m[2m:[0m [2mcrates/sui-core/src/checkpoints/checkpoint_executor/mod.rs[0m[2m:[0m[2m332:[0m Received checkpoint summary from state sync [3msequence_number[0m[2m=[0m89
[2m2025-03-25T07:54:26.943764Z[0m [32m INFO[0m [1mnode[0m[1m{[0m[3mname[0m[2m=[0mk#addeef94..[1m}[0m[2m:[0m [2msui_core::state_accumulator[0m[2m:[0m [2mcrates/sui-core/src/state_accumulator.rs[0m[2m:[0m[2m675:[0m accumulating running root for checkpoint 88
[2m2025-03-25T07:54:26.944208Z[0m [32m INFO[0m [1mnode[0m[1m{[0m[3mname[0m[2m=[0mk#addeef94..[1m}[0m[2m:[0m [2msui_core::state_accumulator[0m[2m:[0m [2mcrates/sui-core/src/state_accumulator.rs[0m[2m:[0m[2m675:[0m accumulating running root for checkpoint 89
[2m2025-03-25T07:54:26.954240Z[0m [32m INFO[0m [1mnode[0m[1m{[0m[3mname[0m[2m=[0mk#addeef94..[1m}[0m[2m:[0m [2mconsensus_core::core[0m[2m:[0m [2mconsensus/core/src/core.rs[0m[2m:[0m[2m531:[0m Created block B53(C,3nMcC6T93IoB/cKl+CnZbypvn7lojqYVmWr7t6y4UFw=)(1742889266953ms;[B52(C,unZAM6fTEXOA969tx5SqDmFgx3WbmeVr9zvnLsA9oWw=), B52(A,UcEjHwDA4V55IX5splpjmW0hHGN4SfUJw8WL0qmsTp0=), B52(B,hhGPP18dvLxRtSizZd7bVv8OuRI7r078l+1JfgcRaeA=)];2t;1c) for round 53
[2m2025-03-25T07:54:26.956897Z[0m [32m INFO[0m [1mnode[0m[1m{[0m[3mname[0m[2m=[0mk#99f25ef6..[1m}[0m[2m:[0m [2mconsensus_core::core[0m[2m:[0m [2mconsensus/core/src/core.rs[0m[2m:[0m[2m531:[0m Created block B53(B,vg+syO3wWceNwj8j79/4psIK5OCzi8APHojtGgRbR6Y=)(1742889266956ms;[B52(B,hhGPP18dvLxRtSizZd7bVv8OuRI7r078l+1JfgcRaeA=), B52(A,UcEjHwDA4V55IX5splpjmW0hHGN4SfUJw8WL0qmsTp0=), B52(C,unZAM6fTEXOA969tx5SqDmFgx3WbmeVr9zvnLsA9oWw=)];2t;1c) for round 53
[2m2025-03-25T07:54:26.956952Z[0m [32m INFO[0m [1mnode[0m[1m{[0m[3mname[0m[2m=[0mk#8dcff6d1..[1m}[0m[2m:[0m [2mconsensus_core::core[0m[2m:[0m [2mconsensus/core/src/core.rs[0m[2m:[0m[2m531:[0m Created block B53(A,iDnsfxUb170eibB8eLbj2H9zuI7q8BdY5EhIp5PX05g=)(1742889266956ms;[B52(A,UcEjHwDA4V55IX5splpjmW0hHGN4SfUJw8WL0qmsTp0=), B52(B,hhGPP18dvLxRtSizZd7bVv8OuRI7r078l+1JfgcRaeA=), B52(C,unZAM6fTEXOA969tx5SqDmFgx3WbmeVr9zvnLsA9oWw=)];2t;1c) for round 53
[2m2025-03-25T07:54:26.956981Z[0m [32m INFO[0m [1mnode[0m[1m{[0m[3mname[0m[2m=[0mk#99f25ef6..[1m}[0m[2m:[0m [2mconsensus_core::core[0m[2m:[0m [2mconsensus/core/src/core.rs[0m[2m:[0m[2m630:[0m Committing 1 leaders: B51(A,u12K)
[2m2025-03-25T07:54:26.957032Z[0m [32m INFO[0m [1mnode[0m[1m{[0m[3mname[0m[2m=[0mk#8dcff6d1..[1m}[0m[2m:[0m [2mconsensus_core::core[0m[2m:[0m [2mconsensus/core/src/core.rs[0m[2m:[0m[2m630:[0m Committing 1 leaders: B51(A,u12K)
[2m2025-03-25T07:54:26.957051Z[0m [32m INFO[0m [1mnode[0m[1m{[0m[3mname[0m[2m=[0mk#99f25ef6..[1m}[0m[2m:[0m [2mconsensus_core::commit_observer[0m[2m:[0m [2mconsensus/core/src/commit_observer.rs[0m[2m:[0m[2m173:[0m Consensus commit C50(J7mv) with leader B51(A,u12K) has 3 blocks
[2m2025-03-25T07:54:26.957098Z[0m [32m INFO[0m [1mnode[0m[1m{[0m[3mname[0m[2m=[0mk#8dcff6d1..[1m}[0m[2m:[0m [2mconsensus_core::commit_observer[0m[2m:[0m [2mconsensus/core/src/commit_observer.rs[0m[2m:[0m[2m173:[0m Consensus commit C50(J7mv) with leader B51(A,u12K) has 3 blocks
[2m2025-03-25T07:54:26.957139Z[0m [32m INFO[0m [1mnode[0m[1m{[0m[3mname[0m[2m=[0mk#99f25ef6..[1m}[0m[2m:[0m [2msui_core::consensus_handler[0m[2m:[0m [2mcrates/sui-core/src/consensus_handler.rs[0m[2m:[0m[2m232:[0m Received consensus output [3mconsensus_commit[0m[2m=[0mCommittedSubDag(leader=B51(A,u12K), ref=C50(J7mv), blocks=[vLnD, FWOP, u12K]) [3mepoch[0m[2m=[0m0
[2m2025-03-25T07:54:26.957184Z[0m [32m INFO[0m [1mnode[0m[1m{[0m[3mname[0m[2m=[0mk#8dcff6d1..[1m}[0m[2m:[0m [2msui_core::consensus_handler[0m[2m:[0m [2mcrates/sui-core/src/consensus_handler.rs[0m[2m:[0m[2m232:[0m Received consensus output [3mconsensus_commit[0m[2m=[0mCommittedSubDag(leader=B51(A,u12K), ref=C50(J7mv), blocks=[vLnD, FWOP, u12K]) [3mepoch[0m[2m=[0m0
[2m2025-03-25T07:54:26.963716Z[0m [32m INFO[0m [1mnode[0m[1m{[0m[3mname[0m[2m=[0mk#addeef94..[1m}[0m[2m:[0m [2mconsensus_core::core[0m[2m:[0m [2mconsensus/core/src/core.rs[0m[2m:[0m[2m630:[0m Committing 1 leaders: B51(A,u12K)
[2m2025-03-25T07:54:26.963983Z[0m [32m INFO[0m [1mnode[0m[1m{[0m[3mname[0m[2m=[0mk#addeef94..[1m}[0m[2m:[0m [2mconsensus_core::commit_observer[0m[2m:[0m [2mconsensus/core/src/commit_observer.rs[0m[2m:[0m[2m173:[0m Consensus commit C50(J7mv) with leader B51(A,u12K) has 3 blocks
[2m2025-03-25T07:54:26.964164Z[0m [32m INFO[0m [1mnode[0m[1m{[0m[3mname[0m[2m=[0mk#addeef94..[1m}[0m[2m:[0m [2msui_core::consensus_handler[0m[2m:[0m [2mcrates/sui-core/src/consensus_handler.rs[0m[2m:[0m[2m232:[0m Received consensus output [3mconsensus_commit[0m[2m=[0mCommittedSubDag(leader=B51(A,u12K), ref=C50(J7mv), blocks=[vLnD, FWOP, u12K]) [3mepoch[0m[2m=[0m0
[2m2025-03-25T07:54:27.004702Z[0m [32m INFO[0m [1mnode[0m[1m{[0m[3mname[0m[2m=[0mk#b3f3cbb4..[1m}[0m[2m:[0m [2msui_core::state_accumulator[0m[2m:[0m [2mcrates/sui-core/src/state_accumulator.rs[0m[2m:[0m[2m675:[0m accumulating running root for checkpoint 4
[2m2025-03-25T07:54:27.044170Z[0m [32m INFO[0m [1mnode[0m[1m{[0m[3mname[0m[2m=[0mk#99f25ef6..[1m}[0m[2m:[0m [2msui_core::checkpoints[0m[2m:[0m [2mcrates/sui-core/src/checkpoints/mod.rs[0m[2m:[0m[2m1326:[0m Creating checkpoint(s) for 1 transactions [3mnext_checkpoint_seq[0m[2m=[0m92 [3mcheckpoint_timestamp[0m[2m=[0m1742889266445
[2m2025-03-25T07:54:27.044435Z[0m [32m INFO[0m [1mnode[0m[1m{[0m[3mname[0m[2m=[0mk#99f25ef6..[1m}[0m[2m:[0m [2msui_core::checkpoints::checkpoint_output[0m[2m:[0m [2mcrates/sui-core/src/checkpoints/checkpoint_output.rs[0m[2m:[0m[2m149:[0m Creating checkpoint CheckpointDigest(6mMjMfwEHJMj6gT1JEPn9DSPijrfBKSqeHUszAQERXJc) at epoch 0, sequence 92, previous digest Some(CheckpointDigest(6f66kFLWcwt1pPCgSHHsqzXt18vDNZcQoyT4xYLQ1AoC)), transactions count 1, content digest CheckpointContentsDigest(BWteBU1cq2Z2XhTnpM3d6Q2Faqvx3SM7JerR577ot2Ww), end_of_epoch_data None
[2m2025-03-25T07:54:27.053699Z[0m [32m INFO[0m [1mnode[0m[1m{[0m[3mname[0m[2m=[0mk#99f25ef6..[1m}[0m[2m:[0m [2msui_core::checkpoints::checkpoint_output[0m[2m:[0m [2mcrates/sui-core/src/checkpoints/checkpoint_output.rs[0m[2m:[0m[2m196:[0m Certified checkpoint with sequence 90 and digest FUXZJH7nFNSxaMhWbLSDYndpzt8s6cDA6srzTg8jCqaY
[2m2025-03-25T07:54:27.053790Z[0m [32m INFO[0m [1mnode[0m[1m{[0m[3mname[0m[2m=[0mk#99f25ef6..[1m}[0m[2m:[0m [2msui_core::checkpoints::checkpoint_output[0m[2m:[0m [2mcrates/sui-core/src/checkpoints/checkpoint_output.rs[0m[2m:[0m[2m196:[0m Certified checkpoint with sequence 91 and digest 6f66kFLWcwt1pPCgSHHsqzXt18vDNZcQoyT4xYLQ1AoC
[2m2025-03-25T07:54:27.058184Z[0m [32m INFO[0m [1mnode[0m[1m{[0m[3mname[0m[2m=[0mk#99f25ef6..[1m}[0m[2m:[0m [2msui_core::checkpoints::checkpoint_executor[0m[2m:[0m [2mcrates/sui-core/src/checkpoints/checkpoint_executor/mod.rs[0m[2m:[0m[2m332:[0m Received checkpoint summary from state sync [3msequence_number[0m[2m=[0m90
[2m2025-03-25T07:54:27.058369Z[0m [32m INFO[0m [1mnode[0m[1m{[0m[3mname[0m[2m=[0mk#99f25ef6..[1m}[0m[2m:[0m [2msui_core::checkpoints::checkpoint_executor[0m[2m:[0m [2mcrates/sui-core/src/checkpoints/checkpoint_executor/mod.rs[0m[2m:[0m[2m332:[0m Received checkpoint summary from state sync [3msequence_number[0m[2m=[0m91
[2m2025-03-25T07:54:27.060278Z[0m [32m INFO[0m [1mnode[0m[1m{[0m[3mname[0m[2m=[0mk#8dcff6d1..[1m}[0m[2m:[0m [2msui_core::checkpoints[0m[2m:[0m [2mcrates/sui-core/src/checkpoints/mod.rs[0m[2m:[0m[2m1326:[0m Creating checkpoint(s) for 1 transactions [3mnext_checkpoint_seq[0m[2m=[0m92 [3mcheckpoint_timestamp[0m[2m=[0m1742889266445
[2m2025-03-25T07:54:27.060507Z[0m [32m INFO[0m [1mnode[0m[1m{[0m[3mname[0m[2m=[0mk#8dcff6d1..[1m}[0m[2m:[0m [2msui_core::checkpoints::checkpoint_output[0m[2m:[0m [2mcrates/sui-core/src/checkpoints/checkpoint_output.rs[0m[2m:[0m[2m149:[0m Creating checkpoint CheckpointDigest(6mMjMfwEHJMj6gT1JEPn9DSPijrfBKSqeHUszAQERXJc) at epoch 0, sequence 92, previous digest Some(CheckpointDigest(6f66kFLWcwt1pPCgSHHsqzXt18vDNZcQoyT4xYLQ1AoC)), transactions count 1, content digest CheckpointContentsDigest(BWteBU1cq2Z2XhTnpM3d6Q2Faqvx3SM7JerR577ot2Ww), end_of_epoch_data None
[2m2025-03-25T07:54:27.060773Z[0m [32m INFO[0m [1mnode[0m[1m{[0m[3mname[0m[2m=[0mk#99f25ef6..[1m}[0m[2m:[0m [2msui_core::state_accumulator[0m[2m:[0m [2mcrates/sui-core/src/state_accumulator.rs[0m[2m:[0m[2m675:[0m accumulating running root for checkpoint 90
[2m2025-03-25T07:54:27.061251Z[0m [32m INFO[0m [1mnode[0m[1m{[0m[3mname[0m[2m=[0mk#99f25ef6..[1m}[0m[2m:[0m [2msui_core::state_accumulator[0m[2m:[0m [2mcrates/sui-core/src/state_accumulator.rs[0m[2m:[0m[2m675:[0m accumulating running root for checkpoint 91
[2m2025-03-25T07:54:27.065307Z[0m [32m INFO[0m [1mnode[0m[1m{[0m[3mname[0m[2m=[0mk#8dcff6d1..[1m}[0m[2m:[0m [2msui_core::checkpoints::checkpoint_output[0m[2m:[0m [2mcrates/sui-core/src/checkpoints/checkpoint_output.rs[0m[2m:[0m[2m196:[0m Certified checkpoint with sequence 90 and digest FUXZJH7nFNSxaMhWbLSDYndpzt8s6cDA6srzTg8jCqaY
[2m2025-03-25T07:54:27.065334Z[0m [32m INFO[0m [1mnode[0m[1m{[0m[3mname[0m[2m=[0mk#8dcff6d1..[1m}[0m[2m:[0m [2msui_core::checkpoints::checkpoint_output[0m[2m:[0m [2mcrates/sui-core/src/checkpoints/checkpoint_output.rs[0m[2m:[0m[2m196:[0m Certified checkpoint with sequence 91 and digest 6f66kFLWcwt1pPCgSHHsqzXt18vDNZcQoyT4xYLQ1AoC
[2m2025-03-25T07:54:27.066315Z[0m [32m INFO[0m [1mnode[0m[1m{[0m[3mname[0m[2m=[0mk#8dcff6d1..[1m}[0m[2m:[0m [2msui_core::checkpoints::checkpoint_executor[0m[2m:[0m [2mcrates/sui-core/src/checkpoints/checkpoint_executor/mod.rs[0m[2m:[0m[2m332:[0m Received checkpoint summary from state sync [3msequence_number[0m[2m=[0m90
[2m2025-03-25T07:54:27.066443Z[0m [32m INFO[0m [1mnode[0m[1m{[0m[3mname[0m[2m=[0mk#8dcff6d1..[1m}[0m[2m:[0m [2msui_core::checkpoints::checkpoint_executor[0m[2m:[0m [2mcrates/sui-core/src/checkpoints/checkpoint_executor/mod.rs[0m[2m:[0m[2m332:[0m Received checkpoint summary from state sync [3msequence_number[0m[2m=[0m91
[2m2025-03-25T07:54:27.068396Z[0m [32m INFO[0m [1mnode[0m[1m{[0m[3mname[0m[2m=[0mk#8dcff6d1..[1m}[0m[2m:[0m [2msui_core::state_accumulator[0m[2m:[0m [2mcrates/sui-core/src/state_accumulator.rs[0m[2m:[0m[2m675:[0m accumulating running root for checkpoint 90
[2m2025-03-25T07:54:27.068849Z[0m [32m INFO[0m [1mnode[0m[1m{[0m[3mname[0m[2m=[0mk#8dcff6d1..[1m}[0m[2m:[0m [2msui_core::state_accumulator[0m[2m:[0m [2mcrates/sui-core/src/state_accumulator.rs[0m[2m:[0m[2m675:[0m accumulating running root for checkpoint 91
[2m2025-03-25T07:54:27.069867Z[0m [32m INFO[0m [1mnode[0m[1m{[0m[3mname[0m[2m=[0mk#addeef94..[1m}[0m[2m:[0m [2msui_core::checkpoints[0m[2m:[0m [2mcrates/sui-core/src/checkpoints/mod.rs[0m[2m:[0m[2m1326:[0m Creating checkpoint(s) for 1 transactions [3mnext_checkpoint_seq[0m[2m=[0m92 [3mcheckpoint_timestamp[0m[2m=[0m1742889266445
[2m2025-03-25T07:54:27.070085Z[0m [32m INFO[0m [1mnode[0m[1m{[0m[3mname[0m[2m=[0mk#addeef94..[1m}[0m[2m:[0m [2msui_core::checkpoints::checkpoint_output[0m[2m:[0m [2mcrates/sui-core/src/checkpoints/checkpoint_output.rs[0m[2m:[0m[2m149:[0m Creating checkpoint CheckpointDigest(6mMjMfwEHJMj6gT1JEPn9DSPijrfBKSqeHUszAQERXJc) at epoch 0, sequence 92, previous digest Some(CheckpointDigest(6f66kFLWcwt1pPCgSHHsqzXt18vDNZcQoyT4xYLQ1AoC)), transactions count 1, content digest CheckpointContentsDigest(BWteBU1cq2Z2XhTnpM3d6Q2Faqvx3SM7JerR577ot2Ww), end_of_epoch_data None
[2m2025-03-25T07:54:27.085362Z[0m [32m INFO[0m [1mnode[0m[1m{[0m[3mname[0m[2m=[0mk#b3f3cbb4..[1m}[0m[2m:[0m[1mexecution_driver[0m[1m{[0m[3mtx_digest[0m[2m=[0mTransactionDigest(DEmimAHVpRDPfTQNJcasByqinJ1jeunYMs5X5GY9kKwT)[1m}[0m[2m:[0m [2msui_core::authority::authority_per_epoch_store[0m[2m:[0m [2mcrates/sui-core/src/authority/authority_per_epoch_store.rs[0m[2m:[0m[2m4233:[0m Updating authenticator state: AuthenticatorStateUpdate { epoch: 0, round: 5, new_active_jwks: [ActiveJwk { jwk_id: JwkId { iss: "https://slack.com", kid: "mB2MAyKSn555isd0EbdhKx6nkyAi9xLq8rvCEb_nOyY" }, jwk: JWK { kty: "RSA", e: "AQAB", n: "zQqzXfb677bpMKw0idKC5WkVLyqk04PWMsWYJDKqMUUuu_PmzdsvXBfHU7tcZiNoHDuVvGDqjqnkLPEzjXnaZY0DDDHvJKS0JI8fkxIfV1kNy3DkpQMMhgAwnftUiSXgb5clypOmotAEm59gHPYjK9JHBWoHS14NYEYZv9NVy0EkjauyYDSTz589aiKU5lA-cePG93JnqLw8A82kfTlrJ1IIJo2isyBGANr0YzR-d3b_5EvP7ivU7Ph2v5JcEUHeiLSRzIzP3PuyVFrPH659Deh-UAsDFOyJbIcimg9ITnk5_45sb_Xcd_UN6h5I7TGOAFaJN4oi4aaGD4elNi_K1Q", alg: "RS256" }, epoch: 0 }, ActiveJwk { jwk_id: JwkId { iss: "https://appleid.apple.com", kid: "dMlERBaFdK" }, jwk: JWK { kty: "RSA", e: "AQAB", n: "ryLWkB74N6SJNRVBjKF6xKMfP-QW3AAsJotv0LjVtf7m4NZNg_gTL78e7O8wmvngF8FuzBrvqf1mGW17Ct8BgNK6YXxnoGL0YLmlwXbmCZvTXki0VlEW1PDXeViWy7qXaCp2caF5v4OOdPsgroxNO_DgJRTuA_izJ4DFZYHCHXwojfdWJiDYG67j5PlD5pXKGx7zaqyryjovZTEII_Z1_bhFCRUZRjfJ3TVoK0fZj2z7iAZWjn33i-V3zExUhwzEyeuGph0118NfmOLCUEy_Jd4xvLf_X4laPpe9nq8UeORfs72yz2qH7cHDKL85W6oG08Gu05JWuAs5Ay49WxJrmw", alg: "RS256" }, epoch: 0 }, ActiveJwk { jwk_id: JwkId { iss: "https://appleid.apple.com", kid: "rBRfVmqsjn" }, jwk: JWK { kty: "RSA", e: "AQAB", n: "pPOaiF5yL-y42FaKg9PYASR5-rdTK7NEiteNUAzNp0zkta-HW-tgLNLNlsft3zcrsgOLqXxhX7qzlI3JGH-wSs7_v2XNSg57QhOTxPDqtUfy5DegtiSOgwE947OBTwCWo2R6cGZD1T8ysfO2HuKheq2hEwZU4Y-8qT19WWOhZHs4CVt7A5mzpIgWuUVw766VTyqrqKev32DOUPIqFocFz3tuty95S9t_OYnaPCcET-b6DV_eT7psPhqhl5nNUm0lzkCQ53-9kxQNJxBciy0wiBcAexD4KppKRRD3evFpOSxD1R6Kg2DIG5UnbVVqn5nhZA9RH-t50f_biqV3KlSHJQ", alg: "RS256" }, epoch: 0 }, ActiveJwk { jwk_id: JwkId { iss: "https://appleid.apple.com", kid: "rs0M3kOV9p" }, jwk: JWK { kty: "RSA", e: "AQAB", n: "zH5so3zLsgmRypxAAYJimfF9cx3ISSyHyzjDP3yvE9ieqpnjFJhzgCP8L4oKO9vUFNpoG1ub7I3paYNY6Vb2yc4chnsjJxB3j0jomJ3iI9MlWoVecTFG2tywyx5NRhy3YfTUpw2uCLafzWrpIJIoKUCGM6iUgaIFjvfi-cGT5T_5eUSWZHN-ziH69mGcbMRGLQEixQUatwru9i4i-OSk-w-JmLOqAzRP1mVn1tcZRIoGSB2PFSSJX9SK90OX8i5sj7dpIO_2xbGMtyNJkDzGq88x1pMJ4sv6HMj-tx4QrpGDbUi7zBCgbBnNSGSB_LBv4dbswwWY96ckHgx9yf_7IQ", alg: "RS256" }, epoch: 0 }, ActiveJwk { jwk_id: JwkId { iss: "https://oauth2.playtron.one", kid: "1fd66a18-7afd-4086-ba57-a8ca9b398406" }, jwk: JWK { kty: "RSA", e: "AQAB", n: "7XHinRSS9un2BdWsLhFOdi5N-17HMRYf4odQE4KqiPqRrp8TDE9bDekg8ERCW7Hqkgp44U07BUJwCiL5ss_9rIgV6Wy_lOwF_npGqMstZYemnZYNvpaD4ZEneoRmo94qNkYg5szBhVlvaF-IXlwB4GEQdDLJZOLafgPYL4XK2eD49Q7PU7jkNKy91k98UeK3fH9iv0L6W5nJNU1SzCR75gRcWyKSySg9RCTQyWFak8VhWW1YxwIQebvGgTsr6jYgxvcmRsSLeMhEhoIhOOkC1zQK51kBB-ZS7o2KttDHr1dn08LeHJkxSZ2guLdT_V2ISDiKxjXgVBlSvvweLgEHs7cehNU-D65uQpTxULPJW7xeITDl8rCCxbr8p8rcq-I19EV5Uj4n7RswaNDZ2YO87Yx12KzZVrO_0Tra6CvsNJ7hdI_Ykg7yMLs-dj7eKgOF5Nx1Q7Bnp1OyRKIXfUkyZkh8mjfiMt-npf1WPAgF1Iwx5H-ww1rTuFR6yyZRtEHyVxudg9XFar6cKizi75uKVGaV74GMGI2tPGL0zh_jCh8QSk68HltKdfLP8xDvHBB_crklWlr9iYuFjHzLI9KWvICvQWMtQikHE3iaf492I9SMqR0OIwSeg5TzzerVX17qkCeVbdxOK9jKeP5k2sW6mETUdrJCmlRwGN-EG_VIOrE", alg: "RS256" }, epoch: 0 }, ActiveJwk { jwk_id: JwkId { iss: "https://oauth2.playtron.one", kid: "7388b63c-ba03-4fe3-85e3-6717f91d55b1" }, jwk: JWK { kty: "RSA", e: "AQAB", n: "scvmHIfIZk5ZU7_k6snu98s5rPKBDws804qpNEPyy7fkmzxDbcN-qWQJrDgNU-pvr5WvIPyu2hfFrNtBiiE3IZqqGRm2rJb8LoKz6mtxiLyRT8EQS8D8U6uiR8mkvbw-vgJ1h3l2gHDXPGN-03_DXrL8r2xDiuxdezxjiCI80r7bmpZg9i8PWtL1BQU43nM4MNDXi9Wo5ppSojFxTe8L75ZOnFeLBVxPJG9YBGhFnATIoUei7ohbw5_t9buiIfXTQ3ZwCvG3WAGFDsOIdl3PapA1T7oTlsfQp0wQa0EDeleFBu81ytNlidJNQcXz3F9OmwYbHJ4bPMYcz-x2ATLK5w", alg: "RS256" }, epoch: 0 }, ActiveJwk { jwk_id: JwkId { iss: "https://oauth2.playtron.one", kid: "e55421cb-cdbd-4791-a590-ad8ca798aa89" }, jwk: JWK { kty: "RSA", e: "AQAB", n: "vy8-EHvWmVHH5xi3BBvfalX9i6OuP9mz2wz1E72eMTf1ZHVbZ66O-vWlr2F2SNSyB_PURIb1KIqUcvpn6GW_vgs4EhflMJnmeZ0Fot4V6YsEOIzob7jkooeFNZ7dTDDHahtMyBd7pcJCv1afdQSTVZQeO0lm0swOm2whkw6hV7R2fBG3zLJsBUqe9oEwMa9cJ768KFfxFoEAUk3SQZ74JmkgOEKBSf26EcPcxAZTreSDAdh5-MI4oD1aawHfb5nl1CQxhRf4YcCp_MVoerKKX1-it0NkDn5xJsuN_Z3Dv5354j6OZVBZpDjN7ZwcQfLEnjwI8G4Zr9y2SC3g_fH1G-MIhe0LPDWF4egqMaIwkIDW0sMqPAnE_nSFN8Ag3KJ_iT6P2PAGJbna882IIczb5q9VXkB0RJlL4BwNHSE2q867EZBNGFTPrDJzHtM7sZ468Y4taMv0CyFdPlb0alFRsS_T658tdkt1lxrl_dzE0ixPBw99X5Rwz0XLv4yNs4BQ6RgHVZT5fGGRzXovlDx9F2ea0EleNn47KAFDs0wNjIl1oryar0pJMlb-pDPuVcGMt0XYNh5gOLty5LdAl_7PqwFsQc7QMWIGqjnSnzeGYvN7kknpfYl0SfJDQNNSJDI2b2oGUWw-K6-kCgQxxlEKbhztegiVmRGuqcDfvNqrpqc", alg: "RS256" }, epoch: 0 }, ActiveJwk { jwk_id: JwkId { iss: "https://accounts.fantv.world", kid: "PODsfgAn4twvCLjNt9QmEEiAcCa3Z6C10LxrDxvi3bA" }, jwk: JWK { kty: "RSA", e: "AQAB", n: "z9Y8JtahOmbujGwGCe9tT24ur_AuJqNMdWPA6TXia4EDR8iQMrw_DxY3gBDrNqM9ml2NLkO3jo-OI78fl0RbuKepUCko-E2lB0If95L1xB2pWmUpqO8Pa7IilX4oO7h_o_mpUYXoC0wEocJyIjBRWtjqMkM6LhF9tk9-zcl2tcRFkiV1gcGe7FP529jQkSjMK8Ide0T30ZdlGQ7l6b0tuRoYFjoMnGQvl-14QYmSOHvHOqaVSD09KEMmQ4CllDMXZwCBfTRSkRfCTf33qSxm6aEdQcYA2mQD6tIVINuuCOelRhf-GkgfFFUkCM61PmlNm6JXLJgtUWsofaMQ4Yzpiw", alg: "RS256" }, epoch: 0 }, ActiveJwk { jwk_id: JwkId { iss: "https://accounts.karrier.one/", kid: "B65FDCAA152E04ADE817314CF6A06F4ECABF4CFB" }, jwk: JWK { kty: "RSA", e: "AQAB", n: "ra5LGXik2tB6apOePLdwT0ID-Kevzoyy_qcvHhvGJbrY_0PVaT3yM2t_UyvNlh60QYmtIxmGE1vTfbD6moDg0y1WLZ2tMfJ56YT23LYW-quzHHpw3pcAi8EVCFiU7pB4XHHBv-0F_eS7qGQr4Y38QyWKEzg6kv4X_xpMxEpVYmRVgYu8rGXqwCHIFq1Dc3v9Op83hO2q-geeidXjosydxgb6LdOpc27Q_0gzDM2vTaI0k8fqauVGilcYw3OxeqL5jVrdSeyaq4meHrquLdGCbI_KQiS08GJ9BZ4QchfTK70lzKasCsTcW5jd2Ci7DYoPvY-FrR8zPaxHj9jjTkAW3Q", alg: "RS256" }, epoch: 0 }, ActiveJwk { jwk_id: JwkId { iss: "https://accounts.karrier.one/", kid: "E760D111C1A1296E6D1D85F7EB18DDBAA0EC2B4E" }, jwk: JWK { kty: "RSA", e: "AQAB", n: "3s6cCgr0tKeYEy_MGYDZ7ByPgI0Bv-JimxiSNOytvXb6xvcxE_jjEiEkMg6R3frYXWWuM3V4DMB3WGc8ePDACM9e3ly8jEpxA90nJ1eE94a9bF5wQGtC8_oqw2DajBt6O5ZTSKFJhMQMyzKUXmqT_m1DsUHm0uNGPulMp2CmSE8xtFLlXdxl_8on4zN_4PboPgOrl65DKcw6THTuNcasffyxVeK6_HbuEDLp-Q1v8PtvW98TO2GvOK-yNLDrpgqeh0fnnUBHR2tkMaJ3nnLNdEkVfeBQlafCvwJPRrGX83POq6SC-WAoP6IOH9BXd0DwRvqgCj2uWhtk9yEamJ7Q2Q", alg: "RS256" }, epoch: 0 }, ActiveJwk { jwk_id: JwkId { iss: "https://accounts.credenza3.com", kid: "JG6oZkIBqQdkpnCnD479zFXgMA5_I7i-aHAV0MRwvDs" }, jwk: JWK { kty: "RSA", e: "AQAB", n: "wgMHXL3avVaf-jrwvVw5bhpROsF7CnY7vzovJW4fNp_dY0abqvMga2C7fzdKNp4AFxQmXkoX_-vF7wbDRLXXmjdJ-x4YdKIA_JxsZqZKCG_k5-7UZFmHb1F3oy67uYh_xRv_H8yPSJ9TKJrAiWIBG9EFvZNy8y2pHXFDNSxTo4NzcUs_-TNhiuxWatpnduoCXWJf6I813Lxn8G9Z7Tql5fUgofW5GIygxS8zUiUZaYkLPL3_aNIFal58OzUturgiTcYrQp5WPkG56AL_Y6KNhxABjopC7WTXCeFXGXCIgb-JQpPARDaL7WL3w_w5-vR3Ra2WeQ3sddtoLtB0X234DQ", alg: "RS256" }, epoch: 0 }, ActiveJwk { jwk_id: JwkId { iss: "https://accounts.credenza3.com", kid: "nArTrOCdn42U6zyzuZmxBIGAuYQaNyuHwUkAycsQTw8" }, jwk: JWK { kty: "RSA", e: "AQAB", n: "mb4kA1QddMUulk6AMeRekV0YEPX-x-eSx7BjbAy1qkPsGjnpwjUmGzk9jBptlCLgc1HT_qELTfpr_w5xqFcy-1ayAlg87gw86Z0IRN9ROTTE04LiHMIwH9Y8H06C_9I0H29WCMqFGlBJH9n0hYu6nPpgVkV6E-9wze10-jzi5JLqiM0tB8Ihniy2ZHGgiwG1CM--xHKkaXcFLF3d8bGlALGp1CgtiHdWeMyQ5SBzL6lmhMcnzzse0VlAIq1m94Fath217OcQcEw-VrJlyGJ8gAyi-N3O9VZAl2dykNgji9tcC1ws5IMbGyWSv5OpeHfUDN97iOcTJ4noBF7EwvIwpQ", alg: "RS256" }, epoch: 0 }, ActiveJwk { jwk_id: JwkId { iss: "https://login.microsoftonline.com/v2.0", kid: "-cgAvjmmQ24Ks20zIpDB4SW894w" }, jwk: JWK { kty: "RSA", e: "AQAB", n: "otM7AZjL81wdSVdrkQtt6shrQiAT8OZJeIKTeRJgrDYXKzaVXs0WFXVCjCv9GuCktF-tereotfZlcskamfuupe574o76CJy6AUtuY7wt0OKqxoSJMRuUJvA_NNkT50C_dTDHTtF7kiGBwWvHEkHeZAgT52E8bfNJswV28GsPscM9vG2ylUPyiaEIsGi0cg_JllbnfBjGhfA_lzmrB9Iw75E3f1Hnk2uAs1KcHJGSH3EwHJ5tUeo9WtLGjRAfH1kGtPjkktNaw3V8EukEzgIfILV8udpWYE79A_p5jFUnTNkQxsviNxG537JMooa1ZoYveDv_f6LCj1o7MNZQVlD3tw", alg: "RS256" }, epoch: 0 }, ActiveJwk { jwk_id: JwkId { iss: "https://login.microsoftonline.com/v2.0", kid: "CNv0OI3RwqlHFEVnaoMAshCH2XE" }, jwk: JWK { kty: "RSA", e: "AQAB", n: "hz6fUSCSAuiyQz6L1nQj4za8kItevJzxhVbecMigTIl9pXZSHZa3gzMgtapnb1q96CG5qvR78dH6ZvTKL8MzN4VfGgZhvLEv5LJKeo0tGgBIS65wxIiJYj9ExEDqFkw9RdhW1nN8IN9eO76PbC-fdEPtDekA2BaITY2DARISKN4Ke0RLBEWNrKeEjjOzrygS2e3Q9NVzE51ZGGQAGHau7atHy8M_qA1nnd2dMUgUMnEYIMzDBTSKz17G6itJOdanGvG3wXvdpndKffnDppaPkyWbnybdMI4IP7q6WsCqnt3Gtg-baG6GDqZQQEBp9C9gLAFv4ORTRlpD3w0gCMh7xw", alg: "RS256" }, epoch: 0 }, ActiveJwk { jwk_id: JwkId { iss: "https://login.microsoftonline.com/v2.0", kid: "JDNa_4i4r7FgigL3sHIlI3xV-IU" }, jwk: JWK { kty: "RSA", e: "AQAB", n: "iQ745_U-vjkxPblaw6phBpe08fC42mpcrS4pcr15HiyZQyQV-BFcEVyLwPdsz3ulMRN7OB_UMfCcPBHqOjguejoab6hyJFVVMw_epP4a3SpQN9qaCbnqaSxgSGiqSq663g3TjsF_Wu1m9L41eNoF6Yvh5kULMd6lqjY0LPO5ZZxaQFLtIHahoJKMvYy1BTS0VYcNsXTjxkgUEL6Vc8GV5vaClbnY3VA2hLbXC1SGJWjVGdYXhkuck2tHr58u87MPEaQ33C6YfyISZKsdumF5bTCcIH75jjC3WbMVOLgWg5w0MSiHOFyI76Ihxbb0nRicEuao0WzO9AS7HJ7L24FHFQ", alg: "RS256" }, epoch: 0 }, ActiveJwk { jwk_id: JwkId { iss: "https://login.microsoftonline.com/v2.0", kid: "JYhSOsHhDZrc5kfqQg8ujkHMTNY" }, jwk: JWK { kty: "RSA", e: "AQAB", n: "xxMRcusywRId_dJR_edc-qe_M3vhXONCz7QDhjVfoqHWbt9lQCXCVIsIo9VJI1nGT1F6NkXEIBt462x2p1w2cgf4AF86dGhbTpR-k81WLR5gNjkhpPqB1PCitichVIKbHAvOyYEAaJnEyCiJqIlU_Zg5L5FzRqv_N_3-fhYvWK0pc3m1Ohyd2kNRg1Nbcp5ogt7mBjec7MErfi-N0o54vXfsK6hM2m7h0sZwVd4CxgPqnpBtm2htM9xaKpnwkYoEL3va3bPI1VGGp9QLZwMV6RAHOy_ORpz4xarG-z7lZUCLO0X1So05rn7w5edBmfblUQlPL3BljbUVB3abd9SNXw", alg: "RS256" }, epoch: 0 }, ActiveJwk { jwk_id: JwkId { iss: "https://login.microsoftonline.com/v2.0", kid: "PDRf_Bs8CkDdi7av6hKLwRnNHmk" }, jwk: JWK { kty: "RSA", e: "AQAB", n: "v2R1eCh9xaZjAqn0FTf-DuDy3BFsJHc_lsv4K1Ycd1qnF5DwHC7mxnoTsA_dnI8BJvZsCAI7kkFjqKqXDSVYwRM05733_EPekLqLlb02-XLcOziMsOEMpXRrl1wFGHK5zmh2D4ZLsEId2Gdk1fcLzwjCg5iqQxi17DQFDoi0aWUKnkN62sSbiUvzd11eUl0N_beLZ0HYf53wk8r9P3reVhz9W7P8KwNBf7JyiLxmRP_yD9n3650iXi1qp8bZcAt9WmMZ2H6iHHhb7biXwvrJuf2id72VPvV6qkVu6jwUVW5yh6dIvCtPYEA7JNMWyBEXOjJbZ-3l3szj1GSV5m8eAQ", alg: "RS256" }, epoch: 0 }, ActiveJwk { jwk_id: JwkId { iss: "https://login.microsoftonline.com/v2.0", kid: "dd55f7QP3HZky-ekQBDWKe7ADN0" }, jwk: JWK { kty: "RSA", e: "AQAB", n: "s950MOniBjjiB82Zx5FehPuYJKtguUAP5vpMNZ6JxYLGzn5h3FPplx0kkPEezg7dnH-sFxGwq_C7P14ja0YmHUkmozqdbg4GRS8xp9Ue0-KWs4BTTkXvMPnc3xBU6be4SmHK-c7A0E54YfokiY1KTRCaq_RRPDlVZJuc6s6rK4nRoPo0eOCj7H4b--QnKmPXiFSPNp40NC7FRfx9m7SYSltubIDzq1f4j2Qlrv90f2kT5DP81_2DGdHZ_ao7ypPX2_z_m4ycQgfAhIYhNHRai6iGtbU6NPkw38LS29bVbGycVCaBoq6_re8k_UiOM7gP9l96QDFnkMmNhpRxT7t34w", alg: "RS256" }, epoch: 0 }, ActiveJwk { jwk_id: JwkId { iss: "https://login.microsoftonline.com/v2.0", kid: "ntzdbvo449IBJV0Yy_T--gOiPI8" }, jwk: JWK { kty: "RSA", e: "AQAB", n: "uYmKqopaxMNlFJ3QUgTM6TcWvR00WVPs4sCAl5Inr5tCIWbqC1IzVt74_eGPw9OypfM4YpEfAz5czFWgRRVcRQYNwDWSAXTSh-vkqK2meW4HQp7W33NCoz_kZ6JR-xwWJZCOtQa0RNwNTVuHTL2dyJo6DUShxVPtG6c8sV4gFCEz0moHBrf5njywV0GGkQgYe98GeCL3Mv2kx4WVf0pHkSELJfW5JN6jvD_05fY_g3LKsXqXm9u1cS39K4iULFVeeoz5jBMKl5h6w3lqSeBtzmqHpw6YVxcDu_bRUd_rqZUvTaZUgS_EfpOpOicaQN--90nzp4givQYEvWtDBtan5Q", alg: "RS256" }, epoch: 0 }, ActiveJwk { jwk_id: JwkId { iss: "https://cognito-idp.eu-west-3.amazonaws.com/eu-west-3_gGVCx53Es", kid: "FIqQqeRU1EQP75fBeds+wL2yczwvbDy1NF6T/f5Oe5o=" }, jwk: JWK { kty: "RSA", e: "AQAB", n: "va55QtSTFhvqx0IL8UAPNZf6x5NO9jK88Wyct-i67grbDJZyXLSxz5oSttoIHkaJZQWgl_qsgyxDpHeSMznliS0K7rXFwaw81PwDIB_ek8uKhXmaQ6ryPAaO-8kvR46o-EYyVk9wWPDHTtN6NEbiUxGoDqOoiVCrVJLsFdoia7-MMVJnR2VokbEgGGbJkZu2MipikQvk_b7BGF__5mKvCJc6hCEJcxIUFvETKA9AOhjgxLvE9U8Ke6XRfmDLKovDAsDaZsWP6VPN0HoBi5mak9CgUqmxwnvNJFLhpjawD9E23O_l4aBcie56eFcC_knUa2VOHymBoJ0On3p03yxs7Q", alg: "RS256" }, epoch: 0 }, ActiveJwk { jwk_id: JwkId { iss: "https://cognito-idp.eu-west-3.amazonaws.com/eu-west-3_gGVCx53Es", kid: "JbFCSYl4Xp4UYEJHo7R0iwl/Xf3F5+z72stu8iH+QxY=" }, jwk: JWK { kty: "RSA", e: "AQAB", n: "o09QloKDInGEWvXK0aZr67RnfU9l0kmTOldGF8t36ExfBWNvRsTiTfn4VdetcJlIDrmxQSSP-2toXqQ7m1t4_idKNjkb7s1FsAtWy60mAfmyeMcGhegmxxxMtWJsk2hbY_oRuTPQEUDnTfnIMUL-oDmc_HmRNzYPrbCJolIWC2r2gkJ-q6jwGEujkaeoQq3wM_NTkeBO_rrCUngIUykbbczkMF8vELGewPgwqTjd9ZTTf08kUPF9IUtT-VyF0U-I1xrQrmU9opQ209I-Dk-ehxIHWN85nlLBxu0Krb9adSx_HDEOd00wNSQgPBkvCUPpVmC10UO7hHxzGSi7czrlsw", alg: "RS256" }, epoch: 0 }, ActiveJwk { jwk_id: JwkId { iss: "https://cognito-idp.us-east-1.amazonaws.com/us-east-1_qPsZxYqd8", kid: "VHA/vY1d2h7X33DpZ6ZBDRfnCS/OIgiV7toCdxyEUDY=" }, jwk: JWK { kty: "RSA", e: "AQAB", n: "7nb7CxiOI5bgf80jk1WOwi6Fmo9EJzIugpl-gZehOgL4cVAmvp1ChVZMwxTRM62hIQ6Ab6k0vmLBq_jZFx6MeU4c1xTipIohOEK_5HjbesM9OuduHkujN6J7Az4ON4TyHtJOXs3-xdVbjWQwP5L2O_N334ZIb9n-hRxGRhKaQLciSNEt3TQ2ookJaa1q9UinlA0jJyIMLJXmpSdvUP_0QizT88wrenRs3PccgKBQgvtQx569yvL6YnzaRSa8pL7saNy2KqevDHkIvRfqEckduoFQTyiL5OTz6canJYaklw-OImrO1eQF2Z_TsamXKKdk9-k9WFwYx4ftDTdacDflaw", alg: "RS256" }, epoch: 0 }, ActiveJwk { jwk_id: JwkId { iss: "https://cognito-idp.us-east-1.amazonaws.com/us-east-1_qPsZxYqd8", kid: "lGbuLXh42ChSJwrMUEBO2npnvMzdAHqOj6DNZieDuVA=" }, jwk: JWK { kty: "RSA", e: "AQAB", n: "2e3M6UZo5G1r3eYi1h_dqng0lhNHE6bwSrnEmTMygjDaejpcjWKY9ICFtcz-lP_HEx_q67HsaM7QUIGpTEtAXqQHyxbMAcPlUwKSD8y_mZJlDDM4kI7KJQLW4M-904gDvih5FbnJc-QNkH1Z7vHwDpLOam53x8QQj7rjoXBzH0q0JVlv5PU5ZEoqCc2PIJCtxzZApXzMt0lnqw8DB55P4_czdplVkd80UhPAz1gM3ysTIQi2eblMvkUp98orOlpsp434g6mnrdgYFLOleuuwNraRTJRi0r9Dn9ToILY7Arywi5jS8M496CXJUFAB9UKXKrTa9pazlnRMiFBochRRZw", alg: "RS256" }, epoch: 0 }], authenticator_obj_initial_shared_version: SequenceNumber(1) }
[2m2025-03-25T07:54:27.165214Z[0m [32m INFO[0m [1mnode[0m[1m{[0m[3mname[0m[2m=[0mk#99f25ef6..[1m}[0m[2m:[0m [2msui_core::checkpoints[0m[2m:[0m [2mcrates/sui-core/src/checkpoints/mod.rs[0m[2m:[0m[2m1326:[0m Creating checkpoint(s) for 1 transactions [3mnext_checkpoint_seq[0m[2m=[0m93 [3mcheckpoint_timestamp[0m[2m=[0m1742889266445
[2m2025-03-25T07:54:27.165506Z[0m [32m INFO[0m [1mnode[0m[1m{[0m[3mname[0m[2m=[0mk#99f25ef6..[1m}[0m[2m:[0m [2msui_core::checkpoints::checkpoint_output[0m[2m:[0m [2mcrates/sui-core/src/checkpoints/checkpoint_output.rs[0m[2m:[0m[2m149:[0m Creating checkpoint CheckpointDigest(BVs5iBArtxJ6y6LW351rqQY37ZbZukSAPQsVmeSdHCVg) at epoch 0, sequence 93, previous digest Some(CheckpointDigest(6mMjMfwEHJMj6gT1JEPn9DSPijrfBKSqeHUszAQERXJc)), transactions count 1, content digest CheckpointContentsDigest(BvKWp6mrGnArwQWfzKSJBNrChkG6139eUxoBT72EhqLM), end_of_epoch_data None
[2m2025-03-25T07:54:27.184431Z[0m [32m INFO[0m [1mnode[0m[1m{[0m[3mname[0m[2m=[0mk#addeef94..[1m}[0m[2m:[0m [2msui_core::checkpoints[0m[2m:[0m [2mcrates/sui-core/src/checkpoints/mod.rs[0m[2m:[0m[2m1326:[0m Creating checkpoint(s) for 1 transactions [3mnext_checkpoint_seq[0m[2m=[0m93 [3mcheckpoint_timestamp[0m[2m=[0m1742889266445
[2m2025-03-25T07:54:27.184665Z[0m [32m INFO[0m [1mnode[0m[1m{[0m[3mname[0m[2m=[0mk#addeef94..[1m}[0m[2m:[0m [2msui_core::checkpoints::checkpoint_output[0m[2m:[0m [2mcrates/sui-core/src/checkpoints/checkpoint_output.rs[0m[2m:[0m[2m149:[0m Creating checkpoint CheckpointDigest(BVs5iBArtxJ6y6LW351rqQY37ZbZukSAPQsVmeSdHCVg) at epoch 0, sequence 93, previous digest Some(CheckpointDigest(6mMjMfwEHJMj6gT1JEPn9DSPijrfBKSqeHUszAQERXJc)), transactions count 1, content digest CheckpointContentsDigest(BvKWp6mrGnArwQWfzKSJBNrChkG6139eUxoBT72EhqLM), end_of_epoch_data None
[2m2025-03-25T07:54:27.191994Z[0m [32m INFO[0m [1mnode[0m[1m{[0m[3mname[0m[2m=[0mk#8dcff6d1..[1m}[0m[2m:[0m [2msui_core::checkpoints[0m[2m:[0m [2mcrates/sui-core/src/checkpoints/mod.rs[0m[2m:[0m[2m1326:[0m Creating checkpoint(s) for 1 transactions [3mnext_checkpoint_seq[0m[2m=[0m93 [3mcheckpoint_timestamp[0m[2m=[0m1742889266445
[2m2025-03-25T07:54:27.192011Z[0m [32m INFO[0m [1mnode[0m[1m{[0m[3mname[0m[2m=[0mk#addeef94..[1m}[0m[2m:[0m [2msui_core::checkpoints::checkpoint_executor[0m[2m:[0m [2mcrates/sui-core/src/checkpoints/checkpoint_executor/mod.rs[0m[2m:[0m[2m332:[0m Received checkpoint summary from state sync [3msequence_number[0m[2m=[0m90
[2m2025-03-25T07:54:27.192142Z[0m [32m INFO[0m [1mnode[0m[1m{[0m[3mname[0m[2m=[0mk#addeef94..[1m}[0m[2m:[0m [2msui_core::checkpoints::checkpoint_executor[0m[2m:[0m [2mcrates/sui-core/src/checkpoints/checkpoint_executor/mod.rs[0m[2m:[0m[2m332:[0m Received checkpoint summary from state sync [3msequence_number[0m[2m=[0m91
[2m2025-03-25T07:54:27.192192Z[0m [32m INFO[0m [1mnode[0m[1m{[0m[3mname[0m[2m=[0mk#8dcff6d1..[1m}[0m[2m:[0m [2msui_core::checkpoints::checkpoint_output[0m[2m:[0m [2mcrates/sui-core/src/checkpoints/checkpoint_output.rs[0m[2m:[0m[2m149:[0m Creating checkpoint CheckpointDigest(BVs5iBArtxJ6y6LW351rqQY37ZbZukSAPQsVmeSdHCVg) at epoch 0, sequence 93, previous digest Some(CheckpointDigest(6mMjMfwEHJMj6gT1JEPn9DSPijrfBKSqeHUszAQERXJc)), transactions count 1, content digest CheckpointContentsDigest(BvKWp6mrGnArwQWfzKSJBNrChkG6139eUxoBT72EhqLM), end_of_epoch_data None
[2m2025-03-25T07:54:27.193806Z[0m [32m INFO[0m [1mnode[0m[1m{[0m[3mname[0m[2m=[0mk#addeef94..[1m}[0m[2m:[0m [2msui_core::state_accumulator[0m[2m:[0m [2mcrates/sui-core/src/state_accumulator.rs[0m[2m:[0m[2m675:[0m accumulating running root for checkpoint 90
[2m2025-03-25T07:54:27.194242Z[0m [32m INFO[0m [1mnode[0m[1m{[0m[3mname[0m[2m=[0mk#addeef94..[1m}[0m[2m:[0m [2msui_core::state_accumulator[0m[2m:[0m [2mcrates/sui-core/src/state_accumulator.rs[0m[2m:[0m[2m675:[0m accumulating running root for checkpoint 91
[2m2025-03-25T07:54:27.196824Z[0m [32m INFO[0m [1mnode[0m[1m{[0m[3mname[0m[2m=[0mk#b3f3cbb4..[1m}[0m[2m:[0m [2msui_core::state_accumulator[0m[2m:[0m [2mcrates/sui-core/src/state_accumulator.rs[0m[2m:[0m[2m675:[0m accumulating running root for checkpoint 5
[2m2025-03-25T07:54:27.210859Z[0m [32m INFO[0m [1mnode[0m[1m{[0m[3mname[0m[2m=[0mk#8dcff6d1..[1m}[0m[2m:[0m [2mconsensus_core::core[0m[2m:[0m [2mconsensus/core/src/core.rs[0m[2m:[0m[2m531:[0m Created block B54(A,Nru2OnHvgtI5awAKSlDUEZ/LJA7P04aq7DHvZn6/H84=)(1742889267210ms;[B53(A,iDnsfxUb170eibB8eLbj2H9zuI7q8BdY5EhIp5PX05g=), B53(B,vg+syO3wWceNwj8j79/4psIK5OCzi8APHojtGgRbR6Y=), B53(C,3nMcC6T93IoB/cKl+CnZbypvn7lojqYVmWr7t6y4UFw=)];2t;1c) for round 54
[2m2025-03-25T07:54:27.210895Z[0m [32m INFO[0m [1mnode[0m[1m{[0m[3mname[0m[2m=[0mk#99f25ef6..[1m}[0m[2m:[0m [2mconsensus_core::core[0m[2m:[0m [2mconsensus/core/src/core.rs[0m[2m:[0m[2m531:[0m Created block B54(B,5OwvvxFBidpxC6CFLUYOHmXUKHDFTapWXPNxfFIgt2Q=)(1742889267210ms;[B53(B,vg+syO3wWceNwj8j79/4psIK5OCzi8APHojtGgRbR6Y=), B53(A,iDnsfxUb170eibB8eLbj2H9zuI7q8BdY5EhIp5PX05g=), B53(C,3nMcC6T93IoB/cKl+CnZbypvn7lojqYVmWr7t6y4UFw=)];2t;1c) for round 54
[2m2025-03-25T07:54:27.215978Z[0m [32m INFO[0m [1mnode[0m[1m{[0m[3mname[0m[2m=[0mk#addeef94..[1m}[0m[2m:[0m [2mconsensus_core::core[0m[2m:[0m [2mconsensus/core/src/core.rs[0m[2m:[0m[2m531:[0m Created block B54(C,aMldksS6FUIRXrqoUv1BodlB2U8fC5LD5TyVCJudK0U=)(1742889267215ms;[B53(C,3nMcC6T93IoB/cKl+CnZbypvn7lojqYVmWr7t6y4UFw=), B53(A,iDnsfxUb170eibB8eLbj2H9zuI7q8BdY5EhIp5PX05g=), B53(B,vg+syO3wWceNwj8j79/4psIK5OCzi8APHojtGgRbR6Y=)];2t;1c) for round 54
[2m2025-03-25T07:54:27.216060Z[0m [32m INFO[0m [1mnode[0m[1m{[0m[3mname[0m[2m=[0mk#addeef94..[1m}[0m[2m:[0m [2mconsensus_core::core[0m[2m:[0m [2mconsensus/core/src/core.rs[0m[2m:[0m[2m630:[0m Committing 1 leaders: B52(C,unZA)
[2m2025-03-25T07:54:27.216133Z[0m [32m INFO[0m [1mnode[0m[1m{[0m[3mname[0m[2m=[0mk#addeef94..[1m}[0m[2m:[0m [2mconsensus_core::commit_observer[0m[2m:[0m [2mconsensus/core/src/commit_observer.rs[0m[2m:[0m[2m173:[0m Consensus commit C51(SyX0) with leader B52(C,unZA) has 3 blocks
[2m2025-03-25T07:54:27.216215Z[0m [32m INFO[0m [1mnode[0m[1m{[0m[3mname[0m[2m=[0mk#addeef94..[1m}[0m[2m:[0m [2msui_core::consensus_handler[0m[2m:[0m [2mcrates/sui-core/src/consensus_handler.rs[0m[2m:[0m[2m232:[0m Received consensus output [3mconsensus_commit[0m[2m=[0mCommittedSubDag(leader=B52(C,unZA), ref=C51(SyX0), blocks=[d0pc, SAq3, unZA]) [3mepoch[0m[2m=[0m0
[2m2025-03-25T07:54:27.219063Z[0m [32m INFO[0m [1mnode[0m[1m{[0m[3mname[0m[2m=[0mk#99f25ef6..[1m}[0m[2m:[0m [2mconsensus_core::core[0m[2m:[0m [2mconsensus/core/src/core.rs[0m[2m:[0m[2m630:[0m Committing 1 leaders: B52(C,unZA)
[2m2025-03-25T07:54:27.219115Z[0m [32m INFO[0m [1mnode[0m[1m{[0m[3mname[0m[2m=[0mk#8dcff6d1..[1m}[0m[2m:[0m [2mconsensus_core::core[0m[2m:[0m [2mconsensus/core/src/core.rs[0m[2m:[0m[2m630:[0m Committing 1 leaders: B52(C,unZA)
[2m2025-03-25T07:54:27.219147Z[0m [32m INFO[0m [1mnode[0m[1m{[0m[3mname[0m[2m=[0mk#99f25ef6..[1m}[0m[2m:[0m [2mconsensus_core::commit_observer[0m[2m:[0m [2mconsensus/core/src/commit_observer.rs[0m[2m:[0m[2m173:[0m Consensus commit C51(SyX0) with leader B52(C,unZA) has 3 blocks
[2m2025-03-25T07:54:27.219204Z[0m [32m INFO[0m [1mnode[0m[1m{[0m[3mname[0m[2m=[0mk#8dcff6d1..[1m}[0m[2m:[0m [2mconsensus_core::commit_observer[0m[2m:[0m [2mconsensus/core/src/commit_observer.rs[0m[2m:[0m[2m173:[0m Consensus commit C51(SyX0) with leader B52(C,unZA) has 3 blocks
[2m2025-03-25T07:54:27.219219Z[0m [32m INFO[0m [1mnode[0m[1m{[0m[3mname[0m[2m=[0mk#99f25ef6..[1m}[0m[2m:[0m [2msui_core::consensus_handler[0m[2m:[0m [2mcrates/sui-core/src/consensus_handler.rs[0m[2m:[0m[2m232:[0m Received consensus output [3mconsensus_commit[0m[2m=[0mCommittedSubDag(leader=B52(C,unZA), ref=C51(SyX0), blocks=[d0pc, SAq3, unZA]) [3mepoch[0m[2m=[0m0
[2m2025-03-25T07:54:27.219278Z[0m [32m INFO[0m [1mnode[0m[1m{[0m[3mname[0m[2m=[0mk#8dcff6d1..[1m}[0m[2m:[0m [2msui_core::consensus_handler[0m[2m:[0m [2mcrates/sui-core/src/consensus_handler.rs[0m[2m:[0m[2m232:[0m Received consensus output [3mconsensus_commit[0m[2m=[0mCommittedSubDag(leader=B52(C,unZA), ref=C51(SyX0), blocks=[d0pc, SAq3, unZA]) [3mepoch[0m[2m=[0m0
[2m2025-03-25T07:54:27.255723Z[0m [32m INFO[0m [1mnode[0m[1m{[0m[3mname[0m[2m=[0mk#b3f3cbb4..[1m}[0m[2m:[0m[1mexecution_driver[0m[1m{[0m[3mtx_digest[0m[2m=[0mTransactionDigest(BU5DWhxYUq3neruvb2PgrmDzL2ReqyqSSK3V4Amk5kn)[1m}[0m[2m:[0m [2msui_core::authority::authority_per_epoch_store[0m[2m:[0m [2mcrates/sui-core/src/authority/authority_per_epoch_store.rs[0m[2m:[0m[2m4233:[0m Updating authenticator state: AuthenticatorStateUpdate { epoch: 0, round: 6, new_active_jwks: [ActiveJwk { jwk_id: JwkId { iss: "https://auth.3dos.io", kid: "6d361dc9637a275eb585a915af26198ff0d97326ca13f4baf0e4805f72f2a9a0" }, jwk: JWK { kty: "RSA", e: "AQAB", n: "y_8hHwq7w2yE4968sbQF98iGUhnu0BwyB5khTxVPAcUnMCYdp61zYcRWml2zdY4HAfq-Nnjb_pAli6I66Vpe9IE8Gf8uGRB0oYIo2S6tYMEe0lhRaEDYVbMdQkuKxTIYMNBXSd_kCHKJM1ZUAo7uFoq_bWuzt2hRG2-79z-Ycbiw0wil0rzFHlpNBKsBLKM4GSGUwOejaL2zCiE_rjf77AvOaJLRd4I_DBYG16t8D1BkxbhkcQCmOxYGG0NqjP3z0lz-w1ALqHCNfhzczZOsgaCrbSlcTKcBTq1syAUUhQmounW7nG5clBIfPQRVH7jCoPztiJUZg6Xz1AN6V07xnw", alg: "RS256" }, epoch: 0 }], authenticator_obj_initial_shared_version: SequenceNumber(1) }
[2m2025-03-25T07:54:27.299981Z[0m [32m INFO[0m [1mnode[0m[1m{[0m[3mname[0m[2m=[0mk#addeef94..[1m}[0m[2m:[0m [2msui_core::checkpoints[0m[2m:[0m [2mcrates/sui-core/src/checkpoints/mod.rs[0m[2m:[0m[2m1326:[0m Creating checkpoint(s) for 1 transactions [3mnext_checkpoint_seq[0m[2m=[0m94 [3mcheckpoint_timestamp[0m[2m=[0m1742889266700
[2m2025-03-25T07:54:27.300217Z[0m [32m INFO[0m [1mnode[0m[1m{[0m[3mname[0m[2m=[0mk#addeef94..[1m}[0m[2m:[0m [2msui_core::checkpoints::checkpoint_output[0m[2m:[0m [2mcrates/sui-core/src/checkpoints/checkpoint_output.rs[0m[2m:[0m[2m149:[0m Creating checkpoint CheckpointDigest(APFnr5bD9EngUMvKEYALs3RKTXnDovTNYpAk33JsSRAB) at epoch 0, sequence 94, previous digest Some(CheckpointDigest(BVs5iBArtxJ6y6LW351rqQY37ZbZukSAPQsVmeSdHCVg)), transactions count 1, content digest CheckpointContentsDigest(8SJmD9eT637R7ppCTQ7sJDhct142iChZ42HpB4ZWkVKw), end_of_epoch_data None
[2m2025-03-25T07:54:27.301970Z[0m [32m INFO[0m [1mnode[0m[1m{[0m[3mname[0m[2m=[0mk#8dcff6d1..[1m}[0m[2m:[0m [2msui_core::checkpoints[0m[2m:[0m [2mcrates/sui-core/src/checkpoints/mod.rs[0m[2m:[0m[2m1326:[0m Creating checkpoint(s) for 1 transactions [3mnext_checkpoint_seq[0m[2m=[0m94 [3mcheckpoint_timestamp[0m[2m=[0m1742889266700
[2m2025-03-25T07:54:27.302149Z[0m [32m INFO[0m [1mnode[0m[1m{[0m[3mname[0m[2m=[0mk#8dcff6d1..[1m}[0m[2m:[0m [2msui_core::checkpoints::checkpoint_output[0m[2m:[0m [2mcrates/sui-core/src/checkpoints/checkpoint_output.rs[0m[2m:[0m[2m149:[0m Creating checkpoint CheckpointDigest(APFnr5bD9EngUMvKEYALs3RKTXnDovTNYpAk33JsSRAB) at epoch 0, sequence 94, previous digest Some(CheckpointDigest(BVs5iBArtxJ6y6LW351rqQY37ZbZukSAPQsVmeSdHCVg)), transactions count 1, content digest CheckpointContentsDigest(8SJmD9eT637R7ppCTQ7sJDhct142iChZ42HpB4ZWkVKw), end_of_epoch_data None
[2m2025-03-25T07:54:27.302423Z[0m [32m INFO[0m [1mnode[0m[1m{[0m[3mname[0m[2m=[0mk#99f25ef6..[1m}[0m[2m:[0m [2msui_core::checkpoints[0m[2m:[0m [2mcrates/sui-core/src/checkpoints/mod.rs[0m[2m:[0m[2m1326:[0m Creating checkpoint(s) for 1 transactions [3mnext_checkpoint_seq[0m[2m=[0m94 [3mcheckpoint_timestamp[0m[2m=[0m1742889266700
[2m2025-03-25T07:54:27.302593Z[0m [32m INFO[0m [1mnode[0m[1m{[0m[3mname[0m[2m=[0mk#99f25ef6..[1m}[0m[2m:[0m [2msui_core::checkpoints::checkpoint_output[0m[2m:[0m [2mcrates/sui-core/src/checkpoints/checkpoint_output.rs[0m[2m:[0m[2m149:[0m Creating checkpoint CheckpointDigest(APFnr5bD9EngUMvKEYALs3RKTXnDovTNYpAk33JsSRAB) at epoch 0, sequence 94, previous digest Some(CheckpointDigest(BVs5iBArtxJ6y6LW351rqQY37ZbZukSAPQsVmeSdHCVg)), transactions count 1, content digest CheckpointContentsDigest(8SJmD9eT637R7ppCTQ7sJDhct142iChZ42HpB4ZWkVKw), end_of_epoch_data None
[2m2025-03-25T07:54:27.306670Z[0m [32m INFO[0m [1mnode[0m[1m{[0m[3mname[0m[2m=[0mk#8dcff6d1..[1m}[0m[2m:[0m [2msui_core::checkpoints::checkpoint_output[0m[2m:[0m [2mcrates/sui-core/src/checkpoints/checkpoint_output.rs[0m[2m:[0m[2m196:[0m Certified checkpoint with sequence 92 and digest 6mMjMfwEHJMj6gT1JEPn9DSPijrfBKSqeHUszAQERXJc
[2m2025-03-25T07:54:27.306693Z[0m [32m INFO[0m [1mnode[0m[1m{[0m[3mname[0m[2m=[0mk#8dcff6d1..[1m}[0m[2m:[0m [2msui_core::checkpoints::checkpoint_output[0m[2m:[0m [2mcrates/sui-core/src/checkpoints/checkpoint_output.rs[0m[2m:[0m[2m196:[0m Certified checkpoint with sequence 93 and digest BVs5iBArtxJ6y6LW351rqQY37ZbZukSAPQsVmeSdHCVg
[2m2025-03-25T07:54:27.306980Z[0m [32m INFO[0m [1mnode[0m[1m{[0m[3mname[0m[2m=[0mk#99f25ef6..[1m}[0m[2m:[0m [2msui_core::checkpoints::checkpoint_output[0m[2m:[0m [2mcrates/sui-core/src/checkpoints/checkpoint_output.rs[0m[2m:[0m[2m196:[0m Certified checkpoint with sequence 92 and digest 6mMjMfwEHJMj6gT1JEPn9DSPijrfBKSqeHUszAQERXJc
[2m2025-03-25T07:54:27.306999Z[0m [32m INFO[0m [1mnode[0m[1m{[0m[3mname[0m[2m=[0mk#99f25ef6..[1m}[0m[2m:[0m [2msui_core::checkpoints::checkpoint_output[0m[2m:[0m [2mcrates/sui-core/src/checkpoints/checkpoint_output.rs[0m[2m:[0m[2m196:[0m Certified checkpoint with sequence 93 and digest BVs5iBArtxJ6y6LW351rqQY37ZbZukSAPQsVmeSdHCVg
[2m2025-03-25T07:54:27.307564Z[0m [32m INFO[0m [1mnode[0m[1m{[0m[3mname[0m[2m=[0mk#8dcff6d1..[1m}[0m[2m:[0m [2msui_core::checkpoints::checkpoint_executor[0m[2m:[0m [2mcrates/sui-core/src/checkpoints/checkpoint_executor/mod.rs[0m[2m:[0m[2m332:[0m Received checkpoint summary from state sync [3msequence_number[0m[2m=[0m92
[2m2025-03-25T07:54:27.307700Z[0m [32m INFO[0m [1mnode[0m[1m{[0m[3mname[0m[2m=[0mk#8dcff6d1..[1m}[0m[2m:[0m [2msui_core::checkpoints::checkpoint_executor[0m[2m:[0m [2mcrates/sui-core/src/checkpoints/checkpoint_executor/mod.rs[0m[2m:[0m[2m332:[0m Received checkpoint summary from state sync [3msequence_number[0m[2m=[0m93
[2m2025-03-25T07:54:27.307872Z[0m [32m INFO[0m [1mnode[0m[1m{[0m[3mname[0m[2m=[0mk#99f25ef6..[1m}[0m[2m:[0m [2msui_core::checkpoints::checkpoint_executor[0m[2m:[0m [2mcrates/sui-core/src/checkpoints/checkpoint_executor/mod.rs[0m[2m:[0m[2m332:[0m Received checkpoint summary from state sync [3msequence_number[0m[2m=[0m92
[2m2025-03-25T07:54:27.307993Z[0m [32m INFO[0m [1mnode[0m[1m{[0m[3mname[0m[2m=[0mk#99f25ef6..[1m}[0m[2m:[0m [2msui_core::checkpoints::checkpoint_executor[0m[2m:[0m [2mcrates/sui-core/src/checkpoints/checkpoint_executor/mod.rs[0m[2m:[0m[2m332:[0m Received checkpoint summary from state sync [3msequence_number[0m[2m=[0m93
[2m2025-03-25T07:54:27.309546Z[0m [32m INFO[0m [1mnode[0m[1m{[0m[3mname[0m[2m=[0mk#8dcff6d1..[1m}[0m[2m:[0m [2msui_core::state_accumulator[0m[2m:[0m [2mcrates/sui-core/src/state_accumulator.rs[0m[2m:[0m[2m675:[0m accumulating running root for checkpoint 92
[2m2025-03-25T07:54:27.309659Z[0m [32m INFO[0m [1mnode[0m[1m{[0m[3mname[0m[2m=[0mk#99f25ef6..[1m}[0m[2m:[0m [2msui_core::state_accumulator[0m[2m:[0m [2mcrates/sui-core/src/state_accumulator.rs[0m[2m:[0m[2m675:[0m accumulating running root for checkpoint 92
[2m2025-03-25T07:54:27.309995Z[0m [32m INFO[0m [1mnode[0m[1m{[0m[3mname[0m[2m=[0mk#8dcff6d1..[1m}[0m[2m:[0m [2msui_core::state_accumulator[0m[2m:[0m [2mcrates/sui-core/src/state_accumulator.rs[0m[2m:[0m[2m675:[0m accumulating running root for checkpoint 93
[2m2025-03-25T07:54:27.310084Z[0m [32m INFO[0m [1mnode[0m[1m{[0m[3mname[0m[2m=[0mk#99f25ef6..[1m}[0m[2m:[0m [2msui_core::state_accumulator[0m[2m:[0m [2mcrates/sui-core/src/state_accumulator.rs[0m[2m:[0m[2m675:[0m accumulating running root for checkpoint 93
[2m2025-03-25T07:54:27.357968Z[0m [32m INFO[0m [1mnode[0m[1m{[0m[3mname[0m[2m=[0mk#b3f3cbb4..[1m}[0m[2m:[0m [2msui_core::state_accumulator[0m[2m:[0m [2mcrates/sui-core/src/state_accumulator.rs[0m[2m:[0m[2m675:[0m accumulating running root for checkpoint 6
[2m2025-03-25T07:54:27.416320Z[0m [32m INFO[0m [1mnode[0m[1m{[0m[3mname[0m[2m=[0mk#99f25ef6..[1m}[0m[2m:[0m [2msui_core::checkpoints[0m[2m:[0m [2mcrates/sui-core/src/checkpoints/mod.rs[0m[2m:[0m[2m1326:[0m Creating checkpoint(s) for 1 transactions [3mnext_checkpoint_seq[0m[2m=[0m95 [3mcheckpoint_timestamp[0m[2m=[0m1742889266700
[2m2025-03-25T07:54:27.416576Z[0m [32m INFO[0m [1mnode[0m[1m{[0m[3mname[0m[2m=[0mk#99f25ef6..[1m}[0m[2m:[0m [2msui_core::checkpoints::checkpoint_output[0m[2m:[0m [2mcrates/sui-core/src/checkpoints/checkpoint_output.rs[0m[2m:[0m[2m149:[0m Creating checkpoint CheckpointDigest(GgJnFtigFLwaycMkdTZE99cCCxX96pHdKZqAy4XnCny) at epoch 0, sequence 95, previous digest Some(CheckpointDigest(APFnr5bD9EngUMvKEYALs3RKTXnDovTNYpAk33JsSRAB)), transactions count 1, content digest CheckpointContentsDigest(7i9rVbqXTBca6w1CLS9R6k9HyRhoBeXzjCMz3hTMGFSi), end_of_epoch_data None
[2m2025-03-25T07:54:27.417238Z[0m [32m INFO[0m [1mnode[0m[1m{[0m[3mname[0m[2m=[0mk#8dcff6d1..[1m}[0m[2m:[0m [2msui_core::checkpoints[0m[2m:[0m [2mcrates/sui-core/src/checkpoints/mod.rs[0m[2m:[0m[2m1326:[0m Creating checkpoint(s) for 1 transactions [3mnext_checkpoint_seq[0m[2m=[0m95 [3mcheckpoint_timestamp[0m[2m=[0m1742889266700
[2m2025-03-25T07:54:27.417424Z[0m [32m INFO[0m [1mnode[0m[1m{[0m[3mname[0m[2m=[0mk#8dcff6d1..[1m}[0m[2m:[0m [2msui_core::checkpoints::checkpoint_output[0m[2m:[0m [2mcrates/sui-core/src/checkpoints/checkpoint_output.rs[0m[2m:[0m[2m149:[0m Creating checkpoint CheckpointDigest(GgJnFtigFLwaycMkdTZE99cCCxX96pHdKZqAy4XnCny) at epoch 0, sequence 95, previous digest Some(CheckpointDigest(APFnr5bD9EngUMvKEYALs3RKTXnDovTNYpAk33JsSRAB)), transactions count 1, content digest CheckpointContentsDigest(7i9rVbqXTBca6w1CLS9R6k9HyRhoBeXzjCMz3hTMGFSi), end_of_epoch_data None
[2m2025-03-25T07:54:27.419869Z[0m [32m INFO[0m [1mnode[0m[1m{[0m[3mname[0m[2m=[0mk#addeef94..[1m}[0m[2m:[0m [2msui_core::checkpoints[0m[2m:[0m [2mcrates/sui-core/src/checkpoints/mod.rs[0m[2m:[0m[2m1326:[0m Creating checkpoint(s) for 1 transactions [3mnext_checkpoint_seq[0m[2m=[0m95 [3mcheckpoint_timestamp[0m[2m=[0m1742889266700
[2m2025-03-25T07:54:27.420048Z[0m [32m INFO[0m [1mnode[0m[1m{[0m[3mname[0m[2m=[0mk#addeef94..[1m}[0m[2m:[0m [2msui_core::checkpoints::checkpoint_output[0m[2m:[0m [2mcrates/sui-core/src/checkpoints/checkpoint_output.rs[0m[2m:[0m[2m149:[0m Creating checkpoint CheckpointDigest(GgJnFtigFLwaycMkdTZE99cCCxX96pHdKZqAy4XnCny) at epoch 0, sequence 95, previous digest Some(CheckpointDigest(APFnr5bD9EngUMvKEYALs3RKTXnDovTNYpAk33JsSRAB)), transactions count 1, content digest CheckpointContentsDigest(7i9rVbqXTBca6w1CLS9R6k9HyRhoBeXzjCMz3hTMGFSi), end_of_epoch_data None
[2m2025-03-25T07:54:27.420448Z[0m [32m INFO[0m [1mnode[0m[1m{[0m[3mname[0m[2m=[0mk#addeef94..[1m}[0m[2m:[0m [2msui_core::checkpoints::checkpoint_executor[0m[2m:[0m [2mcrates/sui-core/src/checkpoints/checkpoint_executor/mod.rs[0m[2m:[0m[2m332:[0m Received checkpoint summary from state sync [3msequence_number[0m[2m=[0m92
[2m2025-03-25T07:54:27.420582Z[0m [32m INFO[0m [1mnode[0m[1m{[0m[3mname[0m[2m=[0mk#addeef94..[1m}[0m[2m:[0m [2msui_core::checkpoints::checkpoint_executor[0m[2m:[0m [2mcrates/sui-core/src/checkpoints/checkpoint_executor/mod.rs[0m[2m:[0m[2m332:[0m Received checkpoint summary from state sync [3msequence_number[0m[2m=[0m93
[2m2025-03-25T07:54:27.421989Z[0m [32m INFO[0m [1mnode[0m[1m{[0m[3mname[0m[2m=[0mk#addeef94..[1m}[0m[2m:[0m [2msui_core::state_accumulator[0m[2m:[0m [2mcrates/sui-core/src/state_accumulator.rs[0m[2m:[0m[2m675:[0m accumulating running root for checkpoint 92
[2m2025-03-25T07:54:27.422420Z[0m [32m INFO[0m [1mnode[0m[1m{[0m[3mname[0m[2m=[0mk#addeef94..[1m}[0m[2m:[0m [2msui_core::state_accumulator[0m[2m:[0m [2mcrates/sui-core/src/state_accumulator.rs[0m[2m:[0m[2m675:[0m accumulating running root for checkpoint 93
[2m2025-03-25T07:54:27.447106Z[0m [32m INFO[0m [1mnode[0m[1m{[0m[3mname[0m[2m=[0mk#b3f3cbb4..[1m}[0m[2m:[0m [2msui_core::state_accumulator[0m[2m:[0m [2mcrates/sui-core/src/state_accumulator.rs[0m[2m:[0m[2m675:[0m accumulating running root for checkpoint 7
[2m2025-03-25T07:54:27.470001Z[0m [32m INFO[0m [1mnode[0m[1m{[0m[3mname[0m[2m=[0mk#8dcff6d1..[1m}[0m[2m:[0m [2mconsensus_core::core[0m[2m:[0m [2mconsensus/core/src/core.rs[0m[2m:[0m[2m531:[0m Created block B55(A,Kb7zJoYxJ+ALE7B1q1rGWwaBt8vwJJKSqQeWRCc3FAA=)(1742889267469ms;[B54(A,Nru2OnHvgtI5awAKSlDUEZ/LJA7P04aq7DHvZn6/H84=), B54(B,5OwvvxFBidpxC6CFLUYOHmXUKHDFTapWXPNxfFIgt2Q=), B54(C,aMldksS6FUIRXrqoUv1BodlB2U8fC5LD5TyVCJudK0U=)];2t;1c) for round 55
[2m2025-03-25T07:54:27.470103Z[0m [32m INFO[0m [1mnode[0m[1m{[0m[3mname[0m[2m=[0mk#addeef94..[1m}[0m[2m:[0m [2mconsensus_core::core[0m[2m:[0m [2mconsensus/core/src/core.rs[0m[2m:[0m[2m531:[0m Created block B55(C,yFFYuEuoZAGk4RP+cfQnew45wDQauJX+lJ2L4dhGTWs=)(1742889267469ms;[B54(C,aMldksS6FUIRXrqoUv1BodlB2U8fC5LD5TyVCJudK0U=), B54(A,Nru2OnHvgtI5awAKSlDUEZ/LJA7P04aq7DHvZn6/H84=), B54(B,5OwvvxFBidpxC6CFLUYOHmXUKHDFTapWXPNxfFIgt2Q=)];2t;1c) for round 55
[2m2025-03-25T07:54:27.470634Z[0m [32m INFO[0m [1mnode[0m[1m{[0m[3mname[0m[2m=[0mk#99f25ef6..[1m}[0m[2m:[0m [2mconsensus_core::core[0m[2m:[0m [2mconsensus/core/src/core.rs[0m[2m:[0m[2m531:[0m Created block B55(B,E4EUT8BMITOdu6XUImToDrrWCWgrHl4MowIPDWWroWQ=)(1742889267470ms;[B54(B,5OwvvxFBidpxC6CFLUYOHmXUKHDFTapWXPNxfFIgt2Q=), B54(A,Nru2OnHvgtI5awAKSlDUEZ/LJA7P04aq7DHvZn6/H84=), B54(C,aMldksS6FUIRXrqoUv1BodlB2U8fC5LD5TyVCJudK0U=)];2t;1c) for round 55
[2m2025-03-25T07:54:27.472331Z[0m [32m INFO[0m [1mnode[0m[1m{[0m[3mname[0m[2m=[0mk#addeef94..[1m}[0m[2m:[0m [2mconsensus_core::core[0m[2m:[0m [2mconsensus/core/src/core.rs[0m[2m:[0m[2m630:[0m Committing 1 leaders: B53(B,vg+s)
[2m2025-03-25T07:54:27.472331Z[0m [32m INFO[0m [1mnode[0m[1m{[0m[3mname[0m[2m=[0mk#8dcff6d1..[1m}[0m[2m:[0m [2mconsensus_core::core[0m[2m:[0m [2mconsensus/core/src/core.rs[0m[2m:[0m[2m630:[0m Committing 1 leaders: B53(B,vg+s)
[2m2025-03-25T07:54:27.472426Z[0m [32m INFO[0m [1mnode[0m[1m{[0m[3mname[0m[2m=[0mk#addeef94..[1m}[0m[2m:[0m [2mconsensus_core::commit_observer[0m[2m:[0m [2mconsensus/core/src/commit_observer.rs[0m[2m:[0m[2m173:[0m Consensus commit C52(yoVk) with leader B53(B,vg+s) has 3 blocks
[2m2025-03-25T07:54:27.472426Z[0m [32m INFO[0m [1mnode[0m[1m{[0m[3mname[0m[2m=[0mk#8dcff6d1..[1m}[0m[2m:[0m [2mconsensus_core::commit_observer[0m[2m:[0m [2mconsensus/core/src/commit_observer.rs[0m[2m:[0m[2m173:[0m Consensus commit C52(yoVk) with leader B53(B,vg+s) has 3 blocks
[2m2025-03-25T07:54:27.472507Z[0m [32m INFO[0m [1mnode[0m[1m{[0m[3mname[0m[2m=[0mk#addeef94..[1m}[0m[2m:[0m [2msui_core::consensus_handler[0m[2m:[0m [2mcrates/sui-core/src/consensus_handler.rs[0m[2m:[0m[2m232:[0m Received consensus output [3mconsensus_commit[0m[2m=[0mCommittedSubDag(leader=B53(B,vg+s), ref=C52(yoVk), blocks=[UcEj, hhGP, vg+s]) [3mepoch[0m[2m=[0m0
[2m2025-03-25T07:54:27.472507Z[0m [32m INFO[0m [1mnode[0m[1m{[0m[3mname[0m[2m=[0mk#8dcff6d1..[1m}[0m[2m:[0m [2msui_core::consensus_handler[0m[2m:[0m [2mcrates/sui-core/src/consensus_handler.rs[0m[2m:[0m[2m232:[0m Received consensus output [3mconsensus_commit[0m[2m=[0mCommittedSubDag(leader=B53(B,vg+s), ref=C52(yoVk), blocks=[UcEj, hhGP, vg+s]) [3mepoch[0m[2m=[0m0
[2m2025-03-25T07:54:27.472674Z[0m [32m INFO[0m [1mnode[0m[1m{[0m[3mname[0m[2m=[0mk#99f25ef6..[1m}[0m[2m:[0m [2mconsensus_core::core[0m[2m:[0m [2mconsensus/core/src/core.rs[0m[2m:[0m[2m630:[0m Committing 1 leaders: B53(B,vg+s)
[2m2025-03-25T07:54:27.472754Z[0m [32m INFO[0m [1mnode[0m[1m{[0m[3mname[0m[2m=[0mk#99f25ef6..[1m}[0m[2m:[0m [2mconsensus_core::commit_observer[0m[2m:[0m [2mconsensus/core/src/commit_observer.rs[0m[2m:[0m[2m173:[0m Consensus commit C52(yoVk) with leader B53(B,vg+s) has 3 blocks
[2m2025-03-25T07:54:27.472822Z[0m [32m INFO[0m [1mnode[0m[1m{[0m[3mname[0m[2m=[0mk#99f25ef6..[1m}[0m[2m:[0m [2msui_core::consensus_handler[0m[2m:[0m [2mcrates/sui-core/src/consensus_handler.rs[0m[2m:[0m[2m232:[0m Received consensus output [3mconsensus_commit[0m[2m=[0mCommittedSubDag(leader=B53(B,vg+s), ref=C52(yoVk), blocks=[UcEj, hhGP, vg+s]) [3mepoch[0m[2m=[0m0
[2m2025-03-25T07:54:27.536004Z[0m [32m INFO[0m [1mnode[0m[1m{[0m[3mname[0m[2m=[0mk#b3f3cbb4..[1m}[0m[2m:[0m [2msui_core::state_accumulator[0m[2m:[0m [2mcrates/sui-core/src/state_accumulator.rs[0m[2m:[0m[2m675:[0m accumulating running root for checkpoint 8
[2m2025-03-25T07:54:27.536486Z[0m [32m INFO[0m [1mnode[0m[1m{[0m[3mname[0m[2m=[0mk#b3f3cbb4..[1m}[0m[2m:[0m [2msui_core::state_accumulator[0m[2m:[0m [2mcrates/sui-core/src/state_accumulator.rs[0m[2m:[0m[2m675:[0m accumulating running root for checkpoint 9
[2m2025-03-25T07:54:27.563011Z[0m [32m INFO[0m [1mnode[0m[1m{[0m[3mname[0m[2m=[0mk#99f25ef6..[1m}[0m[2m:[0m [2msui_core::checkpoints[0m[2m:[0m [2mcrates/sui-core/src/checkpoints/mod.rs[0m[2m:[0m[2m1326:[0m Creating checkpoint(s) for 1 transactions [3mnext_checkpoint_seq[0m[2m=[0m96 [3mcheckpoint_timestamp[0m[2m=[0m1742889266956
[2m2025-03-25T07:54:27.563243Z[0m [32m INFO[0m [1mnode[0m[1m{[0m[3mname[0m[2m=[0mk#99f25ef6..[1m}[0m[2m:[0m [2msui_core::checkpoints::checkpoint_output[0m[2m:[0m [2mcrates/sui-core/src/checkpoints/checkpoint_output.rs[0m[2m:[0m[2m149:[0m Creating checkpoint CheckpointDigest(2Jpw24A1T2myzEWYDyzDVxdZE8e2gmMhQn1K1Bgi2oJe) at epoch 0, sequence 96, previous digest Some(CheckpointDigest(GgJnFtigFLwaycMkdTZE99cCCxX96pHdKZqAy4XnCny)), transactions count 1, content digest CheckpointContentsDigest(5n3ur8UN7P5npPkLVrDb5obzvkodxCQGY758MUHNgbgk), end_of_epoch_data None
[2m2025-03-25T07:54:27.563482Z[0m [32m INFO[0m [1mnode[0m[1m{[0m[3mname[0m[2m=[0mk#8dcff6d1..[1m}[0m[2m:[0m [2msui_core::checkpoints[0m[2m:[0m [2mcrates/sui-core/src/checkpoints/mod.rs[0m[2m:[0m[2m1326:[0m Creating checkpoint(s) for 1 transactions [3mnext_checkpoint_seq[0m[2m=[0m96 [3mcheckpoint_timestamp[0m[2m=[0m1742889266956
[2m2025-03-25T07:54:27.563658Z[0m [32m INFO[0m [1mnode[0m[1m{[0m[3mname[0m[2m=[0mk#8dcff6d1..[1m}[0m[2m:[0m [2msui_core::checkpoints::checkpoint_output[0m[2m:[0m [2mcrates/sui-core/src/checkpoints/checkpoint_output.rs[0m[2m:[0m[2m149:[0m Creating checkpoint CheckpointDigest(2Jpw24A1T2myzEWYDyzDVxdZE8e2gmMhQn1K1Bgi2oJe) at epoch 0, sequence 96, previous digest Some(CheckpointDigest(GgJnFtigFLwaycMkdTZE99cCCxX96pHdKZqAy4XnCny)), transactions count 1, content digest CheckpointContentsDigest(5n3ur8UN7P5npPkLVrDb5obzvkodxCQGY758MUHNgbgk), end_of_epoch_data None
[2m2025-03-25T07:54:27.563705Z[0m [32m INFO[0m [1mnode[0m[1m{[0m[3mname[0m[2m=[0mk#addeef94..[1m}[0m[2m:[0m [2msui_core::checkpoints[0m[2m:[0m [2mcrates/sui-core/src/checkpoints/mod.rs[0m[2m:[0m[2m1326:[0m Creating checkpoint(s) for 1 transactions [3mnext_checkpoint_seq[0m[2m=[0m96 [3mcheckpoint_timestamp[0m[2m=[0m1742889266956
[2m2025-03-25T07:54:27.563876Z[0m [32m INFO[0m [1mnode[0m[1m{[0m[3mname[0m[2m=[0mk#addeef94..[1m}[0m[2m:[0m [2msui_core::checkpoints::checkpoint_output[0m[2m:[0m [2mcrates/sui-core/src/checkpoints/checkpoint_output.rs[0m[2m:[0m[2m149:[0m Creating checkpoint CheckpointDigest(2Jpw24A1T2myzEWYDyzDVxdZE8e2gmMhQn1K1Bgi2oJe) at epoch 0, sequence 96, previous digest Some(CheckpointDigest(GgJnFtigFLwaycMkdTZE99cCCxX96pHdKZqAy4XnCny)), transactions count 1, content digest CheckpointContentsDigest(5n3ur8UN7P5npPkLVrDb5obzvkodxCQGY758MUHNgbgk), end_of_epoch_data None
[2m2025-03-25T07:54:27.567859Z[0m [32m INFO[0m [1mnode[0m[1m{[0m[3mname[0m[2m=[0mk#99f25ef6..[1m}[0m[2m:[0m [2msui_core::checkpoints::checkpoint_output[0m[2m:[0m [2mcrates/sui-core/src/checkpoints/checkpoint_output.rs[0m[2m:[0m[2m196:[0m Certified checkpoint with sequence 94 and digest APFnr5bD9EngUMvKEYALs3RKTXnDovTNYpAk33JsSRAB
[2m2025-03-25T07:54:27.567881Z[0m [32m INFO[0m [1mnode[0m[1m{[0m[3mname[0m[2m=[0mk#99f25ef6..[1m}[0m[2m:[0m [2msui_core::checkpoints::checkpoint_output[0m[2m:[0m [2mcrates/sui-core/src/checkpoints/checkpoint_output.rs[0m[2m:[0m[2m196:[0m Certified checkpoint with sequence 95 and digest GgJnFtigFLwaycMkdTZE99cCCxX96pHdKZqAy4XnCny
[2m2025-03-25T07:54:27.568145Z[0m [32m INFO[0m [1mnode[0m[1m{[0m[3mname[0m[2m=[0mk#8dcff6d1..[1m}[0m[2m:[0m [2msui_core::checkpoints::checkpoint_output[0m[2m:[0m [2mcrates/sui-core/src/checkpoints/checkpoint_output.rs[0m[2m:[0m[2m196:[0m Certified checkpoint with sequence 94 and digest APFnr5bD9EngUMvKEYALs3RKTXnDovTNYpAk33JsSRAB
[2m2025-03-25T07:54:27.568165Z[0m [32m INFO[0m [1mnode[0m[1m{[0m[3mname[0m[2m=[0mk#8dcff6d1..[1m}[0m[2m:[0m [2msui_core::checkpoints::checkpoint_output[0m[2m:[0m [2mcrates/sui-core/src/checkpoints/checkpoint_output.rs[0m[2m:[0m[2m196:[0m Certified checkpoint with sequence 95 and digest GgJnFtigFLwaycMkdTZE99cCCxX96pHdKZqAy4XnCny
[2m2025-03-25T07:54:27.568849Z[0m [32m INFO[0m [1mnode[0m[1m{[0m[3mname[0m[2m=[0mk#99f25ef6..[1m}[0m[2m:[0m [2msui_core::checkpoints::checkpoint_executor[0m[2m:[0m [2mcrates/sui-core/src/checkpoints/checkpoint_executor/mod.rs[0m[2m:[0m[2m332:[0m Received checkpoint summary from state sync [3msequence_number[0m[2m=[0m94
[2m2025-03-25T07:54:27.568985Z[0m [32m INFO[0m [1mnode[0m[1m{[0m[3mname[0m[2m=[0mk#99f25ef6..[1m}[0m[2m:[0m [2msui_core::checkpoints::checkpoint_executor[0m[2m:[0m [2mcrates/sui-core/src/checkpoints/checkpoint_executor/mod.rs[0m[2m:[0m[2m332:[0m Received checkpoint summary from state sync [3msequence_number[0m[2m=[0m95
[2m2025-03-25T07:54:27.569014Z[0m [32m INFO[0m [1mnode[0m[1m{[0m[3mname[0m[2m=[0mk#8dcff6d1..[1m}[0m[2m:[0m [2msui_core::checkpoints::checkpoint_executor[0m[2m:[0m [2mcrates/sui-core/src/checkpoints/checkpoint_executor/mod.rs[0m[2m:[0m[2m332:[0m Received checkpoint summary from state sync [3msequence_number[0m[2m=[0m94
[2m2025-03-25T07:54:27.569132Z[0m [32m INFO[0m [1mnode[0m[1m{[0m[3mname[0m[2m=[0mk#8dcff6d1..[1m}[0m[2m:[0m [2msui_core::checkpoints::checkpoint_executor[0m[2m:[0m [2mcrates/sui-core/src/checkpoints/checkpoint_executor/mod.rs[0m[2m:[0m[2m332:[0m Received checkpoint summary from state sync [3msequence_number[0m[2m=[0m95
[2m2025-03-25T07:54:27.570991Z[0m [32m INFO[0m [1mnode[0m[1m{[0m[3mname[0m[2m=[0mk#99f25ef6..[1m}[0m[2m:[0m [2msui_core::state_accumulator[0m[2m:[0m [2mcrates/sui-core/src/state_accumulator.rs[0m[2m:[0m[2m675:[0m accumulating running root for checkpoint 94
[2m2025-03-25T07:54:27.570993Z[0m [32m INFO[0m [1mnode[0m[1m{[0m[3mname[0m[2m=[0mk#8dcff6d1..[1m}[0m[2m:[0m [2msui_core::state_accumulator[0m[2m:[0m [2mcrates/sui-core/src/state_accumulator.rs[0m[2m:[0m[2m675:[0m accumulating running root for checkpoint 94
[2m2025-03-25T07:54:27.571438Z[0m [32m INFO[0m [1mnode[0m[1m{[0m[3mname[0m[2m=[0mk#99f25ef6..[1m}[0m[2m:[0m [2msui_core::state_accumulator[0m[2m:[0m [2mcrates/sui-core/src/state_accumulator.rs[0m[2m:[0m[2m675:[0m accumulating running root for checkpoint 95
[2m2025-03-25T07:54:27.571444Z[0m [32m INFO[0m [1mnode[0m[1m{[0m[3mname[0m[2m=[0mk#8dcff6d1..[1m}[0m[2m:[0m [2msui_core::state_accumulator[0m[2m:[0m [2mcrates/sui-core/src/state_accumulator.rs[0m[2m:[0m[2m675:[0m accumulating running root for checkpoint 95
[2m2025-03-25T07:54:27.627168Z[0m [32m INFO[0m [1mnode[0m[1m{[0m[3mname[0m[2m=[0mk#b3f3cbb4..[1m}[0m[2m:[0m [2msui_core::state_accumulator[0m[2m:[0m [2mcrates/sui-core/src/state_accumulator.rs[0m[2m:[0m[2m675:[0m accumulating running root for checkpoint 10
[2m2025-03-25T07:54:27.627641Z[0m [32m INFO[0m [1mnode[0m[1m{[0m[3mname[0m[2m=[0mk#b3f3cbb4..[1m}[0m[2m:[0m [2msui_core::state_accumulator[0m[2m:[0m [2mcrates/sui-core/src/state_accumulator.rs[0m[2m:[0m[2m675:[0m accumulating running root for checkpoint 11
[2m2025-03-25T07:54:27.682463Z[0m [32m INFO[0m [1mnode[0m[1m{[0m[3mname[0m[2m=[0mk#addeef94..[1m}[0m[2m:[0m [2msui_core::checkpoints[0m[2m:[0m [2mcrates/sui-core/src/checkpoints/mod.rs[0m[2m:[0m[2m1326:[0m Creating checkpoint(s) for 1 transactions [3mnext_checkpoint_seq[0m[2m=[0m97 [3mcheckpoint_timestamp[0m[2m=[0m1742889266956
[2m2025-03-25T07:54:27.682718Z[0m [32m INFO[0m [1mnode[0m[1m{[0m[3mname[0m[2m=[0mk#addeef94..[1m}[0m[2m:[0m [2msui_core::checkpoints::checkpoint_output[0m[2m:[0m [2mcrates/sui-core/src/checkpoints/checkpoint_output.rs[0m[2m:[0m[2m149:[0m Creating checkpoint CheckpointDigest(GfGB7kUjjLMdmGsaCPHZeNJ5qGMSioTUezixWTvRqUvb) at epoch 0, sequence 97, previous digest Some(CheckpointDigest(2Jpw24A1T2myzEWYDyzDVxdZE8e2gmMhQn1K1Bgi2oJe)), transactions count 1, content digest CheckpointContentsDigest(BRecMXmTtA6vGMnFPv4AS6oJibrr1SnWwLh1ujfdrZJc), end_of_epoch_data None
[2m2025-03-25T07:54:27.686646Z[0m [32m INFO[0m [1mnode[0m[1m{[0m[3mname[0m[2m=[0mk#8dcff6d1..[1m}[0m[2m:[0m [2msui_core::checkpoints[0m[2m:[0m [2mcrates/sui-core/src/checkpoints/mod.rs[0m[2m:[0m[2m1326:[0m Creating checkpoint(s) for 1 transactions [3mnext_checkpoint_seq[0m[2m=[0m97 [3mcheckpoint_timestamp[0m[2m=[0m1742889266956
[2m2025-03-25T07:54:27.686844Z[0m [32m INFO[0m [1mnode[0m[1m{[0m[3mname[0m[2m=[0mk#8dcff6d1..[1m}[0m[2m:[0m [2msui_core::checkpoints::checkpoint_output[0m[2m:[0m [2mcrates/sui-core/src/checkpoints/checkpoint_output.rs[0m[2m:[0m[2m149:[0m Creating checkpoint CheckpointDigest(GfGB7kUjjLMdmGsaCPHZeNJ5qGMSioTUezixWTvRqUvb) at epoch 0, sequence 97, previous digest Some(CheckpointDigest(2Jpw24A1T2myzEWYDyzDVxdZE8e2gmMhQn1K1Bgi2oJe)), transactions count 1, content digest CheckpointContentsDigest(BRecMXmTtA6vGMnFPv4AS6oJibrr1SnWwLh1ujfdrZJc), end_of_epoch_data None
[2m2025-03-25T07:54:27.687117Z[0m [32m INFO[0m [1mnode[0m[1m{[0m[3mname[0m[2m=[0mk#addeef94..[1m}[0m[2m:[0m [2msui_core::checkpoints::checkpoint_executor[0m[2m:[0m [2mcrates/sui-core/src/checkpoints/checkpoint_executor/mod.rs[0m[2m:[0m[2m332:[0m Received checkpoint summary from state sync [3msequence_number[0m[2m=[0m94
[2m2025-03-25T07:54:27.687257Z[0m [32m INFO[0m [1mnode[0m[1m{[0m[3mname[0m[2m=[0mk#addeef94..[1m}[0m[2m:[0m [2msui_core::checkpoints::checkpoint_executor[0m[2m:[0m [2mcrates/sui-core/src/checkpoints/checkpoint_executor/mod.rs[0m[2m:[0m[2m332:[0m Received checkpoint summary from state sync [3msequence_number[0m[2m=[0m95
[2m2025-03-25T07:54:27.687643Z[0m [32m INFO[0m [1mnode[0m[1m{[0m[3mname[0m[2m=[0mk#99f25ef6..[1m}[0m[2m:[0m [2msui_core::checkpoints[0m[2m:[0m [2mcrates/sui-core/src/checkpoints/mod.rs[0m[2m:[0m[2m1326:[0m Creating checkpoint(s) for 1 transactions [3mnext_checkpoint_seq[0m[2m=[0m97 [3mcheckpoint_timestamp[0m[2m=[0m1742889266956
[2m2025-03-25T07:54:27.687826Z[0m [32m INFO[0m [1mnode[0m[1m{[0m[3mname[0m[2m=[0mk#99f25ef6..[1m}[0m[2m:[0m [2msui_core::checkpoints::checkpoint_output[0m[2m:[0m [2mcrates/sui-core/src/checkpoints/checkpoint_output.rs[0m[2m:[0m[2m149:[0m Creating checkpoint CheckpointDigest(GfGB7kUjjLMdmGsaCPHZeNJ5qGMSioTUezixWTvRqUvb) at epoch 0, sequence 97, previous digest Some(CheckpointDigest(2Jpw24A1T2myzEWYDyzDVxdZE8e2gmMhQn1K1Bgi2oJe)), transactions count 1, content digest CheckpointContentsDigest(BRecMXmTtA6vGMnFPv4AS6oJibrr1SnWwLh1ujfdrZJc), end_of_epoch_data None
[2m2025-03-25T07:54:27.688618Z[0m [32m INFO[0m [1mnode[0m[1m{[0m[3mname[0m[2m=[0mk#addeef94..[1m}[0m[2m:[0m [2msui_core::state_accumulator[0m[2m:[0m [2mcrates/sui-core/src/state_accumulator.rs[0m[2m:[0m[2m675:[0m accumulating running root for checkpoint 94
[2m2025-03-25T07:54:27.689054Z[0m [32m INFO[0m [1mnode[0m[1m{[0m[3mname[0m[2m=[0mk#addeef94..[1m}[0m[2m:[0m [2msui_core::state_accumulator[0m[2m:[0m [2mcrates/sui-core/src/state_accumulator.rs[0m[2m:[0m[2m675:[0m accumulating running root for checkpoint 95
[2m2025-03-25T07:54:27.724331Z[0m [32m INFO[0m [1mnode[0m[1m{[0m[3mname[0m[2m=[0mk#addeef94..[1m}[0m[2m:[0m [2mconsensus_core::core[0m[2m:[0m [2mconsensus/core/src/core.rs[0m[2m:[0m[2m531:[0m Created block B56(C,pbaqVpAUWkkzyISQizuVp0wViRSpSIJERR9TgpT4FJY=)(1742889267724ms;[B55(C,yFFYuEuoZAGk4RP+cfQnew45wDQauJX+lJ2L4dhGTWs=), B55(A,Kb7zJoYxJ+ALE7B1q1rGWwaBt8vwJJKSqQeWRCc3FAA=), B55(B,E4EUT8BMITOdu6XUImToDrrWCWgrHl4MowIPDWWroWQ=)];2t;1c) for round 56
[2m2025-03-25T07:54:27.724330Z[0m [32m INFO[0m [1mnode[0m[1m{[0m[3mname[0m[2m=[0mk#8dcff6d1..[1m}[0m[2m:[0m [2mconsensus_core::core[0m[2m:[0m [2mconsensus/core/src/core.rs[0m[2m:[0m[2m531:[0m Created block B56(A,fotmsT99UXZnZTCqTKhtXAu3BNmX6t1cMWWBRDfuoBA=)(1742889267724ms;[B55(A,Kb7zJoYxJ+ALE7B1q1rGWwaBt8vwJJKSqQeWRCc3FAA=), B55(B,E4EUT8BMITOdu6XUImToDrrWCWgrHl4MowIPDWWroWQ=), B55(C,yFFYuEuoZAGk4RP+cfQnew45wDQauJX+lJ2L4dhGTWs=)];2t;1c) for round 56
[2m2025-03-25T07:54:27.724942Z[0m [32m INFO[0m [1mnode[0m[1m{[0m[3mname[0m[2m=[0mk#99f25ef6..[1m}[0m[2m:[0m [2mconsensus_core::core[0m[2m:[0m [2mconsensus/core/src/core.rs[0m[2m:[0m[2m531:[0m Created block B56(B,YiMnjheH0S7ofhhoOGBS3w3PFwpUOu7rv3D98BPI/XI=)(1742889267724ms;[B55(B,E4EUT8BMITOdu6XUImToDrrWCWgrHl4MowIPDWWroWQ=), B55(A,Kb7zJoYxJ+ALE7B1q1rGWwaBt8vwJJKSqQeWRCc3FAA=), B55(C,yFFYuEuoZAGk4RP+cfQnew45wDQauJX+lJ2L4dhGTWs=)];2t;1c) for round 56
[2m2025-03-25T07:54:27.726725Z[0m [32m INFO[0m [1mnode[0m[1m{[0m[3mname[0m[2m=[0mk#8dcff6d1..[1m}[0m[2m:[0m [2mconsensus_core::core[0m[2m:[0m [2mconsensus/core/src/core.rs[0m[2m:[0m[2m630:[0m Committing 1 leaders: B54(C,aMld)
[2m2025-03-25T07:54:27.726816Z[0m [32m INFO[0m [1mnode[0m[1m{[0m[3mname[0m[2m=[0mk#8dcff6d1..[1m}[0m[2m:[0m [2mconsensus_core::commit_observer[0m[2m:[0m [2mconsensus/core/src/commit_observer.rs[0m[2m:[0m[2m173:[0m Consensus commit C53(HDqC) with leader B54(C,aMld) has 3 blocks
[2m2025-03-25T07:54:27.726897Z[0m [32m INFO[0m [1mnode[0m[1m{[0m[3mname[0m[2m=[0mk#8dcff6d1..[1m}[0m[2m:[0m [2msui_core::consensus_handler[0m[2m:[0m [2mcrates/sui-core/src/consensus_handler.rs[0m[2m:[0m[2m232:[0m Received consensus output [3mconsensus_commit[0m[2m=[0mCommittedSubDag(leader=B54(C,aMld), ref=C53(HDqC), blocks=[iDns, 3nMc, aMld]) [3mepoch[0m[2m=[0m0
[2m2025-03-25T07:54:27.727005Z[0m [32m INFO[0m [1mnode[0m[1m{[0m[3mname[0m[2m=[0mk#99f25ef6..[1m}[0m[2m:[0m [2mconsensus_core::core[0m[2m:[0m [2mconsensus/core/src/core.rs[0m[2m:[0m[2m630:[0m Committing 1 leaders: B54(C,aMld)
[2m2025-03-25T07:54:27.727083Z[0m [32m INFO[0m [1mnode[0m[1m{[0m[3mname[0m[2m=[0mk#99f25ef6..[1m}[0m[2m:[0m [2mconsensus_core::commit_observer[0m[2m:[0m [2mconsensus/core/src/commit_observer.rs[0m[2m:[0m[2m173:[0m Consensus commit C53(HDqC) with leader B54(C,aMld) has 3 blocks
[2m2025-03-25T07:54:27.727152Z[0m [32m INFO[0m [1mnode[0m[1m{[0m[3mname[0m[2m=[0mk#99f25ef6..[1m}[0m[2m:[0m [2msui_core::consensus_handler[0m[2m:[0m [2mcrates/sui-core/src/consensus_handler.rs[0m[2m:[0m[2m232:[0m Received consensus output [3mconsensus_commit[0m[2m=[0mCommittedSubDag(leader=B54(C,aMld), ref=C53(HDqC), blocks=[iDns, 3nMc, aMld]) [3mepoch[0m[2m=[0m0
[2m2025-03-25T07:54:27.729521Z[0m [32m INFO[0m [1mnode[0m[1m{[0m[3mname[0m[2m=[0mk#b3f3cbb4..[1m}[0m[2m:[0m [2msui_core::state_accumulator[0m[2m:[0m [2mcrates/sui-core/src/state_accumulator.rs[0m[2m:[0m[2m675:[0m accumulating running root for checkpoint 12
[2m2025-03-25T07:54:27.730068Z[0m [32m INFO[0m [1mnode[0m[1m{[0m[3mname[0m[2m=[0mk#b3f3cbb4..[1m}[0m[2m:[0m [2msui_core::state_accumulator[0m[2m:[0m [2mcrates/sui-core/src/state_accumulator.rs[0m[2m:[0m[2m675:[0m accumulating running root for checkpoint 13
[2m2025-03-25T07:54:27.730270Z[0m [32m INFO[0m [1mnode[0m[1m{[0m[3mname[0m[2m=[0mk#b3f3cbb4..[1m}[0m[2m:[0m [2msui_core::checkpoints::checkpoint_executor[0m[2m:[0m [2mcrates/sui-core/src/checkpoints/checkpoint_executor/mod.rs[0m[2m:[0m[2m332:[0m Received checkpoint summary from state sync [3msequence_number[0m[2m=[0m88
[2m2025-03-25T07:54:27.730315Z[0m [32m INFO[0m [1mnode[0m[1m{[0m[3mname[0m[2m=[0mk#b3f3cbb4..[1m}[0m[2m:[0m [2msui_core::checkpoints::checkpoint_executor[0m[2m:[0m [2mcrates/sui-core/src/checkpoints/checkpoint_executor/mod.rs[0m[2m:[0m[2m332:[0m Received checkpoint summary from state sync [3msequence_number[0m[2m=[0m89
[2m2025-03-25T07:54:27.730320Z[0m [32m INFO[0m [1mnode[0m[1m{[0m[3mname[0m[2m=[0mk#addeef94..[1m}[0m[2m:[0m [2mconsensus_core::core[0m[2m:[0m [2mconsensus/core/src/core.rs[0m[2m:[0m[2m630:[0m Committing 1 leaders: B54(C,aMld)
[2m2025-03-25T07:54:27.730635Z[0m [32m INFO[0m [1mnode[0m[1m{[0m[3mname[0m[2m=[0mk#addeef94..[1m}[0m[2m:[0m [2mconsensus_core::commit_observer[0m[2m:[0m [2mconsensus/core/src/commit_observer.rs[0m[2m:[0m[2m173:[0m Consensus commit C53(HDqC) with leader B54(C,aMld) has 3 blocks
[2m2025-03-25T07:54:27.730842Z[0m [32m INFO[0m [1mnode[0m[1m{[0m[3mname[0m[2m=[0mk#addeef94..[1m}[0m[2m:[0m [2msui_core::consensus_handler[0m[2m:[0m [2mcrates/sui-core/src/consensus_handler.rs[0m[2m:[0m[2m232:[0m Received consensus output [3mconsensus_commit[0m[2m=[0mCommittedSubDag(leader=B54(C,aMld), ref=C53(HDqC), blocks=[iDns, 3nMc, aMld]) [3mepoch[0m[2m=[0m0
[2m2025-03-25T07:54:27.830206Z[0m [32m INFO[0m [1mnode[0m[1m{[0m[3mname[0m[2m=[0mk#8dcff6d1..[1m}[0m[2m:[0m [2msui_core::checkpoints[0m[2m:[0m [2mcrates/sui-core/src/checkpoints/mod.rs[0m[2m:[0m[2m1326:[0m Creating checkpoint(s) for 1 transactions [3mnext_checkpoint_seq[0m[2m=[0m98 [3mcheckpoint_timestamp[0m[2m=[0m1742889267215
[2m2025-03-25T07:54:27.830440Z[0m [32m INFO[0m [1mnode[0m[1m{[0m[3mname[0m[2m=[0mk#8dcff6d1..[1m}[0m[2m:[0m [2msui_core::checkpoints::checkpoint_output[0m[2m:[0m [2mcrates/sui-core/src/checkpoints/checkpoint_output.rs[0m[2m:[0m[2m149:[0m Creating checkpoint CheckpointDigest(FZB4fVEEmWuvvF4thhaTWKgpSWz7WZTAouHt8RC85fwj) at epoch 0, sequence 98, previous digest Some(CheckpointDigest(GfGB7kUjjLMdmGsaCPHZeNJ5qGMSioTUezixWTvRqUvb)), transactions count 1, content digest CheckpointContentsDigest(EWqvRVSh7YquBusUKcvSP9s74ex4u4WmBJ4NTG9JVEF4), end_of_epoch_data None
[2m2025-03-25T07:54:27.835277Z[0m [32m INFO[0m [1mnode[0m[1m{[0m[3mname[0m[2m=[0mk#8dcff6d1..[1m}[0m[2m:[0m [2msui_core::checkpoints::checkpoint_output[0m[2m:[0m [2mcrates/sui-core/src/checkpoints/checkpoint_output.rs[0m[2m:[0m[2m196:[0m Certified checkpoint with sequence 96 and digest 2Jpw24A1T2myzEWYDyzDVxdZE8e2gmMhQn1K1Bgi2oJe
[2m2025-03-25T07:54:27.835303Z[0m [32m INFO[0m [1mnode[0m[1m{[0m[3mname[0m[2m=[0mk#8dcff6d1..[1m}[0m[2m:[0m [2msui_core::checkpoints::checkpoint_output[0m[2m:[0m [2mcrates/sui-core/src/checkpoints/checkpoint_output.rs[0m[2m:[0m[2m196:[0m Certified checkpoint with sequence 97 and digest GfGB7kUjjLMdmGsaCPHZeNJ5qGMSioTUezixWTvRqUvb
[2m2025-03-25T07:54:27.836294Z[0m [32m INFO[0m [1mnode[0m[1m{[0m[3mname[0m[2m=[0mk#8dcff6d1..[1m}[0m[2m:[0m [2msui_core::checkpoints::checkpoint_executor[0m[2m:[0m [2mcrates/sui-core/src/checkpoints/checkpoint_executor/mod.rs[0m[2m:[0m[2m332:[0m Received checkpoint summary from state sync [3msequence_number[0m[2m=[0m96
[2m2025-03-25T07:54:27.836428Z[0m [32m INFO[0m [1mnode[0m[1m{[0m[3mname[0m[2m=[0mk#8dcff6d1..[1m}[0m[2m:[0m [2msui_core::checkpoints::checkpoint_executor[0m[2m:[0m [2mcrates/sui-core/src/checkpoints/checkpoint_executor/mod.rs[0m[2m:[0m[2m332:[0m Received checkpoint summary from state sync [3msequence_number[0m[2m=[0m97
[2m2025-03-25T07:54:27.838032Z[0m [32m INFO[0m [1mnode[0m[1m{[0m[3mname[0m[2m=[0mk#b3f3cbb4..[1m}[0m[2m:[0m [2msui_core::state_accumulator[0m[2m:[0m [2mcrates/sui-core/src/state_accumulator.rs[0m[2m:[0m[2m675:[0m accumulating running root for checkpoint 14
[2m2025-03-25T07:54:27.838228Z[0m [32m INFO[0m [1mnode[0m[1m{[0m[3mname[0m[2m=[0mk#8dcff6d1..[1m}[0m[2m:[0m [2msui_core::state_accumulator[0m[2m:[0m [2mcrates/sui-core/src/state_accumulator.rs[0m[2m:[0m[2m675:[0m accumulating running root for checkpoint 96
[2m2025-03-25T07:54:27.838475Z[0m [32m INFO[0m [1mnode[0m[1m{[0m[3mname[0m[2m=[0mk#b3f3cbb4..[1m}[0m[2m:[0m [2msui_core::state_accumulator[0m[2m:[0m [2mcrates/sui-core/src/state_accumulator.rs[0m[2m:[0m[2m675:[0m accumulating running root for checkpoint 15
[2m2025-03-25T07:54:27.838654Z[0m [32m INFO[0m [1mnode[0m[1m{[0m[3mname[0m[2m=[0mk#8dcff6d1..[1m}[0m[2m:[0m [2msui_core::state_accumulator[0m[2m:[0m [2mcrates/sui-core/src/state_accumulator.rs[0m[2m:[0m[2m675:[0m accumulating running root for checkpoint 97
[2m2025-03-25T07:54:27.840295Z[0m [32m INFO[0m [1mnode[0m[1m{[0m[3mname[0m[2m=[0mk#99f25ef6..[1m}[0m[2m:[0m [2msui_core::checkpoints[0m[2m:[0m [2mcrates/sui-core/src/checkpoints/mod.rs[0m[2m:[0m[2m1326:[0m Creating checkpoint(s) for 1 transactions [3mnext_checkpoint_seq[0m[2m=[0m98 [3mcheckpoint_timestamp[0m[2m=[0m1742889267215
[2m2025-03-25T07:54:27.840502Z[0m [32m INFO[0m [1mnode[0m[1m{[0m[3mname[0m[2m=[0mk#99f25ef6..[1m}[0m[2m:[0m [2msui_core::checkpoints::checkpoint_output[0m[2m:[0m [2mcrates/sui-core/src/checkpoints/checkpoint_output.rs[0m[2m:[0m[2m149:[0m Creating checkpoint CheckpointDigest(FZB4fVEEmWuvvF4thhaTWKgpSWz7WZTAouHt8RC85fwj) at epoch 0, sequence 98, previous digest Some(CheckpointDigest(GfGB7kUjjLMdmGsaCPHZeNJ5qGMSioTUezixWTvRqUvb)), transactions count 1, content digest CheckpointContentsDigest(EWqvRVSh7YquBusUKcvSP9s74ex4u4WmBJ4NTG9JVEF4), end_of_epoch_data None
[2m2025-03-25T07:54:27.841112Z[0m [32m INFO[0m [1mnode[0m[1m{[0m[3mname[0m[2m=[0mk#99f25ef6..[1m}[0m[2m:[0m [2mconsensus_core::commit_syncer[0m[2m:[0m [2mconsensus/core/src/commit_syncer.rs[0m[2m:[0m[2m196:[0m Checking to schedule fetches: synced_commit_index=53, highest_handled_index=53, highest_scheduled_index=0, quorum_commit_index=51, unhandled_commits_threshold=3200
[2m2025-03-25T07:54:27.844305Z[0m [32m INFO[0m [1mnode[0m[1m{[0m[3mname[0m[2m=[0mk#addeef94..[1m}[0m[2m:[0m [2msui_core::checkpoints[0m[2m:[0m [2mcrates/sui-core/src/checkpoints/mod.rs[0m[2m:[0m[2m1326:[0m Creating checkpoint(s) for 1 transactions [3mnext_checkpoint_seq[0m[2m=[0m98 [3mcheckpoint_timestamp[0m[2m=[0m1742889267215
[2m2025-03-25T07:54:27.844499Z[0m [32m INFO[0m [1mnode[0m[1m{[0m[3mname[0m[2m=[0mk#addeef94..[1m}[0m[2m:[0m [2msui_core::checkpoints::checkpoint_output[0m[2m:[0m [2mcrates/sui-core/src/checkpoints/checkpoint_output.rs[0m[2m:[0m[2m149:[0m Creating checkpoint CheckpointDigest(FZB4fVEEmWuvvF4thhaTWKgpSWz7WZTAouHt8RC85fwj) at epoch 0, sequence 98, previous digest Some(CheckpointDigest(GfGB7kUjjLMdmGsaCPHZeNJ5qGMSioTUezixWTvRqUvb)), transactions count 1, content digest CheckpointContentsDigest(EWqvRVSh7YquBusUKcvSP9s74ex4u4WmBJ4NTG9JVEF4), end_of_epoch_data None
[2m2025-03-25T07:54:27.845075Z[0m [32m INFO[0m [1mnode[0m[1m{[0m[3mname[0m[2m=[0mk#99f25ef6..[1m}[0m[2m:[0m [2msui_core::checkpoints::checkpoint_output[0m[2m:[0m [2mcrates/sui-core/src/checkpoints/checkpoint_output.rs[0m[2m:[0m[2m196:[0m Certified checkpoint with sequence 96 and digest 2Jpw24A1T2myzEWYDyzDVxdZE8e2gmMhQn1K1Bgi2oJe
[2m2025-03-25T07:54:27.845097Z[0m [32m INFO[0m [1mnode[0m[1m{[0m[3mname[0m[2m=[0mk#99f25ef6..[1m}[0m[2m:[0m [2msui_core::checkpoints::checkpoint_output[0m[2m:[0m [2mcrates/sui-core/src/checkpoints/checkpoint_output.rs[0m[2m:[0m[2m196:[0m Certified checkpoint with sequence 97 and digest GfGB7kUjjLMdmGsaCPHZeNJ5qGMSioTUezixWTvRqUvb
[2m2025-03-25T07:54:27.846079Z[0m [32m INFO[0m [1mnode[0m[1m{[0m[3mname[0m[2m=[0mk#99f25ef6..[1m}[0m[2m:[0m [2msui_core::checkpoints::checkpoint_executor[0m[2m:[0m [2mcrates/sui-core/src/checkpoints/checkpoint_executor/mod.rs[0m[2m:[0m[2m332:[0m Received checkpoint summary from state sync [3msequence_number[0m[2m=[0m96
[2m2025-03-25T07:54:27.846209Z[0m [32m INFO[0m [1mnode[0m[1m{[0m[3mname[0m[2m=[0mk#99f25ef6..[1m}[0m[2m:[0m [2msui_core::checkpoints::checkpoint_executor[0m[2m:[0m [2mcrates/sui-core/src/checkpoints/checkpoint_executor/mod.rs[0m[2m:[0m[2m332:[0m Received checkpoint summary from state sync [3msequence_number[0m[2m=[0m97
[2m2025-03-25T07:54:27.848049Z[0m [32m INFO[0m [1mnode[0m[1m{[0m[3mname[0m[2m=[0mk#99f25ef6..[1m}[0m[2m:[0m [2msui_core::state_accumulator[0m[2m:[0m [2mcrates/sui-core/src/state_accumulator.rs[0m[2m:[0m[2m675:[0m accumulating running root for checkpoint 96
[2m2025-03-25T07:54:27.848494Z[0m [32m INFO[0m [1mnode[0m[1m{[0m[3mname[0m[2m=[0mk#99f25ef6..[1m}[0m[2m:[0m [2msui_core::state_accumulator[0m[2m:[0m [2mcrates/sui-core/src/state_accumulator.rs[0m[2m:[0m[2m675:[0m accumulating running root for checkpoint 97
[2m2025-03-25T07:54:27.945753Z[0m [32m INFO[0m [1mnode[0m[1m{[0m[3mname[0m[2m=[0mk#b3f3cbb4..[1m}[0m[2m:[0m [2msui_core::state_accumulator[0m[2m:[0m [2mcrates/sui-core/src/state_accumulator.rs[0m[2m:[0m[2m675:[0m accumulating running root for checkpoint 16
[2m2025-03-25T07:54:27.946234Z[0m [32m INFO[0m [1mnode[0m[1m{[0m[3mname[0m[2m=[0mk#b3f3cbb4..[1m}[0m[2m:[0m [2msui_core::state_accumulator[0m[2m:[0m [2mcrates/sui-core/src/state_accumulator.rs[0m[2m:[0m[2m675:[0m accumulating running root for checkpoint 17
[2m2025-03-25T07:54:27.954876Z[0m [32m INFO[0m [1mnode[0m[1m{[0m[3mname[0m[2m=[0mk#8dcff6d1..[1m}[0m[2m:[0m [2msui_core::checkpoints[0m[2m:[0m [2mcrates/sui-core/src/checkpoints/mod.rs[0m[2m:[0m[2m1326:[0m Creating checkpoint(s) for 1 transactions [3mnext_checkpoint_seq[0m[2m=[0m99 [3mcheckpoint_timestamp[0m[2m=[0m1742889267215
[2m2025-03-25T07:54:27.955125Z[0m [32m INFO[0m [1mnode[0m[1m{[0m[3mname[0m[2m=[0mk#8dcff6d1..[1m}[0m[2m:[0m [2msui_core::checkpoints::checkpoint_output[0m[2m:[0m [2mcrates/sui-core/src/checkpoints/checkpoint_output.rs[0m[2m:[0m[2m149:[0m Creating checkpoint CheckpointDigest(BFXGdhAQhTpMi9ypBJvMa2zLhSkVasc5FPKvT7FTyeDa) at epoch 0, sequence 99, previous digest Some(CheckpointDigest(FZB4fVEEmWuvvF4thhaTWKgpSWz7WZTAouHt8RC85fwj)), transactions count 1, content digest CheckpointContentsDigest(J5MMLBxofc3sQEgbYKmcg4j66WCJdAGpF7FhjKagc3rp), end_of_epoch_data None
[2m2025-03-25T07:54:27.963305Z[0m [32m INFO[0m [1mnode[0m[1m{[0m[3mname[0m[2m=[0mk#addeef94..[1m}[0m[2m:[0m [2msui_core::checkpoints[0m[2m:[0m [2mcrates/sui-core/src/checkpoints/mod.rs[0m[2m:[0m[2m1326:[0m Creating checkpoint(s) for 1 transactions [3mnext_checkpoint_seq[0m[2m=[0m99 [3mcheckpoint_timestamp[0m[2m=[0m1742889267215
[2m2025-03-25T07:54:27.963514Z[0m [32m INFO[0m [1mnode[0m[1m{[0m[3mname[0m[2m=[0mk#addeef94..[1m}[0m[2m:[0m [2msui_core::checkpoints::checkpoint_output[0m[2m:[0m [2mcrates/sui-core/src/checkpoints/checkpoint_output.rs[0m[2m:[0m[2m149:[0m Creating checkpoint CheckpointDigest(BFXGdhAQhTpMi9ypBJvMa2zLhSkVasc5FPKvT7FTyeDa) at epoch 0, sequence 99, previous digest Some(CheckpointDigest(FZB4fVEEmWuvvF4thhaTWKgpSWz7WZTAouHt8RC85fwj)), transactions count 1, content digest CheckpointContentsDigest(J5MMLBxofc3sQEgbYKmcg4j66WCJdAGpF7FhjKagc3rp), end_of_epoch_data None
[2m2025-03-25T07:54:27.970289Z[0m [32m INFO[0m [1mnode[0m[1m{[0m[3mname[0m[2m=[0mk#99f25ef6..[1m}[0m[2m:[0m [2msui_core::checkpoints[0m[2m:[0m [2mcrates/sui-core/src/checkpoints/mod.rs[0m[2m:[0m[2m1326:[0m Creating checkpoint(s) for 1 transactions [3mnext_checkpoint_seq[0m[2m=[0m99 [3mcheckpoint_timestamp[0m[2m=[0m1742889267215
[2m2025-03-25T07:54:27.970500Z[0m [32m INFO[0m [1mnode[0m[1m{[0m[3mname[0m[2m=[0mk#99f25ef6..[1m}[0m[2m:[0m [2msui_core::checkpoints::checkpoint_output[0m[2m:[0m [2mcrates/sui-core/src/checkpoints/checkpoint_output.rs[0m[2m:[0m[2m149:[0m Creating checkpoint CheckpointDigest(BFXGdhAQhTpMi9ypBJvMa2zLhSkVasc5FPKvT7FTyeDa) at epoch 0, sequence 99, previous digest Some(CheckpointDigest(FZB4fVEEmWuvvF4thhaTWKgpSWz7WZTAouHt8RC85fwj)), transactions count 1, content digest CheckpointContentsDigest(J5MMLBxofc3sQEgbYKmcg4j66WCJdAGpF7FhjKagc3rp), end_of_epoch_data None
[2m2025-03-25T07:54:27.971828Z[0m [32m INFO[0m [1mnode[0m[1m{[0m[3mname[0m[2m=[0mk#addeef94..[1m}[0m[2m:[0m [2msui_core::checkpoints::checkpoint_executor[0m[2m:[0m [2mcrates/sui-core/src/checkpoints/checkpoint_executor/mod.rs[0m[2m:[0m[2m332:[0m Received checkpoint summary from state sync [3msequence_number[0m[2m=[0m96
[2m2025-03-25T07:54:27.971960Z[0m [32m INFO[0m [1mnode[0m[1m{[0m[3mname[0m[2m=[0mk#addeef94..[1m}[0m[2m:[0m [2msui_core::checkpoints::checkpoint_executor[0m[2m:[0m [2mcrates/sui-core/src/checkpoints/checkpoint_executor/mod.rs[0m[2m:[0m[2m332:[0m Received checkpoint summary from state sync [3msequence_number[0m[2m=[0m97
[2m2025-03-25T07:54:27.973360Z[0m [32m INFO[0m [1mnode[0m[1m{[0m[3mname[0m[2m=[0mk#addeef94..[1m}[0m[2m:[0m [2msui_core::state_accumulator[0m[2m:[0m [2mcrates/sui-core/src/state_accumulator.rs[0m[2m:[0m[2m675:[0m accumulating running root for checkpoint 96
[2m2025-03-25T07:54:27.973796Z[0m [32m INFO[0m [1mnode[0m[1m{[0m[3mname[0m[2m=[0mk#addeef94..[1m}[0m[2m:[0m [2msui_core::state_accumulator[0m[2m:[0m [2mcrates/sui-core/src/state_accumulator.rs[0m[2m:[0m[2m675:[0m accumulating running root for checkpoint 97
[2m2025-03-25T07:54:27.978719Z[0m [32m INFO[0m [1mnode[0m[1m{[0m[3mname[0m[2m=[0mk#8dcff6d1..[1m}[0m[2m:[0m [2mconsensus_core::core[0m[2m:[0m [2mconsensus/core/src/core.rs[0m[2m:[0m[2m531:[0m Created block B57(A,ez6791aWBAgPjsTFiP/Q9C6r8XReynLEYqunHfq6VDM=)(1742889267978ms;[B56(A,fotmsT99UXZnZTCqTKhtXAu3BNmX6t1cMWWBRDfuoBA=), B56(B,YiMnjheH0S7ofhhoOGBS3w3PFwpUOu7rv3D98BPI/XI=), B56(C,pbaqVpAUWkkzyISQizuVp0wViRSpSIJERR9TgpT4FJY=)];2t;1c) for round 57
[2m2025-03-25T07:54:27.979050Z[0m [32m INFO[0m [1mnode[0m[1m{[0m[3mname[0m[2m=[0mk#99f25ef6..[1m}[0m[2m:[0m [2mconsensus_core::core[0m[2m:[0m [2mconsensus/core/src/core.rs[0m[2m:[0m[2m531:[0m Created block B57(B,adiXhFpAZ7F721+KIPOXhNKAWuLV5m4YxixFEJeH2Yc=)(1742889267978ms;[B56(B,YiMnjheH0S7ofhhoOGBS3w3PFwpUOu7rv3D98BPI/XI=), B56(A,fotmsT99UXZnZTCqTKhtXAu3BNmX6t1cMWWBRDfuoBA=), B56(C,pbaqVpAUWkkzyISQizuVp0wViRSpSIJERR9TgpT4FJY=)];2t;1c) for round 57
[2m2025-03-25T07:54:27.982565Z[0m [32m INFO[0m [1mnode[0m[1m{[0m[3mname[0m[2m=[0mk#addeef94..[1m}[0m[2m:[0m [2mconsensus_core::core[0m[2m:[0m [2mconsensus/core/src/core.rs[0m[2m:[0m[2m531:[0m Created block B57(C,u/xvWWw3f0mVOmCr7SQ/nYqcX+0fItkuxwL1srYSR7I=)(1742889267982ms;[B56(C,pbaqVpAUWkkzyISQizuVp0wViRSpSIJERR9TgpT4FJY=), B56(A,fotmsT99UXZnZTCqTKhtXAu3BNmX6t1cMWWBRDfuoBA=), B56(B,YiMnjheH0S7ofhhoOGBS3w3PFwpUOu7rv3D98BPI/XI=)];2t;1c) for round 57
[2m2025-03-25T07:54:27.982648Z[0m [32m INFO[0m [1mnode[0m[1m{[0m[3mname[0m[2m=[0mk#addeef94..[1m}[0m[2m:[0m [2mconsensus_core::core[0m[2m:[0m [2mconsensus/core/src/core.rs[0m[2m:[0m[2m630:[0m Committing 1 leaders: B55(A,Kb7z)
[2m2025-03-25T07:54:27.982721Z[0m [32m INFO[0m [1mnode[0m[1m{[0m[3mname[0m[2m=[0mk#addeef94..[1m}[0m[2m:[0m [2mconsensus_core::commit_observer[0m[2m:[0m [2mconsensus/core/src/commit_observer.rs[0m[2m:[0m[2m173:[0m Consensus commit C54(Naoy) with leader B55(A,Kb7z) has 3 blocks
[2m2025-03-25T07:54:27.982807Z[0m [32m INFO[0m [1mnode[0m[1m{[0m[3mname[0m[2m=[0mk#addeef94..[1m}[0m[2m:[0m [2msui_core::consensus_handler[0m[2m:[0m [2mcrates/sui-core/src/consensus_handler.rs[0m[2m:[0m[2m232:[0m Received consensus output [3mconsensus_commit[0m[2m=[0mCommittedSubDag(leader=B55(A,Kb7z), ref=C54(Naoy), blocks=[Nru2, 5Owv, Kb7z]) [3mepoch[0m[2m=[0m0
[2m2025-03-25T07:54:27.985717Z[0m [32m INFO[0m [1mnode[0m[1m{[0m[3mname[0m[2m=[0mk#8dcff6d1..[1m}[0m[2m:[0m [2mconsensus_core::core[0m[2m:[0m [2mconsensus/core/src/core.rs[0m[2m:[0m[2m630:[0m Committing 1 leaders: B55(A,Kb7z)
[2m2025-03-25T07:54:27.985804Z[0m [32m INFO[0m [1mnode[0m[1m{[0m[3mname[0m[2m=[0mk#8dcff6d1..[1m}[0m[2m:[0m [2mconsensus_core::commit_observer[0m[2m:[0m [2mconsensus/core/src/commit_observer.rs[0m[2m:[0m[2m173:[0m Consensus commit C54(Naoy) with leader B55(A,Kb7z) has 3 blocks
[2m2025-03-25T07:54:27.985877Z[0m [32m INFO[0m [1mnode[0m[1m{[0m[3mname[0m[2m=[0mk#8dcff6d1..[1m}[0m[2m:[0m [2msui_core::consensus_handler[0m[2m:[0m [2mcrates/sui-core/src/consensus_handler.rs[0m[2m:[0m[2m232:[0m Received consensus output [3mconsensus_commit[0m[2m=[0mCommittedSubDag(leader=B55(A,Kb7z), ref=C54(Naoy), blocks=[Nru2, 5Owv, Kb7z]) [3mepoch[0m[2m=[0m0
[2m2025-03-25T07:54:27.989163Z[0m [32m INFO[0m [1mnode[0m[1m{[0m[3mname[0m[2m=[0mk#99f25ef6..[1m}[0m[2m:[0m [2mconsensus_core::core[0m[2m:[0m [2mconsensus/core/src/core.rs[0m[2m:[0m[2m630:[0m Committing 1 leaders: B55(A,Kb7z)
[2m2025-03-25T07:54:27.989425Z[0m [32m INFO[0m [1mnode[0m[1m{[0m[3mname[0m[2m=[0mk#99f25ef6..[1m}[0m[2m:[0m [2mconsensus_core::commit_observer[0m[2m:[0m [2mconsensus/core/src/commit_observer.rs[0m[2m:[0m[2m173:[0m Consensus commit C54(Naoy) with leader B55(A,Kb7z) has 3 blocks
[2m2025-03-25T07:54:27.989637Z[0m [32m INFO[0m [1mnode[0m[1m{[0m[3mname[0m[2m=[0mk#99f25ef6..[1m}[0m[2m:[0m [2msui_core::consensus_handler[0m[2m:[0m [2mcrates/sui-core/src/consensus_handler.rs[0m[2m:[0m[2m232:[0m Received consensus output [3mconsensus_commit[0m[2m=[0mCommittedSubDag(leader=B55(A,Kb7z), ref=C54(Naoy), blocks=[Nru2, 5Owv, Kb7z]) [3mepoch[0m[2m=[0m0
[2m2025-03-25T07:54:28.050060Z[0m [32m INFO[0m [1mnode[0m[1m{[0m[3mname[0m[2m=[0mk#b3f3cbb4..[1m}[0m[2m:[0m [2msui_core::state_accumulator[0m[2m:[0m [2mcrates/sui-core/src/state_accumulator.rs[0m[2m:[0m[2m675:[0m accumulating running root for checkpoint 18
[2m2025-03-25T07:54:28.050612Z[0m [32m INFO[0m [1mnode[0m[1m{[0m[3mname[0m[2m=[0mk#b3f3cbb4..[1m}[0m[2m:[0m [2msui_core::state_accumulator[0m[2m:[0m [2mcrates/sui-core/src/state_accumulator.rs[0m[2m:[0m[2m675:[0m accumulating running root for checkpoint 19
[2m2025-03-25T07:54:28.082150Z[0m [32m INFO[0m [1mnode[0m[1m{[0m[3mname[0m[2m=[0mk#addeef94..[1m}[0m[2m:[0m [2msui_core::checkpoints[0m[2m:[0m [2mcrates/sui-core/src/checkpoints/mod.rs[0m[2m:[0m[2m1326:[0m Creating checkpoint(s) for 1 transactions [3mnext_checkpoint_seq[0m[2m=[0m100 [3mcheckpoint_timestamp[0m[2m=[0m1742889267469
[2m2025-03-25T07:54:28.082415Z[0m [32m INFO[0m [1mnode[0m[1m{[0m[3mname[0m[2m=[0mk#addeef94..[1m}[0m[2m:[0m [2msui_core::checkpoints::checkpoint_output[0m[2m:[0m [2mcrates/sui-core/src/checkpoints/checkpoint_output.rs[0m[2m:[0m[2m149:[0m Creating checkpoint CheckpointDigest(7WiQMApaftDS8PEVpe36zkdw9HW9YXG6LwRgN717jyN4) at epoch 0, sequence 100, previous digest Some(CheckpointDigest(BFXGdhAQhTpMi9ypBJvMa2zLhSkVasc5FPKvT7FTyeDa)), transactions count 1, content digest CheckpointContentsDigest(8We2GHo2HV9b2Mgjx8Cw8XajwmxVBpYEqgp31cHxjmb3), end_of_epoch_data None
[2m2025-03-25T07:54:28.088092Z[0m [32m INFO[0m [1mnode[0m[1m{[0m[3mname[0m[2m=[0mk#99f25ef6..[1m}[0m[2m:[0m [2msui_core::checkpoints[0m[2m:[0m [2mcrates/sui-core/src/checkpoints/mod.rs[0m[2m:[0m[2m1326:[0m Creating checkpoint(s) for 1 transactions [3mnext_checkpoint_seq[0m[2m=[0m100 [3mcheckpoint_timestamp[0m[2m=[0m1742889267469
[2m2025-03-25T07:54:28.088282Z[0m [32m INFO[0m [1mnode[0m[1m{[0m[3mname[0m[2m=[0mk#99f25ef6..[1m}[0m[2m:[0m [2msui_core::checkpoints::checkpoint_output[0m[2m:[0m [2mcrates/sui-core/src/checkpoints/checkpoint_output.rs[0m[2m:[0m[2m149:[0m Creating checkpoint CheckpointDigest(7WiQMApaftDS8PEVpe36zkdw9HW9YXG6LwRgN717jyN4) at epoch 0, sequence 100, previous digest Some(CheckpointDigest(BFXGdhAQhTpMi9ypBJvMa2zLhSkVasc5FPKvT7FTyeDa)), transactions count 1, content digest CheckpointContentsDigest(8We2GHo2HV9b2Mgjx8Cw8XajwmxVBpYEqgp31cHxjmb3), end_of_epoch_data None
[2m2025-03-25T07:54:28.089405Z[0m [32m INFO[0m [1mnode[0m[1m{[0m[3mname[0m[2m=[0mk#8dcff6d1..[1m}[0m[2m:[0m [2msui_core::checkpoints[0m[2m:[0m [2mcrates/sui-core/src/checkpoints/mod.rs[0m[2m:[0m[2m1326:[0m Creating checkpoint(s) for 1 transactions [3mnext_checkpoint_seq[0m[2m=[0m100 [3mcheckpoint_timestamp[0m[2m=[0m1742889267469
[2m2025-03-25T07:54:28.089988Z[0m [32m INFO[0m [1mnode[0m[1m{[0m[3mname[0m[2m=[0mk#8dcff6d1..[1m}[0m[2m:[0m [2msui_core::checkpoints::checkpoint_output[0m[2m:[0m [2mcrates/sui-core/src/checkpoints/checkpoint_output.rs[0m[2m:[0m[2m149:[0m Creating checkpoint CheckpointDigest(7WiQMApaftDS8PEVpe36zkdw9HW9YXG6LwRgN717jyN4) at epoch 0, sequence 100, previous digest Some(CheckpointDigest(BFXGdhAQhTpMi9ypBJvMa2zLhSkVasc5FPKvT7FTyeDa)), transactions count 1, content digest CheckpointContentsDigest(8We2GHo2HV9b2Mgjx8Cw8XajwmxVBpYEqgp31cHxjmb3), end_of_epoch_data None
[2m2025-03-25T07:54:28.093086Z[0m [32m INFO[0m [1mnode[0m[1m{[0m[3mname[0m[2m=[0mk#99f25ef6..[1m}[0m[2m:[0m [2msui_core::checkpoints::checkpoint_output[0m[2m:[0m [2mcrates/sui-core/src/checkpoints/checkpoint_output.rs[0m[2m:[0m[2m196:[0m Certified checkpoint with sequence 98 and digest FZB4fVEEmWuvvF4thhaTWKgpSWz7WZTAouHt8RC85fwj
[2m2025-03-25T07:54:28.093117Z[0m [32m INFO[0m [1mnode[0m[1m{[0m[3mname[0m[2m=[0mk#99f25ef6..[1m}[0m[2m:[0m [2msui_core::checkpoints::checkpoint_output[0m[2m:[0m [2mcrates/sui-core/src/checkpoints/checkpoint_output.rs[0m[2m:[0m[2m196:[0m Certified checkpoint with sequence 99 and digest BFXGdhAQhTpMi9ypBJvMa2zLhSkVasc5FPKvT7FTyeDa
[2m2025-03-25T07:54:28.094634Z[0m [32m INFO[0m [1mnode[0m[1m{[0m[3mname[0m[2m=[0mk#99f25ef6..[1m}[0m[2m:[0m [2msui_core::checkpoints::checkpoint_executor[0m[2m:[0m [2mcrates/sui-core/src/checkpoints/checkpoint_executor/mod.rs[0m[2m:[0m[2m332:[0m Received checkpoint summary from state sync [3msequence_number[0m[2m=[0m98
[2m2025-03-25T07:54:28.094772Z[0m [32m INFO[0m [1mnode[0m[1m{[0m[3mname[0m[2m=[0mk#99f25ef6..[1m}[0m[2m:[0m [2msui_core::checkpoints::checkpoint_executor[0m[2m:[0m [2mcrates/sui-core/src/checkpoints/checkpoint_executor/mod.rs[0m[2m:[0m[2m332:[0m Received checkpoint summary from state sync [3msequence_number[0m[2m=[0m99
[2m2025-03-25T07:54:28.096874Z[0m [32m INFO[0m [1mnode[0m[1m{[0m[3mname[0m[2m=[0mk#99f25ef6..[1m}[0m[2m:[0m [2msui_core::state_accumulator[0m[2m:[0m [2mcrates/sui-core/src/state_accumulator.rs[0m[2m:[0m[2m675:[0m accumulating running root for checkpoint 98
[2m2025-03-25T07:54:28.097329Z[0m [32m INFO[0m [1mnode[0m[1m{[0m[3mname[0m[2m=[0mk#99f25ef6..[1m}[0m[2m:[0m [2msui_core::state_accumulator[0m[2m:[0m [2mcrates/sui-core/src/state_accumulator.rs[0m[2m:[0m[2m675:[0m accumulating running root for checkpoint 99
[2m2025-03-25T07:54:28.098484Z[0m [32m INFO[0m [1mnode[0m[1m{[0m[3mname[0m[2m=[0mk#8dcff6d1..[1m}[0m[2m:[0m [2msui_core::checkpoints::checkpoint_output[0m[2m:[0m [2mcrates/sui-core/src/checkpoints/checkpoint_output.rs[0m[2m:[0m[2m196:[0m Certified checkpoint with sequence 98 and digest FZB4fVEEmWuvvF4thhaTWKgpSWz7WZTAouHt8RC85fwj
[2m2025-03-25T07:54:28.098525Z[0m [32m INFO[0m [1mnode[0m[1m{[0m[3mname[0m[2m=[0mk#8dcff6d1..[1m}[0m[2m:[0m [2msui_core::checkpoints::checkpoint_output[0m[2m:[0m [2mcrates/sui-core/src/checkpoints/checkpoint_output.rs[0m[2m:[0m[2m196:[0m Certified checkpoint with sequence 99 and digest BFXGdhAQhTpMi9ypBJvMa2zLhSkVasc5FPKvT7FTyeDa
[2m2025-03-25T07:54:28.100717Z[0m [32m INFO[0m [1mnode[0m[1m{[0m[3mname[0m[2m=[0mk#8dcff6d1..[1m}[0m[2m:[0m [2msui_core::checkpoints::checkpoint_executor[0m[2m:[0m [2mcrates/sui-core/src/checkpoints/checkpoint_executor/mod.rs[0m[2m:[0m[2m332:[0m Received checkpoint summary from state sync [3msequence_number[0m[2m=[0m98
[2m2025-03-25T07:54:28.100844Z[0m [32m INFO[0m [1mnode[0m[1m{[0m[3mname[0m[2m=[0mk#8dcff6d1..[1m}[0m[2m:[0m [2msui_core::checkpoints::checkpoint_executor[0m[2m:[0m [2mcrates/sui-core/src/checkpoints/checkpoint_executor/mod.rs[0m[2m:[0m[2m332:[0m Received checkpoint summary from state sync [3msequence_number[0m[2m=[0m99
[2m2025-03-25T07:54:28.102671Z[0m [32m INFO[0m [1mnode[0m[1m{[0m[3mname[0m[2m=[0mk#8dcff6d1..[1m}[0m[2m:[0m [2msui_core::state_accumulator[0m[2m:[0m [2mcrates/sui-core/src/state_accumulator.rs[0m[2m:[0m[2m675:[0m accumulating running root for checkpoint 98
[2m2025-03-25T07:54:28.103103Z[0m [32m INFO[0m [1mnode[0m[1m{[0m[3mname[0m[2m=[0mk#8dcff6d1..[1m}[0m[2m:[0m [2msui_core::state_accumulator[0m[2m:[0m [2mcrates/sui-core/src/state_accumulator.rs[0m[2m:[0m[2m675:[0m accumulating running root for checkpoint 99
[2m2025-03-25T07:54:28.147390Z[0m [32m INFO[0m [1mnode[0m[1m{[0m[3mname[0m[2m=[0mk#b3f3cbb4..[1m}[0m[2m:[0m [2msui_core::state_accumulator[0m[2m:[0m [2mcrates/sui-core/src/state_accumulator.rs[0m[2m:[0m[2m675:[0m accumulating running root for checkpoint 20
[2m2025-03-25T07:54:28.147892Z[0m [32m INFO[0m [1mnode[0m[1m{[0m[3mname[0m[2m=[0mk#b3f3cbb4..[1m}[0m[2m:[0m [2msui_core::state_accumulator[0m[2m:[0m [2mcrates/sui-core/src/state_accumulator.rs[0m[2m:[0m[2m675:[0m accumulating running root for checkpoint 21
[2m2025-03-25T07:54:28.208159Z[0m [32m INFO[0m [1mnode[0m[1m{[0m[3mname[0m[2m=[0mk#addeef94..[1m}[0m[2m:[0m [2msui_core::checkpoints[0m[2m:[0m [2mcrates/sui-core/src/checkpoints/mod.rs[0m[2m:[0m[2m1326:[0m Creating checkpoint(s) for 1 transactions [3mnext_checkpoint_seq[0m[2m=[0m101 [3mcheckpoint_timestamp[0m[2m=[0m1742889267469
[2m2025-03-25T07:54:28.208449Z[0m [32m INFO[0m [1mnode[0m[1m{[0m[3mname[0m[2m=[0mk#addeef94..[1m}[0m[2m:[0m [2msui_core::checkpoints::checkpoint_output[0m[2m:[0m [2mcrates/sui-core/src/checkpoints/checkpoint_output.rs[0m[2m:[0m[2m149:[0m Creating checkpoint CheckpointDigest(HefFCyfJ4GQWsLdHcLX3LWH6qxzne1KZTTgpAjMtaRVT) at epoch 0, sequence 101, previous digest Some(CheckpointDigest(7WiQMApaftDS8PEVpe36zkdw9HW9YXG6LwRgN717jyN4)), transactions count 1, content digest CheckpointContentsDigest(8qEHB9rbHfWNtWwK9219JGiScRDB7HNYLb9aEEmN1yUX), end_of_epoch_data None
[2m2025-03-25T07:54:28.209332Z[0m [32m INFO[0m [1mnode[0m[1m{[0m[3mname[0m[2m=[0mk#addeef94..[1m}[0m[2m:[0m [2mconsensus_core::commit_syncer[0m[2m:[0m [2mconsensus/core/src/commit_syncer.rs[0m[2m:[0m[2m196:[0m Checking to schedule fetches: synced_commit_index=54, highest_handled_index=54, highest_scheduled_index=0, quorum_commit_index=0, unhandled_commits_threshold=3200
[2m2025-03-25T07:54:28.219544Z[0m [32m INFO[0m [1mnode[0m[1m{[0m[3mname[0m[2m=[0mk#99f25ef6..[1m}[0m[2m:[0m [2msui_core::checkpoints[0m[2m:[0m [2mcrates/sui-core/src/checkpoints/mod.rs[0m[2m:[0m[2m1326:[0m Creating checkpoint(s) for 1 transactions [3mnext_checkpoint_seq[0m[2m=[0m101 [3mcheckpoint_timestamp[0m[2m=[0m1742889267469
[2m2025-03-25T07:54:28.219815Z[0m [32m INFO[0m [1mnode[0m[1m{[0m[3mname[0m[2m=[0mk#99f25ef6..[1m}[0m[2m:[0m [2msui_core::checkpoints::checkpoint_output[0m[2m:[0m [2mcrates/sui-core/src/checkpoints/checkpoint_output.rs[0m[2m:[0m[2m149:[0m Creating checkpoint CheckpointDigest(HefFCyfJ4GQWsLdHcLX3LWH6qxzne1KZTTgpAjMtaRVT) at epoch 0, sequence 101, previous digest Some(CheckpointDigest(7WiQMApaftDS8PEVpe36zkdw9HW9YXG6LwRgN717jyN4)), transactions count 1, content digest CheckpointContentsDigest(8qEHB9rbHfWNtWwK9219JGiScRDB7HNYLb9aEEmN1yUX), end_of_epoch_data None
[2m2025-03-25T07:54:28.221788Z[0m [32m INFO[0m [1mnode[0m[1m{[0m[3mname[0m[2m=[0mk#addeef94..[1m}[0m[2m:[0m [2msui_core::checkpoints::checkpoint_executor[0m[2m:[0m [2mcrates/sui-core/src/checkpoints/checkpoint_executor/mod.rs[0m[2m:[0m[2m332:[0m Received checkpoint summary from state sync [3msequence_number[0m[2m=[0m98
[2m2025-03-25T07:54:28.221926Z[0m [32m INFO[0m [1mnode[0m[1m{[0m[3mname[0m[2m=[0mk#addeef94..[1m}[0m[2m:[0m [2msui_core::checkpoints::checkpoint_executor[0m[2m:[0m [2mcrates/sui-core/src/checkpoints/checkpoint_executor/mod.rs[0m[2m:[0m[2m332:[0m Received checkpoint summary from state sync [3msequence_number[0m[2m=[0m99
[2m2025-03-25T07:54:28.223251Z[0m [32m INFO[0m [1mnode[0m[1m{[0m[3mname[0m[2m=[0mk#addeef94..[1m}[0m[2m:[0m [2msui_core::state_accumulator[0m[2m:[0m [2mcrates/sui-core/src/state_accumulator.rs[0m[2m:[0m[2m675:[0m accumulating running root for checkpoint 98
[2m2025-03-25T07:54:28.223690Z[0m [32m INFO[0m [1mnode[0m[1m{[0m[3mname[0m[2m=[0mk#addeef94..[1m}[0m[2m:[0m [2msui_core::state_accumulator[0m[2m:[0m [2mcrates/sui-core/src/state_accumulator.rs[0m[2m:[0m[2m675:[0m accumulating running root for checkpoint 99
[2m2025-03-25T07:54:28.234790Z[0m [32m INFO[0m [1mnode[0m[1m{[0m[3mname[0m[2m=[0mk#addeef94..[1m}[0m[2m:[0m [2mconsensus_core::core[0m[2m:[0m [2mconsensus/core/src/core.rs[0m[2m:[0m[2m531:[0m Created block B58(C,s/b49MJVTC2877AJ/XoaRoNLWfh1hyjADYVouZbTizw=)(1742889268234ms;[B57(C,u/xvWWw3f0mVOmCr7SQ/nYqcX+0fItkuxwL1srYSR7I=), B57(A,ez6791aWBAgPjsTFiP/Q9C6r8XReynLEYqunHfq6VDM=), B57(B,adiXhFpAZ7F721+KIPOXhNKAWuLV5m4YxixFEJeH2Yc=)];2t;1c) for round 58
[2m2025-03-25T07:54:28.240958Z[0m [32m INFO[0m [1mnode[0m[1m{[0m[3mname[0m[2m=[0mk#99f25ef6..[1m}[0m[2m:[0m [2mconsensus_core::core[0m[2m:[0m [2mconsensus/core/src/core.rs[0m[2m:[0m[2m531:[0m Created block B58(B,m8wzoYdmamb+hXgSnFH301ULGaHox1fu9R+ICUhPOig=)(1742889268240ms;[B57(B,adiXhFpAZ7F721+KIPOXhNKAWuLV5m4YxixFEJeH2Yc=), B57(A,ez6791aWBAgPjsTFiP/Q9C6r8XReynLEYqunHfq6VDM=), B57(C,u/xvWWw3f0mVOmCr7SQ/nYqcX+0fItkuxwL1srYSR7I=)];2t;1c) for round 58
[2m2025-03-25T07:54:28.241054Z[0m [32m INFO[0m [1mnode[0m[1m{[0m[3mname[0m[2m=[0mk#99f25ef6..[1m}[0m[2m:[0m [2mconsensus_core::core[0m[2m:[0m [2mconsensus/core/src/core.rs[0m[2m:[0m[2m630:[0m Committing 1 leaders: B56(B,YiMn)
[2m2025-03-25T07:54:28.241129Z[0m [32m INFO[0m [1mnode[0m[1m{[0m[3mname[0m[2m=[0mk#99f25ef6..[1m}[0m[2m:[0m [2mconsensus_core::commit_observer[0m[2m:[0m [2mconsensus/core/src/commit_observer.rs[0m[2m:[0m[2m173:[0m Consensus commit C55(7Atb) with leader B56(B,YiMn) has 3 blocks
[2m2025-03-25T07:54:28.241239Z[0m [32m INFO[0m [1mnode[0m[1m{[0m[3mname[0m[2m=[0mk#99f25ef6..[1m}[0m[2m:[0m [2msui_core::consensus_handler[0m[2m:[0m [2mcrates/sui-core/src/consensus_handler.rs[0m[2m:[0m[2m232:[0m Received consensus output [3mconsensus_commit[0m[2m=[0mCommittedSubDag(leader=B56(B,YiMn), ref=C55(7Atb), blocks=[E4EU, yFFY, YiMn]) [3mepoch[0m[2m=[0m0
[2m2025-03-25T07:54:28.250415Z[0m [32m INFO[0m [1mnode[0m[1m{[0m[3mname[0m[2m=[0mk#8dcff6d1..[1m}[0m[2m:[0m [2msui_core::checkpoints[0m[2m:[0m [2mcrates/sui-core/src/checkpoints/mod.rs[0m[2m:[0m[2m1326:[0m Creating checkpoint(s) for 1 transactions [3mnext_checkpoint_seq[0m[2m=[0m101 [3mcheckpoint_timestamp[0m[2m=[0m1742889267469
[2m2025-03-25T07:54:28.250665Z[0m [32m INFO[0m [1mnode[0m[1m{[0m[3mname[0m[2m=[0mk#8dcff6d1..[1m}[0m[2m:[0m [2msui_core::checkpoints::checkpoint_output[0m[2m:[0m [2mcrates/sui-core/src/checkpoints/checkpoint_output.rs[0m[2m:[0m[2m149:[0m Creating checkpoint CheckpointDigest(HefFCyfJ4GQWsLdHcLX3LWH6qxzne1KZTTgpAjMtaRVT) at epoch 0, sequence 101, previous digest Some(CheckpointDigest(7WiQMApaftDS8PEVpe36zkdw9HW9YXG6LwRgN717jyN4)), transactions count 1, content digest CheckpointContentsDigest(8qEHB9rbHfWNtWwK9219JGiScRDB7HNYLb9aEEmN1yUX), end_of_epoch_data None
[2m2025-03-25T07:54:28.253931Z[0m [32m INFO[0m [1mnode[0m[1m{[0m[3mname[0m[2m=[0mk#8dcff6d1..[1m}[0m[2m:[0m [2mconsensus_core::core[0m[2m:[0m [2mconsensus/core/src/core.rs[0m[2m:[0m[2m531:[0m Created block B58(A,FxHP82p2pUassPwBJ+j/KCo3F7ZxlBLupryUqRAoF8U=)(1742889268253ms;[B57(A,ez6791aWBAgPjsTFiP/Q9C6r8XReynLEYqunHfq6VDM=), B57(B,adiXhFpAZ7F721+KIPOXhNKAWuLV5m4YxixFEJeH2Yc=), B57(C,u/xvWWw3f0mVOmCr7SQ/nYqcX+0fItkuxwL1srYSR7I=)];1t;1c) for round 58
[2m2025-03-25T07:54:28.254020Z[0m [32m INFO[0m [1mnode[0m[1m{[0m[3mname[0m[2m=[0mk#8dcff6d1..[1m}[0m[2m:[0m [2mconsensus_core::core[0m[2m:[0m [2mconsensus/core/src/core.rs[0m[2m:[0m[2m630:[0m Committing 1 leaders: B56(B,YiMn)
[2m2025-03-25T07:54:28.254112Z[0m [32m INFO[0m [1mnode[0m[1m{[0m[3mname[0m[2m=[0mk#8dcff6d1..[1m}[0m[2m:[0m [2mconsensus_core::commit_observer[0m[2m:[0m [2mconsensus/core/src/commit_observer.rs[0m[2m:[0m[2m173:[0m Consensus commit C55(7Atb) with leader B56(B,YiMn) has 3 blocks
[2m2025-03-25T07:54:28.254285Z[0m [32m INFO[0m [1mnode[0m[1m{[0m[3mname[0m[2m=[0mk#8dcff6d1..[1m}[0m[2m:[0m [2msui_core::consensus_handler[0m[2m:[0m [2mcrates/sui-core/src/consensus_handler.rs[0m[2m:[0m[2m232:[0m Received consensus output [3mconsensus_commit[0m[2m=[0mCommittedSubDag(leader=B56(B,YiMn), ref=C55(7Atb), blocks=[E4EU, yFFY, YiMn]) [3mepoch[0m[2m=[0m0
[2m2025-03-25T07:54:28.257017Z[0m [32m INFO[0m [1mnode[0m[1m{[0m[3mname[0m[2m=[0mk#b3f3cbb4..[1m}[0m[2m:[0m [2msui_core::state_accumulator[0m[2m:[0m [2mcrates/sui-core/src/state_accumulator.rs[0m[2m:[0m[2m675:[0m accumulating running root for checkpoint 22
[2m2025-03-25T07:54:28.257050Z[0m [32m INFO[0m [1mnode[0m[1m{[0m[3mname[0m[2m=[0mk#addeef94..[1m}[0m[2m:[0m [2mconsensus_core::core[0m[2m:[0m [2mconsensus/core/src/core.rs[0m[2m:[0m[2m630:[0m Committing 1 leaders: B56(B,YiMn)
[2m2025-03-25T07:54:28.257162Z[0m [32m INFO[0m [1mnode[0m[1m{[0m[3mname[0m[2m=[0mk#addeef94..[1m}[0m[2m:[0m [2mconsensus_core::commit_observer[0m[2m:[0m [2mconsensus/core/src/commit_observer.rs[0m[2m:[0m[2m173:[0m Consensus commit C55(7Atb) with leader B56(B,YiMn) has 3 blocks
[2m2025-03-25T07:54:28.257244Z[0m [32m INFO[0m [1mnode[0m[1m{[0m[3mname[0m[2m=[0mk#addeef94..[1m}[0m[2m:[0m [2msui_core::consensus_handler[0m[2m:[0m [2mcrates/sui-core/src/consensus_handler.rs[0m[2m:[0m[2m232:[0m Received consensus output [3mconsensus_commit[0m[2m=[0mCommittedSubDag(leader=B56(B,YiMn), ref=C55(7Atb), blocks=[E4EU, yFFY, YiMn]) [3mepoch[0m[2m=[0m0
[2m2025-03-25T07:54:28.257492Z[0m [32m INFO[0m [1mnode[0m[1m{[0m[3mname[0m[2m=[0mk#b3f3cbb4..[1m}[0m[2m:[0m [2msui_core::state_accumulator[0m[2m:[0m [2mcrates/sui-core/src/state_accumulator.rs[0m[2m:[0m[2m675:[0m accumulating running root for checkpoint 23
[2m2025-03-25T07:54:28.323187Z[0m [32m INFO[0m [1mnode[0m[1m{[0m[3mname[0m[2m=[0mk#99f25ef6..[1m}[0m[2m:[0m [2msui_core::checkpoints[0m[2m:[0m [2mcrates/sui-core/src/checkpoints/mod.rs[0m[2m:[0m[2m1326:[0m Creating checkpoint(s) for 1 transactions [3mnext_checkpoint_seq[0m[2m=[0m102 [3mcheckpoint_timestamp[0m[2m=[0m1742889267724
[2m2025-03-25T07:54:28.323454Z[0m [32m INFO[0m [1mnode[0m[1m{[0m[3mname[0m[2m=[0mk#99f25ef6..[1m}[0m[2m:[0m [2msui_core::checkpoints::checkpoint_output[0m[2m:[0m [2mcrates/sui-core/src/checkpoints/checkpoint_output.rs[0m[2m:[0m[2m149:[0m Creating checkpoint CheckpointDigest(GnhCEw4pCyBRyVyv4zcigntg43MBWG26tzgQ9ZjDuZKG) at epoch 0, sequence 102, previous digest Some(CheckpointDigest(HefFCyfJ4GQWsLdHcLX3LWH6qxzne1KZTTgpAjMtaRVT)), transactions count 1, content digest CheckpointContentsDigest(GFM5j9fA2yo1ZKdss4JUGB2du5kK45BhY4zdMD1vft7V), end_of_epoch_data None
[2m2025-03-25T07:54:28.331227Z[0m [32m INFO[0m [1mnode[0m[1m{[0m[3mname[0m[2m=[0mk#99f25ef6..[1m}[0m[2m:[0m [2msui_core::checkpoints::checkpoint_output[0m[2m:[0m [2mcrates/sui-core/src/checkpoints/checkpoint_output.rs[0m[2m:[0m[2m196:[0m Certified checkpoint with sequence 100 and digest 7WiQMApaftDS8PEVpe36zkdw9HW9YXG6LwRgN717jyN4
[2m2025-03-25T07:54:28.332881Z[0m [32m INFO[0m [1mnode[0m[1m{[0m[3mname[0m[2m=[0mk#99f25ef6..[1m}[0m[2m:[0m [2msui_core::checkpoints::checkpoint_executor[0m[2m:[0m [2mcrates/sui-core/src/checkpoints/checkpoint_executor/mod.rs[0m[2m:[0m[2m332:[0m Received checkpoint summary from state sync [3msequence_number[0m[2m=[0m100
[2m2025-03-25T07:54:28.334321Z[0m [32m INFO[0m [1mnode[0m[1m{[0m[3mname[0m[2m=[0mk#99f25ef6..[1m}[0m[2m:[0m [2msui_core::state_accumulator[0m[2m:[0m [2mcrates/sui-core/src/state_accumulator.rs[0m[2m:[0m[2m675:[0m accumulating running root for checkpoint 100
[2m2025-03-25T07:54:28.350891Z[0m [32m INFO[0m [1mnode[0m[1m{[0m[3mname[0m[2m=[0mk#8dcff6d1..[1m}[0m[2m:[0m [2msui_core::checkpoints[0m[2m:[0m [2mcrates/sui-core/src/checkpoints/mod.rs[0m[2m:[0m[2m1326:[0m Creating checkpoint(s) for 1 transactions [3mnext_checkpoint_seq[0m[2m=[0m102 [3mcheckpoint_timestamp[0m[2m=[0m1742889267724
[2m2025-03-25T07:54:28.350891Z[0m [32m INFO[0m [1mnode[0m[1m{[0m[3mname[0m[2m=[0mk#addeef94..[1m}[0m[2m:[0m [2msui_core::checkpoints[0m[2m:[0m [2mcrates/sui-core/src/checkpoints/mod.rs[0m[2m:[0m[2m1326:[0m Creating checkpoint(s) for 1 transactions [3mnext_checkpoint_seq[0m[2m=[0m102 [3mcheckpoint_timestamp[0m[2m=[0m1742889267724
[2m2025-03-25T07:54:28.351130Z[0m [32m INFO[0m [1mnode[0m[1m{[0m[3mname[0m[2m=[0mk#8dcff6d1..[1m}[0m[2m:[0m [2msui_core::checkpoints::checkpoint_output[0m[2m:[0m [2mcrates/sui-core/src/checkpoints/checkpoint_output.rs[0m[2m:[0m[2m149:[0m Creating checkpoint CheckpointDigest(GnhCEw4pCyBRyVyv4zcigntg43MBWG26tzgQ9ZjDuZKG) at epoch 0, sequence 102, previous digest Some(CheckpointDigest(HefFCyfJ4GQWsLdHcLX3LWH6qxzne1KZTTgpAjMtaRVT)), transactions count 1, content digest CheckpointContentsDigest(GFM5j9fA2yo1ZKdss4JUGB2du5kK45BhY4zdMD1vft7V), end_of_epoch_data None
[2m2025-03-25T07:54:28.351130Z[0m [32m INFO[0m [1mnode[0m[1m{[0m[3mname[0m[2m=[0mk#addeef94..[1m}[0m[2m:[0m [2msui_core::checkpoints::checkpoint_output[0m[2m:[0m [2mcrates/sui-core/src/checkpoints/checkpoint_output.rs[0m[2m:[0m[2m149:[0m Creating checkpoint CheckpointDigest(GnhCEw4pCyBRyVyv4zcigntg43MBWG26tzgQ9ZjDuZKG) at epoch 0, sequence 102, previous digest Some(CheckpointDigest(HefFCyfJ4GQWsLdHcLX3LWH6qxzne1KZTTgpAjMtaRVT)), transactions count 1, content digest CheckpointContentsDigest(GFM5j9fA2yo1ZKdss4JUGB2du5kK45BhY4zdMD1vft7V), end_of_epoch_data None
[2m2025-03-25T07:54:28.355926Z[0m [32m INFO[0m [1mnode[0m[1m{[0m[3mname[0m[2m=[0mk#8dcff6d1..[1m}[0m[2m:[0m [2msui_core::checkpoints::checkpoint_output[0m[2m:[0m [2mcrates/sui-core/src/checkpoints/checkpoint_output.rs[0m[2m:[0m[2m196:[0m Certified checkpoint with sequence 100 and digest 7WiQMApaftDS8PEVpe36zkdw9HW9YXG6LwRgN717jyN4
[2m2025-03-25T07:54:28.355952Z[0m [32m INFO[0m [1mnode[0m[1m{[0m[3mname[0m[2m=[0mk#8dcff6d1..[1m}[0m[2m:[0m [2msui_core::checkpoints::checkpoint_output[0m[2m:[0m [2mcrates/sui-core/src/checkpoints/checkpoint_output.rs[0m[2m:[0m[2m196:[0m Certified checkpoint with sequence 101 and digest HefFCyfJ4GQWsLdHcLX3LWH6qxzne1KZTTgpAjMtaRVT
[2m2025-03-25T07:54:28.356898Z[0m [32m INFO[0m [1mnode[0m[1m{[0m[3mname[0m[2m=[0mk#8dcff6d1..[1m}[0m[2m:[0m [2msui_core::checkpoints::checkpoint_executor[0m[2m:[0m [2mcrates/sui-core/src/checkpoints/checkpoint_executor/mod.rs[0m[2m:[0m[2m332:[0m Received checkpoint summary from state sync [3msequence_number[0m[2m=[0m100
[2m2025-03-25T07:54:28.357040Z[0m [32m INFO[0m [1mnode[0m[1m{[0m[3mname[0m[2m=[0mk#8dcff6d1..[1m}[0m[2m:[0m [2msui_core::checkpoints::checkpoint_executor[0m[2m:[0m [2mcrates/sui-core/src/checkpoints/checkpoint_executor/mod.rs[0m[2m:[0m[2m332:[0m Received checkpoint summary from state sync [3msequence_number[0m[2m=[0m101
[2m2025-03-25T07:54:28.359094Z[0m [32m INFO[0m [1mnode[0m[1m{[0m[3mname[0m[2m=[0mk#8dcff6d1..[1m}[0m[2m:[0m [2msui_core::state_accumulator[0m[2m:[0m [2mcrates/sui-core/src/state_accumulator.rs[0m[2m:[0m[2m675:[0m accumulating running root for checkpoint 100
[2m2025-03-25T07:54:28.359592Z[0m [32m INFO[0m [1mnode[0m[1m{[0m[3mname[0m[2m=[0mk#8dcff6d1..[1m}[0m[2m:[0m [2msui_core::state_accumulator[0m[2m:[0m [2mcrates/sui-core/src/state_accumulator.rs[0m[2m:[0m[2m675:[0m accumulating running root for checkpoint 101
[2m2025-03-25T07:54:28.368983Z[0m [32m INFO[0m [1mnode[0m[1m{[0m[3mname[0m[2m=[0mk#b3f3cbb4..[1m}[0m[2m:[0m [2msui_core::state_accumulator[0m[2m:[0m [2mcrates/sui-core/src/state_accumulator.rs[0m[2m:[0m[2m675:[0m accumulating running root for checkpoint 24
[2m2025-03-25T07:54:28.369423Z[0m [32m INFO[0m [1mnode[0m[1m{[0m[3mname[0m[2m=[0mk#b3f3cbb4..[1m}[0m[2m:[0m [2msui_core::state_accumulator[0m[2m:[0m [2mcrates/sui-core/src/state_accumulator.rs[0m[2m:[0m[2m675:[0m accumulating running root for checkpoint 25
[2m2025-03-25T07:54:28.415864Z[0m [32m INFO[0m [1mnode[0m[1m{[0m[3mname[0m[2m=[0mk#8dcff6d1..[1m}[0m[2m:[0m [2mconsensus_core::commit_syncer[0m[2m:[0m [2mconsensus/core/src/commit_syncer.rs[0m[2m:[0m[2m196:[0m Checking to schedule fetches: synced_commit_index=55, highest_handled_index=55, highest_scheduled_index=0, quorum_commit_index=54, unhandled_commits_threshold=3200
[2m2025-03-25T07:54:28.464157Z[0m [32m INFO[0m [1mnode[0m[1m{[0m[3mname[0m[2m=[0mk#99f25ef6..[1m}[0m[2m:[0m [2msui_core::checkpoints[0m[2m:[0m [2mcrates/sui-core/src/checkpoints/mod.rs[0m[2m:[0m[2m1326:[0m Creating checkpoint(s) for 1 transactions [3mnext_checkpoint_seq[0m[2m=[0m103 [3mcheckpoint_timestamp[0m[2m=[0m1742889267724
[2m2025-03-25T07:54:28.464396Z[0m [32m INFO[0m [1mnode[0m[1m{[0m[3mname[0m[2m=[0mk#99f25ef6..[1m}[0m[2m:[0m [2msui_core::checkpoints::checkpoint_output[0m[2m:[0m [2mcrates/sui-core/src/checkpoints/checkpoint_output.rs[0m[2m:[0m[2m149:[0m Creating checkpoint CheckpointDigest(6gm7dXNR1SFyaZBntzArvjaJdgY4yUooC2RdxvBzhfzC) at epoch 0, sequence 103, previous digest Some(CheckpointDigest(GnhCEw4pCyBRyVyv4zcigntg43MBWG26tzgQ9ZjDuZKG)), transactions count 1, content digest CheckpointContentsDigest(EsYkFH16sC5ujAFLnCTuxgrEPZn8rd2RZmqeqmnWT2XW), end_of_epoch_data None
[2m2025-03-25T07:54:28.464761Z[0m [32m INFO[0m [1mnode[0m[1m{[0m[3mname[0m[2m=[0mk#addeef94..[1m}[0m[2m:[0m [2msui_core::checkpoints[0m[2m:[0m [2mcrates/sui-core/src/checkpoints/mod.rs[0m[2m:[0m[2m1326:[0m Creating checkpoint(s) for 1 transactions [3mnext_checkpoint_seq[0m[2m=[0m103 [3mcheckpoint_timestamp[0m[2m=[0m1742889267724
[2m2025-03-25T07:54:28.464951Z[0m [32m INFO[0m [1mnode[0m[1m{[0m[3mname[0m[2m=[0mk#addeef94..[1m}[0m[2m:[0m [2msui_core::checkpoints::checkpoint_output[0m[2m:[0m [2mcrates/sui-core/src/checkpoints/checkpoint_output.rs[0m[2m:[0m[2m149:[0m Creating checkpoint CheckpointDigest(6gm7dXNR1SFyaZBntzArvjaJdgY4yUooC2RdxvBzhfzC) at epoch 0, sequence 103, previous digest Some(CheckpointDigest(GnhCEw4pCyBRyVyv4zcigntg43MBWG26tzgQ9ZjDuZKG)), transactions count 1, content digest CheckpointContentsDigest(EsYkFH16sC5ujAFLnCTuxgrEPZn8rd2RZmqeqmnWT2XW), end_of_epoch_data None
[2m2025-03-25T07:54:28.465980Z[0m [32m INFO[0m [1mnode[0m[1m{[0m[3mname[0m[2m=[0mk#addeef94..[1m}[0m[2m:[0m [2msui_core::checkpoints::checkpoint_executor[0m[2m:[0m [2mcrates/sui-core/src/checkpoints/checkpoint_executor/mod.rs[0m[2m:[0m[2m332:[0m Received checkpoint summary from state sync [3msequence_number[0m[2m=[0m100
[2m2025-03-25T07:54:28.466849Z[0m [32m INFO[0m [1mnode[0m[1m{[0m[3mname[0m[2m=[0mk#8dcff6d1..[1m}[0m[2m:[0m [2msui_core::checkpoints[0m[2m:[0m [2mcrates/sui-core/src/checkpoints/mod.rs[0m[2m:[0m[2m1326:[0m Creating checkpoint(s) for 1 transactions [3mnext_checkpoint_seq[0m[2m=[0m103 [3mcheckpoint_timestamp[0m[2m=[0m1742889267724
[2m2025-03-25T07:54:28.466945Z[0m [32m INFO[0m [1mnode[0m[1m{[0m[3mname[0m[2m=[0mk#addeef94..[1m}[0m[2m:[0m [2msui_core::state_accumulator[0m[2m:[0m [2mcrates/sui-core/src/state_accumulator.rs[0m[2m:[0m[2m675:[0m accumulating running root for checkpoint 100
[2m2025-03-25T07:54:28.467048Z[0m [32m INFO[0m [1mnode[0m[1m{[0m[3mname[0m[2m=[0mk#8dcff6d1..[1m}[0m[2m:[0m [2msui_core::checkpoints::checkpoint_output[0m[2m:[0m [2mcrates/sui-core/src/checkpoints/checkpoint_output.rs[0m[2m:[0m[2m149:[0m Creating checkpoint CheckpointDigest(6gm7dXNR1SFyaZBntzArvjaJdgY4yUooC2RdxvBzhfzC) at epoch 0, sequence 103, previous digest Some(CheckpointDigest(GnhCEw4pCyBRyVyv4zcigntg43MBWG26tzgQ9ZjDuZKG)), transactions count 1, content digest CheckpointContentsDigest(EsYkFH16sC5ujAFLnCTuxgrEPZn8rd2RZmqeqmnWT2XW), end_of_epoch_data None
[2m2025-03-25T07:54:28.479712Z[0m [32m INFO[0m [1mnode[0m[1m{[0m[3mname[0m[2m=[0mk#b3f3cbb4..[1m}[0m[2m:[0m [2msui_core::state_accumulator[0m[2m:[0m [2mcrates/sui-core/src/state_accumulator.rs[0m[2m:[0m[2m675:[0m accumulating running root for checkpoint 26
[2m2025-03-25T07:54:28.480093Z[0m [32m INFO[0m [1mnode[0m[1m{[0m[3mname[0m[2m=[0mk#b3f3cbb4..[1m}[0m[2m:[0m [2msui_core::checkpoints::checkpoint_executor[0m[2m:[0m [2mcrates/sui-core/src/checkpoints/checkpoint_executor/mod.rs[0m[2m:[0m[2m332:[0m Received checkpoint summary from state sync [3msequence_number[0m[2m=[0m90
[2m2025-03-25T07:54:28.480377Z[0m [32m INFO[0m [1mnode[0m[1m{[0m[3mname[0m[2m=[0mk#b3f3cbb4..[1m}[0m[2m:[0m [2msui_core::state_accumulator[0m[2m:[0m [2mcrates/sui-core/src/state_accumulator.rs[0m[2m:[0m[2m675:[0m accumulating running root for checkpoint 27
[2m2025-03-25T07:54:28.480570Z[0m [32m INFO[0m [1mnode[0m[1m{[0m[3mname[0m[2m=[0mk#b3f3cbb4..[1m}[0m[2m:[0m [2msui_core::checkpoints::checkpoint_executor[0m[2m:[0m [2mcrates/sui-core/src/checkpoints/checkpoint_executor/mod.rs[0m[2m:[0m[2m332:[0m Received checkpoint summary from state sync [3msequence_number[0m[2m=[0m91
[2m2025-03-25T07:54:28.480614Z[0m [32m INFO[0m [1mnode[0m[1m{[0m[3mname[0m[2m=[0mk#b3f3cbb4..[1m}[0m[2m:[0m [2msui_core::checkpoints::checkpoint_executor[0m[2m:[0m [2mcrates/sui-core/src/checkpoints/checkpoint_executor/mod.rs[0m[2m:[0m[2m332:[0m Received checkpoint summary from state sync [3msequence_number[0m[2m=[0m92
[2m2025-03-25T07:54:28.480654Z[0m [32m INFO[0m [1mnode[0m[1m{[0m[3mname[0m[2m=[0mk#b3f3cbb4..[1m}[0m[2m:[0m [2msui_core::checkpoints::checkpoint_executor[0m[2m:[0m [2mcrates/sui-core/src/checkpoints/checkpoint_executor/mod.rs[0m[2m:[0m[2m332:[0m Received checkpoint summary from state sync [3msequence_number[0m[2m=[0m93
[2m2025-03-25T07:54:28.483049Z[0m [32m INFO[0m [1mnode[0m[1m{[0m[3mname[0m[2m=[0mk#99f25ef6..[1m}[0m[2m:[0m [2msui_core::checkpoints::checkpoint_executor[0m[2m:[0m [2mcrates/sui-core/src/checkpoints/checkpoint_executor/mod.rs[0m[2m:[0m[2m332:[0m Received checkpoint summary from state sync [3msequence_number[0m[2m=[0m7
[2m2025-03-25T07:54:28.483142Z[0m [32m INFO[0m [1mnode[0m[1m{[0m[3mname[0m[2m=[0mk#99f25ef6..[1m}[0m[2m:[0m [2msui_core::checkpoints::checkpoint_executor[0m[2m:[0m [2mcrates/sui-core/src/checkpoints/checkpoint_executor/mod.rs[0m[2m:[0m[2m332:[0m Received checkpoint summary from state sync [3msequence_number[0m[2m=[0m8
[2m2025-03-25T07:54:28.483182Z[0m [32m INFO[0m [1mnode[0m[1m{[0m[3mname[0m[2m=[0mk#99f25ef6..[1m}[0m[2m:[0m [2msui_core::checkpoints::checkpoint_executor[0m[2m:[0m [2mcrates/sui-core/src/checkpoints/checkpoint_executor/mod.rs[0m[2m:[0m[2m332:[0m Received checkpoint summary from state sync [3msequence_number[0m[2m=[0m9
[2m2025-03-25T07:54:28.483222Z[0m [32m INFO[0m [1mnode[0m[1m{[0m[3mname[0m[2m=[0mk#99f25ef6..[1m}[0m[2m:[0m [2msui_core::checkpoints::checkpoint_executor[0m[2m:[0m [2mcrates/sui-core/src/checkpoints/checkpoint_executor/mod.rs[0m[2m:[0m[2m332:[0m Received checkpoint summary from state sync [3msequence_number[0m[2m=[0m10
[2m2025-03-25T07:54:28.483260Z[0m [32m INFO[0m [1mnode[0m[1m{[0m[3mname[0m[2m=[0mk#99f25ef6..[1m}[0m[2m:[0m [2msui_core::checkpoints::checkpoint_executor[0m[2m:[0m [2mcrates/sui-core/src/checkpoints/checkpoint_executor/mod.rs[0m[2m:[0m[2m332:[0m Received checkpoint summary from state sync [3msequence_number[0m[2m=[0m11
[2m2025-03-25T07:54:28.483298Z[0m [32m INFO[0m [1mnode[0m[1m{[0m[3mname[0m[2m=[0mk#99f25ef6..[1m}[0m[2m:[0m [2msui_core::checkpoints::checkpoint_executor[0m[2m:[0m [2mcrates/sui-core/src/checkpoints/checkpoint_executor/mod.rs[0m[2m:[0m[2m332:[0m Received checkpoint summary from state sync [3msequence_number[0m[2m=[0m12
[2m2025-03-25T07:54:28.483337Z[0m [32m INFO[0m [1mnode[0m[1m{[0m[3mname[0m[2m=[0mk#99f25ef6..[1m}[0m[2m:[0m [2msui_core::checkpoints::checkpoint_executor[0m[2m:[0m [2mcrates/sui-core/src/checkpoints/checkpoint_executor/mod.rs[0m[2m:[0m[2m332:[0m Received checkpoint summary from state sync [3msequence_number[0m[2m=[0m13
[2m2025-03-25T07:54:28.483375Z[0m [32m INFO[0m [1mnode[0m[1m{[0m[3mname[0m[2m=[0mk#99f25ef6..[1m}[0m[2m:[0m [2msui_core::checkpoints::checkpoint_executor[0m[2m:[0m [2mcrates/sui-core/src/checkpoints/checkpoint_executor/mod.rs[0m[2m:[0m[2m332:[0m Received checkpoint summary from state sync [3msequence_number[0m[2m=[0m14
[2m2025-03-25T07:54:28.483412Z[0m [32m INFO[0m [1mnode[0m[1m{[0m[3mname[0m[2m=[0mk#99f25ef6..[1m}[0m[2m:[0m [2msui_core::checkpoints::checkpoint_executor[0m[2m:[0m [2mcrates/sui-core/src/checkpoints/checkpoint_executor/mod.rs[0m[2m:[0m[2m332:[0m Received checkpoint summary from state sync [3msequence_number[0m[2m=[0m15
[2m2025-03-25T07:54:28.483450Z[0m [32m INFO[0m [1mnode[0m[1m{[0m[3mname[0m[2m=[0mk#99f25ef6..[1m}[0m[2m:[0m [2msui_core::checkpoints::checkpoint_executor[0m[2m:[0m [2mcrates/sui-core/src/checkpoints/checkpoint_executor/mod.rs[0m[2m:[0m[2m332:[0m Received checkpoint summary from state sync [3msequence_number[0m[2m=[0m16
[2m2025-03-25T07:54:28.483488Z[0m [32m INFO[0m [1mnode[0m[1m{[0m[3mname[0m[2m=[0mk#99f25ef6..[1m}[0m[2m:[0m [2msui_core::checkpoints::checkpoint_executor[0m[2m:[0m [2mcrates/sui-core/src/checkpoints/checkpoint_executor/mod.rs[0m[2m:[0m[2m332:[0m Received checkpoint summary from state sync [3msequence_number[0m[2m=[0m17
[2m2025-03-25T07:54:28.483525Z[0m [32m INFO[0m [1mnode[0m[1m{[0m[3mname[0m[2m=[0mk#99f25ef6..[1m}[0m[2m:[0m [2msui_core::checkpoints::checkpoint_executor[0m[2m:[0m [2mcrates/sui-core/src/checkpoints/checkpoint_executor/mod.rs[0m[2m:[0m[2m332:[0m Received checkpoint summary from state sync [3msequence_number[0m[2m=[0m18
[2m2025-03-25T07:54:28.483563Z[0m [32m INFO[0m [1mnode[0m[1m{[0m[3mname[0m[2m=[0mk#99f25ef6..[1m}[0m[2m:[0m [2msui_core::checkpoints::checkpoint_executor[0m[2m:[0m [2mcrates/sui-core/src/checkpoints/checkpoint_executor/mod.rs[0m[2m:[0m[2m332:[0m Received checkpoint summary from state sync [3msequence_number[0m[2m=[0m19
[2m2025-03-25T07:54:28.483601Z[0m [32m INFO[0m [1mnode[0m[1m{[0m[3mname[0m[2m=[0mk#99f25ef6..[1m}[0m[2m:[0m [2msui_core::checkpoints::checkpoint_executor[0m[2m:[0m [2mcrates/sui-core/src/checkpoints/checkpoint_executor/mod.rs[0m[2m:[0m[2m332:[0m Received checkpoint summary from state sync [3msequence_number[0m[2m=[0m20
[2m2025-03-25T07:54:28.483638Z[0m [32m INFO[0m [1mnode[0m[1m{[0m[3mname[0m[2m=[0mk#99f25ef6..[1m}[0m[2m:[0m [2msui_core::checkpoints::checkpoint_executor[0m[2m:[0m [2mcrates/sui-core/src/checkpoints/checkpoint_executor/mod.rs[0m[2m:[0m[2m332:[0m Received checkpoint summary from state sync [3msequence_number[0m[2m=[0m21
[2m2025-03-25T07:54:28.483674Z[0m [32m INFO[0m [1mnode[0m[1m{[0m[3mname[0m[2m=[0mk#99f25ef6..[1m}[0m[2m:[0m [2msui_core::checkpoints::checkpoint_executor[0m[2m:[0m [2mcrates/sui-core/src/checkpoints/checkpoint_executor/mod.rs[0m[2m:[0m[2m332:[0m Received checkpoint summary from state sync [3msequence_number[0m[2m=[0m22
[2m2025-03-25T07:54:28.483711Z[0m [32m INFO[0m [1mnode[0m[1m{[0m[3mname[0m[2m=[0mk#99f25ef6..[1m}[0m[2m:[0m [2msui_core::checkpoints::checkpoint_executor[0m[2m:[0m [2mcrates/sui-core/src/checkpoints/checkpoint_executor/mod.rs[0m[2m:[0m[2m332:[0m Received checkpoint summary from state sync [3msequence_number[0m[2m=[0m23
[2m2025-03-25T07:54:28.483748Z[0m [32m INFO[0m [1mnode[0m[1m{[0m[3mname[0m[2m=[0mk#99f25ef6..[1m}[0m[2m:[0m [2msui_core::checkpoints::checkpoint_executor[0m[2m:[0m [2mcrates/sui-core/src/checkpoints/checkpoint_executor/mod.rs[0m[2m:[0m[2m332:[0m Received checkpoint summary from state sync [3msequence_number[0m[2m=[0m24
[2m2025-03-25T07:54:28.483786Z[0m [32m INFO[0m [1mnode[0m[1m{[0m[3mname[0m[2m=[0mk#99f25ef6..[1m}[0m[2m:[0m [2msui_core::checkpoints::checkpoint_executor[0m[2m:[0m [2mcrates/sui-core/src/checkpoints/checkpoint_executor/mod.rs[0m[2m:[0m[2m332:[0m Received checkpoint summary from state sync [3msequence_number[0m[2m=[0m25
[2m2025-03-25T07:54:28.483824Z[0m [32m INFO[0m [1mnode[0m[1m{[0m[3mname[0m[2m=[0mk#99f25ef6..[1m}[0m[2m:[0m [2msui_core::checkpoints::checkpoint_executor[0m[2m:[0m [2mcrates/sui-core/src/checkpoints/checkpoint_executor/mod.rs[0m[2m:[0m[2m332:[0m Received checkpoint summary from state sync [3msequence_number[0m[2m=[0m26
[2m2025-03-25T07:54:28.483862Z[0m [32m INFO[0m [1mnode[0m[1m{[0m[3mname[0m[2m=[0mk#99f25ef6..[1m}[0m[2m:[0m [2msui_core::checkpoints::checkpoint_executor[0m[2m:[0m [2mcrates/sui-core/src/checkpoints/checkpoint_executor/mod.rs[0m[2m:[0m[2m332:[0m Received checkpoint summary from state sync [3msequence_number[0m[2m=[0m27
[2m2025-03-25T07:54:28.483900Z[0m [32m INFO[0m [1mnode[0m[1m{[0m[3mname[0m[2m=[0mk#99f25ef6..[1m}[0m[2m:[0m [2msui_core::checkpoints::checkpoint_executor[0m[2m:[0m [2mcrates/sui-core/src/checkpoints/checkpoint_executor/mod.rs[0m[2m:[0m[2m332:[0m Received checkpoint summary from state sync [3msequence_number[0m[2m=[0m28
[2m2025-03-25T07:54:28.483936Z[0m [32m INFO[0m [1mnode[0m[1m{[0m[3mname[0m[2m=[0mk#99f25ef6..[1m}[0m[2m:[0m [2msui_core::checkpoints::checkpoint_executor[0m[2m:[0m [2mcrates/sui-core/src/checkpoints/checkpoint_executor/mod.rs[0m[2m:[0m[2m332:[0m Received checkpoint summary from state sync [3msequence_number[0m[2m=[0m29
[2m2025-03-25T07:54:28.483973Z[0m [32m INFO[0m [1mnode[0m[1m{[0m[3mname[0m[2m=[0mk#99f25ef6..[1m}[0m[2m:[0m [2msui_core::checkpoints::checkpoint_executor[0m[2m:[0m [2mcrates/sui-core/src/checkpoints/checkpoint_executor/mod.rs[0m[2m:[0m[2m332:[0m Received checkpoint summary from state sync [3msequence_number[0m[2m=[0m30
[2m2025-03-25T07:54:28.484012Z[0m [32m INFO[0m [1mnode[0m[1m{[0m[3mname[0m[2m=[0mk#99f25ef6..[1m}[0m[2m:[0m [2msui_core::checkpoints::checkpoint_executor[0m[2m:[0m [2mcrates/sui-core/src/checkpoints/checkpoint_executor/mod.rs[0m[2m:[0m[2m332:[0m Received checkpoint summary from state sync [3msequence_number[0m[2m=[0m31
[2m2025-03-25T07:54:28.484049Z[0m [32m INFO[0m [1mnode[0m[1m{[0m[3mname[0m[2m=[0mk#99f25ef6..[1m}[0m[2m:[0m [2msui_core::checkpoints::checkpoint_executor[0m[2m:[0m [2mcrates/sui-core/src/checkpoints/checkpoint_executor/mod.rs[0m[2m:[0m[2m332:[0m Received checkpoint summary from state sync [3msequence_number[0m[2m=[0m32
[2m2025-03-25T07:54:28.484085Z[0m [32m INFO[0m [1mnode[0m[1m{[0m[3mname[0m[2m=[0mk#99f25ef6..[1m}[0m[2m:[0m [2msui_core::checkpoints::checkpoint_executor[0m[2m:[0m [2mcrates/sui-core/src/checkpoints/checkpoint_executor/mod.rs[0m[2m:[0m[2m332:[0m Received checkpoint summary from state sync [3msequence_number[0m[2m=[0m33
[2m2025-03-25T07:54:28.484122Z[0m [32m INFO[0m [1mnode[0m[1m{[0m[3mname[0m[2m=[0mk#99f25ef6..[1m}[0m[2m:[0m [2msui_core::checkpoints::checkpoint_executor[0m[2m:[0m [2mcrates/sui-core/src/checkpoints/checkpoint_executor/mod.rs[0m[2m:[0m[2m332:[0m Received checkpoint summary from state sync [3msequence_number[0m[2m=[0m34
[2m2025-03-25T07:54:28.484159Z[0m [32m INFO[0m [1mnode[0m[1m{[0m[3mname[0m[2m=[0mk#99f25ef6..[1m}[0m[2m:[0m [2msui_core::checkpoints::checkpoint_executor[0m[2m:[0m [2mcrates/sui-core/src/checkpoints/checkpoint_executor/mod.rs[0m[2m:[0m[2m332:[0m Received checkpoint summary from state sync [3msequence_number[0m[2m=[0m35
[2m2025-03-25T07:54:28.484195Z[0m [32m INFO[0m [1mnode[0m[1m{[0m[3mname[0m[2m=[0mk#99f25ef6..[1m}[0m[2m:[0m [2msui_core::checkpoints::checkpoint_executor[0m[2m:[0m [2mcrates/sui-core/src/checkpoints/checkpoint_executor/mod.rs[0m[2m:[0m[2m332:[0m Received checkpoint summary from state sync [3msequence_number[0m[2m=[0m36
[2m2025-03-25T07:54:28.484232Z[0m [32m INFO[0m [1mnode[0m[1m{[0m[3mname[0m[2m=[0mk#99f25ef6..[1m}[0m[2m:[0m [2msui_core::checkpoints::checkpoint_executor[0m[2m:[0m [2mcrates/sui-core/src/checkpoints/checkpoint_executor/mod.rs[0m[2m:[0m[2m332:[0m Received checkpoint summary from state sync [3msequence_number[0m[2m=[0m37
[2m2025-03-25T07:54:28.484269Z[0m [32m INFO[0m [1mnode[0m[1m{[0m[3mname[0m[2m=[0mk#99f25ef6..[1m}[0m[2m:[0m [2msui_core::checkpoints::checkpoint_executor[0m[2m:[0m [2mcrates/sui-core/src/checkpoints/checkpoint_executor/mod.rs[0m[2m:[0m[2m332:[0m Received checkpoint summary from state sync [3msequence_number[0m[2m=[0m38
[2m2025-03-25T07:54:28.484305Z[0m [32m INFO[0m [1mnode[0m[1m{[0m[3mname[0m[2m=[0mk#99f25ef6..[1m}[0m[2m:[0m [2msui_core::checkpoints::checkpoint_executor[0m[2m:[0m [2mcrates/sui-core/src/checkpoints/checkpoint_executor/mod.rs[0m[2m:[0m[2m332:[0m Received checkpoint summary from state sync [3msequence_number[0m[2m=[0m39
[2m2025-03-25T07:54:28.484342Z[0m [32m INFO[0m [1mnode[0m[1m{[0m[3mname[0m[2m=[0mk#99f25ef6..[1m}[0m[2m:[0m [2msui_core::checkpoints::checkpoint_executor[0m[2m:[0m [2mcrates/sui-core/src/checkpoints/checkpoint_executor/mod.rs[0m[2m:[0m[2m332:[0m Received checkpoint summary from state sync [3msequence_number[0m[2m=[0m40
[2m2025-03-25T07:54:28.484378Z[0m [32m INFO[0m [1mnode[0m[1m{[0m[3mname[0m[2m=[0mk#99f25ef6..[1m}[0m[2m:[0m [2msui_core::checkpoints::checkpoint_executor[0m[2m:[0m [2mcrates/sui-core/src/checkpoints/checkpoint_executor/mod.rs[0m[2m:[0m[2m332:[0m Received checkpoint summary from state sync [3msequence_number[0m[2m=[0m41
[2m2025-03-25T07:54:28.484415Z[0m [32m INFO[0m [1mnode[0m[1m{[0m[3mname[0m[2m=[0mk#99f25ef6..[1m}[0m[2m:[0m [2msui_core::checkpoints::checkpoint_executor[0m[2m:[0m [2mcrates/sui-core/src/checkpoints/checkpoint_executor/mod.rs[0m[2m:[0m[2m332:[0m Received checkpoint summary from state sync [3msequence_number[0m[2m=[0m42
[2m2025-03-25T07:54:28.484452Z[0m [32m INFO[0m [1mnode[0m[1m{[0m[3mname[0m[2m=[0mk#99f25ef6..[1m}[0m[2m:[0m [2msui_core::checkpoints::checkpoint_executor[0m[2m:[0m [2mcrates/sui-core/src/checkpoints/checkpoint_executor/mod.rs[0m[2m:[0m[2m332:[0m Received checkpoint summary from state sync [3msequence_number[0m[2m=[0m43
[2m2025-03-25T07:54:28.484489Z[0m [32m INFO[0m [1mnode[0m[1m{[0m[3mname[0m[2m=[0mk#99f25ef6..[1m}[0m[2m:[0m [2msui_core::checkpoints::checkpoint_executor[0m[2m:[0m [2mcrates/sui-core/src/checkpoints/checkpoint_executor/mod.rs[0m[2m:[0m[2m332:[0m Received checkpoint summary from state sync [3msequence_number[0m[2m=[0m44
[2m2025-03-25T07:54:28.484527Z[0m [32m INFO[0m [1mnode[0m[1m{[0m[3mname[0m[2m=[0mk#99f25ef6..[1m}[0m[2m:[0m [2msui_core::checkpoints::checkpoint_executor[0m[2m:[0m [2mcrates/sui-core/src/checkpoints/checkpoint_executor/mod.rs[0m[2m:[0m[2m332:[0m Received checkpoint summary from state sync [3msequence_number[0m[2m=[0m45
[2m2025-03-25T07:54:28.484565Z[0m [32m INFO[0m [1mnode[0m[1m{[0m[3mname[0m[2m=[0mk#99f25ef6..[1m}[0m[2m:[0m [2msui_core::checkpoints::checkpoint_executor[0m[2m:[0m [2mcrates/sui-core/src/checkpoints/checkpoint_executor/mod.rs[0m[2m:[0m[2m332:[0m Received checkpoint summary from state sync [3msequence_number[0m[2m=[0m46
[2m2025-03-25T07:54:28.484603Z[0m [32m INFO[0m [1mnode[0m[1m{[0m[3mname[0m[2m=[0mk#99f25ef6..[1m}[0m[2m:[0m [2msui_core::checkpoints::checkpoint_executor[0m[2m:[0m [2mcrates/sui-core/src/checkpoints/checkpoint_executor/mod.rs[0m[2m:[0m[2m332:[0m Received checkpoint summary from state sync [3msequence_number[0m[2m=[0m47
[2m2025-03-25T07:54:28.484639Z[0m [32m INFO[0m [1mnode[0m[1m{[0m[3mname[0m[2m=[0mk#99f25ef6..[1m}[0m[2m:[0m [2msui_core::checkpoints::checkpoint_executor[0m[2m:[0m [2mcrates/sui-core/src/checkpoints/checkpoint_executor/mod.rs[0m[2m:[0m[2m332:[0m Received checkpoint summary from state sync [3msequence_number[0m[2m=[0m48
[2m2025-03-25T07:54:28.484677Z[0m [32m INFO[0m [1mnode[0m[1m{[0m[3mname[0m[2m=[0mk#99f25ef6..[1m}[0m[2m:[0m [2msui_core::checkpoints::checkpoint_executor[0m[2m:[0m [2mcrates/sui-core/src/checkpoints/checkpoint_executor/mod.rs[0m[2m:[0m[2m332:[0m Received checkpoint summary from state sync [3msequence_number[0m[2m=[0m49
[2m2025-03-25T07:54:28.484714Z[0m [32m INFO[0m [1mnode[0m[1m{[0m[3mname[0m[2m=[0mk#99f25ef6..[1m}[0m[2m:[0m [2msui_core::checkpoints::checkpoint_executor[0m[2m:[0m [2mcrates/sui-core/src/checkpoints/checkpoint_executor/mod.rs[0m[2m:[0m[2m332:[0m Received checkpoint summary from state sync [3msequence_number[0m[2m=[0m50
[2m2025-03-25T07:54:28.484750Z[0m [32m INFO[0m [1mnode[0m[1m{[0m[3mname[0m[2m=[0mk#99f25ef6..[1m}[0m[2m:[0m [2msui_core::checkpoints::checkpoint_executor[0m[2m:[0m [2mcrates/sui-core/src/checkpoints/checkpoint_executor/mod.rs[0m[2m:[0m[2m332:[0m Received checkpoint summary from state sync [3msequence_number[0m[2m=[0m51
[2m2025-03-25T07:54:28.484787Z[0m [32m INFO[0m [1mnode[0m[1m{[0m[3mname[0m[2m=[0mk#99f25ef6..[1m}[0m[2m:[0m [2msui_core::checkpoints::checkpoint_executor[0m[2m:[0m [2mcrates/sui-core/src/checkpoints/checkpoint_executor/mod.rs[0m[2m:[0m[2m332:[0m Received checkpoint summary from state sync [3msequence_number[0m[2m=[0m52
[2m2025-03-25T07:54:28.484823Z[0m [32m INFO[0m [1mnode[0m[1m{[0m[3mname[0m[2m=[0mk#99f25ef6..[1m}[0m[2m:[0m [2msui_core::checkpoints::checkpoint_executor[0m[2m:[0m [2mcrates/sui-core/src/checkpoints/checkpoint_executor/mod.rs[0m[2m:[0m[2m332:[0m Received checkpoint summary from state sync [3msequence_number[0m[2m=[0m53
[2m2025-03-25T07:54:28.484860Z[0m [32m INFO[0m [1mnode[0m[1m{[0m[3mname[0m[2m=[0mk#99f25ef6..[1m}[0m[2m:[0m [2msui_core::checkpoints::checkpoint_executor[0m[2m:[0m [2mcrates/sui-core/src/checkpoints/checkpoint_executor/mod.rs[0m[2m:[0m[2m332:[0m Received checkpoint summary from state sync [3msequence_number[0m[2m=[0m54
[2m2025-03-25T07:54:28.484898Z[0m [32m INFO[0m [1mnode[0m[1m{[0m[3mname[0m[2m=[0mk#99f25ef6..[1m}[0m[2m:[0m [2msui_core::checkpoints::checkpoint_executor[0m[2m:[0m [2mcrates/sui-core/src/checkpoints/checkpoint_executor/mod.rs[0m[2m:[0m[2m332:[0m Received checkpoint summary from state sync [3msequence_number[0m[2m=[0m55
[2m2025-03-25T07:54:28.484935Z[0m [32m INFO[0m [1mnode[0m[1m{[0m[3mname[0m[2m=[0mk#99f25ef6..[1m}[0m[2m:[0m [2msui_core::checkpoints::checkpoint_executor[0m[2m:[0m [2mcrates/sui-core/src/checkpoints/checkpoint_executor/mod.rs[0m[2m:[0m[2m332:[0m Received checkpoint summary from state sync [3msequence_number[0m[2m=[0m56
[2m2025-03-25T07:54:28.484971Z[0m [32m INFO[0m [1mnode[0m[1m{[0m[3mname[0m[2m=[0mk#99f25ef6..[1m}[0m[2m:[0m [2msui_core::checkpoints::checkpoint_executor[0m[2m:[0m [2mcrates/sui-core/src/checkpoints/checkpoint_executor/mod.rs[0m[2m:[0m[2m332:[0m Received checkpoint summary from state sync [3msequence_number[0m[2m=[0m57
[2m2025-03-25T07:54:28.485008Z[0m [32m INFO[0m [1mnode[0m[1m{[0m[3mname[0m[2m=[0mk#99f25ef6..[1m}[0m[2m:[0m [2msui_core::checkpoints::checkpoint_executor[0m[2m:[0m [2mcrates/sui-core/src/checkpoints/checkpoint_executor/mod.rs[0m[2m:[0m[2m332:[0m Received checkpoint summary from state sync [3msequence_number[0m[2m=[0m58
[2m2025-03-25T07:54:28.485045Z[0m [32m INFO[0m [1mnode[0m[1m{[0m[3mname[0m[2m=[0mk#99f25ef6..[1m}[0m[2m:[0m [2msui_core::checkpoints::checkpoint_executor[0m[2m:[0m [2mcrates/sui-core/src/checkpoints/checkpoint_executor/mod.rs[0m[2m:[0m[2m332:[0m Received checkpoint summary from state sync [3msequence_number[0m[2m=[0m59
[2m2025-03-25T07:54:28.485081Z[0m [32m INFO[0m [1mnode[0m[1m{[0m[3mname[0m[2m=[0mk#99f25ef6..[1m}[0m[2m:[0m [2msui_core::checkpoints::checkpoint_executor[0m[2m:[0m [2mcrates/sui-core/src/checkpoints/checkpoint_executor/mod.rs[0m[2m:[0m[2m332:[0m Received checkpoint summary from state sync [3msequence_number[0m[2m=[0m60
[2m2025-03-25T07:54:28.485120Z[0m [32m INFO[0m [1mnode[0m[1m{[0m[3mname[0m[2m=[0mk#99f25ef6..[1m}[0m[2m:[0m [2msui_core::checkpoints::checkpoint_executor[0m[2m:[0m [2mcrates/sui-core/src/checkpoints/checkpoint_executor/mod.rs[0m[2m:[0m[2m332:[0m Received checkpoint summary from state sync [3msequence_number[0m[2m=[0m61
[2m2025-03-25T07:54:28.485158Z[0m [32m INFO[0m [1mnode[0m[1m{[0m[3mname[0m[2m=[0mk#99f25ef6..[1m}[0m[2m:[0m [2msui_core::checkpoints::checkpoint_executor[0m[2m:[0m [2mcrates/sui-core/src/checkpoints/checkpoint_executor/mod.rs[0m[2m:[0m[2m332:[0m Received checkpoint summary from state sync [3msequence_number[0m[2m=[0m62
[2m2025-03-25T07:54:28.485195Z[0m [32m INFO[0m [1mnode[0m[1m{[0m[3mname[0m[2m=[0mk#99f25ef6..[1m}[0m[2m:[0m [2msui_core::checkpoints::checkpoint_executor[0m[2m:[0m [2mcrates/sui-core/src/checkpoints/checkpoint_executor/mod.rs[0m[2m:[0m[2m332:[0m Received checkpoint summary from state sync [3msequence_number[0m[2m=[0m63
[2m2025-03-25T07:54:28.485232Z[0m [32m INFO[0m [1mnode[0m[1m{[0m[3mname[0m[2m=[0mk#99f25ef6..[1m}[0m[2m:[0m [2msui_core::checkpoints::checkpoint_executor[0m[2m:[0m [2mcrates/sui-core/src/checkpoints/checkpoint_executor/mod.rs[0m[2m:[0m[2m332:[0m Received checkpoint summary from state sync [3msequence_number[0m[2m=[0m64
[2m2025-03-25T07:54:28.485269Z[0m [32m INFO[0m [1mnode[0m[1m{[0m[3mname[0m[2m=[0mk#99f25ef6..[1m}[0m[2m:[0m [2msui_core::checkpoints::checkpoint_executor[0m[2m:[0m [2mcrates/sui-core/src/checkpoints/checkpoint_executor/mod.rs[0m[2m:[0m[2m332:[0m Received checkpoint summary from state sync [3msequence_number[0m[2m=[0m65
[2m2025-03-25T07:54:28.485307Z[0m [32m INFO[0m [1mnode[0m[1m{[0m[3mname[0m[2m=[0mk#99f25ef6..[1m}[0m[2m:[0m [2msui_core::checkpoints::checkpoint_executor[0m[2m:[0m [2mcrates/sui-core/src/checkpoints/checkpoint_executor/mod.rs[0m[2m:[0m[2m332:[0m Received checkpoint summary from state sync [3msequence_number[0m[2m=[0m66
[2m2025-03-25T07:54:28.485344Z[0m [32m INFO[0m [1mnode[0m[1m{[0m[3mname[0m[2m=[0mk#99f25ef6..[1m}[0m[2m:[0m [2msui_core::checkpoints::checkpoint_executor[0m[2m:[0m [2mcrates/sui-core/src/checkpoints/checkpoint_executor/mod.rs[0m[2m:[0m[2m332:[0m Received checkpoint summary from state sync [3msequence_number[0m[2m=[0m67
[2m2025-03-25T07:54:28.485382Z[0m [32m INFO[0m [1mnode[0m[1m{[0m[3mname[0m[2m=[0mk#99f25ef6..[1m}[0m[2m:[0m [2msui_core::checkpoints::checkpoint_executor[0m[2m:[0m [2mcrates/sui-core/src/checkpoints/checkpoint_executor/mod.rs[0m[2m:[0m[2m332:[0m Received checkpoint summary from state sync [3msequence_number[0m[2m=[0m68
[2m2025-03-25T07:54:28.485418Z[0m [32m INFO[0m [1mnode[0m[1m{[0m[3mname[0m[2m=[0mk#99f25ef6..[1m}[0m[2m:[0m [2msui_core::checkpoints::checkpoint_executor[0m[2m:[0m [2mcrates/sui-core/src/checkpoints/checkpoint_executor/mod.rs[0m[2m:[0m[2m332:[0m Received checkpoint summary from state sync [3msequence_number[0m[2m=[0m69
[2m2025-03-25T07:54:28.485455Z[0m [32m INFO[0m [1mnode[0m[1m{[0m[3mname[0m[2m=[0mk#99f25ef6..[1m}[0m[2m:[0m [2msui_core::checkpoints::checkpoint_executor[0m[2m:[0m [2mcrates/sui-core/src/checkpoints/checkpoint_executor/mod.rs[0m[2m:[0m[2m332:[0m Received checkpoint summary from state sync [3msequence_number[0m[2m=[0m70
[2m2025-03-25T07:54:28.485493Z[0m [32m INFO[0m [1mnode[0m[1m{[0m[3mname[0m[2m=[0mk#99f25ef6..[1m}[0m[2m:[0m [2msui_core::checkpoints::checkpoint_executor[0m[2m:[0m [2mcrates/sui-core/src/checkpoints/checkpoint_executor/mod.rs[0m[2m:[0m[2m332:[0m Received checkpoint summary from state sync [3msequence_number[0m[2m=[0m71
[2m2025-03-25T07:54:28.485530Z[0m [32m INFO[0m [1mnode[0m[1m{[0m[3mname[0m[2m=[0mk#99f25ef6..[1m}[0m[2m:[0m [2msui_core::checkpoints::checkpoint_executor[0m[2m:[0m [2mcrates/sui-core/src/checkpoints/checkpoint_executor/mod.rs[0m[2m:[0m[2m332:[0m Received checkpoint summary from state sync [3msequence_number[0m[2m=[0m72
[2m2025-03-25T07:54:28.485566Z[0m [32m INFO[0m [1mnode[0m[1m{[0m[3mname[0m[2m=[0mk#99f25ef6..[1m}[0m[2m:[0m [2msui_core::checkpoints::checkpoint_executor[0m[2m:[0m [2mcrates/sui-core/src/checkpoints/checkpoint_executor/mod.rs[0m[2m:[0m[2m332:[0m Received checkpoint summary from state sync [3msequence_number[0m[2m=[0m73
[2m2025-03-25T07:54:28.485604Z[0m [32m INFO[0m [1mnode[0m[1m{[0m[3mname[0m[2m=[0mk#99f25ef6..[1m}[0m[2m:[0m [2msui_core::checkpoints::checkpoint_executor[0m[2m:[0m [2mcrates/sui-core/src/checkpoints/checkpoint_executor/mod.rs[0m[2m:[0m[2m332:[0m Received checkpoint summary from state sync [3msequence_number[0m[2m=[0m74
[2m2025-03-25T07:54:28.485640Z[0m [32m INFO[0m [1mnode[0m[1m{[0m[3mname[0m[2m=[0mk#99f25ef6..[1m}[0m[2m:[0m [2msui_core::checkpoints::checkpoint_executor[0m[2m:[0m [2mcrates/sui-core/src/checkpoints/checkpoint_executor/mod.rs[0m[2m:[0m[2m332:[0m Received checkpoint summary from state sync [3msequence_number[0m[2m=[0m75
[2m2025-03-25T07:54:28.485678Z[0m [32m INFO[0m [1mnode[0m[1m{[0m[3mname[0m[2m=[0mk#99f25ef6..[1m}[0m[2m:[0m [2msui_core::checkpoints::checkpoint_executor[0m[2m:[0m [2mcrates/sui-core/src/checkpoints/checkpoint_executor/mod.rs[0m[2m:[0m[2m332:[0m Received checkpoint summary from state sync [3msequence_number[0m[2m=[0m76
[2m2025-03-25T07:54:28.485714Z[0m [32m INFO[0m [1mnode[0m[1m{[0m[3mname[0m[2m=[0mk#99f25ef6..[1m}[0m[2m:[0m [2msui_core::checkpoints::checkpoint_executor[0m[2m:[0m [2mcrates/sui-core/src/checkpoints/checkpoint_executor/mod.rs[0m[2m:[0m[2m332:[0m Received checkpoint summary from state sync [3msequence_number[0m[2m=[0m77
[2m2025-03-25T07:54:28.485752Z[0m [32m INFO[0m [1mnode[0m[1m{[0m[3mname[0m[2m=[0mk#99f25ef6..[1m}[0m[2m:[0m [2msui_core::checkpoints::checkpoint_executor[0m[2m:[0m [2mcrates/sui-core/src/checkpoints/checkpoint_executor/mod.rs[0m[2m:[0m[2m332:[0m Received checkpoint summary from state sync [3msequence_number[0m[2m=[0m78
[2m2025-03-25T07:54:28.485789Z[0m [32m INFO[0m [1mnode[0m[1m{[0m[3mname[0m[2m=[0mk#99f25ef6..[1m}[0m[2m:[0m [2msui_core::checkpoints::checkpoint_executor[0m[2m:[0m [2mcrates/sui-core/src/checkpoints/checkpoint_executor/mod.rs[0m[2m:[0m[2m332:[0m Received checkpoint summary from state sync [3msequence_number[0m[2m=[0m79
[2m2025-03-25T07:54:28.485827Z[0m [32m INFO[0m [1mnode[0m[1m{[0m[3mname[0m[2m=[0mk#99f25ef6..[1m}[0m[2m:[0m [2msui_core::checkpoints::checkpoint_executor[0m[2m:[0m [2mcrates/sui-core/src/checkpoints/checkpoint_executor/mod.rs[0m[2m:[0m[2m332:[0m Received checkpoint summary from state sync [3msequence_number[0m[2m=[0m80
[2m2025-03-25T07:54:28.485864Z[0m [32m INFO[0m [1mnode[0m[1m{[0m[3mname[0m[2m=[0mk#99f25ef6..[1m}[0m[2m:[0m [2msui_core::checkpoints::checkpoint_executor[0m[2m:[0m [2mcrates/sui-core/src/checkpoints/checkpoint_executor/mod.rs[0m[2m:[0m[2m332:[0m Received checkpoint summary from state sync [3msequence_number[0m[2m=[0m81
[2m2025-03-25T07:54:28.485901Z[0m [32m INFO[0m [1mnode[0m[1m{[0m[3mname[0m[2m=[0mk#99f25ef6..[1m}[0m[2m:[0m [2msui_core::checkpoints::checkpoint_executor[0m[2m:[0m [2mcrates/sui-core/src/checkpoints/checkpoint_executor/mod.rs[0m[2m:[0m[2m332:[0m Received checkpoint summary from state sync [3msequence_number[0m[2m=[0m82
[2m2025-03-25T07:54:28.485939Z[0m [32m INFO[0m [1mnode[0m[1m{[0m[3mname[0m[2m=[0mk#99f25ef6..[1m}[0m[2m:[0m [2msui_core::checkpoints::checkpoint_executor[0m[2m:[0m [2mcrates/sui-core/src/checkpoints/checkpoint_executor/mod.rs[0m[2m:[0m[2m332:[0m Received checkpoint summary from state sync [3msequence_number[0m[2m=[0m83
[2m2025-03-25T07:54:28.485977Z[0m [32m INFO[0m [1mnode[0m[1m{[0m[3mname[0m[2m=[0mk#99f25ef6..[1m}[0m[2m:[0m [2msui_core::checkpoints::checkpoint_executor[0m[2m:[0m [2mcrates/sui-core/src/checkpoints/checkpoint_executor/mod.rs[0m[2m:[0m[2m332:[0m Received checkpoint summary from state sync [3msequence_number[0m[2m=[0m84
[2m2025-03-25T07:54:28.486014Z[0m [32m INFO[0m [1mnode[0m[1m{[0m[3mname[0m[2m=[0mk#99f25ef6..[1m}[0m[2m:[0m [2msui_core::checkpoints::checkpoint_executor[0m[2m:[0m [2mcrates/sui-core/src/checkpoints/checkpoint_executor/mod.rs[0m[2m:[0m[2m332:[0m Received checkpoint summary from state sync [3msequence_number[0m[2m=[0m85
[2m2025-03-25T07:54:28.486050Z[0m [32m INFO[0m [1mnode[0m[1m{[0m[3mname[0m[2m=[0mk#99f25ef6..[1m}[0m[2m:[0m [2msui_core::checkpoints::checkpoint_executor[0m[2m:[0m [2mcrates/sui-core/src/checkpoints/checkpoint_executor/mod.rs[0m[2m:[0m[2m332:[0m Received checkpoint summary from state sync [3msequence_number[0m[2m=[0m86
[2m2025-03-25T07:54:28.486087Z[0m [32m INFO[0m [1mnode[0m[1m{[0m[3mname[0m[2m=[0mk#99f25ef6..[1m}[0m[2m:[0m [2msui_core::checkpoints::checkpoint_executor[0m[2m:[0m [2mcrates/sui-core/src/checkpoints/checkpoint_executor/mod.rs[0m[2m:[0m[2m332:[0m Received checkpoint summary from state sync [3msequence_number[0m[2m=[0m87
[2m2025-03-25T07:54:28.486125Z[0m [32m INFO[0m [1mnode[0m[1m{[0m[3mname[0m[2m=[0mk#99f25ef6..[1m}[0m[2m:[0m [2msui_core::checkpoints::checkpoint_executor[0m[2m:[0m [2mcrates/sui-core/src/checkpoints/checkpoint_executor/mod.rs[0m[2m:[0m[2m332:[0m Received checkpoint summary from state sync [3msequence_number[0m[2m=[0m88
[2m2025-03-25T07:54:28.486161Z[0m [32m INFO[0m [1mnode[0m[1m{[0m[3mname[0m[2m=[0mk#99f25ef6..[1m}[0m[2m:[0m [2msui_core::checkpoints::checkpoint_executor[0m[2m:[0m [2mcrates/sui-core/src/checkpoints/checkpoint_executor/mod.rs[0m[2m:[0m[2m332:[0m Received checkpoint summary from state sync [3msequence_number[0m[2m=[0m89
[2m2025-03-25T07:54:28.486198Z[0m [32m INFO[0m [1mnode[0m[1m{[0m[3mname[0m[2m=[0mk#99f25ef6..[1m}[0m[2m:[0m [2msui_core::checkpoints::checkpoint_executor[0m[2m:[0m [2mcrates/sui-core/src/checkpoints/checkpoint_executor/mod.rs[0m[2m:[0m[2m332:[0m Received checkpoint summary from state sync [3msequence_number[0m[2m=[0m90
[2m2025-03-25T07:54:28.486236Z[0m [32m INFO[0m [1mnode[0m[1m{[0m[3mname[0m[2m=[0mk#99f25ef6..[1m}[0m[2m:[0m [2msui_core::checkpoints::checkpoint_executor[0m[2m:[0m [2mcrates/sui-core/src/checkpoints/checkpoint_executor/mod.rs[0m[2m:[0m[2m332:[0m Received checkpoint summary from state sync [3msequence_number[0m[2m=[0m91
[2m2025-03-25T07:54:28.486275Z[0m [32m INFO[0m [1mnode[0m[1m{[0m[3mname[0m[2m=[0mk#99f25ef6..[1m}[0m[2m:[0m [2msui_core::checkpoints::checkpoint_executor[0m[2m:[0m [2mcrates/sui-core/src/checkpoints/checkpoint_executor/mod.rs[0m[2m:[0m[2m332:[0m Received checkpoint summary from state sync [3msequence_number[0m[2m=[0m92
[2m2025-03-25T07:54:28.486312Z[0m [32m INFO[0m [1mnode[0m[1m{[0m[3mname[0m[2m=[0mk#99f25ef6..[1m}[0m[2m:[0m [2msui_core::checkpoints::checkpoint_executor[0m[2m:[0m [2mcrates/sui-core/src/checkpoints/checkpoint_executor/mod.rs[0m[2m:[0m[2m332:[0m Received checkpoint summary from state sync [3msequence_number[0m[2m=[0m93
[2m2025-03-25T07:54:28.486348Z[0m [32m INFO[0m [1mnode[0m[1m{[0m[3mname[0m[2m=[0mk#99f25ef6..[1m}[0m[2m:[0m [2msui_core::checkpoints::checkpoint_executor[0m[2m:[0m [2mcrates/sui-core/src/checkpoints/checkpoint_executor/mod.rs[0m[2m:[0m[2m332:[0m Received checkpoint summary from state sync [3msequence_number[0m[2m=[0m94
[2m2025-03-25T07:54:28.486386Z[0m [32m INFO[0m [1mnode[0m[1m{[0m[3mname[0m[2m=[0mk#99f25ef6..[1m}[0m[2m:[0m [2msui_core::checkpoints::checkpoint_executor[0m[2m:[0m [2mcrates/sui-core/src/checkpoints/checkpoint_executor/mod.rs[0m[2m:[0m[2m332:[0m Received checkpoint summary from state sync [3msequence_number[0m[2m=[0m95
[2m2025-03-25T07:54:28.486422Z[0m [32m INFO[0m [1mnode[0m[1m{[0m[3mname[0m[2m=[0mk#99f25ef6..[1m}[0m[2m:[0m [2msui_core::checkpoints::checkpoint_executor[0m[2m:[0m [2mcrates/sui-core/src/checkpoints/checkpoint_executor/mod.rs[0m[2m:[0m[2m332:[0m Received checkpoint summary from state sync [3msequence_number[0m[2m=[0m96
[2m2025-03-25T07:54:28.486458Z[0m [32m INFO[0m [1mnode[0m[1m{[0m[3mname[0m[2m=[0mk#99f25ef6..[1m}[0m[2m:[0m [2msui_core::checkpoints::checkpoint_executor[0m[2m:[0m [2mcrates/sui-core/src/checkpoints/checkpoint_executor/mod.rs[0m[2m:[0m[2m332:[0m Received checkpoint summary from state sync [3msequence_number[0m[2m=[0m97
[2m2025-03-25T07:54:28.486495Z[0m [32m INFO[0m [1mnode[0m[1m{[0m[3mname[0m[2m=[0mk#99f25ef6..[1m}[0m[2m:[0m [2msui_core::checkpoints::checkpoint_executor[0m[2m:[0m [2mcrates/sui-core/src/checkpoints/checkpoint_executor/mod.rs[0m[2m:[0m[2m332:[0m Received checkpoint summary from state sync [3msequence_number[0m[2m=[0m98
[2m2025-03-25T07:54:28.486532Z[0m [32m INFO[0m [1mnode[0m[1m{[0m[3mname[0m[2m=[0mk#99f25ef6..[1m}[0m[2m:[0m [2msui_core::checkpoints::checkpoint_executor[0m[2m:[0m [2mcrates/sui-core/src/checkpoints/checkpoint_executor/mod.rs[0m[2m:[0m[2m332:[0m Received checkpoint summary from state sync [3msequence_number[0m[2m=[0m99
[2m2025-03-25T07:54:28.486545Z[0m [32m INFO[0m [1mnode[0m[1m{[0m[3mname[0m[2m=[0mk#addeef94..[1m}[0m[2m:[0m [2msui_core::checkpoints::checkpoint_executor[0m[2m:[0m [2mcrates/sui-core/src/checkpoints/checkpoint_executor/mod.rs[0m[2m:[0m[2m332:[0m Received checkpoint summary from state sync [3msequence_number[0m[2m=[0m101
[2m2025-03-25T07:54:28.486570Z[0m [32m INFO[0m [1mnode[0m[1m{[0m[3mname[0m[2m=[0mk#99f25ef6..[1m}[0m[2m:[0m [2msui_core::checkpoints::checkpoint_executor[0m[2m:[0m [2mcrates/sui-core/src/checkpoints/checkpoint_executor/mod.rs[0m[2m:[0m[2m332:[0m Received checkpoint summary from state sync [3msequence_number[0m[2m=[0m100
[2m2025-03-25T07:54:28.486607Z[0m [32m INFO[0m [1mnode[0m[1m{[0m[3mname[0m[2m=[0mk#99f25ef6..[1m}[0m[2m:[0m [2msui_core::checkpoints::checkpoint_executor[0m[2m:[0m [2mcrates/sui-core/src/checkpoints/checkpoint_executor/mod.rs[0m[2m:[0m[2m332:[0m Received checkpoint summary from state sync [3msequence_number[0m[2m=[0m101
[2m2025-03-25T07:54:28.487662Z[0m [32m INFO[0m [1mnode[0m[1m{[0m[3mname[0m[2m=[0mk#99f25ef6..[1m}[0m[2m:[0m [2msui_core::state_accumulator[0m[2m:[0m [2mcrates/sui-core/src/state_accumulator.rs[0m[2m:[0m[2m675:[0m accumulating running root for checkpoint 101
[2m2025-03-25T07:54:28.487662Z[0m [32m INFO[0m [1mnode[0m[1m{[0m[3mname[0m[2m=[0mk#addeef94..[1m}[0m[2m:[0m [2msui_core::state_accumulator[0m[2m:[0m [2mcrates/sui-core/src/state_accumulator.rs[0m[2m:[0m[2m675:[0m accumulating running root for checkpoint 101
[2m2025-03-25T07:54:28.494612Z[0m [32m INFO[0m [1mnode[0m[1m{[0m[3mname[0m[2m=[0mk#99f25ef6..[1m}[0m[2m:[0m [2mconsensus_core::core[0m[2m:[0m [2mconsensus/core/src/core.rs[0m[2m:[0m[2m531:[0m Created block B59(B,ccNwjv2aCe78wk+88IsPs+GNkhX7l8K+Bxv6bl+ZGTc=)(1742889268494ms;[B58(B,m8wzoYdmamb+hXgSnFH301ULGaHox1fu9R+ICUhPOig=), B58(A,FxHP82p2pUassPwBJ+j/KCo3F7ZxlBLupryUqRAoF8U=), B58(C,s/b49MJVTC2877AJ/XoaRoNLWfh1hyjADYVouZbTizw=)];2t;1c) for round 59
[2m2025-03-25T07:54:28.506468Z[0m [32m INFO[0m [1mnode[0m[1m{[0m[3mname[0m[2m=[0mk#8dcff6d1..[1m}[0m[2m:[0m [2mconsensus_core::core[0m[2m:[0m [2mconsensus/core/src/core.rs[0m[2m:[0m[2m531:[0m Created block B59(A,zonhNbMPJWCgEXPUQKYiP1USYc3ZJGKIcgw1H06qr1s=)(1742889268506ms;[B58(A,FxHP82p2pUassPwBJ+j/KCo3F7ZxlBLupryUqRAoF8U=), B58(B,m8wzoYdmamb+hXgSnFH301ULGaHox1fu9R+ICUhPOig=), B58(C,s/b49MJVTC2877AJ/XoaRoNLWfh1hyjADYVouZbTizw=)];3t;1c) for round 59
[2m2025-03-25T07:54:28.509612Z[0m [32m INFO[0m [1mnode[0m[1m{[0m[3mname[0m[2m=[0mk#addeef94..[1m}[0m[2m:[0m [2mconsensus_core::core[0m[2m:[0m [2mconsensus/core/src/core.rs[0m[2m:[0m[2m531:[0m Created block B59(C,JMKncUQcD/Hc17DUamWQz2/3gQZnLYNja3oLU5Lf7xQ=)(1742889268509ms;[B58(C,s/b49MJVTC2877AJ/XoaRoNLWfh1hyjADYVouZbTizw=), B58(A,FxHP82p2pUassPwBJ+j/KCo3F7ZxlBLupryUqRAoF8U=), B58(B,m8wzoYdmamb+hXgSnFH301ULGaHox1fu9R+ICUhPOig=)];2t;1c) for round 59
[2m2025-03-25T07:54:28.509701Z[0m [32m INFO[0m [1mnode[0m[1m{[0m[3mname[0m[2m=[0mk#addeef94..[1m}[0m[2m:[0m [2mconsensus_core::core[0m[2m:[0m [2mconsensus/core/src/core.rs[0m[2m:[0m[2m630:[0m Committing 1 leaders: B57(C,u/xv)
[2m2025-03-25T07:54:28.509775Z[0m [32m INFO[0m [1mnode[0m[1m{[0m[3mname[0m[2m=[0mk#addeef94..[1m}[0m[2m:[0m [2mconsensus_core::commit_observer[0m[2m:[0m [2mconsensus/core/src/commit_observer.rs[0m[2m:[0m[2m173:[0m Consensus commit C56(a5xx) with leader B57(C,u/xv) has 3 blocks
[2m2025-03-25T07:54:28.509873Z[0m [32m INFO[0m [1mnode[0m[1m{[0m[3mname[0m[2m=[0mk#addeef94..[1m}[0m[2m:[0m [2msui_core::consensus_handler[0m[2m:[0m [2mcrates/sui-core/src/consensus_handler.rs[0m[2m:[0m[2m232:[0m Received consensus output [3mconsensus_commit[0m[2m=[0mCommittedSubDag(leader=B57(C,u/xv), ref=C56(a5xx), blocks=[fotm, pbaq, u/xv]) [3mepoch[0m[2m=[0m0
[2m2025-03-25T07:54:28.512822Z[0m [32m INFO[0m [1mnode[0m[1m{[0m[3mname[0m[2m=[0mk#8dcff6d1..[1m}[0m[2m:[0m [2mconsensus_core::core[0m[2m:[0m [2mconsensus/core/src/core.rs[0m[2m:[0m[2m630:[0m Committing 1 leaders: B57(C,u/xv)
[2m2025-03-25T07:54:28.512910Z[0m [32m INFO[0m [1mnode[0m[1m{[0m[3mname[0m[2m=[0mk#8dcff6d1..[1m}[0m[2m:[0m [2mconsensus_core::commit_observer[0m[2m:[0m [2mconsensus/core/src/commit_observer.rs[0m[2m:[0m[2m173:[0m Consensus commit C56(a5xx) with leader B57(C,u/xv) has 3 blocks
[2m2025-03-25T07:54:28.512983Z[0m [32m INFO[0m [1mnode[0m[1m{[0m[3mname[0m[2m=[0mk#8dcff6d1..[1m}[0m[2m:[0m [2msui_core::consensus_handler[0m[2m:[0m [2mcrates/sui-core/src/consensus_handler.rs[0m[2m:[0m[2m232:[0m Received consensus output [3mconsensus_commit[0m[2m=[0mCommittedSubDag(leader=B57(C,u/xv), ref=C56(a5xx), blocks=[fotm, pbaq, u/xv]) [3mepoch[0m[2m=[0m0
[2m2025-03-25T07:54:28.516351Z[0m [32m INFO[0m [1mnode[0m[1m{[0m[3mname[0m[2m=[0mk#99f25ef6..[1m}[0m[2m:[0m [2mconsensus_core::core[0m[2m:[0m [2mconsensus/core/src/core.rs[0m[2m:[0m[2m630:[0m Committing 1 leaders: B57(C,u/xv)
[2m2025-03-25T07:54:28.516623Z[0m [32m INFO[0m [1mnode[0m[1m{[0m[3mname[0m[2m=[0mk#99f25ef6..[1m}[0m[2m:[0m [2mconsensus_core::commit_observer[0m[2m:[0m [2mconsensus/core/src/commit_observer.rs[0m[2m:[0m[2m173:[0m Consensus commit C56(a5xx) with leader B57(C,u/xv) has 3 blocks
[2m2025-03-25T07:54:28.516807Z[0m [32m INFO[0m [1mnode[0m[1m{[0m[3mname[0m[2m=[0mk#99f25ef6..[1m}[0m[2m:[0m [2msui_core::consensus_handler[0m[2m:[0m [2mcrates/sui-core/src/consensus_handler.rs[0m[2m:[0m[2m232:[0m Received consensus output [3mconsensus_commit[0m[2m=[0mCommittedSubDag(leader=B57(C,u/xv), ref=C56(a5xx), blocks=[fotm, pbaq, u/xv]) [3mepoch[0m[2m=[0m0
[2m2025-03-25T07:54:28.567276Z[0m [32m INFO[0m [1mnode[0m[1m{[0m[3mname[0m[2m=[0mk#b3f3cbb4..[1m}[0m[2m:[0m [2msui_core::checkpoints::checkpoint_executor[0m[2m:[0m [2mcrates/sui-core/src/checkpoints/checkpoint_executor/mod.rs[0m[2m:[0m[2m332:[0m Received checkpoint summary from state sync [3msequence_number[0m[2m=[0m94
[2m2025-03-25T07:54:28.567433Z[0m [32m INFO[0m [1mnode[0m[1m{[0m[3mname[0m[2m=[0mk#b3f3cbb4..[1m}[0m[2m:[0m [2msui_core::checkpoints::checkpoint_executor[0m[2m:[0m [2mcrates/sui-core/src/checkpoints/checkpoint_executor/mod.rs[0m[2m:[0m[2m332:[0m Received checkpoint summary from state sync [3msequence_number[0m[2m=[0m95
[2m2025-03-25T07:54:28.583472Z[0m [32m INFO[0m [1mnode[0m[1m{[0m[3mname[0m[2m=[0mk#b3f3cbb4..[1m}[0m[2m:[0m [2msui_core::state_accumulator[0m[2m:[0m [2mcrates/sui-core/src/state_accumulator.rs[0m[2m:[0m[2m675:[0m accumulating running root for checkpoint 28
[2m2025-03-25T07:54:28.583963Z[0m [32m INFO[0m [1mnode[0m[1m{[0m[3mname[0m[2m=[0mk#b3f3cbb4..[1m}[0m[2m:[0m [2msui_core::state_accumulator[0m[2m:[0m [2mcrates/sui-core/src/state_accumulator.rs[0m[2m:[0m[2m675:[0m accumulating running root for checkpoint 29
[2m2025-03-25T07:54:28.597551Z[0m [32m INFO[0m [1mnode[0m[1m{[0m[3mname[0m[2m=[0mk#addeef94..[1m}[0m[2m:[0m [2msui_core::checkpoints[0m[2m:[0m [2mcrates/sui-core/src/checkpoints/mod.rs[0m[2m:[0m[2m1326:[0m Creating checkpoint(s) for 1 transactions [3mnext_checkpoint_seq[0m[2m=[0m104 [3mcheckpoint_timestamp[0m[2m=[0m1742889267982
[2m2025-03-25T07:54:28.597778Z[0m [32m INFO[0m [1mnode[0m[1m{[0m[3mname[0m[2m=[0mk#addeef94..[1m}[0m[2m:[0m [2msui_core::checkpoints::checkpoint_output[0m[2m:[0m [2mcrates/sui-core/src/checkpoints/checkpoint_output.rs[0m[2m:[0m[2m149:[0m Creating checkpoint CheckpointDigest(D1fX6Ui4nHaLpZb4nkjMUpxd6Rddi8eiNcRyw8qV9MaN) at epoch 0, sequence 104, previous digest Some(CheckpointDigest(6gm7dXNR1SFyaZBntzArvjaJdgY4yUooC2RdxvBzhfzC)), transactions count 1, content digest CheckpointContentsDigest(F5uj2bmuxCdKnd4jZ6icWkBWrZJU17Nzy3qHcAeLp5VW), end_of_epoch_data None
[2m2025-03-25T07:54:28.606089Z[0m [32m INFO[0m [1mnode[0m[1m{[0m[3mname[0m[2m=[0mk#8dcff6d1..[1m}[0m[2m:[0m [2msui_core::checkpoints[0m[2m:[0m [2mcrates/sui-core/src/checkpoints/mod.rs[0m[2m:[0m[2m1326:[0m Creating checkpoint(s) for 1 transactions [3mnext_checkpoint_seq[0m[2m=[0m104 [3mcheckpoint_timestamp[0m[2m=[0m1742889267982
[2m2025-03-25T07:54:28.606316Z[0m [32m INFO[0m [1mnode[0m[1m{[0m[3mname[0m[2m=[0mk#8dcff6d1..[1m}[0m[2m:[0m [2msui_core::checkpoints::checkpoint_output[0m[2m:[0m [2mcrates/sui-core/src/checkpoints/checkpoint_output.rs[0m[2m:[0m[2m149:[0m Creating checkpoint CheckpointDigest(D1fX6Ui4nHaLpZb4nkjMUpxd6Rddi8eiNcRyw8qV9MaN) at epoch 0, sequence 104, previous digest Some(CheckpointDigest(6gm7dXNR1SFyaZBntzArvjaJdgY4yUooC2RdxvBzhfzC)), transactions count 1, content digest CheckpointContentsDigest(F5uj2bmuxCdKnd4jZ6icWkBWrZJU17Nzy3qHcAeLp5VW), end_of_epoch_data None
[2m2025-03-25T07:54:28.610972Z[0m [32m INFO[0m [1mnode[0m[1m{[0m[3mname[0m[2m=[0mk#8dcff6d1..[1m}[0m[2m:[0m [2msui_core::checkpoints::checkpoint_output[0m[2m:[0m [2mcrates/sui-core/src/checkpoints/checkpoint_output.rs[0m[2m:[0m[2m196:[0m Certified checkpoint with sequence 102 and digest GnhCEw4pCyBRyVyv4zcigntg43MBWG26tzgQ9ZjDuZKG
[2m2025-03-25T07:54:28.610998Z[0m [32m INFO[0m [1mnode[0m[1m{[0m[3mname[0m[2m=[0mk#8dcff6d1..[1m}[0m[2m:[0m [2msui_core::checkpoints::checkpoint_output[0m[2m:[0m [2mcrates/sui-core/src/checkpoints/checkpoint_output.rs[0m[2m:[0m[2m196:[0m Certified checkpoint with sequence 103 and digest 6gm7dXNR1SFyaZBntzArvjaJdgY4yUooC2RdxvBzhfzC
[2m2025-03-25T07:54:28.612184Z[0m [32m INFO[0m [1mnode[0m[1m{[0m[3mname[0m[2m=[0mk#8dcff6d1..[1m}[0m[2m:[0m [2msui_core::checkpoints::checkpoint_executor[0m[2m:[0m [2mcrates/sui-core/src/checkpoints/checkpoint_executor/mod.rs[0m[2m:[0m[2m332:[0m Received checkpoint summary from state sync [3msequence_number[0m[2m=[0m102
[2m2025-03-25T07:54:28.612314Z[0m [32m INFO[0m [1mnode[0m[1m{[0m[3mname[0m[2m=[0mk#8dcff6d1..[1m}[0m[2m:[0m [2msui_core::checkpoints::checkpoint_executor[0m[2m:[0m [2mcrates/sui-core/src/checkpoints/checkpoint_executor/mod.rs[0m[2m:[0m[2m332:[0m Received checkpoint summary from state sync [3msequence_number[0m[2m=[0m103
[2m2025-03-25T07:54:28.614170Z[0m [32m INFO[0m [1mnode[0m[1m{[0m[3mname[0m[2m=[0mk#8dcff6d1..[1m}[0m[2m:[0m [2msui_core::state_accumulator[0m[2m:[0m [2mcrates/sui-core/src/state_accumulator.rs[0m[2m:[0m[2m675:[0m accumulating running root for checkpoint 102
[2m2025-03-25T07:54:28.614621Z[0m [32m INFO[0m [1mnode[0m[1m{[0m[3mname[0m[2m=[0mk#8dcff6d1..[1m}[0m[2m:[0m [2msui_core::state_accumulator[0m[2m:[0m [2mcrates/sui-core/src/state_accumulator.rs[0m[2m:[0m[2m675:[0m accumulating running root for checkpoint 103
[2m2025-03-25T07:54:28.616296Z[0m [32m INFO[0m [1mnode[0m[1m{[0m[3mname[0m[2m=[0mk#99f25ef6..[1m}[0m[2m:[0m [2msui_core::checkpoints[0m[2m:[0m [2mcrates/sui-core/src/checkpoints/mod.rs[0m[2m:[0m[2m1326:[0m Creating checkpoint(s) for 1 transactions [3mnext_checkpoint_seq[0m[2m=[0m104 [3mcheckpoint_timestamp[0m[2m=[0m1742889267982
[2m2025-03-25T07:54:28.616509Z[0m [32m INFO[0m [1mnode[0m[1m{[0m[3mname[0m[2m=[0mk#99f25ef6..[1m}[0m[2m:[0m [2msui_core::checkpoints::checkpoint_output[0m[2m:[0m [2mcrates/sui-core/src/checkpoints/checkpoint_output.rs[0m[2m:[0m[2m149:[0m Creating checkpoint CheckpointDigest(D1fX6Ui4nHaLpZb4nkjMUpxd6Rddi8eiNcRyw8qV9MaN) at epoch 0, sequence 104, previous digest Some(CheckpointDigest(6gm7dXNR1SFyaZBntzArvjaJdgY4yUooC2RdxvBzhfzC)), transactions count 1, content digest CheckpointContentsDigest(F5uj2bmuxCdKnd4jZ6icWkBWrZJU17Nzy3qHcAeLp5VW), end_of_epoch_data None
[2m2025-03-25T07:54:28.621679Z[0m [32m INFO[0m [1mnode[0m[1m{[0m[3mname[0m[2m=[0mk#99f25ef6..[1m}[0m[2m:[0m [2msui_core::checkpoints::checkpoint_output[0m[2m:[0m [2mcrates/sui-core/src/checkpoints/checkpoint_output.rs[0m[2m:[0m[2m196:[0m Certified checkpoint with sequence 102 and digest GnhCEw4pCyBRyVyv4zcigntg43MBWG26tzgQ9ZjDuZKG
[2m2025-03-25T07:54:28.621704Z[0m [32m INFO[0m [1mnode[0m[1m{[0m[3mname[0m[2m=[0mk#99f25ef6..[1m}[0m[2m:[0m [2msui_core::checkpoints::checkpoint_output[0m[2m:[0m [2mcrates/sui-core/src/checkpoints/checkpoint_output.rs[0m[2m:[0m[2m196:[0m Certified checkpoint with sequence 103 and digest 6gm7dXNR1SFyaZBntzArvjaJdgY4yUooC2RdxvBzhfzC
[2m2025-03-25T07:54:28.622852Z[0m [32m INFO[0m [1mnode[0m[1m{[0m[3mname[0m[2m=[0mk#99f25ef6..[1m}[0m[2m:[0m [2msui_core::checkpoints::checkpoint_executor[0m[2m:[0m [2mcrates/sui-core/src/checkpoints/checkpoint_executor/mod.rs[0m[2m:[0m[2m332:[0m Received checkpoint summary from state sync [3msequence_number[0m[2m=[0m102
[2m2025-03-25T07:54:28.622983Z[0m [32m INFO[0m [1mnode[0m[1m{[0m[3mname[0m[2m=[0mk#99f25ef6..[1m}[0m[2m:[0m [2msui_core::checkpoints::checkpoint_executor[0m[2m:[0m [2mcrates/sui-core/src/checkpoints/checkpoint_executor/mod.rs[0m[2m:[0m[2m332:[0m Received checkpoint summary from state sync [3msequence_number[0m[2m=[0m103
[2m2025-03-25T07:54:28.624817Z[0m [32m INFO[0m [1mnode[0m[1m{[0m[3mname[0m[2m=[0mk#99f25ef6..[1m}[0m[2m:[0m [2msui_core::state_accumulator[0m[2m:[0m [2mcrates/sui-core/src/state_accumulator.rs[0m[2m:[0m[2m675:[0m accumulating running root for checkpoint 102
[2m2025-03-25T07:54:28.625257Z[0m [32m INFO[0m [1mnode[0m[1m{[0m[3mname[0m[2m=[0mk#99f25ef6..[1m}[0m[2m:[0m [2msui_core::state_accumulator[0m[2m:[0m [2mcrates/sui-core/src/state_accumulator.rs[0m[2m:[0m[2m675:[0m accumulating running root for checkpoint 103
[2m2025-03-25T07:54:28.694075Z[0m [32m INFO[0m [1mnode[0m[1m{[0m[3mname[0m[2m=[0mk#b3f3cbb4..[1m}[0m[2m:[0m [2msui_core::state_accumulator[0m[2m:[0m [2mcrates/sui-core/src/state_accumulator.rs[0m[2m:[0m[2m675:[0m accumulating running root for checkpoint 30
[2m2025-03-25T07:54:28.694560Z[0m [32m INFO[0m [1mnode[0m[1m{[0m[3mname[0m[2m=[0mk#b3f3cbb4..[1m}[0m[2m:[0m [2msui_core::state_accumulator[0m[2m:[0m [2mcrates/sui-core/src/state_accumulator.rs[0m[2m:[0m[2m675:[0m accumulating running root for checkpoint 31
[2m2025-03-25T07:54:28.720735Z[0m [32m INFO[0m [1mnode[0m[1m{[0m[3mname[0m[2m=[0mk#addeef94..[1m}[0m[2m:[0m [2msui_core::checkpoints[0m[2m:[0m [2mcrates/sui-core/src/checkpoints/mod.rs[0m[2m:[0m[2m1326:[0m Creating checkpoint(s) for 1 transactions [3mnext_checkpoint_seq[0m[2m=[0m105 [3mcheckpoint_timestamp[0m[2m=[0m1742889267982
[2m2025-03-25T07:54:28.721002Z[0m [32m INFO[0m [1mnode[0m[1m{[0m[3mname[0m[2m=[0mk#addeef94..[1m}[0m[2m:[0m [2msui_core::checkpoints::checkpoint_output[0m[2m:[0m [2mcrates/sui-core/src/checkpoints/checkpoint_output.rs[0m[2m:[0m[2m149:[0m Creating checkpoint CheckpointDigest(C5nApzkNyTsNX7d3fwKHhn3aLdqLbNW3PX2bgmhmPCuk) at epoch 0, sequence 105, previous digest Some(CheckpointDigest(D1fX6Ui4nHaLpZb4nkjMUpxd6Rddi8eiNcRyw8qV9MaN)), transactions count 1, content digest CheckpointContentsDigest(sRRd9RjWFr4n5gEWYqq9KMy8CGztUwztSQFPfSGfnRC), end_of_epoch_data None
[2m2025-03-25T07:54:28.725212Z[0m [32m INFO[0m [1mnode[0m[1m{[0m[3mname[0m[2m=[0mk#addeef94..[1m}[0m[2m:[0m [2msui_core::checkpoints::checkpoint_executor[0m[2m:[0m [2mcrates/sui-core/src/checkpoints/checkpoint_executor/mod.rs[0m[2m:[0m[2m332:[0m Received checkpoint summary from state sync [3msequence_number[0m[2m=[0m102
[2m2025-03-25T07:54:28.725354Z[0m [32m INFO[0m [1mnode[0m[1m{[0m[3mname[0m[2m=[0mk#addeef94..[1m}[0m[2m:[0m [2msui_core::checkpoints::checkpoint_executor[0m[2m:[0m [2mcrates/sui-core/src/checkpoints/checkpoint_executor/mod.rs[0m[2m:[0m[2m332:[0m Received checkpoint summary from state sync [3msequence_number[0m[2m=[0m103
[2m2025-03-25T07:54:28.726702Z[0m [32m INFO[0m [1mnode[0m[1m{[0m[3mname[0m[2m=[0mk#addeef94..[1m}[0m[2m:[0m [2msui_core::state_accumulator[0m[2m:[0m [2mcrates/sui-core/src/state_accumulator.rs[0m[2m:[0m[2m675:[0m accumulating running root for checkpoint 102
[2m2025-03-25T07:54:28.727159Z[0m [32m INFO[0m [1mnode[0m[1m{[0m[3mname[0m[2m=[0mk#addeef94..[1m}[0m[2m:[0m [2msui_core::state_accumulator[0m[2m:[0m [2mcrates/sui-core/src/state_accumulator.rs[0m[2m:[0m[2m675:[0m accumulating running root for checkpoint 103
[2m2025-03-25T07:54:28.727200Z[0m [32m INFO[0m [1mnode[0m[1m{[0m[3mname[0m[2m=[0mk#8dcff6d1..[1m}[0m[2m:[0m [2msui_core::checkpoints[0m[2m:[0m [2mcrates/sui-core/src/checkpoints/mod.rs[0m[2m:[0m[2m1326:[0m Creating checkpoint(s) for 1 transactions [3mnext_checkpoint_seq[0m[2m=[0m105 [3mcheckpoint_timestamp[0m[2m=[0m1742889267982
[2m2025-03-25T07:54:28.727414Z[0m [32m INFO[0m [1mnode[0m[1m{[0m[3mname[0m[2m=[0mk#8dcff6d1..[1m}[0m[2m:[0m [2msui_core::checkpoints::checkpoint_output[0m[2m:[0m [2mcrates/sui-core/src/checkpoints/checkpoint_output.rs[0m[2m:[0m[2m149:[0m Creating checkpoint CheckpointDigest(C5nApzkNyTsNX7d3fwKHhn3aLdqLbNW3PX2bgmhmPCuk) at epoch 0, sequence 105, previous digest Some(CheckpointDigest(D1fX6Ui4nHaLpZb4nkjMUpxd6Rddi8eiNcRyw8qV9MaN)), transactions count 1, content digest CheckpointContentsDigest(sRRd9RjWFr4n5gEWYqq9KMy8CGztUwztSQFPfSGfnRC), end_of_epoch_data None
[2m2025-03-25T07:54:28.745228Z[0m [32m INFO[0m [1mnode[0m[1m{[0m[3mname[0m[2m=[0mk#99f25ef6..[1m}[0m[2m:[0m [2msui_core::checkpoints[0m[2m:[0m [2mcrates/sui-core/src/checkpoints/mod.rs[0m[2m:[0m[2m1326:[0m Creating checkpoint(s) for 1 transactions [3mnext_checkpoint_seq[0m[2m=[0m105 [3mcheckpoint_timestamp[0m[2m=[0m1742889267982
[2m2025-03-25T07:54:28.745470Z[0m [32m INFO[0m [1mnode[0m[1m{[0m[3mname[0m[2m=[0mk#99f25ef6..[1m}[0m[2m:[0m [2msui_core::checkpoints::checkpoint_output[0m[2m:[0m [2mcrates/sui-core/src/checkpoints/checkpoint_output.rs[0m[2m:[0m[2m149:[0m Creating checkpoint CheckpointDigest(C5nApzkNyTsNX7d3fwKHhn3aLdqLbNW3PX2bgmhmPCuk) at epoch 0, sequence 105, previous digest Some(CheckpointDigest(D1fX6Ui4nHaLpZb4nkjMUpxd6Rddi8eiNcRyw8qV9MaN)), transactions count 1, content digest CheckpointContentsDigest(sRRd9RjWFr4n5gEWYqq9KMy8CGztUwztSQFPfSGfnRC), end_of_epoch_data None
[2m2025-03-25T07:54:28.761473Z[0m [32m INFO[0m [1mnode[0m[1m{[0m[3mname[0m[2m=[0mk#addeef94..[1m}[0m[2m:[0m [2mconsensus_core::core[0m[2m:[0m [2mconsensus/core/src/core.rs[0m[2m:[0m[2m531:[0m Created block B60(C,LBpjwuW3NhxQmYXOYLM2rTQMDfYQV4vbaYL6bx6g4FA=)(1742889268761ms;[B59(C,JMKncUQcD/Hc17DUamWQz2/3gQZnLYNja3oLU5Lf7xQ=), B59(A,zonhNbMPJWCgEXPUQKYiP1USYc3ZJGKIcgw1H06qr1s=), B59(B,ccNwjv2aCe78wk+88IsPs+GNkhX7l8K+Bxv6bl+ZGTc=)];2t;1c) for round 60
[2m2025-03-25T07:54:28.764247Z[0m [32m INFO[0m [1mnode[0m[1m{[0m[3mname[0m[2m=[0mk#8dcff6d1..[1m}[0m[2m:[0m [2mconsensus_core::core[0m[2m:[0m [2mconsensus/core/src/core.rs[0m[2m:[0m[2m531:[0m Created block B60(A,JaqK/G7utmdkNFNAp0x426pgs8SUcVyejE0lPvrEeK4=)(1742889268763ms;[B59(A,zonhNbMPJWCgEXPUQKYiP1USYc3ZJGKIcgw1H06qr1s=), B59(B,ccNwjv2aCe78wk+88IsPs+GNkhX7l8K+Bxv6bl+ZGTc=), B59(C,JMKncUQcD/Hc17DUamWQz2/3gQZnLYNja3oLU5Lf7xQ=)];2t;1c) for round 60
[2m2025-03-25T07:54:28.764336Z[0m [32m INFO[0m [1mnode[0m[1m{[0m[3mname[0m[2m=[0mk#8dcff6d1..[1m}[0m[2m:[0m [2mconsensus_core::core[0m[2m:[0m [2mconsensus/core/src/core.rs[0m[2m:[0m[2m630:[0m Committing 1 leaders: B58(A,FxHP)
[2m2025-03-25T07:54:28.764409Z[0m [32m INFO[0m [1mnode[0m[1m{[0m[3mname[0m[2m=[0mk#8dcff6d1..[1m}[0m[2m:[0m [2mconsensus_core::commit_observer[0m[2m:[0m [2mconsensus/core/src/commit_observer.rs[0m[2m:[0m[2m173:[0m Consensus commit C57(w+Ef) with leader B58(A,FxHP) has 3 blocks
[2m2025-03-25T07:54:28.764500Z[0m [32m INFO[0m [1mnode[0m[1m{[0m[3mname[0m[2m=[0mk#8dcff6d1..[1m}[0m[2m:[0m [2msui_core::consensus_handler[0m[2m:[0m [2mcrates/sui-core/src/consensus_handler.rs[0m[2m:[0m[2m232:[0m Received consensus output [3mconsensus_commit[0m[2m=[0mCommittedSubDag(leader=B58(A,FxHP), ref=C57(w+Ef), blocks=[ez67, adiX, FxHP]) [3mepoch[0m[2m=[0m0
[2m2025-03-25T07:54:28.767525Z[0m [32m INFO[0m [1mnode[0m[1m{[0m[3mname[0m[2m=[0mk#addeef94..[1m}[0m[2m:[0m [2mconsensus_core::core[0m[2m:[0m [2mconsensus/core/src/core.rs[0m[2m:[0m[2m630:[0m Committing 1 leaders: B58(A,FxHP)
[2m2025-03-25T07:54:28.767619Z[0m [32m INFO[0m [1mnode[0m[1m{[0m[3mname[0m[2m=[0mk#addeef94..[1m}[0m[2m:[0m [2mconsensus_core::commit_observer[0m[2m:[0m [2mconsensus/core/src/commit_observer.rs[0m[2m:[0m[2m173:[0m Consensus commit C57(w+Ef) with leader B58(A,FxHP) has 3 blocks
[2m2025-03-25T07:54:28.767694Z[0m [32m INFO[0m [1mnode[0m[1m{[0m[3mname[0m[2m=[0mk#addeef94..[1m}[0m[2m:[0m [2msui_core::consensus_handler[0m[2m:[0m [2mcrates/sui-core/src/consensus_handler.rs[0m[2m:[0m[2m232:[0m Received consensus output [3mconsensus_commit[0m[2m=[0mCommittedSubDag(leader=B58(A,FxHP), ref=C57(w+Ef), blocks=[ez67, adiX, FxHP]) [3mepoch[0m[2m=[0m0
[2m2025-03-25T07:54:28.768336Z[0m [32m INFO[0m [1mnode[0m[1m{[0m[3mname[0m[2m=[0mk#99f25ef6..[1m}[0m[2m:[0m [2mconsensus_core::core[0m[2m:[0m [2mconsensus/core/src/core.rs[0m[2m:[0m[2m531:[0m Created block B60(B,J1SlplJ3ULhiIMSI4xYG1IZebS+pdVGYDslgcUu1b9U=)(1742889268767ms;[B59(B,ccNwjv2aCe78wk+88IsPs+GNkhX7l8K+Bxv6bl+ZGTc=), B59(A,zonhNbMPJWCgEXPUQKYiP1USYc3ZJGKIcgw1H06qr1s=), B59(C,JMKncUQcD/Hc17DUamWQz2/3gQZnLYNja3oLU5Lf7xQ=)];2t;1c) for round 60
[2m2025-03-25T07:54:28.768413Z[0m [32m INFO[0m [1mnode[0m[1m{[0m[3mname[0m[2m=[0mk#99f25ef6..[1m}[0m[2m:[0m [2mconsensus_core::core[0m[2m:[0m [2mconsensus/core/src/core.rs[0m[2m:[0m[2m630:[0m Committing 1 leaders: B58(A,FxHP)
[2m2025-03-25T07:54:28.768481Z[0m [32m INFO[0m [1mnode[0m[1m{[0m[3mname[0m[2m=[0mk#99f25ef6..[1m}[0m[2m:[0m [2mconsensus_core::commit_observer[0m[2m:[0m [2mconsensus/core/src/commit_observer.rs[0m[2m:[0m[2m173:[0m Consensus commit C57(w+Ef) with leader B58(A,FxHP) has 3 blocks
[2m2025-03-25T07:54:28.768571Z[0m [32m INFO[0m [1mnode[0m[1m{[0m[3mname[0m[2m=[0mk#99f25ef6..[1m}[0m[2m:[0m [2msui_core::consensus_handler[0m[2m:[0m [2mcrates/sui-core/src/consensus_handler.rs[0m[2m:[0m[2m232:[0m Received consensus output [3mconsensus_commit[0m[2m=[0mCommittedSubDag(leader=B58(A,FxHP), ref=C57(w+Ef), blocks=[ez67, adiX, FxHP]) [3mepoch[0m[2m=[0m0
[2m2025-03-25T07:54:28.811899Z[0m [32m INFO[0m [1mnode[0m[1m{[0m[3mname[0m[2m=[0mk#b3f3cbb4..[1m}[0m[2m:[0m [2msui_core::state_accumulator[0m[2m:[0m [2mcrates/sui-core/src/state_accumulator.rs[0m[2m:[0m[2m675:[0m accumulating running root for checkpoint 32
[2m2025-03-25T07:54:28.812429Z[0m [32m INFO[0m [1mnode[0m[1m{[0m[3mname[0m[2m=[0mk#b3f3cbb4..[1m}[0m[2m:[0m [2msui_core::state_accumulator[0m[2m:[0m [2mcrates/sui-core/src/state_accumulator.rs[0m[2m:[0m[2m675:[0m accumulating running root for checkpoint 33
[2m2025-03-25T07:54:28.869322Z[0m [32m INFO[0m [1mnode[0m[1m{[0m[3mname[0m[2m=[0mk#addeef94..[1m}[0m[2m:[0m [2msui_core::checkpoints[0m[2m:[0m [2mcrates/sui-core/src/checkpoints/mod.rs[0m[2m:[0m[2m1326:[0m Creating checkpoint(s) for 1 transactions [3mnext_checkpoint_seq[0m[2m=[0m106 [3mcheckpoint_timestamp[0m[2m=[0m1742889268253
[2m2025-03-25T07:54:28.869322Z[0m [32m INFO[0m [1mnode[0m[1m{[0m[3mname[0m[2m=[0mk#8dcff6d1..[1m}[0m[2m:[0m [2msui_core::checkpoints[0m[2m:[0m [2mcrates/sui-core/src/checkpoints/mod.rs[0m[2m:[0m[2m1326:[0m Creating checkpoint(s) for 1 transactions [3mnext_checkpoint_seq[0m[2m=[0m106 [3mcheckpoint_timestamp[0m[2m=[0m1742889268253
[2m2025-03-25T07:54:28.869584Z[0m [32m INFO[0m [1mnode[0m[1m{[0m[3mname[0m[2m=[0mk#addeef94..[1m}[0m[2m:[0m [2msui_core::checkpoints::checkpoint_output[0m[2m:[0m [2mcrates/sui-core/src/checkpoints/checkpoint_output.rs[0m[2m:[0m[2m149:[0m Creating checkpoint CheckpointDigest(3Kvx7e7ke2ukgWuXKBRq55SdoMNahciUARRwvMAHHcLW) at epoch 0, sequence 106, previous digest Some(CheckpointDigest(C5nApzkNyTsNX7d3fwKHhn3aLdqLbNW3PX2bgmhmPCuk)), transactions count 1, content digest CheckpointContentsDigest(HJKk2AiXrikDz8pkT17c1T8qPNjqJmvFSCYrS3P6fu9z), end_of_epoch_data None
[2m2025-03-25T07:54:28.869584Z[0m [32m INFO[0m [1mnode[0m[1m{[0m[3mname[0m[2m=[0mk#8dcff6d1..[1m}[0m[2m:[0m [2msui_core::checkpoints::checkpoint_output[0m[2m:[0m [2mcrates/sui-core/src/checkpoints/checkpoint_output.rs[0m[2m:[0m[2m149:[0m Creating checkpoint CheckpointDigest(3Kvx7e7ke2ukgWuXKBRq55SdoMNahciUARRwvMAHHcLW) at epoch 0, sequence 106, previous digest Some(CheckpointDigest(C5nApzkNyTsNX7d3fwKHhn3aLdqLbNW3PX2bgmhmPCuk)), transactions count 1, content digest CheckpointContentsDigest(HJKk2AiXrikDz8pkT17c1T8qPNjqJmvFSCYrS3P6fu9z), end_of_epoch_data None
[2m2025-03-25T07:54:28.875653Z[0m [32m INFO[0m [1mnode[0m[1m{[0m[3mname[0m[2m=[0mk#8dcff6d1..[1m}[0m[2m:[0m [2msui_core::checkpoints::checkpoint_output[0m[2m:[0m [2mcrates/sui-core/src/checkpoints/checkpoint_output.rs[0m[2m:[0m[2m196:[0m Certified checkpoint with sequence 104 and digest D1fX6Ui4nHaLpZb4nkjMUpxd6Rddi8eiNcRyw8qV9MaN
[2m2025-03-25T07:54:28.875683Z[0m [32m INFO[0m [1mnode[0m[1m{[0m[3mname[0m[2m=[0mk#8dcff6d1..[1m}[0m[2m:[0m [2msui_core::checkpoints::checkpoint_output[0m[2m:[0m [2mcrates/sui-core/src/checkpoints/checkpoint_output.rs[0m[2m:[0m[2m196:[0m Certified checkpoint with sequence 105 and digest C5nApzkNyTsNX7d3fwKHhn3aLdqLbNW3PX2bgmhmPCuk
[2m2025-03-25T07:54:28.881161Z[0m [32m INFO[0m [1mnode[0m[1m{[0m[3mname[0m[2m=[0mk#99f25ef6..[1m}[0m[2m:[0m [2msui_core::checkpoints[0m[2m:[0m [2mcrates/sui-core/src/checkpoints/mod.rs[0m[2m:[0m[2m1326:[0m Creating checkpoint(s) for 1 transactions [3mnext_checkpoint_seq[0m[2m=[0m106 [3mcheckpoint_timestamp[0m[2m=[0m1742889268253
[2m2025-03-25T07:54:28.881393Z[0m [32m INFO[0m [1mnode[0m[1m{[0m[3mname[0m[2m=[0mk#99f25ef6..[1m}[0m[2m:[0m [2msui_core::checkpoints::checkpoint_output[0m[2m:[0m [2mcrates/sui-core/src/checkpoints/checkpoint_output.rs[0m[2m:[0m[2m149:[0m Creating checkpoint CheckpointDigest(3Kvx7e7ke2ukgWuXKBRq55SdoMNahciUARRwvMAHHcLW) at epoch 0, sequence 106, previous digest Some(CheckpointDigest(C5nApzkNyTsNX7d3fwKHhn3aLdqLbNW3PX2bgmhmPCuk)), transactions count 1, content digest CheckpointContentsDigest(HJKk2AiXrikDz8pkT17c1T8qPNjqJmvFSCYrS3P6fu9z), end_of_epoch_data None
[2m2025-03-25T07:54:28.885432Z[0m [32m INFO[0m [1mnode[0m[1m{[0m[3mname[0m[2m=[0mk#8dcff6d1..[1m}[0m[2m:[0m [2msui_core::checkpoints::checkpoint_executor[0m[2m:[0m [2mcrates/sui-core/src/checkpoints/checkpoint_executor/mod.rs[0m[2m:[0m[2m332:[0m Received checkpoint summary from state sync [3msequence_number[0m[2m=[0m104
[2m2025-03-25T07:54:28.885574Z[0m [32m INFO[0m [1mnode[0m[1m{[0m[3mname[0m[2m=[0mk#8dcff6d1..[1m}[0m[2m:[0m [2msui_core::checkpoints::checkpoint_executor[0m[2m:[0m [2mcrates/sui-core/src/checkpoints/checkpoint_executor/mod.rs[0m[2m:[0m[2m332:[0m Received checkpoint summary from state sync [3msequence_number[0m[2m=[0m105
[2m2025-03-25T07:54:28.886408Z[0m [32m INFO[0m [1mnode[0m[1m{[0m[3mname[0m[2m=[0mk#99f25ef6..[1m}[0m[2m:[0m [2msui_core::checkpoints::checkpoint_output[0m[2m:[0m [2mcrates/sui-core/src/checkpoints/checkpoint_output.rs[0m[2m:[0m[2m196:[0m Certified checkpoint with sequence 104 and digest D1fX6Ui4nHaLpZb4nkjMUpxd6Rddi8eiNcRyw8qV9MaN
[2m2025-03-25T07:54:28.886432Z[0m [32m INFO[0m [1mnode[0m[1m{[0m[3mname[0m[2m=[0mk#99f25ef6..[1m}[0m[2m:[0m [2msui_core::checkpoints::checkpoint_output[0m[2m:[0m [2mcrates/sui-core/src/checkpoints/checkpoint_output.rs[0m[2m:[0m[2m196:[0m Certified checkpoint with sequence 105 and digest C5nApzkNyTsNX7d3fwKHhn3aLdqLbNW3PX2bgmhmPCuk
[2m2025-03-25T07:54:28.889720Z[0m [32m INFO[0m [1mnode[0m[1m{[0m[3mname[0m[2m=[0mk#8dcff6d1..[1m}[0m[2m:[0m [2msui_core::state_accumulator[0m[2m:[0m [2mcrates/sui-core/src/state_accumulator.rs[0m[2m:[0m[2m675:[0m accumulating running root for checkpoint 104
[2m2025-03-25T07:54:28.891136Z[0m [32m INFO[0m [1mnode[0m[1m{[0m[3mname[0m[2m=[0mk#8dcff6d1..[1m}[0m[2m:[0m [2msui_core::state_accumulator[0m[2m:[0m [2mcrates/sui-core/src/state_accumulator.rs[0m[2m:[0m[2m675:[0m accumulating running root for checkpoint 105
[2m2025-03-25T07:54:28.895623Z[0m [32m INFO[0m [1mnode[0m[1m{[0m[3mname[0m[2m=[0mk#99f25ef6..[1m}[0m[2m:[0m [2msui_core::checkpoints::checkpoint_executor[0m[2m:[0m [2mcrates/sui-core/src/checkpoints/checkpoint_executor/mod.rs[0m[2m:[0m[2m332:[0m Received checkpoint summary from state sync [3msequence_number[0m[2m=[0m104
[2m2025-03-25T07:54:28.895757Z[0m [32m INFO[0m [1mnode[0m[1m{[0m[3mname[0m[2m=[0mk#99f25ef6..[1m}[0m[2m:[0m [2msui_core::checkpoints::checkpoint_executor[0m[2m:[0m [2mcrates/sui-core/src/checkpoints/checkpoint_executor/mod.rs[0m[2m:[0m[2m332:[0m Received checkpoint summary from state sync [3msequence_number[0m[2m=[0m105
[2m2025-03-25T07:54:28.897883Z[0m [32m INFO[0m [1mnode[0m[1m{[0m[3mname[0m[2m=[0mk#99f25ef6..[1m}[0m[2m:[0m [2msui_core::state_accumulator[0m[2m:[0m [2mcrates/sui-core/src/state_accumulator.rs[0m[2m:[0m[2m675:[0m accumulating running root for checkpoint 104
[2m2025-03-25T07:54:28.898344Z[0m [32m INFO[0m [1mnode[0m[1m{[0m[3mname[0m[2m=[0mk#99f25ef6..[1m}[0m[2m:[0m [2msui_core::state_accumulator[0m[2m:[0m [2mcrates/sui-core/src/state_accumulator.rs[0m[2m:[0m[2m675:[0m accumulating running root for checkpoint 105
[2m2025-03-25T07:54:28.927684Z[0m [32m INFO[0m [1mnode[0m[1m{[0m[3mname[0m[2m=[0mk#b3f3cbb4..[1m}[0m[2m:[0m [2msui_core::state_accumulator[0m[2m:[0m [2mcrates/sui-core/src/state_accumulator.rs[0m[2m:[0m[2m675:[0m accumulating running root for checkpoint 34
[2m2025-03-25T07:54:28.929226Z[0m [32m INFO[0m [1mnode[0m[1m{[0m[3mname[0m[2m=[0mk#b3f3cbb4..[1m}[0m[2m:[0m [2msui_core::state_accumulator[0m[2m:[0m [2mcrates/sui-core/src/state_accumulator.rs[0m[2m:[0m[2m675:[0m accumulating running root for checkpoint 35
[2m2025-03-25T07:54:28.929617Z[0m [32m INFO[0m [1mnode[0m[1m{[0m[3mname[0m[2m=[0mk#b3f3cbb4..[1m}[0m[2m:[0m [2msui_core::checkpoints::checkpoint_executor[0m[2m:[0m [2mcrates/sui-core/src/checkpoints/checkpoint_executor/mod.rs[0m[2m:[0m[2m332:[0m Received checkpoint summary from state sync [3msequence_number[0m[2m=[0m96
[2m2025-03-25T07:54:28.929666Z[0m [32m INFO[0m [1mnode[0m[1m{[0m[3mname[0m[2m=[0mk#b3f3cbb4..[1m}[0m[2m:[0m [2msui_core::checkpoints::checkpoint_executor[0m[2m:[0m [2mcrates/sui-core/src/checkpoints/checkpoint_executor/mod.rs[0m[2m:[0m[2m332:[0m Received checkpoint summary from state sync [3msequence_number[0m[2m=[0m97
[2m2025-03-25T07:54:28.997046Z[0m [32m INFO[0m [1mnode[0m[1m{[0m[3mname[0m[2m=[0mk#addeef94..[1m}[0m[2m:[0m [2msui_core::checkpoints[0m[2m:[0m [2mcrates/sui-core/src/checkpoints/mod.rs[0m[2m:[0m[2m1326:[0m Creating checkpoint(s) for 1 transactions [3mnext_checkpoint_seq[0m[2m=[0m107 [3mcheckpoint_timestamp[0m[2m=[0m1742889268253
[2m2025-03-25T07:54:28.997314Z[0m [32m INFO[0m [1mnode[0m[1m{[0m[3mname[0m[2m=[0mk#addeef94..[1m}[0m[2m:[0m [2msui_core::checkpoints::checkpoint_output[0m[2m:[0m [2mcrates/sui-core/src/checkpoints/checkpoint_output.rs[0m[2m:[0m[2m149:[0m Creating checkpoint CheckpointDigest(H5rJ4ZjRffeJrsegt2cG2PaPL66jMvJD7BDdMhxh1r1F) at epoch 0, sequence 107, previous digest Some(CheckpointDigest(3Kvx7e7ke2ukgWuXKBRq55SdoMNahciUARRwvMAHHcLW)), transactions count 1, content digest CheckpointContentsDigest(Bn94bRUEBpgyhJLkUHgWkAkZE6UE7LCXwASjqw1q2tkN), end_of_epoch_data None
[2m2025-03-25T07:54:29.002780Z[0m [32m INFO[0m [1mnode[0m[1m{[0m[3mname[0m[2m=[0mk#addeef94..[1m}[0m[2m:[0m [2msui_core::checkpoints::checkpoint_executor[0m[2m:[0m [2mcrates/sui-core/src/checkpoints/checkpoint_executor/mod.rs[0m[2m:[0m[2m332:[0m Received checkpoint summary from state sync [3msequence_number[0m[2m=[0m104
[2m2025-03-25T07:54:29.002919Z[0m [32m INFO[0m [1mnode[0m[1m{[0m[3mname[0m[2m=[0mk#addeef94..[1m}[0m[2m:[0m [2msui_core::checkpoints::checkpoint_executor[0m[2m:[0m [2mcrates/sui-core/src/checkpoints/checkpoint_executor/mod.rs[0m[2m:[0m[2m332:[0m Received checkpoint summary from state sync [3msequence_number[0m[2m=[0m105
[2m2025-03-25T07:54:29.004706Z[0m [32m INFO[0m [1mnode[0m[1m{[0m[3mname[0m[2m=[0mk#addeef94..[1m}[0m[2m:[0m [2msui_core::state_accumulator[0m[2m:[0m [2mcrates/sui-core/src/state_accumulator.rs[0m[2m:[0m[2m675:[0m accumulating running root for checkpoint 104
[2m2025-03-25T07:54:29.005171Z[0m [32m INFO[0m [1mnode[0m[1m{[0m[3mname[0m[2m=[0mk#addeef94..[1m}[0m[2m:[0m [2msui_core::state_accumulator[0m[2m:[0m [2mcrates/sui-core/src/state_accumulator.rs[0m[2m:[0m[2m675:[0m accumulating running root for checkpoint 105
[2m2025-03-25T07:54:29.007038Z[0m [32m INFO[0m [1mnode[0m[1m{[0m[3mname[0m[2m=[0mk#8dcff6d1..[1m}[0m[2m:[0m [2msui_core::checkpoints[0m[2m:[0m [2mcrates/sui-core/src/checkpoints/mod.rs[0m[2m:[0m[2m1326:[0m Creating checkpoint(s) for 1 transactions [3mnext_checkpoint_seq[0m[2m=[0m107 [3mcheckpoint_timestamp[0m[2m=[0m1742889268253
[2m2025-03-25T07:54:29.007242Z[0m [32m INFO[0m [1mnode[0m[1m{[0m[3mname[0m[2m=[0mk#8dcff6d1..[1m}[0m[2m:[0m [2msui_core::checkpoints::checkpoint_output[0m[2m:[0m [2mcrates/sui-core/src/checkpoints/checkpoint_output.rs[0m[2m:[0m[2m149:[0m Creating checkpoint CheckpointDigest(H5rJ4ZjRffeJrsegt2cG2PaPL66jMvJD7BDdMhxh1r1F) at epoch 0, sequence 107, previous digest Some(CheckpointDigest(3Kvx7e7ke2ukgWuXKBRq55SdoMNahciUARRwvMAHHcLW)), transactions count 1, content digest CheckpointContentsDigest(Bn94bRUEBpgyhJLkUHgWkAkZE6UE7LCXwASjqw1q2tkN), end_of_epoch_data None
[2m2025-03-25T07:54:29.010209Z[0m [32m INFO[0m [1mnode[0m[1m{[0m[3mname[0m[2m=[0mk#99f25ef6..[1m}[0m[2m:[0m [2msui_core::checkpoints[0m[2m:[0m [2mcrates/sui-core/src/checkpoints/mod.rs[0m[2m:[0m[2m1326:[0m Creating checkpoint(s) for 1 transactions [3mnext_checkpoint_seq[0m[2m=[0m107 [3mcheckpoint_timestamp[0m[2m=[0m1742889268253
[2m2025-03-25T07:54:29.010389Z[0m [32m INFO[0m [1mnode[0m[1m{[0m[3mname[0m[2m=[0mk#99f25ef6..[1m}[0m[2m:[0m [2msui_core::checkpoints::checkpoint_output[0m[2m:[0m [2mcrates/sui-core/src/checkpoints/checkpoint_output.rs[0m[2m:[0m[2m149:[0m Creating checkpoint CheckpointDigest(H5rJ4ZjRffeJrsegt2cG2PaPL66jMvJD7BDdMhxh1r1F) at epoch 0, sequence 107, previous digest Some(CheckpointDigest(3Kvx7e7ke2ukgWuXKBRq55SdoMNahciUARRwvMAHHcLW)), transactions count 1, content digest CheckpointContentsDigest(Bn94bRUEBpgyhJLkUHgWkAkZE6UE7LCXwASjqw1q2tkN), end_of_epoch_data None
[2m2025-03-25T07:54:29.017352Z[0m [32m INFO[0m [1mnode[0m[1m{[0m[3mname[0m[2m=[0mk#8dcff6d1..[1m}[0m[2m:[0m [2mconsensus_core::core[0m[2m:[0m [2mconsensus/core/src/core.rs[0m[2m:[0m[2m531:[0m Created block B61(A,NYZ5FDUd5popOdZekEEXsI+vUgDl/oMuOYFzvhaG0JI=)(1742889269017ms;[B60(A,JaqK/G7utmdkNFNAp0x426pgs8SUcVyejE0lPvrEeK4=), B60(B,J1SlplJ3ULhiIMSI4xYG1IZebS+pdVGYDslgcUu1b9U=), B60(C,LBpjwuW3NhxQmYXOYLM2rTQMDfYQV4vbaYL6bx6g4FA=)];2t;1c) for round 61
[2m2025-03-25T07:54:29.044337Z[0m [32m INFO[0m [1mnode[0m[1m{[0m[3mname[0m[2m=[0mk#b3f3cbb4..[1m}[0m[2m:[0m [2msui_core::checkpoints::checkpoint_executor[0m[2m:[0m [2mcrates/sui-core/src/checkpoints/checkpoint_executor/mod.rs[0m[2m:[0m[2m332:[0m Received checkpoint summary from state sync [3msequence_number[0m[2m=[0m98
[2m2025-03-25T07:54:29.044826Z[0m [32m INFO[0m [1mnode[0m[1m{[0m[3mname[0m[2m=[0mk#b3f3cbb4..[1m}[0m[2m:[0m [2msui_core::checkpoints::checkpoint_executor[0m[2m:[0m [2mcrates/sui-core/src/checkpoints/checkpoint_executor/mod.rs[0m[2m:[0m[2m332:[0m Received checkpoint summary from state sync [3msequence_number[0m[2m=[0m99
[2m2025-03-25T07:54:29.045666Z[0m [32m INFO[0m [1mnode[0m[1m{[0m[3mname[0m[2m=[0mk#b3f3cbb4..[1m}[0m[2m:[0m [2msui_core::state_accumulator[0m[2m:[0m [2mcrates/sui-core/src/state_accumulator.rs[0m[2m:[0m[2m675:[0m accumulating running root for checkpoint 36
[2m2025-03-25T07:54:29.046812Z[0m [32m INFO[0m [1mnode[0m[1m{[0m[3mname[0m[2m=[0mk#b3f3cbb4..[1m}[0m[2m:[0m [2msui_core::state_accumulator[0m[2m:[0m [2mcrates/sui-core/src/state_accumulator.rs[0m[2m:[0m[2m675:[0m accumulating running root for checkpoint 37
[2m2025-03-25T07:54:29.047316Z[0m [32m INFO[0m [1mnode[0m[1m{[0m[3mname[0m[2m=[0mk#b3f3cbb4..[1m}[0m[2m:[0m [2msui_core::checkpoints::checkpoint_executor[0m[2m:[0m [2mcrates/sui-core/src/checkpoints/checkpoint_executor/mod.rs[0m[2m:[0m[2m332:[0m Received checkpoint summary from state sync [3msequence_number[0m[2m=[0m100
[2m2025-03-25T07:54:29.047420Z[0m [32m INFO[0m [1mnode[0m[1m{[0m[3mname[0m[2m=[0mk#b3f3cbb4..[1m}[0m[2m:[0m [2msui_core::checkpoints::checkpoint_executor[0m[2m:[0m [2mcrates/sui-core/src/checkpoints/checkpoint_executor/mod.rs[0m[2m:[0m[2m332:[0m Received checkpoint summary from state sync [3msequence_number[0m[2m=[0m101
[2m2025-03-25T07:54:29.063031Z[0m [32m INFO[0m [1mnode[0m[1m{[0m[3mname[0m[2m=[0mk#99f25ef6..[1m}[0m[2m:[0m [2mconsensus_core::core[0m[2m:[0m [2mconsensus/core/src/core.rs[0m[2m:[0m[2m531:[0m Created block B61(B,t4+iQTQGSuF0sbf2OaFcIwPht0mABiRcQOfxf3AUG1s=)(1742889269062ms;[B60(B,J1SlplJ3ULhiIMSI4xYG1IZebS+pdVGYDslgcUu1b9U=), B60(A,JaqK/G7utmdkNFNAp0x426pgs8SUcVyejE0lPvrEeK4=), B60(C,LBpjwuW3NhxQmYXOYLM2rTQMDfYQV4vbaYL6bx6g4FA=)];3t;1c) for round 61
[2m2025-03-25T07:54:29.069154Z[0m [32m INFO[0m [1mnode[0m[1m{[0m[3mname[0m[2m=[0mk#addeef94..[1m}[0m[2m:[0m [2mconsensus_core::core[0m[2m:[0m [2mconsensus/core/src/core.rs[0m[2m:[0m[2m531:[0m Created block B61(C,gESyyF5laNSYUBGXggmW4uby+RUKz7mCwmXfGiXxA3I=)(1742889269068ms;[B60(C,LBpjwuW3NhxQmYXOYLM2rTQMDfYQV4vbaYL6bx6g4FA=), B60(A,JaqK/G7utmdkNFNAp0x426pgs8SUcVyejE0lPvrEeK4=), B60(B,J1SlplJ3ULhiIMSI4xYG1IZebS+pdVGYDslgcUu1b9U=)];2t;1c) for round 61
[2m2025-03-25T07:54:29.069350Z[0m [32m INFO[0m [1mnode[0m[1m{[0m[3mname[0m[2m=[0mk#addeef94..[1m}[0m[2m:[0m [2mconsensus_core::core[0m[2m:[0m [2mconsensus/core/src/core.rs[0m[2m:[0m[2m630:[0m Committing 1 leaders: B59(A,zonh)
[2m2025-03-25T07:54:29.069442Z[0m [32m INFO[0m [1mnode[0m[1m{[0m[3mname[0m[2m=[0mk#addeef94..[1m}[0m[2m:[0m [2mconsensus_core::commit_observer[0m[2m:[0m [2mconsensus/core/src/commit_observer.rs[0m[2m:[0m[2m173:[0m Consensus commit C58(iTkM) with leader B59(A,zonh) has 3 blocks
[2m2025-03-25T07:54:29.070020Z[0m [32m INFO[0m [1mnode[0m[1m{[0m[3mname[0m[2m=[0mk#addeef94..[1m}[0m[2m:[0m [2msui_core::consensus_handler[0m[2m:[0m [2mcrates/sui-core/src/consensus_handler.rs[0m[2m:[0m[2m232:[0m Received consensus output [3mconsensus_commit[0m[2m=[0mCommittedSubDag(leader=B59(A,zonh), ref=C58(iTkM), blocks=[m8wz, s/b4, zonh]) [3mepoch[0m[2m=[0m0
[2m2025-03-25T07:54:29.073514Z[0m [32m INFO[0m [1mnode[0m[1m{[0m[3mname[0m[2m=[0mk#99f25ef6..[1m}[0m[2m:[0m [2mconsensus_core::core[0m[2m:[0m [2mconsensus/core/src/core.rs[0m[2m:[0m[2m630:[0m Committing 1 leaders: B59(A,zonh)
[2m2025-03-25T07:54:29.073609Z[0m [32m INFO[0m [1mnode[0m[1m{[0m[3mname[0m[2m=[0mk#99f25ef6..[1m}[0m[2m:[0m [2mconsensus_core::commit_observer[0m[2m:[0m [2mconsensus/core/src/commit_observer.rs[0m[2m:[0m[2m173:[0m Consensus commit C58(iTkM) with leader B59(A,zonh) has 3 blocks
[2m2025-03-25T07:54:29.073686Z[0m [32m INFO[0m [1mnode[0m[1m{[0m[3mname[0m[2m=[0mk#99f25ef6..[1m}[0m[2m:[0m [2msui_core::consensus_handler[0m[2m:[0m [2mcrates/sui-core/src/consensus_handler.rs[0m[2m:[0m[2m232:[0m Received consensus output [3mconsensus_commit[0m[2m=[0mCommittedSubDag(leader=B59(A,zonh), ref=C58(iTkM), blocks=[m8wz, s/b4, zonh]) [3mepoch[0m[2m=[0m0
[2m2025-03-25T07:54:29.085227Z[0m [32m INFO[0m [1mnode[0m[1m{[0m[3mname[0m[2m=[0mk#8dcff6d1..[1m}[0m[2m:[0m [2msui_core::checkpoints::checkpoint_output[0m[2m:[0m [2mcrates/sui-core/src/checkpoints/checkpoint_output.rs[0m[2m:[0m[2m196:[0m Certified checkpoint with sequence 106 and digest 3Kvx7e7ke2ukgWuXKBRq55SdoMNahciUARRwvMAHHcLW
[2m2025-03-25T07:54:29.085257Z[0m [32m INFO[0m [1mnode[0m[1m{[0m[3mname[0m[2m=[0mk#8dcff6d1..[1m}[0m[2m:[0m [2msui_core::checkpoints::checkpoint_output[0m[2m:[0m [2mcrates/sui-core/src/checkpoints/checkpoint_output.rs[0m[2m:[0m[2m196:[0m Certified checkpoint with sequence 107 and digest H5rJ4ZjRffeJrsegt2cG2PaPL66jMvJD7BDdMhxh1r1F
[2m2025-03-25T07:54:29.085537Z[0m [32m INFO[0m [1mnode[0m[1m{[0m[3mname[0m[2m=[0mk#8dcff6d1..[1m}[0m[2m:[0m [2mconsensus_core::core[0m[2m:[0m [2mconsensus/core/src/core.rs[0m[2m:[0m[2m630:[0m Committing 1 leaders: B59(A,zonh)
[2m2025-03-25T07:54:29.085645Z[0m [32m INFO[0m [1mnode[0m[1m{[0m[3mname[0m[2m=[0mk#8dcff6d1..[1m}[0m[2m:[0m [2mconsensus_core::commit_observer[0m[2m:[0m [2mconsensus/core/src/commit_observer.rs[0m[2m:[0m[2m173:[0m Consensus commit C58(iTkM) with leader B59(A,zonh) has 3 blocks
[2m2025-03-25T07:54:29.086399Z[0m [32m INFO[0m [1mnode[0m[1m{[0m[3mname[0m[2m=[0mk#8dcff6d1..[1m}[0m[2m:[0m [2msui_core::consensus_handler[0m[2m:[0m [2mcrates/sui-core/src/consensus_handler.rs[0m[2m:[0m[2m232:[0m Received consensus output [3mconsensus_commit[0m[2m=[0mCommittedSubDag(leader=B59(A,zonh), ref=C58(iTkM), blocks=[m8wz, s/b4, zonh]) [3mepoch[0m[2m=[0m0
[2m2025-03-25T07:54:29.087422Z[0m [32m INFO[0m [1mnode[0m[1m{[0m[3mname[0m[2m=[0mk#8dcff6d1..[1m}[0m[2m:[0m [2msui_core::checkpoints::checkpoint_executor[0m[2m:[0m [2mcrates/sui-core/src/checkpoints/checkpoint_executor/mod.rs[0m[2m:[0m[2m332:[0m Received checkpoint summary from state sync [3msequence_number[0m[2m=[0m106
[2m2025-03-25T07:54:29.087566Z[0m [32m INFO[0m [1mnode[0m[1m{[0m[3mname[0m[2m=[0mk#8dcff6d1..[1m}[0m[2m:[0m [2msui_core::checkpoints::checkpoint_executor[0m[2m:[0m [2mcrates/sui-core/src/checkpoints/checkpoint_executor/mod.rs[0m[2m:[0m[2m332:[0m Received checkpoint summary from state sync [3msequence_number[0m[2m=[0m107
[2m2025-03-25T07:54:29.130020Z[0m [32m INFO[0m [1mnode[0m[1m{[0m[3mname[0m[2m=[0mk#8dcff6d1..[1m}[0m[2m:[0m [2msui_core::state_accumulator[0m[2m:[0m [2mcrates/sui-core/src/state_accumulator.rs[0m[2m:[0m[2m675:[0m accumulating running root for checkpoint 106
[2m2025-03-25T07:54:29.130539Z[0m [32m INFO[0m [1mnode[0m[1m{[0m[3mname[0m[2m=[0mk#8dcff6d1..[1m}[0m[2m:[0m [2msui_core::state_accumulator[0m[2m:[0m [2mcrates/sui-core/src/state_accumulator.rs[0m[2m:[0m[2m675:[0m accumulating running root for checkpoint 107
[2m2025-03-25T07:54:29.155665Z[0m [32m INFO[0m [1mnode[0m[1m{[0m[3mname[0m[2m=[0mk#b3f3cbb4..[1m}[0m[2m:[0m [2msui_core::state_accumulator[0m[2m:[0m [2mcrates/sui-core/src/state_accumulator.rs[0m[2m:[0m[2m675:[0m accumulating running root for checkpoint 38
[2m2025-03-25T07:54:29.157053Z[0m [32m INFO[0m [1mnode[0m[1m{[0m[3mname[0m[2m=[0mk#b3f3cbb4..[1m}[0m[2m:[0m [2msui_core::state_accumulator[0m[2m:[0m [2mcrates/sui-core/src/state_accumulator.rs[0m[2m:[0m[2m675:[0m accumulating running root for checkpoint 39
[2m2025-03-25T07:54:29.157573Z[0m [32m INFO[0m [1mnode[0m[1m{[0m[3mname[0m[2m=[0mk#b3f3cbb4..[1m}[0m[2m:[0m [2msui_core::checkpoints::checkpoint_executor[0m[2m:[0m [2mcrates/sui-core/src/checkpoints/checkpoint_executor/mod.rs[0m[2m:[0m[2m332:[0m Received checkpoint summary from state sync [3msequence_number[0m[2m=[0m102
[2m2025-03-25T07:54:29.157680Z[0m [32m INFO[0m [1mnode[0m[1m{[0m[3mname[0m[2m=[0mk#b3f3cbb4..[1m}[0m[2m:[0m [2msui_core::checkpoints::checkpoint_executor[0m[2m:[0m [2mcrates/sui-core/src/checkpoints/checkpoint_executor/mod.rs[0m[2m:[0m[2m332:[0m Received checkpoint summary from state sync [3msequence_number[0m[2m=[0m103
[2m2025-03-25T07:54:29.163448Z[0m [32m INFO[0m [1mnode[0m[1m{[0m[3mname[0m[2m=[0mk#addeef94..[1m}[0m[2m:[0m [2msui_core::checkpoints[0m[2m:[0m [2mcrates/sui-core/src/checkpoints/mod.rs[0m[2m:[0m[2m1326:[0m Creating checkpoint(s) for 1 transactions [3mnext_checkpoint_seq[0m[2m=[0m108 [3mcheckpoint_timestamp[0m[2m=[0m1742889268506
[2m2025-03-25T07:54:29.163698Z[0m [32m INFO[0m [1mnode[0m[1m{[0m[3mname[0m[2m=[0mk#addeef94..[1m}[0m[2m:[0m [2msui_core::checkpoints::checkpoint_output[0m[2m:[0m [2mcrates/sui-core/src/checkpoints/checkpoint_output.rs[0m[2m:[0m[2m149:[0m Creating checkpoint CheckpointDigest(EXZqby2A35SCAKD22QVqVKkakmQzHcd6sF5AYW5cT5yT) at epoch 0, sequence 108, previous digest Some(CheckpointDigest(H5rJ4ZjRffeJrsegt2cG2PaPL66jMvJD7BDdMhxh1r1F)), transactions count 1, content digest CheckpointContentsDigest(6eUFnY7SLbembuUtur4VXDucc9KkoCJbiXL5sYHpDbep), end_of_epoch_data None
[2m2025-03-25T07:54:29.163724Z[0m [32m INFO[0m [1mnode[0m[1m{[0m[3mname[0m[2m=[0mk#99f25ef6..[1m}[0m[2m:[0m [2msui_core::checkpoints[0m[2m:[0m [2mcrates/sui-core/src/checkpoints/mod.rs[0m[2m:[0m[2m1326:[0m Creating checkpoint(s) for 1 transactions [3mnext_checkpoint_seq[0m[2m=[0m108 [3mcheckpoint_timestamp[0m[2m=[0m1742889268506
[2m2025-03-25T07:54:29.163892Z[0m [32m INFO[0m [1mnode[0m[1m{[0m[3mname[0m[2m=[0mk#99f25ef6..[1m}[0m[2m:[0m [2msui_core::checkpoints::checkpoint_output[0m[2m:[0m [2mcrates/sui-core/src/checkpoints/checkpoint_output.rs[0m[2m:[0m[2m149:[0m Creating checkpoint CheckpointDigest(EXZqby2A35SCAKD22QVqVKkakmQzHcd6sF5AYW5cT5yT) at epoch 0, sequence 108, previous digest Some(CheckpointDigest(H5rJ4ZjRffeJrsegt2cG2PaPL66jMvJD7BDdMhxh1r1F)), transactions count 1, content digest CheckpointContentsDigest(6eUFnY7SLbembuUtur4VXDucc9KkoCJbiXL5sYHpDbep), end_of_epoch_data None
[2m2025-03-25T07:54:29.168456Z[0m [32m INFO[0m [1mnode[0m[1m{[0m[3mname[0m[2m=[0mk#99f25ef6..[1m}[0m[2m:[0m [2msui_core::checkpoints::checkpoint_output[0m[2m:[0m [2mcrates/sui-core/src/checkpoints/checkpoint_output.rs[0m[2m:[0m[2m196:[0m Certified checkpoint with sequence 106 and digest 3Kvx7e7ke2ukgWuXKBRq55SdoMNahciUARRwvMAHHcLW
[2m2025-03-25T07:54:29.168477Z[0m [32m INFO[0m [1mnode[0m[1m{[0m[3mname[0m[2m=[0mk#99f25ef6..[1m}[0m[2m:[0m [2msui_core::checkpoints::checkpoint_output[0m[2m:[0m [2mcrates/sui-core/src/checkpoints/checkpoint_output.rs[0m[2m:[0m[2m196:[0m Certified checkpoint with sequence 107 and digest H5rJ4ZjRffeJrsegt2cG2PaPL66jMvJD7BDdMhxh1r1F
[2m2025-03-25T07:54:29.169748Z[0m [32m INFO[0m [1mnode[0m[1m{[0m[3mname[0m[2m=[0mk#99f25ef6..[1m}[0m[2m:[0m [2msui_core::checkpoints::checkpoint_executor[0m[2m:[0m [2mcrates/sui-core/src/checkpoints/checkpoint_executor/mod.rs[0m[2m:[0m[2m332:[0m Received checkpoint summary from state sync [3msequence_number[0m[2m=[0m106
[2m2025-03-25T07:54:29.169874Z[0m [32m INFO[0m [1mnode[0m[1m{[0m[3mname[0m[2m=[0mk#99f25ef6..[1m}[0m[2m:[0m [2msui_core::checkpoints::checkpoint_executor[0m[2m:[0m [2mcrates/sui-core/src/checkpoints/checkpoint_executor/mod.rs[0m[2m:[0m[2m332:[0m Received checkpoint summary from state sync [3msequence_number[0m[2m=[0m107
[2m2025-03-25T07:54:29.169991Z[0m [32m INFO[0m [1mnode[0m[1m{[0m[3mname[0m[2m=[0mk#addeef94..[1m}[0m[2m:[0m [2msui_core::checkpoints::checkpoint_executor[0m[2m:[0m [2mcrates/sui-core/src/checkpoints/checkpoint_executor/mod.rs[0m[2m:[0m[2m332:[0m Received checkpoint summary from state sync [3msequence_number[0m[2m=[0m106
[2m2025-03-25T07:54:29.170111Z[0m [32m INFO[0m [1mnode[0m[1m{[0m[3mname[0m[2m=[0mk#addeef94..[1m}[0m[2m:[0m [2msui_core::checkpoints::checkpoint_executor[0m[2m:[0m [2mcrates/sui-core/src/checkpoints/checkpoint_executor/mod.rs[0m[2m:[0m[2m332:[0m Received checkpoint summary from state sync [3msequence_number[0m[2m=[0m107
[2m2025-03-25T07:54:29.171473Z[0m [32m INFO[0m [1mnode[0m[1m{[0m[3mname[0m[2m=[0mk#addeef94..[1m}[0m[2m:[0m [2msui_core::state_accumulator[0m[2m:[0m [2mcrates/sui-core/src/state_accumulator.rs[0m[2m:[0m[2m675:[0m accumulating running root for checkpoint 106
[2m2025-03-25T07:54:29.171473Z[0m [32m INFO[0m [1mnode[0m[1m{[0m[3mname[0m[2m=[0mk#99f25ef6..[1m}[0m[2m:[0m [2msui_core::state_accumulator[0m[2m:[0m [2mcrates/sui-core/src/state_accumulator.rs[0m[2m:[0m[2m675:[0m accumulating running root for checkpoint 106
[2m2025-03-25T07:54:29.171918Z[0m [32m INFO[0m [1mnode[0m[1m{[0m[3mname[0m[2m=[0mk#99f25ef6..[1m}[0m[2m:[0m [2msui_core::state_accumulator[0m[2m:[0m [2mcrates/sui-core/src/state_accumulator.rs[0m[2m:[0m[2m675:[0m accumulating running root for checkpoint 107
[2m2025-03-25T07:54:29.171921Z[0m [32m INFO[0m [1mnode[0m[1m{[0m[3mname[0m[2m=[0mk#addeef94..[1m}[0m[2m:[0m [2msui_core::state_accumulator[0m[2m:[0m [2mcrates/sui-core/src/state_accumulator.rs[0m[2m:[0m[2m675:[0m accumulating running root for checkpoint 107
[2m2025-03-25T07:54:29.181713Z[0m [32m INFO[0m [1mnode[0m[1m{[0m[3mname[0m[2m=[0mk#8dcff6d1..[1m}[0m[2m:[0m [2msui_core::checkpoints[0m[2m:[0m [2mcrates/sui-core/src/checkpoints/mod.rs[0m[2m:[0m[2m1326:[0m Creating checkpoint(s) for 1 transactions [3mnext_checkpoint_seq[0m[2m=[0m108 [3mcheckpoint_timestamp[0m[2m=[0m1742889268506
[2m2025-03-25T07:54:29.181989Z[0m [32m INFO[0m [1mnode[0m[1m{[0m[3mname[0m[2m=[0mk#8dcff6d1..[1m}[0m[2m:[0m [2msui_core::checkpoints::checkpoint_output[0m[2m:[0m [2mcrates/sui-core/src/checkpoints/checkpoint_output.rs[0m[2m:[0m[2m149:[0m Creating checkpoint CheckpointDigest(EXZqby2A35SCAKD22QVqVKkakmQzHcd6sF5AYW5cT5yT) at epoch 0, sequence 108, previous digest Some(CheckpointDigest(H5rJ4ZjRffeJrsegt2cG2PaPL66jMvJD7BDdMhxh1r1F)), transactions count 1, content digest CheckpointContentsDigest(6eUFnY7SLbembuUtur4VXDucc9KkoCJbiXL5sYHpDbep), end_of_epoch_data None
[2m2025-03-25T07:54:29.274388Z[0m [32m INFO[0m [1mnode[0m[1m{[0m[3mname[0m[2m=[0mk#b3f3cbb4..[1m}[0m[2m:[0m [2msui_core::state_accumulator[0m[2m:[0m [2mcrates/sui-core/src/state_accumulator.rs[0m[2m:[0m[2m675:[0m accumulating running root for checkpoint 40
[2m2025-03-25T07:54:29.274886Z[0m [32m INFO[0m [1mnode[0m[1m{[0m[3mname[0m[2m=[0mk#b3f3cbb4..[1m}[0m[2m:[0m [2msui_core::state_accumulator[0m[2m:[0m [2mcrates/sui-core/src/state_accumulator.rs[0m[2m:[0m[2m675:[0m accumulating running root for checkpoint 41
[2m2025-03-25T07:54:29.277599Z[0m [32m INFO[0m [1mnode[0m[1m{[0m[3mname[0m[2m=[0mk#99f25ef6..[1m}[0m[2m:[0m [2msui_core::checkpoints[0m[2m:[0m [2mcrates/sui-core/src/checkpoints/mod.rs[0m[2m:[0m[2m1326:[0m Creating checkpoint(s) for 1 transactions [3mnext_checkpoint_seq[0m[2m=[0m109 [3mcheckpoint_timestamp[0m[2m=[0m1742889268506
[2m2025-03-25T07:54:29.277834Z[0m [32m INFO[0m [1mnode[0m[1m{[0m[3mname[0m[2m=[0mk#99f25ef6..[1m}[0m[2m:[0m [2msui_core::checkpoints::checkpoint_output[0m[2m:[0m [2mcrates/sui-core/src/checkpoints/checkpoint_output.rs[0m[2m:[0m[2m149:[0m Creating checkpoint CheckpointDigest(4Ww5Pdnxcf4fMVJNpasYEK6eouLYEUEoyVzWzxyqgo7r) at epoch 0, sequence 109, previous digest Some(CheckpointDigest(EXZqby2A35SCAKD22QVqVKkakmQzHcd6sF5AYW5cT5yT)), transactions count 1, content digest CheckpointContentsDigest(HUj5pGU4njNrbUHaPGuFkj9W1wBLEhsCEsFBt2v1tAae), end_of_epoch_data None
[2m2025-03-25T07:54:29.294663Z[0m [32m INFO[0m [1mnode[0m[1m{[0m[3mname[0m[2m=[0mk#8dcff6d1..[1m}[0m[2m:[0m [2msui_core::checkpoints[0m[2m:[0m [2mcrates/sui-core/src/checkpoints/mod.rs[0m[2m:[0m[2m1326:[0m Creating checkpoint(s) for 1 transactions [3mnext_checkpoint_seq[0m[2m=[0m109 [3mcheckpoint_timestamp[0m[2m=[0m1742889268506
[2m2025-03-25T07:54:29.294912Z[0m [32m INFO[0m [1mnode[0m[1m{[0m[3mname[0m[2m=[0mk#8dcff6d1..[1m}[0m[2m:[0m [2msui_core::checkpoints::checkpoint_output[0m[2m:[0m [2mcrates/sui-core/src/checkpoints/checkpoint_output.rs[0m[2m:[0m[2m149:[0m Creating checkpoint CheckpointDigest(4Ww5Pdnxcf4fMVJNpasYEK6eouLYEUEoyVzWzxyqgo7r) at epoch 0, sequence 109, previous digest Some(CheckpointDigest(EXZqby2A35SCAKD22QVqVKkakmQzHcd6sF5AYW5cT5yT)), transactions count 1, content digest CheckpointContentsDigest(HUj5pGU4njNrbUHaPGuFkj9W1wBLEhsCEsFBt2v1tAae), end_of_epoch_data None
[2m2025-03-25T07:54:29.308374Z[0m [32m INFO[0m [1mnode[0m[1m{[0m[3mname[0m[2m=[0mk#addeef94..[1m}[0m[2m:[0m [2msui_core::checkpoints[0m[2m:[0m [2mcrates/sui-core/src/checkpoints/mod.rs[0m[2m:[0m[2m1326:[0m Creating checkpoint(s) for 1 transactions [3mnext_checkpoint_seq[0m[2m=[0m109 [3mcheckpoint_timestamp[0m[2m=[0m1742889268506
[2m2025-03-25T07:54:29.308623Z[0m [32m INFO[0m [1mnode[0m[1m{[0m[3mname[0m[2m=[0mk#addeef94..[1m}[0m[2m:[0m [2msui_core::checkpoints::checkpoint_output[0m[2m:[0m [2mcrates/sui-core/src/checkpoints/checkpoint_output.rs[0m[2m:[0m[2m149:[0m Creating checkpoint CheckpointDigest(4Ww5Pdnxcf4fMVJNpasYEK6eouLYEUEoyVzWzxyqgo7r) at epoch 0, sequence 109, previous digest Some(CheckpointDigest(EXZqby2A35SCAKD22QVqVKkakmQzHcd6sF5AYW5cT5yT)), transactions count 1, content digest CheckpointContentsDigest(HUj5pGU4njNrbUHaPGuFkj9W1wBLEhsCEsFBt2v1tAae), end_of_epoch_data None
[2m2025-03-25T07:54:29.323893Z[0m [32m INFO[0m [1mnode[0m[1m{[0m[3mname[0m[2m=[0mk#addeef94..[1m}[0m[2m:[0m [2mconsensus_core::core[0m[2m:[0m [2mconsensus/core/src/core.rs[0m[2m:[0m[2m531:[0m Created block B62(C,amRGQPxKuBFEoNELRhXw4QmOUlBNpYpsT8NPl58NPEc=)(1742889269323ms;[B61(C,gESyyF5laNSYUBGXggmW4uby+RUKz7mCwmXfGiXxA3I=), B61(A,NYZ5FDUd5popOdZekEEXsI+vUgDl/oMuOYFzvhaG0JI=), B61(B,t4+iQTQGSuF0sbf2OaFcIwPht0mABiRcQOfxf3AUG1s=)];2t;1c) for round 62
[2m2025-03-25T07:54:29.349438Z[0m [32m INFO[0m [1mnode[0m[1m{[0m[3mname[0m[2m=[0mk#99f25ef6..[1m}[0m[2m:[0m [2mconsensus_core::core[0m[2m:[0m [2mconsensus/core/src/core.rs[0m[2m:[0m[2m531:[0m Created block B62(B,A/M5dT6eXAZmFzrqfN1yr010o/YW8ko45sg2K1n5qQk=)(1742889269348ms;[B61(B,t4+iQTQGSuF0sbf2OaFcIwPht0mABiRcQOfxf3AUG1s=), B61(A,NYZ5FDUd5popOdZekEEXsI+vUgDl/oMuOYFzvhaG0JI=), B61(C,gESyyF5laNSYUBGXggmW4uby+RUKz7mCwmXfGiXxA3I=)];2t;1c) for round 62
[2m2025-03-25T07:54:29.349900Z[0m [32m INFO[0m [1mnode[0m[1m{[0m[3mname[0m[2m=[0mk#99f25ef6..[1m}[0m[2m:[0m [2mconsensus_core::core[0m[2m:[0m [2mconsensus/core/src/core.rs[0m[2m:[0m[2m630:[0m Committing 1 leaders: B60(B,J1Sl)
[2m2025-03-25T07:54:29.350112Z[0m [32m INFO[0m [1mnode[0m[1m{[0m[3mname[0m[2m=[0mk#99f25ef6..[1m}[0m[2m:[0m [2mconsensus_core::commit_observer[0m[2m:[0m [2mconsensus/core/src/commit_observer.rs[0m[2m:[0m[2m173:[0m Consensus commit C59(TE+A) with leader B60(B,J1Sl) has 3 blocks
[2m2025-03-25T07:54:29.351185Z[0m [32m INFO[0m [1mnode[0m[1m{[0m[3mname[0m[2m=[0mk#99f25ef6..[1m}[0m[2m:[0m [2msui_core::consensus_handler[0m[2m:[0m [2mcrates/sui-core/src/consensus_handler.rs[0m[2m:[0m[2m232:[0m Received consensus output [3mconsensus_commit[0m[2m=[0mCommittedSubDag(leader=B60(B,J1Sl), ref=C59(TE+A), blocks=[ccNw, JMKn, J1Sl]) [3mepoch[0m[2m=[0m0
[2m2025-03-25T07:54:29.362974Z[0m [32m INFO[0m [1mnode[0m[1m{[0m[3mname[0m[2m=[0mk#8dcff6d1..[1m}[0m[2m:[0m [2mconsensus_core::core[0m[2m:[0m [2mconsensus/core/src/core.rs[0m[2m:[0m[2m531:[0m Created block B62(A,m8TMO4S1e02OLlp7V45SyM+ubP0ntK/ASqkvYWnU4XI=)(1742889269362ms;[B61(A,NYZ5FDUd5popOdZekEEXsI+vUgDl/oMuOYFzvhaG0JI=), B61(B,t4+iQTQGSuF0sbf2OaFcIwPht0mABiRcQOfxf3AUG1s=), B61(C,gESyyF5laNSYUBGXggmW4uby+RUKz7mCwmXfGiXxA3I=)];2t;1c) for round 62
[2m2025-03-25T07:54:29.363172Z[0m [32m INFO[0m [1mnode[0m[1m{[0m[3mname[0m[2m=[0mk#8dcff6d1..[1m}[0m[2m:[0m [2mconsensus_core::core[0m[2m:[0m [2mconsensus/core/src/core.rs[0m[2m:[0m[2m630:[0m Committing 1 leaders: B60(B,J1Sl)
[2m2025-03-25T07:54:29.363258Z[0m [32m INFO[0m [1mnode[0m[1m{[0m[3mname[0m[2m=[0mk#8dcff6d1..[1m}[0m[2m:[0m [2mconsensus_core::commit_observer[0m[2m:[0m [2mconsensus/core/src/commit_observer.rs[0m[2m:[0m[2m173:[0m Consensus commit C59(TE+A) with leader B60(B,J1Sl) has 3 blocks
[2m2025-03-25T07:54:29.366545Z[0m [32m INFO[0m [1mnode[0m[1m{[0m[3mname[0m[2m=[0mk#8dcff6d1..[1m}[0m[2m:[0m [2msui_core::checkpoints::checkpoint_output[0m[2m:[0m [2mcrates/sui-core/src/checkpoints/checkpoint_output.rs[0m[2m:[0m[2m196:[0m Certified checkpoint with sequence 108 and digest EXZqby2A35SCAKD22QVqVKkakmQzHcd6sF5AYW5cT5yT
[2m2025-03-25T07:54:29.366622Z[0m [32m INFO[0m [1mnode[0m[1m{[0m[3mname[0m[2m=[0mk#8dcff6d1..[1m}[0m[2m:[0m [2msui_core::checkpoints::checkpoint_output[0m[2m:[0m [2mcrates/sui-core/src/checkpoints/checkpoint_output.rs[0m[2m:[0m[2m196:[0m Certified checkpoint with sequence 109 and digest 4Ww5Pdnxcf4fMVJNpasYEK6eouLYEUEoyVzWzxyqgo7r
[2m2025-03-25T07:54:29.366953Z[0m [32m INFO[0m [1mnode[0m[1m{[0m[3mname[0m[2m=[0mk#8dcff6d1..[1m}[0m[2m:[0m [2msui_core::consensus_handler[0m[2m:[0m [2mcrates/sui-core/src/consensus_handler.rs[0m[2m:[0m[2m232:[0m Received consensus output [3mconsensus_commit[0m[2m=[0mCommittedSubDag(leader=B60(B,J1Sl), ref=C59(TE+A), blocks=[ccNw, JMKn, J1Sl]) [3mepoch[0m[2m=[0m0
[2m2025-03-25T07:54:29.375467Z[0m [32m INFO[0m [1mnode[0m[1m{[0m[3mname[0m[2m=[0mk#b3f3cbb4..[1m}[0m[2m:[0m [2msui_core::state_accumulator[0m[2m:[0m [2mcrates/sui-core/src/state_accumulator.rs[0m[2m:[0m[2m675:[0m accumulating running root for checkpoint 42
[2m2025-03-25T07:54:29.375940Z[0m [32m INFO[0m [1mnode[0m[1m{[0m[3mname[0m[2m=[0mk#b3f3cbb4..[1m}[0m[2m:[0m [2msui_core::state_accumulator[0m[2m:[0m [2mcrates/sui-core/src/state_accumulator.rs[0m[2m:[0m[2m675:[0m accumulating running root for checkpoint 43
[2m2025-03-25T07:54:29.389974Z[0m [32m INFO[0m [1mnode[0m[1m{[0m[3mname[0m[2m=[0mk#addeef94..[1m}[0m[2m:[0m [2mconsensus_core::core[0m[2m:[0m [2mconsensus/core/src/core.rs[0m[2m:[0m[2m630:[0m Committing 1 leaders: B60(B,J1Sl)
[2m2025-03-25T07:54:29.390087Z[0m [32m INFO[0m [1mnode[0m[1m{[0m[3mname[0m[2m=[0mk#addeef94..[1m}[0m[2m:[0m [2mconsensus_core::commit_observer[0m[2m:[0m [2mconsensus/core/src/commit_observer.rs[0m[2m:[0m[2m173:[0m Consensus commit C59(TE+A) with leader B60(B,J1Sl) has 3 blocks
[2m2025-03-25T07:54:29.390265Z[0m [32m INFO[0m [1mnode[0m[1m{[0m[3mname[0m[2m=[0mk#addeef94..[1m}[0m[2m:[0m [2msui_core::consensus_handler[0m[2m:[0m [2mcrates/sui-core/src/consensus_handler.rs[0m[2m:[0m[2m232:[0m Received consensus output [3mconsensus_commit[0m[2m=[0mCommittedSubDag(leader=B60(B,J1Sl), ref=C59(TE+A), blocks=[ccNw, JMKn, J1Sl]) [3mepoch[0m[2m=[0m0
[2m2025-03-25T07:54:29.413478Z[0m [32m INFO[0m [1mnode[0m[1m{[0m[3mname[0m[2m=[0mk#8dcff6d1..[1m}[0m[2m:[0m [2msui_core::checkpoints::checkpoint_executor[0m[2m:[0m [2mcrates/sui-core/src/checkpoints/checkpoint_executor/mod.rs[0m[2m:[0m[2m332:[0m Received checkpoint summary from state sync [3msequence_number[0m[2m=[0m108
[2m2025-03-25T07:54:29.413741Z[0m [32m INFO[0m [1mnode[0m[1m{[0m[3mname[0m[2m=[0mk#8dcff6d1..[1m}[0m[2m:[0m [2msui_core::checkpoints::checkpoint_executor[0m[2m:[0m [2mcrates/sui-core/src/checkpoints/checkpoint_executor/mod.rs[0m[2m:[0m[2m332:[0m Received checkpoint summary from state sync [3msequence_number[0m[2m=[0m109
[2m2025-03-25T07:54:29.432556Z[0m [32m INFO[0m [1mnode[0m[1m{[0m[3mname[0m[2m=[0mk#8dcff6d1..[1m}[0m[2m:[0m [2msui_core::state_accumulator[0m[2m:[0m [2mcrates/sui-core/src/state_accumulator.rs[0m[2m:[0m[2m675:[0m accumulating running root for checkpoint 108
[2m2025-03-25T07:54:29.433083Z[0m [32m INFO[0m [1mnode[0m[1m{[0m[3mname[0m[2m=[0mk#8dcff6d1..[1m}[0m[2m:[0m [2msui_core::state_accumulator[0m[2m:[0m [2mcrates/sui-core/src/state_accumulator.rs[0m[2m:[0m[2m675:[0m accumulating running root for checkpoint 109
[2m2025-03-25T07:54:29.446161Z[0m [32m INFO[0m [1mnode[0m[1m{[0m[3mname[0m[2m=[0mk#99f25ef6..[1m}[0m[2m:[0m [2msui_core::checkpoints[0m[2m:[0m [2mcrates/sui-core/src/checkpoints/mod.rs[0m[2m:[0m[2m1326:[0m Creating checkpoint(s) for 1 transactions [3mnext_checkpoint_seq[0m[2m=[0m110 [3mcheckpoint_timestamp[0m[2m=[0m1742889268767
[2m2025-03-25T07:54:29.446407Z[0m [32m INFO[0m [1mnode[0m[1m{[0m[3mname[0m[2m=[0mk#99f25ef6..[1m}[0m[2m:[0m [2msui_core::checkpoints::checkpoint_output[0m[2m:[0m [2mcrates/sui-core/src/checkpoints/checkpoint_output.rs[0m[2m:[0m[2m149:[0m Creating checkpoint CheckpointDigest(8ti8UUU1siYawMADVz9LNkhV3QyGf1ycLub4quVu34HY) at epoch 0, sequence 110, previous digest Some(CheckpointDigest(4Ww5Pdnxcf4fMVJNpasYEK6eouLYEUEoyVzWzxyqgo7r)), transactions count 1, content digest CheckpointContentsDigest(64eeHjFrunuXvyjPPnB4yEjFYDpGKPkbRLC32MwQtq6t), end_of_epoch_data None
[2m2025-03-25T07:54:29.454829Z[0m [32m INFO[0m [1mnode[0m[1m{[0m[3mname[0m[2m=[0mk#99f25ef6..[1m}[0m[2m:[0m [2msui_core::checkpoints::checkpoint_output[0m[2m:[0m [2mcrates/sui-core/src/checkpoints/checkpoint_output.rs[0m[2m:[0m[2m196:[0m Certified checkpoint with sequence 108 and digest EXZqby2A35SCAKD22QVqVKkakmQzHcd6sF5AYW5cT5yT
[2m2025-03-25T07:54:29.454924Z[0m [32m INFO[0m [1mnode[0m[1m{[0m[3mname[0m[2m=[0mk#99f25ef6..[1m}[0m[2m:[0m [2msui_core::checkpoints::checkpoint_output[0m[2m:[0m [2mcrates/sui-core/src/checkpoints/checkpoint_output.rs[0m[2m:[0m[2m196:[0m Certified checkpoint with sequence 109 and digest 4Ww5Pdnxcf4fMVJNpasYEK6eouLYEUEoyVzWzxyqgo7r
[2m2025-03-25T07:54:29.458061Z[0m [32m INFO[0m [1mnode[0m[1m{[0m[3mname[0m[2m=[0mk#99f25ef6..[1m}[0m[2m:[0m [2msui_core::checkpoints::checkpoint_executor[0m[2m:[0m [2mcrates/sui-core/src/checkpoints/checkpoint_executor/mod.rs[0m[2m:[0m[2m332:[0m Received checkpoint summary from state sync [3msequence_number[0m[2m=[0m108
[2m2025-03-25T07:54:29.458225Z[0m [32m INFO[0m [1mnode[0m[1m{[0m[3mname[0m[2m=[0mk#99f25ef6..[1m}[0m[2m:[0m [2msui_core::checkpoints::checkpoint_executor[0m[2m:[0m [2mcrates/sui-core/src/checkpoints/checkpoint_executor/mod.rs[0m[2m:[0m[2m332:[0m Received checkpoint summary from state sync [3msequence_number[0m[2m=[0m109
[2m2025-03-25T07:54:29.460108Z[0m [32m INFO[0m [1mnode[0m[1m{[0m[3mname[0m[2m=[0mk#99f25ef6..[1m}[0m[2m:[0m [2msui_core::state_accumulator[0m[2m:[0m [2mcrates/sui-core/src/state_accumulator.rs[0m[2m:[0m[2m675:[0m accumulating running root for checkpoint 108
[2m2025-03-25T07:54:29.460605Z[0m [32m INFO[0m [1mnode[0m[1m{[0m[3mname[0m[2m=[0mk#99f25ef6..[1m}[0m[2m:[0m [2msui_core::state_accumulator[0m[2m:[0m [2mcrates/sui-core/src/state_accumulator.rs[0m[2m:[0m[2m675:[0m accumulating running root for checkpoint 109
[2m2025-03-25T07:54:29.462388Z[0m [32m INFO[0m [1mnode[0m[1m{[0m[3mname[0m[2m=[0mk#8dcff6d1..[1m}[0m[2m:[0m [2msui_core::checkpoints[0m[2m:[0m [2mcrates/sui-core/src/checkpoints/mod.rs[0m[2m:[0m[2m1326:[0m Creating checkpoint(s) for 1 transactions [3mnext_checkpoint_seq[0m[2m=[0m110 [3mcheckpoint_timestamp[0m[2m=[0m1742889268767
[2m2025-03-25T07:54:29.462616Z[0m [32m INFO[0m [1mnode[0m[1m{[0m[3mname[0m[2m=[0mk#8dcff6d1..[1m}[0m[2m:[0m [2msui_core::checkpoints::checkpoint_output[0m[2m:[0m [2mcrates/sui-core/src/checkpoints/checkpoint_output.rs[0m[2m:[0m[2m149:[0m Creating checkpoint CheckpointDigest(8ti8UUU1siYawMADVz9LNkhV3QyGf1ycLub4quVu34HY) at epoch 0, sequence 110, previous digest Some(CheckpointDigest(4Ww5Pdnxcf4fMVJNpasYEK6eouLYEUEoyVzWzxyqgo7r)), transactions count 1, content digest CheckpointContentsDigest(64eeHjFrunuXvyjPPnB4yEjFYDpGKPkbRLC32MwQtq6t), end_of_epoch_data None
[2m2025-03-25T07:54:29.476201Z[0m [32m INFO[0m [1mnode[0m[1m{[0m[3mname[0m[2m=[0mk#addeef94..[1m}[0m[2m:[0m [2msui_core::checkpoints[0m[2m:[0m [2mcrates/sui-core/src/checkpoints/mod.rs[0m[2m:[0m[2m1326:[0m Creating checkpoint(s) for 1 transactions [3mnext_checkpoint_seq[0m[2m=[0m110 [3mcheckpoint_timestamp[0m[2m=[0m1742889268767
[2m2025-03-25T07:54:29.476807Z[0m [32m INFO[0m [1mnode[0m[1m{[0m[3mname[0m[2m=[0mk#addeef94..[1m}[0m[2m:[0m [2msui_core::checkpoints::checkpoint_output[0m[2m:[0m [2mcrates/sui-core/src/checkpoints/checkpoint_output.rs[0m[2m:[0m[2m149:[0m Creating checkpoint CheckpointDigest(8ti8UUU1siYawMADVz9LNkhV3QyGf1ycLub4quVu34HY) at epoch 0, sequence 110, previous digest Some(CheckpointDigest(4Ww5Pdnxcf4fMVJNpasYEK6eouLYEUEoyVzWzxyqgo7r)), transactions count 1, content digest CheckpointContentsDigest(64eeHjFrunuXvyjPPnB4yEjFYDpGKPkbRLC32MwQtq6t), end_of_epoch_data None
[2m2025-03-25T07:54:29.484389Z[0m [32m INFO[0m [1mnode[0m[1m{[0m[3mname[0m[2m=[0mk#b3f3cbb4..[1m}[0m[2m:[0m [2msui_core::state_accumulator[0m[2m:[0m [2mcrates/sui-core/src/state_accumulator.rs[0m[2m:[0m[2m675:[0m accumulating running root for checkpoint 44
[2m2025-03-25T07:54:29.484926Z[0m [32m INFO[0m [1mnode[0m[1m{[0m[3mname[0m[2m=[0mk#b3f3cbb4..[1m}[0m[2m:[0m [2msui_core::state_accumulator[0m[2m:[0m [2mcrates/sui-core/src/state_accumulator.rs[0m[2m:[0m[2m675:[0m accumulating running root for checkpoint 45
[2m2025-03-25T07:54:29.489207Z[0m [32m INFO[0m [1mnode[0m[1m{[0m[3mname[0m[2m=[0mk#addeef94..[1m}[0m[2m:[0m [2msui_core::checkpoints::checkpoint_executor[0m[2m:[0m [2mcrates/sui-core/src/checkpoints/checkpoint_executor/mod.rs[0m[2m:[0m[2m332:[0m Received checkpoint summary from state sync [3msequence_number[0m[2m=[0m108
[2m2025-03-25T07:54:29.489571Z[0m [32m INFO[0m [1mnode[0m[1m{[0m[3mname[0m[2m=[0mk#addeef94..[1m}[0m[2m:[0m [2msui_core::checkpoints::checkpoint_executor[0m[2m:[0m [2mcrates/sui-core/src/checkpoints/checkpoint_executor/mod.rs[0m[2m:[0m[2m332:[0m Received checkpoint summary from state sync [3msequence_number[0m[2m=[0m109
[2m2025-03-25T07:54:29.491545Z[0m [32m INFO[0m [1mnode[0m[1m{[0m[3mname[0m[2m=[0mk#addeef94..[1m}[0m[2m:[0m [2msui_core::state_accumulator[0m[2m:[0m [2mcrates/sui-core/src/state_accumulator.rs[0m[2m:[0m[2m675:[0m accumulating running root for checkpoint 108
[2m2025-03-25T07:54:29.492004Z[0m [32m INFO[0m [1mnode[0m[1m{[0m[3mname[0m[2m=[0mk#addeef94..[1m}[0m[2m:[0m [2msui_core::state_accumulator[0m[2m:[0m [2mcrates/sui-core/src/state_accumulator.rs[0m[2m:[0m[2m675:[0m accumulating running root for checkpoint 109
[2m2025-03-25T07:54:29.576785Z[0m [32m INFO[0m [1mnode[0m[1m{[0m[3mname[0m[2m=[0mk#8dcff6d1..[1m}[0m[2m:[0m [2msui_core::checkpoints[0m[2m:[0m [2mcrates/sui-core/src/checkpoints/mod.rs[0m[2m:[0m[2m1326:[0m Creating checkpoint(s) for 1 transactions [3mnext_checkpoint_seq[0m[2m=[0m111 [3mcheckpoint_timestamp[0m[2m=[0m1742889268767
[2m2025-03-25T07:54:29.577043Z[0m [32m INFO[0m [1mnode[0m[1m{[0m[3mname[0m[2m=[0mk#8dcff6d1..[1m}[0m[2m:[0m [2msui_core::checkpoints::checkpoint_output[0m[2m:[0m [2mcrates/sui-core/src/checkpoints/checkpoint_output.rs[0m[2m:[0m[2m149:[0m Creating checkpoint CheckpointDigest(7ofrwxBpb1hh2R9uxUs8jjdizi8BSkTVqcPx3Xj5Ez2W) at epoch 0, sequence 111, previous digest Some(CheckpointDigest(8ti8UUU1siYawMADVz9LNkhV3QyGf1ycLub4quVu34HY)), transactions count 1, content digest CheckpointContentsDigest(DF5LBqNCun4kam5Nw3gZB2zxEJh3awCmaPFSn7cxvvph), end_of_epoch_data None
[2m2025-03-25T07:54:29.584113Z[0m [32m INFO[0m [1mnode[0m[1m{[0m[3mname[0m[2m=[0mk#99f25ef6..[1m}[0m[2m:[0m [2msui_core::checkpoints[0m[2m:[0m [2mcrates/sui-core/src/checkpoints/mod.rs[0m[2m:[0m[2m1326:[0m Creating checkpoint(s) for 1 transactions [3mnext_checkpoint_seq[0m[2m=[0m111 [3mcheckpoint_timestamp[0m[2m=[0m1742889268767
[2m2025-03-25T07:54:29.584321Z[0m [32m INFO[0m [1mnode[0m[1m{[0m[3mname[0m[2m=[0mk#99f25ef6..[1m}[0m[2m:[0m [2msui_core::checkpoints::checkpoint_output[0m[2m:[0m [2mcrates/sui-core/src/checkpoints/checkpoint_output.rs[0m[2m:[0m[2m149:[0m Creating checkpoint CheckpointDigest(7ofrwxBpb1hh2R9uxUs8jjdizi8BSkTVqcPx3Xj5Ez2W) at epoch 0, sequence 111, previous digest Some(CheckpointDigest(8ti8UUU1siYawMADVz9LNkhV3QyGf1ycLub4quVu34HY)), transactions count 1, content digest CheckpointContentsDigest(DF5LBqNCun4kam5Nw3gZB2zxEJh3awCmaPFSn7cxvvph), end_of_epoch_data None
[2m2025-03-25T07:54:29.590963Z[0m [32m INFO[0m [1mnode[0m[1m{[0m[3mname[0m[2m=[0mk#b3f3cbb4..[1m}[0m[2m:[0m [2msui_core::state_accumulator[0m[2m:[0m [2mcrates/sui-core/src/state_accumulator.rs[0m[2m:[0m[2m675:[0m accumulating running root for checkpoint 46
[2m2025-03-25T07:54:29.591593Z[0m [32m INFO[0m [1mnode[0m[1m{[0m[3mname[0m[2m=[0mk#b3f3cbb4..[1m}[0m[2m:[0m [2msui_core::state_accumulator[0m[2m:[0m [2mcrates/sui-core/src/state_accumulator.rs[0m[2m:[0m[2m675:[0m accumulating running root for checkpoint 47
[2m2025-03-25T07:54:29.591805Z[0m [32m INFO[0m [1mnode[0m[1m{[0m[3mname[0m[2m=[0mk#b3f3cbb4..[1m}[0m[2m:[0m [2msui_core::checkpoints::checkpoint_executor[0m[2m:[0m [2mcrates/sui-core/src/checkpoints/checkpoint_executor/mod.rs[0m[2m:[0m[2m332:[0m Received checkpoint summary from state sync [3msequence_number[0m[2m=[0m104
[2m2025-03-25T07:54:29.591850Z[0m [32m INFO[0m [1mnode[0m[1m{[0m[3mname[0m[2m=[0mk#b3f3cbb4..[1m}[0m[2m:[0m [2msui_core::checkpoints::checkpoint_executor[0m[2m:[0m [2mcrates/sui-core/src/checkpoints/checkpoint_executor/mod.rs[0m[2m:[0m[2m332:[0m Received checkpoint summary from state sync [3msequence_number[0m[2m=[0m105
[2m2025-03-25T07:54:29.604957Z[0m [32m INFO[0m [1mnode[0m[1m{[0m[3mname[0m[2m=[0mk#99f25ef6..[1m}[0m[2m:[0m [2mconsensus_core::core[0m[2m:[0m [2mconsensus/core/src/core.rs[0m[2m:[0m[2m531:[0m Created block B63(B,9If7iEBFaxzScsL0Pkz7trXQPyxJFM3ct1uSMutDKSY=)(1742889269604ms;[B62(B,A/M5dT6eXAZmFzrqfN1yr010o/YW8ko45sg2K1n5qQk=), B62(A,m8TMO4S1e02OLlp7V45SyM+ubP0ntK/ASqkvYWnU4XI=), B62(C,amRGQPxKuBFEoNELRhXw4QmOUlBNpYpsT8NPl58NPEc=)];2t;1c) for round 63
[2m2025-03-25T07:54:29.618499Z[0m [32m INFO[0m [1mnode[0m[1m{[0m[3mname[0m[2m=[0mk#8dcff6d1..[1m}[0m[2m:[0m [2mconsensus_core::core[0m[2m:[0m [2mconsensus/core/src/core.rs[0m[2m:[0m[2m531:[0m Created block B63(A,GgtdKtzw1WYGZ12HPTIlrCF+Af7RxAABatEDEIq9qzA=)(1742889269618ms;[B62(A,m8TMO4S1e02OLlp7V45SyM+ubP0ntK/ASqkvYWnU4XI=), B62(B,A/M5dT6eXAZmFzrqfN1yr010o/YW8ko45sg2K1n5qQk=), B62(C,amRGQPxKuBFEoNELRhXw4QmOUlBNpYpsT8NPl58NPEc=)];2t;1c) for round 63
[2m2025-03-25T07:54:29.632871Z[0m [32m INFO[0m [1mnode[0m[1m{[0m[3mname[0m[2m=[0mk#addeef94..[1m}[0m[2m:[0m [2msui_core::checkpoints[0m[2m:[0m [2mcrates/sui-core/src/checkpoints/mod.rs[0m[2m:[0m[2m1326:[0m Creating checkpoint(s) for 1 transactions [3mnext_checkpoint_seq[0m[2m=[0m111 [3mcheckpoint_timestamp[0m[2m=[0m1742889268767
[2m2025-03-25T07:54:29.633119Z[0m [32m INFO[0m [1mnode[0m[1m{[0m[3mname[0m[2m=[0mk#addeef94..[1m}[0m[2m:[0m [2msui_core::checkpoints::checkpoint_output[0m[2m:[0m [2mcrates/sui-core/src/checkpoints/checkpoint_output.rs[0m[2m:[0m[2m149:[0m Creating checkpoint CheckpointDigest(7ofrwxBpb1hh2R9uxUs8jjdizi8BSkTVqcPx3Xj5Ez2W) at epoch 0, sequence 111, previous digest Some(CheckpointDigest(8ti8UUU1siYawMADVz9LNkhV3QyGf1ycLub4quVu34HY)), transactions count 1, content digest CheckpointContentsDigest(DF5LBqNCun4kam5Nw3gZB2zxEJh3awCmaPFSn7cxvvph), end_of_epoch_data None
[2m2025-03-25T07:54:29.642059Z[0m [32m INFO[0m [1mnode[0m[1m{[0m[3mname[0m[2m=[0mk#addeef94..[1m}[0m[2m:[0m [2mconsensus_core::core[0m[2m:[0m [2mconsensus/core/src/core.rs[0m[2m:[0m[2m531:[0m Created block B63(C,YzR0cibNMoO+VPdt+LyR0y2r2ZqV7f124DhHHh649Co=)(1742889269641ms;[B62(C,amRGQPxKuBFEoNELRhXw4QmOUlBNpYpsT8NPl58NPEc=), B62(A,m8TMO4S1e02OLlp7V45SyM+ubP0ntK/ASqkvYWnU4XI=), B62(B,A/M5dT6eXAZmFzrqfN1yr010o/YW8ko45sg2K1n5qQk=)];3t;1c) for round 63
[2m2025-03-25T07:54:29.642148Z[0m [32m INFO[0m [1mnode[0m[1m{[0m[3mname[0m[2m=[0mk#addeef94..[1m}[0m[2m:[0m [2mconsensus_core::core[0m[2m:[0m [2mconsensus/core/src/core.rs[0m[2m:[0m[2m630:[0m Committing 1 leaders: B61(A,NYZ5)
[2m2025-03-25T07:54:29.642221Z[0m [32m INFO[0m [1mnode[0m[1m{[0m[3mname[0m[2m=[0mk#addeef94..[1m}[0m[2m:[0m [2mconsensus_core::commit_observer[0m[2m:[0m [2mconsensus/core/src/commit_observer.rs[0m[2m:[0m[2m173:[0m Consensus commit C60(RhFy) with leader B61(A,NYZ5) has 3 blocks
[2m2025-03-25T07:54:29.642357Z[0m [32m INFO[0m [1mnode[0m[1m{[0m[3mname[0m[2m=[0mk#addeef94..[1m}[0m[2m:[0m [2msui_core::consensus_handler[0m[2m:[0m [2mcrates/sui-core/src/consensus_handler.rs[0m[2m:[0m[2m232:[0m Received consensus output [3mconsensus_commit[0m[2m=[0mCommittedSubDag(leader=B61(A,NYZ5), ref=C60(RhFy), blocks=[JaqK, LBpj, NYZ5]) [3mepoch[0m[2m=[0m0
[2m2025-03-25T07:54:29.645514Z[0m [32m INFO[0m [1mnode[0m[1m{[0m[3mname[0m[2m=[0mk#99f25ef6..[1m}[0m[2m:[0m [2mconsensus_core::core[0m[2m:[0m [2mconsensus/core/src/core.rs[0m[2m:[0m[2m630:[0m Committing 1 leaders: B61(A,NYZ5)
[2m2025-03-25T07:54:29.645608Z[0m [32m INFO[0m [1mnode[0m[1m{[0m[3mname[0m[2m=[0mk#99f25ef6..[1m}[0m[2m:[0m [2mconsensus_core::commit_observer[0m[2m:[0m [2mconsensus/core/src/commit_observer.rs[0m[2m:[0m[2m173:[0m Consensus commit C60(RhFy) with leader B61(A,NYZ5) has 3 blocks
[2m2025-03-25T07:54:29.645682Z[0m [32m INFO[0m [1mnode[0m[1m{[0m[3mname[0m[2m=[0mk#99f25ef6..[1m}[0m[2m:[0m [2msui_core::consensus_handler[0m[2m:[0m [2mcrates/sui-core/src/consensus_handler.rs[0m[2m:[0m[2m232:[0m Received consensus output [3mconsensus_commit[0m[2m=[0mCommittedSubDag(leader=B61(A,NYZ5), ref=C60(RhFy), blocks=[JaqK, LBpj, NYZ5]) [3mepoch[0m[2m=[0m0
[2m2025-03-25T07:54:29.647199Z[0m [32m INFO[0m [1mnode[0m[1m{[0m[3mname[0m[2m=[0mk#8dcff6d1..[1m}[0m[2m:[0m [2msui_core::checkpoints::checkpoint_output[0m[2m:[0m [2mcrates/sui-core/src/checkpoints/checkpoint_output.rs[0m[2m:[0m[2m196:[0m Certified checkpoint with sequence 110 and digest 8ti8UUU1siYawMADVz9LNkhV3QyGf1ycLub4quVu34HY
[2m2025-03-25T07:54:29.647224Z[0m [32m INFO[0m [1mnode[0m[1m{[0m[3mname[0m[2m=[0mk#8dcff6d1..[1m}[0m[2m:[0m [2msui_core::checkpoints::checkpoint_output[0m[2m:[0m [2mcrates/sui-core/src/checkpoints/checkpoint_output.rs[0m[2m:[0m[2m196:[0m Certified checkpoint with sequence 111 and digest 7ofrwxBpb1hh2R9uxUs8jjdizi8BSkTVqcPx3Xj5Ez2W
[2m2025-03-25T07:54:29.647388Z[0m [32m INFO[0m [1mnode[0m[1m{[0m[3mname[0m[2m=[0mk#8dcff6d1..[1m}[0m[2m:[0m [2mconsensus_core::core[0m[2m:[0m [2mconsensus/core/src/core.rs[0m[2m:[0m[2m630:[0m Committing 1 leaders: B61(A,NYZ5)
[2m2025-03-25T07:54:29.647483Z[0m [32m INFO[0m [1mnode[0m[1m{[0m[3mname[0m[2m=[0mk#8dcff6d1..[1m}[0m[2m:[0m [2mconsensus_core::commit_observer[0m[2m:[0m [2mconsensus/core/src/commit_observer.rs[0m[2m:[0m[2m173:[0m Consensus commit C60(RhFy) with leader B61(A,NYZ5) has 3 blocks
[2m2025-03-25T07:54:29.648153Z[0m [32m INFO[0m [1mnode[0m[1m{[0m[3mname[0m[2m=[0mk#8dcff6d1..[1m}[0m[2m:[0m [2msui_core::consensus_handler[0m[2m:[0m [2mcrates/sui-core/src/consensus_handler.rs[0m[2m:[0m[2m232:[0m Received consensus output [3mconsensus_commit[0m[2m=[0mCommittedSubDag(leader=B61(A,NYZ5), ref=C60(RhFy), blocks=[JaqK, LBpj, NYZ5]) [3mepoch[0m[2m=[0m0
[2m2025-03-25T07:54:29.648904Z[0m [32m INFO[0m [1mnode[0m[1m{[0m[3mname[0m[2m=[0mk#8dcff6d1..[1m}[0m[2m:[0m [2msui_core::checkpoints::checkpoint_executor[0m[2m:[0m [2mcrates/sui-core/src/checkpoints/checkpoint_executor/mod.rs[0m[2m:[0m[2m332:[0m Received checkpoint summary from state sync [3msequence_number[0m[2m=[0m110
[2m2025-03-25T07:54:29.649043Z[0m [32m INFO[0m [1mnode[0m[1m{[0m[3mname[0m[2m=[0mk#8dcff6d1..[1m}[0m[2m:[0m [2msui_core::checkpoints::checkpoint_executor[0m[2m:[0m [2mcrates/sui-core/src/checkpoints/checkpoint_executor/mod.rs[0m[2m:[0m[2m332:[0m Received checkpoint summary from state sync [3msequence_number[0m[2m=[0m111
[2m2025-03-25T07:54:29.687325Z[0m [32m INFO[0m [1mnode[0m[1m{[0m[3mname[0m[2m=[0mk#b3f3cbb4..[1m}[0m[2m:[0m [2msui_core::state_accumulator[0m[2m:[0m [2mcrates/sui-core/src/state_accumulator.rs[0m[2m:[0m[2m675:[0m accumulating running root for checkpoint 48
[2m2025-03-25T07:54:29.687825Z[0m [32m INFO[0m [1mnode[0m[1m{[0m[3mname[0m[2m=[0mk#b3f3cbb4..[1m}[0m[2m:[0m [2msui_core::state_accumulator[0m[2m:[0m [2mcrates/sui-core/src/state_accumulator.rs[0m[2m:[0m[2m675:[0m accumulating running root for checkpoint 49
[2m2025-03-25T07:54:29.687941Z[0m [32m INFO[0m [1mnode[0m[1m{[0m[3mname[0m[2m=[0mk#8dcff6d1..[1m}[0m[2m:[0m [2msui_core::state_accumulator[0m[2m:[0m [2mcrates/sui-core/src/state_accumulator.rs[0m[2m:[0m[2m675:[0m accumulating running root for checkpoint 110
[2m2025-03-25T07:54:29.688391Z[0m [32m INFO[0m [1mnode[0m[1m{[0m[3mname[0m[2m=[0mk#8dcff6d1..[1m}[0m[2m:[0m [2msui_core::state_accumulator[0m[2m:[0m [2mcrates/sui-core/src/state_accumulator.rs[0m[2m:[0m[2m675:[0m accumulating running root for checkpoint 111
[2m2025-03-25T07:54:29.731531Z[0m [32m INFO[0m [1mnode[0m[1m{[0m[3mname[0m[2m=[0mk#addeef94..[1m}[0m[2m:[0m [2msui_core::checkpoints[0m[2m:[0m [2mcrates/sui-core/src/checkpoints/mod.rs[0m[2m:[0m[2m1326:[0m Creating checkpoint(s) for 1 transactions [3mnext_checkpoint_seq[0m[2m=[0m112 [3mcheckpoint_timestamp[0m[2m=[0m1742889269017
[2m2025-03-25T07:54:29.731771Z[0m [32m INFO[0m [1mnode[0m[1m{[0m[3mname[0m[2m=[0mk#addeef94..[1m}[0m[2m:[0m [2msui_core::checkpoints::checkpoint_output[0m[2m:[0m [2mcrates/sui-core/src/checkpoints/checkpoint_output.rs[0m[2m:[0m[2m149:[0m Creating checkpoint CheckpointDigest(9M8zjKtg6sQrFy87jLTY7CFiaP8haxk2shDQqx3ef6wQ) at epoch 0, sequence 112, previous digest Some(CheckpointDigest(7ofrwxBpb1hh2R9uxUs8jjdizi8BSkTVqcPx3Xj5Ez2W)), transactions count 1, content digest CheckpointContentsDigest(9iFjT8iGoabjQeTYqpW6hqVHWKkZ5gCh6kfzdbtRQ69q), end_of_epoch_data None
[2m2025-03-25T07:54:29.735793Z[0m [32m INFO[0m [1mnode[0m[1m{[0m[3mname[0m[2m=[0mk#addeef94..[1m}[0m[2m:[0m [2msui_core::checkpoints::checkpoint_executor[0m[2m:[0m [2mcrates/sui-core/src/checkpoints/checkpoint_executor/mod.rs[0m[2m:[0m[2m332:[0m Received checkpoint summary from state sync [3msequence_number[0m[2m=[0m110
[2m2025-03-25T07:54:29.735919Z[0m [32m INFO[0m [1mnode[0m[1m{[0m[3mname[0m[2m=[0mk#addeef94..[1m}[0m[2m:[0m [2msui_core::checkpoints::checkpoint_executor[0m[2m:[0m [2mcrates/sui-core/src/checkpoints/checkpoint_executor/mod.rs[0m[2m:[0m[2m332:[0m Received checkpoint summary from state sync [3msequence_number[0m[2m=[0m111
[2m2025-03-25T07:54:29.736090Z[0m [32m INFO[0m [1mnode[0m[1m{[0m[3mname[0m[2m=[0mk#99f25ef6..[1m}[0m[2m:[0m [2msui_core::checkpoints[0m[2m:[0m [2mcrates/sui-core/src/checkpoints/mod.rs[0m[2m:[0m[2m1326:[0m Creating checkpoint(s) for 1 transactions [3mnext_checkpoint_seq[0m[2m=[0m112 [3mcheckpoint_timestamp[0m[2m=[0m1742889269017
[2m2025-03-25T07:54:29.736273Z[0m [32m INFO[0m [1mnode[0m[1m{[0m[3mname[0m[2m=[0mk#99f25ef6..[1m}[0m[2m:[0m [2msui_core::checkpoints::checkpoint_output[0m[2m:[0m [2mcrates/sui-core/src/checkpoints/checkpoint_output.rs[0m[2m:[0m[2m149:[0m Creating checkpoint CheckpointDigest(9M8zjKtg6sQrFy87jLTY7CFiaP8haxk2shDQqx3ef6wQ) at epoch 0, sequence 112, previous digest Some(CheckpointDigest(7ofrwxBpb1hh2R9uxUs8jjdizi8BSkTVqcPx3Xj5Ez2W)), transactions count 1, content digest CheckpointContentsDigest(9iFjT8iGoabjQeTYqpW6hqVHWKkZ5gCh6kfzdbtRQ69q), end_of_epoch_data None
[2m2025-03-25T07:54:29.737178Z[0m [32m INFO[0m [1mnode[0m[1m{[0m[3mname[0m[2m=[0mk#addeef94..[1m}[0m[2m:[0m [2msui_core::state_accumulator[0m[2m:[0m [2mcrates/sui-core/src/state_accumulator.rs[0m[2m:[0m[2m675:[0m accumulating running root for checkpoint 110
[2m2025-03-25T07:54:29.737620Z[0m [32m INFO[0m [1mnode[0m[1m{[0m[3mname[0m[2m=[0mk#addeef94..[1m}[0m[2m:[0m [2msui_core::state_accumulator[0m[2m:[0m [2mcrates/sui-core/src/state_accumulator.rs[0m[2m:[0m[2m675:[0m accumulating running root for checkpoint 111
[2m2025-03-25T07:54:29.739580Z[0m [32m INFO[0m [1mnode[0m[1m{[0m[3mname[0m[2m=[0mk#8dcff6d1..[1m}[0m[2m:[0m [2msui_core::checkpoints[0m[2m:[0m [2mcrates/sui-core/src/checkpoints/mod.rs[0m[2m:[0m[2m1326:[0m Creating checkpoint(s) for 1 transactions [3mnext_checkpoint_seq[0m[2m=[0m112 [3mcheckpoint_timestamp[0m[2m=[0m1742889269017
[2m2025-03-25T07:54:29.739762Z[0m [32m INFO[0m [1mnode[0m[1m{[0m[3mname[0m[2m=[0mk#8dcff6d1..[1m}[0m[2m:[0m [2msui_core::checkpoints::checkpoint_output[0m[2m:[0m [2mcrates/sui-core/src/checkpoints/checkpoint_output.rs[0m[2m:[0m[2m149:[0m Creating checkpoint CheckpointDigest(9M8zjKtg6sQrFy87jLTY7CFiaP8haxk2shDQqx3ef6wQ) at epoch 0, sequence 112, previous digest Some(CheckpointDigest(7ofrwxBpb1hh2R9uxUs8jjdizi8BSkTVqcPx3Xj5Ez2W)), transactions count 1, content digest CheckpointContentsDigest(9iFjT8iGoabjQeTYqpW6hqVHWKkZ5gCh6kfzdbtRQ69q), end_of_epoch_data None
[2m2025-03-25T07:54:29.740785Z[0m [32m INFO[0m [1mnode[0m[1m{[0m[3mname[0m[2m=[0mk#99f25ef6..[1m}[0m[2m:[0m [2msui_core::checkpoints::checkpoint_output[0m[2m:[0m [2mcrates/sui-core/src/checkpoints/checkpoint_output.rs[0m[2m:[0m[2m196:[0m Certified checkpoint with sequence 110 and digest 8ti8UUU1siYawMADVz9LNkhV3QyGf1ycLub4quVu34HY
[2m2025-03-25T07:54:29.740806Z[0m [32m INFO[0m [1mnode[0m[1m{[0m[3mname[0m[2m=[0mk#99f25ef6..[1m}[0m[2m:[0m [2msui_core::checkpoints::checkpoint_output[0m[2m:[0m [2mcrates/sui-core/src/checkpoints/checkpoint_output.rs[0m[2m:[0m[2m196:[0m Certified checkpoint with sequence 111 and digest 7ofrwxBpb1hh2R9uxUs8jjdizi8BSkTVqcPx3Xj5Ez2W
[2m2025-03-25T07:54:29.742418Z[0m [32m INFO[0m [1mnode[0m[1m{[0m[3mname[0m[2m=[0mk#99f25ef6..[1m}[0m[2m:[0m [2msui_core::checkpoints::checkpoint_executor[0m[2m:[0m [2mcrates/sui-core/src/checkpoints/checkpoint_executor/mod.rs[0m[2m:[0m[2m332:[0m Received checkpoint summary from state sync [3msequence_number[0m[2m=[0m110
[2m2025-03-25T07:54:29.742542Z[0m [32m INFO[0m [1mnode[0m[1m{[0m[3mname[0m[2m=[0mk#99f25ef6..[1m}[0m[2m:[0m [2msui_core::checkpoints::checkpoint_executor[0m[2m:[0m [2mcrates/sui-core/src/checkpoints/checkpoint_executor/mod.rs[0m[2m:[0m[2m332:[0m Received checkpoint summary from state sync [3msequence_number[0m[2m=[0m111
[2m2025-03-25T07:54:29.744159Z[0m [32m INFO[0m [1mnode[0m[1m{[0m[3mname[0m[2m=[0mk#99f25ef6..[1m}[0m[2m:[0m [2msui_core::state_accumulator[0m[2m:[0m [2mcrates/sui-core/src/state_accumulator.rs[0m[2m:[0m[2m675:[0m accumulating running root for checkpoint 110
[2m2025-03-25T07:54:29.744606Z[0m [32m INFO[0m [1mnode[0m[1m{[0m[3mname[0m[2m=[0mk#99f25ef6..[1m}[0m[2m:[0m [2msui_core::state_accumulator[0m[2m:[0m [2mcrates/sui-core/src/state_accumulator.rs[0m[2m:[0m[2m675:[0m accumulating running root for checkpoint 111
[2m2025-03-25T07:54:29.792865Z[0m [32m INFO[0m [1mnode[0m[1m{[0m[3mname[0m[2m=[0mk#b3f3cbb4..[1m}[0m[2m:[0m [2msui_core::state_accumulator[0m[2m:[0m [2mcrates/sui-core/src/state_accumulator.rs[0m[2m:[0m[2m675:[0m accumulating running root for checkpoint 50
[2m2025-03-25T07:54:29.793336Z[0m [32m INFO[0m [1mnode[0m[1m{[0m[3mname[0m[2m=[0mk#b3f3cbb4..[1m}[0m[2m:[0m [2msui_core::state_accumulator[0m[2m:[0m [2mcrates/sui-core/src/state_accumulator.rs[0m[2m:[0m[2m675:[0m accumulating running root for checkpoint 51
[2m2025-03-25T07:54:29.798912Z[0m [32m INFO[0m [1mnode[0m[1m{[0m[3mname[0m[2m=[0mk#99f25ef6..[1m}[0m[2m:[0m [2mconsensus_core::commit_syncer[0m[2m:[0m [2mconsensus/core/src/commit_syncer.rs[0m[2m:[0m[2m196:[0m Checking to schedule fetches: synced_commit_index=60, highest_handled_index=60, highest_scheduled_index=0, quorum_commit_index=59, unhandled_commits_threshold=3200
[2m2025-03-25T07:54:29.840598Z[0m [32m INFO[0m [1mnode[0m[1m{[0m[3mname[0m[2m=[0mk#addeef94..[1m}[0m[2m:[0m [2msui_core::checkpoints[0m[2m:[0m [2mcrates/sui-core/src/checkpoints/mod.rs[0m[2m:[0m[2m1326:[0m Creating checkpoint(s) for 1 transactions [3mnext_checkpoint_seq[0m[2m=[0m113 [3mcheckpoint_timestamp[0m[2m=[0m1742889269017
[2m2025-03-25T07:54:29.840862Z[0m [32m INFO[0m [1mnode[0m[1m{[0m[3mname[0m[2m=[0mk#addeef94..[1m}[0m[2m:[0m [2msui_core::checkpoints::checkpoint_output[0m[2m:[0m [2mcrates/sui-core/src/checkpoints/checkpoint_output.rs[0m[2m:[0m[2m149:[0m Creating checkpoint CheckpointDigest(HwPJnrx9kroHrSywkEcBwvTSj8PW5j4FFgMuP3Z4vj4x) at epoch 0, sequence 113, previous digest Some(CheckpointDigest(9M8zjKtg6sQrFy87jLTY7CFiaP8haxk2shDQqx3ef6wQ)), transactions count 1, content digest CheckpointContentsDigest(GFxZUphihq5U38mt9avwQQhsnENAWZsudxhJ4BaGsXkd), end_of_epoch_data None
[2m2025-03-25T07:54:29.848838Z[0m [32m INFO[0m [1mnode[0m[1m{[0m[3mname[0m[2m=[0mk#8dcff6d1..[1m}[0m[2m:[0m [2msui_core::checkpoints[0m[2m:[0m [2mcrates/sui-core/src/checkpoints/mod.rs[0m[2m:[0m[2m1326:[0m Creating checkpoint(s) for 1 transactions [3mnext_checkpoint_seq[0m[2m=[0m113 [3mcheckpoint_timestamp[0m[2m=[0m1742889269017
[2m2025-03-25T07:54:29.849602Z[0m [32m INFO[0m [1mnode[0m[1m{[0m[3mname[0m[2m=[0mk#8dcff6d1..[1m}[0m[2m:[0m [2msui_core::checkpoints::checkpoint_output[0m[2m:[0m [2mcrates/sui-core/src/checkpoints/checkpoint_output.rs[0m[2m:[0m[2m149:[0m Creating checkpoint CheckpointDigest(HwPJnrx9kroHrSywkEcBwvTSj8PW5j4FFgMuP3Z4vj4x) at epoch 0, sequence 113, previous digest Some(CheckpointDigest(9M8zjKtg6sQrFy87jLTY7CFiaP8haxk2shDQqx3ef6wQ)), transactions count 1, content digest CheckpointContentsDigest(GFxZUphihq5U38mt9avwQQhsnENAWZsudxhJ4BaGsXkd), end_of_epoch_data None
[2m2025-03-25T07:54:29.857395Z[0m [32m INFO[0m [1mnode[0m[1m{[0m[3mname[0m[2m=[0mk#99f25ef6..[1m}[0m[2m:[0m [2msui_core::checkpoints[0m[2m:[0m [2mcrates/sui-core/src/checkpoints/mod.rs[0m[2m:[0m[2m1326:[0m Creating checkpoint(s) for 1 transactions [3mnext_checkpoint_seq[0m[2m=[0m113 [3mcheckpoint_timestamp[0m[2m=[0m1742889269017
[2m2025-03-25T07:54:29.857719Z[0m [32m INFO[0m [1mnode[0m[1m{[0m[3mname[0m[2m=[0mk#99f25ef6..[1m}[0m[2m:[0m [2msui_core::checkpoints::checkpoint_output[0m[2m:[0m [2mcrates/sui-core/src/checkpoints/checkpoint_output.rs[0m[2m:[0m[2m149:[0m Creating checkpoint CheckpointDigest(HwPJnrx9kroHrSywkEcBwvTSj8PW5j4FFgMuP3Z4vj4x) at epoch 0, sequence 113, previous digest Some(CheckpointDigest(9M8zjKtg6sQrFy87jLTY7CFiaP8haxk2shDQqx3ef6wQ)), transactions count 1, content digest CheckpointContentsDigest(GFxZUphihq5U38mt9avwQQhsnENAWZsudxhJ4BaGsXkd), end_of_epoch_data None
[2m2025-03-25T07:54:29.891179Z[0m [32m INFO[0m [1mnode[0m[1m{[0m[3mname[0m[2m=[0mk#b3f3cbb4..[1m}[0m[2m:[0m [2msui_core::state_accumulator[0m[2m:[0m [2mcrates/sui-core/src/state_accumulator.rs[0m[2m:[0m[2m675:[0m accumulating running root for checkpoint 52
[2m2025-03-25T07:54:29.891732Z[0m [32m INFO[0m [1mnode[0m[1m{[0m[3mname[0m[2m=[0mk#b3f3cbb4..[1m}[0m[2m:[0m [2msui_core::state_accumulator[0m[2m:[0m [2mcrates/sui-core/src/state_accumulator.rs[0m[2m:[0m[2m675:[0m accumulating running root for checkpoint 53
[2m2025-03-25T07:54:29.891929Z[0m [32m INFO[0m [1mnode[0m[1m{[0m[3mname[0m[2m=[0mk#b3f3cbb4..[1m}[0m[2m:[0m [2msui_core::checkpoints::checkpoint_executor[0m[2m:[0m [2mcrates/sui-core/src/checkpoints/checkpoint_executor/mod.rs[0m[2m:[0m[2m332:[0m Received checkpoint summary from state sync [3msequence_number[0m[2m=[0m106
[2m2025-03-25T07:54:29.891974Z[0m [32m INFO[0m [1mnode[0m[1m{[0m[3mname[0m[2m=[0mk#b3f3cbb4..[1m}[0m[2m:[0m [2msui_core::checkpoints::checkpoint_executor[0m[2m:[0m [2mcrates/sui-core/src/checkpoints/checkpoint_executor/mod.rs[0m[2m:[0m[2m332:[0m Received checkpoint summary from state sync [3msequence_number[0m[2m=[0m107
[2m2025-03-25T07:54:29.895274Z[0m [32m INFO[0m [1mnode[0m[1m{[0m[3mname[0m[2m=[0mk#addeef94..[1m}[0m[2m:[0m [2mconsensus_core::core[0m[2m:[0m [2mconsensus/core/src/core.rs[0m[2m:[0m[2m531:[0m Created block B64(C,Qy6he1CkM5Iy/9IueuhnTVl6b6YZ6SRdCW6gHRqEHJs=)(1742889269894ms;[B63(C,YzR0cibNMoO+VPdt+LyR0y2r2ZqV7f124DhHHh649Co=), B63(A,GgtdKtzw1WYGZ12HPTIlrCF+Af7RxAABatEDEIq9qzA=), B63(B,9If7iEBFaxzScsL0Pkz7trXQPyxJFM3ct1uSMutDKSY=)];2t;1c) for round 64
[2m2025-03-25T07:54:29.898008Z[0m [32m INFO[0m [1mnode[0m[1m{[0m[3mname[0m[2m=[0mk#99f25ef6..[1m}[0m[2m:[0m [2mconsensus_core::core[0m[2m:[0m [2mconsensus/core/src/core.rs[0m[2m:[0m[2m531:[0m Created block B64(B,bkFRqMfohALj+ImDFEO5fQtVCR8d3ep+APGh6MT+auE=)(1742889269897ms;[B63(B,9If7iEBFaxzScsL0Pkz7trXQPyxJFM3ct1uSMutDKSY=), B63(A,GgtdKtzw1WYGZ12HPTIlrCF+Af7RxAABatEDEIq9qzA=), B63(C,YzR0cibNMoO+VPdt+LyR0y2r2ZqV7f124DhHHh649Co=)];2t;1c) for round 64
[2m2025-03-25T07:54:29.898092Z[0m [32m INFO[0m [1mnode[0m[1m{[0m[3mname[0m[2m=[0mk#99f25ef6..[1m}[0m[2m:[0m [2mconsensus_core::core[0m[2m:[0m [2mconsensus/core/src/core.rs[0m[2m:[0m[2m630:[0m Committing 1 leaders: B62(A,m8TM)
[2m2025-03-25T07:54:29.898162Z[0m [32m INFO[0m [1mnode[0m[1m{[0m[3mname[0m[2m=[0mk#99f25ef6..[1m}[0m[2m:[0m [2mconsensus_core::commit_observer[0m[2m:[0m [2mconsensus/core/src/commit_observer.rs[0m[2m:[0m[2m173:[0m Consensus commit C61(ArvQ) with leader B62(A,m8TM) has 3 blocks
[2m2025-03-25T07:54:29.898250Z[0m [32m INFO[0m [1mnode[0m[1m{[0m[3mname[0m[2m=[0mk#99f25ef6..[1m}[0m[2m:[0m [2msui_core::consensus_handler[0m[2m:[0m [2mcrates/sui-core/src/consensus_handler.rs[0m[2m:[0m[2m232:[0m Received consensus output [3mconsensus_commit[0m[2m=[0mCommittedSubDag(leader=B62(A,m8TM), ref=C61(ArvQ), blocks=[t4+i, gESy, m8TM]) [3mepoch[0m[2m=[0m0
[2m2025-03-25T07:54:29.899127Z[0m [32m INFO[0m [1mnode[0m[1m{[0m[3mname[0m[2m=[0mk#8dcff6d1..[1m}[0m[2m:[0m [2mconsensus_core::core[0m[2m:[0m [2mconsensus/core/src/core.rs[0m[2m:[0m[2m531:[0m Created block B64(A,oAe9tx+T/p6yaodJzj5ZaMw2WKIgakOlJS1ElgPaCOs=)(1742889269898ms;[B63(A,GgtdKtzw1WYGZ12HPTIlrCF+Af7RxAABatEDEIq9qzA=), B63(B,9If7iEBFaxzScsL0Pkz7trXQPyxJFM3ct1uSMutDKSY=), B63(C,YzR0cibNMoO+VPdt+LyR0y2r2ZqV7f124DhHHh649Co=)];2t;1c) for round 64
[2m2025-03-25T07:54:29.899207Z[0m [32m INFO[0m [1mnode[0m[1m{[0m[3mname[0m[2m=[0mk#8dcff6d1..[1m}[0m[2m:[0m [2mconsensus_core::core[0m[2m:[0m [2mconsensus/core/src/core.rs[0m[2m:[0m[2m630:[0m Committing 1 leaders: B62(A,m8TM)
[2m2025-03-25T07:54:29.899274Z[0m [32m INFO[0m [1mnode[0m[1m{[0m[3mname[0m[2m=[0mk#8dcff6d1..[1m}[0m[2m:[0m [2mconsensus_core::commit_observer[0m[2m:[0m [2mconsensus/core/src/commit_observer.rs[0m[2m:[0m[2m173:[0m Consensus commit C61(ArvQ) with leader B62(A,m8TM) has 3 blocks
[2m2025-03-25T07:54:29.899363Z[0m [32m INFO[0m [1mnode[0m[1m{[0m[3mname[0m[2m=[0mk#8dcff6d1..[1m}[0m[2m:[0m [2msui_core::consensus_handler[0m[2m:[0m [2mcrates/sui-core/src/consensus_handler.rs[0m[2m:[0m[2m232:[0m Received consensus output [3mconsensus_commit[0m[2m=[0mCommittedSubDag(leader=B62(A,m8TM), ref=C61(ArvQ), blocks=[t4+i, gESy, m8TM]) [3mepoch[0m[2m=[0m0
[2m2025-03-25T07:54:29.904714Z[0m [32m INFO[0m [1mnode[0m[1m{[0m[3mname[0m[2m=[0mk#addeef94..[1m}[0m[2m:[0m [2mconsensus_core::core[0m[2m:[0m [2mconsensus/core/src/core.rs[0m[2m:[0m[2m630:[0m Committing 1 leaders: B62(A,m8TM)
[2m2025-03-25T07:54:29.904959Z[0m [32m INFO[0m [1mnode[0m[1m{[0m[3mname[0m[2m=[0mk#addeef94..[1m}[0m[2m:[0m [2mconsensus_core::commit_observer[0m[2m:[0m [2mconsensus/core/src/commit_observer.rs[0m[2m:[0m[2m173:[0m Consensus commit C61(ArvQ) with leader B62(A,m8TM) has 3 blocks
[2m2025-03-25T07:54:29.905140Z[0m [32m INFO[0m [1mnode[0m[1m{[0m[3mname[0m[2m=[0mk#addeef94..[1m}[0m[2m:[0m [2msui_core::consensus_handler[0m[2m:[0m [2mcrates/sui-core/src/consensus_handler.rs[0m[2m:[0m[2m232:[0m Received consensus output [3mconsensus_commit[0m[2m=[0mCommittedSubDag(leader=B62(A,m8TM), ref=C61(ArvQ), blocks=[t4+i, gESy, m8TM]) [3mepoch[0m[2m=[0m0
[2m2025-03-25T07:54:29.996204Z[0m [32m INFO[0m [1mnode[0m[1m{[0m[3mname[0m[2m=[0mk#99f25ef6..[1m}[0m[2m:[0m [2msui_core::checkpoints[0m[2m:[0m [2mcrates/sui-core/src/checkpoints/mod.rs[0m[2m:[0m[2m1326:[0m Creating checkpoint(s) for 2 transactions [3mnext_checkpoint_seq[0m[2m=[0m114 [3mcheckpoint_timestamp[0m[2m=[0m1742889269362
[2m2025-03-25T07:54:29.996749Z[0m [32m INFO[0m [1mnode[0m[1m{[0m[3mname[0m[2m=[0mk#99f25ef6..[1m}[0m[2m:[0m [2msui_core::checkpoints::checkpoint_output[0m[2m:[0m [2mcrates/sui-core/src/checkpoints/checkpoint_output.rs[0m[2m:[0m[2m149:[0m Creating checkpoint CheckpointDigest(HiZmVmUQMVZ9hsbmra2Vh4qmii4TZ5JBcbZSd4yARUzM) at epoch 0, sequence 114, previous digest Some(CheckpointDigest(HwPJnrx9kroHrSywkEcBwvTSj8PW5j4FFgMuP3Z4vj4x)), transactions count 2, content digest CheckpointContentsDigest(Y4bL7yZdbx4Yn8cTEVsqPi9KvCePtMuutPhZMqXNtnm), end_of_epoch_data None
[2m2025-03-25T07:54:29.997876Z[0m [32m INFO[0m [1mnode[0m[1m{[0m[3mname[0m[2m=[0mk#addeef94..[1m}[0m[2m:[0m [2msui_core::checkpoints[0m[2m:[0m [2mcrates/sui-core/src/checkpoints/mod.rs[0m[2m:[0m[2m1326:[0m Creating checkpoint(s) for 2 transactions [3mnext_checkpoint_seq[0m[2m=[0m114 [3mcheckpoint_timestamp[0m[2m=[0m1742889269362
[2m2025-03-25T07:54:29.998305Z[0m [32m INFO[0m [1mnode[0m[1m{[0m[3mname[0m[2m=[0mk#addeef94..[1m}[0m[2m:[0m [2msui_core::checkpoints::checkpoint_output[0m[2m:[0m [2mcrates/sui-core/src/checkpoints/checkpoint_output.rs[0m[2m:[0m[2m149:[0m Creating checkpoint CheckpointDigest(HiZmVmUQMVZ9hsbmra2Vh4qmii4TZ5JBcbZSd4yARUzM) at epoch 0, sequence 114, previous digest Some(CheckpointDigest(HwPJnrx9kroHrSywkEcBwvTSj8PW5j4FFgMuP3Z4vj4x)), transactions count 2, content digest CheckpointContentsDigest(Y4bL7yZdbx4Yn8cTEVsqPi9KvCePtMuutPhZMqXNtnm), end_of_epoch_data None
[2m2025-03-25T07:54:30.000151Z[0m [32m INFO[0m [1mnode[0m[1m{[0m[3mname[0m[2m=[0mk#8dcff6d1..[1m}[0m[2m:[0m [2msui_core::checkpoints[0m[2m:[0m [2mcrates/sui-core/src/checkpoints/mod.rs[0m[2m:[0m[2m1326:[0m Creating checkpoint(s) for 2 transactions [3mnext_checkpoint_seq[0m[2m=[0m114 [3mcheckpoint_timestamp[0m[2m=[0m1742889269362
[2m2025-03-25T07:54:30.000598Z[0m [32m INFO[0m [1mnode[0m[1m{[0m[3mname[0m[2m=[0mk#8dcff6d1..[1m}[0m[2m:[0m [2msui_core::checkpoints::checkpoint_output[0m[2m:[0m [2mcrates/sui-core/src/checkpoints/checkpoint_output.rs[0m[2m:[0m[2m149:[0m Creating checkpoint CheckpointDigest(HiZmVmUQMVZ9hsbmra2Vh4qmii4TZ5JBcbZSd4yARUzM) at epoch 0, sequence 114, previous digest Some(CheckpointDigest(HwPJnrx9kroHrSywkEcBwvTSj8PW5j4FFgMuP3Z4vj4x)), transactions count 2, content digest CheckpointContentsDigest(Y4bL7yZdbx4Yn8cTEVsqPi9KvCePtMuutPhZMqXNtnm), end_of_epoch_data None
[2m2025-03-25T07:54:30.001789Z[0m [32m INFO[0m [1mnode[0m[1m{[0m[3mname[0m[2m=[0mk#99f25ef6..[1m}[0m[2m:[0m [2msui_core::checkpoints::checkpoint_output[0m[2m:[0m [2mcrates/sui-core/src/checkpoints/checkpoint_output.rs[0m[2m:[0m[2m196:[0m Certified checkpoint with sequence 112 and digest 9M8zjKtg6sQrFy87jLTY7CFiaP8haxk2shDQqx3ef6wQ
[2m2025-03-25T07:54:30.001814Z[0m [32m INFO[0m [1mnode[0m[1m{[0m[3mname[0m[2m=[0mk#99f25ef6..[1m}[0m[2m:[0m [2msui_core::checkpoints::checkpoint_output[0m[2m:[0m [2mcrates/sui-core/src/checkpoints/checkpoint_output.rs[0m[2m:[0m[2m196:[0m Certified checkpoint with sequence 113 and digest HwPJnrx9kroHrSywkEcBwvTSj8PW5j4FFgMuP3Z4vj4x
[2m2025-03-25T07:54:30.002771Z[0m [32m INFO[0m [1mnode[0m[1m{[0m[3mname[0m[2m=[0mk#99f25ef6..[1m}[0m[2m:[0m [2msui_core::checkpoints::checkpoint_executor[0m[2m:[0m [2mcrates/sui-core/src/checkpoints/checkpoint_executor/mod.rs[0m[2m:[0m[2m332:[0m Received checkpoint summary from state sync [3msequence_number[0m[2m=[0m112
[2m2025-03-25T07:54:30.002913Z[0m [32m INFO[0m [1mnode[0m[1m{[0m[3mname[0m[2m=[0mk#99f25ef6..[1m}[0m[2m:[0m [2msui_core::checkpoints::checkpoint_executor[0m[2m:[0m [2mcrates/sui-core/src/checkpoints/checkpoint_executor/mod.rs[0m[2m:[0m[2m332:[0m Received checkpoint summary from state sync [3msequence_number[0m[2m=[0m113
[2m2025-03-25T07:54:30.005085Z[0m [32m INFO[0m [1mnode[0m[1m{[0m[3mname[0m[2m=[0mk#99f25ef6..[1m}[0m[2m:[0m [2msui_core::state_accumulator[0m[2m:[0m [2mcrates/sui-core/src/state_accumulator.rs[0m[2m:[0m[2m675:[0m accumulating running root for checkpoint 112
[2m2025-03-25T07:54:30.005282Z[0m [32m INFO[0m [1mnode[0m[1m{[0m[3mname[0m[2m=[0mk#8dcff6d1..[1m}[0m[2m:[0m [2msui_core::checkpoints::checkpoint_output[0m[2m:[0m [2mcrates/sui-core/src/checkpoints/checkpoint_output.rs[0m[2m:[0m[2m196:[0m Certified checkpoint with sequence 112 and digest 9M8zjKtg6sQrFy87jLTY7CFiaP8haxk2shDQqx3ef6wQ
[2m2025-03-25T07:54:30.005306Z[0m [32m INFO[0m [1mnode[0m[1m{[0m[3mname[0m[2m=[0mk#8dcff6d1..[1m}[0m[2m:[0m [2msui_core::checkpoints::checkpoint_output[0m[2m:[0m [2mcrates/sui-core/src/checkpoints/checkpoint_output.rs[0m[2m:[0m[2m196:[0m Certified checkpoint with sequence 113 and digest HwPJnrx9kroHrSywkEcBwvTSj8PW5j4FFgMuP3Z4vj4x
[2m2025-03-25T07:54:30.005555Z[0m [32m INFO[0m [1mnode[0m[1m{[0m[3mname[0m[2m=[0mk#99f25ef6..[1m}[0m[2m:[0m [2msui_core::state_accumulator[0m[2m:[0m [2mcrates/sui-core/src/state_accumulator.rs[0m[2m:[0m[2m675:[0m accumulating running root for checkpoint 113
[2m2025-03-25T07:54:30.006183Z[0m [32m INFO[0m [1mnode[0m[1m{[0m[3mname[0m[2m=[0mk#8dcff6d1..[1m}[0m[2m:[0m [2msui_core::checkpoints::checkpoint_executor[0m[2m:[0m [2mcrates/sui-core/src/checkpoints/checkpoint_executor/mod.rs[0m[2m:[0m[2m332:[0m Received checkpoint summary from state sync [3msequence_number[0m[2m=[0m112
[2m2025-03-25T07:54:30.006306Z[0m [32m INFO[0m [1mnode[0m[1m{[0m[3mname[0m[2m=[0mk#8dcff6d1..[1m}[0m[2m:[0m [2msui_core::checkpoints::checkpoint_executor[0m[2m:[0m [2mcrates/sui-core/src/checkpoints/checkpoint_executor/mod.rs[0m[2m:[0m[2m332:[0m Received checkpoint summary from state sync [3msequence_number[0m[2m=[0m113
[2m2025-03-25T07:54:30.008367Z[0m [32m INFO[0m [1mnode[0m[1m{[0m[3mname[0m[2m=[0mk#8dcff6d1..[1m}[0m[2m:[0m [2msui_core::state_accumulator[0m[2m:[0m [2mcrates/sui-core/src/state_accumulator.rs[0m[2m:[0m[2m675:[0m accumulating running root for checkpoint 112
[2m2025-03-25T07:54:30.008809Z[0m [32m INFO[0m [1mnode[0m[1m{[0m[3mname[0m[2m=[0mk#8dcff6d1..[1m}[0m[2m:[0m [2msui_core::state_accumulator[0m[2m:[0m [2mcrates/sui-core/src/state_accumulator.rs[0m[2m:[0m[2m675:[0m accumulating running root for checkpoint 113
[2m2025-03-25T07:54:30.009044Z[0m [32m INFO[0m [1mnode[0m[1m{[0m[3mname[0m[2m=[0mk#b3f3cbb4..[1m}[0m[2m:[0m [2msui_core::state_accumulator[0m[2m:[0m [2mcrates/sui-core/src/state_accumulator.rs[0m[2m:[0m[2m675:[0m accumulating running root for checkpoint 54
[2m2025-03-25T07:54:30.009554Z[0m [32m INFO[0m [1mnode[0m[1m{[0m[3mname[0m[2m=[0mk#b3f3cbb4..[1m}[0m[2m:[0m [2msui_core::state_accumulator[0m[2m:[0m [2mcrates/sui-core/src/state_accumulator.rs[0m[2m:[0m[2m675:[0m accumulating running root for checkpoint 55
[2m2025-03-25T07:54:30.009748Z[0m [32m INFO[0m [1mnode[0m[1m{[0m[3mname[0m[2m=[0mk#b3f3cbb4..[1m}[0m[2m:[0m [2msui_core::checkpoints::checkpoint_executor[0m[2m:[0m [2mcrates/sui-core/src/checkpoints/checkpoint_executor/mod.rs[0m[2m:[0m[2m332:[0m Received checkpoint summary from state sync [3msequence_number[0m[2m=[0m108
[2m2025-03-25T07:54:30.009793Z[0m [32m INFO[0m [1mnode[0m[1m{[0m[3mname[0m[2m=[0mk#b3f3cbb4..[1m}[0m[2m:[0m [2msui_core::checkpoints::checkpoint_executor[0m[2m:[0m [2mcrates/sui-core/src/checkpoints/checkpoint_executor/mod.rs[0m[2m:[0m[2m332:[0m Received checkpoint summary from state sync [3msequence_number[0m[2m=[0m109
[2m2025-03-25T07:54:30.107963Z[0m [32m INFO[0m [1mnode[0m[1m{[0m[3mname[0m[2m=[0mk#b3f3cbb4..[1m}[0m[2m:[0m [2msui_core::state_accumulator[0m[2m:[0m [2mcrates/sui-core/src/state_accumulator.rs[0m[2m:[0m[2m675:[0m accumulating running root for checkpoint 56
[2m2025-03-25T07:54:30.108435Z[0m [32m INFO[0m [1mnode[0m[1m{[0m[3mname[0m[2m=[0mk#b3f3cbb4..[1m}[0m[2m:[0m [2msui_core::state_accumulator[0m[2m:[0m [2mcrates/sui-core/src/state_accumulator.rs[0m[2m:[0m[2m675:[0m accumulating running root for checkpoint 57
[2m2025-03-25T07:54:30.121832Z[0m [32m INFO[0m [1mnode[0m[1m{[0m[3mname[0m[2m=[0mk#99f25ef6..[1m}[0m[2m:[0m [2msui_core::checkpoints[0m[2m:[0m [2mcrates/sui-core/src/checkpoints/mod.rs[0m[2m:[0m[2m1326:[0m Creating checkpoint(s) for 1 transactions [3mnext_checkpoint_seq[0m[2m=[0m115 [3mcheckpoint_timestamp[0m[2m=[0m1742889269362
[2m2025-03-25T07:54:30.122331Z[0m [32m INFO[0m [1mnode[0m[1m{[0m[3mname[0m[2m=[0mk#99f25ef6..[1m}[0m[2m:[0m [2msui_core::checkpoints::checkpoint_output[0m[2m:[0m [2mcrates/sui-core/src/checkpoints/checkpoint_output.rs[0m[2m:[0m[2m149:[0m Creating checkpoint CheckpointDigest(DUPrJWNMnoLJAPzSmdZXnjBHFbrtyctwSBzkeci4WHk9) at epoch 0, sequence 115, previous digest Some(CheckpointDigest(HiZmVmUQMVZ9hsbmra2Vh4qmii4TZ5JBcbZSd4yARUzM)), transactions count 1, content digest CheckpointContentsDigest(Gsacn6wmAcD2dDi61VhZBRPAnndVtdfBbepEjFG9SE14), end_of_epoch_data None
[2m2025-03-25T07:54:30.127202Z[0m [32m INFO[0m [1mnode[0m[1m{[0m[3mname[0m[2m=[0mk#8dcff6d1..[1m}[0m[2m:[0m [2msui_core::checkpoints[0m[2m:[0m [2mcrates/sui-core/src/checkpoints/mod.rs[0m[2m:[0m[2m1326:[0m Creating checkpoint(s) for 1 transactions [3mnext_checkpoint_seq[0m[2m=[0m115 [3mcheckpoint_timestamp[0m[2m=[0m1742889269362
[2m2025-03-25T07:54:30.127419Z[0m [32m INFO[0m [1mnode[0m[1m{[0m[3mname[0m[2m=[0mk#8dcff6d1..[1m}[0m[2m:[0m [2msui_core::checkpoints::checkpoint_output[0m[2m:[0m [2mcrates/sui-core/src/checkpoints/checkpoint_output.rs[0m[2m:[0m[2m149:[0m Creating checkpoint CheckpointDigest(DUPrJWNMnoLJAPzSmdZXnjBHFbrtyctwSBzkeci4WHk9) at epoch 0, sequence 115, previous digest Some(CheckpointDigest(HiZmVmUQMVZ9hsbmra2Vh4qmii4TZ5JBcbZSd4yARUzM)), transactions count 1, content digest CheckpointContentsDigest(Gsacn6wmAcD2dDi61VhZBRPAnndVtdfBbepEjFG9SE14), end_of_epoch_data None
[2m2025-03-25T07:54:30.127871Z[0m [32m INFO[0m [1mnode[0m[1m{[0m[3mname[0m[2m=[0mk#addeef94..[1m}[0m[2m:[0m [2msui_core::checkpoints[0m[2m:[0m [2mcrates/sui-core/src/checkpoints/mod.rs[0m[2m:[0m[2m1326:[0m Creating checkpoint(s) for 1 transactions [3mnext_checkpoint_seq[0m[2m=[0m115 [3mcheckpoint_timestamp[0m[2m=[0m1742889269362
[2m2025-03-25T07:54:30.128053Z[0m [32m INFO[0m [1mnode[0m[1m{[0m[3mname[0m[2m=[0mk#addeef94..[1m}[0m[2m:[0m [2msui_core::checkpoints::checkpoint_output[0m[2m:[0m [2mcrates/sui-core/src/checkpoints/checkpoint_output.rs[0m[2m:[0m[2m149:[0m Creating checkpoint CheckpointDigest(DUPrJWNMnoLJAPzSmdZXnjBHFbrtyctwSBzkeci4WHk9) at epoch 0, sequence 115, previous digest Some(CheckpointDigest(HiZmVmUQMVZ9hsbmra2Vh4qmii4TZ5JBcbZSd4yARUzM)), transactions count 1, content digest CheckpointContentsDigest(Gsacn6wmAcD2dDi61VhZBRPAnndVtdfBbepEjFG9SE14), end_of_epoch_data None
[2m2025-03-25T07:54:30.132314Z[0m [32m INFO[0m [1mnode[0m[1m{[0m[3mname[0m[2m=[0mk#addeef94..[1m}[0m[2m:[0m [2msui_core::checkpoints::checkpoint_executor[0m[2m:[0m [2mcrates/sui-core/src/checkpoints/checkpoint_executor/mod.rs[0m[2m:[0m[2m332:[0m Received checkpoint summary from state sync [3msequence_number[0m[2m=[0m112
[2m2025-03-25T07:54:30.132453Z[0m [32m INFO[0m [1mnode[0m[1m{[0m[3mname[0m[2m=[0mk#addeef94..[1m}[0m[2m:[0m [2msui_core::checkpoints::checkpoint_executor[0m[2m:[0m [2mcrates/sui-core/src/checkpoints/checkpoint_executor/mod.rs[0m[2m:[0m[2m332:[0m Received checkpoint summary from state sync [3msequence_number[0m[2m=[0m113
[2m2025-03-25T07:54:30.134399Z[0m [32m INFO[0m [1mnode[0m[1m{[0m[3mname[0m[2m=[0mk#addeef94..[1m}[0m[2m:[0m [2msui_core::state_accumulator[0m[2m:[0m [2mcrates/sui-core/src/state_accumulator.rs[0m[2m:[0m[2m675:[0m accumulating running root for checkpoint 112
[2m2025-03-25T07:54:30.134844Z[0m [32m INFO[0m [1mnode[0m[1m{[0m[3mname[0m[2m=[0mk#addeef94..[1m}[0m[2m:[0m [2msui_core::state_accumulator[0m[2m:[0m [2mcrates/sui-core/src/state_accumulator.rs[0m[2m:[0m[2m675:[0m accumulating running root for checkpoint 113
[2m2025-03-25T07:54:30.192414Z[0m [32m INFO[0m [1mnode[0m[1m{[0m[3mname[0m[2m=[0mk#99f25ef6..[1m}[0m[2m:[0m [2mconsensus_core::core[0m[2m:[0m [2mconsensus/core/src/core.rs[0m[2m:[0m[2m531:[0m Created block B65(B,tdWRfx8eYKdQVOkNXk9LkT//jTwUFpm4Ji8//FWdtZE=)(1742889270192ms;[B64(B,bkFRqMfohALj+ImDFEO5fQtVCR8d3ep+APGh6MT+auE=), B64(A,oAe9tx+T/p6yaodJzj5ZaMw2WKIgakOlJS1ElgPaCOs=), B64(C,Qy6he1CkM5Iy/9IueuhnTVl6b6YZ6SRdCW6gHRqEHJs=)];2t;1c) for round 65
[2m2025-03-25T07:54:30.192472Z[0m [32m INFO[0m [1mnode[0m[1m{[0m[3mname[0m[2m=[0mk#8dcff6d1..[1m}[0m[2m:[0m [2mconsensus_core::core[0m[2m:[0m [2mconsensus/core/src/core.rs[0m[2m:[0m[2m531:[0m Created block B65(A,ofgkg+k4h4M+LwDhub4dOFhhiqftfO/ysmzEHTQd0xM=)(1742889270192ms;[B64(A,oAe9tx+T/p6yaodJzj5ZaMw2WKIgakOlJS1ElgPaCOs=), B64(B,bkFRqMfohALj+ImDFEO5fQtVCR8d3ep+APGh6MT+auE=), B64(C,Qy6he1CkM5Iy/9IueuhnTVl6b6YZ6SRdCW6gHRqEHJs=)];3t;1c) for round 65
[2m2025-03-25T07:54:30.205028Z[0m [32m INFO[0m [1mnode[0m[1m{[0m[3mname[0m[2m=[0mk#addeef94..[1m}[0m[2m:[0m [2mconsensus_core::commit_syncer[0m[2m:[0m [2mconsensus/core/src/commit_syncer.rs[0m[2m:[0m[2m196:[0m Checking to schedule fetches: synced_commit_index=61, highest_handled_index=61, highest_scheduled_index=0, quorum_commit_index=0, unhandled_commits_threshold=3200
[2m2025-03-25T07:54:30.208809Z[0m [32m INFO[0m [1mnode[0m[1m{[0m[3mname[0m[2m=[0mk#addeef94..[1m}[0m[2m:[0m [2mconsensus_core::core[0m[2m:[0m [2mconsensus/core/src/core.rs[0m[2m:[0m[2m531:[0m Created block B65(C,21uHG1dMfrMOUP4/f9taAyIhFtPdKiB5vuAVo3bbAnE=)(1742889270208ms;[B64(C,Qy6he1CkM5Iy/9IueuhnTVl6b6YZ6SRdCW6gHRqEHJs=), B64(A,oAe9tx+T/p6yaodJzj5ZaMw2WKIgakOlJS1ElgPaCOs=), B64(B,bkFRqMfohALj+ImDFEO5fQtVCR8d3ep+APGh6MT+auE=)];2t;1c) for round 65
[2m2025-03-25T07:54:30.208991Z[0m [32m INFO[0m [1mnode[0m[1m{[0m[3mname[0m[2m=[0mk#addeef94..[1m}[0m[2m:[0m [2mconsensus_core::core[0m[2m:[0m [2mconsensus/core/src/core.rs[0m[2m:[0m[2m630:[0m Committing 1 leaders: B63(B,9If7)
[2m2025-03-25T07:54:30.209079Z[0m [32m INFO[0m [1mnode[0m[1m{[0m[3mname[0m[2m=[0mk#addeef94..[1m}[0m[2m:[0m [2mconsensus_core::commit_observer[0m[2m:[0m [2mconsensus/core/src/commit_observer.rs[0m[2m:[0m[2m173:[0m Consensus commit C62(O6DG) with leader B63(B,9If7) has 3 blocks
[2m2025-03-25T07:54:30.209847Z[0m [32m INFO[0m [1mnode[0m[1m{[0m[3mname[0m[2m=[0mk#addeef94..[1m}[0m[2m:[0m [2msui_core::consensus_handler[0m[2m:[0m [2mcrates/sui-core/src/consensus_handler.rs[0m[2m:[0m[2m232:[0m Received consensus output [3mconsensus_commit[0m[2m=[0mCommittedSubDag(leader=B63(B,9If7), ref=C62(O6DG), blocks=[A/M5, amRG, 9If7]) [3mepoch[0m[2m=[0m0
[2m2025-03-25T07:54:30.216287Z[0m [32m INFO[0m [1mnode[0m[1m{[0m[3mname[0m[2m=[0mk#8dcff6d1..[1m}[0m[2m:[0m [2msui_core::checkpoints::checkpoint_output[0m[2m:[0m [2mcrates/sui-core/src/checkpoints/checkpoint_output.rs[0m[2m:[0m[2m196:[0m Certified checkpoint with sequence 114 and digest HiZmVmUQMVZ9hsbmra2Vh4qmii4TZ5JBcbZSd4yARUzM
[2m2025-03-25T07:54:30.216318Z[0m [32m INFO[0m [1mnode[0m[1m{[0m[3mname[0m[2m=[0mk#8dcff6d1..[1m}[0m[2m:[0m [2msui_core::checkpoints::checkpoint_output[0m[2m:[0m [2mcrates/sui-core/src/checkpoints/checkpoint_output.rs[0m[2m:[0m[2m196:[0m Certified checkpoint with sequence 115 and digest DUPrJWNMnoLJAPzSmdZXnjBHFbrtyctwSBzkeci4WHk9
[2m2025-03-25T07:54:30.216518Z[0m [32m INFO[0m [1mnode[0m[1m{[0m[3mname[0m[2m=[0mk#8dcff6d1..[1m}[0m[2m:[0m [2mconsensus_core::core[0m[2m:[0m [2mconsensus/core/src/core.rs[0m[2m:[0m[2m630:[0m Committing 1 leaders: B63(B,9If7)
[2m2025-03-25T07:54:30.216631Z[0m [32m INFO[0m [1mnode[0m[1m{[0m[3mname[0m[2m=[0mk#8dcff6d1..[1m}[0m[2m:[0m [2mconsensus_core::commit_observer[0m[2m:[0m [2mconsensus/core/src/commit_observer.rs[0m[2m:[0m[2m173:[0m Consensus commit C62(O6DG) with leader B63(B,9If7) has 3 blocks
[2m2025-03-25T07:54:30.217345Z[0m [32m INFO[0m [1mnode[0m[1m{[0m[3mname[0m[2m=[0mk#8dcff6d1..[1m}[0m[2m:[0m [2msui_core::consensus_handler[0m[2m:[0m [2mcrates/sui-core/src/consensus_handler.rs[0m[2m:[0m[2m232:[0m Received consensus output [3mconsensus_commit[0m[2m=[0mCommittedSubDag(leader=B63(B,9If7), ref=C62(O6DG), blocks=[A/M5, amRG, 9If7]) [3mepoch[0m[2m=[0m0
[2m2025-03-25T07:54:30.217441Z[0m [32m INFO[0m [1mnode[0m[1m{[0m[3mname[0m[2m=[0mk#b3f3cbb4..[1m}[0m[2m:[0m [2msui_core::state_accumulator[0m[2m:[0m [2mcrates/sui-core/src/state_accumulator.rs[0m[2m:[0m[2m675:[0m accumulating running root for checkpoint 58
[2m2025-03-25T07:54:30.217894Z[0m [32m INFO[0m [1mnode[0m[1m{[0m[3mname[0m[2m=[0mk#b3f3cbb4..[1m}[0m[2m:[0m [2msui_core::state_accumulator[0m[2m:[0m [2mcrates/sui-core/src/state_accumulator.rs[0m[2m:[0m[2m675:[0m accumulating running root for checkpoint 59
[2m2025-03-25T07:54:30.217876Z[0m [32m INFO[0m [1mnode[0m[1m{[0m[3mname[0m[2m=[0mk#99f25ef6..[1m}[0m[2m:[0m [2msui_core::checkpoints::checkpoint_output[0m[2m:[0m [2mcrates/sui-core/src/checkpoints/checkpoint_output.rs[0m[2m:[0m[2m196:[0m Certified checkpoint with sequence 114 and digest HiZmVmUQMVZ9hsbmra2Vh4qmii4TZ5JBcbZSd4yARUzM
[2m2025-03-25T07:54:30.217954Z[0m [32m INFO[0m [1mnode[0m[1m{[0m[3mname[0m[2m=[0mk#99f25ef6..[1m}[0m[2m:[0m [2msui_core::checkpoints::checkpoint_output[0m[2m:[0m [2mcrates/sui-core/src/checkpoints/checkpoint_output.rs[0m[2m:[0m[2m196:[0m Certified checkpoint with sequence 115 and digest DUPrJWNMnoLJAPzSmdZXnjBHFbrtyctwSBzkeci4WHk9
[2m2025-03-25T07:54:30.218232Z[0m [32m INFO[0m [1mnode[0m[1m{[0m[3mname[0m[2m=[0mk#8dcff6d1..[1m}[0m[2m:[0m [2msui_core::checkpoints::checkpoint_executor[0m[2m:[0m [2mcrates/sui-core/src/checkpoints/checkpoint_executor/mod.rs[0m[2m:[0m[2m332:[0m Received checkpoint summary from state sync [3msequence_number[0m[2m=[0m114
[2m2025-03-25T07:54:30.218361Z[0m [32m INFO[0m [1mnode[0m[1m{[0m[3mname[0m[2m=[0mk#8dcff6d1..[1m}[0m[2m:[0m [2msui_core::checkpoints::checkpoint_executor[0m[2m:[0m [2mcrates/sui-core/src/checkpoints/checkpoint_executor/mod.rs[0m[2m:[0m[2m332:[0m Received checkpoint summary from state sync [3msequence_number[0m[2m=[0m115
[2m2025-03-25T07:54:30.218455Z[0m [32m INFO[0m [1mnode[0m[1m{[0m[3mname[0m[2m=[0mk#99f25ef6..[1m}[0m[2m:[0m [2mconsensus_core::core[0m[2m:[0m [2mconsensus/core/src/core.rs[0m[2m:[0m[2m630:[0m Committing 1 leaders: B63(B,9If7)
[2m2025-03-25T07:54:30.218768Z[0m [32m INFO[0m [1mnode[0m[1m{[0m[3mname[0m[2m=[0mk#99f25ef6..[1m}[0m[2m:[0m [2mconsensus_core::commit_observer[0m[2m:[0m [2mconsensus/core/src/commit_observer.rs[0m[2m:[0m[2m173:[0m Consensus commit C62(O6DG) with leader B63(B,9If7) has 3 blocks
[2m2025-03-25T07:54:30.220058Z[0m [32m INFO[0m [1mnode[0m[1m{[0m[3mname[0m[2m=[0mk#99f25ef6..[1m}[0m[2m:[0m [2msui_core::consensus_handler[0m[2m:[0m [2mcrates/sui-core/src/consensus_handler.rs[0m[2m:[0m[2m232:[0m Received consensus output [3mconsensus_commit[0m[2m=[0mCommittedSubDag(leader=B63(B,9If7), ref=C62(O6DG), blocks=[A/M5, amRG, 9If7]) [3mepoch[0m[2m=[0m0
[2m2025-03-25T07:54:30.221317Z[0m [32m INFO[0m [1mnode[0m[1m{[0m[3mname[0m[2m=[0mk#99f25ef6..[1m}[0m[2m:[0m [2msui_core::checkpoints::checkpoint_executor[0m[2m:[0m [2mcrates/sui-core/src/checkpoints/checkpoint_executor/mod.rs[0m[2m:[0m[2m332:[0m Received checkpoint summary from state sync [3msequence_number[0m[2m=[0m114
[2m2025-03-25T07:54:30.221439Z[0m [32m INFO[0m [1mnode[0m[1m{[0m[3mname[0m[2m=[0mk#99f25ef6..[1m}[0m[2m:[0m [2msui_core::checkpoints::checkpoint_executor[0m[2m:[0m [2mcrates/sui-core/src/checkpoints/checkpoint_executor/mod.rs[0m[2m:[0m[2m332:[0m Received checkpoint summary from state sync [3msequence_number[0m[2m=[0m115
[2m2025-03-25T07:54:30.272210Z[0m [32m INFO[0m [1mnode[0m[1m{[0m[3mname[0m[2m=[0mk#99f25ef6..[1m}[0m[2m:[0m [2msui_core::state_accumulator[0m[2m:[0m [2mcrates/sui-core/src/state_accumulator.rs[0m[2m:[0m[2m675:[0m accumulating running root for checkpoint 114
[2m2025-03-25T07:54:30.272744Z[0m [32m INFO[0m [1mnode[0m[1m{[0m[3mname[0m[2m=[0mk#99f25ef6..[1m}[0m[2m:[0m [2msui_core::state_accumulator[0m[2m:[0m [2mcrates/sui-core/src/state_accumulator.rs[0m[2m:[0m[2m675:[0m accumulating running root for checkpoint 115
[2m2025-03-25T07:54:30.278575Z[0m [32m INFO[0m [1mnode[0m[1m{[0m[3mname[0m[2m=[0mk#8dcff6d1..[1m}[0m[2m:[0m [2msui_core::state_accumulator[0m[2m:[0m [2mcrates/sui-core/src/state_accumulator.rs[0m[2m:[0m[2m675:[0m accumulating running root for checkpoint 114
[2m2025-03-25T07:54:30.279089Z[0m [32m INFO[0m [1mnode[0m[1m{[0m[3mname[0m[2m=[0mk#8dcff6d1..[1m}[0m[2m:[0m [2msui_core::state_accumulator[0m[2m:[0m [2mcrates/sui-core/src/state_accumulator.rs[0m[2m:[0m[2m675:[0m accumulating running root for checkpoint 115
[2m2025-03-25T07:54:30.293055Z[0m [32m INFO[0m [1mnode[0m[1m{[0m[3mname[0m[2m=[0mk#addeef94..[1m}[0m[2m:[0m [2msui_core::checkpoints[0m[2m:[0m [2mcrates/sui-core/src/checkpoints/mod.rs[0m[2m:[0m[2m1326:[0m Creating checkpoint(s) for 1 transactions [3mnext_checkpoint_seq[0m[2m=[0m116 [3mcheckpoint_timestamp[0m[2m=[0m1742889269604
[2m2025-03-25T07:54:30.293357Z[0m [32m INFO[0m [1mnode[0m[1m{[0m[3mname[0m[2m=[0mk#addeef94..[1m}[0m[2m:[0m [2msui_core::checkpoints::checkpoint_output[0m[2m:[0m [2mcrates/sui-core/src/checkpoints/checkpoint_output.rs[0m[2m:[0m[2m149:[0m Creating checkpoint CheckpointDigest(H4pTZvDZUoiY3TgkhxfYq89sDSEuniavUACyZNpLTEtt) at epoch 0, sequence 116, previous digest Some(CheckpointDigest(DUPrJWNMnoLJAPzSmdZXnjBHFbrtyctwSBzkeci4WHk9)), transactions count 1, content digest CheckpointContentsDigest(ibF8YSPmChGCzHPpWE5SgxosQ4GA2xf35guawNY8MpQ), end_of_epoch_data None
[2m2025-03-25T07:54:30.298949Z[0m [32m INFO[0m [1mnode[0m[1m{[0m[3mname[0m[2m=[0mk#addeef94..[1m}[0m[2m:[0m [2msui_core::checkpoints::checkpoint_executor[0m[2m:[0m [2mcrates/sui-core/src/checkpoints/checkpoint_executor/mod.rs[0m[2m:[0m[2m332:[0m Received checkpoint summary from state sync [3msequence_number[0m[2m=[0m114
[2m2025-03-25T07:54:30.299095Z[0m [32m INFO[0m [1mnode[0m[1m{[0m[3mname[0m[2m=[0mk#addeef94..[1m}[0m[2m:[0m [2msui_core::checkpoints::checkpoint_executor[0m[2m:[0m [2mcrates/sui-core/src/checkpoints/checkpoint_executor/mod.rs[0m[2m:[0m[2m332:[0m Received checkpoint summary from state sync [3msequence_number[0m[2m=[0m115
[2m2025-03-25T07:54:30.301199Z[0m [32m INFO[0m [1mnode[0m[1m{[0m[3mname[0m[2m=[0mk#addeef94..[1m}[0m[2m:[0m [2msui_core::state_accumulator[0m[2m:[0m [2mcrates/sui-core/src/state_accumulator.rs[0m[2m:[0m[2m675:[0m accumulating running root for checkpoint 114
[2m2025-03-25T07:54:30.301648Z[0m [32m INFO[0m [1mnode[0m[1m{[0m[3mname[0m[2m=[0mk#addeef94..[1m}[0m[2m:[0m [2msui_core::state_accumulator[0m[2m:[0m [2mcrates/sui-core/src/state_accumulator.rs[0m[2m:[0m[2m675:[0m accumulating running root for checkpoint 115
[2m2025-03-25T07:54:30.325559Z[0m [32m INFO[0m [1mnode[0m[1m{[0m[3mname[0m[2m=[0mk#99f25ef6..[1m}[0m[2m:[0m [2msui_core::checkpoints[0m[2m:[0m [2mcrates/sui-core/src/checkpoints/mod.rs[0m[2m:[0m[2m1326:[0m Creating checkpoint(s) for 1 transactions [3mnext_checkpoint_seq[0m[2m=[0m116 [3mcheckpoint_timestamp[0m[2m=[0m1742889269604
[2m2025-03-25T07:54:30.325812Z[0m [32m INFO[0m [1mnode[0m[1m{[0m[3mname[0m[2m=[0mk#99f25ef6..[1m}[0m[2m:[0m [2msui_core::checkpoints::checkpoint_output[0m[2m:[0m [2mcrates/sui-core/src/checkpoints/checkpoint_output.rs[0m[2m:[0m[2m149:[0m Creating checkpoint CheckpointDigest(H4pTZvDZUoiY3TgkhxfYq89sDSEuniavUACyZNpLTEtt) at epoch 0, sequence 116, previous digest Some(CheckpointDigest(DUPrJWNMnoLJAPzSmdZXnjBHFbrtyctwSBzkeci4WHk9)), transactions count 1, content digest CheckpointContentsDigest(ibF8YSPmChGCzHPpWE5SgxosQ4GA2xf35guawNY8MpQ), end_of_epoch_data None
[2m2025-03-25T07:54:30.326975Z[0m [32m INFO[0m [1mnode[0m[1m{[0m[3mname[0m[2m=[0mk#b3f3cbb4..[1m}[0m[2m:[0m [2msui_core::state_accumulator[0m[2m:[0m [2mcrates/sui-core/src/state_accumulator.rs[0m[2m:[0m[2m675:[0m accumulating running root for checkpoint 60
[2m2025-03-25T07:54:30.327450Z[0m [32m INFO[0m [1mnode[0m[1m{[0m[3mname[0m[2m=[0mk#b3f3cbb4..[1m}[0m[2m:[0m [2msui_core::state_accumulator[0m[2m:[0m [2mcrates/sui-core/src/state_accumulator.rs[0m[2m:[0m[2m675:[0m accumulating running root for checkpoint 61
[2m2025-03-25T07:54:30.329946Z[0m [32m INFO[0m [1mnode[0m[1m{[0m[3mname[0m[2m=[0mk#8dcff6d1..[1m}[0m[2m:[0m [2msui_core::checkpoints[0m[2m:[0m [2mcrates/sui-core/src/checkpoints/mod.rs[0m[2m:[0m[2m1326:[0m Creating checkpoint(s) for 1 transactions [3mnext_checkpoint_seq[0m[2m=[0m116 [3mcheckpoint_timestamp[0m[2m=[0m1742889269604
[2m2025-03-25T07:54:30.330158Z[0m [32m INFO[0m [1mnode[0m[1m{[0m[3mname[0m[2m=[0mk#8dcff6d1..[1m}[0m[2m:[0m [2msui_core::checkpoints::checkpoint_output[0m[2m:[0m [2mcrates/sui-core/src/checkpoints/checkpoint_output.rs[0m[2m:[0m[2m149:[0m Creating checkpoint CheckpointDigest(H4pTZvDZUoiY3TgkhxfYq89sDSEuniavUACyZNpLTEtt) at epoch 0, sequence 116, previous digest Some(CheckpointDigest(DUPrJWNMnoLJAPzSmdZXnjBHFbrtyctwSBzkeci4WHk9)), transactions count 1, content digest CheckpointContentsDigest(ibF8YSPmChGCzHPpWE5SgxosQ4GA2xf35guawNY8MpQ), end_of_epoch_data None
[2m2025-03-25T07:54:30.432565Z[0m [32m INFO[0m [1mnode[0m[1m{[0m[3mname[0m[2m=[0mk#b3f3cbb4..[1m}[0m[2m:[0m [2msui_core::state_accumulator[0m[2m:[0m [2mcrates/sui-core/src/state_accumulator.rs[0m[2m:[0m[2m675:[0m accumulating running root for checkpoint 62
[2m2025-03-25T07:54:30.432867Z[0m [32m INFO[0m [1mnode[0m[1m{[0m[3mname[0m[2m=[0mk#b3f3cbb4..[1m}[0m[2m:[0m [2msui_core::checkpoints::checkpoint_executor[0m[2m:[0m [2mcrates/sui-core/src/checkpoints/checkpoint_executor/mod.rs[0m[2m:[0m[2m332:[0m Received checkpoint summary from state sync [3msequence_number[0m[2m=[0m110
[2m2025-03-25T07:54:30.432910Z[0m [32m INFO[0m [1mnode[0m[1m{[0m[3mname[0m[2m=[0mk#b3f3cbb4..[1m}[0m[2m:[0m [2msui_core::checkpoints::checkpoint_executor[0m[2m:[0m [2mcrates/sui-core/src/checkpoints/checkpoint_executor/mod.rs[0m[2m:[0m[2m332:[0m Received checkpoint summary from state sync [3msequence_number[0m[2m=[0m111
[2m2025-03-25T07:54:30.433176Z[0m [32m INFO[0m [1mnode[0m[1m{[0m[3mname[0m[2m=[0mk#b3f3cbb4..[1m}[0m[2m:[0m [2msui_core::state_accumulator[0m[2m:[0m [2mcrates/sui-core/src/state_accumulator.rs[0m[2m:[0m[2m675:[0m accumulating running root for checkpoint 63
[2m2025-03-25T07:54:30.436091Z[0m [32m INFO[0m [1mnode[0m[1m{[0m[3mname[0m[2m=[0mk#8dcff6d1..[1m}[0m[2m:[0m [2msui_core::checkpoints[0m[2m:[0m [2mcrates/sui-core/src/checkpoints/mod.rs[0m[2m:[0m[2m1326:[0m Creating checkpoint(s) for 1 transactions [3mnext_checkpoint_seq[0m[2m=[0m117 [3mcheckpoint_timestamp[0m[2m=[0m1742889269604
[2m2025-03-25T07:54:30.436330Z[0m [32m INFO[0m [1mnode[0m[1m{[0m[3mname[0m[2m=[0mk#8dcff6d1..[1m}[0m[2m:[0m [2msui_core::checkpoints::checkpoint_output[0m[2m:[0m [2mcrates/sui-core/src/checkpoints/checkpoint_output.rs[0m[2m:[0m[2m149:[0m Creating checkpoint CheckpointDigest(AVnjCoUJRdMz6acbnHk2Jz7AQ84sS8YwJBTXcUmAs6J5) at epoch 0, sequence 117, previous digest Some(CheckpointDigest(H4pTZvDZUoiY3TgkhxfYq89sDSEuniavUACyZNpLTEtt)), transactions count 1, content digest CheckpointContentsDigest(BE1zz4riT42uUiYuoYWe4Jesmnc5ZqfQYNjDHQeuBFce), end_of_epoch_data None
[2m2025-03-25T07:54:30.437639Z[0m [32m INFO[0m [1mnode[0m[1m{[0m[3mname[0m[2m=[0mk#8dcff6d1..[1m}[0m[2m:[0m [2mconsensus_core::commit_syncer[0m[2m:[0m [2mconsensus/core/src/commit_syncer.rs[0m[2m:[0m[2m196:[0m Checking to schedule fetches: synced_commit_index=62, highest_handled_index=62, highest_scheduled_index=0, quorum_commit_index=61, unhandled_commits_threshold=3200
[2m2025-03-25T07:54:30.438609Z[0m [32m INFO[0m [1mnode[0m[1m{[0m[3mname[0m[2m=[0mk#addeef94..[1m}[0m[2m:[0m [2msui_core::checkpoints[0m[2m:[0m [2mcrates/sui-core/src/checkpoints/mod.rs[0m[2m:[0m[2m1326:[0m Creating checkpoint(s) for 1 transactions [3mnext_checkpoint_seq[0m[2m=[0m117 [3mcheckpoint_timestamp[0m[2m=[0m1742889269604
[2m2025-03-25T07:54:30.438804Z[0m [32m INFO[0m [1mnode[0m[1m{[0m[3mname[0m[2m=[0mk#addeef94..[1m}[0m[2m:[0m [2msui_core::checkpoints::checkpoint_output[0m[2m:[0m [2mcrates/sui-core/src/checkpoints/checkpoint_output.rs[0m[2m:[0m[2m149:[0m Creating checkpoint CheckpointDigest(AVnjCoUJRdMz6acbnHk2Jz7AQ84sS8YwJBTXcUmAs6J5) at epoch 0, sequence 117, previous digest Some(CheckpointDigest(H4pTZvDZUoiY3TgkhxfYq89sDSEuniavUACyZNpLTEtt)), transactions count 1, content digest CheckpointContentsDigest(BE1zz4riT42uUiYuoYWe4Jesmnc5ZqfQYNjDHQeuBFce), end_of_epoch_data None
[2m2025-03-25T07:54:30.445481Z[0m [32m INFO[0m [1mnode[0m[1m{[0m[3mname[0m[2m=[0mk#99f25ef6..[1m}[0m[2m:[0m [2msui_core::checkpoints[0m[2m:[0m [2mcrates/sui-core/src/checkpoints/mod.rs[0m[2m:[0m[2m1326:[0m Creating checkpoint(s) for 1 transactions [3mnext_checkpoint_seq[0m[2m=[0m117 [3mcheckpoint_timestamp[0m[2m=[0m1742889269604
[2m2025-03-25T07:54:30.445672Z[0m [32m INFO[0m [1mnode[0m[1m{[0m[3mname[0m[2m=[0mk#99f25ef6..[1m}[0m[2m:[0m [2msui_core::checkpoints::checkpoint_output[0m[2m:[0m [2mcrates/sui-core/src/checkpoints/checkpoint_output.rs[0m[2m:[0m[2m149:[0m Creating checkpoint CheckpointDigest(AVnjCoUJRdMz6acbnHk2Jz7AQ84sS8YwJBTXcUmAs6J5) at epoch 0, sequence 117, previous digest Some(CheckpointDigest(H4pTZvDZUoiY3TgkhxfYq89sDSEuniavUACyZNpLTEtt)), transactions count 1, content digest CheckpointContentsDigest(BE1zz4riT42uUiYuoYWe4Jesmnc5ZqfQYNjDHQeuBFce), end_of_epoch_data None
[2m2025-03-25T07:54:30.462211Z[0m [32m INFO[0m [1mnode[0m[1m{[0m[3mname[0m[2m=[0mk#addeef94..[1m}[0m[2m:[0m [2mconsensus_core::core[0m[2m:[0m [2mconsensus/core/src/core.rs[0m[2m:[0m[2m531:[0m Created block B66(C,SeiRxDiLHG4IYZ32v2zo6sOcjuqChqVMGn4cEb6PTGk=)(1742889270461ms;[B65(C,21uHG1dMfrMOUP4/f9taAyIhFtPdKiB5vuAVo3bbAnE=), B65(A,ofgkg+k4h4M+LwDhub4dOFhhiqftfO/ysmzEHTQd0xM=), B65(B,tdWRfx8eYKdQVOkNXk9LkT//jTwUFpm4Ji8//FWdtZE=)];2t;1c) for round 66
[2m2025-03-25T07:54:30.468188Z[0m [32m INFO[0m [1mnode[0m[1m{[0m[3mname[0m[2m=[0mk#8dcff6d1..[1m}[0m[2m:[0m [2mconsensus_core::core[0m[2m:[0m [2mconsensus/core/src/core.rs[0m[2m:[0m[2m531:[0m Created block B66(A,XojoZ7xDyx2WCJ6cXO6seUNfayioPWVRHojOFgRF8Q0=)(1742889270467ms;[B65(A,ofgkg+k4h4M+LwDhub4dOFhhiqftfO/ysmzEHTQd0xM=), B65(B,tdWRfx8eYKdQVOkNXk9LkT//jTwUFpm4Ji8//FWdtZE=), B65(C,21uHG1dMfrMOUP4/f9taAyIhFtPdKiB5vuAVo3bbAnE=)];2t;1c) for round 66
[2m2025-03-25T07:54:30.468270Z[0m [32m INFO[0m [1mnode[0m[1m{[0m[3mname[0m[2m=[0mk#8dcff6d1..[1m}[0m[2m:[0m [2mconsensus_core::core[0m[2m:[0m [2mconsensus/core/src/core.rs[0m[2m:[0m[2m630:[0m Committing 1 leaders: B64(C,Qy6h)
[2m2025-03-25T07:54:30.468340Z[0m [32m INFO[0m [1mnode[0m[1m{[0m[3mname[0m[2m=[0mk#8dcff6d1..[1m}[0m[2m:[0m [2mconsensus_core::commit_observer[0m[2m:[0m [2mconsensus/core/src/commit_observer.rs[0m[2m:[0m[2m173:[0m Consensus commit C63(6otg) with leader B64(C,Qy6h) has 3 blocks
[2m2025-03-25T07:54:30.468429Z[0m [32m INFO[0m [1mnode[0m[1m{[0m[3mname[0m[2m=[0mk#8dcff6d1..[1m}[0m[2m:[0m [2msui_core::consensus_handler[0m[2m:[0m [2mcrates/sui-core/src/consensus_handler.rs[0m[2m:[0m[2m232:[0m Received consensus output [3mconsensus_commit[0m[2m=[0mCommittedSubDag(leader=B64(C,Qy6h), ref=C63(6otg), blocks=[Ggtd, YzR0, Qy6h]) [3mepoch[0m[2m=[0m0
[2m2025-03-25T07:54:30.471611Z[0m [32m INFO[0m [1mnode[0m[1m{[0m[3mname[0m[2m=[0mk#addeef94..[1m}[0m[2m:[0m [2mconsensus_core::core[0m[2m:[0m [2mconsensus/core/src/core.rs[0m[2m:[0m[2m630:[0m Committing 1 leaders: B64(C,Qy6h)
[2m2025-03-25T07:54:30.471701Z[0m [32m INFO[0m [1mnode[0m[1m{[0m[3mname[0m[2m=[0mk#addeef94..[1m}[0m[2m:[0m [2mconsensus_core::commit_observer[0m[2m:[0m [2mconsensus/core/src/commit_observer.rs[0m[2m:[0m[2m173:[0m Consensus commit C63(6otg) with leader B64(C,Qy6h) has 3 blocks
[2m2025-03-25T07:54:30.471778Z[0m [32m INFO[0m [1mnode[0m[1m{[0m[3mname[0m[2m=[0mk#addeef94..[1m}[0m[2m:[0m [2msui_core::consensus_handler[0m[2m:[0m [2mcrates/sui-core/src/consensus_handler.rs[0m[2m:[0m[2m232:[0m Received consensus output [3mconsensus_commit[0m[2m=[0mCommittedSubDag(leader=B64(C,Qy6h), ref=C63(6otg), blocks=[Ggtd, YzR0, Qy6h]) [3mepoch[0m[2m=[0m0
[2m2025-03-25T07:54:30.473253Z[0m [32m INFO[0m [1mnode[0m[1m{[0m[3mname[0m[2m=[0mk#99f25ef6..[1m}[0m[2m:[0m [2msui_core::checkpoints::checkpoint_output[0m[2m:[0m [2mcrates/sui-core/src/checkpoints/checkpoint_output.rs[0m[2m:[0m[2m196:[0m Certified checkpoint with sequence 116 and digest H4pTZvDZUoiY3TgkhxfYq89sDSEuniavUACyZNpLTEtt
[2m2025-03-25T07:54:30.473278Z[0m [32m INFO[0m [1mnode[0m[1m{[0m[3mname[0m[2m=[0mk#99f25ef6..[1m}[0m[2m:[0m [2msui_core::checkpoints::checkpoint_output[0m[2m:[0m [2mcrates/sui-core/src/checkpoints/checkpoint_output.rs[0m[2m:[0m[2m196:[0m Certified checkpoint with sequence 117 and digest AVnjCoUJRdMz6acbnHk2Jz7AQ84sS8YwJBTXcUmAs6J5
[2m2025-03-25T07:54:30.473435Z[0m [32m INFO[0m [1mnode[0m[1m{[0m[3mname[0m[2m=[0mk#99f25ef6..[1m}[0m[2m:[0m [2mconsensus_core::core[0m[2m:[0m [2mconsensus/core/src/core.rs[0m[2m:[0m[2m630:[0m Committing 1 leaders: B64(C,Qy6h)
[2m2025-03-25T07:54:30.473542Z[0m [32m INFO[0m [1mnode[0m[1m{[0m[3mname[0m[2m=[0mk#99f25ef6..[1m}[0m[2m:[0m [2mconsensus_core::commit_observer[0m[2m:[0m [2mconsensus/core/src/commit_observer.rs[0m[2m:[0m[2m173:[0m Consensus commit C63(6otg) with leader B64(C,Qy6h) has 3 blocks
[2m2025-03-25T07:54:30.474207Z[0m [32m INFO[0m [1mnode[0m[1m{[0m[3mname[0m[2m=[0mk#99f25ef6..[1m}[0m[2m:[0m [2msui_core::consensus_handler[0m[2m:[0m [2mcrates/sui-core/src/consensus_handler.rs[0m[2m:[0m[2m232:[0m Received consensus output [3mconsensus_commit[0m[2m=[0mCommittedSubDag(leader=B64(C,Qy6h), ref=C63(6otg), blocks=[Ggtd, YzR0, Qy6h]) [3mepoch[0m[2m=[0m0
[2m2025-03-25T07:54:30.475173Z[0m [32m INFO[0m [1mnode[0m[1m{[0m[3mname[0m[2m=[0mk#99f25ef6..[1m}[0m[2m:[0m [2msui_core::checkpoints::checkpoint_executor[0m[2m:[0m [2mcrates/sui-core/src/checkpoints/checkpoint_executor/mod.rs[0m[2m:[0m[2m332:[0m Received checkpoint summary from state sync [3msequence_number[0m[2m=[0m116
[2m2025-03-25T07:54:30.475308Z[0m [32m INFO[0m [1mnode[0m[1m{[0m[3mname[0m[2m=[0mk#99f25ef6..[1m}[0m[2m:[0m [2msui_core::checkpoints::checkpoint_executor[0m[2m:[0m [2mcrates/sui-core/src/checkpoints/checkpoint_executor/mod.rs[0m[2m:[0m[2m332:[0m Received checkpoint summary from state sync [3msequence_number[0m[2m=[0m117
[2m2025-03-25T07:54:30.514416Z[0m [32m INFO[0m [1mnode[0m[1m{[0m[3mname[0m[2m=[0mk#99f25ef6..[1m}[0m[2m:[0m [2msui_core::state_accumulator[0m[2m:[0m [2mcrates/sui-core/src/state_accumulator.rs[0m[2m:[0m[2m675:[0m accumulating running root for checkpoint 116
[2m2025-03-25T07:54:30.514916Z[0m [32m INFO[0m [1mnode[0m[1m{[0m[3mname[0m[2m=[0mk#99f25ef6..[1m}[0m[2m:[0m [2msui_core::state_accumulator[0m[2m:[0m [2mcrates/sui-core/src/state_accumulator.rs[0m[2m:[0m[2m675:[0m accumulating running root for checkpoint 117
[2m2025-03-25T07:54:30.530438Z[0m [32m INFO[0m [1mnode[0m[1m{[0m[3mname[0m[2m=[0mk#b3f3cbb4..[1m}[0m[2m:[0m [2msui_core::state_accumulator[0m[2m:[0m [2mcrates/sui-core/src/state_accumulator.rs[0m[2m:[0m[2m675:[0m accumulating running root for checkpoint 64
[2m2025-03-25T07:54:30.530900Z[0m [32m INFO[0m [1mnode[0m[1m{[0m[3mname[0m[2m=[0mk#b3f3cbb4..[1m}[0m[2m:[0m [2msui_core::state_accumulator[0m[2m:[0m [2mcrates/sui-core/src/state_accumulator.rs[0m[2m:[0m[2m675:[0m accumulating running root for checkpoint 65
[2m2025-03-25T07:54:30.573409Z[0m [32m INFO[0m [1mnode[0m[1m{[0m[3mname[0m[2m=[0mk#8dcff6d1..[1m}[0m[2m:[0m [2msui_core::checkpoints[0m[2m:[0m [2mcrates/sui-core/src/checkpoints/mod.rs[0m[2m:[0m[2m1326:[0m Creating checkpoint(s) for 2 transactions [3mnext_checkpoint_seq[0m[2m=[0m118 [3mcheckpoint_timestamp[0m[2m=[0m1742889269894
[2m2025-03-25T07:54:30.573901Z[0m [32m INFO[0m [1mnode[0m[1m{[0m[3mname[0m[2m=[0mk#8dcff6d1..[1m}[0m[2m:[0m [2msui_core::checkpoints::checkpoint_output[0m[2m:[0m [2mcrates/sui-core/src/checkpoints/checkpoint_output.rs[0m[2m:[0m[2m149:[0m Creating checkpoint CheckpointDigest(3PpgVh5RJBj31Mruqed2PQpPzNKFJNqdhFGGBNLpf4Fu) at epoch 0, sequence 118, previous digest Some(CheckpointDigest(AVnjCoUJRdMz6acbnHk2Jz7AQ84sS8YwJBTXcUmAs6J5)), transactions count 2, content digest CheckpointContentsDigest(HngiQZFUCXE1zXKBNBY6GpA3weWYGS9JigsvbxQ5TTiz), end_of_epoch_data None
[2m2025-03-25T07:54:30.579058Z[0m [32m INFO[0m [1mnode[0m[1m{[0m[3mname[0m[2m=[0mk#99f25ef6..[1m}[0m[2m:[0m [2msui_core::checkpoints[0m[2m:[0m [2mcrates/sui-core/src/checkpoints/mod.rs[0m[2m:[0m[2m1326:[0m Creating checkpoint(s) for 2 transactions [3mnext_checkpoint_seq[0m[2m=[0m118 [3mcheckpoint_timestamp[0m[2m=[0m1742889269894
[2m2025-03-25T07:54:30.579484Z[0m [32m INFO[0m [1mnode[0m[1m{[0m[3mname[0m[2m=[0mk#addeef94..[1m}[0m[2m:[0m [2msui_core::checkpoints[0m[2m:[0m [2mcrates/sui-core/src/checkpoints/mod.rs[0m[2m:[0m[2m1326:[0m Creating checkpoint(s) for 2 transactions [3mnext_checkpoint_seq[0m[2m=[0m118 [3mcheckpoint_timestamp[0m[2m=[0m1742889269894
[2m2025-03-25T07:54:30.579494Z[0m [32m INFO[0m [1mnode[0m[1m{[0m[3mname[0m[2m=[0mk#99f25ef6..[1m}[0m[2m:[0m [2msui_core::checkpoints::checkpoint_output[0m[2m:[0m [2mcrates/sui-core/src/checkpoints/checkpoint_output.rs[0m[2m:[0m[2m149:[0m Creating checkpoint CheckpointDigest(3PpgVh5RJBj31Mruqed2PQpPzNKFJNqdhFGGBNLpf4Fu) at epoch 0, sequence 118, previous digest Some(CheckpointDigest(AVnjCoUJRdMz6acbnHk2Jz7AQ84sS8YwJBTXcUmAs6J5)), transactions count 2, content digest CheckpointContentsDigest(HngiQZFUCXE1zXKBNBY6GpA3weWYGS9JigsvbxQ5TTiz), end_of_epoch_data None
[2m2025-03-25T07:54:30.579888Z[0m [32m INFO[0m [1mnode[0m[1m{[0m[3mname[0m[2m=[0mk#addeef94..[1m}[0m[2m:[0m [2msui_core::checkpoints::checkpoint_output[0m[2m:[0m [2mcrates/sui-core/src/checkpoints/checkpoint_output.rs[0m[2m:[0m[2m149:[0m Creating checkpoint CheckpointDigest(3PpgVh5RJBj31Mruqed2PQpPzNKFJNqdhFGGBNLpf4Fu) at epoch 0, sequence 118, previous digest Some(CheckpointDigest(AVnjCoUJRdMz6acbnHk2Jz7AQ84sS8YwJBTXcUmAs6J5)), transactions count 2, content digest CheckpointContentsDigest(HngiQZFUCXE1zXKBNBY6GpA3weWYGS9JigsvbxQ5TTiz), end_of_epoch_data None
[2m2025-03-25T07:54:30.583449Z[0m [32m INFO[0m [1mnode[0m[1m{[0m[3mname[0m[2m=[0mk#8dcff6d1..[1m}[0m[2m:[0m [2msui_core::checkpoints::checkpoint_executor[0m[2m:[0m [2mcrates/sui-core/src/checkpoints/checkpoint_executor/mod.rs[0m[2m:[0m[2m332:[0m Received checkpoint summary from state sync [3msequence_number[0m[2m=[0m11
[2m2025-03-25T07:54:30.583578Z[0m [32m INFO[0m [1mnode[0m[1m{[0m[3mname[0m[2m=[0mk#8dcff6d1..[1m}[0m[2m:[0m [2msui_core::checkpoints::checkpoint_executor[0m[2m:[0m [2mcrates/sui-core/src/checkpoints/checkpoint_executor/mod.rs[0m[2m:[0m[2m332:[0m Received checkpoint summary from state sync [3msequence_number[0m[2m=[0m12
[2m2025-03-25T07:54:30.583626Z[0m [32m INFO[0m [1mnode[0m[1m{[0m[3mname[0m[2m=[0mk#8dcff6d1..[1m}[0m[2m:[0m [2msui_core::checkpoints::checkpoint_executor[0m[2m:[0m [2mcrates/sui-core/src/checkpoints/checkpoint_executor/mod.rs[0m[2m:[0m[2m332:[0m Received checkpoint summary from state sync [3msequence_number[0m[2m=[0m13
[2m2025-03-25T07:54:30.583665Z[0m [32m INFO[0m [1mnode[0m[1m{[0m[3mname[0m[2m=[0mk#8dcff6d1..[1m}[0m[2m:[0m [2msui_core::checkpoints::checkpoint_executor[0m[2m:[0m [2mcrates/sui-core/src/checkpoints/checkpoint_executor/mod.rs[0m[2m:[0m[2m332:[0m Received checkpoint summary from state sync [3msequence_number[0m[2m=[0m14
[2m2025-03-25T07:54:30.583704Z[0m [32m INFO[0m [1mnode[0m[1m{[0m[3mname[0m[2m=[0mk#8dcff6d1..[1m}[0m[2m:[0m [2msui_core::checkpoints::checkpoint_executor[0m[2m:[0m [2mcrates/sui-core/src/checkpoints/checkpoint_executor/mod.rs[0m[2m:[0m[2m332:[0m Received checkpoint summary from state sync [3msequence_number[0m[2m=[0m15
[2m2025-03-25T07:54:30.583743Z[0m [32m INFO[0m [1mnode[0m[1m{[0m[3mname[0m[2m=[0mk#8dcff6d1..[1m}[0m[2m:[0m [2msui_core::checkpoints::checkpoint_executor[0m[2m:[0m [2mcrates/sui-core/src/checkpoints/checkpoint_executor/mod.rs[0m[2m:[0m[2m332:[0m Received checkpoint summary from state sync [3msequence_number[0m[2m=[0m16
[2m2025-03-25T07:54:30.583782Z[0m [32m INFO[0m [1mnode[0m[1m{[0m[3mname[0m[2m=[0mk#8dcff6d1..[1m}[0m[2m:[0m [2msui_core::checkpoints::checkpoint_executor[0m[2m:[0m [2mcrates/sui-core/src/checkpoints/checkpoint_executor/mod.rs[0m[2m:[0m[2m332:[0m Received checkpoint summary from state sync [3msequence_number[0m[2m=[0m17
[2m2025-03-25T07:54:30.583821Z[0m [32m INFO[0m [1mnode[0m[1m{[0m[3mname[0m[2m=[0mk#8dcff6d1..[1m}[0m[2m:[0m [2msui_core::checkpoints::checkpoint_executor[0m[2m:[0m [2mcrates/sui-core/src/checkpoints/checkpoint_executor/mod.rs[0m[2m:[0m[2m332:[0m Received checkpoint summary from state sync [3msequence_number[0m[2m=[0m18
[2m2025-03-25T07:54:30.583894Z[0m [32m INFO[0m [1mnode[0m[1m{[0m[3mname[0m[2m=[0mk#8dcff6d1..[1m}[0m[2m:[0m [2msui_core::checkpoints::checkpoint_executor[0m[2m:[0m [2mcrates/sui-core/src/checkpoints/checkpoint_executor/mod.rs[0m[2m:[0m[2m332:[0m Received checkpoint summary from state sync [3msequence_number[0m[2m=[0m19
[2m2025-03-25T07:54:30.583932Z[0m [32m INFO[0m [1mnode[0m[1m{[0m[3mname[0m[2m=[0mk#8dcff6d1..[1m}[0m[2m:[0m [2msui_core::checkpoints::checkpoint_executor[0m[2m:[0m [2mcrates/sui-core/src/checkpoints/checkpoint_executor/mod.rs[0m[2m:[0m[2m332:[0m Received checkpoint summary from state sync [3msequence_number[0m[2m=[0m20
[2m2025-03-25T07:54:30.583971Z[0m [32m INFO[0m [1mnode[0m[1m{[0m[3mname[0m[2m=[0mk#8dcff6d1..[1m}[0m[2m:[0m [2msui_core::checkpoints::checkpoint_executor[0m[2m:[0m [2mcrates/sui-core/src/checkpoints/checkpoint_executor/mod.rs[0m[2m:[0m[2m332:[0m Received checkpoint summary from state sync [3msequence_number[0m[2m=[0m21
[2m2025-03-25T07:54:30.584008Z[0m [32m INFO[0m [1mnode[0m[1m{[0m[3mname[0m[2m=[0mk#8dcff6d1..[1m}[0m[2m:[0m [2msui_core::checkpoints::checkpoint_executor[0m[2m:[0m [2mcrates/sui-core/src/checkpoints/checkpoint_executor/mod.rs[0m[2m:[0m[2m332:[0m Received checkpoint summary from state sync [3msequence_number[0m[2m=[0m22
[2m2025-03-25T07:54:30.584046Z[0m [32m INFO[0m [1mnode[0m[1m{[0m[3mname[0m[2m=[0mk#8dcff6d1..[1m}[0m[2m:[0m [2msui_core::checkpoints::checkpoint_executor[0m[2m:[0m [2mcrates/sui-core/src/checkpoints/checkpoint_executor/mod.rs[0m[2m:[0m[2m332:[0m Received checkpoint summary from state sync [3msequence_number[0m[2m=[0m23
[2m2025-03-25T07:54:30.584083Z[0m [32m INFO[0m [1mnode[0m[1m{[0m[3mname[0m[2m=[0mk#8dcff6d1..[1m}[0m[2m:[0m [2msui_core::checkpoints::checkpoint_executor[0m[2m:[0m [2mcrates/sui-core/src/checkpoints/checkpoint_executor/mod.rs[0m[2m:[0m[2m332:[0m Received checkpoint summary from state sync [3msequence_number[0m[2m=[0m24
[2m2025-03-25T07:54:30.584121Z[0m [32m INFO[0m [1mnode[0m[1m{[0m[3mname[0m[2m=[0mk#8dcff6d1..[1m}[0m[2m:[0m [2msui_core::checkpoints::checkpoint_executor[0m[2m:[0m [2mcrates/sui-core/src/checkpoints/checkpoint_executor/mod.rs[0m[2m:[0m[2m332:[0m Received checkpoint summary from state sync [3msequence_number[0m[2m=[0m25
[2m2025-03-25T07:54:30.584160Z[0m [32m INFO[0m [1mnode[0m[1m{[0m[3mname[0m[2m=[0mk#8dcff6d1..[1m}[0m[2m:[0m [2msui_core::checkpoints::checkpoint_executor[0m[2m:[0m [2mcrates/sui-core/src/checkpoints/checkpoint_executor/mod.rs[0m[2m:[0m[2m332:[0m Received checkpoint summary from state sync [3msequence_number[0m[2m=[0m26
[2m2025-03-25T07:54:30.584197Z[0m [32m INFO[0m [1mnode[0m[1m{[0m[3mname[0m[2m=[0mk#8dcff6d1..[1m}[0m[2m:[0m [2msui_core::checkpoints::checkpoint_executor[0m[2m:[0m [2mcrates/sui-core/src/checkpoints/checkpoint_executor/mod.rs[0m[2m:[0m[2m332:[0m Received checkpoint summary from state sync [3msequence_number[0m[2m=[0m27
[2m2025-03-25T07:54:30.584234Z[0m [32m INFO[0m [1mnode[0m[1m{[0m[3mname[0m[2m=[0mk#8dcff6d1..[1m}[0m[2m:[0m [2msui_core::checkpoints::checkpoint_executor[0m[2m:[0m [2mcrates/sui-core/src/checkpoints/checkpoint_executor/mod.rs[0m[2m:[0m[2m332:[0m Received checkpoint summary from state sync [3msequence_number[0m[2m=[0m28
[2m2025-03-25T07:54:30.584271Z[0m [32m INFO[0m [1mnode[0m[1m{[0m[3mname[0m[2m=[0mk#8dcff6d1..[1m}[0m[2m:[0m [2msui_core::checkpoints::checkpoint_executor[0m[2m:[0m [2mcrates/sui-core/src/checkpoints/checkpoint_executor/mod.rs[0m[2m:[0m[2m332:[0m Received checkpoint summary from state sync [3msequence_number[0m[2m=[0m29
[2m2025-03-25T07:54:30.584309Z[0m [32m INFO[0m [1mnode[0m[1m{[0m[3mname[0m[2m=[0mk#8dcff6d1..[1m}[0m[2m:[0m [2msui_core::checkpoints::checkpoint_executor[0m[2m:[0m [2mcrates/sui-core/src/checkpoints/checkpoint_executor/mod.rs[0m[2m:[0m[2m332:[0m Received checkpoint summary from state sync [3msequence_number[0m[2m=[0m30
[2m2025-03-25T07:54:30.584345Z[0m [32m INFO[0m [1mnode[0m[1m{[0m[3mname[0m[2m=[0mk#8dcff6d1..[1m}[0m[2m:[0m [2msui_core::checkpoints::checkpoint_executor[0m[2m:[0m [2mcrates/sui-core/src/checkpoints/checkpoint_executor/mod.rs[0m[2m:[0m[2m332:[0m Received checkpoint summary from state sync [3msequence_number[0m[2m=[0m31
[2m2025-03-25T07:54:30.584384Z[0m [32m INFO[0m [1mnode[0m[1m{[0m[3mname[0m[2m=[0mk#8dcff6d1..[1m}[0m[2m:[0m [2msui_core::checkpoints::checkpoint_executor[0m[2m:[0m [2mcrates/sui-core/src/checkpoints/checkpoint_executor/mod.rs[0m[2m:[0m[2m332:[0m Received checkpoint summary from state sync [3msequence_number[0m[2m=[0m32
[2m2025-03-25T07:54:30.584423Z[0m [32m INFO[0m [1mnode[0m[1m{[0m[3mname[0m[2m=[0mk#8dcff6d1..[1m}[0m[2m:[0m [2msui_core::checkpoints::checkpoint_executor[0m[2m:[0m [2mcrates/sui-core/src/checkpoints/checkpoint_executor/mod.rs[0m[2m:[0m[2m332:[0m Received checkpoint summary from state sync [3msequence_number[0m[2m=[0m33
[2m2025-03-25T07:54:30.584460Z[0m [32m INFO[0m [1mnode[0m[1m{[0m[3mname[0m[2m=[0mk#8dcff6d1..[1m}[0m[2m:[0m [2msui_core::checkpoints::checkpoint_executor[0m[2m:[0m [2mcrates/sui-core/src/checkpoints/checkpoint_executor/mod.rs[0m[2m:[0m[2m332:[0m Received checkpoint summary from state sync [3msequence_number[0m[2m=[0m34
[2m2025-03-25T07:54:30.584498Z[0m [32m INFO[0m [1mnode[0m[1m{[0m[3mname[0m[2m=[0mk#8dcff6d1..[1m}[0m[2m:[0m [2msui_core::checkpoints::checkpoint_executor[0m[2m:[0m [2mcrates/sui-core/src/checkpoints/checkpoint_executor/mod.rs[0m[2m:[0m[2m332:[0m Received checkpoint summary from state sync [3msequence_number[0m[2m=[0m35
[2m2025-03-25T07:54:30.584536Z[0m [32m INFO[0m [1mnode[0m[1m{[0m[3mname[0m[2m=[0mk#8dcff6d1..[1m}[0m[2m:[0m [2msui_core::checkpoints::checkpoint_executor[0m[2m:[0m [2mcrates/sui-core/src/checkpoints/checkpoint_executor/mod.rs[0m[2m:[0m[2m332:[0m Received checkpoint summary from state sync [3msequence_number[0m[2m=[0m36
[2m2025-03-25T07:54:30.584574Z[0m [32m INFO[0m [1mnode[0m[1m{[0m[3mname[0m[2m=[0mk#8dcff6d1..[1m}[0m[2m:[0m [2msui_core::checkpoints::checkpoint_executor[0m[2m:[0m [2mcrates/sui-core/src/checkpoints/checkpoint_executor/mod.rs[0m[2m:[0m[2m332:[0m Received checkpoint summary from state sync [3msequence_number[0m[2m=[0m37
[2m2025-03-25T07:54:30.584611Z[0m [32m INFO[0m [1mnode[0m[1m{[0m[3mname[0m[2m=[0mk#8dcff6d1..[1m}[0m[2m:[0m [2msui_core::checkpoints::checkpoint_executor[0m[2m:[0m [2mcrates/sui-core/src/checkpoints/checkpoint_executor/mod.rs[0m[2m:[0m[2m332:[0m Received checkpoint summary from state sync [3msequence_number[0m[2m=[0m38
[2m2025-03-25T07:54:30.584648Z[0m [32m INFO[0m [1mnode[0m[1m{[0m[3mname[0m[2m=[0mk#8dcff6d1..[1m}[0m[2m:[0m [2msui_core::checkpoints::checkpoint_executor[0m[2m:[0m [2mcrates/sui-core/src/checkpoints/checkpoint_executor/mod.rs[0m[2m:[0m[2m332:[0m Received checkpoint summary from state sync [3msequence_number[0m[2m=[0m39
[2m2025-03-25T07:54:30.584686Z[0m [32m INFO[0m [1mnode[0m[1m{[0m[3mname[0m[2m=[0mk#8dcff6d1..[1m}[0m[2m:[0m [2msui_core::checkpoints::checkpoint_executor[0m[2m:[0m [2mcrates/sui-core/src/checkpoints/checkpoint_executor/mod.rs[0m[2m:[0m[2m332:[0m Received checkpoint summary from state sync [3msequence_number[0m[2m=[0m40
[2m2025-03-25T07:54:30.584723Z[0m [32m INFO[0m [1mnode[0m[1m{[0m[3mname[0m[2m=[0mk#8dcff6d1..[1m}[0m[2m:[0m [2msui_core::checkpoints::checkpoint_executor[0m[2m:[0m [2mcrates/sui-core/src/checkpoints/checkpoint_executor/mod.rs[0m[2m:[0m[2m332:[0m Received checkpoint summary from state sync [3msequence_number[0m[2m=[0m41
[2m2025-03-25T07:54:30.584760Z[0m [32m INFO[0m [1mnode[0m[1m{[0m[3mname[0m[2m=[0mk#8dcff6d1..[1m}[0m[2m:[0m [2msui_core::checkpoints::checkpoint_executor[0m[2m:[0m [2mcrates/sui-core/src/checkpoints/checkpoint_executor/mod.rs[0m[2m:[0m[2m332:[0m Received checkpoint summary from state sync [3msequence_number[0m[2m=[0m42
[2m2025-03-25T07:54:30.584798Z[0m [32m INFO[0m [1mnode[0m[1m{[0m[3mname[0m[2m=[0mk#8dcff6d1..[1m}[0m[2m:[0m [2msui_core::checkpoints::checkpoint_executor[0m[2m:[0m [2mcrates/sui-core/src/checkpoints/checkpoint_executor/mod.rs[0m[2m:[0m[2m332:[0m Received checkpoint summary from state sync [3msequence_number[0m[2m=[0m43
[2m2025-03-25T07:54:30.584835Z[0m [32m INFO[0m [1mnode[0m[1m{[0m[3mname[0m[2m=[0mk#8dcff6d1..[1m}[0m[2m:[0m [2msui_core::checkpoints::checkpoint_executor[0m[2m:[0m [2mcrates/sui-core/src/checkpoints/checkpoint_executor/mod.rs[0m[2m:[0m[2m332:[0m Received checkpoint summary from state sync [3msequence_number[0m[2m=[0m44
[2m2025-03-25T07:54:30.584872Z[0m [32m INFO[0m [1mnode[0m[1m{[0m[3mname[0m[2m=[0mk#8dcff6d1..[1m}[0m[2m:[0m [2msui_core::checkpoints::checkpoint_executor[0m[2m:[0m [2mcrates/sui-core/src/checkpoints/checkpoint_executor/mod.rs[0m[2m:[0m[2m332:[0m Received checkpoint summary from state sync [3msequence_number[0m[2m=[0m45
[2m2025-03-25T07:54:30.584911Z[0m [32m INFO[0m [1mnode[0m[1m{[0m[3mname[0m[2m=[0mk#8dcff6d1..[1m}[0m[2m:[0m [2msui_core::checkpoints::checkpoint_executor[0m[2m:[0m [2mcrates/sui-core/src/checkpoints/checkpoint_executor/mod.rs[0m[2m:[0m[2m332:[0m Received checkpoint summary from state sync [3msequence_number[0m[2m=[0m46
[2m2025-03-25T07:54:30.584948Z[0m [32m INFO[0m [1mnode[0m[1m{[0m[3mname[0m[2m=[0mk#8dcff6d1..[1m}[0m[2m:[0m [2msui_core::checkpoints::checkpoint_executor[0m[2m:[0m [2mcrates/sui-core/src/checkpoints/checkpoint_executor/mod.rs[0m[2m:[0m[2m332:[0m Received checkpoint summary from state sync [3msequence_number[0m[2m=[0m47
[2m2025-03-25T07:54:30.584985Z[0m [32m INFO[0m [1mnode[0m[1m{[0m[3mname[0m[2m=[0mk#8dcff6d1..[1m}[0m[2m:[0m [2msui_core::checkpoints::checkpoint_executor[0m[2m:[0m [2mcrates/sui-core/src/checkpoints/checkpoint_executor/mod.rs[0m[2m:[0m[2m332:[0m Received checkpoint summary from state sync [3msequence_number[0m[2m=[0m48
[2m2025-03-25T07:54:30.585022Z[0m [32m INFO[0m [1mnode[0m[1m{[0m[3mname[0m[2m=[0mk#8dcff6d1..[1m}[0m[2m:[0m [2msui_core::checkpoints::checkpoint_executor[0m[2m:[0m [2mcrates/sui-core/src/checkpoints/checkpoint_executor/mod.rs[0m[2m:[0m[2m332:[0m Received checkpoint summary from state sync [3msequence_number[0m[2m=[0m49
[2m2025-03-25T07:54:30.585061Z[0m [32m INFO[0m [1mnode[0m[1m{[0m[3mname[0m[2m=[0mk#8dcff6d1..[1m}[0m[2m:[0m [2msui_core::checkpoints::checkpoint_executor[0m[2m:[0m [2mcrates/sui-core/src/checkpoints/checkpoint_executor/mod.rs[0m[2m:[0m[2m332:[0m Received checkpoint summary from state sync [3msequence_number[0m[2m=[0m50
[2m2025-03-25T07:54:30.585097Z[0m [32m INFO[0m [1mnode[0m[1m{[0m[3mname[0m[2m=[0mk#8dcff6d1..[1m}[0m[2m:[0m [2msui_core::checkpoints::checkpoint_executor[0m[2m:[0m [2mcrates/sui-core/src/checkpoints/checkpoint_executor/mod.rs[0m[2m:[0m[2m332:[0m Received checkpoint summary from state sync [3msequence_number[0m[2m=[0m51
[2m2025-03-25T07:54:30.585135Z[0m [32m INFO[0m [1mnode[0m[1m{[0m[3mname[0m[2m=[0mk#8dcff6d1..[1m}[0m[2m:[0m [2msui_core::checkpoints::checkpoint_executor[0m[2m:[0m [2mcrates/sui-core/src/checkpoints/checkpoint_executor/mod.rs[0m[2m:[0m[2m332:[0m Received checkpoint summary from state sync [3msequence_number[0m[2m=[0m52
[2m2025-03-25T07:54:30.585174Z[0m [32m INFO[0m [1mnode[0m[1m{[0m[3mname[0m[2m=[0mk#8dcff6d1..[1m}[0m[2m:[0m [2msui_core::checkpoints::checkpoint_executor[0m[2m:[0m [2mcrates/sui-core/src/checkpoints/checkpoint_executor/mod.rs[0m[2m:[0m[2m332:[0m Received checkpoint summary from state sync [3msequence_number[0m[2m=[0m53
[2m2025-03-25T07:54:30.585210Z[0m [32m INFO[0m [1mnode[0m[1m{[0m[3mname[0m[2m=[0mk#8dcff6d1..[1m}[0m[2m:[0m [2msui_core::checkpoints::checkpoint_executor[0m[2m:[0m [2mcrates/sui-core/src/checkpoints/checkpoint_executor/mod.rs[0m[2m:[0m[2m332:[0m Received checkpoint summary from state sync [3msequence_number[0m[2m=[0m54
[2m2025-03-25T07:54:30.585247Z[0m [32m INFO[0m [1mnode[0m[1m{[0m[3mname[0m[2m=[0mk#8dcff6d1..[1m}[0m[2m:[0m [2msui_core::checkpoints::checkpoint_executor[0m[2m:[0m [2mcrates/sui-core/src/checkpoints/checkpoint_executor/mod.rs[0m[2m:[0m[2m332:[0m Received checkpoint summary from state sync [3msequence_number[0m[2m=[0m55
[2m2025-03-25T07:54:30.585284Z[0m [32m INFO[0m [1mnode[0m[1m{[0m[3mname[0m[2m=[0mk#8dcff6d1..[1m}[0m[2m:[0m [2msui_core::checkpoints::checkpoint_executor[0m[2m:[0m [2mcrates/sui-core/src/checkpoints/checkpoint_executor/mod.rs[0m[2m:[0m[2m332:[0m Received checkpoint summary from state sync [3msequence_number[0m[2m=[0m56
[2m2025-03-25T07:54:30.585321Z[0m [32m INFO[0m [1mnode[0m[1m{[0m[3mname[0m[2m=[0mk#8dcff6d1..[1m}[0m[2m:[0m [2msui_core::checkpoints::checkpoint_executor[0m[2m:[0m [2mcrates/sui-core/src/checkpoints/checkpoint_executor/mod.rs[0m[2m:[0m[2m332:[0m Received checkpoint summary from state sync [3msequence_number[0m[2m=[0m57
[2m2025-03-25T07:54:30.585358Z[0m [32m INFO[0m [1mnode[0m[1m{[0m[3mname[0m[2m=[0mk#8dcff6d1..[1m}[0m[2m:[0m [2msui_core::checkpoints::checkpoint_executor[0m[2m:[0m [2mcrates/sui-core/src/checkpoints/checkpoint_executor/mod.rs[0m[2m:[0m[2m332:[0m Received checkpoint summary from state sync [3msequence_number[0m[2m=[0m58
[2m2025-03-25T07:54:30.585395Z[0m [32m INFO[0m [1mnode[0m[1m{[0m[3mname[0m[2m=[0mk#8dcff6d1..[1m}[0m[2m:[0m [2msui_core::checkpoints::checkpoint_executor[0m[2m:[0m [2mcrates/sui-core/src/checkpoints/checkpoint_executor/mod.rs[0m[2m:[0m[2m332:[0m Received checkpoint summary from state sync [3msequence_number[0m[2m=[0m59
[2m2025-03-25T07:54:30.585433Z[0m [32m INFO[0m [1mnode[0m[1m{[0m[3mname[0m[2m=[0mk#8dcff6d1..[1m}[0m[2m:[0m [2msui_core::checkpoints::checkpoint_executor[0m[2m:[0m [2mcrates/sui-core/src/checkpoints/checkpoint_executor/mod.rs[0m[2m:[0m[2m332:[0m Received checkpoint summary from state sync [3msequence_number[0m[2m=[0m60
[2m2025-03-25T07:54:30.585470Z[0m [32m INFO[0m [1mnode[0m[1m{[0m[3mname[0m[2m=[0mk#8dcff6d1..[1m}[0m[2m:[0m [2msui_core::checkpoints::checkpoint_executor[0m[2m:[0m [2mcrates/sui-core/src/checkpoints/checkpoint_executor/mod.rs[0m[2m:[0m[2m332:[0m Received checkpoint summary from state sync [3msequence_number[0m[2m=[0m61
[2m2025-03-25T07:54:30.585506Z[0m [32m INFO[0m [1mnode[0m[1m{[0m[3mname[0m[2m=[0mk#8dcff6d1..[1m}[0m[2m:[0m [2msui_core::checkpoints::checkpoint_executor[0m[2m:[0m [2mcrates/sui-core/src/checkpoints/checkpoint_executor/mod.rs[0m[2m:[0m[2m332:[0m Received checkpoint summary from state sync [3msequence_number[0m[2m=[0m62
[2m2025-03-25T07:54:30.585543Z[0m [32m INFO[0m [1mnode[0m[1m{[0m[3mname[0m[2m=[0mk#8dcff6d1..[1m}[0m[2m:[0m [2msui_core::checkpoints::checkpoint_executor[0m[2m:[0m [2mcrates/sui-core/src/checkpoints/checkpoint_executor/mod.rs[0m[2m:[0m[2m332:[0m Received checkpoint summary from state sync [3msequence_number[0m[2m=[0m63
[2m2025-03-25T07:54:30.585581Z[0m [32m INFO[0m [1mnode[0m[1m{[0m[3mname[0m[2m=[0mk#8dcff6d1..[1m}[0m[2m:[0m [2msui_core::checkpoints::checkpoint_executor[0m[2m:[0m [2mcrates/sui-core/src/checkpoints/checkpoint_executor/mod.rs[0m[2m:[0m[2m332:[0m Received checkpoint summary from state sync [3msequence_number[0m[2m=[0m64
[2m2025-03-25T07:54:30.585618Z[0m [32m INFO[0m [1mnode[0m[1m{[0m[3mname[0m[2m=[0mk#8dcff6d1..[1m}[0m[2m:[0m [2msui_core::checkpoints::checkpoint_executor[0m[2m:[0m [2mcrates/sui-core/src/checkpoints/checkpoint_executor/mod.rs[0m[2m:[0m[2m332:[0m Received checkpoint summary from state sync [3msequence_number[0m[2m=[0m65
[2m2025-03-25T07:54:30.585656Z[0m [32m INFO[0m [1mnode[0m[1m{[0m[3mname[0m[2m=[0mk#8dcff6d1..[1m}[0m[2m:[0m [2msui_core::checkpoints::checkpoint_executor[0m[2m:[0m [2mcrates/sui-core/src/checkpoints/checkpoint_executor/mod.rs[0m[2m:[0m[2m332:[0m Received checkpoint summary from state sync [3msequence_number[0m[2m=[0m66
[2m2025-03-25T07:54:30.585693Z[0m [32m INFO[0m [1mnode[0m[1m{[0m[3mname[0m[2m=[0mk#8dcff6d1..[1m}[0m[2m:[0m [2msui_core::checkpoints::checkpoint_executor[0m[2m:[0m [2mcrates/sui-core/src/checkpoints/checkpoint_executor/mod.rs[0m[2m:[0m[2m332:[0m Received checkpoint summary from state sync [3msequence_number[0m[2m=[0m67
[2m2025-03-25T07:54:30.585730Z[0m [32m INFO[0m [1mnode[0m[1m{[0m[3mname[0m[2m=[0mk#8dcff6d1..[1m}[0m[2m:[0m [2msui_core::checkpoints::checkpoint_executor[0m[2m:[0m [2mcrates/sui-core/src/checkpoints/checkpoint_executor/mod.rs[0m[2m:[0m[2m332:[0m Received checkpoint summary from state sync [3msequence_number[0m[2m=[0m68
[2m2025-03-25T07:54:30.585768Z[0m [32m INFO[0m [1mnode[0m[1m{[0m[3mname[0m[2m=[0mk#8dcff6d1..[1m}[0m[2m:[0m [2msui_core::checkpoints::checkpoint_executor[0m[2m:[0m [2mcrates/sui-core/src/checkpoints/checkpoint_executor/mod.rs[0m[2m:[0m[2m332:[0m Received checkpoint summary from state sync [3msequence_number[0m[2m=[0m69
[2m2025-03-25T07:54:30.585806Z[0m [32m INFO[0m [1mnode[0m[1m{[0m[3mname[0m[2m=[0mk#8dcff6d1..[1m}[0m[2m:[0m [2msui_core::checkpoints::checkpoint_executor[0m[2m:[0m [2mcrates/sui-core/src/checkpoints/checkpoint_executor/mod.rs[0m[2m:[0m[2m332:[0m Received checkpoint summary from state sync [3msequence_number[0m[2m=[0m70
[2m2025-03-25T07:54:30.585843Z[0m [32m INFO[0m [1mnode[0m[1m{[0m[3mname[0m[2m=[0mk#8dcff6d1..[1m}[0m[2m:[0m [2msui_core::checkpoints::checkpoint_executor[0m[2m:[0m [2mcrates/sui-core/src/checkpoints/checkpoint_executor/mod.rs[0m[2m:[0m[2m332:[0m Received checkpoint summary from state sync [3msequence_number[0m[2m=[0m71
[2m2025-03-25T07:54:30.585881Z[0m [32m INFO[0m [1mnode[0m[1m{[0m[3mname[0m[2m=[0mk#8dcff6d1..[1m}[0m[2m:[0m [2msui_core::checkpoints::checkpoint_executor[0m[2m:[0m [2mcrates/sui-core/src/checkpoints/checkpoint_executor/mod.rs[0m[2m:[0m[2m332:[0m Received checkpoint summary from state sync [3msequence_number[0m[2m=[0m72
[2m2025-03-25T07:54:30.585918Z[0m [32m INFO[0m [1mnode[0m[1m{[0m[3mname[0m[2m=[0mk#8dcff6d1..[1m}[0m[2m:[0m [2msui_core::checkpoints::checkpoint_executor[0m[2m:[0m [2mcrates/sui-core/src/checkpoints/checkpoint_executor/mod.rs[0m[2m:[0m[2m332:[0m Received checkpoint summary from state sync [3msequence_number[0m[2m=[0m73
[2m2025-03-25T07:54:30.585955Z[0m [32m INFO[0m [1mnode[0m[1m{[0m[3mname[0m[2m=[0mk#8dcff6d1..[1m}[0m[2m:[0m [2msui_core::checkpoints::checkpoint_executor[0m[2m:[0m [2mcrates/sui-core/src/checkpoints/checkpoint_executor/mod.rs[0m[2m:[0m[2m332:[0m Received checkpoint summary from state sync [3msequence_number[0m[2m=[0m74
[2m2025-03-25T07:54:30.585993Z[0m [32m INFO[0m [1mnode[0m[1m{[0m[3mname[0m[2m=[0mk#8dcff6d1..[1m}[0m[2m:[0m [2msui_core::checkpoints::checkpoint_executor[0m[2m:[0m [2mcrates/sui-core/src/checkpoints/checkpoint_executor/mod.rs[0m[2m:[0m[2m332:[0m Received checkpoint summary from state sync [3msequence_number[0m[2m=[0m75
[2m2025-03-25T07:54:30.586030Z[0m [32m INFO[0m [1mnode[0m[1m{[0m[3mname[0m[2m=[0mk#8dcff6d1..[1m}[0m[2m:[0m [2msui_core::checkpoints::checkpoint_executor[0m[2m:[0m [2mcrates/sui-core/src/checkpoints/checkpoint_executor/mod.rs[0m[2m:[0m[2m332:[0m Received checkpoint summary from state sync [3msequence_number[0m[2m=[0m76
[2m2025-03-25T07:54:30.586068Z[0m [32m INFO[0m [1mnode[0m[1m{[0m[3mname[0m[2m=[0mk#8dcff6d1..[1m}[0m[2m:[0m [2msui_core::checkpoints::checkpoint_executor[0m[2m:[0m [2mcrates/sui-core/src/checkpoints/checkpoint_executor/mod.rs[0m[2m:[0m[2m332:[0m Received checkpoint summary from state sync [3msequence_number[0m[2m=[0m77
[2m2025-03-25T07:54:30.586105Z[0m [32m INFO[0m [1mnode[0m[1m{[0m[3mname[0m[2m=[0mk#8dcff6d1..[1m}[0m[2m:[0m [2msui_core::checkpoints::checkpoint_executor[0m[2m:[0m [2mcrates/sui-core/src/checkpoints/checkpoint_executor/mod.rs[0m[2m:[0m[2m332:[0m Received checkpoint summary from state sync [3msequence_number[0m[2m=[0m78
[2m2025-03-25T07:54:30.586142Z[0m [32m INFO[0m [1mnode[0m[1m{[0m[3mname[0m[2m=[0mk#8dcff6d1..[1m}[0m[2m:[0m [2msui_core::checkpoints::checkpoint_executor[0m[2m:[0m [2mcrates/sui-core/src/checkpoints/checkpoint_executor/mod.rs[0m[2m:[0m[2m332:[0m Received checkpoint summary from state sync [3msequence_number[0m[2m=[0m79
[2m2025-03-25T07:54:30.586179Z[0m [32m INFO[0m [1mnode[0m[1m{[0m[3mname[0m[2m=[0mk#8dcff6d1..[1m}[0m[2m:[0m [2msui_core::checkpoints::checkpoint_executor[0m[2m:[0m [2mcrates/sui-core/src/checkpoints/checkpoint_executor/mod.rs[0m[2m:[0m[2m332:[0m Received checkpoint summary from state sync [3msequence_number[0m[2m=[0m80
[2m2025-03-25T07:54:30.586217Z[0m [32m INFO[0m [1mnode[0m[1m{[0m[3mname[0m[2m=[0mk#8dcff6d1..[1m}[0m[2m:[0m [2msui_core::checkpoints::checkpoint_executor[0m[2m:[0m [2mcrates/sui-core/src/checkpoints/checkpoint_executor/mod.rs[0m[2m:[0m[2m332:[0m Received checkpoint summary from state sync [3msequence_number[0m[2m=[0m81
[2m2025-03-25T07:54:30.586254Z[0m [32m INFO[0m [1mnode[0m[1m{[0m[3mname[0m[2m=[0mk#8dcff6d1..[1m}[0m[2m:[0m [2msui_core::checkpoints::checkpoint_executor[0m[2m:[0m [2mcrates/sui-core/src/checkpoints/checkpoint_executor/mod.rs[0m[2m:[0m[2m332:[0m Received checkpoint summary from state sync [3msequence_number[0m[2m=[0m82
[2m2025-03-25T07:54:30.586292Z[0m [32m INFO[0m [1mnode[0m[1m{[0m[3mname[0m[2m=[0mk#8dcff6d1..[1m}[0m[2m:[0m [2msui_core::checkpoints::checkpoint_executor[0m[2m:[0m [2mcrates/sui-core/src/checkpoints/checkpoint_executor/mod.rs[0m[2m:[0m[2m332:[0m Received checkpoint summary from state sync [3msequence_number[0m[2m=[0m83
[2m2025-03-25T07:54:30.586329Z[0m [32m INFO[0m [1mnode[0m[1m{[0m[3mname[0m[2m=[0mk#8dcff6d1..[1m}[0m[2m:[0m [2msui_core::checkpoints::checkpoint_executor[0m[2m:[0m [2mcrates/sui-core/src/checkpoints/checkpoint_executor/mod.rs[0m[2m:[0m[2m332:[0m Received checkpoint summary from state sync [3msequence_number[0m[2m=[0m84
[2m2025-03-25T07:54:30.586366Z[0m [32m INFO[0m [1mnode[0m[1m{[0m[3mname[0m[2m=[0mk#8dcff6d1..[1m}[0m[2m:[0m [2msui_core::checkpoints::checkpoint_executor[0m[2m:[0m [2mcrates/sui-core/src/checkpoints/checkpoint_executor/mod.rs[0m[2m:[0m[2m332:[0m Received checkpoint summary from state sync [3msequence_number[0m[2m=[0m85
[2m2025-03-25T07:54:30.586403Z[0m [32m INFO[0m [1mnode[0m[1m{[0m[3mname[0m[2m=[0mk#8dcff6d1..[1m}[0m[2m:[0m [2msui_core::checkpoints::checkpoint_executor[0m[2m:[0m [2mcrates/sui-core/src/checkpoints/checkpoint_executor/mod.rs[0m[2m:[0m[2m332:[0m Received checkpoint summary from state sync [3msequence_number[0m[2m=[0m86
[2m2025-03-25T07:54:30.586440Z[0m [32m INFO[0m [1mnode[0m[1m{[0m[3mname[0m[2m=[0mk#8dcff6d1..[1m}[0m[2m:[0m [2msui_core::checkpoints::checkpoint_executor[0m[2m:[0m [2mcrates/sui-core/src/checkpoints/checkpoint_executor/mod.rs[0m[2m:[0m[2m332:[0m Received checkpoint summary from state sync [3msequence_number[0m[2m=[0m87
[2m2025-03-25T07:54:30.586476Z[0m [32m INFO[0m [1mnode[0m[1m{[0m[3mname[0m[2m=[0mk#8dcff6d1..[1m}[0m[2m:[0m [2msui_core::checkpoints::checkpoint_executor[0m[2m:[0m [2mcrates/sui-core/src/checkpoints/checkpoint_executor/mod.rs[0m[2m:[0m[2m332:[0m Received checkpoint summary from state sync [3msequence_number[0m[2m=[0m88
[2m2025-03-25T07:54:30.586514Z[0m [32m INFO[0m [1mnode[0m[1m{[0m[3mname[0m[2m=[0mk#8dcff6d1..[1m}[0m[2m:[0m [2msui_core::checkpoints::checkpoint_executor[0m[2m:[0m [2mcrates/sui-core/src/checkpoints/checkpoint_executor/mod.rs[0m[2m:[0m[2m332:[0m Received checkpoint summary from state sync [3msequence_number[0m[2m=[0m89
[2m2025-03-25T07:54:30.586552Z[0m [32m INFO[0m [1mnode[0m[1m{[0m[3mname[0m[2m=[0mk#8dcff6d1..[1m}[0m[2m:[0m [2msui_core::checkpoints::checkpoint_executor[0m[2m:[0m [2mcrates/sui-core/src/checkpoints/checkpoint_executor/mod.rs[0m[2m:[0m[2m332:[0m Received checkpoint summary from state sync [3msequence_number[0m[2m=[0m90
[2m2025-03-25T07:54:30.586590Z[0m [32m INFO[0m [1mnode[0m[1m{[0m[3mname[0m[2m=[0mk#8dcff6d1..[1m}[0m[2m:[0m [2msui_core::checkpoints::checkpoint_executor[0m[2m:[0m [2mcrates/sui-core/src/checkpoints/checkpoint_executor/mod.rs[0m[2m:[0m[2m332:[0m Received checkpoint summary from state sync [3msequence_number[0m[2m=[0m91
[2m2025-03-25T07:54:30.586627Z[0m [32m INFO[0m [1mnode[0m[1m{[0m[3mname[0m[2m=[0mk#8dcff6d1..[1m}[0m[2m:[0m [2msui_core::checkpoints::checkpoint_executor[0m[2m:[0m [2mcrates/sui-core/src/checkpoints/checkpoint_executor/mod.rs[0m[2m:[0m[2m332:[0m Received checkpoint summary from state sync [3msequence_number[0m[2m=[0m92
[2m2025-03-25T07:54:30.586664Z[0m [32m INFO[0m [1mnode[0m[1m{[0m[3mname[0m[2m=[0mk#8dcff6d1..[1m}[0m[2m:[0m [2msui_core::checkpoints::checkpoint_executor[0m[2m:[0m [2mcrates/sui-core/src/checkpoints/checkpoint_executor/mod.rs[0m[2m:[0m[2m332:[0m Received checkpoint summary from state sync [3msequence_number[0m[2m=[0m93
[2m2025-03-25T07:54:30.586701Z[0m [32m INFO[0m [1mnode[0m[1m{[0m[3mname[0m[2m=[0mk#8dcff6d1..[1m}[0m[2m:[0m [2msui_core::checkpoints::checkpoint_executor[0m[2m:[0m [2mcrates/sui-core/src/checkpoints/checkpoint_executor/mod.rs[0m[2m:[0m[2m332:[0m Received checkpoint summary from state sync [3msequence_number[0m[2m=[0m94
[2m2025-03-25T07:54:30.586738Z[0m [32m INFO[0m [1mnode[0m[1m{[0m[3mname[0m[2m=[0mk#8dcff6d1..[1m}[0m[2m:[0m [2msui_core::checkpoints::checkpoint_executor[0m[2m:[0m [2mcrates/sui-core/src/checkpoints/checkpoint_executor/mod.rs[0m[2m:[0m[2m332:[0m Received checkpoint summary from state sync [3msequence_number[0m[2m=[0m95
[2m2025-03-25T07:54:30.586776Z[0m [32m INFO[0m [1mnode[0m[1m{[0m[3mname[0m[2m=[0mk#8dcff6d1..[1m}[0m[2m:[0m [2msui_core::checkpoints::checkpoint_executor[0m[2m:[0m [2mcrates/sui-core/src/checkpoints/checkpoint_executor/mod.rs[0m[2m:[0m[2m332:[0m Received checkpoint summary from state sync [3msequence_number[0m[2m=[0m96
[2m2025-03-25T07:54:30.586813Z[0m [32m INFO[0m [1mnode[0m[1m{[0m[3mname[0m[2m=[0mk#8dcff6d1..[1m}[0m[2m:[0m [2msui_core::checkpoints::checkpoint_executor[0m[2m:[0m [2mcrates/sui-core/src/checkpoints/checkpoint_executor/mod.rs[0m[2m:[0m[2m332:[0m Received checkpoint summary from state sync [3msequence_number[0m[2m=[0m97
[2m2025-03-25T07:54:30.586850Z[0m [32m INFO[0m [1mnode[0m[1m{[0m[3mname[0m[2m=[0mk#8dcff6d1..[1m}[0m[2m:[0m [2msui_core::checkpoints::checkpoint_executor[0m[2m:[0m [2mcrates/sui-core/src/checkpoints/checkpoint_executor/mod.rs[0m[2m:[0m[2m332:[0m Received checkpoint summary from state sync [3msequence_number[0m[2m=[0m98
[2m2025-03-25T07:54:30.586887Z[0m [32m INFO[0m [1mnode[0m[1m{[0m[3mname[0m[2m=[0mk#8dcff6d1..[1m}[0m[2m:[0m [2msui_core::checkpoints::checkpoint_executor[0m[2m:[0m [2mcrates/sui-core/src/checkpoints/checkpoint_executor/mod.rs[0m[2m:[0m[2m332:[0m Received checkpoint summary from state sync [3msequence_number[0m[2m=[0m99
[2m2025-03-25T07:54:30.586924Z[0m [32m INFO[0m [1mnode[0m[1m{[0m[3mname[0m[2m=[0mk#8dcff6d1..[1m}[0m[2m:[0m [2msui_core::checkpoints::checkpoint_executor[0m[2m:[0m [2mcrates/sui-core/src/checkpoints/checkpoint_executor/mod.rs[0m[2m:[0m[2m332:[0m Received checkpoint summary from state sync [3msequence_number[0m[2m=[0m100
[2m2025-03-25T07:54:30.586961Z[0m [32m INFO[0m [1mnode[0m[1m{[0m[3mname[0m[2m=[0mk#8dcff6d1..[1m}[0m[2m:[0m [2msui_core::checkpoints::checkpoint_executor[0m[2m:[0m [2mcrates/sui-core/src/checkpoints/checkpoint_executor/mod.rs[0m[2m:[0m[2m332:[0m Received checkpoint summary from state sync [3msequence_number[0m[2m=[0m101
[2m2025-03-25T07:54:30.586999Z[0m [32m INFO[0m [1mnode[0m[1m{[0m[3mname[0m[2m=[0mk#8dcff6d1..[1m}[0m[2m:[0m [2msui_core::checkpoints::checkpoint_executor[0m[2m:[0m [2mcrates/sui-core/src/checkpoints/checkpoint_executor/mod.rs[0m[2m:[0m[2m332:[0m Received checkpoint summary from state sync [3msequence_number[0m[2m=[0m102
[2m2025-03-25T07:54:30.587036Z[0m [32m INFO[0m [1mnode[0m[1m{[0m[3mname[0m[2m=[0mk#8dcff6d1..[1m}[0m[2m:[0m [2msui_core::checkpoints::checkpoint_executor[0m[2m:[0m [2mcrates/sui-core/src/checkpoints/checkpoint_executor/mod.rs[0m[2m:[0m[2m332:[0m Received checkpoint summary from state sync [3msequence_number[0m[2m=[0m103
[2m2025-03-25T07:54:30.587074Z[0m [32m INFO[0m [1mnode[0m[1m{[0m[3mname[0m[2m=[0mk#8dcff6d1..[1m}[0m[2m:[0m [2msui_core::checkpoints::checkpoint_executor[0m[2m:[0m [2mcrates/sui-core/src/checkpoints/checkpoint_executor/mod.rs[0m[2m:[0m[2m332:[0m Received checkpoint summary from state sync [3msequence_number[0m[2m=[0m104
[2m2025-03-25T07:54:30.587111Z[0m [32m INFO[0m [1mnode[0m[1m{[0m[3mname[0m[2m=[0mk#8dcff6d1..[1m}[0m[2m:[0m [2msui_core::checkpoints::checkpoint_executor[0m[2m:[0m [2mcrates/sui-core/src/checkpoints/checkpoint_executor/mod.rs[0m[2m:[0m[2m332:[0m Received checkpoint summary from state sync [3msequence_number[0m[2m=[0m105
[2m2025-03-25T07:54:30.587141Z[0m [32m INFO[0m [1mnode[0m[1m{[0m[3mname[0m[2m=[0mk#addeef94..[1m}[0m[2m:[0m [2msui_core::checkpoints::checkpoint_executor[0m[2m:[0m [2mcrates/sui-core/src/checkpoints/checkpoint_executor/mod.rs[0m[2m:[0m[2m332:[0m Received checkpoint summary from state sync [3msequence_number[0m[2m=[0m116
[2m2025-03-25T07:54:30.587149Z[0m [32m INFO[0m [1mnode[0m[1m{[0m[3mname[0m[2m=[0mk#8dcff6d1..[1m}[0m[2m:[0m [2msui_core::checkpoints::checkpoint_executor[0m[2m:[0m [2mcrates/sui-core/src/checkpoints/checkpoint_executor/mod.rs[0m[2m:[0m[2m332:[0m Received checkpoint summary from state sync [3msequence_number[0m[2m=[0m106
[2m2025-03-25T07:54:30.587186Z[0m [32m INFO[0m [1mnode[0m[1m{[0m[3mname[0m[2m=[0mk#8dcff6d1..[1m}[0m[2m:[0m [2msui_core::checkpoints::checkpoint_executor[0m[2m:[0m [2mcrates/sui-core/src/checkpoints/checkpoint_executor/mod.rs[0m[2m:[0m[2m332:[0m Received checkpoint summary from state sync [3msequence_number[0m[2m=[0m107
[2m2025-03-25T07:54:30.587224Z[0m [32m INFO[0m [1mnode[0m[1m{[0m[3mname[0m[2m=[0mk#8dcff6d1..[1m}[0m[2m:[0m [2msui_core::checkpoints::checkpoint_executor[0m[2m:[0m [2mcrates/sui-core/src/checkpoints/checkpoint_executor/mod.rs[0m[2m:[0m[2m332:[0m Received checkpoint summary from state sync [3msequence_number[0m[2m=[0m108
[2m2025-03-25T07:54:30.587257Z[0m [32m INFO[0m [1mnode[0m[1m{[0m[3mname[0m[2m=[0mk#addeef94..[1m}[0m[2m:[0m [2msui_core::checkpoints::checkpoint_executor[0m[2m:[0m [2mcrates/sui-core/src/checkpoints/checkpoint_executor/mod.rs[0m[2m:[0m[2m332:[0m Received checkpoint summary from state sync [3msequence_number[0m[2m=[0m117
[2m2025-03-25T07:54:30.587261Z[0m [32m INFO[0m [1mnode[0m[1m{[0m[3mname[0m[2m=[0mk#8dcff6d1..[1m}[0m[2m:[0m [2msui_core::checkpoints::checkpoint_executor[0m[2m:[0m [2mcrates/sui-core/src/checkpoints/checkpoint_executor/mod.rs[0m[2m:[0m[2m332:[0m Received checkpoint summary from state sync [3msequence_number[0m[2m=[0m109
[2m2025-03-25T07:54:30.587299Z[0m [32m INFO[0m [1mnode[0m[1m{[0m[3mname[0m[2m=[0mk#8dcff6d1..[1m}[0m[2m:[0m [2msui_core::checkpoints::checkpoint_executor[0m[2m:[0m [2mcrates/sui-core/src/checkpoints/checkpoint_executor/mod.rs[0m[2m:[0m[2m332:[0m Received checkpoint summary from state sync [3msequence_number[0m[2m=[0m110
[2m2025-03-25T07:54:30.587337Z[0m [32m INFO[0m [1mnode[0m[1m{[0m[3mname[0m[2m=[0mk#8dcff6d1..[1m}[0m[2m:[0m [2msui_core::checkpoints::checkpoint_executor[0m[2m:[0m [2mcrates/sui-core/src/checkpoints/checkpoint_executor/mod.rs[0m[2m:[0m[2m332:[0m Received checkpoint summary from state sync [3msequence_number[0m[2m=[0m111
[2m2025-03-25T07:54:30.587374Z[0m [32m INFO[0m [1mnode[0m[1m{[0m[3mname[0m[2m=[0mk#8dcff6d1..[1m}[0m[2m:[0m [2msui_core::checkpoints::checkpoint_executor[0m[2m:[0m [2mcrates/sui-core/src/checkpoints/checkpoint_executor/mod.rs[0m[2m:[0m[2m332:[0m Received checkpoint summary from state sync [3msequence_number[0m[2m=[0m112
[2m2025-03-25T07:54:30.587411Z[0m [32m INFO[0m [1mnode[0m[1m{[0m[3mname[0m[2m=[0mk#8dcff6d1..[1m}[0m[2m:[0m [2msui_core::checkpoints::checkpoint_executor[0m[2m:[0m [2mcrates/sui-core/src/checkpoints/checkpoint_executor/mod.rs[0m[2m:[0m[2m332:[0m Received checkpoint summary from state sync [3msequence_number[0m[2m=[0m113
[2m2025-03-25T07:54:30.587447Z[0m [32m INFO[0m [1mnode[0m[1m{[0m[3mname[0m[2m=[0mk#8dcff6d1..[1m}[0m[2m:[0m [2msui_core::checkpoints::checkpoint_executor[0m[2m:[0m [2mcrates/sui-core/src/checkpoints/checkpoint_executor/mod.rs[0m[2m:[0m[2m332:[0m Received checkpoint summary from state sync [3msequence_number[0m[2m=[0m114
[2m2025-03-25T07:54:30.587484Z[0m [32m INFO[0m [1mnode[0m[1m{[0m[3mname[0m[2m=[0mk#8dcff6d1..[1m}[0m[2m:[0m [2msui_core::checkpoints::checkpoint_executor[0m[2m:[0m [2mcrates/sui-core/src/checkpoints/checkpoint_executor/mod.rs[0m[2m:[0m[2m332:[0m Received checkpoint summary from state sync [3msequence_number[0m[2m=[0m115
[2m2025-03-25T07:54:30.587521Z[0m [32m INFO[0m [1mnode[0m[1m{[0m[3mname[0m[2m=[0mk#8dcff6d1..[1m}[0m[2m:[0m [2msui_core::checkpoints::checkpoint_executor[0m[2m:[0m [2mcrates/sui-core/src/checkpoints/checkpoint_executor/mod.rs[0m[2m:[0m[2m332:[0m Received checkpoint summary from state sync [3msequence_number[0m[2m=[0m116
[2m2025-03-25T07:54:30.587559Z[0m [32m INFO[0m [1mnode[0m[1m{[0m[3mname[0m[2m=[0mk#8dcff6d1..[1m}[0m[2m:[0m [2msui_core::checkpoints::checkpoint_executor[0m[2m:[0m [2mcrates/sui-core/src/checkpoints/checkpoint_executor/mod.rs[0m[2m:[0m[2m332:[0m Received checkpoint summary from state sync [3msequence_number[0m[2m=[0m117
[2m2025-03-25T07:54:30.588589Z[0m [32m INFO[0m [1mnode[0m[1m{[0m[3mname[0m[2m=[0mk#addeef94..[1m}[0m[2m:[0m [2msui_core::state_accumulator[0m[2m:[0m [2mcrates/sui-core/src/state_accumulator.rs[0m[2m:[0m[2m675:[0m accumulating running root for checkpoint 116
[2m2025-03-25T07:54:30.588784Z[0m [32m INFO[0m [1mnode[0m[1m{[0m[3mname[0m[2m=[0mk#8dcff6d1..[1m}[0m[2m:[0m [2msui_core::state_accumulator[0m[2m:[0m [2mcrates/sui-core/src/state_accumulator.rs[0m[2m:[0m[2m675:[0m accumulating running root for checkpoint 116
[2m2025-03-25T07:54:30.589031Z[0m [32m INFO[0m [1mnode[0m[1m{[0m[3mname[0m[2m=[0mk#addeef94..[1m}[0m[2m:[0m [2msui_core::state_accumulator[0m[2m:[0m [2mcrates/sui-core/src/state_accumulator.rs[0m[2m:[0m[2m675:[0m accumulating running root for checkpoint 117
[2m2025-03-25T07:54:30.589202Z[0m [32m INFO[0m [1mnode[0m[1m{[0m[3mname[0m[2m=[0mk#8dcff6d1..[1m}[0m[2m:[0m [2msui_core::state_accumulator[0m[2m:[0m [2mcrates/sui-core/src/state_accumulator.rs[0m[2m:[0m[2m675:[0m accumulating running root for checkpoint 117
[2m2025-03-25T07:54:30.622966Z[0m [32m INFO[0m [1mnode[0m[1m{[0m[3mname[0m[2m=[0mk#b3f3cbb4..[1m}[0m[2m:[0m [2msui_core::state_accumulator[0m[2m:[0m [2mcrates/sui-core/src/state_accumulator.rs[0m[2m:[0m[2m675:[0m accumulating running root for checkpoint 66
[2m2025-03-25T07:54:30.623460Z[0m [32m INFO[0m [1mnode[0m[1m{[0m[3mname[0m[2m=[0mk#b3f3cbb4..[1m}[0m[2m:[0m [2msui_core::state_accumulator[0m[2m:[0m [2mcrates/sui-core/src/state_accumulator.rs[0m[2m:[0m[2m675:[0m accumulating running root for checkpoint 67
[2m2025-03-25T07:54:30.623646Z[0m [32m INFO[0m [1mnode[0m[1m{[0m[3mname[0m[2m=[0mk#b3f3cbb4..[1m}[0m[2m:[0m [2msui_core::checkpoints::checkpoint_executor[0m[2m:[0m [2mcrates/sui-core/src/checkpoints/checkpoint_executor/mod.rs[0m[2m:[0m[2m332:[0m Received checkpoint summary from state sync [3msequence_number[0m[2m=[0m112
[2m2025-03-25T07:54:30.623689Z[0m [32m INFO[0m [1mnode[0m[1m{[0m[3mname[0m[2m=[0mk#b3f3cbb4..[1m}[0m[2m:[0m [2msui_core::checkpoints::checkpoint_executor[0m[2m:[0m [2mcrates/sui-core/src/checkpoints/checkpoint_executor/mod.rs[0m[2m:[0m[2m332:[0m Received checkpoint summary from state sync [3msequence_number[0m[2m=[0m113
[2m2025-03-25T07:54:30.679630Z[0m [32m INFO[0m [1mnode[0m[1m{[0m[3mname[0m[2m=[0mk#99f25ef6..[1m}[0m[2m:[0m [2msui_core::checkpoints[0m[2m:[0m [2mcrates/sui-core/src/checkpoints/mod.rs[0m[2m:[0m[2m1326:[0m Creating checkpoint(s) for 1 transactions [3mnext_checkpoint_seq[0m[2m=[0m119 [3mcheckpoint_timestamp[0m[2m=[0m1742889269894
[2m2025-03-25T07:54:30.679879Z[0m [32m INFO[0m [1mnode[0m[1m{[0m[3mname[0m[2m=[0mk#99f25ef6..[1m}[0m[2m:[0m [2msui_core::checkpoints::checkpoint_output[0m[2m:[0m [2mcrates/sui-core/src/checkpoints/checkpoint_output.rs[0m[2m:[0m[2m149:[0m Creating checkpoint CheckpointDigest(DfbeeMhEgLPEKLC4LW7PHRz4dThuUttNAVkPo1zieYZZ) at epoch 0, sequence 119, previous digest Some(CheckpointDigest(3PpgVh5RJBj31Mruqed2PQpPzNKFJNqdhFGGBNLpf4Fu)), transactions count 1, content digest CheckpointContentsDigest(6ocohxaG28PpepmWYAq1ZKaJreFE4RSVjShnN6MgGmNz), end_of_epoch_data None
[2m2025-03-25T07:54:30.696480Z[0m [32m INFO[0m [1mnode[0m[1m{[0m[3mname[0m[2m=[0mk#addeef94..[1m}[0m[2m:[0m [2msui_core::checkpoints[0m[2m:[0m [2mcrates/sui-core/src/checkpoints/mod.rs[0m[2m:[0m[2m1326:[0m Creating checkpoint(s) for 1 transactions [3mnext_checkpoint_seq[0m[2m=[0m119 [3mcheckpoint_timestamp[0m[2m=[0m1742889269894
[2m2025-03-25T07:54:30.696696Z[0m [32m INFO[0m [1mnode[0m[1m{[0m[3mname[0m[2m=[0mk#addeef94..[1m}[0m[2m:[0m [2msui_core::checkpoints::checkpoint_output[0m[2m:[0m [2mcrates/sui-core/src/checkpoints/checkpoint_output.rs[0m[2m:[0m[2m149:[0m Creating checkpoint CheckpointDigest(DfbeeMhEgLPEKLC4LW7PHRz4dThuUttNAVkPo1zieYZZ) at epoch 0, sequence 119, previous digest Some(CheckpointDigest(3PpgVh5RJBj31Mruqed2PQpPzNKFJNqdhFGGBNLpf4Fu)), transactions count 1, content digest CheckpointContentsDigest(6ocohxaG28PpepmWYAq1ZKaJreFE4RSVjShnN6MgGmNz), end_of_epoch_data None
[2m2025-03-25T07:54:30.696772Z[0m [32m INFO[0m [1mnode[0m[1m{[0m[3mname[0m[2m=[0mk#8dcff6d1..[1m}[0m[2m:[0m [2msui_core::checkpoints[0m[2m:[0m [2mcrates/sui-core/src/checkpoints/mod.rs[0m[2m:[0m[2m1326:[0m Creating checkpoint(s) for 1 transactions [3mnext_checkpoint_seq[0m[2m=[0m119 [3mcheckpoint_timestamp[0m[2m=[0m1742889269894
[2m2025-03-25T07:54:30.696947Z[0m [32m INFO[0m [1mnode[0m[1m{[0m[3mname[0m[2m=[0mk#8dcff6d1..[1m}[0m[2m:[0m [2msui_core::checkpoints::checkpoint_output[0m[2m:[0m [2mcrates/sui-core/src/checkpoints/checkpoint_output.rs[0m[2m:[0m[2m149:[0m Creating checkpoint CheckpointDigest(DfbeeMhEgLPEKLC4LW7PHRz4dThuUttNAVkPo1zieYZZ) at epoch 0, sequence 119, previous digest Some(CheckpointDigest(3PpgVh5RJBj31Mruqed2PQpPzNKFJNqdhFGGBNLpf4Fu)), transactions count 1, content digest CheckpointContentsDigest(6ocohxaG28PpepmWYAq1ZKaJreFE4RSVjShnN6MgGmNz), end_of_epoch_data None
[2m2025-03-25T07:54:30.715867Z[0m [32m INFO[0m [1mnode[0m[1m{[0m[3mname[0m[2m=[0mk#b3f3cbb4..[1m}[0m[2m:[0m [2msui_core::state_accumulator[0m[2m:[0m [2mcrates/sui-core/src/state_accumulator.rs[0m[2m:[0m[2m675:[0m accumulating running root for checkpoint 68
[2m2025-03-25T07:54:30.716340Z[0m [32m INFO[0m [1mnode[0m[1m{[0m[3mname[0m[2m=[0mk#b3f3cbb4..[1m}[0m[2m:[0m [2msui_core::state_accumulator[0m[2m:[0m [2mcrates/sui-core/src/state_accumulator.rs[0m[2m:[0m[2m675:[0m accumulating running root for checkpoint 69
[2m2025-03-25T07:54:30.749420Z[0m [32m INFO[0m [1mnode[0m[1m{[0m[3mname[0m[2m=[0mk#99f25ef6..[1m}[0m[2m:[0m [2mconsensus_core::core[0m[2m:[0m [2mconsensus/core/src/core.rs[0m[2m:[0m[2m531:[0m Created block B67(B,S9XRAbqpqzxxOHpXZaVzbkbXTAhkGjag/jxGZs1uuw4=)(1742889270749ms;[B65(B,tdWRfx8eYKdQVOkNXk9LkT//jTwUFpm4Ji8//FWdtZE=), B66(A,XojoZ7xDyx2WCJ6cXO6seUNfayioPWVRHojOFgRF8Q0=), B66(C,SeiRxDiLHG4IYZ32v2zo6sOcjuqChqVMGn4cEb6PTGk=)];5t;2c) for round 67
[2m2025-03-25T07:54:30.761934Z[0m [32m INFO[0m [1mnode[0m[1m{[0m[3mname[0m[2m=[0mk#addeef94..[1m}[0m[2m:[0m [2mconsensus_core::core[0m[2m:[0m [2mconsensus/core/src/core.rs[0m[2m:[0m[2m531:[0m Created block B67(C,kxurveo90CKCsMytqG3lWya8QSg92e5W2IUow/xbkUc=)(1742889270761ms;[B66(C,SeiRxDiLHG4IYZ32v2zo6sOcjuqChqVMGn4cEb6PTGk=), B66(A,XojoZ7xDyx2WCJ6cXO6seUNfayioPWVRHojOFgRF8Q0=)];2t;1c) for round 67
[2m2025-03-25T07:54:30.762121Z[0m [32m INFO[0m [1mnode[0m[1m{[0m[3mname[0m[2m=[0mk#addeef94..[1m}[0m[2m:[0m [2mconsensus_core::core[0m[2m:[0m [2mconsensus/core/src/core.rs[0m[2m:[0m[2m630:[0m Committing 1 leaders: B65(B,tdWR)
[2m2025-03-25T07:54:30.762222Z[0m [32m INFO[0m [1mnode[0m[1m{[0m[3mname[0m[2m=[0mk#addeef94..[1m}[0m[2m:[0m [2mconsensus_core::commit_observer[0m[2m:[0m [2mconsensus/core/src/commit_observer.rs[0m[2m:[0m[2m173:[0m Consensus commit C64(yOQV) with leader B65(B,tdWR) has 3 blocks
[2m2025-03-25T07:54:30.762612Z[0m [32m INFO[0m [1mnode[0m[1m{[0m[3mname[0m[2m=[0mk#addeef94..[1m}[0m[2m:[0m [2msui_core::consensus_handler[0m[2m:[0m [2mcrates/sui-core/src/consensus_handler.rs[0m[2m:[0m[2m232:[0m Received consensus output [3mconsensus_commit[0m[2m=[0mCommittedSubDag(leader=B65(B,tdWR), ref=C64(yOQV), blocks=[oAe9, bkFR, tdWR]) [3mepoch[0m[2m=[0m0
[2m2025-03-25T07:54:30.764028Z[0m [32m INFO[0m [1mnode[0m[1m{[0m[3mname[0m[2m=[0mk#8dcff6d1..[1m}[0m[2m:[0m [2mconsensus_core::core[0m[2m:[0m [2mconsensus/core/src/core.rs[0m[2m:[0m[2m531:[0m Created block B67(A,ul6cwmUex4OkwnoEl31joR7gPW4PO3V0SMeqc/YHdWY=)(1742889270763ms;[B66(A,XojoZ7xDyx2WCJ6cXO6seUNfayioPWVRHojOFgRF8Q0=), B66(C,SeiRxDiLHG4IYZ32v2zo6sOcjuqChqVMGn4cEb6PTGk=)];2t;1c) for round 67
[2m2025-03-25T07:54:30.765544Z[0m [32m INFO[0m [1mnode[0m[1m{[0m[3mname[0m[2m=[0mk#99f25ef6..[1m}[0m[2m:[0m [2mconsensus_core::core[0m[2m:[0m [2mconsensus/core/src/core.rs[0m[2m:[0m[2m630:[0m Committing 1 leaders: B65(B,tdWR)
[2m2025-03-25T07:54:30.765633Z[0m [32m INFO[0m [1mnode[0m[1m{[0m[3mname[0m[2m=[0mk#99f25ef6..[1m}[0m[2m:[0m [2mconsensus_core::commit_observer[0m[2m:[0m [2mconsensus/core/src/commit_observer.rs[0m[2m:[0m[2m173:[0m Consensus commit C64(yOQV) with leader B65(B,tdWR) has 3 blocks
[2m2025-03-25T07:54:30.765707Z[0m [32m INFO[0m [1mnode[0m[1m{[0m[3mname[0m[2m=[0mk#99f25ef6..[1m}[0m[2m:[0m [2msui_core::consensus_handler[0m[2m:[0m [2mcrates/sui-core/src/consensus_handler.rs[0m[2m:[0m[2m232:[0m Received consensus output [3mconsensus_commit[0m[2m=[0mCommittedSubDag(leader=B65(B,tdWR), ref=C64(yOQV), blocks=[oAe9, bkFR, tdWR]) [3mepoch[0m[2m=[0m0
[2m2025-03-25T07:54:30.768421Z[0m [32m INFO[0m [1mnode[0m[1m{[0m[3mname[0m[2m=[0mk#8dcff6d1..[1m}[0m[2m:[0m [2msui_core::checkpoints::checkpoint_output[0m[2m:[0m [2mcrates/sui-core/src/checkpoints/checkpoint_output.rs[0m[2m:[0m[2m196:[0m Certified checkpoint with sequence 118 and digest 3PpgVh5RJBj31Mruqed2PQpPzNKFJNqdhFGGBNLpf4Fu
[2m2025-03-25T07:54:30.768447Z[0m [32m INFO[0m [1mnode[0m[1m{[0m[3mname[0m[2m=[0mk#8dcff6d1..[1m}[0m[2m:[0m [2msui_core::checkpoints::checkpoint_output[0m[2m:[0m [2mcrates/sui-core/src/checkpoints/checkpoint_output.rs[0m[2m:[0m[2m196:[0m Certified checkpoint with sequence 119 and digest DfbeeMhEgLPEKLC4LW7PHRz4dThuUttNAVkPo1zieYZZ
[2m2025-03-25T07:54:30.768603Z[0m [32m INFO[0m [1mnode[0m[1m{[0m[3mname[0m[2m=[0mk#8dcff6d1..[1m}[0m[2m:[0m [2mconsensus_core::core[0m[2m:[0m [2mconsensus/core/src/core.rs[0m[2m:[0m[2m630:[0m Committing 1 leaders: B65(B,tdWR)
[2m2025-03-25T07:54:30.768709Z[0m [32m INFO[0m [1mnode[0m[1m{[0m[3mname[0m[2m=[0mk#8dcff6d1..[1m}[0m[2m:[0m [2mconsensus_core::commit_observer[0m[2m:[0m [2mconsensus/core/src/commit_observer.rs[0m[2m:[0m[2m173:[0m Consensus commit C64(yOQV) with leader B65(B,tdWR) has 3 blocks
[2m2025-03-25T07:54:30.769381Z[0m [32m INFO[0m [1mnode[0m[1m{[0m[3mname[0m[2m=[0mk#8dcff6d1..[1m}[0m[2m:[0m [2msui_core::consensus_handler[0m[2m:[0m [2mcrates/sui-core/src/consensus_handler.rs[0m[2m:[0m[2m232:[0m Received consensus output [3mconsensus_commit[0m[2m=[0mCommittedSubDag(leader=B65(B,tdWR), ref=C64(yOQV), blocks=[oAe9, bkFR, tdWR]) [3mepoch[0m[2m=[0m0
[2m2025-03-25T07:54:30.770119Z[0m [32m INFO[0m [1mnode[0m[1m{[0m[3mname[0m[2m=[0mk#8dcff6d1..[1m}[0m[2m:[0m [2msui_core::checkpoints::checkpoint_executor[0m[2m:[0m [2mcrates/sui-core/src/checkpoints/checkpoint_executor/mod.rs[0m[2m:[0m[2m332:[0m Received checkpoint summary from state sync [3msequence_number[0m[2m=[0m118
[2m2025-03-25T07:54:30.770255Z[0m [32m INFO[0m [1mnode[0m[1m{[0m[3mname[0m[2m=[0mk#8dcff6d1..[1m}[0m[2m:[0m [2msui_core::checkpoints::checkpoint_executor[0m[2m:[0m [2mcrates/sui-core/src/checkpoints/checkpoint_executor/mod.rs[0m[2m:[0m[2m332:[0m Received checkpoint summary from state sync [3msequence_number[0m[2m=[0m119
[2m2025-03-25T07:54:30.809330Z[0m [32m INFO[0m [1mnode[0m[1m{[0m[3mname[0m[2m=[0mk#b3f3cbb4..[1m}[0m[2m:[0m [2msui_core::state_accumulator[0m[2m:[0m [2mcrates/sui-core/src/state_accumulator.rs[0m[2m:[0m[2m675:[0m accumulating running root for checkpoint 70
[2m2025-03-25T07:54:30.809707Z[0m [32m INFO[0m [1mnode[0m[1m{[0m[3mname[0m[2m=[0mk#8dcff6d1..[1m}[0m[2m:[0m [2msui_core::state_accumulator[0m[2m:[0m [2mcrates/sui-core/src/state_accumulator.rs[0m[2m:[0m[2m675:[0m accumulating running root for checkpoint 118
[2m2025-03-25T07:54:30.809814Z[0m [32m INFO[0m [1mnode[0m[1m{[0m[3mname[0m[2m=[0mk#b3f3cbb4..[1m}[0m[2m:[0m [2msui_core::state_accumulator[0m[2m:[0m [2mcrates/sui-core/src/state_accumulator.rs[0m[2m:[0m[2m675:[0m accumulating running root for checkpoint 71
[2m2025-03-25T07:54:30.810140Z[0m [32m INFO[0m [1mnode[0m[1m{[0m[3mname[0m[2m=[0mk#8dcff6d1..[1m}[0m[2m:[0m [2msui_core::state_accumulator[0m[2m:[0m [2mcrates/sui-core/src/state_accumulator.rs[0m[2m:[0m[2m675:[0m accumulating running root for checkpoint 119
[2m2025-03-25T07:54:30.861476Z[0m [32m INFO[0m [1mnode[0m[1m{[0m[3mname[0m[2m=[0mk#8dcff6d1..[1m}[0m[2m:[0m [2msui_core::checkpoints[0m[2m:[0m [2mcrates/sui-core/src/checkpoints/mod.rs[0m[2m:[0m[2m1326:[0m Creating checkpoint(s) for 1 transactions [3mnext_checkpoint_seq[0m[2m=[0m120 [3mcheckpoint_timestamp[0m[2m=[0m1742889270192
[2m2025-03-25T07:54:30.861603Z[0m [32m INFO[0m [1mnode[0m[1m{[0m[3mname[0m[2m=[0mk#addeef94..[1m}[0m[2m:[0m [2msui_core::checkpoints[0m[2m:[0m [2mcrates/sui-core/src/checkpoints/mod.rs[0m[2m:[0m[2m1326:[0m Creating checkpoint(s) for 1 transactions [3mnext_checkpoint_seq[0m[2m=[0m120 [3mcheckpoint_timestamp[0m[2m=[0m1742889270192
[2m2025-03-25T07:54:30.861718Z[0m [32m INFO[0m [1mnode[0m[1m{[0m[3mname[0m[2m=[0mk#8dcff6d1..[1m}[0m[2m:[0m [2msui_core::checkpoints::checkpoint_output[0m[2m:[0m [2mcrates/sui-core/src/checkpoints/checkpoint_output.rs[0m[2m:[0m[2m149:[0m Creating checkpoint CheckpointDigest(GRGkGDv2XbgnHUd6by4KQcKVHiq4JE9apBwB9PexnAtk) at epoch 0, sequence 120, previous digest Some(CheckpointDigest(DfbeeMhEgLPEKLC4LW7PHRz4dThuUttNAVkPo1zieYZZ)), transactions count 1, content digest CheckpointContentsDigest(4QmaVHYGqZcA8nBwnHZx3Sygu7YFgaVauRJV5CtPBQzq), end_of_epoch_data None
[2m2025-03-25T07:54:30.861774Z[0m [32m INFO[0m [1mnode[0m[1m{[0m[3mname[0m[2m=[0mk#addeef94..[1m}[0m[2m:[0m [2msui_core::checkpoints::checkpoint_output[0m[2m:[0m [2mcrates/sui-core/src/checkpoints/checkpoint_output.rs[0m[2m:[0m[2m149:[0m Creating checkpoint CheckpointDigest(GRGkGDv2XbgnHUd6by4KQcKVHiq4JE9apBwB9PexnAtk) at epoch 0, sequence 120, previous digest Some(CheckpointDigest(DfbeeMhEgLPEKLC4LW7PHRz4dThuUttNAVkPo1zieYZZ)), transactions count 1, content digest CheckpointContentsDigest(4QmaVHYGqZcA8nBwnHZx3Sygu7YFgaVauRJV5CtPBQzq), end_of_epoch_data None
[2m2025-03-25T07:54:30.865035Z[0m [32m INFO[0m [1mnode[0m[1m{[0m[3mname[0m[2m=[0mk#99f25ef6..[1m}[0m[2m:[0m [2msui_core::checkpoints[0m[2m:[0m [2mcrates/sui-core/src/checkpoints/mod.rs[0m[2m:[0m[2m1326:[0m Creating checkpoint(s) for 1 transactions [3mnext_checkpoint_seq[0m[2m=[0m120 [3mcheckpoint_timestamp[0m[2m=[0m1742889270192
[2m2025-03-25T07:54:30.865208Z[0m [32m INFO[0m [1mnode[0m[1m{[0m[3mname[0m[2m=[0mk#99f25ef6..[1m}[0m[2m:[0m [2msui_core::checkpoints::checkpoint_output[0m[2m:[0m [2mcrates/sui-core/src/checkpoints/checkpoint_output.rs[0m[2m:[0m[2m149:[0m Creating checkpoint CheckpointDigest(GRGkGDv2XbgnHUd6by4KQcKVHiq4JE9apBwB9PexnAtk) at epoch 0, sequence 120, previous digest Some(CheckpointDigest(DfbeeMhEgLPEKLC4LW7PHRz4dThuUttNAVkPo1zieYZZ)), transactions count 1, content digest CheckpointContentsDigest(4QmaVHYGqZcA8nBwnHZx3Sygu7YFgaVauRJV5CtPBQzq), end_of_epoch_data None
[2m2025-03-25T07:54:30.867957Z[0m [32m INFO[0m [1mnode[0m[1m{[0m[3mname[0m[2m=[0mk#addeef94..[1m}[0m[2m:[0m [2msui_core::checkpoints::checkpoint_executor[0m[2m:[0m [2mcrates/sui-core/src/checkpoints/checkpoint_executor/mod.rs[0m[2m:[0m[2m332:[0m Received checkpoint summary from state sync [3msequence_number[0m[2m=[0m118
[2m2025-03-25T07:54:30.868096Z[0m [32m INFO[0m [1mnode[0m[1m{[0m[3mname[0m[2m=[0mk#addeef94..[1m}[0m[2m:[0m [2msui_core::checkpoints::checkpoint_executor[0m[2m:[0m [2mcrates/sui-core/src/checkpoints/checkpoint_executor/mod.rs[0m[2m:[0m[2m332:[0m Received checkpoint summary from state sync [3msequence_number[0m[2m=[0m119
[2m2025-03-25T07:54:30.869804Z[0m [32m INFO[0m [1mnode[0m[1m{[0m[3mname[0m[2m=[0mk#99f25ef6..[1m}[0m[2m:[0m [2msui_core::checkpoints::checkpoint_output[0m[2m:[0m [2mcrates/sui-core/src/checkpoints/checkpoint_output.rs[0m[2m:[0m[2m196:[0m Certified checkpoint with sequence 118 and digest 3PpgVh5RJBj31Mruqed2PQpPzNKFJNqdhFGGBNLpf4Fu
[2m2025-03-25T07:54:30.869825Z[0m [32m INFO[0m [1mnode[0m[1m{[0m[3mname[0m[2m=[0mk#99f25ef6..[1m}[0m[2m:[0m [2msui_core::checkpoints::checkpoint_output[0m[2m:[0m [2mcrates/sui-core/src/checkpoints/checkpoint_output.rs[0m[2m:[0m[2m196:[0m Certified checkpoint with sequence 119 and digest DfbeeMhEgLPEKLC4LW7PHRz4dThuUttNAVkPo1zieYZZ
[2m2025-03-25T07:54:30.870120Z[0m [32m INFO[0m [1mnode[0m[1m{[0m[3mname[0m[2m=[0mk#addeef94..[1m}[0m[2m:[0m [2msui_core::state_accumulator[0m[2m:[0m [2mcrates/sui-core/src/state_accumulator.rs[0m[2m:[0m[2m675:[0m accumulating running root for checkpoint 118
[2m2025-03-25T07:54:30.870573Z[0m [32m INFO[0m [1mnode[0m[1m{[0m[3mname[0m[2m=[0mk#addeef94..[1m}[0m[2m:[0m [2msui_core::state_accumulator[0m[2m:[0m [2mcrates/sui-core/src/state_accumulator.rs[0m[2m:[0m[2m675:[0m accumulating running root for checkpoint 119
[2m2025-03-25T07:54:30.871266Z[0m [32m INFO[0m [1mnode[0m[1m{[0m[3mname[0m[2m=[0mk#99f25ef6..[1m}[0m[2m:[0m [2msui_core::checkpoints::checkpoint_executor[0m[2m:[0m [2mcrates/sui-core/src/checkpoints/checkpoint_executor/mod.rs[0m[2m:[0m[2m332:[0m Received checkpoint summary from state sync [3msequence_number[0m[2m=[0m118
[2m2025-03-25T07:54:30.871385Z[0m [32m INFO[0m [1mnode[0m[1m{[0m[3mname[0m[2m=[0mk#99f25ef6..[1m}[0m[2m:[0m [2msui_core::checkpoints::checkpoint_executor[0m[2m:[0m [2mcrates/sui-core/src/checkpoints/checkpoint_executor/mod.rs[0m[2m:[0m[2m332:[0m Received checkpoint summary from state sync [3msequence_number[0m[2m=[0m119
[2m2025-03-25T07:54:30.873568Z[0m [32m INFO[0m [1mnode[0m[1m{[0m[3mname[0m[2m=[0mk#99f25ef6..[1m}[0m[2m:[0m [2msui_core::state_accumulator[0m[2m:[0m [2mcrates/sui-core/src/state_accumulator.rs[0m[2m:[0m[2m675:[0m accumulating running root for checkpoint 118
[2m2025-03-25T07:54:30.873981Z[0m [32m INFO[0m [1mnode[0m[1m{[0m[3mname[0m[2m=[0mk#99f25ef6..[1m}[0m[2m:[0m [2msui_core::state_accumulator[0m[2m:[0m [2mcrates/sui-core/src/state_accumulator.rs[0m[2m:[0m[2m675:[0m accumulating running root for checkpoint 119
[2m2025-03-25T07:54:30.907845Z[0m [32m INFO[0m [1mnode[0m[1m{[0m[3mname[0m[2m=[0mk#b3f3cbb4..[1m}[0m[2m:[0m [2msui_core::state_accumulator[0m[2m:[0m [2mcrates/sui-core/src/state_accumulator.rs[0m[2m:[0m[2m675:[0m accumulating running root for checkpoint 72
[2m2025-03-25T07:54:30.908376Z[0m [32m INFO[0m [1mnode[0m[1m{[0m[3mname[0m[2m=[0mk#b3f3cbb4..[1m}[0m[2m:[0m [2msui_core::state_accumulator[0m[2m:[0m [2mcrates/sui-core/src/state_accumulator.rs[0m[2m:[0m[2m675:[0m accumulating running root for checkpoint 73
[2m2025-03-25T07:54:30.908572Z[0m [32m INFO[0m [1mnode[0m[1m{[0m[3mname[0m[2m=[0mk#b3f3cbb4..[1m}[0m[2m:[0m [2msui_core::checkpoints::checkpoint_executor[0m[2m:[0m [2mcrates/sui-core/src/checkpoints/checkpoint_executor/mod.rs[0m[2m:[0m[2m332:[0m Received checkpoint summary from state sync [3msequence_number[0m[2m=[0m114
[2m2025-03-25T07:54:30.908616Z[0m [32m INFO[0m [1mnode[0m[1m{[0m[3mname[0m[2m=[0mk#b3f3cbb4..[1m}[0m[2m:[0m [2msui_core::checkpoints::checkpoint_executor[0m[2m:[0m [2mcrates/sui-core/src/checkpoints/checkpoint_executor/mod.rs[0m[2m:[0m[2m332:[0m Received checkpoint summary from state sync [3msequence_number[0m[2m=[0m115
[2m2025-03-25T07:54:30.963292Z[0m [32m INFO[0m [1mnode[0m[1m{[0m[3mname[0m[2m=[0mk#8dcff6d1..[1m}[0m[2m:[0m [2msui_core::checkpoints[0m[2m:[0m [2mcrates/sui-core/src/checkpoints/mod.rs[0m[2m:[0m[2m1326:[0m Creating checkpoint(s) for 1 transactions [3mnext_checkpoint_seq[0m[2m=[0m121 [3mcheckpoint_timestamp[0m[2m=[0m1742889270192
[2m2025-03-25T07:54:30.963532Z[0m [32m INFO[0m [1mnode[0m[1m{[0m[3mname[0m[2m=[0mk#8dcff6d1..[1m}[0m[2m:[0m [2msui_core::checkpoints::checkpoint_output[0m[2m:[0m [2mcrates/sui-core/src/checkpoints/checkpoint_output.rs[0m[2m:[0m[2m149:[0m Creating checkpoint CheckpointDigest(HdRjaxHkgjVMJLaZAR36U2KRsAZ4nxAmzy8f82yPgTcU) at epoch 0, sequence 121, previous digest Some(CheckpointDigest(GRGkGDv2XbgnHUd6by4KQcKVHiq4JE9apBwB9PexnAtk)), transactions count 1, content digest CheckpointContentsDigest(Dam9wWPoCcacT5fiMs7c8abifZr3qqkQMXqrk9QUq5mG), end_of_epoch_data None
[2m2025-03-25T07:54:30.970047Z[0m [32m INFO[0m [1mnode[0m[1m{[0m[3mname[0m[2m=[0mk#addeef94..[1m}[0m[2m:[0m [2msui_core::checkpoints[0m[2m:[0m [2mcrates/sui-core/src/checkpoints/mod.rs[0m[2m:[0m[2m1326:[0m Creating checkpoint(s) for 1 transactions [3mnext_checkpoint_seq[0m[2m=[0m121 [3mcheckpoint_timestamp[0m[2m=[0m1742889270192
[2m2025-03-25T07:54:30.970241Z[0m [32m INFO[0m [1mnode[0m[1m{[0m[3mname[0m[2m=[0mk#addeef94..[1m}[0m[2m:[0m [2msui_core::checkpoints::checkpoint_output[0m[2m:[0m [2mcrates/sui-core/src/checkpoints/checkpoint_output.rs[0m[2m:[0m[2m149:[0m Creating checkpoint CheckpointDigest(HdRjaxHkgjVMJLaZAR36U2KRsAZ4nxAmzy8f82yPgTcU) at epoch 0, sequence 121, previous digest Some(CheckpointDigest(GRGkGDv2XbgnHUd6by4KQcKVHiq4JE9apBwB9PexnAtk)), transactions count 1, content digest CheckpointContentsDigest(Dam9wWPoCcacT5fiMs7c8abifZr3qqkQMXqrk9QUq5mG), end_of_epoch_data None
[2m2025-03-25T07:54:30.978871Z[0m [32m INFO[0m [1mnode[0m[1m{[0m[3mname[0m[2m=[0mk#99f25ef6..[1m}[0m[2m:[0m [2msui_core::checkpoints[0m[2m:[0m [2mcrates/sui-core/src/checkpoints/mod.rs[0m[2m:[0m[2m1326:[0m Creating checkpoint(s) for 1 transactions [3mnext_checkpoint_seq[0m[2m=[0m121 [3mcheckpoint_timestamp[0m[2m=[0m1742889270192
[2m2025-03-25T07:54:30.979060Z[0m [32m INFO[0m [1mnode[0m[1m{[0m[3mname[0m[2m=[0mk#99f25ef6..[1m}[0m[2m:[0m [2msui_core::checkpoints::checkpoint_output[0m[2m:[0m [2mcrates/sui-core/src/checkpoints/checkpoint_output.rs[0m[2m:[0m[2m149:[0m Creating checkpoint CheckpointDigest(HdRjaxHkgjVMJLaZAR36U2KRsAZ4nxAmzy8f82yPgTcU) at epoch 0, sequence 121, previous digest Some(CheckpointDigest(GRGkGDv2XbgnHUd6by4KQcKVHiq4JE9apBwB9PexnAtk)), transactions count 1, content digest CheckpointContentsDigest(Dam9wWPoCcacT5fiMs7c8abifZr3qqkQMXqrk9QUq5mG), end_of_epoch_data None
[2m2025-03-25T07:54:31.000465Z[0m [32m INFO[0m [1mnode[0m[1m{[0m[3mname[0m[2m=[0mk#b3f3cbb4..[1m}[0m[2m:[0m [2msui_core::state_accumulator[0m[2m:[0m [2mcrates/sui-core/src/state_accumulator.rs[0m[2m:[0m[2m675:[0m accumulating running root for checkpoint 74
[2m2025-03-25T07:54:31.000942Z[0m [32m INFO[0m [1mnode[0m[1m{[0m[3mname[0m[2m=[0mk#b3f3cbb4..[1m}[0m[2m:[0m [2msui_core::state_accumulator[0m[2m:[0m [2mcrates/sui-core/src/state_accumulator.rs[0m[2m:[0m[2m675:[0m accumulating running root for checkpoint 75
[2m2025-03-25T07:54:31.014168Z[0m [32m INFO[0m [1mnode[0m[1m{[0m[3mname[0m[2m=[0mk#addeef94..[1m}[0m[2m:[0m [2mconsensus_core::core[0m[2m:[0m [2mconsensus/core/src/core.rs[0m[2m:[0m[2m531:[0m Created block B68(C,eU+46xXyuvpLsMrvzrHuO/NMox/TMgkEivaya0bnsPY=)(1742889271013ms;[B67(C,kxurveo90CKCsMytqG3lWya8QSg92e5W2IUow/xbkUc=), B67(A,ul6cwmUex4OkwnoEl31joR7gPW4PO3V0SMeqc/YHdWY=), B67(B,S9XRAbqpqzxxOHpXZaVzbkbXTAhkGjag/jxGZs1uuw4=)];2t;1c) for round 68
[2m2025-03-25T07:54:31.016830Z[0m [32m INFO[0m [1mnode[0m[1m{[0m[3mname[0m[2m=[0mk#99f25ef6..[1m}[0m[2m:[0m [2mconsensus_core::core[0m[2m:[0m [2mconsensus/core/src/core.rs[0m[2m:[0m[2m531:[0m Created block B68(B,Z638PzI9JQfstmYV6PFSW8qhVjwNWnW0IDVJ2Wgp+mw=)(1742889271016ms;[B67(B,S9XRAbqpqzxxOHpXZaVzbkbXTAhkGjag/jxGZs1uuw4=), B67(A,ul6cwmUex4OkwnoEl31joR7gPW4PO3V0SMeqc/YHdWY=), B67(C,kxurveo90CKCsMytqG3lWya8QSg92e5W2IUow/xbkUc=)];2t;1c) for round 68
[2m2025-03-25T07:54:31.016913Z[0m [32m INFO[0m [1mnode[0m[1m{[0m[3mname[0m[2m=[0mk#99f25ef6..[1m}[0m[2m:[0m [2mconsensus_core::core[0m[2m:[0m [2mconsensus/core/src/core.rs[0m[2m:[0m[2m630:[0m Committing 1 leaders: B66(C,SeiR)
[2m2025-03-25T07:54:31.016983Z[0m [32m INFO[0m [1mnode[0m[1m{[0m[3mname[0m[2m=[0mk#99f25ef6..[1m}[0m[2m:[0m [2mconsensus_core::commit_observer[0m[2m:[0m [2mconsensus/core/src/commit_observer.rs[0m[2m:[0m[2m173:[0m Consensus commit C65(6tjE) with leader B66(C,SeiR) has 3 blocks
[2m2025-03-25T07:54:31.017073Z[0m [32m INFO[0m [1mnode[0m[1m{[0m[3mname[0m[2m=[0mk#99f25ef6..[1m}[0m[2m:[0m [2msui_core::consensus_handler[0m[2m:[0m [2mcrates/sui-core/src/consensus_handler.rs[0m[2m:[0m[2m232:[0m Received consensus output [3mconsensus_commit[0m[2m=[0mCommittedSubDag(leader=B66(C,SeiR), ref=C65(6tjE), blocks=[ofgk, 21uH, SeiR]) [3mepoch[0m[2m=[0m0
[2m2025-03-25T07:54:31.020231Z[0m [32m INFO[0m [1mnode[0m[1m{[0m[3mname[0m[2m=[0mk#addeef94..[1m}[0m[2m:[0m [2mconsensus_core::core[0m[2m:[0m [2mconsensus/core/src/core.rs[0m[2m:[0m[2m630:[0m Committing 1 leaders: B66(C,SeiR)
[2m2025-03-25T07:54:31.020320Z[0m [32m INFO[0m [1mnode[0m[1m{[0m[3mname[0m[2m=[0mk#addeef94..[1m}[0m[2m:[0m [2mconsensus_core::commit_observer[0m[2m:[0m [2mconsensus/core/src/commit_observer.rs[0m[2m:[0m[2m173:[0m Consensus commit C65(6tjE) with leader B66(C,SeiR) has 3 blocks
[2m2025-03-25T07:54:31.020397Z[0m [32m INFO[0m [1mnode[0m[1m{[0m[3mname[0m[2m=[0mk#addeef94..[1m}[0m[2m:[0m [2msui_core::consensus_handler[0m[2m:[0m [2mcrates/sui-core/src/consensus_handler.rs[0m[2m:[0m[2m232:[0m Received consensus output [3mconsensus_commit[0m[2m=[0mCommittedSubDag(leader=B66(C,SeiR), ref=C65(6tjE), blocks=[ofgk, 21uH, SeiR]) [3mepoch[0m[2m=[0m0
[2m2025-03-25T07:54:31.065401Z[0m [32m INFO[0m [1mnode[0m[1m{[0m[3mname[0m[2m=[0mk#8dcff6d1..[1m}[0m[2m:[0m [2mconsensus_core::core[0m[2m:[0m [2mconsensus/core/src/core.rs[0m[2m:[0m[2m531:[0m Created block B68(A,yv5h7u7V5X0casR9yi8+olCT2j1M09ZPwA6M1Y1CHBs=)(1742889271065ms;[B67(A,ul6cwmUex4OkwnoEl31joR7gPW4PO3V0SMeqc/YHdWY=), B67(B,S9XRAbqpqzxxOHpXZaVzbkbXTAhkGjag/jxGZs1uuw4=), B67(C,kxurveo90CKCsMytqG3lWya8QSg92e5W2IUow/xbkUc=)];2t;1c) for round 68
[2m2025-03-25T07:54:31.065634Z[0m [32m INFO[0m [1mnode[0m[1m{[0m[3mname[0m[2m=[0mk#8dcff6d1..[1m}[0m[2m:[0m [2mconsensus_core::core[0m[2m:[0m [2mconsensus/core/src/core.rs[0m[2m:[0m[2m630:[0m Committing 1 leaders: B66(C,SeiR)
[2m2025-03-25T07:54:31.065740Z[0m [32m INFO[0m [1mnode[0m[1m{[0m[3mname[0m[2m=[0mk#8dcff6d1..[1m}[0m[2m:[0m [2mconsensus_core::commit_observer[0m[2m:[0m [2mconsensus/core/src/commit_observer.rs[0m[2m:[0m[2m173:[0m Consensus commit C65(6tjE) with leader B66(C,SeiR) has 3 blocks
[2m2025-03-25T07:54:31.067989Z[0m [32m INFO[0m [1mnode[0m[1m{[0m[3mname[0m[2m=[0mk#8dcff6d1..[1m}[0m[2m:[0m [2msui_core::checkpoints::checkpoint_output[0m[2m:[0m [2mcrates/sui-core/src/checkpoints/checkpoint_output.rs[0m[2m:[0m[2m196:[0m Certified checkpoint with sequence 120 and digest GRGkGDv2XbgnHUd6by4KQcKVHiq4JE9apBwB9PexnAtk
[2m2025-03-25T07:54:31.068018Z[0m [32m INFO[0m [1mnode[0m[1m{[0m[3mname[0m[2m=[0mk#8dcff6d1..[1m}[0m[2m:[0m [2msui_core::checkpoints::checkpoint_output[0m[2m:[0m [2mcrates/sui-core/src/checkpoints/checkpoint_output.rs[0m[2m:[0m[2m196:[0m Certified checkpoint with sequence 121 and digest HdRjaxHkgjVMJLaZAR36U2KRsAZ4nxAmzy8f82yPgTcU
[2m2025-03-25T07:54:31.068165Z[0m [32m INFO[0m [1mnode[0m[1m{[0m[3mname[0m[2m=[0mk#8dcff6d1..[1m}[0m[2m:[0m [2msui_core::consensus_handler[0m[2m:[0m [2mcrates/sui-core/src/consensus_handler.rs[0m[2m:[0m[2m232:[0m Received consensus output [3mconsensus_commit[0m[2m=[0mCommittedSubDag(leader=B66(C,SeiR), ref=C65(6tjE), blocks=[ofgk, 21uH, SeiR]) [3mepoch[0m[2m=[0m0
[2m2025-03-25T07:54:31.107373Z[0m [32m INFO[0m [1mnode[0m[1m{[0m[3mname[0m[2m=[0mk#8dcff6d1..[1m}[0m[2m:[0m [2msui_core::checkpoints::checkpoint_executor[0m[2m:[0m [2mcrates/sui-core/src/checkpoints/checkpoint_executor/mod.rs[0m[2m:[0m[2m332:[0m Received checkpoint summary from state sync [3msequence_number[0m[2m=[0m120
[2m2025-03-25T07:54:31.107533Z[0m [32m INFO[0m [1mnode[0m[1m{[0m[3mname[0m[2m=[0mk#8dcff6d1..[1m}[0m[2m:[0m [2msui_core::checkpoints::checkpoint_executor[0m[2m:[0m [2mcrates/sui-core/src/checkpoints/checkpoint_executor/mod.rs[0m[2m:[0m[2m332:[0m Received checkpoint summary from state sync [3msequence_number[0m[2m=[0m121
[2m2025-03-25T07:54:31.111271Z[0m [32m INFO[0m [1mnode[0m[1m{[0m[3mname[0m[2m=[0mk#99f25ef6..[1m}[0m[2m:[0m [2msui_core::checkpoints[0m[2m:[0m [2mcrates/sui-core/src/checkpoints/mod.rs[0m[2m:[0m[2m1326:[0m Creating checkpoint(s) for 2 transactions [3mnext_checkpoint_seq[0m[2m=[0m122 [3mcheckpoint_timestamp[0m[2m=[0m1742889270461
[2m2025-03-25T07:54:31.111742Z[0m [32m INFO[0m [1mnode[0m[1m{[0m[3mname[0m[2m=[0mk#99f25ef6..[1m}[0m[2m:[0m [2msui_core::checkpoints::checkpoint_output[0m[2m:[0m [2mcrates/sui-core/src/checkpoints/checkpoint_output.rs[0m[2m:[0m[2m149:[0m Creating checkpoint CheckpointDigest(5Eq8L8fPsnwMYtpqL3apaiCBuyywqM9R8yjwcHSBywrk) at epoch 0, sequence 122, previous digest Some(CheckpointDigest(HdRjaxHkgjVMJLaZAR36U2KRsAZ4nxAmzy8f82yPgTcU)), transactions count 2, content digest CheckpointContentsDigest(F8DvEcn9WrsCzj27HowbdBXLXFTFNXWLqohyn5Jx95Js), end_of_epoch_data None
[2m2025-03-25T07:54:31.113761Z[0m [32m INFO[0m [1mnode[0m[1m{[0m[3mname[0m[2m=[0mk#addeef94..[1m}[0m[2m:[0m [2msui_core::checkpoints[0m[2m:[0m [2mcrates/sui-core/src/checkpoints/mod.rs[0m[2m:[0m[2m1326:[0m Creating checkpoint(s) for 2 transactions [3mnext_checkpoint_seq[0m[2m=[0m122 [3mcheckpoint_timestamp[0m[2m=[0m1742889270461
[2m2025-03-25T07:54:31.114187Z[0m [32m INFO[0m [1mnode[0m[1m{[0m[3mname[0m[2m=[0mk#addeef94..[1m}[0m[2m:[0m [2msui_core::checkpoints::checkpoint_output[0m[2m:[0m [2mcrates/sui-core/src/checkpoints/checkpoint_output.rs[0m[2m:[0m[2m149:[0m Creating checkpoint CheckpointDigest(5Eq8L8fPsnwMYtpqL3apaiCBuyywqM9R8yjwcHSBywrk) at epoch 0, sequence 122, previous digest Some(CheckpointDigest(HdRjaxHkgjVMJLaZAR36U2KRsAZ4nxAmzy8f82yPgTcU)), transactions count 2, content digest CheckpointContentsDigest(F8DvEcn9WrsCzj27HowbdBXLXFTFNXWLqohyn5Jx95Js), end_of_epoch_data None
[2m2025-03-25T07:54:31.116735Z[0m [32m INFO[0m [1mnode[0m[1m{[0m[3mname[0m[2m=[0mk#99f25ef6..[1m}[0m[2m:[0m [2msui_core::checkpoints::checkpoint_output[0m[2m:[0m [2mcrates/sui-core/src/checkpoints/checkpoint_output.rs[0m[2m:[0m[2m196:[0m Certified checkpoint with sequence 120 and digest GRGkGDv2XbgnHUd6by4KQcKVHiq4JE9apBwB9PexnAtk
[2m2025-03-25T07:54:31.116757Z[0m [32m INFO[0m [1mnode[0m[1m{[0m[3mname[0m[2m=[0mk#99f25ef6..[1m}[0m[2m:[0m [2msui_core::checkpoints::checkpoint_output[0m[2m:[0m [2mcrates/sui-core/src/checkpoints/checkpoint_output.rs[0m[2m:[0m[2m196:[0m Certified checkpoint with sequence 121 and digest HdRjaxHkgjVMJLaZAR36U2KRsAZ4nxAmzy8f82yPgTcU
[2m2025-03-25T07:54:31.117748Z[0m [32m INFO[0m [1mnode[0m[1m{[0m[3mname[0m[2m=[0mk#99f25ef6..[1m}[0m[2m:[0m [2msui_core::checkpoints::checkpoint_executor[0m[2m:[0m [2mcrates/sui-core/src/checkpoints/checkpoint_executor/mod.rs[0m[2m:[0m[2m332:[0m Received checkpoint summary from state sync [3msequence_number[0m[2m=[0m120
[2m2025-03-25T07:54:31.117879Z[0m [32m INFO[0m [1mnode[0m[1m{[0m[3mname[0m[2m=[0mk#99f25ef6..[1m}[0m[2m:[0m [2msui_core::checkpoints::checkpoint_executor[0m[2m:[0m [2mcrates/sui-core/src/checkpoints/checkpoint_executor/mod.rs[0m[2m:[0m[2m332:[0m Received checkpoint summary from state sync [3msequence_number[0m[2m=[0m121
[2m2025-03-25T07:54:31.119968Z[0m [32m INFO[0m [1mnode[0m[1m{[0m[3mname[0m[2m=[0mk#99f25ef6..[1m}[0m[2m:[0m [2msui_core::state_accumulator[0m[2m:[0m [2mcrates/sui-core/src/state_accumulator.rs[0m[2m:[0m[2m675:[0m accumulating running root for checkpoint 120
[2m2025-03-25T07:54:31.120428Z[0m [32m INFO[0m [1mnode[0m[1m{[0m[3mname[0m[2m=[0mk#99f25ef6..[1m}[0m[2m:[0m [2msui_core::state_accumulator[0m[2m:[0m [2mcrates/sui-core/src/state_accumulator.rs[0m[2m:[0m[2m675:[0m accumulating running root for checkpoint 121
[2m2025-03-25T07:54:31.132801Z[0m [32m INFO[0m [1mnode[0m[1m{[0m[3mname[0m[2m=[0mk#8dcff6d1..[1m}[0m[2m:[0m [2msui_core::state_accumulator[0m[2m:[0m [2mcrates/sui-core/src/state_accumulator.rs[0m[2m:[0m[2m675:[0m accumulating running root for checkpoint 120
[2m2025-03-25T07:54:31.133229Z[0m [32m INFO[0m [1mnode[0m[1m{[0m[3mname[0m[2m=[0mk#8dcff6d1..[1m}[0m[2m:[0m [2msui_core::state_accumulator[0m[2m:[0m [2mcrates/sui-core/src/state_accumulator.rs[0m[2m:[0m[2m675:[0m accumulating running root for checkpoint 121
[2m2025-03-25T07:54:31.139345Z[0m [32m INFO[0m [1mnode[0m[1m{[0m[3mname[0m[2m=[0mk#b3f3cbb4..[1m}[0m[2m:[0m [2msui_core::state_accumulator[0m[2m:[0m [2mcrates/sui-core/src/state_accumulator.rs[0m[2m:[0m[2m675:[0m accumulating running root for checkpoint 76
[2m2025-03-25T07:54:31.139783Z[0m [32m INFO[0m [1mnode[0m[1m{[0m[3mname[0m[2m=[0mk#b3f3cbb4..[1m}[0m[2m:[0m [2msui_core::state_accumulator[0m[2m:[0m [2mcrates/sui-core/src/state_accumulator.rs[0m[2m:[0m[2m675:[0m accumulating running root for checkpoint 77
[2m2025-03-25T07:54:31.158859Z[0m [32m INFO[0m [1mnode[0m[1m{[0m[3mname[0m[2m=[0mk#8dcff6d1..[1m}[0m[2m:[0m [2msui_core::checkpoints[0m[2m:[0m [2mcrates/sui-core/src/checkpoints/mod.rs[0m[2m:[0m[2m1326:[0m Creating checkpoint(s) for 2 transactions [3mnext_checkpoint_seq[0m[2m=[0m122 [3mcheckpoint_timestamp[0m[2m=[0m1742889270461
[2m2025-03-25T07:54:31.159319Z[0m [32m INFO[0m [1mnode[0m[1m{[0m[3mname[0m[2m=[0mk#8dcff6d1..[1m}[0m[2m:[0m [2msui_core::checkpoints::checkpoint_output[0m[2m:[0m [2mcrates/sui-core/src/checkpoints/checkpoint_output.rs[0m[2m:[0m[2m149:[0m Creating checkpoint CheckpointDigest(5Eq8L8fPsnwMYtpqL3apaiCBuyywqM9R8yjwcHSBywrk) at epoch 0, sequence 122, previous digest Some(CheckpointDigest(HdRjaxHkgjVMJLaZAR36U2KRsAZ4nxAmzy8f82yPgTcU)), transactions count 2, content digest CheckpointContentsDigest(F8DvEcn9WrsCzj27HowbdBXLXFTFNXWLqohyn5Jx95Js), end_of_epoch_data None
[2m2025-03-25T07:54:31.219576Z[0m [32m INFO[0m [1mnode[0m[1m{[0m[3mname[0m[2m=[0mk#addeef94..[1m}[0m[2m:[0m [2msui_core::checkpoints[0m[2m:[0m [2mcrates/sui-core/src/checkpoints/mod.rs[0m[2m:[0m[2m1326:[0m Creating checkpoint(s) for 1 transactions [3mnext_checkpoint_seq[0m[2m=[0m123 [3mcheckpoint_timestamp[0m[2m=[0m1742889270461
[2m2025-03-25T07:54:31.219854Z[0m [32m INFO[0m [1mnode[0m[1m{[0m[3mname[0m[2m=[0mk#addeef94..[1m}[0m[2m:[0m [2msui_core::checkpoints::checkpoint_output[0m[2m:[0m [2mcrates/sui-core/src/checkpoints/checkpoint_output.rs[0m[2m:[0m[2m149:[0m Creating checkpoint CheckpointDigest(29Zka8ftdXZGAGnHbCBnREHU84gUX9oKyGSrrf8foRUz) at epoch 0, sequence 123, previous digest Some(CheckpointDigest(5Eq8L8fPsnwMYtpqL3apaiCBuyywqM9R8yjwcHSBywrk)), transactions count 1, content digest CheckpointContentsDigest(CZrb4cX9ynHGu2sCoSeT7EySY7Qn3Nu61Cd61kHQRZYi), end_of_epoch_data None
[2m2025-03-25T07:54:31.219887Z[0m [32m INFO[0m [1mnode[0m[1m{[0m[3mname[0m[2m=[0mk#99f25ef6..[1m}[0m[2m:[0m [2msui_core::checkpoints[0m[2m:[0m [2mcrates/sui-core/src/checkpoints/mod.rs[0m[2m:[0m[2m1326:[0m Creating checkpoint(s) for 1 transactions [3mnext_checkpoint_seq[0m[2m=[0m123 [3mcheckpoint_timestamp[0m[2m=[0m1742889270461
[2m2025-03-25T07:54:31.220074Z[0m [32m INFO[0m [1mnode[0m[1m{[0m[3mname[0m[2m=[0mk#99f25ef6..[1m}[0m[2m:[0m [2msui_core::checkpoints::checkpoint_output[0m[2m:[0m [2mcrates/sui-core/src/checkpoints/checkpoint_output.rs[0m[2m:[0m[2m149:[0m Creating checkpoint CheckpointDigest(29Zka8ftdXZGAGnHbCBnREHU84gUX9oKyGSrrf8foRUz) at epoch 0, sequence 123, previous digest Some(CheckpointDigest(5Eq8L8fPsnwMYtpqL3apaiCBuyywqM9R8yjwcHSBywrk)), transactions count 1, content digest CheckpointContentsDigest(CZrb4cX9ynHGu2sCoSeT7EySY7Qn3Nu61Cd61kHQRZYi), end_of_epoch_data None
[2m2025-03-25T07:54:31.225263Z[0m [32m INFO[0m [1mnode[0m[1m{[0m[3mname[0m[2m=[0mk#addeef94..[1m}[0m[2m:[0m [2msui_core::checkpoints::checkpoint_executor[0m[2m:[0m [2mcrates/sui-core/src/checkpoints/checkpoint_executor/mod.rs[0m[2m:[0m[2m332:[0m Received checkpoint summary from state sync [3msequence_number[0m[2m=[0m120
[2m2025-03-25T07:54:31.225396Z[0m [32m INFO[0m [1mnode[0m[1m{[0m[3mname[0m[2m=[0mk#addeef94..[1m}[0m[2m:[0m [2msui_core::checkpoints::checkpoint_executor[0m[2m:[0m [2mcrates/sui-core/src/checkpoints/checkpoint_executor/mod.rs[0m[2m:[0m[2m332:[0m Received checkpoint summary from state sync [3msequence_number[0m[2m=[0m121
[2m2025-03-25T07:54:31.226670Z[0m [32m INFO[0m [1mnode[0m[1m{[0m[3mname[0m[2m=[0mk#addeef94..[1m}[0m[2m:[0m [2msui_core::state_accumulator[0m[2m:[0m [2mcrates/sui-core/src/state_accumulator.rs[0m[2m:[0m[2m675:[0m accumulating running root for checkpoint 120
[2m2025-03-25T07:54:31.227118Z[0m [32m INFO[0m [1mnode[0m[1m{[0m[3mname[0m[2m=[0mk#addeef94..[1m}[0m[2m:[0m [2msui_core::state_accumulator[0m[2m:[0m [2mcrates/sui-core/src/state_accumulator.rs[0m[2m:[0m[2m675:[0m accumulating running root for checkpoint 121
[2m2025-03-25T07:54:31.231488Z[0m [32m INFO[0m [1mnode[0m[1m{[0m[3mname[0m[2m=[0mk#b3f3cbb4..[1m}[0m[2m:[0m [2msui_core::state_accumulator[0m[2m:[0m [2mcrates/sui-core/src/state_accumulator.rs[0m[2m:[0m[2m675:[0m accumulating running root for checkpoint 78
[2m2025-03-25T07:54:31.231764Z[0m [32m INFO[0m [1mnode[0m[1m{[0m[3mname[0m[2m=[0mk#b3f3cbb4..[1m}[0m[2m:[0m [2msui_core::checkpoints::checkpoint_executor[0m[2m:[0m [2mcrates/sui-core/src/checkpoints/checkpoint_executor/mod.rs[0m[2m:[0m[2m332:[0m Received checkpoint summary from state sync [3msequence_number[0m[2m=[0m116
[2m2025-03-25T07:54:31.232025Z[0m [32m INFO[0m [1mnode[0m[1m{[0m[3mname[0m[2m=[0mk#b3f3cbb4..[1m}[0m[2m:[0m [2msui_core::state_accumulator[0m[2m:[0m [2mcrates/sui-core/src/state_accumulator.rs[0m[2m:[0m[2m675:[0m accumulating running root for checkpoint 79
[2m2025-03-25T07:54:31.232209Z[0m [32m INFO[0m [1mnode[0m[1m{[0m[3mname[0m[2m=[0mk#b3f3cbb4..[1m}[0m[2m:[0m [2msui_core::checkpoints::checkpoint_executor[0m[2m:[0m [2mcrates/sui-core/src/checkpoints/checkpoint_executor/mod.rs[0m[2m:[0m[2m332:[0m Received checkpoint summary from state sync [3msequence_number[0m[2m=[0m117
[2m2025-03-25T07:54:31.268425Z[0m [32m INFO[0m [1mnode[0m[1m{[0m[3mname[0m[2m=[0mk#8dcff6d1..[1m}[0m[2m:[0m [2msui_core::checkpoints[0m[2m:[0m [2mcrates/sui-core/src/checkpoints/mod.rs[0m[2m:[0m[2m1326:[0m Creating checkpoint(s) for 1 transactions [3mnext_checkpoint_seq[0m[2m=[0m123 [3mcheckpoint_timestamp[0m[2m=[0m1742889270461
[2m2025-03-25T07:54:31.268677Z[0m [32m INFO[0m [1mnode[0m[1m{[0m[3mname[0m[2m=[0mk#8dcff6d1..[1m}[0m[2m:[0m [2msui_core::checkpoints::checkpoint_output[0m[2m:[0m [2mcrates/sui-core/src/checkpoints/checkpoint_output.rs[0m[2m:[0m[2m149:[0m Creating checkpoint CheckpointDigest(29Zka8ftdXZGAGnHbCBnREHU84gUX9oKyGSrrf8foRUz) at epoch 0, sequence 123, previous digest Some(CheckpointDigest(5Eq8L8fPsnwMYtpqL3apaiCBuyywqM9R8yjwcHSBywrk)), transactions count 1, content digest CheckpointContentsDigest(CZrb4cX9ynHGu2sCoSeT7EySY7Qn3Nu61Cd61kHQRZYi), end_of_epoch_data None
[2m2025-03-25T07:54:31.282704Z[0m [32m INFO[0m [1mnode[0m[1m{[0m[3mname[0m[2m=[0mk#99f25ef6..[1m}[0m[2m:[0m [2mconsensus_core::core[0m[2m:[0m [2mconsensus/core/src/core.rs[0m[2m:[0m[2m531:[0m Created block B69(B,ZFC/RIy0yqRfLzlhzNH41jrr9txh45DIkT+EhD3NRKo=)(1742889271282ms;[B68(B,Z638PzI9JQfstmYV6PFSW8qhVjwNWnW0IDVJ2Wgp+mw=), B68(A,yv5h7u7V5X0casR9yi8+olCT2j1M09ZPwA6M1Y1CHBs=), B68(C,eU+46xXyuvpLsMrvzrHuO/NMox/TMgkEivaya0bnsPY=)];2t;1c) for round 69
[2m2025-03-25T07:54:31.285712Z[0m [32m INFO[0m [1mnode[0m[1m{[0m[3mname[0m[2m=[0mk#addeef94..[1m}[0m[2m:[0m [2mconsensus_core::core[0m[2m:[0m [2mconsensus/core/src/core.rs[0m[2m:[0m[2m531:[0m Created block B69(C,DiUBU8976WFe1id5oXCD871tDTvKlmROowuLA88ltjk=)(1742889271285ms;[B68(C,eU+46xXyuvpLsMrvzrHuO/NMox/TMgkEivaya0bnsPY=), B68(A,yv5h7u7V5X0casR9yi8+olCT2j1M09ZPwA6M1Y1CHBs=), B68(B,Z638PzI9JQfstmYV6PFSW8qhVjwNWnW0IDVJ2Wgp+mw=)];3t;1c) for round 69
[2m2025-03-25T07:54:31.285880Z[0m [32m INFO[0m [1mnode[0m[1m{[0m[3mname[0m[2m=[0mk#addeef94..[1m}[0m[2m:[0m [2mconsensus_core::core[0m[2m:[0m [2mconsensus/core/src/core.rs[0m[2m:[0m[2m630:[0m Committing 1 leaders: B67(B,S9XR)
[2m2025-03-25T07:54:31.285963Z[0m [32m INFO[0m [1mnode[0m[1m{[0m[3mname[0m[2m=[0mk#addeef94..[1m}[0m[2m:[0m [2mconsensus_core::commit_observer[0m[2m:[0m [2mconsensus/core/src/commit_observer.rs[0m[2m:[0m[2m173:[0m Consensus commit C66(sxiL) with leader B67(B,S9XR) has 2 blocks
[2m2025-03-25T07:54:31.286413Z[0m [32m INFO[0m [1mnode[0m[1m{[0m[3mname[0m[2m=[0mk#addeef94..[1m}[0m[2m:[0m [2msui_core::consensus_handler[0m[2m:[0m [2mcrates/sui-core/src/consensus_handler.rs[0m[2m:[0m[2m232:[0m Received consensus output [3mconsensus_commit[0m[2m=[0mCommittedSubDag(leader=B67(B,S9XR), ref=C66(sxiL), blocks=[Xojo, S9XR]) [3mepoch[0m[2m=[0m0
[2m2025-03-25T07:54:31.289772Z[0m [32m INFO[0m [1mnode[0m[1m{[0m[3mname[0m[2m=[0mk#99f25ef6..[1m}[0m[2m:[0m [2mconsensus_core::core[0m[2m:[0m [2mconsensus/core/src/core.rs[0m[2m:[0m[2m630:[0m Committing 1 leaders: B67(B,S9XR)
[2m2025-03-25T07:54:31.289854Z[0m [32m INFO[0m [1mnode[0m[1m{[0m[3mname[0m[2m=[0mk#99f25ef6..[1m}[0m[2m:[0m [2mconsensus_core::commit_observer[0m[2m:[0m [2mconsensus/core/src/commit_observer.rs[0m[2m:[0m[2m173:[0m Consensus commit C66(sxiL) with leader B67(B,S9XR) has 2 blocks
[2m2025-03-25T07:54:31.289927Z[0m [32m INFO[0m [1mnode[0m[1m{[0m[3mname[0m[2m=[0mk#99f25ef6..[1m}[0m[2m:[0m [2msui_core::consensus_handler[0m[2m:[0m [2mcrates/sui-core/src/consensus_handler.rs[0m[2m:[0m[2m232:[0m Received consensus output [3mconsensus_commit[0m[2m=[0mCommittedSubDag(leader=B67(B,S9XR), ref=C66(sxiL), blocks=[Xojo, S9XR]) [3mepoch[0m[2m=[0m0
[2m2025-03-25T07:54:31.291463Z[0m [32m INFO[0m [1mnode[0m[1m{[0m[3mname[0m[2m=[0mk#8dcff6d1..[1m}[0m[2m:[0m [2msui_core::checkpoints::checkpoint_output[0m[2m:[0m [2mcrates/sui-core/src/checkpoints/checkpoint_output.rs[0m[2m:[0m[2m196:[0m Certified checkpoint with sequence 122 and digest 5Eq8L8fPsnwMYtpqL3apaiCBuyywqM9R8yjwcHSBywrk
[2m2025-03-25T07:54:31.291488Z[0m [32m INFO[0m [1mnode[0m[1m{[0m[3mname[0m[2m=[0mk#8dcff6d1..[1m}[0m[2m:[0m [2msui_core::checkpoints::checkpoint_output[0m[2m:[0m [2mcrates/sui-core/src/checkpoints/checkpoint_output.rs[0m[2m:[0m[2m196:[0m Certified checkpoint with sequence 123 and digest 29Zka8ftdXZGAGnHbCBnREHU84gUX9oKyGSrrf8foRUz
[2m2025-03-25T07:54:31.291647Z[0m [32m INFO[0m [1mnode[0m[1m{[0m[3mname[0m[2m=[0mk#8dcff6d1..[1m}[0m[2m:[0m [2mconsensus_core::core[0m[2m:[0m [2mconsensus/core/src/core.rs[0m[2m:[0m[2m630:[0m Committing 1 leaders: B67(B,S9XR)
[2m2025-03-25T07:54:31.291766Z[0m [32m INFO[0m [1mnode[0m[1m{[0m[3mname[0m[2m=[0mk#8dcff6d1..[1m}[0m[2m:[0m [2mconsensus_core::commit_observer[0m[2m:[0m [2mconsensus/core/src/commit_observer.rs[0m[2m:[0m[2m173:[0m Consensus commit C66(sxiL) with leader B67(B,S9XR) has 2 blocks
[2m2025-03-25T07:54:31.292459Z[0m [32m INFO[0m [1mnode[0m[1m{[0m[3mname[0m[2m=[0mk#8dcff6d1..[1m}[0m[2m:[0m [2msui_core::consensus_handler[0m[2m:[0m [2mcrates/sui-core/src/consensus_handler.rs[0m[2m:[0m[2m232:[0m Received consensus output [3mconsensus_commit[0m[2m=[0mCommittedSubDag(leader=B67(B,S9XR), ref=C66(sxiL), blocks=[Xojo, S9XR]) [3mepoch[0m[2m=[0m0
[2m2025-03-25T07:54:31.293421Z[0m [32m INFO[0m [1mnode[0m[1m{[0m[3mname[0m[2m=[0mk#8dcff6d1..[1m}[0m[2m:[0m [2msui_core::checkpoints::checkpoint_executor[0m[2m:[0m [2mcrates/sui-core/src/checkpoints/checkpoint_executor/mod.rs[0m[2m:[0m[2m332:[0m Received checkpoint summary from state sync [3msequence_number[0m[2m=[0m122
[2m2025-03-25T07:54:31.293555Z[0m [32m INFO[0m [1mnode[0m[1m{[0m[3mname[0m[2m=[0mk#8dcff6d1..[1m}[0m[2m:[0m [2msui_core::checkpoints::checkpoint_executor[0m[2m:[0m [2mcrates/sui-core/src/checkpoints/checkpoint_executor/mod.rs[0m[2m:[0m[2m332:[0m Received checkpoint summary from state sync [3msequence_number[0m[2m=[0m123
[2m2025-03-25T07:54:31.330205Z[0m [32m INFO[0m [1mnode[0m[1m{[0m[3mname[0m[2m=[0mk#b3f3cbb4..[1m}[0m[2m:[0m [2msui_core::state_accumulator[0m[2m:[0m [2mcrates/sui-core/src/state_accumulator.rs[0m[2m:[0m[2m675:[0m accumulating running root for checkpoint 80
[2m2025-03-25T07:54:31.330686Z[0m [32m INFO[0m [1mnode[0m[1m{[0m[3mname[0m[2m=[0mk#b3f3cbb4..[1m}[0m[2m:[0m [2msui_core::state_accumulator[0m[2m:[0m [2mcrates/sui-core/src/state_accumulator.rs[0m[2m:[0m[2m675:[0m accumulating running root for checkpoint 81
[2m2025-03-25T07:54:31.333165Z[0m [32m INFO[0m [1mnode[0m[1m{[0m[3mname[0m[2m=[0mk#8dcff6d1..[1m}[0m[2m:[0m [2msui_core::state_accumulator[0m[2m:[0m [2mcrates/sui-core/src/state_accumulator.rs[0m[2m:[0m[2m675:[0m accumulating running root for checkpoint 122
[2m2025-03-25T07:54:31.333610Z[0m [32m INFO[0m [1mnode[0m[1m{[0m[3mname[0m[2m=[0mk#8dcff6d1..[1m}[0m[2m:[0m [2msui_core::state_accumulator[0m[2m:[0m [2mcrates/sui-core/src/state_accumulator.rs[0m[2m:[0m[2m675:[0m accumulating running root for checkpoint 123
[2m2025-03-25T07:54:31.379963Z[0m [32m INFO[0m [1mnode[0m[1m{[0m[3mname[0m[2m=[0mk#8dcff6d1..[1m}[0m[2m:[0m [2msui_core::checkpoints[0m[2m:[0m [2mcrates/sui-core/src/checkpoints/mod.rs[0m[2m:[0m[2m1326:[0m Creating checkpoint(s) for 2 transactions [3mnext_checkpoint_seq[0m[2m=[0m124 [3mcheckpoint_timestamp[0m[2m=[0m1742889270749
[2m2025-03-25T07:54:31.380455Z[0m [32m INFO[0m [1mnode[0m[1m{[0m[3mname[0m[2m=[0mk#8dcff6d1..[1m}[0m[2m:[0m [2msui_core::checkpoints::checkpoint_output[0m[2m:[0m [2mcrates/sui-core/src/checkpoints/checkpoint_output.rs[0m[2m:[0m[2m149:[0m Creating checkpoint CheckpointDigest(BLbG7QLhoHiucCKoRBLiSfM47LjC1VBFYEQVFGdWEGc1) at epoch 0, sequence 124, previous digest Some(CheckpointDigest(29Zka8ftdXZGAGnHbCBnREHU84gUX9oKyGSrrf8foRUz)), transactions count 2, content digest CheckpointContentsDigest(BmQLSpoaY6hVBNB9UeFMdBNeHdhKbRbW1Hfq22H9ZhVF), end_of_epoch_data None
[2m2025-03-25T07:54:31.386406Z[0m [32m INFO[0m [1mnode[0m[1m{[0m[3mname[0m[2m=[0mk#addeef94..[1m}[0m[2m:[0m [2msui_core::checkpoints[0m[2m:[0m [2mcrates/sui-core/src/checkpoints/mod.rs[0m[2m:[0m[2m1326:[0m Creating checkpoint(s) for 2 transactions [3mnext_checkpoint_seq[0m[2m=[0m124 [3mcheckpoint_timestamp[0m[2m=[0m1742889270749
[2m2025-03-25T07:54:31.386824Z[0m [32m INFO[0m [1mnode[0m[1m{[0m[3mname[0m[2m=[0mk#addeef94..[1m}[0m[2m:[0m [2msui_core::checkpoints::checkpoint_output[0m[2m:[0m [2mcrates/sui-core/src/checkpoints/checkpoint_output.rs[0m[2m:[0m[2m149:[0m Creating checkpoint CheckpointDigest(BLbG7QLhoHiucCKoRBLiSfM47LjC1VBFYEQVFGdWEGc1) at epoch 0, sequence 124, previous digest Some(CheckpointDigest(29Zka8ftdXZGAGnHbCBnREHU84gUX9oKyGSrrf8foRUz)), transactions count 2, content digest CheckpointContentsDigest(BmQLSpoaY6hVBNB9UeFMdBNeHdhKbRbW1Hfq22H9ZhVF), end_of_epoch_data None
[2m2025-03-25T07:54:31.388557Z[0m [32m INFO[0m [1mnode[0m[1m{[0m[3mname[0m[2m=[0mk#99f25ef6..[1m}[0m[2m:[0m [2msui_core::checkpoints[0m[2m:[0m [2mcrates/sui-core/src/checkpoints/mod.rs[0m[2m:[0m[2m1326:[0m Creating checkpoint(s) for 2 transactions [3mnext_checkpoint_seq[0m[2m=[0m124 [3mcheckpoint_timestamp[0m[2m=[0m1742889270749
[2m2025-03-25T07:54:31.388962Z[0m [32m INFO[0m [1mnode[0m[1m{[0m[3mname[0m[2m=[0mk#99f25ef6..[1m}[0m[2m:[0m [2msui_core::checkpoints::checkpoint_output[0m[2m:[0m [2mcrates/sui-core/src/checkpoints/checkpoint_output.rs[0m[2m:[0m[2m149:[0m Creating checkpoint CheckpointDigest(BLbG7QLhoHiucCKoRBLiSfM47LjC1VBFYEQVFGdWEGc1) at epoch 0, sequence 124, previous digest Some(CheckpointDigest(29Zka8ftdXZGAGnHbCBnREHU84gUX9oKyGSrrf8foRUz)), transactions count 2, content digest CheckpointContentsDigest(BmQLSpoaY6hVBNB9UeFMdBNeHdhKbRbW1Hfq22H9ZhVF), end_of_epoch_data None
[2m2025-03-25T07:54:31.391915Z[0m [32m INFO[0m [1mnode[0m[1m{[0m[3mname[0m[2m=[0mk#addeef94..[1m}[0m[2m:[0m [2msui_core::checkpoints::checkpoint_executor[0m[2m:[0m [2mcrates/sui-core/src/checkpoints/checkpoint_executor/mod.rs[0m[2m:[0m[2m332:[0m Received checkpoint summary from state sync [3msequence_number[0m[2m=[0m122
[2m2025-03-25T07:54:31.392050Z[0m [32m INFO[0m [1mnode[0m[1m{[0m[3mname[0m[2m=[0mk#addeef94..[1m}[0m[2m:[0m [2msui_core::checkpoints::checkpoint_executor[0m[2m:[0m [2mcrates/sui-core/src/checkpoints/checkpoint_executor/mod.rs[0m[2m:[0m[2m332:[0m Received checkpoint summary from state sync [3msequence_number[0m[2m=[0m123
[2m2025-03-25T07:54:31.394090Z[0m [32m INFO[0m [1mnode[0m[1m{[0m[3mname[0m[2m=[0mk#addeef94..[1m}[0m[2m:[0m [2msui_core::state_accumulator[0m[2m:[0m [2mcrates/sui-core/src/state_accumulator.rs[0m[2m:[0m[2m675:[0m accumulating running root for checkpoint 122
[2m2025-03-25T07:54:31.394520Z[0m [32m INFO[0m [1mnode[0m[1m{[0m[3mname[0m[2m=[0mk#addeef94..[1m}[0m[2m:[0m [2msui_core::state_accumulator[0m[2m:[0m [2mcrates/sui-core/src/state_accumulator.rs[0m[2m:[0m[2m675:[0m accumulating running root for checkpoint 123
[2m2025-03-25T07:54:31.394606Z[0m [32m INFO[0m [1mnode[0m[1m{[0m[3mname[0m[2m=[0mk#99f25ef6..[1m}[0m[2m:[0m [2msui_core::checkpoints::checkpoint_executor[0m[2m:[0m [2mcrates/sui-core/src/checkpoints/checkpoint_executor/mod.rs[0m[2m:[0m[2m332:[0m Received checkpoint summary from state sync [3msequence_number[0m[2m=[0m102
[2m2025-03-25T07:54:31.394723Z[0m [32m INFO[0m [1mnode[0m[1m{[0m[3mname[0m[2m=[0mk#99f25ef6..[1m}[0m[2m:[0m [2msui_core::checkpoints::checkpoint_executor[0m[2m:[0m [2mcrates/sui-core/src/checkpoints/checkpoint_executor/mod.rs[0m[2m:[0m[2m332:[0m Received checkpoint summary from state sync [3msequence_number[0m[2m=[0m103
[2m2025-03-25T07:54:31.394764Z[0m [32m INFO[0m [1mnode[0m[1m{[0m[3mname[0m[2m=[0mk#99f25ef6..[1m}[0m[2m:[0m [2msui_core::checkpoints::checkpoint_executor[0m[2m:[0m [2mcrates/sui-core/src/checkpoints/checkpoint_executor/mod.rs[0m[2m:[0m[2m332:[0m Received checkpoint summary from state sync [3msequence_number[0m[2m=[0m104
[2m2025-03-25T07:54:31.394805Z[0m [32m INFO[0m [1mnode[0m[1m{[0m[3mname[0m[2m=[0mk#99f25ef6..[1m}[0m[2m:[0m [2msui_core::checkpoints::checkpoint_executor[0m[2m:[0m [2mcrates/sui-core/src/checkpoints/checkpoint_executor/mod.rs[0m[2m:[0m[2m332:[0m Received checkpoint summary from state sync [3msequence_number[0m[2m=[0m105
[2m2025-03-25T07:54:31.394844Z[0m [32m INFO[0m [1mnode[0m[1m{[0m[3mname[0m[2m=[0mk#99f25ef6..[1m}[0m[2m:[0m [2msui_core::checkpoints::checkpoint_executor[0m[2m:[0m [2mcrates/sui-core/src/checkpoints/checkpoint_executor/mod.rs[0m[2m:[0m[2m332:[0m Received checkpoint summary from state sync [3msequence_number[0m[2m=[0m106
[2m2025-03-25T07:54:31.394885Z[0m [32m INFO[0m [1mnode[0m[1m{[0m[3mname[0m[2m=[0mk#99f25ef6..[1m}[0m[2m:[0m [2msui_core::checkpoints::checkpoint_executor[0m[2m:[0m [2mcrates/sui-core/src/checkpoints/checkpoint_executor/mod.rs[0m[2m:[0m[2m332:[0m Received checkpoint summary from state sync [3msequence_number[0m[2m=[0m107
[2m2025-03-25T07:54:31.394923Z[0m [32m INFO[0m [1mnode[0m[1m{[0m[3mname[0m[2m=[0mk#99f25ef6..[1m}[0m[2m:[0m [2msui_core::checkpoints::checkpoint_executor[0m[2m:[0m [2mcrates/sui-core/src/checkpoints/checkpoint_executor/mod.rs[0m[2m:[0m[2m332:[0m Received checkpoint summary from state sync [3msequence_number[0m[2m=[0m108
[2m2025-03-25T07:54:31.394962Z[0m [32m INFO[0m [1mnode[0m[1m{[0m[3mname[0m[2m=[0mk#99f25ef6..[1m}[0m[2m:[0m [2msui_core::checkpoints::checkpoint_executor[0m[2m:[0m [2mcrates/sui-core/src/checkpoints/checkpoint_executor/mod.rs[0m[2m:[0m[2m332:[0m Received checkpoint summary from state sync [3msequence_number[0m[2m=[0m109
[2m2025-03-25T07:54:31.395000Z[0m [32m INFO[0m [1mnode[0m[1m{[0m[3mname[0m[2m=[0mk#99f25ef6..[1m}[0m[2m:[0m [2msui_core::checkpoints::checkpoint_executor[0m[2m:[0m [2mcrates/sui-core/src/checkpoints/checkpoint_executor/mod.rs[0m[2m:[0m[2m332:[0m Received checkpoint summary from state sync [3msequence_number[0m[2m=[0m110
[2m2025-03-25T07:54:31.395042Z[0m [32m INFO[0m [1mnode[0m[1m{[0m[3mname[0m[2m=[0mk#99f25ef6..[1m}[0m[2m:[0m [2msui_core::checkpoints::checkpoint_executor[0m[2m:[0m [2mcrates/sui-core/src/checkpoints/checkpoint_executor/mod.rs[0m[2m:[0m[2m332:[0m Received checkpoint summary from state sync [3msequence_number[0m[2m=[0m111
[2m2025-03-25T07:54:31.395080Z[0m [32m INFO[0m [1mnode[0m[1m{[0m[3mname[0m[2m=[0mk#99f25ef6..[1m}[0m[2m:[0m [2msui_core::checkpoints::checkpoint_executor[0m[2m:[0m [2mcrates/sui-core/src/checkpoints/checkpoint_executor/mod.rs[0m[2m:[0m[2m332:[0m Received checkpoint summary from state sync [3msequence_number[0m[2m=[0m112
[2m2025-03-25T07:54:31.395117Z[0m [32m INFO[0m [1mnode[0m[1m{[0m[3mname[0m[2m=[0mk#99f25ef6..[1m}[0m[2m:[0m [2msui_core::checkpoints::checkpoint_executor[0m[2m:[0m [2mcrates/sui-core/src/checkpoints/checkpoint_executor/mod.rs[0m[2m:[0m[2m332:[0m Received checkpoint summary from state sync [3msequence_number[0m[2m=[0m113
[2m2025-03-25T07:54:31.395155Z[0m [32m INFO[0m [1mnode[0m[1m{[0m[3mname[0m[2m=[0mk#99f25ef6..[1m}[0m[2m:[0m [2msui_core::checkpoints::checkpoint_executor[0m[2m:[0m [2mcrates/sui-core/src/checkpoints/checkpoint_executor/mod.rs[0m[2m:[0m[2m332:[0m Received checkpoint summary from state sync [3msequence_number[0m[2m=[0m114
[2m2025-03-25T07:54:31.395192Z[0m [32m INFO[0m [1mnode[0m[1m{[0m[3mname[0m[2m=[0mk#99f25ef6..[1m}[0m[2m:[0m [2msui_core::checkpoints::checkpoint_executor[0m[2m:[0m [2mcrates/sui-core/src/checkpoints/checkpoint_executor/mod.rs[0m[2m:[0m[2m332:[0m Received checkpoint summary from state sync [3msequence_number[0m[2m=[0m115
[2m2025-03-25T07:54:31.395229Z[0m [32m INFO[0m [1mnode[0m[1m{[0m[3mname[0m[2m=[0mk#99f25ef6..[1m}[0m[2m:[0m [2msui_core::checkpoints::checkpoint_executor[0m[2m:[0m [2mcrates/sui-core/src/checkpoints/checkpoint_executor/mod.rs[0m[2m:[0m[2m332:[0m Received checkpoint summary from state sync [3msequence_number[0m[2m=[0m116
[2m2025-03-25T07:54:31.395266Z[0m [32m INFO[0m [1mnode[0m[1m{[0m[3mname[0m[2m=[0mk#99f25ef6..[1m}[0m[2m:[0m [2msui_core::checkpoints::checkpoint_executor[0m[2m:[0m [2mcrates/sui-core/src/checkpoints/checkpoint_executor/mod.rs[0m[2m:[0m[2m332:[0m Received checkpoint summary from state sync [3msequence_number[0m[2m=[0m117
[2m2025-03-25T07:54:31.395303Z[0m [32m INFO[0m [1mnode[0m[1m{[0m[3mname[0m[2m=[0mk#99f25ef6..[1m}[0m[2m:[0m [2msui_core::checkpoints::checkpoint_executor[0m[2m:[0m [2mcrates/sui-core/src/checkpoints/checkpoint_executor/mod.rs[0m[2m:[0m[2m332:[0m Received checkpoint summary from state sync [3msequence_number[0m[2m=[0m118
[2m2025-03-25T07:54:31.395339Z[0m [32m INFO[0m [1mnode[0m[1m{[0m[3mname[0m[2m=[0mk#99f25ef6..[1m}[0m[2m:[0m [2msui_core::checkpoints::checkpoint_executor[0m[2m:[0m [2mcrates/sui-core/src/checkpoints/checkpoint_executor/mod.rs[0m[2m:[0m[2m332:[0m Received checkpoint summary from state sync [3msequence_number[0m[2m=[0m119
[2m2025-03-25T07:54:31.395376Z[0m [32m INFO[0m [1mnode[0m[1m{[0m[3mname[0m[2m=[0mk#99f25ef6..[1m}[0m[2m:[0m [2msui_core::checkpoints::checkpoint_executor[0m[2m:[0m [2mcrates/sui-core/src/checkpoints/checkpoint_executor/mod.rs[0m[2m:[0m[2m332:[0m Received checkpoint summary from state sync [3msequence_number[0m[2m=[0m120
[2m2025-03-25T07:54:31.395413Z[0m [32m INFO[0m [1mnode[0m[1m{[0m[3mname[0m[2m=[0mk#99f25ef6..[1m}[0m[2m:[0m [2msui_core::checkpoints::checkpoint_executor[0m[2m:[0m [2mcrates/sui-core/src/checkpoints/checkpoint_executor/mod.rs[0m[2m:[0m[2m332:[0m Received checkpoint summary from state sync [3msequence_number[0m[2m=[0m121
[2m2025-03-25T07:54:31.395455Z[0m [32m INFO[0m [1mnode[0m[1m{[0m[3mname[0m[2m=[0mk#99f25ef6..[1m}[0m[2m:[0m [2msui_core::checkpoints::checkpoint_executor[0m[2m:[0m [2mcrates/sui-core/src/checkpoints/checkpoint_executor/mod.rs[0m[2m:[0m[2m332:[0m Received checkpoint summary from state sync [3msequence_number[0m[2m=[0m122
[2m2025-03-25T07:54:31.395493Z[0m [32m INFO[0m [1mnode[0m[1m{[0m[3mname[0m[2m=[0mk#99f25ef6..[1m}[0m[2m:[0m [2msui_core::checkpoints::checkpoint_executor[0m[2m:[0m [2mcrates/sui-core/src/checkpoints/checkpoint_executor/mod.rs[0m[2m:[0m[2m332:[0m Received checkpoint summary from state sync [3msequence_number[0m[2m=[0m123
[2m2025-03-25T07:54:31.397321Z[0m [32m INFO[0m [1mnode[0m[1m{[0m[3mname[0m[2m=[0mk#99f25ef6..[1m}[0m[2m:[0m [2msui_core::state_accumulator[0m[2m:[0m [2mcrates/sui-core/src/state_accumulator.rs[0m[2m:[0m[2m675:[0m accumulating running root for checkpoint 122
[2m2025-03-25T07:54:31.397733Z[0m [32m INFO[0m [1mnode[0m[1m{[0m[3mname[0m[2m=[0mk#99f25ef6..[1m}[0m[2m:[0m [2msui_core::state_accumulator[0m[2m:[0m [2mcrates/sui-core/src/state_accumulator.rs[0m[2m:[0m[2m675:[0m accumulating running root for checkpoint 123
[2m2025-03-25T07:54:31.422155Z[0m [32m INFO[0m [1mnode[0m[1m{[0m[3mname[0m[2m=[0mk#b3f3cbb4..[1m}[0m[2m:[0m [2msui_core::state_accumulator[0m[2m:[0m [2mcrates/sui-core/src/state_accumulator.rs[0m[2m:[0m[2m675:[0m accumulating running root for checkpoint 82
[2m2025-03-25T07:54:31.422583Z[0m [32m INFO[0m [1mnode[0m[1m{[0m[3mname[0m[2m=[0mk#b3f3cbb4..[1m}[0m[2m:[0m [2msui_core::state_accumulator[0m[2m:[0m [2mcrates/sui-core/src/state_accumulator.rs[0m[2m:[0m[2m675:[0m accumulating running root for checkpoint 83
[2m2025-03-25T07:54:31.486064Z[0m [32m INFO[0m [1mnode[0m[1m{[0m[3mname[0m[2m=[0mk#8dcff6d1..[1m}[0m[2m:[0m [2msui_core::checkpoints[0m[2m:[0m [2mcrates/sui-core/src/checkpoints/mod.rs[0m[2m:[0m[2m1326:[0m Creating checkpoint(s) for 1 transactions [3mnext_checkpoint_seq[0m[2m=[0m125 [3mcheckpoint_timestamp[0m[2m=[0m1742889270749
[2m2025-03-25T07:54:31.486303Z[0m [32m INFO[0m [1mnode[0m[1m{[0m[3mname[0m[2m=[0mk#8dcff6d1..[1m}[0m[2m:[0m [2msui_core::checkpoints::checkpoint_output[0m[2m:[0m [2mcrates/sui-core/src/checkpoints/checkpoint_output.rs[0m[2m:[0m[2m149:[0m Creating checkpoint CheckpointDigest(CpyNPyCDAwW9hvuEHbVLEjQYYg8xKGTeVX2NqcbiBmTf) at epoch 0, sequence 125, previous digest Some(CheckpointDigest(BLbG7QLhoHiucCKoRBLiSfM47LjC1VBFYEQVFGdWEGc1)), transactions count 1, content digest CheckpointContentsDigest(69df1ezAd5JGv5r5L8iH5YdQoko2nrQJxf1xDkFRNUW4), end_of_epoch_data None
[2m2025-03-25T07:54:31.493345Z[0m [32m INFO[0m [1mnode[0m[1m{[0m[3mname[0m[2m=[0mk#addeef94..[1m}[0m[2m:[0m [2msui_core::checkpoints[0m[2m:[0m [2mcrates/sui-core/src/checkpoints/mod.rs[0m[2m:[0m[2m1326:[0m Creating checkpoint(s) for 1 transactions [3mnext_checkpoint_seq[0m[2m=[0m125 [3mcheckpoint_timestamp[0m[2m=[0m1742889270749
[2m2025-03-25T07:54:31.493532Z[0m [32m INFO[0m [1mnode[0m[1m{[0m[3mname[0m[2m=[0mk#addeef94..[1m}[0m[2m:[0m [2msui_core::checkpoints::checkpoint_output[0m[2m:[0m [2mcrates/sui-core/src/checkpoints/checkpoint_output.rs[0m[2m:[0m[2m149:[0m Creating checkpoint CheckpointDigest(CpyNPyCDAwW9hvuEHbVLEjQYYg8xKGTeVX2NqcbiBmTf) at epoch 0, sequence 125, previous digest Some(CheckpointDigest(BLbG7QLhoHiucCKoRBLiSfM47LjC1VBFYEQVFGdWEGc1)), transactions count 1, content digest CheckpointContentsDigest(69df1ezAd5JGv5r5L8iH5YdQoko2nrQJxf1xDkFRNUW4), end_of_epoch_data None
[2m2025-03-25T07:54:31.503051Z[0m [32m INFO[0m [1mnode[0m[1m{[0m[3mname[0m[2m=[0mk#99f25ef6..[1m}[0m[2m:[0m [2msui_core::checkpoints[0m[2m:[0m [2mcrates/sui-core/src/checkpoints/mod.rs[0m[2m:[0m[2m1326:[0m Creating checkpoint(s) for 1 transactions [3mnext_checkpoint_seq[0m[2m=[0m125 [3mcheckpoint_timestamp[0m[2m=[0m1742889270749
[2m2025-03-25T07:54:31.503240Z[0m [32m INFO[0m [1mnode[0m[1m{[0m[3mname[0m[2m=[0mk#99f25ef6..[1m}[0m[2m:[0m [2msui_core::checkpoints::checkpoint_output[0m[2m:[0m [2mcrates/sui-core/src/checkpoints/checkpoint_output.rs[0m[2m:[0m[2m149:[0m Creating checkpoint CheckpointDigest(CpyNPyCDAwW9hvuEHbVLEjQYYg8xKGTeVX2NqcbiBmTf) at epoch 0, sequence 125, previous digest Some(CheckpointDigest(BLbG7QLhoHiucCKoRBLiSfM47LjC1VBFYEQVFGdWEGc1)), transactions count 1, content digest CheckpointContentsDigest(69df1ezAd5JGv5r5L8iH5YdQoko2nrQJxf1xDkFRNUW4), end_of_epoch_data None
[2m2025-03-25T07:54:31.512117Z[0m [32m INFO[0m [1mnode[0m[1m{[0m[3mname[0m[2m=[0mk#b3f3cbb4..[1m}[0m[2m:[0m [2msui_core::state_accumulator[0m[2m:[0m [2mcrates/sui-core/src/state_accumulator.rs[0m[2m:[0m[2m675:[0m accumulating running root for checkpoint 84
[2m2025-03-25T07:54:31.512549Z[0m [32m INFO[0m [1mnode[0m[1m{[0m[3mname[0m[2m=[0mk#b3f3cbb4..[1m}[0m[2m:[0m [2msui_core::state_accumulator[0m[2m:[0m [2mcrates/sui-core/src/state_accumulator.rs[0m[2m:[0m[2m675:[0m accumulating running root for checkpoint 85
[2m2025-03-25T07:54:31.538717Z[0m [32m INFO[0m [1mnode[0m[1m{[0m[3mname[0m[2m=[0mk#addeef94..[1m}[0m[2m:[0m [2mconsensus_core::core[0m[2m:[0m [2mconsensus/core/src/core.rs[0m[2m:[0m[2m531:[0m Created block B70(C,GFRrolzRSDLOVPgLHg3kDZLNiO38mwqW2xA0qCoE3eA=)(1742889271538ms;[B69(C,DiUBU8976WFe1id5oXCD871tDTvKlmROowuLA88ltjk=), B69(B,ZFC/RIy0yqRfLzlhzNH41jrr9txh45DIkT+EhD3NRKo=)];2t;1c) for round 70
[2m2025-03-25T07:54:31.541399Z[0m [32m INFO[0m [1mnode[0m[1m{[0m[3mname[0m[2m=[0mk#99f25ef6..[1m}[0m[2m:[0m [2mconsensus_core::core[0m[2m:[0m [2mconsensus/core/src/core.rs[0m[2m:[0m[2m531:[0m Created block B70(B,qaAbM7wWdVR/iO0b1oQYkr+wOZafM+c9ZUhy1mXRfiE=)(1742889271541ms;[B69(B,ZFC/RIy0yqRfLzlhzNH41jrr9txh45DIkT+EhD3NRKo=), B69(C,DiUBU8976WFe1id5oXCD871tDTvKlmROowuLA88ltjk=)];2t;1c) for round 70
[2m2025-03-25T07:54:31.541408Z[0m [32m INFO[0m [1mnode[0m[1m{[0m[3mname[0m[2m=[0mk#8dcff6d1..[1m}[0m[2m:[0m [2mconsensus_core::core[0m[2m:[0m [2mconsensus/core/src/core.rs[0m[2m:[0m[2m531:[0m Created block B70(A,E7pQ54LADTtypceP/kxJpv5vDg6XUVfysU+XH6sIeeE=)(1742889271541ms;[B68(A,yv5h7u7V5X0casR9yi8+olCT2j1M09ZPwA6M1Y1CHBs=), B69(B,ZFC/RIy0yqRfLzlhzNH41jrr9txh45DIkT+EhD3NRKo=), B69(C,DiUBU8976WFe1id5oXCD871tDTvKlmROowuLA88ltjk=)];4t;2c) for round 70
[2m2025-03-25T07:54:31.541484Z[0m [32m INFO[0m [1mnode[0m[1m{[0m[3mname[0m[2m=[0mk#8dcff6d1..[1m}[0m[2m:[0m [2mconsensus_core::core[0m[2m:[0m [2mconsensus/core/src/core.rs[0m[2m:[0m[2m630:[0m Committing 1 leaders: B68(A,yv5h)
[2m2025-03-25T07:54:31.541484Z[0m [32m INFO[0m [1mnode[0m[1m{[0m[3mname[0m[2m=[0mk#99f25ef6..[1m}[0m[2m:[0m [2mconsensus_core::core[0m[2m:[0m [2mconsensus/core/src/core.rs[0m[2m:[0m[2m630:[0m Committing 1 leaders: B68(A,yv5h)
[2m2025-03-25T07:54:31.541554Z[0m [32m INFO[0m [1mnode[0m[1m{[0m[3mname[0m[2m=[0mk#8dcff6d1..[1m}[0m[2m:[0m [2mconsensus_core::commit_observer[0m[2m:[0m [2mconsensus/core/src/commit_observer.rs[0m[2m:[0m[2m173:[0m Consensus commit C67(yM8V) with leader B68(A,yv5h) has 3 blocks
[2m2025-03-25T07:54:31.541554Z[0m [32m INFO[0m [1mnode[0m[1m{[0m[3mname[0m[2m=[0mk#99f25ef6..[1m}[0m[2m:[0m [2mconsensus_core::commit_observer[0m[2m:[0m [2mconsensus/core/src/commit_observer.rs[0m[2m:[0m[2m173:[0m Consensus commit C67(yM8V) with leader B68(A,yv5h) has 3 blocks
[2m2025-03-25T07:54:31.541647Z[0m [32m INFO[0m [1mnode[0m[1m{[0m[3mname[0m[2m=[0mk#8dcff6d1..[1m}[0m[2m:[0m [2msui_core::consensus_handler[0m[2m:[0m [2mcrates/sui-core/src/consensus_handler.rs[0m[2m:[0m[2m232:[0m Received consensus output [3mconsensus_commit[0m[2m=[0mCommittedSubDag(leader=B68(A,yv5h), ref=C67(yM8V), blocks=[ul6c, kxur, yv5h]) [3mepoch[0m[2m=[0m0
[2m2025-03-25T07:54:31.541647Z[0m [32m INFO[0m [1mnode[0m[1m{[0m[3mname[0m[2m=[0mk#99f25ef6..[1m}[0m[2m:[0m [2msui_core::consensus_handler[0m[2m:[0m [2mcrates/sui-core/src/consensus_handler.rs[0m[2m:[0m[2m232:[0m Received consensus output [3mconsensus_commit[0m[2m=[0mCommittedSubDag(leader=B68(A,yv5h), ref=C67(yM8V), blocks=[ul6c, kxur, yv5h]) [3mepoch[0m[2m=[0m0
[2m2025-03-25T07:54:31.544552Z[0m [32m INFO[0m [1mnode[0m[1m{[0m[3mname[0m[2m=[0mk#addeef94..[1m}[0m[2m:[0m [2mconsensus_core::core[0m[2m:[0m [2mconsensus/core/src/core.rs[0m[2m:[0m[2m630:[0m Committing 1 leaders: B68(A,yv5h)
[2m2025-03-25T07:54:31.544636Z[0m [32m INFO[0m [1mnode[0m[1m{[0m[3mname[0m[2m=[0mk#addeef94..[1m}[0m[2m:[0m [2mconsensus_core::commit_observer[0m[2m:[0m [2mconsensus/core/src/commit_observer.rs[0m[2m:[0m[2m173:[0m Consensus commit C67(yM8V) with leader B68(A,yv5h) has 3 blocks
[2m2025-03-25T07:54:31.544708Z[0m [32m INFO[0m [1mnode[0m[1m{[0m[3mname[0m[2m=[0mk#addeef94..[1m}[0m[2m:[0m [2msui_core::consensus_handler[0m[2m:[0m [2mcrates/sui-core/src/consensus_handler.rs[0m[2m:[0m[2m232:[0m Received consensus output [3mconsensus_commit[0m[2m=[0mCommittedSubDag(leader=B68(A,yv5h), ref=C67(yM8V), blocks=[ul6c, kxur, yv5h]) [3mepoch[0m[2m=[0m0
[2m2025-03-25T07:54:31.602211Z[0m [32m INFO[0m [1mnode[0m[1m{[0m[3mname[0m[2m=[0mk#b3f3cbb4..[1m}[0m[2m:[0m [2msui_core::state_accumulator[0m[2m:[0m [2mcrates/sui-core/src/state_accumulator.rs[0m[2m:[0m[2m675:[0m accumulating running root for checkpoint 86
[2m2025-03-25T07:54:31.602697Z[0m [32m INFO[0m [1mnode[0m[1m{[0m[3mname[0m[2m=[0mk#b3f3cbb4..[1m}[0m[2m:[0m [2msui_core::state_accumulator[0m[2m:[0m [2mcrates/sui-core/src/state_accumulator.rs[0m[2m:[0m[2m675:[0m accumulating running root for checkpoint 87
[2m2025-03-25T07:54:31.636707Z[0m [32m INFO[0m [1mnode[0m[1m{[0m[3mname[0m[2m=[0mk#addeef94..[1m}[0m[2m:[0m [2msui_core::checkpoints[0m[2m:[0m [2mcrates/sui-core/src/checkpoints/mod.rs[0m[2m:[0m[2m1326:[0m Creating checkpoint(s) for 1 transactions [3mnext_checkpoint_seq[0m[2m=[0m126 [3mcheckpoint_timestamp[0m[2m=[0m1742889271065
[2m2025-03-25T07:54:31.636932Z[0m [32m INFO[0m [1mnode[0m[1m{[0m[3mname[0m[2m=[0mk#addeef94..[1m}[0m[2m:[0m [2msui_core::checkpoints::checkpoint_output[0m[2m:[0m [2mcrates/sui-core/src/checkpoints/checkpoint_output.rs[0m[2m:[0m[2m149:[0m Creating checkpoint CheckpointDigest(BcX5t2AqhVKnxMeqHY73dWPxtRcMaKcEUYCe8sxa3zd9) at epoch 0, sequence 126, previous digest Some(CheckpointDigest(CpyNPyCDAwW9hvuEHbVLEjQYYg8xKGTeVX2NqcbiBmTf)), transactions count 1, content digest CheckpointContentsDigest(HA9KYCEKX6GJEcNgVDyWAs5kFZVvU5VTQdKrNZCoBbwb), end_of_epoch_data None
[2m2025-03-25T07:54:31.637674Z[0m [32m INFO[0m [1mnode[0m[1m{[0m[3mname[0m[2m=[0mk#8dcff6d1..[1m}[0m[2m:[0m [2msui_core::checkpoints[0m[2m:[0m [2mcrates/sui-core/src/checkpoints/mod.rs[0m[2m:[0m[2m1326:[0m Creating checkpoint(s) for 1 transactions [3mnext_checkpoint_seq[0m[2m=[0m126 [3mcheckpoint_timestamp[0m[2m=[0m1742889271065
[2m2025-03-25T07:54:31.637843Z[0m [32m INFO[0m [1mnode[0m[1m{[0m[3mname[0m[2m=[0mk#8dcff6d1..[1m}[0m[2m:[0m [2msui_core::checkpoints::checkpoint_output[0m[2m:[0m [2mcrates/sui-core/src/checkpoints/checkpoint_output.rs[0m[2m:[0m[2m149:[0m Creating checkpoint CheckpointDigest(BcX5t2AqhVKnxMeqHY73dWPxtRcMaKcEUYCe8sxa3zd9) at epoch 0, sequence 126, previous digest Some(CheckpointDigest(CpyNPyCDAwW9hvuEHbVLEjQYYg8xKGTeVX2NqcbiBmTf)), transactions count 1, content digest CheckpointContentsDigest(HA9KYCEKX6GJEcNgVDyWAs5kFZVvU5VTQdKrNZCoBbwb), end_of_epoch_data None
[2m2025-03-25T07:54:31.638172Z[0m [32m INFO[0m [1mnode[0m[1m{[0m[3mname[0m[2m=[0mk#99f25ef6..[1m}[0m[2m:[0m [2msui_core::checkpoints[0m[2m:[0m [2mcrates/sui-core/src/checkpoints/mod.rs[0m[2m:[0m[2m1326:[0m Creating checkpoint(s) for 1 transactions [3mnext_checkpoint_seq[0m[2m=[0m126 [3mcheckpoint_timestamp[0m[2m=[0m1742889271065
[2m2025-03-25T07:54:31.638342Z[0m [32m INFO[0m [1mnode[0m[1m{[0m[3mname[0m[2m=[0mk#99f25ef6..[1m}[0m[2m:[0m [2msui_core::checkpoints::checkpoint_output[0m[2m:[0m [2mcrates/sui-core/src/checkpoints/checkpoint_output.rs[0m[2m:[0m[2m149:[0m Creating checkpoint CheckpointDigest(BcX5t2AqhVKnxMeqHY73dWPxtRcMaKcEUYCe8sxa3zd9) at epoch 0, sequence 126, previous digest Some(CheckpointDigest(CpyNPyCDAwW9hvuEHbVLEjQYYg8xKGTeVX2NqcbiBmTf)), transactions count 1, content digest CheckpointContentsDigest(HA9KYCEKX6GJEcNgVDyWAs5kFZVvU5VTQdKrNZCoBbwb), end_of_epoch_data None
[2m2025-03-25T07:54:31.642365Z[0m [32m INFO[0m [1mnode[0m[1m{[0m[3mname[0m[2m=[0mk#8dcff6d1..[1m}[0m[2m:[0m [2msui_core::checkpoints::checkpoint_output[0m[2m:[0m [2mcrates/sui-core/src/checkpoints/checkpoint_output.rs[0m[2m:[0m[2m196:[0m Certified checkpoint with sequence 124 and digest BLbG7QLhoHiucCKoRBLiSfM47LjC1VBFYEQVFGdWEGc1
[2m2025-03-25T07:54:31.642388Z[0m [32m INFO[0m [1mnode[0m[1m{[0m[3mname[0m[2m=[0mk#8dcff6d1..[1m}[0m[2m:[0m [2msui_core::checkpoints::checkpoint_output[0m[2m:[0m [2mcrates/sui-core/src/checkpoints/checkpoint_output.rs[0m[2m:[0m[2m196:[0m Certified checkpoint with sequence 125 and digest CpyNPyCDAwW9hvuEHbVLEjQYYg8xKGTeVX2NqcbiBmTf
[2m2025-03-25T07:54:31.643250Z[0m [32m INFO[0m [1mnode[0m[1m{[0m[3mname[0m[2m=[0mk#8dcff6d1..[1m}[0m[2m:[0m [2msui_core::checkpoints::checkpoint_executor[0m[2m:[0m [2mcrates/sui-core/src/checkpoints/checkpoint_executor/mod.rs[0m[2m:[0m[2m332:[0m Received checkpoint summary from state sync [3msequence_number[0m[2m=[0m124
[2m2025-03-25T07:54:31.643386Z[0m [32m INFO[0m [1mnode[0m[1m{[0m[3mname[0m[2m=[0mk#8dcff6d1..[1m}[0m[2m:[0m [2msui_core::checkpoints::checkpoint_executor[0m[2m:[0m [2mcrates/sui-core/src/checkpoints/checkpoint_executor/mod.rs[0m[2m:[0m[2m332:[0m Received checkpoint summary from state sync [3msequence_number[0m[2m=[0m125
[2m2025-03-25T07:54:31.643563Z[0m [32m INFO[0m [1mnode[0m[1m{[0m[3mname[0m[2m=[0mk#99f25ef6..[1m}[0m[2m:[0m [2msui_core::checkpoints::checkpoint_output[0m[2m:[0m [2mcrates/sui-core/src/checkpoints/checkpoint_output.rs[0m[2m:[0m[2m196:[0m Certified checkpoint with sequence 124 and digest BLbG7QLhoHiucCKoRBLiSfM47LjC1VBFYEQVFGdWEGc1
[2m2025-03-25T07:54:31.643583Z[0m [32m INFO[0m [1mnode[0m[1m{[0m[3mname[0m[2m=[0mk#99f25ef6..[1m}[0m[2m:[0m [2msui_core::checkpoints::checkpoint_output[0m[2m:[0m [2mcrates/sui-core/src/checkpoints/checkpoint_output.rs[0m[2m:[0m[2m196:[0m Certified checkpoint with sequence 125 and digest CpyNPyCDAwW9hvuEHbVLEjQYYg8xKGTeVX2NqcbiBmTf
[2m2025-03-25T07:54:31.644433Z[0m [32m INFO[0m [1mnode[0m[1m{[0m[3mname[0m[2m=[0mk#99f25ef6..[1m}[0m[2m:[0m [2msui_core::checkpoints::checkpoint_executor[0m[2m:[0m [2mcrates/sui-core/src/checkpoints/checkpoint_executor/mod.rs[0m[2m:[0m[2m332:[0m Received checkpoint summary from state sync [3msequence_number[0m[2m=[0m124
[2m2025-03-25T07:54:31.644555Z[0m [32m INFO[0m [1mnode[0m[1m{[0m[3mname[0m[2m=[0mk#99f25ef6..[1m}[0m[2m:[0m [2msui_core::checkpoints::checkpoint_executor[0m[2m:[0m [2mcrates/sui-core/src/checkpoints/checkpoint_executor/mod.rs[0m[2m:[0m[2m332:[0m Received checkpoint summary from state sync [3msequence_number[0m[2m=[0m125
[2m2025-03-25T07:54:31.646116Z[0m [32m INFO[0m [1mnode[0m[1m{[0m[3mname[0m[2m=[0mk#8dcff6d1..[1m}[0m[2m:[0m [2msui_core::state_accumulator[0m[2m:[0m [2mcrates/sui-core/src/state_accumulator.rs[0m[2m:[0m[2m675:[0m accumulating running root for checkpoint 124
[2m2025-03-25T07:54:31.646560Z[0m [32m INFO[0m [1mnode[0m[1m{[0m[3mname[0m[2m=[0mk#8dcff6d1..[1m}[0m[2m:[0m [2msui_core::state_accumulator[0m[2m:[0m [2mcrates/sui-core/src/state_accumulator.rs[0m[2m:[0m[2m675:[0m accumulating running root for checkpoint 125
[2m2025-03-25T07:54:31.647029Z[0m [32m INFO[0m [1mnode[0m[1m{[0m[3mname[0m[2m=[0mk#99f25ef6..[1m}[0m[2m:[0m [2msui_core::state_accumulator[0m[2m:[0m [2mcrates/sui-core/src/state_accumulator.rs[0m[2m:[0m[2m675:[0m accumulating running root for checkpoint 124
[2m2025-03-25T07:54:31.647460Z[0m [32m INFO[0m [1mnode[0m[1m{[0m[3mname[0m[2m=[0mk#99f25ef6..[1m}[0m[2m:[0m [2msui_core::state_accumulator[0m[2m:[0m [2mcrates/sui-core/src/state_accumulator.rs[0m[2m:[0m[2m675:[0m accumulating running root for checkpoint 125
[2m2025-03-25T07:54:31.697749Z[0m [32m INFO[0m [1mnode[0m[1m{[0m[3mname[0m[2m=[0mk#b3f3cbb4..[1m}[0m[2m:[0m [2msui_core::state_accumulator[0m[2m:[0m [2mcrates/sui-core/src/state_accumulator.rs[0m[2m:[0m[2m675:[0m accumulating running root for checkpoint 88
[2m2025-03-25T07:54:31.698052Z[0m [32m INFO[0m [1mnode[0m[1m{[0m[3mname[0m[2m=[0mk#b3f3cbb4..[1m}[0m[2m:[0m [2msui_core::checkpoints::checkpoint_executor[0m[2m:[0m [2mcrates/sui-core/src/checkpoints/checkpoint_executor/mod.rs[0m[2m:[0m[2m332:[0m Received checkpoint summary from state sync [3msequence_number[0m[2m=[0m118
[2m2025-03-25T07:54:31.698320Z[0m [32m INFO[0m [1mnode[0m[1m{[0m[3mname[0m[2m=[0mk#b3f3cbb4..[1m}[0m[2m:[0m [2msui_core::state_accumulator[0m[2m:[0m [2mcrates/sui-core/src/state_accumulator.rs[0m[2m:[0m[2m675:[0m accumulating running root for checkpoint 89
[2m2025-03-25T07:54:31.698527Z[0m [32m INFO[0m [1mnode[0m[1m{[0m[3mname[0m[2m=[0mk#b3f3cbb4..[1m}[0m[2m:[0m [2msui_core::checkpoints::checkpoint_executor[0m[2m:[0m [2mcrates/sui-core/src/checkpoints/checkpoint_executor/mod.rs[0m[2m:[0m[2m332:[0m Received checkpoint summary from state sync [3msequence_number[0m[2m=[0m119
[2m2025-03-25T07:54:31.741084Z[0m [32m INFO[0m [1mnode[0m[1m{[0m[3mname[0m[2m=[0mk#addeef94..[1m}[0m[2m:[0m [2msui_core::checkpoints[0m[2m:[0m [2mcrates/sui-core/src/checkpoints/mod.rs[0m[2m:[0m[2m1326:[0m Creating checkpoint(s) for 1 transactions [3mnext_checkpoint_seq[0m[2m=[0m127 [3mcheckpoint_timestamp[0m[2m=[0m1742889271065
[2m2025-03-25T07:54:31.741331Z[0m [32m INFO[0m [1mnode[0m[1m{[0m[3mname[0m[2m=[0mk#addeef94..[1m}[0m[2m:[0m [2msui_core::checkpoints::checkpoint_output[0m[2m:[0m [2mcrates/sui-core/src/checkpoints/checkpoint_output.rs[0m[2m:[0m[2m149:[0m Creating checkpoint CheckpointDigest(3iYoC6fJ4ear3jhtaqT1QjkvWBKu6rnvtBv5cBrjMZ4v) at epoch 0, sequence 127, previous digest Some(CheckpointDigest(BcX5t2AqhVKnxMeqHY73dWPxtRcMaKcEUYCe8sxa3zd9)), transactions count 1, content digest CheckpointContentsDigest(BFHkH8VCXS1nBEcb5xP3hEcrzuo7LN1tjRf813upNhsf), end_of_epoch_data None
[2m2025-03-25T07:54:31.752965Z[0m [32m INFO[0m [1mnode[0m[1m{[0m[3mname[0m[2m=[0mk#addeef94..[1m}[0m[2m:[0m [2msui_core::checkpoints::checkpoint_executor[0m[2m:[0m [2mcrates/sui-core/src/checkpoints/checkpoint_executor/mod.rs[0m[2m:[0m[2m332:[0m Received checkpoint summary from state sync [3msequence_number[0m[2m=[0m124
[2m2025-03-25T07:54:31.753098Z[0m [32m INFO[0m [1mnode[0m[1m{[0m[3mname[0m[2m=[0mk#addeef94..[1m}[0m[2m:[0m [2msui_core::checkpoints::checkpoint_executor[0m[2m:[0m [2mcrates/sui-core/src/checkpoints/checkpoint_executor/mod.rs[0m[2m:[0m[2m332:[0m Received checkpoint summary from state sync [3msequence_number[0m[2m=[0m125
[2m2025-03-25T07:54:31.755049Z[0m [32m INFO[0m [1mnode[0m[1m{[0m[3mname[0m[2m=[0mk#addeef94..[1m}[0m[2m:[0m [2msui_core::state_accumulator[0m[2m:[0m [2mcrates/sui-core/src/state_accumulator.rs[0m[2m:[0m[2m675:[0m accumulating running root for checkpoint 124
[2m2025-03-25T07:54:31.755478Z[0m [32m INFO[0m [1mnode[0m[1m{[0m[3mname[0m[2m=[0mk#addeef94..[1m}[0m[2m:[0m [2msui_core::state_accumulator[0m[2m:[0m [2mcrates/sui-core/src/state_accumulator.rs[0m[2m:[0m[2m675:[0m accumulating running root for checkpoint 125
[2m2025-03-25T07:54:31.758263Z[0m [32m INFO[0m [1mnode[0m[1m{[0m[3mname[0m[2m=[0mk#8dcff6d1..[1m}[0m[2m:[0m [2msui_core::checkpoints[0m[2m:[0m [2mcrates/sui-core/src/checkpoints/mod.rs[0m[2m:[0m[2m1326:[0m Creating checkpoint(s) for 1 transactions [3mnext_checkpoint_seq[0m[2m=[0m127 [3mcheckpoint_timestamp[0m[2m=[0m1742889271065
[2m2025-03-25T07:54:31.758476Z[0m [32m INFO[0m [1mnode[0m[1m{[0m[3mname[0m[2m=[0mk#8dcff6d1..[1m}[0m[2m:[0m [2msui_core::checkpoints::checkpoint_output[0m[2m:[0m [2mcrates/sui-core/src/checkpoints/checkpoint_output.rs[0m[2m:[0m[2m149:[0m Creating checkpoint CheckpointDigest(3iYoC6fJ4ear3jhtaqT1QjkvWBKu6rnvtBv5cBrjMZ4v) at epoch 0, sequence 127, previous digest Some(CheckpointDigest(BcX5t2AqhVKnxMeqHY73dWPxtRcMaKcEUYCe8sxa3zd9)), transactions count 1, content digest CheckpointContentsDigest(BFHkH8VCXS1nBEcb5xP3hEcrzuo7LN1tjRf813upNhsf), end_of_epoch_data None
[2m2025-03-25T07:54:31.758896Z[0m [32m INFO[0m [1mnode[0m[1m{[0m[3mname[0m[2m=[0mk#99f25ef6..[1m}[0m[2m:[0m [2msui_core::checkpoints[0m[2m:[0m [2mcrates/sui-core/src/checkpoints/mod.rs[0m[2m:[0m[2m1326:[0m Creating checkpoint(s) for 1 transactions [3mnext_checkpoint_seq[0m[2m=[0m127 [3mcheckpoint_timestamp[0m[2m=[0m1742889271065
[2m2025-03-25T07:54:31.759080Z[0m [32m INFO[0m [1mnode[0m[1m{[0m[3mname[0m[2m=[0mk#99f25ef6..[1m}[0m[2m:[0m [2msui_core::checkpoints::checkpoint_output[0m[2m:[0m [2mcrates/sui-core/src/checkpoints/checkpoint_output.rs[0m[2m:[0m[2m149:[0m Creating checkpoint CheckpointDigest(3iYoC6fJ4ear3jhtaqT1QjkvWBKu6rnvtBv5cBrjMZ4v) at epoch 0, sequence 127, previous digest Some(CheckpointDigest(BcX5t2AqhVKnxMeqHY73dWPxtRcMaKcEUYCe8sxa3zd9)), transactions count 1, content digest CheckpointContentsDigest(BFHkH8VCXS1nBEcb5xP3hEcrzuo7LN1tjRf813upNhsf), end_of_epoch_data None
[2m2025-03-25T07:54:31.760636Z[0m [32m INFO[0m [1mnode[0m[1m{[0m[3mname[0m[2m=[0mk#99f25ef6..[1m}[0m[2m:[0m [2mconsensus_core::commit_syncer[0m[2m:[0m [2mconsensus/core/src/commit_syncer.rs[0m[2m:[0m[2m196:[0m Checking to schedule fetches: synced_commit_index=67, highest_handled_index=67, highest_scheduled_index=0, quorum_commit_index=66, unhandled_commits_threshold=3200
[2m2025-03-25T07:54:31.793935Z[0m [32m INFO[0m [1mnode[0m[1m{[0m[3mname[0m[2m=[0mk#8dcff6d1..[1m}[0m[2m:[0m [2mconsensus_core::core[0m[2m:[0m [2mconsensus/core/src/core.rs[0m[2m:[0m[2m531:[0m Created block B71(A,kJ/42mDkkiUvKDhqu/su+JQ/s4gdOVuJNw8z8O3C56M=)(1742889271793ms;[B70(A,E7pQ54LADTtypceP/kxJpv5vDg6XUVfysU+XH6sIeeE=), B70(B,qaAbM7wWdVR/iO0b1oQYkr+wOZafM+c9ZUhy1mXRfiE=), B70(C,GFRrolzRSDLOVPgLHg3kDZLNiO38mwqW2xA0qCoE3eA=)];2t;1c) for round 71
[2m2025-03-25T07:54:31.794568Z[0m [32m INFO[0m [1mnode[0m[1m{[0m[3mname[0m[2m=[0mk#99f25ef6..[1m}[0m[2m:[0m [2mconsensus_core::core[0m[2m:[0m [2mconsensus/core/src/core.rs[0m[2m:[0m[2m531:[0m Created block B71(B,jjwgOp2fpDSNypJ9LTGNNQ95ppJUPNtqvXj8rU6S8J4=)(1742889271794ms;[B70(B,qaAbM7wWdVR/iO0b1oQYkr+wOZafM+c9ZUhy1mXRfiE=), B70(A,E7pQ54LADTtypceP/kxJpv5vDg6XUVfysU+XH6sIeeE=), B70(C,GFRrolzRSDLOVPgLHg3kDZLNiO38mwqW2xA0qCoE3eA=)];2t;1c) for round 71
[2m2025-03-25T07:54:31.797131Z[0m [32m INFO[0m [1mnode[0m[1m{[0m[3mname[0m[2m=[0mk#addeef94..[1m}[0m[2m:[0m [2mconsensus_core::core[0m[2m:[0m [2mconsensus/core/src/core.rs[0m[2m:[0m[2m531:[0m Created block B71(C,teaINN8C2FTmgd9ET8Kliwr1C14dJRanKndAzokkXGk=)(1742889271796ms;[B70(C,GFRrolzRSDLOVPgLHg3kDZLNiO38mwqW2xA0qCoE3eA=), B70(A,E7pQ54LADTtypceP/kxJpv5vDg6XUVfysU+XH6sIeeE=), B70(B,qaAbM7wWdVR/iO0b1oQYkr+wOZafM+c9ZUhy1mXRfiE=)];2t;1c) for round 71
[2m2025-03-25T07:54:31.797212Z[0m [32m INFO[0m [1mnode[0m[1m{[0m[3mname[0m[2m=[0mk#addeef94..[1m}[0m[2m:[0m [2mconsensus_core::core[0m[2m:[0m [2mconsensus/core/src/core.rs[0m[2m:[0m[2m630:[0m Committing 1 leaders: B69(B,ZFC/)
[2m2025-03-25T07:54:31.797288Z[0m [32m INFO[0m [1mnode[0m[1m{[0m[3mname[0m[2m=[0mk#addeef94..[1m}[0m[2m:[0m [2mconsensus_core::commit_observer[0m[2m:[0m [2mconsensus/core/src/commit_observer.rs[0m[2m:[0m[2m173:[0m Consensus commit C68(j2GY) with leader B69(B,ZFC/) has 3 blocks
[2m2025-03-25T07:54:31.797376Z[0m [32m INFO[0m [1mnode[0m[1m{[0m[3mname[0m[2m=[0mk#addeef94..[1m}[0m[2m:[0m [2msui_core::consensus_handler[0m[2m:[0m [2mcrates/sui-core/src/consensus_handler.rs[0m[2m:[0m[2m232:[0m Received consensus output [3mconsensus_commit[0m[2m=[0mCommittedSubDag(leader=B69(B,ZFC/), ref=C68(j2GY), blocks=[Z638, eU+4, ZFC/]) [3mepoch[0m[2m=[0m0
[2m2025-03-25T07:54:31.800257Z[0m [32m INFO[0m [1mnode[0m[1m{[0m[3mname[0m[2m=[0mk#8dcff6d1..[1m}[0m[2m:[0m [2mconsensus_core::core[0m[2m:[0m [2mconsensus/core/src/core.rs[0m[2m:[0m[2m630:[0m Committing 1 leaders: B69(B,ZFC/)
[2m2025-03-25T07:54:31.800357Z[0m [32m INFO[0m [1mnode[0m[1m{[0m[3mname[0m[2m=[0mk#8dcff6d1..[1m}[0m[2m:[0m [2mconsensus_core::commit_observer[0m[2m:[0m [2mconsensus/core/src/commit_observer.rs[0m[2m:[0m[2m173:[0m Consensus commit C68(j2GY) with leader B69(B,ZFC/) has 3 blocks
[2m2025-03-25T07:54:31.800390Z[0m [32m INFO[0m [1mnode[0m[1m{[0m[3mname[0m[2m=[0mk#99f25ef6..[1m}[0m[2m:[0m [2mconsensus_core::core[0m[2m:[0m [2mconsensus/core/src/core.rs[0m[2m:[0m[2m630:[0m Committing 1 leaders: B69(B,ZFC/)
[2m2025-03-25T07:54:31.800432Z[0m [32m INFO[0m [1mnode[0m[1m{[0m[3mname[0m[2m=[0mk#8dcff6d1..[1m}[0m[2m:[0m [2msui_core::consensus_handler[0m[2m:[0m [2mcrates/sui-core/src/consensus_handler.rs[0m[2m:[0m[2m232:[0m Received consensus output [3mconsensus_commit[0m[2m=[0mCommittedSubDag(leader=B69(B,ZFC/), ref=C68(j2GY), blocks=[Z638, eU+4, ZFC/]) [3mepoch[0m[2m=[0m0
[2m2025-03-25T07:54:31.800477Z[0m [32m INFO[0m [1mnode[0m[1m{[0m[3mname[0m[2m=[0mk#99f25ef6..[1m}[0m[2m:[0m [2mconsensus_core::commit_observer[0m[2m:[0m [2mconsensus/core/src/commit_observer.rs[0m[2m:[0m[2m173:[0m Consensus commit C68(j2GY) with leader B69(B,ZFC/) has 3 blocks
[2m2025-03-25T07:54:31.800547Z[0m [32m INFO[0m [1mnode[0m[1m{[0m[3mname[0m[2m=[0mk#99f25ef6..[1m}[0m[2m:[0m [2msui_core::consensus_handler[0m[2m:[0m [2mcrates/sui-core/src/consensus_handler.rs[0m[2m:[0m[2m232:[0m Received consensus output [3mconsensus_commit[0m[2m=[0mCommittedSubDag(leader=B69(B,ZFC/), ref=C68(j2GY), blocks=[Z638, eU+4, ZFC/]) [3mepoch[0m[2m=[0m0
[2m2025-03-25T07:54:31.806347Z[0m [32m INFO[0m [1mnode[0m[1m{[0m[3mname[0m[2m=[0mk#b3f3cbb4..[1m}[0m[2m:[0m [2msui_core::checkpoints::checkpoint_executor[0m[2m:[0m [2mcrates/sui-core/src/checkpoints/checkpoint_executor/mod.rs[0m[2m:[0m[2m332:[0m Received checkpoint summary from state sync [3msequence_number[0m[2m=[0m120
[2m2025-03-25T07:54:31.806798Z[0m [32m INFO[0m [1mnode[0m[1m{[0m[3mname[0m[2m=[0mk#b3f3cbb4..[1m}[0m[2m:[0m [2msui_core::state_accumulator[0m[2m:[0m [2mcrates/sui-core/src/state_accumulator.rs[0m[2m:[0m[2m675:[0m accumulating running root for checkpoint 90
[2m2025-03-25T07:54:31.807254Z[0m [32m INFO[0m [1mnode[0m[1m{[0m[3mname[0m[2m=[0mk#b3f3cbb4..[1m}[0m[2m:[0m [2msui_core::state_accumulator[0m[2m:[0m [2mcrates/sui-core/src/state_accumulator.rs[0m[2m:[0m[2m675:[0m accumulating running root for checkpoint 91
[2m2025-03-25T07:54:31.807455Z[0m [32m INFO[0m [1mnode[0m[1m{[0m[3mname[0m[2m=[0mk#b3f3cbb4..[1m}[0m[2m:[0m [2msui_core::checkpoints::checkpoint_executor[0m[2m:[0m [2mcrates/sui-core/src/checkpoints/checkpoint_executor/mod.rs[0m[2m:[0m[2m332:[0m Received checkpoint summary from state sync [3msequence_number[0m[2m=[0m121
[2m2025-03-25T07:54:31.899426Z[0m [32m INFO[0m [1mnode[0m[1m{[0m[3mname[0m[2m=[0mk#addeef94..[1m}[0m[2m:[0m [2msui_core::checkpoints[0m[2m:[0m [2mcrates/sui-core/src/checkpoints/mod.rs[0m[2m:[0m[2m1326:[0m Creating checkpoint(s) for 1 transactions [3mnext_checkpoint_seq[0m[2m=[0m128 [3mcheckpoint_timestamp[0m[2m=[0m1742889271282
[2m2025-03-25T07:54:31.899693Z[0m [32m INFO[0m [1mnode[0m[1m{[0m[3mname[0m[2m=[0mk#addeef94..[1m}[0m[2m:[0m [2msui_core::checkpoints::checkpoint_output[0m[2m:[0m [2mcrates/sui-core/src/checkpoints/checkpoint_output.rs[0m[2m:[0m[2m149:[0m Creating checkpoint CheckpointDigest(FszmP48YGLHjy1sukgXGpoaKxH7hvuH5y6jTri8ZR684) at epoch 0, sequence 128, previous digest Some(CheckpointDigest(3iYoC6fJ4ear3jhtaqT1QjkvWBKu6rnvtBv5cBrjMZ4v)), transactions count 1, content digest CheckpointContentsDigest(J7pkfsJLZVVeLUL19gwe5hR1YZNSViHz5charD7kEKHi), end_of_epoch_data None
[2m2025-03-25T07:54:31.900676Z[0m [32m INFO[0m [1mnode[0m[1m{[0m[3mname[0m[2m=[0mk#99f25ef6..[1m}[0m[2m:[0m [2msui_core::checkpoints[0m[2m:[0m [2mcrates/sui-core/src/checkpoints/mod.rs[0m[2m:[0m[2m1326:[0m Creating checkpoint(s) for 1 transactions [3mnext_checkpoint_seq[0m[2m=[0m128 [3mcheckpoint_timestamp[0m[2m=[0m1742889271282
[2m2025-03-25T07:54:31.900854Z[0m [32m INFO[0m [1mnode[0m[1m{[0m[3mname[0m[2m=[0mk#99f25ef6..[1m}[0m[2m:[0m [2msui_core::checkpoints::checkpoint_output[0m[2m:[0m [2mcrates/sui-core/src/checkpoints/checkpoint_output.rs[0m[2m:[0m[2m149:[0m Creating checkpoint CheckpointDigest(FszmP48YGLHjy1sukgXGpoaKxH7hvuH5y6jTri8ZR684) at epoch 0, sequence 128, previous digest Some(CheckpointDigest(3iYoC6fJ4ear3jhtaqT1QjkvWBKu6rnvtBv5cBrjMZ4v)), transactions count 1, content digest CheckpointContentsDigest(J7pkfsJLZVVeLUL19gwe5hR1YZNSViHz5charD7kEKHi), end_of_epoch_data None
[2m2025-03-25T07:54:31.901502Z[0m [32m INFO[0m [1mnode[0m[1m{[0m[3mname[0m[2m=[0mk#8dcff6d1..[1m}[0m[2m:[0m [2msui_core::checkpoints[0m[2m:[0m [2mcrates/sui-core/src/checkpoints/mod.rs[0m[2m:[0m[2m1326:[0m Creating checkpoint(s) for 1 transactions [3mnext_checkpoint_seq[0m[2m=[0m128 [3mcheckpoint_timestamp[0m[2m=[0m1742889271282
[2m2025-03-25T07:54:31.901673Z[0m [32m INFO[0m [1mnode[0m[1m{[0m[3mname[0m[2m=[0mk#8dcff6d1..[1m}[0m[2m:[0m [2msui_core::checkpoints::checkpoint_output[0m[2m:[0m [2mcrates/sui-core/src/checkpoints/checkpoint_output.rs[0m[2m:[0m[2m149:[0m Creating checkpoint CheckpointDigest(FszmP48YGLHjy1sukgXGpoaKxH7hvuH5y6jTri8ZR684) at epoch 0, sequence 128, previous digest Some(CheckpointDigest(3iYoC6fJ4ear3jhtaqT1QjkvWBKu6rnvtBv5cBrjMZ4v)), transactions count 1, content digest CheckpointContentsDigest(J7pkfsJLZVVeLUL19gwe5hR1YZNSViHz5charD7kEKHi), end_of_epoch_data None
[2m2025-03-25T07:54:31.905258Z[0m [32m INFO[0m [1mnode[0m[1m{[0m[3mname[0m[2m=[0mk#99f25ef6..[1m}[0m[2m:[0m [2msui_core::checkpoints::checkpoint_output[0m[2m:[0m [2mcrates/sui-core/src/checkpoints/checkpoint_output.rs[0m[2m:[0m[2m196:[0m Certified checkpoint with sequence 126 and digest BcX5t2AqhVKnxMeqHY73dWPxtRcMaKcEUYCe8sxa3zd9
[2m2025-03-25T07:54:31.905281Z[0m [32m INFO[0m [1mnode[0m[1m{[0m[3mname[0m[2m=[0mk#99f25ef6..[1m}[0m[2m:[0m [2msui_core::checkpoints::checkpoint_output[0m[2m:[0m [2mcrates/sui-core/src/checkpoints/checkpoint_output.rs[0m[2m:[0m[2m196:[0m Certified checkpoint with sequence 127 and digest 3iYoC6fJ4ear3jhtaqT1QjkvWBKu6rnvtBv5cBrjMZ4v
[2m2025-03-25T07:54:31.906116Z[0m [32m INFO[0m [1mnode[0m[1m{[0m[3mname[0m[2m=[0mk#8dcff6d1..[1m}[0m[2m:[0m [2msui_core::checkpoints::checkpoint_output[0m[2m:[0m [2mcrates/sui-core/src/checkpoints/checkpoint_output.rs[0m[2m:[0m[2m196:[0m Certified checkpoint with sequence 126 and digest BcX5t2AqhVKnxMeqHY73dWPxtRcMaKcEUYCe8sxa3zd9
[2m2025-03-25T07:54:31.906135Z[0m [32m INFO[0m [1mnode[0m[1m{[0m[3mname[0m[2m=[0mk#8dcff6d1..[1m}[0m[2m:[0m [2msui_core::checkpoints::checkpoint_output[0m[2m:[0m [2mcrates/sui-core/src/checkpoints/checkpoint_output.rs[0m[2m:[0m[2m196:[0m Certified checkpoint with sequence 127 and digest 3iYoC6fJ4ear3jhtaqT1QjkvWBKu6rnvtBv5cBrjMZ4v
[2m2025-03-25T07:54:31.906305Z[0m [32m INFO[0m [1mnode[0m[1m{[0m[3mname[0m[2m=[0mk#99f25ef6..[1m}[0m[2m:[0m [2msui_core::checkpoints::checkpoint_executor[0m[2m:[0m [2mcrates/sui-core/src/checkpoints/checkpoint_executor/mod.rs[0m[2m:[0m[2m332:[0m Received checkpoint summary from state sync [3msequence_number[0m[2m=[0m126
[2m2025-03-25T07:54:31.906437Z[0m [32m INFO[0m [1mnode[0m[1m{[0m[3mname[0m[2m=[0mk#99f25ef6..[1m}[0m[2m:[0m [2msui_core::checkpoints::checkpoint_executor[0m[2m:[0m [2mcrates/sui-core/src/checkpoints/checkpoint_executor/mod.rs[0m[2m:[0m[2m332:[0m Received checkpoint summary from state sync [3msequence_number[0m[2m=[0m127
[2m2025-03-25T07:54:31.907208Z[0m [32m INFO[0m [1mnode[0m[1m{[0m[3mname[0m[2m=[0mk#8dcff6d1..[1m}[0m[2m:[0m [2msui_core::checkpoints::checkpoint_executor[0m[2m:[0m [2mcrates/sui-core/src/checkpoints/checkpoint_executor/mod.rs[0m[2m:[0m[2m332:[0m Received checkpoint summary from state sync [3msequence_number[0m[2m=[0m126
[2m2025-03-25T07:54:31.907324Z[0m [32m INFO[0m [1mnode[0m[1m{[0m[3mname[0m[2m=[0mk#8dcff6d1..[1m}[0m[2m:[0m [2msui_core::checkpoints::checkpoint_executor[0m[2m:[0m [2mcrates/sui-core/src/checkpoints/checkpoint_executor/mod.rs[0m[2m:[0m[2m332:[0m Received checkpoint summary from state sync [3msequence_number[0m[2m=[0m127
[2m2025-03-25T07:54:31.908285Z[0m [32m INFO[0m [1mnode[0m[1m{[0m[3mname[0m[2m=[0mk#99f25ef6..[1m}[0m[2m:[0m [2msui_core::state_accumulator[0m[2m:[0m [2mcrates/sui-core/src/state_accumulator.rs[0m[2m:[0m[2m675:[0m accumulating running root for checkpoint 126
[2m2025-03-25T07:54:31.908727Z[0m [32m INFO[0m [1mnode[0m[1m{[0m[3mname[0m[2m=[0mk#99f25ef6..[1m}[0m[2m:[0m [2msui_core::state_accumulator[0m[2m:[0m [2mcrates/sui-core/src/state_accumulator.rs[0m[2m:[0m[2m675:[0m accumulating running root for checkpoint 127
[2m2025-03-25T07:54:31.908964Z[0m [32m INFO[0m [1mnode[0m[1m{[0m[3mname[0m[2m=[0mk#8dcff6d1..[1m}[0m[2m:[0m [2msui_core::state_accumulator[0m[2m:[0m [2mcrates/sui-core/src/state_accumulator.rs[0m[2m:[0m[2m675:[0m accumulating running root for checkpoint 126
[2m2025-03-25T07:54:31.909409Z[0m [32m INFO[0m [1mnode[0m[1m{[0m[3mname[0m[2m=[0mk#8dcff6d1..[1m}[0m[2m:[0m [2msui_core::state_accumulator[0m[2m:[0m [2mcrates/sui-core/src/state_accumulator.rs[0m[2m:[0m[2m675:[0m accumulating running root for checkpoint 127
[2m2025-03-25T07:54:31.951494Z[0m [32m INFO[0m [1mnode[0m[1m{[0m[3mname[0m[2m=[0mk#b3f3cbb4..[1m}[0m[2m:[0m [2msui_core::state_accumulator[0m[2m:[0m [2mcrates/sui-core/src/state_accumulator.rs[0m[2m:[0m[2m675:[0m accumulating running root for checkpoint 92
[2m2025-03-25T07:54:31.951944Z[0m [32m INFO[0m [1mnode[0m[1m{[0m[3mname[0m[2m=[0mk#b3f3cbb4..[1m}[0m[2m:[0m [2msui_core::state_accumulator[0m[2m:[0m [2mcrates/sui-core/src/state_accumulator.rs[0m[2m:[0m[2m675:[0m accumulating running root for checkpoint 93
[2m2025-03-25T07:54:32.009991Z[0m [32m INFO[0m [1mnode[0m[1m{[0m[3mname[0m[2m=[0mk#addeef94..[1m}[0m[2m:[0m [2msui_core::checkpoints[0m[2m:[0m [2mcrates/sui-core/src/checkpoints/mod.rs[0m[2m:[0m[2m1326:[0m Creating checkpoint(s) for 1 transactions [3mnext_checkpoint_seq[0m[2m=[0m129 [3mcheckpoint_timestamp[0m[2m=[0m1742889271282
[2m2025-03-25T07:54:32.010238Z[0m [32m INFO[0m [1mnode[0m[1m{[0m[3mname[0m[2m=[0mk#addeef94..[1m}[0m[2m:[0m [2msui_core::checkpoints::checkpoint_output[0m[2m:[0m [2mcrates/sui-core/src/checkpoints/checkpoint_output.rs[0m[2m:[0m[2m149:[0m Creating checkpoint CheckpointDigest(2GJrf298m7PvsNcFJ67y5ScNXepdvEM7r4iQpkYdyQf5) at epoch 0, sequence 129, previous digest Some(CheckpointDigest(FszmP48YGLHjy1sukgXGpoaKxH7hvuH5y6jTri8ZR684)), transactions count 1, content digest CheckpointContentsDigest(DzJTNSB8BHVAvpQYXKv2jATySdxtkzQwVwuRFUq3cjHY), end_of_epoch_data None
[2m2025-03-25T07:54:32.027728Z[0m [32m INFO[0m [1mnode[0m[1m{[0m[3mname[0m[2m=[0mk#8dcff6d1..[1m}[0m[2m:[0m [2msui_core::checkpoints[0m[2m:[0m [2mcrates/sui-core/src/checkpoints/mod.rs[0m[2m:[0m[2m1326:[0m Creating checkpoint(s) for 1 transactions [3mnext_checkpoint_seq[0m[2m=[0m129 [3mcheckpoint_timestamp[0m[2m=[0m1742889271282
[2m2025-03-25T07:54:32.027760Z[0m [32m INFO[0m [1mnode[0m[1m{[0m[3mname[0m[2m=[0mk#99f25ef6..[1m}[0m[2m:[0m [2msui_core::checkpoints[0m[2m:[0m [2mcrates/sui-core/src/checkpoints/mod.rs[0m[2m:[0m[2m1326:[0m Creating checkpoint(s) for 1 transactions [3mnext_checkpoint_seq[0m[2m=[0m129 [3mcheckpoint_timestamp[0m[2m=[0m1742889271282
[2m2025-03-25T07:54:32.027952Z[0m [32m INFO[0m [1mnode[0m[1m{[0m[3mname[0m[2m=[0mk#99f25ef6..[1m}[0m[2m:[0m [2msui_core::checkpoints::checkpoint_output[0m[2m:[0m [2mcrates/sui-core/src/checkpoints/checkpoint_output.rs[0m[2m:[0m[2m149:[0m Creating checkpoint CheckpointDigest(2GJrf298m7PvsNcFJ67y5ScNXepdvEM7r4iQpkYdyQf5) at epoch 0, sequence 129, previous digest Some(CheckpointDigest(FszmP48YGLHjy1sukgXGpoaKxH7hvuH5y6jTri8ZR684)), transactions count 1, content digest CheckpointContentsDigest(DzJTNSB8BHVAvpQYXKv2jATySdxtkzQwVwuRFUq3cjHY), end_of_epoch_data None
[2m2025-03-25T07:54:32.027954Z[0m [32m INFO[0m [1mnode[0m[1m{[0m[3mname[0m[2m=[0mk#8dcff6d1..[1m}[0m[2m:[0m [2msui_core::checkpoints::checkpoint_output[0m[2m:[0m [2mcrates/sui-core/src/checkpoints/checkpoint_output.rs[0m[2m:[0m[2m149:[0m Creating checkpoint CheckpointDigest(2GJrf298m7PvsNcFJ67y5ScNXepdvEM7r4iQpkYdyQf5) at epoch 0, sequence 129, previous digest Some(CheckpointDigest(FszmP48YGLHjy1sukgXGpoaKxH7hvuH5y6jTri8ZR684)), transactions count 1, content digest CheckpointContentsDigest(DzJTNSB8BHVAvpQYXKv2jATySdxtkzQwVwuRFUq3cjHY), end_of_epoch_data None
[2m2025-03-25T07:54:32.028227Z[0m [32m INFO[0m [1mnode[0m[1m{[0m[3mname[0m[2m=[0mk#addeef94..[1m}[0m[2m:[0m [2msui_core::checkpoints::checkpoint_executor[0m[2m:[0m [2mcrates/sui-core/src/checkpoints/checkpoint_executor/mod.rs[0m[2m:[0m[2m332:[0m Received checkpoint summary from state sync [3msequence_number[0m[2m=[0m126
[2m2025-03-25T07:54:32.028354Z[0m [32m INFO[0m [1mnode[0m[1m{[0m[3mname[0m[2m=[0mk#addeef94..[1m}[0m[2m:[0m [2msui_core::checkpoints::checkpoint_executor[0m[2m:[0m [2mcrates/sui-core/src/checkpoints/checkpoint_executor/mod.rs[0m[2m:[0m[2m332:[0m Received checkpoint summary from state sync [3msequence_number[0m[2m=[0m127
[2m2025-03-25T07:54:32.029650Z[0m [32m INFO[0m [1mnode[0m[1m{[0m[3mname[0m[2m=[0mk#addeef94..[1m}[0m[2m:[0m [2msui_core::state_accumulator[0m[2m:[0m [2mcrates/sui-core/src/state_accumulator.rs[0m[2m:[0m[2m675:[0m accumulating running root for checkpoint 126
[2m2025-03-25T07:54:32.030093Z[0m [32m INFO[0m [1mnode[0m[1m{[0m[3mname[0m[2m=[0mk#addeef94..[1m}[0m[2m:[0m [2msui_core::state_accumulator[0m[2m:[0m [2mcrates/sui-core/src/state_accumulator.rs[0m[2m:[0m[2m675:[0m accumulating running root for checkpoint 127
[2m2025-03-25T07:54:32.042248Z[0m [32m INFO[0m [1mnode[0m[1m{[0m[3mname[0m[2m=[0mk#b3f3cbb4..[1m}[0m[2m:[0m [2msui_core::state_accumulator[0m[2m:[0m [2mcrates/sui-core/src/state_accumulator.rs[0m[2m:[0m[2m675:[0m accumulating running root for checkpoint 94
[2m2025-03-25T07:54:32.042668Z[0m [32m INFO[0m [1mnode[0m[1m{[0m[3mname[0m[2m=[0mk#b3f3cbb4..[1m}[0m[2m:[0m [2msui_core::state_accumulator[0m[2m:[0m [2mcrates/sui-core/src/state_accumulator.rs[0m[2m:[0m[2m675:[0m accumulating running root for checkpoint 95
[2m2025-03-25T07:54:32.050024Z[0m [32m INFO[0m [1mnode[0m[1m{[0m[3mname[0m[2m=[0mk#addeef94..[1m}[0m[2m:[0m [2mconsensus_core::core[0m[2m:[0m [2mconsensus/core/src/core.rs[0m[2m:[0m[2m531:[0m Created block B72(C,GrsuWKqAkhC1DYUx/e1M36O/Ke1pnyuP18f5cjqZyT8=)(1742889272049ms;[B71(C,teaINN8C2FTmgd9ET8Kliwr1C14dJRanKndAzokkXGk=), B71(A,kJ/42mDkkiUvKDhqu/su+JQ/s4gdOVuJNw8z8O3C56M=), B71(B,jjwgOp2fpDSNypJ9LTGNNQ95ppJUPNtqvXj8rU6S8J4=)];2t;1c) for round 72
[2m2025-03-25T07:54:32.052701Z[0m [32m INFO[0m [1mnode[0m[1m{[0m[3mname[0m[2m=[0mk#99f25ef6..[1m}[0m[2m:[0m [2mconsensus_core::core[0m[2m:[0m [2mconsensus/core/src/core.rs[0m[2m:[0m[2m531:[0m Created block B72(B,LjZc53g/kdJfjQ4pFFe9bLKePVlihDYq7sBEPkMQjo8=)(1742889272052ms;[B71(B,jjwgOp2fpDSNypJ9LTGNNQ95ppJUPNtqvXj8rU6S8J4=), B71(A,kJ/42mDkkiUvKDhqu/su+JQ/s4gdOVuJNw8z8O3C56M=), B71(C,teaINN8C2FTmgd9ET8Kliwr1C14dJRanKndAzokkXGk=)];2t;1c) for round 72
[2m2025-03-25T07:54:32.052703Z[0m [32m INFO[0m [1mnode[0m[1m{[0m[3mname[0m[2m=[0mk#8dcff6d1..[1m}[0m[2m:[0m [2mconsensus_core::core[0m[2m:[0m [2mconsensus/core/src/core.rs[0m[2m:[0m[2m531:[0m Created block B72(A,vOLixx0XoX3Oe0gpPaZrLrIqSoEuqP8Qeo+g5altXgU=)(1742889272052ms;[B71(A,kJ/42mDkkiUvKDhqu/su+JQ/s4gdOVuJNw8z8O3C56M=), B71(B,jjwgOp2fpDSNypJ9LTGNNQ95ppJUPNtqvXj8rU6S8J4=), B71(C,teaINN8C2FTmgd9ET8Kliwr1C14dJRanKndAzokkXGk=)];2t;1c) for round 72
[2m2025-03-25T07:54:32.052786Z[0m [32m INFO[0m [1mnode[0m[1m{[0m[3mname[0m[2m=[0mk#99f25ef6..[1m}[0m[2m:[0m [2mconsensus_core::core[0m[2m:[0m [2mconsensus/core/src/core.rs[0m[2m:[0m[2m630:[0m Committing 1 leaders: B70(C,GFRr)
[2m2025-03-25T07:54:32.052786Z[0m [32m INFO[0m [1mnode[0m[1m{[0m[3mname[0m[2m=[0mk#8dcff6d1..[1m}[0m[2m:[0m [2mconsensus_core::core[0m[2m:[0m [2mconsensus/core/src/core.rs[0m[2m:[0m[2m630:[0m Committing 1 leaders: B70(C,GFRr)
[2m2025-03-25T07:54:32.052856Z[0m [32m INFO[0m [1mnode[0m[1m{[0m[3mname[0m[2m=[0mk#99f25ef6..[1m}[0m[2m:[0m [2mconsensus_core::commit_observer[0m[2m:[0m [2mconsensus/core/src/commit_observer.rs[0m[2m:[0m[2m173:[0m Consensus commit C69(Bc3B) with leader B70(C,GFRr) has 2 blocks
[2m2025-03-25T07:54:32.052856Z[0m [32m INFO[0m [1mnode[0m[1m{[0m[3mname[0m[2m=[0mk#8dcff6d1..[1m}[0m[2m:[0m [2mconsensus_core::commit_observer[0m[2m:[0m [2mconsensus/core/src/commit_observer.rs[0m[2m:[0m[2m173:[0m Consensus commit C69(Bc3B) with leader B70(C,GFRr) has 2 blocks
[2m2025-03-25T07:54:32.052945Z[0m [32m INFO[0m [1mnode[0m[1m{[0m[3mname[0m[2m=[0mk#99f25ef6..[1m}[0m[2m:[0m [2msui_core::consensus_handler[0m[2m:[0m [2mcrates/sui-core/src/consensus_handler.rs[0m[2m:[0m[2m232:[0m Received consensus output [3mconsensus_commit[0m[2m=[0mCommittedSubDag(leader=B70(C,GFRr), ref=C69(Bc3B), blocks=[DiUB, GFRr]) [3mepoch[0m[2m=[0m0
[2m2025-03-25T07:54:32.052945Z[0m [32m INFO[0m [1mnode[0m[1m{[0m[3mname[0m[2m=[0mk#8dcff6d1..[1m}[0m[2m:[0m [2msui_core::consensus_handler[0m[2m:[0m [2mcrates/sui-core/src/consensus_handler.rs[0m[2m:[0m[2m232:[0m Received consensus output [3mconsensus_commit[0m[2m=[0mCommittedSubDag(leader=B70(C,GFRr), ref=C69(Bc3B), blocks=[DiUB, GFRr]) [3mepoch[0m[2m=[0m0
[2m2025-03-25T07:54:32.056023Z[0m [32m INFO[0m [1mnode[0m[1m{[0m[3mname[0m[2m=[0mk#addeef94..[1m}[0m[2m:[0m [2mconsensus_core::core[0m[2m:[0m [2mconsensus/core/src/core.rs[0m[2m:[0m[2m630:[0m Committing 1 leaders: B70(C,GFRr)
[2m2025-03-25T07:54:32.056103Z[0m [32m INFO[0m [1mnode[0m[1m{[0m[3mname[0m[2m=[0mk#addeef94..[1m}[0m[2m:[0m [2mconsensus_core::commit_observer[0m[2m:[0m [2mconsensus/core/src/commit_observer.rs[0m[2m:[0m[2m173:[0m Consensus commit C69(Bc3B) with leader B70(C,GFRr) has 2 blocks
[2m2025-03-25T07:54:32.056174Z[0m [32m INFO[0m [1mnode[0m[1m{[0m[3mname[0m[2m=[0mk#addeef94..[1m}[0m[2m:[0m [2msui_core::consensus_handler[0m[2m:[0m [2mcrates/sui-core/src/consensus_handler.rs[0m[2m:[0m[2m232:[0m Received consensus output [3mconsensus_commit[0m[2m=[0mCommittedSubDag(leader=B70(C,GFRr), ref=C69(Bc3B), blocks=[DiUB, GFRr]) [3mepoch[0m[2m=[0m0
[2m2025-03-25T07:54:32.144019Z[0m [32m INFO[0m [1mnode[0m[1m{[0m[3mname[0m[2m=[0mk#8dcff6d1..[1m}[0m[2m:[0m [2msui_core::checkpoints[0m[2m:[0m [2mcrates/sui-core/src/checkpoints/mod.rs[0m[2m:[0m[2m1326:[0m Creating checkpoint(s) for 2 transactions [3mnext_checkpoint_seq[0m[2m=[0m130 [3mcheckpoint_timestamp[0m[2m=[0m1742889271538
[2m2025-03-25T07:54:32.144536Z[0m [32m INFO[0m [1mnode[0m[1m{[0m[3mname[0m[2m=[0mk#8dcff6d1..[1m}[0m[2m:[0m [2msui_core::checkpoints::checkpoint_output[0m[2m:[0m [2mcrates/sui-core/src/checkpoints/checkpoint_output.rs[0m[2m:[0m[2m149:[0m Creating checkpoint CheckpointDigest(GLVf7NzjDX9GCicmzK48TMpySgzRaJEVP2skazwyr4kq) at epoch 0, sequence 130, previous digest Some(CheckpointDigest(2GJrf298m7PvsNcFJ67y5ScNXepdvEM7r4iQpkYdyQf5)), transactions count 2, content digest CheckpointContentsDigest(A4bVc6xNENqbkDXQpKhLoy6Zugeb1nYgrYrrTXM9QLYJ), end_of_epoch_data None
[2m2025-03-25T07:54:32.145739Z[0m [32m INFO[0m [1mnode[0m[1m{[0m[3mname[0m[2m=[0mk#addeef94..[1m}[0m[2m:[0m [2msui_core::checkpoints[0m[2m:[0m [2mcrates/sui-core/src/checkpoints/mod.rs[0m[2m:[0m[2m1326:[0m Creating checkpoint(s) for 2 transactions [3mnext_checkpoint_seq[0m[2m=[0m130 [3mcheckpoint_timestamp[0m[2m=[0m1742889271538
[2m2025-03-25T07:54:32.146161Z[0m [32m INFO[0m [1mnode[0m[1m{[0m[3mname[0m[2m=[0mk#addeef94..[1m}[0m[2m:[0m [2msui_core::checkpoints::checkpoint_output[0m[2m:[0m [2mcrates/sui-core/src/checkpoints/checkpoint_output.rs[0m[2m:[0m[2m149:[0m Creating checkpoint CheckpointDigest(GLVf7NzjDX9GCicmzK48TMpySgzRaJEVP2skazwyr4kq) at epoch 0, sequence 130, previous digest Some(CheckpointDigest(2GJrf298m7PvsNcFJ67y5ScNXepdvEM7r4iQpkYdyQf5)), transactions count 2, content digest CheckpointContentsDigest(A4bVc6xNENqbkDXQpKhLoy6Zugeb1nYgrYrrTXM9QLYJ), end_of_epoch_data None
[2m2025-03-25T07:54:32.147289Z[0m [32m INFO[0m [1mnode[0m[1m{[0m[3mname[0m[2m=[0mk#99f25ef6..[1m}[0m[2m:[0m [2msui_core::checkpoints[0m[2m:[0m [2mcrates/sui-core/src/checkpoints/mod.rs[0m[2m:[0m[2m1326:[0m Creating checkpoint(s) for 2 transactions [3mnext_checkpoint_seq[0m[2m=[0m130 [3mcheckpoint_timestamp[0m[2m=[0m1742889271538
[2m2025-03-25T07:54:32.147697Z[0m [32m INFO[0m [1mnode[0m[1m{[0m[3mname[0m[2m=[0mk#99f25ef6..[1m}[0m[2m:[0m [2msui_core::checkpoints::checkpoint_output[0m[2m:[0m [2mcrates/sui-core/src/checkpoints/checkpoint_output.rs[0m[2m:[0m[2m149:[0m Creating checkpoint CheckpointDigest(GLVf7NzjDX9GCicmzK48TMpySgzRaJEVP2skazwyr4kq) at epoch 0, sequence 130, previous digest Some(CheckpointDigest(2GJrf298m7PvsNcFJ67y5ScNXepdvEM7r4iQpkYdyQf5)), transactions count 2, content digest CheckpointContentsDigest(A4bVc6xNENqbkDXQpKhLoy6Zugeb1nYgrYrrTXM9QLYJ), end_of_epoch_data None
[2m2025-03-25T07:54:32.149534Z[0m [32m INFO[0m [1mnode[0m[1m{[0m[3mname[0m[2m=[0mk#8dcff6d1..[1m}[0m[2m:[0m [2msui_core::checkpoints::checkpoint_output[0m[2m:[0m [2mcrates/sui-core/src/checkpoints/checkpoint_output.rs[0m[2m:[0m[2m196:[0m Certified checkpoint with sequence 128 and digest FszmP48YGLHjy1sukgXGpoaKxH7hvuH5y6jTri8ZR684
[2m2025-03-25T07:54:32.149558Z[0m [32m INFO[0m [1mnode[0m[1m{[0m[3mname[0m[2m=[0mk#8dcff6d1..[1m}[0m[2m:[0m [2msui_core::checkpoints::checkpoint_output[0m[2m:[0m [2mcrates/sui-core/src/checkpoints/checkpoint_output.rs[0m[2m:[0m[2m196:[0m Certified checkpoint with sequence 129 and digest 2GJrf298m7PvsNcFJ67y5ScNXepdvEM7r4iQpkYdyQf5
[2m2025-03-25T07:54:32.150400Z[0m [32m INFO[0m [1mnode[0m[1m{[0m[3mname[0m[2m=[0mk#8dcff6d1..[1m}[0m[2m:[0m [2msui_core::checkpoints::checkpoint_executor[0m[2m:[0m [2mcrates/sui-core/src/checkpoints/checkpoint_executor/mod.rs[0m[2m:[0m[2m332:[0m Received checkpoint summary from state sync [3msequence_number[0m[2m=[0m128
[2m2025-03-25T07:54:32.150529Z[0m [32m INFO[0m [1mnode[0m[1m{[0m[3mname[0m[2m=[0mk#8dcff6d1..[1m}[0m[2m:[0m [2msui_core::checkpoints::checkpoint_executor[0m[2m:[0m [2mcrates/sui-core/src/checkpoints/checkpoint_executor/mod.rs[0m[2m:[0m[2m332:[0m Received checkpoint summary from state sync [3msequence_number[0m[2m=[0m129
[2m2025-03-25T07:54:32.152231Z[0m [32m INFO[0m [1mnode[0m[1m{[0m[3mname[0m[2m=[0mk#99f25ef6..[1m}[0m[2m:[0m [2msui_core::checkpoints::checkpoint_output[0m[2m:[0m [2mcrates/sui-core/src/checkpoints/checkpoint_output.rs[0m[2m:[0m[2m196:[0m Certified checkpoint with sequence 128 and digest FszmP48YGLHjy1sukgXGpoaKxH7hvuH5y6jTri8ZR684
[2m2025-03-25T07:54:32.152251Z[0m [32m INFO[0m [1mnode[0m[1m{[0m[3mname[0m[2m=[0mk#99f25ef6..[1m}[0m[2m:[0m [2msui_core::checkpoints::checkpoint_output[0m[2m:[0m [2mcrates/sui-core/src/checkpoints/checkpoint_output.rs[0m[2m:[0m[2m196:[0m Certified checkpoint with sequence 129 and digest 2GJrf298m7PvsNcFJ67y5ScNXepdvEM7r4iQpkYdyQf5
[2m2025-03-25T07:54:32.152464Z[0m [32m INFO[0m [1mnode[0m[1m{[0m[3mname[0m[2m=[0mk#8dcff6d1..[1m}[0m[2m:[0m [2msui_core::state_accumulator[0m[2m:[0m [2mcrates/sui-core/src/state_accumulator.rs[0m[2m:[0m[2m675:[0m accumulating running root for checkpoint 128
[2m2025-03-25T07:54:32.152920Z[0m [32m INFO[0m [1mnode[0m[1m{[0m[3mname[0m[2m=[0mk#8dcff6d1..[1m}[0m[2m:[0m [2msui_core::state_accumulator[0m[2m:[0m [2mcrates/sui-core/src/state_accumulator.rs[0m[2m:[0m[2m675:[0m accumulating running root for checkpoint 129
[2m2025-03-25T07:54:32.153152Z[0m [32m INFO[0m [1mnode[0m[1m{[0m[3mname[0m[2m=[0mk#99f25ef6..[1m}[0m[2m:[0m [2msui_core::checkpoints::checkpoint_executor[0m[2m:[0m [2mcrates/sui-core/src/checkpoints/checkpoint_executor/mod.rs[0m[2m:[0m[2m332:[0m Received checkpoint summary from state sync [3msequence_number[0m[2m=[0m128
[2m2025-03-25T07:54:32.153274Z[0m [32m INFO[0m [1mnode[0m[1m{[0m[3mname[0m[2m=[0mk#99f25ef6..[1m}[0m[2m:[0m [2msui_core::checkpoints::checkpoint_executor[0m[2m:[0m [2mcrates/sui-core/src/checkpoints/checkpoint_executor/mod.rs[0m[2m:[0m[2m332:[0m Received checkpoint summary from state sync [3msequence_number[0m[2m=[0m129
[2m2025-03-25T07:54:32.155157Z[0m [32m INFO[0m [1mnode[0m[1m{[0m[3mname[0m[2m=[0mk#99f25ef6..[1m}[0m[2m:[0m [2msui_core::state_accumulator[0m[2m:[0m [2mcrates/sui-core/src/state_accumulator.rs[0m[2m:[0m[2m675:[0m accumulating running root for checkpoint 128
[2m2025-03-25T07:54:32.155588Z[0m [32m INFO[0m [1mnode[0m[1m{[0m[3mname[0m[2m=[0mk#99f25ef6..[1m}[0m[2m:[0m [2msui_core::state_accumulator[0m[2m:[0m [2mcrates/sui-core/src/state_accumulator.rs[0m[2m:[0m[2m675:[0m accumulating running root for checkpoint 129
[2m2025-03-25T07:54:32.167697Z[0m [32m INFO[0m [1mnode[0m[1m{[0m[3mname[0m[2m=[0mk#b3f3cbb4..[1m}[0m[2m:[0m [2msui_core::state_accumulator[0m[2m:[0m [2mcrates/sui-core/src/state_accumulator.rs[0m[2m:[0m[2m675:[0m accumulating running root for checkpoint 96
[2m2025-03-25T07:54:32.168128Z[0m [32m INFO[0m [1mnode[0m[1m{[0m[3mname[0m[2m=[0mk#b3f3cbb4..[1m}[0m[2m:[0m [2msui_core::state_accumulator[0m[2m:[0m [2mcrates/sui-core/src/state_accumulator.rs[0m[2m:[0m[2m675:[0m accumulating running root for checkpoint 97
[2m2025-03-25T07:54:32.254404Z[0m [32m INFO[0m [1mnode[0m[1m{[0m[3mname[0m[2m=[0mk#8dcff6d1..[1m}[0m[2m:[0m [2msui_core::checkpoints[0m[2m:[0m [2mcrates/sui-core/src/checkpoints/mod.rs[0m[2m:[0m[2m1326:[0m Creating checkpoint(s) for 1 transactions [3mnext_checkpoint_seq[0m[2m=[0m131 [3mcheckpoint_timestamp[0m[2m=[0m1742889271538
[2m2025-03-25T07:54:32.254666Z[0m [32m INFO[0m [1mnode[0m[1m{[0m[3mname[0m[2m=[0mk#8dcff6d1..[1m}[0m[2m:[0m [2msui_core::checkpoints::checkpoint_output[0m[2m:[0m [2mcrates/sui-core/src/checkpoints/checkpoint_output.rs[0m[2m:[0m[2m149:[0m Creating checkpoint CheckpointDigest(2Ub29JvEkSyJo8VQ9gwdaUxDPzwsPesuAKTcE339C3u9) at epoch 0, sequence 131, previous digest Some(CheckpointDigest(GLVf7NzjDX9GCicmzK48TMpySgzRaJEVP2skazwyr4kq)), transactions count 1, content digest CheckpointContentsDigest(3Zgf2wp2S5GEjNEvTqUgkYqJrbKRb9qN3TpA5JqLW9fB), end_of_epoch_data None
[2m2025-03-25T07:54:32.256370Z[0m [32m INFO[0m [1mnode[0m[1m{[0m[3mname[0m[2m=[0mk#addeef94..[1m}[0m[2m:[0m [2msui_core::checkpoints[0m[2m:[0m [2mcrates/sui-core/src/checkpoints/mod.rs[0m[2m:[0m[2m1326:[0m Creating checkpoint(s) for 1 transactions [3mnext_checkpoint_seq[0m[2m=[0m131 [3mcheckpoint_timestamp[0m[2m=[0m1742889271538
[2m2025-03-25T07:54:32.256554Z[0m [32m INFO[0m [1mnode[0m[1m{[0m[3mname[0m[2m=[0mk#addeef94..[1m}[0m[2m:[0m [2msui_core::checkpoints::checkpoint_output[0m[2m:[0m [2mcrates/sui-core/src/checkpoints/checkpoint_output.rs[0m[2m:[0m[2m149:[0m Creating checkpoint CheckpointDigest(2Ub29JvEkSyJo8VQ9gwdaUxDPzwsPesuAKTcE339C3u9) at epoch 0, sequence 131, previous digest Some(CheckpointDigest(GLVf7NzjDX9GCicmzK48TMpySgzRaJEVP2skazwyr4kq)), transactions count 1, content digest CheckpointContentsDigest(3Zgf2wp2S5GEjNEvTqUgkYqJrbKRb9qN3TpA5JqLW9fB), end_of_epoch_data None
[2m2025-03-25T07:54:32.260580Z[0m [32m INFO[0m [1mnode[0m[1m{[0m[3mname[0m[2m=[0mk#addeef94..[1m}[0m[2m:[0m [2msui_core::checkpoints::checkpoint_executor[0m[2m:[0m [2mcrates/sui-core/src/checkpoints/checkpoint_executor/mod.rs[0m[2m:[0m[2m332:[0m Received checkpoint summary from state sync [3msequence_number[0m[2m=[0m128
[2m2025-03-25T07:54:32.260712Z[0m [32m INFO[0m [1mnode[0m[1m{[0m[3mname[0m[2m=[0mk#addeef94..[1m}[0m[2m:[0m [2msui_core::checkpoints::checkpoint_executor[0m[2m:[0m [2mcrates/sui-core/src/checkpoints/checkpoint_executor/mod.rs[0m[2m:[0m[2m332:[0m Received checkpoint summary from state sync [3msequence_number[0m[2m=[0m129
[2m2025-03-25T07:54:32.261198Z[0m [32m INFO[0m [1mnode[0m[1m{[0m[3mname[0m[2m=[0mk#b3f3cbb4..[1m}[0m[2m:[0m [2msui_core::state_accumulator[0m[2m:[0m [2mcrates/sui-core/src/state_accumulator.rs[0m[2m:[0m[2m675:[0m accumulating running root for checkpoint 98
[2m2025-03-25T07:54:32.261728Z[0m [32m INFO[0m [1mnode[0m[1m{[0m[3mname[0m[2m=[0mk#b3f3cbb4..[1m}[0m[2m:[0m [2msui_core::state_accumulator[0m[2m:[0m [2mcrates/sui-core/src/state_accumulator.rs[0m[2m:[0m[2m675:[0m accumulating running root for checkpoint 99
[2m2025-03-25T07:54:32.261925Z[0m [32m INFO[0m [1mnode[0m[1m{[0m[3mname[0m[2m=[0mk#b3f3cbb4..[1m}[0m[2m:[0m [2msui_core::checkpoints::checkpoint_executor[0m[2m:[0m [2mcrates/sui-core/src/checkpoints/checkpoint_executor/mod.rs[0m[2m:[0m[2m332:[0m Received checkpoint summary from state sync [3msequence_number[0m[2m=[0m122
[2m2025-03-25T07:54:32.261940Z[0m [32m INFO[0m [1mnode[0m[1m{[0m[3mname[0m[2m=[0mk#addeef94..[1m}[0m[2m:[0m [2msui_core::state_accumulator[0m[2m:[0m [2mcrates/sui-core/src/state_accumulator.rs[0m[2m:[0m[2m675:[0m accumulating running root for checkpoint 128
[2m2025-03-25T07:54:32.261968Z[0m [32m INFO[0m [1mnode[0m[1m{[0m[3mname[0m[2m=[0mk#b3f3cbb4..[1m}[0m[2m:[0m [2msui_core::checkpoints::checkpoint_executor[0m[2m:[0m [2mcrates/sui-core/src/checkpoints/checkpoint_executor/mod.rs[0m[2m:[0m[2m332:[0m Received checkpoint summary from state sync [3msequence_number[0m[2m=[0m123
[2m2025-03-25T07:54:32.262352Z[0m [32m INFO[0m [1mnode[0m[1m{[0m[3mname[0m[2m=[0mk#addeef94..[1m}[0m[2m:[0m [2msui_core::state_accumulator[0m[2m:[0m [2mcrates/sui-core/src/state_accumulator.rs[0m[2m:[0m[2m675:[0m accumulating running root for checkpoint 129
[2m2025-03-25T07:54:32.262691Z[0m [32m INFO[0m [1mnode[0m[1m{[0m[3mname[0m[2m=[0mk#addeef94..[1m}[0m[2m:[0m [2mconsensus_core::commit_syncer[0m[2m:[0m [2mconsensus/core/src/commit_syncer.rs[0m[2m:[0m[2m196:[0m Checking to schedule fetches: synced_commit_index=69, highest_handled_index=69, highest_scheduled_index=0, quorum_commit_index=0, unhandled_commits_threshold=3200
[2m2025-03-25T07:54:32.265453Z[0m [32m INFO[0m [1mnode[0m[1m{[0m[3mname[0m[2m=[0mk#99f25ef6..[1m}[0m[2m:[0m [2msui_core::checkpoints[0m[2m:[0m [2mcrates/sui-core/src/checkpoints/mod.rs[0m[2m:[0m[2m1326:[0m Creating checkpoint(s) for 1 transactions [3mnext_checkpoint_seq[0m[2m=[0m131 [3mcheckpoint_timestamp[0m[2m=[0m1742889271538
[2m2025-03-25T07:54:32.265656Z[0m [32m INFO[0m [1mnode[0m[1m{[0m[3mname[0m[2m=[0mk#99f25ef6..[1m}[0m[2m:[0m [2msui_core::checkpoints::checkpoint_output[0m[2m:[0m [2mcrates/sui-core/src/checkpoints/checkpoint_output.rs[0m[2m:[0m[2m149:[0m Creating checkpoint CheckpointDigest(2Ub29JvEkSyJo8VQ9gwdaUxDPzwsPesuAKTcE339C3u9) at epoch 0, sequence 131, previous digest Some(CheckpointDigest(GLVf7NzjDX9GCicmzK48TMpySgzRaJEVP2skazwyr4kq)), transactions count 1, content digest CheckpointContentsDigest(3Zgf2wp2S5GEjNEvTqUgkYqJrbKRb9qN3TpA5JqLW9fB), end_of_epoch_data None
[2m2025-03-25T07:54:32.305591Z[0m [32m INFO[0m [1mnode[0m[1m{[0m[3mname[0m[2m=[0mk#99f25ef6..[1m}[0m[2m:[0m [2mconsensus_core::core[0m[2m:[0m [2mconsensus/core/src/core.rs[0m[2m:[0m[2m531:[0m Created block B73(B,e2nc2+BIRqM5ynB0pq8mmae2qw5U8IdSTd1smbR7anw=)(1742889272305ms;[B72(B,LjZc53g/kdJfjQ4pFFe9bLKePVlihDYq7sBEPkMQjo8=), B72(A,vOLixx0XoX3Oe0gpPaZrLrIqSoEuqP8Qeo+g5altXgU=), B72(C,GrsuWKqAkhC1DYUx/e1M36O/Ke1pnyuP18f5cjqZyT8=)];2t;1c) for round 73
[2m2025-03-25T07:54:32.306262Z[0m [32m INFO[0m [1mnode[0m[1m{[0m[3mname[0m[2m=[0mk#8dcff6d1..[1m}[0m[2m:[0m [2mconsensus_core::core[0m[2m:[0m [2mconsensus/core/src/core.rs[0m[2m:[0m[2m531:[0m Created block B73(A,9LaujIUd6VCxQlCI8d0iiN2I3JouwOUG+7Y8bG2xcMw=)(1742889272305ms;[B72(A,vOLixx0XoX3Oe0gpPaZrLrIqSoEuqP8Qeo+g5altXgU=), B72(B,LjZc53g/kdJfjQ4pFFe9bLKePVlihDYq7sBEPkMQjo8=), B72(C,GrsuWKqAkhC1DYUx/e1M36O/Ke1pnyuP18f5cjqZyT8=)];2t;1c) for round 73
[2m2025-03-25T07:54:32.308316Z[0m [32m INFO[0m [1mnode[0m[1m{[0m[3mname[0m[2m=[0mk#addeef94..[1m}[0m[2m:[0m [2mconsensus_core::core[0m[2m:[0m [2mconsensus/core/src/core.rs[0m[2m:[0m[2m531:[0m Created block B73(C,F1T6fhAxCpTPhQjZc4IYNYSz6f8rTyGdN4h8Wo+TdRo=)(1742889272308ms;[B72(C,GrsuWKqAkhC1DYUx/e1M36O/Ke1pnyuP18f5cjqZyT8=), B72(A,vOLixx0XoX3Oe0gpPaZrLrIqSoEuqP8Qeo+g5altXgU=), B72(B,LjZc53g/kdJfjQ4pFFe9bLKePVlihDYq7sBEPkMQjo8=)];2t;1c) for round 73
[2m2025-03-25T07:54:32.308396Z[0m [32m INFO[0m [1mnode[0m[1m{[0m[3mname[0m[2m=[0mk#addeef94..[1m}[0m[2m:[0m [2mconsensus_core::core[0m[2m:[0m [2mconsensus/core/src/core.rs[0m[2m:[0m[2m630:[0m Committing 1 leaders: B71(C,teaI)
[2m2025-03-25T07:54:32.308474Z[0m [32m INFO[0m [1mnode[0m[1m{[0m[3mname[0m[2m=[0mk#addeef94..[1m}[0m[2m:[0m [2mconsensus_core::commit_observer[0m[2m:[0m [2mconsensus/core/src/commit_observer.rs[0m[2m:[0m[2m173:[0m Consensus commit C70(kNY8) with leader B71(C,teaI) has 3 blocks
[2m2025-03-25T07:54:32.308557Z[0m [32m INFO[0m [1mnode[0m[1m{[0m[3mname[0m[2m=[0mk#addeef94..[1m}[0m[2m:[0m [2msui_core::consensus_handler[0m[2m:[0m [2mcrates/sui-core/src/consensus_handler.rs[0m[2m:[0m[2m232:[0m Received consensus output [3mconsensus_commit[0m[2m=[0mCommittedSubDag(leader=B71(C,teaI), ref=C70(kNY8), blocks=[E7pQ, qaAb, teaI]) [3mepoch[0m[2m=[0m0
[2m2025-03-25T07:54:32.311578Z[0m [32m INFO[0m [1mnode[0m[1m{[0m[3mname[0m[2m=[0mk#99f25ef6..[1m}[0m[2m:[0m [2mconsensus_core::core[0m[2m:[0m [2mconsensus/core/src/core.rs[0m[2m:[0m[2m630:[0m Committing 1 leaders: B71(C,teaI)
[2m2025-03-25T07:54:32.311584Z[0m [32m INFO[0m [1mnode[0m[1m{[0m[3mname[0m[2m=[0mk#8dcff6d1..[1m}[0m[2m:[0m [2mconsensus_core::core[0m[2m:[0m [2mconsensus/core/src/core.rs[0m[2m:[0m[2m630:[0m Committing 1 leaders: B71(C,teaI)
[2m2025-03-25T07:54:32.311664Z[0m [32m INFO[0m [1mnode[0m[1m{[0m[3mname[0m[2m=[0mk#99f25ef6..[1m}[0m[2m:[0m [2mconsensus_core::commit_observer[0m[2m:[0m [2mconsensus/core/src/commit_observer.rs[0m[2m:[0m[2m173:[0m Consensus commit C70(kNY8) with leader B71(C,teaI) has 3 blocks
[2m2025-03-25T07:54:32.311667Z[0m [32m INFO[0m [1mnode[0m[1m{[0m[3mname[0m[2m=[0mk#8dcff6d1..[1m}[0m[2m:[0m [2mconsensus_core::commit_observer[0m[2m:[0m [2mconsensus/core/src/commit_observer.rs[0m[2m:[0m[2m173:[0m Consensus commit C70(kNY8) with leader B71(C,teaI) has 3 blocks
[2m2025-03-25T07:54:32.311737Z[0m [32m INFO[0m [1mnode[0m[1m{[0m[3mname[0m[2m=[0mk#99f25ef6..[1m}[0m[2m:[0m [2msui_core::consensus_handler[0m[2m:[0m [2mcrates/sui-core/src/consensus_handler.rs[0m[2m:[0m[2m232:[0m Received consensus output [3mconsensus_commit[0m[2m=[0mCommittedSubDag(leader=B71(C,teaI), ref=C70(kNY8), blocks=[E7pQ, qaAb, teaI]) [3mepoch[0m[2m=[0m0
[2m2025-03-25T07:54:32.311740Z[0m [32m INFO[0m [1mnode[0m[1m{[0m[3mname[0m[2m=[0mk#8dcff6d1..[1m}[0m[2m:[0m [2msui_core::consensus_handler[0m[2m:[0m [2mcrates/sui-core/src/consensus_handler.rs[0m[2m:[0m[2m232:[0m Received consensus output [3mconsensus_commit[0m[2m=[0mCommittedSubDag(leader=B71(C,teaI), ref=C70(kNY8), blocks=[E7pQ, qaAb, teaI]) [3mepoch[0m[2m=[0m0
[2m2025-03-25T07:54:32.355341Z[0m [32m INFO[0m [1mnode[0m[1m{[0m[3mname[0m[2m=[0mk#b3f3cbb4..[1m}[0m[2m:[0m [2msui_core::checkpoints::checkpoint_executor[0m[2m:[0m [2mcrates/sui-core/src/checkpoints/checkpoint_executor/mod.rs[0m[2m:[0m[2m332:[0m Received checkpoint summary from state sync [3msequence_number[0m[2m=[0m124
[2m2025-03-25T07:54:32.355821Z[0m [32m INFO[0m [1mnode[0m[1m{[0m[3mname[0m[2m=[0mk#b3f3cbb4..[1m}[0m[2m:[0m [2msui_core::state_accumulator[0m[2m:[0m [2mcrates/sui-core/src/state_accumulator.rs[0m[2m:[0m[2m675:[0m accumulating running root for checkpoint 100
[2m2025-03-25T07:54:32.356281Z[0m [32m INFO[0m [1mnode[0m[1m{[0m[3mname[0m[2m=[0mk#b3f3cbb4..[1m}[0m[2m:[0m [2msui_core::state_accumulator[0m[2m:[0m [2mcrates/sui-core/src/state_accumulator.rs[0m[2m:[0m[2m675:[0m accumulating running root for checkpoint 101
[2m2025-03-25T07:54:32.356487Z[0m [32m INFO[0m [1mnode[0m[1m{[0m[3mname[0m[2m=[0mk#b3f3cbb4..[1m}[0m[2m:[0m [2msui_core::checkpoints::checkpoint_executor[0m[2m:[0m [2mcrates/sui-core/src/checkpoints/checkpoint_executor/mod.rs[0m[2m:[0m[2m332:[0m Received checkpoint summary from state sync [3msequence_number[0m[2m=[0m125
[2m2025-03-25T07:54:32.412050Z[0m [32m INFO[0m [1mnode[0m[1m{[0m[3mname[0m[2m=[0mk#addeef94..[1m}[0m[2m:[0m [2msui_core::checkpoints[0m[2m:[0m [2mcrates/sui-core/src/checkpoints/mod.rs[0m[2m:[0m[2m1326:[0m Creating checkpoint(s) for 1 transactions [3mnext_checkpoint_seq[0m[2m=[0m132 [3mcheckpoint_timestamp[0m[2m=[0m1742889271796
[2m2025-03-25T07:54:32.412285Z[0m [32m INFO[0m [1mnode[0m[1m{[0m[3mname[0m[2m=[0mk#addeef94..[1m}[0m[2m:[0m [2msui_core::checkpoints::checkpoint_output[0m[2m:[0m [2mcrates/sui-core/src/checkpoints/checkpoint_output.rs[0m[2m:[0m[2m149:[0m Creating checkpoint CheckpointDigest(GpfEM8DHvNrZKCxLSrs7sYwNGs1ryz6BHFqm29YJcAZr) at epoch 0, sequence 132, previous digest Some(CheckpointDigest(2Ub29JvEkSyJo8VQ9gwdaUxDPzwsPesuAKTcE339C3u9)), transactions count 1, content digest CheckpointContentsDigest(5gTXZUSUjLS1vsFPVt3kgPxErGmg1uCEwT2PEUqHBxmn), end_of_epoch_data None
[2m2025-03-25T07:54:32.416029Z[0m [32m INFO[0m [1mnode[0m[1m{[0m[3mname[0m[2m=[0mk#8dcff6d1..[1m}[0m[2m:[0m [2msui_core::checkpoints[0m[2m:[0m [2mcrates/sui-core/src/checkpoints/mod.rs[0m[2m:[0m[2m1326:[0m Creating checkpoint(s) for 1 transactions [3mnext_checkpoint_seq[0m[2m=[0m132 [3mcheckpoint_timestamp[0m[2m=[0m1742889271796
[2m2025-03-25T07:54:32.416206Z[0m [32m INFO[0m [1mnode[0m[1m{[0m[3mname[0m[2m=[0mk#8dcff6d1..[1m}[0m[2m:[0m [2msui_core::checkpoints::checkpoint_output[0m[2m:[0m [2mcrates/sui-core/src/checkpoints/checkpoint_output.rs[0m[2m:[0m[2m149:[0m Creating checkpoint CheckpointDigest(GpfEM8DHvNrZKCxLSrs7sYwNGs1ryz6BHFqm29YJcAZr) at epoch 0, sequence 132, previous digest Some(CheckpointDigest(2Ub29JvEkSyJo8VQ9gwdaUxDPzwsPesuAKTcE339C3u9)), transactions count 1, content digest CheckpointContentsDigest(5gTXZUSUjLS1vsFPVt3kgPxErGmg1uCEwT2PEUqHBxmn), end_of_epoch_data None
[2m2025-03-25T07:54:32.416884Z[0m [32m INFO[0m [1mnode[0m[1m{[0m[3mname[0m[2m=[0mk#99f25ef6..[1m}[0m[2m:[0m [2msui_core::checkpoints[0m[2m:[0m [2mcrates/sui-core/src/checkpoints/mod.rs[0m[2m:[0m[2m1326:[0m Creating checkpoint(s) for 1 transactions [3mnext_checkpoint_seq[0m[2m=[0m132 [3mcheckpoint_timestamp[0m[2m=[0m1742889271796
[2m2025-03-25T07:54:32.417054Z[0m [32m INFO[0m [1mnode[0m[1m{[0m[3mname[0m[2m=[0mk#99f25ef6..[1m}[0m[2m:[0m [2msui_core::checkpoints::checkpoint_output[0m[2m:[0m [2mcrates/sui-core/src/checkpoints/checkpoint_output.rs[0m[2m:[0m[2m149:[0m Creating checkpoint CheckpointDigest(GpfEM8DHvNrZKCxLSrs7sYwNGs1ryz6BHFqm29YJcAZr) at epoch 0, sequence 132, previous digest Some(CheckpointDigest(2Ub29JvEkSyJo8VQ9gwdaUxDPzwsPesuAKTcE339C3u9)), transactions count 1, content digest CheckpointContentsDigest(5gTXZUSUjLS1vsFPVt3kgPxErGmg1uCEwT2PEUqHBxmn), end_of_epoch_data None
[2m2025-03-25T07:54:32.418590Z[0m [32m INFO[0m [1mnode[0m[1m{[0m[3mname[0m[2m=[0mk#8dcff6d1..[1m}[0m[2m:[0m [2mconsensus_core::commit_syncer[0m[2m:[0m [2mconsensus/core/src/commit_syncer.rs[0m[2m:[0m[2m196:[0m Checking to schedule fetches: synced_commit_index=70, highest_handled_index=70, highest_scheduled_index=0, quorum_commit_index=69, unhandled_commits_threshold=3200
[2m2025-03-25T07:54:32.420716Z[0m [32m INFO[0m [1mnode[0m[1m{[0m[3mname[0m[2m=[0mk#8dcff6d1..[1m}[0m[2m:[0m [2msui_core::checkpoints::checkpoint_output[0m[2m:[0m [2mcrates/sui-core/src/checkpoints/checkpoint_output.rs[0m[2m:[0m[2m196:[0m Certified checkpoint with sequence 130 and digest GLVf7NzjDX9GCicmzK48TMpySgzRaJEVP2skazwyr4kq
[2m2025-03-25T07:54:32.420737Z[0m [32m INFO[0m [1mnode[0m[1m{[0m[3mname[0m[2m=[0mk#8dcff6d1..[1m}[0m[2m:[0m [2msui_core::checkpoints::checkpoint_output[0m[2m:[0m [2mcrates/sui-core/src/checkpoints/checkpoint_output.rs[0m[2m:[0m[2m196:[0m Certified checkpoint with sequence 131 and digest 2Ub29JvEkSyJo8VQ9gwdaUxDPzwsPesuAKTcE339C3u9
[2m2025-03-25T07:54:32.421481Z[0m [32m INFO[0m [1mnode[0m[1m{[0m[3mname[0m[2m=[0mk#99f25ef6..[1m}[0m[2m:[0m [2msui_core::checkpoints::checkpoint_output[0m[2m:[0m [2mcrates/sui-core/src/checkpoints/checkpoint_output.rs[0m[2m:[0m[2m196:[0m Certified checkpoint with sequence 130 and digest GLVf7NzjDX9GCicmzK48TMpySgzRaJEVP2skazwyr4kq
[2m2025-03-25T07:54:32.421501Z[0m [32m INFO[0m [1mnode[0m[1m{[0m[3mname[0m[2m=[0mk#99f25ef6..[1m}[0m[2m:[0m [2msui_core::checkpoints::checkpoint_output[0m[2m:[0m [2mcrates/sui-core/src/checkpoints/checkpoint_output.rs[0m[2m:[0m[2m196:[0m Certified checkpoint with sequence 131 and digest 2Ub29JvEkSyJo8VQ9gwdaUxDPzwsPesuAKTcE339C3u9
[2m2025-03-25T07:54:32.421887Z[0m [32m INFO[0m [1mnode[0m[1m{[0m[3mname[0m[2m=[0mk#8dcff6d1..[1m}[0m[2m:[0m [2msui_core::checkpoints::checkpoint_executor[0m[2m:[0m [2mcrates/sui-core/src/checkpoints/checkpoint_executor/mod.rs[0m[2m:[0m[2m332:[0m Received checkpoint summary from state sync [3msequence_number[0m[2m=[0m130
[2m2025-03-25T07:54:32.422021Z[0m [32m INFO[0m [1mnode[0m[1m{[0m[3mname[0m[2m=[0mk#8dcff6d1..[1m}[0m[2m:[0m [2msui_core::checkpoints::checkpoint_executor[0m[2m:[0m [2mcrates/sui-core/src/checkpoints/checkpoint_executor/mod.rs[0m[2m:[0m[2m332:[0m Received checkpoint summary from state sync [3msequence_number[0m[2m=[0m131
[2m2025-03-25T07:54:32.422635Z[0m [32m INFO[0m [1mnode[0m[1m{[0m[3mname[0m[2m=[0mk#99f25ef6..[1m}[0m[2m:[0m [2msui_core::checkpoints::checkpoint_executor[0m[2m:[0m [2mcrates/sui-core/src/checkpoints/checkpoint_executor/mod.rs[0m[2m:[0m[2m332:[0m Received checkpoint summary from state sync [3msequence_number[0m[2m=[0m130
[2m2025-03-25T07:54:32.422758Z[0m [32m INFO[0m [1mnode[0m[1m{[0m[3mname[0m[2m=[0mk#99f25ef6..[1m}[0m[2m:[0m [2msui_core::checkpoints::checkpoint_executor[0m[2m:[0m [2mcrates/sui-core/src/checkpoints/checkpoint_executor/mod.rs[0m[2m:[0m[2m332:[0m Received checkpoint summary from state sync [3msequence_number[0m[2m=[0m131
[2m2025-03-25T07:54:32.424604Z[0m [32m INFO[0m [1mnode[0m[1m{[0m[3mname[0m[2m=[0mk#8dcff6d1..[1m}[0m[2m:[0m [2msui_core::state_accumulator[0m[2m:[0m [2mcrates/sui-core/src/state_accumulator.rs[0m[2m:[0m[2m675:[0m accumulating running root for checkpoint 130
[2m2025-03-25T07:54:32.425033Z[0m [32m INFO[0m [1mnode[0m[1m{[0m[3mname[0m[2m=[0mk#8dcff6d1..[1m}[0m[2m:[0m [2msui_core::state_accumulator[0m[2m:[0m [2mcrates/sui-core/src/state_accumulator.rs[0m[2m:[0m[2m675:[0m accumulating running root for checkpoint 131
[2m2025-03-25T07:54:32.425163Z[0m [32m INFO[0m [1mnode[0m[1m{[0m[3mname[0m[2m=[0mk#99f25ef6..[1m}[0m[2m:[0m [2msui_core::state_accumulator[0m[2m:[0m [2mcrates/sui-core/src/state_accumulator.rs[0m[2m:[0m[2m675:[0m accumulating running root for checkpoint 130
[2m2025-03-25T07:54:32.425590Z[0m [32m INFO[0m [1mnode[0m[1m{[0m[3mname[0m[2m=[0mk#99f25ef6..[1m}[0m[2m:[0m [2msui_core::state_accumulator[0m[2m:[0m [2mcrates/sui-core/src/state_accumulator.rs[0m[2m:[0m[2m675:[0m accumulating running root for checkpoint 131
[2m2025-03-25T07:54:32.500906Z[0m [32m INFO[0m [1mnode[0m[1m{[0m[3mname[0m[2m=[0mk#b3f3cbb4..[1m}[0m[2m:[0m [2msui_core::state_accumulator[0m[2m:[0m [2mcrates/sui-core/src/state_accumulator.rs[0m[2m:[0m[2m675:[0m accumulating running root for checkpoint 102
[2m2025-03-25T07:54:32.501354Z[0m [32m INFO[0m [1mnode[0m[1m{[0m[3mname[0m[2m=[0mk#b3f3cbb4..[1m}[0m[2m:[0m [2msui_core::state_accumulator[0m[2m:[0m [2mcrates/sui-core/src/state_accumulator.rs[0m[2m:[0m[2m675:[0m accumulating running root for checkpoint 103
[2m2025-03-25T07:54:32.516995Z[0m [32m INFO[0m [1mnode[0m[1m{[0m[3mname[0m[2m=[0mk#addeef94..[1m}[0m[2m:[0m [2msui_core::checkpoints[0m[2m:[0m [2mcrates/sui-core/src/checkpoints/mod.rs[0m[2m:[0m[2m1326:[0m Creating checkpoint(s) for 1 transactions [3mnext_checkpoint_seq[0m[2m=[0m133 [3mcheckpoint_timestamp[0m[2m=[0m1742889271796
[2m2025-03-25T07:54:32.517221Z[0m [32m INFO[0m [1mnode[0m[1m{[0m[3mname[0m[2m=[0mk#addeef94..[1m}[0m[2m:[0m [2msui_core::checkpoints::checkpoint_output[0m[2m:[0m [2mcrates/sui-core/src/checkpoints/checkpoint_output.rs[0m[2m:[0m[2m149:[0m Creating checkpoint CheckpointDigest(9bHTjnKkpiM4ktAfdRe5zb6FHPEh316HrKeSu7D28gC7) at epoch 0, sequence 133, previous digest Some(CheckpointDigest(GpfEM8DHvNrZKCxLSrs7sYwNGs1ryz6BHFqm29YJcAZr)), transactions count 1, content digest CheckpointContentsDigest(7duJtrBfxyn31mT2EhSjx1jYwceQcifA8f6rFo8otYrg), end_of_epoch_data None
[2m2025-03-25T07:54:32.524001Z[0m [32m INFO[0m [1mnode[0m[1m{[0m[3mname[0m[2m=[0mk#8dcff6d1..[1m}[0m[2m:[0m [2msui_core::checkpoints[0m[2m:[0m [2mcrates/sui-core/src/checkpoints/mod.rs[0m[2m:[0m[2m1326:[0m Creating checkpoint(s) for 1 transactions [3mnext_checkpoint_seq[0m[2m=[0m133 [3mcheckpoint_timestamp[0m[2m=[0m1742889271796
[2m2025-03-25T07:54:32.524195Z[0m [32m INFO[0m [1mnode[0m[1m{[0m[3mname[0m[2m=[0mk#8dcff6d1..[1m}[0m[2m:[0m [2msui_core::checkpoints::checkpoint_output[0m[2m:[0m [2mcrates/sui-core/src/checkpoints/checkpoint_output.rs[0m[2m:[0m[2m149:[0m Creating checkpoint CheckpointDigest(9bHTjnKkpiM4ktAfdRe5zb6FHPEh316HrKeSu7D28gC7) at epoch 0, sequence 133, previous digest Some(CheckpointDigest(GpfEM8DHvNrZKCxLSrs7sYwNGs1ryz6BHFqm29YJcAZr)), transactions count 1, content digest CheckpointContentsDigest(7duJtrBfxyn31mT2EhSjx1jYwceQcifA8f6rFo8otYrg), end_of_epoch_data None
[2m2025-03-25T07:54:32.529526Z[0m [32m INFO[0m [1mnode[0m[1m{[0m[3mname[0m[2m=[0mk#addeef94..[1m}[0m[2m:[0m [2msui_core::checkpoints::checkpoint_executor[0m[2m:[0m [2mcrates/sui-core/src/checkpoints/checkpoint_executor/mod.rs[0m[2m:[0m[2m332:[0m Received checkpoint summary from state sync [3msequence_number[0m[2m=[0m130
[2m2025-03-25T07:54:32.529666Z[0m [32m INFO[0m [1mnode[0m[1m{[0m[3mname[0m[2m=[0mk#addeef94..[1m}[0m[2m:[0m [2msui_core::checkpoints::checkpoint_executor[0m[2m:[0m [2mcrates/sui-core/src/checkpoints/checkpoint_executor/mod.rs[0m[2m:[0m[2m332:[0m Received checkpoint summary from state sync [3msequence_number[0m[2m=[0m131
[2m2025-03-25T07:54:32.531712Z[0m [32m INFO[0m [1mnode[0m[1m{[0m[3mname[0m[2m=[0mk#addeef94..[1m}[0m[2m:[0m [2msui_core::state_accumulator[0m[2m:[0m [2mcrates/sui-core/src/state_accumulator.rs[0m[2m:[0m[2m675:[0m accumulating running root for checkpoint 130
[2m2025-03-25T07:54:32.532156Z[0m [32m INFO[0m [1mnode[0m[1m{[0m[3mname[0m[2m=[0mk#addeef94..[1m}[0m[2m:[0m [2msui_core::state_accumulator[0m[2m:[0m [2mcrates/sui-core/src/state_accumulator.rs[0m[2m:[0m[2m675:[0m accumulating running root for checkpoint 131
[2m2025-03-25T07:54:32.541429Z[0m [32m INFO[0m [1mnode[0m[1m{[0m[3mname[0m[2m=[0mk#99f25ef6..[1m}[0m[2m:[0m [2msui_core::checkpoints[0m[2m:[0m [2mcrates/sui-core/src/checkpoints/mod.rs[0m[2m:[0m[2m1326:[0m Creating checkpoint(s) for 1 transactions [3mnext_checkpoint_seq[0m[2m=[0m133 [3mcheckpoint_timestamp[0m[2m=[0m1742889271796
[2m2025-03-25T07:54:32.541651Z[0m [32m INFO[0m [1mnode[0m[1m{[0m[3mname[0m[2m=[0mk#99f25ef6..[1m}[0m[2m:[0m [2msui_core::checkpoints::checkpoint_output[0m[2m:[0m [2mcrates/sui-core/src/checkpoints/checkpoint_output.rs[0m[2m:[0m[2m149:[0m Creating checkpoint CheckpointDigest(9bHTjnKkpiM4ktAfdRe5zb6FHPEh316HrKeSu7D28gC7) at epoch 0, sequence 133, previous digest Some(CheckpointDigest(GpfEM8DHvNrZKCxLSrs7sYwNGs1ryz6BHFqm29YJcAZr)), transactions count 1, content digest CheckpointContentsDigest(7duJtrBfxyn31mT2EhSjx1jYwceQcifA8f6rFo8otYrg), end_of_epoch_data None
[2m2025-03-25T07:54:32.561161Z[0m [32m INFO[0m [1mnode[0m[1m{[0m[3mname[0m[2m=[0mk#addeef94..[1m}[0m[2m:[0m [2mconsensus_core::core[0m[2m:[0m [2mconsensus/core/src/core.rs[0m[2m:[0m[2m531:[0m Created block B74(C,ybQvy4EJtfMDn/JXETjhX9lB9vOE4sdNJ6jnPH3MBXg=)(1742889272560ms;[B73(C,F1T6fhAxCpTPhQjZc4IYNYSz6f8rTyGdN4h8Wo+TdRo=), B73(A,9LaujIUd6VCxQlCI8d0iiN2I3JouwOUG+7Y8bG2xcMw=), B73(B,e2nc2+BIRqM5ynB0pq8mmae2qw5U8IdSTd1smbR7anw=)];2t;1c) for round 74
[2m2025-03-25T07:54:32.563847Z[0m [32m INFO[0m [1mnode[0m[1m{[0m[3mname[0m[2m=[0mk#99f25ef6..[1m}[0m[2m:[0m [2mconsensus_core::core[0m[2m:[0m [2mconsensus/core/src/core.rs[0m[2m:[0m[2m531:[0m Created block B74(B,JUpoZgCdKkxxU7V65a7+fiQw0Xxanm2VyEbjWjcG1rg=)(1742889272563ms;[B73(B,e2nc2+BIRqM5ynB0pq8mmae2qw5U8IdSTd1smbR7anw=), B73(A,9LaujIUd6VCxQlCI8d0iiN2I3JouwOUG+7Y8bG2xcMw=), B73(C,F1T6fhAxCpTPhQjZc4IYNYSz6f8rTyGdN4h8Wo+TdRo=)];2t;1c) for round 74
[2m2025-03-25T07:54:32.563847Z[0m [32m INFO[0m [1mnode[0m[1m{[0m[3mname[0m[2m=[0mk#8dcff6d1..[1m}[0m[2m:[0m [2mconsensus_core::core[0m[2m:[0m [2mconsensus/core/src/core.rs[0m[2m:[0m[2m531:[0m Created block B74(A,kxsaHndvjJQ+NtdQKlBZwX75zjvCaZyC2Xyc5ouAURE=)(1742889272563ms;[B73(A,9LaujIUd6VCxQlCI8d0iiN2I3JouwOUG+7Y8bG2xcMw=), B73(B,e2nc2+BIRqM5ynB0pq8mmae2qw5U8IdSTd1smbR7anw=), B73(C,F1T6fhAxCpTPhQjZc4IYNYSz6f8rTyGdN4h8Wo+TdRo=)];2t;1c) for round 74
[2m2025-03-25T07:54:32.563932Z[0m [32m INFO[0m [1mnode[0m[1m{[0m[3mname[0m[2m=[0mk#99f25ef6..[1m}[0m[2m:[0m [2mconsensus_core::core[0m[2m:[0m [2mconsensus/core/src/core.rs[0m[2m:[0m[2m630:[0m Committing 1 leaders: B72(B,LjZc)
[2m2025-03-25T07:54:32.563932Z[0m [32m INFO[0m [1mnode[0m[1m{[0m[3mname[0m[2m=[0mk#8dcff6d1..[1m}[0m[2m:[0m [2mconsensus_core::core[0m[2m:[0m [2mconsensus/core/src/core.rs[0m[2m:[0m[2m630:[0m Committing 1 leaders: B72(B,LjZc)
[2m2025-03-25T07:54:32.564004Z[0m [32m INFO[0m [1mnode[0m[1m{[0m[3mname[0m[2m=[0mk#99f25ef6..[1m}[0m[2m:[0m [2mconsensus_core::commit_observer[0m[2m:[0m [2mconsensus/core/src/commit_observer.rs[0m[2m:[0m[2m173:[0m Consensus commit C71(swKZ) with leader B72(B,LjZc) has 3 blocks
[2m2025-03-25T07:54:32.564004Z[0m [32m INFO[0m [1mnode[0m[1m{[0m[3mname[0m[2m=[0mk#8dcff6d1..[1m}[0m[2m:[0m [2mconsensus_core::commit_observer[0m[2m:[0m [2mconsensus/core/src/commit_observer.rs[0m[2m:[0m[2m173:[0m Consensus commit C71(swKZ) with leader B72(B,LjZc) has 3 blocks
[2m2025-03-25T07:54:32.564096Z[0m [32m INFO[0m [1mnode[0m[1m{[0m[3mname[0m[2m=[0mk#99f25ef6..[1m}[0m[2m:[0m [2msui_core::consensus_handler[0m[2m:[0m [2mcrates/sui-core/src/consensus_handler.rs[0m[2m:[0m[2m232:[0m Received consensus output [3mconsensus_commit[0m[2m=[0mCommittedSubDag(leader=B72(B,LjZc), ref=C71(swKZ), blocks=[kJ/4, jjwg, LjZc]) [3mepoch[0m[2m=[0m0
[2m2025-03-25T07:54:32.564096Z[0m [32m INFO[0m [1mnode[0m[1m{[0m[3mname[0m[2m=[0mk#8dcff6d1..[1m}[0m[2m:[0m [2msui_core::consensus_handler[0m[2m:[0m [2mcrates/sui-core/src/consensus_handler.rs[0m[2m:[0m[2m232:[0m Received consensus output [3mconsensus_commit[0m[2m=[0mCommittedSubDag(leader=B72(B,LjZc), ref=C71(swKZ), blocks=[kJ/4, jjwg, LjZc]) [3mepoch[0m[2m=[0m0
[2m2025-03-25T07:54:32.567082Z[0m [32m INFO[0m [1mnode[0m[1m{[0m[3mname[0m[2m=[0mk#addeef94..[1m}[0m[2m:[0m [2mconsensus_core::core[0m[2m:[0m [2mconsensus/core/src/core.rs[0m[2m:[0m[2m630:[0m Committing 1 leaders: B72(B,LjZc)
[2m2025-03-25T07:54:32.567165Z[0m [32m INFO[0m [1mnode[0m[1m{[0m[3mname[0m[2m=[0mk#addeef94..[1m}[0m[2m:[0m [2mconsensus_core::commit_observer[0m[2m:[0m [2mconsensus/core/src/commit_observer.rs[0m[2m:[0m[2m173:[0m Consensus commit C71(swKZ) with leader B72(B,LjZc) has 3 blocks
[2m2025-03-25T07:54:32.567236Z[0m [32m INFO[0m [1mnode[0m[1m{[0m[3mname[0m[2m=[0mk#addeef94..[1m}[0m[2m:[0m [2msui_core::consensus_handler[0m[2m:[0m [2mcrates/sui-core/src/consensus_handler.rs[0m[2m:[0m[2m232:[0m Received consensus output [3mconsensus_commit[0m[2m=[0mCommittedSubDag(leader=B72(B,LjZc), ref=C71(swKZ), blocks=[kJ/4, jjwg, LjZc]) [3mepoch[0m[2m=[0m0
[2m2025-03-25T07:54:32.641428Z[0m [32m INFO[0m [1mnode[0m[1m{[0m[3mname[0m[2m=[0mk#b3f3cbb4..[1m}[0m[2m:[0m [2msui_core::state_accumulator[0m[2m:[0m [2mcrates/sui-core/src/state_accumulator.rs[0m[2m:[0m[2m675:[0m accumulating running root for checkpoint 104
[2m2025-03-25T07:54:32.641926Z[0m [32m INFO[0m [1mnode[0m[1m{[0m[3mname[0m[2m=[0mk#b3f3cbb4..[1m}[0m[2m:[0m [2msui_core::state_accumulator[0m[2m:[0m [2mcrates/sui-core/src/state_accumulator.rs[0m[2m:[0m[2m675:[0m accumulating running root for checkpoint 105
[2m2025-03-25T07:54:32.664501Z[0m [32m INFO[0m [1mnode[0m[1m{[0m[3mname[0m[2m=[0mk#8dcff6d1..[1m}[0m[2m:[0m [2msui_core::checkpoints[0m[2m:[0m [2mcrates/sui-core/src/checkpoints/mod.rs[0m[2m:[0m[2m1326:[0m Creating checkpoint(s) for 1 transactions [3mnext_checkpoint_seq[0m[2m=[0m134 [3mcheckpoint_timestamp[0m[2m=[0m1742889272052
[2m2025-03-25T07:54:32.664734Z[0m [32m INFO[0m [1mnode[0m[1m{[0m[3mname[0m[2m=[0mk#8dcff6d1..[1m}[0m[2m:[0m [2msui_core::checkpoints::checkpoint_output[0m[2m:[0m [2mcrates/sui-core/src/checkpoints/checkpoint_output.rs[0m[2m:[0m[2m149:[0m Creating checkpoint CheckpointDigest(6wkoUYrkEUB64MyoHZB6Nm2s9QBAMhq2K9ZrDrGptxNi) at epoch 0, sequence 134, previous digest Some(CheckpointDigest(9bHTjnKkpiM4ktAfdRe5zb6FHPEh316HrKeSu7D28gC7)), transactions count 1, content digest CheckpointContentsDigest(5p53DzQAiPE52ffWHPt177yNJx2zbHQqcuZrGBboYTUS), end_of_epoch_data None
[2m2025-03-25T07:54:32.666102Z[0m [32m INFO[0m [1mnode[0m[1m{[0m[3mname[0m[2m=[0mk#addeef94..[1m}[0m[2m:[0m [2msui_core::checkpoints[0m[2m:[0m [2mcrates/sui-core/src/checkpoints/mod.rs[0m[2m:[0m[2m1326:[0m Creating checkpoint(s) for 1 transactions [3mnext_checkpoint_seq[0m[2m=[0m134 [3mcheckpoint_timestamp[0m[2m=[0m1742889272052
[2m2025-03-25T07:54:32.666276Z[0m [32m INFO[0m [1mnode[0m[1m{[0m[3mname[0m[2m=[0mk#addeef94..[1m}[0m[2m:[0m [2msui_core::checkpoints::checkpoint_output[0m[2m:[0m [2mcrates/sui-core/src/checkpoints/checkpoint_output.rs[0m[2m:[0m[2m149:[0m Creating checkpoint CheckpointDigest(6wkoUYrkEUB64MyoHZB6Nm2s9QBAMhq2K9ZrDrGptxNi) at epoch 0, sequence 134, previous digest Some(CheckpointDigest(9bHTjnKkpiM4ktAfdRe5zb6FHPEh316HrKeSu7D28gC7)), transactions count 1, content digest CheckpointContentsDigest(5p53DzQAiPE52ffWHPt177yNJx2zbHQqcuZrGBboYTUS), end_of_epoch_data None
[2m2025-03-25T07:54:32.667232Z[0m [32m INFO[0m [1mnode[0m[1m{[0m[3mname[0m[2m=[0mk#99f25ef6..[1m}[0m[2m:[0m [2msui_core::checkpoints[0m[2m:[0m [2mcrates/sui-core/src/checkpoints/mod.rs[0m[2m:[0m[2m1326:[0m Creating checkpoint(s) for 1 transactions [3mnext_checkpoint_seq[0m[2m=[0m134 [3mcheckpoint_timestamp[0m[2m=[0m1742889272052
[2m2025-03-25T07:54:32.667406Z[0m [32m INFO[0m [1mnode[0m[1m{[0m[3mname[0m[2m=[0mk#99f25ef6..[1m}[0m[2m:[0m [2msui_core::checkpoints::checkpoint_output[0m[2m:[0m [2mcrates/sui-core/src/checkpoints/checkpoint_output.rs[0m[2m:[0m[2m149:[0m Creating checkpoint CheckpointDigest(6wkoUYrkEUB64MyoHZB6Nm2s9QBAMhq2K9ZrDrGptxNi) at epoch 0, sequence 134, previous digest Some(CheckpointDigest(9bHTjnKkpiM4ktAfdRe5zb6FHPEh316HrKeSu7D28gC7)), transactions count 1, content digest CheckpointContentsDigest(5p53DzQAiPE52ffWHPt177yNJx2zbHQqcuZrGBboYTUS), end_of_epoch_data None
[2m2025-03-25T07:54:32.669581Z[0m [32m INFO[0m [1mnode[0m[1m{[0m[3mname[0m[2m=[0mk#8dcff6d1..[1m}[0m[2m:[0m [2msui_core::checkpoints::checkpoint_output[0m[2m:[0m [2mcrates/sui-core/src/checkpoints/checkpoint_output.rs[0m[2m:[0m[2m196:[0m Certified checkpoint with sequence 132 and digest GpfEM8DHvNrZKCxLSrs7sYwNGs1ryz6BHFqm29YJcAZr
[2m2025-03-25T07:54:32.669604Z[0m [32m INFO[0m [1mnode[0m[1m{[0m[3mname[0m[2m=[0mk#8dcff6d1..[1m}[0m[2m:[0m [2msui_core::checkpoints::checkpoint_output[0m[2m:[0m [2mcrates/sui-core/src/checkpoints/checkpoint_output.rs[0m[2m:[0m[2m196:[0m Certified checkpoint with sequence 133 and digest 9bHTjnKkpiM4ktAfdRe5zb6FHPEh316HrKeSu7D28gC7
[2m2025-03-25T07:54:32.670666Z[0m [32m INFO[0m [1mnode[0m[1m{[0m[3mname[0m[2m=[0mk#8dcff6d1..[1m}[0m[2m:[0m [2msui_core::checkpoints::checkpoint_executor[0m[2m:[0m [2mcrates/sui-core/src/checkpoints/checkpoint_executor/mod.rs[0m[2m:[0m[2m332:[0m Received checkpoint summary from state sync [3msequence_number[0m[2m=[0m132
[2m2025-03-25T07:54:32.670799Z[0m [32m INFO[0m [1mnode[0m[1m{[0m[3mname[0m[2m=[0mk#8dcff6d1..[1m}[0m[2m:[0m [2msui_core::checkpoints::checkpoint_executor[0m[2m:[0m [2mcrates/sui-core/src/checkpoints/checkpoint_executor/mod.rs[0m[2m:[0m[2m332:[0m Received checkpoint summary from state sync [3msequence_number[0m[2m=[0m133
[2m2025-03-25T07:54:32.671915Z[0m [32m INFO[0m [1mnode[0m[1m{[0m[3mname[0m[2m=[0mk#99f25ef6..[1m}[0m[2m:[0m [2msui_core::checkpoints::checkpoint_output[0m[2m:[0m [2mcrates/sui-core/src/checkpoints/checkpoint_output.rs[0m[2m:[0m[2m196:[0m Certified checkpoint with sequence 132 and digest GpfEM8DHvNrZKCxLSrs7sYwNGs1ryz6BHFqm29YJcAZr
[2m2025-03-25T07:54:32.671934Z[0m [32m INFO[0m [1mnode[0m[1m{[0m[3mname[0m[2m=[0mk#99f25ef6..[1m}[0m[2m:[0m [2msui_core::checkpoints::checkpoint_output[0m[2m:[0m [2mcrates/sui-core/src/checkpoints/checkpoint_output.rs[0m[2m:[0m[2m196:[0m Certified checkpoint with sequence 133 and digest 9bHTjnKkpiM4ktAfdRe5zb6FHPEh316HrKeSu7D28gC7
[2m2025-03-25T07:54:32.672701Z[0m [32m INFO[0m [1mnode[0m[1m{[0m[3mname[0m[2m=[0mk#8dcff6d1..[1m}[0m[2m:[0m [2msui_core::state_accumulator[0m[2m:[0m [2mcrates/sui-core/src/state_accumulator.rs[0m[2m:[0m[2m675:[0m accumulating running root for checkpoint 132
[2m2025-03-25T07:54:32.673150Z[0m [32m INFO[0m [1mnode[0m[1m{[0m[3mname[0m[2m=[0mk#8dcff6d1..[1m}[0m[2m:[0m [2msui_core::state_accumulator[0m[2m:[0m [2mcrates/sui-core/src/state_accumulator.rs[0m[2m:[0m[2m675:[0m accumulating running root for checkpoint 133
[2m2025-03-25T07:54:32.673265Z[0m [32m INFO[0m [1mnode[0m[1m{[0m[3mname[0m[2m=[0mk#99f25ef6..[1m}[0m[2m:[0m [2msui_core::checkpoints::checkpoint_executor[0m[2m:[0m [2mcrates/sui-core/src/checkpoints/checkpoint_executor/mod.rs[0m[2m:[0m[2m332:[0m Received checkpoint summary from state sync [3msequence_number[0m[2m=[0m132
[2m2025-03-25T07:54:32.673384Z[0m [32m INFO[0m [1mnode[0m[1m{[0m[3mname[0m[2m=[0mk#99f25ef6..[1m}[0m[2m:[0m [2msui_core::checkpoints::checkpoint_executor[0m[2m:[0m [2mcrates/sui-core/src/checkpoints/checkpoint_executor/mod.rs[0m[2m:[0m[2m332:[0m Received checkpoint summary from state sync [3msequence_number[0m[2m=[0m133
[2m2025-03-25T07:54:32.675268Z[0m [32m INFO[0m [1mnode[0m[1m{[0m[3mname[0m[2m=[0mk#99f25ef6..[1m}[0m[2m:[0m [2msui_core::state_accumulator[0m[2m:[0m [2mcrates/sui-core/src/state_accumulator.rs[0m[2m:[0m[2m675:[0m accumulating running root for checkpoint 132
[2m2025-03-25T07:54:32.675737Z[0m [32m INFO[0m [1mnode[0m[1m{[0m[3mname[0m[2m=[0mk#99f25ef6..[1m}[0m[2m:[0m [2msui_core::state_accumulator[0m[2m:[0m [2mcrates/sui-core/src/state_accumulator.rs[0m[2m:[0m[2m675:[0m accumulating running root for checkpoint 133
[2m2025-03-25T07:54:32.779367Z[0m [32m INFO[0m [1mnode[0m[1m{[0m[3mname[0m[2m=[0mk#b3f3cbb4..[1m}[0m[2m:[0m [2msui_core::state_accumulator[0m[2m:[0m [2mcrates/sui-core/src/state_accumulator.rs[0m[2m:[0m[2m675:[0m accumulating running root for checkpoint 106
[2m2025-03-25T07:54:32.779738Z[0m [32m INFO[0m [1mnode[0m[1m{[0m[3mname[0m[2m=[0mk#addeef94..[1m}[0m[2m:[0m [2msui_core::checkpoints[0m[2m:[0m [2mcrates/sui-core/src/checkpoints/mod.rs[0m[2m:[0m[2m1326:[0m Creating checkpoint(s) for 1 transactions [3mnext_checkpoint_seq[0m[2m=[0m135 [3mcheckpoint_timestamp[0m[2m=[0m1742889272052
[2m2025-03-25T07:54:32.779937Z[0m [32m INFO[0m [1mnode[0m[1m{[0m[3mname[0m[2m=[0mk#b3f3cbb4..[1m}[0m[2m:[0m [2msui_core::state_accumulator[0m[2m:[0m [2mcrates/sui-core/src/state_accumulator.rs[0m[2m:[0m[2m675:[0m accumulating running root for checkpoint 107
[2m2025-03-25T07:54:32.779991Z[0m [32m INFO[0m [1mnode[0m[1m{[0m[3mname[0m[2m=[0mk#addeef94..[1m}[0m[2m:[0m [2msui_core::checkpoints::checkpoint_output[0m[2m:[0m [2mcrates/sui-core/src/checkpoints/checkpoint_output.rs[0m[2m:[0m[2m149:[0m Creating checkpoint CheckpointDigest(2txorZcrbXqMaxB1dJpWV9iQH3iehyRGR8caFJpwomiQ) at epoch 0, sequence 135, previous digest Some(CheckpointDigest(6wkoUYrkEUB64MyoHZB6Nm2s9QBAMhq2K9ZrDrGptxNi)), transactions count 1, content digest CheckpointContentsDigest(FypuQZyyt4Vzy2JUPr8doCx7QZ95rvxk5siWQELsdAnP), end_of_epoch_data None
[2m2025-03-25T07:54:32.785425Z[0m [32m INFO[0m [1mnode[0m[1m{[0m[3mname[0m[2m=[0mk#8dcff6d1..[1m}[0m[2m:[0m [2msui_core::checkpoints[0m[2m:[0m [2mcrates/sui-core/src/checkpoints/mod.rs[0m[2m:[0m[2m1326:[0m Creating checkpoint(s) for 1 transactions [3mnext_checkpoint_seq[0m[2m=[0m135 [3mcheckpoint_timestamp[0m[2m=[0m1742889272052
[2m2025-03-25T07:54:32.786343Z[0m [32m INFO[0m [1mnode[0m[1m{[0m[3mname[0m[2m=[0mk#8dcff6d1..[1m}[0m[2m:[0m [2msui_core::checkpoints::checkpoint_output[0m[2m:[0m [2mcrates/sui-core/src/checkpoints/checkpoint_output.rs[0m[2m:[0m[2m149:[0m Creating checkpoint CheckpointDigest(2txorZcrbXqMaxB1dJpWV9iQH3iehyRGR8caFJpwomiQ) at epoch 0, sequence 135, previous digest Some(CheckpointDigest(6wkoUYrkEUB64MyoHZB6Nm2s9QBAMhq2K9ZrDrGptxNi)), transactions count 1, content digest CheckpointContentsDigest(FypuQZyyt4Vzy2JUPr8doCx7QZ95rvxk5siWQELsdAnP), end_of_epoch_data None
[2m2025-03-25T07:54:32.792667Z[0m [32m INFO[0m [1mnode[0m[1m{[0m[3mname[0m[2m=[0mk#99f25ef6..[1m}[0m[2m:[0m [2msui_core::checkpoints[0m[2m:[0m [2mcrates/sui-core/src/checkpoints/mod.rs[0m[2m:[0m[2m1326:[0m Creating checkpoint(s) for 1 transactions [3mnext_checkpoint_seq[0m[2m=[0m135 [3mcheckpoint_timestamp[0m[2m=[0m1742889272052
[2m2025-03-25T07:54:32.792970Z[0m [32m INFO[0m [1mnode[0m[1m{[0m[3mname[0m[2m=[0mk#99f25ef6..[1m}[0m[2m:[0m [2msui_core::checkpoints::checkpoint_output[0m[2m:[0m [2mcrates/sui-core/src/checkpoints/checkpoint_output.rs[0m[2m:[0m[2m149:[0m Creating checkpoint CheckpointDigest(2txorZcrbXqMaxB1dJpWV9iQH3iehyRGR8caFJpwomiQ) at epoch 0, sequence 135, previous digest Some(CheckpointDigest(6wkoUYrkEUB64MyoHZB6Nm2s9QBAMhq2K9ZrDrGptxNi)), transactions count 1, content digest CheckpointContentsDigest(FypuQZyyt4Vzy2JUPr8doCx7QZ95rvxk5siWQELsdAnP), end_of_epoch_data None
[2m2025-03-25T07:54:32.793711Z[0m [32m INFO[0m [1mnode[0m[1m{[0m[3mname[0m[2m=[0mk#addeef94..[1m}[0m[2m:[0m [2msui_core::checkpoints::checkpoint_executor[0m[2m:[0m [2mcrates/sui-core/src/checkpoints/checkpoint_executor/mod.rs[0m[2m:[0m[2m332:[0m Received checkpoint summary from state sync [3msequence_number[0m[2m=[0m132
[2m2025-03-25T07:54:32.794040Z[0m [32m INFO[0m [1mnode[0m[1m{[0m[3mname[0m[2m=[0mk#addeef94..[1m}[0m[2m:[0m [2msui_core::checkpoints::checkpoint_executor[0m[2m:[0m [2mcrates/sui-core/src/checkpoints/checkpoint_executor/mod.rs[0m[2m:[0m[2m332:[0m Received checkpoint summary from state sync [3msequence_number[0m[2m=[0m133
[2m2025-03-25T07:54:32.795620Z[0m [32m INFO[0m [1mnode[0m[1m{[0m[3mname[0m[2m=[0mk#addeef94..[1m}[0m[2m:[0m [2msui_core::state_accumulator[0m[2m:[0m [2mcrates/sui-core/src/state_accumulator.rs[0m[2m:[0m[2m675:[0m accumulating running root for checkpoint 132
[2m2025-03-25T07:54:32.796097Z[0m [32m INFO[0m [1mnode[0m[1m{[0m[3mname[0m[2m=[0mk#addeef94..[1m}[0m[2m:[0m [2msui_core::state_accumulator[0m[2m:[0m [2mcrates/sui-core/src/state_accumulator.rs[0m[2m:[0m[2m675:[0m accumulating running root for checkpoint 133
[2m2025-03-25T07:54:32.817081Z[0m [32m INFO[0m [1mnode[0m[1m{[0m[3mname[0m[2m=[0mk#8dcff6d1..[1m}[0m[2m:[0m [2mconsensus_core::core[0m[2m:[0m [2mconsensus/core/src/core.rs[0m[2m:[0m[2m531:[0m Created block B75(A,N6j9Wn5fwZEF5QMTSqtzKjc7PVD2+3YjRLXfOKvK2Us=)(1742889272816ms;[B74(A,kxsaHndvjJQ+NtdQKlBZwX75zjvCaZyC2Xyc5ouAURE=), B74(B,JUpoZgCdKkxxU7V65a7+fiQw0Xxanm2VyEbjWjcG1rg=), B74(C,ybQvy4EJtfMDn/JXETjhX9lB9vOE4sdNJ6jnPH3MBXg=)];2t;1c) for round 75
[2m2025-03-25T07:54:32.817849Z[0m [32m INFO[0m [1mnode[0m[1m{[0m[3mname[0m[2m=[0mk#99f25ef6..[1m}[0m[2m:[0m [2mconsensus_core::core[0m[2m:[0m [2mconsensus/core/src/core.rs[0m[2m:[0m[2m531:[0m Created block B75(B,/w/Hh93mkUl6GMVpvEWGXoYm9FO6qmPVIJOvRbAlFO0=)(1742889272817ms;[B74(B,JUpoZgCdKkxxU7V65a7+fiQw0Xxanm2VyEbjWjcG1rg=), B74(A,kxsaHndvjJQ+NtdQKlBZwX75zjvCaZyC2Xyc5ouAURE=), B74(C,ybQvy4EJtfMDn/JXETjhX9lB9vOE4sdNJ6jnPH3MBXg=)];2t;1c) for round 75
[2m2025-03-25T07:54:32.820137Z[0m [32m INFO[0m [1mnode[0m[1m{[0m[3mname[0m[2m=[0mk#addeef94..[1m}[0m[2m:[0m [2mconsensus_core::core[0m[2m:[0m [2mconsensus/core/src/core.rs[0m[2m:[0m[2m531:[0m Created block B75(C,lh8FnztlWOlwNX1NNcu8srCFC3KPCaFvvzubv8QW7JU=)(1742889272819ms;[B74(C,ybQvy4EJtfMDn/JXETjhX9lB9vOE4sdNJ6jnPH3MBXg=), B74(A,kxsaHndvjJQ+NtdQKlBZwX75zjvCaZyC2Xyc5ouAURE=), B74(B,JUpoZgCdKkxxU7V65a7+fiQw0Xxanm2VyEbjWjcG1rg=)];2t;1c) for round 75
[2m2025-03-25T07:54:32.820323Z[0m [32m INFO[0m [1mnode[0m[1m{[0m[3mname[0m[2m=[0mk#addeef94..[1m}[0m[2m:[0m [2mconsensus_core::core[0m[2m:[0m [2mconsensus/core/src/core.rs[0m[2m:[0m[2m630:[0m Committing 1 leaders: B73(C,F1T6)
[2m2025-03-25T07:54:32.820554Z[0m [32m INFO[0m [1mnode[0m[1m{[0m[3mname[0m[2m=[0mk#addeef94..[1m}[0m[2m:[0m [2mconsensus_core::commit_observer[0m[2m:[0m [2mconsensus/core/src/commit_observer.rs[0m[2m:[0m[2m173:[0m Consensus commit C72(wS6z) with leader B73(C,F1T6) has 3 blocks
[2m2025-03-25T07:54:32.821013Z[0m [32m INFO[0m [1mnode[0m[1m{[0m[3mname[0m[2m=[0mk#addeef94..[1m}[0m[2m:[0m [2msui_core::consensus_handler[0m[2m:[0m [2mcrates/sui-core/src/consensus_handler.rs[0m[2m:[0m[2m232:[0m Received consensus output [3mconsensus_commit[0m[2m=[0mCommittedSubDag(leader=B73(C,F1T6), ref=C72(wS6z), blocks=[vOLi, Grsu, F1T6]) [3mepoch[0m[2m=[0m0
[2m2025-03-25T07:54:32.824086Z[0m [32m INFO[0m [1mnode[0m[1m{[0m[3mname[0m[2m=[0mk#8dcff6d1..[1m}[0m[2m:[0m [2mconsensus_core::core[0m[2m:[0m [2mconsensus/core/src/core.rs[0m[2m:[0m[2m630:[0m Committing 1 leaders: B73(C,F1T6)
[2m2025-03-25T07:54:32.824164Z[0m [32m INFO[0m [1mnode[0m[1m{[0m[3mname[0m[2m=[0mk#99f25ef6..[1m}[0m[2m:[0m [2mconsensus_core::core[0m[2m:[0m [2mconsensus/core/src/core.rs[0m[2m:[0m[2m630:[0m Committing 1 leaders: B73(C,F1T6)
[2m2025-03-25T07:54:32.824177Z[0m [32m INFO[0m [1mnode[0m[1m{[0m[3mname[0m[2m=[0mk#8dcff6d1..[1m}[0m[2m:[0m [2mconsensus_core::commit_observer[0m[2m:[0m [2mconsensus/core/src/commit_observer.rs[0m[2m:[0m[2m173:[0m Consensus commit C72(wS6z) with leader B73(C,F1T6) has 3 blocks
[2m2025-03-25T07:54:32.824251Z[0m [32m INFO[0m [1mnode[0m[1m{[0m[3mname[0m[2m=[0mk#99f25ef6..[1m}[0m[2m:[0m [2mconsensus_core::commit_observer[0m[2m:[0m [2mconsensus/core/src/commit_observer.rs[0m[2m:[0m[2m173:[0m Consensus commit C72(wS6z) with leader B73(C,F1T6) has 3 blocks
[2m2025-03-25T07:54:32.824254Z[0m [32m INFO[0m [1mnode[0m[1m{[0m[3mname[0m[2m=[0mk#8dcff6d1..[1m}[0m[2m:[0m [2msui_core::consensus_handler[0m[2m:[0m [2mcrates/sui-core/src/consensus_handler.rs[0m[2m:[0m[2m232:[0m Received consensus output [3mconsensus_commit[0m[2m=[0mCommittedSubDag(leader=B73(C,F1T6), ref=C72(wS6z), blocks=[vOLi, Grsu, F1T6]) [3mepoch[0m[2m=[0m0
[2m2025-03-25T07:54:32.824323Z[0m [32m INFO[0m [1mnode[0m[1m{[0m[3mname[0m[2m=[0mk#99f25ef6..[1m}[0m[2m:[0m [2msui_core::consensus_handler[0m[2m:[0m [2mcrates/sui-core/src/consensus_handler.rs[0m[2m:[0m[2m232:[0m Received consensus output [3mconsensus_commit[0m[2m=[0mCommittedSubDag(leader=B73(C,F1T6), ref=C72(wS6z), blocks=[vOLi, Grsu, F1T6]) [3mepoch[0m[2m=[0m0
[2m2025-03-25T07:54:32.874004Z[0m [32m INFO[0m [1mnode[0m[1m{[0m[3mname[0m[2m=[0mk#b3f3cbb4..[1m}[0m[2m:[0m [2msui_core::state_accumulator[0m[2m:[0m [2mcrates/sui-core/src/state_accumulator.rs[0m[2m:[0m[2m675:[0m accumulating running root for checkpoint 108
[2m2025-03-25T07:54:32.874495Z[0m [32m INFO[0m [1mnode[0m[1m{[0m[3mname[0m[2m=[0mk#b3f3cbb4..[1m}[0m[2m:[0m [2msui_core::state_accumulator[0m[2m:[0m [2mcrates/sui-core/src/state_accumulator.rs[0m[2m:[0m[2m675:[0m accumulating running root for checkpoint 109
[2m2025-03-25T07:54:32.909787Z[0m [32m INFO[0m [1mnode[0m[1m{[0m[3mname[0m[2m=[0mk#8dcff6d1..[1m}[0m[2m:[0m [2msui_core::checkpoints[0m[2m:[0m [2mcrates/sui-core/src/checkpoints/mod.rs[0m[2m:[0m[2m1326:[0m Creating checkpoint(s) for 1 transactions [3mnext_checkpoint_seq[0m[2m=[0m136 [3mcheckpoint_timestamp[0m[2m=[0m1742889272308
[2m2025-03-25T07:54:32.910020Z[0m [32m INFO[0m [1mnode[0m[1m{[0m[3mname[0m[2m=[0mk#8dcff6d1..[1m}[0m[2m:[0m [2msui_core::checkpoints::checkpoint_output[0m[2m:[0m [2mcrates/sui-core/src/checkpoints/checkpoint_output.rs[0m[2m:[0m[2m149:[0m Creating checkpoint CheckpointDigest(FQ6KAobDDMKK9dGC37P11dJzWiR1yzZAmcsD7hXN6o71) at epoch 0, sequence 136, previous digest Some(CheckpointDigest(2txorZcrbXqMaxB1dJpWV9iQH3iehyRGR8caFJpwomiQ)), transactions count 1, content digest CheckpointContentsDigest(43d4FfkLqSzGpt9bQxxKmgzcBsbih42L1zFXFLfp82od), end_of_epoch_data None
[2m2025-03-25T07:54:32.913141Z[0m [32m INFO[0m [1mnode[0m[1m{[0m[3mname[0m[2m=[0mk#99f25ef6..[1m}[0m[2m:[0m [2msui_core::checkpoints[0m[2m:[0m [2mcrates/sui-core/src/checkpoints/mod.rs[0m[2m:[0m[2m1326:[0m Creating checkpoint(s) for 1 transactions [3mnext_checkpoint_seq[0m[2m=[0m136 [3mcheckpoint_timestamp[0m[2m=[0m1742889272308
[2m2025-03-25T07:54:32.913330Z[0m [32m INFO[0m [1mnode[0m[1m{[0m[3mname[0m[2m=[0mk#99f25ef6..[1m}[0m[2m:[0m [2msui_core::checkpoints::checkpoint_output[0m[2m:[0m [2mcrates/sui-core/src/checkpoints/checkpoint_output.rs[0m[2m:[0m[2m149:[0m Creating checkpoint CheckpointDigest(FQ6KAobDDMKK9dGC37P11dJzWiR1yzZAmcsD7hXN6o71) at epoch 0, sequence 136, previous digest Some(CheckpointDigest(2txorZcrbXqMaxB1dJpWV9iQH3iehyRGR8caFJpwomiQ)), transactions count 1, content digest CheckpointContentsDigest(43d4FfkLqSzGpt9bQxxKmgzcBsbih42L1zFXFLfp82od), end_of_epoch_data None
[2m2025-03-25T07:54:32.913427Z[0m [32m INFO[0m [1mnode[0m[1m{[0m[3mname[0m[2m=[0mk#addeef94..[1m}[0m[2m:[0m [2msui_core::checkpoints[0m[2m:[0m [2mcrates/sui-core/src/checkpoints/mod.rs[0m[2m:[0m[2m1326:[0m Creating checkpoint(s) for 1 transactions [3mnext_checkpoint_seq[0m[2m=[0m136 [3mcheckpoint_timestamp[0m[2m=[0m1742889272308
[2m2025-03-25T07:54:32.913595Z[0m [32m INFO[0m [1mnode[0m[1m{[0m[3mname[0m[2m=[0mk#addeef94..[1m}[0m[2m:[0m [2msui_core::checkpoints::checkpoint_output[0m[2m:[0m [2mcrates/sui-core/src/checkpoints/checkpoint_output.rs[0m[2m:[0m[2m149:[0m Creating checkpoint CheckpointDigest(FQ6KAobDDMKK9dGC37P11dJzWiR1yzZAmcsD7hXN6o71) at epoch 0, sequence 136, previous digest Some(CheckpointDigest(2txorZcrbXqMaxB1dJpWV9iQH3iehyRGR8caFJpwomiQ)), transactions count 1, content digest CheckpointContentsDigest(43d4FfkLqSzGpt9bQxxKmgzcBsbih42L1zFXFLfp82od), end_of_epoch_data None
[2m2025-03-25T07:54:32.914792Z[0m [32m INFO[0m [1mnode[0m[1m{[0m[3mname[0m[2m=[0mk#8dcff6d1..[1m}[0m[2m:[0m [2msui_core::checkpoints::checkpoint_output[0m[2m:[0m [2mcrates/sui-core/src/checkpoints/checkpoint_output.rs[0m[2m:[0m[2m196:[0m Certified checkpoint with sequence 134 and digest 6wkoUYrkEUB64MyoHZB6Nm2s9QBAMhq2K9ZrDrGptxNi
[2m2025-03-25T07:54:32.914814Z[0m [32m INFO[0m [1mnode[0m[1m{[0m[3mname[0m[2m=[0mk#8dcff6d1..[1m}[0m[2m:[0m [2msui_core::checkpoints::checkpoint_output[0m[2m:[0m [2mcrates/sui-core/src/checkpoints/checkpoint_output.rs[0m[2m:[0m[2m196:[0m Certified checkpoint with sequence 135 and digest 2txorZcrbXqMaxB1dJpWV9iQH3iehyRGR8caFJpwomiQ
[2m2025-03-25T07:54:32.916620Z[0m [32m INFO[0m [1mnode[0m[1m{[0m[3mname[0m[2m=[0mk#8dcff6d1..[1m}[0m[2m:[0m [2msui_core::checkpoints::checkpoint_executor[0m[2m:[0m [2mcrates/sui-core/src/checkpoints/checkpoint_executor/mod.rs[0m[2m:[0m[2m332:[0m Received checkpoint summary from state sync [3msequence_number[0m[2m=[0m134
[2m2025-03-25T07:54:32.916753Z[0m [32m INFO[0m [1mnode[0m[1m{[0m[3mname[0m[2m=[0mk#8dcff6d1..[1m}[0m[2m:[0m [2msui_core::checkpoints::checkpoint_executor[0m[2m:[0m [2mcrates/sui-core/src/checkpoints/checkpoint_executor/mod.rs[0m[2m:[0m[2m332:[0m Received checkpoint summary from state sync [3msequence_number[0m[2m=[0m135
[2m2025-03-25T07:54:32.917920Z[0m [32m INFO[0m [1mnode[0m[1m{[0m[3mname[0m[2m=[0mk#99f25ef6..[1m}[0m[2m:[0m [2msui_core::checkpoints::checkpoint_output[0m[2m:[0m [2mcrates/sui-core/src/checkpoints/checkpoint_output.rs[0m[2m:[0m[2m196:[0m Certified checkpoint with sequence 134 and digest 6wkoUYrkEUB64MyoHZB6Nm2s9QBAMhq2K9ZrDrGptxNi
[2m2025-03-25T07:54:32.917940Z[0m [32m INFO[0m [1mnode[0m[1m{[0m[3mname[0m[2m=[0mk#99f25ef6..[1m}[0m[2m:[0m [2msui_core::checkpoints::checkpoint_output[0m[2m:[0m [2mcrates/sui-core/src/checkpoints/checkpoint_output.rs[0m[2m:[0m[2m196:[0m Certified checkpoint with sequence 135 and digest 2txorZcrbXqMaxB1dJpWV9iQH3iehyRGR8caFJpwomiQ
[2m2025-03-25T07:54:32.918627Z[0m [32m INFO[0m [1mnode[0m[1m{[0m[3mname[0m[2m=[0mk#8dcff6d1..[1m}[0m[2m:[0m [2msui_core::state_accumulator[0m[2m:[0m [2mcrates/sui-core/src/state_accumulator.rs[0m[2m:[0m[2m675:[0m accumulating running root for checkpoint 134
[2m2025-03-25T07:54:32.919072Z[0m [32m INFO[0m [1mnode[0m[1m{[0m[3mname[0m[2m=[0mk#8dcff6d1..[1m}[0m[2m:[0m [2msui_core::state_accumulator[0m[2m:[0m [2mcrates/sui-core/src/state_accumulator.rs[0m[2m:[0m[2m675:[0m accumulating running root for checkpoint 135
[2m2025-03-25T07:54:32.919347Z[0m [32m INFO[0m [1mnode[0m[1m{[0m[3mname[0m[2m=[0mk#99f25ef6..[1m}[0m[2m:[0m [2msui_core::checkpoints::checkpoint_executor[0m[2m:[0m [2mcrates/sui-core/src/checkpoints/checkpoint_executor/mod.rs[0m[2m:[0m[2m332:[0m Received checkpoint summary from state sync [3msequence_number[0m[2m=[0m134
[2m2025-03-25T07:54:32.919473Z[0m [32m INFO[0m [1mnode[0m[1m{[0m[3mname[0m[2m=[0mk#99f25ef6..[1m}[0m[2m:[0m [2msui_core::checkpoints::checkpoint_executor[0m[2m:[0m [2mcrates/sui-core/src/checkpoints/checkpoint_executor/mod.rs[0m[2m:[0m[2m332:[0m Received checkpoint summary from state sync [3msequence_number[0m[2m=[0m135
[2m2025-03-25T07:54:32.921408Z[0m [32m INFO[0m [1mnode[0m[1m{[0m[3mname[0m[2m=[0mk#99f25ef6..[1m}[0m[2m:[0m [2msui_core::state_accumulator[0m[2m:[0m [2mcrates/sui-core/src/state_accumulator.rs[0m[2m:[0m[2m675:[0m accumulating running root for checkpoint 134
[2m2025-03-25T07:54:32.921844Z[0m [32m INFO[0m [1mnode[0m[1m{[0m[3mname[0m[2m=[0mk#99f25ef6..[1m}[0m[2m:[0m [2msui_core::state_accumulator[0m[2m:[0m [2mcrates/sui-core/src/state_accumulator.rs[0m[2m:[0m[2m675:[0m accumulating running root for checkpoint 135
[2m2025-03-25T07:54:32.964416Z[0m [32m INFO[0m [1mnode[0m[1m{[0m[3mname[0m[2m=[0mk#b3f3cbb4..[1m}[0m[2m:[0m [2msui_core::state_accumulator[0m[2m:[0m [2mcrates/sui-core/src/state_accumulator.rs[0m[2m:[0m[2m675:[0m accumulating running root for checkpoint 110
[2m2025-03-25T07:54:32.964856Z[0m [32m INFO[0m [1mnode[0m[1m{[0m[3mname[0m[2m=[0mk#b3f3cbb4..[1m}[0m[2m:[0m [2msui_core::state_accumulator[0m[2m:[0m [2mcrates/sui-core/src/state_accumulator.rs[0m[2m:[0m[2m675:[0m accumulating running root for checkpoint 111
[2m2025-03-25T07:54:33.016981Z[0m [32m INFO[0m [1mnode[0m[1m{[0m[3mname[0m[2m=[0mk#addeef94..[1m}[0m[2m:[0m [2msui_core::checkpoints[0m[2m:[0m [2mcrates/sui-core/src/checkpoints/mod.rs[0m[2m:[0m[2m1326:[0m Creating checkpoint(s) for 1 transactions [3mnext_checkpoint_seq[0m[2m=[0m137 [3mcheckpoint_timestamp[0m[2m=[0m1742889272308
[2m2025-03-25T07:54:33.017228Z[0m [32m INFO[0m [1mnode[0m[1m{[0m[3mname[0m[2m=[0mk#addeef94..[1m}[0m[2m:[0m [2msui_core::checkpoints::checkpoint_output[0m[2m:[0m [2mcrates/sui-core/src/checkpoints/checkpoint_output.rs[0m[2m:[0m[2m149:[0m Creating checkpoint CheckpointDigest(CJw2LvwY4NeFqztjbBNZMo7dVvryhS3uwXdqG5cbvNSw) at epoch 0, sequence 137, previous digest Some(CheckpointDigest(FQ6KAobDDMKK9dGC37P11dJzWiR1yzZAmcsD7hXN6o71)), transactions count 1, content digest CheckpointContentsDigest(2hFD2qXL9YFQobuopRZ6jK6jZjPTn1eEzuY4K1pG2K3d), end_of_epoch_data None
[2m2025-03-25T07:54:33.027811Z[0m [32m INFO[0m [1mnode[0m[1m{[0m[3mname[0m[2m=[0mk#8dcff6d1..[1m}[0m[2m:[0m [2msui_core::checkpoints[0m[2m:[0m [2mcrates/sui-core/src/checkpoints/mod.rs[0m[2m:[0m[2m1326:[0m Creating checkpoint(s) for 1 transactions [3mnext_checkpoint_seq[0m[2m=[0m137 [3mcheckpoint_timestamp[0m[2m=[0m1742889272308
[2m2025-03-25T07:54:33.028002Z[0m [32m INFO[0m [1mnode[0m[1m{[0m[3mname[0m[2m=[0mk#8dcff6d1..[1m}[0m[2m:[0m [2msui_core::checkpoints::checkpoint_output[0m[2m:[0m [2mcrates/sui-core/src/checkpoints/checkpoint_output.rs[0m[2m:[0m[2m149:[0m Creating checkpoint CheckpointDigest(CJw2LvwY4NeFqztjbBNZMo7dVvryhS3uwXdqG5cbvNSw) at epoch 0, sequence 137, previous digest Some(CheckpointDigest(FQ6KAobDDMKK9dGC37P11dJzWiR1yzZAmcsD7hXN6o71)), transactions count 1, content digest CheckpointContentsDigest(2hFD2qXL9YFQobuopRZ6jK6jZjPTn1eEzuY4K1pG2K3d), end_of_epoch_data None
[2m2025-03-25T07:54:33.030472Z[0m [32m INFO[0m [1mnode[0m[1m{[0m[3mname[0m[2m=[0mk#99f25ef6..[1m}[0m[2m:[0m [2msui_core::checkpoints[0m[2m:[0m [2mcrates/sui-core/src/checkpoints/mod.rs[0m[2m:[0m[2m1326:[0m Creating checkpoint(s) for 1 transactions [3mnext_checkpoint_seq[0m[2m=[0m137 [3mcheckpoint_timestamp[0m[2m=[0m1742889272308
[2m2025-03-25T07:54:33.030654Z[0m [32m INFO[0m [1mnode[0m[1m{[0m[3mname[0m[2m=[0mk#addeef94..[1m}[0m[2m:[0m [2msui_core::checkpoints::checkpoint_executor[0m[2m:[0m [2mcrates/sui-core/src/checkpoints/checkpoint_executor/mod.rs[0m[2m:[0m[2m332:[0m Received checkpoint summary from state sync [3msequence_number[0m[2m=[0m134
[2m2025-03-25T07:54:33.030657Z[0m [32m INFO[0m [1mnode[0m[1m{[0m[3mname[0m[2m=[0mk#99f25ef6..[1m}[0m[2m:[0m [2msui_core::checkpoints::checkpoint_output[0m[2m:[0m [2mcrates/sui-core/src/checkpoints/checkpoint_output.rs[0m[2m:[0m[2m149:[0m Creating checkpoint CheckpointDigest(CJw2LvwY4NeFqztjbBNZMo7dVvryhS3uwXdqG5cbvNSw) at epoch 0, sequence 137, previous digest Some(CheckpointDigest(FQ6KAobDDMKK9dGC37P11dJzWiR1yzZAmcsD7hXN6o71)), transactions count 1, content digest CheckpointContentsDigest(2hFD2qXL9YFQobuopRZ6jK6jZjPTn1eEzuY4K1pG2K3d), end_of_epoch_data None
[2m2025-03-25T07:54:33.030780Z[0m [32m INFO[0m [1mnode[0m[1m{[0m[3mname[0m[2m=[0mk#addeef94..[1m}[0m[2m:[0m [2msui_core::checkpoints::checkpoint_executor[0m[2m:[0m [2mcrates/sui-core/src/checkpoints/checkpoint_executor/mod.rs[0m[2m:[0m[2m332:[0m Received checkpoint summary from state sync [3msequence_number[0m[2m=[0m135
[2m2025-03-25T07:54:33.032045Z[0m [32m INFO[0m [1mnode[0m[1m{[0m[3mname[0m[2m=[0mk#addeef94..[1m}[0m[2m:[0m [2msui_core::state_accumulator[0m[2m:[0m [2mcrates/sui-core/src/state_accumulator.rs[0m[2m:[0m[2m675:[0m accumulating running root for checkpoint 134
[2m2025-03-25T07:54:33.032470Z[0m [32m INFO[0m [1mnode[0m[1m{[0m[3mname[0m[2m=[0mk#addeef94..[1m}[0m[2m:[0m [2msui_core::state_accumulator[0m[2m:[0m [2mcrates/sui-core/src/state_accumulator.rs[0m[2m:[0m[2m675:[0m accumulating running root for checkpoint 135
[2m2025-03-25T07:54:33.054372Z[0m [32m INFO[0m [1mnode[0m[1m{[0m[3mname[0m[2m=[0mk#b3f3cbb4..[1m}[0m[2m:[0m [2msui_core::state_accumulator[0m[2m:[0m [2mcrates/sui-core/src/state_accumulator.rs[0m[2m:[0m[2m675:[0m accumulating running root for checkpoint 112
[2m2025-03-25T07:54:33.054802Z[0m [32m INFO[0m [1mnode[0m[1m{[0m[3mname[0m[2m=[0mk#b3f3cbb4..[1m}[0m[2m:[0m [2msui_core::state_accumulator[0m[2m:[0m [2mcrates/sui-core/src/state_accumulator.rs[0m[2m:[0m[2m675:[0m accumulating running root for checkpoint 113
[2m2025-03-25T07:54:33.073482Z[0m [32m INFO[0m [1mnode[0m[1m{[0m[3mname[0m[2m=[0mk#addeef94..[1m}[0m[2m:[0m [2mconsensus_core::core[0m[2m:[0m [2mconsensus/core/src/core.rs[0m[2m:[0m[2m531:[0m Created block B76(C,Ue6A1N04GwaSBX9KdM1OHXmcMzS/jRe7IiJIJQdJPq8=)(1742889273073ms;[B75(C,lh8FnztlWOlwNX1NNcu8srCFC3KPCaFvvzubv8QW7JU=), B75(A,N6j9Wn5fwZEF5QMTSqtzKjc7PVD2+3YjRLXfOKvK2Us=), B75(B,/w/Hh93mkUl6GMVpvEWGXoYm9FO6qmPVIJOvRbAlFO0=)];2t;1c) for round 76
[2m2025-03-25T07:54:33.076186Z[0m [32m INFO[0m [1mnode[0m[1m{[0m[3mname[0m[2m=[0mk#8dcff6d1..[1m}[0m[2m:[0m [2mconsensus_core::core[0m[2m:[0m [2mconsensus/core/src/core.rs[0m[2m:[0m[2m531:[0m Created block B76(A,sBHEvNYVdjrmUDT6QHwkrj4hG4DzglJS+Detbk7HOkQ=)(1742889273075ms;[B75(A,N6j9Wn5fwZEF5QMTSqtzKjc7PVD2+3YjRLXfOKvK2Us=), B75(B,/w/Hh93mkUl6GMVpvEWGXoYm9FO6qmPVIJOvRbAlFO0=), B75(C,lh8FnztlWOlwNX1NNcu8srCFC3KPCaFvvzubv8QW7JU=)];2t;1c) for round 76
[2m2025-03-25T07:54:33.076189Z[0m [32m INFO[0m [1mnode[0m[1m{[0m[3mname[0m[2m=[0mk#99f25ef6..[1m}[0m[2m:[0m [2mconsensus_core::core[0m[2m:[0m [2mconsensus/core/src/core.rs[0m[2m:[0m[2m531:[0m Created block B76(B,McQvJInU334rppwMJejHlmwPCkgCiQHiwqErYnUlkug=)(1742889273075ms;[B75(B,/w/Hh93mkUl6GMVpvEWGXoYm9FO6qmPVIJOvRbAlFO0=), B75(A,N6j9Wn5fwZEF5QMTSqtzKjc7PVD2+3YjRLXfOKvK2Us=), B75(C,lh8FnztlWOlwNX1NNcu8srCFC3KPCaFvvzubv8QW7JU=)];2t;1c) for round 76
[2m2025-03-25T07:54:33.076270Z[0m [32m INFO[0m [1mnode[0m[1m{[0m[3mname[0m[2m=[0mk#8dcff6d1..[1m}[0m[2m:[0m [2mconsensus_core::core[0m[2m:[0m [2mconsensus/core/src/core.rs[0m[2m:[0m[2m630:[0m Committing 1 leaders: B74(B,JUpo)
[2m2025-03-25T07:54:33.076270Z[0m [32m INFO[0m [1mnode[0m[1m{[0m[3mname[0m[2m=[0mk#99f25ef6..[1m}[0m[2m:[0m [2mconsensus_core::core[0m[2m:[0m [2mconsensus/core/src/core.rs[0m[2m:[0m[2m630:[0m Committing 1 leaders: B74(B,JUpo)
[2m2025-03-25T07:54:33.076340Z[0m [32m INFO[0m [1mnode[0m[1m{[0m[3mname[0m[2m=[0mk#8dcff6d1..[1m}[0m[2m:[0m [2mconsensus_core::commit_observer[0m[2m:[0m [2mconsensus/core/src/commit_observer.rs[0m[2m:[0m[2m173:[0m Consensus commit C73(mUn4) with leader B74(B,JUpo) has 3 blocks
[2m2025-03-25T07:54:33.076340Z[0m [32m INFO[0m [1mnode[0m[1m{[0m[3mname[0m[2m=[0mk#99f25ef6..[1m}[0m[2m:[0m [2mconsensus_core::commit_observer[0m[2m:[0m [2mconsensus/core/src/commit_observer.rs[0m[2m:[0m[2m173:[0m Consensus commit C73(mUn4) with leader B74(B,JUpo) has 3 blocks
[2m2025-03-25T07:54:33.076431Z[0m [32m INFO[0m [1mnode[0m[1m{[0m[3mname[0m[2m=[0mk#8dcff6d1..[1m}[0m[2m:[0m [2msui_core::consensus_handler[0m[2m:[0m [2mcrates/sui-core/src/consensus_handler.rs[0m[2m:[0m[2m232:[0m Received consensus output [3mconsensus_commit[0m[2m=[0mCommittedSubDag(leader=B74(B,JUpo), ref=C73(mUn4), blocks=[9Lau, e2nc, JUpo]) [3mepoch[0m[2m=[0m0
[2m2025-03-25T07:54:33.076431Z[0m [32m INFO[0m [1mnode[0m[1m{[0m[3mname[0m[2m=[0mk#99f25ef6..[1m}[0m[2m:[0m [2msui_core::consensus_handler[0m[2m:[0m [2mcrates/sui-core/src/consensus_handler.rs[0m[2m:[0m[2m232:[0m Received consensus output [3mconsensus_commit[0m[2m=[0mCommittedSubDag(leader=B74(B,JUpo), ref=C73(mUn4), blocks=[9Lau, e2nc, JUpo]) [3mepoch[0m[2m=[0m0
[2m2025-03-25T07:54:33.079424Z[0m [32m INFO[0m [1mnode[0m[1m{[0m[3mname[0m[2m=[0mk#addeef94..[1m}[0m[2m:[0m [2mconsensus_core::core[0m[2m:[0m [2mconsensus/core/src/core.rs[0m[2m:[0m[2m630:[0m Committing 1 leaders: B74(B,JUpo)
[2m2025-03-25T07:54:33.079517Z[0m [32m INFO[0m [1mnode[0m[1m{[0m[3mname[0m[2m=[0mk#addeef94..[1m}[0m[2m:[0m [2mconsensus_core::commit_observer[0m[2m:[0m [2mconsensus/core/src/commit_observer.rs[0m[2m:[0m[2m173:[0m Consensus commit C73(mUn4) with leader B74(B,JUpo) has 3 blocks
[2m2025-03-25T07:54:33.079590Z[0m [32m INFO[0m [1mnode[0m[1m{[0m[3mname[0m[2m=[0mk#addeef94..[1m}[0m[2m:[0m [2msui_core::consensus_handler[0m[2m:[0m [2mcrates/sui-core/src/consensus_handler.rs[0m[2m:[0m[2m232:[0m Received consensus output [3mconsensus_commit[0m[2m=[0mCommittedSubDag(leader=B74(B,JUpo), ref=C73(mUn4), blocks=[9Lau, e2nc, JUpo]) [3mepoch[0m[2m=[0m0
[2m2025-03-25T07:54:33.147845Z[0m [32m INFO[0m [1mnode[0m[1m{[0m[3mname[0m[2m=[0mk#b3f3cbb4..[1m}[0m[2m:[0m [2msui_core::state_accumulator[0m[2m:[0m [2mcrates/sui-core/src/state_accumulator.rs[0m[2m:[0m[2m675:[0m accumulating running root for checkpoint 114
[2m2025-03-25T07:54:33.148502Z[0m [32m INFO[0m [1mnode[0m[1m{[0m[3mname[0m[2m=[0mk#b3f3cbb4..[1m}[0m[2m:[0m [2msui_core::state_accumulator[0m[2m:[0m [2mcrates/sui-core/src/state_accumulator.rs[0m[2m:[0m[2m675:[0m accumulating running root for checkpoint 115
[2m2025-03-25T07:54:33.148696Z[0m [32m INFO[0m [1mnode[0m[1m{[0m[3mname[0m[2m=[0mk#b3f3cbb4..[1m}[0m[2m:[0m [2msui_core::checkpoints::checkpoint_executor[0m[2m:[0m [2mcrates/sui-core/src/checkpoints/checkpoint_executor/mod.rs[0m[2m:[0m[2m332:[0m Received checkpoint summary from state sync [3msequence_number[0m[2m=[0m126
[2m2025-03-25T07:54:33.148746Z[0m [32m INFO[0m [1mnode[0m[1m{[0m[3mname[0m[2m=[0mk#b3f3cbb4..[1m}[0m[2m:[0m [2msui_core::checkpoints::checkpoint_executor[0m[2m:[0m [2mcrates/sui-core/src/checkpoints/checkpoint_executor/mod.rs[0m[2m:[0m[2m332:[0m Received checkpoint summary from state sync [3msequence_number[0m[2m=[0m127
[2m2025-03-25T07:54:33.148788Z[0m [32m INFO[0m [1mnode[0m[1m{[0m[3mname[0m[2m=[0mk#b3f3cbb4..[1m}[0m[2m:[0m [2msui_core::checkpoints::checkpoint_executor[0m[2m:[0m [2mcrates/sui-core/src/checkpoints/checkpoint_executor/mod.rs[0m[2m:[0m[2m332:[0m Received checkpoint summary from state sync [3msequence_number[0m[2m=[0m128
[2m2025-03-25T07:54:33.148828Z[0m [32m INFO[0m [1mnode[0m[1m{[0m[3mname[0m[2m=[0mk#b3f3cbb4..[1m}[0m[2m:[0m [2msui_core::checkpoints::checkpoint_executor[0m[2m:[0m [2mcrates/sui-core/src/checkpoints/checkpoint_executor/mod.rs[0m[2m:[0m[2m332:[0m Received checkpoint summary from state sync [3msequence_number[0m[2m=[0m129
[2m2025-03-25T07:54:33.170747Z[0m [32m INFO[0m [1mnode[0m[1m{[0m[3mname[0m[2m=[0mk#addeef94..[1m}[0m[2m:[0m [2msui_core::checkpoints[0m[2m:[0m [2mcrates/sui-core/src/checkpoints/mod.rs[0m[2m:[0m[2m1326:[0m Creating checkpoint(s) for 1 transactions [3mnext_checkpoint_seq[0m[2m=[0m138 [3mcheckpoint_timestamp[0m[2m=[0m1742889272563
[2m2025-03-25T07:54:33.170747Z[0m [32m INFO[0m [1mnode[0m[1m{[0m[3mname[0m[2m=[0mk#8dcff6d1..[1m}[0m[2m:[0m [2msui_core::checkpoints[0m[2m:[0m [2mcrates/sui-core/src/checkpoints/mod.rs[0m[2m:[0m[2m1326:[0m Creating checkpoint(s) for 1 transactions [3mnext_checkpoint_seq[0m[2m=[0m138 [3mcheckpoint_timestamp[0m[2m=[0m1742889272563
[2m2025-03-25T07:54:33.170969Z[0m [32m INFO[0m [1mnode[0m[1m{[0m[3mname[0m[2m=[0mk#addeef94..[1m}[0m[2m:[0m [2msui_core::checkpoints::checkpoint_output[0m[2m:[0m [2mcrates/sui-core/src/checkpoints/checkpoint_output.rs[0m[2m:[0m[2m149:[0m Creating checkpoint CheckpointDigest(CvPszKze9bnA5apTq5EiJavGDmTmBGGuhTdGxyo69XKy) at epoch 0, sequence 138, previous digest Some(CheckpointDigest(CJw2LvwY4NeFqztjbBNZMo7dVvryhS3uwXdqG5cbvNSw)), transactions count 1, content digest CheckpointContentsDigest(7Ufyip35M8HKYGw4wAvxN5aTaErSf4T6Ku7gxw8NF5nC), end_of_epoch_data None
[2m2025-03-25T07:54:33.170969Z[0m [32m INFO[0m [1mnode[0m[1m{[0m[3mname[0m[2m=[0mk#8dcff6d1..[1m}[0m[2m:[0m [2msui_core::checkpoints::checkpoint_output[0m[2m:[0m [2mcrates/sui-core/src/checkpoints/checkpoint_output.rs[0m[2m:[0m[2m149:[0m Creating checkpoint CheckpointDigest(CvPszKze9bnA5apTq5EiJavGDmTmBGGuhTdGxyo69XKy) at epoch 0, sequence 138, previous digest Some(CheckpointDigest(CJw2LvwY4NeFqztjbBNZMo7dVvryhS3uwXdqG5cbvNSw)), transactions count 1, content digest CheckpointContentsDigest(7Ufyip35M8HKYGw4wAvxN5aTaErSf4T6Ku7gxw8NF5nC), end_of_epoch_data None
[2m2025-03-25T07:54:33.173650Z[0m [32m INFO[0m [1mnode[0m[1m{[0m[3mname[0m[2m=[0mk#99f25ef6..[1m}[0m[2m:[0m [2msui_core::checkpoints[0m[2m:[0m [2mcrates/sui-core/src/checkpoints/mod.rs[0m[2m:[0m[2m1326:[0m Creating checkpoint(s) for 1 transactions [3mnext_checkpoint_seq[0m[2m=[0m138 [3mcheckpoint_timestamp[0m[2m=[0m1742889272563
[2m2025-03-25T07:54:33.173834Z[0m [32m INFO[0m [1mnode[0m[1m{[0m[3mname[0m[2m=[0mk#99f25ef6..[1m}[0m[2m:[0m [2msui_core::checkpoints::checkpoint_output[0m[2m:[0m [2mcrates/sui-core/src/checkpoints/checkpoint_output.rs[0m[2m:[0m[2m149:[0m Creating checkpoint CheckpointDigest(CvPszKze9bnA5apTq5EiJavGDmTmBGGuhTdGxyo69XKy) at epoch 0, sequence 138, previous digest Some(CheckpointDigest(CJw2LvwY4NeFqztjbBNZMo7dVvryhS3uwXdqG5cbvNSw)), transactions count 1, content digest CheckpointContentsDigest(7Ufyip35M8HKYGw4wAvxN5aTaErSf4T6Ku7gxw8NF5nC), end_of_epoch_data None
[2m2025-03-25T07:54:33.175760Z[0m [32m INFO[0m [1mnode[0m[1m{[0m[3mname[0m[2m=[0mk#8dcff6d1..[1m}[0m[2m:[0m [2msui_core::checkpoints::checkpoint_output[0m[2m:[0m [2mcrates/sui-core/src/checkpoints/checkpoint_output.rs[0m[2m:[0m[2m196:[0m Certified checkpoint with sequence 136 and digest FQ6KAobDDMKK9dGC37P11dJzWiR1yzZAmcsD7hXN6o71
[2m2025-03-25T07:54:33.175791Z[0m [32m INFO[0m [1mnode[0m[1m{[0m[3mname[0m[2m=[0mk#8dcff6d1..[1m}[0m[2m:[0m [2msui_core::checkpoints::checkpoint_output[0m[2m:[0m [2mcrates/sui-core/src/checkpoints/checkpoint_output.rs[0m[2m:[0m[2m196:[0m Certified checkpoint with sequence 137 and digest CJw2LvwY4NeFqztjbBNZMo7dVvryhS3uwXdqG5cbvNSw
[2m2025-03-25T07:54:33.176947Z[0m [32m INFO[0m [1mnode[0m[1m{[0m[3mname[0m[2m=[0mk#8dcff6d1..[1m}[0m[2m:[0m [2msui_core::checkpoints::checkpoint_executor[0m[2m:[0m [2mcrates/sui-core/src/checkpoints/checkpoint_executor/mod.rs[0m[2m:[0m[2m332:[0m Received checkpoint summary from state sync [3msequence_number[0m[2m=[0m136
[2m2025-03-25T07:54:33.177080Z[0m [32m INFO[0m [1mnode[0m[1m{[0m[3mname[0m[2m=[0mk#8dcff6d1..[1m}[0m[2m:[0m [2msui_core::checkpoints::checkpoint_executor[0m[2m:[0m [2mcrates/sui-core/src/checkpoints/checkpoint_executor/mod.rs[0m[2m:[0m[2m332:[0m Received checkpoint summary from state sync [3msequence_number[0m[2m=[0m137
[2m2025-03-25T07:54:33.178994Z[0m [32m INFO[0m [1mnode[0m[1m{[0m[3mname[0m[2m=[0mk#99f25ef6..[1m}[0m[2m:[0m [2msui_core::checkpoints::checkpoint_output[0m[2m:[0m [2mcrates/sui-core/src/checkpoints/checkpoint_output.rs[0m[2m:[0m[2m196:[0m Certified checkpoint with sequence 136 and digest FQ6KAobDDMKK9dGC37P11dJzWiR1yzZAmcsD7hXN6o71
[2m2025-03-25T07:54:33.179016Z[0m [32m INFO[0m [1mnode[0m[1m{[0m[3mname[0m[2m=[0mk#99f25ef6..[1m}[0m[2m:[0m [2msui_core::checkpoints::checkpoint_output[0m[2m:[0m [2mcrates/sui-core/src/checkpoints/checkpoint_output.rs[0m[2m:[0m[2m196:[0m Certified checkpoint with sequence 137 and digest CJw2LvwY4NeFqztjbBNZMo7dVvryhS3uwXdqG5cbvNSw
[2m2025-03-25T07:54:33.179301Z[0m [32m INFO[0m [1mnode[0m[1m{[0m[3mname[0m[2m=[0mk#8dcff6d1..[1m}[0m[2m:[0m [2msui_core::state_accumulator[0m[2m:[0m [2mcrates/sui-core/src/state_accumulator.rs[0m[2m:[0m[2m675:[0m accumulating running root for checkpoint 136
[2m2025-03-25T07:54:33.179759Z[0m [32m INFO[0m [1mnode[0m[1m{[0m[3mname[0m[2m=[0mk#8dcff6d1..[1m}[0m[2m:[0m [2msui_core::state_accumulator[0m[2m:[0m [2mcrates/sui-core/src/state_accumulator.rs[0m[2m:[0m[2m675:[0m accumulating running root for checkpoint 137
[2m2025-03-25T07:54:33.180021Z[0m [32m INFO[0m [1mnode[0m[1m{[0m[3mname[0m[2m=[0mk#99f25ef6..[1m}[0m[2m:[0m [2msui_core::checkpoints::checkpoint_executor[0m[2m:[0m [2mcrates/sui-core/src/checkpoints/checkpoint_executor/mod.rs[0m[2m:[0m[2m332:[0m Received checkpoint summary from state sync [3msequence_number[0m[2m=[0m136
[2m2025-03-25T07:54:33.180141Z[0m [32m INFO[0m [1mnode[0m[1m{[0m[3mname[0m[2m=[0mk#99f25ef6..[1m}[0m[2m:[0m [2msui_core::checkpoints::checkpoint_executor[0m[2m:[0m [2mcrates/sui-core/src/checkpoints/checkpoint_executor/mod.rs[0m[2m:[0m[2m332:[0m Received checkpoint summary from state sync [3msequence_number[0m[2m=[0m137
[2m2025-03-25T07:54:33.182186Z[0m [32m INFO[0m [1mnode[0m[1m{[0m[3mname[0m[2m=[0mk#99f25ef6..[1m}[0m[2m:[0m [2msui_core::state_accumulator[0m[2m:[0m [2mcrates/sui-core/src/state_accumulator.rs[0m[2m:[0m[2m675:[0m accumulating running root for checkpoint 136
[2m2025-03-25T07:54:33.182615Z[0m [32m INFO[0m [1mnode[0m[1m{[0m[3mname[0m[2m=[0mk#99f25ef6..[1m}[0m[2m:[0m [2msui_core::state_accumulator[0m[2m:[0m [2mcrates/sui-core/src/state_accumulator.rs[0m[2m:[0m[2m675:[0m accumulating running root for checkpoint 137
[2m2025-03-25T07:54:33.244273Z[0m [32m INFO[0m [1mnode[0m[1m{[0m[3mname[0m[2m=[0mk#b3f3cbb4..[1m}[0m[2m:[0m [2msui_core::state_accumulator[0m[2m:[0m [2mcrates/sui-core/src/state_accumulator.rs[0m[2m:[0m[2m675:[0m accumulating running root for checkpoint 116
[2m2025-03-25T07:54:33.244802Z[0m [32m INFO[0m [1mnode[0m[1m{[0m[3mname[0m[2m=[0mk#b3f3cbb4..[1m}[0m[2m:[0m [2msui_core::state_accumulator[0m[2m:[0m [2mcrates/sui-core/src/state_accumulator.rs[0m[2m:[0m[2m675:[0m accumulating running root for checkpoint 117
[2m2025-03-25T07:54:33.245000Z[0m [32m INFO[0m [1mnode[0m[1m{[0m[3mname[0m[2m=[0mk#b3f3cbb4..[1m}[0m[2m:[0m [2msui_core::checkpoints::checkpoint_executor[0m[2m:[0m [2mcrates/sui-core/src/checkpoints/checkpoint_executor/mod.rs[0m[2m:[0m[2m332:[0m Received checkpoint summary from state sync [3msequence_number[0m[2m=[0m130
[2m2025-03-25T07:54:33.245043Z[0m [32m INFO[0m [1mnode[0m[1m{[0m[3mname[0m[2m=[0mk#b3f3cbb4..[1m}[0m[2m:[0m [2msui_core::checkpoints::checkpoint_executor[0m[2m:[0m [2mcrates/sui-core/src/checkpoints/checkpoint_executor/mod.rs[0m[2m:[0m[2m332:[0m Received checkpoint summary from state sync [3msequence_number[0m[2m=[0m131
[2m2025-03-25T07:54:33.274558Z[0m [32m INFO[0m [1mnode[0m[1m{[0m[3mname[0m[2m=[0mk#addeef94..[1m}[0m[2m:[0m [2msui_core::checkpoints[0m[2m:[0m [2mcrates/sui-core/src/checkpoints/mod.rs[0m[2m:[0m[2m1326:[0m Creating checkpoint(s) for 1 transactions [3mnext_checkpoint_seq[0m[2m=[0m139 [3mcheckpoint_timestamp[0m[2m=[0m1742889272563
[2m2025-03-25T07:54:33.274797Z[0m [32m INFO[0m [1mnode[0m[1m{[0m[3mname[0m[2m=[0mk#addeef94..[1m}[0m[2m:[0m [2msui_core::checkpoints::checkpoint_output[0m[2m:[0m [2mcrates/sui-core/src/checkpoints/checkpoint_output.rs[0m[2m:[0m[2m149:[0m Creating checkpoint CheckpointDigest(F6Cgsj7NcWBCY87AfmCrFi5gyBnhTyddgpzWnq5PktTR) at epoch 0, sequence 139, previous digest Some(CheckpointDigest(CvPszKze9bnA5apTq5EiJavGDmTmBGGuhTdGxyo69XKy)), transactions count 1, content digest CheckpointContentsDigest(FgGnrfPtVkU2BhcieGM81g43QtAbXGLBJxBgM1RU9daD), end_of_epoch_data None
[2m2025-03-25T07:54:33.286503Z[0m [32m INFO[0m [1mnode[0m[1m{[0m[3mname[0m[2m=[0mk#8dcff6d1..[1m}[0m[2m:[0m [2msui_core::checkpoints[0m[2m:[0m [2mcrates/sui-core/src/checkpoints/mod.rs[0m[2m:[0m[2m1326:[0m Creating checkpoint(s) for 1 transactions [3mnext_checkpoint_seq[0m[2m=[0m139 [3mcheckpoint_timestamp[0m[2m=[0m1742889272563
[2m2025-03-25T07:54:33.286779Z[0m [32m INFO[0m [1mnode[0m[1m{[0m[3mname[0m[2m=[0mk#8dcff6d1..[1m}[0m[2m:[0m [2msui_core::checkpoints::checkpoint_output[0m[2m:[0m [2mcrates/sui-core/src/checkpoints/checkpoint_output.rs[0m[2m:[0m[2m149:[0m Creating checkpoint CheckpointDigest(F6Cgsj7NcWBCY87AfmCrFi5gyBnhTyddgpzWnq5PktTR) at epoch 0, sequence 139, previous digest Some(CheckpointDigest(CvPszKze9bnA5apTq5EiJavGDmTmBGGuhTdGxyo69XKy)), transactions count 1, content digest CheckpointContentsDigest(FgGnrfPtVkU2BhcieGM81g43QtAbXGLBJxBgM1RU9daD), end_of_epoch_data None
[2m2025-03-25T07:54:33.287714Z[0m [32m INFO[0m [1mnode[0m[1m{[0m[3mname[0m[2m=[0mk#addeef94..[1m}[0m[2m:[0m [2msui_core::checkpoints::checkpoint_executor[0m[2m:[0m [2mcrates/sui-core/src/checkpoints/checkpoint_executor/mod.rs[0m[2m:[0m[2m332:[0m Received checkpoint summary from state sync [3msequence_number[0m[2m=[0m136
[2m2025-03-25T07:54:33.287847Z[0m [32m INFO[0m [1mnode[0m[1m{[0m[3mname[0m[2m=[0mk#addeef94..[1m}[0m[2m:[0m [2msui_core::checkpoints::checkpoint_executor[0m[2m:[0m [2mcrates/sui-core/src/checkpoints/checkpoint_executor/mod.rs[0m[2m:[0m[2m332:[0m Received checkpoint summary from state sync [3msequence_number[0m[2m=[0m137
[2m2025-03-25T07:54:33.289142Z[0m [32m INFO[0m [1mnode[0m[1m{[0m[3mname[0m[2m=[0mk#addeef94..[1m}[0m[2m:[0m [2msui_core::state_accumulator[0m[2m:[0m [2mcrates/sui-core/src/state_accumulator.rs[0m[2m:[0m[2m675:[0m accumulating running root for checkpoint 136
[2m2025-03-25T07:54:33.289574Z[0m [32m INFO[0m [1mnode[0m[1m{[0m[3mname[0m[2m=[0mk#addeef94..[1m}[0m[2m:[0m [2msui_core::state_accumulator[0m[2m:[0m [2mcrates/sui-core/src/state_accumulator.rs[0m[2m:[0m[2m675:[0m accumulating running root for checkpoint 137
[2m2025-03-25T07:54:33.292328Z[0m [32m INFO[0m [1mnode[0m[1m{[0m[3mname[0m[2m=[0mk#99f25ef6..[1m}[0m[2m:[0m [2msui_core::checkpoints[0m[2m:[0m [2mcrates/sui-core/src/checkpoints/mod.rs[0m[2m:[0m[2m1326:[0m Creating checkpoint(s) for 1 transactions [3mnext_checkpoint_seq[0m[2m=[0m139 [3mcheckpoint_timestamp[0m[2m=[0m1742889272563
[2m2025-03-25T07:54:33.292519Z[0m [32m INFO[0m [1mnode[0m[1m{[0m[3mname[0m[2m=[0mk#99f25ef6..[1m}[0m[2m:[0m [2msui_core::checkpoints::checkpoint_output[0m[2m:[0m [2mcrates/sui-core/src/checkpoints/checkpoint_output.rs[0m[2m:[0m[2m149:[0m Creating checkpoint CheckpointDigest(F6Cgsj7NcWBCY87AfmCrFi5gyBnhTyddgpzWnq5PktTR) at epoch 0, sequence 139, previous digest Some(CheckpointDigest(CvPszKze9bnA5apTq5EiJavGDmTmBGGuhTdGxyo69XKy)), transactions count 1, content digest CheckpointContentsDigest(FgGnrfPtVkU2BhcieGM81g43QtAbXGLBJxBgM1RU9daD), end_of_epoch_data None
[2m2025-03-25T07:54:33.328656Z[0m [32m INFO[0m [1mnode[0m[1m{[0m[3mname[0m[2m=[0mk#8dcff6d1..[1m}[0m[2m:[0m [2mconsensus_core::core[0m[2m:[0m [2mconsensus/core/src/core.rs[0m[2m:[0m[2m531:[0m Created block B77(A,BDPQmfvN0u7S4zMphh9NY5qaQhwtwbmW6yNAItdJBI8=)(1742889273328ms;[B76(A,sBHEvNYVdjrmUDT6QHwkrj4hG4DzglJS+Detbk7HOkQ=), B76(B,McQvJInU334rppwMJejHlmwPCkgCiQHiwqErYnUlkug=), B76(C,Ue6A1N04GwaSBX9KdM1OHXmcMzS/jRe7IiJIJQdJPq8=)];2t;1c) for round 77
[2m2025-03-25T07:54:33.329209Z[0m [32m INFO[0m [1mnode[0m[1m{[0m[3mname[0m[2m=[0mk#99f25ef6..[1m}[0m[2m:[0m [2mconsensus_core::core[0m[2m:[0m [2mconsensus/core/src/core.rs[0m[2m:[0m[2m531:[0m Created block B77(B,NQaPUEhUWFAWKToEWHj0Lz6BHw0DOjbABPNmdEhTHSE=)(1742889273328ms;[B76(B,McQvJInU334rppwMJejHlmwPCkgCiQHiwqErYnUlkug=), B76(A,sBHEvNYVdjrmUDT6QHwkrj4hG4DzglJS+Detbk7HOkQ=), B76(C,Ue6A1N04GwaSBX9KdM1OHXmcMzS/jRe7IiJIJQdJPq8=)];2t;1c) for round 77
[2m2025-03-25T07:54:33.331748Z[0m [32m INFO[0m [1mnode[0m[1m{[0m[3mname[0m[2m=[0mk#addeef94..[1m}[0m[2m:[0m [2mconsensus_core::core[0m[2m:[0m [2mconsensus/core/src/core.rs[0m[2m:[0m[2m531:[0m Created block B77(C,KNfZX1ngLpioracuprXrpvSjaqaaChe6pAChq3wRPc8=)(1742889273331ms;[B76(C,Ue6A1N04GwaSBX9KdM1OHXmcMzS/jRe7IiJIJQdJPq8=), B76(A,sBHEvNYVdjrmUDT6QHwkrj4hG4DzglJS+Detbk7HOkQ=), B76(B,McQvJInU334rppwMJejHlmwPCkgCiQHiwqErYnUlkug=)];2t;1c) for round 77
[2m2025-03-25T07:54:33.331832Z[0m [32m INFO[0m [1mnode[0m[1m{[0m[3mname[0m[2m=[0mk#addeef94..[1m}[0m[2m:[0m [2mconsensus_core::core[0m[2m:[0m [2mconsensus/core/src/core.rs[0m[2m:[0m[2m630:[0m Committing 1 leaders: B75(C,lh8F)
[2m2025-03-25T07:54:33.331903Z[0m [32m INFO[0m [1mnode[0m[1m{[0m[3mname[0m[2m=[0mk#addeef94..[1m}[0m[2m:[0m [2mconsensus_core::commit_observer[0m[2m:[0m [2mconsensus/core/src/commit_observer.rs[0m[2m:[0m[2m173:[0m Consensus commit C74(gwa/) with leader B75(C,lh8F) has 3 blocks
[2m2025-03-25T07:54:33.331992Z[0m [32m INFO[0m [1mnode[0m[1m{[0m[3mname[0m[2m=[0mk#addeef94..[1m}[0m[2m:[0m [2msui_core::consensus_handler[0m[2m:[0m [2mcrates/sui-core/src/consensus_handler.rs[0m[2m:[0m[2m232:[0m Received consensus output [3mconsensus_commit[0m[2m=[0mCommittedSubDag(leader=B75(C,lh8F), ref=C74(gwa/), blocks=[kxsa, ybQv, lh8F]) [3mepoch[0m[2m=[0m0
[2m2025-03-25T07:54:33.334851Z[0m [32m INFO[0m [1mnode[0m[1m{[0m[3mname[0m[2m=[0mk#99f25ef6..[1m}[0m[2m:[0m [2mconsensus_core::core[0m[2m:[0m [2mconsensus/core/src/core.rs[0m[2m:[0m[2m630:[0m Committing 1 leaders: B75(C,lh8F)
[2m2025-03-25T07:54:33.334852Z[0m [32m INFO[0m [1mnode[0m[1m{[0m[3mname[0m[2m=[0mk#8dcff6d1..[1m}[0m[2m:[0m [2mconsensus_core::core[0m[2m:[0m [2mconsensus/core/src/core.rs[0m[2m:[0m[2m630:[0m Committing 1 leaders: B75(C,lh8F)
[2m2025-03-25T07:54:33.334933Z[0m [32m INFO[0m [1mnode[0m[1m{[0m[3mname[0m[2m=[0mk#99f25ef6..[1m}[0m[2m:[0m [2mconsensus_core::commit_observer[0m[2m:[0m [2mconsensus/core/src/commit_observer.rs[0m[2m:[0m[2m173:[0m Consensus commit C74(gwa/) with leader B75(C,lh8F) has 3 blocks
[2m2025-03-25T07:54:33.334935Z[0m [32m INFO[0m [1mnode[0m[1m{[0m[3mname[0m[2m=[0mk#8dcff6d1..[1m}[0m[2m:[0m [2mconsensus_core::commit_observer[0m[2m:[0m [2mconsensus/core/src/commit_observer.rs[0m[2m:[0m[2m173:[0m Consensus commit C74(gwa/) with leader B75(C,lh8F) has 3 blocks
[2m2025-03-25T07:54:33.335002Z[0m [32m INFO[0m [1mnode[0m[1m{[0m[3mname[0m[2m=[0mk#99f25ef6..[1m}[0m[2m:[0m [2msui_core::consensus_handler[0m[2m:[0m [2mcrates/sui-core/src/consensus_handler.rs[0m[2m:[0m[2m232:[0m Received consensus output [3mconsensus_commit[0m[2m=[0mCommittedSubDag(leader=B75(C,lh8F), ref=C74(gwa/), blocks=[kxsa, ybQv, lh8F]) [3mepoch[0m[2m=[0m0
[2m2025-03-25T07:54:33.335007Z[0m [32m INFO[0m [1mnode[0m[1m{[0m[3mname[0m[2m=[0mk#8dcff6d1..[1m}[0m[2m:[0m [2msui_core::consensus_handler[0m[2m:[0m [2mcrates/sui-core/src/consensus_handler.rs[0m[2m:[0m[2m232:[0m Received consensus output [3mconsensus_commit[0m[2m=[0mCommittedSubDag(leader=B75(C,lh8F), ref=C74(gwa/), blocks=[kxsa, ybQv, lh8F]) [3mepoch[0m[2m=[0m0
[2m2025-03-25T07:54:33.375245Z[0m [32m INFO[0m [1mnode[0m[1m{[0m[3mname[0m[2m=[0mk#b3f3cbb4..[1m}[0m[2m:[0m [2msui_core::state_accumulator[0m[2m:[0m [2mcrates/sui-core/src/state_accumulator.rs[0m[2m:[0m[2m675:[0m accumulating running root for checkpoint 118
[2m2025-03-25T07:54:33.375709Z[0m [32m INFO[0m [1mnode[0m[1m{[0m[3mname[0m[2m=[0mk#b3f3cbb4..[1m}[0m[2m:[0m [2msui_core::state_accumulator[0m[2m:[0m [2mcrates/sui-core/src/state_accumulator.rs[0m[2m:[0m[2m675:[0m accumulating running root for checkpoint 119
[2m2025-03-25T07:54:33.433402Z[0m [32m INFO[0m [1mnode[0m[1m{[0m[3mname[0m[2m=[0mk#8dcff6d1..[1m}[0m[2m:[0m [2msui_core::checkpoints[0m[2m:[0m [2mcrates/sui-core/src/checkpoints/mod.rs[0m[2m:[0m[2m1326:[0m Creating checkpoint(s) for 1 transactions [3mnext_checkpoint_seq[0m[2m=[0m140 [3mcheckpoint_timestamp[0m[2m=[0m1742889272819
[2m2025-03-25T07:54:33.433614Z[0m [32m INFO[0m [1mnode[0m[1m{[0m[3mname[0m[2m=[0mk#addeef94..[1m}[0m[2m:[0m [2msui_core::checkpoints[0m[2m:[0m [2mcrates/sui-core/src/checkpoints/mod.rs[0m[2m:[0m[2m1326:[0m Creating checkpoint(s) for 1 transactions [3mnext_checkpoint_seq[0m[2m=[0m140 [3mcheckpoint_timestamp[0m[2m=[0m1742889272819
[2m2025-03-25T07:54:33.433643Z[0m [32m INFO[0m [1mnode[0m[1m{[0m[3mname[0m[2m=[0mk#8dcff6d1..[1m}[0m[2m:[0m [2msui_core::checkpoints::checkpoint_output[0m[2m:[0m [2mcrates/sui-core/src/checkpoints/checkpoint_output.rs[0m[2m:[0m[2m149:[0m Creating checkpoint CheckpointDigest(DZofMvzDEP2MwWHBfaRhBYbTh3Q1oyxYwnCeYNhH9hnE) at epoch 0, sequence 140, previous digest Some(CheckpointDigest(F6Cgsj7NcWBCY87AfmCrFi5gyBnhTyddgpzWnq5PktTR)), transactions count 1, content digest CheckpointContentsDigest(HVES3EVMcaS8wLJNTJiCoqFkGu5xW5XvQ2T3rPq6wzC3), end_of_epoch_data None
[2m2025-03-25T07:54:33.433783Z[0m [32m INFO[0m [1mnode[0m[1m{[0m[3mname[0m[2m=[0mk#addeef94..[1m}[0m[2m:[0m [2msui_core::checkpoints::checkpoint_output[0m[2m:[0m [2mcrates/sui-core/src/checkpoints/checkpoint_output.rs[0m[2m:[0m[2m149:[0m Creating checkpoint CheckpointDigest(DZofMvzDEP2MwWHBfaRhBYbTh3Q1oyxYwnCeYNhH9hnE) at epoch 0, sequence 140, previous digest Some(CheckpointDigest(F6Cgsj7NcWBCY87AfmCrFi5gyBnhTyddgpzWnq5PktTR)), transactions count 1, content digest CheckpointContentsDigest(HVES3EVMcaS8wLJNTJiCoqFkGu5xW5XvQ2T3rPq6wzC3), end_of_epoch_data None
[2m2025-03-25T07:54:33.434704Z[0m [32m INFO[0m [1mnode[0m[1m{[0m[3mname[0m[2m=[0mk#99f25ef6..[1m}[0m[2m:[0m [2msui_core::checkpoints[0m[2m:[0m [2mcrates/sui-core/src/checkpoints/mod.rs[0m[2m:[0m[2m1326:[0m Creating checkpoint(s) for 1 transactions [3mnext_checkpoint_seq[0m[2m=[0m140 [3mcheckpoint_timestamp[0m[2m=[0m1742889272819
[2m2025-03-25T07:54:33.434870Z[0m [32m INFO[0m [1mnode[0m[1m{[0m[3mname[0m[2m=[0mk#99f25ef6..[1m}[0m[2m:[0m [2msui_core::checkpoints::checkpoint_output[0m[2m:[0m [2mcrates/sui-core/src/checkpoints/checkpoint_output.rs[0m[2m:[0m[2m149:[0m Creating checkpoint CheckpointDigest(DZofMvzDEP2MwWHBfaRhBYbTh3Q1oyxYwnCeYNhH9hnE) at epoch 0, sequence 140, previous digest Some(CheckpointDigest(F6Cgsj7NcWBCY87AfmCrFi5gyBnhTyddgpzWnq5PktTR)), transactions count 1, content digest CheckpointContentsDigest(HVES3EVMcaS8wLJNTJiCoqFkGu5xW5XvQ2T3rPq6wzC3), end_of_epoch_data None
[2m2025-03-25T07:54:33.438406Z[0m [32m INFO[0m [1mnode[0m[1m{[0m[3mname[0m[2m=[0mk#8dcff6d1..[1m}[0m[2m:[0m [2msui_core::checkpoints::checkpoint_output[0m[2m:[0m [2mcrates/sui-core/src/checkpoints/checkpoint_output.rs[0m[2m:[0m[2m196:[0m Certified checkpoint with sequence 138 and digest CvPszKze9bnA5apTq5EiJavGDmTmBGGuhTdGxyo69XKy
[2m2025-03-25T07:54:33.438430Z[0m [32m INFO[0m [1mnode[0m[1m{[0m[3mname[0m[2m=[0mk#8dcff6d1..[1m}[0m[2m:[0m [2msui_core::checkpoints::checkpoint_output[0m[2m:[0m [2mcrates/sui-core/src/checkpoints/checkpoint_output.rs[0m[2m:[0m[2m196:[0m Certified checkpoint with sequence 139 and digest F6Cgsj7NcWBCY87AfmCrFi5gyBnhTyddgpzWnq5PktTR
[2m2025-03-25T07:54:33.439298Z[0m [32m INFO[0m [1mnode[0m[1m{[0m[3mname[0m[2m=[0mk#99f25ef6..[1m}[0m[2m:[0m [2msui_core::checkpoints::checkpoint_output[0m[2m:[0m [2mcrates/sui-core/src/checkpoints/checkpoint_output.rs[0m[2m:[0m[2m196:[0m Certified checkpoint with sequence 138 and digest CvPszKze9bnA5apTq5EiJavGDmTmBGGuhTdGxyo69XKy
[2m2025-03-25T07:54:33.439316Z[0m [32m INFO[0m [1mnode[0m[1m{[0m[3mname[0m[2m=[0mk#99f25ef6..[1m}[0m[2m:[0m [2msui_core::checkpoints::checkpoint_output[0m[2m:[0m [2mcrates/sui-core/src/checkpoints/checkpoint_output.rs[0m[2m:[0m[2m196:[0m Certified checkpoint with sequence 139 and digest F6Cgsj7NcWBCY87AfmCrFi5gyBnhTyddgpzWnq5PktTR
[2m2025-03-25T07:54:33.439358Z[0m [32m INFO[0m [1mnode[0m[1m{[0m[3mname[0m[2m=[0mk#8dcff6d1..[1m}[0m[2m:[0m [2msui_core::checkpoints::checkpoint_executor[0m[2m:[0m [2mcrates/sui-core/src/checkpoints/checkpoint_executor/mod.rs[0m[2m:[0m[2m332:[0m Received checkpoint summary from state sync [3msequence_number[0m[2m=[0m138
[2m2025-03-25T07:54:33.439489Z[0m [32m INFO[0m [1mnode[0m[1m{[0m[3mname[0m[2m=[0mk#8dcff6d1..[1m}[0m[2m:[0m [2msui_core::checkpoints::checkpoint_executor[0m[2m:[0m [2mcrates/sui-core/src/checkpoints/checkpoint_executor/mod.rs[0m[2m:[0m[2m332:[0m Received checkpoint summary from state sync [3msequence_number[0m[2m=[0m139
[2m2025-03-25T07:54:33.440205Z[0m [32m INFO[0m [1mnode[0m[1m{[0m[3mname[0m[2m=[0mk#99f25ef6..[1m}[0m[2m:[0m [2msui_core::checkpoints::checkpoint_executor[0m[2m:[0m [2mcrates/sui-core/src/checkpoints/checkpoint_executor/mod.rs[0m[2m:[0m[2m332:[0m Received checkpoint summary from state sync [3msequence_number[0m[2m=[0m138
[2m2025-03-25T07:54:33.440326Z[0m [32m INFO[0m [1mnode[0m[1m{[0m[3mname[0m[2m=[0mk#99f25ef6..[1m}[0m[2m:[0m [2msui_core::checkpoints::checkpoint_executor[0m[2m:[0m [2mcrates/sui-core/src/checkpoints/checkpoint_executor/mod.rs[0m[2m:[0m[2m332:[0m Received checkpoint summary from state sync [3msequence_number[0m[2m=[0m139
[2m2025-03-25T07:54:33.441487Z[0m [32m INFO[0m [1mnode[0m[1m{[0m[3mname[0m[2m=[0mk#8dcff6d1..[1m}[0m[2m:[0m [2msui_core::state_accumulator[0m[2m:[0m [2mcrates/sui-core/src/state_accumulator.rs[0m[2m:[0m[2m675:[0m accumulating running root for checkpoint 138
[2m2025-03-25T07:54:33.441952Z[0m [32m INFO[0m [1mnode[0m[1m{[0m[3mname[0m[2m=[0mk#8dcff6d1..[1m}[0m[2m:[0m [2msui_core::state_accumulator[0m[2m:[0m [2mcrates/sui-core/src/state_accumulator.rs[0m[2m:[0m[2m675:[0m accumulating running root for checkpoint 139
[2m2025-03-25T07:54:33.442052Z[0m [32m INFO[0m [1mnode[0m[1m{[0m[3mname[0m[2m=[0mk#99f25ef6..[1m}[0m[2m:[0m [2msui_core::state_accumulator[0m[2m:[0m [2mcrates/sui-core/src/state_accumulator.rs[0m[2m:[0m[2m675:[0m accumulating running root for checkpoint 138
[2m2025-03-25T07:54:33.442478Z[0m [32m INFO[0m [1mnode[0m[1m{[0m[3mname[0m[2m=[0mk#99f25ef6..[1m}[0m[2m:[0m [2msui_core::state_accumulator[0m[2m:[0m [2mcrates/sui-core/src/state_accumulator.rs[0m[2m:[0m[2m675:[0m accumulating running root for checkpoint 139
[2m2025-03-25T07:54:33.517398Z[0m [32m INFO[0m [1mnode[0m[1m{[0m[3mname[0m[2m=[0mk#b3f3cbb4..[1m}[0m[2m:[0m [2msui_core::state_accumulator[0m[2m:[0m [2mcrates/sui-core/src/state_accumulator.rs[0m[2m:[0m[2m675:[0m accumulating running root for checkpoint 120
[2m2025-03-25T07:54:33.517848Z[0m [32m INFO[0m [1mnode[0m[1m{[0m[3mname[0m[2m=[0mk#b3f3cbb4..[1m}[0m[2m:[0m [2msui_core::state_accumulator[0m[2m:[0m [2mcrates/sui-core/src/state_accumulator.rs[0m[2m:[0m[2m675:[0m accumulating running root for checkpoint 121
[2m2025-03-25T07:54:33.548120Z[0m [32m INFO[0m [1mnode[0m[1m{[0m[3mname[0m[2m=[0mk#8dcff6d1..[1m}[0m[2m:[0m [2msui_core::checkpoints[0m[2m:[0m [2mcrates/sui-core/src/checkpoints/mod.rs[0m[2m:[0m[2m1326:[0m Creating checkpoint(s) for 1 transactions [3mnext_checkpoint_seq[0m[2m=[0m141 [3mcheckpoint_timestamp[0m[2m=[0m1742889272819
[2m2025-03-25T07:54:33.548361Z[0m [32m INFO[0m [1mnode[0m[1m{[0m[3mname[0m[2m=[0mk#8dcff6d1..[1m}[0m[2m:[0m [2msui_core::checkpoints::checkpoint_output[0m[2m:[0m [2mcrates/sui-core/src/checkpoints/checkpoint_output.rs[0m[2m:[0m[2m149:[0m Creating checkpoint CheckpointDigest(E7PRfoGku6xKwp4vkPcsj29Jjx9yvY9quZH5RekkidNz) at epoch 0, sequence 141, previous digest Some(CheckpointDigest(DZofMvzDEP2MwWHBfaRhBYbTh3Q1oyxYwnCeYNhH9hnE)), transactions count 1, content digest CheckpointContentsDigest(9owMg5XZqzUphLXaR8sNipWX2WZW4HFoDEd4SfP8U2Pe), end_of_epoch_data None
[2m2025-03-25T07:54:33.549289Z[0m [32m INFO[0m [1mnode[0m[1m{[0m[3mname[0m[2m=[0mk#addeef94..[1m}[0m[2m:[0m [2msui_core::checkpoints[0m[2m:[0m [2mcrates/sui-core/src/checkpoints/mod.rs[0m[2m:[0m[2m1326:[0m Creating checkpoint(s) for 1 transactions [3mnext_checkpoint_seq[0m[2m=[0m141 [3mcheckpoint_timestamp[0m[2m=[0m1742889272819
[2m2025-03-25T07:54:33.549479Z[0m [32m INFO[0m [1mnode[0m[1m{[0m[3mname[0m[2m=[0mk#addeef94..[1m}[0m[2m:[0m [2msui_core::checkpoints::checkpoint_output[0m[2m:[0m [2mcrates/sui-core/src/checkpoints/checkpoint_output.rs[0m[2m:[0m[2m149:[0m Creating checkpoint CheckpointDigest(E7PRfoGku6xKwp4vkPcsj29Jjx9yvY9quZH5RekkidNz) at epoch 0, sequence 141, previous digest Some(CheckpointDigest(DZofMvzDEP2MwWHBfaRhBYbTh3Q1oyxYwnCeYNhH9hnE)), transactions count 1, content digest CheckpointContentsDigest(9owMg5XZqzUphLXaR8sNipWX2WZW4HFoDEd4SfP8U2Pe), end_of_epoch_data None
[2m2025-03-25T07:54:33.553555Z[0m [32m INFO[0m [1mnode[0m[1m{[0m[3mname[0m[2m=[0mk#99f25ef6..[1m}[0m[2m:[0m [2msui_core::checkpoints[0m[2m:[0m [2mcrates/sui-core/src/checkpoints/mod.rs[0m[2m:[0m[2m1326:[0m Creating checkpoint(s) for 1 transactions [3mnext_checkpoint_seq[0m[2m=[0m141 [3mcheckpoint_timestamp[0m[2m=[0m1742889272819
[2m2025-03-25T07:54:33.553598Z[0m [32m INFO[0m [1mnode[0m[1m{[0m[3mname[0m[2m=[0mk#addeef94..[1m}[0m[2m:[0m [2msui_core::checkpoints::checkpoint_executor[0m[2m:[0m [2mcrates/sui-core/src/checkpoints/checkpoint_executor/mod.rs[0m[2m:[0m[2m332:[0m Received checkpoint summary from state sync [3msequence_number[0m[2m=[0m138
[2m2025-03-25T07:54:33.553727Z[0m [32m INFO[0m [1mnode[0m[1m{[0m[3mname[0m[2m=[0mk#addeef94..[1m}[0m[2m:[0m [2msui_core::checkpoints::checkpoint_executor[0m[2m:[0m [2mcrates/sui-core/src/checkpoints/checkpoint_executor/mod.rs[0m[2m:[0m[2m332:[0m Received checkpoint summary from state sync [3msequence_number[0m[2m=[0m139
[2m2025-03-25T07:54:33.553745Z[0m [32m INFO[0m [1mnode[0m[1m{[0m[3mname[0m[2m=[0mk#99f25ef6..[1m}[0m[2m:[0m [2msui_core::checkpoints::checkpoint_output[0m[2m:[0m [2mcrates/sui-core/src/checkpoints/checkpoint_output.rs[0m[2m:[0m[2m149:[0m Creating checkpoint CheckpointDigest(E7PRfoGku6xKwp4vkPcsj29Jjx9yvY9quZH5RekkidNz) at epoch 0, sequence 141, previous digest Some(CheckpointDigest(DZofMvzDEP2MwWHBfaRhBYbTh3Q1oyxYwnCeYNhH9hnE)), transactions count 1, content digest CheckpointContentsDigest(9owMg5XZqzUphLXaR8sNipWX2WZW4HFoDEd4SfP8U2Pe), end_of_epoch_data None
[2m2025-03-25T07:54:33.554972Z[0m [32m INFO[0m [1mnode[0m[1m{[0m[3mname[0m[2m=[0mk#addeef94..[1m}[0m[2m:[0m [2msui_core::state_accumulator[0m[2m:[0m [2mcrates/sui-core/src/state_accumulator.rs[0m[2m:[0m[2m675:[0m accumulating running root for checkpoint 138
[2m2025-03-25T07:54:33.555402Z[0m [32m INFO[0m [1mnode[0m[1m{[0m[3mname[0m[2m=[0mk#addeef94..[1m}[0m[2m:[0m [2msui_core::state_accumulator[0m[2m:[0m [2mcrates/sui-core/src/state_accumulator.rs[0m[2m:[0m[2m675:[0m accumulating running root for checkpoint 139
[2m2025-03-25T07:54:33.585006Z[0m [32m INFO[0m [1mnode[0m[1m{[0m[3mname[0m[2m=[0mk#addeef94..[1m}[0m[2m:[0m [2mconsensus_core::core[0m[2m:[0m [2mconsensus/core/src/core.rs[0m[2m:[0m[2m531:[0m Created block B78(C,6gz1aFtcN7C9Ck30CUCIGCWhZk5bagNelXJsZYaayl4=)(1742889273584ms;[B77(C,KNfZX1ngLpioracuprXrpvSjaqaaChe6pAChq3wRPc8=), B77(A,BDPQmfvN0u7S4zMphh9NY5qaQhwtwbmW6yNAItdJBI8=), B77(B,NQaPUEhUWFAWKToEWHj0Lz6BHw0DOjbABPNmdEhTHSE=)];2t;1c) for round 78
[2m2025-03-25T07:54:33.587233Z[0m [32m INFO[0m [1mnode[0m[1m{[0m[3mname[0m[2m=[0mk#99f25ef6..[1m}[0m[2m:[0m [2mconsensus_core::core[0m[2m:[0m [2mconsensus/core/src/core.rs[0m[2m:[0m[2m531:[0m Created block B78(B,XRr7pk7YIU5ZMoB+occN61uqJXc6GCe7bckTqEIKsmM=)(1742889273586ms;[B77(B,NQaPUEhUWFAWKToEWHj0Lz6BHw0DOjbABPNmdEhTHSE=), B77(A,BDPQmfvN0u7S4zMphh9NY5qaQhwtwbmW6yNAItdJBI8=), B77(C,KNfZX1ngLpioracuprXrpvSjaqaaChe6pAChq3wRPc8=)];2t;1c) for round 78
[2m2025-03-25T07:54:33.587405Z[0m [32m INFO[0m [1mnode[0m[1m{[0m[3mname[0m[2m=[0mk#99f25ef6..[1m}[0m[2m:[0m [2mconsensus_core::core[0m[2m:[0m [2mconsensus/core/src/core.rs[0m[2m:[0m[2m630:[0m Committing 1 leaders: B76(B,McQv)
[2m2025-03-25T07:54:33.587493Z[0m [32m INFO[0m [1mnode[0m[1m{[0m[3mname[0m[2m=[0mk#99f25ef6..[1m}[0m[2m:[0m [2mconsensus_core::commit_observer[0m[2m:[0m [2mconsensus/core/src/commit_observer.rs[0m[2m:[0m[2m173:[0m Consensus commit C75(QeRE) with leader B76(B,McQv) has 3 blocks
[2m2025-03-25T07:54:33.587593Z[0m [32m INFO[0m [1mnode[0m[1m{[0m[3mname[0m[2m=[0mk#8dcff6d1..[1m}[0m[2m:[0m [2mconsensus_core::core[0m[2m:[0m [2mconsensus/core/src/core.rs[0m[2m:[0m[2m531:[0m Created block B78(A,UW586l2kGAaoUuZXL6YaVTCKhl3Bx6j3bluUudygTSk=)(1742889273587ms;[B77(A,BDPQmfvN0u7S4zMphh9NY5qaQhwtwbmW6yNAItdJBI8=), B77(B,NQaPUEhUWFAWKToEWHj0Lz6BHw0DOjbABPNmdEhTHSE=), B77(C,KNfZX1ngLpioracuprXrpvSjaqaaChe6pAChq3wRPc8=)];2t;1c) for round 78
[2m2025-03-25T07:54:33.587669Z[0m [32m INFO[0m [1mnode[0m[1m{[0m[3mname[0m[2m=[0mk#8dcff6d1..[1m}[0m[2m:[0m [2mconsensus_core::core[0m[2m:[0m [2mconsensus/core/src/core.rs[0m[2m:[0m[2m630:[0m Committing 1 leaders: B76(B,McQv)
[2m2025-03-25T07:54:33.587731Z[0m [32m INFO[0m [1mnode[0m[1m{[0m[3mname[0m[2m=[0mk#8dcff6d1..[1m}[0m[2m:[0m [2mconsensus_core::commit_observer[0m[2m:[0m [2mconsensus/core/src/commit_observer.rs[0m[2m:[0m[2m173:[0m Consensus commit C75(QeRE) with leader B76(B,McQv) has 3 blocks
[2m2025-03-25T07:54:33.587816Z[0m [32m INFO[0m [1mnode[0m[1m{[0m[3mname[0m[2m=[0mk#8dcff6d1..[1m}[0m[2m:[0m [2msui_core::consensus_handler[0m[2m:[0m [2mcrates/sui-core/src/consensus_handler.rs[0m[2m:[0m[2m232:[0m Received consensus output [3mconsensus_commit[0m[2m=[0mCommittedSubDag(leader=B76(B,McQv), ref=C75(QeRE), blocks=[N6j9, /w/H, McQv]) [3mepoch[0m[2m=[0m0
[2m2025-03-25T07:54:33.587818Z[0m [32m INFO[0m [1mnode[0m[1m{[0m[3mname[0m[2m=[0mk#99f25ef6..[1m}[0m[2m:[0m [2msui_core::consensus_handler[0m[2m:[0m [2mcrates/sui-core/src/consensus_handler.rs[0m[2m:[0m[2m232:[0m Received consensus output [3mconsensus_commit[0m[2m=[0mCommittedSubDag(leader=B76(B,McQv), ref=C75(QeRE), blocks=[N6j9, /w/H, McQv]) [3mepoch[0m[2m=[0m0
[2m2025-03-25T07:54:33.590823Z[0m [32m INFO[0m [1mnode[0m[1m{[0m[3mname[0m[2m=[0mk#addeef94..[1m}[0m[2m:[0m [2mconsensus_core::core[0m[2m:[0m [2mconsensus/core/src/core.rs[0m[2m:[0m[2m630:[0m Committing 1 leaders: B76(B,McQv)
[2m2025-03-25T07:54:33.590912Z[0m [32m INFO[0m [1mnode[0m[1m{[0m[3mname[0m[2m=[0mk#addeef94..[1m}[0m[2m:[0m [2mconsensus_core::commit_observer[0m[2m:[0m [2mconsensus/core/src/commit_observer.rs[0m[2m:[0m[2m173:[0m Consensus commit C75(QeRE) with leader B76(B,McQv) has 3 blocks
[2m2025-03-25T07:54:33.590983Z[0m [32m INFO[0m [1mnode[0m[1m{[0m[3mname[0m[2m=[0mk#addeef94..[1m}[0m[2m:[0m [2msui_core::consensus_handler[0m[2m:[0m [2mcrates/sui-core/src/consensus_handler.rs[0m[2m:[0m[2m232:[0m Received consensus output [3mconsensus_commit[0m[2m=[0mCommittedSubDag(leader=B76(B,McQv), ref=C75(QeRE), blocks=[N6j9, /w/H, McQv]) [3mepoch[0m[2m=[0m0
[2m2025-03-25T07:54:33.642796Z[0m [32m INFO[0m [1mnode[0m[1m{[0m[3mname[0m[2m=[0mk#b3f3cbb4..[1m}[0m[2m:[0m [2msui_core::state_accumulator[0m[2m:[0m [2mcrates/sui-core/src/state_accumulator.rs[0m[2m:[0m[2m675:[0m accumulating running root for checkpoint 122
[2m2025-03-25T07:54:33.643291Z[0m [32m INFO[0m [1mnode[0m[1m{[0m[3mname[0m[2m=[0mk#b3f3cbb4..[1m}[0m[2m:[0m [2msui_core::state_accumulator[0m[2m:[0m [2mcrates/sui-core/src/state_accumulator.rs[0m[2m:[0m[2m675:[0m accumulating running root for checkpoint 123
[2m2025-03-25T07:54:33.671115Z[0m [32m INFO[0m [1mnode[0m[1m{[0m[3mname[0m[2m=[0mk#b3f3cbb4..[1m}[0m[2m:[0m [2msui_core::state_accumulator[0m[2m:[0m [2mcrates/sui-core/src/state_accumulator.rs[0m[2m:[0m[2m675:[0m accumulating running root for checkpoint 124
[2m2025-03-25T07:54:33.671522Z[0m [32m INFO[0m [1mnode[0m[1m{[0m[3mname[0m[2m=[0mk#b3f3cbb4..[1m}[0m[2m:[0m [2msui_core::state_accumulator[0m[2m:[0m [2mcrates/sui-core/src/state_accumulator.rs[0m[2m:[0m[2m675:[0m accumulating running root for checkpoint 125
[2m2025-03-25T07:54:33.688233Z[0m [32m INFO[0m [1mnode[0m[1m{[0m[3mname[0m[2m=[0mk#8dcff6d1..[1m}[0m[2m:[0m [2msui_core::checkpoints[0m[2m:[0m [2mcrates/sui-core/src/checkpoints/mod.rs[0m[2m:[0m[2m1326:[0m Creating checkpoint(s) for 1 transactions [3mnext_checkpoint_seq[0m[2m=[0m142 [3mcheckpoint_timestamp[0m[2m=[0m1742889273075
[2m2025-03-25T07:54:33.688466Z[0m [32m INFO[0m [1mnode[0m[1m{[0m[3mname[0m[2m=[0mk#8dcff6d1..[1m}[0m[2m:[0m [2msui_core::checkpoints::checkpoint_output[0m[2m:[0m [2mcrates/sui-core/src/checkpoints/checkpoint_output.rs[0m[2m:[0m[2m149:[0m Creating checkpoint CheckpointDigest(Avm2Sy4nyqELP6sP3fMhQuw6DBXogLTFJnAPfaPMyRw9) at epoch 0, sequence 142, previous digest Some(CheckpointDigest(E7PRfoGku6xKwp4vkPcsj29Jjx9yvY9quZH5RekkidNz)), transactions count 1, content digest CheckpointContentsDigest(Ac3yBjtmYDfXu4Hv9CPw1RopfXctdm9U9MzKC3qHPd9j), end_of_epoch_data None
[2m2025-03-25T07:54:33.689016Z[0m [32m INFO[0m [1mnode[0m[1m{[0m[3mname[0m[2m=[0mk#addeef94..[1m}[0m[2m:[0m [2msui_core::checkpoints[0m[2m:[0m [2mcrates/sui-core/src/checkpoints/mod.rs[0m[2m:[0m[2m1326:[0m Creating checkpoint(s) for 1 transactions [3mnext_checkpoint_seq[0m[2m=[0m142 [3mcheckpoint_timestamp[0m[2m=[0m1742889273075
[2m2025-03-25T07:54:33.689194Z[0m [32m INFO[0m [1mnode[0m[1m{[0m[3mname[0m[2m=[0mk#addeef94..[1m}[0m[2m:[0m [2msui_core::checkpoints::checkpoint_output[0m[2m:[0m [2mcrates/sui-core/src/checkpoints/checkpoint_output.rs[0m[2m:[0m[2m149:[0m Creating checkpoint CheckpointDigest(Avm2Sy4nyqELP6sP3fMhQuw6DBXogLTFJnAPfaPMyRw9) at epoch 0, sequence 142, previous digest Some(CheckpointDigest(E7PRfoGku6xKwp4vkPcsj29Jjx9yvY9quZH5RekkidNz)), transactions count 1, content digest CheckpointContentsDigest(Ac3yBjtmYDfXu4Hv9CPw1RopfXctdm9U9MzKC3qHPd9j), end_of_epoch_data None
[2m2025-03-25T07:54:33.690169Z[0m [32m INFO[0m [1mnode[0m[1m{[0m[3mname[0m[2m=[0mk#99f25ef6..[1m}[0m[2m:[0m [2msui_core::checkpoints[0m[2m:[0m [2mcrates/sui-core/src/checkpoints/mod.rs[0m[2m:[0m[2m1326:[0m Creating checkpoint(s) for 1 transactions [3mnext_checkpoint_seq[0m[2m=[0m142 [3mcheckpoint_timestamp[0m[2m=[0m1742889273075
[2m2025-03-25T07:54:33.690334Z[0m [32m INFO[0m [1mnode[0m[1m{[0m[3mname[0m[2m=[0mk#99f25ef6..[1m}[0m[2m:[0m [2msui_core::checkpoints::checkpoint_output[0m[2m:[0m [2mcrates/sui-core/src/checkpoints/checkpoint_output.rs[0m[2m:[0m[2m149:[0m Creating checkpoint CheckpointDigest(Avm2Sy4nyqELP6sP3fMhQuw6DBXogLTFJnAPfaPMyRw9) at epoch 0, sequence 142, previous digest Some(CheckpointDigest(E7PRfoGku6xKwp4vkPcsj29Jjx9yvY9quZH5RekkidNz)), transactions count 1, content digest CheckpointContentsDigest(Ac3yBjtmYDfXu4Hv9CPw1RopfXctdm9U9MzKC3qHPd9j), end_of_epoch_data None
[2m2025-03-25T07:54:33.693348Z[0m [32m INFO[0m [1mnode[0m[1m{[0m[3mname[0m[2m=[0mk#8dcff6d1..[1m}[0m[2m:[0m [2msui_core::checkpoints::checkpoint_output[0m[2m:[0m [2mcrates/sui-core/src/checkpoints/checkpoint_output.rs[0m[2m:[0m[2m196:[0m Certified checkpoint with sequence 140 and digest DZofMvzDEP2MwWHBfaRhBYbTh3Q1oyxYwnCeYNhH9hnE
[2m2025-03-25T07:54:33.693371Z[0m [32m INFO[0m [1mnode[0m[1m{[0m[3mname[0m[2m=[0mk#8dcff6d1..[1m}[0m[2m:[0m [2msui_core::checkpoints::checkpoint_output[0m[2m:[0m [2mcrates/sui-core/src/checkpoints/checkpoint_output.rs[0m[2m:[0m[2m196:[0m Certified checkpoint with sequence 141 and digest E7PRfoGku6xKwp4vkPcsj29Jjx9yvY9quZH5RekkidNz
[2m2025-03-25T07:54:33.694769Z[0m [32m INFO[0m [1mnode[0m[1m{[0m[3mname[0m[2m=[0mk#99f25ef6..[1m}[0m[2m:[0m [2msui_core::checkpoints::checkpoint_output[0m[2m:[0m [2mcrates/sui-core/src/checkpoints/checkpoint_output.rs[0m[2m:[0m[2m196:[0m Certified checkpoint with sequence 140 and digest DZofMvzDEP2MwWHBfaRhBYbTh3Q1oyxYwnCeYNhH9hnE
[2m2025-03-25T07:54:33.694800Z[0m [32m INFO[0m [1mnode[0m[1m{[0m[3mname[0m[2m=[0mk#99f25ef6..[1m}[0m[2m:[0m [2msui_core::checkpoints::checkpoint_output[0m[2m:[0m [2mcrates/sui-core/src/checkpoints/checkpoint_output.rs[0m[2m:[0m[2m196:[0m Certified checkpoint with sequence 141 and digest E7PRfoGku6xKwp4vkPcsj29Jjx9yvY9quZH5RekkidNz
[2m2025-03-25T07:54:33.694956Z[0m [32m INFO[0m [1mnode[0m[1m{[0m[3mname[0m[2m=[0mk#8dcff6d1..[1m}[0m[2m:[0m [2msui_core::checkpoints::checkpoint_executor[0m[2m:[0m [2mcrates/sui-core/src/checkpoints/checkpoint_executor/mod.rs[0m[2m:[0m[2m332:[0m Received checkpoint summary from state sync [3msequence_number[0m[2m=[0m140
[2m2025-03-25T07:54:33.695098Z[0m [32m INFO[0m [1mnode[0m[1m{[0m[3mname[0m[2m=[0mk#8dcff6d1..[1m}[0m[2m:[0m [2msui_core::checkpoints::checkpoint_executor[0m[2m:[0m [2mcrates/sui-core/src/checkpoints/checkpoint_executor/mod.rs[0m[2m:[0m[2m332:[0m Received checkpoint summary from state sync [3msequence_number[0m[2m=[0m141
[2m2025-03-25T07:54:33.696345Z[0m [32m INFO[0m [1mnode[0m[1m{[0m[3mname[0m[2m=[0mk#99f25ef6..[1m}[0m[2m:[0m [2msui_core::checkpoints::checkpoint_executor[0m[2m:[0m [2mcrates/sui-core/src/checkpoints/checkpoint_executor/mod.rs[0m[2m:[0m[2m332:[0m Received checkpoint summary from state sync [3msequence_number[0m[2m=[0m140
[2m2025-03-25T07:54:33.696473Z[0m [32m INFO[0m [1mnode[0m[1m{[0m[3mname[0m[2m=[0mk#99f25ef6..[1m}[0m[2m:[0m [2msui_core::checkpoints::checkpoint_executor[0m[2m:[0m [2mcrates/sui-core/src/checkpoints/checkpoint_executor/mod.rs[0m[2m:[0m[2m332:[0m Received checkpoint summary from state sync [3msequence_number[0m[2m=[0m141
[2m2025-03-25T07:54:33.697227Z[0m [32m INFO[0m [1mnode[0m[1m{[0m[3mname[0m[2m=[0mk#8dcff6d1..[1m}[0m[2m:[0m [2msui_core::state_accumulator[0m[2m:[0m [2mcrates/sui-core/src/state_accumulator.rs[0m[2m:[0m[2m675:[0m accumulating running root for checkpoint 140
[2m2025-03-25T07:54:33.697678Z[0m [32m INFO[0m [1mnode[0m[1m{[0m[3mname[0m[2m=[0mk#8dcff6d1..[1m}[0m[2m:[0m [2msui_core::state_accumulator[0m[2m:[0m [2mcrates/sui-core/src/state_accumulator.rs[0m[2m:[0m[2m675:[0m accumulating running root for checkpoint 141
[2m2025-03-25T07:54:33.698502Z[0m [32m INFO[0m [1mnode[0m[1m{[0m[3mname[0m[2m=[0mk#99f25ef6..[1m}[0m[2m:[0m [2msui_core::state_accumulator[0m[2m:[0m [2mcrates/sui-core/src/state_accumulator.rs[0m[2m:[0m[2m675:[0m accumulating running root for checkpoint 140
[2m2025-03-25T07:54:33.698946Z[0m [32m INFO[0m [1mnode[0m[1m{[0m[3mname[0m[2m=[0mk#99f25ef6..[1m}[0m[2m:[0m [2msui_core::state_accumulator[0m[2m:[0m [2mcrates/sui-core/src/state_accumulator.rs[0m[2m:[0m[2m675:[0m accumulating running root for checkpoint 141
[2m2025-03-25T07:54:33.701522Z[0m [32m INFO[0m [1mnode[0m[1m{[0m[3mname[0m[2m=[0mk#b3f3cbb4..[1m}[0m[2m:[0m [2msui_core::state_accumulator[0m[2m:[0m [2mcrates/sui-core/src/state_accumulator.rs[0m[2m:[0m[2m675:[0m accumulating running root for checkpoint 126
[2m2025-03-25T07:54:33.701834Z[0m [32m INFO[0m [1mnode[0m[1m{[0m[3mname[0m[2m=[0mk#b3f3cbb4..[1m}[0m[2m:[0m [2msui_core::checkpoints::checkpoint_executor[0m[2m:[0m [2mcrates/sui-core/src/checkpoints/checkpoint_executor/mod.rs[0m[2m:[0m[2m332:[0m Received checkpoint summary from state sync [3msequence_number[0m[2m=[0m132
[2m2025-03-25T07:54:33.702106Z[0m [32m INFO[0m [1mnode[0m[1m{[0m[3mname[0m[2m=[0mk#b3f3cbb4..[1m}[0m[2m:[0m [2msui_core::state_accumulator[0m[2m:[0m [2mcrates/sui-core/src/state_accumulator.rs[0m[2m:[0m[2m675:[0m accumulating running root for checkpoint 127
[2m2025-03-25T07:54:33.702300Z[0m [32m INFO[0m [1mnode[0m[1m{[0m[3mname[0m[2m=[0mk#b3f3cbb4..[1m}[0m[2m:[0m [2msui_core::checkpoints::checkpoint_executor[0m[2m:[0m [2mcrates/sui-core/src/checkpoints/checkpoint_executor/mod.rs[0m[2m:[0m[2m332:[0m Received checkpoint summary from state sync [3msequence_number[0m[2m=[0m133
[2m2025-03-25T07:54:33.702342Z[0m [32m INFO[0m [1mnode[0m[1m{[0m[3mname[0m[2m=[0mk#b3f3cbb4..[1m}[0m[2m:[0m [2msui_core::checkpoints::checkpoint_executor[0m[2m:[0m [2mcrates/sui-core/src/checkpoints/checkpoint_executor/mod.rs[0m[2m:[0m[2m332:[0m Received checkpoint summary from state sync [3msequence_number[0m[2m=[0m134
[2m2025-03-25T07:54:33.729489Z[0m [32m INFO[0m [1mnode[0m[1m{[0m[3mname[0m[2m=[0mk#b3f3cbb4..[1m}[0m[2m:[0m [2msui_core::state_accumulator[0m[2m:[0m [2mcrates/sui-core/src/state_accumulator.rs[0m[2m:[0m[2m675:[0m accumulating running root for checkpoint 128
[2m2025-03-25T07:54:33.729915Z[0m [32m INFO[0m [1mnode[0m[1m{[0m[3mname[0m[2m=[0mk#b3f3cbb4..[1m}[0m[2m:[0m [2msui_core::state_accumulator[0m[2m:[0m [2mcrates/sui-core/src/state_accumulator.rs[0m[2m:[0m[2m675:[0m accumulating running root for checkpoint 129
[2m2025-03-25T07:54:33.795329Z[0m [32m INFO[0m [1mnode[0m[1m{[0m[3mname[0m[2m=[0mk#addeef94..[1m}[0m[2m:[0m [2msui_core::checkpoints[0m[2m:[0m [2mcrates/sui-core/src/checkpoints/mod.rs[0m[2m:[0m[2m1326:[0m Creating checkpoint(s) for 1 transactions [3mnext_checkpoint_seq[0m[2m=[0m143 [3mcheckpoint_timestamp[0m[2m=[0m1742889273075
[2m2025-03-25T07:54:33.795573Z[0m [32m INFO[0m [1mnode[0m[1m{[0m[3mname[0m[2m=[0mk#addeef94..[1m}[0m[2m:[0m [2msui_core::checkpoints::checkpoint_output[0m[2m:[0m [2mcrates/sui-core/src/checkpoints/checkpoint_output.rs[0m[2m:[0m[2m149:[0m Creating checkpoint CheckpointDigest(GqcGpUM3BjiP9Kx5pY176dYj3u9vBE4BiZ7vpCXqvyZk) at epoch 0, sequence 143, previous digest Some(CheckpointDigest(Avm2Sy4nyqELP6sP3fMhQuw6DBXogLTFJnAPfaPMyRw9)), transactions count 1, content digest CheckpointContentsDigest(4VREyn6zN6HB4maFWkqBqLakEJVYASzdtyVU1d7Mq3nj), end_of_epoch_data None
[2m2025-03-25T07:54:33.806321Z[0m [32m INFO[0m [1mnode[0m[1m{[0m[3mname[0m[2m=[0mk#99f25ef6..[1m}[0m[2m:[0m [2msui_core::checkpoints[0m[2m:[0m [2mcrates/sui-core/src/checkpoints/mod.rs[0m[2m:[0m[2m1326:[0m Creating checkpoint(s) for 1 transactions [3mnext_checkpoint_seq[0m[2m=[0m143 [3mcheckpoint_timestamp[0m[2m=[0m1742889273075
[2m2025-03-25T07:54:33.806521Z[0m [32m INFO[0m [1mnode[0m[1m{[0m[3mname[0m[2m=[0mk#99f25ef6..[1m}[0m[2m:[0m [2msui_core::checkpoints::checkpoint_output[0m[2m:[0m [2mcrates/sui-core/src/checkpoints/checkpoint_output.rs[0m[2m:[0m[2m149:[0m Creating checkpoint CheckpointDigest(GqcGpUM3BjiP9Kx5pY176dYj3u9vBE4BiZ7vpCXqvyZk) at epoch 0, sequence 143, previous digest Some(CheckpointDigest(Avm2Sy4nyqELP6sP3fMhQuw6DBXogLTFJnAPfaPMyRw9)), transactions count 1, content digest CheckpointContentsDigest(4VREyn6zN6HB4maFWkqBqLakEJVYASzdtyVU1d7Mq3nj), end_of_epoch_data None
[2m2025-03-25T07:54:33.806797Z[0m [32m INFO[0m [1mnode[0m[1m{[0m[3mname[0m[2m=[0mk#8dcff6d1..[1m}[0m[2m:[0m [2msui_core::checkpoints[0m[2m:[0m [2mcrates/sui-core/src/checkpoints/mod.rs[0m[2m:[0m[2m1326:[0m Creating checkpoint(s) for 1 transactions [3mnext_checkpoint_seq[0m[2m=[0m143 [3mcheckpoint_timestamp[0m[2m=[0m1742889273075
[2m2025-03-25T07:54:33.806981Z[0m [32m INFO[0m [1mnode[0m[1m{[0m[3mname[0m[2m=[0mk#8dcff6d1..[1m}[0m[2m:[0m [2msui_core::checkpoints::checkpoint_output[0m[2m:[0m [2mcrates/sui-core/src/checkpoints/checkpoint_output.rs[0m[2m:[0m[2m149:[0m Creating checkpoint CheckpointDigest(GqcGpUM3BjiP9Kx5pY176dYj3u9vBE4BiZ7vpCXqvyZk) at epoch 0, sequence 143, previous digest Some(CheckpointDigest(Avm2Sy4nyqELP6sP3fMhQuw6DBXogLTFJnAPfaPMyRw9)), transactions count 1, content digest CheckpointContentsDigest(4VREyn6zN6HB4maFWkqBqLakEJVYASzdtyVU1d7Mq3nj), end_of_epoch_data None
[2m2025-03-25T07:54:33.807188Z[0m [32m INFO[0m [1mnode[0m[1m{[0m[3mname[0m[2m=[0mk#99f25ef6..[1m}[0m[2m:[0m [2mconsensus_core::commit_syncer[0m[2m:[0m [2mconsensus/core/src/commit_syncer.rs[0m[2m:[0m[2m196:[0m Checking to schedule fetches: synced_commit_index=75, highest_handled_index=75, highest_scheduled_index=0, quorum_commit_index=74, unhandled_commits_threshold=3200
[2m2025-03-25T07:54:33.807392Z[0m [32m INFO[0m [1mnode[0m[1m{[0m[3mname[0m[2m=[0mk#addeef94..[1m}[0m[2m:[0m [2msui_core::checkpoints::checkpoint_executor[0m[2m:[0m [2mcrates/sui-core/src/checkpoints/checkpoint_executor/mod.rs[0m[2m:[0m[2m332:[0m Received checkpoint summary from state sync [3msequence_number[0m[2m=[0m140
[2m2025-03-25T07:54:33.807519Z[0m [32m INFO[0m [1mnode[0m[1m{[0m[3mname[0m[2m=[0mk#addeef94..[1m}[0m[2m:[0m [2msui_core::checkpoints::checkpoint_executor[0m[2m:[0m [2mcrates/sui-core/src/checkpoints/checkpoint_executor/mod.rs[0m[2m:[0m[2m332:[0m Received checkpoint summary from state sync [3msequence_number[0m[2m=[0m141
[2m2025-03-25T07:54:33.808805Z[0m [32m INFO[0m [1mnode[0m[1m{[0m[3mname[0m[2m=[0mk#addeef94..[1m}[0m[2m:[0m [2msui_core::state_accumulator[0m[2m:[0m [2mcrates/sui-core/src/state_accumulator.rs[0m[2m:[0m[2m675:[0m accumulating running root for checkpoint 140
[2m2025-03-25T07:54:33.809235Z[0m [32m INFO[0m [1mnode[0m[1m{[0m[3mname[0m[2m=[0mk#addeef94..[1m}[0m[2m:[0m [2msui_core::state_accumulator[0m[2m:[0m [2mcrates/sui-core/src/state_accumulator.rs[0m[2m:[0m[2m675:[0m accumulating running root for checkpoint 141
[2m2025-03-25T07:54:33.820107Z[0m [32m INFO[0m [1mnode[0m[1m{[0m[3mname[0m[2m=[0mk#b3f3cbb4..[1m}[0m[2m:[0m [2msui_core::state_accumulator[0m[2m:[0m [2mcrates/sui-core/src/state_accumulator.rs[0m[2m:[0m[2m675:[0m accumulating running root for checkpoint 130
[2m2025-03-25T07:54:33.820524Z[0m [32m INFO[0m [1mnode[0m[1m{[0m[3mname[0m[2m=[0mk#b3f3cbb4..[1m}[0m[2m:[0m [2msui_core::state_accumulator[0m[2m:[0m [2mcrates/sui-core/src/state_accumulator.rs[0m[2m:[0m[2m675:[0m accumulating running root for checkpoint 131
[2m2025-03-25T07:54:33.839150Z[0m [32m INFO[0m [1mnode[0m[1m{[0m[3mname[0m[2m=[0mk#99f25ef6..[1m}[0m[2m:[0m [2mconsensus_core::core[0m[2m:[0m [2mconsensus/core/src/core.rs[0m[2m:[0m[2m531:[0m Created block B79(B,kJ6/mGAHJJKqpHvXpOhqMC3HDFzFZskl53cDHEM55ac=)(1742889273838ms;[B78(B,XRr7pk7YIU5ZMoB+occN61uqJXc6GCe7bckTqEIKsmM=), B78(A,UW586l2kGAaoUuZXL6YaVTCKhl3Bx6j3bluUudygTSk=), B78(C,6gz1aFtcN7C9Ck30CUCIGCWhZk5bagNelXJsZYaayl4=)];2t;1c) for round 79
[2m2025-03-25T07:54:33.839799Z[0m [32m INFO[0m [1mnode[0m[1m{[0m[3mname[0m[2m=[0mk#8dcff6d1..[1m}[0m[2m:[0m [2mconsensus_core::core[0m[2m:[0m [2mconsensus/core/src/core.rs[0m[2m:[0m[2m531:[0m Created block B79(A,iopPZK13KhBua+f9f4Ve0m3tsKW60OSDCgp5waLksWI=)(1742889273839ms;[B78(A,UW586l2kGAaoUuZXL6YaVTCKhl3Bx6j3bluUudygTSk=), B78(B,XRr7pk7YIU5ZMoB+occN61uqJXc6GCe7bckTqEIKsmM=), B78(C,6gz1aFtcN7C9Ck30CUCIGCWhZk5bagNelXJsZYaayl4=)];2t;1c) for round 79
[2m2025-03-25T07:54:33.843011Z[0m [32m INFO[0m [1mnode[0m[1m{[0m[3mname[0m[2m=[0mk#addeef94..[1m}[0m[2m:[0m [2mconsensus_core::core[0m[2m:[0m [2mconsensus/core/src/core.rs[0m[2m:[0m[2m531:[0m Created block B79(C,7+OH3A2EID0iJKjQE5iPVhxd0Wo8Jje3hOPVJ/nPH/8=)(1742889273842ms;[B78(C,6gz1aFtcN7C9Ck30CUCIGCWhZk5bagNelXJsZYaayl4=), B78(A,UW586l2kGAaoUuZXL6YaVTCKhl3Bx6j3bluUudygTSk=), B78(B,XRr7pk7YIU5ZMoB+occN61uqJXc6GCe7bckTqEIKsmM=)];2t;1c) for round 79
[2m2025-03-25T07:54:33.843093Z[0m [32m INFO[0m [1mnode[0m[1m{[0m[3mname[0m[2m=[0mk#addeef94..[1m}[0m[2m:[0m [2mconsensus_core::core[0m[2m:[0m [2mconsensus/core/src/core.rs[0m[2m:[0m[2m630:[0m Committing 1 leaders: B77(A,BDPQ)
[2m2025-03-25T07:54:33.843163Z[0m [32m INFO[0m [1mnode[0m[1m{[0m[3mname[0m[2m=[0mk#addeef94..[1m}[0m[2m:[0m [2mconsensus_core::commit_observer[0m[2m:[0m [2mconsensus/core/src/commit_observer.rs[0m[2m:[0m[2m173:[0m Consensus commit C76(+f/F) with leader B77(A,BDPQ) has 3 blocks
[2m2025-03-25T07:54:33.843248Z[0m [32m INFO[0m [1mnode[0m[1m{[0m[3mname[0m[2m=[0mk#addeef94..[1m}[0m[2m:[0m [2msui_core::consensus_handler[0m[2m:[0m [2mcrates/sui-core/src/consensus_handler.rs[0m[2m:[0m[2m232:[0m Received consensus output [3mconsensus_commit[0m[2m=[0mCommittedSubDag(leader=B77(A,BDPQ), ref=C76(+f/F), blocks=[sBHE, Ue6A, BDPQ]) [3mepoch[0m[2m=[0m0
[2m2025-03-25T07:54:33.845562Z[0m [32m INFO[0m [1mnode[0m[1m{[0m[3mname[0m[2m=[0mk#b3f3cbb4..[1m}[0m[2m:[0m [2msui_core::state_accumulator[0m[2m:[0m [2mcrates/sui-core/src/state_accumulator.rs[0m[2m:[0m[2m675:[0m accumulating running root for checkpoint 132
[2m2025-03-25T07:54:33.845981Z[0m [32m INFO[0m [1mnode[0m[1m{[0m[3mname[0m[2m=[0mk#b3f3cbb4..[1m}[0m[2m:[0m [2msui_core::state_accumulator[0m[2m:[0m [2mcrates/sui-core/src/state_accumulator.rs[0m[2m:[0m[2m675:[0m accumulating running root for checkpoint 133
[2m2025-03-25T07:54:33.846135Z[0m [32m INFO[0m [1mnode[0m[1m{[0m[3mname[0m[2m=[0mk#8dcff6d1..[1m}[0m[2m:[0m [2mconsensus_core::core[0m[2m:[0m [2mconsensus/core/src/core.rs[0m[2m:[0m[2m630:[0m Committing 1 leaders: B77(A,BDPQ)
[2m2025-03-25T07:54:33.846135Z[0m [32m INFO[0m [1mnode[0m[1m{[0m[3mname[0m[2m=[0mk#99f25ef6..[1m}[0m[2m:[0m [2mconsensus_core::core[0m[2m:[0m [2mconsensus/core/src/core.rs[0m[2m:[0m[2m630:[0m Committing 1 leaders: B77(A,BDPQ)
[2m2025-03-25T07:54:33.846220Z[0m [32m INFO[0m [1mnode[0m[1m{[0m[3mname[0m[2m=[0mk#8dcff6d1..[1m}[0m[2m:[0m [2mconsensus_core::commit_observer[0m[2m:[0m [2mconsensus/core/src/commit_observer.rs[0m[2m:[0m[2m173:[0m Consensus commit C76(+f/F) with leader B77(A,BDPQ) has 3 blocks
[2m2025-03-25T07:54:33.846222Z[0m [32m INFO[0m [1mnode[0m[1m{[0m[3mname[0m[2m=[0mk#99f25ef6..[1m}[0m[2m:[0m [2mconsensus_core::commit_observer[0m[2m:[0m [2mconsensus/core/src/commit_observer.rs[0m[2m:[0m[2m173:[0m Consensus commit C76(+f/F) with leader B77(A,BDPQ) has 3 blocks
[2m2025-03-25T07:54:33.846295Z[0m [32m INFO[0m [1mnode[0m[1m{[0m[3mname[0m[2m=[0mk#8dcff6d1..[1m}[0m[2m:[0m [2msui_core::consensus_handler[0m[2m:[0m [2mcrates/sui-core/src/consensus_handler.rs[0m[2m:[0m[2m232:[0m Received consensus output [3mconsensus_commit[0m[2m=[0mCommittedSubDag(leader=B77(A,BDPQ), ref=C76(+f/F), blocks=[sBHE, Ue6A, BDPQ]) [3mepoch[0m[2m=[0m0
[2m2025-03-25T07:54:33.846297Z[0m [32m INFO[0m [1mnode[0m[1m{[0m[3mname[0m[2m=[0mk#99f25ef6..[1m}[0m[2m:[0m [2msui_core::consensus_handler[0m[2m:[0m [2mcrates/sui-core/src/consensus_handler.rs[0m[2m:[0m[2m232:[0m Received consensus output [3mconsensus_commit[0m[2m=[0mCommittedSubDag(leader=B77(A,BDPQ), ref=C76(+f/F), blocks=[sBHE, Ue6A, BDPQ]) [3mepoch[0m[2m=[0m0
[2m2025-03-25T07:54:33.871571Z[0m [32m INFO[0m [1mnode[0m[1m{[0m[3mname[0m[2m=[0mk#b3f3cbb4..[1m}[0m[2m:[0m [2msui_core::state_accumulator[0m[2m:[0m [2mcrates/sui-core/src/state_accumulator.rs[0m[2m:[0m[2m675:[0m accumulating running root for checkpoint 134
[2m2025-03-25T07:54:33.875834Z[0m [32m INFO[0m [1mnode[0m[1m{[0m[3mname[0m[2m=[0mk#b3f3cbb4..[1m}[0m[2m:[0m [2msui_core::checkpoints::checkpoint_executor[0m[2m:[0m [2mcrates/sui-core/src/checkpoints/checkpoint_executor/mod.rs[0m[2m:[0m[2m332:[0m Received checkpoint summary from state sync [3msequence_number[0m[2m=[0m135
[2m2025-03-25T07:54:33.876061Z[0m [32m INFO[0m [1mnode[0m[1m{[0m[3mname[0m[2m=[0mk#b3f3cbb4..[1m}[0m[2m:[0m [2msui_core::checkpoints::checkpoint_executor[0m[2m:[0m [2mcrates/sui-core/src/checkpoints/checkpoint_executor/mod.rs[0m[2m:[0m[2m332:[0m Received checkpoint summary from state sync [3msequence_number[0m[2m=[0m136
[2m2025-03-25T07:54:33.876104Z[0m [32m INFO[0m [1mnode[0m[1m{[0m[3mname[0m[2m=[0mk#b3f3cbb4..[1m}[0m[2m:[0m [2msui_core::checkpoints::checkpoint_executor[0m[2m:[0m [2mcrates/sui-core/src/checkpoints/checkpoint_executor/mod.rs[0m[2m:[0m[2m332:[0m Received checkpoint summary from state sync [3msequence_number[0m[2m=[0m137
[2m2025-03-25T07:54:33.876146Z[0m [32m INFO[0m [1mnode[0m[1m{[0m[3mname[0m[2m=[0mk#b3f3cbb4..[1m}[0m[2m:[0m [2msui_core::checkpoints::checkpoint_executor[0m[2m:[0m [2mcrates/sui-core/src/checkpoints/checkpoint_executor/mod.rs[0m[2m:[0m[2m332:[0m Received checkpoint summary from state sync [3msequence_number[0m[2m=[0m138
[2m2025-03-25T07:54:33.876186Z[0m [32m INFO[0m [1mnode[0m[1m{[0m[3mname[0m[2m=[0mk#b3f3cbb4..[1m}[0m[2m:[0m [2msui_core::checkpoints::checkpoint_executor[0m[2m:[0m [2mcrates/sui-core/src/checkpoints/checkpoint_executor/mod.rs[0m[2m:[0m[2m332:[0m Received checkpoint summary from state sync [3msequence_number[0m[2m=[0m139
[2m2025-03-25T07:54:33.947752Z[0m [32m INFO[0m [1mnode[0m[1m{[0m[3mname[0m[2m=[0mk#8dcff6d1..[1m}[0m[2m:[0m [2msui_core::checkpoints[0m[2m:[0m [2mcrates/sui-core/src/checkpoints/mod.rs[0m[2m:[0m[2m1326:[0m Creating checkpoint(s) for 1 transactions [3mnext_checkpoint_seq[0m[2m=[0m144 [3mcheckpoint_timestamp[0m[2m=[0m1742889273328
[2m2025-03-25T07:54:33.947988Z[0m [32m INFO[0m [1mnode[0m[1m{[0m[3mname[0m[2m=[0mk#8dcff6d1..[1m}[0m[2m:[0m [2msui_core::checkpoints::checkpoint_output[0m[2m:[0m [2mcrates/sui-core/src/checkpoints/checkpoint_output.rs[0m[2m:[0m[2m149:[0m Creating checkpoint CheckpointDigest(4UCYSxFeUdGqwsvfLjsSHthdTWJWTmAvb9BWsEds5Cad) at epoch 0, sequence 144, previous digest Some(CheckpointDigest(GqcGpUM3BjiP9Kx5pY176dYj3u9vBE4BiZ7vpCXqvyZk)), transactions count 1, content digest CheckpointContentsDigest(7nwzvSfk8SdJXAfwDvj7nLD6Xtes1c2mTkhEqWLdxix1), end_of_epoch_data None
[2m2025-03-25T07:54:33.948219Z[0m [32m INFO[0m [1mnode[0m[1m{[0m[3mname[0m[2m=[0mk#addeef94..[1m}[0m[2m:[0m [2msui_core::checkpoints[0m[2m:[0m [2mcrates/sui-core/src/checkpoints/mod.rs[0m[2m:[0m[2m1326:[0m Creating checkpoint(s) for 1 transactions [3mnext_checkpoint_seq[0m[2m=[0m144 [3mcheckpoint_timestamp[0m[2m=[0m1742889273328
[2m2025-03-25T07:54:33.948391Z[0m [32m INFO[0m [1mnode[0m[1m{[0m[3mname[0m[2m=[0mk#addeef94..[1m}[0m[2m:[0m [2msui_core::checkpoints::checkpoint_output[0m[2m:[0m [2mcrates/sui-core/src/checkpoints/checkpoint_output.rs[0m[2m:[0m[2m149:[0m Creating checkpoint CheckpointDigest(4UCYSxFeUdGqwsvfLjsSHthdTWJWTmAvb9BWsEds5Cad) at epoch 0, sequence 144, previous digest Some(CheckpointDigest(GqcGpUM3BjiP9Kx5pY176dYj3u9vBE4BiZ7vpCXqvyZk)), transactions count 1, content digest CheckpointContentsDigest(7nwzvSfk8SdJXAfwDvj7nLD6Xtes1c2mTkhEqWLdxix1), end_of_epoch_data None
[2m2025-03-25T07:54:33.949642Z[0m [32m INFO[0m [1mnode[0m[1m{[0m[3mname[0m[2m=[0mk#99f25ef6..[1m}[0m[2m:[0m [2msui_core::checkpoints[0m[2m:[0m [2mcrates/sui-core/src/checkpoints/mod.rs[0m[2m:[0m[2m1326:[0m Creating checkpoint(s) for 1 transactions [3mnext_checkpoint_seq[0m[2m=[0m144 [3mcheckpoint_timestamp[0m[2m=[0m1742889273328
[2m2025-03-25T07:54:33.949807Z[0m [32m INFO[0m [1mnode[0m[1m{[0m[3mname[0m[2m=[0mk#99f25ef6..[1m}[0m[2m:[0m [2msui_core::checkpoints::checkpoint_output[0m[2m:[0m [2mcrates/sui-core/src/checkpoints/checkpoint_output.rs[0m[2m:[0m[2m149:[0m Creating checkpoint CheckpointDigest(4UCYSxFeUdGqwsvfLjsSHthdTWJWTmAvb9BWsEds5Cad) at epoch 0, sequence 144, previous digest Some(CheckpointDigest(GqcGpUM3BjiP9Kx5pY176dYj3u9vBE4BiZ7vpCXqvyZk)), transactions count 1, content digest CheckpointContentsDigest(7nwzvSfk8SdJXAfwDvj7nLD6Xtes1c2mTkhEqWLdxix1), end_of_epoch_data None
[2m2025-03-25T07:54:33.952729Z[0m [32m INFO[0m [1mnode[0m[1m{[0m[3mname[0m[2m=[0mk#8dcff6d1..[1m}[0m[2m:[0m [2msui_core::checkpoints::checkpoint_output[0m[2m:[0m [2mcrates/sui-core/src/checkpoints/checkpoint_output.rs[0m[2m:[0m[2m196:[0m Certified checkpoint with sequence 142 and digest Avm2Sy4nyqELP6sP3fMhQuw6DBXogLTFJnAPfaPMyRw9
[2m2025-03-25T07:54:33.952751Z[0m [32m INFO[0m [1mnode[0m[1m{[0m[3mname[0m[2m=[0mk#8dcff6d1..[1m}[0m[2m:[0m [2msui_core::checkpoints::checkpoint_output[0m[2m:[0m [2mcrates/sui-core/src/checkpoints/checkpoint_output.rs[0m[2m:[0m[2m196:[0m Certified checkpoint with sequence 143 and digest GqcGpUM3BjiP9Kx5pY176dYj3u9vBE4BiZ7vpCXqvyZk
[2m2025-03-25T07:54:33.954272Z[0m [32m INFO[0m [1mnode[0m[1m{[0m[3mname[0m[2m=[0mk#8dcff6d1..[1m}[0m[2m:[0m [2msui_core::checkpoints::checkpoint_executor[0m[2m:[0m [2mcrates/sui-core/src/checkpoints/checkpoint_executor/mod.rs[0m[2m:[0m[2m332:[0m Received checkpoint summary from state sync [3msequence_number[0m[2m=[0m142
[2m2025-03-25T07:54:33.954275Z[0m [32m INFO[0m [1mnode[0m[1m{[0m[3mname[0m[2m=[0mk#99f25ef6..[1m}[0m[2m:[0m [2msui_core::checkpoints::checkpoint_output[0m[2m:[0m [2mcrates/sui-core/src/checkpoints/checkpoint_output.rs[0m[2m:[0m[2m196:[0m Certified checkpoint with sequence 142 and digest Avm2Sy4nyqELP6sP3fMhQuw6DBXogLTFJnAPfaPMyRw9
[2m2025-03-25T07:54:33.954294Z[0m [32m INFO[0m [1mnode[0m[1m{[0m[3mname[0m[2m=[0mk#99f25ef6..[1m}[0m[2m:[0m [2msui_core::checkpoints::checkpoint_output[0m[2m:[0m [2mcrates/sui-core/src/checkpoints/checkpoint_output.rs[0m[2m:[0m[2m196:[0m Certified checkpoint with sequence 143 and digest GqcGpUM3BjiP9Kx5pY176dYj3u9vBE4BiZ7vpCXqvyZk
[2m2025-03-25T07:54:33.954405Z[0m [32m INFO[0m [1mnode[0m[1m{[0m[3mname[0m[2m=[0mk#8dcff6d1..[1m}[0m[2m:[0m [2msui_core::checkpoints::checkpoint_executor[0m[2m:[0m [2mcrates/sui-core/src/checkpoints/checkpoint_executor/mod.rs[0m[2m:[0m[2m332:[0m Received checkpoint summary from state sync [3msequence_number[0m[2m=[0m143
[2m2025-03-25T07:54:33.955580Z[0m [32m INFO[0m [1mnode[0m[1m{[0m[3mname[0m[2m=[0mk#99f25ef6..[1m}[0m[2m:[0m [2msui_core::checkpoints::checkpoint_executor[0m[2m:[0m [2mcrates/sui-core/src/checkpoints/checkpoint_executor/mod.rs[0m[2m:[0m[2m332:[0m Received checkpoint summary from state sync [3msequence_number[0m[2m=[0m142
[2m2025-03-25T07:54:33.955702Z[0m [32m INFO[0m [1mnode[0m[1m{[0m[3mname[0m[2m=[0mk#99f25ef6..[1m}[0m[2m:[0m [2msui_core::checkpoints::checkpoint_executor[0m[2m:[0m [2mcrates/sui-core/src/checkpoints/checkpoint_executor/mod.rs[0m[2m:[0m[2m332:[0m Received checkpoint summary from state sync [3msequence_number[0m[2m=[0m143
[2m2025-03-25T07:54:33.956365Z[0m [32m INFO[0m [1mnode[0m[1m{[0m[3mname[0m[2m=[0mk#8dcff6d1..[1m}[0m[2m:[0m [2msui_core::state_accumulator[0m[2m:[0m [2mcrates/sui-core/src/state_accumulator.rs[0m[2m:[0m[2m675:[0m accumulating running root for checkpoint 142
[2m2025-03-25T07:54:33.956825Z[0m [32m INFO[0m [1mnode[0m[1m{[0m[3mname[0m[2m=[0mk#8dcff6d1..[1m}[0m[2m:[0m [2msui_core::state_accumulator[0m[2m:[0m [2mcrates/sui-core/src/state_accumulator.rs[0m[2m:[0m[2m675:[0m accumulating running root for checkpoint 143
[2m2025-03-25T07:54:33.957447Z[0m [32m INFO[0m [1mnode[0m[1m{[0m[3mname[0m[2m=[0mk#99f25ef6..[1m}[0m[2m:[0m [2msui_core::state_accumulator[0m[2m:[0m [2mcrates/sui-core/src/state_accumulator.rs[0m[2m:[0m[2m675:[0m accumulating running root for checkpoint 142
[2m2025-03-25T07:54:33.957875Z[0m [32m INFO[0m [1mnode[0m[1m{[0m[3mname[0m[2m=[0mk#99f25ef6..[1m}[0m[2m:[0m [2msui_core::state_accumulator[0m[2m:[0m [2mcrates/sui-core/src/state_accumulator.rs[0m[2m:[0m[2m675:[0m accumulating running root for checkpoint 143
[2m2025-03-25T07:54:33.970666Z[0m [32m INFO[0m [1mnode[0m[1m{[0m[3mname[0m[2m=[0mk#b3f3cbb4..[1m}[0m[2m:[0m [2msui_core::state_accumulator[0m[2m:[0m [2mcrates/sui-core/src/state_accumulator.rs[0m[2m:[0m[2m675:[0m accumulating running root for checkpoint 135
[2m2025-03-25T07:54:33.971054Z[0m [32m INFO[0m [1mnode[0m[1m{[0m[3mname[0m[2m=[0mk#b3f3cbb4..[1m}[0m[2m:[0m [2msui_core::state_accumulator[0m[2m:[0m [2mcrates/sui-core/src/state_accumulator.rs[0m[2m:[0m[2m675:[0m accumulating running root for checkpoint 136
[2m2025-03-25T07:54:34.055866Z[0m [32m INFO[0m [1mnode[0m[1m{[0m[3mname[0m[2m=[0mk#8dcff6d1..[1m}[0m[2m:[0m [2msui_core::checkpoints[0m[2m:[0m [2mcrates/sui-core/src/checkpoints/mod.rs[0m[2m:[0m[2m1326:[0m Creating checkpoint(s) for 1 transactions [3mnext_checkpoint_seq[0m[2m=[0m145 [3mcheckpoint_timestamp[0m[2m=[0m1742889273328
[2m2025-03-25T07:54:34.056110Z[0m [32m INFO[0m [1mnode[0m[1m{[0m[3mname[0m[2m=[0mk#8dcff6d1..[1m}[0m[2m:[0m [2msui_core::checkpoints::checkpoint_output[0m[2m:[0m [2mcrates/sui-core/src/checkpoints/checkpoint_output.rs[0m[2m:[0m[2m149:[0m Creating checkpoint CheckpointDigest(BoAypAPXHQHxUJrWueh2zkFDd9PELi6AqY5pUnyUCHtD) at epoch 0, sequence 145, previous digest Some(CheckpointDigest(4UCYSxFeUdGqwsvfLjsSHthdTWJWTmAvb9BWsEds5Cad)), transactions count 1, content digest CheckpointContentsDigest(GcKKaHJz1bRFsHSS6HxWyJKbqWHQPNdmti9Mrypad8fo), end_of_epoch_data None
[2m2025-03-25T07:54:34.060104Z[0m [32m INFO[0m [1mnode[0m[1m{[0m[3mname[0m[2m=[0mk#addeef94..[1m}[0m[2m:[0m [2msui_core::checkpoints[0m[2m:[0m [2mcrates/sui-core/src/checkpoints/mod.rs[0m[2m:[0m[2m1326:[0m Creating checkpoint(s) for 1 transactions [3mnext_checkpoint_seq[0m[2m=[0m145 [3mcheckpoint_timestamp[0m[2m=[0m1742889273328
[2m2025-03-25T07:54:34.060298Z[0m [32m INFO[0m [1mnode[0m[1m{[0m[3mname[0m[2m=[0mk#addeef94..[1m}[0m[2m:[0m [2msui_core::checkpoints::checkpoint_output[0m[2m:[0m [2mcrates/sui-core/src/checkpoints/checkpoint_output.rs[0m[2m:[0m[2m149:[0m Creating checkpoint CheckpointDigest(BoAypAPXHQHxUJrWueh2zkFDd9PELi6AqY5pUnyUCHtD) at epoch 0, sequence 145, previous digest Some(CheckpointDigest(4UCYSxFeUdGqwsvfLjsSHthdTWJWTmAvb9BWsEds5Cad)), transactions count 1, content digest CheckpointContentsDigest(GcKKaHJz1bRFsHSS6HxWyJKbqWHQPNdmti9Mrypad8fo), end_of_epoch_data None
[2m2025-03-25T07:54:34.061401Z[0m [32m INFO[0m [1mnode[0m[1m{[0m[3mname[0m[2m=[0mk#b3f3cbb4..[1m}[0m[2m:[0m [2msui_core::state_accumulator[0m[2m:[0m [2mcrates/sui-core/src/state_accumulator.rs[0m[2m:[0m[2m675:[0m accumulating running root for checkpoint 137
[2m2025-03-25T07:54:34.061812Z[0m [32m INFO[0m [1mnode[0m[1m{[0m[3mname[0m[2m=[0mk#b3f3cbb4..[1m}[0m[2m:[0m [2msui_core::state_accumulator[0m[2m:[0m [2mcrates/sui-core/src/state_accumulator.rs[0m[2m:[0m[2m675:[0m accumulating running root for checkpoint 138
[2m2025-03-25T07:54:34.063672Z[0m [32m INFO[0m [1mnode[0m[1m{[0m[3mname[0m[2m=[0mk#99f25ef6..[1m}[0m[2m:[0m [2msui_core::checkpoints[0m[2m:[0m [2mcrates/sui-core/src/checkpoints/mod.rs[0m[2m:[0m[2m1326:[0m Creating checkpoint(s) for 1 transactions [3mnext_checkpoint_seq[0m[2m=[0m145 [3mcheckpoint_timestamp[0m[2m=[0m1742889273328
[2m2025-03-25T07:54:34.063861Z[0m [32m INFO[0m [1mnode[0m[1m{[0m[3mname[0m[2m=[0mk#99f25ef6..[1m}[0m[2m:[0m [2msui_core::checkpoints::checkpoint_output[0m[2m:[0m [2mcrates/sui-core/src/checkpoints/checkpoint_output.rs[0m[2m:[0m[2m149:[0m Creating checkpoint CheckpointDigest(BoAypAPXHQHxUJrWueh2zkFDd9PELi6AqY5pUnyUCHtD) at epoch 0, sequence 145, previous digest Some(CheckpointDigest(4UCYSxFeUdGqwsvfLjsSHthdTWJWTmAvb9BWsEds5Cad)), transactions count 1, content digest CheckpointContentsDigest(GcKKaHJz1bRFsHSS6HxWyJKbqWHQPNdmti9Mrypad8fo), end_of_epoch_data None
[2m2025-03-25T07:54:34.064486Z[0m [32m INFO[0m [1mnode[0m[1m{[0m[3mname[0m[2m=[0mk#addeef94..[1m}[0m[2m:[0m [2msui_core::checkpoints::checkpoint_executor[0m[2m:[0m [2mcrates/sui-core/src/checkpoints/checkpoint_executor/mod.rs[0m[2m:[0m[2m332:[0m Received checkpoint summary from state sync [3msequence_number[0m[2m=[0m142
[2m2025-03-25T07:54:34.064618Z[0m [32m INFO[0m [1mnode[0m[1m{[0m[3mname[0m[2m=[0mk#addeef94..[1m}[0m[2m:[0m [2msui_core::checkpoints::checkpoint_executor[0m[2m:[0m [2mcrates/sui-core/src/checkpoints/checkpoint_executor/mod.rs[0m[2m:[0m[2m332:[0m Received checkpoint summary from state sync [3msequence_number[0m[2m=[0m143
[2m2025-03-25T07:54:34.065822Z[0m [32m INFO[0m [1mnode[0m[1m{[0m[3mname[0m[2m=[0mk#addeef94..[1m}[0m[2m:[0m [2msui_core::state_accumulator[0m[2m:[0m [2mcrates/sui-core/src/state_accumulator.rs[0m[2m:[0m[2m675:[0m accumulating running root for checkpoint 142
[2m2025-03-25T07:54:34.066248Z[0m [32m INFO[0m [1mnode[0m[1m{[0m[3mname[0m[2m=[0mk#addeef94..[1m}[0m[2m:[0m [2msui_core::state_accumulator[0m[2m:[0m [2mcrates/sui-core/src/state_accumulator.rs[0m[2m:[0m[2m675:[0m accumulating running root for checkpoint 143
[2m2025-03-25T07:54:34.096587Z[0m [32m INFO[0m [1mnode[0m[1m{[0m[3mname[0m[2m=[0mk#addeef94..[1m}[0m[2m:[0m [2mconsensus_core::core[0m[2m:[0m [2mconsensus/core/src/core.rs[0m[2m:[0m[2m531:[0m Created block B80(C,v4uDLmWhHaQr9sr7ioI7pdRqdw6h7xynFOJThT5cJVU=)(1742889274096ms;[B79(C,7+OH3A2EID0iJKjQE5iPVhxd0Wo8Jje3hOPVJ/nPH/8=), B79(A,iopPZK13KhBua+f9f4Ve0m3tsKW60OSDCgp5waLksWI=), B79(B,kJ6/mGAHJJKqpHvXpOhqMC3HDFzFZskl53cDHEM55ac=)];2t;1c) for round 80
[2m2025-03-25T07:54:34.098863Z[0m [32m INFO[0m [1mnode[0m[1m{[0m[3mname[0m[2m=[0mk#8dcff6d1..[1m}[0m[2m:[0m [2mconsensus_core::core[0m[2m:[0m [2mconsensus/core/src/core.rs[0m[2m:[0m[2m531:[0m Created block B80(A,wpLiY1LymBppxYbXs72wZqv0qlptvICK2KCdcTPliDY=)(1742889274098ms;[B79(A,iopPZK13KhBua+f9f4Ve0m3tsKW60OSDCgp5waLksWI=), B79(B,kJ6/mGAHJJKqpHvXpOhqMC3HDFzFZskl53cDHEM55ac=), B79(C,7+OH3A2EID0iJKjQE5iPVhxd0Wo8Jje3hOPVJ/nPH/8=)];2t;1c) for round 80
[2m2025-03-25T07:54:34.099026Z[0m [32m INFO[0m [1mnode[0m[1m{[0m[3mname[0m[2m=[0mk#8dcff6d1..[1m}[0m[2m:[0m [2mconsensus_core::core[0m[2m:[0m [2mconsensus/core/src/core.rs[0m[2m:[0m[2m630:[0m Committing 1 leaders: B78(C,6gz1)
[2m2025-03-25T07:54:34.099112Z[0m [32m INFO[0m [1mnode[0m[1m{[0m[3mname[0m[2m=[0mk#8dcff6d1..[1m}[0m[2m:[0m [2mconsensus_core::commit_observer[0m[2m:[0m [2mconsensus/core/src/commit_observer.rs[0m[2m:[0m[2m173:[0m Consensus commit C77(2sCt) with leader B78(C,6gz1) has 3 blocks
[2m2025-03-25T07:54:34.099235Z[0m [32m INFO[0m [1mnode[0m[1m{[0m[3mname[0m[2m=[0mk#99f25ef6..[1m}[0m[2m:[0m [2mconsensus_core::core[0m[2m:[0m [2mconsensus/core/src/core.rs[0m[2m:[0m[2m531:[0m Created block B80(B,OO3etj5T5nfznxLO1JPrN7c4gCwQZvEax0UeXuMO+vk=)(1742889274098ms;[B79(B,kJ6/mGAHJJKqpHvXpOhqMC3HDFzFZskl53cDHEM55ac=), B79(A,iopPZK13KhBua+f9f4Ve0m3tsKW60OSDCgp5waLksWI=), B79(C,7+OH3A2EID0iJKjQE5iPVhxd0Wo8Jje3hOPVJ/nPH/8=)];2t;1c) for round 80
[2m2025-03-25T07:54:34.099310Z[0m [32m INFO[0m [1mnode[0m[1m{[0m[3mname[0m[2m=[0mk#99f25ef6..[1m}[0m[2m:[0m [2mconsensus_core::core[0m[2m:[0m [2mconsensus/core/src/core.rs[0m[2m:[0m[2m630:[0m Committing 1 leaders: B78(C,6gz1)
[2m2025-03-25T07:54:34.099371Z[0m [32m INFO[0m [1mnode[0m[1m{[0m[3mname[0m[2m=[0mk#99f25ef6..[1m}[0m[2m:[0m [2mconsensus_core::commit_observer[0m[2m:[0m [2mconsensus/core/src/commit_observer.rs[0m[2m:[0m[2m173:[0m Consensus commit C77(2sCt) with leader B78(C,6gz1) has 3 blocks
[2m2025-03-25T07:54:34.099434Z[0m [32m INFO[0m [1mnode[0m[1m{[0m[3mname[0m[2m=[0mk#8dcff6d1..[1m}[0m[2m:[0m [2msui_core::consensus_handler[0m[2m:[0m [2mcrates/sui-core/src/consensus_handler.rs[0m[2m:[0m[2m232:[0m Received consensus output [3mconsensus_commit[0m[2m=[0mCommittedSubDag(leader=B78(C,6gz1), ref=C77(2sCt), blocks=[NQaP, KNfZ, 6gz1]) [3mepoch[0m[2m=[0m0
[2m2025-03-25T07:54:34.099451Z[0m [32m INFO[0m [1mnode[0m[1m{[0m[3mname[0m[2m=[0mk#99f25ef6..[1m}[0m[2m:[0m [2msui_core::consensus_handler[0m[2m:[0m [2mcrates/sui-core/src/consensus_handler.rs[0m[2m:[0m[2m232:[0m Received consensus output [3mconsensus_commit[0m[2m=[0mCommittedSubDag(leader=B78(C,6gz1), ref=C77(2sCt), blocks=[NQaP, KNfZ, 6gz1]) [3mepoch[0m[2m=[0m0
[2m2025-03-25T07:54:34.102430Z[0m [32m INFO[0m [1mnode[0m[1m{[0m[3mname[0m[2m=[0mk#addeef94..[1m}[0m[2m:[0m [2mconsensus_core::core[0m[2m:[0m [2mconsensus/core/src/core.rs[0m[2m:[0m[2m630:[0m Committing 1 leaders: B78(C,6gz1)
[2m2025-03-25T07:54:34.102521Z[0m [32m INFO[0m [1mnode[0m[1m{[0m[3mname[0m[2m=[0mk#addeef94..[1m}[0m[2m:[0m [2mconsensus_core::commit_observer[0m[2m:[0m [2mconsensus/core/src/commit_observer.rs[0m[2m:[0m[2m173:[0m Consensus commit C77(2sCt) with leader B78(C,6gz1) has 3 blocks
[2m2025-03-25T07:54:34.102595Z[0m [32m INFO[0m [1mnode[0m[1m{[0m[3mname[0m[2m=[0mk#addeef94..[1m}[0m[2m:[0m [2msui_core::consensus_handler[0m[2m:[0m [2mcrates/sui-core/src/consensus_handler.rs[0m[2m:[0m[2m232:[0m Received consensus output [3mconsensus_commit[0m[2m=[0mCommittedSubDag(leader=B78(C,6gz1), ref=C77(2sCt), blocks=[NQaP, KNfZ, 6gz1]) [3mepoch[0m[2m=[0m0
[2m2025-03-25T07:54:34.127256Z[0m [32m INFO[0m [1mnode[0m[1m{[0m[3mname[0m[2m=[0mk#b3f3cbb4..[1m}[0m[2m:[0m [2msui_core::state_accumulator[0m[2m:[0m [2mcrates/sui-core/src/state_accumulator.rs[0m[2m:[0m[2m675:[0m accumulating running root for checkpoint 139
[2m2025-03-25T07:54:34.167724Z[0m [32m INFO[0m [1mnode[0m[1m{[0m[3mname[0m[2m=[0mk#b3f3cbb4..[1m}[0m[2m:[0m [2msui_core::checkpoints::checkpoint_executor[0m[2m:[0m [2mcrates/sui-core/src/checkpoints/checkpoint_executor/mod.rs[0m[2m:[0m[2m332:[0m Received checkpoint summary from state sync [3msequence_number[0m[2m=[0m140
[2m2025-03-25T07:54:34.167862Z[0m [32m INFO[0m [1mnode[0m[1m{[0m[3mname[0m[2m=[0mk#b3f3cbb4..[1m}[0m[2m:[0m [2msui_core::checkpoints::checkpoint_executor[0m[2m:[0m [2mcrates/sui-core/src/checkpoints/checkpoint_executor/mod.rs[0m[2m:[0m[2m332:[0m Received checkpoint summary from state sync [3msequence_number[0m[2m=[0m141
[2m2025-03-25T07:54:34.201876Z[0m [32m INFO[0m [1mnode[0m[1m{[0m[3mname[0m[2m=[0mk#8dcff6d1..[1m}[0m[2m:[0m [2msui_core::checkpoints[0m[2m:[0m [2mcrates/sui-core/src/checkpoints/mod.rs[0m[2m:[0m[2m1326:[0m Creating checkpoint(s) for 1 transactions [3mnext_checkpoint_seq[0m[2m=[0m146 [3mcheckpoint_timestamp[0m[2m=[0m1742889273584
[2m2025-03-25T07:54:34.202112Z[0m [32m INFO[0m [1mnode[0m[1m{[0m[3mname[0m[2m=[0mk#8dcff6d1..[1m}[0m[2m:[0m [2msui_core::checkpoints::checkpoint_output[0m[2m:[0m [2mcrates/sui-core/src/checkpoints/checkpoint_output.rs[0m[2m:[0m[2m149:[0m Creating checkpoint CheckpointDigest(H3t5EhLbM9YvGJew9fELykmxSmUGXUDyrQvV9822x16s) at epoch 0, sequence 146, previous digest Some(CheckpointDigest(BoAypAPXHQHxUJrWueh2zkFDd9PELi6AqY5pUnyUCHtD)), transactions count 1, content digest CheckpointContentsDigest(s4yLf3y9YKAxW6m1Eu2Ge2VeffRQZmiqHdVAQntNhCj), end_of_epoch_data None
[2m2025-03-25T07:54:34.202594Z[0m [32m INFO[0m [1mnode[0m[1m{[0m[3mname[0m[2m=[0mk#addeef94..[1m}[0m[2m:[0m [2msui_core::checkpoints[0m[2m:[0m [2mcrates/sui-core/src/checkpoints/mod.rs[0m[2m:[0m[2m1326:[0m Creating checkpoint(s) for 1 transactions [3mnext_checkpoint_seq[0m[2m=[0m146 [3mcheckpoint_timestamp[0m[2m=[0m1742889273584
[2m2025-03-25T07:54:34.202770Z[0m [32m INFO[0m [1mnode[0m[1m{[0m[3mname[0m[2m=[0mk#addeef94..[1m}[0m[2m:[0m [2msui_core::checkpoints::checkpoint_output[0m[2m:[0m [2mcrates/sui-core/src/checkpoints/checkpoint_output.rs[0m[2m:[0m[2m149:[0m Creating checkpoint CheckpointDigest(H3t5EhLbM9YvGJew9fELykmxSmUGXUDyrQvV9822x16s) at epoch 0, sequence 146, previous digest Some(CheckpointDigest(BoAypAPXHQHxUJrWueh2zkFDd9PELi6AqY5pUnyUCHtD)), transactions count 1, content digest CheckpointContentsDigest(s4yLf3y9YKAxW6m1Eu2Ge2VeffRQZmiqHdVAQntNhCj), end_of_epoch_data None
[2m2025-03-25T07:54:34.203464Z[0m [32m INFO[0m [1mnode[0m[1m{[0m[3mname[0m[2m=[0mk#99f25ef6..[1m}[0m[2m:[0m [2msui_core::checkpoints[0m[2m:[0m [2mcrates/sui-core/src/checkpoints/mod.rs[0m[2m:[0m[2m1326:[0m Creating checkpoint(s) for 1 transactions [3mnext_checkpoint_seq[0m[2m=[0m146 [3mcheckpoint_timestamp[0m[2m=[0m1742889273584
[2m2025-03-25T07:54:34.203629Z[0m [32m INFO[0m [1mnode[0m[1m{[0m[3mname[0m[2m=[0mk#99f25ef6..[1m}[0m[2m:[0m [2msui_core::checkpoints::checkpoint_output[0m[2m:[0m [2mcrates/sui-core/src/checkpoints/checkpoint_output.rs[0m[2m:[0m[2m149:[0m Creating checkpoint CheckpointDigest(H3t5EhLbM9YvGJew9fELykmxSmUGXUDyrQvV9822x16s) at epoch 0, sequence 146, previous digest Some(CheckpointDigest(BoAypAPXHQHxUJrWueh2zkFDd9PELi6AqY5pUnyUCHtD)), transactions count 1, content digest CheckpointContentsDigest(s4yLf3y9YKAxW6m1Eu2Ge2VeffRQZmiqHdVAQntNhCj), end_of_epoch_data None
[2m2025-03-25T07:54:34.204959Z[0m [32m INFO[0m [1mnode[0m[1m{[0m[3mname[0m[2m=[0mk#addeef94..[1m}[0m[2m:[0m [2mconsensus_core::commit_syncer[0m[2m:[0m [2mconsensus/core/src/commit_syncer.rs[0m[2m:[0m[2m196:[0m Checking to schedule fetches: synced_commit_index=77, highest_handled_index=77, highest_scheduled_index=0, quorum_commit_index=0, unhandled_commits_threshold=3200
[2m2025-03-25T07:54:34.206944Z[0m [32m INFO[0m [1mnode[0m[1m{[0m[3mname[0m[2m=[0mk#8dcff6d1..[1m}[0m[2m:[0m [2msui_core::checkpoints::checkpoint_output[0m[2m:[0m [2mcrates/sui-core/src/checkpoints/checkpoint_output.rs[0m[2m:[0m[2m196:[0m Certified checkpoint with sequence 144 and digest 4UCYSxFeUdGqwsvfLjsSHthdTWJWTmAvb9BWsEds5Cad
[2m2025-03-25T07:54:34.206967Z[0m [32m INFO[0m [1mnode[0m[1m{[0m[3mname[0m[2m=[0mk#8dcff6d1..[1m}[0m[2m:[0m [2msui_core::checkpoints::checkpoint_output[0m[2m:[0m [2mcrates/sui-core/src/checkpoints/checkpoint_output.rs[0m[2m:[0m[2m196:[0m Certified checkpoint with sequence 145 and digest BoAypAPXHQHxUJrWueh2zkFDd9PELi6AqY5pUnyUCHtD
[2m2025-03-25T07:54:34.208105Z[0m [32m INFO[0m [1mnode[0m[1m{[0m[3mname[0m[2m=[0mk#99f25ef6..[1m}[0m[2m:[0m [2msui_core::checkpoints::checkpoint_output[0m[2m:[0m [2mcrates/sui-core/src/checkpoints/checkpoint_output.rs[0m[2m:[0m[2m196:[0m Certified checkpoint with sequence 144 and digest 4UCYSxFeUdGqwsvfLjsSHthdTWJWTmAvb9BWsEds5Cad
[2m2025-03-25T07:54:34.208124Z[0m [32m INFO[0m [1mnode[0m[1m{[0m[3mname[0m[2m=[0mk#99f25ef6..[1m}[0m[2m:[0m [2msui_core::checkpoints::checkpoint_output[0m[2m:[0m [2mcrates/sui-core/src/checkpoints/checkpoint_output.rs[0m[2m:[0m[2m196:[0m Certified checkpoint with sequence 145 and digest BoAypAPXHQHxUJrWueh2zkFDd9PELi6AqY5pUnyUCHtD
[2m2025-03-25T07:54:34.208466Z[0m [32m INFO[0m [1mnode[0m[1m{[0m[3mname[0m[2m=[0mk#8dcff6d1..[1m}[0m[2m:[0m [2msui_core::checkpoints::checkpoint_executor[0m[2m:[0m [2mcrates/sui-core/src/checkpoints/checkpoint_executor/mod.rs[0m[2m:[0m[2m332:[0m Received checkpoint summary from state sync [3msequence_number[0m[2m=[0m144
[2m2025-03-25T07:54:34.208595Z[0m [32m INFO[0m [1mnode[0m[1m{[0m[3mname[0m[2m=[0mk#8dcff6d1..[1m}[0m[2m:[0m [2msui_core::checkpoints::checkpoint_executor[0m[2m:[0m [2mcrates/sui-core/src/checkpoints/checkpoint_executor/mod.rs[0m[2m:[0m[2m332:[0m Received checkpoint summary from state sync [3msequence_number[0m[2m=[0m145
[2m2025-03-25T07:54:34.209701Z[0m [32m INFO[0m [1mnode[0m[1m{[0m[3mname[0m[2m=[0mk#99f25ef6..[1m}[0m[2m:[0m [2msui_core::checkpoints::checkpoint_executor[0m[2m:[0m [2mcrates/sui-core/src/checkpoints/checkpoint_executor/mod.rs[0m[2m:[0m[2m332:[0m Received checkpoint summary from state sync [3msequence_number[0m[2m=[0m144
[2m2025-03-25T07:54:34.209818Z[0m [32m INFO[0m [1mnode[0m[1m{[0m[3mname[0m[2m=[0mk#99f25ef6..[1m}[0m[2m:[0m [2msui_core::checkpoints::checkpoint_executor[0m[2m:[0m [2mcrates/sui-core/src/checkpoints/checkpoint_executor/mod.rs[0m[2m:[0m[2m332:[0m Received checkpoint summary from state sync [3msequence_number[0m[2m=[0m145
[2m2025-03-25T07:54:34.210576Z[0m [32m INFO[0m [1mnode[0m[1m{[0m[3mname[0m[2m=[0mk#8dcff6d1..[1m}[0m[2m:[0m [2msui_core::state_accumulator[0m[2m:[0m [2mcrates/sui-core/src/state_accumulator.rs[0m[2m:[0m[2m675:[0m accumulating running root for checkpoint 144
[2m2025-03-25T07:54:34.211035Z[0m [32m INFO[0m [1mnode[0m[1m{[0m[3mname[0m[2m=[0mk#8dcff6d1..[1m}[0m[2m:[0m [2msui_core::state_accumulator[0m[2m:[0m [2mcrates/sui-core/src/state_accumulator.rs[0m[2m:[0m[2m675:[0m accumulating running root for checkpoint 145
[2m2025-03-25T07:54:34.211594Z[0m [32m INFO[0m [1mnode[0m[1m{[0m[3mname[0m[2m=[0mk#99f25ef6..[1m}[0m[2m:[0m [2msui_core::state_accumulator[0m[2m:[0m [2mcrates/sui-core/src/state_accumulator.rs[0m[2m:[0m[2m675:[0m accumulating running root for checkpoint 144
[2m2025-03-25T07:54:34.212023Z[0m [32m INFO[0m [1mnode[0m[1m{[0m[3mname[0m[2m=[0mk#99f25ef6..[1m}[0m[2m:[0m [2msui_core::state_accumulator[0m[2m:[0m [2mcrates/sui-core/src/state_accumulator.rs[0m[2m:[0m[2m675:[0m accumulating running root for checkpoint 145
[2m2025-03-25T07:54:34.258955Z[0m [32m INFO[0m [1mnode[0m[1m{[0m[3mname[0m[2m=[0mk#b3f3cbb4..[1m}[0m[2m:[0m [2msui_core::state_accumulator[0m[2m:[0m [2mcrates/sui-core/src/state_accumulator.rs[0m[2m:[0m[2m675:[0m accumulating running root for checkpoint 140
[2m2025-03-25T07:54:34.259402Z[0m [32m INFO[0m [1mnode[0m[1m{[0m[3mname[0m[2m=[0mk#b3f3cbb4..[1m}[0m[2m:[0m [2msui_core::state_accumulator[0m[2m:[0m [2mcrates/sui-core/src/state_accumulator.rs[0m[2m:[0m[2m675:[0m accumulating running root for checkpoint 141
[2m2025-03-25T07:54:34.271808Z[0m [32m INFO[0m [1mnode[0m[1m{[0m[3mname[0m[2m=[0mk#b3f3cbb4..[1m}[0m[2m:[0m [2msui_core::checkpoints::checkpoint_executor[0m[2m:[0m [2mcrates/sui-core/src/checkpoints/checkpoint_executor/mod.rs[0m[2m:[0m[2m332:[0m Received checkpoint summary from state sync [3msequence_number[0m[2m=[0m142
[2m2025-03-25T07:54:34.271940Z[0m [32m INFO[0m [1mnode[0m[1m{[0m[3mname[0m[2m=[0mk#b3f3cbb4..[1m}[0m[2m:[0m [2msui_core::checkpoints::checkpoint_executor[0m[2m:[0m [2mcrates/sui-core/src/checkpoints/checkpoint_executor/mod.rs[0m[2m:[0m[2m332:[0m Received checkpoint summary from state sync [3msequence_number[0m[2m=[0m143
[2m2025-03-25T07:54:34.315171Z[0m [32m INFO[0m [1mnode[0m[1m{[0m[3mname[0m[2m=[0mk#addeef94..[1m}[0m[2m:[0m [2msui_core::checkpoints[0m[2m:[0m [2mcrates/sui-core/src/checkpoints/mod.rs[0m[2m:[0m[2m1326:[0m Creating checkpoint(s) for 1 transactions [3mnext_checkpoint_seq[0m[2m=[0m147 [3mcheckpoint_timestamp[0m[2m=[0m1742889273584
[2m2025-03-25T07:54:34.315444Z[0m [32m INFO[0m [1mnode[0m[1m{[0m[3mname[0m[2m=[0mk#addeef94..[1m}[0m[2m:[0m [2msui_core::checkpoints::checkpoint_output[0m[2m:[0m [2mcrates/sui-core/src/checkpoints/checkpoint_output.rs[0m[2m:[0m[2m149:[0m Creating checkpoint CheckpointDigest(CdAHcUBqK6ttTY968PKGJD7tgfo9vYHCJKWv8o55poUa) at epoch 0, sequence 147, previous digest Some(CheckpointDigest(H3t5EhLbM9YvGJew9fELykmxSmUGXUDyrQvV9822x16s)), transactions count 1, content digest CheckpointContentsDigest(CofpAoqPtj3R6yJiWotddP2MFXDFnKgKV3zHeaawgp4S), end_of_epoch_data None
[2m2025-03-25T07:54:34.317602Z[0m [32m INFO[0m [1mnode[0m[1m{[0m[3mname[0m[2m=[0mk#99f25ef6..[1m}[0m[2m:[0m [2msui_core::checkpoints[0m[2m:[0m [2mcrates/sui-core/src/checkpoints/mod.rs[0m[2m:[0m[2m1326:[0m Creating checkpoint(s) for 1 transactions [3mnext_checkpoint_seq[0m[2m=[0m147 [3mcheckpoint_timestamp[0m[2m=[0m1742889273584
[2m2025-03-25T07:54:34.317795Z[0m [32m INFO[0m [1mnode[0m[1m{[0m[3mname[0m[2m=[0mk#99f25ef6..[1m}[0m[2m:[0m [2msui_core::checkpoints::checkpoint_output[0m[2m:[0m [2mcrates/sui-core/src/checkpoints/checkpoint_output.rs[0m[2m:[0m[2m149:[0m Creating checkpoint CheckpointDigest(CdAHcUBqK6ttTY968PKGJD7tgfo9vYHCJKWv8o55poUa) at epoch 0, sequence 147, previous digest Some(CheckpointDigest(H3t5EhLbM9YvGJew9fELykmxSmUGXUDyrQvV9822x16s)), transactions count 1, content digest CheckpointContentsDigest(CofpAoqPtj3R6yJiWotddP2MFXDFnKgKV3zHeaawgp4S), end_of_epoch_data None
[2m2025-03-25T07:54:34.318044Z[0m [32m INFO[0m [1mnode[0m[1m{[0m[3mname[0m[2m=[0mk#8dcff6d1..[1m}[0m[2m:[0m [2msui_core::checkpoints[0m[2m:[0m [2mcrates/sui-core/src/checkpoints/mod.rs[0m[2m:[0m[2m1326:[0m Creating checkpoint(s) for 1 transactions [3mnext_checkpoint_seq[0m[2m=[0m147 [3mcheckpoint_timestamp[0m[2m=[0m1742889273584
[2m2025-03-25T07:54:34.318227Z[0m [32m INFO[0m [1mnode[0m[1m{[0m[3mname[0m[2m=[0mk#8dcff6d1..[1m}[0m[2m:[0m [2msui_core::checkpoints::checkpoint_output[0m[2m:[0m [2mcrates/sui-core/src/checkpoints/checkpoint_output.rs[0m[2m:[0m[2m149:[0m Creating checkpoint CheckpointDigest(CdAHcUBqK6ttTY968PKGJD7tgfo9vYHCJKWv8o55poUa) at epoch 0, sequence 147, previous digest Some(CheckpointDigest(H3t5EhLbM9YvGJew9fELykmxSmUGXUDyrQvV9822x16s)), transactions count 1, content digest CheckpointContentsDigest(CofpAoqPtj3R6yJiWotddP2MFXDFnKgKV3zHeaawgp4S), end_of_epoch_data None
[2m2025-03-25T07:54:34.319562Z[0m [32m INFO[0m [1mnode[0m[1m{[0m[3mname[0m[2m=[0mk#addeef94..[1m}[0m[2m:[0m [2msui_core::checkpoints::checkpoint_executor[0m[2m:[0m [2mcrates/sui-core/src/checkpoints/checkpoint_executor/mod.rs[0m[2m:[0m[2m332:[0m Received checkpoint summary from state sync [3msequence_number[0m[2m=[0m144
[2m2025-03-25T07:54:34.319693Z[0m [32m INFO[0m [1mnode[0m[1m{[0m[3mname[0m[2m=[0mk#addeef94..[1m}[0m[2m:[0m [2msui_core::checkpoints::checkpoint_executor[0m[2m:[0m [2mcrates/sui-core/src/checkpoints/checkpoint_executor/mod.rs[0m[2m:[0m[2m332:[0m Received checkpoint summary from state sync [3msequence_number[0m[2m=[0m145
[2m2025-03-25T07:54:34.320930Z[0m [32m INFO[0m [1mnode[0m[1m{[0m[3mname[0m[2m=[0mk#addeef94..[1m}[0m[2m:[0m [2msui_core::state_accumulator[0m[2m:[0m [2mcrates/sui-core/src/state_accumulator.rs[0m[2m:[0m[2m675:[0m accumulating running root for checkpoint 144
[2m2025-03-25T07:54:34.321358Z[0m [32m INFO[0m [1mnode[0m[1m{[0m[3mname[0m[2m=[0mk#addeef94..[1m}[0m[2m:[0m [2msui_core::state_accumulator[0m[2m:[0m [2mcrates/sui-core/src/state_accumulator.rs[0m[2m:[0m[2m675:[0m accumulating running root for checkpoint 145
[2m2025-03-25T07:54:34.350818Z[0m [32m INFO[0m [1mnode[0m[1m{[0m[3mname[0m[2m=[0mk#8dcff6d1..[1m}[0m[2m:[0m [2mconsensus_core::core[0m[2m:[0m [2mconsensus/core/src/core.rs[0m[2m:[0m[2m531:[0m Created block B81(A,UB2OBEKmcNBv+7olDbtFHILvSuG5H0zUmS7CAZZAots=)(1742889274350ms;[B80(A,wpLiY1LymBppxYbXs72wZqv0qlptvICK2KCdcTPliDY=), B80(B,OO3etj5T5nfznxLO1JPrN7c4gCwQZvEax0UeXuMO+vk=), B80(C,v4uDLmWhHaQr9sr7ioI7pdRqdw6h7xynFOJThT5cJVU=)];2t;1c) for round 81
[2m2025-03-25T07:54:34.351421Z[0m [32m INFO[0m [1mnode[0m[1m{[0m[3mname[0m[2m=[0mk#99f25ef6..[1m}[0m[2m:[0m [2mconsensus_core::core[0m[2m:[0m [2mconsensus/core/src/core.rs[0m[2m:[0m[2m531:[0m Created block B81(B,21a3T7vjex1RDWjd0wfQOv+oIK0Iw7rmAq0TTDExHSk=)(1742889274351ms;[B80(B,OO3etj5T5nfznxLO1JPrN7c4gCwQZvEax0UeXuMO+vk=), B80(A,wpLiY1LymBppxYbXs72wZqv0qlptvICK2KCdcTPliDY=), B80(C,v4uDLmWhHaQr9sr7ioI7pdRqdw6h7xynFOJThT5cJVU=)];2t;1c) for round 81
[2m2025-03-25T07:54:34.354013Z[0m [32m INFO[0m [1mnode[0m[1m{[0m[3mname[0m[2m=[0mk#addeef94..[1m}[0m[2m:[0m [2mconsensus_core::core[0m[2m:[0m [2mconsensus/core/src/core.rs[0m[2m:[0m[2m531:[0m Created block B81(C,CjMOw/FovvyZ50WnxO568ZCucAIz1RPQ9ijz6MIx5Nk=)(1742889274353ms;[B80(C,v4uDLmWhHaQr9sr7ioI7pdRqdw6h7xynFOJThT5cJVU=), B80(A,wpLiY1LymBppxYbXs72wZqv0qlptvICK2KCdcTPliDY=), B80(B,OO3etj5T5nfznxLO1JPrN7c4gCwQZvEax0UeXuMO+vk=)];2t;1c) for round 81
[2m2025-03-25T07:54:34.354104Z[0m [32m INFO[0m [1mnode[0m[1m{[0m[3mname[0m[2m=[0mk#addeef94..[1m}[0m[2m:[0m [2mconsensus_core::core[0m[2m:[0m [2mconsensus/core/src/core.rs[0m[2m:[0m[2m630:[0m Committing 1 leaders: B79(C,7+OH)
[2m2025-03-25T07:54:34.354178Z[0m [32m INFO[0m [1mnode[0m[1m{[0m[3mname[0m[2m=[0mk#addeef94..[1m}[0m[2m:[0m [2mconsensus_core::commit_observer[0m[2m:[0m [2mconsensus/core/src/commit_observer.rs[0m[2m:[0m[2m173:[0m Consensus commit C78(r00o) with leader B79(C,7+OH) has 3 blocks
[2m2025-03-25T07:54:34.354266Z[0m [32m INFO[0m [1mnode[0m[1m{[0m[3mname[0m[2m=[0mk#addeef94..[1m}[0m[2m:[0m [2msui_core::consensus_handler[0m[2m:[0m [2mcrates/sui-core/src/consensus_handler.rs[0m[2m:[0m[2m232:[0m Received consensus output [3mconsensus_commit[0m[2m=[0mCommittedSubDag(leader=B79(C,7+OH), ref=C78(r00o), blocks=[UW58, XRr7, 7+OH]) [3mepoch[0m[2m=[0m0
[2m2025-03-25T07:54:34.357169Z[0m [32m INFO[0m [1mnode[0m[1m{[0m[3mname[0m[2m=[0mk#99f25ef6..[1m}[0m[2m:[0m [2mconsensus_core::core[0m[2m:[0m [2mconsensus/core/src/core.rs[0m[2m:[0m[2m630:[0m Committing 1 leaders: B79(C,7+OH)
[2m2025-03-25T07:54:34.357169Z[0m [32m INFO[0m [1mnode[0m[1m{[0m[3mname[0m[2m=[0mk#8dcff6d1..[1m}[0m[2m:[0m [2mconsensus_core::core[0m[2m:[0m [2mconsensus/core/src/core.rs[0m[2m:[0m[2m630:[0m Committing 1 leaders: B79(C,7+OH)
[2m2025-03-25T07:54:34.357258Z[0m [32m INFO[0m [1mnode[0m[1m{[0m[3mname[0m[2m=[0mk#8dcff6d1..[1m}[0m[2m:[0m [2mconsensus_core::commit_observer[0m[2m:[0m [2mconsensus/core/src/commit_observer.rs[0m[2m:[0m[2m173:[0m Consensus commit C78(r00o) with leader B79(C,7+OH) has 3 blocks
[2m2025-03-25T07:54:34.357258Z[0m [32m INFO[0m [1mnode[0m[1m{[0m[3mname[0m[2m=[0mk#99f25ef6..[1m}[0m[2m:[0m [2mconsensus_core::commit_observer[0m[2m:[0m [2mconsensus/core/src/commit_observer.rs[0m[2m:[0m[2m173:[0m Consensus commit C78(r00o) with leader B79(C,7+OH) has 3 blocks
[2m2025-03-25T07:54:34.357331Z[0m [32m INFO[0m [1mnode[0m[1m{[0m[3mname[0m[2m=[0mk#8dcff6d1..[1m}[0m[2m:[0m [2msui_core::consensus_handler[0m[2m:[0m [2mcrates/sui-core/src/consensus_handler.rs[0m[2m:[0m[2m232:[0m Received consensus output [3mconsensus_commit[0m[2m=[0mCommittedSubDag(leader=B79(C,7+OH), ref=C78(r00o), blocks=[UW58, XRr7, 7+OH]) [3mepoch[0m[2m=[0m0
[2m2025-03-25T07:54:34.357331Z[0m [32m INFO[0m [1mnode[0m[1m{[0m[3mname[0m[2m=[0mk#99f25ef6..[1m}[0m[2m:[0m [2msui_core::consensus_handler[0m[2m:[0m [2mcrates/sui-core/src/consensus_handler.rs[0m[2m:[0m[2m232:[0m Received consensus output [3mconsensus_commit[0m[2m=[0mCommittedSubDag(leader=B79(C,7+OH), ref=C78(r00o), blocks=[UW58, XRr7, 7+OH]) [3mepoch[0m[2m=[0m0
[2m2025-03-25T07:54:34.364252Z[0m [32m INFO[0m [1mnode[0m[1m{[0m[3mname[0m[2m=[0mk#b3f3cbb4..[1m}[0m[2m:[0m [2msui_core::state_accumulator[0m[2m:[0m [2mcrates/sui-core/src/state_accumulator.rs[0m[2m:[0m[2m675:[0m accumulating running root for checkpoint 142
[2m2025-03-25T07:54:34.364701Z[0m [32m INFO[0m [1mnode[0m[1m{[0m[3mname[0m[2m=[0mk#b3f3cbb4..[1m}[0m[2m:[0m [2msui_core::state_accumulator[0m[2m:[0m [2mcrates/sui-core/src/state_accumulator.rs[0m[2m:[0m[2m675:[0m accumulating running root for checkpoint 143
[2m2025-03-25T07:54:34.376755Z[0m [32m INFO[0m [1mnode[0m[1m{[0m[3mname[0m[2m=[0mk#b3f3cbb4..[1m}[0m[2m:[0m [2msui_core::checkpoints::checkpoint_executor[0m[2m:[0m [2mcrates/sui-core/src/checkpoints/checkpoint_executor/mod.rs[0m[2m:[0m[2m332:[0m Received checkpoint summary from state sync [3msequence_number[0m[2m=[0m144
[2m2025-03-25T07:54:34.376888Z[0m [32m INFO[0m [1mnode[0m[1m{[0m[3mname[0m[2m=[0mk#b3f3cbb4..[1m}[0m[2m:[0m [2msui_core::checkpoints::checkpoint_executor[0m[2m:[0m [2mcrates/sui-core/src/checkpoints/checkpoint_executor/mod.rs[0m[2m:[0m[2m332:[0m Received checkpoint summary from state sync [3msequence_number[0m[2m=[0m145
[2m2025-03-25T07:54:34.459331Z[0m [32m INFO[0m [1mnode[0m[1m{[0m[3mname[0m[2m=[0mk#addeef94..[1m}[0m[2m:[0m [2msui_core::checkpoints[0m[2m:[0m [2mcrates/sui-core/src/checkpoints/mod.rs[0m[2m:[0m[2m1326:[0m Creating checkpoint(s) for 1 transactions [3mnext_checkpoint_seq[0m[2m=[0m148 [3mcheckpoint_timestamp[0m[2m=[0m1742889273842
[2m2025-03-25T07:54:34.459588Z[0m [32m INFO[0m [1mnode[0m[1m{[0m[3mname[0m[2m=[0mk#addeef94..[1m}[0m[2m:[0m [2msui_core::checkpoints::checkpoint_output[0m[2m:[0m [2mcrates/sui-core/src/checkpoints/checkpoint_output.rs[0m[2m:[0m[2m149:[0m Creating checkpoint CheckpointDigest(5r52wEDsj1Eq51dJYUCbVampjb7BHZXvfJBQA2jH65jH) at epoch 0, sequence 148, previous digest Some(CheckpointDigest(CdAHcUBqK6ttTY968PKGJD7tgfo9vYHCJKWv8o55poUa)), transactions count 1, content digest CheckpointContentsDigest(seWAaTvk1B33mvSWwRcGvqYX96FFdwY3U3ujGW1YJVT), end_of_epoch_data None
[2m2025-03-25T07:54:34.460005Z[0m [32m INFO[0m [1mnode[0m[1m{[0m[3mname[0m[2m=[0mk#8dcff6d1..[1m}[0m[2m:[0m [2msui_core::checkpoints[0m[2m:[0m [2mcrates/sui-core/src/checkpoints/mod.rs[0m[2m:[0m[2m1326:[0m Creating checkpoint(s) for 1 transactions [3mnext_checkpoint_seq[0m[2m=[0m148 [3mcheckpoint_timestamp[0m[2m=[0m1742889273842
[2m2025-03-25T07:54:34.460179Z[0m [32m INFO[0m [1mnode[0m[1m{[0m[3mname[0m[2m=[0mk#8dcff6d1..[1m}[0m[2m:[0m [2msui_core::checkpoints::checkpoint_output[0m[2m:[0m [2mcrates/sui-core/src/checkpoints/checkpoint_output.rs[0m[2m:[0m[2m149:[0m Creating checkpoint CheckpointDigest(5r52wEDsj1Eq51dJYUCbVampjb7BHZXvfJBQA2jH65jH) at epoch 0, sequence 148, previous digest Some(CheckpointDigest(CdAHcUBqK6ttTY968PKGJD7tgfo9vYHCJKWv8o55poUa)), transactions count 1, content digest CheckpointContentsDigest(seWAaTvk1B33mvSWwRcGvqYX96FFdwY3U3ujGW1YJVT), end_of_epoch_data None
[2m2025-03-25T07:54:34.460913Z[0m [32m INFO[0m [1mnode[0m[1m{[0m[3mname[0m[2m=[0mk#99f25ef6..[1m}[0m[2m:[0m [2msui_core::checkpoints[0m[2m:[0m [2mcrates/sui-core/src/checkpoints/mod.rs[0m[2m:[0m[2m1326:[0m Creating checkpoint(s) for 1 transactions [3mnext_checkpoint_seq[0m[2m=[0m148 [3mcheckpoint_timestamp[0m[2m=[0m1742889273842
[2m2025-03-25T07:54:34.461083Z[0m [32m INFO[0m [1mnode[0m[1m{[0m[3mname[0m[2m=[0mk#99f25ef6..[1m}[0m[2m:[0m [2msui_core::checkpoints::checkpoint_output[0m[2m:[0m [2mcrates/sui-core/src/checkpoints/checkpoint_output.rs[0m[2m:[0m[2m149:[0m Creating checkpoint CheckpointDigest(5r52wEDsj1Eq51dJYUCbVampjb7BHZXvfJBQA2jH65jH) at epoch 0, sequence 148, previous digest Some(CheckpointDigest(CdAHcUBqK6ttTY968PKGJD7tgfo9vYHCJKWv8o55poUa)), transactions count 1, content digest CheckpointContentsDigest(seWAaTvk1B33mvSWwRcGvqYX96FFdwY3U3ujGW1YJVT), end_of_epoch_data None
[2m2025-03-25T07:54:34.462467Z[0m [32m INFO[0m [1mnode[0m[1m{[0m[3mname[0m[2m=[0mk#8dcff6d1..[1m}[0m[2m:[0m [2mconsensus_core::commit_syncer[0m[2m:[0m [2mconsensus/core/src/commit_syncer.rs[0m[2m:[0m[2m196:[0m Checking to schedule fetches: synced_commit_index=78, highest_handled_index=78, highest_scheduled_index=0, quorum_commit_index=77, unhandled_commits_threshold=3200
[2m2025-03-25T07:54:34.464801Z[0m [32m INFO[0m [1mnode[0m[1m{[0m[3mname[0m[2m=[0mk#8dcff6d1..[1m}[0m[2m:[0m [2msui_core::checkpoints::checkpoint_output[0m[2m:[0m [2mcrates/sui-core/src/checkpoints/checkpoint_output.rs[0m[2m:[0m[2m196:[0m Certified checkpoint with sequence 146 and digest H3t5EhLbM9YvGJew9fELykmxSmUGXUDyrQvV9822x16s
[2m2025-03-25T07:54:34.464823Z[0m [32m INFO[0m [1mnode[0m[1m{[0m[3mname[0m[2m=[0mk#8dcff6d1..[1m}[0m[2m:[0m [2msui_core::checkpoints::checkpoint_output[0m[2m:[0m [2mcrates/sui-core/src/checkpoints/checkpoint_output.rs[0m[2m:[0m[2m196:[0m Certified checkpoint with sequence 147 and digest CdAHcUBqK6ttTY968PKGJD7tgfo9vYHCJKWv8o55poUa
[2m2025-03-25T07:54:34.465575Z[0m [32m INFO[0m [1mnode[0m[1m{[0m[3mname[0m[2m=[0mk#99f25ef6..[1m}[0m[2m:[0m [2msui_core::checkpoints::checkpoint_output[0m[2m:[0m [2mcrates/sui-core/src/checkpoints/checkpoint_output.rs[0m[2m:[0m[2m196:[0m Certified checkpoint with sequence 146 and digest H3t5EhLbM9YvGJew9fELykmxSmUGXUDyrQvV9822x16s
[2m2025-03-25T07:54:34.465594Z[0m [32m INFO[0m [1mnode[0m[1m{[0m[3mname[0m[2m=[0mk#99f25ef6..[1m}[0m[2m:[0m [2msui_core::checkpoints::checkpoint_output[0m[2m:[0m [2mcrates/sui-core/src/checkpoints/checkpoint_output.rs[0m[2m:[0m[2m196:[0m Certified checkpoint with sequence 147 and digest CdAHcUBqK6ttTY968PKGJD7tgfo9vYHCJKWv8o55poUa
[2m2025-03-25T07:54:34.465729Z[0m [32m INFO[0m [1mnode[0m[1m{[0m[3mname[0m[2m=[0mk#8dcff6d1..[1m}[0m[2m:[0m [2msui_core::checkpoints::checkpoint_executor[0m[2m:[0m [2mcrates/sui-core/src/checkpoints/checkpoint_executor/mod.rs[0m[2m:[0m[2m332:[0m Received checkpoint summary from state sync [3msequence_number[0m[2m=[0m146
[2m2025-03-25T07:54:34.465858Z[0m [32m INFO[0m [1mnode[0m[1m{[0m[3mname[0m[2m=[0mk#8dcff6d1..[1m}[0m[2m:[0m [2msui_core::checkpoints::checkpoint_executor[0m[2m:[0m [2mcrates/sui-core/src/checkpoints/checkpoint_executor/mod.rs[0m[2m:[0m[2m332:[0m Received checkpoint summary from state sync [3msequence_number[0m[2m=[0m147
[2m2025-03-25T07:54:34.466478Z[0m [32m INFO[0m [1mnode[0m[1m{[0m[3mname[0m[2m=[0mk#99f25ef6..[1m}[0m[2m:[0m [2msui_core::checkpoints::checkpoint_executor[0m[2m:[0m [2mcrates/sui-core/src/checkpoints/checkpoint_executor/mod.rs[0m[2m:[0m[2m332:[0m Received checkpoint summary from state sync [3msequence_number[0m[2m=[0m146
[2m2025-03-25T07:54:34.466598Z[0m [32m INFO[0m [1mnode[0m[1m{[0m[3mname[0m[2m=[0mk#99f25ef6..[1m}[0m[2m:[0m [2msui_core::checkpoints::checkpoint_executor[0m[2m:[0m [2mcrates/sui-core/src/checkpoints/checkpoint_executor/mod.rs[0m[2m:[0m[2m332:[0m Received checkpoint summary from state sync [3msequence_number[0m[2m=[0m147
[2m2025-03-25T07:54:34.467779Z[0m [32m INFO[0m [1mnode[0m[1m{[0m[3mname[0m[2m=[0mk#8dcff6d1..[1m}[0m[2m:[0m [2msui_core::state_accumulator[0m[2m:[0m [2mcrates/sui-core/src/state_accumulator.rs[0m[2m:[0m[2m675:[0m accumulating running root for checkpoint 146
[2m2025-03-25T07:54:34.467844Z[0m [32m INFO[0m [1mnode[0m[1m{[0m[3mname[0m[2m=[0mk#b3f3cbb4..[1m}[0m[2m:[0m [2msui_core::state_accumulator[0m[2m:[0m [2mcrates/sui-core/src/state_accumulator.rs[0m[2m:[0m[2m675:[0m accumulating running root for checkpoint 144
[2m2025-03-25T07:54:34.468241Z[0m [32m INFO[0m [1mnode[0m[1m{[0m[3mname[0m[2m=[0mk#8dcff6d1..[1m}[0m[2m:[0m [2msui_core::state_accumulator[0m[2m:[0m [2mcrates/sui-core/src/state_accumulator.rs[0m[2m:[0m[2m675:[0m accumulating running root for checkpoint 147
[2m2025-03-25T07:54:34.468279Z[0m [32m INFO[0m [1mnode[0m[1m{[0m[3mname[0m[2m=[0mk#b3f3cbb4..[1m}[0m[2m:[0m [2msui_core::state_accumulator[0m[2m:[0m [2mcrates/sui-core/src/state_accumulator.rs[0m[2m:[0m[2m675:[0m accumulating running root for checkpoint 145
[2m2025-03-25T07:54:34.468360Z[0m [32m INFO[0m [1mnode[0m[1m{[0m[3mname[0m[2m=[0mk#99f25ef6..[1m}[0m[2m:[0m [2msui_core::state_accumulator[0m[2m:[0m [2mcrates/sui-core/src/state_accumulator.rs[0m[2m:[0m[2m675:[0m accumulating running root for checkpoint 146
[2m2025-03-25T07:54:34.468791Z[0m [32m INFO[0m [1mnode[0m[1m{[0m[3mname[0m[2m=[0mk#99f25ef6..[1m}[0m[2m:[0m [2msui_core::state_accumulator[0m[2m:[0m [2mcrates/sui-core/src/state_accumulator.rs[0m[2m:[0m[2m675:[0m accumulating running root for checkpoint 147
[2m2025-03-25T07:54:34.563585Z[0m [32m INFO[0m [1mnode[0m[1m{[0m[3mname[0m[2m=[0mk#addeef94..[1m}[0m[2m:[0m [2msui_core::checkpoints[0m[2m:[0m [2mcrates/sui-core/src/checkpoints/mod.rs[0m[2m:[0m[2m1326:[0m Creating checkpoint(s) for 1 transactions [3mnext_checkpoint_seq[0m[2m=[0m149 [3mcheckpoint_timestamp[0m[2m=[0m1742889273842
[2m2025-03-25T07:54:34.563845Z[0m [32m INFO[0m [1mnode[0m[1m{[0m[3mname[0m[2m=[0mk#addeef94..[1m}[0m[2m:[0m [2msui_core::checkpoints::checkpoint_output[0m[2m:[0m [2mcrates/sui-core/src/checkpoints/checkpoint_output.rs[0m[2m:[0m[2m149:[0m Creating checkpoint CheckpointDigest(GM9bi91Vba7EtTieoPk33qLh8VA7iqcsFwamCdGKrBa2) at epoch 0, sequence 149, previous digest Some(CheckpointDigest(5r52wEDsj1Eq51dJYUCbVampjb7BHZXvfJBQA2jH65jH)), transactions count 1, content digest CheckpointContentsDigest(461sfMrBnH2L5FeW9pfdAE2Xpv31znxhrwL8WYtrXVJ7), end_of_epoch_data None
[2m2025-03-25T07:54:34.575848Z[0m [32m INFO[0m [1mnode[0m[1m{[0m[3mname[0m[2m=[0mk#8dcff6d1..[1m}[0m[2m:[0m [2msui_core::checkpoints[0m[2m:[0m [2mcrates/sui-core/src/checkpoints/mod.rs[0m[2m:[0m[2m1326:[0m Creating checkpoint(s) for 1 transactions [3mnext_checkpoint_seq[0m[2m=[0m149 [3mcheckpoint_timestamp[0m[2m=[0m1742889273842
[2m2025-03-25T07:54:34.576056Z[0m [32m INFO[0m [1mnode[0m[1m{[0m[3mname[0m[2m=[0mk#8dcff6d1..[1m}[0m[2m:[0m [2msui_core::checkpoints::checkpoint_output[0m[2m:[0m [2mcrates/sui-core/src/checkpoints/checkpoint_output.rs[0m[2m:[0m[2m149:[0m Creating checkpoint CheckpointDigest(GM9bi91Vba7EtTieoPk33qLh8VA7iqcsFwamCdGKrBa2) at epoch 0, sequence 149, previous digest Some(CheckpointDigest(5r52wEDsj1Eq51dJYUCbVampjb7BHZXvfJBQA2jH65jH)), transactions count 1, content digest CheckpointContentsDigest(461sfMrBnH2L5FeW9pfdAE2Xpv31znxhrwL8WYtrXVJ7), end_of_epoch_data None
[2m2025-03-25T07:54:34.578349Z[0m [32m INFO[0m [1mnode[0m[1m{[0m[3mname[0m[2m=[0mk#b3f3cbb4..[1m}[0m[2m:[0m [2msui_core::checkpoints::checkpoint_executor[0m[2m:[0m [2mcrates/sui-core/src/checkpoints/checkpoint_executor/mod.rs[0m[2m:[0m[2m332:[0m Received checkpoint summary from state sync [3msequence_number[0m[2m=[0m146
[2m2025-03-25T07:54:34.578595Z[0m [32m INFO[0m [1mnode[0m[1m{[0m[3mname[0m[2m=[0mk#99f25ef6..[1m}[0m[2m:[0m [2msui_core::checkpoints[0m[2m:[0m [2mcrates/sui-core/src/checkpoints/mod.rs[0m[2m:[0m[2m1326:[0m Creating checkpoint(s) for 1 transactions [3mnext_checkpoint_seq[0m[2m=[0m149 [3mcheckpoint_timestamp[0m[2m=[0m1742889273842
[2m2025-03-25T07:54:34.578796Z[0m [32m INFO[0m [1mnode[0m[1m{[0m[3mname[0m[2m=[0mk#99f25ef6..[1m}[0m[2m:[0m [2msui_core::checkpoints::checkpoint_output[0m[2m:[0m [2mcrates/sui-core/src/checkpoints/checkpoint_output.rs[0m[2m:[0m[2m149:[0m Creating checkpoint CheckpointDigest(GM9bi91Vba7EtTieoPk33qLh8VA7iqcsFwamCdGKrBa2) at epoch 0, sequence 149, previous digest Some(CheckpointDigest(5r52wEDsj1Eq51dJYUCbVampjb7BHZXvfJBQA2jH65jH)), transactions count 1, content digest CheckpointContentsDigest(461sfMrBnH2L5FeW9pfdAE2Xpv31znxhrwL8WYtrXVJ7), end_of_epoch_data None
[2m2025-03-25T07:54:34.595191Z[0m [32m INFO[0m [1mnode[0m[1m{[0m[3mname[0m[2m=[0mk#addeef94..[1m}[0m[2m:[0m [2msui_core::checkpoints::checkpoint_executor[0m[2m:[0m [2mcrates/sui-core/src/checkpoints/checkpoint_executor/mod.rs[0m[2m:[0m[2m332:[0m Received checkpoint summary from state sync [3msequence_number[0m[2m=[0m146
[2m2025-03-25T07:54:34.595333Z[0m [32m INFO[0m [1mnode[0m[1m{[0m[3mname[0m[2m=[0mk#addeef94..[1m}[0m[2m:[0m [2msui_core::checkpoints::checkpoint_executor[0m[2m:[0m [2mcrates/sui-core/src/checkpoints/checkpoint_executor/mod.rs[0m[2m:[0m[2m332:[0m Received checkpoint summary from state sync [3msequence_number[0m[2m=[0m147
[2m2025-03-25T07:54:34.596635Z[0m [32m INFO[0m [1mnode[0m[1m{[0m[3mname[0m[2m=[0mk#addeef94..[1m}[0m[2m:[0m [2msui_core::state_accumulator[0m[2m:[0m [2mcrates/sui-core/src/state_accumulator.rs[0m[2m:[0m[2m675:[0m accumulating running root for checkpoint 146
[2m2025-03-25T07:54:34.597089Z[0m [32m INFO[0m [1mnode[0m[1m{[0m[3mname[0m[2m=[0mk#addeef94..[1m}[0m[2m:[0m [2msui_core::state_accumulator[0m[2m:[0m [2mcrates/sui-core/src/state_accumulator.rs[0m[2m:[0m[2m675:[0m accumulating running root for checkpoint 147
[2m2025-03-25T07:54:34.604401Z[0m [32m INFO[0m [1mnode[0m[1m{[0m[3mname[0m[2m=[0mk#b3f3cbb4..[1m}[0m[2m:[0m [2msui_core::state_accumulator[0m[2m:[0m [2mcrates/sui-core/src/state_accumulator.rs[0m[2m:[0m[2m675:[0m accumulating running root for checkpoint 146
[2m2025-03-25T07:54:34.607328Z[0m [32m INFO[0m [1mnode[0m[1m{[0m[3mname[0m[2m=[0mk#addeef94..[1m}[0m[2m:[0m [2mconsensus_core::core[0m[2m:[0m [2mconsensus/core/src/core.rs[0m[2m:[0m[2m531:[0m Created block B82(C,UVPG2J7SGiBIAMIoOW65+3KAaRGZBRBhAkfM1qT29Fs=)(1742889274607ms;[B81(C,CjMOw/FovvyZ50WnxO568ZCucAIz1RPQ9ijz6MIx5Nk=), B81(A,UB2OBEKmcNBv+7olDbtFHILvSuG5H0zUmS7CAZZAots=), B81(B,21a3T7vjex1RDWjd0wfQOv+oIK0Iw7rmAq0TTDExHSk=)];2t;1c) for round 82
[2m2025-03-25T07:54:34.609822Z[0m [32m INFO[0m [1mnode[0m[1m{[0m[3mname[0m[2m=[0mk#8dcff6d1..[1m}[0m[2m:[0m [2mconsensus_core::core[0m[2m:[0m [2mconsensus/core/src/core.rs[0m[2m:[0m[2m531:[0m Created block B82(A,gpwic9XUnGhqQmbhjIG18EXWqtq3FIu09xZkPDl89KQ=)(1742889274609ms;[B81(A,UB2OBEKmcNBv+7olDbtFHILvSuG5H0zUmS7CAZZAots=), B81(B,21a3T7vjex1RDWjd0wfQOv+oIK0Iw7rmAq0TTDExHSk=), B81(C,CjMOw/FovvyZ50WnxO568ZCucAIz1RPQ9ijz6MIx5Nk=)];2t;1c) for round 82
[2m2025-03-25T07:54:34.610000Z[0m [32m INFO[0m [1mnode[0m[1m{[0m[3mname[0m[2m=[0mk#8dcff6d1..[1m}[0m[2m:[0m [2mconsensus_core::core[0m[2m:[0m [2mconsensus/core/src/core.rs[0m[2m:[0m[2m630:[0m Committing 1 leaders: B80(A,wpLi)
[2m2025-03-25T07:54:34.610088Z[0m [32m INFO[0m [1mnode[0m[1m{[0m[3mname[0m[2m=[0mk#8dcff6d1..[1m}[0m[2m:[0m [2mconsensus_core::commit_observer[0m[2m:[0m [2mconsensus/core/src/commit_observer.rs[0m[2m:[0m[2m173:[0m Consensus commit C79(/HgN) with leader B80(A,wpLi) has 3 blocks
[2m2025-03-25T07:54:34.610205Z[0m [32m INFO[0m [1mnode[0m[1m{[0m[3mname[0m[2m=[0mk#99f25ef6..[1m}[0m[2m:[0m [2mconsensus_core::core[0m[2m:[0m [2mconsensus/core/src/core.rs[0m[2m:[0m[2m531:[0m Created block B82(B,kVWG+UYfNzi+t2Z7D9TsGc/c0Kc5UsuEWw3qsoTEoyc=)(1742889274609ms;[B81(B,21a3T7vjex1RDWjd0wfQOv+oIK0Iw7rmAq0TTDExHSk=), B81(A,UB2OBEKmcNBv+7olDbtFHILvSuG5H0zUmS7CAZZAots=), B81(C,CjMOw/FovvyZ50WnxO568ZCucAIz1RPQ9ijz6MIx5Nk=)];2t;1c) for round 82
[2m2025-03-25T07:54:34.610282Z[0m [32m INFO[0m [1mnode[0m[1m{[0m[3mname[0m[2m=[0mk#99f25ef6..[1m}[0m[2m:[0m [2mconsensus_core::core[0m[2m:[0m [2mconsensus/core/src/core.rs[0m[2m:[0m[2m630:[0m Committing 1 leaders: B80(A,wpLi)
[2m2025-03-25T07:54:34.610346Z[0m [32m INFO[0m [1mnode[0m[1m{[0m[3mname[0m[2m=[0mk#99f25ef6..[1m}[0m[2m:[0m [2mconsensus_core::commit_observer[0m[2m:[0m [2mconsensus/core/src/commit_observer.rs[0m[2m:[0m[2m173:[0m Consensus commit C79(/HgN) with leader B80(A,wpLi) has 3 blocks
[2m2025-03-25T07:54:34.610429Z[0m [32m INFO[0m [1mnode[0m[1m{[0m[3mname[0m[2m=[0mk#99f25ef6..[1m}[0m[2m:[0m [2msui_core::consensus_handler[0m[2m:[0m [2mcrates/sui-core/src/consensus_handler.rs[0m[2m:[0m[2m232:[0m Received consensus output [3mconsensus_commit[0m[2m=[0mCommittedSubDag(leader=B80(A,wpLi), ref=C79(/HgN), blocks=[iopP, kJ6/, wpLi]) [3mepoch[0m[2m=[0m0
[2m2025-03-25T07:54:34.610429Z[0m [32m INFO[0m [1mnode[0m[1m{[0m[3mname[0m[2m=[0mk#8dcff6d1..[1m}[0m[2m:[0m [2msui_core::consensus_handler[0m[2m:[0m [2mcrates/sui-core/src/consensus_handler.rs[0m[2m:[0m[2m232:[0m Received consensus output [3mconsensus_commit[0m[2m=[0mCommittedSubDag(leader=B80(A,wpLi), ref=C79(/HgN), blocks=[iopP, kJ6/, wpLi]) [3mepoch[0m[2m=[0m0
[2m2025-03-25T07:54:34.613980Z[0m [32m INFO[0m [1mnode[0m[1m{[0m[3mname[0m[2m=[0mk#addeef94..[1m}[0m[2m:[0m [2mconsensus_core::core[0m[2m:[0m [2mconsensus/core/src/core.rs[0m[2m:[0m[2m630:[0m Committing 1 leaders: B80(A,wpLi)
[2m2025-03-25T07:54:34.614075Z[0m [32m INFO[0m [1mnode[0m[1m{[0m[3mname[0m[2m=[0mk#addeef94..[1m}[0m[2m:[0m [2mconsensus_core::commit_observer[0m[2m:[0m [2mconsensus/core/src/commit_observer.rs[0m[2m:[0m[2m173:[0m Consensus commit C79(/HgN) with leader B80(A,wpLi) has 3 blocks
[2m2025-03-25T07:54:34.614150Z[0m [32m INFO[0m [1mnode[0m[1m{[0m[3mname[0m[2m=[0mk#addeef94..[1m}[0m[2m:[0m [2msui_core::consensus_handler[0m[2m:[0m [2mcrates/sui-core/src/consensus_handler.rs[0m[2m:[0m[2m232:[0m Received consensus output [3mconsensus_commit[0m[2m=[0mCommittedSubDag(leader=B80(A,wpLi), ref=C79(/HgN), blocks=[iopP, kJ6/, wpLi]) [3mepoch[0m[2m=[0m0
[2m2025-03-25T07:54:34.615281Z[0m [32m INFO[0m [1mnode[0m[1m{[0m[3mname[0m[2m=[0mk#b3f3cbb4..[1m}[0m[2m:[0m [2msui_core::checkpoints::checkpoint_executor[0m[2m:[0m [2mcrates/sui-core/src/checkpoints/checkpoint_executor/mod.rs[0m[2m:[0m[2m332:[0m Received checkpoint summary from state sync [3msequence_number[0m[2m=[0m147
[2m2025-03-25T07:54:34.682903Z[0m [32m INFO[0m [1mnode[0m[1m{[0m[3mname[0m[2m=[0mk#b3f3cbb4..[1m}[0m[2m:[0m [2msui_core::state_accumulator[0m[2m:[0m [2mcrates/sui-core/src/state_accumulator.rs[0m[2m:[0m[2m675:[0m accumulating running root for checkpoint 147
[2m2025-03-25T07:54:34.722113Z[0m [32m INFO[0m [1mnode[0m[1m{[0m[3mname[0m[2m=[0mk#99f25ef6..[1m}[0m[2m:[0m [2msui_core::checkpoints[0m[2m:[0m [2mcrates/sui-core/src/checkpoints/mod.rs[0m[2m:[0m[2m1326:[0m Creating checkpoint(s) for 1 transactions [3mnext_checkpoint_seq[0m[2m=[0m150 [3mcheckpoint_timestamp[0m[2m=[0m1742889274098
[2m2025-03-25T07:54:34.722360Z[0m [32m INFO[0m [1mnode[0m[1m{[0m[3mname[0m[2m=[0mk#99f25ef6..[1m}[0m[2m:[0m [2msui_core::checkpoints::checkpoint_output[0m[2m:[0m [2mcrates/sui-core/src/checkpoints/checkpoint_output.rs[0m[2m:[0m[2m149:[0m Creating checkpoint CheckpointDigest(D1cYiJ8KjqNvZmotnRR1qkkqG4GaLneg4kFtTKPsAyBC) at epoch 0, sequence 150, previous digest Some(CheckpointDigest(GM9bi91Vba7EtTieoPk33qLh8VA7iqcsFwamCdGKrBa2)), transactions count 1, content digest CheckpointContentsDigest(A31o6cdoaGyUrQoZdTvhM85tmAbst4u65RBgzAcLaEuL), end_of_epoch_data None
[2m2025-03-25T07:54:34.723292Z[0m [32m INFO[0m [1mnode[0m[1m{[0m[3mname[0m[2m=[0mk#addeef94..[1m}[0m[2m:[0m [2msui_core::checkpoints[0m[2m:[0m [2mcrates/sui-core/src/checkpoints/mod.rs[0m[2m:[0m[2m1326:[0m Creating checkpoint(s) for 1 transactions [3mnext_checkpoint_seq[0m[2m=[0m150 [3mcheckpoint_timestamp[0m[2m=[0m1742889274098
[2m2025-03-25T07:54:34.723396Z[0m [32m INFO[0m [1mnode[0m[1m{[0m[3mname[0m[2m=[0mk#8dcff6d1..[1m}[0m[2m:[0m [2msui_core::checkpoints[0m[2m:[0m [2mcrates/sui-core/src/checkpoints/mod.rs[0m[2m:[0m[2m1326:[0m Creating checkpoint(s) for 1 transactions [3mnext_checkpoint_seq[0m[2m=[0m150 [3mcheckpoint_timestamp[0m[2m=[0m1742889274098
[2m2025-03-25T07:54:34.723472Z[0m [32m INFO[0m [1mnode[0m[1m{[0m[3mname[0m[2m=[0mk#addeef94..[1m}[0m[2m:[0m [2msui_core::checkpoints::checkpoint_output[0m[2m:[0m [2mcrates/sui-core/src/checkpoints/checkpoint_output.rs[0m[2m:[0m[2m149:[0m Creating checkpoint CheckpointDigest(D1cYiJ8KjqNvZmotnRR1qkkqG4GaLneg4kFtTKPsAyBC) at epoch 0, sequence 150, previous digest Some(CheckpointDigest(GM9bi91Vba7EtTieoPk33qLh8VA7iqcsFwamCdGKrBa2)), transactions count 1, content digest CheckpointContentsDigest(A31o6cdoaGyUrQoZdTvhM85tmAbst4u65RBgzAcLaEuL), end_of_epoch_data None
[2m2025-03-25T07:54:34.723562Z[0m [32m INFO[0m [1mnode[0m[1m{[0m[3mname[0m[2m=[0mk#8dcff6d1..[1m}[0m[2m:[0m [2msui_core::checkpoints::checkpoint_output[0m[2m:[0m [2mcrates/sui-core/src/checkpoints/checkpoint_output.rs[0m[2m:[0m[2m149:[0m Creating checkpoint CheckpointDigest(D1cYiJ8KjqNvZmotnRR1qkkqG4GaLneg4kFtTKPsAyBC) at epoch 0, sequence 150, previous digest Some(CheckpointDigest(GM9bi91Vba7EtTieoPk33qLh8VA7iqcsFwamCdGKrBa2)), transactions count 1, content digest CheckpointContentsDigest(A31o6cdoaGyUrQoZdTvhM85tmAbst4u65RBgzAcLaEuL), end_of_epoch_data None
[2m2025-03-25T07:54:34.729662Z[0m [32m INFO[0m [1mnode[0m[1m{[0m[3mname[0m[2m=[0mk#99f25ef6..[1m}[0m[2m:[0m [2msui_core::checkpoints::checkpoint_output[0m[2m:[0m [2mcrates/sui-core/src/checkpoints/checkpoint_output.rs[0m[2m:[0m[2m196:[0m Certified checkpoint with sequence 148 and digest 5r52wEDsj1Eq51dJYUCbVampjb7BHZXvfJBQA2jH65jH
[2m2025-03-25T07:54:34.729689Z[0m [32m INFO[0m [1mnode[0m[1m{[0m[3mname[0m[2m=[0mk#99f25ef6..[1m}[0m[2m:[0m [2msui_core::checkpoints::checkpoint_output[0m[2m:[0m [2mcrates/sui-core/src/checkpoints/checkpoint_output.rs[0m[2m:[0m[2m196:[0m Certified checkpoint with sequence 149 and digest GM9bi91Vba7EtTieoPk33qLh8VA7iqcsFwamCdGKrBa2
[2m2025-03-25T07:54:34.730089Z[0m [32m INFO[0m [1mnode[0m[1m{[0m[3mname[0m[2m=[0mk#8dcff6d1..[1m}[0m[2m:[0m [2msui_core::checkpoints::checkpoint_output[0m[2m:[0m [2mcrates/sui-core/src/checkpoints/checkpoint_output.rs[0m[2m:[0m[2m196:[0m Certified checkpoint with sequence 148 and digest 5r52wEDsj1Eq51dJYUCbVampjb7BHZXvfJBQA2jH65jH
[2m2025-03-25T07:54:34.730108Z[0m [32m INFO[0m [1mnode[0m[1m{[0m[3mname[0m[2m=[0mk#8dcff6d1..[1m}[0m[2m:[0m [2msui_core::checkpoints::checkpoint_output[0m[2m:[0m [2mcrates/sui-core/src/checkpoints/checkpoint_output.rs[0m[2m:[0m[2m196:[0m Certified checkpoint with sequence 149 and digest GM9bi91Vba7EtTieoPk33qLh8VA7iqcsFwamCdGKrBa2
[2m2025-03-25T07:54:34.730583Z[0m [32m INFO[0m [1mnode[0m[1m{[0m[3mname[0m[2m=[0mk#99f25ef6..[1m}[0m[2m:[0m [2msui_core::checkpoints::checkpoint_executor[0m[2m:[0m [2mcrates/sui-core/src/checkpoints/checkpoint_executor/mod.rs[0m[2m:[0m[2m332:[0m Received checkpoint summary from state sync [3msequence_number[0m[2m=[0m148
[2m2025-03-25T07:54:34.730715Z[0m [32m INFO[0m [1mnode[0m[1m{[0m[3mname[0m[2m=[0mk#99f25ef6..[1m}[0m[2m:[0m [2msui_core::checkpoints::checkpoint_executor[0m[2m:[0m [2mcrates/sui-core/src/checkpoints/checkpoint_executor/mod.rs[0m[2m:[0m[2m332:[0m Received checkpoint summary from state sync [3msequence_number[0m[2m=[0m149
[2m2025-03-25T07:54:34.730925Z[0m [32m INFO[0m [1mnode[0m[1m{[0m[3mname[0m[2m=[0mk#8dcff6d1..[1m}[0m[2m:[0m [2msui_core::checkpoints::checkpoint_executor[0m[2m:[0m [2mcrates/sui-core/src/checkpoints/checkpoint_executor/mod.rs[0m[2m:[0m[2m332:[0m Received checkpoint summary from state sync [3msequence_number[0m[2m=[0m148
[2m2025-03-25T07:54:34.731044Z[0m [32m INFO[0m [1mnode[0m[1m{[0m[3mname[0m[2m=[0mk#8dcff6d1..[1m}[0m[2m:[0m [2msui_core::checkpoints::checkpoint_executor[0m[2m:[0m [2mcrates/sui-core/src/checkpoints/checkpoint_executor/mod.rs[0m[2m:[0m[2m332:[0m Received checkpoint summary from state sync [3msequence_number[0m[2m=[0m149
[2m2025-03-25T07:54:34.732716Z[0m [32m INFO[0m [1mnode[0m[1m{[0m[3mname[0m[2m=[0mk#99f25ef6..[1m}[0m[2m:[0m [2msui_core::state_accumulator[0m[2m:[0m [2mcrates/sui-core/src/state_accumulator.rs[0m[2m:[0m[2m675:[0m accumulating running root for checkpoint 148
[2m2025-03-25T07:54:34.732730Z[0m [32m INFO[0m [1mnode[0m[1m{[0m[3mname[0m[2m=[0mk#8dcff6d1..[1m}[0m[2m:[0m [2msui_core::state_accumulator[0m[2m:[0m [2mcrates/sui-core/src/state_accumulator.rs[0m[2m:[0m[2m675:[0m accumulating running root for checkpoint 148
[2m2025-03-25T07:54:34.733165Z[0m [32m INFO[0m [1mnode[0m[1m{[0m[3mname[0m[2m=[0mk#8dcff6d1..[1m}[0m[2m:[0m [2msui_core::state_accumulator[0m[2m:[0m [2mcrates/sui-core/src/state_accumulator.rs[0m[2m:[0m[2m675:[0m accumulating running root for checkpoint 149
[2m2025-03-25T07:54:34.733172Z[0m [32m INFO[0m [1mnode[0m[1m{[0m[3mname[0m[2m=[0mk#99f25ef6..[1m}[0m[2m:[0m [2msui_core::state_accumulator[0m[2m:[0m [2mcrates/sui-core/src/state_accumulator.rs[0m[2m:[0m[2m675:[0m accumulating running root for checkpoint 149
[2m2025-03-25T07:54:34.841170Z[0m [32m INFO[0m [1mnode[0m[1m{[0m[3mname[0m[2m=[0mk#addeef94..[1m}[0m[2m:[0m [2msui_core::checkpoints[0m[2m:[0m [2mcrates/sui-core/src/checkpoints/mod.rs[0m[2m:[0m[2m1326:[0m Creating checkpoint(s) for 1 transactions [3mnext_checkpoint_seq[0m[2m=[0m151 [3mcheckpoint_timestamp[0m[2m=[0m1742889274098
[2m2025-03-25T07:54:34.841420Z[0m [32m INFO[0m [1mnode[0m[1m{[0m[3mname[0m[2m=[0mk#addeef94..[1m}[0m[2m:[0m [2msui_core::checkpoints::checkpoint_output[0m[2m:[0m [2mcrates/sui-core/src/checkpoints/checkpoint_output.rs[0m[2m:[0m[2m149:[0m Creating checkpoint CheckpointDigest(AxcfYNCp9YYmBhjKM1fXnNtPJJ3oWurRi2LWhYKdVYaG) at epoch 0, sequence 151, previous digest Some(CheckpointDigest(D1cYiJ8KjqNvZmotnRR1qkkqG4GaLneg4kFtTKPsAyBC)), transactions count 1, content digest CheckpointContentsDigest(EazKhWWGtAu6mCDSbVfLv5dop1uxrKYcFdYMurv8zo3a), end_of_epoch_data None
[2m2025-03-25T07:54:34.843586Z[0m [32m INFO[0m [1mnode[0m[1m{[0m[3mname[0m[2m=[0mk#99f25ef6..[1m}[0m[2m:[0m [2msui_core::checkpoints[0m[2m:[0m [2mcrates/sui-core/src/checkpoints/mod.rs[0m[2m:[0m[2m1326:[0m Creating checkpoint(s) for 1 transactions [3mnext_checkpoint_seq[0m[2m=[0m151 [3mcheckpoint_timestamp[0m[2m=[0m1742889274098
[2m2025-03-25T07:54:34.843777Z[0m [32m INFO[0m [1mnode[0m[1m{[0m[3mname[0m[2m=[0mk#99f25ef6..[1m}[0m[2m:[0m [2msui_core::checkpoints::checkpoint_output[0m[2m:[0m [2mcrates/sui-core/src/checkpoints/checkpoint_output.rs[0m[2m:[0m[2m149:[0m Creating checkpoint CheckpointDigest(AxcfYNCp9YYmBhjKM1fXnNtPJJ3oWurRi2LWhYKdVYaG) at epoch 0, sequence 151, previous digest Some(CheckpointDigest(D1cYiJ8KjqNvZmotnRR1qkkqG4GaLneg4kFtTKPsAyBC)), transactions count 1, content digest CheckpointContentsDigest(EazKhWWGtAu6mCDSbVfLv5dop1uxrKYcFdYMurv8zo3a), end_of_epoch_data None
[2m2025-03-25T07:54:34.844118Z[0m [32m INFO[0m [1mnode[0m[1m{[0m[3mname[0m[2m=[0mk#8dcff6d1..[1m}[0m[2m:[0m [2msui_core::checkpoints[0m[2m:[0m [2mcrates/sui-core/src/checkpoints/mod.rs[0m[2m:[0m[2m1326:[0m Creating checkpoint(s) for 1 transactions [3mnext_checkpoint_seq[0m[2m=[0m151 [3mcheckpoint_timestamp[0m[2m=[0m1742889274098
[2m2025-03-25T07:54:34.844296Z[0m [32m INFO[0m [1mnode[0m[1m{[0m[3mname[0m[2m=[0mk#8dcff6d1..[1m}[0m[2m:[0m [2msui_core::checkpoints::checkpoint_output[0m[2m:[0m [2mcrates/sui-core/src/checkpoints/checkpoint_output.rs[0m[2m:[0m[2m149:[0m Creating checkpoint CheckpointDigest(AxcfYNCp9YYmBhjKM1fXnNtPJJ3oWurRi2LWhYKdVYaG) at epoch 0, sequence 151, previous digest Some(CheckpointDigest(D1cYiJ8KjqNvZmotnRR1qkkqG4GaLneg4kFtTKPsAyBC)), transactions count 1, content digest CheckpointContentsDigest(EazKhWWGtAu6mCDSbVfLv5dop1uxrKYcFdYMurv8zo3a), end_of_epoch_data None
[2m2025-03-25T07:54:34.844680Z[0m [32m INFO[0m [1mnode[0m[1m{[0m[3mname[0m[2m=[0mk#addeef94..[1m}[0m[2m:[0m [2msui_core::checkpoints::checkpoint_executor[0m[2m:[0m [2mcrates/sui-core/src/checkpoints/checkpoint_executor/mod.rs[0m[2m:[0m[2m332:[0m Received checkpoint summary from state sync [3msequence_number[0m[2m=[0m148
[2m2025-03-25T07:54:34.844814Z[0m [32m INFO[0m [1mnode[0m[1m{[0m[3mname[0m[2m=[0mk#addeef94..[1m}[0m[2m:[0m [2msui_core::checkpoints::checkpoint_executor[0m[2m:[0m [2mcrates/sui-core/src/checkpoints/checkpoint_executor/mod.rs[0m[2m:[0m[2m332:[0m Received checkpoint summary from state sync [3msequence_number[0m[2m=[0m149
[2m2025-03-25T07:54:34.846070Z[0m [32m INFO[0m [1mnode[0m[1m{[0m[3mname[0m[2m=[0mk#addeef94..[1m}[0m[2m:[0m [2msui_core::state_accumulator[0m[2m:[0m [2mcrates/sui-core/src/state_accumulator.rs[0m[2m:[0m[2m675:[0m accumulating running root for checkpoint 148
[2m2025-03-25T07:54:34.846523Z[0m [32m INFO[0m [1mnode[0m[1m{[0m[3mname[0m[2m=[0mk#addeef94..[1m}[0m[2m:[0m [2msui_core::state_accumulator[0m[2m:[0m [2mcrates/sui-core/src/state_accumulator.rs[0m[2m:[0m[2m675:[0m accumulating running root for checkpoint 149
[2m2025-03-25T07:54:34.846877Z[0m [32m INFO[0m [1mnode[0m[1m{[0m[3mname[0m[2m=[0mk#b3f3cbb4..[1m}[0m[2m:[0m [2msui_core::checkpoints::checkpoint_executor[0m[2m:[0m [2mcrates/sui-core/src/checkpoints/checkpoint_executor/mod.rs[0m[2m:[0m[2m332:[0m Received checkpoint summary from state sync [3msequence_number[0m[2m=[0m148
[2m2025-03-25T07:54:34.847016Z[0m [32m INFO[0m [1mnode[0m[1m{[0m[3mname[0m[2m=[0mk#b3f3cbb4..[1m}[0m[2m:[0m [2msui_core::checkpoints::checkpoint_executor[0m[2m:[0m [2mcrates/sui-core/src/checkpoints/checkpoint_executor/mod.rs[0m[2m:[0m[2m332:[0m Received checkpoint summary from state sync [3msequence_number[0m[2m=[0m149
[2m2025-03-25T07:54:34.862674Z[0m [32m INFO[0m [1mnode[0m[1m{[0m[3mname[0m[2m=[0mk#8dcff6d1..[1m}[0m[2m:[0m [2mconsensus_core::core[0m[2m:[0m [2mconsensus/core/src/core.rs[0m[2m:[0m[2m531:[0m Created block B83(A,TLxvN0XAu3FdV+DEXAq+gmdbVJZOP6gaVBrU/k586ac=)(1742889274862ms;[B82(A,gpwic9XUnGhqQmbhjIG18EXWqtq3FIu09xZkPDl89KQ=), B82(B,kVWG+UYfNzi+t2Z7D9TsGc/c0Kc5UsuEWw3qsoTEoyc=), B82(C,UVPG2J7SGiBIAMIoOW65+3KAaRGZBRBhAkfM1qT29Fs=)];4t;1c) for round 83
[2m2025-03-25T07:54:34.863369Z[0m [32m INFO[0m [1mnode[0m[1m{[0m[3mname[0m[2m=[0mk#99f25ef6..[1m}[0m[2m:[0m [2mconsensus_core::core[0m[2m:[0m [2mconsensus/core/src/core.rs[0m[2m:[0m[2m531:[0m Created block B83(B,iKrYvrWFLL0tXVN131z9P2UD1gjpvub35ORO3UnPTtw=)(1742889274863ms;[B82(B,kVWG+UYfNzi+t2Z7D9TsGc/c0Kc5UsuEWw3qsoTEoyc=), B82(A,gpwic9XUnGhqQmbhjIG18EXWqtq3FIu09xZkPDl89KQ=), B82(C,UVPG2J7SGiBIAMIoOW65+3KAaRGZBRBhAkfM1qT29Fs=)];3t;1c) for round 83
[2m2025-03-25T07:54:34.866189Z[0m [32m INFO[0m [1mnode[0m[1m{[0m[3mname[0m[2m=[0mk#addeef94..[1m}[0m[2m:[0m [2mconsensus_core::core[0m[2m:[0m [2mconsensus/core/src/core.rs[0m[2m:[0m[2m531:[0m Created block B83(C,mZRMgCeAGKVHDkZ5DN2MFa/GjYIwVcGV220ZL22Rx0s=)(1742889274865ms;[B82(C,UVPG2J7SGiBIAMIoOW65+3KAaRGZBRBhAkfM1qT29Fs=), B82(A,gpwic9XUnGhqQmbhjIG18EXWqtq3FIu09xZkPDl89KQ=), B82(B,kVWG+UYfNzi+t2Z7D9TsGc/c0Kc5UsuEWw3qsoTEoyc=)];4t;1c) for round 83
[2m2025-03-25T07:54:34.866270Z[0m [32m INFO[0m [1mnode[0m[1m{[0m[3mname[0m[2m=[0mk#addeef94..[1m}[0m[2m:[0m [2mconsensus_core::core[0m[2m:[0m [2mconsensus/core/src/core.rs[0m[2m:[0m[2m630:[0m Committing 1 leaders: B81(B,21a3)
[2m2025-03-25T07:54:34.866339Z[0m [32m INFO[0m [1mnode[0m[1m{[0m[3mname[0m[2m=[0mk#addeef94..[1m}[0m[2m:[0m [2mconsensus_core::commit_observer[0m[2m:[0m [2mconsensus/core/src/commit_observer.rs[0m[2m:[0m[2m173:[0m Consensus commit C80(JieS) with leader B81(B,21a3) has 3 blocks
[2m2025-03-25T07:54:34.866449Z[0m [32m INFO[0m [1mnode[0m[1m{[0m[3mname[0m[2m=[0mk#addeef94..[1m}[0m[2m:[0m [2msui_core::consensus_handler[0m[2m:[0m [2mcrates/sui-core/src/consensus_handler.rs[0m[2m:[0m[2m232:[0m Received consensus output [3mconsensus_commit[0m[2m=[0mCommittedSubDag(leader=B81(B,21a3), ref=C80(JieS), blocks=[OO3e, v4uD, 21a3]) [3mepoch[0m[2m=[0m0
[2m2025-03-25T07:54:34.869577Z[0m [32m INFO[0m [1mnode[0m[1m{[0m[3mname[0m[2m=[0mk#99f25ef6..[1m}[0m[2m:[0m [2mconsensus_core::core[0m[2m:[0m [2mconsensus/core/src/core.rs[0m[2m:[0m[2m630:[0m Committing 1 leaders: B81(B,21a3)
[2m2025-03-25T07:54:34.869595Z[0m [32m INFO[0m [1mnode[0m[1m{[0m[3mname[0m[2m=[0mk#8dcff6d1..[1m}[0m[2m:[0m [2mconsensus_core::core[0m[2m:[0m [2mconsensus/core/src/core.rs[0m[2m:[0m[2m630:[0m Committing 1 leaders: B81(B,21a3)
[2m2025-03-25T07:54:34.869662Z[0m [32m INFO[0m [1mnode[0m[1m{[0m[3mname[0m[2m=[0mk#99f25ef6..[1m}[0m[2m:[0m [2mconsensus_core::commit_observer[0m[2m:[0m [2mconsensus/core/src/commit_observer.rs[0m[2m:[0m[2m173:[0m Consensus commit C80(JieS) with leader B81(B,21a3) has 3 blocks
[2m2025-03-25T07:54:34.869683Z[0m [32m INFO[0m [1mnode[0m[1m{[0m[3mname[0m[2m=[0mk#8dcff6d1..[1m}[0m[2m:[0m [2mconsensus_core::commit_observer[0m[2m:[0m [2mconsensus/core/src/commit_observer.rs[0m[2m:[0m[2m173:[0m Consensus commit C80(JieS) with leader B81(B,21a3) has 3 blocks
[2m2025-03-25T07:54:34.869733Z[0m [32m INFO[0m [1mnode[0m[1m{[0m[3mname[0m[2m=[0mk#99f25ef6..[1m}[0m[2m:[0m [2msui_core::consensus_handler[0m[2m:[0m [2mcrates/sui-core/src/consensus_handler.rs[0m[2m:[0m[2m232:[0m Received consensus output [3mconsensus_commit[0m[2m=[0mCommittedSubDag(leader=B81(B,21a3), ref=C80(JieS), blocks=[OO3e, v4uD, 21a3]) [3mepoch[0m[2m=[0m0
[2m2025-03-25T07:54:34.869755Z[0m [32m INFO[0m [1mnode[0m[1m{[0m[3mname[0m[2m=[0mk#8dcff6d1..[1m}[0m[2m:[0m [2msui_core::consensus_handler[0m[2m:[0m [2mcrates/sui-core/src/consensus_handler.rs[0m[2m:[0m[2m232:[0m Received consensus output [3mconsensus_commit[0m[2m=[0mCommittedSubDag(leader=B81(B,21a3), ref=C80(JieS), blocks=[OO3e, v4uD, 21a3]) [3mepoch[0m[2m=[0m0
[2m2025-03-25T07:54:34.937405Z[0m [32m INFO[0m [1mnode[0m[1m{[0m[3mname[0m[2m=[0mk#b3f3cbb4..[1m}[0m[2m:[0m [2msui_core::state_accumulator[0m[2m:[0m [2mcrates/sui-core/src/state_accumulator.rs[0m[2m:[0m[2m675:[0m accumulating running root for checkpoint 148
[2m2025-03-25T07:54:34.937901Z[0m [32m INFO[0m [1mnode[0m[1m{[0m[3mname[0m[2m=[0mk#b3f3cbb4..[1m}[0m[2m:[0m [2msui_core::state_accumulator[0m[2m:[0m [2mcrates/sui-core/src/state_accumulator.rs[0m[2m:[0m[2m675:[0m accumulating running root for checkpoint 149
[2m2025-03-25T07:54:34.958814Z[0m [32m INFO[0m [1mnode[0m[1m{[0m[3mname[0m[2m=[0mk#8dcff6d1..[1m}[0m[2m:[0m [2msui_core::checkpoints[0m[2m:[0m [2mcrates/sui-core/src/checkpoints/mod.rs[0m[2m:[0m[2m1326:[0m Creating checkpoint(s) for 1 transactions [3mnext_checkpoint_seq[0m[2m=[0m152 [3mcheckpoint_timestamp[0m[2m=[0m1742889274351
[2m2025-03-25T07:54:34.958814Z[0m [32m INFO[0m [1mnode[0m[1m{[0m[3mname[0m[2m=[0mk#addeef94..[1m}[0m[2m:[0m [2msui_core::checkpoints[0m[2m:[0m [2mcrates/sui-core/src/checkpoints/mod.rs[0m[2m:[0m[2m1326:[0m Creating checkpoint(s) for 1 transactions [3mnext_checkpoint_seq[0m[2m=[0m152 [3mcheckpoint_timestamp[0m[2m=[0m1742889274351
[2m2025-03-25T07:54:34.959036Z[0m [32m INFO[0m [1mnode[0m[1m{[0m[3mname[0m[2m=[0mk#8dcff6d1..[1m}[0m[2m:[0m [2msui_core::checkpoints::checkpoint_output[0m[2m:[0m [2mcrates/sui-core/src/checkpoints/checkpoint_output.rs[0m[2m:[0m[2m149:[0m Creating checkpoint CheckpointDigest(3cSTPXFwE5EhiryGcwiDETJ4mcLNRZkb1Ussa83ce41F) at epoch 0, sequence 152, previous digest Some(CheckpointDigest(AxcfYNCp9YYmBhjKM1fXnNtPJJ3oWurRi2LWhYKdVYaG)), transactions count 1, content digest CheckpointContentsDigest(FUQff8ZYGdeP1weoVva4SEo82s15qeb7QaiSmkd7of7C), end_of_epoch_data None
[2m2025-03-25T07:54:34.959036Z[0m [32m INFO[0m [1mnode[0m[1m{[0m[3mname[0m[2m=[0mk#addeef94..[1m}[0m[2m:[0m [2msui_core::checkpoints::checkpoint_output[0m[2m:[0m [2mcrates/sui-core/src/checkpoints/checkpoint_output.rs[0m[2m:[0m[2m149:[0m Creating checkpoint CheckpointDigest(3cSTPXFwE5EhiryGcwiDETJ4mcLNRZkb1Ussa83ce41F) at epoch 0, sequence 152, previous digest Some(CheckpointDigest(AxcfYNCp9YYmBhjKM1fXnNtPJJ3oWurRi2LWhYKdVYaG)), transactions count 1, content digest CheckpointContentsDigest(FUQff8ZYGdeP1weoVva4SEo82s15qeb7QaiSmkd7of7C), end_of_epoch_data None
[2m2025-03-25T07:54:34.959959Z[0m [32m INFO[0m [1mnode[0m[1m{[0m[3mname[0m[2m=[0mk#99f25ef6..[1m}[0m[2m:[0m [2msui_core::checkpoints[0m[2m:[0m [2mcrates/sui-core/src/checkpoints/mod.rs[0m[2m:[0m[2m1326:[0m Creating checkpoint(s) for 1 transactions [3mnext_checkpoint_seq[0m[2m=[0m152 [3mcheckpoint_timestamp[0m[2m=[0m1742889274351
[2m2025-03-25T07:54:34.960122Z[0m [32m INFO[0m [1mnode[0m[1m{[0m[3mname[0m[2m=[0mk#99f25ef6..[1m}[0m[2m:[0m [2msui_core::checkpoints::checkpoint_output[0m[2m:[0m [2mcrates/sui-core/src/checkpoints/checkpoint_output.rs[0m[2m:[0m[2m149:[0m Creating checkpoint CheckpointDigest(3cSTPXFwE5EhiryGcwiDETJ4mcLNRZkb1Ussa83ce41F) at epoch 0, sequence 152, previous digest Some(CheckpointDigest(AxcfYNCp9YYmBhjKM1fXnNtPJJ3oWurRi2LWhYKdVYaG)), transactions count 1, content digest CheckpointContentsDigest(FUQff8ZYGdeP1weoVva4SEo82s15qeb7QaiSmkd7of7C), end_of_epoch_data None
[2m2025-03-25T07:54:34.963853Z[0m [32m INFO[0m [1mnode[0m[1m{[0m[3mname[0m[2m=[0mk#8dcff6d1..[1m}[0m[2m:[0m [2msui_core::checkpoints::checkpoint_output[0m[2m:[0m [2mcrates/sui-core/src/checkpoints/checkpoint_output.rs[0m[2m:[0m[2m196:[0m Certified checkpoint with sequence 150 and digest D1cYiJ8KjqNvZmotnRR1qkkqG4GaLneg4kFtTKPsAyBC
[2m2025-03-25T07:54:34.963876Z[0m [32m INFO[0m [1mnode[0m[1m{[0m[3mname[0m[2m=[0mk#8dcff6d1..[1m}[0m[2m:[0m [2msui_core::checkpoints::checkpoint_output[0m[2m:[0m [2mcrates/sui-core/src/checkpoints/checkpoint_output.rs[0m[2m:[0m[2m196:[0m Certified checkpoint with sequence 151 and digest AxcfYNCp9YYmBhjKM1fXnNtPJJ3oWurRi2LWhYKdVYaG
[2m2025-03-25T07:54:34.964737Z[0m [32m INFO[0m [1mnode[0m[1m{[0m[3mname[0m[2m=[0mk#8dcff6d1..[1m}[0m[2m:[0m [2msui_core::checkpoints::checkpoint_executor[0m[2m:[0m [2mcrates/sui-core/src/checkpoints/checkpoint_executor/mod.rs[0m[2m:[0m[2m332:[0m Received checkpoint summary from state sync [3msequence_number[0m[2m=[0m150
[2m2025-03-25T07:54:34.964842Z[0m [32m INFO[0m [1mnode[0m[1m{[0m[3mname[0m[2m=[0mk#99f25ef6..[1m}[0m[2m:[0m [2msui_core::checkpoints::checkpoint_output[0m[2m:[0m [2mcrates/sui-core/src/checkpoints/checkpoint_output.rs[0m[2m:[0m[2m196:[0m Certified checkpoint with sequence 150 and digest D1cYiJ8KjqNvZmotnRR1qkkqG4GaLneg4kFtTKPsAyBC
[2m2025-03-25T07:54:34.964864Z[0m [32m INFO[0m [1mnode[0m[1m{[0m[3mname[0m[2m=[0mk#8dcff6d1..[1m}[0m[2m:[0m [2msui_core::checkpoints::checkpoint_executor[0m[2m:[0m [2mcrates/sui-core/src/checkpoints/checkpoint_executor/mod.rs[0m[2m:[0m[2m332:[0m Received checkpoint summary from state sync [3msequence_number[0m[2m=[0m151
[2m2025-03-25T07:54:34.964861Z[0m [32m INFO[0m [1mnode[0m[1m{[0m[3mname[0m[2m=[0mk#99f25ef6..[1m}[0m[2m:[0m [2msui_core::checkpoints::checkpoint_output[0m[2m:[0m [2mcrates/sui-core/src/checkpoints/checkpoint_output.rs[0m[2m:[0m[2m196:[0m Certified checkpoint with sequence 151 and digest AxcfYNCp9YYmBhjKM1fXnNtPJJ3oWurRi2LWhYKdVYaG
[2m2025-03-25T07:54:34.965710Z[0m [32m INFO[0m [1mnode[0m[1m{[0m[3mname[0m[2m=[0mk#99f25ef6..[1m}[0m[2m:[0m [2msui_core::checkpoints::checkpoint_executor[0m[2m:[0m [2mcrates/sui-core/src/checkpoints/checkpoint_executor/mod.rs[0m[2m:[0m[2m332:[0m Received checkpoint summary from state sync [3msequence_number[0m[2m=[0m150
[2m2025-03-25T07:54:34.965826Z[0m [32m INFO[0m [1mnode[0m[1m{[0m[3mname[0m[2m=[0mk#99f25ef6..[1m}[0m[2m:[0m [2msui_core::checkpoints::checkpoint_executor[0m[2m:[0m [2mcrates/sui-core/src/checkpoints/checkpoint_executor/mod.rs[0m[2m:[0m[2m332:[0m Received checkpoint summary from state sync [3msequence_number[0m[2m=[0m151
[2m2025-03-25T07:54:34.966738Z[0m [32m INFO[0m [1mnode[0m[1m{[0m[3mname[0m[2m=[0mk#8dcff6d1..[1m}[0m[2m:[0m [2msui_core::state_accumulator[0m[2m:[0m [2mcrates/sui-core/src/state_accumulator.rs[0m[2m:[0m[2m675:[0m accumulating running root for checkpoint 150
[2m2025-03-25T07:54:34.967190Z[0m [32m INFO[0m [1mnode[0m[1m{[0m[3mname[0m[2m=[0mk#8dcff6d1..[1m}[0m[2m:[0m [2msui_core::state_accumulator[0m[2m:[0m [2mcrates/sui-core/src/state_accumulator.rs[0m[2m:[0m[2m675:[0m accumulating running root for checkpoint 151
[2m2025-03-25T07:54:34.967546Z[0m [32m INFO[0m [1mnode[0m[1m{[0m[3mname[0m[2m=[0mk#99f25ef6..[1m}[0m[2m:[0m [2msui_core::state_accumulator[0m[2m:[0m [2mcrates/sui-core/src/state_accumulator.rs[0m[2m:[0m[2m675:[0m accumulating running root for checkpoint 150
[2m2025-03-25T07:54:34.967973Z[0m [32m INFO[0m [1mnode[0m[1m{[0m[3mname[0m[2m=[0mk#99f25ef6..[1m}[0m[2m:[0m [2msui_core::state_accumulator[0m[2m:[0m [2mcrates/sui-core/src/state_accumulator.rs[0m[2m:[0m[2m675:[0m accumulating running root for checkpoint 151
[2m2025-03-25T07:54:35.075588Z[0m [32m INFO[0m [1mnode[0m[1m{[0m[3mname[0m[2m=[0mk#addeef94..[1m}[0m[2m:[0m [2msui_core::checkpoints[0m[2m:[0m [2mcrates/sui-core/src/checkpoints/mod.rs[0m[2m:[0m[2m1326:[0m Creating checkpoint(s) for 1 transactions [3mnext_checkpoint_seq[0m[2m=[0m153 [3mcheckpoint_timestamp[0m[2m=[0m1742889274351
[2m2025-03-25T07:54:35.075847Z[0m [32m INFO[0m [1mnode[0m[1m{[0m[3mname[0m[2m=[0mk#addeef94..[1m}[0m[2m:[0m [2msui_core::checkpoints::checkpoint_output[0m[2m:[0m [2mcrates/sui-core/src/checkpoints/checkpoint_output.rs[0m[2m:[0m[2m149:[0m Creating checkpoint CheckpointDigest(7mCm1PHoCCU3LLYPU6wB8vGAKz7ZCCxX34s4tW14keLS) at epoch 0, sequence 153, previous digest Some(CheckpointDigest(3cSTPXFwE5EhiryGcwiDETJ4mcLNRZkb1Ussa83ce41F)), transactions count 1, content digest CheckpointContentsDigest(GtkHCBtw5YPAgMeCKMRYpJ5RTXRrTaDDGHsHrb8Wu13p), end_of_epoch_data None
[2m2025-03-25T07:54:35.077117Z[0m [32m INFO[0m [1mnode[0m[1m{[0m[3mname[0m[2m=[0mk#99f25ef6..[1m}[0m[2m:[0m [2msui_core::checkpoints[0m[2m:[0m [2mcrates/sui-core/src/checkpoints/mod.rs[0m[2m:[0m[2m1326:[0m Creating checkpoint(s) for 1 transactions [3mnext_checkpoint_seq[0m[2m=[0m153 [3mcheckpoint_timestamp[0m[2m=[0m1742889274351
[2m2025-03-25T07:54:35.077310Z[0m [32m INFO[0m [1mnode[0m[1m{[0m[3mname[0m[2m=[0mk#99f25ef6..[1m}[0m[2m:[0m [2msui_core::checkpoints::checkpoint_output[0m[2m:[0m [2mcrates/sui-core/src/checkpoints/checkpoint_output.rs[0m[2m:[0m[2m149:[0m Creating checkpoint CheckpointDigest(7mCm1PHoCCU3LLYPU6wB8vGAKz7ZCCxX34s4tW14keLS) at epoch 0, sequence 153, previous digest Some(CheckpointDigest(3cSTPXFwE5EhiryGcwiDETJ4mcLNRZkb1Ussa83ce41F)), transactions count 1, content digest CheckpointContentsDigest(GtkHCBtw5YPAgMeCKMRYpJ5RTXRrTaDDGHsHrb8Wu13p), end_of_epoch_data None
[2m2025-03-25T07:54:35.077550Z[0m [32m INFO[0m [1mnode[0m[1m{[0m[3mname[0m[2m=[0mk#8dcff6d1..[1m}[0m[2m:[0m [2msui_core::checkpoints[0m[2m:[0m [2mcrates/sui-core/src/checkpoints/mod.rs[0m[2m:[0m[2m1326:[0m Creating checkpoint(s) for 1 transactions [3mnext_checkpoint_seq[0m[2m=[0m153 [3mcheckpoint_timestamp[0m[2m=[0m1742889274351
[2m2025-03-25T07:54:35.077732Z[0m [32m INFO[0m [1mnode[0m[1m{[0m[3mname[0m[2m=[0mk#8dcff6d1..[1m}[0m[2m:[0m [2msui_core::checkpoints::checkpoint_output[0m[2m:[0m [2mcrates/sui-core/src/checkpoints/checkpoint_output.rs[0m[2m:[0m[2m149:[0m Creating checkpoint CheckpointDigest(7mCm1PHoCCU3LLYPU6wB8vGAKz7ZCCxX34s4tW14keLS) at epoch 0, sequence 153, previous digest Some(CheckpointDigest(3cSTPXFwE5EhiryGcwiDETJ4mcLNRZkb1Ussa83ce41F)), transactions count 1, content digest CheckpointContentsDigest(GtkHCBtw5YPAgMeCKMRYpJ5RTXRrTaDDGHsHrb8Wu13p), end_of_epoch_data None
[2m2025-03-25T07:54:35.079576Z[0m [32m INFO[0m [1mnode[0m[1m{[0m[3mname[0m[2m=[0mk#addeef94..[1m}[0m[2m:[0m [2msui_core::checkpoints::checkpoint_executor[0m[2m:[0m [2mcrates/sui-core/src/checkpoints/checkpoint_executor/mod.rs[0m[2m:[0m[2m332:[0m Received checkpoint summary from state sync [3msequence_number[0m[2m=[0m150
[2m2025-03-25T07:54:35.079714Z[0m [32m INFO[0m [1mnode[0m[1m{[0m[3mname[0m[2m=[0mk#addeef94..[1m}[0m[2m:[0m [2msui_core::checkpoints::checkpoint_executor[0m[2m:[0m [2mcrates/sui-core/src/checkpoints/checkpoint_executor/mod.rs[0m[2m:[0m[2m332:[0m Received checkpoint summary from state sync [3msequence_number[0m[2m=[0m151
[2m2025-03-25T07:54:35.080808Z[0m [32m INFO[0m [1mnode[0m[1m{[0m[3mname[0m[2m=[0mk#b3f3cbb4..[1m}[0m[2m:[0m [2msui_core::checkpoints::checkpoint_executor[0m[2m:[0m [2mcrates/sui-core/src/checkpoints/checkpoint_executor/mod.rs[0m[2m:[0m[2m332:[0m Received checkpoint summary from state sync [3msequence_number[0m[2m=[0m150
[2m2025-03-25T07:54:35.080934Z[0m [32m INFO[0m [1mnode[0m[1m{[0m[3mname[0m[2m=[0mk#b3f3cbb4..[1m}[0m[2m:[0m [2msui_core::checkpoints::checkpoint_executor[0m[2m:[0m [2mcrates/sui-core/src/checkpoints/checkpoint_executor/mod.rs[0m[2m:[0m[2m332:[0m Received checkpoint summary from state sync [3msequence_number[0m[2m=[0m151
[2m2025-03-25T07:54:35.080968Z[0m [32m INFO[0m [1mnode[0m[1m{[0m[3mname[0m[2m=[0mk#addeef94..[1m}[0m[2m:[0m [2msui_core::state_accumulator[0m[2m:[0m [2mcrates/sui-core/src/state_accumulator.rs[0m[2m:[0m[2m675:[0m accumulating running root for checkpoint 150
[2m2025-03-25T07:54:35.081404Z[0m [32m INFO[0m [1mnode[0m[1m{[0m[3mname[0m[2m=[0mk#addeef94..[1m}[0m[2m:[0m [2msui_core::state_accumulator[0m[2m:[0m [2mcrates/sui-core/src/state_accumulator.rs[0m[2m:[0m[2m675:[0m accumulating running root for checkpoint 151
[2m2025-03-25T07:54:35.119596Z[0m [32m INFO[0m [1mnode[0m[1m{[0m[3mname[0m[2m=[0mk#addeef94..[1m}[0m[2m:[0m [2mconsensus_core::core[0m[2m:[0m [2mconsensus/core/src/core.rs[0m[2m:[0m[2m531:[0m Created block B84(C,j2kXxzqB7on0fjBrXvgScPIDJSq95m3KuKYWR21ujUY=)(1742889275119ms;[B83(C,mZRMgCeAGKVHDkZ5DN2MFa/GjYIwVcGV220ZL22Rx0s=), B83(A,TLxvN0XAu3FdV+DEXAq+gmdbVJZOP6gaVBrU/k586ac=), B83(B,iKrYvrWFLL0tXVN131z9P2UD1gjpvub35ORO3UnPTtw=)];2t;1c) for round 84
[2m2025-03-25T07:54:35.122281Z[0m [32m INFO[0m [1mnode[0m[1m{[0m[3mname[0m[2m=[0mk#99f25ef6..[1m}[0m[2m:[0m [2mconsensus_core::core[0m[2m:[0m [2mconsensus/core/src/core.rs[0m[2m:[0m[2m531:[0m Created block B84(B,n6gOhJGu9qsVzVloBt47E7/RzSwUkmHzJ89fARyDNRM=)(1742889275122ms;[B83(B,iKrYvrWFLL0tXVN131z9P2UD1gjpvub35ORO3UnPTtw=), B83(A,TLxvN0XAu3FdV+DEXAq+gmdbVJZOP6gaVBrU/k586ac=), B83(C,mZRMgCeAGKVHDkZ5DN2MFa/GjYIwVcGV220ZL22Rx0s=)];2t;1c) for round 84
[2m2025-03-25T07:54:35.122282Z[0m [32m INFO[0m [1mnode[0m[1m{[0m[3mname[0m[2m=[0mk#8dcff6d1..[1m}[0m[2m:[0m [2mconsensus_core::core[0m[2m:[0m [2mconsensus/core/src/core.rs[0m[2m:[0m[2m531:[0m Created block B84(A,MD43qCZZWUxQ5ju1nrQ+2cU3+L7NDGKF0UdZ1hJiKSk=)(1742889275122ms;[B83(A,TLxvN0XAu3FdV+DEXAq+gmdbVJZOP6gaVBrU/k586ac=), B83(B,iKrYvrWFLL0tXVN131z9P2UD1gjpvub35ORO3UnPTtw=), B83(C,mZRMgCeAGKVHDkZ5DN2MFa/GjYIwVcGV220ZL22Rx0s=)];2t;1c) for round 84
[2m2025-03-25T07:54:35.122366Z[0m [32m INFO[0m [1mnode[0m[1m{[0m[3mname[0m[2m=[0mk#8dcff6d1..[1m}[0m[2m:[0m [2mconsensus_core::core[0m[2m:[0m [2mconsensus/core/src/core.rs[0m[2m:[0m[2m630:[0m Committing 1 leaders: B82(B,kVWG)
[2m2025-03-25T07:54:35.122366Z[0m [32m INFO[0m [1mnode[0m[1m{[0m[3mname[0m[2m=[0mk#99f25ef6..[1m}[0m[2m:[0m [2mconsensus_core::core[0m[2m:[0m [2mconsensus/core/src/core.rs[0m[2m:[0m[2m630:[0m Committing 1 leaders: B82(B,kVWG)
[2m2025-03-25T07:54:35.122436Z[0m [32m INFO[0m [1mnode[0m[1m{[0m[3mname[0m[2m=[0mk#99f25ef6..[1m}[0m[2m:[0m [2mconsensus_core::commit_observer[0m[2m:[0m [2mconsensus/core/src/commit_observer.rs[0m[2m:[0m[2m173:[0m Consensus commit C81(A5rh) with leader B82(B,kVWG) has 3 blocks
[2m2025-03-25T07:54:35.122436Z[0m [32m INFO[0m [1mnode[0m[1m{[0m[3mname[0m[2m=[0mk#8dcff6d1..[1m}[0m[2m:[0m [2mconsensus_core::commit_observer[0m[2m:[0m [2mconsensus/core/src/commit_observer.rs[0m[2m:[0m[2m173:[0m Consensus commit C81(A5rh) with leader B82(B,kVWG) has 3 blocks
[2m2025-03-25T07:54:35.122524Z[0m [32m INFO[0m [1mnode[0m[1m{[0m[3mname[0m[2m=[0mk#99f25ef6..[1m}[0m[2m:[0m [2msui_core::consensus_handler[0m[2m:[0m [2mcrates/sui-core/src/consensus_handler.rs[0m[2m:[0m[2m232:[0m Received consensus output [3mconsensus_commit[0m[2m=[0mCommittedSubDag(leader=B82(B,kVWG), ref=C81(A5rh), blocks=[UB2O, CjMO, kVWG]) [3mepoch[0m[2m=[0m0
[2m2025-03-25T07:54:35.122524Z[0m [32m INFO[0m [1mnode[0m[1m{[0m[3mname[0m[2m=[0mk#8dcff6d1..[1m}[0m[2m:[0m [2msui_core::consensus_handler[0m[2m:[0m [2mcrates/sui-core/src/consensus_handler.rs[0m[2m:[0m[2m232:[0m Received consensus output [3mconsensus_commit[0m[2m=[0mCommittedSubDag(leader=B82(B,kVWG), ref=C81(A5rh), blocks=[UB2O, CjMO, kVWG]) [3mepoch[0m[2m=[0m0
[2m2025-03-25T07:54:35.125495Z[0m [32m INFO[0m [1mnode[0m[1m{[0m[3mname[0m[2m=[0mk#addeef94..[1m}[0m[2m:[0m [2mconsensus_core::core[0m[2m:[0m [2mconsensus/core/src/core.rs[0m[2m:[0m[2m630:[0m Committing 1 leaders: B82(B,kVWG)
[2m2025-03-25T07:54:35.125583Z[0m [32m INFO[0m [1mnode[0m[1m{[0m[3mname[0m[2m=[0mk#addeef94..[1m}[0m[2m:[0m [2mconsensus_core::commit_observer[0m[2m:[0m [2mconsensus/core/src/commit_observer.rs[0m[2m:[0m[2m173:[0m Consensus commit C81(A5rh) with leader B82(B,kVWG) has 3 blocks
[2m2025-03-25T07:54:35.125654Z[0m [32m INFO[0m [1mnode[0m[1m{[0m[3mname[0m[2m=[0mk#addeef94..[1m}[0m[2m:[0m [2msui_core::consensus_handler[0m[2m:[0m [2mcrates/sui-core/src/consensus_handler.rs[0m[2m:[0m[2m232:[0m Received consensus output [3mconsensus_commit[0m[2m=[0mCommittedSubDag(leader=B82(B,kVWG), ref=C81(A5rh), blocks=[UB2O, CjMO, kVWG]) [3mepoch[0m[2m=[0m0
[2m2025-03-25T07:54:35.170051Z[0m [32m INFO[0m [1mnode[0m[1m{[0m[3mname[0m[2m=[0mk#b3f3cbb4..[1m}[0m[2m:[0m [2msui_core::state_accumulator[0m[2m:[0m [2mcrates/sui-core/src/state_accumulator.rs[0m[2m:[0m[2m675:[0m accumulating running root for checkpoint 150
[2m2025-03-25T07:54:35.170523Z[0m [32m INFO[0m [1mnode[0m[1m{[0m[3mname[0m[2m=[0mk#b3f3cbb4..[1m}[0m[2m:[0m [2msui_core::state_accumulator[0m[2m:[0m [2mcrates/sui-core/src/state_accumulator.rs[0m[2m:[0m[2m675:[0m accumulating running root for checkpoint 151
[2m2025-03-25T07:54:35.225971Z[0m [32m INFO[0m [1mnode[0m[1m{[0m[3mname[0m[2m=[0mk#99f25ef6..[1m}[0m[2m:[0m [2msui_core::checkpoints[0m[2m:[0m [2mcrates/sui-core/src/checkpoints/mod.rs[0m[2m:[0m[2m1326:[0m Creating checkpoint(s) for 1 transactions [3mnext_checkpoint_seq[0m[2m=[0m154 [3mcheckpoint_timestamp[0m[2m=[0m1742889274609
[2m2025-03-25T07:54:35.225971Z[0m [32m INFO[0m [1mnode[0m[1m{[0m[3mname[0m[2m=[0mk#8dcff6d1..[1m}[0m[2m:[0m [2msui_core::checkpoints[0m[2m:[0m [2mcrates/sui-core/src/checkpoints/mod.rs[0m[2m:[0m[2m1326:[0m Creating checkpoint(s) for 1 transactions [3mnext_checkpoint_seq[0m[2m=[0m154 [3mcheckpoint_timestamp[0m[2m=[0m1742889274609
[2m2025-03-25T07:54:35.226213Z[0m [32m INFO[0m [1mnode[0m[1m{[0m[3mname[0m[2m=[0mk#99f25ef6..[1m}[0m[2m:[0m [2msui_core::checkpoints::checkpoint_output[0m[2m:[0m [2mcrates/sui-core/src/checkpoints/checkpoint_output.rs[0m[2m:[0m[2m149:[0m Creating checkpoint CheckpointDigest(FYwo2tsdjpxUZoMGUo6MSi7LU9iLGo2c121aMA66x5Wr) at epoch 0, sequence 154, previous digest Some(CheckpointDigest(7mCm1PHoCCU3LLYPU6wB8vGAKz7ZCCxX34s4tW14keLS)), transactions count 1, content digest CheckpointContentsDigest(BeMTyJzBUmEgEHZbtPHL9xKHrnVGNHJYZsDNPLmKvE17), end_of_epoch_data None
[2m2025-03-25T07:54:35.226213Z[0m [32m INFO[0m [1mnode[0m[1m{[0m[3mname[0m[2m=[0mk#8dcff6d1..[1m}[0m[2m:[0m [2msui_core::checkpoints::checkpoint_output[0m[2m:[0m [2mcrates/sui-core/src/checkpoints/checkpoint_output.rs[0m[2m:[0m[2m149:[0m Creating checkpoint CheckpointDigest(FYwo2tsdjpxUZoMGUo6MSi7LU9iLGo2c121aMA66x5Wr) at epoch 0, sequence 154, previous digest Some(CheckpointDigest(7mCm1PHoCCU3LLYPU6wB8vGAKz7ZCCxX34s4tW14keLS)), transactions count 1, content digest CheckpointContentsDigest(BeMTyJzBUmEgEHZbtPHL9xKHrnVGNHJYZsDNPLmKvE17), end_of_epoch_data None
[2m2025-03-25T07:54:35.226770Z[0m [32m INFO[0m [1mnode[0m[1m{[0m[3mname[0m[2m=[0mk#addeef94..[1m}[0m[2m:[0m [2msui_core::checkpoints[0m[2m:[0m [2mcrates/sui-core/src/checkpoints/mod.rs[0m[2m:[0m[2m1326:[0m Creating checkpoint(s) for 1 transactions [3mnext_checkpoint_seq[0m[2m=[0m154 [3mcheckpoint_timestamp[0m[2m=[0m1742889274609
[2m2025-03-25T07:54:35.226933Z[0m [32m INFO[0m [1mnode[0m[1m{[0m[3mname[0m[2m=[0mk#addeef94..[1m}[0m[2m:[0m [2msui_core::checkpoints::checkpoint_output[0m[2m:[0m [2mcrates/sui-core/src/checkpoints/checkpoint_output.rs[0m[2m:[0m[2m149:[0m Creating checkpoint CheckpointDigest(FYwo2tsdjpxUZoMGUo6MSi7LU9iLGo2c121aMA66x5Wr) at epoch 0, sequence 154, previous digest Some(CheckpointDigest(7mCm1PHoCCU3LLYPU6wB8vGAKz7ZCCxX34s4tW14keLS)), transactions count 1, content digest CheckpointContentsDigest(BeMTyJzBUmEgEHZbtPHL9xKHrnVGNHJYZsDNPLmKvE17), end_of_epoch_data None
[2m2025-03-25T07:54:35.230890Z[0m [32m INFO[0m [1mnode[0m[1m{[0m[3mname[0m[2m=[0mk#8dcff6d1..[1m}[0m[2m:[0m [2msui_core::checkpoints::checkpoint_output[0m[2m:[0m [2mcrates/sui-core/src/checkpoints/checkpoint_output.rs[0m[2m:[0m[2m196:[0m Certified checkpoint with sequence 152 and digest 3cSTPXFwE5EhiryGcwiDETJ4mcLNRZkb1Ussa83ce41F
[2m2025-03-25T07:54:35.230908Z[0m [32m INFO[0m [1mnode[0m[1m{[0m[3mname[0m[2m=[0mk#99f25ef6..[1m}[0m[2m:[0m [2msui_core::checkpoints::checkpoint_output[0m[2m:[0m [2mcrates/sui-core/src/checkpoints/checkpoint_output.rs[0m[2m:[0m[2m196:[0m Certified checkpoint with sequence 152 and digest 3cSTPXFwE5EhiryGcwiDETJ4mcLNRZkb1Ussa83ce41F
[2m2025-03-25T07:54:35.230914Z[0m [32m INFO[0m [1mnode[0m[1m{[0m[3mname[0m[2m=[0mk#8dcff6d1..[1m}[0m[2m:[0m [2msui_core::checkpoints::checkpoint_output[0m[2m:[0m [2mcrates/sui-core/src/checkpoints/checkpoint_output.rs[0m[2m:[0m[2m196:[0m Certified checkpoint with sequence 153 and digest 7mCm1PHoCCU3LLYPU6wB8vGAKz7ZCCxX34s4tW14keLS
[2m2025-03-25T07:54:35.230927Z[0m [32m INFO[0m [1mnode[0m[1m{[0m[3mname[0m[2m=[0mk#99f25ef6..[1m}[0m[2m:[0m [2msui_core::checkpoints::checkpoint_output[0m[2m:[0m [2mcrates/sui-core/src/checkpoints/checkpoint_output.rs[0m[2m:[0m[2m196:[0m Certified checkpoint with sequence 153 and digest 7mCm1PHoCCU3LLYPU6wB8vGAKz7ZCCxX34s4tW14keLS
[2m2025-03-25T07:54:35.231808Z[0m [32m INFO[0m [1mnode[0m[1m{[0m[3mname[0m[2m=[0mk#8dcff6d1..[1m}[0m[2m:[0m [2msui_core::checkpoints::checkpoint_executor[0m[2m:[0m [2mcrates/sui-core/src/checkpoints/checkpoint_executor/mod.rs[0m[2m:[0m[2m332:[0m Received checkpoint summary from state sync [3msequence_number[0m[2m=[0m152
[2m2025-03-25T07:54:35.231825Z[0m [32m INFO[0m [1mnode[0m[1m{[0m[3mname[0m[2m=[0mk#99f25ef6..[1m}[0m[2m:[0m [2msui_core::checkpoints::checkpoint_executor[0m[2m:[0m [2mcrates/sui-core/src/checkpoints/checkpoint_executor/mod.rs[0m[2m:[0m[2m332:[0m Received checkpoint summary from state sync [3msequence_number[0m[2m=[0m152
[2m2025-03-25T07:54:35.231943Z[0m [32m INFO[0m [1mnode[0m[1m{[0m[3mname[0m[2m=[0mk#8dcff6d1..[1m}[0m[2m:[0m [2msui_core::checkpoints::checkpoint_executor[0m[2m:[0m [2mcrates/sui-core/src/checkpoints/checkpoint_executor/mod.rs[0m[2m:[0m[2m332:[0m Received checkpoint summary from state sync [3msequence_number[0m[2m=[0m153
[2m2025-03-25T07:54:35.231943Z[0m [32m INFO[0m [1mnode[0m[1m{[0m[3mname[0m[2m=[0mk#99f25ef6..[1m}[0m[2m:[0m [2msui_core::checkpoints::checkpoint_executor[0m[2m:[0m [2mcrates/sui-core/src/checkpoints/checkpoint_executor/mod.rs[0m[2m:[0m[2m332:[0m Received checkpoint summary from state sync [3msequence_number[0m[2m=[0m153
[2m2025-03-25T07:54:35.233903Z[0m [32m INFO[0m [1mnode[0m[1m{[0m[3mname[0m[2m=[0mk#8dcff6d1..[1m}[0m[2m:[0m [2msui_core::state_accumulator[0m[2m:[0m [2mcrates/sui-core/src/state_accumulator.rs[0m[2m:[0m[2m675:[0m accumulating running root for checkpoint 152
[2m2025-03-25T07:54:35.233903Z[0m [32m INFO[0m [1mnode[0m[1m{[0m[3mname[0m[2m=[0mk#99f25ef6..[1m}[0m[2m:[0m [2msui_core::state_accumulator[0m[2m:[0m [2mcrates/sui-core/src/state_accumulator.rs[0m[2m:[0m[2m675:[0m accumulating running root for checkpoint 152
[2m2025-03-25T07:54:35.234361Z[0m [32m INFO[0m [1mnode[0m[1m{[0m[3mname[0m[2m=[0mk#8dcff6d1..[1m}[0m[2m:[0m [2msui_core::state_accumulator[0m[2m:[0m [2mcrates/sui-core/src/state_accumulator.rs[0m[2m:[0m[2m675:[0m accumulating running root for checkpoint 153
[2m2025-03-25T07:54:35.234364Z[0m [32m INFO[0m [1mnode[0m[1m{[0m[3mname[0m[2m=[0mk#99f25ef6..[1m}[0m[2m:[0m [2msui_core::state_accumulator[0m[2m:[0m [2mcrates/sui-core/src/state_accumulator.rs[0m[2m:[0m[2m675:[0m accumulating running root for checkpoint 153
[2m2025-03-25T07:54:35.340468Z[0m [32m INFO[0m [1mnode[0m[1m{[0m[3mname[0m[2m=[0mk#addeef94..[1m}[0m[2m:[0m [2msui_core::checkpoints[0m[2m:[0m [2mcrates/sui-core/src/checkpoints/mod.rs[0m[2m:[0m[2m1326:[0m Creating checkpoint(s) for 1 transactions [3mnext_checkpoint_seq[0m[2m=[0m155 [3mcheckpoint_timestamp[0m[2m=[0m1742889274609
[2m2025-03-25T07:54:35.340717Z[0m [32m INFO[0m [1mnode[0m[1m{[0m[3mname[0m[2m=[0mk#addeef94..[1m}[0m[2m:[0m [2msui_core::checkpoints::checkpoint_output[0m[2m:[0m [2mcrates/sui-core/src/checkpoints/checkpoint_output.rs[0m[2m:[0m[2m149:[0m Creating checkpoint CheckpointDigest(PBaEAv28DmaJwmvBF1M9L12F1uF5JthGHX4PxrTeszN) at epoch 0, sequence 155, previous digest Some(CheckpointDigest(FYwo2tsdjpxUZoMGUo6MSi7LU9iLGo2c121aMA66x5Wr)), transactions count 1, content digest CheckpointContentsDigest(4PmzfJv3WH1sizc3ioYUijHiJ3VRFsy3qvwSyMwVtpqe), end_of_epoch_data None
[2m2025-03-25T07:54:35.344881Z[0m [32m INFO[0m [1mnode[0m[1m{[0m[3mname[0m[2m=[0mk#99f25ef6..[1m}[0m[2m:[0m [2msui_core::checkpoints[0m[2m:[0m [2mcrates/sui-core/src/checkpoints/mod.rs[0m[2m:[0m[2m1326:[0m Creating checkpoint(s) for 1 transactions [3mnext_checkpoint_seq[0m[2m=[0m155 [3mcheckpoint_timestamp[0m[2m=[0m1742889274609
[2m2025-03-25T07:54:35.345019Z[0m [32m INFO[0m [1mnode[0m[1m{[0m[3mname[0m[2m=[0mk#8dcff6d1..[1m}[0m[2m:[0m [2msui_core::checkpoints[0m[2m:[0m [2mcrates/sui-core/src/checkpoints/mod.rs[0m[2m:[0m[2m1326:[0m Creating checkpoint(s) for 1 transactions [3mnext_checkpoint_seq[0m[2m=[0m155 [3mcheckpoint_timestamp[0m[2m=[0m1742889274609
[2m2025-03-25T07:54:35.345082Z[0m [32m INFO[0m [1mnode[0m[1m{[0m[3mname[0m[2m=[0mk#99f25ef6..[1m}[0m[2m:[0m [2msui_core::checkpoints::checkpoint_output[0m[2m:[0m [2mcrates/sui-core/src/checkpoints/checkpoint_output.rs[0m[2m:[0m[2m149:[0m Creating checkpoint CheckpointDigest(PBaEAv28DmaJwmvBF1M9L12F1uF5JthGHX4PxrTeszN) at epoch 0, sequence 155, previous digest Some(CheckpointDigest(FYwo2tsdjpxUZoMGUo6MSi7LU9iLGo2c121aMA66x5Wr)), transactions count 1, content digest CheckpointContentsDigest(4PmzfJv3WH1sizc3ioYUijHiJ3VRFsy3qvwSyMwVtpqe), end_of_epoch_data None
[2m2025-03-25T07:54:35.345199Z[0m [32m INFO[0m [1mnode[0m[1m{[0m[3mname[0m[2m=[0mk#8dcff6d1..[1m}[0m[2m:[0m [2msui_core::checkpoints::checkpoint_output[0m[2m:[0m [2mcrates/sui-core/src/checkpoints/checkpoint_output.rs[0m[2m:[0m[2m149:[0m Creating checkpoint CheckpointDigest(PBaEAv28DmaJwmvBF1M9L12F1uF5JthGHX4PxrTeszN) at epoch 0, sequence 155, previous digest Some(CheckpointDigest(FYwo2tsdjpxUZoMGUo6MSi7LU9iLGo2c121aMA66x5Wr)), transactions count 1, content digest CheckpointContentsDigest(4PmzfJv3WH1sizc3ioYUijHiJ3VRFsy3qvwSyMwVtpqe), end_of_epoch_data None
[2m2025-03-25T07:54:35.346383Z[0m [32m INFO[0m [1mnode[0m[1m{[0m[3mname[0m[2m=[0mk#addeef94..[1m}[0m[2m:[0m [2msui_core::checkpoints::checkpoint_executor[0m[2m:[0m [2mcrates/sui-core/src/checkpoints/checkpoint_executor/mod.rs[0m[2m:[0m[2m332:[0m Received checkpoint summary from state sync [3msequence_number[0m[2m=[0m152
[2m2025-03-25T07:54:35.346517Z[0m [32m INFO[0m [1mnode[0m[1m{[0m[3mname[0m[2m=[0mk#addeef94..[1m}[0m[2m:[0m [2msui_core::checkpoints::checkpoint_executor[0m[2m:[0m [2mcrates/sui-core/src/checkpoints/checkpoint_executor/mod.rs[0m[2m:[0m[2m332:[0m Received checkpoint summary from state sync [3msequence_number[0m[2m=[0m153
[2m2025-03-25T07:54:35.347349Z[0m [32m INFO[0m [1mnode[0m[1m{[0m[3mname[0m[2m=[0mk#b3f3cbb4..[1m}[0m[2m:[0m [2msui_core::checkpoints::checkpoint_executor[0m[2m:[0m [2mcrates/sui-core/src/checkpoints/checkpoint_executor/mod.rs[0m[2m:[0m[2m332:[0m Received checkpoint summary from state sync [3msequence_number[0m[2m=[0m152
[2m2025-03-25T07:54:35.347473Z[0m [32m INFO[0m [1mnode[0m[1m{[0m[3mname[0m[2m=[0mk#b3f3cbb4..[1m}[0m[2m:[0m [2msui_core::checkpoints::checkpoint_executor[0m[2m:[0m [2mcrates/sui-core/src/checkpoints/checkpoint_executor/mod.rs[0m[2m:[0m[2m332:[0m Received checkpoint summary from state sync [3msequence_number[0m[2m=[0m153
[2m2025-03-25T07:54:35.347894Z[0m [32m INFO[0m [1mnode[0m[1m{[0m[3mname[0m[2m=[0mk#addeef94..[1m}[0m[2m:[0m [2msui_core::state_accumulator[0m[2m:[0m [2mcrates/sui-core/src/state_accumulator.rs[0m[2m:[0m[2m675:[0m accumulating running root for checkpoint 152
[2m2025-03-25T07:54:35.348324Z[0m [32m INFO[0m [1mnode[0m[1m{[0m[3mname[0m[2m=[0mk#addeef94..[1m}[0m[2m:[0m [2msui_core::state_accumulator[0m[2m:[0m [2mcrates/sui-core/src/state_accumulator.rs[0m[2m:[0m[2m675:[0m accumulating running root for checkpoint 153
[2m2025-03-25T07:54:35.375471Z[0m [32m INFO[0m [1mnode[0m[1m{[0m[3mname[0m[2m=[0mk#8dcff6d1..[1m}[0m[2m:[0m [2mconsensus_core::core[0m[2m:[0m [2mconsensus/core/src/core.rs[0m[2m:[0m[2m531:[0m Created block B85(A,thHaXD+vEaZi3Van1BtvLDEozI0jQxCq8w6vlgBaC7Q=)(1742889275375ms;[B84(A,MD43qCZZWUxQ5ju1nrQ+2cU3+L7NDGKF0UdZ1hJiKSk=), B84(B,n6gOhJGu9qsVzVloBt47E7/RzSwUkmHzJ89fARyDNRM=), B84(C,j2kXxzqB7on0fjBrXvgScPIDJSq95m3KuKYWR21ujUY=)];2t;1c) for round 85
[2m2025-03-25T07:54:35.375471Z[0m [32m INFO[0m [1mnode[0m[1m{[0m[3mname[0m[2m=[0mk#99f25ef6..[1m}[0m[2m:[0m [2mconsensus_core::core[0m[2m:[0m [2mconsensus/core/src/core.rs[0m[2m:[0m[2m531:[0m Created block B85(B,EempnW+3ZgMk9QBHIUL/lnA0yZcuUdk7aYKvqUq2Cmc=)(1742889275375ms;[B84(B,n6gOhJGu9qsVzVloBt47E7/RzSwUkmHzJ89fARyDNRM=), B84(A,MD43qCZZWUxQ5ju1nrQ+2cU3+L7NDGKF0UdZ1hJiKSk=), B84(C,j2kXxzqB7on0fjBrXvgScPIDJSq95m3KuKYWR21ujUY=)];2t;1c) for round 85
[2m2025-03-25T07:54:35.378342Z[0m [32m INFO[0m [1mnode[0m[1m{[0m[3mname[0m[2m=[0mk#addeef94..[1m}[0m[2m:[0m [2mconsensus_core::core[0m[2m:[0m [2mconsensus/core/src/core.rs[0m[2m:[0m[2m531:[0m Created block B85(C,LOi3MX3W+j92nwRX2OKO03y1jF4LLMHGk5vliZuP8Oc=)(1742889275378ms;[B84(C,j2kXxzqB7on0fjBrXvgScPIDJSq95m3KuKYWR21ujUY=), B84(A,MD43qCZZWUxQ5ju1nrQ+2cU3+L7NDGKF0UdZ1hJiKSk=), B84(B,n6gOhJGu9qsVzVloBt47E7/RzSwUkmHzJ89fARyDNRM=)];2t;1c) for round 85
[2m2025-03-25T07:54:35.378425Z[0m [32m INFO[0m [1mnode[0m[1m{[0m[3mname[0m[2m=[0mk#addeef94..[1m}[0m[2m:[0m [2mconsensus_core::core[0m[2m:[0m [2mconsensus/core/src/core.rs[0m[2m:[0m[2m630:[0m Committing 1 leaders: B83(B,iKrY)
[2m2025-03-25T07:54:35.378494Z[0m [32m INFO[0m [1mnode[0m[1m{[0m[3mname[0m[2m=[0mk#addeef94..[1m}[0m[2m:[0m [2mconsensus_core::commit_observer[0m[2m:[0m [2mconsensus/core/src/commit_observer.rs[0m[2m:[0m[2m173:[0m Consensus commit C82(u6Sm) with leader B83(B,iKrY) has 3 blocks
[2m2025-03-25T07:54:35.378577Z[0m [32m INFO[0m [1mnode[0m[1m{[0m[3mname[0m[2m=[0mk#addeef94..[1m}[0m[2m:[0m [2msui_core::consensus_handler[0m[2m:[0m [2mcrates/sui-core/src/consensus_handler.rs[0m[2m:[0m[2m232:[0m Received consensus output [3mconsensus_commit[0m[2m=[0mCommittedSubDag(leader=B83(B,iKrY), ref=C82(u6Sm), blocks=[gpwi, UVPG, iKrY]) [3mepoch[0m[2m=[0m0
[2m2025-03-25T07:54:35.382172Z[0m [32m INFO[0m [1mnode[0m[1m{[0m[3mname[0m[2m=[0mk#8dcff6d1..[1m}[0m[2m:[0m [2mconsensus_core::core[0m[2m:[0m [2mconsensus/core/src/core.rs[0m[2m:[0m[2m630:[0m Committing 1 leaders: B83(B,iKrY)
[2m2025-03-25T07:54:35.382271Z[0m [32m INFO[0m [1mnode[0m[1m{[0m[3mname[0m[2m=[0mk#8dcff6d1..[1m}[0m[2m:[0m [2mconsensus_core::commit_observer[0m[2m:[0m [2mconsensus/core/src/commit_observer.rs[0m[2m:[0m[2m173:[0m Consensus commit C82(u6Sm) with leader B83(B,iKrY) has 3 blocks
[2m2025-03-25T07:54:35.382304Z[0m [32m INFO[0m [1mnode[0m[1m{[0m[3mname[0m[2m=[0mk#99f25ef6..[1m}[0m[2m:[0m [2mconsensus_core::core[0m[2m:[0m [2mconsensus/core/src/core.rs[0m[2m:[0m[2m630:[0m Committing 1 leaders: B83(B,iKrY)
[2m2025-03-25T07:54:35.382350Z[0m [32m INFO[0m [1mnode[0m[1m{[0m[3mname[0m[2m=[0mk#8dcff6d1..[1m}[0m[2m:[0m [2msui_core::consensus_handler[0m[2m:[0m [2mcrates/sui-core/src/consensus_handler.rs[0m[2m:[0m[2m232:[0m Received consensus output [3mconsensus_commit[0m[2m=[0mCommittedSubDag(leader=B83(B,iKrY), ref=C82(u6Sm), blocks=[gpwi, UVPG, iKrY]) [3mepoch[0m[2m=[0m0
[2m2025-03-25T07:54:35.382400Z[0m [32m INFO[0m [1mnode[0m[1m{[0m[3mname[0m[2m=[0mk#99f25ef6..[1m}[0m[2m:[0m [2mconsensus_core::commit_observer[0m[2m:[0m [2mconsensus/core/src/commit_observer.rs[0m[2m:[0m[2m173:[0m Consensus commit C82(u6Sm) with leader B83(B,iKrY) has 3 blocks
[2m2025-03-25T07:54:35.382561Z[0m [32m INFO[0m [1mnode[0m[1m{[0m[3mname[0m[2m=[0mk#99f25ef6..[1m}[0m[2m:[0m [2msui_core::consensus_handler[0m[2m:[0m [2mcrates/sui-core/src/consensus_handler.rs[0m[2m:[0m[2m232:[0m Received consensus output [3mconsensus_commit[0m[2m=[0mCommittedSubDag(leader=B83(B,iKrY), ref=C82(u6Sm), blocks=[gpwi, UVPG, iKrY]) [3mepoch[0m[2m=[0m0
[2m2025-03-25T07:54:35.449981Z[0m [32m INFO[0m [1mnode[0m[1m{[0m[3mname[0m[2m=[0mk#b3f3cbb4..[1m}[0m[2m:[0m [2msui_core::state_accumulator[0m[2m:[0m [2mcrates/sui-core/src/state_accumulator.rs[0m[2m:[0m[2m675:[0m accumulating running root for checkpoint 152
[2m2025-03-25T07:54:35.450524Z[0m [32m INFO[0m [1mnode[0m[1m{[0m[3mname[0m[2m=[0mk#b3f3cbb4..[1m}[0m[2m:[0m [2msui_core::state_accumulator[0m[2m:[0m [2mcrates/sui-core/src/state_accumulator.rs[0m[2m:[0m[2m675:[0m accumulating running root for checkpoint 153
[2m2025-03-25T07:54:35.565273Z[0m [32m INFO[0m [1mnode[0m[1m{[0m[3mname[0m[2m=[0mk#addeef94..[1m}[0m[2m:[0m [2msui_core::checkpoints[0m[2m:[0m [2mcrates/sui-core/src/checkpoints/mod.rs[0m[2m:[0m[2m1326:[0m Creating checkpoint(s) for 2 transactions [3mnext_checkpoint_seq[0m[2m=[0m156 [3mcheckpoint_timestamp[0m[2m=[0m1742889274863
[2m2025-03-25T07:54:35.565800Z[0m [32m INFO[0m [1mnode[0m[1m{[0m[3mname[0m[2m=[0mk#addeef94..[1m}[0m[2m:[0m [2msui_core::checkpoints::checkpoint_output[0m[2m:[0m [2mcrates/sui-core/src/checkpoints/checkpoint_output.rs[0m[2m:[0m[2m149:[0m Creating checkpoint CheckpointDigest(77FqTY22gDhFXo5Mekoa2xBnytWHzaDRcou4XDioXG8t) at epoch 0, sequence 156, previous digest Some(CheckpointDigest(PBaEAv28DmaJwmvBF1M9L12F1uF5JthGHX4PxrTeszN)), transactions count 2, content digest CheckpointContentsDigest(8fvM8rNSQEKbg6b6KAgo8schzF7R1vru17X3oGTsQJnY), end_of_epoch_data None
[2m2025-03-25T07:54:35.571804Z[0m [32m INFO[0m [1mnode[0m[1m{[0m[3mname[0m[2m=[0mk#8dcff6d1..[1m}[0m[2m:[0m [2msui_core::checkpoints[0m[2m:[0m [2mcrates/sui-core/src/checkpoints/mod.rs[0m[2m:[0m[2m1326:[0m Creating checkpoint(s) for 2 transactions [3mnext_checkpoint_seq[0m[2m=[0m156 [3mcheckpoint_timestamp[0m[2m=[0m1742889274863
[2m2025-03-25T07:54:35.572266Z[0m [32m INFO[0m [1mnode[0m[1m{[0m[3mname[0m[2m=[0mk#8dcff6d1..[1m}[0m[2m:[0m [2msui_core::checkpoints::checkpoint_output[0m[2m:[0m [2mcrates/sui-core/src/checkpoints/checkpoint_output.rs[0m[2m:[0m[2m149:[0m Creating checkpoint CheckpointDigest(77FqTY22gDhFXo5Mekoa2xBnytWHzaDRcou4XDioXG8t) at epoch 0, sequence 156, previous digest Some(CheckpointDigest(PBaEAv28DmaJwmvBF1M9L12F1uF5JthGHX4PxrTeszN)), transactions count 2, content digest CheckpointContentsDigest(8fvM8rNSQEKbg6b6KAgo8schzF7R1vru17X3oGTsQJnY), end_of_epoch_data None
[2m2025-03-25T07:54:35.572338Z[0m [32m INFO[0m [1mnode[0m[1m{[0m[3mname[0m[2m=[0mk#99f25ef6..[1m}[0m[2m:[0m [2msui_core::checkpoints[0m[2m:[0m [2mcrates/sui-core/src/checkpoints/mod.rs[0m[2m:[0m[2m1326:[0m Creating checkpoint(s) for 2 transactions [3mnext_checkpoint_seq[0m[2m=[0m156 [3mcheckpoint_timestamp[0m[2m=[0m1742889274863
[2m2025-03-25T07:54:35.572764Z[0m [32m INFO[0m [1mnode[0m[1m{[0m[3mname[0m[2m=[0mk#99f25ef6..[1m}[0m[2m:[0m [2msui_core::checkpoints::checkpoint_output[0m[2m:[0m [2mcrates/sui-core/src/checkpoints/checkpoint_output.rs[0m[2m:[0m[2m149:[0m Creating checkpoint CheckpointDigest(77FqTY22gDhFXo5Mekoa2xBnytWHzaDRcou4XDioXG8t) at epoch 0, sequence 156, previous digest Some(CheckpointDigest(PBaEAv28DmaJwmvBF1M9L12F1uF5JthGHX4PxrTeszN)), transactions count 2, content digest CheckpointContentsDigest(8fvM8rNSQEKbg6b6KAgo8schzF7R1vru17X3oGTsQJnY), end_of_epoch_data None
[2m2025-03-25T07:54:35.577883Z[0m [32m INFO[0m [1mnode[0m[1m{[0m[3mname[0m[2m=[0mk#99f25ef6..[1m}[0m[2m:[0m [2msui_core::checkpoints::checkpoint_output[0m[2m:[0m [2mcrates/sui-core/src/checkpoints/checkpoint_output.rs[0m[2m:[0m[2m196:[0m Certified checkpoint with sequence 154 and digest FYwo2tsdjpxUZoMGUo6MSi7LU9iLGo2c121aMA66x5Wr
[2m2025-03-25T07:54:35.577910Z[0m [32m INFO[0m [1mnode[0m[1m{[0m[3mname[0m[2m=[0mk#99f25ef6..[1m}[0m[2m:[0m [2msui_core::checkpoints::checkpoint_output[0m[2m:[0m [2mcrates/sui-core/src/checkpoints/checkpoint_output.rs[0m[2m:[0m[2m196:[0m Certified checkpoint with sequence 155 and digest PBaEAv28DmaJwmvBF1M9L12F1uF5JthGHX4PxrTeszN
[2m2025-03-25T07:54:35.577919Z[0m [32m INFO[0m [1mnode[0m[1m{[0m[3mname[0m[2m=[0mk#8dcff6d1..[1m}[0m[2m:[0m [2msui_core::checkpoints::checkpoint_output[0m[2m:[0m [2mcrates/sui-core/src/checkpoints/checkpoint_output.rs[0m[2m:[0m[2m196:[0m Certified checkpoint with sequence 154 and digest FYwo2tsdjpxUZoMGUo6MSi7LU9iLGo2c121aMA66x5Wr
[2m2025-03-25T07:54:35.577939Z[0m [32m INFO[0m [1mnode[0m[1m{[0m[3mname[0m[2m=[0mk#8dcff6d1..[1m}[0m[2m:[0m [2msui_core::checkpoints::checkpoint_output[0m[2m:[0m [2mcrates/sui-core/src/checkpoints/checkpoint_output.rs[0m[2m:[0m[2m196:[0m Certified checkpoint with sequence 155 and digest PBaEAv28DmaJwmvBF1M9L12F1uF5JthGHX4PxrTeszN
[2m2025-03-25T07:54:35.578965Z[0m [32m INFO[0m [1mnode[0m[1m{[0m[3mname[0m[2m=[0mk#8dcff6d1..[1m}[0m[2m:[0m [2msui_core::checkpoints::checkpoint_executor[0m[2m:[0m [2mcrates/sui-core/src/checkpoints/checkpoint_executor/mod.rs[0m[2m:[0m[2m332:[0m Received checkpoint summary from state sync [3msequence_number[0m[2m=[0m154
[2m2025-03-25T07:54:35.579005Z[0m [32m INFO[0m [1mnode[0m[1m{[0m[3mname[0m[2m=[0mk#99f25ef6..[1m}[0m[2m:[0m [2msui_core::checkpoints::checkpoint_executor[0m[2m:[0m [2mcrates/sui-core/src/checkpoints/checkpoint_executor/mod.rs[0m[2m:[0m[2m332:[0m Received checkpoint summary from state sync [3msequence_number[0m[2m=[0m154
[2m2025-03-25T07:54:35.579109Z[0m [32m INFO[0m [1mnode[0m[1m{[0m[3mname[0m[2m=[0mk#8dcff6d1..[1m}[0m[2m:[0m [2msui_core::checkpoints::checkpoint_executor[0m[2m:[0m [2mcrates/sui-core/src/checkpoints/checkpoint_executor/mod.rs[0m[2m:[0m[2m332:[0m Received checkpoint summary from state sync [3msequence_number[0m[2m=[0m155
[2m2025-03-25T07:54:35.579132Z[0m [32m INFO[0m [1mnode[0m[1m{[0m[3mname[0m[2m=[0mk#99f25ef6..[1m}[0m[2m:[0m [2msui_core::checkpoints::checkpoint_executor[0m[2m:[0m [2mcrates/sui-core/src/checkpoints/checkpoint_executor/mod.rs[0m[2m:[0m[2m332:[0m Received checkpoint summary from state sync [3msequence_number[0m[2m=[0m155
[2m2025-03-25T07:54:35.581395Z[0m [32m INFO[0m [1mnode[0m[1m{[0m[3mname[0m[2m=[0mk#99f25ef6..[1m}[0m[2m:[0m [2msui_core::state_accumulator[0m[2m:[0m [2mcrates/sui-core/src/state_accumulator.rs[0m[2m:[0m[2m675:[0m accumulating running root for checkpoint 154
[2m2025-03-25T07:54:35.581395Z[0m [32m INFO[0m [1mnode[0m[1m{[0m[3mname[0m[2m=[0mk#8dcff6d1..[1m}[0m[2m:[0m [2msui_core::state_accumulator[0m[2m:[0m [2mcrates/sui-core/src/state_accumulator.rs[0m[2m:[0m[2m675:[0m accumulating running root for checkpoint 154
[2m2025-03-25T07:54:35.581859Z[0m [32m INFO[0m [1mnode[0m[1m{[0m[3mname[0m[2m=[0mk#8dcff6d1..[1m}[0m[2m:[0m [2msui_core::state_accumulator[0m[2m:[0m [2mcrates/sui-core/src/state_accumulator.rs[0m[2m:[0m[2m675:[0m accumulating running root for checkpoint 155
[2m2025-03-25T07:54:35.581868Z[0m [32m INFO[0m [1mnode[0m[1m{[0m[3mname[0m[2m=[0mk#99f25ef6..[1m}[0m[2m:[0m [2msui_core::state_accumulator[0m[2m:[0m [2mcrates/sui-core/src/state_accumulator.rs[0m[2m:[0m[2m675:[0m accumulating running root for checkpoint 155
[2m2025-03-25T07:54:35.650728Z[0m [32m INFO[0m [1mnode[0m[1m{[0m[3mname[0m[2m=[0mk#99f25ef6..[1m}[0m[2m:[0m [2mconsensus_core::core[0m[2m:[0m [2mconsensus/core/src/core.rs[0m[2m:[0m[2m531:[0m Created block B86(B,DsDyZAyFvCzkfD0ClV1scRPC76cY7gbPS4dQLkFGQtk=)(1742889275650ms;[B85(B,EempnW+3ZgMk9QBHIUL/lnA0yZcuUdk7aYKvqUq2Cmc=), B85(A,thHaXD+vEaZi3Van1BtvLDEozI0jQxCq8w6vlgBaC7Q=), B85(C,LOi3MX3W+j92nwRX2OKO03y1jF4LLMHGk5vliZuP8Oc=)];1t;1c) for round 86
[2m2025-03-25T07:54:35.678831Z[0m [32m INFO[0m [1mnode[0m[1m{[0m[3mname[0m[2m=[0mk#addeef94..[1m}[0m[2m:[0m [2msui_core::checkpoints[0m[2m:[0m [2mcrates/sui-core/src/checkpoints/mod.rs[0m[2m:[0m[2m1326:[0m Creating checkpoint(s) for 1 transactions [3mnext_checkpoint_seq[0m[2m=[0m157 [3mcheckpoint_timestamp[0m[2m=[0m1742889274863
[2m2025-03-25T07:54:35.679102Z[0m [32m INFO[0m [1mnode[0m[1m{[0m[3mname[0m[2m=[0mk#addeef94..[1m}[0m[2m:[0m [2msui_core::checkpoints::checkpoint_output[0m[2m:[0m [2mcrates/sui-core/src/checkpoints/checkpoint_output.rs[0m[2m:[0m[2m149:[0m Creating checkpoint CheckpointDigest(J8LpuBTVb3V4GUWg92pydPKzXAGQhM8gtHYfSvhAy7RY) at epoch 0, sequence 157, previous digest Some(CheckpointDigest(77FqTY22gDhFXo5Mekoa2xBnytWHzaDRcou4XDioXG8t)), transactions count 1, content digest CheckpointContentsDigest(CkW32C3vnAxwthTffbUjBpQQkNx65jmmmSWL5URmAyEu), end_of_epoch_data None
[2m2025-03-25T07:54:35.680476Z[0m [32m INFO[0m [1mnode[0m[1m{[0m[3mname[0m[2m=[0mk#addeef94..[1m}[0m[2m:[0m [2mconsensus_core::core[0m[2m:[0m [2mconsensus/core/src/core.rs[0m[2m:[0m[2m531:[0m Created block B86(C,gFwaycx1v+DpVb9BzyQp/4khN6++GN3oySaNGxmCCgE=)(1742889275680ms;[B85(C,LOi3MX3W+j92nwRX2OKO03y1jF4LLMHGk5vliZuP8Oc=), B85(A,thHaXD+vEaZi3Van1BtvLDEozI0jQxCq8w6vlgBaC7Q=), B85(B,EempnW+3ZgMk9QBHIUL/lnA0yZcuUdk7aYKvqUq2Cmc=)];2t;1c) for round 86
[2m2025-03-25T07:54:35.693443Z[0m [32m INFO[0m [1mnode[0m[1m{[0m[3mname[0m[2m=[0mk#8dcff6d1..[1m}[0m[2m:[0m [2msui_core::checkpoints[0m[2m:[0m [2mcrates/sui-core/src/checkpoints/mod.rs[0m[2m:[0m[2m1326:[0m Creating checkpoint(s) for 1 transactions [3mnext_checkpoint_seq[0m[2m=[0m157 [3mcheckpoint_timestamp[0m[2m=[0m1742889274863
[2m2025-03-25T07:54:35.693694Z[0m [32m INFO[0m [1mnode[0m[1m{[0m[3mname[0m[2m=[0mk#8dcff6d1..[1m}[0m[2m:[0m [2msui_core::checkpoints::checkpoint_output[0m[2m:[0m [2mcrates/sui-core/src/checkpoints/checkpoint_output.rs[0m[2m:[0m[2m149:[0m Creating checkpoint CheckpointDigest(J8LpuBTVb3V4GUWg92pydPKzXAGQhM8gtHYfSvhAy7RY) at epoch 0, sequence 157, previous digest Some(CheckpointDigest(77FqTY22gDhFXo5Mekoa2xBnytWHzaDRcou4XDioXG8t)), transactions count 1, content digest CheckpointContentsDigest(CkW32C3vnAxwthTffbUjBpQQkNx65jmmmSWL5URmAyEu), end_of_epoch_data None
[2m2025-03-25T07:54:35.695101Z[0m [32m INFO[0m [1mnode[0m[1m{[0m[3mname[0m[2m=[0mk#addeef94..[1m}[0m[2m:[0m [2msui_core::checkpoints::checkpoint_executor[0m[2m:[0m [2mcrates/sui-core/src/checkpoints/checkpoint_executor/mod.rs[0m[2m:[0m[2m332:[0m Received checkpoint summary from state sync [3msequence_number[0m[2m=[0m154
[2m2025-03-25T07:54:35.695244Z[0m [32m INFO[0m [1mnode[0m[1m{[0m[3mname[0m[2m=[0mk#addeef94..[1m}[0m[2m:[0m [2msui_core::checkpoints::checkpoint_executor[0m[2m:[0m [2mcrates/sui-core/src/checkpoints/checkpoint_executor/mod.rs[0m[2m:[0m[2m332:[0m Received checkpoint summary from state sync [3msequence_number[0m[2m=[0m155
[2m2025-03-25T07:54:35.695594Z[0m [32m INFO[0m [1mnode[0m[1m{[0m[3mname[0m[2m=[0mk#99f25ef6..[1m}[0m[2m:[0m [2msui_core::checkpoints[0m[2m:[0m [2mcrates/sui-core/src/checkpoints/mod.rs[0m[2m:[0m[2m1326:[0m Creating checkpoint(s) for 1 transactions [3mnext_checkpoint_seq[0m[2m=[0m157 [3mcheckpoint_timestamp[0m[2m=[0m1742889274863
[2m2025-03-25T07:54:35.695788Z[0m [32m INFO[0m [1mnode[0m[1m{[0m[3mname[0m[2m=[0mk#99f25ef6..[1m}[0m[2m:[0m [2msui_core::checkpoints::checkpoint_output[0m[2m:[0m [2mcrates/sui-core/src/checkpoints/checkpoint_output.rs[0m[2m:[0m[2m149:[0m Creating checkpoint CheckpointDigest(J8LpuBTVb3V4GUWg92pydPKzXAGQhM8gtHYfSvhAy7RY) at epoch 0, sequence 157, previous digest Some(CheckpointDigest(77FqTY22gDhFXo5Mekoa2xBnytWHzaDRcou4XDioXG8t)), transactions count 1, content digest CheckpointContentsDigest(CkW32C3vnAxwthTffbUjBpQQkNx65jmmmSWL5URmAyEu), end_of_epoch_data None
[2m2025-03-25T07:54:35.696572Z[0m [32m INFO[0m [1mnode[0m[1m{[0m[3mname[0m[2m=[0mk#addeef94..[1m}[0m[2m:[0m [2msui_core::state_accumulator[0m[2m:[0m [2mcrates/sui-core/src/state_accumulator.rs[0m[2m:[0m[2m675:[0m accumulating running root for checkpoint 154
[2m2025-03-25T07:54:35.697001Z[0m [32m INFO[0m [1mnode[0m[1m{[0m[3mname[0m[2m=[0mk#b3f3cbb4..[1m}[0m[2m:[0m [2msui_core::checkpoints::checkpoint_executor[0m[2m:[0m [2mcrates/sui-core/src/checkpoints/checkpoint_executor/mod.rs[0m[2m:[0m[2m332:[0m Received checkpoint summary from state sync [3msequence_number[0m[2m=[0m154
[2m2025-03-25T07:54:35.697017Z[0m [32m INFO[0m [1mnode[0m[1m{[0m[3mname[0m[2m=[0mk#addeef94..[1m}[0m[2m:[0m [2msui_core::state_accumulator[0m[2m:[0m [2mcrates/sui-core/src/state_accumulator.rs[0m[2m:[0m[2m675:[0m accumulating running root for checkpoint 155
[2m2025-03-25T07:54:35.697125Z[0m [32m INFO[0m [1mnode[0m[1m{[0m[3mname[0m[2m=[0mk#b3f3cbb4..[1m}[0m[2m:[0m [2msui_core::checkpoints::checkpoint_executor[0m[2m:[0m [2mcrates/sui-core/src/checkpoints/checkpoint_executor/mod.rs[0m[2m:[0m[2m332:[0m Received checkpoint summary from state sync [3msequence_number[0m[2m=[0m155
[2m2025-03-25T07:54:35.698467Z[0m [32m INFO[0m [1mnode[0m[1m{[0m[3mname[0m[2m=[0mk#8dcff6d1..[1m}[0m[2m:[0m [2mconsensus_core::core[0m[2m:[0m [2mconsensus/core/src/core.rs[0m[2m:[0m[2m531:[0m Created block B86(A,56QCN9+6bAZcbsyFU6fhvT02jmo92IZrU54OSzdkG+M=)(1742889275698ms;[B85(A,thHaXD+vEaZi3Van1BtvLDEozI0jQxCq8w6vlgBaC7Q=), B85(B,EempnW+3ZgMk9QBHIUL/lnA0yZcuUdk7aYKvqUq2Cmc=), B85(C,LOi3MX3W+j92nwRX2OKO03y1jF4LLMHGk5vliZuP8Oc=)];2t;1c) for round 86
[2m2025-03-25T07:54:35.698656Z[0m [32m INFO[0m [1mnode[0m[1m{[0m[3mname[0m[2m=[0mk#8dcff6d1..[1m}[0m[2m:[0m [2mconsensus_core::core[0m[2m:[0m [2mconsensus/core/src/core.rs[0m[2m:[0m[2m630:[0m Committing 1 leaders: B84(A,MD43)
[2m2025-03-25T07:54:35.698744Z[0m [32m INFO[0m [1mnode[0m[1m{[0m[3mname[0m[2m=[0mk#8dcff6d1..[1m}[0m[2m:[0m [2mconsensus_core::commit_observer[0m[2m:[0m [2mconsensus/core/src/commit_observer.rs[0m[2m:[0m[2m173:[0m Consensus commit C83(ng+u) with leader B84(A,MD43) has 3 blocks
[2m2025-03-25T07:54:35.698829Z[0m [32m INFO[0m [1mnode[0m[1m{[0m[3mname[0m[2m=[0mk#99f25ef6..[1m}[0m[2m:[0m [2mconsensus_core::core[0m[2m:[0m [2mconsensus/core/src/core.rs[0m[2m:[0m[2m630:[0m Committing 1 leaders: B84(A,MD43)
[2m2025-03-25T07:54:35.698918Z[0m [32m INFO[0m [1mnode[0m[1m{[0m[3mname[0m[2m=[0mk#99f25ef6..[1m}[0m[2m:[0m [2mconsensus_core::commit_observer[0m[2m:[0m [2mconsensus/core/src/commit_observer.rs[0m[2m:[0m[2m173:[0m Consensus commit C83(ng+u) with leader B84(A,MD43) has 3 blocks
[2m2025-03-25T07:54:35.699093Z[0m [32m INFO[0m [1mnode[0m[1m{[0m[3mname[0m[2m=[0mk#addeef94..[1m}[0m[2m:[0m [2mconsensus_core::core[0m[2m:[0m [2mconsensus/core/src/core.rs[0m[2m:[0m[2m630:[0m Committing 1 leaders: B84(A,MD43)
[2m2025-03-25T07:54:35.699094Z[0m [32m INFO[0m [1mnode[0m[1m{[0m[3mname[0m[2m=[0mk#8dcff6d1..[1m}[0m[2m:[0m [2msui_core::consensus_handler[0m[2m:[0m [2mcrates/sui-core/src/consensus_handler.rs[0m[2m:[0m[2m232:[0m Received consensus output [3mconsensus_commit[0m[2m=[0mCommittedSubDag(leader=B84(A,MD43), ref=C83(ng+u), blocks=[TLxv, mZRM, MD43]) [3mepoch[0m[2m=[0m0
[2m2025-03-25T07:54:35.699100Z[0m [32m INFO[0m [1mnode[0m[1m{[0m[3mname[0m[2m=[0mk#99f25ef6..[1m}[0m[2m:[0m [2msui_core::consensus_handler[0m[2m:[0m [2mcrates/sui-core/src/consensus_handler.rs[0m[2m:[0m[2m232:[0m Received consensus output [3mconsensus_commit[0m[2m=[0mCommittedSubDag(leader=B84(A,MD43), ref=C83(ng+u), blocks=[TLxv, mZRM, MD43]) [3mepoch[0m[2m=[0m0
[2m2025-03-25T07:54:35.699183Z[0m [32m INFO[0m [1mnode[0m[1m{[0m[3mname[0m[2m=[0mk#addeef94..[1m}[0m[2m:[0m [2mconsensus_core::commit_observer[0m[2m:[0m [2mconsensus/core/src/commit_observer.rs[0m[2m:[0m[2m173:[0m Consensus commit C83(ng+u) with leader B84(A,MD43) has 3 blocks
[2m2025-03-25T07:54:35.699289Z[0m [32m INFO[0m [1mnode[0m[1m{[0m[3mname[0m[2m=[0mk#addeef94..[1m}[0m[2m:[0m [2msui_core::consensus_handler[0m[2m:[0m [2mcrates/sui-core/src/consensus_handler.rs[0m[2m:[0m[2m232:[0m Received consensus output [3mconsensus_commit[0m[2m=[0mCommittedSubDag(leader=B84(A,MD43), ref=C83(ng+u), blocks=[TLxv, mZRM, MD43]) [3mepoch[0m[2m=[0m0
[2m2025-03-25T07:54:35.791837Z[0m [32m INFO[0m [1mnode[0m[1m{[0m[3mname[0m[2m=[0mk#b3f3cbb4..[1m}[0m[2m:[0m [2msui_core::state_accumulator[0m[2m:[0m [2mcrates/sui-core/src/state_accumulator.rs[0m[2m:[0m[2m675:[0m accumulating running root for checkpoint 154
[2m2025-03-25T07:54:35.792356Z[0m [32m INFO[0m [1mnode[0m[1m{[0m[3mname[0m[2m=[0mk#b3f3cbb4..[1m}[0m[2m:[0m [2msui_core::state_accumulator[0m[2m:[0m [2mcrates/sui-core/src/state_accumulator.rs[0m[2m:[0m[2m675:[0m accumulating running root for checkpoint 155
[2m2025-03-25T07:54:36.191948Z[0m [32m INFO[0m [1mnode[0m[1m{[0m[3mname[0m[2m=[0mk#8dcff6d1..[1m}[0m[2m:[0m [2msui_core::checkpoints[0m[2m:[0m [2mcrates/sui-core/src/checkpoints/mod.rs[0m[2m:[0m[2m1326:[0m Creating checkpoint(s) for 5 transactions [3mnext_checkpoint_seq[0m[2m=[0m158 [3mcheckpoint_timestamp[0m[2m=[0m1742889275122
[2m2025-03-25T07:54:36.191948Z[0m [32m INFO[0m [1mnode[0m[1m{[0m[3mname[0m[2m=[0mk#99f25ef6..[1m}[0m[2m:[0m [2msui_core::checkpoints[0m[2m:[0m [2mcrates/sui-core/src/checkpoints/mod.rs[0m[2m:[0m[2m1326:[0m Creating checkpoint(s) for 5 transactions [3mnext_checkpoint_seq[0m[2m=[0m158 [3mcheckpoint_timestamp[0m[2m=[0m1742889275122
[2m2025-03-25T07:54:36.191948Z[0m [32m INFO[0m [1mnode[0m[1m{[0m[3mname[0m[2m=[0mk#addeef94..[1m}[0m[2m:[0m [2msui_core::checkpoints[0m[2m:[0m [2mcrates/sui-core/src/checkpoints/mod.rs[0m[2m:[0m[2m1326:[0m Creating checkpoint(s) for 5 transactions [3mnext_checkpoint_seq[0m[2m=[0m158 [3mcheckpoint_timestamp[0m[2m=[0m1742889275122
[2m2025-03-25T07:54:36.193194Z[0m [32m INFO[0m [1mnode[0m[1m{[0m[3mname[0m[2m=[0mk#99f25ef6..[1m}[0m[2m:[0m [2msui_core::checkpoints::checkpoint_output[0m[2m:[0m [2mcrates/sui-core/src/checkpoints/checkpoint_output.rs[0m[2m:[0m[2m149:[0m Creating checkpoint CheckpointDigest(AWLCt3AUvVFq4jfVes8QTr8zLbWLxfY79sxEAvbc1vW3) at epoch 0, sequence 158, previous digest Some(CheckpointDigest(J8LpuBTVb3V4GUWg92pydPKzXAGQhM8gtHYfSvhAy7RY)), transactions count 5, content digest CheckpointContentsDigest(4khziM1emFnzYdQRrbiSKQwG5pQn3aGb9RzrWnr3kKKc), end_of_epoch_data None
[2m2025-03-25T07:54:36.193194Z[0m [32m INFO[0m [1mnode[0m[1m{[0m[3mname[0m[2m=[0mk#8dcff6d1..[1m}[0m[2m:[0m [2msui_core::checkpoints::checkpoint_output[0m[2m:[0m [2mcrates/sui-core/src/checkpoints/checkpoint_output.rs[0m[2m:[0m[2m149:[0m Creating checkpoint CheckpointDigest(AWLCt3AUvVFq4jfVes8QTr8zLbWLxfY79sxEAvbc1vW3) at epoch 0, sequence 158, previous digest Some(CheckpointDigest(J8LpuBTVb3V4GUWg92pydPKzXAGQhM8gtHYfSvhAy7RY)), transactions count 5, content digest CheckpointContentsDigest(4khziM1emFnzYdQRrbiSKQwG5pQn3aGb9RzrWnr3kKKc), end_of_epoch_data None
[2m2025-03-25T07:54:36.193194Z[0m [32m INFO[0m [1mnode[0m[1m{[0m[3mname[0m[2m=[0mk#addeef94..[1m}[0m[2m:[0m [2msui_core::checkpoints::checkpoint_output[0m[2m:[0m [2mcrates/sui-core/src/checkpoints/checkpoint_output.rs[0m[2m:[0m[2m149:[0m Creating checkpoint CheckpointDigest(AWLCt3AUvVFq4jfVes8QTr8zLbWLxfY79sxEAvbc1vW3) at epoch 0, sequence 158, previous digest Some(CheckpointDigest(J8LpuBTVb3V4GUWg92pydPKzXAGQhM8gtHYfSvhAy7RY)), transactions count 5, content digest CheckpointContentsDigest(4khziM1emFnzYdQRrbiSKQwG5pQn3aGb9RzrWnr3kKKc), end_of_epoch_data None
[2m2025-03-25T07:54:36.193997Z[0m [32m INFO[0m [1mnode[0m[1m{[0m[3mname[0m[2m=[0mk#99f25ef6..[1m}[0m[2m:[0m [2mconsensus_core::commit_syncer[0m[2m:[0m [2mconsensus/core/src/commit_syncer.rs[0m[2m:[0m[2m196:[0m Checking to schedule fetches: synced_commit_index=83, highest_handled_index=83, highest_scheduled_index=0, quorum_commit_index=81, unhandled_commits_threshold=3200
[2m2025-03-25T07:54:36.196037Z[0m [32m INFO[0m [1mnode[0m[1m{[0m[3mname[0m[2m=[0mk#addeef94..[1m}[0m[2m:[0m [2mconsensus_core::commit_syncer[0m[2m:[0m [2mconsensus/core/src/commit_syncer.rs[0m[2m:[0m[2m196:[0m Checking to schedule fetches: synced_commit_index=83, highest_handled_index=83, highest_scheduled_index=0, quorum_commit_index=0, unhandled_commits_threshold=3200
[2m2025-03-25T07:54:36.196750Z[0m [32m INFO[0m [1mnode[0m[1m{[0m[3mname[0m[2m=[0mk#addeef94..[1m}[0m[2m:[0m [2mconsensus_core::core[0m[2m:[0m [2mconsensus/core/src/core.rs[0m[2m:[0m[2m531:[0m Created block B87(C,IYYzWlqzckamoQ/XOOGvXvPZv3Q17L6uayZPWblPjVI=)(1742889276196ms;[B86(C,gFwaycx1v+DpVb9BzyQp/4khN6++GN3oySaNGxmCCgE=), B86(A,56QCN9+6bAZcbsyFU6fhvT02jmo92IZrU54OSzdkG+M=), B86(B,DsDyZAyFvCzkfD0ClV1scRPC76cY7gbPS4dQLkFGQtk=)];0t;1c) for round 87
[2m2025-03-25T07:54:36.196838Z[0m [32m INFO[0m [1mnode[0m[1m{[0m[3mname[0m[2m=[0mk#8dcff6d1..[1m}[0m[2m:[0m [2msui_core::checkpoints::checkpoint_output[0m[2m:[0m [2mcrates/sui-core/src/checkpoints/checkpoint_output.rs[0m[2m:[0m[2m196:[0m Certified checkpoint with sequence 156 and digest 77FqTY22gDhFXo5Mekoa2xBnytWHzaDRcou4XDioXG8t
[2m2025-03-25T07:54:36.197212Z[0m [32m INFO[0m [1mnode[0m[1m{[0m[3mname[0m[2m=[0mk#8dcff6d1..[1m}[0m[2m:[0m [2mconsensus_core::core[0m[2m:[0m [2mconsensus/core/src/core.rs[0m[2m:[0m[2m531:[0m Created block B87(A,mHE6iUNM667zXEVcIIZQjDAd9Khga4X1Z6gNXbEVHyY=)(1742889276197ms;[B86(A,56QCN9+6bAZcbsyFU6fhvT02jmo92IZrU54OSzdkG+M=), B86(B,DsDyZAyFvCzkfD0ClV1scRPC76cY7gbPS4dQLkFGQtk=), B86(C,gFwaycx1v+DpVb9BzyQp/4khN6++GN3oySaNGxmCCgE=)];0t;1c) for round 87
[2m2025-03-25T07:54:36.197869Z[0m [32m INFO[0m [1mnode[0m[1m{[0m[3mname[0m[2m=[0mk#8dcff6d1..[1m}[0m[2m:[0m [2msui_core::checkpoints::checkpoint_executor[0m[2m:[0m [2mcrates/sui-core/src/checkpoints/checkpoint_executor/mod.rs[0m[2m:[0m[2m332:[0m Received checkpoint summary from state sync [3msequence_number[0m[2m=[0m156
[2m2025-03-25T07:54:36.198208Z[0m [32m INFO[0m [1mnode[0m[1m{[0m[3mname[0m[2m=[0mk#99f25ef6..[1m}[0m[2m:[0m [2msui_core::checkpoints::checkpoint_output[0m[2m:[0m [2mcrates/sui-core/src/checkpoints/checkpoint_output.rs[0m[2m:[0m[2m196:[0m Certified checkpoint with sequence 156 and digest 77FqTY22gDhFXo5Mekoa2xBnytWHzaDRcou4XDioXG8t
[2m2025-03-25T07:54:36.198230Z[0m [32m INFO[0m [1mnode[0m[1m{[0m[3mname[0m[2m=[0mk#99f25ef6..[1m}[0m[2m:[0m [2msui_core::checkpoints::checkpoint_output[0m[2m:[0m [2mcrates/sui-core/src/checkpoints/checkpoint_output.rs[0m[2m:[0m[2m196:[0m Certified checkpoint with sequence 157 and digest J8LpuBTVb3V4GUWg92pydPKzXAGQhM8gtHYfSvhAy7RY
[2m2025-03-25T07:54:36.198729Z[0m [32m INFO[0m [1mnode[0m[1m{[0m[3mname[0m[2m=[0mk#99f25ef6..[1m}[0m[2m:[0m [2mconsensus_core::core[0m[2m:[0m [2mconsensus/core/src/core.rs[0m[2m:[0m[2m531:[0m Created block B87(B,pjXTulk0KtEQutHUuT0XZtWao3fm8OtBtB+gRQeKqms=)(1742889276198ms;[B86(B,DsDyZAyFvCzkfD0ClV1scRPC76cY7gbPS4dQLkFGQtk=), B86(A,56QCN9+6bAZcbsyFU6fhvT02jmo92IZrU54OSzdkG+M=), B86(C,gFwaycx1v+DpVb9BzyQp/4khN6++GN3oySaNGxmCCgE=)];1t;1c) for round 87
[2m2025-03-25T07:54:36.199601Z[0m [32m INFO[0m [1mnode[0m[1m{[0m[3mname[0m[2m=[0mk#99f25ef6..[1m}[0m[2m:[0m [2msui_core::checkpoints::checkpoint_executor[0m[2m:[0m [2mcrates/sui-core/src/checkpoints/checkpoint_executor/mod.rs[0m[2m:[0m[2m332:[0m Received checkpoint summary from state sync [3msequence_number[0m[2m=[0m156
[2m2025-03-25T07:54:36.199726Z[0m [32m INFO[0m [1mnode[0m[1m{[0m[3mname[0m[2m=[0mk#99f25ef6..[1m}[0m[2m:[0m [2msui_core::checkpoints::checkpoint_executor[0m[2m:[0m [2mcrates/sui-core/src/checkpoints/checkpoint_executor/mod.rs[0m[2m:[0m[2m332:[0m Received checkpoint summary from state sync [3msequence_number[0m[2m=[0m157
[2m2025-03-25T07:54:36.200478Z[0m [32m INFO[0m [1mnode[0m[1m{[0m[3mname[0m[2m=[0mk#8dcff6d1..[1m}[0m[2m:[0m [2msui_core::state_accumulator[0m[2m:[0m [2mcrates/sui-core/src/state_accumulator.rs[0m[2m:[0m[2m675:[0m accumulating running root for checkpoint 156
[2m2025-03-25T07:54:36.201566Z[0m [32m INFO[0m [1mnode[0m[1m{[0m[3mname[0m[2m=[0mk#8dcff6d1..[1m}[0m[2m:[0m [2mconsensus_core::core[0m[2m:[0m [2mconsensus/core/src/core.rs[0m[2m:[0m[2m630:[0m Committing 1 leaders: B85(C,LOi3)
[2m2025-03-25T07:54:36.201669Z[0m [32m INFO[0m [1mnode[0m[1m{[0m[3mname[0m[2m=[0mk#8dcff6d1..[1m}[0m[2m:[0m [2mconsensus_core::commit_observer[0m[2m:[0m [2mconsensus/core/src/commit_observer.rs[0m[2m:[0m[2m173:[0m Consensus commit C84(LIMz) with leader B85(C,LOi3) has 3 blocks
[2m2025-03-25T07:54:36.201808Z[0m [32m INFO[0m [1mnode[0m[1m{[0m[3mname[0m[2m=[0mk#8dcff6d1..[1m}[0m[2m:[0m [2msui_core::consensus_handler[0m[2m:[0m [2mcrates/sui-core/src/consensus_handler.rs[0m[2m:[0m[2m232:[0m Received consensus output [3mconsensus_commit[0m[2m=[0mCommittedSubDag(leader=B85(C,LOi3), ref=C84(LIMz), blocks=[n6gO, j2kX, LOi3]) [3mepoch[0m[2m=[0m0
[2m2025-03-25T07:54:36.202851Z[0m [32m INFO[0m [1mnode[0m[1m{[0m[3mname[0m[2m=[0mk#99f25ef6..[1m}[0m[2m:[0m [2msui_core::state_accumulator[0m[2m:[0m [2mcrates/sui-core/src/state_accumulator.rs[0m[2m:[0m[2m675:[0m accumulating running root for checkpoint 156
[2m2025-03-25T07:54:36.203302Z[0m [32m INFO[0m [1mnode[0m[1m{[0m[3mname[0m[2m=[0mk#99f25ef6..[1m}[0m[2m:[0m [2msui_core::state_accumulator[0m[2m:[0m [2mcrates/sui-core/src/state_accumulator.rs[0m[2m:[0m[2m675:[0m accumulating running root for checkpoint 157
[2m2025-03-25T07:54:36.204494Z[0m [32m INFO[0m [1mnode[0m[1m{[0m[3mname[0m[2m=[0mk#99f25ef6..[1m}[0m[2m:[0m [2mconsensus_core::core[0m[2m:[0m [2mconsensus/core/src/core.rs[0m[2m:[0m[2m630:[0m Committing 1 leaders: B85(C,LOi3)
[2m2025-03-25T07:54:36.204588Z[0m [32m INFO[0m [1mnode[0m[1m{[0m[3mname[0m[2m=[0mk#99f25ef6..[1m}[0m[2m:[0m [2mconsensus_core::commit_observer[0m[2m:[0m [2mconsensus/core/src/commit_observer.rs[0m[2m:[0m[2m173:[0m Consensus commit C84(LIMz) with leader B85(C,LOi3) has 3 blocks
[2m2025-03-25T07:54:36.204737Z[0m [32m INFO[0m [1mnode[0m[1m{[0m[3mname[0m[2m=[0mk#99f25ef6..[1m}[0m[2m:[0m [2msui_core::consensus_handler[0m[2m:[0m [2mcrates/sui-core/src/consensus_handler.rs[0m[2m:[0m[2m232:[0m Received consensus output [3mconsensus_commit[0m[2m=[0mCommittedSubDag(leader=B85(C,LOi3), ref=C84(LIMz), blocks=[n6gO, j2kX, LOi3]) [3mepoch[0m[2m=[0m0
[2m2025-03-25T07:54:36.306176Z[0m [32m INFO[0m [1mnode[0m[1m{[0m[3mname[0m[2m=[0mk#addeef94..[1m}[0m[2m:[0m [2msui_core::checkpoints[0m[2m:[0m [2mcrates/sui-core/src/checkpoints/mod.rs[0m[2m:[0m[2m1326:[0m Creating checkpoint(s) for 1 transactions [3mnext_checkpoint_seq[0m[2m=[0m159 [3mcheckpoint_timestamp[0m[2m=[0m1742889275122
[2m2025-03-25T07:54:36.306484Z[0m [32m INFO[0m [1mnode[0m[1m{[0m[3mname[0m[2m=[0mk#addeef94..[1m}[0m[2m:[0m [2msui_core::checkpoints::checkpoint_output[0m[2m:[0m [2mcrates/sui-core/src/checkpoints/checkpoint_output.rs[0m[2m:[0m[2m149:[0m Creating checkpoint CheckpointDigest(D8HwxxRnB2kAAgKoiaH5y4mxMmpu2Q9XKdoZpJUKjnUE) at epoch 0, sequence 159, previous digest Some(CheckpointDigest(AWLCt3AUvVFq4jfVes8QTr8zLbWLxfY79sxEAvbc1vW3)), transactions count 1, content digest CheckpointContentsDigest(CpeHD6nCgTBFTzytNapWk3CBFbE6Q5DTXAyv6nJv6TbD), end_of_epoch_data None
[2m2025-03-25T07:54:36.311934Z[0m [32m INFO[0m [1mnode[0m[1m{[0m[3mname[0m[2m=[0mk#addeef94..[1m}[0m[2m:[0m [2msui_core::checkpoints::checkpoint_executor[0m[2m:[0m [2mcrates/sui-core/src/checkpoints/checkpoint_executor/mod.rs[0m[2m:[0m[2m332:[0m Received checkpoint summary from state sync [3msequence_number[0m[2m=[0m156
[2m2025-03-25T07:54:36.312396Z[0m [32m INFO[0m [1mnode[0m[1m{[0m[3mname[0m[2m=[0mk#addeef94..[1m}[0m[2m:[0m [2mconsensus_core::core[0m[2m:[0m [2mconsensus/core/src/core.rs[0m[2m:[0m[2m630:[0m Committing 1 leaders: B85(C,LOi3)
[2m2025-03-25T07:54:36.312513Z[0m [32m INFO[0m [1mnode[0m[1m{[0m[3mname[0m[2m=[0mk#addeef94..[1m}[0m[2m:[0m [2mconsensus_core::commit_observer[0m[2m:[0m [2mconsensus/core/src/commit_observer.rs[0m[2m:[0m[2m173:[0m Consensus commit C84(LIMz) with leader B85(C,LOi3) has 3 blocks
[2m2025-03-25T07:54:36.314507Z[0m [32m INFO[0m [1mnode[0m[1m{[0m[3mname[0m[2m=[0mk#addeef94..[1m}[0m[2m:[0m [2msui_core::state_accumulator[0m[2m:[0m [2mcrates/sui-core/src/state_accumulator.rs[0m[2m:[0m[2m675:[0m accumulating running root for checkpoint 156
[2m2025-03-25T07:54:36.315053Z[0m [32m INFO[0m [1mnode[0m[1m{[0m[3mname[0m[2m=[0mk#addeef94..[1m}[0m[2m:[0m [2msui_core::consensus_handler[0m[2m:[0m [2mcrates/sui-core/src/consensus_handler.rs[0m[2m:[0m[2m232:[0m Received consensus output [3mconsensus_commit[0m[2m=[0mCommittedSubDag(leader=B85(C,LOi3), ref=C84(LIMz), blocks=[n6gO, j2kX, LOi3]) [3mepoch[0m[2m=[0m0
[2m2025-03-25T07:54:36.315985Z[0m [32m INFO[0m [1mnode[0m[1m{[0m[3mname[0m[2m=[0mk#addeef94..[1m}[0m[2m:[0m [2msui_core::checkpoints::checkpoint_executor[0m[2m:[0m [2mcrates/sui-core/src/checkpoints/checkpoint_executor/mod.rs[0m[2m:[0m[2m332:[0m Received checkpoint summary from state sync [3msequence_number[0m[2m=[0m157
[2m2025-03-25T07:54:36.354354Z[0m [32m INFO[0m [1mnode[0m[1m{[0m[3mname[0m[2m=[0mk#addeef94..[1m}[0m[2m:[0m [2msui_core::state_accumulator[0m[2m:[0m [2mcrates/sui-core/src/state_accumulator.rs[0m[2m:[0m[2m675:[0m accumulating running root for checkpoint 157
[2m2025-03-25T07:54:36.395964Z[0m [32m INFO[0m [1mnode[0m[1m{[0m[3mname[0m[2m=[0mk#addeef94..[1m}[0m[2m:[0m [2msui_core::checkpoints[0m[2m:[0m [2mcrates/sui-core/src/checkpoints/mod.rs[0m[2m:[0m[2m1326:[0m Creating checkpoint(s) for 1 transactions [3mnext_checkpoint_seq[0m[2m=[0m160 [3mcheckpoint_timestamp[0m[2m=[0m1742889275378
[2m2025-03-25T07:54:36.396197Z[0m [32m INFO[0m [1mnode[0m[1m{[0m[3mname[0m[2m=[0mk#addeef94..[1m}[0m[2m:[0m [2msui_core::checkpoints::checkpoint_output[0m[2m:[0m [2mcrates/sui-core/src/checkpoints/checkpoint_output.rs[0m[2m:[0m[2m149:[0m Creating checkpoint CheckpointDigest(71fpKjcu34C5K6o7CdUgz34WhH9mpTEGZWmjbffHzKwt) at epoch 0, sequence 160, previous digest Some(CheckpointDigest(D8HwxxRnB2kAAgKoiaH5y4mxMmpu2Q9XKdoZpJUKjnUE)), transactions count 1, content digest CheckpointContentsDigest(C6VkpWHakyqKs8txmzdYCWqh9WWVFbh2XcKQEN1LKuan), end_of_epoch_data None
[2m2025-03-25T07:54:36.398401Z[0m [32m INFO[0m [1mnode[0m[1m{[0m[3mname[0m[2m=[0mk#99f25ef6..[1m}[0m[2m:[0m [2msui_core::checkpoints[0m[2m:[0m [2mcrates/sui-core/src/checkpoints/mod.rs[0m[2m:[0m[2m1326:[0m Creating checkpoint(s) for 1 transactions [3mnext_checkpoint_seq[0m[2m=[0m159 [3mcheckpoint_timestamp[0m[2m=[0m1742889275122
[2m2025-03-25T07:54:36.398447Z[0m [32m INFO[0m [1mnode[0m[1m{[0m[3mname[0m[2m=[0mk#8dcff6d1..[1m}[0m[2m:[0m [2msui_core::checkpoints[0m[2m:[0m [2mcrates/sui-core/src/checkpoints/mod.rs[0m[2m:[0m[2m1326:[0m Creating checkpoint(s) for 1 transactions [3mnext_checkpoint_seq[0m[2m=[0m159 [3mcheckpoint_timestamp[0m[2m=[0m1742889275122
[2m2025-03-25T07:54:36.398606Z[0m [32m INFO[0m [1mnode[0m[1m{[0m[3mname[0m[2m=[0mk#99f25ef6..[1m}[0m[2m:[0m [2msui_core::checkpoints::checkpoint_output[0m[2m:[0m [2mcrates/sui-core/src/checkpoints/checkpoint_output.rs[0m[2m:[0m[2m149:[0m Creating checkpoint CheckpointDigest(D8HwxxRnB2kAAgKoiaH5y4mxMmpu2Q9XKdoZpJUKjnUE) at epoch 0, sequence 159, previous digest Some(CheckpointDigest(AWLCt3AUvVFq4jfVes8QTr8zLbWLxfY79sxEAvbc1vW3)), transactions count 1, content digest CheckpointContentsDigest(CpeHD6nCgTBFTzytNapWk3CBFbE6Q5DTXAyv6nJv6TbD), end_of_epoch_data None
[2m2025-03-25T07:54:36.398627Z[0m [32m INFO[0m [1mnode[0m[1m{[0m[3mname[0m[2m=[0mk#8dcff6d1..[1m}[0m[2m:[0m [2msui_core::checkpoints::checkpoint_output[0m[2m:[0m [2mcrates/sui-core/src/checkpoints/checkpoint_output.rs[0m[2m:[0m[2m149:[0m Creating checkpoint CheckpointDigest(D8HwxxRnB2kAAgKoiaH5y4mxMmpu2Q9XKdoZpJUKjnUE) at epoch 0, sequence 159, previous digest Some(CheckpointDigest(AWLCt3AUvVFq4jfVes8QTr8zLbWLxfY79sxEAvbc1vW3)), transactions count 1, content digest CheckpointContentsDigest(CpeHD6nCgTBFTzytNapWk3CBFbE6Q5DTXAyv6nJv6TbD), end_of_epoch_data None
[2m2025-03-25T07:54:36.402410Z[0m [32m INFO[0m [1mnode[0m[1m{[0m[3mname[0m[2m=[0mk#8dcff6d1..[1m}[0m[2m:[0m [2msui_core::checkpoints[0m[2m:[0m [2mcrates/sui-core/src/checkpoints/mod.rs[0m[2m:[0m[2m1326:[0m Creating checkpoint(s) for 1 transactions [3mnext_checkpoint_seq[0m[2m=[0m160 [3mcheckpoint_timestamp[0m[2m=[0m1742889275378
[2m2025-03-25T07:54:36.402587Z[0m [32m INFO[0m [1mnode[0m[1m{[0m[3mname[0m[2m=[0mk#8dcff6d1..[1m}[0m[2m:[0m [2msui_core::checkpoints::checkpoint_output[0m[2m:[0m [2mcrates/sui-core/src/checkpoints/checkpoint_output.rs[0m[2m:[0m[2m149:[0m Creating checkpoint CheckpointDigest(71fpKjcu34C5K6o7CdUgz34WhH9mpTEGZWmjbffHzKwt) at epoch 0, sequence 160, previous digest Some(CheckpointDigest(D8HwxxRnB2kAAgKoiaH5y4mxMmpu2Q9XKdoZpJUKjnUE)), transactions count 1, content digest CheckpointContentsDigest(C6VkpWHakyqKs8txmzdYCWqh9WWVFbh2XcKQEN1LKuan), end_of_epoch_data None
[2m2025-03-25T07:54:36.404302Z[0m [32m INFO[0m [1mnode[0m[1m{[0m[3mname[0m[2m=[0mk#8dcff6d1..[1m}[0m[2m:[0m [2msui_core::checkpoints::checkpoint_output[0m[2m:[0m [2mcrates/sui-core/src/checkpoints/checkpoint_output.rs[0m[2m:[0m[2m196:[0m Certified checkpoint with sequence 157 and digest J8LpuBTVb3V4GUWg92pydPKzXAGQhM8gtHYfSvhAy7RY
[2m2025-03-25T07:54:36.405295Z[0m [32m INFO[0m [1mnode[0m[1m{[0m[3mname[0m[2m=[0mk#b3f3cbb4..[1m}[0m[2m:[0m [2msui_core::checkpoints::checkpoint_executor[0m[2m:[0m [2mcrates/sui-core/src/checkpoints/checkpoint_executor/mod.rs[0m[2m:[0m[2m332:[0m Received checkpoint summary from state sync [3msequence_number[0m[2m=[0m156
[2m2025-03-25T07:54:36.405448Z[0m [32m INFO[0m [1mnode[0m[1m{[0m[3mname[0m[2m=[0mk#b3f3cbb4..[1m}[0m[2m:[0m [2msui_core::checkpoints::checkpoint_executor[0m[2m:[0m [2mcrates/sui-core/src/checkpoints/checkpoint_executor/mod.rs[0m[2m:[0m[2m332:[0m Received checkpoint summary from state sync [3msequence_number[0m[2m=[0m157
[2m2025-03-25T07:54:36.408142Z[0m [32m INFO[0m [1mnode[0m[1m{[0m[3mname[0m[2m=[0mk#8dcff6d1..[1m}[0m[2m:[0m [2msui_core::checkpoints::checkpoint_executor[0m[2m:[0m [2mcrates/sui-core/src/checkpoints/checkpoint_executor/mod.rs[0m[2m:[0m[2m332:[0m Received checkpoint summary from state sync [3msequence_number[0m[2m=[0m118
[2m2025-03-25T07:54:36.408230Z[0m [32m INFO[0m [1mnode[0m[1m{[0m[3mname[0m[2m=[0mk#8dcff6d1..[1m}[0m[2m:[0m [2msui_core::checkpoints::checkpoint_executor[0m[2m:[0m [2mcrates/sui-core/src/checkpoints/checkpoint_executor/mod.rs[0m[2m:[0m[2m332:[0m Received checkpoint summary from state sync [3msequence_number[0m[2m=[0m119
[2m2025-03-25T07:54:36.408273Z[0m [32m INFO[0m [1mnode[0m[1m{[0m[3mname[0m[2m=[0mk#8dcff6d1..[1m}[0m[2m:[0m [2msui_core::checkpoints::checkpoint_executor[0m[2m:[0m [2mcrates/sui-core/src/checkpoints/checkpoint_executor/mod.rs[0m[2m:[0m[2m332:[0m Received checkpoint summary from state sync [3msequence_number[0m[2m=[0m120
[2m2025-03-25T07:54:36.408313Z[0m [32m INFO[0m [1mnode[0m[1m{[0m[3mname[0m[2m=[0mk#8dcff6d1..[1m}[0m[2m:[0m [2msui_core::checkpoints::checkpoint_executor[0m[2m:[0m [2mcrates/sui-core/src/checkpoints/checkpoint_executor/mod.rs[0m[2m:[0m[2m332:[0m Received checkpoint summary from state sync [3msequence_number[0m[2m=[0m121
[2m2025-03-25T07:54:36.408352Z[0m [32m INFO[0m [1mnode[0m[1m{[0m[3mname[0m[2m=[0mk#8dcff6d1..[1m}[0m[2m:[0m [2msui_core::checkpoints::checkpoint_executor[0m[2m:[0m [2mcrates/sui-core/src/checkpoints/checkpoint_executor/mod.rs[0m[2m:[0m[2m332:[0m Received checkpoint summary from state sync [3msequence_number[0m[2m=[0m122
[2m2025-03-25T07:54:36.408390Z[0m [32m INFO[0m [1mnode[0m[1m{[0m[3mname[0m[2m=[0mk#8dcff6d1..[1m}[0m[2m:[0m [2msui_core::checkpoints::checkpoint_executor[0m[2m:[0m [2mcrates/sui-core/src/checkpoints/checkpoint_executor/mod.rs[0m[2m:[0m[2m332:[0m Received checkpoint summary from state sync [3msequence_number[0m[2m=[0m123
[2m2025-03-25T07:54:36.408429Z[0m [32m INFO[0m [1mnode[0m[1m{[0m[3mname[0m[2m=[0mk#8dcff6d1..[1m}[0m[2m:[0m [2msui_core::checkpoints::checkpoint_executor[0m[2m:[0m [2mcrates/sui-core/src/checkpoints/checkpoint_executor/mod.rs[0m[2m:[0m[2m332:[0m Received checkpoint summary from state sync [3msequence_number[0m[2m=[0m124
[2m2025-03-25T07:54:36.408468Z[0m [32m INFO[0m [1mnode[0m[1m{[0m[3mname[0m[2m=[0mk#8dcff6d1..[1m}[0m[2m:[0m [2msui_core::checkpoints::checkpoint_executor[0m[2m:[0m [2mcrates/sui-core/src/checkpoints/checkpoint_executor/mod.rs[0m[2m:[0m[2m332:[0m Received checkpoint summary from state sync [3msequence_number[0m[2m=[0m125
[2m2025-03-25T07:54:36.408507Z[0m [32m INFO[0m [1mnode[0m[1m{[0m[3mname[0m[2m=[0mk#8dcff6d1..[1m}[0m[2m:[0m [2msui_core::checkpoints::checkpoint_executor[0m[2m:[0m [2mcrates/sui-core/src/checkpoints/checkpoint_executor/mod.rs[0m[2m:[0m[2m332:[0m Received checkpoint summary from state sync [3msequence_number[0m[2m=[0m126
[2m2025-03-25T07:54:36.408545Z[0m [32m INFO[0m [1mnode[0m[1m{[0m[3mname[0m[2m=[0mk#8dcff6d1..[1m}[0m[2m:[0m [2msui_core::checkpoints::checkpoint_executor[0m[2m:[0m [2mcrates/sui-core/src/checkpoints/checkpoint_executor/mod.rs[0m[2m:[0m[2m332:[0m Received checkpoint summary from state sync [3msequence_number[0m[2m=[0m127
[2m2025-03-25T07:54:36.408583Z[0m [32m INFO[0m [1mnode[0m[1m{[0m[3mname[0m[2m=[0mk#8dcff6d1..[1m}[0m[2m:[0m [2msui_core::checkpoints::checkpoint_executor[0m[2m:[0m [2mcrates/sui-core/src/checkpoints/checkpoint_executor/mod.rs[0m[2m:[0m[2m332:[0m Received checkpoint summary from state sync [3msequence_number[0m[2m=[0m128
[2m2025-03-25T07:54:36.408623Z[0m [32m INFO[0m [1mnode[0m[1m{[0m[3mname[0m[2m=[0mk#8dcff6d1..[1m}[0m[2m:[0m [2msui_core::checkpoints::checkpoint_executor[0m[2m:[0m [2mcrates/sui-core/src/checkpoints/checkpoint_executor/mod.rs[0m[2m:[0m[2m332:[0m Received checkpoint summary from state sync [3msequence_number[0m[2m=[0m129
[2m2025-03-25T07:54:36.408662Z[0m [32m INFO[0m [1mnode[0m[1m{[0m[3mname[0m[2m=[0mk#8dcff6d1..[1m}[0m[2m:[0m [2msui_core::checkpoints::checkpoint_executor[0m[2m:[0m [2mcrates/sui-core/src/checkpoints/checkpoint_executor/mod.rs[0m[2m:[0m[2m332:[0m Received checkpoint summary from state sync [3msequence_number[0m[2m=[0m130
[2m2025-03-25T07:54:36.408701Z[0m [32m INFO[0m [1mnode[0m[1m{[0m[3mname[0m[2m=[0mk#8dcff6d1..[1m}[0m[2m:[0m [2msui_core::checkpoints::checkpoint_executor[0m[2m:[0m [2mcrates/sui-core/src/checkpoints/checkpoint_executor/mod.rs[0m[2m:[0m[2m332:[0m Received checkpoint summary from state sync [3msequence_number[0m[2m=[0m131
[2m2025-03-25T07:54:36.408739Z[0m [32m INFO[0m [1mnode[0m[1m{[0m[3mname[0m[2m=[0mk#8dcff6d1..[1m}[0m[2m:[0m [2msui_core::checkpoints::checkpoint_executor[0m[2m:[0m [2mcrates/sui-core/src/checkpoints/checkpoint_executor/mod.rs[0m[2m:[0m[2m332:[0m Received checkpoint summary from state sync [3msequence_number[0m[2m=[0m132
[2m2025-03-25T07:54:36.408777Z[0m [32m INFO[0m [1mnode[0m[1m{[0m[3mname[0m[2m=[0mk#8dcff6d1..[1m}[0m[2m:[0m [2msui_core::checkpoints::checkpoint_executor[0m[2m:[0m [2mcrates/sui-core/src/checkpoints/checkpoint_executor/mod.rs[0m[2m:[0m[2m332:[0m Received checkpoint summary from state sync [3msequence_number[0m[2m=[0m133
[2m2025-03-25T07:54:36.408814Z[0m [32m INFO[0m [1mnode[0m[1m{[0m[3mname[0m[2m=[0mk#8dcff6d1..[1m}[0m[2m:[0m [2msui_core::checkpoints::checkpoint_executor[0m[2m:[0m [2mcrates/sui-core/src/checkpoints/checkpoint_executor/mod.rs[0m[2m:[0m[2m332:[0m Received checkpoint summary from state sync [3msequence_number[0m[2m=[0m134
[2m2025-03-25T07:54:36.408852Z[0m [32m INFO[0m [1mnode[0m[1m{[0m[3mname[0m[2m=[0mk#8dcff6d1..[1m}[0m[2m:[0m [2msui_core::checkpoints::checkpoint_executor[0m[2m:[0m [2mcrates/sui-core/src/checkpoints/checkpoint_executor/mod.rs[0m[2m:[0m[2m332:[0m Received checkpoint summary from state sync [3msequence_number[0m[2m=[0m135
[2m2025-03-25T07:54:36.408891Z[0m [32m INFO[0m [1mnode[0m[1m{[0m[3mname[0m[2m=[0mk#8dcff6d1..[1m}[0m[2m:[0m [2msui_core::checkpoints::checkpoint_executor[0m[2m:[0m [2mcrates/sui-core/src/checkpoints/checkpoint_executor/mod.rs[0m[2m:[0m[2m332:[0m Received checkpoint summary from state sync [3msequence_number[0m[2m=[0m136
[2m2025-03-25T07:54:36.408930Z[0m [32m INFO[0m [1mnode[0m[1m{[0m[3mname[0m[2m=[0mk#8dcff6d1..[1m}[0m[2m:[0m [2msui_core::checkpoints::checkpoint_executor[0m[2m:[0m [2mcrates/sui-core/src/checkpoints/checkpoint_executor/mod.rs[0m[2m:[0m[2m332:[0m Received checkpoint summary from state sync [3msequence_number[0m[2m=[0m137
[2m2025-03-25T07:54:36.408978Z[0m [32m INFO[0m [1mnode[0m[1m{[0m[3mname[0m[2m=[0mk#8dcff6d1..[1m}[0m[2m:[0m [2msui_core::checkpoints::checkpoint_executor[0m[2m:[0m [2mcrates/sui-core/src/checkpoints/checkpoint_executor/mod.rs[0m[2m:[0m[2m332:[0m Received checkpoint summary from state sync [3msequence_number[0m[2m=[0m138
[2m2025-03-25T07:54:36.409016Z[0m [32m INFO[0m [1mnode[0m[1m{[0m[3mname[0m[2m=[0mk#8dcff6d1..[1m}[0m[2m:[0m [2msui_core::checkpoints::checkpoint_executor[0m[2m:[0m [2mcrates/sui-core/src/checkpoints/checkpoint_executor/mod.rs[0m[2m:[0m[2m332:[0m Received checkpoint summary from state sync [3msequence_number[0m[2m=[0m139
[2m2025-03-25T07:54:36.409053Z[0m [32m INFO[0m [1mnode[0m[1m{[0m[3mname[0m[2m=[0mk#8dcff6d1..[1m}[0m[2m:[0m [2msui_core::checkpoints::checkpoint_executor[0m[2m:[0m [2mcrates/sui-core/src/checkpoints/checkpoint_executor/mod.rs[0m[2m:[0m[2m332:[0m Received checkpoint summary from state sync [3msequence_number[0m[2m=[0m140
[2m2025-03-25T07:54:36.409090Z[0m [32m INFO[0m [1mnode[0m[1m{[0m[3mname[0m[2m=[0mk#8dcff6d1..[1m}[0m[2m:[0m [2msui_core::checkpoints::checkpoint_executor[0m[2m:[0m [2mcrates/sui-core/src/checkpoints/checkpoint_executor/mod.rs[0m[2m:[0m[2m332:[0m Received checkpoint summary from state sync [3msequence_number[0m[2m=[0m141
[2m2025-03-25T07:54:36.409129Z[0m [32m INFO[0m [1mnode[0m[1m{[0m[3mname[0m[2m=[0mk#8dcff6d1..[1m}[0m[2m:[0m [2msui_core::checkpoints::checkpoint_executor[0m[2m:[0m [2mcrates/sui-core/src/checkpoints/checkpoint_executor/mod.rs[0m[2m:[0m[2m332:[0m Received checkpoint summary from state sync [3msequence_number[0m[2m=[0m142
[2m2025-03-25T07:54:36.409167Z[0m [32m INFO[0m [1mnode[0m[1m{[0m[3mname[0m[2m=[0mk#8dcff6d1..[1m}[0m[2m:[0m [2msui_core::checkpoints::checkpoint_executor[0m[2m:[0m [2mcrates/sui-core/src/checkpoints/checkpoint_executor/mod.rs[0m[2m:[0m[2m332:[0m Received checkpoint summary from state sync [3msequence_number[0m[2m=[0m143
[2m2025-03-25T07:54:36.409204Z[0m [32m INFO[0m [1mnode[0m[1m{[0m[3mname[0m[2m=[0mk#8dcff6d1..[1m}[0m[2m:[0m [2msui_core::checkpoints::checkpoint_executor[0m[2m:[0m [2mcrates/sui-core/src/checkpoints/checkpoint_executor/mod.rs[0m[2m:[0m[2m332:[0m Received checkpoint summary from state sync [3msequence_number[0m[2m=[0m144
[2m2025-03-25T07:54:36.409241Z[0m [32m INFO[0m [1mnode[0m[1m{[0m[3mname[0m[2m=[0mk#8dcff6d1..[1m}[0m[2m:[0m [2msui_core::checkpoints::checkpoint_executor[0m[2m:[0m [2mcrates/sui-core/src/checkpoints/checkpoint_executor/mod.rs[0m[2m:[0m[2m332:[0m Received checkpoint summary from state sync [3msequence_number[0m[2m=[0m145
[2m2025-03-25T07:54:36.409278Z[0m [32m INFO[0m [1mnode[0m[1m{[0m[3mname[0m[2m=[0mk#8dcff6d1..[1m}[0m[2m:[0m [2msui_core::checkpoints::checkpoint_executor[0m[2m:[0m [2mcrates/sui-core/src/checkpoints/checkpoint_executor/mod.rs[0m[2m:[0m[2m332:[0m Received checkpoint summary from state sync [3msequence_number[0m[2m=[0m146
[2m2025-03-25T07:54:36.409316Z[0m [32m INFO[0m [1mnode[0m[1m{[0m[3mname[0m[2m=[0mk#8dcff6d1..[1m}[0m[2m:[0m [2msui_core::checkpoints::checkpoint_executor[0m[2m:[0m [2mcrates/sui-core/src/checkpoints/checkpoint_executor/mod.rs[0m[2m:[0m[2m332:[0m Received checkpoint summary from state sync [3msequence_number[0m[2m=[0m147
[2m2025-03-25T07:54:36.409355Z[0m [32m INFO[0m [1mnode[0m[1m{[0m[3mname[0m[2m=[0mk#8dcff6d1..[1m}[0m[2m:[0m [2msui_core::checkpoints::checkpoint_executor[0m[2m:[0m [2mcrates/sui-core/src/checkpoints/checkpoint_executor/mod.rs[0m[2m:[0m[2m332:[0m Received checkpoint summary from state sync [3msequence_number[0m[2m=[0m148
[2m2025-03-25T07:54:36.409392Z[0m [32m INFO[0m [1mnode[0m[1m{[0m[3mname[0m[2m=[0mk#8dcff6d1..[1m}[0m[2m:[0m [2msui_core::checkpoints::checkpoint_executor[0m[2m:[0m [2mcrates/sui-core/src/checkpoints/checkpoint_executor/mod.rs[0m[2m:[0m[2m332:[0m Received checkpoint summary from state sync [3msequence_number[0m[2m=[0m149
[2m2025-03-25T07:54:36.409430Z[0m [32m INFO[0m [1mnode[0m[1m{[0m[3mname[0m[2m=[0mk#8dcff6d1..[1m}[0m[2m:[0m [2msui_core::checkpoints::checkpoint_executor[0m[2m:[0m [2mcrates/sui-core/src/checkpoints/checkpoint_executor/mod.rs[0m[2m:[0m[2m332:[0m Received checkpoint summary from state sync [3msequence_number[0m[2m=[0m150
[2m2025-03-25T07:54:36.409467Z[0m [32m INFO[0m [1mnode[0m[1m{[0m[3mname[0m[2m=[0mk#8dcff6d1..[1m}[0m[2m:[0m [2msui_core::checkpoints::checkpoint_executor[0m[2m:[0m [2mcrates/sui-core/src/checkpoints/checkpoint_executor/mod.rs[0m[2m:[0m[2m332:[0m Received checkpoint summary from state sync [3msequence_number[0m[2m=[0m151
[2m2025-03-25T07:54:36.409506Z[0m [32m INFO[0m [1mnode[0m[1m{[0m[3mname[0m[2m=[0mk#8dcff6d1..[1m}[0m[2m:[0m [2msui_core::checkpoints::checkpoint_executor[0m[2m:[0m [2mcrates/sui-core/src/checkpoints/checkpoint_executor/mod.rs[0m[2m:[0m[2m332:[0m Received checkpoint summary from state sync [3msequence_number[0m[2m=[0m152
[2m2025-03-25T07:54:36.409544Z[0m [32m INFO[0m [1mnode[0m[1m{[0m[3mname[0m[2m=[0mk#8dcff6d1..[1m}[0m[2m:[0m [2msui_core::checkpoints::checkpoint_executor[0m[2m:[0m [2mcrates/sui-core/src/checkpoints/checkpoint_executor/mod.rs[0m[2m:[0m[2m332:[0m Received checkpoint summary from state sync [3msequence_number[0m[2m=[0m153
[2m2025-03-25T07:54:36.409581Z[0m [32m INFO[0m [1mnode[0m[1m{[0m[3mname[0m[2m=[0mk#8dcff6d1..[1m}[0m[2m:[0m [2msui_core::checkpoints::checkpoint_executor[0m[2m:[0m [2mcrates/sui-core/src/checkpoints/checkpoint_executor/mod.rs[0m[2m:[0m[2m332:[0m Received checkpoint summary from state sync [3msequence_number[0m[2m=[0m154
[2m2025-03-25T07:54:36.409618Z[0m [32m INFO[0m [1mnode[0m[1m{[0m[3mname[0m[2m=[0mk#8dcff6d1..[1m}[0m[2m:[0m [2msui_core::checkpoints::checkpoint_executor[0m[2m:[0m [2mcrates/sui-core/src/checkpoints/checkpoint_executor/mod.rs[0m[2m:[0m[2m332:[0m Received checkpoint summary from state sync [3msequence_number[0m[2m=[0m155
[2m2025-03-25T07:54:36.409655Z[0m [32m INFO[0m [1mnode[0m[1m{[0m[3mname[0m[2m=[0mk#8dcff6d1..[1m}[0m[2m:[0m [2msui_core::checkpoints::checkpoint_executor[0m[2m:[0m [2mcrates/sui-core/src/checkpoints/checkpoint_executor/mod.rs[0m[2m:[0m[2m332:[0m Received checkpoint summary from state sync [3msequence_number[0m[2m=[0m156
[2m2025-03-25T07:54:36.409692Z[0m [32m INFO[0m [1mnode[0m[1m{[0m[3mname[0m[2m=[0mk#8dcff6d1..[1m}[0m[2m:[0m [2msui_core::checkpoints::checkpoint_executor[0m[2m:[0m [2mcrates/sui-core/src/checkpoints/checkpoint_executor/mod.rs[0m[2m:[0m[2m332:[0m Received checkpoint summary from state sync [3msequence_number[0m[2m=[0m157
[2m2025-03-25T07:54:36.410751Z[0m [32m INFO[0m [1mnode[0m[1m{[0m[3mname[0m[2m=[0mk#8dcff6d1..[1m}[0m[2m:[0m [2msui_core::state_accumulator[0m[2m:[0m [2mcrates/sui-core/src/state_accumulator.rs[0m[2m:[0m[2m675:[0m accumulating running root for checkpoint 157
[2m2025-03-25T07:54:36.510213Z[0m [32m INFO[0m [1mnode[0m[1m{[0m[3mname[0m[2m=[0mk#8dcff6d1..[1m}[0m[2m:[0m [2msui_core::checkpoints[0m[2m:[0m [2mcrates/sui-core/src/checkpoints/mod.rs[0m[2m:[0m[2m1326:[0m Creating checkpoint(s) for 1 transactions [3mnext_checkpoint_seq[0m[2m=[0m161 [3mcheckpoint_timestamp[0m[2m=[0m1742889275378
[2m2025-03-25T07:54:36.510257Z[0m [32m INFO[0m [1mnode[0m[1m{[0m[3mname[0m[2m=[0mk#addeef94..[1m}[0m[2m:[0m [2msui_core::checkpoints[0m[2m:[0m [2mcrates/sui-core/src/checkpoints/mod.rs[0m[2m:[0m[2m1326:[0m Creating checkpoint(s) for 1 transactions [3mnext_checkpoint_seq[0m[2m=[0m161 [3mcheckpoint_timestamp[0m[2m=[0m1742889275378
[2m2025-03-25T07:54:36.510413Z[0m [32m INFO[0m [1mnode[0m[1m{[0m[3mname[0m[2m=[0mk#99f25ef6..[1m}[0m[2m:[0m [2msui_core::checkpoints[0m[2m:[0m [2mcrates/sui-core/src/checkpoints/mod.rs[0m[2m:[0m[2m1326:[0m Creating checkpoint(s) for 1 transactions [3mnext_checkpoint_seq[0m[2m=[0m160 [3mcheckpoint_timestamp[0m[2m=[0m1742889275378
[2m2025-03-25T07:54:36.510476Z[0m [32m INFO[0m [1mnode[0m[1m{[0m[3mname[0m[2m=[0mk#8dcff6d1..[1m}[0m[2m:[0m [2msui_core::checkpoints::checkpoint_output[0m[2m:[0m [2mcrates/sui-core/src/checkpoints/checkpoint_output.rs[0m[2m:[0m[2m149:[0m Creating checkpoint CheckpointDigest(CFcLQbP5t7s9pC7jWMok51PcTZsN2CnrkzFuM3xwvzqt) at epoch 0, sequence 161, previous digest Some(CheckpointDigest(71fpKjcu34C5K6o7CdUgz34WhH9mpTEGZWmjbffHzKwt)), transactions count 1, content digest CheckpointContentsDigest(8cUc8Dip9F3zxN9mciEqKaxXZdPQZwETmjfTP3xMfJr4), end_of_epoch_data None
[2m2025-03-25T07:54:36.510476Z[0m [32m INFO[0m [1mnode[0m[1m{[0m[3mname[0m[2m=[0mk#addeef94..[1m}[0m[2m:[0m [2msui_core::checkpoints::checkpoint_output[0m[2m:[0m [2mcrates/sui-core/src/checkpoints/checkpoint_output.rs[0m[2m:[0m[2m149:[0m Creating checkpoint CheckpointDigest(CFcLQbP5t7s9pC7jWMok51PcTZsN2CnrkzFuM3xwvzqt) at epoch 0, sequence 161, previous digest Some(CheckpointDigest(71fpKjcu34C5K6o7CdUgz34WhH9mpTEGZWmjbffHzKwt)), transactions count 1, content digest CheckpointContentsDigest(8cUc8Dip9F3zxN9mciEqKaxXZdPQZwETmjfTP3xMfJr4), end_of_epoch_data None
[2m2025-03-25T07:54:36.510587Z[0m [32m INFO[0m [1mnode[0m[1m{[0m[3mname[0m[2m=[0mk#99f25ef6..[1m}[0m[2m:[0m [2msui_core::checkpoints::checkpoint_output[0m[2m:[0m [2mcrates/sui-core/src/checkpoints/checkpoint_output.rs[0m[2m:[0m[2m149:[0m Creating checkpoint CheckpointDigest(71fpKjcu34C5K6o7CdUgz34WhH9mpTEGZWmjbffHzKwt) at epoch 0, sequence 160, previous digest Some(CheckpointDigest(D8HwxxRnB2kAAgKoiaH5y4mxMmpu2Q9XKdoZpJUKjnUE)), transactions count 1, content digest CheckpointContentsDigest(C6VkpWHakyqKs8txmzdYCWqh9WWVFbh2XcKQEN1LKuan), end_of_epoch_data None
[2m2025-03-25T07:54:36.511146Z[0m [32m INFO[0m [1mnode[0m[1m{[0m[3mname[0m[2m=[0mk#8dcff6d1..[1m}[0m[2m:[0m [2mconsensus_core::commit_syncer[0m[2m:[0m [2mconsensus/core/src/commit_syncer.rs[0m[2m:[0m[2m196:[0m Checking to schedule fetches: synced_commit_index=84, highest_handled_index=84, highest_scheduled_index=0, quorum_commit_index=83, unhandled_commits_threshold=3200
[2m2025-03-25T07:54:36.511577Z[0m [32m INFO[0m [1mnode[0m[1m{[0m[3mname[0m[2m=[0mk#99f25ef6..[1m}[0m[2m:[0m [2mconsensus_core::core[0m[2m:[0m [2mconsensus/core/src/core.rs[0m[2m:[0m[2m531:[0m Created block B88(B,kCR2uyJSZQcpsjH8R0Y5OIi6MPS41DXWoFrUGw5QKvM=)(1742889276511ms;[B87(B,pjXTulk0KtEQutHUuT0XZtWao3fm8OtBtB+gRQeKqms=), B87(A,mHE6iUNM667zXEVcIIZQjDAd9Khga4X1Z6gNXbEVHyY=), B87(C,IYYzWlqzckamoQ/XOOGvXvPZv3Q17L6uayZPWblPjVI=)];2t;1c) for round 88
[2m2025-03-25T07:54:36.511609Z[0m [32m INFO[0m [1mnode[0m[1m{[0m[3mname[0m[2m=[0mk#8dcff6d1..[1m}[0m[2m:[0m [2mconsensus_core::core[0m[2m:[0m [2mconsensus/core/src/core.rs[0m[2m:[0m[2m531:[0m Created block B88(A,TlS7aOwxTKcbveStnDFYUyLpFWwThzDhkIpOX9wiN8U=)(1742889276511ms;[B87(A,mHE6iUNM667zXEVcIIZQjDAd9Khga4X1Z6gNXbEVHyY=), B87(B,pjXTulk0KtEQutHUuT0XZtWao3fm8OtBtB+gRQeKqms=), B87(C,IYYzWlqzckamoQ/XOOGvXvPZv3Q17L6uayZPWblPjVI=)];3t;1c) for round 88
[2m2025-03-25T07:54:36.512134Z[0m [32m INFO[0m [1mnode[0m[1m{[0m[3mname[0m[2m=[0mk#99f25ef6..[1m}[0m[2m:[0m [2msui_core::checkpoints[0m[2m:[0m [2mcrates/sui-core/src/checkpoints/mod.rs[0m[2m:[0m[2m1326:[0m Creating checkpoint(s) for 1 transactions [3mnext_checkpoint_seq[0m[2m=[0m161 [3mcheckpoint_timestamp[0m[2m=[0m1742889275378
[2m2025-03-25T07:54:36.512318Z[0m [32m INFO[0m [1mnode[0m[1m{[0m[3mname[0m[2m=[0mk#99f25ef6..[1m}[0m[2m:[0m [2msui_core::checkpoints::checkpoint_output[0m[2m:[0m [2mcrates/sui-core/src/checkpoints/checkpoint_output.rs[0m[2m:[0m[2m149:[0m Creating checkpoint CheckpointDigest(CFcLQbP5t7s9pC7jWMok51PcTZsN2CnrkzFuM3xwvzqt) at epoch 0, sequence 161, previous digest Some(CheckpointDigest(71fpKjcu34C5K6o7CdUgz34WhH9mpTEGZWmjbffHzKwt)), transactions count 1, content digest CheckpointContentsDigest(8cUc8Dip9F3zxN9mciEqKaxXZdPQZwETmjfTP3xMfJr4), end_of_epoch_data None
[2m2025-03-25T07:54:36.566634Z[0m [32m INFO[0m [1mnode[0m[1m{[0m[3mname[0m[2m=[0mk#addeef94..[1m}[0m[2m:[0m [2mconsensus_core::core[0m[2m:[0m [2mconsensus/core/src/core.rs[0m[2m:[0m[2m531:[0m Created block B88(C,u09fuZxhS4Dmbw2zgxPi7JCgdU3Jb6CgRRVlL8CV4Ic=)(1742889276566ms;[B87(C,IYYzWlqzckamoQ/XOOGvXvPZv3Q17L6uayZPWblPjVI=), B87(A,mHE6iUNM667zXEVcIIZQjDAd9Khga4X1Z6gNXbEVHyY=), B87(B,pjXTulk0KtEQutHUuT0XZtWao3fm8OtBtB+gRQeKqms=)];4t;1c) for round 88
[2m2025-03-25T07:54:36.566728Z[0m [32m INFO[0m [1mnode[0m[1m{[0m[3mname[0m[2m=[0mk#addeef94..[1m}[0m[2m:[0m [2mconsensus_core::core[0m[2m:[0m [2mconsensus/core/src/core.rs[0m[2m:[0m[2m630:[0m Committing 1 leaders: B86(A,56QC)
[2m2025-03-25T07:54:36.566801Z[0m [32m INFO[0m [1mnode[0m[1m{[0m[3mname[0m[2m=[0mk#addeef94..[1m}[0m[2m:[0m [2mconsensus_core::commit_observer[0m[2m:[0m [2mconsensus/core/src/commit_observer.rs[0m[2m:[0m[2m173:[0m Consensus commit C85(xLEJ) with leader B86(A,56QC) has 3 blocks
[2m2025-03-25T07:54:36.566907Z[0m [32m INFO[0m [1mnode[0m[1m{[0m[3mname[0m[2m=[0mk#addeef94..[1m}[0m[2m:[0m [2msui_core::consensus_handler[0m[2m:[0m [2mcrates/sui-core/src/consensus_handler.rs[0m[2m:[0m[2m232:[0m Received consensus output [3mconsensus_commit[0m[2m=[0mCommittedSubDag(leader=B86(A,56QC), ref=C85(xLEJ), blocks=[thHa, Eemp, 56QC]) [3mepoch[0m[2m=[0m0
[2m2025-03-25T07:54:36.570633Z[0m [32m INFO[0m [1mnode[0m[1m{[0m[3mname[0m[2m=[0mk#8dcff6d1..[1m}[0m[2m:[0m [2mconsensus_core::core[0m[2m:[0m [2mconsensus/core/src/core.rs[0m[2m:[0m[2m630:[0m Committing 1 leaders: B86(A,56QC)
[2m2025-03-25T07:54:36.570633Z[0m [32m INFO[0m [1mnode[0m[1m{[0m[3mname[0m[2m=[0mk#99f25ef6..[1m}[0m[2m:[0m [2mconsensus_core::core[0m[2m:[0m [2mconsensus/core/src/core.rs[0m[2m:[0m[2m630:[0m Committing 1 leaders: B86(A,56QC)
[2m2025-03-25T07:54:36.570723Z[0m [32m INFO[0m [1mnode[0m[1m{[0m[3mname[0m[2m=[0mk#8dcff6d1..[1m}[0m[2m:[0m [2mconsensus_core::commit_observer[0m[2m:[0m [2mconsensus/core/src/commit_observer.rs[0m[2m:[0m[2m173:[0m Consensus commit C85(xLEJ) with leader B86(A,56QC) has 3 blocks
[2m2025-03-25T07:54:36.570724Z[0m [32m INFO[0m [1mnode[0m[1m{[0m[3mname[0m[2m=[0mk#99f25ef6..[1m}[0m[2m:[0m [2mconsensus_core::commit_observer[0m[2m:[0m [2mconsensus/core/src/commit_observer.rs[0m[2m:[0m[2m173:[0m Consensus commit C85(xLEJ) with leader B86(A,56QC) has 3 blocks
[2m2025-03-25T07:54:36.570798Z[0m [32m INFO[0m [1mnode[0m[1m{[0m[3mname[0m[2m=[0mk#8dcff6d1..[1m}[0m[2m:[0m [2msui_core::consensus_handler[0m[2m:[0m [2mcrates/sui-core/src/consensus_handler.rs[0m[2m:[0m[2m232:[0m Received consensus output [3mconsensus_commit[0m[2m=[0mCommittedSubDag(leader=B86(A,56QC), ref=C85(xLEJ), blocks=[thHa, Eemp, 56QC]) [3mepoch[0m[2m=[0m0
[2m2025-03-25T07:54:36.570798Z[0m [32m INFO[0m [1mnode[0m[1m{[0m[3mname[0m[2m=[0mk#99f25ef6..[1m}[0m[2m:[0m [2msui_core::consensus_handler[0m[2m:[0m [2mcrates/sui-core/src/consensus_handler.rs[0m[2m:[0m[2m232:[0m Received consensus output [3mconsensus_commit[0m[2m=[0mCommittedSubDag(leader=B86(A,56QC), ref=C85(xLEJ), blocks=[thHa, Eemp, 56QC]) [3mepoch[0m[2m=[0m0
[2m2025-03-25T07:54:36.653214Z[0m [32m INFO[0m [1mnode[0m[1m{[0m[3mname[0m[2m=[0mk#b3f3cbb4..[1m}[0m[2m:[0m [2msui_core::state_accumulator[0m[2m:[0m [2mcrates/sui-core/src/state_accumulator.rs[0m[2m:[0m[2m675:[0m accumulating running root for checkpoint 156
[2m2025-03-25T07:54:36.653693Z[0m [32m INFO[0m [1mnode[0m[1m{[0m[3mname[0m[2m=[0mk#b3f3cbb4..[1m}[0m[2m:[0m [2msui_core::state_accumulator[0m[2m:[0m [2mcrates/sui-core/src/state_accumulator.rs[0m[2m:[0m[2m675:[0m accumulating running root for checkpoint 157
[2m2025-03-25T07:54:36.661571Z[0m [32m INFO[0m [1mnode[0m[1m{[0m[3mname[0m[2m=[0mk#8dcff6d1..[1m}[0m[2m:[0m [2msui_core::checkpoints[0m[2m:[0m [2mcrates/sui-core/src/checkpoints/mod.rs[0m[2m:[0m[2m1326:[0m Creating checkpoint(s) for 1 transactions [3mnext_checkpoint_seq[0m[2m=[0m162 [3mcheckpoint_timestamp[0m[2m=[0m1742889275698
[2m2025-03-25T07:54:36.661571Z[0m [32m INFO[0m [1mnode[0m[1m{[0m[3mname[0m[2m=[0mk#addeef94..[1m}[0m[2m:[0m [2msui_core::checkpoints[0m[2m:[0m [2mcrates/sui-core/src/checkpoints/mod.rs[0m[2m:[0m[2m1326:[0m Creating checkpoint(s) for 1 transactions [3mnext_checkpoint_seq[0m[2m=[0m162 [3mcheckpoint_timestamp[0m[2m=[0m1742889275698
[2m2025-03-25T07:54:36.661793Z[0m [32m INFO[0m [1mnode[0m[1m{[0m[3mname[0m[2m=[0mk#addeef94..[1m}[0m[2m:[0m [2msui_core::checkpoints::checkpoint_output[0m[2m:[0m [2mcrates/sui-core/src/checkpoints/checkpoint_output.rs[0m[2m:[0m[2m149:[0m Creating checkpoint CheckpointDigest(JE1hHEEhLBsZWkYPCqbAmEGXy2sapJZpSBVYsMSJ1TJo) at epoch 0, sequence 162, previous digest Some(CheckpointDigest(CFcLQbP5t7s9pC7jWMok51PcTZsN2CnrkzFuM3xwvzqt)), transactions count 1, content digest CheckpointContentsDigest(DDxxM8Qy6TAuHYfvqCdYkHgYi2TZyAFSkzhz2pfTwpjX), end_of_epoch_data None
[2m2025-03-25T07:54:36.661793Z[0m [32m INFO[0m [1mnode[0m[1m{[0m[3mname[0m[2m=[0mk#8dcff6d1..[1m}[0m[2m:[0m [2msui_core::checkpoints::checkpoint_output[0m[2m:[0m [2mcrates/sui-core/src/checkpoints/checkpoint_output.rs[0m[2m:[0m[2m149:[0m Creating checkpoint CheckpointDigest(JE1hHEEhLBsZWkYPCqbAmEGXy2sapJZpSBVYsMSJ1TJo) at epoch 0, sequence 162, previous digest Some(CheckpointDigest(CFcLQbP5t7s9pC7jWMok51PcTZsN2CnrkzFuM3xwvzqt)), transactions count 1, content digest CheckpointContentsDigest(DDxxM8Qy6TAuHYfvqCdYkHgYi2TZyAFSkzhz2pfTwpjX), end_of_epoch_data None
[2m2025-03-25T07:54:36.662573Z[0m [32m INFO[0m [1mnode[0m[1m{[0m[3mname[0m[2m=[0mk#99f25ef6..[1m}[0m[2m:[0m [2msui_core::checkpoints[0m[2m:[0m [2mcrates/sui-core/src/checkpoints/mod.rs[0m[2m:[0m[2m1326:[0m Creating checkpoint(s) for 1 transactions [3mnext_checkpoint_seq[0m[2m=[0m162 [3mcheckpoint_timestamp[0m[2m=[0m1742889275698
[2m2025-03-25T07:54:36.662744Z[0m [32m INFO[0m [1mnode[0m[1m{[0m[3mname[0m[2m=[0mk#99f25ef6..[1m}[0m[2m:[0m [2msui_core::checkpoints::checkpoint_output[0m[2m:[0m [2mcrates/sui-core/src/checkpoints/checkpoint_output.rs[0m[2m:[0m[2m149:[0m Creating checkpoint CheckpointDigest(JE1hHEEhLBsZWkYPCqbAmEGXy2sapJZpSBVYsMSJ1TJo) at epoch 0, sequence 162, previous digest Some(CheckpointDigest(CFcLQbP5t7s9pC7jWMok51PcTZsN2CnrkzFuM3xwvzqt)), transactions count 1, content digest CheckpointContentsDigest(DDxxM8Qy6TAuHYfvqCdYkHgYi2TZyAFSkzhz2pfTwpjX), end_of_epoch_data None
[2m2025-03-25T07:54:36.666299Z[0m [32m INFO[0m [1mnode[0m[1m{[0m[3mname[0m[2m=[0mk#8dcff6d1..[1m}[0m[2m:[0m [2msui_core::checkpoints::checkpoint_output[0m[2m:[0m [2mcrates/sui-core/src/checkpoints/checkpoint_output.rs[0m[2m:[0m[2m196:[0m Certified checkpoint with sequence 158 and digest AWLCt3AUvVFq4jfVes8QTr8zLbWLxfY79sxEAvbc1vW3
[2m2025-03-25T07:54:36.666320Z[0m [32m INFO[0m [1mnode[0m[1m{[0m[3mname[0m[2m=[0mk#8dcff6d1..[1m}[0m[2m:[0m [2msui_core::checkpoints::checkpoint_output[0m[2m:[0m [2mcrates/sui-core/src/checkpoints/checkpoint_output.rs[0m[2m:[0m[2m196:[0m Certified checkpoint with sequence 159 and digest D8HwxxRnB2kAAgKoiaH5y4mxMmpu2Q9XKdoZpJUKjnUE
[2m2025-03-25T07:54:36.667278Z[0m [32m INFO[0m [1mnode[0m[1m{[0m[3mname[0m[2m=[0mk#8dcff6d1..[1m}[0m[2m:[0m [2msui_core::checkpoints::checkpoint_executor[0m[2m:[0m [2mcrates/sui-core/src/checkpoints/checkpoint_executor/mod.rs[0m[2m:[0m[2m332:[0m Received checkpoint summary from state sync [3msequence_number[0m[2m=[0m158
[2m2025-03-25T07:54:36.667406Z[0m [32m INFO[0m [1mnode[0m[1m{[0m[3mname[0m[2m=[0mk#8dcff6d1..[1m}[0m[2m:[0m [2msui_core::checkpoints::checkpoint_executor[0m[2m:[0m [2mcrates/sui-core/src/checkpoints/checkpoint_executor/mod.rs[0m[2m:[0m[2m332:[0m Received checkpoint summary from state sync [3msequence_number[0m[2m=[0m159
[2m2025-03-25T07:54:36.672776Z[0m [32m INFO[0m [1mnode[0m[1m{[0m[3mname[0m[2m=[0mk#99f25ef6..[1m}[0m[2m:[0m [2msui_core::checkpoints::checkpoint_executor[0m[2m:[0m [2mcrates/sui-core/src/checkpoints/checkpoint_executor/mod.rs[0m[2m:[0m[2m332:[0m Received checkpoint summary from state sync [3msequence_number[0m[2m=[0m124
[2m2025-03-25T07:54:36.672900Z[0m [32m INFO[0m [1mnode[0m[1m{[0m[3mname[0m[2m=[0mk#99f25ef6..[1m}[0m[2m:[0m [2msui_core::checkpoints::checkpoint_executor[0m[2m:[0m [2mcrates/sui-core/src/checkpoints/checkpoint_executor/mod.rs[0m[2m:[0m[2m332:[0m Received checkpoint summary from state sync [3msequence_number[0m[2m=[0m125
[2m2025-03-25T07:54:36.672943Z[0m [32m INFO[0m [1mnode[0m[1m{[0m[3mname[0m[2m=[0mk#99f25ef6..[1m}[0m[2m:[0m [2msui_core::checkpoints::checkpoint_executor[0m[2m:[0m [2mcrates/sui-core/src/checkpoints/checkpoint_executor/mod.rs[0m[2m:[0m[2m332:[0m Received checkpoint summary from state sync [3msequence_number[0m[2m=[0m126
[2m2025-03-25T07:54:36.672984Z[0m [32m INFO[0m [1mnode[0m[1m{[0m[3mname[0m[2m=[0mk#99f25ef6..[1m}[0m[2m:[0m [2msui_core::checkpoints::checkpoint_executor[0m[2m:[0m [2mcrates/sui-core/src/checkpoints/checkpoint_executor/mod.rs[0m[2m:[0m[2m332:[0m Received checkpoint summary from state sync [3msequence_number[0m[2m=[0m127
[2m2025-03-25T07:54:36.673025Z[0m [32m INFO[0m [1mnode[0m[1m{[0m[3mname[0m[2m=[0mk#99f25ef6..[1m}[0m[2m:[0m [2msui_core::checkpoints::checkpoint_executor[0m[2m:[0m [2mcrates/sui-core/src/checkpoints/checkpoint_executor/mod.rs[0m[2m:[0m[2m332:[0m Received checkpoint summary from state sync [3msequence_number[0m[2m=[0m128
[2m2025-03-25T07:54:36.673066Z[0m [32m INFO[0m [1mnode[0m[1m{[0m[3mname[0m[2m=[0mk#99f25ef6..[1m}[0m[2m:[0m [2msui_core::checkpoints::checkpoint_executor[0m[2m:[0m [2mcrates/sui-core/src/checkpoints/checkpoint_executor/mod.rs[0m[2m:[0m[2m332:[0m Received checkpoint summary from state sync [3msequence_number[0m[2m=[0m129
[2m2025-03-25T07:54:36.673105Z[0m [32m INFO[0m [1mnode[0m[1m{[0m[3mname[0m[2m=[0mk#99f25ef6..[1m}[0m[2m:[0m [2msui_core::checkpoints::checkpoint_executor[0m[2m:[0m [2mcrates/sui-core/src/checkpoints/checkpoint_executor/mod.rs[0m[2m:[0m[2m332:[0m Received checkpoint summary from state sync [3msequence_number[0m[2m=[0m130
[2m2025-03-25T07:54:36.673143Z[0m [32m INFO[0m [1mnode[0m[1m{[0m[3mname[0m[2m=[0mk#99f25ef6..[1m}[0m[2m:[0m [2msui_core::checkpoints::checkpoint_executor[0m[2m:[0m [2mcrates/sui-core/src/checkpoints/checkpoint_executor/mod.rs[0m[2m:[0m[2m332:[0m Received checkpoint summary from state sync [3msequence_number[0m[2m=[0m131
[2m2025-03-25T07:54:36.673181Z[0m [32m INFO[0m [1mnode[0m[1m{[0m[3mname[0m[2m=[0mk#99f25ef6..[1m}[0m[2m:[0m [2msui_core::checkpoints::checkpoint_executor[0m[2m:[0m [2mcrates/sui-core/src/checkpoints/checkpoint_executor/mod.rs[0m[2m:[0m[2m332:[0m Received checkpoint summary from state sync [3msequence_number[0m[2m=[0m132
[2m2025-03-25T07:54:36.673221Z[0m [32m INFO[0m [1mnode[0m[1m{[0m[3mname[0m[2m=[0mk#99f25ef6..[1m}[0m[2m:[0m [2msui_core::checkpoints::checkpoint_executor[0m[2m:[0m [2mcrates/sui-core/src/checkpoints/checkpoint_executor/mod.rs[0m[2m:[0m[2m332:[0m Received checkpoint summary from state sync [3msequence_number[0m[2m=[0m133
[2m2025-03-25T07:54:36.673259Z[0m [32m INFO[0m [1mnode[0m[1m{[0m[3mname[0m[2m=[0mk#99f25ef6..[1m}[0m[2m:[0m [2msui_core::checkpoints::checkpoint_executor[0m[2m:[0m [2mcrates/sui-core/src/checkpoints/checkpoint_executor/mod.rs[0m[2m:[0m[2m332:[0m Received checkpoint summary from state sync [3msequence_number[0m[2m=[0m134
[2m2025-03-25T07:54:36.673272Z[0m [32m INFO[0m [1mnode[0m[1m{[0m[3mname[0m[2m=[0mk#8dcff6d1..[1m}[0m[2m:[0m [2msui_core::state_accumulator[0m[2m:[0m [2mcrates/sui-core/src/state_accumulator.rs[0m[2m:[0m[2m675:[0m accumulating running root for checkpoint 158
[2m2025-03-25T07:54:36.673297Z[0m [32m INFO[0m [1mnode[0m[1m{[0m[3mname[0m[2m=[0mk#99f25ef6..[1m}[0m[2m:[0m [2msui_core::checkpoints::checkpoint_executor[0m[2m:[0m [2mcrates/sui-core/src/checkpoints/checkpoint_executor/mod.rs[0m[2m:[0m[2m332:[0m Received checkpoint summary from state sync [3msequence_number[0m[2m=[0m135
[2m2025-03-25T07:54:36.673336Z[0m [32m INFO[0m [1mnode[0m[1m{[0m[3mname[0m[2m=[0mk#99f25ef6..[1m}[0m[2m:[0m [2msui_core::checkpoints::checkpoint_executor[0m[2m:[0m [2mcrates/sui-core/src/checkpoints/checkpoint_executor/mod.rs[0m[2m:[0m[2m332:[0m Received checkpoint summary from state sync [3msequence_number[0m[2m=[0m136
[2m2025-03-25T07:54:36.673375Z[0m [32m INFO[0m [1mnode[0m[1m{[0m[3mname[0m[2m=[0mk#99f25ef6..[1m}[0m[2m:[0m [2msui_core::checkpoints::checkpoint_executor[0m[2m:[0m [2mcrates/sui-core/src/checkpoints/checkpoint_executor/mod.rs[0m[2m:[0m[2m332:[0m Received checkpoint summary from state sync [3msequence_number[0m[2m=[0m137
[2m2025-03-25T07:54:36.673413Z[0m [32m INFO[0m [1mnode[0m[1m{[0m[3mname[0m[2m=[0mk#99f25ef6..[1m}[0m[2m:[0m [2msui_core::checkpoints::checkpoint_executor[0m[2m:[0m [2mcrates/sui-core/src/checkpoints/checkpoint_executor/mod.rs[0m[2m:[0m[2m332:[0m Received checkpoint summary from state sync [3msequence_number[0m[2m=[0m138
[2m2025-03-25T07:54:36.673452Z[0m [32m INFO[0m [1mnode[0m[1m{[0m[3mname[0m[2m=[0mk#99f25ef6..[1m}[0m[2m:[0m [2msui_core::checkpoints::checkpoint_executor[0m[2m:[0m [2mcrates/sui-core/src/checkpoints/checkpoint_executor/mod.rs[0m[2m:[0m[2m332:[0m Received checkpoint summary from state sync [3msequence_number[0m[2m=[0m139
[2m2025-03-25T07:54:36.673492Z[0m [32m INFO[0m [1mnode[0m[1m{[0m[3mname[0m[2m=[0mk#99f25ef6..[1m}[0m[2m:[0m [2msui_core::checkpoints::checkpoint_executor[0m[2m:[0m [2mcrates/sui-core/src/checkpoints/checkpoint_executor/mod.rs[0m[2m:[0m[2m332:[0m Received checkpoint summary from state sync [3msequence_number[0m[2m=[0m140
[2m2025-03-25T07:54:36.673529Z[0m [32m INFO[0m [1mnode[0m[1m{[0m[3mname[0m[2m=[0mk#99f25ef6..[1m}[0m[2m:[0m [2msui_core::checkpoints::checkpoint_executor[0m[2m:[0m [2mcrates/sui-core/src/checkpoints/checkpoint_executor/mod.rs[0m[2m:[0m[2m332:[0m Received checkpoint summary from state sync [3msequence_number[0m[2m=[0m141
[2m2025-03-25T07:54:36.673568Z[0m [32m INFO[0m [1mnode[0m[1m{[0m[3mname[0m[2m=[0mk#99f25ef6..[1m}[0m[2m:[0m [2msui_core::checkpoints::checkpoint_executor[0m[2m:[0m [2mcrates/sui-core/src/checkpoints/checkpoint_executor/mod.rs[0m[2m:[0m[2m332:[0m Received checkpoint summary from state sync [3msequence_number[0m[2m=[0m142
[2m2025-03-25T07:54:36.673606Z[0m [32m INFO[0m [1mnode[0m[1m{[0m[3mname[0m[2m=[0mk#99f25ef6..[1m}[0m[2m:[0m [2msui_core::checkpoints::checkpoint_executor[0m[2m:[0m [2mcrates/sui-core/src/checkpoints/checkpoint_executor/mod.rs[0m[2m:[0m[2m332:[0m Received checkpoint summary from state sync [3msequence_number[0m[2m=[0m143
[2m2025-03-25T07:54:36.673643Z[0m [32m INFO[0m [1mnode[0m[1m{[0m[3mname[0m[2m=[0mk#99f25ef6..[1m}[0m[2m:[0m [2msui_core::checkpoints::checkpoint_executor[0m[2m:[0m [2mcrates/sui-core/src/checkpoints/checkpoint_executor/mod.rs[0m[2m:[0m[2m332:[0m Received checkpoint summary from state sync [3msequence_number[0m[2m=[0m144
[2m2025-03-25T07:54:36.673681Z[0m [32m INFO[0m [1mnode[0m[1m{[0m[3mname[0m[2m=[0mk#99f25ef6..[1m}[0m[2m:[0m [2msui_core::checkpoints::checkpoint_executor[0m[2m:[0m [2mcrates/sui-core/src/checkpoints/checkpoint_executor/mod.rs[0m[2m:[0m[2m332:[0m Received checkpoint summary from state sync [3msequence_number[0m[2m=[0m145
[2m2025-03-25T07:54:36.673711Z[0m [32m INFO[0m [1mnode[0m[1m{[0m[3mname[0m[2m=[0mk#8dcff6d1..[1m}[0m[2m:[0m [2msui_core::state_accumulator[0m[2m:[0m [2mcrates/sui-core/src/state_accumulator.rs[0m[2m:[0m[2m675:[0m accumulating running root for checkpoint 159
[2m2025-03-25T07:54:36.673720Z[0m [32m INFO[0m [1mnode[0m[1m{[0m[3mname[0m[2m=[0mk#99f25ef6..[1m}[0m[2m:[0m [2msui_core::checkpoints::checkpoint_executor[0m[2m:[0m [2mcrates/sui-core/src/checkpoints/checkpoint_executor/mod.rs[0m[2m:[0m[2m332:[0m Received checkpoint summary from state sync [3msequence_number[0m[2m=[0m146
[2m2025-03-25T07:54:36.673758Z[0m [32m INFO[0m [1mnode[0m[1m{[0m[3mname[0m[2m=[0mk#99f25ef6..[1m}[0m[2m:[0m [2msui_core::checkpoints::checkpoint_executor[0m[2m:[0m [2mcrates/sui-core/src/checkpoints/checkpoint_executor/mod.rs[0m[2m:[0m[2m332:[0m Received checkpoint summary from state sync [3msequence_number[0m[2m=[0m147
[2m2025-03-25T07:54:36.673796Z[0m [32m INFO[0m [1mnode[0m[1m{[0m[3mname[0m[2m=[0mk#99f25ef6..[1m}[0m[2m:[0m [2msui_core::checkpoints::checkpoint_executor[0m[2m:[0m [2mcrates/sui-core/src/checkpoints/checkpoint_executor/mod.rs[0m[2m:[0m[2m332:[0m Received checkpoint summary from state sync [3msequence_number[0m[2m=[0m148
[2m2025-03-25T07:54:36.673834Z[0m [32m INFO[0m [1mnode[0m[1m{[0m[3mname[0m[2m=[0mk#99f25ef6..[1m}[0m[2m:[0m [2msui_core::checkpoints::checkpoint_executor[0m[2m:[0m [2mcrates/sui-core/src/checkpoints/checkpoint_executor/mod.rs[0m[2m:[0m[2m332:[0m Received checkpoint summary from state sync [3msequence_number[0m[2m=[0m149
[2m2025-03-25T07:54:36.673871Z[0m [32m INFO[0m [1mnode[0m[1m{[0m[3mname[0m[2m=[0mk#99f25ef6..[1m}[0m[2m:[0m [2msui_core::checkpoints::checkpoint_executor[0m[2m:[0m [2mcrates/sui-core/src/checkpoints/checkpoint_executor/mod.rs[0m[2m:[0m[2m332:[0m Received checkpoint summary from state sync [3msequence_number[0m[2m=[0m150
[2m2025-03-25T07:54:36.673908Z[0m [32m INFO[0m [1mnode[0m[1m{[0m[3mname[0m[2m=[0mk#99f25ef6..[1m}[0m[2m:[0m [2msui_core::checkpoints::checkpoint_executor[0m[2m:[0m [2mcrates/sui-core/src/checkpoints/checkpoint_executor/mod.rs[0m[2m:[0m[2m332:[0m Received checkpoint summary from state sync [3msequence_number[0m[2m=[0m151
[2m2025-03-25T07:54:36.673947Z[0m [32m INFO[0m [1mnode[0m[1m{[0m[3mname[0m[2m=[0mk#99f25ef6..[1m}[0m[2m:[0m [2msui_core::checkpoints::checkpoint_executor[0m[2m:[0m [2mcrates/sui-core/src/checkpoints/checkpoint_executor/mod.rs[0m[2m:[0m[2m332:[0m Received checkpoint summary from state sync [3msequence_number[0m[2m=[0m152
[2m2025-03-25T07:54:36.673985Z[0m [32m INFO[0m [1mnode[0m[1m{[0m[3mname[0m[2m=[0mk#99f25ef6..[1m}[0m[2m:[0m [2msui_core::checkpoints::checkpoint_executor[0m[2m:[0m [2mcrates/sui-core/src/checkpoints/checkpoint_executor/mod.rs[0m[2m:[0m[2m332:[0m Received checkpoint summary from state sync [3msequence_number[0m[2m=[0m153
[2m2025-03-25T07:54:36.674023Z[0m [32m INFO[0m [1mnode[0m[1m{[0m[3mname[0m[2m=[0mk#99f25ef6..[1m}[0m[2m:[0m [2msui_core::checkpoints::checkpoint_executor[0m[2m:[0m [2mcrates/sui-core/src/checkpoints/checkpoint_executor/mod.rs[0m[2m:[0m[2m332:[0m Received checkpoint summary from state sync [3msequence_number[0m[2m=[0m154
[2m2025-03-25T07:54:36.674060Z[0m [32m INFO[0m [1mnode[0m[1m{[0m[3mname[0m[2m=[0mk#99f25ef6..[1m}[0m[2m:[0m [2msui_core::checkpoints::checkpoint_executor[0m[2m:[0m [2mcrates/sui-core/src/checkpoints/checkpoint_executor/mod.rs[0m[2m:[0m[2m332:[0m Received checkpoint summary from state sync [3msequence_number[0m[2m=[0m155
[2m2025-03-25T07:54:36.674097Z[0m [32m INFO[0m [1mnode[0m[1m{[0m[3mname[0m[2m=[0mk#99f25ef6..[1m}[0m[2m:[0m [2msui_core::checkpoints::checkpoint_executor[0m[2m:[0m [2mcrates/sui-core/src/checkpoints/checkpoint_executor/mod.rs[0m[2m:[0m[2m332:[0m Received checkpoint summary from state sync [3msequence_number[0m[2m=[0m156
[2m2025-03-25T07:54:36.674142Z[0m [32m INFO[0m [1mnode[0m[1m{[0m[3mname[0m[2m=[0mk#99f25ef6..[1m}[0m[2m:[0m [2msui_core::checkpoints::checkpoint_executor[0m[2m:[0m [2mcrates/sui-core/src/checkpoints/checkpoint_executor/mod.rs[0m[2m:[0m[2m332:[0m Received checkpoint summary from state sync [3msequence_number[0m[2m=[0m157
[2m2025-03-25T07:54:36.674181Z[0m [32m INFO[0m [1mnode[0m[1m{[0m[3mname[0m[2m=[0mk#99f25ef6..[1m}[0m[2m:[0m [2msui_core::checkpoints::checkpoint_executor[0m[2m:[0m [2mcrates/sui-core/src/checkpoints/checkpoint_executor/mod.rs[0m[2m:[0m[2m332:[0m Received checkpoint summary from state sync [3msequence_number[0m[2m=[0m158
[2m2025-03-25T07:54:36.674219Z[0m [32m INFO[0m [1mnode[0m[1m{[0m[3mname[0m[2m=[0mk#99f25ef6..[1m}[0m[2m:[0m [2msui_core::checkpoints::checkpoint_executor[0m[2m:[0m [2mcrates/sui-core/src/checkpoints/checkpoint_executor/mod.rs[0m[2m:[0m[2m332:[0m Received checkpoint summary from state sync [3msequence_number[0m[2m=[0m159
[2m2025-03-25T07:54:36.679442Z[0m [32m INFO[0m [1mnode[0m[1m{[0m[3mname[0m[2m=[0mk#99f25ef6..[1m}[0m[2m:[0m [2msui_core::state_accumulator[0m[2m:[0m [2mcrates/sui-core/src/state_accumulator.rs[0m[2m:[0m[2m675:[0m accumulating running root for checkpoint 158
[2m2025-03-25T07:54:36.679882Z[0m [32m INFO[0m [1mnode[0m[1m{[0m[3mname[0m[2m=[0mk#99f25ef6..[1m}[0m[2m:[0m [2msui_core::state_accumulator[0m[2m:[0m [2mcrates/sui-core/src/state_accumulator.rs[0m[2m:[0m[2m675:[0m accumulating running root for checkpoint 159
[2m2025-03-25T07:54:36.771678Z[0m [32m INFO[0m [1mnode[0m[1m{[0m[3mname[0m[2m=[0mk#addeef94..[1m}[0m[2m:[0m [2msui_core::checkpoints[0m[2m:[0m [2mcrates/sui-core/src/checkpoints/mod.rs[0m[2m:[0m[2m1326:[0m Creating checkpoint(s) for 1 transactions [3mnext_checkpoint_seq[0m[2m=[0m163 [3mcheckpoint_timestamp[0m[2m=[0m1742889275698
[2m2025-03-25T07:54:36.771933Z[0m [32m INFO[0m [1mnode[0m[1m{[0m[3mname[0m[2m=[0mk#addeef94..[1m}[0m[2m:[0m [2msui_core::checkpoints::checkpoint_output[0m[2m:[0m [2mcrates/sui-core/src/checkpoints/checkpoint_output.rs[0m[2m:[0m[2m149:[0m Creating checkpoint CheckpointDigest(21CFQNxtx523kDH5yN7PePyQ3Lpcdw2DiW4JQrNRmYY8) at epoch 0, sequence 163, previous digest Some(CheckpointDigest(JE1hHEEhLBsZWkYPCqbAmEGXy2sapJZpSBVYsMSJ1TJo)), transactions count 1, content digest CheckpointContentsDigest(GPWK4NziyhKXWLqkBbGcgdE6tyFh4JQNqiQ3ja9XL9zv), end_of_epoch_data None
[2m2025-03-25T07:54:36.775986Z[0m [32m INFO[0m [1mnode[0m[1m{[0m[3mname[0m[2m=[0mk#addeef94..[1m}[0m[2m:[0m [2msui_core::checkpoints::checkpoint_executor[0m[2m:[0m [2mcrates/sui-core/src/checkpoints/checkpoint_executor/mod.rs[0m[2m:[0m[2m332:[0m Received checkpoint summary from state sync [3msequence_number[0m[2m=[0m158
[2m2025-03-25T07:54:36.776119Z[0m [32m INFO[0m [1mnode[0m[1m{[0m[3mname[0m[2m=[0mk#addeef94..[1m}[0m[2m:[0m [2msui_core::checkpoints::checkpoint_executor[0m[2m:[0m [2mcrates/sui-core/src/checkpoints/checkpoint_executor/mod.rs[0m[2m:[0m[2m332:[0m Received checkpoint summary from state sync [3msequence_number[0m[2m=[0m159
[2m2025-03-25T07:54:36.781262Z[0m [32m INFO[0m [1mnode[0m[1m{[0m[3mname[0m[2m=[0mk#addeef94..[1m}[0m[2m:[0m [2msui_core::state_accumulator[0m[2m:[0m [2mcrates/sui-core/src/state_accumulator.rs[0m[2m:[0m[2m675:[0m accumulating running root for checkpoint 158
[2m2025-03-25T07:54:36.781699Z[0m [32m INFO[0m [1mnode[0m[1m{[0m[3mname[0m[2m=[0mk#addeef94..[1m}[0m[2m:[0m [2msui_core::state_accumulator[0m[2m:[0m [2mcrates/sui-core/src/state_accumulator.rs[0m[2m:[0m[2m675:[0m accumulating running root for checkpoint 159
[2m2025-03-25T07:54:36.784307Z[0m [32m INFO[0m [1mnode[0m[1m{[0m[3mname[0m[2m=[0mk#99f25ef6..[1m}[0m[2m:[0m [2msui_core::checkpoints[0m[2m:[0m [2mcrates/sui-core/src/checkpoints/mod.rs[0m[2m:[0m[2m1326:[0m Creating checkpoint(s) for 1 transactions [3mnext_checkpoint_seq[0m[2m=[0m163 [3mcheckpoint_timestamp[0m[2m=[0m1742889275698
[2m2025-03-25T07:54:36.784512Z[0m [32m INFO[0m [1mnode[0m[1m{[0m[3mname[0m[2m=[0mk#99f25ef6..[1m}[0m[2m:[0m [2msui_core::checkpoints::checkpoint_output[0m[2m:[0m [2mcrates/sui-core/src/checkpoints/checkpoint_output.rs[0m[2m:[0m[2m149:[0m Creating checkpoint CheckpointDigest(21CFQNxtx523kDH5yN7PePyQ3Lpcdw2DiW4JQrNRmYY8) at epoch 0, sequence 163, previous digest Some(CheckpointDigest(JE1hHEEhLBsZWkYPCqbAmEGXy2sapJZpSBVYsMSJ1TJo)), transactions count 1, content digest CheckpointContentsDigest(GPWK4NziyhKXWLqkBbGcgdE6tyFh4JQNqiQ3ja9XL9zv), end_of_epoch_data None
[2m2025-03-25T07:54:36.784541Z[0m [32m INFO[0m [1mnode[0m[1m{[0m[3mname[0m[2m=[0mk#8dcff6d1..[1m}[0m[2m:[0m [2msui_core::checkpoints[0m[2m:[0m [2mcrates/sui-core/src/checkpoints/mod.rs[0m[2m:[0m[2m1326:[0m Creating checkpoint(s) for 1 transactions [3mnext_checkpoint_seq[0m[2m=[0m163 [3mcheckpoint_timestamp[0m[2m=[0m1742889275698
[2m2025-03-25T07:54:36.784711Z[0m [32m INFO[0m [1mnode[0m[1m{[0m[3mname[0m[2m=[0mk#8dcff6d1..[1m}[0m[2m:[0m [2msui_core::checkpoints::checkpoint_output[0m[2m:[0m [2mcrates/sui-core/src/checkpoints/checkpoint_output.rs[0m[2m:[0m[2m149:[0m Creating checkpoint CheckpointDigest(21CFQNxtx523kDH5yN7PePyQ3Lpcdw2DiW4JQrNRmYY8) at epoch 0, sequence 163, previous digest Some(CheckpointDigest(JE1hHEEhLBsZWkYPCqbAmEGXy2sapJZpSBVYsMSJ1TJo)), transactions count 1, content digest CheckpointContentsDigest(GPWK4NziyhKXWLqkBbGcgdE6tyFh4JQNqiQ3ja9XL9zv), end_of_epoch_data None
[2m2025-03-25T07:54:36.788588Z[0m [32m INFO[0m [1mnode[0m[1m{[0m[3mname[0m[2m=[0mk#99f25ef6..[1m}[0m[2m:[0m [2msui_core::checkpoints::checkpoint_output[0m[2m:[0m [2mcrates/sui-core/src/checkpoints/checkpoint_output.rs[0m[2m:[0m[2m196:[0m Certified checkpoint with sequence 160 and digest 71fpKjcu34C5K6o7CdUgz34WhH9mpTEGZWmjbffHzKwt
[2m2025-03-25T07:54:36.789000Z[0m [32m INFO[0m [1mnode[0m[1m{[0m[3mname[0m[2m=[0mk#99f25ef6..[1m}[0m[2m:[0m [2msui_core::checkpoints::checkpoint_executor[0m[2m:[0m [2mcrates/sui-core/src/checkpoints/checkpoint_executor/mod.rs[0m[2m:[0m[2m332:[0m Received checkpoint summary from state sync [3msequence_number[0m[2m=[0m160
[2m2025-03-25T07:54:36.790157Z[0m [32m INFO[0m [1mnode[0m[1m{[0m[3mname[0m[2m=[0mk#99f25ef6..[1m}[0m[2m:[0m [2msui_core::state_accumulator[0m[2m:[0m [2mcrates/sui-core/src/state_accumulator.rs[0m[2m:[0m[2m675:[0m accumulating running root for checkpoint 160
[2m2025-03-25T07:54:36.792001Z[0m [32m INFO[0m [1mnode[0m[1m{[0m[3mname[0m[2m=[0mk#addeef94..[1m}[0m[2m:[0m [2msui_core::checkpoints::checkpoint_executor[0m[2m:[0m [2mcrates/sui-core/src/checkpoints/checkpoint_executor/mod.rs[0m[2m:[0m[2m332:[0m Received checkpoint summary from state sync [3msequence_number[0m[2m=[0m160
[2m2025-03-25T07:54:36.792082Z[0m [32m INFO[0m [1mnode[0m[1m{[0m[3mname[0m[2m=[0mk#8dcff6d1..[1m}[0m[2m:[0m [2msui_core::checkpoints::checkpoint_executor[0m[2m:[0m [2mcrates/sui-core/src/checkpoints/checkpoint_executor/mod.rs[0m[2m:[0m[2m332:[0m Received checkpoint summary from state sync [3msequence_number[0m[2m=[0m158
[2m2025-03-25T07:54:36.792165Z[0m [32m INFO[0m [1mnode[0m[1m{[0m[3mname[0m[2m=[0mk#8dcff6d1..[1m}[0m[2m:[0m [2msui_core::checkpoints::checkpoint_executor[0m[2m:[0m [2mcrates/sui-core/src/checkpoints/checkpoint_executor/mod.rs[0m[2m:[0m[2m332:[0m Received checkpoint summary from state sync [3msequence_number[0m[2m=[0m159
[2m2025-03-25T07:54:36.792205Z[0m [32m INFO[0m [1mnode[0m[1m{[0m[3mname[0m[2m=[0mk#8dcff6d1..[1m}[0m[2m:[0m [2msui_core::checkpoints::checkpoint_executor[0m[2m:[0m [2mcrates/sui-core/src/checkpoints/checkpoint_executor/mod.rs[0m[2m:[0m[2m332:[0m Received checkpoint summary from state sync [3msequence_number[0m[2m=[0m160
[2m2025-03-25T07:54:36.792715Z[0m [32m INFO[0m [1mnode[0m[1m{[0m[3mname[0m[2m=[0mk#addeef94..[1m}[0m[2m:[0m [2msui_core::state_accumulator[0m[2m:[0m [2mcrates/sui-core/src/state_accumulator.rs[0m[2m:[0m[2m675:[0m accumulating running root for checkpoint 160
[2m2025-03-25T07:54:36.792860Z[0m [32m INFO[0m [1mnode[0m[1m{[0m[3mname[0m[2m=[0mk#8dcff6d1..[1m}[0m[2m:[0m [2msui_core::state_accumulator[0m[2m:[0m [2mcrates/sui-core/src/state_accumulator.rs[0m[2m:[0m[2m675:[0m accumulating running root for checkpoint 160
[2m2025-03-25T07:54:36.793328Z[0m [32m INFO[0m [1mnode[0m[1m{[0m[3mname[0m[2m=[0mk#b3f3cbb4..[1m}[0m[2m:[0m [2msui_core::checkpoints::checkpoint_executor[0m[2m:[0m [2mcrates/sui-core/src/checkpoints/checkpoint_executor/mod.rs[0m[2m:[0m[2m332:[0m Received checkpoint summary from state sync [3msequence_number[0m[2m=[0m158
[2m2025-03-25T07:54:36.793457Z[0m [32m INFO[0m [1mnode[0m[1m{[0m[3mname[0m[2m=[0mk#b3f3cbb4..[1m}[0m[2m:[0m [2msui_core::checkpoints::checkpoint_executor[0m[2m:[0m [2mcrates/sui-core/src/checkpoints/checkpoint_executor/mod.rs[0m[2m:[0m[2m332:[0m Received checkpoint summary from state sync [3msequence_number[0m[2m=[0m159
[2m2025-03-25T07:54:36.820317Z[0m [32m INFO[0m [1mnode[0m[1m{[0m[3mname[0m[2m=[0mk#addeef94..[1m}[0m[2m:[0m [2mconsensus_core::core[0m[2m:[0m [2mconsensus/core/src/core.rs[0m[2m:[0m[2m531:[0m Created block B89(C,NodCuMrERe6G/q4uBB7A0N8FU/u//uPSU0udDk7LEVk=)(1742889276820ms;[B88(C,u09fuZxhS4Dmbw2zgxPi7JCgdU3Jb6CgRRVlL8CV4Ic=), B88(A,TlS7aOwxTKcbveStnDFYUyLpFWwThzDhkIpOX9wiN8U=), B88(B,kCR2uyJSZQcpsjH8R0Y5OIi6MPS41DXWoFrUGw5QKvM=)];2t;1c) for round 89
[2m2025-03-25T07:54:36.823004Z[0m [32m INFO[0m [1mnode[0m[1m{[0m[3mname[0m[2m=[0mk#99f25ef6..[1m}[0m[2m:[0m [2mconsensus_core::core[0m[2m:[0m [2mconsensus/core/src/core.rs[0m[2m:[0m[2m531:[0m Created block B89(B,r06HFGXZYkOc732r/E57UUglat8n0Miv8XmnvR2uN6M=)(1742889276822ms;[B88(B,kCR2uyJSZQcpsjH8R0Y5OIi6MPS41DXWoFrUGw5QKvM=), B88(A,TlS7aOwxTKcbveStnDFYUyLpFWwThzDhkIpOX9wiN8U=), B88(C,u09fuZxhS4Dmbw2zgxPi7JCgdU3Jb6CgRRVlL8CV4Ic=)];4t;1c) for round 89
[2m2025-03-25T07:54:36.823066Z[0m [32m INFO[0m [1mnode[0m[1m{[0m[3mname[0m[2m=[0mk#8dcff6d1..[1m}[0m[2m:[0m [2mconsensus_core::core[0m[2m:[0m [2mconsensus/core/src/core.rs[0m[2m:[0m[2m531:[0m Created block B89(A,rzCeucZO38zvxXVu8JtYn9WuqSx3RuqxcJErzr+1Hho=)(1742889276822ms;[B88(A,TlS7aOwxTKcbveStnDFYUyLpFWwThzDhkIpOX9wiN8U=), B88(B,kCR2uyJSZQcpsjH8R0Y5OIi6MPS41DXWoFrUGw5QKvM=), B88(C,u09fuZxhS4Dmbw2zgxPi7JCgdU3Jb6CgRRVlL8CV4Ic=)];3t;1c) for round 89
[2m2025-03-25T07:54:36.823088Z[0m [32m INFO[0m [1mnode[0m[1m{[0m[3mname[0m[2m=[0mk#99f25ef6..[1m}[0m[2m:[0m [2mconsensus_core::core[0m[2m:[0m [2mconsensus/core/src/core.rs[0m[2m:[0m[2m630:[0m Committing 1 leaders: B87(A,mHE6)
[2m2025-03-25T07:54:36.823140Z[0m [32m INFO[0m [1mnode[0m[1m{[0m[3mname[0m[2m=[0mk#8dcff6d1..[1m}[0m[2m:[0m [2mconsensus_core::core[0m[2m:[0m [2mconsensus/core/src/core.rs[0m[2m:[0m[2m630:[0m Committing 1 leaders: B87(A,mHE6)
[2m2025-03-25T07:54:36.823158Z[0m [32m INFO[0m [1mnode[0m[1m{[0m[3mname[0m[2m=[0mk#99f25ef6..[1m}[0m[2m:[0m [2mconsensus_core::commit_observer[0m[2m:[0m [2mconsensus/core/src/commit_observer.rs[0m[2m:[0m[2m173:[0m Consensus commit C86(td5c) with leader B87(A,mHE6) has 3 blocks
[2m2025-03-25T07:54:36.823200Z[0m [32m INFO[0m [1mnode[0m[1m{[0m[3mname[0m[2m=[0mk#8dcff6d1..[1m}[0m[2m:[0m [2mconsensus_core::commit_observer[0m[2m:[0m [2mconsensus/core/src/commit_observer.rs[0m[2m:[0m[2m173:[0m Consensus commit C86(td5c) with leader B87(A,mHE6) has 3 blocks
[2m2025-03-25T07:54:36.823253Z[0m [32m INFO[0m [1mnode[0m[1m{[0m[3mname[0m[2m=[0mk#99f25ef6..[1m}[0m[2m:[0m [2msui_core::consensus_handler[0m[2m:[0m [2mcrates/sui-core/src/consensus_handler.rs[0m[2m:[0m[2m232:[0m Received consensus output [3mconsensus_commit[0m[2m=[0mCommittedSubDag(leader=B87(A,mHE6), ref=C86(td5c), blocks=[DsDy, gFwa, mHE6]) [3mepoch[0m[2m=[0m0
[2m2025-03-25T07:54:36.823284Z[0m [32m INFO[0m [1mnode[0m[1m{[0m[3mname[0m[2m=[0mk#8dcff6d1..[1m}[0m[2m:[0m [2msui_core::consensus_handler[0m[2m:[0m [2mcrates/sui-core/src/consensus_handler.rs[0m[2m:[0m[2m232:[0m Received consensus output [3mconsensus_commit[0m[2m=[0mCommittedSubDag(leader=B87(A,mHE6), ref=C86(td5c), blocks=[DsDy, gFwa, mHE6]) [3mepoch[0m[2m=[0m0
[2m2025-03-25T07:54:36.826811Z[0m [32m INFO[0m [1mnode[0m[1m{[0m[3mname[0m[2m=[0mk#addeef94..[1m}[0m[2m:[0m [2mconsensus_core::core[0m[2m:[0m [2mconsensus/core/src/core.rs[0m[2m:[0m[2m630:[0m Committing 1 leaders: B87(A,mHE6)
[2m2025-03-25T07:54:36.826902Z[0m [32m INFO[0m [1mnode[0m[1m{[0m[3mname[0m[2m=[0mk#addeef94..[1m}[0m[2m:[0m [2mconsensus_core::commit_observer[0m[2m:[0m [2mconsensus/core/src/commit_observer.rs[0m[2m:[0m[2m173:[0m Consensus commit C86(td5c) with leader B87(A,mHE6) has 3 blocks
[2m2025-03-25T07:54:36.826975Z[0m [32m INFO[0m [1mnode[0m[1m{[0m[3mname[0m[2m=[0mk#addeef94..[1m}[0m[2m:[0m [2msui_core::consensus_handler[0m[2m:[0m [2mcrates/sui-core/src/consensus_handler.rs[0m[2m:[0m[2m232:[0m Received consensus output [3mconsensus_commit[0m[2m=[0mCommittedSubDag(leader=B87(A,mHE6), ref=C86(td5c), blocks=[DsDy, gFwa, mHE6]) [3mepoch[0m[2m=[0m0
[2m2025-03-25T07:54:36.917021Z[0m [32m INFO[0m [1mnode[0m[1m{[0m[3mname[0m[2m=[0mk#8dcff6d1..[1m}[0m[2m:[0m [2msui_core::checkpoints[0m[2m:[0m [2mcrates/sui-core/src/checkpoints/mod.rs[0m[2m:[0m[2m1326:[0m Creating checkpoint(s) for 1 transactions [3mnext_checkpoint_seq[0m[2m=[0m164 [3mcheckpoint_timestamp[0m[2m=[0m1742889276197
[2m2025-03-25T07:54:36.917262Z[0m [32m INFO[0m [1mnode[0m[1m{[0m[3mname[0m[2m=[0mk#8dcff6d1..[1m}[0m[2m:[0m [2msui_core::checkpoints::checkpoint_output[0m[2m:[0m [2mcrates/sui-core/src/checkpoints/checkpoint_output.rs[0m[2m:[0m[2m149:[0m Creating checkpoint CheckpointDigest(DS3FnsjEFHzrwViAHbwz3jUUMiDT7j23sRVu6WEHt9ot) at epoch 0, sequence 164, previous digest Some(CheckpointDigest(21CFQNxtx523kDH5yN7PePyQ3Lpcdw2DiW4JQrNRmYY8)), transactions count 1, content digest CheckpointContentsDigest(BqPYN7LWMMS62q6dGFEQP3ChUpYjwfNLuKHJkoUx1VhM), end_of_epoch_data None
[2m2025-03-25T07:54:36.918218Z[0m [32m INFO[0m [1mnode[0m[1m{[0m[3mname[0m[2m=[0mk#addeef94..[1m}[0m[2m:[0m [2msui_core::checkpoints[0m[2m:[0m [2mcrates/sui-core/src/checkpoints/mod.rs[0m[2m:[0m[2m1326:[0m Creating checkpoint(s) for 1 transactions [3mnext_checkpoint_seq[0m[2m=[0m164 [3mcheckpoint_timestamp[0m[2m=[0m1742889276197
[2m2025-03-25T07:54:36.918398Z[0m [32m INFO[0m [1mnode[0m[1m{[0m[3mname[0m[2m=[0mk#addeef94..[1m}[0m[2m:[0m [2msui_core::checkpoints::checkpoint_output[0m[2m:[0m [2mcrates/sui-core/src/checkpoints/checkpoint_output.rs[0m[2m:[0m[2m149:[0m Creating checkpoint CheckpointDigest(DS3FnsjEFHzrwViAHbwz3jUUMiDT7j23sRVu6WEHt9ot) at epoch 0, sequence 164, previous digest Some(CheckpointDigest(21CFQNxtx523kDH5yN7PePyQ3Lpcdw2DiW4JQrNRmYY8)), transactions count 1, content digest CheckpointContentsDigest(BqPYN7LWMMS62q6dGFEQP3ChUpYjwfNLuKHJkoUx1VhM), end_of_epoch_data None
[2m2025-03-25T07:54:36.919091Z[0m [32m INFO[0m [1mnode[0m[1m{[0m[3mname[0m[2m=[0mk#99f25ef6..[1m}[0m[2m:[0m [2msui_core::checkpoints[0m[2m:[0m [2mcrates/sui-core/src/checkpoints/mod.rs[0m[2m:[0m[2m1326:[0m Creating checkpoint(s) for 1 transactions [3mnext_checkpoint_seq[0m[2m=[0m164 [3mcheckpoint_timestamp[0m[2m=[0m1742889276197
[2m2025-03-25T07:54:36.919261Z[0m [32m INFO[0m [1mnode[0m[1m{[0m[3mname[0m[2m=[0mk#99f25ef6..[1m}[0m[2m:[0m [2msui_core::checkpoints::checkpoint_output[0m[2m:[0m [2mcrates/sui-core/src/checkpoints/checkpoint_output.rs[0m[2m:[0m[2m149:[0m Creating checkpoint CheckpointDigest(DS3FnsjEFHzrwViAHbwz3jUUMiDT7j23sRVu6WEHt9ot) at epoch 0, sequence 164, previous digest Some(CheckpointDigest(21CFQNxtx523kDH5yN7PePyQ3Lpcdw2DiW4JQrNRmYY8)), transactions count 1, content digest CheckpointContentsDigest(BqPYN7LWMMS62q6dGFEQP3ChUpYjwfNLuKHJkoUx1VhM), end_of_epoch_data None
[2m2025-03-25T07:54:36.923670Z[0m [32m INFO[0m [1mnode[0m[1m{[0m[3mname[0m[2m=[0mk#8dcff6d1..[1m}[0m[2m:[0m [2msui_core::checkpoints::checkpoint_output[0m[2m:[0m [2mcrates/sui-core/src/checkpoints/checkpoint_output.rs[0m[2m:[0m[2m196:[0m Certified checkpoint with sequence 161 and digest CFcLQbP5t7s9pC7jWMok51PcTZsN2CnrkzFuM3xwvzqt
[2m2025-03-25T07:54:36.923695Z[0m [32m INFO[0m [1mnode[0m[1m{[0m[3mname[0m[2m=[0mk#8dcff6d1..[1m}[0m[2m:[0m [2msui_core::checkpoints::checkpoint_output[0m[2m:[0m [2mcrates/sui-core/src/checkpoints/checkpoint_output.rs[0m[2m:[0m[2m196:[0m Certified checkpoint with sequence 162 and digest JE1hHEEhLBsZWkYPCqbAmEGXy2sapJZpSBVYsMSJ1TJo
[2m2025-03-25T07:54:36.923711Z[0m [32m INFO[0m [1mnode[0m[1m{[0m[3mname[0m[2m=[0mk#8dcff6d1..[1m}[0m[2m:[0m [2msui_core::checkpoints::checkpoint_output[0m[2m:[0m [2mcrates/sui-core/src/checkpoints/checkpoint_output.rs[0m[2m:[0m[2m196:[0m Certified checkpoint with sequence 163 and digest 21CFQNxtx523kDH5yN7PePyQ3Lpcdw2DiW4JQrNRmYY8
[2m2025-03-25T07:54:36.924902Z[0m [32m INFO[0m [1mnode[0m[1m{[0m[3mname[0m[2m=[0mk#8dcff6d1..[1m}[0m[2m:[0m [2msui_core::checkpoints::checkpoint_executor[0m[2m:[0m [2mcrates/sui-core/src/checkpoints/checkpoint_executor/mod.rs[0m[2m:[0m[2m332:[0m Received checkpoint summary from state sync [3msequence_number[0m[2m=[0m161
[2m2025-03-25T07:54:36.925078Z[0m [32m INFO[0m [1mnode[0m[1m{[0m[3mname[0m[2m=[0mk#8dcff6d1..[1m}[0m[2m:[0m [2msui_core::checkpoints::checkpoint_executor[0m[2m:[0m [2mcrates/sui-core/src/checkpoints/checkpoint_executor/mod.rs[0m[2m:[0m[2m332:[0m Received checkpoint summary from state sync [3msequence_number[0m[2m=[0m162
[2m2025-03-25T07:54:36.925119Z[0m [32m INFO[0m [1mnode[0m[1m{[0m[3mname[0m[2m=[0mk#8dcff6d1..[1m}[0m[2m:[0m [2msui_core::checkpoints::checkpoint_executor[0m[2m:[0m [2mcrates/sui-core/src/checkpoints/checkpoint_executor/mod.rs[0m[2m:[0m[2m332:[0m Received checkpoint summary from state sync [3msequence_number[0m[2m=[0m163
[2m2025-03-25T07:54:36.928157Z[0m [32m INFO[0m [1mnode[0m[1m{[0m[3mname[0m[2m=[0mk#8dcff6d1..[1m}[0m[2m:[0m [2msui_core::state_accumulator[0m[2m:[0m [2mcrates/sui-core/src/state_accumulator.rs[0m[2m:[0m[2m675:[0m accumulating running root for checkpoint 161
[2m2025-03-25T07:54:36.928567Z[0m [32m INFO[0m [1mnode[0m[1m{[0m[3mname[0m[2m=[0mk#8dcff6d1..[1m}[0m[2m:[0m [2msui_core::state_accumulator[0m[2m:[0m [2mcrates/sui-core/src/state_accumulator.rs[0m[2m:[0m[2m675:[0m accumulating running root for checkpoint 162
[2m2025-03-25T07:54:36.928977Z[0m [32m INFO[0m [1mnode[0m[1m{[0m[3mname[0m[2m=[0mk#8dcff6d1..[1m}[0m[2m:[0m [2msui_core::state_accumulator[0m[2m:[0m [2mcrates/sui-core/src/state_accumulator.rs[0m[2m:[0m[2m675:[0m accumulating running root for checkpoint 163
[2m2025-03-25T07:54:37.020400Z[0m [32m INFO[0m [1mnode[0m[1m{[0m[3mname[0m[2m=[0mk#99f25ef6..[1m}[0m[2m:[0m [2msui_core::checkpoints[0m[2m:[0m [2mcrates/sui-core/src/checkpoints/mod.rs[0m[2m:[0m[2m1326:[0m Creating checkpoint(s) for 1 transactions [3mnext_checkpoint_seq[0m[2m=[0m165 [3mcheckpoint_timestamp[0m[2m=[0m1742889276197
[2m2025-03-25T07:54:37.020641Z[0m [32m INFO[0m [1mnode[0m[1m{[0m[3mname[0m[2m=[0mk#99f25ef6..[1m}[0m[2m:[0m [2msui_core::checkpoints::checkpoint_output[0m[2m:[0m [2mcrates/sui-core/src/checkpoints/checkpoint_output.rs[0m[2m:[0m[2m149:[0m Creating checkpoint CheckpointDigest(HUDaswEk3ZxvPWdCvsBPgb7evfk8YQy7NTNApP5DPvFa) at epoch 0, sequence 165, previous digest Some(CheckpointDigest(DS3FnsjEFHzrwViAHbwz3jUUMiDT7j23sRVu6WEHt9ot)), transactions count 1, content digest CheckpointContentsDigest(BQNRMapLCUiciyAS5gwRgfaZ1rZd4txwZ7yAefcirSt4), end_of_epoch_data None
[2m2025-03-25T07:54:37.026536Z[0m [32m INFO[0m [1mnode[0m[1m{[0m[3mname[0m[2m=[0mk#99f25ef6..[1m}[0m[2m:[0m [2msui_core::checkpoints::checkpoint_output[0m[2m:[0m [2mcrates/sui-core/src/checkpoints/checkpoint_output.rs[0m[2m:[0m[2m196:[0m Certified checkpoint with sequence 161 and digest CFcLQbP5t7s9pC7jWMok51PcTZsN2CnrkzFuM3xwvzqt
[2m2025-03-25T07:54:37.026558Z[0m [32m INFO[0m [1mnode[0m[1m{[0m[3mname[0m[2m=[0mk#99f25ef6..[1m}[0m[2m:[0m [2msui_core::checkpoints::checkpoint_output[0m[2m:[0m [2mcrates/sui-core/src/checkpoints/checkpoint_output.rs[0m[2m:[0m[2m196:[0m Certified checkpoint with sequence 162 and digest JE1hHEEhLBsZWkYPCqbAmEGXy2sapJZpSBVYsMSJ1TJo
[2m2025-03-25T07:54:37.026574Z[0m [32m INFO[0m [1mnode[0m[1m{[0m[3mname[0m[2m=[0mk#99f25ef6..[1m}[0m[2m:[0m [2msui_core::checkpoints::checkpoint_output[0m[2m:[0m [2mcrates/sui-core/src/checkpoints/checkpoint_output.rs[0m[2m:[0m[2m196:[0m Certified checkpoint with sequence 163 and digest 21CFQNxtx523kDH5yN7PePyQ3Lpcdw2DiW4JQrNRmYY8
[2m2025-03-25T07:54:37.033019Z[0m [32m INFO[0m [1mnode[0m[1m{[0m[3mname[0m[2m=[0mk#addeef94..[1m}[0m[2m:[0m [2msui_core::checkpoints[0m[2m:[0m [2mcrates/sui-core/src/checkpoints/mod.rs[0m[2m:[0m[2m1326:[0m Creating checkpoint(s) for 1 transactions [3mnext_checkpoint_seq[0m[2m=[0m165 [3mcheckpoint_timestamp[0m[2m=[0m1742889276197
[2m2025-03-25T07:54:37.033217Z[0m [32m INFO[0m [1mnode[0m[1m{[0m[3mname[0m[2m=[0mk#addeef94..[1m}[0m[2m:[0m [2msui_core::checkpoints::checkpoint_output[0m[2m:[0m [2mcrates/sui-core/src/checkpoints/checkpoint_output.rs[0m[2m:[0m[2m149:[0m Creating checkpoint CheckpointDigest(HUDaswEk3ZxvPWdCvsBPgb7evfk8YQy7NTNApP5DPvFa) at epoch 0, sequence 165, previous digest Some(CheckpointDigest(DS3FnsjEFHzrwViAHbwz3jUUMiDT7j23sRVu6WEHt9ot)), transactions count 1, content digest CheckpointContentsDigest(BQNRMapLCUiciyAS5gwRgfaZ1rZd4txwZ7yAefcirSt4), end_of_epoch_data None
[2m2025-03-25T07:54:37.034501Z[0m [32m INFO[0m [1mnode[0m[1m{[0m[3mname[0m[2m=[0mk#99f25ef6..[1m}[0m[2m:[0m [2msui_core::checkpoints::checkpoint_executor[0m[2m:[0m [2mcrates/sui-core/src/checkpoints/checkpoint_executor/mod.rs[0m[2m:[0m[2m332:[0m Received checkpoint summary from state sync [3msequence_number[0m[2m=[0m161
[2m2025-03-25T07:54:37.034668Z[0m [32m INFO[0m [1mnode[0m[1m{[0m[3mname[0m[2m=[0mk#99f25ef6..[1m}[0m[2m:[0m [2msui_core::checkpoints::checkpoint_executor[0m[2m:[0m [2mcrates/sui-core/src/checkpoints/checkpoint_executor/mod.rs[0m[2m:[0m[2m332:[0m Received checkpoint summary from state sync [3msequence_number[0m[2m=[0m162
[2m2025-03-25T07:54:37.034708Z[0m [32m INFO[0m [1mnode[0m[1m{[0m[3mname[0m[2m=[0mk#99f25ef6..[1m}[0m[2m:[0m [2msui_core::checkpoints::checkpoint_executor[0m[2m:[0m [2mcrates/sui-core/src/checkpoints/checkpoint_executor/mod.rs[0m[2m:[0m[2m332:[0m Received checkpoint summary from state sync [3msequence_number[0m[2m=[0m163
[2m2025-03-25T07:54:37.036234Z[0m [32m INFO[0m [1mnode[0m[1m{[0m[3mname[0m[2m=[0mk#8dcff6d1..[1m}[0m[2m:[0m [2msui_core::checkpoints[0m[2m:[0m [2mcrates/sui-core/src/checkpoints/mod.rs[0m[2m:[0m[2m1326:[0m Creating checkpoint(s) for 1 transactions [3mnext_checkpoint_seq[0m[2m=[0m165 [3mcheckpoint_timestamp[0m[2m=[0m1742889276197
[2m2025-03-25T07:54:37.036417Z[0m [32m INFO[0m [1mnode[0m[1m{[0m[3mname[0m[2m=[0mk#8dcff6d1..[1m}[0m[2m:[0m [2msui_core::checkpoints::checkpoint_output[0m[2m:[0m [2mcrates/sui-core/src/checkpoints/checkpoint_output.rs[0m[2m:[0m[2m149:[0m Creating checkpoint CheckpointDigest(HUDaswEk3ZxvPWdCvsBPgb7evfk8YQy7NTNApP5DPvFa) at epoch 0, sequence 165, previous digest Some(CheckpointDigest(DS3FnsjEFHzrwViAHbwz3jUUMiDT7j23sRVu6WEHt9ot)), transactions count 1, content digest CheckpointContentsDigest(BQNRMapLCUiciyAS5gwRgfaZ1rZd4txwZ7yAefcirSt4), end_of_epoch_data None
[2m2025-03-25T07:54:37.037029Z[0m [32m INFO[0m [1mnode[0m[1m{[0m[3mname[0m[2m=[0mk#addeef94..[1m}[0m[2m:[0m [2msui_core::checkpoints::checkpoint_executor[0m[2m:[0m [2mcrates/sui-core/src/checkpoints/checkpoint_executor/mod.rs[0m[2m:[0m[2m332:[0m Received checkpoint summary from state sync [3msequence_number[0m[2m=[0m161
[2m2025-03-25T07:54:37.037186Z[0m [32m INFO[0m [1mnode[0m[1m{[0m[3mname[0m[2m=[0mk#addeef94..[1m}[0m[2m:[0m [2msui_core::checkpoints::checkpoint_executor[0m[2m:[0m [2mcrates/sui-core/src/checkpoints/checkpoint_executor/mod.rs[0m[2m:[0m[2m332:[0m Received checkpoint summary from state sync [3msequence_number[0m[2m=[0m162
[2m2025-03-25T07:54:37.037228Z[0m [32m INFO[0m [1mnode[0m[1m{[0m[3mname[0m[2m=[0mk#addeef94..[1m}[0m[2m:[0m [2msui_core::checkpoints::checkpoint_executor[0m[2m:[0m [2mcrates/sui-core/src/checkpoints/checkpoint_executor/mod.rs[0m[2m:[0m[2m332:[0m Received checkpoint summary from state sync [3msequence_number[0m[2m=[0m163
[2m2025-03-25T07:54:37.037270Z[0m [32m INFO[0m [1mnode[0m[1m{[0m[3mname[0m[2m=[0mk#99f25ef6..[1m}[0m[2m:[0m [2msui_core::state_accumulator[0m[2m:[0m [2mcrates/sui-core/src/state_accumulator.rs[0m[2m:[0m[2m675:[0m accumulating running root for checkpoint 161
[2m2025-03-25T07:54:37.037670Z[0m [32m INFO[0m [1mnode[0m[1m{[0m[3mname[0m[2m=[0mk#99f25ef6..[1m}[0m[2m:[0m [2msui_core::state_accumulator[0m[2m:[0m [2mcrates/sui-core/src/state_accumulator.rs[0m[2m:[0m[2m675:[0m accumulating running root for checkpoint 162
[2m2025-03-25T07:54:37.038062Z[0m [32m INFO[0m [1mnode[0m[1m{[0m[3mname[0m[2m=[0mk#99f25ef6..[1m}[0m[2m:[0m [2msui_core::state_accumulator[0m[2m:[0m [2mcrates/sui-core/src/state_accumulator.rs[0m[2m:[0m[2m675:[0m accumulating running root for checkpoint 163
[2m2025-03-25T07:54:37.038757Z[0m [32m INFO[0m [1mnode[0m[1m{[0m[3mname[0m[2m=[0mk#addeef94..[1m}[0m[2m:[0m [2msui_core::state_accumulator[0m[2m:[0m [2mcrates/sui-core/src/state_accumulator.rs[0m[2m:[0m[2m675:[0m accumulating running root for checkpoint 161
[2m2025-03-25T07:54:37.039139Z[0m [32m INFO[0m [1mnode[0m[1m{[0m[3mname[0m[2m=[0mk#addeef94..[1m}[0m[2m:[0m [2msui_core::state_accumulator[0m[2m:[0m [2mcrates/sui-core/src/state_accumulator.rs[0m[2m:[0m[2m675:[0m accumulating running root for checkpoint 162
[2m2025-03-25T07:54:37.039531Z[0m [32m INFO[0m [1mnode[0m[1m{[0m[3mname[0m[2m=[0mk#addeef94..[1m}[0m[2m:[0m [2msui_core::state_accumulator[0m[2m:[0m [2mcrates/sui-core/src/state_accumulator.rs[0m[2m:[0m[2m675:[0m accumulating running root for checkpoint 163
[2m2025-03-25T07:54:37.075917Z[0m [32m INFO[0m [1mnode[0m[1m{[0m[3mname[0m[2m=[0mk#8dcff6d1..[1m}[0m[2m:[0m [2mconsensus_core::core[0m[2m:[0m [2mconsensus/core/src/core.rs[0m[2m:[0m[2m531:[0m Created block B90(A,YNVAyVlvlQ8WONdoWOKKFQtmYTgrN3K0ObpWDU+96LU=)(1742889277075ms;[B89(A,rzCeucZO38zvxXVu8JtYn9WuqSx3RuqxcJErzr+1Hho=), B89(B,r06HFGXZYkOc732r/E57UUglat8n0Miv8XmnvR2uN6M=), B89(C,NodCuMrERe6G/q4uBB7A0N8FU/u//uPSU0udDk7LEVk=)];2t;1c) for round 90
[2m2025-03-25T07:54:37.076066Z[0m [32m INFO[0m [1mnode[0m[1m{[0m[3mname[0m[2m=[0mk#99f25ef6..[1m}[0m[2m:[0m [2mconsensus_core::core[0m[2m:[0m [2mconsensus/core/src/core.rs[0m[2m:[0m[2m531:[0m Created block B90(B,qjddfR4bHZX0GBDDkShRYinolpsDJo2M2XTsRD4ogi8=)(1742889277075ms;[B89(B,r06HFGXZYkOc732r/E57UUglat8n0Miv8XmnvR2uN6M=), B89(A,rzCeucZO38zvxXVu8JtYn9WuqSx3RuqxcJErzr+1Hho=), B89(C,NodCuMrERe6G/q4uBB7A0N8FU/u//uPSU0udDk7LEVk=)];2t;1c) for round 90
[2m2025-03-25T07:54:37.078587Z[0m [32m INFO[0m [1mnode[0m[1m{[0m[3mname[0m[2m=[0mk#addeef94..[1m}[0m[2m:[0m [2mconsensus_core::core[0m[2m:[0m [2mconsensus/core/src/core.rs[0m[2m:[0m[2m531:[0m Created block B90(C,KDcU1mOU8E+dZMfT71cO6uhflOM2uVHLxZpxUXoHdOo=)(1742889277078ms;[B89(C,NodCuMrERe6G/q4uBB7A0N8FU/u//uPSU0udDk7LEVk=), B89(A,rzCeucZO38zvxXVu8JtYn9WuqSx3RuqxcJErzr+1Hho=), B89(B,r06HFGXZYkOc732r/E57UUglat8n0Miv8XmnvR2uN6M=)];2t;1c) for round 90
[2m2025-03-25T07:54:37.078668Z[0m [32m INFO[0m [1mnode[0m[1m{[0m[3mname[0m[2m=[0mk#addeef94..[1m}[0m[2m:[0m [2mconsensus_core::core[0m[2m:[0m [2mconsensus/core/src/core.rs[0m[2m:[0m[2m630:[0m Committing 1 leaders: B88(C,u09f)
[2m2025-03-25T07:54:37.078739Z[0m [32m INFO[0m [1mnode[0m[1m{[0m[3mname[0m[2m=[0mk#addeef94..[1m}[0m[2m:[0m [2mconsensus_core::commit_observer[0m[2m:[0m [2mconsensus/core/src/commit_observer.rs[0m[2m:[0m[2m173:[0m Consensus commit C87(GQLR) with leader B88(C,u09f) has 3 blocks
[2m2025-03-25T07:54:37.078826Z[0m [32m INFO[0m [1mnode[0m[1m{[0m[3mname[0m[2m=[0mk#addeef94..[1m}[0m[2m:[0m [2msui_core::consensus_handler[0m[2m:[0m [2mcrates/sui-core/src/consensus_handler.rs[0m[2m:[0m[2m232:[0m Received consensus output [3mconsensus_commit[0m[2m=[0mCommittedSubDag(leader=B88(C,u09f), ref=C87(GQLR), blocks=[pjXT, IYYz, u09f]) [3mepoch[0m[2m=[0m0
[2m2025-03-25T07:54:37.081662Z[0m [32m INFO[0m [1mnode[0m[1m{[0m[3mname[0m[2m=[0mk#99f25ef6..[1m}[0m[2m:[0m [2mconsensus_core::core[0m[2m:[0m [2mconsensus/core/src/core.rs[0m[2m:[0m[2m630:[0m Committing 1 leaders: B88(C,u09f)
[2m2025-03-25T07:54:37.081678Z[0m [32m INFO[0m [1mnode[0m[1m{[0m[3mname[0m[2m=[0mk#8dcff6d1..[1m}[0m[2m:[0m [2mconsensus_core::core[0m[2m:[0m [2mconsensus/core/src/core.rs[0m[2m:[0m[2m630:[0m Committing 1 leaders: B88(C,u09f)
[2m2025-03-25T07:54:37.081746Z[0m [32m INFO[0m [1mnode[0m[1m{[0m[3mname[0m[2m=[0mk#99f25ef6..[1m}[0m[2m:[0m [2mconsensus_core::commit_observer[0m[2m:[0m [2mconsensus/core/src/commit_observer.rs[0m[2m:[0m[2m173:[0m Consensus commit C87(GQLR) with leader B88(C,u09f) has 3 blocks
[2m2025-03-25T07:54:37.081761Z[0m [32m INFO[0m [1mnode[0m[1m{[0m[3mname[0m[2m=[0mk#8dcff6d1..[1m}[0m[2m:[0m [2mconsensus_core::commit_observer[0m[2m:[0m [2mconsensus/core/src/commit_observer.rs[0m[2m:[0m[2m173:[0m Consensus commit C87(GQLR) with leader B88(C,u09f) has 3 blocks
[2m2025-03-25T07:54:37.081819Z[0m [32m INFO[0m [1mnode[0m[1m{[0m[3mname[0m[2m=[0mk#99f25ef6..[1m}[0m[2m:[0m [2msui_core::consensus_handler[0m[2m:[0m [2mcrates/sui-core/src/consensus_handler.rs[0m[2m:[0m[2m232:[0m Received consensus output [3mconsensus_commit[0m[2m=[0mCommittedSubDag(leader=B88(C,u09f), ref=C87(GQLR), blocks=[pjXT, IYYz, u09f]) [3mepoch[0m[2m=[0m0
[2m2025-03-25T07:54:37.081831Z[0m [32m INFO[0m [1mnode[0m[1m{[0m[3mname[0m[2m=[0mk#8dcff6d1..[1m}[0m[2m:[0m [2msui_core::consensus_handler[0m[2m:[0m [2mcrates/sui-core/src/consensus_handler.rs[0m[2m:[0m[2m232:[0m Received consensus output [3mconsensus_commit[0m[2m=[0mCommittedSubDag(leader=B88(C,u09f), ref=C87(GQLR), blocks=[pjXT, IYYz, u09f]) [3mepoch[0m[2m=[0m0
[2m2025-03-25T07:54:37.172122Z[0m [32m INFO[0m [1mnode[0m[1m{[0m[3mname[0m[2m=[0mk#8dcff6d1..[1m}[0m[2m:[0m [2msui_core::checkpoints[0m[2m:[0m [2mcrates/sui-core/src/checkpoints/mod.rs[0m[2m:[0m[2m1326:[0m Creating checkpoint(s) for 1 transactions [3mnext_checkpoint_seq[0m[2m=[0m166 [3mcheckpoint_timestamp[0m[2m=[0m1742889276566
[2m2025-03-25T07:54:37.172366Z[0m [32m INFO[0m [1mnode[0m[1m{[0m[3mname[0m[2m=[0mk#8dcff6d1..[1m}[0m[2m:[0m [2msui_core::checkpoints::checkpoint_output[0m[2m:[0m [2mcrates/sui-core/src/checkpoints/checkpoint_output.rs[0m[2m:[0m[2m149:[0m Creating checkpoint CheckpointDigest(4eTAE5Svs549AJeUbpvd5g1NPMz5wHcLFqcFMkZn3JFD) at epoch 0, sequence 166, previous digest Some(CheckpointDigest(HUDaswEk3ZxvPWdCvsBPgb7evfk8YQy7NTNApP5DPvFa)), transactions count 1, content digest CheckpointContentsDigest(A4i9wcK1XprBiLPiqiw589KvvaA1df4FadNhVTLpYzEv), end_of_epoch_data None
[2m2025-03-25T07:54:37.175192Z[0m [32m INFO[0m [1mnode[0m[1m{[0m[3mname[0m[2m=[0mk#addeef94..[1m}[0m[2m:[0m [2msui_core::checkpoints[0m[2m:[0m [2mcrates/sui-core/src/checkpoints/mod.rs[0m[2m:[0m[2m1326:[0m Creating checkpoint(s) for 1 transactions [3mnext_checkpoint_seq[0m[2m=[0m166 [3mcheckpoint_timestamp[0m[2m=[0m1742889276566
[2m2025-03-25T07:54:37.175377Z[0m [32m INFO[0m [1mnode[0m[1m{[0m[3mname[0m[2m=[0mk#addeef94..[1m}[0m[2m:[0m [2msui_core::checkpoints::checkpoint_output[0m[2m:[0m [2mcrates/sui-core/src/checkpoints/checkpoint_output.rs[0m[2m:[0m[2m149:[0m Creating checkpoint CheckpointDigest(4eTAE5Svs549AJeUbpvd5g1NPMz5wHcLFqcFMkZn3JFD) at epoch 0, sequence 166, previous digest Some(CheckpointDigest(HUDaswEk3ZxvPWdCvsBPgb7evfk8YQy7NTNApP5DPvFa)), transactions count 1, content digest CheckpointContentsDigest(A4i9wcK1XprBiLPiqiw589KvvaA1df4FadNhVTLpYzEv), end_of_epoch_data None
[2m2025-03-25T07:54:37.175882Z[0m [32m INFO[0m [1mnode[0m[1m{[0m[3mname[0m[2m=[0mk#99f25ef6..[1m}[0m[2m:[0m [2msui_core::checkpoints[0m[2m:[0m [2mcrates/sui-core/src/checkpoints/mod.rs[0m[2m:[0m[2m1326:[0m Creating checkpoint(s) for 1 transactions [3mnext_checkpoint_seq[0m[2m=[0m166 [3mcheckpoint_timestamp[0m[2m=[0m1742889276566
[2m2025-03-25T07:54:37.176115Z[0m [32m INFO[0m [1mnode[0m[1m{[0m[3mname[0m[2m=[0mk#99f25ef6..[1m}[0m[2m:[0m [2msui_core::checkpoints::checkpoint_output[0m[2m:[0m [2mcrates/sui-core/src/checkpoints/checkpoint_output.rs[0m[2m:[0m[2m149:[0m Creating checkpoint CheckpointDigest(4eTAE5Svs549AJeUbpvd5g1NPMz5wHcLFqcFMkZn3JFD) at epoch 0, sequence 166, previous digest Some(CheckpointDigest(HUDaswEk3ZxvPWdCvsBPgb7evfk8YQy7NTNApP5DPvFa)), transactions count 1, content digest CheckpointContentsDigest(A4i9wcK1XprBiLPiqiw589KvvaA1df4FadNhVTLpYzEv), end_of_epoch_data None
[2m2025-03-25T07:54:37.177162Z[0m [32m INFO[0m [1mnode[0m[1m{[0m[3mname[0m[2m=[0mk#8dcff6d1..[1m}[0m[2m:[0m [2msui_core::checkpoints::checkpoint_output[0m[2m:[0m [2mcrates/sui-core/src/checkpoints/checkpoint_output.rs[0m[2m:[0m[2m196:[0m Certified checkpoint with sequence 164 and digest DS3FnsjEFHzrwViAHbwz3jUUMiDT7j23sRVu6WEHt9ot
[2m2025-03-25T07:54:37.177186Z[0m [32m INFO[0m [1mnode[0m[1m{[0m[3mname[0m[2m=[0mk#8dcff6d1..[1m}[0m[2m:[0m [2msui_core::checkpoints::checkpoint_output[0m[2m:[0m [2mcrates/sui-core/src/checkpoints/checkpoint_output.rs[0m[2m:[0m[2m196:[0m Certified checkpoint with sequence 165 and digest HUDaswEk3ZxvPWdCvsBPgb7evfk8YQy7NTNApP5DPvFa
[2m2025-03-25T07:54:37.178173Z[0m [32m INFO[0m [1mnode[0m[1m{[0m[3mname[0m[2m=[0mk#8dcff6d1..[1m}[0m[2m:[0m [2msui_core::checkpoints::checkpoint_executor[0m[2m:[0m [2mcrates/sui-core/src/checkpoints/checkpoint_executor/mod.rs[0m[2m:[0m[2m332:[0m Received checkpoint summary from state sync [3msequence_number[0m[2m=[0m164
[2m2025-03-25T07:54:37.178310Z[0m [32m INFO[0m [1mnode[0m[1m{[0m[3mname[0m[2m=[0mk#8dcff6d1..[1m}[0m[2m:[0m [2msui_core::checkpoints::checkpoint_executor[0m[2m:[0m [2mcrates/sui-core/src/checkpoints/checkpoint_executor/mod.rs[0m[2m:[0m[2m332:[0m Received checkpoint summary from state sync [3msequence_number[0m[2m=[0m165
[2m2025-03-25T07:54:37.180411Z[0m [32m INFO[0m [1mnode[0m[1m{[0m[3mname[0m[2m=[0mk#8dcff6d1..[1m}[0m[2m:[0m [2msui_core::state_accumulator[0m[2m:[0m [2mcrates/sui-core/src/state_accumulator.rs[0m[2m:[0m[2m675:[0m accumulating running root for checkpoint 164
[2m2025-03-25T07:54:37.180871Z[0m [32m INFO[0m [1mnode[0m[1m{[0m[3mname[0m[2m=[0mk#8dcff6d1..[1m}[0m[2m:[0m [2msui_core::state_accumulator[0m[2m:[0m [2mcrates/sui-core/src/state_accumulator.rs[0m[2m:[0m[2m675:[0m accumulating running root for checkpoint 165
[2m2025-03-25T07:54:37.278926Z[0m [32m INFO[0m [1mnode[0m[1m{[0m[3mname[0m[2m=[0mk#99f25ef6..[1m}[0m[2m:[0m [2msui_core::checkpoints[0m[2m:[0m [2mcrates/sui-core/src/checkpoints/mod.rs[0m[2m:[0m[2m1326:[0m Creating checkpoint(s) for 1 transactions [3mnext_checkpoint_seq[0m[2m=[0m167 [3mcheckpoint_timestamp[0m[2m=[0m1742889276566
[2m2025-03-25T07:54:37.279178Z[0m [32m INFO[0m [1mnode[0m[1m{[0m[3mname[0m[2m=[0mk#99f25ef6..[1m}[0m[2m:[0m [2msui_core::checkpoints::checkpoint_output[0m[2m:[0m [2mcrates/sui-core/src/checkpoints/checkpoint_output.rs[0m[2m:[0m[2m149:[0m Creating checkpoint CheckpointDigest(FQub8u9HrcSjp3QNQiWziqsgBDfFpbecb49jrCRb4Tep) at epoch 0, sequence 167, previous digest Some(CheckpointDigest(4eTAE5Svs549AJeUbpvd5g1NPMz5wHcLFqcFMkZn3JFD)), transactions count 1, content digest CheckpointContentsDigest(Djn5SEg4cg1mfc8mWJ4v1xqszHTMLjzEhrRcPgKw4MLm), end_of_epoch_data None
[2m2025-03-25T07:54:37.279402Z[0m [32m INFO[0m [1mnode[0m[1m{[0m[3mname[0m[2m=[0mk#8dcff6d1..[1m}[0m[2m:[0m [2msui_core::checkpoints[0m[2m:[0m [2mcrates/sui-core/src/checkpoints/mod.rs[0m[2m:[0m[2m1326:[0m Creating checkpoint(s) for 1 transactions [3mnext_checkpoint_seq[0m[2m=[0m167 [3mcheckpoint_timestamp[0m[2m=[0m1742889276566
[2m2025-03-25T07:54:37.279582Z[0m [32m INFO[0m [1mnode[0m[1m{[0m[3mname[0m[2m=[0mk#8dcff6d1..[1m}[0m[2m:[0m [2msui_core::checkpoints::checkpoint_output[0m[2m:[0m [2mcrates/sui-core/src/checkpoints/checkpoint_output.rs[0m[2m:[0m[2m149:[0m Creating checkpoint CheckpointDigest(FQub8u9HrcSjp3QNQiWziqsgBDfFpbecb49jrCRb4Tep) at epoch 0, sequence 167, previous digest Some(CheckpointDigest(4eTAE5Svs549AJeUbpvd5g1NPMz5wHcLFqcFMkZn3JFD)), transactions count 1, content digest CheckpointContentsDigest(Djn5SEg4cg1mfc8mWJ4v1xqszHTMLjzEhrRcPgKw4MLm), end_of_epoch_data None
[2m2025-03-25T07:54:37.289315Z[0m [32m INFO[0m [1mnode[0m[1m{[0m[3mname[0m[2m=[0mk#addeef94..[1m}[0m[2m:[0m [2msui_core::checkpoints[0m[2m:[0m [2mcrates/sui-core/src/checkpoints/mod.rs[0m[2m:[0m[2m1326:[0m Creating checkpoint(s) for 1 transactions [3mnext_checkpoint_seq[0m[2m=[0m167 [3mcheckpoint_timestamp[0m[2m=[0m1742889276566
[2m2025-03-25T07:54:37.289502Z[0m [32m INFO[0m [1mnode[0m[1m{[0m[3mname[0m[2m=[0mk#addeef94..[1m}[0m[2m:[0m [2msui_core::checkpoints::checkpoint_output[0m[2m:[0m [2mcrates/sui-core/src/checkpoints/checkpoint_output.rs[0m[2m:[0m[2m149:[0m Creating checkpoint CheckpointDigest(FQub8u9HrcSjp3QNQiWziqsgBDfFpbecb49jrCRb4Tep) at epoch 0, sequence 167, previous digest Some(CheckpointDigest(4eTAE5Svs549AJeUbpvd5g1NPMz5wHcLFqcFMkZn3JFD)), transactions count 1, content digest CheckpointContentsDigest(Djn5SEg4cg1mfc8mWJ4v1xqszHTMLjzEhrRcPgKw4MLm), end_of_epoch_data None
[2m2025-03-25T07:54:37.291062Z[0m [32m INFO[0m [1mnode[0m[1m{[0m[3mname[0m[2m=[0mk#99f25ef6..[1m}[0m[2m:[0m [2msui_core::checkpoints::checkpoint_output[0m[2m:[0m [2mcrates/sui-core/src/checkpoints/checkpoint_output.rs[0m[2m:[0m[2m196:[0m Certified checkpoint with sequence 164 and digest DS3FnsjEFHzrwViAHbwz3jUUMiDT7j23sRVu6WEHt9ot
[2m2025-03-25T07:54:37.291082Z[0m [32m INFO[0m [1mnode[0m[1m{[0m[3mname[0m[2m=[0mk#99f25ef6..[1m}[0m[2m:[0m [2msui_core::checkpoints::checkpoint_output[0m[2m:[0m [2mcrates/sui-core/src/checkpoints/checkpoint_output.rs[0m[2m:[0m[2m196:[0m Certified checkpoint with sequence 165 and digest HUDaswEk3ZxvPWdCvsBPgb7evfk8YQy7NTNApP5DPvFa
[2m2025-03-25T07:54:37.292090Z[0m [32m INFO[0m [1mnode[0m[1m{[0m[3mname[0m[2m=[0mk#99f25ef6..[1m}[0m[2m:[0m [2msui_core::checkpoints::checkpoint_executor[0m[2m:[0m [2mcrates/sui-core/src/checkpoints/checkpoint_executor/mod.rs[0m[2m:[0m[2m332:[0m Received checkpoint summary from state sync [3msequence_number[0m[2m=[0m164
[2m2025-03-25T07:54:37.292218Z[0m [32m INFO[0m [1mnode[0m[1m{[0m[3mname[0m[2m=[0mk#99f25ef6..[1m}[0m[2m:[0m [2msui_core::checkpoints::checkpoint_executor[0m[2m:[0m [2mcrates/sui-core/src/checkpoints/checkpoint_executor/mod.rs[0m[2m:[0m[2m332:[0m Received checkpoint summary from state sync [3msequence_number[0m[2m=[0m165
[2m2025-03-25T07:54:37.292422Z[0m [32m INFO[0m [1mnode[0m[1m{[0m[3mname[0m[2m=[0mk#addeef94..[1m}[0m[2m:[0m [2msui_core::checkpoints::checkpoint_executor[0m[2m:[0m [2mcrates/sui-core/src/checkpoints/checkpoint_executor/mod.rs[0m[2m:[0m[2m332:[0m Received checkpoint summary from state sync [3msequence_number[0m[2m=[0m164
[2m2025-03-25T07:54:37.292540Z[0m [32m INFO[0m [1mnode[0m[1m{[0m[3mname[0m[2m=[0mk#addeef94..[1m}[0m[2m:[0m [2msui_core::checkpoints::checkpoint_executor[0m[2m:[0m [2mcrates/sui-core/src/checkpoints/checkpoint_executor/mod.rs[0m[2m:[0m[2m332:[0m Received checkpoint summary from state sync [3msequence_number[0m[2m=[0m165
[2m2025-03-25T07:54:37.293851Z[0m [32m INFO[0m [1mnode[0m[1m{[0m[3mname[0m[2m=[0mk#addeef94..[1m}[0m[2m:[0m [2msui_core::state_accumulator[0m[2m:[0m [2mcrates/sui-core/src/state_accumulator.rs[0m[2m:[0m[2m675:[0m accumulating running root for checkpoint 164
[2m2025-03-25T07:54:37.293931Z[0m [32m INFO[0m [1mnode[0m[1m{[0m[3mname[0m[2m=[0mk#99f25ef6..[1m}[0m[2m:[0m [2msui_core::state_accumulator[0m[2m:[0m [2mcrates/sui-core/src/state_accumulator.rs[0m[2m:[0m[2m675:[0m accumulating running root for checkpoint 164
[2m2025-03-25T07:54:37.294293Z[0m [32m INFO[0m [1mnode[0m[1m{[0m[3mname[0m[2m=[0mk#addeef94..[1m}[0m[2m:[0m [2msui_core::state_accumulator[0m[2m:[0m [2mcrates/sui-core/src/state_accumulator.rs[0m[2m:[0m[2m675:[0m accumulating running root for checkpoint 165
[2m2025-03-25T07:54:37.294367Z[0m [32m INFO[0m [1mnode[0m[1m{[0m[3mname[0m[2m=[0mk#99f25ef6..[1m}[0m[2m:[0m [2msui_core::state_accumulator[0m[2m:[0m [2mcrates/sui-core/src/state_accumulator.rs[0m[2m:[0m[2m675:[0m accumulating running root for checkpoint 165
[2m2025-03-25T07:54:37.332019Z[0m [32m INFO[0m [1mnode[0m[1m{[0m[3mname[0m[2m=[0mk#addeef94..[1m}[0m[2m:[0m [2mconsensus_core::core[0m[2m:[0m [2mconsensus/core/src/core.rs[0m[2m:[0m[2m531:[0m Created block B91(C,NnRdBPuXR415lks6IsjTTgfTnJ/c0fGMWkGQY4F74FE=)(1742889277331ms;[B90(C,KDcU1mOU8E+dZMfT71cO6uhflOM2uVHLxZpxUXoHdOo=), B90(A,YNVAyVlvlQ8WONdoWOKKFQtmYTgrN3K0ObpWDU+96LU=), B90(B,qjddfR4bHZX0GBDDkShRYinolpsDJo2M2XTsRD4ogi8=)];2t;1c) for round 91
[2m2025-03-25T07:54:37.334358Z[0m [32m INFO[0m [1mnode[0m[1m{[0m[3mname[0m[2m=[0mk#99f25ef6..[1m}[0m[2m:[0m [2mconsensus_core::core[0m[2m:[0m [2mconsensus/core/src/core.rs[0m[2m:[0m[2m531:[0m Created block B91(B,/lGme1g6Ey2WqxNHj3G+V1TlbGVJtZqU0MbECCpQMcg=)(1742889277334ms;[B90(B,qjddfR4bHZX0GBDDkShRYinolpsDJo2M2XTsRD4ogi8=), B90(A,YNVAyVlvlQ8WONdoWOKKFQtmYTgrN3K0ObpWDU+96LU=), B90(C,KDcU1mOU8E+dZMfT71cO6uhflOM2uVHLxZpxUXoHdOo=)];2t;1c) for round 91
[2m2025-03-25T07:54:37.334526Z[0m [32m INFO[0m [1mnode[0m[1m{[0m[3mname[0m[2m=[0mk#99f25ef6..[1m}[0m[2m:[0m [2mconsensus_core::core[0m[2m:[0m [2mconsensus/core/src/core.rs[0m[2m:[0m[2m630:[0m Committing 1 leaders: B89(C,NodC)
[2m2025-03-25T07:54:37.334617Z[0m [32m INFO[0m [1mnode[0m[1m{[0m[3mname[0m[2m=[0mk#99f25ef6..[1m}[0m[2m:[0m [2mconsensus_core::commit_observer[0m[2m:[0m [2mconsensus/core/src/commit_observer.rs[0m[2m:[0m[2m173:[0m Consensus commit C88(nYGo) with leader B89(C,NodC) has 3 blocks
[2m2025-03-25T07:54:37.334755Z[0m [32m INFO[0m [1mnode[0m[1m{[0m[3mname[0m[2m=[0mk#8dcff6d1..[1m}[0m[2m:[0m [2mconsensus_core::core[0m[2m:[0m [2mconsensus/core/src/core.rs[0m[2m:[0m[2m531:[0m Created block B91(A,2Fj05iqwP5p5NqrQuxvEXWrFDXA8olafV1YkA8aC8Vc=)(1742889277334ms;[B90(A,YNVAyVlvlQ8WONdoWOKKFQtmYTgrN3K0ObpWDU+96LU=), B90(B,qjddfR4bHZX0GBDDkShRYinolpsDJo2M2XTsRD4ogi8=), B90(C,KDcU1mOU8E+dZMfT71cO6uhflOM2uVHLxZpxUXoHdOo=)];2t;1c) for round 91
[2m2025-03-25T07:54:37.334833Z[0m [32m INFO[0m [1mnode[0m[1m{[0m[3mname[0m[2m=[0mk#8dcff6d1..[1m}[0m[2m:[0m [2mconsensus_core::core[0m[2m:[0m [2mconsensus/core/src/core.rs[0m[2m:[0m[2m630:[0m Committing 1 leaders: B89(C,NodC)
[2m2025-03-25T07:54:37.334896Z[0m [32m INFO[0m [1mnode[0m[1m{[0m[3mname[0m[2m=[0mk#8dcff6d1..[1m}[0m[2m:[0m [2mconsensus_core::commit_observer[0m[2m:[0m [2mconsensus/core/src/commit_observer.rs[0m[2m:[0m[2m173:[0m Consensus commit C88(nYGo) with leader B89(C,NodC) has 3 blocks
[2m2025-03-25T07:54:37.334952Z[0m [32m INFO[0m [1mnode[0m[1m{[0m[3mname[0m[2m=[0mk#99f25ef6..[1m}[0m[2m:[0m [2msui_core::consensus_handler[0m[2m:[0m [2mcrates/sui-core/src/consensus_handler.rs[0m[2m:[0m[2m232:[0m Received consensus output [3mconsensus_commit[0m[2m=[0mCommittedSubDag(leader=B89(C,NodC), ref=C88(nYGo), blocks=[TlS7, kCR2, NodC]) [3mepoch[0m[2m=[0m0
[2m2025-03-25T07:54:37.334982Z[0m [32m INFO[0m [1mnode[0m[1m{[0m[3mname[0m[2m=[0mk#8dcff6d1..[1m}[0m[2m:[0m [2msui_core::consensus_handler[0m[2m:[0m [2mcrates/sui-core/src/consensus_handler.rs[0m[2m:[0m[2m232:[0m Received consensus output [3mconsensus_commit[0m[2m=[0mCommittedSubDag(leader=B89(C,NodC), ref=C88(nYGo), blocks=[TlS7, kCR2, NodC]) [3mepoch[0m[2m=[0m0
[2m2025-03-25T07:54:37.338173Z[0m [32m INFO[0m [1mnode[0m[1m{[0m[3mname[0m[2m=[0mk#addeef94..[1m}[0m[2m:[0m [2mconsensus_core::core[0m[2m:[0m [2mconsensus/core/src/core.rs[0m[2m:[0m[2m630:[0m Committing 1 leaders: B89(C,NodC)
[2m2025-03-25T07:54:37.338266Z[0m [32m INFO[0m [1mnode[0m[1m{[0m[3mname[0m[2m=[0mk#addeef94..[1m}[0m[2m:[0m [2mconsensus_core::commit_observer[0m[2m:[0m [2mconsensus/core/src/commit_observer.rs[0m[2m:[0m[2m173:[0m Consensus commit C88(nYGo) with leader B89(C,NodC) has 3 blocks
[2m2025-03-25T07:54:37.338342Z[0m [32m INFO[0m [1mnode[0m[1m{[0m[3mname[0m[2m=[0mk#addeef94..[1m}[0m[2m:[0m [2msui_core::consensus_handler[0m[2m:[0m [2mcrates/sui-core/src/consensus_handler.rs[0m[2m:[0m[2m232:[0m Received consensus output [3mconsensus_commit[0m[2m=[0mCommittedSubDag(leader=B89(C,NodC), ref=C88(nYGo), blocks=[TlS7, kCR2, NodC]) [3mepoch[0m[2m=[0m0
[2m2025-03-25T07:54:37.441635Z[0m [32m INFO[0m [1mnode[0m[1m{[0m[3mname[0m[2m=[0mk#8dcff6d1..[1m}[0m[2m:[0m [2msui_core::checkpoints[0m[2m:[0m [2mcrates/sui-core/src/checkpoints/mod.rs[0m[2m:[0m[2m1326:[0m Creating checkpoint(s) for 1 transactions [3mnext_checkpoint_seq[0m[2m=[0m168 [3mcheckpoint_timestamp[0m[2m=[0m1742889276820
[2m2025-03-25T07:54:37.441875Z[0m [32m INFO[0m [1mnode[0m[1m{[0m[3mname[0m[2m=[0mk#addeef94..[1m}[0m[2m:[0m [2msui_core::checkpoints[0m[2m:[0m [2mcrates/sui-core/src/checkpoints/mod.rs[0m[2m:[0m[2m1326:[0m Creating checkpoint(s) for 1 transactions [3mnext_checkpoint_seq[0m[2m=[0m168 [3mcheckpoint_timestamp[0m[2m=[0m1742889276820
[2m2025-03-25T07:54:37.441875Z[0m [32m INFO[0m [1mnode[0m[1m{[0m[3mname[0m[2m=[0mk#8dcff6d1..[1m}[0m[2m:[0m [2msui_core::checkpoints::checkpoint_output[0m[2m:[0m [2mcrates/sui-core/src/checkpoints/checkpoint_output.rs[0m[2m:[0m[2m149:[0m Creating checkpoint CheckpointDigest(G3Hq3FejWtEWUJXtoxh1vuJxUeQ7mjrVgvfMHwGsqhTr) at epoch 0, sequence 168, previous digest Some(CheckpointDigest(FQub8u9HrcSjp3QNQiWziqsgBDfFpbecb49jrCRb4Tep)), transactions count 1, content digest CheckpointContentsDigest(5BTv7QXLCV6gB31v28Xpbqr2YY3Eb3bVUewQ72ZFTLC2), end_of_epoch_data None
[2m2025-03-25T07:54:37.442062Z[0m [32m INFO[0m [1mnode[0m[1m{[0m[3mname[0m[2m=[0mk#99f25ef6..[1m}[0m[2m:[0m [2msui_core::checkpoints[0m[2m:[0m [2mcrates/sui-core/src/checkpoints/mod.rs[0m[2m:[0m[2m1326:[0m Creating checkpoint(s) for 1 transactions [3mnext_checkpoint_seq[0m[2m=[0m168 [3mcheckpoint_timestamp[0m[2m=[0m1742889276820
[2m2025-03-25T07:54:37.442045Z[0m [32m INFO[0m [1mnode[0m[1m{[0m[3mname[0m[2m=[0mk#addeef94..[1m}[0m[2m:[0m [2msui_core::checkpoints::checkpoint_output[0m[2m:[0m [2mcrates/sui-core/src/checkpoints/checkpoint_output.rs[0m[2m:[0m[2m149:[0m Creating checkpoint CheckpointDigest(G3Hq3FejWtEWUJXtoxh1vuJxUeQ7mjrVgvfMHwGsqhTr) at epoch 0, sequence 168, previous digest Some(CheckpointDigest(FQub8u9HrcSjp3QNQiWziqsgBDfFpbecb49jrCRb4Tep)), transactions count 1, content digest CheckpointContentsDigest(5BTv7QXLCV6gB31v28Xpbqr2YY3Eb3bVUewQ72ZFTLC2), end_of_epoch_data None
[2m2025-03-25T07:54:37.442227Z[0m [32m INFO[0m [1mnode[0m[1m{[0m[3mname[0m[2m=[0mk#99f25ef6..[1m}[0m[2m:[0m [2msui_core::checkpoints::checkpoint_output[0m[2m:[0m [2mcrates/sui-core/src/checkpoints/checkpoint_output.rs[0m[2m:[0m[2m149:[0m Creating checkpoint CheckpointDigest(G3Hq3FejWtEWUJXtoxh1vuJxUeQ7mjrVgvfMHwGsqhTr) at epoch 0, sequence 168, previous digest Some(CheckpointDigest(FQub8u9HrcSjp3QNQiWziqsgBDfFpbecb49jrCRb4Tep)), transactions count 1, content digest CheckpointContentsDigest(5BTv7QXLCV6gB31v28Xpbqr2YY3Eb3bVUewQ72ZFTLC2), end_of_epoch_data None
[2m2025-03-25T07:54:37.446600Z[0m [32m INFO[0m [1mnode[0m[1m{[0m[3mname[0m[2m=[0mk#8dcff6d1..[1m}[0m[2m:[0m [2msui_core::checkpoints::checkpoint_output[0m[2m:[0m [2mcrates/sui-core/src/checkpoints/checkpoint_output.rs[0m[2m:[0m[2m196:[0m Certified checkpoint with sequence 166 and digest 4eTAE5Svs549AJeUbpvd5g1NPMz5wHcLFqcFMkZn3JFD
[2m2025-03-25T07:54:37.446624Z[0m [32m INFO[0m [1mnode[0m[1m{[0m[3mname[0m[2m=[0mk#8dcff6d1..[1m}[0m[2m:[0m [2msui_core::checkpoints::checkpoint_output[0m[2m:[0m [2mcrates/sui-core/src/checkpoints/checkpoint_output.rs[0m[2m:[0m[2m196:[0m Certified checkpoint with sequence 167 and digest FQub8u9HrcSjp3QNQiWziqsgBDfFpbecb49jrCRb4Tep
[2m2025-03-25T07:54:37.447574Z[0m [32m INFO[0m [1mnode[0m[1m{[0m[3mname[0m[2m=[0mk#8dcff6d1..[1m}[0m[2m:[0m [2msui_core::checkpoints::checkpoint_executor[0m[2m:[0m [2mcrates/sui-core/src/checkpoints/checkpoint_executor/mod.rs[0m[2m:[0m[2m332:[0m Received checkpoint summary from state sync [3msequence_number[0m[2m=[0m166
[2m2025-03-25T07:54:37.447707Z[0m [32m INFO[0m [1mnode[0m[1m{[0m[3mname[0m[2m=[0mk#8dcff6d1..[1m}[0m[2m:[0m [2msui_core::checkpoints::checkpoint_executor[0m[2m:[0m [2mcrates/sui-core/src/checkpoints/checkpoint_executor/mod.rs[0m[2m:[0m[2m332:[0m Received checkpoint summary from state sync [3msequence_number[0m[2m=[0m167
[2m2025-03-25T07:54:37.449803Z[0m [32m INFO[0m [1mnode[0m[1m{[0m[3mname[0m[2m=[0mk#8dcff6d1..[1m}[0m[2m:[0m [2msui_core::state_accumulator[0m[2m:[0m [2mcrates/sui-core/src/state_accumulator.rs[0m[2m:[0m[2m675:[0m accumulating running root for checkpoint 166
[2m2025-03-25T07:54:37.450274Z[0m [32m INFO[0m [1mnode[0m[1m{[0m[3mname[0m[2m=[0mk#8dcff6d1..[1m}[0m[2m:[0m [2msui_core::state_accumulator[0m[2m:[0m [2mcrates/sui-core/src/state_accumulator.rs[0m[2m:[0m[2m675:[0m accumulating running root for checkpoint 167
[2m2025-03-25T07:54:37.512990Z[0m [32m INFO[0m [1mnode[0m[1m{[0m[3mname[0m[2m=[0mk#b3f3cbb4..[1m}[0m[2m:[0m [2msui_core::state_accumulator[0m[2m:[0m [2mcrates/sui-core/src/state_accumulator.rs[0m[2m:[0m[2m675:[0m accumulating running root for checkpoint 158
[2m2025-03-25T07:54:37.513447Z[0m [32m INFO[0m [1mnode[0m[1m{[0m[3mname[0m[2m=[0mk#b3f3cbb4..[1m}[0m[2m:[0m [2msui_core::state_accumulator[0m[2m:[0m [2mcrates/sui-core/src/state_accumulator.rs[0m[2m:[0m[2m675:[0m accumulating running root for checkpoint 159
[2m2025-03-25T07:54:37.543297Z[0m [32m INFO[0m [1mnode[0m[1m{[0m[3mname[0m[2m=[0mk#99f25ef6..[1m}[0m[2m:[0m [2msui_core::checkpoints[0m[2m:[0m [2mcrates/sui-core/src/checkpoints/mod.rs[0m[2m:[0m[2m1326:[0m Creating checkpoint(s) for 1 transactions [3mnext_checkpoint_seq[0m[2m=[0m169 [3mcheckpoint_timestamp[0m[2m=[0m1742889276820
[2m2025-03-25T07:54:37.543534Z[0m [32m INFO[0m [1mnode[0m[1m{[0m[3mname[0m[2m=[0mk#99f25ef6..[1m}[0m[2m:[0m [2msui_core::checkpoints::checkpoint_output[0m[2m:[0m [2mcrates/sui-core/src/checkpoints/checkpoint_output.rs[0m[2m:[0m[2m149:[0m Creating checkpoint CheckpointDigest(H2YxGQF7fEEBHWRJnuUiwWysv3jCJwqjzDZBUp2JJqCe) at epoch 0, sequence 169, previous digest Some(CheckpointDigest(G3Hq3FejWtEWUJXtoxh1vuJxUeQ7mjrVgvfMHwGsqhTr)), transactions count 1, content digest CheckpointContentsDigest(5DY6QVdt4cEXpJid2ZGg6h4nU728THAA8VzxVizzHpHN), end_of_epoch_data None
[2m2025-03-25T07:54:37.547998Z[0m [32m INFO[0m [1mnode[0m[1m{[0m[3mname[0m[2m=[0mk#99f25ef6..[1m}[0m[2m:[0m [2msui_core::checkpoints::checkpoint_output[0m[2m:[0m [2mcrates/sui-core/src/checkpoints/checkpoint_output.rs[0m[2m:[0m[2m196:[0m Certified checkpoint with sequence 166 and digest 4eTAE5Svs549AJeUbpvd5g1NPMz5wHcLFqcFMkZn3JFD
[2m2025-03-25T07:54:37.548019Z[0m [32m INFO[0m [1mnode[0m[1m{[0m[3mname[0m[2m=[0mk#99f25ef6..[1m}[0m[2m:[0m [2msui_core::checkpoints::checkpoint_output[0m[2m:[0m [2mcrates/sui-core/src/checkpoints/checkpoint_output.rs[0m[2m:[0m[2m196:[0m Certified checkpoint with sequence 167 and digest FQub8u9HrcSjp3QNQiWziqsgBDfFpbecb49jrCRb4Tep
[2m2025-03-25T07:54:37.555669Z[0m [32m INFO[0m [1mnode[0m[1m{[0m[3mname[0m[2m=[0mk#addeef94..[1m}[0m[2m:[0m [2msui_core::checkpoints[0m[2m:[0m [2mcrates/sui-core/src/checkpoints/mod.rs[0m[2m:[0m[2m1326:[0m Creating checkpoint(s) for 1 transactions [3mnext_checkpoint_seq[0m[2m=[0m169 [3mcheckpoint_timestamp[0m[2m=[0m1742889276820
[2m2025-03-25T07:54:37.555674Z[0m [32m INFO[0m [1mnode[0m[1m{[0m[3mname[0m[2m=[0mk#99f25ef6..[1m}[0m[2m:[0m [2msui_core::checkpoints::checkpoint_executor[0m[2m:[0m [2mcrates/sui-core/src/checkpoints/checkpoint_executor/mod.rs[0m[2m:[0m[2m332:[0m Received checkpoint summary from state sync [3msequence_number[0m[2m=[0m166
[2m2025-03-25T07:54:37.555805Z[0m [32m INFO[0m [1mnode[0m[1m{[0m[3mname[0m[2m=[0mk#99f25ef6..[1m}[0m[2m:[0m [2msui_core::checkpoints::checkpoint_executor[0m[2m:[0m [2mcrates/sui-core/src/checkpoints/checkpoint_executor/mod.rs[0m[2m:[0m[2m332:[0m Received checkpoint summary from state sync [3msequence_number[0m[2m=[0m167
[2m2025-03-25T07:54:37.555865Z[0m [32m INFO[0m [1mnode[0m[1m{[0m[3mname[0m[2m=[0mk#addeef94..[1m}[0m[2m:[0m [2msui_core::checkpoints::checkpoint_output[0m[2m:[0m [2mcrates/sui-core/src/checkpoints/checkpoint_output.rs[0m[2m:[0m[2m149:[0m Creating checkpoint CheckpointDigest(H2YxGQF7fEEBHWRJnuUiwWysv3jCJwqjzDZBUp2JJqCe) at epoch 0, sequence 169, previous digest Some(CheckpointDigest(G3Hq3FejWtEWUJXtoxh1vuJxUeQ7mjrVgvfMHwGsqhTr)), transactions count 1, content digest CheckpointContentsDigest(5DY6QVdt4cEXpJid2ZGg6h4nU728THAA8VzxVizzHpHN), end_of_epoch_data None
[2m2025-03-25T07:54:37.557265Z[0m [32m INFO[0m [1mnode[0m[1m{[0m[3mname[0m[2m=[0mk#8dcff6d1..[1m}[0m[2m:[0m [2msui_core::checkpoints[0m[2m:[0m [2mcrates/sui-core/src/checkpoints/mod.rs[0m[2m:[0m[2m1326:[0m Creating checkpoint(s) for 1 transactions [3mnext_checkpoint_seq[0m[2m=[0m169 [3mcheckpoint_timestamp[0m[2m=[0m1742889276820
[2m2025-03-25T07:54:37.557447Z[0m [32m INFO[0m [1mnode[0m[1m{[0m[3mname[0m[2m=[0mk#8dcff6d1..[1m}[0m[2m:[0m [2msui_core::checkpoints::checkpoint_output[0m[2m:[0m [2mcrates/sui-core/src/checkpoints/checkpoint_output.rs[0m[2m:[0m[2m149:[0m Creating checkpoint CheckpointDigest(H2YxGQF7fEEBHWRJnuUiwWysv3jCJwqjzDZBUp2JJqCe) at epoch 0, sequence 169, previous digest Some(CheckpointDigest(G3Hq3FejWtEWUJXtoxh1vuJxUeQ7mjrVgvfMHwGsqhTr)), transactions count 1, content digest CheckpointContentsDigest(5DY6QVdt4cEXpJid2ZGg6h4nU728THAA8VzxVizzHpHN), end_of_epoch_data None
[2m2025-03-25T07:54:37.557676Z[0m [32m INFO[0m [1mnode[0m[1m{[0m[3mname[0m[2m=[0mk#99f25ef6..[1m}[0m[2m:[0m [2msui_core::state_accumulator[0m[2m:[0m [2mcrates/sui-core/src/state_accumulator.rs[0m[2m:[0m[2m675:[0m accumulating running root for checkpoint 166
[2m2025-03-25T07:54:37.558105Z[0m [32m INFO[0m [1mnode[0m[1m{[0m[3mname[0m[2m=[0mk#99f25ef6..[1m}[0m[2m:[0m [2msui_core::state_accumulator[0m[2m:[0m [2mcrates/sui-core/src/state_accumulator.rs[0m[2m:[0m[2m675:[0m accumulating running root for checkpoint 167
[2m2025-03-25T07:54:37.558774Z[0m [32m INFO[0m [1mnode[0m[1m{[0m[3mname[0m[2m=[0mk#addeef94..[1m}[0m[2m:[0m [2msui_core::checkpoints::checkpoint_executor[0m[2m:[0m [2mcrates/sui-core/src/checkpoints/checkpoint_executor/mod.rs[0m[2m:[0m[2m332:[0m Received checkpoint summary from state sync [3msequence_number[0m[2m=[0m166
[2m2025-03-25T07:54:37.558896Z[0m [32m INFO[0m [1mnode[0m[1m{[0m[3mname[0m[2m=[0mk#addeef94..[1m}[0m[2m:[0m [2msui_core::checkpoints::checkpoint_executor[0m[2m:[0m [2mcrates/sui-core/src/checkpoints/checkpoint_executor/mod.rs[0m[2m:[0m[2m332:[0m Received checkpoint summary from state sync [3msequence_number[0m[2m=[0m167
[2m2025-03-25T07:54:37.560022Z[0m [32m INFO[0m [1mnode[0m[1m{[0m[3mname[0m[2m=[0mk#addeef94..[1m}[0m[2m:[0m [2msui_core::state_accumulator[0m[2m:[0m [2mcrates/sui-core/src/state_accumulator.rs[0m[2m:[0m[2m675:[0m accumulating running root for checkpoint 166
[2m2025-03-25T07:54:37.560454Z[0m [32m INFO[0m [1mnode[0m[1m{[0m[3mname[0m[2m=[0mk#addeef94..[1m}[0m[2m:[0m [2msui_core::state_accumulator[0m[2m:[0m [2mcrates/sui-core/src/state_accumulator.rs[0m[2m:[0m[2m675:[0m accumulating running root for checkpoint 167
[2m2025-03-25T07:54:37.564120Z[0m [32m INFO[0m [1mnode[0m[1m{[0m[3mname[0m[2m=[0mk#b3f3cbb4..[1m}[0m[2m:[0m [2msui_core::checkpoints::checkpoint_executor[0m[2m:[0m [2mcrates/sui-core/src/checkpoints/checkpoint_executor/mod.rs[0m[2m:[0m[2m332:[0m Received checkpoint summary from state sync [3msequence_number[0m[2m=[0m160
[2m2025-03-25T07:54:37.564426Z[0m [32m INFO[0m [1mnode[0m[1m{[0m[3mname[0m[2m=[0mk#b3f3cbb4..[1m}[0m[2m:[0m [2msui_core::checkpoints::checkpoint_executor[0m[2m:[0m [2mcrates/sui-core/src/checkpoints/checkpoint_executor/mod.rs[0m[2m:[0m[2m332:[0m Received checkpoint summary from state sync [3msequence_number[0m[2m=[0m161
[2m2025-03-25T07:54:37.564468Z[0m [32m INFO[0m [1mnode[0m[1m{[0m[3mname[0m[2m=[0mk#b3f3cbb4..[1m}[0m[2m:[0m [2msui_core::checkpoints::checkpoint_executor[0m[2m:[0m [2mcrates/sui-core/src/checkpoints/checkpoint_executor/mod.rs[0m[2m:[0m[2m332:[0m Received checkpoint summary from state sync [3msequence_number[0m[2m=[0m162
[2m2025-03-25T07:54:37.564507Z[0m [32m INFO[0m [1mnode[0m[1m{[0m[3mname[0m[2m=[0mk#b3f3cbb4..[1m}[0m[2m:[0m [2msui_core::checkpoints::checkpoint_executor[0m[2m:[0m [2mcrates/sui-core/src/checkpoints/checkpoint_executor/mod.rs[0m[2m:[0m[2m332:[0m Received checkpoint summary from state sync [3msequence_number[0m[2m=[0m163
[2m2025-03-25T07:54:37.564545Z[0m [32m INFO[0m [1mnode[0m[1m{[0m[3mname[0m[2m=[0mk#b3f3cbb4..[1m}[0m[2m:[0m [2msui_core::checkpoints::checkpoint_executor[0m[2m:[0m [2mcrates/sui-core/src/checkpoints/checkpoint_executor/mod.rs[0m[2m:[0m[2m332:[0m Received checkpoint summary from state sync [3msequence_number[0m[2m=[0m164
[2m2025-03-25T07:54:37.564582Z[0m [32m INFO[0m [1mnode[0m[1m{[0m[3mname[0m[2m=[0mk#b3f3cbb4..[1m}[0m[2m:[0m [2msui_core::checkpoints::checkpoint_executor[0m[2m:[0m [2mcrates/sui-core/src/checkpoints/checkpoint_executor/mod.rs[0m[2m:[0m[2m332:[0m Received checkpoint summary from state sync [3msequence_number[0m[2m=[0m165
[2m2025-03-25T07:54:37.564619Z[0m [32m INFO[0m [1mnode[0m[1m{[0m[3mname[0m[2m=[0mk#b3f3cbb4..[1m}[0m[2m:[0m [2msui_core::checkpoints::checkpoint_executor[0m[2m:[0m [2mcrates/sui-core/src/checkpoints/checkpoint_executor/mod.rs[0m[2m:[0m[2m332:[0m Received checkpoint summary from state sync [3msequence_number[0m[2m=[0m166
[2m2025-03-25T07:54:37.564656Z[0m [32m INFO[0m [1mnode[0m[1m{[0m[3mname[0m[2m=[0mk#b3f3cbb4..[1m}[0m[2m:[0m [2msui_core::checkpoints::checkpoint_executor[0m[2m:[0m [2mcrates/sui-core/src/checkpoints/checkpoint_executor/mod.rs[0m[2m:[0m[2m332:[0m Received checkpoint summary from state sync [3msequence_number[0m[2m=[0m167
[2m2025-03-25T07:54:37.587159Z[0m [32m INFO[0m [1mnode[0m[1m{[0m[3mname[0m[2m=[0mk#99f25ef6..[1m}[0m[2m:[0m [2mconsensus_core::core[0m[2m:[0m [2mconsensus/core/src/core.rs[0m[2m:[0m[2m531:[0m Created block B92(B,XYYhD/FeQaBTQY4jNhpI44WGV382o/g5br+SM6R7kLU=)(1742889277586ms;[B91(B,/lGme1g6Ey2WqxNHj3G+V1TlbGVJtZqU0MbECCpQMcg=), B91(A,2Fj05iqwP5p5NqrQuxvEXWrFDXA8olafV1YkA8aC8Vc=), B91(C,NnRdBPuXR415lks6IsjTTgfTnJ/c0fGMWkGQY4F74FE=)];2t;1c) for round 92
[2m2025-03-25T07:54:37.587812Z[0m [32m INFO[0m [1mnode[0m[1m{[0m[3mname[0m[2m=[0mk#8dcff6d1..[1m}[0m[2m:[0m [2mconsensus_core::core[0m[2m:[0m [2mconsensus/core/src/core.rs[0m[2m:[0m[2m531:[0m Created block B92(A,3p2V4Zs5GjYCYHOpk5fLnPkB0k24vKhoeqLo/V+tiz0=)(1742889277587ms;[B91(A,2Fj05iqwP5p5NqrQuxvEXWrFDXA8olafV1YkA8aC8Vc=), B91(B,/lGme1g6Ey2WqxNHj3G+V1TlbGVJtZqU0MbECCpQMcg=), B91(C,NnRdBPuXR415lks6IsjTTgfTnJ/c0fGMWkGQY4F74FE=)];2t;1c) for round 92
[2m2025-03-25T07:54:37.589949Z[0m [32m INFO[0m [1mnode[0m[1m{[0m[3mname[0m[2m=[0mk#addeef94..[1m}[0m[2m:[0m [2mconsensus_core::core[0m[2m:[0m [2mconsensus/core/src/core.rs[0m[2m:[0m[2m531:[0m Created block B92(C,1WQBkKGRkyEU5eN0ELWqZGUjd/96QuOC1sP7/Id+6Og=)(1742889277589ms;[B91(C,NnRdBPuXR415lks6IsjTTgfTnJ/c0fGMWkGQY4F74FE=), B91(A,2Fj05iqwP5p5NqrQuxvEXWrFDXA8olafV1YkA8aC8Vc=), B91(B,/lGme1g6Ey2WqxNHj3G+V1TlbGVJtZqU0MbECCpQMcg=)];2t;1c) for round 92
[2m2025-03-25T07:54:37.590031Z[0m [32m INFO[0m [1mnode[0m[1m{[0m[3mname[0m[2m=[0mk#addeef94..[1m}[0m[2m:[0m [2mconsensus_core::core[0m[2m:[0m [2mconsensus/core/src/core.rs[0m[2m:[0m[2m630:[0m Committing 1 leaders: B90(C,KDcU)
[2m2025-03-25T07:54:37.590102Z[0m [32m INFO[0m [1mnode[0m[1m{[0m[3mname[0m[2m=[0mk#addeef94..[1m}[0m[2m:[0m [2mconsensus_core::commit_observer[0m[2m:[0m [2mconsensus/core/src/commit_observer.rs[0m[2m:[0m[2m173:[0m Consensus commit C89(k7h0) with leader B90(C,KDcU) has 3 blocks
[2m2025-03-25T07:54:37.590189Z[0m [32m INFO[0m [1mnode[0m[1m{[0m[3mname[0m[2m=[0mk#addeef94..[1m}[0m[2m:[0m [2msui_core::consensus_handler[0m[2m:[0m [2mcrates/sui-core/src/consensus_handler.rs[0m[2m:[0m[2m232:[0m Received consensus output [3mconsensus_commit[0m[2m=[0mCommittedSubDag(leader=B90(C,KDcU), ref=C89(k7h0), blocks=[rzCe, r06H, KDcU]) [3mepoch[0m[2m=[0m0
[2m2025-03-25T07:54:37.593232Z[0m [32m INFO[0m [1mnode[0m[1m{[0m[3mname[0m[2m=[0mk#99f25ef6..[1m}[0m[2m:[0m [2mconsensus_core::core[0m[2m:[0m [2mconsensus/core/src/core.rs[0m[2m:[0m[2m630:[0m Committing 1 leaders: B90(C,KDcU)
[2m2025-03-25T07:54:37.593244Z[0m [32m INFO[0m [1mnode[0m[1m{[0m[3mname[0m[2m=[0mk#8dcff6d1..[1m}[0m[2m:[0m [2mconsensus_core::core[0m[2m:[0m [2mconsensus/core/src/core.rs[0m[2m:[0m[2m630:[0m Committing 1 leaders: B90(C,KDcU)
[2m2025-03-25T07:54:37.593318Z[0m [32m INFO[0m [1mnode[0m[1m{[0m[3mname[0m[2m=[0mk#99f25ef6..[1m}[0m[2m:[0m [2mconsensus_core::commit_observer[0m[2m:[0m [2mconsensus/core/src/commit_observer.rs[0m[2m:[0m[2m173:[0m Consensus commit C89(k7h0) with leader B90(C,KDcU) has 3 blocks
[2m2025-03-25T07:54:37.593332Z[0m [32m INFO[0m [1mnode[0m[1m{[0m[3mname[0m[2m=[0mk#8dcff6d1..[1m}[0m[2m:[0m [2mconsensus_core::commit_observer[0m[2m:[0m [2mconsensus/core/src/commit_observer.rs[0m[2m:[0m[2m173:[0m Consensus commit C89(k7h0) with leader B90(C,KDcU) has 3 blocks
[2m2025-03-25T07:54:37.593390Z[0m [32m INFO[0m [1mnode[0m[1m{[0m[3mname[0m[2m=[0mk#99f25ef6..[1m}[0m[2m:[0m [2msui_core::consensus_handler[0m[2m:[0m [2mcrates/sui-core/src/consensus_handler.rs[0m[2m:[0m[2m232:[0m Received consensus output [3mconsensus_commit[0m[2m=[0mCommittedSubDag(leader=B90(C,KDcU), ref=C89(k7h0), blocks=[rzCe, r06H, KDcU]) [3mepoch[0m[2m=[0m0
[2m2025-03-25T07:54:37.593405Z[0m [32m INFO[0m [1mnode[0m[1m{[0m[3mname[0m[2m=[0mk#8dcff6d1..[1m}[0m[2m:[0m [2msui_core::consensus_handler[0m[2m:[0m [2mcrates/sui-core/src/consensus_handler.rs[0m[2m:[0m[2m232:[0m Received consensus output [3mconsensus_commit[0m[2m=[0mCommittedSubDag(leader=B90(C,KDcU), ref=C89(k7h0), blocks=[rzCe, r06H, KDcU]) [3mepoch[0m[2m=[0m0
[2m2025-03-25T07:54:37.656783Z[0m [32m INFO[0m [1mnode[0m[1m{[0m[3mname[0m[2m=[0mk#b3f3cbb4..[1m}[0m[2m:[0m [2msui_core::state_accumulator[0m[2m:[0m [2mcrates/sui-core/src/state_accumulator.rs[0m[2m:[0m[2m675:[0m accumulating running root for checkpoint 160
[2m2025-03-25T07:54:37.657295Z[0m [32m INFO[0m [1mnode[0m[1m{[0m[3mname[0m[2m=[0mk#b3f3cbb4..[1m}[0m[2m:[0m [2msui_core::state_accumulator[0m[2m:[0m [2mcrates/sui-core/src/state_accumulator.rs[0m[2m:[0m[2m675:[0m accumulating running root for checkpoint 161
[2m2025-03-25T07:54:37.686082Z[0m [32m INFO[0m [1mnode[0m[1m{[0m[3mname[0m[2m=[0mk#8dcff6d1..[1m}[0m[2m:[0m [2msui_core::checkpoints[0m[2m:[0m [2mcrates/sui-core/src/checkpoints/mod.rs[0m[2m:[0m[2m1326:[0m Creating checkpoint(s) for 1 transactions [3mnext_checkpoint_seq[0m[2m=[0m170 [3mcheckpoint_timestamp[0m[2m=[0m1742889277078
[2m2025-03-25T07:54:37.686313Z[0m [32m INFO[0m [1mnode[0m[1m{[0m[3mname[0m[2m=[0mk#8dcff6d1..[1m}[0m[2m:[0m [2msui_core::checkpoints::checkpoint_output[0m[2m:[0m [2mcrates/sui-core/src/checkpoints/checkpoint_output.rs[0m[2m:[0m[2m149:[0m Creating checkpoint CheckpointDigest(4Xye9mXtxxHfwzRY3Qni3a7YVp6VJ5SnZK4hUHJxCUT5) at epoch 0, sequence 170, previous digest Some(CheckpointDigest(H2YxGQF7fEEBHWRJnuUiwWysv3jCJwqjzDZBUp2JJqCe)), transactions count 1, content digest CheckpointContentsDigest(3c692BJGyJGYzVBvmJqYi4AyB7C6rbvyQymGKg77W3Pt), end_of_epoch_data None
[2m2025-03-25T07:54:37.689681Z[0m [32m INFO[0m [1mnode[0m[1m{[0m[3mname[0m[2m=[0mk#99f25ef6..[1m}[0m[2m:[0m [2msui_core::checkpoints[0m[2m:[0m [2mcrates/sui-core/src/checkpoints/mod.rs[0m[2m:[0m[2m1326:[0m Creating checkpoint(s) for 1 transactions [3mnext_checkpoint_seq[0m[2m=[0m170 [3mcheckpoint_timestamp[0m[2m=[0m1742889277078
[2m2025-03-25T07:54:37.689855Z[0m [32m INFO[0m [1mnode[0m[1m{[0m[3mname[0m[2m=[0mk#99f25ef6..[1m}[0m[2m:[0m [2msui_core::checkpoints::checkpoint_output[0m[2m:[0m [2mcrates/sui-core/src/checkpoints/checkpoint_output.rs[0m[2m:[0m[2m149:[0m Creating checkpoint CheckpointDigest(4Xye9mXtxxHfwzRY3Qni3a7YVp6VJ5SnZK4hUHJxCUT5) at epoch 0, sequence 170, previous digest Some(CheckpointDigest(H2YxGQF7fEEBHWRJnuUiwWysv3jCJwqjzDZBUp2JJqCe)), transactions count 1, content digest CheckpointContentsDigest(3c692BJGyJGYzVBvmJqYi4AyB7C6rbvyQymGKg77W3Pt), end_of_epoch_data None
[2m2025-03-25T07:54:37.690100Z[0m [32m INFO[0m [1mnode[0m[1m{[0m[3mname[0m[2m=[0mk#addeef94..[1m}[0m[2m:[0m [2msui_core::checkpoints[0m[2m:[0m [2mcrates/sui-core/src/checkpoints/mod.rs[0m[2m:[0m[2m1326:[0m Creating checkpoint(s) for 1 transactions [3mnext_checkpoint_seq[0m[2m=[0m170 [3mcheckpoint_timestamp[0m[2m=[0m1742889277078
[2m2025-03-25T07:54:37.690265Z[0m [32m INFO[0m [1mnode[0m[1m{[0m[3mname[0m[2m=[0mk#addeef94..[1m}[0m[2m:[0m [2msui_core::checkpoints::checkpoint_output[0m[2m:[0m [2mcrates/sui-core/src/checkpoints/checkpoint_output.rs[0m[2m:[0m[2m149:[0m Creating checkpoint CheckpointDigest(4Xye9mXtxxHfwzRY3Qni3a7YVp6VJ5SnZK4hUHJxCUT5) at epoch 0, sequence 170, previous digest Some(CheckpointDigest(H2YxGQF7fEEBHWRJnuUiwWysv3jCJwqjzDZBUp2JJqCe)), transactions count 1, content digest CheckpointContentsDigest(3c692BJGyJGYzVBvmJqYi4AyB7C6rbvyQymGKg77W3Pt), end_of_epoch_data None
[2m2025-03-25T07:54:37.691099Z[0m [32m INFO[0m [1mnode[0m[1m{[0m[3mname[0m[2m=[0mk#8dcff6d1..[1m}[0m[2m:[0m [2msui_core::checkpoints::checkpoint_output[0m[2m:[0m [2mcrates/sui-core/src/checkpoints/checkpoint_output.rs[0m[2m:[0m[2m196:[0m Certified checkpoint with sequence 168 and digest G3Hq3FejWtEWUJXtoxh1vuJxUeQ7mjrVgvfMHwGsqhTr
[2m2025-03-25T07:54:37.691123Z[0m [32m INFO[0m [1mnode[0m[1m{[0m[3mname[0m[2m=[0mk#8dcff6d1..[1m}[0m[2m:[0m [2msui_core::checkpoints::checkpoint_output[0m[2m:[0m [2mcrates/sui-core/src/checkpoints/checkpoint_output.rs[0m[2m:[0m[2m196:[0m Certified checkpoint with sequence 169 and digest H2YxGQF7fEEBHWRJnuUiwWysv3jCJwqjzDZBUp2JJqCe
[2m2025-03-25T07:54:37.692071Z[0m [32m INFO[0m [1mnode[0m[1m{[0m[3mname[0m[2m=[0mk#8dcff6d1..[1m}[0m[2m:[0m [2msui_core::checkpoints::checkpoint_executor[0m[2m:[0m [2mcrates/sui-core/src/checkpoints/checkpoint_executor/mod.rs[0m[2m:[0m[2m332:[0m Received checkpoint summary from state sync [3msequence_number[0m[2m=[0m168
[2m2025-03-25T07:54:37.692200Z[0m [32m INFO[0m [1mnode[0m[1m{[0m[3mname[0m[2m=[0mk#8dcff6d1..[1m}[0m[2m:[0m [2msui_core::checkpoints::checkpoint_executor[0m[2m:[0m [2mcrates/sui-core/src/checkpoints/checkpoint_executor/mod.rs[0m[2m:[0m[2m332:[0m Received checkpoint summary from state sync [3msequence_number[0m[2m=[0m169
[2m2025-03-25T07:54:37.694126Z[0m [32m INFO[0m [1mnode[0m[1m{[0m[3mname[0m[2m=[0mk#8dcff6d1..[1m}[0m[2m:[0m [2msui_core::state_accumulator[0m[2m:[0m [2mcrates/sui-core/src/state_accumulator.rs[0m[2m:[0m[2m675:[0m accumulating running root for checkpoint 168
[2m2025-03-25T07:54:37.694579Z[0m [32m INFO[0m [1mnode[0m[1m{[0m[3mname[0m[2m=[0mk#8dcff6d1..[1m}[0m[2m:[0m [2msui_core::state_accumulator[0m[2m:[0m [2mcrates/sui-core/src/state_accumulator.rs[0m[2m:[0m[2m675:[0m accumulating running root for checkpoint 169
[2m2025-03-25T07:54:37.747835Z[0m [32m INFO[0m [1mnode[0m[1m{[0m[3mname[0m[2m=[0mk#b3f3cbb4..[1m}[0m[2m:[0m [2msui_core::state_accumulator[0m[2m:[0m [2mcrates/sui-core/src/state_accumulator.rs[0m[2m:[0m[2m675:[0m accumulating running root for checkpoint 162
[2m2025-03-25T07:54:37.748317Z[0m [32m INFO[0m [1mnode[0m[1m{[0m[3mname[0m[2m=[0mk#b3f3cbb4..[1m}[0m[2m:[0m [2msui_core::state_accumulator[0m[2m:[0m [2mcrates/sui-core/src/state_accumulator.rs[0m[2m:[0m[2m675:[0m accumulating running root for checkpoint 163
[2m2025-03-25T07:54:37.801978Z[0m [32m INFO[0m [1mnode[0m[1m{[0m[3mname[0m[2m=[0mk#99f25ef6..[1m}[0m[2m:[0m [2msui_core::checkpoints[0m[2m:[0m [2mcrates/sui-core/src/checkpoints/mod.rs[0m[2m:[0m[2m1326:[0m Creating checkpoint(s) for 1 transactions [3mnext_checkpoint_seq[0m[2m=[0m171 [3mcheckpoint_timestamp[0m[2m=[0m1742889277078
[2m2025-03-25T07:54:37.802280Z[0m [32m INFO[0m [1mnode[0m[1m{[0m[3mname[0m[2m=[0mk#99f25ef6..[1m}[0m[2m:[0m [2msui_core::checkpoints::checkpoint_output[0m[2m:[0m [2mcrates/sui-core/src/checkpoints/checkpoint_output.rs[0m[2m:[0m[2m149:[0m Creating checkpoint CheckpointDigest(9ToErdwiJdCqKq1ywLg1WJNACnY1m55ZHcRs3rT5zsfr) at epoch 0, sequence 171, previous digest Some(CheckpointDigest(4Xye9mXtxxHfwzRY3Qni3a7YVp6VJ5SnZK4hUHJxCUT5)), transactions count 1, content digest CheckpointContentsDigest(JDG3nyGfGecJMvJtuvPmm7mh9UiGNJxz3EK2t1xx2fPK), end_of_epoch_data None
[2m2025-03-25T07:54:37.804763Z[0m [32m INFO[0m [1mnode[0m[1m{[0m[3mname[0m[2m=[0mk#99f25ef6..[1m}[0m[2m:[0m [2mconsensus_core::commit_syncer[0m[2m:[0m [2mconsensus/core/src/commit_syncer.rs[0m[2m:[0m[2m196:[0m Checking to schedule fetches: synced_commit_index=89, highest_handled_index=89, highest_scheduled_index=0, quorum_commit_index=88, unhandled_commits_threshold=3200
[2m2025-03-25T07:54:37.807103Z[0m [32m INFO[0m [1mnode[0m[1m{[0m[3mname[0m[2m=[0mk#99f25ef6..[1m}[0m[2m:[0m [2msui_core::checkpoints::checkpoint_output[0m[2m:[0m [2mcrates/sui-core/src/checkpoints/checkpoint_output.rs[0m[2m:[0m[2m196:[0m Certified checkpoint with sequence 168 and digest G3Hq3FejWtEWUJXtoxh1vuJxUeQ7mjrVgvfMHwGsqhTr
[2m2025-03-25T07:54:37.807128Z[0m [32m INFO[0m [1mnode[0m[1m{[0m[3mname[0m[2m=[0mk#99f25ef6..[1m}[0m[2m:[0m [2msui_core::checkpoints::checkpoint_output[0m[2m:[0m [2mcrates/sui-core/src/checkpoints/checkpoint_output.rs[0m[2m:[0m[2m196:[0m Certified checkpoint with sequence 169 and digest H2YxGQF7fEEBHWRJnuUiwWysv3jCJwqjzDZBUp2JJqCe
[2m2025-03-25T07:54:37.811153Z[0m [32m INFO[0m [1mnode[0m[1m{[0m[3mname[0m[2m=[0mk#8dcff6d1..[1m}[0m[2m:[0m [2msui_core::checkpoints[0m[2m:[0m [2mcrates/sui-core/src/checkpoints/mod.rs[0m[2m:[0m[2m1326:[0m Creating checkpoint(s) for 1 transactions [3mnext_checkpoint_seq[0m[2m=[0m171 [3mcheckpoint_timestamp[0m[2m=[0m1742889277078
[2m2025-03-25T07:54:37.811382Z[0m [32m INFO[0m [1mnode[0m[1m{[0m[3mname[0m[2m=[0mk#8dcff6d1..[1m}[0m[2m:[0m [2msui_core::checkpoints::checkpoint_output[0m[2m:[0m [2mcrates/sui-core/src/checkpoints/checkpoint_output.rs[0m[2m:[0m[2m149:[0m Creating checkpoint CheckpointDigest(9ToErdwiJdCqKq1ywLg1WJNACnY1m55ZHcRs3rT5zsfr) at epoch 0, sequence 171, previous digest Some(CheckpointDigest(4Xye9mXtxxHfwzRY3Qni3a7YVp6VJ5SnZK4hUHJxCUT5)), transactions count 1, content digest CheckpointContentsDigest(JDG3nyGfGecJMvJtuvPmm7mh9UiGNJxz3EK2t1xx2fPK), end_of_epoch_data None
[2m2025-03-25T07:54:37.811643Z[0m [32m INFO[0m [1mnode[0m[1m{[0m[3mname[0m[2m=[0mk#addeef94..[1m}[0m[2m:[0m [2msui_core::checkpoints[0m[2m:[0m [2mcrates/sui-core/src/checkpoints/mod.rs[0m[2m:[0m[2m1326:[0m Creating checkpoint(s) for 1 transactions [3mnext_checkpoint_seq[0m[2m=[0m171 [3mcheckpoint_timestamp[0m[2m=[0m1742889277078
[2m2025-03-25T07:54:37.811832Z[0m [32m INFO[0m [1mnode[0m[1m{[0m[3mname[0m[2m=[0mk#addeef94..[1m}[0m[2m:[0m [2msui_core::checkpoints::checkpoint_output[0m[2m:[0m [2mcrates/sui-core/src/checkpoints/checkpoint_output.rs[0m[2m:[0m[2m149:[0m Creating checkpoint CheckpointDigest(9ToErdwiJdCqKq1ywLg1WJNACnY1m55ZHcRs3rT5zsfr) at epoch 0, sequence 171, previous digest Some(CheckpointDigest(4Xye9mXtxxHfwzRY3Qni3a7YVp6VJ5SnZK4hUHJxCUT5)), transactions count 1, content digest CheckpointContentsDigest(JDG3nyGfGecJMvJtuvPmm7mh9UiGNJxz3EK2t1xx2fPK), end_of_epoch_data None
[2m2025-03-25T07:54:37.814856Z[0m [32m INFO[0m [1mnode[0m[1m{[0m[3mname[0m[2m=[0mk#addeef94..[1m}[0m[2m:[0m [2msui_core::checkpoints::checkpoint_executor[0m[2m:[0m [2mcrates/sui-core/src/checkpoints/checkpoint_executor/mod.rs[0m[2m:[0m[2m332:[0m Received checkpoint summary from state sync [3msequence_number[0m[2m=[0m168
[2m2025-03-25T07:54:37.814994Z[0m [32m INFO[0m [1mnode[0m[1m{[0m[3mname[0m[2m=[0mk#addeef94..[1m}[0m[2m:[0m [2msui_core::checkpoints::checkpoint_executor[0m[2m:[0m [2mcrates/sui-core/src/checkpoints/checkpoint_executor/mod.rs[0m[2m:[0m[2m332:[0m Received checkpoint summary from state sync [3msequence_number[0m[2m=[0m169
[2m2025-03-25T07:54:37.815205Z[0m [32m INFO[0m [1mnode[0m[1m{[0m[3mname[0m[2m=[0mk#99f25ef6..[1m}[0m[2m:[0m [2msui_core::checkpoints::checkpoint_executor[0m[2m:[0m [2mcrates/sui-core/src/checkpoints/checkpoint_executor/mod.rs[0m[2m:[0m[2m332:[0m Received checkpoint summary from state sync [3msequence_number[0m[2m=[0m168
[2m2025-03-25T07:54:37.815327Z[0m [32m INFO[0m [1mnode[0m[1m{[0m[3mname[0m[2m=[0mk#99f25ef6..[1m}[0m[2m:[0m [2msui_core::checkpoints::checkpoint_executor[0m[2m:[0m [2mcrates/sui-core/src/checkpoints/checkpoint_executor/mod.rs[0m[2m:[0m[2m332:[0m Received checkpoint summary from state sync [3msequence_number[0m[2m=[0m169
[2m2025-03-25T07:54:37.816320Z[0m [32m INFO[0m [1mnode[0m[1m{[0m[3mname[0m[2m=[0mk#addeef94..[1m}[0m[2m:[0m [2msui_core::state_accumulator[0m[2m:[0m [2mcrates/sui-core/src/state_accumulator.rs[0m[2m:[0m[2m675:[0m accumulating running root for checkpoint 168
[2m2025-03-25T07:54:37.816779Z[0m [32m INFO[0m [1mnode[0m[1m{[0m[3mname[0m[2m=[0mk#addeef94..[1m}[0m[2m:[0m [2msui_core::state_accumulator[0m[2m:[0m [2mcrates/sui-core/src/state_accumulator.rs[0m[2m:[0m[2m675:[0m accumulating running root for checkpoint 169
[2m2025-03-25T07:54:37.817395Z[0m [32m INFO[0m [1mnode[0m[1m{[0m[3mname[0m[2m=[0mk#99f25ef6..[1m}[0m[2m:[0m [2msui_core::state_accumulator[0m[2m:[0m [2mcrates/sui-core/src/state_accumulator.rs[0m[2m:[0m[2m675:[0m accumulating running root for checkpoint 168
[2m2025-03-25T07:54:37.817819Z[0m [32m INFO[0m [1mnode[0m[1m{[0m[3mname[0m[2m=[0mk#99f25ef6..[1m}[0m[2m:[0m [2msui_core::state_accumulator[0m[2m:[0m [2mcrates/sui-core/src/state_accumulator.rs[0m[2m:[0m[2m675:[0m accumulating running root for checkpoint 169
[2m2025-03-25T07:54:37.841080Z[0m [32m INFO[0m [1mnode[0m[1m{[0m[3mname[0m[2m=[0mk#b3f3cbb4..[1m}[0m[2m:[0m [2msui_core::state_accumulator[0m[2m:[0m [2mcrates/sui-core/src/state_accumulator.rs[0m[2m:[0m[2m675:[0m accumulating running root for checkpoint 164
[2m2025-03-25T07:54:37.841575Z[0m [32m INFO[0m [1mnode[0m[1m{[0m[3mname[0m[2m=[0mk#b3f3cbb4..[1m}[0m[2m:[0m [2msui_core::state_accumulator[0m[2m:[0m [2mcrates/sui-core/src/state_accumulator.rs[0m[2m:[0m[2m675:[0m accumulating running root for checkpoint 165
[2m2025-03-25T07:54:37.843528Z[0m [32m INFO[0m [1mnode[0m[1m{[0m[3mname[0m[2m=[0mk#addeef94..[1m}[0m[2m:[0m [2mconsensus_core::core[0m[2m:[0m [2mconsensus/core/src/core.rs[0m[2m:[0m[2m531:[0m Created block B93(C,L5wPBnxM/dOJwi4pK/smFthYnvgZ7zsknQ7z2FrJH6M=)(1742889277843ms;[B92(C,1WQBkKGRkyEU5eN0ELWqZGUjd/96QuOC1sP7/Id+6Og=), B92(A,3p2V4Zs5GjYCYHOpk5fLnPkB0k24vKhoeqLo/V+tiz0=), B92(B,XYYhD/FeQaBTQY4jNhpI44WGV382o/g5br+SM6R7kLU=)];2t;1c) for round 93
[2m2025-03-25T07:54:37.844082Z[0m [32m INFO[0m [1mnode[0m[1m{[0m[3mname[0m[2m=[0mk#8dcff6d1..[1m}[0m[2m:[0m [2mconsensus_core::core[0m[2m:[0m [2mconsensus/core/src/core.rs[0m[2m:[0m[2m531:[0m Created block B93(A,Ou9zfIWLwspIgclKuOKrigTh6wXzf3Xblug/aZcrIdo=)(1742889277843ms;[B92(A,3p2V4Zs5GjYCYHOpk5fLnPkB0k24vKhoeqLo/V+tiz0=), B92(B,XYYhD/FeQaBTQY4jNhpI44WGV382o/g5br+SM6R7kLU=), B92(C,1WQBkKGRkyEU5eN0ELWqZGUjd/96QuOC1sP7/Id+6Og=)];2t;1c) for round 93
[2m2025-03-25T07:54:37.846226Z[0m [32m INFO[0m [1mnode[0m[1m{[0m[3mname[0m[2m=[0mk#8dcff6d1..[1m}[0m[2m:[0m [2mconsensus_core::core[0m[2m:[0m [2mconsensus/core/src/core.rs[0m[2m:[0m[2m630:[0m Committing 1 leaders: B91(C,NnRd)
[2m2025-03-25T07:54:37.846322Z[0m [32m INFO[0m [1mnode[0m[1m{[0m[3mname[0m[2m=[0mk#8dcff6d1..[1m}[0m[2m:[0m [2mconsensus_core::commit_observer[0m[2m:[0m [2mconsensus/core/src/commit_observer.rs[0m[2m:[0m[2m173:[0m Consensus commit C90(jFdX) with leader B91(C,NnRd) has 3 blocks
[2m2025-03-25T07:54:37.846337Z[0m [32m INFO[0m [1mnode[0m[1m{[0m[3mname[0m[2m=[0mk#99f25ef6..[1m}[0m[2m:[0m [2mconsensus_core::core[0m[2m:[0m [2mconsensus/core/src/core.rs[0m[2m:[0m[2m531:[0m Created block B93(B,WrGDjIlUAnPfuWMx2QsWmnZT2yJAd+YYpzWb+AzrSTg=)(1742889277846ms;[B92(B,XYYhD/FeQaBTQY4jNhpI44WGV382o/g5br+SM6R7kLU=), B92(A,3p2V4Zs5GjYCYHOpk5fLnPkB0k24vKhoeqLo/V+tiz0=), B92(C,1WQBkKGRkyEU5eN0ELWqZGUjd/96QuOC1sP7/Id+6Og=)];2t;1c) for round 93
[2m2025-03-25T07:54:37.846401Z[0m [32m INFO[0m [1mnode[0m[1m{[0m[3mname[0m[2m=[0mk#8dcff6d1..[1m}[0m[2m:[0m [2msui_core::consensus_handler[0m[2m:[0m [2mcrates/sui-core/src/consensus_handler.rs[0m[2m:[0m[2m232:[0m Received consensus output [3mconsensus_commit[0m[2m=[0mCommittedSubDag(leader=B91(C,NnRd), ref=C90(jFdX), blocks=[YNVA, qjdd, NnRd]) [3mepoch[0m[2m=[0m0
[2m2025-03-25T07:54:37.846413Z[0m [32m INFO[0m [1mnode[0m[1m{[0m[3mname[0m[2m=[0mk#99f25ef6..[1m}[0m[2m:[0m [2mconsensus_core::core[0m[2m:[0m [2mconsensus/core/src/core.rs[0m[2m:[0m[2m630:[0m Committing 1 leaders: B91(C,NnRd)
[2m2025-03-25T07:54:37.846476Z[0m [32m INFO[0m [1mnode[0m[1m{[0m[3mname[0m[2m=[0mk#99f25ef6..[1m}[0m[2m:[0m [2mconsensus_core::commit_observer[0m[2m:[0m [2mconsensus/core/src/commit_observer.rs[0m[2m:[0m[2m173:[0m Consensus commit C90(jFdX) with leader B91(C,NnRd) has 3 blocks
[2m2025-03-25T07:54:37.846577Z[0m [32m INFO[0m [1mnode[0m[1m{[0m[3mname[0m[2m=[0mk#99f25ef6..[1m}[0m[2m:[0m [2msui_core::consensus_handler[0m[2m:[0m [2mcrates/sui-core/src/consensus_handler.rs[0m[2m:[0m[2m232:[0m Received consensus output [3mconsensus_commit[0m[2m=[0mCommittedSubDag(leader=B91(C,NnRd), ref=C90(jFdX), blocks=[YNVA, qjdd, NnRd]) [3mepoch[0m[2m=[0m0
[2m2025-03-25T07:54:37.850346Z[0m [32m INFO[0m [1mnode[0m[1m{[0m[3mname[0m[2m=[0mk#addeef94..[1m}[0m[2m:[0m [2mconsensus_core::core[0m[2m:[0m [2mconsensus/core/src/core.rs[0m[2m:[0m[2m630:[0m Committing 1 leaders: B91(C,NnRd)
[2m2025-03-25T07:54:37.850445Z[0m [32m INFO[0m [1mnode[0m[1m{[0m[3mname[0m[2m=[0mk#addeef94..[1m}[0m[2m:[0m [2mconsensus_core::commit_observer[0m[2m:[0m [2mconsensus/core/src/commit_observer.rs[0m[2m:[0m[2m173:[0m Consensus commit C90(jFdX) with leader B91(C,NnRd) has 3 blocks
[2m2025-03-25T07:54:37.850521Z[0m [32m INFO[0m [1mnode[0m[1m{[0m[3mname[0m[2m=[0mk#addeef94..[1m}[0m[2m:[0m [2msui_core::consensus_handler[0m[2m:[0m [2mcrates/sui-core/src/consensus_handler.rs[0m[2m:[0m[2m232:[0m Received consensus output [3mconsensus_commit[0m[2m=[0mCommittedSubDag(leader=B91(C,NnRd), ref=C90(jFdX), blocks=[YNVA, qjdd, NnRd]) [3mepoch[0m[2m=[0m0
[2m2025-03-25T07:54:37.932750Z[0m [32m INFO[0m [1mnode[0m[1m{[0m[3mname[0m[2m=[0mk#b3f3cbb4..[1m}[0m[2m:[0m [2msui_core::state_accumulator[0m[2m:[0m [2mcrates/sui-core/src/state_accumulator.rs[0m[2m:[0m[2m675:[0m accumulating running root for checkpoint 166
[2m2025-03-25T07:54:37.933232Z[0m [32m INFO[0m [1mnode[0m[1m{[0m[3mname[0m[2m=[0mk#b3f3cbb4..[1m}[0m[2m:[0m [2msui_core::state_accumulator[0m[2m:[0m [2mcrates/sui-core/src/state_accumulator.rs[0m[2m:[0m[2m675:[0m accumulating running root for checkpoint 167
[2m2025-03-25T07:54:37.938789Z[0m [32m INFO[0m [1mnode[0m[1m{[0m[3mname[0m[2m=[0mk#8dcff6d1..[1m}[0m[2m:[0m [2msui_core::checkpoints[0m[2m:[0m [2mcrates/sui-core/src/checkpoints/mod.rs[0m[2m:[0m[2m1326:[0m Creating checkpoint(s) for 1 transactions [3mnext_checkpoint_seq[0m[2m=[0m172 [3mcheckpoint_timestamp[0m[2m=[0m1742889277331
[2m2025-03-25T07:54:37.938788Z[0m [32m INFO[0m [1mnode[0m[1m{[0m[3mname[0m[2m=[0mk#99f25ef6..[1m}[0m[2m:[0m [2msui_core::checkpoints[0m[2m:[0m [2mcrates/sui-core/src/checkpoints/mod.rs[0m[2m:[0m[2m1326:[0m Creating checkpoint(s) for 1 transactions [3mnext_checkpoint_seq[0m[2m=[0m172 [3mcheckpoint_timestamp[0m[2m=[0m1742889277331
[2m2025-03-25T07:54:37.939014Z[0m [32m INFO[0m [1mnode[0m[1m{[0m[3mname[0m[2m=[0mk#99f25ef6..[1m}[0m[2m:[0m [2msui_core::checkpoints::checkpoint_output[0m[2m:[0m [2mcrates/sui-core/src/checkpoints/checkpoint_output.rs[0m[2m:[0m[2m149:[0m Creating checkpoint CheckpointDigest(2ukY9ZkuorJkMC2b9eyUmrHwuAsbD13TMNU6XfCbBUdV) at epoch 0, sequence 172, previous digest Some(CheckpointDigest(9ToErdwiJdCqKq1ywLg1WJNACnY1m55ZHcRs3rT5zsfr)), transactions count 1, content digest CheckpointContentsDigest(AajXZZYa6PG63rb4a4q6P3X9Di4h319cKrBFVsZgJ7uq), end_of_epoch_data None
[2m2025-03-25T07:54:37.939014Z[0m [32m INFO[0m [1mnode[0m[1m{[0m[3mname[0m[2m=[0mk#8dcff6d1..[1m}[0m[2m:[0m [2msui_core::checkpoints::checkpoint_output[0m[2m:[0m [2mcrates/sui-core/src/checkpoints/checkpoint_output.rs[0m[2m:[0m[2m149:[0m Creating checkpoint CheckpointDigest(2ukY9ZkuorJkMC2b9eyUmrHwuAsbD13TMNU6XfCbBUdV) at epoch 0, sequence 172, previous digest Some(CheckpointDigest(9ToErdwiJdCqKq1ywLg1WJNACnY1m55ZHcRs3rT5zsfr)), transactions count 1, content digest CheckpointContentsDigest(AajXZZYa6PG63rb4a4q6P3X9Di4h319cKrBFVsZgJ7uq), end_of_epoch_data None
[2m2025-03-25T07:54:37.940345Z[0m [32m INFO[0m [1mnode[0m[1m{[0m[3mname[0m[2m=[0mk#addeef94..[1m}[0m[2m:[0m [2msui_core::checkpoints[0m[2m:[0m [2mcrates/sui-core/src/checkpoints/mod.rs[0m[2m:[0m[2m1326:[0m Creating checkpoint(s) for 1 transactions [3mnext_checkpoint_seq[0m[2m=[0m172 [3mcheckpoint_timestamp[0m[2m=[0m1742889277331
[2m2025-03-25T07:54:37.940518Z[0m [32m INFO[0m [1mnode[0m[1m{[0m[3mname[0m[2m=[0mk#addeef94..[1m}[0m[2m:[0m [2msui_core::checkpoints::checkpoint_output[0m[2m:[0m [2mcrates/sui-core/src/checkpoints/checkpoint_output.rs[0m[2m:[0m[2m149:[0m Creating checkpoint CheckpointDigest(2ukY9ZkuorJkMC2b9eyUmrHwuAsbD13TMNU6XfCbBUdV) at epoch 0, sequence 172, previous digest Some(CheckpointDigest(9ToErdwiJdCqKq1ywLg1WJNACnY1m55ZHcRs3rT5zsfr)), transactions count 1, content digest CheckpointContentsDigest(AajXZZYa6PG63rb4a4q6P3X9Di4h319cKrBFVsZgJ7uq), end_of_epoch_data None
[2m2025-03-25T07:54:37.943637Z[0m [32m INFO[0m [1mnode[0m[1m{[0m[3mname[0m[2m=[0mk#8dcff6d1..[1m}[0m[2m:[0m [2msui_core::checkpoints::checkpoint_output[0m[2m:[0m [2mcrates/sui-core/src/checkpoints/checkpoint_output.rs[0m[2m:[0m[2m196:[0m Certified checkpoint with sequence 170 and digest 4Xye9mXtxxHfwzRY3Qni3a7YVp6VJ5SnZK4hUHJxCUT5
[2m2025-03-25T07:54:37.943659Z[0m [32m INFO[0m [1mnode[0m[1m{[0m[3mname[0m[2m=[0mk#8dcff6d1..[1m}[0m[2m:[0m [2msui_core::checkpoints::checkpoint_output[0m[2m:[0m [2mcrates/sui-core/src/checkpoints/checkpoint_output.rs[0m[2m:[0m[2m196:[0m Certified checkpoint with sequence 171 and digest 9ToErdwiJdCqKq1ywLg1WJNACnY1m55ZHcRs3rT5zsfr
[2m2025-03-25T07:54:37.944567Z[0m [32m INFO[0m [1mnode[0m[1m{[0m[3mname[0m[2m=[0mk#8dcff6d1..[1m}[0m[2m:[0m [2msui_core::checkpoints::checkpoint_executor[0m[2m:[0m [2mcrates/sui-core/src/checkpoints/checkpoint_executor/mod.rs[0m[2m:[0m[2m332:[0m Received checkpoint summary from state sync [3msequence_number[0m[2m=[0m170
[2m2025-03-25T07:54:37.944704Z[0m [32m INFO[0m [1mnode[0m[1m{[0m[3mname[0m[2m=[0mk#8dcff6d1..[1m}[0m[2m:[0m [2msui_core::checkpoints::checkpoint_executor[0m[2m:[0m [2mcrates/sui-core/src/checkpoints/checkpoint_executor/mod.rs[0m[2m:[0m[2m332:[0m Received checkpoint summary from state sync [3msequence_number[0m[2m=[0m171
[2m2025-03-25T07:54:37.946752Z[0m [32m INFO[0m [1mnode[0m[1m{[0m[3mname[0m[2m=[0mk#8dcff6d1..[1m}[0m[2m:[0m [2msui_core::state_accumulator[0m[2m:[0m [2mcrates/sui-core/src/state_accumulator.rs[0m[2m:[0m[2m675:[0m accumulating running root for checkpoint 170
[2m2025-03-25T07:54:37.947199Z[0m [32m INFO[0m [1mnode[0m[1m{[0m[3mname[0m[2m=[0mk#8dcff6d1..[1m}[0m[2m:[0m [2msui_core::state_accumulator[0m[2m:[0m [2mcrates/sui-core/src/state_accumulator.rs[0m[2m:[0m[2m675:[0m accumulating running root for checkpoint 171
[2m2025-03-25T07:54:37.955749Z[0m [32m INFO[0m [1mnode[0m[1m{[0m[3mname[0m[2m=[0mk#b3f3cbb4..[1m}[0m[2m:[0m [2msui_core::checkpoints::checkpoint_executor[0m[2m:[0m [2mcrates/sui-core/src/checkpoints/checkpoint_executor/mod.rs[0m[2m:[0m[2m332:[0m Received checkpoint summary from state sync [3msequence_number[0m[2m=[0m168
[2m2025-03-25T07:54:37.955872Z[0m [32m INFO[0m [1mnode[0m[1m{[0m[3mname[0m[2m=[0mk#b3f3cbb4..[1m}[0m[2m:[0m [2msui_core::checkpoints::checkpoint_executor[0m[2m:[0m [2mcrates/sui-core/src/checkpoints/checkpoint_executor/mod.rs[0m[2m:[0m[2m332:[0m Received checkpoint summary from state sync [3msequence_number[0m[2m=[0m169
[2m2025-03-25T07:54:38.049286Z[0m [32m INFO[0m [1mnode[0m[1m{[0m[3mname[0m[2m=[0mk#b3f3cbb4..[1m}[0m[2m:[0m [2msui_core::state_accumulator[0m[2m:[0m [2mcrates/sui-core/src/state_accumulator.rs[0m[2m:[0m[2m675:[0m accumulating running root for checkpoint 168
[2m2025-03-25T07:54:38.049819Z[0m [32m INFO[0m [1mnode[0m[1m{[0m[3mname[0m[2m=[0mk#b3f3cbb4..[1m}[0m[2m:[0m [2msui_core::state_accumulator[0m[2m:[0m [2mcrates/sui-core/src/state_accumulator.rs[0m[2m:[0m[2m675:[0m accumulating running root for checkpoint 169
[2m2025-03-25T07:54:38.050657Z[0m [32m INFO[0m [1mnode[0m[1m{[0m[3mname[0m[2m=[0mk#99f25ef6..[1m}[0m[2m:[0m [2msui_core::checkpoints[0m[2m:[0m [2mcrates/sui-core/src/checkpoints/mod.rs[0m[2m:[0m[2m1326:[0m Creating checkpoint(s) for 1 transactions [3mnext_checkpoint_seq[0m[2m=[0m173 [3mcheckpoint_timestamp[0m[2m=[0m1742889277331
[2m2025-03-25T07:54:38.050900Z[0m [32m INFO[0m [1mnode[0m[1m{[0m[3mname[0m[2m=[0mk#99f25ef6..[1m}[0m[2m:[0m [2msui_core::checkpoints::checkpoint_output[0m[2m:[0m [2mcrates/sui-core/src/checkpoints/checkpoint_output.rs[0m[2m:[0m[2m149:[0m Creating checkpoint CheckpointDigest(4bAf2kcXGRpWY59ZvxFtmtJr5NSiyNmx6gBXhKZQjgFt) at epoch 0, sequence 173, previous digest Some(CheckpointDigest(2ukY9ZkuorJkMC2b9eyUmrHwuAsbD13TMNU6XfCbBUdV)), transactions count 1, content digest CheckpointContentsDigest(AFsF5dadzc8AyjjP5TJdSTn2kTcjngpnirDj7B1QndkY), end_of_epoch_data None
[2m2025-03-25T07:54:38.055979Z[0m [32m INFO[0m [1mnode[0m[1m{[0m[3mname[0m[2m=[0mk#99f25ef6..[1m}[0m[2m:[0m [2msui_core::checkpoints::checkpoint_output[0m[2m:[0m [2mcrates/sui-core/src/checkpoints/checkpoint_output.rs[0m[2m:[0m[2m196:[0m Certified checkpoint with sequence 170 and digest 4Xye9mXtxxHfwzRY3Qni3a7YVp6VJ5SnZK4hUHJxCUT5
[2m2025-03-25T07:54:38.056007Z[0m [32m INFO[0m [1mnode[0m[1m{[0m[3mname[0m[2m=[0mk#99f25ef6..[1m}[0m[2m:[0m [2msui_core::checkpoints::checkpoint_output[0m[2m:[0m [2mcrates/sui-core/src/checkpoints/checkpoint_output.rs[0m[2m:[0m[2m196:[0m Certified checkpoint with sequence 171 and digest 9ToErdwiJdCqKq1ywLg1WJNACnY1m55ZHcRs3rT5zsfr
[2m2025-03-25T07:54:38.056573Z[0m [32m INFO[0m [1mnode[0m[1m{[0m[3mname[0m[2m=[0mk#addeef94..[1m}[0m[2m:[0m [2msui_core::checkpoints[0m[2m:[0m [2mcrates/sui-core/src/checkpoints/mod.rs[0m[2m:[0m[2m1326:[0m Creating checkpoint(s) for 1 transactions [3mnext_checkpoint_seq[0m[2m=[0m173 [3mcheckpoint_timestamp[0m[2m=[0m1742889277331
[2m2025-03-25T07:54:38.056792Z[0m [32m INFO[0m [1mnode[0m[1m{[0m[3mname[0m[2m=[0mk#addeef94..[1m}[0m[2m:[0m [2msui_core::checkpoints::checkpoint_output[0m[2m:[0m [2mcrates/sui-core/src/checkpoints/checkpoint_output.rs[0m[2m:[0m[2m149:[0m Creating checkpoint CheckpointDigest(4bAf2kcXGRpWY59ZvxFtmtJr5NSiyNmx6gBXhKZQjgFt) at epoch 0, sequence 173, previous digest Some(CheckpointDigest(2ukY9ZkuorJkMC2b9eyUmrHwuAsbD13TMNU6XfCbBUdV)), transactions count 1, content digest CheckpointContentsDigest(AFsF5dadzc8AyjjP5TJdSTn2kTcjngpnirDj7B1QndkY), end_of_epoch_data None
[2m2025-03-25T07:54:38.060016Z[0m [32m INFO[0m [1mnode[0m[1m{[0m[3mname[0m[2m=[0mk#addeef94..[1m}[0m[2m:[0m [2msui_core::checkpoints::checkpoint_executor[0m[2m:[0m [2mcrates/sui-core/src/checkpoints/checkpoint_executor/mod.rs[0m[2m:[0m[2m332:[0m Received checkpoint summary from state sync [3msequence_number[0m[2m=[0m170
[2m2025-03-25T07:54:38.060158Z[0m [32m INFO[0m [1mnode[0m[1m{[0m[3mname[0m[2m=[0mk#addeef94..[1m}[0m[2m:[0m [2msui_core::checkpoints::checkpoint_executor[0m[2m:[0m [2mcrates/sui-core/src/checkpoints/checkpoint_executor/mod.rs[0m[2m:[0m[2m332:[0m Received checkpoint summary from state sync [3msequence_number[0m[2m=[0m171
[2m2025-03-25T07:54:38.061337Z[0m [32m INFO[0m [1mnode[0m[1m{[0m[3mname[0m[2m=[0mk#8dcff6d1..[1m}[0m[2m:[0m [2msui_core::checkpoints[0m[2m:[0m [2mcrates/sui-core/src/checkpoints/mod.rs[0m[2m:[0m[2m1326:[0m Creating checkpoint(s) for 1 transactions [3mnext_checkpoint_seq[0m[2m=[0m173 [3mcheckpoint_timestamp[0m[2m=[0m1742889277331
[2m2025-03-25T07:54:38.061463Z[0m [32m INFO[0m [1mnode[0m[1m{[0m[3mname[0m[2m=[0mk#addeef94..[1m}[0m[2m:[0m [2msui_core::state_accumulator[0m[2m:[0m [2mcrates/sui-core/src/state_accumulator.rs[0m[2m:[0m[2m675:[0m accumulating running root for checkpoint 170
[2m2025-03-25T07:54:38.061535Z[0m [32m INFO[0m [1mnode[0m[1m{[0m[3mname[0m[2m=[0mk#8dcff6d1..[1m}[0m[2m:[0m [2msui_core::checkpoints::checkpoint_output[0m[2m:[0m [2mcrates/sui-core/src/checkpoints/checkpoint_output.rs[0m[2m:[0m[2m149:[0m Creating checkpoint CheckpointDigest(4bAf2kcXGRpWY59ZvxFtmtJr5NSiyNmx6gBXhKZQjgFt) at epoch 0, sequence 173, previous digest Some(CheckpointDigest(2ukY9ZkuorJkMC2b9eyUmrHwuAsbD13TMNU6XfCbBUdV)), transactions count 1, content digest CheckpointContentsDigest(AFsF5dadzc8AyjjP5TJdSTn2kTcjngpnirDj7B1QndkY), end_of_epoch_data None
[2m2025-03-25T07:54:38.061910Z[0m [32m INFO[0m [1mnode[0m[1m{[0m[3mname[0m[2m=[0mk#addeef94..[1m}[0m[2m:[0m [2msui_core::state_accumulator[0m[2m:[0m [2mcrates/sui-core/src/state_accumulator.rs[0m[2m:[0m[2m675:[0m accumulating running root for checkpoint 171
[2m2025-03-25T07:54:38.063656Z[0m [32m INFO[0m [1mnode[0m[1m{[0m[3mname[0m[2m=[0mk#b3f3cbb4..[1m}[0m[2m:[0m [2msui_core::checkpoints::checkpoint_executor[0m[2m:[0m [2mcrates/sui-core/src/checkpoints/checkpoint_executor/mod.rs[0m[2m:[0m[2m332:[0m Received checkpoint summary from state sync [3msequence_number[0m[2m=[0m170
[2m2025-03-25T07:54:38.063790Z[0m [32m INFO[0m [1mnode[0m[1m{[0m[3mname[0m[2m=[0mk#b3f3cbb4..[1m}[0m[2m:[0m [2msui_core::checkpoints::checkpoint_executor[0m[2m:[0m [2mcrates/sui-core/src/checkpoints/checkpoint_executor/mod.rs[0m[2m:[0m[2m332:[0m Received checkpoint summary from state sync [3msequence_number[0m[2m=[0m171
[2m2025-03-25T07:54:38.066362Z[0m [32m INFO[0m [1mnode[0m[1m{[0m[3mname[0m[2m=[0mk#99f25ef6..[1m}[0m[2m:[0m [2msui_core::checkpoints::checkpoint_executor[0m[2m:[0m [2mcrates/sui-core/src/checkpoints/checkpoint_executor/mod.rs[0m[2m:[0m[2m332:[0m Received checkpoint summary from state sync [3msequence_number[0m[2m=[0m170
[2m2025-03-25T07:54:38.066480Z[0m [32m INFO[0m [1mnode[0m[1m{[0m[3mname[0m[2m=[0mk#99f25ef6..[1m}[0m[2m:[0m [2msui_core::checkpoints::checkpoint_executor[0m[2m:[0m [2mcrates/sui-core/src/checkpoints/checkpoint_executor/mod.rs[0m[2m:[0m[2m332:[0m Received checkpoint summary from state sync [3msequence_number[0m[2m=[0m171
[2m2025-03-25T07:54:38.068264Z[0m [32m INFO[0m [1mnode[0m[1m{[0m[3mname[0m[2m=[0mk#99f25ef6..[1m}[0m[2m:[0m [2msui_core::state_accumulator[0m[2m:[0m [2mcrates/sui-core/src/state_accumulator.rs[0m[2m:[0m[2m675:[0m accumulating running root for checkpoint 170
[2m2025-03-25T07:54:38.068674Z[0m [32m INFO[0m [1mnode[0m[1m{[0m[3mname[0m[2m=[0mk#99f25ef6..[1m}[0m[2m:[0m [2msui_core::state_accumulator[0m[2m:[0m [2mcrates/sui-core/src/state_accumulator.rs[0m[2m:[0m[2m675:[0m accumulating running root for checkpoint 171
[2m2025-03-25T07:54:38.097379Z[0m [32m INFO[0m [1mnode[0m[1m{[0m[3mname[0m[2m=[0mk#8dcff6d1..[1m}[0m[2m:[0m [2mconsensus_core::core[0m[2m:[0m [2mconsensus/core/src/core.rs[0m[2m:[0m[2m531:[0m Created block B94(A,S0xY/Tb5+yHXMwshmB29tV5kl/LQSooo9Oy+5/TUdj8=)(1742889278096ms;[B93(A,Ou9zfIWLwspIgclKuOKrigTh6wXzf3Xblug/aZcrIdo=), B93(B,WrGDjIlUAnPfuWMx2QsWmnZT2yJAd+YYpzWb+AzrSTg=), B93(C,L5wPBnxM/dOJwi4pK/smFthYnvgZ7zsknQ7z2FrJH6M=)];2t;1c) for round 94
[2m2025-03-25T07:54:38.099351Z[0m [32m INFO[0m [1mnode[0m[1m{[0m[3mname[0m[2m=[0mk#99f25ef6..[1m}[0m[2m:[0m [2mconsensus_core::core[0m[2m:[0m [2mconsensus/core/src/core.rs[0m[2m:[0m[2m531:[0m Created block B94(B,WokVG40WCRYmkZOxfmTGVx9l+4kDJKMaCW6U05+oFAY=)(1742889278098ms;[B93(B,WrGDjIlUAnPfuWMx2QsWmnZT2yJAd+YYpzWb+AzrSTg=), B93(A,Ou9zfIWLwspIgclKuOKrigTh6wXzf3Xblug/aZcrIdo=), B93(C,L5wPBnxM/dOJwi4pK/smFthYnvgZ7zsknQ7z2FrJH6M=)];2t;1c) for round 94
[2m2025-03-25T07:54:38.102067Z[0m [32m INFO[0m [1mnode[0m[1m{[0m[3mname[0m[2m=[0mk#addeef94..[1m}[0m[2m:[0m [2mconsensus_core::core[0m[2m:[0m [2mconsensus/core/src/core.rs[0m[2m:[0m[2m531:[0m Created block B94(C,6twSFi9AV3bkWdTVVMWyQ/gtEDRzdIaRyQtRBcgkKAM=)(1742889278101ms;[B93(C,L5wPBnxM/dOJwi4pK/smFthYnvgZ7zsknQ7z2FrJH6M=), B93(A,Ou9zfIWLwspIgclKuOKrigTh6wXzf3Xblug/aZcrIdo=), B93(B,WrGDjIlUAnPfuWMx2QsWmnZT2yJAd+YYpzWb+AzrSTg=)];2t;1c) for round 94
[2m2025-03-25T07:54:38.102153Z[0m [32m INFO[0m [1mnode[0m[1m{[0m[3mname[0m[2m=[0mk#addeef94..[1m}[0m[2m:[0m [2mconsensus_core::core[0m[2m:[0m [2mconsensus/core/src/core.rs[0m[2m:[0m[2m630:[0m Committing 1 leaders: B92(B,XYYh)
[2m2025-03-25T07:54:38.102224Z[0m [32m INFO[0m [1mnode[0m[1m{[0m[3mname[0m[2m=[0mk#addeef94..[1m}[0m[2m:[0m [2mconsensus_core::commit_observer[0m[2m:[0m [2mconsensus/core/src/commit_observer.rs[0m[2m:[0m[2m173:[0m Consensus commit C91(Tusn) with leader B92(B,XYYh) has 3 blocks
[2m2025-03-25T07:54:38.102304Z[0m [32m INFO[0m [1mnode[0m[1m{[0m[3mname[0m[2m=[0mk#addeef94..[1m}[0m[2m:[0m [2msui_core::consensus_handler[0m[2m:[0m [2mcrates/sui-core/src/consensus_handler.rs[0m[2m:[0m[2m232:[0m Received consensus output [3mconsensus_commit[0m[2m=[0mCommittedSubDag(leader=B92(B,XYYh), ref=C91(Tusn), blocks=[2Fj0, /lGm, XYYh]) [3mepoch[0m[2m=[0m0
[2m2025-03-25T07:54:38.105148Z[0m [32m INFO[0m [1mnode[0m[1m{[0m[3mname[0m[2m=[0mk#99f25ef6..[1m}[0m[2m:[0m [2mconsensus_core::core[0m[2m:[0m [2mconsensus/core/src/core.rs[0m[2m:[0m[2m630:[0m Committing 1 leaders: B92(B,XYYh)
[2m2025-03-25T07:54:38.105158Z[0m [32m INFO[0m [1mnode[0m[1m{[0m[3mname[0m[2m=[0mk#8dcff6d1..[1m}[0m[2m:[0m [2mconsensus_core::core[0m[2m:[0m [2mconsensus/core/src/core.rs[0m[2m:[0m[2m630:[0m Committing 1 leaders: B92(B,XYYh)
[2m2025-03-25T07:54:38.105232Z[0m [32m INFO[0m [1mnode[0m[1m{[0m[3mname[0m[2m=[0mk#99f25ef6..[1m}[0m[2m:[0m [2mconsensus_core::commit_observer[0m[2m:[0m [2mconsensus/core/src/commit_observer.rs[0m[2m:[0m[2m173:[0m Consensus commit C91(Tusn) with leader B92(B,XYYh) has 3 blocks
[2m2025-03-25T07:54:38.105246Z[0m [32m INFO[0m [1mnode[0m[1m{[0m[3mname[0m[2m=[0mk#8dcff6d1..[1m}[0m[2m:[0m [2mconsensus_core::commit_observer[0m[2m:[0m [2mconsensus/core/src/commit_observer.rs[0m[2m:[0m[2m173:[0m Consensus commit C91(Tusn) with leader B92(B,XYYh) has 3 blocks
[2m2025-03-25T07:54:38.105306Z[0m [32m INFO[0m [1mnode[0m[1m{[0m[3mname[0m[2m=[0mk#99f25ef6..[1m}[0m[2m:[0m [2msui_core::consensus_handler[0m[2m:[0m [2mcrates/sui-core/src/consensus_handler.rs[0m[2m:[0m[2m232:[0m Received consensus output [3mconsensus_commit[0m[2m=[0mCommittedSubDag(leader=B92(B,XYYh), ref=C91(Tusn), blocks=[2Fj0, /lGm, XYYh]) [3mepoch[0m[2m=[0m0
[2m2025-03-25T07:54:38.105320Z[0m [32m INFO[0m [1mnode[0m[1m{[0m[3mname[0m[2m=[0mk#8dcff6d1..[1m}[0m[2m:[0m [2msui_core::consensus_handler[0m[2m:[0m [2mcrates/sui-core/src/consensus_handler.rs[0m[2m:[0m[2m232:[0m Received consensus output [3mconsensus_commit[0m[2m=[0mCommittedSubDag(leader=B92(B,XYYh), ref=C91(Tusn), blocks=[2Fj0, /lGm, XYYh]) [3mepoch[0m[2m=[0m0
[2m2025-03-25T07:54:38.154233Z[0m [32m INFO[0m [1mnode[0m[1m{[0m[3mname[0m[2m=[0mk#b3f3cbb4..[1m}[0m[2m:[0m [2msui_core::state_accumulator[0m[2m:[0m [2mcrates/sui-core/src/state_accumulator.rs[0m[2m:[0m[2m675:[0m accumulating running root for checkpoint 170
[2m2025-03-25T07:54:38.154723Z[0m [32m INFO[0m [1mnode[0m[1m{[0m[3mname[0m[2m=[0mk#b3f3cbb4..[1m}[0m[2m:[0m [2msui_core::state_accumulator[0m[2m:[0m [2mcrates/sui-core/src/state_accumulator.rs[0m[2m:[0m[2m675:[0m accumulating running root for checkpoint 171
[2m2025-03-25T07:54:38.205983Z[0m [32m INFO[0m [1mnode[0m[1m{[0m[3mname[0m[2m=[0mk#addeef94..[1m}[0m[2m:[0m [2msui_core::checkpoints[0m[2m:[0m [2mcrates/sui-core/src/checkpoints/mod.rs[0m[2m:[0m[2m1326:[0m Creating checkpoint(s) for 1 transactions [3mnext_checkpoint_seq[0m[2m=[0m174 [3mcheckpoint_timestamp[0m[2m=[0m1742889277586
[2m2025-03-25T07:54:38.206232Z[0m [32m INFO[0m [1mnode[0m[1m{[0m[3mname[0m[2m=[0mk#addeef94..[1m}[0m[2m:[0m [2msui_core::checkpoints::checkpoint_output[0m[2m:[0m [2mcrates/sui-core/src/checkpoints/checkpoint_output.rs[0m[2m:[0m[2m149:[0m Creating checkpoint CheckpointDigest(4FtQm1cPxrJLmDcZWqaS5ELLQ6wPXEaH68kESwhag6fu) at epoch 0, sequence 174, previous digest Some(CheckpointDigest(4bAf2kcXGRpWY59ZvxFtmtJr5NSiyNmx6gBXhKZQjgFt)), transactions count 1, content digest CheckpointContentsDigest(HSELSWbTrvTFCD34zwjVFPWqLCjhmhdLRL8FaMVApJT6), end_of_epoch_data None
[2m2025-03-25T07:54:38.208331Z[0m [32m INFO[0m [1mnode[0m[1m{[0m[3mname[0m[2m=[0mk#8dcff6d1..[1m}[0m[2m:[0m [2msui_core::checkpoints[0m[2m:[0m [2mcrates/sui-core/src/checkpoints/mod.rs[0m[2m:[0m[2m1326:[0m Creating checkpoint(s) for 1 transactions [3mnext_checkpoint_seq[0m[2m=[0m174 [3mcheckpoint_timestamp[0m[2m=[0m1742889277586
[2m2025-03-25T07:54:38.208509Z[0m [32m INFO[0m [1mnode[0m[1m{[0m[3mname[0m[2m=[0mk#8dcff6d1..[1m}[0m[2m:[0m [2msui_core::checkpoints::checkpoint_output[0m[2m:[0m [2mcrates/sui-core/src/checkpoints/checkpoint_output.rs[0m[2m:[0m[2m149:[0m Creating checkpoint CheckpointDigest(4FtQm1cPxrJLmDcZWqaS5ELLQ6wPXEaH68kESwhag6fu) at epoch 0, sequence 174, previous digest Some(CheckpointDigest(4bAf2kcXGRpWY59ZvxFtmtJr5NSiyNmx6gBXhKZQjgFt)), transactions count 1, content digest CheckpointContentsDigest(HSELSWbTrvTFCD34zwjVFPWqLCjhmhdLRL8FaMVApJT6), end_of_epoch_data None
[2m2025-03-25T07:54:38.208743Z[0m [32m INFO[0m [1mnode[0m[1m{[0m[3mname[0m[2m=[0mk#addeef94..[1m}[0m[2m:[0m [2mconsensus_core::commit_syncer[0m[2m:[0m [2mconsensus/core/src/commit_syncer.rs[0m[2m:[0m[2m196:[0m Checking to schedule fetches: synced_commit_index=91, highest_handled_index=91, highest_scheduled_index=0, quorum_commit_index=0, unhandled_commits_threshold=3200
[2m2025-03-25T07:54:38.209833Z[0m [32m INFO[0m [1mnode[0m[1m{[0m[3mname[0m[2m=[0mk#99f25ef6..[1m}[0m[2m:[0m [2msui_core::checkpoints[0m[2m:[0m [2mcrates/sui-core/src/checkpoints/mod.rs[0m[2m:[0m[2m1326:[0m Creating checkpoint(s) for 1 transactions [3mnext_checkpoint_seq[0m[2m=[0m174 [3mcheckpoint_timestamp[0m[2m=[0m1742889277586
[2m2025-03-25T07:54:38.210008Z[0m [32m INFO[0m [1mnode[0m[1m{[0m[3mname[0m[2m=[0mk#99f25ef6..[1m}[0m[2m:[0m [2msui_core::checkpoints::checkpoint_output[0m[2m:[0m [2mcrates/sui-core/src/checkpoints/checkpoint_output.rs[0m[2m:[0m[2m149:[0m Creating checkpoint CheckpointDigest(4FtQm1cPxrJLmDcZWqaS5ELLQ6wPXEaH68kESwhag6fu) at epoch 0, sequence 174, previous digest Some(CheckpointDigest(4bAf2kcXGRpWY59ZvxFtmtJr5NSiyNmx6gBXhKZQjgFt)), transactions count 1, content digest CheckpointContentsDigest(HSELSWbTrvTFCD34zwjVFPWqLCjhmhdLRL8FaMVApJT6), end_of_epoch_data None
[2m2025-03-25T07:54:38.213046Z[0m [32m INFO[0m [1mnode[0m[1m{[0m[3mname[0m[2m=[0mk#8dcff6d1..[1m}[0m[2m:[0m [2msui_core::checkpoints::checkpoint_output[0m[2m:[0m [2mcrates/sui-core/src/checkpoints/checkpoint_output.rs[0m[2m:[0m[2m196:[0m Certified checkpoint with sequence 172 and digest 2ukY9ZkuorJkMC2b9eyUmrHwuAsbD13TMNU6XfCbBUdV
[2m2025-03-25T07:54:38.213070Z[0m [32m INFO[0m [1mnode[0m[1m{[0m[3mname[0m[2m=[0mk#8dcff6d1..[1m}[0m[2m:[0m [2msui_core::checkpoints::checkpoint_output[0m[2m:[0m [2mcrates/sui-core/src/checkpoints/checkpoint_output.rs[0m[2m:[0m[2m196:[0m Certified checkpoint with sequence 173 and digest 4bAf2kcXGRpWY59ZvxFtmtJr5NSiyNmx6gBXhKZQjgFt
[2m2025-03-25T07:54:38.214039Z[0m [32m INFO[0m [1mnode[0m[1m{[0m[3mname[0m[2m=[0mk#8dcff6d1..[1m}[0m[2m:[0m [2msui_core::checkpoints::checkpoint_executor[0m[2m:[0m [2mcrates/sui-core/src/checkpoints/checkpoint_executor/mod.rs[0m[2m:[0m[2m332:[0m Received checkpoint summary from state sync [3msequence_number[0m[2m=[0m172
[2m2025-03-25T07:54:38.214186Z[0m [32m INFO[0m [1mnode[0m[1m{[0m[3mname[0m[2m=[0mk#8dcff6d1..[1m}[0m[2m:[0m [2msui_core::checkpoints::checkpoint_executor[0m[2m:[0m [2mcrates/sui-core/src/checkpoints/checkpoint_executor/mod.rs[0m[2m:[0m[2m332:[0m Received checkpoint summary from state sync [3msequence_number[0m[2m=[0m173
[2m2025-03-25T07:54:38.216503Z[0m [32m INFO[0m [1mnode[0m[1m{[0m[3mname[0m[2m=[0mk#8dcff6d1..[1m}[0m[2m:[0m [2msui_core::state_accumulator[0m[2m:[0m [2mcrates/sui-core/src/state_accumulator.rs[0m[2m:[0m[2m675:[0m accumulating running root for checkpoint 172
[2m2025-03-25T07:54:38.216964Z[0m [32m INFO[0m [1mnode[0m[1m{[0m[3mname[0m[2m=[0mk#8dcff6d1..[1m}[0m[2m:[0m [2msui_core::state_accumulator[0m[2m:[0m [2mcrates/sui-core/src/state_accumulator.rs[0m[2m:[0m[2m675:[0m accumulating running root for checkpoint 173
[2m2025-03-25T07:54:38.313345Z[0m [32m INFO[0m [1mnode[0m[1m{[0m[3mname[0m[2m=[0mk#addeef94..[1m}[0m[2m:[0m [2msui_core::checkpoints[0m[2m:[0m [2mcrates/sui-core/src/checkpoints/mod.rs[0m[2m:[0m[2m1326:[0m Creating checkpoint(s) for 1 transactions [3mnext_checkpoint_seq[0m[2m=[0m175 [3mcheckpoint_timestamp[0m[2m=[0m1742889277586
[2m2025-03-25T07:54:38.313606Z[0m [32m INFO[0m [1mnode[0m[1m{[0m[3mname[0m[2m=[0mk#addeef94..[1m}[0m[2m:[0m [2msui_core::checkpoints::checkpoint_output[0m[2m:[0m [2mcrates/sui-core/src/checkpoints/checkpoint_output.rs[0m[2m:[0m[2m149:[0m Creating checkpoint CheckpointDigest(EqkecpuSwDhkHfopjrESuXzKGJ49i3ke7JAjCD6tX1gq) at epoch 0, sequence 175, previous digest Some(CheckpointDigest(4FtQm1cPxrJLmDcZWqaS5ELLQ6wPXEaH68kESwhag6fu)), transactions count 1, content digest CheckpointContentsDigest(AWBgCtqEeTJAgha18bVGyA3VtodSc6MWhiPunEw4MRYH), end_of_epoch_data None
[2m2025-03-25T07:54:38.324815Z[0m [32m INFO[0m [1mnode[0m[1m{[0m[3mname[0m[2m=[0mk#addeef94..[1m}[0m[2m:[0m [2msui_core::checkpoints::checkpoint_executor[0m[2m:[0m [2mcrates/sui-core/src/checkpoints/checkpoint_executor/mod.rs[0m[2m:[0m[2m332:[0m Received checkpoint summary from state sync [3msequence_number[0m[2m=[0m172
[2m2025-03-25T07:54:38.324950Z[0m [32m INFO[0m [1mnode[0m[1m{[0m[3mname[0m[2m=[0mk#addeef94..[1m}[0m[2m:[0m [2msui_core::checkpoints::checkpoint_executor[0m[2m:[0m [2mcrates/sui-core/src/checkpoints/checkpoint_executor/mod.rs[0m[2m:[0m[2m332:[0m Received checkpoint summary from state sync [3msequence_number[0m[2m=[0m173
[2m2025-03-25T07:54:38.325178Z[0m [32m INFO[0m [1mnode[0m[1m{[0m[3mname[0m[2m=[0mk#99f25ef6..[1m}[0m[2m:[0m [2msui_core::checkpoints[0m[2m:[0m [2mcrates/sui-core/src/checkpoints/mod.rs[0m[2m:[0m[2m1326:[0m Creating checkpoint(s) for 1 transactions [3mnext_checkpoint_seq[0m[2m=[0m175 [3mcheckpoint_timestamp[0m[2m=[0m1742889277586
[2m2025-03-25T07:54:38.325380Z[0m [32m INFO[0m [1mnode[0m[1m{[0m[3mname[0m[2m=[0mk#99f25ef6..[1m}[0m[2m:[0m [2msui_core::checkpoints::checkpoint_output[0m[2m:[0m [2mcrates/sui-core/src/checkpoints/checkpoint_output.rs[0m[2m:[0m[2m149:[0m Creating checkpoint CheckpointDigest(EqkecpuSwDhkHfopjrESuXzKGJ49i3ke7JAjCD6tX1gq) at epoch 0, sequence 175, previous digest Some(CheckpointDigest(4FtQm1cPxrJLmDcZWqaS5ELLQ6wPXEaH68kESwhag6fu)), transactions count 1, content digest CheckpointContentsDigest(AWBgCtqEeTJAgha18bVGyA3VtodSc6MWhiPunEw4MRYH), end_of_epoch_data None
[2m2025-03-25T07:54:38.326066Z[0m [32m INFO[0m [1mnode[0m[1m{[0m[3mname[0m[2m=[0mk#8dcff6d1..[1m}[0m[2m:[0m [2msui_core::checkpoints[0m[2m:[0m [2mcrates/sui-core/src/checkpoints/mod.rs[0m[2m:[0m[2m1326:[0m Creating checkpoint(s) for 1 transactions [3mnext_checkpoint_seq[0m[2m=[0m175 [3mcheckpoint_timestamp[0m[2m=[0m1742889277586
[2m2025-03-25T07:54:38.326216Z[0m [32m INFO[0m [1mnode[0m[1m{[0m[3mname[0m[2m=[0mk#addeef94..[1m}[0m[2m:[0m [2msui_core::state_accumulator[0m[2m:[0m [2mcrates/sui-core/src/state_accumulator.rs[0m[2m:[0m[2m675:[0m accumulating running root for checkpoint 172
[2m2025-03-25T07:54:38.326243Z[0m [32m INFO[0m [1mnode[0m[1m{[0m[3mname[0m[2m=[0mk#8dcff6d1..[1m}[0m[2m:[0m [2msui_core::checkpoints::checkpoint_output[0m[2m:[0m [2mcrates/sui-core/src/checkpoints/checkpoint_output.rs[0m[2m:[0m[2m149:[0m Creating checkpoint CheckpointDigest(EqkecpuSwDhkHfopjrESuXzKGJ49i3ke7JAjCD6tX1gq) at epoch 0, sequence 175, previous digest Some(CheckpointDigest(4FtQm1cPxrJLmDcZWqaS5ELLQ6wPXEaH68kESwhag6fu)), transactions count 1, content digest CheckpointContentsDigest(AWBgCtqEeTJAgha18bVGyA3VtodSc6MWhiPunEw4MRYH), end_of_epoch_data None
[2m2025-03-25T07:54:38.326646Z[0m [32m INFO[0m [1mnode[0m[1m{[0m[3mname[0m[2m=[0mk#addeef94..[1m}[0m[2m:[0m [2msui_core::state_accumulator[0m[2m:[0m [2mcrates/sui-core/src/state_accumulator.rs[0m[2m:[0m[2m675:[0m accumulating running root for checkpoint 173
[2m2025-03-25T07:54:38.327930Z[0m [32m INFO[0m [1mnode[0m[1m{[0m[3mname[0m[2m=[0mk#b3f3cbb4..[1m}[0m[2m:[0m [2msui_core::checkpoints::checkpoint_executor[0m[2m:[0m [2mcrates/sui-core/src/checkpoints/checkpoint_executor/mod.rs[0m[2m:[0m[2m332:[0m Received checkpoint summary from state sync [3msequence_number[0m[2m=[0m172
[2m2025-03-25T07:54:38.328057Z[0m [32m INFO[0m [1mnode[0m[1m{[0m[3mname[0m[2m=[0mk#b3f3cbb4..[1m}[0m[2m:[0m [2msui_core::checkpoints::checkpoint_executor[0m[2m:[0m [2mcrates/sui-core/src/checkpoints/checkpoint_executor/mod.rs[0m[2m:[0m[2m332:[0m Received checkpoint summary from state sync [3msequence_number[0m[2m=[0m173
[2m2025-03-25T07:54:38.329796Z[0m [32m INFO[0m [1mnode[0m[1m{[0m[3mname[0m[2m=[0mk#99f25ef6..[1m}[0m[2m:[0m [2msui_core::checkpoints::checkpoint_output[0m[2m:[0m [2mcrates/sui-core/src/checkpoints/checkpoint_output.rs[0m[2m:[0m[2m196:[0m Certified checkpoint with sequence 172 and digest 2ukY9ZkuorJkMC2b9eyUmrHwuAsbD13TMNU6XfCbBUdV
[2m2025-03-25T07:54:38.329816Z[0m [32m INFO[0m [1mnode[0m[1m{[0m[3mname[0m[2m=[0mk#99f25ef6..[1m}[0m[2m:[0m [2msui_core::checkpoints::checkpoint_output[0m[2m:[0m [2mcrates/sui-core/src/checkpoints/checkpoint_output.rs[0m[2m:[0m[2m196:[0m Certified checkpoint with sequence 173 and digest 4bAf2kcXGRpWY59ZvxFtmtJr5NSiyNmx6gBXhKZQjgFt
[2m2025-03-25T07:54:38.333120Z[0m [32m INFO[0m [1mnode[0m[1m{[0m[3mname[0m[2m=[0mk#99f25ef6..[1m}[0m[2m:[0m [2msui_core::checkpoints::checkpoint_executor[0m[2m:[0m [2mcrates/sui-core/src/checkpoints/checkpoint_executor/mod.rs[0m[2m:[0m[2m332:[0m Received checkpoint summary from state sync [3msequence_number[0m[2m=[0m160
[2m2025-03-25T07:54:38.333236Z[0m [32m INFO[0m [1mnode[0m[1m{[0m[3mname[0m[2m=[0mk#99f25ef6..[1m}[0m[2m:[0m [2msui_core::checkpoints::checkpoint_executor[0m[2m:[0m [2mcrates/sui-core/src/checkpoints/checkpoint_executor/mod.rs[0m[2m:[0m[2m332:[0m Received checkpoint summary from state sync [3msequence_number[0m[2m=[0m161
[2m2025-03-25T07:54:38.333278Z[0m [32m INFO[0m [1mnode[0m[1m{[0m[3mname[0m[2m=[0mk#99f25ef6..[1m}[0m[2m:[0m [2msui_core::checkpoints::checkpoint_executor[0m[2m:[0m [2mcrates/sui-core/src/checkpoints/checkpoint_executor/mod.rs[0m[2m:[0m[2m332:[0m Received checkpoint summary from state sync [3msequence_number[0m[2m=[0m162
[2m2025-03-25T07:54:38.333319Z[0m [32m INFO[0m [1mnode[0m[1m{[0m[3mname[0m[2m=[0mk#99f25ef6..[1m}[0m[2m:[0m [2msui_core::checkpoints::checkpoint_executor[0m[2m:[0m [2mcrates/sui-core/src/checkpoints/checkpoint_executor/mod.rs[0m[2m:[0m[2m332:[0m Received checkpoint summary from state sync [3msequence_number[0m[2m=[0m163
[2m2025-03-25T07:54:38.333357Z[0m [32m INFO[0m [1mnode[0m[1m{[0m[3mname[0m[2m=[0mk#99f25ef6..[1m}[0m[2m:[0m [2msui_core::checkpoints::checkpoint_executor[0m[2m:[0m [2mcrates/sui-core/src/checkpoints/checkpoint_executor/mod.rs[0m[2m:[0m[2m332:[0m Received checkpoint summary from state sync [3msequence_number[0m[2m=[0m164
[2m2025-03-25T07:54:38.333395Z[0m [32m INFO[0m [1mnode[0m[1m{[0m[3mname[0m[2m=[0mk#99f25ef6..[1m}[0m[2m:[0m [2msui_core::checkpoints::checkpoint_executor[0m[2m:[0m [2mcrates/sui-core/src/checkpoints/checkpoint_executor/mod.rs[0m[2m:[0m[2m332:[0m Received checkpoint summary from state sync [3msequence_number[0m[2m=[0m165
[2m2025-03-25T07:54:38.333439Z[0m [32m INFO[0m [1mnode[0m[1m{[0m[3mname[0m[2m=[0mk#99f25ef6..[1m}[0m[2m:[0m [2msui_core::checkpoints::checkpoint_executor[0m[2m:[0m [2mcrates/sui-core/src/checkpoints/checkpoint_executor/mod.rs[0m[2m:[0m[2m332:[0m Received checkpoint summary from state sync [3msequence_number[0m[2m=[0m166
[2m2025-03-25T07:54:38.333476Z[0m [32m INFO[0m [1mnode[0m[1m{[0m[3mname[0m[2m=[0mk#99f25ef6..[1m}[0m[2m:[0m [2msui_core::checkpoints::checkpoint_executor[0m[2m:[0m [2mcrates/sui-core/src/checkpoints/checkpoint_executor/mod.rs[0m[2m:[0m[2m332:[0m Received checkpoint summary from state sync [3msequence_number[0m[2m=[0m167
[2m2025-03-25T07:54:38.333513Z[0m [32m INFO[0m [1mnode[0m[1m{[0m[3mname[0m[2m=[0mk#99f25ef6..[1m}[0m[2m:[0m [2msui_core::checkpoints::checkpoint_executor[0m[2m:[0m [2mcrates/sui-core/src/checkpoints/checkpoint_executor/mod.rs[0m[2m:[0m[2m332:[0m Received checkpoint summary from state sync [3msequence_number[0m[2m=[0m168
[2m2025-03-25T07:54:38.333550Z[0m [32m INFO[0m [1mnode[0m[1m{[0m[3mname[0m[2m=[0mk#99f25ef6..[1m}[0m[2m:[0m [2msui_core::checkpoints::checkpoint_executor[0m[2m:[0m [2mcrates/sui-core/src/checkpoints/checkpoint_executor/mod.rs[0m[2m:[0m[2m332:[0m Received checkpoint summary from state sync [3msequence_number[0m[2m=[0m169
[2m2025-03-25T07:54:38.333587Z[0m [32m INFO[0m [1mnode[0m[1m{[0m[3mname[0m[2m=[0mk#99f25ef6..[1m}[0m[2m:[0m [2msui_core::checkpoints::checkpoint_executor[0m[2m:[0m [2mcrates/sui-core/src/checkpoints/checkpoint_executor/mod.rs[0m[2m:[0m[2m332:[0m Received checkpoint summary from state sync [3msequence_number[0m[2m=[0m170
[2m2025-03-25T07:54:38.333624Z[0m [32m INFO[0m [1mnode[0m[1m{[0m[3mname[0m[2m=[0mk#99f25ef6..[1m}[0m[2m:[0m [2msui_core::checkpoints::checkpoint_executor[0m[2m:[0m [2mcrates/sui-core/src/checkpoints/checkpoint_executor/mod.rs[0m[2m:[0m[2m332:[0m Received checkpoint summary from state sync [3msequence_number[0m[2m=[0m171
[2m2025-03-25T07:54:38.333660Z[0m [32m INFO[0m [1mnode[0m[1m{[0m[3mname[0m[2m=[0mk#99f25ef6..[1m}[0m[2m:[0m [2msui_core::checkpoints::checkpoint_executor[0m[2m:[0m [2mcrates/sui-core/src/checkpoints/checkpoint_executor/mod.rs[0m[2m:[0m[2m332:[0m Received checkpoint summary from state sync [3msequence_number[0m[2m=[0m172
[2m2025-03-25T07:54:38.333697Z[0m [32m INFO[0m [1mnode[0m[1m{[0m[3mname[0m[2m=[0mk#99f25ef6..[1m}[0m[2m:[0m [2msui_core::checkpoints::checkpoint_executor[0m[2m:[0m [2mcrates/sui-core/src/checkpoints/checkpoint_executor/mod.rs[0m[2m:[0m[2m332:[0m Received checkpoint summary from state sync [3msequence_number[0m[2m=[0m173
[2m2025-03-25T07:54:38.334869Z[0m [32m INFO[0m [1mnode[0m[1m{[0m[3mname[0m[2m=[0mk#99f25ef6..[1m}[0m[2m:[0m [2msui_core::state_accumulator[0m[2m:[0m [2mcrates/sui-core/src/state_accumulator.rs[0m[2m:[0m[2m675:[0m accumulating running root for checkpoint 172
[2m2025-03-25T07:54:38.335286Z[0m [32m INFO[0m [1mnode[0m[1m{[0m[3mname[0m[2m=[0mk#99f25ef6..[1m}[0m[2m:[0m [2msui_core::state_accumulator[0m[2m:[0m [2mcrates/sui-core/src/state_accumulator.rs[0m[2m:[0m[2m675:[0m accumulating running root for checkpoint 173
[2m2025-03-25T07:54:38.354869Z[0m [32m INFO[0m [1mnode[0m[1m{[0m[3mname[0m[2m=[0mk#addeef94..[1m}[0m[2m:[0m [2mconsensus_core::core[0m[2m:[0m [2mconsensus/core/src/core.rs[0m[2m:[0m[2m531:[0m Created block B95(C,Rc/0lNdw2h75n9zMj5Z/ZjGyI8wPWVwQdBHxoExTvAY=)(1742889278354ms;[B94(C,6twSFi9AV3bkWdTVVMWyQ/gtEDRzdIaRyQtRBcgkKAM=), B94(A,S0xY/Tb5+yHXMwshmB29tV5kl/LQSooo9Oy+5/TUdj8=), B94(B,WokVG40WCRYmkZOxfmTGVx9l+4kDJKMaCW6U05+oFAY=)];2t;1c) for round 95
[2m2025-03-25T07:54:38.357473Z[0m [32m INFO[0m [1mnode[0m[1m{[0m[3mname[0m[2m=[0mk#8dcff6d1..[1m}[0m[2m:[0m [2mconsensus_core::core[0m[2m:[0m [2mconsensus/core/src/core.rs[0m[2m:[0m[2m531:[0m Created block B95(A,pJhXLgpds3z/StoicaX04GTxZWtutTJMzwKgiZDL5ew=)(1742889278357ms;[B94(A,S0xY/Tb5+yHXMwshmB29tV5kl/LQSooo9Oy+5/TUdj8=), B94(B,WokVG40WCRYmkZOxfmTGVx9l+4kDJKMaCW6U05+oFAY=), B94(C,6twSFi9AV3bkWdTVVMWyQ/gtEDRzdIaRyQtRBcgkKAM=)];2t;1c) for round 95
[2m2025-03-25T07:54:38.357492Z[0m [32m INFO[0m [1mnode[0m[1m{[0m[3mname[0m[2m=[0mk#99f25ef6..[1m}[0m[2m:[0m [2mconsensus_core::core[0m[2m:[0m [2mconsensus/core/src/core.rs[0m[2m:[0m[2m531:[0m Created block B95(B,nwz6uNjlkFt8EwY8zX0MWDySlCr5ad6D3mjCFbuoFQQ=)(1742889278357ms;[B94(B,WokVG40WCRYmkZOxfmTGVx9l+4kDJKMaCW6U05+oFAY=), B94(A,S0xY/Tb5+yHXMwshmB29tV5kl/LQSooo9Oy+5/TUdj8=), B94(C,6twSFi9AV3bkWdTVVMWyQ/gtEDRzdIaRyQtRBcgkKAM=)];2t;1c) for round 95
[2m2025-03-25T07:54:38.357553Z[0m [32m INFO[0m [1mnode[0m[1m{[0m[3mname[0m[2m=[0mk#8dcff6d1..[1m}[0m[2m:[0m [2mconsensus_core::core[0m[2m:[0m [2mconsensus/core/src/core.rs[0m[2m:[0m[2m630:[0m Committing 1 leaders: B93(A,Ou9z)
[2m2025-03-25T07:54:38.357569Z[0m [32m INFO[0m [1mnode[0m[1m{[0m[3mname[0m[2m=[0mk#99f25ef6..[1m}[0m[2m:[0m [2mconsensus_core::core[0m[2m:[0m [2mconsensus/core/src/core.rs[0m[2m:[0m[2m630:[0m Committing 1 leaders: B93(A,Ou9z)
[2m2025-03-25T07:54:38.357622Z[0m [32m INFO[0m [1mnode[0m[1m{[0m[3mname[0m[2m=[0mk#8dcff6d1..[1m}[0m[2m:[0m [2mconsensus_core::commit_observer[0m[2m:[0m [2mconsensus/core/src/commit_observer.rs[0m[2m:[0m[2m173:[0m Consensus commit C92(lUQo) with leader B93(A,Ou9z) has 3 blocks
[2m2025-03-25T07:54:38.357633Z[0m [32m INFO[0m [1mnode[0m[1m{[0m[3mname[0m[2m=[0mk#99f25ef6..[1m}[0m[2m:[0m [2mconsensus_core::commit_observer[0m[2m:[0m [2mconsensus/core/src/commit_observer.rs[0m[2m:[0m[2m173:[0m Consensus commit C92(lUQo) with leader B93(A,Ou9z) has 3 blocks
[2m2025-03-25T07:54:38.357706Z[0m [32m INFO[0m [1mnode[0m[1m{[0m[3mname[0m[2m=[0mk#8dcff6d1..[1m}[0m[2m:[0m [2msui_core::consensus_handler[0m[2m:[0m [2mcrates/sui-core/src/consensus_handler.rs[0m[2m:[0m[2m232:[0m Received consensus output [3mconsensus_commit[0m[2m=[0mCommittedSubDag(leader=B93(A,Ou9z), ref=C92(lUQo), blocks=[3p2V, 1WQB, Ou9z]) [3mepoch[0m[2m=[0m0
[2m2025-03-25T07:54:38.357715Z[0m [32m INFO[0m [1mnode[0m[1m{[0m[3mname[0m[2m=[0mk#99f25ef6..[1m}[0m[2m:[0m [2msui_core::consensus_handler[0m[2m:[0m [2mcrates/sui-core/src/consensus_handler.rs[0m[2m:[0m[2m232:[0m Received consensus output [3mconsensus_commit[0m[2m=[0mCommittedSubDag(leader=B93(A,Ou9z), ref=C92(lUQo), blocks=[3p2V, 1WQB, Ou9z]) [3mepoch[0m[2m=[0m0
[2m2025-03-25T07:54:38.360694Z[0m [32m INFO[0m [1mnode[0m[1m{[0m[3mname[0m[2m=[0mk#addeef94..[1m}[0m[2m:[0m [2mconsensus_core::core[0m[2m:[0m [2mconsensus/core/src/core.rs[0m[2m:[0m[2m630:[0m Committing 1 leaders: B93(A,Ou9z)
[2m2025-03-25T07:54:38.360778Z[0m [32m INFO[0m [1mnode[0m[1m{[0m[3mname[0m[2m=[0mk#addeef94..[1m}[0m[2m:[0m [2mconsensus_core::commit_observer[0m[2m:[0m [2mconsensus/core/src/commit_observer.rs[0m[2m:[0m[2m173:[0m Consensus commit C92(lUQo) with leader B93(A,Ou9z) has 3 blocks
[2m2025-03-25T07:54:38.360850Z[0m [32m INFO[0m [1mnode[0m[1m{[0m[3mname[0m[2m=[0mk#addeef94..[1m}[0m[2m:[0m [2msui_core::consensus_handler[0m[2m:[0m [2mcrates/sui-core/src/consensus_handler.rs[0m[2m:[0m[2m232:[0m Received consensus output [3mconsensus_commit[0m[2m=[0mCommittedSubDag(leader=B93(A,Ou9z), ref=C92(lUQo), blocks=[3p2V, 1WQB, Ou9z]) [3mepoch[0m[2m=[0m0
[2m2025-03-25T07:54:38.418799Z[0m [32m INFO[0m [1mnode[0m[1m{[0m[3mname[0m[2m=[0mk#b3f3cbb4..[1m}[0m[2m:[0m [2msui_core::state_accumulator[0m[2m:[0m [2mcrates/sui-core/src/state_accumulator.rs[0m[2m:[0m[2m675:[0m accumulating running root for checkpoint 172
[2m2025-03-25T07:54:38.419319Z[0m [32m INFO[0m [1mnode[0m[1m{[0m[3mname[0m[2m=[0mk#b3f3cbb4..[1m}[0m[2m:[0m [2msui_core::state_accumulator[0m[2m:[0m [2mcrates/sui-core/src/state_accumulator.rs[0m[2m:[0m[2m675:[0m accumulating running root for checkpoint 173
[2m2025-03-25T07:54:38.422708Z[0m [32m INFO[0m [2msui_bridge::e2e_tests::test_utils[0m[2m:[0m [2mcrates/sui-bridge/src/e2e_tests/test_utils.rs[0m[2m:[0m[2m1039:[0m register tokens took 11 secs
[2m2025-03-25T07:54:38.466793Z[0m [32m INFO[0m [1mnode[0m[1m{[0m[3mname[0m[2m=[0mk#addeef94..[1m}[0m[2m:[0m [2msui_core::checkpoints[0m[2m:[0m [2mcrates/sui-core/src/checkpoints/mod.rs[0m[2m:[0m[2m1326:[0m Creating checkpoint(s) for 1 transactions [3mnext_checkpoint_seq[0m[2m=[0m176 [3mcheckpoint_timestamp[0m[2m=[0m1742889277843
[2m2025-03-25T07:54:38.466793Z[0m [32m INFO[0m [1mnode[0m[1m{[0m[3mname[0m[2m=[0mk#8dcff6d1..[1m}[0m[2m:[0m [2msui_core::checkpoints[0m[2m:[0m [2mcrates/sui-core/src/checkpoints/mod.rs[0m[2m:[0m[2m1326:[0m Creating checkpoint(s) for 1 transactions [3mnext_checkpoint_seq[0m[2m=[0m176 [3mcheckpoint_timestamp[0m[2m=[0m1742889277843
[2m2025-03-25T07:54:38.467041Z[0m [32m INFO[0m [1mnode[0m[1m{[0m[3mname[0m[2m=[0mk#99f25ef6..[1m}[0m[2m:[0m [2msui_core::checkpoints[0m[2m:[0m [2mcrates/sui-core/src/checkpoints/mod.rs[0m[2m:[0m[2m1326:[0m Creating checkpoint(s) for 1 transactions [3mnext_checkpoint_seq[0m[2m=[0m176 [3mcheckpoint_timestamp[0m[2m=[0m1742889277843
[2m2025-03-25T07:54:38.467038Z[0m [32m INFO[0m [1mnode[0m[1m{[0m[3mname[0m[2m=[0mk#addeef94..[1m}[0m[2m:[0m [2msui_core::checkpoints::checkpoint_output[0m[2m:[0m [2mcrates/sui-core/src/checkpoints/checkpoint_output.rs[0m[2m:[0m[2m149:[0m Creating checkpoint CheckpointDigest(5w3YnWJrQ9iw5ws4vTUmTr28Hu6Sgr3UJLRcDoSC1Xnu) at epoch 0, sequence 176, previous digest Some(CheckpointDigest(EqkecpuSwDhkHfopjrESuXzKGJ49i3ke7JAjCD6tX1gq)), transactions count 1, content digest CheckpointContentsDigest(4rvdXsXUaioqrPcyKDazpNycEH2Bi2Zoj8dsnYoUdZPY), end_of_epoch_data None
[2m2025-03-25T07:54:38.467038Z[0m [32m INFO[0m [1mnode[0m[1m{[0m[3mname[0m[2m=[0mk#8dcff6d1..[1m}[0m[2m:[0m [2msui_core::checkpoints::checkpoint_output[0m[2m:[0m [2mcrates/sui-core/src/checkpoints/checkpoint_output.rs[0m[2m:[0m[2m149:[0m Creating checkpoint CheckpointDigest(5w3YnWJrQ9iw5ws4vTUmTr28Hu6Sgr3UJLRcDoSC1Xnu) at epoch 0, sequence 176, previous digest Some(CheckpointDigest(EqkecpuSwDhkHfopjrESuXzKGJ49i3ke7JAjCD6tX1gq)), transactions count 1, content digest CheckpointContentsDigest(4rvdXsXUaioqrPcyKDazpNycEH2Bi2Zoj8dsnYoUdZPY), end_of_epoch_data None
[2m2025-03-25T07:54:38.467204Z[0m [32m INFO[0m [1mnode[0m[1m{[0m[3mname[0m[2m=[0mk#99f25ef6..[1m}[0m[2m:[0m [2msui_core::checkpoints::checkpoint_output[0m[2m:[0m [2mcrates/sui-core/src/checkpoints/checkpoint_output.rs[0m[2m:[0m[2m149:[0m Creating checkpoint CheckpointDigest(5w3YnWJrQ9iw5ws4vTUmTr28Hu6Sgr3UJLRcDoSC1Xnu) at epoch 0, sequence 176, previous digest Some(CheckpointDigest(EqkecpuSwDhkHfopjrESuXzKGJ49i3ke7JAjCD6tX1gq)), transactions count 1, content digest CheckpointContentsDigest(4rvdXsXUaioqrPcyKDazpNycEH2Bi2Zoj8dsnYoUdZPY), end_of_epoch_data None
[2m2025-03-25T07:54:38.469807Z[0m [32m INFO[0m [1mnode[0m[1m{[0m[3mname[0m[2m=[0mk#8dcff6d1..[1m}[0m[2m:[0m [2mconsensus_core::commit_syncer[0m[2m:[0m [2mconsensus/core/src/commit_syncer.rs[0m[2m:[0m[2m196:[0m Checking to schedule fetches: synced_commit_index=92, highest_handled_index=92, highest_scheduled_index=0, quorum_commit_index=91, unhandled_commits_threshold=3200
[2m2025-03-25T07:54:38.472215Z[0m [32m INFO[0m [1mnode[0m[1m{[0m[3mname[0m[2m=[0mk#8dcff6d1..[1m}[0m[2m:[0m [2msui_core::checkpoints::checkpoint_output[0m[2m:[0m [2mcrates/sui-core/src/checkpoints/checkpoint_output.rs[0m[2m:[0m[2m196:[0m Certified checkpoint with sequence 174 and digest 4FtQm1cPxrJLmDcZWqaS5ELLQ6wPXEaH68kESwhag6fu
[2m2025-03-25T07:54:38.472239Z[0m [32m INFO[0m [1mnode[0m[1m{[0m[3mname[0m[2m=[0mk#8dcff6d1..[1m}[0m[2m:[0m [2msui_core::checkpoints::checkpoint_output[0m[2m:[0m [2mcrates/sui-core/src/checkpoints/checkpoint_output.rs[0m[2m:[0m[2m196:[0m Certified checkpoint with sequence 175 and digest EqkecpuSwDhkHfopjrESuXzKGJ49i3ke7JAjCD6tX1gq
[2m2025-03-25T07:54:38.482886Z[0m [32m INFO[0m [1mnode[0m[1m{[0m[3mname[0m[2m=[0mk#8dcff6d1..[1m}[0m[2m:[0m [2msui_core::checkpoints::checkpoint_executor[0m[2m:[0m [2mcrates/sui-core/src/checkpoints/checkpoint_executor/mod.rs[0m[2m:[0m[2m332:[0m Received checkpoint summary from state sync [3msequence_number[0m[2m=[0m174
[2m2025-03-25T07:54:38.483040Z[0m [32m INFO[0m [1mnode[0m[1m{[0m[3mname[0m[2m=[0mk#8dcff6d1..[1m}[0m[2m:[0m [2msui_core::checkpoints::checkpoint_executor[0m[2m:[0m [2mcrates/sui-core/src/checkpoints/checkpoint_executor/mod.rs[0m[2m:[0m[2m332:[0m Received checkpoint summary from state sync [3msequence_number[0m[2m=[0m175
[2m2025-03-25T07:54:38.485158Z[0m [32m INFO[0m [1mnode[0m[1m{[0m[3mname[0m[2m=[0mk#8dcff6d1..[1m}[0m[2m:[0m [2msui_core::state_accumulator[0m[2m:[0m [2mcrates/sui-core/src/state_accumulator.rs[0m[2m:[0m[2m675:[0m accumulating running root for checkpoint 174
[2m2025-03-25T07:54:38.485613Z[0m [32m INFO[0m [1mnode[0m[1m{[0m[3mname[0m[2m=[0mk#8dcff6d1..[1m}[0m[2m:[0m [2msui_core::state_accumulator[0m[2m:[0m [2mcrates/sui-core/src/state_accumulator.rs[0m[2m:[0m[2m675:[0m accumulating running root for checkpoint 175
[2m2025-03-25T07:54:38.588480Z[0m [32m INFO[0m [1mnode[0m[1m{[0m[3mname[0m[2m=[0mk#99f25ef6..[1m}[0m[2m:[0m [2msui_core::checkpoints[0m[2m:[0m [2mcrates/sui-core/src/checkpoints/mod.rs[0m[2m:[0m[2m1326:[0m Creating checkpoint(s) for 1 transactions [3mnext_checkpoint_seq[0m[2m=[0m177 [3mcheckpoint_timestamp[0m[2m=[0m1742889277843
[2m2025-03-25T07:54:38.588757Z[0m [32m INFO[0m [1mnode[0m[1m{[0m[3mname[0m[2m=[0mk#99f25ef6..[1m}[0m[2m:[0m [2msui_core::checkpoints::checkpoint_output[0m[2m:[0m [2mcrates/sui-core/src/checkpoints/checkpoint_output.rs[0m[2m:[0m[2m149:[0m Creating checkpoint CheckpointDigest(HYJzEiDYww9S2tHi2qb23Twvgr6qWsuRwTyxTmTvByZ9) at epoch 0, sequence 177, previous digest Some(CheckpointDigest(5w3YnWJrQ9iw5ws4vTUmTr28Hu6Sgr3UJLRcDoSC1Xnu)), transactions count 1, content digest CheckpointContentsDigest(CZoY9ZfLcCwEzhVyWYKHcwB1YPXGySnCxDbs8v7MJKsM), end_of_epoch_data None
[2m2025-03-25T07:54:38.590018Z[0m [32m INFO[0m [1mnode[0m[1m{[0m[3mname[0m[2m=[0mk#addeef94..[1m}[0m[2m:[0m [2msui_core::checkpoints[0m[2m:[0m [2mcrates/sui-core/src/checkpoints/mod.rs[0m[2m:[0m[2m1326:[0m Creating checkpoint(s) for 1 transactions [3mnext_checkpoint_seq[0m[2m=[0m177 [3mcheckpoint_timestamp[0m[2m=[0m1742889277843
[2m2025-03-25T07:54:38.590209Z[0m [32m INFO[0m [1mnode[0m[1m{[0m[3mname[0m[2m=[0mk#addeef94..[1m}[0m[2m:[0m [2msui_core::checkpoints::checkpoint_output[0m[2m:[0m [2mcrates/sui-core/src/checkpoints/checkpoint_output.rs[0m[2m:[0m[2m149:[0m Creating checkpoint CheckpointDigest(HYJzEiDYww9S2tHi2qb23Twvgr6qWsuRwTyxTmTvByZ9) at epoch 0, sequence 177, previous digest Some(CheckpointDigest(5w3YnWJrQ9iw5ws4vTUmTr28Hu6Sgr3UJLRcDoSC1Xnu)), transactions count 1, content digest CheckpointContentsDigest(CZoY9ZfLcCwEzhVyWYKHcwB1YPXGySnCxDbs8v7MJKsM), end_of_epoch_data None
[2m2025-03-25T07:54:38.593205Z[0m [32m INFO[0m [1mnode[0m[1m{[0m[3mname[0m[2m=[0mk#8dcff6d1..[1m}[0m[2m:[0m [2msui_core::checkpoints[0m[2m:[0m [2mcrates/sui-core/src/checkpoints/mod.rs[0m[2m:[0m[2m1326:[0m Creating checkpoint(s) for 1 transactions [3mnext_checkpoint_seq[0m[2m=[0m177 [3mcheckpoint_timestamp[0m[2m=[0m1742889277843
[2m2025-03-25T07:54:38.593396Z[0m [32m INFO[0m [1mnode[0m[1m{[0m[3mname[0m[2m=[0mk#8dcff6d1..[1m}[0m[2m:[0m [2msui_core::checkpoints::checkpoint_output[0m[2m:[0m [2mcrates/sui-core/src/checkpoints/checkpoint_output.rs[0m[2m:[0m[2m149:[0m Creating checkpoint CheckpointDigest(HYJzEiDYww9S2tHi2qb23Twvgr6qWsuRwTyxTmTvByZ9) at epoch 0, sequence 177, previous digest Some(CheckpointDigest(5w3YnWJrQ9iw5ws4vTUmTr28Hu6Sgr3UJLRcDoSC1Xnu)), transactions count 1, content digest CheckpointContentsDigest(CZoY9ZfLcCwEzhVyWYKHcwB1YPXGySnCxDbs8v7MJKsM), end_of_epoch_data None
[2m2025-03-25T07:54:38.593789Z[0m [32m INFO[0m [1mnode[0m[1m{[0m[3mname[0m[2m=[0mk#addeef94..[1m}[0m[2m:[0m [2msui_core::checkpoints::checkpoint_executor[0m[2m:[0m [2mcrates/sui-core/src/checkpoints/checkpoint_executor/mod.rs[0m[2m:[0m[2m332:[0m Received checkpoint summary from state sync [3msequence_number[0m[2m=[0m174
[2m2025-03-25T07:54:38.593923Z[0m [32m INFO[0m [1mnode[0m[1m{[0m[3mname[0m[2m=[0mk#addeef94..[1m}[0m[2m:[0m [2msui_core::checkpoints::checkpoint_executor[0m[2m:[0m [2mcrates/sui-core/src/checkpoints/checkpoint_executor/mod.rs[0m[2m:[0m[2m332:[0m Received checkpoint summary from state sync [3msequence_number[0m[2m=[0m175
[2m2025-03-25T07:54:38.594776Z[0m [32m INFO[0m [1mnode[0m[1m{[0m[3mname[0m[2m=[0mk#99f25ef6..[1m}[0m[2m:[0m [2msui_core::checkpoints::checkpoint_output[0m[2m:[0m [2mcrates/sui-core/src/checkpoints/checkpoint_output.rs[0m[2m:[0m[2m196:[0m Certified checkpoint with sequence 174 and digest 4FtQm1cPxrJLmDcZWqaS5ELLQ6wPXEaH68kESwhag6fu
[2m2025-03-25T07:54:38.594796Z[0m [32m INFO[0m [1mnode[0m[1m{[0m[3mname[0m[2m=[0mk#99f25ef6..[1m}[0m[2m:[0m [2msui_core::checkpoints::checkpoint_output[0m[2m:[0m [2mcrates/sui-core/src/checkpoints/checkpoint_output.rs[0m[2m:[0m[2m196:[0m Certified checkpoint with sequence 175 and digest EqkecpuSwDhkHfopjrESuXzKGJ49i3ke7JAjCD6tX1gq
[2m2025-03-25T07:54:38.595162Z[0m [32m INFO[0m [1mnode[0m[1m{[0m[3mname[0m[2m=[0mk#addeef94..[1m}[0m[2m:[0m [2msui_core::state_accumulator[0m[2m:[0m [2mcrates/sui-core/src/state_accumulator.rs[0m[2m:[0m[2m675:[0m accumulating running root for checkpoint 174
[2m2025-03-25T07:54:38.595608Z[0m [32m INFO[0m [1mnode[0m[1m{[0m[3mname[0m[2m=[0mk#addeef94..[1m}[0m[2m:[0m [2msui_core::state_accumulator[0m[2m:[0m [2mcrates/sui-core/src/state_accumulator.rs[0m[2m:[0m[2m675:[0m accumulating running root for checkpoint 175
[2m2025-03-25T07:54:38.595812Z[0m [32m INFO[0m [1mnode[0m[1m{[0m[3mname[0m[2m=[0mk#99f25ef6..[1m}[0m[2m:[0m [2msui_core::checkpoints::checkpoint_executor[0m[2m:[0m [2mcrates/sui-core/src/checkpoints/checkpoint_executor/mod.rs[0m[2m:[0m[2m332:[0m Received checkpoint summary from state sync [3msequence_number[0m[2m=[0m174
[2m2025-03-25T07:54:38.595930Z[0m [32m INFO[0m [1mnode[0m[1m{[0m[3mname[0m[2m=[0mk#99f25ef6..[1m}[0m[2m:[0m [2msui_core::checkpoints::checkpoint_executor[0m[2m:[0m [2mcrates/sui-core/src/checkpoints/checkpoint_executor/mod.rs[0m[2m:[0m[2m332:[0m Received checkpoint summary from state sync [3msequence_number[0m[2m=[0m175
[2m2025-03-25T07:54:38.596176Z[0m [32m INFO[0m [1mnode[0m[1m{[0m[3mname[0m[2m=[0mk#b3f3cbb4..[1m}[0m[2m:[0m [2msui_core::checkpoints::checkpoint_executor[0m[2m:[0m [2mcrates/sui-core/src/checkpoints/checkpoint_executor/mod.rs[0m[2m:[0m[2m332:[0m Received checkpoint summary from state sync [3msequence_number[0m[2m=[0m174
[2m2025-03-25T07:54:38.596305Z[0m [32m INFO[0m [1mnode[0m[1m{[0m[3mname[0m[2m=[0mk#b3f3cbb4..[1m}[0m[2m:[0m [2msui_core::checkpoints::checkpoint_executor[0m[2m:[0m [2mcrates/sui-core/src/checkpoints/checkpoint_executor/mod.rs[0m[2m:[0m[2m332:[0m Received checkpoint summary from state sync [3msequence_number[0m[2m=[0m175
[2m2025-03-25T07:54:38.597990Z[0m [32m INFO[0m [1mnode[0m[1m{[0m[3mname[0m[2m=[0mk#99f25ef6..[1m}[0m[2m:[0m [2msui_core::state_accumulator[0m[2m:[0m [2mcrates/sui-core/src/state_accumulator.rs[0m[2m:[0m[2m675:[0m accumulating running root for checkpoint 174
[2m2025-03-25T07:54:38.598397Z[0m [32m INFO[0m [1mnode[0m[1m{[0m[3mname[0m[2m=[0mk#99f25ef6..[1m}[0m[2m:[0m [2msui_core::state_accumulator[0m[2m:[0m [2mcrates/sui-core/src/state_accumulator.rs[0m[2m:[0m[2m675:[0m accumulating running root for checkpoint 175
[2m2025-03-25T07:54:38.609873Z[0m [32m INFO[0m [1mnode[0m[1m{[0m[3mname[0m[2m=[0mk#99f25ef6..[1m}[0m[2m:[0m [2mconsensus_core::core[0m[2m:[0m [2mconsensus/core/src/core.rs[0m[2m:[0m[2m531:[0m Created block B96(B,j7M++xwJ4h3CXkhSeCtdTnQT1zQg0E3t/16Roqrnzdo=)(1742889278609ms;[B95(B,nwz6uNjlkFt8EwY8zX0MWDySlCr5ad6D3mjCFbuoFQQ=), B95(A,pJhXLgpds3z/StoicaX04GTxZWtutTJMzwKgiZDL5ew=), B95(C,Rc/0lNdw2h75n9zMj5Z/ZjGyI8wPWVwQdBHxoExTvAY=)];3t;1c) for round 96
[2m2025-03-25T07:54:38.610488Z[0m [32m INFO[0m [1mnode[0m[1m{[0m[3mname[0m[2m=[0mk#8dcff6d1..[1m}[0m[2m:[0m [2mconsensus_core::core[0m[2m:[0m [2mconsensus/core/src/core.rs[0m[2m:[0m[2m531:[0m Created block B96(A,0qLD0JUkHMhENPr8BQSxXDdCKF1N6o4NnVeFjRQyYoY=)(1742889278610ms;[B95(A,pJhXLgpds3z/StoicaX04GTxZWtutTJMzwKgiZDL5ew=), B95(B,nwz6uNjlkFt8EwY8zX0MWDySlCr5ad6D3mjCFbuoFQQ=), B95(C,Rc/0lNdw2h75n9zMj5Z/ZjGyI8wPWVwQdBHxoExTvAY=)];2t;1c) for round 96
[2m2025-03-25T07:54:38.613518Z[0m [32m INFO[0m [1mnode[0m[1m{[0m[3mname[0m[2m=[0mk#addeef94..[1m}[0m[2m:[0m [2mconsensus_core::core[0m[2m:[0m [2mconsensus/core/src/core.rs[0m[2m:[0m[2m531:[0m Created block B96(C,GscJJeqFO9E+O1CBK5xCeZDUYhOixwTkPG/Z1CIw4cw=)(1742889278613ms;[B95(C,Rc/0lNdw2h75n9zMj5Z/ZjGyI8wPWVwQdBHxoExTvAY=), B95(A,pJhXLgpds3z/StoicaX04GTxZWtutTJMzwKgiZDL5ew=), B95(B,nwz6uNjlkFt8EwY8zX0MWDySlCr5ad6D3mjCFbuoFQQ=)];2t;1c) for round 96
[2m2025-03-25T07:54:38.613600Z[0m [32m INFO[0m [1mnode[0m[1m{[0m[3mname[0m[2m=[0mk#addeef94..[1m}[0m[2m:[0m [2mconsensus_core::core[0m[2m:[0m [2mconsensus/core/src/core.rs[0m[2m:[0m[2m630:[0m Committing 1 leaders: B94(C,6twS)
[2m2025-03-25T07:54:38.613668Z[0m [32m INFO[0m [1mnode[0m[1m{[0m[3mname[0m[2m=[0mk#addeef94..[1m}[0m[2m:[0m [2mconsensus_core::commit_observer[0m[2m:[0m [2mconsensus/core/src/commit_observer.rs[0m[2m:[0m[2m173:[0m Consensus commit C93(yYYH) with leader B94(C,6twS) has 3 blocks
[2m2025-03-25T07:54:38.613751Z[0m [32m INFO[0m [1mnode[0m[1m{[0m[3mname[0m[2m=[0mk#addeef94..[1m}[0m[2m:[0m [2msui_core::consensus_handler[0m[2m:[0m [2mcrates/sui-core/src/consensus_handler.rs[0m[2m:[0m[2m232:[0m Received consensus output [3mconsensus_commit[0m[2m=[0mCommittedSubDag(leader=B94(C,6twS), ref=C93(yYYH), blocks=[WrGD, L5wP, 6twS]) [3mepoch[0m[2m=[0m0
[2m2025-03-25T07:54:38.616565Z[0m [32m INFO[0m [1mnode[0m[1m{[0m[3mname[0m[2m=[0mk#8dcff6d1..[1m}[0m[2m:[0m [2mconsensus_core::core[0m[2m:[0m [2mconsensus/core/src/core.rs[0m[2m:[0m[2m630:[0m Committing 1 leaders: B94(C,6twS)
[2m2025-03-25T07:54:38.616581Z[0m [32m INFO[0m [1mnode[0m[1m{[0m[3mname[0m[2m=[0mk#99f25ef6..[1m}[0m[2m:[0m [2mconsensus_core::core[0m[2m:[0m [2mconsensus/core/src/core.rs[0m[2m:[0m[2m630:[0m Committing 1 leaders: B94(C,6twS)
[2m2025-03-25T07:54:38.616649Z[0m [32m INFO[0m [1mnode[0m[1m{[0m[3mname[0m[2m=[0mk#8dcff6d1..[1m}[0m[2m:[0m [2mconsensus_core::commit_observer[0m[2m:[0m [2mconsensus/core/src/commit_observer.rs[0m[2m:[0m[2m173:[0m Consensus commit C93(yYYH) with leader B94(C,6twS) has 3 blocks
[2m2025-03-25T07:54:38.616668Z[0m [32m INFO[0m [1mnode[0m[1m{[0m[3mname[0m[2m=[0mk#99f25ef6..[1m}[0m[2m:[0m [2mconsensus_core::commit_observer[0m[2m:[0m [2mconsensus/core/src/commit_observer.rs[0m[2m:[0m[2m173:[0m Consensus commit C93(yYYH) with leader B94(C,6twS) has 3 blocks
[2m2025-03-25T07:54:38.616722Z[0m [32m INFO[0m [1mnode[0m[1m{[0m[3mname[0m[2m=[0mk#8dcff6d1..[1m}[0m[2m:[0m [2msui_core::consensus_handler[0m[2m:[0m [2mcrates/sui-core/src/consensus_handler.rs[0m[2m:[0m[2m232:[0m Received consensus output [3mconsensus_commit[0m[2m=[0mCommittedSubDag(leader=B94(C,6twS), ref=C93(yYYH), blocks=[WrGD, L5wP, 6twS]) [3mepoch[0m[2m=[0m0
[2m2025-03-25T07:54:38.616739Z[0m [32m INFO[0m [1mnode[0m[1m{[0m[3mname[0m[2m=[0mk#99f25ef6..[1m}[0m[2m:[0m [2msui_core::consensus_handler[0m[2m:[0m [2mcrates/sui-core/src/consensus_handler.rs[0m[2m:[0m[2m232:[0m Received consensus output [3mconsensus_commit[0m[2m=[0mCommittedSubDag(leader=B94(C,6twS), ref=C93(yYYH), blocks=[WrGD, L5wP, 6twS]) [3mepoch[0m[2m=[0m0
[2m2025-03-25T07:54:38.687705Z[0m [32m INFO[0m [1mnode[0m[1m{[0m[3mname[0m[2m=[0mk#b3f3cbb4..[1m}[0m[2m:[0m [2msui_core::state_accumulator[0m[2m:[0m [2mcrates/sui-core/src/state_accumulator.rs[0m[2m:[0m[2m675:[0m accumulating running root for checkpoint 174
[2m2025-03-25T07:54:38.688224Z[0m [32m INFO[0m [1mnode[0m[1m{[0m[3mname[0m[2m=[0mk#b3f3cbb4..[1m}[0m[2m:[0m [2msui_core::state_accumulator[0m[2m:[0m [2mcrates/sui-core/src/state_accumulator.rs[0m[2m:[0m[2m675:[0m accumulating running root for checkpoint 175
[2m2025-03-25T07:54:38.719974Z[0m [32m INFO[0m [1mnode[0m[1m{[0m[3mname[0m[2m=[0mk#8dcff6d1..[1m}[0m[2m:[0m [2msui_core::checkpoints[0m[2m:[0m [2mcrates/sui-core/src/checkpoints/mod.rs[0m[2m:[0m[2m1326:[0m Creating checkpoint(s) for 1 transactions [3mnext_checkpoint_seq[0m[2m=[0m178 [3mcheckpoint_timestamp[0m[2m=[0m1742889278101
[2m2025-03-25T07:54:38.720001Z[0m [32m INFO[0m [1mnode[0m[1m{[0m[3mname[0m[2m=[0mk#addeef94..[1m}[0m[2m:[0m [2msui_core::checkpoints[0m[2m:[0m [2mcrates/sui-core/src/checkpoints/mod.rs[0m[2m:[0m[2m1326:[0m Creating checkpoint(s) for 1 transactions [3mnext_checkpoint_seq[0m[2m=[0m178 [3mcheckpoint_timestamp[0m[2m=[0m1742889278101
[2m2025-03-25T07:54:38.720206Z[0m [32m INFO[0m [1mnode[0m[1m{[0m[3mname[0m[2m=[0mk#8dcff6d1..[1m}[0m[2m:[0m [2msui_core::checkpoints::checkpoint_output[0m[2m:[0m [2mcrates/sui-core/src/checkpoints/checkpoint_output.rs[0m[2m:[0m[2m149:[0m Creating checkpoint CheckpointDigest(AAGYPZbhrKAyNrSe6EPSavTMfRq1xiqQWmdfoLgmkDWR) at epoch 0, sequence 178, previous digest Some(CheckpointDigest(HYJzEiDYww9S2tHi2qb23Twvgr6qWsuRwTyxTmTvByZ9)), transactions count 1, content digest CheckpointContentsDigest(9E5ZSCs92eH85smzVzBfgHWmEhn4GgxjAuqYyk47XzYp), end_of_epoch_data None
[2m2025-03-25T07:54:38.720206Z[0m [32m INFO[0m [1mnode[0m[1m{[0m[3mname[0m[2m=[0mk#addeef94..[1m}[0m[2m:[0m [2msui_core::checkpoints::checkpoint_output[0m[2m:[0m [2mcrates/sui-core/src/checkpoints/checkpoint_output.rs[0m[2m:[0m[2m149:[0m Creating checkpoint CheckpointDigest(AAGYPZbhrKAyNrSe6EPSavTMfRq1xiqQWmdfoLgmkDWR) at epoch 0, sequence 178, previous digest Some(CheckpointDigest(HYJzEiDYww9S2tHi2qb23Twvgr6qWsuRwTyxTmTvByZ9)), transactions count 1, content digest CheckpointContentsDigest(9E5ZSCs92eH85smzVzBfgHWmEhn4GgxjAuqYyk47XzYp), end_of_epoch_data None
[2m2025-03-25T07:54:38.720860Z[0m [32m INFO[0m [1mnode[0m[1m{[0m[3mname[0m[2m=[0mk#99f25ef6..[1m}[0m[2m:[0m [2msui_core::checkpoints[0m[2m:[0m [2mcrates/sui-core/src/checkpoints/mod.rs[0m[2m:[0m[2m1326:[0m Creating checkpoint(s) for 1 transactions [3mnext_checkpoint_seq[0m[2m=[0m178 [3mcheckpoint_timestamp[0m[2m=[0m1742889278101
[2m2025-03-25T07:54:38.721024Z[0m [32m INFO[0m [1mnode[0m[1m{[0m[3mname[0m[2m=[0mk#99f25ef6..[1m}[0m[2m:[0m [2msui_core::checkpoints::checkpoint_output[0m[2m:[0m [2mcrates/sui-core/src/checkpoints/checkpoint_output.rs[0m[2m:[0m[2m149:[0m Creating checkpoint CheckpointDigest(AAGYPZbhrKAyNrSe6EPSavTMfRq1xiqQWmdfoLgmkDWR) at epoch 0, sequence 178, previous digest Some(CheckpointDigest(HYJzEiDYww9S2tHi2qb23Twvgr6qWsuRwTyxTmTvByZ9)), transactions count 1, content digest CheckpointContentsDigest(9E5ZSCs92eH85smzVzBfgHWmEhn4GgxjAuqYyk47XzYp), end_of_epoch_data None
[2m2025-03-25T07:54:38.725050Z[0m [32m INFO[0m [1mnode[0m[1m{[0m[3mname[0m[2m=[0mk#8dcff6d1..[1m}[0m[2m:[0m [2msui_core::checkpoints::checkpoint_output[0m[2m:[0m [2mcrates/sui-core/src/checkpoints/checkpoint_output.rs[0m[2m:[0m[2m196:[0m Certified checkpoint with sequence 176 and digest 5w3YnWJrQ9iw5ws4vTUmTr28Hu6Sgr3UJLRcDoSC1Xnu
[2m2025-03-25T07:54:38.725073Z[0m [32m INFO[0m [1mnode[0m[1m{[0m[3mname[0m[2m=[0mk#8dcff6d1..[1m}[0m[2m:[0m [2msui_core::checkpoints::checkpoint_output[0m[2m:[0m [2mcrates/sui-core/src/checkpoints/checkpoint_output.rs[0m[2m:[0m[2m196:[0m Certified checkpoint with sequence 177 and digest HYJzEiDYww9S2tHi2qb23Twvgr6qWsuRwTyxTmTvByZ9
[2m2025-03-25T07:54:38.725910Z[0m [32m INFO[0m [1mnode[0m[1m{[0m[3mname[0m[2m=[0mk#8dcff6d1..[1m}[0m[2m:[0m [2msui_core::checkpoints::checkpoint_executor[0m[2m:[0m [2mcrates/sui-core/src/checkpoints/checkpoint_executor/mod.rs[0m[2m:[0m[2m332:[0m Received checkpoint summary from state sync [3msequence_number[0m[2m=[0m176
[2m2025-03-25T07:54:38.726048Z[0m [32m INFO[0m [1mnode[0m[1m{[0m[3mname[0m[2m=[0mk#8dcff6d1..[1m}[0m[2m:[0m [2msui_core::checkpoints::checkpoint_executor[0m[2m:[0m [2mcrates/sui-core/src/checkpoints/checkpoint_executor/mod.rs[0m[2m:[0m[2m332:[0m Received checkpoint summary from state sync [3msequence_number[0m[2m=[0m177
[2m2025-03-25T07:54:38.728068Z[0m [32m INFO[0m [1mnode[0m[1m{[0m[3mname[0m[2m=[0mk#8dcff6d1..[1m}[0m[2m:[0m [2msui_core::state_accumulator[0m[2m:[0m [2mcrates/sui-core/src/state_accumulator.rs[0m[2m:[0m[2m675:[0m accumulating running root for checkpoint 176
[2m2025-03-25T07:54:38.728512Z[0m [32m INFO[0m [1mnode[0m[1m{[0m[3mname[0m[2m=[0mk#8dcff6d1..[1m}[0m[2m:[0m [2msui_core::state_accumulator[0m[2m:[0m [2mcrates/sui-core/src/state_accumulator.rs[0m[2m:[0m[2m675:[0m accumulating running root for checkpoint 177
[2m2025-03-25T07:54:38.835063Z[0m [32m INFO[0m [1mnode[0m[1m{[0m[3mname[0m[2m=[0mk#99f25ef6..[1m}[0m[2m:[0m [2msui_core::checkpoints[0m[2m:[0m [2mcrates/sui-core/src/checkpoints/mod.rs[0m[2m:[0m[2m1326:[0m Creating checkpoint(s) for 1 transactions [3mnext_checkpoint_seq[0m[2m=[0m179 [3mcheckpoint_timestamp[0m[2m=[0m1742889278101
[2m2025-03-25T07:54:38.835342Z[0m [32m INFO[0m [1mnode[0m[1m{[0m[3mname[0m[2m=[0mk#99f25ef6..[1m}[0m[2m:[0m [2msui_core::checkpoints::checkpoint_output[0m[2m:[0m [2mcrates/sui-core/src/checkpoints/checkpoint_output.rs[0m[2m:[0m[2m149:[0m Creating checkpoint CheckpointDigest(9Zgerjgu9wNKZuWm81XNuW6zTWzGuScJGDzzNXKCoMys) at epoch 0, sequence 179, previous digest Some(CheckpointDigest(AAGYPZbhrKAyNrSe6EPSavTMfRq1xiqQWmdfoLgmkDWR)), transactions count 1, content digest CheckpointContentsDigest(96F2VSYwVc8G7phVgmEoxMx9d3yfmAFLqBcguHvL8AXv), end_of_epoch_data None
[2m2025-03-25T07:54:38.837469Z[0m [32m INFO[0m [1mnode[0m[1m{[0m[3mname[0m[2m=[0mk#addeef94..[1m}[0m[2m:[0m [2msui_core::checkpoints[0m[2m:[0m [2mcrates/sui-core/src/checkpoints/mod.rs[0m[2m:[0m[2m1326:[0m Creating checkpoint(s) for 1 transactions [3mnext_checkpoint_seq[0m[2m=[0m179 [3mcheckpoint_timestamp[0m[2m=[0m1742889278101
[2m2025-03-25T07:54:38.837665Z[0m [32m INFO[0m [1mnode[0m[1m{[0m[3mname[0m[2m=[0mk#addeef94..[1m}[0m[2m:[0m [2msui_core::checkpoints::checkpoint_output[0m[2m:[0m [2mcrates/sui-core/src/checkpoints/checkpoint_output.rs[0m[2m:[0m[2m149:[0m Creating checkpoint CheckpointDigest(9Zgerjgu9wNKZuWm81XNuW6zTWzGuScJGDzzNXKCoMys) at epoch 0, sequence 179, previous digest Some(CheckpointDigest(AAGYPZbhrKAyNrSe6EPSavTMfRq1xiqQWmdfoLgmkDWR)), transactions count 1, content digest CheckpointContentsDigest(96F2VSYwVc8G7phVgmEoxMx9d3yfmAFLqBcguHvL8AXv), end_of_epoch_data None
[2m2025-03-25T07:54:38.837881Z[0m [32m INFO[0m [1mnode[0m[1m{[0m[3mname[0m[2m=[0mk#8dcff6d1..[1m}[0m[2m:[0m [2msui_core::checkpoints[0m[2m:[0m [2mcrates/sui-core/src/checkpoints/mod.rs[0m[2m:[0m[2m1326:[0m Creating checkpoint(s) for 1 transactions [3mnext_checkpoint_seq[0m[2m=[0m179 [3mcheckpoint_timestamp[0m[2m=[0m1742889278101
[2m2025-03-25T07:54:38.838057Z[0m [32m INFO[0m [1mnode[0m[1m{[0m[3mname[0m[2m=[0mk#8dcff6d1..[1m}[0m[2m:[0m [2msui_core::checkpoints::checkpoint_output[0m[2m:[0m [2mcrates/sui-core/src/checkpoints/checkpoint_output.rs[0m[2m:[0m[2m149:[0m Creating checkpoint CheckpointDigest(9Zgerjgu9wNKZuWm81XNuW6zTWzGuScJGDzzNXKCoMys) at epoch 0, sequence 179, previous digest Some(CheckpointDigest(AAGYPZbhrKAyNrSe6EPSavTMfRq1xiqQWmdfoLgmkDWR)), transactions count 1, content digest CheckpointContentsDigest(96F2VSYwVc8G7phVgmEoxMx9d3yfmAFLqBcguHvL8AXv), end_of_epoch_data None
[2m2025-03-25T07:54:38.838762Z[0m [32m INFO[0m [1mnode[0m[1m{[0m[3mname[0m[2m=[0mk#99f25ef6..[1m}[0m[2m:[0m [2msui_core::checkpoints::checkpoint_executor[0m[2m:[0m [2mcrates/sui-core/src/checkpoints/checkpoint_executor/mod.rs[0m[2m:[0m[2m332:[0m Received checkpoint summary from state sync [3msequence_number[0m[2m=[0m174
[2m2025-03-25T07:54:38.838901Z[0m [32m INFO[0m [1mnode[0m[1m{[0m[3mname[0m[2m=[0mk#99f25ef6..[1m}[0m[2m:[0m [2msui_core::checkpoints::checkpoint_executor[0m[2m:[0m [2mcrates/sui-core/src/checkpoints/checkpoint_executor/mod.rs[0m[2m:[0m[2m332:[0m Received checkpoint summary from state sync [3msequence_number[0m[2m=[0m175
[2m2025-03-25T07:54:38.838943Z[0m [32m INFO[0m [1mnode[0m[1m{[0m[3mname[0m[2m=[0mk#99f25ef6..[1m}[0m[2m:[0m [2msui_core::checkpoints::checkpoint_executor[0m[2m:[0m [2mcrates/sui-core/src/checkpoints/checkpoint_executor/mod.rs[0m[2m:[0m[2m332:[0m Received checkpoint summary from state sync [3msequence_number[0m[2m=[0m176
[2m2025-03-25T07:54:38.838982Z[0m [32m INFO[0m [1mnode[0m[1m{[0m[3mname[0m[2m=[0mk#99f25ef6..[1m}[0m[2m:[0m [2msui_core::checkpoints::checkpoint_executor[0m[2m:[0m [2mcrates/sui-core/src/checkpoints/checkpoint_executor/mod.rs[0m[2m:[0m[2m332:[0m Received checkpoint summary from state sync [3msequence_number[0m[2m=[0m177
[2m2025-03-25T07:54:38.840301Z[0m [32m INFO[0m [1mnode[0m[1m{[0m[3mname[0m[2m=[0mk#99f25ef6..[1m}[0m[2m:[0m [2msui_core::state_accumulator[0m[2m:[0m [2mcrates/sui-core/src/state_accumulator.rs[0m[2m:[0m[2m675:[0m accumulating running root for checkpoint 176
[2m2025-03-25T07:54:38.840764Z[0m [32m INFO[0m [1mnode[0m[1m{[0m[3mname[0m[2m=[0mk#99f25ef6..[1m}[0m[2m:[0m [2msui_core::state_accumulator[0m[2m:[0m [2mcrates/sui-core/src/state_accumulator.rs[0m[2m:[0m[2m675:[0m accumulating running root for checkpoint 177
[2m2025-03-25T07:54:38.840857Z[0m [32m INFO[0m [1mnode[0m[1m{[0m[3mname[0m[2m=[0mk#b3f3cbb4..[1m}[0m[2m:[0m [2msui_core::checkpoints::checkpoint_executor[0m[2m:[0m [2mcrates/sui-core/src/checkpoints/checkpoint_executor/mod.rs[0m[2m:[0m[2m332:[0m Received checkpoint summary from state sync [3msequence_number[0m[2m=[0m176
[2m2025-03-25T07:54:38.840981Z[0m [32m INFO[0m [1mnode[0m[1m{[0m[3mname[0m[2m=[0mk#b3f3cbb4..[1m}[0m[2m:[0m [2msui_core::checkpoints::checkpoint_executor[0m[2m:[0m [2mcrates/sui-core/src/checkpoints/checkpoint_executor/mod.rs[0m[2m:[0m[2m332:[0m Received checkpoint summary from state sync [3msequence_number[0m[2m=[0m177
[2m2025-03-25T07:54:38.841308Z[0m [32m INFO[0m [1mnode[0m[1m{[0m[3mname[0m[2m=[0mk#addeef94..[1m}[0m[2m:[0m [2msui_core::checkpoints::checkpoint_executor[0m[2m:[0m [2mcrates/sui-core/src/checkpoints/checkpoint_executor/mod.rs[0m[2m:[0m[2m332:[0m Received checkpoint summary from state sync [3msequence_number[0m[2m=[0m176
[2m2025-03-25T07:54:38.841428Z[0m [32m INFO[0m [1mnode[0m[1m{[0m[3mname[0m[2m=[0mk#addeef94..[1m}[0m[2m:[0m [2msui_core::checkpoints::checkpoint_executor[0m[2m:[0m [2mcrates/sui-core/src/checkpoints/checkpoint_executor/mod.rs[0m[2m:[0m[2m332:[0m Received checkpoint summary from state sync [3msequence_number[0m[2m=[0m177
[2m2025-03-25T07:54:38.842564Z[0m [32m INFO[0m [1mnode[0m[1m{[0m[3mname[0m[2m=[0mk#addeef94..[1m}[0m[2m:[0m [2msui_core::state_accumulator[0m[2m:[0m [2mcrates/sui-core/src/state_accumulator.rs[0m[2m:[0m[2m675:[0m accumulating running root for checkpoint 176
[2m2025-03-25T07:54:38.842988Z[0m [32m INFO[0m [1mnode[0m[1m{[0m[3mname[0m[2m=[0mk#addeef94..[1m}[0m[2m:[0m [2msui_core::state_accumulator[0m[2m:[0m [2mcrates/sui-core/src/state_accumulator.rs[0m[2m:[0m[2m675:[0m accumulating running root for checkpoint 177
[2m2025-03-25T07:54:38.866857Z[0m [32m INFO[0m [1mnode[0m[1m{[0m[3mname[0m[2m=[0mk#addeef94..[1m}[0m[2m:[0m [2mconsensus_core::core[0m[2m:[0m [2mconsensus/core/src/core.rs[0m[2m:[0m[2m531:[0m Created block B97(C,qtqHcX8YMt79uKcQaQSS+jYYpMEgrFZlRbn67KJFlsE=)(1742889278866ms;[B96(C,GscJJeqFO9E+O1CBK5xCeZDUYhOixwTkPG/Z1CIw4cw=), B96(A,0qLD0JUkHMhENPr8BQSxXDdCKF1N6o4NnVeFjRQyYoY=), B96(B,j7M++xwJ4h3CXkhSeCtdTnQT1zQg0E3t/16Roqrnzdo=)];4t;1c) for round 97
[2m2025-03-25T07:54:38.869387Z[0m [32m INFO[0m [1mnode[0m[1m{[0m[3mname[0m[2m=[0mk#99f25ef6..[1m}[0m[2m:[0m [2mconsensus_core::core[0m[2m:[0m [2mconsensus/core/src/core.rs[0m[2m:[0m[2m531:[0m Created block B97(B,cuP2u/y3jJwAPrrss+YjftmEA2v6GIlySBrGDAnFVgg=)(1742889278869ms;[B96(B,j7M++xwJ4h3CXkhSeCtdTnQT1zQg0E3t/16Roqrnzdo=), B96(A,0qLD0JUkHMhENPr8BQSxXDdCKF1N6o4NnVeFjRQyYoY=), B96(C,GscJJeqFO9E+O1CBK5xCeZDUYhOixwTkPG/Z1CIw4cw=)];2t;1c) for round 97
[2m2025-03-25T07:54:38.869557Z[0m [32m INFO[0m [1mnode[0m[1m{[0m[3mname[0m[2m=[0mk#99f25ef6..[1m}[0m[2m:[0m [2mconsensus_core::core[0m[2m:[0m [2mconsensus/core/src/core.rs[0m[2m:[0m[2m630:[0m Committing 1 leaders: B95(B,nwz6)
[2m2025-03-25T07:54:38.869650Z[0m [32m INFO[0m [1mnode[0m[1m{[0m[3mname[0m[2m=[0mk#99f25ef6..[1m}[0m[2m:[0m [2mconsensus_core::commit_observer[0m[2m:[0m [2mconsensus/core/src/commit_observer.rs[0m[2m:[0m[2m173:[0m Consensus commit C94(ehQU) with leader B95(B,nwz6) has 3 blocks
[2m2025-03-25T07:54:38.869783Z[0m [32m INFO[0m [1mnode[0m[1m{[0m[3mname[0m[2m=[0mk#8dcff6d1..[1m}[0m[2m:[0m [2mconsensus_core::core[0m[2m:[0m [2mconsensus/core/src/core.rs[0m[2m:[0m[2m531:[0m Created block B97(A,TW8m3q7n1S1hn2JfyrQt7rIi5S1XxWaxUSM8vpqUc9U=)(1742889278869ms;[B96(A,0qLD0JUkHMhENPr8BQSxXDdCKF1N6o4NnVeFjRQyYoY=), B96(B,j7M++xwJ4h3CXkhSeCtdTnQT1zQg0E3t/16Roqrnzdo=), B96(C,GscJJeqFO9E+O1CBK5xCeZDUYhOixwTkPG/Z1CIw4cw=)];2t;1c) for round 97
[2m2025-03-25T07:54:38.869858Z[0m [32m INFO[0m [1mnode[0m[1m{[0m[3mname[0m[2m=[0mk#8dcff6d1..[1m}[0m[2m:[0m [2mconsensus_core::core[0m[2m:[0m [2mconsensus/core/src/core.rs[0m[2m:[0m[2m630:[0m Committing 1 leaders: B95(B,nwz6)
[2m2025-03-25T07:54:38.869920Z[0m [32m INFO[0m [1mnode[0m[1m{[0m[3mname[0m[2m=[0mk#8dcff6d1..[1m}[0m[2m:[0m [2mconsensus_core::commit_observer[0m[2m:[0m [2mconsensus/core/src/commit_observer.rs[0m[2m:[0m[2m173:[0m Consensus commit C94(ehQU) with leader B95(B,nwz6) has 3 blocks
[2m2025-03-25T07:54:38.870024Z[0m [32m INFO[0m [1mnode[0m[1m{[0m[3mname[0m[2m=[0mk#8dcff6d1..[1m}[0m[2m:[0m [2msui_core::consensus_handler[0m[2m:[0m [2mcrates/sui-core/src/consensus_handler.rs[0m[2m:[0m[2m232:[0m Received consensus output [3mconsensus_commit[0m[2m=[0mCommittedSubDag(leader=B95(B,nwz6), ref=C94(ehQU), blocks=[S0xY, WokV, nwz6]) [3mepoch[0m[2m=[0m0
[2m2025-03-25T07:54:38.870066Z[0m [32m INFO[0m [1mnode[0m[1m{[0m[3mname[0m[2m=[0mk#99f25ef6..[1m}[0m[2m:[0m [2msui_core::consensus_handler[0m[2m:[0m [2mcrates/sui-core/src/consensus_handler.rs[0m[2m:[0m[2m232:[0m Received consensus output [3mconsensus_commit[0m[2m=[0mCommittedSubDag(leader=B95(B,nwz6), ref=C94(ehQU), blocks=[S0xY, WokV, nwz6]) [3mepoch[0m[2m=[0m0
[2m2025-03-25T07:54:38.873018Z[0m [32m INFO[0m [1mnode[0m[1m{[0m[3mname[0m[2m=[0mk#addeef94..[1m}[0m[2m:[0m [2mconsensus_core::core[0m[2m:[0m [2mconsensus/core/src/core.rs[0m[2m:[0m[2m630:[0m Committing 1 leaders: B95(B,nwz6)
[2m2025-03-25T07:54:38.873107Z[0m [32m INFO[0m [1mnode[0m[1m{[0m[3mname[0m[2m=[0mk#addeef94..[1m}[0m[2m:[0m [2mconsensus_core::commit_observer[0m[2m:[0m [2mconsensus/core/src/commit_observer.rs[0m[2m:[0m[2m173:[0m Consensus commit C94(ehQU) with leader B95(B,nwz6) has 3 blocks
[2m2025-03-25T07:54:38.873179Z[0m [32m INFO[0m [1mnode[0m[1m{[0m[3mname[0m[2m=[0mk#addeef94..[1m}[0m[2m:[0m [2msui_core::consensus_handler[0m[2m:[0m [2mcrates/sui-core/src/consensus_handler.rs[0m[2m:[0m[2m232:[0m Received consensus output [3mconsensus_commit[0m[2m=[0mCommittedSubDag(leader=B95(B,nwz6), ref=C94(ehQU), blocks=[S0xY, WokV, nwz6]) [3mepoch[0m[2m=[0m0
[2m2025-03-25T07:54:38.931688Z[0m [32m INFO[0m [1mnode[0m[1m{[0m[3mname[0m[2m=[0mk#b3f3cbb4..[1m}[0m[2m:[0m [2msui_core::state_accumulator[0m[2m:[0m [2mcrates/sui-core/src/state_accumulator.rs[0m[2m:[0m[2m675:[0m accumulating running root for checkpoint 176
[2m2025-03-25T07:54:38.932203Z[0m [32m INFO[0m [1mnode[0m[1m{[0m[3mname[0m[2m=[0mk#b3f3cbb4..[1m}[0m[2m:[0m [2msui_core::state_accumulator[0m[2m:[0m [2mcrates/sui-core/src/state_accumulator.rs[0m[2m:[0m[2m675:[0m accumulating running root for checkpoint 177
[2m2025-03-25T07:54:38.970365Z[0m [32m INFO[0m [1mnode[0m[1m{[0m[3mname[0m[2m=[0mk#8dcff6d1..[1m}[0m[2m:[0m [2msui_core::checkpoints[0m[2m:[0m [2mcrates/sui-core/src/checkpoints/mod.rs[0m[2m:[0m[2m1326:[0m Creating checkpoint(s) for 1 transactions [3mnext_checkpoint_seq[0m[2m=[0m180 [3mcheckpoint_timestamp[0m[2m=[0m1742889278357
[2m2025-03-25T07:54:38.970598Z[0m [32m INFO[0m [1mnode[0m[1m{[0m[3mname[0m[2m=[0mk#8dcff6d1..[1m}[0m[2m:[0m [2msui_core::checkpoints::checkpoint_output[0m[2m:[0m [2mcrates/sui-core/src/checkpoints/checkpoint_output.rs[0m[2m:[0m[2m149:[0m Creating checkpoint CheckpointDigest(CKSKQjNzmxGWZLJYa8FkNK9Yt5jEQebk19bvEWSEDS5q) at epoch 0, sequence 180, previous digest Some(CheckpointDigest(9Zgerjgu9wNKZuWm81XNuW6zTWzGuScJGDzzNXKCoMys)), transactions count 1, content digest CheckpointContentsDigest(4Nt7hFcncQjyL2dnQk13D6efC9J4t9cCbFoExRb9f5Un), end_of_epoch_data None
[2m2025-03-25T07:54:38.973737Z[0m [32m INFO[0m [1mnode[0m[1m{[0m[3mname[0m[2m=[0mk#99f25ef6..[1m}[0m[2m:[0m [2msui_core::checkpoints[0m[2m:[0m [2mcrates/sui-core/src/checkpoints/mod.rs[0m[2m:[0m[2m1326:[0m Creating checkpoint(s) for 1 transactions [3mnext_checkpoint_seq[0m[2m=[0m180 [3mcheckpoint_timestamp[0m[2m=[0m1742889278357
[2m2025-03-25T07:54:38.973913Z[0m [32m INFO[0m [1mnode[0m[1m{[0m[3mname[0m[2m=[0mk#99f25ef6..[1m}[0m[2m:[0m [2msui_core::checkpoints::checkpoint_output[0m[2m:[0m [2mcrates/sui-core/src/checkpoints/checkpoint_output.rs[0m[2m:[0m[2m149:[0m Creating checkpoint CheckpointDigest(CKSKQjNzmxGWZLJYa8FkNK9Yt5jEQebk19bvEWSEDS5q) at epoch 0, sequence 180, previous digest Some(CheckpointDigest(9Zgerjgu9wNKZuWm81XNuW6zTWzGuScJGDzzNXKCoMys)), transactions count 1, content digest CheckpointContentsDigest(4Nt7hFcncQjyL2dnQk13D6efC9J4t9cCbFoExRb9f5Un), end_of_epoch_data None
[2m2025-03-25T07:54:38.974423Z[0m [32m INFO[0m [1mnode[0m[1m{[0m[3mname[0m[2m=[0mk#addeef94..[1m}[0m[2m:[0m [2msui_core::checkpoints[0m[2m:[0m [2mcrates/sui-core/src/checkpoints/mod.rs[0m[2m:[0m[2m1326:[0m Creating checkpoint(s) for 1 transactions [3mnext_checkpoint_seq[0m[2m=[0m180 [3mcheckpoint_timestamp[0m[2m=[0m1742889278357
[2m2025-03-25T07:54:38.974593Z[0m [32m INFO[0m [1mnode[0m[1m{[0m[3mname[0m[2m=[0mk#addeef94..[1m}[0m[2m:[0m [2msui_core::checkpoints::checkpoint_output[0m[2m:[0m [2mcrates/sui-core/src/checkpoints/checkpoint_output.rs[0m[2m:[0m[2m149:[0m Creating checkpoint CheckpointDigest(CKSKQjNzmxGWZLJYa8FkNK9Yt5jEQebk19bvEWSEDS5q) at epoch 0, sequence 180, previous digest Some(CheckpointDigest(9Zgerjgu9wNKZuWm81XNuW6zTWzGuScJGDzzNXKCoMys)), transactions count 1, content digest CheckpointContentsDigest(4Nt7hFcncQjyL2dnQk13D6efC9J4t9cCbFoExRb9f5Un), end_of_epoch_data None
[2m2025-03-25T07:54:38.975356Z[0m [32m INFO[0m [1mnode[0m[1m{[0m[3mname[0m[2m=[0mk#8dcff6d1..[1m}[0m[2m:[0m [2msui_core::checkpoints::checkpoint_output[0m[2m:[0m [2mcrates/sui-core/src/checkpoints/checkpoint_output.rs[0m[2m:[0m[2m196:[0m Certified checkpoint with sequence 178 and digest AAGYPZbhrKAyNrSe6EPSavTMfRq1xiqQWmdfoLgmkDWR
[2m2025-03-25T07:54:38.975377Z[0m [32m INFO[0m [1mnode[0m[1m{[0m[3mname[0m[2m=[0mk#8dcff6d1..[1m}[0m[2m:[0m [2msui_core::checkpoints::checkpoint_output[0m[2m:[0m [2mcrates/sui-core/src/checkpoints/checkpoint_output.rs[0m[2m:[0m[2m196:[0m Certified checkpoint with sequence 179 and digest 9Zgerjgu9wNKZuWm81XNuW6zTWzGuScJGDzzNXKCoMys
[2m2025-03-25T07:54:38.976301Z[0m [32m INFO[0m [1mnode[0m[1m{[0m[3mname[0m[2m=[0mk#8dcff6d1..[1m}[0m[2m:[0m [2msui_core::checkpoints::checkpoint_executor[0m[2m:[0m [2mcrates/sui-core/src/checkpoints/checkpoint_executor/mod.rs[0m[2m:[0m[2m332:[0m Received checkpoint summary from state sync [3msequence_number[0m[2m=[0m178
[2m2025-03-25T07:54:38.976431Z[0m [32m INFO[0m [1mnode[0m[1m{[0m[3mname[0m[2m=[0mk#8dcff6d1..[1m}[0m[2m:[0m [2msui_core::checkpoints::checkpoint_executor[0m[2m:[0m [2mcrates/sui-core/src/checkpoints/checkpoint_executor/mod.rs[0m[2m:[0m[2m332:[0m Received checkpoint summary from state sync [3msequence_number[0m[2m=[0m179
[2m2025-03-25T07:54:38.978291Z[0m [32m INFO[0m [1mnode[0m[1m{[0m[3mname[0m[2m=[0mk#8dcff6d1..[1m}[0m[2m:[0m [2msui_core::state_accumulator[0m[2m:[0m [2mcrates/sui-core/src/state_accumulator.rs[0m[2m:[0m[2m675:[0m accumulating running root for checkpoint 178
[2m2025-03-25T07:54:38.978730Z[0m [32m INFO[0m [1mnode[0m[1m{[0m[3mname[0m[2m=[0mk#8dcff6d1..[1m}[0m[2m:[0m [2msui_core::state_accumulator[0m[2m:[0m [2mcrates/sui-core/src/state_accumulator.rs[0m[2m:[0m[2m675:[0m accumulating running root for checkpoint 179
[2m2025-03-25T07:54:39.075830Z[0m [32m INFO[0m [1mnode[0m[1m{[0m[3mname[0m[2m=[0mk#99f25ef6..[1m}[0m[2m:[0m [2msui_core::checkpoints[0m[2m:[0m [2mcrates/sui-core/src/checkpoints/mod.rs[0m[2m:[0m[2m1326:[0m Creating checkpoint(s) for 1 transactions [3mnext_checkpoint_seq[0m[2m=[0m181 [3mcheckpoint_timestamp[0m[2m=[0m1742889278357
[2m2025-03-25T07:54:39.076091Z[0m [32m INFO[0m [1mnode[0m[1m{[0m[3mname[0m[2m=[0mk#99f25ef6..[1m}[0m[2m:[0m [2msui_core::checkpoints::checkpoint_output[0m[2m:[0m [2mcrates/sui-core/src/checkpoints/checkpoint_output.rs[0m[2m:[0m[2m149:[0m Creating checkpoint CheckpointDigest(EvS8qA7uBEK8nav7ScWpkMj9cY4ttZLDE9FetTsE6RMR) at epoch 0, sequence 181, previous digest Some(CheckpointDigest(CKSKQjNzmxGWZLJYa8FkNK9Yt5jEQebk19bvEWSEDS5q)), transactions count 1, content digest CheckpointContentsDigest(8RqRMqGrUt5dDuVTGoGRitwpPkzoeQcTrsDx4quUaD5t), end_of_epoch_data None
[2m2025-03-25T07:54:39.080730Z[0m [32m INFO[0m [1mnode[0m[1m{[0m[3mname[0m[2m=[0mk#99f25ef6..[1m}[0m[2m:[0m [2msui_core::checkpoints::checkpoint_output[0m[2m:[0m [2mcrates/sui-core/src/checkpoints/checkpoint_output.rs[0m[2m:[0m[2m196:[0m Certified checkpoint with sequence 178 and digest AAGYPZbhrKAyNrSe6EPSavTMfRq1xiqQWmdfoLgmkDWR
[2m2025-03-25T07:54:39.080754Z[0m [32m INFO[0m [1mnode[0m[1m{[0m[3mname[0m[2m=[0mk#99f25ef6..[1m}[0m[2m:[0m [2msui_core::checkpoints::checkpoint_output[0m[2m:[0m [2mcrates/sui-core/src/checkpoints/checkpoint_output.rs[0m[2m:[0m[2m196:[0m Certified checkpoint with sequence 179 and digest 9Zgerjgu9wNKZuWm81XNuW6zTWzGuScJGDzzNXKCoMys
[2m2025-03-25T07:54:39.081757Z[0m [32m INFO[0m [1mnode[0m[1m{[0m[3mname[0m[2m=[0mk#99f25ef6..[1m}[0m[2m:[0m [2msui_core::checkpoints::checkpoint_executor[0m[2m:[0m [2mcrates/sui-core/src/checkpoints/checkpoint_executor/mod.rs[0m[2m:[0m[2m332:[0m Received checkpoint summary from state sync [3msequence_number[0m[2m=[0m178
[2m2025-03-25T07:54:39.081892Z[0m [32m INFO[0m [1mnode[0m[1m{[0m[3mname[0m[2m=[0mk#99f25ef6..[1m}[0m[2m:[0m [2msui_core::checkpoints::checkpoint_executor[0m[2m:[0m [2mcrates/sui-core/src/checkpoints/checkpoint_executor/mod.rs[0m[2m:[0m[2m332:[0m Received checkpoint summary from state sync [3msequence_number[0m[2m=[0m179
[2m2025-03-25T07:54:39.085943Z[0m [32m INFO[0m [1mnode[0m[1m{[0m[3mname[0m[2m=[0mk#8dcff6d1..[1m}[0m[2m:[0m [2msui_core::checkpoints[0m[2m:[0m [2mcrates/sui-core/src/checkpoints/mod.rs[0m[2m:[0m[2m1326:[0m Creating checkpoint(s) for 1 transactions [3mnext_checkpoint_seq[0m[2m=[0m181 [3mcheckpoint_timestamp[0m[2m=[0m1742889278357
[2m2025-03-25T07:54:39.086148Z[0m [32m INFO[0m [1mnode[0m[1m{[0m[3mname[0m[2m=[0mk#8dcff6d1..[1m}[0m[2m:[0m [2msui_core::checkpoints::checkpoint_output[0m[2m:[0m [2mcrates/sui-core/src/checkpoints/checkpoint_output.rs[0m[2m:[0m[2m149:[0m Creating checkpoint CheckpointDigest(EvS8qA7uBEK8nav7ScWpkMj9cY4ttZLDE9FetTsE6RMR) at epoch 0, sequence 181, previous digest Some(CheckpointDigest(CKSKQjNzmxGWZLJYa8FkNK9Yt5jEQebk19bvEWSEDS5q)), transactions count 1, content digest CheckpointContentsDigest(8RqRMqGrUt5dDuVTGoGRitwpPkzoeQcTrsDx4quUaD5t), end_of_epoch_data None
[2m2025-03-25T07:54:39.087640Z[0m [32m INFO[0m [1mnode[0m[1m{[0m[3mname[0m[2m=[0mk#addeef94..[1m}[0m[2m:[0m [2msui_core::checkpoints[0m[2m:[0m [2mcrates/sui-core/src/checkpoints/mod.rs[0m[2m:[0m[2m1326:[0m Creating checkpoint(s) for 1 transactions [3mnext_checkpoint_seq[0m[2m=[0m181 [3mcheckpoint_timestamp[0m[2m=[0m1742889278357
[2m2025-03-25T07:54:39.087831Z[0m [32m INFO[0m [1mnode[0m[1m{[0m[3mname[0m[2m=[0mk#addeef94..[1m}[0m[2m:[0m [2msui_core::checkpoints::checkpoint_output[0m[2m:[0m [2mcrates/sui-core/src/checkpoints/checkpoint_output.rs[0m[2m:[0m[2m149:[0m Creating checkpoint CheckpointDigest(EvS8qA7uBEK8nav7ScWpkMj9cY4ttZLDE9FetTsE6RMR) at epoch 0, sequence 181, previous digest Some(CheckpointDigest(CKSKQjNzmxGWZLJYa8FkNK9Yt5jEQebk19bvEWSEDS5q)), transactions count 1, content digest CheckpointContentsDigest(8RqRMqGrUt5dDuVTGoGRitwpPkzoeQcTrsDx4quUaD5t), end_of_epoch_data None
[2m2025-03-25T07:54:39.088896Z[0m [32m INFO[0m [1mnode[0m[1m{[0m[3mname[0m[2m=[0mk#b3f3cbb4..[1m}[0m[2m:[0m [2msui_core::checkpoints::checkpoint_executor[0m[2m:[0m [2mcrates/sui-core/src/checkpoints/checkpoint_executor/mod.rs[0m[2m:[0m[2m332:[0m Received checkpoint summary from state sync [3msequence_number[0m[2m=[0m178
[2m2025-03-25T07:54:39.089020Z[0m [32m INFO[0m [1mnode[0m[1m{[0m[3mname[0m[2m=[0mk#b3f3cbb4..[1m}[0m[2m:[0m [2msui_core::checkpoints::checkpoint_executor[0m[2m:[0m [2mcrates/sui-core/src/checkpoints/checkpoint_executor/mod.rs[0m[2m:[0m[2m332:[0m Received checkpoint summary from state sync [3msequence_number[0m[2m=[0m179
[2m2025-03-25T07:54:39.090180Z[0m [32m INFO[0m [1mnode[0m[1m{[0m[3mname[0m[2m=[0mk#99f25ef6..[1m}[0m[2m:[0m [2msui_core::state_accumulator[0m[2m:[0m [2mcrates/sui-core/src/state_accumulator.rs[0m[2m:[0m[2m675:[0m accumulating running root for checkpoint 178
[2m2025-03-25T07:54:39.090613Z[0m [32m INFO[0m [1mnode[0m[1m{[0m[3mname[0m[2m=[0mk#99f25ef6..[1m}[0m[2m:[0m [2msui_core::state_accumulator[0m[2m:[0m [2mcrates/sui-core/src/state_accumulator.rs[0m[2m:[0m[2m675:[0m accumulating running root for checkpoint 179
[2m2025-03-25T07:54:39.090971Z[0m [32m INFO[0m [1mnode[0m[1m{[0m[3mname[0m[2m=[0mk#addeef94..[1m}[0m[2m:[0m [2msui_core::checkpoints::checkpoint_executor[0m[2m:[0m [2mcrates/sui-core/src/checkpoints/checkpoint_executor/mod.rs[0m[2m:[0m[2m332:[0m Received checkpoint summary from state sync [3msequence_number[0m[2m=[0m178
[2m2025-03-25T07:54:39.091094Z[0m [32m INFO[0m [1mnode[0m[1m{[0m[3mname[0m[2m=[0mk#addeef94..[1m}[0m[2m:[0m [2msui_core::checkpoints::checkpoint_executor[0m[2m:[0m [2mcrates/sui-core/src/checkpoints/checkpoint_executor/mod.rs[0m[2m:[0m[2m332:[0m Received checkpoint summary from state sync [3msequence_number[0m[2m=[0m179
[2m2025-03-25T07:54:39.092184Z[0m [32m INFO[0m [1mnode[0m[1m{[0m[3mname[0m[2m=[0mk#addeef94..[1m}[0m[2m:[0m [2msui_core::state_accumulator[0m[2m:[0m [2mcrates/sui-core/src/state_accumulator.rs[0m[2m:[0m[2m675:[0m accumulating running root for checkpoint 178
[2m2025-03-25T07:54:39.092592Z[0m [32m INFO[0m [1mnode[0m[1m{[0m[3mname[0m[2m=[0mk#addeef94..[1m}[0m[2m:[0m [2msui_core::state_accumulator[0m[2m:[0m [2mcrates/sui-core/src/state_accumulator.rs[0m[2m:[0m[2m675:[0m accumulating running root for checkpoint 179
[2m2025-03-25T07:54:39.122073Z[0m [32m INFO[0m [1mnode[0m[1m{[0m[3mname[0m[2m=[0mk#99f25ef6..[1m}[0m[2m:[0m [2mconsensus_core::core[0m[2m:[0m [2mconsensus/core/src/core.rs[0m[2m:[0m[2m531:[0m Created block B98(B,hKXxHjfTso17hXeBeElDMuF0JfkjABSOJJs328tvktM=)(1742889279121ms;[B97(B,cuP2u/y3jJwAPrrss+YjftmEA2v6GIlySBrGDAnFVgg=), B97(A,TW8m3q7n1S1hn2JfyrQt7rIi5S1XxWaxUSM8vpqUc9U=), B97(C,qtqHcX8YMt79uKcQaQSS+jYYpMEgrFZlRbn67KJFlsE=)];2t;1c) for round 98
[2m2025-03-25T07:54:39.122739Z[0m [32m INFO[0m [1mnode[0m[1m{[0m[3mname[0m[2m=[0mk#8dcff6d1..[1m}[0m[2m:[0m [2mconsensus_core::core[0m[2m:[0m [2mconsensus/core/src/core.rs[0m[2m:[0m[2m531:[0m Created block B98(A,vWZEdPyzZbKepAwP6JfN7IlUbswuCfO+mvVVCMqsDX4=)(1742889279122ms;[B97(A,TW8m3q7n1S1hn2JfyrQt7rIi5S1XxWaxUSM8vpqUc9U=), B97(B,cuP2u/y3jJwAPrrss+YjftmEA2v6GIlySBrGDAnFVgg=), B97(C,qtqHcX8YMt79uKcQaQSS+jYYpMEgrFZlRbn67KJFlsE=)];2t;1c) for round 98
[2m2025-03-25T07:54:39.124818Z[0m [32m INFO[0m [1mnode[0m[1m{[0m[3mname[0m[2m=[0mk#addeef94..[1m}[0m[2m:[0m [2mconsensus_core::core[0m[2m:[0m [2mconsensus/core/src/core.rs[0m[2m:[0m[2m531:[0m Created block B98(C,U8oAdLTyUOENTwDW/aDiYkc1Ztafo5RVuVUsXD3QOv4=)(1742889279124ms;[B97(C,qtqHcX8YMt79uKcQaQSS+jYYpMEgrFZlRbn67KJFlsE=), B97(A,TW8m3q7n1S1hn2JfyrQt7rIi5S1XxWaxUSM8vpqUc9U=), B97(B,cuP2u/y3jJwAPrrss+YjftmEA2v6GIlySBrGDAnFVgg=)];2t;1c) for round 98
[2m2025-03-25T07:54:39.124900Z[0m [32m INFO[0m [1mnode[0m[1m{[0m[3mname[0m[2m=[0mk#addeef94..[1m}[0m[2m:[0m [2mconsensus_core::core[0m[2m:[0m [2mconsensus/core/src/core.rs[0m[2m:[0m[2m630:[0m Committing 1 leaders: B96(A,0qLD)
[2m2025-03-25T07:54:39.124970Z[0m [32m INFO[0m [1mnode[0m[1m{[0m[3mname[0m[2m=[0mk#addeef94..[1m}[0m[2m:[0m [2mconsensus_core::commit_observer[0m[2m:[0m [2mconsensus/core/src/commit_observer.rs[0m[2m:[0m[2m173:[0m Consensus commit C95(kptX) with leader B96(A,0qLD) has 3 blocks
[2m2025-03-25T07:54:39.125059Z[0m [32m INFO[0m [1mnode[0m[1m{[0m[3mname[0m[2m=[0mk#addeef94..[1m}[0m[2m:[0m [2msui_core::consensus_handler[0m[2m:[0m [2mcrates/sui-core/src/consensus_handler.rs[0m[2m:[0m[2m232:[0m Received consensus output [3mconsensus_commit[0m[2m=[0mCommittedSubDag(leader=B96(A,0qLD), ref=C95(kptX), blocks=[pJhX, Rc/0, 0qLD]) [3mepoch[0m[2m=[0m0
[2m2025-03-25T07:54:39.127930Z[0m [32m INFO[0m [1mnode[0m[1m{[0m[3mname[0m[2m=[0mk#99f25ef6..[1m}[0m[2m:[0m [2mconsensus_core::core[0m[2m:[0m [2mconsensus/core/src/core.rs[0m[2m:[0m[2m630:[0m Committing 1 leaders: B96(A,0qLD)
[2m2025-03-25T07:54:39.127948Z[0m [32m INFO[0m [1mnode[0m[1m{[0m[3mname[0m[2m=[0mk#8dcff6d1..[1m}[0m[2m:[0m [2mconsensus_core::core[0m[2m:[0m [2mconsensus/core/src/core.rs[0m[2m:[0m[2m630:[0m Committing 1 leaders: B96(A,0qLD)
[2m2025-03-25T07:54:39.128037Z[0m [32m INFO[0m [1mnode[0m[1m{[0m[3mname[0m[2m=[0mk#99f25ef6..[1m}[0m[2m:[0m [2mconsensus_core::commit_observer[0m[2m:[0m [2mconsensus/core/src/commit_observer.rs[0m[2m:[0m[2m173:[0m Consensus commit C95(kptX) with leader B96(A,0qLD) has 3 blocks
[2m2025-03-25T07:54:39.128037Z[0m [32m INFO[0m [1mnode[0m[1m{[0m[3mname[0m[2m=[0mk#8dcff6d1..[1m}[0m[2m:[0m [2mconsensus_core::commit_observer[0m[2m:[0m [2mconsensus/core/src/commit_observer.rs[0m[2m:[0m[2m173:[0m Consensus commit C95(kptX) with leader B96(A,0qLD) has 3 blocks
[2m2025-03-25T07:54:39.128107Z[0m [32m INFO[0m [1mnode[0m[1m{[0m[3mname[0m[2m=[0mk#99f25ef6..[1m}[0m[2m:[0m [2msui_core::consensus_handler[0m[2m:[0m [2mcrates/sui-core/src/consensus_handler.rs[0m[2m:[0m[2m232:[0m Received consensus output [3mconsensus_commit[0m[2m=[0mCommittedSubDag(leader=B96(A,0qLD), ref=C95(kptX), blocks=[pJhX, Rc/0, 0qLD]) [3mepoch[0m[2m=[0m0
[2m2025-03-25T07:54:39.128108Z[0m [32m INFO[0m [1mnode[0m[1m{[0m[3mname[0m[2m=[0mk#8dcff6d1..[1m}[0m[2m:[0m [2msui_core::consensus_handler[0m[2m:[0m [2mcrates/sui-core/src/consensus_handler.rs[0m[2m:[0m[2m232:[0m Received consensus output [3mconsensus_commit[0m[2m=[0mCommittedSubDag(leader=B96(A,0qLD), ref=C95(kptX), blocks=[pJhX, Rc/0, 0qLD]) [3mepoch[0m[2m=[0m0
[2m2025-03-25T07:54:39.179450Z[0m [32m INFO[0m [1mnode[0m[1m{[0m[3mname[0m[2m=[0mk#b3f3cbb4..[1m}[0m[2m:[0m [2msui_core::state_accumulator[0m[2m:[0m [2mcrates/sui-core/src/state_accumulator.rs[0m[2m:[0m[2m675:[0m accumulating running root for checkpoint 178
[2m2025-03-25T07:54:39.179978Z[0m [32m INFO[0m [1mnode[0m[1m{[0m[3mname[0m[2m=[0mk#b3f3cbb4..[1m}[0m[2m:[0m [2msui_core::state_accumulator[0m[2m:[0m [2mcrates/sui-core/src/state_accumulator.rs[0m[2m:[0m[2m675:[0m accumulating running root for checkpoint 179
[2m2025-03-25T07:54:39.228158Z[0m [32m INFO[0m [1mnode[0m[1m{[0m[3mname[0m[2m=[0mk#addeef94..[1m}[0m[2m:[0m [2msui_core::checkpoints[0m[2m:[0m [2mcrates/sui-core/src/checkpoints/mod.rs[0m[2m:[0m[2m1326:[0m Creating checkpoint(s) for 1 transactions [3mnext_checkpoint_seq[0m[2m=[0m182 [3mcheckpoint_timestamp[0m[2m=[0m1742889278610
[2m2025-03-25T07:54:39.228391Z[0m [32m INFO[0m [1mnode[0m[1m{[0m[3mname[0m[2m=[0mk#addeef94..[1m}[0m[2m:[0m [2msui_core::checkpoints::checkpoint_output[0m[2m:[0m [2mcrates/sui-core/src/checkpoints/checkpoint_output.rs[0m[2m:[0m[2m149:[0m Creating checkpoint CheckpointDigest(4CUwX12qd6QAW2HHQXpU1wzjS2n94bEAFM8rkFNx4Y7H) at epoch 0, sequence 182, previous digest Some(CheckpointDigest(EvS8qA7uBEK8nav7ScWpkMj9cY4ttZLDE9FetTsE6RMR)), transactions count 1, content digest CheckpointContentsDigest(7bJFvjZHff4jkHwsVthUdx1o2BzDd429cTr1u7yifPNg), end_of_epoch_data None
[2m2025-03-25T07:54:39.230776Z[0m [32m INFO[0m [1mnode[0m[1m{[0m[3mname[0m[2m=[0mk#8dcff6d1..[1m}[0m[2m:[0m [2msui_core::checkpoints[0m[2m:[0m [2mcrates/sui-core/src/checkpoints/mod.rs[0m[2m:[0m[2m1326:[0m Creating checkpoint(s) for 1 transactions [3mnext_checkpoint_seq[0m[2m=[0m182 [3mcheckpoint_timestamp[0m[2m=[0m1742889278610
[2m2025-03-25T07:54:39.230949Z[0m [32m INFO[0m [1mnode[0m[1m{[0m[3mname[0m[2m=[0mk#8dcff6d1..[1m}[0m[2m:[0m [2msui_core::checkpoints::checkpoint_output[0m[2m:[0m [2mcrates/sui-core/src/checkpoints/checkpoint_output.rs[0m[2m:[0m[2m149:[0m Creating checkpoint CheckpointDigest(4CUwX12qd6QAW2HHQXpU1wzjS2n94bEAFM8rkFNx4Y7H) at epoch 0, sequence 182, previous digest Some(CheckpointDigest(EvS8qA7uBEK8nav7ScWpkMj9cY4ttZLDE9FetTsE6RMR)), transactions count 1, content digest CheckpointContentsDigest(7bJFvjZHff4jkHwsVthUdx1o2BzDd429cTr1u7yifPNg), end_of_epoch_data None
[2m2025-03-25T07:54:39.232025Z[0m [32m INFO[0m [1mnode[0m[1m{[0m[3mname[0m[2m=[0mk#99f25ef6..[1m}[0m[2m:[0m [2msui_core::checkpoints[0m[2m:[0m [2mcrates/sui-core/src/checkpoints/mod.rs[0m[2m:[0m[2m1326:[0m Creating checkpoint(s) for 1 transactions [3mnext_checkpoint_seq[0m[2m=[0m182 [3mcheckpoint_timestamp[0m[2m=[0m1742889278610
[2m2025-03-25T07:54:39.232192Z[0m [32m INFO[0m [1mnode[0m[1m{[0m[3mname[0m[2m=[0mk#99f25ef6..[1m}[0m[2m:[0m [2msui_core::checkpoints::checkpoint_output[0m[2m:[0m [2mcrates/sui-core/src/checkpoints/checkpoint_output.rs[0m[2m:[0m[2m149:[0m Creating checkpoint CheckpointDigest(4CUwX12qd6QAW2HHQXpU1wzjS2n94bEAFM8rkFNx4Y7H) at epoch 0, sequence 182, previous digest Some(CheckpointDigest(EvS8qA7uBEK8nav7ScWpkMj9cY4ttZLDE9FetTsE6RMR)), transactions count 1, content digest CheckpointContentsDigest(7bJFvjZHff4jkHwsVthUdx1o2BzDd429cTr1u7yifPNg), end_of_epoch_data None
[2m2025-03-25T07:54:39.235437Z[0m [32m INFO[0m [1mnode[0m[1m{[0m[3mname[0m[2m=[0mk#8dcff6d1..[1m}[0m[2m:[0m [2msui_core::checkpoints::checkpoint_output[0m[2m:[0m [2mcrates/sui-core/src/checkpoints/checkpoint_output.rs[0m[2m:[0m[2m196:[0m Certified checkpoint with sequence 180 and digest CKSKQjNzmxGWZLJYa8FkNK9Yt5jEQebk19bvEWSEDS5q
[2m2025-03-25T07:54:39.235459Z[0m [32m INFO[0m [1mnode[0m[1m{[0m[3mname[0m[2m=[0mk#8dcff6d1..[1m}[0m[2m:[0m [2msui_core::checkpoints::checkpoint_output[0m[2m:[0m [2mcrates/sui-core/src/checkpoints/checkpoint_output.rs[0m[2m:[0m[2m196:[0m Certified checkpoint with sequence 181 and digest EvS8qA7uBEK8nav7ScWpkMj9cY4ttZLDE9FetTsE6RMR
[2m2025-03-25T07:54:39.236369Z[0m [32m INFO[0m [1mnode[0m[1m{[0m[3mname[0m[2m=[0mk#8dcff6d1..[1m}[0m[2m:[0m [2msui_core::checkpoints::checkpoint_executor[0m[2m:[0m [2mcrates/sui-core/src/checkpoints/checkpoint_executor/mod.rs[0m[2m:[0m[2m332:[0m Received checkpoint summary from state sync [3msequence_number[0m[2m=[0m180
[2m2025-03-25T07:54:39.236504Z[0m [32m INFO[0m [1mnode[0m[1m{[0m[3mname[0m[2m=[0mk#8dcff6d1..[1m}[0m[2m:[0m [2msui_core::checkpoints::checkpoint_executor[0m[2m:[0m [2mcrates/sui-core/src/checkpoints/checkpoint_executor/mod.rs[0m[2m:[0m[2m332:[0m Received checkpoint summary from state sync [3msequence_number[0m[2m=[0m181
[2m2025-03-25T07:54:39.238422Z[0m [32m INFO[0m [1mnode[0m[1m{[0m[3mname[0m[2m=[0mk#8dcff6d1..[1m}[0m[2m:[0m [2msui_core::state_accumulator[0m[2m:[0m [2mcrates/sui-core/src/state_accumulator.rs[0m[2m:[0m[2m675:[0m accumulating running root for checkpoint 180
[2m2025-03-25T07:54:39.238860Z[0m [32m INFO[0m [1mnode[0m[1m{[0m[3mname[0m[2m=[0mk#8dcff6d1..[1m}[0m[2m:[0m [2msui_core::state_accumulator[0m[2m:[0m [2mcrates/sui-core/src/state_accumulator.rs[0m[2m:[0m[2m675:[0m accumulating running root for checkpoint 181
[2m2025-03-25T07:54:39.331517Z[0m [32m INFO[0m [1mnode[0m[1m{[0m[3mname[0m[2m=[0mk#addeef94..[1m}[0m[2m:[0m [2msui_core::checkpoints[0m[2m:[0m [2mcrates/sui-core/src/checkpoints/mod.rs[0m[2m:[0m[2m1326:[0m Creating checkpoint(s) for 1 transactions [3mnext_checkpoint_seq[0m[2m=[0m183 [3mcheckpoint_timestamp[0m[2m=[0m1742889278610
[2m2025-03-25T07:54:39.331783Z[0m [32m INFO[0m [1mnode[0m[1m{[0m[3mname[0m[2m=[0mk#addeef94..[1m}[0m[2m:[0m [2msui_core::checkpoints::checkpoint_output[0m[2m:[0m [2mcrates/sui-core/src/checkpoints/checkpoint_output.rs[0m[2m:[0m[2m149:[0m Creating checkpoint CheckpointDigest(9zqXnsZZkrjvG1uAPAYbFUgkLdhuY1qS6Sz7bb31SCx5) at epoch 0, sequence 183, previous digest Some(CheckpointDigest(4CUwX12qd6QAW2HHQXpU1wzjS2n94bEAFM8rkFNx4Y7H)), transactions count 1, content digest CheckpointContentsDigest(HvMCJMuQbAtbAgtwugefRuafdZUKUGiCdp8CZusGwcbr), end_of_epoch_data None
[2m2025-03-25T07:54:39.340716Z[0m [32m INFO[0m [1mnode[0m[1m{[0m[3mname[0m[2m=[0mk#99f25ef6..[1m}[0m[2m:[0m [2msui_core::checkpoints[0m[2m:[0m [2mcrates/sui-core/src/checkpoints/mod.rs[0m[2m:[0m[2m1326:[0m Creating checkpoint(s) for 1 transactions [3mnext_checkpoint_seq[0m[2m=[0m183 [3mcheckpoint_timestamp[0m[2m=[0m1742889278610
[2m2025-03-25T07:54:39.340917Z[0m [32m INFO[0m [1mnode[0m[1m{[0m[3mname[0m[2m=[0mk#99f25ef6..[1m}[0m[2m:[0m [2msui_core::checkpoints::checkpoint_output[0m[2m:[0m [2mcrates/sui-core/src/checkpoints/checkpoint_output.rs[0m[2m:[0m[2m149:[0m Creating checkpoint CheckpointDigest(9zqXnsZZkrjvG1uAPAYbFUgkLdhuY1qS6Sz7bb31SCx5) at epoch 0, sequence 183, previous digest Some(CheckpointDigest(4CUwX12qd6QAW2HHQXpU1wzjS2n94bEAFM8rkFNx4Y7H)), transactions count 1, content digest CheckpointContentsDigest(HvMCJMuQbAtbAgtwugefRuafdZUKUGiCdp8CZusGwcbr), end_of_epoch_data None
[2m2025-03-25T07:54:39.342951Z[0m [32m INFO[0m [1mnode[0m[1m{[0m[3mname[0m[2m=[0mk#addeef94..[1m}[0m[2m:[0m [2msui_core::checkpoints::checkpoint_executor[0m[2m:[0m [2mcrates/sui-core/src/checkpoints/checkpoint_executor/mod.rs[0m[2m:[0m[2m332:[0m Received checkpoint summary from state sync [3msequence_number[0m[2m=[0m180
[2m2025-03-25T07:54:39.343088Z[0m [32m INFO[0m [1mnode[0m[1m{[0m[3mname[0m[2m=[0mk#addeef94..[1m}[0m[2m:[0m [2msui_core::checkpoints::checkpoint_executor[0m[2m:[0m [2mcrates/sui-core/src/checkpoints/checkpoint_executor/mod.rs[0m[2m:[0m[2m332:[0m Received checkpoint summary from state sync [3msequence_number[0m[2m=[0m181
[2m2025-03-25T07:54:39.344296Z[0m [32m INFO[0m [1mnode[0m[1m{[0m[3mname[0m[2m=[0mk#8dcff6d1..[1m}[0m[2m:[0m [2msui_core::checkpoints[0m[2m:[0m [2mcrates/sui-core/src/checkpoints/mod.rs[0m[2m:[0m[2m1326:[0m Creating checkpoint(s) for 1 transactions [3mnext_checkpoint_seq[0m[2m=[0m183 [3mcheckpoint_timestamp[0m[2m=[0m1742889278610
[2m2025-03-25T07:54:39.344320Z[0m [32m INFO[0m [1mnode[0m[1m{[0m[3mname[0m[2m=[0mk#addeef94..[1m}[0m[2m:[0m [2msui_core::state_accumulator[0m[2m:[0m [2mcrates/sui-core/src/state_accumulator.rs[0m[2m:[0m[2m675:[0m accumulating running root for checkpoint 180
[2m2025-03-25T07:54:39.344478Z[0m [32m INFO[0m [1mnode[0m[1m{[0m[3mname[0m[2m=[0mk#8dcff6d1..[1m}[0m[2m:[0m [2msui_core::checkpoints::checkpoint_output[0m[2m:[0m [2mcrates/sui-core/src/checkpoints/checkpoint_output.rs[0m[2m:[0m[2m149:[0m Creating checkpoint CheckpointDigest(9zqXnsZZkrjvG1uAPAYbFUgkLdhuY1qS6Sz7bb31SCx5) at epoch 0, sequence 183, previous digest Some(CheckpointDigest(4CUwX12qd6QAW2HHQXpU1wzjS2n94bEAFM8rkFNx4Y7H)), transactions count 1, content digest CheckpointContentsDigest(HvMCJMuQbAtbAgtwugefRuafdZUKUGiCdp8CZusGwcbr), end_of_epoch_data None
[2m2025-03-25T07:54:39.344758Z[0m [32m INFO[0m [1mnode[0m[1m{[0m[3mname[0m[2m=[0mk#addeef94..[1m}[0m[2m:[0m [2msui_core::state_accumulator[0m[2m:[0m [2mcrates/sui-core/src/state_accumulator.rs[0m[2m:[0m[2m675:[0m accumulating running root for checkpoint 181
[2m2025-03-25T07:54:39.346541Z[0m [32m INFO[0m [1mnode[0m[1m{[0m[3mname[0m[2m=[0mk#99f25ef6..[1m}[0m[2m:[0m [2msui_core::checkpoints::checkpoint_executor[0m[2m:[0m [2mcrates/sui-core/src/checkpoints/checkpoint_executor/mod.rs[0m[2m:[0m[2m332:[0m Received checkpoint summary from state sync [3msequence_number[0m[2m=[0m178
[2m2025-03-25T07:54:39.346663Z[0m [32m INFO[0m [1mnode[0m[1m{[0m[3mname[0m[2m=[0mk#99f25ef6..[1m}[0m[2m:[0m [2msui_core::checkpoints::checkpoint_executor[0m[2m:[0m [2mcrates/sui-core/src/checkpoints/checkpoint_executor/mod.rs[0m[2m:[0m[2m332:[0m Received checkpoint summary from state sync [3msequence_number[0m[2m=[0m179
[2m2025-03-25T07:54:39.346703Z[0m [32m INFO[0m [1mnode[0m[1m{[0m[3mname[0m[2m=[0mk#99f25ef6..[1m}[0m[2m:[0m [2msui_core::checkpoints::checkpoint_executor[0m[2m:[0m [2mcrates/sui-core/src/checkpoints/checkpoint_executor/mod.rs[0m[2m:[0m[2m332:[0m Received checkpoint summary from state sync [3msequence_number[0m[2m=[0m180
[2m2025-03-25T07:54:39.346741Z[0m [32m INFO[0m [1mnode[0m[1m{[0m[3mname[0m[2m=[0mk#99f25ef6..[1m}[0m[2m:[0m [2msui_core::checkpoints::checkpoint_executor[0m[2m:[0m [2mcrates/sui-core/src/checkpoints/checkpoint_executor/mod.rs[0m[2m:[0m[2m332:[0m Received checkpoint summary from state sync [3msequence_number[0m[2m=[0m181
[2m2025-03-25T07:54:39.346936Z[0m [32m INFO[0m [1mnode[0m[1m{[0m[3mname[0m[2m=[0mk#b3f3cbb4..[1m}[0m[2m:[0m [2msui_core::checkpoints::checkpoint_executor[0m[2m:[0m [2mcrates/sui-core/src/checkpoints/checkpoint_executor/mod.rs[0m[2m:[0m[2m332:[0m Received checkpoint summary from state sync [3msequence_number[0m[2m=[0m180
[2m2025-03-25T07:54:39.347061Z[0m [32m INFO[0m [1mnode[0m[1m{[0m[3mname[0m[2m=[0mk#b3f3cbb4..[1m}[0m[2m:[0m [2msui_core::checkpoints::checkpoint_executor[0m[2m:[0m [2mcrates/sui-core/src/checkpoints/checkpoint_executor/mod.rs[0m[2m:[0m[2m332:[0m Received checkpoint summary from state sync [3msequence_number[0m[2m=[0m181
[2m2025-03-25T07:54:39.347875Z[0m [32m INFO[0m [1mnode[0m[1m{[0m[3mname[0m[2m=[0mk#99f25ef6..[1m}[0m[2m:[0m [2msui_core::state_accumulator[0m[2m:[0m [2mcrates/sui-core/src/state_accumulator.rs[0m[2m:[0m[2m675:[0m accumulating running root for checkpoint 180
[2m2025-03-25T07:54:39.348287Z[0m [32m INFO[0m [1mnode[0m[1m{[0m[3mname[0m[2m=[0mk#99f25ef6..[1m}[0m[2m:[0m [2msui_core::state_accumulator[0m[2m:[0m [2mcrates/sui-core/src/state_accumulator.rs[0m[2m:[0m[2m675:[0m accumulating running root for checkpoint 181
[2m2025-03-25T07:54:39.378001Z[0m [32m INFO[0m [1mnode[0m[1m{[0m[3mname[0m[2m=[0mk#addeef94..[1m}[0m[2m:[0m [2mconsensus_core::core[0m[2m:[0m [2mconsensus/core/src/core.rs[0m[2m:[0m[2m531:[0m Created block B99(C,4n0e9CG6VqUaOsz+OMxAPI1J+tpG2PJMzkgNvhPMZns=)(1742889279377ms;[B98(C,U8oAdLTyUOENTwDW/aDiYkc1Ztafo5RVuVUsXD3QOv4=), B98(A,vWZEdPyzZbKepAwP6JfN7IlUbswuCfO+mvVVCMqsDX4=), B98(B,hKXxHjfTso17hXeBeElDMuF0JfkjABSOJJs328tvktM=)];2t;1c) for round 99
[2m2025-03-25T07:54:39.380595Z[0m [32m INFO[0m [1mnode[0m[1m{[0m[3mname[0m[2m=[0mk#8dcff6d1..[1m}[0m[2m:[0m [2mconsensus_core::core[0m[2m:[0m [2mconsensus/core/src/core.rs[0m[2m:[0m[2m531:[0m Created block B99(A,fqduxh1QqKytzx7LRu6w+yIGA8BZU27BIwEwK0G9VXM=)(1742889279380ms;[B98(A,vWZEdPyzZbKepAwP6JfN7IlUbswuCfO+mvVVCMqsDX4=), B98(B,hKXxHjfTso17hXeBeElDMuF0JfkjABSOJJs328tvktM=), B98(C,U8oAdLTyUOENTwDW/aDiYkc1Ztafo5RVuVUsXD3QOv4=)];2t;1c) for round 99
[2m2025-03-25T07:54:39.380596Z[0m [32m INFO[0m [1mnode[0m[1m{[0m[3mname[0m[2m=[0mk#99f25ef6..[1m}[0m[2m:[0m [2mconsensus_core::core[0m[2m:[0m [2mconsensus/core/src/core.rs[0m[2m:[0m[2m531:[0m Created block B99(B,89hz3Kt/sF5MpgC/+3wjOoQa9qnc0Seqx0zRtgA3jHY=)(1742889279380ms;[B98(B,hKXxHjfTso17hXeBeElDMuF0JfkjABSOJJs328tvktM=), B98(A,vWZEdPyzZbKepAwP6JfN7IlUbswuCfO+mvVVCMqsDX4=), B98(C,U8oAdLTyUOENTwDW/aDiYkc1Ztafo5RVuVUsXD3QOv4=)];2t;1c) for round 99
[2m2025-03-25T07:54:39.380675Z[0m [32m INFO[0m [1mnode[0m[1m{[0m[3mname[0m[2m=[0mk#8dcff6d1..[1m}[0m[2m:[0m [2mconsensus_core::core[0m[2m:[0m [2mconsensus/core/src/core.rs[0m[2m:[0m[2m630:[0m Committing 1 leaders: B97(B,cuP2)
[2m2025-03-25T07:54:39.380676Z[0m [32m INFO[0m [1mnode[0m[1m{[0m[3mname[0m[2m=[0mk#99f25ef6..[1m}[0m[2m:[0m [2mconsensus_core::core[0m[2m:[0m [2mconsensus/core/src/core.rs[0m[2m:[0m[2m630:[0m Committing 1 leaders: B97(B,cuP2)
[2m2025-03-25T07:54:39.380746Z[0m [32m INFO[0m [1mnode[0m[1m{[0m[3mname[0m[2m=[0mk#8dcff6d1..[1m}[0m[2m:[0m [2mconsensus_core::commit_observer[0m[2m:[0m [2mconsensus/core/src/commit_observer.rs[0m[2m:[0m[2m173:[0m Consensus commit C96(j6MY) with leader B97(B,cuP2) has 3 blocks
[2m2025-03-25T07:54:39.380746Z[0m [32m INFO[0m [1mnode[0m[1m{[0m[3mname[0m[2m=[0mk#99f25ef6..[1m}[0m[2m:[0m [2mconsensus_core::commit_observer[0m[2m:[0m [2mconsensus/core/src/commit_observer.rs[0m[2m:[0m[2m173:[0m Consensus commit C96(j6MY) with leader B97(B,cuP2) has 3 blocks
[2m2025-03-25T07:54:39.380829Z[0m [32m INFO[0m [1mnode[0m[1m{[0m[3mname[0m[2m=[0mk#8dcff6d1..[1m}[0m[2m:[0m [2msui_core::consensus_handler[0m[2m:[0m [2mcrates/sui-core/src/consensus_handler.rs[0m[2m:[0m[2m232:[0m Received consensus output [3mconsensus_commit[0m[2m=[0mCommittedSubDag(leader=B97(B,cuP2), ref=C96(j6MY), blocks=[j7M+, GscJ, cuP2]) [3mepoch[0m[2m=[0m0
[2m2025-03-25T07:54:39.380830Z[0m [32m INFO[0m [1mnode[0m[1m{[0m[3mname[0m[2m=[0mk#99f25ef6..[1m}[0m[2m:[0m [2msui_core::consensus_handler[0m[2m:[0m [2mcrates/sui-core/src/consensus_handler.rs[0m[2m:[0m[2m232:[0m Received consensus output [3mconsensus_commit[0m[2m=[0mCommittedSubDag(leader=B97(B,cuP2), ref=C96(j6MY), blocks=[j7M+, GscJ, cuP2]) [3mepoch[0m[2m=[0m0
[2m2025-03-25T07:54:39.384171Z[0m [32m INFO[0m [1mnode[0m[1m{[0m[3mname[0m[2m=[0mk#addeef94..[1m}[0m[2m:[0m [2mconsensus_core::core[0m[2m:[0m [2mconsensus/core/src/core.rs[0m[2m:[0m[2m630:[0m Committing 1 leaders: B97(B,cuP2)
[2m2025-03-25T07:54:39.384257Z[0m [32m INFO[0m [1mnode[0m[1m{[0m[3mname[0m[2m=[0mk#addeef94..[1m}[0m[2m:[0m [2mconsensus_core::commit_observer[0m[2m:[0m [2mconsensus/core/src/commit_observer.rs[0m[2m:[0m[2m173:[0m Consensus commit C96(j6MY) with leader B97(B,cuP2) has 3 blocks
[2m2025-03-25T07:54:39.384329Z[0m [32m INFO[0m [1mnode[0m[1m{[0m[3mname[0m[2m=[0mk#addeef94..[1m}[0m[2m:[0m [2msui_core::consensus_handler[0m[2m:[0m [2mcrates/sui-core/src/consensus_handler.rs[0m[2m:[0m[2m232:[0m Received consensus output [3mconsensus_commit[0m[2m=[0mCommittedSubDag(leader=B97(B,cuP2), ref=C96(j6MY), blocks=[j7M+, GscJ, cuP2]) [3mepoch[0m[2m=[0m0
[2m2025-03-25T07:54:39.437248Z[0m [32m INFO[0m [1mnode[0m[1m{[0m[3mname[0m[2m=[0mk#b3f3cbb4..[1m}[0m[2m:[0m [2msui_core::state_accumulator[0m[2m:[0m [2mcrates/sui-core/src/state_accumulator.rs[0m[2m:[0m[2m675:[0m accumulating running root for checkpoint 180
[2m2025-03-25T07:54:39.437742Z[0m [32m INFO[0m [1mnode[0m[1m{[0m[3mname[0m[2m=[0mk#b3f3cbb4..[1m}[0m[2m:[0m [2msui_core::state_accumulator[0m[2m:[0m [2mcrates/sui-core/src/state_accumulator.rs[0m[2m:[0m[2m675:[0m accumulating running root for checkpoint 181
[2m2025-03-25T07:54:39.556394Z[0m [32m INFO[0m [1mnode[0m[1m{[0m[3mname[0m[2m=[0mk#addeef94..[1m}[0m[2m:[0m [2msui_core::checkpoints[0m[2m:[0m [2mcrates/sui-core/src/checkpoints/mod.rs[0m[2m:[0m[2m1326:[0m Creating checkpoint(s) for 2 transactions [3mnext_checkpoint_seq[0m[2m=[0m184 [3mcheckpoint_timestamp[0m[2m=[0m1742889278869
[2m2025-03-25T07:54:39.556608Z[0m [32m INFO[0m [1mnode[0m[1m{[0m[3mname[0m[2m=[0mk#8dcff6d1..[1m}[0m[2m:[0m [2msui_core::checkpoints[0m[2m:[0m [2mcrates/sui-core/src/checkpoints/mod.rs[0m[2m:[0m[2m1326:[0m Creating checkpoint(s) for 2 transactions [3mnext_checkpoint_seq[0m[2m=[0m184 [3mcheckpoint_timestamp[0m[2m=[0m1742889278869
[2m2025-03-25T07:54:39.556924Z[0m [32m INFO[0m [1mnode[0m[1m{[0m[3mname[0m[2m=[0mk#addeef94..[1m}[0m[2m:[0m [2msui_core::checkpoints::checkpoint_output[0m[2m:[0m [2mcrates/sui-core/src/checkpoints/checkpoint_output.rs[0m[2m:[0m[2m149:[0m Creating checkpoint CheckpointDigest(8xvxkVTF4pZsMmKNpdJ7EeYfuo8HxK3f4EDYGL3S7exV) at epoch 0, sequence 184, previous digest Some(CheckpointDigest(9zqXnsZZkrjvG1uAPAYbFUgkLdhuY1qS6Sz7bb31SCx5)), transactions count 2, content digest CheckpointContentsDigest(7nbMZuGuUTs9kgsL9F3ekdDtfT8QUiL6TG3eLG74DVx7), end_of_epoch_data None
[2m2025-03-25T07:54:39.557015Z[0m [32m INFO[0m [1mnode[0m[1m{[0m[3mname[0m[2m=[0mk#8dcff6d1..[1m}[0m[2m:[0m [2msui_core::checkpoints::checkpoint_output[0m[2m:[0m [2mcrates/sui-core/src/checkpoints/checkpoint_output.rs[0m[2m:[0m[2m149:[0m Creating checkpoint CheckpointDigest(8xvxkVTF4pZsMmKNpdJ7EeYfuo8HxK3f4EDYGL3S7exV) at epoch 0, sequence 184, previous digest Some(CheckpointDigest(9zqXnsZZkrjvG1uAPAYbFUgkLdhuY1qS6Sz7bb31SCx5)), transactions count 2, content digest CheckpointContentsDigest(7nbMZuGuUTs9kgsL9F3ekdDtfT8QUiL6TG3eLG74DVx7), end_of_epoch_data None
[2m2025-03-25T07:54:39.558360Z[0m [32m INFO[0m [1mnode[0m[1m{[0m[3mname[0m[2m=[0mk#99f25ef6..[1m}[0m[2m:[0m [2msui_core::checkpoints[0m[2m:[0m [2mcrates/sui-core/src/checkpoints/mod.rs[0m[2m:[0m[2m1326:[0m Creating checkpoint(s) for 2 transactions [3mnext_checkpoint_seq[0m[2m=[0m184 [3mcheckpoint_timestamp[0m[2m=[0m1742889278869
[2m2025-03-25T07:54:39.558789Z[0m [32m INFO[0m [1mnode[0m[1m{[0m[3mname[0m[2m=[0mk#99f25ef6..[1m}[0m[2m:[0m [2msui_core::checkpoints::checkpoint_output[0m[2m:[0m [2mcrates/sui-core/src/checkpoints/checkpoint_output.rs[0m[2m:[0m[2m149:[0m Creating checkpoint CheckpointDigest(8xvxkVTF4pZsMmKNpdJ7EeYfuo8HxK3f4EDYGL3S7exV) at epoch 0, sequence 184, previous digest Some(CheckpointDigest(9zqXnsZZkrjvG1uAPAYbFUgkLdhuY1qS6Sz7bb31SCx5)), transactions count 2, content digest CheckpointContentsDigest(7nbMZuGuUTs9kgsL9F3ekdDtfT8QUiL6TG3eLG74DVx7), end_of_epoch_data None
[2m2025-03-25T07:54:39.562591Z[0m [32m INFO[0m [1mnode[0m[1m{[0m[3mname[0m[2m=[0mk#8dcff6d1..[1m}[0m[2m:[0m [2msui_core::checkpoints::checkpoint_output[0m[2m:[0m [2mcrates/sui-core/src/checkpoints/checkpoint_output.rs[0m[2m:[0m[2m196:[0m Certified checkpoint with sequence 182 and digest 4CUwX12qd6QAW2HHQXpU1wzjS2n94bEAFM8rkFNx4Y7H
[2m2025-03-25T07:54:39.562618Z[0m [32m INFO[0m [1mnode[0m[1m{[0m[3mname[0m[2m=[0mk#8dcff6d1..[1m}[0m[2m:[0m [2msui_core::checkpoints::checkpoint_output[0m[2m:[0m [2mcrates/sui-core/src/checkpoints/checkpoint_output.rs[0m[2m:[0m[2m196:[0m Certified checkpoint with sequence 183 and digest 9zqXnsZZkrjvG1uAPAYbFUgkLdhuY1qS6Sz7bb31SCx5
[2m2025-03-25T07:54:39.563588Z[0m [32m INFO[0m [1mnode[0m[1m{[0m[3mname[0m[2m=[0mk#8dcff6d1..[1m}[0m[2m:[0m [2msui_core::checkpoints::checkpoint_executor[0m[2m:[0m [2mcrates/sui-core/src/checkpoints/checkpoint_executor/mod.rs[0m[2m:[0m[2m332:[0m Received checkpoint summary from state sync [3msequence_number[0m[2m=[0m182
[2m2025-03-25T07:54:39.563730Z[0m [32m INFO[0m [1mnode[0m[1m{[0m[3mname[0m[2m=[0mk#8dcff6d1..[1m}[0m[2m:[0m [2msui_core::checkpoints::checkpoint_executor[0m[2m:[0m [2mcrates/sui-core/src/checkpoints/checkpoint_executor/mod.rs[0m[2m:[0m[2m332:[0m Received checkpoint summary from state sync [3msequence_number[0m[2m=[0m183
[2m2025-03-25T07:54:39.563934Z[0m [32m INFO[0m [1mnode[0m[1m{[0m[3mname[0m[2m=[0mk#99f25ef6..[1m}[0m[2m:[0m [2msui_core::checkpoints::checkpoint_output[0m[2m:[0m [2mcrates/sui-core/src/checkpoints/checkpoint_output.rs[0m[2m:[0m[2m196:[0m Certified checkpoint with sequence 182 and digest 4CUwX12qd6QAW2HHQXpU1wzjS2n94bEAFM8rkFNx4Y7H
[2m2025-03-25T07:54:39.563954Z[0m [32m INFO[0m [1mnode[0m[1m{[0m[3mname[0m[2m=[0mk#99f25ef6..[1m}[0m[2m:[0m [2msui_core::checkpoints::checkpoint_output[0m[2m:[0m [2mcrates/sui-core/src/checkpoints/checkpoint_output.rs[0m[2m:[0m[2m196:[0m Certified checkpoint with sequence 183 and digest 9zqXnsZZkrjvG1uAPAYbFUgkLdhuY1qS6Sz7bb31SCx5
[2m2025-03-25T07:54:39.564930Z[0m [32m INFO[0m [1mnode[0m[1m{[0m[3mname[0m[2m=[0mk#99f25ef6..[1m}[0m[2m:[0m [2msui_core::checkpoints::checkpoint_executor[0m[2m:[0m [2mcrates/sui-core/src/checkpoints/checkpoint_executor/mod.rs[0m[2m:[0m[2m332:[0m Received checkpoint summary from state sync [3msequence_number[0m[2m=[0m182
[2m2025-03-25T07:54:39.565053Z[0m [32m INFO[0m [1mnode[0m[1m{[0m[3mname[0m[2m=[0mk#99f25ef6..[1m}[0m[2m:[0m [2msui_core::checkpoints::checkpoint_executor[0m[2m:[0m [2mcrates/sui-core/src/checkpoints/checkpoint_executor/mod.rs[0m[2m:[0m[2m332:[0m Received checkpoint summary from state sync [3msequence_number[0m[2m=[0m183
[2m2025-03-25T07:54:39.565931Z[0m [32m INFO[0m [1mnode[0m[1m{[0m[3mname[0m[2m=[0mk#8dcff6d1..[1m}[0m[2m:[0m [2msui_core::state_accumulator[0m[2m:[0m [2mcrates/sui-core/src/state_accumulator.rs[0m[2m:[0m[2m675:[0m accumulating running root for checkpoint 182
[2m2025-03-25T07:54:39.566384Z[0m [32m INFO[0m [1mnode[0m[1m{[0m[3mname[0m[2m=[0mk#8dcff6d1..[1m}[0m[2m:[0m [2msui_core::state_accumulator[0m[2m:[0m [2mcrates/sui-core/src/state_accumulator.rs[0m[2m:[0m[2m675:[0m accumulating running root for checkpoint 183
[2m2025-03-25T07:54:39.566977Z[0m [32m INFO[0m [1mnode[0m[1m{[0m[3mname[0m[2m=[0mk#99f25ef6..[1m}[0m[2m:[0m [2msui_core::state_accumulator[0m[2m:[0m [2mcrates/sui-core/src/state_accumulator.rs[0m[2m:[0m[2m675:[0m accumulating running root for checkpoint 182
[2m2025-03-25T07:54:39.567412Z[0m [32m INFO[0m [1mnode[0m[1m{[0m[3mname[0m[2m=[0mk#99f25ef6..[1m}[0m[2m:[0m [2msui_core::state_accumulator[0m[2m:[0m [2mcrates/sui-core/src/state_accumulator.rs[0m[2m:[0m[2m675:[0m accumulating running root for checkpoint 183
[2m2025-03-25T07:54:39.677190Z[0m [32m INFO[0m [1mnode[0m[1m{[0m[3mname[0m[2m=[0mk#addeef94..[1m}[0m[2m:[0m [2msui_core::checkpoints[0m[2m:[0m [2mcrates/sui-core/src/checkpoints/mod.rs[0m[2m:[0m[2m1326:[0m Creating checkpoint(s) for 1 transactions [3mnext_checkpoint_seq[0m[2m=[0m185 [3mcheckpoint_timestamp[0m[2m=[0m1742889278869
[2m2025-03-25T07:54:39.677445Z[0m [32m INFO[0m [1mnode[0m[1m{[0m[3mname[0m[2m=[0mk#addeef94..[1m}[0m[2m:[0m [2msui_core::checkpoints::checkpoint_output[0m[2m:[0m [2mcrates/sui-core/src/checkpoints/checkpoint_output.rs[0m[2m:[0m[2m149:[0m Creating checkpoint CheckpointDigest(EGkj3UemmPy5unQk86S6b1dR3Law38UCZ8fE7f65nBq) at epoch 0, sequence 185, previous digest Some(CheckpointDigest(8xvxkVTF4pZsMmKNpdJ7EeYfuo8HxK3f4EDYGL3S7exV)), transactions count 1, content digest CheckpointContentsDigest(GzhFS5kPoy7CVubGQw8YnE85enYkj6KchGMKefynwtrH), end_of_epoch_data None
[2m2025-03-25T07:54:39.678922Z[0m [32m INFO[0m [1mnode[0m[1m{[0m[3mname[0m[2m=[0mk#99f25ef6..[1m}[0m[2m:[0m [2msui_core::checkpoints[0m[2m:[0m [2mcrates/sui-core/src/checkpoints/mod.rs[0m[2m:[0m[2m1326:[0m Creating checkpoint(s) for 1 transactions [3mnext_checkpoint_seq[0m[2m=[0m185 [3mcheckpoint_timestamp[0m[2m=[0m1742889278869
[2m2025-03-25T07:54:39.678957Z[0m [32m INFO[0m [1mnode[0m[1m{[0m[3mname[0m[2m=[0mk#addeef94..[1m}[0m[2m:[0m [2mconsensus_core::core[0m[2m:[0m [2mconsensus/core/src/core.rs[0m[2m:[0m[2m531:[0m Created block B100(C,eoUm/EIRrB/vAg9S3YV+t5FwbAerKWvHujy0fytEM2A=)(1742889279678ms;[B99(C,4n0e9CG6VqUaOsz+OMxAPI1J+tpG2PJMzkgNvhPMZns=), B99(A,fqduxh1QqKytzx7LRu6w+yIGA8BZU27BIwEwK0G9VXM=), B99(B,89hz3Kt/sF5MpgC/+3wjOoQa9qnc0Seqx0zRtgA3jHY=)];1t;1c) for round 100
[2m2025-03-25T07:54:39.679112Z[0m [32m INFO[0m [1mnode[0m[1m{[0m[3mname[0m[2m=[0mk#99f25ef6..[1m}[0m[2m:[0m [2msui_core::checkpoints::checkpoint_output[0m[2m:[0m [2mcrates/sui-core/src/checkpoints/checkpoint_output.rs[0m[2m:[0m[2m149:[0m Creating checkpoint CheckpointDigest(EGkj3UemmPy5unQk86S6b1dR3Law38UCZ8fE7f65nBq) at epoch 0, sequence 185, previous digest Some(CheckpointDigest(8xvxkVTF4pZsMmKNpdJ7EeYfuo8HxK3f4EDYGL3S7exV)), transactions count 1, content digest CheckpointContentsDigest(GzhFS5kPoy7CVubGQw8YnE85enYkj6KchGMKefynwtrH), end_of_epoch_data None
[2m2025-03-25T07:54:39.679459Z[0m [32m INFO[0m [1mnode[0m[1m{[0m[3mname[0m[2m=[0mk#8dcff6d1..[1m}[0m[2m:[0m [2msui_core::checkpoints[0m[2m:[0m [2mcrates/sui-core/src/checkpoints/mod.rs[0m[2m:[0m[2m1326:[0m Creating checkpoint(s) for 1 transactions [3mnext_checkpoint_seq[0m[2m=[0m185 [3mcheckpoint_timestamp[0m[2m=[0m1742889278869
[2m2025-03-25T07:54:39.679636Z[0m [32m INFO[0m [1mnode[0m[1m{[0m[3mname[0m[2m=[0mk#8dcff6d1..[1m}[0m[2m:[0m [2msui_core::checkpoints::checkpoint_output[0m[2m:[0m [2mcrates/sui-core/src/checkpoints/checkpoint_output.rs[0m[2m:[0m[2m149:[0m Creating checkpoint CheckpointDigest(EGkj3UemmPy5unQk86S6b1dR3Law38UCZ8fE7f65nBq) at epoch 0, sequence 185, previous digest Some(CheckpointDigest(8xvxkVTF4pZsMmKNpdJ7EeYfuo8HxK3f4EDYGL3S7exV)), transactions count 1, content digest CheckpointContentsDigest(GzhFS5kPoy7CVubGQw8YnE85enYkj6KchGMKefynwtrH), end_of_epoch_data None
[2m2025-03-25T07:54:39.680575Z[0m [32m INFO[0m [1mnode[0m[1m{[0m[3mname[0m[2m=[0mk#99f25ef6..[1m}[0m[2m:[0m [2mconsensus_core::core[0m[2m:[0m [2mconsensus/core/src/core.rs[0m[2m:[0m[2m531:[0m Created block B100(B,afXdZ+h+r6KEemYXOntq5cloiWKrBxhNDohf7ufr4Wc=)(1742889279680ms;[B99(B,89hz3Kt/sF5MpgC/+3wjOoQa9qnc0Seqx0zRtgA3jHY=), B99(A,fqduxh1QqKytzx7LRu6w+yIGA8BZU27BIwEwK0G9VXM=), B99(C,4n0e9CG6VqUaOsz+OMxAPI1J+tpG2PJMzkgNvhPMZns=)];2t;1c) for round 100
[2m2025-03-25T07:54:39.681391Z[0m [32m INFO[0m [1mnode[0m[1m{[0m[3mname[0m[2m=[0mk#addeef94..[1m}[0m[2m:[0m [2msui_core::checkpoints::checkpoint_executor[0m[2m:[0m [2mcrates/sui-core/src/checkpoints/checkpoint_executor/mod.rs[0m[2m:[0m[2m332:[0m Received checkpoint summary from state sync [3msequence_number[0m[2m=[0m182
[2m2025-03-25T07:54:39.681458Z[0m [32m INFO[0m [1mnode[0m[1m{[0m[3mname[0m[2m=[0mk#8dcff6d1..[1m}[0m[2m:[0m [2mconsensus_core::core[0m[2m:[0m [2mconsensus/core/src/core.rs[0m[2m:[0m[2m531:[0m Created block B100(A,CklkuNc2t/Y/1rjWFwboyYlOe6gFIsX5VfqwuscAlVU=)(1742889279681ms;[B99(A,fqduxh1QqKytzx7LRu6w+yIGA8BZU27BIwEwK0G9VXM=), B99(B,89hz3Kt/sF5MpgC/+3wjOoQa9qnc0Seqx0zRtgA3jHY=), B99(C,4n0e9CG6VqUaOsz+OMxAPI1J+tpG2PJMzkgNvhPMZns=)];1t;1c) for round 100
[2m2025-03-25T07:54:39.681520Z[0m [32m INFO[0m [1mnode[0m[1m{[0m[3mname[0m[2m=[0mk#addeef94..[1m}[0m[2m:[0m [2msui_core::checkpoints::checkpoint_executor[0m[2m:[0m [2mcrates/sui-core/src/checkpoints/checkpoint_executor/mod.rs[0m[2m:[0m[2m332:[0m Received checkpoint summary from state sync [3msequence_number[0m[2m=[0m183
[2m2025-03-25T07:54:39.682086Z[0m [32m INFO[0m [1mnode[0m[1m{[0m[3mname[0m[2m=[0mk#b3f3cbb4..[1m}[0m[2m:[0m [2msui_core::checkpoints::checkpoint_executor[0m[2m:[0m [2mcrates/sui-core/src/checkpoints/checkpoint_executor/mod.rs[0m[2m:[0m[2m332:[0m Received checkpoint summary from state sync [3msequence_number[0m[2m=[0m182
[2m2025-03-25T07:54:39.682215Z[0m [32m INFO[0m [1mnode[0m[1m{[0m[3mname[0m[2m=[0mk#b3f3cbb4..[1m}[0m[2m:[0m [2msui_core::checkpoints::checkpoint_executor[0m[2m:[0m [2mcrates/sui-core/src/checkpoints/checkpoint_executor/mod.rs[0m[2m:[0m[2m332:[0m Received checkpoint summary from state sync [3msequence_number[0m[2m=[0m183
[2m2025-03-25T07:54:39.682726Z[0m [32m INFO[0m [1mnode[0m[1m{[0m[3mname[0m[2m=[0mk#99f25ef6..[1m}[0m[2m:[0m [2mconsensus_core::core[0m[2m:[0m [2mconsensus/core/src/core.rs[0m[2m:[0m[2m630:[0m Committing 1 leaders: B98(A,vWZE)
[2m2025-03-25T07:54:39.682811Z[0m [32m INFO[0m [1mnode[0m[1m{[0m[3mname[0m[2m=[0mk#addeef94..[1m}[0m[2m:[0m [2msui_core::state_accumulator[0m[2m:[0m [2mcrates/sui-core/src/state_accumulator.rs[0m[2m:[0m[2m675:[0m accumulating running root for checkpoint 182
[2m2025-03-25T07:54:39.682821Z[0m [32m INFO[0m [1mnode[0m[1m{[0m[3mname[0m[2m=[0mk#99f25ef6..[1m}[0m[2m:[0m [2mconsensus_core::commit_observer[0m[2m:[0m [2mconsensus/core/src/commit_observer.rs[0m[2m:[0m[2m173:[0m Consensus commit C97(ki5w) with leader B98(A,vWZE) has 3 blocks
[2m2025-03-25T07:54:39.682906Z[0m [32m INFO[0m [1mnode[0m[1m{[0m[3mname[0m[2m=[0mk#99f25ef6..[1m}[0m[2m:[0m [2msui_core::consensus_handler[0m[2m:[0m [2mcrates/sui-core/src/consensus_handler.rs[0m[2m:[0m[2m232:[0m Received consensus output [3mconsensus_commit[0m[2m=[0mCommittedSubDag(leader=B98(A,vWZE), ref=C97(ki5w), blocks=[TW8m, qtqH, vWZE]) [3mepoch[0m[2m=[0m0
[2m2025-03-25T07:54:39.683261Z[0m [32m INFO[0m [1mnode[0m[1m{[0m[3mname[0m[2m=[0mk#addeef94..[1m}[0m[2m:[0m [2msui_core::state_accumulator[0m[2m:[0m [2mcrates/sui-core/src/state_accumulator.rs[0m[2m:[0m[2m675:[0m accumulating running root for checkpoint 183
[2m2025-03-25T07:54:39.683357Z[0m [32m INFO[0m [1mnode[0m[1m{[0m[3mname[0m[2m=[0mk#8dcff6d1..[1m}[0m[2m:[0m [2mconsensus_core::core[0m[2m:[0m [2mconsensus/core/src/core.rs[0m[2m:[0m[2m630:[0m Committing 1 leaders: B98(A,vWZE)
[2m2025-03-25T07:54:39.683442Z[0m [32m INFO[0m [1mnode[0m[1m{[0m[3mname[0m[2m=[0mk#8dcff6d1..[1m}[0m[2m:[0m [2mconsensus_core::commit_observer[0m[2m:[0m [2mconsensus/core/src/commit_observer.rs[0m[2m:[0m[2m173:[0m Consensus commit C97(ki5w) with leader B98(A,vWZE) has 3 blocks
[2m2025-03-25T07:54:39.683525Z[0m [32m INFO[0m [1mnode[0m[1m{[0m[3mname[0m[2m=[0mk#8dcff6d1..[1m}[0m[2m:[0m [2msui_core::consensus_handler[0m[2m:[0m [2mcrates/sui-core/src/consensus_handler.rs[0m[2m:[0m[2m232:[0m Received consensus output [3mconsensus_commit[0m[2m=[0mCommittedSubDag(leader=B98(A,vWZE), ref=C97(ki5w), blocks=[TW8m, qtqH, vWZE]) [3mepoch[0m[2m=[0m0
[2m2025-03-25T07:54:39.685913Z[0m [32m INFO[0m [1mnode[0m[1m{[0m[3mname[0m[2m=[0mk#addeef94..[1m}[0m[2m:[0m [2mconsensus_core::core[0m[2m:[0m [2mconsensus/core/src/core.rs[0m[2m:[0m[2m630:[0m Committing 1 leaders: B98(A,vWZE)
[2m2025-03-25T07:54:39.686002Z[0m [32m INFO[0m [1mnode[0m[1m{[0m[3mname[0m[2m=[0mk#addeef94..[1m}[0m[2m:[0m [2mconsensus_core::commit_observer[0m[2m:[0m [2mconsensus/core/src/commit_observer.rs[0m[2m:[0m[2m173:[0m Consensus commit C97(ki5w) with leader B98(A,vWZE) has 3 blocks
[2m2025-03-25T07:54:39.686151Z[0m [32m INFO[0m [1mnode[0m[1m{[0m[3mname[0m[2m=[0mk#addeef94..[1m}[0m[2m:[0m [2msui_core::consensus_handler[0m[2m:[0m [2mcrates/sui-core/src/consensus_handler.rs[0m[2m:[0m[2m232:[0m Received consensus output [3mconsensus_commit[0m[2m=[0mCommittedSubDag(leader=B98(A,vWZE), ref=C97(ki5w), blocks=[TW8m, qtqH, vWZE]) [3mepoch[0m[2m=[0m0
[2m2025-03-25T07:54:39.774634Z[0m [32m INFO[0m [1mnode[0m[1m{[0m[3mname[0m[2m=[0mk#b3f3cbb4..[1m}[0m[2m:[0m [2msui_core::state_accumulator[0m[2m:[0m [2mcrates/sui-core/src/state_accumulator.rs[0m[2m:[0m[2m675:[0m accumulating running root for checkpoint 182
[2m2025-03-25T07:54:39.775114Z[0m [32m INFO[0m [1mnode[0m[1m{[0m[3mname[0m[2m=[0mk#b3f3cbb4..[1m}[0m[2m:[0m [2msui_core::state_accumulator[0m[2m:[0m [2mcrates/sui-core/src/state_accumulator.rs[0m[2m:[0m[2m675:[0m accumulating running root for checkpoint 183
[2m2025-03-25T07:54:39.891182Z[0m [32m INFO[0m [1mnode[0m[1m{[0m[3mname[0m[2m=[0mk#addeef94..[1m}[0m[2m:[0m [2msui_core::checkpoints[0m[2m:[0m [2mcrates/sui-core/src/checkpoints/mod.rs[0m[2m:[0m[2m1326:[0m Creating checkpoint(s) for 3 transactions [3mnext_checkpoint_seq[0m[2m=[0m186 [3mcheckpoint_timestamp[0m[2m=[0m1742889279122
[2m2025-03-25T07:54:39.891874Z[0m [32m INFO[0m [1mnode[0m[1m{[0m[3mname[0m[2m=[0mk#addeef94..[1m}[0m[2m:[0m [2msui_core::checkpoints::checkpoint_output[0m[2m:[0m [2mcrates/sui-core/src/checkpoints/checkpoint_output.rs[0m[2m:[0m[2m149:[0m Creating checkpoint CheckpointDigest(HEiFk4xEm3d2YxtgERygPHrwTc7dyGu59Z28qmVpDHXW) at epoch 0, sequence 186, previous digest Some(CheckpointDigest(EGkj3UemmPy5unQk86S6b1dR3Law38UCZ8fE7f65nBq)), transactions count 3, content digest CheckpointContentsDigest(9b9P6bLHXYAEAUmqn8d2PKbCwuyexM1ouTKpb4CEhNxZ), end_of_epoch_data None
[2m2025-03-25T07:54:39.893302Z[0m [32m INFO[0m [1mnode[0m[1m{[0m[3mname[0m[2m=[0mk#8dcff6d1..[1m}[0m[2m:[0m [2msui_core::checkpoints[0m[2m:[0m [2mcrates/sui-core/src/checkpoints/mod.rs[0m[2m:[0m[2m1326:[0m Creating checkpoint(s) for 3 transactions [3mnext_checkpoint_seq[0m[2m=[0m186 [3mcheckpoint_timestamp[0m[2m=[0m1742889279122
[2m2025-03-25T07:54:39.893918Z[0m [32m INFO[0m [1mnode[0m[1m{[0m[3mname[0m[2m=[0mk#8dcff6d1..[1m}[0m[2m:[0m [2msui_core::checkpoints::checkpoint_output[0m[2m:[0m [2mcrates/sui-core/src/checkpoints/checkpoint_output.rs[0m[2m:[0m[2m149:[0m Creating checkpoint CheckpointDigest(HEiFk4xEm3d2YxtgERygPHrwTc7dyGu59Z28qmVpDHXW) at epoch 0, sequence 186, previous digest Some(CheckpointDigest(EGkj3UemmPy5unQk86S6b1dR3Law38UCZ8fE7f65nBq)), transactions count 3, content digest CheckpointContentsDigest(9b9P6bLHXYAEAUmqn8d2PKbCwuyexM1ouTKpb4CEhNxZ), end_of_epoch_data None
[2m2025-03-25T07:54:39.895720Z[0m [32m INFO[0m [1mnode[0m[1m{[0m[3mname[0m[2m=[0mk#99f25ef6..[1m}[0m[2m:[0m [2msui_core::checkpoints[0m[2m:[0m [2mcrates/sui-core/src/checkpoints/mod.rs[0m[2m:[0m[2m1326:[0m Creating checkpoint(s) for 3 transactions [3mnext_checkpoint_seq[0m[2m=[0m186 [3mcheckpoint_timestamp[0m[2m=[0m1742889279122
[2m2025-03-25T07:54:39.896347Z[0m [32m INFO[0m [1mnode[0m[1m{[0m[3mname[0m[2m=[0mk#99f25ef6..[1m}[0m[2m:[0m [2msui_core::checkpoints::checkpoint_output[0m[2m:[0m [2mcrates/sui-core/src/checkpoints/checkpoint_output.rs[0m[2m:[0m[2m149:[0m Creating checkpoint CheckpointDigest(HEiFk4xEm3d2YxtgERygPHrwTc7dyGu59Z28qmVpDHXW) at epoch 0, sequence 186, previous digest Some(CheckpointDigest(EGkj3UemmPy5unQk86S6b1dR3Law38UCZ8fE7f65nBq)), transactions count 3, content digest CheckpointContentsDigest(9b9P6bLHXYAEAUmqn8d2PKbCwuyexM1ouTKpb4CEhNxZ), end_of_epoch_data None
[2m2025-03-25T07:54:39.897800Z[0m [32m INFO[0m [1mnode[0m[1m{[0m[3mname[0m[2m=[0mk#8dcff6d1..[1m}[0m[2m:[0m [2msui_core::checkpoints::checkpoint_output[0m[2m:[0m [2mcrates/sui-core/src/checkpoints/checkpoint_output.rs[0m[2m:[0m[2m196:[0m Certified checkpoint with sequence 184 and digest 8xvxkVTF4pZsMmKNpdJ7EeYfuo8HxK3f4EDYGL3S7exV
[2m2025-03-25T07:54:39.898672Z[0m [32m INFO[0m [1mnode[0m[1m{[0m[3mname[0m[2m=[0mk#8dcff6d1..[1m}[0m[2m:[0m [2msui_core::checkpoints::checkpoint_executor[0m[2m:[0m [2mcrates/sui-core/src/checkpoints/checkpoint_executor/mod.rs[0m[2m:[0m[2m332:[0m Received checkpoint summary from state sync [3msequence_number[0m[2m=[0m184
[2m2025-03-25T07:54:39.900581Z[0m [32m INFO[0m [1mnode[0m[1m{[0m[3mname[0m[2m=[0mk#99f25ef6..[1m}[0m[2m:[0m [2mconsensus_core::commit_syncer[0m[2m:[0m [2mconsensus/core/src/commit_syncer.rs[0m[2m:[0m[2m196:[0m Checking to schedule fetches: synced_commit_index=97, highest_handled_index=97, highest_scheduled_index=0, quorum_commit_index=95, unhandled_commits_threshold=3200
[2m2025-03-25T07:54:39.901414Z[0m [32m INFO[0m [1mnode[0m[1m{[0m[3mname[0m[2m=[0mk#8dcff6d1..[1m}[0m[2m:[0m [2msui_core::state_accumulator[0m[2m:[0m [2mcrates/sui-core/src/state_accumulator.rs[0m[2m:[0m[2m675:[0m accumulating running root for checkpoint 184
[2m2025-03-25T07:54:39.903552Z[0m [32m INFO[0m [1mnode[0m[1m{[0m[3mname[0m[2m=[0mk#99f25ef6..[1m}[0m[2m:[0m [2msui_core::checkpoints::checkpoint_output[0m[2m:[0m [2mcrates/sui-core/src/checkpoints/checkpoint_output.rs[0m[2m:[0m[2m196:[0m Certified checkpoint with sequence 184 and digest 8xvxkVTF4pZsMmKNpdJ7EeYfuo8HxK3f4EDYGL3S7exV
[2m2025-03-25T07:54:39.904279Z[0m [32m INFO[0m [1mnode[0m[1m{[0m[3mname[0m[2m=[0mk#99f25ef6..[1m}[0m[2m:[0m [2msui_core::checkpoints::checkpoint_executor[0m[2m:[0m [2mcrates/sui-core/src/checkpoints/checkpoint_executor/mod.rs[0m[2m:[0m[2m332:[0m Received checkpoint summary from state sync [3msequence_number[0m[2m=[0m184
[2m2025-03-25T07:54:39.906720Z[0m [32m INFO[0m [1mnode[0m[1m{[0m[3mname[0m[2m=[0mk#99f25ef6..[1m}[0m[2m:[0m [2msui_core::state_accumulator[0m[2m:[0m [2mcrates/sui-core/src/state_accumulator.rs[0m[2m:[0m[2m675:[0m accumulating running root for checkpoint 184
[2m2025-03-25T07:54:40.003196Z[0m [32m INFO[0m [1mnode[0m[1m{[0m[3mname[0m[2m=[0mk#addeef94..[1m}[0m[2m:[0m [2msui_core::checkpoints[0m[2m:[0m [2mcrates/sui-core/src/checkpoints/mod.rs[0m[2m:[0m[2m1326:[0m Creating checkpoint(s) for 1 transactions [3mnext_checkpoint_seq[0m[2m=[0m187 [3mcheckpoint_timestamp[0m[2m=[0m1742889279122
[2m2025-03-25T07:54:40.003455Z[0m [32m INFO[0m [1mnode[0m[1m{[0m[3mname[0m[2m=[0mk#addeef94..[1m}[0m[2m:[0m [2msui_core::checkpoints::checkpoint_output[0m[2m:[0m [2mcrates/sui-core/src/checkpoints/checkpoint_output.rs[0m[2m:[0m[2m149:[0m Creating checkpoint CheckpointDigest(2mvxyPtiJRtnfLJdEmricEsacE5ZN6zMJeD2D3Rvy1pu) at epoch 0, sequence 187, previous digest Some(CheckpointDigest(HEiFk4xEm3d2YxtgERygPHrwTc7dyGu59Z28qmVpDHXW)), transactions count 1, content digest CheckpointContentsDigest(Fnx1o8WttnLTxUVtAoioc9qZkKLKWKsUfkm2RhCzymYC), end_of_epoch_data None
[2m2025-03-25T07:54:40.004718Z[0m [32m INFO[0m [1mnode[0m[1m{[0m[3mname[0m[2m=[0mk#addeef94..[1m}[0m[2m:[0m [2mconsensus_core::core[0m[2m:[0m [2mconsensus/core/src/core.rs[0m[2m:[0m[2m531:[0m Created block B101(C,kRJA2h1zK85bTWJS/v56sFomJAQamNO5O/L4A2Ip/8E=)(1742889280004ms;[B100(C,eoUm/EIRrB/vAg9S3YV+t5FwbAerKWvHujy0fytEM2A=), B100(A,CklkuNc2t/Y/1rjWFwboyYlOe6gFIsX5VfqwuscAlVU=), B100(B,afXdZ+h+r6KEemYXOntq5cloiWKrBxhNDohf7ufr4Wc=)];2t;1c) for round 101
[2m2025-03-25T07:54:40.014708Z[0m [32m INFO[0m [1mnode[0m[1m{[0m[3mname[0m[2m=[0mk#99f25ef6..[1m}[0m[2m:[0m [2msui_core::checkpoints[0m[2m:[0m [2mcrates/sui-core/src/checkpoints/mod.rs[0m[2m:[0m[2m1326:[0m Creating checkpoint(s) for 1 transactions [3mnext_checkpoint_seq[0m[2m=[0m187 [3mcheckpoint_timestamp[0m[2m=[0m1742889279122
[2m2025-03-25T07:54:40.014960Z[0m [32m INFO[0m [1mnode[0m[1m{[0m[3mname[0m[2m=[0mk#99f25ef6..[1m}[0m[2m:[0m [2msui_core::checkpoints::checkpoint_output[0m[2m:[0m [2mcrates/sui-core/src/checkpoints/checkpoint_output.rs[0m[2m:[0m[2m149:[0m Creating checkpoint CheckpointDigest(2mvxyPtiJRtnfLJdEmricEsacE5ZN6zMJeD2D3Rvy1pu) at epoch 0, sequence 187, previous digest Some(CheckpointDigest(HEiFk4xEm3d2YxtgERygPHrwTc7dyGu59Z28qmVpDHXW)), transactions count 1, content digest CheckpointContentsDigest(Fnx1o8WttnLTxUVtAoioc9qZkKLKWKsUfkm2RhCzymYC), end_of_epoch_data None
[2m2025-03-25T07:54:40.015087Z[0m [32m INFO[0m [1mnode[0m[1m{[0m[3mname[0m[2m=[0mk#8dcff6d1..[1m}[0m[2m:[0m [2msui_core::checkpoints[0m[2m:[0m [2mcrates/sui-core/src/checkpoints/mod.rs[0m[2m:[0m[2m1326:[0m Creating checkpoint(s) for 1 transactions [3mnext_checkpoint_seq[0m[2m=[0m187 [3mcheckpoint_timestamp[0m[2m=[0m1742889279122
[2m2025-03-25T07:54:40.015103Z[0m [32m INFO[0m [1mnode[0m[1m{[0m[3mname[0m[2m=[0mk#addeef94..[1m}[0m[2m:[0m [2msui_core::checkpoints::checkpoint_executor[0m[2m:[0m [2mcrates/sui-core/src/checkpoints/checkpoint_executor/mod.rs[0m[2m:[0m[2m332:[0m Received checkpoint summary from state sync [3msequence_number[0m[2m=[0m184
[2m2025-03-25T07:54:40.015275Z[0m [32m INFO[0m [1mnode[0m[1m{[0m[3mname[0m[2m=[0mk#8dcff6d1..[1m}[0m[2m:[0m [2msui_core::checkpoints::checkpoint_output[0m[2m:[0m [2mcrates/sui-core/src/checkpoints/checkpoint_output.rs[0m[2m:[0m[2m149:[0m Creating checkpoint CheckpointDigest(2mvxyPtiJRtnfLJdEmricEsacE5ZN6zMJeD2D3Rvy1pu) at epoch 0, sequence 187, previous digest Some(CheckpointDigest(HEiFk4xEm3d2YxtgERygPHrwTc7dyGu59Z28qmVpDHXW)), transactions count 1, content digest CheckpointContentsDigest(Fnx1o8WttnLTxUVtAoioc9qZkKLKWKsUfkm2RhCzymYC), end_of_epoch_data None
[2m2025-03-25T07:54:40.017084Z[0m [32m INFO[0m [1mnode[0m[1m{[0m[3mname[0m[2m=[0mk#addeef94..[1m}[0m[2m:[0m [2msui_core::state_accumulator[0m[2m:[0m [2mcrates/sui-core/src/state_accumulator.rs[0m[2m:[0m[2m675:[0m accumulating running root for checkpoint 184
[2m2025-03-25T07:54:40.017992Z[0m [32m INFO[0m [1mnode[0m[1m{[0m[3mname[0m[2m=[0mk#99f25ef6..[1m}[0m[2m:[0m [2mconsensus_core::core[0m[2m:[0m [2mconsensus/core/src/core.rs[0m[2m:[0m[2m531:[0m Created block B101(B,oKaUTwRfVuk7iUaF9v7pm2XzjLixIri9JdusoU+71Xs=)(1742889280017ms;[B100(B,afXdZ+h+r6KEemYXOntq5cloiWKrBxhNDohf7ufr4Wc=), B100(A,CklkuNc2t/Y/1rjWFwboyYlOe6gFIsX5VfqwuscAlVU=), B100(C,eoUm/EIRrB/vAg9S3YV+t5FwbAerKWvHujy0fytEM2A=)];1t;1c) for round 101
[2m2025-03-25T07:54:40.018179Z[0m [32m INFO[0m [1mnode[0m[1m{[0m[3mname[0m[2m=[0mk#99f25ef6..[1m}[0m[2m:[0m [2mconsensus_core::core[0m[2m:[0m [2mconsensus/core/src/core.rs[0m[2m:[0m[2m630:[0m Committing 1 leaders: B99(A,fqdu)
[2m2025-03-25T07:54:40.018198Z[0m [32m INFO[0m [1mnode[0m[1m{[0m[3mname[0m[2m=[0mk#b3f3cbb4..[1m}[0m[2m:[0m [2msui_core::checkpoints::checkpoint_executor[0m[2m:[0m [2mcrates/sui-core/src/checkpoints/checkpoint_executor/mod.rs[0m[2m:[0m[2m332:[0m Received checkpoint summary from state sync [3msequence_number[0m[2m=[0m184
[2m2025-03-25T07:54:40.018239Z[0m [32m INFO[0m [1mnode[0m[1m{[0m[3mname[0m[2m=[0mk#8dcff6d1..[1m}[0m[2m:[0m [2mconsensus_core::core[0m[2m:[0m [2mconsensus/core/src/core.rs[0m[2m:[0m[2m531:[0m Created block B101(A,MT5tsHmPGW2cqQT86/sxEEedOxObPxxP6nyH8BoiBU0=)(1742889280018ms;[B100(A,CklkuNc2t/Y/1rjWFwboyYlOe6gFIsX5VfqwuscAlVU=), B100(B,afXdZ+h+r6KEemYXOntq5cloiWKrBxhNDohf7ufr4Wc=), B100(C,eoUm/EIRrB/vAg9S3YV+t5FwbAerKWvHujy0fytEM2A=)];2t;1c) for round 101
[2m2025-03-25T07:54:40.018273Z[0m [32m INFO[0m [1mnode[0m[1m{[0m[3mname[0m[2m=[0mk#99f25ef6..[1m}[0m[2m:[0m [2mconsensus_core::commit_observer[0m[2m:[0m [2mconsensus/core/src/commit_observer.rs[0m[2m:[0m[2m173:[0m Consensus commit C98(rOSb) with leader B99(A,fqdu) has 3 blocks
[2m2025-03-25T07:54:40.018405Z[0m [32m INFO[0m [1mnode[0m[1m{[0m[3mname[0m[2m=[0mk#8dcff6d1..[1m}[0m[2m:[0m [2mconsensus_core::core[0m[2m:[0m [2mconsensus/core/src/core.rs[0m[2m:[0m[2m630:[0m Committing 1 leaders: B99(A,fqdu)
[2m2025-03-25T07:54:40.018488Z[0m [32m INFO[0m [1mnode[0m[1m{[0m[3mname[0m[2m=[0mk#8dcff6d1..[1m}[0m[2m:[0m [2mconsensus_core::commit_observer[0m[2m:[0m [2mconsensus/core/src/commit_observer.rs[0m[2m:[0m[2m173:[0m Consensus commit C98(rOSb) with leader B99(A,fqdu) has 3 blocks
[2m2025-03-25T07:54:40.018727Z[0m [32m INFO[0m [1mnode[0m[1m{[0m[3mname[0m[2m=[0mk#99f25ef6..[1m}[0m[2m:[0m [2msui_core::consensus_handler[0m[2m:[0m [2mcrates/sui-core/src/consensus_handler.rs[0m[2m:[0m[2m232:[0m Received consensus output [3mconsensus_commit[0m[2m=[0mCommittedSubDag(leader=B99(A,fqdu), ref=C98(rOSb), blocks=[hKXx, U8oA, fqdu]) [3mepoch[0m[2m=[0m0
[2m2025-03-25T07:54:40.019717Z[0m [32m INFO[0m [1mnode[0m[1m{[0m[3mname[0m[2m=[0mk#8dcff6d1..[1m}[0m[2m:[0m [2msui_core::checkpoints::checkpoint_output[0m[2m:[0m [2mcrates/sui-core/src/checkpoints/checkpoint_output.rs[0m[2m:[0m[2m196:[0m Certified checkpoint with sequence 185 and digest EGkj3UemmPy5unQk86S6b1dR3Law38UCZ8fE7f65nBq
[2m2025-03-25T07:54:40.019858Z[0m [32m INFO[0m [1mnode[0m[1m{[0m[3mname[0m[2m=[0mk#8dcff6d1..[1m}[0m[2m:[0m [2msui_core::consensus_handler[0m[2m:[0m [2mcrates/sui-core/src/consensus_handler.rs[0m[2m:[0m[2m232:[0m Received consensus output [3mconsensus_commit[0m[2m=[0mCommittedSubDag(leader=B99(A,fqdu), ref=C98(rOSb), blocks=[hKXx, U8oA, fqdu]) [3mepoch[0m[2m=[0m0
[2m2025-03-25T07:54:40.021655Z[0m [32m INFO[0m [1mnode[0m[1m{[0m[3mname[0m[2m=[0mk#addeef94..[1m}[0m[2m:[0m [2mconsensus_core::core[0m[2m:[0m [2mconsensus/core/src/core.rs[0m[2m:[0m[2m630:[0m Committing 1 leaders: B99(A,fqdu)
[2m2025-03-25T07:54:40.021757Z[0m [32m INFO[0m [1mnode[0m[1m{[0m[3mname[0m[2m=[0mk#addeef94..[1m}[0m[2m:[0m [2mconsensus_core::commit_observer[0m[2m:[0m [2mconsensus/core/src/commit_observer.rs[0m[2m:[0m[2m173:[0m Consensus commit C98(rOSb) with leader B99(A,fqdu) has 3 blocks
[2m2025-03-25T07:54:40.021835Z[0m [32m INFO[0m [1mnode[0m[1m{[0m[3mname[0m[2m=[0mk#addeef94..[1m}[0m[2m:[0m [2msui_core::consensus_handler[0m[2m:[0m [2mcrates/sui-core/src/consensus_handler.rs[0m[2m:[0m[2m232:[0m Received consensus output [3mconsensus_commit[0m[2m=[0mCommittedSubDag(leader=B99(A,fqdu), ref=C98(rOSb), blocks=[hKXx, U8oA, fqdu]) [3mepoch[0m[2m=[0m0
[2m2025-03-25T07:54:40.063073Z[0m [32m INFO[0m [1mnode[0m[1m{[0m[3mname[0m[2m=[0mk#8dcff6d1..[1m}[0m[2m:[0m [2msui_core::checkpoints::checkpoint_executor[0m[2m:[0m [2mcrates/sui-core/src/checkpoints/checkpoint_executor/mod.rs[0m[2m:[0m[2m332:[0m Received checkpoint summary from state sync [3msequence_number[0m[2m=[0m185
[2m2025-03-25T07:54:40.092180Z[0m [32m INFO[0m [1mnode[0m[1m{[0m[3mname[0m[2m=[0mk#8dcff6d1..[1m}[0m[2m:[0m [2msui_core::state_accumulator[0m[2m:[0m [2mcrates/sui-core/src/state_accumulator.rs[0m[2m:[0m[2m675:[0m accumulating running root for checkpoint 185
[2m2025-03-25T07:54:40.117778Z[0m [32m INFO[0m [1mnode[0m[1m{[0m[3mname[0m[2m=[0mk#8dcff6d1..[1m}[0m[2m:[0m [2msui_core::checkpoints[0m[2m:[0m [2mcrates/sui-core/src/checkpoints/mod.rs[0m[2m:[0m[2m1326:[0m Creating checkpoint(s) for 1 transactions [3mnext_checkpoint_seq[0m[2m=[0m188 [3mcheckpoint_timestamp[0m[2m=[0m1742889279380
[2m2025-03-25T07:54:40.118002Z[0m [32m INFO[0m [1mnode[0m[1m{[0m[3mname[0m[2m=[0mk#8dcff6d1..[1m}[0m[2m:[0m [2msui_core::checkpoints::checkpoint_output[0m[2m:[0m [2mcrates/sui-core/src/checkpoints/checkpoint_output.rs[0m[2m:[0m[2m149:[0m Creating checkpoint CheckpointDigest(FoKmEgswKETz6V55ids9H1oyDBu6GkcfQVkM1CFBQ2cq) at epoch 0, sequence 188, previous digest Some(CheckpointDigest(2mvxyPtiJRtnfLJdEmricEsacE5ZN6zMJeD2D3Rvy1pu)), transactions count 1, content digest CheckpointContentsDigest(HGxhfSLQBaB6EbFAYQALQMbpPS2jvmDUhNSLDV4VwzQD), end_of_epoch_data None
[2m2025-03-25T07:54:40.120182Z[0m [32m INFO[0m [1mnode[0m[1m{[0m[3mname[0m[2m=[0mk#addeef94..[1m}[0m[2m:[0m [2msui_core::checkpoints[0m[2m:[0m [2mcrates/sui-core/src/checkpoints/mod.rs[0m[2m:[0m[2m1326:[0m Creating checkpoint(s) for 1 transactions [3mnext_checkpoint_seq[0m[2m=[0m188 [3mcheckpoint_timestamp[0m[2m=[0m1742889279380
[2m2025-03-25T07:54:40.120366Z[0m [32m INFO[0m [1mnode[0m[1m{[0m[3mname[0m[2m=[0mk#addeef94..[1m}[0m[2m:[0m [2msui_core::checkpoints::checkpoint_output[0m[2m:[0m [2mcrates/sui-core/src/checkpoints/checkpoint_output.rs[0m[2m:[0m[2m149:[0m Creating checkpoint CheckpointDigest(FoKmEgswKETz6V55ids9H1oyDBu6GkcfQVkM1CFBQ2cq) at epoch 0, sequence 188, previous digest Some(CheckpointDigest(2mvxyPtiJRtnfLJdEmricEsacE5ZN6zMJeD2D3Rvy1pu)), transactions count 1, content digest CheckpointContentsDigest(HGxhfSLQBaB6EbFAYQALQMbpPS2jvmDUhNSLDV4VwzQD), end_of_epoch_data None
[2m2025-03-25T07:54:40.121030Z[0m [32m INFO[0m [1mnode[0m[1m{[0m[3mname[0m[2m=[0mk#99f25ef6..[1m}[0m[2m:[0m [2msui_core::checkpoints[0m[2m:[0m [2mcrates/sui-core/src/checkpoints/mod.rs[0m[2m:[0m[2m1326:[0m Creating checkpoint(s) for 1 transactions [3mnext_checkpoint_seq[0m[2m=[0m188 [3mcheckpoint_timestamp[0m[2m=[0m1742889279380
[2m2025-03-25T07:54:40.121205Z[0m [32m INFO[0m [1mnode[0m[1m{[0m[3mname[0m[2m=[0mk#99f25ef6..[1m}[0m[2m:[0m [2msui_core::checkpoints::checkpoint_output[0m[2m:[0m [2mcrates/sui-core/src/checkpoints/checkpoint_output.rs[0m[2m:[0m[2m149:[0m Creating checkpoint CheckpointDigest(FoKmEgswKETz6V55ids9H1oyDBu6GkcfQVkM1CFBQ2cq) at epoch 0, sequence 188, previous digest Some(CheckpointDigest(2mvxyPtiJRtnfLJdEmricEsacE5ZN6zMJeD2D3Rvy1pu)), transactions count 1, content digest CheckpointContentsDigest(HGxhfSLQBaB6EbFAYQALQMbpPS2jvmDUhNSLDV4VwzQD), end_of_epoch_data None
[2m2025-03-25T07:54:40.121486Z[0m [32m INFO[0m [1mnode[0m[1m{[0m[3mname[0m[2m=[0mk#8dcff6d1..[1m}[0m[2m:[0m [2msui_core::checkpoints::checkpoint_output[0m[2m:[0m [2mcrates/sui-core/src/checkpoints/checkpoint_output.rs[0m[2m:[0m[2m196:[0m Certified checkpoint with sequence 186 and digest HEiFk4xEm3d2YxtgERygPHrwTc7dyGu59Z28qmVpDHXW
[2m2025-03-25T07:54:40.122214Z[0m [32m INFO[0m [1mnode[0m[1m{[0m[3mname[0m[2m=[0mk#8dcff6d1..[1m}[0m[2m:[0m [2msui_core::checkpoints::checkpoint_executor[0m[2m:[0m [2mcrates/sui-core/src/checkpoints/checkpoint_executor/mod.rs[0m[2m:[0m[2m332:[0m Received checkpoint summary from state sync [3msequence_number[0m[2m=[0m186
[2m2025-03-25T07:54:40.124759Z[0m [32m INFO[0m [1mnode[0m[1m{[0m[3mname[0m[2m=[0mk#8dcff6d1..[1m}[0m[2m:[0m [2msui_core::state_accumulator[0m[2m:[0m [2mcrates/sui-core/src/state_accumulator.rs[0m[2m:[0m[2m675:[0m accumulating running root for checkpoint 186
[2m2025-03-25T07:54:40.125048Z[0m [32m INFO[0m [1mnode[0m[1m{[0m[3mname[0m[2m=[0mk#addeef94..[1m}[0m[2m:[0m [2msui_core::checkpoints::checkpoint_executor[0m[2m:[0m [2mcrates/sui-core/src/checkpoints/checkpoint_executor/mod.rs[0m[2m:[0m[2m332:[0m Received checkpoint summary from state sync [3msequence_number[0m[2m=[0m185
[2m2025-03-25T07:54:40.125914Z[0m [32m INFO[0m [1mnode[0m[1m{[0m[3mname[0m[2m=[0mk#99f25ef6..[1m}[0m[2m:[0m [2msui_core::checkpoints::checkpoint_output[0m[2m:[0m [2mcrates/sui-core/src/checkpoints/checkpoint_output.rs[0m[2m:[0m[2m196:[0m Certified checkpoint with sequence 185 and digest EGkj3UemmPy5unQk86S6b1dR3Law38UCZ8fE7f65nBq
[2m2025-03-25T07:54:40.125939Z[0m [32m INFO[0m [1mnode[0m[1m{[0m[3mname[0m[2m=[0mk#99f25ef6..[1m}[0m[2m:[0m [2msui_core::checkpoints::checkpoint_output[0m[2m:[0m [2mcrates/sui-core/src/checkpoints/checkpoint_output.rs[0m[2m:[0m[2m196:[0m Certified checkpoint with sequence 186 and digest HEiFk4xEm3d2YxtgERygPHrwTc7dyGu59Z28qmVpDHXW
[2m2025-03-25T07:54:40.126032Z[0m [32m INFO[0m [1mnode[0m[1m{[0m[3mname[0m[2m=[0mk#addeef94..[1m}[0m[2m:[0m [2msui_core::state_accumulator[0m[2m:[0m [2mcrates/sui-core/src/state_accumulator.rs[0m[2m:[0m[2m675:[0m accumulating running root for checkpoint 185
[2m2025-03-25T07:54:40.127198Z[0m [32m INFO[0m [1mnode[0m[1m{[0m[3mname[0m[2m=[0mk#99f25ef6..[1m}[0m[2m:[0m [2msui_core::checkpoints::checkpoint_executor[0m[2m:[0m [2mcrates/sui-core/src/checkpoints/checkpoint_executor/mod.rs[0m[2m:[0m[2m332:[0m Received checkpoint summary from state sync [3msequence_number[0m[2m=[0m185
[2m2025-03-25T07:54:40.127319Z[0m [32m INFO[0m [1mnode[0m[1m{[0m[3mname[0m[2m=[0mk#99f25ef6..[1m}[0m[2m:[0m [2msui_core::checkpoints::checkpoint_executor[0m[2m:[0m [2mcrates/sui-core/src/checkpoints/checkpoint_executor/mod.rs[0m[2m:[0m[2m332:[0m Received checkpoint summary from state sync [3msequence_number[0m[2m=[0m186
[2m2025-03-25T07:54:40.129899Z[0m [32m INFO[0m [1mnode[0m[1m{[0m[3mname[0m[2m=[0mk#99f25ef6..[1m}[0m[2m:[0m [2msui_core::state_accumulator[0m[2m:[0m [2mcrates/sui-core/src/state_accumulator.rs[0m[2m:[0m[2m675:[0m accumulating running root for checkpoint 185
[2m2025-03-25T07:54:40.130935Z[0m [32m INFO[0m [1mnode[0m[1m{[0m[3mname[0m[2m=[0mk#99f25ef6..[1m}[0m[2m:[0m [2msui_core::state_accumulator[0m[2m:[0m [2mcrates/sui-core/src/state_accumulator.rs[0m[2m:[0m[2m675:[0m accumulating running root for checkpoint 186
[2m2025-03-25T07:54:40.160213Z[0m [32m INFO[0m [1mnode[0m[1m{[0m[3mname[0m[2m=[0mk#b3f3cbb4..[1m}[0m[2m:[0m [2msui_core::state_accumulator[0m[2m:[0m [2mcrates/sui-core/src/state_accumulator.rs[0m[2m:[0m[2m675:[0m accumulating running root for checkpoint 184
[2m2025-03-25T07:54:40.231553Z[0m [32m INFO[0m [1mnode[0m[1m{[0m[3mname[0m[2m=[0mk#8dcff6d1..[1m}[0m[2m:[0m [2msui_core::checkpoints[0m[2m:[0m [2mcrates/sui-core/src/checkpoints/mod.rs[0m[2m:[0m[2m1326:[0m Creating checkpoint(s) for 1 transactions [3mnext_checkpoint_seq[0m[2m=[0m189 [3mcheckpoint_timestamp[0m[2m=[0m1742889279380
[2m2025-03-25T07:54:40.231810Z[0m [32m INFO[0m [1mnode[0m[1m{[0m[3mname[0m[2m=[0mk#8dcff6d1..[1m}[0m[2m:[0m [2msui_core::checkpoints::checkpoint_output[0m[2m:[0m [2mcrates/sui-core/src/checkpoints/checkpoint_output.rs[0m[2m:[0m[2m149:[0m Creating checkpoint CheckpointDigest(8r5e3EbYYZ8g66aY5JZKeBxy7Pmzi5Wytdi5oJWAzqDQ) at epoch 0, sequence 189, previous digest Some(CheckpointDigest(FoKmEgswKETz6V55ids9H1oyDBu6GkcfQVkM1CFBQ2cq)), transactions count 1, content digest CheckpointContentsDigest(GmUof5H4wLoLeq18Lcquh6oTXv9WskH9NdJKbNNkawxq), end_of_epoch_data None
[2m2025-03-25T07:54:40.237031Z[0m [32m INFO[0m [1mnode[0m[1m{[0m[3mname[0m[2m=[0mk#b3f3cbb4..[1m}[0m[2m:[0m [2msui_core::checkpoints::checkpoint_executor[0m[2m:[0m [2mcrates/sui-core/src/checkpoints/checkpoint_executor/mod.rs[0m[2m:[0m[2m332:[0m Received checkpoint summary from state sync [3msequence_number[0m[2m=[0m185
[2m2025-03-25T07:54:40.237173Z[0m [32m INFO[0m [1mnode[0m[1m{[0m[3mname[0m[2m=[0mk#b3f3cbb4..[1m}[0m[2m:[0m [2msui_core::checkpoints::checkpoint_executor[0m[2m:[0m [2mcrates/sui-core/src/checkpoints/checkpoint_executor/mod.rs[0m[2m:[0m[2m332:[0m Received checkpoint summary from state sync [3msequence_number[0m[2m=[0m186
[2m2025-03-25T07:54:40.237799Z[0m [32m INFO[0m [1mnode[0m[1m{[0m[3mname[0m[2m=[0mk#addeef94..[1m}[0m[2m:[0m [2msui_core::checkpoints[0m[2m:[0m [2mcrates/sui-core/src/checkpoints/mod.rs[0m[2m:[0m[2m1326:[0m Creating checkpoint(s) for 1 transactions [3mnext_checkpoint_seq[0m[2m=[0m189 [3mcheckpoint_timestamp[0m[2m=[0m1742889279380
[2m2025-03-25T07:54:40.238008Z[0m [32m INFO[0m [1mnode[0m[1m{[0m[3mname[0m[2m=[0mk#addeef94..[1m}[0m[2m:[0m [2msui_core::checkpoints::checkpoint_output[0m[2m:[0m [2mcrates/sui-core/src/checkpoints/checkpoint_output.rs[0m[2m:[0m[2m149:[0m Creating checkpoint CheckpointDigest(8r5e3EbYYZ8g66aY5JZKeBxy7Pmzi5Wytdi5oJWAzqDQ) at epoch 0, sequence 189, previous digest Some(CheckpointDigest(FoKmEgswKETz6V55ids9H1oyDBu6GkcfQVkM1CFBQ2cq)), transactions count 1, content digest CheckpointContentsDigest(GmUof5H4wLoLeq18Lcquh6oTXv9WskH9NdJKbNNkawxq), end_of_epoch_data None
[2m2025-03-25T07:54:40.239995Z[0m [32m INFO[0m [1mnode[0m[1m{[0m[3mname[0m[2m=[0mk#addeef94..[1m}[0m[2m:[0m [2msui_core::checkpoints::checkpoint_executor[0m[2m:[0m [2mcrates/sui-core/src/checkpoints/checkpoint_executor/mod.rs[0m[2m:[0m[2m332:[0m Received checkpoint summary from state sync [3msequence_number[0m[2m=[0m186
[2m2025-03-25T07:54:40.242222Z[0m [32m INFO[0m [1mnode[0m[1m{[0m[3mname[0m[2m=[0mk#addeef94..[1m}[0m[2m:[0m [2msui_core::state_accumulator[0m[2m:[0m [2mcrates/sui-core/src/state_accumulator.rs[0m[2m:[0m[2m675:[0m accumulating running root for checkpoint 186
[2m2025-03-25T07:54:40.243076Z[0m [32m INFO[0m [1mnode[0m[1m{[0m[3mname[0m[2m=[0mk#99f25ef6..[1m}[0m[2m:[0m [2msui_core::checkpoints[0m[2m:[0m [2mcrates/sui-core/src/checkpoints/mod.rs[0m[2m:[0m[2m1326:[0m Creating checkpoint(s) for 1 transactions [3mnext_checkpoint_seq[0m[2m=[0m189 [3mcheckpoint_timestamp[0m[2m=[0m1742889279380
[2m2025-03-25T07:54:40.243284Z[0m [32m INFO[0m [1mnode[0m[1m{[0m[3mname[0m[2m=[0mk#99f25ef6..[1m}[0m[2m:[0m [2msui_core::checkpoints::checkpoint_output[0m[2m:[0m [2mcrates/sui-core/src/checkpoints/checkpoint_output.rs[0m[2m:[0m[2m149:[0m Creating checkpoint CheckpointDigest(8r5e3EbYYZ8g66aY5JZKeBxy7Pmzi5Wytdi5oJWAzqDQ) at epoch 0, sequence 189, previous digest Some(CheckpointDigest(FoKmEgswKETz6V55ids9H1oyDBu6GkcfQVkM1CFBQ2cq)), transactions count 1, content digest CheckpointContentsDigest(GmUof5H4wLoLeq18Lcquh6oTXv9WskH9NdJKbNNkawxq), end_of_epoch_data None
[2m2025-03-25T07:54:40.244548Z[0m [32m INFO[0m [1mnode[0m[1m{[0m[3mname[0m[2m=[0mk#addeef94..[1m}[0m[2m:[0m [2mconsensus_core::commit_syncer[0m[2m:[0m [2mconsensus/core/src/commit_syncer.rs[0m[2m:[0m[2m196:[0m Checking to schedule fetches: synced_commit_index=98, highest_handled_index=98, highest_scheduled_index=0, quorum_commit_index=0, unhandled_commits_threshold=3200
[2m2025-03-25T07:54:40.270153Z[0m [32m INFO[0m [1mnode[0m[1m{[0m[3mname[0m[2m=[0mk#99f25ef6..[1m}[0m[2m:[0m [2mconsensus_core::core[0m[2m:[0m [2mconsensus/core/src/core.rs[0m[2m:[0m[2m531:[0m Created block B102(B,UNsNBDDl0i6AlxxYyNTtYxbvqomwN+NAPayC0eGXdcY=)(1742889280269ms;[B101(B,oKaUTwRfVuk7iUaF9v7pm2XzjLixIri9JdusoU+71Xs=), B101(A,MT5tsHmPGW2cqQT86/sxEEedOxObPxxP6nyH8BoiBU0=), B101(C,kRJA2h1zK85bTWJS/v56sFomJAQamNO5O/L4A2Ip/8E=)];3t;1c) for round 102
[2m2025-03-25T07:54:40.270847Z[0m [32m INFO[0m [1mnode[0m[1m{[0m[3mname[0m[2m=[0mk#8dcff6d1..[1m}[0m[2m:[0m [2mconsensus_core::core[0m[2m:[0m [2mconsensus/core/src/core.rs[0m[2m:[0m[2m531:[0m Created block B102(A,1mjv8p3XcVfAJGrjOMSA/89R2Dr2k87xg6gnGfTYCGI=)(1742889280270ms;[B101(A,MT5tsHmPGW2cqQT86/sxEEedOxObPxxP6nyH8BoiBU0=), B101(B,oKaUTwRfVuk7iUaF9v7pm2XzjLixIri9JdusoU+71Xs=), B101(C,kRJA2h1zK85bTWJS/v56sFomJAQamNO5O/L4A2Ip/8E=)];3t;1c) for round 102
[2m2025-03-25T07:54:40.273260Z[0m [32m INFO[0m [1mnode[0m[1m{[0m[3mname[0m[2m=[0mk#addeef94..[1m}[0m[2m:[0m [2mconsensus_core::core[0m[2m:[0m [2mconsensus/core/src/core.rs[0m[2m:[0m[2m531:[0m Created block B102(C,x4perdJWEjA17XCRJ5lhSV+DsS2kb8a8G2EkfkoFQG8=)(1742889280273ms;[B101(C,kRJA2h1zK85bTWJS/v56sFomJAQamNO5O/L4A2Ip/8E=), B101(A,MT5tsHmPGW2cqQT86/sxEEedOxObPxxP6nyH8BoiBU0=), B101(B,oKaUTwRfVuk7iUaF9v7pm2XzjLixIri9JdusoU+71Xs=)];3t;1c) for round 102
[2m2025-03-25T07:54:40.273341Z[0m [32m INFO[0m [1mnode[0m[1m{[0m[3mname[0m[2m=[0mk#addeef94..[1m}[0m[2m:[0m [2mconsensus_core::core[0m[2m:[0m [2mconsensus/core/src/core.rs[0m[2m:[0m[2m630:[0m Committing 1 leaders: B100(A,Cklk)
[2m2025-03-25T07:54:40.273410Z[0m [32m INFO[0m [1mnode[0m[1m{[0m[3mname[0m[2m=[0mk#addeef94..[1m}[0m[2m:[0m [2mconsensus_core::commit_observer[0m[2m:[0m [2mconsensus/core/src/commit_observer.rs[0m[2m:[0m[2m173:[0m Consensus commit C99(7gM3) with leader B100(A,Cklk) has 3 blocks
[2m2025-03-25T07:54:40.273497Z[0m [32m INFO[0m [1mnode[0m[1m{[0m[3mname[0m[2m=[0mk#addeef94..[1m}[0m[2m:[0m [2msui_core::consensus_handler[0m[2m:[0m [2mcrates/sui-core/src/consensus_handler.rs[0m[2m:[0m[2m232:[0m Received consensus output [3mconsensus_commit[0m[2m=[0mCommittedSubDag(leader=B100(A,Cklk), ref=C99(7gM3), blocks=[89hz, 4n0e, Cklk]) [3mepoch[0m[2m=[0m0
[2m2025-03-25T07:54:40.276765Z[0m [32m INFO[0m [1mnode[0m[1m{[0m[3mname[0m[2m=[0mk#8dcff6d1..[1m}[0m[2m:[0m [2mconsensus_core::core[0m[2m:[0m [2mconsensus/core/src/core.rs[0m[2m:[0m[2m630:[0m Committing 1 leaders: B100(A,Cklk)
[2m2025-03-25T07:54:40.276777Z[0m [32m INFO[0m [1mnode[0m[1m{[0m[3mname[0m[2m=[0mk#99f25ef6..[1m}[0m[2m:[0m [2mconsensus_core::core[0m[2m:[0m [2mconsensus/core/src/core.rs[0m[2m:[0m[2m630:[0m Committing 1 leaders: B100(A,Cklk)
[2m2025-03-25T07:54:40.276853Z[0m [32m INFO[0m [1mnode[0m[1m{[0m[3mname[0m[2m=[0mk#8dcff6d1..[1m}[0m[2m:[0m [2mconsensus_core::commit_observer[0m[2m:[0m [2mconsensus/core/src/commit_observer.rs[0m[2m:[0m[2m173:[0m Consensus commit C99(7gM3) with leader B100(A,Cklk) has 3 blocks
[2m2025-03-25T07:54:40.276865Z[0m [32m INFO[0m [1mnode[0m[1m{[0m[3mname[0m[2m=[0mk#99f25ef6..[1m}[0m[2m:[0m [2mconsensus_core::commit_observer[0m[2m:[0m [2mconsensus/core/src/commit_observer.rs[0m[2m:[0m[2m173:[0m Consensus commit C99(7gM3) with leader B100(A,Cklk) has 3 blocks
[2m2025-03-25T07:54:40.276926Z[0m [32m INFO[0m [1mnode[0m[1m{[0m[3mname[0m[2m=[0mk#8dcff6d1..[1m}[0m[2m:[0m [2msui_core::consensus_handler[0m[2m:[0m [2mcrates/sui-core/src/consensus_handler.rs[0m[2m:[0m[2m232:[0m Received consensus output [3mconsensus_commit[0m[2m=[0mCommittedSubDag(leader=B100(A,Cklk), ref=C99(7gM3), blocks=[89hz, 4n0e, Cklk]) [3mepoch[0m[2m=[0m0
[2m2025-03-25T07:54:40.276941Z[0m [32m INFO[0m [1mnode[0m[1m{[0m[3mname[0m[2m=[0mk#99f25ef6..[1m}[0m[2m:[0m [2msui_core::consensus_handler[0m[2m:[0m [2mcrates/sui-core/src/consensus_handler.rs[0m[2m:[0m[2m232:[0m Received consensus output [3mconsensus_commit[0m[2m=[0mCommittedSubDag(leader=B100(A,Cklk), ref=C99(7gM3), blocks=[89hz, 4n0e, Cklk]) [3mepoch[0m[2m=[0m0
[2m2025-03-25T07:54:40.367190Z[0m [32m INFO[0m [1mnode[0m[1m{[0m[3mname[0m[2m=[0mk#8dcff6d1..[1m}[0m[2m:[0m [2msui_core::checkpoints[0m[2m:[0m [2mcrates/sui-core/src/checkpoints/mod.rs[0m[2m:[0m[2m1326:[0m Creating checkpoint(s) for 1 transactions [3mnext_checkpoint_seq[0m[2m=[0m190 [3mcheckpoint_timestamp[0m[2m=[0m1742889279681
[2m2025-03-25T07:54:40.367439Z[0m [32m INFO[0m [1mnode[0m[1m{[0m[3mname[0m[2m=[0mk#8dcff6d1..[1m}[0m[2m:[0m [2msui_core::checkpoints::checkpoint_output[0m[2m:[0m [2mcrates/sui-core/src/checkpoints/checkpoint_output.rs[0m[2m:[0m[2m149:[0m Creating checkpoint CheckpointDigest(B7L5N1hAwFkTF4vy2SEPB2ccYfConPnnuvhy63QgXL8F) at epoch 0, sequence 190, previous digest Some(CheckpointDigest(8r5e3EbYYZ8g66aY5JZKeBxy7Pmzi5Wytdi5oJWAzqDQ)), transactions count 1, content digest CheckpointContentsDigest(6PGibvKvZNxMLmYJtMiT2XynS9EMgqLGG7PCUjEHVdht), end_of_epoch_data None
[2m2025-03-25T07:54:40.367528Z[0m [32m INFO[0m [1mnode[0m[1m{[0m[3mname[0m[2m=[0mk#addeef94..[1m}[0m[2m:[0m [2msui_core::checkpoints[0m[2m:[0m [2mcrates/sui-core/src/checkpoints/mod.rs[0m[2m:[0m[2m1326:[0m Creating checkpoint(s) for 1 transactions [3mnext_checkpoint_seq[0m[2m=[0m190 [3mcheckpoint_timestamp[0m[2m=[0m1742889279681
[2m2025-03-25T07:54:40.367695Z[0m [32m INFO[0m [1mnode[0m[1m{[0m[3mname[0m[2m=[0mk#addeef94..[1m}[0m[2m:[0m [2msui_core::checkpoints::checkpoint_output[0m[2m:[0m [2mcrates/sui-core/src/checkpoints/checkpoint_output.rs[0m[2m:[0m[2m149:[0m Creating checkpoint CheckpointDigest(B7L5N1hAwFkTF4vy2SEPB2ccYfConPnnuvhy63QgXL8F) at epoch 0, sequence 190, previous digest Some(CheckpointDigest(8r5e3EbYYZ8g66aY5JZKeBxy7Pmzi5Wytdi5oJWAzqDQ)), transactions count 1, content digest CheckpointContentsDigest(6PGibvKvZNxMLmYJtMiT2XynS9EMgqLGG7PCUjEHVdht), end_of_epoch_data None
[2m2025-03-25T07:54:40.368200Z[0m [32m INFO[0m [1mnode[0m[1m{[0m[3mname[0m[2m=[0mk#99f25ef6..[1m}[0m[2m:[0m [2msui_core::checkpoints[0m[2m:[0m [2mcrates/sui-core/src/checkpoints/mod.rs[0m[2m:[0m[2m1326:[0m Creating checkpoint(s) for 1 transactions [3mnext_checkpoint_seq[0m[2m=[0m190 [3mcheckpoint_timestamp[0m[2m=[0m1742889279681
[2m2025-03-25T07:54:40.368373Z[0m [32m INFO[0m [1mnode[0m[1m{[0m[3mname[0m[2m=[0mk#99f25ef6..[1m}[0m[2m:[0m [2msui_core::checkpoints::checkpoint_output[0m[2m:[0m [2mcrates/sui-core/src/checkpoints/checkpoint_output.rs[0m[2m:[0m[2m149:[0m Creating checkpoint CheckpointDigest(B7L5N1hAwFkTF4vy2SEPB2ccYfConPnnuvhy63QgXL8F) at epoch 0, sequence 190, previous digest Some(CheckpointDigest(8r5e3EbYYZ8g66aY5JZKeBxy7Pmzi5Wytdi5oJWAzqDQ)), transactions count 1, content digest CheckpointContentsDigest(6PGibvKvZNxMLmYJtMiT2XynS9EMgqLGG7PCUjEHVdht), end_of_epoch_data None
[2m2025-03-25T07:54:40.373566Z[0m [32m INFO[0m [1mnode[0m[1m{[0m[3mname[0m[2m=[0mk#8dcff6d1..[1m}[0m[2m:[0m [2msui_core::checkpoints::checkpoint_output[0m[2m:[0m [2mcrates/sui-core/src/checkpoints/checkpoint_output.rs[0m[2m:[0m[2m196:[0m Certified checkpoint with sequence 187 and digest 2mvxyPtiJRtnfLJdEmricEsacE5ZN6zMJeD2D3Rvy1pu
[2m2025-03-25T07:54:40.373592Z[0m [32m INFO[0m [1mnode[0m[1m{[0m[3mname[0m[2m=[0mk#8dcff6d1..[1m}[0m[2m:[0m [2msui_core::checkpoints::checkpoint_output[0m[2m:[0m [2mcrates/sui-core/src/checkpoints/checkpoint_output.rs[0m[2m:[0m[2m196:[0m Certified checkpoint with sequence 188 and digest FoKmEgswKETz6V55ids9H1oyDBu6GkcfQVkM1CFBQ2cq
[2m2025-03-25T07:54:40.373607Z[0m [32m INFO[0m [1mnode[0m[1m{[0m[3mname[0m[2m=[0mk#8dcff6d1..[1m}[0m[2m:[0m [2msui_core::checkpoints::checkpoint_output[0m[2m:[0m [2mcrates/sui-core/src/checkpoints/checkpoint_output.rs[0m[2m:[0m[2m196:[0m Certified checkpoint with sequence 189 and digest 8r5e3EbYYZ8g66aY5JZKeBxy7Pmzi5Wytdi5oJWAzqDQ
[2m2025-03-25T07:54:40.374130Z[0m [32m INFO[0m [1mnode[0m[1m{[0m[3mname[0m[2m=[0mk#99f25ef6..[1m}[0m[2m:[0m [2msui_core::checkpoints::checkpoint_output[0m[2m:[0m [2mcrates/sui-core/src/checkpoints/checkpoint_output.rs[0m[2m:[0m[2m196:[0m Certified checkpoint with sequence 187 and digest 2mvxyPtiJRtnfLJdEmricEsacE5ZN6zMJeD2D3Rvy1pu
[2m2025-03-25T07:54:40.374149Z[0m [32m INFO[0m [1mnode[0m[1m{[0m[3mname[0m[2m=[0mk#99f25ef6..[1m}[0m[2m:[0m [2msui_core::checkpoints::checkpoint_output[0m[2m:[0m [2mcrates/sui-core/src/checkpoints/checkpoint_output.rs[0m[2m:[0m[2m196:[0m Certified checkpoint with sequence 188 and digest FoKmEgswKETz6V55ids9H1oyDBu6GkcfQVkM1CFBQ2cq
[2m2025-03-25T07:54:40.374165Z[0m [32m INFO[0m [1mnode[0m[1m{[0m[3mname[0m[2m=[0mk#99f25ef6..[1m}[0m[2m:[0m [2msui_core::checkpoints::checkpoint_output[0m[2m:[0m [2mcrates/sui-core/src/checkpoints/checkpoint_output.rs[0m[2m:[0m[2m196:[0m Certified checkpoint with sequence 189 and digest 8r5e3EbYYZ8g66aY5JZKeBxy7Pmzi5Wytdi5oJWAzqDQ
[2m2025-03-25T07:54:40.374800Z[0m [32m INFO[0m [1mnode[0m[1m{[0m[3mname[0m[2m=[0mk#8dcff6d1..[1m}[0m[2m:[0m [2msui_core::checkpoints::checkpoint_executor[0m[2m:[0m [2mcrates/sui-core/src/checkpoints/checkpoint_executor/mod.rs[0m[2m:[0m[2m332:[0m Received checkpoint summary from state sync [3msequence_number[0m[2m=[0m187
[2m2025-03-25T07:54:40.374973Z[0m [32m INFO[0m [1mnode[0m[1m{[0m[3mname[0m[2m=[0mk#8dcff6d1..[1m}[0m[2m:[0m [2msui_core::checkpoints::checkpoint_executor[0m[2m:[0m [2mcrates/sui-core/src/checkpoints/checkpoint_executor/mod.rs[0m[2m:[0m[2m332:[0m Received checkpoint summary from state sync [3msequence_number[0m[2m=[0m188
[2m2025-03-25T07:54:40.375014Z[0m [32m INFO[0m [1mnode[0m[1m{[0m[3mname[0m[2m=[0mk#8dcff6d1..[1m}[0m[2m:[0m [2msui_core::checkpoints::checkpoint_executor[0m[2m:[0m [2mcrates/sui-core/src/checkpoints/checkpoint_executor/mod.rs[0m[2m:[0m[2m332:[0m Received checkpoint summary from state sync [3msequence_number[0m[2m=[0m189
[2m2025-03-25T07:54:40.375336Z[0m [32m INFO[0m [1mnode[0m[1m{[0m[3mname[0m[2m=[0mk#99f25ef6..[1m}[0m[2m:[0m [2msui_core::checkpoints::checkpoint_executor[0m[2m:[0m [2mcrates/sui-core/src/checkpoints/checkpoint_executor/mod.rs[0m[2m:[0m[2m332:[0m Received checkpoint summary from state sync [3msequence_number[0m[2m=[0m187
[2m2025-03-25T07:54:40.375490Z[0m [32m INFO[0m [1mnode[0m[1m{[0m[3mname[0m[2m=[0mk#99f25ef6..[1m}[0m[2m:[0m [2msui_core::checkpoints::checkpoint_executor[0m[2m:[0m [2mcrates/sui-core/src/checkpoints/checkpoint_executor/mod.rs[0m[2m:[0m[2m332:[0m Received checkpoint summary from state sync [3msequence_number[0m[2m=[0m188
[2m2025-03-25T07:54:40.375531Z[0m [32m INFO[0m [1mnode[0m[1m{[0m[3mname[0m[2m=[0mk#99f25ef6..[1m}[0m[2m:[0m [2msui_core::checkpoints::checkpoint_executor[0m[2m:[0m [2mcrates/sui-core/src/checkpoints/checkpoint_executor/mod.rs[0m[2m:[0m[2m332:[0m Received checkpoint summary from state sync [3msequence_number[0m[2m=[0m189
[2m2025-03-25T07:54:40.377830Z[0m [32m INFO[0m [1mnode[0m[1m{[0m[3mname[0m[2m=[0mk#8dcff6d1..[1m}[0m[2m:[0m [2msui_core::state_accumulator[0m[2m:[0m [2mcrates/sui-core/src/state_accumulator.rs[0m[2m:[0m[2m675:[0m accumulating running root for checkpoint 187
[2m2025-03-25T07:54:40.378103Z[0m [32m INFO[0m [1mnode[0m[1m{[0m[3mname[0m[2m=[0mk#99f25ef6..[1m}[0m[2m:[0m [2msui_core::state_accumulator[0m[2m:[0m [2mcrates/sui-core/src/state_accumulator.rs[0m[2m:[0m[2m675:[0m accumulating running root for checkpoint 187
[2m2025-03-25T07:54:40.378226Z[0m [32m INFO[0m [1mnode[0m[1m{[0m[3mname[0m[2m=[0mk#8dcff6d1..[1m}[0m[2m:[0m [2msui_core::state_accumulator[0m[2m:[0m [2mcrates/sui-core/src/state_accumulator.rs[0m[2m:[0m[2m675:[0m accumulating running root for checkpoint 188
[2m2025-03-25T07:54:40.378480Z[0m [32m INFO[0m [1mnode[0m[1m{[0m[3mname[0m[2m=[0mk#99f25ef6..[1m}[0m[2m:[0m [2msui_core::state_accumulator[0m[2m:[0m [2mcrates/sui-core/src/state_accumulator.rs[0m[2m:[0m[2m675:[0m accumulating running root for checkpoint 188
[2m2025-03-25T07:54:40.378633Z[0m [32m INFO[0m [1mnode[0m[1m{[0m[3mname[0m[2m=[0mk#8dcff6d1..[1m}[0m[2m:[0m [2msui_core::state_accumulator[0m[2m:[0m [2mcrates/sui-core/src/state_accumulator.rs[0m[2m:[0m[2m675:[0m accumulating running root for checkpoint 189
[2m2025-03-25T07:54:40.378885Z[0m [32m INFO[0m [1mnode[0m[1m{[0m[3mname[0m[2m=[0mk#99f25ef6..[1m}[0m[2m:[0m [2msui_core::state_accumulator[0m[2m:[0m [2mcrates/sui-core/src/state_accumulator.rs[0m[2m:[0m[2m675:[0m accumulating running root for checkpoint 189
[2m2025-03-25T07:54:40.391521Z[0m [32m INFO[0m [1mnode[0m[1m{[0m[3mname[0m[2m=[0mk#b3f3cbb4..[1m}[0m[2m:[0m [2msui_core::state_accumulator[0m[2m:[0m [2mcrates/sui-core/src/state_accumulator.rs[0m[2m:[0m[2m675:[0m accumulating running root for checkpoint 185
[2m2025-03-25T07:54:40.469881Z[0m [32m INFO[0m [1mnode[0m[1m{[0m[3mname[0m[2m=[0mk#addeef94..[1m}[0m[2m:[0m [2msui_core::checkpoints[0m[2m:[0m [2mcrates/sui-core/src/checkpoints/mod.rs[0m[2m:[0m[2m1326:[0m Creating checkpoint(s) for 1 transactions [3mnext_checkpoint_seq[0m[2m=[0m191 [3mcheckpoint_timestamp[0m[2m=[0m1742889279681
[2m2025-03-25T07:54:40.470134Z[0m [32m INFO[0m [1mnode[0m[1m{[0m[3mname[0m[2m=[0mk#addeef94..[1m}[0m[2m:[0m [2msui_core::checkpoints::checkpoint_output[0m[2m:[0m [2mcrates/sui-core/src/checkpoints/checkpoint_output.rs[0m[2m:[0m[2m149:[0m Creating checkpoint CheckpointDigest(HiMNoYzDr5X6Ce7tkEVBFrwSKeGVzYN3G6JcwTXimrHB) at epoch 0, sequence 191, previous digest Some(CheckpointDigest(B7L5N1hAwFkTF4vy2SEPB2ccYfConPnnuvhy63QgXL8F)), transactions count 1, content digest CheckpointContentsDigest(CsNyk8JnWYJVP5sYGHTeL86XDyfKoEtCMBXCJsR8m5pj), end_of_epoch_data None
[2m2025-03-25T07:54:40.472141Z[0m [32m INFO[0m [1mnode[0m[1m{[0m[3mname[0m[2m=[0mk#b3f3cbb4..[1m}[0m[2m:[0m [2msui_core::state_accumulator[0m[2m:[0m [2mcrates/sui-core/src/state_accumulator.rs[0m[2m:[0m[2m675:[0m accumulating running root for checkpoint 186
[2m2025-03-25T07:54:40.483410Z[0m [32m INFO[0m [1mnode[0m[1m{[0m[3mname[0m[2m=[0mk#addeef94..[1m}[0m[2m:[0m [2msui_core::checkpoints::checkpoint_executor[0m[2m:[0m [2mcrates/sui-core/src/checkpoints/checkpoint_executor/mod.rs[0m[2m:[0m[2m332:[0m Received checkpoint summary from state sync [3msequence_number[0m[2m=[0m187
[2m2025-03-25T07:54:40.483569Z[0m [32m INFO[0m [1mnode[0m[1m{[0m[3mname[0m[2m=[0mk#addeef94..[1m}[0m[2m:[0m [2msui_core::checkpoints::checkpoint_executor[0m[2m:[0m [2mcrates/sui-core/src/checkpoints/checkpoint_executor/mod.rs[0m[2m:[0m[2m332:[0m Received checkpoint summary from state sync [3msequence_number[0m[2m=[0m188
[2m2025-03-25T07:54:40.483609Z[0m [32m INFO[0m [1mnode[0m[1m{[0m[3mname[0m[2m=[0mk#addeef94..[1m}[0m[2m:[0m [2msui_core::checkpoints::checkpoint_executor[0m[2m:[0m [2mcrates/sui-core/src/checkpoints/checkpoint_executor/mod.rs[0m[2m:[0m[2m332:[0m Received checkpoint summary from state sync [3msequence_number[0m[2m=[0m189
[2m2025-03-25T07:54:40.485232Z[0m [32m INFO[0m [1mnode[0m[1m{[0m[3mname[0m[2m=[0mk#addeef94..[1m}[0m[2m:[0m [2msui_core::state_accumulator[0m[2m:[0m [2mcrates/sui-core/src/state_accumulator.rs[0m[2m:[0m[2m675:[0m accumulating running root for checkpoint 187
[2m2025-03-25T07:54:40.485607Z[0m [32m INFO[0m [1mnode[0m[1m{[0m[3mname[0m[2m=[0mk#addeef94..[1m}[0m[2m:[0m [2msui_core::state_accumulator[0m[2m:[0m [2mcrates/sui-core/src/state_accumulator.rs[0m[2m:[0m[2m675:[0m accumulating running root for checkpoint 188
[2m2025-03-25T07:54:40.486004Z[0m [32m INFO[0m [1mnode[0m[1m{[0m[3mname[0m[2m=[0mk#addeef94..[1m}[0m[2m:[0m [2msui_core::state_accumulator[0m[2m:[0m [2mcrates/sui-core/src/state_accumulator.rs[0m[2m:[0m[2m675:[0m accumulating running root for checkpoint 189
[2m2025-03-25T07:54:40.490389Z[0m [32m INFO[0m [1mnode[0m[1m{[0m[3mname[0m[2m=[0mk#8dcff6d1..[1m}[0m[2m:[0m [2msui_core::checkpoints[0m[2m:[0m [2mcrates/sui-core/src/checkpoints/mod.rs[0m[2m:[0m[2m1326:[0m Creating checkpoint(s) for 1 transactions [3mnext_checkpoint_seq[0m[2m=[0m191 [3mcheckpoint_timestamp[0m[2m=[0m1742889279681
[2m2025-03-25T07:54:40.490612Z[0m [32m INFO[0m [1mnode[0m[1m{[0m[3mname[0m[2m=[0mk#8dcff6d1..[1m}[0m[2m:[0m [2msui_core::checkpoints::checkpoint_output[0m[2m:[0m [2mcrates/sui-core/src/checkpoints/checkpoint_output.rs[0m[2m:[0m[2m149:[0m Creating checkpoint CheckpointDigest(HiMNoYzDr5X6Ce7tkEVBFrwSKeGVzYN3G6JcwTXimrHB) at epoch 0, sequence 191, previous digest Some(CheckpointDigest(B7L5N1hAwFkTF4vy2SEPB2ccYfConPnnuvhy63QgXL8F)), transactions count 1, content digest CheckpointContentsDigest(CsNyk8JnWYJVP5sYGHTeL86XDyfKoEtCMBXCJsR8m5pj), end_of_epoch_data None
[2m2025-03-25T07:54:40.490741Z[0m [32m INFO[0m [1mnode[0m[1m{[0m[3mname[0m[2m=[0mk#99f25ef6..[1m}[0m[2m:[0m [2msui_core::checkpoints[0m[2m:[0m [2mcrates/sui-core/src/checkpoints/mod.rs[0m[2m:[0m[2m1326:[0m Creating checkpoint(s) for 1 transactions [3mnext_checkpoint_seq[0m[2m=[0m191 [3mcheckpoint_timestamp[0m[2m=[0m1742889279681
[2m2025-03-25T07:54:40.490917Z[0m [32m INFO[0m [1mnode[0m[1m{[0m[3mname[0m[2m=[0mk#99f25ef6..[1m}[0m[2m:[0m [2msui_core::checkpoints::checkpoint_output[0m[2m:[0m [2mcrates/sui-core/src/checkpoints/checkpoint_output.rs[0m[2m:[0m[2m149:[0m Creating checkpoint CheckpointDigest(HiMNoYzDr5X6Ce7tkEVBFrwSKeGVzYN3G6JcwTXimrHB) at epoch 0, sequence 191, previous digest Some(CheckpointDigest(B7L5N1hAwFkTF4vy2SEPB2ccYfConPnnuvhy63QgXL8F)), transactions count 1, content digest CheckpointContentsDigest(CsNyk8JnWYJVP5sYGHTeL86XDyfKoEtCMBXCJsR8m5pj), end_of_epoch_data None
[2m2025-03-25T07:54:40.493438Z[0m [32m INFO[0m [1mnode[0m[1m{[0m[3mname[0m[2m=[0mk#8dcff6d1..[1m}[0m[2m:[0m [2mconsensus_core::commit_syncer[0m[2m:[0m [2mconsensus/core/src/commit_syncer.rs[0m[2m:[0m[2m196:[0m Checking to schedule fetches: synced_commit_index=99, highest_handled_index=99, highest_scheduled_index=0, quorum_commit_index=98, unhandled_commits_threshold=3200
[2m2025-03-25T07:54:40.494925Z[0m [32m INFO[0m [1mnode[0m[1m{[0m[3mname[0m[2m=[0mk#b3f3cbb4..[1m}[0m[2m:[0m [2msui_core::checkpoints::checkpoint_executor[0m[2m:[0m [2mcrates/sui-core/src/checkpoints/checkpoint_executor/mod.rs[0m[2m:[0m[2m332:[0m Received checkpoint summary from state sync [3msequence_number[0m[2m=[0m187
[2m2025-03-25T07:54:40.495098Z[0m [32m INFO[0m [1mnode[0m[1m{[0m[3mname[0m[2m=[0mk#b3f3cbb4..[1m}[0m[2m:[0m [2msui_core::checkpoints::checkpoint_executor[0m[2m:[0m [2mcrates/sui-core/src/checkpoints/checkpoint_executor/mod.rs[0m[2m:[0m[2m332:[0m Received checkpoint summary from state sync [3msequence_number[0m[2m=[0m188
[2m2025-03-25T07:54:40.495141Z[0m [32m INFO[0m [1mnode[0m[1m{[0m[3mname[0m[2m=[0mk#b3f3cbb4..[1m}[0m[2m:[0m [2msui_core::checkpoints::checkpoint_executor[0m[2m:[0m [2mcrates/sui-core/src/checkpoints/checkpoint_executor/mod.rs[0m[2m:[0m[2m332:[0m Received checkpoint summary from state sync [3msequence_number[0m[2m=[0m189
[2m2025-03-25T07:54:40.526148Z[0m [32m INFO[0m [1mnode[0m[1m{[0m[3mname[0m[2m=[0mk#addeef94..[1m}[0m[2m:[0m [2mconsensus_core::core[0m[2m:[0m [2mconsensus/core/src/core.rs[0m[2m:[0m[2m531:[0m Created block B103(C,uhId6wkDvsLW/SviGsHyWr4iszyDtMuOk3ChgzKszmM=)(1742889280525ms;[B102(C,x4perdJWEjA17XCRJ5lhSV+DsS2kb8a8G2EkfkoFQG8=), B102(A,1mjv8p3XcVfAJGrjOMSA/89R2Dr2k87xg6gnGfTYCGI=), B102(B,UNsNBDDl0i6AlxxYyNTtYxbvqomwN+NAPayC0eGXdcY=)];2t;1c) for round 103
[2m2025-03-25T07:54:40.528855Z[0m [32m INFO[0m [1mnode[0m[1m{[0m[3mname[0m[2m=[0mk#8dcff6d1..[1m}[0m[2m:[0m [2mconsensus_core::core[0m[2m:[0m [2mconsensus/core/src/core.rs[0m[2m:[0m[2m531:[0m Created block B103(A,XDrEYxrSoDNnWSlAKzzIVa3rTcZN+jKSlAC20tg/PPE=)(1742889280528ms;[B102(A,1mjv8p3XcVfAJGrjOMSA/89R2Dr2k87xg6gnGfTYCGI=), B102(B,UNsNBDDl0i6AlxxYyNTtYxbvqomwN+NAPayC0eGXdcY=), B102(C,x4perdJWEjA17XCRJ5lhSV+DsS2kb8a8G2EkfkoFQG8=)];2t;1c) for round 103
[2m2025-03-25T07:54:40.528854Z[0m [32m INFO[0m [1mnode[0m[1m{[0m[3mname[0m[2m=[0mk#99f25ef6..[1m}[0m[2m:[0m [2mconsensus_core::core[0m[2m:[0m [2mconsensus/core/src/core.rs[0m[2m:[0m[2m531:[0m Created block B103(B,dBbcXWtKYhzukD/+29FAv8cagMOmph6RfG3mEW+iRWk=)(1742889280528ms;[B102(B,UNsNBDDl0i6AlxxYyNTtYxbvqomwN+NAPayC0eGXdcY=), B102(A,1mjv8p3XcVfAJGrjOMSA/89R2Dr2k87xg6gnGfTYCGI=), B102(C,x4perdJWEjA17XCRJ5lhSV+DsS2kb8a8G2EkfkoFQG8=)];2t;1c) for round 103
[2m2025-03-25T07:54:40.528941Z[0m [32m INFO[0m [1mnode[0m[1m{[0m[3mname[0m[2m=[0mk#99f25ef6..[1m}[0m[2m:[0m [2mconsensus_core::core[0m[2m:[0m [2mconsensus/core/src/core.rs[0m[2m:[0m[2m630:[0m Committing 1 leaders: B101(B,oKaU)
[2m2025-03-25T07:54:40.528941Z[0m [32m INFO[0m [1mnode[0m[1m{[0m[3mname[0m[2m=[0mk#8dcff6d1..[1m}[0m[2m:[0m [2mconsensus_core::core[0m[2m:[0m [2mconsensus/core/src/core.rs[0m[2m:[0m[2m630:[0m Committing 1 leaders: B101(B,oKaU)
[2m2025-03-25T07:54:40.529012Z[0m [32m INFO[0m [1mnode[0m[1m{[0m[3mname[0m[2m=[0mk#99f25ef6..[1m}[0m[2m:[0m [2mconsensus_core::commit_observer[0m[2m:[0m [2mconsensus/core/src/commit_observer.rs[0m[2m:[0m[2m173:[0m Consensus commit C100(sN1I) with leader B101(B,oKaU) has 3 blocks
[2m2025-03-25T07:54:40.529012Z[0m [32m INFO[0m [1mnode[0m[1m{[0m[3mname[0m[2m=[0mk#8dcff6d1..[1m}[0m[2m:[0m [2mconsensus_core::commit_observer[0m[2m:[0m [2mconsensus/core/src/commit_observer.rs[0m[2m:[0m[2m173:[0m Consensus commit C100(sN1I) with leader B101(B,oKaU) has 3 blocks
[2m2025-03-25T07:54:40.529104Z[0m [32m INFO[0m [1mnode[0m[1m{[0m[3mname[0m[2m=[0mk#8dcff6d1..[1m}[0m[2m:[0m [2msui_core::consensus_handler[0m[2m:[0m [2mcrates/sui-core/src/consensus_handler.rs[0m[2m:[0m[2m232:[0m Received consensus output [3mconsensus_commit[0m[2m=[0mCommittedSubDag(leader=B101(B,oKaU), ref=C100(sN1I), blocks=[afXd, eoUm, oKaU]) [3mepoch[0m[2m=[0m0
[2m2025-03-25T07:54:40.529104Z[0m [32m INFO[0m [1mnode[0m[1m{[0m[3mname[0m[2m=[0mk#99f25ef6..[1m}[0m[2m:[0m [2msui_core::consensus_handler[0m[2m:[0m [2mcrates/sui-core/src/consensus_handler.rs[0m[2m:[0m[2m232:[0m Received consensus output [3mconsensus_commit[0m[2m=[0mCommittedSubDag(leader=B101(B,oKaU), ref=C100(sN1I), blocks=[afXd, eoUm, oKaU]) [3mepoch[0m[2m=[0m0
[2m2025-03-25T07:54:40.531987Z[0m [32m INFO[0m [1mnode[0m[1m{[0m[3mname[0m[2m=[0mk#addeef94..[1m}[0m[2m:[0m [2mconsensus_core::core[0m[2m:[0m [2mconsensus/core/src/core.rs[0m[2m:[0m[2m630:[0m Committing 1 leaders: B101(B,oKaU)
[2m2025-03-25T07:54:40.532077Z[0m [32m INFO[0m [1mnode[0m[1m{[0m[3mname[0m[2m=[0mk#addeef94..[1m}[0m[2m:[0m [2mconsensus_core::commit_observer[0m[2m:[0m [2mconsensus/core/src/commit_observer.rs[0m[2m:[0m[2m173:[0m Consensus commit C100(sN1I) with leader B101(B,oKaU) has 3 blocks
[2m2025-03-25T07:54:40.532150Z[0m [32m INFO[0m [1mnode[0m[1m{[0m[3mname[0m[2m=[0mk#addeef94..[1m}[0m[2m:[0m [2msui_core::consensus_handler[0m[2m:[0m [2mcrates/sui-core/src/consensus_handler.rs[0m[2m:[0m[2m232:[0m Received consensus output [3mconsensus_commit[0m[2m=[0mCommittedSubDag(leader=B101(B,oKaU), ref=C100(sN1I), blocks=[afXd, eoUm, oKaU]) [3mepoch[0m[2m=[0m0
[2m2025-03-25T07:54:40.585236Z[0m [32m INFO[0m [1mnode[0m[1m{[0m[3mname[0m[2m=[0mk#b3f3cbb4..[1m}[0m[2m:[0m [2msui_core::state_accumulator[0m[2m:[0m [2mcrates/sui-core/src/state_accumulator.rs[0m[2m:[0m[2m675:[0m accumulating running root for checkpoint 187
[2m2025-03-25T07:54:40.585664Z[0m [32m INFO[0m [1mnode[0m[1m{[0m[3mname[0m[2m=[0mk#b3f3cbb4..[1m}[0m[2m:[0m [2msui_core::state_accumulator[0m[2m:[0m [2mcrates/sui-core/src/state_accumulator.rs[0m[2m:[0m[2m675:[0m accumulating running root for checkpoint 188
[2m2025-03-25T07:54:40.627987Z[0m [32m INFO[0m [1mnode[0m[1m{[0m[3mname[0m[2m=[0mk#addeef94..[1m}[0m[2m:[0m [2msui_core::checkpoints[0m[2m:[0m [2mcrates/sui-core/src/checkpoints/mod.rs[0m[2m:[0m[2m1326:[0m Creating checkpoint(s) for 1 transactions [3mnext_checkpoint_seq[0m[2m=[0m192 [3mcheckpoint_timestamp[0m[2m=[0m1742889280017
[2m2025-03-25T07:54:40.627987Z[0m [32m INFO[0m [1mnode[0m[1m{[0m[3mname[0m[2m=[0mk#8dcff6d1..[1m}[0m[2m:[0m [2msui_core::checkpoints[0m[2m:[0m [2mcrates/sui-core/src/checkpoints/mod.rs[0m[2m:[0m[2m1326:[0m Creating checkpoint(s) for 1 transactions [3mnext_checkpoint_seq[0m[2m=[0m192 [3mcheckpoint_timestamp[0m[2m=[0m1742889280017
[2m2025-03-25T07:54:40.628229Z[0m [32m INFO[0m [1mnode[0m[1m{[0m[3mname[0m[2m=[0mk#addeef94..[1m}[0m[2m:[0m [2msui_core::checkpoints::checkpoint_output[0m[2m:[0m [2mcrates/sui-core/src/checkpoints/checkpoint_output.rs[0m[2m:[0m[2m149:[0m Creating checkpoint CheckpointDigest(D8aXCsFntamJy6tKD4uS8NmjkjZdJbb7TdKDR3SsQ1vc) at epoch 0, sequence 192, previous digest Some(CheckpointDigest(HiMNoYzDr5X6Ce7tkEVBFrwSKeGVzYN3G6JcwTXimrHB)), transactions count 1, content digest CheckpointContentsDigest(4FGBkB8tpEWs1LxtKGN1qYDcLMH1kHX7MsDiRpnp49sf), end_of_epoch_data None
[2m2025-03-25T07:54:40.628229Z[0m [32m INFO[0m [1mnode[0m[1m{[0m[3mname[0m[2m=[0mk#8dcff6d1..[1m}[0m[2m:[0m [2msui_core::checkpoints::checkpoint_output[0m[2m:[0m [2mcrates/sui-core/src/checkpoints/checkpoint_output.rs[0m[2m:[0m[2m149:[0m Creating checkpoint CheckpointDigest(D8aXCsFntamJy6tKD4uS8NmjkjZdJbb7TdKDR3SsQ1vc) at epoch 0, sequence 192, previous digest Some(CheckpointDigest(HiMNoYzDr5X6Ce7tkEVBFrwSKeGVzYN3G6JcwTXimrHB)), transactions count 1, content digest CheckpointContentsDigest(4FGBkB8tpEWs1LxtKGN1qYDcLMH1kHX7MsDiRpnp49sf), end_of_epoch_data None
[2m2025-03-25T07:54:40.629347Z[0m [32m INFO[0m [1mnode[0m[1m{[0m[3mname[0m[2m=[0mk#99f25ef6..[1m}[0m[2m:[0m [2msui_core::checkpoints[0m[2m:[0m [2mcrates/sui-core/src/checkpoints/mod.rs[0m[2m:[0m[2m1326:[0m Creating checkpoint(s) for 1 transactions [3mnext_checkpoint_seq[0m[2m=[0m192 [3mcheckpoint_timestamp[0m[2m=[0m1742889280017
[2m2025-03-25T07:54:40.629513Z[0m [32m INFO[0m [1mnode[0m[1m{[0m[3mname[0m[2m=[0mk#99f25ef6..[1m}[0m[2m:[0m [2msui_core::checkpoints::checkpoint_output[0m[2m:[0m [2mcrates/sui-core/src/checkpoints/checkpoint_output.rs[0m[2m:[0m[2m149:[0m Creating checkpoint CheckpointDigest(D8aXCsFntamJy6tKD4uS8NmjkjZdJbb7TdKDR3SsQ1vc) at epoch 0, sequence 192, previous digest Some(CheckpointDigest(HiMNoYzDr5X6Ce7tkEVBFrwSKeGVzYN3G6JcwTXimrHB)), transactions count 1, content digest CheckpointContentsDigest(4FGBkB8tpEWs1LxtKGN1qYDcLMH1kHX7MsDiRpnp49sf), end_of_epoch_data None
[2m2025-03-25T07:54:40.632918Z[0m [32m INFO[0m [1mnode[0m[1m{[0m[3mname[0m[2m=[0mk#8dcff6d1..[1m}[0m[2m:[0m [2msui_core::checkpoints::checkpoint_output[0m[2m:[0m [2mcrates/sui-core/src/checkpoints/checkpoint_output.rs[0m[2m:[0m[2m196:[0m Certified checkpoint with sequence 190 and digest B7L5N1hAwFkTF4vy2SEPB2ccYfConPnnuvhy63QgXL8F
[2m2025-03-25T07:54:40.632942Z[0m [32m INFO[0m [1mnode[0m[1m{[0m[3mname[0m[2m=[0mk#8dcff6d1..[1m}[0m[2m:[0m [2msui_core::checkpoints::checkpoint_output[0m[2m:[0m [2mcrates/sui-core/src/checkpoints/checkpoint_output.rs[0m[2m:[0m[2m196:[0m Certified checkpoint with sequence 191 and digest HiMNoYzDr5X6Ce7tkEVBFrwSKeGVzYN3G6JcwTXimrHB
[2m2025-03-25T07:54:40.633859Z[0m [32m INFO[0m [1mnode[0m[1m{[0m[3mname[0m[2m=[0mk#8dcff6d1..[1m}[0m[2m:[0m [2msui_core::checkpoints::checkpoint_executor[0m[2m:[0m [2mcrates/sui-core/src/checkpoints/checkpoint_executor/mod.rs[0m[2m:[0m[2m332:[0m Received checkpoint summary from state sync [3msequence_number[0m[2m=[0m190
[2m2025-03-25T07:54:40.633998Z[0m [32m INFO[0m [1mnode[0m[1m{[0m[3mname[0m[2m=[0mk#8dcff6d1..[1m}[0m[2m:[0m [2msui_core::checkpoints::checkpoint_executor[0m[2m:[0m [2mcrates/sui-core/src/checkpoints/checkpoint_executor/mod.rs[0m[2m:[0m[2m332:[0m Received checkpoint summary from state sync [3msequence_number[0m[2m=[0m191
[2m2025-03-25T07:54:40.635941Z[0m [32m INFO[0m [1mnode[0m[1m{[0m[3mname[0m[2m=[0mk#8dcff6d1..[1m}[0m[2m:[0m [2msui_core::state_accumulator[0m[2m:[0m [2mcrates/sui-core/src/state_accumulator.rs[0m[2m:[0m[2m675:[0m accumulating running root for checkpoint 190
[2m2025-03-25T07:54:40.635968Z[0m [32m INFO[0m [1mnode[0m[1m{[0m[3mname[0m[2m=[0mk#99f25ef6..[1m}[0m[2m:[0m [2msui_core::checkpoints::checkpoint_output[0m[2m:[0m [2mcrates/sui-core/src/checkpoints/checkpoint_output.rs[0m[2m:[0m[2m196:[0m Certified checkpoint with sequence 190 and digest B7L5N1hAwFkTF4vy2SEPB2ccYfConPnnuvhy63QgXL8F
[2m2025-03-25T07:54:40.635988Z[0m [32m INFO[0m [1mnode[0m[1m{[0m[3mname[0m[2m=[0mk#99f25ef6..[1m}[0m[2m:[0m [2msui_core::checkpoints::checkpoint_output[0m[2m:[0m [2mcrates/sui-core/src/checkpoints/checkpoint_output.rs[0m[2m:[0m[2m196:[0m Certified checkpoint with sequence 191 and digest HiMNoYzDr5X6Ce7tkEVBFrwSKeGVzYN3G6JcwTXimrHB
[2m2025-03-25T07:54:40.636394Z[0m [32m INFO[0m [1mnode[0m[1m{[0m[3mname[0m[2m=[0mk#8dcff6d1..[1m}[0m[2m:[0m [2msui_core::state_accumulator[0m[2m:[0m [2mcrates/sui-core/src/state_accumulator.rs[0m[2m:[0m[2m675:[0m accumulating running root for checkpoint 191
[2m2025-03-25T07:54:40.636901Z[0m [32m INFO[0m [1mnode[0m[1m{[0m[3mname[0m[2m=[0mk#99f25ef6..[1m}[0m[2m:[0m [2msui_core::checkpoints::checkpoint_executor[0m[2m:[0m [2mcrates/sui-core/src/checkpoints/checkpoint_executor/mod.rs[0m[2m:[0m[2m332:[0m Received checkpoint summary from state sync [3msequence_number[0m[2m=[0m190
[2m2025-03-25T07:54:40.637021Z[0m [32m INFO[0m [1mnode[0m[1m{[0m[3mname[0m[2m=[0mk#99f25ef6..[1m}[0m[2m:[0m [2msui_core::checkpoints::checkpoint_executor[0m[2m:[0m [2mcrates/sui-core/src/checkpoints/checkpoint_executor/mod.rs[0m[2m:[0m[2m332:[0m Received checkpoint summary from state sync [3msequence_number[0m[2m=[0m191
[2m2025-03-25T07:54:40.638912Z[0m [32m INFO[0m [1mnode[0m[1m{[0m[3mname[0m[2m=[0mk#99f25ef6..[1m}[0m[2m:[0m [2msui_core::state_accumulator[0m[2m:[0m [2mcrates/sui-core/src/state_accumulator.rs[0m[2m:[0m[2m675:[0m accumulating running root for checkpoint 190
[2m2025-03-25T07:54:40.639329Z[0m [32m INFO[0m [1mnode[0m[1m{[0m[3mname[0m[2m=[0mk#99f25ef6..[1m}[0m[2m:[0m [2msui_core::state_accumulator[0m[2m:[0m [2mcrates/sui-core/src/state_accumulator.rs[0m[2m:[0m[2m675:[0m accumulating running root for checkpoint 191
[2m2025-03-25T07:54:40.650000Z[0m [32m INFO[0m [1mnode[0m[1m{[0m[3mname[0m[2m=[0mk#b3f3cbb4..[1m}[0m[2m:[0m [2msui_core::state_accumulator[0m[2m:[0m [2mcrates/sui-core/src/state_accumulator.rs[0m[2m:[0m[2m675:[0m accumulating running root for checkpoint 189
[2m2025-03-25T07:54:40.731705Z[0m [32m INFO[0m [1mnode[0m[1m{[0m[3mname[0m[2m=[0mk#addeef94..[1m}[0m[2m:[0m [2msui_core::checkpoints[0m[2m:[0m [2mcrates/sui-core/src/checkpoints/mod.rs[0m[2m:[0m[2m1326:[0m Creating checkpoint(s) for 1 transactions [3mnext_checkpoint_seq[0m[2m=[0m193 [3mcheckpoint_timestamp[0m[2m=[0m1742889280017
[2m2025-03-25T07:54:40.731954Z[0m [32m INFO[0m [1mnode[0m[1m{[0m[3mname[0m[2m=[0mk#addeef94..[1m}[0m[2m:[0m [2msui_core::checkpoints::checkpoint_output[0m[2m:[0m [2mcrates/sui-core/src/checkpoints/checkpoint_output.rs[0m[2m:[0m[2m149:[0m Creating checkpoint CheckpointDigest(EeNtTCYetFTpdnyPVthtXVmQ2uQDry9ViM85Eeebo3nh) at epoch 0, sequence 193, previous digest Some(CheckpointDigest(D8aXCsFntamJy6tKD4uS8NmjkjZdJbb7TdKDR3SsQ1vc)), transactions count 1, content digest CheckpointContentsDigest(DrVba3fX9FixWZRpHJcMgHNpCM2inVR7LUqHVWsmysok), end_of_epoch_data None
[2m2025-03-25T07:54:40.743217Z[0m [32m INFO[0m [1mnode[0m[1m{[0m[3mname[0m[2m=[0mk#addeef94..[1m}[0m[2m:[0m [2msui_core::checkpoints::checkpoint_executor[0m[2m:[0m [2mcrates/sui-core/src/checkpoints/checkpoint_executor/mod.rs[0m[2m:[0m[2m332:[0m Received checkpoint summary from state sync [3msequence_number[0m[2m=[0m190
[2m2025-03-25T07:54:40.743277Z[0m [32m INFO[0m [1mnode[0m[1m{[0m[3mname[0m[2m=[0mk#8dcff6d1..[1m}[0m[2m:[0m [2msui_core::checkpoints[0m[2m:[0m [2mcrates/sui-core/src/checkpoints/mod.rs[0m[2m:[0m[2m1326:[0m Creating checkpoint(s) for 1 transactions [3mnext_checkpoint_seq[0m[2m=[0m193 [3mcheckpoint_timestamp[0m[2m=[0m1742889280017
[2m2025-03-25T07:54:40.743352Z[0m [32m INFO[0m [1mnode[0m[1m{[0m[3mname[0m[2m=[0mk#addeef94..[1m}[0m[2m:[0m [2msui_core::checkpoints::checkpoint_executor[0m[2m:[0m [2mcrates/sui-core/src/checkpoints/checkpoint_executor/mod.rs[0m[2m:[0m[2m332:[0m Received checkpoint summary from state sync [3msequence_number[0m[2m=[0m191
[2m2025-03-25T07:54:40.743475Z[0m [32m INFO[0m [1mnode[0m[1m{[0m[3mname[0m[2m=[0mk#8dcff6d1..[1m}[0m[2m:[0m [2msui_core::checkpoints::checkpoint_output[0m[2m:[0m [2mcrates/sui-core/src/checkpoints/checkpoint_output.rs[0m[2m:[0m[2m149:[0m Creating checkpoint CheckpointDigest(EeNtTCYetFTpdnyPVthtXVmQ2uQDry9ViM85Eeebo3nh) at epoch 0, sequence 193, previous digest Some(CheckpointDigest(D8aXCsFntamJy6tKD4uS8NmjkjZdJbb7TdKDR3SsQ1vc)), transactions count 1, content digest CheckpointContentsDigest(DrVba3fX9FixWZRpHJcMgHNpCM2inVR7LUqHVWsmysok), end_of_epoch_data None
[2m2025-03-25T07:54:40.744579Z[0m [32m INFO[0m [1mnode[0m[1m{[0m[3mname[0m[2m=[0mk#addeef94..[1m}[0m[2m:[0m [2msui_core::state_accumulator[0m[2m:[0m [2mcrates/sui-core/src/state_accumulator.rs[0m[2m:[0m[2m675:[0m accumulating running root for checkpoint 190
[2m2025-03-25T07:54:40.745010Z[0m [32m INFO[0m [1mnode[0m[1m{[0m[3mname[0m[2m=[0mk#addeef94..[1m}[0m[2m:[0m [2msui_core::state_accumulator[0m[2m:[0m [2mcrates/sui-core/src/state_accumulator.rs[0m[2m:[0m[2m675:[0m accumulating running root for checkpoint 191
[2m2025-03-25T07:54:40.746675Z[0m [32m INFO[0m [1mnode[0m[1m{[0m[3mname[0m[2m=[0mk#99f25ef6..[1m}[0m[2m:[0m [2msui_core::checkpoints[0m[2m:[0m [2mcrates/sui-core/src/checkpoints/mod.rs[0m[2m:[0m[2m1326:[0m Creating checkpoint(s) for 1 transactions [3mnext_checkpoint_seq[0m[2m=[0m193 [3mcheckpoint_timestamp[0m[2m=[0m1742889280017
[2m2025-03-25T07:54:40.746855Z[0m [32m INFO[0m [1mnode[0m[1m{[0m[3mname[0m[2m=[0mk#b3f3cbb4..[1m}[0m[2m:[0m [2msui_core::checkpoints::checkpoint_executor[0m[2m:[0m [2mcrates/sui-core/src/checkpoints/checkpoint_executor/mod.rs[0m[2m:[0m[2m332:[0m Received checkpoint summary from state sync [3msequence_number[0m[2m=[0m190
[2m2025-03-25T07:54:40.746867Z[0m [32m INFO[0m [1mnode[0m[1m{[0m[3mname[0m[2m=[0mk#99f25ef6..[1m}[0m[2m:[0m [2msui_core::checkpoints::checkpoint_output[0m[2m:[0m [2mcrates/sui-core/src/checkpoints/checkpoint_output.rs[0m[2m:[0m[2m149:[0m Creating checkpoint CheckpointDigest(EeNtTCYetFTpdnyPVthtXVmQ2uQDry9ViM85Eeebo3nh) at epoch 0, sequence 193, previous digest Some(CheckpointDigest(D8aXCsFntamJy6tKD4uS8NmjkjZdJbb7TdKDR3SsQ1vc)), transactions count 1, content digest CheckpointContentsDigest(DrVba3fX9FixWZRpHJcMgHNpCM2inVR7LUqHVWsmysok), end_of_epoch_data None
[2m2025-03-25T07:54:40.746979Z[0m [32m INFO[0m [1mnode[0m[1m{[0m[3mname[0m[2m=[0mk#b3f3cbb4..[1m}[0m[2m:[0m [2msui_core::checkpoints::checkpoint_executor[0m[2m:[0m [2mcrates/sui-core/src/checkpoints/checkpoint_executor/mod.rs[0m[2m:[0m[2m332:[0m Received checkpoint summary from state sync [3msequence_number[0m[2m=[0m191
[2m2025-03-25T07:54:40.782010Z[0m [32m INFO[0m [1mnode[0m[1m{[0m[3mname[0m[2m=[0mk#99f25ef6..[1m}[0m[2m:[0m [2mconsensus_core::core[0m[2m:[0m [2mconsensus/core/src/core.rs[0m[2m:[0m[2m531:[0m Created block B104(B,4jvDT2YsT5CcET3vxuScdUPiRlwvisCC1OmgL72sgfg=)(1742889280781ms;[B103(B,dBbcXWtKYhzukD/+29FAv8cagMOmph6RfG3mEW+iRWk=), B103(A,XDrEYxrSoDNnWSlAKzzIVa3rTcZN+jKSlAC20tg/PPE=), B103(C,uhId6wkDvsLW/SviGsHyWr4iszyDtMuOk3ChgzKszmM=)];2t;1c) for round 104
[2m2025-03-25T07:54:40.782010Z[0m [32m INFO[0m [1mnode[0m[1m{[0m[3mname[0m[2m=[0mk#8dcff6d1..[1m}[0m[2m:[0m [2mconsensus_core::core[0m[2m:[0m [2mconsensus/core/src/core.rs[0m[2m:[0m[2m531:[0m Created block B104(A,FDUDEEE9cMUpnxyhPiRbuQNCX3HpzLgpF9VnJGPu2AI=)(1742889280781ms;[B103(A,XDrEYxrSoDNnWSlAKzzIVa3rTcZN+jKSlAC20tg/PPE=), B103(B,dBbcXWtKYhzukD/+29FAv8cagMOmph6RfG3mEW+iRWk=), B103(C,uhId6wkDvsLW/SviGsHyWr4iszyDtMuOk3ChgzKszmM=)];2t;1c) for round 104
[2m2025-03-25T07:54:40.784722Z[0m [32m INFO[0m [1mnode[0m[1m{[0m[3mname[0m[2m=[0mk#addeef94..[1m}[0m[2m:[0m [2mconsensus_core::core[0m[2m:[0m [2mconsensus/core/src/core.rs[0m[2m:[0m[2m531:[0m Created block B104(C,2OsVJPRINPbjT6Haq6QXR9is8Ti66nl52TeTt5iaL3I=)(1742889280784ms;[B103(C,uhId6wkDvsLW/SviGsHyWr4iszyDtMuOk3ChgzKszmM=), B103(A,XDrEYxrSoDNnWSlAKzzIVa3rTcZN+jKSlAC20tg/PPE=), B103(B,dBbcXWtKYhzukD/+29FAv8cagMOmph6RfG3mEW+iRWk=)];2t;1c) for round 104
[2m2025-03-25T07:54:40.784808Z[0m [32m INFO[0m [1mnode[0m[1m{[0m[3mname[0m[2m=[0mk#addeef94..[1m}[0m[2m:[0m [2mconsensus_core::core[0m[2m:[0m [2mconsensus/core/src/core.rs[0m[2m:[0m[2m630:[0m Committing 1 leaders: B102(B,UNsN)
[2m2025-03-25T07:54:40.784882Z[0m [32m INFO[0m [1mnode[0m[1m{[0m[3mname[0m[2m=[0mk#addeef94..[1m}[0m[2m:[0m [2mconsensus_core::commit_observer[0m[2m:[0m [2mconsensus/core/src/commit_observer.rs[0m[2m:[0m[2m173:[0m Consensus commit C101(duTh) with leader B102(B,UNsN) has 3 blocks
[2m2025-03-25T07:54:40.784967Z[0m [32m INFO[0m [1mnode[0m[1m{[0m[3mname[0m[2m=[0mk#addeef94..[1m}[0m[2m:[0m [2msui_core::consensus_handler[0m[2m:[0m [2mcrates/sui-core/src/consensus_handler.rs[0m[2m:[0m[2m232:[0m Received consensus output [3mconsensus_commit[0m[2m=[0mCommittedSubDag(leader=B102(B,UNsN), ref=C101(duTh), blocks=[MT5t, kRJA, UNsN]) [3mepoch[0m[2m=[0m0
[2m2025-03-25T07:54:40.787896Z[0m [32m INFO[0m [1mnode[0m[1m{[0m[3mname[0m[2m=[0mk#99f25ef6..[1m}[0m[2m:[0m [2mconsensus_core::core[0m[2m:[0m [2mconsensus/core/src/core.rs[0m[2m:[0m[2m630:[0m Committing 1 leaders: B102(B,UNsN)
[2m2025-03-25T07:54:40.787903Z[0m [32m INFO[0m [1mnode[0m[1m{[0m[3mname[0m[2m=[0mk#8dcff6d1..[1m}[0m[2m:[0m [2mconsensus_core::core[0m[2m:[0m [2mconsensus/core/src/core.rs[0m[2m:[0m[2m630:[0m Committing 1 leaders: B102(B,UNsN)
[2m2025-03-25T07:54:40.787981Z[0m [32m INFO[0m [1mnode[0m[1m{[0m[3mname[0m[2m=[0mk#99f25ef6..[1m}[0m[2m:[0m [2mconsensus_core::commit_observer[0m[2m:[0m [2mconsensus/core/src/commit_observer.rs[0m[2m:[0m[2m173:[0m Consensus commit C101(duTh) with leader B102(B,UNsN) has 3 blocks
[2m2025-03-25T07:54:40.787989Z[0m [32m INFO[0m [1mnode[0m[1m{[0m[3mname[0m[2m=[0mk#8dcff6d1..[1m}[0m[2m:[0m [2mconsensus_core::commit_observer[0m[2m:[0m [2mconsensus/core/src/commit_observer.rs[0m[2m:[0m[2m173:[0m Consensus commit C101(duTh) with leader B102(B,UNsN) has 3 blocks
[2m2025-03-25T07:54:40.788055Z[0m [32m INFO[0m [1mnode[0m[1m{[0m[3mname[0m[2m=[0mk#99f25ef6..[1m}[0m[2m:[0m [2msui_core::consensus_handler[0m[2m:[0m [2mcrates/sui-core/src/consensus_handler.rs[0m[2m:[0m[2m232:[0m Received consensus output [3mconsensus_commit[0m[2m=[0mCommittedSubDag(leader=B102(B,UNsN), ref=C101(duTh), blocks=[MT5t, kRJA, UNsN]) [3mepoch[0m[2m=[0m0
[2m2025-03-25T07:54:40.788061Z[0m [32m INFO[0m [1mnode[0m[1m{[0m[3mname[0m[2m=[0mk#8dcff6d1..[1m}[0m[2m:[0m [2msui_core::consensus_handler[0m[2m:[0m [2mcrates/sui-core/src/consensus_handler.rs[0m[2m:[0m[2m232:[0m Received consensus output [3mconsensus_commit[0m[2m=[0mCommittedSubDag(leader=B102(B,UNsN), ref=C101(duTh), blocks=[MT5t, kRJA, UNsN]) [3mepoch[0m[2m=[0m0
[2m2025-03-25T07:54:40.836509Z[0m [32m INFO[0m [1mnode[0m[1m{[0m[3mname[0m[2m=[0mk#b3f3cbb4..[1m}[0m[2m:[0m [2msui_core::state_accumulator[0m[2m:[0m [2mcrates/sui-core/src/state_accumulator.rs[0m[2m:[0m[2m675:[0m accumulating running root for checkpoint 190
[2m2025-03-25T07:54:40.837017Z[0m [32m INFO[0m [1mnode[0m[1m{[0m[3mname[0m[2m=[0mk#b3f3cbb4..[1m}[0m[2m:[0m [2msui_core::state_accumulator[0m[2m:[0m [2mcrates/sui-core/src/state_accumulator.rs[0m[2m:[0m[2m675:[0m accumulating running root for checkpoint 191
[2m2025-03-25T07:54:40.877612Z[0m [32m INFO[0m [1mnode[0m[1m{[0m[3mname[0m[2m=[0mk#addeef94..[1m}[0m[2m:[0m [2msui_core::checkpoints[0m[2m:[0m [2mcrates/sui-core/src/checkpoints/mod.rs[0m[2m:[0m[2m1326:[0m Creating checkpoint(s) for 1 transactions [3mnext_checkpoint_seq[0m[2m=[0m194 [3mcheckpoint_timestamp[0m[2m=[0m1742889280269
[2m2025-03-25T07:54:40.877839Z[0m [32m INFO[0m [1mnode[0m[1m{[0m[3mname[0m[2m=[0mk#addeef94..[1m}[0m[2m:[0m [2msui_core::checkpoints::checkpoint_output[0m[2m:[0m [2mcrates/sui-core/src/checkpoints/checkpoint_output.rs[0m[2m:[0m[2m149:[0m Creating checkpoint CheckpointDigest(36Xt6SEK65a2DwBQGW7qfJxUptpm2uXgqzvaU87Seemo) at epoch 0, sequence 194, previous digest Some(CheckpointDigest(EeNtTCYetFTpdnyPVthtXVmQ2uQDry9ViM85Eeebo3nh)), transactions count 1, content digest CheckpointContentsDigest(37RTR313kS8vfqbZVyt2BbYw4W5qngAcMQo5LSnpdV97), end_of_epoch_data None
[2m2025-03-25T07:54:40.878186Z[0m [32m INFO[0m [1mnode[0m[1m{[0m[3mname[0m[2m=[0mk#8dcff6d1..[1m}[0m[2m:[0m [2msui_core::checkpoints[0m[2m:[0m [2mcrates/sui-core/src/checkpoints/mod.rs[0m[2m:[0m[2m1326:[0m Creating checkpoint(s) for 1 transactions [3mnext_checkpoint_seq[0m[2m=[0m194 [3mcheckpoint_timestamp[0m[2m=[0m1742889280269
[2m2025-03-25T07:54:40.878359Z[0m [32m INFO[0m [1mnode[0m[1m{[0m[3mname[0m[2m=[0mk#8dcff6d1..[1m}[0m[2m:[0m [2msui_core::checkpoints::checkpoint_output[0m[2m:[0m [2mcrates/sui-core/src/checkpoints/checkpoint_output.rs[0m[2m:[0m[2m149:[0m Creating checkpoint CheckpointDigest(36Xt6SEK65a2DwBQGW7qfJxUptpm2uXgqzvaU87Seemo) at epoch 0, sequence 194, previous digest Some(CheckpointDigest(EeNtTCYetFTpdnyPVthtXVmQ2uQDry9ViM85Eeebo3nh)), transactions count 1, content digest CheckpointContentsDigest(37RTR313kS8vfqbZVyt2BbYw4W5qngAcMQo5LSnpdV97), end_of_epoch_data None
[2m2025-03-25T07:54:40.879853Z[0m [32m INFO[0m [1mnode[0m[1m{[0m[3mname[0m[2m=[0mk#99f25ef6..[1m}[0m[2m:[0m [2msui_core::checkpoints[0m[2m:[0m [2mcrates/sui-core/src/checkpoints/mod.rs[0m[2m:[0m[2m1326:[0m Creating checkpoint(s) for 1 transactions [3mnext_checkpoint_seq[0m[2m=[0m194 [3mcheckpoint_timestamp[0m[2m=[0m1742889280269
[2m2025-03-25T07:54:40.880018Z[0m [32m INFO[0m [1mnode[0m[1m{[0m[3mname[0m[2m=[0mk#99f25ef6..[1m}[0m[2m:[0m [2msui_core::checkpoints::checkpoint_output[0m[2m:[0m [2mcrates/sui-core/src/checkpoints/checkpoint_output.rs[0m[2m:[0m[2m149:[0m Creating checkpoint CheckpointDigest(36Xt6SEK65a2DwBQGW7qfJxUptpm2uXgqzvaU87Seemo) at epoch 0, sequence 194, previous digest Some(CheckpointDigest(EeNtTCYetFTpdnyPVthtXVmQ2uQDry9ViM85Eeebo3nh)), transactions count 1, content digest CheckpointContentsDigest(37RTR313kS8vfqbZVyt2BbYw4W5qngAcMQo5LSnpdV97), end_of_epoch_data None
[2m2025-03-25T07:54:40.882797Z[0m [32m INFO[0m [1mnode[0m[1m{[0m[3mname[0m[2m=[0mk#8dcff6d1..[1m}[0m[2m:[0m [2msui_core::checkpoints::checkpoint_output[0m[2m:[0m [2mcrates/sui-core/src/checkpoints/checkpoint_output.rs[0m[2m:[0m[2m196:[0m Certified checkpoint with sequence 192 and digest D8aXCsFntamJy6tKD4uS8NmjkjZdJbb7TdKDR3SsQ1vc
[2m2025-03-25T07:54:40.882821Z[0m [32m INFO[0m [1mnode[0m[1m{[0m[3mname[0m[2m=[0mk#8dcff6d1..[1m}[0m[2m:[0m [2msui_core::checkpoints::checkpoint_output[0m[2m:[0m [2mcrates/sui-core/src/checkpoints/checkpoint_output.rs[0m[2m:[0m[2m196:[0m Certified checkpoint with sequence 193 and digest EeNtTCYetFTpdnyPVthtXVmQ2uQDry9ViM85Eeebo3nh
[2m2025-03-25T07:54:40.883752Z[0m [32m INFO[0m [1mnode[0m[1m{[0m[3mname[0m[2m=[0mk#8dcff6d1..[1m}[0m[2m:[0m [2msui_core::checkpoints::checkpoint_executor[0m[2m:[0m [2mcrates/sui-core/src/checkpoints/checkpoint_executor/mod.rs[0m[2m:[0m[2m332:[0m Received checkpoint summary from state sync [3msequence_number[0m[2m=[0m192
[2m2025-03-25T07:54:40.883880Z[0m [32m INFO[0m [1mnode[0m[1m{[0m[3mname[0m[2m=[0mk#8dcff6d1..[1m}[0m[2m:[0m [2msui_core::checkpoints::checkpoint_executor[0m[2m:[0m [2mcrates/sui-core/src/checkpoints/checkpoint_executor/mod.rs[0m[2m:[0m[2m332:[0m Received checkpoint summary from state sync [3msequence_number[0m[2m=[0m193
[2m2025-03-25T07:54:40.884413Z[0m [32m INFO[0m [1mnode[0m[1m{[0m[3mname[0m[2m=[0mk#99f25ef6..[1m}[0m[2m:[0m [2msui_core::checkpoints::checkpoint_output[0m[2m:[0m [2mcrates/sui-core/src/checkpoints/checkpoint_output.rs[0m[2m:[0m[2m196:[0m Certified checkpoint with sequence 192 and digest D8aXCsFntamJy6tKD4uS8NmjkjZdJbb7TdKDR3SsQ1vc
[2m2025-03-25T07:54:40.884436Z[0m [32m INFO[0m [1mnode[0m[1m{[0m[3mname[0m[2m=[0mk#99f25ef6..[1m}[0m[2m:[0m [2msui_core::checkpoints::checkpoint_output[0m[2m:[0m [2mcrates/sui-core/src/checkpoints/checkpoint_output.rs[0m[2m:[0m[2m196:[0m Certified checkpoint with sequence 193 and digest EeNtTCYetFTpdnyPVthtXVmQ2uQDry9ViM85Eeebo3nh
[2m2025-03-25T07:54:40.885315Z[0m [32m INFO[0m [1mnode[0m[1m{[0m[3mname[0m[2m=[0mk#99f25ef6..[1m}[0m[2m:[0m [2msui_core::checkpoints::checkpoint_executor[0m[2m:[0m [2mcrates/sui-core/src/checkpoints/checkpoint_executor/mod.rs[0m[2m:[0m[2m332:[0m Received checkpoint summary from state sync [3msequence_number[0m[2m=[0m192
[2m2025-03-25T07:54:40.885433Z[0m [32m INFO[0m [1mnode[0m[1m{[0m[3mname[0m[2m=[0mk#99f25ef6..[1m}[0m[2m:[0m [2msui_core::checkpoints::checkpoint_executor[0m[2m:[0m [2mcrates/sui-core/src/checkpoints/checkpoint_executor/mod.rs[0m[2m:[0m[2m332:[0m Received checkpoint summary from state sync [3msequence_number[0m[2m=[0m193
[2m2025-03-25T07:54:40.885781Z[0m [32m INFO[0m [1mnode[0m[1m{[0m[3mname[0m[2m=[0mk#8dcff6d1..[1m}[0m[2m:[0m [2msui_core::state_accumulator[0m[2m:[0m [2mcrates/sui-core/src/state_accumulator.rs[0m[2m:[0m[2m675:[0m accumulating running root for checkpoint 192
[2m2025-03-25T07:54:40.886246Z[0m [32m INFO[0m [1mnode[0m[1m{[0m[3mname[0m[2m=[0mk#8dcff6d1..[1m}[0m[2m:[0m [2msui_core::state_accumulator[0m[2m:[0m [2mcrates/sui-core/src/state_accumulator.rs[0m[2m:[0m[2m675:[0m accumulating running root for checkpoint 193
[2m2025-03-25T07:54:40.887139Z[0m [32m INFO[0m [1mnode[0m[1m{[0m[3mname[0m[2m=[0mk#99f25ef6..[1m}[0m[2m:[0m [2msui_core::state_accumulator[0m[2m:[0m [2mcrates/sui-core/src/state_accumulator.rs[0m[2m:[0m[2m675:[0m accumulating running root for checkpoint 192
[2m2025-03-25T07:54:40.887562Z[0m [32m INFO[0m [1mnode[0m[1m{[0m[3mname[0m[2m=[0mk#99f25ef6..[1m}[0m[2m:[0m [2msui_core::state_accumulator[0m[2m:[0m [2mcrates/sui-core/src/state_accumulator.rs[0m[2m:[0m[2m675:[0m accumulating running root for checkpoint 193
[2m2025-03-25T07:54:40.980577Z[0m [32m INFO[0m [1mnode[0m[1m{[0m[3mname[0m[2m=[0mk#addeef94..[1m}[0m[2m:[0m [2msui_core::checkpoints[0m[2m:[0m [2mcrates/sui-core/src/checkpoints/mod.rs[0m[2m:[0m[2m1326:[0m Creating checkpoint(s) for 1 transactions [3mnext_checkpoint_seq[0m[2m=[0m195 [3mcheckpoint_timestamp[0m[2m=[0m1742889280269
[2m2025-03-25T07:54:40.980829Z[0m [32m INFO[0m [1mnode[0m[1m{[0m[3mname[0m[2m=[0mk#addeef94..[1m}[0m[2m:[0m [2msui_core::checkpoints::checkpoint_output[0m[2m:[0m [2mcrates/sui-core/src/checkpoints/checkpoint_output.rs[0m[2m:[0m[2m149:[0m Creating checkpoint CheckpointDigest(B1JqwQveibKfin6aXYBj9GdMv8BZydyzWvCFGVxzWjt7) at epoch 0, sequence 195, previous digest Some(CheckpointDigest(36Xt6SEK65a2DwBQGW7qfJxUptpm2uXgqzvaU87Seemo)), transactions count 1, content digest CheckpointContentsDigest(9zGN5qs5oRnMBC4yqJQN2RdxpnexaTUgWHKTToFvZEB9), end_of_epoch_data None
[2m2025-03-25T07:54:40.992087Z[0m [32m INFO[0m [1mnode[0m[1m{[0m[3mname[0m[2m=[0mk#addeef94..[1m}[0m[2m:[0m [2msui_core::checkpoints::checkpoint_executor[0m[2m:[0m [2mcrates/sui-core/src/checkpoints/checkpoint_executor/mod.rs[0m[2m:[0m[2m332:[0m Received checkpoint summary from state sync [3msequence_number[0m[2m=[0m192
[2m2025-03-25T07:54:40.992223Z[0m [32m INFO[0m [1mnode[0m[1m{[0m[3mname[0m[2m=[0mk#addeef94..[1m}[0m[2m:[0m [2msui_core::checkpoints::checkpoint_executor[0m[2m:[0m [2mcrates/sui-core/src/checkpoints/checkpoint_executor/mod.rs[0m[2m:[0m[2m332:[0m Received checkpoint summary from state sync [3msequence_number[0m[2m=[0m193
[2m2025-03-25T07:54:40.993512Z[0m [32m INFO[0m [1mnode[0m[1m{[0m[3mname[0m[2m=[0mk#addeef94..[1m}[0m[2m:[0m [2msui_core::state_accumulator[0m[2m:[0m [2mcrates/sui-core/src/state_accumulator.rs[0m[2m:[0m[2m675:[0m accumulating running root for checkpoint 192
[2m2025-03-25T07:54:40.993954Z[0m [32m INFO[0m [1mnode[0m[1m{[0m[3mname[0m[2m=[0mk#addeef94..[1m}[0m[2m:[0m [2msui_core::state_accumulator[0m[2m:[0m [2mcrates/sui-core/src/state_accumulator.rs[0m[2m:[0m[2m675:[0m accumulating running root for checkpoint 193
[2m2025-03-25T07:54:40.997187Z[0m [32m INFO[0m [1mnode[0m[1m{[0m[3mname[0m[2m=[0mk#8dcff6d1..[1m}[0m[2m:[0m [2msui_core::checkpoints[0m[2m:[0m [2mcrates/sui-core/src/checkpoints/mod.rs[0m[2m:[0m[2m1326:[0m Creating checkpoint(s) for 1 transactions [3mnext_checkpoint_seq[0m[2m=[0m195 [3mcheckpoint_timestamp[0m[2m=[0m1742889280269
[2m2025-03-25T07:54:40.997318Z[0m [32m INFO[0m [1mnode[0m[1m{[0m[3mname[0m[2m=[0mk#99f25ef6..[1m}[0m[2m:[0m [2msui_core::checkpoints[0m[2m:[0m [2mcrates/sui-core/src/checkpoints/mod.rs[0m[2m:[0m[2m1326:[0m Creating checkpoint(s) for 1 transactions [3mnext_checkpoint_seq[0m[2m=[0m195 [3mcheckpoint_timestamp[0m[2m=[0m1742889280269
[2m2025-03-25T07:54:40.997395Z[0m [32m INFO[0m [1mnode[0m[1m{[0m[3mname[0m[2m=[0mk#8dcff6d1..[1m}[0m[2m:[0m [2msui_core::checkpoints::checkpoint_output[0m[2m:[0m [2mcrates/sui-core/src/checkpoints/checkpoint_output.rs[0m[2m:[0m[2m149:[0m Creating checkpoint CheckpointDigest(B1JqwQveibKfin6aXYBj9GdMv8BZydyzWvCFGVxzWjt7) at epoch 0, sequence 195, previous digest Some(CheckpointDigest(36Xt6SEK65a2DwBQGW7qfJxUptpm2uXgqzvaU87Seemo)), transactions count 1, content digest CheckpointContentsDigest(9zGN5qs5oRnMBC4yqJQN2RdxpnexaTUgWHKTToFvZEB9), end_of_epoch_data None
[2m2025-03-25T07:54:40.997500Z[0m [32m INFO[0m [1mnode[0m[1m{[0m[3mname[0m[2m=[0mk#99f25ef6..[1m}[0m[2m:[0m [2msui_core::checkpoints::checkpoint_output[0m[2m:[0m [2mcrates/sui-core/src/checkpoints/checkpoint_output.rs[0m[2m:[0m[2m149:[0m Creating checkpoint CheckpointDigest(B1JqwQveibKfin6aXYBj9GdMv8BZydyzWvCFGVxzWjt7) at epoch 0, sequence 195, previous digest Some(CheckpointDigest(36Xt6SEK65a2DwBQGW7qfJxUptpm2uXgqzvaU87Seemo)), transactions count 1, content digest CheckpointContentsDigest(9zGN5qs5oRnMBC4yqJQN2RdxpnexaTUgWHKTToFvZEB9), end_of_epoch_data None
[2m2025-03-25T07:54:41.000326Z[0m [32m INFO[0m [1mnode[0m[1m{[0m[3mname[0m[2m=[0mk#b3f3cbb4..[1m}[0m[2m:[0m [2msui_core::checkpoints::checkpoint_executor[0m[2m:[0m [2mcrates/sui-core/src/checkpoints/checkpoint_executor/mod.rs[0m[2m:[0m[2m332:[0m Received checkpoint summary from state sync [3msequence_number[0m[2m=[0m192
[2m2025-03-25T07:54:41.000450Z[0m [32m INFO[0m [1mnode[0m[1m{[0m[3mname[0m[2m=[0mk#b3f3cbb4..[1m}[0m[2m:[0m [2msui_core::checkpoints::checkpoint_executor[0m[2m:[0m [2mcrates/sui-core/src/checkpoints/checkpoint_executor/mod.rs[0m[2m:[0m[2m332:[0m Received checkpoint summary from state sync [3msequence_number[0m[2m=[0m193
[2m2025-03-25T07:54:41.038345Z[0m [32m INFO[0m [1mnode[0m[1m{[0m[3mname[0m[2m=[0mk#addeef94..[1m}[0m[2m:[0m [2mconsensus_core::core[0m[2m:[0m [2mconsensus/core/src/core.rs[0m[2m:[0m[2m531:[0m Created block B105(C,LRHDhJR4FvOuWNbPUOL5VMMYZblEh08/qf3ZAwN8rzQ=)(1742889281038ms;[B104(C,2OsVJPRINPbjT6Haq6QXR9is8Ti66nl52TeTt5iaL3I=), B104(A,FDUDEEE9cMUpnxyhPiRbuQNCX3HpzLgpF9VnJGPu2AI=), B104(B,4jvDT2YsT5CcET3vxuScdUPiRlwvisCC1OmgL72sgfg=)];2t;1c) for round 105
[2m2025-03-25T07:54:41.040647Z[0m [32m INFO[0m [1mnode[0m[1m{[0m[3mname[0m[2m=[0mk#8dcff6d1..[1m}[0m[2m:[0m [2mconsensus_core::core[0m[2m:[0m [2mconsensus/core/src/core.rs[0m[2m:[0m[2m531:[0m Created block B105(A,KOYSowEjqRsDHAQwoh5BctzzaKbc8km3Z/4P3//vsWU=)(1742889281040ms;[B104(A,FDUDEEE9cMUpnxyhPiRbuQNCX3HpzLgpF9VnJGPu2AI=), B104(B,4jvDT2YsT5CcET3vxuScdUPiRlwvisCC1OmgL72sgfg=), B104(C,2OsVJPRINPbjT6Haq6QXR9is8Ti66nl52TeTt5iaL3I=)];2t;1c) for round 105
[2m2025-03-25T07:54:41.040814Z[0m [32m INFO[0m [1mnode[0m[1m{[0m[3mname[0m[2m=[0mk#8dcff6d1..[1m}[0m[2m:[0m [2mconsensus_core::core[0m[2m:[0m [2mconsensus/core/src/core.rs[0m[2m:[0m[2m630:[0m Committing 1 leaders: B103(C,uhId)
[2m2025-03-25T07:54:41.040900Z[0m [32m INFO[0m [1mnode[0m[1m{[0m[3mname[0m[2m=[0mk#8dcff6d1..[1m}[0m[2m:[0m [2mconsensus_core::commit_observer[0m[2m:[0m [2mconsensus/core/src/commit_observer.rs[0m[2m:[0m[2m173:[0m Consensus commit C102(+HLC) with leader B103(C,uhId) has 3 blocks
[2m2025-03-25T07:54:41.041033Z[0m [32m INFO[0m [1mnode[0m[1m{[0m[3mname[0m[2m=[0mk#99f25ef6..[1m}[0m[2m:[0m [2mconsensus_core::core[0m[2m:[0m [2mconsensus/core/src/core.rs[0m[2m:[0m[2m531:[0m Created block B105(B,bT2UIXV7JZx4PARGLcIwgGK0gP7PnrPJl9oNhDnqZVE=)(1742889281040ms;[B104(B,4jvDT2YsT5CcET3vxuScdUPiRlwvisCC1OmgL72sgfg=), B104(A,FDUDEEE9cMUpnxyhPiRbuQNCX3HpzLgpF9VnJGPu2AI=), B104(C,2OsVJPRINPbjT6Haq6QXR9is8Ti66nl52TeTt5iaL3I=)];2t;1c) for round 105
[2m2025-03-25T07:54:41.041111Z[0m [32m INFO[0m [1mnode[0m[1m{[0m[3mname[0m[2m=[0mk#99f25ef6..[1m}[0m[2m:[0m [2mconsensus_core::core[0m[2m:[0m [2mconsensus/core/src/core.rs[0m[2m:[0m[2m630:[0m Committing 1 leaders: B103(C,uhId)
[2m2025-03-25T07:54:41.041174Z[0m [32m INFO[0m [1mnode[0m[1m{[0m[3mname[0m[2m=[0mk#99f25ef6..[1m}[0m[2m:[0m [2mconsensus_core::commit_observer[0m[2m:[0m [2mconsensus/core/src/commit_observer.rs[0m[2m:[0m[2m173:[0m Consensus commit C102(+HLC) with leader B103(C,uhId) has 3 blocks
[2m2025-03-25T07:54:41.041228Z[0m [32m INFO[0m [1mnode[0m[1m{[0m[3mname[0m[2m=[0mk#8dcff6d1..[1m}[0m[2m:[0m [2msui_core::consensus_handler[0m[2m:[0m [2mcrates/sui-core/src/consensus_handler.rs[0m[2m:[0m[2m232:[0m Received consensus output [3mconsensus_commit[0m[2m=[0mCommittedSubDag(leader=B103(C,uhId), ref=C102(+HLC), blocks=[1mjv, x4pe, uhId]) [3mepoch[0m[2m=[0m0
[2m2025-03-25T07:54:41.041257Z[0m [32m INFO[0m [1mnode[0m[1m{[0m[3mname[0m[2m=[0mk#99f25ef6..[1m}[0m[2m:[0m [2msui_core::consensus_handler[0m[2m:[0m [2mcrates/sui-core/src/consensus_handler.rs[0m[2m:[0m[2m232:[0m Received consensus output [3mconsensus_commit[0m[2m=[0mCommittedSubDag(leader=B103(C,uhId), ref=C102(+HLC), blocks=[1mjv, x4pe, uhId]) [3mepoch[0m[2m=[0m0
[2m2025-03-25T07:54:41.044309Z[0m [32m INFO[0m [1mnode[0m[1m{[0m[3mname[0m[2m=[0mk#addeef94..[1m}[0m[2m:[0m [2mconsensus_core::core[0m[2m:[0m [2mconsensus/core/src/core.rs[0m[2m:[0m[2m630:[0m Committing 1 leaders: B103(C,uhId)
[2m2025-03-25T07:54:41.044394Z[0m [32m INFO[0m [1mnode[0m[1m{[0m[3mname[0m[2m=[0mk#addeef94..[1m}[0m[2m:[0m [2mconsensus_core::commit_observer[0m[2m:[0m [2mconsensus/core/src/commit_observer.rs[0m[2m:[0m[2m173:[0m Consensus commit C102(+HLC) with leader B103(C,uhId) has 3 blocks
[2m2025-03-25T07:54:41.044466Z[0m [32m INFO[0m [1mnode[0m[1m{[0m[3mname[0m[2m=[0mk#addeef94..[1m}[0m[2m:[0m [2msui_core::consensus_handler[0m[2m:[0m [2mcrates/sui-core/src/consensus_handler.rs[0m[2m:[0m[2m232:[0m Received consensus output [3mconsensus_commit[0m[2m=[0mCommittedSubDag(leader=B103(C,uhId), ref=C102(+HLC), blocks=[1mjv, x4pe, uhId]) [3mepoch[0m[2m=[0m0
[2m2025-03-25T07:54:41.089465Z[0m [32m INFO[0m [1mnode[0m[1m{[0m[3mname[0m[2m=[0mk#b3f3cbb4..[1m}[0m[2m:[0m [2msui_core::state_accumulator[0m[2m:[0m [2mcrates/sui-core/src/state_accumulator.rs[0m[2m:[0m[2m675:[0m accumulating running root for checkpoint 192
[2m2025-03-25T07:54:41.089964Z[0m [32m INFO[0m [1mnode[0m[1m{[0m[3mname[0m[2m=[0mk#b3f3cbb4..[1m}[0m[2m:[0m [2msui_core::state_accumulator[0m[2m:[0m [2mcrates/sui-core/src/state_accumulator.rs[0m[2m:[0m[2m675:[0m accumulating running root for checkpoint 193
[2m2025-03-25T07:54:41.133968Z[0m [32m INFO[0m [1mnode[0m[1m{[0m[3mname[0m[2m=[0mk#8dcff6d1..[1m}[0m[2m:[0m [2msui_core::checkpoints[0m[2m:[0m [2mcrates/sui-core/src/checkpoints/mod.rs[0m[2m:[0m[2m1326:[0m Creating checkpoint(s) for 1 transactions [3mnext_checkpoint_seq[0m[2m=[0m196 [3mcheckpoint_timestamp[0m[2m=[0m1742889280525
[2m2025-03-25T07:54:41.134199Z[0m [32m INFO[0m [1mnode[0m[1m{[0m[3mname[0m[2m=[0mk#8dcff6d1..[1m}[0m[2m:[0m [2msui_core::checkpoints::checkpoint_output[0m[2m:[0m [2mcrates/sui-core/src/checkpoints/checkpoint_output.rs[0m[2m:[0m[2m149:[0m Creating checkpoint CheckpointDigest(BSfjS1WVmudLe5dx93YNPronVL6NQAH6WTht5hdMjpmW) at epoch 0, sequence 196, previous digest Some(CheckpointDigest(B1JqwQveibKfin6aXYBj9GdMv8BZydyzWvCFGVxzWjt7)), transactions count 1, content digest CheckpointContentsDigest(7mKcJpteePUD9pXb8q8zXERMrfkXtNXHkxmoUKFwUSGV), end_of_epoch_data None
[2m2025-03-25T07:54:41.135311Z[0m [32m INFO[0m [1mnode[0m[1m{[0m[3mname[0m[2m=[0mk#addeef94..[1m}[0m[2m:[0m [2msui_core::checkpoints[0m[2m:[0m [2mcrates/sui-core/src/checkpoints/mod.rs[0m[2m:[0m[2m1326:[0m Creating checkpoint(s) for 1 transactions [3mnext_checkpoint_seq[0m[2m=[0m196 [3mcheckpoint_timestamp[0m[2m=[0m1742889280525
[2m2025-03-25T07:54:41.135483Z[0m [32m INFO[0m [1mnode[0m[1m{[0m[3mname[0m[2m=[0mk#addeef94..[1m}[0m[2m:[0m [2msui_core::checkpoints::checkpoint_output[0m[2m:[0m [2mcrates/sui-core/src/checkpoints/checkpoint_output.rs[0m[2m:[0m[2m149:[0m Creating checkpoint CheckpointDigest(BSfjS1WVmudLe5dx93YNPronVL6NQAH6WTht5hdMjpmW) at epoch 0, sequence 196, previous digest Some(CheckpointDigest(B1JqwQveibKfin6aXYBj9GdMv8BZydyzWvCFGVxzWjt7)), transactions count 1, content digest CheckpointContentsDigest(7mKcJpteePUD9pXb8q8zXERMrfkXtNXHkxmoUKFwUSGV), end_of_epoch_data None
[2m2025-03-25T07:54:41.137533Z[0m [32m INFO[0m [1mnode[0m[1m{[0m[3mname[0m[2m=[0mk#99f25ef6..[1m}[0m[2m:[0m [2msui_core::checkpoints[0m[2m:[0m [2mcrates/sui-core/src/checkpoints/mod.rs[0m[2m:[0m[2m1326:[0m Creating checkpoint(s) for 1 transactions [3mnext_checkpoint_seq[0m[2m=[0m196 [3mcheckpoint_timestamp[0m[2m=[0m1742889280525
[2m2025-03-25T07:54:41.137705Z[0m [32m INFO[0m [1mnode[0m[1m{[0m[3mname[0m[2m=[0mk#99f25ef6..[1m}[0m[2m:[0m [2msui_core::checkpoints::checkpoint_output[0m[2m:[0m [2mcrates/sui-core/src/checkpoints/checkpoint_output.rs[0m[2m:[0m[2m149:[0m Creating checkpoint CheckpointDigest(BSfjS1WVmudLe5dx93YNPronVL6NQAH6WTht5hdMjpmW) at epoch 0, sequence 196, previous digest Some(CheckpointDigest(B1JqwQveibKfin6aXYBj9GdMv8BZydyzWvCFGVxzWjt7)), transactions count 1, content digest CheckpointContentsDigest(7mKcJpteePUD9pXb8q8zXERMrfkXtNXHkxmoUKFwUSGV), end_of_epoch_data None
[2m2025-03-25T07:54:41.138880Z[0m [32m INFO[0m [1mnode[0m[1m{[0m[3mname[0m[2m=[0mk#8dcff6d1..[1m}[0m[2m:[0m [2msui_core::checkpoints::checkpoint_output[0m[2m:[0m [2mcrates/sui-core/src/checkpoints/checkpoint_output.rs[0m[2m:[0m[2m196:[0m Certified checkpoint with sequence 194 and digest 36Xt6SEK65a2DwBQGW7qfJxUptpm2uXgqzvaU87Seemo
[2m2025-03-25T07:54:41.138903Z[0m [32m INFO[0m [1mnode[0m[1m{[0m[3mname[0m[2m=[0mk#8dcff6d1..[1m}[0m[2m:[0m [2msui_core::checkpoints::checkpoint_output[0m[2m:[0m [2mcrates/sui-core/src/checkpoints/checkpoint_output.rs[0m[2m:[0m[2m196:[0m Certified checkpoint with sequence 195 and digest B1JqwQveibKfin6aXYBj9GdMv8BZydyzWvCFGVxzWjt7
[2m2025-03-25T07:54:41.139806Z[0m [32m INFO[0m [1mnode[0m[1m{[0m[3mname[0m[2m=[0mk#8dcff6d1..[1m}[0m[2m:[0m [2msui_core::checkpoints::checkpoint_executor[0m[2m:[0m [2mcrates/sui-core/src/checkpoints/checkpoint_executor/mod.rs[0m[2m:[0m[2m332:[0m Received checkpoint summary from state sync [3msequence_number[0m[2m=[0m194
[2m2025-03-25T07:54:41.139939Z[0m [32m INFO[0m [1mnode[0m[1m{[0m[3mname[0m[2m=[0mk#8dcff6d1..[1m}[0m[2m:[0m [2msui_core::checkpoints::checkpoint_executor[0m[2m:[0m [2mcrates/sui-core/src/checkpoints/checkpoint_executor/mod.rs[0m[2m:[0m[2m332:[0m Received checkpoint summary from state sync [3msequence_number[0m[2m=[0m195
[2m2025-03-25T07:54:41.141818Z[0m [32m INFO[0m [1mnode[0m[1m{[0m[3mname[0m[2m=[0mk#8dcff6d1..[1m}[0m[2m:[0m [2msui_core::state_accumulator[0m[2m:[0m [2mcrates/sui-core/src/state_accumulator.rs[0m[2m:[0m[2m675:[0m accumulating running root for checkpoint 194
[2m2025-03-25T07:54:41.142218Z[0m [32m INFO[0m [1mnode[0m[1m{[0m[3mname[0m[2m=[0mk#99f25ef6..[1m}[0m[2m:[0m [2msui_core::checkpoints::checkpoint_output[0m[2m:[0m [2mcrates/sui-core/src/checkpoints/checkpoint_output.rs[0m[2m:[0m[2m196:[0m Certified checkpoint with sequence 194 and digest 36Xt6SEK65a2DwBQGW7qfJxUptpm2uXgqzvaU87Seemo
[2m2025-03-25T07:54:41.142238Z[0m [32m INFO[0m [1mnode[0m[1m{[0m[3mname[0m[2m=[0mk#99f25ef6..[1m}[0m[2m:[0m [2msui_core::checkpoints::checkpoint_output[0m[2m:[0m [2mcrates/sui-core/src/checkpoints/checkpoint_output.rs[0m[2m:[0m[2m196:[0m Certified checkpoint with sequence 195 and digest B1JqwQveibKfin6aXYBj9GdMv8BZydyzWvCFGVxzWjt7
[2m2025-03-25T07:54:41.142275Z[0m [32m INFO[0m [1mnode[0m[1m{[0m[3mname[0m[2m=[0mk#8dcff6d1..[1m}[0m[2m:[0m [2msui_core::state_accumulator[0m[2m:[0m [2mcrates/sui-core/src/state_accumulator.rs[0m[2m:[0m[2m675:[0m accumulating running root for checkpoint 195
[2m2025-03-25T07:54:41.143144Z[0m [32m INFO[0m [1mnode[0m[1m{[0m[3mname[0m[2m=[0mk#99f25ef6..[1m}[0m[2m:[0m [2msui_core::checkpoints::checkpoint_executor[0m[2m:[0m [2mcrates/sui-core/src/checkpoints/checkpoint_executor/mod.rs[0m[2m:[0m[2m332:[0m Received checkpoint summary from state sync [3msequence_number[0m[2m=[0m194
[2m2025-03-25T07:54:41.143268Z[0m [32m INFO[0m [1mnode[0m[1m{[0m[3mname[0m[2m=[0mk#99f25ef6..[1m}[0m[2m:[0m [2msui_core::checkpoints::checkpoint_executor[0m[2m:[0m [2mcrates/sui-core/src/checkpoints/checkpoint_executor/mod.rs[0m[2m:[0m[2m332:[0m Received checkpoint summary from state sync [3msequence_number[0m[2m=[0m195
[2m2025-03-25T07:54:41.145139Z[0m [32m INFO[0m [1mnode[0m[1m{[0m[3mname[0m[2m=[0mk#99f25ef6..[1m}[0m[2m:[0m [2msui_core::state_accumulator[0m[2m:[0m [2mcrates/sui-core/src/state_accumulator.rs[0m[2m:[0m[2m675:[0m accumulating running root for checkpoint 194
[2m2025-03-25T07:54:41.145577Z[0m [32m INFO[0m [1mnode[0m[1m{[0m[3mname[0m[2m=[0mk#99f25ef6..[1m}[0m[2m:[0m [2msui_core::state_accumulator[0m[2m:[0m [2mcrates/sui-core/src/state_accumulator.rs[0m[2m:[0m[2m675:[0m accumulating running root for checkpoint 195
[2m2025-03-25T07:54:41.238092Z[0m [32m INFO[0m [1mnode[0m[1m{[0m[3mname[0m[2m=[0mk#addeef94..[1m}[0m[2m:[0m [2msui_core::checkpoints[0m[2m:[0m [2mcrates/sui-core/src/checkpoints/mod.rs[0m[2m:[0m[2m1326:[0m Creating checkpoint(s) for 1 transactions [3mnext_checkpoint_seq[0m[2m=[0m197 [3mcheckpoint_timestamp[0m[2m=[0m1742889280525
[2m2025-03-25T07:54:41.238340Z[0m [32m INFO[0m [1mnode[0m[1m{[0m[3mname[0m[2m=[0mk#addeef94..[1m}[0m[2m:[0m [2msui_core::checkpoints::checkpoint_output[0m[2m:[0m [2mcrates/sui-core/src/checkpoints/checkpoint_output.rs[0m[2m:[0m[2m149:[0m Creating checkpoint CheckpointDigest(CypCMiv5AWZxybYt2VWNhm5uyyTRMjCQk7fpWTQVoCNA) at epoch 0, sequence 197, previous digest Some(CheckpointDigest(BSfjS1WVmudLe5dx93YNPronVL6NQAH6WTht5hdMjpmW)), transactions count 1, content digest CheckpointContentsDigest(8madxotukbCwB6FYDGKXAecZ5Z7oRKcjj89jX1QymQ1u), end_of_epoch_data None
[2m2025-03-25T07:54:41.249582Z[0m [32m INFO[0m [1mnode[0m[1m{[0m[3mname[0m[2m=[0mk#addeef94..[1m}[0m[2m:[0m [2msui_core::checkpoints::checkpoint_executor[0m[2m:[0m [2mcrates/sui-core/src/checkpoints/checkpoint_executor/mod.rs[0m[2m:[0m[2m332:[0m Received checkpoint summary from state sync [3msequence_number[0m[2m=[0m194
[2m2025-03-25T07:54:41.249714Z[0m [32m INFO[0m [1mnode[0m[1m{[0m[3mname[0m[2m=[0mk#addeef94..[1m}[0m[2m:[0m [2msui_core::checkpoints::checkpoint_executor[0m[2m:[0m [2mcrates/sui-core/src/checkpoints/checkpoint_executor/mod.rs[0m[2m:[0m[2m332:[0m Received checkpoint summary from state sync [3msequence_number[0m[2m=[0m195
[2m2025-03-25T07:54:41.250928Z[0m [32m INFO[0m [1mnode[0m[1m{[0m[3mname[0m[2m=[0mk#addeef94..[1m}[0m[2m:[0m [2msui_core::state_accumulator[0m[2m:[0m [2mcrates/sui-core/src/state_accumulator.rs[0m[2m:[0m[2m675:[0m accumulating running root for checkpoint 194
[2m2025-03-25T07:54:41.251361Z[0m [32m INFO[0m [1mnode[0m[1m{[0m[3mname[0m[2m=[0mk#addeef94..[1m}[0m[2m:[0m [2msui_core::state_accumulator[0m[2m:[0m [2mcrates/sui-core/src/state_accumulator.rs[0m[2m:[0m[2m675:[0m accumulating running root for checkpoint 195
[2m2025-03-25T07:54:41.251883Z[0m [32m INFO[0m [1mnode[0m[1m{[0m[3mname[0m[2m=[0mk#8dcff6d1..[1m}[0m[2m:[0m [2msui_core::checkpoints[0m[2m:[0m [2mcrates/sui-core/src/checkpoints/mod.rs[0m[2m:[0m[2m1326:[0m Creating checkpoint(s) for 1 transactions [3mnext_checkpoint_seq[0m[2m=[0m197 [3mcheckpoint_timestamp[0m[2m=[0m1742889280525
[2m2025-03-25T07:54:41.252084Z[0m [32m INFO[0m [1mnode[0m[1m{[0m[3mname[0m[2m=[0mk#8dcff6d1..[1m}[0m[2m:[0m [2msui_core::checkpoints::checkpoint_output[0m[2m:[0m [2mcrates/sui-core/src/checkpoints/checkpoint_output.rs[0m[2m:[0m[2m149:[0m Creating checkpoint CheckpointDigest(CypCMiv5AWZxybYt2VWNhm5uyyTRMjCQk7fpWTQVoCNA) at epoch 0, sequence 197, previous digest Some(CheckpointDigest(BSfjS1WVmudLe5dx93YNPronVL6NQAH6WTht5hdMjpmW)), transactions count 1, content digest CheckpointContentsDigest(8madxotukbCwB6FYDGKXAecZ5Z7oRKcjj89jX1QymQ1u), end_of_epoch_data None
[2m2025-03-25T07:54:41.254843Z[0m [32m INFO[0m [1mnode[0m[1m{[0m[3mname[0m[2m=[0mk#b3f3cbb4..[1m}[0m[2m:[0m [2msui_core::checkpoints::checkpoint_executor[0m[2m:[0m [2mcrates/sui-core/src/checkpoints/checkpoint_executor/mod.rs[0m[2m:[0m[2m332:[0m Received checkpoint summary from state sync [3msequence_number[0m[2m=[0m194
[2m2025-03-25T07:54:41.254966Z[0m [32m INFO[0m [1mnode[0m[1m{[0m[3mname[0m[2m=[0mk#b3f3cbb4..[1m}[0m[2m:[0m [2msui_core::checkpoints::checkpoint_executor[0m[2m:[0m [2mcrates/sui-core/src/checkpoints/checkpoint_executor/mod.rs[0m[2m:[0m[2m332:[0m Received checkpoint summary from state sync [3msequence_number[0m[2m=[0m195
[2m2025-03-25T07:54:41.255116Z[0m [32m INFO[0m [1mnode[0m[1m{[0m[3mname[0m[2m=[0mk#99f25ef6..[1m}[0m[2m:[0m [2msui_core::checkpoints[0m[2m:[0m [2mcrates/sui-core/src/checkpoints/mod.rs[0m[2m:[0m[2m1326:[0m Creating checkpoint(s) for 1 transactions [3mnext_checkpoint_seq[0m[2m=[0m197 [3mcheckpoint_timestamp[0m[2m=[0m1742889280525
[2m2025-03-25T07:54:41.255297Z[0m [32m INFO[0m [1mnode[0m[1m{[0m[3mname[0m[2m=[0mk#99f25ef6..[1m}[0m[2m:[0m [2msui_core::checkpoints::checkpoint_output[0m[2m:[0m [2mcrates/sui-core/src/checkpoints/checkpoint_output.rs[0m[2m:[0m[2m149:[0m Creating checkpoint CheckpointDigest(CypCMiv5AWZxybYt2VWNhm5uyyTRMjCQk7fpWTQVoCNA) at epoch 0, sequence 197, previous digest Some(CheckpointDigest(BSfjS1WVmudLe5dx93YNPronVL6NQAH6WTht5hdMjpmW)), transactions count 1, content digest CheckpointContentsDigest(8madxotukbCwB6FYDGKXAecZ5Z7oRKcjj89jX1QymQ1u), end_of_epoch_data None
[2m2025-03-25T07:54:41.292921Z[0m [32m INFO[0m [1mnode[0m[1m{[0m[3mname[0m[2m=[0mk#8dcff6d1..[1m}[0m[2m:[0m [2mconsensus_core::core[0m[2m:[0m [2mconsensus/core/src/core.rs[0m[2m:[0m[2m531:[0m Created block B106(A,wTekpTim6Ryfdge3p3nhHBMObazkHKUXips4w1fhjE4=)(1742889281292ms;[B105(A,KOYSowEjqRsDHAQwoh5BctzzaKbc8km3Z/4P3//vsWU=), B105(B,bT2UIXV7JZx4PARGLcIwgGK0gP7PnrPJl9oNhDnqZVE=), B105(C,LRHDhJR4FvOuWNbPUOL5VMMYZblEh08/qf3ZAwN8rzQ=)];2t;1c) for round 106
[2m2025-03-25T07:54:41.293570Z[0m [32m INFO[0m [1mnode[0m[1m{[0m[3mname[0m[2m=[0mk#99f25ef6..[1m}[0m[2m:[0m [2mconsensus_core::core[0m[2m:[0m [2mconsensus/core/src/core.rs[0m[2m:[0m[2m531:[0m Created block B106(B,xtNUlicj3RLfxvHGDxp/BXICjdAXGWLDiXURSY6KQpc=)(1742889281293ms;[B105(B,bT2UIXV7JZx4PARGLcIwgGK0gP7PnrPJl9oNhDnqZVE=), B105(A,KOYSowEjqRsDHAQwoh5BctzzaKbc8km3Z/4P3//vsWU=), B105(C,LRHDhJR4FvOuWNbPUOL5VMMYZblEh08/qf3ZAwN8rzQ=)];2t;1c) for round 106
[2m2025-03-25T07:54:41.296130Z[0m [32m INFO[0m [1mnode[0m[1m{[0m[3mname[0m[2m=[0mk#addeef94..[1m}[0m[2m:[0m [2mconsensus_core::core[0m[2m:[0m [2mconsensus/core/src/core.rs[0m[2m:[0m[2m531:[0m Created block B106(C,E8Kd0A/zkadcNMA20pZbU/sILD3ShoXPkWpVFeDts9Y=)(1742889281295ms;[B105(C,LRHDhJR4FvOuWNbPUOL5VMMYZblEh08/qf3ZAwN8rzQ=), B105(A,KOYSowEjqRsDHAQwoh5BctzzaKbc8km3Z/4P3//vsWU=), B105(B,bT2UIXV7JZx4PARGLcIwgGK0gP7PnrPJl9oNhDnqZVE=)];2t;1c) for round 106
[2m2025-03-25T07:54:41.296211Z[0m [32m INFO[0m [1mnode[0m[1m{[0m[3mname[0m[2m=[0mk#addeef94..[1m}[0m[2m:[0m [2mconsensus_core::core[0m[2m:[0m [2mconsensus/core/src/core.rs[0m[2m:[0m[2m630:[0m Committing 1 leaders: B104(C,2OsV)
[2m2025-03-25T07:54:41.296278Z[0m [32m INFO[0m [1mnode[0m[1m{[0m[3mname[0m[2m=[0mk#addeef94..[1m}[0m[2m:[0m [2mconsensus_core::commit_observer[0m[2m:[0m [2mconsensus/core/src/commit_observer.rs[0m[2m:[0m[2m173:[0m Consensus commit C103(jVIO) with leader B104(C,2OsV) has 3 blocks
[2m2025-03-25T07:54:41.296364Z[0m [32m INFO[0m [1mnode[0m[1m{[0m[3mname[0m[2m=[0mk#addeef94..[1m}[0m[2m:[0m [2msui_core::consensus_handler[0m[2m:[0m [2mcrates/sui-core/src/consensus_handler.rs[0m[2m:[0m[2m232:[0m Received consensus output [3mconsensus_commit[0m[2m=[0mCommittedSubDag(leader=B104(C,2OsV), ref=C103(jVIO), blocks=[XDrE, dBbc, 2OsV]) [3mepoch[0m[2m=[0m0
[2m2025-03-25T07:54:41.299214Z[0m [32m INFO[0m [1mnode[0m[1m{[0m[3mname[0m[2m=[0mk#8dcff6d1..[1m}[0m[2m:[0m [2mconsensus_core::core[0m[2m:[0m [2mconsensus/core/src/core.rs[0m[2m:[0m[2m630:[0m Committing 1 leaders: B104(C,2OsV)
[2m2025-03-25T07:54:41.299220Z[0m [32m INFO[0m [1mnode[0m[1m{[0m[3mname[0m[2m=[0mk#99f25ef6..[1m}[0m[2m:[0m [2mconsensus_core::core[0m[2m:[0m [2mconsensus/core/src/core.rs[0m[2m:[0m[2m630:[0m Committing 1 leaders: B104(C,2OsV)
[2m2025-03-25T07:54:41.299299Z[0m [32m INFO[0m [1mnode[0m[1m{[0m[3mname[0m[2m=[0mk#8dcff6d1..[1m}[0m[2m:[0m [2mconsensus_core::commit_observer[0m[2m:[0m [2mconsensus/core/src/commit_observer.rs[0m[2m:[0m[2m173:[0m Consensus commit C103(jVIO) with leader B104(C,2OsV) has 3 blocks
[2m2025-03-25T07:54:41.299303Z[0m [32m INFO[0m [1mnode[0m[1m{[0m[3mname[0m[2m=[0mk#99f25ef6..[1m}[0m[2m:[0m [2mconsensus_core::commit_observer[0m[2m:[0m [2mconsensus/core/src/commit_observer.rs[0m[2m:[0m[2m173:[0m Consensus commit C103(jVIO) with leader B104(C,2OsV) has 3 blocks
[2m2025-03-25T07:54:41.299371Z[0m [32m INFO[0m [1mnode[0m[1m{[0m[3mname[0m[2m=[0mk#8dcff6d1..[1m}[0m[2m:[0m [2msui_core::consensus_handler[0m[2m:[0m [2mcrates/sui-core/src/consensus_handler.rs[0m[2m:[0m[2m232:[0m Received consensus output [3mconsensus_commit[0m[2m=[0mCommittedSubDag(leader=B104(C,2OsV), ref=C103(jVIO), blocks=[XDrE, dBbc, 2OsV]) [3mepoch[0m[2m=[0m0
[2m2025-03-25T07:54:41.299375Z[0m [32m INFO[0m [1mnode[0m[1m{[0m[3mname[0m[2m=[0mk#99f25ef6..[1m}[0m[2m:[0m [2msui_core::consensus_handler[0m[2m:[0m [2mcrates/sui-core/src/consensus_handler.rs[0m[2m:[0m[2m232:[0m Received consensus output [3mconsensus_commit[0m[2m=[0mCommittedSubDag(leader=B104(C,2OsV), ref=C103(jVIO), blocks=[XDrE, dBbc, 2OsV]) [3mepoch[0m[2m=[0m0
[2m2025-03-25T07:54:41.344448Z[0m [32m INFO[0m [1mnode[0m[1m{[0m[3mname[0m[2m=[0mk#b3f3cbb4..[1m}[0m[2m:[0m [2msui_core::state_accumulator[0m[2m:[0m [2mcrates/sui-core/src/state_accumulator.rs[0m[2m:[0m[2m675:[0m accumulating running root for checkpoint 194
[2m2025-03-25T07:54:41.344941Z[0m [32m INFO[0m [1mnode[0m[1m{[0m[3mname[0m[2m=[0mk#b3f3cbb4..[1m}[0m[2m:[0m [2msui_core::state_accumulator[0m[2m:[0m [2mcrates/sui-core/src/state_accumulator.rs[0m[2m:[0m[2m675:[0m accumulating running root for checkpoint 195
[2m2025-03-25T07:54:41.397931Z[0m [32m INFO[0m [1mnode[0m[1m{[0m[3mname[0m[2m=[0mk#addeef94..[1m}[0m[2m:[0m [2msui_core::checkpoints[0m[2m:[0m [2mcrates/sui-core/src/checkpoints/mod.rs[0m[2m:[0m[2m1326:[0m Creating checkpoint(s) for 1 transactions [3mnext_checkpoint_seq[0m[2m=[0m198 [3mcheckpoint_timestamp[0m[2m=[0m1742889280784
[2m2025-03-25T07:54:41.398199Z[0m [32m INFO[0m [1mnode[0m[1m{[0m[3mname[0m[2m=[0mk#addeef94..[1m}[0m[2m:[0m [2msui_core::checkpoints::checkpoint_output[0m[2m:[0m [2mcrates/sui-core/src/checkpoints/checkpoint_output.rs[0m[2m:[0m[2m149:[0m Creating checkpoint CheckpointDigest(6rqDGAHKPB1rKqKJ81TstTkKTeYhjmKDiJXjKZSVp55L) at epoch 0, sequence 198, previous digest Some(CheckpointDigest(CypCMiv5AWZxybYt2VWNhm5uyyTRMjCQk7fpWTQVoCNA)), transactions count 1, content digest CheckpointContentsDigest(GzzbpTqiv4Cm1BMXxkY1v96heuvSPCvh6tF5dV4wvDG8), end_of_epoch_data None
[2m2025-03-25T07:54:41.400087Z[0m [32m INFO[0m [1mnode[0m[1m{[0m[3mname[0m[2m=[0mk#99f25ef6..[1m}[0m[2m:[0m [2msui_core::checkpoints[0m[2m:[0m [2mcrates/sui-core/src/checkpoints/mod.rs[0m[2m:[0m[2m1326:[0m Creating checkpoint(s) for 1 transactions [3mnext_checkpoint_seq[0m[2m=[0m198 [3mcheckpoint_timestamp[0m[2m=[0m1742889280784
[2m2025-03-25T07:54:41.400269Z[0m [32m INFO[0m [1mnode[0m[1m{[0m[3mname[0m[2m=[0mk#99f25ef6..[1m}[0m[2m:[0m [2msui_core::checkpoints::checkpoint_output[0m[2m:[0m [2mcrates/sui-core/src/checkpoints/checkpoint_output.rs[0m[2m:[0m[2m149:[0m Creating checkpoint CheckpointDigest(6rqDGAHKPB1rKqKJ81TstTkKTeYhjmKDiJXjKZSVp55L) at epoch 0, sequence 198, previous digest Some(CheckpointDigest(CypCMiv5AWZxybYt2VWNhm5uyyTRMjCQk7fpWTQVoCNA)), transactions count 1, content digest CheckpointContentsDigest(GzzbpTqiv4Cm1BMXxkY1v96heuvSPCvh6tF5dV4wvDG8), end_of_epoch_data None
[2m2025-03-25T07:54:41.404396Z[0m [32m INFO[0m [1mnode[0m[1m{[0m[3mname[0m[2m=[0mk#8dcff6d1..[1m}[0m[2m:[0m [2msui_core::checkpoints[0m[2m:[0m [2mcrates/sui-core/src/checkpoints/mod.rs[0m[2m:[0m[2m1326:[0m Creating checkpoint(s) for 1 transactions [3mnext_checkpoint_seq[0m[2m=[0m198 [3mcheckpoint_timestamp[0m[2m=[0m1742889280784
[2m2025-03-25T07:54:41.404577Z[0m [32m INFO[0m [1mnode[0m[1m{[0m[3mname[0m[2m=[0mk#8dcff6d1..[1m}[0m[2m:[0m [2msui_core::checkpoints::checkpoint_output[0m[2m:[0m [2mcrates/sui-core/src/checkpoints/checkpoint_output.rs[0m[2m:[0m[2m149:[0m Creating checkpoint CheckpointDigest(6rqDGAHKPB1rKqKJ81TstTkKTeYhjmKDiJXjKZSVp55L) at epoch 0, sequence 198, previous digest Some(CheckpointDigest(CypCMiv5AWZxybYt2VWNhm5uyyTRMjCQk7fpWTQVoCNA)), transactions count 1, content digest CheckpointContentsDigest(GzzbpTqiv4Cm1BMXxkY1v96heuvSPCvh6tF5dV4wvDG8), end_of_epoch_data None
[2m2025-03-25T07:54:41.404975Z[0m [32m INFO[0m [1mnode[0m[1m{[0m[3mname[0m[2m=[0mk#99f25ef6..[1m}[0m[2m:[0m [2msui_core::checkpoints::checkpoint_output[0m[2m:[0m [2mcrates/sui-core/src/checkpoints/checkpoint_output.rs[0m[2m:[0m[2m196:[0m Certified checkpoint with sequence 196 and digest BSfjS1WVmudLe5dx93YNPronVL6NQAH6WTht5hdMjpmW
[2m2025-03-25T07:54:41.405001Z[0m [32m INFO[0m [1mnode[0m[1m{[0m[3mname[0m[2m=[0mk#99f25ef6..[1m}[0m[2m:[0m [2msui_core::checkpoints::checkpoint_output[0m[2m:[0m [2mcrates/sui-core/src/checkpoints/checkpoint_output.rs[0m[2m:[0m[2m196:[0m Certified checkpoint with sequence 197 and digest CypCMiv5AWZxybYt2VWNhm5uyyTRMjCQk7fpWTQVoCNA
[2m2025-03-25T07:54:41.405980Z[0m [32m INFO[0m [1mnode[0m[1m{[0m[3mname[0m[2m=[0mk#99f25ef6..[1m}[0m[2m:[0m [2msui_core::checkpoints::checkpoint_executor[0m[2m:[0m [2mcrates/sui-core/src/checkpoints/checkpoint_executor/mod.rs[0m[2m:[0m[2m332:[0m Received checkpoint summary from state sync [3msequence_number[0m[2m=[0m196
[2m2025-03-25T07:54:41.406120Z[0m [32m INFO[0m [1mnode[0m[1m{[0m[3mname[0m[2m=[0mk#99f25ef6..[1m}[0m[2m:[0m [2msui_core::checkpoints::checkpoint_executor[0m[2m:[0m [2mcrates/sui-core/src/checkpoints/checkpoint_executor/mod.rs[0m[2m:[0m[2m332:[0m Received checkpoint summary from state sync [3msequence_number[0m[2m=[0m197
[2m2025-03-25T07:54:41.408234Z[0m [32m INFO[0m [1mnode[0m[1m{[0m[3mname[0m[2m=[0mk#99f25ef6..[1m}[0m[2m:[0m [2msui_core::state_accumulator[0m[2m:[0m [2mcrates/sui-core/src/state_accumulator.rs[0m[2m:[0m[2m675:[0m accumulating running root for checkpoint 196
[2m2025-03-25T07:54:41.408690Z[0m [32m INFO[0m [1mnode[0m[1m{[0m[3mname[0m[2m=[0mk#99f25ef6..[1m}[0m[2m:[0m [2msui_core::state_accumulator[0m[2m:[0m [2mcrates/sui-core/src/state_accumulator.rs[0m[2m:[0m[2m675:[0m accumulating running root for checkpoint 197
[2m2025-03-25T07:54:41.411046Z[0m [32m INFO[0m [1mnode[0m[1m{[0m[3mname[0m[2m=[0mk#8dcff6d1..[1m}[0m[2m:[0m [2msui_core::checkpoints::checkpoint_output[0m[2m:[0m [2mcrates/sui-core/src/checkpoints/checkpoint_output.rs[0m[2m:[0m[2m196:[0m Certified checkpoint with sequence 196 and digest BSfjS1WVmudLe5dx93YNPronVL6NQAH6WTht5hdMjpmW
[2m2025-03-25T07:54:41.411067Z[0m [32m INFO[0m [1mnode[0m[1m{[0m[3mname[0m[2m=[0mk#8dcff6d1..[1m}[0m[2m:[0m [2msui_core::checkpoints::checkpoint_output[0m[2m:[0m [2mcrates/sui-core/src/checkpoints/checkpoint_output.rs[0m[2m:[0m[2m196:[0m Certified checkpoint with sequence 197 and digest CypCMiv5AWZxybYt2VWNhm5uyyTRMjCQk7fpWTQVoCNA
[2m2025-03-25T07:54:41.411960Z[0m [32m INFO[0m [1mnode[0m[1m{[0m[3mname[0m[2m=[0mk#8dcff6d1..[1m}[0m[2m:[0m [2msui_core::checkpoints::checkpoint_executor[0m[2m:[0m [2mcrates/sui-core/src/checkpoints/checkpoint_executor/mod.rs[0m[2m:[0m[2m332:[0m Received checkpoint summary from state sync [3msequence_number[0m[2m=[0m196
[2m2025-03-25T07:54:41.412084Z[0m [32m INFO[0m [1mnode[0m[1m{[0m[3mname[0m[2m=[0mk#8dcff6d1..[1m}[0m[2m:[0m [2msui_core::checkpoints::checkpoint_executor[0m[2m:[0m [2mcrates/sui-core/src/checkpoints/checkpoint_executor/mod.rs[0m[2m:[0m[2m332:[0m Received checkpoint summary from state sync [3msequence_number[0m[2m=[0m197
[2m2025-03-25T07:54:41.413870Z[0m [32m INFO[0m [1mnode[0m[1m{[0m[3mname[0m[2m=[0mk#8dcff6d1..[1m}[0m[2m:[0m [2msui_core::state_accumulator[0m[2m:[0m [2mcrates/sui-core/src/state_accumulator.rs[0m[2m:[0m[2m675:[0m accumulating running root for checkpoint 196
[2m2025-03-25T07:54:41.414300Z[0m [32m INFO[0m [1mnode[0m[1m{[0m[3mname[0m[2m=[0mk#8dcff6d1..[1m}[0m[2m:[0m [2msui_core::state_accumulator[0m[2m:[0m [2mcrates/sui-core/src/state_accumulator.rs[0m[2m:[0m[2m675:[0m accumulating running root for checkpoint 197
[2m2025-03-25T07:54:41.503833Z[0m [32m INFO[0m [1mnode[0m[1m{[0m[3mname[0m[2m=[0mk#addeef94..[1m}[0m[2m:[0m [2msui_core::checkpoints[0m[2m:[0m [2mcrates/sui-core/src/checkpoints/mod.rs[0m[2m:[0m[2m1326:[0m Creating checkpoint(s) for 1 transactions [3mnext_checkpoint_seq[0m[2m=[0m199 [3mcheckpoint_timestamp[0m[2m=[0m1742889280784
[2m2025-03-25T07:54:41.504069Z[0m [32m INFO[0m [1mnode[0m[1m{[0m[3mname[0m[2m=[0mk#addeef94..[1m}[0m[2m:[0m [2msui_core::checkpoints::checkpoint_output[0m[2m:[0m [2mcrates/sui-core/src/checkpoints/checkpoint_output.rs[0m[2m:[0m[2m149:[0m Creating checkpoint CheckpointDigest(2sjsBHVoBurSVeRwpwGHhnHX1mSmjCJFdyYV7hCUqUJv) at epoch 0, sequence 199, previous digest Some(CheckpointDigest(6rqDGAHKPB1rKqKJ81TstTkKTeYhjmKDiJXjKZSVp55L)), transactions count 1, content digest CheckpointContentsDigest(761qQk6dGMVAQ8XonNL6FhaQfxTAB3Z4j562eA4JxPjY), end_of_epoch_data None
[2m2025-03-25T07:54:41.515395Z[0m [32m INFO[0m [1mnode[0m[1m{[0m[3mname[0m[2m=[0mk#addeef94..[1m}[0m[2m:[0m [2msui_core::checkpoints::checkpoint_executor[0m[2m:[0m [2mcrates/sui-core/src/checkpoints/checkpoint_executor/mod.rs[0m[2m:[0m[2m332:[0m Received checkpoint summary from state sync [3msequence_number[0m[2m=[0m196
[2m2025-03-25T07:54:41.515525Z[0m [32m INFO[0m [1mnode[0m[1m{[0m[3mname[0m[2m=[0mk#addeef94..[1m}[0m[2m:[0m [2msui_core::checkpoints::checkpoint_executor[0m[2m:[0m [2mcrates/sui-core/src/checkpoints/checkpoint_executor/mod.rs[0m[2m:[0m[2m332:[0m Received checkpoint summary from state sync [3msequence_number[0m[2m=[0m197
[2m2025-03-25T07:54:41.516780Z[0m [32m INFO[0m [1mnode[0m[1m{[0m[3mname[0m[2m=[0mk#addeef94..[1m}[0m[2m:[0m [2msui_core::state_accumulator[0m[2m:[0m [2mcrates/sui-core/src/state_accumulator.rs[0m[2m:[0m[2m675:[0m accumulating running root for checkpoint 196
[2m2025-03-25T07:54:41.517205Z[0m [32m INFO[0m [1mnode[0m[1m{[0m[3mname[0m[2m=[0mk#addeef94..[1m}[0m[2m:[0m [2msui_core::state_accumulator[0m[2m:[0m [2mcrates/sui-core/src/state_accumulator.rs[0m[2m:[0m[2m675:[0m accumulating running root for checkpoint 197
[2m2025-03-25T07:54:41.518254Z[0m [32m INFO[0m [1mnode[0m[1m{[0m[3mname[0m[2m=[0mk#99f25ef6..[1m}[0m[2m:[0m [2msui_core::checkpoints[0m[2m:[0m [2mcrates/sui-core/src/checkpoints/mod.rs[0m[2m:[0m[2m1326:[0m Creating checkpoint(s) for 1 transactions [3mnext_checkpoint_seq[0m[2m=[0m199 [3mcheckpoint_timestamp[0m[2m=[0m1742889280784
[2m2025-03-25T07:54:41.518458Z[0m [32m INFO[0m [1mnode[0m[1m{[0m[3mname[0m[2m=[0mk#99f25ef6..[1m}[0m[2m:[0m [2msui_core::checkpoints::checkpoint_output[0m[2m:[0m [2mcrates/sui-core/src/checkpoints/checkpoint_output.rs[0m[2m:[0m[2m149:[0m Creating checkpoint CheckpointDigest(2sjsBHVoBurSVeRwpwGHhnHX1mSmjCJFdyYV7hCUqUJv) at epoch 0, sequence 199, previous digest Some(CheckpointDigest(6rqDGAHKPB1rKqKJ81TstTkKTeYhjmKDiJXjKZSVp55L)), transactions count 1, content digest CheckpointContentsDigest(761qQk6dGMVAQ8XonNL6FhaQfxTAB3Z4j562eA4JxPjY), end_of_epoch_data None
[2m2025-03-25T07:54:41.519452Z[0m [32m INFO[0m [1mnode[0m[1m{[0m[3mname[0m[2m=[0mk#b3f3cbb4..[1m}[0m[2m:[0m [2msui_core::checkpoints::checkpoint_executor[0m[2m:[0m [2mcrates/sui-core/src/checkpoints/checkpoint_executor/mod.rs[0m[2m:[0m[2m332:[0m Received checkpoint summary from state sync [3msequence_number[0m[2m=[0m196
[2m2025-03-25T07:54:41.519569Z[0m [32m INFO[0m [1mnode[0m[1m{[0m[3mname[0m[2m=[0mk#b3f3cbb4..[1m}[0m[2m:[0m [2msui_core::checkpoints::checkpoint_executor[0m[2m:[0m [2mcrates/sui-core/src/checkpoints/checkpoint_executor/mod.rs[0m[2m:[0m[2m332:[0m Received checkpoint summary from state sync [3msequence_number[0m[2m=[0m197
[2m2025-03-25T07:54:41.521467Z[0m [32m INFO[0m [1mnode[0m[1m{[0m[3mname[0m[2m=[0mk#8dcff6d1..[1m}[0m[2m:[0m [2msui_core::checkpoints[0m[2m:[0m [2mcrates/sui-core/src/checkpoints/mod.rs[0m[2m:[0m[2m1326:[0m Creating checkpoint(s) for 1 transactions [3mnext_checkpoint_seq[0m[2m=[0m199 [3mcheckpoint_timestamp[0m[2m=[0m1742889280784
[2m2025-03-25T07:54:41.521653Z[0m [32m INFO[0m [1mnode[0m[1m{[0m[3mname[0m[2m=[0mk#8dcff6d1..[1m}[0m[2m:[0m [2msui_core::checkpoints::checkpoint_output[0m[2m:[0m [2mcrates/sui-core/src/checkpoints/checkpoint_output.rs[0m[2m:[0m[2m149:[0m Creating checkpoint CheckpointDigest(2sjsBHVoBurSVeRwpwGHhnHX1mSmjCJFdyYV7hCUqUJv) at epoch 0, sequence 199, previous digest Some(CheckpointDigest(6rqDGAHKPB1rKqKJ81TstTkKTeYhjmKDiJXjKZSVp55L)), transactions count 1, content digest CheckpointContentsDigest(761qQk6dGMVAQ8XonNL6FhaQfxTAB3Z4j562eA4JxPjY), end_of_epoch_data None
[2m2025-03-25T07:54:41.548757Z[0m [32m INFO[0m [1mnode[0m[1m{[0m[3mname[0m[2m=[0mk#addeef94..[1m}[0m[2m:[0m [2mconsensus_core::core[0m[2m:[0m [2mconsensus/core/src/core.rs[0m[2m:[0m[2m531:[0m Created block B107(C,f2GqulyjWdkAivJTonGfiyVZQFzX+BCLnK8TFIxmM0U=)(1742889281548ms;[B106(C,E8Kd0A/zkadcNMA20pZbU/sILD3ShoXPkWpVFeDts9Y=), B106(A,wTekpTim6Ryfdge3p3nhHBMObazkHKUXips4w1fhjE4=), B106(B,xtNUlicj3RLfxvHGDxp/BXICjdAXGWLDiXURSY6KQpc=)];2t;1c) for round 107
[2m2025-03-25T07:54:41.551435Z[0m [32m INFO[0m [1mnode[0m[1m{[0m[3mname[0m[2m=[0mk#8dcff6d1..[1m}[0m[2m:[0m [2mconsensus_core::core[0m[2m:[0m [2mconsensus/core/src/core.rs[0m[2m:[0m[2m531:[0m Created block B107(A,CVVL9YnqjebmL2C7MYlEKCpsflhnzhX8lh4jKVAfg0c=)(1742889281551ms;[B106(A,wTekpTim6Ryfdge3p3nhHBMObazkHKUXips4w1fhjE4=), B106(B,xtNUlicj3RLfxvHGDxp/BXICjdAXGWLDiXURSY6KQpc=), B106(C,E8Kd0A/zkadcNMA20pZbU/sILD3ShoXPkWpVFeDts9Y=)];2t;1c) for round 107
[2m2025-03-25T07:54:41.551433Z[0m [32m INFO[0m [1mnode[0m[1m{[0m[3mname[0m[2m=[0mk#99f25ef6..[1m}[0m[2m:[0m [2mconsensus_core::core[0m[2m:[0m [2mconsensus/core/src/core.rs[0m[2m:[0m[2m531:[0m Created block B107(B,Yk9EoOnbqTjCq7DPK/syjC0kLxLEOh6hpIOmwHgEQCA=)(1742889281551ms;[B106(B,xtNUlicj3RLfxvHGDxp/BXICjdAXGWLDiXURSY6KQpc=), B106(A,wTekpTim6Ryfdge3p3nhHBMObazkHKUXips4w1fhjE4=), B106(C,E8Kd0A/zkadcNMA20pZbU/sILD3ShoXPkWpVFeDts9Y=)];2t;1c) for round 107
[2m2025-03-25T07:54:41.551520Z[0m [32m INFO[0m [1mnode[0m[1m{[0m[3mname[0m[2m=[0mk#8dcff6d1..[1m}[0m[2m:[0m [2mconsensus_core::core[0m[2m:[0m [2mconsensus/core/src/core.rs[0m[2m:[0m[2m630:[0m Committing 1 leaders: B105(C,LRHD)
[2m2025-03-25T07:54:41.551520Z[0m [32m INFO[0m [1mnode[0m[1m{[0m[3mname[0m[2m=[0mk#99f25ef6..[1m}[0m[2m:[0m [2mconsensus_core::core[0m[2m:[0m [2mconsensus/core/src/core.rs[0m[2m:[0m[2m630:[0m Committing 1 leaders: B105(C,LRHD)
[2m2025-03-25T07:54:41.551589Z[0m [32m INFO[0m [1mnode[0m[1m{[0m[3mname[0m[2m=[0mk#8dcff6d1..[1m}[0m[2m:[0m [2mconsensus_core::commit_observer[0m[2m:[0m [2mconsensus/core/src/commit_observer.rs[0m[2m:[0m[2m173:[0m Consensus commit C104(5oyp) with leader B105(C,LRHD) has 3 blocks
[2m2025-03-25T07:54:41.551589Z[0m [32m INFO[0m [1mnode[0m[1m{[0m[3mname[0m[2m=[0mk#99f25ef6..[1m}[0m[2m:[0m [2mconsensus_core::commit_observer[0m[2m:[0m [2mconsensus/core/src/commit_observer.rs[0m[2m:[0m[2m173:[0m Consensus commit C104(5oyp) with leader B105(C,LRHD) has 3 blocks
[2m2025-03-25T07:54:41.551680Z[0m [32m INFO[0m [1mnode[0m[1m{[0m[3mname[0m[2m=[0mk#8dcff6d1..[1m}[0m[2m:[0m [2msui_core::consensus_handler[0m[2m:[0m [2mcrates/sui-core/src/consensus_handler.rs[0m[2m:[0m[2m232:[0m Received consensus output [3mconsensus_commit[0m[2m=[0mCommittedSubDag(leader=B105(C,LRHD), ref=C104(5oyp), blocks=[FDUD, 4jvD, LRHD]) [3mepoch[0m[2m=[0m0
[2m2025-03-25T07:54:41.551680Z[0m [32m INFO[0m [1mnode[0m[1m{[0m[3mname[0m[2m=[0mk#99f25ef6..[1m}[0m[2m:[0m [2msui_core::consensus_handler[0m[2m:[0m [2mcrates/sui-core/src/consensus_handler.rs[0m[2m:[0m[2m232:[0m Received consensus output [3mconsensus_commit[0m[2m=[0mCommittedSubDag(leader=B105(C,LRHD), ref=C104(5oyp), blocks=[FDUD, 4jvD, LRHD]) [3mepoch[0m[2m=[0m0
[2m2025-03-25T07:54:41.554666Z[0m [32m INFO[0m [1mnode[0m[1m{[0m[3mname[0m[2m=[0mk#addeef94..[1m}[0m[2m:[0m [2mconsensus_core::core[0m[2m:[0m [2mconsensus/core/src/core.rs[0m[2m:[0m[2m630:[0m Committing 1 leaders: B105(C,LRHD)
[2m2025-03-25T07:54:41.554756Z[0m [32m INFO[0m [1mnode[0m[1m{[0m[3mname[0m[2m=[0mk#addeef94..[1m}[0m[2m:[0m [2mconsensus_core::commit_observer[0m[2m:[0m [2mconsensus/core/src/commit_observer.rs[0m[2m:[0m[2m173:[0m Consensus commit C104(5oyp) with leader B105(C,LRHD) has 3 blocks
[2m2025-03-25T07:54:41.554832Z[0m [32m INFO[0m [1mnode[0m[1m{[0m[3mname[0m[2m=[0mk#addeef94..[1m}[0m[2m:[0m [2msui_core::consensus_handler[0m[2m:[0m [2mcrates/sui-core/src/consensus_handler.rs[0m[2m:[0m[2m232:[0m Received consensus output [3mconsensus_commit[0m[2m=[0mCommittedSubDag(leader=B105(C,LRHD), ref=C104(5oyp), blocks=[FDUD, 4jvD, LRHD]) [3mepoch[0m[2m=[0m0
[2m2025-03-25T07:54:41.609371Z[0m [32m INFO[0m [1mnode[0m[1m{[0m[3mname[0m[2m=[0mk#b3f3cbb4..[1m}[0m[2m:[0m [2msui_core::state_accumulator[0m[2m:[0m [2mcrates/sui-core/src/state_accumulator.rs[0m[2m:[0m[2m675:[0m accumulating running root for checkpoint 196
[2m2025-03-25T07:54:41.609874Z[0m [32m INFO[0m [1mnode[0m[1m{[0m[3mname[0m[2m=[0mk#b3f3cbb4..[1m}[0m[2m:[0m [2msui_core::state_accumulator[0m[2m:[0m [2mcrates/sui-core/src/state_accumulator.rs[0m[2m:[0m[2m675:[0m accumulating running root for checkpoint 197
[2m2025-03-25T07:54:41.646964Z[0m [32m INFO[0m [1mnode[0m[1m{[0m[3mname[0m[2m=[0mk#8dcff6d1..[1m}[0m[2m:[0m [2msui_core::checkpoints[0m[2m:[0m [2mcrates/sui-core/src/checkpoints/mod.rs[0m[2m:[0m[2m1326:[0m Creating checkpoint(s) for 1 transactions [3mnext_checkpoint_seq[0m[2m=[0m200 [3mcheckpoint_timestamp[0m[2m=[0m1742889281038
[2m2025-03-25T07:54:41.647199Z[0m [32m INFO[0m [1mnode[0m[1m{[0m[3mname[0m[2m=[0mk#8dcff6d1..[1m}[0m[2m:[0m [2msui_core::checkpoints::checkpoint_output[0m[2m:[0m [2mcrates/sui-core/src/checkpoints/checkpoint_output.rs[0m[2m:[0m[2m149:[0m Creating checkpoint CheckpointDigest(4BGfFFPJFdTTtyZN8AR7Fzs4yaxFvFsr8tYPdNsYEeyM) at epoch 0, sequence 200, previous digest Some(CheckpointDigest(2sjsBHVoBurSVeRwpwGHhnHX1mSmjCJFdyYV7hCUqUJv)), transactions count 1, content digest CheckpointContentsDigest(7E8XhqVUTMUhfohFqZHFLgQ1itezjkCdzMMMUSPCkoLJ), end_of_epoch_data None
[2m2025-03-25T07:54:41.648372Z[0m [32m INFO[0m [1mnode[0m[1m{[0m[3mname[0m[2m=[0mk#addeef94..[1m}[0m[2m:[0m [2msui_core::checkpoints[0m[2m:[0m [2mcrates/sui-core/src/checkpoints/mod.rs[0m[2m:[0m[2m1326:[0m Creating checkpoint(s) for 1 transactions [3mnext_checkpoint_seq[0m[2m=[0m200 [3mcheckpoint_timestamp[0m[2m=[0m1742889281038
[2m2025-03-25T07:54:41.648552Z[0m [32m INFO[0m [1mnode[0m[1m{[0m[3mname[0m[2m=[0mk#addeef94..[1m}[0m[2m:[0m [2msui_core::checkpoints::checkpoint_output[0m[2m:[0m [2mcrates/sui-core/src/checkpoints/checkpoint_output.rs[0m[2m:[0m[2m149:[0m Creating checkpoint CheckpointDigest(4BGfFFPJFdTTtyZN8AR7Fzs4yaxFvFsr8tYPdNsYEeyM) at epoch 0, sequence 200, previous digest Some(CheckpointDigest(2sjsBHVoBurSVeRwpwGHhnHX1mSmjCJFdyYV7hCUqUJv)), transactions count 1, content digest CheckpointContentsDigest(7E8XhqVUTMUhfohFqZHFLgQ1itezjkCdzMMMUSPCkoLJ), end_of_epoch_data None
[2m2025-03-25T07:54:41.649540Z[0m [32m INFO[0m [1mnode[0m[1m{[0m[3mname[0m[2m=[0mk#99f25ef6..[1m}[0m[2m:[0m [2msui_core::checkpoints[0m[2m:[0m [2mcrates/sui-core/src/checkpoints/mod.rs[0m[2m:[0m[2m1326:[0m Creating checkpoint(s) for 1 transactions [3mnext_checkpoint_seq[0m[2m=[0m200 [3mcheckpoint_timestamp[0m[2m=[0m1742889281038
[2m2025-03-25T07:54:41.649707Z[0m [32m INFO[0m [1mnode[0m[1m{[0m[3mname[0m[2m=[0mk#99f25ef6..[1m}[0m[2m:[0m [2msui_core::checkpoints::checkpoint_output[0m[2m:[0m [2mcrates/sui-core/src/checkpoints/checkpoint_output.rs[0m[2m:[0m[2m149:[0m Creating checkpoint CheckpointDigest(4BGfFFPJFdTTtyZN8AR7Fzs4yaxFvFsr8tYPdNsYEeyM) at epoch 0, sequence 200, previous digest Some(CheckpointDigest(2sjsBHVoBurSVeRwpwGHhnHX1mSmjCJFdyYV7hCUqUJv)), transactions count 1, content digest CheckpointContentsDigest(7E8XhqVUTMUhfohFqZHFLgQ1itezjkCdzMMMUSPCkoLJ), end_of_epoch_data None
[2m2025-03-25T07:54:41.651932Z[0m [32m INFO[0m [1mnode[0m[1m{[0m[3mname[0m[2m=[0mk#8dcff6d1..[1m}[0m[2m:[0m [2msui_core::checkpoints::checkpoint_output[0m[2m:[0m [2mcrates/sui-core/src/checkpoints/checkpoint_output.rs[0m[2m:[0m[2m196:[0m Certified checkpoint with sequence 198 and digest 6rqDGAHKPB1rKqKJ81TstTkKTeYhjmKDiJXjKZSVp55L
[2m2025-03-25T07:54:41.651955Z[0m [32m INFO[0m [1mnode[0m[1m{[0m[3mname[0m[2m=[0mk#8dcff6d1..[1m}[0m[2m:[0m [2msui_core::checkpoints::checkpoint_output[0m[2m:[0m [2mcrates/sui-core/src/checkpoints/checkpoint_output.rs[0m[2m:[0m[2m196:[0m Certified checkpoint with sequence 199 and digest 2sjsBHVoBurSVeRwpwGHhnHX1mSmjCJFdyYV7hCUqUJv
[2m2025-03-25T07:54:41.652857Z[0m [32m INFO[0m [1mnode[0m[1m{[0m[3mname[0m[2m=[0mk#8dcff6d1..[1m}[0m[2m:[0m [2msui_core::checkpoints::checkpoint_executor[0m[2m:[0m [2mcrates/sui-core/src/checkpoints/checkpoint_executor/mod.rs[0m[2m:[0m[2m332:[0m Received checkpoint summary from state sync [3msequence_number[0m[2m=[0m198
[2m2025-03-25T07:54:41.652990Z[0m [32m INFO[0m [1mnode[0m[1m{[0m[3mname[0m[2m=[0mk#8dcff6d1..[1m}[0m[2m:[0m [2msui_core::checkpoints::checkpoint_executor[0m[2m:[0m [2mcrates/sui-core/src/checkpoints/checkpoint_executor/mod.rs[0m[2m:[0m[2m332:[0m Received checkpoint summary from state sync [3msequence_number[0m[2m=[0m199
[2m2025-03-25T07:54:41.654160Z[0m [32m INFO[0m [1mnode[0m[1m{[0m[3mname[0m[2m=[0mk#99f25ef6..[1m}[0m[2m:[0m [2msui_core::checkpoints::checkpoint_output[0m[2m:[0m [2mcrates/sui-core/src/checkpoints/checkpoint_output.rs[0m[2m:[0m[2m196:[0m Certified checkpoint with sequence 198 and digest 6rqDGAHKPB1rKqKJ81TstTkKTeYhjmKDiJXjKZSVp55L
[2m2025-03-25T07:54:41.654179Z[0m [32m INFO[0m [1mnode[0m[1m{[0m[3mname[0m[2m=[0mk#99f25ef6..[1m}[0m[2m:[0m [2msui_core::checkpoints::checkpoint_output[0m[2m:[0m [2mcrates/sui-core/src/checkpoints/checkpoint_output.rs[0m[2m:[0m[2m196:[0m Certified checkpoint with sequence 199 and digest 2sjsBHVoBurSVeRwpwGHhnHX1mSmjCJFdyYV7hCUqUJv
[2m2025-03-25T07:54:41.654826Z[0m [32m INFO[0m [1mnode[0m[1m{[0m[3mname[0m[2m=[0mk#8dcff6d1..[1m}[0m[2m:[0m [2msui_core::state_accumulator[0m[2m:[0m [2mcrates/sui-core/src/state_accumulator.rs[0m[2m:[0m[2m675:[0m accumulating running root for checkpoint 198
[2m2025-03-25T07:54:41.655088Z[0m [32m INFO[0m [1mnode[0m[1m{[0m[3mname[0m[2m=[0mk#99f25ef6..[1m}[0m[2m:[0m [2msui_core::checkpoints::checkpoint_executor[0m[2m:[0m [2mcrates/sui-core/src/checkpoints/checkpoint_executor/mod.rs[0m[2m:[0m[2m332:[0m Received checkpoint summary from state sync [3msequence_number[0m[2m=[0m198
[2m2025-03-25T07:54:41.655206Z[0m [32m INFO[0m [1mnode[0m[1m{[0m[3mname[0m[2m=[0mk#99f25ef6..[1m}[0m[2m:[0m [2msui_core::checkpoints::checkpoint_executor[0m[2m:[0m [2mcrates/sui-core/src/checkpoints/checkpoint_executor/mod.rs[0m[2m:[0m[2m332:[0m Received checkpoint summary from state sync [3msequence_number[0m[2m=[0m199
[2m2025-03-25T07:54:41.655271Z[0m [32m INFO[0m [1mnode[0m[1m{[0m[3mname[0m[2m=[0mk#8dcff6d1..[1m}[0m[2m:[0m [2msui_core::state_accumulator[0m[2m:[0m [2mcrates/sui-core/src/state_accumulator.rs[0m[2m:[0m[2m675:[0m accumulating running root for checkpoint 199
[2m2025-03-25T07:54:41.656977Z[0m [32m INFO[0m [1mnode[0m[1m{[0m[3mname[0m[2m=[0mk#99f25ef6..[1m}[0m[2m:[0m [2msui_core::state_accumulator[0m[2m:[0m [2mcrates/sui-core/src/state_accumulator.rs[0m[2m:[0m[2m675:[0m accumulating running root for checkpoint 198
[2m2025-03-25T07:54:41.657401Z[0m [32m INFO[0m [1mnode[0m[1m{[0m[3mname[0m[2m=[0mk#99f25ef6..[1m}[0m[2m:[0m [2msui_core::state_accumulator[0m[2m:[0m [2mcrates/sui-core/src/state_accumulator.rs[0m[2m:[0m[2m675:[0m accumulating running root for checkpoint 199
[2m2025-03-25T07:54:41.752361Z[0m [32m INFO[0m [1mnode[0m[1m{[0m[3mname[0m[2m=[0mk#addeef94..[1m}[0m[2m:[0m [2msui_core::checkpoints[0m[2m:[0m [2mcrates/sui-core/src/checkpoints/mod.rs[0m[2m:[0m[2m1326:[0m Creating checkpoint(s) for 1 transactions [3mnext_checkpoint_seq[0m[2m=[0m201 [3mcheckpoint_timestamp[0m[2m=[0m1742889281038
[2m2025-03-25T07:54:41.752611Z[0m [32m INFO[0m [1mnode[0m[1m{[0m[3mname[0m[2m=[0mk#addeef94..[1m}[0m[2m:[0m [2msui_core::checkpoints::checkpoint_output[0m[2m:[0m [2mcrates/sui-core/src/checkpoints/checkpoint_output.rs[0m[2m:[0m[2m149:[0m Creating checkpoint CheckpointDigest(BgnRbU6JT1oXZ8snoYC17pPvDZ11TfQ1ysY6veREvBNw) at epoch 0, sequence 201, previous digest Some(CheckpointDigest(4BGfFFPJFdTTtyZN8AR7Fzs4yaxFvFsr8tYPdNsYEeyM)), transactions count 1, content digest CheckpointContentsDigest(XGHzT5ttFVss2kkeGZQUCcpQiV4X8Rv3PMbM5h3tWWy), end_of_epoch_data None
[2m2025-03-25T07:54:41.763820Z[0m [32m INFO[0m [1mnode[0m[1m{[0m[3mname[0m[2m=[0mk#addeef94..[1m}[0m[2m:[0m [2msui_core::checkpoints::checkpoint_executor[0m[2m:[0m [2mcrates/sui-core/src/checkpoints/checkpoint_executor/mod.rs[0m[2m:[0m[2m332:[0m Received checkpoint summary from state sync [3msequence_number[0m[2m=[0m198
[2m2025-03-25T07:54:41.763950Z[0m [32m INFO[0m [1mnode[0m[1m{[0m[3mname[0m[2m=[0mk#addeef94..[1m}[0m[2m:[0m [2msui_core::checkpoints::checkpoint_executor[0m[2m:[0m [2mcrates/sui-core/src/checkpoints/checkpoint_executor/mod.rs[0m[2m:[0m[2m332:[0m Received checkpoint summary from state sync [3msequence_number[0m[2m=[0m199
[2m2025-03-25T07:54:41.765156Z[0m [32m INFO[0m [1mnode[0m[1m{[0m[3mname[0m[2m=[0mk#addeef94..[1m}[0m[2m:[0m [2msui_core::state_accumulator[0m[2m:[0m [2mcrates/sui-core/src/state_accumulator.rs[0m[2m:[0m[2m675:[0m accumulating running root for checkpoint 198
[2m2025-03-25T07:54:41.765583Z[0m [32m INFO[0m [1mnode[0m[1m{[0m[3mname[0m[2m=[0mk#addeef94..[1m}[0m[2m:[0m [2msui_core::state_accumulator[0m[2m:[0m [2mcrates/sui-core/src/state_accumulator.rs[0m[2m:[0m[2m675:[0m accumulating running root for checkpoint 199
[2m2025-03-25T07:54:41.767490Z[0m [32m INFO[0m [1mnode[0m[1m{[0m[3mname[0m[2m=[0mk#99f25ef6..[1m}[0m[2m:[0m [2msui_core::checkpoints[0m[2m:[0m [2mcrates/sui-core/src/checkpoints/mod.rs[0m[2m:[0m[2m1326:[0m Creating checkpoint(s) for 1 transactions [3mnext_checkpoint_seq[0m[2m=[0m201 [3mcheckpoint_timestamp[0m[2m=[0m1742889281038
[2m2025-03-25T07:54:41.767703Z[0m [32m INFO[0m [1mnode[0m[1m{[0m[3mname[0m[2m=[0mk#8dcff6d1..[1m}[0m[2m:[0m [2msui_core::checkpoints[0m[2m:[0m [2mcrates/sui-core/src/checkpoints/mod.rs[0m[2m:[0m[2m1326:[0m Creating checkpoint(s) for 1 transactions [3mnext_checkpoint_seq[0m[2m=[0m201 [3mcheckpoint_timestamp[0m[2m=[0m1742889281038
[2m2025-03-25T07:54:41.767708Z[0m [32m INFO[0m [1mnode[0m[1m{[0m[3mname[0m[2m=[0mk#99f25ef6..[1m}[0m[2m:[0m [2msui_core::checkpoints::checkpoint_output[0m[2m:[0m [2mcrates/sui-core/src/checkpoints/checkpoint_output.rs[0m[2m:[0m[2m149:[0m Creating checkpoint CheckpointDigest(BgnRbU6JT1oXZ8snoYC17pPvDZ11TfQ1ysY6veREvBNw) at epoch 0, sequence 201, previous digest Some(CheckpointDigest(4BGfFFPJFdTTtyZN8AR7Fzs4yaxFvFsr8tYPdNsYEeyM)), transactions count 1, content digest CheckpointContentsDigest(XGHzT5ttFVss2kkeGZQUCcpQiV4X8Rv3PMbM5h3tWWy), end_of_epoch_data None
[2m2025-03-25T07:54:41.767886Z[0m [32m INFO[0m [1mnode[0m[1m{[0m[3mname[0m[2m=[0mk#8dcff6d1..[1m}[0m[2m:[0m [2msui_core::checkpoints::checkpoint_output[0m[2m:[0m [2mcrates/sui-core/src/checkpoints/checkpoint_output.rs[0m[2m:[0m[2m149:[0m Creating checkpoint CheckpointDigest(BgnRbU6JT1oXZ8snoYC17pPvDZ11TfQ1ysY6veREvBNw) at epoch 0, sequence 201, previous digest Some(CheckpointDigest(4BGfFFPJFdTTtyZN8AR7Fzs4yaxFvFsr8tYPdNsYEeyM)), transactions count 1, content digest CheckpointContentsDigest(XGHzT5ttFVss2kkeGZQUCcpQiV4X8Rv3PMbM5h3tWWy), end_of_epoch_data None
[2m2025-03-25T07:54:41.768421Z[0m [32m INFO[0m [1mnode[0m[1m{[0m[3mname[0m[2m=[0mk#99f25ef6..[1m}[0m[2m:[0m [2mconsensus_core::commit_syncer[0m[2m:[0m [2mconsensus/core/src/commit_syncer.rs[0m[2m:[0m[2m196:[0m Checking to schedule fetches: synced_commit_index=104, highest_handled_index=104, highest_scheduled_index=0, quorum_commit_index=103, unhandled_commits_threshold=3200
[2m2025-03-25T07:54:41.770841Z[0m [32m INFO[0m [1mnode[0m[1m{[0m[3mname[0m[2m=[0mk#b3f3cbb4..[1m}[0m[2m:[0m [2msui_core::checkpoints::checkpoint_executor[0m[2m:[0m [2mcrates/sui-core/src/checkpoints/checkpoint_executor/mod.rs[0m[2m:[0m[2m332:[0m Received checkpoint summary from state sync [3msequence_number[0m[2m=[0m198
[2m2025-03-25T07:54:41.770972Z[0m [32m INFO[0m [1mnode[0m[1m{[0m[3mname[0m[2m=[0mk#b3f3cbb4..[1m}[0m[2m:[0m [2msui_core::checkpoints::checkpoint_executor[0m[2m:[0m [2mcrates/sui-core/src/checkpoints/checkpoint_executor/mod.rs[0m[2m:[0m[2m332:[0m Received checkpoint summary from state sync [3msequence_number[0m[2m=[0m199
[2m2025-03-25T07:54:41.804937Z[0m [32m INFO[0m [1mnode[0m[1m{[0m[3mname[0m[2m=[0mk#8dcff6d1..[1m}[0m[2m:[0m [2mconsensus_core::core[0m[2m:[0m [2mconsensus/core/src/core.rs[0m[2m:[0m[2m531:[0m Created block B108(A,my7y0fz1kxcyorVV372ZYYJtZAHwMHBV5wwTwQ+46xs=)(1742889281804ms;[B107(A,CVVL9YnqjebmL2C7MYlEKCpsflhnzhX8lh4jKVAfg0c=), B107(B,Yk9EoOnbqTjCq7DPK/syjC0kLxLEOh6hpIOmwHgEQCA=), B107(C,f2GqulyjWdkAivJTonGfiyVZQFzX+BCLnK8TFIxmM0U=)];2t;1c) for round 108
[2m2025-03-25T07:54:41.804941Z[0m [32m INFO[0m [1mnode[0m[1m{[0m[3mname[0m[2m=[0mk#99f25ef6..[1m}[0m[2m:[0m [2mconsensus_core::core[0m[2m:[0m [2mconsensus/core/src/core.rs[0m[2m:[0m[2m531:[0m Created block B108(B,4egfqoBCDNxgoN3GpzuJm++Ck/dKPPc5tc4axNc79Lk=)(1742889281804ms;[B107(B,Yk9EoOnbqTjCq7DPK/syjC0kLxLEOh6hpIOmwHgEQCA=), B107(A,CVVL9YnqjebmL2C7MYlEKCpsflhnzhX8lh4jKVAfg0c=), B107(C,f2GqulyjWdkAivJTonGfiyVZQFzX+BCLnK8TFIxmM0U=)];2t;1c) for round 108
[2m2025-03-25T07:54:41.807640Z[0m [32m INFO[0m [1mnode[0m[1m{[0m[3mname[0m[2m=[0mk#addeef94..[1m}[0m[2m:[0m [2mconsensus_core::core[0m[2m:[0m [2mconsensus/core/src/core.rs[0m[2m:[0m[2m531:[0m Created block B108(C,vtcuGoI2vz9q+D+Ad0ycMheYsLqcCXFM39MGmUvx3jg=)(1742889281807ms;[B107(C,f2GqulyjWdkAivJTonGfiyVZQFzX+BCLnK8TFIxmM0U=), B107(A,CVVL9YnqjebmL2C7MYlEKCpsflhnzhX8lh4jKVAfg0c=), B107(B,Yk9EoOnbqTjCq7DPK/syjC0kLxLEOh6hpIOmwHgEQCA=)];2t;1c) for round 108
[2m2025-03-25T07:54:41.807722Z[0m [32m INFO[0m [1mnode[0m[1m{[0m[3mname[0m[2m=[0mk#addeef94..[1m}[0m[2m:[0m [2mconsensus_core::core[0m[2m:[0m [2mconsensus/core/src/core.rs[0m[2m:[0m[2m630:[0m Committing 1 leaders: B106(C,E8Kd)
[2m2025-03-25T07:54:41.807791Z[0m [32m INFO[0m [1mnode[0m[1m{[0m[3mname[0m[2m=[0mk#addeef94..[1m}[0m[2m:[0m [2mconsensus_core::commit_observer[0m[2m:[0m [2mconsensus/core/src/commit_observer.rs[0m[2m:[0m[2m173:[0m Consensus commit C105(HLJg) with leader B106(C,E8Kd) has 3 blocks
[2m2025-03-25T07:54:41.807877Z[0m [32m INFO[0m [1mnode[0m[1m{[0m[3mname[0m[2m=[0mk#addeef94..[1m}[0m[2m:[0m [2msui_core::consensus_handler[0m[2m:[0m [2mcrates/sui-core/src/consensus_handler.rs[0m[2m:[0m[2m232:[0m Received consensus output [3mconsensus_commit[0m[2m=[0mCommittedSubDag(leader=B106(C,E8Kd), ref=C105(HLJg), blocks=[KOYS, bT2U, E8Kd]) [3mepoch[0m[2m=[0m0
[2m2025-03-25T07:54:41.810745Z[0m [32m INFO[0m [1mnode[0m[1m{[0m[3mname[0m[2m=[0mk#99f25ef6..[1m}[0m[2m:[0m [2mconsensus_core::core[0m[2m:[0m [2mconsensus/core/src/core.rs[0m[2m:[0m[2m630:[0m Committing 1 leaders: B106(C,E8Kd)
[2m2025-03-25T07:54:41.810750Z[0m [32m INFO[0m [1mnode[0m[1m{[0m[3mname[0m[2m=[0mk#8dcff6d1..[1m}[0m[2m:[0m [2mconsensus_core::core[0m[2m:[0m [2mconsensus/core/src/core.rs[0m[2m:[0m[2m630:[0m Committing 1 leaders: B106(C,E8Kd)
[2m2025-03-25T07:54:41.810834Z[0m [32m INFO[0m [1mnode[0m[1m{[0m[3mname[0m[2m=[0mk#99f25ef6..[1m}[0m[2m:[0m [2mconsensus_core::commit_observer[0m[2m:[0m [2mconsensus/core/src/commit_observer.rs[0m[2m:[0m[2m173:[0m Consensus commit C105(HLJg) with leader B106(C,E8Kd) has 3 blocks
[2m2025-03-25T07:54:41.810838Z[0m [32m INFO[0m [1mnode[0m[1m{[0m[3mname[0m[2m=[0mk#8dcff6d1..[1m}[0m[2m:[0m [2mconsensus_core::commit_observer[0m[2m:[0m [2mconsensus/core/src/commit_observer.rs[0m[2m:[0m[2m173:[0m Consensus commit C105(HLJg) with leader B106(C,E8Kd) has 3 blocks
[2m2025-03-25T07:54:41.810908Z[0m [32m INFO[0m [1mnode[0m[1m{[0m[3mname[0m[2m=[0mk#99f25ef6..[1m}[0m[2m:[0m [2msui_core::consensus_handler[0m[2m:[0m [2mcrates/sui-core/src/consensus_handler.rs[0m[2m:[0m[2m232:[0m Received consensus output [3mconsensus_commit[0m[2m=[0mCommittedSubDag(leader=B106(C,E8Kd), ref=C105(HLJg), blocks=[KOYS, bT2U, E8Kd]) [3mepoch[0m[2m=[0m0
[2m2025-03-25T07:54:41.810911Z[0m [32m INFO[0m [1mnode[0m[1m{[0m[3mname[0m[2m=[0mk#8dcff6d1..[1m}[0m[2m:[0m [2msui_core::consensus_handler[0m[2m:[0m [2mcrates/sui-core/src/consensus_handler.rs[0m[2m:[0m[2m232:[0m Received consensus output [3mconsensus_commit[0m[2m=[0mCommittedSubDag(leader=B106(C,E8Kd), ref=C105(HLJg), blocks=[KOYS, bT2U, E8Kd]) [3mepoch[0m[2m=[0m0
[2m2025-03-25T07:54:41.860552Z[0m [32m INFO[0m [1mnode[0m[1m{[0m[3mname[0m[2m=[0mk#b3f3cbb4..[1m}[0m[2m:[0m [2msui_core::state_accumulator[0m[2m:[0m [2mcrates/sui-core/src/state_accumulator.rs[0m[2m:[0m[2m675:[0m accumulating running root for checkpoint 198
[2m2025-03-25T07:54:41.861045Z[0m [32m INFO[0m [1mnode[0m[1m{[0m[3mname[0m[2m=[0mk#b3f3cbb4..[1m}[0m[2m:[0m [2msui_core::state_accumulator[0m[2m:[0m [2mcrates/sui-core/src/state_accumulator.rs[0m[2m:[0m[2m675:[0m accumulating running root for checkpoint 199
[2m2025-03-25T07:54:41.901702Z[0m [32m INFO[0m [1mnode[0m[1m{[0m[3mname[0m[2m=[0mk#8dcff6d1..[1m}[0m[2m:[0m [2msui_core::checkpoints[0m[2m:[0m [2mcrates/sui-core/src/checkpoints/mod.rs[0m[2m:[0m[2m1326:[0m Creating checkpoint(s) for 1 transactions [3mnext_checkpoint_seq[0m[2m=[0m202 [3mcheckpoint_timestamp[0m[2m=[0m1742889281295
[2m2025-03-25T07:54:41.901702Z[0m [32m INFO[0m [1mnode[0m[1m{[0m[3mname[0m[2m=[0mk#addeef94..[1m}[0m[2m:[0m [2msui_core::checkpoints[0m[2m:[0m [2mcrates/sui-core/src/checkpoints/mod.rs[0m[2m:[0m[2m1326:[0m Creating checkpoint(s) for 1 transactions [3mnext_checkpoint_seq[0m[2m=[0m202 [3mcheckpoint_timestamp[0m[2m=[0m1742889281295
[2m2025-03-25T07:54:41.901937Z[0m [32m INFO[0m [1mnode[0m[1m{[0m[3mname[0m[2m=[0mk#addeef94..[1m}[0m[2m:[0m [2msui_core::checkpoints::checkpoint_output[0m[2m:[0m [2mcrates/sui-core/src/checkpoints/checkpoint_output.rs[0m[2m:[0m[2m149:[0m Creating checkpoint CheckpointDigest(ASvUqs9fwuMEcTqVPRnQY2qZedpJcALmmpvMjFqxqNRq) at epoch 0, sequence 202, previous digest Some(CheckpointDigest(BgnRbU6JT1oXZ8snoYC17pPvDZ11TfQ1ysY6veREvBNw)), transactions count 1, content digest CheckpointContentsDigest(EKMLctXKxLumHAKpZoCDzEtKi4ip39hwwPk5nv5rNw9x), end_of_epoch_data None
[2m2025-03-25T07:54:41.901937Z[0m [32m INFO[0m [1mnode[0m[1m{[0m[3mname[0m[2m=[0mk#8dcff6d1..[1m}[0m[2m:[0m [2msui_core::checkpoints::checkpoint_output[0m[2m:[0m [2mcrates/sui-core/src/checkpoints/checkpoint_output.rs[0m[2m:[0m[2m149:[0m Creating checkpoint CheckpointDigest(ASvUqs9fwuMEcTqVPRnQY2qZedpJcALmmpvMjFqxqNRq) at epoch 0, sequence 202, previous digest Some(CheckpointDigest(BgnRbU6JT1oXZ8snoYC17pPvDZ11TfQ1ysY6veREvBNw)), transactions count 1, content digest CheckpointContentsDigest(EKMLctXKxLumHAKpZoCDzEtKi4ip39hwwPk5nv5rNw9x), end_of_epoch_data None
[2m2025-03-25T07:54:41.902538Z[0m [32m INFO[0m [1mnode[0m[1m{[0m[3mname[0m[2m=[0mk#99f25ef6..[1m}[0m[2m:[0m [2msui_core::checkpoints[0m[2m:[0m [2mcrates/sui-core/src/checkpoints/mod.rs[0m[2m:[0m[2m1326:[0m Creating checkpoint(s) for 1 transactions [3mnext_checkpoint_seq[0m[2m=[0m202 [3mcheckpoint_timestamp[0m[2m=[0m1742889281295
[2m2025-03-25T07:54:41.902709Z[0m [32m INFO[0m [1mnode[0m[1m{[0m[3mname[0m[2m=[0mk#99f25ef6..[1m}[0m[2m:[0m [2msui_core::checkpoints::checkpoint_output[0m[2m:[0m [2mcrates/sui-core/src/checkpoints/checkpoint_output.rs[0m[2m:[0m[2m149:[0m Creating checkpoint CheckpointDigest(ASvUqs9fwuMEcTqVPRnQY2qZedpJcALmmpvMjFqxqNRq) at epoch 0, sequence 202, previous digest Some(CheckpointDigest(BgnRbU6JT1oXZ8snoYC17pPvDZ11TfQ1ysY6veREvBNw)), transactions count 1, content digest CheckpointContentsDigest(EKMLctXKxLumHAKpZoCDzEtKi4ip39hwwPk5nv5rNw9x), end_of_epoch_data None
[2m2025-03-25T07:54:41.906602Z[0m [32m INFO[0m [1mnode[0m[1m{[0m[3mname[0m[2m=[0mk#8dcff6d1..[1m}[0m[2m:[0m [2msui_core::checkpoints::checkpoint_output[0m[2m:[0m [2mcrates/sui-core/src/checkpoints/checkpoint_output.rs[0m[2m:[0m[2m196:[0m Certified checkpoint with sequence 200 and digest 4BGfFFPJFdTTtyZN8AR7Fzs4yaxFvFsr8tYPdNsYEeyM
[2m2025-03-25T07:54:41.906624Z[0m [32m INFO[0m [1mnode[0m[1m{[0m[3mname[0m[2m=[0mk#8dcff6d1..[1m}[0m[2m:[0m [2msui_core::checkpoints::checkpoint_output[0m[2m:[0m [2mcrates/sui-core/src/checkpoints/checkpoint_output.rs[0m[2m:[0m[2m196:[0m Certified checkpoint with sequence 201 and digest BgnRbU6JT1oXZ8snoYC17pPvDZ11TfQ1ysY6veREvBNw
[2m2025-03-25T07:54:41.907157Z[0m [32m INFO[0m [1mnode[0m[1m{[0m[3mname[0m[2m=[0mk#99f25ef6..[1m}[0m[2m:[0m [2msui_core::checkpoints::checkpoint_output[0m[2m:[0m [2mcrates/sui-core/src/checkpoints/checkpoint_output.rs[0m[2m:[0m[2m196:[0m Certified checkpoint with sequence 200 and digest 4BGfFFPJFdTTtyZN8AR7Fzs4yaxFvFsr8tYPdNsYEeyM
[2m2025-03-25T07:54:41.907176Z[0m [32m INFO[0m [1mnode[0m[1m{[0m[3mname[0m[2m=[0mk#99f25ef6..[1m}[0m[2m:[0m [2msui_core::checkpoints::checkpoint_output[0m[2m:[0m [2mcrates/sui-core/src/checkpoints/checkpoint_output.rs[0m[2m:[0m[2m196:[0m Certified checkpoint with sequence 201 and digest BgnRbU6JT1oXZ8snoYC17pPvDZ11TfQ1ysY6veREvBNw
[2m2025-03-25T07:54:41.907545Z[0m [32m INFO[0m [1mnode[0m[1m{[0m[3mname[0m[2m=[0mk#8dcff6d1..[1m}[0m[2m:[0m [2msui_core::checkpoints::checkpoint_executor[0m[2m:[0m [2mcrates/sui-core/src/checkpoints/checkpoint_executor/mod.rs[0m[2m:[0m[2m332:[0m Received checkpoint summary from state sync [3msequence_number[0m[2m=[0m200
[2m2025-03-25T07:54:41.907681Z[0m [32m INFO[0m [1mnode[0m[1m{[0m[3mname[0m[2m=[0mk#8dcff6d1..[1m}[0m[2m:[0m [2msui_core::checkpoints::checkpoint_executor[0m[2m:[0m [2mcrates/sui-core/src/checkpoints/checkpoint_executor/mod.rs[0m[2m:[0m[2m332:[0m Received checkpoint summary from state sync [3msequence_number[0m[2m=[0m201
[2m2025-03-25T07:54:41.908131Z[0m [32m INFO[0m [1mnode[0m[1m{[0m[3mname[0m[2m=[0mk#99f25ef6..[1m}[0m[2m:[0m [2msui_core::checkpoints::checkpoint_executor[0m[2m:[0m [2mcrates/sui-core/src/checkpoints/checkpoint_executor/mod.rs[0m[2m:[0m[2m332:[0m Received checkpoint summary from state sync [3msequence_number[0m[2m=[0m200
[2m2025-03-25T07:54:41.908250Z[0m [32m INFO[0m [1mnode[0m[1m{[0m[3mname[0m[2m=[0mk#99f25ef6..[1m}[0m[2m:[0m [2msui_core::checkpoints::checkpoint_executor[0m[2m:[0m [2mcrates/sui-core/src/checkpoints/checkpoint_executor/mod.rs[0m[2m:[0m[2m332:[0m Received checkpoint summary from state sync [3msequence_number[0m[2m=[0m201
[2m2025-03-25T07:54:41.909652Z[0m [32m INFO[0m [1mnode[0m[1m{[0m[3mname[0m[2m=[0mk#8dcff6d1..[1m}[0m[2m:[0m [2msui_core::state_accumulator[0m[2m:[0m [2mcrates/sui-core/src/state_accumulator.rs[0m[2m:[0m[2m675:[0m accumulating running root for checkpoint 200
[2m2025-03-25T07:54:41.910006Z[0m [32m INFO[0m [1mnode[0m[1m{[0m[3mname[0m[2m=[0mk#99f25ef6..[1m}[0m[2m:[0m [2msui_core::state_accumulator[0m[2m:[0m [2mcrates/sui-core/src/state_accumulator.rs[0m[2m:[0m[2m675:[0m accumulating running root for checkpoint 200
[2m2025-03-25T07:54:41.910103Z[0m [32m INFO[0m [1mnode[0m[1m{[0m[3mname[0m[2m=[0mk#8dcff6d1..[1m}[0m[2m:[0m [2msui_core::state_accumulator[0m[2m:[0m [2mcrates/sui-core/src/state_accumulator.rs[0m[2m:[0m[2m675:[0m accumulating running root for checkpoint 201
[2m2025-03-25T07:54:41.910444Z[0m [32m INFO[0m [1mnode[0m[1m{[0m[3mname[0m[2m=[0mk#99f25ef6..[1m}[0m[2m:[0m [2msui_core::state_accumulator[0m[2m:[0m [2mcrates/sui-core/src/state_accumulator.rs[0m[2m:[0m[2m675:[0m accumulating running root for checkpoint 201
[2m2025-03-25T07:54:42.018901Z[0m [32m INFO[0m [1mnode[0m[1m{[0m[3mname[0m[2m=[0mk#addeef94..[1m}[0m[2m:[0m [2msui_core::checkpoints[0m[2m:[0m [2mcrates/sui-core/src/checkpoints/mod.rs[0m[2m:[0m[2m1326:[0m Creating checkpoint(s) for 1 transactions [3mnext_checkpoint_seq[0m[2m=[0m203 [3mcheckpoint_timestamp[0m[2m=[0m1742889281295
[2m2025-03-25T07:54:42.019151Z[0m [32m INFO[0m [1mnode[0m[1m{[0m[3mname[0m[2m=[0mk#addeef94..[1m}[0m[2m:[0m [2msui_core::checkpoints::checkpoint_output[0m[2m:[0m [2mcrates/sui-core/src/checkpoints/checkpoint_output.rs[0m[2m:[0m[2m149:[0m Creating checkpoint CheckpointDigest(2XE4aGf9g7un6ZHtYSUkqwSzKFSiRUkU7sMBUM7HELHK) at epoch 0, sequence 203, previous digest Some(CheckpointDigest(ASvUqs9fwuMEcTqVPRnQY2qZedpJcALmmpvMjFqxqNRq)), transactions count 1, content digest CheckpointContentsDigest(HTaDPmHmqYK5v6R7mcTs2WmBRj3pp1v4H1tH3nuuM4ZH), end_of_epoch_data None
[2m2025-03-25T07:54:42.021048Z[0m [32m INFO[0m [1mnode[0m[1m{[0m[3mname[0m[2m=[0mk#99f25ef6..[1m}[0m[2m:[0m [2msui_core::checkpoints[0m[2m:[0m [2mcrates/sui-core/src/checkpoints/mod.rs[0m[2m:[0m[2m1326:[0m Creating checkpoint(s) for 1 transactions [3mnext_checkpoint_seq[0m[2m=[0m203 [3mcheckpoint_timestamp[0m[2m=[0m1742889281295
[2m2025-03-25T07:54:42.021236Z[0m [32m INFO[0m [1mnode[0m[1m{[0m[3mname[0m[2m=[0mk#99f25ef6..[1m}[0m[2m:[0m [2msui_core::checkpoints::checkpoint_output[0m[2m:[0m [2mcrates/sui-core/src/checkpoints/checkpoint_output.rs[0m[2m:[0m[2m149:[0m Creating checkpoint CheckpointDigest(2XE4aGf9g7un6ZHtYSUkqwSzKFSiRUkU7sMBUM7HELHK) at epoch 0, sequence 203, previous digest Some(CheckpointDigest(ASvUqs9fwuMEcTqVPRnQY2qZedpJcALmmpvMjFqxqNRq)), transactions count 1, content digest CheckpointContentsDigest(HTaDPmHmqYK5v6R7mcTs2WmBRj3pp1v4H1tH3nuuM4ZH), end_of_epoch_data None
[2m2025-03-25T07:54:42.021673Z[0m [32m INFO[0m [1mnode[0m[1m{[0m[3mname[0m[2m=[0mk#8dcff6d1..[1m}[0m[2m:[0m [2msui_core::checkpoints[0m[2m:[0m [2mcrates/sui-core/src/checkpoints/mod.rs[0m[2m:[0m[2m1326:[0m Creating checkpoint(s) for 1 transactions [3mnext_checkpoint_seq[0m[2m=[0m203 [3mcheckpoint_timestamp[0m[2m=[0m1742889281295
[2m2025-03-25T07:54:42.021855Z[0m [32m INFO[0m [1mnode[0m[1m{[0m[3mname[0m[2m=[0mk#8dcff6d1..[1m}[0m[2m:[0m [2msui_core::checkpoints::checkpoint_output[0m[2m:[0m [2mcrates/sui-core/src/checkpoints/checkpoint_output.rs[0m[2m:[0m[2m149:[0m Creating checkpoint CheckpointDigest(2XE4aGf9g7un6ZHtYSUkqwSzKFSiRUkU7sMBUM7HELHK) at epoch 0, sequence 203, previous digest Some(CheckpointDigest(ASvUqs9fwuMEcTqVPRnQY2qZedpJcALmmpvMjFqxqNRq)), transactions count 1, content digest CheckpointContentsDigest(HTaDPmHmqYK5v6R7mcTs2WmBRj3pp1v4H1tH3nuuM4ZH), end_of_epoch_data None
[2m2025-03-25T07:54:42.022368Z[0m [32m INFO[0m [1mnode[0m[1m{[0m[3mname[0m[2m=[0mk#addeef94..[1m}[0m[2m:[0m [2msui_core::checkpoints::checkpoint_executor[0m[2m:[0m [2mcrates/sui-core/src/checkpoints/checkpoint_executor/mod.rs[0m[2m:[0m[2m332:[0m Received checkpoint summary from state sync [3msequence_number[0m[2m=[0m200
[2m2025-03-25T07:54:42.022498Z[0m [32m INFO[0m [1mnode[0m[1m{[0m[3mname[0m[2m=[0mk#addeef94..[1m}[0m[2m:[0m [2msui_core::checkpoints::checkpoint_executor[0m[2m:[0m [2mcrates/sui-core/src/checkpoints/checkpoint_executor/mod.rs[0m[2m:[0m[2m332:[0m Received checkpoint summary from state sync [3msequence_number[0m[2m=[0m201
[2m2025-03-25T07:54:42.023784Z[0m [32m INFO[0m [1mnode[0m[1m{[0m[3mname[0m[2m=[0mk#addeef94..[1m}[0m[2m:[0m [2msui_core::state_accumulator[0m[2m:[0m [2mcrates/sui-core/src/state_accumulator.rs[0m[2m:[0m[2m675:[0m accumulating running root for checkpoint 200
[2m2025-03-25T07:54:42.024226Z[0m [32m INFO[0m [1mnode[0m[1m{[0m[3mname[0m[2m=[0mk#addeef94..[1m}[0m[2m:[0m [2msui_core::state_accumulator[0m[2m:[0m [2mcrates/sui-core/src/state_accumulator.rs[0m[2m:[0m[2m675:[0m accumulating running root for checkpoint 201
[2m2025-03-25T07:54:42.024784Z[0m [32m INFO[0m [1mnode[0m[1m{[0m[3mname[0m[2m=[0mk#b3f3cbb4..[1m}[0m[2m:[0m [2msui_core::checkpoints::checkpoint_executor[0m[2m:[0m [2mcrates/sui-core/src/checkpoints/checkpoint_executor/mod.rs[0m[2m:[0m[2m332:[0m Received checkpoint summary from state sync [3msequence_number[0m[2m=[0m200
[2m2025-03-25T07:54:42.024920Z[0m [32m INFO[0m [1mnode[0m[1m{[0m[3mname[0m[2m=[0mk#b3f3cbb4..[1m}[0m[2m:[0m [2msui_core::checkpoints::checkpoint_executor[0m[2m:[0m [2mcrates/sui-core/src/checkpoints/checkpoint_executor/mod.rs[0m[2m:[0m[2m332:[0m Received checkpoint summary from state sync [3msequence_number[0m[2m=[0m201
[2m2025-03-25T07:54:42.060891Z[0m [32m INFO[0m [1mnode[0m[1m{[0m[3mname[0m[2m=[0mk#addeef94..[1m}[0m[2m:[0m [2mconsensus_core::core[0m[2m:[0m [2mconsensus/core/src/core.rs[0m[2m:[0m[2m531:[0m Created block B109(C,BrHhRFQiyIWQ2fu8qrlabrDZVyBqeJTsEcav0rRxzOM=)(1742889282060ms;[B108(C,vtcuGoI2vz9q+D+Ad0ycMheYsLqcCXFM39MGmUvx3jg=), B108(A,my7y0fz1kxcyorVV372ZYYJtZAHwMHBV5wwTwQ+46xs=), B108(B,4egfqoBCDNxgoN3GpzuJm++Ck/dKPPc5tc4axNc79Lk=)];2t;1c) for round 109
[2m2025-03-25T07:54:42.063208Z[0m [32m INFO[0m [1mnode[0m[1m{[0m[3mname[0m[2m=[0mk#99f25ef6..[1m}[0m[2m:[0m [2mconsensus_core::core[0m[2m:[0m [2mconsensus/core/src/core.rs[0m[2m:[0m[2m531:[0m Created block B109(B,7zgCwCMNTa15tV+RsN/bFcfIeDc2bg+a3XHQnF2YiZE=)(1742889282062ms;[B108(B,4egfqoBCDNxgoN3GpzuJm++Ck/dKPPc5tc4axNc79Lk=), B108(A,my7y0fz1kxcyorVV372ZYYJtZAHwMHBV5wwTwQ+46xs=), B108(C,vtcuGoI2vz9q+D+Ad0ycMheYsLqcCXFM39MGmUvx3jg=)];2t;1c) for round 109
[2m2025-03-25T07:54:42.063380Z[0m [32m INFO[0m [1mnode[0m[1m{[0m[3mname[0m[2m=[0mk#99f25ef6..[1m}[0m[2m:[0m [2mconsensus_core::core[0m[2m:[0m [2mconsensus/core/src/core.rs[0m[2m:[0m[2m630:[0m Committing 1 leaders: B107(B,Yk9E)
[2m2025-03-25T07:54:42.063467Z[0m [32m INFO[0m [1mnode[0m[1m{[0m[3mname[0m[2m=[0mk#99f25ef6..[1m}[0m[2m:[0m [2mconsensus_core::commit_observer[0m[2m:[0m [2mconsensus/core/src/commit_observer.rs[0m[2m:[0m[2m173:[0m Consensus commit C106(stZ7) with leader B107(B,Yk9E) has 3 blocks
[2m2025-03-25T07:54:42.063577Z[0m [32m INFO[0m [1mnode[0m[1m{[0m[3mname[0m[2m=[0mk#8dcff6d1..[1m}[0m[2m:[0m [2mconsensus_core::core[0m[2m:[0m [2mconsensus/core/src/core.rs[0m[2m:[0m[2m531:[0m Created block B109(A,JtolQ1Y1F6ja/RFpamRLbEVN2DKjm4J/S1M68Z8NF+E=)(1742889282063ms;[B108(A,my7y0fz1kxcyorVV372ZYYJtZAHwMHBV5wwTwQ+46xs=), B108(B,4egfqoBCDNxgoN3GpzuJm++Ck/dKPPc5tc4axNc79Lk=), B108(C,vtcuGoI2vz9q+D+Ad0ycMheYsLqcCXFM39MGmUvx3jg=)];2t;1c) for round 109
[2m2025-03-25T07:54:42.063651Z[0m [32m INFO[0m [1mnode[0m[1m{[0m[3mname[0m[2m=[0mk#8dcff6d1..[1m}[0m[2m:[0m [2mconsensus_core::core[0m[2m:[0m [2mconsensus/core/src/core.rs[0m[2m:[0m[2m630:[0m Committing 1 leaders: B107(B,Yk9E)
[2m2025-03-25T07:54:42.063711Z[0m [32m INFO[0m [1mnode[0m[1m{[0m[3mname[0m[2m=[0mk#8dcff6d1..[1m}[0m[2m:[0m [2mconsensus_core::commit_observer[0m[2m:[0m [2mconsensus/core/src/commit_observer.rs[0m[2m:[0m[2m173:[0m Consensus commit C106(stZ7) with leader B107(B,Yk9E) has 3 blocks
[2m2025-03-25T07:54:42.063792Z[0m [32m INFO[0m [1mnode[0m[1m{[0m[3mname[0m[2m=[0mk#8dcff6d1..[1m}[0m[2m:[0m [2msui_core::consensus_handler[0m[2m:[0m [2mcrates/sui-core/src/consensus_handler.rs[0m[2m:[0m[2m232:[0m Received consensus output [3mconsensus_commit[0m[2m=[0mCommittedSubDag(leader=B107(B,Yk9E), ref=C106(stZ7), blocks=[wTek, xtNU, Yk9E]) [3mepoch[0m[2m=[0m0
[2m2025-03-25T07:54:42.063792Z[0m [32m INFO[0m [1mnode[0m[1m{[0m[3mname[0m[2m=[0mk#99f25ef6..[1m}[0m[2m:[0m [2msui_core::consensus_handler[0m[2m:[0m [2mcrates/sui-core/src/consensus_handler.rs[0m[2m:[0m[2m232:[0m Received consensus output [3mconsensus_commit[0m[2m=[0mCommittedSubDag(leader=B107(B,Yk9E), ref=C106(stZ7), blocks=[wTek, xtNU, Yk9E]) [3mepoch[0m[2m=[0m0
[2m2025-03-25T07:54:42.066809Z[0m [32m INFO[0m [1mnode[0m[1m{[0m[3mname[0m[2m=[0mk#addeef94..[1m}[0m[2m:[0m [2mconsensus_core::core[0m[2m:[0m [2mconsensus/core/src/core.rs[0m[2m:[0m[2m630:[0m Committing 1 leaders: B107(B,Yk9E)
[2m2025-03-25T07:54:42.066898Z[0m [32m INFO[0m [1mnode[0m[1m{[0m[3mname[0m[2m=[0mk#addeef94..[1m}[0m[2m:[0m [2mconsensus_core::commit_observer[0m[2m:[0m [2mconsensus/core/src/commit_observer.rs[0m[2m:[0m[2m173:[0m Consensus commit C106(stZ7) with leader B107(B,Yk9E) has 3 blocks
[2m2025-03-25T07:54:42.066972Z[0m [32m INFO[0m [1mnode[0m[1m{[0m[3mname[0m[2m=[0mk#addeef94..[1m}[0m[2m:[0m [2msui_core::consensus_handler[0m[2m:[0m [2mcrates/sui-core/src/consensus_handler.rs[0m[2m:[0m[2m232:[0m Received consensus output [3mconsensus_commit[0m[2m=[0mCommittedSubDag(leader=B107(B,Yk9E), ref=C106(stZ7), blocks=[wTek, xtNU, Yk9E]) [3mepoch[0m[2m=[0m0
[2m2025-03-25T07:54:42.114380Z[0m [32m INFO[0m [1mnode[0m[1m{[0m[3mname[0m[2m=[0mk#b3f3cbb4..[1m}[0m[2m:[0m [2msui_core::state_accumulator[0m[2m:[0m [2mcrates/sui-core/src/state_accumulator.rs[0m[2m:[0m[2m675:[0m accumulating running root for checkpoint 200
[2m2025-03-25T07:54:42.114883Z[0m [32m INFO[0m [1mnode[0m[1m{[0m[3mname[0m[2m=[0mk#b3f3cbb4..[1m}[0m[2m:[0m [2msui_core::state_accumulator[0m[2m:[0m [2mcrates/sui-core/src/state_accumulator.rs[0m[2m:[0m[2m675:[0m accumulating running root for checkpoint 201
[2m2025-03-25T07:54:42.118821Z[0m [32m INFO[0m [2mtest_cluster[0m[2m:[0m [2mcrates/test-cluster/src/lib.rs[0m[2m:[0m[2m338:[0m Starting reconfiguration
[2m2025-03-25T07:54:42.118847Z[0m [32m INFO[0m [2msui_node[0m[2m:[0m [2mcrates/sui-node/src/lib.rs[0m[2m:[0m[2m899:[0m close_epoch (current epoch = 0)
[2m2025-03-25T07:54:42.118987Z[0m [32m INFO[0m [2msui_core::consensus_adapter[0m[2m:[0m [2mcrates/sui-core/src/consensus_adapter.rs[0m[2m:[0m[2m1105:[0m Sending EndOfPublish message to consensus [3mepoch[0m[2m=[0m0
[2m2025-03-25T07:54:42.119138Z[0m [32m INFO[0m [2msui_node[0m[2m:[0m [2mcrates/sui-node/src/lib.rs[0m[2m:[0m[2m899:[0m close_epoch (current epoch = 0)
[2m2025-03-25T07:54:42.119169Z[0m [32m INFO[0m [2msui_core::consensus_adapter[0m[2m:[0m [2mcrates/sui-core/src/consensus_adapter.rs[0m[2m:[0m[2m1105:[0m Sending EndOfPublish message to consensus [3mepoch[0m[2m=[0m0
[2m2025-03-25T07:54:42.119199Z[0m [32m INFO[0m [2mtest_cluster[0m[2m:[0m [2mcrates/test-cluster/src/lib.rs[0m[2m:[0m[2m359:[0m close_epoch complete after 366.208µs
[2m2025-03-25T07:54:42.119232Z[0m [32m INFO[0m [2msui_core::consensus_adapter[0m[2m:[0m [2mcrates/sui-core/src/consensus_adapter.rs[0m[2m:[0m[2m673:[0m Submitting EndOfPublish message to consensus [3mepoch[0m[2m=[0m0
[2m2025-03-25T07:54:42.119244Z[0m [32m INFO[0m [2msui_core::consensus_adapter[0m[2m:[0m [2mcrates/sui-core/src/consensus_adapter.rs[0m[2m:[0m[2m673:[0m Submitting EndOfPublish message to consensus [3mepoch[0m[2m=[0m0
[2m2025-03-25T07:54:42.119265Z[0m [33m WARN[0m [2msui_core::consensus_adapter[0m[2m:[0m [2mcrates/sui-core/src/consensus_adapter.rs[0m[2m:[0m[2m703:[0m Epoch ended, skipping submission delay [3mepoch[0m[2m=[0m0
[2m2025-03-25T07:54:42.119358Z[0m [33m WARN[0m [2msui_core::consensus_adapter[0m[2m:[0m [2mcrates/sui-core/src/consensus_adapter.rs[0m[2m:[0m[2m703:[0m Epoch ended, skipping submission delay [3mepoch[0m[2m=[0m0
[2m2025-03-25T07:54:42.162895Z[0m [32m INFO[0m [1mnode[0m[1m{[0m[3mname[0m[2m=[0mk#8dcff6d1..[1m}[0m[2m:[0m [2msui_core::checkpoints[0m[2m:[0m [2mcrates/sui-core/src/checkpoints/mod.rs[0m[2m:[0m[2m1326:[0m Creating checkpoint(s) for 1 transactions [3mnext_checkpoint_seq[0m[2m=[0m204 [3mcheckpoint_timestamp[0m[2m=[0m1742889281551
[2m2025-03-25T07:54:42.163124Z[0m [32m INFO[0m [1mnode[0m[1m{[0m[3mname[0m[2m=[0mk#8dcff6d1..[1m}[0m[2m:[0m [2msui_core::checkpoints::checkpoint_output[0m[2m:[0m [2mcrates/sui-core/src/checkpoints/checkpoint_output.rs[0m[2m:[0m[2m149:[0m Creating checkpoint CheckpointDigest(J1yo7symtwyoLuYgAsrBUniP3sV4mGourgbYinAdG9jq) at epoch 0, sequence 204, previous digest Some(CheckpointDigest(2XE4aGf9g7un6ZHtYSUkqwSzKFSiRUkU7sMBUM7HELHK)), transactions count 1, content digest CheckpointContentsDigest(EH6drLvBahdXgQDZFG7AyZsWhQhVx1VJ6nN9HNmvaZ88), end_of_epoch_data None
[2m2025-03-25T07:54:42.165697Z[0m [32m INFO[0m [1mnode[0m[1m{[0m[3mname[0m[2m=[0mk#addeef94..[1m}[0m[2m:[0m [2msui_core::checkpoints[0m[2m:[0m [2mcrates/sui-core/src/checkpoints/mod.rs[0m[2m:[0m[2m1326:[0m Creating checkpoint(s) for 1 transactions [3mnext_checkpoint_seq[0m[2m=[0m204 [3mcheckpoint_timestamp[0m[2m=[0m1742889281551
[2m2025-03-25T07:54:42.165759Z[0m [32m INFO[0m [1mnode[0m[1m{[0m[3mname[0m[2m=[0mk#99f25ef6..[1m}[0m[2m:[0m [2msui_core::checkpoints[0m[2m:[0m [2mcrates/sui-core/src/checkpoints/mod.rs[0m[2m:[0m[2m1326:[0m Creating checkpoint(s) for 1 transactions [3mnext_checkpoint_seq[0m[2m=[0m204 [3mcheckpoint_timestamp[0m[2m=[0m1742889281551
[2m2025-03-25T07:54:42.165884Z[0m [32m INFO[0m [1mnode[0m[1m{[0m[3mname[0m[2m=[0mk#addeef94..[1m}[0m[2m:[0m [2msui_core::checkpoints::checkpoint_output[0m[2m:[0m [2mcrates/sui-core/src/checkpoints/checkpoint_output.rs[0m[2m:[0m[2m149:[0m Creating checkpoint CheckpointDigest(J1yo7symtwyoLuYgAsrBUniP3sV4mGourgbYinAdG9jq) at epoch 0, sequence 204, previous digest Some(CheckpointDigest(2XE4aGf9g7un6ZHtYSUkqwSzKFSiRUkU7sMBUM7HELHK)), transactions count 1, content digest CheckpointContentsDigest(EH6drLvBahdXgQDZFG7AyZsWhQhVx1VJ6nN9HNmvaZ88), end_of_epoch_data None
[2m2025-03-25T07:54:42.165923Z[0m [32m INFO[0m [1mnode[0m[1m{[0m[3mname[0m[2m=[0mk#99f25ef6..[1m}[0m[2m:[0m [2msui_core::checkpoints::checkpoint_output[0m[2m:[0m [2mcrates/sui-core/src/checkpoints/checkpoint_output.rs[0m[2m:[0m[2m149:[0m Creating checkpoint CheckpointDigest(J1yo7symtwyoLuYgAsrBUniP3sV4mGourgbYinAdG9jq) at epoch 0, sequence 204, previous digest Some(CheckpointDigest(2XE4aGf9g7un6ZHtYSUkqwSzKFSiRUkU7sMBUM7HELHK)), transactions count 1, content digest CheckpointContentsDigest(EH6drLvBahdXgQDZFG7AyZsWhQhVx1VJ6nN9HNmvaZ88), end_of_epoch_data None
[2m2025-03-25T07:54:42.166314Z[0m [33m WARN[0m [1mnode[0m[1m{[0m[3mname[0m[2m=[0mk#addeef94..[1m}[0m[2m:[0m [2msui_core::consensus_adapter[0m[2m:[0m [2mcrates/sui-core/src/consensus_adapter.rs[0m[2m:[0m[2m703:[0m Epoch ended, skipping submission delay [3mepoch[0m[2m=[0m0
[2m2025-03-25T07:54:42.166336Z[0m [33m WARN[0m [1mnode[0m[1m{[0m[3mname[0m[2m=[0mk#99f25ef6..[1m}[0m[2m:[0m [2msui_core::consensus_adapter[0m[2m:[0m [2mcrates/sui-core/src/consensus_adapter.rs[0m[2m:[0m[2m703:[0m Epoch ended, skipping submission delay [3mepoch[0m[2m=[0m0
[2m2025-03-25T07:54:42.167871Z[0m [32m INFO[0m [1mnode[0m[1m{[0m[3mname[0m[2m=[0mk#8dcff6d1..[1m}[0m[2m:[0m [2msui_core::checkpoints::checkpoint_output[0m[2m:[0m [2mcrates/sui-core/src/checkpoints/checkpoint_output.rs[0m[2m:[0m[2m196:[0m Certified checkpoint with sequence 202 and digest ASvUqs9fwuMEcTqVPRnQY2qZedpJcALmmpvMjFqxqNRq
[2m2025-03-25T07:54:42.167891Z[0m [32m INFO[0m [1mnode[0m[1m{[0m[3mname[0m[2m=[0mk#8dcff6d1..[1m}[0m[2m:[0m [2msui_core::checkpoints::checkpoint_output[0m[2m:[0m [2mcrates/sui-core/src/checkpoints/checkpoint_output.rs[0m[2m:[0m[2m196:[0m Certified checkpoint with sequence 203 and digest 2XE4aGf9g7un6ZHtYSUkqwSzKFSiRUkU7sMBUM7HELHK
[2m2025-03-25T07:54:42.168842Z[0m [32m INFO[0m [1mnode[0m[1m{[0m[3mname[0m[2m=[0mk#8dcff6d1..[1m}[0m[2m:[0m [2msui_core::checkpoints::checkpoint_executor[0m[2m:[0m [2mcrates/sui-core/src/checkpoints/checkpoint_executor/mod.rs[0m[2m:[0m[2m332:[0m Received checkpoint summary from state sync [3msequence_number[0m[2m=[0m202
[2m2025-03-25T07:54:42.168974Z[0m [32m INFO[0m [1mnode[0m[1m{[0m[3mname[0m[2m=[0mk#8dcff6d1..[1m}[0m[2m:[0m [2msui_core::checkpoints::checkpoint_executor[0m[2m:[0m [2mcrates/sui-core/src/checkpoints/checkpoint_executor/mod.rs[0m[2m:[0m[2m332:[0m Received checkpoint summary from state sync [3msequence_number[0m[2m=[0m203
[2m2025-03-25T07:54:42.170443Z[0m [32m INFO[0m [1mnode[0m[1m{[0m[3mname[0m[2m=[0mk#99f25ef6..[1m}[0m[2m:[0m [2msui_core::checkpoints::checkpoint_output[0m[2m:[0m [2mcrates/sui-core/src/checkpoints/checkpoint_output.rs[0m[2m:[0m[2m196:[0m Certified checkpoint with sequence 202 and digest ASvUqs9fwuMEcTqVPRnQY2qZedpJcALmmpvMjFqxqNRq
[2m2025-03-25T07:54:42.170462Z[0m [32m INFO[0m [1mnode[0m[1m{[0m[3mname[0m[2m=[0mk#99f25ef6..[1m}[0m[2m:[0m [2msui_core::checkpoints::checkpoint_output[0m[2m:[0m [2mcrates/sui-core/src/checkpoints/checkpoint_output.rs[0m[2m:[0m[2m196:[0m Certified checkpoint with sequence 203 and digest 2XE4aGf9g7un6ZHtYSUkqwSzKFSiRUkU7sMBUM7HELHK
[2m2025-03-25T07:54:42.170794Z[0m [32m INFO[0m [1mnode[0m[1m{[0m[3mname[0m[2m=[0mk#8dcff6d1..[1m}[0m[2m:[0m [2msui_core::state_accumulator[0m[2m:[0m [2mcrates/sui-core/src/state_accumulator.rs[0m[2m:[0m[2m675:[0m accumulating running root for checkpoint 202
[2m2025-03-25T07:54:42.171240Z[0m [32m INFO[0m [1mnode[0m[1m{[0m[3mname[0m[2m=[0mk#8dcff6d1..[1m}[0m[2m:[0m [2msui_core::state_accumulator[0m[2m:[0m [2mcrates/sui-core/src/state_accumulator.rs[0m[2m:[0m[2m675:[0m accumulating running root for checkpoint 203
[2m2025-03-25T07:54:42.171352Z[0m [32m INFO[0m [1mnode[0m[1m{[0m[3mname[0m[2m=[0mk#99f25ef6..[1m}[0m[2m:[0m [2msui_core::checkpoints::checkpoint_executor[0m[2m:[0m [2mcrates/sui-core/src/checkpoints/checkpoint_executor/mod.rs[0m[2m:[0m[2m332:[0m Received checkpoint summary from state sync [3msequence_number[0m[2m=[0m202
[2m2025-03-25T07:54:42.171469Z[0m [32m INFO[0m [1mnode[0m[1m{[0m[3mname[0m[2m=[0mk#99f25ef6..[1m}[0m[2m:[0m [2msui_core::checkpoints::checkpoint_executor[0m[2m:[0m [2mcrates/sui-core/src/checkpoints/checkpoint_executor/mod.rs[0m[2m:[0m[2m332:[0m Received checkpoint summary from state sync [3msequence_number[0m[2m=[0m203
[2m2025-03-25T07:54:42.173328Z[0m [32m INFO[0m [1mnode[0m[1m{[0m[3mname[0m[2m=[0mk#99f25ef6..[1m}[0m[2m:[0m [2msui_core::state_accumulator[0m[2m:[0m [2mcrates/sui-core/src/state_accumulator.rs[0m[2m:[0m[2m675:[0m accumulating running root for checkpoint 202
[2m2025-03-25T07:54:42.173749Z[0m [32m INFO[0m [1mnode[0m[1m{[0m[3mname[0m[2m=[0mk#99f25ef6..[1m}[0m[2m:[0m [2msui_core::state_accumulator[0m[2m:[0m [2mcrates/sui-core/src/state_accumulator.rs[0m[2m:[0m[2m675:[0m accumulating running root for checkpoint 203
[2m2025-03-25T07:54:42.283494Z[0m [32m INFO[0m [1mnode[0m[1m{[0m[3mname[0m[2m=[0mk#addeef94..[1m}[0m[2m:[0m [2mconsensus_core::commit_syncer[0m[2m:[0m [2mconsensus/core/src/commit_syncer.rs[0m[2m:[0m[2m196:[0m Checking to schedule fetches: synced_commit_index=106, highest_handled_index=106, highest_scheduled_index=0, quorum_commit_index=0, unhandled_commits_threshold=3200
[2m2025-03-25T07:54:42.284262Z[0m [32m INFO[0m [1mnode[0m[1m{[0m[3mname[0m[2m=[0mk#addeef94..[1m}[0m[2m:[0m [2msui_core::checkpoints[0m[2m:[0m [2mcrates/sui-core/src/checkpoints/mod.rs[0m[2m:[0m[2m1326:[0m Creating checkpoint(s) for 1 transactions [3mnext_checkpoint_seq[0m[2m=[0m205 [3mcheckpoint_timestamp[0m[2m=[0m1742889281551
[2m2025-03-25T07:54:42.284535Z[0m [32m INFO[0m [1mnode[0m[1m{[0m[3mname[0m[2m=[0mk#addeef94..[1m}[0m[2m:[0m [2msui_core::checkpoints::checkpoint_output[0m[2m:[0m [2mcrates/sui-core/src/checkpoints/checkpoint_output.rs[0m[2m:[0m[2m149:[0m Creating checkpoint CheckpointDigest(649yAiBjn83feNDcRueEzh95TNXeVBUDijSj2xiSr8ae) at epoch 0, sequence 205, previous digest Some(CheckpointDigest(J1yo7symtwyoLuYgAsrBUniP3sV4mGourgbYinAdG9jq)), transactions count 1, content digest CheckpointContentsDigest(EAkrWYvTVJnQM8Wzfb4RZK8QZShYpDzLA5EoXA5A3sXB), end_of_epoch_data None
[2m2025-03-25T07:54:42.285533Z[0m [32m INFO[0m [1mnode[0m[1m{[0m[3mname[0m[2m=[0mk#8dcff6d1..[1m}[0m[2m:[0m [2msui_core::checkpoints[0m[2m:[0m [2mcrates/sui-core/src/checkpoints/mod.rs[0m[2m:[0m[2m1326:[0m Creating checkpoint(s) for 1 transactions [3mnext_checkpoint_seq[0m[2m=[0m205 [3mcheckpoint_timestamp[0m[2m=[0m1742889281551
[2m2025-03-25T07:54:42.285722Z[0m [33m WARN[0m [1mnode[0m[1m{[0m[3mname[0m[2m=[0mk#addeef94..[1m}[0m[2m:[0m [2msui_core::consensus_adapter[0m[2m:[0m [2mcrates/sui-core/src/consensus_adapter.rs[0m[2m:[0m[2m703:[0m Epoch ended, skipping submission delay [3mepoch[0m[2m=[0m0
[2m2025-03-25T07:54:42.285732Z[0m [32m INFO[0m [1mnode[0m[1m{[0m[3mname[0m[2m=[0mk#8dcff6d1..[1m}[0m[2m:[0m [2msui_core::checkpoints::checkpoint_output[0m[2m:[0m [2mcrates/sui-core/src/checkpoints/checkpoint_output.rs[0m[2m:[0m[2m149:[0m Creating checkpoint CheckpointDigest(649yAiBjn83feNDcRueEzh95TNXeVBUDijSj2xiSr8ae) at epoch 0, sequence 205, previous digest Some(CheckpointDigest(J1yo7symtwyoLuYgAsrBUniP3sV4mGourgbYinAdG9jq)), transactions count 1, content digest CheckpointContentsDigest(EAkrWYvTVJnQM8Wzfb4RZK8QZShYpDzLA5EoXA5A3sXB), end_of_epoch_data None
[2m2025-03-25T07:54:42.287721Z[0m [32m INFO[0m [1mnode[0m[1m{[0m[3mname[0m[2m=[0mk#99f25ef6..[1m}[0m[2m:[0m [2msui_core::checkpoints[0m[2m:[0m [2mcrates/sui-core/src/checkpoints/mod.rs[0m[2m:[0m[2m1326:[0m Creating checkpoint(s) for 1 transactions [3mnext_checkpoint_seq[0m[2m=[0m205 [3mcheckpoint_timestamp[0m[2m=[0m1742889281551
[2m2025-03-25T07:54:42.287902Z[0m [32m INFO[0m [1mnode[0m[1m{[0m[3mname[0m[2m=[0mk#99f25ef6..[1m}[0m[2m:[0m [2msui_core::checkpoints::checkpoint_output[0m[2m:[0m [2mcrates/sui-core/src/checkpoints/checkpoint_output.rs[0m[2m:[0m[2m149:[0m Creating checkpoint CheckpointDigest(649yAiBjn83feNDcRueEzh95TNXeVBUDijSj2xiSr8ae) at epoch 0, sequence 205, previous digest Some(CheckpointDigest(J1yo7symtwyoLuYgAsrBUniP3sV4mGourgbYinAdG9jq)), transactions count 1, content digest CheckpointContentsDigest(EAkrWYvTVJnQM8Wzfb4RZK8QZShYpDzLA5EoXA5A3sXB), end_of_epoch_data None
[2m2025-03-25T07:54:42.288306Z[0m [32m INFO[0m [1mnode[0m[1m{[0m[3mname[0m[2m=[0mk#addeef94..[1m}[0m[2m:[0m [2msui_core::checkpoints::checkpoint_executor[0m[2m:[0m [2mcrates/sui-core/src/checkpoints/checkpoint_executor/mod.rs[0m[2m:[0m[2m332:[0m Received checkpoint summary from state sync [3msequence_number[0m[2m=[0m202
[2m2025-03-25T07:54:42.288374Z[0m [33m WARN[0m [1mnode[0m[1m{[0m[3mname[0m[2m=[0mk#99f25ef6..[1m}[0m[2m:[0m [2msui_core::consensus_adapter[0m[2m:[0m [2mcrates/sui-core/src/consensus_adapter.rs[0m[2m:[0m[2m703:[0m Epoch ended, skipping submission delay [3mepoch[0m[2m=[0m0
[2m2025-03-25T07:54:42.288441Z[0m [32m INFO[0m [1mnode[0m[1m{[0m[3mname[0m[2m=[0mk#addeef94..[1m}[0m[2m:[0m [2msui_core::checkpoints::checkpoint_executor[0m[2m:[0m [2mcrates/sui-core/src/checkpoints/checkpoint_executor/mod.rs[0m[2m:[0m[2m332:[0m Received checkpoint summary from state sync [3msequence_number[0m[2m=[0m203
[2m2025-03-25T07:54:42.288970Z[0m [32m INFO[0m [1mnode[0m[1m{[0m[3mname[0m[2m=[0mk#b3f3cbb4..[1m}[0m[2m:[0m [2msui_core::checkpoints::checkpoint_executor[0m[2m:[0m [2mcrates/sui-core/src/checkpoints/checkpoint_executor/mod.rs[0m[2m:[0m[2m332:[0m Received checkpoint summary from state sync [3msequence_number[0m[2m=[0m202
[2m2025-03-25T07:54:42.289094Z[0m [32m INFO[0m [1mnode[0m[1m{[0m[3mname[0m[2m=[0mk#b3f3cbb4..[1m}[0m[2m:[0m [2msui_core::checkpoints::checkpoint_executor[0m[2m:[0m [2mcrates/sui-core/src/checkpoints/checkpoint_executor/mod.rs[0m[2m:[0m[2m332:[0m Received checkpoint summary from state sync [3msequence_number[0m[2m=[0m203
[2m2025-03-25T07:54:42.289677Z[0m [32m INFO[0m [1mnode[0m[1m{[0m[3mname[0m[2m=[0mk#addeef94..[1m}[0m[2m:[0m [2msui_core::state_accumulator[0m[2m:[0m [2mcrates/sui-core/src/state_accumulator.rs[0m[2m:[0m[2m675:[0m accumulating running root for checkpoint 202
[2m2025-03-25T07:54:42.290108Z[0m [32m INFO[0m [1mnode[0m[1m{[0m[3mname[0m[2m=[0mk#addeef94..[1m}[0m[2m:[0m [2msui_core::state_accumulator[0m[2m:[0m [2mcrates/sui-core/src/state_accumulator.rs[0m[2m:[0m[2m675:[0m accumulating running root for checkpoint 203
[2m2025-03-25T07:54:42.315515Z[0m [32m INFO[0m [1mnode[0m[1m{[0m[3mname[0m[2m=[0mk#99f25ef6..[1m}[0m[2m:[0m [2mconsensus_core::core[0m[2m:[0m [2mconsensus/core/src/core.rs[0m[2m:[0m[2m531:[0m Created block B110(B,enbBfyUDV3RE2WTrlosZ7Z4KrMf2tqBKVqp4+Hn4d2Q=)(1742889282315ms;[B109(B,7zgCwCMNTa15tV+RsN/bFcfIeDc2bg+a3XHQnF2YiZE=), B109(A,JtolQ1Y1F6ja/RFpamRLbEVN2DKjm4J/S1M68Z8NF+E=), B109(C,BrHhRFQiyIWQ2fu8qrlabrDZVyBqeJTsEcav0rRxzOM=)];3t;1c) for round 110
[2m2025-03-25T07:54:42.315535Z[0m [32m INFO[0m [2msui_core::mysticeti_adapter[0m[2m:[0m [2mcrates/sui-core/src/mysticeti_adapter.rs[0m[2m:[0m[2m130:[0m Transaction External(EndOfPublish(k#99f25ef6..)) was included in B110(B,enbB)
[2m2025-03-25T07:54:42.316038Z[0m [32m INFO[0m [1mnode[0m[1m{[0m[3mname[0m[2m=[0mk#8dcff6d1..[1m}[0m[2m:[0m [2mconsensus_core::core[0m[2m:[0m [2mconsensus/core/src/core.rs[0m[2m:[0m[2m531:[0m Created block B110(A,tL0MFQFc+47q6ZQdOnzLbWHPSdkrqLbkVMdJdLVuLHc=)(1742889282315ms;[B109(A,JtolQ1Y1F6ja/RFpamRLbEVN2DKjm4J/S1M68Z8NF+E=), B109(B,7zgCwCMNTa15tV+RsN/bFcfIeDc2bg+a3XHQnF2YiZE=), B109(C,BrHhRFQiyIWQ2fu8qrlabrDZVyBqeJTsEcav0rRxzOM=)];2t;1c) for round 110
[2m2025-03-25T07:54:42.318387Z[0m [32m INFO[0m [1mnode[0m[1m{[0m[3mname[0m[2m=[0mk#addeef94..[1m}[0m[2m:[0m [2mconsensus_core::core[0m[2m:[0m [2mconsensus/core/src/core.rs[0m[2m:[0m[2m531:[0m Created block B110(C,Pi7ygMaDUN7HzU5Rs+ovUPinv1Yo5v02ZkcGWpTFx3c=)(1742889282318ms;[B109(C,BrHhRFQiyIWQ2fu8qrlabrDZVyBqeJTsEcav0rRxzOM=), B109(A,JtolQ1Y1F6ja/RFpamRLbEVN2DKjm4J/S1M68Z8NF+E=), B109(B,7zgCwCMNTa15tV+RsN/bFcfIeDc2bg+a3XHQnF2YiZE=)];3t;1c) for round 110
[2m2025-03-25T07:54:42.318400Z[0m [32m INFO[0m [2msui_core::mysticeti_adapter[0m[2m:[0m [2mcrates/sui-core/src/mysticeti_adapter.rs[0m[2m:[0m[2m130:[0m Transaction External(EndOfPublish(k#addeef94..)) was included in B110(C,Pi7y)
[2m2025-03-25T07:54:42.318475Z[0m [32m INFO[0m [1mnode[0m[1m{[0m[3mname[0m[2m=[0mk#addeef94..[1m}[0m[2m:[0m [2mconsensus_core::core[0m[2m:[0m [2mconsensus/core/src/core.rs[0m[2m:[0m[2m630:[0m Committing 1 leaders: B108(A,my7y)
[2m2025-03-25T07:54:42.318546Z[0m [32m INFO[0m [1mnode[0m[1m{[0m[3mname[0m[2m=[0mk#addeef94..[1m}[0m[2m:[0m [2mconsensus_core::commit_observer[0m[2m:[0m [2mconsensus/core/src/commit_observer.rs[0m[2m:[0m[2m173:[0m Consensus commit C107(8dTw) with leader B108(A,my7y) has 3 blocks
[2m2025-03-25T07:54:42.318637Z[0m [32m INFO[0m [1mnode[0m[1m{[0m[3mname[0m[2m=[0mk#addeef94..[1m}[0m[2m:[0m [2msui_core::consensus_handler[0m[2m:[0m [2mcrates/sui-core/src/consensus_handler.rs[0m[2m:[0m[2m232:[0m Received consensus output [3mconsensus_commit[0m[2m=[0mCommittedSubDag(leader=B108(A,my7y), ref=C107(8dTw), blocks=[CVVL, f2Gq, my7y]) [3mepoch[0m[2m=[0m0
[2m2025-03-25T07:54:42.321530Z[0m [32m INFO[0m [1mnode[0m[1m{[0m[3mname[0m[2m=[0mk#99f25ef6..[1m}[0m[2m:[0m [2mconsensus_core::core[0m[2m:[0m [2mconsensus/core/src/core.rs[0m[2m:[0m[2m630:[0m Committing 1 leaders: B108(A,my7y)
[2m2025-03-25T07:54:42.321545Z[0m [32m INFO[0m [1mnode[0m[1m{[0m[3mname[0m[2m=[0mk#8dcff6d1..[1m}[0m[2m:[0m [2mconsensus_core::core[0m[2m:[0m [2mconsensus/core/src/core.rs[0m[2m:[0m[2m630:[0m Committing 1 leaders: B108(A,my7y)
[2m2025-03-25T07:54:42.321614Z[0m [32m INFO[0m [1mnode[0m[1m{[0m[3mname[0m[2m=[0mk#99f25ef6..[1m}[0m[2m:[0m [2mconsensus_core::commit_observer[0m[2m:[0m [2mconsensus/core/src/commit_observer.rs[0m[2m:[0m[2m173:[0m Consensus commit C107(8dTw) with leader B108(A,my7y) has 3 blocks
[2m2025-03-25T07:54:42.321630Z[0m [32m INFO[0m [1mnode[0m[1m{[0m[3mname[0m[2m=[0mk#8dcff6d1..[1m}[0m[2m:[0m [2mconsensus_core::commit_observer[0m[2m:[0m [2mconsensus/core/src/commit_observer.rs[0m[2m:[0m[2m173:[0m Consensus commit C107(8dTw) with leader B108(A,my7y) has 3 blocks
[2m2025-03-25T07:54:42.321686Z[0m [32m INFO[0m [1mnode[0m[1m{[0m[3mname[0m[2m=[0mk#99f25ef6..[1m}[0m[2m:[0m [2msui_core::consensus_handler[0m[2m:[0m [2mcrates/sui-core/src/consensus_handler.rs[0m[2m:[0m[2m232:[0m Received consensus output [3mconsensus_commit[0m[2m=[0mCommittedSubDag(leader=B108(A,my7y), ref=C107(8dTw), blocks=[CVVL, f2Gq, my7y]) [3mepoch[0m[2m=[0m0
[2m2025-03-25T07:54:42.321702Z[0m [32m INFO[0m [1mnode[0m[1m{[0m[3mname[0m[2m=[0mk#8dcff6d1..[1m}[0m[2m:[0m [2msui_core::consensus_handler[0m[2m:[0m [2mcrates/sui-core/src/consensus_handler.rs[0m[2m:[0m[2m232:[0m Received consensus output [3mconsensus_commit[0m[2m=[0mCommittedSubDag(leader=B108(A,my7y), ref=C107(8dTw), blocks=[CVVL, f2Gq, my7y]) [3mepoch[0m[2m=[0m0
[2m2025-03-25T07:54:42.379095Z[0m [32m INFO[0m [1mnode[0m[1m{[0m[3mname[0m[2m=[0mk#b3f3cbb4..[1m}[0m[2m:[0m [2msui_core::state_accumulator[0m[2m:[0m [2mcrates/sui-core/src/state_accumulator.rs[0m[2m:[0m[2m675:[0m accumulating running root for checkpoint 202
[2m2025-03-25T07:54:42.379596Z[0m [32m INFO[0m [1mnode[0m[1m{[0m[3mname[0m[2m=[0mk#b3f3cbb4..[1m}[0m[2m:[0m [2msui_core::state_accumulator[0m[2m:[0m [2mcrates/sui-core/src/state_accumulator.rs[0m[2m:[0m[2m675:[0m accumulating running root for checkpoint 203
[2m2025-03-25T07:54:42.417970Z[0m [32m INFO[0m [1mnode[0m[1m{[0m[3mname[0m[2m=[0mk#addeef94..[1m}[0m[2m:[0m [2msui_core::checkpoints[0m[2m:[0m [2mcrates/sui-core/src/checkpoints/mod.rs[0m[2m:[0m[2m1326:[0m Creating checkpoint(s) for 1 transactions [3mnext_checkpoint_seq[0m[2m=[0m206 [3mcheckpoint_timestamp[0m[2m=[0m1742889281804
[2m2025-03-25T07:54:42.418211Z[0m [32m INFO[0m [1mnode[0m[1m{[0m[3mname[0m[2m=[0mk#addeef94..[1m}[0m[2m:[0m [2msui_core::checkpoints::checkpoint_output[0m[2m:[0m [2mcrates/sui-core/src/checkpoints/checkpoint_output.rs[0m[2m:[0m[2m149:[0m Creating checkpoint CheckpointDigest(whvM5uzvCcJZCHzkUzzj2vsK9bENC6yQs6Pf3oMdcfd) at epoch 0, sequence 206, previous digest Some(CheckpointDigest(649yAiBjn83feNDcRueEzh95TNXeVBUDijSj2xiSr8ae)), transactions count 1, content digest CheckpointContentsDigest(8xUbc8mzhuzyxf9HGv5x8dFRtARyCdXvfLYADWfxmzD8), end_of_epoch_data None
[2m2025-03-25T07:54:42.418697Z[0m [33m WARN[0m [1mnode[0m[1m{[0m[3mname[0m[2m=[0mk#addeef94..[1m}[0m[2m:[0m [2msui_core::consensus_adapter[0m[2m:[0m [2mcrates/sui-core/src/consensus_adapter.rs[0m[2m:[0m[2m703:[0m Epoch ended, skipping submission delay [3mepoch[0m[2m=[0m0
[2m2025-03-25T07:54:42.420776Z[0m [32m INFO[0m [1mnode[0m[1m{[0m[3mname[0m[2m=[0mk#99f25ef6..[1m}[0m[2m:[0m [2msui_core::checkpoints[0m[2m:[0m [2mcrates/sui-core/src/checkpoints/mod.rs[0m[2m:[0m[2m1326:[0m Creating checkpoint(s) for 1 transactions [3mnext_checkpoint_seq[0m[2m=[0m206 [3mcheckpoint_timestamp[0m[2m=[0m1742889281804
[2m2025-03-25T07:54:42.420961Z[0m [32m INFO[0m [1mnode[0m[1m{[0m[3mname[0m[2m=[0mk#99f25ef6..[1m}[0m[2m:[0m [2msui_core::checkpoints::checkpoint_output[0m[2m:[0m [2mcrates/sui-core/src/checkpoints/checkpoint_output.rs[0m[2m:[0m[2m149:[0m Creating checkpoint CheckpointDigest(whvM5uzvCcJZCHzkUzzj2vsK9bENC6yQs6Pf3oMdcfd) at epoch 0, sequence 206, previous digest Some(CheckpointDigest(649yAiBjn83feNDcRueEzh95TNXeVBUDijSj2xiSr8ae)), transactions count 1, content digest CheckpointContentsDigest(8xUbc8mzhuzyxf9HGv5x8dFRtARyCdXvfLYADWfxmzD8), end_of_epoch_data None
[2m2025-03-25T07:54:42.421393Z[0m [33m WARN[0m [1mnode[0m[1m{[0m[3mname[0m[2m=[0mk#99f25ef6..[1m}[0m[2m:[0m [2msui_core::consensus_adapter[0m[2m:[0m [2mcrates/sui-core/src/consensus_adapter.rs[0m[2m:[0m[2m703:[0m Epoch ended, skipping submission delay [3mepoch[0m[2m=[0m0
[2m2025-03-25T07:54:42.421551Z[0m [32m INFO[0m [1mnode[0m[1m{[0m[3mname[0m[2m=[0mk#8dcff6d1..[1m}[0m[2m:[0m [2msui_core::checkpoints[0m[2m:[0m [2mcrates/sui-core/src/checkpoints/mod.rs[0m[2m:[0m[2m1326:[0m Creating checkpoint(s) for 1 transactions [3mnext_checkpoint_seq[0m[2m=[0m206 [3mcheckpoint_timestamp[0m[2m=[0m1742889281804
[2m2025-03-25T07:54:42.421724Z[0m [32m INFO[0m [1mnode[0m[1m{[0m[3mname[0m[2m=[0mk#8dcff6d1..[1m}[0m[2m:[0m [2msui_core::checkpoints::checkpoint_output[0m[2m:[0m [2mcrates/sui-core/src/checkpoints/checkpoint_output.rs[0m[2m:[0m[2m149:[0m Creating checkpoint CheckpointDigest(whvM5uzvCcJZCHzkUzzj2vsK9bENC6yQs6Pf3oMdcfd) at epoch 0, sequence 206, previous digest Some(CheckpointDigest(649yAiBjn83feNDcRueEzh95TNXeVBUDijSj2xiSr8ae)), transactions count 1, content digest CheckpointContentsDigest(8xUbc8mzhuzyxf9HGv5x8dFRtARyCdXvfLYADWfxmzD8), end_of_epoch_data None
[2m2025-03-25T07:54:42.424226Z[0m [32m INFO[0m [1mnode[0m[1m{[0m[3mname[0m[2m=[0mk#8dcff6d1..[1m}[0m[2m:[0m [2mconsensus_core::commit_syncer[0m[2m:[0m [2mconsensus/core/src/commit_syncer.rs[0m[2m:[0m[2m196:[0m Checking to schedule fetches: synced_commit_index=107, highest_handled_index=107, highest_scheduled_index=0, quorum_commit_index=106, unhandled_commits_threshold=3200
[2m2025-03-25T07:54:42.425559Z[0m [32m INFO[0m [1mnode[0m[1m{[0m[3mname[0m[2m=[0mk#99f25ef6..[1m}[0m[2m:[0m [2msui_core::checkpoints::checkpoint_output[0m[2m:[0m [2mcrates/sui-core/src/checkpoints/checkpoint_output.rs[0m[2m:[0m[2m196:[0m Certified checkpoint with sequence 204 and digest J1yo7symtwyoLuYgAsrBUniP3sV4mGourgbYinAdG9jq
[2m2025-03-25T07:54:42.425582Z[0m [32m INFO[0m [1mnode[0m[1m{[0m[3mname[0m[2m=[0mk#99f25ef6..[1m}[0m[2m:[0m [2msui_core::checkpoints::checkpoint_output[0m[2m:[0m [2mcrates/sui-core/src/checkpoints/checkpoint_output.rs[0m[2m:[0m[2m196:[0m Certified checkpoint with sequence 205 and digest 649yAiBjn83feNDcRueEzh95TNXeVBUDijSj2xiSr8ae
[2m2025-03-25T07:54:42.426327Z[0m [32m INFO[0m [1mnode[0m[1m{[0m[3mname[0m[2m=[0mk#8dcff6d1..[1m}[0m[2m:[0m [2msui_core::checkpoints::checkpoint_output[0m[2m:[0m [2mcrates/sui-core/src/checkpoints/checkpoint_output.rs[0m[2m:[0m[2m196:[0m Certified checkpoint with sequence 204 and digest J1yo7symtwyoLuYgAsrBUniP3sV4mGourgbYinAdG9jq
[2m2025-03-25T07:54:42.426346Z[0m [32m INFO[0m [1mnode[0m[1m{[0m[3mname[0m[2m=[0mk#8dcff6d1..[1m}[0m[2m:[0m [2msui_core::checkpoints::checkpoint_output[0m[2m:[0m [2mcrates/sui-core/src/checkpoints/checkpoint_output.rs[0m[2m:[0m[2m196:[0m Certified checkpoint with sequence 205 and digest 649yAiBjn83feNDcRueEzh95TNXeVBUDijSj2xiSr8ae
[2m2025-03-25T07:54:42.426587Z[0m [32m INFO[0m [1mnode[0m[1m{[0m[3mname[0m[2m=[0mk#99f25ef6..[1m}[0m[2m:[0m [2msui_core::checkpoints::checkpoint_executor[0m[2m:[0m [2mcrates/sui-core/src/checkpoints/checkpoint_executor/mod.rs[0m[2m:[0m[2m332:[0m Received checkpoint summary from state sync [3msequence_number[0m[2m=[0m204
[2m2025-03-25T07:54:42.426733Z[0m [32m INFO[0m [1mnode[0m[1m{[0m[3mname[0m[2m=[0mk#99f25ef6..[1m}[0m[2m:[0m [2msui_core::checkpoints::checkpoint_executor[0m[2m:[0m [2mcrates/sui-core/src/checkpoints/checkpoint_executor/mod.rs[0m[2m:[0m[2m332:[0m Received checkpoint summary from state sync [3msequence_number[0m[2m=[0m205
[2m2025-03-25T07:54:42.427226Z[0m [32m INFO[0m [1mnode[0m[1m{[0m[3mname[0m[2m=[0mk#8dcff6d1..[1m}[0m[2m:[0m [2msui_core::checkpoints::checkpoint_executor[0m[2m:[0m [2mcrates/sui-core/src/checkpoints/checkpoint_executor/mod.rs[0m[2m:[0m[2m332:[0m Received checkpoint summary from state sync [3msequence_number[0m[2m=[0m204
[2m2025-03-25T07:54:42.427345Z[0m [32m INFO[0m [1mnode[0m[1m{[0m[3mname[0m[2m=[0mk#8dcff6d1..[1m}[0m[2m:[0m [2msui_core::checkpoints::checkpoint_executor[0m[2m:[0m [2mcrates/sui-core/src/checkpoints/checkpoint_executor/mod.rs[0m[2m:[0m[2m332:[0m Received checkpoint summary from state sync [3msequence_number[0m[2m=[0m205
[2m2025-03-25T07:54:42.429002Z[0m [32m INFO[0m [1mnode[0m[1m{[0m[3mname[0m[2m=[0mk#99f25ef6..[1m}[0m[2m:[0m [2msui_core::state_accumulator[0m[2m:[0m [2mcrates/sui-core/src/state_accumulator.rs[0m[2m:[0m[2m675:[0m accumulating running root for checkpoint 204
[2m2025-03-25T07:54:42.429112Z[0m [32m INFO[0m [1mnode[0m[1m{[0m[3mname[0m[2m=[0mk#8dcff6d1..[1m}[0m[2m:[0m [2msui_core::state_accumulator[0m[2m:[0m [2mcrates/sui-core/src/state_accumulator.rs[0m[2m:[0m[2m675:[0m accumulating running root for checkpoint 204
[2m2025-03-25T07:54:42.429468Z[0m [32m INFO[0m [1mnode[0m[1m{[0m[3mname[0m[2m=[0mk#99f25ef6..[1m}[0m[2m:[0m [2msui_core::state_accumulator[0m[2m:[0m [2mcrates/sui-core/src/state_accumulator.rs[0m[2m:[0m[2m675:[0m accumulating running root for checkpoint 205
[2m2025-03-25T07:54:42.429549Z[0m [32m INFO[0m [1mnode[0m[1m{[0m[3mname[0m[2m=[0mk#8dcff6d1..[1m}[0m[2m:[0m [2msui_core::state_accumulator[0m[2m:[0m [2mcrates/sui-core/src/state_accumulator.rs[0m[2m:[0m[2m675:[0m accumulating running root for checkpoint 205
[2m2025-03-25T07:54:42.522807Z[0m [32m INFO[0m [1mnode[0m[1m{[0m[3mname[0m[2m=[0mk#addeef94..[1m}[0m[2m:[0m [2msui_core::checkpoints[0m[2m:[0m [2mcrates/sui-core/src/checkpoints/mod.rs[0m[2m:[0m[2m1326:[0m Creating checkpoint(s) for 1 transactions [3mnext_checkpoint_seq[0m[2m=[0m207 [3mcheckpoint_timestamp[0m[2m=[0m1742889281804
[2m2025-03-25T07:54:42.523079Z[0m [32m INFO[0m [1mnode[0m[1m{[0m[3mname[0m[2m=[0mk#addeef94..[1m}[0m[2m:[0m [2msui_core::checkpoints::checkpoint_output[0m[2m:[0m [2mcrates/sui-core/src/checkpoints/checkpoint_output.rs[0m[2m:[0m[2m149:[0m Creating checkpoint CheckpointDigest(G1NV36xzKqJR4oGt7K4nYeCUB7ntaRW2F67HZoKJGVht) at epoch 0, sequence 207, previous digest Some(CheckpointDigest(whvM5uzvCcJZCHzkUzzj2vsK9bENC6yQs6Pf3oMdcfd)), transactions count 1, content digest CheckpointContentsDigest(EqQeU5nV7PJc3tJ5e3e46M9CpEBRqVfhKZ5wu1kXpXhv), end_of_epoch_data None
[2m2025-03-25T07:54:42.523623Z[0m [33m WARN[0m [1mnode[0m[1m{[0m[3mname[0m[2m=[0mk#addeef94..[1m}[0m[2m:[0m [2msui_core::consensus_adapter[0m[2m:[0m [2mcrates/sui-core/src/consensus_adapter.rs[0m[2m:[0m[2m703:[0m Epoch ended, skipping submission delay [3mepoch[0m[2m=[0m0
[2m2025-03-25T07:54:42.534738Z[0m [32m INFO[0m [1mnode[0m[1m{[0m[3mname[0m[2m=[0mk#addeef94..[1m}[0m[2m:[0m [2msui_core::checkpoints::checkpoint_executor[0m[2m:[0m [2mcrates/sui-core/src/checkpoints/checkpoint_executor/mod.rs[0m[2m:[0m[2m332:[0m Received checkpoint summary from state sync [3msequence_number[0m[2m=[0m204
[2m2025-03-25T07:54:42.534871Z[0m [32m INFO[0m [1mnode[0m[1m{[0m[3mname[0m[2m=[0mk#addeef94..[1m}[0m[2m:[0m [2msui_core::checkpoints::checkpoint_executor[0m[2m:[0m [2mcrates/sui-core/src/checkpoints/checkpoint_executor/mod.rs[0m[2m:[0m[2m332:[0m Received checkpoint summary from state sync [3msequence_number[0m[2m=[0m205
[2m2025-03-25T07:54:42.536121Z[0m [32m INFO[0m [1mnode[0m[1m{[0m[3mname[0m[2m=[0mk#addeef94..[1m}[0m[2m:[0m [2msui_core::state_accumulator[0m[2m:[0m [2mcrates/sui-core/src/state_accumulator.rs[0m[2m:[0m[2m675:[0m accumulating running root for checkpoint 204
[2m2025-03-25T07:54:42.536556Z[0m [32m INFO[0m [1mnode[0m[1m{[0m[3mname[0m[2m=[0mk#addeef94..[1m}[0m[2m:[0m [2msui_core::state_accumulator[0m[2m:[0m [2mcrates/sui-core/src/state_accumulator.rs[0m[2m:[0m[2m675:[0m accumulating running root for checkpoint 205
[2m2025-03-25T07:54:42.538750Z[0m [32m INFO[0m [1mnode[0m[1m{[0m[3mname[0m[2m=[0mk#8dcff6d1..[1m}[0m[2m:[0m [2msui_core::checkpoints[0m[2m:[0m [2mcrates/sui-core/src/checkpoints/mod.rs[0m[2m:[0m[2m1326:[0m Creating checkpoint(s) for 1 transactions [3mnext_checkpoint_seq[0m[2m=[0m207 [3mcheckpoint_timestamp[0m[2m=[0m1742889281804
[2m2025-03-25T07:54:42.538943Z[0m [32m INFO[0m [1mnode[0m[1m{[0m[3mname[0m[2m=[0mk#8dcff6d1..[1m}[0m[2m:[0m [2msui_core::checkpoints::checkpoint_output[0m[2m:[0m [2mcrates/sui-core/src/checkpoints/checkpoint_output.rs[0m[2m:[0m[2m149:[0m Creating checkpoint CheckpointDigest(G1NV36xzKqJR4oGt7K4nYeCUB7ntaRW2F67HZoKJGVht) at epoch 0, sequence 207, previous digest Some(CheckpointDigest(whvM5uzvCcJZCHzkUzzj2vsK9bENC6yQs6Pf3oMdcfd)), transactions count 1, content digest CheckpointContentsDigest(EqQeU5nV7PJc3tJ5e3e46M9CpEBRqVfhKZ5wu1kXpXhv), end_of_epoch_data None
[2m2025-03-25T07:54:42.539867Z[0m [32m INFO[0m [1mnode[0m[1m{[0m[3mname[0m[2m=[0mk#99f25ef6..[1m}[0m[2m:[0m [2msui_core::checkpoints[0m[2m:[0m [2mcrates/sui-core/src/checkpoints/mod.rs[0m[2m:[0m[2m1326:[0m Creating checkpoint(s) for 1 transactions [3mnext_checkpoint_seq[0m[2m=[0m207 [3mcheckpoint_timestamp[0m[2m=[0m1742889281804
[2m2025-03-25T07:54:42.540046Z[0m [32m INFO[0m [1mnode[0m[1m{[0m[3mname[0m[2m=[0mk#99f25ef6..[1m}[0m[2m:[0m [2msui_core::checkpoints::checkpoint_output[0m[2m:[0m [2mcrates/sui-core/src/checkpoints/checkpoint_output.rs[0m[2m:[0m[2m149:[0m Creating checkpoint CheckpointDigest(G1NV36xzKqJR4oGt7K4nYeCUB7ntaRW2F67HZoKJGVht) at epoch 0, sequence 207, previous digest Some(CheckpointDigest(whvM5uzvCcJZCHzkUzzj2vsK9bENC6yQs6Pf3oMdcfd)), transactions count 1, content digest CheckpointContentsDigest(EqQeU5nV7PJc3tJ5e3e46M9CpEBRqVfhKZ5wu1kXpXhv), end_of_epoch_data None
[2m2025-03-25T07:54:42.540536Z[0m [33m WARN[0m [1mnode[0m[1m{[0m[3mname[0m[2m=[0mk#99f25ef6..[1m}[0m[2m:[0m [2msui_core::consensus_adapter[0m[2m:[0m [2mcrates/sui-core/src/consensus_adapter.rs[0m[2m:[0m[2m703:[0m Epoch ended, skipping submission delay [3mepoch[0m[2m=[0m0
[2m2025-03-25T07:54:42.541671Z[0m [32m INFO[0m [1mnode[0m[1m{[0m[3mname[0m[2m=[0mk#b3f3cbb4..[1m}[0m[2m:[0m [2msui_core::checkpoints::checkpoint_executor[0m[2m:[0m [2mcrates/sui-core/src/checkpoints/checkpoint_executor/mod.rs[0m[2m:[0m[2m332:[0m Received checkpoint summary from state sync [3msequence_number[0m[2m=[0m204
[2m2025-03-25T07:54:42.541792Z[0m [32m INFO[0m [1mnode[0m[1m{[0m[3mname[0m[2m=[0mk#b3f3cbb4..[1m}[0m[2m:[0m [2msui_core::checkpoints::checkpoint_executor[0m[2m:[0m [2mcrates/sui-core/src/checkpoints/checkpoint_executor/mod.rs[0m[2m:[0m[2m332:[0m Received checkpoint summary from state sync [3msequence_number[0m[2m=[0m205
[2m2025-03-25T07:54:42.570732Z[0m [32m INFO[0m [1mnode[0m[1m{[0m[3mname[0m[2m=[0mk#addeef94..[1m}[0m[2m:[0m [2mconsensus_core::core[0m[2m:[0m [2mconsensus/core/src/core.rs[0m[2m:[0m[2m531:[0m Created block B111(C,mN/0pgcvWwgew3KB2n0gka5A2DU4FZpIV4ZsCXix6NE=)(1742889282570ms;[B110(C,Pi7ygMaDUN7HzU5Rs+ovUPinv1Yo5v02ZkcGWpTFx3c=), B110(A,tL0MFQFc+47q6ZQdOnzLbWHPSdkrqLbkVMdJdLVuLHc=), B110(B,enbBfyUDV3RE2WTrlosZ7Z4KrMf2tqBKVqp4+Hn4d2Q=)];2t;1c) for round 111
[2m2025-03-25T07:54:42.573401Z[0m [32m INFO[0m [1mnode[0m[1m{[0m[3mname[0m[2m=[0mk#8dcff6d1..[1m}[0m[2m:[0m [2mconsensus_core::core[0m[2m:[0m [2mconsensus/core/src/core.rs[0m[2m:[0m[2m531:[0m Created block B111(A,yyrVhJ6XbeMvP6WG1dLDgnvx+qqc1EJAQ/2YW0MJjlQ=)(1742889282573ms;[B110(A,tL0MFQFc+47q6ZQdOnzLbWHPSdkrqLbkVMdJdLVuLHc=), B110(B,enbBfyUDV3RE2WTrlosZ7Z4KrMf2tqBKVqp4+Hn4d2Q=), B110(C,Pi7ygMaDUN7HzU5Rs+ovUPinv1Yo5v02ZkcGWpTFx3c=)];2t;1c) for round 111
[2m2025-03-25T07:54:42.573408Z[0m [32m INFO[0m [1mnode[0m[1m{[0m[3mname[0m[2m=[0mk#99f25ef6..[1m}[0m[2m:[0m [2mconsensus_core::core[0m[2m:[0m [2mconsensus/core/src/core.rs[0m[2m:[0m[2m531:[0m Created block B111(B,GmS+2c4uDhIN53LlOQt7lPxkgsHkeZrurV90q7q5eAk=)(1742889282573ms;[B110(B,enbBfyUDV3RE2WTrlosZ7Z4KrMf2tqBKVqp4+Hn4d2Q=), B110(A,tL0MFQFc+47q6ZQdOnzLbWHPSdkrqLbkVMdJdLVuLHc=), B110(C,Pi7ygMaDUN7HzU5Rs+ovUPinv1Yo5v02ZkcGWpTFx3c=)];2t;1c) for round 111
[2m2025-03-25T07:54:42.573485Z[0m [32m INFO[0m [1mnode[0m[1m{[0m[3mname[0m[2m=[0mk#8dcff6d1..[1m}[0m[2m:[0m [2mconsensus_core::core[0m[2m:[0m [2mconsensus/core/src/core.rs[0m[2m:[0m[2m630:[0m Committing 1 leaders: B109(B,7zgC)
[2m2025-03-25T07:54:42.573485Z[0m [32m INFO[0m [1mnode[0m[1m{[0m[3mname[0m[2m=[0mk#99f25ef6..[1m}[0m[2m:[0m [2mconsensus_core::core[0m[2m:[0m [2mconsensus/core/src/core.rs[0m[2m:[0m[2m630:[0m Committing 1 leaders: B109(B,7zgC)
[2m2025-03-25T07:54:42.573556Z[0m [32m INFO[0m [1mnode[0m[1m{[0m[3mname[0m[2m=[0mk#8dcff6d1..[1m}[0m[2m:[0m [2mconsensus_core::commit_observer[0m[2m:[0m [2mconsensus/core/src/commit_observer.rs[0m[2m:[0m[2m173:[0m Consensus commit C108(8beI) with leader B109(B,7zgC) has 3 blocks
[2m2025-03-25T07:54:42.573557Z[0m [32m INFO[0m [1mnode[0m[1m{[0m[3mname[0m[2m=[0mk#99f25ef6..[1m}[0m[2m:[0m [2mconsensus_core::commit_observer[0m[2m:[0m [2mconsensus/core/src/commit_observer.rs[0m[2m:[0m[2m173:[0m Consensus commit C108(8beI) with leader B109(B,7zgC) has 3 blocks
[2m2025-03-25T07:54:42.573644Z[0m [32m INFO[0m [1mnode[0m[1m{[0m[3mname[0m[2m=[0mk#8dcff6d1..[1m}[0m[2m:[0m [2msui_core::consensus_handler[0m[2m:[0m [2mcrates/sui-core/src/consensus_handler.rs[0m[2m:[0m[2m232:[0m Received consensus output [3mconsensus_commit[0m[2m=[0mCommittedSubDag(leader=B109(B,7zgC), ref=C108(8beI), blocks=[4egf, vtcu, 7zgC]) [3mepoch[0m[2m=[0m0
[2m2025-03-25T07:54:42.573644Z[0m [32m INFO[0m [1mnode[0m[1m{[0m[3mname[0m[2m=[0mk#99f25ef6..[1m}[0m[2m:[0m [2msui_core::consensus_handler[0m[2m:[0m [2mcrates/sui-core/src/consensus_handler.rs[0m[2m:[0m[2m232:[0m Received consensus output [3mconsensus_commit[0m[2m=[0mCommittedSubDag(leader=B109(B,7zgC), ref=C108(8beI), blocks=[4egf, vtcu, 7zgC]) [3mepoch[0m[2m=[0m0
[2m2025-03-25T07:54:42.576624Z[0m [32m INFO[0m [1mnode[0m[1m{[0m[3mname[0m[2m=[0mk#addeef94..[1m}[0m[2m:[0m [2mconsensus_core::core[0m[2m:[0m [2mconsensus/core/src/core.rs[0m[2m:[0m[2m630:[0m Committing 1 leaders: B109(B,7zgC)
[2m2025-03-25T07:54:42.576710Z[0m [32m INFO[0m [1mnode[0m[1m{[0m[3mname[0m[2m=[0mk#addeef94..[1m}[0m[2m:[0m [2mconsensus_core::commit_observer[0m[2m:[0m [2mconsensus/core/src/commit_observer.rs[0m[2m:[0m[2m173:[0m Consensus commit C108(8beI) with leader B109(B,7zgC) has 3 blocks
[2m2025-03-25T07:54:42.576783Z[0m [32m INFO[0m [1mnode[0m[1m{[0m[3mname[0m[2m=[0mk#addeef94..[1m}[0m[2m:[0m [2msui_core::consensus_handler[0m[2m:[0m [2mcrates/sui-core/src/consensus_handler.rs[0m[2m:[0m[2m232:[0m Received consensus output [3mconsensus_commit[0m[2m=[0mCommittedSubDag(leader=B109(B,7zgC), ref=C108(8beI), blocks=[4egf, vtcu, 7zgC]) [3mepoch[0m[2m=[0m0
[2m2025-03-25T07:54:42.631637Z[0m [32m INFO[0m [1mnode[0m[1m{[0m[3mname[0m[2m=[0mk#b3f3cbb4..[1m}[0m[2m:[0m [2msui_core::state_accumulator[0m[2m:[0m [2mcrates/sui-core/src/state_accumulator.rs[0m[2m:[0m[2m675:[0m accumulating running root for checkpoint 204
[2m2025-03-25T07:54:42.632146Z[0m [32m INFO[0m [1mnode[0m[1m{[0m[3mname[0m[2m=[0mk#b3f3cbb4..[1m}[0m[2m:[0m [2msui_core::state_accumulator[0m[2m:[0m [2mcrates/sui-core/src/state_accumulator.rs[0m[2m:[0m[2m675:[0m accumulating running root for checkpoint 205
[2m2025-03-25T07:54:42.668503Z[0m [32m INFO[0m [1mnode[0m[1m{[0m[3mname[0m[2m=[0mk#8dcff6d1..[1m}[0m[2m:[0m [2msui_core::checkpoints[0m[2m:[0m [2mcrates/sui-core/src/checkpoints/mod.rs[0m[2m:[0m[2m1326:[0m Creating checkpoint(s) for 1 transactions [3mnext_checkpoint_seq[0m[2m=[0m208 [3mcheckpoint_timestamp[0m[2m=[0m1742889282062
[2m2025-03-25T07:54:42.668738Z[0m [32m INFO[0m [1mnode[0m[1m{[0m[3mname[0m[2m=[0mk#8dcff6d1..[1m}[0m[2m:[0m [2msui_core::checkpoints::checkpoint_output[0m[2m:[0m [2mcrates/sui-core/src/checkpoints/checkpoint_output.rs[0m[2m:[0m[2m149:[0m Creating checkpoint CheckpointDigest(4CA2TwAXT7XaqHBMDbJmjwAYqzTptXWuSqVttikTXXPm) at epoch 0, sequence 208, previous digest Some(CheckpointDigest(G1NV36xzKqJR4oGt7K4nYeCUB7ntaRW2F67HZoKJGVht)), transactions count 1, content digest CheckpointContentsDigest(6n8XczwjxLRSmMLMY2LjpbaUNYMTfGQ2ifdgGa1oGDU4), end_of_epoch_data None
[2m2025-03-25T07:54:42.670687Z[0m [32m INFO[0m [1mnode[0m[1m{[0m[3mname[0m[2m=[0mk#addeef94..[1m}[0m[2m:[0m [2msui_core::checkpoints[0m[2m:[0m [2mcrates/sui-core/src/checkpoints/mod.rs[0m[2m:[0m[2m1326:[0m Creating checkpoint(s) for 1 transactions [3mnext_checkpoint_seq[0m[2m=[0m208 [3mcheckpoint_timestamp[0m[2m=[0m1742889282062
[2m2025-03-25T07:54:42.670867Z[0m [32m INFO[0m [1mnode[0m[1m{[0m[3mname[0m[2m=[0mk#addeef94..[1m}[0m[2m:[0m [2msui_core::checkpoints::checkpoint_output[0m[2m:[0m [2mcrates/sui-core/src/checkpoints/checkpoint_output.rs[0m[2m:[0m[2m149:[0m Creating checkpoint CheckpointDigest(4CA2TwAXT7XaqHBMDbJmjwAYqzTptXWuSqVttikTXXPm) at epoch 0, sequence 208, previous digest Some(CheckpointDigest(G1NV36xzKqJR4oGt7K4nYeCUB7ntaRW2F67HZoKJGVht)), transactions count 1, content digest CheckpointContentsDigest(6n8XczwjxLRSmMLMY2LjpbaUNYMTfGQ2ifdgGa1oGDU4), end_of_epoch_data None
[2m2025-03-25T07:54:42.671073Z[0m [32m INFO[0m [1mnode[0m[1m{[0m[3mname[0m[2m=[0mk#99f25ef6..[1m}[0m[2m:[0m [2msui_core::checkpoints[0m[2m:[0m [2mcrates/sui-core/src/checkpoints/mod.rs[0m[2m:[0m[2m1326:[0m Creating checkpoint(s) for 1 transactions [3mnext_checkpoint_seq[0m[2m=[0m208 [3mcheckpoint_timestamp[0m[2m=[0m1742889282062
[2m2025-03-25T07:54:42.671237Z[0m [32m INFO[0m [1mnode[0m[1m{[0m[3mname[0m[2m=[0mk#99f25ef6..[1m}[0m[2m:[0m [2msui_core::checkpoints::checkpoint_output[0m[2m:[0m [2mcrates/sui-core/src/checkpoints/checkpoint_output.rs[0m[2m:[0m[2m149:[0m Creating checkpoint CheckpointDigest(4CA2TwAXT7XaqHBMDbJmjwAYqzTptXWuSqVttikTXXPm) at epoch 0, sequence 208, previous digest Some(CheckpointDigest(G1NV36xzKqJR4oGt7K4nYeCUB7ntaRW2F67HZoKJGVht)), transactions count 1, content digest CheckpointContentsDigest(6n8XczwjxLRSmMLMY2LjpbaUNYMTfGQ2ifdgGa1oGDU4), end_of_epoch_data None
[2m2025-03-25T07:54:42.671297Z[0m [33m WARN[0m [1mnode[0m[1m{[0m[3mname[0m[2m=[0mk#addeef94..[1m}[0m[2m:[0m [2msui_core::consensus_adapter[0m[2m:[0m [2mcrates/sui-core/src/consensus_adapter.rs[0m[2m:[0m[2m703:[0m Epoch ended, skipping submission delay [3mepoch[0m[2m=[0m0
[2m2025-03-25T07:54:42.671650Z[0m [33m WARN[0m [1mnode[0m[1m{[0m[3mname[0m[2m=[0mk#99f25ef6..[1m}[0m[2m:[0m [2msui_core::consensus_adapter[0m[2m:[0m [2mcrates/sui-core/src/consensus_adapter.rs[0m[2m:[0m[2m703:[0m Epoch ended, skipping submission delay [3mepoch[0m[2m=[0m0
[2m2025-03-25T07:54:42.673475Z[0m [32m INFO[0m [1mnode[0m[1m{[0m[3mname[0m[2m=[0mk#8dcff6d1..[1m}[0m[2m:[0m [2msui_core::checkpoints::checkpoint_output[0m[2m:[0m [2mcrates/sui-core/src/checkpoints/checkpoint_output.rs[0m[2m:[0m[2m196:[0m Certified checkpoint with sequence 206 and digest whvM5uzvCcJZCHzkUzzj2vsK9bENC6yQs6Pf3oMdcfd
[2m2025-03-25T07:54:42.673496Z[0m [32m INFO[0m [1mnode[0m[1m{[0m[3mname[0m[2m=[0mk#8dcff6d1..[1m}[0m[2m:[0m [2msui_core::checkpoints::checkpoint_output[0m[2m:[0m [2mcrates/sui-core/src/checkpoints/checkpoint_output.rs[0m[2m:[0m[2m196:[0m Certified checkpoint with sequence 207 and digest G1NV36xzKqJR4oGt7K4nYeCUB7ntaRW2F67HZoKJGVht
[2m2025-03-25T07:54:42.674384Z[0m [32m INFO[0m [1mnode[0m[1m{[0m[3mname[0m[2m=[0mk#8dcff6d1..[1m}[0m[2m:[0m [2msui_core::checkpoints::checkpoint_executor[0m[2m:[0m [2mcrates/sui-core/src/checkpoints/checkpoint_executor/mod.rs[0m[2m:[0m[2m332:[0m Received checkpoint summary from state sync [3msequence_number[0m[2m=[0m206
[2m2025-03-25T07:54:42.674517Z[0m [32m INFO[0m [1mnode[0m[1m{[0m[3mname[0m[2m=[0mk#8dcff6d1..[1m}[0m[2m:[0m [2msui_core::checkpoints::checkpoint_executor[0m[2m:[0m [2mcrates/sui-core/src/checkpoints/checkpoint_executor/mod.rs[0m[2m:[0m[2m332:[0m Received checkpoint summary from state sync [3msequence_number[0m[2m=[0m207
[2m2025-03-25T07:54:42.675751Z[0m [32m INFO[0m [1mnode[0m[1m{[0m[3mname[0m[2m=[0mk#99f25ef6..[1m}[0m[2m:[0m [2msui_core::checkpoints::checkpoint_output[0m[2m:[0m [2mcrates/sui-core/src/checkpoints/checkpoint_output.rs[0m[2m:[0m[2m196:[0m Certified checkpoint with sequence 206 and digest whvM5uzvCcJZCHzkUzzj2vsK9bENC6yQs6Pf3oMdcfd
[2m2025-03-25T07:54:42.675772Z[0m [32m INFO[0m [1mnode[0m[1m{[0m[3mname[0m[2m=[0mk#99f25ef6..[1m}[0m[2m:[0m [2msui_core::checkpoints::checkpoint_output[0m[2m:[0m [2mcrates/sui-core/src/checkpoints/checkpoint_output.rs[0m[2m:[0m[2m196:[0m Certified checkpoint with sequence 207 and digest G1NV36xzKqJR4oGt7K4nYeCUB7ntaRW2F67HZoKJGVht
[2m2025-03-25T07:54:42.676615Z[0m [32m INFO[0m [1mnode[0m[1m{[0m[3mname[0m[2m=[0mk#8dcff6d1..[1m}[0m[2m:[0m [2msui_core::state_accumulator[0m[2m:[0m [2mcrates/sui-core/src/state_accumulator.rs[0m[2m:[0m[2m675:[0m accumulating running root for checkpoint 206
[2m2025-03-25T07:54:42.676724Z[0m [32m INFO[0m [1mnode[0m[1m{[0m[3mname[0m[2m=[0mk#99f25ef6..[1m}[0m[2m:[0m [2msui_core::checkpoints::checkpoint_executor[0m[2m:[0m [2mcrates/sui-core/src/checkpoints/checkpoint_executor/mod.rs[0m[2m:[0m[2m332:[0m Received checkpoint summary from state sync [3msequence_number[0m[2m=[0m206
[2m2025-03-25T07:54:42.676850Z[0m [32m INFO[0m [1mnode[0m[1m{[0m[3mname[0m[2m=[0mk#99f25ef6..[1m}[0m[2m:[0m [2msui_core::checkpoints::checkpoint_executor[0m[2m:[0m [2mcrates/sui-core/src/checkpoints/checkpoint_executor/mod.rs[0m[2m:[0m[2m332:[0m Received checkpoint summary from state sync [3msequence_number[0m[2m=[0m207
[2m2025-03-25T07:54:42.677077Z[0m [32m INFO[0m [1mnode[0m[1m{[0m[3mname[0m[2m=[0mk#8dcff6d1..[1m}[0m[2m:[0m [2msui_core::state_accumulator[0m[2m:[0m [2mcrates/sui-core/src/state_accumulator.rs[0m[2m:[0m[2m675:[0m accumulating running root for checkpoint 207
[2m2025-03-25T07:54:42.678940Z[0m [32m INFO[0m [1mnode[0m[1m{[0m[3mname[0m[2m=[0mk#99f25ef6..[1m}[0m[2m:[0m [2msui_core::state_accumulator[0m[2m:[0m [2mcrates/sui-core/src/state_accumulator.rs[0m[2m:[0m[2m675:[0m accumulating running root for checkpoint 206
[2m2025-03-25T07:54:42.679380Z[0m [32m INFO[0m [1mnode[0m[1m{[0m[3mname[0m[2m=[0mk#99f25ef6..[1m}[0m[2m:[0m [2msui_core::state_accumulator[0m[2m:[0m [2mcrates/sui-core/src/state_accumulator.rs[0m[2m:[0m[2m675:[0m accumulating running root for checkpoint 207
[2m2025-03-25T07:54:42.793581Z[0m [32m INFO[0m [1mnode[0m[1m{[0m[3mname[0m[2m=[0mk#99f25ef6..[1m}[0m[2m:[0m [2msui_core::checkpoints[0m[2m:[0m [2mcrates/sui-core/src/checkpoints/mod.rs[0m[2m:[0m[2m1326:[0m Creating checkpoint(s) for 1 transactions [3mnext_checkpoint_seq[0m[2m=[0m209 [3mcheckpoint_timestamp[0m[2m=[0m1742889282062
[2m2025-03-25T07:54:42.793676Z[0m [32m INFO[0m [1mnode[0m[1m{[0m[3mname[0m[2m=[0mk#8dcff6d1..[1m}[0m[2m:[0m [2msui_core::checkpoints[0m[2m:[0m [2mcrates/sui-core/src/checkpoints/mod.rs[0m[2m:[0m[2m1326:[0m Creating checkpoint(s) for 1 transactions [3mnext_checkpoint_seq[0m[2m=[0m209 [3mcheckpoint_timestamp[0m[2m=[0m1742889282062
[2m2025-03-25T07:54:42.793860Z[0m [32m INFO[0m [1mnode[0m[1m{[0m[3mname[0m[2m=[0mk#99f25ef6..[1m}[0m[2m:[0m [2msui_core::checkpoints::checkpoint_output[0m[2m:[0m [2mcrates/sui-core/src/checkpoints/checkpoint_output.rs[0m[2m:[0m[2m149:[0m Creating checkpoint CheckpointDigest(DsPXwR6qRABzgwtYvfpeb62tUWbuKNq4jRB8zmioJ7sy) at epoch 0, sequence 209, previous digest Some(CheckpointDigest(4CA2TwAXT7XaqHBMDbJmjwAYqzTptXWuSqVttikTXXPm)), transactions count 1, content digest CheckpointContentsDigest(FhcC5LAZjYY4E8d3jCrmeXHL6KPNmT9Sc8UekSybnZSK), end_of_epoch_data None
[2m2025-03-25T07:54:42.793863Z[0m [32m INFO[0m [1mnode[0m[1m{[0m[3mname[0m[2m=[0mk#8dcff6d1..[1m}[0m[2m:[0m [2msui_core::checkpoints::checkpoint_output[0m[2m:[0m [2mcrates/sui-core/src/checkpoints/checkpoint_output.rs[0m[2m:[0m[2m149:[0m Creating checkpoint CheckpointDigest(DsPXwR6qRABzgwtYvfpeb62tUWbuKNq4jRB8zmioJ7sy) at epoch 0, sequence 209, previous digest Some(CheckpointDigest(4CA2TwAXT7XaqHBMDbJmjwAYqzTptXWuSqVttikTXXPm)), transactions count 1, content digest CheckpointContentsDigest(FhcC5LAZjYY4E8d3jCrmeXHL6KPNmT9Sc8UekSybnZSK), end_of_epoch_data None
[2m2025-03-25T07:54:42.794121Z[0m [32m INFO[0m [1mnode[0m[1m{[0m[3mname[0m[2m=[0mk#addeef94..[1m}[0m[2m:[0m [2msui_core::checkpoints[0m[2m:[0m [2mcrates/sui-core/src/checkpoints/mod.rs[0m[2m:[0m[2m1326:[0m Creating checkpoint(s) for 1 transactions [3mnext_checkpoint_seq[0m[2m=[0m209 [3mcheckpoint_timestamp[0m[2m=[0m1742889282062
[2m2025-03-25T07:54:42.794300Z[0m [32m INFO[0m [1mnode[0m[1m{[0m[3mname[0m[2m=[0mk#addeef94..[1m}[0m[2m:[0m [2msui_core::checkpoints::checkpoint_output[0m[2m:[0m [2mcrates/sui-core/src/checkpoints/checkpoint_output.rs[0m[2m:[0m[2m149:[0m Creating checkpoint CheckpointDigest(DsPXwR6qRABzgwtYvfpeb62tUWbuKNq4jRB8zmioJ7sy) at epoch 0, sequence 209, previous digest Some(CheckpointDigest(4CA2TwAXT7XaqHBMDbJmjwAYqzTptXWuSqVttikTXXPm)), transactions count 1, content digest CheckpointContentsDigest(FhcC5LAZjYY4E8d3jCrmeXHL6KPNmT9Sc8UekSybnZSK), end_of_epoch_data None
[2m2025-03-25T07:54:42.794408Z[0m [33m WARN[0m [1mnode[0m[1m{[0m[3mname[0m[2m=[0mk#99f25ef6..[1m}[0m[2m:[0m [2msui_core::consensus_adapter[0m[2m:[0m [2mcrates/sui-core/src/consensus_adapter.rs[0m[2m:[0m[2m703:[0m Epoch ended, skipping submission delay [3mepoch[0m[2m=[0m0
[2m2025-03-25T07:54:42.795306Z[0m [33m WARN[0m [1mnode[0m[1m{[0m[3mname[0m[2m=[0mk#addeef94..[1m}[0m[2m:[0m [2msui_core::consensus_adapter[0m[2m:[0m [2mcrates/sui-core/src/consensus_adapter.rs[0m[2m:[0m[2m703:[0m Epoch ended, skipping submission delay [3mepoch[0m[2m=[0m0
[2m2025-03-25T07:54:42.796839Z[0m [32m INFO[0m [1mnode[0m[1m{[0m[3mname[0m[2m=[0mk#b3f3cbb4..[1m}[0m[2m:[0m [2msui_core::checkpoints::checkpoint_executor[0m[2m:[0m [2mcrates/sui-core/src/checkpoints/checkpoint_executor/mod.rs[0m[2m:[0m[2m332:[0m Received checkpoint summary from state sync [3msequence_number[0m[2m=[0m206
[2m2025-03-25T07:54:42.796968Z[0m [32m INFO[0m [1mnode[0m[1m{[0m[3mname[0m[2m=[0mk#b3f3cbb4..[1m}[0m[2m:[0m [2msui_core::checkpoints::checkpoint_executor[0m[2m:[0m [2mcrates/sui-core/src/checkpoints/checkpoint_executor/mod.rs[0m[2m:[0m[2m332:[0m Received checkpoint summary from state sync [3msequence_number[0m[2m=[0m207
[2m2025-03-25T07:54:42.797746Z[0m [32m INFO[0m [1mnode[0m[1m{[0m[3mname[0m[2m=[0mk#addeef94..[1m}[0m[2m:[0m [2msui_core::checkpoints::checkpoint_executor[0m[2m:[0m [2mcrates/sui-core/src/checkpoints/checkpoint_executor/mod.rs[0m[2m:[0m[2m332:[0m Received checkpoint summary from state sync [3msequence_number[0m[2m=[0m206
[2m2025-03-25T07:54:42.797861Z[0m [32m INFO[0m [1mnode[0m[1m{[0m[3mname[0m[2m=[0mk#addeef94..[1m}[0m[2m:[0m [2msui_core::checkpoints::checkpoint_executor[0m[2m:[0m [2mcrates/sui-core/src/checkpoints/checkpoint_executor/mod.rs[0m[2m:[0m[2m332:[0m Received checkpoint summary from state sync [3msequence_number[0m[2m=[0m207
[2m2025-03-25T07:54:42.799003Z[0m [32m INFO[0m [1mnode[0m[1m{[0m[3mname[0m[2m=[0mk#addeef94..[1m}[0m[2m:[0m [2msui_core::state_accumulator[0m[2m:[0m [2mcrates/sui-core/src/state_accumulator.rs[0m[2m:[0m[2m675:[0m accumulating running root for checkpoint 206
[2m2025-03-25T07:54:42.799425Z[0m [32m INFO[0m [1mnode[0m[1m{[0m[3mname[0m[2m=[0mk#addeef94..[1m}[0m[2m:[0m [2msui_core::state_accumulator[0m[2m:[0m [2mcrates/sui-core/src/state_accumulator.rs[0m[2m:[0m[2m675:[0m accumulating running root for checkpoint 207
[2m2025-03-25T07:54:42.825614Z[0m [32m INFO[0m [1mnode[0m[1m{[0m[3mname[0m[2m=[0mk#99f25ef6..[1m}[0m[2m:[0m [2mconsensus_core::core[0m[2m:[0m [2mconsensus/core/src/core.rs[0m[2m:[0m[2m531:[0m Created block B112(B,yOSQ8R/rXh8nA/7rpBBpJHfplxBbmdxaYPe0WEXw6cM=)(1742889282825ms;[B111(B,GmS+2c4uDhIN53LlOQt7lPxkgsHkeZrurV90q7q5eAk=), B111(A,yyrVhJ6XbeMvP6WG1dLDgnvx+qqc1EJAQ/2YW0MJjlQ=), B111(C,mN/0pgcvWwgew3KB2n0gka5A2DU4FZpIV4ZsCXix6NE=)];2t;1c) for round 112
[2m2025-03-25T07:54:42.826317Z[0m [32m INFO[0m [1mnode[0m[1m{[0m[3mname[0m[2m=[0mk#8dcff6d1..[1m}[0m[2m:[0m [2mconsensus_core::core[0m[2m:[0m [2mconsensus/core/src/core.rs[0m[2m:[0m[2m531:[0m Created block B112(A,4eXuQQKojYT5fpFRcFAGSB+a8LyOE98mu6fN6zg1uho=)(1742889282826ms;[B111(A,yyrVhJ6XbeMvP6WG1dLDgnvx+qqc1EJAQ/2YW0MJjlQ=), B111(B,GmS+2c4uDhIN53LlOQt7lPxkgsHkeZrurV90q7q5eAk=), B111(C,mN/0pgcvWwgew3KB2n0gka5A2DU4FZpIV4ZsCXix6NE=)];2t;1c) for round 112
[2m2025-03-25T07:54:42.828353Z[0m [32m INFO[0m [1mnode[0m[1m{[0m[3mname[0m[2m=[0mk#addeef94..[1m}[0m[2m:[0m [2mconsensus_core::core[0m[2m:[0m [2mconsensus/core/src/core.rs[0m[2m:[0m[2m531:[0m Created block B112(C,FzFXEUQsBviJnulOmskv6fKu4XPcbGXrZyFtC6SextY=)(1742889282828ms;[B111(C,mN/0pgcvWwgew3KB2n0gka5A2DU4FZpIV4ZsCXix6NE=), B111(A,yyrVhJ6XbeMvP6WG1dLDgnvx+qqc1EJAQ/2YW0MJjlQ=), B111(B,GmS+2c4uDhIN53LlOQt7lPxkgsHkeZrurV90q7q5eAk=)];2t;1c) for round 112
[2m2025-03-25T07:54:42.828433Z[0m [32m INFO[0m [1mnode[0m[1m{[0m[3mname[0m[2m=[0mk#addeef94..[1m}[0m[2m:[0m [2mconsensus_core::core[0m[2m:[0m [2mconsensus/core/src/core.rs[0m[2m:[0m[2m630:[0m Committing 1 leaders: B110(C,Pi7y)
[2m2025-03-25T07:54:42.828500Z[0m [32m INFO[0m [1mnode[0m[1m{[0m[3mname[0m[2m=[0mk#addeef94..[1m}[0m[2m:[0m [2mconsensus_core::commit_observer[0m[2m:[0m [2mconsensus/core/src/commit_observer.rs[0m[2m:[0m[2m173:[0m Consensus commit C109(6RN4) with leader B110(C,Pi7y) has 3 blocks
[2m2025-03-25T07:54:42.828585Z[0m [32m INFO[0m [1mnode[0m[1m{[0m[3mname[0m[2m=[0mk#addeef94..[1m}[0m[2m:[0m [2msui_core::consensus_handler[0m[2m:[0m [2mcrates/sui-core/src/consensus_handler.rs[0m[2m:[0m[2m232:[0m Received consensus output [3mconsensus_commit[0m[2m=[0mCommittedSubDag(leader=B110(C,Pi7y), ref=C109(6RN4), blocks=[Jtol, BrHh, Pi7y]) [3mepoch[0m[2m=[0m0
[2m2025-03-25T07:54:42.831528Z[0m [32m INFO[0m [1mnode[0m[1m{[0m[3mname[0m[2m=[0mk#8dcff6d1..[1m}[0m[2m:[0m [2mconsensus_core::core[0m[2m:[0m [2mconsensus/core/src/core.rs[0m[2m:[0m[2m630:[0m Committing 1 leaders: B110(C,Pi7y)
[2m2025-03-25T07:54:42.831567Z[0m [32m INFO[0m [1mnode[0m[1m{[0m[3mname[0m[2m=[0mk#99f25ef6..[1m}[0m[2m:[0m [2mconsensus_core::core[0m[2m:[0m [2mconsensus/core/src/core.rs[0m[2m:[0m[2m630:[0m Committing 1 leaders: B110(C,Pi7y)
[2m2025-03-25T07:54:42.831619Z[0m [32m INFO[0m [1mnode[0m[1m{[0m[3mname[0m[2m=[0mk#8dcff6d1..[1m}[0m[2m:[0m [2mconsensus_core::commit_observer[0m[2m:[0m [2mconsensus/core/src/commit_observer.rs[0m[2m:[0m[2m173:[0m Consensus commit C109(6RN4) with leader B110(C,Pi7y) has 3 blocks
[2m2025-03-25T07:54:42.831651Z[0m [32m INFO[0m [1mnode[0m[1m{[0m[3mname[0m[2m=[0mk#99f25ef6..[1m}[0m[2m:[0m [2mconsensus_core::commit_observer[0m[2m:[0m [2mconsensus/core/src/commit_observer.rs[0m[2m:[0m[2m173:[0m Consensus commit C109(6RN4) with leader B110(C,Pi7y) has 3 blocks
[2m2025-03-25T07:54:42.831694Z[0m [32m INFO[0m [1mnode[0m[1m{[0m[3mname[0m[2m=[0mk#8dcff6d1..[1m}[0m[2m:[0m [2msui_core::consensus_handler[0m[2m:[0m [2mcrates/sui-core/src/consensus_handler.rs[0m[2m:[0m[2m232:[0m Received consensus output [3mconsensus_commit[0m[2m=[0mCommittedSubDag(leader=B110(C,Pi7y), ref=C109(6RN4), blocks=[Jtol, BrHh, Pi7y]) [3mepoch[0m[2m=[0m0
[2m2025-03-25T07:54:42.831723Z[0m [32m INFO[0m [1mnode[0m[1m{[0m[3mname[0m[2m=[0mk#99f25ef6..[1m}[0m[2m:[0m [2msui_core::consensus_handler[0m[2m:[0m [2mcrates/sui-core/src/consensus_handler.rs[0m[2m:[0m[2m232:[0m Received consensus output [3mconsensus_commit[0m[2m=[0mCommittedSubDag(leader=B110(C,Pi7y), ref=C109(6RN4), blocks=[Jtol, BrHh, Pi7y]) [3mepoch[0m[2m=[0m0
[2m2025-03-25T07:54:42.886734Z[0m [32m INFO[0m [1mnode[0m[1m{[0m[3mname[0m[2m=[0mk#b3f3cbb4..[1m}[0m[2m:[0m [2msui_core::state_accumulator[0m[2m:[0m [2mcrates/sui-core/src/state_accumulator.rs[0m[2m:[0m[2m675:[0m accumulating running root for checkpoint 206
[2m2025-03-25T07:54:42.887217Z[0m [32m INFO[0m [1mnode[0m[1m{[0m[3mname[0m[2m=[0mk#b3f3cbb4..[1m}[0m[2m:[0m [2msui_core::state_accumulator[0m[2m:[0m [2mcrates/sui-core/src/state_accumulator.rs[0m[2m:[0m[2m675:[0m accumulating running root for checkpoint 207
[2m2025-03-25T07:54:42.920874Z[0m [32m INFO[0m [1mnode[0m[1m{[0m[3mname[0m[2m=[0mk#addeef94..[1m}[0m[2m:[0m [2msui_core::checkpoints[0m[2m:[0m [2mcrates/sui-core/src/checkpoints/mod.rs[0m[2m:[0m[2m1326:[0m Creating checkpoint(s) for 1 transactions [3mnext_checkpoint_seq[0m[2m=[0m210 [3mcheckpoint_timestamp[0m[2m=[0m1742889282318
[2m2025-03-25T07:54:42.921097Z[0m [32m INFO[0m [1mnode[0m[1m{[0m[3mname[0m[2m=[0mk#addeef94..[1m}[0m[2m:[0m [2msui_core::checkpoints::checkpoint_output[0m[2m:[0m [2mcrates/sui-core/src/checkpoints/checkpoint_output.rs[0m[2m:[0m[2m149:[0m Creating checkpoint CheckpointDigest(Bj1NGp8pVmzvnF9MFscchai6QtcdaEunqTSTgHUyhm8t) at epoch 0, sequence 210, previous digest Some(CheckpointDigest(DsPXwR6qRABzgwtYvfpeb62tUWbuKNq4jRB8zmioJ7sy)), transactions count 1, content digest CheckpointContentsDigest(Bc8Q7p3ANSqnn2occ1RJhfKJB4buqBBQe3Gdyx5aE8DJ), end_of_epoch_data None
[2m2025-03-25T07:54:42.921563Z[0m [33m WARN[0m [1mnode[0m[1m{[0m[3mname[0m[2m=[0mk#addeef94..[1m}[0m[2m:[0m [2msui_core::consensus_adapter[0m[2m:[0m [2mcrates/sui-core/src/consensus_adapter.rs[0m[2m:[0m[2m703:[0m Epoch ended, skipping submission delay [3mepoch[0m[2m=[0m0
[2m2025-03-25T07:54:42.923968Z[0m [32m INFO[0m [1mnode[0m[1m{[0m[3mname[0m[2m=[0mk#8dcff6d1..[1m}[0m[2m:[0m [2msui_core::checkpoints[0m[2m:[0m [2mcrates/sui-core/src/checkpoints/mod.rs[0m[2m:[0m[2m1326:[0m Creating checkpoint(s) for 1 transactions [3mnext_checkpoint_seq[0m[2m=[0m210 [3mcheckpoint_timestamp[0m[2m=[0m1742889282318
[2m2025-03-25T07:54:42.924148Z[0m [32m INFO[0m [1mnode[0m[1m{[0m[3mname[0m[2m=[0mk#8dcff6d1..[1m}[0m[2m:[0m [2msui_core::checkpoints::checkpoint_output[0m[2m:[0m [2mcrates/sui-core/src/checkpoints/checkpoint_output.rs[0m[2m:[0m[2m149:[0m Creating checkpoint CheckpointDigest(Bj1NGp8pVmzvnF9MFscchai6QtcdaEunqTSTgHUyhm8t) at epoch 0, sequence 210, previous digest Some(CheckpointDigest(DsPXwR6qRABzgwtYvfpeb62tUWbuKNq4jRB8zmioJ7sy)), transactions count 1, content digest CheckpointContentsDigest(Bc8Q7p3ANSqnn2occ1RJhfKJB4buqBBQe3Gdyx5aE8DJ), end_of_epoch_data None
[2m2025-03-25T07:54:42.924627Z[0m [32m INFO[0m [1mnode[0m[1m{[0m[3mname[0m[2m=[0mk#99f25ef6..[1m}[0m[2m:[0m [2msui_core::checkpoints[0m[2m:[0m [2mcrates/sui-core/src/checkpoints/mod.rs[0m[2m:[0m[2m1326:[0m Creating checkpoint(s) for 1 transactions [3mnext_checkpoint_seq[0m[2m=[0m210 [3mcheckpoint_timestamp[0m[2m=[0m1742889282318
[2m2025-03-25T07:54:42.924793Z[0m [32m INFO[0m [1mnode[0m[1m{[0m[3mname[0m[2m=[0mk#99f25ef6..[1m}[0m[2m:[0m [2msui_core::checkpoints::checkpoint_output[0m[2m:[0m [2mcrates/sui-core/src/checkpoints/checkpoint_output.rs[0m[2m:[0m[2m149:[0m Creating checkpoint CheckpointDigest(Bj1NGp8pVmzvnF9MFscchai6QtcdaEunqTSTgHUyhm8t) at epoch 0, sequence 210, previous digest Some(CheckpointDigest(DsPXwR6qRABzgwtYvfpeb62tUWbuKNq4jRB8zmioJ7sy)), transactions count 1, content digest CheckpointContentsDigest(Bc8Q7p3ANSqnn2occ1RJhfKJB4buqBBQe3Gdyx5aE8DJ), end_of_epoch_data None
[2m2025-03-25T07:54:42.925202Z[0m [33m WARN[0m [1mnode[0m[1m{[0m[3mname[0m[2m=[0mk#99f25ef6..[1m}[0m[2m:[0m [2msui_core::consensus_adapter[0m[2m:[0m [2mcrates/sui-core/src/consensus_adapter.rs[0m[2m:[0m[2m703:[0m Epoch ended, skipping submission delay [3mepoch[0m[2m=[0m0
[2m2025-03-25T07:54:42.928577Z[0m [32m INFO[0m [1mnode[0m[1m{[0m[3mname[0m[2m=[0mk#8dcff6d1..[1m}[0m[2m:[0m [2msui_core::checkpoints::checkpoint_output[0m[2m:[0m [2mcrates/sui-core/src/checkpoints/checkpoint_output.rs[0m[2m:[0m[2m196:[0m Certified checkpoint with sequence 208 and digest 4CA2TwAXT7XaqHBMDbJmjwAYqzTptXWuSqVttikTXXPm
[2m2025-03-25T07:54:42.928598Z[0m [32m INFO[0m [1mnode[0m[1m{[0m[3mname[0m[2m=[0mk#8dcff6d1..[1m}[0m[2m:[0m [2msui_core::checkpoints::checkpoint_output[0m[2m:[0m [2mcrates/sui-core/src/checkpoints/checkpoint_output.rs[0m[2m:[0m[2m196:[0m Certified checkpoint with sequence 209 and digest DsPXwR6qRABzgwtYvfpeb62tUWbuKNq4jRB8zmioJ7sy
[2m2025-03-25T07:54:42.929255Z[0m [32m INFO[0m [1mnode[0m[1m{[0m[3mname[0m[2m=[0mk#99f25ef6..[1m}[0m[2m:[0m [2msui_core::checkpoints::checkpoint_output[0m[2m:[0m [2mcrates/sui-core/src/checkpoints/checkpoint_output.rs[0m[2m:[0m[2m196:[0m Certified checkpoint with sequence 208 and digest 4CA2TwAXT7XaqHBMDbJmjwAYqzTptXWuSqVttikTXXPm
[2m2025-03-25T07:54:42.929274Z[0m [32m INFO[0m [1mnode[0m[1m{[0m[3mname[0m[2m=[0mk#99f25ef6..[1m}[0m[2m:[0m [2msui_core::checkpoints::checkpoint_output[0m[2m:[0m [2mcrates/sui-core/src/checkpoints/checkpoint_output.rs[0m[2m:[0m[2m196:[0m Certified checkpoint with sequence 209 and digest DsPXwR6qRABzgwtYvfpeb62tUWbuKNq4jRB8zmioJ7sy
[2m2025-03-25T07:54:42.929502Z[0m [32m INFO[0m [1mnode[0m[1m{[0m[3mname[0m[2m=[0mk#8dcff6d1..[1m}[0m[2m:[0m [2msui_core::checkpoints::checkpoint_executor[0m[2m:[0m [2mcrates/sui-core/src/checkpoints/checkpoint_executor/mod.rs[0m[2m:[0m[2m332:[0m Received checkpoint summary from state sync [3msequence_number[0m[2m=[0m208
[2m2025-03-25T07:54:42.929637Z[0m [32m INFO[0m [1mnode[0m[1m{[0m[3mname[0m[2m=[0mk#8dcff6d1..[1m}[0m[2m:[0m [2msui_core::checkpoints::checkpoint_executor[0m[2m:[0m [2mcrates/sui-core/src/checkpoints/checkpoint_executor/mod.rs[0m[2m:[0m[2m332:[0m Received checkpoint summary from state sync [3msequence_number[0m[2m=[0m209
[2m2025-03-25T07:54:42.930184Z[0m [32m INFO[0m [1mnode[0m[1m{[0m[3mname[0m[2m=[0mk#99f25ef6..[1m}[0m[2m:[0m [2msui_core::checkpoints::checkpoint_executor[0m[2m:[0m [2mcrates/sui-core/src/checkpoints/checkpoint_executor/mod.rs[0m[2m:[0m[2m332:[0m Received checkpoint summary from state sync [3msequence_number[0m[2m=[0m208
[2m2025-03-25T07:54:42.930303Z[0m [32m INFO[0m [1mnode[0m[1m{[0m[3mname[0m[2m=[0mk#99f25ef6..[1m}[0m[2m:[0m [2msui_core::checkpoints::checkpoint_executor[0m[2m:[0m [2mcrates/sui-core/src/checkpoints/checkpoint_executor/mod.rs[0m[2m:[0m[2m332:[0m Received checkpoint summary from state sync [3msequence_number[0m[2m=[0m209
[2m2025-03-25T07:54:42.931494Z[0m [32m INFO[0m [1mnode[0m[1m{[0m[3mname[0m[2m=[0mk#8dcff6d1..[1m}[0m[2m:[0m [2msui_core::state_accumulator[0m[2m:[0m [2mcrates/sui-core/src/state_accumulator.rs[0m[2m:[0m[2m675:[0m accumulating running root for checkpoint 208
[2m2025-03-25T07:54:42.931941Z[0m [32m INFO[0m [1mnode[0m[1m{[0m[3mname[0m[2m=[0mk#8dcff6d1..[1m}[0m[2m:[0m [2msui_core::state_accumulator[0m[2m:[0m [2mcrates/sui-core/src/state_accumulator.rs[0m[2m:[0m[2m675:[0m accumulating running root for checkpoint 209
[2m2025-03-25T07:54:42.932012Z[0m [32m INFO[0m [1mnode[0m[1m{[0m[3mname[0m[2m=[0mk#99f25ef6..[1m}[0m[2m:[0m [2msui_core::state_accumulator[0m[2m:[0m [2mcrates/sui-core/src/state_accumulator.rs[0m[2m:[0m[2m675:[0m accumulating running root for checkpoint 208
[2m2025-03-25T07:54:42.932441Z[0m [32m INFO[0m [1mnode[0m[1m{[0m[3mname[0m[2m=[0mk#99f25ef6..[1m}[0m[2m:[0m [2msui_core::state_accumulator[0m[2m:[0m [2mcrates/sui-core/src/state_accumulator.rs[0m[2m:[0m[2m675:[0m accumulating running root for checkpoint 209
[2m2025-03-25T07:54:43.025252Z[0m [32m INFO[0m [1mnode[0m[1m{[0m[3mname[0m[2m=[0mk#addeef94..[1m}[0m[2m:[0m [2msui_core::checkpoints[0m[2m:[0m [2mcrates/sui-core/src/checkpoints/mod.rs[0m[2m:[0m[2m1326:[0m Creating checkpoint(s) for 1 transactions [3mnext_checkpoint_seq[0m[2m=[0m211 [3mcheckpoint_timestamp[0m[2m=[0m1742889282318
[2m2025-03-25T07:54:43.025501Z[0m [32m INFO[0m [1mnode[0m[1m{[0m[3mname[0m[2m=[0mk#addeef94..[1m}[0m[2m:[0m [2msui_core::checkpoints::checkpoint_output[0m[2m:[0m [2mcrates/sui-core/src/checkpoints/checkpoint_output.rs[0m[2m:[0m[2m149:[0m Creating checkpoint CheckpointDigest(BitH5mQLKMEr6iooR47GV6Yp4Y82rv8joRSoRfyf2dHu) at epoch 0, sequence 211, previous digest Some(CheckpointDigest(Bj1NGp8pVmzvnF9MFscchai6QtcdaEunqTSTgHUyhm8t)), transactions count 1, content digest CheckpointContentsDigest(UqvzMBjQ3ewiaVXyWne6rrgBquPTMTaYkyQ6Fb7FqDe), end_of_epoch_data None
[2m2025-03-25T07:54:43.026017Z[0m [33m WARN[0m [1mnode[0m[1m{[0m[3mname[0m[2m=[0mk#addeef94..[1m}[0m[2m:[0m [2msui_core::consensus_adapter[0m[2m:[0m [2mcrates/sui-core/src/consensus_adapter.rs[0m[2m:[0m[2m703:[0m Epoch ended, skipping submission delay [3mepoch[0m[2m=[0m0
[2m2025-03-25T07:54:43.036845Z[0m [32m INFO[0m [1mnode[0m[1m{[0m[3mname[0m[2m=[0mk#addeef94..[1m}[0m[2m:[0m [2msui_core::checkpoints::checkpoint_executor[0m[2m:[0m [2mcrates/sui-core/src/checkpoints/checkpoint_executor/mod.rs[0m[2m:[0m[2m332:[0m Received checkpoint summary from state sync [3msequence_number[0m[2m=[0m208
[2m2025-03-25T07:54:43.036975Z[0m [32m INFO[0m [1mnode[0m[1m{[0m[3mname[0m[2m=[0mk#addeef94..[1m}[0m[2m:[0m [2msui_core::checkpoints::checkpoint_executor[0m[2m:[0m [2mcrates/sui-core/src/checkpoints/checkpoint_executor/mod.rs[0m[2m:[0m[2m332:[0m Received checkpoint summary from state sync [3msequence_number[0m[2m=[0m209
[2m2025-03-25T07:54:43.038199Z[0m [32m INFO[0m [1mnode[0m[1m{[0m[3mname[0m[2m=[0mk#addeef94..[1m}[0m[2m:[0m [2msui_core::state_accumulator[0m[2m:[0m [2mcrates/sui-core/src/state_accumulator.rs[0m[2m:[0m[2m675:[0m accumulating running root for checkpoint 208
[2m2025-03-25T07:54:43.038625Z[0m [32m INFO[0m [1mnode[0m[1m{[0m[3mname[0m[2m=[0mk#addeef94..[1m}[0m[2m:[0m [2msui_core::state_accumulator[0m[2m:[0m [2mcrates/sui-core/src/state_accumulator.rs[0m[2m:[0m[2m675:[0m accumulating running root for checkpoint 209
[2m2025-03-25T07:54:43.042205Z[0m [32m INFO[0m [1mnode[0m[1m{[0m[3mname[0m[2m=[0mk#8dcff6d1..[1m}[0m[2m:[0m [2msui_core::checkpoints[0m[2m:[0m [2mcrates/sui-core/src/checkpoints/mod.rs[0m[2m:[0m[2m1326:[0m Creating checkpoint(s) for 1 transactions [3mnext_checkpoint_seq[0m[2m=[0m211 [3mcheckpoint_timestamp[0m[2m=[0m1742889282318
[2m2025-03-25T07:54:43.042334Z[0m [32m INFO[0m [1mnode[0m[1m{[0m[3mname[0m[2m=[0mk#99f25ef6..[1m}[0m[2m:[0m [2msui_core::checkpoints[0m[2m:[0m [2mcrates/sui-core/src/checkpoints/mod.rs[0m[2m:[0m[2m1326:[0m Creating checkpoint(s) for 1 transactions [3mnext_checkpoint_seq[0m[2m=[0m211 [3mcheckpoint_timestamp[0m[2m=[0m1742889282318
[2m2025-03-25T07:54:43.042409Z[0m [32m INFO[0m [1mnode[0m[1m{[0m[3mname[0m[2m=[0mk#8dcff6d1..[1m}[0m[2m:[0m [2msui_core::checkpoints::checkpoint_output[0m[2m:[0m [2mcrates/sui-core/src/checkpoints/checkpoint_output.rs[0m[2m:[0m[2m149:[0m Creating checkpoint CheckpointDigest(BitH5mQLKMEr6iooR47GV6Yp4Y82rv8joRSoRfyf2dHu) at epoch 0, sequence 211, previous digest Some(CheckpointDigest(Bj1NGp8pVmzvnF9MFscchai6QtcdaEunqTSTgHUyhm8t)), transactions count 1, content digest CheckpointContentsDigest(UqvzMBjQ3ewiaVXyWne6rrgBquPTMTaYkyQ6Fb7FqDe), end_of_epoch_data None
[2m2025-03-25T07:54:43.042508Z[0m [32m INFO[0m [1mnode[0m[1m{[0m[3mname[0m[2m=[0mk#99f25ef6..[1m}[0m[2m:[0m [2msui_core::checkpoints::checkpoint_output[0m[2m:[0m [2mcrates/sui-core/src/checkpoints/checkpoint_output.rs[0m[2m:[0m[2m149:[0m Creating checkpoint CheckpointDigest(BitH5mQLKMEr6iooR47GV6Yp4Y82rv8joRSoRfyf2dHu) at epoch 0, sequence 211, previous digest Some(CheckpointDigest(Bj1NGp8pVmzvnF9MFscchai6QtcdaEunqTSTgHUyhm8t)), transactions count 1, content digest CheckpointContentsDigest(UqvzMBjQ3ewiaVXyWne6rrgBquPTMTaYkyQ6Fb7FqDe), end_of_epoch_data None
[2m2025-03-25T07:54:43.042986Z[0m [33m WARN[0m [1mnode[0m[1m{[0m[3mname[0m[2m=[0mk#99f25ef6..[1m}[0m[2m:[0m [2msui_core::consensus_adapter[0m[2m:[0m [2mcrates/sui-core/src/consensus_adapter.rs[0m[2m:[0m[2m703:[0m Epoch ended, skipping submission delay [3mepoch[0m[2m=[0m0
[2m2025-03-25T07:54:43.045309Z[0m [32m INFO[0m [1mnode[0m[1m{[0m[3mname[0m[2m=[0mk#b3f3cbb4..[1m}[0m[2m:[0m [2msui_core::checkpoints::checkpoint_executor[0m[2m:[0m [2mcrates/sui-core/src/checkpoints/checkpoint_executor/mod.rs[0m[2m:[0m[2m332:[0m Received checkpoint summary from state sync [3msequence_number[0m[2m=[0m208
[2m2025-03-25T07:54:43.045430Z[0m [32m INFO[0m [1mnode[0m[1m{[0m[3mname[0m[2m=[0mk#b3f3cbb4..[1m}[0m[2m:[0m [2msui_core::checkpoints::checkpoint_executor[0m[2m:[0m [2mcrates/sui-core/src/checkpoints/checkpoint_executor/mod.rs[0m[2m:[0m[2m332:[0m Received checkpoint summary from state sync [3msequence_number[0m[2m=[0m209
[2m2025-03-25T07:54:43.082068Z[0m [32m INFO[0m [1mnode[0m[1m{[0m[3mname[0m[2m=[0mk#addeef94..[1m}[0m[2m:[0m [2mconsensus_core::core[0m[2m:[0m [2mconsensus/core/src/core.rs[0m[2m:[0m[2m531:[0m Created block B113(C,llX8WDtXHK9yGFPDOsDS/lUJt8cdQW9nkduqzyof+Vk=)(1742889283081ms;[B112(C,FzFXEUQsBviJnulOmskv6fKu4XPcbGXrZyFtC6SextY=), B112(A,4eXuQQKojYT5fpFRcFAGSB+a8LyOE98mu6fN6zg1uho=), B112(B,yOSQ8R/rXh8nA/7rpBBpJHfplxBbmdxaYPe0WEXw6cM=)];2t;1c) for round 113
[2m2025-03-25T07:54:43.084339Z[0m [32m INFO[0m [1mnode[0m[1m{[0m[3mname[0m[2m=[0mk#99f25ef6..[1m}[0m[2m:[0m [2mconsensus_core::core[0m[2m:[0m [2mconsensus/core/src/core.rs[0m[2m:[0m[2m531:[0m Created block B113(B,67Rk6tE+MmZRoBaz6sfSPQvGV9I6AlOEsctjCg9Zh60=)(1742889283084ms;[B112(B,yOSQ8R/rXh8nA/7rpBBpJHfplxBbmdxaYPe0WEXw6cM=), B112(A,4eXuQQKojYT5fpFRcFAGSB+a8LyOE98mu6fN6zg1uho=), B112(C,FzFXEUQsBviJnulOmskv6fKu4XPcbGXrZyFtC6SextY=)];2t;1c) for round 113
[2m2025-03-25T07:54:43.084503Z[0m [32m INFO[0m [1mnode[0m[1m{[0m[3mname[0m[2m=[0mk#99f25ef6..[1m}[0m[2m:[0m [2mconsensus_core::core[0m[2m:[0m [2mconsensus/core/src/core.rs[0m[2m:[0m[2m630:[0m Committing 1 leaders: B111(C,mN/0)
[2m2025-03-25T07:54:43.084589Z[0m [32m INFO[0m [1mnode[0m[1m{[0m[3mname[0m[2m=[0mk#99f25ef6..[1m}[0m[2m:[0m [2mconsensus_core::commit_observer[0m[2m:[0m [2mconsensus/core/src/commit_observer.rs[0m[2m:[0m[2m173:[0m Consensus commit C110(V/j/) with leader B111(C,mN/0) has 3 blocks
[2m2025-03-25T07:54:43.084694Z[0m [32m INFO[0m [1mnode[0m[1m{[0m[3mname[0m[2m=[0mk#8dcff6d1..[1m}[0m[2m:[0m [2mconsensus_core::core[0m[2m:[0m [2mconsensus/core/src/core.rs[0m[2m:[0m[2m531:[0m Created block B113(A,vX4QkwSMnBAp5RnytEbgScevQr1kG6eZT34nW8IY15U=)(1742889283084ms;[B112(A,4eXuQQKojYT5fpFRcFAGSB+a8LyOE98mu6fN6zg1uho=), B112(B,yOSQ8R/rXh8nA/7rpBBpJHfplxBbmdxaYPe0WEXw6cM=), B112(C,FzFXEUQsBviJnulOmskv6fKu4XPcbGXrZyFtC6SextY=)];2t;1c) for round 113
[2m2025-03-25T07:54:43.084769Z[0m [32m INFO[0m [1mnode[0m[1m{[0m[3mname[0m[2m=[0mk#8dcff6d1..[1m}[0m[2m:[0m [2mconsensus_core::core[0m[2m:[0m [2mconsensus/core/src/core.rs[0m[2m:[0m[2m630:[0m Committing 1 leaders: B111(C,mN/0)
[2m2025-03-25T07:54:43.084829Z[0m [32m INFO[0m [1mnode[0m[1m{[0m[3mname[0m[2m=[0mk#8dcff6d1..[1m}[0m[2m:[0m [2mconsensus_core::commit_observer[0m[2m:[0m [2mconsensus/core/src/commit_observer.rs[0m[2m:[0m[2m173:[0m Consensus commit C110(V/j/) with leader B111(C,mN/0) has 3 blocks
[2m2025-03-25T07:54:43.084909Z[0m [32m INFO[0m [1mnode[0m[1m{[0m[3mname[0m[2m=[0mk#99f25ef6..[1m}[0m[2m:[0m [2msui_core::consensus_handler[0m[2m:[0m [2mcrates/sui-core/src/consensus_handler.rs[0m[2m:[0m[2m232:[0m Received consensus output [3mconsensus_commit[0m[2m=[0mCommittedSubDag(leader=B111(C,mN/0), ref=C110(V/j/), blocks=[tL0M, enbB, mN/0]) [3mepoch[0m[2m=[0m0
[2m2025-03-25T07:54:43.084909Z[0m [32m INFO[0m [1mnode[0m[1m{[0m[3mname[0m[2m=[0mk#8dcff6d1..[1m}[0m[2m:[0m [2msui_core::consensus_handler[0m[2m:[0m [2mcrates/sui-core/src/consensus_handler.rs[0m[2m:[0m[2m232:[0m Received consensus output [3mconsensus_commit[0m[2m=[0mCommittedSubDag(leader=B111(C,mN/0), ref=C110(V/j/), blocks=[tL0M, enbB, mN/0]) [3mepoch[0m[2m=[0m0
[2m2025-03-25T07:54:43.085859Z[0m [32m INFO[0m [1mnode[0m[1m{[0m[3mname[0m[2m=[0mk#8dcff6d1..[1m}[0m[2m:[0m [2msui_core::authority::authority_per_epoch_store[0m[2m:[0m [2mcrates/sui-core/src/authority/authority_per_epoch_store.rs[0m[2m:[0m[2m3056:[0m Notified last checkpoint [3mepoch[0m[2m=[0m0 [3mlock[0m[2m=[0mSome(ReconfigState { status: RejectAllTx }) [3mfinal_round[0m[2m=[0mtrue
[2m2025-03-25T07:54:43.085863Z[0m [32m INFO[0m [1mnode[0m[1m{[0m[3mname[0m[2m=[0mk#99f25ef6..[1m}[0m[2m:[0m [2msui_core::authority::authority_per_epoch_store[0m[2m:[0m [2mcrates/sui-core/src/authority/authority_per_epoch_store.rs[0m[2m:[0m[2m3056:[0m Notified last checkpoint [3mepoch[0m[2m=[0m0 [3mlock[0m[2m=[0mSome(ReconfigState { status: RejectAllTx }) [3mfinal_round[0m[2m=[0mtrue
[2m2025-03-25T07:54:43.088023Z[0m [32m INFO[0m [1mnode[0m[1m{[0m[3mname[0m[2m=[0mk#addeef94..[1m}[0m[2m:[0m [2mconsensus_core::core[0m[2m:[0m [2mconsensus/core/src/core.rs[0m[2m:[0m[2m630:[0m Committing 1 leaders: B111(C,mN/0)
[2m2025-03-25T07:54:43.088109Z[0m [32m INFO[0m [1mnode[0m[1m{[0m[3mname[0m[2m=[0mk#addeef94..[1m}[0m[2m:[0m [2mconsensus_core::commit_observer[0m[2m:[0m [2mconsensus/core/src/commit_observer.rs[0m[2m:[0m[2m173:[0m Consensus commit C110(V/j/) with leader B111(C,mN/0) has 3 blocks
[2m2025-03-25T07:54:43.088183Z[0m [32m INFO[0m [1mnode[0m[1m{[0m[3mname[0m[2m=[0mk#addeef94..[1m}[0m[2m:[0m [2msui_core::consensus_handler[0m[2m:[0m [2mcrates/sui-core/src/consensus_handler.rs[0m[2m:[0m[2m232:[0m Received consensus output [3mconsensus_commit[0m[2m=[0mCommittedSubDag(leader=B111(C,mN/0), ref=C110(V/j/), blocks=[tL0M, enbB, mN/0]) [3mepoch[0m[2m=[0m0
[2m2025-03-25T07:54:43.088949Z[0m [32m INFO[0m [1mnode[0m[1m{[0m[3mname[0m[2m=[0mk#addeef94..[1m}[0m[2m:[0m [2msui_core::authority::authority_per_epoch_store[0m[2m:[0m [2mcrates/sui-core/src/authority/authority_per_epoch_store.rs[0m[2m:[0m[2m3056:[0m Notified last checkpoint [3mepoch[0m[2m=[0m0 [3mlock[0m[2m=[0mSome(ReconfigState { status: RejectAllTx }) [3mfinal_round[0m[2m=[0mtrue
[2m2025-03-25T07:54:43.134675Z[0m [32m INFO[0m [1mnode[0m[1m{[0m[3mname[0m[2m=[0mk#b3f3cbb4..[1m}[0m[2m:[0m [2msui_core::state_accumulator[0m[2m:[0m [2mcrates/sui-core/src/state_accumulator.rs[0m[2m:[0m[2m675:[0m accumulating running root for checkpoint 208
[2m2025-03-25T07:54:43.135159Z[0m [32m INFO[0m [1mnode[0m[1m{[0m[3mname[0m[2m=[0mk#b3f3cbb4..[1m}[0m[2m:[0m [2msui_core::state_accumulator[0m[2m:[0m [2mcrates/sui-core/src/state_accumulator.rs[0m[2m:[0m[2m675:[0m accumulating running root for checkpoint 209
[2m2025-03-25T07:54:43.181273Z[0m [32m INFO[0m [1mnode[0m[1m{[0m[3mname[0m[2m=[0mk#addeef94..[1m}[0m[2m:[0m [2msui_core::checkpoints[0m[2m:[0m [2mcrates/sui-core/src/checkpoints/mod.rs[0m[2m:[0m[2m1326:[0m Creating checkpoint(s) for 1 transactions [3mnext_checkpoint_seq[0m[2m=[0m212 [3mcheckpoint_timestamp[0m[2m=[0m1742889282570
[2m2025-03-25T07:54:43.181506Z[0m [32m INFO[0m [1mnode[0m[1m{[0m[3mname[0m[2m=[0mk#addeef94..[1m}[0m[2m:[0m [2msui_core::checkpoints::checkpoint_output[0m[2m:[0m [2mcrates/sui-core/src/checkpoints/checkpoint_output.rs[0m[2m:[0m[2m149:[0m Creating checkpoint CheckpointDigest(tPwEdbumgEDYW6Z9Xwpxj8sXAGKsKokTR56hkoajjqe) at epoch 0, sequence 212, previous digest Some(CheckpointDigest(BitH5mQLKMEr6iooR47GV6Yp4Y82rv8joRSoRfyf2dHu)), transactions count 1, content digest CheckpointContentsDigest(6pPb8o1GSHHFojnLjqFA2f6QDrMfLL1NLG829iiokj8w), end_of_epoch_data None
[2m2025-03-25T07:54:43.181991Z[0m [33m WARN[0m [1mnode[0m[1m{[0m[3mname[0m[2m=[0mk#addeef94..[1m}[0m[2m:[0m [2msui_core::consensus_adapter[0m[2m:[0m [2mcrates/sui-core/src/consensus_adapter.rs[0m[2m:[0m[2m703:[0m Epoch ended, skipping submission delay [3mepoch[0m[2m=[0m0
[2m2025-03-25T07:54:43.182211Z[0m [32m INFO[0m [1mnode[0m[1m{[0m[3mname[0m[2m=[0mk#8dcff6d1..[1m}[0m[2m:[0m [2msui_core::checkpoints[0m[2m:[0m [2mcrates/sui-core/src/checkpoints/mod.rs[0m[2m:[0m[2m1326:[0m Creating checkpoint(s) for 1 transactions [3mnext_checkpoint_seq[0m[2m=[0m212 [3mcheckpoint_timestamp[0m[2m=[0m1742889282570
[2m2025-03-25T07:54:43.182388Z[0m [32m INFO[0m [1mnode[0m[1m{[0m[3mname[0m[2m=[0mk#8dcff6d1..[1m}[0m[2m:[0m [2msui_core::checkpoints::checkpoint_output[0m[2m:[0m [2mcrates/sui-core/src/checkpoints/checkpoint_output.rs[0m[2m:[0m[2m149:[0m Creating checkpoint CheckpointDigest(tPwEdbumgEDYW6Z9Xwpxj8sXAGKsKokTR56hkoajjqe) at epoch 0, sequence 212, previous digest Some(CheckpointDigest(BitH5mQLKMEr6iooR47GV6Yp4Y82rv8joRSoRfyf2dHu)), transactions count 1, content digest CheckpointContentsDigest(6pPb8o1GSHHFojnLjqFA2f6QDrMfLL1NLG829iiokj8w), end_of_epoch_data None
[2m2025-03-25T07:54:43.182535Z[0m [32m INFO[0m [1mnode[0m[1m{[0m[3mname[0m[2m=[0mk#99f25ef6..[1m}[0m[2m:[0m [2msui_core::checkpoints[0m[2m:[0m [2mcrates/sui-core/src/checkpoints/mod.rs[0m[2m:[0m[2m1326:[0m Creating checkpoint(s) for 1 transactions [3mnext_checkpoint_seq[0m[2m=[0m212 [3mcheckpoint_timestamp[0m[2m=[0m1742889282570
[2m2025-03-25T07:54:43.182702Z[0m [32m INFO[0m [1mnode[0m[1m{[0m[3mname[0m[2m=[0mk#99f25ef6..[1m}[0m[2m:[0m [2msui_core::checkpoints::checkpoint_output[0m[2m:[0m [2mcrates/sui-core/src/checkpoints/checkpoint_output.rs[0m[2m:[0m[2m149:[0m Creating checkpoint CheckpointDigest(tPwEdbumgEDYW6Z9Xwpxj8sXAGKsKokTR56hkoajjqe) at epoch 0, sequence 212, previous digest Some(CheckpointDigest(BitH5mQLKMEr6iooR47GV6Yp4Y82rv8joRSoRfyf2dHu)), transactions count 1, content digest CheckpointContentsDigest(6pPb8o1GSHHFojnLjqFA2f6QDrMfLL1NLG829iiokj8w), end_of_epoch_data None
[2m2025-03-25T07:54:43.183130Z[0m [33m WARN[0m [1mnode[0m[1m{[0m[3mname[0m[2m=[0mk#99f25ef6..[1m}[0m[2m:[0m [2msui_core::consensus_adapter[0m[2m:[0m [2mcrates/sui-core/src/consensus_adapter.rs[0m[2m:[0m[2m703:[0m Epoch ended, skipping submission delay [3mepoch[0m[2m=[0m0
[2m2025-03-25T07:54:43.187070Z[0m [32m INFO[0m [1mnode[0m[1m{[0m[3mname[0m[2m=[0mk#8dcff6d1..[1m}[0m[2m:[0m [2msui_core::checkpoints::checkpoint_output[0m[2m:[0m [2mcrates/sui-core/src/checkpoints/checkpoint_output.rs[0m[2m:[0m[2m196:[0m Certified checkpoint with sequence 210 and digest Bj1NGp8pVmzvnF9MFscchai6QtcdaEunqTSTgHUyhm8t
[2m2025-03-25T07:54:43.187094Z[0m [32m INFO[0m [1mnode[0m[1m{[0m[3mname[0m[2m=[0mk#8dcff6d1..[1m}[0m[2m:[0m [2msui_core::checkpoints::checkpoint_output[0m[2m:[0m [2mcrates/sui-core/src/checkpoints/checkpoint_output.rs[0m[2m:[0m[2m196:[0m Certified checkpoint with sequence 211 and digest BitH5mQLKMEr6iooR47GV6Yp4Y82rv8joRSoRfyf2dHu
[2m2025-03-25T07:54:43.187367Z[0m [32m INFO[0m [1mnode[0m[1m{[0m[3mname[0m[2m=[0mk#99f25ef6..[1m}[0m[2m:[0m [2msui_core::checkpoints::checkpoint_output[0m[2m:[0m [2mcrates/sui-core/src/checkpoints/checkpoint_output.rs[0m[2m:[0m[2m196:[0m Certified checkpoint with sequence 210 and digest Bj1NGp8pVmzvnF9MFscchai6QtcdaEunqTSTgHUyhm8t
[2m2025-03-25T07:54:43.187386Z[0m [32m INFO[0m [1mnode[0m[1m{[0m[3mname[0m[2m=[0mk#99f25ef6..[1m}[0m[2m:[0m [2msui_core::checkpoints::checkpoint_output[0m[2m:[0m [2mcrates/sui-core/src/checkpoints/checkpoint_output.rs[0m[2m:[0m[2m196:[0m Certified checkpoint with sequence 211 and digest BitH5mQLKMEr6iooR47GV6Yp4Y82rv8joRSoRfyf2dHu
[2m2025-03-25T07:54:43.188063Z[0m [32m INFO[0m [1mnode[0m[1m{[0m[3mname[0m[2m=[0mk#8dcff6d1..[1m}[0m[2m:[0m [2msui_core::checkpoints::checkpoint_executor[0m[2m:[0m [2mcrates/sui-core/src/checkpoints/checkpoint_executor/mod.rs[0m[2m:[0m[2m332:[0m Received checkpoint summary from state sync [3msequence_number[0m[2m=[0m210
[2m2025-03-25T07:54:43.188204Z[0m [32m INFO[0m [1mnode[0m[1m{[0m[3mname[0m[2m=[0mk#8dcff6d1..[1m}[0m[2m:[0m [2msui_core::checkpoints::checkpoint_executor[0m[2m:[0m [2mcrates/sui-core/src/checkpoints/checkpoint_executor/mod.rs[0m[2m:[0m[2m332:[0m Received checkpoint summary from state sync [3msequence_number[0m[2m=[0m211
[2m2025-03-25T07:54:43.188218Z[0m [32m INFO[0m [1mnode[0m[1m{[0m[3mname[0m[2m=[0mk#99f25ef6..[1m}[0m[2m:[0m [2msui_core::checkpoints::checkpoint_executor[0m[2m:[0m [2mcrates/sui-core/src/checkpoints/checkpoint_executor/mod.rs[0m[2m:[0m[2m332:[0m Received checkpoint summary from state sync [3msequence_number[0m[2m=[0m210
[2m2025-03-25T07:54:43.188335Z[0m [32m INFO[0m [1mnode[0m[1m{[0m[3mname[0m[2m=[0mk#99f25ef6..[1m}[0m[2m:[0m [2msui_core::checkpoints::checkpoint_executor[0m[2m:[0m [2mcrates/sui-core/src/checkpoints/checkpoint_executor/mod.rs[0m[2m:[0m[2m332:[0m Received checkpoint summary from state sync [3msequence_number[0m[2m=[0m211
[2m2025-03-25T07:54:43.190225Z[0m [32m INFO[0m [1mnode[0m[1m{[0m[3mname[0m[2m=[0mk#99f25ef6..[1m}[0m[2m:[0m [2msui_core::state_accumulator[0m[2m:[0m [2mcrates/sui-core/src/state_accumulator.rs[0m[2m:[0m[2m675:[0m accumulating running root for checkpoint 210
[2m2025-03-25T07:54:43.190225Z[0m [32m INFO[0m [1mnode[0m[1m{[0m[3mname[0m[2m=[0mk#8dcff6d1..[1m}[0m[2m:[0m [2msui_core::state_accumulator[0m[2m:[0m [2mcrates/sui-core/src/state_accumulator.rs[0m[2m:[0m[2m675:[0m accumulating running root for checkpoint 210
[2m2025-03-25T07:54:43.190670Z[0m [32m INFO[0m [1mnode[0m[1m{[0m[3mname[0m[2m=[0mk#99f25ef6..[1m}[0m[2m:[0m [2msui_core::state_accumulator[0m[2m:[0m [2mcrates/sui-core/src/state_accumulator.rs[0m[2m:[0m[2m675:[0m accumulating running root for checkpoint 211
[2m2025-03-25T07:54:43.190674Z[0m [32m INFO[0m [1mnode[0m[1m{[0m[3mname[0m[2m=[0mk#8dcff6d1..[1m}[0m[2m:[0m [2msui_core::state_accumulator[0m[2m:[0m [2mcrates/sui-core/src/state_accumulator.rs[0m[2m:[0m[2m675:[0m accumulating running root for checkpoint 211
[2m2025-03-25T07:54:43.296831Z[0m [32m INFO[0m [1mnode[0m[1m{[0m[3mname[0m[2m=[0mk#addeef94..[1m}[0m[2m:[0m [2msui_core::checkpoints[0m[2m:[0m [2mcrates/sui-core/src/checkpoints/mod.rs[0m[2m:[0m[2m1326:[0m Creating checkpoint(s) for 1 transactions [3mnext_checkpoint_seq[0m[2m=[0m213 [3mcheckpoint_timestamp[0m[2m=[0m1742889282570
[2m2025-03-25T07:54:43.297022Z[0m [32m INFO[0m [1mnode[0m[1m{[0m[3mname[0m[2m=[0mk#addeef94..[1m}[0m[2m:[0m[1maugment_epoch_last_checkpoint[0m[2m:[0m[1mcreate_and_execute_advance_epoch_tx[0m[2m:[0m [2msui_core::authority[0m[2m:[0m [2mcrates/sui-core/src/authority.rs[0m[2m:[0m[2m4982:[0m Creating AuthenticatorStateExpire tx [3mmin_epoch[0m[2m=[0m0
[2m2025-03-25T07:54:43.297052Z[0m [32m INFO[0m [1mnode[0m[1m{[0m[3mname[0m[2m=[0mk#addeef94..[1m}[0m[2m:[0m[1maugment_epoch_last_checkpoint[0m[2m:[0m[1mcreate_and_execute_advance_epoch_tx[0m[2m:[0m [2msui_core::authority[0m[2m:[0m [2mcrates/sui-core/src/authority.rs[0m[2m:[0m[2m5059:[0m Init Bridge committee tx
[2m2025-03-25T07:54:43.297257Z[0m [32m INFO[0m [1mnode[0m[1m{[0m[3mname[0m[2m=[0mk#addeef94..[1m}[0m[2m:[0m[1maugment_epoch_last_checkpoint[0m[2m:[0m[1mcreate_and_execute_advance_epoch_tx[0m[2m:[0m [2msui_core::authority[0m[2m:[0m [2mcrates/sui-core/src/authority.rs[0m[2m:[0m[2m4743:[0m validator k#8dcff6d1.. supports SupportedProtocolVersions { min: ProtocolVersion(1), max: ProtocolVersion(70) } with system packages: [(0x0000000000000000000000000000000000000000000000000000000000000001, SequenceNumber(1), o#96Jb9mkzfqNLYnEMpVxB5dqrKbBaj23w7iXPjTYFdrQw), (0x0000000000000000000000000000000000000000000000000000000000000002, SequenceNumber(2), o#26xJj5urud1ErPtdD9Ak2uWtBGmzeb1ixJimJbkEhqzi), (0x0000000000000000000000000000000000000000000000000000000000000003, SequenceNumber(2), o#DF5dfASe4ZDkSCbUKiNv6i44DUPQSgtpV7BoPFJxNLcu), (0x000000000000000000000000000000000000000000000000000000000000000b, SequenceNumber(2), o#8vwgz9iNeskH5LiGvDEfqFhuxwuiUVnKJBbDthPcVcK1), (0x00000000000000000000000000000000000000000000000000000000000000c8, SequenceNumber(2), o#8mxAzFggYWTk2EcWLVbvhGohJUAeKimeRNdivg4tL1ff)]
[2m2025-03-25T07:54:43.297319Z[0m [32m INFO[0m [1mnode[0m[1m{[0m[3mname[0m[2m=[0mk#addeef94..[1m}[0m[2m:[0m[1maugment_epoch_last_checkpoint[0m[2m:[0m[1mcreate_and_execute_advance_epoch_tx[0m[2m:[0m [2msui_core::authority[0m[2m:[0m [2mcrates/sui-core/src/authority.rs[0m[2m:[0m[2m4743:[0m validator k#99f25ef6.. supports SupportedProtocolVersions { min: ProtocolVersion(1), max: ProtocolVersion(70) } with system packages: [(0x0000000000000000000000000000000000000000000000000000000000000001, SequenceNumber(1), o#96Jb9mkzfqNLYnEMpVxB5dqrKbBaj23w7iXPjTYFdrQw), (0x0000000000000000000000000000000000000000000000000000000000000002, SequenceNumber(2), o#26xJj5urud1ErPtdD9Ak2uWtBGmzeb1ixJimJbkEhqzi), (0x0000000000000000000000000000000000000000000000000000000000000003, SequenceNumber(2), o#DF5dfASe4ZDkSCbUKiNv6i44DUPQSgtpV7BoPFJxNLcu), (0x000000000000000000000000000000000000000000000000000000000000000b, SequenceNumber(2), o#8vwgz9iNeskH5LiGvDEfqFhuxwuiUVnKJBbDthPcVcK1), (0x00000000000000000000000000000000000000000000000000000000000000c8, SequenceNumber(2), o#8mxAzFggYWTk2EcWLVbvhGohJUAeKimeRNdivg4tL1ff)]
[2m2025-03-25T07:54:43.297368Z[0m [32m INFO[0m [1mnode[0m[1m{[0m[3mname[0m[2m=[0mk#addeef94..[1m}[0m[2m:[0m[1maugment_epoch_last_checkpoint[0m[2m:[0m[1mcreate_and_execute_advance_epoch_tx[0m[2m:[0m [2msui_core::authority[0m[2m:[0m [2mcrates/sui-core/src/authority.rs[0m[2m:[0m[2m4743:[0m validator k#addeef94.. supports SupportedProtocolVersions { min: ProtocolVersion(1), max: ProtocolVersion(70) } with system packages: [(0x0000000000000000000000000000000000000000000000000000000000000001, SequenceNumber(1), o#96Jb9mkzfqNLYnEMpVxB5dqrKbBaj23w7iXPjTYFdrQw), (0x0000000000000000000000000000000000000000000000000000000000000002, SequenceNumber(2), o#26xJj5urud1ErPtdD9Ak2uWtBGmzeb1ixJimJbkEhqzi), (0x0000000000000000000000000000000000000000000000000000000000000003, SequenceNumber(2), o#DF5dfASe4ZDkSCbUKiNv6i44DUPQSgtpV7BoPFJxNLcu), (0x000000000000000000000000000000000000000000000000000000000000000b, SequenceNumber(2), o#8vwgz9iNeskH5LiGvDEfqFhuxwuiUVnKJBbDthPcVcK1), (0x00000000000000000000000000000000000000000000000000000000000000c8, SequenceNumber(2), o#8mxAzFggYWTk2EcWLVbvhGohJUAeKimeRNdivg4tL1ff)]
[2m2025-03-25T07:54:43.297455Z[0m [32m INFO[0m [1mnode[0m[1m{[0m[3mname[0m[2m=[0mk#addeef94..[1m}[0m[2m:[0m[1maugment_epoch_last_checkpoint[0m[2m:[0m[1mcreate_and_execute_advance_epoch_tx[0m[2m:[0m [2msui_core::authority[0m[2m:[0m [2mcrates/sui-core/src/authority.rs[0m[2m:[0m[2m4784:[0m support for upgrade [3mtotal_votes[0m[2m=[0m10000 [3mquorum_threshold[0m[2m=[0m6667 [3mbuffer_stake_bps[0m[2m=[0m5000 [3meffective_threshold[0m[2m=[0m8334 [3mproposed_protocol_version[0m[2m=[0mProtocolVersion(47) [3mpackages[0m[2m=[0m[(0x0000000000000000000000000000000000000000000000000000000000000001, SequenceNumber(1), o#96Jb9mkzfqNLYnEMpVxB5dqrKbBaj23w7iXPjTYFdrQw), (0x0000000000000000000000000000000000000000000000000000000000000002, SequenceNumber(2), o#26xJj5urud1ErPtdD9Ak2uWtBGmzeb1ixJimJbkEhqzi), (0x0000000000000000000000000000000000000000000000000000000000000003, SequenceNumber(2), o#DF5dfASe4ZDkSCbUKiNv6i44DUPQSgtpV7BoPFJxNLcu), (0x000000000000000000000000000000000000000000000000000000000000000b, SequenceNumber(2), o#8vwgz9iNeskH5LiGvDEfqFhuxwuiUVnKJBbDthPcVcK1), (0x00000000000000000000000000000000000000000000000000000000000000c8, SequenceNumber(2), o#8mxAzFggYWTk2EcWLVbvhGohJUAeKimeRNdivg4tL1ff)]
[2m2025-03-25T07:54:43.297513Z[0m [32m INFO[0m [1mnode[0m[1m{[0m[3mname[0m[2m=[0mk#addeef94..[1m}[0m[2m:[0m[1maugment_epoch_last_checkpoint[0m[2m:[0m[1mcreate_and_execute_advance_epoch_tx[0m[2m:[0m [2msui_core::authority[0m[2m:[0m [2mcrates/sui-core/src/authority.rs[0m[2m:[0m[2m4743:[0m validator k#8dcff6d1.. supports SupportedProtocolVersions { min: ProtocolVersion(1), max: ProtocolVersion(70) } with system packages: [(0x0000000000000000000000000000000000000000000000000000000000000001, SequenceNumber(1), o#96Jb9mkzfqNLYnEMpVxB5dqrKbBaj23w7iXPjTYFdrQw), (0x0000000000000000000000000000000000000000000000000000000000000002, SequenceNumber(2), o#26xJj5urud1ErPtdD9Ak2uWtBGmzeb1ixJimJbkEhqzi), (0x0000000000000000000000000000000000000000000000000000000000000003, SequenceNumber(2), o#DF5dfASe4ZDkSCbUKiNv6i44DUPQSgtpV7BoPFJxNLcu), (0x000000000000000000000000000000000000000000000000000000000000000b, SequenceNumber(2), o#8vwgz9iNeskH5LiGvDEfqFhuxwuiUVnKJBbDthPcVcK1), (0x00000000000000000000000000000000000000000000000000000000000000c8, SequenceNumber(2), o#8mxAzFggYWTk2EcWLVbvhGohJUAeKimeRNdivg4tL1ff)]
[2m2025-03-25T07:54:43.297562Z[0m [32m INFO[0m [1mnode[0m[1m{[0m[3mname[0m[2m=[0mk#addeef94..[1m}[0m[2m:[0m[1maugment_epoch_last_checkpoint[0m[2m:[0m[1mcreate_and_execute_advance_epoch_tx[0m[2m:[0m [2msui_core::authority[0m[2m:[0m [2mcrates/sui-core/src/authority.rs[0m[2m:[0m[2m4743:[0m validator k#99f25ef6.. supports SupportedProtocolVersions { min: ProtocolVersion(1), max: ProtocolVersion(70) } with system packages: [(0x0000000000000000000000000000000000000000000000000000000000000001, SequenceNumber(1), o#96Jb9mkzfqNLYnEMpVxB5dqrKbBaj23w7iXPjTYFdrQw), (0x0000000000000000000000000000000000000000000000000000000000000002, SequenceNumber(2), o#26xJj5urud1ErPtdD9Ak2uWtBGmzeb1ixJimJbkEhqzi), (0x0000000000000000000000000000000000000000000000000000000000000003, SequenceNumber(2), o#DF5dfASe4ZDkSCbUKiNv6i44DUPQSgtpV7BoPFJxNLcu), (0x000000000000000000000000000000000000000000000000000000000000000b, SequenceNumber(2), o#8vwgz9iNeskH5LiGvDEfqFhuxwuiUVnKJBbDthPcVcK1), (0x00000000000000000000000000000000000000000000000000000000000000c8, SequenceNumber(2), o#8mxAzFggYWTk2EcWLVbvhGohJUAeKimeRNdivg4tL1ff)]
[2m2025-03-25T07:54:43.297609Z[0m [32m INFO[0m [1mnode[0m[1m{[0m[3mname[0m[2m=[0mk#addeef94..[1m}[0m[2m:[0m[1maugment_epoch_last_checkpoint[0m[2m:[0m[1mcreate_and_execute_advance_epoch_tx[0m[2m:[0m [2msui_core::authority[0m[2m:[0m [2mcrates/sui-core/src/authority.rs[0m[2m:[0m[2m4743:[0m validator k#addeef94.. supports SupportedProtocolVersions { min: ProtocolVersion(1), max: ProtocolVersion(70) } with system packages: [(0x0000000000000000000000000000000000000000000000000000000000000001, SequenceNumber(1), o#96Jb9mkzfqNLYnEMpVxB5dqrKbBaj23w7iXPjTYFdrQw), (0x0000000000000000000000000000000000000000000000000000000000000002, SequenceNumber(2), o#26xJj5urud1ErPtdD9Ak2uWtBGmzeb1ixJimJbkEhqzi), (0x0000000000000000000000000000000000000000000000000000000000000003, SequenceNumber(2), o#DF5dfASe4ZDkSCbUKiNv6i44DUPQSgtpV7BoPFJxNLcu), (0x000000000000000000000000000000000000000000000000000000000000000b, SequenceNumber(2), o#8vwgz9iNeskH5LiGvDEfqFhuxwuiUVnKJBbDthPcVcK1), (0x00000000000000000000000000000000000000000000000000000000000000c8, SequenceNumber(2), o#8mxAzFggYWTk2EcWLVbvhGohJUAeKimeRNdivg4tL1ff)]
[2m2025-03-25T07:54:43.297663Z[0m [32m INFO[0m [1mnode[0m[1m{[0m[3mname[0m[2m=[0mk#addeef94..[1m}[0m[2m:[0m[1maugment_epoch_last_checkpoint[0m[2m:[0m[1mcreate_and_execute_advance_epoch_tx[0m[2m:[0m [2msui_core::authority[0m[2m:[0m [2mcrates/sui-core/src/authority.rs[0m[2m:[0m[2m4784:[0m support for upgrade [3mtotal_votes[0m[2m=[0m10000 [3mquorum_threshold[0m[2m=[0m6667 [3mbuffer_stake_bps[0m[2m=[0m5000 [3meffective_threshold[0m[2m=[0m8334 [3mproposed_protocol_version[0m[2m=[0mProtocolVersion(48) [3mpackages[0m[2m=[0m[(0x0000000000000000000000000000000000000000000000000000000000000001, SequenceNumber(1), o#96Jb9mkzfqNLYnEMpVxB5dqrKbBaj23w7iXPjTYFdrQw), (0x0000000000000000000000000000000000000000000000000000000000000002, SequenceNumber(2), o#26xJj5urud1ErPtdD9Ak2uWtBGmzeb1ixJimJbkEhqzi), (0x0000000000000000000000000000000000000000000000000000000000000003, SequenceNumber(2), o#DF5dfASe4ZDkSCbUKiNv6i44DUPQSgtpV7BoPFJxNLcu), (0x000000000000000000000000000000000000000000000000000000000000000b, SequenceNumber(2), o#8vwgz9iNeskH5LiGvDEfqFhuxwuiUVnKJBbDthPcVcK1), (0x00000000000000000000000000000000000000000000000000000000000000c8, SequenceNumber(2), o#8mxAzFggYWTk2EcWLVbvhGohJUAeKimeRNdivg4tL1ff)]
[2m2025-03-25T07:54:43.297716Z[0m [32m INFO[0m [1mnode[0m[1m{[0m[3mname[0m[2m=[0mk#addeef94..[1m}[0m[2m:[0m[1maugment_epoch_last_checkpoint[0m[2m:[0m[1mcreate_and_execute_advance_epoch_tx[0m[2m:[0m [2msui_core::authority[0m[2m:[0m [2mcrates/sui-core/src/authority.rs[0m[2m:[0m[2m4743:[0m validator k#8dcff6d1.. supports SupportedProtocolVersions { min: ProtocolVersion(1), max: ProtocolVersion(70) } with system packages: [(0x0000000000000000000000000000000000000000000000000000000000000001, SequenceNumber(1), o#96Jb9mkzfqNLYnEMpVxB5dqrKbBaj23w7iXPjTYFdrQw), (0x0000000000000000000000000000000000000000000000000000000000000002, SequenceNumber(2), o#26xJj5urud1ErPtdD9Ak2uWtBGmzeb1ixJimJbkEhqzi), (0x0000000000000000000000000000000000000000000000000000000000000003, SequenceNumber(2), o#DF5dfASe4ZDkSCbUKiNv6i44DUPQSgtpV7BoPFJxNLcu), (0x000000000000000000000000000000000000000000000000000000000000000b, SequenceNumber(2), o#8vwgz9iNeskH5LiGvDEfqFhuxwuiUVnKJBbDthPcVcK1), (0x00000000000000000000000000000000000000000000000000000000000000c8, SequenceNumber(2), o#8mxAzFggYWTk2EcWLVbvhGohJUAeKimeRNdivg4tL1ff)]
[2m2025-03-25T07:54:43.297764Z[0m [32m INFO[0m [1mnode[0m[1m{[0m[3mname[0m[2m=[0mk#addeef94..[1m}[0m[2m:[0m[1maugment_epoch_last_checkpoint[0m[2m:[0m[1mcreate_and_execute_advance_epoch_tx[0m[2m:[0m [2msui_core::authority[0m[2m:[0m [2mcrates/sui-core/src/authority.rs[0m[2m:[0m[2m4743:[0m validator k#99f25ef6.. supports SupportedProtocolVersions { min: ProtocolVersion(1), max: ProtocolVersion(70) } with system packages: [(0x0000000000000000000000000000000000000000000000000000000000000001, SequenceNumber(1), o#96Jb9mkzfqNLYnEMpVxB5dqrKbBaj23w7iXPjTYFdrQw), (0x0000000000000000000000000000000000000000000000000000000000000002, SequenceNumber(2), o#26xJj5urud1ErPtdD9Ak2uWtBGmzeb1ixJimJbkEhqzi), (0x0000000000000000000000000000000000000000000000000000000000000003, SequenceNumber(2), o#DF5dfASe4ZDkSCbUKiNv6i44DUPQSgtpV7BoPFJxNLcu), (0x000000000000000000000000000000000000000000000000000000000000000b, SequenceNumber(2), o#8vwgz9iNeskH5LiGvDEfqFhuxwuiUVnKJBbDthPcVcK1), (0x00000000000000000000000000000000000000000000000000000000000000c8, SequenceNumber(2), o#8mxAzFggYWTk2EcWLVbvhGohJUAeKimeRNdivg4tL1ff)]
[2m2025-03-25T07:54:43.297811Z[0m [32m INFO[0m [1mnode[0m[1m{[0m[3mname[0m[2m=[0mk#addeef94..[1m}[0m[2m:[0m[1maugment_epoch_last_checkpoint[0m[2m:[0m[1mcreate_and_execute_advance_epoch_tx[0m[2m:[0m [2msui_core::authority[0m[2m:[0m [2mcrates/sui-core/src/authority.rs[0m[2m:[0m[2m4743:[0m validator k#addeef94.. supports SupportedProtocolVersions { min: ProtocolVersion(1), max: ProtocolVersion(70) } with system packages: [(0x0000000000000000000000000000000000000000000000000000000000000001, SequenceNumber(1), o#96Jb9mkzfqNLYnEMpVxB5dqrKbBaj23w7iXPjTYFdrQw), (0x0000000000000000000000000000000000000000000000000000000000000002, SequenceNumber(2), o#26xJj5urud1ErPtdD9Ak2uWtBGmzeb1ixJimJbkEhqzi), (0x0000000000000000000000000000000000000000000000000000000000000003, SequenceNumber(2), o#DF5dfASe4ZDkSCbUKiNv6i44DUPQSgtpV7BoPFJxNLcu), (0x000000000000000000000000000000000000000000000000000000000000000b, SequenceNumber(2), o#8vwgz9iNeskH5LiGvDEfqFhuxwuiUVnKJBbDthPcVcK1), (0x00000000000000000000000000000000000000000000000000000000000000c8, SequenceNumber(2), o#8mxAzFggYWTk2EcWLVbvhGohJUAeKimeRNdivg4tL1ff)]
[2m2025-03-25T07:54:43.297864Z[0m [32m INFO[0m [1mnode[0m[1m{[0m[3mname[0m[2m=[0mk#addeef94..[1m}[0m[2m:[0m[1maugment_epoch_last_checkpoint[0m[2m:[0m[1mcreate_and_execute_advance_epoch_tx[0m[2m:[0m [2msui_core::authority[0m[2m:[0m [2mcrates/sui-core/src/authority.rs[0m[2m:[0m[2m4784:[0m support for upgrade [3mtotal_votes[0m[2m=[0m10000 [3mquorum_threshold[0m[2m=[0m6667 [3mbuffer_stake_bps[0m[2m=[0m5000 [3meffective_threshold[0m[2m=[0m8334 [3mproposed_protocol_version[0m[2m=[0mProtocolVersion(49) [3mpackages[0m[2m=[0m[(0x0000000000000000000000000000000000000000000000000000000000000001, SequenceNumber(1), o#96Jb9mkzfqNLYnEMpVxB5dqrKbBaj23w7iXPjTYFdrQw), (0x0000000000000000000000000000000000000000000000000000000000000002, SequenceNumber(2), o#26xJj5urud1ErPtdD9Ak2uWtBGmzeb1ixJimJbkEhqzi), (0x0000000000000000000000000000000000000000000000000000000000000003, SequenceNumber(2), o#DF5dfASe4ZDkSCbUKiNv6i44DUPQSgtpV7BoPFJxNLcu), (0x000000000000000000000000000000000000000000000000000000000000000b, SequenceNumber(2), o#8vwgz9iNeskH5LiGvDEfqFhuxwuiUVnKJBbDthPcVcK1), (0x00000000000000000000000000000000000000000000000000000000000000c8, SequenceNumber(2), o#8mxAzFggYWTk2EcWLVbvhGohJUAeKimeRNdivg4tL1ff)]
[2m2025-03-25T07:54:43.297915Z[0m [32m INFO[0m [1mnode[0m[1m{[0m[3mname[0m[2m=[0mk#addeef94..[1m}[0m[2m:[0m[1maugment_epoch_last_checkpoint[0m[2m:[0m[1mcreate_and_execute_advance_epoch_tx[0m[2m:[0m [2msui_core::authority[0m[2m:[0m [2mcrates/sui-core/src/authority.rs[0m[2m:[0m[2m4743:[0m validator k#8dcff6d1.. supports SupportedProtocolVersions { min: ProtocolVersion(1), max: ProtocolVersion(70) } with system packages: [(0x0000000000000000000000000000000000000000000000000000000000000001, SequenceNumber(1), o#96Jb9mkzfqNLYnEMpVxB5dqrKbBaj23w7iXPjTYFdrQw), (0x0000000000000000000000000000000000000000000000000000000000000002, SequenceNumber(2), o#26xJj5urud1ErPtdD9Ak2uWtBGmzeb1ixJimJbkEhqzi), (0x0000000000000000000000000000000000000000000000000000000000000003, SequenceNumber(2), o#DF5dfASe4ZDkSCbUKiNv6i44DUPQSgtpV7BoPFJxNLcu), (0x000000000000000000000000000000000000000000000000000000000000000b, SequenceNumber(2), o#8vwgz9iNeskH5LiGvDEfqFhuxwuiUVnKJBbDthPcVcK1), (0x00000000000000000000000000000000000000000000000000000000000000c8, SequenceNumber(2), o#8mxAzFggYWTk2EcWLVbvhGohJUAeKimeRNdivg4tL1ff)]
[2m2025-03-25T07:54:43.297963Z[0m [32m INFO[0m [1mnode[0m[1m{[0m[3mname[0m[2m=[0mk#addeef94..[1m}[0m[2m:[0m[1maugment_epoch_last_checkpoint[0m[2m:[0m[1mcreate_and_execute_advance_epoch_tx[0m[2m:[0m [2msui_core::authority[0m[2m:[0m [2mcrates/sui-core/src/authority.rs[0m[2m:[0m[2m4743:[0m validator k#99f25ef6.. supports SupportedProtocolVersions { min: ProtocolVersion(1), max: ProtocolVersion(70) } with system packages: [(0x0000000000000000000000000000000000000000000000000000000000000001, SequenceNumber(1), o#96Jb9mkzfqNLYnEMpVxB5dqrKbBaj23w7iXPjTYFdrQw), (0x0000000000000000000000000000000000000000000000000000000000000002, SequenceNumber(2), o#26xJj5urud1ErPtdD9Ak2uWtBGmzeb1ixJimJbkEhqzi), (0x0000000000000000000000000000000000000000000000000000000000000003, SequenceNumber(2), o#DF5dfASe4ZDkSCbUKiNv6i44DUPQSgtpV7BoPFJxNLcu), (0x000000000000000000000000000000000000000000000000000000000000000b, SequenceNumber(2), o#8vwgz9iNeskH5LiGvDEfqFhuxwuiUVnKJBbDthPcVcK1), (0x00000000000000000000000000000000000000000000000000000000000000c8, SequenceNumber(2), o#8mxAzFggYWTk2EcWLVbvhGohJUAeKimeRNdivg4tL1ff)]
[2m2025-03-25T07:54:43.298010Z[0m [32m INFO[0m [1mnode[0m[1m{[0m[3mname[0m[2m=[0mk#addeef94..[1m}[0m[2m:[0m[1maugment_epoch_last_checkpoint[0m[2m:[0m[1mcreate_and_execute_advance_epoch_tx[0m[2m:[0m [2msui_core::authority[0m[2m:[0m [2mcrates/sui-core/src/authority.rs[0m[2m:[0m[2m4743:[0m validator k#addeef94.. supports SupportedProtocolVersions { min: ProtocolVersion(1), max: ProtocolVersion(70) } with system packages: [(0x0000000000000000000000000000000000000000000000000000000000000001, SequenceNumber(1), o#96Jb9mkzfqNLYnEMpVxB5dqrKbBaj23w7iXPjTYFdrQw), (0x0000000000000000000000000000000000000000000000000000000000000002, SequenceNumber(2), o#26xJj5urud1ErPtdD9Ak2uWtBGmzeb1ixJimJbkEhqzi), (0x0000000000000000000000000000000000000000000000000000000000000003, SequenceNumber(2), o#DF5dfASe4ZDkSCbUKiNv6i44DUPQSgtpV7BoPFJxNLcu), (0x000000000000000000000000000000000000000000000000000000000000000b, SequenceNumber(2), o#8vwgz9iNeskH5LiGvDEfqFhuxwuiUVnKJBbDthPcVcK1), (0x00000000000000000000000000000000000000000000000000000000000000c8, SequenceNumber(2), o#8mxAzFggYWTk2EcWLVbvhGohJUAeKimeRNdivg4tL1ff)]
[2m2025-03-25T07:54:43.298065Z[0m [32m INFO[0m [1mnode[0m[1m{[0m[3mname[0m[2m=[0mk#addeef94..[1m}[0m[2m:[0m[1maugment_epoch_last_checkpoint[0m[2m:[0m[1mcreate_and_execute_advance_epoch_tx[0m[2m:[0m [2msui_core::authority[0m[2m:[0m [2mcrates/sui-core/src/authority.rs[0m[2m:[0m[2m4784:[0m support for upgrade [3mtotal_votes[0m[2m=[0m10000 [3mquorum_threshold[0m[2m=[0m6667 [3mbuffer_stake_bps[0m[2m=[0m5000 [3meffective_threshold[0m[2m=[0m8334 [3mproposed_protocol_version[0m[2m=[0mProtocolVersion(50) [3mpackages[0m[2m=[0m[(0x0000000000000000000000000000000000000000000000000000000000000001, SequenceNumber(1), o#96Jb9mkzfqNLYnEMpVxB5dqrKbBaj23w7iXPjTYFdrQw), (0x0000000000000000000000000000000000000000000000000000000000000002, SequenceNumber(2), o#26xJj5urud1ErPtdD9Ak2uWtBGmzeb1ixJimJbkEhqzi), (0x0000000000000000000000000000000000000000000000000000000000000003, SequenceNumber(2), o#DF5dfASe4ZDkSCbUKiNv6i44DUPQSgtpV7BoPFJxNLcu), (0x000000000000000000000000000000000000000000000000000000000000000b, SequenceNumber(2), o#8vwgz9iNeskH5LiGvDEfqFhuxwuiUVnKJBbDthPcVcK1), (0x00000000000000000000000000000000000000000000000000000000000000c8, SequenceNumber(2), o#8mxAzFggYWTk2EcWLVbvhGohJUAeKimeRNdivg4tL1ff)]
[2m2025-03-25T07:54:43.298117Z[0m [32m INFO[0m [1mnode[0m[1m{[0m[3mname[0m[2m=[0mk#addeef94..[1m}[0m[2m:[0m[1maugment_epoch_last_checkpoint[0m[2m:[0m[1mcreate_and_execute_advance_epoch_tx[0m[2m:[0m [2msui_core::authority[0m[2m:[0m [2mcrates/sui-core/src/authority.rs[0m[2m:[0m[2m4743:[0m validator k#8dcff6d1.. supports SupportedProtocolVersions { min: ProtocolVersion(1), max: ProtocolVersion(70) } with system packages: [(0x0000000000000000000000000000000000000000000000000000000000000001, SequenceNumber(1), o#96Jb9mkzfqNLYnEMpVxB5dqrKbBaj23w7iXPjTYFdrQw), (0x0000000000000000000000000000000000000000000000000000000000000002, SequenceNumber(2), o#26xJj5urud1ErPtdD9Ak2uWtBGmzeb1ixJimJbkEhqzi), (0x0000000000000000000000000000000000000000000000000000000000000003, SequenceNumber(2), o#DF5dfASe4ZDkSCbUKiNv6i44DUPQSgtpV7BoPFJxNLcu), (0x000000000000000000000000000000000000000000000000000000000000000b, SequenceNumber(2), o#8vwgz9iNeskH5LiGvDEfqFhuxwuiUVnKJBbDthPcVcK1), (0x00000000000000000000000000000000000000000000000000000000000000c8, SequenceNumber(2), o#8mxAzFggYWTk2EcWLVbvhGohJUAeKimeRNdivg4tL1ff)]
[2m2025-03-25T07:54:43.298164Z[0m [32m INFO[0m [1mnode[0m[1m{[0m[3mname[0m[2m=[0mk#addeef94..[1m}[0m[2m:[0m[1maugment_epoch_last_checkpoint[0m[2m:[0m[1mcreate_and_execute_advance_epoch_tx[0m[2m:[0m [2msui_core::authority[0m[2m:[0m [2mcrates/sui-core/src/authority.rs[0m[2m:[0m[2m4743:[0m validator k#99f25ef6.. supports SupportedProtocolVersions { min: ProtocolVersion(1), max: ProtocolVersion(70) } with system packages: [(0x0000000000000000000000000000000000000000000000000000000000000001, SequenceNumber(1), o#96Jb9mkzfqNLYnEMpVxB5dqrKbBaj23w7iXPjTYFdrQw), (0x0000000000000000000000000000000000000000000000000000000000000002, SequenceNumber(2), o#26xJj5urud1ErPtdD9Ak2uWtBGmzeb1ixJimJbkEhqzi), (0x0000000000000000000000000000000000000000000000000000000000000003, SequenceNumber(2), o#DF5dfASe4ZDkSCbUKiNv6i44DUPQSgtpV7BoPFJxNLcu), (0x000000000000000000000000000000000000000000000000000000000000000b, SequenceNumber(2), o#8vwgz9iNeskH5LiGvDEfqFhuxwuiUVnKJBbDthPcVcK1), (0x00000000000000000000000000000000000000000000000000000000000000c8, SequenceNumber(2), o#8mxAzFggYWTk2EcWLVbvhGohJUAeKimeRNdivg4tL1ff)]
[2m2025-03-25T07:54:43.298211Z[0m [32m INFO[0m [1mnode[0m[1m{[0m[3mname[0m[2m=[0mk#addeef94..[1m}[0m[2m:[0m[1maugment_epoch_last_checkpoint[0m[2m:[0m[1mcreate_and_execute_advance_epoch_tx[0m[2m:[0m [2msui_core::authority[0m[2m:[0m [2mcrates/sui-core/src/authority.rs[0m[2m:[0m[2m4743:[0m validator k#addeef94.. supports SupportedProtocolVersions { min: ProtocolVersion(1), max: ProtocolVersion(70) } with system packages: [(0x0000000000000000000000000000000000000000000000000000000000000001, SequenceNumber(1), o#96Jb9mkzfqNLYnEMpVxB5dqrKbBaj23w7iXPjTYFdrQw), (0x0000000000000000000000000000000000000000000000000000000000000002, SequenceNumber(2), o#26xJj5urud1ErPtdD9Ak2uWtBGmzeb1ixJimJbkEhqzi), (0x0000000000000000000000000000000000000000000000000000000000000003, SequenceNumber(2), o#DF5dfASe4ZDkSCbUKiNv6i44DUPQSgtpV7BoPFJxNLcu), (0x000000000000000000000000000000000000000000000000000000000000000b, SequenceNumber(2), o#8vwgz9iNeskH5LiGvDEfqFhuxwuiUVnKJBbDthPcVcK1), (0x00000000000000000000000000000000000000000000000000000000000000c8, SequenceNumber(2), o#8mxAzFggYWTk2EcWLVbvhGohJUAeKimeRNdivg4tL1ff)]
[2m2025-03-25T07:54:43.298263Z[0m [32m INFO[0m [1mnode[0m[1m{[0m[3mname[0m[2m=[0mk#addeef94..[1m}[0m[2m:[0m[1maugment_epoch_last_checkpoint[0m[2m:[0m[1mcreate_and_execute_advance_epoch_tx[0m[2m:[0m [2msui_core::authority[0m[2m:[0m [2mcrates/sui-core/src/authority.rs[0m[2m:[0m[2m4784:[0m support for upgrade [3mtotal_votes[0m[2m=[0m10000 [3mquorum_threshold[0m[2m=[0m6667 [3mbuffer_stake_bps[0m[2m=[0m5000 [3meffective_threshold[0m[2m=[0m8334 [3mproposed_protocol_version[0m[2m=[0mProtocolVersion(51) [3mpackages[0m[2m=[0m[(0x0000000000000000000000000000000000000000000000000000000000000001, SequenceNumber(1), o#96Jb9mkzfqNLYnEMpVxB5dqrKbBaj23w7iXPjTYFdrQw), (0x0000000000000000000000000000000000000000000000000000000000000002, SequenceNumber(2), o#26xJj5urud1ErPtdD9Ak2uWtBGmzeb1ixJimJbkEhqzi), (0x0000000000000000000000000000000000000000000000000000000000000003, SequenceNumber(2), o#DF5dfASe4ZDkSCbUKiNv6i44DUPQSgtpV7BoPFJxNLcu), (0x000000000000000000000000000000000000000000000000000000000000000b, SequenceNumber(2), o#8vwgz9iNeskH5LiGvDEfqFhuxwuiUVnKJBbDthPcVcK1), (0x00000000000000000000000000000000000000000000000000000000000000c8, SequenceNumber(2), o#8mxAzFggYWTk2EcWLVbvhGohJUAeKimeRNdivg4tL1ff)]
[2m2025-03-25T07:54:43.298314Z[0m [32m INFO[0m [1mnode[0m[1m{[0m[3mname[0m[2m=[0mk#addeef94..[1m}[0m[2m:[0m[1maugment_epoch_last_checkpoint[0m[2m:[0m[1mcreate_and_execute_advance_epoch_tx[0m[2m:[0m [2msui_core::authority[0m[2m:[0m [2mcrates/sui-core/src/authority.rs[0m[2m:[0m[2m4743:[0m validator k#8dcff6d1.. supports SupportedProtocolVersions { min: ProtocolVersion(1), max: ProtocolVersion(70) } with system packages: [(0x0000000000000000000000000000000000000000000000000000000000000001, SequenceNumber(1), o#96Jb9mkzfqNLYnEMpVxB5dqrKbBaj23w7iXPjTYFdrQw), (0x0000000000000000000000000000000000000000000000000000000000000002, SequenceNumber(2), o#26xJj5urud1ErPtdD9Ak2uWtBGmzeb1ixJimJbkEhqzi), (0x0000000000000000000000000000000000000000000000000000000000000003, SequenceNumber(2), o#DF5dfASe4ZDkSCbUKiNv6i44DUPQSgtpV7BoPFJxNLcu), (0x000000000000000000000000000000000000000000000000000000000000000b, SequenceNumber(2), o#8vwgz9iNeskH5LiGvDEfqFhuxwuiUVnKJBbDthPcVcK1), (0x00000000000000000000000000000000000000000000000000000000000000c8, SequenceNumber(2), o#8mxAzFggYWTk2EcWLVbvhGohJUAeKimeRNdivg4tL1ff)]
[2m2025-03-25T07:54:43.298361Z[0m [32m INFO[0m [1mnode[0m[1m{[0m[3mname[0m[2m=[0mk#addeef94..[1m}[0m[2m:[0m[1maugment_epoch_last_checkpoint[0m[2m:[0m[1mcreate_and_execute_advance_epoch_tx[0m[2m:[0m [2msui_core::authority[0m[2m:[0m [2mcrates/sui-core/src/authority.rs[0m[2m:[0m[2m4743:[0m validator k#99f25ef6.. supports SupportedProtocolVersions { min: ProtocolVersion(1), max: ProtocolVersion(70) } with system packages: [(0x0000000000000000000000000000000000000000000000000000000000000001, SequenceNumber(1), o#96Jb9mkzfqNLYnEMpVxB5dqrKbBaj23w7iXPjTYFdrQw), (0x0000000000000000000000000000000000000000000000000000000000000002, SequenceNumber(2), o#26xJj5urud1ErPtdD9Ak2uWtBGmzeb1ixJimJbkEhqzi), (0x0000000000000000000000000000000000000000000000000000000000000003, SequenceNumber(2), o#DF5dfASe4ZDkSCbUKiNv6i44DUPQSgtpV7BoPFJxNLcu), (0x000000000000000000000000000000000000000000000000000000000000000b, SequenceNumber(2), o#8vwgz9iNeskH5LiGvDEfqFhuxwuiUVnKJBbDthPcVcK1), (0x00000000000000000000000000000000000000000000000000000000000000c8, SequenceNumber(2), o#8mxAzFggYWTk2EcWLVbvhGohJUAeKimeRNdivg4tL1ff)]
[2m2025-03-25T07:54:43.298408Z[0m [32m INFO[0m [1mnode[0m[1m{[0m[3mname[0m[2m=[0mk#addeef94..[1m}[0m[2m:[0m[1maugment_epoch_last_checkpoint[0m[2m:[0m[1mcreate_and_execute_advance_epoch_tx[0m[2m:[0m [2msui_core::authority[0m[2m:[0m [2mcrates/sui-core/src/authority.rs[0m[2m:[0m[2m4743:[0m validator k#addeef94.. supports SupportedProtocolVersions { min: ProtocolVersion(1), max: ProtocolVersion(70) } with system packages: [(0x0000000000000000000000000000000000000000000000000000000000000001, SequenceNumber(1), o#96Jb9mkzfqNLYnEMpVxB5dqrKbBaj23w7iXPjTYFdrQw), (0x0000000000000000000000000000000000000000000000000000000000000002, SequenceNumber(2), o#26xJj5urud1ErPtdD9Ak2uWtBGmzeb1ixJimJbkEhqzi), (0x0000000000000000000000000000000000000000000000000000000000000003, SequenceNumber(2), o#DF5dfASe4ZDkSCbUKiNv6i44DUPQSgtpV7BoPFJxNLcu), (0x000000000000000000000000000000000000000000000000000000000000000b, SequenceNumber(2), o#8vwgz9iNeskH5LiGvDEfqFhuxwuiUVnKJBbDthPcVcK1), (0x00000000000000000000000000000000000000000000000000000000000000c8, SequenceNumber(2), o#8mxAzFggYWTk2EcWLVbvhGohJUAeKimeRNdivg4tL1ff)]
[2m2025-03-25T07:54:43.298460Z[0m [32m INFO[0m [1mnode[0m[1m{[0m[3mname[0m[2m=[0mk#addeef94..[1m}[0m[2m:[0m[1maugment_epoch_last_checkpoint[0m[2m:[0m[1mcreate_and_execute_advance_epoch_tx[0m[2m:[0m [2msui_core::authority[0m[2m:[0m [2mcrates/sui-core/src/authority.rs[0m[2m:[0m[2m4784:[0m support for upgrade [3mtotal_votes[0m[2m=[0m10000 [3mquorum_threshold[0m[2m=[0m6667 [3mbuffer_stake_bps[0m[2m=[0m5000 [3meffective_threshold[0m[2m=[0m8334 [3mproposed_protocol_version[0m[2m=[0mProtocolVersion(52) [3mpackages[0m[2m=[0m[(0x0000000000000000000000000000000000000000000000000000000000000001, SequenceNumber(1), o#96Jb9mkzfqNLYnEMpVxB5dqrKbBaj23w7iXPjTYFdrQw), (0x0000000000000000000000000000000000000000000000000000000000000002, SequenceNumber(2), o#26xJj5urud1ErPtdD9Ak2uWtBGmzeb1ixJimJbkEhqzi), (0x0000000000000000000000000000000000000000000000000000000000000003, SequenceNumber(2), o#DF5dfASe4ZDkSCbUKiNv6i44DUPQSgtpV7BoPFJxNLcu), (0x000000000000000000000000000000000000000000000000000000000000000b, SequenceNumber(2), o#8vwgz9iNeskH5LiGvDEfqFhuxwuiUVnKJBbDthPcVcK1), (0x00000000000000000000000000000000000000000000000000000000000000c8, SequenceNumber(2), o#8mxAzFggYWTk2EcWLVbvhGohJUAeKimeRNdivg4tL1ff)]
[2m2025-03-25T07:54:43.298511Z[0m [32m INFO[0m [1mnode[0m[1m{[0m[3mname[0m[2m=[0mk#addeef94..[1m}[0m[2m:[0m[1maugment_epoch_last_checkpoint[0m[2m:[0m[1mcreate_and_execute_advance_epoch_tx[0m[2m:[0m [2msui_core::authority[0m[2m:[0m [2mcrates/sui-core/src/authority.rs[0m[2m:[0m[2m4743:[0m validator k#8dcff6d1.. supports SupportedProtocolVersions { min: ProtocolVersion(1), max: ProtocolVersion(70) } with system packages: [(0x0000000000000000000000000000000000000000000000000000000000000001, SequenceNumber(1), o#96Jb9mkzfqNLYnEMpVxB5dqrKbBaj23w7iXPjTYFdrQw), (0x0000000000000000000000000000000000000000000000000000000000000002, SequenceNumber(2), o#26xJj5urud1ErPtdD9Ak2uWtBGmzeb1ixJimJbkEhqzi), (0x0000000000000000000000000000000000000000000000000000000000000003, SequenceNumber(2), o#DF5dfASe4ZDkSCbUKiNv6i44DUPQSgtpV7BoPFJxNLcu), (0x000000000000000000000000000000000000000000000000000000000000000b, SequenceNumber(2), o#8vwgz9iNeskH5LiGvDEfqFhuxwuiUVnKJBbDthPcVcK1), (0x00000000000000000000000000000000000000000000000000000000000000c8, SequenceNumber(2), o#8mxAzFggYWTk2EcWLVbvhGohJUAeKimeRNdivg4tL1ff)]
[2m2025-03-25T07:54:43.298557Z[0m [32m INFO[0m [1mnode[0m[1m{[0m[3mname[0m[2m=[0mk#addeef94..[1m}[0m[2m:[0m[1maugment_epoch_last_checkpoint[0m[2m:[0m[1mcreate_and_execute_advance_epoch_tx[0m[2m:[0m [2msui_core::authority[0m[2m:[0m [2mcrates/sui-core/src/authority.rs[0m[2m:[0m[2m4743:[0m validator k#99f25ef6.. supports SupportedProtocolVersions { min: ProtocolVersion(1), max: ProtocolVersion(70) } with system packages: [(0x0000000000000000000000000000000000000000000000000000000000000001, SequenceNumber(1), o#96Jb9mkzfqNLYnEMpVxB5dqrKbBaj23w7iXPjTYFdrQw), (0x0000000000000000000000000000000000000000000000000000000000000002, SequenceNumber(2), o#26xJj5urud1ErPtdD9Ak2uWtBGmzeb1ixJimJbkEhqzi), (0x0000000000000000000000000000000000000000000000000000000000000003, SequenceNumber(2), o#DF5dfASe4ZDkSCbUKiNv6i44DUPQSgtpV7BoPFJxNLcu), (0x000000000000000000000000000000000000000000000000000000000000000b, SequenceNumber(2), o#8vwgz9iNeskH5LiGvDEfqFhuxwuiUVnKJBbDthPcVcK1), (0x00000000000000000000000000000000000000000000000000000000000000c8, SequenceNumber(2), o#8mxAzFggYWTk2EcWLVbvhGohJUAeKimeRNdivg4tL1ff)]
[2m2025-03-25T07:54:43.298604Z[0m [32m INFO[0m [1mnode[0m[1m{[0m[3mname[0m[2m=[0mk#addeef94..[1m}[0m[2m:[0m[1maugment_epoch_last_checkpoint[0m[2m:[0m[1mcreate_and_execute_advance_epoch_tx[0m[2m:[0m [2msui_core::authority[0m[2m:[0m [2mcrates/sui-core/src/authority.rs[0m[2m:[0m[2m4743:[0m validator k#addeef94.. supports SupportedProtocolVersions { min: ProtocolVersion(1), max: ProtocolVersion(70) } with system packages: [(0x0000000000000000000000000000000000000000000000000000000000000001, SequenceNumber(1), o#96Jb9mkzfqNLYnEMpVxB5dqrKbBaj23w7iXPjTYFdrQw), (0x0000000000000000000000000000000000000000000000000000000000000002, SequenceNumber(2), o#26xJj5urud1ErPtdD9Ak2uWtBGmzeb1ixJimJbkEhqzi), (0x0000000000000000000000000000000000000000000000000000000000000003, SequenceNumber(2), o#DF5dfASe4ZDkSCbUKiNv6i44DUPQSgtpV7BoPFJxNLcu), (0x000000000000000000000000000000000000000000000000000000000000000b, SequenceNumber(2), o#8vwgz9iNeskH5LiGvDEfqFhuxwuiUVnKJBbDthPcVcK1), (0x00000000000000000000000000000000000000000000000000000000000000c8, SequenceNumber(2), o#8mxAzFggYWTk2EcWLVbvhGohJUAeKimeRNdivg4tL1ff)]
[2m2025-03-25T07:54:43.298656Z[0m [32m INFO[0m [1mnode[0m[1m{[0m[3mname[0m[2m=[0mk#addeef94..[1m}[0m[2m:[0m[1maugment_epoch_last_checkpoint[0m[2m:[0m[1mcreate_and_execute_advance_epoch_tx[0m[2m:[0m [2msui_core::authority[0m[2m:[0m [2mcrates/sui-core/src/authority.rs[0m[2m:[0m[2m4784:[0m support for upgrade [3mtotal_votes[0m[2m=[0m10000 [3mquorum_threshold[0m[2m=[0m6667 [3mbuffer_stake_bps[0m[2m=[0m5000 [3meffective_threshold[0m[2m=[0m8334 [3mproposed_protocol_version[0m[2m=[0mProtocolVersion(53) [3mpackages[0m[2m=[0m[(0x0000000000000000000000000000000000000000000000000000000000000001, SequenceNumber(1), o#96Jb9mkzfqNLYnEMpVxB5dqrKbBaj23w7iXPjTYFdrQw), (0x0000000000000000000000000000000000000000000000000000000000000002, SequenceNumber(2), o#26xJj5urud1ErPtdD9Ak2uWtBGmzeb1ixJimJbkEhqzi), (0x0000000000000000000000000000000000000000000000000000000000000003, SequenceNumber(2), o#DF5dfASe4ZDkSCbUKiNv6i44DUPQSgtpV7BoPFJxNLcu), (0x000000000000000000000000000000000000000000000000000000000000000b, SequenceNumber(2), o#8vwgz9iNeskH5LiGvDEfqFhuxwuiUVnKJBbDthPcVcK1), (0x00000000000000000000000000000000000000000000000000000000000000c8, SequenceNumber(2), o#8mxAzFggYWTk2EcWLVbvhGohJUAeKimeRNdivg4tL1ff)]
[2m2025-03-25T07:54:43.298707Z[0m [32m INFO[0m [1mnode[0m[1m{[0m[3mname[0m[2m=[0mk#addeef94..[1m}[0m[2m:[0m[1maugment_epoch_last_checkpoint[0m[2m:[0m[1mcreate_and_execute_advance_epoch_tx[0m[2m:[0m [2msui_core::authority[0m[2m:[0m [2mcrates/sui-core/src/authority.rs[0m[2m:[0m[2m4743:[0m validator k#8dcff6d1.. supports SupportedProtocolVersions { min: ProtocolVersion(1), max: ProtocolVersion(70) } with system packages: [(0x0000000000000000000000000000000000000000000000000000000000000001, SequenceNumber(1), o#96Jb9mkzfqNLYnEMpVxB5dqrKbBaj23w7iXPjTYFdrQw), (0x0000000000000000000000000000000000000000000000000000000000000002, SequenceNumber(2), o#26xJj5urud1ErPtdD9Ak2uWtBGmzeb1ixJimJbkEhqzi), (0x0000000000000000000000000000000000000000000000000000000000000003, SequenceNumber(2), o#DF5dfASe4ZDkSCbUKiNv6i44DUPQSgtpV7BoPFJxNLcu), (0x000000000000000000000000000000000000000000000000000000000000000b, SequenceNumber(2), o#8vwgz9iNeskH5LiGvDEfqFhuxwuiUVnKJBbDthPcVcK1), (0x00000000000000000000000000000000000000000000000000000000000000c8, SequenceNumber(2), o#8mxAzFggYWTk2EcWLVbvhGohJUAeKimeRNdivg4tL1ff)]
[2m2025-03-25T07:54:43.298757Z[0m [32m INFO[0m [1mnode[0m[1m{[0m[3mname[0m[2m=[0mk#addeef94..[1m}[0m[2m:[0m[1maugment_epoch_last_checkpoint[0m[2m:[0m[1mcreate_and_execute_advance_epoch_tx[0m[2m:[0m [2msui_core::authority[0m[2m:[0m [2mcrates/sui-core/src/authority.rs[0m[2m:[0m[2m4743:[0m validator k#99f25ef6.. supports SupportedProtocolVersions { min: ProtocolVersion(1), max: ProtocolVersion(70) } with system packages: [(0x0000000000000000000000000000000000000000000000000000000000000001, SequenceNumber(1), o#96Jb9mkzfqNLYnEMpVxB5dqrKbBaj23w7iXPjTYFdrQw), (0x0000000000000000000000000000000000000000000000000000000000000002, SequenceNumber(2), o#26xJj5urud1ErPtdD9Ak2uWtBGmzeb1ixJimJbkEhqzi), (0x0000000000000000000000000000000000000000000000000000000000000003, SequenceNumber(2), o#DF5dfASe4ZDkSCbUKiNv6i44DUPQSgtpV7BoPFJxNLcu), (0x000000000000000000000000000000000000000000000000000000000000000b, SequenceNumber(2), o#8vwgz9iNeskH5LiGvDEfqFhuxwuiUVnKJBbDthPcVcK1), (0x00000000000000000000000000000000000000000000000000000000000000c8, SequenceNumber(2), o#8mxAzFggYWTk2EcWLVbvhGohJUAeKimeRNdivg4tL1ff)]
[2m2025-03-25T07:54:43.298803Z[0m [32m INFO[0m [1mnode[0m[1m{[0m[3mname[0m[2m=[0mk#addeef94..[1m}[0m[2m:[0m[1maugment_epoch_last_checkpoint[0m[2m:[0m[1mcreate_and_execute_advance_epoch_tx[0m[2m:[0m [2msui_core::authority[0m[2m:[0m [2mcrates/sui-core/src/authority.rs[0m[2m:[0m[2m4743:[0m validator k#addeef94.. supports SupportedProtocolVersions { min: ProtocolVersion(1), max: ProtocolVersion(70) } with system packages: [(0x0000000000000000000000000000000000000000000000000000000000000001, SequenceNumber(1), o#96Jb9mkzfqNLYnEMpVxB5dqrKbBaj23w7iXPjTYFdrQw), (0x0000000000000000000000000000000000000000000000000000000000000002, SequenceNumber(2), o#26xJj5urud1ErPtdD9Ak2uWtBGmzeb1ixJimJbkEhqzi), (0x0000000000000000000000000000000000000000000000000000000000000003, SequenceNumber(2), o#DF5dfASe4ZDkSCbUKiNv6i44DUPQSgtpV7BoPFJxNLcu), (0x000000000000000000000000000000000000000000000000000000000000000b, SequenceNumber(2), o#8vwgz9iNeskH5LiGvDEfqFhuxwuiUVnKJBbDthPcVcK1), (0x00000000000000000000000000000000000000000000000000000000000000c8, SequenceNumber(2), o#8mxAzFggYWTk2EcWLVbvhGohJUAeKimeRNdivg4tL1ff)]
[2m2025-03-25T07:54:43.298855Z[0m [32m INFO[0m [1mnode[0m[1m{[0m[3mname[0m[2m=[0mk#addeef94..[1m}[0m[2m:[0m[1maugment_epoch_last_checkpoint[0m[2m:[0m[1mcreate_and_execute_advance_epoch_tx[0m[2m:[0m [2msui_core::authority[0m[2m:[0m [2mcrates/sui-core/src/authority.rs[0m[2m:[0m[2m4784:[0m support for upgrade [3mtotal_votes[0m[2m=[0m10000 [3mquorum_threshold[0m[2m=[0m6667 [3mbuffer_stake_bps[0m[2m=[0m5000 [3meffective_threshold[0m[2m=[0m8334 [3mproposed_protocol_version[0m[2m=[0mProtocolVersion(54) [3mpackages[0m[2m=[0m[(0x0000000000000000000000000000000000000000000000000000000000000001, SequenceNumber(1), o#96Jb9mkzfqNLYnEMpVxB5dqrKbBaj23w7iXPjTYFdrQw), (0x0000000000000000000000000000000000000000000000000000000000000002, SequenceNumber(2), o#26xJj5urud1ErPtdD9Ak2uWtBGmzeb1ixJimJbkEhqzi), (0x0000000000000000000000000000000000000000000000000000000000000003, SequenceNumber(2), o#DF5dfASe4ZDkSCbUKiNv6i44DUPQSgtpV7BoPFJxNLcu), (0x000000000000000000000000000000000000000000000000000000000000000b, SequenceNumber(2), o#8vwgz9iNeskH5LiGvDEfqFhuxwuiUVnKJBbDthPcVcK1), (0x00000000000000000000000000000000000000000000000000000000000000c8, SequenceNumber(2), o#8mxAzFggYWTk2EcWLVbvhGohJUAeKimeRNdivg4tL1ff)]
[2m2025-03-25T07:54:43.298906Z[0m [32m INFO[0m [1mnode[0m[1m{[0m[3mname[0m[2m=[0mk#addeef94..[1m}[0m[2m:[0m[1maugment_epoch_last_checkpoint[0m[2m:[0m[1mcreate_and_execute_advance_epoch_tx[0m[2m:[0m [2msui_core::authority[0m[2m:[0m [2mcrates/sui-core/src/authority.rs[0m[2m:[0m[2m4743:[0m validator k#8dcff6d1.. supports SupportedProtocolVersions { min: ProtocolVersion(1), max: ProtocolVersion(70) } with system packages: [(0x0000000000000000000000000000000000000000000000000000000000000001, SequenceNumber(1), o#96Jb9mkzfqNLYnEMpVxB5dqrKbBaj23w7iXPjTYFdrQw), (0x0000000000000000000000000000000000000000000000000000000000000002, SequenceNumber(2), o#26xJj5urud1ErPtdD9Ak2uWtBGmzeb1ixJimJbkEhqzi), (0x0000000000000000000000000000000000000000000000000000000000000003, SequenceNumber(2), o#DF5dfASe4ZDkSCbUKiNv6i44DUPQSgtpV7BoPFJxNLcu), (0x000000000000000000000000000000000000000000000000000000000000000b, SequenceNumber(2), o#8vwgz9iNeskH5LiGvDEfqFhuxwuiUVnKJBbDthPcVcK1), (0x00000000000000000000000000000000000000000000000000000000000000c8, SequenceNumber(2), o#8mxAzFggYWTk2EcWLVbvhGohJUAeKimeRNdivg4tL1ff)]
[2m2025-03-25T07:54:43.298953Z[0m [32m INFO[0m [1mnode[0m[1m{[0m[3mname[0m[2m=[0mk#addeef94..[1m}[0m[2m:[0m[1maugment_epoch_last_checkpoint[0m[2m:[0m[1mcreate_and_execute_advance_epoch_tx[0m[2m:[0m [2msui_core::authority[0m[2m:[0m [2mcrates/sui-core/src/authority.rs[0m[2m:[0m[2m4743:[0m validator k#99f25ef6.. supports SupportedProtocolVersions { min: ProtocolVersion(1), max: ProtocolVersion(70) } with system packages: [(0x0000000000000000000000000000000000000000000000000000000000000001, SequenceNumber(1), o#96Jb9mkzfqNLYnEMpVxB5dqrKbBaj23w7iXPjTYFdrQw), (0x0000000000000000000000000000000000000000000000000000000000000002, SequenceNumber(2), o#26xJj5urud1ErPtdD9Ak2uWtBGmzeb1ixJimJbkEhqzi), (0x0000000000000000000000000000000000000000000000000000000000000003, SequenceNumber(2), o#DF5dfASe4ZDkSCbUKiNv6i44DUPQSgtpV7BoPFJxNLcu), (0x000000000000000000000000000000000000000000000000000000000000000b, SequenceNumber(2), o#8vwgz9iNeskH5LiGvDEfqFhuxwuiUVnKJBbDthPcVcK1), (0x00000000000000000000000000000000000000000000000000000000000000c8, SequenceNumber(2), o#8mxAzFggYWTk2EcWLVbvhGohJUAeKimeRNdivg4tL1ff)]
[2m2025-03-25T07:54:43.299000Z[0m [32m INFO[0m [1mnode[0m[1m{[0m[3mname[0m[2m=[0mk#addeef94..[1m}[0m[2m:[0m[1maugment_epoch_last_checkpoint[0m[2m:[0m[1mcreate_and_execute_advance_epoch_tx[0m[2m:[0m [2msui_core::authority[0m[2m:[0m [2mcrates/sui-core/src/authority.rs[0m[2m:[0m[2m4743:[0m validator k#addeef94.. supports SupportedProtocolVersions { min: ProtocolVersion(1), max: ProtocolVersion(70) } with system packages: [(0x0000000000000000000000000000000000000000000000000000000000000001, SequenceNumber(1), o#96Jb9mkzfqNLYnEMpVxB5dqrKbBaj23w7iXPjTYFdrQw), (0x0000000000000000000000000000000000000000000000000000000000000002, SequenceNumber(2), o#26xJj5urud1ErPtdD9Ak2uWtBGmzeb1ixJimJbkEhqzi), (0x0000000000000000000000000000000000000000000000000000000000000003, SequenceNumber(2), o#DF5dfASe4ZDkSCbUKiNv6i44DUPQSgtpV7BoPFJxNLcu), (0x000000000000000000000000000000000000000000000000000000000000000b, SequenceNumber(2), o#8vwgz9iNeskH5LiGvDEfqFhuxwuiUVnKJBbDthPcVcK1), (0x00000000000000000000000000000000000000000000000000000000000000c8, SequenceNumber(2), o#8mxAzFggYWTk2EcWLVbvhGohJUAeKimeRNdivg4tL1ff)]
[2m2025-03-25T07:54:43.299051Z[0m [32m INFO[0m [1mnode[0m[1m{[0m[3mname[0m[2m=[0mk#addeef94..[1m}[0m[2m:[0m[1maugment_epoch_last_checkpoint[0m[2m:[0m[1mcreate_and_execute_advance_epoch_tx[0m[2m:[0m [2msui_core::authority[0m[2m:[0m [2mcrates/sui-core/src/authority.rs[0m[2m:[0m[2m4784:[0m support for upgrade [3mtotal_votes[0m[2m=[0m10000 [3mquorum_threshold[0m[2m=[0m6667 [3mbuffer_stake_bps[0m[2m=[0m5000 [3meffective_threshold[0m[2m=[0m8334 [3mproposed_protocol_version[0m[2m=[0mProtocolVersion(55) [3mpackages[0m[2m=[0m[(0x0000000000000000000000000000000000000000000000000000000000000001, SequenceNumber(1), o#96Jb9mkzfqNLYnEMpVxB5dqrKbBaj23w7iXPjTYFdrQw), (0x0000000000000000000000000000000000000000000000000000000000000002, SequenceNumber(2), o#26xJj5urud1ErPtdD9Ak2uWtBGmzeb1ixJimJbkEhqzi), (0x0000000000000000000000000000000000000000000000000000000000000003, SequenceNumber(2), o#DF5dfASe4ZDkSCbUKiNv6i44DUPQSgtpV7BoPFJxNLcu), (0x000000000000000000000000000000000000000000000000000000000000000b, SequenceNumber(2), o#8vwgz9iNeskH5LiGvDEfqFhuxwuiUVnKJBbDthPcVcK1), (0x00000000000000000000000000000000000000000000000000000000000000c8, SequenceNumber(2), o#8mxAzFggYWTk2EcWLVbvhGohJUAeKimeRNdivg4tL1ff)]
[2m2025-03-25T07:54:43.299102Z[0m [32m INFO[0m [1mnode[0m[1m{[0m[3mname[0m[2m=[0mk#addeef94..[1m}[0m[2m:[0m[1maugment_epoch_last_checkpoint[0m[2m:[0m[1mcreate_and_execute_advance_epoch_tx[0m[2m:[0m [2msui_core::authority[0m[2m:[0m [2mcrates/sui-core/src/authority.rs[0m[2m:[0m[2m4743:[0m validator k#8dcff6d1.. supports SupportedProtocolVersions { min: ProtocolVersion(1), max: ProtocolVersion(70) } with system packages: [(0x0000000000000000000000000000000000000000000000000000000000000001, SequenceNumber(1), o#96Jb9mkzfqNLYnEMpVxB5dqrKbBaj23w7iXPjTYFdrQw), (0x0000000000000000000000000000000000000000000000000000000000000002, SequenceNumber(2), o#26xJj5urud1ErPtdD9Ak2uWtBGmzeb1ixJimJbkEhqzi), (0x0000000000000000000000000000000000000000000000000000000000000003, SequenceNumber(2), o#DF5dfASe4ZDkSCbUKiNv6i44DUPQSgtpV7BoPFJxNLcu), (0x000000000000000000000000000000000000000000000000000000000000000b, SequenceNumber(2), o#8vwgz9iNeskH5LiGvDEfqFhuxwuiUVnKJBbDthPcVcK1), (0x00000000000000000000000000000000000000000000000000000000000000c8, SequenceNumber(2), o#8mxAzFggYWTk2EcWLVbvhGohJUAeKimeRNdivg4tL1ff)]
[2m2025-03-25T07:54:43.299149Z[0m [32m INFO[0m [1mnode[0m[1m{[0m[3mname[0m[2m=[0mk#addeef94..[1m}[0m[2m:[0m[1maugment_epoch_last_checkpoint[0m[2m:[0m[1mcreate_and_execute_advance_epoch_tx[0m[2m:[0m [2msui_core::authority[0m[2m:[0m [2mcrates/sui-core/src/authority.rs[0m[2m:[0m[2m4743:[0m validator k#99f25ef6.. supports SupportedProtocolVersions { min: ProtocolVersion(1), max: ProtocolVersion(70) } with system packages: [(0x0000000000000000000000000000000000000000000000000000000000000001, SequenceNumber(1), o#96Jb9mkzfqNLYnEMpVxB5dqrKbBaj23w7iXPjTYFdrQw), (0x0000000000000000000000000000000000000000000000000000000000000002, SequenceNumber(2), o#26xJj5urud1ErPtdD9Ak2uWtBGmzeb1ixJimJbkEhqzi), (0x0000000000000000000000000000000000000000000000000000000000000003, SequenceNumber(2), o#DF5dfASe4ZDkSCbUKiNv6i44DUPQSgtpV7BoPFJxNLcu), (0x000000000000000000000000000000000000000000000000000000000000000b, SequenceNumber(2), o#8vwgz9iNeskH5LiGvDEfqFhuxwuiUVnKJBbDthPcVcK1), (0x00000000000000000000000000000000000000000000000000000000000000c8, SequenceNumber(2), o#8mxAzFggYWTk2EcWLVbvhGohJUAeKimeRNdivg4tL1ff)]
[2m2025-03-25T07:54:43.299196Z[0m [32m INFO[0m [1mnode[0m[1m{[0m[3mname[0m[2m=[0mk#addeef94..[1m}[0m[2m:[0m[1maugment_epoch_last_checkpoint[0m[2m:[0m[1mcreate_and_execute_advance_epoch_tx[0m[2m:[0m [2msui_core::authority[0m[2m:[0m [2mcrates/sui-core/src/authority.rs[0m[2m:[0m[2m4743:[0m validator k#addeef94.. supports SupportedProtocolVersions { min: ProtocolVersion(1), max: ProtocolVersion(70) } with system packages: [(0x0000000000000000000000000000000000000000000000000000000000000001, SequenceNumber(1), o#96Jb9mkzfqNLYnEMpVxB5dqrKbBaj23w7iXPjTYFdrQw), (0x0000000000000000000000000000000000000000000000000000000000000002, SequenceNumber(2), o#26xJj5urud1ErPtdD9Ak2uWtBGmzeb1ixJimJbkEhqzi), (0x0000000000000000000000000000000000000000000000000000000000000003, SequenceNumber(2), o#DF5dfASe4ZDkSCbUKiNv6i44DUPQSgtpV7BoPFJxNLcu), (0x000000000000000000000000000000000000000000000000000000000000000b, SequenceNumber(2), o#8vwgz9iNeskH5LiGvDEfqFhuxwuiUVnKJBbDthPcVcK1), (0x00000000000000000000000000000000000000000000000000000000000000c8, SequenceNumber(2), o#8mxAzFggYWTk2EcWLVbvhGohJUAeKimeRNdivg4tL1ff)]
[2m2025-03-25T07:54:43.299247Z[0m [32m INFO[0m [1mnode[0m[1m{[0m[3mname[0m[2m=[0mk#addeef94..[1m}[0m[2m:[0m[1maugment_epoch_last_checkpoint[0m[2m:[0m[1mcreate_and_execute_advance_epoch_tx[0m[2m:[0m [2msui_core::authority[0m[2m:[0m [2mcrates/sui-core/src/authority.rs[0m[2m:[0m[2m4784:[0m support for upgrade [3mtotal_votes[0m[2m=[0m10000 [3mquorum_threshold[0m[2m=[0m6667 [3mbuffer_stake_bps[0m[2m=[0m5000 [3meffective_threshold[0m[2m=[0m8334 [3mproposed_protocol_version[0m[2m=[0mProtocolVersion(56) [3mpackages[0m[2m=[0m[(0x0000000000000000000000000000000000000000000000000000000000000001, SequenceNumber(1), o#96Jb9mkzfqNLYnEMpVxB5dqrKbBaj23w7iXPjTYFdrQw), (0x0000000000000000000000000000000000000000000000000000000000000002, SequenceNumber(2), o#26xJj5urud1ErPtdD9Ak2uWtBGmzeb1ixJimJbkEhqzi), (0x0000000000000000000000000000000000000000000000000000000000000003, SequenceNumber(2), o#DF5dfASe4ZDkSCbUKiNv6i44DUPQSgtpV7BoPFJxNLcu), (0x000000000000000000000000000000000000000000000000000000000000000b, SequenceNumber(2), o#8vwgz9iNeskH5LiGvDEfqFhuxwuiUVnKJBbDthPcVcK1), (0x00000000000000000000000000000000000000000000000000000000000000c8, SequenceNumber(2), o#8mxAzFggYWTk2EcWLVbvhGohJUAeKimeRNdivg4tL1ff)]
[2m2025-03-25T07:54:43.299299Z[0m [32m INFO[0m [1mnode[0m[1m{[0m[3mname[0m[2m=[0mk#addeef94..[1m}[0m[2m:[0m[1maugment_epoch_last_checkpoint[0m[2m:[0m[1mcreate_and_execute_advance_epoch_tx[0m[2m:[0m [2msui_core::authority[0m[2m:[0m [2mcrates/sui-core/src/authority.rs[0m[2m:[0m[2m4743:[0m validator k#8dcff6d1.. supports SupportedProtocolVersions { min: ProtocolVersion(1), max: ProtocolVersion(70) } with system packages: [(0x0000000000000000000000000000000000000000000000000000000000000001, SequenceNumber(1), o#96Jb9mkzfqNLYnEMpVxB5dqrKbBaj23w7iXPjTYFdrQw), (0x0000000000000000000000000000000000000000000000000000000000000002, SequenceNumber(2), o#26xJj5urud1ErPtdD9Ak2uWtBGmzeb1ixJimJbkEhqzi), (0x0000000000000000000000000000000000000000000000000000000000000003, SequenceNumber(2), o#DF5dfASe4ZDkSCbUKiNv6i44DUPQSgtpV7BoPFJxNLcu), (0x000000000000000000000000000000000000000000000000000000000000000b, SequenceNumber(2), o#8vwgz9iNeskH5LiGvDEfqFhuxwuiUVnKJBbDthPcVcK1), (0x00000000000000000000000000000000000000000000000000000000000000c8, SequenceNumber(2), o#8mxAzFggYWTk2EcWLVbvhGohJUAeKimeRNdivg4tL1ff)]
[2m2025-03-25T07:54:43.299346Z[0m [32m INFO[0m [1mnode[0m[1m{[0m[3mname[0m[2m=[0mk#addeef94..[1m}[0m[2m:[0m[1maugment_epoch_last_checkpoint[0m[2m:[0m[1mcreate_and_execute_advance_epoch_tx[0m[2m:[0m [2msui_core::authority[0m[2m:[0m [2mcrates/sui-core/src/authority.rs[0m[2m:[0m[2m4743:[0m validator k#99f25ef6.. supports SupportedProtocolVersions { min: ProtocolVersion(1), max: ProtocolVersion(70) } with system packages: [(0x0000000000000000000000000000000000000000000000000000000000000001, SequenceNumber(1), o#96Jb9mkzfqNLYnEMpVxB5dqrKbBaj23w7iXPjTYFdrQw), (0x0000000000000000000000000000000000000000000000000000000000000002, SequenceNumber(2), o#26xJj5urud1ErPtdD9Ak2uWtBGmzeb1ixJimJbkEhqzi), (0x0000000000000000000000000000000000000000000000000000000000000003, SequenceNumber(2), o#DF5dfASe4ZDkSCbUKiNv6i44DUPQSgtpV7BoPFJxNLcu), (0x000000000000000000000000000000000000000000000000000000000000000b, SequenceNumber(2), o#8vwgz9iNeskH5LiGvDEfqFhuxwuiUVnKJBbDthPcVcK1), (0x00000000000000000000000000000000000000000000000000000000000000c8, SequenceNumber(2), o#8mxAzFggYWTk2EcWLVbvhGohJUAeKimeRNdivg4tL1ff)]
[2m2025-03-25T07:54:43.299393Z[0m [32m INFO[0m [1mnode[0m[1m{[0m[3mname[0m[2m=[0mk#addeef94..[1m}[0m[2m:[0m[1maugment_epoch_last_checkpoint[0m[2m:[0m[1mcreate_and_execute_advance_epoch_tx[0m[2m:[0m [2msui_core::authority[0m[2m:[0m [2mcrates/sui-core/src/authority.rs[0m[2m:[0m[2m4743:[0m validator k#addeef94.. supports SupportedProtocolVersions { min: ProtocolVersion(1), max: ProtocolVersion(70) } with system packages: [(0x0000000000000000000000000000000000000000000000000000000000000001, SequenceNumber(1), o#96Jb9mkzfqNLYnEMpVxB5dqrKbBaj23w7iXPjTYFdrQw), (0x0000000000000000000000000000000000000000000000000000000000000002, SequenceNumber(2), o#26xJj5urud1ErPtdD9Ak2uWtBGmzeb1ixJimJbkEhqzi), (0x0000000000000000000000000000000000000000000000000000000000000003, SequenceNumber(2), o#DF5dfASe4ZDkSCbUKiNv6i44DUPQSgtpV7BoPFJxNLcu), (0x000000000000000000000000000000000000000000000000000000000000000b, SequenceNumber(2), o#8vwgz9iNeskH5LiGvDEfqFhuxwuiUVnKJBbDthPcVcK1), (0x00000000000000000000000000000000000000000000000000000000000000c8, SequenceNumber(2), o#8mxAzFggYWTk2EcWLVbvhGohJUAeKimeRNdivg4tL1ff)]
[2m2025-03-25T07:54:43.299446Z[0m [32m INFO[0m [1mnode[0m[1m{[0m[3mname[0m[2m=[0mk#addeef94..[1m}[0m[2m:[0m[1maugment_epoch_last_checkpoint[0m[2m:[0m[1mcreate_and_execute_advance_epoch_tx[0m[2m:[0m [2msui_core::authority[0m[2m:[0m [2mcrates/sui-core/src/authority.rs[0m[2m:[0m[2m4784:[0m support for upgrade [3mtotal_votes[0m[2m=[0m10000 [3mquorum_threshold[0m[2m=[0m6667 [3mbuffer_stake_bps[0m[2m=[0m5000 [3meffective_threshold[0m[2m=[0m8334 [3mproposed_protocol_version[0m[2m=[0mProtocolVersion(57) [3mpackages[0m[2m=[0m[(0x0000000000000000000000000000000000000000000000000000000000000001, SequenceNumber(1), o#96Jb9mkzfqNLYnEMpVxB5dqrKbBaj23w7iXPjTYFdrQw), (0x0000000000000000000000000000000000000000000000000000000000000002, SequenceNumber(2), o#26xJj5urud1ErPtdD9Ak2uWtBGmzeb1ixJimJbkEhqzi), (0x0000000000000000000000000000000000000000000000000000000000000003, SequenceNumber(2), o#DF5dfASe4ZDkSCbUKiNv6i44DUPQSgtpV7BoPFJxNLcu), (0x000000000000000000000000000000000000000000000000000000000000000b, SequenceNumber(2), o#8vwgz9iNeskH5LiGvDEfqFhuxwuiUVnKJBbDthPcVcK1), (0x00000000000000000000000000000000000000000000000000000000000000c8, SequenceNumber(2), o#8mxAzFggYWTk2EcWLVbvhGohJUAeKimeRNdivg4tL1ff)]
[2m2025-03-25T07:54:43.299497Z[0m [32m INFO[0m [1mnode[0m[1m{[0m[3mname[0m[2m=[0mk#addeef94..[1m}[0m[2m:[0m[1maugment_epoch_last_checkpoint[0m[2m:[0m[1mcreate_and_execute_advance_epoch_tx[0m[2m:[0m [2msui_core::authority[0m[2m:[0m [2mcrates/sui-core/src/authority.rs[0m[2m:[0m[2m4743:[0m validator k#8dcff6d1.. supports SupportedProtocolVersions { min: ProtocolVersion(1), max: ProtocolVersion(70) } with system packages: [(0x0000000000000000000000000000000000000000000000000000000000000001, SequenceNumber(1), o#96Jb9mkzfqNLYnEMpVxB5dqrKbBaj23w7iXPjTYFdrQw), (0x0000000000000000000000000000000000000000000000000000000000000002, SequenceNumber(2), o#26xJj5urud1ErPtdD9Ak2uWtBGmzeb1ixJimJbkEhqzi), (0x0000000000000000000000000000000000000000000000000000000000000003, SequenceNumber(2), o#DF5dfASe4ZDkSCbUKiNv6i44DUPQSgtpV7BoPFJxNLcu), (0x000000000000000000000000000000000000000000000000000000000000000b, SequenceNumber(2), o#8vwgz9iNeskH5LiGvDEfqFhuxwuiUVnKJBbDthPcVcK1), (0x00000000000000000000000000000000000000000000000000000000000000c8, SequenceNumber(2), o#8mxAzFggYWTk2EcWLVbvhGohJUAeKimeRNdivg4tL1ff)]
[2m2025-03-25T07:54:43.299545Z[0m [32m INFO[0m [1mnode[0m[1m{[0m[3mname[0m[2m=[0mk#addeef94..[1m}[0m[2m:[0m[1maugment_epoch_last_checkpoint[0m[2m:[0m[1mcreate_and_execute_advance_epoch_tx[0m[2m:[0m [2msui_core::authority[0m[2m:[0m [2mcrates/sui-core/src/authority.rs[0m[2m:[0m[2m4743:[0m validator k#99f25ef6.. supports SupportedProtocolVersions { min: ProtocolVersion(1), max: ProtocolVersion(70) } with system packages: [(0x0000000000000000000000000000000000000000000000000000000000000001, SequenceNumber(1), o#96Jb9mkzfqNLYnEMpVxB5dqrKbBaj23w7iXPjTYFdrQw), (0x0000000000000000000000000000000000000000000000000000000000000002, SequenceNumber(2), o#26xJj5urud1ErPtdD9Ak2uWtBGmzeb1ixJimJbkEhqzi), (0x0000000000000000000000000000000000000000000000000000000000000003, SequenceNumber(2), o#DF5dfASe4ZDkSCbUKiNv6i44DUPQSgtpV7BoPFJxNLcu), (0x000000000000000000000000000000000000000000000000000000000000000b, SequenceNumber(2), o#8vwgz9iNeskH5LiGvDEfqFhuxwuiUVnKJBbDthPcVcK1), (0x00000000000000000000000000000000000000000000000000000000000000c8, SequenceNumber(2), o#8mxAzFggYWTk2EcWLVbvhGohJUAeKimeRNdivg4tL1ff)]
[2m2025-03-25T07:54:43.299592Z[0m [32m INFO[0m [1mnode[0m[1m{[0m[3mname[0m[2m=[0mk#addeef94..[1m}[0m[2m:[0m[1maugment_epoch_last_checkpoint[0m[2m:[0m[1mcreate_and_execute_advance_epoch_tx[0m[2m:[0m [2msui_core::authority[0m[2m:[0m [2mcrates/sui-core/src/authority.rs[0m[2m:[0m[2m4743:[0m validator k#addeef94.. supports SupportedProtocolVersions { min: ProtocolVersion(1), max: ProtocolVersion(70) } with system packages: [(0x0000000000000000000000000000000000000000000000000000000000000001, SequenceNumber(1), o#96Jb9mkzfqNLYnEMpVxB5dqrKbBaj23w7iXPjTYFdrQw), (0x0000000000000000000000000000000000000000000000000000000000000002, SequenceNumber(2), o#26xJj5urud1ErPtdD9Ak2uWtBGmzeb1ixJimJbkEhqzi), (0x0000000000000000000000000000000000000000000000000000000000000003, SequenceNumber(2), o#DF5dfASe4ZDkSCbUKiNv6i44DUPQSgtpV7BoPFJxNLcu), (0x000000000000000000000000000000000000000000000000000000000000000b, SequenceNumber(2), o#8vwgz9iNeskH5LiGvDEfqFhuxwuiUVnKJBbDthPcVcK1), (0x00000000000000000000000000000000000000000000000000000000000000c8, SequenceNumber(2), o#8mxAzFggYWTk2EcWLVbvhGohJUAeKimeRNdivg4tL1ff)]
[2m2025-03-25T07:54:43.299644Z[0m [32m INFO[0m [1mnode[0m[1m{[0m[3mname[0m[2m=[0mk#addeef94..[1m}[0m[2m:[0m[1maugment_epoch_last_checkpoint[0m[2m:[0m[1mcreate_and_execute_advance_epoch_tx[0m[2m:[0m [2msui_core::authority[0m[2m:[0m [2mcrates/sui-core/src/authority.rs[0m[2m:[0m[2m4784:[0m support for upgrade [3mtotal_votes[0m[2m=[0m10000 [3mquorum_threshold[0m[2m=[0m6667 [3mbuffer_stake_bps[0m[2m=[0m5000 [3meffective_threshold[0m[2m=[0m8334 [3mproposed_protocol_version[0m[2m=[0mProtocolVersion(58) [3mpackages[0m[2m=[0m[(0x0000000000000000000000000000000000000000000000000000000000000001, SequenceNumber(1), o#96Jb9mkzfqNLYnEMpVxB5dqrKbBaj23w7iXPjTYFdrQw), (0x0000000000000000000000000000000000000000000000000000000000000002, SequenceNumber(2), o#26xJj5urud1ErPtdD9Ak2uWtBGmzeb1ixJimJbkEhqzi), (0x0000000000000000000000000000000000000000000000000000000000000003, SequenceNumber(2), o#DF5dfASe4ZDkSCbUKiNv6i44DUPQSgtpV7BoPFJxNLcu), (0x000000000000000000000000000000000000000000000000000000000000000b, SequenceNumber(2), o#8vwgz9iNeskH5LiGvDEfqFhuxwuiUVnKJBbDthPcVcK1), (0x00000000000000000000000000000000000000000000000000000000000000c8, SequenceNumber(2), o#8mxAzFggYWTk2EcWLVbvhGohJUAeKimeRNdivg4tL1ff)]
[2m2025-03-25T07:54:43.299696Z[0m [32m INFO[0m [1mnode[0m[1m{[0m[3mname[0m[2m=[0mk#addeef94..[1m}[0m[2m:[0m[1maugment_epoch_last_checkpoint[0m[2m:[0m[1mcreate_and_execute_advance_epoch_tx[0m[2m:[0m [2msui_core::authority[0m[2m:[0m [2mcrates/sui-core/src/authority.rs[0m[2m:[0m[2m4743:[0m validator k#8dcff6d1.. supports SupportedProtocolVersions { min: ProtocolVersion(1), max: ProtocolVersion(70) } with system packages: [(0x0000000000000000000000000000000000000000000000000000000000000001, SequenceNumber(1), o#96Jb9mkzfqNLYnEMpVxB5dqrKbBaj23w7iXPjTYFdrQw), (0x0000000000000000000000000000000000000000000000000000000000000002, SequenceNumber(2), o#26xJj5urud1ErPtdD9Ak2uWtBGmzeb1ixJimJbkEhqzi), (0x0000000000000000000000000000000000000000000000000000000000000003, SequenceNumber(2), o#DF5dfASe4ZDkSCbUKiNv6i44DUPQSgtpV7BoPFJxNLcu), (0x000000000000000000000000000000000000000000000000000000000000000b, SequenceNumber(2), o#8vwgz9iNeskH5LiGvDEfqFhuxwuiUVnKJBbDthPcVcK1), (0x00000000000000000000000000000000000000000000000000000000000000c8, SequenceNumber(2), o#8mxAzFggYWTk2EcWLVbvhGohJUAeKimeRNdivg4tL1ff)]
[2m2025-03-25T07:54:43.299742Z[0m [32m INFO[0m [1mnode[0m[1m{[0m[3mname[0m[2m=[0mk#addeef94..[1m}[0m[2m:[0m[1maugment_epoch_last_checkpoint[0m[2m:[0m[1mcreate_and_execute_advance_epoch_tx[0m[2m:[0m [2msui_core::authority[0m[2m:[0m [2mcrates/sui-core/src/authority.rs[0m[2m:[0m[2m4743:[0m validator k#99f25ef6.. supports SupportedProtocolVersions { min: ProtocolVersion(1), max: ProtocolVersion(70) } with system packages: [(0x0000000000000000000000000000000000000000000000000000000000000001, SequenceNumber(1), o#96Jb9mkzfqNLYnEMpVxB5dqrKbBaj23w7iXPjTYFdrQw), (0x0000000000000000000000000000000000000000000000000000000000000002, SequenceNumber(2), o#26xJj5urud1ErPtdD9Ak2uWtBGmzeb1ixJimJbkEhqzi), (0x0000000000000000000000000000000000000000000000000000000000000003, SequenceNumber(2), o#DF5dfASe4ZDkSCbUKiNv6i44DUPQSgtpV7BoPFJxNLcu), (0x000000000000000000000000000000000000000000000000000000000000000b, SequenceNumber(2), o#8vwgz9iNeskH5LiGvDEfqFhuxwuiUVnKJBbDthPcVcK1), (0x00000000000000000000000000000000000000000000000000000000000000c8, SequenceNumber(2), o#8mxAzFggYWTk2EcWLVbvhGohJUAeKimeRNdivg4tL1ff)]
[2m2025-03-25T07:54:43.299789Z[0m [32m INFO[0m [1mnode[0m[1m{[0m[3mname[0m[2m=[0mk#addeef94..[1m}[0m[2m:[0m[1maugment_epoch_last_checkpoint[0m[2m:[0m[1mcreate_and_execute_advance_epoch_tx[0m[2m:[0m [2msui_core::authority[0m[2m:[0m [2mcrates/sui-core/src/authority.rs[0m[2m:[0m[2m4743:[0m validator k#addeef94.. supports SupportedProtocolVersions { min: ProtocolVersion(1), max: ProtocolVersion(70) } with system packages: [(0x0000000000000000000000000000000000000000000000000000000000000001, SequenceNumber(1), o#96Jb9mkzfqNLYnEMpVxB5dqrKbBaj23w7iXPjTYFdrQw), (0x0000000000000000000000000000000000000000000000000000000000000002, SequenceNumber(2), o#26xJj5urud1ErPtdD9Ak2uWtBGmzeb1ixJimJbkEhqzi), (0x0000000000000000000000000000000000000000000000000000000000000003, SequenceNumber(2), o#DF5dfASe4ZDkSCbUKiNv6i44DUPQSgtpV7BoPFJxNLcu), (0x000000000000000000000000000000000000000000000000000000000000000b, SequenceNumber(2), o#8vwgz9iNeskH5LiGvDEfqFhuxwuiUVnKJBbDthPcVcK1), (0x00000000000000000000000000000000000000000000000000000000000000c8, SequenceNumber(2), o#8mxAzFggYWTk2EcWLVbvhGohJUAeKimeRNdivg4tL1ff)]
[2m2025-03-25T07:54:43.299841Z[0m [32m INFO[0m [1mnode[0m[1m{[0m[3mname[0m[2m=[0mk#addeef94..[1m}[0m[2m:[0m[1maugment_epoch_last_checkpoint[0m[2m:[0m[1mcreate_and_execute_advance_epoch_tx[0m[2m:[0m [2msui_core::authority[0m[2m:[0m [2mcrates/sui-core/src/authority.rs[0m[2m:[0m[2m4784:[0m support for upgrade [3mtotal_votes[0m[2m=[0m10000 [3mquorum_threshold[0m[2m=[0m6667 [3mbuffer_stake_bps[0m[2m=[0m5000 [3meffective_threshold[0m[2m=[0m8334 [3mproposed_protocol_version[0m[2m=[0mProtocolVersion(59) [3mpackages[0m[2m=[0m[(0x0000000000000000000000000000000000000000000000000000000000000001, SequenceNumber(1), o#96Jb9mkzfqNLYnEMpVxB5dqrKbBaj23w7iXPjTYFdrQw), (0x0000000000000000000000000000000000000000000000000000000000000002, SequenceNumber(2), o#26xJj5urud1ErPtdD9Ak2uWtBGmzeb1ixJimJbkEhqzi), (0x0000000000000000000000000000000000000000000000000000000000000003, SequenceNumber(2), o#DF5dfASe4ZDkSCbUKiNv6i44DUPQSgtpV7BoPFJxNLcu), (0x000000000000000000000000000000000000000000000000000000000000000b, SequenceNumber(2), o#8vwgz9iNeskH5LiGvDEfqFhuxwuiUVnKJBbDthPcVcK1), (0x00000000000000000000000000000000000000000000000000000000000000c8, SequenceNumber(2), o#8mxAzFggYWTk2EcWLVbvhGohJUAeKimeRNdivg4tL1ff)]
[2m2025-03-25T07:54:43.299892Z[0m [32m INFO[0m [1mnode[0m[1m{[0m[3mname[0m[2m=[0mk#addeef94..[1m}[0m[2m:[0m[1maugment_epoch_last_checkpoint[0m[2m:[0m[1mcreate_and_execute_advance_epoch_tx[0m[2m:[0m [2msui_core::authority[0m[2m:[0m [2mcrates/sui-core/src/authority.rs[0m[2m:[0m[2m4743:[0m validator k#8dcff6d1.. supports SupportedProtocolVersions { min: ProtocolVersion(1), max: ProtocolVersion(70) } with system packages: [(0x0000000000000000000000000000000000000000000000000000000000000001, SequenceNumber(1), o#96Jb9mkzfqNLYnEMpVxB5dqrKbBaj23w7iXPjTYFdrQw), (0x0000000000000000000000000000000000000000000000000000000000000002, SequenceNumber(2), o#26xJj5urud1ErPtdD9Ak2uWtBGmzeb1ixJimJbkEhqzi), (0x0000000000000000000000000000000000000000000000000000000000000003, SequenceNumber(2), o#DF5dfASe4ZDkSCbUKiNv6i44DUPQSgtpV7BoPFJxNLcu), (0x000000000000000000000000000000000000000000000000000000000000000b, SequenceNumber(2), o#8vwgz9iNeskH5LiGvDEfqFhuxwuiUVnKJBbDthPcVcK1), (0x00000000000000000000000000000000000000000000000000000000000000c8, SequenceNumber(2), o#8mxAzFggYWTk2EcWLVbvhGohJUAeKimeRNdivg4tL1ff)]
[2m2025-03-25T07:54:43.299939Z[0m [32m INFO[0m [1mnode[0m[1m{[0m[3mname[0m[2m=[0mk#addeef94..[1m}[0m[2m:[0m[1maugment_epoch_last_checkpoint[0m[2m:[0m[1mcreate_and_execute_advance_epoch_tx[0m[2m:[0m [2msui_core::authority[0m[2m:[0m [2mcrates/sui-core/src/authority.rs[0m[2m:[0m[2m4743:[0m validator k#99f25ef6.. supports SupportedProtocolVersions { min: ProtocolVersion(1), max: ProtocolVersion(70) } with system packages: [(0x0000000000000000000000000000000000000000000000000000000000000001, SequenceNumber(1), o#96Jb9mkzfqNLYnEMpVxB5dqrKbBaj23w7iXPjTYFdrQw), (0x0000000000000000000000000000000000000000000000000000000000000002, SequenceNumber(2), o#26xJj5urud1ErPtdD9Ak2uWtBGmzeb1ixJimJbkEhqzi), (0x0000000000000000000000000000000000000000000000000000000000000003, SequenceNumber(2), o#DF5dfASe4ZDkSCbUKiNv6i44DUPQSgtpV7BoPFJxNLcu), (0x000000000000000000000000000000000000000000000000000000000000000b, SequenceNumber(2), o#8vwgz9iNeskH5LiGvDEfqFhuxwuiUVnKJBbDthPcVcK1), (0x00000000000000000000000000000000000000000000000000000000000000c8, SequenceNumber(2), o#8mxAzFggYWTk2EcWLVbvhGohJUAeKimeRNdivg4tL1ff)]
[2m2025-03-25T07:54:43.299986Z[0m [32m INFO[0m [1mnode[0m[1m{[0m[3mname[0m[2m=[0mk#addeef94..[1m}[0m[2m:[0m[1maugment_epoch_last_checkpoint[0m[2m:[0m[1mcreate_and_execute_advance_epoch_tx[0m[2m:[0m [2msui_core::authority[0m[2m:[0m [2mcrates/sui-core/src/authority.rs[0m[2m:[0m[2m4743:[0m validator k#addeef94.. supports SupportedProtocolVersions { min: ProtocolVersion(1), max: ProtocolVersion(70) } with system packages: [(0x0000000000000000000000000000000000000000000000000000000000000001, SequenceNumber(1), o#96Jb9mkzfqNLYnEMpVxB5dqrKbBaj23w7iXPjTYFdrQw), (0x0000000000000000000000000000000000000000000000000000000000000002, SequenceNumber(2), o#26xJj5urud1ErPtdD9Ak2uWtBGmzeb1ixJimJbkEhqzi), (0x0000000000000000000000000000000000000000000000000000000000000003, SequenceNumber(2), o#DF5dfASe4ZDkSCbUKiNv6i44DUPQSgtpV7BoPFJxNLcu), (0x000000000000000000000000000000000000000000000000000000000000000b, SequenceNumber(2), o#8vwgz9iNeskH5LiGvDEfqFhuxwuiUVnKJBbDthPcVcK1), (0x00000000000000000000000000000000000000000000000000000000000000c8, SequenceNumber(2), o#8mxAzFggYWTk2EcWLVbvhGohJUAeKimeRNdivg4tL1ff)]
[2m2025-03-25T07:54:43.300037Z[0m [32m INFO[0m [1mnode[0m[1m{[0m[3mname[0m[2m=[0mk#addeef94..[1m}[0m[2m:[0m[1maugment_epoch_last_checkpoint[0m[2m:[0m[1mcreate_and_execute_advance_epoch_tx[0m[2m:[0m [2msui_core::authority[0m[2m:[0m [2mcrates/sui-core/src/authority.rs[0m[2m:[0m[2m4784:[0m support for upgrade [3mtotal_votes[0m[2m=[0m10000 [3mquorum_threshold[0m[2m=[0m6667 [3mbuffer_stake_bps[0m[2m=[0m5000 [3meffective_threshold[0m[2m=[0m8334 [3mproposed_protocol_version[0m[2m=[0mProtocolVersion(60) [3mpackages[0m[2m=[0m[(0x0000000000000000000000000000000000000000000000000000000000000001, SequenceNumber(1), o#96Jb9mkzfqNLYnEMpVxB5dqrKbBaj23w7iXPjTYFdrQw), (0x0000000000000000000000000000000000000000000000000000000000000002, SequenceNumber(2), o#26xJj5urud1ErPtdD9Ak2uWtBGmzeb1ixJimJbkEhqzi), (0x0000000000000000000000000000000000000000000000000000000000000003, SequenceNumber(2), o#DF5dfASe4ZDkSCbUKiNv6i44DUPQSgtpV7BoPFJxNLcu), (0x000000000000000000000000000000000000000000000000000000000000000b, SequenceNumber(2), o#8vwgz9iNeskH5LiGvDEfqFhuxwuiUVnKJBbDthPcVcK1), (0x00000000000000000000000000000000000000000000000000000000000000c8, SequenceNumber(2), o#8mxAzFggYWTk2EcWLVbvhGohJUAeKimeRNdivg4tL1ff)]
[2m2025-03-25T07:54:43.300089Z[0m [32m INFO[0m [1mnode[0m[1m{[0m[3mname[0m[2m=[0mk#addeef94..[1m}[0m[2m:[0m[1maugment_epoch_last_checkpoint[0m[2m:[0m[1mcreate_and_execute_advance_epoch_tx[0m[2m:[0m [2msui_core::authority[0m[2m:[0m [2mcrates/sui-core/src/authority.rs[0m[2m:[0m[2m4743:[0m validator k#8dcff6d1.. supports SupportedProtocolVersions { min: ProtocolVersion(1), max: ProtocolVersion(70) } with system packages: [(0x0000000000000000000000000000000000000000000000000000000000000001, SequenceNumber(1), o#96Jb9mkzfqNLYnEMpVxB5dqrKbBaj23w7iXPjTYFdrQw), (0x0000000000000000000000000000000000000000000000000000000000000002, SequenceNumber(2), o#26xJj5urud1ErPtdD9Ak2uWtBGmzeb1ixJimJbkEhqzi), (0x0000000000000000000000000000000000000000000000000000000000000003, SequenceNumber(2), o#DF5dfASe4ZDkSCbUKiNv6i44DUPQSgtpV7BoPFJxNLcu), (0x000000000000000000000000000000000000000000000000000000000000000b, SequenceNumber(2), o#8vwgz9iNeskH5LiGvDEfqFhuxwuiUVnKJBbDthPcVcK1), (0x00000000000000000000000000000000000000000000000000000000000000c8, SequenceNumber(2), o#8mxAzFggYWTk2EcWLVbvhGohJUAeKimeRNdivg4tL1ff)]
[2m2025-03-25T07:54:43.300141Z[0m [32m INFO[0m [1mnode[0m[1m{[0m[3mname[0m[2m=[0mk#addeef94..[1m}[0m[2m:[0m[1maugment_epoch_last_checkpoint[0m[2m:[0m[1mcreate_and_execute_advance_epoch_tx[0m[2m:[0m [2msui_core::authority[0m[2m:[0m [2mcrates/sui-core/src/authority.rs[0m[2m:[0m[2m4743:[0m validator k#99f25ef6.. supports SupportedProtocolVersions { min: ProtocolVersion(1), max: ProtocolVersion(70) } with system packages: [(0x0000000000000000000000000000000000000000000000000000000000000001, SequenceNumber(1), o#96Jb9mkzfqNLYnEMpVxB5dqrKbBaj23w7iXPjTYFdrQw), (0x0000000000000000000000000000000000000000000000000000000000000002, SequenceNumber(2), o#26xJj5urud1ErPtdD9Ak2uWtBGmzeb1ixJimJbkEhqzi), (0x0000000000000000000000000000000000000000000000000000000000000003, SequenceNumber(2), o#DF5dfASe4ZDkSCbUKiNv6i44DUPQSgtpV7BoPFJxNLcu), (0x000000000000000000000000000000000000000000000000000000000000000b, SequenceNumber(2), o#8vwgz9iNeskH5LiGvDEfqFhuxwuiUVnKJBbDthPcVcK1), (0x00000000000000000000000000000000000000000000000000000000000000c8, SequenceNumber(2), o#8mxAzFggYWTk2EcWLVbvhGohJUAeKimeRNdivg4tL1ff)]
[2m2025-03-25T07:54:43.300188Z[0m [32m INFO[0m [1mnode[0m[1m{[0m[3mname[0m[2m=[0mk#addeef94..[1m}[0m[2m:[0m[1maugment_epoch_last_checkpoint[0m[2m:[0m[1mcreate_and_execute_advance_epoch_tx[0m[2m:[0m [2msui_core::authority[0m[2m:[0m [2mcrates/sui-core/src/authority.rs[0m[2m:[0m[2m4743:[0m validator k#addeef94.. supports SupportedProtocolVersions { min: ProtocolVersion(1), max: ProtocolVersion(70) } with system packages: [(0x0000000000000000000000000000000000000000000000000000000000000001, SequenceNumber(1), o#96Jb9mkzfqNLYnEMpVxB5dqrKbBaj23w7iXPjTYFdrQw), (0x0000000000000000000000000000000000000000000000000000000000000002, SequenceNumber(2), o#26xJj5urud1ErPtdD9Ak2uWtBGmzeb1ixJimJbkEhqzi), (0x0000000000000000000000000000000000000000000000000000000000000003, SequenceNumber(2), o#DF5dfASe4ZDkSCbUKiNv6i44DUPQSgtpV7BoPFJxNLcu), (0x000000000000000000000000000000000000000000000000000000000000000b, SequenceNumber(2), o#8vwgz9iNeskH5LiGvDEfqFhuxwuiUVnKJBbDthPcVcK1), (0x00000000000000000000000000000000000000000000000000000000000000c8, SequenceNumber(2), o#8mxAzFggYWTk2EcWLVbvhGohJUAeKimeRNdivg4tL1ff)]
[2m2025-03-25T07:54:43.300239Z[0m [32m INFO[0m [1mnode[0m[1m{[0m[3mname[0m[2m=[0mk#addeef94..[1m}[0m[2m:[0m[1maugment_epoch_last_checkpoint[0m[2m:[0m[1mcreate_and_execute_advance_epoch_tx[0m[2m:[0m [2msui_core::authority[0m[2m:[0m [2mcrates/sui-core/src/authority.rs[0m[2m:[0m[2m4784:[0m support for upgrade [3mtotal_votes[0m[2m=[0m10000 [3mquorum_threshold[0m[2m=[0m6667 [3mbuffer_stake_bps[0m[2m=[0m5000 [3meffective_threshold[0m[2m=[0m8334 [3mproposed_protocol_version[0m[2m=[0mProtocolVersion(61) [3mpackages[0m[2m=[0m[(0x0000000000000000000000000000000000000000000000000000000000000001, SequenceNumber(1), o#96Jb9mkzfqNLYnEMpVxB5dqrKbBaj23w7iXPjTYFdrQw), (0x0000000000000000000000000000000000000000000000000000000000000002, SequenceNumber(2), o#26xJj5urud1ErPtdD9Ak2uWtBGmzeb1ixJimJbkEhqzi), (0x0000000000000000000000000000000000000000000000000000000000000003, SequenceNumber(2), o#DF5dfASe4ZDkSCbUKiNv6i44DUPQSgtpV7BoPFJxNLcu), (0x000000000000000000000000000000000000000000000000000000000000000b, SequenceNumber(2), o#8vwgz9iNeskH5LiGvDEfqFhuxwuiUVnKJBbDthPcVcK1), (0x00000000000000000000000000000000000000000000000000000000000000c8, SequenceNumber(2), o#8mxAzFggYWTk2EcWLVbvhGohJUAeKimeRNdivg4tL1ff)]
[2m2025-03-25T07:54:43.300290Z[0m [32m INFO[0m [1mnode[0m[1m{[0m[3mname[0m[2m=[0mk#addeef94..[1m}[0m[2m:[0m[1maugment_epoch_last_checkpoint[0m[2m:[0m[1mcreate_and_execute_advance_epoch_tx[0m[2m:[0m [2msui_core::authority[0m[2m:[0m [2mcrates/sui-core/src/authority.rs[0m[2m:[0m[2m4743:[0m validator k#8dcff6d1.. supports SupportedProtocolVersions { min: ProtocolVersion(1), max: ProtocolVersion(70) } with system packages: [(0x0000000000000000000000000000000000000000000000000000000000000001, SequenceNumber(1), o#96Jb9mkzfqNLYnEMpVxB5dqrKbBaj23w7iXPjTYFdrQw), (0x0000000000000000000000000000000000000000000000000000000000000002, SequenceNumber(2), o#26xJj5urud1ErPtdD9Ak2uWtBGmzeb1ixJimJbkEhqzi), (0x0000000000000000000000000000000000000000000000000000000000000003, SequenceNumber(2), o#DF5dfASe4ZDkSCbUKiNv6i44DUPQSgtpV7BoPFJxNLcu), (0x000000000000000000000000000000000000000000000000000000000000000b, SequenceNumber(2), o#8vwgz9iNeskH5LiGvDEfqFhuxwuiUVnKJBbDthPcVcK1), (0x00000000000000000000000000000000000000000000000000000000000000c8, SequenceNumber(2), o#8mxAzFggYWTk2EcWLVbvhGohJUAeKimeRNdivg4tL1ff)]
[2m2025-03-25T07:54:43.300336Z[0m [32m INFO[0m [1mnode[0m[1m{[0m[3mname[0m[2m=[0mk#addeef94..[1m}[0m[2m:[0m[1maugment_epoch_last_checkpoint[0m[2m:[0m[1mcreate_and_execute_advance_epoch_tx[0m[2m:[0m [2msui_core::authority[0m[2m:[0m [2mcrates/sui-core/src/authority.rs[0m[2m:[0m[2m4743:[0m validator k#99f25ef6.. supports SupportedProtocolVersions { min: ProtocolVersion(1), max: ProtocolVersion(70) } with system packages: [(0x0000000000000000000000000000000000000000000000000000000000000001, SequenceNumber(1), o#96Jb9mkzfqNLYnEMpVxB5dqrKbBaj23w7iXPjTYFdrQw), (0x0000000000000000000000000000000000000000000000000000000000000002, SequenceNumber(2), o#26xJj5urud1ErPtdD9Ak2uWtBGmzeb1ixJimJbkEhqzi), (0x0000000000000000000000000000000000000000000000000000000000000003, SequenceNumber(2), o#DF5dfASe4ZDkSCbUKiNv6i44DUPQSgtpV7BoPFJxNLcu), (0x000000000000000000000000000000000000000000000000000000000000000b, SequenceNumber(2), o#8vwgz9iNeskH5LiGvDEfqFhuxwuiUVnKJBbDthPcVcK1), (0x00000000000000000000000000000000000000000000000000000000000000c8, SequenceNumber(2), o#8mxAzFggYWTk2EcWLVbvhGohJUAeKimeRNdivg4tL1ff)]
[2m2025-03-25T07:54:43.300384Z[0m [32m INFO[0m [1mnode[0m[1m{[0m[3mname[0m[2m=[0mk#addeef94..[1m}[0m[2m:[0m[1maugment_epoch_last_checkpoint[0m[2m:[0m[1mcreate_and_execute_advance_epoch_tx[0m[2m:[0m [2msui_core::authority[0m[2m:[0m [2mcrates/sui-core/src/authority.rs[0m[2m:[0m[2m4743:[0m validator k#addeef94.. supports SupportedProtocolVersions { min: ProtocolVersion(1), max: ProtocolVersion(70) } with system packages: [(0x0000000000000000000000000000000000000000000000000000000000000001, SequenceNumber(1), o#96Jb9mkzfqNLYnEMpVxB5dqrKbBaj23w7iXPjTYFdrQw), (0x0000000000000000000000000000000000000000000000000000000000000002, SequenceNumber(2), o#26xJj5urud1ErPtdD9Ak2uWtBGmzeb1ixJimJbkEhqzi), (0x0000000000000000000000000000000000000000000000000000000000000003, SequenceNumber(2), o#DF5dfASe4ZDkSCbUKiNv6i44DUPQSgtpV7BoPFJxNLcu), (0x000000000000000000000000000000000000000000000000000000000000000b, SequenceNumber(2), o#8vwgz9iNeskH5LiGvDEfqFhuxwuiUVnKJBbDthPcVcK1), (0x00000000000000000000000000000000000000000000000000000000000000c8, SequenceNumber(2), o#8mxAzFggYWTk2EcWLVbvhGohJUAeKimeRNdivg4tL1ff)]
[2m2025-03-25T07:54:43.300435Z[0m [32m INFO[0m [1mnode[0m[1m{[0m[3mname[0m[2m=[0mk#addeef94..[1m}[0m[2m:[0m[1maugment_epoch_last_checkpoint[0m[2m:[0m[1mcreate_and_execute_advance_epoch_tx[0m[2m:[0m [2msui_core::authority[0m[2m:[0m [2mcrates/sui-core/src/authority.rs[0m[2m:[0m[2m4784:[0m support for upgrade [3mtotal_votes[0m[2m=[0m10000 [3mquorum_threshold[0m[2m=[0m6667 [3mbuffer_stake_bps[0m[2m=[0m5000 [3meffective_threshold[0m[2m=[0m8334 [3mproposed_protocol_version[0m[2m=[0mProtocolVersion(62) [3mpackages[0m[2m=[0m[(0x0000000000000000000000000000000000000000000000000000000000000001, SequenceNumber(1), o#96Jb9mkzfqNLYnEMpVxB5dqrKbBaj23w7iXPjTYFdrQw), (0x0000000000000000000000000000000000000000000000000000000000000002, SequenceNumber(2), o#26xJj5urud1ErPtdD9Ak2uWtBGmzeb1ixJimJbkEhqzi), (0x0000000000000000000000000000000000000000000000000000000000000003, SequenceNumber(2), o#DF5dfASe4ZDkSCbUKiNv6i44DUPQSgtpV7BoPFJxNLcu), (0x000000000000000000000000000000000000000000000000000000000000000b, SequenceNumber(2), o#8vwgz9iNeskH5LiGvDEfqFhuxwuiUVnKJBbDthPcVcK1), (0x00000000000000000000000000000000000000000000000000000000000000c8, SequenceNumber(2), o#8mxAzFggYWTk2EcWLVbvhGohJUAeKimeRNdivg4tL1ff)]
[2m2025-03-25T07:54:43.300487Z[0m [32m INFO[0m [1mnode[0m[1m{[0m[3mname[0m[2m=[0mk#addeef94..[1m}[0m[2m:[0m[1maugment_epoch_last_checkpoint[0m[2m:[0m[1mcreate_and_execute_advance_epoch_tx[0m[2m:[0m [2msui_core::authority[0m[2m:[0m [2mcrates/sui-core/src/authority.rs[0m[2m:[0m[2m4743:[0m validator k#8dcff6d1.. supports SupportedProtocolVersions { min: ProtocolVersion(1), max: ProtocolVersion(70) } with system packages: [(0x0000000000000000000000000000000000000000000000000000000000000001, SequenceNumber(1), o#96Jb9mkzfqNLYnEMpVxB5dqrKbBaj23w7iXPjTYFdrQw), (0x0000000000000000000000000000000000000000000000000000000000000002, SequenceNumber(2), o#26xJj5urud1ErPtdD9Ak2uWtBGmzeb1ixJimJbkEhqzi), (0x0000000000000000000000000000000000000000000000000000000000000003, SequenceNumber(2), o#DF5dfASe4ZDkSCbUKiNv6i44DUPQSgtpV7BoPFJxNLcu), (0x000000000000000000000000000000000000000000000000000000000000000b, SequenceNumber(2), o#8vwgz9iNeskH5LiGvDEfqFhuxwuiUVnKJBbDthPcVcK1), (0x00000000000000000000000000000000000000000000000000000000000000c8, SequenceNumber(2), o#8mxAzFggYWTk2EcWLVbvhGohJUAeKimeRNdivg4tL1ff)]
[2m2025-03-25T07:54:43.300533Z[0m [32m INFO[0m [1mnode[0m[1m{[0m[3mname[0m[2m=[0mk#addeef94..[1m}[0m[2m:[0m[1maugment_epoch_last_checkpoint[0m[2m:[0m[1mcreate_and_execute_advance_epoch_tx[0m[2m:[0m [2msui_core::authority[0m[2m:[0m [2mcrates/sui-core/src/authority.rs[0m[2m:[0m[2m4743:[0m validator k#99f25ef6.. supports SupportedProtocolVersions { min: ProtocolVersion(1), max: ProtocolVersion(70) } with system packages: [(0x0000000000000000000000000000000000000000000000000000000000000001, SequenceNumber(1), o#96Jb9mkzfqNLYnEMpVxB5dqrKbBaj23w7iXPjTYFdrQw), (0x0000000000000000000000000000000000000000000000000000000000000002, SequenceNumber(2), o#26xJj5urud1ErPtdD9Ak2uWtBGmzeb1ixJimJbkEhqzi), (0x0000000000000000000000000000000000000000000000000000000000000003, SequenceNumber(2), o#DF5dfASe4ZDkSCbUKiNv6i44DUPQSgtpV7BoPFJxNLcu), (0x000000000000000000000000000000000000000000000000000000000000000b, SequenceNumber(2), o#8vwgz9iNeskH5LiGvDEfqFhuxwuiUVnKJBbDthPcVcK1), (0x00000000000000000000000000000000000000000000000000000000000000c8, SequenceNumber(2), o#8mxAzFggYWTk2EcWLVbvhGohJUAeKimeRNdivg4tL1ff)]
[2m2025-03-25T07:54:43.300579Z[0m [32m INFO[0m [1mnode[0m[1m{[0m[3mname[0m[2m=[0mk#addeef94..[1m}[0m[2m:[0m[1maugment_epoch_last_checkpoint[0m[2m:[0m[1mcreate_and_execute_advance_epoch_tx[0m[2m:[0m [2msui_core::authority[0m[2m:[0m [2mcrates/sui-core/src/authority.rs[0m[2m:[0m[2m4743:[0m validator k#addeef94.. supports SupportedProtocolVersions { min: ProtocolVersion(1), max: ProtocolVersion(70) } with system packages: [(0x0000000000000000000000000000000000000000000000000000000000000001, SequenceNumber(1), o#96Jb9mkzfqNLYnEMpVxB5dqrKbBaj23w7iXPjTYFdrQw), (0x0000000000000000000000000000000000000000000000000000000000000002, SequenceNumber(2), o#26xJj5urud1ErPtdD9Ak2uWtBGmzeb1ixJimJbkEhqzi), (0x0000000000000000000000000000000000000000000000000000000000000003, SequenceNumber(2), o#DF5dfASe4ZDkSCbUKiNv6i44DUPQSgtpV7BoPFJxNLcu), (0x000000000000000000000000000000000000000000000000000000000000000b, SequenceNumber(2), o#8vwgz9iNeskH5LiGvDEfqFhuxwuiUVnKJBbDthPcVcK1), (0x00000000000000000000000000000000000000000000000000000000000000c8, SequenceNumber(2), o#8mxAzFggYWTk2EcWLVbvhGohJUAeKimeRNdivg4tL1ff)]
[2m2025-03-25T07:54:43.300630Z[0m [32m INFO[0m [1mnode[0m[1m{[0m[3mname[0m[2m=[0mk#addeef94..[1m}[0m[2m:[0m[1maugment_epoch_last_checkpoint[0m[2m:[0m[1mcreate_and_execute_advance_epoch_tx[0m[2m:[0m [2msui_core::authority[0m[2m:[0m [2mcrates/sui-core/src/authority.rs[0m[2m:[0m[2m4784:[0m support for upgrade [3mtotal_votes[0m[2m=[0m10000 [3mquorum_threshold[0m[2m=[0m6667 [3mbuffer_stake_bps[0m[2m=[0m5000 [3meffective_threshold[0m[2m=[0m8334 [3mproposed_protocol_version[0m[2m=[0mProtocolVersion(63) [3mpackages[0m[2m=[0m[(0x0000000000000000000000000000000000000000000000000000000000000001, SequenceNumber(1), o#96Jb9mkzfqNLYnEMpVxB5dqrKbBaj23w7iXPjTYFdrQw), (0x0000000000000000000000000000000000000000000000000000000000000002, SequenceNumber(2), o#26xJj5urud1ErPtdD9Ak2uWtBGmzeb1ixJimJbkEhqzi), (0x0000000000000000000000000000000000000000000000000000000000000003, SequenceNumber(2), o#DF5dfASe4ZDkSCbUKiNv6i44DUPQSgtpV7BoPFJxNLcu), (0x000000000000000000000000000000000000000000000000000000000000000b, SequenceNumber(2), o#8vwgz9iNeskH5LiGvDEfqFhuxwuiUVnKJBbDthPcVcK1), (0x00000000000000000000000000000000000000000000000000000000000000c8, SequenceNumber(2), o#8mxAzFggYWTk2EcWLVbvhGohJUAeKimeRNdivg4tL1ff)]
[2m2025-03-25T07:54:43.300681Z[0m [32m INFO[0m [1mnode[0m[1m{[0m[3mname[0m[2m=[0mk#addeef94..[1m}[0m[2m:[0m[1maugment_epoch_last_checkpoint[0m[2m:[0m[1mcreate_and_execute_advance_epoch_tx[0m[2m:[0m [2msui_core::authority[0m[2m:[0m [2mcrates/sui-core/src/authority.rs[0m[2m:[0m[2m4743:[0m validator k#8dcff6d1.. supports SupportedProtocolVersions { min: ProtocolVersion(1), max: ProtocolVersion(70) } with system packages: [(0x0000000000000000000000000000000000000000000000000000000000000001, SequenceNumber(1), o#96Jb9mkzfqNLYnEMpVxB5dqrKbBaj23w7iXPjTYFdrQw), (0x0000000000000000000000000000000000000000000000000000000000000002, SequenceNumber(2), o#26xJj5urud1ErPtdD9Ak2uWtBGmzeb1ixJimJbkEhqzi), (0x0000000000000000000000000000000000000000000000000000000000000003, SequenceNumber(2), o#DF5dfASe4ZDkSCbUKiNv6i44DUPQSgtpV7BoPFJxNLcu), (0x000000000000000000000000000000000000000000000000000000000000000b, SequenceNumber(2), o#8vwgz9iNeskH5LiGvDEfqFhuxwuiUVnKJBbDthPcVcK1), (0x00000000000000000000000000000000000000000000000000000000000000c8, SequenceNumber(2), o#8mxAzFggYWTk2EcWLVbvhGohJUAeKimeRNdivg4tL1ff)]
[2m2025-03-25T07:54:43.300728Z[0m [32m INFO[0m [1mnode[0m[1m{[0m[3mname[0m[2m=[0mk#addeef94..[1m}[0m[2m:[0m[1maugment_epoch_last_checkpoint[0m[2m:[0m[1mcreate_and_execute_advance_epoch_tx[0m[2m:[0m [2msui_core::authority[0m[2m:[0m [2mcrates/sui-core/src/authority.rs[0m[2m:[0m[2m4743:[0m validator k#99f25ef6.. supports SupportedProtocolVersions { min: ProtocolVersion(1), max: ProtocolVersion(70) } with system packages: [(0x0000000000000000000000000000000000000000000000000000000000000001, SequenceNumber(1), o#96Jb9mkzfqNLYnEMpVxB5dqrKbBaj23w7iXPjTYFdrQw), (0x0000000000000000000000000000000000000000000000000000000000000002, SequenceNumber(2), o#26xJj5urud1ErPtdD9Ak2uWtBGmzeb1ixJimJbkEhqzi), (0x0000000000000000000000000000000000000000000000000000000000000003, SequenceNumber(2), o#DF5dfASe4ZDkSCbUKiNv6i44DUPQSgtpV7BoPFJxNLcu), (0x000000000000000000000000000000000000000000000000000000000000000b, SequenceNumber(2), o#8vwgz9iNeskH5LiGvDEfqFhuxwuiUVnKJBbDthPcVcK1), (0x00000000000000000000000000000000000000000000000000000000000000c8, SequenceNumber(2), o#8mxAzFggYWTk2EcWLVbvhGohJUAeKimeRNdivg4tL1ff)]
[2m2025-03-25T07:54:43.300774Z[0m [32m INFO[0m [1mnode[0m[1m{[0m[3mname[0m[2m=[0mk#addeef94..[1m}[0m[2m:[0m[1maugment_epoch_last_checkpoint[0m[2m:[0m[1mcreate_and_execute_advance_epoch_tx[0m[2m:[0m [2msui_core::authority[0m[2m:[0m [2mcrates/sui-core/src/authority.rs[0m[2m:[0m[2m4743:[0m validator k#addeef94.. supports SupportedProtocolVersions { min: ProtocolVersion(1), max: ProtocolVersion(70) } with system packages: [(0x0000000000000000000000000000000000000000000000000000000000000001, SequenceNumber(1), o#96Jb9mkzfqNLYnEMpVxB5dqrKbBaj23w7iXPjTYFdrQw), (0x0000000000000000000000000000000000000000000000000000000000000002, SequenceNumber(2), o#26xJj5urud1ErPtdD9Ak2uWtBGmzeb1ixJimJbkEhqzi), (0x0000000000000000000000000000000000000000000000000000000000000003, SequenceNumber(2), o#DF5dfASe4ZDkSCbUKiNv6i44DUPQSgtpV7BoPFJxNLcu), (0x000000000000000000000000000000000000000000000000000000000000000b, SequenceNumber(2), o#8vwgz9iNeskH5LiGvDEfqFhuxwuiUVnKJBbDthPcVcK1), (0x00000000000000000000000000000000000000000000000000000000000000c8, SequenceNumber(2), o#8mxAzFggYWTk2EcWLVbvhGohJUAeKimeRNdivg4tL1ff)]
[2m2025-03-25T07:54:43.300827Z[0m [32m INFO[0m [1mnode[0m[1m{[0m[3mname[0m[2m=[0mk#addeef94..[1m}[0m[2m:[0m[1maugment_epoch_last_checkpoint[0m[2m:[0m[1mcreate_and_execute_advance_epoch_tx[0m[2m:[0m [2msui_core::authority[0m[2m:[0m [2mcrates/sui-core/src/authority.rs[0m[2m:[0m[2m4784:[0m support for upgrade [3mtotal_votes[0m[2m=[0m10000 [3mquorum_threshold[0m[2m=[0m6667 [3mbuffer_stake_bps[0m[2m=[0m5000 [3meffective_threshold[0m[2m=[0m8334 [3mproposed_protocol_version[0m[2m=[0mProtocolVersion(64) [3mpackages[0m[2m=[0m[(0x0000000000000000000000000000000000000000000000000000000000000001, SequenceNumber(1), o#96Jb9mkzfqNLYnEMpVxB5dqrKbBaj23w7iXPjTYFdrQw), (0x0000000000000000000000000000000000000000000000000000000000000002, SequenceNumber(2), o#26xJj5urud1ErPtdD9Ak2uWtBGmzeb1ixJimJbkEhqzi), (0x0000000000000000000000000000000000000000000000000000000000000003, SequenceNumber(2), o#DF5dfASe4ZDkSCbUKiNv6i44DUPQSgtpV7BoPFJxNLcu), (0x000000000000000000000000000000000000000000000000000000000000000b, SequenceNumber(2), o#8vwgz9iNeskH5LiGvDEfqFhuxwuiUVnKJBbDthPcVcK1), (0x00000000000000000000000000000000000000000000000000000000000000c8, SequenceNumber(2), o#8mxAzFggYWTk2EcWLVbvhGohJUAeKimeRNdivg4tL1ff)]
[2m2025-03-25T07:54:43.300878Z[0m [32m INFO[0m [1mnode[0m[1m{[0m[3mname[0m[2m=[0mk#addeef94..[1m}[0m[2m:[0m[1maugment_epoch_last_checkpoint[0m[2m:[0m[1mcreate_and_execute_advance_epoch_tx[0m[2m:[0m [2msui_core::authority[0m[2m:[0m [2mcrates/sui-core/src/authority.rs[0m[2m:[0m[2m4743:[0m validator k#8dcff6d1.. supports SupportedProtocolVersions { min: ProtocolVersion(1), max: ProtocolVersion(70) } with system packages: [(0x0000000000000000000000000000000000000000000000000000000000000001, SequenceNumber(1), o#96Jb9mkzfqNLYnEMpVxB5dqrKbBaj23w7iXPjTYFdrQw), (0x0000000000000000000000000000000000000000000000000000000000000002, SequenceNumber(2), o#26xJj5urud1ErPtdD9Ak2uWtBGmzeb1ixJimJbkEhqzi), (0x0000000000000000000000000000000000000000000000000000000000000003, SequenceNumber(2), o#DF5dfASe4ZDkSCbUKiNv6i44DUPQSgtpV7BoPFJxNLcu), (0x000000000000000000000000000000000000000000000000000000000000000b, SequenceNumber(2), o#8vwgz9iNeskH5LiGvDEfqFhuxwuiUVnKJBbDthPcVcK1), (0x00000000000000000000000000000000000000000000000000000000000000c8, SequenceNumber(2), o#8mxAzFggYWTk2EcWLVbvhGohJUAeKimeRNdivg4tL1ff)]
[2m2025-03-25T07:54:43.300926Z[0m [32m INFO[0m [1mnode[0m[1m{[0m[3mname[0m[2m=[0mk#addeef94..[1m}[0m[2m:[0m[1maugment_epoch_last_checkpoint[0m[2m:[0m[1mcreate_and_execute_advance_epoch_tx[0m[2m:[0m [2msui_core::authority[0m[2m:[0m [2mcrates/sui-core/src/authority.rs[0m[2m:[0m[2m4743:[0m validator k#99f25ef6.. supports SupportedProtocolVersions { min: ProtocolVersion(1), max: ProtocolVersion(70) } with system packages: [(0x0000000000000000000000000000000000000000000000000000000000000001, SequenceNumber(1), o#96Jb9mkzfqNLYnEMpVxB5dqrKbBaj23w7iXPjTYFdrQw), (0x0000000000000000000000000000000000000000000000000000000000000002, SequenceNumber(2), o#26xJj5urud1ErPtdD9Ak2uWtBGmzeb1ixJimJbkEhqzi), (0x0000000000000000000000000000000000000000000000000000000000000003, SequenceNumber(2), o#DF5dfASe4ZDkSCbUKiNv6i44DUPQSgtpV7BoPFJxNLcu), (0x000000000000000000000000000000000000000000000000000000000000000b, SequenceNumber(2), o#8vwgz9iNeskH5LiGvDEfqFhuxwuiUVnKJBbDthPcVcK1), (0x00000000000000000000000000000000000000000000000000000000000000c8, SequenceNumber(2), o#8mxAzFggYWTk2EcWLVbvhGohJUAeKimeRNdivg4tL1ff)]
[2m2025-03-25T07:54:43.300973Z[0m [32m INFO[0m [1mnode[0m[1m{[0m[3mname[0m[2m=[0mk#addeef94..[1m}[0m[2m:[0m[1maugment_epoch_last_checkpoint[0m[2m:[0m[1mcreate_and_execute_advance_epoch_tx[0m[2m:[0m [2msui_core::authority[0m[2m:[0m [2mcrates/sui-core/src/authority.rs[0m[2m:[0m[2m4743:[0m validator k#addeef94.. supports SupportedProtocolVersions { min: ProtocolVersion(1), max: ProtocolVersion(70) } with system packages: [(0x0000000000000000000000000000000000000000000000000000000000000001, SequenceNumber(1), o#96Jb9mkzfqNLYnEMpVxB5dqrKbBaj23w7iXPjTYFdrQw), (0x0000000000000000000000000000000000000000000000000000000000000002, SequenceNumber(2), o#26xJj5urud1ErPtdD9Ak2uWtBGmzeb1ixJimJbkEhqzi), (0x0000000000000000000000000000000000000000000000000000000000000003, SequenceNumber(2), o#DF5dfASe4ZDkSCbUKiNv6i44DUPQSgtpV7BoPFJxNLcu), (0x000000000000000000000000000000000000000000000000000000000000000b, SequenceNumber(2), o#8vwgz9iNeskH5LiGvDEfqFhuxwuiUVnKJBbDthPcVcK1), (0x00000000000000000000000000000000000000000000000000000000000000c8, SequenceNumber(2), o#8mxAzFggYWTk2EcWLVbvhGohJUAeKimeRNdivg4tL1ff)]
[2m2025-03-25T07:54:43.301024Z[0m [32m INFO[0m [1mnode[0m[1m{[0m[3mname[0m[2m=[0mk#addeef94..[1m}[0m[2m:[0m[1maugment_epoch_last_checkpoint[0m[2m:[0m[1mcreate_and_execute_advance_epoch_tx[0m[2m:[0m [2msui_core::authority[0m[2m:[0m [2mcrates/sui-core/src/authority.rs[0m[2m:[0m[2m4784:[0m support for upgrade [3mtotal_votes[0m[2m=[0m10000 [3mquorum_threshold[0m[2m=[0m6667 [3mbuffer_stake_bps[0m[2m=[0m5000 [3meffective_threshold[0m[2m=[0m8334 [3mproposed_protocol_version[0m[2m=[0mProtocolVersion(65) [3mpackages[0m[2m=[0m[(0x0000000000000000000000000000000000000000000000000000000000000001, SequenceNumber(1), o#96Jb9mkzfqNLYnEMpVxB5dqrKbBaj23w7iXPjTYFdrQw), (0x0000000000000000000000000000000000000000000000000000000000000002, SequenceNumber(2), o#26xJj5urud1ErPtdD9Ak2uWtBGmzeb1ixJimJbkEhqzi), (0x0000000000000000000000000000000000000000000000000000000000000003, SequenceNumber(2), o#DF5dfASe4ZDkSCbUKiNv6i44DUPQSgtpV7BoPFJxNLcu), (0x000000000000000000000000000000000000000000000000000000000000000b, SequenceNumber(2), o#8vwgz9iNeskH5LiGvDEfqFhuxwuiUVnKJBbDthPcVcK1), (0x00000000000000000000000000000000000000000000000000000000000000c8, SequenceNumber(2), o#8mxAzFggYWTk2EcWLVbvhGohJUAeKimeRNdivg4tL1ff)]
[2m2025-03-25T07:54:43.301076Z[0m [32m INFO[0m [1mnode[0m[1m{[0m[3mname[0m[2m=[0mk#addeef94..[1m}[0m[2m:[0m[1maugment_epoch_last_checkpoint[0m[2m:[0m[1mcreate_and_execute_advance_epoch_tx[0m[2m:[0m [2msui_core::authority[0m[2m:[0m [2mcrates/sui-core/src/authority.rs[0m[2m:[0m[2m4743:[0m validator k#8dcff6d1.. supports SupportedProtocolVersions { min: ProtocolVersion(1), max: ProtocolVersion(70) } with system packages: [(0x0000000000000000000000000000000000000000000000000000000000000001, SequenceNumber(1), o#96Jb9mkzfqNLYnEMpVxB5dqrKbBaj23w7iXPjTYFdrQw), (0x0000000000000000000000000000000000000000000000000000000000000002, SequenceNumber(2), o#26xJj5urud1ErPtdD9Ak2uWtBGmzeb1ixJimJbkEhqzi), (0x0000000000000000000000000000000000000000000000000000000000000003, SequenceNumber(2), o#DF5dfASe4ZDkSCbUKiNv6i44DUPQSgtpV7BoPFJxNLcu), (0x000000000000000000000000000000000000000000000000000000000000000b, SequenceNumber(2), o#8vwgz9iNeskH5LiGvDEfqFhuxwuiUVnKJBbDthPcVcK1), (0x00000000000000000000000000000000000000000000000000000000000000c8, SequenceNumber(2), o#8mxAzFggYWTk2EcWLVbvhGohJUAeKimeRNdivg4tL1ff)]
[2m2025-03-25T07:54:43.301122Z[0m [32m INFO[0m [1mnode[0m[1m{[0m[3mname[0m[2m=[0mk#addeef94..[1m}[0m[2m:[0m[1maugment_epoch_last_checkpoint[0m[2m:[0m[1mcreate_and_execute_advance_epoch_tx[0m[2m:[0m [2msui_core::authority[0m[2m:[0m [2mcrates/sui-core/src/authority.rs[0m[2m:[0m[2m4743:[0m validator k#99f25ef6.. supports SupportedProtocolVersions { min: ProtocolVersion(1), max: ProtocolVersion(70) } with system packages: [(0x0000000000000000000000000000000000000000000000000000000000000001, SequenceNumber(1), o#96Jb9mkzfqNLYnEMpVxB5dqrKbBaj23w7iXPjTYFdrQw), (0x0000000000000000000000000000000000000000000000000000000000000002, SequenceNumber(2), o#26xJj5urud1ErPtdD9Ak2uWtBGmzeb1ixJimJbkEhqzi), (0x0000000000000000000000000000000000000000000000000000000000000003, SequenceNumber(2), o#DF5dfASe4ZDkSCbUKiNv6i44DUPQSgtpV7BoPFJxNLcu), (0x000000000000000000000000000000000000000000000000000000000000000b, SequenceNumber(2), o#8vwgz9iNeskH5LiGvDEfqFhuxwuiUVnKJBbDthPcVcK1), (0x00000000000000000000000000000000000000000000000000000000000000c8, SequenceNumber(2), o#8mxAzFggYWTk2EcWLVbvhGohJUAeKimeRNdivg4tL1ff)]
[2m2025-03-25T07:54:43.301169Z[0m [32m INFO[0m [1mnode[0m[1m{[0m[3mname[0m[2m=[0mk#addeef94..[1m}[0m[2m:[0m[1maugment_epoch_last_checkpoint[0m[2m:[0m[1mcreate_and_execute_advance_epoch_tx[0m[2m:[0m [2msui_core::authority[0m[2m:[0m [2mcrates/sui-core/src/authority.rs[0m[2m:[0m[2m4743:[0m validator k#addeef94.. supports SupportedProtocolVersions { min: ProtocolVersion(1), max: ProtocolVersion(70) } with system packages: [(0x0000000000000000000000000000000000000000000000000000000000000001, SequenceNumber(1), o#96Jb9mkzfqNLYnEMpVxB5dqrKbBaj23w7iXPjTYFdrQw), (0x0000000000000000000000000000000000000000000000000000000000000002, SequenceNumber(2), o#26xJj5urud1ErPtdD9Ak2uWtBGmzeb1ixJimJbkEhqzi), (0x0000000000000000000000000000000000000000000000000000000000000003, SequenceNumber(2), o#DF5dfASe4ZDkSCbUKiNv6i44DUPQSgtpV7BoPFJxNLcu), (0x000000000000000000000000000000000000000000000000000000000000000b, SequenceNumber(2), o#8vwgz9iNeskH5LiGvDEfqFhuxwuiUVnKJBbDthPcVcK1), (0x00000000000000000000000000000000000000000000000000000000000000c8, SequenceNumber(2), o#8mxAzFggYWTk2EcWLVbvhGohJUAeKimeRNdivg4tL1ff)]
[2m2025-03-25T07:54:43.301221Z[0m [32m INFO[0m [1mnode[0m[1m{[0m[3mname[0m[2m=[0mk#addeef94..[1m}[0m[2m:[0m[1maugment_epoch_last_checkpoint[0m[2m:[0m[1mcreate_and_execute_advance_epoch_tx[0m[2m:[0m [2msui_core::authority[0m[2m:[0m [2mcrates/sui-core/src/authority.rs[0m[2m:[0m[2m4784:[0m support for upgrade [3mtotal_votes[0m[2m=[0m10000 [3mquorum_threshold[0m[2m=[0m6667 [3mbuffer_stake_bps[0m[2m=[0m5000 [3meffective_threshold[0m[2m=[0m8334 [3mproposed_protocol_version[0m[2m=[0mProtocolVersion(66) [3mpackages[0m[2m=[0m[(0x0000000000000000000000000000000000000000000000000000000000000001, SequenceNumber(1), o#96Jb9mkzfqNLYnEMpVxB5dqrKbBaj23w7iXPjTYFdrQw), (0x0000000000000000000000000000000000000000000000000000000000000002, SequenceNumber(2), o#26xJj5urud1ErPtdD9Ak2uWtBGmzeb1ixJimJbkEhqzi), (0x0000000000000000000000000000000000000000000000000000000000000003, SequenceNumber(2), o#DF5dfASe4ZDkSCbUKiNv6i44DUPQSgtpV7BoPFJxNLcu), (0x000000000000000000000000000000000000000000000000000000000000000b, SequenceNumber(2), o#8vwgz9iNeskH5LiGvDEfqFhuxwuiUVnKJBbDthPcVcK1), (0x00000000000000000000000000000000000000000000000000000000000000c8, SequenceNumber(2), o#8mxAzFggYWTk2EcWLVbvhGohJUAeKimeRNdivg4tL1ff)]
[2m2025-03-25T07:54:43.301272Z[0m [32m INFO[0m [1mnode[0m[1m{[0m[3mname[0m[2m=[0mk#addeef94..[1m}[0m[2m:[0m[1maugment_epoch_last_checkpoint[0m[2m:[0m[1mcreate_and_execute_advance_epoch_tx[0m[2m:[0m [2msui_core::authority[0m[2m:[0m [2mcrates/sui-core/src/authority.rs[0m[2m:[0m[2m4743:[0m validator k#8dcff6d1.. supports SupportedProtocolVersions { min: ProtocolVersion(1), max: ProtocolVersion(70) } with system packages: [(0x0000000000000000000000000000000000000000000000000000000000000001, SequenceNumber(1), o#96Jb9mkzfqNLYnEMpVxB5dqrKbBaj23w7iXPjTYFdrQw), (0x0000000000000000000000000000000000000000000000000000000000000002, SequenceNumber(2), o#26xJj5urud1ErPtdD9Ak2uWtBGmzeb1ixJimJbkEhqzi), (0x0000000000000000000000000000000000000000000000000000000000000003, SequenceNumber(2), o#DF5dfASe4ZDkSCbUKiNv6i44DUPQSgtpV7BoPFJxNLcu), (0x000000000000000000000000000000000000000000000000000000000000000b, SequenceNumber(2), o#8vwgz9iNeskH5LiGvDEfqFhuxwuiUVnKJBbDthPcVcK1), (0x00000000000000000000000000000000000000000000000000000000000000c8, SequenceNumber(2), o#8mxAzFggYWTk2EcWLVbvhGohJUAeKimeRNdivg4tL1ff)]
[2m2025-03-25T07:54:43.301319Z[0m [32m INFO[0m [1mnode[0m[1m{[0m[3mname[0m[2m=[0mk#addeef94..[1m}[0m[2m:[0m[1maugment_epoch_last_checkpoint[0m[2m:[0m[1mcreate_and_execute_advance_epoch_tx[0m[2m:[0m [2msui_core::authority[0m[2m:[0m [2mcrates/sui-core/src/authority.rs[0m[2m:[0m[2m4743:[0m validator k#99f25ef6.. supports SupportedProtocolVersions { min: ProtocolVersion(1), max: ProtocolVersion(70) } with system packages: [(0x0000000000000000000000000000000000000000000000000000000000000001, SequenceNumber(1), o#96Jb9mkzfqNLYnEMpVxB5dqrKbBaj23w7iXPjTYFdrQw), (0x0000000000000000000000000000000000000000000000000000000000000002, SequenceNumber(2), o#26xJj5urud1ErPtdD9Ak2uWtBGmzeb1ixJimJbkEhqzi), (0x0000000000000000000000000000000000000000000000000000000000000003, SequenceNumber(2), o#DF5dfASe4ZDkSCbUKiNv6i44DUPQSgtpV7BoPFJxNLcu), (0x000000000000000000000000000000000000000000000000000000000000000b, SequenceNumber(2), o#8vwgz9iNeskH5LiGvDEfqFhuxwuiUVnKJBbDthPcVcK1), (0x00000000000000000000000000000000000000000000000000000000000000c8, SequenceNumber(2), o#8mxAzFggYWTk2EcWLVbvhGohJUAeKimeRNdivg4tL1ff)]
[2m2025-03-25T07:54:43.301365Z[0m [32m INFO[0m [1mnode[0m[1m{[0m[3mname[0m[2m=[0mk#addeef94..[1m}[0m[2m:[0m[1maugment_epoch_last_checkpoint[0m[2m:[0m[1mcreate_and_execute_advance_epoch_tx[0m[2m:[0m [2msui_core::authority[0m[2m:[0m [2mcrates/sui-core/src/authority.rs[0m[2m:[0m[2m4743:[0m validator k#addeef94.. supports SupportedProtocolVersions { min: ProtocolVersion(1), max: ProtocolVersion(70) } with system packages: [(0x0000000000000000000000000000000000000000000000000000000000000001, SequenceNumber(1), o#96Jb9mkzfqNLYnEMpVxB5dqrKbBaj23w7iXPjTYFdrQw), (0x0000000000000000000000000000000000000000000000000000000000000002, SequenceNumber(2), o#26xJj5urud1ErPtdD9Ak2uWtBGmzeb1ixJimJbkEhqzi), (0x0000000000000000000000000000000000000000000000000000000000000003, SequenceNumber(2), o#DF5dfASe4ZDkSCbUKiNv6i44DUPQSgtpV7BoPFJxNLcu), (0x000000000000000000000000000000000000000000000000000000000000000b, SequenceNumber(2), o#8vwgz9iNeskH5LiGvDEfqFhuxwuiUVnKJBbDthPcVcK1), (0x00000000000000000000000000000000000000000000000000000000000000c8, SequenceNumber(2), o#8mxAzFggYWTk2EcWLVbvhGohJUAeKimeRNdivg4tL1ff)]
[2m2025-03-25T07:54:43.301417Z[0m [32m INFO[0m [1mnode[0m[1m{[0m[3mname[0m[2m=[0mk#addeef94..[1m}[0m[2m:[0m[1maugment_epoch_last_checkpoint[0m[2m:[0m[1mcreate_and_execute_advance_epoch_tx[0m[2m:[0m [2msui_core::authority[0m[2m:[0m [2mcrates/sui-core/src/authority.rs[0m[2m:[0m[2m4784:[0m support for upgrade [3mtotal_votes[0m[2m=[0m10000 [3mquorum_threshold[0m[2m=[0m6667 [3mbuffer_stake_bps[0m[2m=[0m5000 [3meffective_threshold[0m[2m=[0m8334 [3mproposed_protocol_version[0m[2m=[0mProtocolVersion(67) [3mpackages[0m[2m=[0m[(0x0000000000000000000000000000000000000000000000000000000000000001, SequenceNumber(1), o#96Jb9mkzfqNLYnEMpVxB5dqrKbBaj23w7iXPjTYFdrQw), (0x0000000000000000000000000000000000000000000000000000000000000002, SequenceNumber(2), o#26xJj5urud1ErPtdD9Ak2uWtBGmzeb1ixJimJbkEhqzi), (0x0000000000000000000000000000000000000000000000000000000000000003, SequenceNumber(2), o#DF5dfASe4ZDkSCbUKiNv6i44DUPQSgtpV7BoPFJxNLcu), (0x000000000000000000000000000000000000000000000000000000000000000b, SequenceNumber(2), o#8vwgz9iNeskH5LiGvDEfqFhuxwuiUVnKJBbDthPcVcK1), (0x00000000000000000000000000000000000000000000000000000000000000c8, SequenceNumber(2), o#8mxAzFggYWTk2EcWLVbvhGohJUAeKimeRNdivg4tL1ff)]
[2m2025-03-25T07:54:43.301469Z[0m [32m INFO[0m [1mnode[0m[1m{[0m[3mname[0m[2m=[0mk#addeef94..[1m}[0m[2m:[0m[1maugment_epoch_last_checkpoint[0m[2m:[0m[1mcreate_and_execute_advance_epoch_tx[0m[2m:[0m [2msui_core::authority[0m[2m:[0m [2mcrates/sui-core/src/authority.rs[0m[2m:[0m[2m4743:[0m validator k#8dcff6d1.. supports SupportedProtocolVersions { min: ProtocolVersion(1), max: ProtocolVersion(70) } with system packages: [(0x0000000000000000000000000000000000000000000000000000000000000001, SequenceNumber(1), o#96Jb9mkzfqNLYnEMpVxB5dqrKbBaj23w7iXPjTYFdrQw), (0x0000000000000000000000000000000000000000000000000000000000000002, SequenceNumber(2), o#26xJj5urud1ErPtdD9Ak2uWtBGmzeb1ixJimJbkEhqzi), (0x0000000000000000000000000000000000000000000000000000000000000003, SequenceNumber(2), o#DF5dfASe4ZDkSCbUKiNv6i44DUPQSgtpV7BoPFJxNLcu), (0x000000000000000000000000000000000000000000000000000000000000000b, SequenceNumber(2), o#8vwgz9iNeskH5LiGvDEfqFhuxwuiUVnKJBbDthPcVcK1), (0x00000000000000000000000000000000000000000000000000000000000000c8, SequenceNumber(2), o#8mxAzFggYWTk2EcWLVbvhGohJUAeKimeRNdivg4tL1ff)]
[2m2025-03-25T07:54:43.301517Z[0m [32m INFO[0m [1mnode[0m[1m{[0m[3mname[0m[2m=[0mk#addeef94..[1m}[0m[2m:[0m[1maugment_epoch_last_checkpoint[0m[2m:[0m[1mcreate_and_execute_advance_epoch_tx[0m[2m:[0m [2msui_core::authority[0m[2m:[0m [2mcrates/sui-core/src/authority.rs[0m[2m:[0m[2m4743:[0m validator k#99f25ef6.. supports SupportedProtocolVersions { min: ProtocolVersion(1), max: ProtocolVersion(70) } with system packages: [(0x0000000000000000000000000000000000000000000000000000000000000001, SequenceNumber(1), o#96Jb9mkzfqNLYnEMpVxB5dqrKbBaj23w7iXPjTYFdrQw), (0x0000000000000000000000000000000000000000000000000000000000000002, SequenceNumber(2), o#26xJj5urud1ErPtdD9Ak2uWtBGmzeb1ixJimJbkEhqzi), (0x0000000000000000000000000000000000000000000000000000000000000003, SequenceNumber(2), o#DF5dfASe4ZDkSCbUKiNv6i44DUPQSgtpV7BoPFJxNLcu), (0x000000000000000000000000000000000000000000000000000000000000000b, SequenceNumber(2), o#8vwgz9iNeskH5LiGvDEfqFhuxwuiUVnKJBbDthPcVcK1), (0x00000000000000000000000000000000000000000000000000000000000000c8, SequenceNumber(2), o#8mxAzFggYWTk2EcWLVbvhGohJUAeKimeRNdivg4tL1ff)]
[2m2025-03-25T07:54:43.301565Z[0m [32m INFO[0m [1mnode[0m[1m{[0m[3mname[0m[2m=[0mk#addeef94..[1m}[0m[2m:[0m[1maugment_epoch_last_checkpoint[0m[2m:[0m[1mcreate_and_execute_advance_epoch_tx[0m[2m:[0m [2msui_core::authority[0m[2m:[0m [2mcrates/sui-core/src/authority.rs[0m[2m:[0m[2m4743:[0m validator k#addeef94.. supports SupportedProtocolVersions { min: ProtocolVersion(1), max: ProtocolVersion(70) } with system packages: [(0x0000000000000000000000000000000000000000000000000000000000000001, SequenceNumber(1), o#96Jb9mkzfqNLYnEMpVxB5dqrKbBaj23w7iXPjTYFdrQw), (0x0000000000000000000000000000000000000000000000000000000000000002, SequenceNumber(2), o#26xJj5urud1ErPtdD9Ak2uWtBGmzeb1ixJimJbkEhqzi), (0x0000000000000000000000000000000000000000000000000000000000000003, SequenceNumber(2), o#DF5dfASe4ZDkSCbUKiNv6i44DUPQSgtpV7BoPFJxNLcu), (0x000000000000000000000000000000000000000000000000000000000000000b, SequenceNumber(2), o#8vwgz9iNeskH5LiGvDEfqFhuxwuiUVnKJBbDthPcVcK1), (0x00000000000000000000000000000000000000000000000000000000000000c8, SequenceNumber(2), o#8mxAzFggYWTk2EcWLVbvhGohJUAeKimeRNdivg4tL1ff)]
[2m2025-03-25T07:54:43.301616Z[0m [32m INFO[0m [1mnode[0m[1m{[0m[3mname[0m[2m=[0mk#addeef94..[1m}[0m[2m:[0m[1maugment_epoch_last_checkpoint[0m[2m:[0m[1mcreate_and_execute_advance_epoch_tx[0m[2m:[0m [2msui_core::authority[0m[2m:[0m [2mcrates/sui-core/src/authority.rs[0m[2m:[0m[2m4784:[0m support for upgrade [3mtotal_votes[0m[2m=[0m10000 [3mquorum_threshold[0m[2m=[0m6667 [3mbuffer_stake_bps[0m[2m=[0m5000 [3meffective_threshold[0m[2m=[0m8334 [3mproposed_protocol_version[0m[2m=[0mProtocolVersion(68) [3mpackages[0m[2m=[0m[(0x0000000000000000000000000000000000000000000000000000000000000001, SequenceNumber(1), o#96Jb9mkzfqNLYnEMpVxB5dqrKbBaj23w7iXPjTYFdrQw), (0x0000000000000000000000000000000000000000000000000000000000000002, SequenceNumber(2), o#26xJj5urud1ErPtdD9Ak2uWtBGmzeb1ixJimJbkEhqzi), (0x0000000000000000000000000000000000000000000000000000000000000003, SequenceNumber(2), o#DF5dfASe4ZDkSCbUKiNv6i44DUPQSgtpV7BoPFJxNLcu), (0x000000000000000000000000000000000000000000000000000000000000000b, SequenceNumber(2), o#8vwgz9iNeskH5LiGvDEfqFhuxwuiUVnKJBbDthPcVcK1), (0x00000000000000000000000000000000000000000000000000000000000000c8, SequenceNumber(2), o#8mxAzFggYWTk2EcWLVbvhGohJUAeKimeRNdivg4tL1ff)]
[2m2025-03-25T07:54:43.301667Z[0m [32m INFO[0m [1mnode[0m[1m{[0m[3mname[0m[2m=[0mk#addeef94..[1m}[0m[2m:[0m[1maugment_epoch_last_checkpoint[0m[2m:[0m[1mcreate_and_execute_advance_epoch_tx[0m[2m:[0m [2msui_core::authority[0m[2m:[0m [2mcrates/sui-core/src/authority.rs[0m[2m:[0m[2m4743:[0m validator k#8dcff6d1.. supports SupportedProtocolVersions { min: ProtocolVersion(1), max: ProtocolVersion(70) } with system packages: [(0x0000000000000000000000000000000000000000000000000000000000000001, SequenceNumber(1), o#96Jb9mkzfqNLYnEMpVxB5dqrKbBaj23w7iXPjTYFdrQw), (0x0000000000000000000000000000000000000000000000000000000000000002, SequenceNumber(2), o#26xJj5urud1ErPtdD9Ak2uWtBGmzeb1ixJimJbkEhqzi), (0x0000000000000000000000000000000000000000000000000000000000000003, SequenceNumber(2), o#DF5dfASe4ZDkSCbUKiNv6i44DUPQSgtpV7BoPFJxNLcu), (0x000000000000000000000000000000000000000000000000000000000000000b, SequenceNumber(2), o#8vwgz9iNeskH5LiGvDEfqFhuxwuiUVnKJBbDthPcVcK1), (0x00000000000000000000000000000000000000000000000000000000000000c8, SequenceNumber(2), o#8mxAzFggYWTk2EcWLVbvhGohJUAeKimeRNdivg4tL1ff)]
[2m2025-03-25T07:54:43.301715Z[0m [32m INFO[0m [1mnode[0m[1m{[0m[3mname[0m[2m=[0mk#addeef94..[1m}[0m[2m:[0m[1maugment_epoch_last_checkpoint[0m[2m:[0m[1mcreate_and_execute_advance_epoch_tx[0m[2m:[0m [2msui_core::authority[0m[2m:[0m [2mcrates/sui-core/src/authority.rs[0m[2m:[0m[2m4743:[0m validator k#99f25ef6.. supports SupportedProtocolVersions { min: ProtocolVersion(1), max: ProtocolVersion(70) } with system packages: [(0x0000000000000000000000000000000000000000000000000000000000000001, SequenceNumber(1), o#96Jb9mkzfqNLYnEMpVxB5dqrKbBaj23w7iXPjTYFdrQw), (0x0000000000000000000000000000000000000000000000000000000000000002, SequenceNumber(2), o#26xJj5urud1ErPtdD9Ak2uWtBGmzeb1ixJimJbkEhqzi), (0x0000000000000000000000000000000000000000000000000000000000000003, SequenceNumber(2), o#DF5dfASe4ZDkSCbUKiNv6i44DUPQSgtpV7BoPFJxNLcu), (0x000000000000000000000000000000000000000000000000000000000000000b, SequenceNumber(2), o#8vwgz9iNeskH5LiGvDEfqFhuxwuiUVnKJBbDthPcVcK1), (0x00000000000000000000000000000000000000000000000000000000000000c8, SequenceNumber(2), o#8mxAzFggYWTk2EcWLVbvhGohJUAeKimeRNdivg4tL1ff)]
[2m2025-03-25T07:54:43.301762Z[0m [32m INFO[0m [1mnode[0m[1m{[0m[3mname[0m[2m=[0mk#addeef94..[1m}[0m[2m:[0m[1maugment_epoch_last_checkpoint[0m[2m:[0m[1mcreate_and_execute_advance_epoch_tx[0m[2m:[0m [2msui_core::authority[0m[2m:[0m [2mcrates/sui-core/src/authority.rs[0m[2m:[0m[2m4743:[0m validator k#addeef94.. supports SupportedProtocolVersions { min: ProtocolVersion(1), max: ProtocolVersion(70) } with system packages: [(0x0000000000000000000000000000000000000000000000000000000000000001, SequenceNumber(1), o#96Jb9mkzfqNLYnEMpVxB5dqrKbBaj23w7iXPjTYFdrQw), (0x0000000000000000000000000000000000000000000000000000000000000002, SequenceNumber(2), o#26xJj5urud1ErPtdD9Ak2uWtBGmzeb1ixJimJbkEhqzi), (0x0000000000000000000000000000000000000000000000000000000000000003, SequenceNumber(2), o#DF5dfASe4ZDkSCbUKiNv6i44DUPQSgtpV7BoPFJxNLcu), (0x000000000000000000000000000000000000000000000000000000000000000b, SequenceNumber(2), o#8vwgz9iNeskH5LiGvDEfqFhuxwuiUVnKJBbDthPcVcK1), (0x00000000000000000000000000000000000000000000000000000000000000c8, SequenceNumber(2), o#8mxAzFggYWTk2EcWLVbvhGohJUAeKimeRNdivg4tL1ff)]
[2m2025-03-25T07:54:43.301814Z[0m [32m INFO[0m [1mnode[0m[1m{[0m[3mname[0m[2m=[0mk#addeef94..[1m}[0m[2m:[0m[1maugment_epoch_last_checkpoint[0m[2m:[0m[1mcreate_and_execute_advance_epoch_tx[0m[2m:[0m [2msui_core::authority[0m[2m:[0m [2mcrates/sui-core/src/authority.rs[0m[2m:[0m[2m4784:[0m support for upgrade [3mtotal_votes[0m[2m=[0m10000 [3mquorum_threshold[0m[2m=[0m6667 [3mbuffer_stake_bps[0m[2m=[0m5000 [3meffective_threshold[0m[2m=[0m8334 [3mproposed_protocol_version[0m[2m=[0mProtocolVersion(69) [3mpackages[0m[2m=[0m[(0x0000000000000000000000000000000000000000000000000000000000000001, SequenceNumber(1), o#96Jb9mkzfqNLYnEMpVxB5dqrKbBaj23w7iXPjTYFdrQw), (0x0000000000000000000000000000000000000000000000000000000000000002, SequenceNumber(2), o#26xJj5urud1ErPtdD9Ak2uWtBGmzeb1ixJimJbkEhqzi), (0x0000000000000000000000000000000000000000000000000000000000000003, SequenceNumber(2), o#DF5dfASe4ZDkSCbUKiNv6i44DUPQSgtpV7BoPFJxNLcu), (0x000000000000000000000000000000000000000000000000000000000000000b, SequenceNumber(2), o#8vwgz9iNeskH5LiGvDEfqFhuxwuiUVnKJBbDthPcVcK1), (0x00000000000000000000000000000000000000000000000000000000000000c8, SequenceNumber(2), o#8mxAzFggYWTk2EcWLVbvhGohJUAeKimeRNdivg4tL1ff)]
[2m2025-03-25T07:54:43.301866Z[0m [32m INFO[0m [1mnode[0m[1m{[0m[3mname[0m[2m=[0mk#addeef94..[1m}[0m[2m:[0m[1maugment_epoch_last_checkpoint[0m[2m:[0m[1mcreate_and_execute_advance_epoch_tx[0m[2m:[0m [2msui_core::authority[0m[2m:[0m [2mcrates/sui-core/src/authority.rs[0m[2m:[0m[2m4743:[0m validator k#8dcff6d1.. supports SupportedProtocolVersions { min: ProtocolVersion(1), max: ProtocolVersion(70) } with system packages: [(0x0000000000000000000000000000000000000000000000000000000000000001, SequenceNumber(1), o#96Jb9mkzfqNLYnEMpVxB5dqrKbBaj23w7iXPjTYFdrQw), (0x0000000000000000000000000000000000000000000000000000000000000002, SequenceNumber(2), o#26xJj5urud1ErPtdD9Ak2uWtBGmzeb1ixJimJbkEhqzi), (0x0000000000000000000000000000000000000000000000000000000000000003, SequenceNumber(2), o#DF5dfASe4ZDkSCbUKiNv6i44DUPQSgtpV7BoPFJxNLcu), (0x000000000000000000000000000000000000000000000000000000000000000b, SequenceNumber(2), o#8vwgz9iNeskH5LiGvDEfqFhuxwuiUVnKJBbDthPcVcK1), (0x00000000000000000000000000000000000000000000000000000000000000c8, SequenceNumber(2), o#8mxAzFggYWTk2EcWLVbvhGohJUAeKimeRNdivg4tL1ff)]
[2m2025-03-25T07:54:43.301929Z[0m [32m INFO[0m [1mnode[0m[1m{[0m[3mname[0m[2m=[0mk#8dcff6d1..[1m}[0m[2m:[0m [2msui_core::checkpoints[0m[2m:[0m [2mcrates/sui-core/src/checkpoints/mod.rs[0m[2m:[0m[2m1326:[0m Creating checkpoint(s) for 1 transactions [3mnext_checkpoint_seq[0m[2m=[0m213 [3mcheckpoint_timestamp[0m[2m=[0m1742889282570
[2m2025-03-25T07:54:43.301938Z[0m [32m INFO[0m [1mnode[0m[1m{[0m[3mname[0m[2m=[0mk#99f25ef6..[1m}[0m[2m:[0m [2msui_core::checkpoints[0m[2m:[0m [2mcrates/sui-core/src/checkpoints/mod.rs[0m[2m:[0m[2m1326:[0m Creating checkpoint(s) for 1 transactions [3mnext_checkpoint_seq[0m[2m=[0m213 [3mcheckpoint_timestamp[0m[2m=[0m1742889282570
[2m2025-03-25T07:54:43.301914Z[0m [32m INFO[0m [1mnode[0m[1m{[0m[3mname[0m[2m=[0mk#addeef94..[1m}[0m[2m:[0m[1maugment_epoch_last_checkpoint[0m[2m:[0m[1mcreate_and_execute_advance_epoch_tx[0m[2m:[0m [2msui_core::authority[0m[2m:[0m [2mcrates/sui-core/src/authority.rs[0m[2m:[0m[2m4743:[0m validator k#99f25ef6.. supports SupportedProtocolVersions { min: ProtocolVersion(1), max: ProtocolVersion(70) } with system packages: [(0x0000000000000000000000000000000000000000000000000000000000000001, SequenceNumber(1), o#96Jb9mkzfqNLYnEMpVxB5dqrKbBaj23w7iXPjTYFdrQw), (0x0000000000000000000000000000000000000000000000000000000000000002, SequenceNumber(2), o#26xJj5urud1ErPtdD9Ak2uWtBGmzeb1ixJimJbkEhqzi), (0x0000000000000000000000000000000000000000000000000000000000000003, SequenceNumber(2), o#DF5dfASe4ZDkSCbUKiNv6i44DUPQSgtpV7BoPFJxNLcu), (0x000000000000000000000000000000000000000000000000000000000000000b, SequenceNumber(2), o#8vwgz9iNeskH5LiGvDEfqFhuxwuiUVnKJBbDthPcVcK1), (0x00000000000000000000000000000000000000000000000000000000000000c8, SequenceNumber(2), o#8mxAzFggYWTk2EcWLVbvhGohJUAeKimeRNdivg4tL1ff)]
[2m2025-03-25T07:54:43.301960Z[0m [32m INFO[0m [1mnode[0m[1m{[0m[3mname[0m[2m=[0mk#addeef94..[1m}[0m[2m:[0m[1maugment_epoch_last_checkpoint[0m[2m:[0m[1mcreate_and_execute_advance_epoch_tx[0m[2m:[0m [2msui_core::authority[0m[2m:[0m [2mcrates/sui-core/src/authority.rs[0m[2m:[0m[2m4743:[0m validator k#addeef94.. supports SupportedProtocolVersions { min: ProtocolVersion(1), max: ProtocolVersion(70) } with system packages: [(0x0000000000000000000000000000000000000000000000000000000000000001, SequenceNumber(1), o#96Jb9mkzfqNLYnEMpVxB5dqrKbBaj23w7iXPjTYFdrQw), (0x0000000000000000000000000000000000000000000000000000000000000002, SequenceNumber(2), o#26xJj5urud1ErPtdD9Ak2uWtBGmzeb1ixJimJbkEhqzi), (0x0000000000000000000000000000000000000000000000000000000000000003, SequenceNumber(2), o#DF5dfASe4ZDkSCbUKiNv6i44DUPQSgtpV7BoPFJxNLcu), (0x000000000000000000000000000000000000000000000000000000000000000b, SequenceNumber(2), o#8vwgz9iNeskH5LiGvDEfqFhuxwuiUVnKJBbDthPcVcK1), (0x00000000000000000000000000000000000000000000000000000000000000c8, SequenceNumber(2), o#8mxAzFggYWTk2EcWLVbvhGohJUAeKimeRNdivg4tL1ff)]
[2m2025-03-25T07:54:43.302036Z[0m [32m INFO[0m [1mnode[0m[1m{[0m[3mname[0m[2m=[0mk#8dcff6d1..[1m}[0m[2m:[0m[1maugment_epoch_last_checkpoint[0m[2m:[0m[1mcreate_and_execute_advance_epoch_tx[0m[2m:[0m [2msui_core::authority[0m[2m:[0m [2mcrates/sui-core/src/authority.rs[0m[2m:[0m[2m4982:[0m Creating AuthenticatorStateExpire tx [3mmin_epoch[0m[2m=[0m0
[2m2025-03-25T07:54:43.302048Z[0m [32m INFO[0m [1mnode[0m[1m{[0m[3mname[0m[2m=[0mk#8dcff6d1..[1m}[0m[2m:[0m[1maugment_epoch_last_checkpoint[0m[2m:[0m[1mcreate_and_execute_advance_epoch_tx[0m[2m:[0m [2msui_core::authority[0m[2m:[0m [2mcrates/sui-core/src/authority.rs[0m[2m:[0m[2m5059:[0m Init Bridge committee tx
[2m2025-03-25T07:54:43.302046Z[0m [32m INFO[0m [1mnode[0m[1m{[0m[3mname[0m[2m=[0mk#99f25ef6..[1m}[0m[2m:[0m[1maugment_epoch_last_checkpoint[0m[2m:[0m[1mcreate_and_execute_advance_epoch_tx[0m[2m:[0m [2msui_core::authority[0m[2m:[0m [2mcrates/sui-core/src/authority.rs[0m[2m:[0m[2m4982:[0m Creating AuthenticatorStateExpire tx [3mmin_epoch[0m[2m=[0m0
[2m2025-03-25T07:54:43.302011Z[0m [32m INFO[0m [1mnode[0m[1m{[0m[3mname[0m[2m=[0mk#addeef94..[1m}[0m[2m:[0m[1maugment_epoch_last_checkpoint[0m[2m:[0m[1mcreate_and_execute_advance_epoch_tx[0m[2m:[0m [2msui_core::authority[0m[2m:[0m [2mcrates/sui-core/src/authority.rs[0m[2m:[0m[2m4784:[0m support for upgrade [3mtotal_votes[0m[2m=[0m10000 [3mquorum_threshold[0m[2m=[0m6667 [3mbuffer_stake_bps[0m[2m=[0m5000 [3meffective_threshold[0m[2m=[0m8334 [3mproposed_protocol_version[0m[2m=[0mProtocolVersion(70) [3mpackages[0m[2m=[0m[(0x0000000000000000000000000000000000000000000000000000000000000001, SequenceNumber(1), o#96Jb9mkzfqNLYnEMpVxB5dqrKbBaj23w7iXPjTYFdrQw), (0x0000000000000000000000000000000000000000000000000000000000000002, SequenceNumber(2), o#26xJj5urud1ErPtdD9Ak2uWtBGmzeb1ixJimJbkEhqzi), (0x0000000000000000000000000000000000000000000000000000000000000003, SequenceNumber(2), o#DF5dfASe4ZDkSCbUKiNv6i44DUPQSgtpV7BoPFJxNLcu), (0x000000000000000000000000000000000000000000000000000000000000000b, SequenceNumber(2), o#8vwgz9iNeskH5LiGvDEfqFhuxwuiUVnKJBbDthPcVcK1), (0x00000000000000000000000000000000000000000000000000000000000000c8, SequenceNumber(2), o#8mxAzFggYWTk2EcWLVbvhGohJUAeKimeRNdivg4tL1ff)]
[2m2025-03-25T07:54:43.302057Z[0m [32m INFO[0m [1mnode[0m[1m{[0m[3mname[0m[2m=[0mk#99f25ef6..[1m}[0m[2m:[0m[1maugment_epoch_last_checkpoint[0m[2m:[0m[1mcreate_and_execute_advance_epoch_tx[0m[2m:[0m [2msui_core::authority[0m[2m:[0m [2mcrates/sui-core/src/authority.rs[0m[2m:[0m[2m5059:[0m Init Bridge committee tx
[2m2025-03-25T07:54:43.302062Z[0m [32m INFO[0m [1mnode[0m[1m{[0m[3mname[0m[2m=[0mk#addeef94..[1m}[0m[2m:[0m[1maugment_epoch_last_checkpoint[0m[2m:[0m[1mcreate_and_execute_advance_epoch_tx[0m[2m:[0m [2msui_core::authority[0m[2m:[0m [2mcrates/sui-core/src/authority.rs[0m[2m:[0m[2m4743:[0m validator k#8dcff6d1.. supports SupportedProtocolVersions { min: ProtocolVersion(1), max: ProtocolVersion(70) } with system packages: [(0x0000000000000000000000000000000000000000000000000000000000000001, SequenceNumber(1), o#96Jb9mkzfqNLYnEMpVxB5dqrKbBaj23w7iXPjTYFdrQw), (0x0000000000000000000000000000000000000000000000000000000000000002, SequenceNumber(2), o#26xJj5urud1ErPtdD9Ak2uWtBGmzeb1ixJimJbkEhqzi), (0x0000000000000000000000000000000000000000000000000000000000000003, SequenceNumber(2), o#DF5dfASe4ZDkSCbUKiNv6i44DUPQSgtpV7BoPFJxNLcu), (0x000000000000000000000000000000000000000000000000000000000000000b, SequenceNumber(2), o#8vwgz9iNeskH5LiGvDEfqFhuxwuiUVnKJBbDthPcVcK1), (0x00000000000000000000000000000000000000000000000000000000000000c8, SequenceNumber(2), o#8mxAzFggYWTk2EcWLVbvhGohJUAeKimeRNdivg4tL1ff)]
[2m2025-03-25T07:54:43.302110Z[0m [32m INFO[0m [1mnode[0m[1m{[0m[3mname[0m[2m=[0mk#addeef94..[1m}[0m[2m:[0m[1maugment_epoch_last_checkpoint[0m[2m:[0m[1mcreate_and_execute_advance_epoch_tx[0m[2m:[0m [2msui_core::authority[0m[2m:[0m [2mcrates/sui-core/src/authority.rs[0m[2m:[0m[2m4743:[0m validator k#99f25ef6.. supports SupportedProtocolVersions { min: ProtocolVersion(1), max: ProtocolVersion(70) } with system packages: [(0x0000000000000000000000000000000000000000000000000000000000000001, SequenceNumber(1), o#96Jb9mkzfqNLYnEMpVxB5dqrKbBaj23w7iXPjTYFdrQw), (0x0000000000000000000000000000000000000000000000000000000000000002, SequenceNumber(2), o#26xJj5urud1ErPtdD9Ak2uWtBGmzeb1ixJimJbkEhqzi), (0x0000000000000000000000000000000000000000000000000000000000000003, SequenceNumber(2), o#DF5dfASe4ZDkSCbUKiNv6i44DUPQSgtpV7BoPFJxNLcu), (0x000000000000000000000000000000000000000000000000000000000000000b, SequenceNumber(2), o#8vwgz9iNeskH5LiGvDEfqFhuxwuiUVnKJBbDthPcVcK1), (0x00000000000000000000000000000000000000000000000000000000000000c8, SequenceNumber(2), o#8mxAzFggYWTk2EcWLVbvhGohJUAeKimeRNdivg4tL1ff)]
[2m2025-03-25T07:54:43.302114Z[0m [32m INFO[0m [1mnode[0m[1m{[0m[3mname[0m[2m=[0mk#8dcff6d1..[1m}[0m[2m:[0m[1maugment_epoch_last_checkpoint[0m[2m:[0m[1mcreate_and_execute_advance_epoch_tx[0m[2m:[0m [2msui_core::authority[0m[2m:[0m [2mcrates/sui-core/src/authority.rs[0m[2m:[0m[2m4743:[0m validator k#8dcff6d1.. supports SupportedProtocolVersions { min: ProtocolVersion(1), max: ProtocolVersion(70) } with system packages: [(0x0000000000000000000000000000000000000000000000000000000000000001, SequenceNumber(1), o#96Jb9mkzfqNLYnEMpVxB5dqrKbBaj23w7iXPjTYFdrQw), (0x0000000000000000000000000000000000000000000000000000000000000002, SequenceNumber(2), o#26xJj5urud1ErPtdD9Ak2uWtBGmzeb1ixJimJbkEhqzi), (0x0000000000000000000000000000000000000000000000000000000000000003, SequenceNumber(2), o#DF5dfASe4ZDkSCbUKiNv6i44DUPQSgtpV7BoPFJxNLcu), (0x000000000000000000000000000000000000000000000000000000000000000b, SequenceNumber(2), o#8vwgz9iNeskH5LiGvDEfqFhuxwuiUVnKJBbDthPcVcK1), (0x00000000000000000000000000000000000000000000000000000000000000c8, SequenceNumber(2), o#8mxAzFggYWTk2EcWLVbvhGohJUAeKimeRNdivg4tL1ff)]
[2m2025-03-25T07:54:43.302126Z[0m [32m INFO[0m [1mnode[0m[1m{[0m[3mname[0m[2m=[0mk#99f25ef6..[1m}[0m[2m:[0m[1maugment_epoch_last_checkpoint[0m[2m:[0m[1mcreate_and_execute_advance_epoch_tx[0m[2m:[0m [2msui_core::authority[0m[2m:[0m [2mcrates/sui-core/src/authority.rs[0m[2m:[0m[2m4743:[0m validator k#8dcff6d1.. supports SupportedProtocolVersions { min: ProtocolVersion(1), max: ProtocolVersion(70) } with system packages: [(0x0000000000000000000000000000000000000000000000000000000000000001, SequenceNumber(1), o#96Jb9mkzfqNLYnEMpVxB5dqrKbBaj23w7iXPjTYFdrQw), (0x0000000000000000000000000000000000000000000000000000000000000002, SequenceNumber(2), o#26xJj5urud1ErPtdD9Ak2uWtBGmzeb1ixJimJbkEhqzi), (0x0000000000000000000000000000000000000000000000000000000000000003, SequenceNumber(2), o#DF5dfASe4ZDkSCbUKiNv6i44DUPQSgtpV7BoPFJxNLcu), (0x000000000000000000000000000000000000000000000000000000000000000b, SequenceNumber(2), o#8vwgz9iNeskH5LiGvDEfqFhuxwuiUVnKJBbDthPcVcK1), (0x00000000000000000000000000000000000000000000000000000000000000c8, SequenceNumber(2), o#8mxAzFggYWTk2EcWLVbvhGohJUAeKimeRNdivg4tL1ff)]
[2m2025-03-25T07:54:43.302157Z[0m [32m INFO[0m [1mnode[0m[1m{[0m[3mname[0m[2m=[0mk#addeef94..[1m}[0m[2m:[0m[1maugment_epoch_last_checkpoint[0m[2m:[0m[1mcreate_and_execute_advance_epoch_tx[0m[2m:[0m [2msui_core::authority[0m[2m:[0m [2mcrates/sui-core/src/authority.rs[0m[2m:[0m[2m4743:[0m validator k#addeef94.. supports SupportedProtocolVersions { min: ProtocolVersion(1), max: ProtocolVersion(70) } with system packages: [(0x0000000000000000000000000000000000000000000000000000000000000001, SequenceNumber(1), o#96Jb9mkzfqNLYnEMpVxB5dqrKbBaj23w7iXPjTYFdrQw), (0x0000000000000000000000000000000000000000000000000000000000000002, SequenceNumber(2), o#26xJj5urud1ErPtdD9Ak2uWtBGmzeb1ixJimJbkEhqzi), (0x0000000000000000000000000000000000000000000000000000000000000003, SequenceNumber(2), o#DF5dfASe4ZDkSCbUKiNv6i44DUPQSgtpV7BoPFJxNLcu), (0x000000000000000000000000000000000000000000000000000000000000000b, SequenceNumber(2), o#8vwgz9iNeskH5LiGvDEfqFhuxwuiUVnKJBbDthPcVcK1), (0x00000000000000000000000000000000000000000000000000000000000000c8, SequenceNumber(2), o#8mxAzFggYWTk2EcWLVbvhGohJUAeKimeRNdivg4tL1ff)]
[2m2025-03-25T07:54:43.302166Z[0m [32m INFO[0m [1mnode[0m[1m{[0m[3mname[0m[2m=[0mk#8dcff6d1..[1m}[0m[2m:[0m[1maugment_epoch_last_checkpoint[0m[2m:[0m[1mcreate_and_execute_advance_epoch_tx[0m[2m:[0m [2msui_core::authority[0m[2m:[0m [2mcrates/sui-core/src/authority.rs[0m[2m:[0m[2m4743:[0m validator k#99f25ef6.. supports SupportedProtocolVersions { min: ProtocolVersion(1), max: ProtocolVersion(70) } with system packages: [(0x0000000000000000000000000000000000000000000000000000000000000001, SequenceNumber(1), o#96Jb9mkzfqNLYnEMpVxB5dqrKbBaj23w7iXPjTYFdrQw), (0x0000000000000000000000000000000000000000000000000000000000000002, SequenceNumber(2), o#26xJj5urud1ErPtdD9Ak2uWtBGmzeb1ixJimJbkEhqzi), (0x0000000000000000000000000000000000000000000000000000000000000003, SequenceNumber(2), o#DF5dfASe4ZDkSCbUKiNv6i44DUPQSgtpV7BoPFJxNLcu), (0x000000000000000000000000000000000000000000000000000000000000000b, SequenceNumber(2), o#8vwgz9iNeskH5LiGvDEfqFhuxwuiUVnKJBbDthPcVcK1), (0x00000000000000000000000000000000000000000000000000000000000000c8, SequenceNumber(2), o#8mxAzFggYWTk2EcWLVbvhGohJUAeKimeRNdivg4tL1ff)]
[2m2025-03-25T07:54:43.302216Z[0m [32m INFO[0m [1mnode[0m[1m{[0m[3mname[0m[2m=[0mk#addeef94..[1m}[0m[2m:[0m[1maugment_epoch_last_checkpoint[0m[2m:[0m[1mcreate_and_execute_advance_epoch_tx[0m[2m:[0m [2msui_core::authority[0m[2m:[0m [2mcrates/sui-core/src/authority.rs[0m[2m:[0m[2m5152:[0m ===========protocol: 46 detecting next version:47
[2m2025-03-25T07:54:43.302178Z[0m [32m INFO[0m [1mnode[0m[1m{[0m[3mname[0m[2m=[0mk#99f25ef6..[1m}[0m[2m:[0m[1maugment_epoch_last_checkpoint[0m[2m:[0m[1mcreate_and_execute_advance_epoch_tx[0m[2m:[0m [2msui_core::authority[0m[2m:[0m [2mcrates/sui-core/src/authority.rs[0m[2m:[0m[2m4743:[0m validator k#99f25ef6.. supports SupportedProtocolVersions { min: ProtocolVersion(1), max: ProtocolVersion(70) } with system packages: [(0x0000000000000000000000000000000000000000000000000000000000000001, SequenceNumber(1), o#96Jb9mkzfqNLYnEMpVxB5dqrKbBaj23w7iXPjTYFdrQw), (0x0000000000000000000000000000000000000000000000000000000000000002, SequenceNumber(2), o#26xJj5urud1ErPtdD9Ak2uWtBGmzeb1ixJimJbkEhqzi), (0x0000000000000000000000000000000000000000000000000000000000000003, SequenceNumber(2), o#DF5dfASe4ZDkSCbUKiNv6i44DUPQSgtpV7BoPFJxNLcu), (0x000000000000000000000000000000000000000000000000000000000000000b, SequenceNumber(2), o#8vwgz9iNeskH5LiGvDEfqFhuxwuiUVnKJBbDthPcVcK1), (0x00000000000000000000000000000000000000000000000000000000000000c8, SequenceNumber(2), o#8mxAzFggYWTk2EcWLVbvhGohJUAeKimeRNdivg4tL1ff)]
[2m2025-03-25T07:54:43.302224Z[0m [32m INFO[0m [1mnode[0m[1m{[0m[3mname[0m[2m=[0mk#addeef94..[1m}[0m[2m:[0m[1maugment_epoch_last_checkpoint[0m[2m:[0m[1mcreate_and_execute_advance_epoch_tx[0m[2m:[0m [2msui_core::authority[0m[2m:[0m [2mcrates/sui-core/src/authority.rs[0m[2m:[0m[2m5153:[0m ===========system package size 5
[2m2025-03-25T07:54:43.302214Z[0m [32m INFO[0m [1mnode[0m[1m{[0m[3mname[0m[2m=[0mk#8dcff6d1..[1m}[0m[2m:[0m[1maugment_epoch_last_checkpoint[0m[2m:[0m[1mcreate_and_execute_advance_epoch_tx[0m[2m:[0m [2msui_core::authority[0m[2m:[0m [2mcrates/sui-core/src/authority.rs[0m[2m:[0m[2m4743:[0m validator k#addeef94.. supports SupportedProtocolVersions { min: ProtocolVersion(1), max: ProtocolVersion(70) } with system packages: [(0x0000000000000000000000000000000000000000000000000000000000000001, SequenceNumber(1), o#96Jb9mkzfqNLYnEMpVxB5dqrKbBaj23w7iXPjTYFdrQw), (0x0000000000000000000000000000000000000000000000000000000000000002, SequenceNumber(2), o#26xJj5urud1ErPtdD9Ak2uWtBGmzeb1ixJimJbkEhqzi), (0x0000000000000000000000000000000000000000000000000000000000000003, SequenceNumber(2), o#DF5dfASe4ZDkSCbUKiNv6i44DUPQSgtpV7BoPFJxNLcu), (0x000000000000000000000000000000000000000000000000000000000000000b, SequenceNumber(2), o#8vwgz9iNeskH5LiGvDEfqFhuxwuiUVnKJBbDthPcVcK1), (0x00000000000000000000000000000000000000000000000000000000000000c8, SequenceNumber(2), o#8mxAzFggYWTk2EcWLVbvhGohJUAeKimeRNdivg4tL1ff)]
[2m2025-03-25T07:54:43.302227Z[0m [32m INFO[0m [1mnode[0m[1m{[0m[3mname[0m[2m=[0mk#99f25ef6..[1m}[0m[2m:[0m[1maugment_epoch_last_checkpoint[0m[2m:[0m[1mcreate_and_execute_advance_epoch_tx[0m[2m:[0m [2msui_core::authority[0m[2m:[0m [2mcrates/sui-core/src/authority.rs[0m[2m:[0m[2m4743:[0m validator k#addeef94.. supports SupportedProtocolVersions { min: ProtocolVersion(1), max: ProtocolVersion(70) } with system packages: [(0x0000000000000000000000000000000000000000000000000000000000000001, SequenceNumber(1), o#96Jb9mkzfqNLYnEMpVxB5dqrKbBaj23w7iXPjTYFdrQw), (0x0000000000000000000000000000000000000000000000000000000000000002, SequenceNumber(2), o#26xJj5urud1ErPtdD9Ak2uWtBGmzeb1ixJimJbkEhqzi), (0x0000000000000000000000000000000000000000000000000000000000000003, SequenceNumber(2), o#DF5dfASe4ZDkSCbUKiNv6i44DUPQSgtpV7BoPFJxNLcu), (0x000000000000000000000000000000000000000000000000000000000000000b, SequenceNumber(2), o#8vwgz9iNeskH5LiGvDEfqFhuxwuiUVnKJBbDthPcVcK1), (0x00000000000000000000000000000000000000000000000000000000000000c8, SequenceNumber(2), o#8mxAzFggYWTk2EcWLVbvhGohJUAeKimeRNdivg4tL1ff)]
[2m2025-03-25T07:54:43.302270Z[0m [32m INFO[0m [1mnode[0m[1m{[0m[3mname[0m[2m=[0mk#8dcff6d1..[1m}[0m[2m:[0m[1maugment_epoch_last_checkpoint[0m[2m:[0m[1mcreate_and_execute_advance_epoch_tx[0m[2m:[0m [2msui_core::authority[0m[2m:[0m [2mcrates/sui-core/src/authority.rs[0m[2m:[0m[2m4784:[0m support for upgrade [3mtotal_votes[0m[2m=[0m10000 [3mquorum_threshold[0m[2m=[0m6667 [3mbuffer_stake_bps[0m[2m=[0m5000 [3meffective_threshold[0m[2m=[0m8334 [3mproposed_protocol_version[0m[2m=[0mProtocolVersion(47) [3mpackages[0m[2m=[0m[(0x0000000000000000000000000000000000000000000000000000000000000001, SequenceNumber(1), o#96Jb9mkzfqNLYnEMpVxB5dqrKbBaj23w7iXPjTYFdrQw), (0x0000000000000000000000000000000000000000000000000000000000000002, SequenceNumber(2), o#26xJj5urud1ErPtdD9Ak2uWtBGmzeb1ixJimJbkEhqzi), (0x0000000000000000000000000000000000000000000000000000000000000003, SequenceNumber(2), o#DF5dfASe4ZDkSCbUKiNv6i44DUPQSgtpV7BoPFJxNLcu), (0x000000000000000000000000000000000000000000000000000000000000000b, SequenceNumber(2), o#8vwgz9iNeskH5LiGvDEfqFhuxwuiUVnKJBbDthPcVcK1), (0x00000000000000000000000000000000000000000000000000000000000000c8, SequenceNumber(2), o#8mxAzFggYWTk2EcWLVbvhGohJUAeKimeRNdivg4tL1ff)]
[2m2025-03-25T07:54:43.302284Z[0m [32m INFO[0m [1mnode[0m[1m{[0m[3mname[0m[2m=[0mk#99f25ef6..[1m}[0m[2m:[0m[1maugment_epoch_last_checkpoint[0m[2m:[0m[1mcreate_and_execute_advance_epoch_tx[0m[2m:[0m [2msui_core::authority[0m[2m:[0m [2mcrates/sui-core/src/authority.rs[0m[2m:[0m[2m4784:[0m support for upgrade [3mtotal_votes[0m[2m=[0m10000 [3mquorum_threshold[0m[2m=[0m6667 [3mbuffer_stake_bps[0m[2m=[0m5000 [3meffective_threshold[0m[2m=[0m8334 [3mproposed_protocol_version[0m[2m=[0mProtocolVersion(47) [3mpackages[0m[2m=[0m[(0x0000000000000000000000000000000000000000000000000000000000000001, SequenceNumber(1), o#96Jb9mkzfqNLYnEMpVxB5dqrKbBaj23w7iXPjTYFdrQw), (0x0000000000000000000000000000000000000000000000000000000000000002, SequenceNumber(2), o#26xJj5urud1ErPtdD9Ak2uWtBGmzeb1ixJimJbkEhqzi), (0x0000000000000000000000000000000000000000000000000000000000000003, SequenceNumber(2), o#DF5dfASe4ZDkSCbUKiNv6i44DUPQSgtpV7BoPFJxNLcu), (0x000000000000000000000000000000000000000000000000000000000000000b, SequenceNumber(2), o#8vwgz9iNeskH5LiGvDEfqFhuxwuiUVnKJBbDthPcVcK1), (0x00000000000000000000000000000000000000000000000000000000000000c8, SequenceNumber(2), o#8mxAzFggYWTk2EcWLVbvhGohJUAeKimeRNdivg4tL1ff)]
[2m2025-03-25T07:54:43.302324Z[0m [32m INFO[0m [1mnode[0m[1m{[0m[3mname[0m[2m=[0mk#8dcff6d1..[1m}[0m[2m:[0m[1maugment_epoch_last_checkpoint[0m[2m:[0m[1mcreate_and_execute_advance_epoch_tx[0m[2m:[0m [2msui_core::authority[0m[2m:[0m [2mcrates/sui-core/src/authority.rs[0m[2m:[0m[2m4743:[0m validator k#8dcff6d1.. supports SupportedProtocolVersions { min: ProtocolVersion(1), max: ProtocolVersion(70) } with system packages: [(0x0000000000000000000000000000000000000000000000000000000000000001, SequenceNumber(1), o#96Jb9mkzfqNLYnEMpVxB5dqrKbBaj23w7iXPjTYFdrQw), (0x0000000000000000000000000000000000000000000000000000000000000002, SequenceNumber(2), o#26xJj5urud1ErPtdD9Ak2uWtBGmzeb1ixJimJbkEhqzi), (0x0000000000000000000000000000000000000000000000000000000000000003, SequenceNumber(2), o#DF5dfASe4ZDkSCbUKiNv6i44DUPQSgtpV7BoPFJxNLcu), (0x000000000000000000000000000000000000000000000000000000000000000b, SequenceNumber(2), o#8vwgz9iNeskH5LiGvDEfqFhuxwuiUVnKJBbDthPcVcK1), (0x00000000000000000000000000000000000000000000000000000000000000c8, SequenceNumber(2), o#8mxAzFggYWTk2EcWLVbvhGohJUAeKimeRNdivg4tL1ff)]
[2m2025-03-25T07:54:43.302339Z[0m [32m INFO[0m [1mnode[0m[1m{[0m[3mname[0m[2m=[0mk#99f25ef6..[1m}[0m[2m:[0m[1maugment_epoch_last_checkpoint[0m[2m:[0m[1mcreate_and_execute_advance_epoch_tx[0m[2m:[0m [2msui_core::authority[0m[2m:[0m [2mcrates/sui-core/src/authority.rs[0m[2m:[0m[2m4743:[0m validator k#8dcff6d1.. supports SupportedProtocolVersions { min: ProtocolVersion(1), max: ProtocolVersion(70) } with system packages: [(0x0000000000000000000000000000000000000000000000000000000000000001, SequenceNumber(1), o#96Jb9mkzfqNLYnEMpVxB5dqrKbBaj23w7iXPjTYFdrQw), (0x0000000000000000000000000000000000000000000000000000000000000002, SequenceNumber(2), o#26xJj5urud1ErPtdD9Ak2uWtBGmzeb1ixJimJbkEhqzi), (0x0000000000000000000000000000000000000000000000000000000000000003, SequenceNumber(2), o#DF5dfASe4ZDkSCbUKiNv6i44DUPQSgtpV7BoPFJxNLcu), (0x000000000000000000000000000000000000000000000000000000000000000b, SequenceNumber(2), o#8vwgz9iNeskH5LiGvDEfqFhuxwuiUVnKJBbDthPcVcK1), (0x00000000000000000000000000000000000000000000000000000000000000c8, SequenceNumber(2), o#8mxAzFggYWTk2EcWLVbvhGohJUAeKimeRNdivg4tL1ff)]
[2m2025-03-25T07:54:43.302372Z[0m [32m INFO[0m [1mnode[0m[1m{[0m[3mname[0m[2m=[0mk#8dcff6d1..[1m}[0m[2m:[0m[1maugment_epoch_last_checkpoint[0m[2m:[0m[1mcreate_and_execute_advance_epoch_tx[0m[2m:[0m [2msui_core::authority[0m[2m:[0m [2mcrates/sui-core/src/authority.rs[0m[2m:[0m[2m4743:[0m validator k#99f25ef6.. supports SupportedProtocolVersions { min: ProtocolVersion(1), max: ProtocolVersion(70) } with system packages: [(0x0000000000000000000000000000000000000000000000000000000000000001, SequenceNumber(1), o#96Jb9mkzfqNLYnEMpVxB5dqrKbBaj23w7iXPjTYFdrQw), (0x0000000000000000000000000000000000000000000000000000000000000002, SequenceNumber(2), o#26xJj5urud1ErPtdD9Ak2uWtBGmzeb1ixJimJbkEhqzi), (0x0000000000000000000000000000000000000000000000000000000000000003, SequenceNumber(2), o#DF5dfASe4ZDkSCbUKiNv6i44DUPQSgtpV7BoPFJxNLcu), (0x000000000000000000000000000000000000000000000000000000000000000b, SequenceNumber(2), o#8vwgz9iNeskH5LiGvDEfqFhuxwuiUVnKJBbDthPcVcK1), (0x00000000000000000000000000000000000000000000000000000000000000c8, SequenceNumber(2), o#8mxAzFggYWTk2EcWLVbvhGohJUAeKimeRNdivg4tL1ff)]
[2m2025-03-25T07:54:43.302386Z[0m [32m INFO[0m [1mnode[0m[1m{[0m[3mname[0m[2m=[0mk#99f25ef6..[1m}[0m[2m:[0m[1maugment_epoch_last_checkpoint[0m[2m:[0m[1mcreate_and_execute_advance_epoch_tx[0m[2m:[0m [2msui_core::authority[0m[2m:[0m [2mcrates/sui-core/src/authority.rs[0m[2m:[0m[2m4743:[0m validator k#99f25ef6.. supports SupportedProtocolVersions { min: ProtocolVersion(1), max: ProtocolVersion(70) } with system packages: [(0x0000000000000000000000000000000000000000000000000000000000000001, SequenceNumber(1), o#96Jb9mkzfqNLYnEMpVxB5dqrKbBaj23w7iXPjTYFdrQw), (0x0000000000000000000000000000000000000000000000000000000000000002, SequenceNumber(2), o#26xJj5urud1ErPtdD9Ak2uWtBGmzeb1ixJimJbkEhqzi), (0x0000000000000000000000000000000000000000000000000000000000000003, SequenceNumber(2), o#DF5dfASe4ZDkSCbUKiNv6i44DUPQSgtpV7BoPFJxNLcu), (0x000000000000000000000000000000000000000000000000000000000000000b, SequenceNumber(2), o#8vwgz9iNeskH5LiGvDEfqFhuxwuiUVnKJBbDthPcVcK1), (0x00000000000000000000000000000000000000000000000000000000000000c8, SequenceNumber(2), o#8mxAzFggYWTk2EcWLVbvhGohJUAeKimeRNdivg4tL1ff)]
[2m2025-03-25T07:54:43.302422Z[0m [32m INFO[0m [1mnode[0m[1m{[0m[3mname[0m[2m=[0mk#8dcff6d1..[1m}[0m[2m:[0m[1maugment_epoch_last_checkpoint[0m[2m:[0m[1mcreate_and_execute_advance_epoch_tx[0m[2m:[0m [2msui_core::authority[0m[2m:[0m [2mcrates/sui-core/src/authority.rs[0m[2m:[0m[2m4743:[0m validator k#addeef94.. supports SupportedProtocolVersions { min: ProtocolVersion(1), max: ProtocolVersion(70) } with system packages: [(0x0000000000000000000000000000000000000000000000000000000000000001, SequenceNumber(1), o#96Jb9mkzfqNLYnEMpVxB5dqrKbBaj23w7iXPjTYFdrQw), (0x0000000000000000000000000000000000000000000000000000000000000002, SequenceNumber(2), o#26xJj5urud1ErPtdD9Ak2uWtBGmzeb1ixJimJbkEhqzi), (0x0000000000000000000000000000000000000000000000000000000000000003, SequenceNumber(2), o#DF5dfASe4ZDkSCbUKiNv6i44DUPQSgtpV7BoPFJxNLcu), (0x000000000000000000000000000000000000000000000000000000000000000b, SequenceNumber(2), o#8vwgz9iNeskH5LiGvDEfqFhuxwuiUVnKJBbDthPcVcK1), (0x00000000000000000000000000000000000000000000000000000000000000c8, SequenceNumber(2), o#8mxAzFggYWTk2EcWLVbvhGohJUAeKimeRNdivg4tL1ff)]
[2m2025-03-25T07:54:43.302434Z[0m [32m INFO[0m [1mnode[0m[1m{[0m[3mname[0m[2m=[0mk#99f25ef6..[1m}[0m[2m:[0m[1maugment_epoch_last_checkpoint[0m[2m:[0m[1mcreate_and_execute_advance_epoch_tx[0m[2m:[0m [2msui_core::authority[0m[2m:[0m [2mcrates/sui-core/src/authority.rs[0m[2m:[0m[2m4743:[0m validator k#addeef94.. supports SupportedProtocolVersions { min: ProtocolVersion(1), max: ProtocolVersion(70) } with system packages: [(0x0000000000000000000000000000000000000000000000000000000000000001, SequenceNumber(1), o#96Jb9mkzfqNLYnEMpVxB5dqrKbBaj23w7iXPjTYFdrQw), (0x0000000000000000000000000000000000000000000000000000000000000002, SequenceNumber(2), o#26xJj5urud1ErPtdD9Ak2uWtBGmzeb1ixJimJbkEhqzi), (0x0000000000000000000000000000000000000000000000000000000000000003, SequenceNumber(2), o#DF5dfASe4ZDkSCbUKiNv6i44DUPQSgtpV7BoPFJxNLcu), (0x000000000000000000000000000000000000000000000000000000000000000b, SequenceNumber(2), o#8vwgz9iNeskH5LiGvDEfqFhuxwuiUVnKJBbDthPcVcK1), (0x00000000000000000000000000000000000000000000000000000000000000c8, SequenceNumber(2), o#8mxAzFggYWTk2EcWLVbvhGohJUAeKimeRNdivg4tL1ff)]
[2m2025-03-25T07:54:43.302475Z[0m [32m INFO[0m [1mnode[0m[1m{[0m[3mname[0m[2m=[0mk#8dcff6d1..[1m}[0m[2m:[0m[1maugment_epoch_last_checkpoint[0m[2m:[0m[1mcreate_and_execute_advance_epoch_tx[0m[2m:[0m [2msui_core::authority[0m[2m:[0m [2mcrates/sui-core/src/authority.rs[0m[2m:[0m[2m4784:[0m support for upgrade [3mtotal_votes[0m[2m=[0m10000 [3mquorum_threshold[0m[2m=[0m6667 [3mbuffer_stake_bps[0m[2m=[0m5000 [3meffective_threshold[0m[2m=[0m8334 [3mproposed_protocol_version[0m[2m=[0mProtocolVersion(48) [3mpackages[0m[2m=[0m[(0x0000000000000000000000000000000000000000000000000000000000000001, SequenceNumber(1), o#96Jb9mkzfqNLYnEMpVxB5dqrKbBaj23w7iXPjTYFdrQw), (0x0000000000000000000000000000000000000000000000000000000000000002, SequenceNumber(2), o#26xJj5urud1ErPtdD9Ak2uWtBGmzeb1ixJimJbkEhqzi), (0x0000000000000000000000000000000000000000000000000000000000000003, SequenceNumber(2), o#DF5dfASe4ZDkSCbUKiNv6i44DUPQSgtpV7BoPFJxNLcu), (0x000000000000000000000000000000000000000000000000000000000000000b, SequenceNumber(2), o#8vwgz9iNeskH5LiGvDEfqFhuxwuiUVnKJBbDthPcVcK1), (0x00000000000000000000000000000000000000000000000000000000000000c8, SequenceNumber(2), o#8mxAzFggYWTk2EcWLVbvhGohJUAeKimeRNdivg4tL1ff)]
[2m2025-03-25T07:54:43.302486Z[0m [32m INFO[0m [1mnode[0m[1m{[0m[3mname[0m[2m=[0mk#99f25ef6..[1m}[0m[2m:[0m[1maugment_epoch_last_checkpoint[0m[2m:[0m[1mcreate_and_execute_advance_epoch_tx[0m[2m:[0m [2msui_core::authority[0m[2m:[0m [2mcrates/sui-core/src/authority.rs[0m[2m:[0m[2m4784:[0m support for upgrade [3mtotal_votes[0m[2m=[0m10000 [3mquorum_threshold[0m[2m=[0m6667 [3mbuffer_stake_bps[0m[2m=[0m5000 [3meffective_threshold[0m[2m=[0m8334 [3mproposed_protocol_version[0m[2m=[0mProtocolVersion(48) [3mpackages[0m[2m=[0m[(0x0000000000000000000000000000000000000000000000000000000000000001, SequenceNumber(1), o#96Jb9mkzfqNLYnEMpVxB5dqrKbBaj23w7iXPjTYFdrQw), (0x0000000000000000000000000000000000000000000000000000000000000002, SequenceNumber(2), o#26xJj5urud1ErPtdD9Ak2uWtBGmzeb1ixJimJbkEhqzi), (0x0000000000000000000000000000000000000000000000000000000000000003, SequenceNumber(2), o#DF5dfASe4ZDkSCbUKiNv6i44DUPQSgtpV7BoPFJxNLcu), (0x000000000000000000000000000000000000000000000000000000000000000b, SequenceNumber(2), o#8vwgz9iNeskH5LiGvDEfqFhuxwuiUVnKJBbDthPcVcK1), (0x00000000000000000000000000000000000000000000000000000000000000c8, SequenceNumber(2), o#8mxAzFggYWTk2EcWLVbvhGohJUAeKimeRNdivg4tL1ff)]
[2m2025-03-25T07:54:43.302527Z[0m [32m INFO[0m [1mnode[0m[1m{[0m[3mname[0m[2m=[0mk#8dcff6d1..[1m}[0m[2m:[0m[1maugment_epoch_last_checkpoint[0m[2m:[0m[1mcreate_and_execute_advance_epoch_tx[0m[2m:[0m [2msui_core::authority[0m[2m:[0m [2mcrates/sui-core/src/authority.rs[0m[2m:[0m[2m4743:[0m validator k#8dcff6d1.. supports SupportedProtocolVersions { min: ProtocolVersion(1), max: ProtocolVersion(70) } with system packages: [(0x0000000000000000000000000000000000000000000000000000000000000001, SequenceNumber(1), o#96Jb9mkzfqNLYnEMpVxB5dqrKbBaj23w7iXPjTYFdrQw), (0x0000000000000000000000000000000000000000000000000000000000000002, SequenceNumber(2), o#26xJj5urud1ErPtdD9Ak2uWtBGmzeb1ixJimJbkEhqzi), (0x0000000000000000000000000000000000000000000000000000000000000003, SequenceNumber(2), o#DF5dfASe4ZDkSCbUKiNv6i44DUPQSgtpV7BoPFJxNLcu), (0x000000000000000000000000000000000000000000000000000000000000000b, SequenceNumber(2), o#8vwgz9iNeskH5LiGvDEfqFhuxwuiUVnKJBbDthPcVcK1), (0x00000000000000000000000000000000000000000000000000000000000000c8, SequenceNumber(2), o#8mxAzFggYWTk2EcWLVbvhGohJUAeKimeRNdivg4tL1ff)]
[2m2025-03-25T07:54:43.302539Z[0m [32m INFO[0m [1mnode[0m[1m{[0m[3mname[0m[2m=[0mk#99f25ef6..[1m}[0m[2m:[0m[1maugment_epoch_last_checkpoint[0m[2m:[0m[1mcreate_and_execute_advance_epoch_tx[0m[2m:[0m [2msui_core::authority[0m[2m:[0m [2mcrates/sui-core/src/authority.rs[0m[2m:[0m[2m4743:[0m validator k#8dcff6d1.. supports SupportedProtocolVersions { min: ProtocolVersion(1), max: ProtocolVersion(70) } with system packages: [(0x0000000000000000000000000000000000000000000000000000000000000001, SequenceNumber(1), o#96Jb9mkzfqNLYnEMpVxB5dqrKbBaj23w7iXPjTYFdrQw), (0x0000000000000000000000000000000000000000000000000000000000000002, SequenceNumber(2), o#26xJj5urud1ErPtdD9Ak2uWtBGmzeb1ixJimJbkEhqzi), (0x0000000000000000000000000000000000000000000000000000000000000003, SequenceNumber(2), o#DF5dfASe4ZDkSCbUKiNv6i44DUPQSgtpV7BoPFJxNLcu), (0x000000000000000000000000000000000000000000000000000000000000000b, SequenceNumber(2), o#8vwgz9iNeskH5LiGvDEfqFhuxwuiUVnKJBbDthPcVcK1), (0x00000000000000000000000000000000000000000000000000000000000000c8, SequenceNumber(2), o#8mxAzFggYWTk2EcWLVbvhGohJUAeKimeRNdivg4tL1ff)]
[2m2025-03-25T07:54:43.302573Z[0m [32m INFO[0m [1mnode[0m[1m{[0m[3mname[0m[2m=[0mk#8dcff6d1..[1m}[0m[2m:[0m[1maugment_epoch_last_checkpoint[0m[2m:[0m[1mcreate_and_execute_advance_epoch_tx[0m[2m:[0m [2msui_core::authority[0m[2m:[0m [2mcrates/sui-core/src/authority.rs[0m[2m:[0m[2m4743:[0m validator k#99f25ef6.. supports SupportedProtocolVersions { min: ProtocolVersion(1), max: ProtocolVersion(70) } with system packages: [(0x0000000000000000000000000000000000000000000000000000000000000001, SequenceNumber(1), o#96Jb9mkzfqNLYnEMpVxB5dqrKbBaj23w7iXPjTYFdrQw), (0x0000000000000000000000000000000000000000000000000000000000000002, SequenceNumber(2), o#26xJj5urud1ErPtdD9Ak2uWtBGmzeb1ixJimJbkEhqzi), (0x0000000000000000000000000000000000000000000000000000000000000003, SequenceNumber(2), o#DF5dfASe4ZDkSCbUKiNv6i44DUPQSgtpV7BoPFJxNLcu), (0x000000000000000000000000000000000000000000000000000000000000000b, SequenceNumber(2), o#8vwgz9iNeskH5LiGvDEfqFhuxwuiUVnKJBbDthPcVcK1), (0x00000000000000000000000000000000000000000000000000000000000000c8, SequenceNumber(2), o#8mxAzFggYWTk2EcWLVbvhGohJUAeKimeRNdivg4tL1ff)]
[2m2025-03-25T07:54:43.302587Z[0m [32m INFO[0m [1mnode[0m[1m{[0m[3mname[0m[2m=[0mk#99f25ef6..[1m}[0m[2m:[0m[1maugment_epoch_last_checkpoint[0m[2m:[0m[1mcreate_and_execute_advance_epoch_tx[0m[2m:[0m [2msui_core::authority[0m[2m:[0m [2mcrates/sui-core/src/authority.rs[0m[2m:[0m[2m4743:[0m validator k#99f25ef6.. supports SupportedProtocolVersions { min: ProtocolVersion(1), max: ProtocolVersion(70) } with system packages: [(0x0000000000000000000000000000000000000000000000000000000000000001, SequenceNumber(1), o#96Jb9mkzfqNLYnEMpVxB5dqrKbBaj23w7iXPjTYFdrQw), (0x0000000000000000000000000000000000000000000000000000000000000002, SequenceNumber(2), o#26xJj5urud1ErPtdD9Ak2uWtBGmzeb1ixJimJbkEhqzi), (0x0000000000000000000000000000000000000000000000000000000000000003, SequenceNumber(2), o#DF5dfASe4ZDkSCbUKiNv6i44DUPQSgtpV7BoPFJxNLcu), (0x000000000000000000000000000000000000000000000000000000000000000b, SequenceNumber(2), o#8vwgz9iNeskH5LiGvDEfqFhuxwuiUVnKJBbDthPcVcK1), (0x00000000000000000000000000000000000000000000000000000000000000c8, SequenceNumber(2), o#8mxAzFggYWTk2EcWLVbvhGohJUAeKimeRNdivg4tL1ff)]
[2m2025-03-25T07:54:43.302619Z[0m [32m INFO[0m [1mnode[0m[1m{[0m[3mname[0m[2m=[0mk#8dcff6d1..[1m}[0m[2m:[0m[1maugment_epoch_last_checkpoint[0m[2m:[0m[1mcreate_and_execute_advance_epoch_tx[0m[2m:[0m [2msui_core::authority[0m[2m:[0m [2mcrates/sui-core/src/authority.rs[0m[2m:[0m[2m4743:[0m validator k#addeef94.. supports SupportedProtocolVersions { min: ProtocolVersion(1), max: ProtocolVersion(70) } with system packages: [(0x0000000000000000000000000000000000000000000000000000000000000001, SequenceNumber(1), o#96Jb9mkzfqNLYnEMpVxB5dqrKbBaj23w7iXPjTYFdrQw), (0x0000000000000000000000000000000000000000000000000000000000000002, SequenceNumber(2), o#26xJj5urud1ErPtdD9Ak2uWtBGmzeb1ixJimJbkEhqzi), (0x0000000000000000000000000000000000000000000000000000000000000003, SequenceNumber(2), o#DF5dfASe4ZDkSCbUKiNv6i44DUPQSgtpV7BoPFJxNLcu), (0x000000000000000000000000000000000000000000000000000000000000000b, SequenceNumber(2), o#8vwgz9iNeskH5LiGvDEfqFhuxwuiUVnKJBbDthPcVcK1), (0x00000000000000000000000000000000000000000000000000000000000000c8, SequenceNumber(2), o#8mxAzFggYWTk2EcWLVbvhGohJUAeKimeRNdivg4tL1ff)]
[2m2025-03-25T07:54:43.302636Z[0m [32m INFO[0m [1mnode[0m[1m{[0m[3mname[0m[2m=[0mk#99f25ef6..[1m}[0m[2m:[0m[1maugment_epoch_last_checkpoint[0m[2m:[0m[1mcreate_and_execute_advance_epoch_tx[0m[2m:[0m [2msui_core::authority[0m[2m:[0m [2mcrates/sui-core/src/authority.rs[0m[2m:[0m[2m4743:[0m validator k#addeef94.. supports SupportedProtocolVersions { min: ProtocolVersion(1), max: ProtocolVersion(70) } with system packages: [(0x0000000000000000000000000000000000000000000000000000000000000001, SequenceNumber(1), o#96Jb9mkzfqNLYnEMpVxB5dqrKbBaj23w7iXPjTYFdrQw), (0x0000000000000000000000000000000000000000000000000000000000000002, SequenceNumber(2), o#26xJj5urud1ErPtdD9Ak2uWtBGmzeb1ixJimJbkEhqzi), (0x0000000000000000000000000000000000000000000000000000000000000003, SequenceNumber(2), o#DF5dfASe4ZDkSCbUKiNv6i44DUPQSgtpV7BoPFJxNLcu), (0x000000000000000000000000000000000000000000000000000000000000000b, SequenceNumber(2), o#8vwgz9iNeskH5LiGvDEfqFhuxwuiUVnKJBbDthPcVcK1), (0x00000000000000000000000000000000000000000000000000000000000000c8, SequenceNumber(2), o#8mxAzFggYWTk2EcWLVbvhGohJUAeKimeRNdivg4tL1ff)]
[2m2025-03-25T07:54:43.302672Z[0m [32m INFO[0m [1mnode[0m[1m{[0m[3mname[0m[2m=[0mk#8dcff6d1..[1m}[0m[2m:[0m[1maugment_epoch_last_checkpoint[0m[2m:[0m[1mcreate_and_execute_advance_epoch_tx[0m[2m:[0m [2msui_core::authority[0m[2m:[0m [2mcrates/sui-core/src/authority.rs[0m[2m:[0m[2m4784:[0m support for upgrade [3mtotal_votes[0m[2m=[0m10000 [3mquorum_threshold[0m[2m=[0m6667 [3mbuffer_stake_bps[0m[2m=[0m5000 [3meffective_threshold[0m[2m=[0m8334 [3mproposed_protocol_version[0m[2m=[0mProtocolVersion(49) [3mpackages[0m[2m=[0m[(0x0000000000000000000000000000000000000000000000000000000000000001, SequenceNumber(1), o#96Jb9mkzfqNLYnEMpVxB5dqrKbBaj23w7iXPjTYFdrQw), (0x0000000000000000000000000000000000000000000000000000000000000002, SequenceNumber(2), o#26xJj5urud1ErPtdD9Ak2uWtBGmzeb1ixJimJbkEhqzi), (0x0000000000000000000000000000000000000000000000000000000000000003, SequenceNumber(2), o#DF5dfASe4ZDkSCbUKiNv6i44DUPQSgtpV7BoPFJxNLcu), (0x000000000000000000000000000000000000000000000000000000000000000b, SequenceNumber(2), o#8vwgz9iNeskH5LiGvDEfqFhuxwuiUVnKJBbDthPcVcK1), (0x00000000000000000000000000000000000000000000000000000000000000c8, SequenceNumber(2), o#8mxAzFggYWTk2EcWLVbvhGohJUAeKimeRNdivg4tL1ff)]
[2m2025-03-25T07:54:43.302688Z[0m [32m INFO[0m [1mnode[0m[1m{[0m[3mname[0m[2m=[0mk#99f25ef6..[1m}[0m[2m:[0m[1maugment_epoch_last_checkpoint[0m[2m:[0m[1mcreate_and_execute_advance_epoch_tx[0m[2m:[0m [2msui_core::authority[0m[2m:[0m [2mcrates/sui-core/src/authority.rs[0m[2m:[0m[2m4784:[0m support for upgrade [3mtotal_votes[0m[2m=[0m10000 [3mquorum_threshold[0m[2m=[0m6667 [3mbuffer_stake_bps[0m[2m=[0m5000 [3meffective_threshold[0m[2m=[0m8334 [3mproposed_protocol_version[0m[2m=[0mProtocolVersion(49) [3mpackages[0m[2m=[0m[(0x0000000000000000000000000000000000000000000000000000000000000001, SequenceNumber(1), o#96Jb9mkzfqNLYnEMpVxB5dqrKbBaj23w7iXPjTYFdrQw), (0x0000000000000000000000000000000000000000000000000000000000000002, SequenceNumber(2), o#26xJj5urud1ErPtdD9Ak2uWtBGmzeb1ixJimJbkEhqzi), (0x0000000000000000000000000000000000000000000000000000000000000003, SequenceNumber(2), o#DF5dfASe4ZDkSCbUKiNv6i44DUPQSgtpV7BoPFJxNLcu), (0x000000000000000000000000000000000000000000000000000000000000000b, SequenceNumber(2), o#8vwgz9iNeskH5LiGvDEfqFhuxwuiUVnKJBbDthPcVcK1), (0x00000000000000000000000000000000000000000000000000000000000000c8, SequenceNumber(2), o#8mxAzFggYWTk2EcWLVbvhGohJUAeKimeRNdivg4tL1ff)]
[2m2025-03-25T07:54:43.302723Z[0m [32m INFO[0m [1mnode[0m[1m{[0m[3mname[0m[2m=[0mk#8dcff6d1..[1m}[0m[2m:[0m[1maugment_epoch_last_checkpoint[0m[2m:[0m[1mcreate_and_execute_advance_epoch_tx[0m[2m:[0m [2msui_core::authority[0m[2m:[0m [2mcrates/sui-core/src/authority.rs[0m[2m:[0m[2m4743:[0m validator k#8dcff6d1.. supports SupportedProtocolVersions { min: ProtocolVersion(1), max: ProtocolVersion(70) } with system packages: [(0x0000000000000000000000000000000000000000000000000000000000000001, SequenceNumber(1), o#96Jb9mkzfqNLYnEMpVxB5dqrKbBaj23w7iXPjTYFdrQw), (0x0000000000000000000000000000000000000000000000000000000000000002, SequenceNumber(2), o#26xJj5urud1ErPtdD9Ak2uWtBGmzeb1ixJimJbkEhqzi), (0x0000000000000000000000000000000000000000000000000000000000000003, SequenceNumber(2), o#DF5dfASe4ZDkSCbUKiNv6i44DUPQSgtpV7BoPFJxNLcu), (0x000000000000000000000000000000000000000000000000000000000000000b, SequenceNumber(2), o#8vwgz9iNeskH5LiGvDEfqFhuxwuiUVnKJBbDthPcVcK1), (0x00000000000000000000000000000000000000000000000000000000000000c8, SequenceNumber(2), o#8mxAzFggYWTk2EcWLVbvhGohJUAeKimeRNdivg4tL1ff)]
[2m2025-03-25T07:54:43.302740Z[0m [32m INFO[0m [1mnode[0m[1m{[0m[3mname[0m[2m=[0mk#99f25ef6..[1m}[0m[2m:[0m[1maugment_epoch_last_checkpoint[0m[2m:[0m[1mcreate_and_execute_advance_epoch_tx[0m[2m:[0m [2msui_core::authority[0m[2m:[0m [2mcrates/sui-core/src/authority.rs[0m[2m:[0m[2m4743:[0m validator k#8dcff6d1.. supports SupportedProtocolVersions { min: ProtocolVersion(1), max: ProtocolVersion(70) } with system packages: [(0x0000000000000000000000000000000000000000000000000000000000000001, SequenceNumber(1), o#96Jb9mkzfqNLYnEMpVxB5dqrKbBaj23w7iXPjTYFdrQw), (0x0000000000000000000000000000000000000000000000000000000000000002, SequenceNumber(2), o#26xJj5urud1ErPtdD9Ak2uWtBGmzeb1ixJimJbkEhqzi), (0x0000000000000000000000000000000000000000000000000000000000000003, SequenceNumber(2), o#DF5dfASe4ZDkSCbUKiNv6i44DUPQSgtpV7BoPFJxNLcu), (0x000000000000000000000000000000000000000000000000000000000000000b, SequenceNumber(2), o#8vwgz9iNeskH5LiGvDEfqFhuxwuiUVnKJBbDthPcVcK1), (0x00000000000000000000000000000000000000000000000000000000000000c8, SequenceNumber(2), o#8mxAzFggYWTk2EcWLVbvhGohJUAeKimeRNdivg4tL1ff)]
[2m2025-03-25T07:54:43.302772Z[0m [32m INFO[0m [1mnode[0m[1m{[0m[3mname[0m[2m=[0mk#8dcff6d1..[1m}[0m[2m:[0m[1maugment_epoch_last_checkpoint[0m[2m:[0m[1mcreate_and_execute_advance_epoch_tx[0m[2m:[0m [2msui_core::authority[0m[2m:[0m [2mcrates/sui-core/src/authority.rs[0m[2m:[0m[2m4743:[0m validator k#99f25ef6.. supports SupportedProtocolVersions { min: ProtocolVersion(1), max: ProtocolVersion(70) } with system packages: [(0x0000000000000000000000000000000000000000000000000000000000000001, SequenceNumber(1), o#96Jb9mkzfqNLYnEMpVxB5dqrKbBaj23w7iXPjTYFdrQw), (0x0000000000000000000000000000000000000000000000000000000000000002, SequenceNumber(2), o#26xJj5urud1ErPtdD9Ak2uWtBGmzeb1ixJimJbkEhqzi), (0x0000000000000000000000000000000000000000000000000000000000000003, SequenceNumber(2), o#DF5dfASe4ZDkSCbUKiNv6i44DUPQSgtpV7BoPFJxNLcu), (0x000000000000000000000000000000000000000000000000000000000000000b, SequenceNumber(2), o#8vwgz9iNeskH5LiGvDEfqFhuxwuiUVnKJBbDthPcVcK1), (0x00000000000000000000000000000000000000000000000000000000000000c8, SequenceNumber(2), o#8mxAzFggYWTk2EcWLVbvhGohJUAeKimeRNdivg4tL1ff)]
[2m2025-03-25T07:54:43.302788Z[0m [32m INFO[0m [1mnode[0m[1m{[0m[3mname[0m[2m=[0mk#99f25ef6..[1m}[0m[2m:[0m[1maugment_epoch_last_checkpoint[0m[2m:[0m[1mcreate_and_execute_advance_epoch_tx[0m[2m:[0m [2msui_core::authority[0m[2m:[0m [2mcrates/sui-core/src/authority.rs[0m[2m:[0m[2m4743:[0m validator k#99f25ef6.. supports SupportedProtocolVersions { min: ProtocolVersion(1), max: ProtocolVersion(70) } with system packages: [(0x0000000000000000000000000000000000000000000000000000000000000001, SequenceNumber(1), o#96Jb9mkzfqNLYnEMpVxB5dqrKbBaj23w7iXPjTYFdrQw), (0x0000000000000000000000000000000000000000000000000000000000000002, SequenceNumber(2), o#26xJj5urud1ErPtdD9Ak2uWtBGmzeb1ixJimJbkEhqzi), (0x0000000000000000000000000000000000000000000000000000000000000003, SequenceNumber(2), o#DF5dfASe4ZDkSCbUKiNv6i44DUPQSgtpV7BoPFJxNLcu), (0x000000000000000000000000000000000000000000000000000000000000000b, SequenceNumber(2), o#8vwgz9iNeskH5LiGvDEfqFhuxwuiUVnKJBbDthPcVcK1), (0x00000000000000000000000000000000000000000000000000000000000000c8, SequenceNumber(2), o#8mxAzFggYWTk2EcWLVbvhGohJUAeKimeRNdivg4tL1ff)]
[2m2025-03-25T07:54:43.302820Z[0m [32m INFO[0m [1mnode[0m[1m{[0m[3mname[0m[2m=[0mk#8dcff6d1..[1m}[0m[2m:[0m[1maugment_epoch_last_checkpoint[0m[2m:[0m[1mcreate_and_execute_advance_epoch_tx[0m[2m:[0m [2msui_core::authority[0m[2m:[0m [2mcrates/sui-core/src/authority.rs[0m[2m:[0m[2m4743:[0m validator k#addeef94.. supports SupportedProtocolVersions { min: ProtocolVersion(1), max: ProtocolVersion(70) } with system packages: [(0x0000000000000000000000000000000000000000000000000000000000000001, SequenceNumber(1), o#96Jb9mkzfqNLYnEMpVxB5dqrKbBaj23w7iXPjTYFdrQw), (0x0000000000000000000000000000000000000000000000000000000000000002, SequenceNumber(2), o#26xJj5urud1ErPtdD9Ak2uWtBGmzeb1ixJimJbkEhqzi), (0x0000000000000000000000000000000000000000000000000000000000000003, SequenceNumber(2), o#DF5dfASe4ZDkSCbUKiNv6i44DUPQSgtpV7BoPFJxNLcu), (0x000000000000000000000000000000000000000000000000000000000000000b, SequenceNumber(2), o#8vwgz9iNeskH5LiGvDEfqFhuxwuiUVnKJBbDthPcVcK1), (0x00000000000000000000000000000000000000000000000000000000000000c8, SequenceNumber(2), o#8mxAzFggYWTk2EcWLVbvhGohJUAeKimeRNdivg4tL1ff)]
[2m2025-03-25T07:54:43.302835Z[0m [32m INFO[0m [1mnode[0m[1m{[0m[3mname[0m[2m=[0mk#99f25ef6..[1m}[0m[2m:[0m[1maugment_epoch_last_checkpoint[0m[2m:[0m[1mcreate_and_execute_advance_epoch_tx[0m[2m:[0m [2msui_core::authority[0m[2m:[0m [2mcrates/sui-core/src/authority.rs[0m[2m:[0m[2m4743:[0m validator k#addeef94.. supports SupportedProtocolVersions { min: ProtocolVersion(1), max: ProtocolVersion(70) } with system packages: [(0x0000000000000000000000000000000000000000000000000000000000000001, SequenceNumber(1), o#96Jb9mkzfqNLYnEMpVxB5dqrKbBaj23w7iXPjTYFdrQw), (0x0000000000000000000000000000000000000000000000000000000000000002, SequenceNumber(2), o#26xJj5urud1ErPtdD9Ak2uWtBGmzeb1ixJimJbkEhqzi), (0x0000000000000000000000000000000000000000000000000000000000000003, SequenceNumber(2), o#DF5dfASe4ZDkSCbUKiNv6i44DUPQSgtpV7BoPFJxNLcu), (0x000000000000000000000000000000000000000000000000000000000000000b, SequenceNumber(2), o#8vwgz9iNeskH5LiGvDEfqFhuxwuiUVnKJBbDthPcVcK1), (0x00000000000000000000000000000000000000000000000000000000000000c8, SequenceNumber(2), o#8mxAzFggYWTk2EcWLVbvhGohJUAeKimeRNdivg4tL1ff)]
[2m2025-03-25T07:54:43.302871Z[0m [32m INFO[0m [1mnode[0m[1m{[0m[3mname[0m[2m=[0mk#8dcff6d1..[1m}[0m[2m:[0m[1maugment_epoch_last_checkpoint[0m[2m:[0m[1mcreate_and_execute_advance_epoch_tx[0m[2m:[0m [2msui_core::authority[0m[2m:[0m [2mcrates/sui-core/src/authority.rs[0m[2m:[0m[2m4784:[0m support for upgrade [3mtotal_votes[0m[2m=[0m10000 [3mquorum_threshold[0m[2m=[0m6667 [3mbuffer_stake_bps[0m[2m=[0m5000 [3meffective_threshold[0m[2m=[0m8334 [3mproposed_protocol_version[0m[2m=[0mProtocolVersion(50) [3mpackages[0m[2m=[0m[(0x0000000000000000000000000000000000000000000000000000000000000001, SequenceNumber(1), o#96Jb9mkzfqNLYnEMpVxB5dqrKbBaj23w7iXPjTYFdrQw), (0x0000000000000000000000000000000000000000000000000000000000000002, SequenceNumber(2), o#26xJj5urud1ErPtdD9Ak2uWtBGmzeb1ixJimJbkEhqzi), (0x0000000000000000000000000000000000000000000000000000000000000003, SequenceNumber(2), o#DF5dfASe4ZDkSCbUKiNv6i44DUPQSgtpV7BoPFJxNLcu), (0x000000000000000000000000000000000000000000000000000000000000000b, SequenceNumber(2), o#8vwgz9iNeskH5LiGvDEfqFhuxwuiUVnKJBbDthPcVcK1), (0x00000000000000000000000000000000000000000000000000000000000000c8, SequenceNumber(2), o#8mxAzFggYWTk2EcWLVbvhGohJUAeKimeRNdivg4tL1ff)]
[2m2025-03-25T07:54:43.302887Z[0m [32m INFO[0m [1mnode[0m[1m{[0m[3mname[0m[2m=[0mk#99f25ef6..[1m}[0m[2m:[0m[1maugment_epoch_last_checkpoint[0m[2m:[0m[1mcreate_and_execute_advance_epoch_tx[0m[2m:[0m [2msui_core::authority[0m[2m:[0m [2mcrates/sui-core/src/authority.rs[0m[2m:[0m[2m4784:[0m support for upgrade [3mtotal_votes[0m[2m=[0m10000 [3mquorum_threshold[0m[2m=[0m6667 [3mbuffer_stake_bps[0m[2m=[0m5000 [3meffective_threshold[0m[2m=[0m8334 [3mproposed_protocol_version[0m[2m=[0mProtocolVersion(50) [3mpackages[0m[2m=[0m[(0x0000000000000000000000000000000000000000000000000000000000000001, SequenceNumber(1), o#96Jb9mkzfqNLYnEMpVxB5dqrKbBaj23w7iXPjTYFdrQw), (0x0000000000000000000000000000000000000000000000000000000000000002, SequenceNumber(2), o#26xJj5urud1ErPtdD9Ak2uWtBGmzeb1ixJimJbkEhqzi), (0x0000000000000000000000000000000000000000000000000000000000000003, SequenceNumber(2), o#DF5dfASe4ZDkSCbUKiNv6i44DUPQSgtpV7BoPFJxNLcu), (0x000000000000000000000000000000000000000000000000000000000000000b, SequenceNumber(2), o#8vwgz9iNeskH5LiGvDEfqFhuxwuiUVnKJBbDthPcVcK1), (0x00000000000000000000000000000000000000000000000000000000000000c8, SequenceNumber(2), o#8mxAzFggYWTk2EcWLVbvhGohJUAeKimeRNdivg4tL1ff)]
[2m2025-03-25T07:54:43.302923Z[0m [32m INFO[0m [1mnode[0m[1m{[0m[3mname[0m[2m=[0mk#8dcff6d1..[1m}[0m[2m:[0m[1maugment_epoch_last_checkpoint[0m[2m:[0m[1mcreate_and_execute_advance_epoch_tx[0m[2m:[0m [2msui_core::authority[0m[2m:[0m [2mcrates/sui-core/src/authority.rs[0m[2m:[0m[2m4743:[0m validator k#8dcff6d1.. supports SupportedProtocolVersions { min: ProtocolVersion(1), max: ProtocolVersion(70) } with system packages: [(0x0000000000000000000000000000000000000000000000000000000000000001, SequenceNumber(1), o#96Jb9mkzfqNLYnEMpVxB5dqrKbBaj23w7iXPjTYFdrQw), (0x0000000000000000000000000000000000000000000000000000000000000002, SequenceNumber(2), o#26xJj5urud1ErPtdD9Ak2uWtBGmzeb1ixJimJbkEhqzi), (0x0000000000000000000000000000000000000000000000000000000000000003, SequenceNumber(2), o#DF5dfASe4ZDkSCbUKiNv6i44DUPQSgtpV7BoPFJxNLcu), (0x000000000000000000000000000000000000000000000000000000000000000b, SequenceNumber(2), o#8vwgz9iNeskH5LiGvDEfqFhuxwuiUVnKJBbDthPcVcK1), (0x00000000000000000000000000000000000000000000000000000000000000c8, SequenceNumber(2), o#8mxAzFggYWTk2EcWLVbvhGohJUAeKimeRNdivg4tL1ff)]
[2m2025-03-25T07:54:43.302939Z[0m [32m INFO[0m [1mnode[0m[1m{[0m[3mname[0m[2m=[0mk#99f25ef6..[1m}[0m[2m:[0m[1maugment_epoch_last_checkpoint[0m[2m:[0m[1mcreate_and_execute_advance_epoch_tx[0m[2m:[0m [2msui_core::authority[0m[2m:[0m [2mcrates/sui-core/src/authority.rs[0m[2m:[0m[2m4743:[0m validator k#8dcff6d1.. supports SupportedProtocolVersions { min: ProtocolVersion(1), max: ProtocolVersion(70) } with system packages: [(0x0000000000000000000000000000000000000000000000000000000000000001, SequenceNumber(1), o#96Jb9mkzfqNLYnEMpVxB5dqrKbBaj23w7iXPjTYFdrQw), (0x0000000000000000000000000000000000000000000000000000000000000002, SequenceNumber(2), o#26xJj5urud1ErPtdD9Ak2uWtBGmzeb1ixJimJbkEhqzi), (0x0000000000000000000000000000000000000000000000000000000000000003, SequenceNumber(2), o#DF5dfASe4ZDkSCbUKiNv6i44DUPQSgtpV7BoPFJxNLcu), (0x000000000000000000000000000000000000000000000000000000000000000b, SequenceNumber(2), o#8vwgz9iNeskH5LiGvDEfqFhuxwuiUVnKJBbDthPcVcK1), (0x00000000000000000000000000000000000000000000000000000000000000c8, SequenceNumber(2), o#8mxAzFggYWTk2EcWLVbvhGohJUAeKimeRNdivg4tL1ff)]
[2m2025-03-25T07:54:43.302970Z[0m [32m INFO[0m [1mnode[0m[1m{[0m[3mname[0m[2m=[0mk#8dcff6d1..[1m}[0m[2m:[0m[1maugment_epoch_last_checkpoint[0m[2m:[0m[1mcreate_and_execute_advance_epoch_tx[0m[2m:[0m [2msui_core::authority[0m[2m:[0m [2mcrates/sui-core/src/authority.rs[0m[2m:[0m[2m4743:[0m validator k#99f25ef6.. supports SupportedProtocolVersions { min: ProtocolVersion(1), max: ProtocolVersion(70) } with system packages: [(0x0000000000000000000000000000000000000000000000000000000000000001, SequenceNumber(1), o#96Jb9mkzfqNLYnEMpVxB5dqrKbBaj23w7iXPjTYFdrQw), (0x0000000000000000000000000000000000000000000000000000000000000002, SequenceNumber(2), o#26xJj5urud1ErPtdD9Ak2uWtBGmzeb1ixJimJbkEhqzi), (0x0000000000000000000000000000000000000000000000000000000000000003, SequenceNumber(2), o#DF5dfASe4ZDkSCbUKiNv6i44DUPQSgtpV7BoPFJxNLcu), (0x000000000000000000000000000000000000000000000000000000000000000b, SequenceNumber(2), o#8vwgz9iNeskH5LiGvDEfqFhuxwuiUVnKJBbDthPcVcK1), (0x00000000000000000000000000000000000000000000000000000000000000c8, SequenceNumber(2), o#8mxAzFggYWTk2EcWLVbvhGohJUAeKimeRNdivg4tL1ff)]
[2m2025-03-25T07:54:43.302986Z[0m [32m INFO[0m [1mnode[0m[1m{[0m[3mname[0m[2m=[0mk#99f25ef6..[1m}[0m[2m:[0m[1maugment_epoch_last_checkpoint[0m[2m:[0m[1mcreate_and_execute_advance_epoch_tx[0m[2m:[0m [2msui_core::authority[0m[2m:[0m [2mcrates/sui-core/src/authority.rs[0m[2m:[0m[2m4743:[0m validator k#99f25ef6.. supports SupportedProtocolVersions { min: ProtocolVersion(1), max: ProtocolVersion(70) } with system packages: [(0x0000000000000000000000000000000000000000000000000000000000000001, SequenceNumber(1), o#96Jb9mkzfqNLYnEMpVxB5dqrKbBaj23w7iXPjTYFdrQw), (0x0000000000000000000000000000000000000000000000000000000000000002, SequenceNumber(2), o#26xJj5urud1ErPtdD9Ak2uWtBGmzeb1ixJimJbkEhqzi), (0x0000000000000000000000000000000000000000000000000000000000000003, SequenceNumber(2), o#DF5dfASe4ZDkSCbUKiNv6i44DUPQSgtpV7BoPFJxNLcu), (0x000000000000000000000000000000000000000000000000000000000000000b, SequenceNumber(2), o#8vwgz9iNeskH5LiGvDEfqFhuxwuiUVnKJBbDthPcVcK1), (0x00000000000000000000000000000000000000000000000000000000000000c8, SequenceNumber(2), o#8mxAzFggYWTk2EcWLVbvhGohJUAeKimeRNdivg4tL1ff)]
[2m2025-03-25T07:54:43.303017Z[0m [32m INFO[0m [1mnode[0m[1m{[0m[3mname[0m[2m=[0mk#8dcff6d1..[1m}[0m[2m:[0m[1maugment_epoch_last_checkpoint[0m[2m:[0m[1mcreate_and_execute_advance_epoch_tx[0m[2m:[0m [2msui_core::authority[0m[2m:[0m [2mcrates/sui-core/src/authority.rs[0m[2m:[0m[2m4743:[0m validator k#addeef94.. supports SupportedProtocolVersions { min: ProtocolVersion(1), max: ProtocolVersion(70) } with system packages: [(0x0000000000000000000000000000000000000000000000000000000000000001, SequenceNumber(1), o#96Jb9mkzfqNLYnEMpVxB5dqrKbBaj23w7iXPjTYFdrQw), (0x0000000000000000000000000000000000000000000000000000000000000002, SequenceNumber(2), o#26xJj5urud1ErPtdD9Ak2uWtBGmzeb1ixJimJbkEhqzi), (0x0000000000000000000000000000000000000000000000000000000000000003, SequenceNumber(2), o#DF5dfASe4ZDkSCbUKiNv6i44DUPQSgtpV7BoPFJxNLcu), (0x000000000000000000000000000000000000000000000000000000000000000b, SequenceNumber(2), o#8vwgz9iNeskH5LiGvDEfqFhuxwuiUVnKJBbDthPcVcK1), (0x00000000000000000000000000000000000000000000000000000000000000c8, SequenceNumber(2), o#8mxAzFggYWTk2EcWLVbvhGohJUAeKimeRNdivg4tL1ff)]
[2m2025-03-25T07:54:43.303033Z[0m [32m INFO[0m [1mnode[0m[1m{[0m[3mname[0m[2m=[0mk#99f25ef6..[1m}[0m[2m:[0m[1maugment_epoch_last_checkpoint[0m[2m:[0m[1mcreate_and_execute_advance_epoch_tx[0m[2m:[0m [2msui_core::authority[0m[2m:[0m [2mcrates/sui-core/src/authority.rs[0m[2m:[0m[2m4743:[0m validator k#addeef94.. supports SupportedProtocolVersions { min: ProtocolVersion(1), max: ProtocolVersion(70) } with system packages: [(0x0000000000000000000000000000000000000000000000000000000000000001, SequenceNumber(1), o#96Jb9mkzfqNLYnEMpVxB5dqrKbBaj23w7iXPjTYFdrQw), (0x0000000000000000000000000000000000000000000000000000000000000002, SequenceNumber(2), o#26xJj5urud1ErPtdD9Ak2uWtBGmzeb1ixJimJbkEhqzi), (0x0000000000000000000000000000000000000000000000000000000000000003, SequenceNumber(2), o#DF5dfASe4ZDkSCbUKiNv6i44DUPQSgtpV7BoPFJxNLcu), (0x000000000000000000000000000000000000000000000000000000000000000b, SequenceNumber(2), o#8vwgz9iNeskH5LiGvDEfqFhuxwuiUVnKJBbDthPcVcK1), (0x00000000000000000000000000000000000000000000000000000000000000c8, SequenceNumber(2), o#8mxAzFggYWTk2EcWLVbvhGohJUAeKimeRNdivg4tL1ff)]
[2m2025-03-25T07:54:43.303069Z[0m [32m INFO[0m [1mnode[0m[1m{[0m[3mname[0m[2m=[0mk#8dcff6d1..[1m}[0m[2m:[0m[1maugment_epoch_last_checkpoint[0m[2m:[0m[1mcreate_and_execute_advance_epoch_tx[0m[2m:[0m [2msui_core::authority[0m[2m:[0m [2mcrates/sui-core/src/authority.rs[0m[2m:[0m[2m4784:[0m support for upgrade [3mtotal_votes[0m[2m=[0m10000 [3mquorum_threshold[0m[2m=[0m6667 [3mbuffer_stake_bps[0m[2m=[0m5000 [3meffective_threshold[0m[2m=[0m8334 [3mproposed_protocol_version[0m[2m=[0mProtocolVersion(51) [3mpackages[0m[2m=[0m[(0x0000000000000000000000000000000000000000000000000000000000000001, SequenceNumber(1), o#96Jb9mkzfqNLYnEMpVxB5dqrKbBaj23w7iXPjTYFdrQw), (0x0000000000000000000000000000000000000000000000000000000000000002, SequenceNumber(2), o#26xJj5urud1ErPtdD9Ak2uWtBGmzeb1ixJimJbkEhqzi), (0x0000000000000000000000000000000000000000000000000000000000000003, SequenceNumber(2), o#DF5dfASe4ZDkSCbUKiNv6i44DUPQSgtpV7BoPFJxNLcu), (0x000000000000000000000000000000000000000000000000000000000000000b, SequenceNumber(2), o#8vwgz9iNeskH5LiGvDEfqFhuxwuiUVnKJBbDthPcVcK1), (0x00000000000000000000000000000000000000000000000000000000000000c8, SequenceNumber(2), o#8mxAzFggYWTk2EcWLVbvhGohJUAeKimeRNdivg4tL1ff)]
[2m2025-03-25T07:54:43.303085Z[0m [32m INFO[0m [1mnode[0m[1m{[0m[3mname[0m[2m=[0mk#99f25ef6..[1m}[0m[2m:[0m[1maugment_epoch_last_checkpoint[0m[2m:[0m[1mcreate_and_execute_advance_epoch_tx[0m[2m:[0m [2msui_core::authority[0m[2m:[0m [2mcrates/sui-core/src/authority.rs[0m[2m:[0m[2m4784:[0m support for upgrade [3mtotal_votes[0m[2m=[0m10000 [3mquorum_threshold[0m[2m=[0m6667 [3mbuffer_stake_bps[0m[2m=[0m5000 [3meffective_threshold[0m[2m=[0m8334 [3mproposed_protocol_version[0m[2m=[0mProtocolVersion(51) [3mpackages[0m[2m=[0m[(0x0000000000000000000000000000000000000000000000000000000000000001, SequenceNumber(1), o#96Jb9mkzfqNLYnEMpVxB5dqrKbBaj23w7iXPjTYFdrQw), (0x0000000000000000000000000000000000000000000000000000000000000002, SequenceNumber(2), o#26xJj5urud1ErPtdD9Ak2uWtBGmzeb1ixJimJbkEhqzi), (0x0000000000000000000000000000000000000000000000000000000000000003, SequenceNumber(2), o#DF5dfASe4ZDkSCbUKiNv6i44DUPQSgtpV7BoPFJxNLcu), (0x000000000000000000000000000000000000000000000000000000000000000b, SequenceNumber(2), o#8vwgz9iNeskH5LiGvDEfqFhuxwuiUVnKJBbDthPcVcK1), (0x00000000000000000000000000000000000000000000000000000000000000c8, SequenceNumber(2), o#8mxAzFggYWTk2EcWLVbvhGohJUAeKimeRNdivg4tL1ff)]
[2m2025-03-25T07:54:43.303122Z[0m [32m INFO[0m [1mnode[0m[1m{[0m[3mname[0m[2m=[0mk#8dcff6d1..[1m}[0m[2m:[0m[1maugment_epoch_last_checkpoint[0m[2m:[0m[1mcreate_and_execute_advance_epoch_tx[0m[2m:[0m [2msui_core::authority[0m[2m:[0m [2mcrates/sui-core/src/authority.rs[0m[2m:[0m[2m4743:[0m validator k#8dcff6d1.. supports SupportedProtocolVersions { min: ProtocolVersion(1), max: ProtocolVersion(70) } with system packages: [(0x0000000000000000000000000000000000000000000000000000000000000001, SequenceNumber(1), o#96Jb9mkzfqNLYnEMpVxB5dqrKbBaj23w7iXPjTYFdrQw), (0x0000000000000000000000000000000000000000000000000000000000000002, SequenceNumber(2), o#26xJj5urud1ErPtdD9Ak2uWtBGmzeb1ixJimJbkEhqzi), (0x0000000000000000000000000000000000000000000000000000000000000003, SequenceNumber(2), o#DF5dfASe4ZDkSCbUKiNv6i44DUPQSgtpV7BoPFJxNLcu), (0x000000000000000000000000000000000000000000000000000000000000000b, SequenceNumber(2), o#8vwgz9iNeskH5LiGvDEfqFhuxwuiUVnKJBbDthPcVcK1), (0x00000000000000000000000000000000000000000000000000000000000000c8, SequenceNumber(2), o#8mxAzFggYWTk2EcWLVbvhGohJUAeKimeRNdivg4tL1ff)]
[2m2025-03-25T07:54:43.303137Z[0m [32m INFO[0m [1mnode[0m[1m{[0m[3mname[0m[2m=[0mk#99f25ef6..[1m}[0m[2m:[0m[1maugment_epoch_last_checkpoint[0m[2m:[0m[1mcreate_and_execute_advance_epoch_tx[0m[2m:[0m [2msui_core::authority[0m[2m:[0m [2mcrates/sui-core/src/authority.rs[0m[2m:[0m[2m4743:[0m validator k#8dcff6d1.. supports SupportedProtocolVersions { min: ProtocolVersion(1), max: ProtocolVersion(70) } with system packages: [(0x0000000000000000000000000000000000000000000000000000000000000001, SequenceNumber(1), o#96Jb9mkzfqNLYnEMpVxB5dqrKbBaj23w7iXPjTYFdrQw), (0x0000000000000000000000000000000000000000000000000000000000000002, SequenceNumber(2), o#26xJj5urud1ErPtdD9Ak2uWtBGmzeb1ixJimJbkEhqzi), (0x0000000000000000000000000000000000000000000000000000000000000003, SequenceNumber(2), o#DF5dfASe4ZDkSCbUKiNv6i44DUPQSgtpV7BoPFJxNLcu), (0x000000000000000000000000000000000000000000000000000000000000000b, SequenceNumber(2), o#8vwgz9iNeskH5LiGvDEfqFhuxwuiUVnKJBbDthPcVcK1), (0x00000000000000000000000000000000000000000000000000000000000000c8, SequenceNumber(2), o#8mxAzFggYWTk2EcWLVbvhGohJUAeKimeRNdivg4tL1ff)]
[2m2025-03-25T07:54:43.303168Z[0m [32m INFO[0m [1mnode[0m[1m{[0m[3mname[0m[2m=[0mk#8dcff6d1..[1m}[0m[2m:[0m[1maugment_epoch_last_checkpoint[0m[2m:[0m[1mcreate_and_execute_advance_epoch_tx[0m[2m:[0m [2msui_core::authority[0m[2m:[0m [2mcrates/sui-core/src/authority.rs[0m[2m:[0m[2m4743:[0m validator k#99f25ef6.. supports SupportedProtocolVersions { min: ProtocolVersion(1), max: ProtocolVersion(70) } with system packages: [(0x0000000000000000000000000000000000000000000000000000000000000001, SequenceNumber(1), o#96Jb9mkzfqNLYnEMpVxB5dqrKbBaj23w7iXPjTYFdrQw), (0x0000000000000000000000000000000000000000000000000000000000000002, SequenceNumber(2), o#26xJj5urud1ErPtdD9Ak2uWtBGmzeb1ixJimJbkEhqzi), (0x0000000000000000000000000000000000000000000000000000000000000003, SequenceNumber(2), o#DF5dfASe4ZDkSCbUKiNv6i44DUPQSgtpV7BoPFJxNLcu), (0x000000000000000000000000000000000000000000000000000000000000000b, SequenceNumber(2), o#8vwgz9iNeskH5LiGvDEfqFhuxwuiUVnKJBbDthPcVcK1), (0x00000000000000000000000000000000000000000000000000000000000000c8, SequenceNumber(2), o#8mxAzFggYWTk2EcWLVbvhGohJUAeKimeRNdivg4tL1ff)]
[2m2025-03-25T07:54:43.303185Z[0m [32m INFO[0m [1mnode[0m[1m{[0m[3mname[0m[2m=[0mk#99f25ef6..[1m}[0m[2m:[0m[1maugment_epoch_last_checkpoint[0m[2m:[0m[1mcreate_and_execute_advance_epoch_tx[0m[2m:[0m [2msui_core::authority[0m[2m:[0m [2mcrates/sui-core/src/authority.rs[0m[2m:[0m[2m4743:[0m validator k#99f25ef6.. supports SupportedProtocolVersions { min: ProtocolVersion(1), max: ProtocolVersion(70) } with system packages: [(0x0000000000000000000000000000000000000000000000000000000000000001, SequenceNumber(1), o#96Jb9mkzfqNLYnEMpVxB5dqrKbBaj23w7iXPjTYFdrQw), (0x0000000000000000000000000000000000000000000000000000000000000002, SequenceNumber(2), o#26xJj5urud1ErPtdD9Ak2uWtBGmzeb1ixJimJbkEhqzi), (0x0000000000000000000000000000000000000000000000000000000000000003, SequenceNumber(2), o#DF5dfASe4ZDkSCbUKiNv6i44DUPQSgtpV7BoPFJxNLcu), (0x000000000000000000000000000000000000000000000000000000000000000b, SequenceNumber(2), o#8vwgz9iNeskH5LiGvDEfqFhuxwuiUVnKJBbDthPcVcK1), (0x00000000000000000000000000000000000000000000000000000000000000c8, SequenceNumber(2), o#8mxAzFggYWTk2EcWLVbvhGohJUAeKimeRNdivg4tL1ff)]
[2m2025-03-25T07:54:43.303216Z[0m [32m INFO[0m [1mnode[0m[1m{[0m[3mname[0m[2m=[0mk#8dcff6d1..[1m}[0m[2m:[0m[1maugment_epoch_last_checkpoint[0m[2m:[0m[1mcreate_and_execute_advance_epoch_tx[0m[2m:[0m [2msui_core::authority[0m[2m:[0m [2mcrates/sui-core/src/authority.rs[0m[2m:[0m[2m4743:[0m validator k#addeef94.. supports SupportedProtocolVersions { min: ProtocolVersion(1), max: ProtocolVersion(70) } with system packages: [(0x0000000000000000000000000000000000000000000000000000000000000001, SequenceNumber(1), o#96Jb9mkzfqNLYnEMpVxB5dqrKbBaj23w7iXPjTYFdrQw), (0x0000000000000000000000000000000000000000000000000000000000000002, SequenceNumber(2), o#26xJj5urud1ErPtdD9Ak2uWtBGmzeb1ixJimJbkEhqzi), (0x0000000000000000000000000000000000000000000000000000000000000003, SequenceNumber(2), o#DF5dfASe4ZDkSCbUKiNv6i44DUPQSgtpV7BoPFJxNLcu), (0x000000000000000000000000000000000000000000000000000000000000000b, SequenceNumber(2), o#8vwgz9iNeskH5LiGvDEfqFhuxwuiUVnKJBbDthPcVcK1), (0x00000000000000000000000000000000000000000000000000000000000000c8, SequenceNumber(2), o#8mxAzFggYWTk2EcWLVbvhGohJUAeKimeRNdivg4tL1ff)]
[2m2025-03-25T07:54:43.303232Z[0m [32m INFO[0m [1mnode[0m[1m{[0m[3mname[0m[2m=[0mk#99f25ef6..[1m}[0m[2m:[0m[1maugment_epoch_last_checkpoint[0m[2m:[0m[1mcreate_and_execute_advance_epoch_tx[0m[2m:[0m [2msui_core::authority[0m[2m:[0m [2mcrates/sui-core/src/authority.rs[0m[2m:[0m[2m4743:[0m validator k#addeef94.. supports SupportedProtocolVersions { min: ProtocolVersion(1), max: ProtocolVersion(70) } with system packages: [(0x0000000000000000000000000000000000000000000000000000000000000001, SequenceNumber(1), o#96Jb9mkzfqNLYnEMpVxB5dqrKbBaj23w7iXPjTYFdrQw), (0x0000000000000000000000000000000000000000000000000000000000000002, SequenceNumber(2), o#26xJj5urud1ErPtdD9Ak2uWtBGmzeb1ixJimJbkEhqzi), (0x0000000000000000000000000000000000000000000000000000000000000003, SequenceNumber(2), o#DF5dfASe4ZDkSCbUKiNv6i44DUPQSgtpV7BoPFJxNLcu), (0x000000000000000000000000000000000000000000000000000000000000000b, SequenceNumber(2), o#8vwgz9iNeskH5LiGvDEfqFhuxwuiUVnKJBbDthPcVcK1), (0x00000000000000000000000000000000000000000000000000000000000000c8, SequenceNumber(2), o#8mxAzFggYWTk2EcWLVbvhGohJUAeKimeRNdivg4tL1ff)]
[2m2025-03-25T07:54:43.303267Z[0m [32m INFO[0m [1mnode[0m[1m{[0m[3mname[0m[2m=[0mk#8dcff6d1..[1m}[0m[2m:[0m[1maugment_epoch_last_checkpoint[0m[2m:[0m[1mcreate_and_execute_advance_epoch_tx[0m[2m:[0m [2msui_core::authority[0m[2m:[0m [2mcrates/sui-core/src/authority.rs[0m[2m:[0m[2m4784:[0m support for upgrade [3mtotal_votes[0m[2m=[0m10000 [3mquorum_threshold[0m[2m=[0m6667 [3mbuffer_stake_bps[0m[2m=[0m5000 [3meffective_threshold[0m[2m=[0m8334 [3mproposed_protocol_version[0m[2m=[0mProtocolVersion(52) [3mpackages[0m[2m=[0m[(0x0000000000000000000000000000000000000000000000000000000000000001, SequenceNumber(1), o#96Jb9mkzfqNLYnEMpVxB5dqrKbBaj23w7iXPjTYFdrQw), (0x0000000000000000000000000000000000000000000000000000000000000002, SequenceNumber(2), o#26xJj5urud1ErPtdD9Ak2uWtBGmzeb1ixJimJbkEhqzi), (0x0000000000000000000000000000000000000000000000000000000000000003, SequenceNumber(2), o#DF5dfASe4ZDkSCbUKiNv6i44DUPQSgtpV7BoPFJxNLcu), (0x000000000000000000000000000000000000000000000000000000000000000b, SequenceNumber(2), o#8vwgz9iNeskH5LiGvDEfqFhuxwuiUVnKJBbDthPcVcK1), (0x00000000000000000000000000000000000000000000000000000000000000c8, SequenceNumber(2), o#8mxAzFggYWTk2EcWLVbvhGohJUAeKimeRNdivg4tL1ff)]
[2m2025-03-25T07:54:43.303284Z[0m [32m INFO[0m [1mnode[0m[1m{[0m[3mname[0m[2m=[0mk#99f25ef6..[1m}[0m[2m:[0m[1maugment_epoch_last_checkpoint[0m[2m:[0m[1mcreate_and_execute_advance_epoch_tx[0m[2m:[0m [2msui_core::authority[0m[2m:[0m [2mcrates/sui-core/src/authority.rs[0m[2m:[0m[2m4784:[0m support for upgrade [3mtotal_votes[0m[2m=[0m10000 [3mquorum_threshold[0m[2m=[0m6667 [3mbuffer_stake_bps[0m[2m=[0m5000 [3meffective_threshold[0m[2m=[0m8334 [3mproposed_protocol_version[0m[2m=[0mProtocolVersion(52) [3mpackages[0m[2m=[0m[(0x0000000000000000000000000000000000000000000000000000000000000001, SequenceNumber(1), o#96Jb9mkzfqNLYnEMpVxB5dqrKbBaj23w7iXPjTYFdrQw), (0x0000000000000000000000000000000000000000000000000000000000000002, SequenceNumber(2), o#26xJj5urud1ErPtdD9Ak2uWtBGmzeb1ixJimJbkEhqzi), (0x0000000000000000000000000000000000000000000000000000000000000003, SequenceNumber(2), o#DF5dfASe4ZDkSCbUKiNv6i44DUPQSgtpV7BoPFJxNLcu), (0x000000000000000000000000000000000000000000000000000000000000000b, SequenceNumber(2), o#8vwgz9iNeskH5LiGvDEfqFhuxwuiUVnKJBbDthPcVcK1), (0x00000000000000000000000000000000000000000000000000000000000000c8, SequenceNumber(2), o#8mxAzFggYWTk2EcWLVbvhGohJUAeKimeRNdivg4tL1ff)]
[2m2025-03-25T07:54:43.303318Z[0m [32m INFO[0m [1mnode[0m[1m{[0m[3mname[0m[2m=[0mk#8dcff6d1..[1m}[0m[2m:[0m[1maugment_epoch_last_checkpoint[0m[2m:[0m[1mcreate_and_execute_advance_epoch_tx[0m[2m:[0m [2msui_core::authority[0m[2m:[0m [2mcrates/sui-core/src/authority.rs[0m[2m:[0m[2m4743:[0m validator k#8dcff6d1.. supports SupportedProtocolVersions { min: ProtocolVersion(1), max: ProtocolVersion(70) } with system packages: [(0x0000000000000000000000000000000000000000000000000000000000000001, SequenceNumber(1), o#96Jb9mkzfqNLYnEMpVxB5dqrKbBaj23w7iXPjTYFdrQw), (0x0000000000000000000000000000000000000000000000000000000000000002, SequenceNumber(2), o#26xJj5urud1ErPtdD9Ak2uWtBGmzeb1ixJimJbkEhqzi), (0x0000000000000000000000000000000000000000000000000000000000000003, SequenceNumber(2), o#DF5dfASe4ZDkSCbUKiNv6i44DUPQSgtpV7BoPFJxNLcu), (0x000000000000000000000000000000000000000000000000000000000000000b, SequenceNumber(2), o#8vwgz9iNeskH5LiGvDEfqFhuxwuiUVnKJBbDthPcVcK1), (0x00000000000000000000000000000000000000000000000000000000000000c8, SequenceNumber(2), o#8mxAzFggYWTk2EcWLVbvhGohJUAeKimeRNdivg4tL1ff)]
[2m2025-03-25T07:54:43.303336Z[0m [32m INFO[0m [1mnode[0m[1m{[0m[3mname[0m[2m=[0mk#99f25ef6..[1m}[0m[2m:[0m[1maugment_epoch_last_checkpoint[0m[2m:[0m[1mcreate_and_execute_advance_epoch_tx[0m[2m:[0m [2msui_core::authority[0m[2m:[0m [2mcrates/sui-core/src/authority.rs[0m[2m:[0m[2m4743:[0m validator k#8dcff6d1.. supports SupportedProtocolVersions { min: ProtocolVersion(1), max: ProtocolVersion(70) } with system packages: [(0x0000000000000000000000000000000000000000000000000000000000000001, SequenceNumber(1), o#96Jb9mkzfqNLYnEMpVxB5dqrKbBaj23w7iXPjTYFdrQw), (0x0000000000000000000000000000000000000000000000000000000000000002, SequenceNumber(2), o#26xJj5urud1ErPtdD9Ak2uWtBGmzeb1ixJimJbkEhqzi), (0x0000000000000000000000000000000000000000000000000000000000000003, SequenceNumber(2), o#DF5dfASe4ZDkSCbUKiNv6i44DUPQSgtpV7BoPFJxNLcu), (0x000000000000000000000000000000000000000000000000000000000000000b, SequenceNumber(2), o#8vwgz9iNeskH5LiGvDEfqFhuxwuiUVnKJBbDthPcVcK1), (0x00000000000000000000000000000000000000000000000000000000000000c8, SequenceNumber(2), o#8mxAzFggYWTk2EcWLVbvhGohJUAeKimeRNdivg4tL1ff)]
[2m2025-03-25T07:54:43.303364Z[0m [32m INFO[0m [1mnode[0m[1m{[0m[3mname[0m[2m=[0mk#8dcff6d1..[1m}[0m[2m:[0m[1maugment_epoch_last_checkpoint[0m[2m:[0m[1mcreate_and_execute_advance_epoch_tx[0m[2m:[0m [2msui_core::authority[0m[2m:[0m [2mcrates/sui-core/src/authority.rs[0m[2m:[0m[2m4743:[0m validator k#99f25ef6.. supports SupportedProtocolVersions { min: ProtocolVersion(1), max: ProtocolVersion(70) } with system packages: [(0x0000000000000000000000000000000000000000000000000000000000000001, SequenceNumber(1), o#96Jb9mkzfqNLYnEMpVxB5dqrKbBaj23w7iXPjTYFdrQw), (0x0000000000000000000000000000000000000000000000000000000000000002, SequenceNumber(2), o#26xJj5urud1ErPtdD9Ak2uWtBGmzeb1ixJimJbkEhqzi), (0x0000000000000000000000000000000000000000000000000000000000000003, SequenceNumber(2), o#DF5dfASe4ZDkSCbUKiNv6i44DUPQSgtpV7BoPFJxNLcu), (0x000000000000000000000000000000000000000000000000000000000000000b, SequenceNumber(2), o#8vwgz9iNeskH5LiGvDEfqFhuxwuiUVnKJBbDthPcVcK1), (0x00000000000000000000000000000000000000000000000000000000000000c8, SequenceNumber(2), o#8mxAzFggYWTk2EcWLVbvhGohJUAeKimeRNdivg4tL1ff)]
[2m2025-03-25T07:54:43.303383Z[0m [32m INFO[0m [1mnode[0m[1m{[0m[3mname[0m[2m=[0mk#99f25ef6..[1m}[0m[2m:[0m[1maugment_epoch_last_checkpoint[0m[2m:[0m[1mcreate_and_execute_advance_epoch_tx[0m[2m:[0m [2msui_core::authority[0m[2m:[0m [2mcrates/sui-core/src/authority.rs[0m[2m:[0m[2m4743:[0m validator k#99f25ef6.. supports SupportedProtocolVersions { min: ProtocolVersion(1), max: ProtocolVersion(70) } with system packages: [(0x0000000000000000000000000000000000000000000000000000000000000001, SequenceNumber(1), o#96Jb9mkzfqNLYnEMpVxB5dqrKbBaj23w7iXPjTYFdrQw), (0x0000000000000000000000000000000000000000000000000000000000000002, SequenceNumber(2), o#26xJj5urud1ErPtdD9Ak2uWtBGmzeb1ixJimJbkEhqzi), (0x0000000000000000000000000000000000000000000000000000000000000003, SequenceNumber(2), o#DF5dfASe4ZDkSCbUKiNv6i44DUPQSgtpV7BoPFJxNLcu), (0x000000000000000000000000000000000000000000000000000000000000000b, SequenceNumber(2), o#8vwgz9iNeskH5LiGvDEfqFhuxwuiUVnKJBbDthPcVcK1), (0x00000000000000000000000000000000000000000000000000000000000000c8, SequenceNumber(2), o#8mxAzFggYWTk2EcWLVbvhGohJUAeKimeRNdivg4tL1ff)]
[2m2025-03-25T07:54:43.303411Z[0m [32m INFO[0m [1mnode[0m[1m{[0m[3mname[0m[2m=[0mk#8dcff6d1..[1m}[0m[2m:[0m[1maugment_epoch_last_checkpoint[0m[2m:[0m[1mcreate_and_execute_advance_epoch_tx[0m[2m:[0m [2msui_core::authority[0m[2m:[0m [2mcrates/sui-core/src/authority.rs[0m[2m:[0m[2m4743:[0m validator k#addeef94.. supports SupportedProtocolVersions { min: ProtocolVersion(1), max: ProtocolVersion(70) } with system packages: [(0x0000000000000000000000000000000000000000000000000000000000000001, SequenceNumber(1), o#96Jb9mkzfqNLYnEMpVxB5dqrKbBaj23w7iXPjTYFdrQw), (0x0000000000000000000000000000000000000000000000000000000000000002, SequenceNumber(2), o#26xJj5urud1ErPtdD9Ak2uWtBGmzeb1ixJimJbkEhqzi), (0x0000000000000000000000000000000000000000000000000000000000000003, SequenceNumber(2), o#DF5dfASe4ZDkSCbUKiNv6i44DUPQSgtpV7BoPFJxNLcu), (0x000000000000000000000000000000000000000000000000000000000000000b, SequenceNumber(2), o#8vwgz9iNeskH5LiGvDEfqFhuxwuiUVnKJBbDthPcVcK1), (0x00000000000000000000000000000000000000000000000000000000000000c8, SequenceNumber(2), o#8mxAzFggYWTk2EcWLVbvhGohJUAeKimeRNdivg4tL1ff)]
[2m2025-03-25T07:54:43.303430Z[0m [32m INFO[0m [1mnode[0m[1m{[0m[3mname[0m[2m=[0mk#99f25ef6..[1m}[0m[2m:[0m[1maugment_epoch_last_checkpoint[0m[2m:[0m[1mcreate_and_execute_advance_epoch_tx[0m[2m:[0m [2msui_core::authority[0m[2m:[0m [2mcrates/sui-core/src/authority.rs[0m[2m:[0m[2m4743:[0m validator k#addeef94.. supports SupportedProtocolVersions { min: ProtocolVersion(1), max: ProtocolVersion(70) } with system packages: [(0x0000000000000000000000000000000000000000000000000000000000000001, SequenceNumber(1), o#96Jb9mkzfqNLYnEMpVxB5dqrKbBaj23w7iXPjTYFdrQw), (0x0000000000000000000000000000000000000000000000000000000000000002, SequenceNumber(2), o#26xJj5urud1ErPtdD9Ak2uWtBGmzeb1ixJimJbkEhqzi), (0x0000000000000000000000000000000000000000000000000000000000000003, SequenceNumber(2), o#DF5dfASe4ZDkSCbUKiNv6i44DUPQSgtpV7BoPFJxNLcu), (0x000000000000000000000000000000000000000000000000000000000000000b, SequenceNumber(2), o#8vwgz9iNeskH5LiGvDEfqFhuxwuiUVnKJBbDthPcVcK1), (0x00000000000000000000000000000000000000000000000000000000000000c8, SequenceNumber(2), o#8mxAzFggYWTk2EcWLVbvhGohJUAeKimeRNdivg4tL1ff)]
[2m2025-03-25T07:54:43.303463Z[0m [32m INFO[0m [1mnode[0m[1m{[0m[3mname[0m[2m=[0mk#8dcff6d1..[1m}[0m[2m:[0m[1maugment_epoch_last_checkpoint[0m[2m:[0m[1mcreate_and_execute_advance_epoch_tx[0m[2m:[0m [2msui_core::authority[0m[2m:[0m [2mcrates/sui-core/src/authority.rs[0m[2m:[0m[2m4784:[0m support for upgrade [3mtotal_votes[0m[2m=[0m10000 [3mquorum_threshold[0m[2m=[0m6667 [3mbuffer_stake_bps[0m[2m=[0m5000 [3meffective_threshold[0m[2m=[0m8334 [3mproposed_protocol_version[0m[2m=[0mProtocolVersion(53) [3mpackages[0m[2m=[0m[(0x0000000000000000000000000000000000000000000000000000000000000001, SequenceNumber(1), o#96Jb9mkzfqNLYnEMpVxB5dqrKbBaj23w7iXPjTYFdrQw), (0x0000000000000000000000000000000000000000000000000000000000000002, SequenceNumber(2), o#26xJj5urud1ErPtdD9Ak2uWtBGmzeb1ixJimJbkEhqzi), (0x0000000000000000000000000000000000000000000000000000000000000003, SequenceNumber(2), o#DF5dfASe4ZDkSCbUKiNv6i44DUPQSgtpV7BoPFJxNLcu), (0x000000000000000000000000000000000000000000000000000000000000000b, SequenceNumber(2), o#8vwgz9iNeskH5LiGvDEfqFhuxwuiUVnKJBbDthPcVcK1), (0x00000000000000000000000000000000000000000000000000000000000000c8, SequenceNumber(2), o#8mxAzFggYWTk2EcWLVbvhGohJUAeKimeRNdivg4tL1ff)]
[2m2025-03-25T07:54:43.303517Z[0m [32m INFO[0m [1mnode[0m[1m{[0m[3mname[0m[2m=[0mk#addeef94..[1m}[0m[2m:[0m[1maugment_epoch_last_checkpoint[0m[2m:[0m[1mcreate_and_execute_advance_epoch_tx[0m[2m:[0m [2msui_core::authority[0m[2m:[0m [2mcrates/sui-core/src/authority.rs[0m[2m:[0m[2m4660:[0m Framework 0x0000000000000000000000000000000000000000000000000000000000000001 does not need updating
[2m2025-03-25T07:54:43.303482Z[0m [32m INFO[0m [1mnode[0m[1m{[0m[3mname[0m[2m=[0mk#99f25ef6..[1m}[0m[2m:[0m[1maugment_epoch_last_checkpoint[0m[2m:[0m[1mcreate_and_execute_advance_epoch_tx[0m[2m:[0m [2msui_core::authority[0m[2m:[0m [2mcrates/sui-core/src/authority.rs[0m[2m:[0m[2m4784:[0m support for upgrade [3mtotal_votes[0m[2m=[0m10000 [3mquorum_threshold[0m[2m=[0m6667 [3mbuffer_stake_bps[0m[2m=[0m5000 [3meffective_threshold[0m[2m=[0m8334 [3mproposed_protocol_version[0m[2m=[0mProtocolVersion(53) [3mpackages[0m[2m=[0m[(0x0000000000000000000000000000000000000000000000000000000000000001, SequenceNumber(1), o#96Jb9mkzfqNLYnEMpVxB5dqrKbBaj23w7iXPjTYFdrQw), (0x0000000000000000000000000000000000000000000000000000000000000002, SequenceNumber(2), o#26xJj5urud1ErPtdD9Ak2uWtBGmzeb1ixJimJbkEhqzi), (0x0000000000000000000000000000000000000000000000000000000000000003, SequenceNumber(2), o#DF5dfASe4ZDkSCbUKiNv6i44DUPQSgtpV7BoPFJxNLcu), (0x000000000000000000000000000000000000000000000000000000000000000b, SequenceNumber(2), o#8vwgz9iNeskH5LiGvDEfqFhuxwuiUVnKJBbDthPcVcK1), (0x00000000000000000000000000000000000000000000000000000000000000c8, SequenceNumber(2), o#8mxAzFggYWTk2EcWLVbvhGohJUAeKimeRNdivg4tL1ff)]
[2m2025-03-25T07:54:43.303514Z[0m [32m INFO[0m [1mnode[0m[1m{[0m[3mname[0m[2m=[0mk#8dcff6d1..[1m}[0m[2m:[0m[1maugment_epoch_last_checkpoint[0m[2m:[0m[1mcreate_and_execute_advance_epoch_tx[0m[2m:[0m [2msui_core::authority[0m[2m:[0m [2mcrates/sui-core/src/authority.rs[0m[2m:[0m[2m4743:[0m validator k#8dcff6d1.. supports SupportedProtocolVersions { min: ProtocolVersion(1), max: ProtocolVersion(70) } with system packages: [(0x0000000000000000000000000000000000000000000000000000000000000001, SequenceNumber(1), o#96Jb9mkzfqNLYnEMpVxB5dqrKbBaj23w7iXPjTYFdrQw), (0x0000000000000000000000000000000000000000000000000000000000000002, SequenceNumber(2), o#26xJj5urud1ErPtdD9Ak2uWtBGmzeb1ixJimJbkEhqzi), (0x0000000000000000000000000000000000000000000000000000000000000003, SequenceNumber(2), o#DF5dfASe4ZDkSCbUKiNv6i44DUPQSgtpV7BoPFJxNLcu), (0x000000000000000000000000000000000000000000000000000000000000000b, SequenceNumber(2), o#8vwgz9iNeskH5LiGvDEfqFhuxwuiUVnKJBbDthPcVcK1), (0x00000000000000000000000000000000000000000000000000000000000000c8, SequenceNumber(2), o#8mxAzFggYWTk2EcWLVbvhGohJUAeKimeRNdivg4tL1ff)]
[2m2025-03-25T07:54:43.303533Z[0m [32m INFO[0m [1mnode[0m[1m{[0m[3mname[0m[2m=[0mk#99f25ef6..[1m}[0m[2m:[0m[1maugment_epoch_last_checkpoint[0m[2m:[0m[1mcreate_and_execute_advance_epoch_tx[0m[2m:[0m [2msui_core::authority[0m[2m:[0m [2mcrates/sui-core/src/authority.rs[0m[2m:[0m[2m4743:[0m validator k#8dcff6d1.. supports SupportedProtocolVersions { min: ProtocolVersion(1), max: ProtocolVersion(70) } with system packages: [(0x0000000000000000000000000000000000000000000000000000000000000001, SequenceNumber(1), o#96Jb9mkzfqNLYnEMpVxB5dqrKbBaj23w7iXPjTYFdrQw), (0x0000000000000000000000000000000000000000000000000000000000000002, SequenceNumber(2), o#26xJj5urud1ErPtdD9Ak2uWtBGmzeb1ixJimJbkEhqzi), (0x0000000000000000000000000000000000000000000000000000000000000003, SequenceNumber(2), o#DF5dfASe4ZDkSCbUKiNv6i44DUPQSgtpV7BoPFJxNLcu), (0x000000000000000000000000000000000000000000000000000000000000000b, SequenceNumber(2), o#8vwgz9iNeskH5LiGvDEfqFhuxwuiUVnKJBbDthPcVcK1), (0x00000000000000000000000000000000000000000000000000000000000000c8, SequenceNumber(2), o#8mxAzFggYWTk2EcWLVbvhGohJUAeKimeRNdivg4tL1ff)]
[2m2025-03-25T07:54:43.303561Z[0m [32m INFO[0m [1mnode[0m[1m{[0m[3mname[0m[2m=[0mk#8dcff6d1..[1m}[0m[2m:[0m[1maugment_epoch_last_checkpoint[0m[2m:[0m[1mcreate_and_execute_advance_epoch_tx[0m[2m:[0m [2msui_core::authority[0m[2m:[0m [2mcrates/sui-core/src/authority.rs[0m[2m:[0m[2m4743:[0m validator k#99f25ef6.. supports SupportedProtocolVersions { min: ProtocolVersion(1), max: ProtocolVersion(70) } with system packages: [(0x0000000000000000000000000000000000000000000000000000000000000001, SequenceNumber(1), o#96Jb9mkzfqNLYnEMpVxB5dqrKbBaj23w7iXPjTYFdrQw), (0x0000000000000000000000000000000000000000000000000000000000000002, SequenceNumber(2), o#26xJj5urud1ErPtdD9Ak2uWtBGmzeb1ixJimJbkEhqzi), (0x0000000000000000000000000000000000000000000000000000000000000003, SequenceNumber(2), o#DF5dfASe4ZDkSCbUKiNv6i44DUPQSgtpV7BoPFJxNLcu), (0x000000000000000000000000000000000000000000000000000000000000000b, SequenceNumber(2), o#8vwgz9iNeskH5LiGvDEfqFhuxwuiUVnKJBbDthPcVcK1), (0x00000000000000000000000000000000000000000000000000000000000000c8, SequenceNumber(2), o#8mxAzFggYWTk2EcWLVbvhGohJUAeKimeRNdivg4tL1ff)]
[2m2025-03-25T07:54:43.303580Z[0m [32m INFO[0m [1mnode[0m[1m{[0m[3mname[0m[2m=[0mk#99f25ef6..[1m}[0m[2m:[0m[1maugment_epoch_last_checkpoint[0m[2m:[0m[1mcreate_and_execute_advance_epoch_tx[0m[2m:[0m [2msui_core::authority[0m[2m:[0m [2mcrates/sui-core/src/authority.rs[0m[2m:[0m[2m4743:[0m validator k#99f25ef6.. supports SupportedProtocolVersions { min: ProtocolVersion(1), max: ProtocolVersion(70) } with system packages: [(0x0000000000000000000000000000000000000000000000000000000000000001, SequenceNumber(1), o#96Jb9mkzfqNLYnEMpVxB5dqrKbBaj23w7iXPjTYFdrQw), (0x0000000000000000000000000000000000000000000000000000000000000002, SequenceNumber(2), o#26xJj5urud1ErPtdD9Ak2uWtBGmzeb1ixJimJbkEhqzi), (0x0000000000000000000000000000000000000000000000000000000000000003, SequenceNumber(2), o#DF5dfASe4ZDkSCbUKiNv6i44DUPQSgtpV7BoPFJxNLcu), (0x000000000000000000000000000000000000000000000000000000000000000b, SequenceNumber(2), o#8vwgz9iNeskH5LiGvDEfqFhuxwuiUVnKJBbDthPcVcK1), (0x00000000000000000000000000000000000000000000000000000000000000c8, SequenceNumber(2), o#8mxAzFggYWTk2EcWLVbvhGohJUAeKimeRNdivg4tL1ff)]
[2m2025-03-25T07:54:43.303608Z[0m [32m INFO[0m [1mnode[0m[1m{[0m[3mname[0m[2m=[0mk#8dcff6d1..[1m}[0m[2m:[0m[1maugment_epoch_last_checkpoint[0m[2m:[0m[1mcreate_and_execute_advance_epoch_tx[0m[2m:[0m [2msui_core::authority[0m[2m:[0m [2mcrates/sui-core/src/authority.rs[0m[2m:[0m[2m4743:[0m validator k#addeef94.. supports SupportedProtocolVersions { min: ProtocolVersion(1), max: ProtocolVersion(70) } with system packages: [(0x0000000000000000000000000000000000000000000000000000000000000001, SequenceNumber(1), o#96Jb9mkzfqNLYnEMpVxB5dqrKbBaj23w7iXPjTYFdrQw), (0x0000000000000000000000000000000000000000000000000000000000000002, SequenceNumber(2), o#26xJj5urud1ErPtdD9Ak2uWtBGmzeb1ixJimJbkEhqzi), (0x0000000000000000000000000000000000000000000000000000000000000003, SequenceNumber(2), o#DF5dfASe4ZDkSCbUKiNv6i44DUPQSgtpV7BoPFJxNLcu), (0x000000000000000000000000000000000000000000000000000000000000000b, SequenceNumber(2), o#8vwgz9iNeskH5LiGvDEfqFhuxwuiUVnKJBbDthPcVcK1), (0x00000000000000000000000000000000000000000000000000000000000000c8, SequenceNumber(2), o#8mxAzFggYWTk2EcWLVbvhGohJUAeKimeRNdivg4tL1ff)]
[2m2025-03-25T07:54:43.303628Z[0m [32m INFO[0m [1mnode[0m[1m{[0m[3mname[0m[2m=[0mk#99f25ef6..[1m}[0m[2m:[0m[1maugment_epoch_last_checkpoint[0m[2m:[0m[1mcreate_and_execute_advance_epoch_tx[0m[2m:[0m [2msui_core::authority[0m[2m:[0m [2mcrates/sui-core/src/authority.rs[0m[2m:[0m[2m4743:[0m validator k#addeef94.. supports SupportedProtocolVersions { min: ProtocolVersion(1), max: ProtocolVersion(70) } with system packages: [(0x0000000000000000000000000000000000000000000000000000000000000001, SequenceNumber(1), o#96Jb9mkzfqNLYnEMpVxB5dqrKbBaj23w7iXPjTYFdrQw), (0x0000000000000000000000000000000000000000000000000000000000000002, SequenceNumber(2), o#26xJj5urud1ErPtdD9Ak2uWtBGmzeb1ixJimJbkEhqzi), (0x0000000000000000000000000000000000000000000000000000000000000003, SequenceNumber(2), o#DF5dfASe4ZDkSCbUKiNv6i44DUPQSgtpV7BoPFJxNLcu), (0x000000000000000000000000000000000000000000000000000000000000000b, SequenceNumber(2), o#8vwgz9iNeskH5LiGvDEfqFhuxwuiUVnKJBbDthPcVcK1), (0x00000000000000000000000000000000000000000000000000000000000000c8, SequenceNumber(2), o#8mxAzFggYWTk2EcWLVbvhGohJUAeKimeRNdivg4tL1ff)]
[2m2025-03-25T07:54:43.303659Z[0m [32m INFO[0m [1mnode[0m[1m{[0m[3mname[0m[2m=[0mk#8dcff6d1..[1m}[0m[2m:[0m[1maugment_epoch_last_checkpoint[0m[2m:[0m[1mcreate_and_execute_advance_epoch_tx[0m[2m:[0m [2msui_core::authority[0m[2m:[0m [2mcrates/sui-core/src/authority.rs[0m[2m:[0m[2m4784:[0m support for upgrade [3mtotal_votes[0m[2m=[0m10000 [3mquorum_threshold[0m[2m=[0m6667 [3mbuffer_stake_bps[0m[2m=[0m5000 [3meffective_threshold[0m[2m=[0m8334 [3mproposed_protocol_version[0m[2m=[0mProtocolVersion(54) [3mpackages[0m[2m=[0m[(0x0000000000000000000000000000000000000000000000000000000000000001, SequenceNumber(1), o#96Jb9mkzfqNLYnEMpVxB5dqrKbBaj23w7iXPjTYFdrQw), (0x0000000000000000000000000000000000000000000000000000000000000002, SequenceNumber(2), o#26xJj5urud1ErPtdD9Ak2uWtBGmzeb1ixJimJbkEhqzi), (0x0000000000000000000000000000000000000000000000000000000000000003, SequenceNumber(2), o#DF5dfASe4ZDkSCbUKiNv6i44DUPQSgtpV7BoPFJxNLcu), (0x000000000000000000000000000000000000000000000000000000000000000b, SequenceNumber(2), o#8vwgz9iNeskH5LiGvDEfqFhuxwuiUVnKJBbDthPcVcK1), (0x00000000000000000000000000000000000000000000000000000000000000c8, SequenceNumber(2), o#8mxAzFggYWTk2EcWLVbvhGohJUAeKimeRNdivg4tL1ff)]
[2m2025-03-25T07:54:43.303679Z[0m [32m INFO[0m [1mnode[0m[1m{[0m[3mname[0m[2m=[0mk#99f25ef6..[1m}[0m[2m:[0m[1maugment_epoch_last_checkpoint[0m[2m:[0m[1mcreate_and_execute_advance_epoch_tx[0m[2m:[0m [2msui_core::authority[0m[2m:[0m [2mcrates/sui-core/src/authority.rs[0m[2m:[0m[2m4784:[0m support for upgrade [3mtotal_votes[0m[2m=[0m10000 [3mquorum_threshold[0m[2m=[0m6667 [3mbuffer_stake_bps[0m[2m=[0m5000 [3meffective_threshold[0m[2m=[0m8334 [3mproposed_protocol_version[0m[2m=[0mProtocolVersion(54) [3mpackages[0m[2m=[0m[(0x0000000000000000000000000000000000000000000000000000000000000001, SequenceNumber(1), o#96Jb9mkzfqNLYnEMpVxB5dqrKbBaj23w7iXPjTYFdrQw), (0x0000000000000000000000000000000000000000000000000000000000000002, SequenceNumber(2), o#26xJj5urud1ErPtdD9Ak2uWtBGmzeb1ixJimJbkEhqzi), (0x0000000000000000000000000000000000000000000000000000000000000003, SequenceNumber(2), o#DF5dfASe4ZDkSCbUKiNv6i44DUPQSgtpV7BoPFJxNLcu), (0x000000000000000000000000000000000000000000000000000000000000000b, SequenceNumber(2), o#8vwgz9iNeskH5LiGvDEfqFhuxwuiUVnKJBbDthPcVcK1), (0x00000000000000000000000000000000000000000000000000000000000000c8, SequenceNumber(2), o#8mxAzFggYWTk2EcWLVbvhGohJUAeKimeRNdivg4tL1ff)]
[2m2025-03-25T07:54:43.303710Z[0m [32m INFO[0m [1mnode[0m[1m{[0m[3mname[0m[2m=[0mk#8dcff6d1..[1m}[0m[2m:[0m[1maugment_epoch_last_checkpoint[0m[2m:[0m[1mcreate_and_execute_advance_epoch_tx[0m[2m:[0m [2msui_core::authority[0m[2m:[0m [2mcrates/sui-core/src/authority.rs[0m[2m:[0m[2m4743:[0m validator k#8dcff6d1.. supports SupportedProtocolVersions { min: ProtocolVersion(1), max: ProtocolVersion(70) } with system packages: [(0x0000000000000000000000000000000000000000000000000000000000000001, SequenceNumber(1), o#96Jb9mkzfqNLYnEMpVxB5dqrKbBaj23w7iXPjTYFdrQw), (0x0000000000000000000000000000000000000000000000000000000000000002, SequenceNumber(2), o#26xJj5urud1ErPtdD9Ak2uWtBGmzeb1ixJimJbkEhqzi), (0x0000000000000000000000000000000000000000000000000000000000000003, SequenceNumber(2), o#DF5dfASe4ZDkSCbUKiNv6i44DUPQSgtpV7BoPFJxNLcu), (0x000000000000000000000000000000000000000000000000000000000000000b, SequenceNumber(2), o#8vwgz9iNeskH5LiGvDEfqFhuxwuiUVnKJBbDthPcVcK1), (0x00000000000000000000000000000000000000000000000000000000000000c8, SequenceNumber(2), o#8mxAzFggYWTk2EcWLVbvhGohJUAeKimeRNdivg4tL1ff)]
[2m2025-03-25T07:54:43.303731Z[0m [32m INFO[0m [1mnode[0m[1m{[0m[3mname[0m[2m=[0mk#99f25ef6..[1m}[0m[2m:[0m[1maugment_epoch_last_checkpoint[0m[2m:[0m[1mcreate_and_execute_advance_epoch_tx[0m[2m:[0m [2msui_core::authority[0m[2m:[0m [2mcrates/sui-core/src/authority.rs[0m[2m:[0m[2m4743:[0m validator k#8dcff6d1.. supports SupportedProtocolVersions { min: ProtocolVersion(1), max: ProtocolVersion(70) } with system packages: [(0x0000000000000000000000000000000000000000000000000000000000000001, SequenceNumber(1), o#96Jb9mkzfqNLYnEMpVxB5dqrKbBaj23w7iXPjTYFdrQw), (0x0000000000000000000000000000000000000000000000000000000000000002, SequenceNumber(2), o#26xJj5urud1ErPtdD9Ak2uWtBGmzeb1ixJimJbkEhqzi), (0x0000000000000000000000000000000000000000000000000000000000000003, SequenceNumber(2), o#DF5dfASe4ZDkSCbUKiNv6i44DUPQSgtpV7BoPFJxNLcu), (0x000000000000000000000000000000000000000000000000000000000000000b, SequenceNumber(2), o#8vwgz9iNeskH5LiGvDEfqFhuxwuiUVnKJBbDthPcVcK1), (0x00000000000000000000000000000000000000000000000000000000000000c8, SequenceNumber(2), o#8mxAzFggYWTk2EcWLVbvhGohJUAeKimeRNdivg4tL1ff)]
[2m2025-03-25T07:54:43.303758Z[0m [32m INFO[0m [1mnode[0m[1m{[0m[3mname[0m[2m=[0mk#8dcff6d1..[1m}[0m[2m:[0m[1maugment_epoch_last_checkpoint[0m[2m:[0m[1mcreate_and_execute_advance_epoch_tx[0m[2m:[0m [2msui_core::authority[0m[2m:[0m [2mcrates/sui-core/src/authority.rs[0m[2m:[0m[2m4743:[0m validator k#99f25ef6.. supports SupportedProtocolVersions { min: ProtocolVersion(1), max: ProtocolVersion(70) } with system packages: [(0x0000000000000000000000000000000000000000000000000000000000000001, SequenceNumber(1), o#96Jb9mkzfqNLYnEMpVxB5dqrKbBaj23w7iXPjTYFdrQw), (0x0000000000000000000000000000000000000000000000000000000000000002, SequenceNumber(2), o#26xJj5urud1ErPtdD9Ak2uWtBGmzeb1ixJimJbkEhqzi), (0x0000000000000000000000000000000000000000000000000000000000000003, SequenceNumber(2), o#DF5dfASe4ZDkSCbUKiNv6i44DUPQSgtpV7BoPFJxNLcu), (0x000000000000000000000000000000000000000000000000000000000000000b, SequenceNumber(2), o#8vwgz9iNeskH5LiGvDEfqFhuxwuiUVnKJBbDthPcVcK1), (0x00000000000000000000000000000000000000000000000000000000000000c8, SequenceNumber(2), o#8mxAzFggYWTk2EcWLVbvhGohJUAeKimeRNdivg4tL1ff)]
[2m2025-03-25T07:54:43.303779Z[0m [32m INFO[0m [1mnode[0m[1m{[0m[3mname[0m[2m=[0mk#99f25ef6..[1m}[0m[2m:[0m[1maugment_epoch_last_checkpoint[0m[2m:[0m[1mcreate_and_execute_advance_epoch_tx[0m[2m:[0m [2msui_core::authority[0m[2m:[0m [2mcrates/sui-core/src/authority.rs[0m[2m:[0m[2m4743:[0m validator k#99f25ef6.. supports SupportedProtocolVersions { min: ProtocolVersion(1), max: ProtocolVersion(70) } with system packages: [(0x0000000000000000000000000000000000000000000000000000000000000001, SequenceNumber(1), o#96Jb9mkzfqNLYnEMpVxB5dqrKbBaj23w7iXPjTYFdrQw), (0x0000000000000000000000000000000000000000000000000000000000000002, SequenceNumber(2), o#26xJj5urud1ErPtdD9Ak2uWtBGmzeb1ixJimJbkEhqzi), (0x0000000000000000000000000000000000000000000000000000000000000003, SequenceNumber(2), o#DF5dfASe4ZDkSCbUKiNv6i44DUPQSgtpV7BoPFJxNLcu), (0x000000000000000000000000000000000000000000000000000000000000000b, SequenceNumber(2), o#8vwgz9iNeskH5LiGvDEfqFhuxwuiUVnKJBbDthPcVcK1), (0x00000000000000000000000000000000000000000000000000000000000000c8, SequenceNumber(2), o#8mxAzFggYWTk2EcWLVbvhGohJUAeKimeRNdivg4tL1ff)]
[2m2025-03-25T07:54:43.303807Z[0m [32m INFO[0m [1mnode[0m[1m{[0m[3mname[0m[2m=[0mk#8dcff6d1..[1m}[0m[2m:[0m[1maugment_epoch_last_checkpoint[0m[2m:[0m[1mcreate_and_execute_advance_epoch_tx[0m[2m:[0m [2msui_core::authority[0m[2m:[0m [2mcrates/sui-core/src/authority.rs[0m[2m:[0m[2m4743:[0m validator k#addeef94.. supports SupportedProtocolVersions { min: ProtocolVersion(1), max: ProtocolVersion(70) } with system packages: [(0x0000000000000000000000000000000000000000000000000000000000000001, SequenceNumber(1), o#96Jb9mkzfqNLYnEMpVxB5dqrKbBaj23w7iXPjTYFdrQw), (0x0000000000000000000000000000000000000000000000000000000000000002, SequenceNumber(2), o#26xJj5urud1ErPtdD9Ak2uWtBGmzeb1ixJimJbkEhqzi), (0x0000000000000000000000000000000000000000000000000000000000000003, SequenceNumber(2), o#DF5dfASe4ZDkSCbUKiNv6i44DUPQSgtpV7BoPFJxNLcu), (0x000000000000000000000000000000000000000000000000000000000000000b, SequenceNumber(2), o#8vwgz9iNeskH5LiGvDEfqFhuxwuiUVnKJBbDthPcVcK1), (0x00000000000000000000000000000000000000000000000000000000000000c8, SequenceNumber(2), o#8mxAzFggYWTk2EcWLVbvhGohJUAeKimeRNdivg4tL1ff)]
[2m2025-03-25T07:54:43.303826Z[0m [32m INFO[0m [1mnode[0m[1m{[0m[3mname[0m[2m=[0mk#99f25ef6..[1m}[0m[2m:[0m[1maugment_epoch_last_checkpoint[0m[2m:[0m[1mcreate_and_execute_advance_epoch_tx[0m[2m:[0m [2msui_core::authority[0m[2m:[0m [2mcrates/sui-core/src/authority.rs[0m[2m:[0m[2m4743:[0m validator k#addeef94.. supports SupportedProtocolVersions { min: ProtocolVersion(1), max: ProtocolVersion(70) } with system packages: [(0x0000000000000000000000000000000000000000000000000000000000000001, SequenceNumber(1), o#96Jb9mkzfqNLYnEMpVxB5dqrKbBaj23w7iXPjTYFdrQw), (0x0000000000000000000000000000000000000000000000000000000000000002, SequenceNumber(2), o#26xJj5urud1ErPtdD9Ak2uWtBGmzeb1ixJimJbkEhqzi), (0x0000000000000000000000000000000000000000000000000000000000000003, SequenceNumber(2), o#DF5dfASe4ZDkSCbUKiNv6i44DUPQSgtpV7BoPFJxNLcu), (0x000000000000000000000000000000000000000000000000000000000000000b, SequenceNumber(2), o#8vwgz9iNeskH5LiGvDEfqFhuxwuiUVnKJBbDthPcVcK1), (0x00000000000000000000000000000000000000000000000000000000000000c8, SequenceNumber(2), o#8mxAzFggYWTk2EcWLVbvhGohJUAeKimeRNdivg4tL1ff)]
[2m2025-03-25T07:54:43.303858Z[0m [32m INFO[0m [1mnode[0m[1m{[0m[3mname[0m[2m=[0mk#8dcff6d1..[1m}[0m[2m:[0m[1maugment_epoch_last_checkpoint[0m[2m:[0m[1mcreate_and_execute_advance_epoch_tx[0m[2m:[0m [2msui_core::authority[0m[2m:[0m [2mcrates/sui-core/src/authority.rs[0m[2m:[0m[2m4784:[0m support for upgrade [3mtotal_votes[0m[2m=[0m10000 [3mquorum_threshold[0m[2m=[0m6667 [3mbuffer_stake_bps[0m[2m=[0m5000 [3meffective_threshold[0m[2m=[0m8334 [3mproposed_protocol_version[0m[2m=[0mProtocolVersion(55) [3mpackages[0m[2m=[0m[(0x0000000000000000000000000000000000000000000000000000000000000001, SequenceNumber(1), o#96Jb9mkzfqNLYnEMpVxB5dqrKbBaj23w7iXPjTYFdrQw), (0x0000000000000000000000000000000000000000000000000000000000000002, SequenceNumber(2), o#26xJj5urud1ErPtdD9Ak2uWtBGmzeb1ixJimJbkEhqzi), (0x0000000000000000000000000000000000000000000000000000000000000003, SequenceNumber(2), o#DF5dfASe4ZDkSCbUKiNv6i44DUPQSgtpV7BoPFJxNLcu), (0x000000000000000000000000000000000000000000000000000000000000000b, SequenceNumber(2), o#8vwgz9iNeskH5LiGvDEfqFhuxwuiUVnKJBbDthPcVcK1), (0x00000000000000000000000000000000000000000000000000000000000000c8, SequenceNumber(2), o#8mxAzFggYWTk2EcWLVbvhGohJUAeKimeRNdivg4tL1ff)]
[2m2025-03-25T07:54:43.303878Z[0m [32m INFO[0m [1mnode[0m[1m{[0m[3mname[0m[2m=[0mk#99f25ef6..[1m}[0m[2m:[0m[1maugment_epoch_last_checkpoint[0m[2m:[0m[1mcreate_and_execute_advance_epoch_tx[0m[2m:[0m [2msui_core::authority[0m[2m:[0m [2mcrates/sui-core/src/authority.rs[0m[2m:[0m[2m4784:[0m support for upgrade [3mtotal_votes[0m[2m=[0m10000 [3mquorum_threshold[0m[2m=[0m6667 [3mbuffer_stake_bps[0m[2m=[0m5000 [3meffective_threshold[0m[2m=[0m8334 [3mproposed_protocol_version[0m[2m=[0mProtocolVersion(55) [3mpackages[0m[2m=[0m[(0x0000000000000000000000000000000000000000000000000000000000000001, SequenceNumber(1), o#96Jb9mkzfqNLYnEMpVxB5dqrKbBaj23w7iXPjTYFdrQw), (0x0000000000000000000000000000000000000000000000000000000000000002, SequenceNumber(2), o#26xJj5urud1ErPtdD9Ak2uWtBGmzeb1ixJimJbkEhqzi), (0x0000000000000000000000000000000000000000000000000000000000000003, SequenceNumber(2), o#DF5dfASe4ZDkSCbUKiNv6i44DUPQSgtpV7BoPFJxNLcu), (0x000000000000000000000000000000000000000000000000000000000000000b, SequenceNumber(2), o#8vwgz9iNeskH5LiGvDEfqFhuxwuiUVnKJBbDthPcVcK1), (0x00000000000000000000000000000000000000000000000000000000000000c8, SequenceNumber(2), o#8mxAzFggYWTk2EcWLVbvhGohJUAeKimeRNdivg4tL1ff)]
[2m2025-03-25T07:54:43.303910Z[0m [32m INFO[0m [1mnode[0m[1m{[0m[3mname[0m[2m=[0mk#8dcff6d1..[1m}[0m[2m:[0m[1maugment_epoch_last_checkpoint[0m[2m:[0m[1mcreate_and_execute_advance_epoch_tx[0m[2m:[0m [2msui_core::authority[0m[2m:[0m [2mcrates/sui-core/src/authority.rs[0m[2m:[0m[2m4743:[0m validator k#8dcff6d1.. supports SupportedProtocolVersions { min: ProtocolVersion(1), max: ProtocolVersion(70) } with system packages: [(0x0000000000000000000000000000000000000000000000000000000000000001, SequenceNumber(1), o#96Jb9mkzfqNLYnEMpVxB5dqrKbBaj23w7iXPjTYFdrQw), (0x0000000000000000000000000000000000000000000000000000000000000002, SequenceNumber(2), o#26xJj5urud1ErPtdD9Ak2uWtBGmzeb1ixJimJbkEhqzi), (0x0000000000000000000000000000000000000000000000000000000000000003, SequenceNumber(2), o#DF5dfASe4ZDkSCbUKiNv6i44DUPQSgtpV7BoPFJxNLcu), (0x000000000000000000000000000000000000000000000000000000000000000b, SequenceNumber(2), o#8vwgz9iNeskH5LiGvDEfqFhuxwuiUVnKJBbDthPcVcK1), (0x00000000000000000000000000000000000000000000000000000000000000c8, SequenceNumber(2), o#8mxAzFggYWTk2EcWLVbvhGohJUAeKimeRNdivg4tL1ff)]
[2m2025-03-25T07:54:43.303929Z[0m [32m INFO[0m [1mnode[0m[1m{[0m[3mname[0m[2m=[0mk#99f25ef6..[1m}[0m[2m:[0m[1maugment_epoch_last_checkpoint[0m[2m:[0m[1mcreate_and_execute_advance_epoch_tx[0m[2m:[0m [2msui_core::authority[0m[2m:[0m [2mcrates/sui-core/src/authority.rs[0m[2m:[0m[2m4743:[0m validator k#8dcff6d1.. supports SupportedProtocolVersions { min: ProtocolVersion(1), max: ProtocolVersion(70) } with system packages: [(0x0000000000000000000000000000000000000000000000000000000000000001, SequenceNumber(1), o#96Jb9mkzfqNLYnEMpVxB5dqrKbBaj23w7iXPjTYFdrQw), (0x0000000000000000000000000000000000000000000000000000000000000002, SequenceNumber(2), o#26xJj5urud1ErPtdD9Ak2uWtBGmzeb1ixJimJbkEhqzi), (0x0000000000000000000000000000000000000000000000000000000000000003, SequenceNumber(2), o#DF5dfASe4ZDkSCbUKiNv6i44DUPQSgtpV7BoPFJxNLcu), (0x000000000000000000000000000000000000000000000000000000000000000b, SequenceNumber(2), o#8vwgz9iNeskH5LiGvDEfqFhuxwuiUVnKJBbDthPcVcK1), (0x00000000000000000000000000000000000000000000000000000000000000c8, SequenceNumber(2), o#8mxAzFggYWTk2EcWLVbvhGohJUAeKimeRNdivg4tL1ff)]
[2m2025-03-25T07:54:43.303957Z[0m [32m INFO[0m [1mnode[0m[1m{[0m[3mname[0m[2m=[0mk#8dcff6d1..[1m}[0m[2m:[0m[1maugment_epoch_last_checkpoint[0m[2m:[0m[1mcreate_and_execute_advance_epoch_tx[0m[2m:[0m [2msui_core::authority[0m[2m:[0m [2mcrates/sui-core/src/authority.rs[0m[2m:[0m[2m4743:[0m validator k#99f25ef6.. supports SupportedProtocolVersions { min: ProtocolVersion(1), max: ProtocolVersion(70) } with system packages: [(0x0000000000000000000000000000000000000000000000000000000000000001, SequenceNumber(1), o#96Jb9mkzfqNLYnEMpVxB5dqrKbBaj23w7iXPjTYFdrQw), (0x0000000000000000000000000000000000000000000000000000000000000002, SequenceNumber(2), o#26xJj5urud1ErPtdD9Ak2uWtBGmzeb1ixJimJbkEhqzi), (0x0000000000000000000000000000000000000000000000000000000000000003, SequenceNumber(2), o#DF5dfASe4ZDkSCbUKiNv6i44DUPQSgtpV7BoPFJxNLcu), (0x000000000000000000000000000000000000000000000000000000000000000b, SequenceNumber(2), o#8vwgz9iNeskH5LiGvDEfqFhuxwuiUVnKJBbDthPcVcK1), (0x00000000000000000000000000000000000000000000000000000000000000c8, SequenceNumber(2), o#8mxAzFggYWTk2EcWLVbvhGohJUAeKimeRNdivg4tL1ff)]
[2m2025-03-25T07:54:43.303976Z[0m [32m INFO[0m [1mnode[0m[1m{[0m[3mname[0m[2m=[0mk#99f25ef6..[1m}[0m[2m:[0m[1maugment_epoch_last_checkpoint[0m[2m:[0m[1mcreate_and_execute_advance_epoch_tx[0m[2m:[0m [2msui_core::authority[0m[2m:[0m [2mcrates/sui-core/src/authority.rs[0m[2m:[0m[2m4743:[0m validator k#99f25ef6.. supports SupportedProtocolVersions { min: ProtocolVersion(1), max: ProtocolVersion(70) } with system packages: [(0x0000000000000000000000000000000000000000000000000000000000000001, SequenceNumber(1), o#96Jb9mkzfqNLYnEMpVxB5dqrKbBaj23w7iXPjTYFdrQw), (0x0000000000000000000000000000000000000000000000000000000000000002, SequenceNumber(2), o#26xJj5urud1ErPtdD9Ak2uWtBGmzeb1ixJimJbkEhqzi), (0x0000000000000000000000000000000000000000000000000000000000000003, SequenceNumber(2), o#DF5dfASe4ZDkSCbUKiNv6i44DUPQSgtpV7BoPFJxNLcu), (0x000000000000000000000000000000000000000000000000000000000000000b, SequenceNumber(2), o#8vwgz9iNeskH5LiGvDEfqFhuxwuiUVnKJBbDthPcVcK1), (0x00000000000000000000000000000000000000000000000000000000000000c8, SequenceNumber(2), o#8mxAzFggYWTk2EcWLVbvhGohJUAeKimeRNdivg4tL1ff)]
[2m2025-03-25T07:54:43.304004Z[0m [32m INFO[0m [1mnode[0m[1m{[0m[3mname[0m[2m=[0mk#8dcff6d1..[1m}[0m[2m:[0m[1maugment_epoch_last_checkpoint[0m[2m:[0m[1mcreate_and_execute_advance_epoch_tx[0m[2m:[0m [2msui_core::authority[0m[2m:[0m [2mcrates/sui-core/src/authority.rs[0m[2m:[0m[2m4743:[0m validator k#addeef94.. supports SupportedProtocolVersions { min: ProtocolVersion(1), max: ProtocolVersion(70) } with system packages: [(0x0000000000000000000000000000000000000000000000000000000000000001, SequenceNumber(1), o#96Jb9mkzfqNLYnEMpVxB5dqrKbBaj23w7iXPjTYFdrQw), (0x0000000000000000000000000000000000000000000000000000000000000002, SequenceNumber(2), o#26xJj5urud1ErPtdD9Ak2uWtBGmzeb1ixJimJbkEhqzi), (0x0000000000000000000000000000000000000000000000000000000000000003, SequenceNumber(2), o#DF5dfASe4ZDkSCbUKiNv6i44DUPQSgtpV7BoPFJxNLcu), (0x000000000000000000000000000000000000000000000000000000000000000b, SequenceNumber(2), o#8vwgz9iNeskH5LiGvDEfqFhuxwuiUVnKJBbDthPcVcK1), (0x00000000000000000000000000000000000000000000000000000000000000c8, SequenceNumber(2), o#8mxAzFggYWTk2EcWLVbvhGohJUAeKimeRNdivg4tL1ff)]
[2m2025-03-25T07:54:43.304023Z[0m [32m INFO[0m [1mnode[0m[1m{[0m[3mname[0m[2m=[0mk#99f25ef6..[1m}[0m[2m:[0m[1maugment_epoch_last_checkpoint[0m[2m:[0m[1mcreate_and_execute_advance_epoch_tx[0m[2m:[0m [2msui_core::authority[0m[2m:[0m [2mcrates/sui-core/src/authority.rs[0m[2m:[0m[2m4743:[0m validator k#addeef94.. supports SupportedProtocolVersions { min: ProtocolVersion(1), max: ProtocolVersion(70) } with system packages: [(0x0000000000000000000000000000000000000000000000000000000000000001, SequenceNumber(1), o#96Jb9mkzfqNLYnEMpVxB5dqrKbBaj23w7iXPjTYFdrQw), (0x0000000000000000000000000000000000000000000000000000000000000002, SequenceNumber(2), o#26xJj5urud1ErPtdD9Ak2uWtBGmzeb1ixJimJbkEhqzi), (0x0000000000000000000000000000000000000000000000000000000000000003, SequenceNumber(2), o#DF5dfASe4ZDkSCbUKiNv6i44DUPQSgtpV7BoPFJxNLcu), (0x000000000000000000000000000000000000000000000000000000000000000b, SequenceNumber(2), o#8vwgz9iNeskH5LiGvDEfqFhuxwuiUVnKJBbDthPcVcK1), (0x00000000000000000000000000000000000000000000000000000000000000c8, SequenceNumber(2), o#8mxAzFggYWTk2EcWLVbvhGohJUAeKimeRNdivg4tL1ff)]
[2m2025-03-25T07:54:43.304055Z[0m [32m INFO[0m [1mnode[0m[1m{[0m[3mname[0m[2m=[0mk#8dcff6d1..[1m}[0m[2m:[0m[1maugment_epoch_last_checkpoint[0m[2m:[0m[1mcreate_and_execute_advance_epoch_tx[0m[2m:[0m [2msui_core::authority[0m[2m:[0m [2mcrates/sui-core/src/authority.rs[0m[2m:[0m[2m4784:[0m support for upgrade [3mtotal_votes[0m[2m=[0m10000 [3mquorum_threshold[0m[2m=[0m6667 [3mbuffer_stake_bps[0m[2m=[0m5000 [3meffective_threshold[0m[2m=[0m8334 [3mproposed_protocol_version[0m[2m=[0mProtocolVersion(56) [3mpackages[0m[2m=[0m[(0x0000000000000000000000000000000000000000000000000000000000000001, SequenceNumber(1), o#96Jb9mkzfqNLYnEMpVxB5dqrKbBaj23w7iXPjTYFdrQw), (0x0000000000000000000000000000000000000000000000000000000000000002, SequenceNumber(2), o#26xJj5urud1ErPtdD9Ak2uWtBGmzeb1ixJimJbkEhqzi), (0x0000000000000000000000000000000000000000000000000000000000000003, SequenceNumber(2), o#DF5dfASe4ZDkSCbUKiNv6i44DUPQSgtpV7BoPFJxNLcu), (0x000000000000000000000000000000000000000000000000000000000000000b, SequenceNumber(2), o#8vwgz9iNeskH5LiGvDEfqFhuxwuiUVnKJBbDthPcVcK1), (0x00000000000000000000000000000000000000000000000000000000000000c8, SequenceNumber(2), o#8mxAzFggYWTk2EcWLVbvhGohJUAeKimeRNdivg4tL1ff)]
[2m2025-03-25T07:54:43.304074Z[0m [32m INFO[0m [1mnode[0m[1m{[0m[3mname[0m[2m=[0mk#99f25ef6..[1m}[0m[2m:[0m[1maugment_epoch_last_checkpoint[0m[2m:[0m[1mcreate_and_execute_advance_epoch_tx[0m[2m:[0m [2msui_core::authority[0m[2m:[0m [2mcrates/sui-core/src/authority.rs[0m[2m:[0m[2m4784:[0m support for upgrade [3mtotal_votes[0m[2m=[0m10000 [3mquorum_threshold[0m[2m=[0m6667 [3mbuffer_stake_bps[0m[2m=[0m5000 [3meffective_threshold[0m[2m=[0m8334 [3mproposed_protocol_version[0m[2m=[0mProtocolVersion(56) [3mpackages[0m[2m=[0m[(0x0000000000000000000000000000000000000000000000000000000000000001, SequenceNumber(1), o#96Jb9mkzfqNLYnEMpVxB5dqrKbBaj23w7iXPjTYFdrQw), (0x0000000000000000000000000000000000000000000000000000000000000002, SequenceNumber(2), o#26xJj5urud1ErPtdD9Ak2uWtBGmzeb1ixJimJbkEhqzi), (0x0000000000000000000000000000000000000000000000000000000000000003, SequenceNumber(2), o#DF5dfASe4ZDkSCbUKiNv6i44DUPQSgtpV7BoPFJxNLcu), (0x000000000000000000000000000000000000000000000000000000000000000b, SequenceNumber(2), o#8vwgz9iNeskH5LiGvDEfqFhuxwuiUVnKJBbDthPcVcK1), (0x00000000000000000000000000000000000000000000000000000000000000c8, SequenceNumber(2), o#8mxAzFggYWTk2EcWLVbvhGohJUAeKimeRNdivg4tL1ff)]
[2m2025-03-25T07:54:43.304106Z[0m [32m INFO[0m [1mnode[0m[1m{[0m[3mname[0m[2m=[0mk#8dcff6d1..[1m}[0m[2m:[0m[1maugment_epoch_last_checkpoint[0m[2m:[0m[1mcreate_and_execute_advance_epoch_tx[0m[2m:[0m [2msui_core::authority[0m[2m:[0m [2mcrates/sui-core/src/authority.rs[0m[2m:[0m[2m4743:[0m validator k#8dcff6d1.. supports SupportedProtocolVersions { min: ProtocolVersion(1), max: ProtocolVersion(70) } with system packages: [(0x0000000000000000000000000000000000000000000000000000000000000001, SequenceNumber(1), o#96Jb9mkzfqNLYnEMpVxB5dqrKbBaj23w7iXPjTYFdrQw), (0x0000000000000000000000000000000000000000000000000000000000000002, SequenceNumber(2), o#26xJj5urud1ErPtdD9Ak2uWtBGmzeb1ixJimJbkEhqzi), (0x0000000000000000000000000000000000000000000000000000000000000003, SequenceNumber(2), o#DF5dfASe4ZDkSCbUKiNv6i44DUPQSgtpV7BoPFJxNLcu), (0x000000000000000000000000000000000000000000000000000000000000000b, SequenceNumber(2), o#8vwgz9iNeskH5LiGvDEfqFhuxwuiUVnKJBbDthPcVcK1), (0x00000000000000000000000000000000000000000000000000000000000000c8, SequenceNumber(2), o#8mxAzFggYWTk2EcWLVbvhGohJUAeKimeRNdivg4tL1ff)]
[2m2025-03-25T07:54:43.304126Z[0m [32m INFO[0m [1mnode[0m[1m{[0m[3mname[0m[2m=[0mk#99f25ef6..[1m}[0m[2m:[0m[1maugment_epoch_last_checkpoint[0m[2m:[0m[1mcreate_and_execute_advance_epoch_tx[0m[2m:[0m [2msui_core::authority[0m[2m:[0m [2mcrates/sui-core/src/authority.rs[0m[2m:[0m[2m4743:[0m validator k#8dcff6d1.. supports SupportedProtocolVersions { min: ProtocolVersion(1), max: ProtocolVersion(70) } with system packages: [(0x0000000000000000000000000000000000000000000000000000000000000001, SequenceNumber(1), o#96Jb9mkzfqNLYnEMpVxB5dqrKbBaj23w7iXPjTYFdrQw), (0x0000000000000000000000000000000000000000000000000000000000000002, SequenceNumber(2), o#26xJj5urud1ErPtdD9Ak2uWtBGmzeb1ixJimJbkEhqzi), (0x0000000000000000000000000000000000000000000000000000000000000003, SequenceNumber(2), o#DF5dfASe4ZDkSCbUKiNv6i44DUPQSgtpV7BoPFJxNLcu), (0x000000000000000000000000000000000000000000000000000000000000000b, SequenceNumber(2), o#8vwgz9iNeskH5LiGvDEfqFhuxwuiUVnKJBbDthPcVcK1), (0x00000000000000000000000000000000000000000000000000000000000000c8, SequenceNumber(2), o#8mxAzFggYWTk2EcWLVbvhGohJUAeKimeRNdivg4tL1ff)]
[2m2025-03-25T07:54:43.304155Z[0m [32m INFO[0m [1mnode[0m[1m{[0m[3mname[0m[2m=[0mk#8dcff6d1..[1m}[0m[2m:[0m[1maugment_epoch_last_checkpoint[0m[2m:[0m[1mcreate_and_execute_advance_epoch_tx[0m[2m:[0m [2msui_core::authority[0m[2m:[0m [2mcrates/sui-core/src/authority.rs[0m[2m:[0m[2m4743:[0m validator k#99f25ef6.. supports SupportedProtocolVersions { min: ProtocolVersion(1), max: ProtocolVersion(70) } with system packages: [(0x0000000000000000000000000000000000000000000000000000000000000001, SequenceNumber(1), o#96Jb9mkzfqNLYnEMpVxB5dqrKbBaj23w7iXPjTYFdrQw), (0x0000000000000000000000000000000000000000000000000000000000000002, SequenceNumber(2), o#26xJj5urud1ErPtdD9Ak2uWtBGmzeb1ixJimJbkEhqzi), (0x0000000000000000000000000000000000000000000000000000000000000003, SequenceNumber(2), o#DF5dfASe4ZDkSCbUKiNv6i44DUPQSgtpV7BoPFJxNLcu), (0x000000000000000000000000000000000000000000000000000000000000000b, SequenceNumber(2), o#8vwgz9iNeskH5LiGvDEfqFhuxwuiUVnKJBbDthPcVcK1), (0x00000000000000000000000000000000000000000000000000000000000000c8, SequenceNumber(2), o#8mxAzFggYWTk2EcWLVbvhGohJUAeKimeRNdivg4tL1ff)]
[2m2025-03-25T07:54:43.304173Z[0m [32m INFO[0m [1mnode[0m[1m{[0m[3mname[0m[2m=[0mk#99f25ef6..[1m}[0m[2m:[0m[1maugment_epoch_last_checkpoint[0m[2m:[0m[1mcreate_and_execute_advance_epoch_tx[0m[2m:[0m [2msui_core::authority[0m[2m:[0m [2mcrates/sui-core/src/authority.rs[0m[2m:[0m[2m4743:[0m validator k#99f25ef6.. supports SupportedProtocolVersions { min: ProtocolVersion(1), max: ProtocolVersion(70) } with system packages: [(0x0000000000000000000000000000000000000000000000000000000000000001, SequenceNumber(1), o#96Jb9mkzfqNLYnEMpVxB5dqrKbBaj23w7iXPjTYFdrQw), (0x0000000000000000000000000000000000000000000000000000000000000002, SequenceNumber(2), o#26xJj5urud1ErPtdD9Ak2uWtBGmzeb1ixJimJbkEhqzi), (0x0000000000000000000000000000000000000000000000000000000000000003, SequenceNumber(2), o#DF5dfASe4ZDkSCbUKiNv6i44DUPQSgtpV7BoPFJxNLcu), (0x000000000000000000000000000000000000000000000000000000000000000b, SequenceNumber(2), o#8vwgz9iNeskH5LiGvDEfqFhuxwuiUVnKJBbDthPcVcK1), (0x00000000000000000000000000000000000000000000000000000000000000c8, SequenceNumber(2), o#8mxAzFggYWTk2EcWLVbvhGohJUAeKimeRNdivg4tL1ff)]
[2m2025-03-25T07:54:43.304202Z[0m [32m INFO[0m [1mnode[0m[1m{[0m[3mname[0m[2m=[0mk#8dcff6d1..[1m}[0m[2m:[0m[1maugment_epoch_last_checkpoint[0m[2m:[0m[1mcreate_and_execute_advance_epoch_tx[0m[2m:[0m [2msui_core::authority[0m[2m:[0m [2mcrates/sui-core/src/authority.rs[0m[2m:[0m[2m4743:[0m validator k#addeef94.. supports SupportedProtocolVersions { min: ProtocolVersion(1), max: ProtocolVersion(70) } with system packages: [(0x0000000000000000000000000000000000000000000000000000000000000001, SequenceNumber(1), o#96Jb9mkzfqNLYnEMpVxB5dqrKbBaj23w7iXPjTYFdrQw), (0x0000000000000000000000000000000000000000000000000000000000000002, SequenceNumber(2), o#26xJj5urud1ErPtdD9Ak2uWtBGmzeb1ixJimJbkEhqzi), (0x0000000000000000000000000000000000000000000000000000000000000003, SequenceNumber(2), o#DF5dfASe4ZDkSCbUKiNv6i44DUPQSgtpV7BoPFJxNLcu), (0x000000000000000000000000000000000000000000000000000000000000000b, SequenceNumber(2), o#8vwgz9iNeskH5LiGvDEfqFhuxwuiUVnKJBbDthPcVcK1), (0x00000000000000000000000000000000000000000000000000000000000000c8, SequenceNumber(2), o#8mxAzFggYWTk2EcWLVbvhGohJUAeKimeRNdivg4tL1ff)]
[2m2025-03-25T07:54:43.304221Z[0m [32m INFO[0m [1mnode[0m[1m{[0m[3mname[0m[2m=[0mk#99f25ef6..[1m}[0m[2m:[0m[1maugment_epoch_last_checkpoint[0m[2m:[0m[1mcreate_and_execute_advance_epoch_tx[0m[2m:[0m [2msui_core::authority[0m[2m:[0m [2mcrates/sui-core/src/authority.rs[0m[2m:[0m[2m4743:[0m validator k#addeef94.. supports SupportedProtocolVersions { min: ProtocolVersion(1), max: ProtocolVersion(70) } with system packages: [(0x0000000000000000000000000000000000000000000000000000000000000001, SequenceNumber(1), o#96Jb9mkzfqNLYnEMpVxB5dqrKbBaj23w7iXPjTYFdrQw), (0x0000000000000000000000000000000000000000000000000000000000000002, SequenceNumber(2), o#26xJj5urud1ErPtdD9Ak2uWtBGmzeb1ixJimJbkEhqzi), (0x0000000000000000000000000000000000000000000000000000000000000003, SequenceNumber(2), o#DF5dfASe4ZDkSCbUKiNv6i44DUPQSgtpV7BoPFJxNLcu), (0x000000000000000000000000000000000000000000000000000000000000000b, SequenceNumber(2), o#8vwgz9iNeskH5LiGvDEfqFhuxwuiUVnKJBbDthPcVcK1), (0x00000000000000000000000000000000000000000000000000000000000000c8, SequenceNumber(2), o#8mxAzFggYWTk2EcWLVbvhGohJUAeKimeRNdivg4tL1ff)]
[2m2025-03-25T07:54:43.304253Z[0m [32m INFO[0m [1mnode[0m[1m{[0m[3mname[0m[2m=[0mk#8dcff6d1..[1m}[0m[2m:[0m[1maugment_epoch_last_checkpoint[0m[2m:[0m[1mcreate_and_execute_advance_epoch_tx[0m[2m:[0m [2msui_core::authority[0m[2m:[0m [2mcrates/sui-core/src/authority.rs[0m[2m:[0m[2m4784:[0m support for upgrade [3mtotal_votes[0m[2m=[0m10000 [3mquorum_threshold[0m[2m=[0m6667 [3mbuffer_stake_bps[0m[2m=[0m5000 [3meffective_threshold[0m[2m=[0m8334 [3mproposed_protocol_version[0m[2m=[0mProtocolVersion(57) [3mpackages[0m[2m=[0m[(0x0000000000000000000000000000000000000000000000000000000000000001, SequenceNumber(1), o#96Jb9mkzfqNLYnEMpVxB5dqrKbBaj23w7iXPjTYFdrQw), (0x0000000000000000000000000000000000000000000000000000000000000002, SequenceNumber(2), o#26xJj5urud1ErPtdD9Ak2uWtBGmzeb1ixJimJbkEhqzi), (0x0000000000000000000000000000000000000000000000000000000000000003, SequenceNumber(2), o#DF5dfASe4ZDkSCbUKiNv6i44DUPQSgtpV7BoPFJxNLcu), (0x000000000000000000000000000000000000000000000000000000000000000b, SequenceNumber(2), o#8vwgz9iNeskH5LiGvDEfqFhuxwuiUVnKJBbDthPcVcK1), (0x00000000000000000000000000000000000000000000000000000000000000c8, SequenceNumber(2), o#8mxAzFggYWTk2EcWLVbvhGohJUAeKimeRNdivg4tL1ff)]
[2m2025-03-25T07:54:43.304273Z[0m [32m INFO[0m [1mnode[0m[1m{[0m[3mname[0m[2m=[0mk#99f25ef6..[1m}[0m[2m:[0m[1maugment_epoch_last_checkpoint[0m[2m:[0m[1mcreate_and_execute_advance_epoch_tx[0m[2m:[0m [2msui_core::authority[0m[2m:[0m [2mcrates/sui-core/src/authority.rs[0m[2m:[0m[2m4784:[0m support for upgrade [3mtotal_votes[0m[2m=[0m10000 [3mquorum_threshold[0m[2m=[0m6667 [3mbuffer_stake_bps[0m[2m=[0m5000 [3meffective_threshold[0m[2m=[0m8334 [3mproposed_protocol_version[0m[2m=[0mProtocolVersion(57) [3mpackages[0m[2m=[0m[(0x0000000000000000000000000000000000000000000000000000000000000001, SequenceNumber(1), o#96Jb9mkzfqNLYnEMpVxB5dqrKbBaj23w7iXPjTYFdrQw), (0x0000000000000000000000000000000000000000000000000000000000000002, SequenceNumber(2), o#26xJj5urud1ErPtdD9Ak2uWtBGmzeb1ixJimJbkEhqzi), (0x0000000000000000000000000000000000000000000000000000000000000003, SequenceNumber(2), o#DF5dfASe4ZDkSCbUKiNv6i44DUPQSgtpV7BoPFJxNLcu), (0x000000000000000000000000000000000000000000000000000000000000000b, SequenceNumber(2), o#8vwgz9iNeskH5LiGvDEfqFhuxwuiUVnKJBbDthPcVcK1), (0x00000000000000000000000000000000000000000000000000000000000000c8, SequenceNumber(2), o#8mxAzFggYWTk2EcWLVbvhGohJUAeKimeRNdivg4tL1ff)]
[2m2025-03-25T07:54:43.304304Z[0m [32m INFO[0m [1mnode[0m[1m{[0m[3mname[0m[2m=[0mk#8dcff6d1..[1m}[0m[2m:[0m[1maugment_epoch_last_checkpoint[0m[2m:[0m[1mcreate_and_execute_advance_epoch_tx[0m[2m:[0m [2msui_core::authority[0m[2m:[0m [2mcrates/sui-core/src/authority.rs[0m[2m:[0m[2m4743:[0m validator k#8dcff6d1.. supports SupportedProtocolVersions { min: ProtocolVersion(1), max: ProtocolVersion(70) } with system packages: [(0x0000000000000000000000000000000000000000000000000000000000000001, SequenceNumber(1), o#96Jb9mkzfqNLYnEMpVxB5dqrKbBaj23w7iXPjTYFdrQw), (0x0000000000000000000000000000000000000000000000000000000000000002, SequenceNumber(2), o#26xJj5urud1ErPtdD9Ak2uWtBGmzeb1ixJimJbkEhqzi), (0x0000000000000000000000000000000000000000000000000000000000000003, SequenceNumber(2), o#DF5dfASe4ZDkSCbUKiNv6i44DUPQSgtpV7BoPFJxNLcu), (0x000000000000000000000000000000000000000000000000000000000000000b, SequenceNumber(2), o#8vwgz9iNeskH5LiGvDEfqFhuxwuiUVnKJBbDthPcVcK1), (0x00000000000000000000000000000000000000000000000000000000000000c8, SequenceNumber(2), o#8mxAzFggYWTk2EcWLVbvhGohJUAeKimeRNdivg4tL1ff)]
[2m2025-03-25T07:54:43.304324Z[0m [32m INFO[0m [1mnode[0m[1m{[0m[3mname[0m[2m=[0mk#99f25ef6..[1m}[0m[2m:[0m[1maugment_epoch_last_checkpoint[0m[2m:[0m[1mcreate_and_execute_advance_epoch_tx[0m[2m:[0m [2msui_core::authority[0m[2m:[0m [2mcrates/sui-core/src/authority.rs[0m[2m:[0m[2m4743:[0m validator k#8dcff6d1.. supports SupportedProtocolVersions { min: ProtocolVersion(1), max: ProtocolVersion(70) } with system packages: [(0x0000000000000000000000000000000000000000000000000000000000000001, SequenceNumber(1), o#96Jb9mkzfqNLYnEMpVxB5dqrKbBaj23w7iXPjTYFdrQw), (0x0000000000000000000000000000000000000000000000000000000000000002, SequenceNumber(2), o#26xJj5urud1ErPtdD9Ak2uWtBGmzeb1ixJimJbkEhqzi), (0x0000000000000000000000000000000000000000000000000000000000000003, SequenceNumber(2), o#DF5dfASe4ZDkSCbUKiNv6i44DUPQSgtpV7BoPFJxNLcu), (0x000000000000000000000000000000000000000000000000000000000000000b, SequenceNumber(2), o#8vwgz9iNeskH5LiGvDEfqFhuxwuiUVnKJBbDthPcVcK1), (0x00000000000000000000000000000000000000000000000000000000000000c8, SequenceNumber(2), o#8mxAzFggYWTk2EcWLVbvhGohJUAeKimeRNdivg4tL1ff)]
[2m2025-03-25T07:54:43.304351Z[0m [32m INFO[0m [1mnode[0m[1m{[0m[3mname[0m[2m=[0mk#8dcff6d1..[1m}[0m[2m:[0m[1maugment_epoch_last_checkpoint[0m[2m:[0m[1mcreate_and_execute_advance_epoch_tx[0m[2m:[0m [2msui_core::authority[0m[2m:[0m [2mcrates/sui-core/src/authority.rs[0m[2m:[0m[2m4743:[0m validator k#99f25ef6.. supports SupportedProtocolVersions { min: ProtocolVersion(1), max: ProtocolVersion(70) } with system packages: [(0x0000000000000000000000000000000000000000000000000000000000000001, SequenceNumber(1), o#96Jb9mkzfqNLYnEMpVxB5dqrKbBaj23w7iXPjTYFdrQw), (0x0000000000000000000000000000000000000000000000000000000000000002, SequenceNumber(2), o#26xJj5urud1ErPtdD9Ak2uWtBGmzeb1ixJimJbkEhqzi), (0x0000000000000000000000000000000000000000000000000000000000000003, SequenceNumber(2), o#DF5dfASe4ZDkSCbUKiNv6i44DUPQSgtpV7BoPFJxNLcu), (0x000000000000000000000000000000000000000000000000000000000000000b, SequenceNumber(2), o#8vwgz9iNeskH5LiGvDEfqFhuxwuiUVnKJBbDthPcVcK1), (0x00000000000000000000000000000000000000000000000000000000000000c8, SequenceNumber(2), o#8mxAzFggYWTk2EcWLVbvhGohJUAeKimeRNdivg4tL1ff)]
[2m2025-03-25T07:54:43.304371Z[0m [32m INFO[0m [1mnode[0m[1m{[0m[3mname[0m[2m=[0mk#99f25ef6..[1m}[0m[2m:[0m[1maugment_epoch_last_checkpoint[0m[2m:[0m[1mcreate_and_execute_advance_epoch_tx[0m[2m:[0m [2msui_core::authority[0m[2m:[0m [2mcrates/sui-core/src/authority.rs[0m[2m:[0m[2m4743:[0m validator k#99f25ef6.. supports SupportedProtocolVersions { min: ProtocolVersion(1), max: ProtocolVersion(70) } with system packages: [(0x0000000000000000000000000000000000000000000000000000000000000001, SequenceNumber(1), o#96Jb9mkzfqNLYnEMpVxB5dqrKbBaj23w7iXPjTYFdrQw), (0x0000000000000000000000000000000000000000000000000000000000000002, SequenceNumber(2), o#26xJj5urud1ErPtdD9Ak2uWtBGmzeb1ixJimJbkEhqzi), (0x0000000000000000000000000000000000000000000000000000000000000003, SequenceNumber(2), o#DF5dfASe4ZDkSCbUKiNv6i44DUPQSgtpV7BoPFJxNLcu), (0x000000000000000000000000000000000000000000000000000000000000000b, SequenceNumber(2), o#8vwgz9iNeskH5LiGvDEfqFhuxwuiUVnKJBbDthPcVcK1), (0x00000000000000000000000000000000000000000000000000000000000000c8, SequenceNumber(2), o#8mxAzFggYWTk2EcWLVbvhGohJUAeKimeRNdivg4tL1ff)]
[2m2025-03-25T07:54:43.304398Z[0m [32m INFO[0m [1mnode[0m[1m{[0m[3mname[0m[2m=[0mk#8dcff6d1..[1m}[0m[2m:[0m[1maugment_epoch_last_checkpoint[0m[2m:[0m[1mcreate_and_execute_advance_epoch_tx[0m[2m:[0m [2msui_core::authority[0m[2m:[0m [2mcrates/sui-core/src/authority.rs[0m[2m:[0m[2m4743:[0m validator k#addeef94.. supports SupportedProtocolVersions { min: ProtocolVersion(1), max: ProtocolVersion(70) } with system packages: [(0x0000000000000000000000000000000000000000000000000000000000000001, SequenceNumber(1), o#96Jb9mkzfqNLYnEMpVxB5dqrKbBaj23w7iXPjTYFdrQw), (0x0000000000000000000000000000000000000000000000000000000000000002, SequenceNumber(2), o#26xJj5urud1ErPtdD9Ak2uWtBGmzeb1ixJimJbkEhqzi), (0x0000000000000000000000000000000000000000000000000000000000000003, SequenceNumber(2), o#DF5dfASe4ZDkSCbUKiNv6i44DUPQSgtpV7BoPFJxNLcu), (0x000000000000000000000000000000000000000000000000000000000000000b, SequenceNumber(2), o#8vwgz9iNeskH5LiGvDEfqFhuxwuiUVnKJBbDthPcVcK1), (0x00000000000000000000000000000000000000000000000000000000000000c8, SequenceNumber(2), o#8mxAzFggYWTk2EcWLVbvhGohJUAeKimeRNdivg4tL1ff)]
[2m2025-03-25T07:54:43.304418Z[0m [32m INFO[0m [1mnode[0m[1m{[0m[3mname[0m[2m=[0mk#99f25ef6..[1m}[0m[2m:[0m[1maugment_epoch_last_checkpoint[0m[2m:[0m[1mcreate_and_execute_advance_epoch_tx[0m[2m:[0m [2msui_core::authority[0m[2m:[0m [2mcrates/sui-core/src/authority.rs[0m[2m:[0m[2m4743:[0m validator k#addeef94.. supports SupportedProtocolVersions { min: ProtocolVersion(1), max: ProtocolVersion(70) } with system packages: [(0x0000000000000000000000000000000000000000000000000000000000000001, SequenceNumber(1), o#96Jb9mkzfqNLYnEMpVxB5dqrKbBaj23w7iXPjTYFdrQw), (0x0000000000000000000000000000000000000000000000000000000000000002, SequenceNumber(2), o#26xJj5urud1ErPtdD9Ak2uWtBGmzeb1ixJimJbkEhqzi), (0x0000000000000000000000000000000000000000000000000000000000000003, SequenceNumber(2), o#DF5dfASe4ZDkSCbUKiNv6i44DUPQSgtpV7BoPFJxNLcu), (0x000000000000000000000000000000000000000000000000000000000000000b, SequenceNumber(2), o#8vwgz9iNeskH5LiGvDEfqFhuxwuiUVnKJBbDthPcVcK1), (0x00000000000000000000000000000000000000000000000000000000000000c8, SequenceNumber(2), o#8mxAzFggYWTk2EcWLVbvhGohJUAeKimeRNdivg4tL1ff)]
[2m2025-03-25T07:54:43.304450Z[0m [32m INFO[0m [1mnode[0m[1m{[0m[3mname[0m[2m=[0mk#8dcff6d1..[1m}[0m[2m:[0m[1maugment_epoch_last_checkpoint[0m[2m:[0m[1mcreate_and_execute_advance_epoch_tx[0m[2m:[0m [2msui_core::authority[0m[2m:[0m [2mcrates/sui-core/src/authority.rs[0m[2m:[0m[2m4784:[0m support for upgrade [3mtotal_votes[0m[2m=[0m10000 [3mquorum_threshold[0m[2m=[0m6667 [3mbuffer_stake_bps[0m[2m=[0m5000 [3meffective_threshold[0m[2m=[0m8334 [3mproposed_protocol_version[0m[2m=[0mProtocolVersion(58) [3mpackages[0m[2m=[0m[(0x0000000000000000000000000000000000000000000000000000000000000001, SequenceNumber(1), o#96Jb9mkzfqNLYnEMpVxB5dqrKbBaj23w7iXPjTYFdrQw), (0x0000000000000000000000000000000000000000000000000000000000000002, SequenceNumber(2), o#26xJj5urud1ErPtdD9Ak2uWtBGmzeb1ixJimJbkEhqzi), (0x0000000000000000000000000000000000000000000000000000000000000003, SequenceNumber(2), o#DF5dfASe4ZDkSCbUKiNv6i44DUPQSgtpV7BoPFJxNLcu), (0x000000000000000000000000000000000000000000000000000000000000000b, SequenceNumber(2), o#8vwgz9iNeskH5LiGvDEfqFhuxwuiUVnKJBbDthPcVcK1), (0x00000000000000000000000000000000000000000000000000000000000000c8, SequenceNumber(2), o#8mxAzFggYWTk2EcWLVbvhGohJUAeKimeRNdivg4tL1ff)]
[2m2025-03-25T07:54:43.304469Z[0m [32m INFO[0m [1mnode[0m[1m{[0m[3mname[0m[2m=[0mk#99f25ef6..[1m}[0m[2m:[0m[1maugment_epoch_last_checkpoint[0m[2m:[0m[1mcreate_and_execute_advance_epoch_tx[0m[2m:[0m [2msui_core::authority[0m[2m:[0m [2mcrates/sui-core/src/authority.rs[0m[2m:[0m[2m4784:[0m support for upgrade [3mtotal_votes[0m[2m=[0m10000 [3mquorum_threshold[0m[2m=[0m6667 [3mbuffer_stake_bps[0m[2m=[0m5000 [3meffective_threshold[0m[2m=[0m8334 [3mproposed_protocol_version[0m[2m=[0mProtocolVersion(58) [3mpackages[0m[2m=[0m[(0x0000000000000000000000000000000000000000000000000000000000000001, SequenceNumber(1), o#96Jb9mkzfqNLYnEMpVxB5dqrKbBaj23w7iXPjTYFdrQw), (0x0000000000000000000000000000000000000000000000000000000000000002, SequenceNumber(2), o#26xJj5urud1ErPtdD9Ak2uWtBGmzeb1ixJimJbkEhqzi), (0x0000000000000000000000000000000000000000000000000000000000000003, SequenceNumber(2), o#DF5dfASe4ZDkSCbUKiNv6i44DUPQSgtpV7BoPFJxNLcu), (0x000000000000000000000000000000000000000000000000000000000000000b, SequenceNumber(2), o#8vwgz9iNeskH5LiGvDEfqFhuxwuiUVnKJBbDthPcVcK1), (0x00000000000000000000000000000000000000000000000000000000000000c8, SequenceNumber(2), o#8mxAzFggYWTk2EcWLVbvhGohJUAeKimeRNdivg4tL1ff)]
[2m2025-03-25T07:54:43.304503Z[0m [32m INFO[0m [1mnode[0m[1m{[0m[3mname[0m[2m=[0mk#8dcff6d1..[1m}[0m[2m:[0m[1maugment_epoch_last_checkpoint[0m[2m:[0m[1mcreate_and_execute_advance_epoch_tx[0m[2m:[0m [2msui_core::authority[0m[2m:[0m [2mcrates/sui-core/src/authority.rs[0m[2m:[0m[2m4743:[0m validator k#8dcff6d1.. supports SupportedProtocolVersions { min: ProtocolVersion(1), max: ProtocolVersion(70) } with system packages: [(0x0000000000000000000000000000000000000000000000000000000000000001, SequenceNumber(1), o#96Jb9mkzfqNLYnEMpVxB5dqrKbBaj23w7iXPjTYFdrQw), (0x0000000000000000000000000000000000000000000000000000000000000002, SequenceNumber(2), o#26xJj5urud1ErPtdD9Ak2uWtBGmzeb1ixJimJbkEhqzi), (0x0000000000000000000000000000000000000000000000000000000000000003, SequenceNumber(2), o#DF5dfASe4ZDkSCbUKiNv6i44DUPQSgtpV7BoPFJxNLcu), (0x000000000000000000000000000000000000000000000000000000000000000b, SequenceNumber(2), o#8vwgz9iNeskH5LiGvDEfqFhuxwuiUVnKJBbDthPcVcK1), (0x00000000000000000000000000000000000000000000000000000000000000c8, SequenceNumber(2), o#8mxAzFggYWTk2EcWLVbvhGohJUAeKimeRNdivg4tL1ff)]
[2m2025-03-25T07:54:43.304521Z[0m [32m INFO[0m [1mnode[0m[1m{[0m[3mname[0m[2m=[0mk#99f25ef6..[1m}[0m[2m:[0m[1maugment_epoch_last_checkpoint[0m[2m:[0m[1mcreate_and_execute_advance_epoch_tx[0m[2m:[0m [2msui_core::authority[0m[2m:[0m [2mcrates/sui-core/src/authority.rs[0m[2m:[0m[2m4743:[0m validator k#8dcff6d1.. supports SupportedProtocolVersions { min: ProtocolVersion(1), max: ProtocolVersion(70) } with system packages: [(0x0000000000000000000000000000000000000000000000000000000000000001, SequenceNumber(1), o#96Jb9mkzfqNLYnEMpVxB5dqrKbBaj23w7iXPjTYFdrQw), (0x0000000000000000000000000000000000000000000000000000000000000002, SequenceNumber(2), o#26xJj5urud1ErPtdD9Ak2uWtBGmzeb1ixJimJbkEhqzi), (0x0000000000000000000000000000000000000000000000000000000000000003, SequenceNumber(2), o#DF5dfASe4ZDkSCbUKiNv6i44DUPQSgtpV7BoPFJxNLcu), (0x000000000000000000000000000000000000000000000000000000000000000b, SequenceNumber(2), o#8vwgz9iNeskH5LiGvDEfqFhuxwuiUVnKJBbDthPcVcK1), (0x00000000000000000000000000000000000000000000000000000000000000c8, SequenceNumber(2), o#8mxAzFggYWTk2EcWLVbvhGohJUAeKimeRNdivg4tL1ff)]
[2m2025-03-25T07:54:43.304550Z[0m [32m INFO[0m [1mnode[0m[1m{[0m[3mname[0m[2m=[0mk#8dcff6d1..[1m}[0m[2m:[0m[1maugment_epoch_last_checkpoint[0m[2m:[0m[1mcreate_and_execute_advance_epoch_tx[0m[2m:[0m [2msui_core::authority[0m[2m:[0m [2mcrates/sui-core/src/authority.rs[0m[2m:[0m[2m4743:[0m validator k#99f25ef6.. supports SupportedProtocolVersions { min: ProtocolVersion(1), max: ProtocolVersion(70) } with system packages: [(0x0000000000000000000000000000000000000000000000000000000000000001, SequenceNumber(1), o#96Jb9mkzfqNLYnEMpVxB5dqrKbBaj23w7iXPjTYFdrQw), (0x0000000000000000000000000000000000000000000000000000000000000002, SequenceNumber(2), o#26xJj5urud1ErPtdD9Ak2uWtBGmzeb1ixJimJbkEhqzi), (0x0000000000000000000000000000000000000000000000000000000000000003, SequenceNumber(2), o#DF5dfASe4ZDkSCbUKiNv6i44DUPQSgtpV7BoPFJxNLcu), (0x000000000000000000000000000000000000000000000000000000000000000b, SequenceNumber(2), o#8vwgz9iNeskH5LiGvDEfqFhuxwuiUVnKJBbDthPcVcK1), (0x00000000000000000000000000000000000000000000000000000000000000c8, SequenceNumber(2), o#8mxAzFggYWTk2EcWLVbvhGohJUAeKimeRNdivg4tL1ff)]
[2m2025-03-25T07:54:43.304568Z[0m [32m INFO[0m [1mnode[0m[1m{[0m[3mname[0m[2m=[0mk#99f25ef6..[1m}[0m[2m:[0m[1maugment_epoch_last_checkpoint[0m[2m:[0m[1mcreate_and_execute_advance_epoch_tx[0m[2m:[0m [2msui_core::authority[0m[2m:[0m [2mcrates/sui-core/src/authority.rs[0m[2m:[0m[2m4743:[0m validator k#99f25ef6.. supports SupportedProtocolVersions { min: ProtocolVersion(1), max: ProtocolVersion(70) } with system packages: [(0x0000000000000000000000000000000000000000000000000000000000000001, SequenceNumber(1), o#96Jb9mkzfqNLYnEMpVxB5dqrKbBaj23w7iXPjTYFdrQw), (0x0000000000000000000000000000000000000000000000000000000000000002, SequenceNumber(2), o#26xJj5urud1ErPtdD9Ak2uWtBGmzeb1ixJimJbkEhqzi), (0x0000000000000000000000000000000000000000000000000000000000000003, SequenceNumber(2), o#DF5dfASe4ZDkSCbUKiNv6i44DUPQSgtpV7BoPFJxNLcu), (0x000000000000000000000000000000000000000000000000000000000000000b, SequenceNumber(2), o#8vwgz9iNeskH5LiGvDEfqFhuxwuiUVnKJBbDthPcVcK1), (0x00000000000000000000000000000000000000000000000000000000000000c8, SequenceNumber(2), o#8mxAzFggYWTk2EcWLVbvhGohJUAeKimeRNdivg4tL1ff)]
[2m2025-03-25T07:54:43.304597Z[0m [32m INFO[0m [1mnode[0m[1m{[0m[3mname[0m[2m=[0mk#8dcff6d1..[1m}[0m[2m:[0m[1maugment_epoch_last_checkpoint[0m[2m:[0m[1mcreate_and_execute_advance_epoch_tx[0m[2m:[0m [2msui_core::authority[0m[2m:[0m [2mcrates/sui-core/src/authority.rs[0m[2m:[0m[2m4743:[0m validator k#addeef94.. supports SupportedProtocolVersions { min: ProtocolVersion(1), max: ProtocolVersion(70) } with system packages: [(0x0000000000000000000000000000000000000000000000000000000000000001, SequenceNumber(1), o#96Jb9mkzfqNLYnEMpVxB5dqrKbBaj23w7iXPjTYFdrQw), (0x0000000000000000000000000000000000000000000000000000000000000002, SequenceNumber(2), o#26xJj5urud1ErPtdD9Ak2uWtBGmzeb1ixJimJbkEhqzi), (0x0000000000000000000000000000000000000000000000000000000000000003, SequenceNumber(2), o#DF5dfASe4ZDkSCbUKiNv6i44DUPQSgtpV7BoPFJxNLcu), (0x000000000000000000000000000000000000000000000000000000000000000b, SequenceNumber(2), o#8vwgz9iNeskH5LiGvDEfqFhuxwuiUVnKJBbDthPcVcK1), (0x00000000000000000000000000000000000000000000000000000000000000c8, SequenceNumber(2), o#8mxAzFggYWTk2EcWLVbvhGohJUAeKimeRNdivg4tL1ff)]
[2m2025-03-25T07:54:43.304615Z[0m [32m INFO[0m [1mnode[0m[1m{[0m[3mname[0m[2m=[0mk#99f25ef6..[1m}[0m[2m:[0m[1maugment_epoch_last_checkpoint[0m[2m:[0m[1mcreate_and_execute_advance_epoch_tx[0m[2m:[0m [2msui_core::authority[0m[2m:[0m [2mcrates/sui-core/src/authority.rs[0m[2m:[0m[2m4743:[0m validator k#addeef94.. supports SupportedProtocolVersions { min: ProtocolVersion(1), max: ProtocolVersion(70) } with system packages: [(0x0000000000000000000000000000000000000000000000000000000000000001, SequenceNumber(1), o#96Jb9mkzfqNLYnEMpVxB5dqrKbBaj23w7iXPjTYFdrQw), (0x0000000000000000000000000000000000000000000000000000000000000002, SequenceNumber(2), o#26xJj5urud1ErPtdD9Ak2uWtBGmzeb1ixJimJbkEhqzi), (0x0000000000000000000000000000000000000000000000000000000000000003, SequenceNumber(2), o#DF5dfASe4ZDkSCbUKiNv6i44DUPQSgtpV7BoPFJxNLcu), (0x000000000000000000000000000000000000000000000000000000000000000b, SequenceNumber(2), o#8vwgz9iNeskH5LiGvDEfqFhuxwuiUVnKJBbDthPcVcK1), (0x00000000000000000000000000000000000000000000000000000000000000c8, SequenceNumber(2), o#8mxAzFggYWTk2EcWLVbvhGohJUAeKimeRNdivg4tL1ff)]
[2m2025-03-25T07:54:43.304648Z[0m [32m INFO[0m [1mnode[0m[1m{[0m[3mname[0m[2m=[0mk#8dcff6d1..[1m}[0m[2m:[0m[1maugment_epoch_last_checkpoint[0m[2m:[0m[1mcreate_and_execute_advance_epoch_tx[0m[2m:[0m [2msui_core::authority[0m[2m:[0m [2mcrates/sui-core/src/authority.rs[0m[2m:[0m[2m4784:[0m support for upgrade [3mtotal_votes[0m[2m=[0m10000 [3mquorum_threshold[0m[2m=[0m6667 [3mbuffer_stake_bps[0m[2m=[0m5000 [3meffective_threshold[0m[2m=[0m8334 [3mproposed_protocol_version[0m[2m=[0mProtocolVersion(59) [3mpackages[0m[2m=[0m[(0x0000000000000000000000000000000000000000000000000000000000000001, SequenceNumber(1), o#96Jb9mkzfqNLYnEMpVxB5dqrKbBaj23w7iXPjTYFdrQw), (0x0000000000000000000000000000000000000000000000000000000000000002, SequenceNumber(2), o#26xJj5urud1ErPtdD9Ak2uWtBGmzeb1ixJimJbkEhqzi), (0x0000000000000000000000000000000000000000000000000000000000000003, SequenceNumber(2), o#DF5dfASe4ZDkSCbUKiNv6i44DUPQSgtpV7BoPFJxNLcu), (0x000000000000000000000000000000000000000000000000000000000000000b, SequenceNumber(2), o#8vwgz9iNeskH5LiGvDEfqFhuxwuiUVnKJBbDthPcVcK1), (0x00000000000000000000000000000000000000000000000000000000000000c8, SequenceNumber(2), o#8mxAzFggYWTk2EcWLVbvhGohJUAeKimeRNdivg4tL1ff)]
[2m2025-03-25T07:54:43.304666Z[0m [32m INFO[0m [1mnode[0m[1m{[0m[3mname[0m[2m=[0mk#99f25ef6..[1m}[0m[2m:[0m[1maugment_epoch_last_checkpoint[0m[2m:[0m[1mcreate_and_execute_advance_epoch_tx[0m[2m:[0m [2msui_core::authority[0m[2m:[0m [2mcrates/sui-core/src/authority.rs[0m[2m:[0m[2m4784:[0m support for upgrade [3mtotal_votes[0m[2m=[0m10000 [3mquorum_threshold[0m[2m=[0m6667 [3mbuffer_stake_bps[0m[2m=[0m5000 [3meffective_threshold[0m[2m=[0m8334 [3mproposed_protocol_version[0m[2m=[0mProtocolVersion(59) [3mpackages[0m[2m=[0m[(0x0000000000000000000000000000000000000000000000000000000000000001, SequenceNumber(1), o#96Jb9mkzfqNLYnEMpVxB5dqrKbBaj23w7iXPjTYFdrQw), (0x0000000000000000000000000000000000000000000000000000000000000002, SequenceNumber(2), o#26xJj5urud1ErPtdD9Ak2uWtBGmzeb1ixJimJbkEhqzi), (0x0000000000000000000000000000000000000000000000000000000000000003, SequenceNumber(2), o#DF5dfASe4ZDkSCbUKiNv6i44DUPQSgtpV7BoPFJxNLcu), (0x000000000000000000000000000000000000000000000000000000000000000b, SequenceNumber(2), o#8vwgz9iNeskH5LiGvDEfqFhuxwuiUVnKJBbDthPcVcK1), (0x00000000000000000000000000000000000000000000000000000000000000c8, SequenceNumber(2), o#8mxAzFggYWTk2EcWLVbvhGohJUAeKimeRNdivg4tL1ff)]
[2m2025-03-25T07:54:43.304699Z[0m [32m INFO[0m [1mnode[0m[1m{[0m[3mname[0m[2m=[0mk#8dcff6d1..[1m}[0m[2m:[0m[1maugment_epoch_last_checkpoint[0m[2m:[0m[1mcreate_and_execute_advance_epoch_tx[0m[2m:[0m [2msui_core::authority[0m[2m:[0m [2mcrates/sui-core/src/authority.rs[0m[2m:[0m[2m4743:[0m validator k#8dcff6d1.. supports SupportedProtocolVersions { min: ProtocolVersion(1), max: ProtocolVersion(70) } with system packages: [(0x0000000000000000000000000000000000000000000000000000000000000001, SequenceNumber(1), o#96Jb9mkzfqNLYnEMpVxB5dqrKbBaj23w7iXPjTYFdrQw), (0x0000000000000000000000000000000000000000000000000000000000000002, SequenceNumber(2), o#26xJj5urud1ErPtdD9Ak2uWtBGmzeb1ixJimJbkEhqzi), (0x0000000000000000000000000000000000000000000000000000000000000003, SequenceNumber(2), o#DF5dfASe4ZDkSCbUKiNv6i44DUPQSgtpV7BoPFJxNLcu), (0x000000000000000000000000000000000000000000000000000000000000000b, SequenceNumber(2), o#8vwgz9iNeskH5LiGvDEfqFhuxwuiUVnKJBbDthPcVcK1), (0x00000000000000000000000000000000000000000000000000000000000000c8, SequenceNumber(2), o#8mxAzFggYWTk2EcWLVbvhGohJUAeKimeRNdivg4tL1ff)]
[2m2025-03-25T07:54:43.304717Z[0m [32m INFO[0m [1mnode[0m[1m{[0m[3mname[0m[2m=[0mk#99f25ef6..[1m}[0m[2m:[0m[1maugment_epoch_last_checkpoint[0m[2m:[0m[1mcreate_and_execute_advance_epoch_tx[0m[2m:[0m [2msui_core::authority[0m[2m:[0m [2mcrates/sui-core/src/authority.rs[0m[2m:[0m[2m4743:[0m validator k#8dcff6d1.. supports SupportedProtocolVersions { min: ProtocolVersion(1), max: ProtocolVersion(70) } with system packages: [(0x0000000000000000000000000000000000000000000000000000000000000001, SequenceNumber(1), o#96Jb9mkzfqNLYnEMpVxB5dqrKbBaj23w7iXPjTYFdrQw), (0x0000000000000000000000000000000000000000000000000000000000000002, SequenceNumber(2), o#26xJj5urud1ErPtdD9Ak2uWtBGmzeb1ixJimJbkEhqzi), (0x0000000000000000000000000000000000000000000000000000000000000003, SequenceNumber(2), o#DF5dfASe4ZDkSCbUKiNv6i44DUPQSgtpV7BoPFJxNLcu), (0x000000000000000000000000000000000000000000000000000000000000000b, SequenceNumber(2), o#8vwgz9iNeskH5LiGvDEfqFhuxwuiUVnKJBbDthPcVcK1), (0x00000000000000000000000000000000000000000000000000000000000000c8, SequenceNumber(2), o#8mxAzFggYWTk2EcWLVbvhGohJUAeKimeRNdivg4tL1ff)]
[2m2025-03-25T07:54:43.304747Z[0m [32m INFO[0m [1mnode[0m[1m{[0m[3mname[0m[2m=[0mk#8dcff6d1..[1m}[0m[2m:[0m[1maugment_epoch_last_checkpoint[0m[2m:[0m[1mcreate_and_execute_advance_epoch_tx[0m[2m:[0m [2msui_core::authority[0m[2m:[0m [2mcrates/sui-core/src/authority.rs[0m[2m:[0m[2m4743:[0m validator k#99f25ef6.. supports SupportedProtocolVersions { min: ProtocolVersion(1), max: ProtocolVersion(70) } with system packages: [(0x0000000000000000000000000000000000000000000000000000000000000001, SequenceNumber(1), o#96Jb9mkzfqNLYnEMpVxB5dqrKbBaj23w7iXPjTYFdrQw), (0x0000000000000000000000000000000000000000000000000000000000000002, SequenceNumber(2), o#26xJj5urud1ErPtdD9Ak2uWtBGmzeb1ixJimJbkEhqzi), (0x0000000000000000000000000000000000000000000000000000000000000003, SequenceNumber(2), o#DF5dfASe4ZDkSCbUKiNv6i44DUPQSgtpV7BoPFJxNLcu), (0x000000000000000000000000000000000000000000000000000000000000000b, SequenceNumber(2), o#8vwgz9iNeskH5LiGvDEfqFhuxwuiUVnKJBbDthPcVcK1), (0x00000000000000000000000000000000000000000000000000000000000000c8, SequenceNumber(2), o#8mxAzFggYWTk2EcWLVbvhGohJUAeKimeRNdivg4tL1ff)]
[2m2025-03-25T07:54:43.304764Z[0m [32m INFO[0m [1mnode[0m[1m{[0m[3mname[0m[2m=[0mk#99f25ef6..[1m}[0m[2m:[0m[1maugment_epoch_last_checkpoint[0m[2m:[0m[1mcreate_and_execute_advance_epoch_tx[0m[2m:[0m [2msui_core::authority[0m[2m:[0m [2mcrates/sui-core/src/authority.rs[0m[2m:[0m[2m4743:[0m validator k#99f25ef6.. supports SupportedProtocolVersions { min: ProtocolVersion(1), max: ProtocolVersion(70) } with system packages: [(0x0000000000000000000000000000000000000000000000000000000000000001, SequenceNumber(1), o#96Jb9mkzfqNLYnEMpVxB5dqrKbBaj23w7iXPjTYFdrQw), (0x0000000000000000000000000000000000000000000000000000000000000002, SequenceNumber(2), o#26xJj5urud1ErPtdD9Ak2uWtBGmzeb1ixJimJbkEhqzi), (0x0000000000000000000000000000000000000000000000000000000000000003, SequenceNumber(2), o#DF5dfASe4ZDkSCbUKiNv6i44DUPQSgtpV7BoPFJxNLcu), (0x000000000000000000000000000000000000000000000000000000000000000b, SequenceNumber(2), o#8vwgz9iNeskH5LiGvDEfqFhuxwuiUVnKJBbDthPcVcK1), (0x00000000000000000000000000000000000000000000000000000000000000c8, SequenceNumber(2), o#8mxAzFggYWTk2EcWLVbvhGohJUAeKimeRNdivg4tL1ff)]
[2m2025-03-25T07:54:43.304794Z[0m [32m INFO[0m [1mnode[0m[1m{[0m[3mname[0m[2m=[0mk#8dcff6d1..[1m}[0m[2m:[0m[1maugment_epoch_last_checkpoint[0m[2m:[0m[1mcreate_and_execute_advance_epoch_tx[0m[2m:[0m [2msui_core::authority[0m[2m:[0m [2mcrates/sui-core/src/authority.rs[0m[2m:[0m[2m4743:[0m validator k#addeef94.. supports SupportedProtocolVersions { min: ProtocolVersion(1), max: ProtocolVersion(70) } with system packages: [(0x0000000000000000000000000000000000000000000000000000000000000001, SequenceNumber(1), o#96Jb9mkzfqNLYnEMpVxB5dqrKbBaj23w7iXPjTYFdrQw), (0x0000000000000000000000000000000000000000000000000000000000000002, SequenceNumber(2), o#26xJj5urud1ErPtdD9Ak2uWtBGmzeb1ixJimJbkEhqzi), (0x0000000000000000000000000000000000000000000000000000000000000003, SequenceNumber(2), o#DF5dfASe4ZDkSCbUKiNv6i44DUPQSgtpV7BoPFJxNLcu), (0x000000000000000000000000000000000000000000000000000000000000000b, SequenceNumber(2), o#8vwgz9iNeskH5LiGvDEfqFhuxwuiUVnKJBbDthPcVcK1), (0x00000000000000000000000000000000000000000000000000000000000000c8, SequenceNumber(2), o#8mxAzFggYWTk2EcWLVbvhGohJUAeKimeRNdivg4tL1ff)]
[2m2025-03-25T07:54:43.304811Z[0m [32m INFO[0m [1mnode[0m[1m{[0m[3mname[0m[2m=[0mk#99f25ef6..[1m}[0m[2m:[0m[1maugment_epoch_last_checkpoint[0m[2m:[0m[1mcreate_and_execute_advance_epoch_tx[0m[2m:[0m [2msui_core::authority[0m[2m:[0m [2mcrates/sui-core/src/authority.rs[0m[2m:[0m[2m4743:[0m validator k#addeef94.. supports SupportedProtocolVersions { min: ProtocolVersion(1), max: ProtocolVersion(70) } with system packages: [(0x0000000000000000000000000000000000000000000000000000000000000001, SequenceNumber(1), o#96Jb9mkzfqNLYnEMpVxB5dqrKbBaj23w7iXPjTYFdrQw), (0x0000000000000000000000000000000000000000000000000000000000000002, SequenceNumber(2), o#26xJj5urud1ErPtdD9Ak2uWtBGmzeb1ixJimJbkEhqzi), (0x0000000000000000000000000000000000000000000000000000000000000003, SequenceNumber(2), o#DF5dfASe4ZDkSCbUKiNv6i44DUPQSgtpV7BoPFJxNLcu), (0x000000000000000000000000000000000000000000000000000000000000000b, SequenceNumber(2), o#8vwgz9iNeskH5LiGvDEfqFhuxwuiUVnKJBbDthPcVcK1), (0x00000000000000000000000000000000000000000000000000000000000000c8, SequenceNumber(2), o#8mxAzFggYWTk2EcWLVbvhGohJUAeKimeRNdivg4tL1ff)]
[2m2025-03-25T07:54:43.304847Z[0m [32m INFO[0m [1mnode[0m[1m{[0m[3mname[0m[2m=[0mk#8dcff6d1..[1m}[0m[2m:[0m[1maugment_epoch_last_checkpoint[0m[2m:[0m[1mcreate_and_execute_advance_epoch_tx[0m[2m:[0m [2msui_core::authority[0m[2m:[0m [2mcrates/sui-core/src/authority.rs[0m[2m:[0m[2m4784:[0m support for upgrade [3mtotal_votes[0m[2m=[0m10000 [3mquorum_threshold[0m[2m=[0m6667 [3mbuffer_stake_bps[0m[2m=[0m5000 [3meffective_threshold[0m[2m=[0m8334 [3mproposed_protocol_version[0m[2m=[0mProtocolVersion(60) [3mpackages[0m[2m=[0m[(0x0000000000000000000000000000000000000000000000000000000000000001, SequenceNumber(1), o#96Jb9mkzfqNLYnEMpVxB5dqrKbBaj23w7iXPjTYFdrQw), (0x0000000000000000000000000000000000000000000000000000000000000002, SequenceNumber(2), o#26xJj5urud1ErPtdD9Ak2uWtBGmzeb1ixJimJbkEhqzi), (0x0000000000000000000000000000000000000000000000000000000000000003, SequenceNumber(2), o#DF5dfASe4ZDkSCbUKiNv6i44DUPQSgtpV7BoPFJxNLcu), (0x000000000000000000000000000000000000000000000000000000000000000b, SequenceNumber(2), o#8vwgz9iNeskH5LiGvDEfqFhuxwuiUVnKJBbDthPcVcK1), (0x00000000000000000000000000000000000000000000000000000000000000c8, SequenceNumber(2), o#8mxAzFggYWTk2EcWLVbvhGohJUAeKimeRNdivg4tL1ff)]
[2m2025-03-25T07:54:43.304862Z[0m [32m INFO[0m [1mnode[0m[1m{[0m[3mname[0m[2m=[0mk#99f25ef6..[1m}[0m[2m:[0m[1maugment_epoch_last_checkpoint[0m[2m:[0m[1mcreate_and_execute_advance_epoch_tx[0m[2m:[0m [2msui_core::authority[0m[2m:[0m [2mcrates/sui-core/src/authority.rs[0m[2m:[0m[2m4784:[0m support for upgrade [3mtotal_votes[0m[2m=[0m10000 [3mquorum_threshold[0m[2m=[0m6667 [3mbuffer_stake_bps[0m[2m=[0m5000 [3meffective_threshold[0m[2m=[0m8334 [3mproposed_protocol_version[0m[2m=[0mProtocolVersion(60) [3mpackages[0m[2m=[0m[(0x0000000000000000000000000000000000000000000000000000000000000001, SequenceNumber(1), o#96Jb9mkzfqNLYnEMpVxB5dqrKbBaj23w7iXPjTYFdrQw), (0x0000000000000000000000000000000000000000000000000000000000000002, SequenceNumber(2), o#26xJj5urud1ErPtdD9Ak2uWtBGmzeb1ixJimJbkEhqzi), (0x0000000000000000000000000000000000000000000000000000000000000003, SequenceNumber(2), o#DF5dfASe4ZDkSCbUKiNv6i44DUPQSgtpV7BoPFJxNLcu), (0x000000000000000000000000000000000000000000000000000000000000000b, SequenceNumber(2), o#8vwgz9iNeskH5LiGvDEfqFhuxwuiUVnKJBbDthPcVcK1), (0x00000000000000000000000000000000000000000000000000000000000000c8, SequenceNumber(2), o#8mxAzFggYWTk2EcWLVbvhGohJUAeKimeRNdivg4tL1ff)]
[2m2025-03-25T07:54:43.304897Z[0m [32m INFO[0m [1mnode[0m[1m{[0m[3mname[0m[2m=[0mk#8dcff6d1..[1m}[0m[2m:[0m[1maugment_epoch_last_checkpoint[0m[2m:[0m[1mcreate_and_execute_advance_epoch_tx[0m[2m:[0m [2msui_core::authority[0m[2m:[0m [2mcrates/sui-core/src/authority.rs[0m[2m:[0m[2m4743:[0m validator k#8dcff6d1.. supports SupportedProtocolVersions { min: ProtocolVersion(1), max: ProtocolVersion(70) } with system packages: [(0x0000000000000000000000000000000000000000000000000000000000000001, SequenceNumber(1), o#96Jb9mkzfqNLYnEMpVxB5dqrKbBaj23w7iXPjTYFdrQw), (0x0000000000000000000000000000000000000000000000000000000000000002, SequenceNumber(2), o#26xJj5urud1ErPtdD9Ak2uWtBGmzeb1ixJimJbkEhqzi), (0x0000000000000000000000000000000000000000000000000000000000000003, SequenceNumber(2), o#DF5dfASe4ZDkSCbUKiNv6i44DUPQSgtpV7BoPFJxNLcu), (0x000000000000000000000000000000000000000000000000000000000000000b, SequenceNumber(2), o#8vwgz9iNeskH5LiGvDEfqFhuxwuiUVnKJBbDthPcVcK1), (0x00000000000000000000000000000000000000000000000000000000000000c8, SequenceNumber(2), o#8mxAzFggYWTk2EcWLVbvhGohJUAeKimeRNdivg4tL1ff)]
[2m2025-03-25T07:54:43.304914Z[0m [32m INFO[0m [1mnode[0m[1m{[0m[3mname[0m[2m=[0mk#99f25ef6..[1m}[0m[2m:[0m[1maugment_epoch_last_checkpoint[0m[2m:[0m[1mcreate_and_execute_advance_epoch_tx[0m[2m:[0m [2msui_core::authority[0m[2m:[0m [2mcrates/sui-core/src/authority.rs[0m[2m:[0m[2m4743:[0m validator k#8dcff6d1.. supports SupportedProtocolVersions { min: ProtocolVersion(1), max: ProtocolVersion(70) } with system packages: [(0x0000000000000000000000000000000000000000000000000000000000000001, SequenceNumber(1), o#96Jb9mkzfqNLYnEMpVxB5dqrKbBaj23w7iXPjTYFdrQw), (0x0000000000000000000000000000000000000000000000000000000000000002, SequenceNumber(2), o#26xJj5urud1ErPtdD9Ak2uWtBGmzeb1ixJimJbkEhqzi), (0x0000000000000000000000000000000000000000000000000000000000000003, SequenceNumber(2), o#DF5dfASe4ZDkSCbUKiNv6i44DUPQSgtpV7BoPFJxNLcu), (0x000000000000000000000000000000000000000000000000000000000000000b, SequenceNumber(2), o#8vwgz9iNeskH5LiGvDEfqFhuxwuiUVnKJBbDthPcVcK1), (0x00000000000000000000000000000000000000000000000000000000000000c8, SequenceNumber(2), o#8mxAzFggYWTk2EcWLVbvhGohJUAeKimeRNdivg4tL1ff)]
[2m2025-03-25T07:54:43.304944Z[0m [32m INFO[0m [1mnode[0m[1m{[0m[3mname[0m[2m=[0mk#8dcff6d1..[1m}[0m[2m:[0m[1maugment_epoch_last_checkpoint[0m[2m:[0m[1mcreate_and_execute_advance_epoch_tx[0m[2m:[0m [2msui_core::authority[0m[2m:[0m [2mcrates/sui-core/src/authority.rs[0m[2m:[0m[2m4743:[0m validator k#99f25ef6.. supports SupportedProtocolVersions { min: ProtocolVersion(1), max: ProtocolVersion(70) } with system packages: [(0x0000000000000000000000000000000000000000000000000000000000000001, SequenceNumber(1), o#96Jb9mkzfqNLYnEMpVxB5dqrKbBaj23w7iXPjTYFdrQw), (0x0000000000000000000000000000000000000000000000000000000000000002, SequenceNumber(2), o#26xJj5urud1ErPtdD9Ak2uWtBGmzeb1ixJimJbkEhqzi), (0x0000000000000000000000000000000000000000000000000000000000000003, SequenceNumber(2), o#DF5dfASe4ZDkSCbUKiNv6i44DUPQSgtpV7BoPFJxNLcu), (0x000000000000000000000000000000000000000000000000000000000000000b, SequenceNumber(2), o#8vwgz9iNeskH5LiGvDEfqFhuxwuiUVnKJBbDthPcVcK1), (0x00000000000000000000000000000000000000000000000000000000000000c8, SequenceNumber(2), o#8mxAzFggYWTk2EcWLVbvhGohJUAeKimeRNdivg4tL1ff)]
[2m2025-03-25T07:54:43.304962Z[0m [32m INFO[0m [1mnode[0m[1m{[0m[3mname[0m[2m=[0mk#99f25ef6..[1m}[0m[2m:[0m[1maugment_epoch_last_checkpoint[0m[2m:[0m[1mcreate_and_execute_advance_epoch_tx[0m[2m:[0m [2msui_core::authority[0m[2m:[0m [2mcrates/sui-core/src/authority.rs[0m[2m:[0m[2m4743:[0m validator k#99f25ef6.. supports SupportedProtocolVersions { min: ProtocolVersion(1), max: ProtocolVersion(70) } with system packages: [(0x0000000000000000000000000000000000000000000000000000000000000001, SequenceNumber(1), o#96Jb9mkzfqNLYnEMpVxB5dqrKbBaj23w7iXPjTYFdrQw), (0x0000000000000000000000000000000000000000000000000000000000000002, SequenceNumber(2), o#26xJj5urud1ErPtdD9Ak2uWtBGmzeb1ixJimJbkEhqzi), (0x0000000000000000000000000000000000000000000000000000000000000003, SequenceNumber(2), o#DF5dfASe4ZDkSCbUKiNv6i44DUPQSgtpV7BoPFJxNLcu), (0x000000000000000000000000000000000000000000000000000000000000000b, SequenceNumber(2), o#8vwgz9iNeskH5LiGvDEfqFhuxwuiUVnKJBbDthPcVcK1), (0x00000000000000000000000000000000000000000000000000000000000000c8, SequenceNumber(2), o#8mxAzFggYWTk2EcWLVbvhGohJUAeKimeRNdivg4tL1ff)]
[2m2025-03-25T07:54:43.304991Z[0m [32m INFO[0m [1mnode[0m[1m{[0m[3mname[0m[2m=[0mk#8dcff6d1..[1m}[0m[2m:[0m[1maugment_epoch_last_checkpoint[0m[2m:[0m[1mcreate_and_execute_advance_epoch_tx[0m[2m:[0m [2msui_core::authority[0m[2m:[0m [2mcrates/sui-core/src/authority.rs[0m[2m:[0m[2m4743:[0m validator k#addeef94.. supports SupportedProtocolVersions { min: ProtocolVersion(1), max: ProtocolVersion(70) } with system packages: [(0x0000000000000000000000000000000000000000000000000000000000000001, SequenceNumber(1), o#96Jb9mkzfqNLYnEMpVxB5dqrKbBaj23w7iXPjTYFdrQw), (0x0000000000000000000000000000000000000000000000000000000000000002, SequenceNumber(2), o#26xJj5urud1ErPtdD9Ak2uWtBGmzeb1ixJimJbkEhqzi), (0x0000000000000000000000000000000000000000000000000000000000000003, SequenceNumber(2), o#DF5dfASe4ZDkSCbUKiNv6i44DUPQSgtpV7BoPFJxNLcu), (0x000000000000000000000000000000000000000000000000000000000000000b, SequenceNumber(2), o#8vwgz9iNeskH5LiGvDEfqFhuxwuiUVnKJBbDthPcVcK1), (0x00000000000000000000000000000000000000000000000000000000000000c8, SequenceNumber(2), o#8mxAzFggYWTk2EcWLVbvhGohJUAeKimeRNdivg4tL1ff)]
[2m2025-03-25T07:54:43.305008Z[0m [32m INFO[0m [1mnode[0m[1m{[0m[3mname[0m[2m=[0mk#99f25ef6..[1m}[0m[2m:[0m[1maugment_epoch_last_checkpoint[0m[2m:[0m[1mcreate_and_execute_advance_epoch_tx[0m[2m:[0m [2msui_core::authority[0m[2m:[0m [2mcrates/sui-core/src/authority.rs[0m[2m:[0m[2m4743:[0m validator k#addeef94.. supports SupportedProtocolVersions { min: ProtocolVersion(1), max: ProtocolVersion(70) } with system packages: [(0x0000000000000000000000000000000000000000000000000000000000000001, SequenceNumber(1), o#96Jb9mkzfqNLYnEMpVxB5dqrKbBaj23w7iXPjTYFdrQw), (0x0000000000000000000000000000000000000000000000000000000000000002, SequenceNumber(2), o#26xJj5urud1ErPtdD9Ak2uWtBGmzeb1ixJimJbkEhqzi), (0x0000000000000000000000000000000000000000000000000000000000000003, SequenceNumber(2), o#DF5dfASe4ZDkSCbUKiNv6i44DUPQSgtpV7BoPFJxNLcu), (0x000000000000000000000000000000000000000000000000000000000000000b, SequenceNumber(2), o#8vwgz9iNeskH5LiGvDEfqFhuxwuiUVnKJBbDthPcVcK1), (0x00000000000000000000000000000000000000000000000000000000000000c8, SequenceNumber(2), o#8mxAzFggYWTk2EcWLVbvhGohJUAeKimeRNdivg4tL1ff)]
[2m2025-03-25T07:54:43.305041Z[0m [32m INFO[0m [1mnode[0m[1m{[0m[3mname[0m[2m=[0mk#8dcff6d1..[1m}[0m[2m:[0m[1maugment_epoch_last_checkpoint[0m[2m:[0m[1mcreate_and_execute_advance_epoch_tx[0m[2m:[0m [2msui_core::authority[0m[2m:[0m [2mcrates/sui-core/src/authority.rs[0m[2m:[0m[2m4784:[0m support for upgrade [3mtotal_votes[0m[2m=[0m10000 [3mquorum_threshold[0m[2m=[0m6667 [3mbuffer_stake_bps[0m[2m=[0m5000 [3meffective_threshold[0m[2m=[0m8334 [3mproposed_protocol_version[0m[2m=[0mProtocolVersion(61) [3mpackages[0m[2m=[0m[(0x0000000000000000000000000000000000000000000000000000000000000001, SequenceNumber(1), o#96Jb9mkzfqNLYnEMpVxB5dqrKbBaj23w7iXPjTYFdrQw), (0x0000000000000000000000000000000000000000000000000000000000000002, SequenceNumber(2), o#26xJj5urud1ErPtdD9Ak2uWtBGmzeb1ixJimJbkEhqzi), (0x0000000000000000000000000000000000000000000000000000000000000003, SequenceNumber(2), o#DF5dfASe4ZDkSCbUKiNv6i44DUPQSgtpV7BoPFJxNLcu), (0x000000000000000000000000000000000000000000000000000000000000000b, SequenceNumber(2), o#8vwgz9iNeskH5LiGvDEfqFhuxwuiUVnKJBbDthPcVcK1), (0x00000000000000000000000000000000000000000000000000000000000000c8, SequenceNumber(2), o#8mxAzFggYWTk2EcWLVbvhGohJUAeKimeRNdivg4tL1ff)]
[2m2025-03-25T07:54:43.305060Z[0m [32m INFO[0m [1mnode[0m[1m{[0m[3mname[0m[2m=[0mk#99f25ef6..[1m}[0m[2m:[0m[1maugment_epoch_last_checkpoint[0m[2m:[0m[1mcreate_and_execute_advance_epoch_tx[0m[2m:[0m [2msui_core::authority[0m[2m:[0m [2mcrates/sui-core/src/authority.rs[0m[2m:[0m[2m4784:[0m support for upgrade [3mtotal_votes[0m[2m=[0m10000 [3mquorum_threshold[0m[2m=[0m6667 [3mbuffer_stake_bps[0m[2m=[0m5000 [3meffective_threshold[0m[2m=[0m8334 [3mproposed_protocol_version[0m[2m=[0mProtocolVersion(61) [3mpackages[0m[2m=[0m[(0x0000000000000000000000000000000000000000000000000000000000000001, SequenceNumber(1), o#96Jb9mkzfqNLYnEMpVxB5dqrKbBaj23w7iXPjTYFdrQw), (0x0000000000000000000000000000000000000000000000000000000000000002, SequenceNumber(2), o#26xJj5urud1ErPtdD9Ak2uWtBGmzeb1ixJimJbkEhqzi), (0x0000000000000000000000000000000000000000000000000000000000000003, SequenceNumber(2), o#DF5dfASe4ZDkSCbUKiNv6i44DUPQSgtpV7BoPFJxNLcu), (0x000000000000000000000000000000000000000000000000000000000000000b, SequenceNumber(2), o#8vwgz9iNeskH5LiGvDEfqFhuxwuiUVnKJBbDthPcVcK1), (0x00000000000000000000000000000000000000000000000000000000000000c8, SequenceNumber(2), o#8mxAzFggYWTk2EcWLVbvhGohJUAeKimeRNdivg4tL1ff)]
[2m2025-03-25T07:54:43.305093Z[0m [32m INFO[0m [1mnode[0m[1m{[0m[3mname[0m[2m=[0mk#8dcff6d1..[1m}[0m[2m:[0m[1maugment_epoch_last_checkpoint[0m[2m:[0m[1mcreate_and_execute_advance_epoch_tx[0m[2m:[0m [2msui_core::authority[0m[2m:[0m [2mcrates/sui-core/src/authority.rs[0m[2m:[0m[2m4743:[0m validator k#8dcff6d1.. supports SupportedProtocolVersions { min: ProtocolVersion(1), max: ProtocolVersion(70) } with system packages: [(0x0000000000000000000000000000000000000000000000000000000000000001, SequenceNumber(1), o#96Jb9mkzfqNLYnEMpVxB5dqrKbBaj23w7iXPjTYFdrQw), (0x0000000000000000000000000000000000000000000000000000000000000002, SequenceNumber(2), o#26xJj5urud1ErPtdD9Ak2uWtBGmzeb1ixJimJbkEhqzi), (0x0000000000000000000000000000000000000000000000000000000000000003, SequenceNumber(2), o#DF5dfASe4ZDkSCbUKiNv6i44DUPQSgtpV7BoPFJxNLcu), (0x000000000000000000000000000000000000000000000000000000000000000b, SequenceNumber(2), o#8vwgz9iNeskH5LiGvDEfqFhuxwuiUVnKJBbDthPcVcK1), (0x00000000000000000000000000000000000000000000000000000000000000c8, SequenceNumber(2), o#8mxAzFggYWTk2EcWLVbvhGohJUAeKimeRNdivg4tL1ff)]
[2m2025-03-25T07:54:43.305111Z[0m [32m INFO[0m [1mnode[0m[1m{[0m[3mname[0m[2m=[0mk#99f25ef6..[1m}[0m[2m:[0m[1maugment_epoch_last_checkpoint[0m[2m:[0m[1mcreate_and_execute_advance_epoch_tx[0m[2m:[0m [2msui_core::authority[0m[2m:[0m [2mcrates/sui-core/src/authority.rs[0m[2m:[0m[2m4743:[0m validator k#8dcff6d1.. supports SupportedProtocolVersions { min: ProtocolVersion(1), max: ProtocolVersion(70) } with system packages: [(0x0000000000000000000000000000000000000000000000000000000000000001, SequenceNumber(1), o#96Jb9mkzfqNLYnEMpVxB5dqrKbBaj23w7iXPjTYFdrQw), (0x0000000000000000000000000000000000000000000000000000000000000002, SequenceNumber(2), o#26xJj5urud1ErPtdD9Ak2uWtBGmzeb1ixJimJbkEhqzi), (0x0000000000000000000000000000000000000000000000000000000000000003, SequenceNumber(2), o#DF5dfASe4ZDkSCbUKiNv6i44DUPQSgtpV7BoPFJxNLcu), (0x000000000000000000000000000000000000000000000000000000000000000b, SequenceNumber(2), o#8vwgz9iNeskH5LiGvDEfqFhuxwuiUVnKJBbDthPcVcK1), (0x00000000000000000000000000000000000000000000000000000000000000c8, SequenceNumber(2), o#8mxAzFggYWTk2EcWLVbvhGohJUAeKimeRNdivg4tL1ff)]
[2m2025-03-25T07:54:43.305140Z[0m [32m INFO[0m [1mnode[0m[1m{[0m[3mname[0m[2m=[0mk#8dcff6d1..[1m}[0m[2m:[0m[1maugment_epoch_last_checkpoint[0m[2m:[0m[1mcreate_and_execute_advance_epoch_tx[0m[2m:[0m [2msui_core::authority[0m[2m:[0m [2mcrates/sui-core/src/authority.rs[0m[2m:[0m[2m4743:[0m validator k#99f25ef6.. supports SupportedProtocolVersions { min: ProtocolVersion(1), max: ProtocolVersion(70) } with system packages: [(0x0000000000000000000000000000000000000000000000000000000000000001, SequenceNumber(1), o#96Jb9mkzfqNLYnEMpVxB5dqrKbBaj23w7iXPjTYFdrQw), (0x0000000000000000000000000000000000000000000000000000000000000002, SequenceNumber(2), o#26xJj5urud1ErPtdD9Ak2uWtBGmzeb1ixJimJbkEhqzi), (0x0000000000000000000000000000000000000000000000000000000000000003, SequenceNumber(2), o#DF5dfASe4ZDkSCbUKiNv6i44DUPQSgtpV7BoPFJxNLcu), (0x000000000000000000000000000000000000000000000000000000000000000b, SequenceNumber(2), o#8vwgz9iNeskH5LiGvDEfqFhuxwuiUVnKJBbDthPcVcK1), (0x00000000000000000000000000000000000000000000000000000000000000c8, SequenceNumber(2), o#8mxAzFggYWTk2EcWLVbvhGohJUAeKimeRNdivg4tL1ff)]
[2m2025-03-25T07:54:43.305158Z[0m [32m INFO[0m [1mnode[0m[1m{[0m[3mname[0m[2m=[0mk#99f25ef6..[1m}[0m[2m:[0m[1maugment_epoch_last_checkpoint[0m[2m:[0m[1mcreate_and_execute_advance_epoch_tx[0m[2m:[0m [2msui_core::authority[0m[2m:[0m [2mcrates/sui-core/src/authority.rs[0m[2m:[0m[2m4743:[0m validator k#99f25ef6.. supports SupportedProtocolVersions { min: ProtocolVersion(1), max: ProtocolVersion(70) } with system packages: [(0x0000000000000000000000000000000000000000000000000000000000000001, SequenceNumber(1), o#96Jb9mkzfqNLYnEMpVxB5dqrKbBaj23w7iXPjTYFdrQw), (0x0000000000000000000000000000000000000000000000000000000000000002, SequenceNumber(2), o#26xJj5urud1ErPtdD9Ak2uWtBGmzeb1ixJimJbkEhqzi), (0x0000000000000000000000000000000000000000000000000000000000000003, SequenceNumber(2), o#DF5dfASe4ZDkSCbUKiNv6i44DUPQSgtpV7BoPFJxNLcu), (0x000000000000000000000000000000000000000000000000000000000000000b, SequenceNumber(2), o#8vwgz9iNeskH5LiGvDEfqFhuxwuiUVnKJBbDthPcVcK1), (0x00000000000000000000000000000000000000000000000000000000000000c8, SequenceNumber(2), o#8mxAzFggYWTk2EcWLVbvhGohJUAeKimeRNdivg4tL1ff)]
[2m2025-03-25T07:54:43.305188Z[0m [32m INFO[0m [1mnode[0m[1m{[0m[3mname[0m[2m=[0mk#8dcff6d1..[1m}[0m[2m:[0m[1maugment_epoch_last_checkpoint[0m[2m:[0m[1mcreate_and_execute_advance_epoch_tx[0m[2m:[0m [2msui_core::authority[0m[2m:[0m [2mcrates/sui-core/src/authority.rs[0m[2m:[0m[2m4743:[0m validator k#addeef94.. supports SupportedProtocolVersions { min: ProtocolVersion(1), max: ProtocolVersion(70) } with system packages: [(0x0000000000000000000000000000000000000000000000000000000000000001, SequenceNumber(1), o#96Jb9mkzfqNLYnEMpVxB5dqrKbBaj23w7iXPjTYFdrQw), (0x0000000000000000000000000000000000000000000000000000000000000002, SequenceNumber(2), o#26xJj5urud1ErPtdD9Ak2uWtBGmzeb1ixJimJbkEhqzi), (0x0000000000000000000000000000000000000000000000000000000000000003, SequenceNumber(2), o#DF5dfASe4ZDkSCbUKiNv6i44DUPQSgtpV7BoPFJxNLcu), (0x000000000000000000000000000000000000000000000000000000000000000b, SequenceNumber(2), o#8vwgz9iNeskH5LiGvDEfqFhuxwuiUVnKJBbDthPcVcK1), (0x00000000000000000000000000000000000000000000000000000000000000c8, SequenceNumber(2), o#8mxAzFggYWTk2EcWLVbvhGohJUAeKimeRNdivg4tL1ff)]
[2m2025-03-25T07:54:43.305205Z[0m [32m INFO[0m [1mnode[0m[1m{[0m[3mname[0m[2m=[0mk#99f25ef6..[1m}[0m[2m:[0m[1maugment_epoch_last_checkpoint[0m[2m:[0m[1mcreate_and_execute_advance_epoch_tx[0m[2m:[0m [2msui_core::authority[0m[2m:[0m [2mcrates/sui-core/src/authority.rs[0m[2m:[0m[2m4743:[0m validator k#addeef94.. supports SupportedProtocolVersions { min: ProtocolVersion(1), max: ProtocolVersion(70) } with system packages: [(0x0000000000000000000000000000000000000000000000000000000000000001, SequenceNumber(1), o#96Jb9mkzfqNLYnEMpVxB5dqrKbBaj23w7iXPjTYFdrQw), (0x0000000000000000000000000000000000000000000000000000000000000002, SequenceNumber(2), o#26xJj5urud1ErPtdD9Ak2uWtBGmzeb1ixJimJbkEhqzi), (0x0000000000000000000000000000000000000000000000000000000000000003, SequenceNumber(2), o#DF5dfASe4ZDkSCbUKiNv6i44DUPQSgtpV7BoPFJxNLcu), (0x000000000000000000000000000000000000000000000000000000000000000b, SequenceNumber(2), o#8vwgz9iNeskH5LiGvDEfqFhuxwuiUVnKJBbDthPcVcK1), (0x00000000000000000000000000000000000000000000000000000000000000c8, SequenceNumber(2), o#8mxAzFggYWTk2EcWLVbvhGohJUAeKimeRNdivg4tL1ff)]
[2m2025-03-25T07:54:43.305238Z[0m [32m INFO[0m [1mnode[0m[1m{[0m[3mname[0m[2m=[0mk#8dcff6d1..[1m}[0m[2m:[0m[1maugment_epoch_last_checkpoint[0m[2m:[0m[1mcreate_and_execute_advance_epoch_tx[0m[2m:[0m [2msui_core::authority[0m[2m:[0m [2mcrates/sui-core/src/authority.rs[0m[2m:[0m[2m4784:[0m support for upgrade [3mtotal_votes[0m[2m=[0m10000 [3mquorum_threshold[0m[2m=[0m6667 [3mbuffer_stake_bps[0m[2m=[0m5000 [3meffective_threshold[0m[2m=[0m8334 [3mproposed_protocol_version[0m[2m=[0mProtocolVersion(62) [3mpackages[0m[2m=[0m[(0x0000000000000000000000000000000000000000000000000000000000000001, SequenceNumber(1), o#96Jb9mkzfqNLYnEMpVxB5dqrKbBaj23w7iXPjTYFdrQw), (0x0000000000000000000000000000000000000000000000000000000000000002, SequenceNumber(2), o#26xJj5urud1ErPtdD9Ak2uWtBGmzeb1ixJimJbkEhqzi), (0x0000000000000000000000000000000000000000000000000000000000000003, SequenceNumber(2), o#DF5dfASe4ZDkSCbUKiNv6i44DUPQSgtpV7BoPFJxNLcu), (0x000000000000000000000000000000000000000000000000000000000000000b, SequenceNumber(2), o#8vwgz9iNeskH5LiGvDEfqFhuxwuiUVnKJBbDthPcVcK1), (0x00000000000000000000000000000000000000000000000000000000000000c8, SequenceNumber(2), o#8mxAzFggYWTk2EcWLVbvhGohJUAeKimeRNdivg4tL1ff)]
[2m2025-03-25T07:54:43.305257Z[0m [32m INFO[0m [1mnode[0m[1m{[0m[3mname[0m[2m=[0mk#99f25ef6..[1m}[0m[2m:[0m[1maugment_epoch_last_checkpoint[0m[2m:[0m[1mcreate_and_execute_advance_epoch_tx[0m[2m:[0m [2msui_core::authority[0m[2m:[0m [2mcrates/sui-core/src/authority.rs[0m[2m:[0m[2m4784:[0m support for upgrade [3mtotal_votes[0m[2m=[0m10000 [3mquorum_threshold[0m[2m=[0m6667 [3mbuffer_stake_bps[0m[2m=[0m5000 [3meffective_threshold[0m[2m=[0m8334 [3mproposed_protocol_version[0m[2m=[0mProtocolVersion(62) [3mpackages[0m[2m=[0m[(0x0000000000000000000000000000000000000000000000000000000000000001, SequenceNumber(1), o#96Jb9mkzfqNLYnEMpVxB5dqrKbBaj23w7iXPjTYFdrQw), (0x0000000000000000000000000000000000000000000000000000000000000002, SequenceNumber(2), o#26xJj5urud1ErPtdD9Ak2uWtBGmzeb1ixJimJbkEhqzi), (0x0000000000000000000000000000000000000000000000000000000000000003, SequenceNumber(2), o#DF5dfASe4ZDkSCbUKiNv6i44DUPQSgtpV7BoPFJxNLcu), (0x000000000000000000000000000000000000000000000000000000000000000b, SequenceNumber(2), o#8vwgz9iNeskH5LiGvDEfqFhuxwuiUVnKJBbDthPcVcK1), (0x00000000000000000000000000000000000000000000000000000000000000c8, SequenceNumber(2), o#8mxAzFggYWTk2EcWLVbvhGohJUAeKimeRNdivg4tL1ff)]
[2m2025-03-25T07:54:43.305290Z[0m [32m INFO[0m [1mnode[0m[1m{[0m[3mname[0m[2m=[0mk#8dcff6d1..[1m}[0m[2m:[0m[1maugment_epoch_last_checkpoint[0m[2m:[0m[1mcreate_and_execute_advance_epoch_tx[0m[2m:[0m [2msui_core::authority[0m[2m:[0m [2mcrates/sui-core/src/authority.rs[0m[2m:[0m[2m4743:[0m validator k#8dcff6d1.. supports SupportedProtocolVersions { min: ProtocolVersion(1), max: ProtocolVersion(70) } with system packages: [(0x0000000000000000000000000000000000000000000000000000000000000001, SequenceNumber(1), o#96Jb9mkzfqNLYnEMpVxB5dqrKbBaj23w7iXPjTYFdrQw), (0x0000000000000000000000000000000000000000000000000000000000000002, SequenceNumber(2), o#26xJj5urud1ErPtdD9Ak2uWtBGmzeb1ixJimJbkEhqzi), (0x0000000000000000000000000000000000000000000000000000000000000003, SequenceNumber(2), o#DF5dfASe4ZDkSCbUKiNv6i44DUPQSgtpV7BoPFJxNLcu), (0x000000000000000000000000000000000000000000000000000000000000000b, SequenceNumber(2), o#8vwgz9iNeskH5LiGvDEfqFhuxwuiUVnKJBbDthPcVcK1), (0x00000000000000000000000000000000000000000000000000000000000000c8, SequenceNumber(2), o#8mxAzFggYWTk2EcWLVbvhGohJUAeKimeRNdivg4tL1ff)]
[2m2025-03-25T07:54:43.305308Z[0m [32m INFO[0m [1mnode[0m[1m{[0m[3mname[0m[2m=[0mk#99f25ef6..[1m}[0m[2m:[0m[1maugment_epoch_last_checkpoint[0m[2m:[0m[1mcreate_and_execute_advance_epoch_tx[0m[2m:[0m [2msui_core::authority[0m[2m:[0m [2mcrates/sui-core/src/authority.rs[0m[2m:[0m[2m4743:[0m validator k#8dcff6d1.. supports SupportedProtocolVersions { min: ProtocolVersion(1), max: ProtocolVersion(70) } with system packages: [(0x0000000000000000000000000000000000000000000000000000000000000001, SequenceNumber(1), o#96Jb9mkzfqNLYnEMpVxB5dqrKbBaj23w7iXPjTYFdrQw), (0x0000000000000000000000000000000000000000000000000000000000000002, SequenceNumber(2), o#26xJj5urud1ErPtdD9Ak2uWtBGmzeb1ixJimJbkEhqzi), (0x0000000000000000000000000000000000000000000000000000000000000003, SequenceNumber(2), o#DF5dfASe4ZDkSCbUKiNv6i44DUPQSgtpV7BoPFJxNLcu), (0x000000000000000000000000000000000000000000000000000000000000000b, SequenceNumber(2), o#8vwgz9iNeskH5LiGvDEfqFhuxwuiUVnKJBbDthPcVcK1), (0x00000000000000000000000000000000000000000000000000000000000000c8, SequenceNumber(2), o#8mxAzFggYWTk2EcWLVbvhGohJUAeKimeRNdivg4tL1ff)]
[2m2025-03-25T07:54:43.305337Z[0m [32m INFO[0m [1mnode[0m[1m{[0m[3mname[0m[2m=[0mk#8dcff6d1..[1m}[0m[2m:[0m[1maugment_epoch_last_checkpoint[0m[2m:[0m[1mcreate_and_execute_advance_epoch_tx[0m[2m:[0m [2msui_core::authority[0m[2m:[0m [2mcrates/sui-core/src/authority.rs[0m[2m:[0m[2m4743:[0m validator k#99f25ef6.. supports SupportedProtocolVersions { min: ProtocolVersion(1), max: ProtocolVersion(70) } with system packages: [(0x0000000000000000000000000000000000000000000000000000000000000001, SequenceNumber(1), o#96Jb9mkzfqNLYnEMpVxB5dqrKbBaj23w7iXPjTYFdrQw), (0x0000000000000000000000000000000000000000000000000000000000000002, SequenceNumber(2), o#26xJj5urud1ErPtdD9Ak2uWtBGmzeb1ixJimJbkEhqzi), (0x0000000000000000000000000000000000000000000000000000000000000003, SequenceNumber(2), o#DF5dfASe4ZDkSCbUKiNv6i44DUPQSgtpV7BoPFJxNLcu), (0x000000000000000000000000000000000000000000000000000000000000000b, SequenceNumber(2), o#8vwgz9iNeskH5LiGvDEfqFhuxwuiUVnKJBbDthPcVcK1), (0x00000000000000000000000000000000000000000000000000000000000000c8, SequenceNumber(2), o#8mxAzFggYWTk2EcWLVbvhGohJUAeKimeRNdivg4tL1ff)]
[2m2025-03-25T07:54:43.305355Z[0m [32m INFO[0m [1mnode[0m[1m{[0m[3mname[0m[2m=[0mk#99f25ef6..[1m}[0m[2m:[0m[1maugment_epoch_last_checkpoint[0m[2m:[0m[1mcreate_and_execute_advance_epoch_tx[0m[2m:[0m [2msui_core::authority[0m[2m:[0m [2mcrates/sui-core/src/authority.rs[0m[2m:[0m[2m4743:[0m validator k#99f25ef6.. supports SupportedProtocolVersions { min: ProtocolVersion(1), max: ProtocolVersion(70) } with system packages: [(0x0000000000000000000000000000000000000000000000000000000000000001, SequenceNumber(1), o#96Jb9mkzfqNLYnEMpVxB5dqrKbBaj23w7iXPjTYFdrQw), (0x0000000000000000000000000000000000000000000000000000000000000002, SequenceNumber(2), o#26xJj5urud1ErPtdD9Ak2uWtBGmzeb1ixJimJbkEhqzi), (0x0000000000000000000000000000000000000000000000000000000000000003, SequenceNumber(2), o#DF5dfASe4ZDkSCbUKiNv6i44DUPQSgtpV7BoPFJxNLcu), (0x000000000000000000000000000000000000000000000000000000000000000b, SequenceNumber(2), o#8vwgz9iNeskH5LiGvDEfqFhuxwuiUVnKJBbDthPcVcK1), (0x00000000000000000000000000000000000000000000000000000000000000c8, SequenceNumber(2), o#8mxAzFggYWTk2EcWLVbvhGohJUAeKimeRNdivg4tL1ff)]
[2m2025-03-25T07:54:43.305384Z[0m [32m INFO[0m [1mnode[0m[1m{[0m[3mname[0m[2m=[0mk#8dcff6d1..[1m}[0m[2m:[0m[1maugment_epoch_last_checkpoint[0m[2m:[0m[1mcreate_and_execute_advance_epoch_tx[0m[2m:[0m [2msui_core::authority[0m[2m:[0m [2mcrates/sui-core/src/authority.rs[0m[2m:[0m[2m4743:[0m validator k#addeef94.. supports SupportedProtocolVersions { min: ProtocolVersion(1), max: ProtocolVersion(70) } with system packages: [(0x0000000000000000000000000000000000000000000000000000000000000001, SequenceNumber(1), o#96Jb9mkzfqNLYnEMpVxB5dqrKbBaj23w7iXPjTYFdrQw), (0x0000000000000000000000000000000000000000000000000000000000000002, SequenceNumber(2), o#26xJj5urud1ErPtdD9Ak2uWtBGmzeb1ixJimJbkEhqzi), (0x0000000000000000000000000000000000000000000000000000000000000003, SequenceNumber(2), o#DF5dfASe4ZDkSCbUKiNv6i44DUPQSgtpV7BoPFJxNLcu), (0x000000000000000000000000000000000000000000000000000000000000000b, SequenceNumber(2), o#8vwgz9iNeskH5LiGvDEfqFhuxwuiUVnKJBbDthPcVcK1), (0x00000000000000000000000000000000000000000000000000000000000000c8, SequenceNumber(2), o#8mxAzFggYWTk2EcWLVbvhGohJUAeKimeRNdivg4tL1ff)]
[2m2025-03-25T07:54:43.305402Z[0m [32m INFO[0m [1mnode[0m[1m{[0m[3mname[0m[2m=[0mk#99f25ef6..[1m}[0m[2m:[0m[1maugment_epoch_last_checkpoint[0m[2m:[0m[1mcreate_and_execute_advance_epoch_tx[0m[2m:[0m [2msui_core::authority[0m[2m:[0m [2mcrates/sui-core/src/authority.rs[0m[2m:[0m[2m4743:[0m validator k#addeef94.. supports SupportedProtocolVersions { min: ProtocolVersion(1), max: ProtocolVersion(70) } with system packages: [(0x0000000000000000000000000000000000000000000000000000000000000001, SequenceNumber(1), o#96Jb9mkzfqNLYnEMpVxB5dqrKbBaj23w7iXPjTYFdrQw), (0x0000000000000000000000000000000000000000000000000000000000000002, SequenceNumber(2), o#26xJj5urud1ErPtdD9Ak2uWtBGmzeb1ixJimJbkEhqzi), (0x0000000000000000000000000000000000000000000000000000000000000003, SequenceNumber(2), o#DF5dfASe4ZDkSCbUKiNv6i44DUPQSgtpV7BoPFJxNLcu), (0x000000000000000000000000000000000000000000000000000000000000000b, SequenceNumber(2), o#8vwgz9iNeskH5LiGvDEfqFhuxwuiUVnKJBbDthPcVcK1), (0x00000000000000000000000000000000000000000000000000000000000000c8, SequenceNumber(2), o#8mxAzFggYWTk2EcWLVbvhGohJUAeKimeRNdivg4tL1ff)]
[2m2025-03-25T07:54:43.305435Z[0m [32m INFO[0m [1mnode[0m[1m{[0m[3mname[0m[2m=[0mk#8dcff6d1..[1m}[0m[2m:[0m[1maugment_epoch_last_checkpoint[0m[2m:[0m[1mcreate_and_execute_advance_epoch_tx[0m[2m:[0m [2msui_core::authority[0m[2m:[0m [2mcrates/sui-core/src/authority.rs[0m[2m:[0m[2m4784:[0m support for upgrade [3mtotal_votes[0m[2m=[0m10000 [3mquorum_threshold[0m[2m=[0m6667 [3mbuffer_stake_bps[0m[2m=[0m5000 [3meffective_threshold[0m[2m=[0m8334 [3mproposed_protocol_version[0m[2m=[0mProtocolVersion(63) [3mpackages[0m[2m=[0m[(0x0000000000000000000000000000000000000000000000000000000000000001, SequenceNumber(1), o#96Jb9mkzfqNLYnEMpVxB5dqrKbBaj23w7iXPjTYFdrQw), (0x0000000000000000000000000000000000000000000000000000000000000002, SequenceNumber(2), o#26xJj5urud1ErPtdD9Ak2uWtBGmzeb1ixJimJbkEhqzi), (0x0000000000000000000000000000000000000000000000000000000000000003, SequenceNumber(2), o#DF5dfASe4ZDkSCbUKiNv6i44DUPQSgtpV7BoPFJxNLcu), (0x000000000000000000000000000000000000000000000000000000000000000b, SequenceNumber(2), o#8vwgz9iNeskH5LiGvDEfqFhuxwuiUVnKJBbDthPcVcK1), (0x00000000000000000000000000000000000000000000000000000000000000c8, SequenceNumber(2), o#8mxAzFggYWTk2EcWLVbvhGohJUAeKimeRNdivg4tL1ff)]
[2m2025-03-25T07:54:43.305454Z[0m [32m INFO[0m [1mnode[0m[1m{[0m[3mname[0m[2m=[0mk#99f25ef6..[1m}[0m[2m:[0m[1maugment_epoch_last_checkpoint[0m[2m:[0m[1mcreate_and_execute_advance_epoch_tx[0m[2m:[0m [2msui_core::authority[0m[2m:[0m [2mcrates/sui-core/src/authority.rs[0m[2m:[0m[2m4784:[0m support for upgrade [3mtotal_votes[0m[2m=[0m10000 [3mquorum_threshold[0m[2m=[0m6667 [3mbuffer_stake_bps[0m[2m=[0m5000 [3meffective_threshold[0m[2m=[0m8334 [3mproposed_protocol_version[0m[2m=[0mProtocolVersion(63) [3mpackages[0m[2m=[0m[(0x0000000000000000000000000000000000000000000000000000000000000001, SequenceNumber(1), o#96Jb9mkzfqNLYnEMpVxB5dqrKbBaj23w7iXPjTYFdrQw), (0x0000000000000000000000000000000000000000000000000000000000000002, SequenceNumber(2), o#26xJj5urud1ErPtdD9Ak2uWtBGmzeb1ixJimJbkEhqzi), (0x0000000000000000000000000000000000000000000000000000000000000003, SequenceNumber(2), o#DF5dfASe4ZDkSCbUKiNv6i44DUPQSgtpV7BoPFJxNLcu), (0x000000000000000000000000000000000000000000000000000000000000000b, SequenceNumber(2), o#8vwgz9iNeskH5LiGvDEfqFhuxwuiUVnKJBbDthPcVcK1), (0x00000000000000000000000000000000000000000000000000000000000000c8, SequenceNumber(2), o#8mxAzFggYWTk2EcWLVbvhGohJUAeKimeRNdivg4tL1ff)]
[2m2025-03-25T07:54:43.305487Z[0m [32m INFO[0m [1mnode[0m[1m{[0m[3mname[0m[2m=[0mk#8dcff6d1..[1m}[0m[2m:[0m[1maugment_epoch_last_checkpoint[0m[2m:[0m[1mcreate_and_execute_advance_epoch_tx[0m[2m:[0m [2msui_core::authority[0m[2m:[0m [2mcrates/sui-core/src/authority.rs[0m[2m:[0m[2m4743:[0m validator k#8dcff6d1.. supports SupportedProtocolVersions { min: ProtocolVersion(1), max: ProtocolVersion(70) } with system packages: [(0x0000000000000000000000000000000000000000000000000000000000000001, SequenceNumber(1), o#96Jb9mkzfqNLYnEMpVxB5dqrKbBaj23w7iXPjTYFdrQw), (0x0000000000000000000000000000000000000000000000000000000000000002, SequenceNumber(2), o#26xJj5urud1ErPtdD9Ak2uWtBGmzeb1ixJimJbkEhqzi), (0x0000000000000000000000000000000000000000000000000000000000000003, SequenceNumber(2), o#DF5dfASe4ZDkSCbUKiNv6i44DUPQSgtpV7BoPFJxNLcu), (0x000000000000000000000000000000000000000000000000000000000000000b, SequenceNumber(2), o#8vwgz9iNeskH5LiGvDEfqFhuxwuiUVnKJBbDthPcVcK1), (0x00000000000000000000000000000000000000000000000000000000000000c8, SequenceNumber(2), o#8mxAzFggYWTk2EcWLVbvhGohJUAeKimeRNdivg4tL1ff)]
[2m2025-03-25T07:54:43.305505Z[0m [32m INFO[0m [1mnode[0m[1m{[0m[3mname[0m[2m=[0mk#99f25ef6..[1m}[0m[2m:[0m[1maugment_epoch_last_checkpoint[0m[2m:[0m[1mcreate_and_execute_advance_epoch_tx[0m[2m:[0m [2msui_core::authority[0m[2m:[0m [2mcrates/sui-core/src/authority.rs[0m[2m:[0m[2m4743:[0m validator k#8dcff6d1.. supports SupportedProtocolVersions { min: ProtocolVersion(1), max: ProtocolVersion(70) } with system packages: [(0x0000000000000000000000000000000000000000000000000000000000000001, SequenceNumber(1), o#96Jb9mkzfqNLYnEMpVxB5dqrKbBaj23w7iXPjTYFdrQw), (0x0000000000000000000000000000000000000000000000000000000000000002, SequenceNumber(2), o#26xJj5urud1ErPtdD9Ak2uWtBGmzeb1ixJimJbkEhqzi), (0x0000000000000000000000000000000000000000000000000000000000000003, SequenceNumber(2), o#DF5dfASe4ZDkSCbUKiNv6i44DUPQSgtpV7BoPFJxNLcu), (0x000000000000000000000000000000000000000000000000000000000000000b, SequenceNumber(2), o#8vwgz9iNeskH5LiGvDEfqFhuxwuiUVnKJBbDthPcVcK1), (0x00000000000000000000000000000000000000000000000000000000000000c8, SequenceNumber(2), o#8mxAzFggYWTk2EcWLVbvhGohJUAeKimeRNdivg4tL1ff)]
[2m2025-03-25T07:54:43.305539Z[0m [32m INFO[0m [1mnode[0m[1m{[0m[3mname[0m[2m=[0mk#8dcff6d1..[1m}[0m[2m:[0m[1maugment_epoch_last_checkpoint[0m[2m:[0m[1mcreate_and_execute_advance_epoch_tx[0m[2m:[0m [2msui_core::authority[0m[2m:[0m [2mcrates/sui-core/src/authority.rs[0m[2m:[0m[2m4743:[0m validator k#99f25ef6.. supports SupportedProtocolVersions { min: ProtocolVersion(1), max: ProtocolVersion(70) } with system packages: [(0x0000000000000000000000000000000000000000000000000000000000000001, SequenceNumber(1), o#96Jb9mkzfqNLYnEMpVxB5dqrKbBaj23w7iXPjTYFdrQw), (0x0000000000000000000000000000000000000000000000000000000000000002, SequenceNumber(2), o#26xJj5urud1ErPtdD9Ak2uWtBGmzeb1ixJimJbkEhqzi), (0x0000000000000000000000000000000000000000000000000000000000000003, SequenceNumber(2), o#DF5dfASe4ZDkSCbUKiNv6i44DUPQSgtpV7BoPFJxNLcu), (0x000000000000000000000000000000000000000000000000000000000000000b, SequenceNumber(2), o#8vwgz9iNeskH5LiGvDEfqFhuxwuiUVnKJBbDthPcVcK1), (0x00000000000000000000000000000000000000000000000000000000000000c8, SequenceNumber(2), o#8mxAzFggYWTk2EcWLVbvhGohJUAeKimeRNdivg4tL1ff)]
[2m2025-03-25T07:54:43.305553Z[0m [32m INFO[0m [1mnode[0m[1m{[0m[3mname[0m[2m=[0mk#99f25ef6..[1m}[0m[2m:[0m[1maugment_epoch_last_checkpoint[0m[2m:[0m[1mcreate_and_execute_advance_epoch_tx[0m[2m:[0m [2msui_core::authority[0m[2m:[0m [2mcrates/sui-core/src/authority.rs[0m[2m:[0m[2m4743:[0m validator k#99f25ef6.. supports SupportedProtocolVersions { min: ProtocolVersion(1), max: ProtocolVersion(70) } with system packages: [(0x0000000000000000000000000000000000000000000000000000000000000001, SequenceNumber(1), o#96Jb9mkzfqNLYnEMpVxB5dqrKbBaj23w7iXPjTYFdrQw), (0x0000000000000000000000000000000000000000000000000000000000000002, SequenceNumber(2), o#26xJj5urud1ErPtdD9Ak2uWtBGmzeb1ixJimJbkEhqzi), (0x0000000000000000000000000000000000000000000000000000000000000003, SequenceNumber(2), o#DF5dfASe4ZDkSCbUKiNv6i44DUPQSgtpV7BoPFJxNLcu), (0x000000000000000000000000000000000000000000000000000000000000000b, SequenceNumber(2), o#8vwgz9iNeskH5LiGvDEfqFhuxwuiUVnKJBbDthPcVcK1), (0x00000000000000000000000000000000000000000000000000000000000000c8, SequenceNumber(2), o#8mxAzFggYWTk2EcWLVbvhGohJUAeKimeRNdivg4tL1ff)]
[2m2025-03-25T07:54:43.305586Z[0m [32m INFO[0m [1mnode[0m[1m{[0m[3mname[0m[2m=[0mk#8dcff6d1..[1m}[0m[2m:[0m[1maugment_epoch_last_checkpoint[0m[2m:[0m[1mcreate_and_execute_advance_epoch_tx[0m[2m:[0m [2msui_core::authority[0m[2m:[0m [2mcrates/sui-core/src/authority.rs[0m[2m:[0m[2m4743:[0m validator k#addeef94.. supports SupportedProtocolVersions { min: ProtocolVersion(1), max: ProtocolVersion(70) } with system packages: [(0x0000000000000000000000000000000000000000000000000000000000000001, SequenceNumber(1), o#96Jb9mkzfqNLYnEMpVxB5dqrKbBaj23w7iXPjTYFdrQw), (0x0000000000000000000000000000000000000000000000000000000000000002, SequenceNumber(2), o#26xJj5urud1ErPtdD9Ak2uWtBGmzeb1ixJimJbkEhqzi), (0x0000000000000000000000000000000000000000000000000000000000000003, SequenceNumber(2), o#DF5dfASe4ZDkSCbUKiNv6i44DUPQSgtpV7BoPFJxNLcu), (0x000000000000000000000000000000000000000000000000000000000000000b, SequenceNumber(2), o#8vwgz9iNeskH5LiGvDEfqFhuxwuiUVnKJBbDthPcVcK1), (0x00000000000000000000000000000000000000000000000000000000000000c8, SequenceNumber(2), o#8mxAzFggYWTk2EcWLVbvhGohJUAeKimeRNdivg4tL1ff)]
[2m2025-03-25T07:54:43.305599Z[0m [32m INFO[0m [1mnode[0m[1m{[0m[3mname[0m[2m=[0mk#99f25ef6..[1m}[0m[2m:[0m[1maugment_epoch_last_checkpoint[0m[2m:[0m[1mcreate_and_execute_advance_epoch_tx[0m[2m:[0m [2msui_core::authority[0m[2m:[0m [2mcrates/sui-core/src/authority.rs[0m[2m:[0m[2m4743:[0m validator k#addeef94.. supports SupportedProtocolVersions { min: ProtocolVersion(1), max: ProtocolVersion(70) } with system packages: [(0x0000000000000000000000000000000000000000000000000000000000000001, SequenceNumber(1), o#96Jb9mkzfqNLYnEMpVxB5dqrKbBaj23w7iXPjTYFdrQw), (0x0000000000000000000000000000000000000000000000000000000000000002, SequenceNumber(2), o#26xJj5urud1ErPtdD9Ak2uWtBGmzeb1ixJimJbkEhqzi), (0x0000000000000000000000000000000000000000000000000000000000000003, SequenceNumber(2), o#DF5dfASe4ZDkSCbUKiNv6i44DUPQSgtpV7BoPFJxNLcu), (0x000000000000000000000000000000000000000000000000000000000000000b, SequenceNumber(2), o#8vwgz9iNeskH5LiGvDEfqFhuxwuiUVnKJBbDthPcVcK1), (0x00000000000000000000000000000000000000000000000000000000000000c8, SequenceNumber(2), o#8mxAzFggYWTk2EcWLVbvhGohJUAeKimeRNdivg4tL1ff)]
[2m2025-03-25T07:54:43.305637Z[0m [32m INFO[0m [1mnode[0m[1m{[0m[3mname[0m[2m=[0mk#8dcff6d1..[1m}[0m[2m:[0m[1maugment_epoch_last_checkpoint[0m[2m:[0m[1mcreate_and_execute_advance_epoch_tx[0m[2m:[0m [2msui_core::authority[0m[2m:[0m [2mcrates/sui-core/src/authority.rs[0m[2m:[0m[2m4784:[0m support for upgrade [3mtotal_votes[0m[2m=[0m10000 [3mquorum_threshold[0m[2m=[0m6667 [3mbuffer_stake_bps[0m[2m=[0m5000 [3meffective_threshold[0m[2m=[0m8334 [3mproposed_protocol_version[0m[2m=[0mProtocolVersion(64) [3mpackages[0m[2m=[0m[(0x0000000000000000000000000000000000000000000000000000000000000001, SequenceNumber(1), o#96Jb9mkzfqNLYnEMpVxB5dqrKbBaj23w7iXPjTYFdrQw), (0x0000000000000000000000000000000000000000000000000000000000000002, SequenceNumber(2), o#26xJj5urud1ErPtdD9Ak2uWtBGmzeb1ixJimJbkEhqzi), (0x0000000000000000000000000000000000000000000000000000000000000003, SequenceNumber(2), o#DF5dfASe4ZDkSCbUKiNv6i44DUPQSgtpV7BoPFJxNLcu), (0x000000000000000000000000000000000000000000000000000000000000000b, SequenceNumber(2), o#8vwgz9iNeskH5LiGvDEfqFhuxwuiUVnKJBbDthPcVcK1), (0x00000000000000000000000000000000000000000000000000000000000000c8, SequenceNumber(2), o#8mxAzFggYWTk2EcWLVbvhGohJUAeKimeRNdivg4tL1ff)]
[2m2025-03-25T07:54:43.305651Z[0m [32m INFO[0m [1mnode[0m[1m{[0m[3mname[0m[2m=[0mk#99f25ef6..[1m}[0m[2m:[0m[1maugment_epoch_last_checkpoint[0m[2m:[0m[1mcreate_and_execute_advance_epoch_tx[0m[2m:[0m [2msui_core::authority[0m[2m:[0m [2mcrates/sui-core/src/authority.rs[0m[2m:[0m[2m4784:[0m support for upgrade [3mtotal_votes[0m[2m=[0m10000 [3mquorum_threshold[0m[2m=[0m6667 [3mbuffer_stake_bps[0m[2m=[0m5000 [3meffective_threshold[0m[2m=[0m8334 [3mproposed_protocol_version[0m[2m=[0mProtocolVersion(64) [3mpackages[0m[2m=[0m[(0x0000000000000000000000000000000000000000000000000000000000000001, SequenceNumber(1), o#96Jb9mkzfqNLYnEMpVxB5dqrKbBaj23w7iXPjTYFdrQw), (0x0000000000000000000000000000000000000000000000000000000000000002, SequenceNumber(2), o#26xJj5urud1ErPtdD9Ak2uWtBGmzeb1ixJimJbkEhqzi), (0x0000000000000000000000000000000000000000000000000000000000000003, SequenceNumber(2), o#DF5dfASe4ZDkSCbUKiNv6i44DUPQSgtpV7BoPFJxNLcu), (0x000000000000000000000000000000000000000000000000000000000000000b, SequenceNumber(2), o#8vwgz9iNeskH5LiGvDEfqFhuxwuiUVnKJBbDthPcVcK1), (0x00000000000000000000000000000000000000000000000000000000000000c8, SequenceNumber(2), o#8mxAzFggYWTk2EcWLVbvhGohJUAeKimeRNdivg4tL1ff)]
[2m2025-03-25T07:54:43.305689Z[0m [32m INFO[0m [1mnode[0m[1m{[0m[3mname[0m[2m=[0mk#8dcff6d1..[1m}[0m[2m:[0m[1maugment_epoch_last_checkpoint[0m[2m:[0m[1mcreate_and_execute_advance_epoch_tx[0m[2m:[0m [2msui_core::authority[0m[2m:[0m [2mcrates/sui-core/src/authority.rs[0m[2m:[0m[2m4743:[0m validator k#8dcff6d1.. supports SupportedProtocolVersions { min: ProtocolVersion(1), max: ProtocolVersion(70) } with system packages: [(0x0000000000000000000000000000000000000000000000000000000000000001, SequenceNumber(1), o#96Jb9mkzfqNLYnEMpVxB5dqrKbBaj23w7iXPjTYFdrQw), (0x0000000000000000000000000000000000000000000000000000000000000002, SequenceNumber(2), o#26xJj5urud1ErPtdD9Ak2uWtBGmzeb1ixJimJbkEhqzi), (0x0000000000000000000000000000000000000000000000000000000000000003, SequenceNumber(2), o#DF5dfASe4ZDkSCbUKiNv6i44DUPQSgtpV7BoPFJxNLcu), (0x000000000000000000000000000000000000000000000000000000000000000b, SequenceNumber(2), o#8vwgz9iNeskH5LiGvDEfqFhuxwuiUVnKJBbDthPcVcK1), (0x00000000000000000000000000000000000000000000000000000000000000c8, SequenceNumber(2), o#8mxAzFggYWTk2EcWLVbvhGohJUAeKimeRNdivg4tL1ff)]
[2m2025-03-25T07:54:43.305703Z[0m [32m INFO[0m [1mnode[0m[1m{[0m[3mname[0m[2m=[0mk#99f25ef6..[1m}[0m[2m:[0m[1maugment_epoch_last_checkpoint[0m[2m:[0m[1mcreate_and_execute_advance_epoch_tx[0m[2m:[0m [2msui_core::authority[0m[2m:[0m [2mcrates/sui-core/src/authority.rs[0m[2m:[0m[2m4743:[0m validator k#8dcff6d1.. supports SupportedProtocolVersions { min: ProtocolVersion(1), max: ProtocolVersion(70) } with system packages: [(0x0000000000000000000000000000000000000000000000000000000000000001, SequenceNumber(1), o#96Jb9mkzfqNLYnEMpVxB5dqrKbBaj23w7iXPjTYFdrQw), (0x0000000000000000000000000000000000000000000000000000000000000002, SequenceNumber(2), o#26xJj5urud1ErPtdD9Ak2uWtBGmzeb1ixJimJbkEhqzi), (0x0000000000000000000000000000000000000000000000000000000000000003, SequenceNumber(2), o#DF5dfASe4ZDkSCbUKiNv6i44DUPQSgtpV7BoPFJxNLcu), (0x000000000000000000000000000000000000000000000000000000000000000b, SequenceNumber(2), o#8vwgz9iNeskH5LiGvDEfqFhuxwuiUVnKJBbDthPcVcK1), (0x00000000000000000000000000000000000000000000000000000000000000c8, SequenceNumber(2), o#8mxAzFggYWTk2EcWLVbvhGohJUAeKimeRNdivg4tL1ff)]
[2m2025-03-25T07:54:43.305735Z[0m [32m INFO[0m [1mnode[0m[1m{[0m[3mname[0m[2m=[0mk#8dcff6d1..[1m}[0m[2m:[0m[1maugment_epoch_last_checkpoint[0m[2m:[0m[1mcreate_and_execute_advance_epoch_tx[0m[2m:[0m [2msui_core::authority[0m[2m:[0m [2mcrates/sui-core/src/authority.rs[0m[2m:[0m[2m4743:[0m validator k#99f25ef6.. supports SupportedProtocolVersions { min: ProtocolVersion(1), max: ProtocolVersion(70) } with system packages: [(0x0000000000000000000000000000000000000000000000000000000000000001, SequenceNumber(1), o#96Jb9mkzfqNLYnEMpVxB5dqrKbBaj23w7iXPjTYFdrQw), (0x0000000000000000000000000000000000000000000000000000000000000002, SequenceNumber(2), o#26xJj5urud1ErPtdD9Ak2uWtBGmzeb1ixJimJbkEhqzi), (0x0000000000000000000000000000000000000000000000000000000000000003, SequenceNumber(2), o#DF5dfASe4ZDkSCbUKiNv6i44DUPQSgtpV7BoPFJxNLcu), (0x000000000000000000000000000000000000000000000000000000000000000b, SequenceNumber(2), o#8vwgz9iNeskH5LiGvDEfqFhuxwuiUVnKJBbDthPcVcK1), (0x00000000000000000000000000000000000000000000000000000000000000c8, SequenceNumber(2), o#8mxAzFggYWTk2EcWLVbvhGohJUAeKimeRNdivg4tL1ff)]
[2m2025-03-25T07:54:43.305750Z[0m [32m INFO[0m [1mnode[0m[1m{[0m[3mname[0m[2m=[0mk#99f25ef6..[1m}[0m[2m:[0m[1maugment_epoch_last_checkpoint[0m[2m:[0m[1mcreate_and_execute_advance_epoch_tx[0m[2m:[0m [2msui_core::authority[0m[2m:[0m [2mcrates/sui-core/src/authority.rs[0m[2m:[0m[2m4743:[0m validator k#99f25ef6.. supports SupportedProtocolVersions { min: ProtocolVersion(1), max: ProtocolVersion(70) } with system packages: [(0x0000000000000000000000000000000000000000000000000000000000000001, SequenceNumber(1), o#96Jb9mkzfqNLYnEMpVxB5dqrKbBaj23w7iXPjTYFdrQw), (0x0000000000000000000000000000000000000000000000000000000000000002, SequenceNumber(2), o#26xJj5urud1ErPtdD9Ak2uWtBGmzeb1ixJimJbkEhqzi), (0x0000000000000000000000000000000000000000000000000000000000000003, SequenceNumber(2), o#DF5dfASe4ZDkSCbUKiNv6i44DUPQSgtpV7BoPFJxNLcu), (0x000000000000000000000000000000000000000000000000000000000000000b, SequenceNumber(2), o#8vwgz9iNeskH5LiGvDEfqFhuxwuiUVnKJBbDthPcVcK1), (0x00000000000000000000000000000000000000000000000000000000000000c8, SequenceNumber(2), o#8mxAzFggYWTk2EcWLVbvhGohJUAeKimeRNdivg4tL1ff)]
[2m2025-03-25T07:54:43.305782Z[0m [32m INFO[0m [1mnode[0m[1m{[0m[3mname[0m[2m=[0mk#8dcff6d1..[1m}[0m[2m:[0m[1maugment_epoch_last_checkpoint[0m[2m:[0m[1mcreate_and_execute_advance_epoch_tx[0m[2m:[0m [2msui_core::authority[0m[2m:[0m [2mcrates/sui-core/src/authority.rs[0m[2m:[0m[2m4743:[0m validator k#addeef94.. supports SupportedProtocolVersions { min: ProtocolVersion(1), max: ProtocolVersion(70) } with system packages: [(0x0000000000000000000000000000000000000000000000000000000000000001, SequenceNumber(1), o#96Jb9mkzfqNLYnEMpVxB5dqrKbBaj23w7iXPjTYFdrQw), (0x0000000000000000000000000000000000000000000000000000000000000002, SequenceNumber(2), o#26xJj5urud1ErPtdD9Ak2uWtBGmzeb1ixJimJbkEhqzi), (0x0000000000000000000000000000000000000000000000000000000000000003, SequenceNumber(2), o#DF5dfASe4ZDkSCbUKiNv6i44DUPQSgtpV7BoPFJxNLcu), (0x000000000000000000000000000000000000000000000000000000000000000b, SequenceNumber(2), o#8vwgz9iNeskH5LiGvDEfqFhuxwuiUVnKJBbDthPcVcK1), (0x00000000000000000000000000000000000000000000000000000000000000c8, SequenceNumber(2), o#8mxAzFggYWTk2EcWLVbvhGohJUAeKimeRNdivg4tL1ff)]
[2m2025-03-25T07:54:43.305797Z[0m [32m INFO[0m [1mnode[0m[1m{[0m[3mname[0m[2m=[0mk#99f25ef6..[1m}[0m[2m:[0m[1maugment_epoch_last_checkpoint[0m[2m:[0m[1mcreate_and_execute_advance_epoch_tx[0m[2m:[0m [2msui_core::authority[0m[2m:[0m [2mcrates/sui-core/src/authority.rs[0m[2m:[0m[2m4743:[0m validator k#addeef94.. supports SupportedProtocolVersions { min: ProtocolVersion(1), max: ProtocolVersion(70) } with system packages: [(0x0000000000000000000000000000000000000000000000000000000000000001, SequenceNumber(1), o#96Jb9mkzfqNLYnEMpVxB5dqrKbBaj23w7iXPjTYFdrQw), (0x0000000000000000000000000000000000000000000000000000000000000002, SequenceNumber(2), o#26xJj5urud1ErPtdD9Ak2uWtBGmzeb1ixJimJbkEhqzi), (0x0000000000000000000000000000000000000000000000000000000000000003, SequenceNumber(2), o#DF5dfASe4ZDkSCbUKiNv6i44DUPQSgtpV7BoPFJxNLcu), (0x000000000000000000000000000000000000000000000000000000000000000b, SequenceNumber(2), o#8vwgz9iNeskH5LiGvDEfqFhuxwuiUVnKJBbDthPcVcK1), (0x00000000000000000000000000000000000000000000000000000000000000c8, SequenceNumber(2), o#8mxAzFggYWTk2EcWLVbvhGohJUAeKimeRNdivg4tL1ff)]
[2m2025-03-25T07:54:43.305832Z[0m [32m INFO[0m [1mnode[0m[1m{[0m[3mname[0m[2m=[0mk#8dcff6d1..[1m}[0m[2m:[0m[1maugment_epoch_last_checkpoint[0m[2m:[0m[1mcreate_and_execute_advance_epoch_tx[0m[2m:[0m [2msui_core::authority[0m[2m:[0m [2mcrates/sui-core/src/authority.rs[0m[2m:[0m[2m4784:[0m support for upgrade [3mtotal_votes[0m[2m=[0m10000 [3mquorum_threshold[0m[2m=[0m6667 [3mbuffer_stake_bps[0m[2m=[0m5000 [3meffective_threshold[0m[2m=[0m8334 [3mproposed_protocol_version[0m[2m=[0mProtocolVersion(65) [3mpackages[0m[2m=[0m[(0x0000000000000000000000000000000000000000000000000000000000000001, SequenceNumber(1), o#96Jb9mkzfqNLYnEMpVxB5dqrKbBaj23w7iXPjTYFdrQw), (0x0000000000000000000000000000000000000000000000000000000000000002, SequenceNumber(2), o#26xJj5urud1ErPtdD9Ak2uWtBGmzeb1ixJimJbkEhqzi), (0x0000000000000000000000000000000000000000000000000000000000000003, SequenceNumber(2), o#DF5dfASe4ZDkSCbUKiNv6i44DUPQSgtpV7BoPFJxNLcu), (0x000000000000000000000000000000000000000000000000000000000000000b, SequenceNumber(2), o#8vwgz9iNeskH5LiGvDEfqFhuxwuiUVnKJBbDthPcVcK1), (0x00000000000000000000000000000000000000000000000000000000000000c8, SequenceNumber(2), o#8mxAzFggYWTk2EcWLVbvhGohJUAeKimeRNdivg4tL1ff)]
[2m2025-03-25T07:54:43.305848Z[0m [32m INFO[0m [1mnode[0m[1m{[0m[3mname[0m[2m=[0mk#99f25ef6..[1m}[0m[2m:[0m[1maugment_epoch_last_checkpoint[0m[2m:[0m[1mcreate_and_execute_advance_epoch_tx[0m[2m:[0m [2msui_core::authority[0m[2m:[0m [2mcrates/sui-core/src/authority.rs[0m[2m:[0m[2m4784:[0m support for upgrade [3mtotal_votes[0m[2m=[0m10000 [3mquorum_threshold[0m[2m=[0m6667 [3mbuffer_stake_bps[0m[2m=[0m5000 [3meffective_threshold[0m[2m=[0m8334 [3mproposed_protocol_version[0m[2m=[0mProtocolVersion(65) [3mpackages[0m[2m=[0m[(0x0000000000000000000000000000000000000000000000000000000000000001, SequenceNumber(1), o#96Jb9mkzfqNLYnEMpVxB5dqrKbBaj23w7iXPjTYFdrQw), (0x0000000000000000000000000000000000000000000000000000000000000002, SequenceNumber(2), o#26xJj5urud1ErPtdD9Ak2uWtBGmzeb1ixJimJbkEhqzi), (0x0000000000000000000000000000000000000000000000000000000000000003, SequenceNumber(2), o#DF5dfASe4ZDkSCbUKiNv6i44DUPQSgtpV7BoPFJxNLcu), (0x000000000000000000000000000000000000000000000000000000000000000b, SequenceNumber(2), o#8vwgz9iNeskH5LiGvDEfqFhuxwuiUVnKJBbDthPcVcK1), (0x00000000000000000000000000000000000000000000000000000000000000c8, SequenceNumber(2), o#8mxAzFggYWTk2EcWLVbvhGohJUAeKimeRNdivg4tL1ff)]
[2m2025-03-25T07:54:43.305888Z[0m [32m INFO[0m [1mnode[0m[1m{[0m[3mname[0m[2m=[0mk#8dcff6d1..[1m}[0m[2m:[0m[1maugment_epoch_last_checkpoint[0m[2m:[0m[1mcreate_and_execute_advance_epoch_tx[0m[2m:[0m [2msui_core::authority[0m[2m:[0m [2mcrates/sui-core/src/authority.rs[0m[2m:[0m[2m4743:[0m validator k#8dcff6d1.. supports SupportedProtocolVersions { min: ProtocolVersion(1), max: ProtocolVersion(70) } with system packages: [(0x0000000000000000000000000000000000000000000000000000000000000001, SequenceNumber(1), o#96Jb9mkzfqNLYnEMpVxB5dqrKbBaj23w7iXPjTYFdrQw), (0x0000000000000000000000000000000000000000000000000000000000000002, SequenceNumber(2), o#26xJj5urud1ErPtdD9Ak2uWtBGmzeb1ixJimJbkEhqzi), (0x0000000000000000000000000000000000000000000000000000000000000003, SequenceNumber(2), o#DF5dfASe4ZDkSCbUKiNv6i44DUPQSgtpV7BoPFJxNLcu), (0x000000000000000000000000000000000000000000000000000000000000000b, SequenceNumber(2), o#8vwgz9iNeskH5LiGvDEfqFhuxwuiUVnKJBbDthPcVcK1), (0x00000000000000000000000000000000000000000000000000000000000000c8, SequenceNumber(2), o#8mxAzFggYWTk2EcWLVbvhGohJUAeKimeRNdivg4tL1ff)]
[2m2025-03-25T07:54:43.305900Z[0m [32m INFO[0m [1mnode[0m[1m{[0m[3mname[0m[2m=[0mk#99f25ef6..[1m}[0m[2m:[0m[1maugment_epoch_last_checkpoint[0m[2m:[0m[1mcreate_and_execute_advance_epoch_tx[0m[2m:[0m [2msui_core::authority[0m[2m:[0m [2mcrates/sui-core/src/authority.rs[0m[2m:[0m[2m4743:[0m validator k#8dcff6d1.. supports SupportedProtocolVersions { min: ProtocolVersion(1), max: ProtocolVersion(70) } with system packages: [(0x0000000000000000000000000000000000000000000000000000000000000001, SequenceNumber(1), o#96Jb9mkzfqNLYnEMpVxB5dqrKbBaj23w7iXPjTYFdrQw), (0x0000000000000000000000000000000000000000000000000000000000000002, SequenceNumber(2), o#26xJj5urud1ErPtdD9Ak2uWtBGmzeb1ixJimJbkEhqzi), (0x0000000000000000000000000000000000000000000000000000000000000003, SequenceNumber(2), o#DF5dfASe4ZDkSCbUKiNv6i44DUPQSgtpV7BoPFJxNLcu), (0x000000000000000000000000000000000000000000000000000000000000000b, SequenceNumber(2), o#8vwgz9iNeskH5LiGvDEfqFhuxwuiUVnKJBbDthPcVcK1), (0x00000000000000000000000000000000000000000000000000000000000000c8, SequenceNumber(2), o#8mxAzFggYWTk2EcWLVbvhGohJUAeKimeRNdivg4tL1ff)]
[2m2025-03-25T07:54:43.305936Z[0m [32m INFO[0m [1mnode[0m[1m{[0m[3mname[0m[2m=[0mk#8dcff6d1..[1m}[0m[2m:[0m[1maugment_epoch_last_checkpoint[0m[2m:[0m[1mcreate_and_execute_advance_epoch_tx[0m[2m:[0m [2msui_core::authority[0m[2m:[0m [2mcrates/sui-core/src/authority.rs[0m[2m:[0m[2m4743:[0m validator k#99f25ef6.. supports SupportedProtocolVersions { min: ProtocolVersion(1), max: ProtocolVersion(70) } with system packages: [(0x0000000000000000000000000000000000000000000000000000000000000001, SequenceNumber(1), o#96Jb9mkzfqNLYnEMpVxB5dqrKbBaj23w7iXPjTYFdrQw), (0x0000000000000000000000000000000000000000000000000000000000000002, SequenceNumber(2), o#26xJj5urud1ErPtdD9Ak2uWtBGmzeb1ixJimJbkEhqzi), (0x0000000000000000000000000000000000000000000000000000000000000003, SequenceNumber(2), o#DF5dfASe4ZDkSCbUKiNv6i44DUPQSgtpV7BoPFJxNLcu), (0x000000000000000000000000000000000000000000000000000000000000000b, SequenceNumber(2), o#8vwgz9iNeskH5LiGvDEfqFhuxwuiUVnKJBbDthPcVcK1), (0x00000000000000000000000000000000000000000000000000000000000000c8, SequenceNumber(2), o#8mxAzFggYWTk2EcWLVbvhGohJUAeKimeRNdivg4tL1ff)]
[2m2025-03-25T07:54:43.305948Z[0m [32m INFO[0m [1mnode[0m[1m{[0m[3mname[0m[2m=[0mk#99f25ef6..[1m}[0m[2m:[0m[1maugment_epoch_last_checkpoint[0m[2m:[0m[1mcreate_and_execute_advance_epoch_tx[0m[2m:[0m [2msui_core::authority[0m[2m:[0m [2mcrates/sui-core/src/authority.rs[0m[2m:[0m[2m4743:[0m validator k#99f25ef6.. supports SupportedProtocolVersions { min: ProtocolVersion(1), max: ProtocolVersion(70) } with system packages: [(0x0000000000000000000000000000000000000000000000000000000000000001, SequenceNumber(1), o#96Jb9mkzfqNLYnEMpVxB5dqrKbBaj23w7iXPjTYFdrQw), (0x0000000000000000000000000000000000000000000000000000000000000002, SequenceNumber(2), o#26xJj5urud1ErPtdD9Ak2uWtBGmzeb1ixJimJbkEhqzi), (0x0000000000000000000000000000000000000000000000000000000000000003, SequenceNumber(2), o#DF5dfASe4ZDkSCbUKiNv6i44DUPQSgtpV7BoPFJxNLcu), (0x000000000000000000000000000000000000000000000000000000000000000b, SequenceNumber(2), o#8vwgz9iNeskH5LiGvDEfqFhuxwuiUVnKJBbDthPcVcK1), (0x00000000000000000000000000000000000000000000000000000000000000c8, SequenceNumber(2), o#8mxAzFggYWTk2EcWLVbvhGohJUAeKimeRNdivg4tL1ff)]
[2m2025-03-25T07:54:43.305983Z[0m [32m INFO[0m [1mnode[0m[1m{[0m[3mname[0m[2m=[0mk#8dcff6d1..[1m}[0m[2m:[0m[1maugment_epoch_last_checkpoint[0m[2m:[0m[1mcreate_and_execute_advance_epoch_tx[0m[2m:[0m [2msui_core::authority[0m[2m:[0m [2mcrates/sui-core/src/authority.rs[0m[2m:[0m[2m4743:[0m validator k#addeef94.. supports SupportedProtocolVersions { min: ProtocolVersion(1), max: ProtocolVersion(70) } with system packages: [(0x0000000000000000000000000000000000000000000000000000000000000001, SequenceNumber(1), o#96Jb9mkzfqNLYnEMpVxB5dqrKbBaj23w7iXPjTYFdrQw), (0x0000000000000000000000000000000000000000000000000000000000000002, SequenceNumber(2), o#26xJj5urud1ErPtdD9Ak2uWtBGmzeb1ixJimJbkEhqzi), (0x0000000000000000000000000000000000000000000000000000000000000003, SequenceNumber(2), o#DF5dfASe4ZDkSCbUKiNv6i44DUPQSgtpV7BoPFJxNLcu), (0x000000000000000000000000000000000000000000000000000000000000000b, SequenceNumber(2), o#8vwgz9iNeskH5LiGvDEfqFhuxwuiUVnKJBbDthPcVcK1), (0x00000000000000000000000000000000000000000000000000000000000000c8, SequenceNumber(2), o#8mxAzFggYWTk2EcWLVbvhGohJUAeKimeRNdivg4tL1ff)]
[2m2025-03-25T07:54:43.305996Z[0m [32m INFO[0m [1mnode[0m[1m{[0m[3mname[0m[2m=[0mk#99f25ef6..[1m}[0m[2m:[0m[1maugment_epoch_last_checkpoint[0m[2m:[0m[1mcreate_and_execute_advance_epoch_tx[0m[2m:[0m [2msui_core::authority[0m[2m:[0m [2mcrates/sui-core/src/authority.rs[0m[2m:[0m[2m4743:[0m validator k#addeef94.. supports SupportedProtocolVersions { min: ProtocolVersion(1), max: ProtocolVersion(70) } with system packages: [(0x0000000000000000000000000000000000000000000000000000000000000001, SequenceNumber(1), o#96Jb9mkzfqNLYnEMpVxB5dqrKbBaj23w7iXPjTYFdrQw), (0x0000000000000000000000000000000000000000000000000000000000000002, SequenceNumber(2), o#26xJj5urud1ErPtdD9Ak2uWtBGmzeb1ixJimJbkEhqzi), (0x0000000000000000000000000000000000000000000000000000000000000003, SequenceNumber(2), o#DF5dfASe4ZDkSCbUKiNv6i44DUPQSgtpV7BoPFJxNLcu), (0x000000000000000000000000000000000000000000000000000000000000000b, SequenceNumber(2), o#8vwgz9iNeskH5LiGvDEfqFhuxwuiUVnKJBbDthPcVcK1), (0x00000000000000000000000000000000000000000000000000000000000000c8, SequenceNumber(2), o#8mxAzFggYWTk2EcWLVbvhGohJUAeKimeRNdivg4tL1ff)]
[2m2025-03-25T07:54:43.306034Z[0m [32m INFO[0m [1mnode[0m[1m{[0m[3mname[0m[2m=[0mk#8dcff6d1..[1m}[0m[2m:[0m[1maugment_epoch_last_checkpoint[0m[2m:[0m[1mcreate_and_execute_advance_epoch_tx[0m[2m:[0m [2msui_core::authority[0m[2m:[0m [2mcrates/sui-core/src/authority.rs[0m[2m:[0m[2m4784:[0m support for upgrade [3mtotal_votes[0m[2m=[0m10000 [3mquorum_threshold[0m[2m=[0m6667 [3mbuffer_stake_bps[0m[2m=[0m5000 [3meffective_threshold[0m[2m=[0m8334 [3mproposed_protocol_version[0m[2m=[0mProtocolVersion(66) [3mpackages[0m[2m=[0m[(0x0000000000000000000000000000000000000000000000000000000000000001, SequenceNumber(1), o#96Jb9mkzfqNLYnEMpVxB5dqrKbBaj23w7iXPjTYFdrQw), (0x0000000000000000000000000000000000000000000000000000000000000002, SequenceNumber(2), o#26xJj5urud1ErPtdD9Ak2uWtBGmzeb1ixJimJbkEhqzi), (0x0000000000000000000000000000000000000000000000000000000000000003, SequenceNumber(2), o#DF5dfASe4ZDkSCbUKiNv6i44DUPQSgtpV7BoPFJxNLcu), (0x000000000000000000000000000000000000000000000000000000000000000b, SequenceNumber(2), o#8vwgz9iNeskH5LiGvDEfqFhuxwuiUVnKJBbDthPcVcK1), (0x00000000000000000000000000000000000000000000000000000000000000c8, SequenceNumber(2), o#8mxAzFggYWTk2EcWLVbvhGohJUAeKimeRNdivg4tL1ff)]
[2m2025-03-25T07:54:43.306047Z[0m [32m INFO[0m [1mnode[0m[1m{[0m[3mname[0m[2m=[0mk#99f25ef6..[1m}[0m[2m:[0m[1maugment_epoch_last_checkpoint[0m[2m:[0m[1mcreate_and_execute_advance_epoch_tx[0m[2m:[0m [2msui_core::authority[0m[2m:[0m [2mcrates/sui-core/src/authority.rs[0m[2m:[0m[2m4784:[0m support for upgrade [3mtotal_votes[0m[2m=[0m10000 [3mquorum_threshold[0m[2m=[0m6667 [3mbuffer_stake_bps[0m[2m=[0m5000 [3meffective_threshold[0m[2m=[0m8334 [3mproposed_protocol_version[0m[2m=[0mProtocolVersion(66) [3mpackages[0m[2m=[0m[(0x0000000000000000000000000000000000000000000000000000000000000001, SequenceNumber(1), o#96Jb9mkzfqNLYnEMpVxB5dqrKbBaj23w7iXPjTYFdrQw), (0x0000000000000000000000000000000000000000000000000000000000000002, SequenceNumber(2), o#26xJj5urud1ErPtdD9Ak2uWtBGmzeb1ixJimJbkEhqzi), (0x0000000000000000000000000000000000000000000000000000000000000003, SequenceNumber(2), o#DF5dfASe4ZDkSCbUKiNv6i44DUPQSgtpV7BoPFJxNLcu), (0x000000000000000000000000000000000000000000000000000000000000000b, SequenceNumber(2), o#8vwgz9iNeskH5LiGvDEfqFhuxwuiUVnKJBbDthPcVcK1), (0x00000000000000000000000000000000000000000000000000000000000000c8, SequenceNumber(2), o#8mxAzFggYWTk2EcWLVbvhGohJUAeKimeRNdivg4tL1ff)]
[2m2025-03-25T07:54:43.306085Z[0m [32m INFO[0m [1mnode[0m[1m{[0m[3mname[0m[2m=[0mk#8dcff6d1..[1m}[0m[2m:[0m[1maugment_epoch_last_checkpoint[0m[2m:[0m[1mcreate_and_execute_advance_epoch_tx[0m[2m:[0m [2msui_core::authority[0m[2m:[0m [2mcrates/sui-core/src/authority.rs[0m[2m:[0m[2m4743:[0m validator k#8dcff6d1.. supports SupportedProtocolVersions { min: ProtocolVersion(1), max: ProtocolVersion(70) } with system packages: [(0x0000000000000000000000000000000000000000000000000000000000000001, SequenceNumber(1), o#96Jb9mkzfqNLYnEMpVxB5dqrKbBaj23w7iXPjTYFdrQw), (0x0000000000000000000000000000000000000000000000000000000000000002, SequenceNumber(2), o#26xJj5urud1ErPtdD9Ak2uWtBGmzeb1ixJimJbkEhqzi), (0x0000000000000000000000000000000000000000000000000000000000000003, SequenceNumber(2), o#DF5dfASe4ZDkSCbUKiNv6i44DUPQSgtpV7BoPFJxNLcu), (0x000000000000000000000000000000000000000000000000000000000000000b, SequenceNumber(2), o#8vwgz9iNeskH5LiGvDEfqFhuxwuiUVnKJBbDthPcVcK1), (0x00000000000000000000000000000000000000000000000000000000000000c8, SequenceNumber(2), o#8mxAzFggYWTk2EcWLVbvhGohJUAeKimeRNdivg4tL1ff)]
[2m2025-03-25T07:54:43.306098Z[0m [32m INFO[0m [1mnode[0m[1m{[0m[3mname[0m[2m=[0mk#99f25ef6..[1m}[0m[2m:[0m[1maugment_epoch_last_checkpoint[0m[2m:[0m[1mcreate_and_execute_advance_epoch_tx[0m[2m:[0m [2msui_core::authority[0m[2m:[0m [2mcrates/sui-core/src/authority.rs[0m[2m:[0m[2m4743:[0m validator k#8dcff6d1.. supports SupportedProtocolVersions { min: ProtocolVersion(1), max: ProtocolVersion(70) } with system packages: [(0x0000000000000000000000000000000000000000000000000000000000000001, SequenceNumber(1), o#96Jb9mkzfqNLYnEMpVxB5dqrKbBaj23w7iXPjTYFdrQw), (0x0000000000000000000000000000000000000000000000000000000000000002, SequenceNumber(2), o#26xJj5urud1ErPtdD9Ak2uWtBGmzeb1ixJimJbkEhqzi), (0x0000000000000000000000000000000000000000000000000000000000000003, SequenceNumber(2), o#DF5dfASe4ZDkSCbUKiNv6i44DUPQSgtpV7BoPFJxNLcu), (0x000000000000000000000000000000000000000000000000000000000000000b, SequenceNumber(2), o#8vwgz9iNeskH5LiGvDEfqFhuxwuiUVnKJBbDthPcVcK1), (0x00000000000000000000000000000000000000000000000000000000000000c8, SequenceNumber(2), o#8mxAzFggYWTk2EcWLVbvhGohJUAeKimeRNdivg4tL1ff)]
[2m2025-03-25T07:54:43.306132Z[0m [32m INFO[0m [1mnode[0m[1m{[0m[3mname[0m[2m=[0mk#8dcff6d1..[1m}[0m[2m:[0m[1maugment_epoch_last_checkpoint[0m[2m:[0m[1mcreate_and_execute_advance_epoch_tx[0m[2m:[0m [2msui_core::authority[0m[2m:[0m [2mcrates/sui-core/src/authority.rs[0m[2m:[0m[2m4743:[0m validator k#99f25ef6.. supports SupportedProtocolVersions { min: ProtocolVersion(1), max: ProtocolVersion(70) } with system packages: [(0x0000000000000000000000000000000000000000000000000000000000000001, SequenceNumber(1), o#96Jb9mkzfqNLYnEMpVxB5dqrKbBaj23w7iXPjTYFdrQw), (0x0000000000000000000000000000000000000000000000000000000000000002, SequenceNumber(2), o#26xJj5urud1ErPtdD9Ak2uWtBGmzeb1ixJimJbkEhqzi), (0x0000000000000000000000000000000000000000000000000000000000000003, SequenceNumber(2), o#DF5dfASe4ZDkSCbUKiNv6i44DUPQSgtpV7BoPFJxNLcu), (0x000000000000000000000000000000000000000000000000000000000000000b, SequenceNumber(2), o#8vwgz9iNeskH5LiGvDEfqFhuxwuiUVnKJBbDthPcVcK1), (0x00000000000000000000000000000000000000000000000000000000000000c8, SequenceNumber(2), o#8mxAzFggYWTk2EcWLVbvhGohJUAeKimeRNdivg4tL1ff)]
[2m2025-03-25T07:54:43.306145Z[0m [32m INFO[0m [1mnode[0m[1m{[0m[3mname[0m[2m=[0mk#99f25ef6..[1m}[0m[2m:[0m[1maugment_epoch_last_checkpoint[0m[2m:[0m[1mcreate_and_execute_advance_epoch_tx[0m[2m:[0m [2msui_core::authority[0m[2m:[0m [2mcrates/sui-core/src/authority.rs[0m[2m:[0m[2m4743:[0m validator k#99f25ef6.. supports SupportedProtocolVersions { min: ProtocolVersion(1), max: ProtocolVersion(70) } with system packages: [(0x0000000000000000000000000000000000000000000000000000000000000001, SequenceNumber(1), o#96Jb9mkzfqNLYnEMpVxB5dqrKbBaj23w7iXPjTYFdrQw), (0x0000000000000000000000000000000000000000000000000000000000000002, SequenceNumber(2), o#26xJj5urud1ErPtdD9Ak2uWtBGmzeb1ixJimJbkEhqzi), (0x0000000000000000000000000000000000000000000000000000000000000003, SequenceNumber(2), o#DF5dfASe4ZDkSCbUKiNv6i44DUPQSgtpV7BoPFJxNLcu), (0x000000000000000000000000000000000000000000000000000000000000000b, SequenceNumber(2), o#8vwgz9iNeskH5LiGvDEfqFhuxwuiUVnKJBbDthPcVcK1), (0x00000000000000000000000000000000000000000000000000000000000000c8, SequenceNumber(2), o#8mxAzFggYWTk2EcWLVbvhGohJUAeKimeRNdivg4tL1ff)]
[2m2025-03-25T07:54:43.306180Z[0m [32m INFO[0m [1mnode[0m[1m{[0m[3mname[0m[2m=[0mk#8dcff6d1..[1m}[0m[2m:[0m[1maugment_epoch_last_checkpoint[0m[2m:[0m[1mcreate_and_execute_advance_epoch_tx[0m[2m:[0m [2msui_core::authority[0m[2m:[0m [2mcrates/sui-core/src/authority.rs[0m[2m:[0m[2m4743:[0m validator k#addeef94.. supports SupportedProtocolVersions { min: ProtocolVersion(1), max: ProtocolVersion(70) } with system packages: [(0x0000000000000000000000000000000000000000000000000000000000000001, SequenceNumber(1), o#96Jb9mkzfqNLYnEMpVxB5dqrKbBaj23w7iXPjTYFdrQw), (0x0000000000000000000000000000000000000000000000000000000000000002, SequenceNumber(2), o#26xJj5urud1ErPtdD9Ak2uWtBGmzeb1ixJimJbkEhqzi), (0x0000000000000000000000000000000000000000000000000000000000000003, SequenceNumber(2), o#DF5dfASe4ZDkSCbUKiNv6i44DUPQSgtpV7BoPFJxNLcu), (0x000000000000000000000000000000000000000000000000000000000000000b, SequenceNumber(2), o#8vwgz9iNeskH5LiGvDEfqFhuxwuiUVnKJBbDthPcVcK1), (0x00000000000000000000000000000000000000000000000000000000000000c8, SequenceNumber(2), o#8mxAzFggYWTk2EcWLVbvhGohJUAeKimeRNdivg4tL1ff)]
[2m2025-03-25T07:54:43.306192Z[0m [32m INFO[0m [1mnode[0m[1m{[0m[3mname[0m[2m=[0mk#99f25ef6..[1m}[0m[2m:[0m[1maugment_epoch_last_checkpoint[0m[2m:[0m[1mcreate_and_execute_advance_epoch_tx[0m[2m:[0m [2msui_core::authority[0m[2m:[0m [2mcrates/sui-core/src/authority.rs[0m[2m:[0m[2m4743:[0m validator k#addeef94.. supports SupportedProtocolVersions { min: ProtocolVersion(1), max: ProtocolVersion(70) } with system packages: [(0x0000000000000000000000000000000000000000000000000000000000000001, SequenceNumber(1), o#96Jb9mkzfqNLYnEMpVxB5dqrKbBaj23w7iXPjTYFdrQw), (0x0000000000000000000000000000000000000000000000000000000000000002, SequenceNumber(2), o#26xJj5urud1ErPtdD9Ak2uWtBGmzeb1ixJimJbkEhqzi), (0x0000000000000000000000000000000000000000000000000000000000000003, SequenceNumber(2), o#DF5dfASe4ZDkSCbUKiNv6i44DUPQSgtpV7BoPFJxNLcu), (0x000000000000000000000000000000000000000000000000000000000000000b, SequenceNumber(2), o#8vwgz9iNeskH5LiGvDEfqFhuxwuiUVnKJBbDthPcVcK1), (0x00000000000000000000000000000000000000000000000000000000000000c8, SequenceNumber(2), o#8mxAzFggYWTk2EcWLVbvhGohJUAeKimeRNdivg4tL1ff)]
[2m2025-03-25T07:54:43.306232Z[0m [32m INFO[0m [1mnode[0m[1m{[0m[3mname[0m[2m=[0mk#8dcff6d1..[1m}[0m[2m:[0m[1maugment_epoch_last_checkpoint[0m[2m:[0m[1mcreate_and_execute_advance_epoch_tx[0m[2m:[0m [2msui_core::authority[0m[2m:[0m [2mcrates/sui-core/src/authority.rs[0m[2m:[0m[2m4784:[0m support for upgrade [3mtotal_votes[0m[2m=[0m10000 [3mquorum_threshold[0m[2m=[0m6667 [3mbuffer_stake_bps[0m[2m=[0m5000 [3meffective_threshold[0m[2m=[0m8334 [3mproposed_protocol_version[0m[2m=[0mProtocolVersion(67) [3mpackages[0m[2m=[0m[(0x0000000000000000000000000000000000000000000000000000000000000001, SequenceNumber(1), o#96Jb9mkzfqNLYnEMpVxB5dqrKbBaj23w7iXPjTYFdrQw), (0x0000000000000000000000000000000000000000000000000000000000000002, SequenceNumber(2), o#26xJj5urud1ErPtdD9Ak2uWtBGmzeb1ixJimJbkEhqzi), (0x0000000000000000000000000000000000000000000000000000000000000003, SequenceNumber(2), o#DF5dfASe4ZDkSCbUKiNv6i44DUPQSgtpV7BoPFJxNLcu), (0x000000000000000000000000000000000000000000000000000000000000000b, SequenceNumber(2), o#8vwgz9iNeskH5LiGvDEfqFhuxwuiUVnKJBbDthPcVcK1), (0x00000000000000000000000000000000000000000000000000000000000000c8, SequenceNumber(2), o#8mxAzFggYWTk2EcWLVbvhGohJUAeKimeRNdivg4tL1ff)]
[2m2025-03-25T07:54:43.306243Z[0m [32m INFO[0m [1mnode[0m[1m{[0m[3mname[0m[2m=[0mk#99f25ef6..[1m}[0m[2m:[0m[1maugment_epoch_last_checkpoint[0m[2m:[0m[1mcreate_and_execute_advance_epoch_tx[0m[2m:[0m [2msui_core::authority[0m[2m:[0m [2mcrates/sui-core/src/authority.rs[0m[2m:[0m[2m4784:[0m support for upgrade [3mtotal_votes[0m[2m=[0m10000 [3mquorum_threshold[0m[2m=[0m6667 [3mbuffer_stake_bps[0m[2m=[0m5000 [3meffective_threshold[0m[2m=[0m8334 [3mproposed_protocol_version[0m[2m=[0mProtocolVersion(67) [3mpackages[0m[2m=[0m[(0x0000000000000000000000000000000000000000000000000000000000000001, SequenceNumber(1), o#96Jb9mkzfqNLYnEMpVxB5dqrKbBaj23w7iXPjTYFdrQw), (0x0000000000000000000000000000000000000000000000000000000000000002, SequenceNumber(2), o#26xJj5urud1ErPtdD9Ak2uWtBGmzeb1ixJimJbkEhqzi), (0x0000000000000000000000000000000000000000000000000000000000000003, SequenceNumber(2), o#DF5dfASe4ZDkSCbUKiNv6i44DUPQSgtpV7BoPFJxNLcu), (0x000000000000000000000000000000000000000000000000000000000000000b, SequenceNumber(2), o#8vwgz9iNeskH5LiGvDEfqFhuxwuiUVnKJBbDthPcVcK1), (0x00000000000000000000000000000000000000000000000000000000000000c8, SequenceNumber(2), o#8mxAzFggYWTk2EcWLVbvhGohJUAeKimeRNdivg4tL1ff)]
[2m2025-03-25T07:54:43.306283Z[0m [32m INFO[0m [1mnode[0m[1m{[0m[3mname[0m[2m=[0mk#8dcff6d1..[1m}[0m[2m:[0m[1maugment_epoch_last_checkpoint[0m[2m:[0m[1mcreate_and_execute_advance_epoch_tx[0m[2m:[0m [2msui_core::authority[0m[2m:[0m [2mcrates/sui-core/src/authority.rs[0m[2m:[0m[2m4743:[0m validator k#8dcff6d1.. supports SupportedProtocolVersions { min: ProtocolVersion(1), max: ProtocolVersion(70) } with system packages: [(0x0000000000000000000000000000000000000000000000000000000000000001, SequenceNumber(1), o#96Jb9mkzfqNLYnEMpVxB5dqrKbBaj23w7iXPjTYFdrQw), (0x0000000000000000000000000000000000000000000000000000000000000002, SequenceNumber(2), o#26xJj5urud1ErPtdD9Ak2uWtBGmzeb1ixJimJbkEhqzi), (0x0000000000000000000000000000000000000000000000000000000000000003, SequenceNumber(2), o#DF5dfASe4ZDkSCbUKiNv6i44DUPQSgtpV7BoPFJxNLcu), (0x000000000000000000000000000000000000000000000000000000000000000b, SequenceNumber(2), o#8vwgz9iNeskH5LiGvDEfqFhuxwuiUVnKJBbDthPcVcK1), (0x00000000000000000000000000000000000000000000000000000000000000c8, SequenceNumber(2), o#8mxAzFggYWTk2EcWLVbvhGohJUAeKimeRNdivg4tL1ff)]
[2m2025-03-25T07:54:43.306295Z[0m [32m INFO[0m [1mnode[0m[1m{[0m[3mname[0m[2m=[0mk#99f25ef6..[1m}[0m[2m:[0m[1maugment_epoch_last_checkpoint[0m[2m:[0m[1mcreate_and_execute_advance_epoch_tx[0m[2m:[0m [2msui_core::authority[0m[2m:[0m [2mcrates/sui-core/src/authority.rs[0m[2m:[0m[2m4743:[0m validator k#8dcff6d1.. supports SupportedProtocolVersions { min: ProtocolVersion(1), max: ProtocolVersion(70) } with system packages: [(0x0000000000000000000000000000000000000000000000000000000000000001, SequenceNumber(1), o#96Jb9mkzfqNLYnEMpVxB5dqrKbBaj23w7iXPjTYFdrQw), (0x0000000000000000000000000000000000000000000000000000000000000002, SequenceNumber(2), o#26xJj5urud1ErPtdD9Ak2uWtBGmzeb1ixJimJbkEhqzi), (0x0000000000000000000000000000000000000000000000000000000000000003, SequenceNumber(2), o#DF5dfASe4ZDkSCbUKiNv6i44DUPQSgtpV7BoPFJxNLcu), (0x000000000000000000000000000000000000000000000000000000000000000b, SequenceNumber(2), o#8vwgz9iNeskH5LiGvDEfqFhuxwuiUVnKJBbDthPcVcK1), (0x00000000000000000000000000000000000000000000000000000000000000c8, SequenceNumber(2), o#8mxAzFggYWTk2EcWLVbvhGohJUAeKimeRNdivg4tL1ff)]
[2m2025-03-25T07:54:43.306330Z[0m [32m INFO[0m [1mnode[0m[1m{[0m[3mname[0m[2m=[0mk#8dcff6d1..[1m}[0m[2m:[0m[1maugment_epoch_last_checkpoint[0m[2m:[0m[1mcreate_and_execute_advance_epoch_tx[0m[2m:[0m [2msui_core::authority[0m[2m:[0m [2mcrates/sui-core/src/authority.rs[0m[2m:[0m[2m4743:[0m validator k#99f25ef6.. supports SupportedProtocolVersions { min: ProtocolVersion(1), max: ProtocolVersion(70) } with system packages: [(0x0000000000000000000000000000000000000000000000000000000000000001, SequenceNumber(1), o#96Jb9mkzfqNLYnEMpVxB5dqrKbBaj23w7iXPjTYFdrQw), (0x0000000000000000000000000000000000000000000000000000000000000002, SequenceNumber(2), o#26xJj5urud1ErPtdD9Ak2uWtBGmzeb1ixJimJbkEhqzi), (0x0000000000000000000000000000000000000000000000000000000000000003, SequenceNumber(2), o#DF5dfASe4ZDkSCbUKiNv6i44DUPQSgtpV7BoPFJxNLcu), (0x000000000000000000000000000000000000000000000000000000000000000b, SequenceNumber(2), o#8vwgz9iNeskH5LiGvDEfqFhuxwuiUVnKJBbDthPcVcK1), (0x00000000000000000000000000000000000000000000000000000000000000c8, SequenceNumber(2), o#8mxAzFggYWTk2EcWLVbvhGohJUAeKimeRNdivg4tL1ff)]
[2m2025-03-25T07:54:43.306343Z[0m [32m INFO[0m [1mnode[0m[1m{[0m[3mname[0m[2m=[0mk#99f25ef6..[1m}[0m[2m:[0m[1maugment_epoch_last_checkpoint[0m[2m:[0m[1mcreate_and_execute_advance_epoch_tx[0m[2m:[0m [2msui_core::authority[0m[2m:[0m [2mcrates/sui-core/src/authority.rs[0m[2m:[0m[2m4743:[0m validator k#99f25ef6.. supports SupportedProtocolVersions { min: ProtocolVersion(1), max: ProtocolVersion(70) } with system packages: [(0x0000000000000000000000000000000000000000000000000000000000000001, SequenceNumber(1), o#96Jb9mkzfqNLYnEMpVxB5dqrKbBaj23w7iXPjTYFdrQw), (0x0000000000000000000000000000000000000000000000000000000000000002, SequenceNumber(2), o#26xJj5urud1ErPtdD9Ak2uWtBGmzeb1ixJimJbkEhqzi), (0x0000000000000000000000000000000000000000000000000000000000000003, SequenceNumber(2), o#DF5dfASe4ZDkSCbUKiNv6i44DUPQSgtpV7BoPFJxNLcu), (0x000000000000000000000000000000000000000000000000000000000000000b, SequenceNumber(2), o#8vwgz9iNeskH5LiGvDEfqFhuxwuiUVnKJBbDthPcVcK1), (0x00000000000000000000000000000000000000000000000000000000000000c8, SequenceNumber(2), o#8mxAzFggYWTk2EcWLVbvhGohJUAeKimeRNdivg4tL1ff)]
[2m2025-03-25T07:54:43.306377Z[0m [32m INFO[0m [1mnode[0m[1m{[0m[3mname[0m[2m=[0mk#8dcff6d1..[1m}[0m[2m:[0m[1maugment_epoch_last_checkpoint[0m[2m:[0m[1mcreate_and_execute_advance_epoch_tx[0m[2m:[0m [2msui_core::authority[0m[2m:[0m [2mcrates/sui-core/src/authority.rs[0m[2m:[0m[2m4743:[0m validator k#addeef94.. supports SupportedProtocolVersions { min: ProtocolVersion(1), max: ProtocolVersion(70) } with system packages: [(0x0000000000000000000000000000000000000000000000000000000000000001, SequenceNumber(1), o#96Jb9mkzfqNLYnEMpVxB5dqrKbBaj23w7iXPjTYFdrQw), (0x0000000000000000000000000000000000000000000000000000000000000002, SequenceNumber(2), o#26xJj5urud1ErPtdD9Ak2uWtBGmzeb1ixJimJbkEhqzi), (0x0000000000000000000000000000000000000000000000000000000000000003, SequenceNumber(2), o#DF5dfASe4ZDkSCbUKiNv6i44DUPQSgtpV7BoPFJxNLcu), (0x000000000000000000000000000000000000000000000000000000000000000b, SequenceNumber(2), o#8vwgz9iNeskH5LiGvDEfqFhuxwuiUVnKJBbDthPcVcK1), (0x00000000000000000000000000000000000000000000000000000000000000c8, SequenceNumber(2), o#8mxAzFggYWTk2EcWLVbvhGohJUAeKimeRNdivg4tL1ff)]
[2m2025-03-25T07:54:43.306391Z[0m [32m INFO[0m [1mnode[0m[1m{[0m[3mname[0m[2m=[0mk#99f25ef6..[1m}[0m[2m:[0m[1maugment_epoch_last_checkpoint[0m[2m:[0m[1mcreate_and_execute_advance_epoch_tx[0m[2m:[0m [2msui_core::authority[0m[2m:[0m [2mcrates/sui-core/src/authority.rs[0m[2m:[0m[2m4743:[0m validator k#addeef94.. supports SupportedProtocolVersions { min: ProtocolVersion(1), max: ProtocolVersion(70) } with system packages: [(0x0000000000000000000000000000000000000000000000000000000000000001, SequenceNumber(1), o#96Jb9mkzfqNLYnEMpVxB5dqrKbBaj23w7iXPjTYFdrQw), (0x0000000000000000000000000000000000000000000000000000000000000002, SequenceNumber(2), o#26xJj5urud1ErPtdD9Ak2uWtBGmzeb1ixJimJbkEhqzi), (0x0000000000000000000000000000000000000000000000000000000000000003, SequenceNumber(2), o#DF5dfASe4ZDkSCbUKiNv6i44DUPQSgtpV7BoPFJxNLcu), (0x000000000000000000000000000000000000000000000000000000000000000b, SequenceNumber(2), o#8vwgz9iNeskH5LiGvDEfqFhuxwuiUVnKJBbDthPcVcK1), (0x00000000000000000000000000000000000000000000000000000000000000c8, SequenceNumber(2), o#8mxAzFggYWTk2EcWLVbvhGohJUAeKimeRNdivg4tL1ff)]
[2m2025-03-25T07:54:43.306429Z[0m [32m INFO[0m [1mnode[0m[1m{[0m[3mname[0m[2m=[0mk#8dcff6d1..[1m}[0m[2m:[0m[1maugment_epoch_last_checkpoint[0m[2m:[0m[1mcreate_and_execute_advance_epoch_tx[0m[2m:[0m [2msui_core::authority[0m[2m:[0m [2mcrates/sui-core/src/authority.rs[0m[2m:[0m[2m4784:[0m support for upgrade [3mtotal_votes[0m[2m=[0m10000 [3mquorum_threshold[0m[2m=[0m6667 [3mbuffer_stake_bps[0m[2m=[0m5000 [3meffective_threshold[0m[2m=[0m8334 [3mproposed_protocol_version[0m[2m=[0mProtocolVersion(68) [3mpackages[0m[2m=[0m[(0x0000000000000000000000000000000000000000000000000000000000000001, SequenceNumber(1), o#96Jb9mkzfqNLYnEMpVxB5dqrKbBaj23w7iXPjTYFdrQw), (0x0000000000000000000000000000000000000000000000000000000000000002, SequenceNumber(2), o#26xJj5urud1ErPtdD9Ak2uWtBGmzeb1ixJimJbkEhqzi), (0x0000000000000000000000000000000000000000000000000000000000000003, SequenceNumber(2), o#DF5dfASe4ZDkSCbUKiNv6i44DUPQSgtpV7BoPFJxNLcu), (0x000000000000000000000000000000000000000000000000000000000000000b, SequenceNumber(2), o#8vwgz9iNeskH5LiGvDEfqFhuxwuiUVnKJBbDthPcVcK1), (0x00000000000000000000000000000000000000000000000000000000000000c8, SequenceNumber(2), o#8mxAzFggYWTk2EcWLVbvhGohJUAeKimeRNdivg4tL1ff)]
[2m2025-03-25T07:54:43.306442Z[0m [32m INFO[0m [1mnode[0m[1m{[0m[3mname[0m[2m=[0mk#99f25ef6..[1m}[0m[2m:[0m[1maugment_epoch_last_checkpoint[0m[2m:[0m[1mcreate_and_execute_advance_epoch_tx[0m[2m:[0m [2msui_core::authority[0m[2m:[0m [2mcrates/sui-core/src/authority.rs[0m[2m:[0m[2m4784:[0m support for upgrade [3mtotal_votes[0m[2m=[0m10000 [3mquorum_threshold[0m[2m=[0m6667 [3mbuffer_stake_bps[0m[2m=[0m5000 [3meffective_threshold[0m[2m=[0m8334 [3mproposed_protocol_version[0m[2m=[0mProtocolVersion(68) [3mpackages[0m[2m=[0m[(0x0000000000000000000000000000000000000000000000000000000000000001, SequenceNumber(1), o#96Jb9mkzfqNLYnEMpVxB5dqrKbBaj23w7iXPjTYFdrQw), (0x0000000000000000000000000000000000000000000000000000000000000002, SequenceNumber(2), o#26xJj5urud1ErPtdD9Ak2uWtBGmzeb1ixJimJbkEhqzi), (0x0000000000000000000000000000000000000000000000000000000000000003, SequenceNumber(2), o#DF5dfASe4ZDkSCbUKiNv6i44DUPQSgtpV7BoPFJxNLcu), (0x000000000000000000000000000000000000000000000000000000000000000b, SequenceNumber(2), o#8vwgz9iNeskH5LiGvDEfqFhuxwuiUVnKJBbDthPcVcK1), (0x00000000000000000000000000000000000000000000000000000000000000c8, SequenceNumber(2), o#8mxAzFggYWTk2EcWLVbvhGohJUAeKimeRNdivg4tL1ff)]
[2m2025-03-25T07:54:43.306480Z[0m [32m INFO[0m [1mnode[0m[1m{[0m[3mname[0m[2m=[0mk#8dcff6d1..[1m}[0m[2m:[0m[1maugment_epoch_last_checkpoint[0m[2m:[0m[1mcreate_and_execute_advance_epoch_tx[0m[2m:[0m [2msui_core::authority[0m[2m:[0m [2mcrates/sui-core/src/authority.rs[0m[2m:[0m[2m4743:[0m validator k#8dcff6d1.. supports SupportedProtocolVersions { min: ProtocolVersion(1), max: ProtocolVersion(70) } with system packages: [(0x0000000000000000000000000000000000000000000000000000000000000001, SequenceNumber(1), o#96Jb9mkzfqNLYnEMpVxB5dqrKbBaj23w7iXPjTYFdrQw), (0x0000000000000000000000000000000000000000000000000000000000000002, SequenceNumber(2), o#26xJj5urud1ErPtdD9Ak2uWtBGmzeb1ixJimJbkEhqzi), (0x0000000000000000000000000000000000000000000000000000000000000003, SequenceNumber(2), o#DF5dfASe4ZDkSCbUKiNv6i44DUPQSgtpV7BoPFJxNLcu), (0x000000000000000000000000000000000000000000000000000000000000000b, SequenceNumber(2), o#8vwgz9iNeskH5LiGvDEfqFhuxwuiUVnKJBbDthPcVcK1), (0x00000000000000000000000000000000000000000000000000000000000000c8, SequenceNumber(2), o#8mxAzFggYWTk2EcWLVbvhGohJUAeKimeRNdivg4tL1ff)]
[2m2025-03-25T07:54:43.306494Z[0m [32m INFO[0m [1mnode[0m[1m{[0m[3mname[0m[2m=[0mk#99f25ef6..[1m}[0m[2m:[0m[1maugment_epoch_last_checkpoint[0m[2m:[0m[1mcreate_and_execute_advance_epoch_tx[0m[2m:[0m [2msui_core::authority[0m[2m:[0m [2mcrates/sui-core/src/authority.rs[0m[2m:[0m[2m4743:[0m validator k#8dcff6d1.. supports SupportedProtocolVersions { min: ProtocolVersion(1), max: ProtocolVersion(70) } with system packages: [(0x0000000000000000000000000000000000000000000000000000000000000001, SequenceNumber(1), o#96Jb9mkzfqNLYnEMpVxB5dqrKbBaj23w7iXPjTYFdrQw), (0x0000000000000000000000000000000000000000000000000000000000000002, SequenceNumber(2), o#26xJj5urud1ErPtdD9Ak2uWtBGmzeb1ixJimJbkEhqzi), (0x0000000000000000000000000000000000000000000000000000000000000003, SequenceNumber(2), o#DF5dfASe4ZDkSCbUKiNv6i44DUPQSgtpV7BoPFJxNLcu), (0x000000000000000000000000000000000000000000000000000000000000000b, SequenceNumber(2), o#8vwgz9iNeskH5LiGvDEfqFhuxwuiUVnKJBbDthPcVcK1), (0x00000000000000000000000000000000000000000000000000000000000000c8, SequenceNumber(2), o#8mxAzFggYWTk2EcWLVbvhGohJUAeKimeRNdivg4tL1ff)]
[2m2025-03-25T07:54:43.306527Z[0m [32m INFO[0m [1mnode[0m[1m{[0m[3mname[0m[2m=[0mk#8dcff6d1..[1m}[0m[2m:[0m[1maugment_epoch_last_checkpoint[0m[2m:[0m[1mcreate_and_execute_advance_epoch_tx[0m[2m:[0m [2msui_core::authority[0m[2m:[0m [2mcrates/sui-core/src/authority.rs[0m[2m:[0m[2m4743:[0m validator k#99f25ef6.. supports SupportedProtocolVersions { min: ProtocolVersion(1), max: ProtocolVersion(70) } with system packages: [(0x0000000000000000000000000000000000000000000000000000000000000001, SequenceNumber(1), o#96Jb9mkzfqNLYnEMpVxB5dqrKbBaj23w7iXPjTYFdrQw), (0x0000000000000000000000000000000000000000000000000000000000000002, SequenceNumber(2), o#26xJj5urud1ErPtdD9Ak2uWtBGmzeb1ixJimJbkEhqzi), (0x0000000000000000000000000000000000000000000000000000000000000003, SequenceNumber(2), o#DF5dfASe4ZDkSCbUKiNv6i44DUPQSgtpV7BoPFJxNLcu), (0x000000000000000000000000000000000000000000000000000000000000000b, SequenceNumber(2), o#8vwgz9iNeskH5LiGvDEfqFhuxwuiUVnKJBbDthPcVcK1), (0x00000000000000000000000000000000000000000000000000000000000000c8, SequenceNumber(2), o#8mxAzFggYWTk2EcWLVbvhGohJUAeKimeRNdivg4tL1ff)]
[2m2025-03-25T07:54:43.306541Z[0m [32m INFO[0m [1mnode[0m[1m{[0m[3mname[0m[2m=[0mk#99f25ef6..[1m}[0m[2m:[0m[1maugment_epoch_last_checkpoint[0m[2m:[0m[1mcreate_and_execute_advance_epoch_tx[0m[2m:[0m [2msui_core::authority[0m[2m:[0m [2mcrates/sui-core/src/authority.rs[0m[2m:[0m[2m4743:[0m validator k#99f25ef6.. supports SupportedProtocolVersions { min: ProtocolVersion(1), max: ProtocolVersion(70) } with system packages: [(0x0000000000000000000000000000000000000000000000000000000000000001, SequenceNumber(1), o#96Jb9mkzfqNLYnEMpVxB5dqrKbBaj23w7iXPjTYFdrQw), (0x0000000000000000000000000000000000000000000000000000000000000002, SequenceNumber(2), o#26xJj5urud1ErPtdD9Ak2uWtBGmzeb1ixJimJbkEhqzi), (0x0000000000000000000000000000000000000000000000000000000000000003, SequenceNumber(2), o#DF5dfASe4ZDkSCbUKiNv6i44DUPQSgtpV7BoPFJxNLcu), (0x000000000000000000000000000000000000000000000000000000000000000b, SequenceNumber(2), o#8vwgz9iNeskH5LiGvDEfqFhuxwuiUVnKJBbDthPcVcK1), (0x00000000000000000000000000000000000000000000000000000000000000c8, SequenceNumber(2), o#8mxAzFggYWTk2EcWLVbvhGohJUAeKimeRNdivg4tL1ff)]
[2m2025-03-25T07:54:43.306575Z[0m [32m INFO[0m [1mnode[0m[1m{[0m[3mname[0m[2m=[0mk#8dcff6d1..[1m}[0m[2m:[0m[1maugment_epoch_last_checkpoint[0m[2m:[0m[1mcreate_and_execute_advance_epoch_tx[0m[2m:[0m [2msui_core::authority[0m[2m:[0m [2mcrates/sui-core/src/authority.rs[0m[2m:[0m[2m4743:[0m validator k#addeef94.. supports SupportedProtocolVersions { min: ProtocolVersion(1), max: ProtocolVersion(70) } with system packages: [(0x0000000000000000000000000000000000000000000000000000000000000001, SequenceNumber(1), o#96Jb9mkzfqNLYnEMpVxB5dqrKbBaj23w7iXPjTYFdrQw), (0x0000000000000000000000000000000000000000000000000000000000000002, SequenceNumber(2), o#26xJj5urud1ErPtdD9Ak2uWtBGmzeb1ixJimJbkEhqzi), (0x0000000000000000000000000000000000000000000000000000000000000003, SequenceNumber(2), o#DF5dfASe4ZDkSCbUKiNv6i44DUPQSgtpV7BoPFJxNLcu), (0x000000000000000000000000000000000000000000000000000000000000000b, SequenceNumber(2), o#8vwgz9iNeskH5LiGvDEfqFhuxwuiUVnKJBbDthPcVcK1), (0x00000000000000000000000000000000000000000000000000000000000000c8, SequenceNumber(2), o#8mxAzFggYWTk2EcWLVbvhGohJUAeKimeRNdivg4tL1ff)]
[2m2025-03-25T07:54:43.306587Z[0m [32m INFO[0m [1mnode[0m[1m{[0m[3mname[0m[2m=[0mk#99f25ef6..[1m}[0m[2m:[0m[1maugment_epoch_last_checkpoint[0m[2m:[0m[1mcreate_and_execute_advance_epoch_tx[0m[2m:[0m [2msui_core::authority[0m[2m:[0m [2mcrates/sui-core/src/authority.rs[0m[2m:[0m[2m4743:[0m validator k#addeef94.. supports SupportedProtocolVersions { min: ProtocolVersion(1), max: ProtocolVersion(70) } with system packages: [(0x0000000000000000000000000000000000000000000000000000000000000001, SequenceNumber(1), o#96Jb9mkzfqNLYnEMpVxB5dqrKbBaj23w7iXPjTYFdrQw), (0x0000000000000000000000000000000000000000000000000000000000000002, SequenceNumber(2), o#26xJj5urud1ErPtdD9Ak2uWtBGmzeb1ixJimJbkEhqzi), (0x0000000000000000000000000000000000000000000000000000000000000003, SequenceNumber(2), o#DF5dfASe4ZDkSCbUKiNv6i44DUPQSgtpV7BoPFJxNLcu), (0x000000000000000000000000000000000000000000000000000000000000000b, SequenceNumber(2), o#8vwgz9iNeskH5LiGvDEfqFhuxwuiUVnKJBbDthPcVcK1), (0x00000000000000000000000000000000000000000000000000000000000000c8, SequenceNumber(2), o#8mxAzFggYWTk2EcWLVbvhGohJUAeKimeRNdivg4tL1ff)]
[2m2025-03-25T07:54:43.306626Z[0m [32m INFO[0m [1mnode[0m[1m{[0m[3mname[0m[2m=[0mk#8dcff6d1..[1m}[0m[2m:[0m[1maugment_epoch_last_checkpoint[0m[2m:[0m[1mcreate_and_execute_advance_epoch_tx[0m[2m:[0m [2msui_core::authority[0m[2m:[0m [2mcrates/sui-core/src/authority.rs[0m[2m:[0m[2m4784:[0m support for upgrade [3mtotal_votes[0m[2m=[0m10000 [3mquorum_threshold[0m[2m=[0m6667 [3mbuffer_stake_bps[0m[2m=[0m5000 [3meffective_threshold[0m[2m=[0m8334 [3mproposed_protocol_version[0m[2m=[0mProtocolVersion(69) [3mpackages[0m[2m=[0m[(0x0000000000000000000000000000000000000000000000000000000000000001, SequenceNumber(1), o#96Jb9mkzfqNLYnEMpVxB5dqrKbBaj23w7iXPjTYFdrQw), (0x0000000000000000000000000000000000000000000000000000000000000002, SequenceNumber(2), o#26xJj5urud1ErPtdD9Ak2uWtBGmzeb1ixJimJbkEhqzi), (0x0000000000000000000000000000000000000000000000000000000000000003, SequenceNumber(2), o#DF5dfASe4ZDkSCbUKiNv6i44DUPQSgtpV7BoPFJxNLcu), (0x000000000000000000000000000000000000000000000000000000000000000b, SequenceNumber(2), o#8vwgz9iNeskH5LiGvDEfqFhuxwuiUVnKJBbDthPcVcK1), (0x00000000000000000000000000000000000000000000000000000000000000c8, SequenceNumber(2), o#8mxAzFggYWTk2EcWLVbvhGohJUAeKimeRNdivg4tL1ff)]
[2m2025-03-25T07:54:43.306639Z[0m [32m INFO[0m [1mnode[0m[1m{[0m[3mname[0m[2m=[0mk#99f25ef6..[1m}[0m[2m:[0m[1maugment_epoch_last_checkpoint[0m[2m:[0m[1mcreate_and_execute_advance_epoch_tx[0m[2m:[0m [2msui_core::authority[0m[2m:[0m [2mcrates/sui-core/src/authority.rs[0m[2m:[0m[2m4784:[0m support for upgrade [3mtotal_votes[0m[2m=[0m10000 [3mquorum_threshold[0m[2m=[0m6667 [3mbuffer_stake_bps[0m[2m=[0m5000 [3meffective_threshold[0m[2m=[0m8334 [3mproposed_protocol_version[0m[2m=[0mProtocolVersion(69) [3mpackages[0m[2m=[0m[(0x0000000000000000000000000000000000000000000000000000000000000001, SequenceNumber(1), o#96Jb9mkzfqNLYnEMpVxB5dqrKbBaj23w7iXPjTYFdrQw), (0x0000000000000000000000000000000000000000000000000000000000000002, SequenceNumber(2), o#26xJj5urud1ErPtdD9Ak2uWtBGmzeb1ixJimJbkEhqzi), (0x0000000000000000000000000000000000000000000000000000000000000003, SequenceNumber(2), o#DF5dfASe4ZDkSCbUKiNv6i44DUPQSgtpV7BoPFJxNLcu), (0x000000000000000000000000000000000000000000000000000000000000000b, SequenceNumber(2), o#8vwgz9iNeskH5LiGvDEfqFhuxwuiUVnKJBbDthPcVcK1), (0x00000000000000000000000000000000000000000000000000000000000000c8, SequenceNumber(2), o#8mxAzFggYWTk2EcWLVbvhGohJUAeKimeRNdivg4tL1ff)]
[2m2025-03-25T07:54:43.306679Z[0m [32m INFO[0m [1mnode[0m[1m{[0m[3mname[0m[2m=[0mk#8dcff6d1..[1m}[0m[2m:[0m[1maugment_epoch_last_checkpoint[0m[2m:[0m[1mcreate_and_execute_advance_epoch_tx[0m[2m:[0m [2msui_core::authority[0m[2m:[0m [2mcrates/sui-core/src/authority.rs[0m[2m:[0m[2m4743:[0m validator k#8dcff6d1.. supports SupportedProtocolVersions { min: ProtocolVersion(1), max: ProtocolVersion(70) } with system packages: [(0x0000000000000000000000000000000000000000000000000000000000000001, SequenceNumber(1), o#96Jb9mkzfqNLYnEMpVxB5dqrKbBaj23w7iXPjTYFdrQw), (0x0000000000000000000000000000000000000000000000000000000000000002, SequenceNumber(2), o#26xJj5urud1ErPtdD9Ak2uWtBGmzeb1ixJimJbkEhqzi), (0x0000000000000000000000000000000000000000000000000000000000000003, SequenceNumber(2), o#DF5dfASe4ZDkSCbUKiNv6i44DUPQSgtpV7BoPFJxNLcu), (0x000000000000000000000000000000000000000000000000000000000000000b, SequenceNumber(2), o#8vwgz9iNeskH5LiGvDEfqFhuxwuiUVnKJBbDthPcVcK1), (0x00000000000000000000000000000000000000000000000000000000000000c8, SequenceNumber(2), o#8mxAzFggYWTk2EcWLVbvhGohJUAeKimeRNdivg4tL1ff)]
[2m2025-03-25T07:54:43.306690Z[0m [32m INFO[0m [1mnode[0m[1m{[0m[3mname[0m[2m=[0mk#99f25ef6..[1m}[0m[2m:[0m[1maugment_epoch_last_checkpoint[0m[2m:[0m[1mcreate_and_execute_advance_epoch_tx[0m[2m:[0m [2msui_core::authority[0m[2m:[0m [2mcrates/sui-core/src/authority.rs[0m[2m:[0m[2m4743:[0m validator k#8dcff6d1.. supports SupportedProtocolVersions { min: ProtocolVersion(1), max: ProtocolVersion(70) } with system packages: [(0x0000000000000000000000000000000000000000000000000000000000000001, SequenceNumber(1), o#96Jb9mkzfqNLYnEMpVxB5dqrKbBaj23w7iXPjTYFdrQw), (0x0000000000000000000000000000000000000000000000000000000000000002, SequenceNumber(2), o#26xJj5urud1ErPtdD9Ak2uWtBGmzeb1ixJimJbkEhqzi), (0x0000000000000000000000000000000000000000000000000000000000000003, SequenceNumber(2), o#DF5dfASe4ZDkSCbUKiNv6i44DUPQSgtpV7BoPFJxNLcu), (0x000000000000000000000000000000000000000000000000000000000000000b, SequenceNumber(2), o#8vwgz9iNeskH5LiGvDEfqFhuxwuiUVnKJBbDthPcVcK1), (0x00000000000000000000000000000000000000000000000000000000000000c8, SequenceNumber(2), o#8mxAzFggYWTk2EcWLVbvhGohJUAeKimeRNdivg4tL1ff)]
[2m2025-03-25T07:54:43.306726Z[0m [32m INFO[0m [1mnode[0m[1m{[0m[3mname[0m[2m=[0mk#8dcff6d1..[1m}[0m[2m:[0m[1maugment_epoch_last_checkpoint[0m[2m:[0m[1mcreate_and_execute_advance_epoch_tx[0m[2m:[0m [2msui_core::authority[0m[2m:[0m [2mcrates/sui-core/src/authority.rs[0m[2m:[0m[2m4743:[0m validator k#99f25ef6.. supports SupportedProtocolVersions { min: ProtocolVersion(1), max: ProtocolVersion(70) } with system packages: [(0x0000000000000000000000000000000000000000000000000000000000000001, SequenceNumber(1), o#96Jb9mkzfqNLYnEMpVxB5dqrKbBaj23w7iXPjTYFdrQw), (0x0000000000000000000000000000000000000000000000000000000000000002, SequenceNumber(2), o#26xJj5urud1ErPtdD9Ak2uWtBGmzeb1ixJimJbkEhqzi), (0x0000000000000000000000000000000000000000000000000000000000000003, SequenceNumber(2), o#DF5dfASe4ZDkSCbUKiNv6i44DUPQSgtpV7BoPFJxNLcu), (0x000000000000000000000000000000000000000000000000000000000000000b, SequenceNumber(2), o#8vwgz9iNeskH5LiGvDEfqFhuxwuiUVnKJBbDthPcVcK1), (0x00000000000000000000000000000000000000000000000000000000000000c8, SequenceNumber(2), o#8mxAzFggYWTk2EcWLVbvhGohJUAeKimeRNdivg4tL1ff)]
[2m2025-03-25T07:54:43.306737Z[0m [32m INFO[0m [1mnode[0m[1m{[0m[3mname[0m[2m=[0mk#99f25ef6..[1m}[0m[2m:[0m[1maugment_epoch_last_checkpoint[0m[2m:[0m[1mcreate_and_execute_advance_epoch_tx[0m[2m:[0m [2msui_core::authority[0m[2m:[0m [2mcrates/sui-core/src/authority.rs[0m[2m:[0m[2m4743:[0m validator k#99f25ef6.. supports SupportedProtocolVersions { min: ProtocolVersion(1), max: ProtocolVersion(70) } with system packages: [(0x0000000000000000000000000000000000000000000000000000000000000001, SequenceNumber(1), o#96Jb9mkzfqNLYnEMpVxB5dqrKbBaj23w7iXPjTYFdrQw), (0x0000000000000000000000000000000000000000000000000000000000000002, SequenceNumber(2), o#26xJj5urud1ErPtdD9Ak2uWtBGmzeb1ixJimJbkEhqzi), (0x0000000000000000000000000000000000000000000000000000000000000003, SequenceNumber(2), o#DF5dfASe4ZDkSCbUKiNv6i44DUPQSgtpV7BoPFJxNLcu), (0x000000000000000000000000000000000000000000000000000000000000000b, SequenceNumber(2), o#8vwgz9iNeskH5LiGvDEfqFhuxwuiUVnKJBbDthPcVcK1), (0x00000000000000000000000000000000000000000000000000000000000000c8, SequenceNumber(2), o#8mxAzFggYWTk2EcWLVbvhGohJUAeKimeRNdivg4tL1ff)]
[2m2025-03-25T07:54:43.306773Z[0m [32m INFO[0m [1mnode[0m[1m{[0m[3mname[0m[2m=[0mk#8dcff6d1..[1m}[0m[2m:[0m[1maugment_epoch_last_checkpoint[0m[2m:[0m[1mcreate_and_execute_advance_epoch_tx[0m[2m:[0m [2msui_core::authority[0m[2m:[0m [2mcrates/sui-core/src/authority.rs[0m[2m:[0m[2m4743:[0m validator k#addeef94.. supports SupportedProtocolVersions { min: ProtocolVersion(1), max: ProtocolVersion(70) } with system packages: [(0x0000000000000000000000000000000000000000000000000000000000000001, SequenceNumber(1), o#96Jb9mkzfqNLYnEMpVxB5dqrKbBaj23w7iXPjTYFdrQw), (0x0000000000000000000000000000000000000000000000000000000000000002, SequenceNumber(2), o#26xJj5urud1ErPtdD9Ak2uWtBGmzeb1ixJimJbkEhqzi), (0x0000000000000000000000000000000000000000000000000000000000000003, SequenceNumber(2), o#DF5dfASe4ZDkSCbUKiNv6i44DUPQSgtpV7BoPFJxNLcu), (0x000000000000000000000000000000000000000000000000000000000000000b, SequenceNumber(2), o#8vwgz9iNeskH5LiGvDEfqFhuxwuiUVnKJBbDthPcVcK1), (0x00000000000000000000000000000000000000000000000000000000000000c8, SequenceNumber(2), o#8mxAzFggYWTk2EcWLVbvhGohJUAeKimeRNdivg4tL1ff)]
[2m2025-03-25T07:54:43.306785Z[0m [32m INFO[0m [1mnode[0m[1m{[0m[3mname[0m[2m=[0mk#99f25ef6..[1m}[0m[2m:[0m[1maugment_epoch_last_checkpoint[0m[2m:[0m[1mcreate_and_execute_advance_epoch_tx[0m[2m:[0m [2msui_core::authority[0m[2m:[0m [2mcrates/sui-core/src/authority.rs[0m[2m:[0m[2m4743:[0m validator k#addeef94.. supports SupportedProtocolVersions { min: ProtocolVersion(1), max: ProtocolVersion(70) } with system packages: [(0x0000000000000000000000000000000000000000000000000000000000000001, SequenceNumber(1), o#96Jb9mkzfqNLYnEMpVxB5dqrKbBaj23w7iXPjTYFdrQw), (0x0000000000000000000000000000000000000000000000000000000000000002, SequenceNumber(2), o#26xJj5urud1ErPtdD9Ak2uWtBGmzeb1ixJimJbkEhqzi), (0x0000000000000000000000000000000000000000000000000000000000000003, SequenceNumber(2), o#DF5dfASe4ZDkSCbUKiNv6i44DUPQSgtpV7BoPFJxNLcu), (0x000000000000000000000000000000000000000000000000000000000000000b, SequenceNumber(2), o#8vwgz9iNeskH5LiGvDEfqFhuxwuiUVnKJBbDthPcVcK1), (0x00000000000000000000000000000000000000000000000000000000000000c8, SequenceNumber(2), o#8mxAzFggYWTk2EcWLVbvhGohJUAeKimeRNdivg4tL1ff)]
[2m2025-03-25T07:54:43.306825Z[0m [32m INFO[0m [1mnode[0m[1m{[0m[3mname[0m[2m=[0mk#8dcff6d1..[1m}[0m[2m:[0m[1maugment_epoch_last_checkpoint[0m[2m:[0m[1mcreate_and_execute_advance_epoch_tx[0m[2m:[0m [2msui_core::authority[0m[2m:[0m [2mcrates/sui-core/src/authority.rs[0m[2m:[0m[2m4784:[0m support for upgrade [3mtotal_votes[0m[2m=[0m10000 [3mquorum_threshold[0m[2m=[0m6667 [3mbuffer_stake_bps[0m[2m=[0m5000 [3meffective_threshold[0m[2m=[0m8334 [3mproposed_protocol_version[0m[2m=[0mProtocolVersion(70) [3mpackages[0m[2m=[0m[(0x0000000000000000000000000000000000000000000000000000000000000001, SequenceNumber(1), o#96Jb9mkzfqNLYnEMpVxB5dqrKbBaj23w7iXPjTYFdrQw), (0x0000000000000000000000000000000000000000000000000000000000000002, SequenceNumber(2), o#26xJj5urud1ErPtdD9Ak2uWtBGmzeb1ixJimJbkEhqzi), (0x0000000000000000000000000000000000000000000000000000000000000003, SequenceNumber(2), o#DF5dfASe4ZDkSCbUKiNv6i44DUPQSgtpV7BoPFJxNLcu), (0x000000000000000000000000000000000000000000000000000000000000000b, SequenceNumber(2), o#8vwgz9iNeskH5LiGvDEfqFhuxwuiUVnKJBbDthPcVcK1), (0x00000000000000000000000000000000000000000000000000000000000000c8, SequenceNumber(2), o#8mxAzFggYWTk2EcWLVbvhGohJUAeKimeRNdivg4tL1ff)]
[2m2025-03-25T07:54:43.306836Z[0m [32m INFO[0m [1mnode[0m[1m{[0m[3mname[0m[2m=[0mk#99f25ef6..[1m}[0m[2m:[0m[1maugment_epoch_last_checkpoint[0m[2m:[0m[1mcreate_and_execute_advance_epoch_tx[0m[2m:[0m [2msui_core::authority[0m[2m:[0m [2mcrates/sui-core/src/authority.rs[0m[2m:[0m[2m4784:[0m support for upgrade [3mtotal_votes[0m[2m=[0m10000 [3mquorum_threshold[0m[2m=[0m6667 [3mbuffer_stake_bps[0m[2m=[0m5000 [3meffective_threshold[0m[2m=[0m8334 [3mproposed_protocol_version[0m[2m=[0mProtocolVersion(70) [3mpackages[0m[2m=[0m[(0x0000000000000000000000000000000000000000000000000000000000000001, SequenceNumber(1), o#96Jb9mkzfqNLYnEMpVxB5dqrKbBaj23w7iXPjTYFdrQw), (0x0000000000000000000000000000000000000000000000000000000000000002, SequenceNumber(2), o#26xJj5urud1ErPtdD9Ak2uWtBGmzeb1ixJimJbkEhqzi), (0x0000000000000000000000000000000000000000000000000000000000000003, SequenceNumber(2), o#DF5dfASe4ZDkSCbUKiNv6i44DUPQSgtpV7BoPFJxNLcu), (0x000000000000000000000000000000000000000000000000000000000000000b, SequenceNumber(2), o#8vwgz9iNeskH5LiGvDEfqFhuxwuiUVnKJBbDthPcVcK1), (0x00000000000000000000000000000000000000000000000000000000000000c8, SequenceNumber(2), o#8mxAzFggYWTk2EcWLVbvhGohJUAeKimeRNdivg4tL1ff)]
[2m2025-03-25T07:54:43.306877Z[0m [32m INFO[0m [1mnode[0m[1m{[0m[3mname[0m[2m=[0mk#8dcff6d1..[1m}[0m[2m:[0m[1maugment_epoch_last_checkpoint[0m[2m:[0m[1mcreate_and_execute_advance_epoch_tx[0m[2m:[0m [2msui_core::authority[0m[2m:[0m [2mcrates/sui-core/src/authority.rs[0m[2m:[0m[2m4743:[0m validator k#8dcff6d1.. supports SupportedProtocolVersions { min: ProtocolVersion(1), max: ProtocolVersion(70) } with system packages: [(0x0000000000000000000000000000000000000000000000000000000000000001, SequenceNumber(1), o#96Jb9mkzfqNLYnEMpVxB5dqrKbBaj23w7iXPjTYFdrQw), (0x0000000000000000000000000000000000000000000000000000000000000002, SequenceNumber(2), o#26xJj5urud1ErPtdD9Ak2uWtBGmzeb1ixJimJbkEhqzi), (0x0000000000000000000000000000000000000000000000000000000000000003, SequenceNumber(2), o#DF5dfASe4ZDkSCbUKiNv6i44DUPQSgtpV7BoPFJxNLcu), (0x000000000000000000000000000000000000000000000000000000000000000b, SequenceNumber(2), o#8vwgz9iNeskH5LiGvDEfqFhuxwuiUVnKJBbDthPcVcK1), (0x00000000000000000000000000000000000000000000000000000000000000c8, SequenceNumber(2), o#8mxAzFggYWTk2EcWLVbvhGohJUAeKimeRNdivg4tL1ff)]
[2m2025-03-25T07:54:43.306887Z[0m [32m INFO[0m [1mnode[0m[1m{[0m[3mname[0m[2m=[0mk#99f25ef6..[1m}[0m[2m:[0m[1maugment_epoch_last_checkpoint[0m[2m:[0m[1mcreate_and_execute_advance_epoch_tx[0m[2m:[0m [2msui_core::authority[0m[2m:[0m [2mcrates/sui-core/src/authority.rs[0m[2m:[0m[2m4743:[0m validator k#8dcff6d1.. supports SupportedProtocolVersions { min: ProtocolVersion(1), max: ProtocolVersion(70) } with system packages: [(0x0000000000000000000000000000000000000000000000000000000000000001, SequenceNumber(1), o#96Jb9mkzfqNLYnEMpVxB5dqrKbBaj23w7iXPjTYFdrQw), (0x0000000000000000000000000000000000000000000000000000000000000002, SequenceNumber(2), o#26xJj5urud1ErPtdD9Ak2uWtBGmzeb1ixJimJbkEhqzi), (0x0000000000000000000000000000000000000000000000000000000000000003, SequenceNumber(2), o#DF5dfASe4ZDkSCbUKiNv6i44DUPQSgtpV7BoPFJxNLcu), (0x000000000000000000000000000000000000000000000000000000000000000b, SequenceNumber(2), o#8vwgz9iNeskH5LiGvDEfqFhuxwuiUVnKJBbDthPcVcK1), (0x00000000000000000000000000000000000000000000000000000000000000c8, SequenceNumber(2), o#8mxAzFggYWTk2EcWLVbvhGohJUAeKimeRNdivg4tL1ff)]
[2m2025-03-25T07:54:43.306925Z[0m [32m INFO[0m [1mnode[0m[1m{[0m[3mname[0m[2m=[0mk#8dcff6d1..[1m}[0m[2m:[0m[1maugment_epoch_last_checkpoint[0m[2m:[0m[1mcreate_and_execute_advance_epoch_tx[0m[2m:[0m [2msui_core::authority[0m[2m:[0m [2mcrates/sui-core/src/authority.rs[0m[2m:[0m[2m4743:[0m validator k#99f25ef6.. supports SupportedProtocolVersions { min: ProtocolVersion(1), max: ProtocolVersion(70) } with system packages: [(0x0000000000000000000000000000000000000000000000000000000000000001, SequenceNumber(1), o#96Jb9mkzfqNLYnEMpVxB5dqrKbBaj23w7iXPjTYFdrQw), (0x0000000000000000000000000000000000000000000000000000000000000002, SequenceNumber(2), o#26xJj5urud1ErPtdD9Ak2uWtBGmzeb1ixJimJbkEhqzi), (0x0000000000000000000000000000000000000000000000000000000000000003, SequenceNumber(2), o#DF5dfASe4ZDkSCbUKiNv6i44DUPQSgtpV7BoPFJxNLcu), (0x000000000000000000000000000000000000000000000000000000000000000b, SequenceNumber(2), o#8vwgz9iNeskH5LiGvDEfqFhuxwuiUVnKJBbDthPcVcK1), (0x00000000000000000000000000000000000000000000000000000000000000c8, SequenceNumber(2), o#8mxAzFggYWTk2EcWLVbvhGohJUAeKimeRNdivg4tL1ff)]
[2m2025-03-25T07:54:43.306934Z[0m [32m INFO[0m [1mnode[0m[1m{[0m[3mname[0m[2m=[0mk#99f25ef6..[1m}[0m[2m:[0m[1maugment_epoch_last_checkpoint[0m[2m:[0m[1mcreate_and_execute_advance_epoch_tx[0m[2m:[0m [2msui_core::authority[0m[2m:[0m [2mcrates/sui-core/src/authority.rs[0m[2m:[0m[2m4743:[0m validator k#99f25ef6.. supports SupportedProtocolVersions { min: ProtocolVersion(1), max: ProtocolVersion(70) } with system packages: [(0x0000000000000000000000000000000000000000000000000000000000000001, SequenceNumber(1), o#96Jb9mkzfqNLYnEMpVxB5dqrKbBaj23w7iXPjTYFdrQw), (0x0000000000000000000000000000000000000000000000000000000000000002, SequenceNumber(2), o#26xJj5urud1ErPtdD9Ak2uWtBGmzeb1ixJimJbkEhqzi), (0x0000000000000000000000000000000000000000000000000000000000000003, SequenceNumber(2), o#DF5dfASe4ZDkSCbUKiNv6i44DUPQSgtpV7BoPFJxNLcu), (0x000000000000000000000000000000000000000000000000000000000000000b, SequenceNumber(2), o#8vwgz9iNeskH5LiGvDEfqFhuxwuiUVnKJBbDthPcVcK1), (0x00000000000000000000000000000000000000000000000000000000000000c8, SequenceNumber(2), o#8mxAzFggYWTk2EcWLVbvhGohJUAeKimeRNdivg4tL1ff)]
[2m2025-03-25T07:54:43.306972Z[0m [32m INFO[0m [1mnode[0m[1m{[0m[3mname[0m[2m=[0mk#8dcff6d1..[1m}[0m[2m:[0m[1maugment_epoch_last_checkpoint[0m[2m:[0m[1mcreate_and_execute_advance_epoch_tx[0m[2m:[0m [2msui_core::authority[0m[2m:[0m [2mcrates/sui-core/src/authority.rs[0m[2m:[0m[2m4743:[0m validator k#addeef94.. supports SupportedProtocolVersions { min: ProtocolVersion(1), max: ProtocolVersion(70) } with system packages: [(0x0000000000000000000000000000000000000000000000000000000000000001, SequenceNumber(1), o#96Jb9mkzfqNLYnEMpVxB5dqrKbBaj23w7iXPjTYFdrQw), (0x0000000000000000000000000000000000000000000000000000000000000002, SequenceNumber(2), o#26xJj5urud1ErPtdD9Ak2uWtBGmzeb1ixJimJbkEhqzi), (0x0000000000000000000000000000000000000000000000000000000000000003, SequenceNumber(2), o#DF5dfASe4ZDkSCbUKiNv6i44DUPQSgtpV7BoPFJxNLcu), (0x000000000000000000000000000000000000000000000000000000000000000b, SequenceNumber(2), o#8vwgz9iNeskH5LiGvDEfqFhuxwuiUVnKJBbDthPcVcK1), (0x00000000000000000000000000000000000000000000000000000000000000c8, SequenceNumber(2), o#8mxAzFggYWTk2EcWLVbvhGohJUAeKimeRNdivg4tL1ff)]
[2m2025-03-25T07:54:43.307020Z[0m [32m INFO[0m [1mnode[0m[1m{[0m[3mname[0m[2m=[0mk#8dcff6d1..[1m}[0m[2m:[0m[1maugment_epoch_last_checkpoint[0m[2m:[0m[1mcreate_and_execute_advance_epoch_tx[0m[2m:[0m [2msui_core::authority[0m[2m:[0m [2mcrates/sui-core/src/authority.rs[0m[2m:[0m[2m5152:[0m ===========protocol: 46 detecting next version:47
[2m2025-03-25T07:54:43.306981Z[0m [32m INFO[0m [1mnode[0m[1m{[0m[3mname[0m[2m=[0mk#99f25ef6..[1m}[0m[2m:[0m[1maugment_epoch_last_checkpoint[0m[2m:[0m[1mcreate_and_execute_advance_epoch_tx[0m[2m:[0m [2msui_core::authority[0m[2m:[0m [2mcrates/sui-core/src/authority.rs[0m[2m:[0m[2m4743:[0m validator k#addeef94.. supports SupportedProtocolVersions { min: ProtocolVersion(1), max: ProtocolVersion(70) } with system packages: [(0x0000000000000000000000000000000000000000000000000000000000000001, SequenceNumber(1), o#96Jb9mkzfqNLYnEMpVxB5dqrKbBaj23w7iXPjTYFdrQw), (0x0000000000000000000000000000000000000000000000000000000000000002, SequenceNumber(2), o#26xJj5urud1ErPtdD9Ak2uWtBGmzeb1ixJimJbkEhqzi), (0x0000000000000000000000000000000000000000000000000000000000000003, SequenceNumber(2), o#DF5dfASe4ZDkSCbUKiNv6i44DUPQSgtpV7BoPFJxNLcu), (0x000000000000000000000000000000000000000000000000000000000000000b, SequenceNumber(2), o#8vwgz9iNeskH5LiGvDEfqFhuxwuiUVnKJBbDthPcVcK1), (0x00000000000000000000000000000000000000000000000000000000000000c8, SequenceNumber(2), o#8mxAzFggYWTk2EcWLVbvhGohJUAeKimeRNdivg4tL1ff)]
[2m2025-03-25T07:54:43.307028Z[0m [32m INFO[0m [1mnode[0m[1m{[0m[3mname[0m[2m=[0mk#8dcff6d1..[1m}[0m[2m:[0m[1maugment_epoch_last_checkpoint[0m[2m:[0m[1mcreate_and_execute_advance_epoch_tx[0m[2m:[0m [2msui_core::authority[0m[2m:[0m [2mcrates/sui-core/src/authority.rs[0m[2m:[0m[2m5153:[0m ===========system package size 5
[2m2025-03-25T07:54:43.307030Z[0m [32m INFO[0m [1mnode[0m[1m{[0m[3mname[0m[2m=[0mk#99f25ef6..[1m}[0m[2m:[0m[1maugment_epoch_last_checkpoint[0m[2m:[0m[1mcreate_and_execute_advance_epoch_tx[0m[2m:[0m [2msui_core::authority[0m[2m:[0m [2mcrates/sui-core/src/authority.rs[0m[2m:[0m[2m5152:[0m ===========protocol: 46 detecting next version:47
[2m2025-03-25T07:54:43.307039Z[0m [32m INFO[0m [1mnode[0m[1m{[0m[3mname[0m[2m=[0mk#99f25ef6..[1m}[0m[2m:[0m[1maugment_epoch_last_checkpoint[0m[2m:[0m[1mcreate_and_execute_advance_epoch_tx[0m[2m:[0m [2msui_core::authority[0m[2m:[0m [2mcrates/sui-core/src/authority.rs[0m[2m:[0m[2m5153:[0m ===========system package size 5
[2m2025-03-25T07:54:43.308307Z[0m [32m INFO[0m [1mnode[0m[1m{[0m[3mname[0m[2m=[0mk#8dcff6d1..[1m}[0m[2m:[0m[1maugment_epoch_last_checkpoint[0m[2m:[0m[1mcreate_and_execute_advance_epoch_tx[0m[2m:[0m [2msui_core::authority[0m[2m:[0m [2mcrates/sui-core/src/authority.rs[0m[2m:[0m[2m4660:[0m Framework 0x0000000000000000000000000000000000000000000000000000000000000001 does not need updating
[2m2025-03-25T07:54:43.308344Z[0m [32m INFO[0m [1mnode[0m[1m{[0m[3mname[0m[2m=[0mk#99f25ef6..[1m}[0m[2m:[0m[1maugment_epoch_last_checkpoint[0m[2m:[0m[1mcreate_and_execute_advance_epoch_tx[0m[2m:[0m [2msui_core::authority[0m[2m:[0m [2mcrates/sui-core/src/authority.rs[0m[2m:[0m[2m4660:[0m Framework 0x0000000000000000000000000000000000000000000000000000000000000001 does not need updating
[2m2025-03-25T07:54:43.362877Z[0m [32m INFO[0m [1mnode[0m[1m{[0m[3mname[0m[2m=[0mk#addeef94..[1m}[0m[2m:[0m[1maugment_epoch_last_checkpoint[0m[2m:[0m[1mcreate_and_execute_advance_epoch_tx[0m[2m:[0m [2msui_core::authority[0m[2m:[0m [2mcrates/sui-core/src/authority.rs[0m[2m:[0m[2m5239:[0m Creating advance epoch transaction [3mnext_epoch[0m[2m=[0m1 [3mnext_epoch_protocol_version[0m[2m=[0mProtocolVersion(70) [3mnext_epoch_system_packages[0m[2m=[0m[(0x0000000000000000000000000000000000000000000000000000000000000001, SequenceNumber(1), o#96Jb9mkzfqNLYnEMpVxB5dqrKbBaj23w7iXPjTYFdrQw), (0x0000000000000000000000000000000000000000000000000000000000000002, SequenceNumber(2), o#26xJj5urud1ErPtdD9Ak2uWtBGmzeb1ixJimJbkEhqzi), (0x0000000000000000000000000000000000000000000000000000000000000003, SequenceNumber(2), o#DF5dfASe4ZDkSCbUKiNv6i44DUPQSgtpV7BoPFJxNLcu), (0x000000000000000000000000000000000000000000000000000000000000000b, SequenceNumber(2), o#8vwgz9iNeskH5LiGvDEfqFhuxwuiUVnKJBbDthPcVcK1), (0x00000000000000000000000000000000000000000000000000000000000000c8, SequenceNumber(2), o#8mxAzFggYWTk2EcWLVbvhGohJUAeKimeRNdivg4tL1ff)] [3mcomputation_cost[0m[2m=[0m1300000 [3mstorage_cost[0m[2m=[0m212473200 [3mstorage_rebate[0m[2m=[0m69724908 [3mnon_refundable_storage_fee[0m[2m=[0m704292 [3mstable_gas_cost_summarys[0m[2m=[0m{} [3mtx_digest[0m[2m=[0mTransactionDigest(CZjVMajkjNeXkGbaU9Qh53fY16SGcTTLrfPAMkNjAa2G)
[2m2025-03-25T07:54:43.364598Z[0m [33m WARN[0m [1mnode[0m[1m{[0m[3mname[0m[2m=[0mk#addeef94..[1m}[0m[2m:[0m[1maugment_epoch_last_checkpoint[0m[2m:[0m[1mcreate_and_execute_advance_epoch_tx[0m[2m:[0m [2msui_adapter_latest::execution_engine::checked[0m[2m:[0m [2msui-execution/latest/sui-adapter/src/execution_engine.rs[0m[2m:[0m[2m1553:[0m Failed to get oracle price, Error: Some(SuiSystemStateReadError("Oracle address not found"))
[2m2025-03-25T07:54:43.364633Z[0m [32m INFO[0m [1mnode[0m[1m{[0m[3mname[0m[2m=[0mk#addeef94..[1m}[0m[2m:[0m[1maugment_epoch_last_checkpoint[0m[2m:[0m[1mcreate_and_execute_advance_epoch_tx[0m[2m:[0m [2msui_adapter_latest::execution_engine::checked[0m[2m:[0m [2msui-execution/latest/sui-adapter/src/execution_engine.rs[0m[2m:[0m[2m938:[0m Call arguments to bfc round transaction: 1
[2m2025-03-25T07:54:43.364670Z[0m [32m INFO[0m [1mnode[0m[1m{[0m[3mname[0m[2m=[0mk#addeef94..[1m}[0m[2m:[0m[1maugment_epoch_last_checkpoint[0m[2m:[0m[1mcreate_and_execute_advance_epoch_tx[0m[2m:[0m [2msui_adapter_latest::execution_engine::checked[0m[2m:[0m [2msui-execution/latest/sui-adapter/src/execution_engine.rs[0m[2m:[0m[2m838:[0m Call arguments to advance_epoch transaction: AdvanceEpochParams { epoch: 1, next_protocol_version: ProtocolVersion(70), storage_charge: 212473200, computation_charge: 1300000, storage_rebate: 69724908, non_refundable_storage_fee: 704292, storage_fund_reinvest_rate: 500, reward_slashing_rate: 10000, epoch_start_timestamp_ms: 1742889282570 }
[2m2025-03-25T07:54:43.367549Z[0m [32m INFO[0m [1mnode[0m[1m{[0m[3mname[0m[2m=[0mk#99f25ef6..[1m}[0m[2m:[0m[1maugment_epoch_last_checkpoint[0m[2m:[0m[1mcreate_and_execute_advance_epoch_tx[0m[2m:[0m [2msui_core::authority[0m[2m:[0m [2mcrates/sui-core/src/authority.rs[0m[2m:[0m[2m5239:[0m Creating advance epoch transaction [3mnext_epoch[0m[2m=[0m1 [3mnext_epoch_protocol_version[0m[2m=[0mProtocolVersion(70) [3mnext_epoch_system_packages[0m[2m=[0m[(0x0000000000000000000000000000000000000000000000000000000000000001, SequenceNumber(1), o#96Jb9mkzfqNLYnEMpVxB5dqrKbBaj23w7iXPjTYFdrQw), (0x0000000000000000000000000000000000000000000000000000000000000002, SequenceNumber(2), o#26xJj5urud1ErPtdD9Ak2uWtBGmzeb1ixJimJbkEhqzi), (0x0000000000000000000000000000000000000000000000000000000000000003, SequenceNumber(2), o#DF5dfASe4ZDkSCbUKiNv6i44DUPQSgtpV7BoPFJxNLcu), (0x000000000000000000000000000000000000000000000000000000000000000b, SequenceNumber(2), o#8vwgz9iNeskH5LiGvDEfqFhuxwuiUVnKJBbDthPcVcK1), (0x00000000000000000000000000000000000000000000000000000000000000c8, SequenceNumber(2), o#8mxAzFggYWTk2EcWLVbvhGohJUAeKimeRNdivg4tL1ff)] [3mcomputation_cost[0m[2m=[0m1300000 [3mstorage_cost[0m[2m=[0m212473200 [3mstorage_rebate[0m[2m=[0m69724908 [3mnon_refundable_storage_fee[0m[2m=[0m704292 [3mstable_gas_cost_summarys[0m[2m=[0m{} [3mtx_digest[0m[2m=[0mTransactionDigest(CZjVMajkjNeXkGbaU9Qh53fY16SGcTTLrfPAMkNjAa2G)
[2m2025-03-25T07:54:43.367608Z[0m [32m INFO[0m [1mnode[0m[1m{[0m[3mname[0m[2m=[0mk#8dcff6d1..[1m}[0m[2m:[0m[1maugment_epoch_last_checkpoint[0m[2m:[0m[1mcreate_and_execute_advance_epoch_tx[0m[2m:[0m [2msui_core::authority[0m[2m:[0m [2mcrates/sui-core/src/authority.rs[0m[2m:[0m[2m5239:[0m Creating advance epoch transaction [3mnext_epoch[0m[2m=[0m1 [3mnext_epoch_protocol_version[0m[2m=[0mProtocolVersion(70) [3mnext_epoch_system_packages[0m[2m=[0m[(0x0000000000000000000000000000000000000000000000000000000000000001, SequenceNumber(1), o#96Jb9mkzfqNLYnEMpVxB5dqrKbBaj23w7iXPjTYFdrQw), (0x0000000000000000000000000000000000000000000000000000000000000002, SequenceNumber(2), o#26xJj5urud1ErPtdD9Ak2uWtBGmzeb1ixJimJbkEhqzi), (0x0000000000000000000000000000000000000000000000000000000000000003, SequenceNumber(2), o#DF5dfASe4ZDkSCbUKiNv6i44DUPQSgtpV7BoPFJxNLcu), (0x000000000000000000000000000000000000000000000000000000000000000b, SequenceNumber(2), o#8vwgz9iNeskH5LiGvDEfqFhuxwuiUVnKJBbDthPcVcK1), (0x00000000000000000000000000000000000000000000000000000000000000c8, SequenceNumber(2), o#8mxAzFggYWTk2EcWLVbvhGohJUAeKimeRNdivg4tL1ff)] [3mcomputation_cost[0m[2m=[0m1300000 [3mstorage_cost[0m[2m=[0m212473200 [3mstorage_rebate[0m[2m=[0m69724908 [3mnon_refundable_storage_fee[0m[2m=[0m704292 [3mstable_gas_cost_summarys[0m[2m=[0m{} [3mtx_digest[0m[2m=[0mTransactionDigest(CZjVMajkjNeXkGbaU9Qh53fY16SGcTTLrfPAMkNjAa2G)
[2m2025-03-25T07:54:43.368776Z[0m [33m WARN[0m [1mnode[0m[1m{[0m[3mname[0m[2m=[0mk#8dcff6d1..[1m}[0m[2m:[0m[1maugment_epoch_last_checkpoint[0m[2m:[0m[1mcreate_and_execute_advance_epoch_tx[0m[2m:[0m [2msui_adapter_latest::execution_engine::checked[0m[2m:[0m [2msui-execution/latest/sui-adapter/src/execution_engine.rs[0m[2m:[0m[2m1553:[0m Failed to get oracle price, Error: Some(SuiSystemStateReadError("Oracle address not found"))
[2m2025-03-25T07:54:43.368789Z[0m [33m WARN[0m [1mnode[0m[1m{[0m[3mname[0m[2m=[0mk#99f25ef6..[1m}[0m[2m:[0m[1maugment_epoch_last_checkpoint[0m[2m:[0m[1mcreate_and_execute_advance_epoch_tx[0m[2m:[0m [2msui_adapter_latest::execution_engine::checked[0m[2m:[0m [2msui-execution/latest/sui-adapter/src/execution_engine.rs[0m[2m:[0m[2m1553:[0m Failed to get oracle price, Error: Some(SuiSystemStateReadError("Oracle address not found"))
[2m2025-03-25T07:54:43.368796Z[0m [32m INFO[0m [1mnode[0m[1m{[0m[3mname[0m[2m=[0mk#8dcff6d1..[1m}[0m[2m:[0m[1maugment_epoch_last_checkpoint[0m[2m:[0m[1mcreate_and_execute_advance_epoch_tx[0m[2m:[0m [2msui_adapter_latest::execution_engine::checked[0m[2m:[0m [2msui-execution/latest/sui-adapter/src/execution_engine.rs[0m[2m:[0m[2m938:[0m Call arguments to bfc round transaction: 1
[2m2025-03-25T07:54:43.368810Z[0m [32m INFO[0m [1mnode[0m[1m{[0m[3mname[0m[2m=[0mk#99f25ef6..[1m}[0m[2m:[0m[1maugment_epoch_last_checkpoint[0m[2m:[0m[1mcreate_and_execute_advance_epoch_tx[0m[2m:[0m [2msui_adapter_latest::execution_engine::checked[0m[2m:[0m [2msui-execution/latest/sui-adapter/src/execution_engine.rs[0m[2m:[0m[2m938:[0m Call arguments to bfc round transaction: 1
[2m2025-03-25T07:54:43.368831Z[0m [32m INFO[0m [1mnode[0m[1m{[0m[3mname[0m[2m=[0mk#8dcff6d1..[1m}[0m[2m:[0m[1maugment_epoch_last_checkpoint[0m[2m:[0m[1mcreate_and_execute_advance_epoch_tx[0m[2m:[0m [2msui_adapter_latest::execution_engine::checked[0m[2m:[0m [2msui-execution/latest/sui-adapter/src/execution_engine.rs[0m[2m:[0m[2m838:[0m Call arguments to advance_epoch transaction: AdvanceEpochParams { epoch: 1, next_protocol_version: ProtocolVersion(70), storage_charge: 212473200, computation_charge: 1300000, storage_rebate: 69724908, non_refundable_storage_fee: 704292, storage_fund_reinvest_rate: 500, reward_slashing_rate: 10000, epoch_start_timestamp_ms: 1742889282570 }
[2m2025-03-25T07:54:43.368841Z[0m [32m INFO[0m [1mnode[0m[1m{[0m[3mname[0m[2m=[0mk#99f25ef6..[1m}[0m[2m:[0m[1maugment_epoch_last_checkpoint[0m[2m:[0m[1mcreate_and_execute_advance_epoch_tx[0m[2m:[0m [2msui_adapter_latest::execution_engine::checked[0m[2m:[0m [2msui-execution/latest/sui-adapter/src/execution_engine.rs[0m[2m:[0m[2m838:[0m Call arguments to advance_epoch transaction: AdvanceEpochParams { epoch: 1, next_protocol_version: ProtocolVersion(70), storage_charge: 212473200, computation_charge: 1300000, storage_rebate: 69724908, non_refundable_storage_fee: 704292, storage_fund_reinvest_rate: 500, reward_slashing_rate: 10000, epoch_start_timestamp_ms: 1742889282570 }
[2m2025-03-25T07:54:43.610586Z[0m [32m INFO[0m [1mnode[0m[1m{[0m[3mname[0m[2m=[0mk#addeef94..[1m}[0m[2m:[0m[1maugment_epoch_last_checkpoint[0m[2m:[0m[1mcreate_and_execute_advance_epoch_tx[0m[2m:[0m [2msui_adapter_latest::execution_engine::checked[0m[2m:[0m [2msui-execution/latest/sui-adapter/src/execution_engine.rs[0m[2m:[0m[2m1265:[0m upgraded system package (0x0000000000000000000000000000000000000000000000000000000000000002, SequenceNumber(2), o#5vKHEC2GkQgKUCg83C4NUMDy8cTwcYkVhzjF4knW2Z6R)
[2m2025-03-25T07:54:43.614643Z[0m [32m INFO[0m [1mnode[0m[1m{[0m[3mname[0m[2m=[0mk#99f25ef6..[1m}[0m[2m:[0m[1maugment_epoch_last_checkpoint[0m[2m:[0m[1mcreate_and_execute_advance_epoch_tx[0m[2m:[0m [2msui_adapter_latest::execution_engine::checked[0m[2m:[0m [2msui-execution/latest/sui-adapter/src/execution_engine.rs[0m[2m:[0m[2m1265:[0m upgraded system package (0x0000000000000000000000000000000000000000000000000000000000000002, SequenceNumber(2), o#5vKHEC2GkQgKUCg83C4NUMDy8cTwcYkVhzjF4knW2Z6R)
[2m2025-03-25T07:54:43.615317Z[0m [32m INFO[0m [1mnode[0m[1m{[0m[3mname[0m[2m=[0mk#8dcff6d1..[1m}[0m[2m:[0m[1maugment_epoch_last_checkpoint[0m[2m:[0m[1mcreate_and_execute_advance_epoch_tx[0m[2m:[0m [2msui_adapter_latest::execution_engine::checked[0m[2m:[0m [2msui-execution/latest/sui-adapter/src/execution_engine.rs[0m[2m:[0m[2m1265:[0m upgraded system package (0x0000000000000000000000000000000000000000000000000000000000000002, SequenceNumber(2), o#5vKHEC2GkQgKUCg83C4NUMDy8cTwcYkVhzjF4knW2Z6R)
[2m2025-03-25T07:54:43.618271Z[0m [32m INFO[0m [1mnode[0m[1m{[0m[3mname[0m[2m=[0mk#addeef94..[1m}[0m[2m:[0m[1maugment_epoch_last_checkpoint[0m[2m:[0m[1mcreate_and_execute_advance_epoch_tx[0m[2m:[0m [2msui_adapter_latest::execution_engine::checked[0m[2m:[0m [2msui-execution/latest/sui-adapter/src/execution_engine.rs[0m[2m:[0m[2m1265:[0m upgraded system package (0x0000000000000000000000000000000000000000000000000000000000000003, SequenceNumber(2), o#9Bzszwhj3hrhNbiSeGiaUXHUu9QqWBwqgAjxASZwA79T)
[2m2025-03-25T07:54:43.621896Z[0m [32m INFO[0m [1mnode[0m[1m{[0m[3mname[0m[2m=[0mk#addeef94..[1m}[0m[2m:[0m[1maugment_epoch_last_checkpoint[0m[2m:[0m[1mcreate_and_execute_advance_epoch_tx[0m[2m:[0m [2msui_adapter_latest::execution_engine::checked[0m[2m:[0m [2msui-execution/latest/sui-adapter/src/execution_engine.rs[0m[2m:[0m[2m1265:[0m upgraded system package (0x000000000000000000000000000000000000000000000000000000000000000b, SequenceNumber(2), o#2u7iZbKqeCefn4DioNR4X6FuGfVBCErkLW6Kpo7RZmLq)
[2m2025-03-25T07:54:43.622280Z[0m [32m INFO[0m [1mnode[0m[1m{[0m[3mname[0m[2m=[0mk#99f25ef6..[1m}[0m[2m:[0m[1maugment_epoch_last_checkpoint[0m[2m:[0m[1mcreate_and_execute_advance_epoch_tx[0m[2m:[0m [2msui_adapter_latest::execution_engine::checked[0m[2m:[0m [2msui-execution/latest/sui-adapter/src/execution_engine.rs[0m[2m:[0m[2m1265:[0m upgraded system package (0x0000000000000000000000000000000000000000000000000000000000000003, SequenceNumber(2), o#9Bzszwhj3hrhNbiSeGiaUXHUu9QqWBwqgAjxASZwA79T)
[2m2025-03-25T07:54:43.622931Z[0m [32m INFO[0m [1mnode[0m[1m{[0m[3mname[0m[2m=[0mk#8dcff6d1..[1m}[0m[2m:[0m[1maugment_epoch_last_checkpoint[0m[2m:[0m[1mcreate_and_execute_advance_epoch_tx[0m[2m:[0m [2msui_adapter_latest::execution_engine::checked[0m[2m:[0m [2msui-execution/latest/sui-adapter/src/execution_engine.rs[0m[2m:[0m[2m1265:[0m upgraded system package (0x0000000000000000000000000000000000000000000000000000000000000003, SequenceNumber(2), o#9Bzszwhj3hrhNbiSeGiaUXHUu9QqWBwqgAjxASZwA79T)
[2m2025-03-25T07:54:43.625892Z[0m [32m INFO[0m [1mnode[0m[1m{[0m[3mname[0m[2m=[0mk#99f25ef6..[1m}[0m[2m:[0m[1maugment_epoch_last_checkpoint[0m[2m:[0m[1mcreate_and_execute_advance_epoch_tx[0m[2m:[0m [2msui_adapter_latest::execution_engine::checked[0m[2m:[0m [2msui-execution/latest/sui-adapter/src/execution_engine.rs[0m[2m:[0m[2m1265:[0m upgraded system package (0x000000000000000000000000000000000000000000000000000000000000000b, SequenceNumber(2), o#2u7iZbKqeCefn4DioNR4X6FuGfVBCErkLW6Kpo7RZmLq)
[2m2025-03-25T07:54:43.626537Z[0m [32m INFO[0m [1mnode[0m[1m{[0m[3mname[0m[2m=[0mk#8dcff6d1..[1m}[0m[2m:[0m[1maugment_epoch_last_checkpoint[0m[2m:[0m[1mcreate_and_execute_advance_epoch_tx[0m[2m:[0m [2msui_adapter_latest::execution_engine::checked[0m[2m:[0m [2msui-execution/latest/sui-adapter/src/execution_engine.rs[0m[2m:[0m[2m1265:[0m upgraded system package (0x000000000000000000000000000000000000000000000000000000000000000b, SequenceNumber(2), o#2u7iZbKqeCefn4DioNR4X6FuGfVBCErkLW6Kpo7RZmLq)
[2m2025-03-25T07:54:43.633224Z[0m [32m INFO[0m [1mnode[0m[1m{[0m[3mname[0m[2m=[0mk#addeef94..[1m}[0m[2m:[0m[1maugment_epoch_last_checkpoint[0m[2m:[0m[1mcreate_and_execute_advance_epoch_tx[0m[2m:[0m [2msui_adapter_latest::execution_engine::checked[0m[2m:[0m [2msui-execution/latest/sui-adapter/src/execution_engine.rs[0m[2m:[0m[2m1265:[0m upgraded system package (0x00000000000000000000000000000000000000000000000000000000000000c8, SequenceNumber(2), o#2TYk2oyyHbsNv1bR7jCYed6uyR86PTo5AajvrgGFYzTx)
[2m2025-03-25T07:54:43.637242Z[0m [32m INFO[0m [1mnode[0m[1m{[0m[3mname[0m[2m=[0mk#99f25ef6..[1m}[0m[2m:[0m[1maugment_epoch_last_checkpoint[0m[2m:[0m[1mcreate_and_execute_advance_epoch_tx[0m[2m:[0m [2msui_adapter_latest::execution_engine::checked[0m[2m:[0m [2msui-execution/latest/sui-adapter/src/execution_engine.rs[0m[2m:[0m[2m1265:[0m upgraded system package (0x00000000000000000000000000000000000000000000000000000000000000c8, SequenceNumber(2), o#2TYk2oyyHbsNv1bR7jCYed6uyR86PTo5AajvrgGFYzTx)
[2m2025-03-25T07:54:43.637862Z[0m [32m INFO[0m [1mnode[0m[1m{[0m[3mname[0m[2m=[0mk#8dcff6d1..[1m}[0m[2m:[0m[1maugment_epoch_last_checkpoint[0m[2m:[0m[1mcreate_and_execute_advance_epoch_tx[0m[2m:[0m [2msui_adapter_latest::execution_engine::checked[0m[2m:[0m [2msui-execution/latest/sui-adapter/src/execution_engine.rs[0m[2m:[0m[2m1265:[0m upgraded system package (0x00000000000000000000000000000000000000000000000000000000000000c8, SequenceNumber(2), o#2TYk2oyyHbsNv1bR7jCYed6uyR86PTo5AajvrgGFYzTx)
[2m2025-03-25T07:54:43.813067Z[0m [31mERROR[0m [2mmysten_metrics::thread_stall_monitor[0m[2m:[0m [2mcrates/mysten-metrics/src/thread_stall_monitor.rs[0m[2m:[0m[2m43:[0m Thread stalled for 511ms
[2m2025-03-25T07:54:43.967175Z[0m [32m INFO[0m [1mnode[0m[1m{[0m[3mname[0m[2m=[0mk#addeef94..[1m}[0m[2m:[0m[1maugment_epoch_last_checkpoint[0m[2m:[0m[1mcreate_and_execute_advance_epoch_tx[0m[2m:[0m [2msui_core::authority[0m[2m:[0m [2mcrates/sui-core/src/authority.rs[0m[2m:[0m[2m5302:[0m Effects summary of the change epoch transaction: TransactionEffectsDebugSummary { bcs_size: 19630, status: Success, gas_used: GasCostSummary { base_point: 0, rate: 0, computation_cost: 0, storage_cost: 0, storage_rebate: 0, non_refundable_storage_fee: 0 }, transaction_digest: TransactionDigest(CZjVMajkjNeXkGbaU9Qh53fY16SGcTTLrfPAMkNjAa2G), created_object_count: 58, mutated_object_count: 79, unwrapped_object_count: 0, deleted_object_count: 1, wrapped_object_count: 0, dependency_count: 4 }
[2m2025-03-25T07:54:43.971083Z[0m [32m INFO[0m [1mnode[0m[1m{[0m[3mname[0m[2m=[0mk#99f25ef6..[1m}[0m[2m:[0m[1maugment_epoch_last_checkpoint[0m[2m:[0m[1mcreate_and_execute_advance_epoch_tx[0m[2m:[0m [2msui_core::authority[0m[2m:[0m [2mcrates/sui-core/src/authority.rs[0m[2m:[0m[2m5302:[0m Effects summary of the change epoch transaction: TransactionEffectsDebugSummary { bcs_size: 19630, status: Success, gas_used: GasCostSummary { base_point: 0, rate: 0, computation_cost: 0, storage_cost: 0, storage_rebate: 0, non_refundable_storage_fee: 0 }, transaction_digest: TransactionDigest(CZjVMajkjNeXkGbaU9Qh53fY16SGcTTLrfPAMkNjAa2G), created_object_count: 58, mutated_object_count: 79, unwrapped_object_count: 0, deleted_object_count: 1, wrapped_object_count: 0, dependency_count: 4 }
[2m2025-03-25T07:54:43.971633Z[0m [32m INFO[0m [1mnode[0m[1m{[0m[3mname[0m[2m=[0mk#8dcff6d1..[1m}[0m[2m:[0m[1maugment_epoch_last_checkpoint[0m[2m:[0m[1mcreate_and_execute_advance_epoch_tx[0m[2m:[0m [2msui_core::authority[0m[2m:[0m [2mcrates/sui-core/src/authority.rs[0m[2m:[0m[2m5302:[0m Effects summary of the change epoch transaction: TransactionEffectsDebugSummary { bcs_size: 19630, status: Success, gas_used: GasCostSummary { base_point: 0, rate: 0, computation_cost: 0, storage_cost: 0, storage_rebate: 0, non_refundable_storage_fee: 0 }, transaction_digest: TransactionDigest(CZjVMajkjNeXkGbaU9Qh53fY16SGcTTLrfPAMkNjAa2G), created_object_count: 58, mutated_object_count: 79, unwrapped_object_count: 0, deleted_object_count: 1, wrapped_object_count: 0, dependency_count: 4 }
[2m2025-03-25T07:54:43.978785Z[0m [32m INFO[0m [1mnode[0m[1m{[0m[3mname[0m[2m=[0mk#addeef94..[1m}[0m[2m:[0m [2msui_core::state_accumulator[0m[2m:[0m [2mcrates/sui-core/src/state_accumulator.rs[0m[2m:[0m[2m675:[0m accumulating running root for checkpoint 213
[2m2025-03-25T07:54:43.981711Z[0m [32m INFO[0m [1mnode[0m[1m{[0m[3mname[0m[2m=[0mk#addeef94..[1m}[0m[2m:[0m [2msui_core::checkpoints::checkpoint_executor[0m[2m:[0m [2mcrates/sui-core/src/checkpoints/checkpoint_executor/mod.rs[0m[2m:[0m[2m332:[0m Received checkpoint summary from state sync [3msequence_number[0m[2m=[0m210
[2m2025-03-25T07:54:43.981862Z[0m [32m INFO[0m [1mnode[0m[1m{[0m[3mname[0m[2m=[0mk#addeef94..[1m}[0m[2m:[0m [2msui_core::checkpoints::checkpoint_executor[0m[2m:[0m [2mcrates/sui-core/src/checkpoints/checkpoint_executor/mod.rs[0m[2m:[0m[2m332:[0m Received checkpoint summary from state sync [3msequence_number[0m[2m=[0m211
[2m2025-03-25T07:54:43.982492Z[0m [32m INFO[0m [1mnode[0m[1m{[0m[3mname[0m[2m=[0mk#99f25ef6..[1m}[0m[2m:[0m [2msui_core::state_accumulator[0m[2m:[0m [2mcrates/sui-core/src/state_accumulator.rs[0m[2m:[0m[2m675:[0m accumulating running root for checkpoint 213
[2m2025-03-25T07:54:43.982903Z[0m [32m INFO[0m [1mnode[0m[1m{[0m[3mname[0m[2m=[0mk#99f25ef6..[1m}[0m[2m:[0m[1mjwk_updater_task[0m[1m{[0m[3mepoch[0m[2m=[0m0[1m}[0m[2m:[0m [2msui_node[0m[2m:[0m [2mcrates/sui-node/src/lib.rs[0m[2m:[0m[2m376:[0m fetching JWK for provider Arden
[2m2025-03-25T07:54:43.983006Z[0m [32m INFO[0m [1mnode[0m[1m{[0m[3mname[0m[2m=[0mk#8dcff6d1..[1m}[0m[2m:[0m [2msui_core::state_accumulator[0m[2m:[0m [2mcrates/sui-core/src/state_accumulator.rs[0m[2m:[0m[2m675:[0m accumulating running root for checkpoint 213
[2m2025-03-25T07:54:43.983381Z[0m [32m INFO[0m [1mnode[0m[1m{[0m[3mname[0m[2m=[0mk#addeef94..[1m}[0m[2m:[0m [2msui_core::state_accumulator[0m[2m:[0m [2mcrates/sui-core/src/state_accumulator.rs[0m[2m:[0m[2m675:[0m accumulating running root for checkpoint 210
[2m2025-03-25T07:54:43.983390Z[0m [32m INFO[0m [1mnode[0m[1m{[0m[3mname[0m[2m=[0mk#8dcff6d1..[1m}[0m[2m:[0m[1mjwk_updater_task[0m[1m{[0m[3mepoch[0m[2m=[0m0[1m}[0m[2m:[0m [2msui_node[0m[2m:[0m [2mcrates/sui-node/src/lib.rs[0m[2m:[0m[2m376:[0m fetching JWK for provider AwsTenant(("us-east-1", "us-east-1_LPSLCkC3A"))
[2m2025-03-25T07:54:43.983832Z[0m [32m INFO[0m [1mnode[0m[1m{[0m[3mname[0m[2m=[0mk#addeef94..[1m}[0m[2m:[0m [2msui_core::state_accumulator[0m[2m:[0m [2mcrates/sui-core/src/state_accumulator.rs[0m[2m:[0m[2m675:[0m accumulating running root for checkpoint 211
[2m2025-03-25T07:54:43.984502Z[0m [32m INFO[0m [1mnode[0m[1m{[0m[3mname[0m[2m=[0mk#b3f3cbb4..[1m}[0m[2m:[0m [2msui_core::checkpoints::checkpoint_executor[0m[2m:[0m [2mcrates/sui-core/src/checkpoints/checkpoint_executor/mod.rs[0m[2m:[0m[2m332:[0m Received checkpoint summary from state sync [3msequence_number[0m[2m=[0m210
[2m2025-03-25T07:54:43.984642Z[0m [32m INFO[0m [1mnode[0m[1m{[0m[3mname[0m[2m=[0mk#b3f3cbb4..[1m}[0m[2m:[0m [2msui_core::checkpoints::checkpoint_executor[0m[2m:[0m [2mcrates/sui-core/src/checkpoints/checkpoint_executor/mod.rs[0m[2m:[0m[2m332:[0m Received checkpoint summary from state sync [3msequence_number[0m[2m=[0m211
[2m2025-03-25T07:54:43.984676Z[0m [32m INFO[0m [1mnode[0m[1m{[0m[3mname[0m[2m=[0mk#addeef94..[1m}[0m[2m:[0m[1mjwk_updater_task[0m[1m{[0m[3mepoch[0m[2m=[0m0[1m}[0m[2m:[0m [2msui_node[0m[2m:[0m [2mcrates/sui-node/src/lib.rs[0m[2m:[0m[2m376:[0m fetching JWK for provider AwsTenant(("us-east-1", "us-east-1_LPSLCkC3A"))
[2m2025-03-25T07:54:44.033107Z[0m [31mERROR[0m [2mmysten_metrics::thread_stall_monitor[0m[2m:[0m [2mcrates/mysten-metrics/src/thread_stall_monitor.rs[0m[2m:[0m[2m48:[0m Thread stall cleared after 677ms
[2m2025-03-25T07:54:44.076464Z[0m [32m INFO[0m [1mnode[0m[1m{[0m[3mname[0m[2m=[0mk#b3f3cbb4..[1m}[0m[2m:[0m [2msui_core::state_accumulator[0m[2m:[0m [2mcrates/sui-core/src/state_accumulator.rs[0m[2m:[0m[2m675:[0m accumulating running root for checkpoint 210
[2m2025-03-25T07:54:44.077006Z[0m [32m INFO[0m [1mnode[0m[1m{[0m[3mname[0m[2m=[0mk#b3f3cbb4..[1m}[0m[2m:[0m [2msui_core::state_accumulator[0m[2m:[0m [2mcrates/sui-core/src/state_accumulator.rs[0m[2m:[0m[2m675:[0m accumulating running root for checkpoint 211
[2m2025-03-25T07:54:44.115246Z[0m [32m INFO[0m [1mnode[0m[1m{[0m[3mname[0m[2m=[0mk#99f25ef6..[1m}[0m[2m:[0m[1mjwk_updater_task[0m[1m{[0m[3mepoch[0m[2m=[0m0[1m}[0m[2m:[0m [2msui_node[0m[2m:[0m [2mcrates/sui-node/src/lib.rs[0m[2m:[0m[2m376:[0m fetching JWK for provider AwsTenant(("us-east-1", "us-east-1_LPSLCkC3A"))
[2m2025-03-25T07:54:44.147783Z[0m [32m INFO[0m [1mnode[0m[1m{[0m[3mname[0m[2m=[0mk#8dcff6d1..[1m}[0m[2m:[0m[1mjwk_updater_task[0m[1m{[0m[3mepoch[0m[2m=[0m0[1m}[0m[2m:[0m [2msui_node[0m[2m:[0m [2mcrates/sui-node/src/lib.rs[0m[2m:[0m[2m376:[0m fetching JWK for provider Arden
[2m2025-03-25T07:54:44.182745Z[0m [32m INFO[0m [1mnode[0m[1m{[0m[3mname[0m[2m=[0mk#addeef94..[1m}[0m[2m:[0m[1mjwk_updater_task[0m[1m{[0m[3mepoch[0m[2m=[0m0[1m}[0m[2m:[0m [2msui_node[0m[2m:[0m [2mcrates/sui-node/src/lib.rs[0m[2m:[0m[2m376:[0m fetching JWK for provider Arden
[2m2025-03-25T07:54:44.229504Z[0m [32m INFO[0m [1mnode[0m[1m{[0m[3mname[0m[2m=[0mk#99f25ef6..[1m}[0m[2m:[0m [2mconsensus_core::commit_syncer[0m[2m:[0m [2mconsensus/core/src/commit_syncer.rs[0m[2m:[0m[2m196:[0m Checking to schedule fetches: synced_commit_index=110, highest_handled_index=110, highest_scheduled_index=0, quorum_commit_index=109, unhandled_commits_threshold=3200
[2m2025-03-25T07:54:44.230223Z[0m [32m INFO[0m [1mnode[0m[1m{[0m[3mname[0m[2m=[0mk#99f25ef6..[1m}[0m[2m:[0m [2mconsensus_core::core[0m[2m:[0m [2mconsensus/core/src/core.rs[0m[2m:[0m[2m531:[0m Created block B114(B,vL2uhihOQoyuhPSLRVlZF3+Ms77vjGqT1dLVJjOxXVQ=)(1742889284229ms;[B113(B,67Rk6tE+MmZRoBaz6sfSPQvGV9I6AlOEsctjCg9Zh60=), B113(A,vX4QkwSMnBAp5RnytEbgScevQr1kG6eZT34nW8IY15U=), B113(C,llX8WDtXHK9yGFPDOsDS/lUJt8cdQW9nkduqzyof+Vk=)];1t;1c) for round 114
[2m2025-03-25T07:54:44.266041Z[0m [32m INFO[0m [1mnode[0m[1m{[0m[3mname[0m[2m=[0mk#8dcff6d1..[1m}[0m[2m:[0m [2mconsensus_core::core[0m[2m:[0m [2mconsensus/core/src/core.rs[0m[2m:[0m[2m531:[0m Created block B114(A,9cIDOYqaP6la7Ic7xnw0orJveRdD6kbPOu8bpWNizc8=)(1742889284265ms;[B113(A,vX4QkwSMnBAp5RnytEbgScevQr1kG6eZT34nW8IY15U=), B113(B,67Rk6tE+MmZRoBaz6sfSPQvGV9I6AlOEsctjCg9Zh60=), B113(C,llX8WDtXHK9yGFPDOsDS/lUJt8cdQW9nkduqzyof+Vk=)];1t;1c) for round 114
[2m2025-03-25T07:54:44.305273Z[0m [32m INFO[0m [1mnode[0m[1m{[0m[3mname[0m[2m=[0mk#addeef94..[1m}[0m[2m:[0m [2mconsensus_core::core[0m[2m:[0m [2mconsensus/core/src/core.rs[0m[2m:[0m[2m531:[0m Created block B114(C,DrzYjlnQqLI0bTWzagPrY8iXZfBIp+XUYkjPP/YsFx0=)(1742889284305ms;[B113(C,llX8WDtXHK9yGFPDOsDS/lUJt8cdQW9nkduqzyof+Vk=), B113(A,vX4QkwSMnBAp5RnytEbgScevQr1kG6eZT34nW8IY15U=), B113(B,67Rk6tE+MmZRoBaz6sfSPQvGV9I6AlOEsctjCg9Zh60=)];1t;1c) for round 114
[2m2025-03-25T07:54:44.305759Z[0m [32m INFO[0m [1mnode[0m[1m{[0m[3mname[0m[2m=[0mk#addeef94..[1m}[0m[2m:[0m [2mconsensus_core::commit_syncer[0m[2m:[0m [2mconsensus/core/src/commit_syncer.rs[0m[2m:[0m[2m196:[0m Checking to schedule fetches: synced_commit_index=110, highest_handled_index=110, highest_scheduled_index=0, quorum_commit_index=0, unhandled_commits_threshold=3200
[2m2025-03-25T07:54:44.307881Z[0m [32m INFO[0m [1mnode[0m[1m{[0m[3mname[0m[2m=[0mk#8dcff6d1..[1m}[0m[2m:[0m [2msui_core::checkpoints::checkpoint_output[0m[2m:[0m [2mcrates/sui-core/src/checkpoints/checkpoint_output.rs[0m[2m:[0m[2m196:[0m Certified checkpoint with sequence 212 and digest tPwEdbumgEDYW6Z9Xwpxj8sXAGKsKokTR56hkoajjqe
[2m2025-03-25T07:54:44.307887Z[0m [32m INFO[0m [1mnode[0m[1m{[0m[3mname[0m[2m=[0mk#99f25ef6..[1m}[0m[2m:[0m [2msui_core::checkpoints::checkpoint_output[0m[2m:[0m [2mcrates/sui-core/src/checkpoints/checkpoint_output.rs[0m[2m:[0m[2m196:[0m Certified checkpoint with sequence 212 and digest tPwEdbumgEDYW6Z9Xwpxj8sXAGKsKokTR56hkoajjqe
[2m2025-03-25T07:54:44.308018Z[0m [32m INFO[0m [1mnode[0m[1m{[0m[3mname[0m[2m=[0mk#8dcff6d1..[1m}[0m[2m:[0m [2mconsensus_core::core[0m[2m:[0m [2mconsensus/core/src/core.rs[0m[2m:[0m[2m630:[0m Committing 1 leaders: B112(C,FzFX)
[2m2025-03-25T07:54:44.308018Z[0m [32m INFO[0m [1mnode[0m[1m{[0m[3mname[0m[2m=[0mk#99f25ef6..[1m}[0m[2m:[0m [2mconsensus_core::core[0m[2m:[0m [2mconsensus/core/src/core.rs[0m[2m:[0m[2m630:[0m Committing 1 leaders: B112(C,FzFX)
[2m2025-03-25T07:54:44.308132Z[0m [32m INFO[0m [1mnode[0m[1m{[0m[3mname[0m[2m=[0mk#8dcff6d1..[1m}[0m[2m:[0m [2mconsensus_core::commit_observer[0m[2m:[0m [2mconsensus/core/src/commit_observer.rs[0m[2m:[0m[2m173:[0m Consensus commit C111(RRwd) with leader B112(C,FzFX) has 3 blocks
[2m2025-03-25T07:54:44.308136Z[0m [32m INFO[0m [1mnode[0m[1m{[0m[3mname[0m[2m=[0mk#99f25ef6..[1m}[0m[2m:[0m [2mconsensus_core::commit_observer[0m[2m:[0m [2mconsensus/core/src/commit_observer.rs[0m[2m:[0m[2m173:[0m Consensus commit C111(RRwd) with leader B112(C,FzFX) has 3 blocks
[2m2025-03-25T07:54:44.308595Z[0m [32m INFO[0m [1mnode[0m[1m{[0m[3mname[0m[2m=[0mk#99f25ef6..[1m}[0m[2m:[0m [2msui_core::consensus_handler[0m[2m:[0m [2mcrates/sui-core/src/consensus_handler.rs[0m[2m:[0m[2m232:[0m Received consensus output [3mconsensus_commit[0m[2m=[0mCommittedSubDag(leader=B112(C,FzFX), ref=C111(RRwd), blocks=[yyrV, GmS+, FzFX]) [3mepoch[0m[2m=[0m0
[2m2025-03-25T07:54:44.308595Z[0m [32m INFO[0m [1mnode[0m[1m{[0m[3mname[0m[2m=[0mk#8dcff6d1..[1m}[0m[2m:[0m [2msui_core::consensus_handler[0m[2m:[0m [2mcrates/sui-core/src/consensus_handler.rs[0m[2m:[0m[2m232:[0m Received consensus output [3mconsensus_commit[0m[2m=[0mCommittedSubDag(leader=B112(C,FzFX), ref=C111(RRwd), blocks=[yyrV, GmS+, FzFX]) [3mepoch[0m[2m=[0m0
[2m2025-03-25T07:54:44.308867Z[0m [32m INFO[0m [1mnode[0m[1m{[0m[3mname[0m[2m=[0mk#addeef94..[1m}[0m[2m:[0m [2mconsensus_core::core[0m[2m:[0m [2mconsensus/core/src/core.rs[0m[2m:[0m[2m630:[0m Committing 1 leaders: B112(C,FzFX)
[2m2025-03-25T07:54:44.308957Z[0m [32m INFO[0m [1mnode[0m[1m{[0m[3mname[0m[2m=[0mk#addeef94..[1m}[0m[2m:[0m [2mconsensus_core::commit_observer[0m[2m:[0m [2mconsensus/core/src/commit_observer.rs[0m[2m:[0m[2m173:[0m Consensus commit C111(RRwd) with leader B112(C,FzFX) has 3 blocks
[2m2025-03-25T07:54:44.309333Z[0m [32m INFO[0m [1mnode[0m[1m{[0m[3mname[0m[2m=[0mk#8dcff6d1..[1m}[0m[2m:[0m [2msui_core::checkpoints::checkpoint_executor[0m[2m:[0m [2mcrates/sui-core/src/checkpoints/checkpoint_executor/mod.rs[0m[2m:[0m[2m332:[0m Received checkpoint summary from state sync [3msequence_number[0m[2m=[0m212
[2m2025-03-25T07:54:44.309333Z[0m [32m INFO[0m [1mnode[0m[1m{[0m[3mname[0m[2m=[0mk#99f25ef6..[1m}[0m[2m:[0m [2msui_core::checkpoints::checkpoint_executor[0m[2m:[0m [2mcrates/sui-core/src/checkpoints/checkpoint_executor/mod.rs[0m[2m:[0m[2m332:[0m Received checkpoint summary from state sync [3msequence_number[0m[2m=[0m212
[2m2025-03-25T07:54:44.309525Z[0m [32m INFO[0m [1mnode[0m[1m{[0m[3mname[0m[2m=[0mk#addeef94..[1m}[0m[2m:[0m [2msui_core::consensus_handler[0m[2m:[0m [2mcrates/sui-core/src/consensus_handler.rs[0m[2m:[0m[2m232:[0m Received consensus output [3mconsensus_commit[0m[2m=[0mCommittedSubDag(leader=B112(C,FzFX), ref=C111(RRwd), blocks=[yyrV, GmS+, FzFX]) [3mepoch[0m[2m=[0m0
[2m2025-03-25T07:54:44.310618Z[0m [32m INFO[0m [1mnode[0m[1m{[0m[3mname[0m[2m=[0mk#8dcff6d1..[1m}[0m[2m:[0m [2msui_core::state_accumulator[0m[2m:[0m [2mcrates/sui-core/src/state_accumulator.rs[0m[2m:[0m[2m675:[0m accumulating running root for checkpoint 212
[2m2025-03-25T07:54:44.310618Z[0m [32m INFO[0m [1mnode[0m[1m{[0m[3mname[0m[2m=[0mk#99f25ef6..[1m}[0m[2m:[0m [2msui_core::state_accumulator[0m[2m:[0m [2mcrates/sui-core/src/state_accumulator.rs[0m[2m:[0m[2m675:[0m accumulating running root for checkpoint 212
[2m2025-03-25T07:54:44.311147Z[0m [32m INFO[0m [1mnode[0m[1m{[0m[3mname[0m[2m=[0mk#99f25ef6..[1m}[0m[2m:[0m [2msui_core::checkpoints[0m[2m:[0m [2mcrates/sui-core/src/checkpoints/mod.rs[0m[2m:[0m[2m1472:[0m Epoch 0 root state hash digest: ECMHLiveObjectSetDigest { digest: 52mhW4ZRs8ULiARz3DjRYDScaMbJGDym65SLYh6EPvsx }
[2m2025-03-25T07:54:44.311146Z[0m [32m INFO[0m [1mnode[0m[1m{[0m[3mname[0m[2m=[0mk#8dcff6d1..[1m}[0m[2m:[0m [2msui_core::checkpoints[0m[2m:[0m [2mcrates/sui-core/src/checkpoints/mod.rs[0m[2m:[0m[2m1472:[0m Epoch 0 root state hash digest: ECMHLiveObjectSetDigest { digest: 52mhW4ZRs8ULiARz3DjRYDScaMbJGDym65SLYh6EPvsx }
[2m2025-03-25T07:54:44.312434Z[0m [32m INFO[0m [1mnode[0m[1m{[0m[3mname[0m[2m=[0mk#99f25ef6..[1m}[0m[2m:[0m [2msui_core::checkpoints[0m[2m:[0m [2mcrates/sui-core/src/checkpoints/mod.rs[0m[2m:[0m[2m1532:[0m creating last checkpoint of epoch 0 [3mcheckpoint_seq[0m[2m=[0m213
[2m2025-03-25T07:54:44.312434Z[0m [32m INFO[0m [1mnode[0m[1m{[0m[3mname[0m[2m=[0mk#8dcff6d1..[1m}[0m[2m:[0m [2msui_core::checkpoints[0m[2m:[0m [2mcrates/sui-core/src/checkpoints/mod.rs[0m[2m:[0m[2m1532:[0m creating last checkpoint of epoch 0 [3mcheckpoint_seq[0m[2m=[0m213
[2m2025-03-25T07:54:44.312444Z[0m [32m INFO[0m [1mnode[0m[1m{[0m[3mname[0m[2m=[0mk#8dcff6d1..[1m}[0m[2m:[0m [2msui_core::authority::authority_per_epoch_store[0m[2m:[0m [2mcrates/sui-core/src/authority/authority_per_epoch_store.rs[0m[2m:[0m[2m4132:[0m Epoch statistics: checkpoint_count=214, transaction_count=231, total_gas_reward=1300000 [3mepoch[0m[2m=[0m0
[2m2025-03-25T07:54:44.312444Z[0m [32m INFO[0m [1mnode[0m[1m{[0m[3mname[0m[2m=[0mk#99f25ef6..[1m}[0m[2m:[0m [2msui_core::authority::authority_per_epoch_store[0m[2m:[0m [2mcrates/sui-core/src/authority/authority_per_epoch_store.rs[0m[2m:[0m[2m4132:[0m Epoch statistics: checkpoint_count=214, transaction_count=231, total_gas_reward=1300000 [3mepoch[0m[2m=[0m0
[2m2025-03-25T07:54:44.312478Z[0m [32m INFO[0m [1mnode[0m[1m{[0m[3mname[0m[2m=[0mk#addeef94..[1m}[0m[2m:[0m [2msui_core::checkpoints::checkpoint_executor[0m[2m:[0m [2mcrates/sui-core/src/checkpoints/checkpoint_executor/mod.rs[0m[2m:[0m[2m332:[0m Received checkpoint summary from state sync [3msequence_number[0m[2m=[0m212
[2m2025-03-25T07:54:44.312498Z[0m [32m INFO[0m [1mnode[0m[1m{[0m[3mname[0m[2m=[0mk#99f25ef6..[1m}[0m[2m:[0m [2msui_core::checkpoints::checkpoint_output[0m[2m:[0m [2mcrates/sui-core/src/checkpoints/checkpoint_output.rs[0m[2m:[0m[2m149:[0m Creating checkpoint CheckpointDigest(EnwMWjMAh6p8WZe94XKNSPnGT1BGJKQ2NJV3nH8Cm1X6) at epoch 0, sequence 213, previous digest Some(CheckpointDigest(tPwEdbumgEDYW6Z9Xwpxj8sXAGKsKokTR56hkoajjqe)), transactions count 2, content digest CheckpointContentsDigest(6ZdNMMsJDWicWEFjiMir2DTE87FC1PmF6PjE3hB5TtsX), end_of_epoch_data Some(EndOfEpochData { next_epoch_committee: [(k#8dcff6d155040a656f4819b13111b52c5746a86ba72f395fbafe2ec3847d1e8140e624a751fdf6b5f2050bc7205cf9d30004c90b0c740affd326ce673cc2b23a2d24d53e2afeb286dfc668fd4060089d6d2b17b799dd36f90d332e54a7a338d4, 3333), (k#99f25ef61f8032b914636460982c5cc6f134ef1ddae76657f2cbfec1ebfc8d097374080df6fcf0dcb8bc4b0d8e0af5d80ebbff2b4c599f54f42d6312dfc314276078c1cc347ebbbec5198be258513f386b930d02c2749a803e2330955ebd1a10, 3333), (k#addeef94d898c88e40dbdeff91c5f105f9cf2c747fb6f2bc37ec03d6c91edb2e1a578cf544be8b0931e25f243d59b0c30d98a16ce3ba1d6cf1d7f50426992eb0adb3134b055be8140d2db5f25fb00d83f8e4222bf01fd6ac93a1ff4d79da58f2, 3334)], next_epoch_protocol_version: ProtocolVersion(70), epoch_commitments: [ECMHLiveObjectSetDigest(ECMHLiveObjectSetDigest { digest: 52mhW4ZRs8ULiARz3DjRYDScaMbJGDym65SLYh6EPvsx })] })
[2m2025-03-25T07:54:44.312498Z[0m [32m INFO[0m [1mnode[0m[1m{[0m[3mname[0m[2m=[0mk#8dcff6d1..[1m}[0m[2m:[0m [2msui_core::checkpoints::checkpoint_output[0m[2m:[0m [2mcrates/sui-core/src/checkpoints/checkpoint_output.rs[0m[2m:[0m[2m149:[0m Creating checkpoint CheckpointDigest(EnwMWjMAh6p8WZe94XKNSPnGT1BGJKQ2NJV3nH8Cm1X6) at epoch 0, sequence 213, previous digest Some(CheckpointDigest(tPwEdbumgEDYW6Z9Xwpxj8sXAGKsKokTR56hkoajjqe)), transactions count 2, content digest CheckpointContentsDigest(6ZdNMMsJDWicWEFjiMir2DTE87FC1PmF6PjE3hB5TtsX), end_of_epoch_data Some(EndOfEpochData { next_epoch_committee: [(k#8dcff6d155040a656f4819b13111b52c5746a86ba72f395fbafe2ec3847d1e8140e624a751fdf6b5f2050bc7205cf9d30004c90b0c740affd326ce673cc2b23a2d24d53e2afeb286dfc668fd4060089d6d2b17b799dd36f90d332e54a7a338d4, 3333), (k#99f25ef61f8032b914636460982c5cc6f134ef1ddae76657f2cbfec1ebfc8d097374080df6fcf0dcb8bc4b0d8e0af5d80ebbff2b4c599f54f42d6312dfc314276078c1cc347ebbbec5198be258513f386b930d02c2749a803e2330955ebd1a10, 3333), (k#addeef94d898c88e40dbdeff91c5f105f9cf2c747fb6f2bc37ec03d6c91edb2e1a578cf544be8b0931e25f243d59b0c30d98a16ce3ba1d6cf1d7f50426992eb0adb3134b055be8140d2db5f25fb00d83f8e4222bf01fd6ac93a1ff4d79da58f2, 3334)], next_epoch_protocol_version: ProtocolVersion(70), epoch_commitments: [ECMHLiveObjectSetDigest(ECMHLiveObjectSetDigest { digest: 52mhW4ZRs8ULiARz3DjRYDScaMbJGDym65SLYh6EPvsx })] })
[2m2025-03-25T07:54:44.313285Z[0m [32m INFO[0m [1mnode[0m[1m{[0m[3mname[0m[2m=[0mk#addeef94..[1m}[0m[2m:[0m [2msui_core::state_accumulator[0m[2m:[0m [2mcrates/sui-core/src/state_accumulator.rs[0m[2m:[0m[2m675:[0m accumulating running root for checkpoint 212
[2m2025-03-25T07:54:44.313836Z[0m [32m INFO[0m [1mnode[0m[1m{[0m[3mname[0m[2m=[0mk#addeef94..[1m}[0m[2m:[0m [2msui_core::checkpoints[0m[2m:[0m [2mcrates/sui-core/src/checkpoints/mod.rs[0m[2m:[0m[2m1472:[0m Epoch 0 root state hash digest: ECMHLiveObjectSetDigest { digest: 52mhW4ZRs8ULiARz3DjRYDScaMbJGDym65SLYh6EPvsx }
[2m2025-03-25T07:54:44.315109Z[0m [32m INFO[0m [1mnode[0m[1m{[0m[3mname[0m[2m=[0mk#addeef94..[1m}[0m[2m:[0m [2msui_core::checkpoints[0m[2m:[0m [2mcrates/sui-core/src/checkpoints/mod.rs[0m[2m:[0m[2m1532:[0m creating last checkpoint of epoch 0 [3mcheckpoint_seq[0m[2m=[0m213
[2m2025-03-25T07:54:44.315117Z[0m [32m INFO[0m [1mnode[0m[1m{[0m[3mname[0m[2m=[0mk#addeef94..[1m}[0m[2m:[0m [2msui_core::authority::authority_per_epoch_store[0m[2m:[0m [2mcrates/sui-core/src/authority/authority_per_epoch_store.rs[0m[2m:[0m[2m4132:[0m Epoch statistics: checkpoint_count=214, transaction_count=231, total_gas_reward=1300000 [3mepoch[0m[2m=[0m0
[2m2025-03-25T07:54:44.315160Z[0m [32m INFO[0m [1mnode[0m[1m{[0m[3mname[0m[2m=[0mk#addeef94..[1m}[0m[2m:[0m [2msui_core::checkpoints::checkpoint_output[0m[2m:[0m [2mcrates/sui-core/src/checkpoints/checkpoint_output.rs[0m[2m:[0m[2m149:[0m Creating checkpoint CheckpointDigest(EnwMWjMAh6p8WZe94XKNSPnGT1BGJKQ2NJV3nH8Cm1X6) at epoch 0, sequence 213, previous digest Some(CheckpointDigest(tPwEdbumgEDYW6Z9Xwpxj8sXAGKsKokTR56hkoajjqe)), transactions count 2, content digest CheckpointContentsDigest(6ZdNMMsJDWicWEFjiMir2DTE87FC1PmF6PjE3hB5TtsX), end_of_epoch_data Some(EndOfEpochData { next_epoch_committee: [(k#8dcff6d155040a656f4819b13111b52c5746a86ba72f395fbafe2ec3847d1e8140e624a751fdf6b5f2050bc7205cf9d30004c90b0c740affd326ce673cc2b23a2d24d53e2afeb286dfc668fd4060089d6d2b17b799dd36f90d332e54a7a338d4, 3333), (k#99f25ef61f8032b914636460982c5cc6f134ef1ddae76657f2cbfec1ebfc8d097374080df6fcf0dcb8bc4b0d8e0af5d80ebbff2b4c599f54f42d6312dfc314276078c1cc347ebbbec5198be258513f386b930d02c2749a803e2330955ebd1a10, 3333), (k#addeef94d898c88e40dbdeff91c5f105f9cf2c747fb6f2bc37ec03d6c91edb2e1a578cf544be8b0931e25f243d59b0c30d98a16ce3ba1d6cf1d7f50426992eb0adb3134b055be8140d2db5f25fb00d83f8e4222bf01fd6ac93a1ff4d79da58f2, 3334)], next_epoch_protocol_version: ProtocolVersion(70), epoch_commitments: [ECMHLiveObjectSetDigest(ECMHLiveObjectSetDigest { digest: 52mhW4ZRs8ULiARz3DjRYDScaMbJGDym65SLYh6EPvsx })] })
[2m2025-03-25T07:54:44.318888Z[0m [33m WARN[0m [1mnode[0m[1m{[0m[3mname[0m[2m=[0mk#99f25ef6..[1m}[0m[2m:[0m [2msui_core::consensus_adapter[0m[2m:[0m [2mcrates/sui-core/src/consensus_adapter.rs[0m[2m:[0m[2m703:[0m Epoch ended, skipping submission delay [3mepoch[0m[2m=[0m0
[2m2025-03-25T07:54:44.320366Z[0m [32m INFO[0m [1mnode[0m[1m{[0m[3mname[0m[2m=[0mk#b3f3cbb4..[1m}[0m[2m:[0m [2msui_core::checkpoints::checkpoint_executor[0m[2m:[0m [2mcrates/sui-core/src/checkpoints/checkpoint_executor/mod.rs[0m[2m:[0m[2m332:[0m Received checkpoint summary from state sync [3msequence_number[0m[2m=[0m212
[2m2025-03-25T07:54:44.321473Z[0m [33m WARN[0m [1mnode[0m[1m{[0m[3mname[0m[2m=[0mk#addeef94..[1m}[0m[2m:[0m [2msui_core::consensus_adapter[0m[2m:[0m [2mcrates/sui-core/src/consensus_adapter.rs[0m[2m:[0m[2m703:[0m Epoch ended, skipping submission delay [3mepoch[0m[2m=[0m0
[2m2025-03-25T07:54:44.345993Z[0m [32m INFO[0m [1mnode[0m[1m{[0m[3mname[0m[2m=[0mk#b3f3cbb4..[1m}[0m[2m:[0m [2msui_core::state_accumulator[0m[2m:[0m [2mcrates/sui-core/src/state_accumulator.rs[0m[2m:[0m[2m675:[0m accumulating running root for checkpoint 212
[2m2025-03-25T07:54:44.415487Z[0m [32m INFO[0m [1mnode[0m[1m{[0m[3mname[0m[2m=[0mk#8dcff6d1..[1m}[0m[2m:[0m [2mconsensus_core::commit_syncer[0m[2m:[0m [2mconsensus/core/src/commit_syncer.rs[0m[2m:[0m[2m196:[0m Checking to schedule fetches: synced_commit_index=111, highest_handled_index=111, highest_scheduled_index=0, quorum_commit_index=110, unhandled_commits_threshold=3200
[2m2025-03-25T07:54:44.562419Z[0m [32m INFO[0m [1mnode[0m[1m{[0m[3mname[0m[2m=[0mk#99f25ef6..[1m}[0m[2m:[0m [2mconsensus_core::core[0m[2m:[0m [2mconsensus/core/src/core.rs[0m[2m:[0m[2m531:[0m Created block B115(B,BhwIIVf6ifDJ+Z8oPffPQl2tRRvXmaal4HvMVpjCSd4=)(1742889284559ms;[B114(B,vL2uhihOQoyuhPSLRVlZF3+Ms77vjGqT1dLVJjOxXVQ=), B114(A,9cIDOYqaP6la7Ic7xnw0orJveRdD6kbPOu8bpWNizc8=), B114(C,DrzYjlnQqLI0bTWzagPrY8iXZfBIp+XUYkjPP/YsFx0=)];1t;1c) for round 115
[2m2025-03-25T07:54:44.564065Z[0m [32m INFO[0m [1mnode[0m[1m{[0m[3mname[0m[2m=[0mk#addeef94..[1m}[0m[2m:[0m [2mconsensus_core::core[0m[2m:[0m [2mconsensus/core/src/core.rs[0m[2m:[0m[2m531:[0m Created block B115(C,9uoZzmbtZzNAuvTlK0uzmSbGUI4sMt8/oHVjm2EMkgQ=)(1742889284562ms;[B114(C,DrzYjlnQqLI0bTWzagPrY8iXZfBIp+XUYkjPP/YsFx0=), B114(A,9cIDOYqaP6la7Ic7xnw0orJveRdD6kbPOu8bpWNizc8=), B114(B,vL2uhihOQoyuhPSLRVlZF3+Ms77vjGqT1dLVJjOxXVQ=)];1t;1c) for round 115
[2m2025-03-25T07:54:44.564051Z[0m [32m INFO[0m [1mnode[0m[1m{[0m[3mname[0m[2m=[0mk#8dcff6d1..[1m}[0m[2m:[0m [2mconsensus_core::core[0m[2m:[0m [2mconsensus/core/src/core.rs[0m[2m:[0m[2m531:[0m Created block B115(A,86LtSKLXRyp+cYuXLz2nLvoZEcTTnbv2j8/zfBqLqdQ=)(1742889284561ms;[B114(A,9cIDOYqaP6la7Ic7xnw0orJveRdD6kbPOu8bpWNizc8=), B114(B,vL2uhihOQoyuhPSLRVlZF3+Ms77vjGqT1dLVJjOxXVQ=), B114(C,DrzYjlnQqLI0bTWzagPrY8iXZfBIp+XUYkjPP/YsFx0=)];1t;1c) for round 115
[2m2025-03-25T07:54:44.575936Z[0m [32m INFO[0m [1mnode[0m[1m{[0m[3mname[0m[2m=[0mk#addeef94..[1m}[0m[2m:[0m [2mconsensus_core::core[0m[2m:[0m [2mconsensus/core/src/core.rs[0m[2m:[0m[2m630:[0m Committing 1 leaders: B113(B,67Rk)
[2m2025-03-25T07:54:44.576345Z[0m [32m INFO[0m [1mnode[0m[1m{[0m[3mname[0m[2m=[0mk#addeef94..[1m}[0m[2m:[0m [2mconsensus_core::commit_observer[0m[2m:[0m [2mconsensus/core/src/commit_observer.rs[0m[2m:[0m[2m173:[0m Consensus commit C112(oDEj) with leader B113(B,67Rk) has 3 blocks
[2m2025-03-25T07:54:44.576779Z[0m [32m INFO[0m [1mnode[0m[1m{[0m[3mname[0m[2m=[0mk#addeef94..[1m}[0m[2m:[0m [2msui_core::consensus_handler[0m[2m:[0m [2mcrates/sui-core/src/consensus_handler.rs[0m[2m:[0m[2m232:[0m Received consensus output [3mconsensus_commit[0m[2m=[0mCommittedSubDag(leader=B113(B,67Rk), ref=C112(oDEj), blocks=[4eXu, yOSQ, 67Rk]) [3mepoch[0m[2m=[0m0
[2m2025-03-25T07:54:44.578001Z[0m [32m INFO[0m [1mnode[0m[1m{[0m[3mname[0m[2m=[0mk#99f25ef6..[1m}[0m[2m:[0m [2msui_core::checkpoints::checkpoint_output[0m[2m:[0m [2mcrates/sui-core/src/checkpoints/checkpoint_output.rs[0m[2m:[0m[2m196:[0m Certified checkpoint with sequence 213 and digest EnwMWjMAh6p8WZe94XKNSPnGT1BGJKQ2NJV3nH8Cm1X6
[2m2025-03-25T07:54:44.578018Z[0m [32m INFO[0m [1mnode[0m[1m{[0m[3mname[0m[2m=[0mk#8dcff6d1..[1m}[0m[2m:[0m [2msui_core::checkpoints::checkpoint_output[0m[2m:[0m [2mcrates/sui-core/src/checkpoints/checkpoint_output.rs[0m[2m:[0m[2m196:[0m Certified checkpoint with sequence 213 and digest EnwMWjMAh6p8WZe94XKNSPnGT1BGJKQ2NJV3nH8Cm1X6
[2m2025-03-25T07:54:44.578769Z[0m [32m INFO[0m [1mnode[0m[1m{[0m[3mname[0m[2m=[0mk#99f25ef6..[1m}[0m[2m:[0m [2mconsensus_core::core[0m[2m:[0m [2mconsensus/core/src/core.rs[0m[2m:[0m[2m630:[0m Committing 1 leaders: B113(B,67Rk)
[2m2025-03-25T07:54:44.578769Z[0m [32m INFO[0m [1mnode[0m[1m{[0m[3mname[0m[2m=[0mk#8dcff6d1..[1m}[0m[2m:[0m [2mconsensus_core::core[0m[2m:[0m [2mconsensus/core/src/core.rs[0m[2m:[0m[2m630:[0m Committing 1 leaders: B113(B,67Rk)
[2m2025-03-25T07:54:44.579048Z[0m [32m INFO[0m [1mnode[0m[1m{[0m[3mname[0m[2m=[0mk#8dcff6d1..[1m}[0m[2m:[0m [2mconsensus_core::commit_observer[0m[2m:[0m [2mconsensus/core/src/commit_observer.rs[0m[2m:[0m[2m173:[0m Consensus commit C112(oDEj) with leader B113(B,67Rk) has 3 blocks
[2m2025-03-25T07:54:44.579052Z[0m [32m INFO[0m [1mnode[0m[1m{[0m[3mname[0m[2m=[0mk#99f25ef6..[1m}[0m[2m:[0m [2mconsensus_core::commit_observer[0m[2m:[0m [2mconsensus/core/src/commit_observer.rs[0m[2m:[0m[2m173:[0m Consensus commit C112(oDEj) with leader B113(B,67Rk) has 3 blocks
[2m2025-03-25T07:54:44.620840Z[0m [32m INFO[0m [1mnode[0m[1m{[0m[3mname[0m[2m=[0mk#99f25ef6..[1m}[0m[2m:[0m [2msui_core::consensus_handler[0m[2m:[0m [2mcrates/sui-core/src/consensus_handler.rs[0m[2m:[0m[2m232:[0m Received consensus output [3mconsensus_commit[0m[2m=[0mCommittedSubDag(leader=B113(B,67Rk), ref=C112(oDEj), blocks=[4eXu, yOSQ, 67Rk]) [3mepoch[0m[2m=[0m0
[2m2025-03-25T07:54:44.620840Z[0m [32m INFO[0m [1mnode[0m[1m{[0m[3mname[0m[2m=[0mk#8dcff6d1..[1m}[0m[2m:[0m [2msui_core::consensus_handler[0m[2m:[0m [2mcrates/sui-core/src/consensus_handler.rs[0m[2m:[0m[2m232:[0m Received consensus output [3mconsensus_commit[0m[2m=[0mCommittedSubDag(leader=B113(B,67Rk), ref=C112(oDEj), blocks=[4eXu, yOSQ, 67Rk]) [3mepoch[0m[2m=[0m0
[2m2025-03-25T07:54:44.621648Z[0m [32m INFO[0m [1mnode[0m[1m{[0m[3mname[0m[2m=[0mk#8dcff6d1..[1m}[0m[2m:[0m [2msui_core::checkpoints::checkpoint_executor[0m[2m:[0m [2mcrates/sui-core/src/checkpoints/checkpoint_executor/mod.rs[0m[2m:[0m[2m332:[0m Received checkpoint summary from state sync [3msequence_number[0m[2m=[0m213
[2m2025-03-25T07:54:44.621648Z[0m [32m INFO[0m [1mnode[0m[1m{[0m[3mname[0m[2m=[0mk#99f25ef6..[1m}[0m[2m:[0m [2msui_core::checkpoints::checkpoint_executor[0m[2m:[0m [2mcrates/sui-core/src/checkpoints/checkpoint_executor/mod.rs[0m[2m:[0m[2m332:[0m Received checkpoint summary from state sync [3msequence_number[0m[2m=[0m213
[2m2025-03-25T07:54:44.636285Z[0m [32m INFO[0m [1mnode[0m[1m{[0m[3mname[0m[2m=[0mk#8dcff6d1..[1m}[0m[2m:[0m [2msui_core::checkpoints::checkpoint_executor[0m[2m:[0m [2mcrates/sui-core/src/checkpoints/checkpoint_executor/mod.rs[0m[2m:[0m[2m639:[0m Reached end of epoch, executing change_epoch transaction [3mended_epoch[0m[2m=[0m0 [3mlast_checkpoint[0m[2m=[0m213
[2m2025-03-25T07:54:44.636304Z[0m [32m INFO[0m [1mnode[0m[1m{[0m[3mname[0m[2m=[0mk#99f25ef6..[1m}[0m[2m:[0m [2msui_core::checkpoints::checkpoint_executor[0m[2m:[0m [2mcrates/sui-core/src/checkpoints/checkpoint_executor/mod.rs[0m[2m:[0m[2m639:[0m Reached end of epoch, executing change_epoch transaction [3mended_epoch[0m[2m=[0m0 [3mlast_checkpoint[0m[2m=[0m213
[2m2025-03-25T07:54:44.657544Z[0m [33m WARN[0m [1mnode[0m[1m{[0m[3mname[0m[2m=[0mk#8dcff6d1..[1m}[0m[2m:[0m[1mexecution_driver[0m[1m{[0m[3mtx_digest[0m[2m=[0mTransactionDigest(CZjVMajkjNeXkGbaU9Qh53fY16SGcTTLrfPAMkNjAa2G)[1m}[0m[2m:[0m [2msui_adapter_latest::execution_engine::checked[0m[2m:[0m [2msui-execution/latest/sui-adapter/src/execution_engine.rs[0m[2m:[0m[2m1553:[0m Failed to get oracle price, Error: Some(SuiSystemStateReadError("Oracle address not found"))
[2m2025-03-25T07:54:44.657549Z[0m [33m WARN[0m [1mnode[0m[1m{[0m[3mname[0m[2m=[0mk#99f25ef6..[1m}[0m[2m:[0m[1mexecution_driver[0m[1m{[0m[3mtx_digest[0m[2m=[0mTransactionDigest(CZjVMajkjNeXkGbaU9Qh53fY16SGcTTLrfPAMkNjAa2G)[1m}[0m[2m:[0m [2msui_adapter_latest::execution_engine::checked[0m[2m:[0m [2msui-execution/latest/sui-adapter/src/execution_engine.rs[0m[2m:[0m[2m1553:[0m Failed to get oracle price, Error: Some(SuiSystemStateReadError("Oracle address not found"))
[2m2025-03-25T07:54:44.657573Z[0m [32m INFO[0m [1mnode[0m[1m{[0m[3mname[0m[2m=[0mk#99f25ef6..[1m}[0m[2m:[0m[1mexecution_driver[0m[1m{[0m[3mtx_digest[0m[2m=[0mTransactionDigest(CZjVMajkjNeXkGbaU9Qh53fY16SGcTTLrfPAMkNjAa2G)[1m}[0m[2m:[0m [2msui_adapter_latest::execution_engine::checked[0m[2m:[0m [2msui-execution/latest/sui-adapter/src/execution_engine.rs[0m[2m:[0m[2m938:[0m Call arguments to bfc round transaction: 1
[2m2025-03-25T07:54:44.657573Z[0m [32m INFO[0m [1mnode[0m[1m{[0m[3mname[0m[2m=[0mk#8dcff6d1..[1m}[0m[2m:[0m[1mexecution_driver[0m[1m{[0m[3mtx_digest[0m[2m=[0mTransactionDigest(CZjVMajkjNeXkGbaU9Qh53fY16SGcTTLrfPAMkNjAa2G)[1m}[0m[2m:[0m [2msui_adapter_latest::execution_engine::checked[0m[2m:[0m [2msui-execution/latest/sui-adapter/src/execution_engine.rs[0m[2m:[0m[2m938:[0m Call arguments to bfc round transaction: 1
[2m2025-03-25T07:54:44.657609Z[0m [32m INFO[0m [1mnode[0m[1m{[0m[3mname[0m[2m=[0mk#8dcff6d1..[1m}[0m[2m:[0m[1mexecution_driver[0m[1m{[0m[3mtx_digest[0m[2m=[0mTransactionDigest(CZjVMajkjNeXkGbaU9Qh53fY16SGcTTLrfPAMkNjAa2G)[1m}[0m[2m:[0m [2msui_adapter_latest::execution_engine::checked[0m[2m:[0m [2msui-execution/latest/sui-adapter/src/execution_engine.rs[0m[2m:[0m[2m838:[0m Call arguments to advance_epoch transaction: AdvanceEpochParams { epoch: 1, next_protocol_version: ProtocolVersion(70), storage_charge: 212473200, computation_charge: 1300000, storage_rebate: 69724908, non_refundable_storage_fee: 704292, storage_fund_reinvest_rate: 500, reward_slashing_rate: 10000, epoch_start_timestamp_ms: 1742889282570 }
[2m2025-03-25T07:54:44.657609Z[0m [32m INFO[0m [1mnode[0m[1m{[0m[3mname[0m[2m=[0mk#99f25ef6..[1m}[0m[2m:[0m[1mexecution_driver[0m[1m{[0m[3mtx_digest[0m[2m=[0mTransactionDigest(CZjVMajkjNeXkGbaU9Qh53fY16SGcTTLrfPAMkNjAa2G)[1m}[0m[2m:[0m [2msui_adapter_latest::execution_engine::checked[0m[2m:[0m [2msui-execution/latest/sui-adapter/src/execution_engine.rs[0m[2m:[0m[2m838:[0m Call arguments to advance_epoch transaction: AdvanceEpochParams { epoch: 1, next_protocol_version: ProtocolVersion(70), storage_charge: 212473200, computation_charge: 1300000, storage_rebate: 69724908, non_refundable_storage_fee: 704292, storage_fund_reinvest_rate: 500, reward_slashing_rate: 10000, epoch_start_timestamp_ms: 1742889282570 }
[2m2025-03-25T07:54:44.684124Z[0m [32m INFO[0m [1mnode[0m[1m{[0m[3mname[0m[2m=[0mk#addeef94..[1m}[0m[2m:[0m [2msui_core::checkpoints::checkpoint_executor[0m[2m:[0m [2mcrates/sui-core/src/checkpoints/checkpoint_executor/mod.rs[0m[2m:[0m[2m332:[0m Received checkpoint summary from state sync [3msequence_number[0m[2m=[0m213
[2m2025-03-25T07:54:44.696927Z[0m [32m INFO[0m [1mnode[0m[1m{[0m[3mname[0m[2m=[0mk#addeef94..[1m}[0m[2m:[0m [2msui_core::checkpoints::checkpoint_executor[0m[2m:[0m [2mcrates/sui-core/src/checkpoints/checkpoint_executor/mod.rs[0m[2m:[0m[2m639:[0m Reached end of epoch, executing change_epoch transaction [3mended_epoch[0m[2m=[0m0 [3mlast_checkpoint[0m[2m=[0m213
[2m2025-03-25T07:54:44.718576Z[0m [33m WARN[0m [1mnode[0m[1m{[0m[3mname[0m[2m=[0mk#addeef94..[1m}[0m[2m:[0m[1mexecution_driver[0m[1m{[0m[3mtx_digest[0m[2m=[0mTransactionDigest(CZjVMajkjNeXkGbaU9Qh53fY16SGcTTLrfPAMkNjAa2G)[1m}[0m[2m:[0m [2msui_adapter_latest::execution_engine::checked[0m[2m:[0m [2msui-execution/latest/sui-adapter/src/execution_engine.rs[0m[2m:[0m[2m1553:[0m Failed to get oracle price, Error: Some(SuiSystemStateReadError("Oracle address not found"))
[2m2025-03-25T07:54:44.718603Z[0m [32m INFO[0m [1mnode[0m[1m{[0m[3mname[0m[2m=[0mk#addeef94..[1m}[0m[2m:[0m[1mexecution_driver[0m[1m{[0m[3mtx_digest[0m[2m=[0mTransactionDigest(CZjVMajkjNeXkGbaU9Qh53fY16SGcTTLrfPAMkNjAa2G)[1m}[0m[2m:[0m [2msui_adapter_latest::execution_engine::checked[0m[2m:[0m [2msui-execution/latest/sui-adapter/src/execution_engine.rs[0m[2m:[0m[2m938:[0m Call arguments to bfc round transaction: 1
[2m2025-03-25T07:54:44.718637Z[0m [32m INFO[0m [1mnode[0m[1m{[0m[3mname[0m[2m=[0mk#addeef94..[1m}[0m[2m:[0m[1mexecution_driver[0m[1m{[0m[3mtx_digest[0m[2m=[0mTransactionDigest(CZjVMajkjNeXkGbaU9Qh53fY16SGcTTLrfPAMkNjAa2G)[1m}[0m[2m:[0m [2msui_adapter_latest::execution_engine::checked[0m[2m:[0m [2msui-execution/latest/sui-adapter/src/execution_engine.rs[0m[2m:[0m[2m838:[0m Call arguments to advance_epoch transaction: AdvanceEpochParams { epoch: 1, next_protocol_version: ProtocolVersion(70), storage_charge: 212473200, computation_charge: 1300000, storage_rebate: 69724908, non_refundable_storage_fee: 704292, storage_fund_reinvest_rate: 500, reward_slashing_rate: 10000, epoch_start_timestamp_ms: 1742889282570 }
[2m2025-03-25T07:54:44.900485Z[0m [32m INFO[0m [1mnode[0m[1m{[0m[3mname[0m[2m=[0mk#8dcff6d1..[1m}[0m[2m:[0m[1mexecution_driver[0m[1m{[0m[3mtx_digest[0m[2m=[0mTransactionDigest(CZjVMajkjNeXkGbaU9Qh53fY16SGcTTLrfPAMkNjAa2G)[1m}[0m[2m:[0m [2msui_adapter_latest::execution_engine::checked[0m[2m:[0m [2msui-execution/latest/sui-adapter/src/execution_engine.rs[0m[2m:[0m[2m1265:[0m upgraded system package (0x0000000000000000000000000000000000000000000000000000000000000002, SequenceNumber(2), o#5vKHEC2GkQgKUCg83C4NUMDy8cTwcYkVhzjF4knW2Z6R)
[2m2025-03-25T07:54:44.900491Z[0m [32m INFO[0m [1mnode[0m[1m{[0m[3mname[0m[2m=[0mk#99f25ef6..[1m}[0m[2m:[0m[1mexecution_driver[0m[1m{[0m[3mtx_digest[0m[2m=[0mTransactionDigest(CZjVMajkjNeXkGbaU9Qh53fY16SGcTTLrfPAMkNjAa2G)[1m}[0m[2m:[0m [2msui_adapter_latest::execution_engine::checked[0m[2m:[0m [2msui-execution/latest/sui-adapter/src/execution_engine.rs[0m[2m:[0m[2m1265:[0m upgraded system package (0x0000000000000000000000000000000000000000000000000000000000000002, SequenceNumber(2), o#5vKHEC2GkQgKUCg83C4NUMDy8cTwcYkVhzjF4knW2Z6R)
[2m2025-03-25T07:54:44.908111Z[0m [32m INFO[0m [1mnode[0m[1m{[0m[3mname[0m[2m=[0mk#8dcff6d1..[1m}[0m[2m:[0m[1mexecution_driver[0m[1m{[0m[3mtx_digest[0m[2m=[0mTransactionDigest(CZjVMajkjNeXkGbaU9Qh53fY16SGcTTLrfPAMkNjAa2G)[1m}[0m[2m:[0m [2msui_adapter_latest::execution_engine::checked[0m[2m:[0m [2msui-execution/latest/sui-adapter/src/execution_engine.rs[0m[2m:[0m[2m1265:[0m upgraded system package (0x0000000000000000000000000000000000000000000000000000000000000003, SequenceNumber(2), o#9Bzszwhj3hrhNbiSeGiaUXHUu9QqWBwqgAjxASZwA79T)
[2m2025-03-25T07:54:44.908134Z[0m [32m INFO[0m [1mnode[0m[1m{[0m[3mname[0m[2m=[0mk#99f25ef6..[1m}[0m[2m:[0m[1mexecution_driver[0m[1m{[0m[3mtx_digest[0m[2m=[0mTransactionDigest(CZjVMajkjNeXkGbaU9Qh53fY16SGcTTLrfPAMkNjAa2G)[1m}[0m[2m:[0m [2msui_adapter_latest::execution_engine::checked[0m[2m:[0m [2msui-execution/latest/sui-adapter/src/execution_engine.rs[0m[2m:[0m[2m1265:[0m upgraded system package (0x0000000000000000000000000000000000000000000000000000000000000003, SequenceNumber(2), o#9Bzszwhj3hrhNbiSeGiaUXHUu9QqWBwqgAjxASZwA79T)
[2m2025-03-25T07:54:44.911720Z[0m [32m INFO[0m [1mnode[0m[1m{[0m[3mname[0m[2m=[0mk#8dcff6d1..[1m}[0m[2m:[0m[1mexecution_driver[0m[1m{[0m[3mtx_digest[0m[2m=[0mTransactionDigest(CZjVMajkjNeXkGbaU9Qh53fY16SGcTTLrfPAMkNjAa2G)[1m}[0m[2m:[0m [2msui_adapter_latest::execution_engine::checked[0m[2m:[0m [2msui-execution/latest/sui-adapter/src/execution_engine.rs[0m[2m:[0m[2m1265:[0m upgraded system package (0x000000000000000000000000000000000000000000000000000000000000000b, SequenceNumber(2), o#2u7iZbKqeCefn4DioNR4X6FuGfVBCErkLW6Kpo7RZmLq)
[2m2025-03-25T07:54:44.911737Z[0m [32m INFO[0m [1mnode[0m[1m{[0m[3mname[0m[2m=[0mk#99f25ef6..[1m}[0m[2m:[0m[1mexecution_driver[0m[1m{[0m[3mtx_digest[0m[2m=[0mTransactionDigest(CZjVMajkjNeXkGbaU9Qh53fY16SGcTTLrfPAMkNjAa2G)[1m}[0m[2m:[0m [2msui_adapter_latest::execution_engine::checked[0m[2m:[0m [2msui-execution/latest/sui-adapter/src/execution_engine.rs[0m[2m:[0m[2m1265:[0m upgraded system package (0x000000000000000000000000000000000000000000000000000000000000000b, SequenceNumber(2), o#2u7iZbKqeCefn4DioNR4X6FuGfVBCErkLW6Kpo7RZmLq)
[2m2025-03-25T07:54:44.923066Z[0m [32m INFO[0m [1mnode[0m[1m{[0m[3mname[0m[2m=[0mk#8dcff6d1..[1m}[0m[2m:[0m[1mexecution_driver[0m[1m{[0m[3mtx_digest[0m[2m=[0mTransactionDigest(CZjVMajkjNeXkGbaU9Qh53fY16SGcTTLrfPAMkNjAa2G)[1m}[0m[2m:[0m [2msui_adapter_latest::execution_engine::checked[0m[2m:[0m [2msui-execution/latest/sui-adapter/src/execution_engine.rs[0m[2m:[0m[2m1265:[0m upgraded system package (0x00000000000000000000000000000000000000000000000000000000000000c8, SequenceNumber(2), o#2TYk2oyyHbsNv1bR7jCYed6uyR86PTo5AajvrgGFYzTx)
[2m2025-03-25T07:54:44.923082Z[0m [32m INFO[0m [1mnode[0m[1m{[0m[3mname[0m[2m=[0mk#99f25ef6..[1m}[0m[2m:[0m[1mexecution_driver[0m[1m{[0m[3mtx_digest[0m[2m=[0mTransactionDigest(CZjVMajkjNeXkGbaU9Qh53fY16SGcTTLrfPAMkNjAa2G)[1m}[0m[2m:[0m [2msui_adapter_latest::execution_engine::checked[0m[2m:[0m [2msui-execution/latest/sui-adapter/src/execution_engine.rs[0m[2m:[0m[2m1265:[0m upgraded system package (0x00000000000000000000000000000000000000000000000000000000000000c8, SequenceNumber(2), o#2TYk2oyyHbsNv1bR7jCYed6uyR86PTo5AajvrgGFYzTx)
[2m2025-03-25T07:54:44.960940Z[0m [32m INFO[0m [1mnode[0m[1m{[0m[3mname[0m[2m=[0mk#addeef94..[1m}[0m[2m:[0m[1mexecution_driver[0m[1m{[0m[3mtx_digest[0m[2m=[0mTransactionDigest(CZjVMajkjNeXkGbaU9Qh53fY16SGcTTLrfPAMkNjAa2G)[1m}[0m[2m:[0m [2msui_adapter_latest::execution_engine::checked[0m[2m:[0m [2msui-execution/latest/sui-adapter/src/execution_engine.rs[0m[2m:[0m[2m1265:[0m upgraded system package (0x0000000000000000000000000000000000000000000000000000000000000002, SequenceNumber(2), o#5vKHEC2GkQgKUCg83C4NUMDy8cTwcYkVhzjF4knW2Z6R)
[2m2025-03-25T07:54:44.968593Z[0m [32m INFO[0m [1mnode[0m[1m{[0m[3mname[0m[2m=[0mk#addeef94..[1m}[0m[2m:[0m[1mexecution_driver[0m[1m{[0m[3mtx_digest[0m[2m=[0mTransactionDigest(CZjVMajkjNeXkGbaU9Qh53fY16SGcTTLrfPAMkNjAa2G)[1m}[0m[2m:[0m [2msui_adapter_latest::execution_engine::checked[0m[2m:[0m [2msui-execution/latest/sui-adapter/src/execution_engine.rs[0m[2m:[0m[2m1265:[0m upgraded system package (0x0000000000000000000000000000000000000000000000000000000000000003, SequenceNumber(2), o#9Bzszwhj3hrhNbiSeGiaUXHUu9QqWBwqgAjxASZwA79T)
[2m2025-03-25T07:54:44.972203Z[0m [32m INFO[0m [1mnode[0m[1m{[0m[3mname[0m[2m=[0mk#addeef94..[1m}[0m[2m:[0m[1mexecution_driver[0m[1m{[0m[3mtx_digest[0m[2m=[0mTransactionDigest(CZjVMajkjNeXkGbaU9Qh53fY16SGcTTLrfPAMkNjAa2G)[1m}[0m[2m:[0m [2msui_adapter_latest::execution_engine::checked[0m[2m:[0m [2msui-execution/latest/sui-adapter/src/execution_engine.rs[0m[2m:[0m[2m1265:[0m upgraded system package (0x000000000000000000000000000000000000000000000000000000000000000b, SequenceNumber(2), o#2u7iZbKqeCefn4DioNR4X6FuGfVBCErkLW6Kpo7RZmLq)
[2m2025-03-25T07:54:44.983542Z[0m [32m INFO[0m [1mnode[0m[1m{[0m[3mname[0m[2m=[0mk#addeef94..[1m}[0m[2m:[0m[1mexecution_driver[0m[1m{[0m[3mtx_digest[0m[2m=[0mTransactionDigest(CZjVMajkjNeXkGbaU9Qh53fY16SGcTTLrfPAMkNjAa2G)[1m}[0m[2m:[0m [2msui_adapter_latest::execution_engine::checked[0m[2m:[0m [2msui-execution/latest/sui-adapter/src/execution_engine.rs[0m[2m:[0m[2m1265:[0m upgraded system package (0x00000000000000000000000000000000000000000000000000000000000000c8, SequenceNumber(2), o#2TYk2oyyHbsNv1bR7jCYed6uyR86PTo5AajvrgGFYzTx)
[2m2025-03-25T07:54:45.069784Z[0m [31mERROR[0m [2mmysten_metrics::thread_stall_monitor[0m[2m:[0m [2mcrates/mysten-metrics/src/thread_stall_monitor.rs[0m[2m:[0m[2m43:[0m Thread stalled for 542ms
[2m2025-03-25T07:54:45.269470Z[0m [32m INFO[0m [1mnode[0m[1m{[0m[3mname[0m[2m=[0mk#8dcff6d1..[1m}[0m[2m:[0m [2msui_core::state_accumulator[0m[2m:[0m [2mcrates/sui-core/src/state_accumulator.rs[0m[2m:[0m[2m675:[0m accumulating running root for checkpoint 213
[2m2025-03-25T07:54:45.269729Z[0m [32m INFO[0m [1mnode[0m[1m{[0m[3mname[0m[2m=[0mk#8dcff6d1..[1m}[0m[2m:[0m [2msui_core::checkpoints[0m[2m:[0m [2mcrates/sui-core/src/checkpoints/mod.rs[0m[2m:[0m[2m415:[0m Pruned local summaries up to 213
[2m2025-03-25T07:54:45.271048Z[0m [32m INFO[0m [1mnode[0m[1m{[0m[3mname[0m[2m=[0mk#99f25ef6..[1m}[0m[2m:[0m [2msui_core::state_accumulator[0m[2m:[0m [2mcrates/sui-core/src/state_accumulator.rs[0m[2m:[0m[2m675:[0m accumulating running root for checkpoint 213
[2m2025-03-25T07:54:45.271249Z[0m [32m INFO[0m [1mnode[0m[1m{[0m[3mname[0m[2m=[0mk#99f25ef6..[1m}[0m[2m:[0m [2msui_core::checkpoints[0m[2m:[0m [2mcrates/sui-core/src/checkpoints/mod.rs[0m[2m:[0m[2m415:[0m Pruned local summaries up to 213
[2m2025-03-25T07:54:45.272836Z[0m [32m INFO[0m [1mnode[0m[1m{[0m[3mname[0m[2m=[0mk#8dcff6d1..[1m}[0m[2m:[0m [2msui_node[0m[2m:[0m [2mcrates/sui-node/src/lib.rs[0m[2m:[0m[2m1699:[0m Finished executing all checkpoints in epoch. About to reconfigure the system. [3mnext_epoch[0m[2m=[0m1
[2m2025-03-25T07:54:45.272874Z[0m [32m INFO[0m [1mnode[0m[1m{[0m[3mname[0m[2m=[0mk#8dcff6d1..[1m}[0m[2m:[0m [2msui_node[0m[2m:[0m [2mcrates/sui-node/src/lib.rs[0m[2m:[0m[2m1738:[0m Reconfiguring the validator.
[2m2025-03-25T07:54:45.272991Z[0m [33m WARN[0m [1mnode[0m[1m{[0m[3mname[0m[2m=[0mk#8dcff6d1..[1m}[0m[2m:[0m [2msui_node[0m[2m:[0m [2mcrates/sui-node/src/lib.rs[0m[2m:[0m[2m1748:[0m Error in checkpoint service task: JoinError::Cancelled(Id(1646))
[2m2025-03-25T07:54:45.273003Z[0m [33m WARN[0m [1mnode[0m[1m{[0m[3mname[0m[2m=[0mk#8dcff6d1..[1m}[0m[2m:[0m [2msui_node[0m[2m:[0m [2mcrates/sui-node/src/lib.rs[0m[2m:[0m[2m1748:[0m Error in checkpoint service task: JoinError::Cancelled(Id(1647))
[2m2025-03-25T07:54:45.273009Z[0m [32m INFO[0m [1mnode[0m[1m{[0m[3mname[0m[2m=[0mk#8dcff6d1..[1m}[0m[2m:[0m [2msui_node[0m[2m:[0m [2mcrates/sui-node/src/lib.rs[0m[2m:[0m[2m1751:[0m Checkpoint service has shut down.
[2m2025-03-25T07:54:45.273015Z[0m [32m INFO[0m [1mnode[0m[1m{[0m[3mname[0m[2m=[0mk#8dcff6d1..[1m}[0m[2m:[0m [2msui_core::consensus_manager[0m[2m:[0m [2mcrates/sui-core/src/consensus_manager/mod.rs[0m[2m:[0m[2m148:[0m Shutting down consensus ...
[2m2025-03-25T07:54:45.273024Z[0m [32m INFO[0m [1mnode[0m[1m{[0m[3mname[0m[2m=[0mk#8dcff6d1..[1m}[0m[2m:[0m [2msui_core::consensus_manager[0m[2m:[0m [2mcrates/sui-core/src/consensus_manager/mod.rs[0m[2m:[0m[2m288:[0m Shutting down consensus for epoch 0 & protocol version ProtocolVersion(46)
[2m2025-03-25T07:54:45.273041Z[0m [32m INFO[0m [1mnode[0m[1m{[0m[3mname[0m[2m=[0mk#8dcff6d1..[1m}[0m[2m:[0m [2mconsensus_core::authority_node[0m[2m:[0m [2mconsensus/core/src/authority_node.rs[0m[2m:[0m[2m364:[0m Stopping authority. Total run time: 35.0817345s
[2m2025-03-25T07:54:45.273114Z[0m [33m WARN[0m [1mnode[0m[1m{[0m[3mname[0m[2m=[0mk#8dcff6d1..[1m}[0m[2m:[0m [2mconsensus_core::authority_node[0m[2m:[0m [2mconsensus/core/src/authority_node.rs[0m[2m:[0m[2m374:[0m Failed to stop synchronizer when shutting down consensus: JoinError::Cancelled(Id(1940))
[2m2025-03-25T07:54:45.273129Z[0m [32m INFO[0m [1mnode[0m[1m{[0m[3mname[0m[2m=[0mk#8dcff6d1..[1m}[0m[2m:[0m [2mconsensus_core::commit_syncer[0m[2m:[0m [2mconsensus/core/src/commit_syncer.rs[0m[2m:[0m[2m170:[0m CommitSyncer shutting down ...
[2m2025-03-25T07:54:45.273146Z[0m [32m INFO[0m [1mnode[0m[1m{[0m[3mname[0m[2m=[0mk#8dcff6d1..[1m}[0m[2m:[0m [2mconsensus_core::commit_syncer[0m[2m:[0m [2mconsensus/core/src/commit_syncer.rs[0m[2m:[0m[2m137:[0m Future consensus/core/src/commit_syncer.rs:137 completed
[2m2025-03-25T07:54:45.273213Z[0m [32m INFO[0m [1mnode[0m[1m{[0m[3mname[0m[2m=[0mk#8dcff6d1..[1m}[0m[2m:[0m [2mconsensus_core::core_thread[0m[2m:[0m [2mconsensus/core/src/core_thread.rs[0m[2m:[0m[2m226:[0m Future consensus/core/src/core_thread.rs:ConsensusCoreThread completed
[2m2025-03-25T07:54:45.274177Z[0m [32m INFO[0m [1mnode[0m[1m{[0m[3mname[0m[2m=[0mk#99f25ef6..[1m}[0m[2m:[0m [2msui_node[0m[2m:[0m [2mcrates/sui-node/src/lib.rs[0m[2m:[0m[2m1699:[0m Finished executing all checkpoints in epoch. About to reconfigure the system. [3mnext_epoch[0m[2m=[0m1
[2m2025-03-25T07:54:45.274199Z[0m [32m INFO[0m [1mnode[0m[1m{[0m[3mname[0m[2m=[0mk#99f25ef6..[1m}[0m[2m:[0m [2msui_node[0m[2m:[0m [2mcrates/sui-node/src/lib.rs[0m[2m:[0m[2m1738:[0m Reconfiguring the validator.
[2m2025-03-25T07:54:45.274252Z[0m [33m WARN[0m [1mnode[0m[1m{[0m[3mname[0m[2m=[0mk#99f25ef6..[1m}[0m[2m:[0m [2msui_node[0m[2m:[0m [2mcrates/sui-node/src/lib.rs[0m[2m:[0m[2m1748:[0m Error in checkpoint service task: JoinError::Cancelled(Id(1626))
[2m2025-03-25T07:54:45.274260Z[0m [33m WARN[0m [1mnode[0m[1m{[0m[3mname[0m[2m=[0mk#99f25ef6..[1m}[0m[2m:[0m [2msui_node[0m[2m:[0m [2mcrates/sui-node/src/lib.rs[0m[2m:[0m[2m1748:[0m Error in checkpoint service task: JoinError::Cancelled(Id(1627))
[2m2025-03-25T07:54:45.274266Z[0m [32m INFO[0m [1mnode[0m[1m{[0m[3mname[0m[2m=[0mk#99f25ef6..[1m}[0m[2m:[0m [2msui_node[0m[2m:[0m [2mcrates/sui-node/src/lib.rs[0m[2m:[0m[2m1751:[0m Checkpoint service has shut down.
[2m2025-03-25T07:54:45.274272Z[0m [32m INFO[0m [1mnode[0m[1m{[0m[3mname[0m[2m=[0mk#99f25ef6..[1m}[0m[2m:[0m [2msui_core::consensus_manager[0m[2m:[0m [2mcrates/sui-core/src/consensus_manager/mod.rs[0m[2m:[0m[2m148:[0m Shutting down consensus ...
[2m2025-03-25T07:54:45.274279Z[0m [32m INFO[0m [1mnode[0m[1m{[0m[3mname[0m[2m=[0mk#99f25ef6..[1m}[0m[2m:[0m [2msui_core::consensus_manager[0m[2m:[0m [2mcrates/sui-core/src/consensus_manager/mod.rs[0m[2m:[0m[2m288:[0m Shutting down consensus for epoch 0 & protocol version ProtocolVersion(46)
[2m2025-03-25T07:54:45.274290Z[0m [32m INFO[0m [1mnode[0m[1m{[0m[3mname[0m[2m=[0mk#99f25ef6..[1m}[0m[2m:[0m [2mconsensus_core::authority_node[0m[2m:[0m [2mconsensus/core/src/authority_node.rs[0m[2m:[0m[2m364:[0m Stopping authority. Total run time: 35.719063792s
[2m2025-03-25T07:54:45.274318Z[0m [33m WARN[0m [1mnode[0m[1m{[0m[3mname[0m[2m=[0mk#99f25ef6..[1m}[0m[2m:[0m [2mconsensus_core::authority_node[0m[2m:[0m [2mconsensus/core/src/authority_node.rs[0m[2m:[0m[2m374:[0m Failed to stop synchronizer when shutting down consensus: JoinError::Cancelled(Id(1810))
[2m2025-03-25T07:54:45.274328Z[0m [32m INFO[0m [1mnode[0m[1m{[0m[3mname[0m[2m=[0mk#99f25ef6..[1m}[0m[2m:[0m [2mconsensus_core::commit_syncer[0m[2m:[0m [2mconsensus/core/src/commit_syncer.rs[0m[2m:[0m[2m170:[0m CommitSyncer shutting down ...
[2m2025-03-25T07:54:45.274337Z[0m [32m INFO[0m [1mnode[0m[1m{[0m[3mname[0m[2m=[0mk#99f25ef6..[1m}[0m[2m:[0m [2mconsensus_core::commit_syncer[0m[2m:[0m [2mconsensus/core/src/commit_syncer.rs[0m[2m:[0m[2m137:[0m Future consensus/core/src/commit_syncer.rs:137 completed
[2m2025-03-25T07:54:45.274367Z[0m [32m INFO[0m [1mnode[0m[1m{[0m[3mname[0m[2m=[0mk#99f25ef6..[1m}[0m[2m:[0m [2mconsensus_core::core_thread[0m[2m:[0m [2mconsensus/core/src/core_thread.rs[0m[2m:[0m[2m226:[0m Future consensus/core/src/core_thread.rs:ConsensusCoreThread completed
[2m2025-03-25T07:54:45.276862Z[0m [32m INFO[0m [1mnode[0m[1m{[0m[3mname[0m[2m=[0mk#8dcff6d1..[1m}[0m[2m:[0m [2mconsensus_core::network::tonic_network[0m[2m:[0m [2mconsensus/core/src/network/tonic_network.rs[0m[2m:[0m[2m856:[0m Received shutdown. Stopping consensus service.
[2m2025-03-25T07:54:45.277898Z[0m [32m INFO[0m [1mnode[0m[1m{[0m[3mname[0m[2m=[0mk#99f25ef6..[1m}[0m[2m:[0m [2mconsensus_core::network::tonic_network[0m[2m:[0m [2mconsensus/core/src/network/tonic_network.rs[0m[2m:[0m[2m856:[0m Received shutdown. Stopping consensus service.
[2m2025-03-25T07:54:45.278857Z[0m [32m INFO[0m [1mnode[0m[1m{[0m[3mname[0m[2m=[0mk#8dcff6d1..[1m}[0m[2m:[0m [2mconsensus_core::authority_service[0m[2m:[0m [2mconsensus/core/src/authority_service.rs[0m[2m:[0m[2m572:[0m Block BroadcastedBlockStream B closed
[2m2025-03-25T07:54:45.278912Z[0m [32m INFO[0m [1mnode[0m[1m{[0m[3mname[0m[2m=[0mk#8dcff6d1..[1m}[0m[2m:[0m [2mconsensus_core::authority_service[0m[2m:[0m [2mconsensus/core/src/authority_service.rs[0m[2m:[0m[2m572:[0m Block BroadcastedBlockStream C closed
[2m2025-03-25T07:54:45.279997Z[0m [32m INFO[0m [1mnode[0m[1m{[0m[3mname[0m[2m=[0mk#99f25ef6..[1m}[0m[2m:[0m [2mconsensus_core::authority_service[0m[2m:[0m [2mconsensus/core/src/authority_service.rs[0m[2m:[0m[2m572:[0m Block BroadcastedBlockStream C closed
[2m2025-03-25T07:54:45.289827Z[0m [31mERROR[0m [2mmysten_metrics::thread_stall_monitor[0m[2m:[0m [2mcrates/mysten-metrics/src/thread_stall_monitor.rs[0m[2m:[0m[2m48:[0m Thread stall cleared after 707ms
[2m2025-03-25T07:54:45.328514Z[0m [32m INFO[0m [1mnode[0m[1m{[0m[3mname[0m[2m=[0mk#addeef94..[1m}[0m[2m:[0m [2msui_core::state_accumulator[0m[2m:[0m [2mcrates/sui-core/src/state_accumulator.rs[0m[2m:[0m[2m675:[0m accumulating running root for checkpoint 213
[2m2025-03-25T07:54:45.328776Z[0m [32m INFO[0m [1mnode[0m[1m{[0m[3mname[0m[2m=[0mk#addeef94..[1m}[0m[2m:[0m [2msui_core::checkpoints[0m[2m:[0m [2mcrates/sui-core/src/checkpoints/mod.rs[0m[2m:[0m[2m415:[0m Pruned local summaries up to 213
[2m2025-03-25T07:54:45.331922Z[0m [32m INFO[0m [1mnode[0m[1m{[0m[3mname[0m[2m=[0mk#addeef94..[1m}[0m[2m:[0m [2msui_node[0m[2m:[0m [2mcrates/sui-node/src/lib.rs[0m[2m:[0m[2m1699:[0m Finished executing all checkpoints in epoch. About to reconfigure the system. [3mnext_epoch[0m[2m=[0m1
[2m2025-03-25T07:54:45.331964Z[0m [32m INFO[0m [1mnode[0m[1m{[0m[3mname[0m[2m=[0mk#addeef94..[1m}[0m[2m:[0m [2msui_node[0m[2m:[0m [2mcrates/sui-node/src/lib.rs[0m[2m:[0m[2m1738:[0m Reconfiguring the validator.
[2m2025-03-25T07:54:45.332080Z[0m [33m WARN[0m [1mnode[0m[1m{[0m[3mname[0m[2m=[0mk#addeef94..[1m}[0m[2m:[0m [2msui_node[0m[2m:[0m [2mcrates/sui-node/src/lib.rs[0m[2m:[0m[2m1748:[0m Error in checkpoint service task: JoinError::Cancelled(Id(1636))
[2m2025-03-25T07:54:45.332092Z[0m [33m WARN[0m [1mnode[0m[1m{[0m[3mname[0m[2m=[0mk#addeef94..[1m}[0m[2m:[0m [2msui_node[0m[2m:[0m [2mcrates/sui-node/src/lib.rs[0m[2m:[0m[2m1748:[0m Error in checkpoint service task: JoinError::Cancelled(Id(1637))
[2m2025-03-25T07:54:45.332099Z[0m [32m INFO[0m [1mnode[0m[1m{[0m[3mname[0m[2m=[0mk#addeef94..[1m}[0m[2m:[0m [2msui_node[0m[2m:[0m [2mcrates/sui-node/src/lib.rs[0m[2m:[0m[2m1751:[0m Checkpoint service has shut down.
[2m2025-03-25T07:54:45.332105Z[0m [32m INFO[0m [1mnode[0m[1m{[0m[3mname[0m[2m=[0mk#addeef94..[1m}[0m[2m:[0m [2msui_core::consensus_manager[0m[2m:[0m [2mcrates/sui-core/src/consensus_manager/mod.rs[0m[2m:[0m[2m148:[0m Shutting down consensus ...
[2m2025-03-25T07:54:45.332116Z[0m [32m INFO[0m [1mnode[0m[1m{[0m[3mname[0m[2m=[0mk#addeef94..[1m}[0m[2m:[0m [2msui_core::consensus_manager[0m[2m:[0m [2mcrates/sui-core/src/consensus_manager/mod.rs[0m[2m:[0m[2m288:[0m Shutting down consensus for epoch 0 & protocol version ProtocolVersion(46)
[2m2025-03-25T07:54:45.332135Z[0m [32m INFO[0m [1mnode[0m[1m{[0m[3mname[0m[2m=[0mk#addeef94..[1m}[0m[2m:[0m [2mconsensus_core::authority_node[0m[2m:[0m [2mconsensus/core/src/authority_node.rs[0m[2m:[0m[2m364:[0m Stopping authority. Total run time: 35.35842825s
[2m2025-03-25T07:54:45.332197Z[0m [33m WARN[0m [1mnode[0m[1m{[0m[3mname[0m[2m=[0mk#addeef94..[1m}[0m[2m:[0m [2mconsensus_core::authority_node[0m[2m:[0m [2mconsensus/core/src/authority_node.rs[0m[2m:[0m[2m374:[0m Failed to stop synchronizer when shutting down consensus: JoinError::Cancelled(Id(1875))
[2m2025-03-25T07:54:45.332213Z[0m [32m INFO[0m [1mnode[0m[1m{[0m[3mname[0m[2m=[0mk#addeef94..[1m}[0m[2m:[0m [2mconsensus_core::commit_syncer[0m[2m:[0m [2mconsensus/core/src/commit_syncer.rs[0m[2m:[0m[2m170:[0m CommitSyncer shutting down ...
[2m2025-03-25T07:54:45.332235Z[0m [32m INFO[0m [1mnode[0m[1m{[0m[3mname[0m[2m=[0mk#addeef94..[1m}[0m[2m:[0m [2mconsensus_core::commit_syncer[0m[2m:[0m [2mconsensus/core/src/commit_syncer.rs[0m[2m:[0m[2m137:[0m Future consensus/core/src/commit_syncer.rs:137 completed
[2m2025-03-25T07:54:45.332308Z[0m [32m INFO[0m [1mnode[0m[1m{[0m[3mname[0m[2m=[0mk#addeef94..[1m}[0m[2m:[0m [2mconsensus_core::core_thread[0m[2m:[0m [2mconsensus/core/src/core_thread.rs[0m[2m:[0m[2m226:[0m Future consensus/core/src/core_thread.rs:ConsensusCoreThread completed
[2m2025-03-25T07:54:45.336350Z[0m [32m INFO[0m [1mnode[0m[1m{[0m[3mname[0m[2m=[0mk#addeef94..[1m}[0m[2m:[0m [2mconsensus_core::network::tonic_network[0m[2m:[0m [2mconsensus/core/src/network/tonic_network.rs[0m[2m:[0m[2m856:[0m Received shutdown. Stopping consensus service.
[2m2025-03-25T07:54:45.341529Z[0m [32m INFO[0m [1mnode[0m[1m{[0m[3mname[0m[2m=[0mk#8dcff6d1..[1m}[0m[2m:[0m [2msui_core::consensus_manager[0m[2m:[0m [2mcrates/sui-core/src/consensus_manager/mod.rs[0m[2m:[0m[2m311:[0m Consensus shutdown for epoch 0 & protocol version ProtocolVersion(46) is complete - took 0.068497958 seconds
[2m2025-03-25T07:54:45.341551Z[0m [32m INFO[0m [1mnode[0m[1m{[0m[3mname[0m[2m=[0mk#8dcff6d1..[1m}[0m[2m:[0m [2msui_node[0m[2m:[0m [2mcrates/sui-node/src/lib.rs[0m[2m:[0m[2m1754:[0m Consensus has shut down.
[2m2025-03-25T07:54:45.342147Z[0m [32m INFO[0m [1mnode[0m[1m{[0m[3mname[0m[2m=[0mk#8dcff6d1..[1m}[0m[2m:[0m[1mreconfigure[0m[2m:[0m [2msui_core::authority[0m[2m:[0m [2mcrates/sui-core/src/authority.rs[0m[2m:[0m[2m2885:[0m current protocol version is now ProtocolVersion(70)
[2m2025-03-25T07:54:45.342155Z[0m [32m INFO[0m [1mnode[0m[1m{[0m[3mname[0m[2m=[0mk#8dcff6d1..[1m}[0m[2m:[0m[1mreconfigure[0m[2m:[0m [2msui_core::authority[0m[2m:[0m [2mcrates/sui-core/src/authority.rs[0m[2m:[0m[2m2886:[0m supported versions are: SupportedProtocolVersions { min: ProtocolVersion(1), max: ProtocolVersion(70) }
[2m2025-03-25T07:54:45.342660Z[0m [32m INFO[0m [1mnode[0m[1m{[0m[3mname[0m[2m=[0mk#8dcff6d1..[1m}[0m[2m:[0m[1mreconfigure[0m[2m:[0m[1mrevert_uncommitted_epoch_transactions[0m[2m:[0m [2msui_core::authority[0m[2m:[0m [2mcrates/sui-core/src/authority.rs[0m[2m:[0m[2m5336:[0m Reverting 0 locally executed transactions that was not included in the epoch: {}
[2m2025-03-25T07:54:45.342672Z[0m [32m INFO[0m [1mnode[0m[1m{[0m[3mname[0m[2m=[0mk#8dcff6d1..[1m}[0m[2m:[0m[1mreconfigure[0m[2m:[0m[1mrevert_uncommitted_epoch_transactions[0m[2m:[0m [2msui_core::authority[0m[2m:[0m [2mcrates/sui-core/src/authority.rs[0m[2m:[0m[2m5350:[0m All uncommitted local transactions reverted
[2m2025-03-25T07:54:45.342684Z[0m [32m INFO[0m [1mnode[0m[1m{[0m[3mname[0m[2m=[0mk#8dcff6d1..[1m}[0m[2m:[0m[1mreconfigure[0m[2m:[0m [2msui_core::execution_cache::writeback_cache[0m[2m:[0m [2mcrates/sui-core/src/execution_cache/writeback_cache.rs[0m[2m:[0m[2m1121:[0m clearing state at end of epoch
[2m2025-03-25T07:54:45.342726Z[0m [32m INFO[0m [1mnode[0m[1m{[0m[3mname[0m[2m=[0mk#8dcff6d1..[1m}[0m[2m:[0m[1mreconfigure[0m[2m:[0m [2msui_core::execution_cache::writeback_cache[0m[2m:[0m [2mcrates/sui-core/src/execution_cache/writeback_cache.rs[0m[2m:[0m[2m1127:[0m clearing old transaction locks
[2m2025-03-25T07:54:45.342733Z[0m [32m INFO[0m [1mnode[0m[1m{[0m[3mname[0m[2m=[0mk#8dcff6d1..[1m}[0m[2m:[0m[1mreconfigure[0m[2m:[0m [2msui_core::execution_cache::object_locks[0m[2m:[0m [2mcrates/sui-core/src/execution_cache/object_locks.rs[0m[2m:[0m[2m110:[0m clearing old transaction locks
[2m2025-03-25T07:54:45.342748Z[0m [32m INFO[0m [1mnode[0m[1m{[0m[3mname[0m[2m=[0mk#8dcff6d1..[1m}[0m[2m:[0m[1mreconfigure[0m[2m:[0m[1mcheck_system_consistency[0m[2m:[0m [2msui_core::authority[0m[2m:[0m [2mcrates/sui-core/src/authority.rs[0m[2m:[0m[2m3308:[0m Performing sui conservation consistency check for epoch 0
[2m2025-03-25T07:54:45.342760Z[0m [32m INFO[0m [1mnode[0m[1m{[0m[3mname[0m[2m=[0mk#8dcff6d1..[1m}[0m[2m:[0m[1mreconfigure[0m[2m:[0m[1mcheck_system_consistency[0m[2m:[0m [2msui_core::authority::authority_per_epoch_store[0m[2m:[0m [2mcrates/sui-core/src/authority/authority_per_epoch_store.rs[0m[2m:[0m[2m4251:[0m Verifying that all executed transactions are in a checkpoint
[2m2025-03-25T07:54:45.343121Z[0m [32m INFO[0m [1mnode[0m[1m{[0m[3mname[0m[2m=[0mk#8dcff6d1..[1m}[0m[2m:[0m[1mreconfigure[0m[2m:[0m[1mcheck_system_consistency[0m[2m:[0m [2msui_core::authority::authority_store[0m[2m:[0m [2mcrates/sui-core/src/authority/authority_store.rs[0m[2m:[0m[2m1618:[0m Starting BFC conservation check. This may take a while..
[2m2025-03-25T07:54:45.369042Z[0m [32m INFO[0m [1mnode[0m[1m{[0m[3mname[0m[2m=[0mk#addeef94..[1m}[0m[2m:[0m [2msui_core::consensus_manager[0m[2m:[0m [2mcrates/sui-core/src/consensus_manager/mod.rs[0m[2m:[0m[2m311:[0m Consensus shutdown for epoch 0 & protocol version ProtocolVersion(46) is complete - took 0.036918834 seconds
[2m2025-03-25T07:54:45.369065Z[0m [32m INFO[0m [1mnode[0m[1m{[0m[3mname[0m[2m=[0mk#addeef94..[1m}[0m[2m:[0m [2msui_node[0m[2m:[0m [2mcrates/sui-node/src/lib.rs[0m[2m:[0m[2m1754:[0m Consensus has shut down.
[2m2025-03-25T07:54:45.369493Z[0m [32m INFO[0m [1mnode[0m[1m{[0m[3mname[0m[2m=[0mk#addeef94..[1m}[0m[2m:[0m[1mreconfigure[0m[2m:[0m [2msui_core::authority[0m[2m:[0m [2mcrates/sui-core/src/authority.rs[0m[2m:[0m[2m2885:[0m current protocol version is now ProtocolVersion(70)
[2m2025-03-25T07:54:45.369501Z[0m [32m INFO[0m [1mnode[0m[1m{[0m[3mname[0m[2m=[0mk#addeef94..[1m}[0m[2m:[0m[1mreconfigure[0m[2m:[0m [2msui_core::authority[0m[2m:[0m [2mcrates/sui-core/src/authority.rs[0m[2m:[0m[2m2886:[0m supported versions are: SupportedProtocolVersions { min: ProtocolVersion(1), max: ProtocolVersion(70) }
[2m2025-03-25T07:54:45.370017Z[0m [32m INFO[0m [1mnode[0m[1m{[0m[3mname[0m[2m=[0mk#addeef94..[1m}[0m[2m:[0m[1mreconfigure[0m[2m:[0m[1mrevert_uncommitted_epoch_transactions[0m[2m:[0m [2msui_core::authority[0m[2m:[0m [2mcrates/sui-core/src/authority.rs[0m[2m:[0m[2m5336:[0m Reverting 0 locally executed transactions that was not included in the epoch: {}
[2m2025-03-25T07:54:45.370028Z[0m [32m INFO[0m [1mnode[0m[1m{[0m[3mname[0m[2m=[0mk#addeef94..[1m}[0m[2m:[0m[1mreconfigure[0m[2m:[0m[1mrevert_uncommitted_epoch_transactions[0m[2m:[0m [2msui_core::authority[0m[2m:[0m [2mcrates/sui-core/src/authority.rs[0m[2m:[0m[2m5350:[0m All uncommitted local transactions reverted
[2m2025-03-25T07:54:45.370039Z[0m [32m INFO[0m [1mnode[0m[1m{[0m[3mname[0m[2m=[0mk#addeef94..[1m}[0m[2m:[0m[1mreconfigure[0m[2m:[0m [2msui_core::execution_cache::writeback_cache[0m[2m:[0m [2mcrates/sui-core/src/execution_cache/writeback_cache.rs[0m[2m:[0m[2m1121:[0m clearing state at end of epoch
[2m2025-03-25T07:54:45.370081Z[0m [32m INFO[0m [1mnode[0m[1m{[0m[3mname[0m[2m=[0mk#addeef94..[1m}[0m[2m:[0m[1mreconfigure[0m[2m:[0m [2msui_core::execution_cache::writeback_cache[0m[2m:[0m [2mcrates/sui-core/src/execution_cache/writeback_cache.rs[0m[2m:[0m[2m1127:[0m clearing old transaction locks
[2m2025-03-25T07:54:45.370087Z[0m [32m INFO[0m [1mnode[0m[1m{[0m[3mname[0m[2m=[0mk#addeef94..[1m}[0m[2m:[0m[1mreconfigure[0m[2m:[0m [2msui_core::execution_cache::object_locks[0m[2m:[0m [2mcrates/sui-core/src/execution_cache/object_locks.rs[0m[2m:[0m[2m110:[0m clearing old transaction locks
[2m2025-03-25T07:54:45.370101Z[0m [32m INFO[0m [1mnode[0m[1m{[0m[3mname[0m[2m=[0mk#addeef94..[1m}[0m[2m:[0m[1mreconfigure[0m[2m:[0m[1mcheck_system_consistency[0m[2m:[0m [2msui_core::authority[0m[2m:[0m [2mcrates/sui-core/src/authority.rs[0m[2m:[0m[2m3308:[0m Performing sui conservation consistency check for epoch 0
[2m2025-03-25T07:54:45.370113Z[0m [32m INFO[0m [1mnode[0m[1m{[0m[3mname[0m[2m=[0mk#addeef94..[1m}[0m[2m:[0m[1mreconfigure[0m[2m:[0m[1mcheck_system_consistency[0m[2m:[0m [2msui_core::authority::authority_per_epoch_store[0m[2m:[0m [2mcrates/sui-core/src/authority/authority_per_epoch_store.rs[0m[2m:[0m[2m4251:[0m Verifying that all executed transactions are in a checkpoint
[2m2025-03-25T07:54:45.370378Z[0m [32m INFO[0m [1mnode[0m[1m{[0m[3mname[0m[2m=[0mk#99f25ef6..[1m}[0m[2m:[0m [2msui_core::consensus_manager[0m[2m:[0m [2mcrates/sui-core/src/consensus_manager/mod.rs[0m[2m:[0m[2m311:[0m Consensus shutdown for epoch 0 & protocol version ProtocolVersion(46) is complete - took 0.096093917 seconds
[2m2025-03-25T07:54:45.370392Z[0m [32m INFO[0m [1mnode[0m[1m{[0m[3mname[0m[2m=[0mk#99f25ef6..[1m}[0m[2m:[0m [2msui_node[0m[2m:[0m [2mcrates/sui-node/src/lib.rs[0m[2m:[0m[2m1754:[0m Consensus has shut down.
[2m2025-03-25T07:54:45.370446Z[0m [32m INFO[0m [1mnode[0m[1m{[0m[3mname[0m[2m=[0mk#addeef94..[1m}[0m[2m:[0m[1mreconfigure[0m[2m:[0m[1mcheck_system_consistency[0m[2m:[0m [2msui_core::authority::authority_store[0m[2m:[0m [2mcrates/sui-core/src/authority/authority_store.rs[0m[2m:[0m[2m1618:[0m Starting BFC conservation check. This may take a while..
[2m2025-03-25T07:54:45.370770Z[0m [32m INFO[0m [1mnode[0m[1m{[0m[3mname[0m[2m=[0mk#99f25ef6..[1m}[0m[2m:[0m[1mreconfigure[0m[2m:[0m [2msui_core::authority[0m[2m:[0m [2mcrates/sui-core/src/authority.rs[0m[2m:[0m[2m2885:[0m current protocol version is now ProtocolVersion(70)
[2m2025-03-25T07:54:45.370778Z[0m [32m INFO[0m [1mnode[0m[1m{[0m[3mname[0m[2m=[0mk#99f25ef6..[1m}[0m[2m:[0m[1mreconfigure[0m[2m:[0m [2msui_core::authority[0m[2m:[0m [2mcrates/sui-core/src/authority.rs[0m[2m:[0m[2m2886:[0m supported versions are: SupportedProtocolVersions { min: ProtocolVersion(1), max: ProtocolVersion(70) }
[2m2025-03-25T07:54:45.372279Z[0m [32m INFO[0m [1mnode[0m[1m{[0m[3mname[0m[2m=[0mk#99f25ef6..[1m}[0m[2m:[0m[1mreconfigure[0m[2m:[0m[1mrevert_uncommitted_epoch_transactions[0m[2m:[0m [2msui_core::authority[0m[2m:[0m [2mcrates/sui-core/src/authority.rs[0m[2m:[0m[2m5336:[0m Reverting 0 locally executed transactions that was not included in the epoch: {}
[2m2025-03-25T07:54:45.372289Z[0m [32m INFO[0m [1mnode[0m[1m{[0m[3mname[0m[2m=[0mk#99f25ef6..[1m}[0m[2m:[0m[1mreconfigure[0m[2m:[0m[1mrevert_uncommitted_epoch_transactions[0m[2m:[0m [2msui_core::authority[0m[2m:[0m [2mcrates/sui-core/src/authority.rs[0m[2m:[0m[2m5350:[0m All uncommitted local transactions reverted
[2m2025-03-25T07:54:45.372300Z[0m [32m INFO[0m [1mnode[0m[1m{[0m[3mname[0m[2m=[0mk#99f25ef6..[1m}[0m[2m:[0m[1mreconfigure[0m[2m:[0m [2msui_core::execution_cache::writeback_cache[0m[2m:[0m [2mcrates/sui-core/src/execution_cache/writeback_cache.rs[0m[2m:[0m[2m1121:[0m clearing state at end of epoch
[2m2025-03-25T07:54:45.372339Z[0m [32m INFO[0m [1mnode[0m[1m{[0m[3mname[0m[2m=[0mk#99f25ef6..[1m}[0m[2m:[0m[1mreconfigure[0m[2m:[0m [2msui_core::execution_cache::writeback_cache[0m[2m:[0m [2mcrates/sui-core/src/execution_cache/writeback_cache.rs[0m[2m:[0m[2m1127:[0m clearing old transaction locks
[2m2025-03-25T07:54:45.372345Z[0m [32m INFO[0m [1mnode[0m[1m{[0m[3mname[0m[2m=[0mk#99f25ef6..[1m}[0m[2m:[0m[1mreconfigure[0m[2m:[0m [2msui_core::execution_cache::object_locks[0m[2m:[0m [2mcrates/sui-core/src/execution_cache/object_locks.rs[0m[2m:[0m[2m110:[0m clearing old transaction locks
[2m2025-03-25T07:54:45.372358Z[0m [32m INFO[0m [1mnode[0m[1m{[0m[3mname[0m[2m=[0mk#99f25ef6..[1m}[0m[2m:[0m[1mreconfigure[0m[2m:[0m[1mcheck_system_consistency[0m[2m:[0m [2msui_core::authority[0m[2m:[0m [2mcrates/sui-core/src/authority.rs[0m[2m:[0m[2m3308:[0m Performing sui conservation consistency check for epoch 0
[2m2025-03-25T07:54:45.372367Z[0m [32m INFO[0m [1mnode[0m[1m{[0m[3mname[0m[2m=[0mk#99f25ef6..[1m}[0m[2m:[0m[1mreconfigure[0m[2m:[0m[1mcheck_system_consistency[0m[2m:[0m [2msui_core::authority::authority_per_epoch_store[0m[2m:[0m [2mcrates/sui-core/src/authority/authority_per_epoch_store.rs[0m[2m:[0m[2m4251:[0m Verifying that all executed transactions are in a checkpoint
[2m2025-03-25T07:54:45.372692Z[0m [32m INFO[0m [1mnode[0m[1m{[0m[3mname[0m[2m=[0mk#99f25ef6..[1m}[0m[2m:[0m[1mreconfigure[0m[2m:[0m[1mcheck_system_consistency[0m[2m:[0m [2msui_core::authority::authority_store[0m[2m:[0m [2mcrates/sui-core/src/authority/authority_store.rs[0m[2m:[0m[2m1618:[0m Starting BFC conservation check. This may take a while..
[2m2025-03-25T07:54:45.838825Z[0m [31mERROR[0m [2mmysten_metrics::thread_stall_monitor[0m[2m:[0m [2mcrates/mysten-metrics/src/thread_stall_monitor.rs[0m[2m:[0m[2m43:[0m Thread stalled for 507ms
[2m2025-03-25T07:54:49.348060Z[0m [33m WARN[0m [1mnode[0m[1m{[0m[3mname[0m[2m=[0mk#b3f3cbb4..[1m}[0m[2m:[0m [2msui_core::checkpoints::checkpoint_executor[0m[2m:[0m [2mcrates/sui-core/src/checkpoints/checkpoint_executor/mod.rs[0m[2m:[0m[2m350:[0m Received no new synced checkpoints for 5s. Next checkpoint to be scheduled: 213
[2m2025-03-25T07:54:53.870468Z[0m [32m INFO[0m [1mnode[0m[1m{[0m[3mname[0m[2m=[0mk#8dcff6d1..[1m}[0m[2m:[0m[1mreconfigure[0m[2m:[0m[1mcheck_system_consistency[0m[2m:[0m [2msui_core::authority::authority_store[0m[2m:[0m [2mcrates/sui-core/src/authority/authority_store.rs[0m[2m:[0m[2m1671:[0m Scanned 673 live objects, took 8.527345875s
[2m2025-03-25T07:54:53.870793Z[0m [32m INFO[0m [1mnode[0m[1m{[0m[3mname[0m[2m=[0mk#8dcff6d1..[1m}[0m[2m:[0m[1mreconfigure[0m[2m:[0m[1mcheck_system_consistency[0m[2m:[0m [2msui_core::authority::authority_store[0m[2m:[0m [2mcrates/sui-core/src/authority/authority_store.rs[0m[2m:[0m[2m1692:[0m Total BFC amount in the network: 1000900000000000000, storage fund balance: 142044000,  total storage rebate: 142044000 at beginning of epoch 1
[2m2025-03-25T07:54:53.871246Z[0m [32m INFO[0m [1mnode[0m[1m{[0m[3mname[0m[2m=[0mk#8dcff6d1..[1m}[0m[2m:[0m[1mreconfigure[0m[2m:[0m[1mcheck_system_consistency[0m[2m:[0m [2msui_core::authority[0m[2m:[0m [2mcrates/sui-core/src/authority.rs[0m[2m:[0m[2m3329:[0m Sui conservation consistency check passed
[2m2025-03-25T07:54:53.871257Z[0m [32m INFO[0m [1mnode[0m[1m{[0m[3mname[0m[2m=[0mk#8dcff6d1..[1m}[0m[2m:[0m[1mreconfigure[0m[2m:[0m[1mcheck_system_consistency[0m[2m:[0m [2msui_core::authority[0m[2m:[0m [2mcrates/sui-core/src/authority.rs[0m[2m:[0m[2m3334:[0m Performing state consistency check for epoch 0
[2m2025-03-25T07:54:53.892997Z[0m [32m INFO[0m [1mnode[0m[1m{[0m[3mname[0m[2m=[0mk#addeef94..[1m}[0m[2m:[0m[1mreconfigure[0m[2m:[0m[1mcheck_system_consistency[0m[2m:[0m [2msui_core::authority::authority_store[0m[2m:[0m [2mcrates/sui-core/src/authority/authority_store.rs[0m[2m:[0m[2m1671:[0m Scanned 673 live objects, took 8.522555s
[2m2025-03-25T07:54:53.893204Z[0m [32m INFO[0m [1mnode[0m[1m{[0m[3mname[0m[2m=[0mk#addeef94..[1m}[0m[2m:[0m[1mreconfigure[0m[2m:[0m[1mcheck_system_consistency[0m[2m:[0m [2msui_core::authority::authority_store[0m[2m:[0m [2mcrates/sui-core/src/authority/authority_store.rs[0m[2m:[0m[2m1692:[0m Total BFC amount in the network: 1000900000000000000, storage fund balance: 142044000,  total storage rebate: 142044000 at beginning of epoch 1
[2m2025-03-25T07:54:53.893381Z[0m [32m INFO[0m [1mnode[0m[1m{[0m[3mname[0m[2m=[0mk#addeef94..[1m}[0m[2m:[0m[1mreconfigure[0m[2m:[0m[1mcheck_system_consistency[0m[2m:[0m [2msui_core::authority[0m[2m:[0m [2mcrates/sui-core/src/authority.rs[0m[2m:[0m[2m3329:[0m Sui conservation consistency check passed
[2m2025-03-25T07:54:53.893399Z[0m [32m INFO[0m [1mnode[0m[1m{[0m[3mname[0m[2m=[0mk#addeef94..[1m}[0m[2m:[0m[1mreconfigure[0m[2m:[0m[1mcheck_system_consistency[0m[2m:[0m [2msui_core::authority[0m[2m:[0m [2mcrates/sui-core/src/authority.rs[0m[2m:[0m[2m3334:[0m Performing state consistency check for epoch 0
[2m2025-03-25T07:54:53.897882Z[0m [32m INFO[0m [1mnode[0m[1m{[0m[3mname[0m[2m=[0mk#99f25ef6..[1m}[0m[2m:[0m[1mreconfigure[0m[2m:[0m[1mcheck_system_consistency[0m[2m:[0m [2msui_core::authority::authority_store[0m[2m:[0m [2mcrates/sui-core/src/authority/authority_store.rs[0m[2m:[0m[2m1671:[0m Scanned 673 live objects, took 8.525194292s
[2m2025-03-25T07:54:53.898075Z[0m [32m INFO[0m [1mnode[0m[1m{[0m[3mname[0m[2m=[0mk#99f25ef6..[1m}[0m[2m:[0m[1mreconfigure[0m[2m:[0m[1mcheck_system_consistency[0m[2m:[0m [2msui_core::authority::authority_store[0m[2m:[0m [2mcrates/sui-core/src/authority/authority_store.rs[0m[2m:[0m[2m1692:[0m Total BFC amount in the network: 1000900000000000000, storage fund balance: 142044000,  total storage rebate: 142044000 at beginning of epoch 1
[2m2025-03-25T07:54:53.898276Z[0m [32m INFO[0m [1mnode[0m[1m{[0m[3mname[0m[2m=[0mk#99f25ef6..[1m}[0m[2m:[0m[1mreconfigure[0m[2m:[0m[1mcheck_system_consistency[0m[2m:[0m [2msui_core::authority[0m[2m:[0m [2mcrates/sui-core/src/authority.rs[0m[2m:[0m[2m3329:[0m Sui conservation consistency check passed
[2m2025-03-25T07:54:53.898286Z[0m [32m INFO[0m [1mnode[0m[1m{[0m[3mname[0m[2m=[0mk#99f25ef6..[1m}[0m[2m:[0m[1mreconfigure[0m[2m:[0m[1mcheck_system_consistency[0m[2m:[0m [2msui_core::authority[0m[2m:[0m [2mcrates/sui-core/src/authority.rs[0m[2m:[0m[2m3334:[0m Performing state consistency check for epoch 0
[2m2025-03-25T07:54:53.935695Z[0m [32m INFO[0m [1mnode[0m[1m{[0m[3mname[0m[2m=[0mk#8dcff6d1..[1m}[0m[2m:[0m[1mreconfigure[0m[2m:[0m[1mcheck_system_consistency[0m[2m:[0m [2msui_core::authority[0m[2m:[0m [2mcrates/sui-core/src/authority.rs[0m[2m:[0m[2m3388:[0m State consistency check passed
[2m2025-03-25T07:54:53.935730Z[0m [32m INFO[0m [1mnode[0m[1m{[0m[3mname[0m[2m=[0mk#8dcff6d1..[1m}[0m[2m:[0m[1mreconfigure[0m[2m:[0m[1mmaybe_reaccumulate_state_hash[0m[2m:[0m[1mmaybe_reaccumulate_state_hash[0m[2m:[0m [2msui_types::digests[0m[2m:[0m [2mcrates/sui-types/src/digests.rs[0m[2m:[0m[2m217:[0m start unknown chain.....
[2m2025-03-25T07:54:53.935954Z[0m [32m INFO[0m [1mnode[0m[1m{[0m[3mname[0m[2m=[0mk#8dcff6d1..[1m}[0m[2m:[0m[1mreconfigure[0m[2m:[0m[1mreopen_epoch_db[0m[2m:[0m [2msui_core::authority[0m[2m:[0m [2mcrates/sui-core/src/authority.rs[0m[2m:[0m[2m5363:[0m re-opening AuthorityEpochTables for new epoch [3mnew_epoch[0m[2m=[0m1
[2m2025-03-25T07:54:53.957525Z[0m [32m INFO[0m [1mnode[0m[1m{[0m[3mname[0m[2m=[0mk#addeef94..[1m}[0m[2m:[0m[1mreconfigure[0m[2m:[0m[1mcheck_system_consistency[0m[2m:[0m [2msui_core::authority[0m[2m:[0m [2mcrates/sui-core/src/authority.rs[0m[2m:[0m[2m3388:[0m State consistency check passed
[2m2025-03-25T07:54:53.957549Z[0m [32m INFO[0m [1mnode[0m[1m{[0m[3mname[0m[2m=[0mk#addeef94..[1m}[0m[2m:[0m[1mreconfigure[0m[2m:[0m[1mmaybe_reaccumulate_state_hash[0m[2m:[0m[1mmaybe_reaccumulate_state_hash[0m[2m:[0m [2msui_types::digests[0m[2m:[0m [2mcrates/sui-types/src/digests.rs[0m[2m:[0m[2m217:[0m start unknown chain.....
[2m2025-03-25T07:54:53.957666Z[0m [32m INFO[0m [1mnode[0m[1m{[0m[3mname[0m[2m=[0mk#addeef94..[1m}[0m[2m:[0m[1mreconfigure[0m[2m:[0m[1mreopen_epoch_db[0m[2m:[0m [2msui_core::authority[0m[2m:[0m [2mcrates/sui-core/src/authority.rs[0m[2m:[0m[2m5363:[0m re-opening AuthorityEpochTables for new epoch [3mnew_epoch[0m[2m=[0m1
[2m2025-03-25T07:54:53.962291Z[0m [32m INFO[0m [1mnode[0m[1m{[0m[3mname[0m[2m=[0mk#99f25ef6..[1m}[0m[2m:[0m[1mreconfigure[0m[2m:[0m[1mcheck_system_consistency[0m[2m:[0m [2msui_core::authority[0m[2m:[0m [2mcrates/sui-core/src/authority.rs[0m[2m:[0m[2m3388:[0m State consistency check passed
[2m2025-03-25T07:54:53.962311Z[0m [32m INFO[0m [1mnode[0m[1m{[0m[3mname[0m[2m=[0mk#99f25ef6..[1m}[0m[2m:[0m[1mreconfigure[0m[2m:[0m[1mmaybe_reaccumulate_state_hash[0m[2m:[0m[1mmaybe_reaccumulate_state_hash[0m[2m:[0m [2msui_types::digests[0m[2m:[0m [2mcrates/sui-types/src/digests.rs[0m[2m:[0m[2m217:[0m start unknown chain.....
[2m2025-03-25T07:54:53.962421Z[0m [32m INFO[0m [1mnode[0m[1m{[0m[3mname[0m[2m=[0mk#99f25ef6..[1m}[0m[2m:[0m[1mreconfigure[0m[2m:[0m[1mreopen_epoch_db[0m[2m:[0m [2msui_core::authority[0m[2m:[0m [2mcrates/sui-core/src/authority.rs[0m[2m:[0m[2m5363:[0m re-opening AuthorityEpochTables for new epoch [3mnew_epoch[0m[2m=[0m1
[2m2025-03-25T07:54:54.350080Z[0m [33m WARN[0m [1mnode[0m[1m{[0m[3mname[0m[2m=[0mk#b3f3cbb4..[1m}[0m[2m:[0m [2msui_core::checkpoints::checkpoint_executor[0m[2m:[0m [2mcrates/sui-core/src/checkpoints/checkpoint_executor/mod.rs[0m[2m:[0m[2m350:[0m Received no new synced checkpoints for 5s. Next checkpoint to be scheduled: 213
[2m2025-03-25T07:54:55.196564Z[0m [32m INFO[0m [1mnode[0m[1m{[0m[3mname[0m[2m=[0mk#8dcff6d1..[1m}[0m[2m:[0m[1mreconfigure[0m[2m:[0m[1mreopen_epoch_db[0m[2m:[0m[1mAuthorityPerEpochStore::new[0m[1m{[0m[3mepoch[0m[2m=[0m1[1m}[0m[2m:[0m [2msui_core::authority::authority_per_epoch_store[0m[2m:[0m [2mcrates/sui-core/src/authority/authority_per_epoch_store.rs[0m[2m:[0m[2m894:[0m epoch flags: [ExecutedInEpochTable, StateAccumulatorV2EnabledTestnet, StateAccumulatorV2EnabledMainnet, WritebackCacheEnabled]
[2m2025-03-25T07:54:55.196602Z[0m [32m INFO[0m [1mnode[0m[1m{[0m[3mname[0m[2m=[0mk#8dcff6d1..[1m}[0m[2m:[0m[1mreconfigure[0m[2m:[0m[1mreopen_epoch_db[0m[2m:[0m[1mAuthorityPerEpochStore::new[0m[1m{[0m[3mepoch[0m[2m=[0m1[1m}[0m[2m:[0m [2msui_types::digests[0m[2m:[0m [2mcrates/sui-types/src/digests.rs[0m[2m:[0m[2m217:[0m start unknown chain.....
[2m2025-03-25T07:54:55.196852Z[0m [32m INFO[0m [1mnode[0m[1m{[0m[3mname[0m[2m=[0mk#8dcff6d1..[1m}[0m[2m:[0m[1mreconfigure[0m[2m:[0m[1mreopen_epoch_db[0m[2m:[0m[1mAuthorityPerEpochStore::new[0m[1m{[0m[3mepoch[0m[2m=[0m1[1m}[0m[2m:[0m [2msui_types::digests[0m[2m:[0m [2mcrates/sui-types/src/digests.rs[0m[2m:[0m[2m217:[0m start unknown chain.....
[2m2025-03-25T07:54:55.196884Z[0m [32m INFO[0m [1mnode[0m[1m{[0m[3mname[0m[2m=[0mk#8dcff6d1..[1m}[0m[2m:[0m[1mreconfigure[0m[2m:[0m[1mreopen_epoch_db[0m[2m:[0m[1mAuthorityPerEpochStore::new[0m[1m{[0m[3mepoch[0m[2m=[0m1[1m}[0m[2m:[0m [2msui_core::authority::authority_per_epoch_store[0m[2m:[0m [2mcrates/sui-core/src/authority/authority_per_epoch_store.rs[0m[2m:[0m[2m950:[0m authenticator_state enabled
[2m2025-03-25T07:54:55.197540Z[0m [32m INFO[0m [1mnode[0m[1m{[0m[3mname[0m[2m=[0mk#8dcff6d1..[1m}[0m[2m:[0m [2msui_node[0m[2m:[0m [2mcrates/sui-node/src/lib.rs[0m[2m:[0m[2m1944:[0m Node State has been reconfigured [3mnext_epoch[0m[2m=[0m1
[2m2025-03-25T07:54:55.197563Z[0m [32m INFO[0m [1mnode[0m[1m{[0m[3mname[0m[2m=[0mk#8dcff6d1..[1m}[0m[2m:[0m [2msui_node[0m[2m:[0m [2mcrates/sui-node/src/lib.rs[0m[2m:[0m[2m1765:[0m Epoch store finished reconfiguration.
[2m2025-03-25T07:54:55.197571Z[0m [32m INFO[0m [1mnode[0m[1m{[0m[3mname[0m[2m=[0mk#8dcff6d1..[1m}[0m[2m:[0m [2msui_types::digests[0m[2m:[0m [2mcrates/sui-types/src/digests.rs[0m[2m:[0m[2m217:[0m start unknown chain.....
[2m2025-03-25T07:54:55.197613Z[0m [32m INFO[0m [1mnode[0m[1m{[0m[3mname[0m[2m=[0mk#8dcff6d1..[1m}[0m[2m:[0m [2msui_core::checkpoints[0m[2m:[0m [2mcrates/sui-core/src/checkpoints/mod.rs[0m[2m:[0m[2m2358:[0m Starting checkpoint service with 10000 max_transactions_per_checkpoint and 31457280 max_checkpoint_size_bytes
[2m2025-03-25T07:54:55.218616Z[0m [32m INFO[0m [1mnode[0m[1m{[0m[3mname[0m[2m=[0mk#addeef94..[1m}[0m[2m:[0m[1mreconfigure[0m[2m:[0m[1mreopen_epoch_db[0m[2m:[0m[1mAuthorityPerEpochStore::new[0m[1m{[0m[3mepoch[0m[2m=[0m1[1m}[0m[2m:[0m [2msui_core::authority::authority_per_epoch_store[0m[2m:[0m [2mcrates/sui-core/src/authority/authority_per_epoch_store.rs[0m[2m:[0m[2m894:[0m epoch flags: [ExecutedInEpochTable, StateAccumulatorV2EnabledTestnet, StateAccumulatorV2EnabledMainnet, WritebackCacheEnabled]
[2m2025-03-25T07:54:55.218635Z[0m [32m INFO[0m [1mnode[0m[1m{[0m[3mname[0m[2m=[0mk#addeef94..[1m}[0m[2m:[0m[1mreconfigure[0m[2m:[0m[1mreopen_epoch_db[0m[2m:[0m[1mAuthorityPerEpochStore::new[0m[1m{[0m[3mepoch[0m[2m=[0m1[1m}[0m[2m:[0m [2msui_types::digests[0m[2m:[0m [2mcrates/sui-types/src/digests.rs[0m[2m:[0m[2m217:[0m start unknown chain.....
[2m2025-03-25T07:54:55.218874Z[0m [32m INFO[0m [1mnode[0m[1m{[0m[3mname[0m[2m=[0mk#addeef94..[1m}[0m[2m:[0m[1mreconfigure[0m[2m:[0m[1mreopen_epoch_db[0m[2m:[0m[1mAuthorityPerEpochStore::new[0m[1m{[0m[3mepoch[0m[2m=[0m1[1m}[0m[2m:[0m [2msui_types::digests[0m[2m:[0m [2mcrates/sui-types/src/digests.rs[0m[2m:[0m[2m217:[0m start unknown chain.....
[2m2025-03-25T07:54:55.218898Z[0m [32m INFO[0m [1mnode[0m[1m{[0m[3mname[0m[2m=[0mk#addeef94..[1m}[0m[2m:[0m[1mreconfigure[0m[2m:[0m[1mreopen_epoch_db[0m[2m:[0m[1mAuthorityPerEpochStore::new[0m[1m{[0m[3mepoch[0m[2m=[0m1[1m}[0m[2m:[0m [2msui_core::authority::authority_per_epoch_store[0m[2m:[0m [2mcrates/sui-core/src/authority/authority_per_epoch_store.rs[0m[2m:[0m[2m950:[0m authenticator_state enabled
[2m2025-03-25T07:54:55.219421Z[0m [32m INFO[0m [1mnode[0m[1m{[0m[3mname[0m[2m=[0mk#addeef94..[1m}[0m[2m:[0m [2msui_node[0m[2m:[0m [2mcrates/sui-node/src/lib.rs[0m[2m:[0m[2m1944:[0m Node State has been reconfigured [3mnext_epoch[0m[2m=[0m1
[2m2025-03-25T07:54:55.219439Z[0m [32m INFO[0m [1mnode[0m[1m{[0m[3mname[0m[2m=[0mk#addeef94..[1m}[0m[2m:[0m [2msui_node[0m[2m:[0m [2mcrates/sui-node/src/lib.rs[0m[2m:[0m[2m1765:[0m Epoch store finished reconfiguration.
[2m2025-03-25T07:54:55.219446Z[0m [32m INFO[0m [1mnode[0m[1m{[0m[3mname[0m[2m=[0mk#addeef94..[1m}[0m[2m:[0m [2msui_types::digests[0m[2m:[0m [2mcrates/sui-types/src/digests.rs[0m[2m:[0m[2m217:[0m start unknown chain.....
[2m2025-03-25T07:54:55.219462Z[0m [32m INFO[0m [1mnode[0m[1m{[0m[3mname[0m[2m=[0mk#addeef94..[1m}[0m[2m:[0m [2msui_core::checkpoints[0m[2m:[0m [2mcrates/sui-core/src/checkpoints/mod.rs[0m[2m:[0m[2m2358:[0m Starting checkpoint service with 10000 max_transactions_per_checkpoint and 31457280 max_checkpoint_size_bytes
[2m2025-03-25T07:54:55.220868Z[0m [32m INFO[0m [1mnode[0m[1m{[0m[3mname[0m[2m=[0mk#8dcff6d1..[1m}[0m[2m:[0m [2mfastcrypto_tbls::dkg_v1[0m[2m:[0m [2m/Users/mofei/.cargo/git/checkouts/fastcrypto-b430feb5437546af/9519ebc/fastcrypto-tbls/src/dkg_v1.rs[0m[2m:[0m[2m187:[0m DKG: Creating party 0 with weight 175, nodes hash rbgyCsbEVTCZ3borONAbufCa8zqxhtEySy8Isv0tHdo=, t 176, n 525, ro RandomOracle { prefix: "dkg db09b843c668fcf30523b0e52d52f681033f1a8a9705be428a372a19b36dbe6f 1" }, enc pk PublicKey("8dcff6d155040a656f4819b13111b52c5746a86ba72f395fbafe2ec3847d1e8140e624a751fdf6b5f2050bc7205cf9d30004c90b0c740affd326ce673cc2b23a2d24d53e2afeb286dfc668fd4060089d6d2b17b799dd36f90d332e54a7a338d4"), vss pk c0 "820028181ea8ee7e6979ea3a438d4ae181d74a6a2d4189ef7ed940b919f7a62c180e4caec40f092fbca1a463b389e13d0248a0c2178bd6493da6bc1f623a1f89e57b3b6881d8d535e5d7b1d2938a9fbcfe7ff4f51a7e45ae88ee068c8ea83ed9"
[2m2025-03-25T07:54:55.220901Z[0m [32m INFO[0m [1mnode[0m[1m{[0m[3mname[0m[2m=[0mk#8dcff6d1..[1m}[0m[2m:[0m [2msui_core::epoch::randomness[0m[2m:[0m [2mcrates/sui-core/src/epoch/randomness.rs[0m[2m:[0m[2m274:[0m random beacon: state initialized with authority=k#8dcff6d155040a656f4819b13111b52c5746a86ba72f395fbafe2ec3847d1e8140e624a751fdf6b5f2050bc7205cf9d30004c90b0c740affd326ce673cc2b23a2d24d53e2afeb286dfc668fd4060089d6d2b17b799dd36f90d332e54a7a338d4, total_weight=525, t=176, num_nodes=3, oracle initial_prefix="dkg db09b843c668fcf30523b0e52d52f681033f1a8a9705be428a372a19b36dbe6f 1"
[2m2025-03-25T07:54:55.220927Z[0m [32m INFO[0m [1mnode[0m[1m{[0m[3mname[0m[2m=[0mk#8dcff6d1..[1m}[0m[2m:[0m [2msui_core::epoch::randomness[0m[2m:[0m [2mcrates/sui-core/src/epoch/randomness.rs[0m[2m:[0m[2m323:[0m random beacon: no existing DKG output found for epoch 1
[2m2025-03-25T07:54:55.220984Z[0m [32m INFO[0m [1mnode[0m[1m{[0m[3mname[0m[2m=[0mk#8dcff6d1..[1m}[0m[2m:[0m [2msui_core::epoch::randomness[0m[2m:[0m [2mcrates/sui-core/src/epoch/randomness.rs[0m[2m:[0m[2m365:[0m random beacon: starting from next_randomness_round=0
[2m2025-03-25T07:54:55.220997Z[0m [32m INFO[0m [1mnode[0m[1m{[0m[3mname[0m[2m=[0mk#8dcff6d1..[1m}[0m[2m:[0m [2msui_core::epoch::randomness[0m[2m:[0m [2mcrates/sui-core/src/epoch/randomness.rs[0m[2m:[0m[2m397:[0m random beacon: starting DKG, version 1
[2m2025-03-25T07:54:55.224060Z[0m [32m INFO[0m [1mnode[0m[1m{[0m[3mname[0m[2m=[0mk#99f25ef6..[1m}[0m[2m:[0m[1mreconfigure[0m[2m:[0m[1mreopen_epoch_db[0m[2m:[0m[1mAuthorityPerEpochStore::new[0m[1m{[0m[3mepoch[0m[2m=[0m1[1m}[0m[2m:[0m [2msui_core::authority::authority_per_epoch_store[0m[2m:[0m [2mcrates/sui-core/src/authority/authority_per_epoch_store.rs[0m[2m:[0m[2m894:[0m epoch flags: [ExecutedInEpochTable, StateAccumulatorV2EnabledTestnet, StateAccumulatorV2EnabledMainnet, WritebackCacheEnabled]
[2m2025-03-25T07:54:55.224076Z[0m [32m INFO[0m [1mnode[0m[1m{[0m[3mname[0m[2m=[0mk#99f25ef6..[1m}[0m[2m:[0m[1mreconfigure[0m[2m:[0m[1mreopen_epoch_db[0m[2m:[0m[1mAuthorityPerEpochStore::new[0m[1m{[0m[3mepoch[0m[2m=[0m1[1m}[0m[2m:[0m [2msui_types::digests[0m[2m:[0m [2mcrates/sui-types/src/digests.rs[0m[2m:[0m[2m217:[0m start unknown chain.....
[2m2025-03-25T07:54:55.224281Z[0m [32m INFO[0m [1mnode[0m[1m{[0m[3mname[0m[2m=[0mk#99f25ef6..[1m}[0m[2m:[0m[1mreconfigure[0m[2m:[0m[1mreopen_epoch_db[0m[2m:[0m[1mAuthorityPerEpochStore::new[0m[1m{[0m[3mepoch[0m[2m=[0m1[1m}[0m[2m:[0m [2msui_types::digests[0m[2m:[0m [2mcrates/sui-types/src/digests.rs[0m[2m:[0m[2m217:[0m start unknown chain.....
[2m2025-03-25T07:54:55.224298Z[0m [32m INFO[0m [1mnode[0m[1m{[0m[3mname[0m[2m=[0mk#99f25ef6..[1m}[0m[2m:[0m[1mreconfigure[0m[2m:[0m[1mreopen_epoch_db[0m[2m:[0m[1mAuthorityPerEpochStore::new[0m[1m{[0m[3mepoch[0m[2m=[0m1[1m}[0m[2m:[0m [2msui_core::authority::authority_per_epoch_store[0m[2m:[0m [2mcrates/sui-core/src/authority/authority_per_epoch_store.rs[0m[2m:[0m[2m950:[0m authenticator_state enabled
[2m2025-03-25T07:54:55.224762Z[0m [32m INFO[0m [1mnode[0m[1m{[0m[3mname[0m[2m=[0mk#99f25ef6..[1m}[0m[2m:[0m [2msui_node[0m[2m:[0m [2mcrates/sui-node/src/lib.rs[0m[2m:[0m[2m1944:[0m Node State has been reconfigured [3mnext_epoch[0m[2m=[0m1
[2m2025-03-25T07:54:55.224778Z[0m [32m INFO[0m [1mnode[0m[1m{[0m[3mname[0m[2m=[0mk#99f25ef6..[1m}[0m[2m:[0m [2msui_node[0m[2m:[0m [2mcrates/sui-node/src/lib.rs[0m[2m:[0m[2m1765:[0m Epoch store finished reconfiguration.
[2m2025-03-25T07:54:55.224785Z[0m [32m INFO[0m [1mnode[0m[1m{[0m[3mname[0m[2m=[0mk#99f25ef6..[1m}[0m[2m:[0m [2msui_types::digests[0m[2m:[0m [2mcrates/sui-types/src/digests.rs[0m[2m:[0m[2m217:[0m start unknown chain.....
[2m2025-03-25T07:54:55.224798Z[0m [32m INFO[0m [1mnode[0m[1m{[0m[3mname[0m[2m=[0mk#99f25ef6..[1m}[0m[2m:[0m [2msui_core::checkpoints[0m[2m:[0m [2mcrates/sui-core/src/checkpoints/mod.rs[0m[2m:[0m[2m2358:[0m Starting checkpoint service with 10000 max_transactions_per_checkpoint and 31457280 max_checkpoint_size_bytes
[2m2025-03-25T07:54:55.242624Z[0m [32m INFO[0m [1mnode[0m[1m{[0m[3mname[0m[2m=[0mk#addeef94..[1m}[0m[2m:[0m [2mfastcrypto_tbls::dkg_v1[0m[2m:[0m [2m/Users/mofei/.cargo/git/checkouts/fastcrypto-b430feb5437546af/9519ebc/fastcrypto-tbls/src/dkg_v1.rs[0m[2m:[0m[2m187:[0m DKG: Creating party 2 with weight 175, nodes hash rbgyCsbEVTCZ3borONAbufCa8zqxhtEySy8Isv0tHdo=, t 176, n 525, ro RandomOracle { prefix: "dkg db09b843c668fcf30523b0e52d52f681033f1a8a9705be428a372a19b36dbe6f 1" }, enc pk PublicKey("addeef94d898c88e40dbdeff91c5f105f9cf2c747fb6f2bc37ec03d6c91edb2e1a578cf544be8b0931e25f243d59b0c30d98a16ce3ba1d6cf1d7f50426992eb0adb3134b055be8140d2db5f25fb00d83f8e4222bf01fd6ac93a1ff4d79da58f2"), vss pk c0 "b78bef04603d8a6d53886d0e78f3c050e4143ace84c89c651eb84d6bee1289c07eb4dca6640ebc1d46b5eaf3fa10460e0a2e987aa4bdd44c87a3f92ff5810aebc34b74ca10700cf4dae70c296176052370276c4a4b353a09ecca763fb8a585ff"
[2m2025-03-25T07:54:55.242651Z[0m [32m INFO[0m [1mnode[0m[1m{[0m[3mname[0m[2m=[0mk#addeef94..[1m}[0m[2m:[0m [2msui_core::epoch::randomness[0m[2m:[0m [2mcrates/sui-core/src/epoch/randomness.rs[0m[2m:[0m[2m274:[0m random beacon: state initialized with authority=k#addeef94d898c88e40dbdeff91c5f105f9cf2c747fb6f2bc37ec03d6c91edb2e1a578cf544be8b0931e25f243d59b0c30d98a16ce3ba1d6cf1d7f50426992eb0adb3134b055be8140d2db5f25fb00d83f8e4222bf01fd6ac93a1ff4d79da58f2, total_weight=525, t=176, num_nodes=3, oracle initial_prefix="dkg db09b843c668fcf30523b0e52d52f681033f1a8a9705be428a372a19b36dbe6f 1"
[2m2025-03-25T07:54:55.242673Z[0m [32m INFO[0m [1mnode[0m[1m{[0m[3mname[0m[2m=[0mk#addeef94..[1m}[0m[2m:[0m [2msui_core::epoch::randomness[0m[2m:[0m [2mcrates/sui-core/src/epoch/randomness.rs[0m[2m:[0m[2m323:[0m random beacon: no existing DKG output found for epoch 1
[2m2025-03-25T07:54:55.242727Z[0m [32m INFO[0m [1mnode[0m[1m{[0m[3mname[0m[2m=[0mk#addeef94..[1m}[0m[2m:[0m [2msui_core::epoch::randomness[0m[2m:[0m [2mcrates/sui-core/src/epoch/randomness.rs[0m[2m:[0m[2m365:[0m random beacon: starting from next_randomness_round=0
[2m2025-03-25T07:54:55.242736Z[0m [32m INFO[0m [1mnode[0m[1m{[0m[3mname[0m[2m=[0mk#addeef94..[1m}[0m[2m:[0m [2msui_core::epoch::randomness[0m[2m:[0m [2mcrates/sui-core/src/epoch/randomness.rs[0m[2m:[0m[2m397:[0m random beacon: starting DKG, version 1
[2m2025-03-25T07:54:55.242885Z[0m [32m INFO[0m [1mnode[0m[1m{[0m[3mname[0m[2m=[0mk#8dcff6d1..[1m}[0m[2m:[0m [2mfastcrypto_tbls::dkg_v1[0m[2m:[0m [2m/Users/mofei/.cargo/git/checkouts/fastcrypto-b430feb5437546af/9519ebc/fastcrypto-tbls/src/dkg_v1.rs[0m[2m:[0m[2m225:[0m DKG: Creating message for party 0 with vss pk c0 "820028181ea8ee7e6979ea3a438d4ae181d74a6a2d4189ef7ed940b919f7a62c180e4caec40f092fbca1a463b389e13d0248a0c2178bd6493da6bc1f623a1f89e57b3b6881d8d535e5d7b1d2938a9fbcfe7ff4f51a7e45ae88ee068c8ea83ed9", ro RandomOracle { prefix: "dkg db09b843c668fcf30523b0e52d52f681033f1a8a9705be428a372a19b36dbe6f 1-encs 0" }
[2m2025-03-25T07:54:55.247917Z[0m [32m INFO[0m [1mnode[0m[1m{[0m[3mname[0m[2m=[0mk#99f25ef6..[1m}[0m[2m:[0m [2mfastcrypto_tbls::dkg_v1[0m[2m:[0m [2m/Users/mofei/.cargo/git/checkouts/fastcrypto-b430feb5437546af/9519ebc/fastcrypto-tbls/src/dkg_v1.rs[0m[2m:[0m[2m187:[0m DKG: Creating party 1 with weight 175, nodes hash rbgyCsbEVTCZ3borONAbufCa8zqxhtEySy8Isv0tHdo=, t 176, n 525, ro RandomOracle { prefix: "dkg db09b843c668fcf30523b0e52d52f681033f1a8a9705be428a372a19b36dbe6f 1" }, enc pk PublicKey("99f25ef61f8032b914636460982c5cc6f134ef1ddae76657f2cbfec1ebfc8d097374080df6fcf0dcb8bc4b0d8e0af5d80ebbff2b4c599f54f42d6312dfc314276078c1cc347ebbbec5198be258513f386b930d02c2749a803e2330955ebd1a10"), vss pk c0 "adafd8348e9aa19797a7d369377de249e27e520565ed07967fb08d2bc5d97b2d8426a8add5d3e81ee462accf7091ad0e11f2e1bc4c760f73d4bdef2162dcba1a4129ebdd433cb877eaba0320abd09c320fe128e082d497d02cb11a288b2f249f"
[2m2025-03-25T07:54:55.247942Z[0m [32m INFO[0m [1mnode[0m[1m{[0m[3mname[0m[2m=[0mk#99f25ef6..[1m}[0m[2m:[0m [2msui_core::epoch::randomness[0m[2m:[0m [2mcrates/sui-core/src/epoch/randomness.rs[0m[2m:[0m[2m274:[0m random beacon: state initialized with authority=k#99f25ef61f8032b914636460982c5cc6f134ef1ddae76657f2cbfec1ebfc8d097374080df6fcf0dcb8bc4b0d8e0af5d80ebbff2b4c599f54f42d6312dfc314276078c1cc347ebbbec5198be258513f386b930d02c2749a803e2330955ebd1a10, total_weight=525, t=176, num_nodes=3, oracle initial_prefix="dkg db09b843c668fcf30523b0e52d52f681033f1a8a9705be428a372a19b36dbe6f 1"
[2m2025-03-25T07:54:55.247963Z[0m [32m INFO[0m [1mnode[0m[1m{[0m[3mname[0m[2m=[0mk#99f25ef6..[1m}[0m[2m:[0m [2msui_core::epoch::randomness[0m[2m:[0m [2mcrates/sui-core/src/epoch/randomness.rs[0m[2m:[0m[2m323:[0m random beacon: no existing DKG output found for epoch 1
[2m2025-03-25T07:54:55.248016Z[0m [32m INFO[0m [1mnode[0m[1m{[0m[3mname[0m[2m=[0mk#99f25ef6..[1m}[0m[2m:[0m [2msui_core::epoch::randomness[0m[2m:[0m [2mcrates/sui-core/src/epoch/randomness.rs[0m[2m:[0m[2m365:[0m random beacon: starting from next_randomness_round=0
[2m2025-03-25T07:54:55.248024Z[0m [32m INFO[0m [1mnode[0m[1m{[0m[3mname[0m[2m=[0mk#99f25ef6..[1m}[0m[2m:[0m [2msui_core::epoch::randomness[0m[2m:[0m [2mcrates/sui-core/src/epoch/randomness.rs[0m[2m:[0m[2m397:[0m random beacon: starting DKG, version 1
[2m2025-03-25T07:54:55.250596Z[0m [32m INFO[0m [1mnode[0m[1m{[0m[3mname[0m[2m=[0mk#8dcff6d1..[1m}[0m[2m:[0m [2msui_core::epoch::randomness[0m[2m:[0m [2mcrates/sui-core/src/epoch/randomness.rs[0m[2m:[0m[2m414:[0m random beacon: created DKG V1 Message with sender=0, vss_pk.degree=175, encrypted_shares.len()=3 with dkg version 1
[2m2025-03-25T07:54:55.253301Z[0m [32m INFO[0m [1mnode[0m[1m{[0m[3mname[0m[2m=[0mk#8dcff6d1..[1m}[0m[2m:[0m [2msui_types::digests[0m[2m:[0m [2mcrates/sui-types/src/digests.rs[0m[2m:[0m[2m217:[0m start unknown chain.....
[2m2025-03-25T07:54:55.253336Z[0m [32m INFO[0m [1mnode[0m[1m{[0m[3mname[0m[2m=[0mk#8dcff6d1..[1m}[0m[2m:[0m [2msui_core::consensus_validator[0m[2m:[0m [2mcrates/sui-core/src/consensus_validator.rs[0m[2m:[0m[2m44:[0m SuiTxValidator constructed for epoch 1
[2m2025-03-25T07:54:55.253343Z[0m [32m INFO[0m [1mnode[0m[1m{[0m[3mname[0m[2m=[0mk#8dcff6d1..[1m}[0m[2m:[0m [2msui_core::consensus_manager[0m[2m:[0m [2mcrates/sui-core/src/consensus_manager/mod.rs[0m[2m:[0m[2m131:[0m Starting consensus ...
[2m2025-03-25T07:54:55.253449Z[0m [32m INFO[0m [1mnode[0m[1m{[0m[3mname[0m[2m=[0mk#8dcff6d1..[1m}[0m[2m:[0m [2msui_core::consensus_manager[0m[2m:[0m [2mcrates/sui-core/src/consensus_manager/mod.rs[0m[2m:[0m[2m271:[0m Starting up consensus for epoch 1 & protocol version ProtocolVersion(70)
[2m2025-03-25T07:54:55.253970Z[0m [32m INFO[0m [1mnode[0m[1m{[0m[3mname[0m[2m=[0mk#8dcff6d1..[1m}[0m[2m:[0m [2mconsensus_core::authority_node[0m[2m:[0m [2mconsensus/core/src/authority_node.rs[0m[2m:[0m[2m179:[0m Starting consensus authority A
Committee {
    epoch: 1,
    total_stake: 10000,
    quorum_threshold: 6667,
    validity_threshold: 3334,
    authorities: [
        Authority {
            stake: 3333,
            address: Multiaddr(
                "/ip4/127.0.0.1/udp/60577",
            ),
            hostname: "validator-1",
            authority_key: AuthorityPublicKey(
                jc/20VUECmVvSBmxMRG1LFdGqGunLzlfuv4uw4R9HoFA5iSnUf32tfIFC8cgXPnTAATJCwx0Cv/TJs5nPMKyOi0k1T4q/rKG38Zo/UBgCJ1tKxe3md02+Q0zLlSnozjU,
            ),
            protocol_key: ProtocolPublicKey(
                dFfwLwlGeYc5T1q8DZfxLp/61Y7ZivWIuvkzDBIQQYs=,
            ),
            network_key: NetworkPublicKey(
                ghb/z/CptBLwXN7pZQoUXGLGoxLLqMJh+4Nfl68caR4=,
            ),
        },
        Authority {
            stake: 3333,
            address: Multiaddr(
                "/ip4/127.0.0.1/udp/60563",
            ),
            hostname: "validator-0",
            authority_key: AuthorityPublicKey(
                mfJe9h+AMrkUY2RgmCxcxvE07x3a52ZX8sv+wev8jQlzdAgN9vzw3Li8Sw2OCvXYDrv/K0xZn1T0LWMS38MUJ2B4wcw0fru+xRmL4lhRPzhrkw0CwnSagD4jMJVevRoQ,
            ),
            protocol_key: ProtocolPublicKey(
                qMuDUMcA6gv6xxPfiNpAvqtLcFcm7/ms8jz6bp+EZRk=,
            ),
            network_key: NetworkPublicKey(
                aSLFgxy46Xguf+rQrXAORpUC++YB1bDQv6ELJTb+sT0=,
            ),
        },
        Authority {
            stake: 3334,
            address: Multiaddr(
                "/ip4/127.0.0.1/udp/60591",
            ),
            hostname: "validator-2",
            authority_key: AuthorityPublicKey(
                rd7vlNiYyI5A297/kcXxBfnPLHR/tvK8N+wD1ske2y4aV4z1RL6LCTHiXyQ9WbDDDZihbOO6HWzx1/UEJpkusK2zE0sFW+gUDS218l+wDYP45CIr8B/WrJOh/0152ljy,
            ),
            protocol_key: ProtocolPublicKey(
                PnrLy1JTYKAm4dBM2Qbe0AKYb4ivKzqnbeZqb1fg4m4=,
            ),
            network_key: NetworkPublicKey(
                1rtaG7LqAQU9mLEEbtFfVNM7BcrMB++C7CD07GJlGVU=,
            ),
        },
    ],
}
Parameters {
    db_path: "/var/folders/9l/kfqd6hv17d1_8yxpd6zwys8m0000gn/T/.tmpDLzveR/consensus_db/8dcff6d15504/1",
    leader_timeout: 250ms,
    min_round_delay: 400ms,
    max_forward_time_drift: 500ms,
    max_blocks_per_fetch: 1000,
    sync_last_known_own_block_timeout: 5s,
    round_prober_interval_ms: 5000,
    round_prober_request_timeout_ms: 2000,
    propagation_delay_stop_proposal_threshold: 10,
    dag_state_cached_rounds: 500,
    commit_sync_parallel_fetches: 8,
    commit_sync_batch_size: 100,
    commit_sync_batches_ahead: 32,
    anemo: AnemoParameters {
        excessive_message_size: 8388608,
    },
    tonic: TonicParameters {
        keepalive_interval: 5s,
        connection_buffer_size: 33554432,
        excessive_message_size: 16777216,
        message_size_limit: 67108864,
    },
}
ProtocolVersion(70)
Boot counter: 1
[2m2025-03-25T07:54:55.264615Z[0m [32m INFO[0m [1mnode[0m[1m{[0m[3mname[0m[2m=[0mk#addeef94..[1m}[0m[2m:[0m [2mfastcrypto_tbls::dkg_v1[0m[2m:[0m [2m/Users/mofei/.cargo/git/checkouts/fastcrypto-b430feb5437546af/9519ebc/fastcrypto-tbls/src/dkg_v1.rs[0m[2m:[0m[2m225:[0m DKG: Creating message for party 2 with vss pk c0 "b78bef04603d8a6d53886d0e78f3c050e4143ace84c89c651eb84d6bee1289c07eb4dca6640ebc1d46b5eaf3fa10460e0a2e987aa4bdd44c87a3f92ff5810aebc34b74ca10700cf4dae70c296176052370276c4a4b353a09ecca763fb8a585ff", ro RandomOracle { prefix: "dkg db09b843c668fcf30523b0e52d52f681033f1a8a9705be428a372a19b36dbe6f 1-encs 2" }
[2m2025-03-25T07:54:55.269927Z[0m [32m INFO[0m [1mnode[0m[1m{[0m[3mname[0m[2m=[0mk#99f25ef6..[1m}[0m[2m:[0m [2mfastcrypto_tbls::dkg_v1[0m[2m:[0m [2m/Users/mofei/.cargo/git/checkouts/fastcrypto-b430feb5437546af/9519ebc/fastcrypto-tbls/src/dkg_v1.rs[0m[2m:[0m[2m225:[0m DKG: Creating message for party 1 with vss pk c0 "adafd8348e9aa19797a7d369377de249e27e520565ed07967fb08d2bc5d97b2d8426a8add5d3e81ee462accf7091ad0e11f2e1bc4c760f73d4bdef2162dcba1a4129ebdd433cb877eaba0320abd09c320fe128e082d497d02cb11a288b2f249f", ro RandomOracle { prefix: "dkg db09b843c668fcf30523b0e52d52f681033f1a8a9705be428a372a19b36dbe6f 1-encs 1" }
[2m2025-03-25T07:54:55.272337Z[0m [32m INFO[0m [1mnode[0m[1m{[0m[3mname[0m[2m=[0mk#addeef94..[1m}[0m[2m:[0m [2msui_core::epoch::randomness[0m[2m:[0m [2mcrates/sui-core/src/epoch/randomness.rs[0m[2m:[0m[2m414:[0m random beacon: created DKG V1 Message with sender=2, vss_pk.degree=175, encrypted_shares.len()=3 with dkg version 1
[2m2025-03-25T07:54:55.274972Z[0m [32m INFO[0m [1mnode[0m[1m{[0m[3mname[0m[2m=[0mk#addeef94..[1m}[0m[2m:[0m [2msui_types::digests[0m[2m:[0m [2mcrates/sui-types/src/digests.rs[0m[2m:[0m[2m217:[0m start unknown chain.....
[2m2025-03-25T07:54:55.274996Z[0m [32m INFO[0m [1mnode[0m[1m{[0m[3mname[0m[2m=[0mk#addeef94..[1m}[0m[2m:[0m [2msui_core::consensus_validator[0m[2m:[0m [2mcrates/sui-core/src/consensus_validator.rs[0m[2m:[0m[2m44:[0m SuiTxValidator constructed for epoch 1
[2m2025-03-25T07:54:55.275002Z[0m [32m INFO[0m [1mnode[0m[1m{[0m[3mname[0m[2m=[0mk#addeef94..[1m}[0m[2m:[0m [2msui_core::consensus_manager[0m[2m:[0m [2mcrates/sui-core/src/consensus_manager/mod.rs[0m[2m:[0m[2m131:[0m Starting consensus ...
[2m2025-03-25T07:54:55.275092Z[0m [32m INFO[0m [1mnode[0m[1m{[0m[3mname[0m[2m=[0mk#addeef94..[1m}[0m[2m:[0m [2msui_core::consensus_manager[0m[2m:[0m [2mcrates/sui-core/src/consensus_manager/mod.rs[0m[2m:[0m[2m271:[0m Starting up consensus for epoch 1 & protocol version ProtocolVersion(70)
[2m2025-03-25T07:54:55.275555Z[0m [32m INFO[0m [1mnode[0m[1m{[0m[3mname[0m[2m=[0mk#addeef94..[1m}[0m[2m:[0m [2mconsensus_core::authority_node[0m[2m:[0m [2mconsensus/core/src/authority_node.rs[0m[2m:[0m[2m179:[0m Starting consensus authority C
Committee {
    epoch: 1,
    total_stake: 10000,
    quorum_threshold: 6667,
    validity_threshold: 3334,
    authorities: [
        Authority {
            stake: 3333,
            address: Multiaddr(
                "/ip4/127.0.0.1/udp/60577",
            ),
            hostname: "validator-1",
            authority_key: AuthorityPublicKey(
                jc/20VUECmVvSBmxMRG1LFdGqGunLzlfuv4uw4R9HoFA5iSnUf32tfIFC8cgXPnTAATJCwx0Cv/TJs5nPMKyOi0k1T4q/rKG38Zo/UBgCJ1tKxe3md02+Q0zLlSnozjU,
            ),
            protocol_key: ProtocolPublicKey(
                dFfwLwlGeYc5T1q8DZfxLp/61Y7ZivWIuvkzDBIQQYs=,
            ),
            network_key: NetworkPublicKey(
                ghb/z/CptBLwXN7pZQoUXGLGoxLLqMJh+4Nfl68caR4=,
            ),
        },
        Authority {
            stake: 3333,
            address: Multiaddr(
                "/ip4/127.0.0.1/udp/60563",
            ),
            hostname: "validator-0",
            authority_key: AuthorityPublicKey(
                mfJe9h+AMrkUY2RgmCxcxvE07x3a52ZX8sv+wev8jQlzdAgN9vzw3Li8Sw2OCvXYDrv/K0xZn1T0LWMS38MUJ2B4wcw0fru+xRmL4lhRPzhrkw0CwnSagD4jMJVevRoQ,
            ),
            protocol_key: ProtocolPublicKey(
                qMuDUMcA6gv6xxPfiNpAvqtLcFcm7/ms8jz6bp+EZRk=,
            ),
            network_key: NetworkPublicKey(
                aSLFgxy46Xguf+rQrXAORpUC++YB1bDQv6ELJTb+sT0=,
            ),
        },
        Authority {
            stake: 3334,
            address: Multiaddr(
                "/ip4/127.0.0.1/udp/60591",
            ),
            hostname: "validator-2",
            authority_key: AuthorityPublicKey(
                rd7vlNiYyI5A297/kcXxBfnPLHR/tvK8N+wD1ske2y4aV4z1RL6LCTHiXyQ9WbDDDZihbOO6HWzx1/UEJpkusK2zE0sFW+gUDS218l+wDYP45CIr8B/WrJOh/0152ljy,
            ),
            protocol_key: ProtocolPublicKey(
                PnrLy1JTYKAm4dBM2Qbe0AKYb4ivKzqnbeZqb1fg4m4=,
            ),
            network_key: NetworkPublicKey(
                1rtaG7LqAQU9mLEEbtFfVNM7BcrMB++C7CD07GJlGVU=,
            ),
        },
    ],
}
Parameters {
    db_path: "/var/folders/9l/kfqd6hv17d1_8yxpd6zwys8m0000gn/T/.tmpDLzveR/consensus_db/addeef94d898/1",
    leader_timeout: 250ms,
    min_round_delay: 400ms,
    max_forward_time_drift: 500ms,
    max_blocks_per_fetch: 1000,
    sync_last_known_own_block_timeout: 5s,
    round_prober_interval_ms: 5000,
    round_prober_request_timeout_ms: 2000,
    propagation_delay_stop_proposal_threshold: 10,
    dag_state_cached_rounds: 500,
    commit_sync_parallel_fetches: 8,
    commit_sync_batch_size: 100,
    commit_sync_batches_ahead: 32,
    anemo: AnemoParameters {
        excessive_message_size: 8388608,
    },
    tonic: TonicParameters {
        keepalive_interval: 5s,
        connection_buffer_size: 33554432,
        excessive_message_size: 16777216,
        message_size_limit: 67108864,
    },
}
ProtocolVersion(70)
Boot counter: 1
[2m2025-03-25T07:54:55.277600Z[0m [32m INFO[0m [1mnode[0m[1m{[0m[3mname[0m[2m=[0mk#99f25ef6..[1m}[0m[2m:[0m [2msui_core::epoch::randomness[0m[2m:[0m [2mcrates/sui-core/src/epoch/randomness.rs[0m[2m:[0m[2m414:[0m random beacon: created DKG V1 Message with sender=1, vss_pk.degree=175, encrypted_shares.len()=3 with dkg version 1
[2m2025-03-25T07:54:55.280222Z[0m [32m INFO[0m [1mnode[0m[1m{[0m[3mname[0m[2m=[0mk#99f25ef6..[1m}[0m[2m:[0m [2msui_types::digests[0m[2m:[0m [2mcrates/sui-types/src/digests.rs[0m[2m:[0m[2m217:[0m start unknown chain.....
[2m2025-03-25T07:54:55.280240Z[0m [32m INFO[0m [1mnode[0m[1m{[0m[3mname[0m[2m=[0mk#99f25ef6..[1m}[0m[2m:[0m [2msui_core::consensus_validator[0m[2m:[0m [2mcrates/sui-core/src/consensus_validator.rs[0m[2m:[0m[2m44:[0m SuiTxValidator constructed for epoch 1
[2m2025-03-25T07:54:55.280246Z[0m [32m INFO[0m [1mnode[0m[1m{[0m[3mname[0m[2m=[0mk#99f25ef6..[1m}[0m[2m:[0m [2msui_core::consensus_manager[0m[2m:[0m [2mcrates/sui-core/src/consensus_manager/mod.rs[0m[2m:[0m[2m131:[0m Starting consensus ...
[2m2025-03-25T07:54:55.280329Z[0m [32m INFO[0m [1mnode[0m[1m{[0m[3mname[0m[2m=[0mk#99f25ef6..[1m}[0m[2m:[0m [2msui_core::consensus_manager[0m[2m:[0m [2mcrates/sui-core/src/consensus_manager/mod.rs[0m[2m:[0m[2m271:[0m Starting up consensus for epoch 1 & protocol version ProtocolVersion(70)
[2m2025-03-25T07:54:55.280768Z[0m [32m INFO[0m [1mnode[0m[1m{[0m[3mname[0m[2m=[0mk#99f25ef6..[1m}[0m[2m:[0m [2mconsensus_core::authority_node[0m[2m:[0m [2mconsensus/core/src/authority_node.rs[0m[2m:[0m[2m179:[0m Starting consensus authority B
Committee {
    epoch: 1,
    total_stake: 10000,
    quorum_threshold: 6667,
    validity_threshold: 3334,
    authorities: [
        Authority {
            stake: 3333,
            address: Multiaddr(
                "/ip4/127.0.0.1/udp/60577",
            ),
            hostname: "validator-1",
            authority_key: AuthorityPublicKey(
                jc/20VUECmVvSBmxMRG1LFdGqGunLzlfuv4uw4R9HoFA5iSnUf32tfIFC8cgXPnTAATJCwx0Cv/TJs5nPMKyOi0k1T4q/rKG38Zo/UBgCJ1tKxe3md02+Q0zLlSnozjU,
            ),
            protocol_key: ProtocolPublicKey(
                dFfwLwlGeYc5T1q8DZfxLp/61Y7ZivWIuvkzDBIQQYs=,
            ),
            network_key: NetworkPublicKey(
                ghb/z/CptBLwXN7pZQoUXGLGoxLLqMJh+4Nfl68caR4=,
            ),
        },
        Authority {
            stake: 3333,
            address: Multiaddr(
                "/ip4/127.0.0.1/udp/60563",
            ),
            hostname: "validator-0",
            authority_key: AuthorityPublicKey(
                mfJe9h+AMrkUY2RgmCxcxvE07x3a52ZX8sv+wev8jQlzdAgN9vzw3Li8Sw2OCvXYDrv/K0xZn1T0LWMS38MUJ2B4wcw0fru+xRmL4lhRPzhrkw0CwnSagD4jMJVevRoQ,
            ),
            protocol_key: ProtocolPublicKey(
                qMuDUMcA6gv6xxPfiNpAvqtLcFcm7/ms8jz6bp+EZRk=,
            ),
            network_key: NetworkPublicKey(
                aSLFgxy46Xguf+rQrXAORpUC++YB1bDQv6ELJTb+sT0=,
            ),
        },
        Authority {
            stake: 3334,
            address: Multiaddr(
                "/ip4/127.0.0.1/udp/60591",
            ),
            hostname: "validator-2",
            authority_key: AuthorityPublicKey(
                rd7vlNiYyI5A297/kcXxBfnPLHR/tvK8N+wD1ske2y4aV4z1RL6LCTHiXyQ9WbDDDZihbOO6HWzx1/UEJpkusK2zE0sFW+gUDS218l+wDYP45CIr8B/WrJOh/0152ljy,
            ),
            protocol_key: ProtocolPublicKey(
                PnrLy1JTYKAm4dBM2Qbe0AKYb4ivKzqnbeZqb1fg4m4=,
            ),
            network_key: NetworkPublicKey(
                1rtaG7LqAQU9mLEEbtFfVNM7BcrMB++C7CD07GJlGVU=,
            ),
        },
    ],
}
Parameters {
    db_path: "/var/folders/9l/kfqd6hv17d1_8yxpd6zwys8m0000gn/T/.tmpDLzveR/consensus_db/99f25ef61f80/1",
    leader_timeout: 250ms,
    min_round_delay: 400ms,
    max_forward_time_drift: 500ms,
    max_blocks_per_fetch: 1000,
    sync_last_known_own_block_timeout: 5s,
    round_prober_interval_ms: 5000,
    round_prober_request_timeout_ms: 2000,
    propagation_delay_stop_proposal_threshold: 10,
    dag_state_cached_rounds: 500,
    commit_sync_parallel_fetches: 8,
    commit_sync_batch_size: 100,
    commit_sync_batches_ahead: 32,
    anemo: AnemoParameters {
        excessive_message_size: 8388608,
    },
    tonic: TonicParameters {
        keepalive_interval: 5s,
        connection_buffer_size: 33554432,
        excessive_message_size: 16777216,
        message_size_limit: 67108864,
    },
}
ProtocolVersion(70)
Boot counter: 1
[2m2025-03-25T07:54:55.284581Z[0m [32m INFO[0m [1mnode[0m[1m{[0m[3mname[0m[2m=[0mk#8dcff6d1..[1m}[0m[2m:[0m [2mconsensus_core::dag_state[0m[2m:[0m [2mconsensus/core/src/dag_state.rs[0m[2m:[0m[2m129:[0m Found no stored CommitInfo to recover from
[2m2025-03-25T07:54:55.284594Z[0m [32m INFO[0m [1mnode[0m[1m{[0m[3mname[0m[2m=[0mk#8dcff6d1..[1m}[0m[2m:[0m [2mconsensus_core::dag_state[0m[2m:[0m [2mconsensus/core/src/dag_state.rs[0m[2m:[0m[2m153:[0m DagState was initialized with the following state: None; [0, 0, 0]; 0 unscored committed subdags;
[2m2025-03-25T07:54:55.284675Z[0m [32m INFO[0m [1mnode[0m[1m{[0m[3mname[0m[2m=[0mk#8dcff6d1..[1m}[0m[2m:[0m [2mconsensus_core::dag_state[0m[2m:[0m [2mconsensus/core/src/dag_state.rs[0m[2m:[0m[2m226:[0m Recovered blocks A: []
[2m2025-03-25T07:54:55.284708Z[0m [32m INFO[0m [1mnode[0m[1m{[0m[3mname[0m[2m=[0mk#8dcff6d1..[1m}[0m[2m:[0m [2mconsensus_core::dag_state[0m[2m:[0m [2mconsensus/core/src/dag_state.rs[0m[2m:[0m[2m226:[0m Recovered blocks B: []
[2m2025-03-25T07:54:55.284738Z[0m [32m INFO[0m [1mnode[0m[1m{[0m[3mname[0m[2m=[0mk#8dcff6d1..[1m}[0m[2m:[0m [2mconsensus_core::dag_state[0m[2m:[0m [2mconsensus/core/src/dag_state.rs[0m[2m:[0m[2m226:[0m Recovered blocks C: []
[2m2025-03-25T07:54:55.284747Z[0m [32m INFO[0m [1mnode[0m[1m{[0m[3mname[0m[2m=[0mk#8dcff6d1..[1m}[0m[2m:[0m [2mconsensus_core::authority_node[0m[2m:[0m [2mconsensus/core/src/authority_node.rs[0m[2m:[0m[2m226:[0m Sync last known own block: false
[2m2025-03-25T07:54:55.284807Z[0m [32m INFO[0m [1mnode[0m[1m{[0m[3mname[0m[2m=[0mk#8dcff6d1..[1m}[0m[2m:[0m [2mconsensus_core::leader_schedule[0m[2m:[0m [2mconsensus/core/src/leader_schedule.rs[0m[2m:[0m[2m73:[0m LeaderSchedule recovered using LeaderSwapTable for CommitRange(0..=0), good_nodes: [] with stake: 0, bad_nodes: Map { iter: [] } with stake: 0. There are 0 committed subdags scored in DagState.
[2m2025-03-25T07:54:55.284853Z[0m [32m INFO[0m [1mnode[0m[1m{[0m[3mname[0m[2m=[0mk#8dcff6d1..[1m}[0m[2m:[0m [2mconsensus_core::commit_observer[0m[2m:[0m [2mconsensus/core/src/commit_observer.rs[0m[2m:[0m[2m126:[0m Recovering commit observer after index 0 with last commit 0 and 0 unsent commits
[2m2025-03-25T07:54:55.284861Z[0m [32m INFO[0m [1mnode[0m[1m{[0m[3mname[0m[2m=[0mk#8dcff6d1..[1m}[0m[2m:[0m [2mconsensus_core::commit_observer[0m[2m:[0m [2mconsensus/core/src/commit_observer.rs[0m[2m:[0m[2m162:[0m Commit observer recovery completed, took 40.417µs
[2m2025-03-25T07:54:55.284942Z[0m [32m INFO[0m [1mnode[0m[1m{[0m[3mname[0m[2m=[0mk#8dcff6d1..[1m}[0m[2m:[0m [2mconsensus_core::core[0m[2m:[0m [2mconsensus/core/src/core.rs[0m[2m:[0m[2m230:[0m Core recovery completed with last proposed block B0(A,XtA1pUQK3W5XZHOuBsY3MG8PHdJ5rdQqspST8WOUtQA=)(0ms;[];0t;0c)
[2m2025-03-25T07:54:55.285058Z[0m [32m INFO[0m [1mnode[0m[1m{[0m[3mname[0m[2m=[0mk#8dcff6d1..[1m}[0m[2m:[0m [2mconsensus_core::network::tonic_network[0m[2m:[0m [2mconsensus/core/src/network/tonic_network.rs[0m[2m:[0m[2m705:[0m Starting tonic service
[2m2025-03-25T07:54:55.286253Z[0m [32m INFO[0m [1mnode[0m[1m{[0m[3mname[0m[2m=[0mk#8dcff6d1..[1m}[0m[2m:[0m [2mconsensus_core::network::tonic_network[0m[2m:[0m [2mconsensus/core/src/network/tonic_network.rs[0m[2m:[0m[2m794:[0m Binding tonic server to address 127.0.0.1:60577
[2m2025-03-25T07:54:55.286266Z[0m [32m INFO[0m [1mnode[0m[1m{[0m[3mname[0m[2m=[0mk#8dcff6d1..[1m}[0m[2m:[0m [2mconsensus_core::network::tonic_network[0m[2m:[0m [2mconsensus/core/src/network/tonic_network.rs[0m[2m:[0m[2m800:[0m Successfully bound tonic server to address 127.0.0.1:60577
[2m2025-03-25T07:54:55.286294Z[0m [32m INFO[0m [1mnode[0m[1m{[0m[3mname[0m[2m=[0mk#8dcff6d1..[1m}[0m[2m:[0m [2mconsensus_core::network::tonic_network[0m[2m:[0m [2mconsensus/core/src/network/tonic_network.rs[0m[2m:[0m[2m965:[0m Server started at: 127.0.0.1:60577
[2m2025-03-25T07:54:55.286301Z[0m [32m INFO[0m [1mnode[0m[1m{[0m[3mname[0m[2m=[0mk#8dcff6d1..[1m}[0m[2m:[0m [2mconsensus_core::authority_node[0m[2m:[0m [2mconsensus/core/src/authority_node.rs[0m[2m:[0m[2m341:[0m Consensus authority started, took 31.374833ms
[2m2025-03-25T07:54:55.286344Z[0m [32m INFO[0m [1mnode[0m[1m{[0m[3mname[0m[2m=[0mk#8dcff6d1..[1m}[0m[2m:[0m [2msui_core::consensus_manager[0m[2m:[0m [2mcrates/sui-core/src/consensus_manager/mod.rs[0m[2m:[0m[2m321:[0m Starting up consensus for epoch 1 & protocol version ProtocolVersion(70) is complete - took 0.032887375 seconds
[2m2025-03-25T07:54:55.286357Z[0m [32m INFO[0m [1mnode[0m[1m{[0m[3mname[0m[2m=[0mk#8dcff6d1..[1m}[0m[2m:[0m [2msui_types::digests[0m[2m:[0m [2mcrates/sui-types/src/digests.rs[0m[2m:[0m[2m217:[0m start unknown chain.....
[2m2025-03-25T07:54:55.289555Z[0m [32m INFO[0m [1mnode[0m[1m{[0m[3mname[0m[2m=[0mk#8dcff6d1..[1m}[0m[2m:[0m [2msui_node[0m[2m:[0m [2mcrates/sui-node/src/lib.rs[0m[2m:[0m[2m310:[0m Starting JWK updater tasks with supported providers: [Apple, Arden, AwsTenant(("eu-west-3", "eu-west-3_gGVCx53Es")), AwsTenant(("us-east-1", "us-east-1_LPSLCkC3A")), AwsTenant(("us-east-1", "us-east-1_qPsZxYqd8")), Credenza3, Facebook, FanTV, Google, Kakao, KarrierOne, Microsoft, Onefc, Playtron, Slack, TestIssuer, Threedos, Twitch] [3mfetch_interval[0m[2m=[0m3600s
[2m2025-03-25T07:54:55.289839Z[0m [32m INFO[0m [1mnode[0m[1m{[0m[3mname[0m[2m=[0mk#8dcff6d1..[1m}[0m[2m:[0m [2msui_node[0m[2m:[0m [2mcrates/sui-node/src/lib.rs[0m[2m:[0m[2m1885:[0m Set rate map to global-mutable-singleton, get_bfc_system_state_object result Ok(
    V2(
        BfcSystemStateInnerV2 {
            round: 0,
            stable_base_points: 10,
            reward_rate: 50,
            dao: Dao {
                id: UID {
                    id: ID {
                        bytes: 0xf009528a4ad86bc7cabb5b847b927145371d09d52b859bcf93d42d9a2741ca4d,
                    },
                },
                admin: ID {
                    bytes: 0x0000000000000000000000000000000000000000000000000000000000000000,
                },
                config: DaoConfig {
                    voting_delay: 259200000,
                    voting_period: 604800000,
                    voting_quorum_rate: 10,
                    min_action_delay: 604800000,
                },
                info: DaoGlobalInfo {
                    next_proposal_id: 19,
                    next_action_id: 1,
                },
                proposal_record: VecMap {
                    contents: [],
                },
                action_record: VecMap {
                    contents: [],
                },
                votes_record: VecMap {
                    contents: [],
                },
                voting_pool: VotingPool {
                    id: UID {
                        id: ID {
                            bytes: 0x9f9675f4bdda0964a44310552ce0cc1537ce32ac35da1157351c5a86b9bf936d,
                        },
                    },
                    bfc_balance: 0,
                    pool_token_balance: 0,
                },
                current_proposal_status: VecMap {
                    contents: [],
                },
            },
            treasury: Treasury {
                id: UID {
                    id: ID {
                        bytes: 0x03f483f8fec74be68ff7649ab12295ca3e7a5c5b27cc5a46a9bc688d57c74520,
                    },
                },
                bfc_balance: Balance {
                    value: 50904662323335663,
                },
                supplies: Bag {
                    id: UID {
                        id: ID {
                            bytes: 0x72c69bbb02cde1b22911173e9aa90da0420a76be0965ff995483ca6870db13b1,
                        },
                    },
                    size: 17,
                },
                index: 17,
                time_interval: 300,
                updated_at: 0,
                init: true,
                total_bfc_supply: 500000000000000000,
            },
            treasury_pool: TreasuryPool {
                id: UID {
                    id: ID {
                        bytes: 0x8d991f539a21cf7bfea38a3a7ead1a28102142dc8a5017da7c6c82ce96942294,
                    },
                },
                balance: Balance {
                    value: 434064041381239406,
                },
            },
            rate_map: VecMap {
                contents: [
                    Entry {
                        key: "00000000000000000000000000000000000000000000000000000000000000c8::mgg::MGG",
                        value: 849937984,
                    },
                    Entry {
                        key: "00000000000000000000000000000000000000000000000000000000000000c8::bjpy::BJPY",
                        value: 62997403,
                    },
                    Entry {
                        key: "00000000000000000000000000000000000000000000000000000000000000c8::bkrw::BKRW",
                        value: 7199430,
                    },
                    Entry {
                        key: "00000000000000000000000000000000000000000000000000000000000000c8::baud::BAUD",
                        value: 6699981296,
                    },
                    Entry {
                        key: "00000000000000000000000000000000000000000000000000000000000000c8::bars::BARS",
                        value: 11003140,
                    },
                    Entry {
                        key: "00000000000000000000000000000000000000000000000000000000000000c8::bbrl::BBRL",
                        value: 1799971026,
                    },
                    Entry {
                        key: "00000000000000000000000000000000000000000000000000000000000000c8::bcad::BCAD",
                        value: 7300190404,
                    },
                    Entry {
                        key: "00000000000000000000000000000000000000000000000000000000000000c8::beur::BEUR",
                        value: 10899100961,
                    },
                    Entry {
                        key: "00000000000000000000000000000000000000000000000000000000000000c8::bgbp::BGBP",
                        value: 12998987179,
                    },
                    Entry {
                        key: "00000000000000000000000000000000000000000000000000000000000000c8::bidr::BIDR",
                        value: 619975,
                    },
                    Entry {
                        key: "00000000000000000000000000000000000000000000000000000000000000c8::binr::BINR",
                        value: 119996345,
                    },
                    Entry {
                        key: "00000000000000000000000000000000000000000000000000000000000000c8::brub::BRUB",
                        value: 109998380,
                    },
                    Entry {
                        key: "00000000000000000000000000000000000000000000000000000000000000c8::bsar::BSAR",
                        value: 2700265950,
                    },
                    Entry {
                        key: "00000000000000000000000000000000000000000000000000000000000000c8::btry::BTRY",
                        value: 300069903,
                    },
                    Entry {
                        key: "00000000000000000000000000000000000000000000000000000000000000c8::bzar::BZAR",
                        value: 550146795,
                    },
                    Entry {
                        key: "00000000000000000000000000000000000000000000000000000000000000c8::bmxn::BMXN",
                        value: 560138594,
                    },
                    Entry {
                        key: "00000000000000000000000000000000000000000000000000000000000000c8::busd::BUSD",
                        value: 10000995385,
                    },
                ],
            },
            operation_capability: VecMap {
                contents: [],
            },
            admin_capability_addresses: VecSet {
                contents: [],
            },
            admin_init: false,
            oracle_address: None,
            extra_fields: Bag {
                id: UID {
                    id: ID {
                        bytes: 0x7a77452f007c6cf25bc5b7fc592aae0652d9c8d2147586c3cfd6463acaccecf6,
                    },
                },
                size: 0,
            },
        },
    ),
)
[2m2025-03-25T07:54:55.289940Z[0m [32m INFO[0m [1mnode[0m[1m{[0m[3mname[0m[2m=[0mk#8dcff6d1..[1m}[0m[2m:[0m [2msui_node[0m[2m:[0m [2mcrates/sui-node/src/lib.rs[0m[2m:[0m[2m1893:[0m Set rate map to global-mutable-singleton, bfc_system.get_rate_map is {
    "00000000000000000000000000000000000000000000000000000000000000c8::bars::BARS": 11003140,
    "00000000000000000000000000000000000000000000000000000000000000c8::baud::BAUD": 6699981296,
    "00000000000000000000000000000000000000000000000000000000000000c8::bbrl::BBRL": 1799971026,
    "00000000000000000000000000000000000000000000000000000000000000c8::bcad::BCAD": 7300190404,
    "00000000000000000000000000000000000000000000000000000000000000c8::beur::BEUR": 10899100961,
    "00000000000000000000000000000000000000000000000000000000000000c8::bgbp::BGBP": 12998987179,
    "00000000000000000000000000000000000000000000000000000000000000c8::bidr::BIDR": 619975,
    "00000000000000000000000000000000000000000000000000000000000000c8::binr::BINR": 119996345,
    "00000000000000000000000000000000000000000000000000000000000000c8::bjpy::BJPY": 62997403,
    "00000000000000000000000000000000000000000000000000000000000000c8::bkrw::BKRW": 7199430,
    "00000000000000000000000000000000000000000000000000000000000000c8::bmxn::BMXN": 560138594,
    "00000000000000000000000000000000000000000000000000000000000000c8::brub::BRUB": 109998380,
    "00000000000000000000000000000000000000000000000000000000000000c8::bsar::BSAR": 2700265950,
    "00000000000000000000000000000000000000000000000000000000000000c8::btry::BTRY": 300069903,
    "00000000000000000000000000000000000000000000000000000000000000c8::busd::BUSD": 10000995385,
    "00000000000000000000000000000000000000000000000000000000000000c8::bzar::BZAR": 550146795,
    "00000000000000000000000000000000000000000000000000000000000000c8::mgg::MGG": 849937984,
}
[2m2025-03-25T07:54:55.289968Z[0m [32m INFO[0m [1mnode[0m[1m{[0m[3mname[0m[2m=[0mk#8dcff6d1..[1m}[0m[2m:[0m [2msui_node[0m[2m:[0m [2mcrates/sui-node/src/lib.rs[0m[2m:[0m[2m1898:[0m Reconfiguration finished
[2m2025-03-25T07:54:55.301545Z[0m [32m INFO[0m [1mnode[0m[1m{[0m[3mname[0m[2m=[0mk#8dcff6d1..[1m}[0m[2m:[0m [2msui_core::epoch::consensus_store_pruner[0m[2m:[0m [2mcrates/sui-core/src/epoch/consensus_store_pruner.rs[0m[2m:[0m[2m116:[0m Consensus store prunning for current epoch 1. Will remove epochs < 1
[2m2025-03-25T07:54:55.302378Z[0m [32m INFO[0m [1mnode[0m[1m{[0m[3mname[0m[2m=[0mk#8dcff6d1..[1m}[0m[2m:[0m [2msui_core::epoch::consensus_store_pruner[0m[2m:[0m [2mcrates/sui-core/src/epoch/consensus_store_pruner.rs[0m[2m:[0m[2m201:[0m Successfully pruned consensus epoch storage directory: "/var/folders/9l/kfqd6hv17d1_8yxpd6zwys8m0000gn/T/.tmpDLzveR/consensus_db/8dcff6d15504/0"
[2m2025-03-25T07:54:55.302395Z[0m [32m INFO[0m [1mnode[0m[1m{[0m[3mname[0m[2m=[0mk#8dcff6d1..[1m}[0m[2m:[0m [2msui_core::epoch::consensus_store_pruner[0m[2m:[0m [2mcrates/sui-core/src/epoch/consensus_store_pruner.rs[0m[2m:[0m[2m214:[0m Completed old epoch data removal process for epoch 1
[2m2025-03-25T07:54:55.302410Z[0m [32m INFO[0m [1mnode[0m[1m{[0m[3mname[0m[2m=[0mk#8dcff6d1..[1m}[0m[2m:[0m [2msui_core::checkpoints[0m[2m:[0m [2mcrates/sui-core/src/checkpoints/mod.rs[0m[2m:[0m[2m943:[0m Starting CheckpointBuilder
[2m2025-03-25T07:54:55.302499Z[0m [32m INFO[0m [1mnode[0m[1m{[0m[3mname[0m[2m=[0mk#8dcff6d1..[1m}[0m[2m:[0m [2msui_core::checkpoints[0m[2m:[0m [2mcrates/sui-core/src/checkpoints/mod.rs[0m[2m:[0m[2m1916:[0m Starting CheckpointAggregator
[2m2025-03-25T07:54:55.302831Z[0m [32m INFO[0m [1mnode[0m[1m{[0m[3mname[0m[2m=[0mk#8dcff6d1..[1m}[0m[2m:[0m [2mconsensus_core::core_thread[0m[2m:[0m [2mconsensus/core/src/core_thread.rs[0m[2m:[0m[2m226:[0m Spawning future consensus/core/src/core_thread.rs:ConsensusCoreThread
[2m2025-03-25T07:54:55.302870Z[0m [32m INFO[0m [1mnode[0m[1m{[0m[3mname[0m[2m=[0mk#8dcff6d1..[1m}[0m[2m:[0m [2mconsensus_core::commit_syncer[0m[2m:[0m [2mconsensus/core/src/commit_syncer.rs[0m[2m:[0m[2m137:[0m Spawning future consensus/core/src/commit_syncer.rs:137
[2m2025-03-25T07:54:55.305195Z[0m [32m INFO[0m [1mnode[0m[1m{[0m[3mname[0m[2m=[0mk#8dcff6d1..[1m}[0m[2m:[0m[1mjwk_updater_task[0m[1m{[0m[3mepoch[0m[2m=[0m1[1m}[0m[2m:[0m [2msui_node[0m[2m:[0m [2mcrates/sui-node/src/lib.rs[0m[2m:[0m[2m376:[0m fetching JWK for provider Apple
[2m2025-03-25T07:54:55.308294Z[0m [32m INFO[0m [1mnode[0m[1m{[0m[3mname[0m[2m=[0mk#addeef94..[1m}[0m[2m:[0m [2mconsensus_core::dag_state[0m[2m:[0m [2mconsensus/core/src/dag_state.rs[0m[2m:[0m[2m129:[0m Found no stored CommitInfo to recover from
[2m2025-03-25T07:54:55.308305Z[0m [32m INFO[0m [1mnode[0m[1m{[0m[3mname[0m[2m=[0mk#addeef94..[1m}[0m[2m:[0m [2mconsensus_core::dag_state[0m[2m:[0m [2mconsensus/core/src/dag_state.rs[0m[2m:[0m[2m153:[0m DagState was initialized with the following state: None; [0, 0, 0]; 0 unscored committed subdags;
[2m2025-03-25T07:54:55.308385Z[0m [32m INFO[0m [1mnode[0m[1m{[0m[3mname[0m[2m=[0mk#addeef94..[1m}[0m[2m:[0m [2mconsensus_core::dag_state[0m[2m:[0m [2mconsensus/core/src/dag_state.rs[0m[2m:[0m[2m226:[0m Recovered blocks A: []
[2m2025-03-25T07:54:55.308418Z[0m [32m INFO[0m [1mnode[0m[1m{[0m[3mname[0m[2m=[0mk#addeef94..[1m}[0m[2m:[0m [2mconsensus_core::dag_state[0m[2m:[0m [2mconsensus/core/src/dag_state.rs[0m[2m:[0m[2m226:[0m Recovered blocks B: []
[2m2025-03-25T07:54:55.308447Z[0m [32m INFO[0m [1mnode[0m[1m{[0m[3mname[0m[2m=[0mk#addeef94..[1m}[0m[2m:[0m [2mconsensus_core::dag_state[0m[2m:[0m [2mconsensus/core/src/dag_state.rs[0m[2m:[0m[2m226:[0m Recovered blocks C: []
[2m2025-03-25T07:54:55.308455Z[0m [32m INFO[0m [1mnode[0m[1m{[0m[3mname[0m[2m=[0mk#addeef94..[1m}[0m[2m:[0m [2mconsensus_core::authority_node[0m[2m:[0m [2mconsensus/core/src/authority_node.rs[0m[2m:[0m[2m226:[0m Sync last known own block: false
[2m2025-03-25T07:54:55.308511Z[0m [32m INFO[0m [1mnode[0m[1m{[0m[3mname[0m[2m=[0mk#addeef94..[1m}[0m[2m:[0m [2mconsensus_core::leader_schedule[0m[2m:[0m [2mconsensus/core/src/leader_schedule.rs[0m[2m:[0m[2m73:[0m LeaderSchedule recovered using LeaderSwapTable for CommitRange(0..=0), good_nodes: [] with stake: 0, bad_nodes: Map { iter: [] } with stake: 0. There are 0 committed subdags scored in DagState.
[2m2025-03-25T07:54:55.308558Z[0m [32m INFO[0m [1mnode[0m[1m{[0m[3mname[0m[2m=[0mk#addeef94..[1m}[0m[2m:[0m [2mconsensus_core::commit_observer[0m[2m:[0m [2mconsensus/core/src/commit_observer.rs[0m[2m:[0m[2m126:[0m Recovering commit observer after index 0 with last commit 0 and 0 unsent commits
[2m2025-03-25T07:54:55.308566Z[0m [32m INFO[0m [1mnode[0m[1m{[0m[3mname[0m[2m=[0mk#addeef94..[1m}[0m[2m:[0m [2mconsensus_core::commit_observer[0m[2m:[0m [2mconsensus/core/src/commit_observer.rs[0m[2m:[0m[2m162:[0m Commit observer recovery completed, took 41.333µs
[2m2025-03-25T07:54:55.308649Z[0m [32m INFO[0m [1mnode[0m[1m{[0m[3mname[0m[2m=[0mk#addeef94..[1m}[0m[2m:[0m [2mconsensus_core::core[0m[2m:[0m [2mconsensus/core/src/core.rs[0m[2m:[0m[2m230:[0m Core recovery completed with last proposed block B0(C,8kYkO2j8kzJQxv2D3VhLSzTw5NG2LDoAPwz2A8v5W9w=)(0ms;[];0t;0c)
[2m2025-03-25T07:54:55.308753Z[0m [32m INFO[0m [1mnode[0m[1m{[0m[3mname[0m[2m=[0mk#addeef94..[1m}[0m[2m:[0m [2mconsensus_core::network::tonic_network[0m[2m:[0m [2mconsensus/core/src/network/tonic_network.rs[0m[2m:[0m[2m705:[0m Starting tonic service
[2m2025-03-25T07:54:55.309883Z[0m [32m INFO[0m [1mnode[0m[1m{[0m[3mname[0m[2m=[0mk#addeef94..[1m}[0m[2m:[0m [2mconsensus_core::network::tonic_network[0m[2m:[0m [2mconsensus/core/src/network/tonic_network.rs[0m[2m:[0m[2m794:[0m Binding tonic server to address 127.0.0.1:60591
[2m2025-03-25T07:54:55.309898Z[0m [32m INFO[0m [1mnode[0m[1m{[0m[3mname[0m[2m=[0mk#addeef94..[1m}[0m[2m:[0m [2mconsensus_core::network::tonic_network[0m[2m:[0m [2mconsensus/core/src/network/tonic_network.rs[0m[2m:[0m[2m800:[0m Successfully bound tonic server to address 127.0.0.1:60591
[2m2025-03-25T07:54:55.309922Z[0m [32m INFO[0m [1mnode[0m[1m{[0m[3mname[0m[2m=[0mk#addeef94..[1m}[0m[2m:[0m [2mconsensus_core::network::tonic_network[0m[2m:[0m [2mconsensus/core/src/network/tonic_network.rs[0m[2m:[0m[2m965:[0m Server started at: 127.0.0.1:60591
[2m2025-03-25T07:54:55.309929Z[0m [32m INFO[0m [1mnode[0m[1m{[0m[3mname[0m[2m=[0mk#addeef94..[1m}[0m[2m:[0m [2mconsensus_core::authority_node[0m[2m:[0m [2mconsensus/core/src/authority_node.rs[0m[2m:[0m[2m341:[0m Consensus authority started, took 33.3995ms
[2m2025-03-25T07:54:55.309999Z[0m [32m INFO[0m [1mnode[0m[1m{[0m[3mname[0m[2m=[0mk#addeef94..[1m}[0m[2m:[0m [2msui_core::consensus_manager[0m[2m:[0m [2mcrates/sui-core/src/consensus_manager/mod.rs[0m[2m:[0m[2m321:[0m Starting up consensus for epoch 1 & protocol version ProtocolVersion(70) is complete - took 0.034900792 seconds
[2m2025-03-25T07:54:55.310015Z[0m [32m INFO[0m [1mnode[0m[1m{[0m[3mname[0m[2m=[0mk#addeef94..[1m}[0m[2m:[0m [2msui_types::digests[0m[2m:[0m [2mcrates/sui-types/src/digests.rs[0m[2m:[0m[2m217:[0m start unknown chain.....
[2m2025-03-25T07:54:55.312922Z[0m [32m INFO[0m [1mnode[0m[1m{[0m[3mname[0m[2m=[0mk#99f25ef6..[1m}[0m[2m:[0m [2mconsensus_core::dag_state[0m[2m:[0m [2mconsensus/core/src/dag_state.rs[0m[2m:[0m[2m129:[0m Found no stored CommitInfo to recover from
[2m2025-03-25T07:54:55.312930Z[0m [32m INFO[0m [1mnode[0m[1m{[0m[3mname[0m[2m=[0mk#99f25ef6..[1m}[0m[2m:[0m [2mconsensus_core::dag_state[0m[2m:[0m [2mconsensus/core/src/dag_state.rs[0m[2m:[0m[2m153:[0m DagState was initialized with the following state: None; [0, 0, 0]; 0 unscored committed subdags;
[2m2025-03-25T07:54:55.312981Z[0m [32m INFO[0m [1mnode[0m[1m{[0m[3mname[0m[2m=[0mk#99f25ef6..[1m}[0m[2m:[0m [2mconsensus_core::dag_state[0m[2m:[0m [2mconsensus/core/src/dag_state.rs[0m[2m:[0m[2m226:[0m Recovered blocks A: []
[2m2025-03-25T07:54:55.313010Z[0m [32m INFO[0m [1mnode[0m[1m{[0m[3mname[0m[2m=[0mk#99f25ef6..[1m}[0m[2m:[0m [2mconsensus_core::dag_state[0m[2m:[0m [2mconsensus/core/src/dag_state.rs[0m[2m:[0m[2m226:[0m Recovered blocks B: []
[2m2025-03-25T07:54:55.313038Z[0m [32m INFO[0m [1mnode[0m[1m{[0m[3mname[0m[2m=[0mk#99f25ef6..[1m}[0m[2m:[0m [2mconsensus_core::dag_state[0m[2m:[0m [2mconsensus/core/src/dag_state.rs[0m[2m:[0m[2m226:[0m Recovered blocks C: []
[2m2025-03-25T07:54:55.313045Z[0m [32m INFO[0m [1mnode[0m[1m{[0m[3mname[0m[2m=[0mk#99f25ef6..[1m}[0m[2m:[0m [2mconsensus_core::authority_node[0m[2m:[0m [2mconsensus/core/src/authority_node.rs[0m[2m:[0m[2m226:[0m Sync last known own block: false
[2m2025-03-25T07:54:55.313094Z[0m [32m INFO[0m [1mnode[0m[1m{[0m[3mname[0m[2m=[0mk#99f25ef6..[1m}[0m[2m:[0m [2mconsensus_core::leader_schedule[0m[2m:[0m [2mconsensus/core/src/leader_schedule.rs[0m[2m:[0m[2m73:[0m LeaderSchedule recovered using LeaderSwapTable for CommitRange(0..=0), good_nodes: [] with stake: 0, bad_nodes: Map { iter: [] } with stake: 0. There are 0 committed subdags scored in DagState.
[2m2025-03-25T07:54:55.313135Z[0m [32m INFO[0m [1mnode[0m[1m{[0m[3mname[0m[2m=[0mk#99f25ef6..[1m}[0m[2m:[0m [2mconsensus_core::commit_observer[0m[2m:[0m [2mconsensus/core/src/commit_observer.rs[0m[2m:[0m[2m126:[0m Recovering commit observer after index 0 with last commit 0 and 0 unsent commits
[2m2025-03-25T07:54:55.313142Z[0m [32m INFO[0m [1mnode[0m[1m{[0m[3mname[0m[2m=[0mk#99f25ef6..[1m}[0m[2m:[0m [2mconsensus_core::commit_observer[0m[2m:[0m [2mconsensus/core/src/commit_observer.rs[0m[2m:[0m[2m162:[0m Commit observer recovery completed, took 38.375µs
[2m2025-03-25T07:54:55.313201Z[0m [32m INFO[0m [1mnode[0m[1m{[0m[3mname[0m[2m=[0mk#99f25ef6..[1m}[0m[2m:[0m [2mconsensus_core::core[0m[2m:[0m [2mconsensus/core/src/core.rs[0m[2m:[0m[2m230:[0m Core recovery completed with last proposed block B0(B,xXezMjW0VTgTYaMFQICel6RK3jrMGtDolLt9jktC/M0=)(0ms;[];0t;0c)
[2m2025-03-25T07:54:55.313221Z[0m [32m INFO[0m [1mnode[0m[1m{[0m[3mname[0m[2m=[0mk#addeef94..[1m}[0m[2m:[0m [2msui_node[0m[2m:[0m [2mcrates/sui-node/src/lib.rs[0m[2m:[0m[2m310:[0m Starting JWK updater tasks with supported providers: [Apple, Arden, AwsTenant(("eu-west-3", "eu-west-3_gGVCx53Es")), AwsTenant(("us-east-1", "us-east-1_LPSLCkC3A")), AwsTenant(("us-east-1", "us-east-1_qPsZxYqd8")), Credenza3, Facebook, FanTV, Google, Kakao, KarrierOne, Microsoft, Onefc, Playtron, Slack, TestIssuer, Threedos, Twitch] [3mfetch_interval[0m[2m=[0m3600s
[2m2025-03-25T07:54:55.313273Z[0m [32m INFO[0m [1mnode[0m[1m{[0m[3mname[0m[2m=[0mk#99f25ef6..[1m}[0m[2m:[0m [2mconsensus_core::network::tonic_network[0m[2m:[0m [2mconsensus/core/src/network/tonic_network.rs[0m[2m:[0m[2m705:[0m Starting tonic service
[2m2025-03-25T07:54:55.313534Z[0m [32m INFO[0m [1mnode[0m[1m{[0m[3mname[0m[2m=[0mk#addeef94..[1m}[0m[2m:[0m [2msui_node[0m[2m:[0m [2mcrates/sui-node/src/lib.rs[0m[2m:[0m[2m1885:[0m Set rate map to global-mutable-singleton, get_bfc_system_state_object result Ok(
    V2(
        BfcSystemStateInnerV2 {
            round: 0,
            stable_base_points: 10,
            reward_rate: 50,
            dao: Dao {
                id: UID {
                    id: ID {
                        bytes: 0xf009528a4ad86bc7cabb5b847b927145371d09d52b859bcf93d42d9a2741ca4d,
                    },
                },
                admin: ID {
                    bytes: 0x0000000000000000000000000000000000000000000000000000000000000000,
                },
                config: DaoConfig {
                    voting_delay: 259200000,
                    voting_period: 604800000,
                    voting_quorum_rate: 10,
                    min_action_delay: 604800000,
                },
                info: DaoGlobalInfo {
                    next_proposal_id: 19,
                    next_action_id: 1,
                },
                proposal_record: VecMap {
                    contents: [],
                },
                action_record: VecMap {
                    contents: [],
                },
                votes_record: VecMap {
                    contents: [],
                },
                voting_pool: VotingPool {
                    id: UID {
                        id: ID {
                            bytes: 0x9f9675f4bdda0964a44310552ce0cc1537ce32ac35da1157351c5a86b9bf936d,
                        },
                    },
                    bfc_balance: 0,
                    pool_token_balance: 0,
                },
                current_proposal_status: VecMap {
                    contents: [],
                },
            },
            treasury: Treasury {
                id: UID {
                    id: ID {
                        bytes: 0x03f483f8fec74be68ff7649ab12295ca3e7a5c5b27cc5a46a9bc688d57c74520,
                    },
                },
                bfc_balance: Balance {
                    value: 50904662323335663,
                },
                supplies: Bag {
                    id: UID {
                        id: ID {
                            bytes: 0x72c69bbb02cde1b22911173e9aa90da0420a76be0965ff995483ca6870db13b1,
                        },
                    },
                    size: 17,
                },
                index: 17,
                time_interval: 300,
                updated_at: 0,
                init: true,
                total_bfc_supply: 500000000000000000,
            },
            treasury_pool: TreasuryPool {
                id: UID {
                    id: ID {
                        bytes: 0x8d991f539a21cf7bfea38a3a7ead1a28102142dc8a5017da7c6c82ce96942294,
                    },
                },
                balance: Balance {
                    value: 434064041381239406,
                },
            },
            rate_map: VecMap {
                contents: [
                    Entry {
                        key: "00000000000000000000000000000000000000000000000000000000000000c8::mgg::MGG",
                        value: 849937984,
                    },
                    Entry {
                        key: "00000000000000000000000000000000000000000000000000000000000000c8::bjpy::BJPY",
                        value: 62997403,
                    },
                    Entry {
                        key: "00000000000000000000000000000000000000000000000000000000000000c8::bkrw::BKRW",
                        value: 7199430,
                    },
                    Entry {
                        key: "00000000000000000000000000000000000000000000000000000000000000c8::baud::BAUD",
                        value: 6699981296,
                    },
                    Entry {
                        key: "00000000000000000000000000000000000000000000000000000000000000c8::bars::BARS",
                        value: 11003140,
                    },
                    Entry {
                        key: "00000000000000000000000000000000000000000000000000000000000000c8::bbrl::BBRL",
                        value: 1799971026,
                    },
                    Entry {
                        key: "00000000000000000000000000000000000000000000000000000000000000c8::bcad::BCAD",
                        value: 7300190404,
                    },
                    Entry {
                        key: "00000000000000000000000000000000000000000000000000000000000000c8::beur::BEUR",
                        value: 10899100961,
                    },
                    Entry {
                        key: "00000000000000000000000000000000000000000000000000000000000000c8::bgbp::BGBP",
                        value: 12998987179,
                    },
                    Entry {
                        key: "00000000000000000000000000000000000000000000000000000000000000c8::bidr::BIDR",
                        value: 619975,
                    },
                    Entry {
                        key: "00000000000000000000000000000000000000000000000000000000000000c8::binr::BINR",
                        value: 119996345,
                    },
                    Entry {
                        key: "00000000000000000000000000000000000000000000000000000000000000c8::brub::BRUB",
                        value: 109998380,
                    },
                    Entry {
                        key: "00000000000000000000000000000000000000000000000000000000000000c8::bsar::BSAR",
                        value: 2700265950,
                    },
                    Entry {
                        key: "00000000000000000000000000000000000000000000000000000000000000c8::btry::BTRY",
                        value: 300069903,
                    },
                    Entry {
                        key: "00000000000000000000000000000000000000000000000000000000000000c8::bzar::BZAR",
                        value: 550146795,
                    },
                    Entry {
                        key: "00000000000000000000000000000000000000000000000000000000000000c8::bmxn::BMXN",
                        value: 560138594,
                    },
                    Entry {
                        key: "00000000000000000000000000000000000000000000000000000000000000c8::busd::BUSD",
                        value: 10000995385,
                    },
                ],
            },
            operation_capability: VecMap {
                contents: [],
            },
            admin_capability_addresses: VecSet {
                contents: [],
            },
            admin_init: false,
            oracle_address: None,
            extra_fields: Bag {
                id: UID {
                    id: ID {
                        bytes: 0x7a77452f007c6cf25bc5b7fc592aae0652d9c8d2147586c3cfd6463acaccecf6,
                    },
                },
                size: 0,
            },
        },
    ),
)
[2m2025-03-25T07:54:55.313637Z[0m [32m INFO[0m [1mnode[0m[1m{[0m[3mname[0m[2m=[0mk#addeef94..[1m}[0m[2m:[0m [2msui_node[0m[2m:[0m [2mcrates/sui-node/src/lib.rs[0m[2m:[0m[2m1893:[0m Set rate map to global-mutable-singleton, bfc_system.get_rate_map is {
    "00000000000000000000000000000000000000000000000000000000000000c8::bars::BARS": 11003140,
    "00000000000000000000000000000000000000000000000000000000000000c8::baud::BAUD": 6699981296,
    "00000000000000000000000000000000000000000000000000000000000000c8::bbrl::BBRL": 1799971026,
    "00000000000000000000000000000000000000000000000000000000000000c8::bcad::BCAD": 7300190404,
    "00000000000000000000000000000000000000000000000000000000000000c8::beur::BEUR": 10899100961,
    "00000000000000000000000000000000000000000000000000000000000000c8::bgbp::BGBP": 12998987179,
    "00000000000000000000000000000000000000000000000000000000000000c8::bidr::BIDR": 619975,
    "00000000000000000000000000000000000000000000000000000000000000c8::binr::BINR": 119996345,
    "00000000000000000000000000000000000000000000000000000000000000c8::bjpy::BJPY": 62997403,
    "00000000000000000000000000000000000000000000000000000000000000c8::bkrw::BKRW": 7199430,
    "00000000000000000000000000000000000000000000000000000000000000c8::bmxn::BMXN": 560138594,
    "00000000000000000000000000000000000000000000000000000000000000c8::brub::BRUB": 109998380,
    "00000000000000000000000000000000000000000000000000000000000000c8::bsar::BSAR": 2700265950,
    "00000000000000000000000000000000000000000000000000000000000000c8::btry::BTRY": 300069903,
    "00000000000000000000000000000000000000000000000000000000000000c8::busd::BUSD": 10000995385,
    "00000000000000000000000000000000000000000000000000000000000000c8::bzar::BZAR": 550146795,
    "00000000000000000000000000000000000000000000000000000000000000c8::mgg::MGG": 849937984,
}
[2m2025-03-25T07:54:55.313664Z[0m [32m INFO[0m [1mnode[0m[1m{[0m[3mname[0m[2m=[0mk#addeef94..[1m}[0m[2m:[0m [2msui_node[0m[2m:[0m [2mcrates/sui-node/src/lib.rs[0m[2m:[0m[2m1898:[0m Reconfiguration finished
[2m2025-03-25T07:54:55.314380Z[0m [32m INFO[0m [1mnode[0m[1m{[0m[3mname[0m[2m=[0mk#99f25ef6..[1m}[0m[2m:[0m [2mconsensus_core::network::tonic_network[0m[2m:[0m [2mconsensus/core/src/network/tonic_network.rs[0m[2m:[0m[2m794:[0m Binding tonic server to address 127.0.0.1:60563
[2m2025-03-25T07:54:55.314392Z[0m [32m INFO[0m [1mnode[0m[1m{[0m[3mname[0m[2m=[0mk#99f25ef6..[1m}[0m[2m:[0m [2mconsensus_core::network::tonic_network[0m[2m:[0m [2mconsensus/core/src/network/tonic_network.rs[0m[2m:[0m[2m800:[0m Successfully bound tonic server to address 127.0.0.1:60563
[2m2025-03-25T07:54:55.314412Z[0m [32m INFO[0m [1mnode[0m[1m{[0m[3mname[0m[2m=[0mk#99f25ef6..[1m}[0m[2m:[0m [2mconsensus_core::network::tonic_network[0m[2m:[0m [2mconsensus/core/src/network/tonic_network.rs[0m[2m:[0m[2m965:[0m Server started at: 127.0.0.1:60563
[2m2025-03-25T07:54:55.314418Z[0m [32m INFO[0m [1mnode[0m[1m{[0m[3mname[0m[2m=[0mk#99f25ef6..[1m}[0m[2m:[0m [2mconsensus_core::authority_node[0m[2m:[0m [2mconsensus/core/src/authority_node.rs[0m[2m:[0m[2m341:[0m Consensus authority started, took 32.780333ms
[2m2025-03-25T07:54:55.314447Z[0m [32m INFO[0m [1mnode[0m[1m{[0m[3mname[0m[2m=[0mk#99f25ef6..[1m}[0m[2m:[0m [2msui_core::consensus_manager[0m[2m:[0m [2mcrates/sui-core/src/consensus_manager/mod.rs[0m[2m:[0m[2m321:[0m Starting up consensus for epoch 1 & protocol version ProtocolVersion(70) is complete - took 0.034111041 seconds
[2m2025-03-25T07:54:55.314458Z[0m [32m INFO[0m [1mnode[0m[1m{[0m[3mname[0m[2m=[0mk#99f25ef6..[1m}[0m[2m:[0m [2msui_types::digests[0m[2m:[0m [2mcrates/sui-types/src/digests.rs[0m[2m:[0m[2m217:[0m start unknown chain.....
[2m2025-03-25T07:54:55.317609Z[0m [32m INFO[0m [1mnode[0m[1m{[0m[3mname[0m[2m=[0mk#99f25ef6..[1m}[0m[2m:[0m [2msui_node[0m[2m:[0m [2mcrates/sui-node/src/lib.rs[0m[2m:[0m[2m310:[0m Starting JWK updater tasks with supported providers: [Apple, Arden, AwsTenant(("eu-west-3", "eu-west-3_gGVCx53Es")), AwsTenant(("us-east-1", "us-east-1_LPSLCkC3A")), AwsTenant(("us-east-1", "us-east-1_qPsZxYqd8")), Credenza3, Facebook, FanTV, Google, Kakao, KarrierOne, Microsoft, Onefc, Playtron, Slack, TestIssuer, Threedos, Twitch] [3mfetch_interval[0m[2m=[0m3600s
[2m2025-03-25T07:54:55.317830Z[0m [32m INFO[0m [1mnode[0m[1m{[0m[3mname[0m[2m=[0mk#99f25ef6..[1m}[0m[2m:[0m [2msui_node[0m[2m:[0m [2mcrates/sui-node/src/lib.rs[0m[2m:[0m[2m1885:[0m Set rate map to global-mutable-singleton, get_bfc_system_state_object result Ok(
    V2(
        BfcSystemStateInnerV2 {
            round: 0,
            stable_base_points: 10,
            reward_rate: 50,
            dao: Dao {
                id: UID {
                    id: ID {
                        bytes: 0xf009528a4ad86bc7cabb5b847b927145371d09d52b859bcf93d42d9a2741ca4d,
                    },
                },
                admin: ID {
                    bytes: 0x0000000000000000000000000000000000000000000000000000000000000000,
                },
                config: DaoConfig {
                    voting_delay: 259200000,
                    voting_period: 604800000,
                    voting_quorum_rate: 10,
                    min_action_delay: 604800000,
                },
                info: DaoGlobalInfo {
                    next_proposal_id: 19,
                    next_action_id: 1,
                },
                proposal_record: VecMap {
                    contents: [],
                },
                action_record: VecMap {
                    contents: [],
                },
                votes_record: VecMap {
                    contents: [],
                },
                voting_pool: VotingPool {
                    id: UID {
                        id: ID {
                            bytes: 0x9f9675f4bdda0964a44310552ce0cc1537ce32ac35da1157351c5a86b9bf936d,
                        },
                    },
                    bfc_balance: 0,
                    pool_token_balance: 0,
                },
                current_proposal_status: VecMap {
                    contents: [],
                },
            },
            treasury: Treasury {
                id: UID {
                    id: ID {
                        bytes: 0x03f483f8fec74be68ff7649ab12295ca3e7a5c5b27cc5a46a9bc688d57c74520,
                    },
                },
                bfc_balance: Balance {
                    value: 50904662323335663,
                },
                supplies: Bag {
                    id: UID {
                        id: ID {
                            bytes: 0x72c69bbb02cde1b22911173e9aa90da0420a76be0965ff995483ca6870db13b1,
                        },
                    },
                    size: 17,
                },
                index: 17,
                time_interval: 300,
                updated_at: 0,
                init: true,
                total_bfc_supply: 500000000000000000,
            },
            treasury_pool: TreasuryPool {
                id: UID {
                    id: ID {
                        bytes: 0x8d991f539a21cf7bfea38a3a7ead1a28102142dc8a5017da7c6c82ce96942294,
                    },
                },
                balance: Balance {
                    value: 434064041381239406,
                },
            },
            rate_map: VecMap {
                contents: [
                    Entry {
                        key: "00000000000000000000000000000000000000000000000000000000000000c8::mgg::MGG",
                        value: 849937984,
                    },
                    Entry {
                        key: "00000000000000000000000000000000000000000000000000000000000000c8::bjpy::BJPY",
                        value: 62997403,
                    },
                    Entry {
                        key: "00000000000000000000000000000000000000000000000000000000000000c8::bkrw::BKRW",
                        value: 7199430,
                    },
                    Entry {
                        key: "00000000000000000000000000000000000000000000000000000000000000c8::baud::BAUD",
                        value: 6699981296,
                    },
                    Entry {
                        key: "00000000000000000000000000000000000000000000000000000000000000c8::bars::BARS",
                        value: 11003140,
                    },
                    Entry {
                        key: "00000000000000000000000000000000000000000000000000000000000000c8::bbrl::BBRL",
                        value: 1799971026,
                    },
                    Entry {
                        key: "00000000000000000000000000000000000000000000000000000000000000c8::bcad::BCAD",
                        value: 7300190404,
                    },
                    Entry {
                        key: "00000000000000000000000000000000000000000000000000000000000000c8::beur::BEUR",
                        value: 10899100961,
                    },
                    Entry {
                        key: "00000000000000000000000000000000000000000000000000000000000000c8::bgbp::BGBP",
                        value: 12998987179,
                    },
                    Entry {
                        key: "00000000000000000000000000000000000000000000000000000000000000c8::bidr::BIDR",
                        value: 619975,
                    },
                    Entry {
                        key: "00000000000000000000000000000000000000000000000000000000000000c8::binr::BINR",
                        value: 119996345,
                    },
                    Entry {
                        key: "00000000000000000000000000000000000000000000000000000000000000c8::brub::BRUB",
                        value: 109998380,
                    },
                    Entry {
                        key: "00000000000000000000000000000000000000000000000000000000000000c8::bsar::BSAR",
                        value: 2700265950,
                    },
                    Entry {
                        key: "00000000000000000000000000000000000000000000000000000000000000c8::btry::BTRY",
                        value: 300069903,
                    },
                    Entry {
                        key: "00000000000000000000000000000000000000000000000000000000000000c8::bzar::BZAR",
                        value: 550146795,
                    },
                    Entry {
                        key: "00000000000000000000000000000000000000000000000000000000000000c8::bmxn::BMXN",
                        value: 560138594,
                    },
                    Entry {
                        key: "00000000000000000000000000000000000000000000000000000000000000c8::busd::BUSD",
                        value: 10000995385,
                    },
                ],
            },
            operation_capability: VecMap {
                contents: [],
            },
            admin_capability_addresses: VecSet {
                contents: [],
            },
            admin_init: false,
            oracle_address: None,
            extra_fields: Bag {
                id: UID {
                    id: ID {
                        bytes: 0x7a77452f007c6cf25bc5b7fc592aae0652d9c8d2147586c3cfd6463acaccecf6,
                    },
                },
                size: 0,
            },
        },
    ),
)
[2m2025-03-25T07:54:55.317921Z[0m [32m INFO[0m [1mnode[0m[1m{[0m[3mname[0m[2m=[0mk#99f25ef6..[1m}[0m[2m:[0m [2msui_node[0m[2m:[0m [2mcrates/sui-node/src/lib.rs[0m[2m:[0m[2m1893:[0m Set rate map to global-mutable-singleton, bfc_system.get_rate_map is {
    "00000000000000000000000000000000000000000000000000000000000000c8::bars::BARS": 11003140,
    "00000000000000000000000000000000000000000000000000000000000000c8::baud::BAUD": 6699981296,
    "00000000000000000000000000000000000000000000000000000000000000c8::bbrl::BBRL": 1799971026,
    "00000000000000000000000000000000000000000000000000000000000000c8::bcad::BCAD": 7300190404,
    "00000000000000000000000000000000000000000000000000000000000000c8::beur::BEUR": 10899100961,
    "00000000000000000000000000000000000000000000000000000000000000c8::bgbp::BGBP": 12998987179,
    "00000000000000000000000000000000000000000000000000000000000000c8::bidr::BIDR": 619975,
    "00000000000000000000000000000000000000000000000000000000000000c8::binr::BINR": 119996345,
    "00000000000000000000000000000000000000000000000000000000000000c8::bjpy::BJPY": 62997403,
    "00000000000000000000000000000000000000000000000000000000000000c8::bkrw::BKRW": 7199430,
    "00000000000000000000000000000000000000000000000000000000000000c8::bmxn::BMXN": 560138594,
    "00000000000000000000000000000000000000000000000000000000000000c8::brub::BRUB": 109998380,
    "00000000000000000000000000000000000000000000000000000000000000c8::bsar::BSAR": 2700265950,
    "00000000000000000000000000000000000000000000000000000000000000c8::btry::BTRY": 300069903,
    "00000000000000000000000000000000000000000000000000000000000000c8::busd::BUSD": 10000995385,
    "00000000000000000000000000000000000000000000000000000000000000c8::bzar::BZAR": 550146795,
    "00000000000000000000000000000000000000000000000000000000000000c8::mgg::MGG": 849937984,
}
[2m2025-03-25T07:54:55.317942Z[0m [32m INFO[0m [1mnode[0m[1m{[0m[3mname[0m[2m=[0mk#99f25ef6..[1m}[0m[2m:[0m [2msui_node[0m[2m:[0m [2mcrates/sui-node/src/lib.rs[0m[2m:[0m[2m1898:[0m Reconfiguration finished
[2m2025-03-25T07:54:55.325201Z[0m [32m INFO[0m [1mnode[0m[1m{[0m[3mname[0m[2m=[0mk#addeef94..[1m}[0m[2m:[0m [2msui_core::epoch::consensus_store_pruner[0m[2m:[0m [2mcrates/sui-core/src/epoch/consensus_store_pruner.rs[0m[2m:[0m[2m116:[0m Consensus store prunning for current epoch 1. Will remove epochs < 1
[2m2025-03-25T07:54:55.326177Z[0m [32m INFO[0m [1mnode[0m[1m{[0m[3mname[0m[2m=[0mk#addeef94..[1m}[0m[2m:[0m [2msui_core::epoch::consensus_store_pruner[0m[2m:[0m [2mcrates/sui-core/src/epoch/consensus_store_pruner.rs[0m[2m:[0m[2m201:[0m Successfully pruned consensus epoch storage directory: "/var/folders/9l/kfqd6hv17d1_8yxpd6zwys8m0000gn/T/.tmpDLzveR/consensus_db/addeef94d898/0"
[2m2025-03-25T07:54:55.326198Z[0m [32m INFO[0m [1mnode[0m[1m{[0m[3mname[0m[2m=[0mk#addeef94..[1m}[0m[2m:[0m [2msui_core::epoch::consensus_store_pruner[0m[2m:[0m [2mcrates/sui-core/src/epoch/consensus_store_pruner.rs[0m[2m:[0m[2m214:[0m Completed old epoch data removal process for epoch 1
[2m2025-03-25T07:54:55.326213Z[0m [32m INFO[0m [1mnode[0m[1m{[0m[3mname[0m[2m=[0mk#addeef94..[1m}[0m[2m:[0m [2msui_core::checkpoints[0m[2m:[0m [2mcrates/sui-core/src/checkpoints/mod.rs[0m[2m:[0m[2m943:[0m Starting CheckpointBuilder
[2m2025-03-25T07:54:55.326297Z[0m [32m INFO[0m [1mnode[0m[1m{[0m[3mname[0m[2m=[0mk#addeef94..[1m}[0m[2m:[0m [2msui_core::checkpoints[0m[2m:[0m [2mcrates/sui-core/src/checkpoints/mod.rs[0m[2m:[0m[2m1916:[0m Starting CheckpointAggregator
[2m2025-03-25T07:54:55.326643Z[0m [32m INFO[0m [1mnode[0m[1m{[0m[3mname[0m[2m=[0mk#addeef94..[1m}[0m[2m:[0m [2mconsensus_core::core_thread[0m[2m:[0m [2mconsensus/core/src/core_thread.rs[0m[2m:[0m[2m226:[0m Spawning future consensus/core/src/core_thread.rs:ConsensusCoreThread
[2m2025-03-25T07:54:55.326683Z[0m [32m INFO[0m [1mnode[0m[1m{[0m[3mname[0m[2m=[0mk#addeef94..[1m}[0m[2m:[0m [2mconsensus_core::commit_syncer[0m[2m:[0m [2mconsensus/core/src/commit_syncer.rs[0m[2m:[0m[2m137:[0m Spawning future consensus/core/src/commit_syncer.rs:137
[2m2025-03-25T07:54:55.328498Z[0m [32m INFO[0m [1mnode[0m[1m{[0m[3mname[0m[2m=[0mk#99f25ef6..[1m}[0m[2m:[0m [2msui_core::epoch::consensus_store_pruner[0m[2m:[0m [2mcrates/sui-core/src/epoch/consensus_store_pruner.rs[0m[2m:[0m[2m116:[0m Consensus store prunning for current epoch 1. Will remove epochs < 1
[2m2025-03-25T07:54:55.328976Z[0m [32m INFO[0m [1mnode[0m[1m{[0m[3mname[0m[2m=[0mk#addeef94..[1m}[0m[2m:[0m[1mjwk_updater_task[0m[1m{[0m[3mepoch[0m[2m=[0m1[1m}[0m[2m:[0m [2msui_node[0m[2m:[0m [2mcrates/sui-node/src/lib.rs[0m[2m:[0m[2m376:[0m fetching JWK for provider Apple
[2m2025-03-25T07:54:55.329348Z[0m [32m INFO[0m [1mnode[0m[1m{[0m[3mname[0m[2m=[0mk#99f25ef6..[1m}[0m[2m:[0m [2msui_core::epoch::consensus_store_pruner[0m[2m:[0m [2mcrates/sui-core/src/epoch/consensus_store_pruner.rs[0m[2m:[0m[2m201:[0m Successfully pruned consensus epoch storage directory: "/var/folders/9l/kfqd6hv17d1_8yxpd6zwys8m0000gn/T/.tmpDLzveR/consensus_db/99f25ef61f80/0"
[2m2025-03-25T07:54:55.329366Z[0m [32m INFO[0m [1mnode[0m[1m{[0m[3mname[0m[2m=[0mk#99f25ef6..[1m}[0m[2m:[0m [2msui_core::epoch::consensus_store_pruner[0m[2m:[0m [2mcrates/sui-core/src/epoch/consensus_store_pruner.rs[0m[2m:[0m[2m214:[0m Completed old epoch data removal process for epoch 1
[2m2025-03-25T07:54:55.329379Z[0m [32m INFO[0m [1mnode[0m[1m{[0m[3mname[0m[2m=[0mk#99f25ef6..[1m}[0m[2m:[0m [2msui_core::checkpoints[0m[2m:[0m [2mcrates/sui-core/src/checkpoints/mod.rs[0m[2m:[0m[2m943:[0m Starting CheckpointBuilder
[2m2025-03-25T07:54:55.329442Z[0m [32m INFO[0m [1mnode[0m[1m{[0m[3mname[0m[2m=[0mk#99f25ef6..[1m}[0m[2m:[0m [2msui_core::checkpoints[0m[2m:[0m [2mcrates/sui-core/src/checkpoints/mod.rs[0m[2m:[0m[2m1916:[0m Starting CheckpointAggregator
[2m2025-03-25T07:54:55.329658Z[0m [32m INFO[0m [1mnode[0m[1m{[0m[3mname[0m[2m=[0mk#99f25ef6..[1m}[0m[2m:[0m [2mconsensus_core::core_thread[0m[2m:[0m [2mconsensus/core/src/core_thread.rs[0m[2m:[0m[2m226:[0m Spawning future consensus/core/src/core_thread.rs:ConsensusCoreThread
[2m2025-03-25T07:54:55.329687Z[0m [32m INFO[0m [1mnode[0m[1m{[0m[3mname[0m[2m=[0mk#99f25ef6..[1m}[0m[2m:[0m [2mconsensus_core::commit_syncer[0m[2m:[0m [2mconsensus/core/src/commit_syncer.rs[0m[2m:[0m[2m137:[0m Spawning future consensus/core/src/commit_syncer.rs:137
[2m2025-03-25T07:54:55.331843Z[0m [32m INFO[0m [1mnode[0m[1m{[0m[3mname[0m[2m=[0mk#99f25ef6..[1m}[0m[2m:[0m[1mjwk_updater_task[0m[1m{[0m[3mepoch[0m[2m=[0m1[1m}[0m[2m:[0m [2msui_node[0m[2m:[0m [2mcrates/sui-node/src/lib.rs[0m[2m:[0m[2m376:[0m fetching JWK for provider Apple
[2m2025-03-25T07:54:55.432680Z[0m [32m INFO[0m [1mnode[0m[1m{[0m[3mname[0m[2m=[0mk#8dcff6d1..[1m}[0m[2m:[0m[1mjwk_updater_task[0m[1m{[0m[3mepoch[0m[2m=[0m1[1m}[0m[2m:[0m [2msui_node[0m[2m:[0m [2mcrates/sui-node/src/lib.rs[0m[2m:[0m[2m376:[0m fetching JWK for provider Arden
[2m2025-03-25T07:54:55.477766Z[0m [32m INFO[0m [1mnode[0m[1m{[0m[3mname[0m[2m=[0mk#addeef94..[1m}[0m[2m:[0m[1mjwk_updater_task[0m[1m{[0m[3mepoch[0m[2m=[0m1[1m}[0m[2m:[0m [2msui_node[0m[2m:[0m [2mcrates/sui-node/src/lib.rs[0m[2m:[0m[2m376:[0m fetching JWK for provider Arden
[2m2025-03-25T07:54:55.507952Z[0m [32m INFO[0m [1mnode[0m[1m{[0m[3mname[0m[2m=[0mk#99f25ef6..[1m}[0m[2m:[0m[1mjwk_updater_task[0m[1m{[0m[3mepoch[0m[2m=[0m1[1m}[0m[2m:[0m [2msui_node[0m[2m:[0m [2mcrates/sui-node/src/lib.rs[0m[2m:[0m[2m376:[0m fetching JWK for provider Arden
[2m2025-03-25T07:54:55.548294Z[0m [32m INFO[0m [1mnode[0m[1m{[0m[3mname[0m[2m=[0mk#8dcff6d1..[1m}[0m[2m:[0m[1mjwk_updater_task[0m[1m{[0m[3mepoch[0m[2m=[0m1[1m}[0m[2m:[0m [2msui_node[0m[2m:[0m [2mcrates/sui-node/src/lib.rs[0m[2m:[0m[2m376:[0m fetching JWK for provider AwsTenant(("eu-west-3", "eu-west-3_gGVCx53Es"))
[2m2025-03-25T07:54:55.593351Z[0m [32m INFO[0m [1mnode[0m[1m{[0m[3mname[0m[2m=[0mk#addeef94..[1m}[0m[2m:[0m[1mjwk_updater_task[0m[1m{[0m[3mepoch[0m[2m=[0m1[1m}[0m[2m:[0m [2msui_node[0m[2m:[0m [2mcrates/sui-node/src/lib.rs[0m[2m:[0m[2m376:[0m fetching JWK for provider AwsTenant(("eu-west-3", "eu-west-3_gGVCx53Es"))
[2m2025-03-25T07:54:55.628015Z[0m [32m INFO[0m [1mnode[0m[1m{[0m[3mname[0m[2m=[0mk#99f25ef6..[1m}[0m[2m:[0m[1mjwk_updater_task[0m[1m{[0m[3mepoch[0m[2m=[0m1[1m}[0m[2m:[0m [2msui_node[0m[2m:[0m [2mcrates/sui-node/src/lib.rs[0m[2m:[0m[2m376:[0m fetching JWK for provider AwsTenant(("eu-west-3", "eu-west-3_gGVCx53Es"))
[2m2025-03-25T07:54:55.668158Z[0m [32m INFO[0m [1mnode[0m[1m{[0m[3mname[0m[2m=[0mk#8dcff6d1..[1m}[0m[2m:[0m[1mjwk_updater_task[0m[1m{[0m[3mepoch[0m[2m=[0m1[1m}[0m[2m:[0m [2msui_node[0m[2m:[0m [2mcrates/sui-node/src/lib.rs[0m[2m:[0m[2m376:[0m fetching JWK for provider AwsTenant(("us-east-1", "us-east-1_LPSLCkC3A"))
[2m2025-03-25T07:54:55.708956Z[0m [32m INFO[0m [1mnode[0m[1m{[0m[3mname[0m[2m=[0mk#addeef94..[1m}[0m[2m:[0m[1mjwk_updater_task[0m[1m{[0m[3mepoch[0m[2m=[0m1[1m}[0m[2m:[0m [2msui_node[0m[2m:[0m [2mcrates/sui-node/src/lib.rs[0m[2m:[0m[2m376:[0m fetching JWK for provider AwsTenant(("us-east-1", "us-east-1_LPSLCkC3A"))
[2m2025-03-25T07:54:55.747267Z[0m [32m INFO[0m [1mnode[0m[1m{[0m[3mname[0m[2m=[0mk#99f25ef6..[1m}[0m[2m:[0m[1mjwk_updater_task[0m[1m{[0m[3mepoch[0m[2m=[0m1[1m}[0m[2m:[0m [2msui_node[0m[2m:[0m [2mcrates/sui-node/src/lib.rs[0m[2m:[0m[2m376:[0m fetching JWK for provider AwsTenant(("us-east-1", "us-east-1_LPSLCkC3A"))
[2m2025-03-25T07:54:55.784983Z[0m [32m INFO[0m [1mnode[0m[1m{[0m[3mname[0m[2m=[0mk#8dcff6d1..[1m}[0m[2m:[0m[1mjwk_updater_task[0m[1m{[0m[3mepoch[0m[2m=[0m1[1m}[0m[2m:[0m [2msui_node[0m[2m:[0m [2mcrates/sui-node/src/lib.rs[0m[2m:[0m[2m376:[0m fetching JWK for provider AwsTenant(("us-east-1", "us-east-1_qPsZxYqd8"))
[2m2025-03-25T07:54:55.821460Z[0m [32m INFO[0m [1mnode[0m[1m{[0m[3mname[0m[2m=[0mk#addeef94..[1m}[0m[2m:[0m[1mjwk_updater_task[0m[1m{[0m[3mepoch[0m[2m=[0m1[1m}[0m[2m:[0m [2msui_node[0m[2m:[0m [2mcrates/sui-node/src/lib.rs[0m[2m:[0m[2m376:[0m fetching JWK for provider AwsTenant(("us-east-1", "us-east-1_qPsZxYqd8"))
[2m2025-03-25T07:54:55.863956Z[0m [32m INFO[0m [1mnode[0m[1m{[0m[3mname[0m[2m=[0mk#99f25ef6..[1m}[0m[2m:[0m[1mjwk_updater_task[0m[1m{[0m[3mepoch[0m[2m=[0m1[1m}[0m[2m:[0m [2msui_node[0m[2m:[0m [2mcrates/sui-node/src/lib.rs[0m[2m:[0m[2m376:[0m fetching JWK for provider AwsTenant(("us-east-1", "us-east-1_qPsZxYqd8"))
[2m2025-03-25T07:54:55.897647Z[0m [32m INFO[0m [1mnode[0m[1m{[0m[3mname[0m[2m=[0mk#8dcff6d1..[1m}[0m[2m:[0m[1mjwk_updater_task[0m[1m{[0m[3mepoch[0m[2m=[0m1[1m}[0m[2m:[0m [2msui_node[0m[2m:[0m [2mcrates/sui-node/src/lib.rs[0m[2m:[0m[2m376:[0m fetching JWK for provider Credenza3
[2m2025-03-25T07:54:55.939447Z[0m [32m INFO[0m [1mnode[0m[1m{[0m[3mname[0m[2m=[0mk#addeef94..[1m}[0m[2m:[0m[1mjwk_updater_task[0m[1m{[0m[3mepoch[0m[2m=[0m1[1m}[0m[2m:[0m [2msui_node[0m[2m:[0m [2mcrates/sui-node/src/lib.rs[0m[2m:[0m[2m376:[0m fetching JWK for provider Credenza3
[2m2025-03-25T07:54:55.980145Z[0m [32m INFO[0m [1mnode[0m[1m{[0m[3mname[0m[2m=[0mk#99f25ef6..[1m}[0m[2m:[0m[1mjwk_updater_task[0m[1m{[0m[3mepoch[0m[2m=[0m1[1m}[0m[2m:[0m [2msui_node[0m[2m:[0m [2mcrates/sui-node/src/lib.rs[0m[2m:[0m[2m376:[0m fetching JWK for provider Credenza3
[2m2025-03-25T07:54:56.015140Z[0m [32m INFO[0m [1mnode[0m[1m{[0m[3mname[0m[2m=[0mk#8dcff6d1..[1m}[0m[2m:[0m[1mjwk_updater_task[0m[1m{[0m[3mepoch[0m[2m=[0m1[1m}[0m[2m:[0m [2msui_node[0m[2m:[0m [2mcrates/sui-node/src/lib.rs[0m[2m:[0m[2m376:[0m fetching JWK for provider Facebook
[2m2025-03-25T07:54:56.056304Z[0m [32m INFO[0m [1mnode[0m[1m{[0m[3mname[0m[2m=[0mk#addeef94..[1m}[0m[2m:[0m[1mjwk_updater_task[0m[1m{[0m[3mepoch[0m[2m=[0m1[1m}[0m[2m:[0m [2msui_node[0m[2m:[0m [2mcrates/sui-node/src/lib.rs[0m[2m:[0m[2m376:[0m fetching JWK for provider Facebook
[2m2025-03-25T07:54:56.095800Z[0m [32m INFO[0m [1mnode[0m[1m{[0m[3mname[0m[2m=[0mk#99f25ef6..[1m}[0m[2m:[0m[1mjwk_updater_task[0m[1m{[0m[3mepoch[0m[2m=[0m1[1m}[0m[2m:[0m [2msui_node[0m[2m:[0m [2mcrates/sui-node/src/lib.rs[0m[2m:[0m[2m376:[0m fetching JWK for provider Facebook
[2m2025-03-25T07:54:56.130074Z[0m [32m INFO[0m [1mnode[0m[1m{[0m[3mname[0m[2m=[0mk#8dcff6d1..[1m}[0m[2m:[0m[1mjwk_updater_task[0m[1m{[0m[3mepoch[0m[2m=[0m1[1m}[0m[2m:[0m [2msui_node[0m[2m:[0m [2mcrates/sui-node/src/lib.rs[0m[2m:[0m[2m376:[0m fetching JWK for provider FanTV
[2m2025-03-25T07:54:56.172872Z[0m [32m INFO[0m [1mnode[0m[1m{[0m[3mname[0m[2m=[0mk#addeef94..[1m}[0m[2m:[0m[1mjwk_updater_task[0m[1m{[0m[3mepoch[0m[2m=[0m1[1m}[0m[2m:[0m [2msui_node[0m[2m:[0m [2mcrates/sui-node/src/lib.rs[0m[2m:[0m[2m376:[0m fetching JWK for provider FanTV
[2m2025-03-25T07:54:56.209848Z[0m [32m INFO[0m [1mnode[0m[1m{[0m[3mname[0m[2m=[0mk#99f25ef6..[1m}[0m[2m:[0m[1mjwk_updater_task[0m[1m{[0m[3mepoch[0m[2m=[0m1[1m}[0m[2m:[0m [2msui_node[0m[2m:[0m [2mcrates/sui-node/src/lib.rs[0m[2m:[0m[2m376:[0m fetching JWK for provider FanTV
[2m2025-03-25T07:54:56.249457Z[0m [32m INFO[0m [1mnode[0m[1m{[0m[3mname[0m[2m=[0mk#8dcff6d1..[1m}[0m[2m:[0m[1mjwk_updater_task[0m[1m{[0m[3mepoch[0m[2m=[0m1[1m}[0m[2m:[0m [2msui_node[0m[2m:[0m [2mcrates/sui-node/src/lib.rs[0m[2m:[0m[2m376:[0m fetching JWK for provider Google
[2m2025-03-25T07:54:56.289583Z[0m [32m INFO[0m [1mnode[0m[1m{[0m[3mname[0m[2m=[0mk#addeef94..[1m}[0m[2m:[0m[1mjwk_updater_task[0m[1m{[0m[3mepoch[0m[2m=[0m1[1m}[0m[2m:[0m [2msui_node[0m[2m:[0m [2mcrates/sui-node/src/lib.rs[0m[2m:[0m[2m376:[0m fetching JWK for provider Google
[2m2025-03-25T07:54:56.325530Z[0m [32m INFO[0m [1mnode[0m[1m{[0m[3mname[0m[2m=[0mk#99f25ef6..[1m}[0m[2m:[0m[1mjwk_updater_task[0m[1m{[0m[3mepoch[0m[2m=[0m1[1m}[0m[2m:[0m [2msui_node[0m[2m:[0m [2mcrates/sui-node/src/lib.rs[0m[2m:[0m[2m376:[0m fetching JWK for provider Google
[2m2025-03-25T07:54:56.366796Z[0m [32m INFO[0m [1mnode[0m[1m{[0m[3mname[0m[2m=[0mk#8dcff6d1..[1m}[0m[2m:[0m[1mjwk_updater_task[0m[1m{[0m[3mepoch[0m[2m=[0m1[1m}[0m[2m:[0m [2msui_node[0m[2m:[0m [2mcrates/sui-node/src/lib.rs[0m[2m:[0m[2m376:[0m fetching JWK for provider Kakao
[2m2025-03-25T07:54:56.406438Z[0m [32m INFO[0m [1mnode[0m[1m{[0m[3mname[0m[2m=[0mk#addeef94..[1m}[0m[2m:[0m[1mjwk_updater_task[0m[1m{[0m[3mepoch[0m[2m=[0m1[1m}[0m[2m:[0m [2msui_node[0m[2m:[0m [2mcrates/sui-node/src/lib.rs[0m[2m:[0m[2m376:[0m fetching JWK for provider Kakao
[2m2025-03-25T07:54:56.439888Z[0m [32m INFO[0m [1mnode[0m[1m{[0m[3mname[0m[2m=[0mk#99f25ef6..[1m}[0m[2m:[0m[1mjwk_updater_task[0m[1m{[0m[3mepoch[0m[2m=[0m1[1m}[0m[2m:[0m [2msui_node[0m[2m:[0m [2mcrates/sui-node/src/lib.rs[0m[2m:[0m[2m376:[0m fetching JWK for provider Kakao
[2m2025-03-25T07:54:56.482968Z[0m [32m INFO[0m [1mnode[0m[1m{[0m[3mname[0m[2m=[0mk#8dcff6d1..[1m}[0m[2m:[0m[1mjwk_updater_task[0m[1m{[0m[3mepoch[0m[2m=[0m1[1m}[0m[2m:[0m [2msui_node[0m[2m:[0m [2mcrates/sui-node/src/lib.rs[0m[2m:[0m[2m376:[0m fetching JWK for provider KarrierOne
[2m2025-03-25T07:54:56.519242Z[0m [32m INFO[0m [1mnode[0m[1m{[0m[3mname[0m[2m=[0mk#addeef94..[1m}[0m[2m:[0m[1mjwk_updater_task[0m[1m{[0m[3mepoch[0m[2m=[0m1[1m}[0m[2m:[0m [2msui_node[0m[2m:[0m [2mcrates/sui-node/src/lib.rs[0m[2m:[0m[2m376:[0m fetching JWK for provider KarrierOne
[2m2025-03-25T07:54:56.561753Z[0m [32m INFO[0m [1mnode[0m[1m{[0m[3mname[0m[2m=[0mk#99f25ef6..[1m}[0m[2m:[0m[1mjwk_updater_task[0m[1m{[0m[3mepoch[0m[2m=[0m1[1m}[0m[2m:[0m [2msui_node[0m[2m:[0m [2mcrates/sui-node/src/lib.rs[0m[2m:[0m[2m376:[0m fetching JWK for provider KarrierOne
[2m2025-03-25T07:54:56.599656Z[0m [32m INFO[0m [1mnode[0m[1m{[0m[3mname[0m[2m=[0mk#8dcff6d1..[1m}[0m[2m:[0m[1mjwk_updater_task[0m[1m{[0m[3mepoch[0m[2m=[0m1[1m}[0m[2m:[0m [2msui_node[0m[2m:[0m [2mcrates/sui-node/src/lib.rs[0m[2m:[0m[2m376:[0m fetching JWK for provider Microsoft
[2m2025-03-25T07:54:56.636062Z[0m [32m INFO[0m [1mnode[0m[1m{[0m[3mname[0m[2m=[0mk#addeef94..[1m}[0m[2m:[0m[1mjwk_updater_task[0m[1m{[0m[3mepoch[0m[2m=[0m1[1m}[0m[2m:[0m [2msui_node[0m[2m:[0m [2mcrates/sui-node/src/lib.rs[0m[2m:[0m[2m376:[0m fetching JWK for provider Microsoft
[2m2025-03-25T07:54:56.673409Z[0m [32m INFO[0m [1mnode[0m[1m{[0m[3mname[0m[2m=[0mk#99f25ef6..[1m}[0m[2m:[0m[1mjwk_updater_task[0m[1m{[0m[3mepoch[0m[2m=[0m1[1m}[0m[2m:[0m [2msui_node[0m[2m:[0m [2mcrates/sui-node/src/lib.rs[0m[2m:[0m[2m376:[0m fetching JWK for provider Microsoft
[2m2025-03-25T07:54:56.715617Z[0m [32m INFO[0m [1mnode[0m[1m{[0m[3mname[0m[2m=[0mk#8dcff6d1..[1m}[0m[2m:[0m[1mjwk_updater_task[0m[1m{[0m[3mepoch[0m[2m=[0m1[1m}[0m[2m:[0m [2msui_node[0m[2m:[0m [2mcrates/sui-node/src/lib.rs[0m[2m:[0m[2m376:[0m fetching JWK for provider Onefc
[2m2025-03-25T07:54:56.752766Z[0m [32m INFO[0m [1mnode[0m[1m{[0m[3mname[0m[2m=[0mk#addeef94..[1m}[0m[2m:[0m[1mjwk_updater_task[0m[1m{[0m[3mepoch[0m[2m=[0m1[1m}[0m[2m:[0m [2msui_node[0m[2m:[0m [2mcrates/sui-node/src/lib.rs[0m[2m:[0m[2m376:[0m fetching JWK for provider Onefc
[2m2025-03-25T07:54:56.793071Z[0m [32m INFO[0m [1mnode[0m[1m{[0m[3mname[0m[2m=[0mk#99f25ef6..[1m}[0m[2m:[0m[1mjwk_updater_task[0m[1m{[0m[3mepoch[0m[2m=[0m1[1m}[0m[2m:[0m [2msui_node[0m[2m:[0m [2mcrates/sui-node/src/lib.rs[0m[2m:[0m[2m376:[0m fetching JWK for provider Onefc
[2m2025-03-25T07:54:56.828839Z[0m [32m INFO[0m [1mnode[0m[1m{[0m[3mname[0m[2m=[0mk#8dcff6d1..[1m}[0m[2m:[0m[1mjwk_updater_task[0m[1m{[0m[3mepoch[0m[2m=[0m1[1m}[0m[2m:[0m [2msui_node[0m[2m:[0m [2mcrates/sui-node/src/lib.rs[0m[2m:[0m[2m376:[0m fetching JWK for provider Playtron
[2m2025-03-25T07:54:56.865138Z[0m [32m INFO[0m [1mnode[0m[1m{[0m[3mname[0m[2m=[0mk#addeef94..[1m}[0m[2m:[0m[1mjwk_updater_task[0m[1m{[0m[3mepoch[0m[2m=[0m1[1m}[0m[2m:[0m [2msui_node[0m[2m:[0m [2mcrates/sui-node/src/lib.rs[0m[2m:[0m[2m376:[0m fetching JWK for provider Playtron
[2m2025-03-25T07:54:56.905373Z[0m [32m INFO[0m [1mnode[0m[1m{[0m[3mname[0m[2m=[0mk#99f25ef6..[1m}[0m[2m:[0m[1mjwk_updater_task[0m[1m{[0m[3mepoch[0m[2m=[0m1[1m}[0m[2m:[0m [2msui_node[0m[2m:[0m [2mcrates/sui-node/src/lib.rs[0m[2m:[0m[2m376:[0m fetching JWK for provider Playtron
[2m2025-03-25T07:54:56.943258Z[0m [32m INFO[0m [1mnode[0m[1m{[0m[3mname[0m[2m=[0mk#8dcff6d1..[1m}[0m[2m:[0m[1mjwk_updater_task[0m[1m{[0m[3mepoch[0m[2m=[0m1[1m}[0m[2m:[0m [2msui_node[0m[2m:[0m [2mcrates/sui-node/src/lib.rs[0m[2m:[0m[2m376:[0m fetching JWK for provider Slack
[2m2025-03-25T07:54:56.981494Z[0m [32m INFO[0m [1mnode[0m[1m{[0m[3mname[0m[2m=[0mk#addeef94..[1m}[0m[2m:[0m[1mjwk_updater_task[0m[1m{[0m[3mepoch[0m[2m=[0m1[1m}[0m[2m:[0m [2msui_node[0m[2m:[0m [2mcrates/sui-node/src/lib.rs[0m[2m:[0m[2m376:[0m fetching JWK for provider Slack
[2m2025-03-25T07:54:57.022919Z[0m [32m INFO[0m [1mnode[0m[1m{[0m[3mname[0m[2m=[0mk#99f25ef6..[1m}[0m[2m:[0m[1mjwk_updater_task[0m[1m{[0m[3mepoch[0m[2m=[0m1[1m}[0m[2m:[0m [2msui_node[0m[2m:[0m [2mcrates/sui-node/src/lib.rs[0m[2m:[0m[2m376:[0m fetching JWK for provider Slack
[2m2025-03-25T07:54:57.056460Z[0m [32m INFO[0m [1mnode[0m[1m{[0m[3mname[0m[2m=[0mk#8dcff6d1..[1m}[0m[2m:[0m[1mjwk_updater_task[0m[1m{[0m[3mepoch[0m[2m=[0m1[1m}[0m[2m:[0m [2msui_node[0m[2m:[0m [2mcrates/sui-node/src/lib.rs[0m[2m:[0m[2m376:[0m fetching JWK for provider TestIssuer
[2m2025-03-25T07:54:57.094625Z[0m [32m INFO[0m [1mnode[0m[1m{[0m[3mname[0m[2m=[0mk#addeef94..[1m}[0m[2m:[0m[1mjwk_updater_task[0m[1m{[0m[3mepoch[0m[2m=[0m1[1m}[0m[2m:[0m [2msui_node[0m[2m:[0m [2mcrates/sui-node/src/lib.rs[0m[2m:[0m[2m376:[0m fetching JWK for provider TestIssuer
[2m2025-03-25T07:54:57.134433Z[0m [32m INFO[0m [1mnode[0m[1m{[0m[3mname[0m[2m=[0mk#99f25ef6..[1m}[0m[2m:[0m[1mjwk_updater_task[0m[1m{[0m[3mepoch[0m[2m=[0m1[1m}[0m[2m:[0m [2msui_node[0m[2m:[0m [2mcrates/sui-node/src/lib.rs[0m[2m:[0m[2m376:[0m fetching JWK for provider TestIssuer
[2m2025-03-25T07:54:57.178312Z[0m [32m INFO[0m [1mnode[0m[1m{[0m[3mname[0m[2m=[0mk#8dcff6d1..[1m}[0m[2m:[0m[1mjwk_updater_task[0m[1m{[0m[3mepoch[0m[2m=[0m1[1m}[0m[2m:[0m [2msui_node[0m[2m:[0m [2mcrates/sui-node/src/lib.rs[0m[2m:[0m[2m376:[0m fetching JWK for provider Threedos
[2m2025-03-25T07:54:57.213044Z[0m [32m INFO[0m [1mnode[0m[1m{[0m[3mname[0m[2m=[0mk#addeef94..[1m}[0m[2m:[0m[1mjwk_updater_task[0m[1m{[0m[3mepoch[0m[2m=[0m1[1m}[0m[2m:[0m [2msui_node[0m[2m:[0m [2mcrates/sui-node/src/lib.rs[0m[2m:[0m[2m376:[0m fetching JWK for provider Threedos
[2m2025-03-25T07:54:57.251439Z[0m [32m INFO[0m [1mnode[0m[1m{[0m[3mname[0m[2m=[0mk#99f25ef6..[1m}[0m[2m:[0m[1mjwk_updater_task[0m[1m{[0m[3mepoch[0m[2m=[0m1[1m}[0m[2m:[0m [2msui_node[0m[2m:[0m [2mcrates/sui-node/src/lib.rs[0m[2m:[0m[2m376:[0m fetching JWK for provider Threedos
[2m2025-03-25T07:54:57.291117Z[0m [32m INFO[0m [1mnode[0m[1m{[0m[3mname[0m[2m=[0mk#8dcff6d1..[1m}[0m[2m:[0m[1mjwk_updater_task[0m[1m{[0m[3mepoch[0m[2m=[0m1[1m}[0m[2m:[0m [2msui_node[0m[2m:[0m [2mcrates/sui-node/src/lib.rs[0m[2m:[0m[2m376:[0m fetching JWK for provider Twitch
[2m2025-03-25T07:54:57.326396Z[0m [32m INFO[0m [1mnode[0m[1m{[0m[3mname[0m[2m=[0mk#addeef94..[1m}[0m[2m:[0m[1mjwk_updater_task[0m[1m{[0m[3mepoch[0m[2m=[0m1[1m}[0m[2m:[0m [2msui_node[0m[2m:[0m [2mcrates/sui-node/src/lib.rs[0m[2m:[0m[2m376:[0m fetching JWK for provider Twitch
[2m2025-03-25T07:54:57.370356Z[0m [32m INFO[0m [1mnode[0m[1m{[0m[3mname[0m[2m=[0mk#99f25ef6..[1m}[0m[2m:[0m[1mjwk_updater_task[0m[1m{[0m[3mepoch[0m[2m=[0m1[1m}[0m[2m:[0m [2msui_node[0m[2m:[0m [2mcrates/sui-node/src/lib.rs[0m[2m:[0m[2m376:[0m fetching JWK for provider Twitch
[2m2025-03-25T07:54:57.479267Z[0m [32m INFO[0m [1mnode[0m[1m{[0m[3mname[0m[2m=[0mk#8dcff6d1..[1m}[0m[2m:[0m [2msui_storage::mutex_table[0m[2m:[0m [2mcrates/sui-storage/src/mutex_table.rs[0m[2m:[0m[2m134:[0m Stopping mutex table cleanup!
[2m2025-03-25T07:54:57.481518Z[0m [32m INFO[0m [1mnode[0m[1m{[0m[3mname[0m[2m=[0mk#8dcff6d1..[1m}[0m[2m:[0m [2msui_types::digests[0m[2m:[0m [2mcrates/sui-types/src/digests.rs[0m[2m:[0m[2m217:[0m start unknown chain.....
[2m2025-03-25T07:54:57.490531Z[0m [31mERROR[0m [2mmysten_metrics::thread_stall_monitor[0m[2m:[0m [2mcrates/mysten-metrics/src/thread_stall_monitor.rs[0m[2m:[0m[2m48:[0m Thread stall cleared after 12104ms
[2m2025-03-25T07:54:57.521658Z[0m [32m INFO[0m [1mnode[0m[1m{[0m[3mname[0m[2m=[0mk#addeef94..[1m}[0m[2m:[0m [2msui_storage::mutex_table[0m[2m:[0m [2mcrates/sui-storage/src/mutex_table.rs[0m[2m:[0m[2m134:[0m Stopping mutex table cleanup!
[2m2025-03-25T07:54:57.523884Z[0m [32m INFO[0m [1mnode[0m[1m{[0m[3mname[0m[2m=[0mk#addeef94..[1m}[0m[2m:[0m [2msui_types::digests[0m[2m:[0m [2mcrates/sui-types/src/digests.rs[0m[2m:[0m[2m217:[0m start unknown chain.....
[2m2025-03-25T07:54:57.530235Z[0m [32m INFO[0m [1mnode[0m[1m{[0m[3mname[0m[2m=[0mk#8dcff6d1..[1m}[0m[2m:[0m [2msui_node[0m[2m:[0m [2mcrates/sui-node/src/lib.rs[0m[2m:[0m[2m1639:[0m submitting capabilities to consensus [3mtransaction[0m[2m=[0mConsensusTransaction { tracking_id: [45, 185, 242, 100, 161, 104, 108, 136], kind: CapabilityNotificationV2(AuthorityCapabilities { authority: k#8dcff6d1.., generation: 1742889297530, supported_protocol_versions: SupportedProtocolVersionsWithHashes { versions: [(ProtocolVersion(70), FrKhfrh2j9vdniFPmvfUN4Qs6Wo8dnCkB6ghPa5qoiPF)] }, available_system_packages: [(0x0000000000000000000000000000000000000000000000000000000000000001, SequenceNumber(1), o#96Jb9mkzfqNLYnEMpVxB5dqrKbBaj23w7iXPjTYFdrQw), (0x0000000000000000000000000000000000000000000000000000000000000002, SequenceNumber(2), o#5vKHEC2GkQgKUCg83C4NUMDy8cTwcYkVhzjF4knW2Z6R), (0x00000000000000000000000000000000000000000000000000000000000000c8, SequenceNumber(2), o#2TYk2oyyHbsNv1bR7jCYed6uyR86PTo5AajvrgGFYzTx), (0x0000000000000000000000000000000000000000000000000000000000000003, SequenceNumber(2), o#9Bzszwhj3hrhNbiSeGiaUXHUu9QqWBwqgAjxASZwA79T), (0x000000000000000000000000000000000000000000000000000000000000000b, SequenceNumber(2), o#2u7iZbKqeCefn4DioNR4X6FuGfVBCErkLW6Kpo7RZmLq)] }) }
[2m2025-03-25T07:54:57.530826Z[0m [33m WARN[0m [1mnode[0m[1m{[0m[3mname[0m[2m=[0mk#8dcff6d1..[1m}[0m[2m:[0m [2mconsensus_core::network::tonic_network[0m[2m:[0m [2mconsensus/core/src/network/tonic_network.rs[0m[2m:[0m[2m415:[0m Failed to connect to endpoint at https://127.0.0.1:60563: tonic_rustls::Error(Transport, ConnectError(ConnectError("tcp connect error", Os { code: 61, kind: ConnectionRefused, message: "Connection refused" })))
[2m2025-03-25T07:54:57.530851Z[0m [33m WARN[0m [1mnode[0m[1m{[0m[3mname[0m[2m=[0mk#8dcff6d1..[1m}[0m[2m:[0m [2mconsensus_core::network::tonic_network[0m[2m:[0m [2mconsensus/core/src/network/tonic_network.rs[0m[2m:[0m[2m415:[0m Failed to connect to endpoint at https://127.0.0.1:60591: tonic_rustls::Error(Transport, ConnectError(ConnectError("tcp connect error", Os { code: 61, kind: ConnectionRefused, message: "Connection refused" })))
[2m2025-03-25T07:54:57.531517Z[0m [32m INFO[0m [1mnode[0m[1m{[0m[3mname[0m[2m=[0mk#8dcff6d1..[1m}[0m[2m:[0m [2mconsensus_core::commit_syncer[0m[2m:[0m [2mconsensus/core/src/commit_syncer.rs[0m[2m:[0m[2m196:[0m Checking to schedule fetches: synced_commit_index=0, highest_handled_index=0, highest_scheduled_index=0, quorum_commit_index=0, unhandled_commits_threshold=3200
[2m2025-03-25T07:54:57.588012Z[0m [32m INFO[0m [1mnode[0m[1m{[0m[3mname[0m[2m=[0mk#99f25ef6..[1m}[0m[2m:[0m [2msui_storage::mutex_table[0m[2m:[0m [2mcrates/sui-storage/src/mutex_table.rs[0m[2m:[0m[2m134:[0m Stopping mutex table cleanup!
[2m2025-03-25T07:54:57.590708Z[0m [32m INFO[0m [1mnode[0m[1m{[0m[3mname[0m[2m=[0mk#99f25ef6..[1m}[0m[2m:[0m [2msui_types::digests[0m[2m:[0m [2mcrates/sui-types/src/digests.rs[0m[2m:[0m[2m217:[0m start unknown chain.....
[2m2025-03-25T07:54:57.592109Z[0m [32m INFO[0m [1mnode[0m[1m{[0m[3mname[0m[2m=[0mk#addeef94..[1m}[0m[2m:[0m [2msui_node[0m[2m:[0m [2mcrates/sui-node/src/lib.rs[0m[2m:[0m[2m1639:[0m submitting capabilities to consensus [3mtransaction[0m[2m=[0mConsensusTransaction { tracking_id: [27, 175, 16, 208, 27, 129, 176, 122], kind: CapabilityNotificationV2(AuthorityCapabilities { authority: k#addeef94.., generation: 1742889297591, supported_protocol_versions: SupportedProtocolVersionsWithHashes { versions: [(ProtocolVersion(70), FrKhfrh2j9vdniFPmvfUN4Qs6Wo8dnCkB6ghPa5qoiPF)] }, available_system_packages: [(0x0000000000000000000000000000000000000000000000000000000000000001, SequenceNumber(1), o#96Jb9mkzfqNLYnEMpVxB5dqrKbBaj23w7iXPjTYFdrQw), (0x0000000000000000000000000000000000000000000000000000000000000002, SequenceNumber(2), o#5vKHEC2GkQgKUCg83C4NUMDy8cTwcYkVhzjF4knW2Z6R), (0x00000000000000000000000000000000000000000000000000000000000000c8, SequenceNumber(2), o#2TYk2oyyHbsNv1bR7jCYed6uyR86PTo5AajvrgGFYzTx), (0x0000000000000000000000000000000000000000000000000000000000000003, SequenceNumber(2), o#9Bzszwhj3hrhNbiSeGiaUXHUu9QqWBwqgAjxASZwA79T), (0x000000000000000000000000000000000000000000000000000000000000000b, SequenceNumber(2), o#2u7iZbKqeCefn4DioNR4X6FuGfVBCErkLW6Kpo7RZmLq)] }) }
[2m2025-03-25T07:54:57.596110Z[0m [32m INFO[0m [1mnode[0m[1m{[0m[3mname[0m[2m=[0mk#addeef94..[1m}[0m[2m:[0m [2mconsensus_core::commit_syncer[0m[2m:[0m [2mconsensus/core/src/commit_syncer.rs[0m[2m:[0m[2m196:[0m Checking to schedule fetches: synced_commit_index=0, highest_handled_index=0, highest_scheduled_index=0, quorum_commit_index=0, unhandled_commits_threshold=3200
[2m2025-03-25T07:54:57.619934Z[0m [32m INFO[0m [1mnode[0m[1m{[0m[3mname[0m[2m=[0mk#8dcff6d1..[1m}[0m[2m:[0m [2mconsensus_core::core[0m[2m:[0m [2mconsensus/core/src/core.rs[0m[2m:[0m[2m682:[0m Block subscriber exists: true
[2m2025-03-25T07:54:57.620000Z[0m [32m INFO[0m [1mnode[0m[1m{[0m[3mname[0m[2m=[0mk#8dcff6d1..[1m}[0m[2m:[0m [2mconsensus_core::core[0m[2m:[0m [2mconsensus/core/src/core.rs[0m[2m:[0m[2m945:[0m Included 3 ancestors & excluded 0 ancestors for proposal in round 1
[2m2025-03-25T07:54:57.622294Z[0m [32m INFO[0m [1mnode[0m[1m{[0m[3mname[0m[2m=[0mk#8dcff6d1..[1m}[0m[2m:[0m [2mconsensus_core::core[0m[2m:[0m [2mconsensus/core/src/core.rs[0m[2m:[0m[2m531:[0m Created block B1(A,9ak5h2z/+rNESmHnCSO0cTKlitQP59iCkqsnNiCXKUQ=)(1742889297620ms;[B0(A,XtA1pUQK3W5XZHOuBsY3MG8PHdJ5rdQqspST8WOUtQA=), B0(B,xXezMjW0VTgTYaMFQICel6RK3jrMGtDolLt9jktC/M0=), B0(C,8kYkO2j8kzJQxv2D3VhLSzTw5NG2LDoAPwz2A8v5W9w=)];2t;0c) for round 1
[2m2025-03-25T07:54:57.622441Z[0m [32m INFO[0m [1mnode[0m[1m{[0m[3mname[0m[2m=[0mk#8dcff6d1..[1m}[0m[2m:[0m [2msui_core::mysticeti_adapter[0m[2m:[0m [2mcrates/sui-core/src/mysticeti_adapter.rs[0m[2m:[0m[2m130:[0m Transaction External(RandomnessDkgMessage(k#8dcff6d1..)) was included in B1(A,9ak5)
[2m2025-03-25T07:54:57.622466Z[0m [32m INFO[0m [1mnode[0m[1m{[0m[3mname[0m[2m=[0mk#8dcff6d1..[1m}[0m[2m:[0m [2msui_core::mysticeti_adapter[0m[2m:[0m [2mcrates/sui-core/src/mysticeti_adapter.rs[0m[2m:[0m[2m130:[0m Transaction External(CapabilityNotification(k#8dcff6d1.., 1742889297530)) was included in B1(A,9ak5)
[2m2025-03-25T07:54:57.639122Z[0m [32m INFO[0m [1mnode[0m[1m{[0m[3mname[0m[2m=[0mk#99f25ef6..[1m}[0m[2m:[0m [2msui_node[0m[2m:[0m [2mcrates/sui-node/src/lib.rs[0m[2m:[0m[2m1639:[0m submitting capabilities to consensus [3mtransaction[0m[2m=[0mConsensusTransaction { tracking_id: [153, 159, 63, 39, 190, 98, 184, 127], kind: CapabilityNotificationV2(AuthorityCapabilities { authority: k#99f25ef6.., generation: 1742889297638, supported_protocol_versions: SupportedProtocolVersionsWithHashes { versions: [(ProtocolVersion(70), FrKhfrh2j9vdniFPmvfUN4Qs6Wo8dnCkB6ghPa5qoiPF)] }, available_system_packages: [(0x0000000000000000000000000000000000000000000000000000000000000001, SequenceNumber(1), o#96Jb9mkzfqNLYnEMpVxB5dqrKbBaj23w7iXPjTYFdrQw), (0x0000000000000000000000000000000000000000000000000000000000000002, SequenceNumber(2), o#5vKHEC2GkQgKUCg83C4NUMDy8cTwcYkVhzjF4knW2Z6R), (0x00000000000000000000000000000000000000000000000000000000000000c8, SequenceNumber(2), o#2TYk2oyyHbsNv1bR7jCYed6uyR86PTo5AajvrgGFYzTx), (0x0000000000000000000000000000000000000000000000000000000000000003, SequenceNumber(2), o#9Bzszwhj3hrhNbiSeGiaUXHUu9QqWBwqgAjxASZwA79T), (0x000000000000000000000000000000000000000000000000000000000000000b, SequenceNumber(2), o#2u7iZbKqeCefn4DioNR4X6FuGfVBCErkLW6Kpo7RZmLq)] }) }
[2m2025-03-25T07:54:57.640484Z[0m [32m INFO[0m [1mnode[0m[1m{[0m[3mname[0m[2m=[0mk#99f25ef6..[1m}[0m[2m:[0m [2mconsensus_core::commit_syncer[0m[2m:[0m [2mconsensus/core/src/commit_syncer.rs[0m[2m:[0m[2m196:[0m Checking to schedule fetches: synced_commit_index=0, highest_handled_index=0, highest_scheduled_index=0, quorum_commit_index=0, unhandled_commits_threshold=3200
[2m2025-03-25T07:54:57.654014Z[0m [32m INFO[0m [1mnode[0m[1m{[0m[3mname[0m[2m=[0mk#addeef94..[1m}[0m[2m:[0m [2mconsensus_core::core[0m[2m:[0m [2mconsensus/core/src/core.rs[0m[2m:[0m[2m682:[0m Block subscriber exists: true
[2m2025-03-25T07:54:57.654066Z[0m [32m INFO[0m [1mnode[0m[1m{[0m[3mname[0m[2m=[0mk#addeef94..[1m}[0m[2m:[0m [2mconsensus_core::core[0m[2m:[0m [2mconsensus/core/src/core.rs[0m[2m:[0m[2m945:[0m Included 3 ancestors & excluded 0 ancestors for proposal in round 1
[2m2025-03-25T07:54:57.654496Z[0m [32m INFO[0m [1mnode[0m[1m{[0m[3mname[0m[2m=[0mk#99f25ef6..[1m}[0m[2m:[0m [2mconsensus_core::core[0m[2m:[0m [2mconsensus/core/src/core.rs[0m[2m:[0m[2m682:[0m Block subscriber exists: true
[2m2025-03-25T07:54:57.654531Z[0m [32m INFO[0m [1mnode[0m[1m{[0m[3mname[0m[2m=[0mk#99f25ef6..[1m}[0m[2m:[0m [2mconsensus_core::core[0m[2m:[0m [2mconsensus/core/src/core.rs[0m[2m:[0m[2m945:[0m Included 3 ancestors & excluded 0 ancestors for proposal in round 1
[2m2025-03-25T07:54:57.656397Z[0m [32m INFO[0m [1mnode[0m[1m{[0m[3mname[0m[2m=[0mk#addeef94..[1m}[0m[2m:[0m [2mconsensus_core::core[0m[2m:[0m [2mconsensus/core/src/core.rs[0m[2m:[0m[2m531:[0m Created block B1(C,XqrRVXf2yT0k9kva4oNTJ0QyMPr2VZ5q3XmOG3eL2ZI=)(1742889297654ms;[B0(C,8kYkO2j8kzJQxv2D3VhLSzTw5NG2LDoAPwz2A8v5W9w=), B0(A,XtA1pUQK3W5XZHOuBsY3MG8PHdJ5rdQqspST8WOUtQA=), B0(B,xXezMjW0VTgTYaMFQICel6RK3jrMGtDolLt9jktC/M0=)];2t;0c) for round 1
[2m2025-03-25T07:54:57.656474Z[0m [32m INFO[0m [1mnode[0m[1m{[0m[3mname[0m[2m=[0mk#addeef94..[1m}[0m[2m:[0m [2msui_core::mysticeti_adapter[0m[2m:[0m [2mcrates/sui-core/src/mysticeti_adapter.rs[0m[2m:[0m[2m130:[0m Transaction External(RandomnessDkgMessage(k#addeef94..)) was included in B1(C,XqrR)
[2m2025-03-25T07:54:57.656498Z[0m [32m INFO[0m [1mnode[0m[1m{[0m[3mname[0m[2m=[0mk#addeef94..[1m}[0m[2m:[0m [2msui_core::mysticeti_adapter[0m[2m:[0m [2mcrates/sui-core/src/mysticeti_adapter.rs[0m[2m:[0m[2m130:[0m Transaction External(CapabilityNotification(k#addeef94.., 1742889297591)) was included in B1(C,XqrR)
[2m2025-03-25T07:54:57.656706Z[0m [32m INFO[0m [1mnode[0m[1m{[0m[3mname[0m[2m=[0mk#99f25ef6..[1m}[0m[2m:[0m [2mconsensus_core::core[0m[2m:[0m [2mconsensus/core/src/core.rs[0m[2m:[0m[2m531:[0m Created block B1(B,Z4YEoo/Cet1zVcmddOOwjInqWqD5rDT1JpuCbVcX9QQ=)(1742889297654ms;[B0(B,xXezMjW0VTgTYaMFQICel6RK3jrMGtDolLt9jktC/M0=), B0(A,XtA1pUQK3W5XZHOuBsY3MG8PHdJ5rdQqspST8WOUtQA=), B0(C,8kYkO2j8kzJQxv2D3VhLSzTw5NG2LDoAPwz2A8v5W9w=)];2t;0c) for round 1
[2m2025-03-25T07:54:57.656836Z[0m [32m INFO[0m [1mnode[0m[1m{[0m[3mname[0m[2m=[0mk#99f25ef6..[1m}[0m[2m:[0m [2msui_core::mysticeti_adapter[0m[2m:[0m [2mcrates/sui-core/src/mysticeti_adapter.rs[0m[2m:[0m[2m130:[0m Transaction External(RandomnessDkgMessage(k#99f25ef6..)) was included in B1(B,Z4YE)
[2m2025-03-25T07:54:57.656852Z[0m [32m INFO[0m [1mnode[0m[1m{[0m[3mname[0m[2m=[0mk#99f25ef6..[1m}[0m[2m:[0m [2msui_core::mysticeti_adapter[0m[2m:[0m [2mcrates/sui-core/src/mysticeti_adapter.rs[0m[2m:[0m[2m130:[0m Transaction External(CapabilityNotification(k#99f25ef6.., 1742889297638)) was included in B1(B,Z4YE)
[2m2025-03-25T07:54:57.657112Z[0m [32m INFO[0m [1mnode[0m[1m{[0m[3mname[0m[2m=[0mk#8dcff6d1..[1m}[0m[2m:[0m [2mconsensus_core::core[0m[2m:[0m [2mconsensus/core/src/core.rs[0m[2m:[0m[2m694:[0m Received quorum round per authority in ancestor state manager set to: [(0, 0), (0, 0), (0, 0)]
[2m2025-03-25T07:54:57.657123Z[0m [32m INFO[0m [1mnode[0m[1m{[0m[3mname[0m[2m=[0mk#8dcff6d1..[1m}[0m[2m:[0m [2mconsensus_core::core[0m[2m:[0m [2mconsensus/core/src/core.rs[0m[2m:[0m[2m695:[0m Accepted quorum round per authority in ancestor state manager set to: [(0, 0), (0, 0), (0, 0)]
[2m2025-03-25T07:54:57.657131Z[0m [32m INFO[0m [1mnode[0m[1m{[0m[3mname[0m[2m=[0mk#8dcff6d1..[1m}[0m[2m:[0m [2mconsensus_core::core[0m[2m:[0m [2mconsensus/core/src/core.rs[0m[2m:[0m[2m698:[0m Propagation round delay set to: 0
[2m2025-03-25T07:54:57.670458Z[0m [32m INFO[0m [1mnode[0m[1m{[0m[3mname[0m[2m=[0mk#addeef94..[1m}[0m[2m:[0m [2mconsensus_core::core[0m[2m:[0m [2mconsensus/core/src/core.rs[0m[2m:[0m[2m694:[0m Received quorum round per authority in ancestor state manager set to: [(0, 0), (0, 0), (0, 0)]
[2m2025-03-25T07:54:57.670468Z[0m [32m INFO[0m [1mnode[0m[1m{[0m[3mname[0m[2m=[0mk#addeef94..[1m}[0m[2m:[0m [2mconsensus_core::core[0m[2m:[0m [2mconsensus/core/src/core.rs[0m[2m:[0m[2m695:[0m Accepted quorum round per authority in ancestor state manager set to: [(0, 0), (0, 0), (0, 0)]
[2m2025-03-25T07:54:57.670474Z[0m [32m INFO[0m [1mnode[0m[1m{[0m[3mname[0m[2m=[0mk#addeef94..[1m}[0m[2m:[0m [2mconsensus_core::core[0m[2m:[0m [2mconsensus/core/src/core.rs[0m[2m:[0m[2m698:[0m Propagation round delay set to: 0
[2m2025-03-25T07:54:57.671407Z[0m [32m INFO[0m [1mnode[0m[1m{[0m[3mname[0m[2m=[0mk#99f25ef6..[1m}[0m[2m:[0m [2mconsensus_core::core[0m[2m:[0m [2mconsensus/core/src/core.rs[0m[2m:[0m[2m694:[0m Received quorum round per authority in ancestor state manager set to: [(1, 1), (0, 1), (0, 1)]
[2m2025-03-25T07:54:57.671416Z[0m [32m INFO[0m [1mnode[0m[1m{[0m[3mname[0m[2m=[0mk#99f25ef6..[1m}[0m[2m:[0m [2mconsensus_core::core[0m[2m:[0m [2mconsensus/core/src/core.rs[0m[2m:[0m[2m695:[0m Accepted quorum round per authority in ancestor state manager set to: [(1, 1), (0, 1), (0, 1)]
[2m2025-03-25T07:54:57.671422Z[0m [32m INFO[0m [1mnode[0m[1m{[0m[3mname[0m[2m=[0mk#99f25ef6..[1m}[0m[2m:[0m [2mconsensus_core::core[0m[2m:[0m [2mconsensus/core/src/core.rs[0m[2m:[0m[2m698:[0m Propagation round delay set to: 0
[2m2025-03-25T07:54:57.786125Z[0m [32m INFO[0m [1mnode[0m[1m{[0m[3mname[0m[2m=[0mk#b3f3cbb4..[1m}[0m[2m:[0m [2msui_core::checkpoints::checkpoint_executor[0m[2m:[0m [2mcrates/sui-core/src/checkpoints/checkpoint_executor/mod.rs[0m[2m:[0m[2m332:[0m Received checkpoint summary from state sync [3msequence_number[0m[2m=[0m213
[2m2025-03-25T07:54:57.859575Z[0m [32m INFO[0m [1mnode[0m[1m{[0m[3mname[0m[2m=[0mk#b3f3cbb4..[1m}[0m[2m:[0m [2msui_core::checkpoints::checkpoint_executor[0m[2m:[0m [2mcrates/sui-core/src/checkpoints/checkpoint_executor/mod.rs[0m[2m:[0m[2m639:[0m Reached end of epoch, executing change_epoch transaction [3mended_epoch[0m[2m=[0m0 [3mlast_checkpoint[0m[2m=[0m213
[2m2025-03-25T07:54:57.879995Z[0m [33m WARN[0m [1mnode[0m[1m{[0m[3mname[0m[2m=[0mk#b3f3cbb4..[1m}[0m[2m:[0m[1mexecution_driver[0m[1m{[0m[3mtx_digest[0m[2m=[0mTransactionDigest(CZjVMajkjNeXkGbaU9Qh53fY16SGcTTLrfPAMkNjAa2G)[1m}[0m[2m:[0m [2msui_adapter_latest::execution_engine::checked[0m[2m:[0m [2msui-execution/latest/sui-adapter/src/execution_engine.rs[0m[2m:[0m[2m1553:[0m Failed to get oracle price, Error: Some(SuiSystemStateReadError("Oracle address not found"))
[2m2025-03-25T07:54:57.880025Z[0m [32m INFO[0m [1mnode[0m[1m{[0m[3mname[0m[2m=[0mk#b3f3cbb4..[1m}[0m[2m:[0m[1mexecution_driver[0m[1m{[0m[3mtx_digest[0m[2m=[0mTransactionDigest(CZjVMajkjNeXkGbaU9Qh53fY16SGcTTLrfPAMkNjAa2G)[1m}[0m[2m:[0m [2msui_adapter_latest::execution_engine::checked[0m[2m:[0m [2msui-execution/latest/sui-adapter/src/execution_engine.rs[0m[2m:[0m[2m938:[0m Call arguments to bfc round transaction: 1
[2m2025-03-25T07:54:57.880059Z[0m [32m INFO[0m [1mnode[0m[1m{[0m[3mname[0m[2m=[0mk#b3f3cbb4..[1m}[0m[2m:[0m[1mexecution_driver[0m[1m{[0m[3mtx_digest[0m[2m=[0mTransactionDigest(CZjVMajkjNeXkGbaU9Qh53fY16SGcTTLrfPAMkNjAa2G)[1m}[0m[2m:[0m [2msui_adapter_latest::execution_engine::checked[0m[2m:[0m [2msui-execution/latest/sui-adapter/src/execution_engine.rs[0m[2m:[0m[2m838:[0m Call arguments to advance_epoch transaction: AdvanceEpochParams { epoch: 1, next_protocol_version: ProtocolVersion(70), storage_charge: 212473200, computation_charge: 1300000, storage_rebate: 69724908, non_refundable_storage_fee: 704292, storage_fund_reinvest_rate: 500, reward_slashing_rate: 10000, epoch_start_timestamp_ms: 1742889282570 }
[2m2025-03-25T07:54:57.907930Z[0m [32m INFO[0m [1mnode[0m[1m{[0m[3mname[0m[2m=[0mk#addeef94..[1m}[0m[2m:[0m [2mconsensus_core::core[0m[2m:[0m [2mconsensus/core/src/core.rs[0m[2m:[0m[2m945:[0m Included 3 ancestors & excluded 0 ancestors for proposal in round 2
[2m2025-03-25T07:54:57.908298Z[0m [32m INFO[0m [1mnode[0m[1m{[0m[3mname[0m[2m=[0mk#addeef94..[1m}[0m[2m:[0m [2mconsensus_core::core[0m[2m:[0m [2mconsensus/core/src/core.rs[0m[2m:[0m[2m531:[0m Created block B2(C,BeqpABXqvTRg6VQFB9id7XH44AHFBTAdt1ln06BV0HE=)(1742889297907ms;[B1(C,XqrRVXf2yT0k9kva4oNTJ0QyMPr2VZ5q3XmOG3eL2ZI=), B1(A,9ak5h2z/+rNESmHnCSO0cTKlitQP59iCkqsnNiCXKUQ=), B1(B,Z4YEoo/Cet1zVcmddOOwjInqWqD5rDT1JpuCbVcX9QQ=)];0t;0c) for round 2
[2m2025-03-25T07:54:57.911014Z[0m [32m INFO[0m [1mnode[0m[1m{[0m[3mname[0m[2m=[0mk#addeef94..[1m}[0m[2m:[0m[1mjwk_updater_task[0m[1m{[0m[3mepoch[0m[2m=[0m1[1m}[0m[2m:[0m [2msui_node[0m[2m:[0m [2mcrates/sui-node/src/lib.rs[0m[2m:[0m[2m409:[0m Submitting JWK to consensus: JwkId { iss: "https://login.onepassport.onefc.com/de3ee5c1-5644-4113-922d-e8336569a462/v2.0/", kid: "X-yzFPFMdWtJQ1oJXiGRVnn061ezrvZz596xN3mCfyQ" }
[2m2025-03-25T07:54:57.921736Z[0m [32m INFO[0m [1mnode[0m[1m{[0m[3mname[0m[2m=[0mk#99f25ef6..[1m}[0m[2m:[0m [2mconsensus_core::core[0m[2m:[0m [2mconsensus/core/src/core.rs[0m[2m:[0m[2m945:[0m Included 3 ancestors & excluded 0 ancestors for proposal in round 2
[2m2025-03-25T07:54:57.922089Z[0m [32m INFO[0m [1mnode[0m[1m{[0m[3mname[0m[2m=[0mk#99f25ef6..[1m}[0m[2m:[0m [2mconsensus_core::core[0m[2m:[0m [2mconsensus/core/src/core.rs[0m[2m:[0m[2m531:[0m Created block B2(B,Ba6pT6w9BWKuDStloe49hrnp4F21R9HHoYCo77XV9oI=)(1742889297921ms;[B1(B,Z4YEoo/Cet1zVcmddOOwjInqWqD5rDT1JpuCbVcX9QQ=), B1(A,9ak5h2z/+rNESmHnCSO0cTKlitQP59iCkqsnNiCXKUQ=), B1(C,XqrRVXf2yT0k9kva4oNTJ0QyMPr2VZ5q3XmOG3eL2ZI=)];0t;0c) for round 2
[2m2025-03-25T07:54:57.986639Z[0m [32m INFO[0m [1mnode[0m[1m{[0m[3mname[0m[2m=[0mk#addeef94..[1m}[0m[2m:[0m[1mjwk_updater_task[0m[1m{[0m[3mepoch[0m[2m=[0m1[1m}[0m[2m:[0m [2msui_node[0m[2m:[0m [2mcrates/sui-node/src/lib.rs[0m[2m:[0m[2m409:[0m Submitting JWK to consensus: JwkId { iss: "https://oauth.sui.io", kid: "sui-key-id" }
[2m2025-03-25T07:54:57.991091Z[0m [32m INFO[0m [1mnode[0m[1m{[0m[3mname[0m[2m=[0mk#addeef94..[1m}[0m[2m:[0m[1mjwk_updater_task[0m[1m{[0m[3mepoch[0m[2m=[0m1[1m}[0m[2m:[0m [2msui_node[0m[2m:[0m [2mcrates/sui-node/src/lib.rs[0m[2m:[0m[2m409:[0m Submitting JWK to consensus: JwkId { iss: "https://slack.com", kid: "mB2MAyKSn555isd0EbdhKx6nkyAi9xLq8rvCEb_nOyY" }
[2m2025-03-25T07:54:58.004651Z[0m [32m INFO[0m [1mnode[0m[1m{[0m[3mname[0m[2m=[0mk#8dcff6d1..[1m}[0m[2m:[0m[1mjwk_updater_task[0m[1m{[0m[3mepoch[0m[2m=[0m1[1m}[0m[2m:[0m [2msui_node[0m[2m:[0m [2mcrates/sui-node/src/lib.rs[0m[2m:[0m[2m409:[0m Submitting JWK to consensus: JwkId { iss: "https://login.onepassport.onefc.com/de3ee5c1-5644-4113-922d-e8336569a462/v2.0/", kid: "X-yzFPFMdWtJQ1oJXiGRVnn061ezrvZz596xN3mCfyQ" }
[2m2025-03-25T07:54:58.007995Z[0m [32m INFO[0m [1mnode[0m[1m{[0m[3mname[0m[2m=[0mk#8dcff6d1..[1m}[0m[2m:[0m[1mjwk_updater_task[0m[1m{[0m[3mepoch[0m[2m=[0m1[1m}[0m[2m:[0m [2msui_node[0m[2m:[0m [2mcrates/sui-node/src/lib.rs[0m[2m:[0m[2m409:[0m Submitting JWK to consensus: JwkId { iss: "https://cognito-idp.eu-west-3.amazonaws.com/eu-west-3_gGVCx53Es", kid: "JbFCSYl4Xp4UYEJHo7R0iwl/Xf3F5+z72stu8iH+QxY=" }
[2m2025-03-25T07:54:58.008056Z[0m [32m INFO[0m [1mnode[0m[1m{[0m[3mname[0m[2m=[0mk#8dcff6d1..[1m}[0m[2m:[0m[1mjwk_updater_task[0m[1m{[0m[3mepoch[0m[2m=[0m1[1m}[0m[2m:[0m [2msui_node[0m[2m:[0m [2mcrates/sui-node/src/lib.rs[0m[2m:[0m[2m409:[0m Submitting JWK to consensus: JwkId { iss: "https://cognito-idp.eu-west-3.amazonaws.com/eu-west-3_gGVCx53Es", kid: "FIqQqeRU1EQP75fBeds+wL2yczwvbDy1NF6T/f5Oe5o=" }
[2m2025-03-25T07:54:58.012631Z[0m [32m INFO[0m [1mnode[0m[1m{[0m[3mname[0m[2m=[0mk#8dcff6d1..[1m}[0m[2m:[0m[1mjwk_updater_task[0m[1m{[0m[3mepoch[0m[2m=[0m1[1m}[0m[2m:[0m [2msui_node[0m[2m:[0m [2mcrates/sui-node/src/lib.rs[0m[2m:[0m[2m409:[0m Submitting JWK to consensus: JwkId { iss: "https://oauth.sui.io", kid: "sui-key-id" }
[2m2025-03-25T07:54:58.042968Z[0m [32m INFO[0m [1mnode[0m[1m{[0m[3mname[0m[2m=[0mk#99f25ef6..[1m}[0m[2m:[0m[1mjwk_updater_task[0m[1m{[0m[3mepoch[0m[2m=[0m1[1m}[0m[2m:[0m [2msui_node[0m[2m:[0m [2mcrates/sui-node/src/lib.rs[0m[2m:[0m[2m409:[0m Submitting JWK to consensus: JwkId { iss: "https://oauth.sui.io", kid: "sui-key-id" }
[2m2025-03-25T07:54:58.056319Z[0m [32m INFO[0m [1mnode[0m[1m{[0m[3mname[0m[2m=[0mk#99f25ef6..[1m}[0m[2m:[0m[1mjwk_updater_task[0m[1m{[0m[3mepoch[0m[2m=[0m1[1m}[0m[2m:[0m [2msui_node[0m[2m:[0m [2mcrates/sui-node/src/lib.rs[0m[2m:[0m[2m409:[0m Submitting JWK to consensus: JwkId { iss: "https://login.onepassport.onefc.com/de3ee5c1-5644-4113-922d-e8336569a462/v2.0/", kid: "X-yzFPFMdWtJQ1oJXiGRVnn061ezrvZz596xN3mCfyQ" }
[2m2025-03-25T07:54:58.056737Z[0m [32m INFO[0m [1mnode[0m[1m{[0m[3mname[0m[2m=[0mk#8dcff6d1..[1m}[0m[2m:[0m[1mjwk_updater_task[0m[1m{[0m[3mepoch[0m[2m=[0m1[1m}[0m[2m:[0m [2msui_node[0m[2m:[0m [2mcrates/sui-node/src/lib.rs[0m[2m:[0m[2m409:[0m Submitting JWK to consensus: JwkId { iss: "https://slack.com", kid: "mB2MAyKSn555isd0EbdhKx6nkyAi9xLq8rvCEb_nOyY" }
[2m2025-03-25T07:54:58.105580Z[0m [32m INFO[0m [1mnode[0m[1m{[0m[3mname[0m[2m=[0mk#addeef94..[1m}[0m[2m:[0m[1mjwk_updater_task[0m[1m{[0m[3mepoch[0m[2m=[0m1[1m}[0m[2m:[0m [2msui_node[0m[2m:[0m [2mcrates/sui-node/src/lib.rs[0m[2m:[0m[2m409:[0m Submitting JWK to consensus: JwkId { iss: "https://cognito-idp.eu-west-3.amazonaws.com/eu-west-3_gGVCx53Es", kid: "JbFCSYl4Xp4UYEJHo7R0iwl/Xf3F5+z72stu8iH+QxY=" }
[2m2025-03-25T07:54:58.105636Z[0m [32m INFO[0m [1mnode[0m[1m{[0m[3mname[0m[2m=[0mk#addeef94..[1m}[0m[2m:[0m[1mjwk_updater_task[0m[1m{[0m[3mepoch[0m[2m=[0m1[1m}[0m[2m:[0m [2msui_node[0m[2m:[0m [2mcrates/sui-node/src/lib.rs[0m[2m:[0m[2m409:[0m Submitting JWK to consensus: JwkId { iss: "https://cognito-idp.eu-west-3.amazonaws.com/eu-west-3_gGVCx53Es", kid: "FIqQqeRU1EQP75fBeds+wL2yczwvbDy1NF6T/f5Oe5o=" }
[2m2025-03-25T07:54:58.105791Z[0m [32m INFO[0m [1mnode[0m[1m{[0m[3mname[0m[2m=[0mk#8dcff6d1..[1m}[0m[2m:[0m[1mjwk_updater_task[0m[1m{[0m[3mepoch[0m[2m=[0m1[1m}[0m[2m:[0m [2msui_node[0m[2m:[0m [2mcrates/sui-node/src/lib.rs[0m[2m:[0m[2m409:[0m Submitting JWK to consensus: JwkId { iss: "https://appleid.apple.com", kid: "rs0M3kOV9p" }
[2m2025-03-25T07:54:58.105836Z[0m [32m INFO[0m [1mnode[0m[1m{[0m[3mname[0m[2m=[0mk#8dcff6d1..[1m}[0m[2m:[0m[1mjwk_updater_task[0m[1m{[0m[3mepoch[0m[2m=[0m1[1m}[0m[2m:[0m [2msui_node[0m[2m:[0m [2mcrates/sui-node/src/lib.rs[0m[2m:[0m[2m409:[0m Submitting JWK to consensus: JwkId { iss: "https://appleid.apple.com", kid: "dMlERBaFdK" }
[2m2025-03-25T07:54:58.105876Z[0m [32m INFO[0m [1mnode[0m[1m{[0m[3mname[0m[2m=[0mk#8dcff6d1..[1m}[0m[2m:[0m[1mjwk_updater_task[0m[1m{[0m[3mepoch[0m[2m=[0m1[1m}[0m[2m:[0m [2msui_node[0m[2m:[0m [2mcrates/sui-node/src/lib.rs[0m[2m:[0m[2m409:[0m Submitting JWK to consensus: JwkId { iss: "https://appleid.apple.com", kid: "rBRfVmqsjn" }
[2m2025-03-25T07:54:58.117536Z[0m [32m INFO[0m [1mnode[0m[1m{[0m[3mname[0m[2m=[0mk#addeef94..[1m}[0m[2m:[0m[1mjwk_updater_task[0m[1m{[0m[3mepoch[0m[2m=[0m1[1m}[0m[2m:[0m [2msui_node[0m[2m:[0m [2mcrates/sui-node/src/lib.rs[0m[2m:[0m[2m409:[0m Submitting JWK to consensus: JwkId { iss: "https://accounts.fantv.world", kid: "PODsfgAn4twvCLjNt9QmEEiAcCa3Z6C10LxrDxvi3bA" }
[2m2025-03-25T07:54:58.118495Z[0m [32m INFO[0m [1mnode[0m[1m{[0m[3mname[0m[2m=[0mk#99f25ef6..[1m}[0m[2m:[0m[1mjwk_updater_task[0m[1m{[0m[3mepoch[0m[2m=[0m1[1m}[0m[2m:[0m [2msui_node[0m[2m:[0m [2mcrates/sui-node/src/lib.rs[0m[2m:[0m[2m409:[0m Submitting JWK to consensus: JwkId { iss: "https://slack.com", kid: "mB2MAyKSn555isd0EbdhKx6nkyAi9xLq8rvCEb_nOyY" }
[2m2025-03-25T07:54:58.118880Z[0m [32m INFO[0m [1mnode[0m[1m{[0m[3mname[0m[2m=[0mk#b3f3cbb4..[1m}[0m[2m:[0m[1mexecution_driver[0m[1m{[0m[3mtx_digest[0m[2m=[0mTransactionDigest(CZjVMajkjNeXkGbaU9Qh53fY16SGcTTLrfPAMkNjAa2G)[1m}[0m[2m:[0m [2msui_adapter_latest::execution_engine::checked[0m[2m:[0m [2msui-execution/latest/sui-adapter/src/execution_engine.rs[0m[2m:[0m[2m1265:[0m upgraded system package (0x0000000000000000000000000000000000000000000000000000000000000002, SequenceNumber(2), o#5vKHEC2GkQgKUCg83C4NUMDy8cTwcYkVhzjF4knW2Z6R)
[2m2025-03-25T07:54:58.126355Z[0m [32m INFO[0m [1mnode[0m[1m{[0m[3mname[0m[2m=[0mk#b3f3cbb4..[1m}[0m[2m:[0m[1mexecution_driver[0m[1m{[0m[3mtx_digest[0m[2m=[0mTransactionDigest(CZjVMajkjNeXkGbaU9Qh53fY16SGcTTLrfPAMkNjAa2G)[1m}[0m[2m:[0m [2msui_adapter_latest::execution_engine::checked[0m[2m:[0m [2msui-execution/latest/sui-adapter/src/execution_engine.rs[0m[2m:[0m[2m1265:[0m upgraded system package (0x0000000000000000000000000000000000000000000000000000000000000003, SequenceNumber(2), o#9Bzszwhj3hrhNbiSeGiaUXHUu9QqWBwqgAjxASZwA79T)
[2m2025-03-25T07:54:58.129883Z[0m [32m INFO[0m [1mnode[0m[1m{[0m[3mname[0m[2m=[0mk#b3f3cbb4..[1m}[0m[2m:[0m[1mexecution_driver[0m[1m{[0m[3mtx_digest[0m[2m=[0mTransactionDigest(CZjVMajkjNeXkGbaU9Qh53fY16SGcTTLrfPAMkNjAa2G)[1m}[0m[2m:[0m [2msui_adapter_latest::execution_engine::checked[0m[2m:[0m [2msui-execution/latest/sui-adapter/src/execution_engine.rs[0m[2m:[0m[2m1265:[0m upgraded system package (0x000000000000000000000000000000000000000000000000000000000000000b, SequenceNumber(2), o#2u7iZbKqeCefn4DioNR4X6FuGfVBCErkLW6Kpo7RZmLq)
[2m2025-03-25T07:54:58.140893Z[0m [32m INFO[0m [1mnode[0m[1m{[0m[3mname[0m[2m=[0mk#b3f3cbb4..[1m}[0m[2m:[0m[1mexecution_driver[0m[1m{[0m[3mtx_digest[0m[2m=[0mTransactionDigest(CZjVMajkjNeXkGbaU9Qh53fY16SGcTTLrfPAMkNjAa2G)[1m}[0m[2m:[0m [2msui_adapter_latest::execution_engine::checked[0m[2m:[0m [2msui-execution/latest/sui-adapter/src/execution_engine.rs[0m[2m:[0m[2m1265:[0m upgraded system package (0x00000000000000000000000000000000000000000000000000000000000000c8, SequenceNumber(2), o#2TYk2oyyHbsNv1bR7jCYed6uyR86PTo5AajvrgGFYzTx)
[2m2025-03-25T07:54:58.147510Z[0m [32m INFO[0m [1mnode[0m[1m{[0m[3mname[0m[2m=[0mk#8dcff6d1..[1m}[0m[2m:[0m[1mjwk_updater_task[0m[1m{[0m[3mepoch[0m[2m=[0m1[1m}[0m[2m:[0m [2msui_node[0m[2m:[0m [2mcrates/sui-node/src/lib.rs[0m[2m:[0m[2m409:[0m Submitting JWK to consensus: JwkId { iss: "https://accounts.fantv.world", kid: "PODsfgAn4twvCLjNt9QmEEiAcCa3Z6C10LxrDxvi3bA" }
[2m2025-03-25T07:54:58.160285Z[0m [32m INFO[0m [1mnode[0m[1m{[0m[3mname[0m[2m=[0mk#99f25ef6..[1m}[0m[2m:[0m[1mjwk_updater_task[0m[1m{[0m[3mepoch[0m[2m=[0m1[1m}[0m[2m:[0m [2msui_node[0m[2m:[0m [2mcrates/sui-node/src/lib.rs[0m[2m:[0m[2m409:[0m Submitting JWK to consensus: JwkId { iss: "https://cognito-idp.eu-west-3.amazonaws.com/eu-west-3_gGVCx53Es", kid: "JbFCSYl4Xp4UYEJHo7R0iwl/Xf3F5+z72stu8iH+QxY=" }
[2m2025-03-25T07:54:58.160329Z[0m [32m INFO[0m [1mnode[0m[1m{[0m[3mname[0m[2m=[0mk#99f25ef6..[1m}[0m[2m:[0m[1mjwk_updater_task[0m[1m{[0m[3mepoch[0m[2m=[0m1[1m}[0m[2m:[0m [2msui_node[0m[2m:[0m [2mcrates/sui-node/src/lib.rs[0m[2m:[0m[2m409:[0m Submitting JWK to consensus: JwkId { iss: "https://cognito-idp.eu-west-3.amazonaws.com/eu-west-3_gGVCx53Es", kid: "FIqQqeRU1EQP75fBeds+wL2yczwvbDy1NF6T/f5Oe5o=" }
[2m2025-03-25T07:54:58.170409Z[0m [32m INFO[0m [1mnode[0m[1m{[0m[3mname[0m[2m=[0mk#99f25ef6..[1m}[0m[2m:[0m[1mjwk_updater_task[0m[1m{[0m[3mepoch[0m[2m=[0m1[1m}[0m[2m:[0m [2msui_node[0m[2m:[0m [2mcrates/sui-node/src/lib.rs[0m[2m:[0m[2m409:[0m Submitting JWK to consensus: JwkId { iss: "https://accounts.fantv.world", kid: "PODsfgAn4twvCLjNt9QmEEiAcCa3Z6C10LxrDxvi3bA" }
[2m2025-03-25T07:54:58.173867Z[0m [32m INFO[0m [1mnode[0m[1m{[0m[3mname[0m[2m=[0mk#addeef94..[1m}[0m[2m:[0m [2mconsensus_core::core[0m[2m:[0m [2mconsensus/core/src/core.rs[0m[2m:[0m[2m945:[0m Included 2 ancestors & excluded 0 ancestors for proposal in round 3
[2m2025-03-25T07:54:58.173995Z[0m [32m INFO[0m [1mnode[0m[1m{[0m[3mname[0m[2m=[0mk#99f25ef6..[1m}[0m[2m:[0m [2mconsensus_core::core[0m[2m:[0m [2mconsensus/core/src/core.rs[0m[2m:[0m[2m945:[0m Included 2 ancestors & excluded 0 ancestors for proposal in round 3
[2m2025-03-25T07:54:58.174387Z[0m [32m INFO[0m [1mnode[0m[1m{[0m[3mname[0m[2m=[0mk#addeef94..[1m}[0m[2m:[0m [2mconsensus_core::core[0m[2m:[0m [2mconsensus/core/src/core.rs[0m[2m:[0m[2m531:[0m Created block B3(C,bxTT9MCz8Qt3K5TxjWjT5jozMH8KKACFETS7FLk419Y=)(1742889298173ms;[B2(C,BeqpABXqvTRg6VQFB9id7XH44AHFBTAdt1ln06BV0HE=), B2(B,Ba6pT6w9BWKuDStloe49hrnp4F21R9HHoYCo77XV9oI=)];6t;0c) for round 3
[2m2025-03-25T07:54:58.174435Z[0m [32m INFO[0m [1mnode[0m[1m{[0m[3mname[0m[2m=[0mk#99f25ef6..[1m}[0m[2m:[0m [2mconsensus_core::core[0m[2m:[0m [2mconsensus/core/src/core.rs[0m[2m:[0m[2m531:[0m Created block B3(B,RyNzhQx9pKbteQQShr77fq2Lk+ClS7M2n4EOrEZG0O4=)(1742889298174ms;[B2(B,Ba6pT6w9BWKuDStloe49hrnp4F21R9HHoYCo77XV9oI=), B2(C,BeqpABXqvTRg6VQFB9id7XH44AHFBTAdt1ln06BV0HE=)];6t;0c) for round 3
[2m2025-03-25T07:54:58.175319Z[0m [32m INFO[0m [1mnode[0m[1m{[0m[3mname[0m[2m=[0mk#addeef94..[1m}[0m[2m:[0m [2mconsensus_core::core[0m[2m:[0m [2mconsensus/core/src/core.rs[0m[2m:[0m[2m630:[0m Committing 1 leaders: B1(B,Z4YE)
[2m2025-03-25T07:54:58.175319Z[0m [32m INFO[0m [1mnode[0m[1m{[0m[3mname[0m[2m=[0mk#99f25ef6..[1m}[0m[2m:[0m [2mconsensus_core::core[0m[2m:[0m [2mconsensus/core/src/core.rs[0m[2m:[0m[2m630:[0m Committing 1 leaders: B1(B,Z4YE)
[2m2025-03-25T07:54:58.175423Z[0m [32m INFO[0m [1mnode[0m[1m{[0m[3mname[0m[2m=[0mk#addeef94..[1m}[0m[2m:[0m [2mconsensus_core::commit_observer[0m[2m:[0m [2mconsensus/core/src/commit_observer.rs[0m[2m:[0m[2m173:[0m Consensus commit C1(rEwb) with leader B1(B,Z4YE) has 1 blocks
[2m2025-03-25T07:54:58.175423Z[0m [32m INFO[0m [1mnode[0m[1m{[0m[3mname[0m[2m=[0mk#99f25ef6..[1m}[0m[2m:[0m [2mconsensus_core::commit_observer[0m[2m:[0m [2mconsensus/core/src/commit_observer.rs[0m[2m:[0m[2m173:[0m Consensus commit C1(rEwb) with leader B1(B,Z4YE) has 1 blocks
[2m2025-03-25T07:54:58.175488Z[0m [32m INFO[0m [1mnode[0m[1m{[0m[3mname[0m[2m=[0mk#99f25ef6..[1m}[0m[2m:[0m [2msui_core::consensus_handler[0m[2m:[0m [2mcrates/sui-core/src/consensus_handler.rs[0m[2m:[0m[2m232:[0m Received consensus output [3mconsensus_commit[0m[2m=[0mCommittedSubDag(leader=B1(B,Z4YE), ref=C1(rEwb), blocks=[Z4YE]) [3mepoch[0m[2m=[0m1
[2m2025-03-25T07:54:58.175488Z[0m [32m INFO[0m [1mnode[0m[1m{[0m[3mname[0m[2m=[0mk#addeef94..[1m}[0m[2m:[0m [2msui_core::consensus_handler[0m[2m:[0m [2mcrates/sui-core/src/consensus_handler.rs[0m[2m:[0m[2m232:[0m Received consensus output [3mconsensus_commit[0m[2m=[0mCommittedSubDag(leader=B1(B,Z4YE), ref=C1(rEwb), blocks=[Z4YE]) [3mepoch[0m[2m=[0m1
[2m2025-03-25T07:54:58.188044Z[0m [32m INFO[0m [1mnode[0m[1m{[0m[3mname[0m[2m=[0mk#99f25ef6..[1m}[0m[2m:[0m [2msui_core::authority::authority_per_epoch_store[0m[2m:[0m [2mcrates/sui-core/src/authority/authority_per_epoch_store.rs[0m[2m:[0m[2m2328:[0m received capabilities v2 AuthorityCapabilities { authority: k#99f25ef6.., generation: 1742889297638, supported_protocol_versions: SupportedProtocolVersionsWithHashes { versions: [(ProtocolVersion(70), FrKhfrh2j9vdniFPmvfUN4Qs6Wo8dnCkB6ghPa5qoiPF)] }, available_system_packages: [(0x0000000000000000000000000000000000000000000000000000000000000001, SequenceNumber(1), o#96Jb9mkzfqNLYnEMpVxB5dqrKbBaj23w7iXPjTYFdrQw), (0x0000000000000000000000000000000000000000000000000000000000000002, SequenceNumber(2), o#5vKHEC2GkQgKUCg83C4NUMDy8cTwcYkVhzjF4knW2Z6R), (0x00000000000000000000000000000000000000000000000000000000000000c8, SequenceNumber(2), o#2TYk2oyyHbsNv1bR7jCYed6uyR86PTo5AajvrgGFYzTx), (0x0000000000000000000000000000000000000000000000000000000000000003, SequenceNumber(2), o#9Bzszwhj3hrhNbiSeGiaUXHUu9QqWBwqgAjxASZwA79T), (0x000000000000000000000000000000000000000000000000000000000000000b, SequenceNumber(2), o#2u7iZbKqeCefn4DioNR4X6FuGfVBCErkLW6Kpo7RZmLq)] }
[2m2025-03-25T07:54:58.188043Z[0m [32m INFO[0m [1mnode[0m[1m{[0m[3mname[0m[2m=[0mk#addeef94..[1m}[0m[2m:[0m [2msui_core::authority::authority_per_epoch_store[0m[2m:[0m [2mcrates/sui-core/src/authority/authority_per_epoch_store.rs[0m[2m:[0m[2m2328:[0m received capabilities v2 AuthorityCapabilities { authority: k#99f25ef6.., generation: 1742889297638, supported_protocol_versions: SupportedProtocolVersionsWithHashes { versions: [(ProtocolVersion(70), FrKhfrh2j9vdniFPmvfUN4Qs6Wo8dnCkB6ghPa5qoiPF)] }, available_system_packages: [(0x0000000000000000000000000000000000000000000000000000000000000001, SequenceNumber(1), o#96Jb9mkzfqNLYnEMpVxB5dqrKbBaj23w7iXPjTYFdrQw), (0x0000000000000000000000000000000000000000000000000000000000000002, SequenceNumber(2), o#5vKHEC2GkQgKUCg83C4NUMDy8cTwcYkVhzjF4knW2Z6R), (0x00000000000000000000000000000000000000000000000000000000000000c8, SequenceNumber(2), o#2TYk2oyyHbsNv1bR7jCYed6uyR86PTo5AajvrgGFYzTx), (0x0000000000000000000000000000000000000000000000000000000000000003, SequenceNumber(2), o#9Bzszwhj3hrhNbiSeGiaUXHUu9QqWBwqgAjxASZwA79T), (0x000000000000000000000000000000000000000000000000000000000000000b, SequenceNumber(2), o#2u7iZbKqeCefn4DioNR4X6FuGfVBCErkLW6Kpo7RZmLq)] }
[2m2025-03-25T07:54:58.190871Z[0m [32m INFO[0m [1mnode[0m[1m{[0m[3mname[0m[2m=[0mk#8dcff6d1..[1m}[0m[2m:[0m[1mjwk_updater_task[0m[1m{[0m[3mepoch[0m[2m=[0m1[1m}[0m[2m:[0m [2msui_node[0m[2m:[0m [2mcrates/sui-node/src/lib.rs[0m[2m:[0m[2m409:[0m Submitting JWK to consensus: JwkId { iss: "https://login.microsoftonline.com/v2.0", kid: "JDNa_4i4r7FgigL3sHIlI3xV-IU" }
[2m2025-03-25T07:54:58.190917Z[0m [32m INFO[0m [1mnode[0m[1m{[0m[3mname[0m[2m=[0mk#8dcff6d1..[1m}[0m[2m:[0m[1mjwk_updater_task[0m[1m{[0m[3mepoch[0m[2m=[0m1[1m}[0m[2m:[0m [2msui_node[0m[2m:[0m [2mcrates/sui-node/src/lib.rs[0m[2m:[0m[2m409:[0m Submitting JWK to consensus: JwkId { iss: "https://login.microsoftonline.com/v2.0", kid: "JYhSOsHhDZrc5kfqQg8ujkHMTNY" }
[2m2025-03-25T07:54:58.190947Z[0m [32m INFO[0m [1mnode[0m[1m{[0m[3mname[0m[2m=[0mk#8dcff6d1..[1m}[0m[2m:[0m[1mjwk_updater_task[0m[1m{[0m[3mepoch[0m[2m=[0m1[1m}[0m[2m:[0m [2msui_node[0m[2m:[0m [2mcrates/sui-node/src/lib.rs[0m[2m:[0m[2m409:[0m Submitting JWK to consensus: JwkId { iss: "https://login.microsoftonline.com/v2.0", kid: "CNv0OI3RwqlHFEVnaoMAshCH2XE" }
[2m2025-03-25T07:54:58.190976Z[0m [32m INFO[0m [1mnode[0m[1m{[0m[3mname[0m[2m=[0mk#8dcff6d1..[1m}[0m[2m:[0m[1mjwk_updater_task[0m[1m{[0m[3mepoch[0m[2m=[0m1[1m}[0m[2m:[0m [2msui_node[0m[2m:[0m [2mcrates/sui-node/src/lib.rs[0m[2m:[0m[2m409:[0m Submitting JWK to consensus: JwkId { iss: "https://login.microsoftonline.com/v2.0", kid: "-cgAvjmmQ24Ks20zIpDB4SW894w" }
[2m2025-03-25T07:54:58.191017Z[0m [32m INFO[0m [1mnode[0m[1m{[0m[3mname[0m[2m=[0mk#8dcff6d1..[1m}[0m[2m:[0m[1mjwk_updater_task[0m[1m{[0m[3mepoch[0m[2m=[0m1[1m}[0m[2m:[0m [2msui_node[0m[2m:[0m [2mcrates/sui-node/src/lib.rs[0m[2m:[0m[2m409:[0m Submitting JWK to consensus: JwkId { iss: "https://login.microsoftonline.com/v2.0", kid: "dd55f7QP3HZky-ekQBDWKe7ADN0" }
[2m2025-03-25T07:54:58.191045Z[0m [32m INFO[0m [1mnode[0m[1m{[0m[3mname[0m[2m=[0mk#8dcff6d1..[1m}[0m[2m:[0m[1mjwk_updater_task[0m[1m{[0m[3mepoch[0m[2m=[0m1[1m}[0m[2m:[0m [2msui_node[0m[2m:[0m [2mcrates/sui-node/src/lib.rs[0m[2m:[0m[2m409:[0m Submitting JWK to consensus: JwkId { iss: "https://login.microsoftonline.com/v2.0", kid: "ntzdbvo449IBJV0Yy_T--gOiPI8" }
[2m2025-03-25T07:54:58.191072Z[0m [32m INFO[0m [1mnode[0m[1m{[0m[3mname[0m[2m=[0mk#8dcff6d1..[1m}[0m[2m:[0m[1mjwk_updater_task[0m[1m{[0m[3mepoch[0m[2m=[0m1[1m}[0m[2m:[0m [2msui_node[0m[2m:[0m [2mcrates/sui-node/src/lib.rs[0m[2m:[0m[2m409:[0m Submitting JWK to consensus: JwkId { iss: "https://login.microsoftonline.com/v2.0", kid: "PDRf_Bs8CkDdi7av6hKLwRnNHmk" }
[2m2025-03-25T07:54:58.199667Z[0m [32m INFO[0m [2mfastcrypto_tbls::dkg_v1[0m[2m:[0m [2m/Users/mofei/.cargo/git/checkouts/fastcrypto-b430feb5437546af/9519ebc/fastcrypto-tbls/src/dkg_v1.rs[0m[2m:[0m[2m422:[0m DKG: Successfully processed message from party 1
[2m2025-03-25T07:54:58.199987Z[0m [32m INFO[0m [2mfastcrypto_tbls::dkg_v1[0m[2m:[0m [2m/Users/mofei/.cargo/git/checkouts/fastcrypto-b430feb5437546af/9519ebc/fastcrypto-tbls/src/dkg_v1.rs[0m[2m:[0m[2m422:[0m DKG: Successfully processed message from party 1
[2m2025-03-25T07:54:58.278063Z[0m [32m INFO[0m [1mnode[0m[1m{[0m[3mname[0m[2m=[0mk#addeef94..[1m}[0m[2m:[0m [2msui_core::checkpoints[0m[2m:[0m [2mcrates/sui-core/src/checkpoints/mod.rs[0m[2m:[0m[2m1326:[0m Creating checkpoint(s) for 1 transactions [3mnext_checkpoint_seq[0m[2m=[0m214 [3mcheckpoint_timestamp[0m[2m=[0m1742889297654
[2m2025-03-25T07:54:58.278063Z[0m [32m INFO[0m [1mnode[0m[1m{[0m[3mname[0m[2m=[0mk#99f25ef6..[1m}[0m[2m:[0m [2msui_core::checkpoints[0m[2m:[0m [2mcrates/sui-core/src/checkpoints/mod.rs[0m[2m:[0m[2m1326:[0m Creating checkpoint(s) for 1 transactions [3mnext_checkpoint_seq[0m[2m=[0m214 [3mcheckpoint_timestamp[0m[2m=[0m1742889297654
[2m2025-03-25T07:54:58.278332Z[0m [32m INFO[0m [1mnode[0m[1m{[0m[3mname[0m[2m=[0mk#99f25ef6..[1m}[0m[2m:[0m [2msui_core::checkpoints::checkpoint_output[0m[2m:[0m [2mcrates/sui-core/src/checkpoints/checkpoint_output.rs[0m[2m:[0m[2m149:[0m Creating checkpoint CheckpointDigest(FjoyhTPH5tvE2Wn1swUe7Mima51EUnQpfNNBGbhZwykR) at epoch 1, sequence 214, previous digest Some(CheckpointDigest(EnwMWjMAh6p8WZe94XKNSPnGT1BGJKQ2NJV3nH8Cm1X6)), transactions count 1, content digest CheckpointContentsDigest(DaC3PKgbDHXXPigFj7TCKDhHcW5BWYDkRKWZNd8K24kC), end_of_epoch_data None
[2m2025-03-25T07:54:58.278332Z[0m [32m INFO[0m [1mnode[0m[1m{[0m[3mname[0m[2m=[0mk#addeef94..[1m}[0m[2m:[0m [2msui_core::checkpoints::checkpoint_output[0m[2m:[0m [2mcrates/sui-core/src/checkpoints/checkpoint_output.rs[0m[2m:[0m[2m149:[0m Creating checkpoint CheckpointDigest(FjoyhTPH5tvE2Wn1swUe7Mima51EUnQpfNNBGbhZwykR) at epoch 1, sequence 214, previous digest Some(CheckpointDigest(EnwMWjMAh6p8WZe94XKNSPnGT1BGJKQ2NJV3nH8Cm1X6)), transactions count 1, content digest CheckpointContentsDigest(DaC3PKgbDHXXPigFj7TCKDhHcW5BWYDkRKWZNd8K24kC), end_of_epoch_data None
[2m2025-03-25T07:54:58.281978Z[0m [33m WARN[0m [1mnode[0m[1m{[0m[3mname[0m[2m=[0mk#99f25ef6..[1m}[0m[2m:[0m[1mjwk_updater_task[0m[1m{[0m[3mepoch[0m[2m=[0m1[1m}[0m[2m:[0m [2msui_node[0m[2m:[0m [2mcrates/sui-node/src/lib.rs[0m[2m:[0m[2m381:[0m Error when fetching JWK for provider Arden JWKRetrievalError
[2m2025-03-25T07:54:58.291468Z[0m [32m INFO[0m [1mnode[0m[1m{[0m[3mname[0m[2m=[0mk#addeef94..[1m}[0m[2m:[0m[1mjwk_updater_task[0m[1m{[0m[3mepoch[0m[2m=[0m1[1m}[0m[2m:[0m [2msui_node[0m[2m:[0m [2mcrates/sui-node/src/lib.rs[0m[2m:[0m[2m409:[0m Submitting JWK to consensus: JwkId { iss: "https://login.microsoftonline.com/v2.0", kid: "JDNa_4i4r7FgigL3sHIlI3xV-IU" }
[2m2025-03-25T07:54:58.291516Z[0m [32m INFO[0m [1mnode[0m[1m{[0m[3mname[0m[2m=[0mk#addeef94..[1m}[0m[2m:[0m[1mjwk_updater_task[0m[1m{[0m[3mepoch[0m[2m=[0m1[1m}[0m[2m:[0m [2msui_node[0m[2m:[0m [2mcrates/sui-node/src/lib.rs[0m[2m:[0m[2m409:[0m Submitting JWK to consensus: JwkId { iss: "https://login.microsoftonline.com/v2.0", kid: "JYhSOsHhDZrc5kfqQg8ujkHMTNY" }
[2m2025-03-25T07:54:58.291554Z[0m [32m INFO[0m [1mnode[0m[1m{[0m[3mname[0m[2m=[0mk#addeef94..[1m}[0m[2m:[0m[1mjwk_updater_task[0m[1m{[0m[3mepoch[0m[2m=[0m1[1m}[0m[2m:[0m [2msui_node[0m[2m:[0m [2mcrates/sui-node/src/lib.rs[0m[2m:[0m[2m409:[0m Submitting JWK to consensus: JwkId { iss: "https://login.microsoftonline.com/v2.0", kid: "CNv0OI3RwqlHFEVnaoMAshCH2XE" }
[2m2025-03-25T07:54:58.291583Z[0m [32m INFO[0m [1mnode[0m[1m{[0m[3mname[0m[2m=[0mk#addeef94..[1m}[0m[2m:[0m[1mjwk_updater_task[0m[1m{[0m[3mepoch[0m[2m=[0m1[1m}[0m[2m:[0m [2msui_node[0m[2m:[0m [2mcrates/sui-node/src/lib.rs[0m[2m:[0m[2m409:[0m Submitting JWK to consensus: JwkId { iss: "https://login.microsoftonline.com/v2.0", kid: "PoVKeirIOvmTyLQ9G9BenBwos7k" }
[2m2025-03-25T07:54:58.291611Z[0m [32m INFO[0m [1mnode[0m[1m{[0m[3mname[0m[2m=[0mk#addeef94..[1m}[0m[2m:[0m[1mjwk_updater_task[0m[1m{[0m[3mepoch[0m[2m=[0m1[1m}[0m[2m:[0m [2msui_node[0m[2m:[0m [2mcrates/sui-node/src/lib.rs[0m[2m:[0m[2m409:[0m Submitting JWK to consensus: JwkId { iss: "https://login.microsoftonline.com/v2.0", kid: "-cgAvjmmQ24Ks20zIpDB4SW894w" }
[2m2025-03-25T07:54:58.291638Z[0m [32m INFO[0m [1mnode[0m[1m{[0m[3mname[0m[2m=[0mk#addeef94..[1m}[0m[2m:[0m[1mjwk_updater_task[0m[1m{[0m[3mepoch[0m[2m=[0m1[1m}[0m[2m:[0m [2msui_node[0m[2m:[0m [2mcrates/sui-node/src/lib.rs[0m[2m:[0m[2m409:[0m Submitting JWK to consensus: JwkId { iss: "https://login.microsoftonline.com/v2.0", kid: "dd55f7QP3HZky-ekQBDWKe7ADN0" }
[2m2025-03-25T07:54:58.291665Z[0m [32m INFO[0m [1mnode[0m[1m{[0m[3mname[0m[2m=[0mk#addeef94..[1m}[0m[2m:[0m[1mjwk_updater_task[0m[1m{[0m[3mepoch[0m[2m=[0m1[1m}[0m[2m:[0m [2msui_node[0m[2m:[0m [2mcrates/sui-node/src/lib.rs[0m[2m:[0m[2m409:[0m Submitting JWK to consensus: JwkId { iss: "https://login.microsoftonline.com/v2.0", kid: "ntzdbvo449IBJV0Yy_T--gOiPI8" }
[2m2025-03-25T07:54:58.291691Z[0m [32m INFO[0m [1mnode[0m[1m{[0m[3mname[0m[2m=[0mk#addeef94..[1m}[0m[2m:[0m[1mjwk_updater_task[0m[1m{[0m[3mepoch[0m[2m=[0m1[1m}[0m[2m:[0m [2msui_node[0m[2m:[0m [2mcrates/sui-node/src/lib.rs[0m[2m:[0m[2m409:[0m Submitting JWK to consensus: JwkId { iss: "https://login.microsoftonline.com/v2.0", kid: "PDRf_Bs8CkDdi7av6hKLwRnNHmk" }
[2m2025-03-25T07:54:58.303626Z[0m [33m WARN[0m [1mnode[0m[1m{[0m[3mname[0m[2m=[0mk#8dcff6d1..[1m}[0m[2m:[0m[1mjwk_updater_task[0m[1m{[0m[3mepoch[0m[2m=[0m1[1m}[0m[2m:[0m [2msui_node[0m[2m:[0m [2mcrates/sui-node/src/lib.rs[0m[2m:[0m[2m381:[0m Error when fetching JWK for provider Arden JWKRetrievalError
[2m2025-03-25T07:54:58.308739Z[0m [32m INFO[0m [1mnode[0m[1m{[0m[3mname[0m[2m=[0mk#99f25ef6..[1m}[0m[2m:[0m[1mjwk_updater_task[0m[1m{[0m[3mepoch[0m[2m=[0m1[1m}[0m[2m:[0m [2msui_node[0m[2m:[0m [2mcrates/sui-node/src/lib.rs[0m[2m:[0m[2m409:[0m Submitting JWK to consensus: JwkId { iss: "https://appleid.apple.com", kid: "dMlERBaFdK" }
[2m2025-03-25T07:54:58.308786Z[0m [32m INFO[0m [1mnode[0m[1m{[0m[3mname[0m[2m=[0mk#99f25ef6..[1m}[0m[2m:[0m[1mjwk_updater_task[0m[1m{[0m[3mepoch[0m[2m=[0m1[1m}[0m[2m:[0m [2msui_node[0m[2m:[0m [2mcrates/sui-node/src/lib.rs[0m[2m:[0m[2m409:[0m Submitting JWK to consensus: JwkId { iss: "https://appleid.apple.com", kid: "rBRfVmqsjn" }
[2m2025-03-25T07:54:58.308817Z[0m [32m INFO[0m [1mnode[0m[1m{[0m[3mname[0m[2m=[0mk#99f25ef6..[1m}[0m[2m:[0m[1mjwk_updater_task[0m[1m{[0m[3mepoch[0m[2m=[0m1[1m}[0m[2m:[0m [2msui_node[0m[2m:[0m [2mcrates/sui-node/src/lib.rs[0m[2m:[0m[2m409:[0m Submitting JWK to consensus: JwkId { iss: "https://appleid.apple.com", kid: "rs0M3kOV9p" }
[2m2025-03-25T07:54:58.327366Z[0m [33m WARN[0m [1mnode[0m[1m{[0m[3mname[0m[2m=[0mk#8dcff6d1..[1m}[0m[2m:[0m[1mjwk_updater_task[0m[1m{[0m[3mepoch[0m[2m=[0m1[1m}[0m[2m:[0m [2msui_node[0m[2m:[0m [2mcrates/sui-node/src/lib.rs[0m[2m:[0m[2m381:[0m Error when fetching JWK for provider AwsTenant(("us-east-1", "us-east-1_LPSLCkC3A")) JWKRetrievalError
[2m2025-03-25T07:54:58.345599Z[0m [32m INFO[0m [1mnode[0m[1m{[0m[3mname[0m[2m=[0mk#addeef94..[1m}[0m[2m:[0m[1mjwk_updater_task[0m[1m{[0m[3mepoch[0m[2m=[0m1[1m}[0m[2m:[0m [2msui_node[0m[2m:[0m [2mcrates/sui-node/src/lib.rs[0m[2m:[0m[2m409:[0m Submitting JWK to consensus: JwkId { iss: "https://appleid.apple.com", kid: "dMlERBaFdK" }
[2m2025-03-25T07:54:58.345635Z[0m [32m INFO[0m [1mnode[0m[1m{[0m[3mname[0m[2m=[0mk#addeef94..[1m}[0m[2m:[0m[1mjwk_updater_task[0m[1m{[0m[3mepoch[0m[2m=[0m1[1m}[0m[2m:[0m [2msui_node[0m[2m:[0m [2mcrates/sui-node/src/lib.rs[0m[2m:[0m[2m409:[0m Submitting JWK to consensus: JwkId { iss: "https://appleid.apple.com", kid: "rBRfVmqsjn" }
[2m2025-03-25T07:54:58.345663Z[0m [32m INFO[0m [1mnode[0m[1m{[0m[3mname[0m[2m=[0mk#addeef94..[1m}[0m[2m:[0m[1mjwk_updater_task[0m[1m{[0m[3mepoch[0m[2m=[0m1[1m}[0m[2m:[0m [2msui_node[0m[2m:[0m [2mcrates/sui-node/src/lib.rs[0m[2m:[0m[2m409:[0m Submitting JWK to consensus: JwkId { iss: "https://appleid.apple.com", kid: "rs0M3kOV9p" }
[2m2025-03-25T07:54:58.345839Z[0m [32m INFO[0m [1mnode[0m[1m{[0m[3mname[0m[2m=[0mk#99f25ef6..[1m}[0m[2m:[0m[1mjwk_updater_task[0m[1m{[0m[3mepoch[0m[2m=[0m1[1m}[0m[2m:[0m [2msui_node[0m[2m:[0m [2mcrates/sui-node/src/lib.rs[0m[2m:[0m[2m409:[0m Submitting JWK to consensus: JwkId { iss: "https://login.microsoftonline.com/v2.0", kid: "JDNa_4i4r7FgigL3sHIlI3xV-IU" }
[2m2025-03-25T07:54:58.345874Z[0m [32m INFO[0m [1mnode[0m[1m{[0m[3mname[0m[2m=[0mk#99f25ef6..[1m}[0m[2m:[0m[1mjwk_updater_task[0m[1m{[0m[3mepoch[0m[2m=[0m1[1m}[0m[2m:[0m [2msui_node[0m[2m:[0m [2mcrates/sui-node/src/lib.rs[0m[2m:[0m[2m409:[0m Submitting JWK to consensus: JwkId { iss: "https://login.microsoftonline.com/v2.0", kid: "JYhSOsHhDZrc5kfqQg8ujkHMTNY" }
[2m2025-03-25T07:54:58.345903Z[0m [32m INFO[0m [1mnode[0m[1m{[0m[3mname[0m[2m=[0mk#99f25ef6..[1m}[0m[2m:[0m[1mjwk_updater_task[0m[1m{[0m[3mepoch[0m[2m=[0m1[1m}[0m[2m:[0m [2msui_node[0m[2m:[0m [2mcrates/sui-node/src/lib.rs[0m[2m:[0m[2m409:[0m Submitting JWK to consensus: JwkId { iss: "https://login.microsoftonline.com/v2.0", kid: "CNv0OI3RwqlHFEVnaoMAshCH2XE" }
[2m2025-03-25T07:54:58.345936Z[0m [32m INFO[0m [1mnode[0m[1m{[0m[3mname[0m[2m=[0mk#99f25ef6..[1m}[0m[2m:[0m[1mjwk_updater_task[0m[1m{[0m[3mepoch[0m[2m=[0m1[1m}[0m[2m:[0m [2msui_node[0m[2m:[0m [2mcrates/sui-node/src/lib.rs[0m[2m:[0m[2m409:[0m Submitting JWK to consensus: JwkId { iss: "https://login.microsoftonline.com/v2.0", kid: "PoVKeirIOvmTyLQ9G9BenBwos7k" }
[2m2025-03-25T07:54:58.345964Z[0m [32m INFO[0m [1mnode[0m[1m{[0m[3mname[0m[2m=[0mk#99f25ef6..[1m}[0m[2m:[0m[1mjwk_updater_task[0m[1m{[0m[3mepoch[0m[2m=[0m1[1m}[0m[2m:[0m [2msui_node[0m[2m:[0m [2mcrates/sui-node/src/lib.rs[0m[2m:[0m[2m409:[0m Submitting JWK to consensus: JwkId { iss: "https://login.microsoftonline.com/v2.0", kid: "-cgAvjmmQ24Ks20zIpDB4SW894w" }
[2m2025-03-25T07:54:58.345992Z[0m [32m INFO[0m [1mnode[0m[1m{[0m[3mname[0m[2m=[0mk#99f25ef6..[1m}[0m[2m:[0m[1mjwk_updater_task[0m[1m{[0m[3mepoch[0m[2m=[0m1[1m}[0m[2m:[0m [2msui_node[0m[2m:[0m [2mcrates/sui-node/src/lib.rs[0m[2m:[0m[2m409:[0m Submitting JWK to consensus: JwkId { iss: "https://login.microsoftonline.com/v2.0", kid: "dd55f7QP3HZky-ekQBDWKe7ADN0" }
[2m2025-03-25T07:54:58.346019Z[0m [32m INFO[0m [1mnode[0m[1m{[0m[3mname[0m[2m=[0mk#99f25ef6..[1m}[0m[2m:[0m[1mjwk_updater_task[0m[1m{[0m[3mepoch[0m[2m=[0m1[1m}[0m[2m:[0m [2msui_node[0m[2m:[0m [2mcrates/sui-node/src/lib.rs[0m[2m:[0m[2m409:[0m Submitting JWK to consensus: JwkId { iss: "https://login.microsoftonline.com/v2.0", kid: "ntzdbvo449IBJV0Yy_T--gOiPI8" }
[2m2025-03-25T07:54:58.346045Z[0m [32m INFO[0m [1mnode[0m[1m{[0m[3mname[0m[2m=[0mk#99f25ef6..[1m}[0m[2m:[0m[1mjwk_updater_task[0m[1m{[0m[3mepoch[0m[2m=[0m1[1m}[0m[2m:[0m [2msui_node[0m[2m:[0m [2mcrates/sui-node/src/lib.rs[0m[2m:[0m[2m409:[0m Submitting JWK to consensus: JwkId { iss: "https://login.microsoftonline.com/v2.0", kid: "PDRf_Bs8CkDdi7av6hKLwRnNHmk" }
[2m2025-03-25T07:54:58.356595Z[0m [33m WARN[0m [1mnode[0m[1m{[0m[3mname[0m[2m=[0mk#addeef94..[1m}[0m[2m:[0m[1mjwk_updater_task[0m[1m{[0m[3mepoch[0m[2m=[0m1[1m}[0m[2m:[0m [2msui_node[0m[2m:[0m [2mcrates/sui-node/src/lib.rs[0m[2m:[0m[2m381:[0m Error when fetching JWK for provider Arden JWKRetrievalError
[2m2025-03-25T07:54:58.362424Z[0m [32m INFO[0m [1mnode[0m[1m{[0m[3mname[0m[2m=[0mk#addeef94..[1m}[0m[2m:[0m[1mjwk_updater_task[0m[1m{[0m[3mepoch[0m[2m=[0m1[1m}[0m[2m:[0m [2msui_node[0m[2m:[0m [2mcrates/sui-node/src/lib.rs[0m[2m:[0m[2m409:[0m Submitting JWK to consensus: JwkId { iss: "https://accounts.karrier.one/", kid: "E760D111C1A1296E6D1D85F7EB18DDBAA0EC2B4E" }
[2m2025-03-25T07:54:58.362458Z[0m [32m INFO[0m [1mnode[0m[1m{[0m[3mname[0m[2m=[0mk#addeef94..[1m}[0m[2m:[0m[1mjwk_updater_task[0m[1m{[0m[3mepoch[0m[2m=[0m1[1m}[0m[2m:[0m [2msui_node[0m[2m:[0m [2mcrates/sui-node/src/lib.rs[0m[2m:[0m[2m409:[0m Submitting JWK to consensus: JwkId { iss: "https://accounts.karrier.one/", kid: "B65FDCAA152E04ADE817314CF6A06F4ECABF4CFB" }
[2m2025-03-25T07:54:58.362511Z[0m [33m WARN[0m [1mnode[0m[1m{[0m[3mname[0m[2m=[0mk#addeef94..[1m}[0m[2m:[0m[1mjwk_updater_task[0m[1m{[0m[3mepoch[0m[2m=[0m1[1m}[0m[2m:[0m [2msui_node[0m[2m:[0m [2mcrates/sui-node/src/lib.rs[0m[2m:[0m[2m381:[0m Error when fetching JWK for provider AwsTenant(("us-east-1", "us-east-1_LPSLCkC3A")) JWKRetrievalError
[2m2025-03-25T07:54:58.380470Z[0m [32m INFO[0m [1mnode[0m[1m{[0m[3mname[0m[2m=[0mk#8dcff6d1..[1m}[0m[2m:[0m[1mjwk_updater_task[0m[1m{[0m[3mepoch[0m[2m=[0m1[1m}[0m[2m:[0m [2msui_node[0m[2m:[0m [2mcrates/sui-node/src/lib.rs[0m[2m:[0m[2m409:[0m Submitting JWK to consensus: JwkId { iss: "https://cognito-idp.us-east-1.amazonaws.com/us-east-1_qPsZxYqd8", kid: "VHA/vY1d2h7X33DpZ6ZBDRfnCS/OIgiV7toCdxyEUDY=" }
[2m2025-03-25T07:54:58.380529Z[0m [32m INFO[0m [1mnode[0m[1m{[0m[3mname[0m[2m=[0mk#8dcff6d1..[1m}[0m[2m:[0m[1mjwk_updater_task[0m[1m{[0m[3mepoch[0m[2m=[0m1[1m}[0m[2m:[0m [2msui_node[0m[2m:[0m [2mcrates/sui-node/src/lib.rs[0m[2m:[0m[2m409:[0m Submitting JWK to consensus: JwkId { iss: "https://cognito-idp.us-east-1.amazonaws.com/us-east-1_qPsZxYqd8", kid: "lGbuLXh42ChSJwrMUEBO2npnvMzdAHqOj6DNZieDuVA=" }
[2m2025-03-25T07:54:58.419480Z[0m [32m INFO[0m [1mnode[0m[1m{[0m[3mname[0m[2m=[0mk#addeef94..[1m}[0m[2m:[0m[1mjwk_updater_task[0m[1m{[0m[3mepoch[0m[2m=[0m1[1m}[0m[2m:[0m [2msui_node[0m[2m:[0m [2mcrates/sui-node/src/lib.rs[0m[2m:[0m[2m409:[0m Submitting JWK to consensus: JwkId { iss: "https://cognito-idp.us-east-1.amazonaws.com/us-east-1_qPsZxYqd8", kid: "VHA/vY1d2h7X33DpZ6ZBDRfnCS/OIgiV7toCdxyEUDY=" }
[2m2025-03-25T07:54:58.419521Z[0m [32m INFO[0m [1mnode[0m[1m{[0m[3mname[0m[2m=[0mk#addeef94..[1m}[0m[2m:[0m[1mjwk_updater_task[0m[1m{[0m[3mepoch[0m[2m=[0m1[1m}[0m[2m:[0m [2msui_node[0m[2m:[0m [2mcrates/sui-node/src/lib.rs[0m[2m:[0m[2m409:[0m Submitting JWK to consensus: JwkId { iss: "https://cognito-idp.us-east-1.amazonaws.com/us-east-1_qPsZxYqd8", kid: "lGbuLXh42ChSJwrMUEBO2npnvMzdAHqOj6DNZieDuVA=" }
[2m2025-03-25T07:54:58.426570Z[0m [32m INFO[0m [1mnode[0m[1m{[0m[3mname[0m[2m=[0mk#addeef94..[1m}[0m[2m:[0m [2mconsensus_core::core[0m[2m:[0m [2mconsensus/core/src/core.rs[0m[2m:[0m[2m945:[0m Included 2 ancestors & excluded 0 ancestors for proposal in round 4
[2m2025-03-25T07:54:58.427379Z[0m [32m INFO[0m [1mnode[0m[1m{[0m[3mname[0m[2m=[0mk#addeef94..[1m}[0m[2m:[0m [2mconsensus_core::core[0m[2m:[0m [2mconsensus/core/src/core.rs[0m[2m:[0m[2m531:[0m Created block B4(C,FnU3NeJGV+eWmcEN6JSOrrIHaCwsntuOED0mG6f+mVU=)(1742889298426ms;[B3(C,bxTT9MCz8Qt3K5TxjWjT5jozMH8KKACFETS7FLk419Y=), B3(B,RyNzhQx9pKbteQQShr77fq2Lk+ClS7M2n4EOrEZG0O4=)];16t;1c) for round 4
[2m2025-03-25T07:54:58.427654Z[0m [32m INFO[0m [1mnode[0m[1m{[0m[3mname[0m[2m=[0mk#99f25ef6..[1m}[0m[2m:[0m [2mconsensus_core::core[0m[2m:[0m [2mconsensus/core/src/core.rs[0m[2m:[0m[2m945:[0m Included 2 ancestors & excluded 0 ancestors for proposal in round 4
[2m2025-03-25T07:54:58.428285Z[0m [32m INFO[0m [1mnode[0m[1m{[0m[3mname[0m[2m=[0mk#99f25ef6..[1m}[0m[2m:[0m [2mconsensus_core::core[0m[2m:[0m [2mconsensus/core/src/core.rs[0m[2m:[0m[2m531:[0m Created block B4(B,994wPu0FW+3fd6RaXXgDv1BXrPSKr6MaNaqcgNXKZvo=)(1742889298427ms;[B3(B,RyNzhQx9pKbteQQShr77fq2Lk+ClS7M2n4EOrEZG0O4=), B3(C,bxTT9MCz8Qt3K5TxjWjT5jozMH8KKACFETS7FLk419Y=)];12t;1c) for round 4
[2m2025-03-25T07:54:58.430491Z[0m [32m INFO[0m [1mnode[0m[1m{[0m[3mname[0m[2m=[0mk#addeef94..[1m}[0m[2m:[0m [2mconsensus_core::core[0m[2m:[0m [2mconsensus/core/src/core.rs[0m[2m:[0m[2m630:[0m Committing 1 leaders: B2(C,Beqp)
[2m2025-03-25T07:54:58.430518Z[0m [32m INFO[0m [1mnode[0m[1m{[0m[3mname[0m[2m=[0mk#99f25ef6..[1m}[0m[2m:[0m [2mconsensus_core::core[0m[2m:[0m [2mconsensus/core/src/core.rs[0m[2m:[0m[2m630:[0m Committing 1 leaders: B2(C,Beqp)
[2m2025-03-25T07:54:58.430584Z[0m [32m INFO[0m [1mnode[0m[1m{[0m[3mname[0m[2m=[0mk#addeef94..[1m}[0m[2m:[0m [2mconsensus_core::commit_observer[0m[2m:[0m [2mconsensus/core/src/commit_observer.rs[0m[2m:[0m[2m173:[0m Consensus commit C2(z5QA) with leader B2(C,Beqp) has 3 blocks
[2m2025-03-25T07:54:58.430602Z[0m [32m INFO[0m [1mnode[0m[1m{[0m[3mname[0m[2m=[0mk#99f25ef6..[1m}[0m[2m:[0m [2mconsensus_core::commit_observer[0m[2m:[0m [2mconsensus/core/src/commit_observer.rs[0m[2m:[0m[2m173:[0m Consensus commit C2(z5QA) with leader B2(C,Beqp) has 3 blocks
[2m2025-03-25T07:54:58.430658Z[0m [32m INFO[0m [1mnode[0m[1m{[0m[3mname[0m[2m=[0mk#addeef94..[1m}[0m[2m:[0m [2msui_core::consensus_handler[0m[2m:[0m [2mcrates/sui-core/src/consensus_handler.rs[0m[2m:[0m[2m232:[0m Received consensus output [3mconsensus_commit[0m[2m=[0mCommittedSubDag(leader=B2(C,Beqp), ref=C2(z5QA), blocks=[9ak5, XqrR, Beqp]) [3mepoch[0m[2m=[0m1
[2m2025-03-25T07:54:58.430666Z[0m [32m INFO[0m [1mnode[0m[1m{[0m[3mname[0m[2m=[0mk#99f25ef6..[1m}[0m[2m:[0m [2msui_core::consensus_handler[0m[2m:[0m [2mcrates/sui-core/src/consensus_handler.rs[0m[2m:[0m[2m232:[0m Received consensus output [3mconsensus_commit[0m[2m=[0mCommittedSubDag(leader=B2(C,Beqp), ref=C2(z5QA), blocks=[9ak5, XqrR, Beqp]) [3mepoch[0m[2m=[0m1
[2m2025-03-25T07:54:58.432043Z[0m [32m INFO[0m [1mnode[0m[1m{[0m[3mname[0m[2m=[0mk#8dcff6d1..[1m}[0m[2m:[0m[1mjwk_updater_task[0m[1m{[0m[3mepoch[0m[2m=[0m1[1m}[0m[2m:[0m [2msui_node[0m[2m:[0m [2mcrates/sui-node/src/lib.rs[0m[2m:[0m[2m409:[0m Submitting JWK to consensus: JwkId { iss: "https://accounts.karrier.one/", kid: "E760D111C1A1296E6D1D85F7EB18DDBAA0EC2B4E" }
[2m2025-03-25T07:54:58.432090Z[0m [32m INFO[0m [1mnode[0m[1m{[0m[3mname[0m[2m=[0mk#8dcff6d1..[1m}[0m[2m:[0m[1mjwk_updater_task[0m[1m{[0m[3mepoch[0m[2m=[0m1[1m}[0m[2m:[0m [2msui_node[0m[2m:[0m [2mcrates/sui-node/src/lib.rs[0m[2m:[0m[2m409:[0m Submitting JWK to consensus: JwkId { iss: "https://accounts.karrier.one/", kid: "B65FDCAA152E04ADE817314CF6A06F4ECABF4CFB" }
[2m2025-03-25T07:54:58.443971Z[0m [32m INFO[0m [1mnode[0m[1m{[0m[3mname[0m[2m=[0mk#99f25ef6..[1m}[0m[2m:[0m [2msui_core::authority::authority_per_epoch_store[0m[2m:[0m [2mcrates/sui-core/src/authority/authority_per_epoch_store.rs[0m[2m:[0m[2m2328:[0m received capabilities v2 AuthorityCapabilities { authority: k#8dcff6d1.., generation: 1742889297530, supported_protocol_versions: SupportedProtocolVersionsWithHashes { versions: [(ProtocolVersion(70), FrKhfrh2j9vdniFPmvfUN4Qs6Wo8dnCkB6ghPa5qoiPF)] }, available_system_packages: [(0x0000000000000000000000000000000000000000000000000000000000000001, SequenceNumber(1), o#96Jb9mkzfqNLYnEMpVxB5dqrKbBaj23w7iXPjTYFdrQw), (0x0000000000000000000000000000000000000000000000000000000000000002, SequenceNumber(2), o#5vKHEC2GkQgKUCg83C4NUMDy8cTwcYkVhzjF4knW2Z6R), (0x00000000000000000000000000000000000000000000000000000000000000c8, SequenceNumber(2), o#2TYk2oyyHbsNv1bR7jCYed6uyR86PTo5AajvrgGFYzTx), (0x0000000000000000000000000000000000000000000000000000000000000003, SequenceNumber(2), o#9Bzszwhj3hrhNbiSeGiaUXHUu9QqWBwqgAjxASZwA79T), (0x000000000000000000000000000000000000000000000000000000000000000b, SequenceNumber(2), o#2u7iZbKqeCefn4DioNR4X6FuGfVBCErkLW6Kpo7RZmLq)] }
[2m2025-03-25T07:54:58.443971Z[0m [32m INFO[0m [1mnode[0m[1m{[0m[3mname[0m[2m=[0mk#addeef94..[1m}[0m[2m:[0m [2msui_core::authority::authority_per_epoch_store[0m[2m:[0m [2mcrates/sui-core/src/authority/authority_per_epoch_store.rs[0m[2m:[0m[2m2328:[0m received capabilities v2 AuthorityCapabilities { authority: k#8dcff6d1.., generation: 1742889297530, supported_protocol_versions: SupportedProtocolVersionsWithHashes { versions: [(ProtocolVersion(70), FrKhfrh2j9vdniFPmvfUN4Qs6Wo8dnCkB6ghPa5qoiPF)] }, available_system_packages: [(0x0000000000000000000000000000000000000000000000000000000000000001, SequenceNumber(1), o#96Jb9mkzfqNLYnEMpVxB5dqrKbBaj23w7iXPjTYFdrQw), (0x0000000000000000000000000000000000000000000000000000000000000002, SequenceNumber(2), o#5vKHEC2GkQgKUCg83C4NUMDy8cTwcYkVhzjF4knW2Z6R), (0x00000000000000000000000000000000000000000000000000000000000000c8, SequenceNumber(2), o#2TYk2oyyHbsNv1bR7jCYed6uyR86PTo5AajvrgGFYzTx), (0x0000000000000000000000000000000000000000000000000000000000000003, SequenceNumber(2), o#9Bzszwhj3hrhNbiSeGiaUXHUu9QqWBwqgAjxASZwA79T), (0x000000000000000000000000000000000000000000000000000000000000000b, SequenceNumber(2), o#2u7iZbKqeCefn4DioNR4X6FuGfVBCErkLW6Kpo7RZmLq)] }
[2m2025-03-25T07:54:58.455459Z[0m [32m INFO[0m [1mnode[0m[1m{[0m[3mname[0m[2m=[0mk#addeef94..[1m}[0m[2m:[0m [2msui_core::authority::authority_per_epoch_store[0m[2m:[0m [2mcrates/sui-core/src/authority/authority_per_epoch_store.rs[0m[2m:[0m[2m2328:[0m received capabilities v2 AuthorityCapabilities { authority: k#addeef94.., generation: 1742889297591, supported_protocol_versions: SupportedProtocolVersionsWithHashes { versions: [(ProtocolVersion(70), FrKhfrh2j9vdniFPmvfUN4Qs6Wo8dnCkB6ghPa5qoiPF)] }, available_system_packages: [(0x0000000000000000000000000000000000000000000000000000000000000001, SequenceNumber(1), o#96Jb9mkzfqNLYnEMpVxB5dqrKbBaj23w7iXPjTYFdrQw), (0x0000000000000000000000000000000000000000000000000000000000000002, SequenceNumber(2), o#5vKHEC2GkQgKUCg83C4NUMDy8cTwcYkVhzjF4knW2Z6R), (0x00000000000000000000000000000000000000000000000000000000000000c8, SequenceNumber(2), o#2TYk2oyyHbsNv1bR7jCYed6uyR86PTo5AajvrgGFYzTx), (0x0000000000000000000000000000000000000000000000000000000000000003, SequenceNumber(2), o#9Bzszwhj3hrhNbiSeGiaUXHUu9QqWBwqgAjxASZwA79T), (0x000000000000000000000000000000000000000000000000000000000000000b, SequenceNumber(2), o#2u7iZbKqeCefn4DioNR4X6FuGfVBCErkLW6Kpo7RZmLq)] }
[2m2025-03-25T07:54:58.455464Z[0m [32m INFO[0m [1mnode[0m[1m{[0m[3mname[0m[2m=[0mk#99f25ef6..[1m}[0m[2m:[0m [2msui_core::authority::authority_per_epoch_store[0m[2m:[0m [2mcrates/sui-core/src/authority/authority_per_epoch_store.rs[0m[2m:[0m[2m2328:[0m received capabilities v2 AuthorityCapabilities { authority: k#addeef94.., generation: 1742889297591, supported_protocol_versions: SupportedProtocolVersionsWithHashes { versions: [(ProtocolVersion(70), FrKhfrh2j9vdniFPmvfUN4Qs6Wo8dnCkB6ghPa5qoiPF)] }, available_system_packages: [(0x0000000000000000000000000000000000000000000000000000000000000001, SequenceNumber(1), o#96Jb9mkzfqNLYnEMpVxB5dqrKbBaj23w7iXPjTYFdrQw), (0x0000000000000000000000000000000000000000000000000000000000000002, SequenceNumber(2), o#5vKHEC2GkQgKUCg83C4NUMDy8cTwcYkVhzjF4knW2Z6R), (0x00000000000000000000000000000000000000000000000000000000000000c8, SequenceNumber(2), o#2TYk2oyyHbsNv1bR7jCYed6uyR86PTo5AajvrgGFYzTx), (0x0000000000000000000000000000000000000000000000000000000000000003, SequenceNumber(2), o#9Bzszwhj3hrhNbiSeGiaUXHUu9QqWBwqgAjxASZwA79T), (0x000000000000000000000000000000000000000000000000000000000000000b, SequenceNumber(2), o#2u7iZbKqeCefn4DioNR4X6FuGfVBCErkLW6Kpo7RZmLq)] }
[2m2025-03-25T07:54:58.455560Z[0m [32m INFO[0m [2mfastcrypto_tbls::dkg_v1[0m[2m:[0m [2m/Users/mofei/.cargo/git/checkouts/fastcrypto-b430feb5437546af/9519ebc/fastcrypto-tbls/src/dkg_v1.rs[0m[2m:[0m[2m422:[0m DKG: Successfully processed message from party 0
[2m2025-03-25T07:54:58.462036Z[0m [32m INFO[0m [2mfastcrypto_tbls::dkg_v1[0m[2m:[0m [2m/Users/mofei/.cargo/git/checkouts/fastcrypto-b430feb5437546af/9519ebc/fastcrypto-tbls/src/dkg_v1.rs[0m[2m:[0m[2m422:[0m DKG: Successfully processed message from party 0
[2m2025-03-25T07:54:58.467079Z[0m [32m INFO[0m [2mfastcrypto_tbls::dkg_v1[0m[2m:[0m [2m/Users/mofei/.cargo/git/checkouts/fastcrypto-b430feb5437546af/9519ebc/fastcrypto-tbls/src/dkg_v1.rs[0m[2m:[0m[2m422:[0m DKG: Successfully processed message from party 2
[2m2025-03-25T07:54:58.467107Z[0m [32m INFO[0m [2mfastcrypto_tbls::dkg_v1[0m[2m:[0m [2m/Users/mofei/.cargo/git/checkouts/fastcrypto-b430feb5437546af/9519ebc/fastcrypto-tbls/src/dkg_v1.rs[0m[2m:[0m[2m422:[0m DKG: Successfully processed message from party 2
[2m2025-03-25T07:54:58.467180Z[0m [32m INFO[0m [1mnode[0m[1m{[0m[3mname[0m[2m=[0mk#99f25ef6..[1m}[0m[2m:[0m [2mfastcrypto_tbls::dkg_v1[0m[2m:[0m [2m/Users/mofei/.cargo/git/checkouts/fastcrypto-b430feb5437546af/9519ebc/fastcrypto-tbls/src/dkg_v1.rs[0m[2m:[0m[2m461:[0m DKG: Merging messages with total weight 525
[2m2025-03-25T07:54:58.467202Z[0m [32m INFO[0m [1mnode[0m[1m{[0m[3mname[0m[2m=[0mk#addeef94..[1m}[0m[2m:[0m [2mfastcrypto_tbls::dkg_v1[0m[2m:[0m [2m/Users/mofei/.cargo/git/checkouts/fastcrypto-b430feb5437546af/9519ebc/fastcrypto-tbls/src/dkg_v1.rs[0m[2m:[0m[2m461:[0m DKG: Merging messages with total weight 525
[2m2025-03-25T07:54:58.467203Z[0m [32m INFO[0m [1mnode[0m[1m{[0m[3mname[0m[2m=[0mk#99f25ef6..[1m}[0m[2m:[0m [2msui_core::epoch::randomness[0m[2m:[0m [2mcrates/sui-core/src/epoch/randomness.rs[0m[2m:[0m[2m474:[0m random beacon: sending DKG Confirmation with 0 complaints
[2m2025-03-25T07:54:58.467214Z[0m [32m INFO[0m [1mnode[0m[1m{[0m[3mname[0m[2m=[0mk#addeef94..[1m}[0m[2m:[0m [2msui_core::epoch::randomness[0m[2m:[0m [2mcrates/sui-core/src/epoch/randomness.rs[0m[2m:[0m[2m474:[0m random beacon: sending DKG Confirmation with 0 complaints
[2m2025-03-25T07:54:58.500288Z[0m [32m INFO[0m [1mnode[0m[1m{[0m[3mname[0m[2m=[0mk#addeef94..[1m}[0m[2m:[0m [2msui_core::checkpoints[0m[2m:[0m [2mcrates/sui-core/src/checkpoints/mod.rs[0m[2m:[0m[2m1326:[0m Creating checkpoint(s) for 1 transactions [3mnext_checkpoint_seq[0m[2m=[0m215 [3mcheckpoint_timestamp[0m[2m=[0m1742889297907
[2m2025-03-25T07:54:58.500288Z[0m [32m INFO[0m [1mnode[0m[1m{[0m[3mname[0m[2m=[0mk#99f25ef6..[1m}[0m[2m:[0m [2msui_core::checkpoints[0m[2m:[0m [2mcrates/sui-core/src/checkpoints/mod.rs[0m[2m:[0m[2m1326:[0m Creating checkpoint(s) for 1 transactions [3mnext_checkpoint_seq[0m[2m=[0m215 [3mcheckpoint_timestamp[0m[2m=[0m1742889297907
[2m2025-03-25T07:54:58.500523Z[0m [32m INFO[0m [1mnode[0m[1m{[0m[3mname[0m[2m=[0mk#addeef94..[1m}[0m[2m:[0m [2msui_core::checkpoints::checkpoint_output[0m[2m:[0m [2mcrates/sui-core/src/checkpoints/checkpoint_output.rs[0m[2m:[0m[2m149:[0m Creating checkpoint CheckpointDigest(5zn3szQP8HPgiAM8YL8p5tvTv8Xb2jPASSKPh2WMnDzg) at epoch 1, sequence 215, previous digest Some(CheckpointDigest(FjoyhTPH5tvE2Wn1swUe7Mima51EUnQpfNNBGbhZwykR)), transactions count 1, content digest CheckpointContentsDigest(D1jqKP1GGqzzsKR58QWQa3wZ9nwpMWdifrvZWQafQobP), end_of_epoch_data None
[2m2025-03-25T07:54:58.500523Z[0m [32m INFO[0m [1mnode[0m[1m{[0m[3mname[0m[2m=[0mk#99f25ef6..[1m}[0m[2m:[0m [2msui_core::checkpoints::checkpoint_output[0m[2m:[0m [2mcrates/sui-core/src/checkpoints/checkpoint_output.rs[0m[2m:[0m[2m149:[0m Creating checkpoint CheckpointDigest(5zn3szQP8HPgiAM8YL8p5tvTv8Xb2jPASSKPh2WMnDzg) at epoch 1, sequence 215, previous digest Some(CheckpointDigest(FjoyhTPH5tvE2Wn1swUe7Mima51EUnQpfNNBGbhZwykR)), transactions count 1, content digest CheckpointContentsDigest(D1jqKP1GGqzzsKR58QWQa3wZ9nwpMWdifrvZWQafQobP), end_of_epoch_data None
[2m2025-03-25T07:54:58.504041Z[0m [32m INFO[0m [1mnode[0m[1m{[0m[3mname[0m[2m=[0mk#99f25ef6..[1m}[0m[2m:[0m[1mjwk_updater_task[0m[1m{[0m[3mepoch[0m[2m=[0m1[1m}[0m[2m:[0m [2msui_node[0m[2m:[0m [2mcrates/sui-node/src/lib.rs[0m[2m:[0m[2m409:[0m Submitting JWK to consensus: JwkId { iss: "https://cognito-idp.us-east-1.amazonaws.com/us-east-1_qPsZxYqd8", kid: "VHA/vY1d2h7X33DpZ6ZBDRfnCS/OIgiV7toCdxyEUDY=" }
[2m2025-03-25T07:54:58.504084Z[0m [32m INFO[0m [1mnode[0m[1m{[0m[3mname[0m[2m=[0mk#99f25ef6..[1m}[0m[2m:[0m[1mjwk_updater_task[0m[1m{[0m[3mepoch[0m[2m=[0m1[1m}[0m[2m:[0m [2msui_node[0m[2m:[0m [2mcrates/sui-node/src/lib.rs[0m[2m:[0m[2m409:[0m Submitting JWK to consensus: JwkId { iss: "https://cognito-idp.us-east-1.amazonaws.com/us-east-1_qPsZxYqd8", kid: "lGbuLXh42ChSJwrMUEBO2npnvMzdAHqOj6DNZieDuVA=" }
[2m2025-03-25T07:54:58.504268Z[0m [32m INFO[0m [1mnode[0m[1m{[0m[3mname[0m[2m=[0mk#99f25ef6..[1m}[0m[2m:[0m[1mjwk_updater_task[0m[1m{[0m[3mepoch[0m[2m=[0m1[1m}[0m[2m:[0m [2msui_node[0m[2m:[0m [2mcrates/sui-node/src/lib.rs[0m[2m:[0m[2m409:[0m Submitting JWK to consensus: JwkId { iss: "https://oauth2.playtron.one", kid: "1fd66a18-7afd-4086-ba57-a8ca9b398406" }
[2m2025-03-25T07:54:58.504300Z[0m [32m INFO[0m [1mnode[0m[1m{[0m[3mname[0m[2m=[0mk#99f25ef6..[1m}[0m[2m:[0m[1mjwk_updater_task[0m[1m{[0m[3mepoch[0m[2m=[0m1[1m}[0m[2m:[0m [2msui_node[0m[2m:[0m [2mcrates/sui-node/src/lib.rs[0m[2m:[0m[2m409:[0m Submitting JWK to consensus: JwkId { iss: "https://oauth2.playtron.one", kid: "7388b63c-ba03-4fe3-85e3-6717f91d55b1" }
[2m2025-03-25T07:54:58.504329Z[0m [32m INFO[0m [1mnode[0m[1m{[0m[3mname[0m[2m=[0mk#99f25ef6..[1m}[0m[2m:[0m[1mjwk_updater_task[0m[1m{[0m[3mepoch[0m[2m=[0m1[1m}[0m[2m:[0m [2msui_node[0m[2m:[0m [2mcrates/sui-node/src/lib.rs[0m[2m:[0m[2m409:[0m Submitting JWK to consensus: JwkId { iss: "https://oauth2.playtron.one", kid: "e55421cb-cdbd-4791-a590-ad8ca798aa89" }
[2m2025-03-25T07:54:58.510535Z[0m [32m INFO[0m [1mnode[0m[1m{[0m[3mname[0m[2m=[0mk#8dcff6d1..[1m}[0m[2m:[0m[1mjwk_updater_task[0m[1m{[0m[3mepoch[0m[2m=[0m1[1m}[0m[2m:[0m [2msui_node[0m[2m:[0m [2mcrates/sui-node/src/lib.rs[0m[2m:[0m[2m409:[0m Submitting JWK to consensus: JwkId { iss: "https://oauth2.playtron.one", kid: "7388b63c-ba03-4fe3-85e3-6717f91d55b1" }
[2m2025-03-25T07:54:58.510576Z[0m [32m INFO[0m [1mnode[0m[1m{[0m[3mname[0m[2m=[0mk#8dcff6d1..[1m}[0m[2m:[0m[1mjwk_updater_task[0m[1m{[0m[3mepoch[0m[2m=[0m1[1m}[0m[2m:[0m [2msui_node[0m[2m:[0m [2mcrates/sui-node/src/lib.rs[0m[2m:[0m[2m409:[0m Submitting JWK to consensus: JwkId { iss: "https://oauth2.playtron.one", kid: "e55421cb-cdbd-4791-a590-ad8ca798aa89" }
[2m2025-03-25T07:54:58.510606Z[0m [32m INFO[0m [1mnode[0m[1m{[0m[3mname[0m[2m=[0mk#8dcff6d1..[1m}[0m[2m:[0m[1mjwk_updater_task[0m[1m{[0m[3mepoch[0m[2m=[0m1[1m}[0m[2m:[0m [2msui_node[0m[2m:[0m [2mcrates/sui-node/src/lib.rs[0m[2m:[0m[2m409:[0m Submitting JWK to consensus: JwkId { iss: "https://oauth2.playtron.one", kid: "1fd66a18-7afd-4086-ba57-a8ca9b398406" }
[2m2025-03-25T07:54:58.518204Z[0m [32m INFO[0m [1mnode[0m[1m{[0m[3mname[0m[2m=[0mk#addeef94..[1m}[0m[2m:[0m[1mjwk_updater_task[0m[1m{[0m[3mepoch[0m[2m=[0m1[1m}[0m[2m:[0m [2msui_node[0m[2m:[0m [2mcrates/sui-node/src/lib.rs[0m[2m:[0m[2m409:[0m Submitting JWK to consensus: JwkId { iss: "https://oauth2.playtron.one", kid: "1fd66a18-7afd-4086-ba57-a8ca9b398406" }
[2m2025-03-25T07:54:58.518244Z[0m [32m INFO[0m [1mnode[0m[1m{[0m[3mname[0m[2m=[0mk#addeef94..[1m}[0m[2m:[0m[1mjwk_updater_task[0m[1m{[0m[3mepoch[0m[2m=[0m1[1m}[0m[2m:[0m [2msui_node[0m[2m:[0m [2mcrates/sui-node/src/lib.rs[0m[2m:[0m[2m409:[0m Submitting JWK to consensus: JwkId { iss: "https://oauth2.playtron.one", kid: "7388b63c-ba03-4fe3-85e3-6717f91d55b1" }
[2m2025-03-25T07:54:58.518273Z[0m [32m INFO[0m [1mnode[0m[1m{[0m[3mname[0m[2m=[0mk#addeef94..[1m}[0m[2m:[0m[1mjwk_updater_task[0m[1m{[0m[3mepoch[0m[2m=[0m1[1m}[0m[2m:[0m [2msui_node[0m[2m:[0m [2mcrates/sui-node/src/lib.rs[0m[2m:[0m[2m409:[0m Submitting JWK to consensus: JwkId { iss: "https://oauth2.playtron.one", kid: "e55421cb-cdbd-4791-a590-ad8ca798aa89" }
[2m2025-03-25T07:54:58.544400Z[0m [32m INFO[0m [1mnode[0m[1m{[0m[3mname[0m[2m=[0mk#8dcff6d1..[1m}[0m[2m:[0m [2mconsensus_core::core[0m[2m:[0m [2mconsensus/core/src/core.rs[0m[2m:[0m[2m945:[0m Included 3 ancestors & excluded 0 ancestors for proposal in round 2
[2m2025-03-25T07:54:58.545469Z[0m [32m INFO[0m [1mnode[0m[1m{[0m[3mname[0m[2m=[0mk#8dcff6d1..[1m}[0m[2m:[0m [2mconsensus_core::core[0m[2m:[0m [2mconsensus/core/src/core.rs[0m[2m:[0m[2m531:[0m Created block B2(A,hHHaB7jC0jtcxWnlC2wJfXKuQ5MLL1460hy/S2h6ssU=)(1742889298544ms;[B1(A,9ak5h2z/+rNESmHnCSO0cTKlitQP59iCkqsnNiCXKUQ=), B1(B,Z4YEoo/Cet1zVcmddOOwjInqWqD5rDT1JpuCbVcX9QQ=), B1(C,XqrRVXf2yT0k9kva4oNTJ0QyMPr2VZ5q3XmOG3eL2ZI=)];23t;0c) for round 2
[2m2025-03-25T07:54:58.566492Z[0m [32m INFO[0m [1mnode[0m[1m{[0m[3mname[0m[2m=[0mk#99f25ef6..[1m}[0m[2m:[0m[1mjwk_updater_task[0m[1m{[0m[3mepoch[0m[2m=[0m1[1m}[0m[2m:[0m [2msui_node[0m[2m:[0m [2mcrates/sui-node/src/lib.rs[0m[2m:[0m[2m409:[0m Submitting JWK to consensus: JwkId { iss: "https://accounts.karrier.one/", kid: "E760D111C1A1296E6D1D85F7EB18DDBAA0EC2B4E" }
[2m2025-03-25T07:54:58.566545Z[0m [32m INFO[0m [1mnode[0m[1m{[0m[3mname[0m[2m=[0mk#99f25ef6..[1m}[0m[2m:[0m[1mjwk_updater_task[0m[1m{[0m[3mepoch[0m[2m=[0m1[1m}[0m[2m:[0m [2msui_node[0m[2m:[0m [2mcrates/sui-node/src/lib.rs[0m[2m:[0m[2m409:[0m Submitting JWK to consensus: JwkId { iss: "https://accounts.karrier.one/", kid: "B65FDCAA152E04ADE817314CF6A06F4ECABF4CFB" }
[2m2025-03-25T07:54:58.572232Z[0m [33m WARN[0m [1mnode[0m[1m{[0m[3mname[0m[2m=[0mk#99f25ef6..[1m}[0m[2m:[0m[1mjwk_updater_task[0m[1m{[0m[3mepoch[0m[2m=[0m1[1m}[0m[2m:[0m [2msui_node[0m[2m:[0m [2mcrates/sui-node/src/lib.rs[0m[2m:[0m[2m381:[0m Error when fetching JWK for provider AwsTenant(("us-east-1", "us-east-1_LPSLCkC3A")) JWKRetrievalError
[2m2025-03-25T07:54:58.592116Z[0m [32m INFO[0m [1mnode[0m[1m{[0m[3mname[0m[2m=[0mk#addeef94..[1m}[0m[2m:[0m[1mjwk_updater_task[0m[1m{[0m[3mepoch[0m[2m=[0m1[1m}[0m[2m:[0m [2msui_node[0m[2m:[0m [2mcrates/sui-node/src/lib.rs[0m[2m:[0m[2m409:[0m Submitting JWK to consensus: JwkId { iss: "https://accounts.credenza3.com", kid: "JG6oZkIBqQdkpnCnD479zFXgMA5_I7i-aHAV0MRwvDs" }
[2m2025-03-25T07:54:58.592167Z[0m [32m INFO[0m [1mnode[0m[1m{[0m[3mname[0m[2m=[0mk#addeef94..[1m}[0m[2m:[0m[1mjwk_updater_task[0m[1m{[0m[3mepoch[0m[2m=[0m1[1m}[0m[2m:[0m [2msui_node[0m[2m:[0m [2mcrates/sui-node/src/lib.rs[0m[2m:[0m[2m409:[0m Submitting JWK to consensus: JwkId { iss: "https://accounts.credenza3.com", kid: "nArTrOCdn42U6zyzuZmxBIGAuYQaNyuHwUkAycsQTw8" }
[2m2025-03-25T07:54:58.667916Z[0m [32m INFO[0m [1mnode[0m[1m{[0m[3mname[0m[2m=[0mk#8dcff6d1..[1m}[0m[2m:[0m[1mjwk_updater_task[0m[1m{[0m[3mepoch[0m[2m=[0m1[1m}[0m[2m:[0m [2msui_node[0m[2m:[0m [2mcrates/sui-node/src/lib.rs[0m[2m:[0m[2m409:[0m Submitting JWK to consensus: JwkId { iss: "https://accounts.credenza3.com", kid: "JG6oZkIBqQdkpnCnD479zFXgMA5_I7i-aHAV0MRwvDs" }
[2m2025-03-25T07:54:58.667972Z[0m [32m INFO[0m [1mnode[0m[1m{[0m[3mname[0m[2m=[0mk#8dcff6d1..[1m}[0m[2m:[0m[1mjwk_updater_task[0m[1m{[0m[3mepoch[0m[2m=[0m1[1m}[0m[2m:[0m [2msui_node[0m[2m:[0m [2mcrates/sui-node/src/lib.rs[0m[2m:[0m[2m409:[0m Submitting JWK to consensus: JwkId { iss: "https://accounts.credenza3.com", kid: "nArTrOCdn42U6zyzuZmxBIGAuYQaNyuHwUkAycsQTw8" }
[2m2025-03-25T07:54:58.681913Z[0m [32m INFO[0m [1mnode[0m[1m{[0m[3mname[0m[2m=[0mk#99f25ef6..[1m}[0m[2m:[0m [2mconsensus_core::core[0m[2m:[0m [2mconsensus/core/src/core.rs[0m[2m:[0m[2m945:[0m Included 3 ancestors & excluded 0 ancestors for proposal in round 5
[2m2025-03-25T07:54:58.682230Z[0m [32m INFO[0m [1mnode[0m[1m{[0m[3mname[0m[2m=[0mk#addeef94..[1m}[0m[2m:[0m [2mconsensus_core::core[0m[2m:[0m [2mconsensus/core/src/core.rs[0m[2m:[0m[2m945:[0m Included 3 ancestors & excluded 0 ancestors for proposal in round 5
[2m2025-03-25T07:54:58.682519Z[0m [32m INFO[0m [1mnode[0m[1m{[0m[3mname[0m[2m=[0mk#99f25ef6..[1m}[0m[2m:[0m [2mconsensus_core::core[0m[2m:[0m [2mconsensus/core/src/core.rs[0m[2m:[0m[2m531:[0m Created block B5(B,kFzonbzhwaygh+EwL2yk5vG0v1BKSWj6W8/iTBRULD4=)(1742889298681ms;[B4(B,994wPu0FW+3fd6RaXXgDv1BXrPSKr6MaNaqcgNXKZvo=), B2(A,hHHaB7jC0jtcxWnlC2wJfXKuQ5MLL1460hy/S2h6ssU=), B4(C,FnU3NeJGV+eWmcEN6JSOrrIHaCwsntuOED0mG6f+mVU=)];9t;1c) for round 5
[2m2025-03-25T07:54:58.682608Z[0m [32m INFO[0m [1mnode[0m[1m{[0m[3mname[0m[2m=[0mk#99f25ef6..[1m}[0m[2m:[0m [2msui_core::mysticeti_adapter[0m[2m:[0m [2mcrates/sui-core/src/mysticeti_adapter.rs[0m[2m:[0m[2m130:[0m Transaction External(RandomnessDkgConfirmation(k#99f25ef6..)) was included in B5(B,kFzo)
[2m2025-03-25T07:54:58.682739Z[0m [32m INFO[0m [1mnode[0m[1m{[0m[3mname[0m[2m=[0mk#addeef94..[1m}[0m[2m:[0m [2mconsensus_core::core[0m[2m:[0m [2mconsensus/core/src/core.rs[0m[2m:[0m[2m531:[0m Created block B5(C,AJSuB5U2fhf/uTwrRnNotWVj7Cd3W3u0AF5wJshsINg=)(1742889298682ms;[B4(C,FnU3NeJGV+eWmcEN6JSOrrIHaCwsntuOED0mG6f+mVU=), B2(A,hHHaB7jC0jtcxWnlC2wJfXKuQ5MLL1460hy/S2h6ssU=), B4(B,994wPu0FW+3fd6RaXXgDv1BXrPSKr6MaNaqcgNXKZvo=)];7t;1c) for round 5
[2m2025-03-25T07:54:58.682813Z[0m [32m INFO[0m [1mnode[0m[1m{[0m[3mname[0m[2m=[0mk#addeef94..[1m}[0m[2m:[0m [2msui_core::mysticeti_adapter[0m[2m:[0m [2mcrates/sui-core/src/mysticeti_adapter.rs[0m[2m:[0m[2m130:[0m Transaction External(RandomnessDkgConfirmation(k#addeef94..)) was included in B5(C,AJSu)
[2m2025-03-25T07:54:58.743423Z[0m [32m INFO[0m [1mnode[0m[1m{[0m[3mname[0m[2m=[0mk#99f25ef6..[1m}[0m[2m:[0m[1mjwk_updater_task[0m[1m{[0m[3mepoch[0m[2m=[0m1[1m}[0m[2m:[0m [2msui_node[0m[2m:[0m [2mcrates/sui-node/src/lib.rs[0m[2m:[0m[2m409:[0m Submitting JWK to consensus: JwkId { iss: "https://accounts.credenza3.com", kid: "JG6oZkIBqQdkpnCnD479zFXgMA5_I7i-aHAV0MRwvDs" }
[2m2025-03-25T07:54:58.743473Z[0m [32m INFO[0m [1mnode[0m[1m{[0m[3mname[0m[2m=[0mk#99f25ef6..[1m}[0m[2m:[0m[1mjwk_updater_task[0m[1m{[0m[3mepoch[0m[2m=[0m1[1m}[0m[2m:[0m [2msui_node[0m[2m:[0m [2mcrates/sui-node/src/lib.rs[0m[2m:[0m[2m409:[0m Submitting JWK to consensus: JwkId { iss: "https://accounts.credenza3.com", kid: "nArTrOCdn42U6zyzuZmxBIGAuYQaNyuHwUkAycsQTw8" }
[2m2025-03-25T07:54:58.835944Z[0m [32m INFO[0m [1mnode[0m[1m{[0m[3mname[0m[2m=[0mk#addeef94..[1m}[0m[2m:[0m[1mjwk_updater_task[0m[1m{[0m[3mepoch[0m[2m=[0m1[1m}[0m[2m:[0m [2msui_node[0m[2m:[0m [2mcrates/sui-node/src/lib.rs[0m[2m:[0m[2m409:[0m Submitting JWK to consensus: JwkId { iss: "https://auth.3dos.io", kid: "6d361dc9637a275eb585a915af26198ff0d97326ca13f4baf0e4805f72f2a9a0" }
[2m2025-03-25T07:54:58.840073Z[0m [32m INFO[0m [1mnode[0m[1m{[0m[3mname[0m[2m=[0mk#8dcff6d1..[1m}[0m[2m:[0m[1mjwk_updater_task[0m[1m{[0m[3mepoch[0m[2m=[0m1[1m}[0m[2m:[0m [2msui_node[0m[2m:[0m [2mcrates/sui-node/src/lib.rs[0m[2m:[0m[2m409:[0m Submitting JWK to consensus: JwkId { iss: "https://auth.3dos.io", kid: "6d361dc9637a275eb585a915af26198ff0d97326ca13f4baf0e4805f72f2a9a0" }
[2m2025-03-25T07:54:58.928194Z[0m [32m INFO[0m [1mnode[0m[1m{[0m[3mname[0m[2m=[0mk#99f25ef6..[1m}[0m[2m:[0m[1mjwk_updater_task[0m[1m{[0m[3mepoch[0m[2m=[0m1[1m}[0m[2m:[0m [2msui_node[0m[2m:[0m [2mcrates/sui-node/src/lib.rs[0m[2m:[0m[2m409:[0m Submitting JWK to consensus: JwkId { iss: "https://auth.3dos.io", kid: "6d361dc9637a275eb585a915af26198ff0d97326ca13f4baf0e4805f72f2a9a0" }
[2m2025-03-25T07:54:58.936042Z[0m [32m INFO[0m [1mnode[0m[1m{[0m[3mname[0m[2m=[0mk#addeef94..[1m}[0m[2m:[0m [2mconsensus_core::core[0m[2m:[0m [2mconsensus/core/src/core.rs[0m[2m:[0m[2m945:[0m Included 2 ancestors & excluded 0 ancestors for proposal in round 6
[2m2025-03-25T07:54:58.936283Z[0m [32m INFO[0m [1mnode[0m[1m{[0m[3mname[0m[2m=[0mk#99f25ef6..[1m}[0m[2m:[0m [2mconsensus_core::core[0m[2m:[0m [2mconsensus/core/src/core.rs[0m[2m:[0m[2m945:[0m Included 2 ancestors & excluded 0 ancestors for proposal in round 6
[2m2025-03-25T07:54:58.936387Z[0m [32m INFO[0m [1mnode[0m[1m{[0m[3mname[0m[2m=[0mk#addeef94..[1m}[0m[2m:[0m [2mconsensus_core::core[0m[2m:[0m [2mconsensus/core/src/core.rs[0m[2m:[0m[2m531:[0m Created block B6(C,5ApfdIVZVGkRUCMye/S65gPsAFpQbCjttk2d7YesvSc=)(1742889298936ms;[B5(C,AJSuB5U2fhf/uTwrRnNotWVj7Cd3W3u0AF5wJshsINg=), B5(B,kFzonbzhwaygh+EwL2yk5vG0v1BKSWj6W8/iTBRULD4=)];1t;0c) for round 6
[2m2025-03-25T07:54:58.936631Z[0m [32m INFO[0m [1mnode[0m[1m{[0m[3mname[0m[2m=[0mk#99f25ef6..[1m}[0m[2m:[0m [2mconsensus_core::core[0m[2m:[0m [2mconsensus/core/src/core.rs[0m[2m:[0m[2m531:[0m Created block B6(B,QCd/2emQla6emWxuVEBQBayZc1SqH+youYWiS19POQQ=)(1742889298936ms;[B5(B,kFzonbzhwaygh+EwL2yk5vG0v1BKSWj6W8/iTBRULD4=), B5(C,AJSuB5U2fhf/uTwrRnNotWVj7Cd3W3u0AF5wJshsINg=)];3t;0c) for round 6
[2m2025-03-25T07:54:58.937260Z[0m [32m INFO[0m [1mnode[0m[1m{[0m[3mname[0m[2m=[0mk#99f25ef6..[1m}[0m[2m:[0m [2mconsensus_core::core[0m[2m:[0m [2mconsensus/core/src/core.rs[0m[2m:[0m[2m630:[0m Committing 1 leaders: B4(C,FnU3)
[2m2025-03-25T07:54:58.937283Z[0m [32m INFO[0m [1mnode[0m[1m{[0m[3mname[0m[2m=[0mk#addeef94..[1m}[0m[2m:[0m [2mconsensus_core::core[0m[2m:[0m [2mconsensus/core/src/core.rs[0m[2m:[0m[2m630:[0m Committing 1 leaders: B4(C,FnU3)
[2m2025-03-25T07:54:58.937352Z[0m [32m INFO[0m [1mnode[0m[1m{[0m[3mname[0m[2m=[0mk#99f25ef6..[1m}[0m[2m:[0m [2mconsensus_core::commit_observer[0m[2m:[0m [2mconsensus/core/src/commit_observer.rs[0m[2m:[0m[2m173:[0m Consensus commit C3(xcrV) with leader B4(C,FnU3) has 4 blocks
[2m2025-03-25T07:54:58.937361Z[0m [32m INFO[0m [1mnode[0m[1m{[0m[3mname[0m[2m=[0mk#addeef94..[1m}[0m[2m:[0m [2mconsensus_core::commit_observer[0m[2m:[0m [2mconsensus/core/src/commit_observer.rs[0m[2m:[0m[2m173:[0m Consensus commit C3(xcrV) with leader B4(C,FnU3) has 4 blocks
[2m2025-03-25T07:54:58.937430Z[0m [32m INFO[0m [1mnode[0m[1m{[0m[3mname[0m[2m=[0mk#99f25ef6..[1m}[0m[2m:[0m [2msui_core::consensus_handler[0m[2m:[0m [2mcrates/sui-core/src/consensus_handler.rs[0m[2m:[0m[2m232:[0m Received consensus output [3mconsensus_commit[0m[2m=[0mCommittedSubDag(leader=B4(C,FnU3), ref=C3(xcrV), blocks=[Ba6p, RyNz, bxTT, FnU3]) [3mepoch[0m[2m=[0m1
[2m2025-03-25T07:54:58.937430Z[0m [32m INFO[0m [1mnode[0m[1m{[0m[3mname[0m[2m=[0mk#addeef94..[1m}[0m[2m:[0m [2msui_core::consensus_handler[0m[2m:[0m [2mcrates/sui-core/src/consensus_handler.rs[0m[2m:[0m[2m232:[0m Received consensus output [3mconsensus_commit[0m[2m=[0mCommittedSubDag(leader=B4(C,FnU3), ref=C3(xcrV), blocks=[Ba6p, RyNz, bxTT, FnU3]) [3mepoch[0m[2m=[0m1
[2m2025-03-25T07:54:58.938177Z[0m [32m INFO[0m [1mnode[0m[1m{[0m[3mname[0m[2m=[0mk#99f25ef6..[1m}[0m[2m:[0m [2msui_core::authority::authority_per_epoch_store[0m[2m:[0m [2mcrates/sui-core/src/authority/authority_per_epoch_store.rs[0m[2m:[0m[2m2388:[0m received jwk vote from k#99f25ef6.. for jwk (JwkId { iss: "https://oauth.sui.io", kid: "sui-key-id" }, JWK { kty: "RSA", e: "AQAB", n: "wdar6dBP7b88u6o190uXBK4yPS76OxFjiHDPwOyJwJiiAE3YRq8y_pfyQVua9nEasgrPfEBzVoC5QCld8NAC88uvbNKyoLZ6w5KlFjp88q2Sfy7nAzh3I-AnjsL6zl43NZrKep4_Nmb5nJeafcEi6B5MsYYDWW1Nn26O7ob9IWRNWcaTKhOhqDzbiN_66azN-NgaP_uHjlu1xuMV0kRt-luLSTXJS3S2n8PVNCxr3Gr2oViUpP8kSa-0i5vsg3gNtSfBY97AbChwOnyazj_PoaVD6zbEC4L5gvRZJA6vyoAWF_ZumvkwC3fxcFIBnSKMlGzS_Z-bUyQDCQy_BG9AOw", alg: "RS256" })
[2m2025-03-25T07:54:58.938177Z[0m [32m INFO[0m [1mnode[0m[1m{[0m[3mname[0m[2m=[0mk#addeef94..[1m}[0m[2m:[0m [2msui_core::authority::authority_per_epoch_store[0m[2m:[0m [2mcrates/sui-core/src/authority/authority_per_epoch_store.rs[0m[2m:[0m[2m2388:[0m received jwk vote from k#99f25ef6.. for jwk (JwkId { iss: "https://oauth.sui.io", kid: "sui-key-id" }, JWK { kty: "RSA", e: "AQAB", n: "wdar6dBP7b88u6o190uXBK4yPS76OxFjiHDPwOyJwJiiAE3YRq8y_pfyQVua9nEasgrPfEBzVoC5QCld8NAC88uvbNKyoLZ6w5KlFjp88q2Sfy7nAzh3I-AnjsL6zl43NZrKep4_Nmb5nJeafcEi6B5MsYYDWW1Nn26O7ob9IWRNWcaTKhOhqDzbiN_66azN-NgaP_uHjlu1xuMV0kRt-luLSTXJS3S2n8PVNCxr3Gr2oViUpP8kSa-0i5vsg3gNtSfBY97AbChwOnyazj_PoaVD6zbEC4L5gvRZJA6vyoAWF_ZumvkwC3fxcFIBnSKMlGzS_Z-bUyQDCQy_BG9AOw", alg: "RS256" })
[2m2025-03-25T07:54:58.938213Z[0m [32m INFO[0m [1mnode[0m[1m{[0m[3mname[0m[2m=[0mk#addeef94..[1m}[0m[2m:[0m [2msui_core::authority::authority_per_epoch_store[0m[2m:[0m [2mcrates/sui-core/src/authority/authority_per_epoch_store.rs[0m[2m:[0m[2m2388:[0m received jwk vote from k#99f25ef6.. for jwk (JwkId { iss: "https://login.onepassport.onefc.com/de3ee5c1-5644-4113-922d-e8336569a462/v2.0/", kid: "X-yzFPFMdWtJQ1oJXiGRVnn061ezrvZz596xN3mCfyQ" }, JWK { kty: "RSA", e: "AQAB", n: "t4ZoVgvyj7jKNq-ydYvgYVn5avBR9H4BQrKy2FWlR49siiMFWhxYXtPs7o4J6hhUgo00nk9pf-7rg7XnTiI7MFp2DluhWZK41YFfyGhDpbG9EImqvmy1N8poj5fid1lAjH2CfjtDyywgV84ViQ1hA5-noOrLhjb-zMZp_yKMSEeY_Ewx70jwhXevvrANKblNUFVJPQ7EI6_La-uALNBeQfu5OgPiMPiswhoQz0bhproUc7GiRxBw-9n72z3JU3HMy9mByrDnNfaZ13_Kmp9zgZYxynv5XXWJFGVHv3GZ_cDYg6OqahmrwMhT3GYTZ8JjMzZj4gH8MCCGPxde9SotKQ", alg: "RS256" })
[2m2025-03-25T07:54:58.938213Z[0m [32m INFO[0m [1mnode[0m[1m{[0m[3mname[0m[2m=[0mk#99f25ef6..[1m}[0m[2m:[0m [2msui_core::authority::authority_per_epoch_store[0m[2m:[0m [2mcrates/sui-core/src/authority/authority_per_epoch_store.rs[0m[2m:[0m[2m2388:[0m received jwk vote from k#99f25ef6.. for jwk (JwkId { iss: "https://login.onepassport.onefc.com/de3ee5c1-5644-4113-922d-e8336569a462/v2.0/", kid: "X-yzFPFMdWtJQ1oJXiGRVnn061ezrvZz596xN3mCfyQ" }, JWK { kty: "RSA", e: "AQAB", n: "t4ZoVgvyj7jKNq-ydYvgYVn5avBR9H4BQrKy2FWlR49siiMFWhxYXtPs7o4J6hhUgo00nk9pf-7rg7XnTiI7MFp2DluhWZK41YFfyGhDpbG9EImqvmy1N8poj5fid1lAjH2CfjtDyywgV84ViQ1hA5-noOrLhjb-zMZp_yKMSEeY_Ewx70jwhXevvrANKblNUFVJPQ7EI6_La-uALNBeQfu5OgPiMPiswhoQz0bhproUc7GiRxBw-9n72z3JU3HMy9mByrDnNfaZ13_Kmp9zgZYxynv5XXWJFGVHv3GZ_cDYg6OqahmrwMhT3GYTZ8JjMzZj4gH8MCCGPxde9SotKQ", alg: "RS256" })
[2m2025-03-25T07:54:58.938239Z[0m [32m INFO[0m [1mnode[0m[1m{[0m[3mname[0m[2m=[0mk#99f25ef6..[1m}[0m[2m:[0m [2msui_core::authority::authority_per_epoch_store[0m[2m:[0m [2mcrates/sui-core/src/authority/authority_per_epoch_store.rs[0m[2m:[0m[2m2388:[0m received jwk vote from k#99f25ef6.. for jwk (JwkId { iss: "https://slack.com", kid: "mB2MAyKSn555isd0EbdhKx6nkyAi9xLq8rvCEb_nOyY" }, JWK { kty: "RSA", e: "AQAB", n: "zQqzXfb677bpMKw0idKC5WkVLyqk04PWMsWYJDKqMUUuu_PmzdsvXBfHU7tcZiNoHDuVvGDqjqnkLPEzjXnaZY0DDDHvJKS0JI8fkxIfV1kNy3DkpQMMhgAwnftUiSXgb5clypOmotAEm59gHPYjK9JHBWoHS14NYEYZv9NVy0EkjauyYDSTz589aiKU5lA-cePG93JnqLw8A82kfTlrJ1IIJo2isyBGANr0YzR-d3b_5EvP7ivU7Ph2v5JcEUHeiLSRzIzP3PuyVFrPH659Deh-UAsDFOyJbIcimg9ITnk5_45sb_Xcd_UN6h5I7TGOAFaJN4oi4aaGD4elNi_K1Q", alg: "RS256" })
[2m2025-03-25T07:54:58.938239Z[0m [32m INFO[0m [1mnode[0m[1m{[0m[3mname[0m[2m=[0mk#addeef94..[1m}[0m[2m:[0m [2msui_core::authority::authority_per_epoch_store[0m[2m:[0m [2mcrates/sui-core/src/authority/authority_per_epoch_store.rs[0m[2m:[0m[2m2388:[0m received jwk vote from k#99f25ef6.. for jwk (JwkId { iss: "https://slack.com", kid: "mB2MAyKSn555isd0EbdhKx6nkyAi9xLq8rvCEb_nOyY" }, JWK { kty: "RSA", e: "AQAB", n: "zQqzXfb677bpMKw0idKC5WkVLyqk04PWMsWYJDKqMUUuu_PmzdsvXBfHU7tcZiNoHDuVvGDqjqnkLPEzjXnaZY0DDDHvJKS0JI8fkxIfV1kNy3DkpQMMhgAwnftUiSXgb5clypOmotAEm59gHPYjK9JHBWoHS14NYEYZv9NVy0EkjauyYDSTz589aiKU5lA-cePG93JnqLw8A82kfTlrJ1IIJo2isyBGANr0YzR-d3b_5EvP7ivU7Ph2v5JcEUHeiLSRzIzP3PuyVFrPH659Deh-UAsDFOyJbIcimg9ITnk5_45sb_Xcd_UN6h5I7TGOAFaJN4oi4aaGD4elNi_K1Q", alg: "RS256" })
[2m2025-03-25T07:54:58.938258Z[0m [32m INFO[0m [1mnode[0m[1m{[0m[3mname[0m[2m=[0mk#99f25ef6..[1m}[0m[2m:[0m [2msui_core::authority::authority_per_epoch_store[0m[2m:[0m [2mcrates/sui-core/src/authority/authority_per_epoch_store.rs[0m[2m:[0m[2m2388:[0m received jwk vote from k#99f25ef6.. for jwk (JwkId { iss: "https://cognito-idp.eu-west-3.amazonaws.com/eu-west-3_gGVCx53Es", kid: "JbFCSYl4Xp4UYEJHo7R0iwl/Xf3F5+z72stu8iH+QxY=" }, JWK { kty: "RSA", e: "AQAB", n: "o09QloKDInGEWvXK0aZr67RnfU9l0kmTOldGF8t36ExfBWNvRsTiTfn4VdetcJlIDrmxQSSP-2toXqQ7m1t4_idKNjkb7s1FsAtWy60mAfmyeMcGhegmxxxMtWJsk2hbY_oRuTPQEUDnTfnIMUL-oDmc_HmRNzYPrbCJolIWC2r2gkJ-q6jwGEujkaeoQq3wM_NTkeBO_rrCUngIUykbbczkMF8vELGewPgwqTjd9ZTTf08kUPF9IUtT-VyF0U-I1xrQrmU9opQ209I-Dk-ehxIHWN85nlLBxu0Krb9adSx_HDEOd00wNSQgPBkvCUPpVmC10UO7hHxzGSi7czrlsw", alg: "RS256" })
[2m2025-03-25T07:54:58.938259Z[0m [32m INFO[0m [1mnode[0m[1m{[0m[3mname[0m[2m=[0mk#addeef94..[1m}[0m[2m:[0m [2msui_core::authority::authority_per_epoch_store[0m[2m:[0m [2mcrates/sui-core/src/authority/authority_per_epoch_store.rs[0m[2m:[0m[2m2388:[0m received jwk vote from k#99f25ef6.. for jwk (JwkId { iss: "https://cognito-idp.eu-west-3.amazonaws.com/eu-west-3_gGVCx53Es", kid: "JbFCSYl4Xp4UYEJHo7R0iwl/Xf3F5+z72stu8iH+QxY=" }, JWK { kty: "RSA", e: "AQAB", n: "o09QloKDInGEWvXK0aZr67RnfU9l0kmTOldGF8t36ExfBWNvRsTiTfn4VdetcJlIDrmxQSSP-2toXqQ7m1t4_idKNjkb7s1FsAtWy60mAfmyeMcGhegmxxxMtWJsk2hbY_oRuTPQEUDnTfnIMUL-oDmc_HmRNzYPrbCJolIWC2r2gkJ-q6jwGEujkaeoQq3wM_NTkeBO_rrCUngIUykbbczkMF8vELGewPgwqTjd9ZTTf08kUPF9IUtT-VyF0U-I1xrQrmU9opQ209I-Dk-ehxIHWN85nlLBxu0Krb9adSx_HDEOd00wNSQgPBkvCUPpVmC10UO7hHxzGSi7czrlsw", alg: "RS256" })
[2m2025-03-25T07:54:58.938282Z[0m [32m INFO[0m [1mnode[0m[1m{[0m[3mname[0m[2m=[0mk#99f25ef6..[1m}[0m[2m:[0m [2msui_core::authority::authority_per_epoch_store[0m[2m:[0m [2mcrates/sui-core/src/authority/authority_per_epoch_store.rs[0m[2m:[0m[2m2388:[0m received jwk vote from k#99f25ef6.. for jwk (JwkId { iss: "https://cognito-idp.eu-west-3.amazonaws.com/eu-west-3_gGVCx53Es", kid: "FIqQqeRU1EQP75fBeds+wL2yczwvbDy1NF6T/f5Oe5o=" }, JWK { kty: "RSA", e: "AQAB", n: "va55QtSTFhvqx0IL8UAPNZf6x5NO9jK88Wyct-i67grbDJZyXLSxz5oSttoIHkaJZQWgl_qsgyxDpHeSMznliS0K7rXFwaw81PwDIB_ek8uKhXmaQ6ryPAaO-8kvR46o-EYyVk9wWPDHTtN6NEbiUxGoDqOoiVCrVJLsFdoia7-MMVJnR2VokbEgGGbJkZu2MipikQvk_b7BGF__5mKvCJc6hCEJcxIUFvETKA9AOhjgxLvE9U8Ke6XRfmDLKovDAsDaZsWP6VPN0HoBi5mak9CgUqmxwnvNJFLhpjawD9E23O_l4aBcie56eFcC_knUa2VOHymBoJ0On3p03yxs7Q", alg: "RS256" })
[2m2025-03-25T07:54:58.938282Z[0m [32m INFO[0m [1mnode[0m[1m{[0m[3mname[0m[2m=[0mk#addeef94..[1m}[0m[2m:[0m [2msui_core::authority::authority_per_epoch_store[0m[2m:[0m [2mcrates/sui-core/src/authority/authority_per_epoch_store.rs[0m[2m:[0m[2m2388:[0m received jwk vote from k#99f25ef6.. for jwk (JwkId { iss: "https://cognito-idp.eu-west-3.amazonaws.com/eu-west-3_gGVCx53Es", kid: "FIqQqeRU1EQP75fBeds+wL2yczwvbDy1NF6T/f5Oe5o=" }, JWK { kty: "RSA", e: "AQAB", n: "va55QtSTFhvqx0IL8UAPNZf6x5NO9jK88Wyct-i67grbDJZyXLSxz5oSttoIHkaJZQWgl_qsgyxDpHeSMznliS0K7rXFwaw81PwDIB_ek8uKhXmaQ6ryPAaO-8kvR46o-EYyVk9wWPDHTtN6NEbiUxGoDqOoiVCrVJLsFdoia7-MMVJnR2VokbEgGGbJkZu2MipikQvk_b7BGF__5mKvCJc6hCEJcxIUFvETKA9AOhjgxLvE9U8Ke6XRfmDLKovDAsDaZsWP6VPN0HoBi5mak9CgUqmxwnvNJFLhpjawD9E23O_l4aBcie56eFcC_knUa2VOHymBoJ0On3p03yxs7Q", alg: "RS256" })
[2m2025-03-25T07:54:58.938305Z[0m [32m INFO[0m [1mnode[0m[1m{[0m[3mname[0m[2m=[0mk#99f25ef6..[1m}[0m[2m:[0m [2msui_core::authority::authority_per_epoch_store[0m[2m:[0m [2mcrates/sui-core/src/authority/authority_per_epoch_store.rs[0m[2m:[0m[2m2388:[0m received jwk vote from k#99f25ef6.. for jwk (JwkId { iss: "https://accounts.fantv.world", kid: "PODsfgAn4twvCLjNt9QmEEiAcCa3Z6C10LxrDxvi3bA" }, JWK { kty: "RSA", e: "AQAB", n: "z9Y8JtahOmbujGwGCe9tT24ur_AuJqNMdWPA6TXia4EDR8iQMrw_DxY3gBDrNqM9ml2NLkO3jo-OI78fl0RbuKepUCko-E2lB0If95L1xB2pWmUpqO8Pa7IilX4oO7h_o_mpUYXoC0wEocJyIjBRWtjqMkM6LhF9tk9-zcl2tcRFkiV1gcGe7FP529jQkSjMK8Ide0T30ZdlGQ7l6b0tuRoYFjoMnGQvl-14QYmSOHvHOqaVSD09KEMmQ4CllDMXZwCBfTRSkRfCTf33qSxm6aEdQcYA2mQD6tIVINuuCOelRhf-GkgfFFUkCM61PmlNm6JXLJgtUWsofaMQ4Yzpiw", alg: "RS256" })
[2m2025-03-25T07:54:58.938306Z[0m [32m INFO[0m [1mnode[0m[1m{[0m[3mname[0m[2m=[0mk#addeef94..[1m}[0m[2m:[0m [2msui_core::authority::authority_per_epoch_store[0m[2m:[0m [2mcrates/sui-core/src/authority/authority_per_epoch_store.rs[0m[2m:[0m[2m2388:[0m received jwk vote from k#99f25ef6.. for jwk (JwkId { iss: "https://accounts.fantv.world", kid: "PODsfgAn4twvCLjNt9QmEEiAcCa3Z6C10LxrDxvi3bA" }, JWK { kty: "RSA", e: "AQAB", n: "z9Y8JtahOmbujGwGCe9tT24ur_AuJqNMdWPA6TXia4EDR8iQMrw_DxY3gBDrNqM9ml2NLkO3jo-OI78fl0RbuKepUCko-E2lB0If95L1xB2pWmUpqO8Pa7IilX4oO7h_o_mpUYXoC0wEocJyIjBRWtjqMkM6LhF9tk9-zcl2tcRFkiV1gcGe7FP529jQkSjMK8Ide0T30ZdlGQ7l6b0tuRoYFjoMnGQvl-14QYmSOHvHOqaVSD09KEMmQ4CllDMXZwCBfTRSkRfCTf33qSxm6aEdQcYA2mQD6tIVINuuCOelRhf-GkgfFFUkCM61PmlNm6JXLJgtUWsofaMQ4Yzpiw", alg: "RS256" })
[2m2025-03-25T07:54:58.938325Z[0m [32m INFO[0m [1mnode[0m[1m{[0m[3mname[0m[2m=[0mk#99f25ef6..[1m}[0m[2m:[0m [2msui_core::authority::authority_per_epoch_store[0m[2m:[0m [2mcrates/sui-core/src/authority/authority_per_epoch_store.rs[0m[2m:[0m[2m2388:[0m received jwk vote from k#addeef94.. for jwk (JwkId { iss: "https://login.onepassport.onefc.com/de3ee5c1-5644-4113-922d-e8336569a462/v2.0/", kid: "X-yzFPFMdWtJQ1oJXiGRVnn061ezrvZz596xN3mCfyQ" }, JWK { kty: "RSA", e: "AQAB", n: "t4ZoVgvyj7jKNq-ydYvgYVn5avBR9H4BQrKy2FWlR49siiMFWhxYXtPs7o4J6hhUgo00nk9pf-7rg7XnTiI7MFp2DluhWZK41YFfyGhDpbG9EImqvmy1N8poj5fid1lAjH2CfjtDyywgV84ViQ1hA5-noOrLhjb-zMZp_yKMSEeY_Ewx70jwhXevvrANKblNUFVJPQ7EI6_La-uALNBeQfu5OgPiMPiswhoQz0bhproUc7GiRxBw-9n72z3JU3HMy9mByrDnNfaZ13_Kmp9zgZYxynv5XXWJFGVHv3GZ_cDYg6OqahmrwMhT3GYTZ8JjMzZj4gH8MCCGPxde9SotKQ", alg: "RS256" })
[2m2025-03-25T07:54:58.938325Z[0m [32m INFO[0m [1mnode[0m[1m{[0m[3mname[0m[2m=[0mk#addeef94..[1m}[0m[2m:[0m [2msui_core::authority::authority_per_epoch_store[0m[2m:[0m [2mcrates/sui-core/src/authority/authority_per_epoch_store.rs[0m[2m:[0m[2m2388:[0m received jwk vote from k#addeef94.. for jwk (JwkId { iss: "https://login.onepassport.onefc.com/de3ee5c1-5644-4113-922d-e8336569a462/v2.0/", kid: "X-yzFPFMdWtJQ1oJXiGRVnn061ezrvZz596xN3mCfyQ" }, JWK { kty: "RSA", e: "AQAB", n: "t4ZoVgvyj7jKNq-ydYvgYVn5avBR9H4BQrKy2FWlR49siiMFWhxYXtPs7o4J6hhUgo00nk9pf-7rg7XnTiI7MFp2DluhWZK41YFfyGhDpbG9EImqvmy1N8poj5fid1lAjH2CfjtDyywgV84ViQ1hA5-noOrLhjb-zMZp_yKMSEeY_Ewx70jwhXevvrANKblNUFVJPQ7EI6_La-uALNBeQfu5OgPiMPiswhoQz0bhproUc7GiRxBw-9n72z3JU3HMy9mByrDnNfaZ13_Kmp9zgZYxynv5XXWJFGVHv3GZ_cDYg6OqahmrwMhT3GYTZ8JjMzZj4gH8MCCGPxde9SotKQ", alg: "RS256" })
[2m2025-03-25T07:54:58.938344Z[0m [32m INFO[0m [1mnode[0m[1m{[0m[3mname[0m[2m=[0mk#99f25ef6..[1m}[0m[2m:[0m [2msui_core::authority::authority_per_epoch_store[0m[2m:[0m [2mcrates/sui-core/src/authority/authority_per_epoch_store.rs[0m[2m:[0m[2m2425:[0m jwk became active [3mepoch[0m[2m=[0m1 [3mround[0m[2m=[0m4 [3mjwk[0m[2m=[0m(JwkId { iss: "https://login.onepassport.onefc.com/de3ee5c1-5644-4113-922d-e8336569a462/v2.0/", kid: "X-yzFPFMdWtJQ1oJXiGRVnn061ezrvZz596xN3mCfyQ" }, JWK { kty: "RSA", e: "AQAB", n: "t4ZoVgvyj7jKNq-ydYvgYVn5avBR9H4BQrKy2FWlR49siiMFWhxYXtPs7o4J6hhUgo00nk9pf-7rg7XnTiI7MFp2DluhWZK41YFfyGhDpbG9EImqvmy1N8poj5fid1lAjH2CfjtDyywgV84ViQ1hA5-noOrLhjb-zMZp_yKMSEeY_Ewx70jwhXevvrANKblNUFVJPQ7EI6_La-uALNBeQfu5OgPiMPiswhoQz0bhproUc7GiRxBw-9n72z3JU3HMy9mByrDnNfaZ13_Kmp9zgZYxynv5XXWJFGVHv3GZ_cDYg6OqahmrwMhT3GYTZ8JjMzZj4gH8MCCGPxde9SotKQ", alg: "RS256" })
[2m2025-03-25T07:54:58.938346Z[0m [32m INFO[0m [1mnode[0m[1m{[0m[3mname[0m[2m=[0mk#addeef94..[1m}[0m[2m:[0m [2msui_core::authority::authority_per_epoch_store[0m[2m:[0m [2mcrates/sui-core/src/authority/authority_per_epoch_store.rs[0m[2m:[0m[2m2425:[0m jwk became active [3mepoch[0m[2m=[0m1 [3mround[0m[2m=[0m4 [3mjwk[0m[2m=[0m(JwkId { iss: "https://login.onepassport.onefc.com/de3ee5c1-5644-4113-922d-e8336569a462/v2.0/", kid: "X-yzFPFMdWtJQ1oJXiGRVnn061ezrvZz596xN3mCfyQ" }, JWK { kty: "RSA", e: "AQAB", n: "t4ZoVgvyj7jKNq-ydYvgYVn5avBR9H4BQrKy2FWlR49siiMFWhxYXtPs7o4J6hhUgo00nk9pf-7rg7XnTiI7MFp2DluhWZK41YFfyGhDpbG9EImqvmy1N8poj5fid1lAjH2CfjtDyywgV84ViQ1hA5-noOrLhjb-zMZp_yKMSEeY_Ewx70jwhXevvrANKblNUFVJPQ7EI6_La-uALNBeQfu5OgPiMPiswhoQz0bhproUc7GiRxBw-9n72z3JU3HMy9mByrDnNfaZ13_Kmp9zgZYxynv5XXWJFGVHv3GZ_cDYg6OqahmrwMhT3GYTZ8JjMzZj4gH8MCCGPxde9SotKQ", alg: "RS256" })
[2m2025-03-25T07:54:58.938361Z[0m [32m INFO[0m [1mnode[0m[1m{[0m[3mname[0m[2m=[0mk#addeef94..[1m}[0m[2m:[0m [2msui_core::authority::authority_per_epoch_store[0m[2m:[0m [2mcrates/sui-core/src/authority/authority_per_epoch_store.rs[0m[2m:[0m[2m2388:[0m received jwk vote from k#addeef94.. for jwk (JwkId { iss: "https://oauth.sui.io", kid: "sui-key-id" }, JWK { kty: "RSA", e: "AQAB", n: "wdar6dBP7b88u6o190uXBK4yPS76OxFjiHDPwOyJwJiiAE3YRq8y_pfyQVua9nEasgrPfEBzVoC5QCld8NAC88uvbNKyoLZ6w5KlFjp88q2Sfy7nAzh3I-AnjsL6zl43NZrKep4_Nmb5nJeafcEi6B5MsYYDWW1Nn26O7ob9IWRNWcaTKhOhqDzbiN_66azN-NgaP_uHjlu1xuMV0kRt-luLSTXJS3S2n8PVNCxr3Gr2oViUpP8kSa-0i5vsg3gNtSfBY97AbChwOnyazj_PoaVD6zbEC4L5gvRZJA6vyoAWF_ZumvkwC3fxcFIBnSKMlGzS_Z-bUyQDCQy_BG9AOw", alg: "RS256" })
[2m2025-03-25T07:54:58.938362Z[0m [32m INFO[0m [1mnode[0m[1m{[0m[3mname[0m[2m=[0mk#99f25ef6..[1m}[0m[2m:[0m [2msui_core::authority::authority_per_epoch_store[0m[2m:[0m [2mcrates/sui-core/src/authority/authority_per_epoch_store.rs[0m[2m:[0m[2m2388:[0m received jwk vote from k#addeef94.. for jwk (JwkId { iss: "https://oauth.sui.io", kid: "sui-key-id" }, JWK { kty: "RSA", e: "AQAB", n: "wdar6dBP7b88u6o190uXBK4yPS76OxFjiHDPwOyJwJiiAE3YRq8y_pfyQVua9nEasgrPfEBzVoC5QCld8NAC88uvbNKyoLZ6w5KlFjp88q2Sfy7nAzh3I-AnjsL6zl43NZrKep4_Nmb5nJeafcEi6B5MsYYDWW1Nn26O7ob9IWRNWcaTKhOhqDzbiN_66azN-NgaP_uHjlu1xuMV0kRt-luLSTXJS3S2n8PVNCxr3Gr2oViUpP8kSa-0i5vsg3gNtSfBY97AbChwOnyazj_PoaVD6zbEC4L5gvRZJA6vyoAWF_ZumvkwC3fxcFIBnSKMlGzS_Z-bUyQDCQy_BG9AOw", alg: "RS256" })
[2m2025-03-25T07:54:58.938376Z[0m [32m INFO[0m [1mnode[0m[1m{[0m[3mname[0m[2m=[0mk#addeef94..[1m}[0m[2m:[0m [2msui_core::authority::authority_per_epoch_store[0m[2m:[0m [2mcrates/sui-core/src/authority/authority_per_epoch_store.rs[0m[2m:[0m[2m2425:[0m jwk became active [3mepoch[0m[2m=[0m1 [3mround[0m[2m=[0m4 [3mjwk[0m[2m=[0m(JwkId { iss: "https://oauth.sui.io", kid: "sui-key-id" }, JWK { kty: "RSA", e: "AQAB", n: "wdar6dBP7b88u6o190uXBK4yPS76OxFjiHDPwOyJwJiiAE3YRq8y_pfyQVua9nEasgrPfEBzVoC5QCld8NAC88uvbNKyoLZ6w5KlFjp88q2Sfy7nAzh3I-AnjsL6zl43NZrKep4_Nmb5nJeafcEi6B5MsYYDWW1Nn26O7ob9IWRNWcaTKhOhqDzbiN_66azN-NgaP_uHjlu1xuMV0kRt-luLSTXJS3S2n8PVNCxr3Gr2oViUpP8kSa-0i5vsg3gNtSfBY97AbChwOnyazj_PoaVD6zbEC4L5gvRZJA6vyoAWF_ZumvkwC3fxcFIBnSKMlGzS_Z-bUyQDCQy_BG9AOw", alg: "RS256" })
[2m2025-03-25T07:54:58.938377Z[0m [32m INFO[0m [1mnode[0m[1m{[0m[3mname[0m[2m=[0mk#99f25ef6..[1m}[0m[2m:[0m [2msui_core::authority::authority_per_epoch_store[0m[2m:[0m [2mcrates/sui-core/src/authority/authority_per_epoch_store.rs[0m[2m:[0m[2m2425:[0m jwk became active [3mepoch[0m[2m=[0m1 [3mround[0m[2m=[0m4 [3mjwk[0m[2m=[0m(JwkId { iss: "https://oauth.sui.io", kid: "sui-key-id" }, JWK { kty: "RSA", e: "AQAB", n: "wdar6dBP7b88u6o190uXBK4yPS76OxFjiHDPwOyJwJiiAE3YRq8y_pfyQVua9nEasgrPfEBzVoC5QCld8NAC88uvbNKyoLZ6w5KlFjp88q2Sfy7nAzh3I-AnjsL6zl43NZrKep4_Nmb5nJeafcEi6B5MsYYDWW1Nn26O7ob9IWRNWcaTKhOhqDzbiN_66azN-NgaP_uHjlu1xuMV0kRt-luLSTXJS3S2n8PVNCxr3Gr2oViUpP8kSa-0i5vsg3gNtSfBY97AbChwOnyazj_PoaVD6zbEC4L5gvRZJA6vyoAWF_ZumvkwC3fxcFIBnSKMlGzS_Z-bUyQDCQy_BG9AOw", alg: "RS256" })
[2m2025-03-25T07:54:58.938392Z[0m [32m INFO[0m [1mnode[0m[1m{[0m[3mname[0m[2m=[0mk#addeef94..[1m}[0m[2m:[0m [2msui_core::authority::authority_per_epoch_store[0m[2m:[0m [2mcrates/sui-core/src/authority/authority_per_epoch_store.rs[0m[2m:[0m[2m2388:[0m received jwk vote from k#addeef94.. for jwk (JwkId { iss: "https://slack.com", kid: "mB2MAyKSn555isd0EbdhKx6nkyAi9xLq8rvCEb_nOyY" }, JWK { kty: "RSA", e: "AQAB", n: "zQqzXfb677bpMKw0idKC5WkVLyqk04PWMsWYJDKqMUUuu_PmzdsvXBfHU7tcZiNoHDuVvGDqjqnkLPEzjXnaZY0DDDHvJKS0JI8fkxIfV1kNy3DkpQMMhgAwnftUiSXgb5clypOmotAEm59gHPYjK9JHBWoHS14NYEYZv9NVy0EkjauyYDSTz589aiKU5lA-cePG93JnqLw8A82kfTlrJ1IIJo2isyBGANr0YzR-d3b_5EvP7ivU7Ph2v5JcEUHeiLSRzIzP3PuyVFrPH659Deh-UAsDFOyJbIcimg9ITnk5_45sb_Xcd_UN6h5I7TGOAFaJN4oi4aaGD4elNi_K1Q", alg: "RS256" })
[2m2025-03-25T07:54:58.938392Z[0m [32m INFO[0m [1mnode[0m[1m{[0m[3mname[0m[2m=[0mk#99f25ef6..[1m}[0m[2m:[0m [2msui_core::authority::authority_per_epoch_store[0m[2m:[0m [2mcrates/sui-core/src/authority/authority_per_epoch_store.rs[0m[2m:[0m[2m2388:[0m received jwk vote from k#addeef94.. for jwk (JwkId { iss: "https://slack.com", kid: "mB2MAyKSn555isd0EbdhKx6nkyAi9xLq8rvCEb_nOyY" }, JWK { kty: "RSA", e: "AQAB", n: "zQqzXfb677bpMKw0idKC5WkVLyqk04PWMsWYJDKqMUUuu_PmzdsvXBfHU7tcZiNoHDuVvGDqjqnkLPEzjXnaZY0DDDHvJKS0JI8fkxIfV1kNy3DkpQMMhgAwnftUiSXgb5clypOmotAEm59gHPYjK9JHBWoHS14NYEYZv9NVy0EkjauyYDSTz589aiKU5lA-cePG93JnqLw8A82kfTlrJ1IIJo2isyBGANr0YzR-d3b_5EvP7ivU7Ph2v5JcEUHeiLSRzIzP3PuyVFrPH659Deh-UAsDFOyJbIcimg9ITnk5_45sb_Xcd_UN6h5I7TGOAFaJN4oi4aaGD4elNi_K1Q", alg: "RS256" })
[2m2025-03-25T07:54:58.938407Z[0m [32m INFO[0m [1mnode[0m[1m{[0m[3mname[0m[2m=[0mk#addeef94..[1m}[0m[2m:[0m [2msui_core::authority::authority_per_epoch_store[0m[2m:[0m [2mcrates/sui-core/src/authority/authority_per_epoch_store.rs[0m[2m:[0m[2m2425:[0m jwk became active [3mepoch[0m[2m=[0m1 [3mround[0m[2m=[0m4 [3mjwk[0m[2m=[0m(JwkId { iss: "https://slack.com", kid: "mB2MAyKSn555isd0EbdhKx6nkyAi9xLq8rvCEb_nOyY" }, JWK { kty: "RSA", e: "AQAB", n: "zQqzXfb677bpMKw0idKC5WkVLyqk04PWMsWYJDKqMUUuu_PmzdsvXBfHU7tcZiNoHDuVvGDqjqnkLPEzjXnaZY0DDDHvJKS0JI8fkxIfV1kNy3DkpQMMhgAwnftUiSXgb5clypOmotAEm59gHPYjK9JHBWoHS14NYEYZv9NVy0EkjauyYDSTz589aiKU5lA-cePG93JnqLw8A82kfTlrJ1IIJo2isyBGANr0YzR-d3b_5EvP7ivU7Ph2v5JcEUHeiLSRzIzP3PuyVFrPH659Deh-UAsDFOyJbIcimg9ITnk5_45sb_Xcd_UN6h5I7TGOAFaJN4oi4aaGD4elNi_K1Q", alg: "RS256" })
[2m2025-03-25T07:54:58.938407Z[0m [32m INFO[0m [1mnode[0m[1m{[0m[3mname[0m[2m=[0mk#99f25ef6..[1m}[0m[2m:[0m [2msui_core::authority::authority_per_epoch_store[0m[2m:[0m [2mcrates/sui-core/src/authority/authority_per_epoch_store.rs[0m[2m:[0m[2m2425:[0m jwk became active [3mepoch[0m[2m=[0m1 [3mround[0m[2m=[0m4 [3mjwk[0m[2m=[0m(JwkId { iss: "https://slack.com", kid: "mB2MAyKSn555isd0EbdhKx6nkyAi9xLq8rvCEb_nOyY" }, JWK { kty: "RSA", e: "AQAB", n: "zQqzXfb677bpMKw0idKC5WkVLyqk04PWMsWYJDKqMUUuu_PmzdsvXBfHU7tcZiNoHDuVvGDqjqnkLPEzjXnaZY0DDDHvJKS0JI8fkxIfV1kNy3DkpQMMhgAwnftUiSXgb5clypOmotAEm59gHPYjK9JHBWoHS14NYEYZv9NVy0EkjauyYDSTz589aiKU5lA-cePG93JnqLw8A82kfTlrJ1IIJo2isyBGANr0YzR-d3b_5EvP7ivU7Ph2v5JcEUHeiLSRzIzP3PuyVFrPH659Deh-UAsDFOyJbIcimg9ITnk5_45sb_Xcd_UN6h5I7TGOAFaJN4oi4aaGD4elNi_K1Q", alg: "RS256" })
[2m2025-03-25T07:54:58.938421Z[0m [32m INFO[0m [1mnode[0m[1m{[0m[3mname[0m[2m=[0mk#addeef94..[1m}[0m[2m:[0m [2msui_core::authority::authority_per_epoch_store[0m[2m:[0m [2mcrates/sui-core/src/authority/authority_per_epoch_store.rs[0m[2m:[0m[2m2388:[0m received jwk vote from k#addeef94.. for jwk (JwkId { iss: "https://cognito-idp.eu-west-3.amazonaws.com/eu-west-3_gGVCx53Es", kid: "JbFCSYl4Xp4UYEJHo7R0iwl/Xf3F5+z72stu8iH+QxY=" }, JWK { kty: "RSA", e: "AQAB", n: "o09QloKDInGEWvXK0aZr67RnfU9l0kmTOldGF8t36ExfBWNvRsTiTfn4VdetcJlIDrmxQSSP-2toXqQ7m1t4_idKNjkb7s1FsAtWy60mAfmyeMcGhegmxxxMtWJsk2hbY_oRuTPQEUDnTfnIMUL-oDmc_HmRNzYPrbCJolIWC2r2gkJ-q6jwGEujkaeoQq3wM_NTkeBO_rrCUngIUykbbczkMF8vELGewPgwqTjd9ZTTf08kUPF9IUtT-VyF0U-I1xrQrmU9opQ209I-Dk-ehxIHWN85nlLBxu0Krb9adSx_HDEOd00wNSQgPBkvCUPpVmC10UO7hHxzGSi7czrlsw", alg: "RS256" })
[2m2025-03-25T07:54:58.938422Z[0m [32m INFO[0m [1mnode[0m[1m{[0m[3mname[0m[2m=[0mk#99f25ef6..[1m}[0m[2m:[0m [2msui_core::authority::authority_per_epoch_store[0m[2m:[0m [2mcrates/sui-core/src/authority/authority_per_epoch_store.rs[0m[2m:[0m[2m2388:[0m received jwk vote from k#addeef94.. for jwk (JwkId { iss: "https://cognito-idp.eu-west-3.amazonaws.com/eu-west-3_gGVCx53Es", kid: "JbFCSYl4Xp4UYEJHo7R0iwl/Xf3F5+z72stu8iH+QxY=" }, JWK { kty: "RSA", e: "AQAB", n: "o09QloKDInGEWvXK0aZr67RnfU9l0kmTOldGF8t36ExfBWNvRsTiTfn4VdetcJlIDrmxQSSP-2toXqQ7m1t4_idKNjkb7s1FsAtWy60mAfmyeMcGhegmxxxMtWJsk2hbY_oRuTPQEUDnTfnIMUL-oDmc_HmRNzYPrbCJolIWC2r2gkJ-q6jwGEujkaeoQq3wM_NTkeBO_rrCUngIUykbbczkMF8vELGewPgwqTjd9ZTTf08kUPF9IUtT-VyF0U-I1xrQrmU9opQ209I-Dk-ehxIHWN85nlLBxu0Krb9adSx_HDEOd00wNSQgPBkvCUPpVmC10UO7hHxzGSi7czrlsw", alg: "RS256" })
[2m2025-03-25T07:54:58.938436Z[0m [32m INFO[0m [1mnode[0m[1m{[0m[3mname[0m[2m=[0mk#addeef94..[1m}[0m[2m:[0m [2msui_core::authority::authority_per_epoch_store[0m[2m:[0m [2mcrates/sui-core/src/authority/authority_per_epoch_store.rs[0m[2m:[0m[2m2425:[0m jwk became active [3mepoch[0m[2m=[0m1 [3mround[0m[2m=[0m4 [3mjwk[0m[2m=[0m(JwkId { iss: "https://cognito-idp.eu-west-3.amazonaws.com/eu-west-3_gGVCx53Es", kid: "JbFCSYl4Xp4UYEJHo7R0iwl/Xf3F5+z72stu8iH+QxY=" }, JWK { kty: "RSA", e: "AQAB", n: "o09QloKDInGEWvXK0aZr67RnfU9l0kmTOldGF8t36ExfBWNvRsTiTfn4VdetcJlIDrmxQSSP-2toXqQ7m1t4_idKNjkb7s1FsAtWy60mAfmyeMcGhegmxxxMtWJsk2hbY_oRuTPQEUDnTfnIMUL-oDmc_HmRNzYPrbCJolIWC2r2gkJ-q6jwGEujkaeoQq3wM_NTkeBO_rrCUngIUykbbczkMF8vELGewPgwqTjd9ZTTf08kUPF9IUtT-VyF0U-I1xrQrmU9opQ209I-Dk-ehxIHWN85nlLBxu0Krb9adSx_HDEOd00wNSQgPBkvCUPpVmC10UO7hHxzGSi7czrlsw", alg: "RS256" })
[2m2025-03-25T07:54:58.938437Z[0m [32m INFO[0m [1mnode[0m[1m{[0m[3mname[0m[2m=[0mk#99f25ef6..[1m}[0m[2m:[0m [2msui_core::authority::authority_per_epoch_store[0m[2m:[0m [2mcrates/sui-core/src/authority/authority_per_epoch_store.rs[0m[2m:[0m[2m2425:[0m jwk became active [3mepoch[0m[2m=[0m1 [3mround[0m[2m=[0m4 [3mjwk[0m[2m=[0m(JwkId { iss: "https://cognito-idp.eu-west-3.amazonaws.com/eu-west-3_gGVCx53Es", kid: "JbFCSYl4Xp4UYEJHo7R0iwl/Xf3F5+z72stu8iH+QxY=" }, JWK { kty: "RSA", e: "AQAB", n: "o09QloKDInGEWvXK0aZr67RnfU9l0kmTOldGF8t36ExfBWNvRsTiTfn4VdetcJlIDrmxQSSP-2toXqQ7m1t4_idKNjkb7s1FsAtWy60mAfmyeMcGhegmxxxMtWJsk2hbY_oRuTPQEUDnTfnIMUL-oDmc_HmRNzYPrbCJolIWC2r2gkJ-q6jwGEujkaeoQq3wM_NTkeBO_rrCUngIUykbbczkMF8vELGewPgwqTjd9ZTTf08kUPF9IUtT-VyF0U-I1xrQrmU9opQ209I-Dk-ehxIHWN85nlLBxu0Krb9adSx_HDEOd00wNSQgPBkvCUPpVmC10UO7hHxzGSi7czrlsw", alg: "RS256" })
[2m2025-03-25T07:54:58.938450Z[0m [32m INFO[0m [1mnode[0m[1m{[0m[3mname[0m[2m=[0mk#addeef94..[1m}[0m[2m:[0m [2msui_core::authority::authority_per_epoch_store[0m[2m:[0m [2mcrates/sui-core/src/authority/authority_per_epoch_store.rs[0m[2m:[0m[2m2388:[0m received jwk vote from k#addeef94.. for jwk (JwkId { iss: "https://cognito-idp.eu-west-3.amazonaws.com/eu-west-3_gGVCx53Es", kid: "FIqQqeRU1EQP75fBeds+wL2yczwvbDy1NF6T/f5Oe5o=" }, JWK { kty: "RSA", e: "AQAB", n: "va55QtSTFhvqx0IL8UAPNZf6x5NO9jK88Wyct-i67grbDJZyXLSxz5oSttoIHkaJZQWgl_qsgyxDpHeSMznliS0K7rXFwaw81PwDIB_ek8uKhXmaQ6ryPAaO-8kvR46o-EYyVk9wWPDHTtN6NEbiUxGoDqOoiVCrVJLsFdoia7-MMVJnR2VokbEgGGbJkZu2MipikQvk_b7BGF__5mKvCJc6hCEJcxIUFvETKA9AOhjgxLvE9U8Ke6XRfmDLKovDAsDaZsWP6VPN0HoBi5mak9CgUqmxwnvNJFLhpjawD9E23O_l4aBcie56eFcC_knUa2VOHymBoJ0On3p03yxs7Q", alg: "RS256" })
[2m2025-03-25T07:54:58.938451Z[0m [32m INFO[0m [1mnode[0m[1m{[0m[3mname[0m[2m=[0mk#99f25ef6..[1m}[0m[2m:[0m [2msui_core::authority::authority_per_epoch_store[0m[2m:[0m [2mcrates/sui-core/src/authority/authority_per_epoch_store.rs[0m[2m:[0m[2m2388:[0m received jwk vote from k#addeef94.. for jwk (JwkId { iss: "https://cognito-idp.eu-west-3.amazonaws.com/eu-west-3_gGVCx53Es", kid: "FIqQqeRU1EQP75fBeds+wL2yczwvbDy1NF6T/f5Oe5o=" }, JWK { kty: "RSA", e: "AQAB", n: "va55QtSTFhvqx0IL8UAPNZf6x5NO9jK88Wyct-i67grbDJZyXLSxz5oSttoIHkaJZQWgl_qsgyxDpHeSMznliS0K7rXFwaw81PwDIB_ek8uKhXmaQ6ryPAaO-8kvR46o-EYyVk9wWPDHTtN6NEbiUxGoDqOoiVCrVJLsFdoia7-MMVJnR2VokbEgGGbJkZu2MipikQvk_b7BGF__5mKvCJc6hCEJcxIUFvETKA9AOhjgxLvE9U8Ke6XRfmDLKovDAsDaZsWP6VPN0HoBi5mak9CgUqmxwnvNJFLhpjawD9E23O_l4aBcie56eFcC_knUa2VOHymBoJ0On3p03yxs7Q", alg: "RS256" })
[2m2025-03-25T07:54:58.938467Z[0m [32m INFO[0m [1mnode[0m[1m{[0m[3mname[0m[2m=[0mk#addeef94..[1m}[0m[2m:[0m [2msui_core::authority::authority_per_epoch_store[0m[2m:[0m [2mcrates/sui-core/src/authority/authority_per_epoch_store.rs[0m[2m:[0m[2m2425:[0m jwk became active [3mepoch[0m[2m=[0m1 [3mround[0m[2m=[0m4 [3mjwk[0m[2m=[0m(JwkId { iss: "https://cognito-idp.eu-west-3.amazonaws.com/eu-west-3_gGVCx53Es", kid: "FIqQqeRU1EQP75fBeds+wL2yczwvbDy1NF6T/f5Oe5o=" }, JWK { kty: "RSA", e: "AQAB", n: "va55QtSTFhvqx0IL8UAPNZf6x5NO9jK88Wyct-i67grbDJZyXLSxz5oSttoIHkaJZQWgl_qsgyxDpHeSMznliS0K7rXFwaw81PwDIB_ek8uKhXmaQ6ryPAaO-8kvR46o-EYyVk9wWPDHTtN6NEbiUxGoDqOoiVCrVJLsFdoia7-MMVJnR2VokbEgGGbJkZu2MipikQvk_b7BGF__5mKvCJc6hCEJcxIUFvETKA9AOhjgxLvE9U8Ke6XRfmDLKovDAsDaZsWP6VPN0HoBi5mak9CgUqmxwnvNJFLhpjawD9E23O_l4aBcie56eFcC_knUa2VOHymBoJ0On3p03yxs7Q", alg: "RS256" })
[2m2025-03-25T07:54:58.938468Z[0m [32m INFO[0m [1mnode[0m[1m{[0m[3mname[0m[2m=[0mk#99f25ef6..[1m}[0m[2m:[0m [2msui_core::authority::authority_per_epoch_store[0m[2m:[0m [2mcrates/sui-core/src/authority/authority_per_epoch_store.rs[0m[2m:[0m[2m2425:[0m jwk became active [3mepoch[0m[2m=[0m1 [3mround[0m[2m=[0m4 [3mjwk[0m[2m=[0m(JwkId { iss: "https://cognito-idp.eu-west-3.amazonaws.com/eu-west-3_gGVCx53Es", kid: "FIqQqeRU1EQP75fBeds+wL2yczwvbDy1NF6T/f5Oe5o=" }, JWK { kty: "RSA", e: "AQAB", n: "va55QtSTFhvqx0IL8UAPNZf6x5NO9jK88Wyct-i67grbDJZyXLSxz5oSttoIHkaJZQWgl_qsgyxDpHeSMznliS0K7rXFwaw81PwDIB_ek8uKhXmaQ6ryPAaO-8kvR46o-EYyVk9wWPDHTtN6NEbiUxGoDqOoiVCrVJLsFdoia7-MMVJnR2VokbEgGGbJkZu2MipikQvk_b7BGF__5mKvCJc6hCEJcxIUFvETKA9AOhjgxLvE9U8Ke6XRfmDLKovDAsDaZsWP6VPN0HoBi5mak9CgUqmxwnvNJFLhpjawD9E23O_l4aBcie56eFcC_knUa2VOHymBoJ0On3p03yxs7Q", alg: "RS256" })
[2m2025-03-25T07:54:58.938482Z[0m [32m INFO[0m [1mnode[0m[1m{[0m[3mname[0m[2m=[0mk#addeef94..[1m}[0m[2m:[0m [2msui_core::authority::authority_per_epoch_store[0m[2m:[0m [2mcrates/sui-core/src/authority/authority_per_epoch_store.rs[0m[2m:[0m[2m2388:[0m received jwk vote from k#addeef94.. for jwk (JwkId { iss: "https://accounts.fantv.world", kid: "PODsfgAn4twvCLjNt9QmEEiAcCa3Z6C10LxrDxvi3bA" }, JWK { kty: "RSA", e: "AQAB", n: "z9Y8JtahOmbujGwGCe9tT24ur_AuJqNMdWPA6TXia4EDR8iQMrw_DxY3gBDrNqM9ml2NLkO3jo-OI78fl0RbuKepUCko-E2lB0If95L1xB2pWmUpqO8Pa7IilX4oO7h_o_mpUYXoC0wEocJyIjBRWtjqMkM6LhF9tk9-zcl2tcRFkiV1gcGe7FP529jQkSjMK8Ide0T30ZdlGQ7l6b0tuRoYFjoMnGQvl-14QYmSOHvHOqaVSD09KEMmQ4CllDMXZwCBfTRSkRfCTf33qSxm6aEdQcYA2mQD6tIVINuuCOelRhf-GkgfFFUkCM61PmlNm6JXLJgtUWsofaMQ4Yzpiw", alg: "RS256" })
[2m2025-03-25T07:54:58.938482Z[0m [32m INFO[0m [1mnode[0m[1m{[0m[3mname[0m[2m=[0mk#99f25ef6..[1m}[0m[2m:[0m [2msui_core::authority::authority_per_epoch_store[0m[2m:[0m [2mcrates/sui-core/src/authority/authority_per_epoch_store.rs[0m[2m:[0m[2m2388:[0m received jwk vote from k#addeef94.. for jwk (JwkId { iss: "https://accounts.fantv.world", kid: "PODsfgAn4twvCLjNt9QmEEiAcCa3Z6C10LxrDxvi3bA" }, JWK { kty: "RSA", e: "AQAB", n: "z9Y8JtahOmbujGwGCe9tT24ur_AuJqNMdWPA6TXia4EDR8iQMrw_DxY3gBDrNqM9ml2NLkO3jo-OI78fl0RbuKepUCko-E2lB0If95L1xB2pWmUpqO8Pa7IilX4oO7h_o_mpUYXoC0wEocJyIjBRWtjqMkM6LhF9tk9-zcl2tcRFkiV1gcGe7FP529jQkSjMK8Ide0T30ZdlGQ7l6b0tuRoYFjoMnGQvl-14QYmSOHvHOqaVSD09KEMmQ4CllDMXZwCBfTRSkRfCTf33qSxm6aEdQcYA2mQD6tIVINuuCOelRhf-GkgfFFUkCM61PmlNm6JXLJgtUWsofaMQ4Yzpiw", alg: "RS256" })
[2m2025-03-25T07:54:58.938501Z[0m [32m INFO[0m [1mnode[0m[1m{[0m[3mname[0m[2m=[0mk#addeef94..[1m}[0m[2m:[0m [2msui_core::authority::authority_per_epoch_store[0m[2m:[0m [2mcrates/sui-core/src/authority/authority_per_epoch_store.rs[0m[2m:[0m[2m2425:[0m jwk became active [3mepoch[0m[2m=[0m1 [3mround[0m[2m=[0m4 [3mjwk[0m[2m=[0m(JwkId { iss: "https://accounts.fantv.world", kid: "PODsfgAn4twvCLjNt9QmEEiAcCa3Z6C10LxrDxvi3bA" }, JWK { kty: "RSA", e: "AQAB", n: "z9Y8JtahOmbujGwGCe9tT24ur_AuJqNMdWPA6TXia4EDR8iQMrw_DxY3gBDrNqM9ml2NLkO3jo-OI78fl0RbuKepUCko-E2lB0If95L1xB2pWmUpqO8Pa7IilX4oO7h_o_mpUYXoC0wEocJyIjBRWtjqMkM6LhF9tk9-zcl2tcRFkiV1gcGe7FP529jQkSjMK8Ide0T30ZdlGQ7l6b0tuRoYFjoMnGQvl-14QYmSOHvHOqaVSD09KEMmQ4CllDMXZwCBfTRSkRfCTf33qSxm6aEdQcYA2mQD6tIVINuuCOelRhf-GkgfFFUkCM61PmlNm6JXLJgtUWsofaMQ4Yzpiw", alg: "RS256" })
[2m2025-03-25T07:54:58.938501Z[0m [32m INFO[0m [1mnode[0m[1m{[0m[3mname[0m[2m=[0mk#99f25ef6..[1m}[0m[2m:[0m [2msui_core::authority::authority_per_epoch_store[0m[2m:[0m [2mcrates/sui-core/src/authority/authority_per_epoch_store.rs[0m[2m:[0m[2m2425:[0m jwk became active [3mepoch[0m[2m=[0m1 [3mround[0m[2m=[0m4 [3mjwk[0m[2m=[0m(JwkId { iss: "https://accounts.fantv.world", kid: "PODsfgAn4twvCLjNt9QmEEiAcCa3Z6C10LxrDxvi3bA" }, JWK { kty: "RSA", e: "AQAB", n: "z9Y8JtahOmbujGwGCe9tT24ur_AuJqNMdWPA6TXia4EDR8iQMrw_DxY3gBDrNqM9ml2NLkO3jo-OI78fl0RbuKepUCko-E2lB0If95L1xB2pWmUpqO8Pa7IilX4oO7h_o_mpUYXoC0wEocJyIjBRWtjqMkM6LhF9tk9-zcl2tcRFkiV1gcGe7FP529jQkSjMK8Ide0T30ZdlGQ7l6b0tuRoYFjoMnGQvl-14QYmSOHvHOqaVSD09KEMmQ4CllDMXZwCBfTRSkRfCTf33qSxm6aEdQcYA2mQD6tIVINuuCOelRhf-GkgfFFUkCM61PmlNm6JXLJgtUWsofaMQ4Yzpiw", alg: "RS256" })
[2m2025-03-25T07:54:58.938627Z[0m [32m INFO[0m [1mnode[0m[1m{[0m[3mname[0m[2m=[0mk#99f25ef6..[1m}[0m[2m:[0m [2msui_core::authority::authority_per_epoch_store[0m[2m:[0m [2mcrates/sui-core/src/authority/authority_per_epoch_store.rs[0m[2m:[0m[2m2388:[0m received jwk vote from k#addeef94.. for jwk (JwkId { iss: "https://login.microsoftonline.com/v2.0", kid: "JDNa_4i4r7FgigL3sHIlI3xV-IU" }, JWK { kty: "RSA", e: "AQAB", n: "iQ745_U-vjkxPblaw6phBpe08fC42mpcrS4pcr15HiyZQyQV-BFcEVyLwPdsz3ulMRN7OB_UMfCcPBHqOjguejoab6hyJFVVMw_epP4a3SpQN9qaCbnqaSxgSGiqSq663g3TjsF_Wu1m9L41eNoF6Yvh5kULMd6lqjY0LPO5ZZxaQFLtIHahoJKMvYy1BTS0VYcNsXTjxkgUEL6Vc8GV5vaClbnY3VA2hLbXC1SGJWjVGdYXhkuck2tHr58u87MPEaQ33C6YfyISZKsdumF5bTCcIH75jjC3WbMVOLgWg5w0MSiHOFyI76Ihxbb0nRicEuao0WzO9AS7HJ7L24FHFQ", alg: "RS256" })
[2m2025-03-25T07:54:58.938635Z[0m [32m INFO[0m [1mnode[0m[1m{[0m[3mname[0m[2m=[0mk#addeef94..[1m}[0m[2m:[0m [2msui_core::authority::authority_per_epoch_store[0m[2m:[0m [2mcrates/sui-core/src/authority/authority_per_epoch_store.rs[0m[2m:[0m[2m2388:[0m received jwk vote from k#addeef94.. for jwk (JwkId { iss: "https://login.microsoftonline.com/v2.0", kid: "JDNa_4i4r7FgigL3sHIlI3xV-IU" }, JWK { kty: "RSA", e: "AQAB", n: "iQ745_U-vjkxPblaw6phBpe08fC42mpcrS4pcr15HiyZQyQV-BFcEVyLwPdsz3ulMRN7OB_UMfCcPBHqOjguejoab6hyJFVVMw_epP4a3SpQN9qaCbnqaSxgSGiqSq663g3TjsF_Wu1m9L41eNoF6Yvh5kULMd6lqjY0LPO5ZZxaQFLtIHahoJKMvYy1BTS0VYcNsXTjxkgUEL6Vc8GV5vaClbnY3VA2hLbXC1SGJWjVGdYXhkuck2tHr58u87MPEaQ33C6YfyISZKsdumF5bTCcIH75jjC3WbMVOLgWg5w0MSiHOFyI76Ihxbb0nRicEuao0WzO9AS7HJ7L24FHFQ", alg: "RS256" })
[2m2025-03-25T07:54:58.938648Z[0m [32m INFO[0m [1mnode[0m[1m{[0m[3mname[0m[2m=[0mk#99f25ef6..[1m}[0m[2m:[0m [2msui_core::authority::authority_per_epoch_store[0m[2m:[0m [2mcrates/sui-core/src/authority/authority_per_epoch_store.rs[0m[2m:[0m[2m2388:[0m received jwk vote from k#addeef94.. for jwk (JwkId { iss: "https://login.microsoftonline.com/v2.0", kid: "JYhSOsHhDZrc5kfqQg8ujkHMTNY" }, JWK { kty: "RSA", e: "AQAB", n: "xxMRcusywRId_dJR_edc-qe_M3vhXONCz7QDhjVfoqHWbt9lQCXCVIsIo9VJI1nGT1F6NkXEIBt462x2p1w2cgf4AF86dGhbTpR-k81WLR5gNjkhpPqB1PCitichVIKbHAvOyYEAaJnEyCiJqIlU_Zg5L5FzRqv_N_3-fhYvWK0pc3m1Ohyd2kNRg1Nbcp5ogt7mBjec7MErfi-N0o54vXfsK6hM2m7h0sZwVd4CxgPqnpBtm2htM9xaKpnwkYoEL3va3bPI1VGGp9QLZwMV6RAHOy_ORpz4xarG-z7lZUCLO0X1So05rn7w5edBmfblUQlPL3BljbUVB3abd9SNXw", alg: "RS256" })
[2m2025-03-25T07:54:58.938655Z[0m [32m INFO[0m [1mnode[0m[1m{[0m[3mname[0m[2m=[0mk#addeef94..[1m}[0m[2m:[0m [2msui_core::authority::authority_per_epoch_store[0m[2m:[0m [2mcrates/sui-core/src/authority/authority_per_epoch_store.rs[0m[2m:[0m[2m2388:[0m received jwk vote from k#addeef94.. for jwk (JwkId { iss: "https://login.microsoftonline.com/v2.0", kid: "JYhSOsHhDZrc5kfqQg8ujkHMTNY" }, JWK { kty: "RSA", e: "AQAB", n: "xxMRcusywRId_dJR_edc-qe_M3vhXONCz7QDhjVfoqHWbt9lQCXCVIsIo9VJI1nGT1F6NkXEIBt462x2p1w2cgf4AF86dGhbTpR-k81WLR5gNjkhpPqB1PCitichVIKbHAvOyYEAaJnEyCiJqIlU_Zg5L5FzRqv_N_3-fhYvWK0pc3m1Ohyd2kNRg1Nbcp5ogt7mBjec7MErfi-N0o54vXfsK6hM2m7h0sZwVd4CxgPqnpBtm2htM9xaKpnwkYoEL3va3bPI1VGGp9QLZwMV6RAHOy_ORpz4xarG-z7lZUCLO0X1So05rn7w5edBmfblUQlPL3BljbUVB3abd9SNXw", alg: "RS256" })
[2m2025-03-25T07:54:58.938678Z[0m [32m INFO[0m [1mnode[0m[1m{[0m[3mname[0m[2m=[0mk#99f25ef6..[1m}[0m[2m:[0m [2msui_core::authority::authority_per_epoch_store[0m[2m:[0m [2mcrates/sui-core/src/authority/authority_per_epoch_store.rs[0m[2m:[0m[2m2388:[0m received jwk vote from k#addeef94.. for jwk (JwkId { iss: "https://login.microsoftonline.com/v2.0", kid: "CNv0OI3RwqlHFEVnaoMAshCH2XE" }, JWK { kty: "RSA", e: "AQAB", n: "hz6fUSCSAuiyQz6L1nQj4za8kItevJzxhVbecMigTIl9pXZSHZa3gzMgtapnb1q96CG5qvR78dH6ZvTKL8MzN4VfGgZhvLEv5LJKeo0tGgBIS65wxIiJYj9ExEDqFkw9RdhW1nN8IN9eO76PbC-fdEPtDekA2BaITY2DARISKN4Ke0RLBEWNrKeEjjOzrygS2e3Q9NVzE51ZGGQAGHau7atHy8M_qA1nnd2dMUgUMnEYIMzDBTSKz17G6itJOdanGvG3wXvdpndKffnDppaPkyWbnybdMI4IP7q6WsCqnt3Gtg-baG6GDqZQQEBp9C9gLAFv4ORTRlpD3w0gCMh7xw", alg: "RS256" })
[2m2025-03-25T07:54:58.938685Z[0m [32m INFO[0m [1mnode[0m[1m{[0m[3mname[0m[2m=[0mk#addeef94..[1m}[0m[2m:[0m [2msui_core::authority::authority_per_epoch_store[0m[2m:[0m [2mcrates/sui-core/src/authority/authority_per_epoch_store.rs[0m[2m:[0m[2m2388:[0m received jwk vote from k#addeef94.. for jwk (JwkId { iss: "https://login.microsoftonline.com/v2.0", kid: "CNv0OI3RwqlHFEVnaoMAshCH2XE" }, JWK { kty: "RSA", e: "AQAB", n: "hz6fUSCSAuiyQz6L1nQj4za8kItevJzxhVbecMigTIl9pXZSHZa3gzMgtapnb1q96CG5qvR78dH6ZvTKL8MzN4VfGgZhvLEv5LJKeo0tGgBIS65wxIiJYj9ExEDqFkw9RdhW1nN8IN9eO76PbC-fdEPtDekA2BaITY2DARISKN4Ke0RLBEWNrKeEjjOzrygS2e3Q9NVzE51ZGGQAGHau7atHy8M_qA1nnd2dMUgUMnEYIMzDBTSKz17G6itJOdanGvG3wXvdpndKffnDppaPkyWbnybdMI4IP7q6WsCqnt3Gtg-baG6GDqZQQEBp9C9gLAFv4ORTRlpD3w0gCMh7xw", alg: "RS256" })
[2m2025-03-25T07:54:58.938706Z[0m [32m INFO[0m [1mnode[0m[1m{[0m[3mname[0m[2m=[0mk#99f25ef6..[1m}[0m[2m:[0m [2msui_core::authority::authority_per_epoch_store[0m[2m:[0m [2mcrates/sui-core/src/authority/authority_per_epoch_store.rs[0m[2m:[0m[2m2388:[0m received jwk vote from k#addeef94.. for jwk (JwkId { iss: "https://login.microsoftonline.com/v2.0", kid: "PoVKeirIOvmTyLQ9G9BenBwos7k" }, JWK { kty: "RSA", e: "AQAB", n: "ruYyUq1ElSb8QCCt0XWWRSFpUq0JkyfEvvlCa4fPDi0GZbSGgJg3qYa0co2RsBIYHczXkc71kHVpktySAgYK1KMK264e-s7Vymeq-ypHEDpRsaWric_kKEIvKZzRsyUBUWf0CUhtuUvAbDTuaFnQ4g5lfoa7u3vtsv1za5Gmn6DUPirrL_-xqijP9IsHGUKaTmB4M_qnAu6vUHCpXZnN0YTJDoK7XrVJFaKj8RrTdJB89GFJeTFHA2OX472ToyLdCDn5UatYwmht62nXGlH7_G1kW1YMpeSSwzpnMEzUUk7A8UXrvFTHXEpfXhsv0LA59dm9Hi1mIXaOe1w-icA_rQ", alg: "RS256" })
[2m2025-03-25T07:54:58.938708Z[0m [32m INFO[0m [1mnode[0m[1m{[0m[3mname[0m[2m=[0mk#addeef94..[1m}[0m[2m:[0m [2msui_core::authority::authority_per_epoch_store[0m[2m:[0m [2mcrates/sui-core/src/authority/authority_per_epoch_store.rs[0m[2m:[0m[2m2388:[0m received jwk vote from k#addeef94.. for jwk (JwkId { iss: "https://login.microsoftonline.com/v2.0", kid: "PoVKeirIOvmTyLQ9G9BenBwos7k" }, JWK { kty: "RSA", e: "AQAB", n: "ruYyUq1ElSb8QCCt0XWWRSFpUq0JkyfEvvlCa4fPDi0GZbSGgJg3qYa0co2RsBIYHczXkc71kHVpktySAgYK1KMK264e-s7Vymeq-ypHEDpRsaWric_kKEIvKZzRsyUBUWf0CUhtuUvAbDTuaFnQ4g5lfoa7u3vtsv1za5Gmn6DUPirrL_-xqijP9IsHGUKaTmB4M_qnAu6vUHCpXZnN0YTJDoK7XrVJFaKj8RrTdJB89GFJeTFHA2OX472ToyLdCDn5UatYwmht62nXGlH7_G1kW1YMpeSSwzpnMEzUUk7A8UXrvFTHXEpfXhsv0LA59dm9Hi1mIXaOe1w-icA_rQ", alg: "RS256" })
[2m2025-03-25T07:54:58.938726Z[0m [32m INFO[0m [1mnode[0m[1m{[0m[3mname[0m[2m=[0mk#99f25ef6..[1m}[0m[2m:[0m [2msui_core::authority::authority_per_epoch_store[0m[2m:[0m [2mcrates/sui-core/src/authority/authority_per_epoch_store.rs[0m[2m:[0m[2m2388:[0m received jwk vote from k#addeef94.. for jwk (JwkId { iss: "https://login.microsoftonline.com/v2.0", kid: "-cgAvjmmQ24Ks20zIpDB4SW894w" }, JWK { kty: "RSA", e: "AQAB", n: "otM7AZjL81wdSVdrkQtt6shrQiAT8OZJeIKTeRJgrDYXKzaVXs0WFXVCjCv9GuCktF-tereotfZlcskamfuupe574o76CJy6AUtuY7wt0OKqxoSJMRuUJvA_NNkT50C_dTDHTtF7kiGBwWvHEkHeZAgT52E8bfNJswV28GsPscM9vG2ylUPyiaEIsGi0cg_JllbnfBjGhfA_lzmrB9Iw75E3f1Hnk2uAs1KcHJGSH3EwHJ5tUeo9WtLGjRAfH1kGtPjkktNaw3V8EukEzgIfILV8udpWYE79A_p5jFUnTNkQxsviNxG537JMooa1ZoYveDv_f6LCj1o7MNZQVlD3tw", alg: "RS256" })
[2m2025-03-25T07:54:58.938727Z[0m [32m INFO[0m [1mnode[0m[1m{[0m[3mname[0m[2m=[0mk#addeef94..[1m}[0m[2m:[0m [2msui_core::authority::authority_per_epoch_store[0m[2m:[0m [2mcrates/sui-core/src/authority/authority_per_epoch_store.rs[0m[2m:[0m[2m2388:[0m received jwk vote from k#addeef94.. for jwk (JwkId { iss: "https://login.microsoftonline.com/v2.0", kid: "-cgAvjmmQ24Ks20zIpDB4SW894w" }, JWK { kty: "RSA", e: "AQAB", n: "otM7AZjL81wdSVdrkQtt6shrQiAT8OZJeIKTeRJgrDYXKzaVXs0WFXVCjCv9GuCktF-tereotfZlcskamfuupe574o76CJy6AUtuY7wt0OKqxoSJMRuUJvA_NNkT50C_dTDHTtF7kiGBwWvHEkHeZAgT52E8bfNJswV28GsPscM9vG2ylUPyiaEIsGi0cg_JllbnfBjGhfA_lzmrB9Iw75E3f1Hnk2uAs1KcHJGSH3EwHJ5tUeo9WtLGjRAfH1kGtPjkktNaw3V8EukEzgIfILV8udpWYE79A_p5jFUnTNkQxsviNxG537JMooa1ZoYveDv_f6LCj1o7MNZQVlD3tw", alg: "RS256" })
[2m2025-03-25T07:54:58.938744Z[0m [32m INFO[0m [1mnode[0m[1m{[0m[3mname[0m[2m=[0mk#99f25ef6..[1m}[0m[2m:[0m [2msui_core::authority::authority_per_epoch_store[0m[2m:[0m [2mcrates/sui-core/src/authority/authority_per_epoch_store.rs[0m[2m:[0m[2m2388:[0m received jwk vote from k#addeef94.. for jwk (JwkId { iss: "https://login.microsoftonline.com/v2.0", kid: "dd55f7QP3HZky-ekQBDWKe7ADN0" }, JWK { kty: "RSA", e: "AQAB", n: "s950MOniBjjiB82Zx5FehPuYJKtguUAP5vpMNZ6JxYLGzn5h3FPplx0kkPEezg7dnH-sFxGwq_C7P14ja0YmHUkmozqdbg4GRS8xp9Ue0-KWs4BTTkXvMPnc3xBU6be4SmHK-c7A0E54YfokiY1KTRCaq_RRPDlVZJuc6s6rK4nRoPo0eOCj7H4b--QnKmPXiFSPNp40NC7FRfx9m7SYSltubIDzq1f4j2Qlrv90f2kT5DP81_2DGdHZ_ao7ypPX2_z_m4ycQgfAhIYhNHRai6iGtbU6NPkw38LS29bVbGycVCaBoq6_re8k_UiOM7gP9l96QDFnkMmNhpRxT7t34w", alg: "RS256" })
[2m2025-03-25T07:54:58.938746Z[0m [32m INFO[0m [1mnode[0m[1m{[0m[3mname[0m[2m=[0mk#addeef94..[1m}[0m[2m:[0m [2msui_core::authority::authority_per_epoch_store[0m[2m:[0m [2mcrates/sui-core/src/authority/authority_per_epoch_store.rs[0m[2m:[0m[2m2388:[0m received jwk vote from k#addeef94.. for jwk (JwkId { iss: "https://login.microsoftonline.com/v2.0", kid: "dd55f7QP3HZky-ekQBDWKe7ADN0" }, JWK { kty: "RSA", e: "AQAB", n: "s950MOniBjjiB82Zx5FehPuYJKtguUAP5vpMNZ6JxYLGzn5h3FPplx0kkPEezg7dnH-sFxGwq_C7P14ja0YmHUkmozqdbg4GRS8xp9Ue0-KWs4BTTkXvMPnc3xBU6be4SmHK-c7A0E54YfokiY1KTRCaq_RRPDlVZJuc6s6rK4nRoPo0eOCj7H4b--QnKmPXiFSPNp40NC7FRfx9m7SYSltubIDzq1f4j2Qlrv90f2kT5DP81_2DGdHZ_ao7ypPX2_z_m4ycQgfAhIYhNHRai6iGtbU6NPkw38LS29bVbGycVCaBoq6_re8k_UiOM7gP9l96QDFnkMmNhpRxT7t34w", alg: "RS256" })
[2m2025-03-25T07:54:58.938767Z[0m [32m INFO[0m [1mnode[0m[1m{[0m[3mname[0m[2m=[0mk#addeef94..[1m}[0m[2m:[0m [2msui_core::authority::authority_per_epoch_store[0m[2m:[0m [2mcrates/sui-core/src/authority/authority_per_epoch_store.rs[0m[2m:[0m[2m2388:[0m received jwk vote from k#addeef94.. for jwk (JwkId { iss: "https://login.microsoftonline.com/v2.0", kid: "ntzdbvo449IBJV0Yy_T--gOiPI8" }, JWK { kty: "RSA", e: "AQAB", n: "uYmKqopaxMNlFJ3QUgTM6TcWvR00WVPs4sCAl5Inr5tCIWbqC1IzVt74_eGPw9OypfM4YpEfAz5czFWgRRVcRQYNwDWSAXTSh-vkqK2meW4HQp7W33NCoz_kZ6JR-xwWJZCOtQa0RNwNTVuHTL2dyJo6DUShxVPtG6c8sV4gFCEz0moHBrf5njywV0GGkQgYe98GeCL3Mv2kx4WVf0pHkSELJfW5JN6jvD_05fY_g3LKsXqXm9u1cS39K4iULFVeeoz5jBMKl5h6w3lqSeBtzmqHpw6YVxcDu_bRUd_rqZUvTaZUgS_EfpOpOicaQN--90nzp4givQYEvWtDBtan5Q", alg: "RS256" })
[2m2025-03-25T07:54:58.938767Z[0m [32m INFO[0m [1mnode[0m[1m{[0m[3mname[0m[2m=[0mk#99f25ef6..[1m}[0m[2m:[0m [2msui_core::authority::authority_per_epoch_store[0m[2m:[0m [2mcrates/sui-core/src/authority/authority_per_epoch_store.rs[0m[2m:[0m[2m2388:[0m received jwk vote from k#addeef94.. for jwk (JwkId { iss: "https://login.microsoftonline.com/v2.0", kid: "ntzdbvo449IBJV0Yy_T--gOiPI8" }, JWK { kty: "RSA", e: "AQAB", n: "uYmKqopaxMNlFJ3QUgTM6TcWvR00WVPs4sCAl5Inr5tCIWbqC1IzVt74_eGPw9OypfM4YpEfAz5czFWgRRVcRQYNwDWSAXTSh-vkqK2meW4HQp7W33NCoz_kZ6JR-xwWJZCOtQa0RNwNTVuHTL2dyJo6DUShxVPtG6c8sV4gFCEz0moHBrf5njywV0GGkQgYe98GeCL3Mv2kx4WVf0pHkSELJfW5JN6jvD_05fY_g3LKsXqXm9u1cS39K4iULFVeeoz5jBMKl5h6w3lqSeBtzmqHpw6YVxcDu_bRUd_rqZUvTaZUgS_EfpOpOicaQN--90nzp4givQYEvWtDBtan5Q", alg: "RS256" })
[2m2025-03-25T07:54:58.938791Z[0m [32m INFO[0m [1mnode[0m[1m{[0m[3mname[0m[2m=[0mk#addeef94..[1m}[0m[2m:[0m [2msui_core::authority::authority_per_epoch_store[0m[2m:[0m [2mcrates/sui-core/src/authority/authority_per_epoch_store.rs[0m[2m:[0m[2m2388:[0m received jwk vote from k#addeef94.. for jwk (JwkId { iss: "https://login.microsoftonline.com/v2.0", kid: "PDRf_Bs8CkDdi7av6hKLwRnNHmk" }, JWK { kty: "RSA", e: "AQAB", n: "v2R1eCh9xaZjAqn0FTf-DuDy3BFsJHc_lsv4K1Ycd1qnF5DwHC7mxnoTsA_dnI8BJvZsCAI7kkFjqKqXDSVYwRM05733_EPekLqLlb02-XLcOziMsOEMpXRrl1wFGHK5zmh2D4ZLsEId2Gdk1fcLzwjCg5iqQxi17DQFDoi0aWUKnkN62sSbiUvzd11eUl0N_beLZ0HYf53wk8r9P3reVhz9W7P8KwNBf7JyiLxmRP_yD9n3650iXi1qp8bZcAt9WmMZ2H6iHHhb7biXwvrJuf2id72VPvV6qkVu6jwUVW5yh6dIvCtPYEA7JNMWyBEXOjJbZ-3l3szj1GSV5m8eAQ", alg: "RS256" })
[2m2025-03-25T07:54:58.938794Z[0m [32m INFO[0m [1mnode[0m[1m{[0m[3mname[0m[2m=[0mk#99f25ef6..[1m}[0m[2m:[0m [2msui_core::authority::authority_per_epoch_store[0m[2m:[0m [2mcrates/sui-core/src/authority/authority_per_epoch_store.rs[0m[2m:[0m[2m2388:[0m received jwk vote from k#addeef94.. for jwk (JwkId { iss: "https://login.microsoftonline.com/v2.0", kid: "PDRf_Bs8CkDdi7av6hKLwRnNHmk" }, JWK { kty: "RSA", e: "AQAB", n: "v2R1eCh9xaZjAqn0FTf-DuDy3BFsJHc_lsv4K1Ycd1qnF5DwHC7mxnoTsA_dnI8BJvZsCAI7kkFjqKqXDSVYwRM05733_EPekLqLlb02-XLcOziMsOEMpXRrl1wFGHK5zmh2D4ZLsEId2Gdk1fcLzwjCg5iqQxi17DQFDoi0aWUKnkN62sSbiUvzd11eUl0N_beLZ0HYf53wk8r9P3reVhz9W7P8KwNBf7JyiLxmRP_yD9n3650iXi1qp8bZcAt9WmMZ2H6iHHhb7biXwvrJuf2id72VPvV6qkVu6jwUVW5yh6dIvCtPYEA7JNMWyBEXOjJbZ-3l3szj1GSV5m8eAQ", alg: "RS256" })
[2m2025-03-25T07:54:58.938810Z[0m [32m INFO[0m [1mnode[0m[1m{[0m[3mname[0m[2m=[0mk#addeef94..[1m}[0m[2m:[0m [2msui_core::authority::authority_per_epoch_store[0m[2m:[0m [2mcrates/sui-core/src/authority/authority_per_epoch_store.rs[0m[2m:[0m[2m2388:[0m received jwk vote from k#addeef94.. for jwk (JwkId { iss: "https://appleid.apple.com", kid: "dMlERBaFdK" }, JWK { kty: "RSA", e: "AQAB", n: "ryLWkB74N6SJNRVBjKF6xKMfP-QW3AAsJotv0LjVtf7m4NZNg_gTL78e7O8wmvngF8FuzBrvqf1mGW17Ct8BgNK6YXxnoGL0YLmlwXbmCZvTXki0VlEW1PDXeViWy7qXaCp2caF5v4OOdPsgroxNO_DgJRTuA_izJ4DFZYHCHXwojfdWJiDYG67j5PlD5pXKGx7zaqyryjovZTEII_Z1_bhFCRUZRjfJ3TVoK0fZj2z7iAZWjn33i-V3zExUhwzEyeuGph0118NfmOLCUEy_Jd4xvLf_X4laPpe9nq8UeORfs72yz2qH7cHDKL85W6oG08Gu05JWuAs5Ay49WxJrmw", alg: "RS256" })
[2m2025-03-25T07:54:58.938814Z[0m [32m INFO[0m [1mnode[0m[1m{[0m[3mname[0m[2m=[0mk#99f25ef6..[1m}[0m[2m:[0m [2msui_core::authority::authority_per_epoch_store[0m[2m:[0m [2mcrates/sui-core/src/authority/authority_per_epoch_store.rs[0m[2m:[0m[2m2388:[0m received jwk vote from k#addeef94.. for jwk (JwkId { iss: "https://appleid.apple.com", kid: "dMlERBaFdK" }, JWK { kty: "RSA", e: "AQAB", n: "ryLWkB74N6SJNRVBjKF6xKMfP-QW3AAsJotv0LjVtf7m4NZNg_gTL78e7O8wmvngF8FuzBrvqf1mGW17Ct8BgNK6YXxnoGL0YLmlwXbmCZvTXki0VlEW1PDXeViWy7qXaCp2caF5v4OOdPsgroxNO_DgJRTuA_izJ4DFZYHCHXwojfdWJiDYG67j5PlD5pXKGx7zaqyryjovZTEII_Z1_bhFCRUZRjfJ3TVoK0fZj2z7iAZWjn33i-V3zExUhwzEyeuGph0118NfmOLCUEy_Jd4xvLf_X4laPpe9nq8UeORfs72yz2qH7cHDKL85W6oG08Gu05JWuAs5Ay49WxJrmw", alg: "RS256" })
[2m2025-03-25T07:54:58.938848Z[0m [32m INFO[0m [1mnode[0m[1m{[0m[3mname[0m[2m=[0mk#addeef94..[1m}[0m[2m:[0m [2msui_core::authority::authority_per_epoch_store[0m[2m:[0m [2mcrates/sui-core/src/authority/authority_per_epoch_store.rs[0m[2m:[0m[2m2388:[0m received jwk vote from k#addeef94.. for jwk (JwkId { iss: "https://appleid.apple.com", kid: "rBRfVmqsjn" }, JWK { kty: "RSA", e: "AQAB", n: "pPOaiF5yL-y42FaKg9PYASR5-rdTK7NEiteNUAzNp0zkta-HW-tgLNLNlsft3zcrsgOLqXxhX7qzlI3JGH-wSs7_v2XNSg57QhOTxPDqtUfy5DegtiSOgwE947OBTwCWo2R6cGZD1T8ysfO2HuKheq2hEwZU4Y-8qT19WWOhZHs4CVt7A5mzpIgWuUVw766VTyqrqKev32DOUPIqFocFz3tuty95S9t_OYnaPCcET-b6DV_eT7psPhqhl5nNUm0lzkCQ53-9kxQNJxBciy0wiBcAexD4KppKRRD3evFpOSxD1R6Kg2DIG5UnbVVqn5nhZA9RH-t50f_biqV3KlSHJQ", alg: "RS256" })
[2m2025-03-25T07:54:58.938854Z[0m [32m INFO[0m [1mnode[0m[1m{[0m[3mname[0m[2m=[0mk#99f25ef6..[1m}[0m[2m:[0m [2msui_core::authority::authority_per_epoch_store[0m[2m:[0m [2mcrates/sui-core/src/authority/authority_per_epoch_store.rs[0m[2m:[0m[2m2388:[0m received jwk vote from k#addeef94.. for jwk (JwkId { iss: "https://appleid.apple.com", kid: "rBRfVmqsjn" }, JWK { kty: "RSA", e: "AQAB", n: "pPOaiF5yL-y42FaKg9PYASR5-rdTK7NEiteNUAzNp0zkta-HW-tgLNLNlsft3zcrsgOLqXxhX7qzlI3JGH-wSs7_v2XNSg57QhOTxPDqtUfy5DegtiSOgwE947OBTwCWo2R6cGZD1T8ysfO2HuKheq2hEwZU4Y-8qT19WWOhZHs4CVt7A5mzpIgWuUVw766VTyqrqKev32DOUPIqFocFz3tuty95S9t_OYnaPCcET-b6DV_eT7psPhqhl5nNUm0lzkCQ53-9kxQNJxBciy0wiBcAexD4KppKRRD3evFpOSxD1R6Kg2DIG5UnbVVqn5nhZA9RH-t50f_biqV3KlSHJQ", alg: "RS256" })
[2m2025-03-25T07:54:58.938867Z[0m [32m INFO[0m [1mnode[0m[1m{[0m[3mname[0m[2m=[0mk#addeef94..[1m}[0m[2m:[0m [2msui_core::authority::authority_per_epoch_store[0m[2m:[0m [2mcrates/sui-core/src/authority/authority_per_epoch_store.rs[0m[2m:[0m[2m2388:[0m received jwk vote from k#addeef94.. for jwk (JwkId { iss: "https://appleid.apple.com", kid: "rs0M3kOV9p" }, JWK { kty: "RSA", e: "AQAB", n: "zH5so3zLsgmRypxAAYJimfF9cx3ISSyHyzjDP3yvE9ieqpnjFJhzgCP8L4oKO9vUFNpoG1ub7I3paYNY6Vb2yc4chnsjJxB3j0jomJ3iI9MlWoVecTFG2tywyx5NRhy3YfTUpw2uCLafzWrpIJIoKUCGM6iUgaIFjvfi-cGT5T_5eUSWZHN-ziH69mGcbMRGLQEixQUatwru9i4i-OSk-w-JmLOqAzRP1mVn1tcZRIoGSB2PFSSJX9SK90OX8i5sj7dpIO_2xbGMtyNJkDzGq88x1pMJ4sv6HMj-tx4QrpGDbUi7zBCgbBnNSGSB_LBv4dbswwWY96ckHgx9yf_7IQ", alg: "RS256" })
[2m2025-03-25T07:54:58.938873Z[0m [32m INFO[0m [1mnode[0m[1m{[0m[3mname[0m[2m=[0mk#99f25ef6..[1m}[0m[2m:[0m [2msui_core::authority::authority_per_epoch_store[0m[2m:[0m [2mcrates/sui-core/src/authority/authority_per_epoch_store.rs[0m[2m:[0m[2m2388:[0m received jwk vote from k#addeef94.. for jwk (JwkId { iss: "https://appleid.apple.com", kid: "rs0M3kOV9p" }, JWK { kty: "RSA", e: "AQAB", n: "zH5so3zLsgmRypxAAYJimfF9cx3ISSyHyzjDP3yvE9ieqpnjFJhzgCP8L4oKO9vUFNpoG1ub7I3paYNY6Vb2yc4chnsjJxB3j0jomJ3iI9MlWoVecTFG2tywyx5NRhy3YfTUpw2uCLafzWrpIJIoKUCGM6iUgaIFjvfi-cGT5T_5eUSWZHN-ziH69mGcbMRGLQEixQUatwru9i4i-OSk-w-JmLOqAzRP1mVn1tcZRIoGSB2PFSSJX9SK90OX8i5sj7dpIO_2xbGMtyNJkDzGq88x1pMJ4sv6HMj-tx4QrpGDbUi7zBCgbBnNSGSB_LBv4dbswwWY96ckHgx9yf_7IQ", alg: "RS256" })
[2m2025-03-25T07:54:58.938885Z[0m [32m INFO[0m [1mnode[0m[1m{[0m[3mname[0m[2m=[0mk#addeef94..[1m}[0m[2m:[0m [2msui_core::authority::authority_per_epoch_store[0m[2m:[0m [2mcrates/sui-core/src/authority/authority_per_epoch_store.rs[0m[2m:[0m[2m2388:[0m received jwk vote from k#addeef94.. for jwk (JwkId { iss: "https://accounts.karrier.one/", kid: "E760D111C1A1296E6D1D85F7EB18DDBAA0EC2B4E" }, JWK { kty: "RSA", e: "AQAB", n: "3s6cCgr0tKeYEy_MGYDZ7ByPgI0Bv-JimxiSNOytvXb6xvcxE_jjEiEkMg6R3frYXWWuM3V4DMB3WGc8ePDACM9e3ly8jEpxA90nJ1eE94a9bF5wQGtC8_oqw2DajBt6O5ZTSKFJhMQMyzKUXmqT_m1DsUHm0uNGPulMp2CmSE8xtFLlXdxl_8on4zN_4PboPgOrl65DKcw6THTuNcasffyxVeK6_HbuEDLp-Q1v8PtvW98TO2GvOK-yNLDrpgqeh0fnnUBHR2tkMaJ3nnLNdEkVfeBQlafCvwJPRrGX83POq6SC-WAoP6IOH9BXd0DwRvqgCj2uWhtk9yEamJ7Q2Q", alg: "RS256" })
[2m2025-03-25T07:54:58.938891Z[0m [32m INFO[0m [1mnode[0m[1m{[0m[3mname[0m[2m=[0mk#99f25ef6..[1m}[0m[2m:[0m [2msui_core::authority::authority_per_epoch_store[0m[2m:[0m [2mcrates/sui-core/src/authority/authority_per_epoch_store.rs[0m[2m:[0m[2m2388:[0m received jwk vote from k#addeef94.. for jwk (JwkId { iss: "https://accounts.karrier.one/", kid: "E760D111C1A1296E6D1D85F7EB18DDBAA0EC2B4E" }, JWK { kty: "RSA", e: "AQAB", n: "3s6cCgr0tKeYEy_MGYDZ7ByPgI0Bv-JimxiSNOytvXb6xvcxE_jjEiEkMg6R3frYXWWuM3V4DMB3WGc8ePDACM9e3ly8jEpxA90nJ1eE94a9bF5wQGtC8_oqw2DajBt6O5ZTSKFJhMQMyzKUXmqT_m1DsUHm0uNGPulMp2CmSE8xtFLlXdxl_8on4zN_4PboPgOrl65DKcw6THTuNcasffyxVeK6_HbuEDLp-Q1v8PtvW98TO2GvOK-yNLDrpgqeh0fnnUBHR2tkMaJ3nnLNdEkVfeBQlafCvwJPRrGX83POq6SC-WAoP6IOH9BXd0DwRvqgCj2uWhtk9yEamJ7Q2Q", alg: "RS256" })
[2m2025-03-25T07:54:58.938903Z[0m [32m INFO[0m [1mnode[0m[1m{[0m[3mname[0m[2m=[0mk#addeef94..[1m}[0m[2m:[0m [2msui_core::authority::authority_per_epoch_store[0m[2m:[0m [2mcrates/sui-core/src/authority/authority_per_epoch_store.rs[0m[2m:[0m[2m2388:[0m received jwk vote from k#addeef94.. for jwk (JwkId { iss: "https://accounts.karrier.one/", kid: "B65FDCAA152E04ADE817314CF6A06F4ECABF4CFB" }, JWK { kty: "RSA", e: "AQAB", n: "ra5LGXik2tB6apOePLdwT0ID-Kevzoyy_qcvHhvGJbrY_0PVaT3yM2t_UyvNlh60QYmtIxmGE1vTfbD6moDg0y1WLZ2tMfJ56YT23LYW-quzHHpw3pcAi8EVCFiU7pB4XHHBv-0F_eS7qGQr4Y38QyWKEzg6kv4X_xpMxEpVYmRVgYu8rGXqwCHIFq1Dc3v9Op83hO2q-geeidXjosydxgb6LdOpc27Q_0gzDM2vTaI0k8fqauVGilcYw3OxeqL5jVrdSeyaq4meHrquLdGCbI_KQiS08GJ9BZ4QchfTK70lzKasCsTcW5jd2Ci7DYoPvY-FrR8zPaxHj9jjTkAW3Q", alg: "RS256" })
[2m2025-03-25T07:54:58.938910Z[0m [32m INFO[0m [1mnode[0m[1m{[0m[3mname[0m[2m=[0mk#99f25ef6..[1m}[0m[2m:[0m [2msui_core::authority::authority_per_epoch_store[0m[2m:[0m [2mcrates/sui-core/src/authority/authority_per_epoch_store.rs[0m[2m:[0m[2m2388:[0m received jwk vote from k#addeef94.. for jwk (JwkId { iss: "https://accounts.karrier.one/", kid: "B65FDCAA152E04ADE817314CF6A06F4ECABF4CFB" }, JWK { kty: "RSA", e: "AQAB", n: "ra5LGXik2tB6apOePLdwT0ID-Kevzoyy_qcvHhvGJbrY_0PVaT3yM2t_UyvNlh60QYmtIxmGE1vTfbD6moDg0y1WLZ2tMfJ56YT23LYW-quzHHpw3pcAi8EVCFiU7pB4XHHBv-0F_eS7qGQr4Y38QyWKEzg6kv4X_xpMxEpVYmRVgYu8rGXqwCHIFq1Dc3v9Op83hO2q-geeidXjosydxgb6LdOpc27Q_0gzDM2vTaI0k8fqauVGilcYw3OxeqL5jVrdSeyaq4meHrquLdGCbI_KQiS08GJ9BZ4QchfTK70lzKasCsTcW5jd2Ci7DYoPvY-FrR8zPaxHj9jjTkAW3Q", alg: "RS256" })
[2m2025-03-25T07:54:58.938921Z[0m [32m INFO[0m [1mnode[0m[1m{[0m[3mname[0m[2m=[0mk#addeef94..[1m}[0m[2m:[0m [2msui_core::authority::authority_per_epoch_store[0m[2m:[0m [2mcrates/sui-core/src/authority/authority_per_epoch_store.rs[0m[2m:[0m[2m2388:[0m received jwk vote from k#addeef94.. for jwk (JwkId { iss: "https://cognito-idp.us-east-1.amazonaws.com/us-east-1_qPsZxYqd8", kid: "VHA/vY1d2h7X33DpZ6ZBDRfnCS/OIgiV7toCdxyEUDY=" }, JWK { kty: "RSA", e: "AQAB", n: "7nb7CxiOI5bgf80jk1WOwi6Fmo9EJzIugpl-gZehOgL4cVAmvp1ChVZMwxTRM62hIQ6Ab6k0vmLBq_jZFx6MeU4c1xTipIohOEK_5HjbesM9OuduHkujN6J7Az4ON4TyHtJOXs3-xdVbjWQwP5L2O_N334ZIb9n-hRxGRhKaQLciSNEt3TQ2ookJaa1q9UinlA0jJyIMLJXmpSdvUP_0QizT88wrenRs3PccgKBQgvtQx569yvL6YnzaRSa8pL7saNy2KqevDHkIvRfqEckduoFQTyiL5OTz6canJYaklw-OImrO1eQF2Z_TsamXKKdk9-k9WFwYx4ftDTdacDflaw", alg: "RS256" })
[2m2025-03-25T07:54:58.938929Z[0m [32m INFO[0m [1mnode[0m[1m{[0m[3mname[0m[2m=[0mk#99f25ef6..[1m}[0m[2m:[0m [2msui_core::authority::authority_per_epoch_store[0m[2m:[0m [2mcrates/sui-core/src/authority/authority_per_epoch_store.rs[0m[2m:[0m[2m2388:[0m received jwk vote from k#addeef94.. for jwk (JwkId { iss: "https://cognito-idp.us-east-1.amazonaws.com/us-east-1_qPsZxYqd8", kid: "VHA/vY1d2h7X33DpZ6ZBDRfnCS/OIgiV7toCdxyEUDY=" }, JWK { kty: "RSA", e: "AQAB", n: "7nb7CxiOI5bgf80jk1WOwi6Fmo9EJzIugpl-gZehOgL4cVAmvp1ChVZMwxTRM62hIQ6Ab6k0vmLBq_jZFx6MeU4c1xTipIohOEK_5HjbesM9OuduHkujN6J7Az4ON4TyHtJOXs3-xdVbjWQwP5L2O_N334ZIb9n-hRxGRhKaQLciSNEt3TQ2ookJaa1q9UinlA0jJyIMLJXmpSdvUP_0QizT88wrenRs3PccgKBQgvtQx569yvL6YnzaRSa8pL7saNy2KqevDHkIvRfqEckduoFQTyiL5OTz6canJYaklw-OImrO1eQF2Z_TsamXKKdk9-k9WFwYx4ftDTdacDflaw", alg: "RS256" })
[2m2025-03-25T07:54:58.938942Z[0m [32m INFO[0m [1mnode[0m[1m{[0m[3mname[0m[2m=[0mk#addeef94..[1m}[0m[2m:[0m [2msui_core::authority::authority_per_epoch_store[0m[2m:[0m [2mcrates/sui-core/src/authority/authority_per_epoch_store.rs[0m[2m:[0m[2m2388:[0m received jwk vote from k#addeef94.. for jwk (JwkId { iss: "https://cognito-idp.us-east-1.amazonaws.com/us-east-1_qPsZxYqd8", kid: "lGbuLXh42ChSJwrMUEBO2npnvMzdAHqOj6DNZieDuVA=" }, JWK { kty: "RSA", e: "AQAB", n: "2e3M6UZo5G1r3eYi1h_dqng0lhNHE6bwSrnEmTMygjDaejpcjWKY9ICFtcz-lP_HEx_q67HsaM7QUIGpTEtAXqQHyxbMAcPlUwKSD8y_mZJlDDM4kI7KJQLW4M-904gDvih5FbnJc-QNkH1Z7vHwDpLOam53x8QQj7rjoXBzH0q0JVlv5PU5ZEoqCc2PIJCtxzZApXzMt0lnqw8DB55P4_czdplVkd80UhPAz1gM3ysTIQi2eblMvkUp98orOlpsp434g6mnrdgYFLOleuuwNraRTJRi0r9Dn9ToILY7Arywi5jS8M496CXJUFAB9UKXKrTa9pazlnRMiFBochRRZw", alg: "RS256" })
[2m2025-03-25T07:54:58.938950Z[0m [32m INFO[0m [1mnode[0m[1m{[0m[3mname[0m[2m=[0mk#99f25ef6..[1m}[0m[2m:[0m [2msui_core::authority::authority_per_epoch_store[0m[2m:[0m [2mcrates/sui-core/src/authority/authority_per_epoch_store.rs[0m[2m:[0m[2m2388:[0m received jwk vote from k#addeef94.. for jwk (JwkId { iss: "https://cognito-idp.us-east-1.amazonaws.com/us-east-1_qPsZxYqd8", kid: "lGbuLXh42ChSJwrMUEBO2npnvMzdAHqOj6DNZieDuVA=" }, JWK { kty: "RSA", e: "AQAB", n: "2e3M6UZo5G1r3eYi1h_dqng0lhNHE6bwSrnEmTMygjDaejpcjWKY9ICFtcz-lP_HEx_q67HsaM7QUIGpTEtAXqQHyxbMAcPlUwKSD8y_mZJlDDM4kI7KJQLW4M-904gDvih5FbnJc-QNkH1Z7vHwDpLOam53x8QQj7rjoXBzH0q0JVlv5PU5ZEoqCc2PIJCtxzZApXzMt0lnqw8DB55P4_czdplVkd80UhPAz1gM3ysTIQi2eblMvkUp98orOlpsp434g6mnrdgYFLOleuuwNraRTJRi0r9Dn9ToILY7Arywi5jS8M496CXJUFAB9UKXKrTa9pazlnRMiFBochRRZw", alg: "RS256" })
[2m2025-03-25T07:54:58.940844Z[0m [32m INFO[0m [1mnode[0m[1m{[0m[3mname[0m[2m=[0mk#addeef94..[1m}[0m[2m:[0m [2msui_core::checkpoints::checkpoint_output[0m[2m:[0m [2mcrates/sui-core/src/checkpoints/checkpoint_output.rs[0m[2m:[0m[2m196:[0m Certified checkpoint with sequence 214 and digest FjoyhTPH5tvE2Wn1swUe7Mima51EUnQpfNNBGbhZwykR
[2m2025-03-25T07:54:58.942040Z[0m [32m INFO[0m [1mnode[0m[1m{[0m[3mname[0m[2m=[0mk#addeef94..[1m}[0m[2m:[0m [2msui_core::checkpoints::checkpoint_executor[0m[2m:[0m [2mcrates/sui-core/src/checkpoints/checkpoint_executor/mod.rs[0m[2m:[0m[2m332:[0m Received checkpoint summary from state sync [3msequence_number[0m[2m=[0m214
[2m2025-03-25T07:54:58.965873Z[0m [32m INFO[0m [1mnode[0m[1m{[0m[3mname[0m[2m=[0mk#99f25ef6..[1m}[0m[2m:[0m [2msui_core::checkpoints[0m[2m:[0m [2mcrates/sui-core/src/checkpoints/mod.rs[0m[2m:[0m[2m1326:[0m Creating checkpoint(s) for 1 transactions [3mnext_checkpoint_seq[0m[2m=[0m216 [3mcheckpoint_timestamp[0m[2m=[0m1742889298426
[2m2025-03-25T07:54:58.966094Z[0m [32m INFO[0m [1mnode[0m[1m{[0m[3mname[0m[2m=[0mk#99f25ef6..[1m}[0m[2m:[0m [2msui_core::checkpoints::checkpoint_output[0m[2m:[0m [2mcrates/sui-core/src/checkpoints/checkpoint_output.rs[0m[2m:[0m[2m149:[0m Creating checkpoint CheckpointDigest(Eh9QhUjeAiqodr9x1bJWkktxy3eRhcxQHMDgsd5jdG7S) at epoch 1, sequence 216, previous digest Some(CheckpointDigest(5zn3szQP8HPgiAM8YL8p5tvTv8Xb2jPASSKPh2WMnDzg)), transactions count 1, content digest CheckpointContentsDigest(HCwvbfdUMLYAf4Z9AiMhLrwY7UQTKWbqDBCq8WuPNGRH), end_of_epoch_data None
[2m2025-03-25T07:54:58.967623Z[0m [32m INFO[0m [1mnode[0m[1m{[0m[3mname[0m[2m=[0mk#8dcff6d1..[1m}[0m[2m:[0m [2mconsensus_core::core[0m[2m:[0m [2mconsensus/core/src/core.rs[0m[2m:[0m[2m945:[0m Included 3 ancestors & excluded 0 ancestors for proposal in round 3
[2m2025-03-25T07:54:58.968032Z[0m [32m INFO[0m [1mnode[0m[1m{[0m[3mname[0m[2m=[0mk#8dcff6d1..[1m}[0m[2m:[0m [2mconsensus_core::core[0m[2m:[0m [2mconsensus/core/src/core.rs[0m[2m:[0m[2m531:[0m Created block B3(A,tzM8+m5qFfWWxguel9388ItDSaV79NGl+a4ZYeLyVk8=)(1742889298967ms;[B2(A,hHHaB7jC0jtcxWnlC2wJfXKuQ5MLL1460hy/S2h6ssU=), B2(B,Ba6pT6w9BWKuDStloe49hrnp4F21R9HHoYCo77XV9oI=), B2(C,BeqpABXqvTRg6VQFB9id7XH44AHFBTAdt1ln06BV0HE=)];3t;0c) for round 3
[2m2025-03-25T07:54:58.968283Z[0m [32m INFO[0m [1mnode[0m[1m{[0m[3mname[0m[2m=[0mk#addeef94..[1m}[0m[2m:[0m [2msui_core::state_accumulator[0m[2m:[0m [2mcrates/sui-core/src/state_accumulator.rs[0m[2m:[0m[2m675:[0m accumulating running root for checkpoint 214
[2m2025-03-25T07:54:58.968797Z[0m [32m INFO[0m [1mnode[0m[1m{[0m[3mname[0m[2m=[0mk#addeef94..[1m}[0m[2m:[0m [2msui_core::checkpoints[0m[2m:[0m [2mcrates/sui-core/src/checkpoints/mod.rs[0m[2m:[0m[2m1326:[0m Creating checkpoint(s) for 1 transactions [3mnext_checkpoint_seq[0m[2m=[0m216 [3mcheckpoint_timestamp[0m[2m=[0m1742889298426
[2m2025-03-25T07:54:58.968988Z[0m [32m INFO[0m [1mnode[0m[1m{[0m[3mname[0m[2m=[0mk#addeef94..[1m}[0m[2m:[0m [2msui_core::checkpoints::checkpoint_output[0m[2m:[0m [2mcrates/sui-core/src/checkpoints/checkpoint_output.rs[0m[2m:[0m[2m149:[0m Creating checkpoint CheckpointDigest(Eh9QhUjeAiqodr9x1bJWkktxy3eRhcxQHMDgsd5jdG7S) at epoch 1, sequence 216, previous digest Some(CheckpointDigest(5zn3szQP8HPgiAM8YL8p5tvTv8Xb2jPASSKPh2WMnDzg)), transactions count 1, content digest CheckpointContentsDigest(HCwvbfdUMLYAf4Z9AiMhLrwY7UQTKWbqDBCq8WuPNGRH), end_of_epoch_data None
[2m2025-03-25T07:54:58.972272Z[0m [32m INFO[0m [1mnode[0m[1m{[0m[3mname[0m[2m=[0mk#99f25ef6..[1m}[0m[2m:[0m [2msui_core::checkpoints::checkpoint_executor[0m[2m:[0m [2mcrates/sui-core/src/checkpoints/checkpoint_executor/mod.rs[0m[2m:[0m[2m332:[0m Received checkpoint summary from state sync [3msequence_number[0m[2m=[0m182
[2m2025-03-25T07:54:58.972368Z[0m [32m INFO[0m [1mnode[0m[1m{[0m[3mname[0m[2m=[0mk#99f25ef6..[1m}[0m[2m:[0m [2msui_core::checkpoints::checkpoint_executor[0m[2m:[0m [2mcrates/sui-core/src/checkpoints/checkpoint_executor/mod.rs[0m[2m:[0m[2m332:[0m Received checkpoint summary from state sync [3msequence_number[0m[2m=[0m183
[2m2025-03-25T07:54:58.972409Z[0m [32m INFO[0m [1mnode[0m[1m{[0m[3mname[0m[2m=[0mk#99f25ef6..[1m}[0m[2m:[0m [2msui_core::checkpoints::checkpoint_executor[0m[2m:[0m [2mcrates/sui-core/src/checkpoints/checkpoint_executor/mod.rs[0m[2m:[0m[2m332:[0m Received checkpoint summary from state sync [3msequence_number[0m[2m=[0m184
[2m2025-03-25T07:54:58.972450Z[0m [32m INFO[0m [1mnode[0m[1m{[0m[3mname[0m[2m=[0mk#99f25ef6..[1m}[0m[2m:[0m [2msui_core::checkpoints::checkpoint_executor[0m[2m:[0m [2mcrates/sui-core/src/checkpoints/checkpoint_executor/mod.rs[0m[2m:[0m[2m332:[0m Received checkpoint summary from state sync [3msequence_number[0m[2m=[0m185
[2m2025-03-25T07:54:58.972489Z[0m [32m INFO[0m [1mnode[0m[1m{[0m[3mname[0m[2m=[0mk#99f25ef6..[1m}[0m[2m:[0m [2msui_core::checkpoints::checkpoint_executor[0m[2m:[0m [2mcrates/sui-core/src/checkpoints/checkpoint_executor/mod.rs[0m[2m:[0m[2m332:[0m Received checkpoint summary from state sync [3msequence_number[0m[2m=[0m186
[2m2025-03-25T07:54:58.972528Z[0m [32m INFO[0m [1mnode[0m[1m{[0m[3mname[0m[2m=[0mk#99f25ef6..[1m}[0m[2m:[0m [2msui_core::checkpoints::checkpoint_executor[0m[2m:[0m [2mcrates/sui-core/src/checkpoints/checkpoint_executor/mod.rs[0m[2m:[0m[2m332:[0m Received checkpoint summary from state sync [3msequence_number[0m[2m=[0m187
[2m2025-03-25T07:54:58.972569Z[0m [32m INFO[0m [1mnode[0m[1m{[0m[3mname[0m[2m=[0mk#99f25ef6..[1m}[0m[2m:[0m [2msui_core::checkpoints::checkpoint_executor[0m[2m:[0m [2mcrates/sui-core/src/checkpoints/checkpoint_executor/mod.rs[0m[2m:[0m[2m332:[0m Received checkpoint summary from state sync [3msequence_number[0m[2m=[0m188
[2m2025-03-25T07:54:58.972607Z[0m [32m INFO[0m [1mnode[0m[1m{[0m[3mname[0m[2m=[0mk#99f25ef6..[1m}[0m[2m:[0m [2msui_core::checkpoints::checkpoint_executor[0m[2m:[0m [2mcrates/sui-core/src/checkpoints/checkpoint_executor/mod.rs[0m[2m:[0m[2m332:[0m Received checkpoint summary from state sync [3msequence_number[0m[2m=[0m189
[2m2025-03-25T07:54:58.972647Z[0m [32m INFO[0m [1mnode[0m[1m{[0m[3mname[0m[2m=[0mk#99f25ef6..[1m}[0m[2m:[0m [2msui_core::checkpoints::checkpoint_executor[0m[2m:[0m [2mcrates/sui-core/src/checkpoints/checkpoint_executor/mod.rs[0m[2m:[0m[2m332:[0m Received checkpoint summary from state sync [3msequence_number[0m[2m=[0m190
[2m2025-03-25T07:54:58.972687Z[0m [32m INFO[0m [1mnode[0m[1m{[0m[3mname[0m[2m=[0mk#99f25ef6..[1m}[0m[2m:[0m [2msui_core::checkpoints::checkpoint_executor[0m[2m:[0m [2mcrates/sui-core/src/checkpoints/checkpoint_executor/mod.rs[0m[2m:[0m[2m332:[0m Received checkpoint summary from state sync [3msequence_number[0m[2m=[0m191
[2m2025-03-25T07:54:58.972726Z[0m [32m INFO[0m [1mnode[0m[1m{[0m[3mname[0m[2m=[0mk#99f25ef6..[1m}[0m[2m:[0m [2msui_core::checkpoints::checkpoint_executor[0m[2m:[0m [2mcrates/sui-core/src/checkpoints/checkpoint_executor/mod.rs[0m[2m:[0m[2m332:[0m Received checkpoint summary from state sync [3msequence_number[0m[2m=[0m192
[2m2025-03-25T07:54:58.972764Z[0m [32m INFO[0m [1mnode[0m[1m{[0m[3mname[0m[2m=[0mk#99f25ef6..[1m}[0m[2m:[0m [2msui_core::checkpoints::checkpoint_executor[0m[2m:[0m [2mcrates/sui-core/src/checkpoints/checkpoint_executor/mod.rs[0m[2m:[0m[2m332:[0m Received checkpoint summary from state sync [3msequence_number[0m[2m=[0m193
[2m2025-03-25T07:54:58.972804Z[0m [32m INFO[0m [1mnode[0m[1m{[0m[3mname[0m[2m=[0mk#99f25ef6..[1m}[0m[2m:[0m [2msui_core::checkpoints::checkpoint_executor[0m[2m:[0m [2mcrates/sui-core/src/checkpoints/checkpoint_executor/mod.rs[0m[2m:[0m[2m332:[0m Received checkpoint summary from state sync [3msequence_number[0m[2m=[0m194
[2m2025-03-25T07:54:58.972842Z[0m [32m INFO[0m [1mnode[0m[1m{[0m[3mname[0m[2m=[0mk#99f25ef6..[1m}[0m[2m:[0m [2msui_core::checkpoints::checkpoint_executor[0m[2m:[0m [2mcrates/sui-core/src/checkpoints/checkpoint_executor/mod.rs[0m[2m:[0m[2m332:[0m Received checkpoint summary from state sync [3msequence_number[0m[2m=[0m195
[2m2025-03-25T07:54:58.972880Z[0m [32m INFO[0m [1mnode[0m[1m{[0m[3mname[0m[2m=[0mk#99f25ef6..[1m}[0m[2m:[0m [2msui_core::checkpoints::checkpoint_executor[0m[2m:[0m [2mcrates/sui-core/src/checkpoints/checkpoint_executor/mod.rs[0m[2m:[0m[2m332:[0m Received checkpoint summary from state sync [3msequence_number[0m[2m=[0m196
[2m2025-03-25T07:54:58.972918Z[0m [32m INFO[0m [1mnode[0m[1m{[0m[3mname[0m[2m=[0mk#99f25ef6..[1m}[0m[2m:[0m [2msui_core::checkpoints::checkpoint_executor[0m[2m:[0m [2mcrates/sui-core/src/checkpoints/checkpoint_executor/mod.rs[0m[2m:[0m[2m332:[0m Received checkpoint summary from state sync [3msequence_number[0m[2m=[0m197
[2m2025-03-25T07:54:58.972955Z[0m [32m INFO[0m [1mnode[0m[1m{[0m[3mname[0m[2m=[0mk#99f25ef6..[1m}[0m[2m:[0m [2msui_core::checkpoints::checkpoint_executor[0m[2m:[0m [2mcrates/sui-core/src/checkpoints/checkpoint_executor/mod.rs[0m[2m:[0m[2m332:[0m Received checkpoint summary from state sync [3msequence_number[0m[2m=[0m198
[2m2025-03-25T07:54:58.972993Z[0m [32m INFO[0m [1mnode[0m[1m{[0m[3mname[0m[2m=[0mk#99f25ef6..[1m}[0m[2m:[0m [2msui_core::checkpoints::checkpoint_executor[0m[2m:[0m [2mcrates/sui-core/src/checkpoints/checkpoint_executor/mod.rs[0m[2m:[0m[2m332:[0m Received checkpoint summary from state sync [3msequence_number[0m[2m=[0m199
[2m2025-03-25T07:54:58.973031Z[0m [32m INFO[0m [1mnode[0m[1m{[0m[3mname[0m[2m=[0mk#99f25ef6..[1m}[0m[2m:[0m [2msui_core::checkpoints::checkpoint_executor[0m[2m:[0m [2mcrates/sui-core/src/checkpoints/checkpoint_executor/mod.rs[0m[2m:[0m[2m332:[0m Received checkpoint summary from state sync [3msequence_number[0m[2m=[0m200
[2m2025-03-25T07:54:58.973069Z[0m [32m INFO[0m [1mnode[0m[1m{[0m[3mname[0m[2m=[0mk#99f25ef6..[1m}[0m[2m:[0m [2msui_core::checkpoints::checkpoint_executor[0m[2m:[0m [2mcrates/sui-core/src/checkpoints/checkpoint_executor/mod.rs[0m[2m:[0m[2m332:[0m Received checkpoint summary from state sync [3msequence_number[0m[2m=[0m201
[2m2025-03-25T07:54:58.973107Z[0m [32m INFO[0m [1mnode[0m[1m{[0m[3mname[0m[2m=[0mk#99f25ef6..[1m}[0m[2m:[0m [2msui_core::checkpoints::checkpoint_executor[0m[2m:[0m [2mcrates/sui-core/src/checkpoints/checkpoint_executor/mod.rs[0m[2m:[0m[2m332:[0m Received checkpoint summary from state sync [3msequence_number[0m[2m=[0m202
[2m2025-03-25T07:54:58.973146Z[0m [32m INFO[0m [1mnode[0m[1m{[0m[3mname[0m[2m=[0mk#99f25ef6..[1m}[0m[2m:[0m [2msui_core::checkpoints::checkpoint_executor[0m[2m:[0m [2mcrates/sui-core/src/checkpoints/checkpoint_executor/mod.rs[0m[2m:[0m[2m332:[0m Received checkpoint summary from state sync [3msequence_number[0m[2m=[0m203
[2m2025-03-25T07:54:58.973184Z[0m [32m INFO[0m [1mnode[0m[1m{[0m[3mname[0m[2m=[0mk#99f25ef6..[1m}[0m[2m:[0m [2msui_core::checkpoints::checkpoint_executor[0m[2m:[0m [2mcrates/sui-core/src/checkpoints/checkpoint_executor/mod.rs[0m[2m:[0m[2m332:[0m Received checkpoint summary from state sync [3msequence_number[0m[2m=[0m204
[2m2025-03-25T07:54:58.973222Z[0m [32m INFO[0m [1mnode[0m[1m{[0m[3mname[0m[2m=[0mk#99f25ef6..[1m}[0m[2m:[0m [2msui_core::checkpoints::checkpoint_executor[0m[2m:[0m [2mcrates/sui-core/src/checkpoints/checkpoint_executor/mod.rs[0m[2m:[0m[2m332:[0m Received checkpoint summary from state sync [3msequence_number[0m[2m=[0m205
[2m2025-03-25T07:54:58.973261Z[0m [32m INFO[0m [1mnode[0m[1m{[0m[3mname[0m[2m=[0mk#99f25ef6..[1m}[0m[2m:[0m [2msui_core::checkpoints::checkpoint_executor[0m[2m:[0m [2mcrates/sui-core/src/checkpoints/checkpoint_executor/mod.rs[0m[2m:[0m[2m332:[0m Received checkpoint summary from state sync [3msequence_number[0m[2m=[0m206
[2m2025-03-25T07:54:58.973299Z[0m [32m INFO[0m [1mnode[0m[1m{[0m[3mname[0m[2m=[0mk#99f25ef6..[1m}[0m[2m:[0m [2msui_core::checkpoints::checkpoint_executor[0m[2m:[0m [2mcrates/sui-core/src/checkpoints/checkpoint_executor/mod.rs[0m[2m:[0m[2m332:[0m Received checkpoint summary from state sync [3msequence_number[0m[2m=[0m207
[2m2025-03-25T07:54:58.973337Z[0m [32m INFO[0m [1mnode[0m[1m{[0m[3mname[0m[2m=[0mk#99f25ef6..[1m}[0m[2m:[0m [2msui_core::checkpoints::checkpoint_executor[0m[2m:[0m [2mcrates/sui-core/src/checkpoints/checkpoint_executor/mod.rs[0m[2m:[0m[2m332:[0m Received checkpoint summary from state sync [3msequence_number[0m[2m=[0m208
[2m2025-03-25T07:54:58.973375Z[0m [32m INFO[0m [1mnode[0m[1m{[0m[3mname[0m[2m=[0mk#99f25ef6..[1m}[0m[2m:[0m [2msui_core::checkpoints::checkpoint_executor[0m[2m:[0m [2mcrates/sui-core/src/checkpoints/checkpoint_executor/mod.rs[0m[2m:[0m[2m332:[0m Received checkpoint summary from state sync [3msequence_number[0m[2m=[0m209
[2m2025-03-25T07:54:58.973413Z[0m [32m INFO[0m [1mnode[0m[1m{[0m[3mname[0m[2m=[0mk#99f25ef6..[1m}[0m[2m:[0m [2msui_core::checkpoints::checkpoint_executor[0m[2m:[0m [2mcrates/sui-core/src/checkpoints/checkpoint_executor/mod.rs[0m[2m:[0m[2m332:[0m Received checkpoint summary from state sync [3msequence_number[0m[2m=[0m210
[2m2025-03-25T07:54:58.973451Z[0m [32m INFO[0m [1mnode[0m[1m{[0m[3mname[0m[2m=[0mk#99f25ef6..[1m}[0m[2m:[0m [2msui_core::checkpoints::checkpoint_executor[0m[2m:[0m [2mcrates/sui-core/src/checkpoints/checkpoint_executor/mod.rs[0m[2m:[0m[2m332:[0m Received checkpoint summary from state sync [3msequence_number[0m[2m=[0m211
[2m2025-03-25T07:54:58.973489Z[0m [32m INFO[0m [1mnode[0m[1m{[0m[3mname[0m[2m=[0mk#99f25ef6..[1m}[0m[2m:[0m [2msui_core::checkpoints::checkpoint_executor[0m[2m:[0m [2mcrates/sui-core/src/checkpoints/checkpoint_executor/mod.rs[0m[2m:[0m[2m332:[0m Received checkpoint summary from state sync [3msequence_number[0m[2m=[0m212
[2m2025-03-25T07:54:58.973527Z[0m [32m INFO[0m [1mnode[0m[1m{[0m[3mname[0m[2m=[0mk#99f25ef6..[1m}[0m[2m:[0m [2msui_core::checkpoints::checkpoint_executor[0m[2m:[0m [2mcrates/sui-core/src/checkpoints/checkpoint_executor/mod.rs[0m[2m:[0m[2m332:[0m Received checkpoint summary from state sync [3msequence_number[0m[2m=[0m213
[2m2025-03-25T07:54:58.973566Z[0m [32m INFO[0m [1mnode[0m[1m{[0m[3mname[0m[2m=[0mk#99f25ef6..[1m}[0m[2m:[0m [2msui_core::checkpoints::checkpoint_executor[0m[2m:[0m [2mcrates/sui-core/src/checkpoints/checkpoint_executor/mod.rs[0m[2m:[0m[2m332:[0m Received checkpoint summary from state sync [3msequence_number[0m[2m=[0m214
[2m2025-03-25T07:54:58.974300Z[0m [32m INFO[0m [1mnode[0m[1m{[0m[3mname[0m[2m=[0mk#8dcff6d1..[1m}[0m[2m:[0m [2msui_core::checkpoints::checkpoint_executor[0m[2m:[0m [2mcrates/sui-core/src/checkpoints/checkpoint_executor/mod.rs[0m[2m:[0m[2m332:[0m Received checkpoint summary from state sync [3msequence_number[0m[2m=[0m161
[2m2025-03-25T07:54:58.974349Z[0m [32m INFO[0m [1mnode[0m[1m{[0m[3mname[0m[2m=[0mk#8dcff6d1..[1m}[0m[2m:[0m [2msui_core::checkpoints::checkpoint_executor[0m[2m:[0m [2mcrates/sui-core/src/checkpoints/checkpoint_executor/mod.rs[0m[2m:[0m[2m332:[0m Received checkpoint summary from state sync [3msequence_number[0m[2m=[0m162
[2m2025-03-25T07:54:58.974392Z[0m [32m INFO[0m [1mnode[0m[1m{[0m[3mname[0m[2m=[0mk#8dcff6d1..[1m}[0m[2m:[0m [2msui_core::checkpoints::checkpoint_executor[0m[2m:[0m [2mcrates/sui-core/src/checkpoints/checkpoint_executor/mod.rs[0m[2m:[0m[2m332:[0m Received checkpoint summary from state sync [3msequence_number[0m[2m=[0m163
[2m2025-03-25T07:54:58.974415Z[0m [32m INFO[0m [1mnode[0m[1m{[0m[3mname[0m[2m=[0mk#99f25ef6..[1m}[0m[2m:[0m [2msui_core::state_accumulator[0m[2m:[0m [2mcrates/sui-core/src/state_accumulator.rs[0m[2m:[0m[2m675:[0m accumulating running root for checkpoint 214
[2m2025-03-25T07:54:58.974434Z[0m [32m INFO[0m [1mnode[0m[1m{[0m[3mname[0m[2m=[0mk#8dcff6d1..[1m}[0m[2m:[0m [2msui_core::checkpoints::checkpoint_executor[0m[2m:[0m [2mcrates/sui-core/src/checkpoints/checkpoint_executor/mod.rs[0m[2m:[0m[2m332:[0m Received checkpoint summary from state sync [3msequence_number[0m[2m=[0m164
[2m2025-03-25T07:54:58.974476Z[0m [32m INFO[0m [1mnode[0m[1m{[0m[3mname[0m[2m=[0mk#8dcff6d1..[1m}[0m[2m:[0m [2msui_core::checkpoints::checkpoint_executor[0m[2m:[0m [2mcrates/sui-core/src/checkpoints/checkpoint_executor/mod.rs[0m[2m:[0m[2m332:[0m Received checkpoint summary from state sync [3msequence_number[0m[2m=[0m165
[2m2025-03-25T07:54:58.974519Z[0m [32m INFO[0m [1mnode[0m[1m{[0m[3mname[0m[2m=[0mk#8dcff6d1..[1m}[0m[2m:[0m [2msui_core::checkpoints::checkpoint_executor[0m[2m:[0m [2mcrates/sui-core/src/checkpoints/checkpoint_executor/mod.rs[0m[2m:[0m[2m332:[0m Received checkpoint summary from state sync [3msequence_number[0m[2m=[0m166
[2m2025-03-25T07:54:58.974561Z[0m [32m INFO[0m [1mnode[0m[1m{[0m[3mname[0m[2m=[0mk#8dcff6d1..[1m}[0m[2m:[0m [2msui_core::checkpoints::checkpoint_executor[0m[2m:[0m [2mcrates/sui-core/src/checkpoints/checkpoint_executor/mod.rs[0m[2m:[0m[2m332:[0m Received checkpoint summary from state sync [3msequence_number[0m[2m=[0m167
[2m2025-03-25T07:54:58.974602Z[0m [32m INFO[0m [1mnode[0m[1m{[0m[3mname[0m[2m=[0mk#8dcff6d1..[1m}[0m[2m:[0m [2msui_core::checkpoints::checkpoint_executor[0m[2m:[0m [2mcrates/sui-core/src/checkpoints/checkpoint_executor/mod.rs[0m[2m:[0m[2m332:[0m Received checkpoint summary from state sync [3msequence_number[0m[2m=[0m168
[2m2025-03-25T07:54:58.974648Z[0m [32m INFO[0m [1mnode[0m[1m{[0m[3mname[0m[2m=[0mk#8dcff6d1..[1m}[0m[2m:[0m [2msui_core::checkpoints::checkpoint_executor[0m[2m:[0m [2mcrates/sui-core/src/checkpoints/checkpoint_executor/mod.rs[0m[2m:[0m[2m332:[0m Received checkpoint summary from state sync [3msequence_number[0m[2m=[0m169
[2m2025-03-25T07:54:58.974689Z[0m [32m INFO[0m [1mnode[0m[1m{[0m[3mname[0m[2m=[0mk#8dcff6d1..[1m}[0m[2m:[0m [2msui_core::checkpoints::checkpoint_executor[0m[2m:[0m [2mcrates/sui-core/src/checkpoints/checkpoint_executor/mod.rs[0m[2m:[0m[2m332:[0m Received checkpoint summary from state sync [3msequence_number[0m[2m=[0m170
[2m2025-03-25T07:54:58.974731Z[0m [32m INFO[0m [1mnode[0m[1m{[0m[3mname[0m[2m=[0mk#8dcff6d1..[1m}[0m[2m:[0m [2msui_core::checkpoints::checkpoint_executor[0m[2m:[0m [2mcrates/sui-core/src/checkpoints/checkpoint_executor/mod.rs[0m[2m:[0m[2m332:[0m Received checkpoint summary from state sync [3msequence_number[0m[2m=[0m171
[2m2025-03-25T07:54:58.974774Z[0m [32m INFO[0m [1mnode[0m[1m{[0m[3mname[0m[2m=[0mk#8dcff6d1..[1m}[0m[2m:[0m [2msui_core::checkpoints::checkpoint_executor[0m[2m:[0m [2mcrates/sui-core/src/checkpoints/checkpoint_executor/mod.rs[0m[2m:[0m[2m332:[0m Received checkpoint summary from state sync [3msequence_number[0m[2m=[0m172
[2m2025-03-25T07:54:58.974816Z[0m [32m INFO[0m [1mnode[0m[1m{[0m[3mname[0m[2m=[0mk#8dcff6d1..[1m}[0m[2m:[0m [2msui_core::checkpoints::checkpoint_executor[0m[2m:[0m [2mcrates/sui-core/src/checkpoints/checkpoint_executor/mod.rs[0m[2m:[0m[2m332:[0m Received checkpoint summary from state sync [3msequence_number[0m[2m=[0m173
[2m2025-03-25T07:54:58.974856Z[0m [32m INFO[0m [1mnode[0m[1m{[0m[3mname[0m[2m=[0mk#8dcff6d1..[1m}[0m[2m:[0m [2msui_core::checkpoints::checkpoint_executor[0m[2m:[0m [2mcrates/sui-core/src/checkpoints/checkpoint_executor/mod.rs[0m[2m:[0m[2m332:[0m Received checkpoint summary from state sync [3msequence_number[0m[2m=[0m174
[2m2025-03-25T07:54:58.974897Z[0m [32m INFO[0m [1mnode[0m[1m{[0m[3mname[0m[2m=[0mk#8dcff6d1..[1m}[0m[2m:[0m [2msui_core::checkpoints::checkpoint_executor[0m[2m:[0m [2mcrates/sui-core/src/checkpoints/checkpoint_executor/mod.rs[0m[2m:[0m[2m332:[0m Received checkpoint summary from state sync [3msequence_number[0m[2m=[0m175
[2m2025-03-25T07:54:58.974938Z[0m [32m INFO[0m [1mnode[0m[1m{[0m[3mname[0m[2m=[0mk#8dcff6d1..[1m}[0m[2m:[0m [2msui_core::checkpoints::checkpoint_executor[0m[2m:[0m [2mcrates/sui-core/src/checkpoints/checkpoint_executor/mod.rs[0m[2m:[0m[2m332:[0m Received checkpoint summary from state sync [3msequence_number[0m[2m=[0m176
[2m2025-03-25T07:54:58.974982Z[0m [32m INFO[0m [1mnode[0m[1m{[0m[3mname[0m[2m=[0mk#8dcff6d1..[1m}[0m[2m:[0m [2msui_core::checkpoints::checkpoint_executor[0m[2m:[0m [2mcrates/sui-core/src/checkpoints/checkpoint_executor/mod.rs[0m[2m:[0m[2m332:[0m Received checkpoint summary from state sync [3msequence_number[0m[2m=[0m177
[2m2025-03-25T07:54:58.975023Z[0m [32m INFO[0m [1mnode[0m[1m{[0m[3mname[0m[2m=[0mk#8dcff6d1..[1m}[0m[2m:[0m [2msui_core::checkpoints::checkpoint_executor[0m[2m:[0m [2mcrates/sui-core/src/checkpoints/checkpoint_executor/mod.rs[0m[2m:[0m[2m332:[0m Received checkpoint summary from state sync [3msequence_number[0m[2m=[0m178
[2m2025-03-25T07:54:58.975064Z[0m [32m INFO[0m [1mnode[0m[1m{[0m[3mname[0m[2m=[0mk#8dcff6d1..[1m}[0m[2m:[0m [2msui_core::checkpoints::checkpoint_executor[0m[2m:[0m [2mcrates/sui-core/src/checkpoints/checkpoint_executor/mod.rs[0m[2m:[0m[2m332:[0m Received checkpoint summary from state sync [3msequence_number[0m[2m=[0m179
[2m2025-03-25T07:54:58.975104Z[0m [32m INFO[0m [1mnode[0m[1m{[0m[3mname[0m[2m=[0mk#8dcff6d1..[1m}[0m[2m:[0m [2msui_core::checkpoints::checkpoint_executor[0m[2m:[0m [2mcrates/sui-core/src/checkpoints/checkpoint_executor/mod.rs[0m[2m:[0m[2m332:[0m Received checkpoint summary from state sync [3msequence_number[0m[2m=[0m180
[2m2025-03-25T07:54:58.975144Z[0m [32m INFO[0m [1mnode[0m[1m{[0m[3mname[0m[2m=[0mk#8dcff6d1..[1m}[0m[2m:[0m [2msui_core::checkpoints::checkpoint_executor[0m[2m:[0m [2mcrates/sui-core/src/checkpoints/checkpoint_executor/mod.rs[0m[2m:[0m[2m332:[0m Received checkpoint summary from state sync [3msequence_number[0m[2m=[0m181
[2m2025-03-25T07:54:58.975185Z[0m [32m INFO[0m [1mnode[0m[1m{[0m[3mname[0m[2m=[0mk#8dcff6d1..[1m}[0m[2m:[0m [2msui_core::checkpoints::checkpoint_executor[0m[2m:[0m [2mcrates/sui-core/src/checkpoints/checkpoint_executor/mod.rs[0m[2m:[0m[2m332:[0m Received checkpoint summary from state sync [3msequence_number[0m[2m=[0m182
[2m2025-03-25T07:54:58.975227Z[0m [32m INFO[0m [1mnode[0m[1m{[0m[3mname[0m[2m=[0mk#8dcff6d1..[1m}[0m[2m:[0m [2msui_core::checkpoints::checkpoint_executor[0m[2m:[0m [2mcrates/sui-core/src/checkpoints/checkpoint_executor/mod.rs[0m[2m:[0m[2m332:[0m Received checkpoint summary from state sync [3msequence_number[0m[2m=[0m183
[2m2025-03-25T07:54:58.975266Z[0m [32m INFO[0m [1mnode[0m[1m{[0m[3mname[0m[2m=[0mk#8dcff6d1..[1m}[0m[2m:[0m [2msui_core::checkpoints::checkpoint_executor[0m[2m:[0m [2mcrates/sui-core/src/checkpoints/checkpoint_executor/mod.rs[0m[2m:[0m[2m332:[0m Received checkpoint summary from state sync [3msequence_number[0m[2m=[0m184
[2m2025-03-25T07:54:58.975307Z[0m [32m INFO[0m [1mnode[0m[1m{[0m[3mname[0m[2m=[0mk#8dcff6d1..[1m}[0m[2m:[0m [2msui_core::checkpoints::checkpoint_executor[0m[2m:[0m [2mcrates/sui-core/src/checkpoints/checkpoint_executor/mod.rs[0m[2m:[0m[2m332:[0m Received checkpoint summary from state sync [3msequence_number[0m[2m=[0m185
[2m2025-03-25T07:54:58.975346Z[0m [32m INFO[0m [1mnode[0m[1m{[0m[3mname[0m[2m=[0mk#8dcff6d1..[1m}[0m[2m:[0m [2msui_core::checkpoints::checkpoint_executor[0m[2m:[0m [2mcrates/sui-core/src/checkpoints/checkpoint_executor/mod.rs[0m[2m:[0m[2m332:[0m Received checkpoint summary from state sync [3msequence_number[0m[2m=[0m186
[2m2025-03-25T07:54:58.975387Z[0m [32m INFO[0m [1mnode[0m[1m{[0m[3mname[0m[2m=[0mk#8dcff6d1..[1m}[0m[2m:[0m [2msui_core::checkpoints::checkpoint_executor[0m[2m:[0m [2mcrates/sui-core/src/checkpoints/checkpoint_executor/mod.rs[0m[2m:[0m[2m332:[0m Received checkpoint summary from state sync [3msequence_number[0m[2m=[0m187
[2m2025-03-25T07:54:58.975427Z[0m [32m INFO[0m [1mnode[0m[1m{[0m[3mname[0m[2m=[0mk#8dcff6d1..[1m}[0m[2m:[0m [2msui_core::checkpoints::checkpoint_executor[0m[2m:[0m [2mcrates/sui-core/src/checkpoints/checkpoint_executor/mod.rs[0m[2m:[0m[2m332:[0m Received checkpoint summary from state sync [3msequence_number[0m[2m=[0m188
[2m2025-03-25T07:54:58.975466Z[0m [32m INFO[0m [1mnode[0m[1m{[0m[3mname[0m[2m=[0mk#8dcff6d1..[1m}[0m[2m:[0m [2msui_core::checkpoints::checkpoint_executor[0m[2m:[0m [2mcrates/sui-core/src/checkpoints/checkpoint_executor/mod.rs[0m[2m:[0m[2m332:[0m Received checkpoint summary from state sync [3msequence_number[0m[2m=[0m189
[2m2025-03-25T07:54:58.975505Z[0m [32m INFO[0m [1mnode[0m[1m{[0m[3mname[0m[2m=[0mk#8dcff6d1..[1m}[0m[2m:[0m [2msui_core::checkpoints::checkpoint_executor[0m[2m:[0m [2mcrates/sui-core/src/checkpoints/checkpoint_executor/mod.rs[0m[2m:[0m[2m332:[0m Received checkpoint summary from state sync [3msequence_number[0m[2m=[0m190
[2m2025-03-25T07:54:58.975546Z[0m [32m INFO[0m [1mnode[0m[1m{[0m[3mname[0m[2m=[0mk#8dcff6d1..[1m}[0m[2m:[0m [2msui_core::checkpoints::checkpoint_executor[0m[2m:[0m [2mcrates/sui-core/src/checkpoints/checkpoint_executor/mod.rs[0m[2m:[0m[2m332:[0m Received checkpoint summary from state sync [3msequence_number[0m[2m=[0m191
[2m2025-03-25T07:54:58.975586Z[0m [32m INFO[0m [1mnode[0m[1m{[0m[3mname[0m[2m=[0mk#8dcff6d1..[1m}[0m[2m:[0m [2msui_core::checkpoints::checkpoint_executor[0m[2m:[0m [2mcrates/sui-core/src/checkpoints/checkpoint_executor/mod.rs[0m[2m:[0m[2m332:[0m Received checkpoint summary from state sync [3msequence_number[0m[2m=[0m192
[2m2025-03-25T07:54:58.975625Z[0m [32m INFO[0m [1mnode[0m[1m{[0m[3mname[0m[2m=[0mk#8dcff6d1..[1m}[0m[2m:[0m [2msui_core::checkpoints::checkpoint_executor[0m[2m:[0m [2mcrates/sui-core/src/checkpoints/checkpoint_executor/mod.rs[0m[2m:[0m[2m332:[0m Received checkpoint summary from state sync [3msequence_number[0m[2m=[0m193
[2m2025-03-25T07:54:58.975664Z[0m [32m INFO[0m [1mnode[0m[1m{[0m[3mname[0m[2m=[0mk#8dcff6d1..[1m}[0m[2m:[0m [2msui_core::checkpoints::checkpoint_executor[0m[2m:[0m [2mcrates/sui-core/src/checkpoints/checkpoint_executor/mod.rs[0m[2m:[0m[2m332:[0m Received checkpoint summary from state sync [3msequence_number[0m[2m=[0m194
[2m2025-03-25T07:54:58.975703Z[0m [32m INFO[0m [1mnode[0m[1m{[0m[3mname[0m[2m=[0mk#8dcff6d1..[1m}[0m[2m:[0m [2msui_core::checkpoints::checkpoint_executor[0m[2m:[0m [2mcrates/sui-core/src/checkpoints/checkpoint_executor/mod.rs[0m[2m:[0m[2m332:[0m Received checkpoint summary from state sync [3msequence_number[0m[2m=[0m195
[2m2025-03-25T07:54:58.975743Z[0m [32m INFO[0m [1mnode[0m[1m{[0m[3mname[0m[2m=[0mk#8dcff6d1..[1m}[0m[2m:[0m [2msui_core::checkpoints::checkpoint_executor[0m[2m:[0m [2mcrates/sui-core/src/checkpoints/checkpoint_executor/mod.rs[0m[2m:[0m[2m332:[0m Received checkpoint summary from state sync [3msequence_number[0m[2m=[0m196
[2m2025-03-25T07:54:58.975783Z[0m [32m INFO[0m [1mnode[0m[1m{[0m[3mname[0m[2m=[0mk#8dcff6d1..[1m}[0m[2m:[0m [2msui_core::checkpoints::checkpoint_executor[0m[2m:[0m [2mcrates/sui-core/src/checkpoints/checkpoint_executor/mod.rs[0m[2m:[0m[2m332:[0m Received checkpoint summary from state sync [3msequence_number[0m[2m=[0m197
[2m2025-03-25T07:54:58.975822Z[0m [32m INFO[0m [1mnode[0m[1m{[0m[3mname[0m[2m=[0mk#8dcff6d1..[1m}[0m[2m:[0m [2msui_core::checkpoints::checkpoint_executor[0m[2m:[0m [2mcrates/sui-core/src/checkpoints/checkpoint_executor/mod.rs[0m[2m:[0m[2m332:[0m Received checkpoint summary from state sync [3msequence_number[0m[2m=[0m198
[2m2025-03-25T07:54:58.975862Z[0m [32m INFO[0m [1mnode[0m[1m{[0m[3mname[0m[2m=[0mk#8dcff6d1..[1m}[0m[2m:[0m [2msui_core::checkpoints::checkpoint_executor[0m[2m:[0m [2mcrates/sui-core/src/checkpoints/checkpoint_executor/mod.rs[0m[2m:[0m[2m332:[0m Received checkpoint summary from state sync [3msequence_number[0m[2m=[0m199
[2m2025-03-25T07:54:58.975902Z[0m [32m INFO[0m [1mnode[0m[1m{[0m[3mname[0m[2m=[0mk#8dcff6d1..[1m}[0m[2m:[0m [2msui_core::checkpoints::checkpoint_executor[0m[2m:[0m [2mcrates/sui-core/src/checkpoints/checkpoint_executor/mod.rs[0m[2m:[0m[2m332:[0m Received checkpoint summary from state sync [3msequence_number[0m[2m=[0m200
[2m2025-03-25T07:54:58.975942Z[0m [32m INFO[0m [1mnode[0m[1m{[0m[3mname[0m[2m=[0mk#8dcff6d1..[1m}[0m[2m:[0m [2msui_core::checkpoints::checkpoint_executor[0m[2m:[0m [2mcrates/sui-core/src/checkpoints/checkpoint_executor/mod.rs[0m[2m:[0m[2m332:[0m Received checkpoint summary from state sync [3msequence_number[0m[2m=[0m201
[2m2025-03-25T07:54:58.975983Z[0m [32m INFO[0m [1mnode[0m[1m{[0m[3mname[0m[2m=[0mk#8dcff6d1..[1m}[0m[2m:[0m [2msui_core::checkpoints::checkpoint_executor[0m[2m:[0m [2mcrates/sui-core/src/checkpoints/checkpoint_executor/mod.rs[0m[2m:[0m[2m332:[0m Received checkpoint summary from state sync [3msequence_number[0m[2m=[0m202
[2m2025-03-25T07:54:58.976022Z[0m [32m INFO[0m [1mnode[0m[1m{[0m[3mname[0m[2m=[0mk#8dcff6d1..[1m}[0m[2m:[0m [2msui_core::checkpoints::checkpoint_executor[0m[2m:[0m [2mcrates/sui-core/src/checkpoints/checkpoint_executor/mod.rs[0m[2m:[0m[2m332:[0m Received checkpoint summary from state sync [3msequence_number[0m[2m=[0m203
[2m2025-03-25T07:54:58.976063Z[0m [32m INFO[0m [1mnode[0m[1m{[0m[3mname[0m[2m=[0mk#8dcff6d1..[1m}[0m[2m:[0m [2msui_core::checkpoints::checkpoint_executor[0m[2m:[0m [2mcrates/sui-core/src/checkpoints/checkpoint_executor/mod.rs[0m[2m:[0m[2m332:[0m Received checkpoint summary from state sync [3msequence_number[0m[2m=[0m204
[2m2025-03-25T07:54:58.976104Z[0m [32m INFO[0m [1mnode[0m[1m{[0m[3mname[0m[2m=[0mk#8dcff6d1..[1m}[0m[2m:[0m [2msui_core::checkpoints::checkpoint_executor[0m[2m:[0m [2mcrates/sui-core/src/checkpoints/checkpoint_executor/mod.rs[0m[2m:[0m[2m332:[0m Received checkpoint summary from state sync [3msequence_number[0m[2m=[0m205
[2m2025-03-25T07:54:58.976144Z[0m [32m INFO[0m [1mnode[0m[1m{[0m[3mname[0m[2m=[0mk#8dcff6d1..[1m}[0m[2m:[0m [2msui_core::checkpoints::checkpoint_executor[0m[2m:[0m [2mcrates/sui-core/src/checkpoints/checkpoint_executor/mod.rs[0m[2m:[0m[2m332:[0m Received checkpoint summary from state sync [3msequence_number[0m[2m=[0m206
[2m2025-03-25T07:54:58.976183Z[0m [32m INFO[0m [1mnode[0m[1m{[0m[3mname[0m[2m=[0mk#8dcff6d1..[1m}[0m[2m:[0m [2msui_core::checkpoints::checkpoint_executor[0m[2m:[0m [2mcrates/sui-core/src/checkpoints/checkpoint_executor/mod.rs[0m[2m:[0m[2m332:[0m Received checkpoint summary from state sync [3msequence_number[0m[2m=[0m207
[2m2025-03-25T07:54:58.976223Z[0m [32m INFO[0m [1mnode[0m[1m{[0m[3mname[0m[2m=[0mk#8dcff6d1..[1m}[0m[2m:[0m [2msui_core::checkpoints::checkpoint_executor[0m[2m:[0m [2mcrates/sui-core/src/checkpoints/checkpoint_executor/mod.rs[0m[2m:[0m[2m332:[0m Received checkpoint summary from state sync [3msequence_number[0m[2m=[0m208
[2m2025-03-25T07:54:58.976263Z[0m [32m INFO[0m [1mnode[0m[1m{[0m[3mname[0m[2m=[0mk#8dcff6d1..[1m}[0m[2m:[0m [2msui_core::checkpoints::checkpoint_executor[0m[2m:[0m [2mcrates/sui-core/src/checkpoints/checkpoint_executor/mod.rs[0m[2m:[0m[2m332:[0m Received checkpoint summary from state sync [3msequence_number[0m[2m=[0m209
[2m2025-03-25T07:54:58.976302Z[0m [32m INFO[0m [1mnode[0m[1m{[0m[3mname[0m[2m=[0mk#8dcff6d1..[1m}[0m[2m:[0m [2msui_core::checkpoints::checkpoint_executor[0m[2m:[0m [2mcrates/sui-core/src/checkpoints/checkpoint_executor/mod.rs[0m[2m:[0m[2m332:[0m Received checkpoint summary from state sync [3msequence_number[0m[2m=[0m210
[2m2025-03-25T07:54:58.976343Z[0m [32m INFO[0m [1mnode[0m[1m{[0m[3mname[0m[2m=[0mk#8dcff6d1..[1m}[0m[2m:[0m [2msui_core::checkpoints::checkpoint_executor[0m[2m:[0m [2mcrates/sui-core/src/checkpoints/checkpoint_executor/mod.rs[0m[2m:[0m[2m332:[0m Received checkpoint summary from state sync [3msequence_number[0m[2m=[0m211
[2m2025-03-25T07:54:58.976383Z[0m [32m INFO[0m [1mnode[0m[1m{[0m[3mname[0m[2m=[0mk#8dcff6d1..[1m}[0m[2m:[0m [2msui_core::checkpoints::checkpoint_executor[0m[2m:[0m [2mcrates/sui-core/src/checkpoints/checkpoint_executor/mod.rs[0m[2m:[0m[2m332:[0m Received checkpoint summary from state sync [3msequence_number[0m[2m=[0m212
[2m2025-03-25T07:54:58.976423Z[0m [32m INFO[0m [1mnode[0m[1m{[0m[3mname[0m[2m=[0mk#8dcff6d1..[1m}[0m[2m:[0m [2msui_core::checkpoints::checkpoint_executor[0m[2m:[0m [2mcrates/sui-core/src/checkpoints/checkpoint_executor/mod.rs[0m[2m:[0m[2m332:[0m Received checkpoint summary from state sync [3msequence_number[0m[2m=[0m213
[2m2025-03-25T07:54:58.977275Z[0m [32m INFO[0m [1mnode[0m[1m{[0m[3mname[0m[2m=[0mk#8dcff6d1..[1m}[0m[2m:[0m [2mconsensus_core::core[0m[2m:[0m [2mconsensus/core/src/core.rs[0m[2m:[0m[2m630:[0m Committing 1 leaders: B1(B,Z4YE)
[2m2025-03-25T07:54:58.977382Z[0m [32m INFO[0m [1mnode[0m[1m{[0m[3mname[0m[2m=[0mk#8dcff6d1..[1m}[0m[2m:[0m [2mconsensus_core::commit_observer[0m[2m:[0m [2mconsensus/core/src/commit_observer.rs[0m[2m:[0m[2m173:[0m Consensus commit C1(rEwb) with leader B1(B,Z4YE) has 1 blocks
[2m2025-03-25T07:54:58.977476Z[0m [32m INFO[0m [1mnode[0m[1m{[0m[3mname[0m[2m=[0mk#8dcff6d1..[1m}[0m[2m:[0m [2msui_core::consensus_handler[0m[2m:[0m [2mcrates/sui-core/src/consensus_handler.rs[0m[2m:[0m[2m232:[0m Received consensus output [3mconsensus_commit[0m[2m=[0mCommittedSubDag(leader=B1(B,Z4YE), ref=C1(rEwb), blocks=[Z4YE]) [3mepoch[0m[2m=[0m1
[2m2025-03-25T07:54:58.989710Z[0m [32m INFO[0m [1mnode[0m[1m{[0m[3mname[0m[2m=[0mk#8dcff6d1..[1m}[0m[2m:[0m [2msui_core::authority::authority_per_epoch_store[0m[2m:[0m [2mcrates/sui-core/src/authority/authority_per_epoch_store.rs[0m[2m:[0m[2m2328:[0m received capabilities v2 AuthorityCapabilities { authority: k#99f25ef6.., generation: 1742889297638, supported_protocol_versions: SupportedProtocolVersionsWithHashes { versions: [(ProtocolVersion(70), FrKhfrh2j9vdniFPmvfUN4Qs6Wo8dnCkB6ghPa5qoiPF)] }, available_system_packages: [(0x0000000000000000000000000000000000000000000000000000000000000001, SequenceNumber(1), o#96Jb9mkzfqNLYnEMpVxB5dqrKbBaj23w7iXPjTYFdrQw), (0x0000000000000000000000000000000000000000000000000000000000000002, SequenceNumber(2), o#5vKHEC2GkQgKUCg83C4NUMDy8cTwcYkVhzjF4knW2Z6R), (0x00000000000000000000000000000000000000000000000000000000000000c8, SequenceNumber(2), o#2TYk2oyyHbsNv1bR7jCYed6uyR86PTo5AajvrgGFYzTx), (0x0000000000000000000000000000000000000000000000000000000000000003, SequenceNumber(2), o#9Bzszwhj3hrhNbiSeGiaUXHUu9QqWBwqgAjxASZwA79T), (0x000000000000000000000000000000000000000000000000000000000000000b, SequenceNumber(2), o#2u7iZbKqeCefn4DioNR4X6FuGfVBCErkLW6Kpo7RZmLq)] }
[2m2025-03-25T07:54:58.990897Z[0m [32m INFO[0m [1mnode[0m[1m{[0m[3mname[0m[2m=[0mk#8dcff6d1..[1m}[0m[2m:[0m [2msui_core::checkpoints::checkpoint_executor[0m[2m:[0m [2mcrates/sui-core/src/checkpoints/checkpoint_executor/mod.rs[0m[2m:[0m[2m332:[0m Received checkpoint summary from state sync [3msequence_number[0m[2m=[0m214
[2m2025-03-25T07:54:59.001264Z[0m [32m INFO[0m [2mfastcrypto_tbls::dkg_v1[0m[2m:[0m [2m/Users/mofei/.cargo/git/checkouts/fastcrypto-b430feb5437546af/9519ebc/fastcrypto-tbls/src/dkg_v1.rs[0m[2m:[0m[2m422:[0m DKG: Successfully processed message from party 1
[2m2025-03-25T07:54:59.066875Z[0m [32m INFO[0m [1mnode[0m[1m{[0m[3mname[0m[2m=[0mk#8dcff6d1..[1m}[0m[2m:[0m [2msui_core::state_accumulator[0m[2m:[0m [2mcrates/sui-core/src/state_accumulator.rs[0m[2m:[0m[2m675:[0m accumulating running root for checkpoint 214
[2m2025-03-25T07:54:59.069259Z[0m [32m INFO[0m [1mnode[0m[1m{[0m[3mname[0m[2m=[0mk#8dcff6d1..[1m}[0m[2m:[0m [2msui_core::checkpoints[0m[2m:[0m [2mcrates/sui-core/src/checkpoints/mod.rs[0m[2m:[0m[2m1326:[0m Creating checkpoint(s) for 1 transactions [3mnext_checkpoint_seq[0m[2m=[0m214 [3mcheckpoint_timestamp[0m[2m=[0m1742889297654
[2m2025-03-25T07:54:59.069506Z[0m [32m INFO[0m [1mnode[0m[1m{[0m[3mname[0m[2m=[0mk#8dcff6d1..[1m}[0m[2m:[0m [2msui_core::checkpoints::checkpoint_output[0m[2m:[0m [2mcrates/sui-core/src/checkpoints/checkpoint_output.rs[0m[2m:[0m[2m149:[0m Creating checkpoint CheckpointDigest(FjoyhTPH5tvE2Wn1swUe7Mima51EUnQpfNNBGbhZwykR) at epoch 1, sequence 214, previous digest Some(CheckpointDigest(EnwMWjMAh6p8WZe94XKNSPnGT1BGJKQ2NJV3nH8Cm1X6)), transactions count 1, content digest CheckpointContentsDigest(DaC3PKgbDHXXPigFj7TCKDhHcW5BWYDkRKWZNd8K24kC), end_of_epoch_data None
[2m2025-03-25T07:54:59.180128Z[0m [32m INFO[0m [1mnode[0m[1m{[0m[3mname[0m[2m=[0mk#8dcff6d1..[1m}[0m[2m:[0m [2mconsensus_core::core[0m[2m:[0m [2mconsensus/core/src/core.rs[0m[2m:[0m[2m630:[0m Committing 1 leaders: B2(C,Beqp)
[2m2025-03-25T07:54:59.180269Z[0m [32m INFO[0m [1mnode[0m[1m{[0m[3mname[0m[2m=[0mk#8dcff6d1..[1m}[0m[2m:[0m [2mconsensus_core::commit_observer[0m[2m:[0m [2mconsensus/core/src/commit_observer.rs[0m[2m:[0m[2m173:[0m Consensus commit C2(z5QA) with leader B2(C,Beqp) has 3 blocks
[2m2025-03-25T07:54:59.180342Z[0m [32m INFO[0m [1mnode[0m[1m{[0m[3mname[0m[2m=[0mk#8dcff6d1..[1m}[0m[2m:[0m [2msui_core::consensus_handler[0m[2m:[0m [2mcrates/sui-core/src/consensus_handler.rs[0m[2m:[0m[2m232:[0m Received consensus output [3mconsensus_commit[0m[2m=[0mCommittedSubDag(leader=B2(C,Beqp), ref=C2(z5QA), blocks=[9ak5, XqrR, Beqp]) [3mepoch[0m[2m=[0m1
[2m2025-03-25T07:54:59.189674Z[0m [32m INFO[0m [1mnode[0m[1m{[0m[3mname[0m[2m=[0mk#addeef94..[1m}[0m[2m:[0m [2mconsensus_core::core[0m[2m:[0m [2mconsensus/core/src/core.rs[0m[2m:[0m[2m945:[0m Included 3 ancestors & excluded 0 ancestors for proposal in round 7
[2m2025-03-25T07:54:59.189690Z[0m [32m INFO[0m [1mnode[0m[1m{[0m[3mname[0m[2m=[0mk#99f25ef6..[1m}[0m[2m:[0m [2mconsensus_core::core[0m[2m:[0m [2mconsensus/core/src/core.rs[0m[2m:[0m[2m945:[0m Included 3 ancestors & excluded 0 ancestors for proposal in round 7
[2m2025-03-25T07:54:59.189977Z[0m [32m INFO[0m [1mnode[0m[1m{[0m[3mname[0m[2m=[0mk#99f25ef6..[1m}[0m[2m:[0m [2mconsensus_core::core[0m[2m:[0m [2mconsensus/core/src/core.rs[0m[2m:[0m[2m531:[0m Created block B7(B,KPobDqTKTKo/IG+nb8cFzWkiviXiWl00IFam24u1yz4=)(1742889299189ms;[B6(B,QCd/2emQla6emWxuVEBQBayZc1SqH+youYWiS19POQQ=), B3(A,tzM8+m5qFfWWxguel9388ItDSaV79NGl+a4ZYeLyVk8=), B6(C,5ApfdIVZVGkRUCMye/S65gPsAFpQbCjttk2d7YesvSc=)];1t;1c) for round 7
[2m2025-03-25T07:54:59.189977Z[0m [32m INFO[0m [1mnode[0m[1m{[0m[3mname[0m[2m=[0mk#addeef94..[1m}[0m[2m:[0m [2mconsensus_core::core[0m[2m:[0m [2mconsensus/core/src/core.rs[0m[2m:[0m[2m531:[0m Created block B7(C,qgdg7EYuXUupG3NbhCrcInlpACX8oUzu8v//5p8Ak3w=)(1742889299189ms;[B6(C,5ApfdIVZVGkRUCMye/S65gPsAFpQbCjttk2d7YesvSc=), B3(A,tzM8+m5qFfWWxguel9388ItDSaV79NGl+a4ZYeLyVk8=), B6(B,QCd/2emQla6emWxuVEBQBayZc1SqH+youYWiS19POQQ=)];1t;1c) for round 7
[2m2025-03-25T07:54:59.191631Z[0m [32m INFO[0m [1mnode[0m[1m{[0m[3mname[0m[2m=[0mk#addeef94..[1m}[0m[2m:[0m [2mconsensus_core::core[0m[2m:[0m [2mconsensus/core/src/core.rs[0m[2m:[0m[2m630:[0m Committing 1 leaders: B5(C,AJSu)
[2m2025-03-25T07:54:59.191716Z[0m [32m INFO[0m [1mnode[0m[1m{[0m[3mname[0m[2m=[0mk#addeef94..[1m}[0m[2m:[0m [2mconsensus_core::commit_observer[0m[2m:[0m [2mconsensus/core/src/commit_observer.rs[0m[2m:[0m[2m173:[0m Consensus commit C4(y7bT) with leader B5(C,AJSu) has 3 blocks
[2m2025-03-25T07:54:59.191741Z[0m [32m INFO[0m [1mnode[0m[1m{[0m[3mname[0m[2m=[0mk#99f25ef6..[1m}[0m[2m:[0m [2mconsensus_core::core[0m[2m:[0m [2mconsensus/core/src/core.rs[0m[2m:[0m[2m630:[0m Committing 1 leaders: B5(C,AJSu)
[2m2025-03-25T07:54:59.191787Z[0m [32m INFO[0m [1mnode[0m[1m{[0m[3mname[0m[2m=[0mk#addeef94..[1m}[0m[2m:[0m [2msui_core::consensus_handler[0m[2m:[0m [2mcrates/sui-core/src/consensus_handler.rs[0m[2m:[0m[2m232:[0m Received consensus output [3mconsensus_commit[0m[2m=[0mCommittedSubDag(leader=B5(C,AJSu), ref=C4(y7bT), blocks=[hHHa, 994w, AJSu]) [3mepoch[0m[2m=[0m1
[2m2025-03-25T07:54:59.191822Z[0m [32m INFO[0m [1mnode[0m[1m{[0m[3mname[0m[2m=[0mk#99f25ef6..[1m}[0m[2m:[0m [2mconsensus_core::commit_observer[0m[2m:[0m [2mconsensus/core/src/commit_observer.rs[0m[2m:[0m[2m173:[0m Consensus commit C4(y7bT) with leader B5(C,AJSu) has 3 blocks
[2m2025-03-25T07:54:59.191853Z[0m [32m INFO[0m [1mnode[0m[1m{[0m[3mname[0m[2m=[0mk#addeef94..[1m}[0m[2m:[0m [2msui_core::consensus_handler[0m[2m:[0m [2mcrates/sui-core/src/consensus_handler.rs[0m[2m:[0m[2m520:[0m creating authenticator state update transaction
[2m2025-03-25T07:54:59.191886Z[0m [32m INFO[0m [1mnode[0m[1m{[0m[3mname[0m[2m=[0mk#99f25ef6..[1m}[0m[2m:[0m [2msui_core::consensus_handler[0m[2m:[0m [2mcrates/sui-core/src/consensus_handler.rs[0m[2m:[0m[2m232:[0m Received consensus output [3mconsensus_commit[0m[2m=[0mCommittedSubDag(leader=B5(C,AJSu), ref=C4(y7bT), blocks=[hHHa, 994w, AJSu]) [3mepoch[0m[2m=[0m1
[2m2025-03-25T07:54:59.191945Z[0m [32m INFO[0m [1mnode[0m[1m{[0m[3mname[0m[2m=[0mk#99f25ef6..[1m}[0m[2m:[0m [2msui_core::consensus_handler[0m[2m:[0m [2mcrates/sui-core/src/consensus_handler.rs[0m[2m:[0m[2m520:[0m creating authenticator state update transaction
[2m2025-03-25T07:54:59.192879Z[0m [32m INFO[0m [1mnode[0m[1m{[0m[3mname[0m[2m=[0mk#addeef94..[1m}[0m[2m:[0m [2msui_core::authority::authority_per_epoch_store[0m[2m:[0m [2mcrates/sui-core/src/authority/authority_per_epoch_store.rs[0m[2m:[0m[2m2388:[0m received jwk vote from k#8dcff6d1.. for jwk (JwkId { iss: "https://login.onepassport.onefc.com/de3ee5c1-5644-4113-922d-e8336569a462/v2.0/", kid: "X-yzFPFMdWtJQ1oJXiGRVnn061ezrvZz596xN3mCfyQ" }, JWK { kty: "RSA", e: "AQAB", n: "t4ZoVgvyj7jKNq-ydYvgYVn5avBR9H4BQrKy2FWlR49siiMFWhxYXtPs7o4J6hhUgo00nk9pf-7rg7XnTiI7MFp2DluhWZK41YFfyGhDpbG9EImqvmy1N8poj5fid1lAjH2CfjtDyywgV84ViQ1hA5-noOrLhjb-zMZp_yKMSEeY_Ewx70jwhXevvrANKblNUFVJPQ7EI6_La-uALNBeQfu5OgPiMPiswhoQz0bhproUc7GiRxBw-9n72z3JU3HMy9mByrDnNfaZ13_Kmp9zgZYxynv5XXWJFGVHv3GZ_cDYg6OqahmrwMhT3GYTZ8JjMzZj4gH8MCCGPxde9SotKQ", alg: "RS256" })
[2m2025-03-25T07:54:59.192911Z[0m [32m INFO[0m [1mnode[0m[1m{[0m[3mname[0m[2m=[0mk#addeef94..[1m}[0m[2m:[0m [2msui_core::authority::authority_per_epoch_store[0m[2m:[0m [2mcrates/sui-core/src/authority/authority_per_epoch_store.rs[0m[2m:[0m[2m2388:[0m received jwk vote from k#8dcff6d1.. for jwk (JwkId { iss: "https://cognito-idp.eu-west-3.amazonaws.com/eu-west-3_gGVCx53Es", kid: "JbFCSYl4Xp4UYEJHo7R0iwl/Xf3F5+z72stu8iH+QxY=" }, JWK { kty: "RSA", e: "AQAB", n: "o09QloKDInGEWvXK0aZr67RnfU9l0kmTOldGF8t36ExfBWNvRsTiTfn4VdetcJlIDrmxQSSP-2toXqQ7m1t4_idKNjkb7s1FsAtWy60mAfmyeMcGhegmxxxMtWJsk2hbY_oRuTPQEUDnTfnIMUL-oDmc_HmRNzYPrbCJolIWC2r2gkJ-q6jwGEujkaeoQq3wM_NTkeBO_rrCUngIUykbbczkMF8vELGewPgwqTjd9ZTTf08kUPF9IUtT-VyF0U-I1xrQrmU9opQ209I-Dk-ehxIHWN85nlLBxu0Krb9adSx_HDEOd00wNSQgPBkvCUPpVmC10UO7hHxzGSi7czrlsw", alg: "RS256" })
[2m2025-03-25T07:54:59.192933Z[0m [32m INFO[0m [1mnode[0m[1m{[0m[3mname[0m[2m=[0mk#addeef94..[1m}[0m[2m:[0m [2msui_core::authority::authority_per_epoch_store[0m[2m:[0m [2mcrates/sui-core/src/authority/authority_per_epoch_store.rs[0m[2m:[0m[2m2388:[0m received jwk vote from k#8dcff6d1.. for jwk (JwkId { iss: "https://cognito-idp.eu-west-3.amazonaws.com/eu-west-3_gGVCx53Es", kid: "FIqQqeRU1EQP75fBeds+wL2yczwvbDy1NF6T/f5Oe5o=" }, JWK { kty: "RSA", e: "AQAB", n: "va55QtSTFhvqx0IL8UAPNZf6x5NO9jK88Wyct-i67grbDJZyXLSxz5oSttoIHkaJZQWgl_qsgyxDpHeSMznliS0K7rXFwaw81PwDIB_ek8uKhXmaQ6ryPAaO-8kvR46o-EYyVk9wWPDHTtN6NEbiUxGoDqOoiVCrVJLsFdoia7-MMVJnR2VokbEgGGbJkZu2MipikQvk_b7BGF__5mKvCJc6hCEJcxIUFvETKA9AOhjgxLvE9U8Ke6XRfmDLKovDAsDaZsWP6VPN0HoBi5mak9CgUqmxwnvNJFLhpjawD9E23O_l4aBcie56eFcC_knUa2VOHymBoJ0On3p03yxs7Q", alg: "RS256" })
[2m2025-03-25T07:54:59.192953Z[0m [32m INFO[0m [1mnode[0m[1m{[0m[3mname[0m[2m=[0mk#addeef94..[1m}[0m[2m:[0m [2msui_core::authority::authority_per_epoch_store[0m[2m:[0m [2mcrates/sui-core/src/authority/authority_per_epoch_store.rs[0m[2m:[0m[2m2388:[0m received jwk vote from k#8dcff6d1.. for jwk (JwkId { iss: "https://oauth.sui.io", kid: "sui-key-id" }, JWK { kty: "RSA", e: "AQAB", n: "wdar6dBP7b88u6o190uXBK4yPS76OxFjiHDPwOyJwJiiAE3YRq8y_pfyQVua9nEasgrPfEBzVoC5QCld8NAC88uvbNKyoLZ6w5KlFjp88q2Sfy7nAzh3I-AnjsL6zl43NZrKep4_Nmb5nJeafcEi6B5MsYYDWW1Nn26O7ob9IWRNWcaTKhOhqDzbiN_66azN-NgaP_uHjlu1xuMV0kRt-luLSTXJS3S2n8PVNCxr3Gr2oViUpP8kSa-0i5vsg3gNtSfBY97AbChwOnyazj_PoaVD6zbEC4L5gvRZJA6vyoAWF_ZumvkwC3fxcFIBnSKMlGzS_Z-bUyQDCQy_BG9AOw", alg: "RS256" })
[2m2025-03-25T07:54:59.192954Z[0m [32m INFO[0m [1mnode[0m[1m{[0m[3mname[0m[2m=[0mk#99f25ef6..[1m}[0m[2m:[0m [2msui_core::authority::authority_per_epoch_store[0m[2m:[0m [2mcrates/sui-core/src/authority/authority_per_epoch_store.rs[0m[2m:[0m[2m2388:[0m received jwk vote from k#8dcff6d1.. for jwk (JwkId { iss: "https://login.onepassport.onefc.com/de3ee5c1-5644-4113-922d-e8336569a462/v2.0/", kid: "X-yzFPFMdWtJQ1oJXiGRVnn061ezrvZz596xN3mCfyQ" }, JWK { kty: "RSA", e: "AQAB", n: "t4ZoVgvyj7jKNq-ydYvgYVn5avBR9H4BQrKy2FWlR49siiMFWhxYXtPs7o4J6hhUgo00nk9pf-7rg7XnTiI7MFp2DluhWZK41YFfyGhDpbG9EImqvmy1N8poj5fid1lAjH2CfjtDyywgV84ViQ1hA5-noOrLhjb-zMZp_yKMSEeY_Ewx70jwhXevvrANKblNUFVJPQ7EI6_La-uALNBeQfu5OgPiMPiswhoQz0bhproUc7GiRxBw-9n72z3JU3HMy9mByrDnNfaZ13_Kmp9zgZYxynv5XXWJFGVHv3GZ_cDYg6OqahmrwMhT3GYTZ8JjMzZj4gH8MCCGPxde9SotKQ", alg: "RS256" })
[2m2025-03-25T07:54:59.192972Z[0m [32m INFO[0m [1mnode[0m[1m{[0m[3mname[0m[2m=[0mk#addeef94..[1m}[0m[2m:[0m [2msui_core::authority::authority_per_epoch_store[0m[2m:[0m [2mcrates/sui-core/src/authority/authority_per_epoch_store.rs[0m[2m:[0m[2m2388:[0m received jwk vote from k#8dcff6d1.. for jwk (JwkId { iss: "https://slack.com", kid: "mB2MAyKSn555isd0EbdhKx6nkyAi9xLq8rvCEb_nOyY" }, JWK { kty: "RSA", e: "AQAB", n: "zQqzXfb677bpMKw0idKC5WkVLyqk04PWMsWYJDKqMUUuu_PmzdsvXBfHU7tcZiNoHDuVvGDqjqnkLPEzjXnaZY0DDDHvJKS0JI8fkxIfV1kNy3DkpQMMhgAwnftUiSXgb5clypOmotAEm59gHPYjK9JHBWoHS14NYEYZv9NVy0EkjauyYDSTz589aiKU5lA-cePG93JnqLw8A82kfTlrJ1IIJo2isyBGANr0YzR-d3b_5EvP7ivU7Ph2v5JcEUHeiLSRzIzP3PuyVFrPH659Deh-UAsDFOyJbIcimg9ITnk5_45sb_Xcd_UN6h5I7TGOAFaJN4oi4aaGD4elNi_K1Q", alg: "RS256" })
[2m2025-03-25T07:54:59.192979Z[0m [32m INFO[0m [1mnode[0m[1m{[0m[3mname[0m[2m=[0mk#99f25ef6..[1m}[0m[2m:[0m [2msui_core::authority::authority_per_epoch_store[0m[2m:[0m [2mcrates/sui-core/src/authority/authority_per_epoch_store.rs[0m[2m:[0m[2m2388:[0m received jwk vote from k#8dcff6d1.. for jwk (JwkId { iss: "https://cognito-idp.eu-west-3.amazonaws.com/eu-west-3_gGVCx53Es", kid: "JbFCSYl4Xp4UYEJHo7R0iwl/Xf3F5+z72stu8iH+QxY=" }, JWK { kty: "RSA", e: "AQAB", n: "o09QloKDInGEWvXK0aZr67RnfU9l0kmTOldGF8t36ExfBWNvRsTiTfn4VdetcJlIDrmxQSSP-2toXqQ7m1t4_idKNjkb7s1FsAtWy60mAfmyeMcGhegmxxxMtWJsk2hbY_oRuTPQEUDnTfnIMUL-oDmc_HmRNzYPrbCJolIWC2r2gkJ-q6jwGEujkaeoQq3wM_NTkeBO_rrCUngIUykbbczkMF8vELGewPgwqTjd9ZTTf08kUPF9IUtT-VyF0U-I1xrQrmU9opQ209I-Dk-ehxIHWN85nlLBxu0Krb9adSx_HDEOd00wNSQgPBkvCUPpVmC10UO7hHxzGSi7czrlsw", alg: "RS256" })
[2m2025-03-25T07:54:59.192992Z[0m [32m INFO[0m [1mnode[0m[1m{[0m[3mname[0m[2m=[0mk#addeef94..[1m}[0m[2m:[0m [2msui_core::authority::authority_per_epoch_store[0m[2m:[0m [2mcrates/sui-core/src/authority/authority_per_epoch_store.rs[0m[2m:[0m[2m2388:[0m received jwk vote from k#8dcff6d1.. for jwk (JwkId { iss: "https://appleid.apple.com", kid: "rs0M3kOV9p" }, JWK { kty: "RSA", e: "AQAB", n: "zH5so3zLsgmRypxAAYJimfF9cx3ISSyHyzjDP3yvE9ieqpnjFJhzgCP8L4oKO9vUFNpoG1ub7I3paYNY6Vb2yc4chnsjJxB3j0jomJ3iI9MlWoVecTFG2tywyx5NRhy3YfTUpw2uCLafzWrpIJIoKUCGM6iUgaIFjvfi-cGT5T_5eUSWZHN-ziH69mGcbMRGLQEixQUatwru9i4i-OSk-w-JmLOqAzRP1mVn1tcZRIoGSB2PFSSJX9SK90OX8i5sj7dpIO_2xbGMtyNJkDzGq88x1pMJ4sv6HMj-tx4QrpGDbUi7zBCgbBnNSGSB_LBv4dbswwWY96ckHgx9yf_7IQ", alg: "RS256" })
[2m2025-03-25T07:54:59.193000Z[0m [32m INFO[0m [1mnode[0m[1m{[0m[3mname[0m[2m=[0mk#99f25ef6..[1m}[0m[2m:[0m [2msui_core::authority::authority_per_epoch_store[0m[2m:[0m [2mcrates/sui-core/src/authority/authority_per_epoch_store.rs[0m[2m:[0m[2m2388:[0m received jwk vote from k#8dcff6d1.. for jwk (JwkId { iss: "https://cognito-idp.eu-west-3.amazonaws.com/eu-west-3_gGVCx53Es", kid: "FIqQqeRU1EQP75fBeds+wL2yczwvbDy1NF6T/f5Oe5o=" }, JWK { kty: "RSA", e: "AQAB", n: "va55QtSTFhvqx0IL8UAPNZf6x5NO9jK88Wyct-i67grbDJZyXLSxz5oSttoIHkaJZQWgl_qsgyxDpHeSMznliS0K7rXFwaw81PwDIB_ek8uKhXmaQ6ryPAaO-8kvR46o-EYyVk9wWPDHTtN6NEbiUxGoDqOoiVCrVJLsFdoia7-MMVJnR2VokbEgGGbJkZu2MipikQvk_b7BGF__5mKvCJc6hCEJcxIUFvETKA9AOhjgxLvE9U8Ke6XRfmDLKovDAsDaZsWP6VPN0HoBi5mak9CgUqmxwnvNJFLhpjawD9E23O_l4aBcie56eFcC_knUa2VOHymBoJ0On3p03yxs7Q", alg: "RS256" })
[2m2025-03-25T07:54:59.193007Z[0m [32m INFO[0m [1mnode[0m[1m{[0m[3mname[0m[2m=[0mk#addeef94..[1m}[0m[2m:[0m [2msui_core::authority::authority_per_epoch_store[0m[2m:[0m [2mcrates/sui-core/src/authority/authority_per_epoch_store.rs[0m[2m:[0m[2m2425:[0m jwk became active [3mepoch[0m[2m=[0m1 [3mround[0m[2m=[0m5 [3mjwk[0m[2m=[0m(JwkId { iss: "https://appleid.apple.com", kid: "rs0M3kOV9p" }, JWK { kty: "RSA", e: "AQAB", n: "zH5so3zLsgmRypxAAYJimfF9cx3ISSyHyzjDP3yvE9ieqpnjFJhzgCP8L4oKO9vUFNpoG1ub7I3paYNY6Vb2yc4chnsjJxB3j0jomJ3iI9MlWoVecTFG2tywyx5NRhy3YfTUpw2uCLafzWrpIJIoKUCGM6iUgaIFjvfi-cGT5T_5eUSWZHN-ziH69mGcbMRGLQEixQUatwru9i4i-OSk-w-JmLOqAzRP1mVn1tcZRIoGSB2PFSSJX9SK90OX8i5sj7dpIO_2xbGMtyNJkDzGq88x1pMJ4sv6HMj-tx4QrpGDbUi7zBCgbBnNSGSB_LBv4dbswwWY96ckHgx9yf_7IQ", alg: "RS256" })
[2m2025-03-25T07:54:59.193020Z[0m [32m INFO[0m [1mnode[0m[1m{[0m[3mname[0m[2m=[0mk#99f25ef6..[1m}[0m[2m:[0m [2msui_core::authority::authority_per_epoch_store[0m[2m:[0m [2mcrates/sui-core/src/authority/authority_per_epoch_store.rs[0m[2m:[0m[2m2388:[0m received jwk vote from k#8dcff6d1.. for jwk (JwkId { iss: "https://oauth.sui.io", kid: "sui-key-id" }, JWK { kty: "RSA", e: "AQAB", n: "wdar6dBP7b88u6o190uXBK4yPS76OxFjiHDPwOyJwJiiAE3YRq8y_pfyQVua9nEasgrPfEBzVoC5QCld8NAC88uvbNKyoLZ6w5KlFjp88q2Sfy7nAzh3I-AnjsL6zl43NZrKep4_Nmb5nJeafcEi6B5MsYYDWW1Nn26O7ob9IWRNWcaTKhOhqDzbiN_66azN-NgaP_uHjlu1xuMV0kRt-luLSTXJS3S2n8PVNCxr3Gr2oViUpP8kSa-0i5vsg3gNtSfBY97AbChwOnyazj_PoaVD6zbEC4L5gvRZJA6vyoAWF_ZumvkwC3fxcFIBnSKMlGzS_Z-bUyQDCQy_BG9AOw", alg: "RS256" })
[2m2025-03-25T07:54:59.193025Z[0m [32m INFO[0m [1mnode[0m[1m{[0m[3mname[0m[2m=[0mk#addeef94..[1m}[0m[2m:[0m [2msui_core::authority::authority_per_epoch_store[0m[2m:[0m [2mcrates/sui-core/src/authority/authority_per_epoch_store.rs[0m[2m:[0m[2m2388:[0m received jwk vote from k#8dcff6d1.. for jwk (JwkId { iss: "https://appleid.apple.com", kid: "dMlERBaFdK" }, JWK { kty: "RSA", e: "AQAB", n: "ryLWkB74N6SJNRVBjKF6xKMfP-QW3AAsJotv0LjVtf7m4NZNg_gTL78e7O8wmvngF8FuzBrvqf1mGW17Ct8BgNK6YXxnoGL0YLmlwXbmCZvTXki0VlEW1PDXeViWy7qXaCp2caF5v4OOdPsgroxNO_DgJRTuA_izJ4DFZYHCHXwojfdWJiDYG67j5PlD5pXKGx7zaqyryjovZTEII_Z1_bhFCRUZRjfJ3TVoK0fZj2z7iAZWjn33i-V3zExUhwzEyeuGph0118NfmOLCUEy_Jd4xvLf_X4laPpe9nq8UeORfs72yz2qH7cHDKL85W6oG08Gu05JWuAs5Ay49WxJrmw", alg: "RS256" })
[2m2025-03-25T07:54:59.193040Z[0m [32m INFO[0m [1mnode[0m[1m{[0m[3mname[0m[2m=[0mk#99f25ef6..[1m}[0m[2m:[0m [2msui_core::authority::authority_per_epoch_store[0m[2m:[0m [2mcrates/sui-core/src/authority/authority_per_epoch_store.rs[0m[2m:[0m[2m2388:[0m received jwk vote from k#8dcff6d1.. for jwk (JwkId { iss: "https://slack.com", kid: "mB2MAyKSn555isd0EbdhKx6nkyAi9xLq8rvCEb_nOyY" }, JWK { kty: "RSA", e: "AQAB", n: "zQqzXfb677bpMKw0idKC5WkVLyqk04PWMsWYJDKqMUUuu_PmzdsvXBfHU7tcZiNoHDuVvGDqjqnkLPEzjXnaZY0DDDHvJKS0JI8fkxIfV1kNy3DkpQMMhgAwnftUiSXgb5clypOmotAEm59gHPYjK9JHBWoHS14NYEYZv9NVy0EkjauyYDSTz589aiKU5lA-cePG93JnqLw8A82kfTlrJ1IIJo2isyBGANr0YzR-d3b_5EvP7ivU7Ph2v5JcEUHeiLSRzIzP3PuyVFrPH659Deh-UAsDFOyJbIcimg9ITnk5_45sb_Xcd_UN6h5I7TGOAFaJN4oi4aaGD4elNi_K1Q", alg: "RS256" })
[2m2025-03-25T07:54:59.193039Z[0m [32m INFO[0m [1mnode[0m[1m{[0m[3mname[0m[2m=[0mk#addeef94..[1m}[0m[2m:[0m [2msui_core::authority::authority_per_epoch_store[0m[2m:[0m [2mcrates/sui-core/src/authority/authority_per_epoch_store.rs[0m[2m:[0m[2m2425:[0m jwk became active [3mepoch[0m[2m=[0m1 [3mround[0m[2m=[0m5 [3mjwk[0m[2m=[0m(JwkId { iss: "https://appleid.apple.com", kid: "dMlERBaFdK" }, JWK { kty: "RSA", e: "AQAB", n: "ryLWkB74N6SJNRVBjKF6xKMfP-QW3AAsJotv0LjVtf7m4NZNg_gTL78e7O8wmvngF8FuzBrvqf1mGW17Ct8BgNK6YXxnoGL0YLmlwXbmCZvTXki0VlEW1PDXeViWy7qXaCp2caF5v4OOdPsgroxNO_DgJRTuA_izJ4DFZYHCHXwojfdWJiDYG67j5PlD5pXKGx7zaqyryjovZTEII_Z1_bhFCRUZRjfJ3TVoK0fZj2z7iAZWjn33i-V3zExUhwzEyeuGph0118NfmOLCUEy_Jd4xvLf_X4laPpe9nq8UeORfs72yz2qH7cHDKL85W6oG08Gu05JWuAs5Ay49WxJrmw", alg: "RS256" })
[2m2025-03-25T07:54:59.193054Z[0m [32m INFO[0m [1mnode[0m[1m{[0m[3mname[0m[2m=[0mk#addeef94..[1m}[0m[2m:[0m [2msui_core::authority::authority_per_epoch_store[0m[2m:[0m [2mcrates/sui-core/src/authority/authority_per_epoch_store.rs[0m[2m:[0m[2m2388:[0m received jwk vote from k#8dcff6d1.. for jwk (JwkId { iss: "https://appleid.apple.com", kid: "rBRfVmqsjn" }, JWK { kty: "RSA", e: "AQAB", n: "pPOaiF5yL-y42FaKg9PYASR5-rdTK7NEiteNUAzNp0zkta-HW-tgLNLNlsft3zcrsgOLqXxhX7qzlI3JGH-wSs7_v2XNSg57QhOTxPDqtUfy5DegtiSOgwE947OBTwCWo2R6cGZD1T8ysfO2HuKheq2hEwZU4Y-8qT19WWOhZHs4CVt7A5mzpIgWuUVw766VTyqrqKev32DOUPIqFocFz3tuty95S9t_OYnaPCcET-b6DV_eT7psPhqhl5nNUm0lzkCQ53-9kxQNJxBciy0wiBcAexD4KppKRRD3evFpOSxD1R6Kg2DIG5UnbVVqn5nhZA9RH-t50f_biqV3KlSHJQ", alg: "RS256" })
[2m2025-03-25T07:54:59.193060Z[0m [32m INFO[0m [1mnode[0m[1m{[0m[3mname[0m[2m=[0mk#99f25ef6..[1m}[0m[2m:[0m [2msui_core::authority::authority_per_epoch_store[0m[2m:[0m [2mcrates/sui-core/src/authority/authority_per_epoch_store.rs[0m[2m:[0m[2m2388:[0m received jwk vote from k#8dcff6d1.. for jwk (JwkId { iss: "https://appleid.apple.com", kid: "rs0M3kOV9p" }, JWK { kty: "RSA", e: "AQAB", n: "zH5so3zLsgmRypxAAYJimfF9cx3ISSyHyzjDP3yvE9ieqpnjFJhzgCP8L4oKO9vUFNpoG1ub7I3paYNY6Vb2yc4chnsjJxB3j0jomJ3iI9MlWoVecTFG2tywyx5NRhy3YfTUpw2uCLafzWrpIJIoKUCGM6iUgaIFjvfi-cGT5T_5eUSWZHN-ziH69mGcbMRGLQEixQUatwru9i4i-OSk-w-JmLOqAzRP1mVn1tcZRIoGSB2PFSSJX9SK90OX8i5sj7dpIO_2xbGMtyNJkDzGq88x1pMJ4sv6HMj-tx4QrpGDbUi7zBCgbBnNSGSB_LBv4dbswwWY96ckHgx9yf_7IQ", alg: "RS256" })
[2m2025-03-25T07:54:59.193068Z[0m [32m INFO[0m [1mnode[0m[1m{[0m[3mname[0m[2m=[0mk#addeef94..[1m}[0m[2m:[0m [2msui_core::authority::authority_per_epoch_store[0m[2m:[0m [2mcrates/sui-core/src/authority/authority_per_epoch_store.rs[0m[2m:[0m[2m2425:[0m jwk became active [3mepoch[0m[2m=[0m1 [3mround[0m[2m=[0m5 [3mjwk[0m[2m=[0m(JwkId { iss: "https://appleid.apple.com", kid: "rBRfVmqsjn" }, JWK { kty: "RSA", e: "AQAB", n: "pPOaiF5yL-y42FaKg9PYASR5-rdTK7NEiteNUAzNp0zkta-HW-tgLNLNlsft3zcrsgOLqXxhX7qzlI3JGH-wSs7_v2XNSg57QhOTxPDqtUfy5DegtiSOgwE947OBTwCWo2R6cGZD1T8ysfO2HuKheq2hEwZU4Y-8qT19WWOhZHs4CVt7A5mzpIgWuUVw766VTyqrqKev32DOUPIqFocFz3tuty95S9t_OYnaPCcET-b6DV_eT7psPhqhl5nNUm0lzkCQ53-9kxQNJxBciy0wiBcAexD4KppKRRD3evFpOSxD1R6Kg2DIG5UnbVVqn5nhZA9RH-t50f_biqV3KlSHJQ", alg: "RS256" })
[2m2025-03-25T07:54:59.193074Z[0m [32m INFO[0m [1mnode[0m[1m{[0m[3mname[0m[2m=[0mk#99f25ef6..[1m}[0m[2m:[0m [2msui_core::authority::authority_per_epoch_store[0m[2m:[0m [2mcrates/sui-core/src/authority/authority_per_epoch_store.rs[0m[2m:[0m[2m2425:[0m jwk became active [3mepoch[0m[2m=[0m1 [3mround[0m[2m=[0m5 [3mjwk[0m[2m=[0m(JwkId { iss: "https://appleid.apple.com", kid: "rs0M3kOV9p" }, JWK { kty: "RSA", e: "AQAB", n: "zH5so3zLsgmRypxAAYJimfF9cx3ISSyHyzjDP3yvE9ieqpnjFJhzgCP8L4oKO9vUFNpoG1ub7I3paYNY6Vb2yc4chnsjJxB3j0jomJ3iI9MlWoVecTFG2tywyx5NRhy3YfTUpw2uCLafzWrpIJIoKUCGM6iUgaIFjvfi-cGT5T_5eUSWZHN-ziH69mGcbMRGLQEixQUatwru9i4i-OSk-w-JmLOqAzRP1mVn1tcZRIoGSB2PFSSJX9SK90OX8i5sj7dpIO_2xbGMtyNJkDzGq88x1pMJ4sv6HMj-tx4QrpGDbUi7zBCgbBnNSGSB_LBv4dbswwWY96ckHgx9yf_7IQ", alg: "RS256" })
[2m2025-03-25T07:54:59.193082Z[0m [32m INFO[0m [1mnode[0m[1m{[0m[3mname[0m[2m=[0mk#addeef94..[1m}[0m[2m:[0m [2msui_core::authority::authority_per_epoch_store[0m[2m:[0m [2mcrates/sui-core/src/authority/authority_per_epoch_store.rs[0m[2m:[0m[2m2388:[0m received jwk vote from k#8dcff6d1.. for jwk (JwkId { iss: "https://accounts.fantv.world", kid: "PODsfgAn4twvCLjNt9QmEEiAcCa3Z6C10LxrDxvi3bA" }, JWK { kty: "RSA", e: "AQAB", n: "z9Y8JtahOmbujGwGCe9tT24ur_AuJqNMdWPA6TXia4EDR8iQMrw_DxY3gBDrNqM9ml2NLkO3jo-OI78fl0RbuKepUCko-E2lB0If95L1xB2pWmUpqO8Pa7IilX4oO7h_o_mpUYXoC0wEocJyIjBRWtjqMkM6LhF9tk9-zcl2tcRFkiV1gcGe7FP529jQkSjMK8Ide0T30ZdlGQ7l6b0tuRoYFjoMnGQvl-14QYmSOHvHOqaVSD09KEMmQ4CllDMXZwCBfTRSkRfCTf33qSxm6aEdQcYA2mQD6tIVINuuCOelRhf-GkgfFFUkCM61PmlNm6JXLJgtUWsofaMQ4Yzpiw", alg: "RS256" })
[2m2025-03-25T07:54:59.193088Z[0m [32m INFO[0m [1mnode[0m[1m{[0m[3mname[0m[2m=[0mk#99f25ef6..[1m}[0m[2m:[0m [2msui_core::authority::authority_per_epoch_store[0m[2m:[0m [2mcrates/sui-core/src/authority/authority_per_epoch_store.rs[0m[2m:[0m[2m2388:[0m received jwk vote from k#8dcff6d1.. for jwk (JwkId { iss: "https://appleid.apple.com", kid: "dMlERBaFdK" }, JWK { kty: "RSA", e: "AQAB", n: "ryLWkB74N6SJNRVBjKF6xKMfP-QW3AAsJotv0LjVtf7m4NZNg_gTL78e7O8wmvngF8FuzBrvqf1mGW17Ct8BgNK6YXxnoGL0YLmlwXbmCZvTXki0VlEW1PDXeViWy7qXaCp2caF5v4OOdPsgroxNO_DgJRTuA_izJ4DFZYHCHXwojfdWJiDYG67j5PlD5pXKGx7zaqyryjovZTEII_Z1_bhFCRUZRjfJ3TVoK0fZj2z7iAZWjn33i-V3zExUhwzEyeuGph0118NfmOLCUEy_Jd4xvLf_X4laPpe9nq8UeORfs72yz2qH7cHDKL85W6oG08Gu05JWuAs5Ay49WxJrmw", alg: "RS256" })
[2m2025-03-25T07:54:59.193101Z[0m [32m INFO[0m [1mnode[0m[1m{[0m[3mname[0m[2m=[0mk#addeef94..[1m}[0m[2m:[0m [2msui_core::authority::authority_per_epoch_store[0m[2m:[0m [2mcrates/sui-core/src/authority/authority_per_epoch_store.rs[0m[2m:[0m[2m2388:[0m received jwk vote from k#8dcff6d1.. for jwk (JwkId { iss: "https://login.microsoftonline.com/v2.0", kid: "JDNa_4i4r7FgigL3sHIlI3xV-IU" }, JWK { kty: "RSA", e: "AQAB", n: "iQ745_U-vjkxPblaw6phBpe08fC42mpcrS4pcr15HiyZQyQV-BFcEVyLwPdsz3ulMRN7OB_UMfCcPBHqOjguejoab6hyJFVVMw_epP4a3SpQN9qaCbnqaSxgSGiqSq663g3TjsF_Wu1m9L41eNoF6Yvh5kULMd6lqjY0LPO5ZZxaQFLtIHahoJKMvYy1BTS0VYcNsXTjxkgUEL6Vc8GV5vaClbnY3VA2hLbXC1SGJWjVGdYXhkuck2tHr58u87MPEaQ33C6YfyISZKsdumF5bTCcIH75jjC3WbMVOLgWg5w0MSiHOFyI76Ihxbb0nRicEuao0WzO9AS7HJ7L24FHFQ", alg: "RS256" })
[2m2025-03-25T07:54:59.193102Z[0m [32m INFO[0m [1mnode[0m[1m{[0m[3mname[0m[2m=[0mk#99f25ef6..[1m}[0m[2m:[0m [2msui_core::authority::authority_per_epoch_store[0m[2m:[0m [2mcrates/sui-core/src/authority/authority_per_epoch_store.rs[0m[2m:[0m[2m2425:[0m jwk became active [3mepoch[0m[2m=[0m1 [3mround[0m[2m=[0m5 [3mjwk[0m[2m=[0m(JwkId { iss: "https://appleid.apple.com", kid: "dMlERBaFdK" }, JWK { kty: "RSA", e: "AQAB", n: "ryLWkB74N6SJNRVBjKF6xKMfP-QW3AAsJotv0LjVtf7m4NZNg_gTL78e7O8wmvngF8FuzBrvqf1mGW17Ct8BgNK6YXxnoGL0YLmlwXbmCZvTXki0VlEW1PDXeViWy7qXaCp2caF5v4OOdPsgroxNO_DgJRTuA_izJ4DFZYHCHXwojfdWJiDYG67j5PlD5pXKGx7zaqyryjovZTEII_Z1_bhFCRUZRjfJ3TVoK0fZj2z7iAZWjn33i-V3zExUhwzEyeuGph0118NfmOLCUEy_Jd4xvLf_X4laPpe9nq8UeORfs72yz2qH7cHDKL85W6oG08Gu05JWuAs5Ay49WxJrmw", alg: "RS256" })
[2m2025-03-25T07:54:59.193116Z[0m [32m INFO[0m [1mnode[0m[1m{[0m[3mname[0m[2m=[0mk#99f25ef6..[1m}[0m[2m:[0m [2msui_core::authority::authority_per_epoch_store[0m[2m:[0m [2mcrates/sui-core/src/authority/authority_per_epoch_store.rs[0m[2m:[0m[2m2388:[0m received jwk vote from k#8dcff6d1.. for jwk (JwkId { iss: "https://appleid.apple.com", kid: "rBRfVmqsjn" }, JWK { kty: "RSA", e: "AQAB", n: "pPOaiF5yL-y42FaKg9PYASR5-rdTK7NEiteNUAzNp0zkta-HW-tgLNLNlsft3zcrsgOLqXxhX7qzlI3JGH-wSs7_v2XNSg57QhOTxPDqtUfy5DegtiSOgwE947OBTwCWo2R6cGZD1T8ysfO2HuKheq2hEwZU4Y-8qT19WWOhZHs4CVt7A5mzpIgWuUVw766VTyqrqKev32DOUPIqFocFz3tuty95S9t_OYnaPCcET-b6DV_eT7psPhqhl5nNUm0lzkCQ53-9kxQNJxBciy0wiBcAexD4KppKRRD3evFpOSxD1R6Kg2DIG5UnbVVqn5nhZA9RH-t50f_biqV3KlSHJQ", alg: "RS256" })
[2m2025-03-25T07:54:59.193116Z[0m [32m INFO[0m [1mnode[0m[1m{[0m[3mname[0m[2m=[0mk#addeef94..[1m}[0m[2m:[0m [2msui_core::authority::authority_per_epoch_store[0m[2m:[0m [2mcrates/sui-core/src/authority/authority_per_epoch_store.rs[0m[2m:[0m[2m2425:[0m jwk became active [3mepoch[0m[2m=[0m1 [3mround[0m[2m=[0m5 [3mjwk[0m[2m=[0m(JwkId { iss: "https://login.microsoftonline.com/v2.0", kid: "JDNa_4i4r7FgigL3sHIlI3xV-IU" }, JWK { kty: "RSA", e: "AQAB", n: "iQ745_U-vjkxPblaw6phBpe08fC42mpcrS4pcr15HiyZQyQV-BFcEVyLwPdsz3ulMRN7OB_UMfCcPBHqOjguejoab6hyJFVVMw_epP4a3SpQN9qaCbnqaSxgSGiqSq663g3TjsF_Wu1m9L41eNoF6Yvh5kULMd6lqjY0LPO5ZZxaQFLtIHahoJKMvYy1BTS0VYcNsXTjxkgUEL6Vc8GV5vaClbnY3VA2hLbXC1SGJWjVGdYXhkuck2tHr58u87MPEaQ33C6YfyISZKsdumF5bTCcIH75jjC3WbMVOLgWg5w0MSiHOFyI76Ihxbb0nRicEuao0WzO9AS7HJ7L24FHFQ", alg: "RS256" })
[2m2025-03-25T07:54:59.193130Z[0m [32m INFO[0m [1mnode[0m[1m{[0m[3mname[0m[2m=[0mk#addeef94..[1m}[0m[2m:[0m [2msui_core::authority::authority_per_epoch_store[0m[2m:[0m [2mcrates/sui-core/src/authority/authority_per_epoch_store.rs[0m[2m:[0m[2m2388:[0m received jwk vote from k#8dcff6d1.. for jwk (JwkId { iss: "https://login.microsoftonline.com/v2.0", kid: "JYhSOsHhDZrc5kfqQg8ujkHMTNY" }, JWK { kty: "RSA", e: "AQAB", n: "xxMRcusywRId_dJR_edc-qe_M3vhXONCz7QDhjVfoqHWbt9lQCXCVIsIo9VJI1nGT1F6NkXEIBt462x2p1w2cgf4AF86dGhbTpR-k81WLR5gNjkhpPqB1PCitichVIKbHAvOyYEAaJnEyCiJqIlU_Zg5L5FzRqv_N_3-fhYvWK0pc3m1Ohyd2kNRg1Nbcp5ogt7mBjec7MErfi-N0o54vXfsK6hM2m7h0sZwVd4CxgPqnpBtm2htM9xaKpnwkYoEL3va3bPI1VGGp9QLZwMV6RAHOy_ORpz4xarG-z7lZUCLO0X1So05rn7w5edBmfblUQlPL3BljbUVB3abd9SNXw", alg: "RS256" })
[2m2025-03-25T07:54:59.193130Z[0m [32m INFO[0m [1mnode[0m[1m{[0m[3mname[0m[2m=[0mk#99f25ef6..[1m}[0m[2m:[0m [2msui_core::authority::authority_per_epoch_store[0m[2m:[0m [2mcrates/sui-core/src/authority/authority_per_epoch_store.rs[0m[2m:[0m[2m2425:[0m jwk became active [3mepoch[0m[2m=[0m1 [3mround[0m[2m=[0m5 [3mjwk[0m[2m=[0m(JwkId { iss: "https://appleid.apple.com", kid: "rBRfVmqsjn" }, JWK { kty: "RSA", e: "AQAB", n: "pPOaiF5yL-y42FaKg9PYASR5-rdTK7NEiteNUAzNp0zkta-HW-tgLNLNlsft3zcrsgOLqXxhX7qzlI3JGH-wSs7_v2XNSg57QhOTxPDqtUfy5DegtiSOgwE947OBTwCWo2R6cGZD1T8ysfO2HuKheq2hEwZU4Y-8qT19WWOhZHs4CVt7A5mzpIgWuUVw766VTyqrqKev32DOUPIqFocFz3tuty95S9t_OYnaPCcET-b6DV_eT7psPhqhl5nNUm0lzkCQ53-9kxQNJxBciy0wiBcAexD4KppKRRD3evFpOSxD1R6Kg2DIG5UnbVVqn5nhZA9RH-t50f_biqV3KlSHJQ", alg: "RS256" })
[2m2025-03-25T07:54:59.193144Z[0m [32m INFO[0m [1mnode[0m[1m{[0m[3mname[0m[2m=[0mk#99f25ef6..[1m}[0m[2m:[0m [2msui_core::authority::authority_per_epoch_store[0m[2m:[0m [2mcrates/sui-core/src/authority/authority_per_epoch_store.rs[0m[2m:[0m[2m2388:[0m received jwk vote from k#8dcff6d1.. for jwk (JwkId { iss: "https://accounts.fantv.world", kid: "PODsfgAn4twvCLjNt9QmEEiAcCa3Z6C10LxrDxvi3bA" }, JWK { kty: "RSA", e: "AQAB", n: "z9Y8JtahOmbujGwGCe9tT24ur_AuJqNMdWPA6TXia4EDR8iQMrw_DxY3gBDrNqM9ml2NLkO3jo-OI78fl0RbuKepUCko-E2lB0If95L1xB2pWmUpqO8Pa7IilX4oO7h_o_mpUYXoC0wEocJyIjBRWtjqMkM6LhF9tk9-zcl2tcRFkiV1gcGe7FP529jQkSjMK8Ide0T30ZdlGQ7l6b0tuRoYFjoMnGQvl-14QYmSOHvHOqaVSD09KEMmQ4CllDMXZwCBfTRSkRfCTf33qSxm6aEdQcYA2mQD6tIVINuuCOelRhf-GkgfFFUkCM61PmlNm6JXLJgtUWsofaMQ4Yzpiw", alg: "RS256" })
[2m2025-03-25T07:54:59.193145Z[0m [32m INFO[0m [1mnode[0m[1m{[0m[3mname[0m[2m=[0mk#addeef94..[1m}[0m[2m:[0m [2msui_core::authority::authority_per_epoch_store[0m[2m:[0m [2mcrates/sui-core/src/authority/authority_per_epoch_store.rs[0m[2m:[0m[2m2425:[0m jwk became active [3mepoch[0m[2m=[0m1 [3mround[0m[2m=[0m5 [3mjwk[0m[2m=[0m(JwkId { iss: "https://login.microsoftonline.com/v2.0", kid: "JYhSOsHhDZrc5kfqQg8ujkHMTNY" }, JWK { kty: "RSA", e: "AQAB", n: "xxMRcusywRId_dJR_edc-qe_M3vhXONCz7QDhjVfoqHWbt9lQCXCVIsIo9VJI1nGT1F6NkXEIBt462x2p1w2cgf4AF86dGhbTpR-k81WLR5gNjkhpPqB1PCitichVIKbHAvOyYEAaJnEyCiJqIlU_Zg5L5FzRqv_N_3-fhYvWK0pc3m1Ohyd2kNRg1Nbcp5ogt7mBjec7MErfi-N0o54vXfsK6hM2m7h0sZwVd4CxgPqnpBtm2htM9xaKpnwkYoEL3va3bPI1VGGp9QLZwMV6RAHOy_ORpz4xarG-z7lZUCLO0X1So05rn7w5edBmfblUQlPL3BljbUVB3abd9SNXw", alg: "RS256" })
[2m2025-03-25T07:54:59.193163Z[0m [32m INFO[0m [1mnode[0m[1m{[0m[3mname[0m[2m=[0mk#addeef94..[1m}[0m[2m:[0m [2msui_core::authority::authority_per_epoch_store[0m[2m:[0m [2mcrates/sui-core/src/authority/authority_per_epoch_store.rs[0m[2m:[0m[2m2388:[0m received jwk vote from k#8dcff6d1.. for jwk (JwkId { iss: "https://login.microsoftonline.com/v2.0", kid: "CNv0OI3RwqlHFEVnaoMAshCH2XE" }, JWK { kty: "RSA", e: "AQAB", n: "hz6fUSCSAuiyQz6L1nQj4za8kItevJzxhVbecMigTIl9pXZSHZa3gzMgtapnb1q96CG5qvR78dH6ZvTKL8MzN4VfGgZhvLEv5LJKeo0tGgBIS65wxIiJYj9ExEDqFkw9RdhW1nN8IN9eO76PbC-fdEPtDekA2BaITY2DARISKN4Ke0RLBEWNrKeEjjOzrygS2e3Q9NVzE51ZGGQAGHau7atHy8M_qA1nnd2dMUgUMnEYIMzDBTSKz17G6itJOdanGvG3wXvdpndKffnDppaPkyWbnybdMI4IP7q6WsCqnt3Gtg-baG6GDqZQQEBp9C9gLAFv4ORTRlpD3w0gCMh7xw", alg: "RS256" })
[2m2025-03-25T07:54:59.193163Z[0m [32m INFO[0m [1mnode[0m[1m{[0m[3mname[0m[2m=[0mk#99f25ef6..[1m}[0m[2m:[0m [2msui_core::authority::authority_per_epoch_store[0m[2m:[0m [2mcrates/sui-core/src/authority/authority_per_epoch_store.rs[0m[2m:[0m[2m2388:[0m received jwk vote from k#8dcff6d1.. for jwk (JwkId { iss: "https://login.microsoftonline.com/v2.0", kid: "JDNa_4i4r7FgigL3sHIlI3xV-IU" }, JWK { kty: "RSA", e: "AQAB", n: "iQ745_U-vjkxPblaw6phBpe08fC42mpcrS4pcr15HiyZQyQV-BFcEVyLwPdsz3ulMRN7OB_UMfCcPBHqOjguejoab6hyJFVVMw_epP4a3SpQN9qaCbnqaSxgSGiqSq663g3TjsF_Wu1m9L41eNoF6Yvh5kULMd6lqjY0LPO5ZZxaQFLtIHahoJKMvYy1BTS0VYcNsXTjxkgUEL6Vc8GV5vaClbnY3VA2hLbXC1SGJWjVGdYXhkuck2tHr58u87MPEaQ33C6YfyISZKsdumF5bTCcIH75jjC3WbMVOLgWg5w0MSiHOFyI76Ihxbb0nRicEuao0WzO9AS7HJ7L24FHFQ", alg: "RS256" })
[2m2025-03-25T07:54:59.193180Z[0m [32m INFO[0m [1mnode[0m[1m{[0m[3mname[0m[2m=[0mk#99f25ef6..[1m}[0m[2m:[0m [2msui_core::authority::authority_per_epoch_store[0m[2m:[0m [2mcrates/sui-core/src/authority/authority_per_epoch_store.rs[0m[2m:[0m[2m2425:[0m jwk became active [3mepoch[0m[2m=[0m1 [3mround[0m[2m=[0m5 [3mjwk[0m[2m=[0m(JwkId { iss: "https://login.microsoftonline.com/v2.0", kid: "JDNa_4i4r7FgigL3sHIlI3xV-IU" }, JWK { kty: "RSA", e: "AQAB", n: "iQ745_U-vjkxPblaw6phBpe08fC42mpcrS4pcr15HiyZQyQV-BFcEVyLwPdsz3ulMRN7OB_UMfCcPBHqOjguejoab6hyJFVVMw_epP4a3SpQN9qaCbnqaSxgSGiqSq663g3TjsF_Wu1m9L41eNoF6Yvh5kULMd6lqjY0LPO5ZZxaQFLtIHahoJKMvYy1BTS0VYcNsXTjxkgUEL6Vc8GV5vaClbnY3VA2hLbXC1SGJWjVGdYXhkuck2tHr58u87MPEaQ33C6YfyISZKsdumF5bTCcIH75jjC3WbMVOLgWg5w0MSiHOFyI76Ihxbb0nRicEuao0WzO9AS7HJ7L24FHFQ", alg: "RS256" })
[2m2025-03-25T07:54:59.193181Z[0m [32m INFO[0m [1mnode[0m[1m{[0m[3mname[0m[2m=[0mk#addeef94..[1m}[0m[2m:[0m [2msui_core::authority::authority_per_epoch_store[0m[2m:[0m [2mcrates/sui-core/src/authority/authority_per_epoch_store.rs[0m[2m:[0m[2m2425:[0m jwk became active [3mepoch[0m[2m=[0m1 [3mround[0m[2m=[0m5 [3mjwk[0m[2m=[0m(JwkId { iss: "https://login.microsoftonline.com/v2.0", kid: "CNv0OI3RwqlHFEVnaoMAshCH2XE" }, JWK { kty: "RSA", e: "AQAB", n: "hz6fUSCSAuiyQz6L1nQj4za8kItevJzxhVbecMigTIl9pXZSHZa3gzMgtapnb1q96CG5qvR78dH6ZvTKL8MzN4VfGgZhvLEv5LJKeo0tGgBIS65wxIiJYj9ExEDqFkw9RdhW1nN8IN9eO76PbC-fdEPtDekA2BaITY2DARISKN4Ke0RLBEWNrKeEjjOzrygS2e3Q9NVzE51ZGGQAGHau7atHy8M_qA1nnd2dMUgUMnEYIMzDBTSKz17G6itJOdanGvG3wXvdpndKffnDppaPkyWbnybdMI4IP7q6WsCqnt3Gtg-baG6GDqZQQEBp9C9gLAFv4ORTRlpD3w0gCMh7xw", alg: "RS256" })
[2m2025-03-25T07:54:59.193194Z[0m [32m INFO[0m [1mnode[0m[1m{[0m[3mname[0m[2m=[0mk#99f25ef6..[1m}[0m[2m:[0m [2msui_core::authority::authority_per_epoch_store[0m[2m:[0m [2mcrates/sui-core/src/authority/authority_per_epoch_store.rs[0m[2m:[0m[2m2388:[0m received jwk vote from k#8dcff6d1.. for jwk (JwkId { iss: "https://login.microsoftonline.com/v2.0", kid: "JYhSOsHhDZrc5kfqQg8ujkHMTNY" }, JWK { kty: "RSA", e: "AQAB", n: "xxMRcusywRId_dJR_edc-qe_M3vhXONCz7QDhjVfoqHWbt9lQCXCVIsIo9VJI1nGT1F6NkXEIBt462x2p1w2cgf4AF86dGhbTpR-k81WLR5gNjkhpPqB1PCitichVIKbHAvOyYEAaJnEyCiJqIlU_Zg5L5FzRqv_N_3-fhYvWK0pc3m1Ohyd2kNRg1Nbcp5ogt7mBjec7MErfi-N0o54vXfsK6hM2m7h0sZwVd4CxgPqnpBtm2htM9xaKpnwkYoEL3va3bPI1VGGp9QLZwMV6RAHOy_ORpz4xarG-z7lZUCLO0X1So05rn7w5edBmfblUQlPL3BljbUVB3abd9SNXw", alg: "RS256" })
[2m2025-03-25T07:54:59.193195Z[0m [32m INFO[0m [1mnode[0m[1m{[0m[3mname[0m[2m=[0mk#addeef94..[1m}[0m[2m:[0m [2msui_core::authority::authority_per_epoch_store[0m[2m:[0m [2mcrates/sui-core/src/authority/authority_per_epoch_store.rs[0m[2m:[0m[2m2388:[0m received jwk vote from k#8dcff6d1.. for jwk (JwkId { iss: "https://login.microsoftonline.com/v2.0", kid: "-cgAvjmmQ24Ks20zIpDB4SW894w" }, JWK { kty: "RSA", e: "AQAB", n: "otM7AZjL81wdSVdrkQtt6shrQiAT8OZJeIKTeRJgrDYXKzaVXs0WFXVCjCv9GuCktF-tereotfZlcskamfuupe574o76CJy6AUtuY7wt0OKqxoSJMRuUJvA_NNkT50C_dTDHTtF7kiGBwWvHEkHeZAgT52E8bfNJswV28GsPscM9vG2ylUPyiaEIsGi0cg_JllbnfBjGhfA_lzmrB9Iw75E3f1Hnk2uAs1KcHJGSH3EwHJ5tUeo9WtLGjRAfH1kGtPjkktNaw3V8EukEzgIfILV8udpWYE79A_p5jFUnTNkQxsviNxG537JMooa1ZoYveDv_f6LCj1o7MNZQVlD3tw", alg: "RS256" })
[2m2025-03-25T07:54:59.193209Z[0m [32m INFO[0m [1mnode[0m[1m{[0m[3mname[0m[2m=[0mk#99f25ef6..[1m}[0m[2m:[0m [2msui_core::authority::authority_per_epoch_store[0m[2m:[0m [2mcrates/sui-core/src/authority/authority_per_epoch_store.rs[0m[2m:[0m[2m2425:[0m jwk became active [3mepoch[0m[2m=[0m1 [3mround[0m[2m=[0m5 [3mjwk[0m[2m=[0m(JwkId { iss: "https://login.microsoftonline.com/v2.0", kid: "JYhSOsHhDZrc5kfqQg8ujkHMTNY" }, JWK { kty: "RSA", e: "AQAB", n: "xxMRcusywRId_dJR_edc-qe_M3vhXONCz7QDhjVfoqHWbt9lQCXCVIsIo9VJI1nGT1F6NkXEIBt462x2p1w2cgf4AF86dGhbTpR-k81WLR5gNjkhpPqB1PCitichVIKbHAvOyYEAaJnEyCiJqIlU_Zg5L5FzRqv_N_3-fhYvWK0pc3m1Ohyd2kNRg1Nbcp5ogt7mBjec7MErfi-N0o54vXfsK6hM2m7h0sZwVd4CxgPqnpBtm2htM9xaKpnwkYoEL3va3bPI1VGGp9QLZwMV6RAHOy_ORpz4xarG-z7lZUCLO0X1So05rn7w5edBmfblUQlPL3BljbUVB3abd9SNXw", alg: "RS256" })
[2m2025-03-25T07:54:59.193210Z[0m [32m INFO[0m [1mnode[0m[1m{[0m[3mname[0m[2m=[0mk#addeef94..[1m}[0m[2m:[0m [2msui_core::authority::authority_per_epoch_store[0m[2m:[0m [2mcrates/sui-core/src/authority/authority_per_epoch_store.rs[0m[2m:[0m[2m2425:[0m jwk became active [3mepoch[0m[2m=[0m1 [3mround[0m[2m=[0m5 [3mjwk[0m[2m=[0m(JwkId { iss: "https://login.microsoftonline.com/v2.0", kid: "-cgAvjmmQ24Ks20zIpDB4SW894w" }, JWK { kty: "RSA", e: "AQAB", n: "otM7AZjL81wdSVdrkQtt6shrQiAT8OZJeIKTeRJgrDYXKzaVXs0WFXVCjCv9GuCktF-tereotfZlcskamfuupe574o76CJy6AUtuY7wt0OKqxoSJMRuUJvA_NNkT50C_dTDHTtF7kiGBwWvHEkHeZAgT52E8bfNJswV28GsPscM9vG2ylUPyiaEIsGi0cg_JllbnfBjGhfA_lzmrB9Iw75E3f1Hnk2uAs1KcHJGSH3EwHJ5tUeo9WtLGjRAfH1kGtPjkktNaw3V8EukEzgIfILV8udpWYE79A_p5jFUnTNkQxsviNxG537JMooa1ZoYveDv_f6LCj1o7MNZQVlD3tw", alg: "RS256" })
[2m2025-03-25T07:54:59.193224Z[0m [32m INFO[0m [1mnode[0m[1m{[0m[3mname[0m[2m=[0mk#addeef94..[1m}[0m[2m:[0m [2msui_core::authority::authority_per_epoch_store[0m[2m:[0m [2mcrates/sui-core/src/authority/authority_per_epoch_store.rs[0m[2m:[0m[2m2388:[0m received jwk vote from k#8dcff6d1.. for jwk (JwkId { iss: "https://login.microsoftonline.com/v2.0", kid: "dd55f7QP3HZky-ekQBDWKe7ADN0" }, JWK { kty: "RSA", e: "AQAB", n: "s950MOniBjjiB82Zx5FehPuYJKtguUAP5vpMNZ6JxYLGzn5h3FPplx0kkPEezg7dnH-sFxGwq_C7P14ja0YmHUkmozqdbg4GRS8xp9Ue0-KWs4BTTkXvMPnc3xBU6be4SmHK-c7A0E54YfokiY1KTRCaq_RRPDlVZJuc6s6rK4nRoPo0eOCj7H4b--QnKmPXiFSPNp40NC7FRfx9m7SYSltubIDzq1f4j2Qlrv90f2kT5DP81_2DGdHZ_ao7ypPX2_z_m4ycQgfAhIYhNHRai6iGtbU6NPkw38LS29bVbGycVCaBoq6_re8k_UiOM7gP9l96QDFnkMmNhpRxT7t34w", alg: "RS256" })
[2m2025-03-25T07:54:59.193225Z[0m [32m INFO[0m [1mnode[0m[1m{[0m[3mname[0m[2m=[0mk#99f25ef6..[1m}[0m[2m:[0m [2msui_core::authority::authority_per_epoch_store[0m[2m:[0m [2mcrates/sui-core/src/authority/authority_per_epoch_store.rs[0m[2m:[0m[2m2388:[0m received jwk vote from k#8dcff6d1.. for jwk (JwkId { iss: "https://login.microsoftonline.com/v2.0", kid: "CNv0OI3RwqlHFEVnaoMAshCH2XE" }, JWK { kty: "RSA", e: "AQAB", n: "hz6fUSCSAuiyQz6L1nQj4za8kItevJzxhVbecMigTIl9pXZSHZa3gzMgtapnb1q96CG5qvR78dH6ZvTKL8MzN4VfGgZhvLEv5LJKeo0tGgBIS65wxIiJYj9ExEDqFkw9RdhW1nN8IN9eO76PbC-fdEPtDekA2BaITY2DARISKN4Ke0RLBEWNrKeEjjOzrygS2e3Q9NVzE51ZGGQAGHau7atHy8M_qA1nnd2dMUgUMnEYIMzDBTSKz17G6itJOdanGvG3wXvdpndKffnDppaPkyWbnybdMI4IP7q6WsCqnt3Gtg-baG6GDqZQQEBp9C9gLAFv4ORTRlpD3w0gCMh7xw", alg: "RS256" })
[2m2025-03-25T07:54:59.193239Z[0m [32m INFO[0m [1mnode[0m[1m{[0m[3mname[0m[2m=[0mk#addeef94..[1m}[0m[2m:[0m [2msui_core::authority::authority_per_epoch_store[0m[2m:[0m [2mcrates/sui-core/src/authority/authority_per_epoch_store.rs[0m[2m:[0m[2m2425:[0m jwk became active [3mepoch[0m[2m=[0m1 [3mround[0m[2m=[0m5 [3mjwk[0m[2m=[0m(JwkId { iss: "https://login.microsoftonline.com/v2.0", kid: "dd55f7QP3HZky-ekQBDWKe7ADN0" }, JWK { kty: "RSA", e: "AQAB", n: "s950MOniBjjiB82Zx5FehPuYJKtguUAP5vpMNZ6JxYLGzn5h3FPplx0kkPEezg7dnH-sFxGwq_C7P14ja0YmHUkmozqdbg4GRS8xp9Ue0-KWs4BTTkXvMPnc3xBU6be4SmHK-c7A0E54YfokiY1KTRCaq_RRPDlVZJuc6s6rK4nRoPo0eOCj7H4b--QnKmPXiFSPNp40NC7FRfx9m7SYSltubIDzq1f4j2Qlrv90f2kT5DP81_2DGdHZ_ao7ypPX2_z_m4ycQgfAhIYhNHRai6iGtbU6NPkw38LS29bVbGycVCaBoq6_re8k_UiOM7gP9l96QDFnkMmNhpRxT7t34w", alg: "RS256" })
[2m2025-03-25T07:54:59.193241Z[0m [32m INFO[0m [1mnode[0m[1m{[0m[3mname[0m[2m=[0mk#99f25ef6..[1m}[0m[2m:[0m [2msui_core::authority::authority_per_epoch_store[0m[2m:[0m [2mcrates/sui-core/src/authority/authority_per_epoch_store.rs[0m[2m:[0m[2m2425:[0m jwk became active [3mepoch[0m[2m=[0m1 [3mround[0m[2m=[0m5 [3mjwk[0m[2m=[0m(JwkId { iss: "https://login.microsoftonline.com/v2.0", kid: "CNv0OI3RwqlHFEVnaoMAshCH2XE" }, JWK { kty: "RSA", e: "AQAB", n: "hz6fUSCSAuiyQz6L1nQj4za8kItevJzxhVbecMigTIl9pXZSHZa3gzMgtapnb1q96CG5qvR78dH6ZvTKL8MzN4VfGgZhvLEv5LJKeo0tGgBIS65wxIiJYj9ExEDqFkw9RdhW1nN8IN9eO76PbC-fdEPtDekA2BaITY2DARISKN4Ke0RLBEWNrKeEjjOzrygS2e3Q9NVzE51ZGGQAGHau7atHy8M_qA1nnd2dMUgUMnEYIMzDBTSKz17G6itJOdanGvG3wXvdpndKffnDppaPkyWbnybdMI4IP7q6WsCqnt3Gtg-baG6GDqZQQEBp9C9gLAFv4ORTRlpD3w0gCMh7xw", alg: "RS256" })
[2m2025-03-25T07:54:59.193253Z[0m [32m INFO[0m [1mnode[0m[1m{[0m[3mname[0m[2m=[0mk#addeef94..[1m}[0m[2m:[0m [2msui_core::authority::authority_per_epoch_store[0m[2m:[0m [2mcrates/sui-core/src/authority/authority_per_epoch_store.rs[0m[2m:[0m[2m2388:[0m received jwk vote from k#8dcff6d1.. for jwk (JwkId { iss: "https://login.microsoftonline.com/v2.0", kid: "ntzdbvo449IBJV0Yy_T--gOiPI8" }, JWK { kty: "RSA", e: "AQAB", n: "uYmKqopaxMNlFJ3QUgTM6TcWvR00WVPs4sCAl5Inr5tCIWbqC1IzVt74_eGPw9OypfM4YpEfAz5czFWgRRVcRQYNwDWSAXTSh-vkqK2meW4HQp7W33NCoz_kZ6JR-xwWJZCOtQa0RNwNTVuHTL2dyJo6DUShxVPtG6c8sV4gFCEz0moHBrf5njywV0GGkQgYe98GeCL3Mv2kx4WVf0pHkSELJfW5JN6jvD_05fY_g3LKsXqXm9u1cS39K4iULFVeeoz5jBMKl5h6w3lqSeBtzmqHpw6YVxcDu_bRUd_rqZUvTaZUgS_EfpOpOicaQN--90nzp4givQYEvWtDBtan5Q", alg: "RS256" })
[2m2025-03-25T07:54:59.193256Z[0m [32m INFO[0m [1mnode[0m[1m{[0m[3mname[0m[2m=[0mk#99f25ef6..[1m}[0m[2m:[0m [2msui_core::authority::authority_per_epoch_store[0m[2m:[0m [2mcrates/sui-core/src/authority/authority_per_epoch_store.rs[0m[2m:[0m[2m2388:[0m received jwk vote from k#8dcff6d1.. for jwk (JwkId { iss: "https://login.microsoftonline.com/v2.0", kid: "-cgAvjmmQ24Ks20zIpDB4SW894w" }, JWK { kty: "RSA", e: "AQAB", n: "otM7AZjL81wdSVdrkQtt6shrQiAT8OZJeIKTeRJgrDYXKzaVXs0WFXVCjCv9GuCktF-tereotfZlcskamfuupe574o76CJy6AUtuY7wt0OKqxoSJMRuUJvA_NNkT50C_dTDHTtF7kiGBwWvHEkHeZAgT52E8bfNJswV28GsPscM9vG2ylUPyiaEIsGi0cg_JllbnfBjGhfA_lzmrB9Iw75E3f1Hnk2uAs1KcHJGSH3EwHJ5tUeo9WtLGjRAfH1kGtPjkktNaw3V8EukEzgIfILV8udpWYE79A_p5jFUnTNkQxsviNxG537JMooa1ZoYveDv_f6LCj1o7MNZQVlD3tw", alg: "RS256" })
[2m2025-03-25T07:54:59.193268Z[0m [32m INFO[0m [1mnode[0m[1m{[0m[3mname[0m[2m=[0mk#addeef94..[1m}[0m[2m:[0m [2msui_core::authority::authority_per_epoch_store[0m[2m:[0m [2mcrates/sui-core/src/authority/authority_per_epoch_store.rs[0m[2m:[0m[2m2425:[0m jwk became active [3mepoch[0m[2m=[0m1 [3mround[0m[2m=[0m5 [3mjwk[0m[2m=[0m(JwkId { iss: "https://login.microsoftonline.com/v2.0", kid: "ntzdbvo449IBJV0Yy_T--gOiPI8" }, JWK { kty: "RSA", e: "AQAB", n: "uYmKqopaxMNlFJ3QUgTM6TcWvR00WVPs4sCAl5Inr5tCIWbqC1IzVt74_eGPw9OypfM4YpEfAz5czFWgRRVcRQYNwDWSAXTSh-vkqK2meW4HQp7W33NCoz_kZ6JR-xwWJZCOtQa0RNwNTVuHTL2dyJo6DUShxVPtG6c8sV4gFCEz0moHBrf5njywV0GGkQgYe98GeCL3Mv2kx4WVf0pHkSELJfW5JN6jvD_05fY_g3LKsXqXm9u1cS39K4iULFVeeoz5jBMKl5h6w3lqSeBtzmqHpw6YVxcDu_bRUd_rqZUvTaZUgS_EfpOpOicaQN--90nzp4givQYEvWtDBtan5Q", alg: "RS256" })
[2m2025-03-25T07:54:59.193270Z[0m [32m INFO[0m [1mnode[0m[1m{[0m[3mname[0m[2m=[0mk#99f25ef6..[1m}[0m[2m:[0m [2msui_core::authority::authority_per_epoch_store[0m[2m:[0m [2mcrates/sui-core/src/authority/authority_per_epoch_store.rs[0m[2m:[0m[2m2425:[0m jwk became active [3mepoch[0m[2m=[0m1 [3mround[0m[2m=[0m5 [3mjwk[0m[2m=[0m(JwkId { iss: "https://login.microsoftonline.com/v2.0", kid: "-cgAvjmmQ24Ks20zIpDB4SW894w" }, JWK { kty: "RSA", e: "AQAB", n: "otM7AZjL81wdSVdrkQtt6shrQiAT8OZJeIKTeRJgrDYXKzaVXs0WFXVCjCv9GuCktF-tereotfZlcskamfuupe574o76CJy6AUtuY7wt0OKqxoSJMRuUJvA_NNkT50C_dTDHTtF7kiGBwWvHEkHeZAgT52E8bfNJswV28GsPscM9vG2ylUPyiaEIsGi0cg_JllbnfBjGhfA_lzmrB9Iw75E3f1Hnk2uAs1KcHJGSH3EwHJ5tUeo9WtLGjRAfH1kGtPjkktNaw3V8EukEzgIfILV8udpWYE79A_p5jFUnTNkQxsviNxG537JMooa1ZoYveDv_f6LCj1o7MNZQVlD3tw", alg: "RS256" })
[2m2025-03-25T07:54:59.193282Z[0m [32m INFO[0m [1mnode[0m[1m{[0m[3mname[0m[2m=[0mk#addeef94..[1m}[0m[2m:[0m [2msui_core::authority::authority_per_epoch_store[0m[2m:[0m [2mcrates/sui-core/src/authority/authority_per_epoch_store.rs[0m[2m:[0m[2m2388:[0m received jwk vote from k#8dcff6d1.. for jwk (JwkId { iss: "https://login.microsoftonline.com/v2.0", kid: "PDRf_Bs8CkDdi7av6hKLwRnNHmk" }, JWK { kty: "RSA", e: "AQAB", n: "v2R1eCh9xaZjAqn0FTf-DuDy3BFsJHc_lsv4K1Ycd1qnF5DwHC7mxnoTsA_dnI8BJvZsCAI7kkFjqKqXDSVYwRM05733_EPekLqLlb02-XLcOziMsOEMpXRrl1wFGHK5zmh2D4ZLsEId2Gdk1fcLzwjCg5iqQxi17DQFDoi0aWUKnkN62sSbiUvzd11eUl0N_beLZ0HYf53wk8r9P3reVhz9W7P8KwNBf7JyiLxmRP_yD9n3650iXi1qp8bZcAt9WmMZ2H6iHHhb7biXwvrJuf2id72VPvV6qkVu6jwUVW5yh6dIvCtPYEA7JNMWyBEXOjJbZ-3l3szj1GSV5m8eAQ", alg: "RS256" })
[2m2025-03-25T07:54:59.193284Z[0m [32m INFO[0m [1mnode[0m[1m{[0m[3mname[0m[2m=[0mk#99f25ef6..[1m}[0m[2m:[0m [2msui_core::authority::authority_per_epoch_store[0m[2m:[0m [2mcrates/sui-core/src/authority/authority_per_epoch_store.rs[0m[2m:[0m[2m2388:[0m received jwk vote from k#8dcff6d1.. for jwk (JwkId { iss: "https://login.microsoftonline.com/v2.0", kid: "dd55f7QP3HZky-ekQBDWKe7ADN0" }, JWK { kty: "RSA", e: "AQAB", n: "s950MOniBjjiB82Zx5FehPuYJKtguUAP5vpMNZ6JxYLGzn5h3FPplx0kkPEezg7dnH-sFxGwq_C7P14ja0YmHUkmozqdbg4GRS8xp9Ue0-KWs4BTTkXvMPnc3xBU6be4SmHK-c7A0E54YfokiY1KTRCaq_RRPDlVZJuc6s6rK4nRoPo0eOCj7H4b--QnKmPXiFSPNp40NC7FRfx9m7SYSltubIDzq1f4j2Qlrv90f2kT5DP81_2DGdHZ_ao7ypPX2_z_m4ycQgfAhIYhNHRai6iGtbU6NPkw38LS29bVbGycVCaBoq6_re8k_UiOM7gP9l96QDFnkMmNhpRxT7t34w", alg: "RS256" })
[2m2025-03-25T07:54:59.193297Z[0m [32m INFO[0m [1mnode[0m[1m{[0m[3mname[0m[2m=[0mk#addeef94..[1m}[0m[2m:[0m [2msui_core::authority::authority_per_epoch_store[0m[2m:[0m [2mcrates/sui-core/src/authority/authority_per_epoch_store.rs[0m[2m:[0m[2m2425:[0m jwk became active [3mepoch[0m[2m=[0m1 [3mround[0m[2m=[0m5 [3mjwk[0m[2m=[0m(JwkId { iss: "https://login.microsoftonline.com/v2.0", kid: "PDRf_Bs8CkDdi7av6hKLwRnNHmk" }, JWK { kty: "RSA", e: "AQAB", n: "v2R1eCh9xaZjAqn0FTf-DuDy3BFsJHc_lsv4K1Ycd1qnF5DwHC7mxnoTsA_dnI8BJvZsCAI7kkFjqKqXDSVYwRM05733_EPekLqLlb02-XLcOziMsOEMpXRrl1wFGHK5zmh2D4ZLsEId2Gdk1fcLzwjCg5iqQxi17DQFDoi0aWUKnkN62sSbiUvzd11eUl0N_beLZ0HYf53wk8r9P3reVhz9W7P8KwNBf7JyiLxmRP_yD9n3650iXi1qp8bZcAt9WmMZ2H6iHHhb7biXwvrJuf2id72VPvV6qkVu6jwUVW5yh6dIvCtPYEA7JNMWyBEXOjJbZ-3l3szj1GSV5m8eAQ", alg: "RS256" })
[2m2025-03-25T07:54:59.193299Z[0m [32m INFO[0m [1mnode[0m[1m{[0m[3mname[0m[2m=[0mk#99f25ef6..[1m}[0m[2m:[0m [2msui_core::authority::authority_per_epoch_store[0m[2m:[0m [2mcrates/sui-core/src/authority/authority_per_epoch_store.rs[0m[2m:[0m[2m2425:[0m jwk became active [3mepoch[0m[2m=[0m1 [3mround[0m[2m=[0m5 [3mjwk[0m[2m=[0m(JwkId { iss: "https://login.microsoftonline.com/v2.0", kid: "dd55f7QP3HZky-ekQBDWKe7ADN0" }, JWK { kty: "RSA", e: "AQAB", n: "s950MOniBjjiB82Zx5FehPuYJKtguUAP5vpMNZ6JxYLGzn5h3FPplx0kkPEezg7dnH-sFxGwq_C7P14ja0YmHUkmozqdbg4GRS8xp9Ue0-KWs4BTTkXvMPnc3xBU6be4SmHK-c7A0E54YfokiY1KTRCaq_RRPDlVZJuc6s6rK4nRoPo0eOCj7H4b--QnKmPXiFSPNp40NC7FRfx9m7SYSltubIDzq1f4j2Qlrv90f2kT5DP81_2DGdHZ_ao7ypPX2_z_m4ycQgfAhIYhNHRai6iGtbU6NPkw38LS29bVbGycVCaBoq6_re8k_UiOM7gP9l96QDFnkMmNhpRxT7t34w", alg: "RS256" })
[2m2025-03-25T07:54:59.193311Z[0m [32m INFO[0m [1mnode[0m[1m{[0m[3mname[0m[2m=[0mk#addeef94..[1m}[0m[2m:[0m [2msui_core::authority::authority_per_epoch_store[0m[2m:[0m [2mcrates/sui-core/src/authority/authority_per_epoch_store.rs[0m[2m:[0m[2m2388:[0m received jwk vote from k#8dcff6d1.. for jwk (JwkId { iss: "https://cognito-idp.us-east-1.amazonaws.com/us-east-1_qPsZxYqd8", kid: "VHA/vY1d2h7X33DpZ6ZBDRfnCS/OIgiV7toCdxyEUDY=" }, JWK { kty: "RSA", e: "AQAB", n: "7nb7CxiOI5bgf80jk1WOwi6Fmo9EJzIugpl-gZehOgL4cVAmvp1ChVZMwxTRM62hIQ6Ab6k0vmLBq_jZFx6MeU4c1xTipIohOEK_5HjbesM9OuduHkujN6J7Az4ON4TyHtJOXs3-xdVbjWQwP5L2O_N334ZIb9n-hRxGRhKaQLciSNEt3TQ2ookJaa1q9UinlA0jJyIMLJXmpSdvUP_0QizT88wrenRs3PccgKBQgvtQx569yvL6YnzaRSa8pL7saNy2KqevDHkIvRfqEckduoFQTyiL5OTz6canJYaklw-OImrO1eQF2Z_TsamXKKdk9-k9WFwYx4ftDTdacDflaw", alg: "RS256" })
[2m2025-03-25T07:54:59.193313Z[0m [32m INFO[0m [1mnode[0m[1m{[0m[3mname[0m[2m=[0mk#99f25ef6..[1m}[0m[2m:[0m [2msui_core::authority::authority_per_epoch_store[0m[2m:[0m [2mcrates/sui-core/src/authority/authority_per_epoch_store.rs[0m[2m:[0m[2m2388:[0m received jwk vote from k#8dcff6d1.. for jwk (JwkId { iss: "https://login.microsoftonline.com/v2.0", kid: "ntzdbvo449IBJV0Yy_T--gOiPI8" }, JWK { kty: "RSA", e: "AQAB", n: "uYmKqopaxMNlFJ3QUgTM6TcWvR00WVPs4sCAl5Inr5tCIWbqC1IzVt74_eGPw9OypfM4YpEfAz5czFWgRRVcRQYNwDWSAXTSh-vkqK2meW4HQp7W33NCoz_kZ6JR-xwWJZCOtQa0RNwNTVuHTL2dyJo6DUShxVPtG6c8sV4gFCEz0moHBrf5njywV0GGkQgYe98GeCL3Mv2kx4WVf0pHkSELJfW5JN6jvD_05fY_g3LKsXqXm9u1cS39K4iULFVeeoz5jBMKl5h6w3lqSeBtzmqHpw6YVxcDu_bRUd_rqZUvTaZUgS_EfpOpOicaQN--90nzp4givQYEvWtDBtan5Q", alg: "RS256" })
[2m2025-03-25T07:54:59.193326Z[0m [32m INFO[0m [1mnode[0m[1m{[0m[3mname[0m[2m=[0mk#addeef94..[1m}[0m[2m:[0m [2msui_core::authority::authority_per_epoch_store[0m[2m:[0m [2mcrates/sui-core/src/authority/authority_per_epoch_store.rs[0m[2m:[0m[2m2425:[0m jwk became active [3mepoch[0m[2m=[0m1 [3mround[0m[2m=[0m5 [3mjwk[0m[2m=[0m(JwkId { iss: "https://cognito-idp.us-east-1.amazonaws.com/us-east-1_qPsZxYqd8", kid: "VHA/vY1d2h7X33DpZ6ZBDRfnCS/OIgiV7toCdxyEUDY=" }, JWK { kty: "RSA", e: "AQAB", n: "7nb7CxiOI5bgf80jk1WOwi6Fmo9EJzIugpl-gZehOgL4cVAmvp1ChVZMwxTRM62hIQ6Ab6k0vmLBq_jZFx6MeU4c1xTipIohOEK_5HjbesM9OuduHkujN6J7Az4ON4TyHtJOXs3-xdVbjWQwP5L2O_N334ZIb9n-hRxGRhKaQLciSNEt3TQ2ookJaa1q9UinlA0jJyIMLJXmpSdvUP_0QizT88wrenRs3PccgKBQgvtQx569yvL6YnzaRSa8pL7saNy2KqevDHkIvRfqEckduoFQTyiL5OTz6canJYaklw-OImrO1eQF2Z_TsamXKKdk9-k9WFwYx4ftDTdacDflaw", alg: "RS256" })
[2m2025-03-25T07:54:59.193329Z[0m [32m INFO[0m [1mnode[0m[1m{[0m[3mname[0m[2m=[0mk#99f25ef6..[1m}[0m[2m:[0m [2msui_core::authority::authority_per_epoch_store[0m[2m:[0m [2mcrates/sui-core/src/authority/authority_per_epoch_store.rs[0m[2m:[0m[2m2425:[0m jwk became active [3mepoch[0m[2m=[0m1 [3mround[0m[2m=[0m5 [3mjwk[0m[2m=[0m(JwkId { iss: "https://login.microsoftonline.com/v2.0", kid: "ntzdbvo449IBJV0Yy_T--gOiPI8" }, JWK { kty: "RSA", e: "AQAB", n: "uYmKqopaxMNlFJ3QUgTM6TcWvR00WVPs4sCAl5Inr5tCIWbqC1IzVt74_eGPw9OypfM4YpEfAz5czFWgRRVcRQYNwDWSAXTSh-vkqK2meW4HQp7W33NCoz_kZ6JR-xwWJZCOtQa0RNwNTVuHTL2dyJo6DUShxVPtG6c8sV4gFCEz0moHBrf5njywV0GGkQgYe98GeCL3Mv2kx4WVf0pHkSELJfW5JN6jvD_05fY_g3LKsXqXm9u1cS39K4iULFVeeoz5jBMKl5h6w3lqSeBtzmqHpw6YVxcDu_bRUd_rqZUvTaZUgS_EfpOpOicaQN--90nzp4givQYEvWtDBtan5Q", alg: "RS256" })
[2m2025-03-25T07:54:59.193341Z[0m [32m INFO[0m [1mnode[0m[1m{[0m[3mname[0m[2m=[0mk#addeef94..[1m}[0m[2m:[0m [2msui_core::authority::authority_per_epoch_store[0m[2m:[0m [2mcrates/sui-core/src/authority/authority_per_epoch_store.rs[0m[2m:[0m[2m2388:[0m received jwk vote from k#8dcff6d1.. for jwk (JwkId { iss: "https://cognito-idp.us-east-1.amazonaws.com/us-east-1_qPsZxYqd8", kid: "lGbuLXh42ChSJwrMUEBO2npnvMzdAHqOj6DNZieDuVA=" }, JWK { kty: "RSA", e: "AQAB", n: "2e3M6UZo5G1r3eYi1h_dqng0lhNHE6bwSrnEmTMygjDaejpcjWKY9ICFtcz-lP_HEx_q67HsaM7QUIGpTEtAXqQHyxbMAcPlUwKSD8y_mZJlDDM4kI7KJQLW4M-904gDvih5FbnJc-QNkH1Z7vHwDpLOam53x8QQj7rjoXBzH0q0JVlv5PU5ZEoqCc2PIJCtxzZApXzMt0lnqw8DB55P4_czdplVkd80UhPAz1gM3ysTIQi2eblMvkUp98orOlpsp434g6mnrdgYFLOleuuwNraRTJRi0r9Dn9ToILY7Arywi5jS8M496CXJUFAB9UKXKrTa9pazlnRMiFBochRRZw", alg: "RS256" })
[2m2025-03-25T07:54:59.193343Z[0m [32m INFO[0m [1mnode[0m[1m{[0m[3mname[0m[2m=[0mk#99f25ef6..[1m}[0m[2m:[0m [2msui_core::authority::authority_per_epoch_store[0m[2m:[0m [2mcrates/sui-core/src/authority/authority_per_epoch_store.rs[0m[2m:[0m[2m2388:[0m received jwk vote from k#8dcff6d1.. for jwk (JwkId { iss: "https://login.microsoftonline.com/v2.0", kid: "PDRf_Bs8CkDdi7av6hKLwRnNHmk" }, JWK { kty: "RSA", e: "AQAB", n: "v2R1eCh9xaZjAqn0FTf-DuDy3BFsJHc_lsv4K1Ycd1qnF5DwHC7mxnoTsA_dnI8BJvZsCAI7kkFjqKqXDSVYwRM05733_EPekLqLlb02-XLcOziMsOEMpXRrl1wFGHK5zmh2D4ZLsEId2Gdk1fcLzwjCg5iqQxi17DQFDoi0aWUKnkN62sSbiUvzd11eUl0N_beLZ0HYf53wk8r9P3reVhz9W7P8KwNBf7JyiLxmRP_yD9n3650iXi1qp8bZcAt9WmMZ2H6iHHhb7biXwvrJuf2id72VPvV6qkVu6jwUVW5yh6dIvCtPYEA7JNMWyBEXOjJbZ-3l3szj1GSV5m8eAQ", alg: "RS256" })
[2m2025-03-25T07:54:59.193357Z[0m [32m INFO[0m [1mnode[0m[1m{[0m[3mname[0m[2m=[0mk#addeef94..[1m}[0m[2m:[0m [2msui_core::authority::authority_per_epoch_store[0m[2m:[0m [2mcrates/sui-core/src/authority/authority_per_epoch_store.rs[0m[2m:[0m[2m2425:[0m jwk became active [3mepoch[0m[2m=[0m1 [3mround[0m[2m=[0m5 [3mjwk[0m[2m=[0m(JwkId { iss: "https://cognito-idp.us-east-1.amazonaws.com/us-east-1_qPsZxYqd8", kid: "lGbuLXh42ChSJwrMUEBO2npnvMzdAHqOj6DNZieDuVA=" }, JWK { kty: "RSA", e: "AQAB", n: "2e3M6UZo5G1r3eYi1h_dqng0lhNHE6bwSrnEmTMygjDaejpcjWKY9ICFtcz-lP_HEx_q67HsaM7QUIGpTEtAXqQHyxbMAcPlUwKSD8y_mZJlDDM4kI7KJQLW4M-904gDvih5FbnJc-QNkH1Z7vHwDpLOam53x8QQj7rjoXBzH0q0JVlv5PU5ZEoqCc2PIJCtxzZApXzMt0lnqw8DB55P4_czdplVkd80UhPAz1gM3ysTIQi2eblMvkUp98orOlpsp434g6mnrdgYFLOleuuwNraRTJRi0r9Dn9ToILY7Arywi5jS8M496CXJUFAB9UKXKrTa9pazlnRMiFBochRRZw", alg: "RS256" })
[2m2025-03-25T07:54:59.193357Z[0m [32m INFO[0m [1mnode[0m[1m{[0m[3mname[0m[2m=[0mk#99f25ef6..[1m}[0m[2m:[0m [2msui_core::authority::authority_per_epoch_store[0m[2m:[0m [2mcrates/sui-core/src/authority/authority_per_epoch_store.rs[0m[2m:[0m[2m2425:[0m jwk became active [3mepoch[0m[2m=[0m1 [3mround[0m[2m=[0m5 [3mjwk[0m[2m=[0m(JwkId { iss: "https://login.microsoftonline.com/v2.0", kid: "PDRf_Bs8CkDdi7av6hKLwRnNHmk" }, JWK { kty: "RSA", e: "AQAB", n: "v2R1eCh9xaZjAqn0FTf-DuDy3BFsJHc_lsv4K1Ycd1qnF5DwHC7mxnoTsA_dnI8BJvZsCAI7kkFjqKqXDSVYwRM05733_EPekLqLlb02-XLcOziMsOEMpXRrl1wFGHK5zmh2D4ZLsEId2Gdk1fcLzwjCg5iqQxi17DQFDoi0aWUKnkN62sSbiUvzd11eUl0N_beLZ0HYf53wk8r9P3reVhz9W7P8KwNBf7JyiLxmRP_yD9n3650iXi1qp8bZcAt9WmMZ2H6iHHhb7biXwvrJuf2id72VPvV6qkVu6jwUVW5yh6dIvCtPYEA7JNMWyBEXOjJbZ-3l3szj1GSV5m8eAQ", alg: "RS256" })
[2m2025-03-25T07:54:59.193371Z[0m [32m INFO[0m [1mnode[0m[1m{[0m[3mname[0m[2m=[0mk#99f25ef6..[1m}[0m[2m:[0m [2msui_core::authority::authority_per_epoch_store[0m[2m:[0m [2mcrates/sui-core/src/authority/authority_per_epoch_store.rs[0m[2m:[0m[2m2388:[0m received jwk vote from k#8dcff6d1.. for jwk (JwkId { iss: "https://cognito-idp.us-east-1.amazonaws.com/us-east-1_qPsZxYqd8", kid: "VHA/vY1d2h7X33DpZ6ZBDRfnCS/OIgiV7toCdxyEUDY=" }, JWK { kty: "RSA", e: "AQAB", n: "7nb7CxiOI5bgf80jk1WOwi6Fmo9EJzIugpl-gZehOgL4cVAmvp1ChVZMwxTRM62hIQ6Ab6k0vmLBq_jZFx6MeU4c1xTipIohOEK_5HjbesM9OuduHkujN6J7Az4ON4TyHtJOXs3-xdVbjWQwP5L2O_N334ZIb9n-hRxGRhKaQLciSNEt3TQ2ookJaa1q9UinlA0jJyIMLJXmpSdvUP_0QizT88wrenRs3PccgKBQgvtQx569yvL6YnzaRSa8pL7saNy2KqevDHkIvRfqEckduoFQTyiL5OTz6canJYaklw-OImrO1eQF2Z_TsamXKKdk9-k9WFwYx4ftDTdacDflaw", alg: "RS256" })
[2m2025-03-25T07:54:59.193374Z[0m [32m INFO[0m [1mnode[0m[1m{[0m[3mname[0m[2m=[0mk#addeef94..[1m}[0m[2m:[0m [2msui_core::authority::authority_per_epoch_store[0m[2m:[0m [2mcrates/sui-core/src/authority/authority_per_epoch_store.rs[0m[2m:[0m[2m2388:[0m received jwk vote from k#8dcff6d1.. for jwk (JwkId { iss: "https://accounts.karrier.one/", kid: "E760D111C1A1296E6D1D85F7EB18DDBAA0EC2B4E" }, JWK { kty: "RSA", e: "AQAB", n: "3s6cCgr0tKeYEy_MGYDZ7ByPgI0Bv-JimxiSNOytvXb6xvcxE_jjEiEkMg6R3frYXWWuM3V4DMB3WGc8ePDACM9e3ly8jEpxA90nJ1eE94a9bF5wQGtC8_oqw2DajBt6O5ZTSKFJhMQMyzKUXmqT_m1DsUHm0uNGPulMp2CmSE8xtFLlXdxl_8on4zN_4PboPgOrl65DKcw6THTuNcasffyxVeK6_HbuEDLp-Q1v8PtvW98TO2GvOK-yNLDrpgqeh0fnnUBHR2tkMaJ3nnLNdEkVfeBQlafCvwJPRrGX83POq6SC-WAoP6IOH9BXd0DwRvqgCj2uWhtk9yEamJ7Q2Q", alg: "RS256" })
[2m2025-03-25T07:54:59.193386Z[0m [32m INFO[0m [1mnode[0m[1m{[0m[3mname[0m[2m=[0mk#99f25ef6..[1m}[0m[2m:[0m [2msui_core::authority::authority_per_epoch_store[0m[2m:[0m [2mcrates/sui-core/src/authority/authority_per_epoch_store.rs[0m[2m:[0m[2m2425:[0m jwk became active [3mepoch[0m[2m=[0m1 [3mround[0m[2m=[0m5 [3mjwk[0m[2m=[0m(JwkId { iss: "https://cognito-idp.us-east-1.amazonaws.com/us-east-1_qPsZxYqd8", kid: "VHA/vY1d2h7X33DpZ6ZBDRfnCS/OIgiV7toCdxyEUDY=" }, JWK { kty: "RSA", e: "AQAB", n: "7nb7CxiOI5bgf80jk1WOwi6Fmo9EJzIugpl-gZehOgL4cVAmvp1ChVZMwxTRM62hIQ6Ab6k0vmLBq_jZFx6MeU4c1xTipIohOEK_5HjbesM9OuduHkujN6J7Az4ON4TyHtJOXs3-xdVbjWQwP5L2O_N334ZIb9n-hRxGRhKaQLciSNEt3TQ2ookJaa1q9UinlA0jJyIMLJXmpSdvUP_0QizT88wrenRs3PccgKBQgvtQx569yvL6YnzaRSa8pL7saNy2KqevDHkIvRfqEckduoFQTyiL5OTz6canJYaklw-OImrO1eQF2Z_TsamXKKdk9-k9WFwYx4ftDTdacDflaw", alg: "RS256" })
[2m2025-03-25T07:54:59.193388Z[0m [32m INFO[0m [1mnode[0m[1m{[0m[3mname[0m[2m=[0mk#addeef94..[1m}[0m[2m:[0m [2msui_core::authority::authority_per_epoch_store[0m[2m:[0m [2mcrates/sui-core/src/authority/authority_per_epoch_store.rs[0m[2m:[0m[2m2425:[0m jwk became active [3mepoch[0m[2m=[0m1 [3mround[0m[2m=[0m5 [3mjwk[0m[2m=[0m(JwkId { iss: "https://accounts.karrier.one/", kid: "E760D111C1A1296E6D1D85F7EB18DDBAA0EC2B4E" }, JWK { kty: "RSA", e: "AQAB", n: "3s6cCgr0tKeYEy_MGYDZ7ByPgI0Bv-JimxiSNOytvXb6xvcxE_jjEiEkMg6R3frYXWWuM3V4DMB3WGc8ePDACM9e3ly8jEpxA90nJ1eE94a9bF5wQGtC8_oqw2DajBt6O5ZTSKFJhMQMyzKUXmqT_m1DsUHm0uNGPulMp2CmSE8xtFLlXdxl_8on4zN_4PboPgOrl65DKcw6THTuNcasffyxVeK6_HbuEDLp-Q1v8PtvW98TO2GvOK-yNLDrpgqeh0fnnUBHR2tkMaJ3nnLNdEkVfeBQlafCvwJPRrGX83POq6SC-WAoP6IOH9BXd0DwRvqgCj2uWhtk9yEamJ7Q2Q", alg: "RS256" })
[2m2025-03-25T07:54:59.193400Z[0m [32m INFO[0m [1mnode[0m[1m{[0m[3mname[0m[2m=[0mk#99f25ef6..[1m}[0m[2m:[0m [2msui_core::authority::authority_per_epoch_store[0m[2m:[0m [2mcrates/sui-core/src/authority/authority_per_epoch_store.rs[0m[2m:[0m[2m2388:[0m received jwk vote from k#8dcff6d1.. for jwk (JwkId { iss: "https://cognito-idp.us-east-1.amazonaws.com/us-east-1_qPsZxYqd8", kid: "lGbuLXh42ChSJwrMUEBO2npnvMzdAHqOj6DNZieDuVA=" }, JWK { kty: "RSA", e: "AQAB", n: "2e3M6UZo5G1r3eYi1h_dqng0lhNHE6bwSrnEmTMygjDaejpcjWKY9ICFtcz-lP_HEx_q67HsaM7QUIGpTEtAXqQHyxbMAcPlUwKSD8y_mZJlDDM4kI7KJQLW4M-904gDvih5FbnJc-QNkH1Z7vHwDpLOam53x8QQj7rjoXBzH0q0JVlv5PU5ZEoqCc2PIJCtxzZApXzMt0lnqw8DB55P4_czdplVkd80UhPAz1gM3ysTIQi2eblMvkUp98orOlpsp434g6mnrdgYFLOleuuwNraRTJRi0r9Dn9ToILY7Arywi5jS8M496CXJUFAB9UKXKrTa9pazlnRMiFBochRRZw", alg: "RS256" })
[2m2025-03-25T07:54:59.193402Z[0m [32m INFO[0m [1mnode[0m[1m{[0m[3mname[0m[2m=[0mk#addeef94..[1m}[0m[2m:[0m [2msui_core::authority::authority_per_epoch_store[0m[2m:[0m [2mcrates/sui-core/src/authority/authority_per_epoch_store.rs[0m[2m:[0m[2m2388:[0m received jwk vote from k#8dcff6d1.. for jwk (JwkId { iss: "https://accounts.karrier.one/", kid: "B65FDCAA152E04ADE817314CF6A06F4ECABF4CFB" }, JWK { kty: "RSA", e: "AQAB", n: "ra5LGXik2tB6apOePLdwT0ID-Kevzoyy_qcvHhvGJbrY_0PVaT3yM2t_UyvNlh60QYmtIxmGE1vTfbD6moDg0y1WLZ2tMfJ56YT23LYW-quzHHpw3pcAi8EVCFiU7pB4XHHBv-0F_eS7qGQr4Y38QyWKEzg6kv4X_xpMxEpVYmRVgYu8rGXqwCHIFq1Dc3v9Op83hO2q-geeidXjosydxgb6LdOpc27Q_0gzDM2vTaI0k8fqauVGilcYw3OxeqL5jVrdSeyaq4meHrquLdGCbI_KQiS08GJ9BZ4QchfTK70lzKasCsTcW5jd2Ci7DYoPvY-FrR8zPaxHj9jjTkAW3Q", alg: "RS256" })
[2m2025-03-25T07:54:59.193415Z[0m [32m INFO[0m [1mnode[0m[1m{[0m[3mname[0m[2m=[0mk#99f25ef6..[1m}[0m[2m:[0m [2msui_core::authority::authority_per_epoch_store[0m[2m:[0m [2mcrates/sui-core/src/authority/authority_per_epoch_store.rs[0m[2m:[0m[2m2425:[0m jwk became active [3mepoch[0m[2m=[0m1 [3mround[0m[2m=[0m5 [3mjwk[0m[2m=[0m(JwkId { iss: "https://cognito-idp.us-east-1.amazonaws.com/us-east-1_qPsZxYqd8", kid: "lGbuLXh42ChSJwrMUEBO2npnvMzdAHqOj6DNZieDuVA=" }, JWK { kty: "RSA", e: "AQAB", n: "2e3M6UZo5G1r3eYi1h_dqng0lhNHE6bwSrnEmTMygjDaejpcjWKY9ICFtcz-lP_HEx_q67HsaM7QUIGpTEtAXqQHyxbMAcPlUwKSD8y_mZJlDDM4kI7KJQLW4M-904gDvih5FbnJc-QNkH1Z7vHwDpLOam53x8QQj7rjoXBzH0q0JVlv5PU5ZEoqCc2PIJCtxzZApXzMt0lnqw8DB55P4_czdplVkd80UhPAz1gM3ysTIQi2eblMvkUp98orOlpsp434g6mnrdgYFLOleuuwNraRTJRi0r9Dn9ToILY7Arywi5jS8M496CXJUFAB9UKXKrTa9pazlnRMiFBochRRZw", alg: "RS256" })
[2m2025-03-25T07:54:59.193416Z[0m [32m INFO[0m [1mnode[0m[1m{[0m[3mname[0m[2m=[0mk#addeef94..[1m}[0m[2m:[0m [2msui_core::authority::authority_per_epoch_store[0m[2m:[0m [2mcrates/sui-core/src/authority/authority_per_epoch_store.rs[0m[2m:[0m[2m2425:[0m jwk became active [3mepoch[0m[2m=[0m1 [3mround[0m[2m=[0m5 [3mjwk[0m[2m=[0m(JwkId { iss: "https://accounts.karrier.one/", kid: "B65FDCAA152E04ADE817314CF6A06F4ECABF4CFB" }, JWK { kty: "RSA", e: "AQAB", n: "ra5LGXik2tB6apOePLdwT0ID-Kevzoyy_qcvHhvGJbrY_0PVaT3yM2t_UyvNlh60QYmtIxmGE1vTfbD6moDg0y1WLZ2tMfJ56YT23LYW-quzHHpw3pcAi8EVCFiU7pB4XHHBv-0F_eS7qGQr4Y38QyWKEzg6kv4X_xpMxEpVYmRVgYu8rGXqwCHIFq1Dc3v9Op83hO2q-geeidXjosydxgb6LdOpc27Q_0gzDM2vTaI0k8fqauVGilcYw3OxeqL5jVrdSeyaq4meHrquLdGCbI_KQiS08GJ9BZ4QchfTK70lzKasCsTcW5jd2Ci7DYoPvY-FrR8zPaxHj9jjTkAW3Q", alg: "RS256" })
[2m2025-03-25T07:54:59.193431Z[0m [32m INFO[0m [1mnode[0m[1m{[0m[3mname[0m[2m=[0mk#99f25ef6..[1m}[0m[2m:[0m [2msui_core::authority::authority_per_epoch_store[0m[2m:[0m [2mcrates/sui-core/src/authority/authority_per_epoch_store.rs[0m[2m:[0m[2m2388:[0m received jwk vote from k#8dcff6d1.. for jwk (JwkId { iss: "https://accounts.karrier.one/", kid: "E760D111C1A1296E6D1D85F7EB18DDBAA0EC2B4E" }, JWK { kty: "RSA", e: "AQAB", n: "3s6cCgr0tKeYEy_MGYDZ7ByPgI0Bv-JimxiSNOytvXb6xvcxE_jjEiEkMg6R3frYXWWuM3V4DMB3WGc8ePDACM9e3ly8jEpxA90nJ1eE94a9bF5wQGtC8_oqw2DajBt6O5ZTSKFJhMQMyzKUXmqT_m1DsUHm0uNGPulMp2CmSE8xtFLlXdxl_8on4zN_4PboPgOrl65DKcw6THTuNcasffyxVeK6_HbuEDLp-Q1v8PtvW98TO2GvOK-yNLDrpgqeh0fnnUBHR2tkMaJ3nnLNdEkVfeBQlafCvwJPRrGX83POq6SC-WAoP6IOH9BXd0DwRvqgCj2uWhtk9yEamJ7Q2Q", alg: "RS256" })
[2m2025-03-25T07:54:59.193431Z[0m [32m INFO[0m [1mnode[0m[1m{[0m[3mname[0m[2m=[0mk#addeef94..[1m}[0m[2m:[0m [2msui_core::authority::authority_per_epoch_store[0m[2m:[0m [2mcrates/sui-core/src/authority/authority_per_epoch_store.rs[0m[2m:[0m[2m2388:[0m received jwk vote from k#8dcff6d1.. for jwk (JwkId { iss: "https://oauth2.playtron.one", kid: "7388b63c-ba03-4fe3-85e3-6717f91d55b1" }, JWK { kty: "RSA", e: "AQAB", n: "scvmHIfIZk5ZU7_k6snu98s5rPKBDws804qpNEPyy7fkmzxDbcN-qWQJrDgNU-pvr5WvIPyu2hfFrNtBiiE3IZqqGRm2rJb8LoKz6mtxiLyRT8EQS8D8U6uiR8mkvbw-vgJ1h3l2gHDXPGN-03_DXrL8r2xDiuxdezxjiCI80r7bmpZg9i8PWtL1BQU43nM4MNDXi9Wo5ppSojFxTe8L75ZOnFeLBVxPJG9YBGhFnATIoUei7ohbw5_t9buiIfXTQ3ZwCvG3WAGFDsOIdl3PapA1T7oTlsfQp0wQa0EDeleFBu81ytNlidJNQcXz3F9OmwYbHJ4bPMYcz-x2ATLK5w", alg: "RS256" })
[2m2025-03-25T07:54:59.193446Z[0m [32m INFO[0m [1mnode[0m[1m{[0m[3mname[0m[2m=[0mk#99f25ef6..[1m}[0m[2m:[0m [2msui_core::authority::authority_per_epoch_store[0m[2m:[0m [2mcrates/sui-core/src/authority/authority_per_epoch_store.rs[0m[2m:[0m[2m2425:[0m jwk became active [3mepoch[0m[2m=[0m1 [3mround[0m[2m=[0m5 [3mjwk[0m[2m=[0m(JwkId { iss: "https://accounts.karrier.one/", kid: "E760D111C1A1296E6D1D85F7EB18DDBAA0EC2B4E" }, JWK { kty: "RSA", e: "AQAB", n: "3s6cCgr0tKeYEy_MGYDZ7ByPgI0Bv-JimxiSNOytvXb6xvcxE_jjEiEkMg6R3frYXWWuM3V4DMB3WGc8ePDACM9e3ly8jEpxA90nJ1eE94a9bF5wQGtC8_oqw2DajBt6O5ZTSKFJhMQMyzKUXmqT_m1DsUHm0uNGPulMp2CmSE8xtFLlXdxl_8on4zN_4PboPgOrl65DKcw6THTuNcasffyxVeK6_HbuEDLp-Q1v8PtvW98TO2GvOK-yNLDrpgqeh0fnnUBHR2tkMaJ3nnLNdEkVfeBQlafCvwJPRrGX83POq6SC-WAoP6IOH9BXd0DwRvqgCj2uWhtk9yEamJ7Q2Q", alg: "RS256" })
[2m2025-03-25T07:54:59.193452Z[0m [32m INFO[0m [1mnode[0m[1m{[0m[3mname[0m[2m=[0mk#addeef94..[1m}[0m[2m:[0m [2msui_core::authority::authority_per_epoch_store[0m[2m:[0m [2mcrates/sui-core/src/authority/authority_per_epoch_store.rs[0m[2m:[0m[2m2388:[0m received jwk vote from k#8dcff6d1.. for jwk (JwkId { iss: "https://oauth2.playtron.one", kid: "e55421cb-cdbd-4791-a590-ad8ca798aa89" }, JWK { kty: "RSA", e: "AQAB", n: "vy8-EHvWmVHH5xi3BBvfalX9i6OuP9mz2wz1E72eMTf1ZHVbZ66O-vWlr2F2SNSyB_PURIb1KIqUcvpn6GW_vgs4EhflMJnmeZ0Fot4V6YsEOIzob7jkooeFNZ7dTDDHahtMyBd7pcJCv1afdQSTVZQeO0lm0swOm2whkw6hV7R2fBG3zLJsBUqe9oEwMa9cJ768KFfxFoEAUk3SQZ74JmkgOEKBSf26EcPcxAZTreSDAdh5-MI4oD1aawHfb5nl1CQxhRf4YcCp_MVoerKKX1-it0NkDn5xJsuN_Z3Dv5354j6OZVBZpDjN7ZwcQfLEnjwI8G4Zr9y2SC3g_fH1G-MIhe0LPDWF4egqMaIwkIDW0sMqPAnE_nSFN8Ag3KJ_iT6P2PAGJbna882IIczb5q9VXkB0RJlL4BwNHSE2q867EZBNGFTPrDJzHtM7sZ468Y4taMv0CyFdPlb0alFRsS_T658tdkt1lxrl_dzE0ixPBw99X5Rwz0XLv4yNs4BQ6RgHVZT5fGGRzXovlDx9F2ea0EleNn47KAFDs0wNjIl1oryar0pJMlb-pDPuVcGMt0XYNh5gOLty5LdAl_7PqwFsQc7QMWIGqjnSnzeGYvN7kknpfYl0SfJDQNNSJDI2b2oGUWw-K6-kCgQxxlEKbhztegiVmRGuqcDfvNqrpqc", alg: "RS256" })
[2m2025-03-25T07:54:59.193460Z[0m [32m INFO[0m [1mnode[0m[1m{[0m[3mname[0m[2m=[0mk#99f25ef6..[1m}[0m[2m:[0m [2msui_core::authority::authority_per_epoch_store[0m[2m:[0m [2mcrates/sui-core/src/authority/authority_per_epoch_store.rs[0m[2m:[0m[2m2388:[0m received jwk vote from k#8dcff6d1.. for jwk (JwkId { iss: "https://accounts.karrier.one/", kid: "B65FDCAA152E04ADE817314CF6A06F4ECABF4CFB" }, JWK { kty: "RSA", e: "AQAB", n: "ra5LGXik2tB6apOePLdwT0ID-Kevzoyy_qcvHhvGJbrY_0PVaT3yM2t_UyvNlh60QYmtIxmGE1vTfbD6moDg0y1WLZ2tMfJ56YT23LYW-quzHHpw3pcAi8EVCFiU7pB4XHHBv-0F_eS7qGQr4Y38QyWKEzg6kv4X_xpMxEpVYmRVgYu8rGXqwCHIFq1Dc3v9Op83hO2q-geeidXjosydxgb6LdOpc27Q_0gzDM2vTaI0k8fqauVGilcYw3OxeqL5jVrdSeyaq4meHrquLdGCbI_KQiS08GJ9BZ4QchfTK70lzKasCsTcW5jd2Ci7DYoPvY-FrR8zPaxHj9jjTkAW3Q", alg: "RS256" })
[2m2025-03-25T07:54:59.193473Z[0m [32m INFO[0m [1mnode[0m[1m{[0m[3mname[0m[2m=[0mk#addeef94..[1m}[0m[2m:[0m [2msui_core::authority::authority_per_epoch_store[0m[2m:[0m [2mcrates/sui-core/src/authority/authority_per_epoch_store.rs[0m[2m:[0m[2m2388:[0m received jwk vote from k#8dcff6d1.. for jwk (JwkId { iss: "https://oauth2.playtron.one", kid: "1fd66a18-7afd-4086-ba57-a8ca9b398406" }, JWK { kty: "RSA", e: "AQAB", n: "7XHinRSS9un2BdWsLhFOdi5N-17HMRYf4odQE4KqiPqRrp8TDE9bDekg8ERCW7Hqkgp44U07BUJwCiL5ss_9rIgV6Wy_lOwF_npGqMstZYemnZYNvpaD4ZEneoRmo94qNkYg5szBhVlvaF-IXlwB4GEQdDLJZOLafgPYL4XK2eD49Q7PU7jkNKy91k98UeK3fH9iv0L6W5nJNU1SzCR75gRcWyKSySg9RCTQyWFak8VhWW1YxwIQebvGgTsr6jYgxvcmRsSLeMhEhoIhOOkC1zQK51kBB-ZS7o2KttDHr1dn08LeHJkxSZ2guLdT_V2ISDiKxjXgVBlSvvweLgEHs7cehNU-D65uQpTxULPJW7xeITDl8rCCxbr8p8rcq-I19EV5Uj4n7RswaNDZ2YO87Yx12KzZVrO_0Tra6CvsNJ7hdI_Ykg7yMLs-dj7eKgOF5Nx1Q7Bnp1OyRKIXfUkyZkh8mjfiMt-npf1WPAgF1Iwx5H-ww1rTuFR6yyZRtEHyVxudg9XFar6cKizi75uKVGaV74GMGI2tPGL0zh_jCh8QSk68HltKdfLP8xDvHBB_crklWlr9iYuFjHzLI9KWvICvQWMtQikHE3iaf492I9SMqR0OIwSeg5TzzerVX17qkCeVbdxOK9jKeP5k2sW6mETUdrJCmlRwGN-EG_VIOrE", alg: "RS256" })
[2m2025-03-25T07:54:59.193476Z[0m [32m INFO[0m [1mnode[0m[1m{[0m[3mname[0m[2m=[0mk#99f25ef6..[1m}[0m[2m:[0m [2msui_core::authority::authority_per_epoch_store[0m[2m:[0m [2mcrates/sui-core/src/authority/authority_per_epoch_store.rs[0m[2m:[0m[2m2425:[0m jwk became active [3mepoch[0m[2m=[0m1 [3mround[0m[2m=[0m5 [3mjwk[0m[2m=[0m(JwkId { iss: "https://accounts.karrier.one/", kid: "B65FDCAA152E04ADE817314CF6A06F4ECABF4CFB" }, JWK { kty: "RSA", e: "AQAB", n: "ra5LGXik2tB6apOePLdwT0ID-Kevzoyy_qcvHhvGJbrY_0PVaT3yM2t_UyvNlh60QYmtIxmGE1vTfbD6moDg0y1WLZ2tMfJ56YT23LYW-quzHHpw3pcAi8EVCFiU7pB4XHHBv-0F_eS7qGQr4Y38QyWKEzg6kv4X_xpMxEpVYmRVgYu8rGXqwCHIFq1Dc3v9Op83hO2q-geeidXjosydxgb6LdOpc27Q_0gzDM2vTaI0k8fqauVGilcYw3OxeqL5jVrdSeyaq4meHrquLdGCbI_KQiS08GJ9BZ4QchfTK70lzKasCsTcW5jd2Ci7DYoPvY-FrR8zPaxHj9jjTkAW3Q", alg: "RS256" })
[2m2025-03-25T07:54:59.193491Z[0m [32m INFO[0m [1mnode[0m[1m{[0m[3mname[0m[2m=[0mk#99f25ef6..[1m}[0m[2m:[0m [2msui_core::authority::authority_per_epoch_store[0m[2m:[0m [2mcrates/sui-core/src/authority/authority_per_epoch_store.rs[0m[2m:[0m[2m2388:[0m received jwk vote from k#8dcff6d1.. for jwk (JwkId { iss: "https://oauth2.playtron.one", kid: "7388b63c-ba03-4fe3-85e3-6717f91d55b1" }, JWK { kty: "RSA", e: "AQAB", n: "scvmHIfIZk5ZU7_k6snu98s5rPKBDws804qpNEPyy7fkmzxDbcN-qWQJrDgNU-pvr5WvIPyu2hfFrNtBiiE3IZqqGRm2rJb8LoKz6mtxiLyRT8EQS8D8U6uiR8mkvbw-vgJ1h3l2gHDXPGN-03_DXrL8r2xDiuxdezxjiCI80r7bmpZg9i8PWtL1BQU43nM4MNDXi9Wo5ppSojFxTe8L75ZOnFeLBVxPJG9YBGhFnATIoUei7ohbw5_t9buiIfXTQ3ZwCvG3WAGFDsOIdl3PapA1T7oTlsfQp0wQa0EDeleFBu81ytNlidJNQcXz3F9OmwYbHJ4bPMYcz-x2ATLK5w", alg: "RS256" })
[2m2025-03-25T07:54:59.193511Z[0m [32m INFO[0m [1mnode[0m[1m{[0m[3mname[0m[2m=[0mk#99f25ef6..[1m}[0m[2m:[0m [2msui_core::authority::authority_per_epoch_store[0m[2m:[0m [2mcrates/sui-core/src/authority/authority_per_epoch_store.rs[0m[2m:[0m[2m2388:[0m received jwk vote from k#8dcff6d1.. for jwk (JwkId { iss: "https://oauth2.playtron.one", kid: "e55421cb-cdbd-4791-a590-ad8ca798aa89" }, JWK { kty: "RSA", e: "AQAB", n: "vy8-EHvWmVHH5xi3BBvfalX9i6OuP9mz2wz1E72eMTf1ZHVbZ66O-vWlr2F2SNSyB_PURIb1KIqUcvpn6GW_vgs4EhflMJnmeZ0Fot4V6YsEOIzob7jkooeFNZ7dTDDHahtMyBd7pcJCv1afdQSTVZQeO0lm0swOm2whkw6hV7R2fBG3zLJsBUqe9oEwMa9cJ768KFfxFoEAUk3SQZ74JmkgOEKBSf26EcPcxAZTreSDAdh5-MI4oD1aawHfb5nl1CQxhRf4YcCp_MVoerKKX1-it0NkDn5xJsuN_Z3Dv5354j6OZVBZpDjN7ZwcQfLEnjwI8G4Zr9y2SC3g_fH1G-MIhe0LPDWF4egqMaIwkIDW0sMqPAnE_nSFN8Ag3KJ_iT6P2PAGJbna882IIczb5q9VXkB0RJlL4BwNHSE2q867EZBNGFTPrDJzHtM7sZ468Y4taMv0CyFdPlb0alFRsS_T658tdkt1lxrl_dzE0ixPBw99X5Rwz0XLv4yNs4BQ6RgHVZT5fGGRzXovlDx9F2ea0EleNn47KAFDs0wNjIl1oryar0pJMlb-pDPuVcGMt0XYNh5gOLty5LdAl_7PqwFsQc7QMWIGqjnSnzeGYvN7kknpfYl0SfJDQNNSJDI2b2oGUWw-K6-kCgQxxlEKbhztegiVmRGuqcDfvNqrpqc", alg: "RS256" })
[2m2025-03-25T07:54:59.193530Z[0m [32m INFO[0m [1mnode[0m[1m{[0m[3mname[0m[2m=[0mk#addeef94..[1m}[0m[2m:[0m [2msui_core::authority::authority_per_epoch_store[0m[2m:[0m [2mcrates/sui-core/src/authority/authority_per_epoch_store.rs[0m[2m:[0m[2m2388:[0m received jwk vote from k#99f25ef6.. for jwk (JwkId { iss: "https://appleid.apple.com", kid: "dMlERBaFdK" }, JWK { kty: "RSA", e: "AQAB", n: "ryLWkB74N6SJNRVBjKF6xKMfP-QW3AAsJotv0LjVtf7m4NZNg_gTL78e7O8wmvngF8FuzBrvqf1mGW17Ct8BgNK6YXxnoGL0YLmlwXbmCZvTXki0VlEW1PDXeViWy7qXaCp2caF5v4OOdPsgroxNO_DgJRTuA_izJ4DFZYHCHXwojfdWJiDYG67j5PlD5pXKGx7zaqyryjovZTEII_Z1_bhFCRUZRjfJ3TVoK0fZj2z7iAZWjn33i-V3zExUhwzEyeuGph0118NfmOLCUEy_Jd4xvLf_X4laPpe9nq8UeORfs72yz2qH7cHDKL85W6oG08Gu05JWuAs5Ay49WxJrmw", alg: "RS256" })
[2m2025-03-25T07:54:59.193533Z[0m [32m INFO[0m [1mnode[0m[1m{[0m[3mname[0m[2m=[0mk#99f25ef6..[1m}[0m[2m:[0m [2msui_core::authority::authority_per_epoch_store[0m[2m:[0m [2mcrates/sui-core/src/authority/authority_per_epoch_store.rs[0m[2m:[0m[2m2388:[0m received jwk vote from k#8dcff6d1.. for jwk (JwkId { iss: "https://oauth2.playtron.one", kid: "1fd66a18-7afd-4086-ba57-a8ca9b398406" }, JWK { kty: "RSA", e: "AQAB", n: "7XHinRSS9un2BdWsLhFOdi5N-17HMRYf4odQE4KqiPqRrp8TDE9bDekg8ERCW7Hqkgp44U07BUJwCiL5ss_9rIgV6Wy_lOwF_npGqMstZYemnZYNvpaD4ZEneoRmo94qNkYg5szBhVlvaF-IXlwB4GEQdDLJZOLafgPYL4XK2eD49Q7PU7jkNKy91k98UeK3fH9iv0L6W5nJNU1SzCR75gRcWyKSySg9RCTQyWFak8VhWW1YxwIQebvGgTsr6jYgxvcmRsSLeMhEhoIhOOkC1zQK51kBB-ZS7o2KttDHr1dn08LeHJkxSZ2guLdT_V2ISDiKxjXgVBlSvvweLgEHs7cehNU-D65uQpTxULPJW7xeITDl8rCCxbr8p8rcq-I19EV5Uj4n7RswaNDZ2YO87Yx12KzZVrO_0Tra6CvsNJ7hdI_Ykg7yMLs-dj7eKgOF5Nx1Q7Bnp1OyRKIXfUkyZkh8mjfiMt-npf1WPAgF1Iwx5H-ww1rTuFR6yyZRtEHyVxudg9XFar6cKizi75uKVGaV74GMGI2tPGL0zh_jCh8QSk68HltKdfLP8xDvHBB_crklWlr9iYuFjHzLI9KWvICvQWMtQikHE3iaf492I9SMqR0OIwSeg5TzzerVX17qkCeVbdxOK9jKeP5k2sW6mETUdrJCmlRwGN-EG_VIOrE", alg: "RS256" })
[2m2025-03-25T07:54:59.193551Z[0m [32m INFO[0m [1mnode[0m[1m{[0m[3mname[0m[2m=[0mk#addeef94..[1m}[0m[2m:[0m [2msui_core::authority::authority_per_epoch_store[0m[2m:[0m [2mcrates/sui-core/src/authority/authority_per_epoch_store.rs[0m[2m:[0m[2m2388:[0m received jwk vote from k#99f25ef6.. for jwk (JwkId { iss: "https://appleid.apple.com", kid: "rBRfVmqsjn" }, JWK { kty: "RSA", e: "AQAB", n: "pPOaiF5yL-y42FaKg9PYASR5-rdTK7NEiteNUAzNp0zkta-HW-tgLNLNlsft3zcrsgOLqXxhX7qzlI3JGH-wSs7_v2XNSg57QhOTxPDqtUfy5DegtiSOgwE947OBTwCWo2R6cGZD1T8ysfO2HuKheq2hEwZU4Y-8qT19WWOhZHs4CVt7A5mzpIgWuUVw766VTyqrqKev32DOUPIqFocFz3tuty95S9t_OYnaPCcET-b6DV_eT7psPhqhl5nNUm0lzkCQ53-9kxQNJxBciy0wiBcAexD4KppKRRD3evFpOSxD1R6Kg2DIG5UnbVVqn5nhZA9RH-t50f_biqV3KlSHJQ", alg: "RS256" })
[2m2025-03-25T07:54:59.193570Z[0m [32m INFO[0m [1mnode[0m[1m{[0m[3mname[0m[2m=[0mk#addeef94..[1m}[0m[2m:[0m [2msui_core::authority::authority_per_epoch_store[0m[2m:[0m [2mcrates/sui-core/src/authority/authority_per_epoch_store.rs[0m[2m:[0m[2m2388:[0m received jwk vote from k#99f25ef6.. for jwk (JwkId { iss: "https://appleid.apple.com", kid: "rs0M3kOV9p" }, JWK { kty: "RSA", e: "AQAB", n: "zH5so3zLsgmRypxAAYJimfF9cx3ISSyHyzjDP3yvE9ieqpnjFJhzgCP8L4oKO9vUFNpoG1ub7I3paYNY6Vb2yc4chnsjJxB3j0jomJ3iI9MlWoVecTFG2tywyx5NRhy3YfTUpw2uCLafzWrpIJIoKUCGM6iUgaIFjvfi-cGT5T_5eUSWZHN-ziH69mGcbMRGLQEixQUatwru9i4i-OSk-w-JmLOqAzRP1mVn1tcZRIoGSB2PFSSJX9SK90OX8i5sj7dpIO_2xbGMtyNJkDzGq88x1pMJ4sv6HMj-tx4QrpGDbUi7zBCgbBnNSGSB_LBv4dbswwWY96ckHgx9yf_7IQ", alg: "RS256" })
[2m2025-03-25T07:54:59.193590Z[0m [32m INFO[0m [1mnode[0m[1m{[0m[3mname[0m[2m=[0mk#addeef94..[1m}[0m[2m:[0m [2msui_core::authority::authority_per_epoch_store[0m[2m:[0m [2mcrates/sui-core/src/authority/authority_per_epoch_store.rs[0m[2m:[0m[2m2388:[0m received jwk vote from k#99f25ef6.. for jwk (JwkId { iss: "https://login.microsoftonline.com/v2.0", kid: "JDNa_4i4r7FgigL3sHIlI3xV-IU" }, JWK { kty: "RSA", e: "AQAB", n: "iQ745_U-vjkxPblaw6phBpe08fC42mpcrS4pcr15HiyZQyQV-BFcEVyLwPdsz3ulMRN7OB_UMfCcPBHqOjguejoab6hyJFVVMw_epP4a3SpQN9qaCbnqaSxgSGiqSq663g3TjsF_Wu1m9L41eNoF6Yvh5kULMd6lqjY0LPO5ZZxaQFLtIHahoJKMvYy1BTS0VYcNsXTjxkgUEL6Vc8GV5vaClbnY3VA2hLbXC1SGJWjVGdYXhkuck2tHr58u87MPEaQ33C6YfyISZKsdumF5bTCcIH75jjC3WbMVOLgWg5w0MSiHOFyI76Ihxbb0nRicEuao0WzO9AS7HJ7L24FHFQ", alg: "RS256" })
[2m2025-03-25T07:54:59.193591Z[0m [32m INFO[0m [1mnode[0m[1m{[0m[3mname[0m[2m=[0mk#99f25ef6..[1m}[0m[2m:[0m [2msui_core::authority::authority_per_epoch_store[0m[2m:[0m [2mcrates/sui-core/src/authority/authority_per_epoch_store.rs[0m[2m:[0m[2m2388:[0m received jwk vote from k#99f25ef6.. for jwk (JwkId { iss: "https://appleid.apple.com", kid: "dMlERBaFdK" }, JWK { kty: "RSA", e: "AQAB", n: "ryLWkB74N6SJNRVBjKF6xKMfP-QW3AAsJotv0LjVtf7m4NZNg_gTL78e7O8wmvngF8FuzBrvqf1mGW17Ct8BgNK6YXxnoGL0YLmlwXbmCZvTXki0VlEW1PDXeViWy7qXaCp2caF5v4OOdPsgroxNO_DgJRTuA_izJ4DFZYHCHXwojfdWJiDYG67j5PlD5pXKGx7zaqyryjovZTEII_Z1_bhFCRUZRjfJ3TVoK0fZj2z7iAZWjn33i-V3zExUhwzEyeuGph0118NfmOLCUEy_Jd4xvLf_X4laPpe9nq8UeORfs72yz2qH7cHDKL85W6oG08Gu05JWuAs5Ay49WxJrmw", alg: "RS256" })
[2m2025-03-25T07:54:59.193609Z[0m [32m INFO[0m [1mnode[0m[1m{[0m[3mname[0m[2m=[0mk#addeef94..[1m}[0m[2m:[0m [2msui_core::authority::authority_per_epoch_store[0m[2m:[0m [2mcrates/sui-core/src/authority/authority_per_epoch_store.rs[0m[2m:[0m[2m2388:[0m received jwk vote from k#99f25ef6.. for jwk (JwkId { iss: "https://login.microsoftonline.com/v2.0", kid: "JYhSOsHhDZrc5kfqQg8ujkHMTNY" }, JWK { kty: "RSA", e: "AQAB", n: "xxMRcusywRId_dJR_edc-qe_M3vhXONCz7QDhjVfoqHWbt9lQCXCVIsIo9VJI1nGT1F6NkXEIBt462x2p1w2cgf4AF86dGhbTpR-k81WLR5gNjkhpPqB1PCitichVIKbHAvOyYEAaJnEyCiJqIlU_Zg5L5FzRqv_N_3-fhYvWK0pc3m1Ohyd2kNRg1Nbcp5ogt7mBjec7MErfi-N0o54vXfsK6hM2m7h0sZwVd4CxgPqnpBtm2htM9xaKpnwkYoEL3va3bPI1VGGp9QLZwMV6RAHOy_ORpz4xarG-z7lZUCLO0X1So05rn7w5edBmfblUQlPL3BljbUVB3abd9SNXw", alg: "RS256" })
[2m2025-03-25T07:54:59.193612Z[0m [32m INFO[0m [1mnode[0m[1m{[0m[3mname[0m[2m=[0mk#99f25ef6..[1m}[0m[2m:[0m [2msui_core::authority::authority_per_epoch_store[0m[2m:[0m [2mcrates/sui-core/src/authority/authority_per_epoch_store.rs[0m[2m:[0m[2m2388:[0m received jwk vote from k#99f25ef6.. for jwk (JwkId { iss: "https://appleid.apple.com", kid: "rBRfVmqsjn" }, JWK { kty: "RSA", e: "AQAB", n: "pPOaiF5yL-y42FaKg9PYASR5-rdTK7NEiteNUAzNp0zkta-HW-tgLNLNlsft3zcrsgOLqXxhX7qzlI3JGH-wSs7_v2XNSg57QhOTxPDqtUfy5DegtiSOgwE947OBTwCWo2R6cGZD1T8ysfO2HuKheq2hEwZU4Y-8qT19WWOhZHs4CVt7A5mzpIgWuUVw766VTyqrqKev32DOUPIqFocFz3tuty95S9t_OYnaPCcET-b6DV_eT7psPhqhl5nNUm0lzkCQ53-9kxQNJxBciy0wiBcAexD4KppKRRD3evFpOSxD1R6Kg2DIG5UnbVVqn5nhZA9RH-t50f_biqV3KlSHJQ", alg: "RS256" })
[2m2025-03-25T07:54:59.193629Z[0m [32m INFO[0m [1mnode[0m[1m{[0m[3mname[0m[2m=[0mk#addeef94..[1m}[0m[2m:[0m [2msui_core::authority::authority_per_epoch_store[0m[2m:[0m [2mcrates/sui-core/src/authority/authority_per_epoch_store.rs[0m[2m:[0m[2m2388:[0m received jwk vote from k#99f25ef6.. for jwk (JwkId { iss: "https://login.microsoftonline.com/v2.0", kid: "CNv0OI3RwqlHFEVnaoMAshCH2XE" }, JWK { kty: "RSA", e: "AQAB", n: "hz6fUSCSAuiyQz6L1nQj4za8kItevJzxhVbecMigTIl9pXZSHZa3gzMgtapnb1q96CG5qvR78dH6ZvTKL8MzN4VfGgZhvLEv5LJKeo0tGgBIS65wxIiJYj9ExEDqFkw9RdhW1nN8IN9eO76PbC-fdEPtDekA2BaITY2DARISKN4Ke0RLBEWNrKeEjjOzrygS2e3Q9NVzE51ZGGQAGHau7atHy8M_qA1nnd2dMUgUMnEYIMzDBTSKz17G6itJOdanGvG3wXvdpndKffnDppaPkyWbnybdMI4IP7q6WsCqnt3Gtg-baG6GDqZQQEBp9C9gLAFv4ORTRlpD3w0gCMh7xw", alg: "RS256" })
[2m2025-03-25T07:54:59.193631Z[0m [32m INFO[0m [1mnode[0m[1m{[0m[3mname[0m[2m=[0mk#99f25ef6..[1m}[0m[2m:[0m [2msui_core::authority::authority_per_epoch_store[0m[2m:[0m [2mcrates/sui-core/src/authority/authority_per_epoch_store.rs[0m[2m:[0m[2m2388:[0m received jwk vote from k#99f25ef6.. for jwk (JwkId { iss: "https://appleid.apple.com", kid: "rs0M3kOV9p" }, JWK { kty: "RSA", e: "AQAB", n: "zH5so3zLsgmRypxAAYJimfF9cx3ISSyHyzjDP3yvE9ieqpnjFJhzgCP8L4oKO9vUFNpoG1ub7I3paYNY6Vb2yc4chnsjJxB3j0jomJ3iI9MlWoVecTFG2tywyx5NRhy3YfTUpw2uCLafzWrpIJIoKUCGM6iUgaIFjvfi-cGT5T_5eUSWZHN-ziH69mGcbMRGLQEixQUatwru9i4i-OSk-w-JmLOqAzRP1mVn1tcZRIoGSB2PFSSJX9SK90OX8i5sj7dpIO_2xbGMtyNJkDzGq88x1pMJ4sv6HMj-tx4QrpGDbUi7zBCgbBnNSGSB_LBv4dbswwWY96ckHgx9yf_7IQ", alg: "RS256" })
[2m2025-03-25T07:54:59.193648Z[0m [32m INFO[0m [1mnode[0m[1m{[0m[3mname[0m[2m=[0mk#addeef94..[1m}[0m[2m:[0m [2msui_core::authority::authority_per_epoch_store[0m[2m:[0m [2mcrates/sui-core/src/authority/authority_per_epoch_store.rs[0m[2m:[0m[2m2388:[0m received jwk vote from k#99f25ef6.. for jwk (JwkId { iss: "https://login.microsoftonline.com/v2.0", kid: "PoVKeirIOvmTyLQ9G9BenBwos7k" }, JWK { kty: "RSA", e: "AQAB", n: "ruYyUq1ElSb8QCCt0XWWRSFpUq0JkyfEvvlCa4fPDi0GZbSGgJg3qYa0co2RsBIYHczXkc71kHVpktySAgYK1KMK264e-s7Vymeq-ypHEDpRsaWric_kKEIvKZzRsyUBUWf0CUhtuUvAbDTuaFnQ4g5lfoa7u3vtsv1za5Gmn6DUPirrL_-xqijP9IsHGUKaTmB4M_qnAu6vUHCpXZnN0YTJDoK7XrVJFaKj8RrTdJB89GFJeTFHA2OX472ToyLdCDn5UatYwmht62nXGlH7_G1kW1YMpeSSwzpnMEzUUk7A8UXrvFTHXEpfXhsv0LA59dm9Hi1mIXaOe1w-icA_rQ", alg: "RS256" })
[2m2025-03-25T07:54:59.193651Z[0m [32m INFO[0m [1mnode[0m[1m{[0m[3mname[0m[2m=[0mk#99f25ef6..[1m}[0m[2m:[0m [2msui_core::authority::authority_per_epoch_store[0m[2m:[0m [2mcrates/sui-core/src/authority/authority_per_epoch_store.rs[0m[2m:[0m[2m2388:[0m received jwk vote from k#99f25ef6.. for jwk (JwkId { iss: "https://login.microsoftonline.com/v2.0", kid: "JDNa_4i4r7FgigL3sHIlI3xV-IU" }, JWK { kty: "RSA", e: "AQAB", n: "iQ745_U-vjkxPblaw6phBpe08fC42mpcrS4pcr15HiyZQyQV-BFcEVyLwPdsz3ulMRN7OB_UMfCcPBHqOjguejoab6hyJFVVMw_epP4a3SpQN9qaCbnqaSxgSGiqSq663g3TjsF_Wu1m9L41eNoF6Yvh5kULMd6lqjY0LPO5ZZxaQFLtIHahoJKMvYy1BTS0VYcNsXTjxkgUEL6Vc8GV5vaClbnY3VA2hLbXC1SGJWjVGdYXhkuck2tHr58u87MPEaQ33C6YfyISZKsdumF5bTCcIH75jjC3WbMVOLgWg5w0MSiHOFyI76Ihxbb0nRicEuao0WzO9AS7HJ7L24FHFQ", alg: "RS256" })
[2m2025-03-25T07:54:59.193663Z[0m [32m INFO[0m [1mnode[0m[1m{[0m[3mname[0m[2m=[0mk#addeef94..[1m}[0m[2m:[0m [2msui_core::authority::authority_per_epoch_store[0m[2m:[0m [2mcrates/sui-core/src/authority/authority_per_epoch_store.rs[0m[2m:[0m[2m2425:[0m jwk became active [3mepoch[0m[2m=[0m1 [3mround[0m[2m=[0m5 [3mjwk[0m[2m=[0m(JwkId { iss: "https://login.microsoftonline.com/v2.0", kid: "PoVKeirIOvmTyLQ9G9BenBwos7k" }, JWK { kty: "RSA", e: "AQAB", n: "ruYyUq1ElSb8QCCt0XWWRSFpUq0JkyfEvvlCa4fPDi0GZbSGgJg3qYa0co2RsBIYHczXkc71kHVpktySAgYK1KMK264e-s7Vymeq-ypHEDpRsaWric_kKEIvKZzRsyUBUWf0CUhtuUvAbDTuaFnQ4g5lfoa7u3vtsv1za5Gmn6DUPirrL_-xqijP9IsHGUKaTmB4M_qnAu6vUHCpXZnN0YTJDoK7XrVJFaKj8RrTdJB89GFJeTFHA2OX472ToyLdCDn5UatYwmht62nXGlH7_G1kW1YMpeSSwzpnMEzUUk7A8UXrvFTHXEpfXhsv0LA59dm9Hi1mIXaOe1w-icA_rQ", alg: "RS256" })
[2m2025-03-25T07:54:59.193670Z[0m [32m INFO[0m [1mnode[0m[1m{[0m[3mname[0m[2m=[0mk#99f25ef6..[1m}[0m[2m:[0m [2msui_core::authority::authority_per_epoch_store[0m[2m:[0m [2mcrates/sui-core/src/authority/authority_per_epoch_store.rs[0m[2m:[0m[2m2388:[0m received jwk vote from k#99f25ef6.. for jwk (JwkId { iss: "https://login.microsoftonline.com/v2.0", kid: "JYhSOsHhDZrc5kfqQg8ujkHMTNY" }, JWK { kty: "RSA", e: "AQAB", n: "xxMRcusywRId_dJR_edc-qe_M3vhXONCz7QDhjVfoqHWbt9lQCXCVIsIo9VJI1nGT1F6NkXEIBt462x2p1w2cgf4AF86dGhbTpR-k81WLR5gNjkhpPqB1PCitichVIKbHAvOyYEAaJnEyCiJqIlU_Zg5L5FzRqv_N_3-fhYvWK0pc3m1Ohyd2kNRg1Nbcp5ogt7mBjec7MErfi-N0o54vXfsK6hM2m7h0sZwVd4CxgPqnpBtm2htM9xaKpnwkYoEL3va3bPI1VGGp9QLZwMV6RAHOy_ORpz4xarG-z7lZUCLO0X1So05rn7w5edBmfblUQlPL3BljbUVB3abd9SNXw", alg: "RS256" })
[2m2025-03-25T07:54:59.193678Z[0m [32m INFO[0m [1mnode[0m[1m{[0m[3mname[0m[2m=[0mk#addeef94..[1m}[0m[2m:[0m [2msui_core::authority::authority_per_epoch_store[0m[2m:[0m [2mcrates/sui-core/src/authority/authority_per_epoch_store.rs[0m[2m:[0m[2m2388:[0m received jwk vote from k#99f25ef6.. for jwk (JwkId { iss: "https://login.microsoftonline.com/v2.0", kid: "-cgAvjmmQ24Ks20zIpDB4SW894w" }, JWK { kty: "RSA", e: "AQAB", n: "otM7AZjL81wdSVdrkQtt6shrQiAT8OZJeIKTeRJgrDYXKzaVXs0WFXVCjCv9GuCktF-tereotfZlcskamfuupe574o76CJy6AUtuY7wt0OKqxoSJMRuUJvA_NNkT50C_dTDHTtF7kiGBwWvHEkHeZAgT52E8bfNJswV28GsPscM9vG2ylUPyiaEIsGi0cg_JllbnfBjGhfA_lzmrB9Iw75E3f1Hnk2uAs1KcHJGSH3EwHJ5tUeo9WtLGjRAfH1kGtPjkktNaw3V8EukEzgIfILV8udpWYE79A_p5jFUnTNkQxsviNxG537JMooa1ZoYveDv_f6LCj1o7MNZQVlD3tw", alg: "RS256" })
[2m2025-03-25T07:54:59.193690Z[0m [32m INFO[0m [1mnode[0m[1m{[0m[3mname[0m[2m=[0mk#99f25ef6..[1m}[0m[2m:[0m [2msui_core::authority::authority_per_epoch_store[0m[2m:[0m [2mcrates/sui-core/src/authority/authority_per_epoch_store.rs[0m[2m:[0m[2m2388:[0m received jwk vote from k#99f25ef6.. for jwk (JwkId { iss: "https://login.microsoftonline.com/v2.0", kid: "CNv0OI3RwqlHFEVnaoMAshCH2XE" }, JWK { kty: "RSA", e: "AQAB", n: "hz6fUSCSAuiyQz6L1nQj4za8kItevJzxhVbecMigTIl9pXZSHZa3gzMgtapnb1q96CG5qvR78dH6ZvTKL8MzN4VfGgZhvLEv5LJKeo0tGgBIS65wxIiJYj9ExEDqFkw9RdhW1nN8IN9eO76PbC-fdEPtDekA2BaITY2DARISKN4Ke0RLBEWNrKeEjjOzrygS2e3Q9NVzE51ZGGQAGHau7atHy8M_qA1nnd2dMUgUMnEYIMzDBTSKz17G6itJOdanGvG3wXvdpndKffnDppaPkyWbnybdMI4IP7q6WsCqnt3Gtg-baG6GDqZQQEBp9C9gLAFv4ORTRlpD3w0gCMh7xw", alg: "RS256" })
[2m2025-03-25T07:54:59.193636Z[0m [32m INFO[0m [1mnode[0m[1m{[0m[3mname[0m[2m=[0mk#8dcff6d1..[1m}[0m[2m:[0m [2msui_core::authority::authority_per_epoch_store[0m[2m:[0m [2mcrates/sui-core/src/authority/authority_per_epoch_store.rs[0m[2m:[0m[2m2328:[0m received capabilities v2 AuthorityCapabilities { authority: k#8dcff6d1.., generation: 1742889297530, supported_protocol_versions: SupportedProtocolVersionsWithHashes { versions: [(ProtocolVersion(70), FrKhfrh2j9vdniFPmvfUN4Qs6Wo8dnCkB6ghPa5qoiPF)] }, available_system_packages: [(0x0000000000000000000000000000000000000000000000000000000000000001, SequenceNumber(1), o#96Jb9mkzfqNLYnEMpVxB5dqrKbBaj23w7iXPjTYFdrQw), (0x0000000000000000000000000000000000000000000000000000000000000002, SequenceNumber(2), o#5vKHEC2GkQgKUCg83C4NUMDy8cTwcYkVhzjF4knW2Z6R), (0x00000000000000000000000000000000000000000000000000000000000000c8, SequenceNumber(2), o#2TYk2oyyHbsNv1bR7jCYed6uyR86PTo5AajvrgGFYzTx), (0x0000000000000000000000000000000000000000000000000000000000000003, SequenceNumber(2), o#9Bzszwhj3hrhNbiSeGiaUXHUu9QqWBwqgAjxASZwA79T), (0x000000000000000000000000000000000000000000000000000000000000000b, SequenceNumber(2), o#2u7iZbKqeCefn4DioNR4X6FuGfVBCErkLW6Kpo7RZmLq)] }
[2m2025-03-25T07:54:59.193700Z[0m [32m INFO[0m [1mnode[0m[1m{[0m[3mname[0m[2m=[0mk#addeef94..[1m}[0m[2m:[0m [2msui_core::authority::authority_per_epoch_store[0m[2m:[0m [2mcrates/sui-core/src/authority/authority_per_epoch_store.rs[0m[2m:[0m[2m2388:[0m received jwk vote from k#99f25ef6.. for jwk (JwkId { iss: "https://login.microsoftonline.com/v2.0", kid: "dd55f7QP3HZky-ekQBDWKe7ADN0" }, JWK { kty: "RSA", e: "AQAB", n: "s950MOniBjjiB82Zx5FehPuYJKtguUAP5vpMNZ6JxYLGzn5h3FPplx0kkPEezg7dnH-sFxGwq_C7P14ja0YmHUkmozqdbg4GRS8xp9Ue0-KWs4BTTkXvMPnc3xBU6be4SmHK-c7A0E54YfokiY1KTRCaq_RRPDlVZJuc6s6rK4nRoPo0eOCj7H4b--QnKmPXiFSPNp40NC7FRfx9m7SYSltubIDzq1f4j2Qlrv90f2kT5DP81_2DGdHZ_ao7ypPX2_z_m4ycQgfAhIYhNHRai6iGtbU6NPkw38LS29bVbGycVCaBoq6_re8k_UiOM7gP9l96QDFnkMmNhpRxT7t34w", alg: "RS256" })
[2m2025-03-25T07:54:59.193708Z[0m [32m INFO[0m [1mnode[0m[1m{[0m[3mname[0m[2m=[0mk#99f25ef6..[1m}[0m[2m:[0m [2msui_core::authority::authority_per_epoch_store[0m[2m:[0m [2mcrates/sui-core/src/authority/authority_per_epoch_store.rs[0m[2m:[0m[2m2388:[0m received jwk vote from k#99f25ef6.. for jwk (JwkId { iss: "https://login.microsoftonline.com/v2.0", kid: "PoVKeirIOvmTyLQ9G9BenBwos7k" }, JWK { kty: "RSA", e: "AQAB", n: "ruYyUq1ElSb8QCCt0XWWRSFpUq0JkyfEvvlCa4fPDi0GZbSGgJg3qYa0co2RsBIYHczXkc71kHVpktySAgYK1KMK264e-s7Vymeq-ypHEDpRsaWric_kKEIvKZzRsyUBUWf0CUhtuUvAbDTuaFnQ4g5lfoa7u3vtsv1za5Gmn6DUPirrL_-xqijP9IsHGUKaTmB4M_qnAu6vUHCpXZnN0YTJDoK7XrVJFaKj8RrTdJB89GFJeTFHA2OX472ToyLdCDn5UatYwmht62nXGlH7_G1kW1YMpeSSwzpnMEzUUk7A8UXrvFTHXEpfXhsv0LA59dm9Hi1mIXaOe1w-icA_rQ", alg: "RS256" })
[2m2025-03-25T07:54:59.193720Z[0m [32m INFO[0m [1mnode[0m[1m{[0m[3mname[0m[2m=[0mk#addeef94..[1m}[0m[2m:[0m [2msui_core::authority::authority_per_epoch_store[0m[2m:[0m [2mcrates/sui-core/src/authority/authority_per_epoch_store.rs[0m[2m:[0m[2m2388:[0m received jwk vote from k#99f25ef6.. for jwk (JwkId { iss: "https://login.microsoftonline.com/v2.0", kid: "ntzdbvo449IBJV0Yy_T--gOiPI8" }, JWK { kty: "RSA", e: "AQAB", n: "uYmKqopaxMNlFJ3QUgTM6TcWvR00WVPs4sCAl5Inr5tCIWbqC1IzVt74_eGPw9OypfM4YpEfAz5czFWgRRVcRQYNwDWSAXTSh-vkqK2meW4HQp7W33NCoz_kZ6JR-xwWJZCOtQa0RNwNTVuHTL2dyJo6DUShxVPtG6c8sV4gFCEz0moHBrf5njywV0GGkQgYe98GeCL3Mv2kx4WVf0pHkSELJfW5JN6jvD_05fY_g3LKsXqXm9u1cS39K4iULFVeeoz5jBMKl5h6w3lqSeBtzmqHpw6YVxcDu_bRUd_rqZUvTaZUgS_EfpOpOicaQN--90nzp4givQYEvWtDBtan5Q", alg: "RS256" })
[2m2025-03-25T07:54:59.193723Z[0m [32m INFO[0m [1mnode[0m[1m{[0m[3mname[0m[2m=[0mk#99f25ef6..[1m}[0m[2m:[0m [2msui_core::authority::authority_per_epoch_store[0m[2m:[0m [2mcrates/sui-core/src/authority/authority_per_epoch_store.rs[0m[2m:[0m[2m2425:[0m jwk became active [3mepoch[0m[2m=[0m1 [3mround[0m[2m=[0m5 [3mjwk[0m[2m=[0m(JwkId { iss: "https://login.microsoftonline.com/v2.0", kid: "PoVKeirIOvmTyLQ9G9BenBwos7k" }, JWK { kty: "RSA", e: "AQAB", n: "ruYyUq1ElSb8QCCt0XWWRSFpUq0JkyfEvvlCa4fPDi0GZbSGgJg3qYa0co2RsBIYHczXkc71kHVpktySAgYK1KMK264e-s7Vymeq-ypHEDpRsaWric_kKEIvKZzRsyUBUWf0CUhtuUvAbDTuaFnQ4g5lfoa7u3vtsv1za5Gmn6DUPirrL_-xqijP9IsHGUKaTmB4M_qnAu6vUHCpXZnN0YTJDoK7XrVJFaKj8RrTdJB89GFJeTFHA2OX472ToyLdCDn5UatYwmht62nXGlH7_G1kW1YMpeSSwzpnMEzUUk7A8UXrvFTHXEpfXhsv0LA59dm9Hi1mIXaOe1w-icA_rQ", alg: "RS256" })
[2m2025-03-25T07:54:59.193738Z[0m [32m INFO[0m [1mnode[0m[1m{[0m[3mname[0m[2m=[0mk#99f25ef6..[1m}[0m[2m:[0m [2msui_core::authority::authority_per_epoch_store[0m[2m:[0m [2mcrates/sui-core/src/authority/authority_per_epoch_store.rs[0m[2m:[0m[2m2388:[0m received jwk vote from k#99f25ef6.. for jwk (JwkId { iss: "https://login.microsoftonline.com/v2.0", kid: "-cgAvjmmQ24Ks20zIpDB4SW894w" }, JWK { kty: "RSA", e: "AQAB", n: "otM7AZjL81wdSVdrkQtt6shrQiAT8OZJeIKTeRJgrDYXKzaVXs0WFXVCjCv9GuCktF-tereotfZlcskamfuupe574o76CJy6AUtuY7wt0OKqxoSJMRuUJvA_NNkT50C_dTDHTtF7kiGBwWvHEkHeZAgT52E8bfNJswV28GsPscM9vG2ylUPyiaEIsGi0cg_JllbnfBjGhfA_lzmrB9Iw75E3f1Hnk2uAs1KcHJGSH3EwHJ5tUeo9WtLGjRAfH1kGtPjkktNaw3V8EukEzgIfILV8udpWYE79A_p5jFUnTNkQxsviNxG537JMooa1ZoYveDv_f6LCj1o7MNZQVlD3tw", alg: "RS256" })
[2m2025-03-25T07:54:59.193740Z[0m [32m INFO[0m [1mnode[0m[1m{[0m[3mname[0m[2m=[0mk#addeef94..[1m}[0m[2m:[0m [2msui_core::authority::authority_per_epoch_store[0m[2m:[0m [2mcrates/sui-core/src/authority/authority_per_epoch_store.rs[0m[2m:[0m[2m2388:[0m received jwk vote from k#99f25ef6.. for jwk (JwkId { iss: "https://login.microsoftonline.com/v2.0", kid: "PDRf_Bs8CkDdi7av6hKLwRnNHmk" }, JWK { kty: "RSA", e: "AQAB", n: "v2R1eCh9xaZjAqn0FTf-DuDy3BFsJHc_lsv4K1Ycd1qnF5DwHC7mxnoTsA_dnI8BJvZsCAI7kkFjqKqXDSVYwRM05733_EPekLqLlb02-XLcOziMsOEMpXRrl1wFGHK5zmh2D4ZLsEId2Gdk1fcLzwjCg5iqQxi17DQFDoi0aWUKnkN62sSbiUvzd11eUl0N_beLZ0HYf53wk8r9P3reVhz9W7P8KwNBf7JyiLxmRP_yD9n3650iXi1qp8bZcAt9WmMZ2H6iHHhb7biXwvrJuf2id72VPvV6qkVu6jwUVW5yh6dIvCtPYEA7JNMWyBEXOjJbZ-3l3szj1GSV5m8eAQ", alg: "RS256" })
[2m2025-03-25T07:54:59.193757Z[0m [32m INFO[0m [1mnode[0m[1m{[0m[3mname[0m[2m=[0mk#99f25ef6..[1m}[0m[2m:[0m [2msui_core::authority::authority_per_epoch_store[0m[2m:[0m [2mcrates/sui-core/src/authority/authority_per_epoch_store.rs[0m[2m:[0m[2m2388:[0m received jwk vote from k#99f25ef6.. for jwk (JwkId { iss: "https://login.microsoftonline.com/v2.0", kid: "dd55f7QP3HZky-ekQBDWKe7ADN0" }, JWK { kty: "RSA", e: "AQAB", n: "s950MOniBjjiB82Zx5FehPuYJKtguUAP5vpMNZ6JxYLGzn5h3FPplx0kkPEezg7dnH-sFxGwq_C7P14ja0YmHUkmozqdbg4GRS8xp9Ue0-KWs4BTTkXvMPnc3xBU6be4SmHK-c7A0E54YfokiY1KTRCaq_RRPDlVZJuc6s6rK4nRoPo0eOCj7H4b--QnKmPXiFSPNp40NC7FRfx9m7SYSltubIDzq1f4j2Qlrv90f2kT5DP81_2DGdHZ_ao7ypPX2_z_m4ycQgfAhIYhNHRai6iGtbU6NPkw38LS29bVbGycVCaBoq6_re8k_UiOM7gP9l96QDFnkMmNhpRxT7t34w", alg: "RS256" })
[2m2025-03-25T07:54:59.193777Z[0m [32m INFO[0m [1mnode[0m[1m{[0m[3mname[0m[2m=[0mk#99f25ef6..[1m}[0m[2m:[0m [2msui_core::authority::authority_per_epoch_store[0m[2m:[0m [2mcrates/sui-core/src/authority/authority_per_epoch_store.rs[0m[2m:[0m[2m2388:[0m received jwk vote from k#99f25ef6.. for jwk (JwkId { iss: "https://login.microsoftonline.com/v2.0", kid: "ntzdbvo449IBJV0Yy_T--gOiPI8" }, JWK { kty: "RSA", e: "AQAB", n: "uYmKqopaxMNlFJ3QUgTM6TcWvR00WVPs4sCAl5Inr5tCIWbqC1IzVt74_eGPw9OypfM4YpEfAz5czFWgRRVcRQYNwDWSAXTSh-vkqK2meW4HQp7W33NCoz_kZ6JR-xwWJZCOtQa0RNwNTVuHTL2dyJo6DUShxVPtG6c8sV4gFCEz0moHBrf5njywV0GGkQgYe98GeCL3Mv2kx4WVf0pHkSELJfW5JN6jvD_05fY_g3LKsXqXm9u1cS39K4iULFVeeoz5jBMKl5h6w3lqSeBtzmqHpw6YVxcDu_bRUd_rqZUvTaZUgS_EfpOpOicaQN--90nzp4givQYEvWtDBtan5Q", alg: "RS256" })
[2m2025-03-25T07:54:59.193797Z[0m [32m INFO[0m [1mnode[0m[1m{[0m[3mname[0m[2m=[0mk#99f25ef6..[1m}[0m[2m:[0m [2msui_core::authority::authority_per_epoch_store[0m[2m:[0m [2mcrates/sui-core/src/authority/authority_per_epoch_store.rs[0m[2m:[0m[2m2388:[0m received jwk vote from k#99f25ef6.. for jwk (JwkId { iss: "https://login.microsoftonline.com/v2.0", kid: "PDRf_Bs8CkDdi7av6hKLwRnNHmk" }, JWK { kty: "RSA", e: "AQAB", n: "v2R1eCh9xaZjAqn0FTf-DuDy3BFsJHc_lsv4K1Ycd1qnF5DwHC7mxnoTsA_dnI8BJvZsCAI7kkFjqKqXDSVYwRM05733_EPekLqLlb02-XLcOziMsOEMpXRrl1wFGHK5zmh2D4ZLsEId2Gdk1fcLzwjCg5iqQxi17DQFDoi0aWUKnkN62sSbiUvzd11eUl0N_beLZ0HYf53wk8r9P3reVhz9W7P8KwNBf7JyiLxmRP_yD9n3650iXi1qp8bZcAt9WmMZ2H6iHHhb7biXwvrJuf2id72VPvV6qkVu6jwUVW5yh6dIvCtPYEA7JNMWyBEXOjJbZ-3l3szj1GSV5m8eAQ", alg: "RS256" })
[2m2025-03-25T07:54:59.193833Z[0m [32m INFO[0m [1mnode[0m[1m{[0m[3mname[0m[2m=[0mk#addeef94..[1m}[0m[2m:[0m [2msui_core::authority::authority_per_epoch_store[0m[2m:[0m [2mcrates/sui-core/src/authority/authority_per_epoch_store.rs[0m[2m:[0m[2m2388:[0m received jwk vote from k#addeef94.. for jwk (JwkId { iss: "https://oauth2.playtron.one", kid: "1fd66a18-7afd-4086-ba57-a8ca9b398406" }, JWK { kty: "RSA", e: "AQAB", n: "7XHinRSS9un2BdWsLhFOdi5N-17HMRYf4odQE4KqiPqRrp8TDE9bDekg8ERCW7Hqkgp44U07BUJwCiL5ss_9rIgV6Wy_lOwF_npGqMstZYemnZYNvpaD4ZEneoRmo94qNkYg5szBhVlvaF-IXlwB4GEQdDLJZOLafgPYL4XK2eD49Q7PU7jkNKy91k98UeK3fH9iv0L6W5nJNU1SzCR75gRcWyKSySg9RCTQyWFak8VhWW1YxwIQebvGgTsr6jYgxvcmRsSLeMhEhoIhOOkC1zQK51kBB-ZS7o2KttDHr1dn08LeHJkxSZ2guLdT_V2ISDiKxjXgVBlSvvweLgEHs7cehNU-D65uQpTxULPJW7xeITDl8rCCxbr8p8rcq-I19EV5Uj4n7RswaNDZ2YO87Yx12KzZVrO_0Tra6CvsNJ7hdI_Ykg7yMLs-dj7eKgOF5Nx1Q7Bnp1OyRKIXfUkyZkh8mjfiMt-npf1WPAgF1Iwx5H-ww1rTuFR6yyZRtEHyVxudg9XFar6cKizi75uKVGaV74GMGI2tPGL0zh_jCh8QSk68HltKdfLP8xDvHBB_crklWlr9iYuFjHzLI9KWvICvQWMtQikHE3iaf492I9SMqR0OIwSeg5TzzerVX17qkCeVbdxOK9jKeP5k2sW6mETUdrJCmlRwGN-EG_VIOrE", alg: "RS256" })
[2m2025-03-25T07:54:59.193850Z[0m [32m INFO[0m [1mnode[0m[1m{[0m[3mname[0m[2m=[0mk#addeef94..[1m}[0m[2m:[0m [2msui_core::authority::authority_per_epoch_store[0m[2m:[0m [2mcrates/sui-core/src/authority/authority_per_epoch_store.rs[0m[2m:[0m[2m2425:[0m jwk became active [3mepoch[0m[2m=[0m1 [3mround[0m[2m=[0m5 [3mjwk[0m[2m=[0m(JwkId { iss: "https://oauth2.playtron.one", kid: "1fd66a18-7afd-4086-ba57-a8ca9b398406" }, JWK { kty: "RSA", e: "AQAB", n: "7XHinRSS9un2BdWsLhFOdi5N-17HMRYf4odQE4KqiPqRrp8TDE9bDekg8ERCW7Hqkgp44U07BUJwCiL5ss_9rIgV6Wy_lOwF_npGqMstZYemnZYNvpaD4ZEneoRmo94qNkYg5szBhVlvaF-IXlwB4GEQdDLJZOLafgPYL4XK2eD49Q7PU7jkNKy91k98UeK3fH9iv0L6W5nJNU1SzCR75gRcWyKSySg9RCTQyWFak8VhWW1YxwIQebvGgTsr6jYgxvcmRsSLeMhEhoIhOOkC1zQK51kBB-ZS7o2KttDHr1dn08LeHJkxSZ2guLdT_V2ISDiKxjXgVBlSvvweLgEHs7cehNU-D65uQpTxULPJW7xeITDl8rCCxbr8p8rcq-I19EV5Uj4n7RswaNDZ2YO87Yx12KzZVrO_0Tra6CvsNJ7hdI_Ykg7yMLs-dj7eKgOF5Nx1Q7Bnp1OyRKIXfUkyZkh8mjfiMt-npf1WPAgF1Iwx5H-ww1rTuFR6yyZRtEHyVxudg9XFar6cKizi75uKVGaV74GMGI2tPGL0zh_jCh8QSk68HltKdfLP8xDvHBB_crklWlr9iYuFjHzLI9KWvICvQWMtQikHE3iaf492I9SMqR0OIwSeg5TzzerVX17qkCeVbdxOK9jKeP5k2sW6mETUdrJCmlRwGN-EG_VIOrE", alg: "RS256" })
[2m2025-03-25T07:54:59.193865Z[0m [32m INFO[0m [1mnode[0m[1m{[0m[3mname[0m[2m=[0mk#addeef94..[1m}[0m[2m:[0m [2msui_core::authority::authority_per_epoch_store[0m[2m:[0m [2mcrates/sui-core/src/authority/authority_per_epoch_store.rs[0m[2m:[0m[2m2388:[0m received jwk vote from k#addeef94.. for jwk (JwkId { iss: "https://oauth2.playtron.one", kid: "7388b63c-ba03-4fe3-85e3-6717f91d55b1" }, JWK { kty: "RSA", e: "AQAB", n: "scvmHIfIZk5ZU7_k6snu98s5rPKBDws804qpNEPyy7fkmzxDbcN-qWQJrDgNU-pvr5WvIPyu2hfFrNtBiiE3IZqqGRm2rJb8LoKz6mtxiLyRT8EQS8D8U6uiR8mkvbw-vgJ1h3l2gHDXPGN-03_DXrL8r2xDiuxdezxjiCI80r7bmpZg9i8PWtL1BQU43nM4MNDXi9Wo5ppSojFxTe8L75ZOnFeLBVxPJG9YBGhFnATIoUei7ohbw5_t9buiIfXTQ3ZwCvG3WAGFDsOIdl3PapA1T7oTlsfQp0wQa0EDeleFBu81ytNlidJNQcXz3F9OmwYbHJ4bPMYcz-x2ATLK5w", alg: "RS256" })
[2m2025-03-25T07:54:59.193879Z[0m [32m INFO[0m [1mnode[0m[1m{[0m[3mname[0m[2m=[0mk#addeef94..[1m}[0m[2m:[0m [2msui_core::authority::authority_per_epoch_store[0m[2m:[0m [2mcrates/sui-core/src/authority/authority_per_epoch_store.rs[0m[2m:[0m[2m2425:[0m jwk became active [3mepoch[0m[2m=[0m1 [3mround[0m[2m=[0m5 [3mjwk[0m[2m=[0m(JwkId { iss: "https://oauth2.playtron.one", kid: "7388b63c-ba03-4fe3-85e3-6717f91d55b1" }, JWK { kty: "RSA", e: "AQAB", n: "scvmHIfIZk5ZU7_k6snu98s5rPKBDws804qpNEPyy7fkmzxDbcN-qWQJrDgNU-pvr5WvIPyu2hfFrNtBiiE3IZqqGRm2rJb8LoKz6mtxiLyRT8EQS8D8U6uiR8mkvbw-vgJ1h3l2gHDXPGN-03_DXrL8r2xDiuxdezxjiCI80r7bmpZg9i8PWtL1BQU43nM4MNDXi9Wo5ppSojFxTe8L75ZOnFeLBVxPJG9YBGhFnATIoUei7ohbw5_t9buiIfXTQ3ZwCvG3WAGFDsOIdl3PapA1T7oTlsfQp0wQa0EDeleFBu81ytNlidJNQcXz3F9OmwYbHJ4bPMYcz-x2ATLK5w", alg: "RS256" })
[2m2025-03-25T07:54:59.193883Z[0m [32m INFO[0m [1mnode[0m[1m{[0m[3mname[0m[2m=[0mk#99f25ef6..[1m}[0m[2m:[0m [2msui_core::authority::authority_per_epoch_store[0m[2m:[0m [2mcrates/sui-core/src/authority/authority_per_epoch_store.rs[0m[2m:[0m[2m2388:[0m received jwk vote from k#addeef94.. for jwk (JwkId { iss: "https://oauth2.playtron.one", kid: "1fd66a18-7afd-4086-ba57-a8ca9b398406" }, JWK { kty: "RSA", e: "AQAB", n: "7XHinRSS9un2BdWsLhFOdi5N-17HMRYf4odQE4KqiPqRrp8TDE9bDekg8ERCW7Hqkgp44U07BUJwCiL5ss_9rIgV6Wy_lOwF_npGqMstZYemnZYNvpaD4ZEneoRmo94qNkYg5szBhVlvaF-IXlwB4GEQdDLJZOLafgPYL4XK2eD49Q7PU7jkNKy91k98UeK3fH9iv0L6W5nJNU1SzCR75gRcWyKSySg9RCTQyWFak8VhWW1YxwIQebvGgTsr6jYgxvcmRsSLeMhEhoIhOOkC1zQK51kBB-ZS7o2KttDHr1dn08LeHJkxSZ2guLdT_V2ISDiKxjXgVBlSvvweLgEHs7cehNU-D65uQpTxULPJW7xeITDl8rCCxbr8p8rcq-I19EV5Uj4n7RswaNDZ2YO87Yx12KzZVrO_0Tra6CvsNJ7hdI_Ykg7yMLs-dj7eKgOF5Nx1Q7Bnp1OyRKIXfUkyZkh8mjfiMt-npf1WPAgF1Iwx5H-ww1rTuFR6yyZRtEHyVxudg9XFar6cKizi75uKVGaV74GMGI2tPGL0zh_jCh8QSk68HltKdfLP8xDvHBB_crklWlr9iYuFjHzLI9KWvICvQWMtQikHE3iaf492I9SMqR0OIwSeg5TzzerVX17qkCeVbdxOK9jKeP5k2sW6mETUdrJCmlRwGN-EG_VIOrE", alg: "RS256" })
[2m2025-03-25T07:54:59.193894Z[0m [32m INFO[0m [1mnode[0m[1m{[0m[3mname[0m[2m=[0mk#addeef94..[1m}[0m[2m:[0m [2msui_core::authority::authority_per_epoch_store[0m[2m:[0m [2mcrates/sui-core/src/authority/authority_per_epoch_store.rs[0m[2m:[0m[2m2388:[0m received jwk vote from k#addeef94.. for jwk (JwkId { iss: "https://oauth2.playtron.one", kid: "e55421cb-cdbd-4791-a590-ad8ca798aa89" }, JWK { kty: "RSA", e: "AQAB", n: "vy8-EHvWmVHH5xi3BBvfalX9i6OuP9mz2wz1E72eMTf1ZHVbZ66O-vWlr2F2SNSyB_PURIb1KIqUcvpn6GW_vgs4EhflMJnmeZ0Fot4V6YsEOIzob7jkooeFNZ7dTDDHahtMyBd7pcJCv1afdQSTVZQeO0lm0swOm2whkw6hV7R2fBG3zLJsBUqe9oEwMa9cJ768KFfxFoEAUk3SQZ74JmkgOEKBSf26EcPcxAZTreSDAdh5-MI4oD1aawHfb5nl1CQxhRf4YcCp_MVoerKKX1-it0NkDn5xJsuN_Z3Dv5354j6OZVBZpDjN7ZwcQfLEnjwI8G4Zr9y2SC3g_fH1G-MIhe0LPDWF4egqMaIwkIDW0sMqPAnE_nSFN8Ag3KJ_iT6P2PAGJbna882IIczb5q9VXkB0RJlL4BwNHSE2q867EZBNGFTPrDJzHtM7sZ468Y4taMv0CyFdPlb0alFRsS_T658tdkt1lxrl_dzE0ixPBw99X5Rwz0XLv4yNs4BQ6RgHVZT5fGGRzXovlDx9F2ea0EleNn47KAFDs0wNjIl1oryar0pJMlb-pDPuVcGMt0XYNh5gOLty5LdAl_7PqwFsQc7QMWIGqjnSnzeGYvN7kknpfYl0SfJDQNNSJDI2b2oGUWw-K6-kCgQxxlEKbhztegiVmRGuqcDfvNqrpqc", alg: "RS256" })
[2m2025-03-25T07:54:59.193900Z[0m [32m INFO[0m [1mnode[0m[1m{[0m[3mname[0m[2m=[0mk#99f25ef6..[1m}[0m[2m:[0m [2msui_core::authority::authority_per_epoch_store[0m[2m:[0m [2mcrates/sui-core/src/authority/authority_per_epoch_store.rs[0m[2m:[0m[2m2425:[0m jwk became active [3mepoch[0m[2m=[0m1 [3mround[0m[2m=[0m5 [3mjwk[0m[2m=[0m(JwkId { iss: "https://oauth2.playtron.one", kid: "1fd66a18-7afd-4086-ba57-a8ca9b398406" }, JWK { kty: "RSA", e: "AQAB", n: "7XHinRSS9un2BdWsLhFOdi5N-17HMRYf4odQE4KqiPqRrp8TDE9bDekg8ERCW7Hqkgp44U07BUJwCiL5ss_9rIgV6Wy_lOwF_npGqMstZYemnZYNvpaD4ZEneoRmo94qNkYg5szBhVlvaF-IXlwB4GEQdDLJZOLafgPYL4XK2eD49Q7PU7jkNKy91k98UeK3fH9iv0L6W5nJNU1SzCR75gRcWyKSySg9RCTQyWFak8VhWW1YxwIQebvGgTsr6jYgxvcmRsSLeMhEhoIhOOkC1zQK51kBB-ZS7o2KttDHr1dn08LeHJkxSZ2guLdT_V2ISDiKxjXgVBlSvvweLgEHs7cehNU-D65uQpTxULPJW7xeITDl8rCCxbr8p8rcq-I19EV5Uj4n7RswaNDZ2YO87Yx12KzZVrO_0Tra6CvsNJ7hdI_Ykg7yMLs-dj7eKgOF5Nx1Q7Bnp1OyRKIXfUkyZkh8mjfiMt-npf1WPAgF1Iwx5H-ww1rTuFR6yyZRtEHyVxudg9XFar6cKizi75uKVGaV74GMGI2tPGL0zh_jCh8QSk68HltKdfLP8xDvHBB_crklWlr9iYuFjHzLI9KWvICvQWMtQikHE3iaf492I9SMqR0OIwSeg5TzzerVX17qkCeVbdxOK9jKeP5k2sW6mETUdrJCmlRwGN-EG_VIOrE", alg: "RS256" })
[2m2025-03-25T07:54:59.193910Z[0m [32m INFO[0m [1mnode[0m[1m{[0m[3mname[0m[2m=[0mk#addeef94..[1m}[0m[2m:[0m [2msui_core::authority::authority_per_epoch_store[0m[2m:[0m [2mcrates/sui-core/src/authority/authority_per_epoch_store.rs[0m[2m:[0m[2m2425:[0m jwk became active [3mepoch[0m[2m=[0m1 [3mround[0m[2m=[0m5 [3mjwk[0m[2m=[0m(JwkId { iss: "https://oauth2.playtron.one", kid: "e55421cb-cdbd-4791-a590-ad8ca798aa89" }, JWK { kty: "RSA", e: "AQAB", n: "vy8-EHvWmVHH5xi3BBvfalX9i6OuP9mz2wz1E72eMTf1ZHVbZ66O-vWlr2F2SNSyB_PURIb1KIqUcvpn6GW_vgs4EhflMJnmeZ0Fot4V6YsEOIzob7jkooeFNZ7dTDDHahtMyBd7pcJCv1afdQSTVZQeO0lm0swOm2whkw6hV7R2fBG3zLJsBUqe9oEwMa9cJ768KFfxFoEAUk3SQZ74JmkgOEKBSf26EcPcxAZTreSDAdh5-MI4oD1aawHfb5nl1CQxhRf4YcCp_MVoerKKX1-it0NkDn5xJsuN_Z3Dv5354j6OZVBZpDjN7ZwcQfLEnjwI8G4Zr9y2SC3g_fH1G-MIhe0LPDWF4egqMaIwkIDW0sMqPAnE_nSFN8Ag3KJ_iT6P2PAGJbna882IIczb5q9VXkB0RJlL4BwNHSE2q867EZBNGFTPrDJzHtM7sZ468Y4taMv0CyFdPlb0alFRsS_T658tdkt1lxrl_dzE0ixPBw99X5Rwz0XLv4yNs4BQ6RgHVZT5fGGRzXovlDx9F2ea0EleNn47KAFDs0wNjIl1oryar0pJMlb-pDPuVcGMt0XYNh5gOLty5LdAl_7PqwFsQc7QMWIGqjnSnzeGYvN7kknpfYl0SfJDQNNSJDI2b2oGUWw-K6-kCgQxxlEKbhztegiVmRGuqcDfvNqrpqc", alg: "RS256" })
[2m2025-03-25T07:54:59.193917Z[0m [32m INFO[0m [1mnode[0m[1m{[0m[3mname[0m[2m=[0mk#99f25ef6..[1m}[0m[2m:[0m [2msui_core::authority::authority_per_epoch_store[0m[2m:[0m [2mcrates/sui-core/src/authority/authority_per_epoch_store.rs[0m[2m:[0m[2m2388:[0m received jwk vote from k#addeef94.. for jwk (JwkId { iss: "https://oauth2.playtron.one", kid: "7388b63c-ba03-4fe3-85e3-6717f91d55b1" }, JWK { kty: "RSA", e: "AQAB", n: "scvmHIfIZk5ZU7_k6snu98s5rPKBDws804qpNEPyy7fkmzxDbcN-qWQJrDgNU-pvr5WvIPyu2hfFrNtBiiE3IZqqGRm2rJb8LoKz6mtxiLyRT8EQS8D8U6uiR8mkvbw-vgJ1h3l2gHDXPGN-03_DXrL8r2xDiuxdezxjiCI80r7bmpZg9i8PWtL1BQU43nM4MNDXi9Wo5ppSojFxTe8L75ZOnFeLBVxPJG9YBGhFnATIoUei7ohbw5_t9buiIfXTQ3ZwCvG3WAGFDsOIdl3PapA1T7oTlsfQp0wQa0EDeleFBu81ytNlidJNQcXz3F9OmwYbHJ4bPMYcz-x2ATLK5w", alg: "RS256" })
[2m2025-03-25T07:54:59.193924Z[0m [32m INFO[0m [1mnode[0m[1m{[0m[3mname[0m[2m=[0mk#addeef94..[1m}[0m[2m:[0m [2msui_core::authority::authority_per_epoch_store[0m[2m:[0m [2mcrates/sui-core/src/authority/authority_per_epoch_store.rs[0m[2m:[0m[2m2388:[0m received jwk vote from k#addeef94.. for jwk (JwkId { iss: "https://accounts.credenza3.com", kid: "JG6oZkIBqQdkpnCnD479zFXgMA5_I7i-aHAV0MRwvDs" }, JWK { kty: "RSA", e: "AQAB", n: "wgMHXL3avVaf-jrwvVw5bhpROsF7CnY7vzovJW4fNp_dY0abqvMga2C7fzdKNp4AFxQmXkoX_-vF7wbDRLXXmjdJ-x4YdKIA_JxsZqZKCG_k5-7UZFmHb1F3oy67uYh_xRv_H8yPSJ9TKJrAiWIBG9EFvZNy8y2pHXFDNSxTo4NzcUs_-TNhiuxWatpnduoCXWJf6I813Lxn8G9Z7Tql5fUgofW5GIygxS8zUiUZaYkLPL3_aNIFal58OzUturgiTcYrQp5WPkG56AL_Y6KNhxABjopC7WTXCeFXGXCIgb-JQpPARDaL7WL3w_w5-vR3Ra2WeQ3sddtoLtB0X234DQ", alg: "RS256" })
[2m2025-03-25T07:54:59.193931Z[0m [32m INFO[0m [1mnode[0m[1m{[0m[3mname[0m[2m=[0mk#99f25ef6..[1m}[0m[2m:[0m [2msui_core::authority::authority_per_epoch_store[0m[2m:[0m [2mcrates/sui-core/src/authority/authority_per_epoch_store.rs[0m[2m:[0m[2m2425:[0m jwk became active [3mepoch[0m[2m=[0m1 [3mround[0m[2m=[0m5 [3mjwk[0m[2m=[0m(JwkId { iss: "https://oauth2.playtron.one", kid: "7388b63c-ba03-4fe3-85e3-6717f91d55b1" }, JWK { kty: "RSA", e: "AQAB", n: "scvmHIfIZk5ZU7_k6snu98s5rPKBDws804qpNEPyy7fkmzxDbcN-qWQJrDgNU-pvr5WvIPyu2hfFrNtBiiE3IZqqGRm2rJb8LoKz6mtxiLyRT8EQS8D8U6uiR8mkvbw-vgJ1h3l2gHDXPGN-03_DXrL8r2xDiuxdezxjiCI80r7bmpZg9i8PWtL1BQU43nM4MNDXi9Wo5ppSojFxTe8L75ZOnFeLBVxPJG9YBGhFnATIoUei7ohbw5_t9buiIfXTQ3ZwCvG3WAGFDsOIdl3PapA1T7oTlsfQp0wQa0EDeleFBu81ytNlidJNQcXz3F9OmwYbHJ4bPMYcz-x2ATLK5w", alg: "RS256" })
[2m2025-03-25T07:54:59.193943Z[0m [32m INFO[0m [1mnode[0m[1m{[0m[3mname[0m[2m=[0mk#addeef94..[1m}[0m[2m:[0m [2msui_core::authority::authority_per_epoch_store[0m[2m:[0m [2mcrates/sui-core/src/authority/authority_per_epoch_store.rs[0m[2m:[0m[2m2388:[0m received jwk vote from k#addeef94.. for jwk (JwkId { iss: "https://accounts.credenza3.com", kid: "nArTrOCdn42U6zyzuZmxBIGAuYQaNyuHwUkAycsQTw8" }, JWK { kty: "RSA", e: "AQAB", n: "mb4kA1QddMUulk6AMeRekV0YEPX-x-eSx7BjbAy1qkPsGjnpwjUmGzk9jBptlCLgc1HT_qELTfpr_w5xqFcy-1ayAlg87gw86Z0IRN9ROTTE04LiHMIwH9Y8H06C_9I0H29WCMqFGlBJH9n0hYu6nPpgVkV6E-9wze10-jzi5JLqiM0tB8Ihniy2ZHGgiwG1CM--xHKkaXcFLF3d8bGlALGp1CgtiHdWeMyQ5SBzL6lmhMcnzzse0VlAIq1m94Fath217OcQcEw-VrJlyGJ8gAyi-N3O9VZAl2dykNgji9tcC1ws5IMbGyWSv5OpeHfUDN97iOcTJ4noBF7EwvIwpQ", alg: "RS256" })
[2m2025-03-25T07:54:59.193947Z[0m [32m INFO[0m [1mnode[0m[1m{[0m[3mname[0m[2m=[0mk#99f25ef6..[1m}[0m[2m:[0m [2msui_core::authority::authority_per_epoch_store[0m[2m:[0m [2mcrates/sui-core/src/authority/authority_per_epoch_store.rs[0m[2m:[0m[2m2388:[0m received jwk vote from k#addeef94.. for jwk (JwkId { iss: "https://oauth2.playtron.one", kid: "e55421cb-cdbd-4791-a590-ad8ca798aa89" }, JWK { kty: "RSA", e: "AQAB", n: "vy8-EHvWmVHH5xi3BBvfalX9i6OuP9mz2wz1E72eMTf1ZHVbZ66O-vWlr2F2SNSyB_PURIb1KIqUcvpn6GW_vgs4EhflMJnmeZ0Fot4V6YsEOIzob7jkooeFNZ7dTDDHahtMyBd7pcJCv1afdQSTVZQeO0lm0swOm2whkw6hV7R2fBG3zLJsBUqe9oEwMa9cJ768KFfxFoEAUk3SQZ74JmkgOEKBSf26EcPcxAZTreSDAdh5-MI4oD1aawHfb5nl1CQxhRf4YcCp_MVoerKKX1-it0NkDn5xJsuN_Z3Dv5354j6OZVBZpDjN7ZwcQfLEnjwI8G4Zr9y2SC3g_fH1G-MIhe0LPDWF4egqMaIwkIDW0sMqPAnE_nSFN8Ag3KJ_iT6P2PAGJbna882IIczb5q9VXkB0RJlL4BwNHSE2q867EZBNGFTPrDJzHtM7sZ468Y4taMv0CyFdPlb0alFRsS_T658tdkt1lxrl_dzE0ixPBw99X5Rwz0XLv4yNs4BQ6RgHVZT5fGGRzXovlDx9F2ea0EleNn47KAFDs0wNjIl1oryar0pJMlb-pDPuVcGMt0XYNh5gOLty5LdAl_7PqwFsQc7QMWIGqjnSnzeGYvN7kknpfYl0SfJDQNNSJDI2b2oGUWw-K6-kCgQxxlEKbhztegiVmRGuqcDfvNqrpqc", alg: "RS256" })
[2m2025-03-25T07:54:59.193963Z[0m [32m INFO[0m [1mnode[0m[1m{[0m[3mname[0m[2m=[0mk#99f25ef6..[1m}[0m[2m:[0m [2msui_core::authority::authority_per_epoch_store[0m[2m:[0m [2mcrates/sui-core/src/authority/authority_per_epoch_store.rs[0m[2m:[0m[2m2425:[0m jwk became active [3mepoch[0m[2m=[0m1 [3mround[0m[2m=[0m5 [3mjwk[0m[2m=[0m(JwkId { iss: "https://oauth2.playtron.one", kid: "e55421cb-cdbd-4791-a590-ad8ca798aa89" }, JWK { kty: "RSA", e: "AQAB", n: "vy8-EHvWmVHH5xi3BBvfalX9i6OuP9mz2wz1E72eMTf1ZHVbZ66O-vWlr2F2SNSyB_PURIb1KIqUcvpn6GW_vgs4EhflMJnmeZ0Fot4V6YsEOIzob7jkooeFNZ7dTDDHahtMyBd7pcJCv1afdQSTVZQeO0lm0swOm2whkw6hV7R2fBG3zLJsBUqe9oEwMa9cJ768KFfxFoEAUk3SQZ74JmkgOEKBSf26EcPcxAZTreSDAdh5-MI4oD1aawHfb5nl1CQxhRf4YcCp_MVoerKKX1-it0NkDn5xJsuN_Z3Dv5354j6OZVBZpDjN7ZwcQfLEnjwI8G4Zr9y2SC3g_fH1G-MIhe0LPDWF4egqMaIwkIDW0sMqPAnE_nSFN8Ag3KJ_iT6P2PAGJbna882IIczb5q9VXkB0RJlL4BwNHSE2q867EZBNGFTPrDJzHtM7sZ468Y4taMv0CyFdPlb0alFRsS_T658tdkt1lxrl_dzE0ixPBw99X5Rwz0XLv4yNs4BQ6RgHVZT5fGGRzXovlDx9F2ea0EleNn47KAFDs0wNjIl1oryar0pJMlb-pDPuVcGMt0XYNh5gOLty5LdAl_7PqwFsQc7QMWIGqjnSnzeGYvN7kknpfYl0SfJDQNNSJDI2b2oGUWw-K6-kCgQxxlEKbhztegiVmRGuqcDfvNqrpqc", alg: "RS256" })
[2m2025-03-25T07:54:59.193978Z[0m [32m INFO[0m [1mnode[0m[1m{[0m[3mname[0m[2m=[0mk#99f25ef6..[1m}[0m[2m:[0m [2msui_core::authority::authority_per_epoch_store[0m[2m:[0m [2mcrates/sui-core/src/authority/authority_per_epoch_store.rs[0m[2m:[0m[2m2388:[0m received jwk vote from k#addeef94.. for jwk (JwkId { iss: "https://accounts.credenza3.com", kid: "JG6oZkIBqQdkpnCnD479zFXgMA5_I7i-aHAV0MRwvDs" }, JWK { kty: "RSA", e: "AQAB", n: "wgMHXL3avVaf-jrwvVw5bhpROsF7CnY7vzovJW4fNp_dY0abqvMga2C7fzdKNp4AFxQmXkoX_-vF7wbDRLXXmjdJ-x4YdKIA_JxsZqZKCG_k5-7UZFmHb1F3oy67uYh_xRv_H8yPSJ9TKJrAiWIBG9EFvZNy8y2pHXFDNSxTo4NzcUs_-TNhiuxWatpnduoCXWJf6I813Lxn8G9Z7Tql5fUgofW5GIygxS8zUiUZaYkLPL3_aNIFal58OzUturgiTcYrQp5WPkG56AL_Y6KNhxABjopC7WTXCeFXGXCIgb-JQpPARDaL7WL3w_w5-vR3Ra2WeQ3sddtoLtB0X234DQ", alg: "RS256" })
[2m2025-03-25T07:54:59.193997Z[0m [32m INFO[0m [1mnode[0m[1m{[0m[3mname[0m[2m=[0mk#99f25ef6..[1m}[0m[2m:[0m [2msui_core::authority::authority_per_epoch_store[0m[2m:[0m [2mcrates/sui-core/src/authority/authority_per_epoch_store.rs[0m[2m:[0m[2m2388:[0m received jwk vote from k#addeef94.. for jwk (JwkId { iss: "https://accounts.credenza3.com", kid: "nArTrOCdn42U6zyzuZmxBIGAuYQaNyuHwUkAycsQTw8" }, JWK { kty: "RSA", e: "AQAB", n: "mb4kA1QddMUulk6AMeRekV0YEPX-x-eSx7BjbAy1qkPsGjnpwjUmGzk9jBptlCLgc1HT_qELTfpr_w5xqFcy-1ayAlg87gw86Z0IRN9ROTTE04LiHMIwH9Y8H06C_9I0H29WCMqFGlBJH9n0hYu6nPpgVkV6E-9wze10-jzi5JLqiM0tB8Ihniy2ZHGgiwG1CM--xHKkaXcFLF3d8bGlALGp1CgtiHdWeMyQ5SBzL6lmhMcnzzse0VlAIq1m94Fath217OcQcEw-VrJlyGJ8gAyi-N3O9VZAl2dykNgji9tcC1ws5IMbGyWSv5OpeHfUDN97iOcTJ4noBF7EwvIwpQ", alg: "RS256" })
[2m2025-03-25T07:54:59.196146Z[0m [32m INFO[0m [1mnode[0m[1m{[0m[3mname[0m[2m=[0mk#addeef94..[1m}[0m[2m:[0m [2msui_core::checkpoints::checkpoint_output[0m[2m:[0m [2mcrates/sui-core/src/checkpoints/checkpoint_output.rs[0m[2m:[0m[2m196:[0m Certified checkpoint with sequence 215 and digest 5zn3szQP8HPgiAM8YL8p5tvTv8Xb2jPASSKPh2WMnDzg
[2m2025-03-25T07:54:59.196987Z[0m [32m INFO[0m [1mnode[0m[1m{[0m[3mname[0m[2m=[0mk#addeef94..[1m}[0m[2m:[0m [2msui_core::checkpoints::checkpoint_executor[0m[2m:[0m [2mcrates/sui-core/src/checkpoints/checkpoint_executor/mod.rs[0m[2m:[0m[2m332:[0m Received checkpoint summary from state sync [3msequence_number[0m[2m=[0m215
[2m2025-03-25T07:54:59.205162Z[0m [32m INFO[0m [1mnode[0m[1m{[0m[3mname[0m[2m=[0mk#8dcff6d1..[1m}[0m[2m:[0m [2msui_core::authority::authority_per_epoch_store[0m[2m:[0m [2mcrates/sui-core/src/authority/authority_per_epoch_store.rs[0m[2m:[0m[2m2328:[0m received capabilities v2 AuthorityCapabilities { authority: k#addeef94.., generation: 1742889297591, supported_protocol_versions: SupportedProtocolVersionsWithHashes { versions: [(ProtocolVersion(70), FrKhfrh2j9vdniFPmvfUN4Qs6Wo8dnCkB6ghPa5qoiPF)] }, available_system_packages: [(0x0000000000000000000000000000000000000000000000000000000000000001, SequenceNumber(1), o#96Jb9mkzfqNLYnEMpVxB5dqrKbBaj23w7iXPjTYFdrQw), (0x0000000000000000000000000000000000000000000000000000000000000002, SequenceNumber(2), o#5vKHEC2GkQgKUCg83C4NUMDy8cTwcYkVhzjF4knW2Z6R), (0x00000000000000000000000000000000000000000000000000000000000000c8, SequenceNumber(2), o#2TYk2oyyHbsNv1bR7jCYed6uyR86PTo5AajvrgGFYzTx), (0x0000000000000000000000000000000000000000000000000000000000000003, SequenceNumber(2), o#9Bzszwhj3hrhNbiSeGiaUXHUu9QqWBwqgAjxASZwA79T), (0x000000000000000000000000000000000000000000000000000000000000000b, SequenceNumber(2), o#2u7iZbKqeCefn4DioNR4X6FuGfVBCErkLW6Kpo7RZmLq)] }
[2m2025-03-25T07:54:59.211690Z[0m [32m INFO[0m [2mfastcrypto_tbls::dkg_v1[0m[2m:[0m [2m/Users/mofei/.cargo/git/checkouts/fastcrypto-b430feb5437546af/9519ebc/fastcrypto-tbls/src/dkg_v1.rs[0m[2m:[0m[2m422:[0m DKG: Successfully processed message from party 0
[2m2025-03-25T07:54:59.219788Z[0m [32m INFO[0m [2mfastcrypto_tbls::dkg_v1[0m[2m:[0m [2m/Users/mofei/.cargo/git/checkouts/fastcrypto-b430feb5437546af/9519ebc/fastcrypto-tbls/src/dkg_v1.rs[0m[2m:[0m[2m422:[0m DKG: Successfully processed message from party 2
[2m2025-03-25T07:54:59.219900Z[0m [32m INFO[0m [1mnode[0m[1m{[0m[3mname[0m[2m=[0mk#8dcff6d1..[1m}[0m[2m:[0m [2mfastcrypto_tbls::dkg_v1[0m[2m:[0m [2m/Users/mofei/.cargo/git/checkouts/fastcrypto-b430feb5437546af/9519ebc/fastcrypto-tbls/src/dkg_v1.rs[0m[2m:[0m[2m461:[0m DKG: Merging messages with total weight 525
[2m2025-03-25T07:54:59.219918Z[0m [32m INFO[0m [1mnode[0m[1m{[0m[3mname[0m[2m=[0mk#8dcff6d1..[1m}[0m[2m:[0m [2msui_core::epoch::randomness[0m[2m:[0m [2mcrates/sui-core/src/epoch/randomness.rs[0m[2m:[0m[2m474:[0m random beacon: sending DKG Confirmation with 0 complaints
[2m2025-03-25T07:54:59.252851Z[0m [32m INFO[0m [1mnode[0m[1m{[0m[3mname[0m[2m=[0mk#8dcff6d1..[1m}[0m[2m:[0m [2msui_core::checkpoints[0m[2m:[0m [2mcrates/sui-core/src/checkpoints/mod.rs[0m[2m:[0m[2m1326:[0m Creating checkpoint(s) for 1 transactions [3mnext_checkpoint_seq[0m[2m=[0m215 [3mcheckpoint_timestamp[0m[2m=[0m1742889297907
[2m2025-03-25T07:54:59.253089Z[0m [32m INFO[0m [1mnode[0m[1m{[0m[3mname[0m[2m=[0mk#8dcff6d1..[1m}[0m[2m:[0m [2msui_core::checkpoints::checkpoint_output[0m[2m:[0m [2mcrates/sui-core/src/checkpoints/checkpoint_output.rs[0m[2m:[0m[2m149:[0m Creating checkpoint CheckpointDigest(5zn3szQP8HPgiAM8YL8p5tvTv8Xb2jPASSKPh2WMnDzg) at epoch 1, sequence 215, previous digest Some(CheckpointDigest(FjoyhTPH5tvE2Wn1swUe7Mima51EUnQpfNNBGbhZwykR)), transactions count 1, content digest CheckpointContentsDigest(D1jqKP1GGqzzsKR58QWQa3wZ9nwpMWdifrvZWQafQobP), end_of_epoch_data None
[2m2025-03-25T07:54:59.292381Z[0m [32m INFO[0m [1mnode[0m[1m{[0m[3mname[0m[2m=[0mk#99f25ef6..[1m}[0m[2m:[0m[1mexecution_driver[0m[1m{[0m[3mtx_digest[0m[2m=[0mTransactionDigest(H8Wfh1Rhe1RtTnMEm9WKyyYWbyT14Wy7AjbR4kbvQd7c)[1m}[0m[2m:[0m [2msui_core::authority::authority_per_epoch_store[0m[2m:[0m [2mcrates/sui-core/src/authority/authority_per_epoch_store.rs[0m[2m:[0m[2m4233:[0m Updating authenticator state: AuthenticatorStateUpdate { epoch: 1, round: 5, new_active_jwks: [ActiveJwk { jwk_id: JwkId { iss: "https://slack.com", kid: "mB2MAyKSn555isd0EbdhKx6nkyAi9xLq8rvCEb_nOyY" }, jwk: JWK { kty: "RSA", e: "AQAB", n: "zQqzXfb677bpMKw0idKC5WkVLyqk04PWMsWYJDKqMUUuu_PmzdsvXBfHU7tcZiNoHDuVvGDqjqnkLPEzjXnaZY0DDDHvJKS0JI8fkxIfV1kNy3DkpQMMhgAwnftUiSXgb5clypOmotAEm59gHPYjK9JHBWoHS14NYEYZv9NVy0EkjauyYDSTz589aiKU5lA-cePG93JnqLw8A82kfTlrJ1IIJo2isyBGANr0YzR-d3b_5EvP7ivU7Ph2v5JcEUHeiLSRzIzP3PuyVFrPH659Deh-UAsDFOyJbIcimg9ITnk5_45sb_Xcd_UN6h5I7TGOAFaJN4oi4aaGD4elNi_K1Q", alg: "RS256" }, epoch: 1 }, ActiveJwk { jwk_id: JwkId { iss: "https://oauth.sui.io", kid: "sui-key-id" }, jwk: JWK { kty: "RSA", e: "AQAB", n: "wdar6dBP7b88u6o190uXBK4yPS76OxFjiHDPwOyJwJiiAE3YRq8y_pfyQVua9nEasgrPfEBzVoC5QCld8NAC88uvbNKyoLZ6w5KlFjp88q2Sfy7nAzh3I-AnjsL6zl43NZrKep4_Nmb5nJeafcEi6B5MsYYDWW1Nn26O7ob9IWRNWcaTKhOhqDzbiN_66azN-NgaP_uHjlu1xuMV0kRt-luLSTXJS3S2n8PVNCxr3Gr2oViUpP8kSa-0i5vsg3gNtSfBY97AbChwOnyazj_PoaVD6zbEC4L5gvRZJA6vyoAWF_ZumvkwC3fxcFIBnSKMlGzS_Z-bUyQDCQy_BG9AOw", alg: "RS256" }, epoch: 1 }, ActiveJwk { jwk_id: JwkId { iss: "https://accounts.fantv.world", kid: "PODsfgAn4twvCLjNt9QmEEiAcCa3Z6C10LxrDxvi3bA" }, jwk: JWK { kty: "RSA", e: "AQAB", n: "z9Y8JtahOmbujGwGCe9tT24ur_AuJqNMdWPA6TXia4EDR8iQMrw_DxY3gBDrNqM9ml2NLkO3jo-OI78fl0RbuKepUCko-E2lB0If95L1xB2pWmUpqO8Pa7IilX4oO7h_o_mpUYXoC0wEocJyIjBRWtjqMkM6LhF9tk9-zcl2tcRFkiV1gcGe7FP529jQkSjMK8Ide0T30ZdlGQ7l6b0tuRoYFjoMnGQvl-14QYmSOHvHOqaVSD09KEMmQ4CllDMXZwCBfTRSkRfCTf33qSxm6aEdQcYA2mQD6tIVINuuCOelRhf-GkgfFFUkCM61PmlNm6JXLJgtUWsofaMQ4Yzpiw", alg: "RS256" }, epoch: 1 }, ActiveJwk { jwk_id: JwkId { iss: "https://cognito-idp.eu-west-3.amazonaws.com/eu-west-3_gGVCx53Es", kid: "FIqQqeRU1EQP75fBeds+wL2yczwvbDy1NF6T/f5Oe5o=" }, jwk: JWK { kty: "RSA", e: "AQAB", n: "va55QtSTFhvqx0IL8UAPNZf6x5NO9jK88Wyct-i67grbDJZyXLSxz5oSttoIHkaJZQWgl_qsgyxDpHeSMznliS0K7rXFwaw81PwDIB_ek8uKhXmaQ6ryPAaO-8kvR46o-EYyVk9wWPDHTtN6NEbiUxGoDqOoiVCrVJLsFdoia7-MMVJnR2VokbEgGGbJkZu2MipikQvk_b7BGF__5mKvCJc6hCEJcxIUFvETKA9AOhjgxLvE9U8Ke6XRfmDLKovDAsDaZsWP6VPN0HoBi5mak9CgUqmxwnvNJFLhpjawD9E23O_l4aBcie56eFcC_knUa2VOHymBoJ0On3p03yxs7Q", alg: "RS256" }, epoch: 1 }, ActiveJwk { jwk_id: JwkId { iss: "https://cognito-idp.eu-west-3.amazonaws.com/eu-west-3_gGVCx53Es", kid: "JbFCSYl4Xp4UYEJHo7R0iwl/Xf3F5+z72stu8iH+QxY=" }, jwk: JWK { kty: "RSA", e: "AQAB", n: "o09QloKDInGEWvXK0aZr67RnfU9l0kmTOldGF8t36ExfBWNvRsTiTfn4VdetcJlIDrmxQSSP-2toXqQ7m1t4_idKNjkb7s1FsAtWy60mAfmyeMcGhegmxxxMtWJsk2hbY_oRuTPQEUDnTfnIMUL-oDmc_HmRNzYPrbCJolIWC2r2gkJ-q6jwGEujkaeoQq3wM_NTkeBO_rrCUngIUykbbczkMF8vELGewPgwqTjd9ZTTf08kUPF9IUtT-VyF0U-I1xrQrmU9opQ209I-Dk-ehxIHWN85nlLBxu0Krb9adSx_HDEOd00wNSQgPBkvCUPpVmC10UO7hHxzGSi7czrlsw", alg: "RS256" }, epoch: 1 }, ActiveJwk { jwk_id: JwkId { iss: "https://login.onepassport.onefc.com/de3ee5c1-5644-4113-922d-e8336569a462/v2.0/", kid: "X-yzFPFMdWtJQ1oJXiGRVnn061ezrvZz596xN3mCfyQ" }, jwk: JWK { kty: "RSA", e: "AQAB", n: "t4ZoVgvyj7jKNq-ydYvgYVn5avBR9H4BQrKy2FWlR49siiMFWhxYXtPs7o4J6hhUgo00nk9pf-7rg7XnTiI7MFp2DluhWZK41YFfyGhDpbG9EImqvmy1N8poj5fid1lAjH2CfjtDyywgV84ViQ1hA5-noOrLhjb-zMZp_yKMSEeY_Ewx70jwhXevvrANKblNUFVJPQ7EI6_La-uALNBeQfu5OgPiMPiswhoQz0bhproUc7GiRxBw-9n72z3JU3HMy9mByrDnNfaZ13_Kmp9zgZYxynv5XXWJFGVHv3GZ_cDYg6OqahmrwMhT3GYTZ8JjMzZj4gH8MCCGPxde9SotKQ", alg: "RS256" }, epoch: 1 }], authenticator_obj_initial_shared_version: SequenceNumber(1) }
[2m2025-03-25T07:54:59.292844Z[0m [32m INFO[0m [1mnode[0m[1m{[0m[3mname[0m[2m=[0mk#99f25ef6..[1m}[0m[2m:[0m [2msui_core::checkpoints[0m[2m:[0m [2mcrates/sui-core/src/checkpoints/mod.rs[0m[2m:[0m[2m1326:[0m Creating checkpoint(s) for 2 transactions [3mnext_checkpoint_seq[0m[2m=[0m217 [3mcheckpoint_timestamp[0m[2m=[0m1742889298682
[2m2025-03-25T07:54:59.292955Z[0m [32m INFO[0m [1mnode[0m[1m{[0m[3mname[0m[2m=[0mk#addeef94..[1m}[0m[2m:[0m[1mexecution_driver[0m[1m{[0m[3mtx_digest[0m[2m=[0mTransactionDigest(H8Wfh1Rhe1RtTnMEm9WKyyYWbyT14Wy7AjbR4kbvQd7c)[1m}[0m[2m:[0m [2msui_core::authority::authority_per_epoch_store[0m[2m:[0m [2mcrates/sui-core/src/authority/authority_per_epoch_store.rs[0m[2m:[0m[2m4233:[0m Updating authenticator state: AuthenticatorStateUpdate { epoch: 1, round: 5, new_active_jwks: [ActiveJwk { jwk_id: JwkId { iss: "https://slack.com", kid: "mB2MAyKSn555isd0EbdhKx6nkyAi9xLq8rvCEb_nOyY" }, jwk: JWK { kty: "RSA", e: "AQAB", n: "zQqzXfb677bpMKw0idKC5WkVLyqk04PWMsWYJDKqMUUuu_PmzdsvXBfHU7tcZiNoHDuVvGDqjqnkLPEzjXnaZY0DDDHvJKS0JI8fkxIfV1kNy3DkpQMMhgAwnftUiSXgb5clypOmotAEm59gHPYjK9JHBWoHS14NYEYZv9NVy0EkjauyYDSTz589aiKU5lA-cePG93JnqLw8A82kfTlrJ1IIJo2isyBGANr0YzR-d3b_5EvP7ivU7Ph2v5JcEUHeiLSRzIzP3PuyVFrPH659Deh-UAsDFOyJbIcimg9ITnk5_45sb_Xcd_UN6h5I7TGOAFaJN4oi4aaGD4elNi_K1Q", alg: "RS256" }, epoch: 1 }, ActiveJwk { jwk_id: JwkId { iss: "https://oauth.sui.io", kid: "sui-key-id" }, jwk: JWK { kty: "RSA", e: "AQAB", n: "wdar6dBP7b88u6o190uXBK4yPS76OxFjiHDPwOyJwJiiAE3YRq8y_pfyQVua9nEasgrPfEBzVoC5QCld8NAC88uvbNKyoLZ6w5KlFjp88q2Sfy7nAzh3I-AnjsL6zl43NZrKep4_Nmb5nJeafcEi6B5MsYYDWW1Nn26O7ob9IWRNWcaTKhOhqDzbiN_66azN-NgaP_uHjlu1xuMV0kRt-luLSTXJS3S2n8PVNCxr3Gr2oViUpP8kSa-0i5vsg3gNtSfBY97AbChwOnyazj_PoaVD6zbEC4L5gvRZJA6vyoAWF_ZumvkwC3fxcFIBnSKMlGzS_Z-bUyQDCQy_BG9AOw", alg: "RS256" }, epoch: 1 }, ActiveJwk { jwk_id: JwkId { iss: "https://accounts.fantv.world", kid: "PODsfgAn4twvCLjNt9QmEEiAcCa3Z6C10LxrDxvi3bA" }, jwk: JWK { kty: "RSA", e: "AQAB", n: "z9Y8JtahOmbujGwGCe9tT24ur_AuJqNMdWPA6TXia4EDR8iQMrw_DxY3gBDrNqM9ml2NLkO3jo-OI78fl0RbuKepUCko-E2lB0If95L1xB2pWmUpqO8Pa7IilX4oO7h_o_mpUYXoC0wEocJyIjBRWtjqMkM6LhF9tk9-zcl2tcRFkiV1gcGe7FP529jQkSjMK8Ide0T30ZdlGQ7l6b0tuRoYFjoMnGQvl-14QYmSOHvHOqaVSD09KEMmQ4CllDMXZwCBfTRSkRfCTf33qSxm6aEdQcYA2mQD6tIVINuuCOelRhf-GkgfFFUkCM61PmlNm6JXLJgtUWsofaMQ4Yzpiw", alg: "RS256" }, epoch: 1 }, ActiveJwk { jwk_id: JwkId { iss: "https://cognito-idp.eu-west-3.amazonaws.com/eu-west-3_gGVCx53Es", kid: "FIqQqeRU1EQP75fBeds+wL2yczwvbDy1NF6T/f5Oe5o=" }, jwk: JWK { kty: "RSA", e: "AQAB", n: "va55QtSTFhvqx0IL8UAPNZf6x5NO9jK88Wyct-i67grbDJZyXLSxz5oSttoIHkaJZQWgl_qsgyxDpHeSMznliS0K7rXFwaw81PwDIB_ek8uKhXmaQ6ryPAaO-8kvR46o-EYyVk9wWPDHTtN6NEbiUxGoDqOoiVCrVJLsFdoia7-MMVJnR2VokbEgGGbJkZu2MipikQvk_b7BGF__5mKvCJc6hCEJcxIUFvETKA9AOhjgxLvE9U8Ke6XRfmDLKovDAsDaZsWP6VPN0HoBi5mak9CgUqmxwnvNJFLhpjawD9E23O_l4aBcie56eFcC_knUa2VOHymBoJ0On3p03yxs7Q", alg: "RS256" }, epoch: 1 }, ActiveJwk { jwk_id: JwkId { iss: "https://cognito-idp.eu-west-3.amazonaws.com/eu-west-3_gGVCx53Es", kid: "JbFCSYl4Xp4UYEJHo7R0iwl/Xf3F5+z72stu8iH+QxY=" }, jwk: JWK { kty: "RSA", e: "AQAB", n: "o09QloKDInGEWvXK0aZr67RnfU9l0kmTOldGF8t36ExfBWNvRsTiTfn4VdetcJlIDrmxQSSP-2toXqQ7m1t4_idKNjkb7s1FsAtWy60mAfmyeMcGhegmxxxMtWJsk2hbY_oRuTPQEUDnTfnIMUL-oDmc_HmRNzYPrbCJolIWC2r2gkJ-q6jwGEujkaeoQq3wM_NTkeBO_rrCUngIUykbbczkMF8vELGewPgwqTjd9ZTTf08kUPF9IUtT-VyF0U-I1xrQrmU9opQ209I-Dk-ehxIHWN85nlLBxu0Krb9adSx_HDEOd00wNSQgPBkvCUPpVmC10UO7hHxzGSi7czrlsw", alg: "RS256" }, epoch: 1 }, ActiveJwk { jwk_id: JwkId { iss: "https://login.onepassport.onefc.com/de3ee5c1-5644-4113-922d-e8336569a462/v2.0/", kid: "X-yzFPFMdWtJQ1oJXiGRVnn061ezrvZz596xN3mCfyQ" }, jwk: JWK { kty: "RSA", e: "AQAB", n: "t4ZoVgvyj7jKNq-ydYvgYVn5avBR9H4BQrKy2FWlR49siiMFWhxYXtPs7o4J6hhUgo00nk9pf-7rg7XnTiI7MFp2DluhWZK41YFfyGhDpbG9EImqvmy1N8poj5fid1lAjH2CfjtDyywgV84ViQ1hA5-noOrLhjb-zMZp_yKMSEeY_Ewx70jwhXevvrANKblNUFVJPQ7EI6_La-uALNBeQfu5OgPiMPiswhoQz0bhproUc7GiRxBw-9n72z3JU3HMy9mByrDnNfaZ13_Kmp9zgZYxynv5XXWJFGVHv3GZ_cDYg6OqahmrwMhT3GYTZ8JjMzZj4gH8MCCGPxde9SotKQ", alg: "RS256" }, epoch: 1 }], authenticator_obj_initial_shared_version: SequenceNumber(1) }
[2m2025-03-25T07:54:59.293132Z[0m [32m INFO[0m [1mnode[0m[1m{[0m[3mname[0m[2m=[0mk#99f25ef6..[1m}[0m[2m:[0m [2msui_core::checkpoints::checkpoint_output[0m[2m:[0m [2mcrates/sui-core/src/checkpoints/checkpoint_output.rs[0m[2m:[0m[2m149:[0m Creating checkpoint CheckpointDigest(9LrzR8VueVqYmJAKGwmMnACe1yNxr7xFDsTboQ4KvoaZ) at epoch 1, sequence 217, previous digest Some(CheckpointDigest(Eh9QhUjeAiqodr9x1bJWkktxy3eRhcxQHMDgsd5jdG7S)), transactions count 2, content digest CheckpointContentsDigest(Dv3VtDyBPmW83dy9Wpdv4xB69YBtqAzCMdtEvuDUFk8K), end_of_epoch_data None
[2m2025-03-25T07:54:59.293922Z[0m [32m INFO[0m [1mnode[0m[1m{[0m[3mname[0m[2m=[0mk#addeef94..[1m}[0m[2m:[0m [2msui_core::state_accumulator[0m[2m:[0m [2mcrates/sui-core/src/state_accumulator.rs[0m[2m:[0m[2m675:[0m accumulating running root for checkpoint 215
[2m2025-03-25T07:54:59.294483Z[0m [32m INFO[0m [1mnode[0m[1m{[0m[3mname[0m[2m=[0mk#addeef94..[1m}[0m[2m:[0m [2msui_core::checkpoints[0m[2m:[0m [2mcrates/sui-core/src/checkpoints/mod.rs[0m[2m:[0m[2m1326:[0m Creating checkpoint(s) for 2 transactions [3mnext_checkpoint_seq[0m[2m=[0m217 [3mcheckpoint_timestamp[0m[2m=[0m1742889298682
[2m2025-03-25T07:54:59.294750Z[0m [32m INFO[0m [1mnode[0m[1m{[0m[3mname[0m[2m=[0mk#addeef94..[1m}[0m[2m:[0m [2msui_core::checkpoints::checkpoint_output[0m[2m:[0m [2mcrates/sui-core/src/checkpoints/checkpoint_output.rs[0m[2m:[0m[2m149:[0m Creating checkpoint CheckpointDigest(9LrzR8VueVqYmJAKGwmMnACe1yNxr7xFDsTboQ4KvoaZ) at epoch 1, sequence 217, previous digest Some(CheckpointDigest(Eh9QhUjeAiqodr9x1bJWkktxy3eRhcxQHMDgsd5jdG7S)), transactions count 2, content digest CheckpointContentsDigest(Dv3VtDyBPmW83dy9Wpdv4xB69YBtqAzCMdtEvuDUFk8K), end_of_epoch_data None
[2m2025-03-25T07:54:59.296096Z[0m [32m INFO[0m [1mnode[0m[1m{[0m[3mname[0m[2m=[0mk#99f25ef6..[1m}[0m[2m:[0m [2msui_core::checkpoints::checkpoint_executor[0m[2m:[0m [2mcrates/sui-core/src/checkpoints/checkpoint_executor/mod.rs[0m[2m:[0m[2m332:[0m Received checkpoint summary from state sync [3msequence_number[0m[2m=[0m215
[2m2025-03-25T07:54:59.296101Z[0m [32m INFO[0m [1mnode[0m[1m{[0m[3mname[0m[2m=[0mk#8dcff6d1..[1m}[0m[2m:[0m [2msui_core::checkpoints::checkpoint_executor[0m[2m:[0m [2mcrates/sui-core/src/checkpoints/checkpoint_executor/mod.rs[0m[2m:[0m[2m332:[0m Received checkpoint summary from state sync [3msequence_number[0m[2m=[0m215
[2m2025-03-25T07:54:59.296892Z[0m [32m INFO[0m [1mnode[0m[1m{[0m[3mname[0m[2m=[0mk#99f25ef6..[1m}[0m[2m:[0m [2msui_core::state_accumulator[0m[2m:[0m [2mcrates/sui-core/src/state_accumulator.rs[0m[2m:[0m[2m675:[0m accumulating running root for checkpoint 215
[2m2025-03-25T07:54:59.296899Z[0m [32m INFO[0m [1mnode[0m[1m{[0m[3mname[0m[2m=[0mk#8dcff6d1..[1m}[0m[2m:[0m [2msui_core::state_accumulator[0m[2m:[0m [2mcrates/sui-core/src/state_accumulator.rs[0m[2m:[0m[2m675:[0m accumulating running root for checkpoint 215
[2m2025-03-25T07:54:59.304417Z[0m [32m INFO[0m [1mnode[0m[1m{[0m[3mname[0m[2m=[0mk#8dcff6d1..[1m}[0m[2m:[0m [2mconsensus_core::commit_syncer[0m[2m:[0m [2mconsensus/core/src/commit_syncer.rs[0m[2m:[0m[2m196:[0m Checking to schedule fetches: synced_commit_index=2, highest_handled_index=2, highest_scheduled_index=0, quorum_commit_index=1, unhandled_commits_threshold=3200
[2m2025-03-25T07:54:59.327065Z[0m [32m INFO[0m [1mnode[0m[1m{[0m[3mname[0m[2m=[0mk#addeef94..[1m}[0m[2m:[0m [2mconsensus_core::commit_syncer[0m[2m:[0m [2mconsensus/core/src/commit_syncer.rs[0m[2m:[0m[2m196:[0m Checking to schedule fetches: synced_commit_index=4, highest_handled_index=4, highest_scheduled_index=0, quorum_commit_index=0, unhandled_commits_threshold=3200
[2m2025-03-25T07:54:59.330525Z[0m [32m INFO[0m [1mnode[0m[1m{[0m[3mname[0m[2m=[0mk#99f25ef6..[1m}[0m[2m:[0m [2mconsensus_core::commit_syncer[0m[2m:[0m [2mconsensus/core/src/commit_syncer.rs[0m[2m:[0m[2m196:[0m Checking to schedule fetches: synced_commit_index=4, highest_handled_index=4, highest_scheduled_index=0, quorum_commit_index=0, unhandled_commits_threshold=3200
[2m2025-03-25T07:54:59.372267Z[0m [32m INFO[0m [1mnode[0m[1m{[0m[3mname[0m[2m=[0mk#8dcff6d1..[1m}[0m[2m:[0m [2mconsensus_core::core[0m[2m:[0m [2mconsensus/core/src/core.rs[0m[2m:[0m[2m945:[0m Included 3 ancestors & excluded 0 ancestors for proposal in round 5
[2m2025-03-25T07:54:59.372616Z[0m [32m INFO[0m [1mnode[0m[1m{[0m[3mname[0m[2m=[0mk#8dcff6d1..[1m}[0m[2m:[0m [2mconsensus_core::core[0m[2m:[0m [2mconsensus/core/src/core.rs[0m[2m:[0m[2m531:[0m Created block B5(A,1u3vjpXYu5fQL/R0exAC+5AV0IdzkKapskXa8eD5+nY=)(1742889299372ms;[B3(A,tzM8+m5qFfWWxguel9388ItDSaV79NGl+a4ZYeLyVk8=), B4(B,994wPu0FW+3fd6RaXXgDv1BXrPSKr6MaNaqcgNXKZvo=), B4(C,FnU3NeJGV+eWmcEN6JSOrrIHaCwsntuOED0mG6f+mVU=)];2t;2c) for round 5
[2m2025-03-25T07:54:59.372667Z[0m [32m INFO[0m [1mnode[0m[1m{[0m[3mname[0m[2m=[0mk#8dcff6d1..[1m}[0m[2m:[0m [2msui_core::mysticeti_adapter[0m[2m:[0m [2mcrates/sui-core/src/mysticeti_adapter.rs[0m[2m:[0m[2m130:[0m Transaction External(RandomnessDkgConfirmation(k#8dcff6d1..)) was included in B5(A,1u3v)
[2m2025-03-25T07:54:59.443177Z[0m [32m INFO[0m [1mnode[0m[1m{[0m[3mname[0m[2m=[0mk#99f25ef6..[1m}[0m[2m:[0m [2mconsensus_core::core[0m[2m:[0m [2mconsensus/core/src/core.rs[0m[2m:[0m[2m945:[0m Included 3 ancestors & excluded 0 ancestors for proposal in round 8
[2m2025-03-25T07:54:59.443467Z[0m [32m INFO[0m [1mnode[0m[1m{[0m[3mname[0m[2m=[0mk#99f25ef6..[1m}[0m[2m:[0m [2mconsensus_core::core[0m[2m:[0m [2mconsensus/core/src/core.rs[0m[2m:[0m[2m531:[0m Created block B8(B,D47Zedf94FqM8fkagynA3+M6rN+VF6k//MASd0n/6fw=)(1742889299443ms;[B7(B,KPobDqTKTKo/IG+nb8cFzWkiviXiWl00IFam24u1yz4=), B5(A,1u3vjpXYu5fQL/R0exAC+5AV0IdzkKapskXa8eD5+nY=), B7(C,qgdg7EYuXUupG3NbhCrcInlpACX8oUzu8v//5p8Ak3w=)];1t;1c) for round 8
[2m2025-03-25T07:54:59.444873Z[0m [32m INFO[0m [1mnode[0m[1m{[0m[3mname[0m[2m=[0mk#addeef94..[1m}[0m[2m:[0m [2mconsensus_core::core[0m[2m:[0m [2mconsensus/core/src/core.rs[0m[2m:[0m[2m945:[0m Included 3 ancestors & excluded 0 ancestors for proposal in round 8
[2m2025-03-25T07:54:59.445152Z[0m [32m INFO[0m [1mnode[0m[1m{[0m[3mname[0m[2m=[0mk#addeef94..[1m}[0m[2m:[0m [2mconsensus_core::core[0m[2m:[0m [2mconsensus/core/src/core.rs[0m[2m:[0m[2m531:[0m Created block B8(C,A9tBf0iJfxf0T41sIG5S8zd3nggtrjLYONLcq7Sh0s0=)(1742889299444ms;[B7(C,qgdg7EYuXUupG3NbhCrcInlpACX8oUzu8v//5p8Ak3w=), B5(A,1u3vjpXYu5fQL/R0exAC+5AV0IdzkKapskXa8eD5+nY=), B7(B,KPobDqTKTKo/IG+nb8cFzWkiviXiWl00IFam24u1yz4=)];1t;1c) for round 8
[2m2025-03-25T07:54:59.582027Z[0m [32m INFO[0m [1mnode[0m[1m{[0m[3mname[0m[2m=[0mk#8dcff6d1..[1m}[0m[2m:[0m [2mconsensus_core::core[0m[2m:[0m [2mconsensus/core/src/core.rs[0m[2m:[0m[2m630:[0m Committing 1 leaders: B4(C,FnU3)
[2m2025-03-25T07:54:59.582151Z[0m [32m INFO[0m [1mnode[0m[1m{[0m[3mname[0m[2m=[0mk#8dcff6d1..[1m}[0m[2m:[0m [2mconsensus_core::commit_observer[0m[2m:[0m [2mconsensus/core/src/commit_observer.rs[0m[2m:[0m[2m173:[0m Consensus commit C3(xcrV) with leader B4(C,FnU3) has 4 blocks
[2m2025-03-25T07:54:59.582221Z[0m [32m INFO[0m [1mnode[0m[1m{[0m[3mname[0m[2m=[0mk#8dcff6d1..[1m}[0m[2m:[0m [2msui_core::consensus_handler[0m[2m:[0m [2mcrates/sui-core/src/consensus_handler.rs[0m[2m:[0m[2m232:[0m Received consensus output [3mconsensus_commit[0m[2m=[0mCommittedSubDag(leader=B4(C,FnU3), ref=C3(xcrV), blocks=[Ba6p, RyNz, bxTT, FnU3]) [3mepoch[0m[2m=[0m1
[2m2025-03-25T07:54:59.582914Z[0m [32m INFO[0m [1mnode[0m[1m{[0m[3mname[0m[2m=[0mk#8dcff6d1..[1m}[0m[2m:[0m [2msui_core::authority::authority_per_epoch_store[0m[2m:[0m [2mcrates/sui-core/src/authority/authority_per_epoch_store.rs[0m[2m:[0m[2m2388:[0m received jwk vote from k#99f25ef6.. for jwk (JwkId { iss: "https://oauth.sui.io", kid: "sui-key-id" }, JWK { kty: "RSA", e: "AQAB", n: "wdar6dBP7b88u6o190uXBK4yPS76OxFjiHDPwOyJwJiiAE3YRq8y_pfyQVua9nEasgrPfEBzVoC5QCld8NAC88uvbNKyoLZ6w5KlFjp88q2Sfy7nAzh3I-AnjsL6zl43NZrKep4_Nmb5nJeafcEi6B5MsYYDWW1Nn26O7ob9IWRNWcaTKhOhqDzbiN_66azN-NgaP_uHjlu1xuMV0kRt-luLSTXJS3S2n8PVNCxr3Gr2oViUpP8kSa-0i5vsg3gNtSfBY97AbChwOnyazj_PoaVD6zbEC4L5gvRZJA6vyoAWF_ZumvkwC3fxcFIBnSKMlGzS_Z-bUyQDCQy_BG9AOw", alg: "RS256" })
[2m2025-03-25T07:54:59.582945Z[0m [32m INFO[0m [1mnode[0m[1m{[0m[3mname[0m[2m=[0mk#8dcff6d1..[1m}[0m[2m:[0m [2msui_core::authority::authority_per_epoch_store[0m[2m:[0m [2mcrates/sui-core/src/authority/authority_per_epoch_store.rs[0m[2m:[0m[2m2388:[0m received jwk vote from k#99f25ef6.. for jwk (JwkId { iss: "https://login.onepassport.onefc.com/de3ee5c1-5644-4113-922d-e8336569a462/v2.0/", kid: "X-yzFPFMdWtJQ1oJXiGRVnn061ezrvZz596xN3mCfyQ" }, JWK { kty: "RSA", e: "AQAB", n: "t4ZoVgvyj7jKNq-ydYvgYVn5avBR9H4BQrKy2FWlR49siiMFWhxYXtPs7o4J6hhUgo00nk9pf-7rg7XnTiI7MFp2DluhWZK41YFfyGhDpbG9EImqvmy1N8poj5fid1lAjH2CfjtDyywgV84ViQ1hA5-noOrLhjb-zMZp_yKMSEeY_Ewx70jwhXevvrANKblNUFVJPQ7EI6_La-uALNBeQfu5OgPiMPiswhoQz0bhproUc7GiRxBw-9n72z3JU3HMy9mByrDnNfaZ13_Kmp9zgZYxynv5XXWJFGVHv3GZ_cDYg6OqahmrwMhT3GYTZ8JjMzZj4gH8MCCGPxde9SotKQ", alg: "RS256" })
[2m2025-03-25T07:54:59.582968Z[0m [32m INFO[0m [1mnode[0m[1m{[0m[3mname[0m[2m=[0mk#8dcff6d1..[1m}[0m[2m:[0m [2msui_core::authority::authority_per_epoch_store[0m[2m:[0m [2mcrates/sui-core/src/authority/authority_per_epoch_store.rs[0m[2m:[0m[2m2388:[0m received jwk vote from k#99f25ef6.. for jwk (JwkId { iss: "https://slack.com", kid: "mB2MAyKSn555isd0EbdhKx6nkyAi9xLq8rvCEb_nOyY" }, JWK { kty: "RSA", e: "AQAB", n: "zQqzXfb677bpMKw0idKC5WkVLyqk04PWMsWYJDKqMUUuu_PmzdsvXBfHU7tcZiNoHDuVvGDqjqnkLPEzjXnaZY0DDDHvJKS0JI8fkxIfV1kNy3DkpQMMhgAwnftUiSXgb5clypOmotAEm59gHPYjK9JHBWoHS14NYEYZv9NVy0EkjauyYDSTz589aiKU5lA-cePG93JnqLw8A82kfTlrJ1IIJo2isyBGANr0YzR-d3b_5EvP7ivU7Ph2v5JcEUHeiLSRzIzP3PuyVFrPH659Deh-UAsDFOyJbIcimg9ITnk5_45sb_Xcd_UN6h5I7TGOAFaJN4oi4aaGD4elNi_K1Q", alg: "RS256" })
[2m2025-03-25T07:54:59.582987Z[0m [32m INFO[0m [1mnode[0m[1m{[0m[3mname[0m[2m=[0mk#8dcff6d1..[1m}[0m[2m:[0m [2msui_core::authority::authority_per_epoch_store[0m[2m:[0m [2mcrates/sui-core/src/authority/authority_per_epoch_store.rs[0m[2m:[0m[2m2388:[0m received jwk vote from k#99f25ef6.. for jwk (JwkId { iss: "https://cognito-idp.eu-west-3.amazonaws.com/eu-west-3_gGVCx53Es", kid: "JbFCSYl4Xp4UYEJHo7R0iwl/Xf3F5+z72stu8iH+QxY=" }, JWK { kty: "RSA", e: "AQAB", n: "o09QloKDInGEWvXK0aZr67RnfU9l0kmTOldGF8t36ExfBWNvRsTiTfn4VdetcJlIDrmxQSSP-2toXqQ7m1t4_idKNjkb7s1FsAtWy60mAfmyeMcGhegmxxxMtWJsk2hbY_oRuTPQEUDnTfnIMUL-oDmc_HmRNzYPrbCJolIWC2r2gkJ-q6jwGEujkaeoQq3wM_NTkeBO_rrCUngIUykbbczkMF8vELGewPgwqTjd9ZTTf08kUPF9IUtT-VyF0U-I1xrQrmU9opQ209I-Dk-ehxIHWN85nlLBxu0Krb9adSx_HDEOd00wNSQgPBkvCUPpVmC10UO7hHxzGSi7czrlsw", alg: "RS256" })
[2m2025-03-25T07:54:59.583009Z[0m [32m INFO[0m [1mnode[0m[1m{[0m[3mname[0m[2m=[0mk#8dcff6d1..[1m}[0m[2m:[0m [2msui_core::authority::authority_per_epoch_store[0m[2m:[0m [2mcrates/sui-core/src/authority/authority_per_epoch_store.rs[0m[2m:[0m[2m2388:[0m received jwk vote from k#99f25ef6.. for jwk (JwkId { iss: "https://cognito-idp.eu-west-3.amazonaws.com/eu-west-3_gGVCx53Es", kid: "FIqQqeRU1EQP75fBeds+wL2yczwvbDy1NF6T/f5Oe5o=" }, JWK { kty: "RSA", e: "AQAB", n: "va55QtSTFhvqx0IL8UAPNZf6x5NO9jK88Wyct-i67grbDJZyXLSxz5oSttoIHkaJZQWgl_qsgyxDpHeSMznliS0K7rXFwaw81PwDIB_ek8uKhXmaQ6ryPAaO-8kvR46o-EYyVk9wWPDHTtN6NEbiUxGoDqOoiVCrVJLsFdoia7-MMVJnR2VokbEgGGbJkZu2MipikQvk_b7BGF__5mKvCJc6hCEJcxIUFvETKA9AOhjgxLvE9U8Ke6XRfmDLKovDAsDaZsWP6VPN0HoBi5mak9CgUqmxwnvNJFLhpjawD9E23O_l4aBcie56eFcC_knUa2VOHymBoJ0On3p03yxs7Q", alg: "RS256" })
[2m2025-03-25T07:54:59.583030Z[0m [32m INFO[0m [1mnode[0m[1m{[0m[3mname[0m[2m=[0mk#8dcff6d1..[1m}[0m[2m:[0m [2msui_core::authority::authority_per_epoch_store[0m[2m:[0m [2mcrates/sui-core/src/authority/authority_per_epoch_store.rs[0m[2m:[0m[2m2388:[0m received jwk vote from k#99f25ef6.. for jwk (JwkId { iss: "https://accounts.fantv.world", kid: "PODsfgAn4twvCLjNt9QmEEiAcCa3Z6C10LxrDxvi3bA" }, JWK { kty: "RSA", e: "AQAB", n: "z9Y8JtahOmbujGwGCe9tT24ur_AuJqNMdWPA6TXia4EDR8iQMrw_DxY3gBDrNqM9ml2NLkO3jo-OI78fl0RbuKepUCko-E2lB0If95L1xB2pWmUpqO8Pa7IilX4oO7h_o_mpUYXoC0wEocJyIjBRWtjqMkM6LhF9tk9-zcl2tcRFkiV1gcGe7FP529jQkSjMK8Ide0T30ZdlGQ7l6b0tuRoYFjoMnGQvl-14QYmSOHvHOqaVSD09KEMmQ4CllDMXZwCBfTRSkRfCTf33qSxm6aEdQcYA2mQD6tIVINuuCOelRhf-GkgfFFUkCM61PmlNm6JXLJgtUWsofaMQ4Yzpiw", alg: "RS256" })
[2m2025-03-25T07:54:59.583048Z[0m [32m INFO[0m [1mnode[0m[1m{[0m[3mname[0m[2m=[0mk#8dcff6d1..[1m}[0m[2m:[0m [2msui_core::authority::authority_per_epoch_store[0m[2m:[0m [2mcrates/sui-core/src/authority/authority_per_epoch_store.rs[0m[2m:[0m[2m2388:[0m received jwk vote from k#addeef94.. for jwk (JwkId { iss: "https://login.onepassport.onefc.com/de3ee5c1-5644-4113-922d-e8336569a462/v2.0/", kid: "X-yzFPFMdWtJQ1oJXiGRVnn061ezrvZz596xN3mCfyQ" }, JWK { kty: "RSA", e: "AQAB", n: "t4ZoVgvyj7jKNq-ydYvgYVn5avBR9H4BQrKy2FWlR49siiMFWhxYXtPs7o4J6hhUgo00nk9pf-7rg7XnTiI7MFp2DluhWZK41YFfyGhDpbG9EImqvmy1N8poj5fid1lAjH2CfjtDyywgV84ViQ1hA5-noOrLhjb-zMZp_yKMSEeY_Ewx70jwhXevvrANKblNUFVJPQ7EI6_La-uALNBeQfu5OgPiMPiswhoQz0bhproUc7GiRxBw-9n72z3JU3HMy9mByrDnNfaZ13_Kmp9zgZYxynv5XXWJFGVHv3GZ_cDYg6OqahmrwMhT3GYTZ8JjMzZj4gH8MCCGPxde9SotKQ", alg: "RS256" })
[2m2025-03-25T07:54:59.583064Z[0m [32m INFO[0m [1mnode[0m[1m{[0m[3mname[0m[2m=[0mk#8dcff6d1..[1m}[0m[2m:[0m [2msui_core::authority::authority_per_epoch_store[0m[2m:[0m [2mcrates/sui-core/src/authority/authority_per_epoch_store.rs[0m[2m:[0m[2m2425:[0m jwk became active [3mepoch[0m[2m=[0m1 [3mround[0m[2m=[0m4 [3mjwk[0m[2m=[0m(JwkId { iss: "https://login.onepassport.onefc.com/de3ee5c1-5644-4113-922d-e8336569a462/v2.0/", kid: "X-yzFPFMdWtJQ1oJXiGRVnn061ezrvZz596xN3mCfyQ" }, JWK { kty: "RSA", e: "AQAB", n: "t4ZoVgvyj7jKNq-ydYvgYVn5avBR9H4BQrKy2FWlR49siiMFWhxYXtPs7o4J6hhUgo00nk9pf-7rg7XnTiI7MFp2DluhWZK41YFfyGhDpbG9EImqvmy1N8poj5fid1lAjH2CfjtDyywgV84ViQ1hA5-noOrLhjb-zMZp_yKMSEeY_Ewx70jwhXevvrANKblNUFVJPQ7EI6_La-uALNBeQfu5OgPiMPiswhoQz0bhproUc7GiRxBw-9n72z3JU3HMy9mByrDnNfaZ13_Kmp9zgZYxynv5XXWJFGVHv3GZ_cDYg6OqahmrwMhT3GYTZ8JjMzZj4gH8MCCGPxde9SotKQ", alg: "RS256" })
[2m2025-03-25T07:54:59.583079Z[0m [32m INFO[0m [1mnode[0m[1m{[0m[3mname[0m[2m=[0mk#8dcff6d1..[1m}[0m[2m:[0m [2msui_core::authority::authority_per_epoch_store[0m[2m:[0m [2mcrates/sui-core/src/authority/authority_per_epoch_store.rs[0m[2m:[0m[2m2388:[0m received jwk vote from k#addeef94.. for jwk (JwkId { iss: "https://oauth.sui.io", kid: "sui-key-id" }, JWK { kty: "RSA", e: "AQAB", n: "wdar6dBP7b88u6o190uXBK4yPS76OxFjiHDPwOyJwJiiAE3YRq8y_pfyQVua9nEasgrPfEBzVoC5QCld8NAC88uvbNKyoLZ6w5KlFjp88q2Sfy7nAzh3I-AnjsL6zl43NZrKep4_Nmb5nJeafcEi6B5MsYYDWW1Nn26O7ob9IWRNWcaTKhOhqDzbiN_66azN-NgaP_uHjlu1xuMV0kRt-luLSTXJS3S2n8PVNCxr3Gr2oViUpP8kSa-0i5vsg3gNtSfBY97AbChwOnyazj_PoaVD6zbEC4L5gvRZJA6vyoAWF_ZumvkwC3fxcFIBnSKMlGzS_Z-bUyQDCQy_BG9AOw", alg: "RS256" })
[2m2025-03-25T07:54:59.583093Z[0m [32m INFO[0m [1mnode[0m[1m{[0m[3mname[0m[2m=[0mk#8dcff6d1..[1m}[0m[2m:[0m [2msui_core::authority::authority_per_epoch_store[0m[2m:[0m [2mcrates/sui-core/src/authority/authority_per_epoch_store.rs[0m[2m:[0m[2m2425:[0m jwk became active [3mepoch[0m[2m=[0m1 [3mround[0m[2m=[0m4 [3mjwk[0m[2m=[0m(JwkId { iss: "https://oauth.sui.io", kid: "sui-key-id" }, JWK { kty: "RSA", e: "AQAB", n: "wdar6dBP7b88u6o190uXBK4yPS76OxFjiHDPwOyJwJiiAE3YRq8y_pfyQVua9nEasgrPfEBzVoC5QCld8NAC88uvbNKyoLZ6w5KlFjp88q2Sfy7nAzh3I-AnjsL6zl43NZrKep4_Nmb5nJeafcEi6B5MsYYDWW1Nn26O7ob9IWRNWcaTKhOhqDzbiN_66azN-NgaP_uHjlu1xuMV0kRt-luLSTXJS3S2n8PVNCxr3Gr2oViUpP8kSa-0i5vsg3gNtSfBY97AbChwOnyazj_PoaVD6zbEC4L5gvRZJA6vyoAWF_ZumvkwC3fxcFIBnSKMlGzS_Z-bUyQDCQy_BG9AOw", alg: "RS256" })
[2m2025-03-25T07:54:59.583108Z[0m [32m INFO[0m [1mnode[0m[1m{[0m[3mname[0m[2m=[0mk#8dcff6d1..[1m}[0m[2m:[0m [2msui_core::authority::authority_per_epoch_store[0m[2m:[0m [2mcrates/sui-core/src/authority/authority_per_epoch_store.rs[0m[2m:[0m[2m2388:[0m received jwk vote from k#addeef94.. for jwk (JwkId { iss: "https://slack.com", kid: "mB2MAyKSn555isd0EbdhKx6nkyAi9xLq8rvCEb_nOyY" }, JWK { kty: "RSA", e: "AQAB", n: "zQqzXfb677bpMKw0idKC5WkVLyqk04PWMsWYJDKqMUUuu_PmzdsvXBfHU7tcZiNoHDuVvGDqjqnkLPEzjXnaZY0DDDHvJKS0JI8fkxIfV1kNy3DkpQMMhgAwnftUiSXgb5clypOmotAEm59gHPYjK9JHBWoHS14NYEYZv9NVy0EkjauyYDSTz589aiKU5lA-cePG93JnqLw8A82kfTlrJ1IIJo2isyBGANr0YzR-d3b_5EvP7ivU7Ph2v5JcEUHeiLSRzIzP3PuyVFrPH659Deh-UAsDFOyJbIcimg9ITnk5_45sb_Xcd_UN6h5I7TGOAFaJN4oi4aaGD4elNi_K1Q", alg: "RS256" })
[2m2025-03-25T07:54:59.583123Z[0m [32m INFO[0m [1mnode[0m[1m{[0m[3mname[0m[2m=[0mk#8dcff6d1..[1m}[0m[2m:[0m [2msui_core::authority::authority_per_epoch_store[0m[2m:[0m [2mcrates/sui-core/src/authority/authority_per_epoch_store.rs[0m[2m:[0m[2m2425:[0m jwk became active [3mepoch[0m[2m=[0m1 [3mround[0m[2m=[0m4 [3mjwk[0m[2m=[0m(JwkId { iss: "https://slack.com", kid: "mB2MAyKSn555isd0EbdhKx6nkyAi9xLq8rvCEb_nOyY" }, JWK { kty: "RSA", e: "AQAB", n: "zQqzXfb677bpMKw0idKC5WkVLyqk04PWMsWYJDKqMUUuu_PmzdsvXBfHU7tcZiNoHDuVvGDqjqnkLPEzjXnaZY0DDDHvJKS0JI8fkxIfV1kNy3DkpQMMhgAwnftUiSXgb5clypOmotAEm59gHPYjK9JHBWoHS14NYEYZv9NVy0EkjauyYDSTz589aiKU5lA-cePG93JnqLw8A82kfTlrJ1IIJo2isyBGANr0YzR-d3b_5EvP7ivU7Ph2v5JcEUHeiLSRzIzP3PuyVFrPH659Deh-UAsDFOyJbIcimg9ITnk5_45sb_Xcd_UN6h5I7TGOAFaJN4oi4aaGD4elNi_K1Q", alg: "RS256" })
[2m2025-03-25T07:54:59.583138Z[0m [32m INFO[0m [1mnode[0m[1m{[0m[3mname[0m[2m=[0mk#8dcff6d1..[1m}[0m[2m:[0m [2msui_core::authority::authority_per_epoch_store[0m[2m:[0m [2mcrates/sui-core/src/authority/authority_per_epoch_store.rs[0m[2m:[0m[2m2388:[0m received jwk vote from k#addeef94.. for jwk (JwkId { iss: "https://cognito-idp.eu-west-3.amazonaws.com/eu-west-3_gGVCx53Es", kid: "JbFCSYl4Xp4UYEJHo7R0iwl/Xf3F5+z72stu8iH+QxY=" }, JWK { kty: "RSA", e: "AQAB", n: "o09QloKDInGEWvXK0aZr67RnfU9l0kmTOldGF8t36ExfBWNvRsTiTfn4VdetcJlIDrmxQSSP-2toXqQ7m1t4_idKNjkb7s1FsAtWy60mAfmyeMcGhegmxxxMtWJsk2hbY_oRuTPQEUDnTfnIMUL-oDmc_HmRNzYPrbCJolIWC2r2gkJ-q6jwGEujkaeoQq3wM_NTkeBO_rrCUngIUykbbczkMF8vELGewPgwqTjd9ZTTf08kUPF9IUtT-VyF0U-I1xrQrmU9opQ209I-Dk-ehxIHWN85nlLBxu0Krb9adSx_HDEOd00wNSQgPBkvCUPpVmC10UO7hHxzGSi7czrlsw", alg: "RS256" })
[2m2025-03-25T07:54:59.583152Z[0m [32m INFO[0m [1mnode[0m[1m{[0m[3mname[0m[2m=[0mk#8dcff6d1..[1m}[0m[2m:[0m [2msui_core::authority::authority_per_epoch_store[0m[2m:[0m [2mcrates/sui-core/src/authority/authority_per_epoch_store.rs[0m[2m:[0m[2m2425:[0m jwk became active [3mepoch[0m[2m=[0m1 [3mround[0m[2m=[0m4 [3mjwk[0m[2m=[0m(JwkId { iss: "https://cognito-idp.eu-west-3.amazonaws.com/eu-west-3_gGVCx53Es", kid: "JbFCSYl4Xp4UYEJHo7R0iwl/Xf3F5+z72stu8iH+QxY=" }, JWK { kty: "RSA", e: "AQAB", n: "o09QloKDInGEWvXK0aZr67RnfU9l0kmTOldGF8t36ExfBWNvRsTiTfn4VdetcJlIDrmxQSSP-2toXqQ7m1t4_idKNjkb7s1FsAtWy60mAfmyeMcGhegmxxxMtWJsk2hbY_oRuTPQEUDnTfnIMUL-oDmc_HmRNzYPrbCJolIWC2r2gkJ-q6jwGEujkaeoQq3wM_NTkeBO_rrCUngIUykbbczkMF8vELGewPgwqTjd9ZTTf08kUPF9IUtT-VyF0U-I1xrQrmU9opQ209I-Dk-ehxIHWN85nlLBxu0Krb9adSx_HDEOd00wNSQgPBkvCUPpVmC10UO7hHxzGSi7czrlsw", alg: "RS256" })
[2m2025-03-25T07:54:59.583166Z[0m [32m INFO[0m [1mnode[0m[1m{[0m[3mname[0m[2m=[0mk#8dcff6d1..[1m}[0m[2m:[0m [2msui_core::authority::authority_per_epoch_store[0m[2m:[0m [2mcrates/sui-core/src/authority/authority_per_epoch_store.rs[0m[2m:[0m[2m2388:[0m received jwk vote from k#addeef94.. for jwk (JwkId { iss: "https://cognito-idp.eu-west-3.amazonaws.com/eu-west-3_gGVCx53Es", kid: "FIqQqeRU1EQP75fBeds+wL2yczwvbDy1NF6T/f5Oe5o=" }, JWK { kty: "RSA", e: "AQAB", n: "va55QtSTFhvqx0IL8UAPNZf6x5NO9jK88Wyct-i67grbDJZyXLSxz5oSttoIHkaJZQWgl_qsgyxDpHeSMznliS0K7rXFwaw81PwDIB_ek8uKhXmaQ6ryPAaO-8kvR46o-EYyVk9wWPDHTtN6NEbiUxGoDqOoiVCrVJLsFdoia7-MMVJnR2VokbEgGGbJkZu2MipikQvk_b7BGF__5mKvCJc6hCEJcxIUFvETKA9AOhjgxLvE9U8Ke6XRfmDLKovDAsDaZsWP6VPN0HoBi5mak9CgUqmxwnvNJFLhpjawD9E23O_l4aBcie56eFcC_knUa2VOHymBoJ0On3p03yxs7Q", alg: "RS256" })
[2m2025-03-25T07:54:59.583180Z[0m [32m INFO[0m [1mnode[0m[1m{[0m[3mname[0m[2m=[0mk#8dcff6d1..[1m}[0m[2m:[0m [2msui_core::authority::authority_per_epoch_store[0m[2m:[0m [2mcrates/sui-core/src/authority/authority_per_epoch_store.rs[0m[2m:[0m[2m2425:[0m jwk became active [3mepoch[0m[2m=[0m1 [3mround[0m[2m=[0m4 [3mjwk[0m[2m=[0m(JwkId { iss: "https://cognito-idp.eu-west-3.amazonaws.com/eu-west-3_gGVCx53Es", kid: "FIqQqeRU1EQP75fBeds+wL2yczwvbDy1NF6T/f5Oe5o=" }, JWK { kty: "RSA", e: "AQAB", n: "va55QtSTFhvqx0IL8UAPNZf6x5NO9jK88Wyct-i67grbDJZyXLSxz5oSttoIHkaJZQWgl_qsgyxDpHeSMznliS0K7rXFwaw81PwDIB_ek8uKhXmaQ6ryPAaO-8kvR46o-EYyVk9wWPDHTtN6NEbiUxGoDqOoiVCrVJLsFdoia7-MMVJnR2VokbEgGGbJkZu2MipikQvk_b7BGF__5mKvCJc6hCEJcxIUFvETKA9AOhjgxLvE9U8Ke6XRfmDLKovDAsDaZsWP6VPN0HoBi5mak9CgUqmxwnvNJFLhpjawD9E23O_l4aBcie56eFcC_knUa2VOHymBoJ0On3p03yxs7Q", alg: "RS256" })
[2m2025-03-25T07:54:59.583193Z[0m [32m INFO[0m [1mnode[0m[1m{[0m[3mname[0m[2m=[0mk#8dcff6d1..[1m}[0m[2m:[0m [2msui_core::authority::authority_per_epoch_store[0m[2m:[0m [2mcrates/sui-core/src/authority/authority_per_epoch_store.rs[0m[2m:[0m[2m2388:[0m received jwk vote from k#addeef94.. for jwk (JwkId { iss: "https://accounts.fantv.world", kid: "PODsfgAn4twvCLjNt9QmEEiAcCa3Z6C10LxrDxvi3bA" }, JWK { kty: "RSA", e: "AQAB", n: "z9Y8JtahOmbujGwGCe9tT24ur_AuJqNMdWPA6TXia4EDR8iQMrw_DxY3gBDrNqM9ml2NLkO3jo-OI78fl0RbuKepUCko-E2lB0If95L1xB2pWmUpqO8Pa7IilX4oO7h_o_mpUYXoC0wEocJyIjBRWtjqMkM6LhF9tk9-zcl2tcRFkiV1gcGe7FP529jQkSjMK8Ide0T30ZdlGQ7l6b0tuRoYFjoMnGQvl-14QYmSOHvHOqaVSD09KEMmQ4CllDMXZwCBfTRSkRfCTf33qSxm6aEdQcYA2mQD6tIVINuuCOelRhf-GkgfFFUkCM61PmlNm6JXLJgtUWsofaMQ4Yzpiw", alg: "RS256" })
[2m2025-03-25T07:54:59.583211Z[0m [32m INFO[0m [1mnode[0m[1m{[0m[3mname[0m[2m=[0mk#8dcff6d1..[1m}[0m[2m:[0m [2msui_core::authority::authority_per_epoch_store[0m[2m:[0m [2mcrates/sui-core/src/authority/authority_per_epoch_store.rs[0m[2m:[0m[2m2425:[0m jwk became active [3mepoch[0m[2m=[0m1 [3mround[0m[2m=[0m4 [3mjwk[0m[2m=[0m(JwkId { iss: "https://accounts.fantv.world", kid: "PODsfgAn4twvCLjNt9QmEEiAcCa3Z6C10LxrDxvi3bA" }, JWK { kty: "RSA", e: "AQAB", n: "z9Y8JtahOmbujGwGCe9tT24ur_AuJqNMdWPA6TXia4EDR8iQMrw_DxY3gBDrNqM9ml2NLkO3jo-OI78fl0RbuKepUCko-E2lB0If95L1xB2pWmUpqO8Pa7IilX4oO7h_o_mpUYXoC0wEocJyIjBRWtjqMkM6LhF9tk9-zcl2tcRFkiV1gcGe7FP529jQkSjMK8Ide0T30ZdlGQ7l6b0tuRoYFjoMnGQvl-14QYmSOHvHOqaVSD09KEMmQ4CllDMXZwCBfTRSkRfCTf33qSxm6aEdQcYA2mQD6tIVINuuCOelRhf-GkgfFFUkCM61PmlNm6JXLJgtUWsofaMQ4Yzpiw", alg: "RS256" })
[2m2025-03-25T07:54:59.583266Z[0m [32m INFO[0m [1mnode[0m[1m{[0m[3mname[0m[2m=[0mk#8dcff6d1..[1m}[0m[2m:[0m [2msui_core::authority::authority_per_epoch_store[0m[2m:[0m [2mcrates/sui-core/src/authority/authority_per_epoch_store.rs[0m[2m:[0m[2m2388:[0m received jwk vote from k#addeef94.. for jwk (JwkId { iss: "https://login.microsoftonline.com/v2.0", kid: "JDNa_4i4r7FgigL3sHIlI3xV-IU" }, JWK { kty: "RSA", e: "AQAB", n: "iQ745_U-vjkxPblaw6phBpe08fC42mpcrS4pcr15HiyZQyQV-BFcEVyLwPdsz3ulMRN7OB_UMfCcPBHqOjguejoab6hyJFVVMw_epP4a3SpQN9qaCbnqaSxgSGiqSq663g3TjsF_Wu1m9L41eNoF6Yvh5kULMd6lqjY0LPO5ZZxaQFLtIHahoJKMvYy1BTS0VYcNsXTjxkgUEL6Vc8GV5vaClbnY3VA2hLbXC1SGJWjVGdYXhkuck2tHr58u87MPEaQ33C6YfyISZKsdumF5bTCcIH75jjC3WbMVOLgWg5w0MSiHOFyI76Ihxbb0nRicEuao0WzO9AS7HJ7L24FHFQ", alg: "RS256" })
[2m2025-03-25T07:54:59.583285Z[0m [32m INFO[0m [1mnode[0m[1m{[0m[3mname[0m[2m=[0mk#8dcff6d1..[1m}[0m[2m:[0m [2msui_core::authority::authority_per_epoch_store[0m[2m:[0m [2mcrates/sui-core/src/authority/authority_per_epoch_store.rs[0m[2m:[0m[2m2388:[0m received jwk vote from k#addeef94.. for jwk (JwkId { iss: "https://login.microsoftonline.com/v2.0", kid: "JYhSOsHhDZrc5kfqQg8ujkHMTNY" }, JWK { kty: "RSA", e: "AQAB", n: "xxMRcusywRId_dJR_edc-qe_M3vhXONCz7QDhjVfoqHWbt9lQCXCVIsIo9VJI1nGT1F6NkXEIBt462x2p1w2cgf4AF86dGhbTpR-k81WLR5gNjkhpPqB1PCitichVIKbHAvOyYEAaJnEyCiJqIlU_Zg5L5FzRqv_N_3-fhYvWK0pc3m1Ohyd2kNRg1Nbcp5ogt7mBjec7MErfi-N0o54vXfsK6hM2m7h0sZwVd4CxgPqnpBtm2htM9xaKpnwkYoEL3va3bPI1VGGp9QLZwMV6RAHOy_ORpz4xarG-z7lZUCLO0X1So05rn7w5edBmfblUQlPL3BljbUVB3abd9SNXw", alg: "RS256" })
[2m2025-03-25T07:54:59.583314Z[0m [32m INFO[0m [1mnode[0m[1m{[0m[3mname[0m[2m=[0mk#8dcff6d1..[1m}[0m[2m:[0m [2msui_core::authority::authority_per_epoch_store[0m[2m:[0m [2mcrates/sui-core/src/authority/authority_per_epoch_store.rs[0m[2m:[0m[2m2388:[0m received jwk vote from k#addeef94.. for jwk (JwkId { iss: "https://login.microsoftonline.com/v2.0", kid: "CNv0OI3RwqlHFEVnaoMAshCH2XE" }, JWK { kty: "RSA", e: "AQAB", n: "hz6fUSCSAuiyQz6L1nQj4za8kItevJzxhVbecMigTIl9pXZSHZa3gzMgtapnb1q96CG5qvR78dH6ZvTKL8MzN4VfGgZhvLEv5LJKeo0tGgBIS65wxIiJYj9ExEDqFkw9RdhW1nN8IN9eO76PbC-fdEPtDekA2BaITY2DARISKN4Ke0RLBEWNrKeEjjOzrygS2e3Q9NVzE51ZGGQAGHau7atHy8M_qA1nnd2dMUgUMnEYIMzDBTSKz17G6itJOdanGvG3wXvdpndKffnDppaPkyWbnybdMI4IP7q6WsCqnt3Gtg-baG6GDqZQQEBp9C9gLAFv4ORTRlpD3w0gCMh7xw", alg: "RS256" })
[2m2025-03-25T07:54:59.583332Z[0m [32m INFO[0m [1mnode[0m[1m{[0m[3mname[0m[2m=[0mk#8dcff6d1..[1m}[0m[2m:[0m [2msui_core::authority::authority_per_epoch_store[0m[2m:[0m [2mcrates/sui-core/src/authority/authority_per_epoch_store.rs[0m[2m:[0m[2m2388:[0m received jwk vote from k#addeef94.. for jwk (JwkId { iss: "https://login.microsoftonline.com/v2.0", kid: "PoVKeirIOvmTyLQ9G9BenBwos7k" }, JWK { kty: "RSA", e: "AQAB", n: "ruYyUq1ElSb8QCCt0XWWRSFpUq0JkyfEvvlCa4fPDi0GZbSGgJg3qYa0co2RsBIYHczXkc71kHVpktySAgYK1KMK264e-s7Vymeq-ypHEDpRsaWric_kKEIvKZzRsyUBUWf0CUhtuUvAbDTuaFnQ4g5lfoa7u3vtsv1za5Gmn6DUPirrL_-xqijP9IsHGUKaTmB4M_qnAu6vUHCpXZnN0YTJDoK7XrVJFaKj8RrTdJB89GFJeTFHA2OX472ToyLdCDn5UatYwmht62nXGlH7_G1kW1YMpeSSwzpnMEzUUk7A8UXrvFTHXEpfXhsv0LA59dm9Hi1mIXaOe1w-icA_rQ", alg: "RS256" })
[2m2025-03-25T07:54:59.583350Z[0m [32m INFO[0m [1mnode[0m[1m{[0m[3mname[0m[2m=[0mk#8dcff6d1..[1m}[0m[2m:[0m [2msui_core::authority::authority_per_epoch_store[0m[2m:[0m [2mcrates/sui-core/src/authority/authority_per_epoch_store.rs[0m[2m:[0m[2m2388:[0m received jwk vote from k#addeef94.. for jwk (JwkId { iss: "https://login.microsoftonline.com/v2.0", kid: "-cgAvjmmQ24Ks20zIpDB4SW894w" }, JWK { kty: "RSA", e: "AQAB", n: "otM7AZjL81wdSVdrkQtt6shrQiAT8OZJeIKTeRJgrDYXKzaVXs0WFXVCjCv9GuCktF-tereotfZlcskamfuupe574o76CJy6AUtuY7wt0OKqxoSJMRuUJvA_NNkT50C_dTDHTtF7kiGBwWvHEkHeZAgT52E8bfNJswV28GsPscM9vG2ylUPyiaEIsGi0cg_JllbnfBjGhfA_lzmrB9Iw75E3f1Hnk2uAs1KcHJGSH3EwHJ5tUeo9WtLGjRAfH1kGtPjkktNaw3V8EukEzgIfILV8udpWYE79A_p5jFUnTNkQxsviNxG537JMooa1ZoYveDv_f6LCj1o7MNZQVlD3tw", alg: "RS256" })
[2m2025-03-25T07:54:59.583367Z[0m [32m INFO[0m [1mnode[0m[1m{[0m[3mname[0m[2m=[0mk#8dcff6d1..[1m}[0m[2m:[0m [2msui_core::authority::authority_per_epoch_store[0m[2m:[0m [2mcrates/sui-core/src/authority/authority_per_epoch_store.rs[0m[2m:[0m[2m2388:[0m received jwk vote from k#addeef94.. for jwk (JwkId { iss: "https://login.microsoftonline.com/v2.0", kid: "dd55f7QP3HZky-ekQBDWKe7ADN0" }, JWK { kty: "RSA", e: "AQAB", n: "s950MOniBjjiB82Zx5FehPuYJKtguUAP5vpMNZ6JxYLGzn5h3FPplx0kkPEezg7dnH-sFxGwq_C7P14ja0YmHUkmozqdbg4GRS8xp9Ue0-KWs4BTTkXvMPnc3xBU6be4SmHK-c7A0E54YfokiY1KTRCaq_RRPDlVZJuc6s6rK4nRoPo0eOCj7H4b--QnKmPXiFSPNp40NC7FRfx9m7SYSltubIDzq1f4j2Qlrv90f2kT5DP81_2DGdHZ_ao7ypPX2_z_m4ycQgfAhIYhNHRai6iGtbU6NPkw38LS29bVbGycVCaBoq6_re8k_UiOM7gP9l96QDFnkMmNhpRxT7t34w", alg: "RS256" })
[2m2025-03-25T07:54:59.583389Z[0m [32m INFO[0m [1mnode[0m[1m{[0m[3mname[0m[2m=[0mk#8dcff6d1..[1m}[0m[2m:[0m [2msui_core::authority::authority_per_epoch_store[0m[2m:[0m [2mcrates/sui-core/src/authority/authority_per_epoch_store.rs[0m[2m:[0m[2m2388:[0m received jwk vote from k#addeef94.. for jwk (JwkId { iss: "https://login.microsoftonline.com/v2.0", kid: "ntzdbvo449IBJV0Yy_T--gOiPI8" }, JWK { kty: "RSA", e: "AQAB", n: "uYmKqopaxMNlFJ3QUgTM6TcWvR00WVPs4sCAl5Inr5tCIWbqC1IzVt74_eGPw9OypfM4YpEfAz5czFWgRRVcRQYNwDWSAXTSh-vkqK2meW4HQp7W33NCoz_kZ6JR-xwWJZCOtQa0RNwNTVuHTL2dyJo6DUShxVPtG6c8sV4gFCEz0moHBrf5njywV0GGkQgYe98GeCL3Mv2kx4WVf0pHkSELJfW5JN6jvD_05fY_g3LKsXqXm9u1cS39K4iULFVeeoz5jBMKl5h6w3lqSeBtzmqHpw6YVxcDu_bRUd_rqZUvTaZUgS_EfpOpOicaQN--90nzp4givQYEvWtDBtan5Q", alg: "RS256" })
[2m2025-03-25T07:54:59.583407Z[0m [32m INFO[0m [1mnode[0m[1m{[0m[3mname[0m[2m=[0mk#8dcff6d1..[1m}[0m[2m:[0m [2msui_core::authority::authority_per_epoch_store[0m[2m:[0m [2mcrates/sui-core/src/authority/authority_per_epoch_store.rs[0m[2m:[0m[2m2388:[0m received jwk vote from k#addeef94.. for jwk (JwkId { iss: "https://login.microsoftonline.com/v2.0", kid: "PDRf_Bs8CkDdi7av6hKLwRnNHmk" }, JWK { kty: "RSA", e: "AQAB", n: "v2R1eCh9xaZjAqn0FTf-DuDy3BFsJHc_lsv4K1Ycd1qnF5DwHC7mxnoTsA_dnI8BJvZsCAI7kkFjqKqXDSVYwRM05733_EPekLqLlb02-XLcOziMsOEMpXRrl1wFGHK5zmh2D4ZLsEId2Gdk1fcLzwjCg5iqQxi17DQFDoi0aWUKnkN62sSbiUvzd11eUl0N_beLZ0HYf53wk8r9P3reVhz9W7P8KwNBf7JyiLxmRP_yD9n3650iXi1qp8bZcAt9WmMZ2H6iHHhb7biXwvrJuf2id72VPvV6qkVu6jwUVW5yh6dIvCtPYEA7JNMWyBEXOjJbZ-3l3szj1GSV5m8eAQ", alg: "RS256" })
[2m2025-03-25T07:54:59.583424Z[0m [32m INFO[0m [1mnode[0m[1m{[0m[3mname[0m[2m=[0mk#8dcff6d1..[1m}[0m[2m:[0m [2msui_core::authority::authority_per_epoch_store[0m[2m:[0m [2mcrates/sui-core/src/authority/authority_per_epoch_store.rs[0m[2m:[0m[2m2388:[0m received jwk vote from k#addeef94.. for jwk (JwkId { iss: "https://appleid.apple.com", kid: "dMlERBaFdK" }, JWK { kty: "RSA", e: "AQAB", n: "ryLWkB74N6SJNRVBjKF6xKMfP-QW3AAsJotv0LjVtf7m4NZNg_gTL78e7O8wmvngF8FuzBrvqf1mGW17Ct8BgNK6YXxnoGL0YLmlwXbmCZvTXki0VlEW1PDXeViWy7qXaCp2caF5v4OOdPsgroxNO_DgJRTuA_izJ4DFZYHCHXwojfdWJiDYG67j5PlD5pXKGx7zaqyryjovZTEII_Z1_bhFCRUZRjfJ3TVoK0fZj2z7iAZWjn33i-V3zExUhwzEyeuGph0118NfmOLCUEy_Jd4xvLf_X4laPpe9nq8UeORfs72yz2qH7cHDKL85W6oG08Gu05JWuAs5Ay49WxJrmw", alg: "RS256" })
[2m2025-03-25T07:54:59.583460Z[0m [32m INFO[0m [1mnode[0m[1m{[0m[3mname[0m[2m=[0mk#8dcff6d1..[1m}[0m[2m:[0m [2msui_core::authority::authority_per_epoch_store[0m[2m:[0m [2mcrates/sui-core/src/authority/authority_per_epoch_store.rs[0m[2m:[0m[2m2388:[0m received jwk vote from k#addeef94.. for jwk (JwkId { iss: "https://appleid.apple.com", kid: "rBRfVmqsjn" }, JWK { kty: "RSA", e: "AQAB", n: "pPOaiF5yL-y42FaKg9PYASR5-rdTK7NEiteNUAzNp0zkta-HW-tgLNLNlsft3zcrsgOLqXxhX7qzlI3JGH-wSs7_v2XNSg57QhOTxPDqtUfy5DegtiSOgwE947OBTwCWo2R6cGZD1T8ysfO2HuKheq2hEwZU4Y-8qT19WWOhZHs4CVt7A5mzpIgWuUVw766VTyqrqKev32DOUPIqFocFz3tuty95S9t_OYnaPCcET-b6DV_eT7psPhqhl5nNUm0lzkCQ53-9kxQNJxBciy0wiBcAexD4KppKRRD3evFpOSxD1R6Kg2DIG5UnbVVqn5nhZA9RH-t50f_biqV3KlSHJQ", alg: "RS256" })
[2m2025-03-25T07:54:59.583477Z[0m [32m INFO[0m [1mnode[0m[1m{[0m[3mname[0m[2m=[0mk#8dcff6d1..[1m}[0m[2m:[0m [2msui_core::authority::authority_per_epoch_store[0m[2m:[0m [2mcrates/sui-core/src/authority/authority_per_epoch_store.rs[0m[2m:[0m[2m2388:[0m received jwk vote from k#addeef94.. for jwk (JwkId { iss: "https://appleid.apple.com", kid: "rs0M3kOV9p" }, JWK { kty: "RSA", e: "AQAB", n: "zH5so3zLsgmRypxAAYJimfF9cx3ISSyHyzjDP3yvE9ieqpnjFJhzgCP8L4oKO9vUFNpoG1ub7I3paYNY6Vb2yc4chnsjJxB3j0jomJ3iI9MlWoVecTFG2tywyx5NRhy3YfTUpw2uCLafzWrpIJIoKUCGM6iUgaIFjvfi-cGT5T_5eUSWZHN-ziH69mGcbMRGLQEixQUatwru9i4i-OSk-w-JmLOqAzRP1mVn1tcZRIoGSB2PFSSJX9SK90OX8i5sj7dpIO_2xbGMtyNJkDzGq88x1pMJ4sv6HMj-tx4QrpGDbUi7zBCgbBnNSGSB_LBv4dbswwWY96ckHgx9yf_7IQ", alg: "RS256" })
[2m2025-03-25T07:54:59.583495Z[0m [32m INFO[0m [1mnode[0m[1m{[0m[3mname[0m[2m=[0mk#8dcff6d1..[1m}[0m[2m:[0m [2msui_core::authority::authority_per_epoch_store[0m[2m:[0m [2mcrates/sui-core/src/authority/authority_per_epoch_store.rs[0m[2m:[0m[2m2388:[0m received jwk vote from k#addeef94.. for jwk (JwkId { iss: "https://accounts.karrier.one/", kid: "E760D111C1A1296E6D1D85F7EB18DDBAA0EC2B4E" }, JWK { kty: "RSA", e: "AQAB", n: "3s6cCgr0tKeYEy_MGYDZ7ByPgI0Bv-JimxiSNOytvXb6xvcxE_jjEiEkMg6R3frYXWWuM3V4DMB3WGc8ePDACM9e3ly8jEpxA90nJ1eE94a9bF5wQGtC8_oqw2DajBt6O5ZTSKFJhMQMyzKUXmqT_m1DsUHm0uNGPulMp2CmSE8xtFLlXdxl_8on4zN_4PboPgOrl65DKcw6THTuNcasffyxVeK6_HbuEDLp-Q1v8PtvW98TO2GvOK-yNLDrpgqeh0fnnUBHR2tkMaJ3nnLNdEkVfeBQlafCvwJPRrGX83POq6SC-WAoP6IOH9BXd0DwRvqgCj2uWhtk9yEamJ7Q2Q", alg: "RS256" })
[2m2025-03-25T07:54:59.583512Z[0m [32m INFO[0m [1mnode[0m[1m{[0m[3mname[0m[2m=[0mk#8dcff6d1..[1m}[0m[2m:[0m [2msui_core::authority::authority_per_epoch_store[0m[2m:[0m [2mcrates/sui-core/src/authority/authority_per_epoch_store.rs[0m[2m:[0m[2m2388:[0m received jwk vote from k#addeef94.. for jwk (JwkId { iss: "https://accounts.karrier.one/", kid: "B65FDCAA152E04ADE817314CF6A06F4ECABF4CFB" }, JWK { kty: "RSA", e: "AQAB", n: "ra5LGXik2tB6apOePLdwT0ID-Kevzoyy_qcvHhvGJbrY_0PVaT3yM2t_UyvNlh60QYmtIxmGE1vTfbD6moDg0y1WLZ2tMfJ56YT23LYW-quzHHpw3pcAi8EVCFiU7pB4XHHBv-0F_eS7qGQr4Y38QyWKEzg6kv4X_xpMxEpVYmRVgYu8rGXqwCHIFq1Dc3v9Op83hO2q-geeidXjosydxgb6LdOpc27Q_0gzDM2vTaI0k8fqauVGilcYw3OxeqL5jVrdSeyaq4meHrquLdGCbI_KQiS08GJ9BZ4QchfTK70lzKasCsTcW5jd2Ci7DYoPvY-FrR8zPaxHj9jjTkAW3Q", alg: "RS256" })
[2m2025-03-25T07:54:59.583529Z[0m [32m INFO[0m [1mnode[0m[1m{[0m[3mname[0m[2m=[0mk#8dcff6d1..[1m}[0m[2m:[0m [2msui_core::authority::authority_per_epoch_store[0m[2m:[0m [2mcrates/sui-core/src/authority/authority_per_epoch_store.rs[0m[2m:[0m[2m2388:[0m received jwk vote from k#addeef94.. for jwk (JwkId { iss: "https://cognito-idp.us-east-1.amazonaws.com/us-east-1_qPsZxYqd8", kid: "VHA/vY1d2h7X33DpZ6ZBDRfnCS/OIgiV7toCdxyEUDY=" }, JWK { kty: "RSA", e: "AQAB", n: "7nb7CxiOI5bgf80jk1WOwi6Fmo9EJzIugpl-gZehOgL4cVAmvp1ChVZMwxTRM62hIQ6Ab6k0vmLBq_jZFx6MeU4c1xTipIohOEK_5HjbesM9OuduHkujN6J7Az4ON4TyHtJOXs3-xdVbjWQwP5L2O_N334ZIb9n-hRxGRhKaQLciSNEt3TQ2ookJaa1q9UinlA0jJyIMLJXmpSdvUP_0QizT88wrenRs3PccgKBQgvtQx569yvL6YnzaRSa8pL7saNy2KqevDHkIvRfqEckduoFQTyiL5OTz6canJYaklw-OImrO1eQF2Z_TsamXKKdk9-k9WFwYx4ftDTdacDflaw", alg: "RS256" })
[2m2025-03-25T07:54:59.583549Z[0m [32m INFO[0m [1mnode[0m[1m{[0m[3mname[0m[2m=[0mk#8dcff6d1..[1m}[0m[2m:[0m [2msui_core::authority::authority_per_epoch_store[0m[2m:[0m [2mcrates/sui-core/src/authority/authority_per_epoch_store.rs[0m[2m:[0m[2m2388:[0m received jwk vote from k#addeef94.. for jwk (JwkId { iss: "https://cognito-idp.us-east-1.amazonaws.com/us-east-1_qPsZxYqd8", kid: "lGbuLXh42ChSJwrMUEBO2npnvMzdAHqOj6DNZieDuVA=" }, JWK { kty: "RSA", e: "AQAB", n: "2e3M6UZo5G1r3eYi1h_dqng0lhNHE6bwSrnEmTMygjDaejpcjWKY9ICFtcz-lP_HEx_q67HsaM7QUIGpTEtAXqQHyxbMAcPlUwKSD8y_mZJlDDM4kI7KJQLW4M-904gDvih5FbnJc-QNkH1Z7vHwDpLOam53x8QQj7rjoXBzH0q0JVlv5PU5ZEoqCc2PIJCtxzZApXzMt0lnqw8DB55P4_czdplVkd80UhPAz1gM3ysTIQi2eblMvkUp98orOlpsp434g6mnrdgYFLOleuuwNraRTJRi0r9Dn9ToILY7Arywi5jS8M496CXJUFAB9UKXKrTa9pazlnRMiFBochRRZw", alg: "RS256" })
[2m2025-03-25T07:54:59.609612Z[0m [32m INFO[0m [1mnode[0m[1m{[0m[3mname[0m[2m=[0mk#8dcff6d1..[1m}[0m[2m:[0m [2msui_core::checkpoints[0m[2m:[0m [2mcrates/sui-core/src/checkpoints/mod.rs[0m[2m:[0m[2m1326:[0m Creating checkpoint(s) for 1 transactions [3mnext_checkpoint_seq[0m[2m=[0m216 [3mcheckpoint_timestamp[0m[2m=[0m1742889298426
[2m2025-03-25T07:54:59.609831Z[0m [32m INFO[0m [1mnode[0m[1m{[0m[3mname[0m[2m=[0mk#8dcff6d1..[1m}[0m[2m:[0m [2msui_core::checkpoints::checkpoint_output[0m[2m:[0m [2mcrates/sui-core/src/checkpoints/checkpoint_output.rs[0m[2m:[0m[2m149:[0m Creating checkpoint CheckpointDigest(Eh9QhUjeAiqodr9x1bJWkktxy3eRhcxQHMDgsd5jdG7S) at epoch 1, sequence 216, previous digest Some(CheckpointDigest(5zn3szQP8HPgiAM8YL8p5tvTv8Xb2jPASSKPh2WMnDzg)), transactions count 1, content digest CheckpointContentsDigest(HCwvbfdUMLYAf4Z9AiMhLrwY7UQTKWbqDBCq8WuPNGRH), end_of_epoch_data None
[2m2025-03-25T07:54:59.697405Z[0m [32m INFO[0m [1mnode[0m[1m{[0m[3mname[0m[2m=[0mk#addeef94..[1m}[0m[2m:[0m [2mconsensus_core::core[0m[2m:[0m [2mconsensus/core/src/core.rs[0m[2m:[0m[2m945:[0m Included 2 ancestors & excluded 0 ancestors for proposal in round 9
[2m2025-03-25T07:54:59.697705Z[0m [32m INFO[0m [1mnode[0m[1m{[0m[3mname[0m[2m=[0mk#addeef94..[1m}[0m[2m:[0m [2mconsensus_core::core[0m[2m:[0m [2mconsensus/core/src/core.rs[0m[2m:[0m[2m531:[0m Created block B9(C,cJPSTRUL8++Zjw98Sze+AEKK9BI3zntYC34mndBwdag=)(1742889299697ms;[B8(C,A9tBf0iJfxf0T41sIG5S8zd3nggtrjLYONLcq7Sh0s0=), B8(B,D47Zedf94FqM8fkagynA3+M6rN+VF6k//MASd0n/6fw=)];0t;0c) for round 9
[2m2025-03-25T07:54:59.698474Z[0m [32m INFO[0m [1mnode[0m[1m{[0m[3mname[0m[2m=[0mk#99f25ef6..[1m}[0m[2m:[0m [2mconsensus_core::core[0m[2m:[0m [2mconsensus/core/src/core.rs[0m[2m:[0m[2m945:[0m Included 2 ancestors & excluded 0 ancestors for proposal in round 9
[2m2025-03-25T07:54:59.698726Z[0m [32m INFO[0m [1mnode[0m[1m{[0m[3mname[0m[2m=[0mk#99f25ef6..[1m}[0m[2m:[0m [2mconsensus_core::core[0m[2m:[0m [2mconsensus/core/src/core.rs[0m[2m:[0m[2m531:[0m Created block B9(B,dO7H6pC8KL4f4bcyqaem56oA6mHynFIycAZeRwcWQR4=)(1742889299698ms;[B8(B,D47Zedf94FqM8fkagynA3+M6rN+VF6k//MASd0n/6fw=), B8(C,A9tBf0iJfxf0T41sIG5S8zd3nggtrjLYONLcq7Sh0s0=)];0t;0c) for round 9
[2m2025-03-25T07:54:59.785894Z[0m [32m INFO[0m [1mnode[0m[1m{[0m[3mname[0m[2m=[0mk#8dcff6d1..[1m}[0m[2m:[0m [2msui_core::checkpoints::checkpoint_output[0m[2m:[0m [2mcrates/sui-core/src/checkpoints/checkpoint_output.rs[0m[2m:[0m[2m196:[0m Certified checkpoint with sequence 216 and digest Eh9QhUjeAiqodr9x1bJWkktxy3eRhcxQHMDgsd5jdG7S
[2m2025-03-25T07:54:59.786003Z[0m [32m INFO[0m [1mnode[0m[1m{[0m[3mname[0m[2m=[0mk#8dcff6d1..[1m}[0m[2m:[0m [2mconsensus_core::core[0m[2m:[0m [2mconsensus/core/src/core.rs[0m[2m:[0m[2m630:[0m Committing 1 leaders: B5(C,AJSu)
[2m2025-03-25T07:54:59.786120Z[0m [32m INFO[0m [1mnode[0m[1m{[0m[3mname[0m[2m=[0mk#8dcff6d1..[1m}[0m[2m:[0m [2mconsensus_core::commit_observer[0m[2m:[0m [2mconsensus/core/src/commit_observer.rs[0m[2m:[0m[2m173:[0m Consensus commit C4(y7bT) with leader B5(C,AJSu) has 3 blocks
[2m2025-03-25T07:54:59.786189Z[0m [32m INFO[0m [1mnode[0m[1m{[0m[3mname[0m[2m=[0mk#8dcff6d1..[1m}[0m[2m:[0m [2mconsensus_core::core[0m[2m:[0m [2mconsensus/core/src/core.rs[0m[2m:[0m[2m945:[0m Included 3 ancestors & excluded 0 ancestors for proposal in round 8
[2m2025-03-25T07:54:59.786444Z[0m [32m INFO[0m [1mnode[0m[1m{[0m[3mname[0m[2m=[0mk#8dcff6d1..[1m}[0m[2m:[0m [2mconsensus_core::core[0m[2m:[0m [2mconsensus/core/src/core.rs[0m[2m:[0m[2m531:[0m Created block B8(A,Bo0awUWoPruylqDowlgoIYGiSq+E694OIREwR2KlOsI=)(1742889299786ms;[B5(A,1u3vjpXYu5fQL/R0exAC+5AV0IdzkKapskXa8eD5+nY=), B7(B,KPobDqTKTKo/IG+nb8cFzWkiviXiWl00IFam24u1yz4=), B7(C,qgdg7EYuXUupG3NbhCrcInlpACX8oUzu8v//5p8Ak3w=)];1t;2c) for round 8
[2m2025-03-25T07:54:59.786891Z[0m [32m INFO[0m [1mnode[0m[1m{[0m[3mname[0m[2m=[0mk#8dcff6d1..[1m}[0m[2m:[0m [2msui_core::consensus_handler[0m[2m:[0m [2mcrates/sui-core/src/consensus_handler.rs[0m[2m:[0m[2m232:[0m Received consensus output [3mconsensus_commit[0m[2m=[0mCommittedSubDag(leader=B5(C,AJSu), ref=C4(y7bT), blocks=[hHHa, 994w, AJSu]) [3mepoch[0m[2m=[0m1
[2m2025-03-25T07:54:59.786964Z[0m [32m INFO[0m [1mnode[0m[1m{[0m[3mname[0m[2m=[0mk#8dcff6d1..[1m}[0m[2m:[0m [2msui_core::consensus_handler[0m[2m:[0m [2mcrates/sui-core/src/consensus_handler.rs[0m[2m:[0m[2m520:[0m creating authenticator state update transaction
[2m2025-03-25T07:54:59.788030Z[0m [32m INFO[0m [1mnode[0m[1m{[0m[3mname[0m[2m=[0mk#8dcff6d1..[1m}[0m[2m:[0m [2msui_core::authority::authority_per_epoch_store[0m[2m:[0m [2mcrates/sui-core/src/authority/authority_per_epoch_store.rs[0m[2m:[0m[2m2388:[0m received jwk vote from k#8dcff6d1.. for jwk (JwkId { iss: "https://login.onepassport.onefc.com/de3ee5c1-5644-4113-922d-e8336569a462/v2.0/", kid: "X-yzFPFMdWtJQ1oJXiGRVnn061ezrvZz596xN3mCfyQ" }, JWK { kty: "RSA", e: "AQAB", n: "t4ZoVgvyj7jKNq-ydYvgYVn5avBR9H4BQrKy2FWlR49siiMFWhxYXtPs7o4J6hhUgo00nk9pf-7rg7XnTiI7MFp2DluhWZK41YFfyGhDpbG9EImqvmy1N8poj5fid1lAjH2CfjtDyywgV84ViQ1hA5-noOrLhjb-zMZp_yKMSEeY_Ewx70jwhXevvrANKblNUFVJPQ7EI6_La-uALNBeQfu5OgPiMPiswhoQz0bhproUc7GiRxBw-9n72z3JU3HMy9mByrDnNfaZ13_Kmp9zgZYxynv5XXWJFGVHv3GZ_cDYg6OqahmrwMhT3GYTZ8JjMzZj4gH8MCCGPxde9SotKQ", alg: "RS256" })
[2m2025-03-25T07:54:59.788062Z[0m [32m INFO[0m [1mnode[0m[1m{[0m[3mname[0m[2m=[0mk#8dcff6d1..[1m}[0m[2m:[0m [2msui_core::authority::authority_per_epoch_store[0m[2m:[0m [2mcrates/sui-core/src/authority/authority_per_epoch_store.rs[0m[2m:[0m[2m2388:[0m received jwk vote from k#8dcff6d1.. for jwk (JwkId { iss: "https://cognito-idp.eu-west-3.amazonaws.com/eu-west-3_gGVCx53Es", kid: "JbFCSYl4Xp4UYEJHo7R0iwl/Xf3F5+z72stu8iH+QxY=" }, JWK { kty: "RSA", e: "AQAB", n: "o09QloKDInGEWvXK0aZr67RnfU9l0kmTOldGF8t36ExfBWNvRsTiTfn4VdetcJlIDrmxQSSP-2toXqQ7m1t4_idKNjkb7s1FsAtWy60mAfmyeMcGhegmxxxMtWJsk2hbY_oRuTPQEUDnTfnIMUL-oDmc_HmRNzYPrbCJolIWC2r2gkJ-q6jwGEujkaeoQq3wM_NTkeBO_rrCUngIUykbbczkMF8vELGewPgwqTjd9ZTTf08kUPF9IUtT-VyF0U-I1xrQrmU9opQ209I-Dk-ehxIHWN85nlLBxu0Krb9adSx_HDEOd00wNSQgPBkvCUPpVmC10UO7hHxzGSi7czrlsw", alg: "RS256" })
[2m2025-03-25T07:54:59.788085Z[0m [32m INFO[0m [1mnode[0m[1m{[0m[3mname[0m[2m=[0mk#8dcff6d1..[1m}[0m[2m:[0m [2msui_core::authority::authority_per_epoch_store[0m[2m:[0m [2mcrates/sui-core/src/authority/authority_per_epoch_store.rs[0m[2m:[0m[2m2388:[0m received jwk vote from k#8dcff6d1.. for jwk (JwkId { iss: "https://cognito-idp.eu-west-3.amazonaws.com/eu-west-3_gGVCx53Es", kid: "FIqQqeRU1EQP75fBeds+wL2yczwvbDy1NF6T/f5Oe5o=" }, JWK { kty: "RSA", e: "AQAB", n: "va55QtSTFhvqx0IL8UAPNZf6x5NO9jK88Wyct-i67grbDJZyXLSxz5oSttoIHkaJZQWgl_qsgyxDpHeSMznliS0K7rXFwaw81PwDIB_ek8uKhXmaQ6ryPAaO-8kvR46o-EYyVk9wWPDHTtN6NEbiUxGoDqOoiVCrVJLsFdoia7-MMVJnR2VokbEgGGbJkZu2MipikQvk_b7BGF__5mKvCJc6hCEJcxIUFvETKA9AOhjgxLvE9U8Ke6XRfmDLKovDAsDaZsWP6VPN0HoBi5mak9CgUqmxwnvNJFLhpjawD9E23O_l4aBcie56eFcC_knUa2VOHymBoJ0On3p03yxs7Q", alg: "RS256" })
[2m2025-03-25T07:54:59.788104Z[0m [32m INFO[0m [1mnode[0m[1m{[0m[3mname[0m[2m=[0mk#8dcff6d1..[1m}[0m[2m:[0m [2msui_core::authority::authority_per_epoch_store[0m[2m:[0m [2mcrates/sui-core/src/authority/authority_per_epoch_store.rs[0m[2m:[0m[2m2388:[0m received jwk vote from k#8dcff6d1.. for jwk (JwkId { iss: "https://oauth.sui.io", kid: "sui-key-id" }, JWK { kty: "RSA", e: "AQAB", n: "wdar6dBP7b88u6o190uXBK4yPS76OxFjiHDPwOyJwJiiAE3YRq8y_pfyQVua9nEasgrPfEBzVoC5QCld8NAC88uvbNKyoLZ6w5KlFjp88q2Sfy7nAzh3I-AnjsL6zl43NZrKep4_Nmb5nJeafcEi6B5MsYYDWW1Nn26O7ob9IWRNWcaTKhOhqDzbiN_66azN-NgaP_uHjlu1xuMV0kRt-luLSTXJS3S2n8PVNCxr3Gr2oViUpP8kSa-0i5vsg3gNtSfBY97AbChwOnyazj_PoaVD6zbEC4L5gvRZJA6vyoAWF_ZumvkwC3fxcFIBnSKMlGzS_Z-bUyQDCQy_BG9AOw", alg: "RS256" })
[2m2025-03-25T07:54:59.788123Z[0m [32m INFO[0m [1mnode[0m[1m{[0m[3mname[0m[2m=[0mk#8dcff6d1..[1m}[0m[2m:[0m [2msui_core::authority::authority_per_epoch_store[0m[2m:[0m [2mcrates/sui-core/src/authority/authority_per_epoch_store.rs[0m[2m:[0m[2m2388:[0m received jwk vote from k#8dcff6d1.. for jwk (JwkId { iss: "https://slack.com", kid: "mB2MAyKSn555isd0EbdhKx6nkyAi9xLq8rvCEb_nOyY" }, JWK { kty: "RSA", e: "AQAB", n: "zQqzXfb677bpMKw0idKC5WkVLyqk04PWMsWYJDKqMUUuu_PmzdsvXBfHU7tcZiNoHDuVvGDqjqnkLPEzjXnaZY0DDDHvJKS0JI8fkxIfV1kNy3DkpQMMhgAwnftUiSXgb5clypOmotAEm59gHPYjK9JHBWoHS14NYEYZv9NVy0EkjauyYDSTz589aiKU5lA-cePG93JnqLw8A82kfTlrJ1IIJo2isyBGANr0YzR-d3b_5EvP7ivU7Ph2v5JcEUHeiLSRzIzP3PuyVFrPH659Deh-UAsDFOyJbIcimg9ITnk5_45sb_Xcd_UN6h5I7TGOAFaJN4oi4aaGD4elNi_K1Q", alg: "RS256" })
[2m2025-03-25T07:54:59.788146Z[0m [32m INFO[0m [1mnode[0m[1m{[0m[3mname[0m[2m=[0mk#8dcff6d1..[1m}[0m[2m:[0m [2msui_core::authority::authority_per_epoch_store[0m[2m:[0m [2mcrates/sui-core/src/authority/authority_per_epoch_store.rs[0m[2m:[0m[2m2388:[0m received jwk vote from k#8dcff6d1.. for jwk (JwkId { iss: "https://appleid.apple.com", kid: "rs0M3kOV9p" }, JWK { kty: "RSA", e: "AQAB", n: "zH5so3zLsgmRypxAAYJimfF9cx3ISSyHyzjDP3yvE9ieqpnjFJhzgCP8L4oKO9vUFNpoG1ub7I3paYNY6Vb2yc4chnsjJxB3j0jomJ3iI9MlWoVecTFG2tywyx5NRhy3YfTUpw2uCLafzWrpIJIoKUCGM6iUgaIFjvfi-cGT5T_5eUSWZHN-ziH69mGcbMRGLQEixQUatwru9i4i-OSk-w-JmLOqAzRP1mVn1tcZRIoGSB2PFSSJX9SK90OX8i5sj7dpIO_2xbGMtyNJkDzGq88x1pMJ4sv6HMj-tx4QrpGDbUi7zBCgbBnNSGSB_LBv4dbswwWY96ckHgx9yf_7IQ", alg: "RS256" })
[2m2025-03-25T07:54:59.788164Z[0m [32m INFO[0m [1mnode[0m[1m{[0m[3mname[0m[2m=[0mk#8dcff6d1..[1m}[0m[2m:[0m [2msui_core::authority::authority_per_epoch_store[0m[2m:[0m [2mcrates/sui-core/src/authority/authority_per_epoch_store.rs[0m[2m:[0m[2m2425:[0m jwk became active [3mepoch[0m[2m=[0m1 [3mround[0m[2m=[0m5 [3mjwk[0m[2m=[0m(JwkId { iss: "https://appleid.apple.com", kid: "rs0M3kOV9p" }, JWK { kty: "RSA", e: "AQAB", n: "zH5so3zLsgmRypxAAYJimfF9cx3ISSyHyzjDP3yvE9ieqpnjFJhzgCP8L4oKO9vUFNpoG1ub7I3paYNY6Vb2yc4chnsjJxB3j0jomJ3iI9MlWoVecTFG2tywyx5NRhy3YfTUpw2uCLafzWrpIJIoKUCGM6iUgaIFjvfi-cGT5T_5eUSWZHN-ziH69mGcbMRGLQEixQUatwru9i4i-OSk-w-JmLOqAzRP1mVn1tcZRIoGSB2PFSSJX9SK90OX8i5sj7dpIO_2xbGMtyNJkDzGq88x1pMJ4sv6HMj-tx4QrpGDbUi7zBCgbBnNSGSB_LBv4dbswwWY96ckHgx9yf_7IQ", alg: "RS256" })
[2m2025-03-25T07:54:59.788179Z[0m [32m INFO[0m [1mnode[0m[1m{[0m[3mname[0m[2m=[0mk#8dcff6d1..[1m}[0m[2m:[0m [2msui_core::authority::authority_per_epoch_store[0m[2m:[0m [2mcrates/sui-core/src/authority/authority_per_epoch_store.rs[0m[2m:[0m[2m2388:[0m received jwk vote from k#8dcff6d1.. for jwk (JwkId { iss: "https://appleid.apple.com", kid: "dMlERBaFdK" }, JWK { kty: "RSA", e: "AQAB", n: "ryLWkB74N6SJNRVBjKF6xKMfP-QW3AAsJotv0LjVtf7m4NZNg_gTL78e7O8wmvngF8FuzBrvqf1mGW17Ct8BgNK6YXxnoGL0YLmlwXbmCZvTXki0VlEW1PDXeViWy7qXaCp2caF5v4OOdPsgroxNO_DgJRTuA_izJ4DFZYHCHXwojfdWJiDYG67j5PlD5pXKGx7zaqyryjovZTEII_Z1_bhFCRUZRjfJ3TVoK0fZj2z7iAZWjn33i-V3zExUhwzEyeuGph0118NfmOLCUEy_Jd4xvLf_X4laPpe9nq8UeORfs72yz2qH7cHDKL85W6oG08Gu05JWuAs5Ay49WxJrmw", alg: "RS256" })
[2m2025-03-25T07:54:59.788194Z[0m [32m INFO[0m [1mnode[0m[1m{[0m[3mname[0m[2m=[0mk#8dcff6d1..[1m}[0m[2m:[0m [2msui_core::authority::authority_per_epoch_store[0m[2m:[0m [2mcrates/sui-core/src/authority/authority_per_epoch_store.rs[0m[2m:[0m[2m2425:[0m jwk became active [3mepoch[0m[2m=[0m1 [3mround[0m[2m=[0m5 [3mjwk[0m[2m=[0m(JwkId { iss: "https://appleid.apple.com", kid: "dMlERBaFdK" }, JWK { kty: "RSA", e: "AQAB", n: "ryLWkB74N6SJNRVBjKF6xKMfP-QW3AAsJotv0LjVtf7m4NZNg_gTL78e7O8wmvngF8FuzBrvqf1mGW17Ct8BgNK6YXxnoGL0YLmlwXbmCZvTXki0VlEW1PDXeViWy7qXaCp2caF5v4OOdPsgroxNO_DgJRTuA_izJ4DFZYHCHXwojfdWJiDYG67j5PlD5pXKGx7zaqyryjovZTEII_Z1_bhFCRUZRjfJ3TVoK0fZj2z7iAZWjn33i-V3zExUhwzEyeuGph0118NfmOLCUEy_Jd4xvLf_X4laPpe9nq8UeORfs72yz2qH7cHDKL85W6oG08Gu05JWuAs5Ay49WxJrmw", alg: "RS256" })
[2m2025-03-25T07:54:59.788208Z[0m [32m INFO[0m [1mnode[0m[1m{[0m[3mname[0m[2m=[0mk#8dcff6d1..[1m}[0m[2m:[0m [2msui_core::authority::authority_per_epoch_store[0m[2m:[0m [2mcrates/sui-core/src/authority/authority_per_epoch_store.rs[0m[2m:[0m[2m2388:[0m received jwk vote from k#8dcff6d1.. for jwk (JwkId { iss: "https://appleid.apple.com", kid: "rBRfVmqsjn" }, JWK { kty: "RSA", e: "AQAB", n: "pPOaiF5yL-y42FaKg9PYASR5-rdTK7NEiteNUAzNp0zkta-HW-tgLNLNlsft3zcrsgOLqXxhX7qzlI3JGH-wSs7_v2XNSg57QhOTxPDqtUfy5DegtiSOgwE947OBTwCWo2R6cGZD1T8ysfO2HuKheq2hEwZU4Y-8qT19WWOhZHs4CVt7A5mzpIgWuUVw766VTyqrqKev32DOUPIqFocFz3tuty95S9t_OYnaPCcET-b6DV_eT7psPhqhl5nNUm0lzkCQ53-9kxQNJxBciy0wiBcAexD4KppKRRD3evFpOSxD1R6Kg2DIG5UnbVVqn5nhZA9RH-t50f_biqV3KlSHJQ", alg: "RS256" })
[2m2025-03-25T07:54:59.788222Z[0m [32m INFO[0m [1mnode[0m[1m{[0m[3mname[0m[2m=[0mk#8dcff6d1..[1m}[0m[2m:[0m [2msui_core::authority::authority_per_epoch_store[0m[2m:[0m [2mcrates/sui-core/src/authority/authority_per_epoch_store.rs[0m[2m:[0m[2m2425:[0m jwk became active [3mepoch[0m[2m=[0m1 [3mround[0m[2m=[0m5 [3mjwk[0m[2m=[0m(JwkId { iss: "https://appleid.apple.com", kid: "rBRfVmqsjn" }, JWK { kty: "RSA", e: "AQAB", n: "pPOaiF5yL-y42FaKg9PYASR5-rdTK7NEiteNUAzNp0zkta-HW-tgLNLNlsft3zcrsgOLqXxhX7qzlI3JGH-wSs7_v2XNSg57QhOTxPDqtUfy5DegtiSOgwE947OBTwCWo2R6cGZD1T8ysfO2HuKheq2hEwZU4Y-8qT19WWOhZHs4CVt7A5mzpIgWuUVw766VTyqrqKev32DOUPIqFocFz3tuty95S9t_OYnaPCcET-b6DV_eT7psPhqhl5nNUm0lzkCQ53-9kxQNJxBciy0wiBcAexD4KppKRRD3evFpOSxD1R6Kg2DIG5UnbVVqn5nhZA9RH-t50f_biqV3KlSHJQ", alg: "RS256" })
[2m2025-03-25T07:54:59.788235Z[0m [32m INFO[0m [1mnode[0m[1m{[0m[3mname[0m[2m=[0mk#8dcff6d1..[1m}[0m[2m:[0m [2msui_core::authority::authority_per_epoch_store[0m[2m:[0m [2mcrates/sui-core/src/authority/authority_per_epoch_store.rs[0m[2m:[0m[2m2388:[0m received jwk vote from k#8dcff6d1.. for jwk (JwkId { iss: "https://accounts.fantv.world", kid: "PODsfgAn4twvCLjNt9QmEEiAcCa3Z6C10LxrDxvi3bA" }, JWK { kty: "RSA", e: "AQAB", n: "z9Y8JtahOmbujGwGCe9tT24ur_AuJqNMdWPA6TXia4EDR8iQMrw_DxY3gBDrNqM9ml2NLkO3jo-OI78fl0RbuKepUCko-E2lB0If95L1xB2pWmUpqO8Pa7IilX4oO7h_o_mpUYXoC0wEocJyIjBRWtjqMkM6LhF9tk9-zcl2tcRFkiV1gcGe7FP529jQkSjMK8Ide0T30ZdlGQ7l6b0tuRoYFjoMnGQvl-14QYmSOHvHOqaVSD09KEMmQ4CllDMXZwCBfTRSkRfCTf33qSxm6aEdQcYA2mQD6tIVINuuCOelRhf-GkgfFFUkCM61PmlNm6JXLJgtUWsofaMQ4Yzpiw", alg: "RS256" })
[2m2025-03-25T07:54:59.788254Z[0m [32m INFO[0m [1mnode[0m[1m{[0m[3mname[0m[2m=[0mk#8dcff6d1..[1m}[0m[2m:[0m [2msui_core::authority::authority_per_epoch_store[0m[2m:[0m [2mcrates/sui-core/src/authority/authority_per_epoch_store.rs[0m[2m:[0m[2m2388:[0m received jwk vote from k#8dcff6d1.. for jwk (JwkId { iss: "https://login.microsoftonline.com/v2.0", kid: "JDNa_4i4r7FgigL3sHIlI3xV-IU" }, JWK { kty: "RSA", e: "AQAB", n: "iQ745_U-vjkxPblaw6phBpe08fC42mpcrS4pcr15HiyZQyQV-BFcEVyLwPdsz3ulMRN7OB_UMfCcPBHqOjguejoab6hyJFVVMw_epP4a3SpQN9qaCbnqaSxgSGiqSq663g3TjsF_Wu1m9L41eNoF6Yvh5kULMd6lqjY0LPO5ZZxaQFLtIHahoJKMvYy1BTS0VYcNsXTjxkgUEL6Vc8GV5vaClbnY3VA2hLbXC1SGJWjVGdYXhkuck2tHr58u87MPEaQ33C6YfyISZKsdumF5bTCcIH75jjC3WbMVOLgWg5w0MSiHOFyI76Ihxbb0nRicEuao0WzO9AS7HJ7L24FHFQ", alg: "RS256" })
[2m2025-03-25T07:54:59.788268Z[0m [32m INFO[0m [1mnode[0m[1m{[0m[3mname[0m[2m=[0mk#8dcff6d1..[1m}[0m[2m:[0m [2msui_core::authority::authority_per_epoch_store[0m[2m:[0m [2mcrates/sui-core/src/authority/authority_per_epoch_store.rs[0m[2m:[0m[2m2425:[0m jwk became active [3mepoch[0m[2m=[0m1 [3mround[0m[2m=[0m5 [3mjwk[0m[2m=[0m(JwkId { iss: "https://login.microsoftonline.com/v2.0", kid: "JDNa_4i4r7FgigL3sHIlI3xV-IU" }, JWK { kty: "RSA", e: "AQAB", n: "iQ745_U-vjkxPblaw6phBpe08fC42mpcrS4pcr15HiyZQyQV-BFcEVyLwPdsz3ulMRN7OB_UMfCcPBHqOjguejoab6hyJFVVMw_epP4a3SpQN9qaCbnqaSxgSGiqSq663g3TjsF_Wu1m9L41eNoF6Yvh5kULMd6lqjY0LPO5ZZxaQFLtIHahoJKMvYy1BTS0VYcNsXTjxkgUEL6Vc8GV5vaClbnY3VA2hLbXC1SGJWjVGdYXhkuck2tHr58u87MPEaQ33C6YfyISZKsdumF5bTCcIH75jjC3WbMVOLgWg5w0MSiHOFyI76Ihxbb0nRicEuao0WzO9AS7HJ7L24FHFQ", alg: "RS256" })
[2m2025-03-25T07:54:59.788282Z[0m [32m INFO[0m [1mnode[0m[1m{[0m[3mname[0m[2m=[0mk#8dcff6d1..[1m}[0m[2m:[0m [2msui_core::authority::authority_per_epoch_store[0m[2m:[0m [2mcrates/sui-core/src/authority/authority_per_epoch_store.rs[0m[2m:[0m[2m2388:[0m received jwk vote from k#8dcff6d1.. for jwk (JwkId { iss: "https://login.microsoftonline.com/v2.0", kid: "JYhSOsHhDZrc5kfqQg8ujkHMTNY" }, JWK { kty: "RSA", e: "AQAB", n: "xxMRcusywRId_dJR_edc-qe_M3vhXONCz7QDhjVfoqHWbt9lQCXCVIsIo9VJI1nGT1F6NkXEIBt462x2p1w2cgf4AF86dGhbTpR-k81WLR5gNjkhpPqB1PCitichVIKbHAvOyYEAaJnEyCiJqIlU_Zg5L5FzRqv_N_3-fhYvWK0pc3m1Ohyd2kNRg1Nbcp5ogt7mBjec7MErfi-N0o54vXfsK6hM2m7h0sZwVd4CxgPqnpBtm2htM9xaKpnwkYoEL3va3bPI1VGGp9QLZwMV6RAHOy_ORpz4xarG-z7lZUCLO0X1So05rn7w5edBmfblUQlPL3BljbUVB3abd9SNXw", alg: "RS256" })
[2m2025-03-25T07:54:59.788297Z[0m [32m INFO[0m [1mnode[0m[1m{[0m[3mname[0m[2m=[0mk#8dcff6d1..[1m}[0m[2m:[0m [2msui_core::authority::authority_per_epoch_store[0m[2m:[0m [2mcrates/sui-core/src/authority/authority_per_epoch_store.rs[0m[2m:[0m[2m2425:[0m jwk became active [3mepoch[0m[2m=[0m1 [3mround[0m[2m=[0m5 [3mjwk[0m[2m=[0m(JwkId { iss: "https://login.microsoftonline.com/v2.0", kid: "JYhSOsHhDZrc5kfqQg8ujkHMTNY" }, JWK { kty: "RSA", e: "AQAB", n: "xxMRcusywRId_dJR_edc-qe_M3vhXONCz7QDhjVfoqHWbt9lQCXCVIsIo9VJI1nGT1F6NkXEIBt462x2p1w2cgf4AF86dGhbTpR-k81WLR5gNjkhpPqB1PCitichVIKbHAvOyYEAaJnEyCiJqIlU_Zg5L5FzRqv_N_3-fhYvWK0pc3m1Ohyd2kNRg1Nbcp5ogt7mBjec7MErfi-N0o54vXfsK6hM2m7h0sZwVd4CxgPqnpBtm2htM9xaKpnwkYoEL3va3bPI1VGGp9QLZwMV6RAHOy_ORpz4xarG-z7lZUCLO0X1So05rn7w5edBmfblUQlPL3BljbUVB3abd9SNXw", alg: "RS256" })
[2m2025-03-25T07:54:59.788314Z[0m [32m INFO[0m [1mnode[0m[1m{[0m[3mname[0m[2m=[0mk#8dcff6d1..[1m}[0m[2m:[0m [2msui_core::authority::authority_per_epoch_store[0m[2m:[0m [2mcrates/sui-core/src/authority/authority_per_epoch_store.rs[0m[2m:[0m[2m2388:[0m received jwk vote from k#8dcff6d1.. for jwk (JwkId { iss: "https://login.microsoftonline.com/v2.0", kid: "CNv0OI3RwqlHFEVnaoMAshCH2XE" }, JWK { kty: "RSA", e: "AQAB", n: "hz6fUSCSAuiyQz6L1nQj4za8kItevJzxhVbecMigTIl9pXZSHZa3gzMgtapnb1q96CG5qvR78dH6ZvTKL8MzN4VfGgZhvLEv5LJKeo0tGgBIS65wxIiJYj9ExEDqFkw9RdhW1nN8IN9eO76PbC-fdEPtDekA2BaITY2DARISKN4Ke0RLBEWNrKeEjjOzrygS2e3Q9NVzE51ZGGQAGHau7atHy8M_qA1nnd2dMUgUMnEYIMzDBTSKz17G6itJOdanGvG3wXvdpndKffnDppaPkyWbnybdMI4IP7q6WsCqnt3Gtg-baG6GDqZQQEBp9C9gLAFv4ORTRlpD3w0gCMh7xw", alg: "RS256" })
[2m2025-03-25T07:54:59.788330Z[0m [32m INFO[0m [1mnode[0m[1m{[0m[3mname[0m[2m=[0mk#8dcff6d1..[1m}[0m[2m:[0m [2msui_core::authority::authority_per_epoch_store[0m[2m:[0m [2mcrates/sui-core/src/authority/authority_per_epoch_store.rs[0m[2m:[0m[2m2425:[0m jwk became active [3mepoch[0m[2m=[0m1 [3mround[0m[2m=[0m5 [3mjwk[0m[2m=[0m(JwkId { iss: "https://login.microsoftonline.com/v2.0", kid: "CNv0OI3RwqlHFEVnaoMAshCH2XE" }, JWK { kty: "RSA", e: "AQAB", n: "hz6fUSCSAuiyQz6L1nQj4za8kItevJzxhVbecMigTIl9pXZSHZa3gzMgtapnb1q96CG5qvR78dH6ZvTKL8MzN4VfGgZhvLEv5LJKeo0tGgBIS65wxIiJYj9ExEDqFkw9RdhW1nN8IN9eO76PbC-fdEPtDekA2BaITY2DARISKN4Ke0RLBEWNrKeEjjOzrygS2e3Q9NVzE51ZGGQAGHau7atHy8M_qA1nnd2dMUgUMnEYIMzDBTSKz17G6itJOdanGvG3wXvdpndKffnDppaPkyWbnybdMI4IP7q6WsCqnt3Gtg-baG6GDqZQQEBp9C9gLAFv4ORTRlpD3w0gCMh7xw", alg: "RS256" })
[2m2025-03-25T07:54:59.788344Z[0m [32m INFO[0m [1mnode[0m[1m{[0m[3mname[0m[2m=[0mk#8dcff6d1..[1m}[0m[2m:[0m [2msui_core::authority::authority_per_epoch_store[0m[2m:[0m [2mcrates/sui-core/src/authority/authority_per_epoch_store.rs[0m[2m:[0m[2m2388:[0m received jwk vote from k#8dcff6d1.. for jwk (JwkId { iss: "https://login.microsoftonline.com/v2.0", kid: "-cgAvjmmQ24Ks20zIpDB4SW894w" }, JWK { kty: "RSA", e: "AQAB", n: "otM7AZjL81wdSVdrkQtt6shrQiAT8OZJeIKTeRJgrDYXKzaVXs0WFXVCjCv9GuCktF-tereotfZlcskamfuupe574o76CJy6AUtuY7wt0OKqxoSJMRuUJvA_NNkT50C_dTDHTtF7kiGBwWvHEkHeZAgT52E8bfNJswV28GsPscM9vG2ylUPyiaEIsGi0cg_JllbnfBjGhfA_lzmrB9Iw75E3f1Hnk2uAs1KcHJGSH3EwHJ5tUeo9WtLGjRAfH1kGtPjkktNaw3V8EukEzgIfILV8udpWYE79A_p5jFUnTNkQxsviNxG537JMooa1ZoYveDv_f6LCj1o7MNZQVlD3tw", alg: "RS256" })
[2m2025-03-25T07:54:59.788358Z[0m [32m INFO[0m [1mnode[0m[1m{[0m[3mname[0m[2m=[0mk#8dcff6d1..[1m}[0m[2m:[0m [2msui_core::authority::authority_per_epoch_store[0m[2m:[0m [2mcrates/sui-core/src/authority/authority_per_epoch_store.rs[0m[2m:[0m[2m2425:[0m jwk became active [3mepoch[0m[2m=[0m1 [3mround[0m[2m=[0m5 [3mjwk[0m[2m=[0m(JwkId { iss: "https://login.microsoftonline.com/v2.0", kid: "-cgAvjmmQ24Ks20zIpDB4SW894w" }, JWK { kty: "RSA", e: "AQAB", n: "otM7AZjL81wdSVdrkQtt6shrQiAT8OZJeIKTeRJgrDYXKzaVXs0WFXVCjCv9GuCktF-tereotfZlcskamfuupe574o76CJy6AUtuY7wt0OKqxoSJMRuUJvA_NNkT50C_dTDHTtF7kiGBwWvHEkHeZAgT52E8bfNJswV28GsPscM9vG2ylUPyiaEIsGi0cg_JllbnfBjGhfA_lzmrB9Iw75E3f1Hnk2uAs1KcHJGSH3EwHJ5tUeo9WtLGjRAfH1kGtPjkktNaw3V8EukEzgIfILV8udpWYE79A_p5jFUnTNkQxsviNxG537JMooa1ZoYveDv_f6LCj1o7MNZQVlD3tw", alg: "RS256" })
[2m2025-03-25T07:54:59.788371Z[0m [32m INFO[0m [1mnode[0m[1m{[0m[3mname[0m[2m=[0mk#8dcff6d1..[1m}[0m[2m:[0m [2msui_core::authority::authority_per_epoch_store[0m[2m:[0m [2mcrates/sui-core/src/authority/authority_per_epoch_store.rs[0m[2m:[0m[2m2388:[0m received jwk vote from k#8dcff6d1.. for jwk (JwkId { iss: "https://login.microsoftonline.com/v2.0", kid: "dd55f7QP3HZky-ekQBDWKe7ADN0" }, JWK { kty: "RSA", e: "AQAB", n: "s950MOniBjjiB82Zx5FehPuYJKtguUAP5vpMNZ6JxYLGzn5h3FPplx0kkPEezg7dnH-sFxGwq_C7P14ja0YmHUkmozqdbg4GRS8xp9Ue0-KWs4BTTkXvMPnc3xBU6be4SmHK-c7A0E54YfokiY1KTRCaq_RRPDlVZJuc6s6rK4nRoPo0eOCj7H4b--QnKmPXiFSPNp40NC7FRfx9m7SYSltubIDzq1f4j2Qlrv90f2kT5DP81_2DGdHZ_ao7ypPX2_z_m4ycQgfAhIYhNHRai6iGtbU6NPkw38LS29bVbGycVCaBoq6_re8k_UiOM7gP9l96QDFnkMmNhpRxT7t34w", alg: "RS256" })
[2m2025-03-25T07:54:59.788386Z[0m [32m INFO[0m [1mnode[0m[1m{[0m[3mname[0m[2m=[0mk#8dcff6d1..[1m}[0m[2m:[0m [2msui_core::authority::authority_per_epoch_store[0m[2m:[0m [2mcrates/sui-core/src/authority/authority_per_epoch_store.rs[0m[2m:[0m[2m2425:[0m jwk became active [3mepoch[0m[2m=[0m1 [3mround[0m[2m=[0m5 [3mjwk[0m[2m=[0m(JwkId { iss: "https://login.microsoftonline.com/v2.0", kid: "dd55f7QP3HZky-ekQBDWKe7ADN0" }, JWK { kty: "RSA", e: "AQAB", n: "s950MOniBjjiB82Zx5FehPuYJKtguUAP5vpMNZ6JxYLGzn5h3FPplx0kkPEezg7dnH-sFxGwq_C7P14ja0YmHUkmozqdbg4GRS8xp9Ue0-KWs4BTTkXvMPnc3xBU6be4SmHK-c7A0E54YfokiY1KTRCaq_RRPDlVZJuc6s6rK4nRoPo0eOCj7H4b--QnKmPXiFSPNp40NC7FRfx9m7SYSltubIDzq1f4j2Qlrv90f2kT5DP81_2DGdHZ_ao7ypPX2_z_m4ycQgfAhIYhNHRai6iGtbU6NPkw38LS29bVbGycVCaBoq6_re8k_UiOM7gP9l96QDFnkMmNhpRxT7t34w", alg: "RS256" })
[2m2025-03-25T07:54:59.788399Z[0m [32m INFO[0m [1mnode[0m[1m{[0m[3mname[0m[2m=[0mk#8dcff6d1..[1m}[0m[2m:[0m [2msui_core::authority::authority_per_epoch_store[0m[2m:[0m [2mcrates/sui-core/src/authority/authority_per_epoch_store.rs[0m[2m:[0m[2m2388:[0m received jwk vote from k#8dcff6d1.. for jwk (JwkId { iss: "https://login.microsoftonline.com/v2.0", kid: "ntzdbvo449IBJV0Yy_T--gOiPI8" }, JWK { kty: "RSA", e: "AQAB", n: "uYmKqopaxMNlFJ3QUgTM6TcWvR00WVPs4sCAl5Inr5tCIWbqC1IzVt74_eGPw9OypfM4YpEfAz5czFWgRRVcRQYNwDWSAXTSh-vkqK2meW4HQp7W33NCoz_kZ6JR-xwWJZCOtQa0RNwNTVuHTL2dyJo6DUShxVPtG6c8sV4gFCEz0moHBrf5njywV0GGkQgYe98GeCL3Mv2kx4WVf0pHkSELJfW5JN6jvD_05fY_g3LKsXqXm9u1cS39K4iULFVeeoz5jBMKl5h6w3lqSeBtzmqHpw6YVxcDu_bRUd_rqZUvTaZUgS_EfpOpOicaQN--90nzp4givQYEvWtDBtan5Q", alg: "RS256" })
[2m2025-03-25T07:54:59.788413Z[0m [32m INFO[0m [1mnode[0m[1m{[0m[3mname[0m[2m=[0mk#8dcff6d1..[1m}[0m[2m:[0m [2msui_core::authority::authority_per_epoch_store[0m[2m:[0m [2mcrates/sui-core/src/authority/authority_per_epoch_store.rs[0m[2m:[0m[2m2425:[0m jwk became active [3mepoch[0m[2m=[0m1 [3mround[0m[2m=[0m5 [3mjwk[0m[2m=[0m(JwkId { iss: "https://login.microsoftonline.com/v2.0", kid: "ntzdbvo449IBJV0Yy_T--gOiPI8" }, JWK { kty: "RSA", e: "AQAB", n: "uYmKqopaxMNlFJ3QUgTM6TcWvR00WVPs4sCAl5Inr5tCIWbqC1IzVt74_eGPw9OypfM4YpEfAz5czFWgRRVcRQYNwDWSAXTSh-vkqK2meW4HQp7W33NCoz_kZ6JR-xwWJZCOtQa0RNwNTVuHTL2dyJo6DUShxVPtG6c8sV4gFCEz0moHBrf5njywV0GGkQgYe98GeCL3Mv2kx4WVf0pHkSELJfW5JN6jvD_05fY_g3LKsXqXm9u1cS39K4iULFVeeoz5jBMKl5h6w3lqSeBtzmqHpw6YVxcDu_bRUd_rqZUvTaZUgS_EfpOpOicaQN--90nzp4givQYEvWtDBtan5Q", alg: "RS256" })
[2m2025-03-25T07:54:59.788427Z[0m [32m INFO[0m [1mnode[0m[1m{[0m[3mname[0m[2m=[0mk#8dcff6d1..[1m}[0m[2m:[0m [2msui_core::authority::authority_per_epoch_store[0m[2m:[0m [2mcrates/sui-core/src/authority/authority_per_epoch_store.rs[0m[2m:[0m[2m2388:[0m received jwk vote from k#8dcff6d1.. for jwk (JwkId { iss: "https://login.microsoftonline.com/v2.0", kid: "PDRf_Bs8CkDdi7av6hKLwRnNHmk" }, JWK { kty: "RSA", e: "AQAB", n: "v2R1eCh9xaZjAqn0FTf-DuDy3BFsJHc_lsv4K1Ycd1qnF5DwHC7mxnoTsA_dnI8BJvZsCAI7kkFjqKqXDSVYwRM05733_EPekLqLlb02-XLcOziMsOEMpXRrl1wFGHK5zmh2D4ZLsEId2Gdk1fcLzwjCg5iqQxi17DQFDoi0aWUKnkN62sSbiUvzd11eUl0N_beLZ0HYf53wk8r9P3reVhz9W7P8KwNBf7JyiLxmRP_yD9n3650iXi1qp8bZcAt9WmMZ2H6iHHhb7biXwvrJuf2id72VPvV6qkVu6jwUVW5yh6dIvCtPYEA7JNMWyBEXOjJbZ-3l3szj1GSV5m8eAQ", alg: "RS256" })
[2m2025-03-25T07:54:59.788440Z[0m [32m INFO[0m [1mnode[0m[1m{[0m[3mname[0m[2m=[0mk#8dcff6d1..[1m}[0m[2m:[0m [2msui_core::authority::authority_per_epoch_store[0m[2m:[0m [2mcrates/sui-core/src/authority/authority_per_epoch_store.rs[0m[2m:[0m[2m2425:[0m jwk became active [3mepoch[0m[2m=[0m1 [3mround[0m[2m=[0m5 [3mjwk[0m[2m=[0m(JwkId { iss: "https://login.microsoftonline.com/v2.0", kid: "PDRf_Bs8CkDdi7av6hKLwRnNHmk" }, JWK { kty: "RSA", e: "AQAB", n: "v2R1eCh9xaZjAqn0FTf-DuDy3BFsJHc_lsv4K1Ycd1qnF5DwHC7mxnoTsA_dnI8BJvZsCAI7kkFjqKqXDSVYwRM05733_EPekLqLlb02-XLcOziMsOEMpXRrl1wFGHK5zmh2D4ZLsEId2Gdk1fcLzwjCg5iqQxi17DQFDoi0aWUKnkN62sSbiUvzd11eUl0N_beLZ0HYf53wk8r9P3reVhz9W7P8KwNBf7JyiLxmRP_yD9n3650iXi1qp8bZcAt9WmMZ2H6iHHhb7biXwvrJuf2id72VPvV6qkVu6jwUVW5yh6dIvCtPYEA7JNMWyBEXOjJbZ-3l3szj1GSV5m8eAQ", alg: "RS256" })
[2m2025-03-25T07:54:59.788456Z[0m [32m INFO[0m [1mnode[0m[1m{[0m[3mname[0m[2m=[0mk#8dcff6d1..[1m}[0m[2m:[0m [2msui_core::authority::authority_per_epoch_store[0m[2m:[0m [2mcrates/sui-core/src/authority/authority_per_epoch_store.rs[0m[2m:[0m[2m2388:[0m received jwk vote from k#8dcff6d1.. for jwk (JwkId { iss: "https://cognito-idp.us-east-1.amazonaws.com/us-east-1_qPsZxYqd8", kid: "VHA/vY1d2h7X33DpZ6ZBDRfnCS/OIgiV7toCdxyEUDY=" }, JWK { kty: "RSA", e: "AQAB", n: "7nb7CxiOI5bgf80jk1WOwi6Fmo9EJzIugpl-gZehOgL4cVAmvp1ChVZMwxTRM62hIQ6Ab6k0vmLBq_jZFx6MeU4c1xTipIohOEK_5HjbesM9OuduHkujN6J7Az4ON4TyHtJOXs3-xdVbjWQwP5L2O_N334ZIb9n-hRxGRhKaQLciSNEt3TQ2ookJaa1q9UinlA0jJyIMLJXmpSdvUP_0QizT88wrenRs3PccgKBQgvtQx569yvL6YnzaRSa8pL7saNy2KqevDHkIvRfqEckduoFQTyiL5OTz6canJYaklw-OImrO1eQF2Z_TsamXKKdk9-k9WFwYx4ftDTdacDflaw", alg: "RS256" })
[2m2025-03-25T07:54:59.788470Z[0m [32m INFO[0m [1mnode[0m[1m{[0m[3mname[0m[2m=[0mk#8dcff6d1..[1m}[0m[2m:[0m [2msui_core::authority::authority_per_epoch_store[0m[2m:[0m [2mcrates/sui-core/src/authority/authority_per_epoch_store.rs[0m[2m:[0m[2m2425:[0m jwk became active [3mepoch[0m[2m=[0m1 [3mround[0m[2m=[0m5 [3mjwk[0m[2m=[0m(JwkId { iss: "https://cognito-idp.us-east-1.amazonaws.com/us-east-1_qPsZxYqd8", kid: "VHA/vY1d2h7X33DpZ6ZBDRfnCS/OIgiV7toCdxyEUDY=" }, JWK { kty: "RSA", e: "AQAB", n: "7nb7CxiOI5bgf80jk1WOwi6Fmo9EJzIugpl-gZehOgL4cVAmvp1ChVZMwxTRM62hIQ6Ab6k0vmLBq_jZFx6MeU4c1xTipIohOEK_5HjbesM9OuduHkujN6J7Az4ON4TyHtJOXs3-xdVbjWQwP5L2O_N334ZIb9n-hRxGRhKaQLciSNEt3TQ2ookJaa1q9UinlA0jJyIMLJXmpSdvUP_0QizT88wrenRs3PccgKBQgvtQx569yvL6YnzaRSa8pL7saNy2KqevDHkIvRfqEckduoFQTyiL5OTz6canJYaklw-OImrO1eQF2Z_TsamXKKdk9-k9WFwYx4ftDTdacDflaw", alg: "RS256" })
[2m2025-03-25T07:54:59.788483Z[0m [32m INFO[0m [1mnode[0m[1m{[0m[3mname[0m[2m=[0mk#8dcff6d1..[1m}[0m[2m:[0m [2msui_core::authority::authority_per_epoch_store[0m[2m:[0m [2mcrates/sui-core/src/authority/authority_per_epoch_store.rs[0m[2m:[0m[2m2388:[0m received jwk vote from k#8dcff6d1.. for jwk (JwkId { iss: "https://cognito-idp.us-east-1.amazonaws.com/us-east-1_qPsZxYqd8", kid: "lGbuLXh42ChSJwrMUEBO2npnvMzdAHqOj6DNZieDuVA=" }, JWK { kty: "RSA", e: "AQAB", n: "2e3M6UZo5G1r3eYi1h_dqng0lhNHE6bwSrnEmTMygjDaejpcjWKY9ICFtcz-lP_HEx_q67HsaM7QUIGpTEtAXqQHyxbMAcPlUwKSD8y_mZJlDDM4kI7KJQLW4M-904gDvih5FbnJc-QNkH1Z7vHwDpLOam53x8QQj7rjoXBzH0q0JVlv5PU5ZEoqCc2PIJCtxzZApXzMt0lnqw8DB55P4_czdplVkd80UhPAz1gM3ysTIQi2eblMvkUp98orOlpsp434g6mnrdgYFLOleuuwNraRTJRi0r9Dn9ToILY7Arywi5jS8M496CXJUFAB9UKXKrTa9pazlnRMiFBochRRZw", alg: "RS256" })
[2m2025-03-25T07:54:59.788499Z[0m [32m INFO[0m [1mnode[0m[1m{[0m[3mname[0m[2m=[0mk#8dcff6d1..[1m}[0m[2m:[0m [2msui_core::authority::authority_per_epoch_store[0m[2m:[0m [2mcrates/sui-core/src/authority/authority_per_epoch_store.rs[0m[2m:[0m[2m2425:[0m jwk became active [3mepoch[0m[2m=[0m1 [3mround[0m[2m=[0m5 [3mjwk[0m[2m=[0m(JwkId { iss: "https://cognito-idp.us-east-1.amazonaws.com/us-east-1_qPsZxYqd8", kid: "lGbuLXh42ChSJwrMUEBO2npnvMzdAHqOj6DNZieDuVA=" }, JWK { kty: "RSA", e: "AQAB", n: "2e3M6UZo5G1r3eYi1h_dqng0lhNHE6bwSrnEmTMygjDaejpcjWKY9ICFtcz-lP_HEx_q67HsaM7QUIGpTEtAXqQHyxbMAcPlUwKSD8y_mZJlDDM4kI7KJQLW4M-904gDvih5FbnJc-QNkH1Z7vHwDpLOam53x8QQj7rjoXBzH0q0JVlv5PU5ZEoqCc2PIJCtxzZApXzMt0lnqw8DB55P4_czdplVkd80UhPAz1gM3ysTIQi2eblMvkUp98orOlpsp434g6mnrdgYFLOleuuwNraRTJRi0r9Dn9ToILY7Arywi5jS8M496CXJUFAB9UKXKrTa9pazlnRMiFBochRRZw", alg: "RS256" })
[2m2025-03-25T07:54:59.788516Z[0m [32m INFO[0m [1mnode[0m[1m{[0m[3mname[0m[2m=[0mk#8dcff6d1..[1m}[0m[2m:[0m [2msui_core::authority::authority_per_epoch_store[0m[2m:[0m [2mcrates/sui-core/src/authority/authority_per_epoch_store.rs[0m[2m:[0m[2m2388:[0m received jwk vote from k#8dcff6d1.. for jwk (JwkId { iss: "https://accounts.karrier.one/", kid: "E760D111C1A1296E6D1D85F7EB18DDBAA0EC2B4E" }, JWK { kty: "RSA", e: "AQAB", n: "3s6cCgr0tKeYEy_MGYDZ7ByPgI0Bv-JimxiSNOytvXb6xvcxE_jjEiEkMg6R3frYXWWuM3V4DMB3WGc8ePDACM9e3ly8jEpxA90nJ1eE94a9bF5wQGtC8_oqw2DajBt6O5ZTSKFJhMQMyzKUXmqT_m1DsUHm0uNGPulMp2CmSE8xtFLlXdxl_8on4zN_4PboPgOrl65DKcw6THTuNcasffyxVeK6_HbuEDLp-Q1v8PtvW98TO2GvOK-yNLDrpgqeh0fnnUBHR2tkMaJ3nnLNdEkVfeBQlafCvwJPRrGX83POq6SC-WAoP6IOH9BXd0DwRvqgCj2uWhtk9yEamJ7Q2Q", alg: "RS256" })
[2m2025-03-25T07:54:59.788530Z[0m [32m INFO[0m [1mnode[0m[1m{[0m[3mname[0m[2m=[0mk#8dcff6d1..[1m}[0m[2m:[0m [2msui_core::authority::authority_per_epoch_store[0m[2m:[0m [2mcrates/sui-core/src/authority/authority_per_epoch_store.rs[0m[2m:[0m[2m2425:[0m jwk became active [3mepoch[0m[2m=[0m1 [3mround[0m[2m=[0m5 [3mjwk[0m[2m=[0m(JwkId { iss: "https://accounts.karrier.one/", kid: "E760D111C1A1296E6D1D85F7EB18DDBAA0EC2B4E" }, JWK { kty: "RSA", e: "AQAB", n: "3s6cCgr0tKeYEy_MGYDZ7ByPgI0Bv-JimxiSNOytvXb6xvcxE_jjEiEkMg6R3frYXWWuM3V4DMB3WGc8ePDACM9e3ly8jEpxA90nJ1eE94a9bF5wQGtC8_oqw2DajBt6O5ZTSKFJhMQMyzKUXmqT_m1DsUHm0uNGPulMp2CmSE8xtFLlXdxl_8on4zN_4PboPgOrl65DKcw6THTuNcasffyxVeK6_HbuEDLp-Q1v8PtvW98TO2GvOK-yNLDrpgqeh0fnnUBHR2tkMaJ3nnLNdEkVfeBQlafCvwJPRrGX83POq6SC-WAoP6IOH9BXd0DwRvqgCj2uWhtk9yEamJ7Q2Q", alg: "RS256" })
[2m2025-03-25T07:54:59.788543Z[0m [32m INFO[0m [1mnode[0m[1m{[0m[3mname[0m[2m=[0mk#8dcff6d1..[1m}[0m[2m:[0m [2msui_core::authority::authority_per_epoch_store[0m[2m:[0m [2mcrates/sui-core/src/authority/authority_per_epoch_store.rs[0m[2m:[0m[2m2388:[0m received jwk vote from k#8dcff6d1.. for jwk (JwkId { iss: "https://accounts.karrier.one/", kid: "B65FDCAA152E04ADE817314CF6A06F4ECABF4CFB" }, JWK { kty: "RSA", e: "AQAB", n: "ra5LGXik2tB6apOePLdwT0ID-Kevzoyy_qcvHhvGJbrY_0PVaT3yM2t_UyvNlh60QYmtIxmGE1vTfbD6moDg0y1WLZ2tMfJ56YT23LYW-quzHHpw3pcAi8EVCFiU7pB4XHHBv-0F_eS7qGQr4Y38QyWKEzg6kv4X_xpMxEpVYmRVgYu8rGXqwCHIFq1Dc3v9Op83hO2q-geeidXjosydxgb6LdOpc27Q_0gzDM2vTaI0k8fqauVGilcYw3OxeqL5jVrdSeyaq4meHrquLdGCbI_KQiS08GJ9BZ4QchfTK70lzKasCsTcW5jd2Ci7DYoPvY-FrR8zPaxHj9jjTkAW3Q", alg: "RS256" })
[2m2025-03-25T07:54:59.788557Z[0m [32m INFO[0m [1mnode[0m[1m{[0m[3mname[0m[2m=[0mk#8dcff6d1..[1m}[0m[2m:[0m [2msui_core::authority::authority_per_epoch_store[0m[2m:[0m [2mcrates/sui-core/src/authority/authority_per_epoch_store.rs[0m[2m:[0m[2m2425:[0m jwk became active [3mepoch[0m[2m=[0m1 [3mround[0m[2m=[0m5 [3mjwk[0m[2m=[0m(JwkId { iss: "https://accounts.karrier.one/", kid: "B65FDCAA152E04ADE817314CF6A06F4ECABF4CFB" }, JWK { kty: "RSA", e: "AQAB", n: "ra5LGXik2tB6apOePLdwT0ID-Kevzoyy_qcvHhvGJbrY_0PVaT3yM2t_UyvNlh60QYmtIxmGE1vTfbD6moDg0y1WLZ2tMfJ56YT23LYW-quzHHpw3pcAi8EVCFiU7pB4XHHBv-0F_eS7qGQr4Y38QyWKEzg6kv4X_xpMxEpVYmRVgYu8rGXqwCHIFq1Dc3v9Op83hO2q-geeidXjosydxgb6LdOpc27Q_0gzDM2vTaI0k8fqauVGilcYw3OxeqL5jVrdSeyaq4meHrquLdGCbI_KQiS08GJ9BZ4QchfTK70lzKasCsTcW5jd2Ci7DYoPvY-FrR8zPaxHj9jjTkAW3Q", alg: "RS256" })
[2m2025-03-25T07:54:59.788571Z[0m [32m INFO[0m [1mnode[0m[1m{[0m[3mname[0m[2m=[0mk#8dcff6d1..[1m}[0m[2m:[0m [2msui_core::authority::authority_per_epoch_store[0m[2m:[0m [2mcrates/sui-core/src/authority/authority_per_epoch_store.rs[0m[2m:[0m[2m2388:[0m received jwk vote from k#8dcff6d1.. for jwk (JwkId { iss: "https://oauth2.playtron.one", kid: "7388b63c-ba03-4fe3-85e3-6717f91d55b1" }, JWK { kty: "RSA", e: "AQAB", n: "scvmHIfIZk5ZU7_k6snu98s5rPKBDws804qpNEPyy7fkmzxDbcN-qWQJrDgNU-pvr5WvIPyu2hfFrNtBiiE3IZqqGRm2rJb8LoKz6mtxiLyRT8EQS8D8U6uiR8mkvbw-vgJ1h3l2gHDXPGN-03_DXrL8r2xDiuxdezxjiCI80r7bmpZg9i8PWtL1BQU43nM4MNDXi9Wo5ppSojFxTe8L75ZOnFeLBVxPJG9YBGhFnATIoUei7ohbw5_t9buiIfXTQ3ZwCvG3WAGFDsOIdl3PapA1T7oTlsfQp0wQa0EDeleFBu81ytNlidJNQcXz3F9OmwYbHJ4bPMYcz-x2ATLK5w", alg: "RS256" })
[2m2025-03-25T07:54:59.788592Z[0m [32m INFO[0m [1mnode[0m[1m{[0m[3mname[0m[2m=[0mk#8dcff6d1..[1m}[0m[2m:[0m [2msui_core::authority::authority_per_epoch_store[0m[2m:[0m [2mcrates/sui-core/src/authority/authority_per_epoch_store.rs[0m[2m:[0m[2m2388:[0m received jwk vote from k#8dcff6d1.. for jwk (JwkId { iss: "https://oauth2.playtron.one", kid: "e55421cb-cdbd-4791-a590-ad8ca798aa89" }, JWK { kty: "RSA", e: "AQAB", n: "vy8-EHvWmVHH5xi3BBvfalX9i6OuP9mz2wz1E72eMTf1ZHVbZ66O-vWlr2F2SNSyB_PURIb1KIqUcvpn6GW_vgs4EhflMJnmeZ0Fot4V6YsEOIzob7jkooeFNZ7dTDDHahtMyBd7pcJCv1afdQSTVZQeO0lm0swOm2whkw6hV7R2fBG3zLJsBUqe9oEwMa9cJ768KFfxFoEAUk3SQZ74JmkgOEKBSf26EcPcxAZTreSDAdh5-MI4oD1aawHfb5nl1CQxhRf4YcCp_MVoerKKX1-it0NkDn5xJsuN_Z3Dv5354j6OZVBZpDjN7ZwcQfLEnjwI8G4Zr9y2SC3g_fH1G-MIhe0LPDWF4egqMaIwkIDW0sMqPAnE_nSFN8Ag3KJ_iT6P2PAGJbna882IIczb5q9VXkB0RJlL4BwNHSE2q867EZBNGFTPrDJzHtM7sZ468Y4taMv0CyFdPlb0alFRsS_T658tdkt1lxrl_dzE0ixPBw99X5Rwz0XLv4yNs4BQ6RgHVZT5fGGRzXovlDx9F2ea0EleNn47KAFDs0wNjIl1oryar0pJMlb-pDPuVcGMt0XYNh5gOLty5LdAl_7PqwFsQc7QMWIGqjnSnzeGYvN7kknpfYl0SfJDQNNSJDI2b2oGUWw-K6-kCgQxxlEKbhztegiVmRGuqcDfvNqrpqc", alg: "RS256" })
[2m2025-03-25T07:54:59.788613Z[0m [32m INFO[0m [1mnode[0m[1m{[0m[3mname[0m[2m=[0mk#8dcff6d1..[1m}[0m[2m:[0m [2msui_core::authority::authority_per_epoch_store[0m[2m:[0m [2mcrates/sui-core/src/authority/authority_per_epoch_store.rs[0m[2m:[0m[2m2388:[0m received jwk vote from k#8dcff6d1.. for jwk (JwkId { iss: "https://oauth2.playtron.one", kid: "1fd66a18-7afd-4086-ba57-a8ca9b398406" }, JWK { kty: "RSA", e: "AQAB", n: "7XHinRSS9un2BdWsLhFOdi5N-17HMRYf4odQE4KqiPqRrp8TDE9bDekg8ERCW7Hqkgp44U07BUJwCiL5ss_9rIgV6Wy_lOwF_npGqMstZYemnZYNvpaD4ZEneoRmo94qNkYg5szBhVlvaF-IXlwB4GEQdDLJZOLafgPYL4XK2eD49Q7PU7jkNKy91k98UeK3fH9iv0L6W5nJNU1SzCR75gRcWyKSySg9RCTQyWFak8VhWW1YxwIQebvGgTsr6jYgxvcmRsSLeMhEhoIhOOkC1zQK51kBB-ZS7o2KttDHr1dn08LeHJkxSZ2guLdT_V2ISDiKxjXgVBlSvvweLgEHs7cehNU-D65uQpTxULPJW7xeITDl8rCCxbr8p8rcq-I19EV5Uj4n7RswaNDZ2YO87Yx12KzZVrO_0Tra6CvsNJ7hdI_Ykg7yMLs-dj7eKgOF5Nx1Q7Bnp1OyRKIXfUkyZkh8mjfiMt-npf1WPAgF1Iwx5H-ww1rTuFR6yyZRtEHyVxudg9XFar6cKizi75uKVGaV74GMGI2tPGL0zh_jCh8QSk68HltKdfLP8xDvHBB_crklWlr9iYuFjHzLI9KWvICvQWMtQikHE3iaf492I9SMqR0OIwSeg5TzzerVX17qkCeVbdxOK9jKeP5k2sW6mETUdrJCmlRwGN-EG_VIOrE", alg: "RS256" })
[2m2025-03-25T07:54:59.788666Z[0m [32m INFO[0m [1mnode[0m[1m{[0m[3mname[0m[2m=[0mk#8dcff6d1..[1m}[0m[2m:[0m [2msui_core::authority::authority_per_epoch_store[0m[2m:[0m [2mcrates/sui-core/src/authority/authority_per_epoch_store.rs[0m[2m:[0m[2m2388:[0m received jwk vote from k#99f25ef6.. for jwk (JwkId { iss: "https://appleid.apple.com", kid: "dMlERBaFdK" }, JWK { kty: "RSA", e: "AQAB", n: "ryLWkB74N6SJNRVBjKF6xKMfP-QW3AAsJotv0LjVtf7m4NZNg_gTL78e7O8wmvngF8FuzBrvqf1mGW17Ct8BgNK6YXxnoGL0YLmlwXbmCZvTXki0VlEW1PDXeViWy7qXaCp2caF5v4OOdPsgroxNO_DgJRTuA_izJ4DFZYHCHXwojfdWJiDYG67j5PlD5pXKGx7zaqyryjovZTEII_Z1_bhFCRUZRjfJ3TVoK0fZj2z7iAZWjn33i-V3zExUhwzEyeuGph0118NfmOLCUEy_Jd4xvLf_X4laPpe9nq8UeORfs72yz2qH7cHDKL85W6oG08Gu05JWuAs5Ay49WxJrmw", alg: "RS256" })
[2m2025-03-25T07:54:59.788686Z[0m [32m INFO[0m [1mnode[0m[1m{[0m[3mname[0m[2m=[0mk#8dcff6d1..[1m}[0m[2m:[0m [2msui_core::authority::authority_per_epoch_store[0m[2m:[0m [2mcrates/sui-core/src/authority/authority_per_epoch_store.rs[0m[2m:[0m[2m2388:[0m received jwk vote from k#99f25ef6.. for jwk (JwkId { iss: "https://appleid.apple.com", kid: "rBRfVmqsjn" }, JWK { kty: "RSA", e: "AQAB", n: "pPOaiF5yL-y42FaKg9PYASR5-rdTK7NEiteNUAzNp0zkta-HW-tgLNLNlsft3zcrsgOLqXxhX7qzlI3JGH-wSs7_v2XNSg57QhOTxPDqtUfy5DegtiSOgwE947OBTwCWo2R6cGZD1T8ysfO2HuKheq2hEwZU4Y-8qT19WWOhZHs4CVt7A5mzpIgWuUVw766VTyqrqKev32DOUPIqFocFz3tuty95S9t_OYnaPCcET-b6DV_eT7psPhqhl5nNUm0lzkCQ53-9kxQNJxBciy0wiBcAexD4KppKRRD3evFpOSxD1R6Kg2DIG5UnbVVqn5nhZA9RH-t50f_biqV3KlSHJQ", alg: "RS256" })
[2m2025-03-25T07:54:59.788705Z[0m [32m INFO[0m [1mnode[0m[1m{[0m[3mname[0m[2m=[0mk#8dcff6d1..[1m}[0m[2m:[0m [2msui_core::authority::authority_per_epoch_store[0m[2m:[0m [2mcrates/sui-core/src/authority/authority_per_epoch_store.rs[0m[2m:[0m[2m2388:[0m received jwk vote from k#99f25ef6.. for jwk (JwkId { iss: "https://appleid.apple.com", kid: "rs0M3kOV9p" }, JWK { kty: "RSA", e: "AQAB", n: "zH5so3zLsgmRypxAAYJimfF9cx3ISSyHyzjDP3yvE9ieqpnjFJhzgCP8L4oKO9vUFNpoG1ub7I3paYNY6Vb2yc4chnsjJxB3j0jomJ3iI9MlWoVecTFG2tywyx5NRhy3YfTUpw2uCLafzWrpIJIoKUCGM6iUgaIFjvfi-cGT5T_5eUSWZHN-ziH69mGcbMRGLQEixQUatwru9i4i-OSk-w-JmLOqAzRP1mVn1tcZRIoGSB2PFSSJX9SK90OX8i5sj7dpIO_2xbGMtyNJkDzGq88x1pMJ4sv6HMj-tx4QrpGDbUi7zBCgbBnNSGSB_LBv4dbswwWY96ckHgx9yf_7IQ", alg: "RS256" })
[2m2025-03-25T07:54:59.788725Z[0m [32m INFO[0m [1mnode[0m[1m{[0m[3mname[0m[2m=[0mk#8dcff6d1..[1m}[0m[2m:[0m [2msui_core::authority::authority_per_epoch_store[0m[2m:[0m [2mcrates/sui-core/src/authority/authority_per_epoch_store.rs[0m[2m:[0m[2m2388:[0m received jwk vote from k#99f25ef6.. for jwk (JwkId { iss: "https://login.microsoftonline.com/v2.0", kid: "JDNa_4i4r7FgigL3sHIlI3xV-IU" }, JWK { kty: "RSA", e: "AQAB", n: "iQ745_U-vjkxPblaw6phBpe08fC42mpcrS4pcr15HiyZQyQV-BFcEVyLwPdsz3ulMRN7OB_UMfCcPBHqOjguejoab6hyJFVVMw_epP4a3SpQN9qaCbnqaSxgSGiqSq663g3TjsF_Wu1m9L41eNoF6Yvh5kULMd6lqjY0LPO5ZZxaQFLtIHahoJKMvYy1BTS0VYcNsXTjxkgUEL6Vc8GV5vaClbnY3VA2hLbXC1SGJWjVGdYXhkuck2tHr58u87MPEaQ33C6YfyISZKsdumF5bTCcIH75jjC3WbMVOLgWg5w0MSiHOFyI76Ihxbb0nRicEuao0WzO9AS7HJ7L24FHFQ", alg: "RS256" })
[2m2025-03-25T07:54:59.788744Z[0m [32m INFO[0m [1mnode[0m[1m{[0m[3mname[0m[2m=[0mk#8dcff6d1..[1m}[0m[2m:[0m [2msui_core::authority::authority_per_epoch_store[0m[2m:[0m [2mcrates/sui-core/src/authority/authority_per_epoch_store.rs[0m[2m:[0m[2m2388:[0m received jwk vote from k#99f25ef6.. for jwk (JwkId { iss: "https://login.microsoftonline.com/v2.0", kid: "JYhSOsHhDZrc5kfqQg8ujkHMTNY" }, JWK { kty: "RSA", e: "AQAB", n: "xxMRcusywRId_dJR_edc-qe_M3vhXONCz7QDhjVfoqHWbt9lQCXCVIsIo9VJI1nGT1F6NkXEIBt462x2p1w2cgf4AF86dGhbTpR-k81WLR5gNjkhpPqB1PCitichVIKbHAvOyYEAaJnEyCiJqIlU_Zg5L5FzRqv_N_3-fhYvWK0pc3m1Ohyd2kNRg1Nbcp5ogt7mBjec7MErfi-N0o54vXfsK6hM2m7h0sZwVd4CxgPqnpBtm2htM9xaKpnwkYoEL3va3bPI1VGGp9QLZwMV6RAHOy_ORpz4xarG-z7lZUCLO0X1So05rn7w5edBmfblUQlPL3BljbUVB3abd9SNXw", alg: "RS256" })
[2m2025-03-25T07:54:59.788762Z[0m [32m INFO[0m [1mnode[0m[1m{[0m[3mname[0m[2m=[0mk#8dcff6d1..[1m}[0m[2m:[0m [2msui_core::authority::authority_per_epoch_store[0m[2m:[0m [2mcrates/sui-core/src/authority/authority_per_epoch_store.rs[0m[2m:[0m[2m2388:[0m received jwk vote from k#99f25ef6.. for jwk (JwkId { iss: "https://login.microsoftonline.com/v2.0", kid: "CNv0OI3RwqlHFEVnaoMAshCH2XE" }, JWK { kty: "RSA", e: "AQAB", n: "hz6fUSCSAuiyQz6L1nQj4za8kItevJzxhVbecMigTIl9pXZSHZa3gzMgtapnb1q96CG5qvR78dH6ZvTKL8MzN4VfGgZhvLEv5LJKeo0tGgBIS65wxIiJYj9ExEDqFkw9RdhW1nN8IN9eO76PbC-fdEPtDekA2BaITY2DARISKN4Ke0RLBEWNrKeEjjOzrygS2e3Q9NVzE51ZGGQAGHau7atHy8M_qA1nnd2dMUgUMnEYIMzDBTSKz17G6itJOdanGvG3wXvdpndKffnDppaPkyWbnybdMI4IP7q6WsCqnt3Gtg-baG6GDqZQQEBp9C9gLAFv4ORTRlpD3w0gCMh7xw", alg: "RS256" })
[2m2025-03-25T07:54:59.788781Z[0m [32m INFO[0m [1mnode[0m[1m{[0m[3mname[0m[2m=[0mk#8dcff6d1..[1m}[0m[2m:[0m [2msui_core::authority::authority_per_epoch_store[0m[2m:[0m [2mcrates/sui-core/src/authority/authority_per_epoch_store.rs[0m[2m:[0m[2m2388:[0m received jwk vote from k#99f25ef6.. for jwk (JwkId { iss: "https://login.microsoftonline.com/v2.0", kid: "PoVKeirIOvmTyLQ9G9BenBwos7k" }, JWK { kty: "RSA", e: "AQAB", n: "ruYyUq1ElSb8QCCt0XWWRSFpUq0JkyfEvvlCa4fPDi0GZbSGgJg3qYa0co2RsBIYHczXkc71kHVpktySAgYK1KMK264e-s7Vymeq-ypHEDpRsaWric_kKEIvKZzRsyUBUWf0CUhtuUvAbDTuaFnQ4g5lfoa7u3vtsv1za5Gmn6DUPirrL_-xqijP9IsHGUKaTmB4M_qnAu6vUHCpXZnN0YTJDoK7XrVJFaKj8RrTdJB89GFJeTFHA2OX472ToyLdCDn5UatYwmht62nXGlH7_G1kW1YMpeSSwzpnMEzUUk7A8UXrvFTHXEpfXhsv0LA59dm9Hi1mIXaOe1w-icA_rQ", alg: "RS256" })
[2m2025-03-25T07:54:59.788795Z[0m [32m INFO[0m [1mnode[0m[1m{[0m[3mname[0m[2m=[0mk#8dcff6d1..[1m}[0m[2m:[0m [2msui_core::authority::authority_per_epoch_store[0m[2m:[0m [2mcrates/sui-core/src/authority/authority_per_epoch_store.rs[0m[2m:[0m[2m2425:[0m jwk became active [3mepoch[0m[2m=[0m1 [3mround[0m[2m=[0m5 [3mjwk[0m[2m=[0m(JwkId { iss: "https://login.microsoftonline.com/v2.0", kid: "PoVKeirIOvmTyLQ9G9BenBwos7k" }, JWK { kty: "RSA", e: "AQAB", n: "ruYyUq1ElSb8QCCt0XWWRSFpUq0JkyfEvvlCa4fPDi0GZbSGgJg3qYa0co2RsBIYHczXkc71kHVpktySAgYK1KMK264e-s7Vymeq-ypHEDpRsaWric_kKEIvKZzRsyUBUWf0CUhtuUvAbDTuaFnQ4g5lfoa7u3vtsv1za5Gmn6DUPirrL_-xqijP9IsHGUKaTmB4M_qnAu6vUHCpXZnN0YTJDoK7XrVJFaKj8RrTdJB89GFJeTFHA2OX472ToyLdCDn5UatYwmht62nXGlH7_G1kW1YMpeSSwzpnMEzUUk7A8UXrvFTHXEpfXhsv0LA59dm9Hi1mIXaOe1w-icA_rQ", alg: "RS256" })
[2m2025-03-25T07:54:59.788811Z[0m [32m INFO[0m [1mnode[0m[1m{[0m[3mname[0m[2m=[0mk#8dcff6d1..[1m}[0m[2m:[0m [2msui_core::authority::authority_per_epoch_store[0m[2m:[0m [2mcrates/sui-core/src/authority/authority_per_epoch_store.rs[0m[2m:[0m[2m2388:[0m received jwk vote from k#99f25ef6.. for jwk (JwkId { iss: "https://login.microsoftonline.com/v2.0", kid: "-cgAvjmmQ24Ks20zIpDB4SW894w" }, JWK { kty: "RSA", e: "AQAB", n: "otM7AZjL81wdSVdrkQtt6shrQiAT8OZJeIKTeRJgrDYXKzaVXs0WFXVCjCv9GuCktF-tereotfZlcskamfuupe574o76CJy6AUtuY7wt0OKqxoSJMRuUJvA_NNkT50C_dTDHTtF7kiGBwWvHEkHeZAgT52E8bfNJswV28GsPscM9vG2ylUPyiaEIsGi0cg_JllbnfBjGhfA_lzmrB9Iw75E3f1Hnk2uAs1KcHJGSH3EwHJ5tUeo9WtLGjRAfH1kGtPjkktNaw3V8EukEzgIfILV8udpWYE79A_p5jFUnTNkQxsviNxG537JMooa1ZoYveDv_f6LCj1o7MNZQVlD3tw", alg: "RS256" })
[2m2025-03-25T07:54:59.788830Z[0m [32m INFO[0m [1mnode[0m[1m{[0m[3mname[0m[2m=[0mk#8dcff6d1..[1m}[0m[2m:[0m [2msui_core::authority::authority_per_epoch_store[0m[2m:[0m [2mcrates/sui-core/src/authority/authority_per_epoch_store.rs[0m[2m:[0m[2m2388:[0m received jwk vote from k#99f25ef6.. for jwk (JwkId { iss: "https://login.microsoftonline.com/v2.0", kid: "dd55f7QP3HZky-ekQBDWKe7ADN0" }, JWK { kty: "RSA", e: "AQAB", n: "s950MOniBjjiB82Zx5FehPuYJKtguUAP5vpMNZ6JxYLGzn5h3FPplx0kkPEezg7dnH-sFxGwq_C7P14ja0YmHUkmozqdbg4GRS8xp9Ue0-KWs4BTTkXvMPnc3xBU6be4SmHK-c7A0E54YfokiY1KTRCaq_RRPDlVZJuc6s6rK4nRoPo0eOCj7H4b--QnKmPXiFSPNp40NC7FRfx9m7SYSltubIDzq1f4j2Qlrv90f2kT5DP81_2DGdHZ_ao7ypPX2_z_m4ycQgfAhIYhNHRai6iGtbU6NPkw38LS29bVbGycVCaBoq6_re8k_UiOM7gP9l96QDFnkMmNhpRxT7t34w", alg: "RS256" })
[2m2025-03-25T07:54:59.788849Z[0m [32m INFO[0m [1mnode[0m[1m{[0m[3mname[0m[2m=[0mk#8dcff6d1..[1m}[0m[2m:[0m [2msui_core::authority::authority_per_epoch_store[0m[2m:[0m [2mcrates/sui-core/src/authority/authority_per_epoch_store.rs[0m[2m:[0m[2m2388:[0m received jwk vote from k#99f25ef6.. for jwk (JwkId { iss: "https://login.microsoftonline.com/v2.0", kid: "ntzdbvo449IBJV0Yy_T--gOiPI8" }, JWK { kty: "RSA", e: "AQAB", n: "uYmKqopaxMNlFJ3QUgTM6TcWvR00WVPs4sCAl5Inr5tCIWbqC1IzVt74_eGPw9OypfM4YpEfAz5czFWgRRVcRQYNwDWSAXTSh-vkqK2meW4HQp7W33NCoz_kZ6JR-xwWJZCOtQa0RNwNTVuHTL2dyJo6DUShxVPtG6c8sV4gFCEz0moHBrf5njywV0GGkQgYe98GeCL3Mv2kx4WVf0pHkSELJfW5JN6jvD_05fY_g3LKsXqXm9u1cS39K4iULFVeeoz5jBMKl5h6w3lqSeBtzmqHpw6YVxcDu_bRUd_rqZUvTaZUgS_EfpOpOicaQN--90nzp4givQYEvWtDBtan5Q", alg: "RS256" })
[2m2025-03-25T07:54:59.788868Z[0m [32m INFO[0m [1mnode[0m[1m{[0m[3mname[0m[2m=[0mk#8dcff6d1..[1m}[0m[2m:[0m [2msui_core::authority::authority_per_epoch_store[0m[2m:[0m [2mcrates/sui-core/src/authority/authority_per_epoch_store.rs[0m[2m:[0m[2m2388:[0m received jwk vote from k#99f25ef6.. for jwk (JwkId { iss: "https://login.microsoftonline.com/v2.0", kid: "PDRf_Bs8CkDdi7av6hKLwRnNHmk" }, JWK { kty: "RSA", e: "AQAB", n: "v2R1eCh9xaZjAqn0FTf-DuDy3BFsJHc_lsv4K1Ycd1qnF5DwHC7mxnoTsA_dnI8BJvZsCAI7kkFjqKqXDSVYwRM05733_EPekLqLlb02-XLcOziMsOEMpXRrl1wFGHK5zmh2D4ZLsEId2Gdk1fcLzwjCg5iqQxi17DQFDoi0aWUKnkN62sSbiUvzd11eUl0N_beLZ0HYf53wk8r9P3reVhz9W7P8KwNBf7JyiLxmRP_yD9n3650iXi1qp8bZcAt9WmMZ2H6iHHhb7biXwvrJuf2id72VPvV6qkVu6jwUVW5yh6dIvCtPYEA7JNMWyBEXOjJbZ-3l3szj1GSV5m8eAQ", alg: "RS256" })
[2m2025-03-25T07:54:59.788931Z[0m [32m INFO[0m [1mnode[0m[1m{[0m[3mname[0m[2m=[0mk#8dcff6d1..[1m}[0m[2m:[0m [2msui_core::authority::authority_per_epoch_store[0m[2m:[0m [2mcrates/sui-core/src/authority/authority_per_epoch_store.rs[0m[2m:[0m[2m2388:[0m received jwk vote from k#addeef94.. for jwk (JwkId { iss: "https://oauth2.playtron.one", kid: "1fd66a18-7afd-4086-ba57-a8ca9b398406" }, JWK { kty: "RSA", e: "AQAB", n: "7XHinRSS9un2BdWsLhFOdi5N-17HMRYf4odQE4KqiPqRrp8TDE9bDekg8ERCW7Hqkgp44U07BUJwCiL5ss_9rIgV6Wy_lOwF_npGqMstZYemnZYNvpaD4ZEneoRmo94qNkYg5szBhVlvaF-IXlwB4GEQdDLJZOLafgPYL4XK2eD49Q7PU7jkNKy91k98UeK3fH9iv0L6W5nJNU1SzCR75gRcWyKSySg9RCTQyWFak8VhWW1YxwIQebvGgTsr6jYgxvcmRsSLeMhEhoIhOOkC1zQK51kBB-ZS7o2KttDHr1dn08LeHJkxSZ2guLdT_V2ISDiKxjXgVBlSvvweLgEHs7cehNU-D65uQpTxULPJW7xeITDl8rCCxbr8p8rcq-I19EV5Uj4n7RswaNDZ2YO87Yx12KzZVrO_0Tra6CvsNJ7hdI_Ykg7yMLs-dj7eKgOF5Nx1Q7Bnp1OyRKIXfUkyZkh8mjfiMt-npf1WPAgF1Iwx5H-ww1rTuFR6yyZRtEHyVxudg9XFar6cKizi75uKVGaV74GMGI2tPGL0zh_jCh8QSk68HltKdfLP8xDvHBB_crklWlr9iYuFjHzLI9KWvICvQWMtQikHE3iaf492I9SMqR0OIwSeg5TzzerVX17qkCeVbdxOK9jKeP5k2sW6mETUdrJCmlRwGN-EG_VIOrE", alg: "RS256" })
[2m2025-03-25T07:54:59.788947Z[0m [32m INFO[0m [1mnode[0m[1m{[0m[3mname[0m[2m=[0mk#8dcff6d1..[1m}[0m[2m:[0m [2msui_core::authority::authority_per_epoch_store[0m[2m:[0m [2mcrates/sui-core/src/authority/authority_per_epoch_store.rs[0m[2m:[0m[2m2425:[0m jwk became active [3mepoch[0m[2m=[0m1 [3mround[0m[2m=[0m5 [3mjwk[0m[2m=[0m(JwkId { iss: "https://oauth2.playtron.one", kid: "1fd66a18-7afd-4086-ba57-a8ca9b398406" }, JWK { kty: "RSA", e: "AQAB", n: "7XHinRSS9un2BdWsLhFOdi5N-17HMRYf4odQE4KqiPqRrp8TDE9bDekg8ERCW7Hqkgp44U07BUJwCiL5ss_9rIgV6Wy_lOwF_npGqMstZYemnZYNvpaD4ZEneoRmo94qNkYg5szBhVlvaF-IXlwB4GEQdDLJZOLafgPYL4XK2eD49Q7PU7jkNKy91k98UeK3fH9iv0L6W5nJNU1SzCR75gRcWyKSySg9RCTQyWFak8VhWW1YxwIQebvGgTsr6jYgxvcmRsSLeMhEhoIhOOkC1zQK51kBB-ZS7o2KttDHr1dn08LeHJkxSZ2guLdT_V2ISDiKxjXgVBlSvvweLgEHs7cehNU-D65uQpTxULPJW7xeITDl8rCCxbr8p8rcq-I19EV5Uj4n7RswaNDZ2YO87Yx12KzZVrO_0Tra6CvsNJ7hdI_Ykg7yMLs-dj7eKgOF5Nx1Q7Bnp1OyRKIXfUkyZkh8mjfiMt-npf1WPAgF1Iwx5H-ww1rTuFR6yyZRtEHyVxudg9XFar6cKizi75uKVGaV74GMGI2tPGL0zh_jCh8QSk68HltKdfLP8xDvHBB_crklWlr9iYuFjHzLI9KWvICvQWMtQikHE3iaf492I9SMqR0OIwSeg5TzzerVX17qkCeVbdxOK9jKeP5k2sW6mETUdrJCmlRwGN-EG_VIOrE", alg: "RS256" })
[2m2025-03-25T07:54:59.788962Z[0m [32m INFO[0m [1mnode[0m[1m{[0m[3mname[0m[2m=[0mk#8dcff6d1..[1m}[0m[2m:[0m [2msui_core::authority::authority_per_epoch_store[0m[2m:[0m [2mcrates/sui-core/src/authority/authority_per_epoch_store.rs[0m[2m:[0m[2m2388:[0m received jwk vote from k#addeef94.. for jwk (JwkId { iss: "https://oauth2.playtron.one", kid: "7388b63c-ba03-4fe3-85e3-6717f91d55b1" }, JWK { kty: "RSA", e: "AQAB", n: "scvmHIfIZk5ZU7_k6snu98s5rPKBDws804qpNEPyy7fkmzxDbcN-qWQJrDgNU-pvr5WvIPyu2hfFrNtBiiE3IZqqGRm2rJb8LoKz6mtxiLyRT8EQS8D8U6uiR8mkvbw-vgJ1h3l2gHDXPGN-03_DXrL8r2xDiuxdezxjiCI80r7bmpZg9i8PWtL1BQU43nM4MNDXi9Wo5ppSojFxTe8L75ZOnFeLBVxPJG9YBGhFnATIoUei7ohbw5_t9buiIfXTQ3ZwCvG3WAGFDsOIdl3PapA1T7oTlsfQp0wQa0EDeleFBu81ytNlidJNQcXz3F9OmwYbHJ4bPMYcz-x2ATLK5w", alg: "RS256" })
[2m2025-03-25T07:54:59.788976Z[0m [32m INFO[0m [1mnode[0m[1m{[0m[3mname[0m[2m=[0mk#8dcff6d1..[1m}[0m[2m:[0m [2msui_core::authority::authority_per_epoch_store[0m[2m:[0m [2mcrates/sui-core/src/authority/authority_per_epoch_store.rs[0m[2m:[0m[2m2425:[0m jwk became active [3mepoch[0m[2m=[0m1 [3mround[0m[2m=[0m5 [3mjwk[0m[2m=[0m(JwkId { iss: "https://oauth2.playtron.one", kid: "7388b63c-ba03-4fe3-85e3-6717f91d55b1" }, JWK { kty: "RSA", e: "AQAB", n: "scvmHIfIZk5ZU7_k6snu98s5rPKBDws804qpNEPyy7fkmzxDbcN-qWQJrDgNU-pvr5WvIPyu2hfFrNtBiiE3IZqqGRm2rJb8LoKz6mtxiLyRT8EQS8D8U6uiR8mkvbw-vgJ1h3l2gHDXPGN-03_DXrL8r2xDiuxdezxjiCI80r7bmpZg9i8PWtL1BQU43nM4MNDXi9Wo5ppSojFxTe8L75ZOnFeLBVxPJG9YBGhFnATIoUei7ohbw5_t9buiIfXTQ3ZwCvG3WAGFDsOIdl3PapA1T7oTlsfQp0wQa0EDeleFBu81ytNlidJNQcXz3F9OmwYbHJ4bPMYcz-x2ATLK5w", alg: "RS256" })
[2m2025-03-25T07:54:59.788990Z[0m [32m INFO[0m [1mnode[0m[1m{[0m[3mname[0m[2m=[0mk#8dcff6d1..[1m}[0m[2m:[0m [2msui_core::authority::authority_per_epoch_store[0m[2m:[0m [2mcrates/sui-core/src/authority/authority_per_epoch_store.rs[0m[2m:[0m[2m2388:[0m received jwk vote from k#addeef94.. for jwk (JwkId { iss: "https://oauth2.playtron.one", kid: "e55421cb-cdbd-4791-a590-ad8ca798aa89" }, JWK { kty: "RSA", e: "AQAB", n: "vy8-EHvWmVHH5xi3BBvfalX9i6OuP9mz2wz1E72eMTf1ZHVbZ66O-vWlr2F2SNSyB_PURIb1KIqUcvpn6GW_vgs4EhflMJnmeZ0Fot4V6YsEOIzob7jkooeFNZ7dTDDHahtMyBd7pcJCv1afdQSTVZQeO0lm0swOm2whkw6hV7R2fBG3zLJsBUqe9oEwMa9cJ768KFfxFoEAUk3SQZ74JmkgOEKBSf26EcPcxAZTreSDAdh5-MI4oD1aawHfb5nl1CQxhRf4YcCp_MVoerKKX1-it0NkDn5xJsuN_Z3Dv5354j6OZVBZpDjN7ZwcQfLEnjwI8G4Zr9y2SC3g_fH1G-MIhe0LPDWF4egqMaIwkIDW0sMqPAnE_nSFN8Ag3KJ_iT6P2PAGJbna882IIczb5q9VXkB0RJlL4BwNHSE2q867EZBNGFTPrDJzHtM7sZ468Y4taMv0CyFdPlb0alFRsS_T658tdkt1lxrl_dzE0ixPBw99X5Rwz0XLv4yNs4BQ6RgHVZT5fGGRzXovlDx9F2ea0EleNn47KAFDs0wNjIl1oryar0pJMlb-pDPuVcGMt0XYNh5gOLty5LdAl_7PqwFsQc7QMWIGqjnSnzeGYvN7kknpfYl0SfJDQNNSJDI2b2oGUWw-K6-kCgQxxlEKbhztegiVmRGuqcDfvNqrpqc", alg: "RS256" })
[2m2025-03-25T07:54:59.789006Z[0m [32m INFO[0m [1mnode[0m[1m{[0m[3mname[0m[2m=[0mk#8dcff6d1..[1m}[0m[2m:[0m [2msui_core::authority::authority_per_epoch_store[0m[2m:[0m [2mcrates/sui-core/src/authority/authority_per_epoch_store.rs[0m[2m:[0m[2m2425:[0m jwk became active [3mepoch[0m[2m=[0m1 [3mround[0m[2m=[0m5 [3mjwk[0m[2m=[0m(JwkId { iss: "https://oauth2.playtron.one", kid: "e55421cb-cdbd-4791-a590-ad8ca798aa89" }, JWK { kty: "RSA", e: "AQAB", n: "vy8-EHvWmVHH5xi3BBvfalX9i6OuP9mz2wz1E72eMTf1ZHVbZ66O-vWlr2F2SNSyB_PURIb1KIqUcvpn6GW_vgs4EhflMJnmeZ0Fot4V6YsEOIzob7jkooeFNZ7dTDDHahtMyBd7pcJCv1afdQSTVZQeO0lm0swOm2whkw6hV7R2fBG3zLJsBUqe9oEwMa9cJ768KFfxFoEAUk3SQZ74JmkgOEKBSf26EcPcxAZTreSDAdh5-MI4oD1aawHfb5nl1CQxhRf4YcCp_MVoerKKX1-it0NkDn5xJsuN_Z3Dv5354j6OZVBZpDjN7ZwcQfLEnjwI8G4Zr9y2SC3g_fH1G-MIhe0LPDWF4egqMaIwkIDW0sMqPAnE_nSFN8Ag3KJ_iT6P2PAGJbna882IIczb5q9VXkB0RJlL4BwNHSE2q867EZBNGFTPrDJzHtM7sZ468Y4taMv0CyFdPlb0alFRsS_T658tdkt1lxrl_dzE0ixPBw99X5Rwz0XLv4yNs4BQ6RgHVZT5fGGRzXovlDx9F2ea0EleNn47KAFDs0wNjIl1oryar0pJMlb-pDPuVcGMt0XYNh5gOLty5LdAl_7PqwFsQc7QMWIGqjnSnzeGYvN7kknpfYl0SfJDQNNSJDI2b2oGUWw-K6-kCgQxxlEKbhztegiVmRGuqcDfvNqrpqc", alg: "RS256" })
[2m2025-03-25T07:54:59.789020Z[0m [32m INFO[0m [1mnode[0m[1m{[0m[3mname[0m[2m=[0mk#8dcff6d1..[1m}[0m[2m:[0m [2msui_core::authority::authority_per_epoch_store[0m[2m:[0m [2mcrates/sui-core/src/authority/authority_per_epoch_store.rs[0m[2m:[0m[2m2388:[0m received jwk vote from k#addeef94.. for jwk (JwkId { iss: "https://accounts.credenza3.com", kid: "JG6oZkIBqQdkpnCnD479zFXgMA5_I7i-aHAV0MRwvDs" }, JWK { kty: "RSA", e: "AQAB", n: "wgMHXL3avVaf-jrwvVw5bhpROsF7CnY7vzovJW4fNp_dY0abqvMga2C7fzdKNp4AFxQmXkoX_-vF7wbDRLXXmjdJ-x4YdKIA_JxsZqZKCG_k5-7UZFmHb1F3oy67uYh_xRv_H8yPSJ9TKJrAiWIBG9EFvZNy8y2pHXFDNSxTo4NzcUs_-TNhiuxWatpnduoCXWJf6I813Lxn8G9Z7Tql5fUgofW5GIygxS8zUiUZaYkLPL3_aNIFal58OzUturgiTcYrQp5WPkG56AL_Y6KNhxABjopC7WTXCeFXGXCIgb-JQpPARDaL7WL3w_w5-vR3Ra2WeQ3sddtoLtB0X234DQ", alg: "RS256" })
[2m2025-03-25T07:54:59.789039Z[0m [32m INFO[0m [1mnode[0m[1m{[0m[3mname[0m[2m=[0mk#8dcff6d1..[1m}[0m[2m:[0m [2msui_core::authority::authority_per_epoch_store[0m[2m:[0m [2mcrates/sui-core/src/authority/authority_per_epoch_store.rs[0m[2m:[0m[2m2388:[0m received jwk vote from k#addeef94.. for jwk (JwkId { iss: "https://accounts.credenza3.com", kid: "nArTrOCdn42U6zyzuZmxBIGAuYQaNyuHwUkAycsQTw8" }, JWK { kty: "RSA", e: "AQAB", n: "mb4kA1QddMUulk6AMeRekV0YEPX-x-eSx7BjbAy1qkPsGjnpwjUmGzk9jBptlCLgc1HT_qELTfpr_w5xqFcy-1ayAlg87gw86Z0IRN9ROTTE04LiHMIwH9Y8H06C_9I0H29WCMqFGlBJH9n0hYu6nPpgVkV6E-9wze10-jzi5JLqiM0tB8Ihniy2ZHGgiwG1CM--xHKkaXcFLF3d8bGlALGp1CgtiHdWeMyQ5SBzL6lmhMcnzzse0VlAIq1m94Fath217OcQcEw-VrJlyGJ8gAyi-N3O9VZAl2dykNgji9tcC1ws5IMbGyWSv5OpeHfUDN97iOcTJ4noBF7EwvIwpQ", alg: "RS256" })
[2m2025-03-25T07:54:59.790271Z[0m [32m INFO[0m [1mnode[0m[1m{[0m[3mname[0m[2m=[0mk#8dcff6d1..[1m}[0m[2m:[0m [2msui_core::checkpoints::checkpoint_executor[0m[2m:[0m [2mcrates/sui-core/src/checkpoints/checkpoint_executor/mod.rs[0m[2m:[0m[2m332:[0m Received checkpoint summary from state sync [3msequence_number[0m[2m=[0m216
[2m2025-03-25T07:54:59.792536Z[0m [32m INFO[0m [1mnode[0m[1m{[0m[3mname[0m[2m=[0mk#8dcff6d1..[1m}[0m[2m:[0m [2msui_core::state_accumulator[0m[2m:[0m [2mcrates/sui-core/src/state_accumulator.rs[0m[2m:[0m[2m675:[0m accumulating running root for checkpoint 216
[2m2025-03-25T07:54:59.794172Z[0m [32m INFO[0m [1mnode[0m[1m{[0m[3mname[0m[2m=[0mk#99f25ef6..[1m}[0m[2m:[0m [2msui_core::checkpoints::checkpoint_output[0m[2m:[0m [2mcrates/sui-core/src/checkpoints/checkpoint_output.rs[0m[2m:[0m[2m196:[0m Certified checkpoint with sequence 216 and digest Eh9QhUjeAiqodr9x1bJWkktxy3eRhcxQHMDgsd5jdG7S
[2m2025-03-25T07:54:59.794625Z[0m [32m INFO[0m [1mnode[0m[1m{[0m[3mname[0m[2m=[0mk#99f25ef6..[1m}[0m[2m:[0m [2msui_core::checkpoints::checkpoint_executor[0m[2m:[0m [2mcrates/sui-core/src/checkpoints/checkpoint_executor/mod.rs[0m[2m:[0m[2m332:[0m Received checkpoint summary from state sync [3msequence_number[0m[2m=[0m216
[2m2025-03-25T07:54:59.795273Z[0m [32m INFO[0m [1mnode[0m[1m{[0m[3mname[0m[2m=[0mk#addeef94..[1m}[0m[2m:[0m [2msui_core::checkpoints::checkpoint_executor[0m[2m:[0m [2mcrates/sui-core/src/checkpoints/checkpoint_executor/mod.rs[0m[2m:[0m[2m332:[0m Received checkpoint summary from state sync [3msequence_number[0m[2m=[0m214
[2m2025-03-25T07:54:59.795358Z[0m [32m INFO[0m [1mnode[0m[1m{[0m[3mname[0m[2m=[0mk#addeef94..[1m}[0m[2m:[0m [2msui_core::checkpoints::checkpoint_executor[0m[2m:[0m [2mcrates/sui-core/src/checkpoints/checkpoint_executor/mod.rs[0m[2m:[0m[2m332:[0m Received checkpoint summary from state sync [3msequence_number[0m[2m=[0m215
[2m2025-03-25T07:54:59.795399Z[0m [32m INFO[0m [1mnode[0m[1m{[0m[3mname[0m[2m=[0mk#addeef94..[1m}[0m[2m:[0m [2msui_core::checkpoints::checkpoint_executor[0m[2m:[0m [2mcrates/sui-core/src/checkpoints/checkpoint_executor/mod.rs[0m[2m:[0m[2m332:[0m Received checkpoint summary from state sync [3msequence_number[0m[2m=[0m216
[2m2025-03-25T07:54:59.795690Z[0m [32m INFO[0m [1mnode[0m[1m{[0m[3mname[0m[2m=[0mk#99f25ef6..[1m}[0m[2m:[0m [2msui_core::state_accumulator[0m[2m:[0m [2mcrates/sui-core/src/state_accumulator.rs[0m[2m:[0m[2m675:[0m accumulating running root for checkpoint 216
[2m2025-03-25T07:54:59.796111Z[0m [32m INFO[0m [1mnode[0m[1m{[0m[3mname[0m[2m=[0mk#addeef94..[1m}[0m[2m:[0m [2msui_core::state_accumulator[0m[2m:[0m [2mcrates/sui-core/src/state_accumulator.rs[0m[2m:[0m[2m675:[0m accumulating running root for checkpoint 216
[2m2025-03-25T07:54:59.887297Z[0m [32m INFO[0m [1mnode[0m[1m{[0m[3mname[0m[2m=[0mk#8dcff6d1..[1m}[0m[2m:[0m[1mexecution_driver[0m[1m{[0m[3mtx_digest[0m[2m=[0mTransactionDigest(H8Wfh1Rhe1RtTnMEm9WKyyYWbyT14Wy7AjbR4kbvQd7c)[1m}[0m[2m:[0m [2msui_core::authority::authority_per_epoch_store[0m[2m:[0m [2mcrates/sui-core/src/authority/authority_per_epoch_store.rs[0m[2m:[0m[2m4233:[0m Updating authenticator state: AuthenticatorStateUpdate { epoch: 1, round: 5, new_active_jwks: [ActiveJwk { jwk_id: JwkId { iss: "https://slack.com", kid: "mB2MAyKSn555isd0EbdhKx6nkyAi9xLq8rvCEb_nOyY" }, jwk: JWK { kty: "RSA", e: "AQAB", n: "zQqzXfb677bpMKw0idKC5WkVLyqk04PWMsWYJDKqMUUuu_PmzdsvXBfHU7tcZiNoHDuVvGDqjqnkLPEzjXnaZY0DDDHvJKS0JI8fkxIfV1kNy3DkpQMMhgAwnftUiSXgb5clypOmotAEm59gHPYjK9JHBWoHS14NYEYZv9NVy0EkjauyYDSTz589aiKU5lA-cePG93JnqLw8A82kfTlrJ1IIJo2isyBGANr0YzR-d3b_5EvP7ivU7Ph2v5JcEUHeiLSRzIzP3PuyVFrPH659Deh-UAsDFOyJbIcimg9ITnk5_45sb_Xcd_UN6h5I7TGOAFaJN4oi4aaGD4elNi_K1Q", alg: "RS256" }, epoch: 1 }, ActiveJwk { jwk_id: JwkId { iss: "https://oauth.sui.io", kid: "sui-key-id" }, jwk: JWK { kty: "RSA", e: "AQAB", n: "wdar6dBP7b88u6o190uXBK4yPS76OxFjiHDPwOyJwJiiAE3YRq8y_pfyQVua9nEasgrPfEBzVoC5QCld8NAC88uvbNKyoLZ6w5KlFjp88q2Sfy7nAzh3I-AnjsL6zl43NZrKep4_Nmb5nJeafcEi6B5MsYYDWW1Nn26O7ob9IWRNWcaTKhOhqDzbiN_66azN-NgaP_uHjlu1xuMV0kRt-luLSTXJS3S2n8PVNCxr3Gr2oViUpP8kSa-0i5vsg3gNtSfBY97AbChwOnyazj_PoaVD6zbEC4L5gvRZJA6vyoAWF_ZumvkwC3fxcFIBnSKMlGzS_Z-bUyQDCQy_BG9AOw", alg: "RS256" }, epoch: 1 }, ActiveJwk { jwk_id: JwkId { iss: "https://accounts.fantv.world", kid: "PODsfgAn4twvCLjNt9QmEEiAcCa3Z6C10LxrDxvi3bA" }, jwk: JWK { kty: "RSA", e: "AQAB", n: "z9Y8JtahOmbujGwGCe9tT24ur_AuJqNMdWPA6TXia4EDR8iQMrw_DxY3gBDrNqM9ml2NLkO3jo-OI78fl0RbuKepUCko-E2lB0If95L1xB2pWmUpqO8Pa7IilX4oO7h_o_mpUYXoC0wEocJyIjBRWtjqMkM6LhF9tk9-zcl2tcRFkiV1gcGe7FP529jQkSjMK8Ide0T30ZdlGQ7l6b0tuRoYFjoMnGQvl-14QYmSOHvHOqaVSD09KEMmQ4CllDMXZwCBfTRSkRfCTf33qSxm6aEdQcYA2mQD6tIVINuuCOelRhf-GkgfFFUkCM61PmlNm6JXLJgtUWsofaMQ4Yzpiw", alg: "RS256" }, epoch: 1 }, ActiveJwk { jwk_id: JwkId { iss: "https://cognito-idp.eu-west-3.amazonaws.com/eu-west-3_gGVCx53Es", kid: "FIqQqeRU1EQP75fBeds+wL2yczwvbDy1NF6T/f5Oe5o=" }, jwk: JWK { kty: "RSA", e: "AQAB", n: "va55QtSTFhvqx0IL8UAPNZf6x5NO9jK88Wyct-i67grbDJZyXLSxz5oSttoIHkaJZQWgl_qsgyxDpHeSMznliS0K7rXFwaw81PwDIB_ek8uKhXmaQ6ryPAaO-8kvR46o-EYyVk9wWPDHTtN6NEbiUxGoDqOoiVCrVJLsFdoia7-MMVJnR2VokbEgGGbJkZu2MipikQvk_b7BGF__5mKvCJc6hCEJcxIUFvETKA9AOhjgxLvE9U8Ke6XRfmDLKovDAsDaZsWP6VPN0HoBi5mak9CgUqmxwnvNJFLhpjawD9E23O_l4aBcie56eFcC_knUa2VOHymBoJ0On3p03yxs7Q", alg: "RS256" }, epoch: 1 }, ActiveJwk { jwk_id: JwkId { iss: "https://cognito-idp.eu-west-3.amazonaws.com/eu-west-3_gGVCx53Es", kid: "JbFCSYl4Xp4UYEJHo7R0iwl/Xf3F5+z72stu8iH+QxY=" }, jwk: JWK { kty: "RSA", e: "AQAB", n: "o09QloKDInGEWvXK0aZr67RnfU9l0kmTOldGF8t36ExfBWNvRsTiTfn4VdetcJlIDrmxQSSP-2toXqQ7m1t4_idKNjkb7s1FsAtWy60mAfmyeMcGhegmxxxMtWJsk2hbY_oRuTPQEUDnTfnIMUL-oDmc_HmRNzYPrbCJolIWC2r2gkJ-q6jwGEujkaeoQq3wM_NTkeBO_rrCUngIUykbbczkMF8vELGewPgwqTjd9ZTTf08kUPF9IUtT-VyF0U-I1xrQrmU9opQ209I-Dk-ehxIHWN85nlLBxu0Krb9adSx_HDEOd00wNSQgPBkvCUPpVmC10UO7hHxzGSi7czrlsw", alg: "RS256" }, epoch: 1 }, ActiveJwk { jwk_id: JwkId { iss: "https://login.onepassport.onefc.com/de3ee5c1-5644-4113-922d-e8336569a462/v2.0/", kid: "X-yzFPFMdWtJQ1oJXiGRVnn061ezrvZz596xN3mCfyQ" }, jwk: JWK { kty: "RSA", e: "AQAB", n: "t4ZoVgvyj7jKNq-ydYvgYVn5avBR9H4BQrKy2FWlR49siiMFWhxYXtPs7o4J6hhUgo00nk9pf-7rg7XnTiI7MFp2DluhWZK41YFfyGhDpbG9EImqvmy1N8poj5fid1lAjH2CfjtDyywgV84ViQ1hA5-noOrLhjb-zMZp_yKMSEeY_Ewx70jwhXevvrANKblNUFVJPQ7EI6_La-uALNBeQfu5OgPiMPiswhoQz0bhproUc7GiRxBw-9n72z3JU3HMy9mByrDnNfaZ13_Kmp9zgZYxynv5XXWJFGVHv3GZ_cDYg6OqahmrwMhT3GYTZ8JjMzZj4gH8MCCGPxde9SotKQ", alg: "RS256" }, epoch: 1 }], authenticator_obj_initial_shared_version: SequenceNumber(1) }
[2m2025-03-25T07:54:59.887812Z[0m [32m INFO[0m [1mnode[0m[1m{[0m[3mname[0m[2m=[0mk#8dcff6d1..[1m}[0m[2m:[0m [2msui_core::checkpoints[0m[2m:[0m [2mcrates/sui-core/src/checkpoints/mod.rs[0m[2m:[0m[2m1326:[0m Creating checkpoint(s) for 2 transactions [3mnext_checkpoint_seq[0m[2m=[0m217 [3mcheckpoint_timestamp[0m[2m=[0m1742889298682
[2m2025-03-25T07:54:59.888134Z[0m [32m INFO[0m [1mnode[0m[1m{[0m[3mname[0m[2m=[0mk#8dcff6d1..[1m}[0m[2m:[0m [2msui_core::checkpoints::checkpoint_output[0m[2m:[0m [2mcrates/sui-core/src/checkpoints/checkpoint_output.rs[0m[2m:[0m[2m149:[0m Creating checkpoint CheckpointDigest(9LrzR8VueVqYmJAKGwmMnACe1yNxr7xFDsTboQ4KvoaZ) at epoch 1, sequence 217, previous digest Some(CheckpointDigest(Eh9QhUjeAiqodr9x1bJWkktxy3eRhcxQHMDgsd5jdG7S)), transactions count 2, content digest CheckpointContentsDigest(Dv3VtDyBPmW83dy9Wpdv4xB69YBtqAzCMdtEvuDUFk8K), end_of_epoch_data None
[2m2025-03-25T07:54:59.950437Z[0m [32m INFO[0m [1mnode[0m[1m{[0m[3mname[0m[2m=[0mk#99f25ef6..[1m}[0m[2m:[0m [2mconsensus_core::core[0m[2m:[0m [2mconsensus/core/src/core.rs[0m[2m:[0m[2m945:[0m Included 3 ancestors & excluded 0 ancestors for proposal in round 10
[2m2025-03-25T07:54:59.950747Z[0m [32m INFO[0m [1mnode[0m[1m{[0m[3mname[0m[2m=[0mk#99f25ef6..[1m}[0m[2m:[0m [2mconsensus_core::core[0m[2m:[0m [2mconsensus/core/src/core.rs[0m[2m:[0m[2m531:[0m Created block B10(B,vaC6f/pPDF2Io0shPEEbX/FnsNH5Rdh5/YehJBANj58=)(1742889299950ms;[B9(B,dO7H6pC8KL4f4bcyqaem56oA6mHynFIycAZeRwcWQR4=), B8(A,Bo0awUWoPruylqDowlgoIYGiSq+E694OIREwR2KlOsI=), B9(C,cJPSTRUL8++Zjw98Sze+AEKK9BI3zntYC34mndBwdag=)];0t;0c) for round 10
[2m2025-03-25T07:54:59.951443Z[0m [32m INFO[0m [1mnode[0m[1m{[0m[3mname[0m[2m=[0mk#addeef94..[1m}[0m[2m:[0m [2mconsensus_core::core[0m[2m:[0m [2mconsensus/core/src/core.rs[0m[2m:[0m[2m945:[0m Included 3 ancestors & excluded 0 ancestors for proposal in round 10
[2m2025-03-25T07:54:59.951703Z[0m [32m INFO[0m [1mnode[0m[1m{[0m[3mname[0m[2m=[0mk#addeef94..[1m}[0m[2m:[0m [2mconsensus_core::core[0m[2m:[0m [2mconsensus/core/src/core.rs[0m[2m:[0m[2m531:[0m Created block B10(C,J4QIZpoeubqrRiW6ZPvjfFlIf+mrjD48oiA2KWe06iI=)(1742889299951ms;[B9(C,cJPSTRUL8++Zjw98Sze+AEKK9BI3zntYC34mndBwdag=), B8(A,Bo0awUWoPruylqDowlgoIYGiSq+E694OIREwR2KlOsI=), B9(B,dO7H6pC8KL4f4bcyqaem56oA6mHynFIycAZeRwcWQR4=)];0t;0c) for round 10
[2m2025-03-25T07:54:59.987613Z[0m [32m INFO[0m [1mnode[0m[1m{[0m[3mname[0m[2m=[0mk#8dcff6d1..[1m}[0m[2m:[0m [2msui_core::checkpoints::checkpoint_output[0m[2m:[0m [2mcrates/sui-core/src/checkpoints/checkpoint_output.rs[0m[2m:[0m[2m196:[0m Certified checkpoint with sequence 217 and digest 9LrzR8VueVqYmJAKGwmMnACe1yNxr7xFDsTboQ4KvoaZ
[2m2025-03-25T07:54:59.988111Z[0m [32m INFO[0m [1mnode[0m[1m{[0m[3mname[0m[2m=[0mk#8dcff6d1..[1m}[0m[2m:[0m [2msui_core::checkpoints::checkpoint_executor[0m[2m:[0m [2mcrates/sui-core/src/checkpoints/checkpoint_executor/mod.rs[0m[2m:[0m[2m332:[0m Received checkpoint summary from state sync [3msequence_number[0m[2m=[0m217
[2m2025-03-25T07:54:59.989733Z[0m [32m INFO[0m [1mnode[0m[1m{[0m[3mname[0m[2m=[0mk#8dcff6d1..[1m}[0m[2m:[0m [2msui_core::state_accumulator[0m[2m:[0m [2mcrates/sui-core/src/state_accumulator.rs[0m[2m:[0m[2m675:[0m accumulating running root for checkpoint 217
[2m2025-03-25T07:54:59.991674Z[0m [32m INFO[0m [1mnode[0m[1m{[0m[3mname[0m[2m=[0mk#addeef94..[1m}[0m[2m:[0m [2msui_core::checkpoints::checkpoint_executor[0m[2m:[0m [2mcrates/sui-core/src/checkpoints/checkpoint_executor/mod.rs[0m[2m:[0m[2m332:[0m Received checkpoint summary from state sync [3msequence_number[0m[2m=[0m217
[2m2025-03-25T07:54:59.991723Z[0m [32m INFO[0m [1mnode[0m[1m{[0m[3mname[0m[2m=[0mk#99f25ef6..[1m}[0m[2m:[0m [2msui_core::checkpoints::checkpoint_executor[0m[2m:[0m [2mcrates/sui-core/src/checkpoints/checkpoint_executor/mod.rs[0m[2m:[0m[2m332:[0m Received checkpoint summary from state sync [3msequence_number[0m[2m=[0m216
[2m2025-03-25T07:54:59.991805Z[0m [32m INFO[0m [1mnode[0m[1m{[0m[3mname[0m[2m=[0mk#99f25ef6..[1m}[0m[2m:[0m [2msui_core::checkpoints::checkpoint_executor[0m[2m:[0m [2mcrates/sui-core/src/checkpoints/checkpoint_executor/mod.rs[0m[2m:[0m[2m332:[0m Received checkpoint summary from state sync [3msequence_number[0m[2m=[0m217
[2m2025-03-25T07:54:59.992853Z[0m [32m INFO[0m [1mnode[0m[1m{[0m[3mname[0m[2m=[0mk#addeef94..[1m}[0m[2m:[0m [2msui_core::state_accumulator[0m[2m:[0m [2mcrates/sui-core/src/state_accumulator.rs[0m[2m:[0m[2m675:[0m accumulating running root for checkpoint 217
[2m2025-03-25T07:54:59.992879Z[0m [32m INFO[0m [1mnode[0m[1m{[0m[3mname[0m[2m=[0mk#99f25ef6..[1m}[0m[2m:[0m [2msui_core::state_accumulator[0m[2m:[0m [2mcrates/sui-core/src/state_accumulator.rs[0m[2m:[0m[2m675:[0m accumulating running root for checkpoint 217
[2m2025-03-25T07:55:00.152522Z[0m [32m INFO[0m [1mnode[0m[1m{[0m[3mname[0m[2m=[0mk#b3f3cbb4..[1m}[0m[2m:[0m [2msui_core::state_accumulator[0m[2m:[0m [2mcrates/sui-core/src/state_accumulator.rs[0m[2m:[0m[2m675:[0m accumulating running root for checkpoint 213
[2m2025-03-25T07:55:00.153254Z[0m [32m INFO[0m [2mtest_cluster[0m[2m:[0m [2mcrates/test-cluster/src/lib.rs[0m[2m:[0m[2m393:[0m received epoch 1
[2m2025-03-25T07:55:00.155909Z[0m [32m INFO[0m [1mnode[0m[1m{[0m[3mname[0m[2m=[0mk#b3f3cbb4..[1m}[0m[2m:[0m [2msui_node[0m[2m:[0m [2mcrates/sui-node/src/lib.rs[0m[2m:[0m[2m1699:[0m Finished executing all checkpoints in epoch. About to reconfigure the system. [3mnext_epoch[0m[2m=[0m1
[2m2025-03-25T07:55:00.156339Z[0m [32m INFO[0m [1mnode[0m[1m{[0m[3mname[0m[2m=[0mk#b3f3cbb4..[1m}[0m[2m:[0m[1mreconfigure[0m[2m:[0m [2msui_core::authority[0m[2m:[0m [2mcrates/sui-core/src/authority.rs[0m[2m:[0m[2m2885:[0m current protocol version is now ProtocolVersion(70)
[2m2025-03-25T07:55:00.156347Z[0m [32m INFO[0m [1mnode[0m[1m{[0m[3mname[0m[2m=[0mk#b3f3cbb4..[1m}[0m[2m:[0m[1mreconfigure[0m[2m:[0m [2msui_core::authority[0m[2m:[0m [2mcrates/sui-core/src/authority.rs[0m[2m:[0m[2m2886:[0m supported versions are: SupportedProtocolVersions { min: ProtocolVersion(1), max: ProtocolVersion(70) }
[2m2025-03-25T07:55:00.156394Z[0m [32m INFO[0m [1mnode[0m[1m{[0m[3mname[0m[2m=[0mk#b3f3cbb4..[1m}[0m[2m:[0m[1mreconfigure[0m[2m:[0m[1mrevert_uncommitted_epoch_transactions[0m[2m:[0m [2msui_core::authority[0m[2m:[0m [2mcrates/sui-core/src/authority.rs[0m[2m:[0m[2m5336:[0m Reverting 0 locally executed transactions that was not included in the epoch: {}
[2m2025-03-25T07:55:00.156405Z[0m [32m INFO[0m [1mnode[0m[1m{[0m[3mname[0m[2m=[0mk#b3f3cbb4..[1m}[0m[2m:[0m[1mreconfigure[0m[2m:[0m[1mrevert_uncommitted_epoch_transactions[0m[2m:[0m [2msui_core::authority[0m[2m:[0m [2mcrates/sui-core/src/authority.rs[0m[2m:[0m[2m5350:[0m All uncommitted local transactions reverted
[2m2025-03-25T07:55:00.156417Z[0m [32m INFO[0m [1mnode[0m[1m{[0m[3mname[0m[2m=[0mk#b3f3cbb4..[1m}[0m[2m:[0m[1mreconfigure[0m[2m:[0m [2msui_core::execution_cache::writeback_cache[0m[2m:[0m [2mcrates/sui-core/src/execution_cache/writeback_cache.rs[0m[2m:[0m[2m1121:[0m clearing state at end of epoch
[2m2025-03-25T07:55:00.156462Z[0m [32m INFO[0m [1mnode[0m[1m{[0m[3mname[0m[2m=[0mk#b3f3cbb4..[1m}[0m[2m:[0m[1mreconfigure[0m[2m:[0m [2msui_core::execution_cache::writeback_cache[0m[2m:[0m [2mcrates/sui-core/src/execution_cache/writeback_cache.rs[0m[2m:[0m[2m1127:[0m clearing old transaction locks
[2m2025-03-25T07:55:00.156468Z[0m [32m INFO[0m [1mnode[0m[1m{[0m[3mname[0m[2m=[0mk#b3f3cbb4..[1m}[0m[2m:[0m[1mreconfigure[0m[2m:[0m [2msui_core::execution_cache::object_locks[0m[2m:[0m [2mcrates/sui-core/src/execution_cache/object_locks.rs[0m[2m:[0m[2m110:[0m clearing old transaction locks
[2m2025-03-25T07:55:00.156480Z[0m [32m INFO[0m [1mnode[0m[1m{[0m[3mname[0m[2m=[0mk#b3f3cbb4..[1m}[0m[2m:[0m[1mreconfigure[0m[2m:[0m[1mcheck_system_consistency[0m[2m:[0m [2msui_core::authority[0m[2m:[0m [2mcrates/sui-core/src/authority.rs[0m[2m:[0m[2m3308:[0m Performing sui conservation consistency check for epoch 0
[2m2025-03-25T07:55:00.156489Z[0m [32m INFO[0m [1mnode[0m[1m{[0m[3mname[0m[2m=[0mk#b3f3cbb4..[1m}[0m[2m:[0m[1mreconfigure[0m[2m:[0m[1mcheck_system_consistency[0m[2m:[0m [2msui_core::authority::authority_per_epoch_store[0m[2m:[0m [2mcrates/sui-core/src/authority/authority_per_epoch_store.rs[0m[2m:[0m[2m4251:[0m Verifying that all executed transactions are in a checkpoint
[2m2025-03-25T07:55:00.156812Z[0m [32m INFO[0m [1mnode[0m[1m{[0m[3mname[0m[2m=[0mk#b3f3cbb4..[1m}[0m[2m:[0m[1mreconfigure[0m[2m:[0m[1mcheck_system_consistency[0m[2m:[0m [2msui_core::authority::authority_store[0m[2m:[0m [2mcrates/sui-core/src/authority/authority_store.rs[0m[2m:[0m[2m1618:[0m Starting BFC conservation check. This may take a while..
[2m2025-03-25T07:55:00.188553Z[0m [32m INFO[0m [1mnode[0m[1m{[0m[3mname[0m[2m=[0mk#8dcff6d1..[1m}[0m[2m:[0m [2mconsensus_core::core[0m[2m:[0m [2mconsensus/core/src/core.rs[0m[2m:[0m[2m945:[0m Included 3 ancestors & excluded 0 ancestors for proposal in round 10
[2m2025-03-25T07:55:00.188880Z[0m [32m INFO[0m [1mnode[0m[1m{[0m[3mname[0m[2m=[0mk#8dcff6d1..[1m}[0m[2m:[0m [2mconsensus_core::core[0m[2m:[0m [2mconsensus/core/src/core.rs[0m[2m:[0m[2m531:[0m Created block B10(A,sabCqkRhxO3RAlaxmqPAiltP1Be8yYkpUE9+gPH6EVM=)(1742889300188ms;[B8(A,Bo0awUWoPruylqDowlgoIYGiSq+E694OIREwR2KlOsI=), B9(B,dO7H6pC8KL4f4bcyqaem56oA6mHynFIycAZeRwcWQR4=), B9(C,cJPSTRUL8++Zjw98Sze+AEKK9BI3zntYC34mndBwdag=)];1t;0c) for round 10
[2m2025-03-25T07:55:00.204512Z[0m [32m INFO[0m [1mnode[0m[1m{[0m[3mname[0m[2m=[0mk#99f25ef6..[1m}[0m[2m:[0m [2mconsensus_core::core[0m[2m:[0m [2mconsensus/core/src/core.rs[0m[2m:[0m[2m945:[0m Included 3 ancestors & excluded 0 ancestors for proposal in round 11
[2m2025-03-25T07:55:00.204520Z[0m [32m INFO[0m [1mnode[0m[1m{[0m[3mname[0m[2m=[0mk#addeef94..[1m}[0m[2m:[0m [2mconsensus_core::core[0m[2m:[0m [2mconsensus/core/src/core.rs[0m[2m:[0m[2m945:[0m Included 3 ancestors & excluded 0 ancestors for proposal in round 11
[2m2025-03-25T07:55:00.204769Z[0m [32m INFO[0m [1mnode[0m[1m{[0m[3mname[0m[2m=[0mk#99f25ef6..[1m}[0m[2m:[0m [2mconsensus_core::core[0m[2m:[0m [2mconsensus/core/src/core.rs[0m[2m:[0m[2m531:[0m Created block B11(B,2Fpqwt9KW/VnEbsrMaH6a+HCbY5rG2+DOJ+gTlpxxd0=)(1742889300204ms;[B10(B,vaC6f/pPDF2Io0shPEEbX/FnsNH5Rdh5/YehJBANj58=), B10(A,sabCqkRhxO3RAlaxmqPAiltP1Be8yYkpUE9+gPH6EVM=), B10(C,J4QIZpoeubqrRiW6ZPvjfFlIf+mrjD48oiA2KWe06iI=)];0t;0c) for round 11
[2m2025-03-25T07:55:00.204773Z[0m [32m INFO[0m [1mnode[0m[1m{[0m[3mname[0m[2m=[0mk#addeef94..[1m}[0m[2m:[0m [2mconsensus_core::core[0m[2m:[0m [2mconsensus/core/src/core.rs[0m[2m:[0m[2m531:[0m Created block B11(C,ETgbyaOICykiG590o57We/0GwoE74FALOWXuCRX+Fnc=)(1742889300204ms;[B10(C,J4QIZpoeubqrRiW6ZPvjfFlIf+mrjD48oiA2KWe06iI=), B10(A,sabCqkRhxO3RAlaxmqPAiltP1Be8yYkpUE9+gPH6EVM=), B10(B,vaC6f/pPDF2Io0shPEEbX/FnsNH5Rdh5/YehJBANj58=)];0t;0c) for round 11
[2m2025-03-25T07:55:00.205496Z[0m [32m INFO[0m [1mnode[0m[1m{[0m[3mname[0m[2m=[0mk#addeef94..[1m}[0m[2m:[0m [2mconsensus_core::core[0m[2m:[0m [2mconsensus/core/src/core.rs[0m[2m:[0m[2m630:[0m Committing 3 leaders: B7(C,qgdg),B8(C,A9tB),B9(C,cJPS)
[2m2025-03-25T07:55:00.205515Z[0m [32m INFO[0m [1mnode[0m[1m{[0m[3mname[0m[2m=[0mk#99f25ef6..[1m}[0m[2m:[0m [2mconsensus_core::core[0m[2m:[0m [2mconsensus/core/src/core.rs[0m[2m:[0m[2m630:[0m Committing 3 leaders: B7(C,qgdg),B8(C,A9tB),B9(C,cJPS)
[2m2025-03-25T07:55:00.205653Z[0m [32m INFO[0m [1mnode[0m[1m{[0m[3mname[0m[2m=[0mk#addeef94..[1m}[0m[2m:[0m [2mconsensus_core::commit_observer[0m[2m:[0m [2mconsensus/core/src/commit_observer.rs[0m[2m:[0m[2m173:[0m Consensus commit C5(H8bz) with leader B7(C,qgdg) has 5 blocks
[2m2025-03-25T07:55:00.205659Z[0m [32m INFO[0m [1mnode[0m[1m{[0m[3mname[0m[2m=[0mk#99f25ef6..[1m}[0m[2m:[0m [2mconsensus_core::commit_observer[0m[2m:[0m [2mconsensus/core/src/commit_observer.rs[0m[2m:[0m[2m173:[0m Consensus commit C5(H8bz) with leader B7(C,qgdg) has 5 blocks
[2m2025-03-25T07:55:00.205665Z[0m [32m INFO[0m [1mnode[0m[1m{[0m[3mname[0m[2m=[0mk#addeef94..[1m}[0m[2m:[0m [2mconsensus_core::commit_observer[0m[2m:[0m [2mconsensus/core/src/commit_observer.rs[0m[2m:[0m[2m173:[0m Consensus commit C6(7Xsn) with leader B8(C,A9tB) has 3 blocks
[2m2025-03-25T07:55:00.205670Z[0m [32m INFO[0m [1mnode[0m[1m{[0m[3mname[0m[2m=[0mk#99f25ef6..[1m}[0m[2m:[0m [2mconsensus_core::commit_observer[0m[2m:[0m [2mconsensus/core/src/commit_observer.rs[0m[2m:[0m[2m173:[0m Consensus commit C6(7Xsn) with leader B8(C,A9tB) has 3 blocks
[2m2025-03-25T07:55:00.205673Z[0m [32m INFO[0m [1mnode[0m[1m{[0m[3mname[0m[2m=[0mk#addeef94..[1m}[0m[2m:[0m [2mconsensus_core::commit_observer[0m[2m:[0m [2mconsensus/core/src/commit_observer.rs[0m[2m:[0m[2m173:[0m Consensus commit C7(v+4+) with leader B9(C,cJPS) has 2 blocks
[2m2025-03-25T07:55:00.205679Z[0m [32m INFO[0m [1mnode[0m[1m{[0m[3mname[0m[2m=[0mk#99f25ef6..[1m}[0m[2m:[0m [2mconsensus_core::commit_observer[0m[2m:[0m [2mconsensus/core/src/commit_observer.rs[0m[2m:[0m[2m173:[0m Consensus commit C7(v+4+) with leader B9(C,cJPS) has 2 blocks
[2m2025-03-25T07:55:00.205756Z[0m [32m INFO[0m [1mnode[0m[1m{[0m[3mname[0m[2m=[0mk#addeef94..[1m}[0m[2m:[0m [2msui_core::consensus_handler[0m[2m:[0m [2mcrates/sui-core/src/consensus_handler.rs[0m[2m:[0m[2m232:[0m Received consensus output [3mconsensus_commit[0m[2m=[0mCommittedSubDag(leader=B7(C,qgdg), ref=C5(H8bz), blocks=[tzM8, kFzo, QCd/, 5Apf, qgdg]) [3mepoch[0m[2m=[0m1
[2m2025-03-25T07:55:00.205768Z[0m [32m INFO[0m [1mnode[0m[1m{[0m[3mname[0m[2m=[0mk#99f25ef6..[1m}[0m[2m:[0m [2msui_core::consensus_handler[0m[2m:[0m [2mcrates/sui-core/src/consensus_handler.rs[0m[2m:[0m[2m232:[0m Received consensus output [3mconsensus_commit[0m[2m=[0mCommittedSubDag(leader=B7(C,qgdg), ref=C5(H8bz), blocks=[tzM8, kFzo, QCd/, 5Apf, qgdg]) [3mepoch[0m[2m=[0m1
[2m2025-03-25T07:55:00.205871Z[0m [32m INFO[0m [1mnode[0m[1m{[0m[3mname[0m[2m=[0mk#99f25ef6..[1m}[0m[2m:[0m [2msui_core::consensus_handler[0m[2m:[0m [2mcrates/sui-core/src/consensus_handler.rs[0m[2m:[0m[2m520:[0m creating authenticator state update transaction
[2m2025-03-25T07:55:00.205871Z[0m [32m INFO[0m [1mnode[0m[1m{[0m[3mname[0m[2m=[0mk#addeef94..[1m}[0m[2m:[0m [2msui_core::consensus_handler[0m[2m:[0m [2mcrates/sui-core/src/consensus_handler.rs[0m[2m:[0m[2m520:[0m creating authenticator state update transaction
[2m2025-03-25T07:55:00.206691Z[0m [32m INFO[0m [1mnode[0m[1m{[0m[3mname[0m[2m=[0mk#99f25ef6..[1m}[0m[2m:[0m [2msui_core::authority::authority_per_epoch_store[0m[2m:[0m [2mcrates/sui-core/src/authority/authority_per_epoch_store.rs[0m[2m:[0m[2m2388:[0m received jwk vote from k#8dcff6d1.. for jwk (JwkId { iss: "https://accounts.credenza3.com", kid: "JG6oZkIBqQdkpnCnD479zFXgMA5_I7i-aHAV0MRwvDs" }, JWK { kty: "RSA", e: "AQAB", n: "wgMHXL3avVaf-jrwvVw5bhpROsF7CnY7vzovJW4fNp_dY0abqvMga2C7fzdKNp4AFxQmXkoX_-vF7wbDRLXXmjdJ-x4YdKIA_JxsZqZKCG_k5-7UZFmHb1F3oy67uYh_xRv_H8yPSJ9TKJrAiWIBG9EFvZNy8y2pHXFDNSxTo4NzcUs_-TNhiuxWatpnduoCXWJf6I813Lxn8G9Z7Tql5fUgofW5GIygxS8zUiUZaYkLPL3_aNIFal58OzUturgiTcYrQp5WPkG56AL_Y6KNhxABjopC7WTXCeFXGXCIgb-JQpPARDaL7WL3w_w5-vR3Ra2WeQ3sddtoLtB0X234DQ", alg: "RS256" })
[2m2025-03-25T07:55:00.206691Z[0m [32m INFO[0m [1mnode[0m[1m{[0m[3mname[0m[2m=[0mk#addeef94..[1m}[0m[2m:[0m [2msui_core::authority::authority_per_epoch_store[0m[2m:[0m [2mcrates/sui-core/src/authority/authority_per_epoch_store.rs[0m[2m:[0m[2m2388:[0m received jwk vote from k#8dcff6d1.. for jwk (JwkId { iss: "https://accounts.credenza3.com", kid: "JG6oZkIBqQdkpnCnD479zFXgMA5_I7i-aHAV0MRwvDs" }, JWK { kty: "RSA", e: "AQAB", n: "wgMHXL3avVaf-jrwvVw5bhpROsF7CnY7vzovJW4fNp_dY0abqvMga2C7fzdKNp4AFxQmXkoX_-vF7wbDRLXXmjdJ-x4YdKIA_JxsZqZKCG_k5-7UZFmHb1F3oy67uYh_xRv_H8yPSJ9TKJrAiWIBG9EFvZNy8y2pHXFDNSxTo4NzcUs_-TNhiuxWatpnduoCXWJf6I813Lxn8G9Z7Tql5fUgofW5GIygxS8zUiUZaYkLPL3_aNIFal58OzUturgiTcYrQp5WPkG56AL_Y6KNhxABjopC7WTXCeFXGXCIgb-JQpPARDaL7WL3w_w5-vR3Ra2WeQ3sddtoLtB0X234DQ", alg: "RS256" })
[2m2025-03-25T07:55:00.206720Z[0m [32m INFO[0m [1mnode[0m[1m{[0m[3mname[0m[2m=[0mk#99f25ef6..[1m}[0m[2m:[0m [2msui_core::authority::authority_per_epoch_store[0m[2m:[0m [2mcrates/sui-core/src/authority/authority_per_epoch_store.rs[0m[2m:[0m[2m2425:[0m jwk became active [3mepoch[0m[2m=[0m1 [3mround[0m[2m=[0m7 [3mjwk[0m[2m=[0m(JwkId { iss: "https://accounts.credenza3.com", kid: "JG6oZkIBqQdkpnCnD479zFXgMA5_I7i-aHAV0MRwvDs" }, JWK { kty: "RSA", e: "AQAB", n: "wgMHXL3avVaf-jrwvVw5bhpROsF7CnY7vzovJW4fNp_dY0abqvMga2C7fzdKNp4AFxQmXkoX_-vF7wbDRLXXmjdJ-x4YdKIA_JxsZqZKCG_k5-7UZFmHb1F3oy67uYh_xRv_H8yPSJ9TKJrAiWIBG9EFvZNy8y2pHXFDNSxTo4NzcUs_-TNhiuxWatpnduoCXWJf6I813Lxn8G9Z7Tql5fUgofW5GIygxS8zUiUZaYkLPL3_aNIFal58OzUturgiTcYrQp5WPkG56AL_Y6KNhxABjopC7WTXCeFXGXCIgb-JQpPARDaL7WL3w_w5-vR3Ra2WeQ3sddtoLtB0X234DQ", alg: "RS256" })
[2m2025-03-25T07:55:00.206720Z[0m [32m INFO[0m [1mnode[0m[1m{[0m[3mname[0m[2m=[0mk#addeef94..[1m}[0m[2m:[0m [2msui_core::authority::authority_per_epoch_store[0m[2m:[0m [2mcrates/sui-core/src/authority/authority_per_epoch_store.rs[0m[2m:[0m[2m2425:[0m jwk became active [3mepoch[0m[2m=[0m1 [3mround[0m[2m=[0m7 [3mjwk[0m[2m=[0m(JwkId { iss: "https://accounts.credenza3.com", kid: "JG6oZkIBqQdkpnCnD479zFXgMA5_I7i-aHAV0MRwvDs" }, JWK { kty: "RSA", e: "AQAB", n: "wgMHXL3avVaf-jrwvVw5bhpROsF7CnY7vzovJW4fNp_dY0abqvMga2C7fzdKNp4AFxQmXkoX_-vF7wbDRLXXmjdJ-x4YdKIA_JxsZqZKCG_k5-7UZFmHb1F3oy67uYh_xRv_H8yPSJ9TKJrAiWIBG9EFvZNy8y2pHXFDNSxTo4NzcUs_-TNhiuxWatpnduoCXWJf6I813Lxn8G9Z7Tql5fUgofW5GIygxS8zUiUZaYkLPL3_aNIFal58OzUturgiTcYrQp5WPkG56AL_Y6KNhxABjopC7WTXCeFXGXCIgb-JQpPARDaL7WL3w_w5-vR3Ra2WeQ3sddtoLtB0X234DQ", alg: "RS256" })
[2m2025-03-25T07:55:00.206739Z[0m [32m INFO[0m [1mnode[0m[1m{[0m[3mname[0m[2m=[0mk#99f25ef6..[1m}[0m[2m:[0m [2msui_core::authority::authority_per_epoch_store[0m[2m:[0m [2mcrates/sui-core/src/authority/authority_per_epoch_store.rs[0m[2m:[0m[2m2388:[0m received jwk vote from k#8dcff6d1.. for jwk (JwkId { iss: "https://accounts.credenza3.com", kid: "nArTrOCdn42U6zyzuZmxBIGAuYQaNyuHwUkAycsQTw8" }, JWK { kty: "RSA", e: "AQAB", n: "mb4kA1QddMUulk6AMeRekV0YEPX-x-eSx7BjbAy1qkPsGjnpwjUmGzk9jBptlCLgc1HT_qELTfpr_w5xqFcy-1ayAlg87gw86Z0IRN9ROTTE04LiHMIwH9Y8H06C_9I0H29WCMqFGlBJH9n0hYu6nPpgVkV6E-9wze10-jzi5JLqiM0tB8Ihniy2ZHGgiwG1CM--xHKkaXcFLF3d8bGlALGp1CgtiHdWeMyQ5SBzL6lmhMcnzzse0VlAIq1m94Fath217OcQcEw-VrJlyGJ8gAyi-N3O9VZAl2dykNgji9tcC1ws5IMbGyWSv5OpeHfUDN97iOcTJ4noBF7EwvIwpQ", alg: "RS256" })
[2m2025-03-25T07:55:00.206739Z[0m [32m INFO[0m [1mnode[0m[1m{[0m[3mname[0m[2m=[0mk#addeef94..[1m}[0m[2m:[0m [2msui_core::authority::authority_per_epoch_store[0m[2m:[0m [2mcrates/sui-core/src/authority/authority_per_epoch_store.rs[0m[2m:[0m[2m2388:[0m received jwk vote from k#8dcff6d1.. for jwk (JwkId { iss: "https://accounts.credenza3.com", kid: "nArTrOCdn42U6zyzuZmxBIGAuYQaNyuHwUkAycsQTw8" }, JWK { kty: "RSA", e: "AQAB", n: "mb4kA1QddMUulk6AMeRekV0YEPX-x-eSx7BjbAy1qkPsGjnpwjUmGzk9jBptlCLgc1HT_qELTfpr_w5xqFcy-1ayAlg87gw86Z0IRN9ROTTE04LiHMIwH9Y8H06C_9I0H29WCMqFGlBJH9n0hYu6nPpgVkV6E-9wze10-jzi5JLqiM0tB8Ihniy2ZHGgiwG1CM--xHKkaXcFLF3d8bGlALGp1CgtiHdWeMyQ5SBzL6lmhMcnzzse0VlAIq1m94Fath217OcQcEw-VrJlyGJ8gAyi-N3O9VZAl2dykNgji9tcC1ws5IMbGyWSv5OpeHfUDN97iOcTJ4noBF7EwvIwpQ", alg: "RS256" })
[2m2025-03-25T07:55:00.206757Z[0m [32m INFO[0m [1mnode[0m[1m{[0m[3mname[0m[2m=[0mk#99f25ef6..[1m}[0m[2m:[0m [2msui_core::authority::authority_per_epoch_store[0m[2m:[0m [2mcrates/sui-core/src/authority/authority_per_epoch_store.rs[0m[2m:[0m[2m2425:[0m jwk became active [3mepoch[0m[2m=[0m1 [3mround[0m[2m=[0m7 [3mjwk[0m[2m=[0m(JwkId { iss: "https://accounts.credenza3.com", kid: "nArTrOCdn42U6zyzuZmxBIGAuYQaNyuHwUkAycsQTw8" }, JWK { kty: "RSA", e: "AQAB", n: "mb4kA1QddMUulk6AMeRekV0YEPX-x-eSx7BjbAy1qkPsGjnpwjUmGzk9jBptlCLgc1HT_qELTfpr_w5xqFcy-1ayAlg87gw86Z0IRN9ROTTE04LiHMIwH9Y8H06C_9I0H29WCMqFGlBJH9n0hYu6nPpgVkV6E-9wze10-jzi5JLqiM0tB8Ihniy2ZHGgiwG1CM--xHKkaXcFLF3d8bGlALGp1CgtiHdWeMyQ5SBzL6lmhMcnzzse0VlAIq1m94Fath217OcQcEw-VrJlyGJ8gAyi-N3O9VZAl2dykNgji9tcC1ws5IMbGyWSv5OpeHfUDN97iOcTJ4noBF7EwvIwpQ", alg: "RS256" })
[2m2025-03-25T07:55:00.206757Z[0m [32m INFO[0m [1mnode[0m[1m{[0m[3mname[0m[2m=[0mk#addeef94..[1m}[0m[2m:[0m [2msui_core::authority::authority_per_epoch_store[0m[2m:[0m [2mcrates/sui-core/src/authority/authority_per_epoch_store.rs[0m[2m:[0m[2m2425:[0m jwk became active [3mepoch[0m[2m=[0m1 [3mround[0m[2m=[0m7 [3mjwk[0m[2m=[0m(JwkId { iss: "https://accounts.credenza3.com", kid: "nArTrOCdn42U6zyzuZmxBIGAuYQaNyuHwUkAycsQTw8" }, JWK { kty: "RSA", e: "AQAB", n: "mb4kA1QddMUulk6AMeRekV0YEPX-x-eSx7BjbAy1qkPsGjnpwjUmGzk9jBptlCLgc1HT_qELTfpr_w5xqFcy-1ayAlg87gw86Z0IRN9ROTTE04LiHMIwH9Y8H06C_9I0H29WCMqFGlBJH9n0hYu6nPpgVkV6E-9wze10-jzi5JLqiM0tB8Ihniy2ZHGgiwG1CM--xHKkaXcFLF3d8bGlALGp1CgtiHdWeMyQ5SBzL6lmhMcnzzse0VlAIq1m94Fath217OcQcEw-VrJlyGJ8gAyi-N3O9VZAl2dykNgji9tcC1ws5IMbGyWSv5OpeHfUDN97iOcTJ4noBF7EwvIwpQ", alg: "RS256" })
[2m2025-03-25T07:55:00.206773Z[0m [32m INFO[0m [1mnode[0m[1m{[0m[3mname[0m[2m=[0mk#addeef94..[1m}[0m[2m:[0m [2msui_core::authority::authority_per_epoch_store[0m[2m:[0m [2mcrates/sui-core/src/authority/authority_per_epoch_store.rs[0m[2m:[0m[2m2388:[0m received jwk vote from k#8dcff6d1.. for jwk (JwkId { iss: "https://auth.3dos.io", kid: "6d361dc9637a275eb585a915af26198ff0d97326ca13f4baf0e4805f72f2a9a0" }, JWK { kty: "RSA", e: "AQAB", n: "y_8hHwq7w2yE4968sbQF98iGUhnu0BwyB5khTxVPAcUnMCYdp61zYcRWml2zdY4HAfq-Nnjb_pAli6I66Vpe9IE8Gf8uGRB0oYIo2S6tYMEe0lhRaEDYVbMdQkuKxTIYMNBXSd_kCHKJM1ZUAo7uFoq_bWuzt2hRG2-79z-Ycbiw0wil0rzFHlpNBKsBLKM4GSGUwOejaL2zCiE_rjf77AvOaJLRd4I_DBYG16t8D1BkxbhkcQCmOxYGG0NqjP3z0lz-w1ALqHCNfhzczZOsgaCrbSlcTKcBTq1syAUUhQmounW7nG5clBIfPQRVH7jCoPztiJUZg6Xz1AN6V07xnw", alg: "RS256" })
[2m2025-03-25T07:55:00.206773Z[0m [32m INFO[0m [1mnode[0m[1m{[0m[3mname[0m[2m=[0mk#99f25ef6..[1m}[0m[2m:[0m [2msui_core::authority::authority_per_epoch_store[0m[2m:[0m [2mcrates/sui-core/src/authority/authority_per_epoch_store.rs[0m[2m:[0m[2m2388:[0m received jwk vote from k#8dcff6d1.. for jwk (JwkId { iss: "https://auth.3dos.io", kid: "6d361dc9637a275eb585a915af26198ff0d97326ca13f4baf0e4805f72f2a9a0" }, JWK { kty: "RSA", e: "AQAB", n: "y_8hHwq7w2yE4968sbQF98iGUhnu0BwyB5khTxVPAcUnMCYdp61zYcRWml2zdY4HAfq-Nnjb_pAli6I66Vpe9IE8Gf8uGRB0oYIo2S6tYMEe0lhRaEDYVbMdQkuKxTIYMNBXSd_kCHKJM1ZUAo7uFoq_bWuzt2hRG2-79z-Ycbiw0wil0rzFHlpNBKsBLKM4GSGUwOejaL2zCiE_rjf77AvOaJLRd4I_DBYG16t8D1BkxbhkcQCmOxYGG0NqjP3z0lz-w1ALqHCNfhzczZOsgaCrbSlcTKcBTq1syAUUhQmounW7nG5clBIfPQRVH7jCoPztiJUZg6Xz1AN6V07xnw", alg: "RS256" })
[2m2025-03-25T07:55:00.206845Z[0m [32m INFO[0m [1mnode[0m[1m{[0m[3mname[0m[2m=[0mk#addeef94..[1m}[0m[2m:[0m [2msui_core::authority::authority_per_epoch_store[0m[2m:[0m [2mcrates/sui-core/src/authority/authority_per_epoch_store.rs[0m[2m:[0m[2m2388:[0m received jwk vote from k#99f25ef6.. for jwk (JwkId { iss: "https://cognito-idp.us-east-1.amazonaws.com/us-east-1_qPsZxYqd8", kid: "VHA/vY1d2h7X33DpZ6ZBDRfnCS/OIgiV7toCdxyEUDY=" }, JWK { kty: "RSA", e: "AQAB", n: "7nb7CxiOI5bgf80jk1WOwi6Fmo9EJzIugpl-gZehOgL4cVAmvp1ChVZMwxTRM62hIQ6Ab6k0vmLBq_jZFx6MeU4c1xTipIohOEK_5HjbesM9OuduHkujN6J7Az4ON4TyHtJOXs3-xdVbjWQwP5L2O_N334ZIb9n-hRxGRhKaQLciSNEt3TQ2ookJaa1q9UinlA0jJyIMLJXmpSdvUP_0QizT88wrenRs3PccgKBQgvtQx569yvL6YnzaRSa8pL7saNy2KqevDHkIvRfqEckduoFQTyiL5OTz6canJYaklw-OImrO1eQF2Z_TsamXKKdk9-k9WFwYx4ftDTdacDflaw", alg: "RS256" })
[2m2025-03-25T07:55:00.206845Z[0m [32m INFO[0m [1mnode[0m[1m{[0m[3mname[0m[2m=[0mk#99f25ef6..[1m}[0m[2m:[0m [2msui_core::authority::authority_per_epoch_store[0m[2m:[0m [2mcrates/sui-core/src/authority/authority_per_epoch_store.rs[0m[2m:[0m[2m2388:[0m received jwk vote from k#99f25ef6.. for jwk (JwkId { iss: "https://cognito-idp.us-east-1.amazonaws.com/us-east-1_qPsZxYqd8", kid: "VHA/vY1d2h7X33DpZ6ZBDRfnCS/OIgiV7toCdxyEUDY=" }, JWK { kty: "RSA", e: "AQAB", n: "7nb7CxiOI5bgf80jk1WOwi6Fmo9EJzIugpl-gZehOgL4cVAmvp1ChVZMwxTRM62hIQ6Ab6k0vmLBq_jZFx6MeU4c1xTipIohOEK_5HjbesM9OuduHkujN6J7Az4ON4TyHtJOXs3-xdVbjWQwP5L2O_N334ZIb9n-hRxGRhKaQLciSNEt3TQ2ookJaa1q9UinlA0jJyIMLJXmpSdvUP_0QizT88wrenRs3PccgKBQgvtQx569yvL6YnzaRSa8pL7saNy2KqevDHkIvRfqEckduoFQTyiL5OTz6canJYaklw-OImrO1eQF2Z_TsamXKKdk9-k9WFwYx4ftDTdacDflaw", alg: "RS256" })
[2m2025-03-25T07:55:00.206866Z[0m [32m INFO[0m [1mnode[0m[1m{[0m[3mname[0m[2m=[0mk#99f25ef6..[1m}[0m[2m:[0m [2msui_core::authority::authority_per_epoch_store[0m[2m:[0m [2mcrates/sui-core/src/authority/authority_per_epoch_store.rs[0m[2m:[0m[2m2388:[0m received jwk vote from k#99f25ef6.. for jwk (JwkId { iss: "https://cognito-idp.us-east-1.amazonaws.com/us-east-1_qPsZxYqd8", kid: "lGbuLXh42ChSJwrMUEBO2npnvMzdAHqOj6DNZieDuVA=" }, JWK { kty: "RSA", e: "AQAB", n: "2e3M6UZo5G1r3eYi1h_dqng0lhNHE6bwSrnEmTMygjDaejpcjWKY9ICFtcz-lP_HEx_q67HsaM7QUIGpTEtAXqQHyxbMAcPlUwKSD8y_mZJlDDM4kI7KJQLW4M-904gDvih5FbnJc-QNkH1Z7vHwDpLOam53x8QQj7rjoXBzH0q0JVlv5PU5ZEoqCc2PIJCtxzZApXzMt0lnqw8DB55P4_czdplVkd80UhPAz1gM3ysTIQi2eblMvkUp98orOlpsp434g6mnrdgYFLOleuuwNraRTJRi0r9Dn9ToILY7Arywi5jS8M496CXJUFAB9UKXKrTa9pazlnRMiFBochRRZw", alg: "RS256" })
[2m2025-03-25T07:55:00.206867Z[0m [32m INFO[0m [1mnode[0m[1m{[0m[3mname[0m[2m=[0mk#addeef94..[1m}[0m[2m:[0m [2msui_core::authority::authority_per_epoch_store[0m[2m:[0m [2mcrates/sui-core/src/authority/authority_per_epoch_store.rs[0m[2m:[0m[2m2388:[0m received jwk vote from k#99f25ef6.. for jwk (JwkId { iss: "https://cognito-idp.us-east-1.amazonaws.com/us-east-1_qPsZxYqd8", kid: "lGbuLXh42ChSJwrMUEBO2npnvMzdAHqOj6DNZieDuVA=" }, JWK { kty: "RSA", e: "AQAB", n: "2e3M6UZo5G1r3eYi1h_dqng0lhNHE6bwSrnEmTMygjDaejpcjWKY9ICFtcz-lP_HEx_q67HsaM7QUIGpTEtAXqQHyxbMAcPlUwKSD8y_mZJlDDM4kI7KJQLW4M-904gDvih5FbnJc-QNkH1Z7vHwDpLOam53x8QQj7rjoXBzH0q0JVlv5PU5ZEoqCc2PIJCtxzZApXzMt0lnqw8DB55P4_czdplVkd80UhPAz1gM3ysTIQi2eblMvkUp98orOlpsp434g6mnrdgYFLOleuuwNraRTJRi0r9Dn9ToILY7Arywi5jS8M496CXJUFAB9UKXKrTa9pazlnRMiFBochRRZw", alg: "RS256" })
[2m2025-03-25T07:55:00.206887Z[0m [32m INFO[0m [1mnode[0m[1m{[0m[3mname[0m[2m=[0mk#99f25ef6..[1m}[0m[2m:[0m [2msui_core::authority::authority_per_epoch_store[0m[2m:[0m [2mcrates/sui-core/src/authority/authority_per_epoch_store.rs[0m[2m:[0m[2m2388:[0m received jwk vote from k#99f25ef6.. for jwk (JwkId { iss: "https://oauth2.playtron.one", kid: "1fd66a18-7afd-4086-ba57-a8ca9b398406" }, JWK { kty: "RSA", e: "AQAB", n: "7XHinRSS9un2BdWsLhFOdi5N-17HMRYf4odQE4KqiPqRrp8TDE9bDekg8ERCW7Hqkgp44U07BUJwCiL5ss_9rIgV6Wy_lOwF_npGqMstZYemnZYNvpaD4ZEneoRmo94qNkYg5szBhVlvaF-IXlwB4GEQdDLJZOLafgPYL4XK2eD49Q7PU7jkNKy91k98UeK3fH9iv0L6W5nJNU1SzCR75gRcWyKSySg9RCTQyWFak8VhWW1YxwIQebvGgTsr6jYgxvcmRsSLeMhEhoIhOOkC1zQK51kBB-ZS7o2KttDHr1dn08LeHJkxSZ2guLdT_V2ISDiKxjXgVBlSvvweLgEHs7cehNU-D65uQpTxULPJW7xeITDl8rCCxbr8p8rcq-I19EV5Uj4n7RswaNDZ2YO87Yx12KzZVrO_0Tra6CvsNJ7hdI_Ykg7yMLs-dj7eKgOF5Nx1Q7Bnp1OyRKIXfUkyZkh8mjfiMt-npf1WPAgF1Iwx5H-ww1rTuFR6yyZRtEHyVxudg9XFar6cKizi75uKVGaV74GMGI2tPGL0zh_jCh8QSk68HltKdfLP8xDvHBB_crklWlr9iYuFjHzLI9KWvICvQWMtQikHE3iaf492I9SMqR0OIwSeg5TzzerVX17qkCeVbdxOK9jKeP5k2sW6mETUdrJCmlRwGN-EG_VIOrE", alg: "RS256" })
[2m2025-03-25T07:55:00.206887Z[0m [32m INFO[0m [1mnode[0m[1m{[0m[3mname[0m[2m=[0mk#addeef94..[1m}[0m[2m:[0m [2msui_core::authority::authority_per_epoch_store[0m[2m:[0m [2mcrates/sui-core/src/authority/authority_per_epoch_store.rs[0m[2m:[0m[2m2388:[0m received jwk vote from k#99f25ef6.. for jwk (JwkId { iss: "https://oauth2.playtron.one", kid: "1fd66a18-7afd-4086-ba57-a8ca9b398406" }, JWK { kty: "RSA", e: "AQAB", n: "7XHinRSS9un2BdWsLhFOdi5N-17HMRYf4odQE4KqiPqRrp8TDE9bDekg8ERCW7Hqkgp44U07BUJwCiL5ss_9rIgV6Wy_lOwF_npGqMstZYemnZYNvpaD4ZEneoRmo94qNkYg5szBhVlvaF-IXlwB4GEQdDLJZOLafgPYL4XK2eD49Q7PU7jkNKy91k98UeK3fH9iv0L6W5nJNU1SzCR75gRcWyKSySg9RCTQyWFak8VhWW1YxwIQebvGgTsr6jYgxvcmRsSLeMhEhoIhOOkC1zQK51kBB-ZS7o2KttDHr1dn08LeHJkxSZ2guLdT_V2ISDiKxjXgVBlSvvweLgEHs7cehNU-D65uQpTxULPJW7xeITDl8rCCxbr8p8rcq-I19EV5Uj4n7RswaNDZ2YO87Yx12KzZVrO_0Tra6CvsNJ7hdI_Ykg7yMLs-dj7eKgOF5Nx1Q7Bnp1OyRKIXfUkyZkh8mjfiMt-npf1WPAgF1Iwx5H-ww1rTuFR6yyZRtEHyVxudg9XFar6cKizi75uKVGaV74GMGI2tPGL0zh_jCh8QSk68HltKdfLP8xDvHBB_crklWlr9iYuFjHzLI9KWvICvQWMtQikHE3iaf492I9SMqR0OIwSeg5TzzerVX17qkCeVbdxOK9jKeP5k2sW6mETUdrJCmlRwGN-EG_VIOrE", alg: "RS256" })
[2m2025-03-25T07:55:00.206908Z[0m [32m INFO[0m [1mnode[0m[1m{[0m[3mname[0m[2m=[0mk#99f25ef6..[1m}[0m[2m:[0m [2msui_core::authority::authority_per_epoch_store[0m[2m:[0m [2mcrates/sui-core/src/authority/authority_per_epoch_store.rs[0m[2m:[0m[2m2388:[0m received jwk vote from k#99f25ef6.. for jwk (JwkId { iss: "https://oauth2.playtron.one", kid: "7388b63c-ba03-4fe3-85e3-6717f91d55b1" }, JWK { kty: "RSA", e: "AQAB", n: "scvmHIfIZk5ZU7_k6snu98s5rPKBDws804qpNEPyy7fkmzxDbcN-qWQJrDgNU-pvr5WvIPyu2hfFrNtBiiE3IZqqGRm2rJb8LoKz6mtxiLyRT8EQS8D8U6uiR8mkvbw-vgJ1h3l2gHDXPGN-03_DXrL8r2xDiuxdezxjiCI80r7bmpZg9i8PWtL1BQU43nM4MNDXi9Wo5ppSojFxTe8L75ZOnFeLBVxPJG9YBGhFnATIoUei7ohbw5_t9buiIfXTQ3ZwCvG3WAGFDsOIdl3PapA1T7oTlsfQp0wQa0EDeleFBu81ytNlidJNQcXz3F9OmwYbHJ4bPMYcz-x2ATLK5w", alg: "RS256" })
[2m2025-03-25T07:55:00.206909Z[0m [32m INFO[0m [1mnode[0m[1m{[0m[3mname[0m[2m=[0mk#addeef94..[1m}[0m[2m:[0m [2msui_core::authority::authority_per_epoch_store[0m[2m:[0m [2mcrates/sui-core/src/authority/authority_per_epoch_store.rs[0m[2m:[0m[2m2388:[0m received jwk vote from k#99f25ef6.. for jwk (JwkId { iss: "https://oauth2.playtron.one", kid: "7388b63c-ba03-4fe3-85e3-6717f91d55b1" }, JWK { kty: "RSA", e: "AQAB", n: "scvmHIfIZk5ZU7_k6snu98s5rPKBDws804qpNEPyy7fkmzxDbcN-qWQJrDgNU-pvr5WvIPyu2hfFrNtBiiE3IZqqGRm2rJb8LoKz6mtxiLyRT8EQS8D8U6uiR8mkvbw-vgJ1h3l2gHDXPGN-03_DXrL8r2xDiuxdezxjiCI80r7bmpZg9i8PWtL1BQU43nM4MNDXi9Wo5ppSojFxTe8L75ZOnFeLBVxPJG9YBGhFnATIoUei7ohbw5_t9buiIfXTQ3ZwCvG3WAGFDsOIdl3PapA1T7oTlsfQp0wQa0EDeleFBu81ytNlidJNQcXz3F9OmwYbHJ4bPMYcz-x2ATLK5w", alg: "RS256" })
[2m2025-03-25T07:55:00.206928Z[0m [32m INFO[0m [1mnode[0m[1m{[0m[3mname[0m[2m=[0mk#99f25ef6..[1m}[0m[2m:[0m [2msui_core::authority::authority_per_epoch_store[0m[2m:[0m [2mcrates/sui-core/src/authority/authority_per_epoch_store.rs[0m[2m:[0m[2m2388:[0m received jwk vote from k#99f25ef6.. for jwk (JwkId { iss: "https://oauth2.playtron.one", kid: "e55421cb-cdbd-4791-a590-ad8ca798aa89" }, JWK { kty: "RSA", e: "AQAB", n: "vy8-EHvWmVHH5xi3BBvfalX9i6OuP9mz2wz1E72eMTf1ZHVbZ66O-vWlr2F2SNSyB_PURIb1KIqUcvpn6GW_vgs4EhflMJnmeZ0Fot4V6YsEOIzob7jkooeFNZ7dTDDHahtMyBd7pcJCv1afdQSTVZQeO0lm0swOm2whkw6hV7R2fBG3zLJsBUqe9oEwMa9cJ768KFfxFoEAUk3SQZ74JmkgOEKBSf26EcPcxAZTreSDAdh5-MI4oD1aawHfb5nl1CQxhRf4YcCp_MVoerKKX1-it0NkDn5xJsuN_Z3Dv5354j6OZVBZpDjN7ZwcQfLEnjwI8G4Zr9y2SC3g_fH1G-MIhe0LPDWF4egqMaIwkIDW0sMqPAnE_nSFN8Ag3KJ_iT6P2PAGJbna882IIczb5q9VXkB0RJlL4BwNHSE2q867EZBNGFTPrDJzHtM7sZ468Y4taMv0CyFdPlb0alFRsS_T658tdkt1lxrl_dzE0ixPBw99X5Rwz0XLv4yNs4BQ6RgHVZT5fGGRzXovlDx9F2ea0EleNn47KAFDs0wNjIl1oryar0pJMlb-pDPuVcGMt0XYNh5gOLty5LdAl_7PqwFsQc7QMWIGqjnSnzeGYvN7kknpfYl0SfJDQNNSJDI2b2oGUWw-K6-kCgQxxlEKbhztegiVmRGuqcDfvNqrpqc", alg: "RS256" })
[2m2025-03-25T07:55:00.206931Z[0m [32m INFO[0m [1mnode[0m[1m{[0m[3mname[0m[2m=[0mk#addeef94..[1m}[0m[2m:[0m [2msui_core::authority::authority_per_epoch_store[0m[2m:[0m [2mcrates/sui-core/src/authority/authority_per_epoch_store.rs[0m[2m:[0m[2m2388:[0m received jwk vote from k#99f25ef6.. for jwk (JwkId { iss: "https://oauth2.playtron.one", kid: "e55421cb-cdbd-4791-a590-ad8ca798aa89" }, JWK { kty: "RSA", e: "AQAB", n: "vy8-EHvWmVHH5xi3BBvfalX9i6OuP9mz2wz1E72eMTf1ZHVbZ66O-vWlr2F2SNSyB_PURIb1KIqUcvpn6GW_vgs4EhflMJnmeZ0Fot4V6YsEOIzob7jkooeFNZ7dTDDHahtMyBd7pcJCv1afdQSTVZQeO0lm0swOm2whkw6hV7R2fBG3zLJsBUqe9oEwMa9cJ768KFfxFoEAUk3SQZ74JmkgOEKBSf26EcPcxAZTreSDAdh5-MI4oD1aawHfb5nl1CQxhRf4YcCp_MVoerKKX1-it0NkDn5xJsuN_Z3Dv5354j6OZVBZpDjN7ZwcQfLEnjwI8G4Zr9y2SC3g_fH1G-MIhe0LPDWF4egqMaIwkIDW0sMqPAnE_nSFN8Ag3KJ_iT6P2PAGJbna882IIczb5q9VXkB0RJlL4BwNHSE2q867EZBNGFTPrDJzHtM7sZ468Y4taMv0CyFdPlb0alFRsS_T658tdkt1lxrl_dzE0ixPBw99X5Rwz0XLv4yNs4BQ6RgHVZT5fGGRzXovlDx9F2ea0EleNn47KAFDs0wNjIl1oryar0pJMlb-pDPuVcGMt0XYNh5gOLty5LdAl_7PqwFsQc7QMWIGqjnSnzeGYvN7kknpfYl0SfJDQNNSJDI2b2oGUWw-K6-kCgQxxlEKbhztegiVmRGuqcDfvNqrpqc", alg: "RS256" })
[2m2025-03-25T07:55:00.206949Z[0m [32m INFO[0m [1mnode[0m[1m{[0m[3mname[0m[2m=[0mk#99f25ef6..[1m}[0m[2m:[0m [2msui_core::authority::authority_per_epoch_store[0m[2m:[0m [2mcrates/sui-core/src/authority/authority_per_epoch_store.rs[0m[2m:[0m[2m2388:[0m received jwk vote from k#99f25ef6.. for jwk (JwkId { iss: "https://accounts.karrier.one/", kid: "E760D111C1A1296E6D1D85F7EB18DDBAA0EC2B4E" }, JWK { kty: "RSA", e: "AQAB", n: "3s6cCgr0tKeYEy_MGYDZ7ByPgI0Bv-JimxiSNOytvXb6xvcxE_jjEiEkMg6R3frYXWWuM3V4DMB3WGc8ePDACM9e3ly8jEpxA90nJ1eE94a9bF5wQGtC8_oqw2DajBt6O5ZTSKFJhMQMyzKUXmqT_m1DsUHm0uNGPulMp2CmSE8xtFLlXdxl_8on4zN_4PboPgOrl65DKcw6THTuNcasffyxVeK6_HbuEDLp-Q1v8PtvW98TO2GvOK-yNLDrpgqeh0fnnUBHR2tkMaJ3nnLNdEkVfeBQlafCvwJPRrGX83POq6SC-WAoP6IOH9BXd0DwRvqgCj2uWhtk9yEamJ7Q2Q", alg: "RS256" })
[2m2025-03-25T07:55:00.206952Z[0m [32m INFO[0m [1mnode[0m[1m{[0m[3mname[0m[2m=[0mk#addeef94..[1m}[0m[2m:[0m [2msui_core::authority::authority_per_epoch_store[0m[2m:[0m [2mcrates/sui-core/src/authority/authority_per_epoch_store.rs[0m[2m:[0m[2m2388:[0m received jwk vote from k#99f25ef6.. for jwk (JwkId { iss: "https://accounts.karrier.one/", kid: "E760D111C1A1296E6D1D85F7EB18DDBAA0EC2B4E" }, JWK { kty: "RSA", e: "AQAB", n: "3s6cCgr0tKeYEy_MGYDZ7ByPgI0Bv-JimxiSNOytvXb6xvcxE_jjEiEkMg6R3frYXWWuM3V4DMB3WGc8ePDACM9e3ly8jEpxA90nJ1eE94a9bF5wQGtC8_oqw2DajBt6O5ZTSKFJhMQMyzKUXmqT_m1DsUHm0uNGPulMp2CmSE8xtFLlXdxl_8on4zN_4PboPgOrl65DKcw6THTuNcasffyxVeK6_HbuEDLp-Q1v8PtvW98TO2GvOK-yNLDrpgqeh0fnnUBHR2tkMaJ3nnLNdEkVfeBQlafCvwJPRrGX83POq6SC-WAoP6IOH9BXd0DwRvqgCj2uWhtk9yEamJ7Q2Q", alg: "RS256" })
[2m2025-03-25T07:55:00.206972Z[0m [32m INFO[0m [1mnode[0m[1m{[0m[3mname[0m[2m=[0mk#99f25ef6..[1m}[0m[2m:[0m [2msui_core::authority::authority_per_epoch_store[0m[2m:[0m [2mcrates/sui-core/src/authority/authority_per_epoch_store.rs[0m[2m:[0m[2m2388:[0m received jwk vote from k#99f25ef6.. for jwk (JwkId { iss: "https://accounts.karrier.one/", kid: "B65FDCAA152E04ADE817314CF6A06F4ECABF4CFB" }, JWK { kty: "RSA", e: "AQAB", n: "ra5LGXik2tB6apOePLdwT0ID-Kevzoyy_qcvHhvGJbrY_0PVaT3yM2t_UyvNlh60QYmtIxmGE1vTfbD6moDg0y1WLZ2tMfJ56YT23LYW-quzHHpw3pcAi8EVCFiU7pB4XHHBv-0F_eS7qGQr4Y38QyWKEzg6kv4X_xpMxEpVYmRVgYu8rGXqwCHIFq1Dc3v9Op83hO2q-geeidXjosydxgb6LdOpc27Q_0gzDM2vTaI0k8fqauVGilcYw3OxeqL5jVrdSeyaq4meHrquLdGCbI_KQiS08GJ9BZ4QchfTK70lzKasCsTcW5jd2Ci7DYoPvY-FrR8zPaxHj9jjTkAW3Q", alg: "RS256" })
[2m2025-03-25T07:55:00.206972Z[0m [32m INFO[0m [1mnode[0m[1m{[0m[3mname[0m[2m=[0mk#addeef94..[1m}[0m[2m:[0m [2msui_core::authority::authority_per_epoch_store[0m[2m:[0m [2mcrates/sui-core/src/authority/authority_per_epoch_store.rs[0m[2m:[0m[2m2388:[0m received jwk vote from k#99f25ef6.. for jwk (JwkId { iss: "https://accounts.karrier.one/", kid: "B65FDCAA152E04ADE817314CF6A06F4ECABF4CFB" }, JWK { kty: "RSA", e: "AQAB", n: "ra5LGXik2tB6apOePLdwT0ID-Kevzoyy_qcvHhvGJbrY_0PVaT3yM2t_UyvNlh60QYmtIxmGE1vTfbD6moDg0y1WLZ2tMfJ56YT23LYW-quzHHpw3pcAi8EVCFiU7pB4XHHBv-0F_eS7qGQr4Y38QyWKEzg6kv4X_xpMxEpVYmRVgYu8rGXqwCHIFq1Dc3v9Op83hO2q-geeidXjosydxgb6LdOpc27Q_0gzDM2vTaI0k8fqauVGilcYw3OxeqL5jVrdSeyaq4meHrquLdGCbI_KQiS08GJ9BZ4QchfTK70lzKasCsTcW5jd2Ci7DYoPvY-FrR8zPaxHj9jjTkAW3Q", alg: "RS256" })
[2m2025-03-25T07:55:00.206991Z[0m [32m INFO[0m [1mnode[0m[1m{[0m[3mname[0m[2m=[0mk#99f25ef6..[1m}[0m[2m:[0m [2msui_core::authority::authority_per_epoch_store[0m[2m:[0m [2mcrates/sui-core/src/authority/authority_per_epoch_store.rs[0m[2m:[0m[2m2388:[0m received jwk vote from k#99f25ef6.. for jwk (JwkId { iss: "https://accounts.credenza3.com", kid: "JG6oZkIBqQdkpnCnD479zFXgMA5_I7i-aHAV0MRwvDs" }, JWK { kty: "RSA", e: "AQAB", n: "wgMHXL3avVaf-jrwvVw5bhpROsF7CnY7vzovJW4fNp_dY0abqvMga2C7fzdKNp4AFxQmXkoX_-vF7wbDRLXXmjdJ-x4YdKIA_JxsZqZKCG_k5-7UZFmHb1F3oy67uYh_xRv_H8yPSJ9TKJrAiWIBG9EFvZNy8y2pHXFDNSxTo4NzcUs_-TNhiuxWatpnduoCXWJf6I813Lxn8G9Z7Tql5fUgofW5GIygxS8zUiUZaYkLPL3_aNIFal58OzUturgiTcYrQp5WPkG56AL_Y6KNhxABjopC7WTXCeFXGXCIgb-JQpPARDaL7WL3w_w5-vR3Ra2WeQ3sddtoLtB0X234DQ", alg: "RS256" })
[2m2025-03-25T07:55:00.206992Z[0m [32m INFO[0m [1mnode[0m[1m{[0m[3mname[0m[2m=[0mk#addeef94..[1m}[0m[2m:[0m [2msui_core::authority::authority_per_epoch_store[0m[2m:[0m [2mcrates/sui-core/src/authority/authority_per_epoch_store.rs[0m[2m:[0m[2m2388:[0m received jwk vote from k#99f25ef6.. for jwk (JwkId { iss: "https://accounts.credenza3.com", kid: "JG6oZkIBqQdkpnCnD479zFXgMA5_I7i-aHAV0MRwvDs" }, JWK { kty: "RSA", e: "AQAB", n: "wgMHXL3avVaf-jrwvVw5bhpROsF7CnY7vzovJW4fNp_dY0abqvMga2C7fzdKNp4AFxQmXkoX_-vF7wbDRLXXmjdJ-x4YdKIA_JxsZqZKCG_k5-7UZFmHb1F3oy67uYh_xRv_H8yPSJ9TKJrAiWIBG9EFvZNy8y2pHXFDNSxTo4NzcUs_-TNhiuxWatpnduoCXWJf6I813Lxn8G9Z7Tql5fUgofW5GIygxS8zUiUZaYkLPL3_aNIFal58OzUturgiTcYrQp5WPkG56AL_Y6KNhxABjopC7WTXCeFXGXCIgb-JQpPARDaL7WL3w_w5-vR3Ra2WeQ3sddtoLtB0X234DQ", alg: "RS256" })
[2m2025-03-25T07:55:00.207010Z[0m [32m INFO[0m [1mnode[0m[1m{[0m[3mname[0m[2m=[0mk#99f25ef6..[1m}[0m[2m:[0m [2msui_core::authority::authority_per_epoch_store[0m[2m:[0m [2mcrates/sui-core/src/authority/authority_per_epoch_store.rs[0m[2m:[0m[2m2388:[0m received jwk vote from k#99f25ef6.. for jwk (JwkId { iss: "https://accounts.credenza3.com", kid: "nArTrOCdn42U6zyzuZmxBIGAuYQaNyuHwUkAycsQTw8" }, JWK { kty: "RSA", e: "AQAB", n: "mb4kA1QddMUulk6AMeRekV0YEPX-x-eSx7BjbAy1qkPsGjnpwjUmGzk9jBptlCLgc1HT_qELTfpr_w5xqFcy-1ayAlg87gw86Z0IRN9ROTTE04LiHMIwH9Y8H06C_9I0H29WCMqFGlBJH9n0hYu6nPpgVkV6E-9wze10-jzi5JLqiM0tB8Ihniy2ZHGgiwG1CM--xHKkaXcFLF3d8bGlALGp1CgtiHdWeMyQ5SBzL6lmhMcnzzse0VlAIq1m94Fath217OcQcEw-VrJlyGJ8gAyi-N3O9VZAl2dykNgji9tcC1ws5IMbGyWSv5OpeHfUDN97iOcTJ4noBF7EwvIwpQ", alg: "RS256" })
[2m2025-03-25T07:55:00.207010Z[0m [32m INFO[0m [1mnode[0m[1m{[0m[3mname[0m[2m=[0mk#addeef94..[1m}[0m[2m:[0m [2msui_core::authority::authority_per_epoch_store[0m[2m:[0m [2mcrates/sui-core/src/authority/authority_per_epoch_store.rs[0m[2m:[0m[2m2388:[0m received jwk vote from k#99f25ef6.. for jwk (JwkId { iss: "https://accounts.credenza3.com", kid: "nArTrOCdn42U6zyzuZmxBIGAuYQaNyuHwUkAycsQTw8" }, JWK { kty: "RSA", e: "AQAB", n: "mb4kA1QddMUulk6AMeRekV0YEPX-x-eSx7BjbAy1qkPsGjnpwjUmGzk9jBptlCLgc1HT_qELTfpr_w5xqFcy-1ayAlg87gw86Z0IRN9ROTTE04LiHMIwH9Y8H06C_9I0H29WCMqFGlBJH9n0hYu6nPpgVkV6E-9wze10-jzi5JLqiM0tB8Ihniy2ZHGgiwG1CM--xHKkaXcFLF3d8bGlALGp1CgtiHdWeMyQ5SBzL6lmhMcnzzse0VlAIq1m94Fath217OcQcEw-VrJlyGJ8gAyi-N3O9VZAl2dykNgji9tcC1ws5IMbGyWSv5OpeHfUDN97iOcTJ4noBF7EwvIwpQ", alg: "RS256" })
[2m2025-03-25T07:55:00.207031Z[0m [32m INFO[0m [1mnode[0m[1m{[0m[3mname[0m[2m=[0mk#99f25ef6..[1m}[0m[2m:[0m [2msui_core::authority::authority_per_epoch_store[0m[2m:[0m [2mcrates/sui-core/src/authority/authority_per_epoch_store.rs[0m[2m:[0m[2m2388:[0m received jwk vote from k#99f25ef6.. for jwk (JwkId { iss: "https://auth.3dos.io", kid: "6d361dc9637a275eb585a915af26198ff0d97326ca13f4baf0e4805f72f2a9a0" }, JWK { kty: "RSA", e: "AQAB", n: "y_8hHwq7w2yE4968sbQF98iGUhnu0BwyB5khTxVPAcUnMCYdp61zYcRWml2zdY4HAfq-Nnjb_pAli6I66Vpe9IE8Gf8uGRB0oYIo2S6tYMEe0lhRaEDYVbMdQkuKxTIYMNBXSd_kCHKJM1ZUAo7uFoq_bWuzt2hRG2-79z-Ycbiw0wil0rzFHlpNBKsBLKM4GSGUwOejaL2zCiE_rjf77AvOaJLRd4I_DBYG16t8D1BkxbhkcQCmOxYGG0NqjP3z0lz-w1ALqHCNfhzczZOsgaCrbSlcTKcBTq1syAUUhQmounW7nG5clBIfPQRVH7jCoPztiJUZg6Xz1AN6V07xnw", alg: "RS256" })
[2m2025-03-25T07:55:00.207032Z[0m [32m INFO[0m [1mnode[0m[1m{[0m[3mname[0m[2m=[0mk#addeef94..[1m}[0m[2m:[0m [2msui_core::authority::authority_per_epoch_store[0m[2m:[0m [2mcrates/sui-core/src/authority/authority_per_epoch_store.rs[0m[2m:[0m[2m2388:[0m received jwk vote from k#99f25ef6.. for jwk (JwkId { iss: "https://auth.3dos.io", kid: "6d361dc9637a275eb585a915af26198ff0d97326ca13f4baf0e4805f72f2a9a0" }, JWK { kty: "RSA", e: "AQAB", n: "y_8hHwq7w2yE4968sbQF98iGUhnu0BwyB5khTxVPAcUnMCYdp61zYcRWml2zdY4HAfq-Nnjb_pAli6I66Vpe9IE8Gf8uGRB0oYIo2S6tYMEe0lhRaEDYVbMdQkuKxTIYMNBXSd_kCHKJM1ZUAo7uFoq_bWuzt2hRG2-79z-Ycbiw0wil0rzFHlpNBKsBLKM4GSGUwOejaL2zCiE_rjf77AvOaJLRd4I_DBYG16t8D1BkxbhkcQCmOxYGG0NqjP3z0lz-w1ALqHCNfhzczZOsgaCrbSlcTKcBTq1syAUUhQmounW7nG5clBIfPQRVH7jCoPztiJUZg6Xz1AN6V07xnw", alg: "RS256" })
[2m2025-03-25T07:55:00.207051Z[0m [32m INFO[0m [1mnode[0m[1m{[0m[3mname[0m[2m=[0mk#99f25ef6..[1m}[0m[2m:[0m [2msui_core::authority::authority_per_epoch_store[0m[2m:[0m [2mcrates/sui-core/src/authority/authority_per_epoch_store.rs[0m[2m:[0m[2m2388:[0m received jwk vote from k#addeef94.. for jwk (JwkId { iss: "https://auth.3dos.io", kid: "6d361dc9637a275eb585a915af26198ff0d97326ca13f4baf0e4805f72f2a9a0" }, JWK { kty: "RSA", e: "AQAB", n: "y_8hHwq7w2yE4968sbQF98iGUhnu0BwyB5khTxVPAcUnMCYdp61zYcRWml2zdY4HAfq-Nnjb_pAli6I66Vpe9IE8Gf8uGRB0oYIo2S6tYMEe0lhRaEDYVbMdQkuKxTIYMNBXSd_kCHKJM1ZUAo7uFoq_bWuzt2hRG2-79z-Ycbiw0wil0rzFHlpNBKsBLKM4GSGUwOejaL2zCiE_rjf77AvOaJLRd4I_DBYG16t8D1BkxbhkcQCmOxYGG0NqjP3z0lz-w1ALqHCNfhzczZOsgaCrbSlcTKcBTq1syAUUhQmounW7nG5clBIfPQRVH7jCoPztiJUZg6Xz1AN6V07xnw", alg: "RS256" })
[2m2025-03-25T07:55:00.207051Z[0m [32m INFO[0m [1mnode[0m[1m{[0m[3mname[0m[2m=[0mk#addeef94..[1m}[0m[2m:[0m [2msui_core::authority::authority_per_epoch_store[0m[2m:[0m [2mcrates/sui-core/src/authority/authority_per_epoch_store.rs[0m[2m:[0m[2m2388:[0m received jwk vote from k#addeef94.. for jwk (JwkId { iss: "https://auth.3dos.io", kid: "6d361dc9637a275eb585a915af26198ff0d97326ca13f4baf0e4805f72f2a9a0" }, JWK { kty: "RSA", e: "AQAB", n: "y_8hHwq7w2yE4968sbQF98iGUhnu0BwyB5khTxVPAcUnMCYdp61zYcRWml2zdY4HAfq-Nnjb_pAli6I66Vpe9IE8Gf8uGRB0oYIo2S6tYMEe0lhRaEDYVbMdQkuKxTIYMNBXSd_kCHKJM1ZUAo7uFoq_bWuzt2hRG2-79z-Ycbiw0wil0rzFHlpNBKsBLKM4GSGUwOejaL2zCiE_rjf77AvOaJLRd4I_DBYG16t8D1BkxbhkcQCmOxYGG0NqjP3z0lz-w1ALqHCNfhzczZOsgaCrbSlcTKcBTq1syAUUhQmounW7nG5clBIfPQRVH7jCoPztiJUZg6Xz1AN6V07xnw", alg: "RS256" })
[2m2025-03-25T07:55:00.207065Z[0m [32m INFO[0m [1mnode[0m[1m{[0m[3mname[0m[2m=[0mk#99f25ef6..[1m}[0m[2m:[0m [2msui_core::authority::authority_per_epoch_store[0m[2m:[0m [2mcrates/sui-core/src/authority/authority_per_epoch_store.rs[0m[2m:[0m[2m2425:[0m jwk became active [3mepoch[0m[2m=[0m1 [3mround[0m[2m=[0m7 [3mjwk[0m[2m=[0m(JwkId { iss: "https://auth.3dos.io", kid: "6d361dc9637a275eb585a915af26198ff0d97326ca13f4baf0e4805f72f2a9a0" }, JWK { kty: "RSA", e: "AQAB", n: "y_8hHwq7w2yE4968sbQF98iGUhnu0BwyB5khTxVPAcUnMCYdp61zYcRWml2zdY4HAfq-Nnjb_pAli6I66Vpe9IE8Gf8uGRB0oYIo2S6tYMEe0lhRaEDYVbMdQkuKxTIYMNBXSd_kCHKJM1ZUAo7uFoq_bWuzt2hRG2-79z-Ycbiw0wil0rzFHlpNBKsBLKM4GSGUwOejaL2zCiE_rjf77AvOaJLRd4I_DBYG16t8D1BkxbhkcQCmOxYGG0NqjP3z0lz-w1ALqHCNfhzczZOsgaCrbSlcTKcBTq1syAUUhQmounW7nG5clBIfPQRVH7jCoPztiJUZg6Xz1AN6V07xnw", alg: "RS256" })
[2m2025-03-25T07:55:00.207066Z[0m [32m INFO[0m [1mnode[0m[1m{[0m[3mname[0m[2m=[0mk#addeef94..[1m}[0m[2m:[0m [2msui_core::authority::authority_per_epoch_store[0m[2m:[0m [2mcrates/sui-core/src/authority/authority_per_epoch_store.rs[0m[2m:[0m[2m2425:[0m jwk became active [3mepoch[0m[2m=[0m1 [3mround[0m[2m=[0m7 [3mjwk[0m[2m=[0m(JwkId { iss: "https://auth.3dos.io", kid: "6d361dc9637a275eb585a915af26198ff0d97326ca13f4baf0e4805f72f2a9a0" }, JWK { kty: "RSA", e: "AQAB", n: "y_8hHwq7w2yE4968sbQF98iGUhnu0BwyB5khTxVPAcUnMCYdp61zYcRWml2zdY4HAfq-Nnjb_pAli6I66Vpe9IE8Gf8uGRB0oYIo2S6tYMEe0lhRaEDYVbMdQkuKxTIYMNBXSd_kCHKJM1ZUAo7uFoq_bWuzt2hRG2-79z-Ycbiw0wil0rzFHlpNBKsBLKM4GSGUwOejaL2zCiE_rjf77AvOaJLRd4I_DBYG16t8D1BkxbhkcQCmOxYGG0NqjP3z0lz-w1ALqHCNfhzczZOsgaCrbSlcTKcBTq1syAUUhQmounW7nG5clBIfPQRVH7jCoPztiJUZg6Xz1AN6V07xnw", alg: "RS256" })
[2m2025-03-25T07:55:00.207779Z[0m [32m INFO[0m [1mnode[0m[1m{[0m[3mname[0m[2m=[0mk#addeef94..[1m}[0m[2m:[0m [2msui_core::consensus_handler[0m[2m:[0m [2mcrates/sui-core/src/consensus_handler.rs[0m[2m:[0m[2m232:[0m Received consensus output [3mconsensus_commit[0m[2m=[0mCommittedSubDag(leader=B8(C,A9tB), ref=C6(7Xsn), blocks=[1u3v, KPob, A9tB]) [3mepoch[0m[2m=[0m1
[2m2025-03-25T07:55:00.207789Z[0m [32m INFO[0m [1mnode[0m[1m{[0m[3mname[0m[2m=[0mk#99f25ef6..[1m}[0m[2m:[0m [2msui_core::consensus_handler[0m[2m:[0m [2mcrates/sui-core/src/consensus_handler.rs[0m[2m:[0m[2m232:[0m Received consensus output [3mconsensus_commit[0m[2m=[0mCommittedSubDag(leader=B8(C,A9tB), ref=C6(7Xsn), blocks=[1u3v, KPob, A9tB]) [3mepoch[0m[2m=[0m1
[2m2025-03-25T07:55:00.207823Z[0m [32m INFO[0m [1mnode[0m[1m{[0m[3mname[0m[2m=[0mk#addeef94..[1m}[0m[2m:[0m [2msui_core::consensus_handler[0m[2m:[0m [2mcrates/sui-core/src/consensus_handler.rs[0m[2m:[0m[2m520:[0m creating authenticator state update transaction
[2m2025-03-25T07:55:00.207835Z[0m [32m INFO[0m [1mnode[0m[1m{[0m[3mname[0m[2m=[0mk#99f25ef6..[1m}[0m[2m:[0m [2msui_core::consensus_handler[0m[2m:[0m [2mcrates/sui-core/src/consensus_handler.rs[0m[2m:[0m[2m520:[0m creating authenticator state update transaction
[2m2025-03-25T07:55:00.208175Z[0m [32m INFO[0m [1mnode[0m[1m{[0m[3mname[0m[2m=[0mk#99f25ef6..[1m}[0m[2m:[0m [2mfastcrypto_tbls::dkg_v1[0m[2m:[0m [2m/Users/mofei/.cargo/git/checkouts/fastcrypto-b430feb5437546af/9519ebc/fastcrypto-tbls/src/dkg_v1.rs[0m[2m:[0m[2m533:[0m DKG: Processing confirmations with total weight 525, expected 351
[2m2025-03-25T07:55:00.208176Z[0m [32m INFO[0m [1mnode[0m[1m{[0m[3mname[0m[2m=[0mk#addeef94..[1m}[0m[2m:[0m [2mfastcrypto_tbls::dkg_v1[0m[2m:[0m [2m/Users/mofei/.cargo/git/checkouts/fastcrypto-b430feb5437546af/9519ebc/fastcrypto-tbls/src/dkg_v1.rs[0m[2m:[0m[2m533:[0m DKG: Processing confirmations with total weight 525, expected 351
[2m2025-03-25T07:55:00.208896Z[0m [32m INFO[0m [1mnode[0m[1m{[0m[3mname[0m[2m=[0mk#addeef94..[1m}[0m[2m:[0m [2mfastcrypto_tbls::dkg_v1[0m[2m:[0m [2m/Users/mofei/.cargo/git/checkouts/fastcrypto-b430feb5437546af/9519ebc/fastcrypto-tbls/src/dkg_v1.rs[0m[2m:[0m[2m667:[0m DKG: Aggregating my shares completed with has_invalid_share=false, has_zero_shares=false
[2m2025-03-25T07:55:00.208897Z[0m [32m INFO[0m [1mnode[0m[1m{[0m[3mname[0m[2m=[0mk#99f25ef6..[1m}[0m[2m:[0m [2mfastcrypto_tbls::dkg_v1[0m[2m:[0m [2m/Users/mofei/.cargo/git/checkouts/fastcrypto-b430feb5437546af/9519ebc/fastcrypto-tbls/src/dkg_v1.rs[0m[2m:[0m[2m667:[0m DKG: Aggregating my shares completed with has_invalid_share=false, has_zero_shares=false
[2m2025-03-25T07:55:00.208959Z[0m [32m INFO[0m [1mnode[0m[1m{[0m[3mname[0m[2m=[0mk#99f25ef6..[1m}[0m[2m:[0m [2msui_core::epoch::randomness[0m[2m:[0m [2mcrates/sui-core/src/epoch/randomness.rs[0m[2m:[0m[2m525:[0m random beacon: DKG complete in 6246ms since epoch start, Some(4960)ms since DKG start, with 175 shares for this node
[2m2025-03-25T07:55:00.208959Z[0m [32m INFO[0m [1mnode[0m[1m{[0m[3mname[0m[2m=[0mk#addeef94..[1m}[0m[2m:[0m [2msui_core::epoch::randomness[0m[2m:[0m [2mcrates/sui-core/src/epoch/randomness.rs[0m[2m:[0m[2m525:[0m random beacon: DKG complete in 6251ms since epoch start, Some(4966)ms since DKG start, with 175 shares for this node
[2m2025-03-25T07:55:00.210488Z[0m [32m INFO[0m [1mnode[0m[1m{[0m[3mname[0m[2m=[0mk#99f25ef6..[1m}[0m[2m:[0m [2msui_core::consensus_handler[0m[2m:[0m [2mcrates/sui-core/src/consensus_handler.rs[0m[2m:[0m[2m232:[0m Received consensus output [3mconsensus_commit[0m[2m=[0mCommittedSubDag(leader=B9(C,cJPS), ref=C7(v+4+), blocks=[D47Z, cJPS]) [3mepoch[0m[2m=[0m1
[2m2025-03-25T07:55:00.210496Z[0m [32m INFO[0m [1mnode[0m[1m{[0m[3mname[0m[2m=[0mk#addeef94..[1m}[0m[2m:[0m [2msui_core::consensus_handler[0m[2m:[0m [2mcrates/sui-core/src/consensus_handler.rs[0m[2m:[0m[2m232:[0m Received consensus output [3mconsensus_commit[0m[2m=[0mCommittedSubDag(leader=B9(C,cJPS), ref=C7(v+4+), blocks=[D47Z, cJPS]) [3mepoch[0m[2m=[0m1
[2m2025-03-25T07:55:00.307187Z[0m [32m INFO[0m [1mnode[0m[1m{[0m[3mname[0m[2m=[0mk#99f25ef6..[1m}[0m[2m:[0m[1mexecution_driver[0m[1m{[0m[3mtx_digest[0m[2m=[0mTransactionDigest(C5GLHYDFN6pjj9w3nWi2rbGMZPo6HqAv3a5P69Ys8mT2)[1m}[0m[2m:[0m [2msui_core::authority::authority_per_epoch_store[0m[2m:[0m [2mcrates/sui-core/src/authority/authority_per_epoch_store.rs[0m[2m:[0m[2m4233:[0m Updating authenticator state: AuthenticatorStateUpdate { epoch: 1, round: 7, new_active_jwks: [ActiveJwk { jwk_id: JwkId { iss: "https://appleid.apple.com", kid: "dMlERBaFdK" }, jwk: JWK { kty: "RSA", e: "AQAB", n: "ryLWkB74N6SJNRVBjKF6xKMfP-QW3AAsJotv0LjVtf7m4NZNg_gTL78e7O8wmvngF8FuzBrvqf1mGW17Ct8BgNK6YXxnoGL0YLmlwXbmCZvTXki0VlEW1PDXeViWy7qXaCp2caF5v4OOdPsgroxNO_DgJRTuA_izJ4DFZYHCHXwojfdWJiDYG67j5PlD5pXKGx7zaqyryjovZTEII_Z1_bhFCRUZRjfJ3TVoK0fZj2z7iAZWjn33i-V3zExUhwzEyeuGph0118NfmOLCUEy_Jd4xvLf_X4laPpe9nq8UeORfs72yz2qH7cHDKL85W6oG08Gu05JWuAs5Ay49WxJrmw", alg: "RS256" }, epoch: 1 }, ActiveJwk { jwk_id: JwkId { iss: "https://appleid.apple.com", kid: "rBRfVmqsjn" }, jwk: JWK { kty: "RSA", e: "AQAB", n: "pPOaiF5yL-y42FaKg9PYASR5-rdTK7NEiteNUAzNp0zkta-HW-tgLNLNlsft3zcrsgOLqXxhX7qzlI3JGH-wSs7_v2XNSg57QhOTxPDqtUfy5DegtiSOgwE947OBTwCWo2R6cGZD1T8ysfO2HuKheq2hEwZU4Y-8qT19WWOhZHs4CVt7A5mzpIgWuUVw766VTyqrqKev32DOUPIqFocFz3tuty95S9t_OYnaPCcET-b6DV_eT7psPhqhl5nNUm0lzkCQ53-9kxQNJxBciy0wiBcAexD4KppKRRD3evFpOSxD1R6Kg2DIG5UnbVVqn5nhZA9RH-t50f_biqV3KlSHJQ", alg: "RS256" }, epoch: 1 }, ActiveJwk { jwk_id: JwkId { iss: "https://appleid.apple.com", kid: "rs0M3kOV9p" }, jwk: JWK { kty: "RSA", e: "AQAB", n: "zH5so3zLsgmRypxAAYJimfF9cx3ISSyHyzjDP3yvE9ieqpnjFJhzgCP8L4oKO9vUFNpoG1ub7I3paYNY6Vb2yc4chnsjJxB3j0jomJ3iI9MlWoVecTFG2tywyx5NRhy3YfTUpw2uCLafzWrpIJIoKUCGM6iUgaIFjvfi-cGT5T_5eUSWZHN-ziH69mGcbMRGLQEixQUatwru9i4i-OSk-w-JmLOqAzRP1mVn1tcZRIoGSB2PFSSJX9SK90OX8i5sj7dpIO_2xbGMtyNJkDzGq88x1pMJ4sv6HMj-tx4QrpGDbUi7zBCgbBnNSGSB_LBv4dbswwWY96ckHgx9yf_7IQ", alg: "RS256" }, epoch: 1 }, ActiveJwk { jwk_id: JwkId { iss: "https://oauth2.playtron.one", kid: "1fd66a18-7afd-4086-ba57-a8ca9b398406" }, jwk: JWK { kty: "RSA", e: "AQAB", n: "7XHinRSS9un2BdWsLhFOdi5N-17HMRYf4odQE4KqiPqRrp8TDE9bDekg8ERCW7Hqkgp44U07BUJwCiL5ss_9rIgV6Wy_lOwF_npGqMstZYemnZYNvpaD4ZEneoRmo94qNkYg5szBhVlvaF-IXlwB4GEQdDLJZOLafgPYL4XK2eD49Q7PU7jkNKy91k98UeK3fH9iv0L6W5nJNU1SzCR75gRcWyKSySg9RCTQyWFak8VhWW1YxwIQebvGgTsr6jYgxvcmRsSLeMhEhoIhOOkC1zQK51kBB-ZS7o2KttDHr1dn08LeHJkxSZ2guLdT_V2ISDiKxjXgVBlSvvweLgEHs7cehNU-D65uQpTxULPJW7xeITDl8rCCxbr8p8rcq-I19EV5Uj4n7RswaNDZ2YO87Yx12KzZVrO_0Tra6CvsNJ7hdI_Ykg7yMLs-dj7eKgOF5Nx1Q7Bnp1OyRKIXfUkyZkh8mjfiMt-npf1WPAgF1Iwx5H-ww1rTuFR6yyZRtEHyVxudg9XFar6cKizi75uKVGaV74GMGI2tPGL0zh_jCh8QSk68HltKdfLP8xDvHBB_crklWlr9iYuFjHzLI9KWvICvQWMtQikHE3iaf492I9SMqR0OIwSeg5TzzerVX17qkCeVbdxOK9jKeP5k2sW6mETUdrJCmlRwGN-EG_VIOrE", alg: "RS256" }, epoch: 1 }, ActiveJwk { jwk_id: JwkId { iss: "https://oauth2.playtron.one", kid: "7388b63c-ba03-4fe3-85e3-6717f91d55b1" }, jwk: JWK { kty: "RSA", e: "AQAB", n: "scvmHIfIZk5ZU7_k6snu98s5rPKBDws804qpNEPyy7fkmzxDbcN-qWQJrDgNU-pvr5WvIPyu2hfFrNtBiiE3IZqqGRm2rJb8LoKz6mtxiLyRT8EQS8D8U6uiR8mkvbw-vgJ1h3l2gHDXPGN-03_DXrL8r2xDiuxdezxjiCI80r7bmpZg9i8PWtL1BQU43nM4MNDXi9Wo5ppSojFxTe8L75ZOnFeLBVxPJG9YBGhFnATIoUei7ohbw5_t9buiIfXTQ3ZwCvG3WAGFDsOIdl3PapA1T7oTlsfQp0wQa0EDeleFBu81ytNlidJNQcXz3F9OmwYbHJ4bPMYcz-x2ATLK5w", alg: "RS256" }, epoch: 1 }, ActiveJwk { jwk_id: JwkId { iss: "https://oauth2.playtron.one", kid: "e55421cb-cdbd-4791-a590-ad8ca798aa89" }, jwk: JWK { kty: "RSA", e: "AQAB", n: "vy8-EHvWmVHH5xi3BBvfalX9i6OuP9mz2wz1E72eMTf1ZHVbZ66O-vWlr2F2SNSyB_PURIb1KIqUcvpn6GW_vgs4EhflMJnmeZ0Fot4V6YsEOIzob7jkooeFNZ7dTDDHahtMyBd7pcJCv1afdQSTVZQeO0lm0swOm2whkw6hV7R2fBG3zLJsBUqe9oEwMa9cJ768KFfxFoEAUk3SQZ74JmkgOEKBSf26EcPcxAZTreSDAdh5-MI4oD1aawHfb5nl1CQxhRf4YcCp_MVoerKKX1-it0NkDn5xJsuN_Z3Dv5354j6OZVBZpDjN7ZwcQfLEnjwI8G4Zr9y2SC3g_fH1G-MIhe0LPDWF4egqMaIwkIDW0sMqPAnE_nSFN8Ag3KJ_iT6P2PAGJbna882IIczb5q9VXkB0RJlL4BwNHSE2q867EZBNGFTPrDJzHtM7sZ468Y4taMv0CyFdPlb0alFRsS_T658tdkt1lxrl_dzE0ixPBw99X5Rwz0XLv4yNs4BQ6RgHVZT5fGGRzXovlDx9F2ea0EleNn47KAFDs0wNjIl1oryar0pJMlb-pDPuVcGMt0XYNh5gOLty5LdAl_7PqwFsQc7QMWIGqjnSnzeGYvN7kknpfYl0SfJDQNNSJDI2b2oGUWw-K6-kCgQxxlEKbhztegiVmRGuqcDfvNqrpqc", alg: "RS256" }, epoch: 1 }, ActiveJwk { jwk_id: JwkId { iss: "https://accounts.karrier.one/", kid: "B65FDCAA152E04ADE817314CF6A06F4ECABF4CFB" }, jwk: JWK { kty: "RSA", e: "AQAB", n: "ra5LGXik2tB6apOePLdwT0ID-Kevzoyy_qcvHhvGJbrY_0PVaT3yM2t_UyvNlh60QYmtIxmGE1vTfbD6moDg0y1WLZ2tMfJ56YT23LYW-quzHHpw3pcAi8EVCFiU7pB4XHHBv-0F_eS7qGQr4Y38QyWKEzg6kv4X_xpMxEpVYmRVgYu8rGXqwCHIFq1Dc3v9Op83hO2q-geeidXjosydxgb6LdOpc27Q_0gzDM2vTaI0k8fqauVGilcYw3OxeqL5jVrdSeyaq4meHrquLdGCbI_KQiS08GJ9BZ4QchfTK70lzKasCsTcW5jd2Ci7DYoPvY-FrR8zPaxHj9jjTkAW3Q", alg: "RS256" }, epoch: 1 }, ActiveJwk { jwk_id: JwkId { iss: "https://accounts.karrier.one/", kid: "E760D111C1A1296E6D1D85F7EB18DDBAA0EC2B4E" }, jwk: JWK { kty: "RSA", e: "AQAB", n: "3s6cCgr0tKeYEy_MGYDZ7ByPgI0Bv-JimxiSNOytvXb6xvcxE_jjEiEkMg6R3frYXWWuM3V4DMB3WGc8ePDACM9e3ly8jEpxA90nJ1eE94a9bF5wQGtC8_oqw2DajBt6O5ZTSKFJhMQMyzKUXmqT_m1DsUHm0uNGPulMp2CmSE8xtFLlXdxl_8on4zN_4PboPgOrl65DKcw6THTuNcasffyxVeK6_HbuEDLp-Q1v8PtvW98TO2GvOK-yNLDrpgqeh0fnnUBHR2tkMaJ3nnLNdEkVfeBQlafCvwJPRrGX83POq6SC-WAoP6IOH9BXd0DwRvqgCj2uWhtk9yEamJ7Q2Q", alg: "RS256" }, epoch: 1 }, ActiveJwk { jwk_id: JwkId { iss: "https://login.microsoftonline.com/v2.0", kid: "-cgAvjmmQ24Ks20zIpDB4SW894w" }, jwk: JWK { kty: "RSA", e: "AQAB", n: "otM7AZjL81wdSVdrkQtt6shrQiAT8OZJeIKTeRJgrDYXKzaVXs0WFXVCjCv9GuCktF-tereotfZlcskamfuupe574o76CJy6AUtuY7wt0OKqxoSJMRuUJvA_NNkT50C_dTDHTtF7kiGBwWvHEkHeZAgT52E8bfNJswV28GsPscM9vG2ylUPyiaEIsGi0cg_JllbnfBjGhfA_lzmrB9Iw75E3f1Hnk2uAs1KcHJGSH3EwHJ5tUeo9WtLGjRAfH1kGtPjkktNaw3V8EukEzgIfILV8udpWYE79A_p5jFUnTNkQxsviNxG537JMooa1ZoYveDv_f6LCj1o7MNZQVlD3tw", alg: "RS256" }, epoch: 1 }, ActiveJwk { jwk_id: JwkId { iss: "https://login.microsoftonline.com/v2.0", kid: "CNv0OI3RwqlHFEVnaoMAshCH2XE" }, jwk: JWK { kty: "RSA", e: "AQAB", n: "hz6fUSCSAuiyQz6L1nQj4za8kItevJzxhVbecMigTIl9pXZSHZa3gzMgtapnb1q96CG5qvR78dH6ZvTKL8MzN4VfGgZhvLEv5LJKeo0tGgBIS65wxIiJYj9ExEDqFkw9RdhW1nN8IN9eO76PbC-fdEPtDekA2BaITY2DARISKN4Ke0RLBEWNrKeEjjOzrygS2e3Q9NVzE51ZGGQAGHau7atHy8M_qA1nnd2dMUgUMnEYIMzDBTSKz17G6itJOdanGvG3wXvdpndKffnDppaPkyWbnybdMI4IP7q6WsCqnt3Gtg-baG6GDqZQQEBp9C9gLAFv4ORTRlpD3w0gCMh7xw", alg: "RS256" }, epoch: 1 }, ActiveJwk { jwk_id: JwkId { iss: "https://login.microsoftonline.com/v2.0", kid: "JDNa_4i4r7FgigL3sHIlI3xV-IU" }, jwk: JWK { kty: "RSA", e: "AQAB", n: "iQ745_U-vjkxPblaw6phBpe08fC42mpcrS4pcr15HiyZQyQV-BFcEVyLwPdsz3ulMRN7OB_UMfCcPBHqOjguejoab6hyJFVVMw_epP4a3SpQN9qaCbnqaSxgSGiqSq663g3TjsF_Wu1m9L41eNoF6Yvh5kULMd6lqjY0LPO5ZZxaQFLtIHahoJKMvYy1BTS0VYcNsXTjxkgUEL6Vc8GV5vaClbnY3VA2hLbXC1SGJWjVGdYXhkuck2tHr58u87MPEaQ33C6YfyISZKsdumF5bTCcIH75jjC3WbMVOLgWg5w0MSiHOFyI76Ihxbb0nRicEuao0WzO9AS7HJ7L24FHFQ", alg: "RS256" }, epoch: 1 }, ActiveJwk { jwk_id: JwkId { iss: "https://login.microsoftonline.com/v2.0", kid: "JYhSOsHhDZrc5kfqQg8ujkHMTNY" }, jwk: JWK { kty: "RSA", e: "AQAB", n: "xxMRcusywRId_dJR_edc-qe_M3vhXONCz7QDhjVfoqHWbt9lQCXCVIsIo9VJI1nGT1F6NkXEIBt462x2p1w2cgf4AF86dGhbTpR-k81WLR5gNjkhpPqB1PCitichVIKbHAvOyYEAaJnEyCiJqIlU_Zg5L5FzRqv_N_3-fhYvWK0pc3m1Ohyd2kNRg1Nbcp5ogt7mBjec7MErfi-N0o54vXfsK6hM2m7h0sZwVd4CxgPqnpBtm2htM9xaKpnwkYoEL3va3bPI1VGGp9QLZwMV6RAHOy_ORpz4xarG-z7lZUCLO0X1So05rn7w5edBmfblUQlPL3BljbUVB3abd9SNXw", alg: "RS256" }, epoch: 1 }, ActiveJwk { jwk_id: JwkId { iss: "https://login.microsoftonline.com/v2.0", kid: "PDRf_Bs8CkDdi7av6hKLwRnNHmk" }, jwk: JWK { kty: "RSA", e: "AQAB", n: "v2R1eCh9xaZjAqn0FTf-DuDy3BFsJHc_lsv4K1Ycd1qnF5DwHC7mxnoTsA_dnI8BJvZsCAI7kkFjqKqXDSVYwRM05733_EPekLqLlb02-XLcOziMsOEMpXRrl1wFGHK5zmh2D4ZLsEId2Gdk1fcLzwjCg5iqQxi17DQFDoi0aWUKnkN62sSbiUvzd11eUl0N_beLZ0HYf53wk8r9P3reVhz9W7P8KwNBf7JyiLxmRP_yD9n3650iXi1qp8bZcAt9WmMZ2H6iHHhb7biXwvrJuf2id72VPvV6qkVu6jwUVW5yh6dIvCtPYEA7JNMWyBEXOjJbZ-3l3szj1GSV5m8eAQ", alg: "RS256" }, epoch: 1 }, ActiveJwk { jwk_id: JwkId { iss: "https://login.microsoftonline.com/v2.0", kid: "PoVKeirIOvmTyLQ9G9BenBwos7k" }, jwk: JWK { kty: "RSA", e: "AQAB", n: "ruYyUq1ElSb8QCCt0XWWRSFpUq0JkyfEvvlCa4fPDi0GZbSGgJg3qYa0co2RsBIYHczXkc71kHVpktySAgYK1KMK264e-s7Vymeq-ypHEDpRsaWric_kKEIvKZzRsyUBUWf0CUhtuUvAbDTuaFnQ4g5lfoa7u3vtsv1za5Gmn6DUPirrL_-xqijP9IsHGUKaTmB4M_qnAu6vUHCpXZnN0YTJDoK7XrVJFaKj8RrTdJB89GFJeTFHA2OX472ToyLdCDn5UatYwmht62nXGlH7_G1kW1YMpeSSwzpnMEzUUk7A8UXrvFTHXEpfXhsv0LA59dm9Hi1mIXaOe1w-icA_rQ", alg: "RS256" }, epoch: 1 }, ActiveJwk { jwk_id: JwkId { iss: "https://login.microsoftonline.com/v2.0", kid: "dd55f7QP3HZky-ekQBDWKe7ADN0" }, jwk: JWK { kty: "RSA", e: "AQAB", n: "s950MOniBjjiB82Zx5FehPuYJKtguUAP5vpMNZ6JxYLGzn5h3FPplx0kkPEezg7dnH-sFxGwq_C7P14ja0YmHUkmozqdbg4GRS8xp9Ue0-KWs4BTTkXvMPnc3xBU6be4SmHK-c7A0E54YfokiY1KTRCaq_RRPDlVZJuc6s6rK4nRoPo0eOCj7H4b--QnKmPXiFSPNp40NC7FRfx9m7SYSltubIDzq1f4j2Qlrv90f2kT5DP81_2DGdHZ_ao7ypPX2_z_m4ycQgfAhIYhNHRai6iGtbU6NPkw38LS29bVbGycVCaBoq6_re8k_UiOM7gP9l96QDFnkMmNhpRxT7t34w", alg: "RS256" }, epoch: 1 }, ActiveJwk { jwk_id: JwkId { iss: "https://login.microsoftonline.com/v2.0", kid: "ntzdbvo449IBJV0Yy_T--gOiPI8" }, jwk: JWK { kty: "RSA", e: "AQAB", n: "uYmKqopaxMNlFJ3QUgTM6TcWvR00WVPs4sCAl5Inr5tCIWbqC1IzVt74_eGPw9OypfM4YpEfAz5czFWgRRVcRQYNwDWSAXTSh-vkqK2meW4HQp7W33NCoz_kZ6JR-xwWJZCOtQa0RNwNTVuHTL2dyJo6DUShxVPtG6c8sV4gFCEz0moHBrf5njywV0GGkQgYe98GeCL3Mv2kx4WVf0pHkSELJfW5JN6jvD_05fY_g3LKsXqXm9u1cS39K4iULFVeeoz5jBMKl5h6w3lqSeBtzmqHpw6YVxcDu_bRUd_rqZUvTaZUgS_EfpOpOicaQN--90nzp4givQYEvWtDBtan5Q", alg: "RS256" }, epoch: 1 }, ActiveJwk { jwk_id: JwkId { iss: "https://cognito-idp.us-east-1.amazonaws.com/us-east-1_qPsZxYqd8", kid: "VHA/vY1d2h7X33DpZ6ZBDRfnCS/OIgiV7toCdxyEUDY=" }, jwk: JWK { kty: "RSA", e: "AQAB", n: "7nb7CxiOI5bgf80jk1WOwi6Fmo9EJzIugpl-gZehOgL4cVAmvp1ChVZMwxTRM62hIQ6Ab6k0vmLBq_jZFx6MeU4c1xTipIohOEK_5HjbesM9OuduHkujN6J7Az4ON4TyHtJOXs3-xdVbjWQwP5L2O_N334ZIb9n-hRxGRhKaQLciSNEt3TQ2ookJaa1q9UinlA0jJyIMLJXmpSdvUP_0QizT88wrenRs3PccgKBQgvtQx569yvL6YnzaRSa8pL7saNy2KqevDHkIvRfqEckduoFQTyiL5OTz6canJYaklw-OImrO1eQF2Z_TsamXKKdk9-k9WFwYx4ftDTdacDflaw", alg: "RS256" }, epoch: 1 }, ActiveJwk { jwk_id: JwkId { iss: "https://cognito-idp.us-east-1.amazonaws.com/us-east-1_qPsZxYqd8", kid: "lGbuLXh42ChSJwrMUEBO2npnvMzdAHqOj6DNZieDuVA=" }, jwk: JWK { kty: "RSA", e: "AQAB", n: "2e3M6UZo5G1r3eYi1h_dqng0lhNHE6bwSrnEmTMygjDaejpcjWKY9ICFtcz-lP_HEx_q67HsaM7QUIGpTEtAXqQHyxbMAcPlUwKSD8y_mZJlDDM4kI7KJQLW4M-904gDvih5FbnJc-QNkH1Z7vHwDpLOam53x8QQj7rjoXBzH0q0JVlv5PU5ZEoqCc2PIJCtxzZApXzMt0lnqw8DB55P4_czdplVkd80UhPAz1gM3ysTIQi2eblMvkUp98orOlpsp434g6mnrdgYFLOleuuwNraRTJRi0r9Dn9ToILY7Arywi5jS8M496CXJUFAB9UKXKrTa9pazlnRMiFBochRRZw", alg: "RS256" }, epoch: 1 }], authenticator_obj_initial_shared_version: SequenceNumber(1) }
[2m2025-03-25T07:55:00.307187Z[0m [32m INFO[0m [1mnode[0m[1m{[0m[3mname[0m[2m=[0mk#addeef94..[1m}[0m[2m:[0m[1mexecution_driver[0m[1m{[0m[3mtx_digest[0m[2m=[0mTransactionDigest(C5GLHYDFN6pjj9w3nWi2rbGMZPo6HqAv3a5P69Ys8mT2)[1m}[0m[2m:[0m [2msui_core::authority::authority_per_epoch_store[0m[2m:[0m [2mcrates/sui-core/src/authority/authority_per_epoch_store.rs[0m[2m:[0m[2m4233:[0m Updating authenticator state: AuthenticatorStateUpdate { epoch: 1, round: 7, new_active_jwks: [ActiveJwk { jwk_id: JwkId { iss: "https://appleid.apple.com", kid: "dMlERBaFdK" }, jwk: JWK { kty: "RSA", e: "AQAB", n: "ryLWkB74N6SJNRVBjKF6xKMfP-QW3AAsJotv0LjVtf7m4NZNg_gTL78e7O8wmvngF8FuzBrvqf1mGW17Ct8BgNK6YXxnoGL0YLmlwXbmCZvTXki0VlEW1PDXeViWy7qXaCp2caF5v4OOdPsgroxNO_DgJRTuA_izJ4DFZYHCHXwojfdWJiDYG67j5PlD5pXKGx7zaqyryjovZTEII_Z1_bhFCRUZRjfJ3TVoK0fZj2z7iAZWjn33i-V3zExUhwzEyeuGph0118NfmOLCUEy_Jd4xvLf_X4laPpe9nq8UeORfs72yz2qH7cHDKL85W6oG08Gu05JWuAs5Ay49WxJrmw", alg: "RS256" }, epoch: 1 }, ActiveJwk { jwk_id: JwkId { iss: "https://appleid.apple.com", kid: "rBRfVmqsjn" }, jwk: JWK { kty: "RSA", e: "AQAB", n: "pPOaiF5yL-y42FaKg9PYASR5-rdTK7NEiteNUAzNp0zkta-HW-tgLNLNlsft3zcrsgOLqXxhX7qzlI3JGH-wSs7_v2XNSg57QhOTxPDqtUfy5DegtiSOgwE947OBTwCWo2R6cGZD1T8ysfO2HuKheq2hEwZU4Y-8qT19WWOhZHs4CVt7A5mzpIgWuUVw766VTyqrqKev32DOUPIqFocFz3tuty95S9t_OYnaPCcET-b6DV_eT7psPhqhl5nNUm0lzkCQ53-9kxQNJxBciy0wiBcAexD4KppKRRD3evFpOSxD1R6Kg2DIG5UnbVVqn5nhZA9RH-t50f_biqV3KlSHJQ", alg: "RS256" }, epoch: 1 }, ActiveJwk { jwk_id: JwkId { iss: "https://appleid.apple.com", kid: "rs0M3kOV9p" }, jwk: JWK { kty: "RSA", e: "AQAB", n: "zH5so3zLsgmRypxAAYJimfF9cx3ISSyHyzjDP3yvE9ieqpnjFJhzgCP8L4oKO9vUFNpoG1ub7I3paYNY6Vb2yc4chnsjJxB3j0jomJ3iI9MlWoVecTFG2tywyx5NRhy3YfTUpw2uCLafzWrpIJIoKUCGM6iUgaIFjvfi-cGT5T_5eUSWZHN-ziH69mGcbMRGLQEixQUatwru9i4i-OSk-w-JmLOqAzRP1mVn1tcZRIoGSB2PFSSJX9SK90OX8i5sj7dpIO_2xbGMtyNJkDzGq88x1pMJ4sv6HMj-tx4QrpGDbUi7zBCgbBnNSGSB_LBv4dbswwWY96ckHgx9yf_7IQ", alg: "RS256" }, epoch: 1 }, ActiveJwk { jwk_id: JwkId { iss: "https://oauth2.playtron.one", kid: "1fd66a18-7afd-4086-ba57-a8ca9b398406" }, jwk: JWK { kty: "RSA", e: "AQAB", n: "7XHinRSS9un2BdWsLhFOdi5N-17HMRYf4odQE4KqiPqRrp8TDE9bDekg8ERCW7Hqkgp44U07BUJwCiL5ss_9rIgV6Wy_lOwF_npGqMstZYemnZYNvpaD4ZEneoRmo94qNkYg5szBhVlvaF-IXlwB4GEQdDLJZOLafgPYL4XK2eD49Q7PU7jkNKy91k98UeK3fH9iv0L6W5nJNU1SzCR75gRcWyKSySg9RCTQyWFak8VhWW1YxwIQebvGgTsr6jYgxvcmRsSLeMhEhoIhOOkC1zQK51kBB-ZS7o2KttDHr1dn08LeHJkxSZ2guLdT_V2ISDiKxjXgVBlSvvweLgEHs7cehNU-D65uQpTxULPJW7xeITDl8rCCxbr8p8rcq-I19EV5Uj4n7RswaNDZ2YO87Yx12KzZVrO_0Tra6CvsNJ7hdI_Ykg7yMLs-dj7eKgOF5Nx1Q7Bnp1OyRKIXfUkyZkh8mjfiMt-npf1WPAgF1Iwx5H-ww1rTuFR6yyZRtEHyVxudg9XFar6cKizi75uKVGaV74GMGI2tPGL0zh_jCh8QSk68HltKdfLP8xDvHBB_crklWlr9iYuFjHzLI9KWvICvQWMtQikHE3iaf492I9SMqR0OIwSeg5TzzerVX17qkCeVbdxOK9jKeP5k2sW6mETUdrJCmlRwGN-EG_VIOrE", alg: "RS256" }, epoch: 1 }, ActiveJwk { jwk_id: JwkId { iss: "https://oauth2.playtron.one", kid: "7388b63c-ba03-4fe3-85e3-6717f91d55b1" }, jwk: JWK { kty: "RSA", e: "AQAB", n: "scvmHIfIZk5ZU7_k6snu98s5rPKBDws804qpNEPyy7fkmzxDbcN-qWQJrDgNU-pvr5WvIPyu2hfFrNtBiiE3IZqqGRm2rJb8LoKz6mtxiLyRT8EQS8D8U6uiR8mkvbw-vgJ1h3l2gHDXPGN-03_DXrL8r2xDiuxdezxjiCI80r7bmpZg9i8PWtL1BQU43nM4MNDXi9Wo5ppSojFxTe8L75ZOnFeLBVxPJG9YBGhFnATIoUei7ohbw5_t9buiIfXTQ3ZwCvG3WAGFDsOIdl3PapA1T7oTlsfQp0wQa0EDeleFBu81ytNlidJNQcXz3F9OmwYbHJ4bPMYcz-x2ATLK5w", alg: "RS256" }, epoch: 1 }, ActiveJwk { jwk_id: JwkId { iss: "https://oauth2.playtron.one", kid: "e55421cb-cdbd-4791-a590-ad8ca798aa89" }, jwk: JWK { kty: "RSA", e: "AQAB", n: "vy8-EHvWmVHH5xi3BBvfalX9i6OuP9mz2wz1E72eMTf1ZHVbZ66O-vWlr2F2SNSyB_PURIb1KIqUcvpn6GW_vgs4EhflMJnmeZ0Fot4V6YsEOIzob7jkooeFNZ7dTDDHahtMyBd7pcJCv1afdQSTVZQeO0lm0swOm2whkw6hV7R2fBG3zLJsBUqe9oEwMa9cJ768KFfxFoEAUk3SQZ74JmkgOEKBSf26EcPcxAZTreSDAdh5-MI4oD1aawHfb5nl1CQxhRf4YcCp_MVoerKKX1-it0NkDn5xJsuN_Z3Dv5354j6OZVBZpDjN7ZwcQfLEnjwI8G4Zr9y2SC3g_fH1G-MIhe0LPDWF4egqMaIwkIDW0sMqPAnE_nSFN8Ag3KJ_iT6P2PAGJbna882IIczb5q9VXkB0RJlL4BwNHSE2q867EZBNGFTPrDJzHtM7sZ468Y4taMv0CyFdPlb0alFRsS_T658tdkt1lxrl_dzE0ixPBw99X5Rwz0XLv4yNs4BQ6RgHVZT5fGGRzXovlDx9F2ea0EleNn47KAFDs0wNjIl1oryar0pJMlb-pDPuVcGMt0XYNh5gOLty5LdAl_7PqwFsQc7QMWIGqjnSnzeGYvN7kknpfYl0SfJDQNNSJDI2b2oGUWw-K6-kCgQxxlEKbhztegiVmRGuqcDfvNqrpqc", alg: "RS256" }, epoch: 1 }, ActiveJwk { jwk_id: JwkId { iss: "https://accounts.karrier.one/", kid: "B65FDCAA152E04ADE817314CF6A06F4ECABF4CFB" }, jwk: JWK { kty: "RSA", e: "AQAB", n: "ra5LGXik2tB6apOePLdwT0ID-Kevzoyy_qcvHhvGJbrY_0PVaT3yM2t_UyvNlh60QYmtIxmGE1vTfbD6moDg0y1WLZ2tMfJ56YT23LYW-quzHHpw3pcAi8EVCFiU7pB4XHHBv-0F_eS7qGQr4Y38QyWKEzg6kv4X_xpMxEpVYmRVgYu8rGXqwCHIFq1Dc3v9Op83hO2q-geeidXjosydxgb6LdOpc27Q_0gzDM2vTaI0k8fqauVGilcYw3OxeqL5jVrdSeyaq4meHrquLdGCbI_KQiS08GJ9BZ4QchfTK70lzKasCsTcW5jd2Ci7DYoPvY-FrR8zPaxHj9jjTkAW3Q", alg: "RS256" }, epoch: 1 }, ActiveJwk { jwk_id: JwkId { iss: "https://accounts.karrier.one/", kid: "E760D111C1A1296E6D1D85F7EB18DDBAA0EC2B4E" }, jwk: JWK { kty: "RSA", e: "AQAB", n: "3s6cCgr0tKeYEy_MGYDZ7ByPgI0Bv-JimxiSNOytvXb6xvcxE_jjEiEkMg6R3frYXWWuM3V4DMB3WGc8ePDACM9e3ly8jEpxA90nJ1eE94a9bF5wQGtC8_oqw2DajBt6O5ZTSKFJhMQMyzKUXmqT_m1DsUHm0uNGPulMp2CmSE8xtFLlXdxl_8on4zN_4PboPgOrl65DKcw6THTuNcasffyxVeK6_HbuEDLp-Q1v8PtvW98TO2GvOK-yNLDrpgqeh0fnnUBHR2tkMaJ3nnLNdEkVfeBQlafCvwJPRrGX83POq6SC-WAoP6IOH9BXd0DwRvqgCj2uWhtk9yEamJ7Q2Q", alg: "RS256" }, epoch: 1 }, ActiveJwk { jwk_id: JwkId { iss: "https://login.microsoftonline.com/v2.0", kid: "-cgAvjmmQ24Ks20zIpDB4SW894w" }, jwk: JWK { kty: "RSA", e: "AQAB", n: "otM7AZjL81wdSVdrkQtt6shrQiAT8OZJeIKTeRJgrDYXKzaVXs0WFXVCjCv9GuCktF-tereotfZlcskamfuupe574o76CJy6AUtuY7wt0OKqxoSJMRuUJvA_NNkT50C_dTDHTtF7kiGBwWvHEkHeZAgT52E8bfNJswV28GsPscM9vG2ylUPyiaEIsGi0cg_JllbnfBjGhfA_lzmrB9Iw75E3f1Hnk2uAs1KcHJGSH3EwHJ5tUeo9WtLGjRAfH1kGtPjkktNaw3V8EukEzgIfILV8udpWYE79A_p5jFUnTNkQxsviNxG537JMooa1ZoYveDv_f6LCj1o7MNZQVlD3tw", alg: "RS256" }, epoch: 1 }, ActiveJwk { jwk_id: JwkId { iss: "https://login.microsoftonline.com/v2.0", kid: "CNv0OI3RwqlHFEVnaoMAshCH2XE" }, jwk: JWK { kty: "RSA", e: "AQAB", n: "hz6fUSCSAuiyQz6L1nQj4za8kItevJzxhVbecMigTIl9pXZSHZa3gzMgtapnb1q96CG5qvR78dH6ZvTKL8MzN4VfGgZhvLEv5LJKeo0tGgBIS65wxIiJYj9ExEDqFkw9RdhW1nN8IN9eO76PbC-fdEPtDekA2BaITY2DARISKN4Ke0RLBEWNrKeEjjOzrygS2e3Q9NVzE51ZGGQAGHau7atHy8M_qA1nnd2dMUgUMnEYIMzDBTSKz17G6itJOdanGvG3wXvdpndKffnDppaPkyWbnybdMI4IP7q6WsCqnt3Gtg-baG6GDqZQQEBp9C9gLAFv4ORTRlpD3w0gCMh7xw", alg: "RS256" }, epoch: 1 }, ActiveJwk { jwk_id: JwkId { iss: "https://login.microsoftonline.com/v2.0", kid: "JDNa_4i4r7FgigL3sHIlI3xV-IU" }, jwk: JWK { kty: "RSA", e: "AQAB", n: "iQ745_U-vjkxPblaw6phBpe08fC42mpcrS4pcr15HiyZQyQV-BFcEVyLwPdsz3ulMRN7OB_UMfCcPBHqOjguejoab6hyJFVVMw_epP4a3SpQN9qaCbnqaSxgSGiqSq663g3TjsF_Wu1m9L41eNoF6Yvh5kULMd6lqjY0LPO5ZZxaQFLtIHahoJKMvYy1BTS0VYcNsXTjxkgUEL6Vc8GV5vaClbnY3VA2hLbXC1SGJWjVGdYXhkuck2tHr58u87MPEaQ33C6YfyISZKsdumF5bTCcIH75jjC3WbMVOLgWg5w0MSiHOFyI76Ihxbb0nRicEuao0WzO9AS7HJ7L24FHFQ", alg: "RS256" }, epoch: 1 }, ActiveJwk { jwk_id: JwkId { iss: "https://login.microsoftonline.com/v2.0", kid: "JYhSOsHhDZrc5kfqQg8ujkHMTNY" }, jwk: JWK { kty: "RSA", e: "AQAB", n: "xxMRcusywRId_dJR_edc-qe_M3vhXONCz7QDhjVfoqHWbt9lQCXCVIsIo9VJI1nGT1F6NkXEIBt462x2p1w2cgf4AF86dGhbTpR-k81WLR5gNjkhpPqB1PCitichVIKbHAvOyYEAaJnEyCiJqIlU_Zg5L5FzRqv_N_3-fhYvWK0pc3m1Ohyd2kNRg1Nbcp5ogt7mBjec7MErfi-N0o54vXfsK6hM2m7h0sZwVd4CxgPqnpBtm2htM9xaKpnwkYoEL3va3bPI1VGGp9QLZwMV6RAHOy_ORpz4xarG-z7lZUCLO0X1So05rn7w5edBmfblUQlPL3BljbUVB3abd9SNXw", alg: "RS256" }, epoch: 1 }, ActiveJwk { jwk_id: JwkId { iss: "https://login.microsoftonline.com/v2.0", kid: "PDRf_Bs8CkDdi7av6hKLwRnNHmk" }, jwk: JWK { kty: "RSA", e: "AQAB", n: "v2R1eCh9xaZjAqn0FTf-DuDy3BFsJHc_lsv4K1Ycd1qnF5DwHC7mxnoTsA_dnI8BJvZsCAI7kkFjqKqXDSVYwRM05733_EPekLqLlb02-XLcOziMsOEMpXRrl1wFGHK5zmh2D4ZLsEId2Gdk1fcLzwjCg5iqQxi17DQFDoi0aWUKnkN62sSbiUvzd11eUl0N_beLZ0HYf53wk8r9P3reVhz9W7P8KwNBf7JyiLxmRP_yD9n3650iXi1qp8bZcAt9WmMZ2H6iHHhb7biXwvrJuf2id72VPvV6qkVu6jwUVW5yh6dIvCtPYEA7JNMWyBEXOjJbZ-3l3szj1GSV5m8eAQ", alg: "RS256" }, epoch: 1 }, ActiveJwk { jwk_id: JwkId { iss: "https://login.microsoftonline.com/v2.0", kid: "PoVKeirIOvmTyLQ9G9BenBwos7k" }, jwk: JWK { kty: "RSA", e: "AQAB", n: "ruYyUq1ElSb8QCCt0XWWRSFpUq0JkyfEvvlCa4fPDi0GZbSGgJg3qYa0co2RsBIYHczXkc71kHVpktySAgYK1KMK264e-s7Vymeq-ypHEDpRsaWric_kKEIvKZzRsyUBUWf0CUhtuUvAbDTuaFnQ4g5lfoa7u3vtsv1za5Gmn6DUPirrL_-xqijP9IsHGUKaTmB4M_qnAu6vUHCpXZnN0YTJDoK7XrVJFaKj8RrTdJB89GFJeTFHA2OX472ToyLdCDn5UatYwmht62nXGlH7_G1kW1YMpeSSwzpnMEzUUk7A8UXrvFTHXEpfXhsv0LA59dm9Hi1mIXaOe1w-icA_rQ", alg: "RS256" }, epoch: 1 }, ActiveJwk { jwk_id: JwkId { iss: "https://login.microsoftonline.com/v2.0", kid: "dd55f7QP3HZky-ekQBDWKe7ADN0" }, jwk: JWK { kty: "RSA", e: "AQAB", n: "s950MOniBjjiB82Zx5FehPuYJKtguUAP5vpMNZ6JxYLGzn5h3FPplx0kkPEezg7dnH-sFxGwq_C7P14ja0YmHUkmozqdbg4GRS8xp9Ue0-KWs4BTTkXvMPnc3xBU6be4SmHK-c7A0E54YfokiY1KTRCaq_RRPDlVZJuc6s6rK4nRoPo0eOCj7H4b--QnKmPXiFSPNp40NC7FRfx9m7SYSltubIDzq1f4j2Qlrv90f2kT5DP81_2DGdHZ_ao7ypPX2_z_m4ycQgfAhIYhNHRai6iGtbU6NPkw38LS29bVbGycVCaBoq6_re8k_UiOM7gP9l96QDFnkMmNhpRxT7t34w", alg: "RS256" }, epoch: 1 }, ActiveJwk { jwk_id: JwkId { iss: "https://login.microsoftonline.com/v2.0", kid: "ntzdbvo449IBJV0Yy_T--gOiPI8" }, jwk: JWK { kty: "RSA", e: "AQAB", n: "uYmKqopaxMNlFJ3QUgTM6TcWvR00WVPs4sCAl5Inr5tCIWbqC1IzVt74_eGPw9OypfM4YpEfAz5czFWgRRVcRQYNwDWSAXTSh-vkqK2meW4HQp7W33NCoz_kZ6JR-xwWJZCOtQa0RNwNTVuHTL2dyJo6DUShxVPtG6c8sV4gFCEz0moHBrf5njywV0GGkQgYe98GeCL3Mv2kx4WVf0pHkSELJfW5JN6jvD_05fY_g3LKsXqXm9u1cS39K4iULFVeeoz5jBMKl5h6w3lqSeBtzmqHpw6YVxcDu_bRUd_rqZUvTaZUgS_EfpOpOicaQN--90nzp4givQYEvWtDBtan5Q", alg: "RS256" }, epoch: 1 }, ActiveJwk { jwk_id: JwkId { iss: "https://cognito-idp.us-east-1.amazonaws.com/us-east-1_qPsZxYqd8", kid: "VHA/vY1d2h7X33DpZ6ZBDRfnCS/OIgiV7toCdxyEUDY=" }, jwk: JWK { kty: "RSA", e: "AQAB", n: "7nb7CxiOI5bgf80jk1WOwi6Fmo9EJzIugpl-gZehOgL4cVAmvp1ChVZMwxTRM62hIQ6Ab6k0vmLBq_jZFx6MeU4c1xTipIohOEK_5HjbesM9OuduHkujN6J7Az4ON4TyHtJOXs3-xdVbjWQwP5L2O_N334ZIb9n-hRxGRhKaQLciSNEt3TQ2ookJaa1q9UinlA0jJyIMLJXmpSdvUP_0QizT88wrenRs3PccgKBQgvtQx569yvL6YnzaRSa8pL7saNy2KqevDHkIvRfqEckduoFQTyiL5OTz6canJYaklw-OImrO1eQF2Z_TsamXKKdk9-k9WFwYx4ftDTdacDflaw", alg: "RS256" }, epoch: 1 }, ActiveJwk { jwk_id: JwkId { iss: "https://cognito-idp.us-east-1.amazonaws.com/us-east-1_qPsZxYqd8", kid: "lGbuLXh42ChSJwrMUEBO2npnvMzdAHqOj6DNZieDuVA=" }, jwk: JWK { kty: "RSA", e: "AQAB", n: "2e3M6UZo5G1r3eYi1h_dqng0lhNHE6bwSrnEmTMygjDaejpcjWKY9ICFtcz-lP_HEx_q67HsaM7QUIGpTEtAXqQHyxbMAcPlUwKSD8y_mZJlDDM4kI7KJQLW4M-904gDvih5FbnJc-QNkH1Z7vHwDpLOam53x8QQj7rjoXBzH0q0JVlv5PU5ZEoqCc2PIJCtxzZApXzMt0lnqw8DB55P4_czdplVkd80UhPAz1gM3ysTIQi2eblMvkUp98orOlpsp434g6mnrdgYFLOleuuwNraRTJRi0r9Dn9ToILY7Arywi5jS8M496CXJUFAB9UKXKrTa9pazlnRMiFBochRRZw", alg: "RS256" }, epoch: 1 }], authenticator_obj_initial_shared_version: SequenceNumber(1) }
[2m2025-03-25T07:55:00.308029Z[0m [32m INFO[0m [1mnode[0m[1m{[0m[3mname[0m[2m=[0mk#addeef94..[1m}[0m[2m:[0m [2msui_core::checkpoints[0m[2m:[0m [2mcrates/sui-core/src/checkpoints/mod.rs[0m[2m:[0m[2m1326:[0m Creating checkpoint(s) for 2 transactions [3mnext_checkpoint_seq[0m[2m=[0m218 [3mcheckpoint_timestamp[0m[2m=[0m1742889299189
[2m2025-03-25T07:55:00.308029Z[0m [32m INFO[0m [1mnode[0m[1m{[0m[3mname[0m[2m=[0mk#99f25ef6..[1m}[0m[2m:[0m [2msui_core::checkpoints[0m[2m:[0m [2mcrates/sui-core/src/checkpoints/mod.rs[0m[2m:[0m[2m1326:[0m Creating checkpoint(s) for 2 transactions [3mnext_checkpoint_seq[0m[2m=[0m218 [3mcheckpoint_timestamp[0m[2m=[0m1742889299189
[2m2025-03-25T07:55:00.308401Z[0m [32m INFO[0m [1mnode[0m[1m{[0m[3mname[0m[2m=[0mk#addeef94..[1m}[0m[2m:[0m [2msui_core::checkpoints::checkpoint_output[0m[2m:[0m [2mcrates/sui-core/src/checkpoints/checkpoint_output.rs[0m[2m:[0m[2m149:[0m Creating checkpoint CheckpointDigest(Ds3dGhx8ypHJn9h4RfdfZYTbEeLHnvB48sX51D3yg6rW) at epoch 1, sequence 218, previous digest Some(CheckpointDigest(9LrzR8VueVqYmJAKGwmMnACe1yNxr7xFDsTboQ4KvoaZ)), transactions count 2, content digest CheckpointContentsDigest(JDgYyg194E2G2G43bYka5D1ZjmBpRpKmeYky9TXbAtNP), end_of_epoch_data None
[2m2025-03-25T07:55:00.308401Z[0m [32m INFO[0m [1mnode[0m[1m{[0m[3mname[0m[2m=[0mk#99f25ef6..[1m}[0m[2m:[0m [2msui_core::checkpoints::checkpoint_output[0m[2m:[0m [2mcrates/sui-core/src/checkpoints/checkpoint_output.rs[0m[2m:[0m[2m149:[0m Creating checkpoint CheckpointDigest(Ds3dGhx8ypHJn9h4RfdfZYTbEeLHnvB48sX51D3yg6rW) at epoch 1, sequence 218, previous digest Some(CheckpointDigest(9LrzR8VueVqYmJAKGwmMnACe1yNxr7xFDsTboQ4KvoaZ)), transactions count 2, content digest CheckpointContentsDigest(JDgYyg194E2G2G43bYka5D1ZjmBpRpKmeYky9TXbAtNP), end_of_epoch_data None
[2m2025-03-25T07:55:00.384289Z[0m [32m INFO[0m [1mnode[0m[1m{[0m[3mname[0m[2m=[0mk#addeef94..[1m}[0m[2m:[0m[1mexecution_driver[0m[1m{[0m[3mtx_digest[0m[2m=[0mTransactionDigest(8duKUC3WPZyU9va8bmV5fRG42YF8govqGyqus9HFLZrS)[1m}[0m[2m:[0m [2msui_core::authority::authority_per_epoch_store[0m[2m:[0m [2mcrates/sui-core/src/authority/authority_per_epoch_store.rs[0m[2m:[0m[2m4233:[0m Updating authenticator state: AuthenticatorStateUpdate { epoch: 1, round: 8, new_active_jwks: [ActiveJwk { jwk_id: JwkId { iss: "https://auth.3dos.io", kid: "6d361dc9637a275eb585a915af26198ff0d97326ca13f4baf0e4805f72f2a9a0" }, jwk: JWK { kty: "RSA", e: "AQAB", n: "y_8hHwq7w2yE4968sbQF98iGUhnu0BwyB5khTxVPAcUnMCYdp61zYcRWml2zdY4HAfq-Nnjb_pAli6I66Vpe9IE8Gf8uGRB0oYIo2S6tYMEe0lhRaEDYVbMdQkuKxTIYMNBXSd_kCHKJM1ZUAo7uFoq_bWuzt2hRG2-79z-Ycbiw0wil0rzFHlpNBKsBLKM4GSGUwOejaL2zCiE_rjf77AvOaJLRd4I_DBYG16t8D1BkxbhkcQCmOxYGG0NqjP3z0lz-w1ALqHCNfhzczZOsgaCrbSlcTKcBTq1syAUUhQmounW7nG5clBIfPQRVH7jCoPztiJUZg6Xz1AN6V07xnw", alg: "RS256" }, epoch: 1 }, ActiveJwk { jwk_id: JwkId { iss: "https://accounts.credenza3.com", kid: "JG6oZkIBqQdkpnCnD479zFXgMA5_I7i-aHAV0MRwvDs" }, jwk: JWK { kty: "RSA", e: "AQAB", n: "wgMHXL3avVaf-jrwvVw5bhpROsF7CnY7vzovJW4fNp_dY0abqvMga2C7fzdKNp4AFxQmXkoX_-vF7wbDRLXXmjdJ-x4YdKIA_JxsZqZKCG_k5-7UZFmHb1F3oy67uYh_xRv_H8yPSJ9TKJrAiWIBG9EFvZNy8y2pHXFDNSxTo4NzcUs_-TNhiuxWatpnduoCXWJf6I813Lxn8G9Z7Tql5fUgofW5GIygxS8zUiUZaYkLPL3_aNIFal58OzUturgiTcYrQp5WPkG56AL_Y6KNhxABjopC7WTXCeFXGXCIgb-JQpPARDaL7WL3w_w5-vR3Ra2WeQ3sddtoLtB0X234DQ", alg: "RS256" }, epoch: 1 }, ActiveJwk { jwk_id: JwkId { iss: "https://accounts.credenza3.com", kid: "nArTrOCdn42U6zyzuZmxBIGAuYQaNyuHwUkAycsQTw8" }, jwk: JWK { kty: "RSA", e: "AQAB", n: "mb4kA1QddMUulk6AMeRekV0YEPX-x-eSx7BjbAy1qkPsGjnpwjUmGzk9jBptlCLgc1HT_qELTfpr_w5xqFcy-1ayAlg87gw86Z0IRN9ROTTE04LiHMIwH9Y8H06C_9I0H29WCMqFGlBJH9n0hYu6nPpgVkV6E-9wze10-jzi5JLqiM0tB8Ihniy2ZHGgiwG1CM--xHKkaXcFLF3d8bGlALGp1CgtiHdWeMyQ5SBzL6lmhMcnzzse0VlAIq1m94Fath217OcQcEw-VrJlyGJ8gAyi-N3O9VZAl2dykNgji9tcC1ws5IMbGyWSv5OpeHfUDN97iOcTJ4noBF7EwvIwpQ", alg: "RS256" }, epoch: 1 }], authenticator_obj_initial_shared_version: SequenceNumber(1) }
[2m2025-03-25T07:55:00.384289Z[0m [32m INFO[0m [1mnode[0m[1m{[0m[3mname[0m[2m=[0mk#99f25ef6..[1m}[0m[2m:[0m[1mexecution_driver[0m[1m{[0m[3mtx_digest[0m[2m=[0mTransactionDigest(8duKUC3WPZyU9va8bmV5fRG42YF8govqGyqus9HFLZrS)[1m}[0m[2m:[0m [2msui_core::authority::authority_per_epoch_store[0m[2m:[0m [2mcrates/sui-core/src/authority/authority_per_epoch_store.rs[0m[2m:[0m[2m4233:[0m Updating authenticator state: AuthenticatorStateUpdate { epoch: 1, round: 8, new_active_jwks: [ActiveJwk { jwk_id: JwkId { iss: "https://auth.3dos.io", kid: "6d361dc9637a275eb585a915af26198ff0d97326ca13f4baf0e4805f72f2a9a0" }, jwk: JWK { kty: "RSA", e: "AQAB", n: "y_8hHwq7w2yE4968sbQF98iGUhnu0BwyB5khTxVPAcUnMCYdp61zYcRWml2zdY4HAfq-Nnjb_pAli6I66Vpe9IE8Gf8uGRB0oYIo2S6tYMEe0lhRaEDYVbMdQkuKxTIYMNBXSd_kCHKJM1ZUAo7uFoq_bWuzt2hRG2-79z-Ycbiw0wil0rzFHlpNBKsBLKM4GSGUwOejaL2zCiE_rjf77AvOaJLRd4I_DBYG16t8D1BkxbhkcQCmOxYGG0NqjP3z0lz-w1ALqHCNfhzczZOsgaCrbSlcTKcBTq1syAUUhQmounW7nG5clBIfPQRVH7jCoPztiJUZg6Xz1AN6V07xnw", alg: "RS256" }, epoch: 1 }, ActiveJwk { jwk_id: JwkId { iss: "https://accounts.credenza3.com", kid: "JG6oZkIBqQdkpnCnD479zFXgMA5_I7i-aHAV0MRwvDs" }, jwk: JWK { kty: "RSA", e: "AQAB", n: "wgMHXL3avVaf-jrwvVw5bhpROsF7CnY7vzovJW4fNp_dY0abqvMga2C7fzdKNp4AFxQmXkoX_-vF7wbDRLXXmjdJ-x4YdKIA_JxsZqZKCG_k5-7UZFmHb1F3oy67uYh_xRv_H8yPSJ9TKJrAiWIBG9EFvZNy8y2pHXFDNSxTo4NzcUs_-TNhiuxWatpnduoCXWJf6I813Lxn8G9Z7Tql5fUgofW5GIygxS8zUiUZaYkLPL3_aNIFal58OzUturgiTcYrQp5WPkG56AL_Y6KNhxABjopC7WTXCeFXGXCIgb-JQpPARDaL7WL3w_w5-vR3Ra2WeQ3sddtoLtB0X234DQ", alg: "RS256" }, epoch: 1 }, ActiveJwk { jwk_id: JwkId { iss: "https://accounts.credenza3.com", kid: "nArTrOCdn42U6zyzuZmxBIGAuYQaNyuHwUkAycsQTw8" }, jwk: JWK { kty: "RSA", e: "AQAB", n: "mb4kA1QddMUulk6AMeRekV0YEPX-x-eSx7BjbAy1qkPsGjnpwjUmGzk9jBptlCLgc1HT_qELTfpr_w5xqFcy-1ayAlg87gw86Z0IRN9ROTTE04LiHMIwH9Y8H06C_9I0H29WCMqFGlBJH9n0hYu6nPpgVkV6E-9wze10-jzi5JLqiM0tB8Ihniy2ZHGgiwG1CM--xHKkaXcFLF3d8bGlALGp1CgtiHdWeMyQ5SBzL6lmhMcnzzse0VlAIq1m94Fath217OcQcEw-VrJlyGJ8gAyi-N3O9VZAl2dykNgji9tcC1ws5IMbGyWSv5OpeHfUDN97iOcTJ4noBF7EwvIwpQ", alg: "RS256" }, epoch: 1 }], authenticator_obj_initial_shared_version: SequenceNumber(1) }
[2m2025-03-25T07:55:00.409940Z[0m [32m INFO[0m [1mnode[0m[1m{[0m[3mname[0m[2m=[0mk#addeef94..[1m}[0m[2m:[0m [2msui_core::checkpoints[0m[2m:[0m [2mcrates/sui-core/src/checkpoints/mod.rs[0m[2m:[0m[2m1326:[0m Creating checkpoint(s) for 2 transactions [3mnext_checkpoint_seq[0m[2m=[0m219 [3mcheckpoint_timestamp[0m[2m=[0m1742889299444
[2m2025-03-25T07:55:00.409940Z[0m [32m INFO[0m [1mnode[0m[1m{[0m[3mname[0m[2m=[0mk#99f25ef6..[1m}[0m[2m:[0m [2msui_core::checkpoints[0m[2m:[0m [2mcrates/sui-core/src/checkpoints/mod.rs[0m[2m:[0m[2m1326:[0m Creating checkpoint(s) for 2 transactions [3mnext_checkpoint_seq[0m[2m=[0m219 [3mcheckpoint_timestamp[0m[2m=[0m1742889299444
[2m2025-03-25T07:55:00.410262Z[0m [32m INFO[0m [1mnode[0m[1m{[0m[3mname[0m[2m=[0mk#addeef94..[1m}[0m[2m:[0m [2msui_core::checkpoints::checkpoint_output[0m[2m:[0m [2mcrates/sui-core/src/checkpoints/checkpoint_output.rs[0m[2m:[0m[2m149:[0m Creating checkpoint CheckpointDigest(EmKPSX97nNxf3grShPFWU5wT4homyPRbZyRse7fbAS7H) at epoch 1, sequence 219, previous digest Some(CheckpointDigest(Ds3dGhx8ypHJn9h4RfdfZYTbEeLHnvB48sX51D3yg6rW)), transactions count 2, content digest CheckpointContentsDigest(7XV9YvAXFLfY3DGE4gwF48aHnQGL2YZQKipJ7Qkyyr27), end_of_epoch_data None
[2m2025-03-25T07:55:00.410261Z[0m [32m INFO[0m [1mnode[0m[1m{[0m[3mname[0m[2m=[0mk#99f25ef6..[1m}[0m[2m:[0m [2msui_core::checkpoints::checkpoint_output[0m[2m:[0m [2mcrates/sui-core/src/checkpoints/checkpoint_output.rs[0m[2m:[0m[2m149:[0m Creating checkpoint CheckpointDigest(EmKPSX97nNxf3grShPFWU5wT4homyPRbZyRse7fbAS7H) at epoch 1, sequence 219, previous digest Some(CheckpointDigest(Ds3dGhx8ypHJn9h4RfdfZYTbEeLHnvB48sX51D3yg6rW)), transactions count 2, content digest CheckpointContentsDigest(7XV9YvAXFLfY3DGE4gwF48aHnQGL2YZQKipJ7Qkyyr27), end_of_epoch_data None
[2m2025-03-25T07:55:00.492069Z[0m [32m INFO[0m [1mnode[0m[1m{[0m[3mname[0m[2m=[0mk#addeef94..[1m}[0m[2m:[0m [2msui_core::checkpoints[0m[2m:[0m [2mcrates/sui-core/src/checkpoints/mod.rs[0m[2m:[0m[2m1326:[0m Creating checkpoint(s) for 1 transactions [3mnext_checkpoint_seq[0m[2m=[0m220 [3mcheckpoint_timestamp[0m[2m=[0m1742889299697
[2m2025-03-25T07:55:00.492087Z[0m [32m INFO[0m [1mnode[0m[1m{[0m[3mname[0m[2m=[0mk#99f25ef6..[1m}[0m[2m:[0m [2msui_core::checkpoints[0m[2m:[0m [2mcrates/sui-core/src/checkpoints/mod.rs[0m[2m:[0m[2m1326:[0m Creating checkpoint(s) for 1 transactions [3mnext_checkpoint_seq[0m[2m=[0m220 [3mcheckpoint_timestamp[0m[2m=[0m1742889299697
[2m2025-03-25T07:55:00.492303Z[0m [32m INFO[0m [1mnode[0m[1m{[0m[3mname[0m[2m=[0mk#99f25ef6..[1m}[0m[2m:[0m [2msui_core::checkpoints::checkpoint_output[0m[2m:[0m [2mcrates/sui-core/src/checkpoints/checkpoint_output.rs[0m[2m:[0m[2m149:[0m Creating checkpoint CheckpointDigest(5bGFeV8JJrer89NZHG8erx6gRgwbo2uvYeEEkaKJ891g) at epoch 1, sequence 220, previous digest Some(CheckpointDigest(EmKPSX97nNxf3grShPFWU5wT4homyPRbZyRse7fbAS7H)), transactions count 1, content digest CheckpointContentsDigest(CFKYsdC8jB76UXoc8VpS1Z1zguaCcPRSYbLTpxwKUDWD), end_of_epoch_data None
[2m2025-03-25T07:55:00.492303Z[0m [32m INFO[0m [1mnode[0m[1m{[0m[3mname[0m[2m=[0mk#addeef94..[1m}[0m[2m:[0m [2msui_core::checkpoints::checkpoint_output[0m[2m:[0m [2mcrates/sui-core/src/checkpoints/checkpoint_output.rs[0m[2m:[0m[2m149:[0m Creating checkpoint CheckpointDigest(5bGFeV8JJrer89NZHG8erx6gRgwbo2uvYeEEkaKJ891g) at epoch 1, sequence 220, previous digest Some(CheckpointDigest(EmKPSX97nNxf3grShPFWU5wT4homyPRbZyRse7fbAS7H)), transactions count 1, content digest CheckpointContentsDigest(CFKYsdC8jB76UXoc8VpS1Z1zguaCcPRSYbLTpxwKUDWD), end_of_epoch_data None
[2m2025-03-25T07:55:00.492837Z[0m [32m INFO[0m [1mnode[0m[1m{[0m[3mname[0m[2m=[0mk#addeef94..[1m}[0m[2m:[0m [2mconsensus_core::core[0m[2m:[0m [2mconsensus/core/src/core.rs[0m[2m:[0m[2m945:[0m Included 2 ancestors & excluded 0 ancestors for proposal in round 12
[2m2025-03-25T07:55:00.492849Z[0m [32m INFO[0m [1mnode[0m[1m{[0m[3mname[0m[2m=[0mk#99f25ef6..[1m}[0m[2m:[0m [2mconsensus_core::core[0m[2m:[0m [2mconsensus/core/src/core.rs[0m[2m:[0m[2m945:[0m Included 2 ancestors & excluded 0 ancestors for proposal in round 12
[2m2025-03-25T07:55:00.493205Z[0m [32m INFO[0m [1mnode[0m[1m{[0m[3mname[0m[2m=[0mk#addeef94..[1m}[0m[2m:[0m [2mconsensus_core::core[0m[2m:[0m [2mconsensus/core/src/core.rs[0m[2m:[0m[2m531:[0m Created block B12(C,LuLe+7m5BgK0jdW0EXKwODQfEr5kfWG0q1P12mhtWa4=)(1742889300492ms;[B11(C,ETgbyaOICykiG590o57We/0GwoE74FALOWXuCRX+Fnc=), B11(B,2Fpqwt9KW/VnEbsrMaH6a+HCbY5rG2+DOJ+gTlpxxd0=)];2t;3c) for round 12
[2m2025-03-25T07:55:00.493205Z[0m [32m INFO[0m [1mnode[0m[1m{[0m[3mname[0m[2m=[0mk#99f25ef6..[1m}[0m[2m:[0m [2mconsensus_core::core[0m[2m:[0m [2mconsensus/core/src/core.rs[0m[2m:[0m[2m531:[0m Created block B12(B,9S0wPgbDgxLteu3T2IhUkcLVX4bFJOEtuX8pKGmYHRs=)(1742889300492ms;[B11(B,2Fpqwt9KW/VnEbsrMaH6a+HCbY5rG2+DOJ+gTlpxxd0=), B11(C,ETgbyaOICykiG590o57We/0GwoE74FALOWXuCRX+Fnc=)];2t;3c) for round 12
[2m2025-03-25T07:55:00.496039Z[0m [32m INFO[0m [1mnode[0m[1m{[0m[3mname[0m[2m=[0mk#addeef94..[1m}[0m[2m:[0m [2mconsensus_core::core[0m[2m:[0m [2mconsensus/core/src/core.rs[0m[2m:[0m[2m630:[0m Committing 1 leaders: B10(B,vaC6)
[2m2025-03-25T07:55:00.496066Z[0m [32m INFO[0m [1mnode[0m[1m{[0m[3mname[0m[2m=[0mk#99f25ef6..[1m}[0m[2m:[0m [2mconsensus_core::core[0m[2m:[0m [2mconsensus/core/src/core.rs[0m[2m:[0m[2m630:[0m Committing 1 leaders: B10(B,vaC6)
[2m2025-03-25T07:55:00.496143Z[0m [32m INFO[0m [1mnode[0m[1m{[0m[3mname[0m[2m=[0mk#addeef94..[1m}[0m[2m:[0m [2mconsensus_core::commit_observer[0m[2m:[0m [2mconsensus/core/src/commit_observer.rs[0m[2m:[0m[2m173:[0m Consensus commit C8(2XoF) with leader B10(B,vaC6) has 3 blocks
[2m2025-03-25T07:55:00.496161Z[0m [32m INFO[0m [1mnode[0m[1m{[0m[3mname[0m[2m=[0mk#99f25ef6..[1m}[0m[2m:[0m [2mconsensus_core::commit_observer[0m[2m:[0m [2mconsensus/core/src/commit_observer.rs[0m[2m:[0m[2m173:[0m Consensus commit C8(2XoF) with leader B10(B,vaC6) has 3 blocks
[2m2025-03-25T07:55:00.496221Z[0m [32m INFO[0m [1mnode[0m[1m{[0m[3mname[0m[2m=[0mk#addeef94..[1m}[0m[2m:[0m [2msui_core::consensus_handler[0m[2m:[0m [2mcrates/sui-core/src/consensus_handler.rs[0m[2m:[0m[2m232:[0m Received consensus output [3mconsensus_commit[0m[2m=[0mCommittedSubDag(leader=B10(B,vaC6), ref=C8(2XoF), blocks=[Bo0a, dO7H, vaC6]) [3mepoch[0m[2m=[0m1
[2m2025-03-25T07:55:00.496230Z[0m [32m INFO[0m [1mnode[0m[1m{[0m[3mname[0m[2m=[0mk#99f25ef6..[1m}[0m[2m:[0m [2msui_core::consensus_handler[0m[2m:[0m [2mcrates/sui-core/src/consensus_handler.rs[0m[2m:[0m[2m232:[0m Received consensus output [3mconsensus_commit[0m[2m=[0mCommittedSubDag(leader=B10(B,vaC6), ref=C8(2XoF), blocks=[Bo0a, dO7H, vaC6]) [3mepoch[0m[2m=[0m1
[2m2025-03-25T07:55:00.522430Z[0m [32m INFO[0m [1mnode[0m[1m{[0m[3mname[0m[2m=[0mk#99f25ef6..[1m}[0m[2m:[0m [2msui_core::checkpoints[0m[2m:[0m [2mcrates/sui-core/src/checkpoints/mod.rs[0m[2m:[0m[2m1326:[0m Creating checkpoint(s) for 2 transactions [3mnext_checkpoint_seq[0m[2m=[0m221 [3mcheckpoint_timestamp[0m[2m=[0m1742889299950
[2m2025-03-25T07:55:00.522431Z[0m [32m INFO[0m [1mnode[0m[1m{[0m[3mname[0m[2m=[0mk#addeef94..[1m}[0m[2m:[0m [2msui_core::checkpoints[0m[2m:[0m [2mcrates/sui-core/src/checkpoints/mod.rs[0m[2m:[0m[2m1326:[0m Creating checkpoint(s) for 2 transactions [3mnext_checkpoint_seq[0m[2m=[0m221 [3mcheckpoint_timestamp[0m[2m=[0m1742889299950
[2m2025-03-25T07:55:00.522730Z[0m [32m INFO[0m [1mnode[0m[1m{[0m[3mname[0m[2m=[0mk#addeef94..[1m}[0m[2m:[0m [2msui_core::checkpoints::checkpoint_output[0m[2m:[0m [2mcrates/sui-core/src/checkpoints/checkpoint_output.rs[0m[2m:[0m[2m149:[0m Creating checkpoint CheckpointDigest(9fMFpT9WeA7u1M7kd1r4kWWV9SeK1Ah2eUXQm6AAWQFr) at epoch 1, sequence 221, previous digest Some(CheckpointDigest(5bGFeV8JJrer89NZHG8erx6gRgwbo2uvYeEEkaKJ891g)), transactions count 2, content digest CheckpointContentsDigest(EBytrgYF61hHKzuHAA3a4XMdvwLqYyvv8VdWNkkZGK7d), end_of_epoch_data None
[2m2025-03-25T07:55:00.522730Z[0m [32m INFO[0m [1mnode[0m[1m{[0m[3mname[0m[2m=[0mk#99f25ef6..[1m}[0m[2m:[0m [2msui_core::checkpoints::checkpoint_output[0m[2m:[0m [2mcrates/sui-core/src/checkpoints/checkpoint_output.rs[0m[2m:[0m[2m149:[0m Creating checkpoint CheckpointDigest(9fMFpT9WeA7u1M7kd1r4kWWV9SeK1Ah2eUXQm6AAWQFr) at epoch 1, sequence 221, previous digest Some(CheckpointDigest(5bGFeV8JJrer89NZHG8erx6gRgwbo2uvYeEEkaKJ891g)), transactions count 2, content digest CheckpointContentsDigest(EBytrgYF61hHKzuHAA3a4XMdvwLqYyvv8VdWNkkZGK7d), end_of_epoch_data None
[2m2025-03-25T07:55:00.612887Z[0m [32m INFO[0m [1mnode[0m[1m{[0m[3mname[0m[2m=[0mk#8dcff6d1..[1m}[0m[2m:[0m [2mconsensus_core::core[0m[2m:[0m [2mconsensus/core/src/core.rs[0m[2m:[0m[2m945:[0m Included 3 ancestors & excluded 0 ancestors for proposal in round 11
[2m2025-03-25T07:55:00.613159Z[0m [32m INFO[0m [1mnode[0m[1m{[0m[3mname[0m[2m=[0mk#8dcff6d1..[1m}[0m[2m:[0m [2mconsensus_core::core[0m[2m:[0m [2mconsensus/core/src/core.rs[0m[2m:[0m[2m531:[0m Created block B11(A,YN3muUoNWpsJgFY7a2mcbwV76rKA+pchIy4SDB0DO2c=)(1742889300612ms;[B10(A,sabCqkRhxO3RAlaxmqPAiltP1Be8yYkpUE9+gPH6EVM=), B10(B,vaC6f/pPDF2Io0shPEEbX/FnsNH5Rdh5/YehJBANj58=), B10(C,J4QIZpoeubqrRiW6ZPvjfFlIf+mrjD48oiA2KWe06iI=)];0t;0c) for round 11
[2m2025-03-25T07:55:00.613891Z[0m [32m INFO[0m [1mnode[0m[1m{[0m[3mname[0m[2m=[0mk#8dcff6d1..[1m}[0m[2m:[0m [2mconsensus_core::core[0m[2m:[0m [2mconsensus/core/src/core.rs[0m[2m:[0m[2m630:[0m Committing 3 leaders: B7(C,qgdg),B8(C,A9tB),B9(C,cJPS)
[2m2025-03-25T07:55:00.614046Z[0m [32m INFO[0m [1mnode[0m[1m{[0m[3mname[0m[2m=[0mk#8dcff6d1..[1m}[0m[2m:[0m [2mconsensus_core::commit_observer[0m[2m:[0m [2mconsensus/core/src/commit_observer.rs[0m[2m:[0m[2m173:[0m Consensus commit C5(H8bz) with leader B7(C,qgdg) has 5 blocks
[2m2025-03-25T07:55:00.614058Z[0m [32m INFO[0m [1mnode[0m[1m{[0m[3mname[0m[2m=[0mk#8dcff6d1..[1m}[0m[2m:[0m [2mconsensus_core::commit_observer[0m[2m:[0m [2mconsensus/core/src/commit_observer.rs[0m[2m:[0m[2m173:[0m Consensus commit C6(7Xsn) with leader B8(C,A9tB) has 3 blocks
[2m2025-03-25T07:55:00.614066Z[0m [32m INFO[0m [1mnode[0m[1m{[0m[3mname[0m[2m=[0mk#8dcff6d1..[1m}[0m[2m:[0m [2mconsensus_core::commit_observer[0m[2m:[0m [2mconsensus/core/src/commit_observer.rs[0m[2m:[0m[2m173:[0m Consensus commit C7(v+4+) with leader B9(C,cJPS) has 2 blocks
[2m2025-03-25T07:55:00.614150Z[0m [32m INFO[0m [1mnode[0m[1m{[0m[3mname[0m[2m=[0mk#8dcff6d1..[1m}[0m[2m:[0m [2msui_core::consensus_handler[0m[2m:[0m [2mcrates/sui-core/src/consensus_handler.rs[0m[2m:[0m[2m232:[0m Received consensus output [3mconsensus_commit[0m[2m=[0mCommittedSubDag(leader=B7(C,qgdg), ref=C5(H8bz), blocks=[tzM8, kFzo, QCd/, 5Apf, qgdg]) [3mepoch[0m[2m=[0m1
[2m2025-03-25T07:55:00.614254Z[0m [32m INFO[0m [1mnode[0m[1m{[0m[3mname[0m[2m=[0mk#8dcff6d1..[1m}[0m[2m:[0m [2msui_core::consensus_handler[0m[2m:[0m [2mcrates/sui-core/src/consensus_handler.rs[0m[2m:[0m[2m520:[0m creating authenticator state update transaction
[2m2025-03-25T07:55:00.615037Z[0m [32m INFO[0m [1mnode[0m[1m{[0m[3mname[0m[2m=[0mk#8dcff6d1..[1m}[0m[2m:[0m [2msui_core::authority::authority_per_epoch_store[0m[2m:[0m [2mcrates/sui-core/src/authority/authority_per_epoch_store.rs[0m[2m:[0m[2m2388:[0m received jwk vote from k#8dcff6d1.. for jwk (JwkId { iss: "https://accounts.credenza3.com", kid: "JG6oZkIBqQdkpnCnD479zFXgMA5_I7i-aHAV0MRwvDs" }, JWK { kty: "RSA", e: "AQAB", n: "wgMHXL3avVaf-jrwvVw5bhpROsF7CnY7vzovJW4fNp_dY0abqvMga2C7fzdKNp4AFxQmXkoX_-vF7wbDRLXXmjdJ-x4YdKIA_JxsZqZKCG_k5-7UZFmHb1F3oy67uYh_xRv_H8yPSJ9TKJrAiWIBG9EFvZNy8y2pHXFDNSxTo4NzcUs_-TNhiuxWatpnduoCXWJf6I813Lxn8G9Z7Tql5fUgofW5GIygxS8zUiUZaYkLPL3_aNIFal58OzUturgiTcYrQp5WPkG56AL_Y6KNhxABjopC7WTXCeFXGXCIgb-JQpPARDaL7WL3w_w5-vR3Ra2WeQ3sddtoLtB0X234DQ", alg: "RS256" })
[2m2025-03-25T07:55:00.615065Z[0m [32m INFO[0m [1mnode[0m[1m{[0m[3mname[0m[2m=[0mk#8dcff6d1..[1m}[0m[2m:[0m [2msui_core::authority::authority_per_epoch_store[0m[2m:[0m [2mcrates/sui-core/src/authority/authority_per_epoch_store.rs[0m[2m:[0m[2m2425:[0m jwk became active [3mepoch[0m[2m=[0m1 [3mround[0m[2m=[0m7 [3mjwk[0m[2m=[0m(JwkId { iss: "https://accounts.credenza3.com", kid: "JG6oZkIBqQdkpnCnD479zFXgMA5_I7i-aHAV0MRwvDs" }, JWK { kty: "RSA", e: "AQAB", n: "wgMHXL3avVaf-jrwvVw5bhpROsF7CnY7vzovJW4fNp_dY0abqvMga2C7fzdKNp4AFxQmXkoX_-vF7wbDRLXXmjdJ-x4YdKIA_JxsZqZKCG_k5-7UZFmHb1F3oy67uYh_xRv_H8yPSJ9TKJrAiWIBG9EFvZNy8y2pHXFDNSxTo4NzcUs_-TNhiuxWatpnduoCXWJf6I813Lxn8G9Z7Tql5fUgofW5GIygxS8zUiUZaYkLPL3_aNIFal58OzUturgiTcYrQp5WPkG56AL_Y6KNhxABjopC7WTXCeFXGXCIgb-JQpPARDaL7WL3w_w5-vR3Ra2WeQ3sddtoLtB0X234DQ", alg: "RS256" })
[2m2025-03-25T07:55:00.615084Z[0m [32m INFO[0m [1mnode[0m[1m{[0m[3mname[0m[2m=[0mk#8dcff6d1..[1m}[0m[2m:[0m [2msui_core::authority::authority_per_epoch_store[0m[2m:[0m [2mcrates/sui-core/src/authority/authority_per_epoch_store.rs[0m[2m:[0m[2m2388:[0m received jwk vote from k#8dcff6d1.. for jwk (JwkId { iss: "https://accounts.credenza3.com", kid: "nArTrOCdn42U6zyzuZmxBIGAuYQaNyuHwUkAycsQTw8" }, JWK { kty: "RSA", e: "AQAB", n: "mb4kA1QddMUulk6AMeRekV0YEPX-x-eSx7BjbAy1qkPsGjnpwjUmGzk9jBptlCLgc1HT_qELTfpr_w5xqFcy-1ayAlg87gw86Z0IRN9ROTTE04LiHMIwH9Y8H06C_9I0H29WCMqFGlBJH9n0hYu6nPpgVkV6E-9wze10-jzi5JLqiM0tB8Ihniy2ZHGgiwG1CM--xHKkaXcFLF3d8bGlALGp1CgtiHdWeMyQ5SBzL6lmhMcnzzse0VlAIq1m94Fath217OcQcEw-VrJlyGJ8gAyi-N3O9VZAl2dykNgji9tcC1ws5IMbGyWSv5OpeHfUDN97iOcTJ4noBF7EwvIwpQ", alg: "RS256" })
[2m2025-03-25T07:55:00.615100Z[0m [32m INFO[0m [1mnode[0m[1m{[0m[3mname[0m[2m=[0mk#8dcff6d1..[1m}[0m[2m:[0m [2msui_core::authority::authority_per_epoch_store[0m[2m:[0m [2mcrates/sui-core/src/authority/authority_per_epoch_store.rs[0m[2m:[0m[2m2425:[0m jwk became active [3mepoch[0m[2m=[0m1 [3mround[0m[2m=[0m7 [3mjwk[0m[2m=[0m(JwkId { iss: "https://accounts.credenza3.com", kid: "nArTrOCdn42U6zyzuZmxBIGAuYQaNyuHwUkAycsQTw8" }, JWK { kty: "RSA", e: "AQAB", n: "mb4kA1QddMUulk6AMeRekV0YEPX-x-eSx7BjbAy1qkPsGjnpwjUmGzk9jBptlCLgc1HT_qELTfpr_w5xqFcy-1ayAlg87gw86Z0IRN9ROTTE04LiHMIwH9Y8H06C_9I0H29WCMqFGlBJH9n0hYu6nPpgVkV6E-9wze10-jzi5JLqiM0tB8Ihniy2ZHGgiwG1CM--xHKkaXcFLF3d8bGlALGp1CgtiHdWeMyQ5SBzL6lmhMcnzzse0VlAIq1m94Fath217OcQcEw-VrJlyGJ8gAyi-N3O9VZAl2dykNgji9tcC1ws5IMbGyWSv5OpeHfUDN97iOcTJ4noBF7EwvIwpQ", alg: "RS256" })
[2m2025-03-25T07:55:00.615116Z[0m [32m INFO[0m [1mnode[0m[1m{[0m[3mname[0m[2m=[0mk#8dcff6d1..[1m}[0m[2m:[0m [2msui_core::authority::authority_per_epoch_store[0m[2m:[0m [2mcrates/sui-core/src/authority/authority_per_epoch_store.rs[0m[2m:[0m[2m2388:[0m received jwk vote from k#8dcff6d1.. for jwk (JwkId { iss: "https://auth.3dos.io", kid: "6d361dc9637a275eb585a915af26198ff0d97326ca13f4baf0e4805f72f2a9a0" }, JWK { kty: "RSA", e: "AQAB", n: "y_8hHwq7w2yE4968sbQF98iGUhnu0BwyB5khTxVPAcUnMCYdp61zYcRWml2zdY4HAfq-Nnjb_pAli6I66Vpe9IE8Gf8uGRB0oYIo2S6tYMEe0lhRaEDYVbMdQkuKxTIYMNBXSd_kCHKJM1ZUAo7uFoq_bWuzt2hRG2-79z-Ycbiw0wil0rzFHlpNBKsBLKM4GSGUwOejaL2zCiE_rjf77AvOaJLRd4I_DBYG16t8D1BkxbhkcQCmOxYGG0NqjP3z0lz-w1ALqHCNfhzczZOsgaCrbSlcTKcBTq1syAUUhQmounW7nG5clBIfPQRVH7jCoPztiJUZg6Xz1AN6V07xnw", alg: "RS256" })
[2m2025-03-25T07:55:00.615197Z[0m [32m INFO[0m [1mnode[0m[1m{[0m[3mname[0m[2m=[0mk#8dcff6d1..[1m}[0m[2m:[0m [2msui_core::authority::authority_per_epoch_store[0m[2m:[0m [2mcrates/sui-core/src/authority/authority_per_epoch_store.rs[0m[2m:[0m[2m2388:[0m received jwk vote from k#99f25ef6.. for jwk (JwkId { iss: "https://cognito-idp.us-east-1.amazonaws.com/us-east-1_qPsZxYqd8", kid: "VHA/vY1d2h7X33DpZ6ZBDRfnCS/OIgiV7toCdxyEUDY=" }, JWK { kty: "RSA", e: "AQAB", n: "7nb7CxiOI5bgf80jk1WOwi6Fmo9EJzIugpl-gZehOgL4cVAmvp1ChVZMwxTRM62hIQ6Ab6k0vmLBq_jZFx6MeU4c1xTipIohOEK_5HjbesM9OuduHkujN6J7Az4ON4TyHtJOXs3-xdVbjWQwP5L2O_N334ZIb9n-hRxGRhKaQLciSNEt3TQ2ookJaa1q9UinlA0jJyIMLJXmpSdvUP_0QizT88wrenRs3PccgKBQgvtQx569yvL6YnzaRSa8pL7saNy2KqevDHkIvRfqEckduoFQTyiL5OTz6canJYaklw-OImrO1eQF2Z_TsamXKKdk9-k9WFwYx4ftDTdacDflaw", alg: "RS256" })
[2m2025-03-25T07:55:00.615218Z[0m [32m INFO[0m [1mnode[0m[1m{[0m[3mname[0m[2m=[0mk#8dcff6d1..[1m}[0m[2m:[0m [2msui_core::authority::authority_per_epoch_store[0m[2m:[0m [2mcrates/sui-core/src/authority/authority_per_epoch_store.rs[0m[2m:[0m[2m2388:[0m received jwk vote from k#99f25ef6.. for jwk (JwkId { iss: "https://cognito-idp.us-east-1.amazonaws.com/us-east-1_qPsZxYqd8", kid: "lGbuLXh42ChSJwrMUEBO2npnvMzdAHqOj6DNZieDuVA=" }, JWK { kty: "RSA", e: "AQAB", n: "2e3M6UZo5G1r3eYi1h_dqng0lhNHE6bwSrnEmTMygjDaejpcjWKY9ICFtcz-lP_HEx_q67HsaM7QUIGpTEtAXqQHyxbMAcPlUwKSD8y_mZJlDDM4kI7KJQLW4M-904gDvih5FbnJc-QNkH1Z7vHwDpLOam53x8QQj7rjoXBzH0q0JVlv5PU5ZEoqCc2PIJCtxzZApXzMt0lnqw8DB55P4_czdplVkd80UhPAz1gM3ysTIQi2eblMvkUp98orOlpsp434g6mnrdgYFLOleuuwNraRTJRi0r9Dn9ToILY7Arywi5jS8M496CXJUFAB9UKXKrTa9pazlnRMiFBochRRZw", alg: "RS256" })
[2m2025-03-25T07:55:00.615237Z[0m [32m INFO[0m [1mnode[0m[1m{[0m[3mname[0m[2m=[0mk#8dcff6d1..[1m}[0m[2m:[0m [2msui_core::authority::authority_per_epoch_store[0m[2m:[0m [2mcrates/sui-core/src/authority/authority_per_epoch_store.rs[0m[2m:[0m[2m2388:[0m received jwk vote from k#99f25ef6.. for jwk (JwkId { iss: "https://oauth2.playtron.one", kid: "1fd66a18-7afd-4086-ba57-a8ca9b398406" }, JWK { kty: "RSA", e: "AQAB", n: "7XHinRSS9un2BdWsLhFOdi5N-17HMRYf4odQE4KqiPqRrp8TDE9bDekg8ERCW7Hqkgp44U07BUJwCiL5ss_9rIgV6Wy_lOwF_npGqMstZYemnZYNvpaD4ZEneoRmo94qNkYg5szBhVlvaF-IXlwB4GEQdDLJZOLafgPYL4XK2eD49Q7PU7jkNKy91k98UeK3fH9iv0L6W5nJNU1SzCR75gRcWyKSySg9RCTQyWFak8VhWW1YxwIQebvGgTsr6jYgxvcmRsSLeMhEhoIhOOkC1zQK51kBB-ZS7o2KttDHr1dn08LeHJkxSZ2guLdT_V2ISDiKxjXgVBlSvvweLgEHs7cehNU-D65uQpTxULPJW7xeITDl8rCCxbr8p8rcq-I19EV5Uj4n7RswaNDZ2YO87Yx12KzZVrO_0Tra6CvsNJ7hdI_Ykg7yMLs-dj7eKgOF5Nx1Q7Bnp1OyRKIXfUkyZkh8mjfiMt-npf1WPAgF1Iwx5H-ww1rTuFR6yyZRtEHyVxudg9XFar6cKizi75uKVGaV74GMGI2tPGL0zh_jCh8QSk68HltKdfLP8xDvHBB_crklWlr9iYuFjHzLI9KWvICvQWMtQikHE3iaf492I9SMqR0OIwSeg5TzzerVX17qkCeVbdxOK9jKeP5k2sW6mETUdrJCmlRwGN-EG_VIOrE", alg: "RS256" })
[2m2025-03-25T07:55:00.615257Z[0m [32m INFO[0m [1mnode[0m[1m{[0m[3mname[0m[2m=[0mk#8dcff6d1..[1m}[0m[2m:[0m [2msui_core::authority::authority_per_epoch_store[0m[2m:[0m [2mcrates/sui-core/src/authority/authority_per_epoch_store.rs[0m[2m:[0m[2m2388:[0m received jwk vote from k#99f25ef6.. for jwk (JwkId { iss: "https://oauth2.playtron.one", kid: "7388b63c-ba03-4fe3-85e3-6717f91d55b1" }, JWK { kty: "RSA", e: "AQAB", n: "scvmHIfIZk5ZU7_k6snu98s5rPKBDws804qpNEPyy7fkmzxDbcN-qWQJrDgNU-pvr5WvIPyu2hfFrNtBiiE3IZqqGRm2rJb8LoKz6mtxiLyRT8EQS8D8U6uiR8mkvbw-vgJ1h3l2gHDXPGN-03_DXrL8r2xDiuxdezxjiCI80r7bmpZg9i8PWtL1BQU43nM4MNDXi9Wo5ppSojFxTe8L75ZOnFeLBVxPJG9YBGhFnATIoUei7ohbw5_t9buiIfXTQ3ZwCvG3WAGFDsOIdl3PapA1T7oTlsfQp0wQa0EDeleFBu81ytNlidJNQcXz3F9OmwYbHJ4bPMYcz-x2ATLK5w", alg: "RS256" })
[2m2025-03-25T07:55:00.615279Z[0m [32m INFO[0m [1mnode[0m[1m{[0m[3mname[0m[2m=[0mk#8dcff6d1..[1m}[0m[2m:[0m [2msui_core::authority::authority_per_epoch_store[0m[2m:[0m [2mcrates/sui-core/src/authority/authority_per_epoch_store.rs[0m[2m:[0m[2m2388:[0m received jwk vote from k#99f25ef6.. for jwk (JwkId { iss: "https://oauth2.playtron.one", kid: "e55421cb-cdbd-4791-a590-ad8ca798aa89" }, JWK { kty: "RSA", e: "AQAB", n: "vy8-EHvWmVHH5xi3BBvfalX9i6OuP9mz2wz1E72eMTf1ZHVbZ66O-vWlr2F2SNSyB_PURIb1KIqUcvpn6GW_vgs4EhflMJnmeZ0Fot4V6YsEOIzob7jkooeFNZ7dTDDHahtMyBd7pcJCv1afdQSTVZQeO0lm0swOm2whkw6hV7R2fBG3zLJsBUqe9oEwMa9cJ768KFfxFoEAUk3SQZ74JmkgOEKBSf26EcPcxAZTreSDAdh5-MI4oD1aawHfb5nl1CQxhRf4YcCp_MVoerKKX1-it0NkDn5xJsuN_Z3Dv5354j6OZVBZpDjN7ZwcQfLEnjwI8G4Zr9y2SC3g_fH1G-MIhe0LPDWF4egqMaIwkIDW0sMqPAnE_nSFN8Ag3KJ_iT6P2PAGJbna882IIczb5q9VXkB0RJlL4BwNHSE2q867EZBNGFTPrDJzHtM7sZ468Y4taMv0CyFdPlb0alFRsS_T658tdkt1lxrl_dzE0ixPBw99X5Rwz0XLv4yNs4BQ6RgHVZT5fGGRzXovlDx9F2ea0EleNn47KAFDs0wNjIl1oryar0pJMlb-pDPuVcGMt0XYNh5gOLty5LdAl_7PqwFsQc7QMWIGqjnSnzeGYvN7kknpfYl0SfJDQNNSJDI2b2oGUWw-K6-kCgQxxlEKbhztegiVmRGuqcDfvNqrpqc", alg: "RS256" })
[2m2025-03-25T07:55:00.615299Z[0m [32m INFO[0m [1mnode[0m[1m{[0m[3mname[0m[2m=[0mk#8dcff6d1..[1m}[0m[2m:[0m [2msui_core::authority::authority_per_epoch_store[0m[2m:[0m [2mcrates/sui-core/src/authority/authority_per_epoch_store.rs[0m[2m:[0m[2m2388:[0m received jwk vote from k#99f25ef6.. for jwk (JwkId { iss: "https://accounts.karrier.one/", kid: "E760D111C1A1296E6D1D85F7EB18DDBAA0EC2B4E" }, JWK { kty: "RSA", e: "AQAB", n: "3s6cCgr0tKeYEy_MGYDZ7ByPgI0Bv-JimxiSNOytvXb6xvcxE_jjEiEkMg6R3frYXWWuM3V4DMB3WGc8ePDACM9e3ly8jEpxA90nJ1eE94a9bF5wQGtC8_oqw2DajBt6O5ZTSKFJhMQMyzKUXmqT_m1DsUHm0uNGPulMp2CmSE8xtFLlXdxl_8on4zN_4PboPgOrl65DKcw6THTuNcasffyxVeK6_HbuEDLp-Q1v8PtvW98TO2GvOK-yNLDrpgqeh0fnnUBHR2tkMaJ3nnLNdEkVfeBQlafCvwJPRrGX83POq6SC-WAoP6IOH9BXd0DwRvqgCj2uWhtk9yEamJ7Q2Q", alg: "RS256" })
[2m2025-03-25T07:55:00.615320Z[0m [32m INFO[0m [1mnode[0m[1m{[0m[3mname[0m[2m=[0mk#8dcff6d1..[1m}[0m[2m:[0m [2msui_core::authority::authority_per_epoch_store[0m[2m:[0m [2mcrates/sui-core/src/authority/authority_per_epoch_store.rs[0m[2m:[0m[2m2388:[0m received jwk vote from k#99f25ef6.. for jwk (JwkId { iss: "https://accounts.karrier.one/", kid: "B65FDCAA152E04ADE817314CF6A06F4ECABF4CFB" }, JWK { kty: "RSA", e: "AQAB", n: "ra5LGXik2tB6apOePLdwT0ID-Kevzoyy_qcvHhvGJbrY_0PVaT3yM2t_UyvNlh60QYmtIxmGE1vTfbD6moDg0y1WLZ2tMfJ56YT23LYW-quzHHpw3pcAi8EVCFiU7pB4XHHBv-0F_eS7qGQr4Y38QyWKEzg6kv4X_xpMxEpVYmRVgYu8rGXqwCHIFq1Dc3v9Op83hO2q-geeidXjosydxgb6LdOpc27Q_0gzDM2vTaI0k8fqauVGilcYw3OxeqL5jVrdSeyaq4meHrquLdGCbI_KQiS08GJ9BZ4QchfTK70lzKasCsTcW5jd2Ci7DYoPvY-FrR8zPaxHj9jjTkAW3Q", alg: "RS256" })
[2m2025-03-25T07:55:00.615338Z[0m [32m INFO[0m [1mnode[0m[1m{[0m[3mname[0m[2m=[0mk#8dcff6d1..[1m}[0m[2m:[0m [2msui_core::authority::authority_per_epoch_store[0m[2m:[0m [2mcrates/sui-core/src/authority/authority_per_epoch_store.rs[0m[2m:[0m[2m2388:[0m received jwk vote from k#99f25ef6.. for jwk (JwkId { iss: "https://accounts.credenza3.com", kid: "JG6oZkIBqQdkpnCnD479zFXgMA5_I7i-aHAV0MRwvDs" }, JWK { kty: "RSA", e: "AQAB", n: "wgMHXL3avVaf-jrwvVw5bhpROsF7CnY7vzovJW4fNp_dY0abqvMga2C7fzdKNp4AFxQmXkoX_-vF7wbDRLXXmjdJ-x4YdKIA_JxsZqZKCG_k5-7UZFmHb1F3oy67uYh_xRv_H8yPSJ9TKJrAiWIBG9EFvZNy8y2pHXFDNSxTo4NzcUs_-TNhiuxWatpnduoCXWJf6I813Lxn8G9Z7Tql5fUgofW5GIygxS8zUiUZaYkLPL3_aNIFal58OzUturgiTcYrQp5WPkG56AL_Y6KNhxABjopC7WTXCeFXGXCIgb-JQpPARDaL7WL3w_w5-vR3Ra2WeQ3sddtoLtB0X234DQ", alg: "RS256" })
[2m2025-03-25T07:55:00.615356Z[0m [32m INFO[0m [1mnode[0m[1m{[0m[3mname[0m[2m=[0mk#8dcff6d1..[1m}[0m[2m:[0m [2msui_core::authority::authority_per_epoch_store[0m[2m:[0m [2mcrates/sui-core/src/authority/authority_per_epoch_store.rs[0m[2m:[0m[2m2388:[0m received jwk vote from k#99f25ef6.. for jwk (JwkId { iss: "https://accounts.credenza3.com", kid: "nArTrOCdn42U6zyzuZmxBIGAuYQaNyuHwUkAycsQTw8" }, JWK { kty: "RSA", e: "AQAB", n: "mb4kA1QddMUulk6AMeRekV0YEPX-x-eSx7BjbAy1qkPsGjnpwjUmGzk9jBptlCLgc1HT_qELTfpr_w5xqFcy-1ayAlg87gw86Z0IRN9ROTTE04LiHMIwH9Y8H06C_9I0H29WCMqFGlBJH9n0hYu6nPpgVkV6E-9wze10-jzi5JLqiM0tB8Ihniy2ZHGgiwG1CM--xHKkaXcFLF3d8bGlALGp1CgtiHdWeMyQ5SBzL6lmhMcnzzse0VlAIq1m94Fath217OcQcEw-VrJlyGJ8gAyi-N3O9VZAl2dykNgji9tcC1ws5IMbGyWSv5OpeHfUDN97iOcTJ4noBF7EwvIwpQ", alg: "RS256" })
[2m2025-03-25T07:55:00.615376Z[0m [32m INFO[0m [1mnode[0m[1m{[0m[3mname[0m[2m=[0mk#8dcff6d1..[1m}[0m[2m:[0m [2msui_core::authority::authority_per_epoch_store[0m[2m:[0m [2mcrates/sui-core/src/authority/authority_per_epoch_store.rs[0m[2m:[0m[2m2388:[0m received jwk vote from k#99f25ef6.. for jwk (JwkId { iss: "https://auth.3dos.io", kid: "6d361dc9637a275eb585a915af26198ff0d97326ca13f4baf0e4805f72f2a9a0" }, JWK { kty: "RSA", e: "AQAB", n: "y_8hHwq7w2yE4968sbQF98iGUhnu0BwyB5khTxVPAcUnMCYdp61zYcRWml2zdY4HAfq-Nnjb_pAli6I66Vpe9IE8Gf8uGRB0oYIo2S6tYMEe0lhRaEDYVbMdQkuKxTIYMNBXSd_kCHKJM1ZUAo7uFoq_bWuzt2hRG2-79z-Ycbiw0wil0rzFHlpNBKsBLKM4GSGUwOejaL2zCiE_rjf77AvOaJLRd4I_DBYG16t8D1BkxbhkcQCmOxYGG0NqjP3z0lz-w1ALqHCNfhzczZOsgaCrbSlcTKcBTq1syAUUhQmounW7nG5clBIfPQRVH7jCoPztiJUZg6Xz1AN6V07xnw", alg: "RS256" })
[2m2025-03-25T07:55:00.615394Z[0m [32m INFO[0m [1mnode[0m[1m{[0m[3mname[0m[2m=[0mk#8dcff6d1..[1m}[0m[2m:[0m [2msui_core::authority::authority_per_epoch_store[0m[2m:[0m [2mcrates/sui-core/src/authority/authority_per_epoch_store.rs[0m[2m:[0m[2m2388:[0m received jwk vote from k#addeef94.. for jwk (JwkId { iss: "https://auth.3dos.io", kid: "6d361dc9637a275eb585a915af26198ff0d97326ca13f4baf0e4805f72f2a9a0" }, JWK { kty: "RSA", e: "AQAB", n: "y_8hHwq7w2yE4968sbQF98iGUhnu0BwyB5khTxVPAcUnMCYdp61zYcRWml2zdY4HAfq-Nnjb_pAli6I66Vpe9IE8Gf8uGRB0oYIo2S6tYMEe0lhRaEDYVbMdQkuKxTIYMNBXSd_kCHKJM1ZUAo7uFoq_bWuzt2hRG2-79z-Ycbiw0wil0rzFHlpNBKsBLKM4GSGUwOejaL2zCiE_rjf77AvOaJLRd4I_DBYG16t8D1BkxbhkcQCmOxYGG0NqjP3z0lz-w1ALqHCNfhzczZOsgaCrbSlcTKcBTq1syAUUhQmounW7nG5clBIfPQRVH7jCoPztiJUZg6Xz1AN6V07xnw", alg: "RS256" })
[2m2025-03-25T07:55:00.615408Z[0m [32m INFO[0m [1mnode[0m[1m{[0m[3mname[0m[2m=[0mk#8dcff6d1..[1m}[0m[2m:[0m [2msui_core::authority::authority_per_epoch_store[0m[2m:[0m [2mcrates/sui-core/src/authority/authority_per_epoch_store.rs[0m[2m:[0m[2m2425:[0m jwk became active [3mepoch[0m[2m=[0m1 [3mround[0m[2m=[0m7 [3mjwk[0m[2m=[0m(JwkId { iss: "https://auth.3dos.io", kid: "6d361dc9637a275eb585a915af26198ff0d97326ca13f4baf0e4805f72f2a9a0" }, JWK { kty: "RSA", e: "AQAB", n: "y_8hHwq7w2yE4968sbQF98iGUhnu0BwyB5khTxVPAcUnMCYdp61zYcRWml2zdY4HAfq-Nnjb_pAli6I66Vpe9IE8Gf8uGRB0oYIo2S6tYMEe0lhRaEDYVbMdQkuKxTIYMNBXSd_kCHKJM1ZUAo7uFoq_bWuzt2hRG2-79z-Ycbiw0wil0rzFHlpNBKsBLKM4GSGUwOejaL2zCiE_rjf77AvOaJLRd4I_DBYG16t8D1BkxbhkcQCmOxYGG0NqjP3z0lz-w1ALqHCNfhzczZOsgaCrbSlcTKcBTq1syAUUhQmounW7nG5clBIfPQRVH7jCoPztiJUZg6Xz1AN6V07xnw", alg: "RS256" })
[2m2025-03-25T07:55:00.616085Z[0m [32m INFO[0m [1mnode[0m[1m{[0m[3mname[0m[2m=[0mk#8dcff6d1..[1m}[0m[2m:[0m [2msui_core::consensus_handler[0m[2m:[0m [2mcrates/sui-core/src/consensus_handler.rs[0m[2m:[0m[2m232:[0m Received consensus output [3mconsensus_commit[0m[2m=[0mCommittedSubDag(leader=B8(C,A9tB), ref=C6(7Xsn), blocks=[1u3v, KPob, A9tB]) [3mepoch[0m[2m=[0m1
[2m2025-03-25T07:55:00.616130Z[0m [32m INFO[0m [1mnode[0m[1m{[0m[3mname[0m[2m=[0mk#8dcff6d1..[1m}[0m[2m:[0m [2msui_core::consensus_handler[0m[2m:[0m [2mcrates/sui-core/src/consensus_handler.rs[0m[2m:[0m[2m520:[0m creating authenticator state update transaction
[2m2025-03-25T07:55:00.616468Z[0m [32m INFO[0m [1mnode[0m[1m{[0m[3mname[0m[2m=[0mk#8dcff6d1..[1m}[0m[2m:[0m [2mfastcrypto_tbls::dkg_v1[0m[2m:[0m [2m/Users/mofei/.cargo/git/checkouts/fastcrypto-b430feb5437546af/9519ebc/fastcrypto-tbls/src/dkg_v1.rs[0m[2m:[0m[2m533:[0m DKG: Processing confirmations with total weight 525, expected 351
[2m2025-03-25T07:55:00.617180Z[0m [32m INFO[0m [1mnode[0m[1m{[0m[3mname[0m[2m=[0mk#8dcff6d1..[1m}[0m[2m:[0m [2mfastcrypto_tbls::dkg_v1[0m[2m:[0m [2m/Users/mofei/.cargo/git/checkouts/fastcrypto-b430feb5437546af/9519ebc/fastcrypto-tbls/src/dkg_v1.rs[0m[2m:[0m[2m667:[0m DKG: Aggregating my shares completed with has_invalid_share=false, has_zero_shares=false
[2m2025-03-25T07:55:00.617247Z[0m [32m INFO[0m [1mnode[0m[1m{[0m[3mname[0m[2m=[0mk#8dcff6d1..[1m}[0m[2m:[0m [2msui_core::epoch::randomness[0m[2m:[0m [2mcrates/sui-core/src/epoch/randomness.rs[0m[2m:[0m[2m525:[0m random beacon: DKG complete in 6681ms since epoch start, Some(5396)ms since DKG start, with 175 shares for this node
[2m2025-03-25T07:55:00.618759Z[0m [32m INFO[0m [1mnode[0m[1m{[0m[3mname[0m[2m=[0mk#8dcff6d1..[1m}[0m[2m:[0m [2msui_core::consensus_handler[0m[2m:[0m [2mcrates/sui-core/src/consensus_handler.rs[0m[2m:[0m[2m232:[0m Received consensus output [3mconsensus_commit[0m[2m=[0mCommittedSubDag(leader=B9(C,cJPS), ref=C7(v+4+), blocks=[D47Z, cJPS]) [3mepoch[0m[2m=[0m1
[2m2025-03-25T07:55:00.729603Z[0m [32m INFO[0m [1mnode[0m[1m{[0m[3mname[0m[2m=[0mk#8dcff6d1..[1m}[0m[2m:[0m[1mexecution_driver[0m[1m{[0m[3mtx_digest[0m[2m=[0mTransactionDigest(C5GLHYDFN6pjj9w3nWi2rbGMZPo6HqAv3a5P69Ys8mT2)[1m}[0m[2m:[0m [2msui_core::authority::authority_per_epoch_store[0m[2m:[0m [2mcrates/sui-core/src/authority/authority_per_epoch_store.rs[0m[2m:[0m[2m4233:[0m Updating authenticator state: AuthenticatorStateUpdate { epoch: 1, round: 7, new_active_jwks: [ActiveJwk { jwk_id: JwkId { iss: "https://appleid.apple.com", kid: "dMlERBaFdK" }, jwk: JWK { kty: "RSA", e: "AQAB", n: "ryLWkB74N6SJNRVBjKF6xKMfP-QW3AAsJotv0LjVtf7m4NZNg_gTL78e7O8wmvngF8FuzBrvqf1mGW17Ct8BgNK6YXxnoGL0YLmlwXbmCZvTXki0VlEW1PDXeViWy7qXaCp2caF5v4OOdPsgroxNO_DgJRTuA_izJ4DFZYHCHXwojfdWJiDYG67j5PlD5pXKGx7zaqyryjovZTEII_Z1_bhFCRUZRjfJ3TVoK0fZj2z7iAZWjn33i-V3zExUhwzEyeuGph0118NfmOLCUEy_Jd4xvLf_X4laPpe9nq8UeORfs72yz2qH7cHDKL85W6oG08Gu05JWuAs5Ay49WxJrmw", alg: "RS256" }, epoch: 1 }, ActiveJwk { jwk_id: JwkId { iss: "https://appleid.apple.com", kid: "rBRfVmqsjn" }, jwk: JWK { kty: "RSA", e: "AQAB", n: "pPOaiF5yL-y42FaKg9PYASR5-rdTK7NEiteNUAzNp0zkta-HW-tgLNLNlsft3zcrsgOLqXxhX7qzlI3JGH-wSs7_v2XNSg57QhOTxPDqtUfy5DegtiSOgwE947OBTwCWo2R6cGZD1T8ysfO2HuKheq2hEwZU4Y-8qT19WWOhZHs4CVt7A5mzpIgWuUVw766VTyqrqKev32DOUPIqFocFz3tuty95S9t_OYnaPCcET-b6DV_eT7psPhqhl5nNUm0lzkCQ53-9kxQNJxBciy0wiBcAexD4KppKRRD3evFpOSxD1R6Kg2DIG5UnbVVqn5nhZA9RH-t50f_biqV3KlSHJQ", alg: "RS256" }, epoch: 1 }, ActiveJwk { jwk_id: JwkId { iss: "https://appleid.apple.com", kid: "rs0M3kOV9p" }, jwk: JWK { kty: "RSA", e: "AQAB", n: "zH5so3zLsgmRypxAAYJimfF9cx3ISSyHyzjDP3yvE9ieqpnjFJhzgCP8L4oKO9vUFNpoG1ub7I3paYNY6Vb2yc4chnsjJxB3j0jomJ3iI9MlWoVecTFG2tywyx5NRhy3YfTUpw2uCLafzWrpIJIoKUCGM6iUgaIFjvfi-cGT5T_5eUSWZHN-ziH69mGcbMRGLQEixQUatwru9i4i-OSk-w-JmLOqAzRP1mVn1tcZRIoGSB2PFSSJX9SK90OX8i5sj7dpIO_2xbGMtyNJkDzGq88x1pMJ4sv6HMj-tx4QrpGDbUi7zBCgbBnNSGSB_LBv4dbswwWY96ckHgx9yf_7IQ", alg: "RS256" }, epoch: 1 }, ActiveJwk { jwk_id: JwkId { iss: "https://oauth2.playtron.one", kid: "1fd66a18-7afd-4086-ba57-a8ca9b398406" }, jwk: JWK { kty: "RSA", e: "AQAB", n: "7XHinRSS9un2BdWsLhFOdi5N-17HMRYf4odQE4KqiPqRrp8TDE9bDekg8ERCW7Hqkgp44U07BUJwCiL5ss_9rIgV6Wy_lOwF_npGqMstZYemnZYNvpaD4ZEneoRmo94qNkYg5szBhVlvaF-IXlwB4GEQdDLJZOLafgPYL4XK2eD49Q7PU7jkNKy91k98UeK3fH9iv0L6W5nJNU1SzCR75gRcWyKSySg9RCTQyWFak8VhWW1YxwIQebvGgTsr6jYgxvcmRsSLeMhEhoIhOOkC1zQK51kBB-ZS7o2KttDHr1dn08LeHJkxSZ2guLdT_V2ISDiKxjXgVBlSvvweLgEHs7cehNU-D65uQpTxULPJW7xeITDl8rCCxbr8p8rcq-I19EV5Uj4n7RswaNDZ2YO87Yx12KzZVrO_0Tra6CvsNJ7hdI_Ykg7yMLs-dj7eKgOF5Nx1Q7Bnp1OyRKIXfUkyZkh8mjfiMt-npf1WPAgF1Iwx5H-ww1rTuFR6yyZRtEHyVxudg9XFar6cKizi75uKVGaV74GMGI2tPGL0zh_jCh8QSk68HltKdfLP8xDvHBB_crklWlr9iYuFjHzLI9KWvICvQWMtQikHE3iaf492I9SMqR0OIwSeg5TzzerVX17qkCeVbdxOK9jKeP5k2sW6mETUdrJCmlRwGN-EG_VIOrE", alg: "RS256" }, epoch: 1 }, ActiveJwk { jwk_id: JwkId { iss: "https://oauth2.playtron.one", kid: "7388b63c-ba03-4fe3-85e3-6717f91d55b1" }, jwk: JWK { kty: "RSA", e: "AQAB", n: "scvmHIfIZk5ZU7_k6snu98s5rPKBDws804qpNEPyy7fkmzxDbcN-qWQJrDgNU-pvr5WvIPyu2hfFrNtBiiE3IZqqGRm2rJb8LoKz6mtxiLyRT8EQS8D8U6uiR8mkvbw-vgJ1h3l2gHDXPGN-03_DXrL8r2xDiuxdezxjiCI80r7bmpZg9i8PWtL1BQU43nM4MNDXi9Wo5ppSojFxTe8L75ZOnFeLBVxPJG9YBGhFnATIoUei7ohbw5_t9buiIfXTQ3ZwCvG3WAGFDsOIdl3PapA1T7oTlsfQp0wQa0EDeleFBu81ytNlidJNQcXz3F9OmwYbHJ4bPMYcz-x2ATLK5w", alg: "RS256" }, epoch: 1 }, ActiveJwk { jwk_id: JwkId { iss: "https://oauth2.playtron.one", kid: "e55421cb-cdbd-4791-a590-ad8ca798aa89" }, jwk: JWK { kty: "RSA", e: "AQAB", n: "vy8-EHvWmVHH5xi3BBvfalX9i6OuP9mz2wz1E72eMTf1ZHVbZ66O-vWlr2F2SNSyB_PURIb1KIqUcvpn6GW_vgs4EhflMJnmeZ0Fot4V6YsEOIzob7jkooeFNZ7dTDDHahtMyBd7pcJCv1afdQSTVZQeO0lm0swOm2whkw6hV7R2fBG3zLJsBUqe9oEwMa9cJ768KFfxFoEAUk3SQZ74JmkgOEKBSf26EcPcxAZTreSDAdh5-MI4oD1aawHfb5nl1CQxhRf4YcCp_MVoerKKX1-it0NkDn5xJsuN_Z3Dv5354j6OZVBZpDjN7ZwcQfLEnjwI8G4Zr9y2SC3g_fH1G-MIhe0LPDWF4egqMaIwkIDW0sMqPAnE_nSFN8Ag3KJ_iT6P2PAGJbna882IIczb5q9VXkB0RJlL4BwNHSE2q867EZBNGFTPrDJzHtM7sZ468Y4taMv0CyFdPlb0alFRsS_T658tdkt1lxrl_dzE0ixPBw99X5Rwz0XLv4yNs4BQ6RgHVZT5fGGRzXovlDx9F2ea0EleNn47KAFDs0wNjIl1oryar0pJMlb-pDPuVcGMt0XYNh5gOLty5LdAl_7PqwFsQc7QMWIGqjnSnzeGYvN7kknpfYl0SfJDQNNSJDI2b2oGUWw-K6-kCgQxxlEKbhztegiVmRGuqcDfvNqrpqc", alg: "RS256" }, epoch: 1 }, ActiveJwk { jwk_id: JwkId { iss: "https://accounts.karrier.one/", kid: "B65FDCAA152E04ADE817314CF6A06F4ECABF4CFB" }, jwk: JWK { kty: "RSA", e: "AQAB", n: "ra5LGXik2tB6apOePLdwT0ID-Kevzoyy_qcvHhvGJbrY_0PVaT3yM2t_UyvNlh60QYmtIxmGE1vTfbD6moDg0y1WLZ2tMfJ56YT23LYW-quzHHpw3pcAi8EVCFiU7pB4XHHBv-0F_eS7qGQr4Y38QyWKEzg6kv4X_xpMxEpVYmRVgYu8rGXqwCHIFq1Dc3v9Op83hO2q-geeidXjosydxgb6LdOpc27Q_0gzDM2vTaI0k8fqauVGilcYw3OxeqL5jVrdSeyaq4meHrquLdGCbI_KQiS08GJ9BZ4QchfTK70lzKasCsTcW5jd2Ci7DYoPvY-FrR8zPaxHj9jjTkAW3Q", alg: "RS256" }, epoch: 1 }, ActiveJwk { jwk_id: JwkId { iss: "https://accounts.karrier.one/", kid: "E760D111C1A1296E6D1D85F7EB18DDBAA0EC2B4E" }, jwk: JWK { kty: "RSA", e: "AQAB", n: "3s6cCgr0tKeYEy_MGYDZ7ByPgI0Bv-JimxiSNOytvXb6xvcxE_jjEiEkMg6R3frYXWWuM3V4DMB3WGc8ePDACM9e3ly8jEpxA90nJ1eE94a9bF5wQGtC8_oqw2DajBt6O5ZTSKFJhMQMyzKUXmqT_m1DsUHm0uNGPulMp2CmSE8xtFLlXdxl_8on4zN_4PboPgOrl65DKcw6THTuNcasffyxVeK6_HbuEDLp-Q1v8PtvW98TO2GvOK-yNLDrpgqeh0fnnUBHR2tkMaJ3nnLNdEkVfeBQlafCvwJPRrGX83POq6SC-WAoP6IOH9BXd0DwRvqgCj2uWhtk9yEamJ7Q2Q", alg: "RS256" }, epoch: 1 }, ActiveJwk { jwk_id: JwkId { iss: "https://login.microsoftonline.com/v2.0", kid: "-cgAvjmmQ24Ks20zIpDB4SW894w" }, jwk: JWK { kty: "RSA", e: "AQAB", n: "otM7AZjL81wdSVdrkQtt6shrQiAT8OZJeIKTeRJgrDYXKzaVXs0WFXVCjCv9GuCktF-tereotfZlcskamfuupe574o76CJy6AUtuY7wt0OKqxoSJMRuUJvA_NNkT50C_dTDHTtF7kiGBwWvHEkHeZAgT52E8bfNJswV28GsPscM9vG2ylUPyiaEIsGi0cg_JllbnfBjGhfA_lzmrB9Iw75E3f1Hnk2uAs1KcHJGSH3EwHJ5tUeo9WtLGjRAfH1kGtPjkktNaw3V8EukEzgIfILV8udpWYE79A_p5jFUnTNkQxsviNxG537JMooa1ZoYveDv_f6LCj1o7MNZQVlD3tw", alg: "RS256" }, epoch: 1 }, ActiveJwk { jwk_id: JwkId { iss: "https://login.microsoftonline.com/v2.0", kid: "CNv0OI3RwqlHFEVnaoMAshCH2XE" }, jwk: JWK { kty: "RSA", e: "AQAB", n: "hz6fUSCSAuiyQz6L1nQj4za8kItevJzxhVbecMigTIl9pXZSHZa3gzMgtapnb1q96CG5qvR78dH6ZvTKL8MzN4VfGgZhvLEv5LJKeo0tGgBIS65wxIiJYj9ExEDqFkw9RdhW1nN8IN9eO76PbC-fdEPtDekA2BaITY2DARISKN4Ke0RLBEWNrKeEjjOzrygS2e3Q9NVzE51ZGGQAGHau7atHy8M_qA1nnd2dMUgUMnEYIMzDBTSKz17G6itJOdanGvG3wXvdpndKffnDppaPkyWbnybdMI4IP7q6WsCqnt3Gtg-baG6GDqZQQEBp9C9gLAFv4ORTRlpD3w0gCMh7xw", alg: "RS256" }, epoch: 1 }, ActiveJwk { jwk_id: JwkId { iss: "https://login.microsoftonline.com/v2.0", kid: "JDNa_4i4r7FgigL3sHIlI3xV-IU" }, jwk: JWK { kty: "RSA", e: "AQAB", n: "iQ745_U-vjkxPblaw6phBpe08fC42mpcrS4pcr15HiyZQyQV-BFcEVyLwPdsz3ulMRN7OB_UMfCcPBHqOjguejoab6hyJFVVMw_epP4a3SpQN9qaCbnqaSxgSGiqSq663g3TjsF_Wu1m9L41eNoF6Yvh5kULMd6lqjY0LPO5ZZxaQFLtIHahoJKMvYy1BTS0VYcNsXTjxkgUEL6Vc8GV5vaClbnY3VA2hLbXC1SGJWjVGdYXhkuck2tHr58u87MPEaQ33C6YfyISZKsdumF5bTCcIH75jjC3WbMVOLgWg5w0MSiHOFyI76Ihxbb0nRicEuao0WzO9AS7HJ7L24FHFQ", alg: "RS256" }, epoch: 1 }, ActiveJwk { jwk_id: JwkId { iss: "https://login.microsoftonline.com/v2.0", kid: "JYhSOsHhDZrc5kfqQg8ujkHMTNY" }, jwk: JWK { kty: "RSA", e: "AQAB", n: "xxMRcusywRId_dJR_edc-qe_M3vhXONCz7QDhjVfoqHWbt9lQCXCVIsIo9VJI1nGT1F6NkXEIBt462x2p1w2cgf4AF86dGhbTpR-k81WLR5gNjkhpPqB1PCitichVIKbHAvOyYEAaJnEyCiJqIlU_Zg5L5FzRqv_N_3-fhYvWK0pc3m1Ohyd2kNRg1Nbcp5ogt7mBjec7MErfi-N0o54vXfsK6hM2m7h0sZwVd4CxgPqnpBtm2htM9xaKpnwkYoEL3va3bPI1VGGp9QLZwMV6RAHOy_ORpz4xarG-z7lZUCLO0X1So05rn7w5edBmfblUQlPL3BljbUVB3abd9SNXw", alg: "RS256" }, epoch: 1 }, ActiveJwk { jwk_id: JwkId { iss: "https://login.microsoftonline.com/v2.0", kid: "PDRf_Bs8CkDdi7av6hKLwRnNHmk" }, jwk: JWK { kty: "RSA", e: "AQAB", n: "v2R1eCh9xaZjAqn0FTf-DuDy3BFsJHc_lsv4K1Ycd1qnF5DwHC7mxnoTsA_dnI8BJvZsCAI7kkFjqKqXDSVYwRM05733_EPekLqLlb02-XLcOziMsOEMpXRrl1wFGHK5zmh2D4ZLsEId2Gdk1fcLzwjCg5iqQxi17DQFDoi0aWUKnkN62sSbiUvzd11eUl0N_beLZ0HYf53wk8r9P3reVhz9W7P8KwNBf7JyiLxmRP_yD9n3650iXi1qp8bZcAt9WmMZ2H6iHHhb7biXwvrJuf2id72VPvV6qkVu6jwUVW5yh6dIvCtPYEA7JNMWyBEXOjJbZ-3l3szj1GSV5m8eAQ", alg: "RS256" }, epoch: 1 }, ActiveJwk { jwk_id: JwkId { iss: "https://login.microsoftonline.com/v2.0", kid: "PoVKeirIOvmTyLQ9G9BenBwos7k" }, jwk: JWK { kty: "RSA", e: "AQAB", n: "ruYyUq1ElSb8QCCt0XWWRSFpUq0JkyfEvvlCa4fPDi0GZbSGgJg3qYa0co2RsBIYHczXkc71kHVpktySAgYK1KMK264e-s7Vymeq-ypHEDpRsaWric_kKEIvKZzRsyUBUWf0CUhtuUvAbDTuaFnQ4g5lfoa7u3vtsv1za5Gmn6DUPirrL_-xqijP9IsHGUKaTmB4M_qnAu6vUHCpXZnN0YTJDoK7XrVJFaKj8RrTdJB89GFJeTFHA2OX472ToyLdCDn5UatYwmht62nXGlH7_G1kW1YMpeSSwzpnMEzUUk7A8UXrvFTHXEpfXhsv0LA59dm9Hi1mIXaOe1w-icA_rQ", alg: "RS256" }, epoch: 1 }, ActiveJwk { jwk_id: JwkId { iss: "https://login.microsoftonline.com/v2.0", kid: "dd55f7QP3HZky-ekQBDWKe7ADN0" }, jwk: JWK { kty: "RSA", e: "AQAB", n: "s950MOniBjjiB82Zx5FehPuYJKtguUAP5vpMNZ6JxYLGzn5h3FPplx0kkPEezg7dnH-sFxGwq_C7P14ja0YmHUkmozqdbg4GRS8xp9Ue0-KWs4BTTkXvMPnc3xBU6be4SmHK-c7A0E54YfokiY1KTRCaq_RRPDlVZJuc6s6rK4nRoPo0eOCj7H4b--QnKmPXiFSPNp40NC7FRfx9m7SYSltubIDzq1f4j2Qlrv90f2kT5DP81_2DGdHZ_ao7ypPX2_z_m4ycQgfAhIYhNHRai6iGtbU6NPkw38LS29bVbGycVCaBoq6_re8k_UiOM7gP9l96QDFnkMmNhpRxT7t34w", alg: "RS256" }, epoch: 1 }, ActiveJwk { jwk_id: JwkId { iss: "https://login.microsoftonline.com/v2.0", kid: "ntzdbvo449IBJV0Yy_T--gOiPI8" }, jwk: JWK { kty: "RSA", e: "AQAB", n: "uYmKqopaxMNlFJ3QUgTM6TcWvR00WVPs4sCAl5Inr5tCIWbqC1IzVt74_eGPw9OypfM4YpEfAz5czFWgRRVcRQYNwDWSAXTSh-vkqK2meW4HQp7W33NCoz_kZ6JR-xwWJZCOtQa0RNwNTVuHTL2dyJo6DUShxVPtG6c8sV4gFCEz0moHBrf5njywV0GGkQgYe98GeCL3Mv2kx4WVf0pHkSELJfW5JN6jvD_05fY_g3LKsXqXm9u1cS39K4iULFVeeoz5jBMKl5h6w3lqSeBtzmqHpw6YVxcDu_bRUd_rqZUvTaZUgS_EfpOpOicaQN--90nzp4givQYEvWtDBtan5Q", alg: "RS256" }, epoch: 1 }, ActiveJwk { jwk_id: JwkId { iss: "https://cognito-idp.us-east-1.amazonaws.com/us-east-1_qPsZxYqd8", kid: "VHA/vY1d2h7X33DpZ6ZBDRfnCS/OIgiV7toCdxyEUDY=" }, jwk: JWK { kty: "RSA", e: "AQAB", n: "7nb7CxiOI5bgf80jk1WOwi6Fmo9EJzIugpl-gZehOgL4cVAmvp1ChVZMwxTRM62hIQ6Ab6k0vmLBq_jZFx6MeU4c1xTipIohOEK_5HjbesM9OuduHkujN6J7Az4ON4TyHtJOXs3-xdVbjWQwP5L2O_N334ZIb9n-hRxGRhKaQLciSNEt3TQ2ookJaa1q9UinlA0jJyIMLJXmpSdvUP_0QizT88wrenRs3PccgKBQgvtQx569yvL6YnzaRSa8pL7saNy2KqevDHkIvRfqEckduoFQTyiL5OTz6canJYaklw-OImrO1eQF2Z_TsamXKKdk9-k9WFwYx4ftDTdacDflaw", alg: "RS256" }, epoch: 1 }, ActiveJwk { jwk_id: JwkId { iss: "https://cognito-idp.us-east-1.amazonaws.com/us-east-1_qPsZxYqd8", kid: "lGbuLXh42ChSJwrMUEBO2npnvMzdAHqOj6DNZieDuVA=" }, jwk: JWK { kty: "RSA", e: "AQAB", n: "2e3M6UZo5G1r3eYi1h_dqng0lhNHE6bwSrnEmTMygjDaejpcjWKY9ICFtcz-lP_HEx_q67HsaM7QUIGpTEtAXqQHyxbMAcPlUwKSD8y_mZJlDDM4kI7KJQLW4M-904gDvih5FbnJc-QNkH1Z7vHwDpLOam53x8QQj7rjoXBzH0q0JVlv5PU5ZEoqCc2PIJCtxzZApXzMt0lnqw8DB55P4_czdplVkd80UhPAz1gM3ysTIQi2eblMvkUp98orOlpsp434g6mnrdgYFLOleuuwNraRTJRi0r9Dn9ToILY7Arywi5jS8M496CXJUFAB9UKXKrTa9pazlnRMiFBochRRZw", alg: "RS256" }, epoch: 1 }], authenticator_obj_initial_shared_version: SequenceNumber(1) }
[2m2025-03-25T07:55:00.730323Z[0m [32m INFO[0m [1mnode[0m[1m{[0m[3mname[0m[2m=[0mk#8dcff6d1..[1m}[0m[2m:[0m [2msui_core::checkpoints[0m[2m:[0m [2mcrates/sui-core/src/checkpoints/mod.rs[0m[2m:[0m[2m1326:[0m Creating checkpoint(s) for 2 transactions [3mnext_checkpoint_seq[0m[2m=[0m218 [3mcheckpoint_timestamp[0m[2m=[0m1742889299189
[2m2025-03-25T07:55:00.730641Z[0m [32m INFO[0m [1mnode[0m[1m{[0m[3mname[0m[2m=[0mk#8dcff6d1..[1m}[0m[2m:[0m [2msui_core::checkpoints::checkpoint_output[0m[2m:[0m [2mcrates/sui-core/src/checkpoints/checkpoint_output.rs[0m[2m:[0m[2m149:[0m Creating checkpoint CheckpointDigest(Ds3dGhx8ypHJn9h4RfdfZYTbEeLHnvB48sX51D3yg6rW) at epoch 1, sequence 218, previous digest Some(CheckpointDigest(9LrzR8VueVqYmJAKGwmMnACe1yNxr7xFDsTboQ4KvoaZ)), transactions count 2, content digest CheckpointContentsDigest(JDgYyg194E2G2G43bYka5D1ZjmBpRpKmeYky9TXbAtNP), end_of_epoch_data None
[2m2025-03-25T07:55:00.747873Z[0m [32m INFO[0m [1mnode[0m[1m{[0m[3mname[0m[2m=[0mk#addeef94..[1m}[0m[2m:[0m [2mconsensus_core::core[0m[2m:[0m [2mconsensus/core/src/core.rs[0m[2m:[0m[2m945:[0m Included 3 ancestors & excluded 0 ancestors for proposal in round 13
[2m2025-03-25T07:55:00.748239Z[0m [32m INFO[0m [1mnode[0m[1m{[0m[3mname[0m[2m=[0mk#addeef94..[1m}[0m[2m:[0m [2mconsensus_core::core[0m[2m:[0m [2mconsensus/core/src/core.rs[0m[2m:[0m[2m531:[0m Created block B13(C,LLug/ZAY5L5+v797SV4Y5RUgfrvg39MAUgWDHigHgiw=)(1742889300747ms;[B12(C,LuLe+7m5BgK0jdW0EXKwODQfEr5kfWG0q1P12mhtWa4=), B11(A,YN3muUoNWpsJgFY7a2mcbwV76rKA+pchIy4SDB0DO2c=), B12(B,9S0wPgbDgxLteu3T2IhUkcLVX4bFJOEtuX8pKGmYHRs=)];2t;1c) for round 13
[2m2025-03-25T07:55:00.750397Z[0m [32m INFO[0m [1mnode[0m[1m{[0m[3mname[0m[2m=[0mk#99f25ef6..[1m}[0m[2m:[0m [2mconsensus_core::core[0m[2m:[0m [2mconsensus/core/src/core.rs[0m[2m:[0m[2m945:[0m Included 3 ancestors & excluded 0 ancestors for proposal in round 13
[2m2025-03-25T07:55:00.750711Z[0m [32m INFO[0m [1mnode[0m[1m{[0m[3mname[0m[2m=[0mk#99f25ef6..[1m}[0m[2m:[0m [2mconsensus_core::core[0m[2m:[0m [2mconsensus/core/src/core.rs[0m[2m:[0m[2m531:[0m Created block B13(B,fUHEdfhtAsKxEglbKDCWLLw9Y91k1ZdrsAjGqovY9gU=)(1742889300750ms;[B12(B,9S0wPgbDgxLteu3T2IhUkcLVX4bFJOEtuX8pKGmYHRs=), B11(A,YN3muUoNWpsJgFY7a2mcbwV76rKA+pchIy4SDB0DO2c=), B12(C,LuLe+7m5BgK0jdW0EXKwODQfEr5kfWG0q1P12mhtWa4=)];2t;1c) for round 13
[2m2025-03-25T07:55:00.750851Z[0m [32m INFO[0m [1mnode[0m[1m{[0m[3mname[0m[2m=[0mk#99f25ef6..[1m}[0m[2m:[0m [2mconsensus_core::core[0m[2m:[0m [2mconsensus/core/src/core.rs[0m[2m:[0m[2m630:[0m Committing 1 leaders: B11(B,2Fpq)
[2m2025-03-25T07:55:00.750939Z[0m [32m INFO[0m [1mnode[0m[1m{[0m[3mname[0m[2m=[0mk#99f25ef6..[1m}[0m[2m:[0m [2mconsensus_core::commit_observer[0m[2m:[0m [2mconsensus/core/src/commit_observer.rs[0m[2m:[0m[2m173:[0m Consensus commit C9(qEYS) with leader B11(B,2Fpq) has 3 blocks
[2m2025-03-25T07:55:00.751239Z[0m [32m INFO[0m [1mnode[0m[1m{[0m[3mname[0m[2m=[0mk#99f25ef6..[1m}[0m[2m:[0m [2msui_core::consensus_handler[0m[2m:[0m [2mcrates/sui-core/src/consensus_handler.rs[0m[2m:[0m[2m232:[0m Received consensus output [3mconsensus_commit[0m[2m=[0mCommittedSubDag(leader=B11(B,2Fpq), ref=C9(qEYS), blocks=[sabC, J4QI, 2Fpq]) [3mepoch[0m[2m=[0m1
[2m2025-03-25T07:55:00.753817Z[0m [32m INFO[0m [1mnode[0m[1m{[0m[3mname[0m[2m=[0mk#addeef94..[1m}[0m[2m:[0m [2mconsensus_core::core[0m[2m:[0m [2mconsensus/core/src/core.rs[0m[2m:[0m[2m630:[0m Committing 1 leaders: B11(B,2Fpq)
[2m2025-03-25T07:55:00.753901Z[0m [32m INFO[0m [1mnode[0m[1m{[0m[3mname[0m[2m=[0mk#addeef94..[1m}[0m[2m:[0m [2mconsensus_core::commit_observer[0m[2m:[0m [2mconsensus/core/src/commit_observer.rs[0m[2m:[0m[2m173:[0m Consensus commit C9(qEYS) with leader B11(B,2Fpq) has 3 blocks
[2m2025-03-25T07:55:00.753971Z[0m [32m INFO[0m [1mnode[0m[1m{[0m[3mname[0m[2m=[0mk#addeef94..[1m}[0m[2m:[0m [2msui_core::consensus_handler[0m[2m:[0m [2mcrates/sui-core/src/consensus_handler.rs[0m[2m:[0m[2m232:[0m Received consensus output [3mconsensus_commit[0m[2m=[0mCommittedSubDag(leader=B11(B,2Fpq), ref=C9(qEYS), blocks=[sabC, J4QI, 2Fpq]) [3mepoch[0m[2m=[0m1
[2m2025-03-25T07:55:00.795913Z[0m [32m INFO[0m [1mnode[0m[1m{[0m[3mname[0m[2m=[0mk#99f25ef6..[1m}[0m[2m:[0m [2msui_core::checkpoints[0m[2m:[0m [2mcrates/sui-core/src/checkpoints/mod.rs[0m[2m:[0m[2m1326:[0m Creating checkpoint(s) for 1 transactions [3mnext_checkpoint_seq[0m[2m=[0m222 [3mcheckpoint_timestamp[0m[2m=[0m1742889300204
[2m2025-03-25T07:55:00.796142Z[0m [32m INFO[0m [1mnode[0m[1m{[0m[3mname[0m[2m=[0mk#99f25ef6..[1m}[0m[2m:[0m [2msui_core::checkpoints::checkpoint_output[0m[2m:[0m [2mcrates/sui-core/src/checkpoints/checkpoint_output.rs[0m[2m:[0m[2m149:[0m Creating checkpoint CheckpointDigest(AGbKRCA6E7qMALRzBkwkfJ1YnE2CYqyANJmvMDKPkBnm) at epoch 1, sequence 222, previous digest Some(CheckpointDigest(9fMFpT9WeA7u1M7kd1r4kWWV9SeK1Ah2eUXQm6AAWQFr)), transactions count 1, content digest CheckpointContentsDigest(Goju2T8TNRgYPW6ye74vNa5F1s2jUnHeNPN989x8eUqA), end_of_epoch_data None
[2m2025-03-25T07:55:00.797800Z[0m [32m INFO[0m [1mnode[0m[1m{[0m[3mname[0m[2m=[0mk#addeef94..[1m}[0m[2m:[0m [2msui_core::checkpoints[0m[2m:[0m [2mcrates/sui-core/src/checkpoints/mod.rs[0m[2m:[0m[2m1326:[0m Creating checkpoint(s) for 1 transactions [3mnext_checkpoint_seq[0m[2m=[0m222 [3mcheckpoint_timestamp[0m[2m=[0m1742889300204
[2m2025-03-25T07:55:00.797976Z[0m [32m INFO[0m [1mnode[0m[1m{[0m[3mname[0m[2m=[0mk#addeef94..[1m}[0m[2m:[0m [2msui_core::checkpoints::checkpoint_output[0m[2m:[0m [2mcrates/sui-core/src/checkpoints/checkpoint_output.rs[0m[2m:[0m[2m149:[0m Creating checkpoint CheckpointDigest(AGbKRCA6E7qMALRzBkwkfJ1YnE2CYqyANJmvMDKPkBnm) at epoch 1, sequence 222, previous digest Some(CheckpointDigest(9fMFpT9WeA7u1M7kd1r4kWWV9SeK1Ah2eUXQm6AAWQFr)), transactions count 1, content digest CheckpointContentsDigest(Goju2T8TNRgYPW6ye74vNa5F1s2jUnHeNPN989x8eUqA), end_of_epoch_data None
[2m2025-03-25T07:55:00.869298Z[0m [32m INFO[0m [1mnode[0m[1m{[0m[3mname[0m[2m=[0mk#8dcff6d1..[1m}[0m[2m:[0m[1mexecution_driver[0m[1m{[0m[3mtx_digest[0m[2m=[0mTransactionDigest(8duKUC3WPZyU9va8bmV5fRG42YF8govqGyqus9HFLZrS)[1m}[0m[2m:[0m [2msui_core::authority::authority_per_epoch_store[0m[2m:[0m [2mcrates/sui-core/src/authority/authority_per_epoch_store.rs[0m[2m:[0m[2m4233:[0m Updating authenticator state: AuthenticatorStateUpdate { epoch: 1, round: 8, new_active_jwks: [ActiveJwk { jwk_id: JwkId { iss: "https://auth.3dos.io", kid: "6d361dc9637a275eb585a915af26198ff0d97326ca13f4baf0e4805f72f2a9a0" }, jwk: JWK { kty: "RSA", e: "AQAB", n: "y_8hHwq7w2yE4968sbQF98iGUhnu0BwyB5khTxVPAcUnMCYdp61zYcRWml2zdY4HAfq-Nnjb_pAli6I66Vpe9IE8Gf8uGRB0oYIo2S6tYMEe0lhRaEDYVbMdQkuKxTIYMNBXSd_kCHKJM1ZUAo7uFoq_bWuzt2hRG2-79z-Ycbiw0wil0rzFHlpNBKsBLKM4GSGUwOejaL2zCiE_rjf77AvOaJLRd4I_DBYG16t8D1BkxbhkcQCmOxYGG0NqjP3z0lz-w1ALqHCNfhzczZOsgaCrbSlcTKcBTq1syAUUhQmounW7nG5clBIfPQRVH7jCoPztiJUZg6Xz1AN6V07xnw", alg: "RS256" }, epoch: 1 }, ActiveJwk { jwk_id: JwkId { iss: "https://accounts.credenza3.com", kid: "JG6oZkIBqQdkpnCnD479zFXgMA5_I7i-aHAV0MRwvDs" }, jwk: JWK { kty: "RSA", e: "AQAB", n: "wgMHXL3avVaf-jrwvVw5bhpROsF7CnY7vzovJW4fNp_dY0abqvMga2C7fzdKNp4AFxQmXkoX_-vF7wbDRLXXmjdJ-x4YdKIA_JxsZqZKCG_k5-7UZFmHb1F3oy67uYh_xRv_H8yPSJ9TKJrAiWIBG9EFvZNy8y2pHXFDNSxTo4NzcUs_-TNhiuxWatpnduoCXWJf6I813Lxn8G9Z7Tql5fUgofW5GIygxS8zUiUZaYkLPL3_aNIFal58OzUturgiTcYrQp5WPkG56AL_Y6KNhxABjopC7WTXCeFXGXCIgb-JQpPARDaL7WL3w_w5-vR3Ra2WeQ3sddtoLtB0X234DQ", alg: "RS256" }, epoch: 1 }, ActiveJwk { jwk_id: JwkId { iss: "https://accounts.credenza3.com", kid: "nArTrOCdn42U6zyzuZmxBIGAuYQaNyuHwUkAycsQTw8" }, jwk: JWK { kty: "RSA", e: "AQAB", n: "mb4kA1QddMUulk6AMeRekV0YEPX-x-eSx7BjbAy1qkPsGjnpwjUmGzk9jBptlCLgc1HT_qELTfpr_w5xqFcy-1ayAlg87gw86Z0IRN9ROTTE04LiHMIwH9Y8H06C_9I0H29WCMqFGlBJH9n0hYu6nPpgVkV6E-9wze10-jzi5JLqiM0tB8Ihniy2ZHGgiwG1CM--xHKkaXcFLF3d8bGlALGp1CgtiHdWeMyQ5SBzL6lmhMcnzzse0VlAIq1m94Fath217OcQcEw-VrJlyGJ8gAyi-N3O9VZAl2dykNgji9tcC1ws5IMbGyWSv5OpeHfUDN97iOcTJ4noBF7EwvIwpQ", alg: "RS256" }, epoch: 1 }], authenticator_obj_initial_shared_version: SequenceNumber(1) }
[2m2025-03-25T07:55:00.897879Z[0m [32m INFO[0m [1mnode[0m[1m{[0m[3mname[0m[2m=[0mk#8dcff6d1..[1m}[0m[2m:[0m [2msui_core::checkpoints[0m[2m:[0m [2mcrates/sui-core/src/checkpoints/mod.rs[0m[2m:[0m[2m1326:[0m Creating checkpoint(s) for 2 transactions [3mnext_checkpoint_seq[0m[2m=[0m219 [3mcheckpoint_timestamp[0m[2m=[0m1742889299444
[2m2025-03-25T07:55:00.898181Z[0m [32m INFO[0m [1mnode[0m[1m{[0m[3mname[0m[2m=[0mk#8dcff6d1..[1m}[0m[2m:[0m [2msui_core::checkpoints::checkpoint_output[0m[2m:[0m [2mcrates/sui-core/src/checkpoints/checkpoint_output.rs[0m[2m:[0m[2m149:[0m Creating checkpoint CheckpointDigest(EmKPSX97nNxf3grShPFWU5wT4homyPRbZyRse7fbAS7H) at epoch 1, sequence 219, previous digest Some(CheckpointDigest(Ds3dGhx8ypHJn9h4RfdfZYTbEeLHnvB48sX51D3yg6rW)), transactions count 2, content digest CheckpointContentsDigest(7XV9YvAXFLfY3DGE4gwF48aHnQGL2YZQKipJ7Qkyyr27), end_of_epoch_data None
[2m2025-03-25T07:55:00.900727Z[0m [32m INFO[0m [1mnode[0m[1m{[0m[3mname[0m[2m=[0mk#8dcff6d1..[1m}[0m[2m:[0m [2msui_core::checkpoints::checkpoint_output[0m[2m:[0m [2mcrates/sui-core/src/checkpoints/checkpoint_output.rs[0m[2m:[0m[2m196:[0m Certified checkpoint with sequence 218 and digest Ds3dGhx8ypHJn9h4RfdfZYTbEeLHnvB48sX51D3yg6rW
[2m2025-03-25T07:55:00.900750Z[0m [32m INFO[0m [1mnode[0m[1m{[0m[3mname[0m[2m=[0mk#8dcff6d1..[1m}[0m[2m:[0m [2msui_core::checkpoints::checkpoint_output[0m[2m:[0m [2mcrates/sui-core/src/checkpoints/checkpoint_output.rs[0m[2m:[0m[2m196:[0m Certified checkpoint with sequence 219 and digest EmKPSX97nNxf3grShPFWU5wT4homyPRbZyRse7fbAS7H
[2m2025-03-25T07:55:00.901055Z[0m [32m INFO[0m [1mnode[0m[1m{[0m[3mname[0m[2m=[0mk#8dcff6d1..[1m}[0m[2m:[0m [2mconsensus_core::core[0m[2m:[0m [2mconsensus/core/src/core.rs[0m[2m:[0m[2m630:[0m Committing 1 leaders: B10(B,vaC6)
[2m2025-03-25T07:55:00.901200Z[0m [32m INFO[0m [1mnode[0m[1m{[0m[3mname[0m[2m=[0mk#8dcff6d1..[1m}[0m[2m:[0m [2mconsensus_core::commit_observer[0m[2m:[0m [2mconsensus/core/src/commit_observer.rs[0m[2m:[0m[2m173:[0m Consensus commit C8(2XoF) with leader B10(B,vaC6) has 3 blocks
[2m2025-03-25T07:55:00.901282Z[0m [32m INFO[0m [1mnode[0m[1m{[0m[3mname[0m[2m=[0mk#8dcff6d1..[1m}[0m[2m:[0m [2mconsensus_core::core[0m[2m:[0m [2mconsensus/core/src/core.rs[0m[2m:[0m[2m945:[0m Included 3 ancestors & excluded 0 ancestors for proposal in round 13
[2m2025-03-25T07:55:00.901585Z[0m [32m INFO[0m [1mnode[0m[1m{[0m[3mname[0m[2m=[0mk#8dcff6d1..[1m}[0m[2m:[0m [2mconsensus_core::core[0m[2m:[0m [2mconsensus/core/src/core.rs[0m[2m:[0m[2m531:[0m Created block B13(A,UQappWrGT5xRRgYBv7jD3rz2qmUJ8OZDueqdBQg2wlc=)(1742889300901ms;[B11(A,YN3muUoNWpsJgFY7a2mcbwV76rKA+pchIy4SDB0DO2c=), B12(B,9S0wPgbDgxLteu3T2IhUkcLVX4bFJOEtuX8pKGmYHRs=), B12(C,LuLe+7m5BgK0jdW0EXKwODQfEr5kfWG0q1P12mhtWa4=)];1t;4c) for round 13
[2m2025-03-25T07:55:00.902540Z[0m [32m INFO[0m [1mnode[0m[1m{[0m[3mname[0m[2m=[0mk#8dcff6d1..[1m}[0m[2m:[0m [2msui_core::consensus_handler[0m[2m:[0m [2mcrates/sui-core/src/consensus_handler.rs[0m[2m:[0m[2m232:[0m Received consensus output [3mconsensus_commit[0m[2m=[0mCommittedSubDag(leader=B10(B,vaC6), ref=C8(2XoF), blocks=[Bo0a, dO7H, vaC6]) [3mepoch[0m[2m=[0m1
[2m2025-03-25T07:55:00.905620Z[0m [32m INFO[0m [1mnode[0m[1m{[0m[3mname[0m[2m=[0mk#8dcff6d1..[1m}[0m[2m:[0m [2msui_core::checkpoints::checkpoint_executor[0m[2m:[0m [2mcrates/sui-core/src/checkpoints/checkpoint_executor/mod.rs[0m[2m:[0m[2m332:[0m Received checkpoint summary from state sync [3msequence_number[0m[2m=[0m218
[2m2025-03-25T07:55:00.905759Z[0m [32m INFO[0m [1mnode[0m[1m{[0m[3mname[0m[2m=[0mk#8dcff6d1..[1m}[0m[2m:[0m [2msui_core::checkpoints::checkpoint_executor[0m[2m:[0m [2mcrates/sui-core/src/checkpoints/checkpoint_executor/mod.rs[0m[2m:[0m[2m332:[0m Received checkpoint summary from state sync [3msequence_number[0m[2m=[0m219
[2m2025-03-25T07:55:00.909034Z[0m [32m INFO[0m [1mnode[0m[1m{[0m[3mname[0m[2m=[0mk#99f25ef6..[1m}[0m[2m:[0m [2msui_core::checkpoints::checkpoint_output[0m[2m:[0m [2mcrates/sui-core/src/checkpoints/checkpoint_output.rs[0m[2m:[0m[2m196:[0m Certified checkpoint with sequence 218 and digest Ds3dGhx8ypHJn9h4RfdfZYTbEeLHnvB48sX51D3yg6rW
[2m2025-03-25T07:55:00.909469Z[0m [32m INFO[0m [1mnode[0m[1m{[0m[3mname[0m[2m=[0mk#99f25ef6..[1m}[0m[2m:[0m [2msui_core::checkpoints::checkpoint_executor[0m[2m:[0m [2mcrates/sui-core/src/checkpoints/checkpoint_executor/mod.rs[0m[2m:[0m[2m332:[0m Received checkpoint summary from state sync [3msequence_number[0m[2m=[0m218
[2m2025-03-25T07:55:00.911024Z[0m [32m INFO[0m [1mnode[0m[1m{[0m[3mname[0m[2m=[0mk#99f25ef6..[1m}[0m[2m:[0m [2msui_core::state_accumulator[0m[2m:[0m [2mcrates/sui-core/src/state_accumulator.rs[0m[2m:[0m[2m675:[0m accumulating running root for checkpoint 218
[2m2025-03-25T07:55:00.912958Z[0m [32m INFO[0m [1mnode[0m[1m{[0m[3mname[0m[2m=[0mk#addeef94..[1m}[0m[2m:[0m [2msui_core::checkpoints::checkpoint_executor[0m[2m:[0m [2mcrates/sui-core/src/checkpoints/checkpoint_executor/mod.rs[0m[2m:[0m[2m332:[0m Received checkpoint summary from state sync [3msequence_number[0m[2m=[0m218
[2m2025-03-25T07:55:00.914150Z[0m [32m INFO[0m [1mnode[0m[1m{[0m[3mname[0m[2m=[0mk#addeef94..[1m}[0m[2m:[0m [2msui_core::state_accumulator[0m[2m:[0m [2mcrates/sui-core/src/state_accumulator.rs[0m[2m:[0m[2m675:[0m accumulating running root for checkpoint 218
[2m2025-03-25T07:55:00.915964Z[0m [32m INFO[0m [1mnode[0m[1m{[0m[3mname[0m[2m=[0mk#8dcff6d1..[1m}[0m[2m:[0m [2msui_core::state_accumulator[0m[2m:[0m [2mcrates/sui-core/src/state_accumulator.rs[0m[2m:[0m[2m675:[0m accumulating running root for checkpoint 218
[2m2025-03-25T07:55:00.916198Z[0m [32m INFO[0m [1mnode[0m[1m{[0m[3mname[0m[2m=[0mk#99f25ef6..[1m}[0m[2m:[0m [2msui_core::checkpoints::checkpoint_executor[0m[2m:[0m [2mcrates/sui-core/src/checkpoints/checkpoint_executor/mod.rs[0m[2m:[0m[2m332:[0m Received checkpoint summary from state sync [3msequence_number[0m[2m=[0m218
[2m2025-03-25T07:55:00.916280Z[0m [32m INFO[0m [1mnode[0m[1m{[0m[3mname[0m[2m=[0mk#99f25ef6..[1m}[0m[2m:[0m [2msui_core::checkpoints::checkpoint_executor[0m[2m:[0m [2mcrates/sui-core/src/checkpoints/checkpoint_executor/mod.rs[0m[2m:[0m[2m332:[0m Received checkpoint summary from state sync [3msequence_number[0m[2m=[0m219
[2m2025-03-25T07:55:00.916308Z[0m [32m INFO[0m [1mnode[0m[1m{[0m[3mname[0m[2m=[0mk#addeef94..[1m}[0m[2m:[0m [2msui_core::checkpoints::checkpoint_executor[0m[2m:[0m [2mcrates/sui-core/src/checkpoints/checkpoint_executor/mod.rs[0m[2m:[0m[2m332:[0m Received checkpoint summary from state sync [3msequence_number[0m[2m=[0m219
[2m2025-03-25T07:55:00.916544Z[0m [32m INFO[0m [1mnode[0m[1m{[0m[3mname[0m[2m=[0mk#8dcff6d1..[1m}[0m[2m:[0m [2msui_core::state_accumulator[0m[2m:[0m [2mcrates/sui-core/src/state_accumulator.rs[0m[2m:[0m[2m675:[0m accumulating running root for checkpoint 219
[2m2025-03-25T07:55:00.917318Z[0m [32m INFO[0m [1mnode[0m[1m{[0m[3mname[0m[2m=[0mk#99f25ef6..[1m}[0m[2m:[0m [2msui_core::state_accumulator[0m[2m:[0m [2mcrates/sui-core/src/state_accumulator.rs[0m[2m:[0m[2m675:[0m accumulating running root for checkpoint 219
[2m2025-03-25T07:55:00.917395Z[0m [32m INFO[0m [1mnode[0m[1m{[0m[3mname[0m[2m=[0mk#addeef94..[1m}[0m[2m:[0m [2msui_core::state_accumulator[0m[2m:[0m [2mcrates/sui-core/src/state_accumulator.rs[0m[2m:[0m[2m675:[0m accumulating running root for checkpoint 219
[2m2025-03-25T07:55:00.951698Z[0m [32m INFO[0m [1mnode[0m[1m{[0m[3mname[0m[2m=[0mk#8dcff6d1..[1m}[0m[2m:[0m [2msui_core::checkpoints[0m[2m:[0m [2mcrates/sui-core/src/checkpoints/mod.rs[0m[2m:[0m[2m1326:[0m Creating checkpoint(s) for 1 transactions [3mnext_checkpoint_seq[0m[2m=[0m220 [3mcheckpoint_timestamp[0m[2m=[0m1742889299697
[2m2025-03-25T07:55:00.951923Z[0m [32m INFO[0m [1mnode[0m[1m{[0m[3mname[0m[2m=[0mk#8dcff6d1..[1m}[0m[2m:[0m [2msui_core::checkpoints::checkpoint_output[0m[2m:[0m [2mcrates/sui-core/src/checkpoints/checkpoint_output.rs[0m[2m:[0m[2m149:[0m Creating checkpoint CheckpointDigest(5bGFeV8JJrer89NZHG8erx6gRgwbo2uvYeEEkaKJ891g) at epoch 1, sequence 220, previous digest Some(CheckpointDigest(EmKPSX97nNxf3grShPFWU5wT4homyPRbZyRse7fbAS7H)), transactions count 1, content digest CheckpointContentsDigest(CFKYsdC8jB76UXoc8VpS1Z1zguaCcPRSYbLTpxwKUDWD), end_of_epoch_data None
[2m2025-03-25T07:55:00.953555Z[0m [32m INFO[0m [1mnode[0m[1m{[0m[3mname[0m[2m=[0mk#8dcff6d1..[1m}[0m[2m:[0m [2msui_core::checkpoints[0m[2m:[0m [2mcrates/sui-core/src/checkpoints/mod.rs[0m[2m:[0m[2m1326:[0m Creating checkpoint(s) for 2 transactions [3mnext_checkpoint_seq[0m[2m=[0m221 [3mcheckpoint_timestamp[0m[2m=[0m1742889299950
[2m2025-03-25T07:55:00.953808Z[0m [32m INFO[0m [1mnode[0m[1m{[0m[3mname[0m[2m=[0mk#8dcff6d1..[1m}[0m[2m:[0m [2msui_core::checkpoints::checkpoint_output[0m[2m:[0m [2mcrates/sui-core/src/checkpoints/checkpoint_output.rs[0m[2m:[0m[2m149:[0m Creating checkpoint CheckpointDigest(9fMFpT9WeA7u1M7kd1r4kWWV9SeK1Ah2eUXQm6AAWQFr) at epoch 1, sequence 221, previous digest Some(CheckpointDigest(5bGFeV8JJrer89NZHG8erx6gRgwbo2uvYeEEkaKJ891g)), transactions count 2, content digest CheckpointContentsDigest(EBytrgYF61hHKzuHAA3a4XMdvwLqYyvv8VdWNkkZGK7d), end_of_epoch_data None
[2m2025-03-25T07:55:01.003061Z[0m [32m INFO[0m [1mnode[0m[1m{[0m[3mname[0m[2m=[0mk#99f25ef6..[1m}[0m[2m:[0m [2mconsensus_core::core[0m[2m:[0m [2mconsensus/core/src/core.rs[0m[2m:[0m[2m945:[0m Included 3 ancestors & excluded 0 ancestors for proposal in round 14
[2m2025-03-25T07:55:01.003430Z[0m [32m INFO[0m [1mnode[0m[1m{[0m[3mname[0m[2m=[0mk#99f25ef6..[1m}[0m[2m:[0m [2mconsensus_core::core[0m[2m:[0m [2mconsensus/core/src/core.rs[0m[2m:[0m[2m531:[0m Created block B14(B,Gnq4hzO+N+CPucXvYTBLDhsBJbUL13VDkyezlz0EUO4=)(1742889301003ms;[B13(B,fUHEdfhtAsKxEglbKDCWLLw9Y91k1ZdrsAjGqovY9gU=), B13(A,UQappWrGT5xRRgYBv7jD3rz2qmUJ8OZDueqdBQg2wlc=), B13(C,LLug/ZAY5L5+v797SV4Y5RUgfrvg39MAUgWDHigHgiw=)];1t;1c) for round 14
[2m2025-03-25T07:55:01.005356Z[0m [32m INFO[0m [1mnode[0m[1m{[0m[3mname[0m[2m=[0mk#addeef94..[1m}[0m[2m:[0m [2mconsensus_core::core[0m[2m:[0m [2mconsensus/core/src/core.rs[0m[2m:[0m[2m945:[0m Included 3 ancestors & excluded 0 ancestors for proposal in round 14
[2m2025-03-25T07:55:01.005663Z[0m [32m INFO[0m [1mnode[0m[1m{[0m[3mname[0m[2m=[0mk#addeef94..[1m}[0m[2m:[0m [2mconsensus_core::core[0m[2m:[0m [2mconsensus/core/src/core.rs[0m[2m:[0m[2m531:[0m Created block B14(C,f/KJHJMFNqlgOh++jVAVkp749ZfEcYVAnU34TW9JB70=)(1742889301005ms;[B13(C,LLug/ZAY5L5+v797SV4Y5RUgfrvg39MAUgWDHigHgiw=), B13(A,UQappWrGT5xRRgYBv7jD3rz2qmUJ8OZDueqdBQg2wlc=), B13(B,fUHEdfhtAsKxEglbKDCWLLw9Y91k1ZdrsAjGqovY9gU=)];1t;1c) for round 14
[2m2025-03-25T07:55:01.100996Z[0m [32m INFO[0m [1mnode[0m[1m{[0m[3mname[0m[2m=[0mk#8dcff6d1..[1m}[0m[2m:[0m [2msui_core::checkpoints::checkpoint_output[0m[2m:[0m [2mcrates/sui-core/src/checkpoints/checkpoint_output.rs[0m[2m:[0m[2m196:[0m Certified checkpoint with sequence 220 and digest 5bGFeV8JJrer89NZHG8erx6gRgwbo2uvYeEEkaKJ891g
[2m2025-03-25T07:55:01.101024Z[0m [32m INFO[0m [1mnode[0m[1m{[0m[3mname[0m[2m=[0mk#8dcff6d1..[1m}[0m[2m:[0m [2msui_core::checkpoints::checkpoint_output[0m[2m:[0m [2mcrates/sui-core/src/checkpoints/checkpoint_output.rs[0m[2m:[0m[2m196:[0m Certified checkpoint with sequence 221 and digest 9fMFpT9WeA7u1M7kd1r4kWWV9SeK1Ah2eUXQm6AAWQFr
[2m2025-03-25T07:55:01.101173Z[0m [32m INFO[0m [1mnode[0m[1m{[0m[3mname[0m[2m=[0mk#8dcff6d1..[1m}[0m[2m:[0m [2mconsensus_core::core[0m[2m:[0m [2mconsensus/core/src/core.rs[0m[2m:[0m[2m630:[0m Committing 1 leaders: B11(B,2Fpq)
[2m2025-03-25T07:55:01.101291Z[0m [32m INFO[0m [1mnode[0m[1m{[0m[3mname[0m[2m=[0mk#8dcff6d1..[1m}[0m[2m:[0m [2mconsensus_core::commit_observer[0m[2m:[0m [2mconsensus/core/src/commit_observer.rs[0m[2m:[0m[2m173:[0m Consensus commit C9(qEYS) with leader B11(B,2Fpq) has 3 blocks
[2m2025-03-25T07:55:01.101996Z[0m [32m INFO[0m [1mnode[0m[1m{[0m[3mname[0m[2m=[0mk#8dcff6d1..[1m}[0m[2m:[0m [2msui_core::consensus_handler[0m[2m:[0m [2mcrates/sui-core/src/consensus_handler.rs[0m[2m:[0m[2m232:[0m Received consensus output [3mconsensus_commit[0m[2m=[0mCommittedSubDag(leader=B11(B,2Fpq), ref=C9(qEYS), blocks=[sabC, J4QI, 2Fpq]) [3mepoch[0m[2m=[0m1
[2m2025-03-25T07:55:01.102618Z[0m [32m INFO[0m [1mnode[0m[1m{[0m[3mname[0m[2m=[0mk#8dcff6d1..[1m}[0m[2m:[0m [2msui_core::checkpoints::checkpoint_executor[0m[2m:[0m [2mcrates/sui-core/src/checkpoints/checkpoint_executor/mod.rs[0m[2m:[0m[2m332:[0m Received checkpoint summary from state sync [3msequence_number[0m[2m=[0m220
[2m2025-03-25T07:55:01.102754Z[0m [32m INFO[0m [1mnode[0m[1m{[0m[3mname[0m[2m=[0mk#8dcff6d1..[1m}[0m[2m:[0m [2msui_core::checkpoints::checkpoint_executor[0m[2m:[0m [2mcrates/sui-core/src/checkpoints/checkpoint_executor/mod.rs[0m[2m:[0m[2m332:[0m Received checkpoint summary from state sync [3msequence_number[0m[2m=[0m221
[2m2025-03-25T07:55:01.121901Z[0m [32m INFO[0m [1mnode[0m[1m{[0m[3mname[0m[2m=[0mk#8dcff6d1..[1m}[0m[2m:[0m [2msui_core::state_accumulator[0m[2m:[0m [2mcrates/sui-core/src/state_accumulator.rs[0m[2m:[0m[2m675:[0m accumulating running root for checkpoint 220
[2m2025-03-25T07:55:01.122470Z[0m [32m INFO[0m [1mnode[0m[1m{[0m[3mname[0m[2m=[0mk#8dcff6d1..[1m}[0m[2m:[0m [2msui_core::state_accumulator[0m[2m:[0m [2mcrates/sui-core/src/state_accumulator.rs[0m[2m:[0m[2m675:[0m accumulating running root for checkpoint 221
[2m2025-03-25T07:55:01.125680Z[0m [32m INFO[0m [1mnode[0m[1m{[0m[3mname[0m[2m=[0mk#99f25ef6..[1m}[0m[2m:[0m [2msui_core::checkpoints::checkpoint_executor[0m[2m:[0m [2mcrates/sui-core/src/checkpoints/checkpoint_executor/mod.rs[0m[2m:[0m[2m332:[0m Received checkpoint summary from state sync [3msequence_number[0m[2m=[0m220
[2m2025-03-25T07:55:01.125686Z[0m [32m INFO[0m [1mnode[0m[1m{[0m[3mname[0m[2m=[0mk#addeef94..[1m}[0m[2m:[0m [2msui_core::checkpoints::checkpoint_executor[0m[2m:[0m [2mcrates/sui-core/src/checkpoints/checkpoint_executor/mod.rs[0m[2m:[0m[2m332:[0m Received checkpoint summary from state sync [3msequence_number[0m[2m=[0m220
[2m2025-03-25T07:55:01.125803Z[0m [32m INFO[0m [1mnode[0m[1m{[0m[3mname[0m[2m=[0mk#99f25ef6..[1m}[0m[2m:[0m [2msui_core::checkpoints::checkpoint_executor[0m[2m:[0m [2mcrates/sui-core/src/checkpoints/checkpoint_executor/mod.rs[0m[2m:[0m[2m332:[0m Received checkpoint summary from state sync [3msequence_number[0m[2m=[0m221
[2m2025-03-25T07:55:01.125807Z[0m [32m INFO[0m [1mnode[0m[1m{[0m[3mname[0m[2m=[0mk#addeef94..[1m}[0m[2m:[0m [2msui_core::checkpoints::checkpoint_executor[0m[2m:[0m [2mcrates/sui-core/src/checkpoints/checkpoint_executor/mod.rs[0m[2m:[0m[2m332:[0m Received checkpoint summary from state sync [3msequence_number[0m[2m=[0m221
[2m2025-03-25T07:55:01.127050Z[0m [32m INFO[0m [1mnode[0m[1m{[0m[3mname[0m[2m=[0mk#99f25ef6..[1m}[0m[2m:[0m [2msui_core::state_accumulator[0m[2m:[0m [2mcrates/sui-core/src/state_accumulator.rs[0m[2m:[0m[2m675:[0m accumulating running root for checkpoint 220
[2m2025-03-25T07:55:01.127051Z[0m [32m INFO[0m [1mnode[0m[1m{[0m[3mname[0m[2m=[0mk#addeef94..[1m}[0m[2m:[0m [2msui_core::state_accumulator[0m[2m:[0m [2mcrates/sui-core/src/state_accumulator.rs[0m[2m:[0m[2m675:[0m accumulating running root for checkpoint 220
[2m2025-03-25T07:55:01.127606Z[0m [32m INFO[0m [1mnode[0m[1m{[0m[3mname[0m[2m=[0mk#99f25ef6..[1m}[0m[2m:[0m [2msui_core::state_accumulator[0m[2m:[0m [2mcrates/sui-core/src/state_accumulator.rs[0m[2m:[0m[2m675:[0m accumulating running root for checkpoint 221
[2m2025-03-25T07:55:01.127616Z[0m [32m INFO[0m [1mnode[0m[1m{[0m[3mname[0m[2m=[0mk#addeef94..[1m}[0m[2m:[0m [2msui_core::state_accumulator[0m[2m:[0m [2mcrates/sui-core/src/state_accumulator.rs[0m[2m:[0m[2m675:[0m accumulating running root for checkpoint 221
[2m2025-03-25T07:55:01.192983Z[0m [32m INFO[0m [1mnode[0m[1m{[0m[3mname[0m[2m=[0mk#8dcff6d1..[1m}[0m[2m:[0m [2msui_core::checkpoints[0m[2m:[0m [2mcrates/sui-core/src/checkpoints/mod.rs[0m[2m:[0m[2m1326:[0m Creating checkpoint(s) for 1 transactions [3mnext_checkpoint_seq[0m[2m=[0m222 [3mcheckpoint_timestamp[0m[2m=[0m1742889300204
[2m2025-03-25T07:55:01.193214Z[0m [32m INFO[0m [1mnode[0m[1m{[0m[3mname[0m[2m=[0mk#8dcff6d1..[1m}[0m[2m:[0m [2msui_core::checkpoints::checkpoint_output[0m[2m:[0m [2mcrates/sui-core/src/checkpoints/checkpoint_output.rs[0m[2m:[0m[2m149:[0m Creating checkpoint CheckpointDigest(AGbKRCA6E7qMALRzBkwkfJ1YnE2CYqyANJmvMDKPkBnm) at epoch 1, sequence 222, previous digest Some(CheckpointDigest(9fMFpT9WeA7u1M7kd1r4kWWV9SeK1Ah2eUXQm6AAWQFr)), transactions count 1, content digest CheckpointContentsDigest(Goju2T8TNRgYPW6ye74vNa5F1s2jUnHeNPN989x8eUqA), end_of_epoch_data None
[2m2025-03-25T07:55:01.257404Z[0m [32m INFO[0m [1mnode[0m[1m{[0m[3mname[0m[2m=[0mk#addeef94..[1m}[0m[2m:[0m [2mconsensus_core::core[0m[2m:[0m [2mconsensus/core/src/core.rs[0m[2m:[0m[2m945:[0m Included 2 ancestors & excluded 0 ancestors for proposal in round 15
[2m2025-03-25T07:55:01.257697Z[0m [32m INFO[0m [1mnode[0m[1m{[0m[3mname[0m[2m=[0mk#addeef94..[1m}[0m[2m:[0m [2mconsensus_core::core[0m[2m:[0m [2mconsensus/core/src/core.rs[0m[2m:[0m[2m531:[0m Created block B15(C,/pRwIqzFamp7kIYIDJXca2yewwm2z86w9vmqcUzm+Hw=)(1742889301257ms;[B14(C,f/KJHJMFNqlgOh++jVAVkp749ZfEcYVAnU34TW9JB70=), B14(B,Gnq4hzO+N+CPucXvYTBLDhsBJbUL13VDkyezlz0EUO4=)];0t;0c) for round 15
[2m2025-03-25T07:55:01.258481Z[0m [32m INFO[0m [1mnode[0m[1m{[0m[3mname[0m[2m=[0mk#99f25ef6..[1m}[0m[2m:[0m [2mconsensus_core::core[0m[2m:[0m [2mconsensus/core/src/core.rs[0m[2m:[0m[2m945:[0m Included 2 ancestors & excluded 0 ancestors for proposal in round 15
[2m2025-03-25T07:55:01.258729Z[0m [32m INFO[0m [1mnode[0m[1m{[0m[3mname[0m[2m=[0mk#99f25ef6..[1m}[0m[2m:[0m [2mconsensus_core::core[0m[2m:[0m [2mconsensus/core/src/core.rs[0m[2m:[0m[2m531:[0m Created block B15(B,+lEcHY1/3Oi/VSocf5FRqiPLe28O41KQ3eWwbeq9TKc=)(1742889301258ms;[B14(B,Gnq4hzO+N+CPucXvYTBLDhsBJbUL13VDkyezlz0EUO4=), B14(C,f/KJHJMFNqlgOh++jVAVkp749ZfEcYVAnU34TW9JB70=)];0t;0c) for round 15
[2m2025-03-25T07:55:01.301258Z[0m [32m INFO[0m [1mnode[0m[1m{[0m[3mname[0m[2m=[0mk#8dcff6d1..[1m}[0m[2m:[0m [2msui_core::checkpoints::checkpoint_output[0m[2m:[0m [2mcrates/sui-core/src/checkpoints/checkpoint_output.rs[0m[2m:[0m[2m196:[0m Certified checkpoint with sequence 222 and digest AGbKRCA6E7qMALRzBkwkfJ1YnE2CYqyANJmvMDKPkBnm
[2m2025-03-25T07:55:01.301736Z[0m [32m INFO[0m [1mnode[0m[1m{[0m[3mname[0m[2m=[0mk#8dcff6d1..[1m}[0m[2m:[0m [2msui_core::checkpoints::checkpoint_executor[0m[2m:[0m [2mcrates/sui-core/src/checkpoints/checkpoint_executor/mod.rs[0m[2m:[0m[2m332:[0m Received checkpoint summary from state sync [3msequence_number[0m[2m=[0m222
[2m2025-03-25T07:55:01.302975Z[0m [32m INFO[0m [1mnode[0m[1m{[0m[3mname[0m[2m=[0mk#8dcff6d1..[1m}[0m[2m:[0m [2msui_core::state_accumulator[0m[2m:[0m [2mcrates/sui-core/src/state_accumulator.rs[0m[2m:[0m[2m675:[0m accumulating running root for checkpoint 222
[2m2025-03-25T07:55:01.303778Z[0m [32m INFO[0m [1mnode[0m[1m{[0m[3mname[0m[2m=[0mk#8dcff6d1..[1m}[0m[2m:[0m [2mconsensus_core::commit_syncer[0m[2m:[0m [2mconsensus/core/src/commit_syncer.rs[0m[2m:[0m[2m196:[0m Checking to schedule fetches: synced_commit_index=9, highest_handled_index=9, highest_scheduled_index=0, quorum_commit_index=9, unhandled_commits_threshold=3200
[2m2025-03-25T07:55:01.304908Z[0m [32m INFO[0m [1mnode[0m[1m{[0m[3mname[0m[2m=[0mk#addeef94..[1m}[0m[2m:[0m [2msui_core::checkpoints::checkpoint_executor[0m[2m:[0m [2mcrates/sui-core/src/checkpoints/checkpoint_executor/mod.rs[0m[2m:[0m[2m332:[0m Received checkpoint summary from state sync [3msequence_number[0m[2m=[0m222
[2m2025-03-25T07:55:01.304917Z[0m [32m INFO[0m [1mnode[0m[1m{[0m[3mname[0m[2m=[0mk#99f25ef6..[1m}[0m[2m:[0m [2msui_core::checkpoints::checkpoint_executor[0m[2m:[0m [2mcrates/sui-core/src/checkpoints/checkpoint_executor/mod.rs[0m[2m:[0m[2m332:[0m Received checkpoint summary from state sync [3msequence_number[0m[2m=[0m222
[2m2025-03-25T07:55:01.305680Z[0m [32m INFO[0m [1mnode[0m[1m{[0m[3mname[0m[2m=[0mk#addeef94..[1m}[0m[2m:[0m [2msui_core::state_accumulator[0m[2m:[0m [2mcrates/sui-core/src/state_accumulator.rs[0m[2m:[0m[2m675:[0m accumulating running root for checkpoint 222
[2m2025-03-25T07:55:01.305681Z[0m [32m INFO[0m [1mnode[0m[1m{[0m[3mname[0m[2m=[0mk#99f25ef6..[1m}[0m[2m:[0m [2msui_core::state_accumulator[0m[2m:[0m [2mcrates/sui-core/src/state_accumulator.rs[0m[2m:[0m[2m675:[0m accumulating running root for checkpoint 222
[2m2025-03-25T07:55:01.327889Z[0m [32m INFO[0m [1mnode[0m[1m{[0m[3mname[0m[2m=[0mk#addeef94..[1m}[0m[2m:[0m [2mconsensus_core::commit_syncer[0m[2m:[0m [2mconsensus/core/src/commit_syncer.rs[0m[2m:[0m[2m196:[0m Checking to schedule fetches: synced_commit_index=9, highest_handled_index=9, highest_scheduled_index=0, quorum_commit_index=0, unhandled_commits_threshold=3200
[2m2025-03-25T07:55:01.330908Z[0m [32m INFO[0m [1mnode[0m[1m{[0m[3mname[0m[2m=[0mk#99f25ef6..[1m}[0m[2m:[0m [2mconsensus_core::commit_syncer[0m[2m:[0m [2mconsensus/core/src/commit_syncer.rs[0m[2m:[0m[2m196:[0m Checking to schedule fetches: synced_commit_index=9, highest_handled_index=9, highest_scheduled_index=0, quorum_commit_index=8, unhandled_commits_threshold=3200
[2m2025-03-25T07:55:01.510779Z[0m [32m INFO[0m [1mnode[0m[1m{[0m[3mname[0m[2m=[0mk#addeef94..[1m}[0m[2m:[0m [2mconsensus_core::core[0m[2m:[0m [2mconsensus/core/src/core.rs[0m[2m:[0m[2m945:[0m Included 2 ancestors & excluded 0 ancestors for proposal in round 16
[2m2025-03-25T07:55:01.510779Z[0m [32m INFO[0m [1mnode[0m[1m{[0m[3mname[0m[2m=[0mk#99f25ef6..[1m}[0m[2m:[0m [2mconsensus_core::core[0m[2m:[0m [2mconsensus/core/src/core.rs[0m[2m:[0m[2m945:[0m Included 2 ancestors & excluded 0 ancestors for proposal in round 16
[2m2025-03-25T07:55:01.511052Z[0m [32m INFO[0m [1mnode[0m[1m{[0m[3mname[0m[2m=[0mk#99f25ef6..[1m}[0m[2m:[0m [2mconsensus_core::core[0m[2m:[0m [2mconsensus/core/src/core.rs[0m[2m:[0m[2m531:[0m Created block B16(B,Ca+0GGYa9n23oPQkcyuyc/fdDwtSJwJPTtOfWK/pxbQ=)(1742889301510ms;[B15(B,+lEcHY1/3Oi/VSocf5FRqiPLe28O41KQ3eWwbeq9TKc=), B15(C,/pRwIqzFamp7kIYIDJXca2yewwm2z86w9vmqcUzm+Hw=)];0t;0c) for round 16
[2m2025-03-25T07:55:01.511052Z[0m [32m INFO[0m [1mnode[0m[1m{[0m[3mname[0m[2m=[0mk#addeef94..[1m}[0m[2m:[0m [2mconsensus_core::core[0m[2m:[0m [2mconsensus/core/src/core.rs[0m[2m:[0m[2m531:[0m Created block B16(C,MLUtLL9wrY6RUk9OFTA0YGMOxWbjkBDz5WcfbqHlYmw=)(1742889301510ms;[B15(C,/pRwIqzFamp7kIYIDJXca2yewwm2z86w9vmqcUzm+Hw=), B15(B,+lEcHY1/3Oi/VSocf5FRqiPLe28O41KQ3eWwbeq9TKc=)];0t;0c) for round 16
[2m2025-03-25T07:55:01.702969Z[0m [32m INFO[0m [1mnode[0m[1m{[0m[3mname[0m[2m=[0mk#8dcff6d1..[1m}[0m[2m:[0m [2mconsensus_core::core[0m[2m:[0m [2mconsensus/core/src/core.rs[0m[2m:[0m[2m945:[0m Included 3 ancestors & excluded 0 ancestors for proposal in round 17
[2m2025-03-25T07:55:01.703372Z[0m [32m INFO[0m [1mnode[0m[1m{[0m[3mname[0m[2m=[0mk#8dcff6d1..[1m}[0m[2m:[0m [2mconsensus_core::core[0m[2m:[0m [2mconsensus/core/src/core.rs[0m[2m:[0m[2m531:[0m Created block B17(A,5YYK4gQXWZKrl6JRiRLoM9GjmUaEBu0gXTbziAMmQrc=)(1742889301703ms;[B13(A,UQappWrGT5xRRgYBv7jD3rz2qmUJ8OZDueqdBQg2wlc=), B16(B,Ca+0GGYa9n23oPQkcyuyc/fdDwtSJwJPTtOfWK/pxbQ=), B16(C,MLUtLL9wrY6RUk9OFTA0YGMOxWbjkBDz5WcfbqHlYmw=)];3t;1c) for round 17
[2m2025-03-25T07:55:01.762969Z[0m [32m INFO[0m [1mnode[0m[1m{[0m[3mname[0m[2m=[0mk#addeef94..[1m}[0m[2m:[0m [2mconsensus_core::core[0m[2m:[0m [2mconsensus/core/src/core.rs[0m[2m:[0m[2m945:[0m Included 2 ancestors & excluded 0 ancestors for proposal in round 17
[2m2025-03-25T07:55:01.763111Z[0m [32m INFO[0m [1mnode[0m[1m{[0m[3mname[0m[2m=[0mk#99f25ef6..[1m}[0m[2m:[0m [2mconsensus_core::core[0m[2m:[0m [2mconsensus/core/src/core.rs[0m[2m:[0m[2m945:[0m Included 2 ancestors & excluded 0 ancestors for proposal in round 17
[2m2025-03-25T07:55:01.763240Z[0m [32m INFO[0m [1mnode[0m[1m{[0m[3mname[0m[2m=[0mk#addeef94..[1m}[0m[2m:[0m [2mconsensus_core::core[0m[2m:[0m [2mconsensus/core/src/core.rs[0m[2m:[0m[2m531:[0m Created block B17(C,z84JAQg7Y0KOyCIobTmvD6y307m1m8p4L4s1PpkQUQM=)(1742889301763ms;[B16(C,MLUtLL9wrY6RUk9OFTA0YGMOxWbjkBDz5WcfbqHlYmw=), B16(B,Ca+0GGYa9n23oPQkcyuyc/fdDwtSJwJPTtOfWK/pxbQ=)];0t;0c) for round 17
[2m2025-03-25T07:55:01.763372Z[0m [32m INFO[0m [1mnode[0m[1m{[0m[3mname[0m[2m=[0mk#99f25ef6..[1m}[0m[2m:[0m [2mconsensus_core::core[0m[2m:[0m [2mconsensus/core/src/core.rs[0m[2m:[0m[2m531:[0m Created block B17(B,RUBWT3JUsL9z+jsSZQS9toMGGo4ozpCh6r8z72Gk/1w=)(1742889301763ms;[B16(B,Ca+0GGYa9n23oPQkcyuyc/fdDwtSJwJPTtOfWK/pxbQ=), B16(C,MLUtLL9wrY6RUk9OFTA0YGMOxWbjkBDz5WcfbqHlYmw=)];0t;0c) for round 17
[2m2025-03-25T07:55:02.015164Z[0m [32m INFO[0m [1mnode[0m[1m{[0m[3mname[0m[2m=[0mk#addeef94..[1m}[0m[2m:[0m [2mconsensus_core::core[0m[2m:[0m [2mconsensus/core/src/core.rs[0m[2m:[0m[2m945:[0m Included 3 ancestors & excluded 0 ancestors for proposal in round 18
[2m2025-03-25T07:55:02.015431Z[0m [32m INFO[0m [1mnode[0m[1m{[0m[3mname[0m[2m=[0mk#addeef94..[1m}[0m[2m:[0m [2mconsensus_core::core[0m[2m:[0m [2mconsensus/core/src/core.rs[0m[2m:[0m[2m531:[0m Created block B18(C,JGSqgrc9QfjS+PuJ7vPfJoseV3HZN0tlvZS1HmZGEqk=)(1742889302015ms;[B17(C,z84JAQg7Y0KOyCIobTmvD6y307m1m8p4L4s1PpkQUQM=), B17(A,5YYK4gQXWZKrl6JRiRLoM9GjmUaEBu0gXTbziAMmQrc=), B17(B,RUBWT3JUsL9z+jsSZQS9toMGGo4ozpCh6r8z72Gk/1w=)];0t;0c) for round 18
[2m2025-03-25T07:55:02.016018Z[0m [32m INFO[0m [1mnode[0m[1m{[0m[3mname[0m[2m=[0mk#99f25ef6..[1m}[0m[2m:[0m [2mconsensus_core::core[0m[2m:[0m [2mconsensus/core/src/core.rs[0m[2m:[0m[2m945:[0m Included 3 ancestors & excluded 0 ancestors for proposal in round 18
[2m2025-03-25T07:55:02.016259Z[0m [32m INFO[0m [1mnode[0m[1m{[0m[3mname[0m[2m=[0mk#99f25ef6..[1m}[0m[2m:[0m [2mconsensus_core::core[0m[2m:[0m [2mconsensus/core/src/core.rs[0m[2m:[0m[2m531:[0m Created block B18(B,wzDEVM/OgOTXPIHK/Qpk/JWMYOTnf/J6gY8YxLU04Kk=)(1742889302016ms;[B17(B,RUBWT3JUsL9z+jsSZQS9toMGGo4ozpCh6r8z72Gk/1w=), B17(A,5YYK4gQXWZKrl6JRiRLoM9GjmUaEBu0gXTbziAMmQrc=), B17(C,z84JAQg7Y0KOyCIobTmvD6y307m1m8p4L4s1PpkQUQM=)];0t;0c) for round 18
[2m2025-03-25T07:55:02.016588Z[0m [32m INFO[0m [1mnode[0m[1m{[0m[3mname[0m[2m=[0mk#99f25ef6..[1m}[0m[2m:[0m [2mconsensus_core::core[0m[2m:[0m [2mconsensus/core/src/core.rs[0m[2m:[0m[2m630:[0m Committing 2 leaders: B13(C,LLug),B16(B,Ca+0)
[2m2025-03-25T07:55:02.016738Z[0m [32m INFO[0m [1mnode[0m[1m{[0m[3mname[0m[2m=[0mk#99f25ef6..[1m}[0m[2m:[0m [2mconsensus_core::commit_observer[0m[2m:[0m [2mconsensus/core/src/commit_observer.rs[0m[2m:[0m[2m173:[0m Consensus commit C10(5qMv) with leader B13(C,LLug) has 5 blocks
[2m2025-03-25T07:55:02.016750Z[0m [32m INFO[0m [1mnode[0m[1m{[0m[3mname[0m[2m=[0mk#99f25ef6..[1m}[0m[2m:[0m [2mconsensus_core::commit_observer[0m[2m:[0m [2mconsensus/core/src/commit_observer.rs[0m[2m:[0m[2m173:[0m Consensus commit C11(oq+l) with leader B16(B,Ca+0) has 7 blocks
[2m2025-03-25T07:55:02.016855Z[0m [32m INFO[0m [1mnode[0m[1m{[0m[3mname[0m[2m=[0mk#99f25ef6..[1m}[0m[2m:[0m [2msui_core::consensus_handler[0m[2m:[0m [2mcrates/sui-core/src/consensus_handler.rs[0m[2m:[0m[2m232:[0m Received consensus output [3mconsensus_commit[0m[2m=[0mCommittedSubDag(leader=B13(C,LLug), ref=C10(5qMv), blocks=[YN3m, ETgb, 9S0w, LuLe, LLug]) [3mepoch[0m[2m=[0m1
[2m2025-03-25T07:55:02.017999Z[0m [32m INFO[0m [1mnode[0m[1m{[0m[3mname[0m[2m=[0mk#99f25ef6..[1m}[0m[2m:[0m [2msui_core::consensus_handler[0m[2m:[0m [2mcrates/sui-core/src/consensus_handler.rs[0m[2m:[0m[2m232:[0m Received consensus output [3mconsensus_commit[0m[2m=[0mCommittedSubDag(leader=B16(B,Ca+0), ref=C11(oq+l), blocks=[UQap, fUHE, Gnq4, f/KJ, +lEc, /pRw, Ca+0]) [3mepoch[0m[2m=[0m1
[2m2025-03-25T07:55:02.019206Z[0m [32m INFO[0m [1mnode[0m[1m{[0m[3mname[0m[2m=[0mk#addeef94..[1m}[0m[2m:[0m [2mconsensus_core::core[0m[2m:[0m [2mconsensus/core/src/core.rs[0m[2m:[0m[2m630:[0m Committing 2 leaders: B13(C,LLug),B16(B,Ca+0)
[2m2025-03-25T07:55:02.019349Z[0m [32m INFO[0m [1mnode[0m[1m{[0m[3mname[0m[2m=[0mk#addeef94..[1m}[0m[2m:[0m [2mconsensus_core::commit_observer[0m[2m:[0m [2mconsensus/core/src/commit_observer.rs[0m[2m:[0m[2m173:[0m Consensus commit C10(5qMv) with leader B13(C,LLug) has 5 blocks
[2m2025-03-25T07:55:02.019360Z[0m [32m INFO[0m [1mnode[0m[1m{[0m[3mname[0m[2m=[0mk#addeef94..[1m}[0m[2m:[0m [2mconsensus_core::commit_observer[0m[2m:[0m [2mconsensus/core/src/commit_observer.rs[0m[2m:[0m[2m173:[0m Consensus commit C11(oq+l) with leader B16(B,Ca+0) has 7 blocks
[2m2025-03-25T07:55:02.019440Z[0m [32m INFO[0m [1mnode[0m[1m{[0m[3mname[0m[2m=[0mk#addeef94..[1m}[0m[2m:[0m [2msui_core::consensus_handler[0m[2m:[0m [2mcrates/sui-core/src/consensus_handler.rs[0m[2m:[0m[2m232:[0m Received consensus output [3mconsensus_commit[0m[2m=[0mCommittedSubDag(leader=B13(C,LLug), ref=C10(5qMv), blocks=[YN3m, ETgb, 9S0w, LuLe, LLug]) [3mepoch[0m[2m=[0m1
[2m2025-03-25T07:55:02.020218Z[0m [32m INFO[0m [1mnode[0m[1m{[0m[3mname[0m[2m=[0mk#addeef94..[1m}[0m[2m:[0m [2msui_core::consensus_handler[0m[2m:[0m [2mcrates/sui-core/src/consensus_handler.rs[0m[2m:[0m[2m232:[0m Received consensus output [3mconsensus_commit[0m[2m=[0mCommittedSubDag(leader=B16(B,Ca+0), ref=C11(oq+l), blocks=[UQap, fUHE, Gnq4, f/KJ, +lEc, /pRw, Ca+0]) [3mepoch[0m[2m=[0m1
[2m2025-03-25T07:55:02.080741Z[0m [32m INFO[0m [1mnode[0m[1m{[0m[3mname[0m[2m=[0mk#99f25ef6..[1m}[0m[2m:[0m [2msui_core::checkpoints[0m[2m:[0m [2mcrates/sui-core/src/checkpoints/mod.rs[0m[2m:[0m[2m1326:[0m Creating checkpoint(s) for 2 transactions [3mnext_checkpoint_seq[0m[2m=[0m223 [3mcheckpoint_timestamp[0m[2m=[0m1742889300747
[2m2025-03-25T07:55:02.081071Z[0m [32m INFO[0m [1mnode[0m[1m{[0m[3mname[0m[2m=[0mk#99f25ef6..[1m}[0m[2m:[0m [2msui_core::checkpoints::checkpoint_output[0m[2m:[0m [2mcrates/sui-core/src/checkpoints/checkpoint_output.rs[0m[2m:[0m[2m149:[0m Creating checkpoint CheckpointDigest(DuD7qkqjAnkBK4NivhL4AeW7y9N2e2LdyW26V1Hkoij5) at epoch 1, sequence 223, previous digest Some(CheckpointDigest(AGbKRCA6E7qMALRzBkwkfJ1YnE2CYqyANJmvMDKPkBnm)), transactions count 2, content digest CheckpointContentsDigest(AD18JXE94tXFjvyHDv5jUzLVjERp18oETcXSbUNE4Ngx), end_of_epoch_data None
[2m2025-03-25T07:55:02.081677Z[0m [32m INFO[0m [1mnode[0m[1m{[0m[3mname[0m[2m=[0mk#addeef94..[1m}[0m[2m:[0m [2msui_core::checkpoints[0m[2m:[0m [2mcrates/sui-core/src/checkpoints/mod.rs[0m[2m:[0m[2m1326:[0m Creating checkpoint(s) for 2 transactions [3mnext_checkpoint_seq[0m[2m=[0m223 [3mcheckpoint_timestamp[0m[2m=[0m1742889300747
[2m2025-03-25T07:55:02.081938Z[0m [32m INFO[0m [1mnode[0m[1m{[0m[3mname[0m[2m=[0mk#addeef94..[1m}[0m[2m:[0m [2msui_core::checkpoints::checkpoint_output[0m[2m:[0m [2mcrates/sui-core/src/checkpoints/checkpoint_output.rs[0m[2m:[0m[2m149:[0m Creating checkpoint CheckpointDigest(DuD7qkqjAnkBK4NivhL4AeW7y9N2e2LdyW26V1Hkoij5) at epoch 1, sequence 223, previous digest Some(CheckpointDigest(AGbKRCA6E7qMALRzBkwkfJ1YnE2CYqyANJmvMDKPkBnm)), transactions count 2, content digest CheckpointContentsDigest(AD18JXE94tXFjvyHDv5jUzLVjERp18oETcXSbUNE4Ngx), end_of_epoch_data None
[2m2025-03-25T07:55:02.130329Z[0m [32m INFO[0m [1mnode[0m[1m{[0m[3mname[0m[2m=[0mk#8dcff6d1..[1m}[0m[2m:[0m [2mconsensus_core::core[0m[2m:[0m [2mconsensus/core/src/core.rs[0m[2m:[0m[2m945:[0m Included 3 ancestors & excluded 0 ancestors for proposal in round 18
[2m2025-03-25T07:55:02.130608Z[0m [32m INFO[0m [1mnode[0m[1m{[0m[3mname[0m[2m=[0mk#8dcff6d1..[1m}[0m[2m:[0m [2mconsensus_core::core[0m[2m:[0m [2mconsensus/core/src/core.rs[0m[2m:[0m[2m531:[0m Created block B18(A,NoQX7nGPfOsiT1hUX4RmW2MQ2MwHvdkmCMtsNctPwbw=)(1742889302130ms;[B17(A,5YYK4gQXWZKrl6JRiRLoM9GjmUaEBu0gXTbziAMmQrc=), B17(B,RUBWT3JUsL9z+jsSZQS9toMGGo4ozpCh6r8z72Gk/1w=), B17(C,z84JAQg7Y0KOyCIobTmvD6y307m1m8p4L4s1PpkQUQM=)];0t;0c) for round 18
[2m2025-03-25T07:55:02.130934Z[0m [32m INFO[0m [1mnode[0m[1m{[0m[3mname[0m[2m=[0mk#8dcff6d1..[1m}[0m[2m:[0m [2mconsensus_core::core[0m[2m:[0m [2mconsensus/core/src/core.rs[0m[2m:[0m[2m630:[0m Committing 2 leaders: B13(C,LLug),B16(B,Ca+0)
[2m2025-03-25T07:55:02.131074Z[0m [32m INFO[0m [1mnode[0m[1m{[0m[3mname[0m[2m=[0mk#8dcff6d1..[1m}[0m[2m:[0m [2mconsensus_core::commit_observer[0m[2m:[0m [2mconsensus/core/src/commit_observer.rs[0m[2m:[0m[2m173:[0m Consensus commit C10(5qMv) with leader B13(C,LLug) has 5 blocks
[2m2025-03-25T07:55:02.131085Z[0m [32m INFO[0m [1mnode[0m[1m{[0m[3mname[0m[2m=[0mk#8dcff6d1..[1m}[0m[2m:[0m [2mconsensus_core::commit_observer[0m[2m:[0m [2mconsensus/core/src/commit_observer.rs[0m[2m:[0m[2m173:[0m Consensus commit C11(oq+l) with leader B16(B,Ca+0) has 7 blocks
[2m2025-03-25T07:55:02.131197Z[0m [32m INFO[0m [1mnode[0m[1m{[0m[3mname[0m[2m=[0mk#8dcff6d1..[1m}[0m[2m:[0m [2msui_core::consensus_handler[0m[2m:[0m [2mcrates/sui-core/src/consensus_handler.rs[0m[2m:[0m[2m232:[0m Received consensus output [3mconsensus_commit[0m[2m=[0mCommittedSubDag(leader=B13(C,LLug), ref=C10(5qMv), blocks=[YN3m, ETgb, 9S0w, LuLe, LLug]) [3mepoch[0m[2m=[0m1
[2m2025-03-25T07:55:02.132123Z[0m [32m INFO[0m [1mnode[0m[1m{[0m[3mname[0m[2m=[0mk#8dcff6d1..[1m}[0m[2m:[0m [2msui_core::consensus_handler[0m[2m:[0m [2mcrates/sui-core/src/consensus_handler.rs[0m[2m:[0m[2m232:[0m Received consensus output [3mconsensus_commit[0m[2m=[0mCommittedSubDag(leader=B16(B,Ca+0), ref=C11(oq+l), blocks=[UQap, fUHE, Gnq4, f/KJ, +lEc, /pRw, Ca+0]) [3mepoch[0m[2m=[0m1
[2m2025-03-25T07:55:02.186943Z[0m [32m INFO[0m [1mnode[0m[1m{[0m[3mname[0m[2m=[0mk#99f25ef6..[1m}[0m[2m:[0m [2msui_core::checkpoints[0m[2m:[0m [2mcrates/sui-core/src/checkpoints/mod.rs[0m[2m:[0m[2m1326:[0m Creating checkpoint(s) for 2 transactions [3mnext_checkpoint_seq[0m[2m=[0m224 [3mcheckpoint_timestamp[0m[2m=[0m1742889301510
[2m2025-03-25T07:55:02.186942Z[0m [32m INFO[0m [1mnode[0m[1m{[0m[3mname[0m[2m=[0mk#addeef94..[1m}[0m[2m:[0m [2msui_core::checkpoints[0m[2m:[0m [2mcrates/sui-core/src/checkpoints/mod.rs[0m[2m:[0m[2m1326:[0m Creating checkpoint(s) for 2 transactions [3mnext_checkpoint_seq[0m[2m=[0m224 [3mcheckpoint_timestamp[0m[2m=[0m1742889301510
[2m2025-03-25T07:55:02.187271Z[0m [32m INFO[0m [1mnode[0m[1m{[0m[3mname[0m[2m=[0mk#addeef94..[1m}[0m[2m:[0m [2msui_core::checkpoints::checkpoint_output[0m[2m:[0m [2mcrates/sui-core/src/checkpoints/checkpoint_output.rs[0m[2m:[0m[2m149:[0m Creating checkpoint CheckpointDigest(9E163yNHcwBnYbe4M9MtbrqcMSvEbMLnFaHQPBMEZPjx) at epoch 1, sequence 224, previous digest Some(CheckpointDigest(DuD7qkqjAnkBK4NivhL4AeW7y9N2e2LdyW26V1Hkoij5)), transactions count 2, content digest CheckpointContentsDigest(CTdihFNj3EaB4s1CLERYTB1JNfG6dYdCwTfSGaBEvx4U), end_of_epoch_data None
[2m2025-03-25T07:55:02.187271Z[0m [32m INFO[0m [1mnode[0m[1m{[0m[3mname[0m[2m=[0mk#99f25ef6..[1m}[0m[2m:[0m [2msui_core::checkpoints::checkpoint_output[0m[2m:[0m [2mcrates/sui-core/src/checkpoints/checkpoint_output.rs[0m[2m:[0m[2m149:[0m Creating checkpoint CheckpointDigest(9E163yNHcwBnYbe4M9MtbrqcMSvEbMLnFaHQPBMEZPjx) at epoch 1, sequence 224, previous digest Some(CheckpointDigest(DuD7qkqjAnkBK4NivhL4AeW7y9N2e2LdyW26V1Hkoij5)), transactions count 2, content digest CheckpointContentsDigest(CTdihFNj3EaB4s1CLERYTB1JNfG6dYdCwTfSGaBEvx4U), end_of_epoch_data None
[2m2025-03-25T07:55:02.239743Z[0m [32m INFO[0m [1mnode[0m[1m{[0m[3mname[0m[2m=[0mk#8dcff6d1..[1m}[0m[2m:[0m [2msui_core::checkpoints[0m[2m:[0m [2mcrates/sui-core/src/checkpoints/mod.rs[0m[2m:[0m[2m1326:[0m Creating checkpoint(s) for 2 transactions [3mnext_checkpoint_seq[0m[2m=[0m223 [3mcheckpoint_timestamp[0m[2m=[0m1742889300747
[2m2025-03-25T07:55:02.240038Z[0m [32m INFO[0m [1mnode[0m[1m{[0m[3mname[0m[2m=[0mk#8dcff6d1..[1m}[0m[2m:[0m [2msui_core::checkpoints::checkpoint_output[0m[2m:[0m [2mcrates/sui-core/src/checkpoints/checkpoint_output.rs[0m[2m:[0m[2m149:[0m Creating checkpoint CheckpointDigest(DuD7qkqjAnkBK4NivhL4AeW7y9N2e2LdyW26V1Hkoij5) at epoch 1, sequence 223, previous digest Some(CheckpointDigest(AGbKRCA6E7qMALRzBkwkfJ1YnE2CYqyANJmvMDKPkBnm)), transactions count 2, content digest CheckpointContentsDigest(AD18JXE94tXFjvyHDv5jUzLVjERp18oETcXSbUNE4Ngx), end_of_epoch_data None
[2m2025-03-25T07:55:02.268890Z[0m [32m INFO[0m [1mnode[0m[1m{[0m[3mname[0m[2m=[0mk#99f25ef6..[1m}[0m[2m:[0m [2mconsensus_core::core[0m[2m:[0m [2mconsensus/core/src/core.rs[0m[2m:[0m[2m945:[0m Included 3 ancestors & excluded 0 ancestors for proposal in round 19
[2m2025-03-25T07:55:02.269253Z[0m [32m INFO[0m [1mnode[0m[1m{[0m[3mname[0m[2m=[0mk#99f25ef6..[1m}[0m[2m:[0m [2mconsensus_core::core[0m[2m:[0m [2mconsensus/core/src/core.rs[0m[2m:[0m[2m531:[0m Created block B19(B,rqMn4/25SW6p2vh5/c7jYHaf/hyNIfs2KMvcnauxicY=)(1742889302268ms;[B18(B,wzDEVM/OgOTXPIHK/Qpk/JWMYOTnf/J6gY8YxLU04Kk=), B18(A,NoQX7nGPfOsiT1hUX4RmW2MQ2MwHvdkmCMtsNctPwbw=), B18(C,JGSqgrc9QfjS+PuJ7vPfJoseV3HZN0tlvZS1HmZGEqk=)];2t;2c) for round 19
[2m2025-03-25T07:55:02.271615Z[0m [32m INFO[0m [1mnode[0m[1m{[0m[3mname[0m[2m=[0mk#addeef94..[1m}[0m[2m:[0m [2mconsensus_core::core[0m[2m:[0m [2mconsensus/core/src/core.rs[0m[2m:[0m[2m945:[0m Included 3 ancestors & excluded 0 ancestors for proposal in round 19
[2m2025-03-25T07:55:02.271951Z[0m [32m INFO[0m [1mnode[0m[1m{[0m[3mname[0m[2m=[0mk#addeef94..[1m}[0m[2m:[0m [2mconsensus_core::core[0m[2m:[0m [2mconsensus/core/src/core.rs[0m[2m:[0m[2m531:[0m Created block B19(C,gOT2LkAOdXhmkgWkMt4xDDhojdANMditMHRaL7Jq1Eg=)(1742889302271ms;[B18(C,JGSqgrc9QfjS+PuJ7vPfJoseV3HZN0tlvZS1HmZGEqk=), B18(A,NoQX7nGPfOsiT1hUX4RmW2MQ2MwHvdkmCMtsNctPwbw=), B18(B,wzDEVM/OgOTXPIHK/Qpk/JWMYOTnf/J6gY8YxLU04Kk=)];2t;2c) for round 19
[2m2025-03-25T07:55:02.272022Z[0m [32m INFO[0m [1mnode[0m[1m{[0m[3mname[0m[2m=[0mk#addeef94..[1m}[0m[2m:[0m [2mconsensus_core::core[0m[2m:[0m [2mconsensus/core/src/core.rs[0m[2m:[0m[2m630:[0m Committing 1 leaders: B17(B,RUBW)
[2m2025-03-25T07:55:02.272095Z[0m [32m INFO[0m [1mnode[0m[1m{[0m[3mname[0m[2m=[0mk#addeef94..[1m}[0m[2m:[0m [2mconsensus_core::commit_observer[0m[2m:[0m [2mconsensus/core/src/commit_observer.rs[0m[2m:[0m[2m173:[0m Consensus commit C12(cI3m) with leader B17(B,RUBW) has 2 blocks
[2m2025-03-25T07:55:02.272173Z[0m [32m INFO[0m [1mnode[0m[1m{[0m[3mname[0m[2m=[0mk#addeef94..[1m}[0m[2m:[0m [2msui_core::consensus_handler[0m[2m:[0m [2mcrates/sui-core/src/consensus_handler.rs[0m[2m:[0m[2m232:[0m Received consensus output [3mconsensus_commit[0m[2m=[0mCommittedSubDag(leader=B17(B,RUBW), ref=C12(cI3m), blocks=[MLUt, RUBW]) [3mepoch[0m[2m=[0m1
[2m2025-03-25T07:55:02.274662Z[0m [32m INFO[0m [1mnode[0m[1m{[0m[3mname[0m[2m=[0mk#99f25ef6..[1m}[0m[2m:[0m [2mconsensus_core::core[0m[2m:[0m [2mconsensus/core/src/core.rs[0m[2m:[0m[2m630:[0m Committing 1 leaders: B17(B,RUBW)
[2m2025-03-25T07:55:02.274752Z[0m [32m INFO[0m [1mnode[0m[1m{[0m[3mname[0m[2m=[0mk#99f25ef6..[1m}[0m[2m:[0m [2mconsensus_core::commit_observer[0m[2m:[0m [2mconsensus/core/src/commit_observer.rs[0m[2m:[0m[2m173:[0m Consensus commit C12(cI3m) with leader B17(B,RUBW) has 2 blocks
[2m2025-03-25T07:55:02.274814Z[0m [32m INFO[0m [1mnode[0m[1m{[0m[3mname[0m[2m=[0mk#99f25ef6..[1m}[0m[2m:[0m [2msui_core::consensus_handler[0m[2m:[0m [2mcrates/sui-core/src/consensus_handler.rs[0m[2m:[0m[2m232:[0m Received consensus output [3mconsensus_commit[0m[2m=[0mCommittedSubDag(leader=B17(B,RUBW), ref=C12(cI3m), blocks=[MLUt, RUBW]) [3mepoch[0m[2m=[0m1
[2m2025-03-25T07:55:02.298268Z[0m [32m INFO[0m [1mnode[0m[1m{[0m[3mname[0m[2m=[0mk#addeef94..[1m}[0m[2m:[0m [2msui_core::checkpoints[0m[2m:[0m [2mcrates/sui-core/src/checkpoints/mod.rs[0m[2m:[0m[2m1326:[0m Creating checkpoint(s) for 2 transactions [3mnext_checkpoint_seq[0m[2m=[0m225 [3mcheckpoint_timestamp[0m[2m=[0m1742889301763
[2m2025-03-25T07:55:02.298577Z[0m [32m INFO[0m [1mnode[0m[1m{[0m[3mname[0m[2m=[0mk#addeef94..[1m}[0m[2m:[0m [2msui_core::checkpoints::checkpoint_output[0m[2m:[0m [2mcrates/sui-core/src/checkpoints/checkpoint_output.rs[0m[2m:[0m[2m149:[0m Creating checkpoint CheckpointDigest(F4wz8GxvNNu8y6yZw9yXPGzeUbourwAQSNf4pfGuPLqL) at epoch 1, sequence 225, previous digest Some(CheckpointDigest(9E163yNHcwBnYbe4M9MtbrqcMSvEbMLnFaHQPBMEZPjx)), transactions count 2, content digest CheckpointContentsDigest(2Mpi1VE7tkHXWmDMbGK1zzFCb1G99zBccfUHBMF5foU9), end_of_epoch_data None
[2m2025-03-25T07:55:02.300546Z[0m [32m INFO[0m [1mnode[0m[1m{[0m[3mname[0m[2m=[0mk#99f25ef6..[1m}[0m[2m:[0m [2msui_core::checkpoints[0m[2m:[0m [2mcrates/sui-core/src/checkpoints/mod.rs[0m[2m:[0m[2m1326:[0m Creating checkpoint(s) for 2 transactions [3mnext_checkpoint_seq[0m[2m=[0m225 [3mcheckpoint_timestamp[0m[2m=[0m1742889301763
[2m2025-03-25T07:55:02.300796Z[0m [32m INFO[0m [1mnode[0m[1m{[0m[3mname[0m[2m=[0mk#99f25ef6..[1m}[0m[2m:[0m [2msui_core::checkpoints::checkpoint_output[0m[2m:[0m [2mcrates/sui-core/src/checkpoints/checkpoint_output.rs[0m[2m:[0m[2m149:[0m Creating checkpoint CheckpointDigest(F4wz8GxvNNu8y6yZw9yXPGzeUbourwAQSNf4pfGuPLqL) at epoch 1, sequence 225, previous digest Some(CheckpointDigest(9E163yNHcwBnYbe4M9MtbrqcMSvEbMLnFaHQPBMEZPjx)), transactions count 2, content digest CheckpointContentsDigest(2Mpi1VE7tkHXWmDMbGK1zzFCb1G99zBccfUHBMF5foU9), end_of_epoch_data None
[2m2025-03-25T07:55:02.309943Z[0m [32m INFO[0m [1mnode[0m[1m{[0m[3mname[0m[2m=[0mk#8dcff6d1..[1m}[0m[2m:[0m [2msui_core::checkpoints[0m[2m:[0m [2mcrates/sui-core/src/checkpoints/mod.rs[0m[2m:[0m[2m1326:[0m Creating checkpoint(s) for 2 transactions [3mnext_checkpoint_seq[0m[2m=[0m224 [3mcheckpoint_timestamp[0m[2m=[0m1742889301510
[2m2025-03-25T07:55:02.310183Z[0m [32m INFO[0m [1mnode[0m[1m{[0m[3mname[0m[2m=[0mk#8dcff6d1..[1m}[0m[2m:[0m [2msui_core::checkpoints::checkpoint_output[0m[2m:[0m [2mcrates/sui-core/src/checkpoints/checkpoint_output.rs[0m[2m:[0m[2m149:[0m Creating checkpoint CheckpointDigest(9E163yNHcwBnYbe4M9MtbrqcMSvEbMLnFaHQPBMEZPjx) at epoch 1, sequence 224, previous digest Some(CheckpointDigest(DuD7qkqjAnkBK4NivhL4AeW7y9N2e2LdyW26V1Hkoij5)), transactions count 2, content digest CheckpointContentsDigest(CTdihFNj3EaB4s1CLERYTB1JNfG6dYdCwTfSGaBEvx4U), end_of_epoch_data None
[2m2025-03-25T07:55:02.337659Z[0m [32m INFO[0m [1mnode[0m[1m{[0m[3mname[0m[2m=[0mk#8dcff6d1..[1m}[0m[2m:[0m [2msui_core::checkpoints::checkpoint_output[0m[2m:[0m [2mcrates/sui-core/src/checkpoints/checkpoint_output.rs[0m[2m:[0m[2m196:[0m Certified checkpoint with sequence 223 and digest DuD7qkqjAnkBK4NivhL4AeW7y9N2e2LdyW26V1Hkoij5
[2m2025-03-25T07:55:02.337693Z[0m [32m INFO[0m [1mnode[0m[1m{[0m[3mname[0m[2m=[0mk#8dcff6d1..[1m}[0m[2m:[0m [2msui_core::checkpoints::checkpoint_output[0m[2m:[0m [2mcrates/sui-core/src/checkpoints/checkpoint_output.rs[0m[2m:[0m[2m196:[0m Certified checkpoint with sequence 224 and digest 9E163yNHcwBnYbe4M9MtbrqcMSvEbMLnFaHQPBMEZPjx
[2m2025-03-25T07:55:02.338008Z[0m [32m INFO[0m [1mnode[0m[1m{[0m[3mname[0m[2m=[0mk#8dcff6d1..[1m}[0m[2m:[0m [2mconsensus_core::core[0m[2m:[0m [2mconsensus/core/src/core.rs[0m[2m:[0m[2m630:[0m Committing 1 leaders: B17(B,RUBW)
[2m2025-03-25T07:55:02.338140Z[0m [32m INFO[0m [1mnode[0m[1m{[0m[3mname[0m[2m=[0mk#8dcff6d1..[1m}[0m[2m:[0m [2mconsensus_core::commit_observer[0m[2m:[0m [2mconsensus/core/src/commit_observer.rs[0m[2m:[0m[2m173:[0m Consensus commit C12(cI3m) with leader B17(B,RUBW) has 2 blocks
[2m2025-03-25T07:55:02.338888Z[0m [32m INFO[0m [1mnode[0m[1m{[0m[3mname[0m[2m=[0mk#8dcff6d1..[1m}[0m[2m:[0m [2msui_core::consensus_handler[0m[2m:[0m [2mcrates/sui-core/src/consensus_handler.rs[0m[2m:[0m[2m232:[0m Received consensus output [3mconsensus_commit[0m[2m=[0mCommittedSubDag(leader=B17(B,RUBW), ref=C12(cI3m), blocks=[MLUt, RUBW]) [3mepoch[0m[2m=[0m1
[2m2025-03-25T07:55:02.339354Z[0m [32m INFO[0m [1mnode[0m[1m{[0m[3mname[0m[2m=[0mk#8dcff6d1..[1m}[0m[2m:[0m [2msui_core::checkpoints::checkpoint_executor[0m[2m:[0m [2mcrates/sui-core/src/checkpoints/checkpoint_executor/mod.rs[0m[2m:[0m[2m332:[0m Received checkpoint summary from state sync [3msequence_number[0m[2m=[0m223
[2m2025-03-25T07:55:02.339495Z[0m [32m INFO[0m [1mnode[0m[1m{[0m[3mname[0m[2m=[0mk#8dcff6d1..[1m}[0m[2m:[0m [2msui_core::checkpoints::checkpoint_executor[0m[2m:[0m [2mcrates/sui-core/src/checkpoints/checkpoint_executor/mod.rs[0m[2m:[0m[2m332:[0m Received checkpoint summary from state sync [3msequence_number[0m[2m=[0m224
[2m2025-03-25T07:55:02.342232Z[0m [32m INFO[0m [1mnode[0m[1m{[0m[3mname[0m[2m=[0mk#8dcff6d1..[1m}[0m[2m:[0m [2msui_core::state_accumulator[0m[2m:[0m [2mcrates/sui-core/src/state_accumulator.rs[0m[2m:[0m[2m675:[0m accumulating running root for checkpoint 223
[2m2025-03-25T07:55:02.342781Z[0m [32m INFO[0m [1mnode[0m[1m{[0m[3mname[0m[2m=[0mk#8dcff6d1..[1m}[0m[2m:[0m [2msui_core::state_accumulator[0m[2m:[0m [2mcrates/sui-core/src/state_accumulator.rs[0m[2m:[0m[2m675:[0m accumulating running root for checkpoint 224
[2m2025-03-25T07:55:02.346084Z[0m [32m INFO[0m [1mnode[0m[1m{[0m[3mname[0m[2m=[0mk#addeef94..[1m}[0m[2m:[0m [2msui_core::checkpoints::checkpoint_executor[0m[2m:[0m [2mcrates/sui-core/src/checkpoints/checkpoint_executor/mod.rs[0m[2m:[0m[2m332:[0m Received checkpoint summary from state sync [3msequence_number[0m[2m=[0m223
[2m2025-03-25T07:55:02.346090Z[0m [32m INFO[0m [1mnode[0m[1m{[0m[3mname[0m[2m=[0mk#99f25ef6..[1m}[0m[2m:[0m [2msui_core::checkpoints::checkpoint_executor[0m[2m:[0m [2mcrates/sui-core/src/checkpoints/checkpoint_executor/mod.rs[0m[2m:[0m[2m332:[0m Received checkpoint summary from state sync [3msequence_number[0m[2m=[0m223
[2m2025-03-25T07:55:02.346209Z[0m [32m INFO[0m [1mnode[0m[1m{[0m[3mname[0m[2m=[0mk#addeef94..[1m}[0m[2m:[0m [2msui_core::checkpoints::checkpoint_executor[0m[2m:[0m [2mcrates/sui-core/src/checkpoints/checkpoint_executor/mod.rs[0m[2m:[0m[2m332:[0m Received checkpoint summary from state sync [3msequence_number[0m[2m=[0m224
[2m2025-03-25T07:55:02.346216Z[0m [32m INFO[0m [1mnode[0m[1m{[0m[3mname[0m[2m=[0mk#99f25ef6..[1m}[0m[2m:[0m [2msui_core::checkpoints::checkpoint_executor[0m[2m:[0m [2mcrates/sui-core/src/checkpoints/checkpoint_executor/mod.rs[0m[2m:[0m[2m332:[0m Received checkpoint summary from state sync [3msequence_number[0m[2m=[0m224
[2m2025-03-25T07:55:02.347893Z[0m [32m INFO[0m [1mnode[0m[1m{[0m[3mname[0m[2m=[0mk#addeef94..[1m}[0m[2m:[0m [2msui_core::state_accumulator[0m[2m:[0m [2mcrates/sui-core/src/state_accumulator.rs[0m[2m:[0m[2m675:[0m accumulating running root for checkpoint 223
[2m2025-03-25T07:55:02.347895Z[0m [32m INFO[0m [1mnode[0m[1m{[0m[3mname[0m[2m=[0mk#99f25ef6..[1m}[0m[2m:[0m [2msui_core::state_accumulator[0m[2m:[0m [2mcrates/sui-core/src/state_accumulator.rs[0m[2m:[0m[2m675:[0m accumulating running root for checkpoint 223
[2m2025-03-25T07:55:02.348449Z[0m [32m INFO[0m [1mnode[0m[1m{[0m[3mname[0m[2m=[0mk#addeef94..[1m}[0m[2m:[0m [2msui_core::state_accumulator[0m[2m:[0m [2mcrates/sui-core/src/state_accumulator.rs[0m[2m:[0m[2m675:[0m accumulating running root for checkpoint 224
[2m2025-03-25T07:55:02.348466Z[0m [32m INFO[0m [1mnode[0m[1m{[0m[3mname[0m[2m=[0mk#99f25ef6..[1m}[0m[2m:[0m [2msui_core::state_accumulator[0m[2m:[0m [2mcrates/sui-core/src/state_accumulator.rs[0m[2m:[0m[2m675:[0m accumulating running root for checkpoint 224
[2m2025-03-25T07:55:02.368324Z[0m [32m INFO[0m [1mnode[0m[1m{[0m[3mname[0m[2m=[0mk#8dcff6d1..[1m}[0m[2m:[0m [2msui_core::checkpoints[0m[2m:[0m [2mcrates/sui-core/src/checkpoints/mod.rs[0m[2m:[0m[2m1326:[0m Creating checkpoint(s) for 2 transactions [3mnext_checkpoint_seq[0m[2m=[0m225 [3mcheckpoint_timestamp[0m[2m=[0m1742889301763
[2m2025-03-25T07:55:02.368625Z[0m [32m INFO[0m [1mnode[0m[1m{[0m[3mname[0m[2m=[0mk#8dcff6d1..[1m}[0m[2m:[0m [2msui_core::checkpoints::checkpoint_output[0m[2m:[0m [2mcrates/sui-core/src/checkpoints/checkpoint_output.rs[0m[2m:[0m[2m149:[0m Creating checkpoint CheckpointDigest(F4wz8GxvNNu8y6yZw9yXPGzeUbourwAQSNf4pfGuPLqL) at epoch 1, sequence 225, previous digest Some(CheckpointDigest(9E163yNHcwBnYbe4M9MtbrqcMSvEbMLnFaHQPBMEZPjx)), transactions count 2, content digest CheckpointContentsDigest(2Mpi1VE7tkHXWmDMbGK1zzFCb1G99zBccfUHBMF5foU9), end_of_epoch_data None
[2m2025-03-25T07:55:02.524851Z[0m [32m INFO[0m [1mnode[0m[1m{[0m[3mname[0m[2m=[0mk#addeef94..[1m}[0m[2m:[0m [2mconsensus_core::core[0m[2m:[0m [2mconsensus/core/src/core.rs[0m[2m:[0m[2m945:[0m Included 2 ancestors & excluded 0 ancestors for proposal in round 20
[2m2025-03-25T07:55:02.525206Z[0m [32m INFO[0m [1mnode[0m[1m{[0m[3mname[0m[2m=[0mk#addeef94..[1m}[0m[2m:[0m [2mconsensus_core::core[0m[2m:[0m [2mconsensus/core/src/core.rs[0m[2m:[0m[2m531:[0m Created block B20(C,42b14DT7o/d2/T3JLQmhI7Xm0qYVgtOY8Y3RAxk8eFs=)(1742889302524ms;[B19(C,gOT2LkAOdXhmkgWkMt4xDDhojdANMditMHRaL7Jq1Eg=), B19(B,rqMn4/25SW6p2vh5/c7jYHaf/hyNIfs2KMvcnauxicY=)];1t;1c) for round 20
[2m2025-03-25T07:55:02.526869Z[0m [32m INFO[0m [1mnode[0m[1m{[0m[3mname[0m[2m=[0mk#99f25ef6..[1m}[0m[2m:[0m [2mconsensus_core::core[0m[2m:[0m [2mconsensus/core/src/core.rs[0m[2m:[0m[2m945:[0m Included 2 ancestors & excluded 0 ancestors for proposal in round 20
[2m2025-03-25T07:55:02.527136Z[0m [32m INFO[0m [1mnode[0m[1m{[0m[3mname[0m[2m=[0mk#99f25ef6..[1m}[0m[2m:[0m [2mconsensus_core::core[0m[2m:[0m [2mconsensus/core/src/core.rs[0m[2m:[0m[2m531:[0m Created block B20(B,luRch5R0kXDbsyx74CzbNC0I/U4SYcoM3Nyg+3u7Wmw=)(1742889302526ms;[B19(B,rqMn4/25SW6p2vh5/c7jYHaf/hyNIfs2KMvcnauxicY=), B19(C,gOT2LkAOdXhmkgWkMt4xDDhojdANMditMHRaL7Jq1Eg=)];1t;1c) for round 20
[2m2025-03-25T07:55:02.527298Z[0m [32m INFO[0m [1mnode[0m[1m{[0m[3mname[0m[2m=[0mk#99f25ef6..[1m}[0m[2m:[0m [2mconsensus_core::core[0m[2m:[0m [2mconsensus/core/src/core.rs[0m[2m:[0m[2m630:[0m Committing 1 leaders: B18(A,NoQX)
[2m2025-03-25T07:55:02.527387Z[0m [32m INFO[0m [1mnode[0m[1m{[0m[3mname[0m[2m=[0mk#99f25ef6..[1m}[0m[2m:[0m [2mconsensus_core::commit_observer[0m[2m:[0m [2mconsensus/core/src/commit_observer.rs[0m[2m:[0m[2m173:[0m Consensus commit C13(xgHK) with leader B18(A,NoQX) has 3 blocks
[2m2025-03-25T07:55:02.527698Z[0m [32m INFO[0m [1mnode[0m[1m{[0m[3mname[0m[2m=[0mk#99f25ef6..[1m}[0m[2m:[0m [2msui_core::consensus_handler[0m[2m:[0m [2mcrates/sui-core/src/consensus_handler.rs[0m[2m:[0m[2m232:[0m Received consensus output [3mconsensus_commit[0m[2m=[0mCommittedSubDag(leader=B18(A,NoQX), ref=C13(xgHK), blocks=[5YYK, z84J, NoQX]) [3mepoch[0m[2m=[0m1
[2m2025-03-25T07:55:02.530049Z[0m [32m INFO[0m [1mnode[0m[1m{[0m[3mname[0m[2m=[0mk#addeef94..[1m}[0m[2m:[0m [2mconsensus_core::core[0m[2m:[0m [2mconsensus/core/src/core.rs[0m[2m:[0m[2m630:[0m Committing 1 leaders: B18(A,NoQX)
[2m2025-03-25T07:55:02.530132Z[0m [32m INFO[0m [1mnode[0m[1m{[0m[3mname[0m[2m=[0mk#addeef94..[1m}[0m[2m:[0m [2mconsensus_core::commit_observer[0m[2m:[0m [2mconsensus/core/src/commit_observer.rs[0m[2m:[0m[2m173:[0m Consensus commit C13(xgHK) with leader B18(A,NoQX) has 3 blocks
[2m2025-03-25T07:55:02.530199Z[0m [32m INFO[0m [1mnode[0m[1m{[0m[3mname[0m[2m=[0mk#addeef94..[1m}[0m[2m:[0m [2msui_core::consensus_handler[0m[2m:[0m [2mcrates/sui-core/src/consensus_handler.rs[0m[2m:[0m[2m232:[0m Received consensus output [3mconsensus_commit[0m[2m=[0mCommittedSubDag(leader=B18(A,NoQX), ref=C13(xgHK), blocks=[5YYK, z84J, NoQX]) [3mepoch[0m[2m=[0m1
[2m2025-03-25T07:55:02.537217Z[0m [32m INFO[0m [1mnode[0m[1m{[0m[3mname[0m[2m=[0mk#8dcff6d1..[1m}[0m[2m:[0m [2msui_core::checkpoints::checkpoint_output[0m[2m:[0m [2mcrates/sui-core/src/checkpoints/checkpoint_output.rs[0m[2m:[0m[2m196:[0m Certified checkpoint with sequence 225 and digest F4wz8GxvNNu8y6yZw9yXPGzeUbourwAQSNf4pfGuPLqL
[2m2025-03-25T07:55:02.537325Z[0m [32m INFO[0m [1mnode[0m[1m{[0m[3mname[0m[2m=[0mk#8dcff6d1..[1m}[0m[2m:[0m [2mconsensus_core::core[0m[2m:[0m [2mconsensus/core/src/core.rs[0m[2m:[0m[2m630:[0m Committing 1 leaders: B18(A,NoQX)
[2m2025-03-25T07:55:02.537426Z[0m [32m INFO[0m [1mnode[0m[1m{[0m[3mname[0m[2m=[0mk#8dcff6d1..[1m}[0m[2m:[0m [2mconsensus_core::commit_observer[0m[2m:[0m [2mconsensus/core/src/commit_observer.rs[0m[2m:[0m[2m173:[0m Consensus commit C13(xgHK) with leader B18(A,NoQX) has 3 blocks
[2m2025-03-25T07:55:02.537840Z[0m [32m INFO[0m [1mnode[0m[1m{[0m[3mname[0m[2m=[0mk#8dcff6d1..[1m}[0m[2m:[0m [2msui_core::consensus_handler[0m[2m:[0m [2mcrates/sui-core/src/consensus_handler.rs[0m[2m:[0m[2m232:[0m Received consensus output [3mconsensus_commit[0m[2m=[0mCommittedSubDag(leader=B18(A,NoQX), ref=C13(xgHK), blocks=[5YYK, z84J, NoQX]) [3mepoch[0m[2m=[0m1
[2m2025-03-25T07:55:02.538395Z[0m [32m INFO[0m [1mnode[0m[1m{[0m[3mname[0m[2m=[0mk#8dcff6d1..[1m}[0m[2m:[0m [2msui_core::checkpoints::checkpoint_executor[0m[2m:[0m [2mcrates/sui-core/src/checkpoints/checkpoint_executor/mod.rs[0m[2m:[0m[2m332:[0m Received checkpoint summary from state sync [3msequence_number[0m[2m=[0m225
[2m2025-03-25T07:55:02.551820Z[0m [32m INFO[0m [1mnode[0m[1m{[0m[3mname[0m[2m=[0mk#8dcff6d1..[1m}[0m[2m:[0m [2msui_core::state_accumulator[0m[2m:[0m [2mcrates/sui-core/src/state_accumulator.rs[0m[2m:[0m[2m675:[0m accumulating running root for checkpoint 225
[2m2025-03-25T07:55:02.572858Z[0m [32m INFO[0m [1mnode[0m[1m{[0m[3mname[0m[2m=[0mk#99f25ef6..[1m}[0m[2m:[0m [2msui_core::checkpoints[0m[2m:[0m [2mcrates/sui-core/src/checkpoints/mod.rs[0m[2m:[0m[2m1326:[0m Creating checkpoint(s) for 1 transactions [3mnext_checkpoint_seq[0m[2m=[0m226 [3mcheckpoint_timestamp[0m[2m=[0m1742889302130
[2m2025-03-25T07:55:02.573091Z[0m [32m INFO[0m [1mnode[0m[1m{[0m[3mname[0m[2m=[0mk#99f25ef6..[1m}[0m[2m:[0m [2msui_core::checkpoints::checkpoint_output[0m[2m:[0m [2mcrates/sui-core/src/checkpoints/checkpoint_output.rs[0m[2m:[0m[2m149:[0m Creating checkpoint CheckpointDigest(FbgbXb8ipPJXyYM2xQdTG8vqXgTntyXbfuQA9JjoPqQj) at epoch 1, sequence 226, previous digest Some(CheckpointDigest(F4wz8GxvNNu8y6yZw9yXPGzeUbourwAQSNf4pfGuPLqL)), transactions count 1, content digest CheckpointContentsDigest(8Gao9sq8L6AiWYEEzBTGp13FghC7WzxkWo6fto2RLoXR), end_of_epoch_data None
[2m2025-03-25T07:55:02.574537Z[0m [32m INFO[0m [1mnode[0m[1m{[0m[3mname[0m[2m=[0mk#addeef94..[1m}[0m[2m:[0m [2msui_core::checkpoints[0m[2m:[0m [2mcrates/sui-core/src/checkpoints/mod.rs[0m[2m:[0m[2m1326:[0m Creating checkpoint(s) for 1 transactions [3mnext_checkpoint_seq[0m[2m=[0m226 [3mcheckpoint_timestamp[0m[2m=[0m1742889302130
[2m2025-03-25T07:55:02.574715Z[0m [32m INFO[0m [1mnode[0m[1m{[0m[3mname[0m[2m=[0mk#addeef94..[1m}[0m[2m:[0m [2msui_core::checkpoints::checkpoint_output[0m[2m:[0m [2mcrates/sui-core/src/checkpoints/checkpoint_output.rs[0m[2m:[0m[2m149:[0m Creating checkpoint CheckpointDigest(FbgbXb8ipPJXyYM2xQdTG8vqXgTntyXbfuQA9JjoPqQj) at epoch 1, sequence 226, previous digest Some(CheckpointDigest(F4wz8GxvNNu8y6yZw9yXPGzeUbourwAQSNf4pfGuPLqL)), transactions count 1, content digest CheckpointContentsDigest(8Gao9sq8L6AiWYEEzBTGp13FghC7WzxkWo6fto2RLoXR), end_of_epoch_data None
[2m2025-03-25T07:55:02.582702Z[0m [32m INFO[0m [1mnode[0m[1m{[0m[3mname[0m[2m=[0mk#8dcff6d1..[1m}[0m[2m:[0m [2msui_core::checkpoints[0m[2m:[0m [2mcrates/sui-core/src/checkpoints/mod.rs[0m[2m:[0m[2m1326:[0m Creating checkpoint(s) for 1 transactions [3mnext_checkpoint_seq[0m[2m=[0m226 [3mcheckpoint_timestamp[0m[2m=[0m1742889302130
[2m2025-03-25T07:55:02.582882Z[0m [32m INFO[0m [1mnode[0m[1m{[0m[3mname[0m[2m=[0mk#8dcff6d1..[1m}[0m[2m:[0m [2msui_core::checkpoints::checkpoint_output[0m[2m:[0m [2mcrates/sui-core/src/checkpoints/checkpoint_output.rs[0m[2m:[0m[2m149:[0m Creating checkpoint CheckpointDigest(FbgbXb8ipPJXyYM2xQdTG8vqXgTntyXbfuQA9JjoPqQj) at epoch 1, sequence 226, previous digest Some(CheckpointDigest(F4wz8GxvNNu8y6yZw9yXPGzeUbourwAQSNf4pfGuPLqL)), transactions count 1, content digest CheckpointContentsDigest(8Gao9sq8L6AiWYEEzBTGp13FghC7WzxkWo6fto2RLoXR), end_of_epoch_data None
[2m2025-03-25T07:55:02.586532Z[0m [32m INFO[0m [1mnode[0m[1m{[0m[3mname[0m[2m=[0mk#8dcff6d1..[1m}[0m[2m:[0m [2mconsensus_core::core[0m[2m:[0m [2mconsensus/core/src/core.rs[0m[2m:[0m[2m694:[0m Received quorum round per authority in ancestor state manager set to: [(18, 18), (20, 20), (20, 20)]
[2m2025-03-25T07:55:02.586541Z[0m [32m INFO[0m [1mnode[0m[1m{[0m[3mname[0m[2m=[0mk#8dcff6d1..[1m}[0m[2m:[0m [2mconsensus_core::core[0m[2m:[0m [2mconsensus/core/src/core.rs[0m[2m:[0m[2m695:[0m Accepted quorum round per authority in ancestor state manager set to: [(18, 18), (20, 20), (20, 20)]
[2m2025-03-25T07:55:02.586548Z[0m [32m INFO[0m [1mnode[0m[1m{[0m[3mname[0m[2m=[0mk#8dcff6d1..[1m}[0m[2m:[0m [2mconsensus_core::core[0m[2m:[0m [2mconsensus/core/src/core.rs[0m[2m:[0m[2m698:[0m Propagation round delay set to: 0
[2m2025-03-25T07:55:02.640033Z[0m [32m INFO[0m [1mnode[0m[1m{[0m[3mname[0m[2m=[0mk#99f25ef6..[1m}[0m[2m:[0m [2msui_core::checkpoints::checkpoint_executor[0m[2m:[0m [2mcrates/sui-core/src/checkpoints/checkpoint_executor/mod.rs[0m[2m:[0m[2m332:[0m Received checkpoint summary from state sync [3msequence_number[0m[2m=[0m225
[2m2025-03-25T07:55:02.640877Z[0m [32m INFO[0m [1mnode[0m[1m{[0m[3mname[0m[2m=[0mk#addeef94..[1m}[0m[2m:[0m [2msui_core::checkpoints::checkpoint_executor[0m[2m:[0m [2mcrates/sui-core/src/checkpoints/checkpoint_executor/mod.rs[0m[2m:[0m[2m332:[0m Received checkpoint summary from state sync [3msequence_number[0m[2m=[0m225
[2m2025-03-25T07:55:02.641369Z[0m [32m INFO[0m [1mnode[0m[1m{[0m[3mname[0m[2m=[0mk#99f25ef6..[1m}[0m[2m:[0m [2msui_core::state_accumulator[0m[2m:[0m [2mcrates/sui-core/src/state_accumulator.rs[0m[2m:[0m[2m675:[0m accumulating running root for checkpoint 225
[2m2025-03-25T07:55:02.642004Z[0m [32m INFO[0m [1mnode[0m[1m{[0m[3mname[0m[2m=[0mk#addeef94..[1m}[0m[2m:[0m [2msui_core::state_accumulator[0m[2m:[0m [2mcrates/sui-core/src/state_accumulator.rs[0m[2m:[0m[2m675:[0m accumulating running root for checkpoint 225
[2m2025-03-25T07:55:02.648049Z[0m [32m INFO[0m [1mnode[0m[1m{[0m[3mname[0m[2m=[0mk#addeef94..[1m}[0m[2m:[0m [2mconsensus_core::core[0m[2m:[0m [2mconsensus/core/src/core.rs[0m[2m:[0m[2m694:[0m Received quorum round per authority in ancestor state manager set to: [(18, 18), (20, 20), (20, 20)]
[2m2025-03-25T07:55:02.648062Z[0m [32m INFO[0m [1mnode[0m[1m{[0m[3mname[0m[2m=[0mk#addeef94..[1m}[0m[2m:[0m [2mconsensus_core::core[0m[2m:[0m [2mconsensus/core/src/core.rs[0m[2m:[0m[2m695:[0m Accepted quorum round per authority in ancestor state manager set to: [(18, 18), (20, 20), (20, 20)]
[2m2025-03-25T07:55:02.648069Z[0m [32m INFO[0m [1mnode[0m[1m{[0m[3mname[0m[2m=[0mk#addeef94..[1m}[0m[2m:[0m [2mconsensus_core::core[0m[2m:[0m [2mconsensus/core/src/core.rs[0m[2m:[0m[2m698:[0m Propagation round delay set to: 0
[2m2025-03-25T07:55:02.648181Z[0m [32m INFO[0m [1mnode[0m[1m{[0m[3mname[0m[2m=[0mk#99f25ef6..[1m}[0m[2m:[0m [2mconsensus_core::core[0m[2m:[0m [2mconsensus/core/src/core.rs[0m[2m:[0m[2m694:[0m Received quorum round per authority in ancestor state manager set to: [(18, 18), (20, 20), (20, 20)]
[2m2025-03-25T07:55:02.648189Z[0m [32m INFO[0m [1mnode[0m[1m{[0m[3mname[0m[2m=[0mk#99f25ef6..[1m}[0m[2m:[0m [2mconsensus_core::core[0m[2m:[0m [2mconsensus/core/src/core.rs[0m[2m:[0m[2m695:[0m Accepted quorum round per authority in ancestor state manager set to: [(18, 18), (20, 20), (20, 20)]
[2m2025-03-25T07:55:02.648196Z[0m [32m INFO[0m [1mnode[0m[1m{[0m[3mname[0m[2m=[0mk#99f25ef6..[1m}[0m[2m:[0m [2mconsensus_core::core[0m[2m:[0m [2mconsensus/core/src/core.rs[0m[2m:[0m[2m698:[0m Propagation round delay set to: 0
[2m2025-03-25T07:55:02.779144Z[0m [32m INFO[0m [1mnode[0m[1m{[0m[3mname[0m[2m=[0mk#99f25ef6..[1m}[0m[2m:[0m [2mconsensus_core::core[0m[2m:[0m [2mconsensus/core/src/core.rs[0m[2m:[0m[2m945:[0m Included 2 ancestors & excluded 0 ancestors for proposal in round 21
[2m2025-03-25T07:55:02.779549Z[0m [32m INFO[0m [1mnode[0m[1m{[0m[3mname[0m[2m=[0mk#99f25ef6..[1m}[0m[2m:[0m [2mconsensus_core::core[0m[2m:[0m [2mconsensus/core/src/core.rs[0m[2m:[0m[2m531:[0m Created block B21(B,CKK5RVgdvIjNdKkxpwgmG6RPT9oT5hPlOqueqTS9Sno=)(1742889302779ms;[B20(B,luRch5R0kXDbsyx74CzbNC0I/U4SYcoM3Nyg+3u7Wmw=), B20(C,42b14DT7o/d2/T3JLQmhI7Xm0qYVgtOY8Y3RAxk8eFs=)];1t;1c) for round 21
[2m2025-03-25T07:55:02.781546Z[0m [32m INFO[0m [1mnode[0m[1m{[0m[3mname[0m[2m=[0mk#addeef94..[1m}[0m[2m:[0m [2mconsensus_core::core[0m[2m:[0m [2mconsensus/core/src/core.rs[0m[2m:[0m[2m945:[0m Included 2 ancestors & excluded 0 ancestors for proposal in round 21
[2m2025-03-25T07:55:02.781826Z[0m [32m INFO[0m [1mnode[0m[1m{[0m[3mname[0m[2m=[0mk#addeef94..[1m}[0m[2m:[0m [2mconsensus_core::core[0m[2m:[0m [2mconsensus/core/src/core.rs[0m[2m:[0m[2m531:[0m Created block B21(C,P+9tLgq2In8MyAf2U0hyrzXHPMrU4XDPbdnhD232f64=)(1742889302781ms;[B20(C,42b14DT7o/d2/T3JLQmhI7Xm0qYVgtOY8Y3RAxk8eFs=), B20(B,luRch5R0kXDbsyx74CzbNC0I/U4SYcoM3Nyg+3u7Wmw=)];1t;1c) for round 21
[2m2025-03-25T07:55:02.784229Z[0m [32m INFO[0m [1mnode[0m[1m{[0m[3mname[0m[2m=[0mk#8dcff6d1..[1m}[0m[2m:[0m [2msui_core::checkpoints::checkpoint_output[0m[2m:[0m [2mcrates/sui-core/src/checkpoints/checkpoint_output.rs[0m[2m:[0m[2m196:[0m Certified checkpoint with sequence 226 and digest FbgbXb8ipPJXyYM2xQdTG8vqXgTntyXbfuQA9JjoPqQj
[2m2025-03-25T07:55:02.784325Z[0m [32m INFO[0m [1mnode[0m[1m{[0m[3mname[0m[2m=[0mk#8dcff6d1..[1m}[0m[2m:[0m [2mconsensus_core::core[0m[2m:[0m [2mconsensus/core/src/core.rs[0m[2m:[0m[2m945:[0m Included 3 ancestors & excluded 0 ancestors for proposal in round 22
[2m2025-03-25T07:55:02.784707Z[0m [32m INFO[0m [1mnode[0m[1m{[0m[3mname[0m[2m=[0mk#8dcff6d1..[1m}[0m[2m:[0m [2mconsensus_core::core[0m[2m:[0m [2mconsensus/core/src/core.rs[0m[2m:[0m[2m531:[0m Created block B22(A,qZyP5C5U12Cm7iseDg+GT+AWxZzVs+iXLbYjzG+yfX8=)(1742889302784ms;[B18(A,NoQX7nGPfOsiT1hUX4RmW2MQ2MwHvdkmCMtsNctPwbw=), B21(B,CKK5RVgdvIjNdKkxpwgmG6RPT9oT5hPlOqueqTS9Sno=), B21(C,P+9tLgq2In8MyAf2U0hyrzXHPMrU4XDPbdnhD232f64=)];4t;4c) for round 22
[2m2025-03-25T07:55:02.785195Z[0m [32m INFO[0m [1mnode[0m[1m{[0m[3mname[0m[2m=[0mk#8dcff6d1..[1m}[0m[2m:[0m [2msui_core::checkpoints::checkpoint_executor[0m[2m:[0m [2mcrates/sui-core/src/checkpoints/checkpoint_executor/mod.rs[0m[2m:[0m[2m332:[0m Received checkpoint summary from state sync [3msequence_number[0m[2m=[0m226
[2m2025-03-25T07:55:02.786593Z[0m [32m INFO[0m [1mnode[0m[1m{[0m[3mname[0m[2m=[0mk#8dcff6d1..[1m}[0m[2m:[0m [2msui_core::state_accumulator[0m[2m:[0m [2mcrates/sui-core/src/state_accumulator.rs[0m[2m:[0m[2m675:[0m accumulating running root for checkpoint 226
[2m2025-03-25T07:55:02.789102Z[0m [32m INFO[0m [1mnode[0m[1m{[0m[3mname[0m[2m=[0mk#99f25ef6..[1m}[0m[2m:[0m [2msui_core::checkpoints::checkpoint_output[0m[2m:[0m [2mcrates/sui-core/src/checkpoints/checkpoint_output.rs[0m[2m:[0m[2m196:[0m Certified checkpoint with sequence 226 and digest FbgbXb8ipPJXyYM2xQdTG8vqXgTntyXbfuQA9JjoPqQj
[2m2025-03-25T07:55:02.789528Z[0m [32m INFO[0m [1mnode[0m[1m{[0m[3mname[0m[2m=[0mk#99f25ef6..[1m}[0m[2m:[0m [2msui_core::checkpoints::checkpoint_executor[0m[2m:[0m [2mcrates/sui-core/src/checkpoints/checkpoint_executor/mod.rs[0m[2m:[0m[2m332:[0m Received checkpoint summary from state sync [3msequence_number[0m[2m=[0m226
[2m2025-03-25T07:55:02.789868Z[0m [32m INFO[0m [1mnode[0m[1m{[0m[3mname[0m[2m=[0mk#addeef94..[1m}[0m[2m:[0m [2msui_core::checkpoints::checkpoint_executor[0m[2m:[0m [2mcrates/sui-core/src/checkpoints/checkpoint_executor/mod.rs[0m[2m:[0m[2m332:[0m Received checkpoint summary from state sync [3msequence_number[0m[2m=[0m226
[2m2025-03-25T07:55:02.790624Z[0m [32m INFO[0m [1mnode[0m[1m{[0m[3mname[0m[2m=[0mk#addeef94..[1m}[0m[2m:[0m [2msui_core::state_accumulator[0m[2m:[0m [2mcrates/sui-core/src/state_accumulator.rs[0m[2m:[0m[2m675:[0m accumulating running root for checkpoint 226
[2m2025-03-25T07:55:02.790626Z[0m [32m INFO[0m [1mnode[0m[1m{[0m[3mname[0m[2m=[0mk#99f25ef6..[1m}[0m[2m:[0m [2msui_core::state_accumulator[0m[2m:[0m [2mcrates/sui-core/src/state_accumulator.rs[0m[2m:[0m[2m675:[0m accumulating running root for checkpoint 226
[2m2025-03-25T07:55:03.034374Z[0m [32m INFO[0m [1mnode[0m[1m{[0m[3mname[0m[2m=[0mk#addeef94..[1m}[0m[2m:[0m [2mconsensus_core::core[0m[2m:[0m [2mconsensus/core/src/core.rs[0m[2m:[0m[2m945:[0m Included 2 ancestors & excluded 0 ancestors for proposal in round 22
[2m2025-03-25T07:55:03.035302Z[0m [32m INFO[0m [1mnode[0m[1m{[0m[3mname[0m[2m=[0mk#99f25ef6..[1m}[0m[2m:[0m [2mconsensus_core::core[0m[2m:[0m [2mconsensus/core/src/core.rs[0m[2m:[0m[2m945:[0m Included 2 ancestors & excluded 0 ancestors for proposal in round 22
[2m2025-03-25T07:55:03.035348Z[0m [32m INFO[0m [1mnode[0m[1m{[0m[3mname[0m[2m=[0mk#addeef94..[1m}[0m[2m:[0m [2mconsensus_core::core[0m[2m:[0m [2mconsensus/core/src/core.rs[0m[2m:[0m[2m531:[0m Created block B22(C,Dfcg5fyerNc0HIEqAx3JEFik4sluEX7OG9To7p3MIdA=)(1742889303034ms;[B21(C,P+9tLgq2In8MyAf2U0hyrzXHPMrU4XDPbdnhD232f64=), B21(B,CKK5RVgdvIjNdKkxpwgmG6RPT9oT5hPlOqueqTS9Sno=)];0t;0c) for round 22
[2m2025-03-25T07:55:03.037284Z[0m [32m INFO[0m [1mnode[0m[1m{[0m[3mname[0m[2m=[0mk#99f25ef6..[1m}[0m[2m:[0m [2mconsensus_core::core[0m[2m:[0m [2mconsensus/core/src/core.rs[0m[2m:[0m[2m531:[0m Created block B22(B,JzsKvKS6i+jJCETugU+L/mBQ2ItezXYiLeNCG/jHT4M=)(1742889303035ms;[B21(B,CKK5RVgdvIjNdKkxpwgmG6RPT9oT5hPlOqueqTS9Sno=), B21(C,P+9tLgq2In8MyAf2U0hyrzXHPMrU4XDPbdnhD232f64=)];0t;0c) for round 22
[2m2025-03-25T07:55:03.287507Z[0m [32m INFO[0m [1mnode[0m[1m{[0m[3mname[0m[2m=[0mk#addeef94..[1m}[0m[2m:[0m [2mconsensus_core::core[0m[2m:[0m [2mconsensus/core/src/core.rs[0m[2m:[0m[2m945:[0m Included 3 ancestors & excluded 0 ancestors for proposal in round 23
[2m2025-03-25T07:55:03.287873Z[0m [32m INFO[0m [1mnode[0m[1m{[0m[3mname[0m[2m=[0mk#addeef94..[1m}[0m[2m:[0m [2mconsensus_core::core[0m[2m:[0m [2mconsensus/core/src/core.rs[0m[2m:[0m[2m531:[0m Created block B23(C,5NJV/Ri6zyOXHcAo6qk4izsj4v7zT5hignEA5/WmdhY=)(1742889303287ms;[B22(C,Dfcg5fyerNc0HIEqAx3JEFik4sluEX7OG9To7p3MIdA=), B22(A,qZyP5C5U12Cm7iseDg+GT+AWxZzVs+iXLbYjzG+yfX8=), B22(B,JzsKvKS6i+jJCETugU+L/mBQ2ItezXYiLeNCG/jHT4M=)];0t;0c) for round 23
[2m2025-03-25T07:55:03.288631Z[0m [32m INFO[0m [1mnode[0m[1m{[0m[3mname[0m[2m=[0mk#8dcff6d1..[1m}[0m[2m:[0m [2mconsensus_core::core[0m[2m:[0m [2mconsensus/core/src/core.rs[0m[2m:[0m[2m945:[0m Included 3 ancestors & excluded 0 ancestors for proposal in round 23
[2m2025-03-25T07:55:03.288910Z[0m [32m INFO[0m [1mnode[0m[1m{[0m[3mname[0m[2m=[0mk#8dcff6d1..[1m}[0m[2m:[0m [2mconsensus_core::core[0m[2m:[0m [2mconsensus/core/src/core.rs[0m[2m:[0m[2m531:[0m Created block B23(A,wO7Yj48dEp41RlcoxQmuq8XCDyPODPkKED6g9j71Hn0=)(1742889303288ms;[B22(A,qZyP5C5U12Cm7iseDg+GT+AWxZzVs+iXLbYjzG+yfX8=), B22(B,JzsKvKS6i+jJCETugU+L/mBQ2ItezXYiLeNCG/jHT4M=), B22(C,Dfcg5fyerNc0HIEqAx3JEFik4sluEX7OG9To7p3MIdA=)];0t;0c) for round 23
[2m2025-03-25T07:55:03.288984Z[0m [32m INFO[0m [1mnode[0m[1m{[0m[3mname[0m[2m=[0mk#8dcff6d1..[1m}[0m[2m:[0m [2mconsensus_core::core[0m[2m:[0m [2mconsensus/core/src/core.rs[0m[2m:[0m[2m630:[0m Committing 1 leaders: B21(B,CKK5)
[2m2025-03-25T07:55:03.289076Z[0m [32m INFO[0m [1mnode[0m[1m{[0m[3mname[0m[2m=[0mk#8dcff6d1..[1m}[0m[2m:[0m [2mconsensus_core::commit_observer[0m[2m:[0m [2mconsensus/core/src/commit_observer.rs[0m[2m:[0m[2m173:[0m Consensus commit C14(gEbp) with leader B21(B,CKK5) has 7 blocks
[2m2025-03-25T07:55:03.289165Z[0m [32m INFO[0m [1mnode[0m[1m{[0m[3mname[0m[2m=[0mk#8dcff6d1..[1m}[0m[2m:[0m [2msui_core::consensus_handler[0m[2m:[0m [2mcrates/sui-core/src/consensus_handler.rs[0m[2m:[0m[2m232:[0m Received consensus output [3mconsensus_commit[0m[2m=[0mCommittedSubDag(leader=B21(B,CKK5), ref=C14(gEbp), blocks=[wzDE, JGSq, rqMn, gOT2, luRc, 42b1, CKK5]) [3mepoch[0m[2m=[0m1
[2m2025-03-25T07:55:03.289773Z[0m [32m INFO[0m [1mnode[0m[1m{[0m[3mname[0m[2m=[0mk#99f25ef6..[1m}[0m[2m:[0m [2mconsensus_core::core[0m[2m:[0m [2mconsensus/core/src/core.rs[0m[2m:[0m[2m945:[0m Included 3 ancestors & excluded 0 ancestors for proposal in round 23
[2m2025-03-25T07:55:03.290026Z[0m [32m INFO[0m [1mnode[0m[1m{[0m[3mname[0m[2m=[0mk#99f25ef6..[1m}[0m[2m:[0m [2mconsensus_core::core[0m[2m:[0m [2mconsensus/core/src/core.rs[0m[2m:[0m[2m531:[0m Created block B23(B,RzpIWFccXvfgV/KuWVa+d385iIyyu4GNNnOLZZOf14k=)(1742889303289ms;[B22(B,JzsKvKS6i+jJCETugU+L/mBQ2ItezXYiLeNCG/jHT4M=), B22(A,qZyP5C5U12Cm7iseDg+GT+AWxZzVs+iXLbYjzG+yfX8=), B22(C,Dfcg5fyerNc0HIEqAx3JEFik4sluEX7OG9To7p3MIdA=)];0t;0c) for round 23
[2m2025-03-25T07:55:03.290087Z[0m [32m INFO[0m [1mnode[0m[1m{[0m[3mname[0m[2m=[0mk#99f25ef6..[1m}[0m[2m:[0m [2mconsensus_core::core[0m[2m:[0m [2mconsensus/core/src/core.rs[0m[2m:[0m[2m630:[0m Committing 1 leaders: B21(B,CKK5)
[2m2025-03-25T07:55:03.290174Z[0m [32m INFO[0m [1mnode[0m[1m{[0m[3mname[0m[2m=[0mk#99f25ef6..[1m}[0m[2m:[0m [2mconsensus_core::commit_observer[0m[2m:[0m [2mconsensus/core/src/commit_observer.rs[0m[2m:[0m[2m173:[0m Consensus commit C14(gEbp) with leader B21(B,CKK5) has 7 blocks
[2m2025-03-25T07:55:03.290249Z[0m [32m INFO[0m [1mnode[0m[1m{[0m[3mname[0m[2m=[0mk#99f25ef6..[1m}[0m[2m:[0m [2msui_core::consensus_handler[0m[2m:[0m [2mcrates/sui-core/src/consensus_handler.rs[0m[2m:[0m[2m232:[0m Received consensus output [3mconsensus_commit[0m[2m=[0mCommittedSubDag(leader=B21(B,CKK5), ref=C14(gEbp), blocks=[wzDE, JGSq, rqMn, gOT2, luRc, 42b1, CKK5]) [3mepoch[0m[2m=[0m1
[2m2025-03-25T07:55:03.290794Z[0m [32m INFO[0m [1mnode[0m[1m{[0m[3mname[0m[2m=[0mk#addeef94..[1m}[0m[2m:[0m [2mconsensus_core::core[0m[2m:[0m [2mconsensus/core/src/core.rs[0m[2m:[0m[2m630:[0m Committing 1 leaders: B21(B,CKK5)
[2m2025-03-25T07:55:03.290904Z[0m [32m INFO[0m [1mnode[0m[1m{[0m[3mname[0m[2m=[0mk#addeef94..[1m}[0m[2m:[0m [2mconsensus_core::commit_observer[0m[2m:[0m [2mconsensus/core/src/commit_observer.rs[0m[2m:[0m[2m173:[0m Consensus commit C14(gEbp) with leader B21(B,CKK5) has 7 blocks
[2m2025-03-25T07:55:03.290985Z[0m [32m INFO[0m [1mnode[0m[1m{[0m[3mname[0m[2m=[0mk#addeef94..[1m}[0m[2m:[0m [2msui_core::consensus_handler[0m[2m:[0m [2mcrates/sui-core/src/consensus_handler.rs[0m[2m:[0m[2m232:[0m Received consensus output [3mconsensus_commit[0m[2m=[0mCommittedSubDag(leader=B21(B,CKK5), ref=C14(gEbp), blocks=[wzDE, JGSq, rqMn, gOT2, luRc, 42b1, CKK5]) [3mepoch[0m[2m=[0m1
[2m2025-03-25T07:55:03.336213Z[0m [32m INFO[0m [1mnode[0m[1m{[0m[3mname[0m[2m=[0mk#8dcff6d1..[1m}[0m[2m:[0m [2msui_core::checkpoints[0m[2m:[0m [2mcrates/sui-core/src/checkpoints/mod.rs[0m[2m:[0m[2m1326:[0m Creating checkpoint(s) for 2 transactions [3mnext_checkpoint_seq[0m[2m=[0m227 [3mcheckpoint_timestamp[0m[2m=[0m1742889302779
[2m2025-03-25T07:55:03.336470Z[0m [32m INFO[0m [1mnode[0m[1m{[0m[3mname[0m[2m=[0mk#99f25ef6..[1m}[0m[2m:[0m [2msui_core::checkpoints[0m[2m:[0m [2mcrates/sui-core/src/checkpoints/mod.rs[0m[2m:[0m[2m1326:[0m Creating checkpoint(s) for 2 transactions [3mnext_checkpoint_seq[0m[2m=[0m227 [3mcheckpoint_timestamp[0m[2m=[0m1742889302779
[2m2025-03-25T07:55:03.336551Z[0m [32m INFO[0m [1mnode[0m[1m{[0m[3mname[0m[2m=[0mk#8dcff6d1..[1m}[0m[2m:[0m [2msui_core::checkpoints::checkpoint_output[0m[2m:[0m [2mcrates/sui-core/src/checkpoints/checkpoint_output.rs[0m[2m:[0m[2m149:[0m Creating checkpoint CheckpointDigest(8hXCRwpbR85rggaj9Wt4QP3m75UJX7C5GLBHxBwQr9gV) at epoch 1, sequence 227, previous digest Some(CheckpointDigest(FbgbXb8ipPJXyYM2xQdTG8vqXgTntyXbfuQA9JjoPqQj)), transactions count 2, content digest CheckpointContentsDigest(E2AjRXLz2HrY9VcGajt7sP49sd6ZQpaEBo3rgoTGD4Y9), end_of_epoch_data None
[2m2025-03-25T07:55:03.336613Z[0m [32m INFO[0m [1mnode[0m[1m{[0m[3mname[0m[2m=[0mk#addeef94..[1m}[0m[2m:[0m [2msui_core::checkpoints[0m[2m:[0m [2mcrates/sui-core/src/checkpoints/mod.rs[0m[2m:[0m[2m1326:[0m Creating checkpoint(s) for 2 transactions [3mnext_checkpoint_seq[0m[2m=[0m227 [3mcheckpoint_timestamp[0m[2m=[0m1742889302779
[2m2025-03-25T07:55:03.336720Z[0m [32m INFO[0m [1mnode[0m[1m{[0m[3mname[0m[2m=[0mk#99f25ef6..[1m}[0m[2m:[0m [2msui_core::checkpoints::checkpoint_output[0m[2m:[0m [2mcrates/sui-core/src/checkpoints/checkpoint_output.rs[0m[2m:[0m[2m149:[0m Creating checkpoint CheckpointDigest(8hXCRwpbR85rggaj9Wt4QP3m75UJX7C5GLBHxBwQr9gV) at epoch 1, sequence 227, previous digest Some(CheckpointDigest(FbgbXb8ipPJXyYM2xQdTG8vqXgTntyXbfuQA9JjoPqQj)), transactions count 2, content digest CheckpointContentsDigest(E2AjRXLz2HrY9VcGajt7sP49sd6ZQpaEBo3rgoTGD4Y9), end_of_epoch_data None
[2m2025-03-25T07:55:03.336862Z[0m [32m INFO[0m [1mnode[0m[1m{[0m[3mname[0m[2m=[0mk#addeef94..[1m}[0m[2m:[0m [2msui_core::checkpoints::checkpoint_output[0m[2m:[0m [2mcrates/sui-core/src/checkpoints/checkpoint_output.rs[0m[2m:[0m[2m149:[0m Creating checkpoint CheckpointDigest(8hXCRwpbR85rggaj9Wt4QP3m75UJX7C5GLBHxBwQr9gV) at epoch 1, sequence 227, previous digest Some(CheckpointDigest(FbgbXb8ipPJXyYM2xQdTG8vqXgTntyXbfuQA9JjoPqQj)), transactions count 2, content digest CheckpointContentsDigest(E2AjRXLz2HrY9VcGajt7sP49sd6ZQpaEBo3rgoTGD4Y9), end_of_epoch_data None
[2m2025-03-25T07:55:03.337369Z[0m [32m INFO[0m [1mnode[0m[1m{[0m[3mname[0m[2m=[0mk#99f25ef6..[1m}[0m[2m:[0m [2mconsensus_core::commit_syncer[0m[2m:[0m [2mconsensus/core/src/commit_syncer.rs[0m[2m:[0m[2m196:[0m Checking to schedule fetches: synced_commit_index=14, highest_handled_index=14, highest_scheduled_index=0, quorum_commit_index=13, unhandled_commits_threshold=3200
[2m2025-03-25T07:55:03.337369Z[0m [32m INFO[0m [1mnode[0m[1m{[0m[3mname[0m[2m=[0mk#8dcff6d1..[1m}[0m[2m:[0m [2mconsensus_core::commit_syncer[0m[2m:[0m [2mconsensus/core/src/commit_syncer.rs[0m[2m:[0m[2m196:[0m Checking to schedule fetches: synced_commit_index=14, highest_handled_index=14, highest_scheduled_index=0, quorum_commit_index=13, unhandled_commits_threshold=3200
[2m2025-03-25T07:55:03.337520Z[0m [32m INFO[0m [1mnode[0m[1m{[0m[3mname[0m[2m=[0mk#addeef94..[1m}[0m[2m:[0m [2mconsensus_core::commit_syncer[0m[2m:[0m [2mconsensus/core/src/commit_syncer.rs[0m[2m:[0m[2m196:[0m Checking to schedule fetches: synced_commit_index=14, highest_handled_index=14, highest_scheduled_index=0, quorum_commit_index=0, unhandled_commits_threshold=3200
[2m2025-03-25T07:55:03.540424Z[0m [32m INFO[0m [1mnode[0m[1m{[0m[3mname[0m[2m=[0mk#8dcff6d1..[1m}[0m[2m:[0m [2mconsensus_core::core[0m[2m:[0m [2mconsensus/core/src/core.rs[0m[2m:[0m[2m945:[0m Included 3 ancestors & excluded 0 ancestors for proposal in round 24
[2m2025-03-25T07:55:03.540780Z[0m [32m INFO[0m [1mnode[0m[1m{[0m[3mname[0m[2m=[0mk#8dcff6d1..[1m}[0m[2m:[0m [2mconsensus_core::core[0m[2m:[0m [2mconsensus/core/src/core.rs[0m[2m:[0m[2m531:[0m Created block B24(A,I57jYxa5v6zpzLohaBD7DROwlWH6aeNpxJZPEQXhHbM=)(1742889303540ms;[B23(A,wO7Yj48dEp41RlcoxQmuq8XCDyPODPkKED6g9j71Hn0=), B23(B,RzpIWFccXvfgV/KuWVa+d385iIyyu4GNNnOLZZOf14k=), B23(C,5NJV/Ri6zyOXHcAo6qk4izsj4v7zT5hignEA5/WmdhY=)];1t;1c) for round 24
[2m2025-03-25T07:55:03.542722Z[0m [32m INFO[0m [1mnode[0m[1m{[0m[3mname[0m[2m=[0mk#99f25ef6..[1m}[0m[2m:[0m [2mconsensus_core::core[0m[2m:[0m [2mconsensus/core/src/core.rs[0m[2m:[0m[2m945:[0m Included 3 ancestors & excluded 0 ancestors for proposal in round 24
[2m2025-03-25T07:55:03.542721Z[0m [32m INFO[0m [1mnode[0m[1m{[0m[3mname[0m[2m=[0mk#addeef94..[1m}[0m[2m:[0m [2mconsensus_core::core[0m[2m:[0m [2mconsensus/core/src/core.rs[0m[2m:[0m[2m945:[0m Included 3 ancestors & excluded 0 ancestors for proposal in round 24
[2m2025-03-25T07:55:03.543012Z[0m [32m INFO[0m [1mnode[0m[1m{[0m[3mname[0m[2m=[0mk#99f25ef6..[1m}[0m[2m:[0m [2mconsensus_core::core[0m[2m:[0m [2mconsensus/core/src/core.rs[0m[2m:[0m[2m531:[0m Created block B24(B,k7un3adqXyLIVgDgrzsE0eMrGxJZAQRFWlcB8ZmNjN4=)(1742889303542ms;[B23(B,RzpIWFccXvfgV/KuWVa+d385iIyyu4GNNnOLZZOf14k=), B23(A,wO7Yj48dEp41RlcoxQmuq8XCDyPODPkKED6g9j71Hn0=), B23(C,5NJV/Ri6zyOXHcAo6qk4izsj4v7zT5hignEA5/WmdhY=)];1t;1c) for round 24
[2m2025-03-25T07:55:03.543015Z[0m [32m INFO[0m [1mnode[0m[1m{[0m[3mname[0m[2m=[0mk#addeef94..[1m}[0m[2m:[0m [2mconsensus_core::core[0m[2m:[0m [2mconsensus/core/src/core.rs[0m[2m:[0m[2m531:[0m Created block B24(C,2rUzdjF0dK5GaAtoA8tsnt4b/Y5BLVMe4g4aF5O5xM8=)(1742889303542ms;[B23(C,5NJV/Ri6zyOXHcAo6qk4izsj4v7zT5hignEA5/WmdhY=), B23(A,wO7Yj48dEp41RlcoxQmuq8XCDyPODPkKED6g9j71Hn0=), B23(B,RzpIWFccXvfgV/KuWVa+d385iIyyu4GNNnOLZZOf14k=)];1t;1c) for round 24
[2m2025-03-25T07:55:03.543084Z[0m [32m INFO[0m [1mnode[0m[1m{[0m[3mname[0m[2m=[0mk#addeef94..[1m}[0m[2m:[0m [2mconsensus_core::core[0m[2m:[0m [2mconsensus/core/src/core.rs[0m[2m:[0m[2m630:[0m Committing 1 leaders: B22(C,Dfcg)
[2m2025-03-25T07:55:03.543155Z[0m [32m INFO[0m [1mnode[0m[1m{[0m[3mname[0m[2m=[0mk#addeef94..[1m}[0m[2m:[0m [2mconsensus_core::commit_observer[0m[2m:[0m [2mconsensus/core/src/commit_observer.rs[0m[2m:[0m[2m173:[0m Consensus commit C15(+EjO) with leader B22(C,Dfcg) has 2 blocks
[2m2025-03-25T07:55:03.543239Z[0m [32m INFO[0m [1mnode[0m[1m{[0m[3mname[0m[2m=[0mk#addeef94..[1m}[0m[2m:[0m [2msui_core::consensus_handler[0m[2m:[0m [2mcrates/sui-core/src/consensus_handler.rs[0m[2m:[0m[2m232:[0m Received consensus output [3mconsensus_commit[0m[2m=[0mCommittedSubDag(leader=B22(C,Dfcg), ref=C15(+EjO), blocks=[P+9t, Dfcg]) [3mepoch[0m[2m=[0m1
[2m2025-03-25T07:55:03.546131Z[0m [32m INFO[0m [1mnode[0m[1m{[0m[3mname[0m[2m=[0mk#99f25ef6..[1m}[0m[2m:[0m [2msui_core::checkpoints::checkpoint_output[0m[2m:[0m [2mcrates/sui-core/src/checkpoints/checkpoint_output.rs[0m[2m:[0m[2m196:[0m Certified checkpoint with sequence 227 and digest 8hXCRwpbR85rggaj9Wt4QP3m75UJX7C5GLBHxBwQr9gV
[2m2025-03-25T07:55:03.546233Z[0m [32m INFO[0m [1mnode[0m[1m{[0m[3mname[0m[2m=[0mk#99f25ef6..[1m}[0m[2m:[0m [2mconsensus_core::core[0m[2m:[0m [2mconsensus/core/src/core.rs[0m[2m:[0m[2m630:[0m Committing 1 leaders: B22(C,Dfcg)
[2m2025-03-25T07:55:03.546320Z[0m [32m INFO[0m [1mnode[0m[1m{[0m[3mname[0m[2m=[0mk#99f25ef6..[1m}[0m[2m:[0m [2mconsensus_core::commit_observer[0m[2m:[0m [2mconsensus/core/src/commit_observer.rs[0m[2m:[0m[2m173:[0m Consensus commit C15(+EjO) with leader B22(C,Dfcg) has 2 blocks
[2m2025-03-25T07:55:03.546751Z[0m [32m INFO[0m [1mnode[0m[1m{[0m[3mname[0m[2m=[0mk#99f25ef6..[1m}[0m[2m:[0m [2msui_core::consensus_handler[0m[2m:[0m [2mcrates/sui-core/src/consensus_handler.rs[0m[2m:[0m[2m232:[0m Received consensus output [3mconsensus_commit[0m[2m=[0mCommittedSubDag(leader=B22(C,Dfcg), ref=C15(+EjO), blocks=[P+9t, Dfcg]) [3mepoch[0m[2m=[0m1
[2m2025-03-25T07:55:03.546827Z[0m [32m INFO[0m [1mnode[0m[1m{[0m[3mname[0m[2m=[0mk#8dcff6d1..[1m}[0m[2m:[0m [2msui_core::checkpoints::checkpoint_output[0m[2m:[0m [2mcrates/sui-core/src/checkpoints/checkpoint_output.rs[0m[2m:[0m[2m196:[0m Certified checkpoint with sequence 227 and digest 8hXCRwpbR85rggaj9Wt4QP3m75UJX7C5GLBHxBwQr9gV
[2m2025-03-25T07:55:03.546926Z[0m [32m INFO[0m [1mnode[0m[1m{[0m[3mname[0m[2m=[0mk#8dcff6d1..[1m}[0m[2m:[0m [2mconsensus_core::core[0m[2m:[0m [2mconsensus/core/src/core.rs[0m[2m:[0m[2m630:[0m Committing 1 leaders: B22(C,Dfcg)
[2m2025-03-25T07:55:03.547018Z[0m [32m INFO[0m [1mnode[0m[1m{[0m[3mname[0m[2m=[0mk#8dcff6d1..[1m}[0m[2m:[0m [2mconsensus_core::commit_observer[0m[2m:[0m [2mconsensus/core/src/commit_observer.rs[0m[2m:[0m[2m173:[0m Consensus commit C15(+EjO) with leader B22(C,Dfcg) has 2 blocks
[2m2025-03-25T07:55:03.547185Z[0m [32m INFO[0m [1mnode[0m[1m{[0m[3mname[0m[2m=[0mk#99f25ef6..[1m}[0m[2m:[0m [2msui_core::checkpoints::checkpoint_executor[0m[2m:[0m [2mcrates/sui-core/src/checkpoints/checkpoint_executor/mod.rs[0m[2m:[0m[2m332:[0m Received checkpoint summary from state sync [3msequence_number[0m[2m=[0m227
[2m2025-03-25T07:55:03.547402Z[0m [32m INFO[0m [1mnode[0m[1m{[0m[3mname[0m[2m=[0mk#8dcff6d1..[1m}[0m[2m:[0m [2msui_core::consensus_handler[0m[2m:[0m [2mcrates/sui-core/src/consensus_handler.rs[0m[2m:[0m[2m232:[0m Received consensus output [3mconsensus_commit[0m[2m=[0mCommittedSubDag(leader=B22(C,Dfcg), ref=C15(+EjO), blocks=[P+9t, Dfcg]) [3mepoch[0m[2m=[0m1
[2m2025-03-25T07:55:03.547788Z[0m [32m INFO[0m [1mnode[0m[1m{[0m[3mname[0m[2m=[0mk#8dcff6d1..[1m}[0m[2m:[0m [2msui_core::checkpoints::checkpoint_executor[0m[2m:[0m [2mcrates/sui-core/src/checkpoints/checkpoint_executor/mod.rs[0m[2m:[0m[2m332:[0m Received checkpoint summary from state sync [3msequence_number[0m[2m=[0m227
[2m2025-03-25T07:55:03.549144Z[0m [32m INFO[0m [1mnode[0m[1m{[0m[3mname[0m[2m=[0mk#99f25ef6..[1m}[0m[2m:[0m [2msui_core::state_accumulator[0m[2m:[0m [2mcrates/sui-core/src/state_accumulator.rs[0m[2m:[0m[2m675:[0m accumulating running root for checkpoint 227
[2m2025-03-25T07:55:03.549446Z[0m [32m INFO[0m [1mnode[0m[1m{[0m[3mname[0m[2m=[0mk#8dcff6d1..[1m}[0m[2m:[0m [2msui_core::state_accumulator[0m[2m:[0m [2mcrates/sui-core/src/state_accumulator.rs[0m[2m:[0m[2m675:[0m accumulating running root for checkpoint 227
[2m2025-03-25T07:55:03.569869Z[0m [32m INFO[0m [1mnode[0m[1m{[0m[3mname[0m[2m=[0mk#addeef94..[1m}[0m[2m:[0m [2msui_core::checkpoints[0m[2m:[0m [2mcrates/sui-core/src/checkpoints/mod.rs[0m[2m:[0m[2m1326:[0m Creating checkpoint(s) for 2 transactions [3mnext_checkpoint_seq[0m[2m=[0m228 [3mcheckpoint_timestamp[0m[2m=[0m1742889303034
[2m2025-03-25T07:55:03.570184Z[0m [32m INFO[0m [1mnode[0m[1m{[0m[3mname[0m[2m=[0mk#addeef94..[1m}[0m[2m:[0m [2msui_core::checkpoints::checkpoint_output[0m[2m:[0m [2mcrates/sui-core/src/checkpoints/checkpoint_output.rs[0m[2m:[0m[2m149:[0m Creating checkpoint CheckpointDigest(3kDP7V3qKDc16HyH4n1YrAih38QJ64GyX6NAJCoKW5EL) at epoch 1, sequence 228, previous digest Some(CheckpointDigest(8hXCRwpbR85rggaj9Wt4QP3m75UJX7C5GLBHxBwQr9gV)), transactions count 2, content digest CheckpointContentsDigest(AeSZaMc4VZ5uZbkxfbPGMkuezotBF29CMAcFnFrSQLr7), end_of_epoch_data None
[2m2025-03-25T07:55:03.574454Z[0m [32m INFO[0m [1mnode[0m[1m{[0m[3mname[0m[2m=[0mk#addeef94..[1m}[0m[2m:[0m [2msui_core::checkpoints::checkpoint_executor[0m[2m:[0m [2mcrates/sui-core/src/checkpoints/checkpoint_executor/mod.rs[0m[2m:[0m[2m332:[0m Received checkpoint summary from state sync [3msequence_number[0m[2m=[0m227
[2m2025-03-25T07:55:03.574671Z[0m [32m INFO[0m [1mnode[0m[1m{[0m[3mname[0m[2m=[0mk#99f25ef6..[1m}[0m[2m:[0m [2msui_core::checkpoints[0m[2m:[0m [2mcrates/sui-core/src/checkpoints/mod.rs[0m[2m:[0m[2m1326:[0m Creating checkpoint(s) for 2 transactions [3mnext_checkpoint_seq[0m[2m=[0m228 [3mcheckpoint_timestamp[0m[2m=[0m1742889303034
[2m2025-03-25T07:55:03.574779Z[0m [32m INFO[0m [1mnode[0m[1m{[0m[3mname[0m[2m=[0mk#8dcff6d1..[1m}[0m[2m:[0m [2msui_core::checkpoints[0m[2m:[0m [2mcrates/sui-core/src/checkpoints/mod.rs[0m[2m:[0m[2m1326:[0m Creating checkpoint(s) for 2 transactions [3mnext_checkpoint_seq[0m[2m=[0m228 [3mcheckpoint_timestamp[0m[2m=[0m1742889303034
[2m2025-03-25T07:55:03.574931Z[0m [32m INFO[0m [1mnode[0m[1m{[0m[3mname[0m[2m=[0mk#99f25ef6..[1m}[0m[2m:[0m [2msui_core::checkpoints::checkpoint_output[0m[2m:[0m [2mcrates/sui-core/src/checkpoints/checkpoint_output.rs[0m[2m:[0m[2m149:[0m Creating checkpoint CheckpointDigest(3kDP7V3qKDc16HyH4n1YrAih38QJ64GyX6NAJCoKW5EL) at epoch 1, sequence 228, previous digest Some(CheckpointDigest(8hXCRwpbR85rggaj9Wt4QP3m75UJX7C5GLBHxBwQr9gV)), transactions count 2, content digest CheckpointContentsDigest(AeSZaMc4VZ5uZbkxfbPGMkuezotBF29CMAcFnFrSQLr7), end_of_epoch_data None
[2m2025-03-25T07:55:03.575022Z[0m [32m INFO[0m [1mnode[0m[1m{[0m[3mname[0m[2m=[0mk#8dcff6d1..[1m}[0m[2m:[0m [2msui_core::checkpoints::checkpoint_output[0m[2m:[0m [2mcrates/sui-core/src/checkpoints/checkpoint_output.rs[0m[2m:[0m[2m149:[0m Creating checkpoint CheckpointDigest(3kDP7V3qKDc16HyH4n1YrAih38QJ64GyX6NAJCoKW5EL) at epoch 1, sequence 228, previous digest Some(CheckpointDigest(8hXCRwpbR85rggaj9Wt4QP3m75UJX7C5GLBHxBwQr9gV)), transactions count 2, content digest CheckpointContentsDigest(AeSZaMc4VZ5uZbkxfbPGMkuezotBF29CMAcFnFrSQLr7), end_of_epoch_data None
[2m2025-03-25T07:55:03.575753Z[0m [32m INFO[0m [1mnode[0m[1m{[0m[3mname[0m[2m=[0mk#addeef94..[1m}[0m[2m:[0m [2msui_core::state_accumulator[0m[2m:[0m [2mcrates/sui-core/src/state_accumulator.rs[0m[2m:[0m[2m675:[0m accumulating running root for checkpoint 227
[2m2025-03-25T07:55:03.796239Z[0m [32m INFO[0m [1mnode[0m[1m{[0m[3mname[0m[2m=[0mk#addeef94..[1m}[0m[2m:[0m [2mconsensus_core::core[0m[2m:[0m [2mconsensus/core/src/core.rs[0m[2m:[0m[2m945:[0m Included 3 ancestors & excluded 0 ancestors for proposal in round 25
[2m2025-03-25T07:55:03.796618Z[0m [32m INFO[0m [1mnode[0m[1m{[0m[3mname[0m[2m=[0mk#addeef94..[1m}[0m[2m:[0m [2mconsensus_core::core[0m[2m:[0m [2mconsensus/core/src/core.rs[0m[2m:[0m[2m531:[0m Created block B25(C,CDmX6jTvf8VTPdaMXNpJeiyaWQc1DeL1jXYGYK0ahKg=)(1742889303796ms;[B24(C,2rUzdjF0dK5GaAtoA8tsnt4b/Y5BLVMe4g4aF5O5xM8=), B24(A,I57jYxa5v6zpzLohaBD7DROwlWH6aeNpxJZPEQXhHbM=), B24(B,k7un3adqXyLIVgDgrzsE0eMrGxJZAQRFWlcB8ZmNjN4=)];1t;1c) for round 25
[2m2025-03-25T07:55:03.798533Z[0m [32m INFO[0m [1mnode[0m[1m{[0m[3mname[0m[2m=[0mk#99f25ef6..[1m}[0m[2m:[0m [2mconsensus_core::core[0m[2m:[0m [2mconsensus/core/src/core.rs[0m[2m:[0m[2m945:[0m Included 3 ancestors & excluded 0 ancestors for proposal in round 25
[2m2025-03-25T07:55:03.798534Z[0m [32m INFO[0m [1mnode[0m[1m{[0m[3mname[0m[2m=[0mk#8dcff6d1..[1m}[0m[2m:[0m [2mconsensus_core::core[0m[2m:[0m [2mconsensus/core/src/core.rs[0m[2m:[0m[2m945:[0m Included 3 ancestors & excluded 0 ancestors for proposal in round 25
[2m2025-03-25T07:55:03.798816Z[0m [32m INFO[0m [1mnode[0m[1m{[0m[3mname[0m[2m=[0mk#99f25ef6..[1m}[0m[2m:[0m [2mconsensus_core::core[0m[2m:[0m [2mconsensus/core/src/core.rs[0m[2m:[0m[2m531:[0m Created block B25(B,U4m44i8EZERmt1R6L/mNpkSAwKNNu3yj4GFTq+KRWls=)(1742889303798ms;[B24(B,k7un3adqXyLIVgDgrzsE0eMrGxJZAQRFWlcB8ZmNjN4=), B24(A,I57jYxa5v6zpzLohaBD7DROwlWH6aeNpxJZPEQXhHbM=), B24(C,2rUzdjF0dK5GaAtoA8tsnt4b/Y5BLVMe4g4aF5O5xM8=)];1t;1c) for round 25
[2m2025-03-25T07:55:03.798816Z[0m [32m INFO[0m [1mnode[0m[1m{[0m[3mname[0m[2m=[0mk#8dcff6d1..[1m}[0m[2m:[0m [2mconsensus_core::core[0m[2m:[0m [2mconsensus/core/src/core.rs[0m[2m:[0m[2m531:[0m Created block B25(A,z8+zXTuzj+FhE2buZ6vGpNMyPsJwRcypkjKY/oC5eLw=)(1742889303798ms;[B24(A,I57jYxa5v6zpzLohaBD7DROwlWH6aeNpxJZPEQXhHbM=), B24(B,k7un3adqXyLIVgDgrzsE0eMrGxJZAQRFWlcB8ZmNjN4=), B24(C,2rUzdjF0dK5GaAtoA8tsnt4b/Y5BLVMe4g4aF5O5xM8=)];1t;1c) for round 25
[2m2025-03-25T07:55:03.798884Z[0m [32m INFO[0m [1mnode[0m[1m{[0m[3mname[0m[2m=[0mk#99f25ef6..[1m}[0m[2m:[0m [2mconsensus_core::core[0m[2m:[0m [2mconsensus/core/src/core.rs[0m[2m:[0m[2m630:[0m Committing 1 leaders: B23(C,5NJV)
[2m2025-03-25T07:55:03.798884Z[0m [32m INFO[0m [1mnode[0m[1m{[0m[3mname[0m[2m=[0mk#8dcff6d1..[1m}[0m[2m:[0m [2mconsensus_core::core[0m[2m:[0m [2mconsensus/core/src/core.rs[0m[2m:[0m[2m630:[0m Committing 1 leaders: B23(C,5NJV)
[2m2025-03-25T07:55:03.798955Z[0m [32m INFO[0m [1mnode[0m[1m{[0m[3mname[0m[2m=[0mk#8dcff6d1..[1m}[0m[2m:[0m [2mconsensus_core::commit_observer[0m[2m:[0m [2mconsensus/core/src/commit_observer.rs[0m[2m:[0m[2m173:[0m Consensus commit C16(S6sb) with leader B23(C,5NJV) has 3 blocks
[2m2025-03-25T07:55:03.798955Z[0m [32m INFO[0m [1mnode[0m[1m{[0m[3mname[0m[2m=[0mk#99f25ef6..[1m}[0m[2m:[0m [2mconsensus_core::commit_observer[0m[2m:[0m [2mconsensus/core/src/commit_observer.rs[0m[2m:[0m[2m173:[0m Consensus commit C16(S6sb) with leader B23(C,5NJV) has 3 blocks
[2m2025-03-25T07:55:03.799035Z[0m [32m INFO[0m [1mnode[0m[1m{[0m[3mname[0m[2m=[0mk#99f25ef6..[1m}[0m[2m:[0m [2msui_core::consensus_handler[0m[2m:[0m [2mcrates/sui-core/src/consensus_handler.rs[0m[2m:[0m[2m232:[0m Received consensus output [3mconsensus_commit[0m[2m=[0mCommittedSubDag(leader=B23(C,5NJV), ref=C16(S6sb), blocks=[qZyP, JzsK, 5NJV]) [3mepoch[0m[2m=[0m1
[2m2025-03-25T07:55:03.799035Z[0m [32m INFO[0m [1mnode[0m[1m{[0m[3mname[0m[2m=[0mk#8dcff6d1..[1m}[0m[2m:[0m [2msui_core::consensus_handler[0m[2m:[0m [2mcrates/sui-core/src/consensus_handler.rs[0m[2m:[0m[2m232:[0m Received consensus output [3mconsensus_commit[0m[2m=[0mCommittedSubDag(leader=B23(C,5NJV), ref=C16(S6sb), blocks=[qZyP, JzsK, 5NJV]) [3mepoch[0m[2m=[0m1
[2m2025-03-25T07:55:03.802777Z[0m [32m INFO[0m [1mnode[0m[1m{[0m[3mname[0m[2m=[0mk#addeef94..[1m}[0m[2m:[0m [2mconsensus_core::core[0m[2m:[0m [2mconsensus/core/src/core.rs[0m[2m:[0m[2m630:[0m Committing 1 leaders: B23(C,5NJV)
[2m2025-03-25T07:55:03.802867Z[0m [32m INFO[0m [1mnode[0m[1m{[0m[3mname[0m[2m=[0mk#addeef94..[1m}[0m[2m:[0m [2mconsensus_core::commit_observer[0m[2m:[0m [2mconsensus/core/src/commit_observer.rs[0m[2m:[0m[2m173:[0m Consensus commit C16(S6sb) with leader B23(C,5NJV) has 3 blocks
[2m2025-03-25T07:55:03.802984Z[0m [32m INFO[0m [1mnode[0m[1m{[0m[3mname[0m[2m=[0mk#addeef94..[1m}[0m[2m:[0m [2msui_core::consensus_handler[0m[2m:[0m [2mcrates/sui-core/src/consensus_handler.rs[0m[2m:[0m[2m232:[0m Received consensus output [3mconsensus_commit[0m[2m=[0mCommittedSubDag(leader=B23(C,5NJV), ref=C16(S6sb), blocks=[qZyP, JzsK, 5NJV]) [3mepoch[0m[2m=[0m1
[2m2025-03-25T07:55:03.845136Z[0m [32m INFO[0m [1mnode[0m[1m{[0m[3mname[0m[2m=[0mk#99f25ef6..[1m}[0m[2m:[0m [2msui_core::checkpoints[0m[2m:[0m [2mcrates/sui-core/src/checkpoints/mod.rs[0m[2m:[0m[2m1326:[0m Creating checkpoint(s) for 1 transactions [3mnext_checkpoint_seq[0m[2m=[0m229 [3mcheckpoint_timestamp[0m[2m=[0m1742889303287
[2m2025-03-25T07:55:03.845136Z[0m [32m INFO[0m [1mnode[0m[1m{[0m[3mname[0m[2m=[0mk#8dcff6d1..[1m}[0m[2m:[0m [2msui_core::checkpoints[0m[2m:[0m [2mcrates/sui-core/src/checkpoints/mod.rs[0m[2m:[0m[2m1326:[0m Creating checkpoint(s) for 1 transactions [3mnext_checkpoint_seq[0m[2m=[0m229 [3mcheckpoint_timestamp[0m[2m=[0m1742889303287
[2m2025-03-25T07:55:03.845375Z[0m [32m INFO[0m [1mnode[0m[1m{[0m[3mname[0m[2m=[0mk#99f25ef6..[1m}[0m[2m:[0m [2msui_core::checkpoints::checkpoint_output[0m[2m:[0m [2mcrates/sui-core/src/checkpoints/checkpoint_output.rs[0m[2m:[0m[2m149:[0m Creating checkpoint CheckpointDigest(Fdt6PetQwKWKLUeUc8AsgnmZybFui7dHqbSfYoBtFrKt) at epoch 1, sequence 229, previous digest Some(CheckpointDigest(3kDP7V3qKDc16HyH4n1YrAih38QJ64GyX6NAJCoKW5EL)), transactions count 1, content digest CheckpointContentsDigest(3xiAYn8hd4BbW1fNbL2q55KK6bxaddmXtAR8BeszHR1U), end_of_epoch_data None
[2m2025-03-25T07:55:03.845375Z[0m [32m INFO[0m [1mnode[0m[1m{[0m[3mname[0m[2m=[0mk#8dcff6d1..[1m}[0m[2m:[0m [2msui_core::checkpoints::checkpoint_output[0m[2m:[0m [2mcrates/sui-core/src/checkpoints/checkpoint_output.rs[0m[2m:[0m[2m149:[0m Creating checkpoint CheckpointDigest(Fdt6PetQwKWKLUeUc8AsgnmZybFui7dHqbSfYoBtFrKt) at epoch 1, sequence 229, previous digest Some(CheckpointDigest(3kDP7V3qKDc16HyH4n1YrAih38QJ64GyX6NAJCoKW5EL)), transactions count 1, content digest CheckpointContentsDigest(3xiAYn8hd4BbW1fNbL2q55KK6bxaddmXtAR8BeszHR1U), end_of_epoch_data None
[2m2025-03-25T07:55:03.847510Z[0m [32m INFO[0m [1mnode[0m[1m{[0m[3mname[0m[2m=[0mk#addeef94..[1m}[0m[2m:[0m [2msui_core::checkpoints[0m[2m:[0m [2mcrates/sui-core/src/checkpoints/mod.rs[0m[2m:[0m[2m1326:[0m Creating checkpoint(s) for 1 transactions [3mnext_checkpoint_seq[0m[2m=[0m229 [3mcheckpoint_timestamp[0m[2m=[0m1742889303287
[2m2025-03-25T07:55:03.847680Z[0m [32m INFO[0m [1mnode[0m[1m{[0m[3mname[0m[2m=[0mk#addeef94..[1m}[0m[2m:[0m [2msui_core::checkpoints::checkpoint_output[0m[2m:[0m [2mcrates/sui-core/src/checkpoints/checkpoint_output.rs[0m[2m:[0m[2m149:[0m Creating checkpoint CheckpointDigest(Fdt6PetQwKWKLUeUc8AsgnmZybFui7dHqbSfYoBtFrKt) at epoch 1, sequence 229, previous digest Some(CheckpointDigest(3kDP7V3qKDc16HyH4n1YrAih38QJ64GyX6NAJCoKW5EL)), transactions count 1, content digest CheckpointContentsDigest(3xiAYn8hd4BbW1fNbL2q55KK6bxaddmXtAR8BeszHR1U), end_of_epoch_data None
[2m2025-03-25T07:55:03.848581Z[0m [32m INFO[0m [1mnode[0m[1m{[0m[3mname[0m[2m=[0mk#99f25ef6..[1m}[0m[2m:[0m [2msui_core::checkpoints::checkpoint_output[0m[2m:[0m [2mcrates/sui-core/src/checkpoints/checkpoint_output.rs[0m[2m:[0m[2m196:[0m Certified checkpoint with sequence 228 and digest 3kDP7V3qKDc16HyH4n1YrAih38QJ64GyX6NAJCoKW5EL
[2m2025-03-25T07:55:03.848591Z[0m [32m INFO[0m [1mnode[0m[1m{[0m[3mname[0m[2m=[0mk#8dcff6d1..[1m}[0m[2m:[0m [2msui_core::checkpoints::checkpoint_output[0m[2m:[0m [2mcrates/sui-core/src/checkpoints/checkpoint_output.rs[0m[2m:[0m[2m196:[0m Certified checkpoint with sequence 228 and digest 3kDP7V3qKDc16HyH4n1YrAih38QJ64GyX6NAJCoKW5EL
[2m2025-03-25T07:55:03.851727Z[0m [32m INFO[0m [1mnode[0m[1m{[0m[3mname[0m[2m=[0mk#99f25ef6..[1m}[0m[2m:[0m [2msui_core::checkpoints::checkpoint_executor[0m[2m:[0m [2mcrates/sui-core/src/checkpoints/checkpoint_executor/mod.rs[0m[2m:[0m[2m332:[0m Received checkpoint summary from state sync [3msequence_number[0m[2m=[0m228
[2m2025-03-25T07:55:03.851734Z[0m [32m INFO[0m [1mnode[0m[1m{[0m[3mname[0m[2m=[0mk#8dcff6d1..[1m}[0m[2m:[0m [2msui_core::checkpoints::checkpoint_executor[0m[2m:[0m [2mcrates/sui-core/src/checkpoints/checkpoint_executor/mod.rs[0m[2m:[0m[2m332:[0m Received checkpoint summary from state sync [3msequence_number[0m[2m=[0m228
[2m2025-03-25T07:55:03.870745Z[0m [32m INFO[0m [1mnode[0m[1m{[0m[3mname[0m[2m=[0mk#99f25ef6..[1m}[0m[2m:[0m [2msui_core::state_accumulator[0m[2m:[0m [2mcrates/sui-core/src/state_accumulator.rs[0m[2m:[0m[2m675:[0m accumulating running root for checkpoint 228
[2m2025-03-25T07:55:03.870745Z[0m [32m INFO[0m [1mnode[0m[1m{[0m[3mname[0m[2m=[0mk#8dcff6d1..[1m}[0m[2m:[0m [2msui_core::state_accumulator[0m[2m:[0m [2mcrates/sui-core/src/state_accumulator.rs[0m[2m:[0m[2m675:[0m accumulating running root for checkpoint 228
[2m2025-03-25T07:55:03.915048Z[0m [32m INFO[0m [1mnode[0m[1m{[0m[3mname[0m[2m=[0mk#addeef94..[1m}[0m[2m:[0m [2msui_core::checkpoints::checkpoint_executor[0m[2m:[0m [2mcrates/sui-core/src/checkpoints/checkpoint_executor/mod.rs[0m[2m:[0m[2m332:[0m Received checkpoint summary from state sync [3msequence_number[0m[2m=[0m228
[2m2025-03-25T07:55:03.916385Z[0m [32m INFO[0m [1mnode[0m[1m{[0m[3mname[0m[2m=[0mk#addeef94..[1m}[0m[2m:[0m [2msui_core::state_accumulator[0m[2m:[0m [2mcrates/sui-core/src/state_accumulator.rs[0m[2m:[0m[2m675:[0m accumulating running root for checkpoint 228
[2m2025-03-25T07:55:04.050870Z[0m [32m INFO[0m [1mnode[0m[1m{[0m[3mname[0m[2m=[0mk#99f25ef6..[1m}[0m[2m:[0m [2mconsensus_core::core[0m[2m:[0m [2mconsensus/core/src/core.rs[0m[2m:[0m[2m945:[0m Included 3 ancestors & excluded 0 ancestors for proposal in round 26
[2m2025-03-25T07:55:04.050978Z[0m [32m INFO[0m [1mnode[0m[1m{[0m[3mname[0m[2m=[0mk#8dcff6d1..[1m}[0m[2m:[0m [2mconsensus_core::core[0m[2m:[0m [2mconsensus/core/src/core.rs[0m[2m:[0m[2m945:[0m Included 3 ancestors & excluded 0 ancestors for proposal in round 26
[2m2025-03-25T07:55:04.051260Z[0m [32m INFO[0m [1mnode[0m[1m{[0m[3mname[0m[2m=[0mk#99f25ef6..[1m}[0m[2m:[0m [2mconsensus_core::core[0m[2m:[0m [2mconsensus/core/src/core.rs[0m[2m:[0m[2m531:[0m Created block B26(B,0XRu5FuVSUHcZeBkclu1h6YDlv8/LsrhmRmnPtP1xWs=)(1742889304050ms;[B25(B,U4m44i8EZERmt1R6L/mNpkSAwKNNu3yj4GFTq+KRWls=), B25(A,z8+zXTuzj+FhE2buZ6vGpNMyPsJwRcypkjKY/oC5eLw=), B25(C,CDmX6jTvf8VTPdaMXNpJeiyaWQc1DeL1jXYGYK0ahKg=)];1t;1c) for round 26
[2m2025-03-25T07:55:04.051274Z[0m [32m INFO[0m [1mnode[0m[1m{[0m[3mname[0m[2m=[0mk#8dcff6d1..[1m}[0m[2m:[0m [2mconsensus_core::core[0m[2m:[0m [2mconsensus/core/src/core.rs[0m[2m:[0m[2m531:[0m Created block B26(A,a4uAsW4hGbPGdqA44JB+nu+nNfDx3EkZZq0sp5jPkXM=)(1742889304051ms;[B25(A,z8+zXTuzj+FhE2buZ6vGpNMyPsJwRcypkjKY/oC5eLw=), B25(B,U4m44i8EZERmt1R6L/mNpkSAwKNNu3yj4GFTq+KRWls=), B25(C,CDmX6jTvf8VTPdaMXNpJeiyaWQc1DeL1jXYGYK0ahKg=)];1t;1c) for round 26
[2m2025-03-25T07:55:04.054589Z[0m [32m INFO[0m [1mnode[0m[1m{[0m[3mname[0m[2m=[0mk#addeef94..[1m}[0m[2m:[0m [2mconsensus_core::core[0m[2m:[0m [2mconsensus/core/src/core.rs[0m[2m:[0m[2m945:[0m Included 3 ancestors & excluded 0 ancestors for proposal in round 26
[2m2025-03-25T07:55:04.054886Z[0m [32m INFO[0m [1mnode[0m[1m{[0m[3mname[0m[2m=[0mk#addeef94..[1m}[0m[2m:[0m [2mconsensus_core::core[0m[2m:[0m [2mconsensus/core/src/core.rs[0m[2m:[0m[2m531:[0m Created block B26(C,RthLiVLZ/bParGBGp5XCNnqj1iLWqzPAeoSmYypUTDY=)(1742889304054ms;[B25(C,CDmX6jTvf8VTPdaMXNpJeiyaWQc1DeL1jXYGYK0ahKg=), B25(A,z8+zXTuzj+FhE2buZ6vGpNMyPsJwRcypkjKY/oC5eLw=), B25(B,U4m44i8EZERmt1R6L/mNpkSAwKNNu3yj4GFTq+KRWls=)];1t;1c) for round 26
[2m2025-03-25T07:55:04.054953Z[0m [32m INFO[0m [1mnode[0m[1m{[0m[3mname[0m[2m=[0mk#addeef94..[1m}[0m[2m:[0m [2mconsensus_core::core[0m[2m:[0m [2mconsensus/core/src/core.rs[0m[2m:[0m[2m630:[0m Committing 1 leaders: B24(C,2rUz)
[2m2025-03-25T07:55:04.055021Z[0m [32m INFO[0m [1mnode[0m[1m{[0m[3mname[0m[2m=[0mk#addeef94..[1m}[0m[2m:[0m [2mconsensus_core::commit_observer[0m[2m:[0m [2mconsensus/core/src/commit_observer.rs[0m[2m:[0m[2m173:[0m Consensus commit C17(o0ov) with leader B24(C,2rUz) has 3 blocks
[2m2025-03-25T07:55:04.055103Z[0m [32m INFO[0m [1mnode[0m[1m{[0m[3mname[0m[2m=[0mk#addeef94..[1m}[0m[2m:[0m [2msui_core::consensus_handler[0m[2m:[0m [2mcrates/sui-core/src/consensus_handler.rs[0m[2m:[0m[2m232:[0m Received consensus output [3mconsensus_commit[0m[2m=[0mCommittedSubDag(leader=B24(C,2rUz), ref=C17(o0ov), blocks=[wO7Y, RzpI, 2rUz]) [3mepoch[0m[2m=[0m1
[2m2025-03-25T07:55:04.057960Z[0m [32m INFO[0m [1mnode[0m[1m{[0m[3mname[0m[2m=[0mk#99f25ef6..[1m}[0m[2m:[0m [2msui_core::checkpoints::checkpoint_output[0m[2m:[0m [2mcrates/sui-core/src/checkpoints/checkpoint_output.rs[0m[2m:[0m[2m196:[0m Certified checkpoint with sequence 229 and digest Fdt6PetQwKWKLUeUc8AsgnmZybFui7dHqbSfYoBtFrKt
[2m2025-03-25T07:55:04.057962Z[0m [32m INFO[0m [1mnode[0m[1m{[0m[3mname[0m[2m=[0mk#8dcff6d1..[1m}[0m[2m:[0m [2msui_core::checkpoints::checkpoint_output[0m[2m:[0m [2mcrates/sui-core/src/checkpoints/checkpoint_output.rs[0m[2m:[0m[2m196:[0m Certified checkpoint with sequence 229 and digest Fdt6PetQwKWKLUeUc8AsgnmZybFui7dHqbSfYoBtFrKt
[2m2025-03-25T07:55:04.058067Z[0m [32m INFO[0m [1mnode[0m[1m{[0m[3mname[0m[2m=[0mk#99f25ef6..[1m}[0m[2m:[0m [2mconsensus_core::core[0m[2m:[0m [2mconsensus/core/src/core.rs[0m[2m:[0m[2m630:[0m Committing 1 leaders: B24(C,2rUz)
[2m2025-03-25T07:55:04.058067Z[0m [32m INFO[0m [1mnode[0m[1m{[0m[3mname[0m[2m=[0mk#8dcff6d1..[1m}[0m[2m:[0m [2mconsensus_core::core[0m[2m:[0m [2mconsensus/core/src/core.rs[0m[2m:[0m[2m630:[0m Committing 1 leaders: B24(C,2rUz)
[2m2025-03-25T07:55:04.058167Z[0m [32m INFO[0m [1mnode[0m[1m{[0m[3mname[0m[2m=[0mk#8dcff6d1..[1m}[0m[2m:[0m [2mconsensus_core::commit_observer[0m[2m:[0m [2mconsensus/core/src/commit_observer.rs[0m[2m:[0m[2m173:[0m Consensus commit C17(o0ov) with leader B24(C,2rUz) has 3 blocks
[2m2025-03-25T07:55:04.058169Z[0m [32m INFO[0m [1mnode[0m[1m{[0m[3mname[0m[2m=[0mk#99f25ef6..[1m}[0m[2m:[0m [2mconsensus_core::commit_observer[0m[2m:[0m [2mconsensus/core/src/commit_observer.rs[0m[2m:[0m[2m173:[0m Consensus commit C17(o0ov) with leader B24(C,2rUz) has 3 blocks
[2m2025-03-25T07:55:04.058566Z[0m [32m INFO[0m [1mnode[0m[1m{[0m[3mname[0m[2m=[0mk#99f25ef6..[1m}[0m[2m:[0m [2msui_core::consensus_handler[0m[2m:[0m [2mcrates/sui-core/src/consensus_handler.rs[0m[2m:[0m[2m232:[0m Received consensus output [3mconsensus_commit[0m[2m=[0mCommittedSubDag(leader=B24(C,2rUz), ref=C17(o0ov), blocks=[wO7Y, RzpI, 2rUz]) [3mepoch[0m[2m=[0m1
[2m2025-03-25T07:55:04.058566Z[0m [32m INFO[0m [1mnode[0m[1m{[0m[3mname[0m[2m=[0mk#8dcff6d1..[1m}[0m[2m:[0m [2msui_core::consensus_handler[0m[2m:[0m [2mcrates/sui-core/src/consensus_handler.rs[0m[2m:[0m[2m232:[0m Received consensus output [3mconsensus_commit[0m[2m=[0mCommittedSubDag(leader=B24(C,2rUz), ref=C17(o0ov), blocks=[wO7Y, RzpI, 2rUz]) [3mepoch[0m[2m=[0m1
[2m2025-03-25T07:55:04.058995Z[0m [32m INFO[0m [1mnode[0m[1m{[0m[3mname[0m[2m=[0mk#99f25ef6..[1m}[0m[2m:[0m [2msui_core::checkpoints::checkpoint_executor[0m[2m:[0m [2mcrates/sui-core/src/checkpoints/checkpoint_executor/mod.rs[0m[2m:[0m[2m332:[0m Received checkpoint summary from state sync [3msequence_number[0m[2m=[0m229
[2m2025-03-25T07:55:04.058995Z[0m [32m INFO[0m [1mnode[0m[1m{[0m[3mname[0m[2m=[0mk#8dcff6d1..[1m}[0m[2m:[0m [2msui_core::checkpoints::checkpoint_executor[0m[2m:[0m [2mcrates/sui-core/src/checkpoints/checkpoint_executor/mod.rs[0m[2m:[0m[2m332:[0m Received checkpoint summary from state sync [3msequence_number[0m[2m=[0m229
[2m2025-03-25T07:55:04.060467Z[0m [32m INFO[0m [1mnode[0m[1m{[0m[3mname[0m[2m=[0mk#99f25ef6..[1m}[0m[2m:[0m [2msui_core::state_accumulator[0m[2m:[0m [2mcrates/sui-core/src/state_accumulator.rs[0m[2m:[0m[2m675:[0m accumulating running root for checkpoint 229
[2m2025-03-25T07:55:04.060467Z[0m [32m INFO[0m [1mnode[0m[1m{[0m[3mname[0m[2m=[0mk#8dcff6d1..[1m}[0m[2m:[0m [2msui_core::state_accumulator[0m[2m:[0m [2mcrates/sui-core/src/state_accumulator.rs[0m[2m:[0m[2m675:[0m accumulating running root for checkpoint 229
[2m2025-03-25T07:55:04.081578Z[0m [32m INFO[0m [1mnode[0m[1m{[0m[3mname[0m[2m=[0mk#addeef94..[1m}[0m[2m:[0m [2msui_core::checkpoints[0m[2m:[0m [2mcrates/sui-core/src/checkpoints/mod.rs[0m[2m:[0m[2m1326:[0m Creating checkpoint(s) for 2 transactions [3mnext_checkpoint_seq[0m[2m=[0m230 [3mcheckpoint_timestamp[0m[2m=[0m1742889303542
[2m2025-03-25T07:55:04.081879Z[0m [32m INFO[0m [1mnode[0m[1m{[0m[3mname[0m[2m=[0mk#addeef94..[1m}[0m[2m:[0m [2msui_core::checkpoints::checkpoint_output[0m[2m:[0m [2mcrates/sui-core/src/checkpoints/checkpoint_output.rs[0m[2m:[0m[2m149:[0m Creating checkpoint CheckpointDigest(GKY6quHii2q3en9oSAtv8DK7GCxZgzW1c5r7K7kg4iFJ) at epoch 1, sequence 230, previous digest Some(CheckpointDigest(Fdt6PetQwKWKLUeUc8AsgnmZybFui7dHqbSfYoBtFrKt)), transactions count 2, content digest CheckpointContentsDigest(GR7e4b2fP4ZAoQ7ongCw6QoazbEfB4R3Jj7h5HApgEaL), end_of_epoch_data None
[2m2025-03-25T07:55:04.084411Z[0m [32m INFO[0m [1mnode[0m[1m{[0m[3mname[0m[2m=[0mk#addeef94..[1m}[0m[2m:[0m [2msui_core::checkpoints::checkpoint_executor[0m[2m:[0m [2mcrates/sui-core/src/checkpoints/checkpoint_executor/mod.rs[0m[2m:[0m[2m332:[0m Received checkpoint summary from state sync [3msequence_number[0m[2m=[0m229
[2m2025-03-25T07:55:04.085191Z[0m [32m INFO[0m [1mnode[0m[1m{[0m[3mname[0m[2m=[0mk#addeef94..[1m}[0m[2m:[0m [2msui_core::state_accumulator[0m[2m:[0m [2mcrates/sui-core/src/state_accumulator.rs[0m[2m:[0m[2m675:[0m accumulating running root for checkpoint 229
[2m2025-03-25T07:55:04.085921Z[0m [32m INFO[0m [1mnode[0m[1m{[0m[3mname[0m[2m=[0mk#99f25ef6..[1m}[0m[2m:[0m [2msui_core::checkpoints[0m[2m:[0m [2mcrates/sui-core/src/checkpoints/mod.rs[0m[2m:[0m[2m1326:[0m Creating checkpoint(s) for 2 transactions [3mnext_checkpoint_seq[0m[2m=[0m230 [3mcheckpoint_timestamp[0m[2m=[0m1742889303542
[2m2025-03-25T07:55:04.085975Z[0m [32m INFO[0m [1mnode[0m[1m{[0m[3mname[0m[2m=[0mk#8dcff6d1..[1m}[0m[2m:[0m [2msui_core::checkpoints[0m[2m:[0m [2mcrates/sui-core/src/checkpoints/mod.rs[0m[2m:[0m[2m1326:[0m Creating checkpoint(s) for 2 transactions [3mnext_checkpoint_seq[0m[2m=[0m230 [3mcheckpoint_timestamp[0m[2m=[0m1742889303542
[2m2025-03-25T07:55:04.086180Z[0m [32m INFO[0m [1mnode[0m[1m{[0m[3mname[0m[2m=[0mk#99f25ef6..[1m}[0m[2m:[0m [2msui_core::checkpoints::checkpoint_output[0m[2m:[0m [2mcrates/sui-core/src/checkpoints/checkpoint_output.rs[0m[2m:[0m[2m149:[0m Creating checkpoint CheckpointDigest(GKY6quHii2q3en9oSAtv8DK7GCxZgzW1c5r7K7kg4iFJ) at epoch 1, sequence 230, previous digest Some(CheckpointDigest(Fdt6PetQwKWKLUeUc8AsgnmZybFui7dHqbSfYoBtFrKt)), transactions count 2, content digest CheckpointContentsDigest(GR7e4b2fP4ZAoQ7ongCw6QoazbEfB4R3Jj7h5HApgEaL), end_of_epoch_data None
[2m2025-03-25T07:55:04.086227Z[0m [32m INFO[0m [1mnode[0m[1m{[0m[3mname[0m[2m=[0mk#8dcff6d1..[1m}[0m[2m:[0m [2msui_core::checkpoints::checkpoint_output[0m[2m:[0m [2mcrates/sui-core/src/checkpoints/checkpoint_output.rs[0m[2m:[0m[2m149:[0m Creating checkpoint CheckpointDigest(GKY6quHii2q3en9oSAtv8DK7GCxZgzW1c5r7K7kg4iFJ) at epoch 1, sequence 230, previous digest Some(CheckpointDigest(Fdt6PetQwKWKLUeUc8AsgnmZybFui7dHqbSfYoBtFrKt)), transactions count 2, content digest CheckpointContentsDigest(GR7e4b2fP4ZAoQ7ongCw6QoazbEfB4R3Jj7h5HApgEaL), end_of_epoch_data None
[2m2025-03-25T07:55:04.307429Z[0m [32m INFO[0m [1mnode[0m[1m{[0m[3mname[0m[2m=[0mk#addeef94..[1m}[0m[2m:[0m [2mconsensus_core::core[0m[2m:[0m [2mconsensus/core/src/core.rs[0m[2m:[0m[2m945:[0m Included 3 ancestors & excluded 0 ancestors for proposal in round 27
[2m2025-03-25T07:55:04.307825Z[0m [32m INFO[0m [1mnode[0m[1m{[0m[3mname[0m[2m=[0mk#addeef94..[1m}[0m[2m:[0m [2mconsensus_core::core[0m[2m:[0m [2mconsensus/core/src/core.rs[0m[2m:[0m[2m531:[0m Created block B27(C,gWFHvx8h4z+b7ZD5N5lRB7H8IHpQDaJHPdWNUJeyAbs=)(1742889304307ms;[B26(C,RthLiVLZ/bParGBGp5XCNnqj1iLWqzPAeoSmYypUTDY=), B26(A,a4uAsW4hGbPGdqA44JB+nu+nNfDx3EkZZq0sp5jPkXM=), B26(B,0XRu5FuVSUHcZeBkclu1h6YDlv8/LsrhmRmnPtP1xWs=)];1t;1c) for round 27
[2m2025-03-25T07:55:04.309852Z[0m [32m INFO[0m [1mnode[0m[1m{[0m[3mname[0m[2m=[0mk#8dcff6d1..[1m}[0m[2m:[0m [2mconsensus_core::core[0m[2m:[0m [2mconsensus/core/src/core.rs[0m[2m:[0m[2m945:[0m Included 3 ancestors & excluded 0 ancestors for proposal in round 27
[2m2025-03-25T07:55:04.309852Z[0m [32m INFO[0m [1mnode[0m[1m{[0m[3mname[0m[2m=[0mk#99f25ef6..[1m}[0m[2m:[0m [2mconsensus_core::core[0m[2m:[0m [2mconsensus/core/src/core.rs[0m[2m:[0m[2m945:[0m Included 3 ancestors & excluded 0 ancestors for proposal in round 27
[2m2025-03-25T07:55:04.310149Z[0m [32m INFO[0m [1mnode[0m[1m{[0m[3mname[0m[2m=[0mk#99f25ef6..[1m}[0m[2m:[0m [2mconsensus_core::core[0m[2m:[0m [2mconsensus/core/src/core.rs[0m[2m:[0m[2m531:[0m Created block B27(B,fd+HqD3Z+Nc2rhLyJGw/2Sw0DaLhbB2ZVghNekAEOjI=)(1742889304309ms;[B26(B,0XRu5FuVSUHcZeBkclu1h6YDlv8/LsrhmRmnPtP1xWs=), B26(A,a4uAsW4hGbPGdqA44JB+nu+nNfDx3EkZZq0sp5jPkXM=), B26(C,RthLiVLZ/bParGBGp5XCNnqj1iLWqzPAeoSmYypUTDY=)];1t;1c) for round 27
[2m2025-03-25T07:55:04.310149Z[0m [32m INFO[0m [1mnode[0m[1m{[0m[3mname[0m[2m=[0mk#8dcff6d1..[1m}[0m[2m:[0m [2mconsensus_core::core[0m[2m:[0m [2mconsensus/core/src/core.rs[0m[2m:[0m[2m531:[0m Created block B27(A,UCJwKFtttCvkcWN6cY44P5/fcgTimohH1m846z+aQus=)(1742889304309ms;[B26(A,a4uAsW4hGbPGdqA44JB+nu+nNfDx3EkZZq0sp5jPkXM=), B26(B,0XRu5FuVSUHcZeBkclu1h6YDlv8/LsrhmRmnPtP1xWs=), B26(C,RthLiVLZ/bParGBGp5XCNnqj1iLWqzPAeoSmYypUTDY=)];1t;1c) for round 27
[2m2025-03-25T07:55:04.310222Z[0m [32m INFO[0m [1mnode[0m[1m{[0m[3mname[0m[2m=[0mk#8dcff6d1..[1m}[0m[2m:[0m [2mconsensus_core::core[0m[2m:[0m [2mconsensus/core/src/core.rs[0m[2m:[0m[2m630:[0m Committing 1 leaders: B25(C,CDmX)
[2m2025-03-25T07:55:04.310222Z[0m [32m INFO[0m [1mnode[0m[1m{[0m[3mname[0m[2m=[0mk#99f25ef6..[1m}[0m[2m:[0m [2mconsensus_core::core[0m[2m:[0m [2mconsensus/core/src/core.rs[0m[2m:[0m[2m630:[0m Committing 1 leaders: B25(C,CDmX)
[2m2025-03-25T07:55:04.310298Z[0m [32m INFO[0m [1mnode[0m[1m{[0m[3mname[0m[2m=[0mk#8dcff6d1..[1m}[0m[2m:[0m [2mconsensus_core::commit_observer[0m[2m:[0m [2mconsensus/core/src/commit_observer.rs[0m[2m:[0m[2m173:[0m Consensus commit C18(WTFK) with leader B25(C,CDmX) has 3 blocks
[2m2025-03-25T07:55:04.310302Z[0m [32m INFO[0m [1mnode[0m[1m{[0m[3mname[0m[2m=[0mk#99f25ef6..[1m}[0m[2m:[0m [2mconsensus_core::commit_observer[0m[2m:[0m [2mconsensus/core/src/commit_observer.rs[0m[2m:[0m[2m173:[0m Consensus commit C18(WTFK) with leader B25(C,CDmX) has 3 blocks
[2m2025-03-25T07:55:04.310391Z[0m [32m INFO[0m [1mnode[0m[1m{[0m[3mname[0m[2m=[0mk#8dcff6d1..[1m}[0m[2m:[0m [2msui_core::consensus_handler[0m[2m:[0m [2mcrates/sui-core/src/consensus_handler.rs[0m[2m:[0m[2m232:[0m Received consensus output [3mconsensus_commit[0m[2m=[0mCommittedSubDag(leader=B25(C,CDmX), ref=C18(WTFK), blocks=[I57j, k7un, CDmX]) [3mepoch[0m[2m=[0m1
[2m2025-03-25T07:55:04.310391Z[0m [32m INFO[0m [1mnode[0m[1m{[0m[3mname[0m[2m=[0mk#99f25ef6..[1m}[0m[2m:[0m [2msui_core::consensus_handler[0m[2m:[0m [2mcrates/sui-core/src/consensus_handler.rs[0m[2m:[0m[2m232:[0m Received consensus output [3mconsensus_commit[0m[2m=[0mCommittedSubDag(leader=B25(C,CDmX), ref=C18(WTFK), blocks=[I57j, k7un, CDmX]) [3mepoch[0m[2m=[0m1
[2m2025-03-25T07:55:04.312834Z[0m [32m INFO[0m [1mnode[0m[1m{[0m[3mname[0m[2m=[0mk#addeef94..[1m}[0m[2m:[0m [2mconsensus_core::core[0m[2m:[0m [2mconsensus/core/src/core.rs[0m[2m:[0m[2m630:[0m Committing 1 leaders: B25(C,CDmX)
[2m2025-03-25T07:55:04.312921Z[0m [32m INFO[0m [1mnode[0m[1m{[0m[3mname[0m[2m=[0mk#addeef94..[1m}[0m[2m:[0m [2mconsensus_core::commit_observer[0m[2m:[0m [2mconsensus/core/src/commit_observer.rs[0m[2m:[0m[2m173:[0m Consensus commit C18(WTFK) with leader B25(C,CDmX) has 3 blocks
[2m2025-03-25T07:55:04.312987Z[0m [32m INFO[0m [1mnode[0m[1m{[0m[3mname[0m[2m=[0mk#addeef94..[1m}[0m[2m:[0m [2msui_core::consensus_handler[0m[2m:[0m [2mcrates/sui-core/src/consensus_handler.rs[0m[2m:[0m[2m232:[0m Received consensus output [3mconsensus_commit[0m[2m=[0mCommittedSubDag(leader=B25(C,CDmX), ref=C18(WTFK), blocks=[I57j, k7un, CDmX]) [3mepoch[0m[2m=[0m1
[2m2025-03-25T07:55:04.356896Z[0m [32m INFO[0m [1mnode[0m[1m{[0m[3mname[0m[2m=[0mk#99f25ef6..[1m}[0m[2m:[0m [2msui_core::checkpoints[0m[2m:[0m [2mcrates/sui-core/src/checkpoints/mod.rs[0m[2m:[0m[2m1326:[0m Creating checkpoint(s) for 1 transactions [3mnext_checkpoint_seq[0m[2m=[0m231 [3mcheckpoint_timestamp[0m[2m=[0m1742889303796
[2m2025-03-25T07:55:04.356896Z[0m [32m INFO[0m [1mnode[0m[1m{[0m[3mname[0m[2m=[0mk#8dcff6d1..[1m}[0m[2m:[0m [2msui_core::checkpoints[0m[2m:[0m [2mcrates/sui-core/src/checkpoints/mod.rs[0m[2m:[0m[2m1326:[0m Creating checkpoint(s) for 1 transactions [3mnext_checkpoint_seq[0m[2m=[0m231 [3mcheckpoint_timestamp[0m[2m=[0m1742889303796
[2m2025-03-25T07:55:04.357142Z[0m [32m INFO[0m [1mnode[0m[1m{[0m[3mname[0m[2m=[0mk#8dcff6d1..[1m}[0m[2m:[0m [2msui_core::checkpoints::checkpoint_output[0m[2m:[0m [2mcrates/sui-core/src/checkpoints/checkpoint_output.rs[0m[2m:[0m[2m149:[0m Creating checkpoint CheckpointDigest(HrHq6oeSVRQoifkogpjrP3LFucVWAeTiNKnHRJKgFAFh) at epoch 1, sequence 231, previous digest Some(CheckpointDigest(GKY6quHii2q3en9oSAtv8DK7GCxZgzW1c5r7K7kg4iFJ)), transactions count 1, content digest CheckpointContentsDigest(71EaQXzyuf87Tr1ECacigy2pGE7xbQrwV5RmJdyHkfE1), end_of_epoch_data None
[2m2025-03-25T07:55:04.357142Z[0m [32m INFO[0m [1mnode[0m[1m{[0m[3mname[0m[2m=[0mk#99f25ef6..[1m}[0m[2m:[0m [2msui_core::checkpoints::checkpoint_output[0m[2m:[0m [2mcrates/sui-core/src/checkpoints/checkpoint_output.rs[0m[2m:[0m[2m149:[0m Creating checkpoint CheckpointDigest(HrHq6oeSVRQoifkogpjrP3LFucVWAeTiNKnHRJKgFAFh) at epoch 1, sequence 231, previous digest Some(CheckpointDigest(GKY6quHii2q3en9oSAtv8DK7GCxZgzW1c5r7K7kg4iFJ)), transactions count 1, content digest CheckpointContentsDigest(71EaQXzyuf87Tr1ECacigy2pGE7xbQrwV5RmJdyHkfE1), end_of_epoch_data None
[2m2025-03-25T07:55:04.357889Z[0m [32m INFO[0m [1mnode[0m[1m{[0m[3mname[0m[2m=[0mk#addeef94..[1m}[0m[2m:[0m [2msui_core::checkpoints[0m[2m:[0m [2mcrates/sui-core/src/checkpoints/mod.rs[0m[2m:[0m[2m1326:[0m Creating checkpoint(s) for 1 transactions [3mnext_checkpoint_seq[0m[2m=[0m231 [3mcheckpoint_timestamp[0m[2m=[0m1742889303796
[2m2025-03-25T07:55:04.358054Z[0m [32m INFO[0m [1mnode[0m[1m{[0m[3mname[0m[2m=[0mk#addeef94..[1m}[0m[2m:[0m [2msui_core::checkpoints::checkpoint_output[0m[2m:[0m [2mcrates/sui-core/src/checkpoints/checkpoint_output.rs[0m[2m:[0m[2m149:[0m Creating checkpoint CheckpointDigest(HrHq6oeSVRQoifkogpjrP3LFucVWAeTiNKnHRJKgFAFh) at epoch 1, sequence 231, previous digest Some(CheckpointDigest(GKY6quHii2q3en9oSAtv8DK7GCxZgzW1c5r7K7kg4iFJ)), transactions count 1, content digest CheckpointContentsDigest(71EaQXzyuf87Tr1ECacigy2pGE7xbQrwV5RmJdyHkfE1), end_of_epoch_data None
[2m2025-03-25T07:55:04.360337Z[0m [32m INFO[0m [1mnode[0m[1m{[0m[3mname[0m[2m=[0mk#8dcff6d1..[1m}[0m[2m:[0m [2msui_core::checkpoints::checkpoint_output[0m[2m:[0m [2mcrates/sui-core/src/checkpoints/checkpoint_output.rs[0m[2m:[0m[2m196:[0m Certified checkpoint with sequence 230 and digest GKY6quHii2q3en9oSAtv8DK7GCxZgzW1c5r7K7kg4iFJ
[2m2025-03-25T07:55:04.360343Z[0m [32m INFO[0m [1mnode[0m[1m{[0m[3mname[0m[2m=[0mk#99f25ef6..[1m}[0m[2m:[0m [2msui_core::checkpoints::checkpoint_output[0m[2m:[0m [2mcrates/sui-core/src/checkpoints/checkpoint_output.rs[0m[2m:[0m[2m196:[0m Certified checkpoint with sequence 230 and digest GKY6quHii2q3en9oSAtv8DK7GCxZgzW1c5r7K7kg4iFJ
[2m2025-03-25T07:55:04.363380Z[0m [32m INFO[0m [1mnode[0m[1m{[0m[3mname[0m[2m=[0mk#99f25ef6..[1m}[0m[2m:[0m [2msui_core::checkpoints::checkpoint_executor[0m[2m:[0m [2mcrates/sui-core/src/checkpoints/checkpoint_executor/mod.rs[0m[2m:[0m[2m332:[0m Received checkpoint summary from state sync [3msequence_number[0m[2m=[0m230
[2m2025-03-25T07:55:04.363380Z[0m [32m INFO[0m [1mnode[0m[1m{[0m[3mname[0m[2m=[0mk#8dcff6d1..[1m}[0m[2m:[0m [2msui_core::checkpoints::checkpoint_executor[0m[2m:[0m [2mcrates/sui-core/src/checkpoints/checkpoint_executor/mod.rs[0m[2m:[0m[2m332:[0m Received checkpoint summary from state sync [3msequence_number[0m[2m=[0m230
[2m2025-03-25T07:55:04.382718Z[0m [32m INFO[0m [1mnode[0m[1m{[0m[3mname[0m[2m=[0mk#8dcff6d1..[1m}[0m[2m:[0m [2msui_core::state_accumulator[0m[2m:[0m [2mcrates/sui-core/src/state_accumulator.rs[0m[2m:[0m[2m675:[0m accumulating running root for checkpoint 230
[2m2025-03-25T07:55:04.382767Z[0m [32m INFO[0m [1mnode[0m[1m{[0m[3mname[0m[2m=[0mk#99f25ef6..[1m}[0m[2m:[0m [2msui_core::state_accumulator[0m[2m:[0m [2mcrates/sui-core/src/state_accumulator.rs[0m[2m:[0m[2m675:[0m accumulating running root for checkpoint 230
[2m2025-03-25T07:55:04.427314Z[0m [32m INFO[0m [1mnode[0m[1m{[0m[3mname[0m[2m=[0mk#addeef94..[1m}[0m[2m:[0m [2msui_core::checkpoints::checkpoint_executor[0m[2m:[0m [2mcrates/sui-core/src/checkpoints/checkpoint_executor/mod.rs[0m[2m:[0m[2m332:[0m Received checkpoint summary from state sync [3msequence_number[0m[2m=[0m230
[2m2025-03-25T07:55:04.428584Z[0m [32m INFO[0m [1mnode[0m[1m{[0m[3mname[0m[2m=[0mk#addeef94..[1m}[0m[2m:[0m [2msui_core::state_accumulator[0m[2m:[0m [2mcrates/sui-core/src/state_accumulator.rs[0m[2m:[0m[2m675:[0m accumulating running root for checkpoint 230
[2m2025-03-25T07:55:04.561919Z[0m [32m INFO[0m [1mnode[0m[1m{[0m[3mname[0m[2m=[0mk#8dcff6d1..[1m}[0m[2m:[0m [2mconsensus_core::core[0m[2m:[0m [2mconsensus/core/src/core.rs[0m[2m:[0m[2m945:[0m Included 3 ancestors & excluded 0 ancestors for proposal in round 28
[2m2025-03-25T07:55:04.562266Z[0m [32m INFO[0m [1mnode[0m[1m{[0m[3mname[0m[2m=[0mk#8dcff6d1..[1m}[0m[2m:[0m [2mconsensus_core::core[0m[2m:[0m [2mconsensus/core/src/core.rs[0m[2m:[0m[2m531:[0m Created block B28(A,WVMXHYg4NIi3c6Vu+axmeYIw4G6p1WKr/NG/7cUFHy4=)(1742889304561ms;[B27(A,UCJwKFtttCvkcWN6cY44P5/fcgTimohH1m846z+aQus=), B27(B,fd+HqD3Z+Nc2rhLyJGw/2Sw0DaLhbB2ZVghNekAEOjI=), B27(C,gWFHvx8h4z+b7ZD5N5lRB7H8IHpQDaJHPdWNUJeyAbs=)];1t;1c) for round 28
[2m2025-03-25T07:55:04.563891Z[0m [32m INFO[0m [1mnode[0m[1m{[0m[3mname[0m[2m=[0mk#99f25ef6..[1m}[0m[2m:[0m [2mconsensus_core::core[0m[2m:[0m [2mconsensus/core/src/core.rs[0m[2m:[0m[2m945:[0m Included 3 ancestors & excluded 0 ancestors for proposal in round 28
[2m2025-03-25T07:55:04.564182Z[0m [32m INFO[0m [1mnode[0m[1m{[0m[3mname[0m[2m=[0mk#99f25ef6..[1m}[0m[2m:[0m [2mconsensus_core::core[0m[2m:[0m [2mconsensus/core/src/core.rs[0m[2m:[0m[2m531:[0m Created block B28(B,wsukgFp/vdkBH2L4oZo7FpjuSbAGuF0C0mKgniheCEc=)(1742889304563ms;[B27(B,fd+HqD3Z+Nc2rhLyJGw/2Sw0DaLhbB2ZVghNekAEOjI=), B27(A,UCJwKFtttCvkcWN6cY44P5/fcgTimohH1m846z+aQus=), B27(C,gWFHvx8h4z+b7ZD5N5lRB7H8IHpQDaJHPdWNUJeyAbs=)];1t;1c) for round 28
[2m2025-03-25T07:55:04.564214Z[0m [32m INFO[0m [1mnode[0m[1m{[0m[3mname[0m[2m=[0mk#addeef94..[1m}[0m[2m:[0m [2mconsensus_core::core[0m[2m:[0m [2mconsensus/core/src/core.rs[0m[2m:[0m[2m945:[0m Included 3 ancestors & excluded 0 ancestors for proposal in round 28
[2m2025-03-25T07:55:04.564502Z[0m [32m INFO[0m [1mnode[0m[1m{[0m[3mname[0m[2m=[0mk#addeef94..[1m}[0m[2m:[0m [2mconsensus_core::core[0m[2m:[0m [2mconsensus/core/src/core.rs[0m[2m:[0m[2m531:[0m Created block B28(C,N0kA0ASIfv9ZHJ3fSEJWjY0lnT/MazSsxMX+BO1FGhA=)(1742889304564ms;[B27(C,gWFHvx8h4z+b7ZD5N5lRB7H8IHpQDaJHPdWNUJeyAbs=), B27(A,UCJwKFtttCvkcWN6cY44P5/fcgTimohH1m846z+aQus=), B27(B,fd+HqD3Z+Nc2rhLyJGw/2Sw0DaLhbB2ZVghNekAEOjI=)];1t;1c) for round 28
[2m2025-03-25T07:55:04.564572Z[0m [32m INFO[0m [1mnode[0m[1m{[0m[3mname[0m[2m=[0mk#addeef94..[1m}[0m[2m:[0m [2mconsensus_core::core[0m[2m:[0m [2mconsensus/core/src/core.rs[0m[2m:[0m[2m630:[0m Committing 1 leaders: B26(C,RthL)
[2m2025-03-25T07:55:04.564641Z[0m [32m INFO[0m [1mnode[0m[1m{[0m[3mname[0m[2m=[0mk#addeef94..[1m}[0m[2m:[0m [2mconsensus_core::commit_observer[0m[2m:[0m [2mconsensus/core/src/commit_observer.rs[0m[2m:[0m[2m173:[0m Consensus commit C19(PAUF) with leader B26(C,RthL) has 3 blocks
[2m2025-03-25T07:55:04.564724Z[0m [32m INFO[0m [1mnode[0m[1m{[0m[3mname[0m[2m=[0mk#addeef94..[1m}[0m[2m:[0m [2msui_core::consensus_handler[0m[2m:[0m [2mcrates/sui-core/src/consensus_handler.rs[0m[2m:[0m[2m232:[0m Received consensus output [3mconsensus_commit[0m[2m=[0mCommittedSubDag(leader=B26(C,RthL), ref=C19(PAUF), blocks=[z8+z, U4m4, RthL]) [3mepoch[0m[2m=[0m1
[2m2025-03-25T07:55:04.567733Z[0m [32m INFO[0m [1mnode[0m[1m{[0m[3mname[0m[2m=[0mk#99f25ef6..[1m}[0m[2m:[0m [2msui_core::checkpoints::checkpoint_output[0m[2m:[0m [2mcrates/sui-core/src/checkpoints/checkpoint_output.rs[0m[2m:[0m[2m196:[0m Certified checkpoint with sequence 231 and digest HrHq6oeSVRQoifkogpjrP3LFucVWAeTiNKnHRJKgFAFh
[2m2025-03-25T07:55:04.567847Z[0m [32m INFO[0m [1mnode[0m[1m{[0m[3mname[0m[2m=[0mk#99f25ef6..[1m}[0m[2m:[0m [2mconsensus_core::core[0m[2m:[0m [2mconsensus/core/src/core.rs[0m[2m:[0m[2m630:[0m Committing 1 leaders: B26(C,RthL)
[2m2025-03-25T07:55:04.567953Z[0m [32m INFO[0m [1mnode[0m[1m{[0m[3mname[0m[2m=[0mk#99f25ef6..[1m}[0m[2m:[0m [2mconsensus_core::commit_observer[0m[2m:[0m [2mconsensus/core/src/commit_observer.rs[0m[2m:[0m[2m173:[0m Consensus commit C19(PAUF) with leader B26(C,RthL) has 3 blocks
[2m2025-03-25T07:55:04.568146Z[0m [32m INFO[0m [1mnode[0m[1m{[0m[3mname[0m[2m=[0mk#8dcff6d1..[1m}[0m[2m:[0m [2msui_core::checkpoints::checkpoint_output[0m[2m:[0m [2mcrates/sui-core/src/checkpoints/checkpoint_output.rs[0m[2m:[0m[2m196:[0m Certified checkpoint with sequence 231 and digest HrHq6oeSVRQoifkogpjrP3LFucVWAeTiNKnHRJKgFAFh
[2m2025-03-25T07:55:04.568239Z[0m [32m INFO[0m [1mnode[0m[1m{[0m[3mname[0m[2m=[0mk#8dcff6d1..[1m}[0m[2m:[0m [2mconsensus_core::core[0m[2m:[0m [2mconsensus/core/src/core.rs[0m[2m:[0m[2m630:[0m Committing 1 leaders: B26(C,RthL)
[2m2025-03-25T07:55:04.568333Z[0m [32m INFO[0m [1mnode[0m[1m{[0m[3mname[0m[2m=[0mk#8dcff6d1..[1m}[0m[2m:[0m [2mconsensus_core::commit_observer[0m[2m:[0m [2mconsensus/core/src/commit_observer.rs[0m[2m:[0m[2m173:[0m Consensus commit C19(PAUF) with leader B26(C,RthL) has 3 blocks
[2m2025-03-25T07:55:04.568357Z[0m [32m INFO[0m [1mnode[0m[1m{[0m[3mname[0m[2m=[0mk#99f25ef6..[1m}[0m[2m:[0m [2msui_core::consensus_handler[0m[2m:[0m [2mcrates/sui-core/src/consensus_handler.rs[0m[2m:[0m[2m232:[0m Received consensus output [3mconsensus_commit[0m[2m=[0mCommittedSubDag(leader=B26(C,RthL), ref=C19(PAUF), blocks=[z8+z, U4m4, RthL]) [3mepoch[0m[2m=[0m1
[2m2025-03-25T07:55:04.568688Z[0m [32m INFO[0m [1mnode[0m[1m{[0m[3mname[0m[2m=[0mk#8dcff6d1..[1m}[0m[2m:[0m [2msui_core::consensus_handler[0m[2m:[0m [2mcrates/sui-core/src/consensus_handler.rs[0m[2m:[0m[2m232:[0m Received consensus output [3mconsensus_commit[0m[2m=[0mCommittedSubDag(leader=B26(C,RthL), ref=C19(PAUF), blocks=[z8+z, U4m4, RthL]) [3mepoch[0m[2m=[0m1
[2m2025-03-25T07:55:04.568927Z[0m [32m INFO[0m [1mnode[0m[1m{[0m[3mname[0m[2m=[0mk#99f25ef6..[1m}[0m[2m:[0m [2msui_core::checkpoints::checkpoint_executor[0m[2m:[0m [2mcrates/sui-core/src/checkpoints/checkpoint_executor/mod.rs[0m[2m:[0m[2m332:[0m Received checkpoint summary from state sync [3msequence_number[0m[2m=[0m231
[2m2025-03-25T07:55:04.569187Z[0m [32m INFO[0m [1mnode[0m[1m{[0m[3mname[0m[2m=[0mk#8dcff6d1..[1m}[0m[2m:[0m [2msui_core::checkpoints::checkpoint_executor[0m[2m:[0m [2mcrates/sui-core/src/checkpoints/checkpoint_executor/mod.rs[0m[2m:[0m[2m332:[0m Received checkpoint summary from state sync [3msequence_number[0m[2m=[0m231
[2m2025-03-25T07:55:04.570410Z[0m [32m INFO[0m [1mnode[0m[1m{[0m[3mname[0m[2m=[0mk#99f25ef6..[1m}[0m[2m:[0m [2msui_core::state_accumulator[0m[2m:[0m [2mcrates/sui-core/src/state_accumulator.rs[0m[2m:[0m[2m675:[0m accumulating running root for checkpoint 231
[2m2025-03-25T07:55:04.570413Z[0m [32m INFO[0m [1mnode[0m[1m{[0m[3mname[0m[2m=[0mk#8dcff6d1..[1m}[0m[2m:[0m [2msui_core::state_accumulator[0m[2m:[0m [2mcrates/sui-core/src/state_accumulator.rs[0m[2m:[0m[2m675:[0m accumulating running root for checkpoint 231
[2m2025-03-25T07:55:04.591337Z[0m [32m INFO[0m [1mnode[0m[1m{[0m[3mname[0m[2m=[0mk#addeef94..[1m}[0m[2m:[0m [2msui_core::checkpoints[0m[2m:[0m [2mcrates/sui-core/src/checkpoints/mod.rs[0m[2m:[0m[2m1326:[0m Creating checkpoint(s) for 2 transactions [3mnext_checkpoint_seq[0m[2m=[0m232 [3mcheckpoint_timestamp[0m[2m=[0m1742889304054
[2m2025-03-25T07:55:04.591644Z[0m [32m INFO[0m [1mnode[0m[1m{[0m[3mname[0m[2m=[0mk#addeef94..[1m}[0m[2m:[0m [2msui_core::checkpoints::checkpoint_output[0m[2m:[0m [2mcrates/sui-core/src/checkpoints/checkpoint_output.rs[0m[2m:[0m[2m149:[0m Creating checkpoint CheckpointDigest(FRP5bHKLrX1ky9eDbYbVpGDpSztxQ59nJjpg8bN1SCf3) at epoch 1, sequence 232, previous digest Some(CheckpointDigest(HrHq6oeSVRQoifkogpjrP3LFucVWAeTiNKnHRJKgFAFh)), transactions count 2, content digest CheckpointContentsDigest(CNzUsNzKCyptpW69qQ9pwvXsSpndGMWXPxjZS9Yxd7ab), end_of_epoch_data None
[2m2025-03-25T07:55:04.595832Z[0m [32m INFO[0m [1mnode[0m[1m{[0m[3mname[0m[2m=[0mk#8dcff6d1..[1m}[0m[2m:[0m [2msui_core::checkpoints[0m[2m:[0m [2mcrates/sui-core/src/checkpoints/mod.rs[0m[2m:[0m[2m1326:[0m Creating checkpoint(s) for 2 transactions [3mnext_checkpoint_seq[0m[2m=[0m232 [3mcheckpoint_timestamp[0m[2m=[0m1742889304054
[2m2025-03-25T07:55:04.595841Z[0m [32m INFO[0m [1mnode[0m[1m{[0m[3mname[0m[2m=[0mk#addeef94..[1m}[0m[2m:[0m [2msui_core::checkpoints::checkpoint_executor[0m[2m:[0m [2mcrates/sui-core/src/checkpoints/checkpoint_executor/mod.rs[0m[2m:[0m[2m332:[0m Received checkpoint summary from state sync [3msequence_number[0m[2m=[0m231
[2m2025-03-25T07:55:04.595845Z[0m [32m INFO[0m [1mnode[0m[1m{[0m[3mname[0m[2m=[0mk#99f25ef6..[1m}[0m[2m:[0m [2msui_core::checkpoints[0m[2m:[0m [2mcrates/sui-core/src/checkpoints/mod.rs[0m[2m:[0m[2m1326:[0m Creating checkpoint(s) for 2 transactions [3mnext_checkpoint_seq[0m[2m=[0m232 [3mcheckpoint_timestamp[0m[2m=[0m1742889304054
[2m2025-03-25T07:55:04.596100Z[0m [32m INFO[0m [1mnode[0m[1m{[0m[3mname[0m[2m=[0mk#8dcff6d1..[1m}[0m[2m:[0m [2msui_core::checkpoints::checkpoint_output[0m[2m:[0m [2mcrates/sui-core/src/checkpoints/checkpoint_output.rs[0m[2m:[0m[2m149:[0m Creating checkpoint CheckpointDigest(FRP5bHKLrX1ky9eDbYbVpGDpSztxQ59nJjpg8bN1SCf3) at epoch 1, sequence 232, previous digest Some(CheckpointDigest(HrHq6oeSVRQoifkogpjrP3LFucVWAeTiNKnHRJKgFAFh)), transactions count 2, content digest CheckpointContentsDigest(CNzUsNzKCyptpW69qQ9pwvXsSpndGMWXPxjZS9Yxd7ab), end_of_epoch_data None
[2m2025-03-25T07:55:04.596102Z[0m [32m INFO[0m [1mnode[0m[1m{[0m[3mname[0m[2m=[0mk#99f25ef6..[1m}[0m[2m:[0m [2msui_core::checkpoints::checkpoint_output[0m[2m:[0m [2mcrates/sui-core/src/checkpoints/checkpoint_output.rs[0m[2m:[0m[2m149:[0m Creating checkpoint CheckpointDigest(FRP5bHKLrX1ky9eDbYbVpGDpSztxQ59nJjpg8bN1SCf3) at epoch 1, sequence 232, previous digest Some(CheckpointDigest(HrHq6oeSVRQoifkogpjrP3LFucVWAeTiNKnHRJKgFAFh)), transactions count 2, content digest CheckpointContentsDigest(CNzUsNzKCyptpW69qQ9pwvXsSpndGMWXPxjZS9Yxd7ab), end_of_epoch_data None
[2m2025-03-25T07:55:04.596697Z[0m [32m INFO[0m [1mnode[0m[1m{[0m[3mname[0m[2m=[0mk#addeef94..[1m}[0m[2m:[0m [2msui_core::state_accumulator[0m[2m:[0m [2mcrates/sui-core/src/state_accumulator.rs[0m[2m:[0m[2m675:[0m accumulating running root for checkpoint 231
[2m2025-03-25T07:55:04.817316Z[0m [32m INFO[0m [1mnode[0m[1m{[0m[3mname[0m[2m=[0mk#addeef94..[1m}[0m[2m:[0m [2mconsensus_core::core[0m[2m:[0m [2mconsensus/core/src/core.rs[0m[2m:[0m[2m945:[0m Included 3 ancestors & excluded 0 ancestors for proposal in round 29
[2m2025-03-25T07:55:04.817673Z[0m [32m INFO[0m [1mnode[0m[1m{[0m[3mname[0m[2m=[0mk#addeef94..[1m}[0m[2m:[0m [2mconsensus_core::core[0m[2m:[0m [2mconsensus/core/src/core.rs[0m[2m:[0m[2m531:[0m Created block B29(C,YDE2WN0dnrLT0QRmln6M9yKkl7ffXGHRlQd4lFNKZw0=)(1742889304817ms;[B28(C,N0kA0ASIfv9ZHJ3fSEJWjY0lnT/MazSsxMX+BO1FGhA=), B28(A,WVMXHYg4NIi3c6Vu+axmeYIw4G6p1WKr/NG/7cUFHy4=), B28(B,wsukgFp/vdkBH2L4oZo7FpjuSbAGuF0C0mKgniheCEc=)];1t;1c) for round 29
[2m2025-03-25T07:55:04.819538Z[0m [32m INFO[0m [1mnode[0m[1m{[0m[3mname[0m[2m=[0mk#8dcff6d1..[1m}[0m[2m:[0m [2mconsensus_core::core[0m[2m:[0m [2mconsensus/core/src/core.rs[0m[2m:[0m[2m945:[0m Included 3 ancestors & excluded 0 ancestors for proposal in round 29
[2m2025-03-25T07:55:04.819538Z[0m [32m INFO[0m [1mnode[0m[1m{[0m[3mname[0m[2m=[0mk#99f25ef6..[1m}[0m[2m:[0m [2mconsensus_core::core[0m[2m:[0m [2mconsensus/core/src/core.rs[0m[2m:[0m[2m945:[0m Included 3 ancestors & excluded 0 ancestors for proposal in round 29
[2m2025-03-25T07:55:04.819820Z[0m [32m INFO[0m [1mnode[0m[1m{[0m[3mname[0m[2m=[0mk#8dcff6d1..[1m}[0m[2m:[0m [2mconsensus_core::core[0m[2m:[0m [2mconsensus/core/src/core.rs[0m[2m:[0m[2m531:[0m Created block B29(A,bPptJvaPz6z+Uvz3hRsAzZW2pTN9UldcqhX7BiqLQlk=)(1742889304819ms;[B28(A,WVMXHYg4NIi3c6Vu+axmeYIw4G6p1WKr/NG/7cUFHy4=), B28(B,wsukgFp/vdkBH2L4oZo7FpjuSbAGuF0C0mKgniheCEc=), B28(C,N0kA0ASIfv9ZHJ3fSEJWjY0lnT/MazSsxMX+BO1FGhA=)];1t;1c) for round 29
[2m2025-03-25T07:55:04.819823Z[0m [32m INFO[0m [1mnode[0m[1m{[0m[3mname[0m[2m=[0mk#99f25ef6..[1m}[0m[2m:[0m [2mconsensus_core::core[0m[2m:[0m [2mconsensus/core/src/core.rs[0m[2m:[0m[2m531:[0m Created block B29(B,e4c4HMhLyRSwGBu67AXkF6wJLCU7EXaNgn3BAP/LR4k=)(1742889304819ms;[B28(B,wsukgFp/vdkBH2L4oZo7FpjuSbAGuF0C0mKgniheCEc=), B28(A,WVMXHYg4NIi3c6Vu+axmeYIw4G6p1WKr/NG/7cUFHy4=), B28(C,N0kA0ASIfv9ZHJ3fSEJWjY0lnT/MazSsxMX+BO1FGhA=)];1t;1c) for round 29
[2m2025-03-25T07:55:04.819887Z[0m [32m INFO[0m [1mnode[0m[1m{[0m[3mname[0m[2m=[0mk#8dcff6d1..[1m}[0m[2m:[0m [2mconsensus_core::core[0m[2m:[0m [2mconsensus/core/src/core.rs[0m[2m:[0m[2m630:[0m Committing 1 leaders: B27(A,UCJw)
[2m2025-03-25T07:55:04.819887Z[0m [32m INFO[0m [1mnode[0m[1m{[0m[3mname[0m[2m=[0mk#99f25ef6..[1m}[0m[2m:[0m [2mconsensus_core::core[0m[2m:[0m [2mconsensus/core/src/core.rs[0m[2m:[0m[2m630:[0m Committing 1 leaders: B27(A,UCJw)
[2m2025-03-25T07:55:04.819956Z[0m [32m INFO[0m [1mnode[0m[1m{[0m[3mname[0m[2m=[0mk#8dcff6d1..[1m}[0m[2m:[0m [2mconsensus_core::commit_observer[0m[2m:[0m [2mconsensus/core/src/commit_observer.rs[0m[2m:[0m[2m173:[0m Consensus commit C20(xhUW) with leader B27(A,UCJw) has 3 blocks
[2m2025-03-25T07:55:04.819956Z[0m [32m INFO[0m [1mnode[0m[1m{[0m[3mname[0m[2m=[0mk#99f25ef6..[1m}[0m[2m:[0m [2mconsensus_core::commit_observer[0m[2m:[0m [2mconsensus/core/src/commit_observer.rs[0m[2m:[0m[2m173:[0m Consensus commit C20(xhUW) with leader B27(A,UCJw) has 3 blocks
[2m2025-03-25T07:55:04.820039Z[0m [32m INFO[0m [1mnode[0m[1m{[0m[3mname[0m[2m=[0mk#8dcff6d1..[1m}[0m[2m:[0m [2msui_core::consensus_handler[0m[2m:[0m [2mcrates/sui-core/src/consensus_handler.rs[0m[2m:[0m[2m232:[0m Received consensus output [3mconsensus_commit[0m[2m=[0mCommittedSubDag(leader=B27(A,UCJw), ref=C20(xhUW), blocks=[a4uA, 0XRu, UCJw]) [3mepoch[0m[2m=[0m1
[2m2025-03-25T07:55:04.820039Z[0m [32m INFO[0m [1mnode[0m[1m{[0m[3mname[0m[2m=[0mk#99f25ef6..[1m}[0m[2m:[0m [2msui_core::consensus_handler[0m[2m:[0m [2mcrates/sui-core/src/consensus_handler.rs[0m[2m:[0m[2m232:[0m Received consensus output [3mconsensus_commit[0m[2m=[0mCommittedSubDag(leader=B27(A,UCJw), ref=C20(xhUW), blocks=[a4uA, 0XRu, UCJw]) [3mepoch[0m[2m=[0m1
[2m2025-03-25T07:55:04.823678Z[0m [32m INFO[0m [1mnode[0m[1m{[0m[3mname[0m[2m=[0mk#addeef94..[1m}[0m[2m:[0m [2mconsensus_core::core[0m[2m:[0m [2mconsensus/core/src/core.rs[0m[2m:[0m[2m630:[0m Committing 1 leaders: B27(A,UCJw)
[2m2025-03-25T07:55:04.823761Z[0m [32m INFO[0m [1mnode[0m[1m{[0m[3mname[0m[2m=[0mk#addeef94..[1m}[0m[2m:[0m [2mconsensus_core::commit_observer[0m[2m:[0m [2mconsensus/core/src/commit_observer.rs[0m[2m:[0m[2m173:[0m Consensus commit C20(xhUW) with leader B27(A,UCJw) has 3 blocks
[2m2025-03-25T07:55:04.823875Z[0m [32m INFO[0m [1mnode[0m[1m{[0m[3mname[0m[2m=[0mk#addeef94..[1m}[0m[2m:[0m [2msui_core::consensus_handler[0m[2m:[0m [2mcrates/sui-core/src/consensus_handler.rs[0m[2m:[0m[2m232:[0m Received consensus output [3mconsensus_commit[0m[2m=[0mCommittedSubDag(leader=B27(A,UCJw), ref=C20(xhUW), blocks=[a4uA, 0XRu, UCJw]) [3mepoch[0m[2m=[0m1
[2m2025-03-25T07:55:04.865462Z[0m [32m INFO[0m [1mnode[0m[1m{[0m[3mname[0m[2m=[0mk#8dcff6d1..[1m}[0m[2m:[0m [2msui_core::checkpoints[0m[2m:[0m [2mcrates/sui-core/src/checkpoints/mod.rs[0m[2m:[0m[2m1326:[0m Creating checkpoint(s) for 1 transactions [3mnext_checkpoint_seq[0m[2m=[0m233 [3mcheckpoint_timestamp[0m[2m=[0m1742889304309
[2m2025-03-25T07:55:04.865682Z[0m [32m INFO[0m [1mnode[0m[1m{[0m[3mname[0m[2m=[0mk#99f25ef6..[1m}[0m[2m:[0m [2msui_core::checkpoints[0m[2m:[0m [2mcrates/sui-core/src/checkpoints/mod.rs[0m[2m:[0m[2m1326:[0m Creating checkpoint(s) for 1 transactions [3mnext_checkpoint_seq[0m[2m=[0m233 [3mcheckpoint_timestamp[0m[2m=[0m1742889304309
[2m2025-03-25T07:55:04.865699Z[0m [32m INFO[0m [1mnode[0m[1m{[0m[3mname[0m[2m=[0mk#8dcff6d1..[1m}[0m[2m:[0m [2msui_core::checkpoints::checkpoint_output[0m[2m:[0m [2mcrates/sui-core/src/checkpoints/checkpoint_output.rs[0m[2m:[0m[2m149:[0m Creating checkpoint CheckpointDigest(FgBpyXFVhejUaFfinCaN8NsDuvvuMoUN19yHBY2Ymj2x) at epoch 1, sequence 233, previous digest Some(CheckpointDigest(FRP5bHKLrX1ky9eDbYbVpGDpSztxQ59nJjpg8bN1SCf3)), transactions count 1, content digest CheckpointContentsDigest(AfMoYwKhJJQU1gZPjJsxbYQnXx2pMshE4jRy9nNCJDpt), end_of_epoch_data None
[2m2025-03-25T07:55:04.865857Z[0m [32m INFO[0m [1mnode[0m[1m{[0m[3mname[0m[2m=[0mk#99f25ef6..[1m}[0m[2m:[0m [2msui_core::checkpoints::checkpoint_output[0m[2m:[0m [2mcrates/sui-core/src/checkpoints/checkpoint_output.rs[0m[2m:[0m[2m149:[0m Creating checkpoint CheckpointDigest(FgBpyXFVhejUaFfinCaN8NsDuvvuMoUN19yHBY2Ymj2x) at epoch 1, sequence 233, previous digest Some(CheckpointDigest(FRP5bHKLrX1ky9eDbYbVpGDpSztxQ59nJjpg8bN1SCf3)), transactions count 1, content digest CheckpointContentsDigest(AfMoYwKhJJQU1gZPjJsxbYQnXx2pMshE4jRy9nNCJDpt), end_of_epoch_data None
[2m2025-03-25T07:55:04.868052Z[0m [32m INFO[0m [1mnode[0m[1m{[0m[3mname[0m[2m=[0mk#addeef94..[1m}[0m[2m:[0m [2msui_core::checkpoints[0m[2m:[0m [2mcrates/sui-core/src/checkpoints/mod.rs[0m[2m:[0m[2m1326:[0m Creating checkpoint(s) for 1 transactions [3mnext_checkpoint_seq[0m[2m=[0m233 [3mcheckpoint_timestamp[0m[2m=[0m1742889304309
[2m2025-03-25T07:55:04.868225Z[0m [32m INFO[0m [1mnode[0m[1m{[0m[3mname[0m[2m=[0mk#addeef94..[1m}[0m[2m:[0m [2msui_core::checkpoints::checkpoint_output[0m[2m:[0m [2mcrates/sui-core/src/checkpoints/checkpoint_output.rs[0m[2m:[0m[2m149:[0m Creating checkpoint CheckpointDigest(FgBpyXFVhejUaFfinCaN8NsDuvvuMoUN19yHBY2Ymj2x) at epoch 1, sequence 233, previous digest Some(CheckpointDigest(FRP5bHKLrX1ky9eDbYbVpGDpSztxQ59nJjpg8bN1SCf3)), transactions count 1, content digest CheckpointContentsDigest(AfMoYwKhJJQU1gZPjJsxbYQnXx2pMshE4jRy9nNCJDpt), end_of_epoch_data None
[2m2025-03-25T07:55:04.868836Z[0m [32m INFO[0m [1mnode[0m[1m{[0m[3mname[0m[2m=[0mk#8dcff6d1..[1m}[0m[2m:[0m [2msui_core::checkpoints::checkpoint_output[0m[2m:[0m [2mcrates/sui-core/src/checkpoints/checkpoint_output.rs[0m[2m:[0m[2m196:[0m Certified checkpoint with sequence 232 and digest FRP5bHKLrX1ky9eDbYbVpGDpSztxQ59nJjpg8bN1SCf3
[2m2025-03-25T07:55:04.868841Z[0m [32m INFO[0m [1mnode[0m[1m{[0m[3mname[0m[2m=[0mk#99f25ef6..[1m}[0m[2m:[0m [2msui_core::checkpoints::checkpoint_output[0m[2m:[0m [2mcrates/sui-core/src/checkpoints/checkpoint_output.rs[0m[2m:[0m[2m196:[0m Certified checkpoint with sequence 232 and digest FRP5bHKLrX1ky9eDbYbVpGDpSztxQ59nJjpg8bN1SCf3
[2m2025-03-25T07:55:04.871797Z[0m [32m INFO[0m [1mnode[0m[1m{[0m[3mname[0m[2m=[0mk#8dcff6d1..[1m}[0m[2m:[0m [2msui_core::checkpoints::checkpoint_executor[0m[2m:[0m [2mcrates/sui-core/src/checkpoints/checkpoint_executor/mod.rs[0m[2m:[0m[2m332:[0m Received checkpoint summary from state sync [3msequence_number[0m[2m=[0m232
[2m2025-03-25T07:55:04.871797Z[0m [32m INFO[0m [1mnode[0m[1m{[0m[3mname[0m[2m=[0mk#99f25ef6..[1m}[0m[2m:[0m [2msui_core::checkpoints::checkpoint_executor[0m[2m:[0m [2mcrates/sui-core/src/checkpoints/checkpoint_executor/mod.rs[0m[2m:[0m[2m332:[0m Received checkpoint summary from state sync [3msequence_number[0m[2m=[0m232
[2m2025-03-25T07:55:04.890811Z[0m [32m INFO[0m [1mnode[0m[1m{[0m[3mname[0m[2m=[0mk#8dcff6d1..[1m}[0m[2m:[0m [2msui_core::state_accumulator[0m[2m:[0m [2mcrates/sui-core/src/state_accumulator.rs[0m[2m:[0m[2m675:[0m accumulating running root for checkpoint 232
[2m2025-03-25T07:55:04.890814Z[0m [32m INFO[0m [1mnode[0m[1m{[0m[3mname[0m[2m=[0mk#99f25ef6..[1m}[0m[2m:[0m [2msui_core::state_accumulator[0m[2m:[0m [2mcrates/sui-core/src/state_accumulator.rs[0m[2m:[0m[2m675:[0m accumulating running root for checkpoint 232
[2m2025-03-25T07:55:04.935854Z[0m [32m INFO[0m [1mnode[0m[1m{[0m[3mname[0m[2m=[0mk#addeef94..[1m}[0m[2m:[0m [2msui_core::checkpoints::checkpoint_executor[0m[2m:[0m [2mcrates/sui-core/src/checkpoints/checkpoint_executor/mod.rs[0m[2m:[0m[2m332:[0m Received checkpoint summary from state sync [3msequence_number[0m[2m=[0m232
[2m2025-03-25T07:55:04.937204Z[0m [32m INFO[0m [1mnode[0m[1m{[0m[3mname[0m[2m=[0mk#addeef94..[1m}[0m[2m:[0m [2msui_core::state_accumulator[0m[2m:[0m [2mcrates/sui-core/src/state_accumulator.rs[0m[2m:[0m[2m675:[0m accumulating running root for checkpoint 232
[2m2025-03-25T07:55:05.072014Z[0m [32m INFO[0m [1mnode[0m[1m{[0m[3mname[0m[2m=[0mk#99f25ef6..[1m}[0m[2m:[0m [2mconsensus_core::core[0m[2m:[0m [2mconsensus/core/src/core.rs[0m[2m:[0m[2m945:[0m Included 3 ancestors & excluded 0 ancestors for proposal in round 30
[2m2025-03-25T07:55:05.072014Z[0m [32m INFO[0m [1mnode[0m[1m{[0m[3mname[0m[2m=[0mk#8dcff6d1..[1m}[0m[2m:[0m [2mconsensus_core::core[0m[2m:[0m [2mconsensus/core/src/core.rs[0m[2m:[0m[2m945:[0m Included 3 ancestors & excluded 0 ancestors for proposal in round 30
[2m2025-03-25T07:55:05.072366Z[0m [32m INFO[0m [1mnode[0m[1m{[0m[3mname[0m[2m=[0mk#99f25ef6..[1m}[0m[2m:[0m [2mconsensus_core::core[0m[2m:[0m [2mconsensus/core/src/core.rs[0m[2m:[0m[2m531:[0m Created block B30(B,rCgnTRGz6MDq5KwfyopsQYH/dtx5sEzcaRR2eg4KVuk=)(1742889305072ms;[B29(B,e4c4HMhLyRSwGBu67AXkF6wJLCU7EXaNgn3BAP/LR4k=), B29(A,bPptJvaPz6z+Uvz3hRsAzZW2pTN9UldcqhX7BiqLQlk=), B29(C,YDE2WN0dnrLT0QRmln6M9yKkl7ffXGHRlQd4lFNKZw0=)];1t;1c) for round 30
[2m2025-03-25T07:55:05.072366Z[0m [32m INFO[0m [1mnode[0m[1m{[0m[3mname[0m[2m=[0mk#8dcff6d1..[1m}[0m[2m:[0m [2mconsensus_core::core[0m[2m:[0m [2mconsensus/core/src/core.rs[0m[2m:[0m[2m531:[0m Created block B30(A,X5ze6qdoHWhDLGImQuY+U9P2h/nUCrTSALK6kxz4U+0=)(1742889305072ms;[B29(A,bPptJvaPz6z+Uvz3hRsAzZW2pTN9UldcqhX7BiqLQlk=), B29(B,e4c4HMhLyRSwGBu67AXkF6wJLCU7EXaNgn3BAP/LR4k=), B29(C,YDE2WN0dnrLT0QRmln6M9yKkl7ffXGHRlQd4lFNKZw0=)];1t;1c) for round 30
[2m2025-03-25T07:55:05.075624Z[0m [32m INFO[0m [1mnode[0m[1m{[0m[3mname[0m[2m=[0mk#addeef94..[1m}[0m[2m:[0m [2mconsensus_core::core[0m[2m:[0m [2mconsensus/core/src/core.rs[0m[2m:[0m[2m945:[0m Included 3 ancestors & excluded 0 ancestors for proposal in round 30
[2m2025-03-25T07:55:05.075938Z[0m [32m INFO[0m [1mnode[0m[1m{[0m[3mname[0m[2m=[0mk#addeef94..[1m}[0m[2m:[0m [2mconsensus_core::core[0m[2m:[0m [2mconsensus/core/src/core.rs[0m[2m:[0m[2m531:[0m Created block B30(C,bP+5XPFcL7rFpyyab9pLxl3NBQNsuOOvmqBEu7hHcOc=)(1742889305075ms;[B29(C,YDE2WN0dnrLT0QRmln6M9yKkl7ffXGHRlQd4lFNKZw0=), B29(A,bPptJvaPz6z+Uvz3hRsAzZW2pTN9UldcqhX7BiqLQlk=), B29(B,e4c4HMhLyRSwGBu67AXkF6wJLCU7EXaNgn3BAP/LR4k=)];1t;1c) for round 30
[2m2025-03-25T07:55:05.076006Z[0m [32m INFO[0m [1mnode[0m[1m{[0m[3mname[0m[2m=[0mk#addeef94..[1m}[0m[2m:[0m [2mconsensus_core::core[0m[2m:[0m [2mconsensus/core/src/core.rs[0m[2m:[0m[2m630:[0m Committing 1 leaders: B28(C,N0kA)
[2m2025-03-25T07:55:05.076075Z[0m [32m INFO[0m [1mnode[0m[1m{[0m[3mname[0m[2m=[0mk#addeef94..[1m}[0m[2m:[0m [2mconsensus_core::commit_observer[0m[2m:[0m [2mconsensus/core/src/commit_observer.rs[0m[2m:[0m[2m173:[0m Consensus commit C21(91S1) with leader B28(C,N0kA) has 3 blocks
[2m2025-03-25T07:55:05.076157Z[0m [32m INFO[0m [1mnode[0m[1m{[0m[3mname[0m[2m=[0mk#addeef94..[1m}[0m[2m:[0m [2msui_core::consensus_handler[0m[2m:[0m [2mcrates/sui-core/src/consensus_handler.rs[0m[2m:[0m[2m232:[0m Received consensus output [3mconsensus_commit[0m[2m=[0mCommittedSubDag(leader=B28(C,N0kA), ref=C21(91S1), blocks=[fd+H, gWFH, N0kA]) [3mepoch[0m[2m=[0m1
[2m2025-03-25T07:55:05.079146Z[0m [32m INFO[0m [1mnode[0m[1m{[0m[3mname[0m[2m=[0mk#99f25ef6..[1m}[0m[2m:[0m [2msui_core::checkpoints::checkpoint_output[0m[2m:[0m [2mcrates/sui-core/src/checkpoints/checkpoint_output.rs[0m[2m:[0m[2m196:[0m Certified checkpoint with sequence 233 and digest FgBpyXFVhejUaFfinCaN8NsDuvvuMoUN19yHBY2Ymj2x
[2m2025-03-25T07:55:05.079149Z[0m [32m INFO[0m [1mnode[0m[1m{[0m[3mname[0m[2m=[0mk#8dcff6d1..[1m}[0m[2m:[0m [2msui_core::checkpoints::checkpoint_output[0m[2m:[0m [2mcrates/sui-core/src/checkpoints/checkpoint_output.rs[0m[2m:[0m[2m196:[0m Certified checkpoint with sequence 233 and digest FgBpyXFVhejUaFfinCaN8NsDuvvuMoUN19yHBY2Ymj2x
[2m2025-03-25T07:55:05.079254Z[0m [32m INFO[0m [1mnode[0m[1m{[0m[3mname[0m[2m=[0mk#99f25ef6..[1m}[0m[2m:[0m [2mconsensus_core::core[0m[2m:[0m [2mconsensus/core/src/core.rs[0m[2m:[0m[2m630:[0m Committing 1 leaders: B28(C,N0kA)
[2m2025-03-25T07:55:05.079254Z[0m [32m INFO[0m [1mnode[0m[1m{[0m[3mname[0m[2m=[0mk#8dcff6d1..[1m}[0m[2m:[0m [2mconsensus_core::core[0m[2m:[0m [2mconsensus/core/src/core.rs[0m[2m:[0m[2m630:[0m Committing 1 leaders: B28(C,N0kA)
[2m2025-03-25T07:55:05.079354Z[0m [32m INFO[0m [1mnode[0m[1m{[0m[3mname[0m[2m=[0mk#8dcff6d1..[1m}[0m[2m:[0m [2mconsensus_core::commit_observer[0m[2m:[0m [2mconsensus/core/src/commit_observer.rs[0m[2m:[0m[2m173:[0m Consensus commit C21(91S1) with leader B28(C,N0kA) has 3 blocks
[2m2025-03-25T07:55:05.079356Z[0m [32m INFO[0m [1mnode[0m[1m{[0m[3mname[0m[2m=[0mk#99f25ef6..[1m}[0m[2m:[0m [2mconsensus_core::commit_observer[0m[2m:[0m [2mconsensus/core/src/commit_observer.rs[0m[2m:[0m[2m173:[0m Consensus commit C21(91S1) with leader B28(C,N0kA) has 3 blocks
[2m2025-03-25T07:55:05.079749Z[0m [32m INFO[0m [1mnode[0m[1m{[0m[3mname[0m[2m=[0mk#99f25ef6..[1m}[0m[2m:[0m [2msui_core::consensus_handler[0m[2m:[0m [2mcrates/sui-core/src/consensus_handler.rs[0m[2m:[0m[2m232:[0m Received consensus output [3mconsensus_commit[0m[2m=[0mCommittedSubDag(leader=B28(C,N0kA), ref=C21(91S1), blocks=[fd+H, gWFH, N0kA]) [3mepoch[0m[2m=[0m1
[2m2025-03-25T07:55:05.079749Z[0m [32m INFO[0m [1mnode[0m[1m{[0m[3mname[0m[2m=[0mk#8dcff6d1..[1m}[0m[2m:[0m [2msui_core::consensus_handler[0m[2m:[0m [2mcrates/sui-core/src/consensus_handler.rs[0m[2m:[0m[2m232:[0m Received consensus output [3mconsensus_commit[0m[2m=[0mCommittedSubDag(leader=B28(C,N0kA), ref=C21(91S1), blocks=[fd+H, gWFH, N0kA]) [3mepoch[0m[2m=[0m1
[2m2025-03-25T07:55:05.080304Z[0m [32m INFO[0m [1mnode[0m[1m{[0m[3mname[0m[2m=[0mk#8dcff6d1..[1m}[0m[2m:[0m [2msui_core::checkpoints::checkpoint_executor[0m[2m:[0m [2mcrates/sui-core/src/checkpoints/checkpoint_executor/mod.rs[0m[2m:[0m[2m332:[0m Received checkpoint summary from state sync [3msequence_number[0m[2m=[0m233
[2m2025-03-25T07:55:05.080303Z[0m [32m INFO[0m [1mnode[0m[1m{[0m[3mname[0m[2m=[0mk#99f25ef6..[1m}[0m[2m:[0m [2msui_core::checkpoints::checkpoint_executor[0m[2m:[0m [2mcrates/sui-core/src/checkpoints/checkpoint_executor/mod.rs[0m[2m:[0m[2m332:[0m Received checkpoint summary from state sync [3msequence_number[0m[2m=[0m233
[2m2025-03-25T07:55:05.081743Z[0m [32m INFO[0m [1mnode[0m[1m{[0m[3mname[0m[2m=[0mk#8dcff6d1..[1m}[0m[2m:[0m [2msui_core::state_accumulator[0m[2m:[0m [2mcrates/sui-core/src/state_accumulator.rs[0m[2m:[0m[2m675:[0m accumulating running root for checkpoint 233
[2m2025-03-25T07:55:05.081743Z[0m [32m INFO[0m [1mnode[0m[1m{[0m[3mname[0m[2m=[0mk#99f25ef6..[1m}[0m[2m:[0m [2msui_core::state_accumulator[0m[2m:[0m [2mcrates/sui-core/src/state_accumulator.rs[0m[2m:[0m[2m675:[0m accumulating running root for checkpoint 233
[2m2025-03-25T07:55:05.102853Z[0m [32m INFO[0m [1mnode[0m[1m{[0m[3mname[0m[2m=[0mk#addeef94..[1m}[0m[2m:[0m [2msui_core::checkpoints[0m[2m:[0m [2mcrates/sui-core/src/checkpoints/mod.rs[0m[2m:[0m[2m1326:[0m Creating checkpoint(s) for 2 transactions [3mnext_checkpoint_seq[0m[2m=[0m234 [3mcheckpoint_timestamp[0m[2m=[0m1742889304564
[2m2025-03-25T07:55:05.103161Z[0m [32m INFO[0m [1mnode[0m[1m{[0m[3mname[0m[2m=[0mk#addeef94..[1m}[0m[2m:[0m [2msui_core::checkpoints::checkpoint_output[0m[2m:[0m [2mcrates/sui-core/src/checkpoints/checkpoint_output.rs[0m[2m:[0m[2m149:[0m Creating checkpoint CheckpointDigest(A3Czy6BLpVbCps6qqpSGLAX9tEVwFoR3tBG5FsMx9XJy) at epoch 1, sequence 234, previous digest Some(CheckpointDigest(FgBpyXFVhejUaFfinCaN8NsDuvvuMoUN19yHBY2Ymj2x)), transactions count 2, content digest CheckpointContentsDigest(6aaywq49Re23qRcm5s3j5E7oQFhovh9GeceMo9YqCEKk), end_of_epoch_data None
[2m2025-03-25T07:55:05.105810Z[0m [32m INFO[0m [1mnode[0m[1m{[0m[3mname[0m[2m=[0mk#addeef94..[1m}[0m[2m:[0m [2msui_core::checkpoints::checkpoint_executor[0m[2m:[0m [2mcrates/sui-core/src/checkpoints/checkpoint_executor/mod.rs[0m[2m:[0m[2m332:[0m Received checkpoint summary from state sync [3msequence_number[0m[2m=[0m233
[2m2025-03-25T07:55:05.106627Z[0m [32m INFO[0m [1mnode[0m[1m{[0m[3mname[0m[2m=[0mk#addeef94..[1m}[0m[2m:[0m [2msui_core::state_accumulator[0m[2m:[0m [2mcrates/sui-core/src/state_accumulator.rs[0m[2m:[0m[2m675:[0m accumulating running root for checkpoint 233
[2m2025-03-25T07:55:05.107178Z[0m [32m INFO[0m [1mnode[0m[1m{[0m[3mname[0m[2m=[0mk#99f25ef6..[1m}[0m[2m:[0m [2msui_core::checkpoints[0m[2m:[0m [2mcrates/sui-core/src/checkpoints/mod.rs[0m[2m:[0m[2m1326:[0m Creating checkpoint(s) for 2 transactions [3mnext_checkpoint_seq[0m[2m=[0m234 [3mcheckpoint_timestamp[0m[2m=[0m1742889304564
[2m2025-03-25T07:55:05.107209Z[0m [32m INFO[0m [1mnode[0m[1m{[0m[3mname[0m[2m=[0mk#8dcff6d1..[1m}[0m[2m:[0m [2msui_core::checkpoints[0m[2m:[0m [2mcrates/sui-core/src/checkpoints/mod.rs[0m[2m:[0m[2m1326:[0m Creating checkpoint(s) for 2 transactions [3mnext_checkpoint_seq[0m[2m=[0m234 [3mcheckpoint_timestamp[0m[2m=[0m1742889304564
[2m2025-03-25T07:55:05.107436Z[0m [32m INFO[0m [1mnode[0m[1m{[0m[3mname[0m[2m=[0mk#99f25ef6..[1m}[0m[2m:[0m [2msui_core::checkpoints::checkpoint_output[0m[2m:[0m [2mcrates/sui-core/src/checkpoints/checkpoint_output.rs[0m[2m:[0m[2m149:[0m Creating checkpoint CheckpointDigest(A3Czy6BLpVbCps6qqpSGLAX9tEVwFoR3tBG5FsMx9XJy) at epoch 1, sequence 234, previous digest Some(CheckpointDigest(FgBpyXFVhejUaFfinCaN8NsDuvvuMoUN19yHBY2Ymj2x)), transactions count 2, content digest CheckpointContentsDigest(6aaywq49Re23qRcm5s3j5E7oQFhovh9GeceMo9YqCEKk), end_of_epoch_data None
[2m2025-03-25T07:55:05.107459Z[0m [32m INFO[0m [1mnode[0m[1m{[0m[3mname[0m[2m=[0mk#8dcff6d1..[1m}[0m[2m:[0m [2msui_core::checkpoints::checkpoint_output[0m[2m:[0m [2mcrates/sui-core/src/checkpoints/checkpoint_output.rs[0m[2m:[0m[2m149:[0m Creating checkpoint CheckpointDigest(A3Czy6BLpVbCps6qqpSGLAX9tEVwFoR3tBG5FsMx9XJy) at epoch 1, sequence 234, previous digest Some(CheckpointDigest(FgBpyXFVhejUaFfinCaN8NsDuvvuMoUN19yHBY2Ymj2x)), transactions count 2, content digest CheckpointContentsDigest(6aaywq49Re23qRcm5s3j5E7oQFhovh9GeceMo9YqCEKk), end_of_epoch_data None
[2m2025-03-25T07:55:05.163108Z[0m [33m WARN[0m [2mtest_cluster[0m[2m:[0m [2mcrates/test-cluster/src/lib.rs[0m[2m:[0m[2m453:[0m Waiting for 5 seconds to reach epoch 1. Currently at epoch 0 [3mvalidator[0m[2m=[0mk#b3f3cbb4..
[2m2025-03-25T07:55:05.303514Z[0m [32m INFO[0m [1mnode[0m[1m{[0m[3mname[0m[2m=[0mk#8dcff6d1..[1m}[0m[2m:[0m [2mconsensus_core::commit_syncer[0m[2m:[0m [2mconsensus/core/src/commit_syncer.rs[0m[2m:[0m[2m196:[0m Checking to schedule fetches: synced_commit_index=21, highest_handled_index=21, highest_scheduled_index=0, quorum_commit_index=20, unhandled_commits_threshold=3200
[2m2025-03-25T07:55:05.327381Z[0m [32m INFO[0m [1mnode[0m[1m{[0m[3mname[0m[2m=[0mk#addeef94..[1m}[0m[2m:[0m [2mconsensus_core::commit_syncer[0m[2m:[0m [2mconsensus/core/src/commit_syncer.rs[0m[2m:[0m[2m196:[0m Checking to schedule fetches: synced_commit_index=21, highest_handled_index=21, highest_scheduled_index=0, quorum_commit_index=0, unhandled_commits_threshold=3200
[2m2025-03-25T07:55:05.328574Z[0m [32m INFO[0m [1mnode[0m[1m{[0m[3mname[0m[2m=[0mk#addeef94..[1m}[0m[2m:[0m [2mconsensus_core::core[0m[2m:[0m [2mconsensus/core/src/core.rs[0m[2m:[0m[2m945:[0m Included 3 ancestors & excluded 0 ancestors for proposal in round 31
[2m2025-03-25T07:55:05.328919Z[0m [32m INFO[0m [1mnode[0m[1m{[0m[3mname[0m[2m=[0mk#addeef94..[1m}[0m[2m:[0m [2mconsensus_core::core[0m[2m:[0m [2mconsensus/core/src/core.rs[0m[2m:[0m[2m531:[0m Created block B31(C,V1o8QG6GBe1mlJQ4rK1/iUHQ8dArIhFWnTN99OBL0JI=)(1742889305328ms;[B30(C,bP+5XPFcL7rFpyyab9pLxl3NBQNsuOOvmqBEu7hHcOc=), B30(A,X5ze6qdoHWhDLGImQuY+U9P2h/nUCrTSALK6kxz4U+0=), B30(B,rCgnTRGz6MDq5KwfyopsQYH/dtx5sEzcaRR2eg4KVuk=)];1t;1c) for round 31
[2m2025-03-25T07:55:05.330779Z[0m [32m INFO[0m [1mnode[0m[1m{[0m[3mname[0m[2m=[0mk#99f25ef6..[1m}[0m[2m:[0m [2mconsensus_core::commit_syncer[0m[2m:[0m [2mconsensus/core/src/commit_syncer.rs[0m[2m:[0m[2m196:[0m Checking to schedule fetches: synced_commit_index=21, highest_handled_index=21, highest_scheduled_index=0, quorum_commit_index=20, unhandled_commits_threshold=3200
[2m2025-03-25T07:55:05.330798Z[0m [32m INFO[0m [1mnode[0m[1m{[0m[3mname[0m[2m=[0mk#8dcff6d1..[1m}[0m[2m:[0m [2mconsensus_core::core[0m[2m:[0m [2mconsensus/core/src/core.rs[0m[2m:[0m[2m945:[0m Included 3 ancestors & excluded 0 ancestors for proposal in round 31
[2m2025-03-25T07:55:05.330811Z[0m [32m INFO[0m [1mnode[0m[1m{[0m[3mname[0m[2m=[0mk#99f25ef6..[1m}[0m[2m:[0m [2mconsensus_core::core[0m[2m:[0m [2mconsensus/core/src/core.rs[0m[2m:[0m[2m945:[0m Included 3 ancestors & excluded 0 ancestors for proposal in round 31
[2m2025-03-25T07:55:05.331075Z[0m [32m INFO[0m [1mnode[0m[1m{[0m[3mname[0m[2m=[0mk#8dcff6d1..[1m}[0m[2m:[0m [2mconsensus_core::core[0m[2m:[0m [2mconsensus/core/src/core.rs[0m[2m:[0m[2m531:[0m Created block B31(A,+pO1aJvOfnSZfVvUFvSqTxWgAOH6+HFPwWqFlOzGQaY=)(1742889305330ms;[B30(A,X5ze6qdoHWhDLGImQuY+U9P2h/nUCrTSALK6kxz4U+0=), B30(B,rCgnTRGz6MDq5KwfyopsQYH/dtx5sEzcaRR2eg4KVuk=), B30(C,bP+5XPFcL7rFpyyab9pLxl3NBQNsuOOvmqBEu7hHcOc=)];1t;1c) for round 31
[2m2025-03-25T07:55:05.331088Z[0m [32m INFO[0m [1mnode[0m[1m{[0m[3mname[0m[2m=[0mk#99f25ef6..[1m}[0m[2m:[0m [2mconsensus_core::core[0m[2m:[0m [2mconsensus/core/src/core.rs[0m[2m:[0m[2m531:[0m Created block B31(B,cJIdNlQqmOmPBuhIoCXgPkfwqsfrPYrTgP8hfITYEhE=)(1742889305330ms;[B30(B,rCgnTRGz6MDq5KwfyopsQYH/dtx5sEzcaRR2eg4KVuk=), B30(A,X5ze6qdoHWhDLGImQuY+U9P2h/nUCrTSALK6kxz4U+0=), B30(C,bP+5XPFcL7rFpyyab9pLxl3NBQNsuOOvmqBEu7hHcOc=)];1t;1c) for round 31
[2m2025-03-25T07:55:05.331141Z[0m [32m INFO[0m [1mnode[0m[1m{[0m[3mname[0m[2m=[0mk#8dcff6d1..[1m}[0m[2m:[0m [2mconsensus_core::core[0m[2m:[0m [2mconsensus/core/src/core.rs[0m[2m:[0m[2m630:[0m Committing 1 leaders: B29(A,bPpt)
[2m2025-03-25T07:55:05.331148Z[0m [32m INFO[0m [1mnode[0m[1m{[0m[3mname[0m[2m=[0mk#99f25ef6..[1m}[0m[2m:[0m [2mconsensus_core::core[0m[2m:[0m [2mconsensus/core/src/core.rs[0m[2m:[0m[2m630:[0m Committing 1 leaders: B29(A,bPpt)
[2m2025-03-25T07:55:05.331211Z[0m [32m INFO[0m [1mnode[0m[1m{[0m[3mname[0m[2m=[0mk#8dcff6d1..[1m}[0m[2m:[0m [2mconsensus_core::commit_observer[0m[2m:[0m [2mconsensus/core/src/commit_observer.rs[0m[2m:[0m[2m173:[0m Consensus commit C22(du2Z) with leader B29(A,bPpt) has 3 blocks
[2m2025-03-25T07:55:05.331212Z[0m [32m INFO[0m [1mnode[0m[1m{[0m[3mname[0m[2m=[0mk#99f25ef6..[1m}[0m[2m:[0m [2mconsensus_core::commit_observer[0m[2m:[0m [2mconsensus/core/src/commit_observer.rs[0m[2m:[0m[2m173:[0m Consensus commit C22(du2Z) with leader B29(A,bPpt) has 3 blocks
[2m2025-03-25T07:55:05.331295Z[0m [32m INFO[0m [1mnode[0m[1m{[0m[3mname[0m[2m=[0mk#8dcff6d1..[1m}[0m[2m:[0m [2msui_core::consensus_handler[0m[2m:[0m [2mcrates/sui-core/src/consensus_handler.rs[0m[2m:[0m[2m232:[0m Received consensus output [3mconsensus_commit[0m[2m=[0mCommittedSubDag(leader=B29(A,bPpt), ref=C22(du2Z), blocks=[WVMX, wsuk, bPpt]) [3mepoch[0m[2m=[0m1
[2m2025-03-25T07:55:05.331295Z[0m [32m INFO[0m [1mnode[0m[1m{[0m[3mname[0m[2m=[0mk#99f25ef6..[1m}[0m[2m:[0m [2msui_core::consensus_handler[0m[2m:[0m [2mcrates/sui-core/src/consensus_handler.rs[0m[2m:[0m[2m232:[0m Received consensus output [3mconsensus_commit[0m[2m=[0mCommittedSubDag(leader=B29(A,bPpt), ref=C22(du2Z), blocks=[WVMX, wsuk, bPpt]) [3mepoch[0m[2m=[0m1
[2m2025-03-25T07:55:05.334981Z[0m [32m INFO[0m [1mnode[0m[1m{[0m[3mname[0m[2m=[0mk#addeef94..[1m}[0m[2m:[0m [2mconsensus_core::core[0m[2m:[0m [2mconsensus/core/src/core.rs[0m[2m:[0m[2m630:[0m Committing 1 leaders: B29(A,bPpt)
[2m2025-03-25T07:55:05.335072Z[0m [32m INFO[0m [1mnode[0m[1m{[0m[3mname[0m[2m=[0mk#addeef94..[1m}[0m[2m:[0m [2mconsensus_core::commit_observer[0m[2m:[0m [2mconsensus/core/src/commit_observer.rs[0m[2m:[0m[2m173:[0m Consensus commit C22(du2Z) with leader B29(A,bPpt) has 3 blocks
[2m2025-03-25T07:55:05.335194Z[0m [32m INFO[0m [1mnode[0m[1m{[0m[3mname[0m[2m=[0mk#addeef94..[1m}[0m[2m:[0m [2msui_core::consensus_handler[0m[2m:[0m [2mcrates/sui-core/src/consensus_handler.rs[0m[2m:[0m[2m232:[0m Received consensus output [3mconsensus_commit[0m[2m=[0mCommittedSubDag(leader=B29(A,bPpt), ref=C22(du2Z), blocks=[WVMX, wsuk, bPpt]) [3mepoch[0m[2m=[0m1
[2m2025-03-25T07:55:05.379632Z[0m [32m INFO[0m [1mnode[0m[1m{[0m[3mname[0m[2m=[0mk#99f25ef6..[1m}[0m[2m:[0m [2msui_core::checkpoints[0m[2m:[0m [2mcrates/sui-core/src/checkpoints/mod.rs[0m[2m:[0m[2m1326:[0m Creating checkpoint(s) for 1 transactions [3mnext_checkpoint_seq[0m[2m=[0m235 [3mcheckpoint_timestamp[0m[2m=[0m1742889304819
[2m2025-03-25T07:55:05.379632Z[0m [32m INFO[0m [1mnode[0m[1m{[0m[3mname[0m[2m=[0mk#8dcff6d1..[1m}[0m[2m:[0m [2msui_core::checkpoints[0m[2m:[0m [2mcrates/sui-core/src/checkpoints/mod.rs[0m[2m:[0m[2m1326:[0m Creating checkpoint(s) for 1 transactions [3mnext_checkpoint_seq[0m[2m=[0m235 [3mcheckpoint_timestamp[0m[2m=[0m1742889304819
[2m2025-03-25T07:55:05.379872Z[0m [32m INFO[0m [1mnode[0m[1m{[0m[3mname[0m[2m=[0mk#8dcff6d1..[1m}[0m[2m:[0m [2msui_core::checkpoints::checkpoint_output[0m[2m:[0m [2mcrates/sui-core/src/checkpoints/checkpoint_output.rs[0m[2m:[0m[2m149:[0m Creating checkpoint CheckpointDigest(HwaxzXyAULC2byCu2qFdGCCcqcc2hPuJsrJJB9v2uis3) at epoch 1, sequence 235, previous digest Some(CheckpointDigest(A3Czy6BLpVbCps6qqpSGLAX9tEVwFoR3tBG5FsMx9XJy)), transactions count 1, content digest CheckpointContentsDigest(HBrFWvgnnPbWAUckBeB59aR6odfutGB3Ez1jDuFc7q8b), end_of_epoch_data None
[2m2025-03-25T07:55:05.379872Z[0m [32m INFO[0m [1mnode[0m[1m{[0m[3mname[0m[2m=[0mk#99f25ef6..[1m}[0m[2m:[0m [2msui_core::checkpoints::checkpoint_output[0m[2m:[0m [2mcrates/sui-core/src/checkpoints/checkpoint_output.rs[0m[2m:[0m[2m149:[0m Creating checkpoint CheckpointDigest(HwaxzXyAULC2byCu2qFdGCCcqcc2hPuJsrJJB9v2uis3) at epoch 1, sequence 235, previous digest Some(CheckpointDigest(A3Czy6BLpVbCps6qqpSGLAX9tEVwFoR3tBG5FsMx9XJy)), transactions count 1, content digest CheckpointContentsDigest(HBrFWvgnnPbWAUckBeB59aR6odfutGB3Ez1jDuFc7q8b), end_of_epoch_data None
[2m2025-03-25T07:55:05.380661Z[0m [32m INFO[0m [1mnode[0m[1m{[0m[3mname[0m[2m=[0mk#addeef94..[1m}[0m[2m:[0m [2msui_core::checkpoints[0m[2m:[0m [2mcrates/sui-core/src/checkpoints/mod.rs[0m[2m:[0m[2m1326:[0m Creating checkpoint(s) for 1 transactions [3mnext_checkpoint_seq[0m[2m=[0m235 [3mcheckpoint_timestamp[0m[2m=[0m1742889304819
[2m2025-03-25T07:55:05.380833Z[0m [32m INFO[0m [1mnode[0m[1m{[0m[3mname[0m[2m=[0mk#addeef94..[1m}[0m[2m:[0m [2msui_core::checkpoints::checkpoint_output[0m[2m:[0m [2mcrates/sui-core/src/checkpoints/checkpoint_output.rs[0m[2m:[0m[2m149:[0m Creating checkpoint CheckpointDigest(HwaxzXyAULC2byCu2qFdGCCcqcc2hPuJsrJJB9v2uis3) at epoch 1, sequence 235, previous digest Some(CheckpointDigest(A3Czy6BLpVbCps6qqpSGLAX9tEVwFoR3tBG5FsMx9XJy)), transactions count 1, content digest CheckpointContentsDigest(HBrFWvgnnPbWAUckBeB59aR6odfutGB3Ez1jDuFc7q8b), end_of_epoch_data None
[2m2025-03-25T07:55:05.383023Z[0m [32m INFO[0m [1mnode[0m[1m{[0m[3mname[0m[2m=[0mk#8dcff6d1..[1m}[0m[2m:[0m [2msui_core::checkpoints::checkpoint_output[0m[2m:[0m [2mcrates/sui-core/src/checkpoints/checkpoint_output.rs[0m[2m:[0m[2m196:[0m Certified checkpoint with sequence 234 and digest A3Czy6BLpVbCps6qqpSGLAX9tEVwFoR3tBG5FsMx9XJy
[2m2025-03-25T07:55:05.383065Z[0m [32m INFO[0m [1mnode[0m[1m{[0m[3mname[0m[2m=[0mk#99f25ef6..[1m}[0m[2m:[0m [2msui_core::checkpoints::checkpoint_output[0m[2m:[0m [2mcrates/sui-core/src/checkpoints/checkpoint_output.rs[0m[2m:[0m[2m196:[0m Certified checkpoint with sequence 234 and digest A3Czy6BLpVbCps6qqpSGLAX9tEVwFoR3tBG5FsMx9XJy
[2m2025-03-25T07:55:05.386122Z[0m [32m INFO[0m [1mnode[0m[1m{[0m[3mname[0m[2m=[0mk#8dcff6d1..[1m}[0m[2m:[0m [2msui_core::checkpoints::checkpoint_executor[0m[2m:[0m [2mcrates/sui-core/src/checkpoints/checkpoint_executor/mod.rs[0m[2m:[0m[2m332:[0m Received checkpoint summary from state sync [3msequence_number[0m[2m=[0m234
[2m2025-03-25T07:55:05.386169Z[0m [32m INFO[0m [1mnode[0m[1m{[0m[3mname[0m[2m=[0mk#99f25ef6..[1m}[0m[2m:[0m [2msui_core::checkpoints::checkpoint_executor[0m[2m:[0m [2mcrates/sui-core/src/checkpoints/checkpoint_executor/mod.rs[0m[2m:[0m[2m332:[0m Received checkpoint summary from state sync [3msequence_number[0m[2m=[0m234
[2m2025-03-25T07:55:05.404797Z[0m [32m INFO[0m [1mnode[0m[1m{[0m[3mname[0m[2m=[0mk#8dcff6d1..[1m}[0m[2m:[0m [2msui_core::state_accumulator[0m[2m:[0m [2mcrates/sui-core/src/state_accumulator.rs[0m[2m:[0m[2m675:[0m accumulating running root for checkpoint 234
[2m2025-03-25T07:55:05.404847Z[0m [32m INFO[0m [1mnode[0m[1m{[0m[3mname[0m[2m=[0mk#99f25ef6..[1m}[0m[2m:[0m [2msui_core::state_accumulator[0m[2m:[0m [2mcrates/sui-core/src/state_accumulator.rs[0m[2m:[0m[2m675:[0m accumulating running root for checkpoint 234
[2m2025-03-25T07:55:05.447603Z[0m [32m INFO[0m [1mnode[0m[1m{[0m[3mname[0m[2m=[0mk#addeef94..[1m}[0m[2m:[0m [2msui_core::checkpoints::checkpoint_executor[0m[2m:[0m [2mcrates/sui-core/src/checkpoints/checkpoint_executor/mod.rs[0m[2m:[0m[2m332:[0m Received checkpoint summary from state sync [3msequence_number[0m[2m=[0m234
[2m2025-03-25T07:55:05.448877Z[0m [32m INFO[0m [1mnode[0m[1m{[0m[3mname[0m[2m=[0mk#addeef94..[1m}[0m[2m:[0m [2msui_core::state_accumulator[0m[2m:[0m [2mcrates/sui-core/src/state_accumulator.rs[0m[2m:[0m[2m675:[0m accumulating running root for checkpoint 234
[2m2025-03-25T07:55:05.583245Z[0m [32m INFO[0m [1mnode[0m[1m{[0m[3mname[0m[2m=[0mk#8dcff6d1..[1m}[0m[2m:[0m [2mconsensus_core::core[0m[2m:[0m [2mconsensus/core/src/core.rs[0m[2m:[0m[2m945:[0m Included 3 ancestors & excluded 0 ancestors for proposal in round 32
[2m2025-03-25T07:55:05.583595Z[0m [32m INFO[0m [1mnode[0m[1m{[0m[3mname[0m[2m=[0mk#8dcff6d1..[1m}[0m[2m:[0m [2mconsensus_core::core[0m[2m:[0m [2mconsensus/core/src/core.rs[0m[2m:[0m[2m531:[0m Created block B32(A,hP/esfFHDQicRrx/NWsdt3/Zj+uhoSHqK7tJ+rpyAXU=)(1742889305583ms;[B31(A,+pO1aJvOfnSZfVvUFvSqTxWgAOH6+HFPwWqFlOzGQaY=), B31(B,cJIdNlQqmOmPBuhIoCXgPkfwqsfrPYrTgP8hfITYEhE=), B31(C,V1o8QG6GBe1mlJQ4rK1/iUHQ8dArIhFWnTN99OBL0JI=)];1t;1c) for round 32
[2m2025-03-25T07:55:05.585216Z[0m [32m INFO[0m [1mnode[0m[1m{[0m[3mname[0m[2m=[0mk#99f25ef6..[1m}[0m[2m:[0m [2mconsensus_core::core[0m[2m:[0m [2mconsensus/core/src/core.rs[0m[2m:[0m[2m945:[0m Included 3 ancestors & excluded 0 ancestors for proposal in round 32
[2m2025-03-25T07:55:05.585503Z[0m [32m INFO[0m [1mnode[0m[1m{[0m[3mname[0m[2m=[0mk#99f25ef6..[1m}[0m[2m:[0m [2mconsensus_core::core[0m[2m:[0m [2mconsensus/core/src/core.rs[0m[2m:[0m[2m531:[0m Created block B32(B,Lg9IGQFX2mvhoHTSDzpKadhOmV7w6oSAGzzoVp20WSk=)(1742889305585ms;[B31(B,cJIdNlQqmOmPBuhIoCXgPkfwqsfrPYrTgP8hfITYEhE=), B31(A,+pO1aJvOfnSZfVvUFvSqTxWgAOH6+HFPwWqFlOzGQaY=), B31(C,V1o8QG6GBe1mlJQ4rK1/iUHQ8dArIhFWnTN99OBL0JI=)];1t;1c) for round 32
[2m2025-03-25T07:55:05.587059Z[0m [32m INFO[0m [1mnode[0m[1m{[0m[3mname[0m[2m=[0mk#addeef94..[1m}[0m[2m:[0m [2mconsensus_core::core[0m[2m:[0m [2mconsensus/core/src/core.rs[0m[2m:[0m[2m945:[0m Included 3 ancestors & excluded 0 ancestors for proposal in round 32
[2m2025-03-25T07:55:05.587344Z[0m [32m INFO[0m [1mnode[0m[1m{[0m[3mname[0m[2m=[0mk#addeef94..[1m}[0m[2m:[0m [2mconsensus_core::core[0m[2m:[0m [2mconsensus/core/src/core.rs[0m[2m:[0m[2m531:[0m Created block B32(C,Bo8XsBLfHhbkvziZ/63zvn1Gmv/0DjDu/W/f29HtXwo=)(1742889305587ms;[B31(C,V1o8QG6GBe1mlJQ4rK1/iUHQ8dArIhFWnTN99OBL0JI=), B31(A,+pO1aJvOfnSZfVvUFvSqTxWgAOH6+HFPwWqFlOzGQaY=), B31(B,cJIdNlQqmOmPBuhIoCXgPkfwqsfrPYrTgP8hfITYEhE=)];1t;1c) for round 32
[2m2025-03-25T07:55:05.587410Z[0m [32m INFO[0m [1mnode[0m[1m{[0m[3mname[0m[2m=[0mk#addeef94..[1m}[0m[2m:[0m [2mconsensus_core::core[0m[2m:[0m [2mconsensus/core/src/core.rs[0m[2m:[0m[2m630:[0m Committing 1 leaders: B30(C,bP+5)
[2m2025-03-25T07:55:05.587477Z[0m [32m INFO[0m [1mnode[0m[1m{[0m[3mname[0m[2m=[0mk#addeef94..[1m}[0m[2m:[0m [2mconsensus_core::commit_observer[0m[2m:[0m [2mconsensus/core/src/commit_observer.rs[0m[2m:[0m[2m173:[0m Consensus commit C23(h85W) with leader B30(C,bP+5) has 3 blocks
[2m2025-03-25T07:55:05.587707Z[0m [32m INFO[0m [1mnode[0m[1m{[0m[3mname[0m[2m=[0mk#addeef94..[1m}[0m[2m:[0m [2msui_core::consensus_handler[0m[2m:[0m [2mcrates/sui-core/src/consensus_handler.rs[0m[2m:[0m[2m232:[0m Received consensus output [3mconsensus_commit[0m[2m=[0mCommittedSubDag(leader=B30(C,bP+5), ref=C23(h85W), blocks=[e4c4, YDE2, bP+5]) [3mepoch[0m[2m=[0m1
[2m2025-03-25T07:55:05.590696Z[0m [32m INFO[0m [1mnode[0m[1m{[0m[3mname[0m[2m=[0mk#8dcff6d1..[1m}[0m[2m:[0m [2msui_core::checkpoints::checkpoint_output[0m[2m:[0m [2mcrates/sui-core/src/checkpoints/checkpoint_output.rs[0m[2m:[0m[2m196:[0m Certified checkpoint with sequence 235 and digest HwaxzXyAULC2byCu2qFdGCCcqcc2hPuJsrJJB9v2uis3
[2m2025-03-25T07:55:05.590698Z[0m [32m INFO[0m [1mnode[0m[1m{[0m[3mname[0m[2m=[0mk#99f25ef6..[1m}[0m[2m:[0m [2msui_core::checkpoints::checkpoint_output[0m[2m:[0m [2mcrates/sui-core/src/checkpoints/checkpoint_output.rs[0m[2m:[0m[2m196:[0m Certified checkpoint with sequence 235 and digest HwaxzXyAULC2byCu2qFdGCCcqcc2hPuJsrJJB9v2uis3
[2m2025-03-25T07:55:05.590802Z[0m [32m INFO[0m [1mnode[0m[1m{[0m[3mname[0m[2m=[0mk#8dcff6d1..[1m}[0m[2m:[0m [2mconsensus_core::core[0m[2m:[0m [2mconsensus/core/src/core.rs[0m[2m:[0m[2m630:[0m Committing 1 leaders: B30(C,bP+5)
[2m2025-03-25T07:55:05.590802Z[0m [32m INFO[0m [1mnode[0m[1m{[0m[3mname[0m[2m=[0mk#99f25ef6..[1m}[0m[2m:[0m [2mconsensus_core::core[0m[2m:[0m [2mconsensus/core/src/core.rs[0m[2m:[0m[2m630:[0m Committing 1 leaders: B30(C,bP+5)
[2m2025-03-25T07:55:05.590900Z[0m [32m INFO[0m [1mnode[0m[1m{[0m[3mname[0m[2m=[0mk#8dcff6d1..[1m}[0m[2m:[0m [2mconsensus_core::commit_observer[0m[2m:[0m [2mconsensus/core/src/commit_observer.rs[0m[2m:[0m[2m173:[0m Consensus commit C23(h85W) with leader B30(C,bP+5) has 3 blocks
[2m2025-03-25T07:55:05.590907Z[0m [32m INFO[0m [1mnode[0m[1m{[0m[3mname[0m[2m=[0mk#99f25ef6..[1m}[0m[2m:[0m [2mconsensus_core::commit_observer[0m[2m:[0m [2mconsensus/core/src/commit_observer.rs[0m[2m:[0m[2m173:[0m Consensus commit C23(h85W) with leader B30(C,bP+5) has 3 blocks
[2m2025-03-25T07:55:05.591297Z[0m [32m INFO[0m [1mnode[0m[1m{[0m[3mname[0m[2m=[0mk#8dcff6d1..[1m}[0m[2m:[0m [2msui_core::consensus_handler[0m[2m:[0m [2mcrates/sui-core/src/consensus_handler.rs[0m[2m:[0m[2m232:[0m Received consensus output [3mconsensus_commit[0m[2m=[0mCommittedSubDag(leader=B30(C,bP+5), ref=C23(h85W), blocks=[e4c4, YDE2, bP+5]) [3mepoch[0m[2m=[0m1
[2m2025-03-25T07:55:05.591297Z[0m [32m INFO[0m [1mnode[0m[1m{[0m[3mname[0m[2m=[0mk#99f25ef6..[1m}[0m[2m:[0m [2msui_core::consensus_handler[0m[2m:[0m [2mcrates/sui-core/src/consensus_handler.rs[0m[2m:[0m[2m232:[0m Received consensus output [3mconsensus_commit[0m[2m=[0mCommittedSubDag(leader=B30(C,bP+5), ref=C23(h85W), blocks=[e4c4, YDE2, bP+5]) [3mepoch[0m[2m=[0m1
[2m2025-03-25T07:55:05.591855Z[0m [32m INFO[0m [1mnode[0m[1m{[0m[3mname[0m[2m=[0mk#8dcff6d1..[1m}[0m[2m:[0m [2msui_core::checkpoints::checkpoint_executor[0m[2m:[0m [2mcrates/sui-core/src/checkpoints/checkpoint_executor/mod.rs[0m[2m:[0m[2m332:[0m Received checkpoint summary from state sync [3msequence_number[0m[2m=[0m235
[2m2025-03-25T07:55:05.591855Z[0m [32m INFO[0m [1mnode[0m[1m{[0m[3mname[0m[2m=[0mk#99f25ef6..[1m}[0m[2m:[0m [2msui_core::checkpoints::checkpoint_executor[0m[2m:[0m [2mcrates/sui-core/src/checkpoints/checkpoint_executor/mod.rs[0m[2m:[0m[2m332:[0m Received checkpoint summary from state sync [3msequence_number[0m[2m=[0m235
[2m2025-03-25T07:55:05.593340Z[0m [32m INFO[0m [1mnode[0m[1m{[0m[3mname[0m[2m=[0mk#8dcff6d1..[1m}[0m[2m:[0m [2msui_core::state_accumulator[0m[2m:[0m [2mcrates/sui-core/src/state_accumulator.rs[0m[2m:[0m[2m675:[0m accumulating running root for checkpoint 235
[2m2025-03-25T07:55:05.593342Z[0m [32m INFO[0m [1mnode[0m[1m{[0m[3mname[0m[2m=[0mk#99f25ef6..[1m}[0m[2m:[0m [2msui_core::state_accumulator[0m[2m:[0m [2mcrates/sui-core/src/state_accumulator.rs[0m[2m:[0m[2m675:[0m accumulating running root for checkpoint 235
[2m2025-03-25T07:55:05.614280Z[0m [32m INFO[0m [1mnode[0m[1m{[0m[3mname[0m[2m=[0mk#addeef94..[1m}[0m[2m:[0m [2msui_core::checkpoints[0m[2m:[0m [2mcrates/sui-core/src/checkpoints/mod.rs[0m[2m:[0m[2m1326:[0m Creating checkpoint(s) for 2 transactions [3mnext_checkpoint_seq[0m[2m=[0m236 [3mcheckpoint_timestamp[0m[2m=[0m1742889305075
[2m2025-03-25T07:55:05.614577Z[0m [32m INFO[0m [1mnode[0m[1m{[0m[3mname[0m[2m=[0mk#addeef94..[1m}[0m[2m:[0m [2msui_core::checkpoints::checkpoint_output[0m[2m:[0m [2mcrates/sui-core/src/checkpoints/checkpoint_output.rs[0m[2m:[0m[2m149:[0m Creating checkpoint CheckpointDigest(7QTWEjhJiQgzNsJM37dKL5Lo3F9Ucmz6xwLf6g8tCBpx) at epoch 1, sequence 236, previous digest Some(CheckpointDigest(HwaxzXyAULC2byCu2qFdGCCcqcc2hPuJsrJJB9v2uis3)), transactions count 2, content digest CheckpointContentsDigest(CPa8qgeBrMeYQ5LNueuLLwYAT3RJeqoJSB2XFDJq53vK), end_of_epoch_data None
[2m2025-03-25T07:55:05.617103Z[0m [32m INFO[0m [1mnode[0m[1m{[0m[3mname[0m[2m=[0mk#addeef94..[1m}[0m[2m:[0m [2msui_core::checkpoints::checkpoint_executor[0m[2m:[0m [2mcrates/sui-core/src/checkpoints/checkpoint_executor/mod.rs[0m[2m:[0m[2m332:[0m Received checkpoint summary from state sync [3msequence_number[0m[2m=[0m235
[2m2025-03-25T07:55:05.617876Z[0m [32m INFO[0m [1mnode[0m[1m{[0m[3mname[0m[2m=[0mk#addeef94..[1m}[0m[2m:[0m [2msui_core::state_accumulator[0m[2m:[0m [2mcrates/sui-core/src/state_accumulator.rs[0m[2m:[0m[2m675:[0m accumulating running root for checkpoint 235
[2m2025-03-25T07:55:05.618758Z[0m [32m INFO[0m [1mnode[0m[1m{[0m[3mname[0m[2m=[0mk#8dcff6d1..[1m}[0m[2m:[0m [2msui_core::checkpoints[0m[2m:[0m [2mcrates/sui-core/src/checkpoints/mod.rs[0m[2m:[0m[2m1326:[0m Creating checkpoint(s) for 2 transactions [3mnext_checkpoint_seq[0m[2m=[0m236 [3mcheckpoint_timestamp[0m[2m=[0m1742889305075
[2m2025-03-25T07:55:05.618799Z[0m [32m INFO[0m [1mnode[0m[1m{[0m[3mname[0m[2m=[0mk#99f25ef6..[1m}[0m[2m:[0m [2msui_core::checkpoints[0m[2m:[0m [2mcrates/sui-core/src/checkpoints/mod.rs[0m[2m:[0m[2m1326:[0m Creating checkpoint(s) for 2 transactions [3mnext_checkpoint_seq[0m[2m=[0m236 [3mcheckpoint_timestamp[0m[2m=[0m1742889305075
[2m2025-03-25T07:55:05.619015Z[0m [32m INFO[0m [1mnode[0m[1m{[0m[3mname[0m[2m=[0mk#8dcff6d1..[1m}[0m[2m:[0m [2msui_core::checkpoints::checkpoint_output[0m[2m:[0m [2mcrates/sui-core/src/checkpoints/checkpoint_output.rs[0m[2m:[0m[2m149:[0m Creating checkpoint CheckpointDigest(7QTWEjhJiQgzNsJM37dKL5Lo3F9Ucmz6xwLf6g8tCBpx) at epoch 1, sequence 236, previous digest Some(CheckpointDigest(HwaxzXyAULC2byCu2qFdGCCcqcc2hPuJsrJJB9v2uis3)), transactions count 2, content digest CheckpointContentsDigest(CPa8qgeBrMeYQ5LNueuLLwYAT3RJeqoJSB2XFDJq53vK), end_of_epoch_data None
[2m2025-03-25T07:55:05.619048Z[0m [32m INFO[0m [1mnode[0m[1m{[0m[3mname[0m[2m=[0mk#99f25ef6..[1m}[0m[2m:[0m [2msui_core::checkpoints::checkpoint_output[0m[2m:[0m [2mcrates/sui-core/src/checkpoints/checkpoint_output.rs[0m[2m:[0m[2m149:[0m Creating checkpoint CheckpointDigest(7QTWEjhJiQgzNsJM37dKL5Lo3F9Ucmz6xwLf6g8tCBpx) at epoch 1, sequence 236, previous digest Some(CheckpointDigest(HwaxzXyAULC2byCu2qFdGCCcqcc2hPuJsrJJB9v2uis3)), transactions count 2, content digest CheckpointContentsDigest(CPa8qgeBrMeYQ5LNueuLLwYAT3RJeqoJSB2XFDJq53vK), end_of_epoch_data None
[2m2025-03-25T07:55:05.840751Z[0m [32m INFO[0m [1mnode[0m[1m{[0m[3mname[0m[2m=[0mk#addeef94..[1m}[0m[2m:[0m [2mconsensus_core::core[0m[2m:[0m [2mconsensus/core/src/core.rs[0m[2m:[0m[2m945:[0m Included 3 ancestors & excluded 0 ancestors for proposal in round 33
[2m2025-03-25T07:55:05.841157Z[0m [32m INFO[0m [1mnode[0m[1m{[0m[3mname[0m[2m=[0mk#addeef94..[1m}[0m[2m:[0m [2mconsensus_core::core[0m[2m:[0m [2mconsensus/core/src/core.rs[0m[2m:[0m[2m531:[0m Created block B33(C,7Ipjxz/1/vthEqji8YhIgUf+IVSoGM3WtEuh1PYU/lk=)(1742889305840ms;[B32(C,Bo8XsBLfHhbkvziZ/63zvn1Gmv/0DjDu/W/f29HtXwo=), B32(A,hP/esfFHDQicRrx/NWsdt3/Zj+uhoSHqK7tJ+rpyAXU=), B32(B,Lg9IGQFX2mvhoHTSDzpKadhOmV7w6oSAGzzoVp20WSk=)];1t;1c) for round 33
[2m2025-03-25T07:55:05.842858Z[0m [32m INFO[0m [1mnode[0m[1m{[0m[3mname[0m[2m=[0mk#8dcff6d1..[1m}[0m[2m:[0m [2mconsensus_core::core[0m[2m:[0m [2mconsensus/core/src/core.rs[0m[2m:[0m[2m945:[0m Included 3 ancestors & excluded 0 ancestors for proposal in round 33
[2m2025-03-25T07:55:05.843118Z[0m [32m INFO[0m [1mnode[0m[1m{[0m[3mname[0m[2m=[0mk#99f25ef6..[1m}[0m[2m:[0m [2mconsensus_core::core[0m[2m:[0m [2mconsensus/core/src/core.rs[0m[2m:[0m[2m945:[0m Included 3 ancestors & excluded 0 ancestors for proposal in round 33
[2m2025-03-25T07:55:05.843127Z[0m [32m INFO[0m [1mnode[0m[1m{[0m[3mname[0m[2m=[0mk#8dcff6d1..[1m}[0m[2m:[0m [2mconsensus_core::core[0m[2m:[0m [2mconsensus/core/src/core.rs[0m[2m:[0m[2m531:[0m Created block B33(A,3sQQYXswSKOq9W9XqFoOEthOP5OSWu66lmkkMhSwErM=)(1742889305842ms;[B32(A,hP/esfFHDQicRrx/NWsdt3/Zj+uhoSHqK7tJ+rpyAXU=), B32(B,Lg9IGQFX2mvhoHTSDzpKadhOmV7w6oSAGzzoVp20WSk=), B32(C,Bo8XsBLfHhbkvziZ/63zvn1Gmv/0DjDu/W/f29HtXwo=)];1t;1c) for round 33
[2m2025-03-25T07:55:05.843262Z[0m [32m INFO[0m [1mnode[0m[1m{[0m[3mname[0m[2m=[0mk#8dcff6d1..[1m}[0m[2m:[0m [2mconsensus_core::core[0m[2m:[0m [2mconsensus/core/src/core.rs[0m[2m:[0m[2m630:[0m Committing 1 leaders: B31(B,cJId)
[2m2025-03-25T07:55:05.843350Z[0m [32m INFO[0m [1mnode[0m[1m{[0m[3mname[0m[2m=[0mk#8dcff6d1..[1m}[0m[2m:[0m [2mconsensus_core::commit_observer[0m[2m:[0m [2mconsensus/core/src/commit_observer.rs[0m[2m:[0m[2m173:[0m Consensus commit C24(QHcy) with leader B31(B,cJId) has 3 blocks
[2m2025-03-25T07:55:05.843401Z[0m [32m INFO[0m [1mnode[0m[1m{[0m[3mname[0m[2m=[0mk#99f25ef6..[1m}[0m[2m:[0m [2mconsensus_core::core[0m[2m:[0m [2mconsensus/core/src/core.rs[0m[2m:[0m[2m531:[0m Created block B33(B,O1RNOOhbOOt5QLNnVQiOCYPzw9mx8sjcHUnHtqC7sgA=)(1742889305843ms;[B32(B,Lg9IGQFX2mvhoHTSDzpKadhOmV7w6oSAGzzoVp20WSk=), B32(A,hP/esfFHDQicRrx/NWsdt3/Zj+uhoSHqK7tJ+rpyAXU=), B32(C,Bo8XsBLfHhbkvziZ/63zvn1Gmv/0DjDu/W/f29HtXwo=)];1t;1c) for round 33
[2m2025-03-25T07:55:05.843461Z[0m [32m INFO[0m [1mnode[0m[1m{[0m[3mname[0m[2m=[0mk#99f25ef6..[1m}[0m[2m:[0m [2mconsensus_core::core[0m[2m:[0m [2mconsensus/core/src/core.rs[0m[2m:[0m[2m630:[0m Committing 1 leaders: B31(B,cJId)
[2m2025-03-25T07:55:05.843522Z[0m [32m INFO[0m [1mnode[0m[1m{[0m[3mname[0m[2m=[0mk#99f25ef6..[1m}[0m[2m:[0m [2mconsensus_core::commit_observer[0m[2m:[0m [2mconsensus/core/src/commit_observer.rs[0m[2m:[0m[2m173:[0m Consensus commit C24(QHcy) with leader B31(B,cJId) has 3 blocks
[2m2025-03-25T07:55:05.843575Z[0m [32m INFO[0m [1mnode[0m[1m{[0m[3mname[0m[2m=[0mk#8dcff6d1..[1m}[0m[2m:[0m [2msui_core::consensus_handler[0m[2m:[0m [2mcrates/sui-core/src/consensus_handler.rs[0m[2m:[0m[2m232:[0m Received consensus output [3mconsensus_commit[0m[2m=[0mCommittedSubDag(leader=B31(B,cJId), ref=C24(QHcy), blocks=[X5ze, rCgn, cJId]) [3mepoch[0m[2m=[0m1
[2m2025-03-25T07:55:05.843595Z[0m [32m INFO[0m [1mnode[0m[1m{[0m[3mname[0m[2m=[0mk#99f25ef6..[1m}[0m[2m:[0m [2msui_core::consensus_handler[0m[2m:[0m [2mcrates/sui-core/src/consensus_handler.rs[0m[2m:[0m[2m232:[0m Received consensus output [3mconsensus_commit[0m[2m=[0mCommittedSubDag(leader=B31(B,cJId), ref=C24(QHcy), blocks=[X5ze, rCgn, cJId]) [3mepoch[0m[2m=[0m1
[2m2025-03-25T07:55:05.847321Z[0m [32m INFO[0m [1mnode[0m[1m{[0m[3mname[0m[2m=[0mk#addeef94..[1m}[0m[2m:[0m [2mconsensus_core::core[0m[2m:[0m [2mconsensus/core/src/core.rs[0m[2m:[0m[2m630:[0m Committing 1 leaders: B31(B,cJId)
[2m2025-03-25T07:55:05.847412Z[0m [32m INFO[0m [1mnode[0m[1m{[0m[3mname[0m[2m=[0mk#addeef94..[1m}[0m[2m:[0m [2mconsensus_core::commit_observer[0m[2m:[0m [2mconsensus/core/src/commit_observer.rs[0m[2m:[0m[2m173:[0m Consensus commit C24(QHcy) with leader B31(B,cJId) has 3 blocks
[2m2025-03-25T07:55:05.847536Z[0m [32m INFO[0m [1mnode[0m[1m{[0m[3mname[0m[2m=[0mk#addeef94..[1m}[0m[2m:[0m [2msui_core::consensus_handler[0m[2m:[0m [2mcrates/sui-core/src/consensus_handler.rs[0m[2m:[0m[2m232:[0m Received consensus output [3mconsensus_commit[0m[2m=[0mCommittedSubDag(leader=B31(B,cJId), ref=C24(QHcy), blocks=[X5ze, rCgn, cJId]) [3mepoch[0m[2m=[0m1
[2m2025-03-25T07:55:05.889225Z[0m [32m INFO[0m [1mnode[0m[1m{[0m[3mname[0m[2m=[0mk#8dcff6d1..[1m}[0m[2m:[0m [2msui_core::checkpoints[0m[2m:[0m [2mcrates/sui-core/src/checkpoints/mod.rs[0m[2m:[0m[2m1326:[0m Creating checkpoint(s) for 1 transactions [3mnext_checkpoint_seq[0m[2m=[0m237 [3mcheckpoint_timestamp[0m[2m=[0m1742889305330
[2m2025-03-25T07:55:05.889476Z[0m [32m INFO[0m [1mnode[0m[1m{[0m[3mname[0m[2m=[0mk#99f25ef6..[1m}[0m[2m:[0m [2msui_core::checkpoints[0m[2m:[0m [2mcrates/sui-core/src/checkpoints/mod.rs[0m[2m:[0m[2m1326:[0m Creating checkpoint(s) for 1 transactions [3mnext_checkpoint_seq[0m[2m=[0m237 [3mcheckpoint_timestamp[0m[2m=[0m1742889305330
[2m2025-03-25T07:55:05.889469Z[0m [32m INFO[0m [1mnode[0m[1m{[0m[3mname[0m[2m=[0mk#8dcff6d1..[1m}[0m[2m:[0m [2msui_core::checkpoints::checkpoint_output[0m[2m:[0m [2mcrates/sui-core/src/checkpoints/checkpoint_output.rs[0m[2m:[0m[2m149:[0m Creating checkpoint CheckpointDigest(HpCzRxCo9QfuvzrNnxWaAfARADzCpTpysSsUQKGQCa6J) at epoch 1, sequence 237, previous digest Some(CheckpointDigest(7QTWEjhJiQgzNsJM37dKL5Lo3F9Ucmz6xwLf6g8tCBpx)), transactions count 1, content digest CheckpointContentsDigest(5CApst7Q28qHyb96U55imqud6codJus3pHEQqmHVQUzr), end_of_epoch_data None
[2m2025-03-25T07:55:05.889645Z[0m [32m INFO[0m [1mnode[0m[1m{[0m[3mname[0m[2m=[0mk#99f25ef6..[1m}[0m[2m:[0m [2msui_core::checkpoints::checkpoint_output[0m[2m:[0m [2mcrates/sui-core/src/checkpoints/checkpoint_output.rs[0m[2m:[0m[2m149:[0m Creating checkpoint CheckpointDigest(HpCzRxCo9QfuvzrNnxWaAfARADzCpTpysSsUQKGQCa6J) at epoch 1, sequence 237, previous digest Some(CheckpointDigest(7QTWEjhJiQgzNsJM37dKL5Lo3F9Ucmz6xwLf6g8tCBpx)), transactions count 1, content digest CheckpointContentsDigest(5CApst7Q28qHyb96U55imqud6codJus3pHEQqmHVQUzr), end_of_epoch_data None
[2m2025-03-25T07:55:05.891785Z[0m [32m INFO[0m [1mnode[0m[1m{[0m[3mname[0m[2m=[0mk#addeef94..[1m}[0m[2m:[0m [2msui_core::checkpoints[0m[2m:[0m [2mcrates/sui-core/src/checkpoints/mod.rs[0m[2m:[0m[2m1326:[0m Creating checkpoint(s) for 1 transactions [3mnext_checkpoint_seq[0m[2m=[0m237 [3mcheckpoint_timestamp[0m[2m=[0m1742889305330
[2m2025-03-25T07:55:05.891952Z[0m [32m INFO[0m [1mnode[0m[1m{[0m[3mname[0m[2m=[0mk#addeef94..[1m}[0m[2m:[0m [2msui_core::checkpoints::checkpoint_output[0m[2m:[0m [2mcrates/sui-core/src/checkpoints/checkpoint_output.rs[0m[2m:[0m[2m149:[0m Creating checkpoint CheckpointDigest(HpCzRxCo9QfuvzrNnxWaAfARADzCpTpysSsUQKGQCa6J) at epoch 1, sequence 237, previous digest Some(CheckpointDigest(7QTWEjhJiQgzNsJM37dKL5Lo3F9Ucmz6xwLf6g8tCBpx)), transactions count 1, content digest CheckpointContentsDigest(5CApst7Q28qHyb96U55imqud6codJus3pHEQqmHVQUzr), end_of_epoch_data None
[2m2025-03-25T07:55:05.892651Z[0m [32m INFO[0m [1mnode[0m[1m{[0m[3mname[0m[2m=[0mk#99f25ef6..[1m}[0m[2m:[0m [2msui_core::checkpoints::checkpoint_output[0m[2m:[0m [2mcrates/sui-core/src/checkpoints/checkpoint_output.rs[0m[2m:[0m[2m196:[0m Certified checkpoint with sequence 236 and digest 7QTWEjhJiQgzNsJM37dKL5Lo3F9Ucmz6xwLf6g8tCBpx
[2m2025-03-25T07:55:05.892657Z[0m [32m INFO[0m [1mnode[0m[1m{[0m[3mname[0m[2m=[0mk#8dcff6d1..[1m}[0m[2m:[0m [2msui_core::checkpoints::checkpoint_output[0m[2m:[0m [2mcrates/sui-core/src/checkpoints/checkpoint_output.rs[0m[2m:[0m[2m196:[0m Certified checkpoint with sequence 236 and digest 7QTWEjhJiQgzNsJM37dKL5Lo3F9Ucmz6xwLf6g8tCBpx
[2m2025-03-25T07:55:05.895681Z[0m [32m INFO[0m [1mnode[0m[1m{[0m[3mname[0m[2m=[0mk#99f25ef6..[1m}[0m[2m:[0m [2msui_core::checkpoints::checkpoint_executor[0m[2m:[0m [2mcrates/sui-core/src/checkpoints/checkpoint_executor/mod.rs[0m[2m:[0m[2m332:[0m Received checkpoint summary from state sync [3msequence_number[0m[2m=[0m236
[2m2025-03-25T07:55:05.895681Z[0m [32m INFO[0m [1mnode[0m[1m{[0m[3mname[0m[2m=[0mk#8dcff6d1..[1m}[0m[2m:[0m [2msui_core::checkpoints::checkpoint_executor[0m[2m:[0m [2mcrates/sui-core/src/checkpoints/checkpoint_executor/mod.rs[0m[2m:[0m[2m332:[0m Received checkpoint summary from state sync [3msequence_number[0m[2m=[0m236
[2m2025-03-25T07:55:05.914550Z[0m [32m INFO[0m [1mnode[0m[1m{[0m[3mname[0m[2m=[0mk#99f25ef6..[1m}[0m[2m:[0m [2msui_core::state_accumulator[0m[2m:[0m [2mcrates/sui-core/src/state_accumulator.rs[0m[2m:[0m[2m675:[0m accumulating running root for checkpoint 236
[2m2025-03-25T07:55:05.914549Z[0m [32m INFO[0m [1mnode[0m[1m{[0m[3mname[0m[2m=[0mk#8dcff6d1..[1m}[0m[2m:[0m [2msui_core::state_accumulator[0m[2m:[0m [2mcrates/sui-core/src/state_accumulator.rs[0m[2m:[0m[2m675:[0m accumulating running root for checkpoint 236
[2m2025-03-25T07:55:05.959334Z[0m [32m INFO[0m [1mnode[0m[1m{[0m[3mname[0m[2m=[0mk#addeef94..[1m}[0m[2m:[0m [2msui_core::checkpoints::checkpoint_executor[0m[2m:[0m [2mcrates/sui-core/src/checkpoints/checkpoint_executor/mod.rs[0m[2m:[0m[2m332:[0m Received checkpoint summary from state sync [3msequence_number[0m[2m=[0m236
[2m2025-03-25T07:55:05.960663Z[0m [32m INFO[0m [1mnode[0m[1m{[0m[3mname[0m[2m=[0mk#addeef94..[1m}[0m[2m:[0m [2msui_core::state_accumulator[0m[2m:[0m [2mcrates/sui-core/src/state_accumulator.rs[0m[2m:[0m[2m675:[0m accumulating running root for checkpoint 236
[2m2025-03-25T07:55:06.095409Z[0m [32m INFO[0m [1mnode[0m[1m{[0m[3mname[0m[2m=[0mk#8dcff6d1..[1m}[0m[2m:[0m [2mconsensus_core::core[0m[2m:[0m [2mconsensus/core/src/core.rs[0m[2m:[0m[2m945:[0m Included 3 ancestors & excluded 0 ancestors for proposal in round 34
[2m2025-03-25T07:55:06.095550Z[0m [32m INFO[0m [1mnode[0m[1m{[0m[3mname[0m[2m=[0mk#99f25ef6..[1m}[0m[2m:[0m [2mconsensus_core::core[0m[2m:[0m [2mconsensus/core/src/core.rs[0m[2m:[0m[2m945:[0m Included 3 ancestors & excluded 0 ancestors for proposal in round 34
[2m2025-03-25T07:55:06.095801Z[0m [32m INFO[0m [1mnode[0m[1m{[0m[3mname[0m[2m=[0mk#8dcff6d1..[1m}[0m[2m:[0m [2mconsensus_core::core[0m[2m:[0m [2mconsensus/core/src/core.rs[0m[2m:[0m[2m531:[0m Created block B34(A,tVcBWuslCgDcG905AtDSE7LMkt4zs4zHccAMyv/t1Xo=)(1742889306095ms;[B33(A,3sQQYXswSKOq9W9XqFoOEthOP5OSWu66lmkkMhSwErM=), B33(B,O1RNOOhbOOt5QLNnVQiOCYPzw9mx8sjcHUnHtqC7sgA=), B33(C,7Ipjxz/1/vthEqji8YhIgUf+IVSoGM3WtEuh1PYU/lk=)];1t;1c) for round 34
[2m2025-03-25T07:55:06.095850Z[0m [32m INFO[0m [1mnode[0m[1m{[0m[3mname[0m[2m=[0mk#99f25ef6..[1m}[0m[2m:[0m [2mconsensus_core::core[0m[2m:[0m [2mconsensus/core/src/core.rs[0m[2m:[0m[2m531:[0m Created block B34(B,i9ANSnlkUoSi592FHZ2hygy7xPySS4oQ+SEytKk7Dqw=)(1742889306095ms;[B33(B,O1RNOOhbOOt5QLNnVQiOCYPzw9mx8sjcHUnHtqC7sgA=), B33(A,3sQQYXswSKOq9W9XqFoOEthOP5OSWu66lmkkMhSwErM=), B33(C,7Ipjxz/1/vthEqji8YhIgUf+IVSoGM3WtEuh1PYU/lk=)];1t;1c) for round 34
[2m2025-03-25T07:55:06.098955Z[0m [32m INFO[0m [1mnode[0m[1m{[0m[3mname[0m[2m=[0mk#addeef94..[1m}[0m[2m:[0m [2mconsensus_core::core[0m[2m:[0m [2mconsensus/core/src/core.rs[0m[2m:[0m[2m945:[0m Included 3 ancestors & excluded 0 ancestors for proposal in round 34
[2m2025-03-25T07:55:06.099248Z[0m [32m INFO[0m [1mnode[0m[1m{[0m[3mname[0m[2m=[0mk#addeef94..[1m}[0m[2m:[0m [2mconsensus_core::core[0m[2m:[0m [2mconsensus/core/src/core.rs[0m[2m:[0m[2m531:[0m Created block B34(C,M5x/82o+PVrTc56KmN1GtNIC7iW5f0EhvwZCKU59wAw=)(1742889306098ms;[B33(C,7Ipjxz/1/vthEqji8YhIgUf+IVSoGM3WtEuh1PYU/lk=), B33(A,3sQQYXswSKOq9W9XqFoOEthOP5OSWu66lmkkMhSwErM=), B33(B,O1RNOOhbOOt5QLNnVQiOCYPzw9mx8sjcHUnHtqC7sgA=)];1t;1c) for round 34
[2m2025-03-25T07:55:06.099316Z[0m [32m INFO[0m [1mnode[0m[1m{[0m[3mname[0m[2m=[0mk#addeef94..[1m}[0m[2m:[0m [2mconsensus_core::core[0m[2m:[0m [2mconsensus/core/src/core.rs[0m[2m:[0m[2m630:[0m Committing 1 leaders: B32(C,Bo8X)
[2m2025-03-25T07:55:06.099388Z[0m [32m INFO[0m [1mnode[0m[1m{[0m[3mname[0m[2m=[0mk#addeef94..[1m}[0m[2m:[0m [2mconsensus_core::commit_observer[0m[2m:[0m [2mconsensus/core/src/commit_observer.rs[0m[2m:[0m[2m173:[0m Consensus commit C25(nCwC) with leader B32(C,Bo8X) has 3 blocks
[2m2025-03-25T07:55:06.099623Z[0m [32m INFO[0m [1mnode[0m[1m{[0m[3mname[0m[2m=[0mk#addeef94..[1m}[0m[2m:[0m [2msui_core::consensus_handler[0m[2m:[0m [2mcrates/sui-core/src/consensus_handler.rs[0m[2m:[0m[2m232:[0m Received consensus output [3mconsensus_commit[0m[2m=[0mCommittedSubDag(leader=B32(C,Bo8X), ref=C25(nCwC), blocks=[+pO1, V1o8, Bo8X]) [3mepoch[0m[2m=[0m1
[2m2025-03-25T07:55:06.102670Z[0m [32m INFO[0m [1mnode[0m[1m{[0m[3mname[0m[2m=[0mk#99f25ef6..[1m}[0m[2m:[0m [2msui_core::checkpoints::checkpoint_output[0m[2m:[0m [2mcrates/sui-core/src/checkpoints/checkpoint_output.rs[0m[2m:[0m[2m196:[0m Certified checkpoint with sequence 237 and digest HpCzRxCo9QfuvzrNnxWaAfARADzCpTpysSsUQKGQCa6J
[2m2025-03-25T07:55:06.102674Z[0m [32m INFO[0m [1mnode[0m[1m{[0m[3mname[0m[2m=[0mk#8dcff6d1..[1m}[0m[2m:[0m [2msui_core::checkpoints::checkpoint_output[0m[2m:[0m [2mcrates/sui-core/src/checkpoints/checkpoint_output.rs[0m[2m:[0m[2m196:[0m Certified checkpoint with sequence 237 and digest HpCzRxCo9QfuvzrNnxWaAfARADzCpTpysSsUQKGQCa6J
[2m2025-03-25T07:55:06.102783Z[0m [32m INFO[0m [1mnode[0m[1m{[0m[3mname[0m[2m=[0mk#99f25ef6..[1m}[0m[2m:[0m [2mconsensus_core::core[0m[2m:[0m [2mconsensus/core/src/core.rs[0m[2m:[0m[2m630:[0m Committing 1 leaders: B32(C,Bo8X)
[2m2025-03-25T07:55:06.102783Z[0m [32m INFO[0m [1mnode[0m[1m{[0m[3mname[0m[2m=[0mk#8dcff6d1..[1m}[0m[2m:[0m [2mconsensus_core::core[0m[2m:[0m [2mconsensus/core/src/core.rs[0m[2m:[0m[2m630:[0m Committing 1 leaders: B32(C,Bo8X)
[2m2025-03-25T07:55:06.102887Z[0m [32m INFO[0m [1mnode[0m[1m{[0m[3mname[0m[2m=[0mk#8dcff6d1..[1m}[0m[2m:[0m [2mconsensus_core::commit_observer[0m[2m:[0m [2mconsensus/core/src/commit_observer.rs[0m[2m:[0m[2m173:[0m Consensus commit C25(nCwC) with leader B32(C,Bo8X) has 3 blocks
[2m2025-03-25T07:55:06.102892Z[0m [32m INFO[0m [1mnode[0m[1m{[0m[3mname[0m[2m=[0mk#99f25ef6..[1m}[0m[2m:[0m [2mconsensus_core::commit_observer[0m[2m:[0m [2mconsensus/core/src/commit_observer.rs[0m[2m:[0m[2m173:[0m Consensus commit C25(nCwC) with leader B32(C,Bo8X) has 3 blocks
[2m2025-03-25T07:55:06.103288Z[0m [32m INFO[0m [1mnode[0m[1m{[0m[3mname[0m[2m=[0mk#8dcff6d1..[1m}[0m[2m:[0m [2msui_core::consensus_handler[0m[2m:[0m [2mcrates/sui-core/src/consensus_handler.rs[0m[2m:[0m[2m232:[0m Received consensus output [3mconsensus_commit[0m[2m=[0mCommittedSubDag(leader=B32(C,Bo8X), ref=C25(nCwC), blocks=[+pO1, V1o8, Bo8X]) [3mepoch[0m[2m=[0m1
[2m2025-03-25T07:55:06.103288Z[0m [32m INFO[0m [1mnode[0m[1m{[0m[3mname[0m[2m=[0mk#99f25ef6..[1m}[0m[2m:[0m [2msui_core::consensus_handler[0m[2m:[0m [2mcrates/sui-core/src/consensus_handler.rs[0m[2m:[0m[2m232:[0m Received consensus output [3mconsensus_commit[0m[2m=[0mCommittedSubDag(leader=B32(C,Bo8X), ref=C25(nCwC), blocks=[+pO1, V1o8, Bo8X]) [3mepoch[0m[2m=[0m1
[2m2025-03-25T07:55:06.103854Z[0m [32m INFO[0m [1mnode[0m[1m{[0m[3mname[0m[2m=[0mk#99f25ef6..[1m}[0m[2m:[0m [2msui_core::checkpoints::checkpoint_executor[0m[2m:[0m [2mcrates/sui-core/src/checkpoints/checkpoint_executor/mod.rs[0m[2m:[0m[2m332:[0m Received checkpoint summary from state sync [3msequence_number[0m[2m=[0m237
[2m2025-03-25T07:55:06.103854Z[0m [32m INFO[0m [1mnode[0m[1m{[0m[3mname[0m[2m=[0mk#8dcff6d1..[1m}[0m[2m:[0m [2msui_core::checkpoints::checkpoint_executor[0m[2m:[0m [2mcrates/sui-core/src/checkpoints/checkpoint_executor/mod.rs[0m[2m:[0m[2m332:[0m Received checkpoint summary from state sync [3msequence_number[0m[2m=[0m237
[2m2025-03-25T07:55:06.105310Z[0m [32m INFO[0m [1mnode[0m[1m{[0m[3mname[0m[2m=[0mk#8dcff6d1..[1m}[0m[2m:[0m [2msui_core::state_accumulator[0m[2m:[0m [2mcrates/sui-core/src/state_accumulator.rs[0m[2m:[0m[2m675:[0m accumulating running root for checkpoint 237
[2m2025-03-25T07:55:06.105310Z[0m [32m INFO[0m [1mnode[0m[1m{[0m[3mname[0m[2m=[0mk#99f25ef6..[1m}[0m[2m:[0m [2msui_core::state_accumulator[0m[2m:[0m [2mcrates/sui-core/src/state_accumulator.rs[0m[2m:[0m[2m675:[0m accumulating running root for checkpoint 237
[2m2025-03-25T07:55:06.126364Z[0m [32m INFO[0m [1mnode[0m[1m{[0m[3mname[0m[2m=[0mk#addeef94..[1m}[0m[2m:[0m [2msui_core::checkpoints[0m[2m:[0m [2mcrates/sui-core/src/checkpoints/mod.rs[0m[2m:[0m[2m1326:[0m Creating checkpoint(s) for 2 transactions [3mnext_checkpoint_seq[0m[2m=[0m238 [3mcheckpoint_timestamp[0m[2m=[0m1742889305587
[2m2025-03-25T07:55:06.126840Z[0m [32m INFO[0m [1mnode[0m[1m{[0m[3mname[0m[2m=[0mk#addeef94..[1m}[0m[2m:[0m [2msui_core::checkpoints::checkpoint_output[0m[2m:[0m [2mcrates/sui-core/src/checkpoints/checkpoint_output.rs[0m[2m:[0m[2m149:[0m Creating checkpoint CheckpointDigest(tDCyG8yu28FuYdbrXG4fx6S4KymBo6tGMtdFuCUi2L5) at epoch 1, sequence 238, previous digest Some(CheckpointDigest(HpCzRxCo9QfuvzrNnxWaAfARADzCpTpysSsUQKGQCa6J)), transactions count 2, content digest CheckpointContentsDigest(2Hwrjhk6wZLxhsmBBDnhx6ToE4aKTh1jpvQJi6eES67w), end_of_epoch_data None
[2m2025-03-25T07:55:06.129523Z[0m [32m INFO[0m [1mnode[0m[1m{[0m[3mname[0m[2m=[0mk#addeef94..[1m}[0m[2m:[0m [2msui_core::checkpoints::checkpoint_executor[0m[2m:[0m [2mcrates/sui-core/src/checkpoints/checkpoint_executor/mod.rs[0m[2m:[0m[2m332:[0m Received checkpoint summary from state sync [3msequence_number[0m[2m=[0m237
[2m2025-03-25T07:55:06.130429Z[0m [32m INFO[0m [1mnode[0m[1m{[0m[3mname[0m[2m=[0mk#addeef94..[1m}[0m[2m:[0m [2msui_core::state_accumulator[0m[2m:[0m [2mcrates/sui-core/src/state_accumulator.rs[0m[2m:[0m[2m675:[0m accumulating running root for checkpoint 237
[2m2025-03-25T07:55:06.130915Z[0m [32m INFO[0m [1mnode[0m[1m{[0m[3mname[0m[2m=[0mk#8dcff6d1..[1m}[0m[2m:[0m [2msui_core::checkpoints[0m[2m:[0m [2mcrates/sui-core/src/checkpoints/mod.rs[0m[2m:[0m[2m1326:[0m Creating checkpoint(s) for 2 transactions [3mnext_checkpoint_seq[0m[2m=[0m238 [3mcheckpoint_timestamp[0m[2m=[0m1742889305587
[2m2025-03-25T07:55:06.131079Z[0m [32m INFO[0m [1mnode[0m[1m{[0m[3mname[0m[2m=[0mk#99f25ef6..[1m}[0m[2m:[0m [2msui_core::checkpoints[0m[2m:[0m [2mcrates/sui-core/src/checkpoints/mod.rs[0m[2m:[0m[2m1326:[0m Creating checkpoint(s) for 2 transactions [3mnext_checkpoint_seq[0m[2m=[0m238 [3mcheckpoint_timestamp[0m[2m=[0m1742889305587
[2m2025-03-25T07:55:06.131200Z[0m [32m INFO[0m [1mnode[0m[1m{[0m[3mname[0m[2m=[0mk#8dcff6d1..[1m}[0m[2m:[0m [2msui_core::checkpoints::checkpoint_output[0m[2m:[0m [2mcrates/sui-core/src/checkpoints/checkpoint_output.rs[0m[2m:[0m[2m149:[0m Creating checkpoint CheckpointDigest(tDCyG8yu28FuYdbrXG4fx6S4KymBo6tGMtdFuCUi2L5) at epoch 1, sequence 238, previous digest Some(CheckpointDigest(HpCzRxCo9QfuvzrNnxWaAfARADzCpTpysSsUQKGQCa6J)), transactions count 2, content digest CheckpointContentsDigest(2Hwrjhk6wZLxhsmBBDnhx6ToE4aKTh1jpvQJi6eES67w), end_of_epoch_data None
[2m2025-03-25T07:55:06.131324Z[0m [32m INFO[0m [1mnode[0m[1m{[0m[3mname[0m[2m=[0mk#99f25ef6..[1m}[0m[2m:[0m [2msui_core::checkpoints::checkpoint_output[0m[2m:[0m [2mcrates/sui-core/src/checkpoints/checkpoint_output.rs[0m[2m:[0m[2m149:[0m Creating checkpoint CheckpointDigest(tDCyG8yu28FuYdbrXG4fx6S4KymBo6tGMtdFuCUi2L5) at epoch 1, sequence 238, previous digest Some(CheckpointDigest(HpCzRxCo9QfuvzrNnxWaAfARADzCpTpysSsUQKGQCa6J)), transactions count 2, content digest CheckpointContentsDigest(2Hwrjhk6wZLxhsmBBDnhx6ToE4aKTh1jpvQJi6eES67w), end_of_epoch_data None
[2m2025-03-25T07:55:06.352610Z[0m [32m INFO[0m [1mnode[0m[1m{[0m[3mname[0m[2m=[0mk#addeef94..[1m}[0m[2m:[0m [2mconsensus_core::core[0m[2m:[0m [2mconsensus/core/src/core.rs[0m[2m:[0m[2m945:[0m Included 3 ancestors & excluded 0 ancestors for proposal in round 35
[2m2025-03-25T07:55:06.353022Z[0m [32m INFO[0m [1mnode[0m[1m{[0m[3mname[0m[2m=[0mk#addeef94..[1m}[0m[2m:[0m [2mconsensus_core::core[0m[2m:[0m [2mconsensus/core/src/core.rs[0m[2m:[0m[2m531:[0m Created block B35(C,vKLExeERsD9f7zbWuMHMwF3E17UWvPcp8qYWlgCHyZ0=)(1742889306352ms;[B34(C,M5x/82o+PVrTc56KmN1GtNIC7iW5f0EhvwZCKU59wAw=), B34(A,tVcBWuslCgDcG905AtDSE7LMkt4zs4zHccAMyv/t1Xo=), B34(B,i9ANSnlkUoSi592FHZ2hygy7xPySS4oQ+SEytKk7Dqw=)];1t;1c) for round 35
[2m2025-03-25T07:55:06.355023Z[0m [32m INFO[0m [1mnode[0m[1m{[0m[3mname[0m[2m=[0mk#99f25ef6..[1m}[0m[2m:[0m [2mconsensus_core::core[0m[2m:[0m [2mconsensus/core/src/core.rs[0m[2m:[0m[2m945:[0m Included 3 ancestors & excluded 0 ancestors for proposal in round 35
[2m2025-03-25T07:55:06.355023Z[0m [32m INFO[0m [1mnode[0m[1m{[0m[3mname[0m[2m=[0mk#8dcff6d1..[1m}[0m[2m:[0m [2mconsensus_core::core[0m[2m:[0m [2mconsensus/core/src/core.rs[0m[2m:[0m[2m945:[0m Included 3 ancestors & excluded 0 ancestors for proposal in round 35
[2m2025-03-25T07:55:06.355305Z[0m [32m INFO[0m [1mnode[0m[1m{[0m[3mname[0m[2m=[0mk#8dcff6d1..[1m}[0m[2m:[0m [2mconsensus_core::core[0m[2m:[0m [2mconsensus/core/src/core.rs[0m[2m:[0m[2m531:[0m Created block B35(A,rjdMCTlnxO+iKq+69pRcG4MARYg2EGK0djFa4NVb04k=)(1742889306355ms;[B34(A,tVcBWuslCgDcG905AtDSE7LMkt4zs4zHccAMyv/t1Xo=), B34(B,i9ANSnlkUoSi592FHZ2hygy7xPySS4oQ+SEytKk7Dqw=), B34(C,M5x/82o+PVrTc56KmN1GtNIC7iW5f0EhvwZCKU59wAw=)];1t;1c) for round 35
[2m2025-03-25T07:55:06.355307Z[0m [32m INFO[0m [1mnode[0m[1m{[0m[3mname[0m[2m=[0mk#99f25ef6..[1m}[0m[2m:[0m [2mconsensus_core::core[0m[2m:[0m [2mconsensus/core/src/core.rs[0m[2m:[0m[2m531:[0m Created block B35(B,xN0XjDZ7AGyIs68TCaOV1bmbZmPdECKuUeNZvMFk5/4=)(1742889306355ms;[B34(B,i9ANSnlkUoSi592FHZ2hygy7xPySS4oQ+SEytKk7Dqw=), B34(A,tVcBWuslCgDcG905AtDSE7LMkt4zs4zHccAMyv/t1Xo=), B34(C,M5x/82o+PVrTc56KmN1GtNIC7iW5f0EhvwZCKU59wAw=)];1t;1c) for round 35
[2m2025-03-25T07:55:06.355376Z[0m [32m INFO[0m [1mnode[0m[1m{[0m[3mname[0m[2m=[0mk#99f25ef6..[1m}[0m[2m:[0m [2mconsensus_core::core[0m[2m:[0m [2mconsensus/core/src/core.rs[0m[2m:[0m[2m630:[0m Committing 1 leaders: B33(C,7Ipj)
[2m2025-03-25T07:55:06.355376Z[0m [32m INFO[0m [1mnode[0m[1m{[0m[3mname[0m[2m=[0mk#8dcff6d1..[1m}[0m[2m:[0m [2mconsensus_core::core[0m[2m:[0m [2mconsensus/core/src/core.rs[0m[2m:[0m[2m630:[0m Committing 1 leaders: B33(C,7Ipj)
[2m2025-03-25T07:55:06.355448Z[0m [32m INFO[0m [1mnode[0m[1m{[0m[3mname[0m[2m=[0mk#99f25ef6..[1m}[0m[2m:[0m [2mconsensus_core::commit_observer[0m[2m:[0m [2mconsensus/core/src/commit_observer.rs[0m[2m:[0m[2m173:[0m Consensus commit C26(8UPJ) with leader B33(C,7Ipj) has 3 blocks
[2m2025-03-25T07:55:06.355448Z[0m [32m INFO[0m [1mnode[0m[1m{[0m[3mname[0m[2m=[0mk#8dcff6d1..[1m}[0m[2m:[0m [2mconsensus_core::commit_observer[0m[2m:[0m [2mconsensus/core/src/commit_observer.rs[0m[2m:[0m[2m173:[0m Consensus commit C26(8UPJ) with leader B33(C,7Ipj) has 3 blocks
[2m2025-03-25T07:55:06.355536Z[0m [32m INFO[0m [1mnode[0m[1m{[0m[3mname[0m[2m=[0mk#99f25ef6..[1m}[0m[2m:[0m [2msui_core::consensus_handler[0m[2m:[0m [2mcrates/sui-core/src/consensus_handler.rs[0m[2m:[0m[2m232:[0m Received consensus output [3mconsensus_commit[0m[2m=[0mCommittedSubDag(leader=B33(C,7Ipj), ref=C26(8UPJ), blocks=[hP/e, Lg9I, 7Ipj]) [3mepoch[0m[2m=[0m1
[2m2025-03-25T07:55:06.355536Z[0m [32m INFO[0m [1mnode[0m[1m{[0m[3mname[0m[2m=[0mk#8dcff6d1..[1m}[0m[2m:[0m [2msui_core::consensus_handler[0m[2m:[0m [2mcrates/sui-core/src/consensus_handler.rs[0m[2m:[0m[2m232:[0m Received consensus output [3mconsensus_commit[0m[2m=[0mCommittedSubDag(leader=B33(C,7Ipj), ref=C26(8UPJ), blocks=[hP/e, Lg9I, 7Ipj]) [3mepoch[0m[2m=[0m1
[2m2025-03-25T07:55:06.357924Z[0m [32m INFO[0m [1mnode[0m[1m{[0m[3mname[0m[2m=[0mk#addeef94..[1m}[0m[2m:[0m [2mconsensus_core::core[0m[2m:[0m [2mconsensus/core/src/core.rs[0m[2m:[0m[2m630:[0m Committing 1 leaders: B33(C,7Ipj)
[2m2025-03-25T07:55:06.358013Z[0m [32m INFO[0m [1mnode[0m[1m{[0m[3mname[0m[2m=[0mk#addeef94..[1m}[0m[2m:[0m [2mconsensus_core::commit_observer[0m[2m:[0m [2mconsensus/core/src/commit_observer.rs[0m[2m:[0m[2m173:[0m Consensus commit C26(8UPJ) with leader B33(C,7Ipj) has 3 blocks
[2m2025-03-25T07:55:06.358087Z[0m [32m INFO[0m [1mnode[0m[1m{[0m[3mname[0m[2m=[0mk#addeef94..[1m}[0m[2m:[0m [2msui_core::consensus_handler[0m[2m:[0m [2mcrates/sui-core/src/consensus_handler.rs[0m[2m:[0m[2m232:[0m Received consensus output [3mconsensus_commit[0m[2m=[0mCommittedSubDag(leader=B33(C,7Ipj), ref=C26(8UPJ), blocks=[hP/e, Lg9I, 7Ipj]) [3mepoch[0m[2m=[0m1
[2m2025-03-25T07:55:06.401463Z[0m [32m INFO[0m [1mnode[0m[1m{[0m[3mname[0m[2m=[0mk#8dcff6d1..[1m}[0m[2m:[0m [2msui_core::checkpoints[0m[2m:[0m [2mcrates/sui-core/src/checkpoints/mod.rs[0m[2m:[0m[2m1326:[0m Creating checkpoint(s) for 1 transactions [3mnext_checkpoint_seq[0m[2m=[0m239 [3mcheckpoint_timestamp[0m[2m=[0m1742889305840
[2m2025-03-25T07:55:06.401463Z[0m [32m INFO[0m [1mnode[0m[1m{[0m[3mname[0m[2m=[0mk#99f25ef6..[1m}[0m[2m:[0m [2msui_core::checkpoints[0m[2m:[0m [2mcrates/sui-core/src/checkpoints/mod.rs[0m[2m:[0m[2m1326:[0m Creating checkpoint(s) for 1 transactions [3mnext_checkpoint_seq[0m[2m=[0m239 [3mcheckpoint_timestamp[0m[2m=[0m1742889305840
[2m2025-03-25T07:55:06.401694Z[0m [32m INFO[0m [1mnode[0m[1m{[0m[3mname[0m[2m=[0mk#8dcff6d1..[1m}[0m[2m:[0m [2msui_core::checkpoints::checkpoint_output[0m[2m:[0m [2mcrates/sui-core/src/checkpoints/checkpoint_output.rs[0m[2m:[0m[2m149:[0m Creating checkpoint CheckpointDigest(HBvq3E3hp2ca469UokXgH63WtiQ5XD1fd2R129KmvmxC) at epoch 1, sequence 239, previous digest Some(CheckpointDigest(tDCyG8yu28FuYdbrXG4fx6S4KymBo6tGMtdFuCUi2L5)), transactions count 1, content digest CheckpointContentsDigest(DbkfDFHcVKa8mW38Zju6cNwZbUbeLepSqbnfFQH6m4gn), end_of_epoch_data None
[2m2025-03-25T07:55:06.401694Z[0m [32m INFO[0m [1mnode[0m[1m{[0m[3mname[0m[2m=[0mk#99f25ef6..[1m}[0m[2m:[0m [2msui_core::checkpoints::checkpoint_output[0m[2m:[0m [2mcrates/sui-core/src/checkpoints/checkpoint_output.rs[0m[2m:[0m[2m149:[0m Creating checkpoint CheckpointDigest(HBvq3E3hp2ca469UokXgH63WtiQ5XD1fd2R129KmvmxC) at epoch 1, sequence 239, previous digest Some(CheckpointDigest(tDCyG8yu28FuYdbrXG4fx6S4KymBo6tGMtdFuCUi2L5)), transactions count 1, content digest CheckpointContentsDigest(DbkfDFHcVKa8mW38Zju6cNwZbUbeLepSqbnfFQH6m4gn), end_of_epoch_data None
[2m2025-03-25T07:55:06.402704Z[0m [32m INFO[0m [1mnode[0m[1m{[0m[3mname[0m[2m=[0mk#addeef94..[1m}[0m[2m:[0m [2msui_core::checkpoints[0m[2m:[0m [2mcrates/sui-core/src/checkpoints/mod.rs[0m[2m:[0m[2m1326:[0m Creating checkpoint(s) for 1 transactions [3mnext_checkpoint_seq[0m[2m=[0m239 [3mcheckpoint_timestamp[0m[2m=[0m1742889305840
[2m2025-03-25T07:55:06.402874Z[0m [32m INFO[0m [1mnode[0m[1m{[0m[3mname[0m[2m=[0mk#addeef94..[1m}[0m[2m:[0m [2msui_core::checkpoints::checkpoint_output[0m[2m:[0m [2mcrates/sui-core/src/checkpoints/checkpoint_output.rs[0m[2m:[0m[2m149:[0m Creating checkpoint CheckpointDigest(HBvq3E3hp2ca469UokXgH63WtiQ5XD1fd2R129KmvmxC) at epoch 1, sequence 239, previous digest Some(CheckpointDigest(tDCyG8yu28FuYdbrXG4fx6S4KymBo6tGMtdFuCUi2L5)), transactions count 1, content digest CheckpointContentsDigest(DbkfDFHcVKa8mW38Zju6cNwZbUbeLepSqbnfFQH6m4gn), end_of_epoch_data None
[2m2025-03-25T07:55:06.404812Z[0m [32m INFO[0m [1mnode[0m[1m{[0m[3mname[0m[2m=[0mk#8dcff6d1..[1m}[0m[2m:[0m [2msui_core::checkpoints::checkpoint_output[0m[2m:[0m [2mcrates/sui-core/src/checkpoints/checkpoint_output.rs[0m[2m:[0m[2m196:[0m Certified checkpoint with sequence 238 and digest tDCyG8yu28FuYdbrXG4fx6S4KymBo6tGMtdFuCUi2L5
[2m2025-03-25T07:55:06.404812Z[0m [32m INFO[0m [1mnode[0m[1m{[0m[3mname[0m[2m=[0mk#99f25ef6..[1m}[0m[2m:[0m [2msui_core::checkpoints::checkpoint_output[0m[2m:[0m [2mcrates/sui-core/src/checkpoints/checkpoint_output.rs[0m[2m:[0m[2m196:[0m Certified checkpoint with sequence 238 and digest tDCyG8yu28FuYdbrXG4fx6S4KymBo6tGMtdFuCUi2L5
[2m2025-03-25T07:55:06.407840Z[0m [32m INFO[0m [1mnode[0m[1m{[0m[3mname[0m[2m=[0mk#8dcff6d1..[1m}[0m[2m:[0m [2msui_core::checkpoints::checkpoint_executor[0m[2m:[0m [2mcrates/sui-core/src/checkpoints/checkpoint_executor/mod.rs[0m[2m:[0m[2m332:[0m Received checkpoint summary from state sync [3msequence_number[0m[2m=[0m238
[2m2025-03-25T07:55:06.407840Z[0m [32m INFO[0m [1mnode[0m[1m{[0m[3mname[0m[2m=[0mk#99f25ef6..[1m}[0m[2m:[0m [2msui_core::checkpoints::checkpoint_executor[0m[2m:[0m [2mcrates/sui-core/src/checkpoints/checkpoint_executor/mod.rs[0m[2m:[0m[2m332:[0m Received checkpoint summary from state sync [3msequence_number[0m[2m=[0m238
[2m2025-03-25T07:55:06.426851Z[0m [32m INFO[0m [1mnode[0m[1m{[0m[3mname[0m[2m=[0mk#99f25ef6..[1m}[0m[2m:[0m [2msui_core::state_accumulator[0m[2m:[0m [2mcrates/sui-core/src/state_accumulator.rs[0m[2m:[0m[2m675:[0m accumulating running root for checkpoint 238
[2m2025-03-25T07:55:06.426850Z[0m [32m INFO[0m [1mnode[0m[1m{[0m[3mname[0m[2m=[0mk#8dcff6d1..[1m}[0m[2m:[0m [2msui_core::state_accumulator[0m[2m:[0m [2mcrates/sui-core/src/state_accumulator.rs[0m[2m:[0m[2m675:[0m accumulating running root for checkpoint 238
[2m2025-03-25T07:55:06.472281Z[0m [32m INFO[0m [1mnode[0m[1m{[0m[3mname[0m[2m=[0mk#addeef94..[1m}[0m[2m:[0m [2msui_core::checkpoints::checkpoint_executor[0m[2m:[0m [2mcrates/sui-core/src/checkpoints/checkpoint_executor/mod.rs[0m[2m:[0m[2m332:[0m Received checkpoint summary from state sync [3msequence_number[0m[2m=[0m238
[2m2025-03-25T07:55:06.473554Z[0m [32m INFO[0m [1mnode[0m[1m{[0m[3mname[0m[2m=[0mk#addeef94..[1m}[0m[2m:[0m [2msui_core::state_accumulator[0m[2m:[0m [2mcrates/sui-core/src/state_accumulator.rs[0m[2m:[0m[2m675:[0m accumulating running root for checkpoint 238
[2m2025-03-25T07:55:06.607489Z[0m [32m INFO[0m [1mnode[0m[1m{[0m[3mname[0m[2m=[0mk#8dcff6d1..[1m}[0m[2m:[0m [2mconsensus_core::core[0m[2m:[0m [2mconsensus/core/src/core.rs[0m[2m:[0m[2m945:[0m Included 3 ancestors & excluded 0 ancestors for proposal in round 36
[2m2025-03-25T07:55:06.607834Z[0m [32m INFO[0m [1mnode[0m[1m{[0m[3mname[0m[2m=[0mk#8dcff6d1..[1m}[0m[2m:[0m [2mconsensus_core::core[0m[2m:[0m [2mconsensus/core/src/core.rs[0m[2m:[0m[2m531:[0m Created block B36(A,QRwi3C8Y0E6k463taFaF/pZ4cW+Ijd+faVeKdPsGHg0=)(1742889306607ms;[B35(A,rjdMCTlnxO+iKq+69pRcG4MARYg2EGK0djFa4NVb04k=), B35(B,xN0XjDZ7AGyIs68TCaOV1bmbZmPdECKuUeNZvMFk5/4=), B35(C,vKLExeERsD9f7zbWuMHMwF3E17UWvPcp8qYWlgCHyZ0=)];1t;1c) for round 36
[2m2025-03-25T07:55:06.607844Z[0m [32m INFO[0m [1mnode[0m[1m{[0m[3mname[0m[2m=[0mk#99f25ef6..[1m}[0m[2m:[0m [2mconsensus_core::core[0m[2m:[0m [2mconsensus/core/src/core.rs[0m[2m:[0m[2m945:[0m Included 3 ancestors & excluded 0 ancestors for proposal in round 36
[2m2025-03-25T07:55:06.608136Z[0m [32m INFO[0m [1mnode[0m[1m{[0m[3mname[0m[2m=[0mk#99f25ef6..[1m}[0m[2m:[0m [2mconsensus_core::core[0m[2m:[0m [2mconsensus/core/src/core.rs[0m[2m:[0m[2m531:[0m Created block B36(B,b9iqF2BPBmBDk1DjY/LuRtXNcVKxTjO6299ZC9W0xLE=)(1742889306607ms;[B35(B,xN0XjDZ7AGyIs68TCaOV1bmbZmPdECKuUeNZvMFk5/4=), B35(A,rjdMCTlnxO+iKq+69pRcG4MARYg2EGK0djFa4NVb04k=), B35(C,vKLExeERsD9f7zbWuMHMwF3E17UWvPcp8qYWlgCHyZ0=)];1t;1c) for round 36
[2m2025-03-25T07:55:06.610946Z[0m [32m INFO[0m [1mnode[0m[1m{[0m[3mname[0m[2m=[0mk#addeef94..[1m}[0m[2m:[0m [2mconsensus_core::core[0m[2m:[0m [2mconsensus/core/src/core.rs[0m[2m:[0m[2m945:[0m Included 3 ancestors & excluded 0 ancestors for proposal in round 36
[2m2025-03-25T07:55:06.611237Z[0m [32m INFO[0m [1mnode[0m[1m{[0m[3mname[0m[2m=[0mk#addeef94..[1m}[0m[2m:[0m [2mconsensus_core::core[0m[2m:[0m [2mconsensus/core/src/core.rs[0m[2m:[0m[2m531:[0m Created block B36(C,GHNM0U7zviOhcZuscfoKPT4hBRQTcYu2FaMYOJt8X+Q=)(1742889306610ms;[B35(C,vKLExeERsD9f7zbWuMHMwF3E17UWvPcp8qYWlgCHyZ0=), B35(A,rjdMCTlnxO+iKq+69pRcG4MARYg2EGK0djFa4NVb04k=), B35(B,xN0XjDZ7AGyIs68TCaOV1bmbZmPdECKuUeNZvMFk5/4=)];1t;1c) for round 36
[2m2025-03-25T07:55:06.611306Z[0m [32m INFO[0m [1mnode[0m[1m{[0m[3mname[0m[2m=[0mk#addeef94..[1m}[0m[2m:[0m [2mconsensus_core::core[0m[2m:[0m [2mconsensus/core/src/core.rs[0m[2m:[0m[2m630:[0m Committing 1 leaders: B34(C,M5x/)
[2m2025-03-25T07:55:06.611377Z[0m [32m INFO[0m [1mnode[0m[1m{[0m[3mname[0m[2m=[0mk#addeef94..[1m}[0m[2m:[0m [2mconsensus_core::commit_observer[0m[2m:[0m [2mconsensus/core/src/commit_observer.rs[0m[2m:[0m[2m173:[0m Consensus commit C27(tVx6) with leader B34(C,M5x/) has 3 blocks
[2m2025-03-25T07:55:06.611616Z[0m [32m INFO[0m [1mnode[0m[1m{[0m[3mname[0m[2m=[0mk#addeef94..[1m}[0m[2m:[0m [2msui_core::consensus_handler[0m[2m:[0m [2mcrates/sui-core/src/consensus_handler.rs[0m[2m:[0m[2m232:[0m Received consensus output [3mconsensus_commit[0m[2m=[0mCommittedSubDag(leader=B34(C,M5x/), ref=C27(tVx6), blocks=[3sQQ, O1RN, M5x/]) [3mepoch[0m[2m=[0m1
[2m2025-03-25T07:55:06.614625Z[0m [32m INFO[0m [1mnode[0m[1m{[0m[3mname[0m[2m=[0mk#8dcff6d1..[1m}[0m[2m:[0m [2msui_core::checkpoints::checkpoint_output[0m[2m:[0m [2mcrates/sui-core/src/checkpoints/checkpoint_output.rs[0m[2m:[0m[2m196:[0m Certified checkpoint with sequence 239 and digest HBvq3E3hp2ca469UokXgH63WtiQ5XD1fd2R129KmvmxC
[2m2025-03-25T07:55:06.614627Z[0m [32m INFO[0m [1mnode[0m[1m{[0m[3mname[0m[2m=[0mk#99f25ef6..[1m}[0m[2m:[0m [2msui_core::checkpoints::checkpoint_output[0m[2m:[0m [2mcrates/sui-core/src/checkpoints/checkpoint_output.rs[0m[2m:[0m[2m196:[0m Certified checkpoint with sequence 239 and digest HBvq3E3hp2ca469UokXgH63WtiQ5XD1fd2R129KmvmxC
[2m2025-03-25T07:55:06.614731Z[0m [32m INFO[0m [1mnode[0m[1m{[0m[3mname[0m[2m=[0mk#8dcff6d1..[1m}[0m[2m:[0m [2mconsensus_core::core[0m[2m:[0m [2mconsensus/core/src/core.rs[0m[2m:[0m[2m630:[0m Committing 1 leaders: B34(C,M5x/)
[2m2025-03-25T07:55:06.614731Z[0m [32m INFO[0m [1mnode[0m[1m{[0m[3mname[0m[2m=[0mk#99f25ef6..[1m}[0m[2m:[0m [2mconsensus_core::core[0m[2m:[0m [2mconsensus/core/src/core.rs[0m[2m:[0m[2m630:[0m Committing 1 leaders: B34(C,M5x/)
[2m2025-03-25T07:55:06.614829Z[0m [32m INFO[0m [1mnode[0m[1m{[0m[3mname[0m[2m=[0mk#8dcff6d1..[1m}[0m[2m:[0m [2mconsensus_core::commit_observer[0m[2m:[0m [2mconsensus/core/src/commit_observer.rs[0m[2m:[0m[2m173:[0m Consensus commit C27(tVx6) with leader B34(C,M5x/) has 3 blocks
[2m2025-03-25T07:55:06.614833Z[0m [32m INFO[0m [1mnode[0m[1m{[0m[3mname[0m[2m=[0mk#99f25ef6..[1m}[0m[2m:[0m [2mconsensus_core::commit_observer[0m[2m:[0m [2mconsensus/core/src/commit_observer.rs[0m[2m:[0m[2m173:[0m Consensus commit C27(tVx6) with leader B34(C,M5x/) has 3 blocks
[2m2025-03-25T07:55:06.615220Z[0m [32m INFO[0m [1mnode[0m[1m{[0m[3mname[0m[2m=[0mk#99f25ef6..[1m}[0m[2m:[0m [2msui_core::consensus_handler[0m[2m:[0m [2mcrates/sui-core/src/consensus_handler.rs[0m[2m:[0m[2m232:[0m Received consensus output [3mconsensus_commit[0m[2m=[0mCommittedSubDag(leader=B34(C,M5x/), ref=C27(tVx6), blocks=[3sQQ, O1RN, M5x/]) [3mepoch[0m[2m=[0m1
[2m2025-03-25T07:55:06.615220Z[0m [32m INFO[0m [1mnode[0m[1m{[0m[3mname[0m[2m=[0mk#8dcff6d1..[1m}[0m[2m:[0m [2msui_core::consensus_handler[0m[2m:[0m [2mcrates/sui-core/src/consensus_handler.rs[0m[2m:[0m[2m232:[0m Received consensus output [3mconsensus_commit[0m[2m=[0mCommittedSubDag(leader=B34(C,M5x/), ref=C27(tVx6), blocks=[3sQQ, O1RN, M5x/]) [3mepoch[0m[2m=[0m1
[2m2025-03-25T07:55:06.615764Z[0m [32m INFO[0m [1mnode[0m[1m{[0m[3mname[0m[2m=[0mk#8dcff6d1..[1m}[0m[2m:[0m [2msui_core::checkpoints::checkpoint_executor[0m[2m:[0m [2mcrates/sui-core/src/checkpoints/checkpoint_executor/mod.rs[0m[2m:[0m[2m332:[0m Received checkpoint summary from state sync [3msequence_number[0m[2m=[0m239
[2m2025-03-25T07:55:06.615764Z[0m [32m INFO[0m [1mnode[0m[1m{[0m[3mname[0m[2m=[0mk#99f25ef6..[1m}[0m[2m:[0m [2msui_core::checkpoints::checkpoint_executor[0m[2m:[0m [2mcrates/sui-core/src/checkpoints/checkpoint_executor/mod.rs[0m[2m:[0m[2m332:[0m Received checkpoint summary from state sync [3msequence_number[0m[2m=[0m239
[2m2025-03-25T07:55:06.617205Z[0m [32m INFO[0m [1mnode[0m[1m{[0m[3mname[0m[2m=[0mk#8dcff6d1..[1m}[0m[2m:[0m [2msui_core::state_accumulator[0m[2m:[0m [2mcrates/sui-core/src/state_accumulator.rs[0m[2m:[0m[2m675:[0m accumulating running root for checkpoint 239
[2m2025-03-25T07:55:06.617206Z[0m [32m INFO[0m [1mnode[0m[1m{[0m[3mname[0m[2m=[0mk#99f25ef6..[1m}[0m[2m:[0m [2msui_core::state_accumulator[0m[2m:[0m [2mcrates/sui-core/src/state_accumulator.rs[0m[2m:[0m[2m675:[0m accumulating running root for checkpoint 239
[2m2025-03-25T07:55:06.638382Z[0m [32m INFO[0m [1mnode[0m[1m{[0m[3mname[0m[2m=[0mk#addeef94..[1m}[0m[2m:[0m [2msui_core::checkpoints[0m[2m:[0m [2mcrates/sui-core/src/checkpoints/mod.rs[0m[2m:[0m[2m1326:[0m Creating checkpoint(s) for 2 transactions [3mnext_checkpoint_seq[0m[2m=[0m240 [3mcheckpoint_timestamp[0m[2m=[0m1742889306098
[2m2025-03-25T07:55:06.638698Z[0m [32m INFO[0m [1mnode[0m[1m{[0m[3mname[0m[2m=[0mk#addeef94..[1m}[0m[2m:[0m [2msui_core::checkpoints::checkpoint_output[0m[2m:[0m [2mcrates/sui-core/src/checkpoints/checkpoint_output.rs[0m[2m:[0m[2m149:[0m Creating checkpoint CheckpointDigest(87fHEUNK1oXLsjfXCTunkdgwLpjpjSnnbUqeNxLhU6VX) at epoch 1, sequence 240, previous digest Some(CheckpointDigest(HBvq3E3hp2ca469UokXgH63WtiQ5XD1fd2R129KmvmxC)), transactions count 2, content digest CheckpointContentsDigest(4YjU6womvufAHHkzfTzNcMMFMj7WRCBARVvRkdaWdw24), end_of_epoch_data None
[2m2025-03-25T07:55:06.641350Z[0m [32m INFO[0m [1mnode[0m[1m{[0m[3mname[0m[2m=[0mk#addeef94..[1m}[0m[2m:[0m [2msui_core::checkpoints::checkpoint_executor[0m[2m:[0m [2mcrates/sui-core/src/checkpoints/checkpoint_executor/mod.rs[0m[2m:[0m[2m332:[0m Received checkpoint summary from state sync [3msequence_number[0m[2m=[0m239
[2m2025-03-25T07:55:06.642177Z[0m [32m INFO[0m [1mnode[0m[1m{[0m[3mname[0m[2m=[0mk#addeef94..[1m}[0m[2m:[0m [2msui_core::state_accumulator[0m[2m:[0m [2mcrates/sui-core/src/state_accumulator.rs[0m[2m:[0m[2m675:[0m accumulating running root for checkpoint 239
[2m2025-03-25T07:55:06.642815Z[0m [32m INFO[0m [1mnode[0m[1m{[0m[3mname[0m[2m=[0mk#99f25ef6..[1m}[0m[2m:[0m [2msui_core::checkpoints[0m[2m:[0m [2mcrates/sui-core/src/checkpoints/mod.rs[0m[2m:[0m[2m1326:[0m Creating checkpoint(s) for 2 transactions [3mnext_checkpoint_seq[0m[2m=[0m240 [3mcheckpoint_timestamp[0m[2m=[0m1742889306098
[2m2025-03-25T07:55:06.642817Z[0m [32m INFO[0m [1mnode[0m[1m{[0m[3mname[0m[2m=[0mk#8dcff6d1..[1m}[0m[2m:[0m [2msui_core::checkpoints[0m[2m:[0m [2mcrates/sui-core/src/checkpoints/mod.rs[0m[2m:[0m[2m1326:[0m Creating checkpoint(s) for 2 transactions [3mnext_checkpoint_seq[0m[2m=[0m240 [3mcheckpoint_timestamp[0m[2m=[0m1742889306098
[2m2025-03-25T07:55:06.643077Z[0m [32m INFO[0m [1mnode[0m[1m{[0m[3mname[0m[2m=[0mk#99f25ef6..[1m}[0m[2m:[0m [2msui_core::checkpoints::checkpoint_output[0m[2m:[0m [2mcrates/sui-core/src/checkpoints/checkpoint_output.rs[0m[2m:[0m[2m149:[0m Creating checkpoint CheckpointDigest(87fHEUNK1oXLsjfXCTunkdgwLpjpjSnnbUqeNxLhU6VX) at epoch 1, sequence 240, previous digest Some(CheckpointDigest(HBvq3E3hp2ca469UokXgH63WtiQ5XD1fd2R129KmvmxC)), transactions count 2, content digest CheckpointContentsDigest(4YjU6womvufAHHkzfTzNcMMFMj7WRCBARVvRkdaWdw24), end_of_epoch_data None
[2m2025-03-25T07:55:06.643077Z[0m [32m INFO[0m [1mnode[0m[1m{[0m[3mname[0m[2m=[0mk#8dcff6d1..[1m}[0m[2m:[0m [2msui_core::checkpoints::checkpoint_output[0m[2m:[0m [2mcrates/sui-core/src/checkpoints/checkpoint_output.rs[0m[2m:[0m[2m149:[0m Creating checkpoint CheckpointDigest(87fHEUNK1oXLsjfXCTunkdgwLpjpjSnnbUqeNxLhU6VX) at epoch 1, sequence 240, previous digest Some(CheckpointDigest(HBvq3E3hp2ca469UokXgH63WtiQ5XD1fd2R129KmvmxC)), transactions count 2, content digest CheckpointContentsDigest(4YjU6womvufAHHkzfTzNcMMFMj7WRCBARVvRkdaWdw24), end_of_epoch_data None
[2m2025-03-25T07:55:06.864462Z[0m [32m INFO[0m [1mnode[0m[1m{[0m[3mname[0m[2m=[0mk#addeef94..[1m}[0m[2m:[0m [2mconsensus_core::core[0m[2m:[0m [2mconsensus/core/src/core.rs[0m[2m:[0m[2m945:[0m Included 3 ancestors & excluded 0 ancestors for proposal in round 37
[2m2025-03-25T07:55:06.864860Z[0m [32m INFO[0m [1mnode[0m[1m{[0m[3mname[0m[2m=[0mk#addeef94..[1m}[0m[2m:[0m [2mconsensus_core::core[0m[2m:[0m [2mconsensus/core/src/core.rs[0m[2m:[0m[2m531:[0m Created block B37(C,1LnC+4jFvz2m7bpVEOgSOCout30Nph77FZ8tM5zcOm4=)(1742889306864ms;[B36(C,GHNM0U7zviOhcZuscfoKPT4hBRQTcYu2FaMYOJt8X+Q=), B36(A,QRwi3C8Y0E6k463taFaF/pZ4cW+Ijd+faVeKdPsGHg0=), B36(B,b9iqF2BPBmBDk1DjY/LuRtXNcVKxTjO6299ZC9W0xLE=)];1t;1c) for round 37
[2m2025-03-25T07:55:06.866819Z[0m [32m INFO[0m [1mnode[0m[1m{[0m[3mname[0m[2m=[0mk#99f25ef6..[1m}[0m[2m:[0m [2mconsensus_core::core[0m[2m:[0m [2mconsensus/core/src/core.rs[0m[2m:[0m[2m945:[0m Included 3 ancestors & excluded 0 ancestors for proposal in round 37
[2m2025-03-25T07:55:06.866819Z[0m [32m INFO[0m [1mnode[0m[1m{[0m[3mname[0m[2m=[0mk#8dcff6d1..[1m}[0m[2m:[0m [2mconsensus_core::core[0m[2m:[0m [2mconsensus/core/src/core.rs[0m[2m:[0m[2m945:[0m Included 3 ancestors & excluded 0 ancestors for proposal in round 37
[2m2025-03-25T07:55:06.867106Z[0m [32m INFO[0m [1mnode[0m[1m{[0m[3mname[0m[2m=[0mk#8dcff6d1..[1m}[0m[2m:[0m [2mconsensus_core::core[0m[2m:[0m [2mconsensus/core/src/core.rs[0m[2m:[0m[2m531:[0m Created block B37(A,NSZSxDjY11L23mq6tKZRQ6W57rs4z9Eth/ttHFWUuuk=)(1742889306866ms;[B36(A,QRwi3C8Y0E6k463taFaF/pZ4cW+Ijd+faVeKdPsGHg0=), B36(B,b9iqF2BPBmBDk1DjY/LuRtXNcVKxTjO6299ZC9W0xLE=), B36(C,GHNM0U7zviOhcZuscfoKPT4hBRQTcYu2FaMYOJt8X+Q=)];1t;1c) for round 37
[2m2025-03-25T07:55:06.867109Z[0m [32m INFO[0m [1mnode[0m[1m{[0m[3mname[0m[2m=[0mk#99f25ef6..[1m}[0m[2m:[0m [2mconsensus_core::core[0m[2m:[0m [2mconsensus/core/src/core.rs[0m[2m:[0m[2m531:[0m Created block B37(B,juVGkUdX30riEEqdtLtjGDhAmfGEx/5h9M3h+eSy96E=)(1742889306866ms;[B36(B,b9iqF2BPBmBDk1DjY/LuRtXNcVKxTjO6299ZC9W0xLE=), B36(A,QRwi3C8Y0E6k463taFaF/pZ4cW+Ijd+faVeKdPsGHg0=), B36(C,GHNM0U7zviOhcZuscfoKPT4hBRQTcYu2FaMYOJt8X+Q=)];1t;1c) for round 37
[2m2025-03-25T07:55:06.867177Z[0m [32m INFO[0m [1mnode[0m[1m{[0m[3mname[0m[2m=[0mk#99f25ef6..[1m}[0m[2m:[0m [2mconsensus_core::core[0m[2m:[0m [2mconsensus/core/src/core.rs[0m[2m:[0m[2m630:[0m Committing 1 leaders: B35(A,rjdM)
[2m2025-03-25T07:55:06.867177Z[0m [32m INFO[0m [1mnode[0m[1m{[0m[3mname[0m[2m=[0mk#8dcff6d1..[1m}[0m[2m:[0m [2mconsensus_core::core[0m[2m:[0m [2mconsensus/core/src/core.rs[0m[2m:[0m[2m630:[0m Committing 1 leaders: B35(A,rjdM)
[2m2025-03-25T07:55:06.867250Z[0m [32m INFO[0m [1mnode[0m[1m{[0m[3mname[0m[2m=[0mk#99f25ef6..[1m}[0m[2m:[0m [2mconsensus_core::commit_observer[0m[2m:[0m [2mconsensus/core/src/commit_observer.rs[0m[2m:[0m[2m173:[0m Consensus commit C28(1H8h) with leader B35(A,rjdM) has 3 blocks
[2m2025-03-25T07:55:06.867250Z[0m [32m INFO[0m [1mnode[0m[1m{[0m[3mname[0m[2m=[0mk#8dcff6d1..[1m}[0m[2m:[0m [2mconsensus_core::commit_observer[0m[2m:[0m [2mconsensus/core/src/commit_observer.rs[0m[2m:[0m[2m173:[0m Consensus commit C28(1H8h) with leader B35(A,rjdM) has 3 blocks
[2m2025-03-25T07:55:06.867336Z[0m [32m INFO[0m [1mnode[0m[1m{[0m[3mname[0m[2m=[0mk#99f25ef6..[1m}[0m[2m:[0m [2msui_core::consensus_handler[0m[2m:[0m [2mcrates/sui-core/src/consensus_handler.rs[0m[2m:[0m[2m232:[0m Received consensus output [3mconsensus_commit[0m[2m=[0mCommittedSubDag(leader=B35(A,rjdM), ref=C28(1H8h), blocks=[tVcB, i9AN, rjdM]) [3mepoch[0m[2m=[0m1
[2m2025-03-25T07:55:06.867336Z[0m [32m INFO[0m [1mnode[0m[1m{[0m[3mname[0m[2m=[0mk#8dcff6d1..[1m}[0m[2m:[0m [2msui_core::consensus_handler[0m[2m:[0m [2mcrates/sui-core/src/consensus_handler.rs[0m[2m:[0m[2m232:[0m Received consensus output [3mconsensus_commit[0m[2m=[0mCommittedSubDag(leader=B35(A,rjdM), ref=C28(1H8h), blocks=[tVcB, i9AN, rjdM]) [3mepoch[0m[2m=[0m1
[2m2025-03-25T07:55:06.871069Z[0m [32m INFO[0m [1mnode[0m[1m{[0m[3mname[0m[2m=[0mk#addeef94..[1m}[0m[2m:[0m [2mconsensus_core::core[0m[2m:[0m [2mconsensus/core/src/core.rs[0m[2m:[0m[2m630:[0m Committing 1 leaders: B35(A,rjdM)
[2m2025-03-25T07:55:06.871158Z[0m [32m INFO[0m [1mnode[0m[1m{[0m[3mname[0m[2m=[0mk#addeef94..[1m}[0m[2m:[0m [2mconsensus_core::commit_observer[0m[2m:[0m [2mconsensus/core/src/commit_observer.rs[0m[2m:[0m[2m173:[0m Consensus commit C28(1H8h) with leader B35(A,rjdM) has 3 blocks
[2m2025-03-25T07:55:06.871281Z[0m [32m INFO[0m [1mnode[0m[1m{[0m[3mname[0m[2m=[0mk#addeef94..[1m}[0m[2m:[0m [2msui_core::consensus_handler[0m[2m:[0m [2mcrates/sui-core/src/consensus_handler.rs[0m[2m:[0m[2m232:[0m Received consensus output [3mconsensus_commit[0m[2m=[0mCommittedSubDag(leader=B35(A,rjdM), ref=C28(1H8h), blocks=[tVcB, i9AN, rjdM]) [3mepoch[0m[2m=[0m1
[2m2025-03-25T07:55:06.913191Z[0m [32m INFO[0m [1mnode[0m[1m{[0m[3mname[0m[2m=[0mk#8dcff6d1..[1m}[0m[2m:[0m [2msui_core::checkpoints[0m[2m:[0m [2mcrates/sui-core/src/checkpoints/mod.rs[0m[2m:[0m[2m1326:[0m Creating checkpoint(s) for 1 transactions [3mnext_checkpoint_seq[0m[2m=[0m241 [3mcheckpoint_timestamp[0m[2m=[0m1742889306355
[2m2025-03-25T07:55:06.913417Z[0m [32m INFO[0m [1mnode[0m[1m{[0m[3mname[0m[2m=[0mk#8dcff6d1..[1m}[0m[2m:[0m [2msui_core::checkpoints::checkpoint_output[0m[2m:[0m [2mcrates/sui-core/src/checkpoints/checkpoint_output.rs[0m[2m:[0m[2m149:[0m Creating checkpoint CheckpointDigest(HbGk5U4J8hpj3DzCTwKFaGURTp1ndd9tpezZeLbLYuAP) at epoch 1, sequence 241, previous digest Some(CheckpointDigest(87fHEUNK1oXLsjfXCTunkdgwLpjpjSnnbUqeNxLhU6VX)), transactions count 1, content digest CheckpointContentsDigest(DCsk54Shu1P3oUzUhbpMhcJsdjMUoqTYh5PhMaUw3nzT), end_of_epoch_data None
[2m2025-03-25T07:55:06.913967Z[0m [32m INFO[0m [1mnode[0m[1m{[0m[3mname[0m[2m=[0mk#99f25ef6..[1m}[0m[2m:[0m [2msui_core::checkpoints[0m[2m:[0m [2mcrates/sui-core/src/checkpoints/mod.rs[0m[2m:[0m[2m1326:[0m Creating checkpoint(s) for 1 transactions [3mnext_checkpoint_seq[0m[2m=[0m241 [3mcheckpoint_timestamp[0m[2m=[0m1742889306355
[2m2025-03-25T07:55:06.914146Z[0m [32m INFO[0m [1mnode[0m[1m{[0m[3mname[0m[2m=[0mk#99f25ef6..[1m}[0m[2m:[0m [2msui_core::checkpoints::checkpoint_output[0m[2m:[0m [2mcrates/sui-core/src/checkpoints/checkpoint_output.rs[0m[2m:[0m[2m149:[0m Creating checkpoint CheckpointDigest(HbGk5U4J8hpj3DzCTwKFaGURTp1ndd9tpezZeLbLYuAP) at epoch 1, sequence 241, previous digest Some(CheckpointDigest(87fHEUNK1oXLsjfXCTunkdgwLpjpjSnnbUqeNxLhU6VX)), transactions count 1, content digest CheckpointContentsDigest(DCsk54Shu1P3oUzUhbpMhcJsdjMUoqTYh5PhMaUw3nzT), end_of_epoch_data None
[2m2025-03-25T07:55:06.916512Z[0m [32m INFO[0m [1mnode[0m[1m{[0m[3mname[0m[2m=[0mk#8dcff6d1..[1m}[0m[2m:[0m [2msui_core::checkpoints::checkpoint_output[0m[2m:[0m [2mcrates/sui-core/src/checkpoints/checkpoint_output.rs[0m[2m:[0m[2m196:[0m Certified checkpoint with sequence 240 and digest 87fHEUNK1oXLsjfXCTunkdgwLpjpjSnnbUqeNxLhU6VX
[2m2025-03-25T07:55:06.917057Z[0m [32m INFO[0m [1mnode[0m[1m{[0m[3mname[0m[2m=[0mk#99f25ef6..[1m}[0m[2m:[0m [2msui_core::checkpoints::checkpoint_output[0m[2m:[0m [2mcrates/sui-core/src/checkpoints/checkpoint_output.rs[0m[2m:[0m[2m196:[0m Certified checkpoint with sequence 240 and digest 87fHEUNK1oXLsjfXCTunkdgwLpjpjSnnbUqeNxLhU6VX
[2m2025-03-25T07:55:06.917064Z[0m [32m INFO[0m [1mnode[0m[1m{[0m[3mname[0m[2m=[0mk#addeef94..[1m}[0m[2m:[0m [2msui_core::checkpoints[0m[2m:[0m [2mcrates/sui-core/src/checkpoints/mod.rs[0m[2m:[0m[2m1326:[0m Creating checkpoint(s) for 1 transactions [3mnext_checkpoint_seq[0m[2m=[0m241 [3mcheckpoint_timestamp[0m[2m=[0m1742889306355
[2m2025-03-25T07:55:06.917243Z[0m [32m INFO[0m [1mnode[0m[1m{[0m[3mname[0m[2m=[0mk#addeef94..[1m}[0m[2m:[0m [2msui_core::checkpoints::checkpoint_output[0m[2m:[0m [2mcrates/sui-core/src/checkpoints/checkpoint_output.rs[0m[2m:[0m[2m149:[0m Creating checkpoint CheckpointDigest(HbGk5U4J8hpj3DzCTwKFaGURTp1ndd9tpezZeLbLYuAP) at epoch 1, sequence 241, previous digest Some(CheckpointDigest(87fHEUNK1oXLsjfXCTunkdgwLpjpjSnnbUqeNxLhU6VX)), transactions count 1, content digest CheckpointContentsDigest(DCsk54Shu1P3oUzUhbpMhcJsdjMUoqTYh5PhMaUw3nzT), end_of_epoch_data None
[2m2025-03-25T07:55:06.919504Z[0m [32m INFO[0m [1mnode[0m[1m{[0m[3mname[0m[2m=[0mk#8dcff6d1..[1m}[0m[2m:[0m [2msui_core::checkpoints::checkpoint_executor[0m[2m:[0m [2mcrates/sui-core/src/checkpoints/checkpoint_executor/mod.rs[0m[2m:[0m[2m332:[0m Received checkpoint summary from state sync [3msequence_number[0m[2m=[0m240
[2m2025-03-25T07:55:06.919920Z[0m [32m INFO[0m [1mnode[0m[1m{[0m[3mname[0m[2m=[0mk#99f25ef6..[1m}[0m[2m:[0m [2msui_core::checkpoints::checkpoint_executor[0m[2m:[0m [2mcrates/sui-core/src/checkpoints/checkpoint_executor/mod.rs[0m[2m:[0m[2m332:[0m Received checkpoint summary from state sync [3msequence_number[0m[2m=[0m240
[2m2025-03-25T07:55:06.938050Z[0m [32m INFO[0m [1mnode[0m[1m{[0m[3mname[0m[2m=[0mk#8dcff6d1..[1m}[0m[2m:[0m [2msui_core::state_accumulator[0m[2m:[0m [2mcrates/sui-core/src/state_accumulator.rs[0m[2m:[0m[2m675:[0m accumulating running root for checkpoint 240
[2m2025-03-25T07:55:06.938432Z[0m [32m INFO[0m [1mnode[0m[1m{[0m[3mname[0m[2m=[0mk#99f25ef6..[1m}[0m[2m:[0m [2msui_core::state_accumulator[0m[2m:[0m [2mcrates/sui-core/src/state_accumulator.rs[0m[2m:[0m[2m675:[0m accumulating running root for checkpoint 240
[2m2025-03-25T07:55:06.984736Z[0m [32m INFO[0m [1mnode[0m[1m{[0m[3mname[0m[2m=[0mk#addeef94..[1m}[0m[2m:[0m [2msui_core::checkpoints::checkpoint_executor[0m[2m:[0m [2mcrates/sui-core/src/checkpoints/checkpoint_executor/mod.rs[0m[2m:[0m[2m332:[0m Received checkpoint summary from state sync [3msequence_number[0m[2m=[0m240
[2m2025-03-25T07:55:06.986024Z[0m [32m INFO[0m [1mnode[0m[1m{[0m[3mname[0m[2m=[0mk#addeef94..[1m}[0m[2m:[0m [2msui_core::state_accumulator[0m[2m:[0m [2mcrates/sui-core/src/state_accumulator.rs[0m[2m:[0m[2m675:[0m accumulating running root for checkpoint 240
[2m2025-03-25T07:55:07.119629Z[0m [32m INFO[0m [1mnode[0m[1m{[0m[3mname[0m[2m=[0mk#99f25ef6..[1m}[0m[2m:[0m [2mconsensus_core::core[0m[2m:[0m [2mconsensus/core/src/core.rs[0m[2m:[0m[2m945:[0m Included 3 ancestors & excluded 0 ancestors for proposal in round 38
[2m2025-03-25T07:55:07.119778Z[0m [32m INFO[0m [1mnode[0m[1m{[0m[3mname[0m[2m=[0mk#8dcff6d1..[1m}[0m[2m:[0m [2mconsensus_core::core[0m[2m:[0m [2mconsensus/core/src/core.rs[0m[2m:[0m[2m945:[0m Included 3 ancestors & excluded 0 ancestors for proposal in round 38
[2m2025-03-25T07:55:07.120027Z[0m [32m INFO[0m [1mnode[0m[1m{[0m[3mname[0m[2m=[0mk#99f25ef6..[1m}[0m[2m:[0m [2mconsensus_core::core[0m[2m:[0m [2mconsensus/core/src/core.rs[0m[2m:[0m[2m531:[0m Created block B38(B,HwsHpAxRpPXxGceFgSipmYYO3yYWUp0kGnUfAU/ZcXc=)(1742889307119ms;[B37(B,juVGkUdX30riEEqdtLtjGDhAmfGEx/5h9M3h+eSy96E=), B37(A,NSZSxDjY11L23mq6tKZRQ6W57rs4z9Eth/ttHFWUuuk=), B37(C,1LnC+4jFvz2m7bpVEOgSOCout30Nph77FZ8tM5zcOm4=)];1t;1c) for round 38
[2m2025-03-25T07:55:07.120071Z[0m [32m INFO[0m [1mnode[0m[1m{[0m[3mname[0m[2m=[0mk#8dcff6d1..[1m}[0m[2m:[0m [2mconsensus_core::core[0m[2m:[0m [2mconsensus/core/src/core.rs[0m[2m:[0m[2m531:[0m Created block B38(A,ekWZk9RYYl5R2xVHy9zbxDSNDpHALf/uqJXPApfc3L4=)(1742889307119ms;[B37(A,NSZSxDjY11L23mq6tKZRQ6W57rs4z9Eth/ttHFWUuuk=), B37(B,juVGkUdX30riEEqdtLtjGDhAmfGEx/5h9M3h+eSy96E=), B37(C,1LnC+4jFvz2m7bpVEOgSOCout30Nph77FZ8tM5zcOm4=)];1t;1c) for round 38
[2m2025-03-25T07:55:07.123354Z[0m [32m INFO[0m [1mnode[0m[1m{[0m[3mname[0m[2m=[0mk#addeef94..[1m}[0m[2m:[0m [2mconsensus_core::core[0m[2m:[0m [2mconsensus/core/src/core.rs[0m[2m:[0m[2m945:[0m Included 3 ancestors & excluded 0 ancestors for proposal in round 38
[2m2025-03-25T07:55:07.123667Z[0m [32m INFO[0m [1mnode[0m[1m{[0m[3mname[0m[2m=[0mk#addeef94..[1m}[0m[2m:[0m [2mconsensus_core::core[0m[2m:[0m [2mconsensus/core/src/core.rs[0m[2m:[0m[2m531:[0m Created block B38(C,HsYsv7gP7swuwlAt0ZdCE2WYE5BDHvB1TKoktF2xy1U=)(1742889307123ms;[B37(C,1LnC+4jFvz2m7bpVEOgSOCout30Nph77FZ8tM5zcOm4=), B37(A,NSZSxDjY11L23mq6tKZRQ6W57rs4z9Eth/ttHFWUuuk=), B37(B,juVGkUdX30riEEqdtLtjGDhAmfGEx/5h9M3h+eSy96E=)];1t;1c) for round 38
[2m2025-03-25T07:55:07.123738Z[0m [32m INFO[0m [1mnode[0m[1m{[0m[3mname[0m[2m=[0mk#addeef94..[1m}[0m[2m:[0m [2mconsensus_core::core[0m[2m:[0m [2mconsensus/core/src/core.rs[0m[2m:[0m[2m630:[0m Committing 1 leaders: B36(C,GHNM)
[2m2025-03-25T07:55:07.123813Z[0m [32m INFO[0m [1mnode[0m[1m{[0m[3mname[0m[2m=[0mk#addeef94..[1m}[0m[2m:[0m [2mconsensus_core::commit_observer[0m[2m:[0m [2mconsensus/core/src/commit_observer.rs[0m[2m:[0m[2m173:[0m Consensus commit C29(0Wo1) with leader B36(C,GHNM) has 3 blocks
[2m2025-03-25T07:55:07.123922Z[0m [32m INFO[0m [1mnode[0m[1m{[0m[3mname[0m[2m=[0mk#addeef94..[1m}[0m[2m:[0m [2msui_core::consensus_handler[0m[2m:[0m [2mcrates/sui-core/src/consensus_handler.rs[0m[2m:[0m[2m232:[0m Received consensus output [3mconsensus_commit[0m[2m=[0mCommittedSubDag(leader=B36(C,GHNM), ref=C29(0Wo1), blocks=[xN0X, vKLE, GHNM]) [3mepoch[0m[2m=[0m1
[2m2025-03-25T07:55:07.126992Z[0m [32m INFO[0m [1mnode[0m[1m{[0m[3mname[0m[2m=[0mk#8dcff6d1..[1m}[0m[2m:[0m [2msui_core::checkpoints::checkpoint_output[0m[2m:[0m [2mcrates/sui-core/src/checkpoints/checkpoint_output.rs[0m[2m:[0m[2m196:[0m Certified checkpoint with sequence 241 and digest HbGk5U4J8hpj3DzCTwKFaGURTp1ndd9tpezZeLbLYuAP
[2m2025-03-25T07:55:07.126994Z[0m [32m INFO[0m [1mnode[0m[1m{[0m[3mname[0m[2m=[0mk#99f25ef6..[1m}[0m[2m:[0m [2msui_core::checkpoints::checkpoint_output[0m[2m:[0m [2mcrates/sui-core/src/checkpoints/checkpoint_output.rs[0m[2m:[0m[2m196:[0m Certified checkpoint with sequence 241 and digest HbGk5U4J8hpj3DzCTwKFaGURTp1ndd9tpezZeLbLYuAP
[2m2025-03-25T07:55:07.127111Z[0m [32m INFO[0m [1mnode[0m[1m{[0m[3mname[0m[2m=[0mk#8dcff6d1..[1m}[0m[2m:[0m [2mconsensus_core::core[0m[2m:[0m [2mconsensus/core/src/core.rs[0m[2m:[0m[2m630:[0m Committing 1 leaders: B36(C,GHNM)
[2m2025-03-25T07:55:07.127111Z[0m [32m INFO[0m [1mnode[0m[1m{[0m[3mname[0m[2m=[0mk#99f25ef6..[1m}[0m[2m:[0m [2mconsensus_core::core[0m[2m:[0m [2mconsensus/core/src/core.rs[0m[2m:[0m[2m630:[0m Committing 1 leaders: B36(C,GHNM)
[2m2025-03-25T07:55:07.127216Z[0m [32m INFO[0m [1mnode[0m[1m{[0m[3mname[0m[2m=[0mk#8dcff6d1..[1m}[0m[2m:[0m [2mconsensus_core::commit_observer[0m[2m:[0m [2mconsensus/core/src/commit_observer.rs[0m[2m:[0m[2m173:[0m Consensus commit C29(0Wo1) with leader B36(C,GHNM) has 3 blocks
[2m2025-03-25T07:55:07.127224Z[0m [32m INFO[0m [1mnode[0m[1m{[0m[3mname[0m[2m=[0mk#99f25ef6..[1m}[0m[2m:[0m [2mconsensus_core::commit_observer[0m[2m:[0m [2mconsensus/core/src/commit_observer.rs[0m[2m:[0m[2m173:[0m Consensus commit C29(0Wo1) with leader B36(C,GHNM) has 3 blocks
[2m2025-03-25T07:55:07.127639Z[0m [32m INFO[0m [1mnode[0m[1m{[0m[3mname[0m[2m=[0mk#99f25ef6..[1m}[0m[2m:[0m [2msui_core::consensus_handler[0m[2m:[0m [2mcrates/sui-core/src/consensus_handler.rs[0m[2m:[0m[2m232:[0m Received consensus output [3mconsensus_commit[0m[2m=[0mCommittedSubDag(leader=B36(C,GHNM), ref=C29(0Wo1), blocks=[xN0X, vKLE, GHNM]) [3mepoch[0m[2m=[0m1
[2m2025-03-25T07:55:07.127639Z[0m [32m INFO[0m [1mnode[0m[1m{[0m[3mname[0m[2m=[0mk#8dcff6d1..[1m}[0m[2m:[0m [2msui_core::consensus_handler[0m[2m:[0m [2mcrates/sui-core/src/consensus_handler.rs[0m[2m:[0m[2m232:[0m Received consensus output [3mconsensus_commit[0m[2m=[0mCommittedSubDag(leader=B36(C,GHNM), ref=C29(0Wo1), blocks=[xN0X, vKLE, GHNM]) [3mepoch[0m[2m=[0m1
[2m2025-03-25T07:55:07.128241Z[0m [32m INFO[0m [1mnode[0m[1m{[0m[3mname[0m[2m=[0mk#99f25ef6..[1m}[0m[2m:[0m [2msui_core::checkpoints::checkpoint_executor[0m[2m:[0m [2mcrates/sui-core/src/checkpoints/checkpoint_executor/mod.rs[0m[2m:[0m[2m332:[0m Received checkpoint summary from state sync [3msequence_number[0m[2m=[0m241
[2m2025-03-25T07:55:07.128241Z[0m [32m INFO[0m [1mnode[0m[1m{[0m[3mname[0m[2m=[0mk#8dcff6d1..[1m}[0m[2m:[0m [2msui_core::checkpoints::checkpoint_executor[0m[2m:[0m [2mcrates/sui-core/src/checkpoints/checkpoint_executor/mod.rs[0m[2m:[0m[2m332:[0m Received checkpoint summary from state sync [3msequence_number[0m[2m=[0m241
[2m2025-03-25T07:55:07.129848Z[0m [32m INFO[0m [1mnode[0m[1m{[0m[3mname[0m[2m=[0mk#8dcff6d1..[1m}[0m[2m:[0m [2msui_core::state_accumulator[0m[2m:[0m [2mcrates/sui-core/src/state_accumulator.rs[0m[2m:[0m[2m675:[0m accumulating running root for checkpoint 241
[2m2025-03-25T07:55:07.129850Z[0m [32m INFO[0m [1mnode[0m[1m{[0m[3mname[0m[2m=[0mk#99f25ef6..[1m}[0m[2m:[0m [2msui_core::state_accumulator[0m[2m:[0m [2mcrates/sui-core/src/state_accumulator.rs[0m[2m:[0m[2m675:[0m accumulating running root for checkpoint 241
[2m2025-03-25T07:55:07.150912Z[0m [32m INFO[0m [1mnode[0m[1m{[0m[3mname[0m[2m=[0mk#addeef94..[1m}[0m[2m:[0m [2msui_core::checkpoints[0m[2m:[0m [2mcrates/sui-core/src/checkpoints/mod.rs[0m[2m:[0m[2m1326:[0m Creating checkpoint(s) for 2 transactions [3mnext_checkpoint_seq[0m[2m=[0m242 [3mcheckpoint_timestamp[0m[2m=[0m1742889306610
[2m2025-03-25T07:55:07.151222Z[0m [32m INFO[0m [1mnode[0m[1m{[0m[3mname[0m[2m=[0mk#addeef94..[1m}[0m[2m:[0m [2msui_core::checkpoints::checkpoint_output[0m[2m:[0m [2mcrates/sui-core/src/checkpoints/checkpoint_output.rs[0m[2m:[0m[2m149:[0m Creating checkpoint CheckpointDigest(EVM8jsTMpWtftghkKVnuz8tW3Zq14iUgktSiwT1u9rSe) at epoch 1, sequence 242, previous digest Some(CheckpointDigest(HbGk5U4J8hpj3DzCTwKFaGURTp1ndd9tpezZeLbLYuAP)), transactions count 2, content digest CheckpointContentsDigest(Ct8Es771D3irYnHH98ZwepSvaZmh7iiJEyWyYSgtEdnA), end_of_epoch_data None
[2m2025-03-25T07:55:07.153866Z[0m [32m INFO[0m [1mnode[0m[1m{[0m[3mname[0m[2m=[0mk#addeef94..[1m}[0m[2m:[0m [2msui_core::checkpoints::checkpoint_executor[0m[2m:[0m [2mcrates/sui-core/src/checkpoints/checkpoint_executor/mod.rs[0m[2m:[0m[2m332:[0m Received checkpoint summary from state sync [3msequence_number[0m[2m=[0m241
[2m2025-03-25T07:55:07.154672Z[0m [32m INFO[0m [1mnode[0m[1m{[0m[3mname[0m[2m=[0mk#addeef94..[1m}[0m[2m:[0m [2msui_core::state_accumulator[0m[2m:[0m [2mcrates/sui-core/src/state_accumulator.rs[0m[2m:[0m[2m675:[0m accumulating running root for checkpoint 241
[2m2025-03-25T07:55:07.155429Z[0m [32m INFO[0m [1mnode[0m[1m{[0m[3mname[0m[2m=[0mk#8dcff6d1..[1m}[0m[2m:[0m [2msui_core::checkpoints[0m[2m:[0m [2mcrates/sui-core/src/checkpoints/mod.rs[0m[2m:[0m[2m1326:[0m Creating checkpoint(s) for 2 transactions [3mnext_checkpoint_seq[0m[2m=[0m242 [3mcheckpoint_timestamp[0m[2m=[0m1742889306610
[2m2025-03-25T07:55:07.155686Z[0m [32m INFO[0m [1mnode[0m[1m{[0m[3mname[0m[2m=[0mk#8dcff6d1..[1m}[0m[2m:[0m [2msui_core::checkpoints::checkpoint_output[0m[2m:[0m [2mcrates/sui-core/src/checkpoints/checkpoint_output.rs[0m[2m:[0m[2m149:[0m Creating checkpoint CheckpointDigest(EVM8jsTMpWtftghkKVnuz8tW3Zq14iUgktSiwT1u9rSe) at epoch 1, sequence 242, previous digest Some(CheckpointDigest(HbGk5U4J8hpj3DzCTwKFaGURTp1ndd9tpezZeLbLYuAP)), transactions count 2, content digest CheckpointContentsDigest(Ct8Es771D3irYnHH98ZwepSvaZmh7iiJEyWyYSgtEdnA), end_of_epoch_data None
[2m2025-03-25T07:55:07.155730Z[0m [32m INFO[0m [1mnode[0m[1m{[0m[3mname[0m[2m=[0mk#99f25ef6..[1m}[0m[2m:[0m [2msui_core::checkpoints[0m[2m:[0m [2mcrates/sui-core/src/checkpoints/mod.rs[0m[2m:[0m[2m1326:[0m Creating checkpoint(s) for 2 transactions [3mnext_checkpoint_seq[0m[2m=[0m242 [3mcheckpoint_timestamp[0m[2m=[0m1742889306610
[2m2025-03-25T07:55:07.155972Z[0m [32m INFO[0m [1mnode[0m[1m{[0m[3mname[0m[2m=[0mk#99f25ef6..[1m}[0m[2m:[0m [2msui_core::checkpoints::checkpoint_output[0m[2m:[0m [2mcrates/sui-core/src/checkpoints/checkpoint_output.rs[0m[2m:[0m[2m149:[0m Creating checkpoint CheckpointDigest(EVM8jsTMpWtftghkKVnuz8tW3Zq14iUgktSiwT1u9rSe) at epoch 1, sequence 242, previous digest Some(CheckpointDigest(HbGk5U4J8hpj3DzCTwKFaGURTp1ndd9tpezZeLbLYuAP)), transactions count 2, content digest CheckpointContentsDigest(Ct8Es771D3irYnHH98ZwepSvaZmh7iiJEyWyYSgtEdnA), end_of_epoch_data None
[2m2025-03-25T07:55:07.304419Z[0m [32m INFO[0m [1mnode[0m[1m{[0m[3mname[0m[2m=[0mk#8dcff6d1..[1m}[0m[2m:[0m [2mconsensus_core::commit_syncer[0m[2m:[0m [2mconsensus/core/src/commit_syncer.rs[0m[2m:[0m[2m196:[0m Checking to schedule fetches: synced_commit_index=29, highest_handled_index=29, highest_scheduled_index=0, quorum_commit_index=28, unhandled_commits_threshold=3200
[2m2025-03-25T07:55:07.326750Z[0m [32m INFO[0m [1mnode[0m[1m{[0m[3mname[0m[2m=[0mk#addeef94..[1m}[0m[2m:[0m [2mconsensus_core::commit_syncer[0m[2m:[0m [2mconsensus/core/src/commit_syncer.rs[0m[2m:[0m[2m196:[0m Checking to schedule fetches: synced_commit_index=29, highest_handled_index=29, highest_scheduled_index=0, quorum_commit_index=0, unhandled_commits_threshold=3200
[2m2025-03-25T07:55:07.331167Z[0m [32m INFO[0m [1mnode[0m[1m{[0m[3mname[0m[2m=[0mk#99f25ef6..[1m}[0m[2m:[0m [2mconsensus_core::commit_syncer[0m[2m:[0m [2mconsensus/core/src/commit_syncer.rs[0m[2m:[0m[2m196:[0m Checking to schedule fetches: synced_commit_index=29, highest_handled_index=29, highest_scheduled_index=0, quorum_commit_index=28, unhandled_commits_threshold=3200
[2m2025-03-25T07:55:07.376223Z[0m [32m INFO[0m [1mnode[0m[1m{[0m[3mname[0m[2m=[0mk#addeef94..[1m}[0m[2m:[0m [2mconsensus_core::core[0m[2m:[0m [2mconsensus/core/src/core.rs[0m[2m:[0m[2m945:[0m Included 3 ancestors & excluded 0 ancestors for proposal in round 39
[2m2025-03-25T07:55:07.376600Z[0m [32m INFO[0m [1mnode[0m[1m{[0m[3mname[0m[2m=[0mk#addeef94..[1m}[0m[2m:[0m [2mconsensus_core::core[0m[2m:[0m [2mconsensus/core/src/core.rs[0m[2m:[0m[2m531:[0m Created block B39(C,FPNeQB/lQ3aHu01MYuewOfQoOdh4LdiHL4dzSrLrv0k=)(1742889307376ms;[B38(C,HsYsv7gP7swuwlAt0ZdCE2WYE5BDHvB1TKoktF2xy1U=), B38(A,ekWZk9RYYl5R2xVHy9zbxDSNDpHALf/uqJXPApfc3L4=), B38(B,HwsHpAxRpPXxGceFgSipmYYO3yYWUp0kGnUfAU/ZcXc=)];1t;1c) for round 39
[2m2025-03-25T07:55:07.378556Z[0m [32m INFO[0m [1mnode[0m[1m{[0m[3mname[0m[2m=[0mk#99f25ef6..[1m}[0m[2m:[0m [2mconsensus_core::core[0m[2m:[0m [2mconsensus/core/src/core.rs[0m[2m:[0m[2m945:[0m Included 3 ancestors & excluded 0 ancestors for proposal in round 39
[2m2025-03-25T07:55:07.378556Z[0m [32m INFO[0m [1mnode[0m[1m{[0m[3mname[0m[2m=[0mk#8dcff6d1..[1m}[0m[2m:[0m [2mconsensus_core::core[0m[2m:[0m [2mconsensus/core/src/core.rs[0m[2m:[0m[2m945:[0m Included 3 ancestors & excluded 0 ancestors for proposal in round 39
[2m2025-03-25T07:55:07.378841Z[0m [32m INFO[0m [1mnode[0m[1m{[0m[3mname[0m[2m=[0mk#8dcff6d1..[1m}[0m[2m:[0m [2mconsensus_core::core[0m[2m:[0m [2mconsensus/core/src/core.rs[0m[2m:[0m[2m531:[0m Created block B39(A,jWXtfSikjILHi8fAji3zh9ZR7KrLZI26y3Cm8snfmLY=)(1742889307378ms;[B38(A,ekWZk9RYYl5R2xVHy9zbxDSNDpHALf/uqJXPApfc3L4=), B38(B,HwsHpAxRpPXxGceFgSipmYYO3yYWUp0kGnUfAU/ZcXc=), B38(C,HsYsv7gP7swuwlAt0ZdCE2WYE5BDHvB1TKoktF2xy1U=)];1t;1c) for round 39
[2m2025-03-25T07:55:07.378844Z[0m [32m INFO[0m [1mnode[0m[1m{[0m[3mname[0m[2m=[0mk#99f25ef6..[1m}[0m[2m:[0m [2mconsensus_core::core[0m[2m:[0m [2mconsensus/core/src/core.rs[0m[2m:[0m[2m531:[0m Created block B39(B,ogzrRPjbR9Fgddx/chSVa8JgXZuWbkT67X/Y53s1o/Y=)(1742889307378ms;[B38(B,HwsHpAxRpPXxGceFgSipmYYO3yYWUp0kGnUfAU/ZcXc=), B38(A,ekWZk9RYYl5R2xVHy9zbxDSNDpHALf/uqJXPApfc3L4=), B38(C,HsYsv7gP7swuwlAt0ZdCE2WYE5BDHvB1TKoktF2xy1U=)];1t;1c) for round 39
[2m2025-03-25T07:55:07.378911Z[0m [32m INFO[0m [1mnode[0m[1m{[0m[3mname[0m[2m=[0mk#99f25ef6..[1m}[0m[2m:[0m [2mconsensus_core::core[0m[2m:[0m [2mconsensus/core/src/core.rs[0m[2m:[0m[2m630:[0m Committing 1 leaders: B37(A,NSZS)
[2m2025-03-25T07:55:07.378911Z[0m [32m INFO[0m [1mnode[0m[1m{[0m[3mname[0m[2m=[0mk#8dcff6d1..[1m}[0m[2m:[0m [2mconsensus_core::core[0m[2m:[0m [2mconsensus/core/src/core.rs[0m[2m:[0m[2m630:[0m Committing 1 leaders: B37(A,NSZS)
[2m2025-03-25T07:55:07.378984Z[0m [32m INFO[0m [1mnode[0m[1m{[0m[3mname[0m[2m=[0mk#8dcff6d1..[1m}[0m[2m:[0m [2mconsensus_core::commit_observer[0m[2m:[0m [2mconsensus/core/src/commit_observer.rs[0m[2m:[0m[2m173:[0m Consensus commit C30(aaxX) with leader B37(A,NSZS) has 3 blocks
[2m2025-03-25T07:55:07.378984Z[0m [32m INFO[0m [1mnode[0m[1m{[0m[3mname[0m[2m=[0mk#99f25ef6..[1m}[0m[2m:[0m [2mconsensus_core::commit_observer[0m[2m:[0m [2mconsensus/core/src/commit_observer.rs[0m[2m:[0m[2m173:[0m Consensus commit C30(aaxX) with leader B37(A,NSZS) has 3 blocks
[2m2025-03-25T07:55:07.379071Z[0m [32m INFO[0m [1mnode[0m[1m{[0m[3mname[0m[2m=[0mk#99f25ef6..[1m}[0m[2m:[0m [2msui_core::consensus_handler[0m[2m:[0m [2mcrates/sui-core/src/consensus_handler.rs[0m[2m:[0m[2m232:[0m Received consensus output [3mconsensus_commit[0m[2m=[0mCommittedSubDag(leader=B37(A,NSZS), ref=C30(aaxX), blocks=[QRwi, b9iq, NSZS]) [3mepoch[0m[2m=[0m1
[2m2025-03-25T07:55:07.379071Z[0m [32m INFO[0m [1mnode[0m[1m{[0m[3mname[0m[2m=[0mk#8dcff6d1..[1m}[0m[2m:[0m [2msui_core::consensus_handler[0m[2m:[0m [2mcrates/sui-core/src/consensus_handler.rs[0m[2m:[0m[2m232:[0m Received consensus output [3mconsensus_commit[0m[2m=[0mCommittedSubDag(leader=B37(A,NSZS), ref=C30(aaxX), blocks=[QRwi, b9iq, NSZS]) [3mepoch[0m[2m=[0m1
[2m2025-03-25T07:55:07.382715Z[0m [32m INFO[0m [1mnode[0m[1m{[0m[3mname[0m[2m=[0mk#addeef94..[1m}[0m[2m:[0m [2mconsensus_core::core[0m[2m:[0m [2mconsensus/core/src/core.rs[0m[2m:[0m[2m630:[0m Committing 1 leaders: B37(A,NSZS)
[2m2025-03-25T07:55:07.382800Z[0m [32m INFO[0m [1mnode[0m[1m{[0m[3mname[0m[2m=[0mk#addeef94..[1m}[0m[2m:[0m [2mconsensus_core::commit_observer[0m[2m:[0m [2mconsensus/core/src/commit_observer.rs[0m[2m:[0m[2m173:[0m Consensus commit C30(aaxX) with leader B37(A,NSZS) has 3 blocks
[2m2025-03-25T07:55:07.382914Z[0m [32m INFO[0m [1mnode[0m[1m{[0m[3mname[0m[2m=[0mk#addeef94..[1m}[0m[2m:[0m [2msui_core::consensus_handler[0m[2m:[0m [2mcrates/sui-core/src/consensus_handler.rs[0m[2m:[0m[2m232:[0m Received consensus output [3mconsensus_commit[0m[2m=[0mCommittedSubDag(leader=B37(A,NSZS), ref=C30(aaxX), blocks=[QRwi, b9iq, NSZS]) [3mepoch[0m[2m=[0m1
[2m2025-03-25T07:55:07.426825Z[0m [32m INFO[0m [1mnode[0m[1m{[0m[3mname[0m[2m=[0mk#99f25ef6..[1m}[0m[2m:[0m [2msui_core::checkpoints[0m[2m:[0m [2mcrates/sui-core/src/checkpoints/mod.rs[0m[2m:[0m[2m1326:[0m Creating checkpoint(s) for 1 transactions [3mnext_checkpoint_seq[0m[2m=[0m243 [3mcheckpoint_timestamp[0m[2m=[0m1742889306866
[2m2025-03-25T07:55:07.427063Z[0m [32m INFO[0m [1mnode[0m[1m{[0m[3mname[0m[2m=[0mk#99f25ef6..[1m}[0m[2m:[0m [2msui_core::checkpoints::checkpoint_output[0m[2m:[0m [2mcrates/sui-core/src/checkpoints/checkpoint_output.rs[0m[2m:[0m[2m149:[0m Creating checkpoint CheckpointDigest(9rY5gSYVPS8DhomBAd77ePKH6yczCYukaASdW6YBmqCq) at epoch 1, sequence 243, previous digest Some(CheckpointDigest(EVM8jsTMpWtftghkKVnuz8tW3Zq14iUgktSiwT1u9rSe)), transactions count 1, content digest CheckpointContentsDigest(9Q6W3KYHAda6DtUzCyJijeJd2AoBw2LGCRpCqhknzkqQ), end_of_epoch_data None
[2m2025-03-25T07:55:07.427496Z[0m [32m INFO[0m [1mnode[0m[1m{[0m[3mname[0m[2m=[0mk#8dcff6d1..[1m}[0m[2m:[0m [2msui_core::checkpoints[0m[2m:[0m [2mcrates/sui-core/src/checkpoints/mod.rs[0m[2m:[0m[2m1326:[0m Creating checkpoint(s) for 1 transactions [3mnext_checkpoint_seq[0m[2m=[0m243 [3mcheckpoint_timestamp[0m[2m=[0m1742889306866
[2m2025-03-25T07:55:07.427668Z[0m [32m INFO[0m [1mnode[0m[1m{[0m[3mname[0m[2m=[0mk#8dcff6d1..[1m}[0m[2m:[0m [2msui_core::checkpoints::checkpoint_output[0m[2m:[0m [2mcrates/sui-core/src/checkpoints/checkpoint_output.rs[0m[2m:[0m[2m149:[0m Creating checkpoint CheckpointDigest(9rY5gSYVPS8DhomBAd77ePKH6yczCYukaASdW6YBmqCq) at epoch 1, sequence 243, previous digest Some(CheckpointDigest(EVM8jsTMpWtftghkKVnuz8tW3Zq14iUgktSiwT1u9rSe)), transactions count 1, content digest CheckpointContentsDigest(9Q6W3KYHAda6DtUzCyJijeJd2AoBw2LGCRpCqhknzkqQ), end_of_epoch_data None
[2m2025-03-25T07:55:07.428172Z[0m [32m INFO[0m [1mnode[0m[1m{[0m[3mname[0m[2m=[0mk#addeef94..[1m}[0m[2m:[0m [2msui_core::checkpoints[0m[2m:[0m [2mcrates/sui-core/src/checkpoints/mod.rs[0m[2m:[0m[2m1326:[0m Creating checkpoint(s) for 1 transactions [3mnext_checkpoint_seq[0m[2m=[0m243 [3mcheckpoint_timestamp[0m[2m=[0m1742889306866
[2m2025-03-25T07:55:07.428343Z[0m [32m INFO[0m [1mnode[0m[1m{[0m[3mname[0m[2m=[0mk#addeef94..[1m}[0m[2m:[0m [2msui_core::checkpoints::checkpoint_output[0m[2m:[0m [2mcrates/sui-core/src/checkpoints/checkpoint_output.rs[0m[2m:[0m[2m149:[0m Creating checkpoint CheckpointDigest(9rY5gSYVPS8DhomBAd77ePKH6yczCYukaASdW6YBmqCq) at epoch 1, sequence 243, previous digest Some(CheckpointDigest(EVM8jsTMpWtftghkKVnuz8tW3Zq14iUgktSiwT1u9rSe)), transactions count 1, content digest CheckpointContentsDigest(9Q6W3KYHAda6DtUzCyJijeJd2AoBw2LGCRpCqhknzkqQ), end_of_epoch_data None
[2m2025-03-25T07:55:07.430454Z[0m [32m INFO[0m [1mnode[0m[1m{[0m[3mname[0m[2m=[0mk#99f25ef6..[1m}[0m[2m:[0m [2msui_core::checkpoints::checkpoint_output[0m[2m:[0m [2mcrates/sui-core/src/checkpoints/checkpoint_output.rs[0m[2m:[0m[2m196:[0m Certified checkpoint with sequence 242 and digest EVM8jsTMpWtftghkKVnuz8tW3Zq14iUgktSiwT1u9rSe
[2m2025-03-25T07:55:07.430594Z[0m [32m INFO[0m [1mnode[0m[1m{[0m[3mname[0m[2m=[0mk#8dcff6d1..[1m}[0m[2m:[0m [2msui_core::checkpoints::checkpoint_output[0m[2m:[0m [2mcrates/sui-core/src/checkpoints/checkpoint_output.rs[0m[2m:[0m[2m196:[0m Certified checkpoint with sequence 242 and digest EVM8jsTMpWtftghkKVnuz8tW3Zq14iUgktSiwT1u9rSe
[2m2025-03-25T07:55:07.433836Z[0m [32m INFO[0m [1mnode[0m[1m{[0m[3mname[0m[2m=[0mk#8dcff6d1..[1m}[0m[2m:[0m [2msui_core::checkpoints::checkpoint_executor[0m[2m:[0m [2mcrates/sui-core/src/checkpoints/checkpoint_executor/mod.rs[0m[2m:[0m[2m332:[0m Received checkpoint summary from state sync [3msequence_number[0m[2m=[0m242
[2m2025-03-25T07:55:07.433974Z[0m [32m INFO[0m [1mnode[0m[1m{[0m[3mname[0m[2m=[0mk#99f25ef6..[1m}[0m[2m:[0m [2msui_core::checkpoints::checkpoint_executor[0m[2m:[0m [2mcrates/sui-core/src/checkpoints/checkpoint_executor/mod.rs[0m[2m:[0m[2m332:[0m Received checkpoint summary from state sync [3msequence_number[0m[2m=[0m242
[2m2025-03-25T07:55:07.452597Z[0m [32m INFO[0m [1mnode[0m[1m{[0m[3mname[0m[2m=[0mk#8dcff6d1..[1m}[0m[2m:[0m [2msui_core::state_accumulator[0m[2m:[0m [2mcrates/sui-core/src/state_accumulator.rs[0m[2m:[0m[2m675:[0m accumulating running root for checkpoint 242
[2m2025-03-25T07:55:07.452610Z[0m [32m INFO[0m [1mnode[0m[1m{[0m[3mname[0m[2m=[0mk#99f25ef6..[1m}[0m[2m:[0m [2msui_core::state_accumulator[0m[2m:[0m [2mcrates/sui-core/src/state_accumulator.rs[0m[2m:[0m[2m675:[0m accumulating running root for checkpoint 242
[2m2025-03-25T07:55:07.495573Z[0m [32m INFO[0m [1mnode[0m[1m{[0m[3mname[0m[2m=[0mk#addeef94..[1m}[0m[2m:[0m [2msui_core::checkpoints::checkpoint_executor[0m[2m:[0m [2mcrates/sui-core/src/checkpoints/checkpoint_executor/mod.rs[0m[2m:[0m[2m332:[0m Received checkpoint summary from state sync [3msequence_number[0m[2m=[0m242
[2m2025-03-25T07:55:07.496885Z[0m [32m INFO[0m [1mnode[0m[1m{[0m[3mname[0m[2m=[0mk#addeef94..[1m}[0m[2m:[0m [2msui_core::state_accumulator[0m[2m:[0m [2mcrates/sui-core/src/state_accumulator.rs[0m[2m:[0m[2m675:[0m accumulating running root for checkpoint 242
[2m2025-03-25T07:55:07.535016Z[0m [32m INFO[0m [1mnode[0m[1m{[0m[3mname[0m[2m=[0mk#8dcff6d1..[1m}[0m[2m:[0m [2mconsensus_core::core[0m[2m:[0m [2mconsensus/core/src/core.rs[0m[2m:[0m[2m694:[0m Received quorum round per authority in ancestor state manager set to: [(39, 39), (39, 39), (39, 39)]
[2m2025-03-25T07:55:07.535028Z[0m [32m INFO[0m [1mnode[0m[1m{[0m[3mname[0m[2m=[0mk#8dcff6d1..[1m}[0m[2m:[0m [2mconsensus_core::core[0m[2m:[0m [2mconsensus/core/src/core.rs[0m[2m:[0m[2m695:[0m Accepted quorum round per authority in ancestor state manager set to: [(39, 39), (39, 39), (39, 39)]
[2m2025-03-25T07:55:07.535035Z[0m [32m INFO[0m [1mnode[0m[1m{[0m[3mname[0m[2m=[0mk#8dcff6d1..[1m}[0m[2m:[0m [2mconsensus_core::core[0m[2m:[0m [2mconsensus/core/src/core.rs[0m[2m:[0m[2m698:[0m Propagation round delay set to: 0
[2m2025-03-25T07:55:07.630744Z[0m [32m INFO[0m [1mnode[0m[1m{[0m[3mname[0m[2m=[0mk#99f25ef6..[1m}[0m[2m:[0m [2mconsensus_core::core[0m[2m:[0m [2mconsensus/core/src/core.rs[0m[2m:[0m[2m945:[0m Included 3 ancestors & excluded 0 ancestors for proposal in round 40
[2m2025-03-25T07:55:07.631115Z[0m [32m INFO[0m [1mnode[0m[1m{[0m[3mname[0m[2m=[0mk#99f25ef6..[1m}[0m[2m:[0m [2mconsensus_core::core[0m[2m:[0m [2mconsensus/core/src/core.rs[0m[2m:[0m[2m531:[0m Created block B40(B,73UpAE0Drh21tnQG6A/z2W4iKh2Rbol4NqfEzU48nnY=)(1742889307630ms;[B39(B,ogzrRPjbR9Fgddx/chSVa8JgXZuWbkT67X/Y53s1o/Y=), B39(A,jWXtfSikjILHi8fAji3zh9ZR7KrLZI26y3Cm8snfmLY=), B39(C,FPNeQB/lQ3aHu01MYuewOfQoOdh4LdiHL4dzSrLrv0k=)];1t;1c) for round 40
[2m2025-03-25T07:55:07.632700Z[0m [32m INFO[0m [1mnode[0m[1m{[0m[3mname[0m[2m=[0mk#8dcff6d1..[1m}[0m[2m:[0m [2mconsensus_core::core[0m[2m:[0m [2mconsensus/core/src/core.rs[0m[2m:[0m[2m945:[0m Included 3 ancestors & excluded 0 ancestors for proposal in round 40
[2m2025-03-25T07:55:07.632991Z[0m [32m INFO[0m [1mnode[0m[1m{[0m[3mname[0m[2m=[0mk#8dcff6d1..[1m}[0m[2m:[0m [2mconsensus_core::core[0m[2m:[0m [2mconsensus/core/src/core.rs[0m[2m:[0m[2m531:[0m Created block B40(A,4axfv5K2QSBZkL84ujTsdKTNgPaZdYmNk7XU0qNhus8=)(1742889307632ms;[B39(A,jWXtfSikjILHi8fAji3zh9ZR7KrLZI26y3Cm8snfmLY=), B39(B,ogzrRPjbR9Fgddx/chSVa8JgXZuWbkT67X/Y53s1o/Y=), B39(C,FPNeQB/lQ3aHu01MYuewOfQoOdh4LdiHL4dzSrLrv0k=)];1t;1c) for round 40
[2m2025-03-25T07:55:07.634780Z[0m [32m INFO[0m [1mnode[0m[1m{[0m[3mname[0m[2m=[0mk#addeef94..[1m}[0m[2m:[0m [2mconsensus_core::core[0m[2m:[0m [2mconsensus/core/src/core.rs[0m[2m:[0m[2m945:[0m Included 3 ancestors & excluded 0 ancestors for proposal in round 40
[2m2025-03-25T07:55:07.635087Z[0m [32m INFO[0m [1mnode[0m[1m{[0m[3mname[0m[2m=[0mk#addeef94..[1m}[0m[2m:[0m [2mconsensus_core::core[0m[2m:[0m [2mconsensus/core/src/core.rs[0m[2m:[0m[2m531:[0m Created block B40(C,nYO4rN/1+vBuS+QGZ4AGcZCTCucIJ5Jj0dyMsciWGF0=)(1742889307634ms;[B39(C,FPNeQB/lQ3aHu01MYuewOfQoOdh4LdiHL4dzSrLrv0k=), B39(A,jWXtfSikjILHi8fAji3zh9ZR7KrLZI26y3Cm8snfmLY=), B39(B,ogzrRPjbR9Fgddx/chSVa8JgXZuWbkT67X/Y53s1o/Y=)];1t;1c) for round 40
[2m2025-03-25T07:55:07.635156Z[0m [32m INFO[0m [1mnode[0m[1m{[0m[3mname[0m[2m=[0mk#addeef94..[1m}[0m[2m:[0m [2mconsensus_core::core[0m[2m:[0m [2mconsensus/core/src/core.rs[0m[2m:[0m[2m630:[0m Committing 1 leaders: B38(A,ekWZ)
[2m2025-03-25T07:55:07.635225Z[0m [32m INFO[0m [1mnode[0m[1m{[0m[3mname[0m[2m=[0mk#addeef94..[1m}[0m[2m:[0m [2mconsensus_core::commit_observer[0m[2m:[0m [2mconsensus/core/src/commit_observer.rs[0m[2m:[0m[2m173:[0m Consensus commit C31(JVfQ) with leader B38(A,ekWZ) has 3 blocks
[2m2025-03-25T07:55:07.635307Z[0m [32m INFO[0m [1mnode[0m[1m{[0m[3mname[0m[2m=[0mk#addeef94..[1m}[0m[2m:[0m [2msui_core::consensus_handler[0m[2m:[0m [2mcrates/sui-core/src/consensus_handler.rs[0m[2m:[0m[2m232:[0m Received consensus output [3mconsensus_commit[0m[2m=[0mCommittedSubDag(leader=B38(A,ekWZ), ref=C31(JVfQ), blocks=[juVG, 1LnC, ekWZ]) [3mepoch[0m[2m=[0m1
[2m2025-03-25T07:55:07.638323Z[0m [32m INFO[0m [1mnode[0m[1m{[0m[3mname[0m[2m=[0mk#8dcff6d1..[1m}[0m[2m:[0m [2msui_core::checkpoints::checkpoint_output[0m[2m:[0m [2mcrates/sui-core/src/checkpoints/checkpoint_output.rs[0m[2m:[0m[2m196:[0m Certified checkpoint with sequence 243 and digest 9rY5gSYVPS8DhomBAd77ePKH6yczCYukaASdW6YBmqCq
[2m2025-03-25T07:55:07.638323Z[0m [32m INFO[0m [1mnode[0m[1m{[0m[3mname[0m[2m=[0mk#99f25ef6..[1m}[0m[2m:[0m [2msui_core::checkpoints::checkpoint_output[0m[2m:[0m [2mcrates/sui-core/src/checkpoints/checkpoint_output.rs[0m[2m:[0m[2m196:[0m Certified checkpoint with sequence 243 and digest 9rY5gSYVPS8DhomBAd77ePKH6yczCYukaASdW6YBmqCq
[2m2025-03-25T07:55:07.638436Z[0m [32m INFO[0m [1mnode[0m[1m{[0m[3mname[0m[2m=[0mk#8dcff6d1..[1m}[0m[2m:[0m [2mconsensus_core::core[0m[2m:[0m [2mconsensus/core/src/core.rs[0m[2m:[0m[2m630:[0m Committing 1 leaders: B38(A,ekWZ)
[2m2025-03-25T07:55:07.638436Z[0m [32m INFO[0m [1mnode[0m[1m{[0m[3mname[0m[2m=[0mk#99f25ef6..[1m}[0m[2m:[0m [2mconsensus_core::core[0m[2m:[0m [2mconsensus/core/src/core.rs[0m[2m:[0m[2m630:[0m Committing 1 leaders: B38(A,ekWZ)
[2m2025-03-25T07:55:07.638538Z[0m [32m INFO[0m [1mnode[0m[1m{[0m[3mname[0m[2m=[0mk#8dcff6d1..[1m}[0m[2m:[0m [2mconsensus_core::commit_observer[0m[2m:[0m [2mconsensus/core/src/commit_observer.rs[0m[2m:[0m[2m173:[0m Consensus commit C31(JVfQ) with leader B38(A,ekWZ) has 3 blocks
[2m2025-03-25T07:55:07.638543Z[0m [32m INFO[0m [1mnode[0m[1m{[0m[3mname[0m[2m=[0mk#99f25ef6..[1m}[0m[2m:[0m [2mconsensus_core::commit_observer[0m[2m:[0m [2mconsensus/core/src/commit_observer.rs[0m[2m:[0m[2m173:[0m Consensus commit C31(JVfQ) with leader B38(A,ekWZ) has 3 blocks
[2m2025-03-25T07:55:07.638949Z[0m [32m INFO[0m [1mnode[0m[1m{[0m[3mname[0m[2m=[0mk#99f25ef6..[1m}[0m[2m:[0m [2msui_core::consensus_handler[0m[2m:[0m [2mcrates/sui-core/src/consensus_handler.rs[0m[2m:[0m[2m232:[0m Received consensus output [3mconsensus_commit[0m[2m=[0mCommittedSubDag(leader=B38(A,ekWZ), ref=C31(JVfQ), blocks=[juVG, 1LnC, ekWZ]) [3mepoch[0m[2m=[0m1
[2m2025-03-25T07:55:07.638949Z[0m [32m INFO[0m [1mnode[0m[1m{[0m[3mname[0m[2m=[0mk#8dcff6d1..[1m}[0m[2m:[0m [2msui_core::consensus_handler[0m[2m:[0m [2mcrates/sui-core/src/consensus_handler.rs[0m[2m:[0m[2m232:[0m Received consensus output [3mconsensus_commit[0m[2m=[0mCommittedSubDag(leader=B38(A,ekWZ), ref=C31(JVfQ), blocks=[juVG, 1LnC, ekWZ]) [3mepoch[0m[2m=[0m1
[2m2025-03-25T07:55:07.639511Z[0m [32m INFO[0m [1mnode[0m[1m{[0m[3mname[0m[2m=[0mk#99f25ef6..[1m}[0m[2m:[0m [2msui_core::checkpoints::checkpoint_executor[0m[2m:[0m [2mcrates/sui-core/src/checkpoints/checkpoint_executor/mod.rs[0m[2m:[0m[2m332:[0m Received checkpoint summary from state sync [3msequence_number[0m[2m=[0m243
[2m2025-03-25T07:55:07.639511Z[0m [32m INFO[0m [1mnode[0m[1m{[0m[3mname[0m[2m=[0mk#8dcff6d1..[1m}[0m[2m:[0m [2msui_core::checkpoints::checkpoint_executor[0m[2m:[0m [2mcrates/sui-core/src/checkpoints/checkpoint_executor/mod.rs[0m[2m:[0m[2m332:[0m Received checkpoint summary from state sync [3msequence_number[0m[2m=[0m243
[2m2025-03-25T07:55:07.641016Z[0m [32m INFO[0m [1mnode[0m[1m{[0m[3mname[0m[2m=[0mk#99f25ef6..[1m}[0m[2m:[0m [2msui_core::state_accumulator[0m[2m:[0m [2mcrates/sui-core/src/state_accumulator.rs[0m[2m:[0m[2m675:[0m accumulating running root for checkpoint 243
[2m2025-03-25T07:55:07.641016Z[0m [32m INFO[0m [1mnode[0m[1m{[0m[3mname[0m[2m=[0mk#8dcff6d1..[1m}[0m[2m:[0m [2msui_core::state_accumulator[0m[2m:[0m [2mcrates/sui-core/src/state_accumulator.rs[0m[2m:[0m[2m675:[0m accumulating running root for checkpoint 243
[2m2025-03-25T07:55:07.662301Z[0m [32m INFO[0m [1mnode[0m[1m{[0m[3mname[0m[2m=[0mk#addeef94..[1m}[0m[2m:[0m [2msui_core::checkpoints[0m[2m:[0m [2mcrates/sui-core/src/checkpoints/mod.rs[0m[2m:[0m[2m1326:[0m Creating checkpoint(s) for 2 transactions [3mnext_checkpoint_seq[0m[2m=[0m244 [3mcheckpoint_timestamp[0m[2m=[0m1742889307119
[2m2025-03-25T07:55:07.662613Z[0m [32m INFO[0m [1mnode[0m[1m{[0m[3mname[0m[2m=[0mk#addeef94..[1m}[0m[2m:[0m [2msui_core::checkpoints::checkpoint_output[0m[2m:[0m [2mcrates/sui-core/src/checkpoints/checkpoint_output.rs[0m[2m:[0m[2m149:[0m Creating checkpoint CheckpointDigest(AkhJ5zLX9G5uP9zpoDRN1YN6MUL645YnZopmGyjdYc6w) at epoch 1, sequence 244, previous digest Some(CheckpointDigest(9rY5gSYVPS8DhomBAd77ePKH6yczCYukaASdW6YBmqCq)), transactions count 2, content digest CheckpointContentsDigest(8Byp73eF9jvBg5WckNAknsbqLNPb6DWDhXpXQexArxze), end_of_epoch_data None
[2m2025-03-25T07:55:07.666720Z[0m [32m INFO[0m [1mnode[0m[1m{[0m[3mname[0m[2m=[0mk#8dcff6d1..[1m}[0m[2m:[0m [2msui_core::checkpoints[0m[2m:[0m [2mcrates/sui-core/src/checkpoints/mod.rs[0m[2m:[0m[2m1326:[0m Creating checkpoint(s) for 2 transactions [3mnext_checkpoint_seq[0m[2m=[0m244 [3mcheckpoint_timestamp[0m[2m=[0m1742889307119
[2m2025-03-25T07:55:07.666738Z[0m [32m INFO[0m [1mnode[0m[1m{[0m[3mname[0m[2m=[0mk#99f25ef6..[1m}[0m[2m:[0m [2msui_core::checkpoints[0m[2m:[0m [2mcrates/sui-core/src/checkpoints/mod.rs[0m[2m:[0m[2m1326:[0m Creating checkpoint(s) for 2 transactions [3mnext_checkpoint_seq[0m[2m=[0m244 [3mcheckpoint_timestamp[0m[2m=[0m1742889307119
[2m2025-03-25T07:55:07.666984Z[0m [32m INFO[0m [1mnode[0m[1m{[0m[3mname[0m[2m=[0mk#8dcff6d1..[1m}[0m[2m:[0m [2msui_core::checkpoints::checkpoint_output[0m[2m:[0m [2mcrates/sui-core/src/checkpoints/checkpoint_output.rs[0m[2m:[0m[2m149:[0m Creating checkpoint CheckpointDigest(AkhJ5zLX9G5uP9zpoDRN1YN6MUL645YnZopmGyjdYc6w) at epoch 1, sequence 244, previous digest Some(CheckpointDigest(9rY5gSYVPS8DhomBAd77ePKH6yczCYukaASdW6YBmqCq)), transactions count 2, content digest CheckpointContentsDigest(8Byp73eF9jvBg5WckNAknsbqLNPb6DWDhXpXQexArxze), end_of_epoch_data None
[2m2025-03-25T07:55:07.666993Z[0m [32m INFO[0m [1mnode[0m[1m{[0m[3mname[0m[2m=[0mk#99f25ef6..[1m}[0m[2m:[0m [2msui_core::checkpoints::checkpoint_output[0m[2m:[0m [2mcrates/sui-core/src/checkpoints/checkpoint_output.rs[0m[2m:[0m[2m149:[0m Creating checkpoint CheckpointDigest(AkhJ5zLX9G5uP9zpoDRN1YN6MUL645YnZopmGyjdYc6w) at epoch 1, sequence 244, previous digest Some(CheckpointDigest(9rY5gSYVPS8DhomBAd77ePKH6yczCYukaASdW6YBmqCq)), transactions count 2, content digest CheckpointContentsDigest(8Byp73eF9jvBg5WckNAknsbqLNPb6DWDhXpXQexArxze), end_of_epoch_data None
[2m2025-03-25T07:55:07.667619Z[0m [32m INFO[0m [1mnode[0m[1m{[0m[3mname[0m[2m=[0mk#addeef94..[1m}[0m[2m:[0m [2msui_core::checkpoints::checkpoint_executor[0m[2m:[0m [2mcrates/sui-core/src/checkpoints/checkpoint_executor/mod.rs[0m[2m:[0m[2m332:[0m Received checkpoint summary from state sync [3msequence_number[0m[2m=[0m243
[2m2025-03-25T07:55:07.668488Z[0m [32m INFO[0m [1mnode[0m[1m{[0m[3mname[0m[2m=[0mk#addeef94..[1m}[0m[2m:[0m [2msui_core::state_accumulator[0m[2m:[0m [2mcrates/sui-core/src/state_accumulator.rs[0m[2m:[0m[2m675:[0m accumulating running root for checkpoint 243
[2m2025-03-25T07:55:07.670138Z[0m [32m INFO[0m [1mnode[0m[1m{[0m[3mname[0m[2m=[0mk#addeef94..[1m}[0m[2m:[0m [2mconsensus_core::core[0m[2m:[0m [2mconsensus/core/src/core.rs[0m[2m:[0m[2m694:[0m Received quorum round per authority in ancestor state manager set to: [(40, 40), (40, 40), (40, 40)]
[2m2025-03-25T07:55:07.670147Z[0m [32m INFO[0m [1mnode[0m[1m{[0m[3mname[0m[2m=[0mk#addeef94..[1m}[0m[2m:[0m [2mconsensus_core::core[0m[2m:[0m [2mconsensus/core/src/core.rs[0m[2m:[0m[2m695:[0m Accepted quorum round per authority in ancestor state manager set to: [(40, 40), (40, 40), (40, 40)]
[2m2025-03-25T07:55:07.670154Z[0m [32m INFO[0m [1mnode[0m[1m{[0m[3mname[0m[2m=[0mk#addeef94..[1m}[0m[2m:[0m [2mconsensus_core::core[0m[2m:[0m [2mconsensus/core/src/core.rs[0m[2m:[0m[2m698:[0m Propagation round delay set to: 0
[2m2025-03-25T07:55:07.670914Z[0m [32m INFO[0m [1mnode[0m[1m{[0m[3mname[0m[2m=[0mk#99f25ef6..[1m}[0m[2m:[0m [2mconsensus_core::core[0m[2m:[0m [2mconsensus/core/src/core.rs[0m[2m:[0m[2m694:[0m Received quorum round per authority in ancestor state manager set to: [(40, 40), (40, 40), (40, 40)]
[2m2025-03-25T07:55:07.670923Z[0m [32m INFO[0m [1mnode[0m[1m{[0m[3mname[0m[2m=[0mk#99f25ef6..[1m}[0m[2m:[0m [2mconsensus_core::core[0m[2m:[0m [2mconsensus/core/src/core.rs[0m[2m:[0m[2m695:[0m Accepted quorum round per authority in ancestor state manager set to: [(40, 40), (40, 40), (40, 40)]
[2m2025-03-25T07:55:07.670929Z[0m [32m INFO[0m [1mnode[0m[1m{[0m[3mname[0m[2m=[0mk#99f25ef6..[1m}[0m[2m:[0m [2mconsensus_core::core[0m[2m:[0m [2mconsensus/core/src/core.rs[0m[2m:[0m[2m698:[0m Propagation round delay set to: 0
[2m2025-03-25T07:55:07.888690Z[0m [32m INFO[0m [1mnode[0m[1m{[0m[3mname[0m[2m=[0mk#addeef94..[1m}[0m[2m:[0m [2mconsensus_core::core[0m[2m:[0m [2mconsensus/core/src/core.rs[0m[2m:[0m[2m945:[0m Included 3 ancestors & excluded 0 ancestors for proposal in round 41
[2m2025-03-25T07:55:07.889092Z[0m [32m INFO[0m [1mnode[0m[1m{[0m[3mname[0m[2m=[0mk#addeef94..[1m}[0m[2m:[0m [2mconsensus_core::core[0m[2m:[0m [2mconsensus/core/src/core.rs[0m[2m:[0m[2m531:[0m Created block B41(C,bJ2jTF/QR6aoZpzfkezX26Wg6TlI/g1faMcQ8qduE/E=)(1742889307888ms;[B40(C,nYO4rN/1+vBuS+QGZ4AGcZCTCucIJ5Jj0dyMsciWGF0=), B40(A,4axfv5K2QSBZkL84ujTsdKTNgPaZdYmNk7XU0qNhus8=), B40(B,73UpAE0Drh21tnQG6A/z2W4iKh2Rbol4NqfEzU48nnY=)];1t;1c) for round 41
[2m2025-03-25T07:55:07.890863Z[0m [32m INFO[0m [1mnode[0m[1m{[0m[3mname[0m[2m=[0mk#99f25ef6..[1m}[0m[2m:[0m [2mconsensus_core::core[0m[2m:[0m [2mconsensus/core/src/core.rs[0m[2m:[0m[2m945:[0m Included 3 ancestors & excluded 0 ancestors for proposal in round 41
[2m2025-03-25T07:55:07.890863Z[0m [32m INFO[0m [1mnode[0m[1m{[0m[3mname[0m[2m=[0mk#8dcff6d1..[1m}[0m[2m:[0m [2mconsensus_core::core[0m[2m:[0m [2mconsensus/core/src/core.rs[0m[2m:[0m[2m945:[0m Included 3 ancestors & excluded 0 ancestors for proposal in round 41
[2m2025-03-25T07:55:07.891151Z[0m [32m INFO[0m [1mnode[0m[1m{[0m[3mname[0m[2m=[0mk#8dcff6d1..[1m}[0m[2m:[0m [2mconsensus_core::core[0m[2m:[0m [2mconsensus/core/src/core.rs[0m[2m:[0m[2m531:[0m Created block B41(A,twdzOWEfh0BVVqTNNjLjjl160g430ahudNFPIsMVv9M=)(1742889307890ms;[B40(A,4axfv5K2QSBZkL84ujTsdKTNgPaZdYmNk7XU0qNhus8=), B40(B,73UpAE0Drh21tnQG6A/z2W4iKh2Rbol4NqfEzU48nnY=), B40(C,nYO4rN/1+vBuS+QGZ4AGcZCTCucIJ5Jj0dyMsciWGF0=)];1t;1c) for round 41
[2m2025-03-25T07:55:07.891154Z[0m [32m INFO[0m [1mnode[0m[1m{[0m[3mname[0m[2m=[0mk#99f25ef6..[1m}[0m[2m:[0m [2mconsensus_core::core[0m[2m:[0m [2mconsensus/core/src/core.rs[0m[2m:[0m[2m531:[0m Created block B41(B,N08l4jD2rElVqq7IcEZ9wWyCWcV+LkG3RDqaT5f8Dxo=)(1742889307890ms;[B40(B,73UpAE0Drh21tnQG6A/z2W4iKh2Rbol4NqfEzU48nnY=), B40(A,4axfv5K2QSBZkL84ujTsdKTNgPaZdYmNk7XU0qNhus8=), B40(C,nYO4rN/1+vBuS+QGZ4AGcZCTCucIJ5Jj0dyMsciWGF0=)];1t;1c) for round 41
[2m2025-03-25T07:55:07.891297Z[0m [32m INFO[0m [1mnode[0m[1m{[0m[3mname[0m[2m=[0mk#8dcff6d1..[1m}[0m[2m:[0m [2mconsensus_core::core[0m[2m:[0m [2mconsensus/core/src/core.rs[0m[2m:[0m[2m630:[0m Committing 1 leaders: B39(A,jWXt)
[2m2025-03-25T07:55:07.891297Z[0m [32m INFO[0m [1mnode[0m[1m{[0m[3mname[0m[2m=[0mk#99f25ef6..[1m}[0m[2m:[0m [2mconsensus_core::core[0m[2m:[0m [2mconsensus/core/src/core.rs[0m[2m:[0m[2m630:[0m Committing 1 leaders: B39(A,jWXt)
[2m2025-03-25T07:55:07.891384Z[0m [32m INFO[0m [1mnode[0m[1m{[0m[3mname[0m[2m=[0mk#8dcff6d1..[1m}[0m[2m:[0m [2mconsensus_core::commit_observer[0m[2m:[0m [2mconsensus/core/src/commit_observer.rs[0m[2m:[0m[2m173:[0m Consensus commit C32(0ayZ) with leader B39(A,jWXt) has 3 blocks
[2m2025-03-25T07:55:07.891385Z[0m [32m INFO[0m [1mnode[0m[1m{[0m[3mname[0m[2m=[0mk#99f25ef6..[1m}[0m[2m:[0m [2mconsensus_core::commit_observer[0m[2m:[0m [2mconsensus/core/src/commit_observer.rs[0m[2m:[0m[2m173:[0m Consensus commit C32(0ayZ) with leader B39(A,jWXt) has 3 blocks
[2m2025-03-25T07:55:07.891651Z[0m [32m INFO[0m [1mnode[0m[1m{[0m[3mname[0m[2m=[0mk#99f25ef6..[1m}[0m[2m:[0m [2msui_core::consensus_handler[0m[2m:[0m [2mcrates/sui-core/src/consensus_handler.rs[0m[2m:[0m[2m232:[0m Received consensus output [3mconsensus_commit[0m[2m=[0mCommittedSubDag(leader=B39(A,jWXt), ref=C32(0ayZ), blocks=[HwsH, HsYs, jWXt]) [3mepoch[0m[2m=[0m1
[2m2025-03-25T07:55:07.891652Z[0m [32m INFO[0m [1mnode[0m[1m{[0m[3mname[0m[2m=[0mk#8dcff6d1..[1m}[0m[2m:[0m [2msui_core::consensus_handler[0m[2m:[0m [2mcrates/sui-core/src/consensus_handler.rs[0m[2m:[0m[2m232:[0m Received consensus output [3mconsensus_commit[0m[2m=[0mCommittedSubDag(leader=B39(A,jWXt), ref=C32(0ayZ), blocks=[HwsH, HsYs, jWXt]) [3mepoch[0m[2m=[0m1
[2m2025-03-25T07:55:07.895484Z[0m [32m INFO[0m [1mnode[0m[1m{[0m[3mname[0m[2m=[0mk#addeef94..[1m}[0m[2m:[0m [2mconsensus_core::core[0m[2m:[0m [2mconsensus/core/src/core.rs[0m[2m:[0m[2m630:[0m Committing 1 leaders: B39(A,jWXt)
[2m2025-03-25T07:55:07.895585Z[0m [32m INFO[0m [1mnode[0m[1m{[0m[3mname[0m[2m=[0mk#addeef94..[1m}[0m[2m:[0m [2mconsensus_core::commit_observer[0m[2m:[0m [2mconsensus/core/src/commit_observer.rs[0m[2m:[0m[2m173:[0m Consensus commit C32(0ayZ) with leader B39(A,jWXt) has 3 blocks
[2m2025-03-25T07:55:07.895714Z[0m [32m INFO[0m [1mnode[0m[1m{[0m[3mname[0m[2m=[0mk#addeef94..[1m}[0m[2m:[0m [2msui_core::consensus_handler[0m[2m:[0m [2mcrates/sui-core/src/consensus_handler.rs[0m[2m:[0m[2m232:[0m Received consensus output [3mconsensus_commit[0m[2m=[0mCommittedSubDag(leader=B39(A,jWXt), ref=C32(0ayZ), blocks=[HwsH, HsYs, jWXt]) [3mepoch[0m[2m=[0m1
[2m2025-03-25T07:55:07.936663Z[0m [32m INFO[0m [1mnode[0m[1m{[0m[3mname[0m[2m=[0mk#8dcff6d1..[1m}[0m[2m:[0m [2msui_core::checkpoints[0m[2m:[0m [2mcrates/sui-core/src/checkpoints/mod.rs[0m[2m:[0m[2m1326:[0m Creating checkpoint(s) for 1 transactions [3mnext_checkpoint_seq[0m[2m=[0m245 [3mcheckpoint_timestamp[0m[2m=[0m1742889307378
[2m2025-03-25T07:55:07.936906Z[0m [32m INFO[0m [1mnode[0m[1m{[0m[3mname[0m[2m=[0mk#8dcff6d1..[1m}[0m[2m:[0m [2msui_core::checkpoints::checkpoint_output[0m[2m:[0m [2mcrates/sui-core/src/checkpoints/checkpoint_output.rs[0m[2m:[0m[2m149:[0m Creating checkpoint CheckpointDigest(HXX322LqZLtUf9rxWwpsqu31NNqpRKyosFigi26QoC4D) at epoch 1, sequence 245, previous digest Some(CheckpointDigest(AkhJ5zLX9G5uP9zpoDRN1YN6MUL645YnZopmGyjdYc6w)), transactions count 1, content digest CheckpointContentsDigest(E1QzuMmsnTxgtuh6kgAq4tx2QHhExYXVwQkDcgZ8Gpem), end_of_epoch_data None
[2m2025-03-25T07:55:07.937293Z[0m [32m INFO[0m [1mnode[0m[1m{[0m[3mname[0m[2m=[0mk#99f25ef6..[1m}[0m[2m:[0m [2msui_core::checkpoints[0m[2m:[0m [2mcrates/sui-core/src/checkpoints/mod.rs[0m[2m:[0m[2m1326:[0m Creating checkpoint(s) for 1 transactions [3mnext_checkpoint_seq[0m[2m=[0m245 [3mcheckpoint_timestamp[0m[2m=[0m1742889307378
[2m2025-03-25T07:55:07.937473Z[0m [32m INFO[0m [1mnode[0m[1m{[0m[3mname[0m[2m=[0mk#99f25ef6..[1m}[0m[2m:[0m [2msui_core::checkpoints::checkpoint_output[0m[2m:[0m [2mcrates/sui-core/src/checkpoints/checkpoint_output.rs[0m[2m:[0m[2m149:[0m Creating checkpoint CheckpointDigest(HXX322LqZLtUf9rxWwpsqu31NNqpRKyosFigi26QoC4D) at epoch 1, sequence 245, previous digest Some(CheckpointDigest(AkhJ5zLX9G5uP9zpoDRN1YN6MUL645YnZopmGyjdYc6w)), transactions count 1, content digest CheckpointContentsDigest(E1QzuMmsnTxgtuh6kgAq4tx2QHhExYXVwQkDcgZ8Gpem), end_of_epoch_data None
[2m2025-03-25T07:55:07.939512Z[0m [32m INFO[0m [1mnode[0m[1m{[0m[3mname[0m[2m=[0mk#addeef94..[1m}[0m[2m:[0m [2msui_core::checkpoints[0m[2m:[0m [2mcrates/sui-core/src/checkpoints/mod.rs[0m[2m:[0m[2m1326:[0m Creating checkpoint(s) for 1 transactions [3mnext_checkpoint_seq[0m[2m=[0m245 [3mcheckpoint_timestamp[0m[2m=[0m1742889307378
[2m2025-03-25T07:55:07.939689Z[0m [32m INFO[0m [1mnode[0m[1m{[0m[3mname[0m[2m=[0mk#addeef94..[1m}[0m[2m:[0m [2msui_core::checkpoints::checkpoint_output[0m[2m:[0m [2mcrates/sui-core/src/checkpoints/checkpoint_output.rs[0m[2m:[0m[2m149:[0m Creating checkpoint CheckpointDigest(HXX322LqZLtUf9rxWwpsqu31NNqpRKyosFigi26QoC4D) at epoch 1, sequence 245, previous digest Some(CheckpointDigest(AkhJ5zLX9G5uP9zpoDRN1YN6MUL645YnZopmGyjdYc6w)), transactions count 1, content digest CheckpointContentsDigest(E1QzuMmsnTxgtuh6kgAq4tx2QHhExYXVwQkDcgZ8Gpem), end_of_epoch_data None
[2m2025-03-25T07:55:07.940133Z[0m [32m INFO[0m [1mnode[0m[1m{[0m[3mname[0m[2m=[0mk#8dcff6d1..[1m}[0m[2m:[0m [2msui_core::checkpoints::checkpoint_output[0m[2m:[0m [2mcrates/sui-core/src/checkpoints/checkpoint_output.rs[0m[2m:[0m[2m196:[0m Certified checkpoint with sequence 244 and digest AkhJ5zLX9G5uP9zpoDRN1YN6MUL645YnZopmGyjdYc6w
[2m2025-03-25T07:55:07.940403Z[0m [32m INFO[0m [1mnode[0m[1m{[0m[3mname[0m[2m=[0mk#99f25ef6..[1m}[0m[2m:[0m [2msui_core::checkpoints::checkpoint_output[0m[2m:[0m [2mcrates/sui-core/src/checkpoints/checkpoint_output.rs[0m[2m:[0m[2m196:[0m Certified checkpoint with sequence 244 and digest AkhJ5zLX9G5uP9zpoDRN1YN6MUL645YnZopmGyjdYc6w
[2m2025-03-25T07:55:07.943235Z[0m [32m INFO[0m [1mnode[0m[1m{[0m[3mname[0m[2m=[0mk#8dcff6d1..[1m}[0m[2m:[0m [2msui_core::checkpoints::checkpoint_executor[0m[2m:[0m [2mcrates/sui-core/src/checkpoints/checkpoint_executor/mod.rs[0m[2m:[0m[2m332:[0m Received checkpoint summary from state sync [3msequence_number[0m[2m=[0m244
[2m2025-03-25T07:55:07.943477Z[0m [32m INFO[0m [1mnode[0m[1m{[0m[3mname[0m[2m=[0mk#99f25ef6..[1m}[0m[2m:[0m [2msui_core::checkpoints::checkpoint_executor[0m[2m:[0m [2mcrates/sui-core/src/checkpoints/checkpoint_executor/mod.rs[0m[2m:[0m[2m332:[0m Received checkpoint summary from state sync [3msequence_number[0m[2m=[0m244
[2m2025-03-25T07:55:07.961705Z[0m [32m INFO[0m [1mnode[0m[1m{[0m[3mname[0m[2m=[0mk#8dcff6d1..[1m}[0m[2m:[0m [2msui_core::state_accumulator[0m[2m:[0m [2mcrates/sui-core/src/state_accumulator.rs[0m[2m:[0m[2m675:[0m accumulating running root for checkpoint 244
[2m2025-03-25T07:55:07.961957Z[0m [32m INFO[0m [1mnode[0m[1m{[0m[3mname[0m[2m=[0mk#99f25ef6..[1m}[0m[2m:[0m [2msui_core::state_accumulator[0m[2m:[0m [2mcrates/sui-core/src/state_accumulator.rs[0m[2m:[0m[2m675:[0m accumulating running root for checkpoint 244
[2m2025-03-25T07:55:08.007124Z[0m [32m INFO[0m [1mnode[0m[1m{[0m[3mname[0m[2m=[0mk#addeef94..[1m}[0m[2m:[0m [2msui_core::checkpoints::checkpoint_executor[0m[2m:[0m [2mcrates/sui-core/src/checkpoints/checkpoint_executor/mod.rs[0m[2m:[0m[2m332:[0m Received checkpoint summary from state sync [3msequence_number[0m[2m=[0m244
[2m2025-03-25T07:55:08.008446Z[0m [32m INFO[0m [1mnode[0m[1m{[0m[3mname[0m[2m=[0mk#addeef94..[1m}[0m[2m:[0m [2msui_core::state_accumulator[0m[2m:[0m [2mcrates/sui-core/src/state_accumulator.rs[0m[2m:[0m[2m675:[0m accumulating running root for checkpoint 244
[2m2025-03-25T07:55:08.142790Z[0m [32m INFO[0m [1mnode[0m[1m{[0m[3mname[0m[2m=[0mk#99f25ef6..[1m}[0m[2m:[0m [2mconsensus_core::core[0m[2m:[0m [2mconsensus/core/src/core.rs[0m[2m:[0m[2m945:[0m Included 3 ancestors & excluded 0 ancestors for proposal in round 42
[2m2025-03-25T07:55:08.143196Z[0m [32m INFO[0m [1mnode[0m[1m{[0m[3mname[0m[2m=[0mk#99f25ef6..[1m}[0m[2m:[0m [2mconsensus_core::core[0m[2m:[0m [2mconsensus/core/src/core.rs[0m[2m:[0m[2m531:[0m Created block B42(B,yn1wox6FhyhnOh0w7sb8TcCBQhqwQ0F1NpOArvKmAV4=)(1742889308142ms;[B41(B,N08l4jD2rElVqq7IcEZ9wWyCWcV+LkG3RDqaT5f8Dxo=), B41(A,twdzOWEfh0BVVqTNNjLjjl160g430ahudNFPIsMVv9M=), B41(C,bJ2jTF/QR6aoZpzfkezX26Wg6TlI/g1faMcQ8qduE/E=)];1t;1c) for round 42
[2m2025-03-25T07:55:08.144914Z[0m [32m INFO[0m [1mnode[0m[1m{[0m[3mname[0m[2m=[0mk#8dcff6d1..[1m}[0m[2m:[0m [2mconsensus_core::core[0m[2m:[0m [2mconsensus/core/src/core.rs[0m[2m:[0m[2m945:[0m Included 3 ancestors & excluded 0 ancestors for proposal in round 42
[2m2025-03-25T07:55:08.145216Z[0m [32m INFO[0m [1mnode[0m[1m{[0m[3mname[0m[2m=[0mk#8dcff6d1..[1m}[0m[2m:[0m [2mconsensus_core::core[0m[2m:[0m [2mconsensus/core/src/core.rs[0m[2m:[0m[2m531:[0m Created block B42(A,u2cvNBed85thYPI6WZt8jfcYRZ+Fu4W4to+icXSsUmA=)(1742889308144ms;[B41(A,twdzOWEfh0BVVqTNNjLjjl160g430ahudNFPIsMVv9M=), B41(B,N08l4jD2rElVqq7IcEZ9wWyCWcV+LkG3RDqaT5f8Dxo=), B41(C,bJ2jTF/QR6aoZpzfkezX26Wg6TlI/g1faMcQ8qduE/E=)];1t;1c) for round 42
[2m2025-03-25T07:55:08.147026Z[0m [32m INFO[0m [1mnode[0m[1m{[0m[3mname[0m[2m=[0mk#addeef94..[1m}[0m[2m:[0m [2mconsensus_core::core[0m[2m:[0m [2mconsensus/core/src/core.rs[0m[2m:[0m[2m945:[0m Included 3 ancestors & excluded 0 ancestors for proposal in round 42
[2m2025-03-25T07:55:08.147341Z[0m [32m INFO[0m [1mnode[0m[1m{[0m[3mname[0m[2m=[0mk#addeef94..[1m}[0m[2m:[0m [2mconsensus_core::core[0m[2m:[0m [2mconsensus/core/src/core.rs[0m[2m:[0m[2m531:[0m Created block B42(C,abFfBniatofertmgOjXnXw38Jl9uq41XbaLBdQBU934=)(1742889308147ms;[B41(C,bJ2jTF/QR6aoZpzfkezX26Wg6TlI/g1faMcQ8qduE/E=), B41(A,twdzOWEfh0BVVqTNNjLjjl160g430ahudNFPIsMVv9M=), B41(B,N08l4jD2rElVqq7IcEZ9wWyCWcV+LkG3RDqaT5f8Dxo=)];1t;1c) for round 42
[2m2025-03-25T07:55:08.147413Z[0m [32m INFO[0m [1mnode[0m[1m{[0m[3mname[0m[2m=[0mk#addeef94..[1m}[0m[2m:[0m [2mconsensus_core::core[0m[2m:[0m [2mconsensus/core/src/core.rs[0m[2m:[0m[2m630:[0m Committing 1 leaders: B40(C,nYO4)
[2m2025-03-25T07:55:08.147487Z[0m [32m INFO[0m [1mnode[0m[1m{[0m[3mname[0m[2m=[0mk#addeef94..[1m}[0m[2m:[0m [2mconsensus_core::commit_observer[0m[2m:[0m [2mconsensus/core/src/commit_observer.rs[0m[2m:[0m[2m173:[0m Consensus commit C33(R57H) with leader B40(C,nYO4) has 3 blocks
[2m2025-03-25T07:55:08.147580Z[0m [32m INFO[0m [1mnode[0m[1m{[0m[3mname[0m[2m=[0mk#addeef94..[1m}[0m[2m:[0m [2msui_core::consensus_handler[0m[2m:[0m [2mcrates/sui-core/src/consensus_handler.rs[0m[2m:[0m[2m232:[0m Received consensus output [3mconsensus_commit[0m[2m=[0mCommittedSubDag(leader=B40(C,nYO4), ref=C33(R57H), blocks=[ogzr, FPNe, nYO4]) [3mepoch[0m[2m=[0m1
[2m2025-03-25T07:55:08.150666Z[0m [32m INFO[0m [1mnode[0m[1m{[0m[3mname[0m[2m=[0mk#8dcff6d1..[1m}[0m[2m:[0m [2msui_core::checkpoints::checkpoint_output[0m[2m:[0m [2mcrates/sui-core/src/checkpoints/checkpoint_output.rs[0m[2m:[0m[2m196:[0m Certified checkpoint with sequence 245 and digest HXX322LqZLtUf9rxWwpsqu31NNqpRKyosFigi26QoC4D
[2m2025-03-25T07:55:08.150672Z[0m [32m INFO[0m [1mnode[0m[1m{[0m[3mname[0m[2m=[0mk#99f25ef6..[1m}[0m[2m:[0m [2msui_core::checkpoints::checkpoint_output[0m[2m:[0m [2mcrates/sui-core/src/checkpoints/checkpoint_output.rs[0m[2m:[0m[2m196:[0m Certified checkpoint with sequence 245 and digest HXX322LqZLtUf9rxWwpsqu31NNqpRKyosFigi26QoC4D
[2m2025-03-25T07:55:08.150778Z[0m [32m INFO[0m [1mnode[0m[1m{[0m[3mname[0m[2m=[0mk#8dcff6d1..[1m}[0m[2m:[0m [2mconsensus_core::core[0m[2m:[0m [2mconsensus/core/src/core.rs[0m[2m:[0m[2m630:[0m Committing 1 leaders: B40(C,nYO4)
[2m2025-03-25T07:55:08.150778Z[0m [32m INFO[0m [1mnode[0m[1m{[0m[3mname[0m[2m=[0mk#99f25ef6..[1m}[0m[2m:[0m [2mconsensus_core::core[0m[2m:[0m [2mconsensus/core/src/core.rs[0m[2m:[0m[2m630:[0m Committing 1 leaders: B40(C,nYO4)
[2m2025-03-25T07:55:08.150884Z[0m [32m INFO[0m [1mnode[0m[1m{[0m[3mname[0m[2m=[0mk#8dcff6d1..[1m}[0m[2m:[0m [2mconsensus_core::commit_observer[0m[2m:[0m [2mconsensus/core/src/commit_observer.rs[0m[2m:[0m[2m173:[0m Consensus commit C33(R57H) with leader B40(C,nYO4) has 3 blocks
[2m2025-03-25T07:55:08.150891Z[0m [32m INFO[0m [1mnode[0m[1m{[0m[3mname[0m[2m=[0mk#99f25ef6..[1m}[0m[2m:[0m [2mconsensus_core::commit_observer[0m[2m:[0m [2mconsensus/core/src/commit_observer.rs[0m[2m:[0m[2m173:[0m Consensus commit C33(R57H) with leader B40(C,nYO4) has 3 blocks
[2m2025-03-25T07:55:08.151294Z[0m [32m INFO[0m [1mnode[0m[1m{[0m[3mname[0m[2m=[0mk#8dcff6d1..[1m}[0m[2m:[0m [2msui_core::consensus_handler[0m[2m:[0m [2mcrates/sui-core/src/consensus_handler.rs[0m[2m:[0m[2m232:[0m Received consensus output [3mconsensus_commit[0m[2m=[0mCommittedSubDag(leader=B40(C,nYO4), ref=C33(R57H), blocks=[ogzr, FPNe, nYO4]) [3mepoch[0m[2m=[0m1
[2m2025-03-25T07:55:08.151294Z[0m [32m INFO[0m [1mnode[0m[1m{[0m[3mname[0m[2m=[0mk#99f25ef6..[1m}[0m[2m:[0m [2msui_core::consensus_handler[0m[2m:[0m [2mcrates/sui-core/src/consensus_handler.rs[0m[2m:[0m[2m232:[0m Received consensus output [3mconsensus_commit[0m[2m=[0mCommittedSubDag(leader=B40(C,nYO4), ref=C33(R57H), blocks=[ogzr, FPNe, nYO4]) [3mepoch[0m[2m=[0m1
[2m2025-03-25T07:55:08.151871Z[0m [32m INFO[0m [1mnode[0m[1m{[0m[3mname[0m[2m=[0mk#8dcff6d1..[1m}[0m[2m:[0m [2msui_core::checkpoints::checkpoint_executor[0m[2m:[0m [2mcrates/sui-core/src/checkpoints/checkpoint_executor/mod.rs[0m[2m:[0m[2m332:[0m Received checkpoint summary from state sync [3msequence_number[0m[2m=[0m245
[2m2025-03-25T07:55:08.151871Z[0m [32m INFO[0m [1mnode[0m[1m{[0m[3mname[0m[2m=[0mk#99f25ef6..[1m}[0m[2m:[0m [2msui_core::checkpoints::checkpoint_executor[0m[2m:[0m [2mcrates/sui-core/src/checkpoints/checkpoint_executor/mod.rs[0m[2m:[0m[2m332:[0m Received checkpoint summary from state sync [3msequence_number[0m[2m=[0m245
[2m2025-03-25T07:55:08.153372Z[0m [32m INFO[0m [1mnode[0m[1m{[0m[3mname[0m[2m=[0mk#8dcff6d1..[1m}[0m[2m:[0m [2msui_core::state_accumulator[0m[2m:[0m [2mcrates/sui-core/src/state_accumulator.rs[0m[2m:[0m[2m675:[0m accumulating running root for checkpoint 245
[2m2025-03-25T07:55:08.153376Z[0m [32m INFO[0m [1mnode[0m[1m{[0m[3mname[0m[2m=[0mk#99f25ef6..[1m}[0m[2m:[0m [2msui_core::state_accumulator[0m[2m:[0m [2mcrates/sui-core/src/state_accumulator.rs[0m[2m:[0m[2m675:[0m accumulating running root for checkpoint 245
[2m2025-03-25T07:55:08.174532Z[0m [32m INFO[0m [1mnode[0m[1m{[0m[3mname[0m[2m=[0mk#addeef94..[1m}[0m[2m:[0m [2msui_core::checkpoints[0m[2m:[0m [2mcrates/sui-core/src/checkpoints/mod.rs[0m[2m:[0m[2m1326:[0m Creating checkpoint(s) for 2 transactions [3mnext_checkpoint_seq[0m[2m=[0m246 [3mcheckpoint_timestamp[0m[2m=[0m1742889307634
[2m2025-03-25T07:55:08.174846Z[0m [32m INFO[0m [1mnode[0m[1m{[0m[3mname[0m[2m=[0mk#addeef94..[1m}[0m[2m:[0m [2msui_core::checkpoints::checkpoint_output[0m[2m:[0m [2mcrates/sui-core/src/checkpoints/checkpoint_output.rs[0m[2m:[0m[2m149:[0m Creating checkpoint CheckpointDigest(8DFF4wR9bh54JZrSZfB8cCNozZiJq3ubdkjJhp3AF6Kn) at epoch 1, sequence 246, previous digest Some(CheckpointDigest(HXX322LqZLtUf9rxWwpsqu31NNqpRKyosFigi26QoC4D)), transactions count 2, content digest CheckpointContentsDigest(HCtaKMdHwsfXccxgtzVhTSVKFFJfsHW53h4W6QK3JCRU), end_of_epoch_data None
[2m2025-03-25T07:55:08.177638Z[0m [32m INFO[0m [1mnode[0m[1m{[0m[3mname[0m[2m=[0mk#addeef94..[1m}[0m[2m:[0m [2msui_core::checkpoints::checkpoint_executor[0m[2m:[0m [2mcrates/sui-core/src/checkpoints/checkpoint_executor/mod.rs[0m[2m:[0m[2m332:[0m Received checkpoint summary from state sync [3msequence_number[0m[2m=[0m245
[2m2025-03-25T07:55:08.178503Z[0m [32m INFO[0m [1mnode[0m[1m{[0m[3mname[0m[2m=[0mk#addeef94..[1m}[0m[2m:[0m [2msui_core::state_accumulator[0m[2m:[0m [2mcrates/sui-core/src/state_accumulator.rs[0m[2m:[0m[2m675:[0m accumulating running root for checkpoint 245
[2m2025-03-25T07:55:08.179074Z[0m [32m INFO[0m [1mnode[0m[1m{[0m[3mname[0m[2m=[0mk#99f25ef6..[1m}[0m[2m:[0m [2msui_core::checkpoints[0m[2m:[0m [2mcrates/sui-core/src/checkpoints/mod.rs[0m[2m:[0m[2m1326:[0m Creating checkpoint(s) for 2 transactions [3mnext_checkpoint_seq[0m[2m=[0m246 [3mcheckpoint_timestamp[0m[2m=[0m1742889307634
[2m2025-03-25T07:55:08.179345Z[0m [32m INFO[0m [1mnode[0m[1m{[0m[3mname[0m[2m=[0mk#99f25ef6..[1m}[0m[2m:[0m [2msui_core::checkpoints::checkpoint_output[0m[2m:[0m [2mcrates/sui-core/src/checkpoints/checkpoint_output.rs[0m[2m:[0m[2m149:[0m Creating checkpoint CheckpointDigest(8DFF4wR9bh54JZrSZfB8cCNozZiJq3ubdkjJhp3AF6Kn) at epoch 1, sequence 246, previous digest Some(CheckpointDigest(HXX322LqZLtUf9rxWwpsqu31NNqpRKyosFigi26QoC4D)), transactions count 2, content digest CheckpointContentsDigest(HCtaKMdHwsfXccxgtzVhTSVKFFJfsHW53h4W6QK3JCRU), end_of_epoch_data None
[2m2025-03-25T07:55:08.179496Z[0m [32m INFO[0m [1mnode[0m[1m{[0m[3mname[0m[2m=[0mk#8dcff6d1..[1m}[0m[2m:[0m [2msui_core::checkpoints[0m[2m:[0m [2mcrates/sui-core/src/checkpoints/mod.rs[0m[2m:[0m[2m1326:[0m Creating checkpoint(s) for 2 transactions [3mnext_checkpoint_seq[0m[2m=[0m246 [3mcheckpoint_timestamp[0m[2m=[0m1742889307634
[2m2025-03-25T07:55:08.179749Z[0m [32m INFO[0m [1mnode[0m[1m{[0m[3mname[0m[2m=[0mk#8dcff6d1..[1m}[0m[2m:[0m [2msui_core::checkpoints::checkpoint_output[0m[2m:[0m [2mcrates/sui-core/src/checkpoints/checkpoint_output.rs[0m[2m:[0m[2m149:[0m Creating checkpoint CheckpointDigest(8DFF4wR9bh54JZrSZfB8cCNozZiJq3ubdkjJhp3AF6Kn) at epoch 1, sequence 246, previous digest Some(CheckpointDigest(HXX322LqZLtUf9rxWwpsqu31NNqpRKyosFigi26QoC4D)), transactions count 2, content digest CheckpointContentsDigest(HCtaKMdHwsfXccxgtzVhTSVKFFJfsHW53h4W6QK3JCRU), end_of_epoch_data None
[2m2025-03-25T07:55:08.400815Z[0m [32m INFO[0m [1mnode[0m[1m{[0m[3mname[0m[2m=[0mk#addeef94..[1m}[0m[2m:[0m [2mconsensus_core::core[0m[2m:[0m [2mconsensus/core/src/core.rs[0m[2m:[0m[2m945:[0m Included 3 ancestors & excluded 0 ancestors for proposal in round 43
[2m2025-03-25T07:55:08.401193Z[0m [32m INFO[0m [1mnode[0m[1m{[0m[3mname[0m[2m=[0mk#addeef94..[1m}[0m[2m:[0m [2mconsensus_core::core[0m[2m:[0m [2mconsensus/core/src/core.rs[0m[2m:[0m[2m531:[0m Created block B43(C,VS9W6D48ygTGtyqsYP0T31gxMcU6rID2yDl3UllI92M=)(1742889308400ms;[B42(C,abFfBniatofertmgOjXnXw38Jl9uq41XbaLBdQBU934=), B42(A,u2cvNBed85thYPI6WZt8jfcYRZ+Fu4W4to+icXSsUmA=), B42(B,yn1wox6FhyhnOh0w7sb8TcCBQhqwQ0F1NpOArvKmAV4=)];1t;1c) for round 43
[2m2025-03-25T07:55:08.402911Z[0m [32m INFO[0m [1mnode[0m[1m{[0m[3mname[0m[2m=[0mk#8dcff6d1..[1m}[0m[2m:[0m [2mconsensus_core::core[0m[2m:[0m [2mconsensus/core/src/core.rs[0m[2m:[0m[2m945:[0m Included 3 ancestors & excluded 0 ancestors for proposal in round 43
[2m2025-03-25T07:55:08.403175Z[0m [32m INFO[0m [1mnode[0m[1m{[0m[3mname[0m[2m=[0mk#99f25ef6..[1m}[0m[2m:[0m [2mconsensus_core::core[0m[2m:[0m [2mconsensus/core/src/core.rs[0m[2m:[0m[2m945:[0m Included 3 ancestors & excluded 0 ancestors for proposal in round 43
[2m2025-03-25T07:55:08.403192Z[0m [32m INFO[0m [1mnode[0m[1m{[0m[3mname[0m[2m=[0mk#8dcff6d1..[1m}[0m[2m:[0m [2mconsensus_core::core[0m[2m:[0m [2mconsensus/core/src/core.rs[0m[2m:[0m[2m531:[0m Created block B43(A,uSTi3GMqK9ayLGVdEANCy3t9LOoAAx56KJJJP2uTK8k=)(1742889308402ms;[B42(A,u2cvNBed85thYPI6WZt8jfcYRZ+Fu4W4to+icXSsUmA=), B42(B,yn1wox6FhyhnOh0w7sb8TcCBQhqwQ0F1NpOArvKmAV4=), B42(C,abFfBniatofertmgOjXnXw38Jl9uq41XbaLBdQBU934=)];1t;1c) for round 43
[2m2025-03-25T07:55:08.403343Z[0m [32m INFO[0m [1mnode[0m[1m{[0m[3mname[0m[2m=[0mk#8dcff6d1..[1m}[0m[2m:[0m [2mconsensus_core::core[0m[2m:[0m [2mconsensus/core/src/core.rs[0m[2m:[0m[2m630:[0m Committing 1 leaders: B41(C,bJ2j)
[2m2025-03-25T07:55:08.403437Z[0m [32m INFO[0m [1mnode[0m[1m{[0m[3mname[0m[2m=[0mk#8dcff6d1..[1m}[0m[2m:[0m [2mconsensus_core::commit_observer[0m[2m:[0m [2mconsensus/core/src/commit_observer.rs[0m[2m:[0m[2m173:[0m Consensus commit C34(1W3q) with leader B41(C,bJ2j) has 3 blocks
[2m2025-03-25T07:55:08.403464Z[0m [32m INFO[0m [1mnode[0m[1m{[0m[3mname[0m[2m=[0mk#99f25ef6..[1m}[0m[2m:[0m [2mconsensus_core::core[0m[2m:[0m [2mconsensus/core/src/core.rs[0m[2m:[0m[2m531:[0m Created block B43(B,gXkhWikSu4OFBKNgxWmD8RsFGdT4y1wwSynBm41yos4=)(1742889308403ms;[B42(B,yn1wox6FhyhnOh0w7sb8TcCBQhqwQ0F1NpOArvKmAV4=), B42(A,u2cvNBed85thYPI6WZt8jfcYRZ+Fu4W4to+icXSsUmA=), B42(C,abFfBniatofertmgOjXnXw38Jl9uq41XbaLBdQBU934=)];1t;1c) for round 43
[2m2025-03-25T07:55:08.403526Z[0m [32m INFO[0m [1mnode[0m[1m{[0m[3mname[0m[2m=[0mk#99f25ef6..[1m}[0m[2m:[0m [2mconsensus_core::core[0m[2m:[0m [2mconsensus/core/src/core.rs[0m[2m:[0m[2m630:[0m Committing 1 leaders: B41(C,bJ2j)
[2m2025-03-25T07:55:08.403590Z[0m [32m INFO[0m [1mnode[0m[1m{[0m[3mname[0m[2m=[0mk#99f25ef6..[1m}[0m[2m:[0m [2mconsensus_core::commit_observer[0m[2m:[0m [2mconsensus/core/src/commit_observer.rs[0m[2m:[0m[2m173:[0m Consensus commit C34(1W3q) with leader B41(C,bJ2j) has 3 blocks
[2m2025-03-25T07:55:08.403672Z[0m [32m INFO[0m [1mnode[0m[1m{[0m[3mname[0m[2m=[0mk#99f25ef6..[1m}[0m[2m:[0m [2msui_core::consensus_handler[0m[2m:[0m [2mcrates/sui-core/src/consensus_handler.rs[0m[2m:[0m[2m232:[0m Received consensus output [3mconsensus_commit[0m[2m=[0mCommittedSubDag(leader=B41(C,bJ2j), ref=C34(1W3q), blocks=[4axf, 73Up, bJ2j]) [3mepoch[0m[2m=[0m1
[2m2025-03-25T07:55:08.403673Z[0m [32m INFO[0m [1mnode[0m[1m{[0m[3mname[0m[2m=[0mk#8dcff6d1..[1m}[0m[2m:[0m [2msui_core::consensus_handler[0m[2m:[0m [2mcrates/sui-core/src/consensus_handler.rs[0m[2m:[0m[2m232:[0m Received consensus output [3mconsensus_commit[0m[2m=[0mCommittedSubDag(leader=B41(C,bJ2j), ref=C34(1W3q), blocks=[4axf, 73Up, bJ2j]) [3mepoch[0m[2m=[0m1
[2m2025-03-25T07:55:08.407435Z[0m [32m INFO[0m [1mnode[0m[1m{[0m[3mname[0m[2m=[0mk#addeef94..[1m}[0m[2m:[0m [2mconsensus_core::core[0m[2m:[0m [2mconsensus/core/src/core.rs[0m[2m:[0m[2m630:[0m Committing 1 leaders: B41(C,bJ2j)
[2m2025-03-25T07:55:08.407525Z[0m [32m INFO[0m [1mnode[0m[1m{[0m[3mname[0m[2m=[0mk#addeef94..[1m}[0m[2m:[0m [2mconsensus_core::commit_observer[0m[2m:[0m [2mconsensus/core/src/commit_observer.rs[0m[2m:[0m[2m173:[0m Consensus commit C34(1W3q) with leader B41(C,bJ2j) has 3 blocks
[2m2025-03-25T07:55:08.407645Z[0m [32m INFO[0m [1mnode[0m[1m{[0m[3mname[0m[2m=[0mk#addeef94..[1m}[0m[2m:[0m [2msui_core::consensus_handler[0m[2m:[0m [2mcrates/sui-core/src/consensus_handler.rs[0m[2m:[0m[2m232:[0m Received consensus output [3mconsensus_commit[0m[2m=[0mCommittedSubDag(leader=B41(C,bJ2j), ref=C34(1W3q), blocks=[4axf, 73Up, bJ2j]) [3mepoch[0m[2m=[0m1
[2m2025-03-25T07:55:08.450538Z[0m [32m INFO[0m [1mnode[0m[1m{[0m[3mname[0m[2m=[0mk#8dcff6d1..[1m}[0m[2m:[0m [2msui_core::checkpoints[0m[2m:[0m [2mcrates/sui-core/src/checkpoints/mod.rs[0m[2m:[0m[2m1326:[0m Creating checkpoint(s) for 1 transactions [3mnext_checkpoint_seq[0m[2m=[0m247 [3mcheckpoint_timestamp[0m[2m=[0m1742889307888
[2m2025-03-25T07:55:08.450538Z[0m [32m INFO[0m [1mnode[0m[1m{[0m[3mname[0m[2m=[0mk#99f25ef6..[1m}[0m[2m:[0m [2msui_core::checkpoints[0m[2m:[0m [2mcrates/sui-core/src/checkpoints/mod.rs[0m[2m:[0m[2m1326:[0m Creating checkpoint(s) for 1 transactions [3mnext_checkpoint_seq[0m[2m=[0m247 [3mcheckpoint_timestamp[0m[2m=[0m1742889307888
[2m2025-03-25T07:55:08.450771Z[0m [32m INFO[0m [1mnode[0m[1m{[0m[3mname[0m[2m=[0mk#8dcff6d1..[1m}[0m[2m:[0m [2msui_core::checkpoints::checkpoint_output[0m[2m:[0m [2mcrates/sui-core/src/checkpoints/checkpoint_output.rs[0m[2m:[0m[2m149:[0m Creating checkpoint CheckpointDigest(3v9FcNLksJNxC6k6taFU8s61X2GMPNXBL4f4SWAJEZmj) at epoch 1, sequence 247, previous digest Some(CheckpointDigest(8DFF4wR9bh54JZrSZfB8cCNozZiJq3ubdkjJhp3AF6Kn)), transactions count 1, content digest CheckpointContentsDigest(7Rt1mUA67bvjqaMCJ81RGq5Ki8VrcW95tjBSxfxLeaCW), end_of_epoch_data None
[2m2025-03-25T07:55:08.450771Z[0m [32m INFO[0m [1mnode[0m[1m{[0m[3mname[0m[2m=[0mk#99f25ef6..[1m}[0m[2m:[0m [2msui_core::checkpoints::checkpoint_output[0m[2m:[0m [2mcrates/sui-core/src/checkpoints/checkpoint_output.rs[0m[2m:[0m[2m149:[0m Creating checkpoint CheckpointDigest(3v9FcNLksJNxC6k6taFU8s61X2GMPNXBL4f4SWAJEZmj) at epoch 1, sequence 247, previous digest Some(CheckpointDigest(8DFF4wR9bh54JZrSZfB8cCNozZiJq3ubdkjJhp3AF6Kn)), transactions count 1, content digest CheckpointContentsDigest(7Rt1mUA67bvjqaMCJ81RGq5Ki8VrcW95tjBSxfxLeaCW), end_of_epoch_data None
[2m2025-03-25T07:55:08.452234Z[0m [32m INFO[0m [1mnode[0m[1m{[0m[3mname[0m[2m=[0mk#addeef94..[1m}[0m[2m:[0m [2msui_core::checkpoints[0m[2m:[0m [2mcrates/sui-core/src/checkpoints/mod.rs[0m[2m:[0m[2m1326:[0m Creating checkpoint(s) for 1 transactions [3mnext_checkpoint_seq[0m[2m=[0m247 [3mcheckpoint_timestamp[0m[2m=[0m1742889307888
[2m2025-03-25T07:55:08.452400Z[0m [32m INFO[0m [1mnode[0m[1m{[0m[3mname[0m[2m=[0mk#addeef94..[1m}[0m[2m:[0m [2msui_core::checkpoints::checkpoint_output[0m[2m:[0m [2mcrates/sui-core/src/checkpoints/checkpoint_output.rs[0m[2m:[0m[2m149:[0m Creating checkpoint CheckpointDigest(3v9FcNLksJNxC6k6taFU8s61X2GMPNXBL4f4SWAJEZmj) at epoch 1, sequence 247, previous digest Some(CheckpointDigest(8DFF4wR9bh54JZrSZfB8cCNozZiJq3ubdkjJhp3AF6Kn)), transactions count 1, content digest CheckpointContentsDigest(7Rt1mUA67bvjqaMCJ81RGq5Ki8VrcW95tjBSxfxLeaCW), end_of_epoch_data None
[2m2025-03-25T07:55:08.453923Z[0m [32m INFO[0m [1mnode[0m[1m{[0m[3mname[0m[2m=[0mk#99f25ef6..[1m}[0m[2m:[0m [2msui_core::checkpoints::checkpoint_output[0m[2m:[0m [2mcrates/sui-core/src/checkpoints/checkpoint_output.rs[0m[2m:[0m[2m196:[0m Certified checkpoint with sequence 246 and digest 8DFF4wR9bh54JZrSZfB8cCNozZiJq3ubdkjJhp3AF6Kn
[2m2025-03-25T07:55:08.453928Z[0m [32m INFO[0m [1mnode[0m[1m{[0m[3mname[0m[2m=[0mk#8dcff6d1..[1m}[0m[2m:[0m [2msui_core::checkpoints::checkpoint_output[0m[2m:[0m [2mcrates/sui-core/src/checkpoints/checkpoint_output.rs[0m[2m:[0m[2m196:[0m Certified checkpoint with sequence 246 and digest 8DFF4wR9bh54JZrSZfB8cCNozZiJq3ubdkjJhp3AF6Kn
[2m2025-03-25T07:55:08.457028Z[0m [32m INFO[0m [1mnode[0m[1m{[0m[3mname[0m[2m=[0mk#8dcff6d1..[1m}[0m[2m:[0m [2msui_core::checkpoints::checkpoint_executor[0m[2m:[0m [2mcrates/sui-core/src/checkpoints/checkpoint_executor/mod.rs[0m[2m:[0m[2m332:[0m Received checkpoint summary from state sync [3msequence_number[0m[2m=[0m246
[2m2025-03-25T07:55:08.457028Z[0m [32m INFO[0m [1mnode[0m[1m{[0m[3mname[0m[2m=[0mk#99f25ef6..[1m}[0m[2m:[0m [2msui_core::checkpoints::checkpoint_executor[0m[2m:[0m [2mcrates/sui-core/src/checkpoints/checkpoint_executor/mod.rs[0m[2m:[0m[2m332:[0m Received checkpoint summary from state sync [3msequence_number[0m[2m=[0m246
[2m2025-03-25T07:55:08.475535Z[0m [32m INFO[0m [1mnode[0m[1m{[0m[3mname[0m[2m=[0mk#8dcff6d1..[1m}[0m[2m:[0m [2msui_core::state_accumulator[0m[2m:[0m [2mcrates/sui-core/src/state_accumulator.rs[0m[2m:[0m[2m675:[0m accumulating running root for checkpoint 246
[2m2025-03-25T07:55:08.475569Z[0m [32m INFO[0m [1mnode[0m[1m{[0m[3mname[0m[2m=[0mk#99f25ef6..[1m}[0m[2m:[0m [2msui_core::state_accumulator[0m[2m:[0m [2mcrates/sui-core/src/state_accumulator.rs[0m[2m:[0m[2m675:[0m accumulating running root for checkpoint 246
[2m2025-03-25T07:55:08.492412Z[0m [32m INFO[0m [1mnode[0m[1m{[0m[3mname[0m[2m=[0mk#b3f3cbb4..[1m}[0m[2m:[0m[1mreconfigure[0m[2m:[0m[1mcheck_system_consistency[0m[2m:[0m [2msui_core::authority::authority_store[0m[2m:[0m [2mcrates/sui-core/src/authority/authority_store.rs[0m[2m:[0m[2m1671:[0m Scanned 673 live objects, took 8.3356045s
[2m2025-03-25T07:55:08.492644Z[0m [32m INFO[0m [1mnode[0m[1m{[0m[3mname[0m[2m=[0mk#b3f3cbb4..[1m}[0m[2m:[0m[1mreconfigure[0m[2m:[0m[1mcheck_system_consistency[0m[2m:[0m [2msui_core::authority::authority_store[0m[2m:[0m [2mcrates/sui-core/src/authority/authority_store.rs[0m[2m:[0m[2m1692:[0m Total BFC amount in the network: 1000900000000000000, storage fund balance: 142044000,  total storage rebate: 142044000 at beginning of epoch 1
[2m2025-03-25T07:55:08.492784Z[0m [32m INFO[0m [1mnode[0m[1m{[0m[3mname[0m[2m=[0mk#b3f3cbb4..[1m}[0m[2m:[0m[1mreconfigure[0m[2m:[0m[1mcheck_system_consistency[0m[2m:[0m [2msui_core::authority[0m[2m:[0m [2mcrates/sui-core/src/authority.rs[0m[2m:[0m[2m3329:[0m Sui conservation consistency check passed
[2m2025-03-25T07:55:08.492792Z[0m [32m INFO[0m [1mnode[0m[1m{[0m[3mname[0m[2m=[0mk#b3f3cbb4..[1m}[0m[2m:[0m[1mreconfigure[0m[2m:[0m[1mcheck_system_consistency[0m[2m:[0m [2msui_core::authority[0m[2m:[0m [2mcrates/sui-core/src/authority.rs[0m[2m:[0m[2m3334:[0m Performing state consistency check for epoch 0
[2m2025-03-25T07:55:08.518945Z[0m [32m INFO[0m [1mnode[0m[1m{[0m[3mname[0m[2m=[0mk#addeef94..[1m}[0m[2m:[0m [2msui_core::checkpoints::checkpoint_executor[0m[2m:[0m [2mcrates/sui-core/src/checkpoints/checkpoint_executor/mod.rs[0m[2m:[0m[2m332:[0m Received checkpoint summary from state sync [3msequence_number[0m[2m=[0m246
[2m2025-03-25T07:55:08.520231Z[0m [32m INFO[0m [1mnode[0m[1m{[0m[3mname[0m[2m=[0mk#addeef94..[1m}[0m[2m:[0m [2msui_core::state_accumulator[0m[2m:[0m [2mcrates/sui-core/src/state_accumulator.rs[0m[2m:[0m[2m675:[0m accumulating running root for checkpoint 246
[2m2025-03-25T07:55:08.555338Z[0m [32m INFO[0m [1mnode[0m[1m{[0m[3mname[0m[2m=[0mk#b3f3cbb4..[1m}[0m[2m:[0m[1mreconfigure[0m[2m:[0m[1mcheck_system_consistency[0m[2m:[0m [2msui_core::authority[0m[2m:[0m [2mcrates/sui-core/src/authority.rs[0m[2m:[0m[2m3388:[0m State consistency check passed
[2m2025-03-25T07:55:08.555358Z[0m [32m INFO[0m [1mnode[0m[1m{[0m[3mname[0m[2m=[0mk#b3f3cbb4..[1m}[0m[2m:[0m[1mreconfigure[0m[2m:[0m[1mmaybe_reaccumulate_state_hash[0m[2m:[0m[1mmaybe_reaccumulate_state_hash[0m[2m:[0m [2msui_types::digests[0m[2m:[0m [2mcrates/sui-types/src/digests.rs[0m[2m:[0m[2m217:[0m start unknown chain.....
[2m2025-03-25T07:55:08.555497Z[0m [32m INFO[0m [1mnode[0m[1m{[0m[3mname[0m[2m=[0mk#b3f3cbb4..[1m}[0m[2m:[0m[1mreconfigure[0m[2m:[0m[1mreopen_epoch_db[0m[2m:[0m [2msui_core::authority[0m[2m:[0m [2mcrates/sui-core/src/authority.rs[0m[2m:[0m[2m5363:[0m re-opening AuthorityEpochTables for new epoch [3mnew_epoch[0m[2m=[0m1
[2m2025-03-25T07:55:08.655266Z[0m [32m INFO[0m [1mnode[0m[1m{[0m[3mname[0m[2m=[0mk#8dcff6d1..[1m}[0m[2m:[0m [2mconsensus_core::core[0m[2m:[0m [2mconsensus/core/src/core.rs[0m[2m:[0m[2m945:[0m Included 3 ancestors & excluded 0 ancestors for proposal in round 44
[2m2025-03-25T07:55:08.655325Z[0m [32m INFO[0m [1mnode[0m[1m{[0m[3mname[0m[2m=[0mk#99f25ef6..[1m}[0m[2m:[0m [2mconsensus_core::core[0m[2m:[0m [2mconsensus/core/src/core.rs[0m[2m:[0m[2m945:[0m Included 3 ancestors & excluded 0 ancestors for proposal in round 44
[2m2025-03-25T07:55:08.655640Z[0m [32m INFO[0m [1mnode[0m[1m{[0m[3mname[0m[2m=[0mk#99f25ef6..[1m}[0m[2m:[0m [2mconsensus_core::core[0m[2m:[0m [2mconsensus/core/src/core.rs[0m[2m:[0m[2m531:[0m Created block B44(B,0ENJrGnc7JBA6VS3rYYOiQPNeBr1rhxpxqYII4gfT9k=)(1742889308655ms;[B43(B,gXkhWikSu4OFBKNgxWmD8RsFGdT4y1wwSynBm41yos4=), B43(A,uSTi3GMqK9ayLGVdEANCy3t9LOoAAx56KJJJP2uTK8k=), B43(C,VS9W6D48ygTGtyqsYP0T31gxMcU6rID2yDl3UllI92M=)];1t;1c) for round 44
[2m2025-03-25T07:55:08.655639Z[0m [32m INFO[0m [1mnode[0m[1m{[0m[3mname[0m[2m=[0mk#8dcff6d1..[1m}[0m[2m:[0m [2mconsensus_core::core[0m[2m:[0m [2mconsensus/core/src/core.rs[0m[2m:[0m[2m531:[0m Created block B44(A,zoAcwesObQYT+76W7GMsm26FNaPq/zXF0oAdosVRrIo=)(1742889308655ms;[B43(A,uSTi3GMqK9ayLGVdEANCy3t9LOoAAx56KJJJP2uTK8k=), B43(B,gXkhWikSu4OFBKNgxWmD8RsFGdT4y1wwSynBm41yos4=), B43(C,VS9W6D48ygTGtyqsYP0T31gxMcU6rID2yDl3UllI92M=)];1t;1c) for round 44
[2m2025-03-25T07:55:08.658973Z[0m [32m INFO[0m [1mnode[0m[1m{[0m[3mname[0m[2m=[0mk#addeef94..[1m}[0m[2m:[0m [2mconsensus_core::core[0m[2m:[0m [2mconsensus/core/src/core.rs[0m[2m:[0m[2m945:[0m Included 3 ancestors & excluded 0 ancestors for proposal in round 44
[2m2025-03-25T07:55:08.659272Z[0m [32m INFO[0m [1mnode[0m[1m{[0m[3mname[0m[2m=[0mk#addeef94..[1m}[0m[2m:[0m [2mconsensus_core::core[0m[2m:[0m [2mconsensus/core/src/core.rs[0m[2m:[0m[2m531:[0m Created block B44(C,NAmysn+BdUSf8qaHO2/agCgR8sVYtcGkYC8TVM8TBdk=)(1742889308659ms;[B43(C,VS9W6D48ygTGtyqsYP0T31gxMcU6rID2yDl3UllI92M=), B43(A,uSTi3GMqK9ayLGVdEANCy3t9LOoAAx56KJJJP2uTK8k=), B43(B,gXkhWikSu4OFBKNgxWmD8RsFGdT4y1wwSynBm41yos4=)];1t;1c) for round 44
[2m2025-03-25T07:55:08.659340Z[0m [32m INFO[0m [1mnode[0m[1m{[0m[3mname[0m[2m=[0mk#addeef94..[1m}[0m[2m:[0m [2mconsensus_core::core[0m[2m:[0m [2mconsensus/core/src/core.rs[0m[2m:[0m[2m630:[0m Committing 1 leaders: B42(A,u2cv)
[2m2025-03-25T07:55:08.659409Z[0m [32m INFO[0m [1mnode[0m[1m{[0m[3mname[0m[2m=[0mk#addeef94..[1m}[0m[2m:[0m [2mconsensus_core::commit_observer[0m[2m:[0m [2mconsensus/core/src/commit_observer.rs[0m[2m:[0m[2m173:[0m Consensus commit C35(Z1uT) with leader B42(A,u2cv) has 3 blocks
[2m2025-03-25T07:55:08.659490Z[0m [32m INFO[0m [1mnode[0m[1m{[0m[3mname[0m[2m=[0mk#addeef94..[1m}[0m[2m:[0m [2msui_core::consensus_handler[0m[2m:[0m [2mcrates/sui-core/src/consensus_handler.rs[0m[2m:[0m[2m232:[0m Received consensus output [3mconsensus_commit[0m[2m=[0mCommittedSubDag(leader=B42(A,u2cv), ref=C35(Z1uT), blocks=[twdz, N08l, u2cv]) [3mepoch[0m[2m=[0m1
[2m2025-03-25T07:55:08.662499Z[0m [32m INFO[0m [1mnode[0m[1m{[0m[3mname[0m[2m=[0mk#8dcff6d1..[1m}[0m[2m:[0m [2msui_core::checkpoints::checkpoint_output[0m[2m:[0m [2mcrates/sui-core/src/checkpoints/checkpoint_output.rs[0m[2m:[0m[2m196:[0m Certified checkpoint with sequence 247 and digest 3v9FcNLksJNxC6k6taFU8s61X2GMPNXBL4f4SWAJEZmj
[2m2025-03-25T07:55:08.662502Z[0m [32m INFO[0m [1mnode[0m[1m{[0m[3mname[0m[2m=[0mk#99f25ef6..[1m}[0m[2m:[0m [2msui_core::checkpoints::checkpoint_output[0m[2m:[0m [2mcrates/sui-core/src/checkpoints/checkpoint_output.rs[0m[2m:[0m[2m196:[0m Certified checkpoint with sequence 247 and digest 3v9FcNLksJNxC6k6taFU8s61X2GMPNXBL4f4SWAJEZmj
[2m2025-03-25T07:55:08.662609Z[0m [32m INFO[0m [1mnode[0m[1m{[0m[3mname[0m[2m=[0mk#8dcff6d1..[1m}[0m[2m:[0m [2mconsensus_core::core[0m[2m:[0m [2mconsensus/core/src/core.rs[0m[2m:[0m[2m630:[0m Committing 1 leaders: B42(A,u2cv)
[2m2025-03-25T07:55:08.662609Z[0m [32m INFO[0m [1mnode[0m[1m{[0m[3mname[0m[2m=[0mk#99f25ef6..[1m}[0m[2m:[0m [2mconsensus_core::core[0m[2m:[0m [2mconsensus/core/src/core.rs[0m[2m:[0m[2m630:[0m Committing 1 leaders: B42(A,u2cv)
[2m2025-03-25T07:55:08.662709Z[0m [32m INFO[0m [1mnode[0m[1m{[0m[3mname[0m[2m=[0mk#8dcff6d1..[1m}[0m[2m:[0m [2mconsensus_core::commit_observer[0m[2m:[0m [2mconsensus/core/src/commit_observer.rs[0m[2m:[0m[2m173:[0m Consensus commit C35(Z1uT) with leader B42(A,u2cv) has 3 blocks
[2m2025-03-25T07:55:08.662712Z[0m [32m INFO[0m [1mnode[0m[1m{[0m[3mname[0m[2m=[0mk#99f25ef6..[1m}[0m[2m:[0m [2mconsensus_core::commit_observer[0m[2m:[0m [2mconsensus/core/src/commit_observer.rs[0m[2m:[0m[2m173:[0m Consensus commit C35(Z1uT) with leader B42(A,u2cv) has 3 blocks
[2m2025-03-25T07:55:08.663120Z[0m [32m INFO[0m [1mnode[0m[1m{[0m[3mname[0m[2m=[0mk#99f25ef6..[1m}[0m[2m:[0m [2msui_core::consensus_handler[0m[2m:[0m [2mcrates/sui-core/src/consensus_handler.rs[0m[2m:[0m[2m232:[0m Received consensus output [3mconsensus_commit[0m[2m=[0mCommittedSubDag(leader=B42(A,u2cv), ref=C35(Z1uT), blocks=[twdz, N08l, u2cv]) [3mepoch[0m[2m=[0m1
[2m2025-03-25T07:55:08.663120Z[0m [32m INFO[0m [1mnode[0m[1m{[0m[3mname[0m[2m=[0mk#8dcff6d1..[1m}[0m[2m:[0m [2msui_core::consensus_handler[0m[2m:[0m [2mcrates/sui-core/src/consensus_handler.rs[0m[2m:[0m[2m232:[0m Received consensus output [3mconsensus_commit[0m[2m=[0mCommittedSubDag(leader=B42(A,u2cv), ref=C35(Z1uT), blocks=[twdz, N08l, u2cv]) [3mepoch[0m[2m=[0m1
[2m2025-03-25T07:55:08.663681Z[0m [32m INFO[0m [1mnode[0m[1m{[0m[3mname[0m[2m=[0mk#8dcff6d1..[1m}[0m[2m:[0m [2msui_core::checkpoints::checkpoint_executor[0m[2m:[0m [2mcrates/sui-core/src/checkpoints/checkpoint_executor/mod.rs[0m[2m:[0m[2m332:[0m Received checkpoint summary from state sync [3msequence_number[0m[2m=[0m247
[2m2025-03-25T07:55:08.663681Z[0m [32m INFO[0m [1mnode[0m[1m{[0m[3mname[0m[2m=[0mk#99f25ef6..[1m}[0m[2m:[0m [2msui_core::checkpoints::checkpoint_executor[0m[2m:[0m [2mcrates/sui-core/src/checkpoints/checkpoint_executor/mod.rs[0m[2m:[0m[2m332:[0m Received checkpoint summary from state sync [3msequence_number[0m[2m=[0m247
[2m2025-03-25T07:55:08.665205Z[0m [32m INFO[0m [1mnode[0m[1m{[0m[3mname[0m[2m=[0mk#99f25ef6..[1m}[0m[2m:[0m [2msui_core::state_accumulator[0m[2m:[0m [2mcrates/sui-core/src/state_accumulator.rs[0m[2m:[0m[2m675:[0m accumulating running root for checkpoint 247
[2m2025-03-25T07:55:08.665205Z[0m [32m INFO[0m [1mnode[0m[1m{[0m[3mname[0m[2m=[0mk#8dcff6d1..[1m}[0m[2m:[0m [2msui_core::state_accumulator[0m[2m:[0m [2mcrates/sui-core/src/state_accumulator.rs[0m[2m:[0m[2m675:[0m accumulating running root for checkpoint 247
[2m2025-03-25T07:55:08.686939Z[0m [32m INFO[0m [1mnode[0m[1m{[0m[3mname[0m[2m=[0mk#addeef94..[1m}[0m[2m:[0m [2msui_core::checkpoints[0m[2m:[0m [2mcrates/sui-core/src/checkpoints/mod.rs[0m[2m:[0m[2m1326:[0m Creating checkpoint(s) for 2 transactions [3mnext_checkpoint_seq[0m[2m=[0m248 [3mcheckpoint_timestamp[0m[2m=[0m1742889308144
[2m2025-03-25T07:55:08.687277Z[0m [32m INFO[0m [1mnode[0m[1m{[0m[3mname[0m[2m=[0mk#addeef94..[1m}[0m[2m:[0m [2msui_core::checkpoints::checkpoint_output[0m[2m:[0m [2mcrates/sui-core/src/checkpoints/checkpoint_output.rs[0m[2m:[0m[2m149:[0m Creating checkpoint CheckpointDigest(HoDRXuWok5NJd4Dq2aq1o4dEGSMwNPshtrRXACCdvUF1) at epoch 1, sequence 248, previous digest Some(CheckpointDigest(3v9FcNLksJNxC6k6taFU8s61X2GMPNXBL4f4SWAJEZmj)), transactions count 2, content digest CheckpointContentsDigest(GYtJn6FMnPLaxuGjPhxBKCJXaMaeyNDK7MyBu9gmvvGL), end_of_epoch_data None
[2m2025-03-25T07:55:08.690046Z[0m [32m INFO[0m [1mnode[0m[1m{[0m[3mname[0m[2m=[0mk#addeef94..[1m}[0m[2m:[0m [2msui_core::checkpoints::checkpoint_executor[0m[2m:[0m [2mcrates/sui-core/src/checkpoints/checkpoint_executor/mod.rs[0m[2m:[0m[2m332:[0m Received checkpoint summary from state sync [3msequence_number[0m[2m=[0m247
[2m2025-03-25T07:55:08.691035Z[0m [32m INFO[0m [1mnode[0m[1m{[0m[3mname[0m[2m=[0mk#addeef94..[1m}[0m[2m:[0m [2msui_core::state_accumulator[0m[2m:[0m [2mcrates/sui-core/src/state_accumulator.rs[0m[2m:[0m[2m675:[0m accumulating running root for checkpoint 247
[2m2025-03-25T07:55:08.691175Z[0m [32m INFO[0m [1mnode[0m[1m{[0m[3mname[0m[2m=[0mk#99f25ef6..[1m}[0m[2m:[0m [2msui_core::checkpoints[0m[2m:[0m [2mcrates/sui-core/src/checkpoints/mod.rs[0m[2m:[0m[2m1326:[0m Creating checkpoint(s) for 2 transactions [3mnext_checkpoint_seq[0m[2m=[0m248 [3mcheckpoint_timestamp[0m[2m=[0m1742889308144
[2m2025-03-25T07:55:08.691176Z[0m [32m INFO[0m [1mnode[0m[1m{[0m[3mname[0m[2m=[0mk#8dcff6d1..[1m}[0m[2m:[0m [2msui_core::checkpoints[0m[2m:[0m [2mcrates/sui-core/src/checkpoints/mod.rs[0m[2m:[0m[2m1326:[0m Creating checkpoint(s) for 2 transactions [3mnext_checkpoint_seq[0m[2m=[0m248 [3mcheckpoint_timestamp[0m[2m=[0m1742889308144
[2m2025-03-25T07:55:08.691446Z[0m [32m INFO[0m [1mnode[0m[1m{[0m[3mname[0m[2m=[0mk#99f25ef6..[1m}[0m[2m:[0m [2msui_core::checkpoints::checkpoint_output[0m[2m:[0m [2mcrates/sui-core/src/checkpoints/checkpoint_output.rs[0m[2m:[0m[2m149:[0m Creating checkpoint CheckpointDigest(HoDRXuWok5NJd4Dq2aq1o4dEGSMwNPshtrRXACCdvUF1) at epoch 1, sequence 248, previous digest Some(CheckpointDigest(3v9FcNLksJNxC6k6taFU8s61X2GMPNXBL4f4SWAJEZmj)), transactions count 2, content digest CheckpointContentsDigest(GYtJn6FMnPLaxuGjPhxBKCJXaMaeyNDK7MyBu9gmvvGL), end_of_epoch_data None
[2m2025-03-25T07:55:08.691444Z[0m [32m INFO[0m [1mnode[0m[1m{[0m[3mname[0m[2m=[0mk#8dcff6d1..[1m}[0m[2m:[0m [2msui_core::checkpoints::checkpoint_output[0m[2m:[0m [2mcrates/sui-core/src/checkpoints/checkpoint_output.rs[0m[2m:[0m[2m149:[0m Creating checkpoint CheckpointDigest(HoDRXuWok5NJd4Dq2aq1o4dEGSMwNPshtrRXACCdvUF1) at epoch 1, sequence 248, previous digest Some(CheckpointDigest(3v9FcNLksJNxC6k6taFU8s61X2GMPNXBL4f4SWAJEZmj)), transactions count 2, content digest CheckpointContentsDigest(GYtJn6FMnPLaxuGjPhxBKCJXaMaeyNDK7MyBu9gmvvGL), end_of_epoch_data None
[2m2025-03-25T07:55:08.912401Z[0m [32m INFO[0m [1mnode[0m[1m{[0m[3mname[0m[2m=[0mk#addeef94..[1m}[0m[2m:[0m [2mconsensus_core::core[0m[2m:[0m [2mconsensus/core/src/core.rs[0m[2m:[0m[2m945:[0m Included 3 ancestors & excluded 0 ancestors for proposal in round 45
[2m2025-03-25T07:55:08.912758Z[0m [32m INFO[0m [1mnode[0m[1m{[0m[3mname[0m[2m=[0mk#addeef94..[1m}[0m[2m:[0m [2mconsensus_core::core[0m[2m:[0m [2mconsensus/core/src/core.rs[0m[2m:[0m[2m531:[0m Created block B45(C,ZIFlqGXBsqG33NlfrsmlrA+kKbnwt+Drzp7AVqgokKg=)(1742889308912ms;[B44(C,NAmysn+BdUSf8qaHO2/agCgR8sVYtcGkYC8TVM8TBdk=), B44(A,zoAcwesObQYT+76W7GMsm26FNaPq/zXF0oAdosVRrIo=), B44(B,0ENJrGnc7JBA6VS3rYYOiQPNeBr1rhxpxqYII4gfT9k=)];1t;1c) for round 45
[2m2025-03-25T07:55:08.914656Z[0m [32m INFO[0m [1mnode[0m[1m{[0m[3mname[0m[2m=[0mk#99f25ef6..[1m}[0m[2m:[0m [2mconsensus_core::core[0m[2m:[0m [2mconsensus/core/src/core.rs[0m[2m:[0m[2m945:[0m Included 3 ancestors & excluded 0 ancestors for proposal in round 45
[2m2025-03-25T07:55:08.914657Z[0m [32m INFO[0m [1mnode[0m[1m{[0m[3mname[0m[2m=[0mk#8dcff6d1..[1m}[0m[2m:[0m [2mconsensus_core::core[0m[2m:[0m [2mconsensus/core/src/core.rs[0m[2m:[0m[2m945:[0m Included 3 ancestors & excluded 0 ancestors for proposal in round 45
[2m2025-03-25T07:55:08.914934Z[0m [32m INFO[0m [1mnode[0m[1m{[0m[3mname[0m[2m=[0mk#99f25ef6..[1m}[0m[2m:[0m [2mconsensus_core::core[0m[2m:[0m [2mconsensus/core/src/core.rs[0m[2m:[0m[2m531:[0m Created block B45(B,ll5uO8SqGdVWXZeCvYbk5Bg1RxlDFqs4OMlAKgLRExk=)(1742889308914ms;[B44(B,0ENJrGnc7JBA6VS3rYYOiQPNeBr1rhxpxqYII4gfT9k=), B44(A,zoAcwesObQYT+76W7GMsm26FNaPq/zXF0oAdosVRrIo=), B44(C,NAmysn+BdUSf8qaHO2/agCgR8sVYtcGkYC8TVM8TBdk=)];1t;1c) for round 45
[2m2025-03-25T07:55:08.914937Z[0m [32m INFO[0m [1mnode[0m[1m{[0m[3mname[0m[2m=[0mk#8dcff6d1..[1m}[0m[2m:[0m [2mconsensus_core::core[0m[2m:[0m [2mconsensus/core/src/core.rs[0m[2m:[0m[2m531:[0m Created block B45(A,4uLN3+3hYdwfL5omo28RXzhUoaw+AtN7HoCbYMoPM78=)(1742889308914ms;[B44(A,zoAcwesObQYT+76W7GMsm26FNaPq/zXF0oAdosVRrIo=), B44(B,0ENJrGnc7JBA6VS3rYYOiQPNeBr1rhxpxqYII4gfT9k=), B44(C,NAmysn+BdUSf8qaHO2/agCgR8sVYtcGkYC8TVM8TBdk=)];1t;1c) for round 45
[2m2025-03-25T07:55:08.915003Z[0m [32m INFO[0m [1mnode[0m[1m{[0m[3mname[0m[2m=[0mk#8dcff6d1..[1m}[0m[2m:[0m [2mconsensus_core::core[0m[2m:[0m [2mconsensus/core/src/core.rs[0m[2m:[0m[2m630:[0m Committing 1 leaders: B43(A,uSTi)
[2m2025-03-25T07:55:08.915003Z[0m [32m INFO[0m [1mnode[0m[1m{[0m[3mname[0m[2m=[0mk#99f25ef6..[1m}[0m[2m:[0m [2mconsensus_core::core[0m[2m:[0m [2mconsensus/core/src/core.rs[0m[2m:[0m[2m630:[0m Committing 1 leaders: B43(A,uSTi)
[2m2025-03-25T07:55:08.915070Z[0m [32m INFO[0m [1mnode[0m[1m{[0m[3mname[0m[2m=[0mk#8dcff6d1..[1m}[0m[2m:[0m [2mconsensus_core::commit_observer[0m[2m:[0m [2mconsensus/core/src/commit_observer.rs[0m[2m:[0m[2m173:[0m Consensus commit C36(d3j7) with leader B43(A,uSTi) has 3 blocks
[2m2025-03-25T07:55:08.915070Z[0m [32m INFO[0m [1mnode[0m[1m{[0m[3mname[0m[2m=[0mk#99f25ef6..[1m}[0m[2m:[0m [2mconsensus_core::commit_observer[0m[2m:[0m [2mconsensus/core/src/commit_observer.rs[0m[2m:[0m[2m173:[0m Consensus commit C36(d3j7) with leader B43(A,uSTi) has 3 blocks
[2m2025-03-25T07:55:08.915152Z[0m [32m INFO[0m [1mnode[0m[1m{[0m[3mname[0m[2m=[0mk#99f25ef6..[1m}[0m[2m:[0m [2msui_core::consensus_handler[0m[2m:[0m [2mcrates/sui-core/src/consensus_handler.rs[0m[2m:[0m[2m232:[0m Received consensus output [3mconsensus_commit[0m[2m=[0mCommittedSubDag(leader=B43(A,uSTi), ref=C36(d3j7), blocks=[yn1w, abFf, uSTi]) [3mepoch[0m[2m=[0m1
[2m2025-03-25T07:55:08.915152Z[0m [32m INFO[0m [1mnode[0m[1m{[0m[3mname[0m[2m=[0mk#8dcff6d1..[1m}[0m[2m:[0m [2msui_core::consensus_handler[0m[2m:[0m [2mcrates/sui-core/src/consensus_handler.rs[0m[2m:[0m[2m232:[0m Received consensus output [3mconsensus_commit[0m[2m=[0mCommittedSubDag(leader=B43(A,uSTi), ref=C36(d3j7), blocks=[yn1w, abFf, uSTi]) [3mepoch[0m[2m=[0m1
[2m2025-03-25T07:55:08.918794Z[0m [32m INFO[0m [1mnode[0m[1m{[0m[3mname[0m[2m=[0mk#addeef94..[1m}[0m[2m:[0m [2mconsensus_core::core[0m[2m:[0m [2mconsensus/core/src/core.rs[0m[2m:[0m[2m630:[0m Committing 1 leaders: B43(A,uSTi)
[2m2025-03-25T07:55:08.918882Z[0m [32m INFO[0m [1mnode[0m[1m{[0m[3mname[0m[2m=[0mk#addeef94..[1m}[0m[2m:[0m [2mconsensus_core::commit_observer[0m[2m:[0m [2mconsensus/core/src/commit_observer.rs[0m[2m:[0m[2m173:[0m Consensus commit C36(d3j7) with leader B43(A,uSTi) has 3 blocks
[2m2025-03-25T07:55:08.919005Z[0m [32m INFO[0m [1mnode[0m[1m{[0m[3mname[0m[2m=[0mk#addeef94..[1m}[0m[2m:[0m [2msui_core::consensus_handler[0m[2m:[0m [2mcrates/sui-core/src/consensus_handler.rs[0m[2m:[0m[2m232:[0m Received consensus output [3mconsensus_commit[0m[2m=[0mCommittedSubDag(leader=B43(A,uSTi), ref=C36(d3j7), blocks=[yn1w, abFf, uSTi]) [3mepoch[0m[2m=[0m1
[2m2025-03-25T07:55:08.961009Z[0m [32m INFO[0m [1mnode[0m[1m{[0m[3mname[0m[2m=[0mk#99f25ef6..[1m}[0m[2m:[0m [2msui_core::checkpoints[0m[2m:[0m [2mcrates/sui-core/src/checkpoints/mod.rs[0m[2m:[0m[2m1326:[0m Creating checkpoint(s) for 1 transactions [3mnext_checkpoint_seq[0m[2m=[0m249 [3mcheckpoint_timestamp[0m[2m=[0m1742889308402
[2m2025-03-25T07:55:08.961009Z[0m [32m INFO[0m [1mnode[0m[1m{[0m[3mname[0m[2m=[0mk#8dcff6d1..[1m}[0m[2m:[0m [2msui_core::checkpoints[0m[2m:[0m [2mcrates/sui-core/src/checkpoints/mod.rs[0m[2m:[0m[2m1326:[0m Creating checkpoint(s) for 1 transactions [3mnext_checkpoint_seq[0m[2m=[0m249 [3mcheckpoint_timestamp[0m[2m=[0m1742889308402
[2m2025-03-25T07:55:08.961245Z[0m [32m INFO[0m [1mnode[0m[1m{[0m[3mname[0m[2m=[0mk#99f25ef6..[1m}[0m[2m:[0m [2msui_core::checkpoints::checkpoint_output[0m[2m:[0m [2mcrates/sui-core/src/checkpoints/checkpoint_output.rs[0m[2m:[0m[2m149:[0m Creating checkpoint CheckpointDigest(8UX2zD2t6fuJNJPZU9mgbdHgjNEDTppfh8JdmMP2eDaL) at epoch 1, sequence 249, previous digest Some(CheckpointDigest(HoDRXuWok5NJd4Dq2aq1o4dEGSMwNPshtrRXACCdvUF1)), transactions count 1, content digest CheckpointContentsDigest(98vWT1aWAqddxofuk4ewX8giHVMtbgFc99FanETUy8Gj), end_of_epoch_data None
[2m2025-03-25T07:55:08.961246Z[0m [32m INFO[0m [1mnode[0m[1m{[0m[3mname[0m[2m=[0mk#8dcff6d1..[1m}[0m[2m:[0m [2msui_core::checkpoints::checkpoint_output[0m[2m:[0m [2mcrates/sui-core/src/checkpoints/checkpoint_output.rs[0m[2m:[0m[2m149:[0m Creating checkpoint CheckpointDigest(8UX2zD2t6fuJNJPZU9mgbdHgjNEDTppfh8JdmMP2eDaL) at epoch 1, sequence 249, previous digest Some(CheckpointDigest(HoDRXuWok5NJd4Dq2aq1o4dEGSMwNPshtrRXACCdvUF1)), transactions count 1, content digest CheckpointContentsDigest(98vWT1aWAqddxofuk4ewX8giHVMtbgFc99FanETUy8Gj), end_of_epoch_data None
[2m2025-03-25T07:55:08.963078Z[0m [32m INFO[0m [1mnode[0m[1m{[0m[3mname[0m[2m=[0mk#addeef94..[1m}[0m[2m:[0m [2msui_core::checkpoints[0m[2m:[0m [2mcrates/sui-core/src/checkpoints/mod.rs[0m[2m:[0m[2m1326:[0m Creating checkpoint(s) for 1 transactions [3mnext_checkpoint_seq[0m[2m=[0m249 [3mcheckpoint_timestamp[0m[2m=[0m1742889308402
[2m2025-03-25T07:55:08.963248Z[0m [32m INFO[0m [1mnode[0m[1m{[0m[3mname[0m[2m=[0mk#addeef94..[1m}[0m[2m:[0m [2msui_core::checkpoints::checkpoint_output[0m[2m:[0m [2mcrates/sui-core/src/checkpoints/checkpoint_output.rs[0m[2m:[0m[2m149:[0m Creating checkpoint CheckpointDigest(8UX2zD2t6fuJNJPZU9mgbdHgjNEDTppfh8JdmMP2eDaL) at epoch 1, sequence 249, previous digest Some(CheckpointDigest(HoDRXuWok5NJd4Dq2aq1o4dEGSMwNPshtrRXACCdvUF1)), transactions count 1, content digest CheckpointContentsDigest(98vWT1aWAqddxofuk4ewX8giHVMtbgFc99FanETUy8Gj), end_of_epoch_data None
[2m2025-03-25T07:55:08.964388Z[0m [32m INFO[0m [1mnode[0m[1m{[0m[3mname[0m[2m=[0mk#99f25ef6..[1m}[0m[2m:[0m [2msui_core::checkpoints::checkpoint_output[0m[2m:[0m [2mcrates/sui-core/src/checkpoints/checkpoint_output.rs[0m[2m:[0m[2m196:[0m Certified checkpoint with sequence 248 and digest HoDRXuWok5NJd4Dq2aq1o4dEGSMwNPshtrRXACCdvUF1
[2m2025-03-25T07:55:08.964391Z[0m [32m INFO[0m [1mnode[0m[1m{[0m[3mname[0m[2m=[0mk#8dcff6d1..[1m}[0m[2m:[0m [2msui_core::checkpoints::checkpoint_output[0m[2m:[0m [2mcrates/sui-core/src/checkpoints/checkpoint_output.rs[0m[2m:[0m[2m196:[0m Certified checkpoint with sequence 248 and digest HoDRXuWok5NJd4Dq2aq1o4dEGSMwNPshtrRXACCdvUF1
[2m2025-03-25T07:55:08.967359Z[0m [32m INFO[0m [1mnode[0m[1m{[0m[3mname[0m[2m=[0mk#8dcff6d1..[1m}[0m[2m:[0m [2msui_core::checkpoints::checkpoint_executor[0m[2m:[0m [2mcrates/sui-core/src/checkpoints/checkpoint_executor/mod.rs[0m[2m:[0m[2m332:[0m Received checkpoint summary from state sync [3msequence_number[0m[2m=[0m248
[2m2025-03-25T07:55:08.967359Z[0m [32m INFO[0m [1mnode[0m[1m{[0m[3mname[0m[2m=[0mk#99f25ef6..[1m}[0m[2m:[0m [2msui_core::checkpoints::checkpoint_executor[0m[2m:[0m [2mcrates/sui-core/src/checkpoints/checkpoint_executor/mod.rs[0m[2m:[0m[2m332:[0m Received checkpoint summary from state sync [3msequence_number[0m[2m=[0m248
[2m2025-03-25T07:55:08.985407Z[0m [32m INFO[0m [1mnode[0m[1m{[0m[3mname[0m[2m=[0mk#99f25ef6..[1m}[0m[2m:[0m [2msui_core::state_accumulator[0m[2m:[0m [2mcrates/sui-core/src/state_accumulator.rs[0m[2m:[0m[2m675:[0m accumulating running root for checkpoint 248
[2m2025-03-25T07:55:08.985407Z[0m [32m INFO[0m [1mnode[0m[1m{[0m[3mname[0m[2m=[0mk#8dcff6d1..[1m}[0m[2m:[0m [2msui_core::state_accumulator[0m[2m:[0m [2mcrates/sui-core/src/state_accumulator.rs[0m[2m:[0m[2m675:[0m accumulating running root for checkpoint 248
[2m2025-03-25T07:55:09.033529Z[0m [32m INFO[0m [1mnode[0m[1m{[0m[3mname[0m[2m=[0mk#addeef94..[1m}[0m[2m:[0m [2msui_core::checkpoints::checkpoint_executor[0m[2m:[0m [2mcrates/sui-core/src/checkpoints/checkpoint_executor/mod.rs[0m[2m:[0m[2m332:[0m Received checkpoint summary from state sync [3msequence_number[0m[2m=[0m248
[2m2025-03-25T07:55:09.034885Z[0m [32m INFO[0m [1mnode[0m[1m{[0m[3mname[0m[2m=[0mk#addeef94..[1m}[0m[2m:[0m [2msui_core::state_accumulator[0m[2m:[0m [2mcrates/sui-core/src/state_accumulator.rs[0m[2m:[0m[2m675:[0m accumulating running root for checkpoint 248
[2m2025-03-25T07:55:09.167096Z[0m [32m INFO[0m [1mnode[0m[1m{[0m[3mname[0m[2m=[0mk#99f25ef6..[1m}[0m[2m:[0m [2mconsensus_core::core[0m[2m:[0m [2mconsensus/core/src/core.rs[0m[2m:[0m[2m945:[0m Included 3 ancestors & excluded 0 ancestors for proposal in round 46
[2m2025-03-25T07:55:09.167109Z[0m [32m INFO[0m [1mnode[0m[1m{[0m[3mname[0m[2m=[0mk#8dcff6d1..[1m}[0m[2m:[0m [2mconsensus_core::core[0m[2m:[0m [2mconsensus/core/src/core.rs[0m[2m:[0m[2m945:[0m Included 3 ancestors & excluded 0 ancestors for proposal in round 46
[2m2025-03-25T07:55:09.167467Z[0m [32m INFO[0m [1mnode[0m[1m{[0m[3mname[0m[2m=[0mk#99f25ef6..[1m}[0m[2m:[0m [2mconsensus_core::core[0m[2m:[0m [2mconsensus/core/src/core.rs[0m[2m:[0m[2m531:[0m Created block B46(B,KPzmGC0I6dsdVp0y0qKbQC6lKmzs3eOOaUBdLFKCWN4=)(1742889309167ms;[B45(B,ll5uO8SqGdVWXZeCvYbk5Bg1RxlDFqs4OMlAKgLRExk=), B45(A,4uLN3+3hYdwfL5omo28RXzhUoaw+AtN7HoCbYMoPM78=), B45(C,ZIFlqGXBsqG33NlfrsmlrA+kKbnwt+Drzp7AVqgokKg=)];1t;1c) for round 46
[2m2025-03-25T07:55:09.167467Z[0m [32m INFO[0m [1mnode[0m[1m{[0m[3mname[0m[2m=[0mk#8dcff6d1..[1m}[0m[2m:[0m [2mconsensus_core::core[0m[2m:[0m [2mconsensus/core/src/core.rs[0m[2m:[0m[2m531:[0m Created block B46(A,wsUlyXvVFt2I8UMqYp8ByRy+Q05AwiJVv5e++YHaLzE=)(1742889309167ms;[B45(A,4uLN3+3hYdwfL5omo28RXzhUoaw+AtN7HoCbYMoPM78=), B45(B,ll5uO8SqGdVWXZeCvYbk5Bg1RxlDFqs4OMlAKgLRExk=), B45(C,ZIFlqGXBsqG33NlfrsmlrA+kKbnwt+Drzp7AVqgokKg=)];1t;1c) for round 46
[2m2025-03-25T07:55:09.170750Z[0m [32m INFO[0m [1mnode[0m[1m{[0m[3mname[0m[2m=[0mk#addeef94..[1m}[0m[2m:[0m [2mconsensus_core::core[0m[2m:[0m [2mconsensus/core/src/core.rs[0m[2m:[0m[2m945:[0m Included 3 ancestors & excluded 0 ancestors for proposal in round 46
[2m2025-03-25T07:55:09.171064Z[0m [32m INFO[0m [1mnode[0m[1m{[0m[3mname[0m[2m=[0mk#addeef94..[1m}[0m[2m:[0m [2mconsensus_core::core[0m[2m:[0m [2mconsensus/core/src/core.rs[0m[2m:[0m[2m531:[0m Created block B46(C,luwWH4uEqNFK8VXsD8n3n6daHGH5VX3/YQoADh1hdMM=)(1742889309170ms;[B45(C,ZIFlqGXBsqG33NlfrsmlrA+kKbnwt+Drzp7AVqgokKg=), B45(A,4uLN3+3hYdwfL5omo28RXzhUoaw+AtN7HoCbYMoPM78=), B45(B,ll5uO8SqGdVWXZeCvYbk5Bg1RxlDFqs4OMlAKgLRExk=)];1t;1c) for round 46
[2m2025-03-25T07:55:09.171135Z[0m [32m INFO[0m [1mnode[0m[1m{[0m[3mname[0m[2m=[0mk#addeef94..[1m}[0m[2m:[0m [2mconsensus_core::core[0m[2m:[0m [2mconsensus/core/src/core.rs[0m[2m:[0m[2m630:[0m Committing 1 leaders: B44(C,NAmy)
[2m2025-03-25T07:55:09.171208Z[0m [32m INFO[0m [1mnode[0m[1m{[0m[3mname[0m[2m=[0mk#addeef94..[1m}[0m[2m:[0m [2mconsensus_core::commit_observer[0m[2m:[0m [2mconsensus/core/src/commit_observer.rs[0m[2m:[0m[2m173:[0m Consensus commit C37(9+KY) with leader B44(C,NAmy) has 3 blocks
[2m2025-03-25T07:55:09.171296Z[0m [32m INFO[0m [1mnode[0m[1m{[0m[3mname[0m[2m=[0mk#addeef94..[1m}[0m[2m:[0m [2msui_core::consensus_handler[0m[2m:[0m [2mcrates/sui-core/src/consensus_handler.rs[0m[2m:[0m[2m232:[0m Received consensus output [3mconsensus_commit[0m[2m=[0mCommittedSubDag(leader=B44(C,NAmy), ref=C37(9+KY), blocks=[gXkh, VS9W, NAmy]) [3mepoch[0m[2m=[0m1
[2m2025-03-25T07:55:09.174399Z[0m [32m INFO[0m [1mnode[0m[1m{[0m[3mname[0m[2m=[0mk#8dcff6d1..[1m}[0m[2m:[0m [2msui_core::checkpoints::checkpoint_output[0m[2m:[0m [2mcrates/sui-core/src/checkpoints/checkpoint_output.rs[0m[2m:[0m[2m196:[0m Certified checkpoint with sequence 249 and digest 8UX2zD2t6fuJNJPZU9mgbdHgjNEDTppfh8JdmMP2eDaL
[2m2025-03-25T07:55:09.174532Z[0m [32m INFO[0m [1mnode[0m[1m{[0m[3mname[0m[2m=[0mk#8dcff6d1..[1m}[0m[2m:[0m [2mconsensus_core::core[0m[2m:[0m [2mconsensus/core/src/core.rs[0m[2m:[0m[2m630:[0m Committing 1 leaders: B44(C,NAmy)
[2m2025-03-25T07:55:09.174652Z[0m [32m INFO[0m [1mnode[0m[1m{[0m[3mname[0m[2m=[0mk#8dcff6d1..[1m}[0m[2m:[0m [2mconsensus_core::commit_observer[0m[2m:[0m [2mconsensus/core/src/commit_observer.rs[0m[2m:[0m[2m173:[0m Consensus commit C37(9+KY) with leader B44(C,NAmy) has 3 blocks
[2m2025-03-25T07:55:09.175136Z[0m [32m INFO[0m [1mnode[0m[1m{[0m[3mname[0m[2m=[0mk#8dcff6d1..[1m}[0m[2m:[0m [2msui_core::consensus_handler[0m[2m:[0m [2mcrates/sui-core/src/consensus_handler.rs[0m[2m:[0m[2m232:[0m Received consensus output [3mconsensus_commit[0m[2m=[0mCommittedSubDag(leader=B44(C,NAmy), ref=C37(9+KY), blocks=[gXkh, VS9W, NAmy]) [3mepoch[0m[2m=[0m1
[2m2025-03-25T07:55:09.175425Z[0m [32m INFO[0m [1mnode[0m[1m{[0m[3mname[0m[2m=[0mk#99f25ef6..[1m}[0m[2m:[0m [2msui_core::checkpoints::checkpoint_output[0m[2m:[0m [2mcrates/sui-core/src/checkpoints/checkpoint_output.rs[0m[2m:[0m[2m196:[0m Certified checkpoint with sequence 249 and digest 8UX2zD2t6fuJNJPZU9mgbdHgjNEDTppfh8JdmMP2eDaL
[2m2025-03-25T07:55:09.175526Z[0m [32m INFO[0m [1mnode[0m[1m{[0m[3mname[0m[2m=[0mk#99f25ef6..[1m}[0m[2m:[0m [2mconsensus_core::core[0m[2m:[0m [2mconsensus/core/src/core.rs[0m[2m:[0m[2m630:[0m Committing 1 leaders: B44(C,NAmy)
[2m2025-03-25T07:55:09.175630Z[0m [32m INFO[0m [1mnode[0m[1m{[0m[3mname[0m[2m=[0mk#99f25ef6..[1m}[0m[2m:[0m [2mconsensus_core::commit_observer[0m[2m:[0m [2mconsensus/core/src/commit_observer.rs[0m[2m:[0m[2m173:[0m Consensus commit C37(9+KY) with leader B44(C,NAmy) has 3 blocks
[2m2025-03-25T07:55:09.175741Z[0m [32m INFO[0m [1mnode[0m[1m{[0m[3mname[0m[2m=[0mk#8dcff6d1..[1m}[0m[2m:[0m [2msui_core::checkpoints::checkpoint_executor[0m[2m:[0m [2mcrates/sui-core/src/checkpoints/checkpoint_executor/mod.rs[0m[2m:[0m[2m332:[0m Received checkpoint summary from state sync [3msequence_number[0m[2m=[0m249
[2m2025-03-25T07:55:09.176014Z[0m [32m INFO[0m [1mnode[0m[1m{[0m[3mname[0m[2m=[0mk#99f25ef6..[1m}[0m[2m:[0m [2msui_core::consensus_handler[0m[2m:[0m [2mcrates/sui-core/src/consensus_handler.rs[0m[2m:[0m[2m232:[0m Received consensus output [3mconsensus_commit[0m[2m=[0mCommittedSubDag(leader=B44(C,NAmy), ref=C37(9+KY), blocks=[gXkh, VS9W, NAmy]) [3mepoch[0m[2m=[0m1
[2m2025-03-25T07:55:09.176550Z[0m [32m INFO[0m [1mnode[0m[1m{[0m[3mname[0m[2m=[0mk#99f25ef6..[1m}[0m[2m:[0m [2msui_core::checkpoints::checkpoint_executor[0m[2m:[0m [2mcrates/sui-core/src/checkpoints/checkpoint_executor/mod.rs[0m[2m:[0m[2m332:[0m Received checkpoint summary from state sync [3msequence_number[0m[2m=[0m249
[2m2025-03-25T07:55:09.177286Z[0m [32m INFO[0m [1mnode[0m[1m{[0m[3mname[0m[2m=[0mk#8dcff6d1..[1m}[0m[2m:[0m [2msui_core::state_accumulator[0m[2m:[0m [2mcrates/sui-core/src/state_accumulator.rs[0m[2m:[0m[2m675:[0m accumulating running root for checkpoint 249
[2m2025-03-25T07:55:09.177862Z[0m [32m INFO[0m [1mnode[0m[1m{[0m[3mname[0m[2m=[0mk#99f25ef6..[1m}[0m[2m:[0m [2msui_core::state_accumulator[0m[2m:[0m [2mcrates/sui-core/src/state_accumulator.rs[0m[2m:[0m[2m675:[0m accumulating running root for checkpoint 249
[2m2025-03-25T07:55:09.198611Z[0m [32m INFO[0m [1mnode[0m[1m{[0m[3mname[0m[2m=[0mk#addeef94..[1m}[0m[2m:[0m [2msui_core::checkpoints[0m[2m:[0m [2mcrates/sui-core/src/checkpoints/mod.rs[0m[2m:[0m[2m1326:[0m Creating checkpoint(s) for 2 transactions [3mnext_checkpoint_seq[0m[2m=[0m250 [3mcheckpoint_timestamp[0m[2m=[0m1742889308659
[2m2025-03-25T07:55:09.198938Z[0m [32m INFO[0m [1mnode[0m[1m{[0m[3mname[0m[2m=[0mk#addeef94..[1m}[0m[2m:[0m [2msui_core::checkpoints::checkpoint_output[0m[2m:[0m [2mcrates/sui-core/src/checkpoints/checkpoint_output.rs[0m[2m:[0m[2m149:[0m Creating checkpoint CheckpointDigest(5RzZxfxUA7agAJLgpRG1NHhGNfr3cGBQJAz7ZbgfD3G) at epoch 1, sequence 250, previous digest Some(CheckpointDigest(8UX2zD2t6fuJNJPZU9mgbdHgjNEDTppfh8JdmMP2eDaL)), transactions count 2, content digest CheckpointContentsDigest(8bfq4ioTvqkpQqNC4Y3Y8PWmjQ7EoBTiNL9tQDhHFftU), end_of_epoch_data None
[2m2025-03-25T07:55:09.201722Z[0m [32m INFO[0m [1mnode[0m[1m{[0m[3mname[0m[2m=[0mk#addeef94..[1m}[0m[2m:[0m [2msui_core::checkpoints::checkpoint_executor[0m[2m:[0m [2mcrates/sui-core/src/checkpoints/checkpoint_executor/mod.rs[0m[2m:[0m[2m332:[0m Received checkpoint summary from state sync [3msequence_number[0m[2m=[0m249
[2m2025-03-25T07:55:09.202566Z[0m [32m INFO[0m [1mnode[0m[1m{[0m[3mname[0m[2m=[0mk#addeef94..[1m}[0m[2m:[0m [2msui_core::state_accumulator[0m[2m:[0m [2mcrates/sui-core/src/state_accumulator.rs[0m[2m:[0m[2m675:[0m accumulating running root for checkpoint 249
[2m2025-03-25T07:55:09.203031Z[0m [32m INFO[0m [1mnode[0m[1m{[0m[3mname[0m[2m=[0mk#8dcff6d1..[1m}[0m[2m:[0m [2msui_core::checkpoints[0m[2m:[0m [2mcrates/sui-core/src/checkpoints/mod.rs[0m[2m:[0m[2m1326:[0m Creating checkpoint(s) for 2 transactions [3mnext_checkpoint_seq[0m[2m=[0m250 [3mcheckpoint_timestamp[0m[2m=[0m1742889308659
[2m2025-03-25T07:55:09.203294Z[0m [32m INFO[0m [1mnode[0m[1m{[0m[3mname[0m[2m=[0mk#8dcff6d1..[1m}[0m[2m:[0m [2msui_core::checkpoints::checkpoint_output[0m[2m:[0m [2mcrates/sui-core/src/checkpoints/checkpoint_output.rs[0m[2m:[0m[2m149:[0m Creating checkpoint CheckpointDigest(5RzZxfxUA7agAJLgpRG1NHhGNfr3cGBQJAz7ZbgfD3G) at epoch 1, sequence 250, previous digest Some(CheckpointDigest(8UX2zD2t6fuJNJPZU9mgbdHgjNEDTppfh8JdmMP2eDaL)), transactions count 2, content digest CheckpointContentsDigest(8bfq4ioTvqkpQqNC4Y3Y8PWmjQ7EoBTiNL9tQDhHFftU), end_of_epoch_data None
[2m2025-03-25T07:55:09.203423Z[0m [32m INFO[0m [1mnode[0m[1m{[0m[3mname[0m[2m=[0mk#99f25ef6..[1m}[0m[2m:[0m [2msui_core::checkpoints[0m[2m:[0m [2mcrates/sui-core/src/checkpoints/mod.rs[0m[2m:[0m[2m1326:[0m Creating checkpoint(s) for 2 transactions [3mnext_checkpoint_seq[0m[2m=[0m250 [3mcheckpoint_timestamp[0m[2m=[0m1742889308659
[2m2025-03-25T07:55:09.203668Z[0m [32m INFO[0m [1mnode[0m[1m{[0m[3mname[0m[2m=[0mk#99f25ef6..[1m}[0m[2m:[0m [2msui_core::checkpoints::checkpoint_output[0m[2m:[0m [2mcrates/sui-core/src/checkpoints/checkpoint_output.rs[0m[2m:[0m[2m149:[0m Creating checkpoint CheckpointDigest(5RzZxfxUA7agAJLgpRG1NHhGNfr3cGBQJAz7ZbgfD3G) at epoch 1, sequence 250, previous digest Some(CheckpointDigest(8UX2zD2t6fuJNJPZU9mgbdHgjNEDTppfh8JdmMP2eDaL)), transactions count 2, content digest CheckpointContentsDigest(8bfq4ioTvqkpQqNC4Y3Y8PWmjQ7EoBTiNL9tQDhHFftU), end_of_epoch_data None
[2m2025-03-25T07:55:09.304607Z[0m [32m INFO[0m [1mnode[0m[1m{[0m[3mname[0m[2m=[0mk#8dcff6d1..[1m}[0m[2m:[0m [2mconsensus_core::commit_syncer[0m[2m:[0m [2mconsensus/core/src/commit_syncer.rs[0m[2m:[0m[2m196:[0m Checking to schedule fetches: synced_commit_index=37, highest_handled_index=37, highest_scheduled_index=0, quorum_commit_index=36, unhandled_commits_threshold=3200
[2m2025-03-25T07:55:09.327864Z[0m [32m INFO[0m [1mnode[0m[1m{[0m[3mname[0m[2m=[0mk#addeef94..[1m}[0m[2m:[0m [2mconsensus_core::commit_syncer[0m[2m:[0m [2mconsensus/core/src/commit_syncer.rs[0m[2m:[0m[2m196:[0m Checking to schedule fetches: synced_commit_index=37, highest_handled_index=37, highest_scheduled_index=0, quorum_commit_index=0, unhandled_commits_threshold=3200
[2m2025-03-25T07:55:09.331866Z[0m [32m INFO[0m [1mnode[0m[1m{[0m[3mname[0m[2m=[0mk#99f25ef6..[1m}[0m[2m:[0m [2mconsensus_core::commit_syncer[0m[2m:[0m [2mconsensus/core/src/commit_syncer.rs[0m[2m:[0m[2m196:[0m Checking to schedule fetches: synced_commit_index=37, highest_handled_index=37, highest_scheduled_index=0, quorum_commit_index=36, unhandled_commits_threshold=3200
[2m2025-03-25T07:55:09.423978Z[0m [32m INFO[0m [1mnode[0m[1m{[0m[3mname[0m[2m=[0mk#addeef94..[1m}[0m[2m:[0m [2mconsensus_core::core[0m[2m:[0m [2mconsensus/core/src/core.rs[0m[2m:[0m[2m945:[0m Included 3 ancestors & excluded 0 ancestors for proposal in round 47
[2m2025-03-25T07:55:09.424334Z[0m [32m INFO[0m [1mnode[0m[1m{[0m[3mname[0m[2m=[0mk#addeef94..[1m}[0m[2m:[0m [2mconsensus_core::core[0m[2m:[0m [2mconsensus/core/src/core.rs[0m[2m:[0m[2m531:[0m Created block B47(C,j1n0pW78Ek4IwgCBaTS2QowKmfKRLKxFAs4XRhUWSe0=)(1742889309424ms;[B46(C,luwWH4uEqNFK8VXsD8n3n6daHGH5VX3/YQoADh1hdMM=), B46(A,wsUlyXvVFt2I8UMqYp8ByRy+Q05AwiJVv5e++YHaLzE=), B46(B,KPzmGC0I6dsdVp0y0qKbQC6lKmzs3eOOaUBdLFKCWN4=)];1t;1c) for round 47
[2m2025-03-25T07:55:09.426240Z[0m [32m INFO[0m [1mnode[0m[1m{[0m[3mname[0m[2m=[0mk#8dcff6d1..[1m}[0m[2m:[0m [2mconsensus_core::core[0m[2m:[0m [2mconsensus/core/src/core.rs[0m[2m:[0m[2m945:[0m Included 3 ancestors & excluded 0 ancestors for proposal in round 47
[2m2025-03-25T07:55:09.426536Z[0m [32m INFO[0m [1mnode[0m[1m{[0m[3mname[0m[2m=[0mk#8dcff6d1..[1m}[0m[2m:[0m [2mconsensus_core::core[0m[2m:[0m [2mconsensus/core/src/core.rs[0m[2m:[0m[2m531:[0m Created block B47(A,6wH1oHENnLVcZudF8Xo12YcU6HBoWCymuXm2ZPMh8Iw=)(1742889309426ms;[B46(A,wsUlyXvVFt2I8UMqYp8ByRy+Q05AwiJVv5e++YHaLzE=), B46(B,KPzmGC0I6dsdVp0y0qKbQC6lKmzs3eOOaUBdLFKCWN4=), B46(C,luwWH4uEqNFK8VXsD8n3n6daHGH5VX3/YQoADh1hdMM=)];1t;1c) for round 47
[2m2025-03-25T07:55:09.426606Z[0m [32m INFO[0m [1mnode[0m[1m{[0m[3mname[0m[2m=[0mk#8dcff6d1..[1m}[0m[2m:[0m [2mconsensus_core::core[0m[2m:[0m [2mconsensus/core/src/core.rs[0m[2m:[0m[2m630:[0m Committing 1 leaders: B45(A,4uLN)
[2m2025-03-25T07:55:09.426675Z[0m [32m INFO[0m [1mnode[0m[1m{[0m[3mname[0m[2m=[0mk#8dcff6d1..[1m}[0m[2m:[0m [2mconsensus_core::commit_observer[0m[2m:[0m [2mconsensus/core/src/commit_observer.rs[0m[2m:[0m[2m173:[0m Consensus commit C38(fk9w) with leader B45(A,4uLN) has 3 blocks
[2m2025-03-25T07:55:09.426757Z[0m [32m INFO[0m [1mnode[0m[1m{[0m[3mname[0m[2m=[0mk#8dcff6d1..[1m}[0m[2m:[0m [2msui_core::consensus_handler[0m[2m:[0m [2mcrates/sui-core/src/consensus_handler.rs[0m[2m:[0m[2m232:[0m Received consensus output [3mconsensus_commit[0m[2m=[0mCommittedSubDag(leader=B45(A,4uLN), ref=C38(fk9w), blocks=[zoAc, 0ENJ, 4uLN]) [3mepoch[0m[2m=[0m1
[2m2025-03-25T07:55:09.427364Z[0m [32m INFO[0m [1mnode[0m[1m{[0m[3mname[0m[2m=[0mk#99f25ef6..[1m}[0m[2m:[0m [2mconsensus_core::core[0m[2m:[0m [2mconsensus/core/src/core.rs[0m[2m:[0m[2m945:[0m Included 3 ancestors & excluded 0 ancestors for proposal in round 47
[2m2025-03-25T07:55:09.427656Z[0m [32m INFO[0m [1mnode[0m[1m{[0m[3mname[0m[2m=[0mk#99f25ef6..[1m}[0m[2m:[0m [2mconsensus_core::core[0m[2m:[0m [2mconsensus/core/src/core.rs[0m[2m:[0m[2m531:[0m Created block B47(B,mO4J3B0rnPk/gSiObv+Dew1QjtKUtUVCZQpJZSZO3Zw=)(1742889309427ms;[B46(B,KPzmGC0I6dsdVp0y0qKbQC6lKmzs3eOOaUBdLFKCWN4=), B46(A,wsUlyXvVFt2I8UMqYp8ByRy+Q05AwiJVv5e++YHaLzE=), B46(C,luwWH4uEqNFK8VXsD8n3n6daHGH5VX3/YQoADh1hdMM=)];1t;1c) for round 47
[2m2025-03-25T07:55:09.427724Z[0m [32m INFO[0m [1mnode[0m[1m{[0m[3mname[0m[2m=[0mk#99f25ef6..[1m}[0m[2m:[0m [2mconsensus_core::core[0m[2m:[0m [2mconsensus/core/src/core.rs[0m[2m:[0m[2m630:[0m Committing 1 leaders: B45(A,4uLN)
[2m2025-03-25T07:55:09.427790Z[0m [32m INFO[0m [1mnode[0m[1m{[0m[3mname[0m[2m=[0mk#99f25ef6..[1m}[0m[2m:[0m [2mconsensus_core::commit_observer[0m[2m:[0m [2mconsensus/core/src/commit_observer.rs[0m[2m:[0m[2m173:[0m Consensus commit C38(fk9w) with leader B45(A,4uLN) has 3 blocks
[2m2025-03-25T07:55:09.427870Z[0m [32m INFO[0m [1mnode[0m[1m{[0m[3mname[0m[2m=[0mk#99f25ef6..[1m}[0m[2m:[0m [2msui_core::consensus_handler[0m[2m:[0m [2mcrates/sui-core/src/consensus_handler.rs[0m[2m:[0m[2m232:[0m Received consensus output [3mconsensus_commit[0m[2m=[0mCommittedSubDag(leader=B45(A,4uLN), ref=C38(fk9w), blocks=[zoAc, 0ENJ, 4uLN]) [3mepoch[0m[2m=[0m1
[2m2025-03-25T07:55:09.429063Z[0m [32m INFO[0m [1mnode[0m[1m{[0m[3mname[0m[2m=[0mk#addeef94..[1m}[0m[2m:[0m [2mconsensus_core::core[0m[2m:[0m [2mconsensus/core/src/core.rs[0m[2m:[0m[2m630:[0m Committing 1 leaders: B45(A,4uLN)
[2m2025-03-25T07:55:09.429148Z[0m [32m INFO[0m [1mnode[0m[1m{[0m[3mname[0m[2m=[0mk#addeef94..[1m}[0m[2m:[0m [2mconsensus_core::commit_observer[0m[2m:[0m [2mconsensus/core/src/commit_observer.rs[0m[2m:[0m[2m173:[0m Consensus commit C38(fk9w) with leader B45(A,4uLN) has 3 blocks
[2m2025-03-25T07:55:09.429217Z[0m [32m INFO[0m [1mnode[0m[1m{[0m[3mname[0m[2m=[0mk#addeef94..[1m}[0m[2m:[0m [2msui_core::consensus_handler[0m[2m:[0m [2mcrates/sui-core/src/consensus_handler.rs[0m[2m:[0m[2m232:[0m Received consensus output [3mconsensus_commit[0m[2m=[0mCommittedSubDag(leader=B45(A,4uLN), ref=C38(fk9w), blocks=[zoAc, 0ENJ, 4uLN]) [3mepoch[0m[2m=[0m1
[2m2025-03-25T07:55:09.471422Z[0m [32m INFO[0m [1mnode[0m[1m{[0m[3mname[0m[2m=[0mk#8dcff6d1..[1m}[0m[2m:[0m [2msui_core::checkpoints[0m[2m:[0m [2mcrates/sui-core/src/checkpoints/mod.rs[0m[2m:[0m[2m1326:[0m Creating checkpoint(s) for 1 transactions [3mnext_checkpoint_seq[0m[2m=[0m251 [3mcheckpoint_timestamp[0m[2m=[0m1742889308914
[2m2025-03-25T07:55:09.471516Z[0m [32m INFO[0m [1mnode[0m[1m{[0m[3mname[0m[2m=[0mk#99f25ef6..[1m}[0m[2m:[0m [2msui_core::checkpoints[0m[2m:[0m [2mcrates/sui-core/src/checkpoints/mod.rs[0m[2m:[0m[2m1326:[0m Creating checkpoint(s) for 1 transactions [3mnext_checkpoint_seq[0m[2m=[0m251 [3mcheckpoint_timestamp[0m[2m=[0m1742889308914
[2m2025-03-25T07:55:09.471660Z[0m [32m INFO[0m [1mnode[0m[1m{[0m[3mname[0m[2m=[0mk#8dcff6d1..[1m}[0m[2m:[0m [2msui_core::checkpoints::checkpoint_output[0m[2m:[0m [2mcrates/sui-core/src/checkpoints/checkpoint_output.rs[0m[2m:[0m[2m149:[0m Creating checkpoint CheckpointDigest(NJzjRvy3mDbuPYMRZqLBDz4ft7oPzLjnBT6wSJBL4zi) at epoch 1, sequence 251, previous digest Some(CheckpointDigest(5RzZxfxUA7agAJLgpRG1NHhGNfr3cGBQJAz7ZbgfD3G)), transactions count 1, content digest CheckpointContentsDigest(JD9yjVF9nnvRA2gBitHt72DQvAPEVWZ2nnczsNMNBsFL), end_of_epoch_data None
[2m2025-03-25T07:55:09.471684Z[0m [32m INFO[0m [1mnode[0m[1m{[0m[3mname[0m[2m=[0mk#99f25ef6..[1m}[0m[2m:[0m [2msui_core::checkpoints::checkpoint_output[0m[2m:[0m [2mcrates/sui-core/src/checkpoints/checkpoint_output.rs[0m[2m:[0m[2m149:[0m Creating checkpoint CheckpointDigest(NJzjRvy3mDbuPYMRZqLBDz4ft7oPzLjnBT6wSJBL4zi) at epoch 1, sequence 251, previous digest Some(CheckpointDigest(5RzZxfxUA7agAJLgpRG1NHhGNfr3cGBQJAz7ZbgfD3G)), transactions count 1, content digest CheckpointContentsDigest(JD9yjVF9nnvRA2gBitHt72DQvAPEVWZ2nnczsNMNBsFL), end_of_epoch_data None
[2m2025-03-25T07:55:09.474793Z[0m [32m INFO[0m [1mnode[0m[1m{[0m[3mname[0m[2m=[0mk#99f25ef6..[1m}[0m[2m:[0m [2msui_core::checkpoints::checkpoint_output[0m[2m:[0m [2mcrates/sui-core/src/checkpoints/checkpoint_output.rs[0m[2m:[0m[2m196:[0m Certified checkpoint with sequence 250 and digest 5RzZxfxUA7agAJLgpRG1NHhGNfr3cGBQJAz7ZbgfD3G
[2m2025-03-25T07:55:09.474795Z[0m [32m INFO[0m [1mnode[0m[1m{[0m[3mname[0m[2m=[0mk#8dcff6d1..[1m}[0m[2m:[0m [2msui_core::checkpoints::checkpoint_output[0m[2m:[0m [2mcrates/sui-core/src/checkpoints/checkpoint_output.rs[0m[2m:[0m[2m196:[0m Certified checkpoint with sequence 250 and digest 5RzZxfxUA7agAJLgpRG1NHhGNfr3cGBQJAz7ZbgfD3G
[2m2025-03-25T07:55:09.476717Z[0m [32m INFO[0m [1mnode[0m[1m{[0m[3mname[0m[2m=[0mk#addeef94..[1m}[0m[2m:[0m [2msui_core::checkpoints[0m[2m:[0m [2mcrates/sui-core/src/checkpoints/mod.rs[0m[2m:[0m[2m1326:[0m Creating checkpoint(s) for 1 transactions [3mnext_checkpoint_seq[0m[2m=[0m251 [3mcheckpoint_timestamp[0m[2m=[0m1742889308914
[2m2025-03-25T07:55:09.476896Z[0m [32m INFO[0m [1mnode[0m[1m{[0m[3mname[0m[2m=[0mk#addeef94..[1m}[0m[2m:[0m [2msui_core::checkpoints::checkpoint_output[0m[2m:[0m [2mcrates/sui-core/src/checkpoints/checkpoint_output.rs[0m[2m:[0m[2m149:[0m Creating checkpoint CheckpointDigest(NJzjRvy3mDbuPYMRZqLBDz4ft7oPzLjnBT6wSJBL4zi) at epoch 1, sequence 251, previous digest Some(CheckpointDigest(5RzZxfxUA7agAJLgpRG1NHhGNfr3cGBQJAz7ZbgfD3G)), transactions count 1, content digest CheckpointContentsDigest(JD9yjVF9nnvRA2gBitHt72DQvAPEVWZ2nnczsNMNBsFL), end_of_epoch_data None
[2m2025-03-25T07:55:09.477776Z[0m [32m INFO[0m [1mnode[0m[1m{[0m[3mname[0m[2m=[0mk#99f25ef6..[1m}[0m[2m:[0m [2msui_core::checkpoints::checkpoint_executor[0m[2m:[0m [2mcrates/sui-core/src/checkpoints/checkpoint_executor/mod.rs[0m[2m:[0m[2m332:[0m Received checkpoint summary from state sync [3msequence_number[0m[2m=[0m250
[2m2025-03-25T07:55:09.477776Z[0m [32m INFO[0m [1mnode[0m[1m{[0m[3mname[0m[2m=[0mk#8dcff6d1..[1m}[0m[2m:[0m [2msui_core::checkpoints::checkpoint_executor[0m[2m:[0m [2mcrates/sui-core/src/checkpoints/checkpoint_executor/mod.rs[0m[2m:[0m[2m332:[0m Received checkpoint summary from state sync [3msequence_number[0m[2m=[0m250
[2m2025-03-25T07:55:09.495896Z[0m [32m INFO[0m [1mnode[0m[1m{[0m[3mname[0m[2m=[0mk#8dcff6d1..[1m}[0m[2m:[0m [2msui_core::state_accumulator[0m[2m:[0m [2mcrates/sui-core/src/state_accumulator.rs[0m[2m:[0m[2m675:[0m accumulating running root for checkpoint 250
[2m2025-03-25T07:55:09.496520Z[0m [32m INFO[0m [1mnode[0m[1m{[0m[3mname[0m[2m=[0mk#99f25ef6..[1m}[0m[2m:[0m [2msui_core::state_accumulator[0m[2m:[0m [2mcrates/sui-core/src/state_accumulator.rs[0m[2m:[0m[2m675:[0m accumulating running root for checkpoint 250
[2m2025-03-25T07:55:09.544311Z[0m [32m INFO[0m [1mnode[0m[1m{[0m[3mname[0m[2m=[0mk#addeef94..[1m}[0m[2m:[0m [2msui_core::checkpoints::checkpoint_executor[0m[2m:[0m [2mcrates/sui-core/src/checkpoints/checkpoint_executor/mod.rs[0m[2m:[0m[2m332:[0m Received checkpoint summary from state sync [3msequence_number[0m[2m=[0m250
[2m2025-03-25T07:55:09.545607Z[0m [32m INFO[0m [1mnode[0m[1m{[0m[3mname[0m[2m=[0mk#addeef94..[1m}[0m[2m:[0m [2msui_core::state_accumulator[0m[2m:[0m [2mcrates/sui-core/src/state_accumulator.rs[0m[2m:[0m[2m675:[0m accumulating running root for checkpoint 250
[2m2025-03-25T07:55:09.679297Z[0m [32m INFO[0m [1mnode[0m[1m{[0m[3mname[0m[2m=[0mk#8dcff6d1..[1m}[0m[2m:[0m [2mconsensus_core::core[0m[2m:[0m [2mconsensus/core/src/core.rs[0m[2m:[0m[2m945:[0m Included 3 ancestors & excluded 0 ancestors for proposal in round 48
[2m2025-03-25T07:55:09.679673Z[0m [32m INFO[0m [1mnode[0m[1m{[0m[3mname[0m[2m=[0mk#8dcff6d1..[1m}[0m[2m:[0m [2mconsensus_core::core[0m[2m:[0m [2mconsensus/core/src/core.rs[0m[2m:[0m[2m531:[0m Created block B48(A,Y/5kb+925XNu4MOMqDEkZ3zTgyx/2btU6r0hBV2WnLs=)(1742889309679ms;[B47(A,6wH1oHENnLVcZudF8Xo12YcU6HBoWCymuXm2ZPMh8Iw=), B47(B,mO4J3B0rnPk/gSiObv+Dew1QjtKUtUVCZQpJZSZO3Zw=), B47(C,j1n0pW78Ek4IwgCBaTS2QowKmfKRLKxFAs4XRhUWSe0=)];1t;1c) for round 48
[2m2025-03-25T07:55:09.681378Z[0m [32m INFO[0m [1mnode[0m[1m{[0m[3mname[0m[2m=[0mk#addeef94..[1m}[0m[2m:[0m [2mconsensus_core::core[0m[2m:[0m [2mconsensus/core/src/core.rs[0m[2m:[0m[2m945:[0m Included 3 ancestors & excluded 0 ancestors for proposal in round 48
[2m2025-03-25T07:55:09.681386Z[0m [32m INFO[0m [1mnode[0m[1m{[0m[3mname[0m[2m=[0mk#99f25ef6..[1m}[0m[2m:[0m [2mconsensus_core::core[0m[2m:[0m [2mconsensus/core/src/core.rs[0m[2m:[0m[2m945:[0m Included 3 ancestors & excluded 0 ancestors for proposal in round 48
[2m2025-03-25T07:55:09.681660Z[0m [32m INFO[0m [1mnode[0m[1m{[0m[3mname[0m[2m=[0mk#addeef94..[1m}[0m[2m:[0m [2mconsensus_core::core[0m[2m:[0m [2mconsensus/core/src/core.rs[0m[2m:[0m[2m531:[0m Created block B48(C,Iec/0LiuikI/Y8RTV6onsB3m771KNssYdpdH9fxSAjo=)(1742889309681ms;[B47(C,j1n0pW78Ek4IwgCBaTS2QowKmfKRLKxFAs4XRhUWSe0=), B47(A,6wH1oHENnLVcZudF8Xo12YcU6HBoWCymuXm2ZPMh8Iw=), B47(B,mO4J3B0rnPk/gSiObv+Dew1QjtKUtUVCZQpJZSZO3Zw=)];1t;1c) for round 48
[2m2025-03-25T07:55:09.681671Z[0m [32m INFO[0m [1mnode[0m[1m{[0m[3mname[0m[2m=[0mk#99f25ef6..[1m}[0m[2m:[0m [2mconsensus_core::core[0m[2m:[0m [2mconsensus/core/src/core.rs[0m[2m:[0m[2m531:[0m Created block B48(B,rOoJF3CRBDwLmAOwOlHNbtyhD1sRXpA88hdSk1g8VwQ=)(1742889309681ms;[B47(B,mO4J3B0rnPk/gSiObv+Dew1QjtKUtUVCZQpJZSZO3Zw=), B47(A,6wH1oHENnLVcZudF8Xo12YcU6HBoWCymuXm2ZPMh8Iw=), B47(C,j1n0pW78Ek4IwgCBaTS2QowKmfKRLKxFAs4XRhUWSe0=)];1t;1c) for round 48
[2m2025-03-25T07:55:09.681798Z[0m [32m INFO[0m [1mnode[0m[1m{[0m[3mname[0m[2m=[0mk#addeef94..[1m}[0m[2m:[0m [2mconsensus_core::core[0m[2m:[0m [2mconsensus/core/src/core.rs[0m[2m:[0m[2m630:[0m Committing 1 leaders: B46(B,KPzm)
[2m2025-03-25T07:55:09.681885Z[0m [32m INFO[0m [1mnode[0m[1m{[0m[3mname[0m[2m=[0mk#addeef94..[1m}[0m[2m:[0m [2mconsensus_core::commit_observer[0m[2m:[0m [2mconsensus/core/src/commit_observer.rs[0m[2m:[0m[2m173:[0m Consensus commit C39(hO5x) with leader B46(B,KPzm) has 3 blocks
[2m2025-03-25T07:55:09.682183Z[0m [32m INFO[0m [1mnode[0m[1m{[0m[3mname[0m[2m=[0mk#addeef94..[1m}[0m[2m:[0m [2msui_core::consensus_handler[0m[2m:[0m [2mcrates/sui-core/src/consensus_handler.rs[0m[2m:[0m[2m232:[0m Received consensus output [3mconsensus_commit[0m[2m=[0mCommittedSubDag(leader=B46(B,KPzm), ref=C39(hO5x), blocks=[ll5u, ZIFl, KPzm]) [3mepoch[0m[2m=[0m1
[2m2025-03-25T07:55:09.685236Z[0m [32m INFO[0m [1mnode[0m[1m{[0m[3mname[0m[2m=[0mk#99f25ef6..[1m}[0m[2m:[0m [2msui_core::checkpoints::checkpoint_output[0m[2m:[0m [2mcrates/sui-core/src/checkpoints/checkpoint_output.rs[0m[2m:[0m[2m196:[0m Certified checkpoint with sequence 251 and digest NJzjRvy3mDbuPYMRZqLBDz4ft7oPzLjnBT6wSJBL4zi
[2m2025-03-25T07:55:09.685362Z[0m [32m INFO[0m [1mnode[0m[1m{[0m[3mname[0m[2m=[0mk#99f25ef6..[1m}[0m[2m:[0m [2mconsensus_core::core[0m[2m:[0m [2mconsensus/core/src/core.rs[0m[2m:[0m[2m630:[0m Committing 1 leaders: B46(B,KPzm)
[2m2025-03-25T07:55:09.685472Z[0m [32m INFO[0m [1mnode[0m[1m{[0m[3mname[0m[2m=[0mk#99f25ef6..[1m}[0m[2m:[0m [2mconsensus_core::commit_observer[0m[2m:[0m [2mconsensus/core/src/commit_observer.rs[0m[2m:[0m[2m173:[0m Consensus commit C39(hO5x) with leader B46(B,KPzm) has 3 blocks
[2m2025-03-25T07:55:09.685699Z[0m [32m INFO[0m [1mnode[0m[1m{[0m[3mname[0m[2m=[0mk#8dcff6d1..[1m}[0m[2m:[0m [2msui_core::checkpoints::checkpoint_output[0m[2m:[0m [2mcrates/sui-core/src/checkpoints/checkpoint_output.rs[0m[2m:[0m[2m196:[0m Certified checkpoint with sequence 251 and digest NJzjRvy3mDbuPYMRZqLBDz4ft7oPzLjnBT6wSJBL4zi
[2m2025-03-25T07:55:09.685792Z[0m [32m INFO[0m [1mnode[0m[1m{[0m[3mname[0m[2m=[0mk#8dcff6d1..[1m}[0m[2m:[0m [2mconsensus_core::core[0m[2m:[0m [2mconsensus/core/src/core.rs[0m[2m:[0m[2m630:[0m Committing 1 leaders: B46(B,KPzm)
[2m2025-03-25T07:55:09.685892Z[0m [32m INFO[0m [1mnode[0m[1m{[0m[3mname[0m[2m=[0mk#8dcff6d1..[1m}[0m[2m:[0m [2mconsensus_core::commit_observer[0m[2m:[0m [2mconsensus/core/src/commit_observer.rs[0m[2m:[0m[2m173:[0m Consensus commit C39(hO5x) with leader B46(B,KPzm) has 3 blocks
[2m2025-03-25T07:55:09.685901Z[0m [32m INFO[0m [1mnode[0m[1m{[0m[3mname[0m[2m=[0mk#99f25ef6..[1m}[0m[2m:[0m [2msui_core::consensus_handler[0m[2m:[0m [2mcrates/sui-core/src/consensus_handler.rs[0m[2m:[0m[2m232:[0m Received consensus output [3mconsensus_commit[0m[2m=[0mCommittedSubDag(leader=B46(B,KPzm), ref=C39(hO5x), blocks=[ll5u, ZIFl, KPzm]) [3mepoch[0m[2m=[0m1
[2m2025-03-25T07:55:09.686248Z[0m [32m INFO[0m [1mnode[0m[1m{[0m[3mname[0m[2m=[0mk#8dcff6d1..[1m}[0m[2m:[0m [2msui_core::consensus_handler[0m[2m:[0m [2mcrates/sui-core/src/consensus_handler.rs[0m[2m:[0m[2m232:[0m Received consensus output [3mconsensus_commit[0m[2m=[0mCommittedSubDag(leader=B46(B,KPzm), ref=C39(hO5x), blocks=[ll5u, ZIFl, KPzm]) [3mepoch[0m[2m=[0m1
[2m2025-03-25T07:55:09.686486Z[0m [32m INFO[0m [1mnode[0m[1m{[0m[3mname[0m[2m=[0mk#99f25ef6..[1m}[0m[2m:[0m [2msui_core::checkpoints::checkpoint_executor[0m[2m:[0m [2mcrates/sui-core/src/checkpoints/checkpoint_executor/mod.rs[0m[2m:[0m[2m332:[0m Received checkpoint summary from state sync [3msequence_number[0m[2m=[0m251
[2m2025-03-25T07:55:09.686748Z[0m [32m INFO[0m [1mnode[0m[1m{[0m[3mname[0m[2m=[0mk#8dcff6d1..[1m}[0m[2m:[0m [2msui_core::checkpoints::checkpoint_executor[0m[2m:[0m [2mcrates/sui-core/src/checkpoints/checkpoint_executor/mod.rs[0m[2m:[0m[2m332:[0m Received checkpoint summary from state sync [3msequence_number[0m[2m=[0m251
[2m2025-03-25T07:55:09.688035Z[0m [32m INFO[0m [1mnode[0m[1m{[0m[3mname[0m[2m=[0mk#8dcff6d1..[1m}[0m[2m:[0m [2msui_core::state_accumulator[0m[2m:[0m [2mcrates/sui-core/src/state_accumulator.rs[0m[2m:[0m[2m675:[0m accumulating running root for checkpoint 251
[2m2025-03-25T07:55:09.688036Z[0m [32m INFO[0m [1mnode[0m[1m{[0m[3mname[0m[2m=[0mk#99f25ef6..[1m}[0m[2m:[0m [2msui_core::state_accumulator[0m[2m:[0m [2mcrates/sui-core/src/state_accumulator.rs[0m[2m:[0m[2m675:[0m accumulating running root for checkpoint 251
[2m2025-03-25T07:55:09.709163Z[0m [32m INFO[0m [1mnode[0m[1m{[0m[3mname[0m[2m=[0mk#addeef94..[1m}[0m[2m:[0m [2msui_core::checkpoints[0m[2m:[0m [2mcrates/sui-core/src/checkpoints/mod.rs[0m[2m:[0m[2m1326:[0m Creating checkpoint(s) for 2 transactions [3mnext_checkpoint_seq[0m[2m=[0m252 [3mcheckpoint_timestamp[0m[2m=[0m1742889309167
[2m2025-03-25T07:55:09.709481Z[0m [32m INFO[0m [1mnode[0m[1m{[0m[3mname[0m[2m=[0mk#addeef94..[1m}[0m[2m:[0m [2msui_core::checkpoints::checkpoint_output[0m[2m:[0m [2mcrates/sui-core/src/checkpoints/checkpoint_output.rs[0m[2m:[0m[2m149:[0m Creating checkpoint CheckpointDigest(GULah62rfzv163SjgNUugDQqaZVzwBd1ip1yo6AUXKW1) at epoch 1, sequence 252, previous digest Some(CheckpointDigest(NJzjRvy3mDbuPYMRZqLBDz4ft7oPzLjnBT6wSJBL4zi)), transactions count 2, content digest CheckpointContentsDigest(GV8vW6jJvCscfTyysSD1VAREHNzS4E3Rp8dBu2aC7WQi), end_of_epoch_data None
[2m2025-03-25T07:55:09.713633Z[0m [32m INFO[0m [1mnode[0m[1m{[0m[3mname[0m[2m=[0mk#8dcff6d1..[1m}[0m[2m:[0m [2msui_core::checkpoints[0m[2m:[0m [2mcrates/sui-core/src/checkpoints/mod.rs[0m[2m:[0m[2m1326:[0m Creating checkpoint(s) for 2 transactions [3mnext_checkpoint_seq[0m[2m=[0m252 [3mcheckpoint_timestamp[0m[2m=[0m1742889309167
[2m2025-03-25T07:55:09.713645Z[0m [32m INFO[0m [1mnode[0m[1m{[0m[3mname[0m[2m=[0mk#99f25ef6..[1m}[0m[2m:[0m [2msui_core::checkpoints[0m[2m:[0m [2mcrates/sui-core/src/checkpoints/mod.rs[0m[2m:[0m[2m1326:[0m Creating checkpoint(s) for 2 transactions [3mnext_checkpoint_seq[0m[2m=[0m252 [3mcheckpoint_timestamp[0m[2m=[0m1742889309167
[2m2025-03-25T07:55:09.713751Z[0m [32m INFO[0m [1mnode[0m[1m{[0m[3mname[0m[2m=[0mk#addeef94..[1m}[0m[2m:[0m [2msui_core::checkpoints::checkpoint_executor[0m[2m:[0m [2mcrates/sui-core/src/checkpoints/checkpoint_executor/mod.rs[0m[2m:[0m[2m332:[0m Received checkpoint summary from state sync [3msequence_number[0m[2m=[0m251
[2m2025-03-25T07:55:09.713895Z[0m [32m INFO[0m [1mnode[0m[1m{[0m[3mname[0m[2m=[0mk#8dcff6d1..[1m}[0m[2m:[0m [2msui_core::checkpoints::checkpoint_output[0m[2m:[0m [2mcrates/sui-core/src/checkpoints/checkpoint_output.rs[0m[2m:[0m[2m149:[0m Creating checkpoint CheckpointDigest(GULah62rfzv163SjgNUugDQqaZVzwBd1ip1yo6AUXKW1) at epoch 1, sequence 252, previous digest Some(CheckpointDigest(NJzjRvy3mDbuPYMRZqLBDz4ft7oPzLjnBT6wSJBL4zi)), transactions count 2, content digest CheckpointContentsDigest(GV8vW6jJvCscfTyysSD1VAREHNzS4E3Rp8dBu2aC7WQi), end_of_epoch_data None
[2m2025-03-25T07:55:09.713895Z[0m [32m INFO[0m [1mnode[0m[1m{[0m[3mname[0m[2m=[0mk#99f25ef6..[1m}[0m[2m:[0m [2msui_core::checkpoints::checkpoint_output[0m[2m:[0m [2mcrates/sui-core/src/checkpoints/checkpoint_output.rs[0m[2m:[0m[2m149:[0m Creating checkpoint CheckpointDigest(GULah62rfzv163SjgNUugDQqaZVzwBd1ip1yo6AUXKW1) at epoch 1, sequence 252, previous digest Some(CheckpointDigest(NJzjRvy3mDbuPYMRZqLBDz4ft7oPzLjnBT6wSJBL4zi)), transactions count 2, content digest CheckpointContentsDigest(GV8vW6jJvCscfTyysSD1VAREHNzS4E3Rp8dBu2aC7WQi), end_of_epoch_data None
[2m2025-03-25T07:55:09.714601Z[0m [32m INFO[0m [1mnode[0m[1m{[0m[3mname[0m[2m=[0mk#addeef94..[1m}[0m[2m:[0m [2msui_core::state_accumulator[0m[2m:[0m [2mcrates/sui-core/src/state_accumulator.rs[0m[2m:[0m[2m675:[0m accumulating running root for checkpoint 251
[2m2025-03-25T07:55:09.745628Z[0m [32m INFO[0m [1mnode[0m[1m{[0m[3mname[0m[2m=[0mk#99f25ef6..[1m}[0m[2m:[0m [2msui_core::epoch::consensus_store_pruner[0m[2m:[0m [2mcrates/sui-core/src/epoch/consensus_store_pruner.rs[0m[2m:[0m[2m116:[0m Consensus store prunning for current epoch 1. Will remove epochs < 1
[2m2025-03-25T07:55:09.745724Z[0m [32m INFO[0m [1mnode[0m[1m{[0m[3mname[0m[2m=[0mk#99f25ef6..[1m}[0m[2m:[0m [2msui_core::epoch::consensus_store_pruner[0m[2m:[0m [2mcrates/sui-core/src/epoch/consensus_store_pruner.rs[0m[2m:[0m[2m214:[0m Completed old epoch data removal process for epoch 1
[2m2025-03-25T07:55:09.785051Z[0m [32m INFO[0m [1mnode[0m[1m{[0m[3mname[0m[2m=[0mk#b3f3cbb4..[1m}[0m[2m:[0m[1mreconfigure[0m[2m:[0m[1mreopen_epoch_db[0m[2m:[0m[1mAuthorityPerEpochStore::new[0m[1m{[0m[3mepoch[0m[2m=[0m1[1m}[0m[2m:[0m [2msui_core::authority::authority_per_epoch_store[0m[2m:[0m [2mcrates/sui-core/src/authority/authority_per_epoch_store.rs[0m[2m:[0m[2m894:[0m epoch flags: [ExecutedInEpochTable, StateAccumulatorV2EnabledTestnet, StateAccumulatorV2EnabledMainnet, WritebackCacheEnabled]
[2m2025-03-25T07:55:09.785073Z[0m [32m INFO[0m [1mnode[0m[1m{[0m[3mname[0m[2m=[0mk#b3f3cbb4..[1m}[0m[2m:[0m[1mreconfigure[0m[2m:[0m[1mreopen_epoch_db[0m[2m:[0m[1mAuthorityPerEpochStore::new[0m[1m{[0m[3mepoch[0m[2m=[0m1[1m}[0m[2m:[0m [2msui_types::digests[0m[2m:[0m [2mcrates/sui-types/src/digests.rs[0m[2m:[0m[2m217:[0m start unknown chain.....
[2m2025-03-25T07:55:09.785301Z[0m [32m INFO[0m [1mnode[0m[1m{[0m[3mname[0m[2m=[0mk#b3f3cbb4..[1m}[0m[2m:[0m[1mreconfigure[0m[2m:[0m[1mreopen_epoch_db[0m[2m:[0m[1mAuthorityPerEpochStore::new[0m[1m{[0m[3mepoch[0m[2m=[0m1[1m}[0m[2m:[0m [2msui_types::digests[0m[2m:[0m [2mcrates/sui-types/src/digests.rs[0m[2m:[0m[2m217:[0m start unknown chain.....
[2m2025-03-25T07:55:09.785344Z[0m [32m INFO[0m [1mnode[0m[1m{[0m[3mname[0m[2m=[0mk#b3f3cbb4..[1m}[0m[2m:[0m[1mreconfigure[0m[2m:[0m[1mreopen_epoch_db[0m[2m:[0m[1mAuthorityPerEpochStore::new[0m[1m{[0m[3mepoch[0m[2m=[0m1[1m}[0m[2m:[0m [2msui_core::authority::authority_per_epoch_store[0m[2m:[0m [2mcrates/sui-core/src/authority/authority_per_epoch_store.rs[0m[2m:[0m[2m950:[0m authenticator_state enabled
[2m2025-03-25T07:55:09.785908Z[0m [32m INFO[0m [1mnode[0m[1m{[0m[3mname[0m[2m=[0mk#b3f3cbb4..[1m}[0m[2m:[0m [2msui_node[0m[2m:[0m [2mcrates/sui-node/src/lib.rs[0m[2m:[0m[2m1944:[0m Node State has been reconfigured [3mnext_epoch[0m[2m=[0m1
[2m2025-03-25T07:55:09.785928Z[0m [32m INFO[0m [1mnode[0m[1m{[0m[3mname[0m[2m=[0mk#b3f3cbb4..[1m}[0m[2m:[0m [2msui_types::digests[0m[2m:[0m [2mcrates/sui-types/src/digests.rs[0m[2m:[0m[2m217:[0m start unknown chain.....
[2m2025-03-25T07:55:09.786108Z[0m [32m INFO[0m [1mnode[0m[1m{[0m[3mname[0m[2m=[0mk#b3f3cbb4..[1m}[0m[2m:[0m [2msui_node[0m[2m:[0m [2mcrates/sui-node/src/lib.rs[0m[2m:[0m[2m1885:[0m Set rate map to global-mutable-singleton, get_bfc_system_state_object result Ok(
    V2(
        BfcSystemStateInnerV2 {
            round: 0,
            stable_base_points: 10,
            reward_rate: 50,
            dao: Dao {
                id: UID {
                    id: ID {
                        bytes: 0xf009528a4ad86bc7cabb5b847b927145371d09d52b859bcf93d42d9a2741ca4d,
                    },
                },
                admin: ID {
                    bytes: 0x0000000000000000000000000000000000000000000000000000000000000000,
                },
                config: DaoConfig {
                    voting_delay: 259200000,
                    voting_period: 604800000,
                    voting_quorum_rate: 10,
                    min_action_delay: 604800000,
                },
                info: DaoGlobalInfo {
                    next_proposal_id: 19,
                    next_action_id: 1,
                },
                proposal_record: VecMap {
                    contents: [],
                },
                action_record: VecMap {
                    contents: [],
                },
                votes_record: VecMap {
                    contents: [],
                },
                voting_pool: VotingPool {
                    id: UID {
                        id: ID {
                            bytes: 0x9f9675f4bdda0964a44310552ce0cc1537ce32ac35da1157351c5a86b9bf936d,
                        },
                    },
                    bfc_balance: 0,
                    pool_token_balance: 0,
                },
                current_proposal_status: VecMap {
                    contents: [],
                },
            },
            treasury: Treasury {
                id: UID {
                    id: ID {
                        bytes: 0x03f483f8fec74be68ff7649ab12295ca3e7a5c5b27cc5a46a9bc688d57c74520,
                    },
                },
                bfc_balance: Balance {
                    value: 50904662323335663,
                },
                supplies: Bag {
                    id: UID {
                        id: ID {
                            bytes: 0x72c69bbb02cde1b22911173e9aa90da0420a76be0965ff995483ca6870db13b1,
                        },
                    },
                    size: 17,
                },
                index: 17,
                time_interval: 300,
                updated_at: 0,
                init: true,
                total_bfc_supply: 500000000000000000,
            },
            treasury_pool: TreasuryPool {
                id: UID {
                    id: ID {
                        bytes: 0x8d991f539a21cf7bfea38a3a7ead1a28102142dc8a5017da7c6c82ce96942294,
                    },
                },
                balance: Balance {
                    value: 434064041381239406,
                },
            },
            rate_map: VecMap {
                contents: [
                    Entry {
                        key: "00000000000000000000000000000000000000000000000000000000000000c8::mgg::MGG",
                        value: 849937984,
                    },
                    Entry {
                        key: "00000000000000000000000000000000000000000000000000000000000000c8::bjpy::BJPY",
                        value: 62997403,
                    },
                    Entry {
                        key: "00000000000000000000000000000000000000000000000000000000000000c8::bkrw::BKRW",
                        value: 7199430,
                    },
                    Entry {
                        key: "00000000000000000000000000000000000000000000000000000000000000c8::baud::BAUD",
                        value: 6699981296,
                    },
                    Entry {
                        key: "00000000000000000000000000000000000000000000000000000000000000c8::bars::BARS",
                        value: 11003140,
                    },
                    Entry {
                        key: "00000000000000000000000000000000000000000000000000000000000000c8::bbrl::BBRL",
                        value: 1799971026,
                    },
                    Entry {
                        key: "00000000000000000000000000000000000000000000000000000000000000c8::bcad::BCAD",
                        value: 7300190404,
                    },
                    Entry {
                        key: "00000000000000000000000000000000000000000000000000000000000000c8::beur::BEUR",
                        value: 10899100961,
                    },
                    Entry {
                        key: "00000000000000000000000000000000000000000000000000000000000000c8::bgbp::BGBP",
                        value: 12998987179,
                    },
                    Entry {
                        key: "00000000000000000000000000000000000000000000000000000000000000c8::bidr::BIDR",
                        value: 619975,
                    },
                    Entry {
                        key: "00000000000000000000000000000000000000000000000000000000000000c8::binr::BINR",
                        value: 119996345,
                    },
                    Entry {
                        key: "00000000000000000000000000000000000000000000000000000000000000c8::brub::BRUB",
                        value: 109998380,
                    },
                    Entry {
                        key: "00000000000000000000000000000000000000000000000000000000000000c8::bsar::BSAR",
                        value: 2700265950,
                    },
                    Entry {
                        key: "00000000000000000000000000000000000000000000000000000000000000c8::btry::BTRY",
                        value: 300069903,
                    },
                    Entry {
                        key: "00000000000000000000000000000000000000000000000000000000000000c8::bzar::BZAR",
                        value: 550146795,
                    },
                    Entry {
                        key: "00000000000000000000000000000000000000000000000000000000000000c8::bmxn::BMXN",
                        value: 560138594,
                    },
                    Entry {
                        key: "00000000000000000000000000000000000000000000000000000000000000c8::busd::BUSD",
                        value: 10000995385,
                    },
                ],
            },
            operation_capability: VecMap {
                contents: [],
            },
            admin_capability_addresses: VecSet {
                contents: [],
            },
            admin_init: false,
            oracle_address: None,
            extra_fields: Bag {
                id: UID {
                    id: ID {
                        bytes: 0x7a77452f007c6cf25bc5b7fc592aae0652d9c8d2147586c3cfd6463acaccecf6,
                    },
                },
                size: 0,
            },
        },
    ),
)
[2m2025-03-25T07:55:09.786208Z[0m [32m INFO[0m [1mnode[0m[1m{[0m[3mname[0m[2m=[0mk#b3f3cbb4..[1m}[0m[2m:[0m [2msui_node[0m[2m:[0m [2mcrates/sui-node/src/lib.rs[0m[2m:[0m[2m1893:[0m Set rate map to global-mutable-singleton, bfc_system.get_rate_map is {
    "00000000000000000000000000000000000000000000000000000000000000c8::bars::BARS": 11003140,
    "00000000000000000000000000000000000000000000000000000000000000c8::baud::BAUD": 6699981296,
    "00000000000000000000000000000000000000000000000000000000000000c8::bbrl::BBRL": 1799971026,
    "00000000000000000000000000000000000000000000000000000000000000c8::bcad::BCAD": 7300190404,
    "00000000000000000000000000000000000000000000000000000000000000c8::beur::BEUR": 10899100961,
    "00000000000000000000000000000000000000000000000000000000000000c8::bgbp::BGBP": 12998987179,
    "00000000000000000000000000000000000000000000000000000000000000c8::bidr::BIDR": 619975,
    "00000000000000000000000000000000000000000000000000000000000000c8::binr::BINR": 119996345,
    "00000000000000000000000000000000000000000000000000000000000000c8::bjpy::BJPY": 62997403,
    "00000000000000000000000000000000000000000000000000000000000000c8::bkrw::BKRW": 7199430,
    "00000000000000000000000000000000000000000000000000000000000000c8::bmxn::BMXN": 560138594,
    "00000000000000000000000000000000000000000000000000000000000000c8::brub::BRUB": 109998380,
    "00000000000000000000000000000000000000000000000000000000000000c8::bsar::BSAR": 2700265950,
    "00000000000000000000000000000000000000000000000000000000000000c8::btry::BTRY": 300069903,
    "00000000000000000000000000000000000000000000000000000000000000c8::busd::BUSD": 10000995385,
    "00000000000000000000000000000000000000000000000000000000000000c8::bzar::BZAR": 550146795,
    "00000000000000000000000000000000000000000000000000000000000000c8::mgg::MGG": 849937984,
}
[2m2025-03-25T07:55:09.786235Z[0m [32m INFO[0m [1mnode[0m[1m{[0m[3mname[0m[2m=[0mk#b3f3cbb4..[1m}[0m[2m:[0m [2msui_node[0m[2m:[0m [2mcrates/sui-node/src/lib.rs[0m[2m:[0m[2m1898:[0m Reconfiguration finished
[2m2025-03-25T07:55:09.795072Z[0m [32m INFO[0m [1mnode[0m[1m{[0m[3mname[0m[2m=[0mk#b3f3cbb4..[1m}[0m[2m:[0m [2msui_core::quorum_driver::reconfig_observer[0m[2m:[0m [2mcrates/sui-core/src/quorum_driver/reconfig_observer.rs[0m[2m:[0m[2m76:[0m Got reconfig message. New committee: Committee (epoch=1, voting_rights=[k#8dcff6d1..: 3333, k#99f25ef6..: 3333, k#addeef94..: 3334, ])
[2m2025-03-25T07:55:09.795272Z[0m [32m INFO[0m [1mnode[0m[1m{[0m[3mname[0m[2m=[0mk#b3f3cbb4..[1m}[0m[2m:[0m [2msui_core::quorum_driver[0m[2m:[0m [2mcrates/sui-core/src/quorum_driver/mod.rs[0m[2m:[0m[2m624:[0m Quorum Driver updating AuthorityAggregator with committee Committee (epoch=1, voting_rights=[k#8dcff6d1..: 3333, k#99f25ef6..: 3333, k#addeef94..: 3334, ])
[2m2025-03-25T07:55:09.839066Z[0m [32m INFO[0m [1mnode[0m[1m{[0m[3mname[0m[2m=[0mk#b3f3cbb4..[1m}[0m[2m:[0m [2msui_storage::mutex_table[0m[2m:[0m [2mcrates/sui-storage/src/mutex_table.rs[0m[2m:[0m[2m134:[0m Stopping mutex table cleanup!
[2m2025-03-25T07:55:09.914858Z[0m [32m INFO[0m [1mnode[0m[1m{[0m[3mname[0m[2m=[0mk#b3f3cbb4..[1m}[0m[2m:[0m [2msui_core::checkpoints::checkpoint_executor[0m[2m:[0m [2mcrates/sui-core/src/checkpoints/checkpoint_executor/mod.rs[0m[2m:[0m[2m332:[0m Received checkpoint summary from state sync [3msequence_number[0m[2m=[0m214
[2m2025-03-25T07:55:09.915038Z[0m [32m INFO[0m [1mnode[0m[1m{[0m[3mname[0m[2m=[0mk#b3f3cbb4..[1m}[0m[2m:[0m [2msui_core::checkpoints::checkpoint_executor[0m[2m:[0m [2mcrates/sui-core/src/checkpoints/checkpoint_executor/mod.rs[0m[2m:[0m[2m332:[0m Received checkpoint summary from state sync [3msequence_number[0m[2m=[0m215
[2m2025-03-25T07:55:09.915079Z[0m [32m INFO[0m [1mnode[0m[1m{[0m[3mname[0m[2m=[0mk#b3f3cbb4..[1m}[0m[2m:[0m [2msui_core::checkpoints::checkpoint_executor[0m[2m:[0m [2mcrates/sui-core/src/checkpoints/checkpoint_executor/mod.rs[0m[2m:[0m[2m332:[0m Received checkpoint summary from state sync [3msequence_number[0m[2m=[0m216
[2m2025-03-25T07:55:09.919517Z[0m [32m INFO[0m [1mnode[0m[1m{[0m[3mname[0m[2m=[0mk#b3f3cbb4..[1m}[0m[2m:[0m [2msui_core::checkpoints::checkpoint_executor[0m[2m:[0m [2mcrates/sui-core/src/checkpoints/checkpoint_executor/mod.rs[0m[2m:[0m[2m332:[0m Received checkpoint summary from state sync [3msequence_number[0m[2m=[0m217
[2m2025-03-25T07:55:09.925043Z[0m [32m INFO[0m [1mnode[0m[1m{[0m[3mname[0m[2m=[0mk#b3f3cbb4..[1m}[0m[2m:[0m [2msui_core::checkpoints::checkpoint_executor[0m[2m:[0m [2mcrates/sui-core/src/checkpoints/checkpoint_executor/mod.rs[0m[2m:[0m[2m332:[0m Received checkpoint summary from state sync [3msequence_number[0m[2m=[0m218
[2m2025-03-25T07:55:09.925256Z[0m [32m INFO[0m [1mnode[0m[1m{[0m[3mname[0m[2m=[0mk#b3f3cbb4..[1m}[0m[2m:[0m [2msui_core::checkpoints::checkpoint_executor[0m[2m:[0m [2mcrates/sui-core/src/checkpoints/checkpoint_executor/mod.rs[0m[2m:[0m[2m332:[0m Received checkpoint summary from state sync [3msequence_number[0m[2m=[0m219
[2m2025-03-25T07:55:09.925297Z[0m [32m INFO[0m [1mnode[0m[1m{[0m[3mname[0m[2m=[0mk#b3f3cbb4..[1m}[0m[2m:[0m [2msui_core::checkpoints::checkpoint_executor[0m[2m:[0m [2mcrates/sui-core/src/checkpoints/checkpoint_executor/mod.rs[0m[2m:[0m[2m332:[0m Received checkpoint summary from state sync [3msequence_number[0m[2m=[0m220
[2m2025-03-25T07:55:09.925337Z[0m [32m INFO[0m [1mnode[0m[1m{[0m[3mname[0m[2m=[0mk#b3f3cbb4..[1m}[0m[2m:[0m [2msui_core::checkpoints::checkpoint_executor[0m[2m:[0m [2mcrates/sui-core/src/checkpoints/checkpoint_executor/mod.rs[0m[2m:[0m[2m332:[0m Received checkpoint summary from state sync [3msequence_number[0m[2m=[0m221
[2m2025-03-25T07:55:09.925375Z[0m [32m INFO[0m [1mnode[0m[1m{[0m[3mname[0m[2m=[0mk#b3f3cbb4..[1m}[0m[2m:[0m [2msui_core::checkpoints::checkpoint_executor[0m[2m:[0m [2mcrates/sui-core/src/checkpoints/checkpoint_executor/mod.rs[0m[2m:[0m[2m332:[0m Received checkpoint summary from state sync [3msequence_number[0m[2m=[0m222
[2m2025-03-25T07:55:09.933851Z[0m [32m INFO[0m [1mnode[0m[1m{[0m[3mname[0m[2m=[0mk#addeef94..[1m}[0m[2m:[0m [2mconsensus_core::core[0m[2m:[0m [2mconsensus/core/src/core.rs[0m[2m:[0m[2m945:[0m Included 3 ancestors & excluded 0 ancestors for proposal in round 49
[2m2025-03-25T07:55:09.934192Z[0m [32m INFO[0m [1mnode[0m[1m{[0m[3mname[0m[2m=[0mk#addeef94..[1m}[0m[2m:[0m [2mconsensus_core::core[0m[2m:[0m [2mconsensus/core/src/core.rs[0m[2m:[0m[2m531:[0m Created block B49(C,rUuArxTfLVUMxjnsvGJOi8rBEepbmaKKx5LYYDzYuMM=)(1742889309933ms;[B48(C,Iec/0LiuikI/Y8RTV6onsB3m771KNssYdpdH9fxSAjo=), B48(A,Y/5kb+925XNu4MOMqDEkZ3zTgyx/2btU6r0hBV2WnLs=), B48(B,rOoJF3CRBDwLmAOwOlHNbtyhD1sRXpA88hdSk1g8VwQ=)];1t;1c) for round 49
[2m2025-03-25T07:55:09.936119Z[0m [32m INFO[0m [1mnode[0m[1m{[0m[3mname[0m[2m=[0mk#99f25ef6..[1m}[0m[2m:[0m [2mconsensus_core::core[0m[2m:[0m [2mconsensus/core/src/core.rs[0m[2m:[0m[2m945:[0m Included 3 ancestors & excluded 0 ancestors for proposal in round 49
[2m2025-03-25T07:55:09.936401Z[0m [32m INFO[0m [1mnode[0m[1m{[0m[3mname[0m[2m=[0mk#99f25ef6..[1m}[0m[2m:[0m [2mconsensus_core::core[0m[2m:[0m [2mconsensus/core/src/core.rs[0m[2m:[0m[2m531:[0m Created block B49(B,ytmMt3B8jTeiCILT63ruaoeZ1qOYMoBmsQx6zSiBHa4=)(1742889309936ms;[B48(B,rOoJF3CRBDwLmAOwOlHNbtyhD1sRXpA88hdSk1g8VwQ=), B48(A,Y/5kb+925XNu4MOMqDEkZ3zTgyx/2btU6r0hBV2WnLs=), B48(C,Iec/0LiuikI/Y8RTV6onsB3m771KNssYdpdH9fxSAjo=)];1t;1c) for round 49
[2m2025-03-25T07:55:09.936472Z[0m [32m INFO[0m [1mnode[0m[1m{[0m[3mname[0m[2m=[0mk#99f25ef6..[1m}[0m[2m:[0m [2mconsensus_core::core[0m[2m:[0m [2mconsensus/core/src/core.rs[0m[2m:[0m[2m630:[0m Committing 1 leaders: B47(A,6wH1)
[2m2025-03-25T07:55:09.936544Z[0m [32m INFO[0m [1mnode[0m[1m{[0m[3mname[0m[2m=[0mk#99f25ef6..[1m}[0m[2m:[0m [2mconsensus_core::commit_observer[0m[2m:[0m [2mconsensus/core/src/commit_observer.rs[0m[2m:[0m[2m173:[0m Consensus commit C40(5rTP) with leader B47(A,6wH1) has 3 blocks
[2m2025-03-25T07:55:09.936634Z[0m [32m INFO[0m [1mnode[0m[1m{[0m[3mname[0m[2m=[0mk#99f25ef6..[1m}[0m[2m:[0m [2msui_core::consensus_handler[0m[2m:[0m [2mcrates/sui-core/src/consensus_handler.rs[0m[2m:[0m[2m232:[0m Received consensus output [3mconsensus_commit[0m[2m=[0mCommittedSubDag(leader=B47(A,6wH1), ref=C40(5rTP), blocks=[wsUl, luwW, 6wH1]) [3mepoch[0m[2m=[0m1
[2m2025-03-25T07:55:09.937242Z[0m [32m INFO[0m [1mnode[0m[1m{[0m[3mname[0m[2m=[0mk#8dcff6d1..[1m}[0m[2m:[0m [2mconsensus_core::core[0m[2m:[0m [2mconsensus/core/src/core.rs[0m[2m:[0m[2m945:[0m Included 3 ancestors & excluded 0 ancestors for proposal in round 49
[2m2025-03-25T07:55:09.937526Z[0m [32m INFO[0m [1mnode[0m[1m{[0m[3mname[0m[2m=[0mk#8dcff6d1..[1m}[0m[2m:[0m [2mconsensus_core::core[0m[2m:[0m [2mconsensus/core/src/core.rs[0m[2m:[0m[2m531:[0m Created block B49(A,+vsmL26EB6OvS+GbfWbeipFCV5sWYI6iYvZ8sdQ2AIg=)(1742889309937ms;[B48(A,Y/5kb+925XNu4MOMqDEkZ3zTgyx/2btU6r0hBV2WnLs=), B48(B,rOoJF3CRBDwLmAOwOlHNbtyhD1sRXpA88hdSk1g8VwQ=), B48(C,Iec/0LiuikI/Y8RTV6onsB3m771KNssYdpdH9fxSAjo=)];1t;1c) for round 49
[2m2025-03-25T07:55:09.937590Z[0m [32m INFO[0m [1mnode[0m[1m{[0m[3mname[0m[2m=[0mk#8dcff6d1..[1m}[0m[2m:[0m [2mconsensus_core::core[0m[2m:[0m [2mconsensus/core/src/core.rs[0m[2m:[0m[2m630:[0m Committing 1 leaders: B47(A,6wH1)
[2m2025-03-25T07:55:09.937653Z[0m [32m INFO[0m [1mnode[0m[1m{[0m[3mname[0m[2m=[0mk#8dcff6d1..[1m}[0m[2m:[0m [2mconsensus_core::commit_observer[0m[2m:[0m [2mconsensus/core/src/commit_observer.rs[0m[2m:[0m[2m173:[0m Consensus commit C40(5rTP) with leader B47(A,6wH1) has 3 blocks
[2m2025-03-25T07:55:09.937735Z[0m [32m INFO[0m [1mnode[0m[1m{[0m[3mname[0m[2m=[0mk#8dcff6d1..[1m}[0m[2m:[0m [2msui_core::consensus_handler[0m[2m:[0m [2mcrates/sui-core/src/consensus_handler.rs[0m[2m:[0m[2m232:[0m Received consensus output [3mconsensus_commit[0m[2m=[0mCommittedSubDag(leader=B47(A,6wH1), ref=C40(5rTP), blocks=[wsUl, luwW, 6wH1]) [3mepoch[0m[2m=[0m1
[2m2025-03-25T07:55:09.938928Z[0m [32m INFO[0m [1mnode[0m[1m{[0m[3mname[0m[2m=[0mk#addeef94..[1m}[0m[2m:[0m [2mconsensus_core::core[0m[2m:[0m [2mconsensus/core/src/core.rs[0m[2m:[0m[2m630:[0m Committing 1 leaders: B47(A,6wH1)
[2m2025-03-25T07:55:09.939016Z[0m [32m INFO[0m [1mnode[0m[1m{[0m[3mname[0m[2m=[0mk#addeef94..[1m}[0m[2m:[0m [2mconsensus_core::commit_observer[0m[2m:[0m [2mconsensus/core/src/commit_observer.rs[0m[2m:[0m[2m173:[0m Consensus commit C40(5rTP) with leader B47(A,6wH1) has 3 blocks
[2m2025-03-25T07:55:09.939086Z[0m [32m INFO[0m [1mnode[0m[1m{[0m[3mname[0m[2m=[0mk#addeef94..[1m}[0m[2m:[0m [2msui_core::consensus_handler[0m[2m:[0m [2mcrates/sui-core/src/consensus_handler.rs[0m[2m:[0m[2m232:[0m Received consensus output [3mconsensus_commit[0m[2m=[0mCommittedSubDag(leader=B47(A,6wH1), ref=C40(5rTP), blocks=[wsUl, luwW, 6wH1]) [3mepoch[0m[2m=[0m1
[2m2025-03-25T07:55:09.981048Z[0m [32m INFO[0m [1mnode[0m[1m{[0m[3mname[0m[2m=[0mk#99f25ef6..[1m}[0m[2m:[0m [2msui_core::checkpoints[0m[2m:[0m [2mcrates/sui-core/src/checkpoints/mod.rs[0m[2m:[0m[2m1326:[0m Creating checkpoint(s) for 1 transactions [3mnext_checkpoint_seq[0m[2m=[0m253 [3mcheckpoint_timestamp[0m[2m=[0m1742889309426
[2m2025-03-25T07:55:09.981261Z[0m [32m INFO[0m [1mnode[0m[1m{[0m[3mname[0m[2m=[0mk#8dcff6d1..[1m}[0m[2m:[0m [2msui_core::checkpoints[0m[2m:[0m [2mcrates/sui-core/src/checkpoints/mod.rs[0m[2m:[0m[2m1326:[0m Creating checkpoint(s) for 1 transactions [3mnext_checkpoint_seq[0m[2m=[0m253 [3mcheckpoint_timestamp[0m[2m=[0m1742889309426
[2m2025-03-25T07:55:09.981285Z[0m [32m INFO[0m [1mnode[0m[1m{[0m[3mname[0m[2m=[0mk#99f25ef6..[1m}[0m[2m:[0m [2msui_core::checkpoints::checkpoint_output[0m[2m:[0m [2mcrates/sui-core/src/checkpoints/checkpoint_output.rs[0m[2m:[0m[2m149:[0m Creating checkpoint CheckpointDigest(BWXeCTArch6ZZXpA5KSLPBbbGPReU7hm55XEbapucTK9) at epoch 1, sequence 253, previous digest Some(CheckpointDigest(GULah62rfzv163SjgNUugDQqaZVzwBd1ip1yo6AUXKW1)), transactions count 1, content digest CheckpointContentsDigest(FLKZH1evD8wtBgVD16Pq5LUGGWqsyJRrTDJUEJijgkBY), end_of_epoch_data None
[2m2025-03-25T07:55:09.981430Z[0m [32m INFO[0m [1mnode[0m[1m{[0m[3mname[0m[2m=[0mk#8dcff6d1..[1m}[0m[2m:[0m [2msui_core::checkpoints::checkpoint_output[0m[2m:[0m [2mcrates/sui-core/src/checkpoints/checkpoint_output.rs[0m[2m:[0m[2m149:[0m Creating checkpoint CheckpointDigest(BWXeCTArch6ZZXpA5KSLPBbbGPReU7hm55XEbapucTK9) at epoch 1, sequence 253, previous digest Some(CheckpointDigest(GULah62rfzv163SjgNUugDQqaZVzwBd1ip1yo6AUXKW1)), transactions count 1, content digest CheckpointContentsDigest(FLKZH1evD8wtBgVD16Pq5LUGGWqsyJRrTDJUEJijgkBY), end_of_epoch_data None
[2m2025-03-25T07:55:09.982323Z[0m [32m INFO[0m [1mnode[0m[1m{[0m[3mname[0m[2m=[0mk#addeef94..[1m}[0m[2m:[0m [2msui_core::checkpoints[0m[2m:[0m [2mcrates/sui-core/src/checkpoints/mod.rs[0m[2m:[0m[2m1326:[0m Creating checkpoint(s) for 1 transactions [3mnext_checkpoint_seq[0m[2m=[0m253 [3mcheckpoint_timestamp[0m[2m=[0m1742889309426
[2m2025-03-25T07:55:09.982488Z[0m [32m INFO[0m [1mnode[0m[1m{[0m[3mname[0m[2m=[0mk#addeef94..[1m}[0m[2m:[0m [2msui_core::checkpoints::checkpoint_output[0m[2m:[0m [2mcrates/sui-core/src/checkpoints/checkpoint_output.rs[0m[2m:[0m[2m149:[0m Creating checkpoint CheckpointDigest(BWXeCTArch6ZZXpA5KSLPBbbGPReU7hm55XEbapucTK9) at epoch 1, sequence 253, previous digest Some(CheckpointDigest(GULah62rfzv163SjgNUugDQqaZVzwBd1ip1yo6AUXKW1)), transactions count 1, content digest CheckpointContentsDigest(FLKZH1evD8wtBgVD16Pq5LUGGWqsyJRrTDJUEJijgkBY), end_of_epoch_data None
[2m2025-03-25T07:55:09.984499Z[0m [32m INFO[0m [1mnode[0m[1m{[0m[3mname[0m[2m=[0mk#8dcff6d1..[1m}[0m[2m:[0m [2msui_core::checkpoints::checkpoint_output[0m[2m:[0m [2mcrates/sui-core/src/checkpoints/checkpoint_output.rs[0m[2m:[0m[2m196:[0m Certified checkpoint with sequence 252 and digest GULah62rfzv163SjgNUugDQqaZVzwBd1ip1yo6AUXKW1
[2m2025-03-25T07:55:09.984519Z[0m [32m INFO[0m [1mnode[0m[1m{[0m[3mname[0m[2m=[0mk#99f25ef6..[1m}[0m[2m:[0m [2msui_core::checkpoints::checkpoint_output[0m[2m:[0m [2mcrates/sui-core/src/checkpoints/checkpoint_output.rs[0m[2m:[0m[2m196:[0m Certified checkpoint with sequence 252 and digest GULah62rfzv163SjgNUugDQqaZVzwBd1ip1yo6AUXKW1
[2m2025-03-25T07:55:09.987557Z[0m [32m INFO[0m [1mnode[0m[1m{[0m[3mname[0m[2m=[0mk#99f25ef6..[1m}[0m[2m:[0m [2msui_core::checkpoints::checkpoint_executor[0m[2m:[0m [2mcrates/sui-core/src/checkpoints/checkpoint_executor/mod.rs[0m[2m:[0m[2m332:[0m Received checkpoint summary from state sync [3msequence_number[0m[2m=[0m252
[2m2025-03-25T07:55:09.987568Z[0m [32m INFO[0m [1mnode[0m[1m{[0m[3mname[0m[2m=[0mk#8dcff6d1..[1m}[0m[2m:[0m [2msui_core::checkpoints::checkpoint_executor[0m[2m:[0m [2mcrates/sui-core/src/checkpoints/checkpoint_executor/mod.rs[0m[2m:[0m[2m332:[0m Received checkpoint summary from state sync [3msequence_number[0m[2m=[0m252
[2m2025-03-25T07:55:10.010277Z[0m [32m INFO[0m [1mnode[0m[1m{[0m[3mname[0m[2m=[0mk#8dcff6d1..[1m}[0m[2m:[0m [2msui_core::state_accumulator[0m[2m:[0m [2mcrates/sui-core/src/state_accumulator.rs[0m[2m:[0m[2m675:[0m accumulating running root for checkpoint 252
[2m2025-03-25T07:55:10.010277Z[0m [32m INFO[0m [1mnode[0m[1m{[0m[3mname[0m[2m=[0mk#99f25ef6..[1m}[0m[2m:[0m [2msui_core::state_accumulator[0m[2m:[0m [2mcrates/sui-core/src/state_accumulator.rs[0m[2m:[0m[2m675:[0m accumulating running root for checkpoint 252
[2m2025-03-25T07:55:10.019713Z[0m [32m INFO[0m [1mnode[0m[1m{[0m[3mname[0m[2m=[0mk#b3f3cbb4..[1m}[0m[2m:[0m [2msui_core::checkpoints::checkpoint_executor[0m[2m:[0m [2mcrates/sui-core/src/checkpoints/checkpoint_executor/mod.rs[0m[2m:[0m[2m332:[0m Received checkpoint summary from state sync [3msequence_number[0m[2m=[0m223
[2m2025-03-25T07:55:10.020029Z[0m [32m INFO[0m [1mnode[0m[1m{[0m[3mname[0m[2m=[0mk#b3f3cbb4..[1m}[0m[2m:[0m [2msui_core::checkpoints::checkpoint_executor[0m[2m:[0m [2mcrates/sui-core/src/checkpoints/checkpoint_executor/mod.rs[0m[2m:[0m[2m332:[0m Received checkpoint summary from state sync [3msequence_number[0m[2m=[0m224
[2m2025-03-25T07:55:10.020073Z[0m [32m INFO[0m [1mnode[0m[1m{[0m[3mname[0m[2m=[0mk#b3f3cbb4..[1m}[0m[2m:[0m [2msui_core::checkpoints::checkpoint_executor[0m[2m:[0m [2mcrates/sui-core/src/checkpoints/checkpoint_executor/mod.rs[0m[2m:[0m[2m332:[0m Received checkpoint summary from state sync [3msequence_number[0m[2m=[0m225
[2m2025-03-25T07:55:10.020116Z[0m [32m INFO[0m [1mnode[0m[1m{[0m[3mname[0m[2m=[0mk#b3f3cbb4..[1m}[0m[2m:[0m [2msui_core::checkpoints::checkpoint_executor[0m[2m:[0m [2mcrates/sui-core/src/checkpoints/checkpoint_executor/mod.rs[0m[2m:[0m[2m332:[0m Received checkpoint summary from state sync [3msequence_number[0m[2m=[0m226
[2m2025-03-25T07:55:10.020156Z[0m [32m INFO[0m [1mnode[0m[1m{[0m[3mname[0m[2m=[0mk#b3f3cbb4..[1m}[0m[2m:[0m [2msui_core::checkpoints::checkpoint_executor[0m[2m:[0m [2mcrates/sui-core/src/checkpoints/checkpoint_executor/mod.rs[0m[2m:[0m[2m332:[0m Received checkpoint summary from state sync [3msequence_number[0m[2m=[0m227
[2m2025-03-25T07:55:10.020197Z[0m [32m INFO[0m [1mnode[0m[1m{[0m[3mname[0m[2m=[0mk#b3f3cbb4..[1m}[0m[2m:[0m [2msui_core::checkpoints::checkpoint_executor[0m[2m:[0m [2mcrates/sui-core/src/checkpoints/checkpoint_executor/mod.rs[0m[2m:[0m[2m332:[0m Received checkpoint summary from state sync [3msequence_number[0m[2m=[0m228
[2m2025-03-25T07:55:10.020237Z[0m [32m INFO[0m [1mnode[0m[1m{[0m[3mname[0m[2m=[0mk#b3f3cbb4..[1m}[0m[2m:[0m [2msui_core::checkpoints::checkpoint_executor[0m[2m:[0m [2mcrates/sui-core/src/checkpoints/checkpoint_executor/mod.rs[0m[2m:[0m[2m332:[0m Received checkpoint summary from state sync [3msequence_number[0m[2m=[0m229
[2m2025-03-25T07:55:10.051101Z[0m [32m INFO[0m [1mnode[0m[1m{[0m[3mname[0m[2m=[0mk#addeef94..[1m}[0m[2m:[0m [2msui_core::checkpoints::checkpoint_executor[0m[2m:[0m [2mcrates/sui-core/src/checkpoints/checkpoint_executor/mod.rs[0m[2m:[0m[2m332:[0m Received checkpoint summary from state sync [3msequence_number[0m[2m=[0m252
[2m2025-03-25T07:55:10.052426Z[0m [32m INFO[0m [1mnode[0m[1m{[0m[3mname[0m[2m=[0mk#addeef94..[1m}[0m[2m:[0m [2msui_core::state_accumulator[0m[2m:[0m [2mcrates/sui-core/src/state_accumulator.rs[0m[2m:[0m[2m675:[0m accumulating running root for checkpoint 252
[2m2025-03-25T07:55:10.107218Z[0m [32m INFO[0m [1mnode[0m[1m{[0m[3mname[0m[2m=[0mk#b3f3cbb4..[1m}[0m[2m:[0m[1mexecution_driver[0m[1m{[0m[3mtx_digest[0m[2m=[0mTransactionDigest(H8Wfh1Rhe1RtTnMEm9WKyyYWbyT14Wy7AjbR4kbvQd7c)[1m}[0m[2m:[0m [2msui_core::authority::authority_per_epoch_store[0m[2m:[0m [2mcrates/sui-core/src/authority/authority_per_epoch_store.rs[0m[2m:[0m[2m4233:[0m Updating authenticator state: AuthenticatorStateUpdate { epoch: 1, round: 5, new_active_jwks: [ActiveJwk { jwk_id: JwkId { iss: "https://slack.com", kid: "mB2MAyKSn555isd0EbdhKx6nkyAi9xLq8rvCEb_nOyY" }, jwk: JWK { kty: "RSA", e: "AQAB", n: "zQqzXfb677bpMKw0idKC5WkVLyqk04PWMsWYJDKqMUUuu_PmzdsvXBfHU7tcZiNoHDuVvGDqjqnkLPEzjXnaZY0DDDHvJKS0JI8fkxIfV1kNy3DkpQMMhgAwnftUiSXgb5clypOmotAEm59gHPYjK9JHBWoHS14NYEYZv9NVy0EkjauyYDSTz589aiKU5lA-cePG93JnqLw8A82kfTlrJ1IIJo2isyBGANr0YzR-d3b_5EvP7ivU7Ph2v5JcEUHeiLSRzIzP3PuyVFrPH659Deh-UAsDFOyJbIcimg9ITnk5_45sb_Xcd_UN6h5I7TGOAFaJN4oi4aaGD4elNi_K1Q", alg: "RS256" }, epoch: 1 }, ActiveJwk { jwk_id: JwkId { iss: "https://oauth.sui.io", kid: "sui-key-id" }, jwk: JWK { kty: "RSA", e: "AQAB", n: "wdar6dBP7b88u6o190uXBK4yPS76OxFjiHDPwOyJwJiiAE3YRq8y_pfyQVua9nEasgrPfEBzVoC5QCld8NAC88uvbNKyoLZ6w5KlFjp88q2Sfy7nAzh3I-AnjsL6zl43NZrKep4_Nmb5nJeafcEi6B5MsYYDWW1Nn26O7ob9IWRNWcaTKhOhqDzbiN_66azN-NgaP_uHjlu1xuMV0kRt-luLSTXJS3S2n8PVNCxr3Gr2oViUpP8kSa-0i5vsg3gNtSfBY97AbChwOnyazj_PoaVD6zbEC4L5gvRZJA6vyoAWF_ZumvkwC3fxcFIBnSKMlGzS_Z-bUyQDCQy_BG9AOw", alg: "RS256" }, epoch: 1 }, ActiveJwk { jwk_id: JwkId { iss: "https://accounts.fantv.world", kid: "PODsfgAn4twvCLjNt9QmEEiAcCa3Z6C10LxrDxvi3bA" }, jwk: JWK { kty: "RSA", e: "AQAB", n: "z9Y8JtahOmbujGwGCe9tT24ur_AuJqNMdWPA6TXia4EDR8iQMrw_DxY3gBDrNqM9ml2NLkO3jo-OI78fl0RbuKepUCko-E2lB0If95L1xB2pWmUpqO8Pa7IilX4oO7h_o_mpUYXoC0wEocJyIjBRWtjqMkM6LhF9tk9-zcl2tcRFkiV1gcGe7FP529jQkSjMK8Ide0T30ZdlGQ7l6b0tuRoYFjoMnGQvl-14QYmSOHvHOqaVSD09KEMmQ4CllDMXZwCBfTRSkRfCTf33qSxm6aEdQcYA2mQD6tIVINuuCOelRhf-GkgfFFUkCM61PmlNm6JXLJgtUWsofaMQ4Yzpiw", alg: "RS256" }, epoch: 1 }, ActiveJwk { jwk_id: JwkId { iss: "https://cognito-idp.eu-west-3.amazonaws.com/eu-west-3_gGVCx53Es", kid: "FIqQqeRU1EQP75fBeds+wL2yczwvbDy1NF6T/f5Oe5o=" }, jwk: JWK { kty: "RSA", e: "AQAB", n: "va55QtSTFhvqx0IL8UAPNZf6x5NO9jK88Wyct-i67grbDJZyXLSxz5oSttoIHkaJZQWgl_qsgyxDpHeSMznliS0K7rXFwaw81PwDIB_ek8uKhXmaQ6ryPAaO-8kvR46o-EYyVk9wWPDHTtN6NEbiUxGoDqOoiVCrVJLsFdoia7-MMVJnR2VokbEgGGbJkZu2MipikQvk_b7BGF__5mKvCJc6hCEJcxIUFvETKA9AOhjgxLvE9U8Ke6XRfmDLKovDAsDaZsWP6VPN0HoBi5mak9CgUqmxwnvNJFLhpjawD9E23O_l4aBcie56eFcC_knUa2VOHymBoJ0On3p03yxs7Q", alg: "RS256" }, epoch: 1 }, ActiveJwk { jwk_id: JwkId { iss: "https://cognito-idp.eu-west-3.amazonaws.com/eu-west-3_gGVCx53Es", kid: "JbFCSYl4Xp4UYEJHo7R0iwl/Xf3F5+z72stu8iH+QxY=" }, jwk: JWK { kty: "RSA", e: "AQAB", n: "o09QloKDInGEWvXK0aZr67RnfU9l0kmTOldGF8t36ExfBWNvRsTiTfn4VdetcJlIDrmxQSSP-2toXqQ7m1t4_idKNjkb7s1FsAtWy60mAfmyeMcGhegmxxxMtWJsk2hbY_oRuTPQEUDnTfnIMUL-oDmc_HmRNzYPrbCJolIWC2r2gkJ-q6jwGEujkaeoQq3wM_NTkeBO_rrCUngIUykbbczkMF8vELGewPgwqTjd9ZTTf08kUPF9IUtT-VyF0U-I1xrQrmU9opQ209I-Dk-ehxIHWN85nlLBxu0Krb9adSx_HDEOd00wNSQgPBkvCUPpVmC10UO7hHxzGSi7czrlsw", alg: "RS256" }, epoch: 1 }, ActiveJwk { jwk_id: JwkId { iss: "https://login.onepassport.onefc.com/de3ee5c1-5644-4113-922d-e8336569a462/v2.0/", kid: "X-yzFPFMdWtJQ1oJXiGRVnn061ezrvZz596xN3mCfyQ" }, jwk: JWK { kty: "RSA", e: "AQAB", n: "t4ZoVgvyj7jKNq-ydYvgYVn5avBR9H4BQrKy2FWlR49siiMFWhxYXtPs7o4J6hhUgo00nk9pf-7rg7XnTiI7MFp2DluhWZK41YFfyGhDpbG9EImqvmy1N8poj5fid1lAjH2CfjtDyywgV84ViQ1hA5-noOrLhjb-zMZp_yKMSEeY_Ewx70jwhXevvrANKblNUFVJPQ7EI6_La-uALNBeQfu5OgPiMPiswhoQz0bhproUc7GiRxBw-9n72z3JU3HMy9mByrDnNfaZ13_Kmp9zgZYxynv5XXWJFGVHv3GZ_cDYg6OqahmrwMhT3GYTZ8JjMzZj4gH8MCCGPxde9SotKQ", alg: "RS256" }, epoch: 1 }], authenticator_obj_initial_shared_version: SequenceNumber(1) }
[2m2025-03-25T07:55:10.137769Z[0m [32m INFO[0m [1mnode[0m[1m{[0m[3mname[0m[2m=[0mk#b3f3cbb4..[1m}[0m[2m:[0m [2msui_core::state_accumulator[0m[2m:[0m [2mcrates/sui-core/src/state_accumulator.rs[0m[2m:[0m[2m675:[0m accumulating running root for checkpoint 214
[2m2025-03-25T07:55:10.138218Z[0m [32m INFO[0m [1mnode[0m[1m{[0m[3mname[0m[2m=[0mk#b3f3cbb4..[1m}[0m[2m:[0m [2msui_core::checkpoints::checkpoint_executor[0m[2m:[0m [2mcrates/sui-core/src/checkpoints/checkpoint_executor/mod.rs[0m[2m:[0m[2m332:[0m Received checkpoint summary from state sync [3msequence_number[0m[2m=[0m230
[2m2025-03-25T07:55:10.138264Z[0m [32m INFO[0m [1mnode[0m[1m{[0m[3mname[0m[2m=[0mk#b3f3cbb4..[1m}[0m[2m:[0m [2msui_core::checkpoints::checkpoint_executor[0m[2m:[0m [2mcrates/sui-core/src/checkpoints/checkpoint_executor/mod.rs[0m[2m:[0m[2m332:[0m Received checkpoint summary from state sync [3msequence_number[0m[2m=[0m231
[2m2025-03-25T07:55:10.138309Z[0m [32m INFO[0m [1mnode[0m[1m{[0m[3mname[0m[2m=[0mk#b3f3cbb4..[1m}[0m[2m:[0m [2msui_core::checkpoints::checkpoint_executor[0m[2m:[0m [2mcrates/sui-core/src/checkpoints/checkpoint_executor/mod.rs[0m[2m:[0m[2m332:[0m Received checkpoint summary from state sync [3msequence_number[0m[2m=[0m232
[2m2025-03-25T07:55:10.138350Z[0m [32m INFO[0m [1mnode[0m[1m{[0m[3mname[0m[2m=[0mk#b3f3cbb4..[1m}[0m[2m:[0m [2msui_core::checkpoints::checkpoint_executor[0m[2m:[0m [2mcrates/sui-core/src/checkpoints/checkpoint_executor/mod.rs[0m[2m:[0m[2m332:[0m Received checkpoint summary from state sync [3msequence_number[0m[2m=[0m233
[2m2025-03-25T07:55:10.172828Z[0m [33m WARN[0m [2mtest_cluster[0m[2m:[0m [2mcrates/test-cluster/src/lib.rs[0m[2m:[0m[2m453:[0m Waiting for 10 seconds to reach epoch 1. Currently at epoch 0 [3mvalidator[0m[2m=[0mk#b3f3cbb4..
[2m2025-03-25T07:55:10.172859Z[0m [32m INFO[0m [2mtest_cluster[0m[2m:[0m [2mcrates/test-cluster/src/lib.rs[0m[2m:[0m[2m364:[0m reconfiguration complete after 28.054071s
[2m2025-03-25T07:55:10.176369Z[0m [32m INFO[0m [1mnode[0m[1m{[0m[3mname[0m[2m=[0mk#addeef94..[1m}[0m[2m:[0m [2msui_core::epoch::consensus_store_pruner[0m[2m:[0m [2mcrates/sui-core/src/epoch/consensus_store_pruner.rs[0m[2m:[0m[2m116:[0m Consensus store prunning for current epoch 1. Will remove epochs < 1
[2m2025-03-25T07:55:10.176502Z[0m [32m INFO[0m [1mnode[0m[1m{[0m[3mname[0m[2m=[0mk#addeef94..[1m}[0m[2m:[0m [2msui_core::epoch::consensus_store_pruner[0m[2m:[0m [2mcrates/sui-core/src/epoch/consensus_store_pruner.rs[0m[2m:[0m[2m214:[0m Completed old epoch data removal process for epoch 1
[2m2025-03-25T07:55:10.188812Z[0m [32m INFO[0m [1mnode[0m[1m{[0m[3mname[0m[2m=[0mk#99f25ef6..[1m}[0m[2m:[0m [2mconsensus_core::core[0m[2m:[0m [2mconsensus/core/src/core.rs[0m[2m:[0m[2m945:[0m Included 3 ancestors & excluded 0 ancestors for proposal in round 50
[2m2025-03-25T07:55:10.189189Z[0m [32m INFO[0m [1mnode[0m[1m{[0m[3mname[0m[2m=[0mk#99f25ef6..[1m}[0m[2m:[0m [2mconsensus_core::core[0m[2m:[0m [2mconsensus/core/src/core.rs[0m[2m:[0m[2m531:[0m Created block B50(B,yeKNaSuOL3M1sYWGrcWMUzWQF5BrgP9PCmG97rRjlgs=)(1742889310188ms;[B49(B,ytmMt3B8jTeiCILT63ruaoeZ1qOYMoBmsQx6zSiBHa4=), B49(A,+vsmL26EB6OvS+GbfWbeipFCV5sWYI6iYvZ8sdQ2AIg=), B49(C,rUuArxTfLVUMxjnsvGJOi8rBEepbmaKKx5LYYDzYuMM=)];1t;1c) for round 50
[2m2025-03-25T07:55:10.190899Z[0m [32m INFO[0m [1mnode[0m[1m{[0m[3mname[0m[2m=[0mk#8dcff6d1..[1m}[0m[2m:[0m [2mconsensus_core::core[0m[2m:[0m [2mconsensus/core/src/core.rs[0m[2m:[0m[2m945:[0m Included 3 ancestors & excluded 0 ancestors for proposal in round 50
[2m2025-03-25T07:55:10.191202Z[0m [32m INFO[0m [1mnode[0m[1m{[0m[3mname[0m[2m=[0mk#8dcff6d1..[1m}[0m[2m:[0m [2mconsensus_core::core[0m[2m:[0m [2mconsensus/core/src/core.rs[0m[2m:[0m[2m531:[0m Created block B50(A,I6iegp21GjiveVrw6LaWBncS/AdsC78uc9Y7N5X2yQY=)(1742889310190ms;[B49(A,+vsmL26EB6OvS+GbfWbeipFCV5sWYI6iYvZ8sdQ2AIg=), B49(B,ytmMt3B8jTeiCILT63ruaoeZ1qOYMoBmsQx6zSiBHa4=), B49(C,rUuArxTfLVUMxjnsvGJOi8rBEepbmaKKx5LYYDzYuMM=)];1t;1c) for round 50
[2m2025-03-25T07:55:10.191248Z[0m [32m INFO[0m [1mnode[0m[1m{[0m[3mname[0m[2m=[0mk#addeef94..[1m}[0m[2m:[0m [2mconsensus_core::core[0m[2m:[0m [2mconsensus/core/src/core.rs[0m[2m:[0m[2m945:[0m Included 3 ancestors & excluded 0 ancestors for proposal in round 50
[2m2025-03-25T07:55:10.191555Z[0m [32m INFO[0m [1mnode[0m[1m{[0m[3mname[0m[2m=[0mk#addeef94..[1m}[0m[2m:[0m [2mconsensus_core::core[0m[2m:[0m [2mconsensus/core/src/core.rs[0m[2m:[0m[2m531:[0m Created block B50(C,1hEeONWfY1mxOgUwMbgbOqIqgBB7ksl87l2e3Qg7ilo=)(1742889310191ms;[B49(C,rUuArxTfLVUMxjnsvGJOi8rBEepbmaKKx5LYYDzYuMM=), B49(A,+vsmL26EB6OvS+GbfWbeipFCV5sWYI6iYvZ8sdQ2AIg=), B49(B,ytmMt3B8jTeiCILT63ruaoeZ1qOYMoBmsQx6zSiBHa4=)];1t;1c) for round 50
[2m2025-03-25T07:55:10.191629Z[0m [32m INFO[0m [1mnode[0m[1m{[0m[3mname[0m[2m=[0mk#addeef94..[1m}[0m[2m:[0m [2mconsensus_core::core[0m[2m:[0m [2mconsensus/core/src/core.rs[0m[2m:[0m[2m630:[0m Committing 1 leaders: B48(A,Y/5k)
[2m2025-03-25T07:55:10.191702Z[0m [32m INFO[0m [1mnode[0m[1m{[0m[3mname[0m[2m=[0mk#addeef94..[1m}[0m[2m:[0m [2mconsensus_core::commit_observer[0m[2m:[0m [2mconsensus/core/src/commit_observer.rs[0m[2m:[0m[2m173:[0m Consensus commit C41(5uFR) with leader B48(A,Y/5k) has 3 blocks
[2m2025-03-25T07:55:10.191791Z[0m [32m INFO[0m [1mnode[0m[1m{[0m[3mname[0m[2m=[0mk#addeef94..[1m}[0m[2m:[0m [2msui_core::consensus_handler[0m[2m:[0m [2mcrates/sui-core/src/consensus_handler.rs[0m[2m:[0m[2m232:[0m Received consensus output [3mconsensus_commit[0m[2m=[0mCommittedSubDag(leader=B48(A,Y/5k), ref=C41(5uFR), blocks=[mO4J, j1n0, Y/5k]) [3mepoch[0m[2m=[0m1
[2m2025-03-25T07:55:10.194870Z[0m [32m INFO[0m [1mnode[0m[1m{[0m[3mname[0m[2m=[0mk#8dcff6d1..[1m}[0m[2m:[0m [2msui_core::checkpoints::checkpoint_output[0m[2m:[0m [2mcrates/sui-core/src/checkpoints/checkpoint_output.rs[0m[2m:[0m[2m196:[0m Certified checkpoint with sequence 253 and digest BWXeCTArch6ZZXpA5KSLPBbbGPReU7hm55XEbapucTK9
[2m2025-03-25T07:55:10.194982Z[0m [32m INFO[0m [1mnode[0m[1m{[0m[3mname[0m[2m=[0mk#8dcff6d1..[1m}[0m[2m:[0m [2mconsensus_core::core[0m[2m:[0m [2mconsensus/core/src/core.rs[0m[2m:[0m[2m630:[0m Committing 1 leaders: B48(A,Y/5k)
[2m2025-03-25T07:55:10.195085Z[0m [32m INFO[0m [1mnode[0m[1m{[0m[3mname[0m[2m=[0mk#8dcff6d1..[1m}[0m[2m:[0m [2mconsensus_core::commit_observer[0m[2m:[0m [2mconsensus/core/src/commit_observer.rs[0m[2m:[0m[2m173:[0m Consensus commit C41(5uFR) with leader B48(A,Y/5k) has 3 blocks
[2m2025-03-25T07:55:10.195303Z[0m [32m INFO[0m [1mnode[0m[1m{[0m[3mname[0m[2m=[0mk#99f25ef6..[1m}[0m[2m:[0m [2msui_core::checkpoints::checkpoint_output[0m[2m:[0m [2mcrates/sui-core/src/checkpoints/checkpoint_output.rs[0m[2m:[0m[2m196:[0m Certified checkpoint with sequence 253 and digest BWXeCTArch6ZZXpA5KSLPBbbGPReU7hm55XEbapucTK9
[2m2025-03-25T07:55:10.195410Z[0m [32m INFO[0m [1mnode[0m[1m{[0m[3mname[0m[2m=[0mk#99f25ef6..[1m}[0m[2m:[0m [2mconsensus_core::core[0m[2m:[0m [2mconsensus/core/src/core.rs[0m[2m:[0m[2m630:[0m Committing 1 leaders: B48(A,Y/5k)
[2m2025-03-25T07:55:10.195509Z[0m [32m INFO[0m [1mnode[0m[1m{[0m[3mname[0m[2m=[0mk#8dcff6d1..[1m}[0m[2m:[0m [2msui_core::consensus_handler[0m[2m:[0m [2mcrates/sui-core/src/consensus_handler.rs[0m[2m:[0m[2m232:[0m Received consensus output [3mconsensus_commit[0m[2m=[0mCommittedSubDag(leader=B48(A,Y/5k), ref=C41(5uFR), blocks=[mO4J, j1n0, Y/5k]) [3mepoch[0m[2m=[0m1
[2m2025-03-25T07:55:10.195517Z[0m [32m INFO[0m [1mnode[0m[1m{[0m[3mname[0m[2m=[0mk#99f25ef6..[1m}[0m[2m:[0m [2mconsensus_core::commit_observer[0m[2m:[0m [2mconsensus/core/src/commit_observer.rs[0m[2m:[0m[2m173:[0m Consensus commit C41(5uFR) with leader B48(A,Y/5k) has 3 blocks
[2m2025-03-25T07:55:10.195899Z[0m [32m INFO[0m [1mnode[0m[1m{[0m[3mname[0m[2m=[0mk#99f25ef6..[1m}[0m[2m:[0m [2msui_core::consensus_handler[0m[2m:[0m [2mcrates/sui-core/src/consensus_handler.rs[0m[2m:[0m[2m232:[0m Received consensus output [3mconsensus_commit[0m[2m=[0mCommittedSubDag(leader=B48(A,Y/5k), ref=C41(5uFR), blocks=[mO4J, j1n0, Y/5k]) [3mepoch[0m[2m=[0m1
[2m2025-03-25T07:55:10.196082Z[0m [32m INFO[0m [1mnode[0m[1m{[0m[3mname[0m[2m=[0mk#8dcff6d1..[1m}[0m[2m:[0m [2msui_core::checkpoints::checkpoint_executor[0m[2m:[0m [2mcrates/sui-core/src/checkpoints/checkpoint_executor/mod.rs[0m[2m:[0m[2m332:[0m Received checkpoint summary from state sync [3msequence_number[0m[2m=[0m253
[2m2025-03-25T07:55:10.196415Z[0m [32m INFO[0m [1mnode[0m[1m{[0m[3mname[0m[2m=[0mk#99f25ef6..[1m}[0m[2m:[0m [2msui_core::checkpoints::checkpoint_executor[0m[2m:[0m [2mcrates/sui-core/src/checkpoints/checkpoint_executor/mod.rs[0m[2m:[0m[2m332:[0m Received checkpoint summary from state sync [3msequence_number[0m[2m=[0m253
[2m2025-03-25T07:55:10.197703Z[0m [32m INFO[0m [1mnode[0m[1m{[0m[3mname[0m[2m=[0mk#99f25ef6..[1m}[0m[2m:[0m [2msui_core::state_accumulator[0m[2m:[0m [2mcrates/sui-core/src/state_accumulator.rs[0m[2m:[0m[2m675:[0m accumulating running root for checkpoint 253
[2m2025-03-25T07:55:10.197703Z[0m [32m INFO[0m [1mnode[0m[1m{[0m[3mname[0m[2m=[0mk#8dcff6d1..[1m}[0m[2m:[0m [2msui_core::state_accumulator[0m[2m:[0m [2mcrates/sui-core/src/state_accumulator.rs[0m[2m:[0m[2m675:[0m accumulating running root for checkpoint 253
[2m2025-03-25T07:55:10.218569Z[0m [32m INFO[0m [1mnode[0m[1m{[0m[3mname[0m[2m=[0mk#addeef94..[1m}[0m[2m:[0m [2msui_core::checkpoints[0m[2m:[0m [2mcrates/sui-core/src/checkpoints/mod.rs[0m[2m:[0m[2m1326:[0m Creating checkpoint(s) for 2 transactions [3mnext_checkpoint_seq[0m[2m=[0m254 [3mcheckpoint_timestamp[0m[2m=[0m1742889309679
[2m2025-03-25T07:55:10.218872Z[0m [32m INFO[0m [1mnode[0m[1m{[0m[3mname[0m[2m=[0mk#addeef94..[1m}[0m[2m:[0m [2msui_core::checkpoints::checkpoint_output[0m[2m:[0m [2mcrates/sui-core/src/checkpoints/checkpoint_output.rs[0m[2m:[0m[2m149:[0m Creating checkpoint CheckpointDigest(9XfdMzWgfWhoX2Q7MXTd1Kiz7Xytb5naZaezzzFsbqqB) at epoch 1, sequence 254, previous digest Some(CheckpointDigest(BWXeCTArch6ZZXpA5KSLPBbbGPReU7hm55XEbapucTK9)), transactions count 2, content digest CheckpointContentsDigest(HLD1hq4bbCjyrz71FTmseZY8U4iBZBJomEwmeWs3RVkF), end_of_epoch_data None
[2m2025-03-25T07:55:10.223165Z[0m [32m INFO[0m [1mnode[0m[1m{[0m[3mname[0m[2m=[0mk#99f25ef6..[1m}[0m[2m:[0m [2msui_core::checkpoints[0m[2m:[0m [2mcrates/sui-core/src/checkpoints/mod.rs[0m[2m:[0m[2m1326:[0m Creating checkpoint(s) for 2 transactions [3mnext_checkpoint_seq[0m[2m=[0m254 [3mcheckpoint_timestamp[0m[2m=[0m1742889309679
[2m2025-03-25T07:55:10.223173Z[0m [32m INFO[0m [1mnode[0m[1m{[0m[3mname[0m[2m=[0mk#8dcff6d1..[1m}[0m[2m:[0m [2msui_core::checkpoints[0m[2m:[0m [2mcrates/sui-core/src/checkpoints/mod.rs[0m[2m:[0m[2m1326:[0m Creating checkpoint(s) for 2 transactions [3mnext_checkpoint_seq[0m[2m=[0m254 [3mcheckpoint_timestamp[0m[2m=[0m1742889309679
[2m2025-03-25T07:55:10.223303Z[0m [32m INFO[0m [1mnode[0m[1m{[0m[3mname[0m[2m=[0mk#addeef94..[1m}[0m[2m:[0m [2msui_core::checkpoints::checkpoint_executor[0m[2m:[0m [2mcrates/sui-core/src/checkpoints/checkpoint_executor/mod.rs[0m[2m:[0m[2m332:[0m Received checkpoint summary from state sync [3msequence_number[0m[2m=[0m253
[2m2025-03-25T07:55:10.223431Z[0m [32m INFO[0m [1mnode[0m[1m{[0m[3mname[0m[2m=[0mk#8dcff6d1..[1m}[0m[2m:[0m [2msui_core::checkpoints::checkpoint_output[0m[2m:[0m [2mcrates/sui-core/src/checkpoints/checkpoint_output.rs[0m[2m:[0m[2m149:[0m Creating checkpoint CheckpointDigest(9XfdMzWgfWhoX2Q7MXTd1Kiz7Xytb5naZaezzzFsbqqB) at epoch 1, sequence 254, previous digest Some(CheckpointDigest(BWXeCTArch6ZZXpA5KSLPBbbGPReU7hm55XEbapucTK9)), transactions count 2, content digest CheckpointContentsDigest(HLD1hq4bbCjyrz71FTmseZY8U4iBZBJomEwmeWs3RVkF), end_of_epoch_data None
[2m2025-03-25T07:55:10.223430Z[0m [32m INFO[0m [1mnode[0m[1m{[0m[3mname[0m[2m=[0mk#99f25ef6..[1m}[0m[2m:[0m [2msui_core::checkpoints::checkpoint_output[0m[2m:[0m [2mcrates/sui-core/src/checkpoints/checkpoint_output.rs[0m[2m:[0m[2m149:[0m Creating checkpoint CheckpointDigest(9XfdMzWgfWhoX2Q7MXTd1Kiz7Xytb5naZaezzzFsbqqB) at epoch 1, sequence 254, previous digest Some(CheckpointDigest(BWXeCTArch6ZZXpA5KSLPBbbGPReU7hm55XEbapucTK9)), transactions count 2, content digest CheckpointContentsDigest(HLD1hq4bbCjyrz71FTmseZY8U4iBZBJomEwmeWs3RVkF), end_of_epoch_data None
[2m2025-03-25T07:55:10.224172Z[0m [32m INFO[0m [1mnode[0m[1m{[0m[3mname[0m[2m=[0mk#addeef94..[1m}[0m[2m:[0m [2msui_core::state_accumulator[0m[2m:[0m [2mcrates/sui-core/src/state_accumulator.rs[0m[2m:[0m[2m675:[0m accumulating running root for checkpoint 253
[2m2025-03-25T07:55:10.278459Z[0m [32m INFO[0m [1mnode[0m[1m{[0m[3mname[0m[2m=[0mk#b3f3cbb4..[1m}[0m[2m:[0m[1mexecution_driver[0m[1m{[0m[3mtx_digest[0m[2m=[0mTransactionDigest(C5GLHYDFN6pjj9w3nWi2rbGMZPo6HqAv3a5P69Ys8mT2)[1m}[0m[2m:[0m [2msui_core::authority::authority_per_epoch_store[0m[2m:[0m [2mcrates/sui-core/src/authority/authority_per_epoch_store.rs[0m[2m:[0m[2m4233:[0m Updating authenticator state: AuthenticatorStateUpdate { epoch: 1, round: 7, new_active_jwks: [ActiveJwk { jwk_id: JwkId { iss: "https://appleid.apple.com", kid: "dMlERBaFdK" }, jwk: JWK { kty: "RSA", e: "AQAB", n: "ryLWkB74N6SJNRVBjKF6xKMfP-QW3AAsJotv0LjVtf7m4NZNg_gTL78e7O8wmvngF8FuzBrvqf1mGW17Ct8BgNK6YXxnoGL0YLmlwXbmCZvTXki0VlEW1PDXeViWy7qXaCp2caF5v4OOdPsgroxNO_DgJRTuA_izJ4DFZYHCHXwojfdWJiDYG67j5PlD5pXKGx7zaqyryjovZTEII_Z1_bhFCRUZRjfJ3TVoK0fZj2z7iAZWjn33i-V3zExUhwzEyeuGph0118NfmOLCUEy_Jd4xvLf_X4laPpe9nq8UeORfs72yz2qH7cHDKL85W6oG08Gu05JWuAs5Ay49WxJrmw", alg: "RS256" }, epoch: 1 }, ActiveJwk { jwk_id: JwkId { iss: "https://appleid.apple.com", kid: "rBRfVmqsjn" }, jwk: JWK { kty: "RSA", e: "AQAB", n: "pPOaiF5yL-y42FaKg9PYASR5-rdTK7NEiteNUAzNp0zkta-HW-tgLNLNlsft3zcrsgOLqXxhX7qzlI3JGH-wSs7_v2XNSg57QhOTxPDqtUfy5DegtiSOgwE947OBTwCWo2R6cGZD1T8ysfO2HuKheq2hEwZU4Y-8qT19WWOhZHs4CVt7A5mzpIgWuUVw766VTyqrqKev32DOUPIqFocFz3tuty95S9t_OYnaPCcET-b6DV_eT7psPhqhl5nNUm0lzkCQ53-9kxQNJxBciy0wiBcAexD4KppKRRD3evFpOSxD1R6Kg2DIG5UnbVVqn5nhZA9RH-t50f_biqV3KlSHJQ", alg: "RS256" }, epoch: 1 }, ActiveJwk { jwk_id: JwkId { iss: "https://appleid.apple.com", kid: "rs0M3kOV9p" }, jwk: JWK { kty: "RSA", e: "AQAB", n: "zH5so3zLsgmRypxAAYJimfF9cx3ISSyHyzjDP3yvE9ieqpnjFJhzgCP8L4oKO9vUFNpoG1ub7I3paYNY6Vb2yc4chnsjJxB3j0jomJ3iI9MlWoVecTFG2tywyx5NRhy3YfTUpw2uCLafzWrpIJIoKUCGM6iUgaIFjvfi-cGT5T_5eUSWZHN-ziH69mGcbMRGLQEixQUatwru9i4i-OSk-w-JmLOqAzRP1mVn1tcZRIoGSB2PFSSJX9SK90OX8i5sj7dpIO_2xbGMtyNJkDzGq88x1pMJ4sv6HMj-tx4QrpGDbUi7zBCgbBnNSGSB_LBv4dbswwWY96ckHgx9yf_7IQ", alg: "RS256" }, epoch: 1 }, ActiveJwk { jwk_id: JwkId { iss: "https://oauth2.playtron.one", kid: "1fd66a18-7afd-4086-ba57-a8ca9b398406" }, jwk: JWK { kty: "RSA", e: "AQAB", n: "7XHinRSS9un2BdWsLhFOdi5N-17HMRYf4odQE4KqiPqRrp8TDE9bDekg8ERCW7Hqkgp44U07BUJwCiL5ss_9rIgV6Wy_lOwF_npGqMstZYemnZYNvpaD4ZEneoRmo94qNkYg5szBhVlvaF-IXlwB4GEQdDLJZOLafgPYL4XK2eD49Q7PU7jkNKy91k98UeK3fH9iv0L6W5nJNU1SzCR75gRcWyKSySg9RCTQyWFak8VhWW1YxwIQebvGgTsr6jYgxvcmRsSLeMhEhoIhOOkC1zQK51kBB-ZS7o2KttDHr1dn08LeHJkxSZ2guLdT_V2ISDiKxjXgVBlSvvweLgEHs7cehNU-D65uQpTxULPJW7xeITDl8rCCxbr8p8rcq-I19EV5Uj4n7RswaNDZ2YO87Yx12KzZVrO_0Tra6CvsNJ7hdI_Ykg7yMLs-dj7eKgOF5Nx1Q7Bnp1OyRKIXfUkyZkh8mjfiMt-npf1WPAgF1Iwx5H-ww1rTuFR6yyZRtEHyVxudg9XFar6cKizi75uKVGaV74GMGI2tPGL0zh_jCh8QSk68HltKdfLP8xDvHBB_crklWlr9iYuFjHzLI9KWvICvQWMtQikHE3iaf492I9SMqR0OIwSeg5TzzerVX17qkCeVbdxOK9jKeP5k2sW6mETUdrJCmlRwGN-EG_VIOrE", alg: "RS256" }, epoch: 1 }, ActiveJwk { jwk_id: JwkId { iss: "https://oauth2.playtron.one", kid: "7388b63c-ba03-4fe3-85e3-6717f91d55b1" }, jwk: JWK { kty: "RSA", e: "AQAB", n: "scvmHIfIZk5ZU7_k6snu98s5rPKBDws804qpNEPyy7fkmzxDbcN-qWQJrDgNU-pvr5WvIPyu2hfFrNtBiiE3IZqqGRm2rJb8LoKz6mtxiLyRT8EQS8D8U6uiR8mkvbw-vgJ1h3l2gHDXPGN-03_DXrL8r2xDiuxdezxjiCI80r7bmpZg9i8PWtL1BQU43nM4MNDXi9Wo5ppSojFxTe8L75ZOnFeLBVxPJG9YBGhFnATIoUei7ohbw5_t9buiIfXTQ3ZwCvG3WAGFDsOIdl3PapA1T7oTlsfQp0wQa0EDeleFBu81ytNlidJNQcXz3F9OmwYbHJ4bPMYcz-x2ATLK5w", alg: "RS256" }, epoch: 1 }, ActiveJwk { jwk_id: JwkId { iss: "https://oauth2.playtron.one", kid: "e55421cb-cdbd-4791-a590-ad8ca798aa89" }, jwk: JWK { kty: "RSA", e: "AQAB", n: "vy8-EHvWmVHH5xi3BBvfalX9i6OuP9mz2wz1E72eMTf1ZHVbZ66O-vWlr2F2SNSyB_PURIb1KIqUcvpn6GW_vgs4EhflMJnmeZ0Fot4V6YsEOIzob7jkooeFNZ7dTDDHahtMyBd7pcJCv1afdQSTVZQeO0lm0swOm2whkw6hV7R2fBG3zLJsBUqe9oEwMa9cJ768KFfxFoEAUk3SQZ74JmkgOEKBSf26EcPcxAZTreSDAdh5-MI4oD1aawHfb5nl1CQxhRf4YcCp_MVoerKKX1-it0NkDn5xJsuN_Z3Dv5354j6OZVBZpDjN7ZwcQfLEnjwI8G4Zr9y2SC3g_fH1G-MIhe0LPDWF4egqMaIwkIDW0sMqPAnE_nSFN8Ag3KJ_iT6P2PAGJbna882IIczb5q9VXkB0RJlL4BwNHSE2q867EZBNGFTPrDJzHtM7sZ468Y4taMv0CyFdPlb0alFRsS_T658tdkt1lxrl_dzE0ixPBw99X5Rwz0XLv4yNs4BQ6RgHVZT5fGGRzXovlDx9F2ea0EleNn47KAFDs0wNjIl1oryar0pJMlb-pDPuVcGMt0XYNh5gOLty5LdAl_7PqwFsQc7QMWIGqjnSnzeGYvN7kknpfYl0SfJDQNNSJDI2b2oGUWw-K6-kCgQxxlEKbhztegiVmRGuqcDfvNqrpqc", alg: "RS256" }, epoch: 1 }, ActiveJwk { jwk_id: JwkId { iss: "https://accounts.karrier.one/", kid: "B65FDCAA152E04ADE817314CF6A06F4ECABF4CFB" }, jwk: JWK { kty: "RSA", e: "AQAB", n: "ra5LGXik2tB6apOePLdwT0ID-Kevzoyy_qcvHhvGJbrY_0PVaT3yM2t_UyvNlh60QYmtIxmGE1vTfbD6moDg0y1WLZ2tMfJ56YT23LYW-quzHHpw3pcAi8EVCFiU7pB4XHHBv-0F_eS7qGQr4Y38QyWKEzg6kv4X_xpMxEpVYmRVgYu8rGXqwCHIFq1Dc3v9Op83hO2q-geeidXjosydxgb6LdOpc27Q_0gzDM2vTaI0k8fqauVGilcYw3OxeqL5jVrdSeyaq4meHrquLdGCbI_KQiS08GJ9BZ4QchfTK70lzKasCsTcW5jd2Ci7DYoPvY-FrR8zPaxHj9jjTkAW3Q", alg: "RS256" }, epoch: 1 }, ActiveJwk { jwk_id: JwkId { iss: "https://accounts.karrier.one/", kid: "E760D111C1A1296E6D1D85F7EB18DDBAA0EC2B4E" }, jwk: JWK { kty: "RSA", e: "AQAB", n: "3s6cCgr0tKeYEy_MGYDZ7ByPgI0Bv-JimxiSNOytvXb6xvcxE_jjEiEkMg6R3frYXWWuM3V4DMB3WGc8ePDACM9e3ly8jEpxA90nJ1eE94a9bF5wQGtC8_oqw2DajBt6O5ZTSKFJhMQMyzKUXmqT_m1DsUHm0uNGPulMp2CmSE8xtFLlXdxl_8on4zN_4PboPgOrl65DKcw6THTuNcasffyxVeK6_HbuEDLp-Q1v8PtvW98TO2GvOK-yNLDrpgqeh0fnnUBHR2tkMaJ3nnLNdEkVfeBQlafCvwJPRrGX83POq6SC-WAoP6IOH9BXd0DwRvqgCj2uWhtk9yEamJ7Q2Q", alg: "RS256" }, epoch: 1 }, ActiveJwk { jwk_id: JwkId { iss: "https://login.microsoftonline.com/v2.0", kid: "-cgAvjmmQ24Ks20zIpDB4SW894w" }, jwk: JWK { kty: "RSA", e: "AQAB", n: "otM7AZjL81wdSVdrkQtt6shrQiAT8OZJeIKTeRJgrDYXKzaVXs0WFXVCjCv9GuCktF-tereotfZlcskamfuupe574o76CJy6AUtuY7wt0OKqxoSJMRuUJvA_NNkT50C_dTDHTtF7kiGBwWvHEkHeZAgT52E8bfNJswV28GsPscM9vG2ylUPyiaEIsGi0cg_JllbnfBjGhfA_lzmrB9Iw75E3f1Hnk2uAs1KcHJGSH3EwHJ5tUeo9WtLGjRAfH1kGtPjkktNaw3V8EukEzgIfILV8udpWYE79A_p5jFUnTNkQxsviNxG537JMooa1ZoYveDv_f6LCj1o7MNZQVlD3tw", alg: "RS256" }, epoch: 1 }, ActiveJwk { jwk_id: JwkId { iss: "https://login.microsoftonline.com/v2.0", kid: "CNv0OI3RwqlHFEVnaoMAshCH2XE" }, jwk: JWK { kty: "RSA", e: "AQAB", n: "hz6fUSCSAuiyQz6L1nQj4za8kItevJzxhVbecMigTIl9pXZSHZa3gzMgtapnb1q96CG5qvR78dH6ZvTKL8MzN4VfGgZhvLEv5LJKeo0tGgBIS65wxIiJYj9ExEDqFkw9RdhW1nN8IN9eO76PbC-fdEPtDekA2BaITY2DARISKN4Ke0RLBEWNrKeEjjOzrygS2e3Q9NVzE51ZGGQAGHau7atHy8M_qA1nnd2dMUgUMnEYIMzDBTSKz17G6itJOdanGvG3wXvdpndKffnDppaPkyWbnybdMI4IP7q6WsCqnt3Gtg-baG6GDqZQQEBp9C9gLAFv4ORTRlpD3w0gCMh7xw", alg: "RS256" }, epoch: 1 }, ActiveJwk { jwk_id: JwkId { iss: "https://login.microsoftonline.com/v2.0", kid: "JDNa_4i4r7FgigL3sHIlI3xV-IU" }, jwk: JWK { kty: "RSA", e: "AQAB", n: "iQ745_U-vjkxPblaw6phBpe08fC42mpcrS4pcr15HiyZQyQV-BFcEVyLwPdsz3ulMRN7OB_UMfCcPBHqOjguejoab6hyJFVVMw_epP4a3SpQN9qaCbnqaSxgSGiqSq663g3TjsF_Wu1m9L41eNoF6Yvh5kULMd6lqjY0LPO5ZZxaQFLtIHahoJKMvYy1BTS0VYcNsXTjxkgUEL6Vc8GV5vaClbnY3VA2hLbXC1SGJWjVGdYXhkuck2tHr58u87MPEaQ33C6YfyISZKsdumF5bTCcIH75jjC3WbMVOLgWg5w0MSiHOFyI76Ihxbb0nRicEuao0WzO9AS7HJ7L24FHFQ", alg: "RS256" }, epoch: 1 }, ActiveJwk { jwk_id: JwkId { iss: "https://login.microsoftonline.com/v2.0", kid: "JYhSOsHhDZrc5kfqQg8ujkHMTNY" }, jwk: JWK { kty: "RSA", e: "AQAB", n: "xxMRcusywRId_dJR_edc-qe_M3vhXONCz7QDhjVfoqHWbt9lQCXCVIsIo9VJI1nGT1F6NkXEIBt462x2p1w2cgf4AF86dGhbTpR-k81WLR5gNjkhpPqB1PCitichVIKbHAvOyYEAaJnEyCiJqIlU_Zg5L5FzRqv_N_3-fhYvWK0pc3m1Ohyd2kNRg1Nbcp5ogt7mBjec7MErfi-N0o54vXfsK6hM2m7h0sZwVd4CxgPqnpBtm2htM9xaKpnwkYoEL3va3bPI1VGGp9QLZwMV6RAHOy_ORpz4xarG-z7lZUCLO0X1So05rn7w5edBmfblUQlPL3BljbUVB3abd9SNXw", alg: "RS256" }, epoch: 1 }, ActiveJwk { jwk_id: JwkId { iss: "https://login.microsoftonline.com/v2.0", kid: "PDRf_Bs8CkDdi7av6hKLwRnNHmk" }, jwk: JWK { kty: "RSA", e: "AQAB", n: "v2R1eCh9xaZjAqn0FTf-DuDy3BFsJHc_lsv4K1Ycd1qnF5DwHC7mxnoTsA_dnI8BJvZsCAI7kkFjqKqXDSVYwRM05733_EPekLqLlb02-XLcOziMsOEMpXRrl1wFGHK5zmh2D4ZLsEId2Gdk1fcLzwjCg5iqQxi17DQFDoi0aWUKnkN62sSbiUvzd11eUl0N_beLZ0HYf53wk8r9P3reVhz9W7P8KwNBf7JyiLxmRP_yD9n3650iXi1qp8bZcAt9WmMZ2H6iHHhb7biXwvrJuf2id72VPvV6qkVu6jwUVW5yh6dIvCtPYEA7JNMWyBEXOjJbZ-3l3szj1GSV5m8eAQ", alg: "RS256" }, epoch: 1 }, ActiveJwk { jwk_id: JwkId { iss: "https://login.microsoftonline.com/v2.0", kid: "PoVKeirIOvmTyLQ9G9BenBwos7k" }, jwk: JWK { kty: "RSA", e: "AQAB", n: "ruYyUq1ElSb8QCCt0XWWRSFpUq0JkyfEvvlCa4fPDi0GZbSGgJg3qYa0co2RsBIYHczXkc71kHVpktySAgYK1KMK264e-s7Vymeq-ypHEDpRsaWric_kKEIvKZzRsyUBUWf0CUhtuUvAbDTuaFnQ4g5lfoa7u3vtsv1za5Gmn6DUPirrL_-xqijP9IsHGUKaTmB4M_qnAu6vUHCpXZnN0YTJDoK7XrVJFaKj8RrTdJB89GFJeTFHA2OX472ToyLdCDn5UatYwmht62nXGlH7_G1kW1YMpeSSwzpnMEzUUk7A8UXrvFTHXEpfXhsv0LA59dm9Hi1mIXaOe1w-icA_rQ", alg: "RS256" }, epoch: 1 }, ActiveJwk { jwk_id: JwkId { iss: "https://login.microsoftonline.com/v2.0", kid: "dd55f7QP3HZky-ekQBDWKe7ADN0" }, jwk: JWK { kty: "RSA", e: "AQAB", n: "s950MOniBjjiB82Zx5FehPuYJKtguUAP5vpMNZ6JxYLGzn5h3FPplx0kkPEezg7dnH-sFxGwq_C7P14ja0YmHUkmozqdbg4GRS8xp9Ue0-KWs4BTTkXvMPnc3xBU6be4SmHK-c7A0E54YfokiY1KTRCaq_RRPDlVZJuc6s6rK4nRoPo0eOCj7H4b--QnKmPXiFSPNp40NC7FRfx9m7SYSltubIDzq1f4j2Qlrv90f2kT5DP81_2DGdHZ_ao7ypPX2_z_m4ycQgfAhIYhNHRai6iGtbU6NPkw38LS29bVbGycVCaBoq6_re8k_UiOM7gP9l96QDFnkMmNhpRxT7t34w", alg: "RS256" }, epoch: 1 }, ActiveJwk { jwk_id: JwkId { iss: "https://login.microsoftonline.com/v2.0", kid: "ntzdbvo449IBJV0Yy_T--gOiPI8" }, jwk: JWK { kty: "RSA", e: "AQAB", n: "uYmKqopaxMNlFJ3QUgTM6TcWvR00WVPs4sCAl5Inr5tCIWbqC1IzVt74_eGPw9OypfM4YpEfAz5czFWgRRVcRQYNwDWSAXTSh-vkqK2meW4HQp7W33NCoz_kZ6JR-xwWJZCOtQa0RNwNTVuHTL2dyJo6DUShxVPtG6c8sV4gFCEz0moHBrf5njywV0GGkQgYe98GeCL3Mv2kx4WVf0pHkSELJfW5JN6jvD_05fY_g3LKsXqXm9u1cS39K4iULFVeeoz5jBMKl5h6w3lqSeBtzmqHpw6YVxcDu_bRUd_rqZUvTaZUgS_EfpOpOicaQN--90nzp4givQYEvWtDBtan5Q", alg: "RS256" }, epoch: 1 }, ActiveJwk { jwk_id: JwkId { iss: "https://cognito-idp.us-east-1.amazonaws.com/us-east-1_qPsZxYqd8", kid: "VHA/vY1d2h7X33DpZ6ZBDRfnCS/OIgiV7toCdxyEUDY=" }, jwk: JWK { kty: "RSA", e: "AQAB", n: "7nb7CxiOI5bgf80jk1WOwi6Fmo9EJzIugpl-gZehOgL4cVAmvp1ChVZMwxTRM62hIQ6Ab6k0vmLBq_jZFx6MeU4c1xTipIohOEK_5HjbesM9OuduHkujN6J7Az4ON4TyHtJOXs3-xdVbjWQwP5L2O_N334ZIb9n-hRxGRhKaQLciSNEt3TQ2ookJaa1q9UinlA0jJyIMLJXmpSdvUP_0QizT88wrenRs3PccgKBQgvtQx569yvL6YnzaRSa8pL7saNy2KqevDHkIvRfqEckduoFQTyiL5OTz6canJYaklw-OImrO1eQF2Z_TsamXKKdk9-k9WFwYx4ftDTdacDflaw", alg: "RS256" }, epoch: 1 }, ActiveJwk { jwk_id: JwkId { iss: "https://cognito-idp.us-east-1.amazonaws.com/us-east-1_qPsZxYqd8", kid: "lGbuLXh42ChSJwrMUEBO2npnvMzdAHqOj6DNZieDuVA=" }, jwk: JWK { kty: "RSA", e: "AQAB", n: "2e3M6UZo5G1r3eYi1h_dqng0lhNHE6bwSrnEmTMygjDaejpcjWKY9ICFtcz-lP_HEx_q67HsaM7QUIGpTEtAXqQHyxbMAcPlUwKSD8y_mZJlDDM4kI7KJQLW4M-904gDvih5FbnJc-QNkH1Z7vHwDpLOam53x8QQj7rjoXBzH0q0JVlv5PU5ZEoqCc2PIJCtxzZApXzMt0lnqw8DB55P4_czdplVkd80UhPAz1gM3ysTIQi2eblMvkUp98orOlpsp434g6mnrdgYFLOleuuwNraRTJRi0r9Dn9ToILY7Arywi5jS8M496CXJUFAB9UKXKrTa9pazlnRMiFBochRRZw", alg: "RS256" }, epoch: 1 }], authenticator_obj_initial_shared_version: SequenceNumber(1) }
[2m2025-03-25T07:55:10.304541Z[0m [32m INFO[0m [1mnode[0m[1m{[0m[3mname[0m[2m=[0mk#b3f3cbb4..[1m}[0m[2m:[0m [2msui_core::state_accumulator[0m[2m:[0m [2mcrates/sui-core/src/state_accumulator.rs[0m[2m:[0m[2m675:[0m accumulating running root for checkpoint 215
[2m2025-03-25T07:55:10.305009Z[0m [32m INFO[0m [1mnode[0m[1m{[0m[3mname[0m[2m=[0mk#b3f3cbb4..[1m}[0m[2m:[0m [2msui_core::checkpoints::checkpoint_executor[0m[2m:[0m [2mcrates/sui-core/src/checkpoints/checkpoint_executor/mod.rs[0m[2m:[0m[2m332:[0m Received checkpoint summary from state sync [3msequence_number[0m[2m=[0m234
[2m2025-03-25T07:55:10.305052Z[0m [32m INFO[0m [1mnode[0m[1m{[0m[3mname[0m[2m=[0mk#b3f3cbb4..[1m}[0m[2m:[0m [2msui_core::checkpoints::checkpoint_executor[0m[2m:[0m [2mcrates/sui-core/src/checkpoints/checkpoint_executor/mod.rs[0m[2m:[0m[2m332:[0m Received checkpoint summary from state sync [3msequence_number[0m[2m=[0m235
[2m2025-03-25T07:55:10.305092Z[0m [32m INFO[0m [1mnode[0m[1m{[0m[3mname[0m[2m=[0mk#b3f3cbb4..[1m}[0m[2m:[0m [2msui_core::checkpoints::checkpoint_executor[0m[2m:[0m [2mcrates/sui-core/src/checkpoints/checkpoint_executor/mod.rs[0m[2m:[0m[2m332:[0m Received checkpoint summary from state sync [3msequence_number[0m[2m=[0m236
[2m2025-03-25T07:55:10.305132Z[0m [32m INFO[0m [1mnode[0m[1m{[0m[3mname[0m[2m=[0mk#b3f3cbb4..[1m}[0m[2m:[0m [2msui_core::checkpoints::checkpoint_executor[0m[2m:[0m [2mcrates/sui-core/src/checkpoints/checkpoint_executor/mod.rs[0m[2m:[0m[2m332:[0m Received checkpoint summary from state sync [3msequence_number[0m[2m=[0m237
[2m2025-03-25T07:55:10.305174Z[0m [32m INFO[0m [1mnode[0m[1m{[0m[3mname[0m[2m=[0mk#b3f3cbb4..[1m}[0m[2m:[0m [2msui_core::checkpoints::checkpoint_executor[0m[2m:[0m [2mcrates/sui-core/src/checkpoints/checkpoint_executor/mod.rs[0m[2m:[0m[2m332:[0m Received checkpoint summary from state sync [3msequence_number[0m[2m=[0m238
[2m2025-03-25T07:55:10.305212Z[0m [32m INFO[0m [1mnode[0m[1m{[0m[3mname[0m[2m=[0mk#b3f3cbb4..[1m}[0m[2m:[0m [2msui_core::checkpoints::checkpoint_executor[0m[2m:[0m [2mcrates/sui-core/src/checkpoints/checkpoint_executor/mod.rs[0m[2m:[0m[2m332:[0m Received checkpoint summary from state sync [3msequence_number[0m[2m=[0m239
[2m2025-03-25T07:55:10.305250Z[0m [32m INFO[0m [1mnode[0m[1m{[0m[3mname[0m[2m=[0mk#b3f3cbb4..[1m}[0m[2m:[0m [2msui_core::checkpoints::checkpoint_executor[0m[2m:[0m [2mcrates/sui-core/src/checkpoints/checkpoint_executor/mod.rs[0m[2m:[0m[2m332:[0m Received checkpoint summary from state sync [3msequence_number[0m[2m=[0m240
[2m2025-03-25T07:55:10.312843Z[0m [32m INFO[0m [1mnode[0m[1m{[0m[3mname[0m[2m=[0mk#b3f3cbb4..[1m}[0m[2m:[0m [2msui_core::state_accumulator[0m[2m:[0m [2mcrates/sui-core/src/state_accumulator.rs[0m[2m:[0m[2m675:[0m accumulating running root for checkpoint 216
[2m2025-03-25T07:55:10.313265Z[0m [32m INFO[0m [1mnode[0m[1m{[0m[3mname[0m[2m=[0mk#b3f3cbb4..[1m}[0m[2m:[0m [2msui_core::checkpoints::checkpoint_executor[0m[2m:[0m [2mcrates/sui-core/src/checkpoints/checkpoint_executor/mod.rs[0m[2m:[0m[2m332:[0m Received checkpoint summary from state sync [3msequence_number[0m[2m=[0m241
[2m2025-03-25T07:55:10.313306Z[0m [32m INFO[0m [1mnode[0m[1m{[0m[3mname[0m[2m=[0mk#b3f3cbb4..[1m}[0m[2m:[0m [2msui_core::checkpoints::checkpoint_executor[0m[2m:[0m [2mcrates/sui-core/src/checkpoints/checkpoint_executor/mod.rs[0m[2m:[0m[2m332:[0m Received checkpoint summary from state sync [3msequence_number[0m[2m=[0m242
[2m2025-03-25T07:55:10.313349Z[0m [32m INFO[0m [1mnode[0m[1m{[0m[3mname[0m[2m=[0mk#b3f3cbb4..[1m}[0m[2m:[0m [2msui_core::checkpoints::checkpoint_executor[0m[2m:[0m [2mcrates/sui-core/src/checkpoints/checkpoint_executor/mod.rs[0m[2m:[0m[2m332:[0m Received checkpoint summary from state sync [3msequence_number[0m[2m=[0m243
[2m2025-03-25T07:55:10.313389Z[0m [32m INFO[0m [1mnode[0m[1m{[0m[3mname[0m[2m=[0mk#b3f3cbb4..[1m}[0m[2m:[0m [2msui_core::checkpoints::checkpoint_executor[0m[2m:[0m [2mcrates/sui-core/src/checkpoints/checkpoint_executor/mod.rs[0m[2m:[0m[2m332:[0m Received checkpoint summary from state sync [3msequence_number[0m[2m=[0m244
[2m2025-03-25T07:55:10.313428Z[0m [32m INFO[0m [1mnode[0m[1m{[0m[3mname[0m[2m=[0mk#b3f3cbb4..[1m}[0m[2m:[0m [2msui_core::checkpoints::checkpoint_executor[0m[2m:[0m [2mcrates/sui-core/src/checkpoints/checkpoint_executor/mod.rs[0m[2m:[0m[2m332:[0m Received checkpoint summary from state sync [3msequence_number[0m[2m=[0m245
[2m2025-03-25T07:55:10.313467Z[0m [32m INFO[0m [1mnode[0m[1m{[0m[3mname[0m[2m=[0mk#b3f3cbb4..[1m}[0m[2m:[0m [2msui_core::checkpoints::checkpoint_executor[0m[2m:[0m [2mcrates/sui-core/src/checkpoints/checkpoint_executor/mod.rs[0m[2m:[0m[2m332:[0m Received checkpoint summary from state sync [3msequence_number[0m[2m=[0m246
[2m2025-03-25T07:55:10.313505Z[0m [32m INFO[0m [1mnode[0m[1m{[0m[3mname[0m[2m=[0mk#b3f3cbb4..[1m}[0m[2m:[0m [2msui_core::checkpoints::checkpoint_executor[0m[2m:[0m [2mcrates/sui-core/src/checkpoints/checkpoint_executor/mod.rs[0m[2m:[0m[2m332:[0m Received checkpoint summary from state sync [3msequence_number[0m[2m=[0m247
[2m2025-03-25T07:55:10.413709Z[0m [32m INFO[0m [1mnode[0m[1m{[0m[3mname[0m[2m=[0mk#8dcff6d1..[1m}[0m[2m:[0m [2msui_core::epoch::consensus_store_pruner[0m[2m:[0m [2mcrates/sui-core/src/epoch/consensus_store_pruner.rs[0m[2m:[0m[2m116:[0m Consensus store prunning for current epoch 1. Will remove epochs < 1
[2m2025-03-25T07:55:10.413821Z[0m [32m INFO[0m [1mnode[0m[1m{[0m[3mname[0m[2m=[0mk#8dcff6d1..[1m}[0m[2m:[0m [2msui_core::epoch::consensus_store_pruner[0m[2m:[0m [2mcrates/sui-core/src/epoch/consensus_store_pruner.rs[0m[2m:[0m[2m214:[0m Completed old epoch data removal process for epoch 1
[2m2025-03-25T07:55:10.427227Z[0m [32m INFO[0m [1mnode[0m[1m{[0m[3mname[0m[2m=[0mk#b3f3cbb4..[1m}[0m[2m:[0m[1mexecution_driver[0m[1m{[0m[3mtx_digest[0m[2m=[0mTransactionDigest(8duKUC3WPZyU9va8bmV5fRG42YF8govqGyqus9HFLZrS)[1m}[0m[2m:[0m [2msui_core::authority::authority_per_epoch_store[0m[2m:[0m [2mcrates/sui-core/src/authority/authority_per_epoch_store.rs[0m[2m:[0m[2m4233:[0m Updating authenticator state: AuthenticatorStateUpdate { epoch: 1, round: 8, new_active_jwks: [ActiveJwk { jwk_id: JwkId { iss: "https://auth.3dos.io", kid: "6d361dc9637a275eb585a915af26198ff0d97326ca13f4baf0e4805f72f2a9a0" }, jwk: JWK { kty: "RSA", e: "AQAB", n: "y_8hHwq7w2yE4968sbQF98iGUhnu0BwyB5khTxVPAcUnMCYdp61zYcRWml2zdY4HAfq-Nnjb_pAli6I66Vpe9IE8Gf8uGRB0oYIo2S6tYMEe0lhRaEDYVbMdQkuKxTIYMNBXSd_kCHKJM1ZUAo7uFoq_bWuzt2hRG2-79z-Ycbiw0wil0rzFHlpNBKsBLKM4GSGUwOejaL2zCiE_rjf77AvOaJLRd4I_DBYG16t8D1BkxbhkcQCmOxYGG0NqjP3z0lz-w1ALqHCNfhzczZOsgaCrbSlcTKcBTq1syAUUhQmounW7nG5clBIfPQRVH7jCoPztiJUZg6Xz1AN6V07xnw", alg: "RS256" }, epoch: 1 }, ActiveJwk { jwk_id: JwkId { iss: "https://accounts.credenza3.com", kid: "JG6oZkIBqQdkpnCnD479zFXgMA5_I7i-aHAV0MRwvDs" }, jwk: JWK { kty: "RSA", e: "AQAB", n: "wgMHXL3avVaf-jrwvVw5bhpROsF7CnY7vzovJW4fNp_dY0abqvMga2C7fzdKNp4AFxQmXkoX_-vF7wbDRLXXmjdJ-x4YdKIA_JxsZqZKCG_k5-7UZFmHb1F3oy67uYh_xRv_H8yPSJ9TKJrAiWIBG9EFvZNy8y2pHXFDNSxTo4NzcUs_-TNhiuxWatpnduoCXWJf6I813Lxn8G9Z7Tql5fUgofW5GIygxS8zUiUZaYkLPL3_aNIFal58OzUturgiTcYrQp5WPkG56AL_Y6KNhxABjopC7WTXCeFXGXCIgb-JQpPARDaL7WL3w_w5-vR3Ra2WeQ3sddtoLtB0X234DQ", alg: "RS256" }, epoch: 1 }, ActiveJwk { jwk_id: JwkId { iss: "https://accounts.credenza3.com", kid: "nArTrOCdn42U6zyzuZmxBIGAuYQaNyuHwUkAycsQTw8" }, jwk: JWK { kty: "RSA", e: "AQAB", n: "mb4kA1QddMUulk6AMeRekV0YEPX-x-eSx7BjbAy1qkPsGjnpwjUmGzk9jBptlCLgc1HT_qELTfpr_w5xqFcy-1ayAlg87gw86Z0IRN9ROTTE04LiHMIwH9Y8H06C_9I0H29WCMqFGlBJH9n0hYu6nPpgVkV6E-9wze10-jzi5JLqiM0tB8Ihniy2ZHGgiwG1CM--xHKkaXcFLF3d8bGlALGp1CgtiHdWeMyQ5SBzL6lmhMcnzzse0VlAIq1m94Fath217OcQcEw-VrJlyGJ8gAyi-N3O9VZAl2dykNgji9tcC1ws5IMbGyWSv5OpeHfUDN97iOcTJ4noBF7EwvIwpQ", alg: "RS256" }, epoch: 1 }], authenticator_obj_initial_shared_version: SequenceNumber(1) }
[2m2025-03-25T07:55:10.443597Z[0m [32m INFO[0m [1mnode[0m[1m{[0m[3mname[0m[2m=[0mk#addeef94..[1m}[0m[2m:[0m [2mconsensus_core::core[0m[2m:[0m [2mconsensus/core/src/core.rs[0m[2m:[0m[2m945:[0m Included 3 ancestors & excluded 0 ancestors for proposal in round 51
[2m2025-03-25T07:55:10.443943Z[0m [32m INFO[0m [1mnode[0m[1m{[0m[3mname[0m[2m=[0mk#addeef94..[1m}[0m[2m:[0m [2mconsensus_core::core[0m[2m:[0m [2mconsensus/core/src/core.rs[0m[2m:[0m[2m531:[0m Created block B51(C,ZF4xvisZDb3cUj9k5vKFCGuZUZ2krNWdr4wqElLWIXg=)(1742889310443ms;[B50(C,1hEeONWfY1mxOgUwMbgbOqIqgBB7ksl87l2e3Qg7ilo=), B50(A,I6iegp21GjiveVrw6LaWBncS/AdsC78uc9Y7N5X2yQY=), B50(B,yeKNaSuOL3M1sYWGrcWMUzWQF5BrgP9PCmG97rRjlgs=)];1t;1c) for round 51
[2m2025-03-25T07:55:10.446929Z[0m [32m INFO[0m [1mnode[0m[1m{[0m[3mname[0m[2m=[0mk#8dcff6d1..[1m}[0m[2m:[0m [2mconsensus_core::core[0m[2m:[0m [2mconsensus/core/src/core.rs[0m[2m:[0m[2m945:[0m Included 3 ancestors & excluded 0 ancestors for proposal in round 51
[2m2025-03-25T07:55:10.446929Z[0m [32m INFO[0m [1mnode[0m[1m{[0m[3mname[0m[2m=[0mk#99f25ef6..[1m}[0m[2m:[0m [2mconsensus_core::core[0m[2m:[0m [2mconsensus/core/src/core.rs[0m[2m:[0m[2m945:[0m Included 3 ancestors & excluded 0 ancestors for proposal in round 51
[2m2025-03-25T07:55:10.447217Z[0m [32m INFO[0m [1mnode[0m[1m{[0m[3mname[0m[2m=[0mk#99f25ef6..[1m}[0m[2m:[0m [2mconsensus_core::core[0m[2m:[0m [2mconsensus/core/src/core.rs[0m[2m:[0m[2m531:[0m Created block B51(B,QZaT2zR3y41U2GauuIemiXwI5a47mZNUHvIshbTPxVo=)(1742889310446ms;[B50(B,yeKNaSuOL3M1sYWGrcWMUzWQF5BrgP9PCmG97rRjlgs=), B50(A,I6iegp21GjiveVrw6LaWBncS/AdsC78uc9Y7N5X2yQY=), B50(C,1hEeONWfY1mxOgUwMbgbOqIqgBB7ksl87l2e3Qg7ilo=)];1t;1c) for round 51
[2m2025-03-25T07:55:10.447219Z[0m [32m INFO[0m [1mnode[0m[1m{[0m[3mname[0m[2m=[0mk#8dcff6d1..[1m}[0m[2m:[0m [2mconsensus_core::core[0m[2m:[0m [2mconsensus/core/src/core.rs[0m[2m:[0m[2m531:[0m Created block B51(A,fp/Hu2RUI/rn1gw3x1tmp3Mu47OE8F5ykzwmUDBSg9A=)(1742889310446ms;[B50(A,I6iegp21GjiveVrw6LaWBncS/AdsC78uc9Y7N5X2yQY=), B50(B,yeKNaSuOL3M1sYWGrcWMUzWQF5BrgP9PCmG97rRjlgs=), B50(C,1hEeONWfY1mxOgUwMbgbOqIqgBB7ksl87l2e3Qg7ilo=)];1t;1c) for round 51
[2m2025-03-25T07:55:10.447286Z[0m [32m INFO[0m [1mnode[0m[1m{[0m[3mname[0m[2m=[0mk#8dcff6d1..[1m}[0m[2m:[0m [2mconsensus_core::core[0m[2m:[0m [2mconsensus/core/src/core.rs[0m[2m:[0m[2m630:[0m Committing 1 leaders: B49(A,+vsm)
[2m2025-03-25T07:55:10.447286Z[0m [32m INFO[0m [1mnode[0m[1m{[0m[3mname[0m[2m=[0mk#99f25ef6..[1m}[0m[2m:[0m [2mconsensus_core::core[0m[2m:[0m [2mconsensus/core/src/core.rs[0m[2m:[0m[2m630:[0m Committing 1 leaders: B49(A,+vsm)
[2m2025-03-25T07:55:10.447355Z[0m [32m INFO[0m [1mnode[0m[1m{[0m[3mname[0m[2m=[0mk#99f25ef6..[1m}[0m[2m:[0m [2mconsensus_core::commit_observer[0m[2m:[0m [2mconsensus/core/src/commit_observer.rs[0m[2m:[0m[2m173:[0m Consensus commit C42(ApMm) with leader B49(A,+vsm) has 3 blocks
[2m2025-03-25T07:55:10.447355Z[0m [32m INFO[0m [1mnode[0m[1m{[0m[3mname[0m[2m=[0mk#8dcff6d1..[1m}[0m[2m:[0m [2mconsensus_core::commit_observer[0m[2m:[0m [2mconsensus/core/src/commit_observer.rs[0m[2m:[0m[2m173:[0m Consensus commit C42(ApMm) with leader B49(A,+vsm) has 3 blocks
[2m2025-03-25T07:55:10.447444Z[0m [32m INFO[0m [1mnode[0m[1m{[0m[3mname[0m[2m=[0mk#99f25ef6..[1m}[0m[2m:[0m [2msui_core::consensus_handler[0m[2m:[0m [2mcrates/sui-core/src/consensus_handler.rs[0m[2m:[0m[2m232:[0m Received consensus output [3mconsensus_commit[0m[2m=[0mCommittedSubDag(leader=B49(A,+vsm), ref=C42(ApMm), blocks=[rOoJ, Iec/, +vsm]) [3mepoch[0m[2m=[0m1
[2m2025-03-25T07:55:10.447444Z[0m [32m INFO[0m [1mnode[0m[1m{[0m[3mname[0m[2m=[0mk#8dcff6d1..[1m}[0m[2m:[0m [2msui_core::consensus_handler[0m[2m:[0m [2mcrates/sui-core/src/consensus_handler.rs[0m[2m:[0m[2m232:[0m Received consensus output [3mconsensus_commit[0m[2m=[0mCommittedSubDag(leader=B49(A,+vsm), ref=C42(ApMm), blocks=[rOoJ, Iec/, +vsm]) [3mepoch[0m[2m=[0m1
[2m2025-03-25T07:55:10.451087Z[0m [32m INFO[0m [1mnode[0m[1m{[0m[3mname[0m[2m=[0mk#addeef94..[1m}[0m[2m:[0m [2mconsensus_core::core[0m[2m:[0m [2mconsensus/core/src/core.rs[0m[2m:[0m[2m630:[0m Committing 1 leaders: B49(A,+vsm)
[2m2025-03-25T07:55:10.451173Z[0m [32m INFO[0m [1mnode[0m[1m{[0m[3mname[0m[2m=[0mk#addeef94..[1m}[0m[2m:[0m [2mconsensus_core::commit_observer[0m[2m:[0m [2mconsensus/core/src/commit_observer.rs[0m[2m:[0m[2m173:[0m Consensus commit C42(ApMm) with leader B49(A,+vsm) has 3 blocks
[2m2025-03-25T07:55:10.451295Z[0m [32m INFO[0m [1mnode[0m[1m{[0m[3mname[0m[2m=[0mk#addeef94..[1m}[0m[2m:[0m [2msui_core::consensus_handler[0m[2m:[0m [2mcrates/sui-core/src/consensus_handler.rs[0m[2m:[0m[2m232:[0m Received consensus output [3mconsensus_commit[0m[2m=[0mCommittedSubDag(leader=B49(A,+vsm), ref=C42(ApMm), blocks=[rOoJ, Iec/, +vsm]) [3mepoch[0m[2m=[0m1
[2m2025-03-25T07:55:10.492241Z[0m [32m INFO[0m [1mnode[0m[1m{[0m[3mname[0m[2m=[0mk#99f25ef6..[1m}[0m[2m:[0m [2msui_core::checkpoints[0m[2m:[0m [2mcrates/sui-core/src/checkpoints/mod.rs[0m[2m:[0m[2m1326:[0m Creating checkpoint(s) for 1 transactions [3mnext_checkpoint_seq[0m[2m=[0m255 [3mcheckpoint_timestamp[0m[2m=[0m1742889309937
[2m2025-03-25T07:55:10.492241Z[0m [32m INFO[0m [1mnode[0m[1m{[0m[3mname[0m[2m=[0mk#8dcff6d1..[1m}[0m[2m:[0m [2msui_core::checkpoints[0m[2m:[0m [2mcrates/sui-core/src/checkpoints/mod.rs[0m[2m:[0m[2m1326:[0m Creating checkpoint(s) for 1 transactions [3mnext_checkpoint_seq[0m[2m=[0m255 [3mcheckpoint_timestamp[0m[2m=[0m1742889309937
[2m2025-03-25T07:55:10.492468Z[0m [32m INFO[0m [1mnode[0m[1m{[0m[3mname[0m[2m=[0mk#99f25ef6..[1m}[0m[2m:[0m [2msui_core::checkpoints::checkpoint_output[0m[2m:[0m [2mcrates/sui-core/src/checkpoints/checkpoint_output.rs[0m[2m:[0m[2m149:[0m Creating checkpoint CheckpointDigest(VP6idev8Yq1Lyae6ywrZU3RiKvGoRK2NdscxxRb2SuH) at epoch 1, sequence 255, previous digest Some(CheckpointDigest(9XfdMzWgfWhoX2Q7MXTd1Kiz7Xytb5naZaezzzFsbqqB)), transactions count 1, content digest CheckpointContentsDigest(6GPf32JB51QfojkuQm21NUAuqZZB4GMpqP7V5WGxm7KQ), end_of_epoch_data None
[2m2025-03-25T07:55:10.492468Z[0m [32m INFO[0m [1mnode[0m[1m{[0m[3mname[0m[2m=[0mk#8dcff6d1..[1m}[0m[2m:[0m [2msui_core::checkpoints::checkpoint_output[0m[2m:[0m [2mcrates/sui-core/src/checkpoints/checkpoint_output.rs[0m[2m:[0m[2m149:[0m Creating checkpoint CheckpointDigest(VP6idev8Yq1Lyae6ywrZU3RiKvGoRK2NdscxxRb2SuH) at epoch 1, sequence 255, previous digest Some(CheckpointDigest(9XfdMzWgfWhoX2Q7MXTd1Kiz7Xytb5naZaezzzFsbqqB)), transactions count 1, content digest CheckpointContentsDigest(6GPf32JB51QfojkuQm21NUAuqZZB4GMpqP7V5WGxm7KQ), end_of_epoch_data None
[2m2025-03-25T07:55:10.494783Z[0m [32m INFO[0m [1mnode[0m[1m{[0m[3mname[0m[2m=[0mk#addeef94..[1m}[0m[2m:[0m [2msui_core::checkpoints[0m[2m:[0m [2mcrates/sui-core/src/checkpoints/mod.rs[0m[2m:[0m[2m1326:[0m Creating checkpoint(s) for 1 transactions [3mnext_checkpoint_seq[0m[2m=[0m255 [3mcheckpoint_timestamp[0m[2m=[0m1742889309937
[2m2025-03-25T07:55:10.494955Z[0m [32m INFO[0m [1mnode[0m[1m{[0m[3mname[0m[2m=[0mk#addeef94..[1m}[0m[2m:[0m [2msui_core::checkpoints::checkpoint_output[0m[2m:[0m [2mcrates/sui-core/src/checkpoints/checkpoint_output.rs[0m[2m:[0m[2m149:[0m Creating checkpoint CheckpointDigest(VP6idev8Yq1Lyae6ywrZU3RiKvGoRK2NdscxxRb2SuH) at epoch 1, sequence 255, previous digest Some(CheckpointDigest(9XfdMzWgfWhoX2Q7MXTd1Kiz7Xytb5naZaezzzFsbqqB)), transactions count 1, content digest CheckpointContentsDigest(6GPf32JB51QfojkuQm21NUAuqZZB4GMpqP7V5WGxm7KQ), end_of_epoch_data None
[2m2025-03-25T07:55:10.495602Z[0m [32m INFO[0m [1mnode[0m[1m{[0m[3mname[0m[2m=[0mk#99f25ef6..[1m}[0m[2m:[0m [2msui_core::checkpoints::checkpoint_output[0m[2m:[0m [2mcrates/sui-core/src/checkpoints/checkpoint_output.rs[0m[2m:[0m[2m196:[0m Certified checkpoint with sequence 254 and digest 9XfdMzWgfWhoX2Q7MXTd1Kiz7Xytb5naZaezzzFsbqqB
[2m2025-03-25T07:55:10.495629Z[0m [32m INFO[0m [1mnode[0m[1m{[0m[3mname[0m[2m=[0mk#8dcff6d1..[1m}[0m[2m:[0m [2msui_core::checkpoints::checkpoint_output[0m[2m:[0m [2mcrates/sui-core/src/checkpoints/checkpoint_output.rs[0m[2m:[0m[2m196:[0m Certified checkpoint with sequence 254 and digest 9XfdMzWgfWhoX2Q7MXTd1Kiz7Xytb5naZaezzzFsbqqB
[2m2025-03-25T07:55:10.498585Z[0m [32m INFO[0m [1mnode[0m[1m{[0m[3mname[0m[2m=[0mk#99f25ef6..[1m}[0m[2m:[0m [2msui_core::checkpoints::checkpoint_executor[0m[2m:[0m [2mcrates/sui-core/src/checkpoints/checkpoint_executor/mod.rs[0m[2m:[0m[2m332:[0m Received checkpoint summary from state sync [3msequence_number[0m[2m=[0m254
[2m2025-03-25T07:55:10.498686Z[0m [32m INFO[0m [1mnode[0m[1m{[0m[3mname[0m[2m=[0mk#8dcff6d1..[1m}[0m[2m:[0m [2msui_core::checkpoints::checkpoint_executor[0m[2m:[0m [2mcrates/sui-core/src/checkpoints/checkpoint_executor/mod.rs[0m[2m:[0m[2m332:[0m Received checkpoint summary from state sync [3msequence_number[0m[2m=[0m254
[2m2025-03-25T07:55:10.516351Z[0m [32m INFO[0m [1mnode[0m[1m{[0m[3mname[0m[2m=[0mk#99f25ef6..[1m}[0m[2m:[0m [2msui_core::state_accumulator[0m[2m:[0m [2mcrates/sui-core/src/state_accumulator.rs[0m[2m:[0m[2m675:[0m accumulating running root for checkpoint 254
[2m2025-03-25T07:55:10.516352Z[0m [32m INFO[0m [1mnode[0m[1m{[0m[3mname[0m[2m=[0mk#8dcff6d1..[1m}[0m[2m:[0m [2msui_core::state_accumulator[0m[2m:[0m [2mcrates/sui-core/src/state_accumulator.rs[0m[2m:[0m[2m675:[0m accumulating running root for checkpoint 254
[2m2025-03-25T07:55:10.546632Z[0m [32m INFO[0m [1mnode[0m[1m{[0m[3mname[0m[2m=[0mk#b3f3cbb4..[1m}[0m[2m:[0m [2msui_core::checkpoints::checkpoint_executor[0m[2m:[0m [2mcrates/sui-core/src/checkpoints/checkpoint_executor/mod.rs[0m[2m:[0m[2m332:[0m Received checkpoint summary from state sync [3msequence_number[0m[2m=[0m248
[2m2025-03-25T07:55:10.546862Z[0m [32m INFO[0m [1mnode[0m[1m{[0m[3mname[0m[2m=[0mk#b3f3cbb4..[1m}[0m[2m:[0m [2msui_core::checkpoints::checkpoint_executor[0m[2m:[0m [2mcrates/sui-core/src/checkpoints/checkpoint_executor/mod.rs[0m[2m:[0m[2m332:[0m Received checkpoint summary from state sync [3msequence_number[0m[2m=[0m249
[2m2025-03-25T07:55:10.546907Z[0m [32m INFO[0m [1mnode[0m[1m{[0m[3mname[0m[2m=[0mk#b3f3cbb4..[1m}[0m[2m:[0m [2msui_core::checkpoints::checkpoint_executor[0m[2m:[0m [2mcrates/sui-core/src/checkpoints/checkpoint_executor/mod.rs[0m[2m:[0m[2m332:[0m Received checkpoint summary from state sync [3msequence_number[0m[2m=[0m250
[2m2025-03-25T07:55:10.546949Z[0m [32m INFO[0m [1mnode[0m[1m{[0m[3mname[0m[2m=[0mk#b3f3cbb4..[1m}[0m[2m:[0m [2msui_core::checkpoints::checkpoint_executor[0m[2m:[0m [2mcrates/sui-core/src/checkpoints/checkpoint_executor/mod.rs[0m[2m:[0m[2m332:[0m Received checkpoint summary from state sync [3msequence_number[0m[2m=[0m251
[2m2025-03-25T07:55:10.561781Z[0m [32m INFO[0m [1mnode[0m[1m{[0m[3mname[0m[2m=[0mk#addeef94..[1m}[0m[2m:[0m [2msui_core::checkpoints::checkpoint_executor[0m[2m:[0m [2mcrates/sui-core/src/checkpoints/checkpoint_executor/mod.rs[0m[2m:[0m[2m332:[0m Received checkpoint summary from state sync [3msequence_number[0m[2m=[0m254
[2m2025-03-25T07:55:10.563080Z[0m [32m INFO[0m [1mnode[0m[1m{[0m[3mname[0m[2m=[0mk#addeef94..[1m}[0m[2m:[0m [2msui_core::state_accumulator[0m[2m:[0m [2mcrates/sui-core/src/state_accumulator.rs[0m[2m:[0m[2m675:[0m accumulating running root for checkpoint 254
[2m2025-03-25T07:55:10.638309Z[0m [32m INFO[0m [1mnode[0m[1m{[0m[3mname[0m[2m=[0mk#b3f3cbb4..[1m}[0m[2m:[0m [2msui_core::state_accumulator[0m[2m:[0m [2mcrates/sui-core/src/state_accumulator.rs[0m[2m:[0m[2m675:[0m accumulating running root for checkpoint 217
[2m2025-03-25T07:55:10.699735Z[0m [32m INFO[0m [1mnode[0m[1m{[0m[3mname[0m[2m=[0mk#99f25ef6..[1m}[0m[2m:[0m [2mconsensus_core::core[0m[2m:[0m [2mconsensus/core/src/core.rs[0m[2m:[0m[2m945:[0m Included 3 ancestors & excluded 0 ancestors for proposal in round 52
[2m2025-03-25T07:55:10.699735Z[0m [32m INFO[0m [1mnode[0m[1m{[0m[3mname[0m[2m=[0mk#8dcff6d1..[1m}[0m[2m:[0m [2mconsensus_core::core[0m[2m:[0m [2mconsensus/core/src/core.rs[0m[2m:[0m[2m945:[0m Included 3 ancestors & excluded 0 ancestors for proposal in round 52
[2m2025-03-25T07:55:10.700180Z[0m [32m INFO[0m [1mnode[0m[1m{[0m[3mname[0m[2m=[0mk#99f25ef6..[1m}[0m[2m:[0m [2mconsensus_core::core[0m[2m:[0m [2mconsensus/core/src/core.rs[0m[2m:[0m[2m531:[0m Created block B52(B,ZWawV/1Tn9MniqRvZaq+Av62wR0W3jamZOKGRnWx8NY=)(1742889310699ms;[B51(B,QZaT2zR3y41U2GauuIemiXwI5a47mZNUHvIshbTPxVo=), B51(A,fp/Hu2RUI/rn1gw3x1tmp3Mu47OE8F5ykzwmUDBSg9A=), B51(C,ZF4xvisZDb3cUj9k5vKFCGuZUZ2krNWdr4wqElLWIXg=)];1t;1c) for round 52
[2m2025-03-25T07:55:10.700180Z[0m [32m INFO[0m [1mnode[0m[1m{[0m[3mname[0m[2m=[0mk#8dcff6d1..[1m}[0m[2m:[0m [2mconsensus_core::core[0m[2m:[0m [2mconsensus/core/src/core.rs[0m[2m:[0m[2m531:[0m Created block B52(A,1OGBsFe2ObH8ol1RPZtlx9NwHWHZfLjhEduQ3mxZoLo=)(1742889310699ms;[B51(A,fp/Hu2RUI/rn1gw3x1tmp3Mu47OE8F5ykzwmUDBSg9A=), B51(B,QZaT2zR3y41U2GauuIemiXwI5a47mZNUHvIshbTPxVo=), B51(C,ZF4xvisZDb3cUj9k5vKFCGuZUZ2krNWdr4wqElLWIXg=)];1t;1c) for round 52
[2m2025-03-25T07:55:10.703447Z[0m [32m INFO[0m [1mnode[0m[1m{[0m[3mname[0m[2m=[0mk#addeef94..[1m}[0m[2m:[0m [2mconsensus_core::core[0m[2m:[0m [2mconsensus/core/src/core.rs[0m[2m:[0m[2m945:[0m Included 3 ancestors & excluded 0 ancestors for proposal in round 52
[2m2025-03-25T07:55:10.703745Z[0m [32m INFO[0m [1mnode[0m[1m{[0m[3mname[0m[2m=[0mk#addeef94..[1m}[0m[2m:[0m [2mconsensus_core::core[0m[2m:[0m [2mconsensus/core/src/core.rs[0m[2m:[0m[2m531:[0m Created block B52(C,+idncgK15g4GdX6yDJQwGrjdvF5nhPY+P1MWxgs+xGU=)(1742889310703ms;[B51(C,ZF4xvisZDb3cUj9k5vKFCGuZUZ2krNWdr4wqElLWIXg=), B51(A,fp/Hu2RUI/rn1gw3x1tmp3Mu47OE8F5ykzwmUDBSg9A=), B51(B,QZaT2zR3y41U2GauuIemiXwI5a47mZNUHvIshbTPxVo=)];1t;1c) for round 52
[2m2025-03-25T07:55:10.703812Z[0m [32m INFO[0m [1mnode[0m[1m{[0m[3mname[0m[2m=[0mk#addeef94..[1m}[0m[2m:[0m [2mconsensus_core::core[0m[2m:[0m [2mconsensus/core/src/core.rs[0m[2m:[0m[2m630:[0m Committing 1 leaders: B50(A,I6ie)
[2m2025-03-25T07:55:10.703879Z[0m [32m INFO[0m [1mnode[0m[1m{[0m[3mname[0m[2m=[0mk#addeef94..[1m}[0m[2m:[0m [2mconsensus_core::commit_observer[0m[2m:[0m [2mconsensus/core/src/commit_observer.rs[0m[2m:[0m[2m173:[0m Consensus commit C43(jLUy) with leader B50(A,I6ie) has 3 blocks
[2m2025-03-25T07:55:10.703962Z[0m [32m INFO[0m [1mnode[0m[1m{[0m[3mname[0m[2m=[0mk#addeef94..[1m}[0m[2m:[0m [2msui_core::consensus_handler[0m[2m:[0m [2mcrates/sui-core/src/consensus_handler.rs[0m[2m:[0m[2m232:[0m Received consensus output [3mconsensus_commit[0m[2m=[0mCommittedSubDag(leader=B50(A,I6ie), ref=C43(jLUy), blocks=[ytmM, rUuA, I6ie]) [3mepoch[0m[2m=[0m1
[2m2025-03-25T07:55:10.706984Z[0m [32m INFO[0m [1mnode[0m[1m{[0m[3mname[0m[2m=[0mk#99f25ef6..[1m}[0m[2m:[0m [2msui_core::checkpoints::checkpoint_output[0m[2m:[0m [2mcrates/sui-core/src/checkpoints/checkpoint_output.rs[0m[2m:[0m[2m196:[0m Certified checkpoint with sequence 255 and digest VP6idev8Yq1Lyae6ywrZU3RiKvGoRK2NdscxxRb2SuH
[2m2025-03-25T07:55:10.706987Z[0m [32m INFO[0m [1mnode[0m[1m{[0m[3mname[0m[2m=[0mk#8dcff6d1..[1m}[0m[2m:[0m [2msui_core::checkpoints::checkpoint_output[0m[2m:[0m [2mcrates/sui-core/src/checkpoints/checkpoint_output.rs[0m[2m:[0m[2m196:[0m Certified checkpoint with sequence 255 and digest VP6idev8Yq1Lyae6ywrZU3RiKvGoRK2NdscxxRb2SuH
[2m2025-03-25T07:55:10.707103Z[0m [32m INFO[0m [1mnode[0m[1m{[0m[3mname[0m[2m=[0mk#8dcff6d1..[1m}[0m[2m:[0m [2mconsensus_core::core[0m[2m:[0m [2mconsensus/core/src/core.rs[0m[2m:[0m[2m630:[0m Committing 1 leaders: B50(A,I6ie)
[2m2025-03-25T07:55:10.707113Z[0m [32m INFO[0m [1mnode[0m[1m{[0m[3mname[0m[2m=[0mk#99f25ef6..[1m}[0m[2m:[0m [2mconsensus_core::core[0m[2m:[0m [2mconsensus/core/src/core.rs[0m[2m:[0m[2m630:[0m Committing 1 leaders: B50(A,I6ie)
[2m2025-03-25T07:55:10.707205Z[0m [32m INFO[0m [1mnode[0m[1m{[0m[3mname[0m[2m=[0mk#8dcff6d1..[1m}[0m[2m:[0m [2mconsensus_core::commit_observer[0m[2m:[0m [2mconsensus/core/src/commit_observer.rs[0m[2m:[0m[2m173:[0m Consensus commit C43(jLUy) with leader B50(A,I6ie) has 3 blocks
[2m2025-03-25T07:55:10.707213Z[0m [32m INFO[0m [1mnode[0m[1m{[0m[3mname[0m[2m=[0mk#99f25ef6..[1m}[0m[2m:[0m [2mconsensus_core::commit_observer[0m[2m:[0m [2mconsensus/core/src/commit_observer.rs[0m[2m:[0m[2m173:[0m Consensus commit C43(jLUy) with leader B50(A,I6ie) has 3 blocks
[2m2025-03-25T07:55:10.707610Z[0m [32m INFO[0m [1mnode[0m[1m{[0m[3mname[0m[2m=[0mk#99f25ef6..[1m}[0m[2m:[0m [2msui_core::consensus_handler[0m[2m:[0m [2mcrates/sui-core/src/consensus_handler.rs[0m[2m:[0m[2m232:[0m Received consensus output [3mconsensus_commit[0m[2m=[0mCommittedSubDag(leader=B50(A,I6ie), ref=C43(jLUy), blocks=[ytmM, rUuA, I6ie]) [3mepoch[0m[2m=[0m1
[2m2025-03-25T07:55:10.707610Z[0m [32m INFO[0m [1mnode[0m[1m{[0m[3mname[0m[2m=[0mk#8dcff6d1..[1m}[0m[2m:[0m [2msui_core::consensus_handler[0m[2m:[0m [2mcrates/sui-core/src/consensus_handler.rs[0m[2m:[0m[2m232:[0m Received consensus output [3mconsensus_commit[0m[2m=[0mCommittedSubDag(leader=B50(A,I6ie), ref=C43(jLUy), blocks=[ytmM, rUuA, I6ie]) [3mepoch[0m[2m=[0m1
[2m2025-03-25T07:55:10.708186Z[0m [32m INFO[0m [1mnode[0m[1m{[0m[3mname[0m[2m=[0mk#8dcff6d1..[1m}[0m[2m:[0m [2msui_core::checkpoints::checkpoint_executor[0m[2m:[0m [2mcrates/sui-core/src/checkpoints/checkpoint_executor/mod.rs[0m[2m:[0m[2m332:[0m Received checkpoint summary from state sync [3msequence_number[0m[2m=[0m255
[2m2025-03-25T07:55:10.708186Z[0m [32m INFO[0m [1mnode[0m[1m{[0m[3mname[0m[2m=[0mk#99f25ef6..[1m}[0m[2m:[0m [2msui_core::checkpoints::checkpoint_executor[0m[2m:[0m [2mcrates/sui-core/src/checkpoints/checkpoint_executor/mod.rs[0m[2m:[0m[2m332:[0m Received checkpoint summary from state sync [3msequence_number[0m[2m=[0m255
[2m2025-03-25T07:55:10.709694Z[0m [32m INFO[0m [1mnode[0m[1m{[0m[3mname[0m[2m=[0mk#8dcff6d1..[1m}[0m[2m:[0m [2msui_core::state_accumulator[0m[2m:[0m [2mcrates/sui-core/src/state_accumulator.rs[0m[2m:[0m[2m675:[0m accumulating running root for checkpoint 255
[2m2025-03-25T07:55:10.709695Z[0m [32m INFO[0m [1mnode[0m[1m{[0m[3mname[0m[2m=[0mk#99f25ef6..[1m}[0m[2m:[0m [2msui_core::state_accumulator[0m[2m:[0m [2mcrates/sui-core/src/state_accumulator.rs[0m[2m:[0m[2m675:[0m accumulating running root for checkpoint 255
[2m2025-03-25T07:55:10.730514Z[0m [32m INFO[0m [1mnode[0m[1m{[0m[3mname[0m[2m=[0mk#addeef94..[1m}[0m[2m:[0m [2msui_core::checkpoints[0m[2m:[0m [2mcrates/sui-core/src/checkpoints/mod.rs[0m[2m:[0m[2m1326:[0m Creating checkpoint(s) for 2 transactions [3mnext_checkpoint_seq[0m[2m=[0m256 [3mcheckpoint_timestamp[0m[2m=[0m1742889310190
[2m2025-03-25T07:55:10.730823Z[0m [32m INFO[0m [1mnode[0m[1m{[0m[3mname[0m[2m=[0mk#addeef94..[1m}[0m[2m:[0m [2msui_core::checkpoints::checkpoint_output[0m[2m:[0m [2mcrates/sui-core/src/checkpoints/checkpoint_output.rs[0m[2m:[0m[2m149:[0m Creating checkpoint CheckpointDigest(8dciMGNBGf98hHkqZPuhNiZY9NtFHmMnzNcv6mckQwTT) at epoch 1, sequence 256, previous digest Some(CheckpointDigest(VP6idev8Yq1Lyae6ywrZU3RiKvGoRK2NdscxxRb2SuH)), transactions count 2, content digest CheckpointContentsDigest(G5WVrD3TUMUDaPSUhmAU6B5Rt3vPBATTbruroLK62B15), end_of_epoch_data None
[2m2025-03-25T07:55:10.731001Z[0m [32m INFO[0m [1mnode[0m[1m{[0m[3mname[0m[2m=[0mk#b3f3cbb4..[1m}[0m[2m:[0m [2msui_core::state_accumulator[0m[2m:[0m [2mcrates/sui-core/src/state_accumulator.rs[0m[2m:[0m[2m675:[0m accumulating running root for checkpoint 218
[2m2025-03-25T07:55:10.733425Z[0m [32m INFO[0m [1mnode[0m[1m{[0m[3mname[0m[2m=[0mk#addeef94..[1m}[0m[2m:[0m [2msui_core::checkpoints::checkpoint_executor[0m[2m:[0m [2mcrates/sui-core/src/checkpoints/checkpoint_executor/mod.rs[0m[2m:[0m[2m332:[0m Received checkpoint summary from state sync [3msequence_number[0m[2m=[0m255
[2m2025-03-25T07:55:10.734189Z[0m [32m INFO[0m [1mnode[0m[1m{[0m[3mname[0m[2m=[0mk#addeef94..[1m}[0m[2m:[0m [2msui_core::state_accumulator[0m[2m:[0m [2mcrates/sui-core/src/state_accumulator.rs[0m[2m:[0m[2m675:[0m accumulating running root for checkpoint 255
[2m2025-03-25T07:55:10.735187Z[0m [32m INFO[0m [1mnode[0m[1m{[0m[3mname[0m[2m=[0mk#8dcff6d1..[1m}[0m[2m:[0m [2msui_core::checkpoints[0m[2m:[0m [2mcrates/sui-core/src/checkpoints/mod.rs[0m[2m:[0m[2m1326:[0m Creating checkpoint(s) for 2 transactions [3mnext_checkpoint_seq[0m[2m=[0m256 [3mcheckpoint_timestamp[0m[2m=[0m1742889310190
[2m2025-03-25T07:55:10.735196Z[0m [32m INFO[0m [1mnode[0m[1m{[0m[3mname[0m[2m=[0mk#99f25ef6..[1m}[0m[2m:[0m [2msui_core::checkpoints[0m[2m:[0m [2mcrates/sui-core/src/checkpoints/mod.rs[0m[2m:[0m[2m1326:[0m Creating checkpoint(s) for 2 transactions [3mnext_checkpoint_seq[0m[2m=[0m256 [3mcheckpoint_timestamp[0m[2m=[0m1742889310190
[2m2025-03-25T07:55:10.735460Z[0m [32m INFO[0m [1mnode[0m[1m{[0m[3mname[0m[2m=[0mk#99f25ef6..[1m}[0m[2m:[0m [2msui_core::checkpoints::checkpoint_output[0m[2m:[0m [2mcrates/sui-core/src/checkpoints/checkpoint_output.rs[0m[2m:[0m[2m149:[0m Creating checkpoint CheckpointDigest(8dciMGNBGf98hHkqZPuhNiZY9NtFHmMnzNcv6mckQwTT) at epoch 1, sequence 256, previous digest Some(CheckpointDigest(VP6idev8Yq1Lyae6ywrZU3RiKvGoRK2NdscxxRb2SuH)), transactions count 2, content digest CheckpointContentsDigest(G5WVrD3TUMUDaPSUhmAU6B5Rt3vPBATTbruroLK62B15), end_of_epoch_data None
[2m2025-03-25T07:55:10.735460Z[0m [32m INFO[0m [1mnode[0m[1m{[0m[3mname[0m[2m=[0mk#8dcff6d1..[1m}[0m[2m:[0m [2msui_core::checkpoints::checkpoint_output[0m[2m:[0m [2mcrates/sui-core/src/checkpoints/checkpoint_output.rs[0m[2m:[0m[2m149:[0m Creating checkpoint CheckpointDigest(8dciMGNBGf98hHkqZPuhNiZY9NtFHmMnzNcv6mckQwTT) at epoch 1, sequence 256, previous digest Some(CheckpointDigest(VP6idev8Yq1Lyae6ywrZU3RiKvGoRK2NdscxxRb2SuH)), transactions count 2, content digest CheckpointContentsDigest(G5WVrD3TUMUDaPSUhmAU6B5Rt3vPBATTbruroLK62B15), end_of_epoch_data None
[2m2025-03-25T07:55:10.826800Z[0m [32m INFO[0m [1mnode[0m[1m{[0m[3mname[0m[2m=[0mk#b3f3cbb4..[1m}[0m[2m:[0m [2msui_core::state_accumulator[0m[2m:[0m [2mcrates/sui-core/src/state_accumulator.rs[0m[2m:[0m[2m675:[0m accumulating running root for checkpoint 219
[2m2025-03-25T07:55:10.906652Z[0m [32m INFO[0m [1mnode[0m[1m{[0m[3mname[0m[2m=[0mk#b3f3cbb4..[1m}[0m[2m:[0m [2msui_core::state_accumulator[0m[2m:[0m [2mcrates/sui-core/src/state_accumulator.rs[0m[2m:[0m[2m675:[0m accumulating running root for checkpoint 220
[2m2025-03-25T07:55:10.956782Z[0m [32m INFO[0m [1mnode[0m[1m{[0m[3mname[0m[2m=[0mk#addeef94..[1m}[0m[2m:[0m [2mconsensus_core::core[0m[2m:[0m [2mconsensus/core/src/core.rs[0m[2m:[0m[2m945:[0m Included 3 ancestors & excluded 0 ancestors for proposal in round 53
[2m2025-03-25T07:55:10.957125Z[0m [32m INFO[0m [1mnode[0m[1m{[0m[3mname[0m[2m=[0mk#addeef94..[1m}[0m[2m:[0m [2mconsensus_core::core[0m[2m:[0m [2mconsensus/core/src/core.rs[0m[2m:[0m[2m531:[0m Created block B53(C,nhH9qSWDASFhhAdB1CQ44sIKtk+FM1DJGks5cBTIZGc=)(1742889310956ms;[B52(C,+idncgK15g4GdX6yDJQwGrjdvF5nhPY+P1MWxgs+xGU=), B52(A,1OGBsFe2ObH8ol1RPZtlx9NwHWHZfLjhEduQ3mxZoLo=), B52(B,ZWawV/1Tn9MniqRvZaq+Av62wR0W3jamZOKGRnWx8NY=)];1t;1c) for round 53
[2m2025-03-25T07:55:10.958999Z[0m [32m INFO[0m [1mnode[0m[1m{[0m[3mname[0m[2m=[0mk#99f25ef6..[1m}[0m[2m:[0m [2mconsensus_core::core[0m[2m:[0m [2mconsensus/core/src/core.rs[0m[2m:[0m[2m945:[0m Included 3 ancestors & excluded 0 ancestors for proposal in round 53
[2m2025-03-25T07:55:10.959000Z[0m [32m INFO[0m [1mnode[0m[1m{[0m[3mname[0m[2m=[0mk#8dcff6d1..[1m}[0m[2m:[0m [2mconsensus_core::core[0m[2m:[0m [2mconsensus/core/src/core.rs[0m[2m:[0m[2m945:[0m Included 3 ancestors & excluded 0 ancestors for proposal in round 53
[2m2025-03-25T07:55:10.959279Z[0m [32m INFO[0m [1mnode[0m[1m{[0m[3mname[0m[2m=[0mk#99f25ef6..[1m}[0m[2m:[0m [2mconsensus_core::core[0m[2m:[0m [2mconsensus/core/src/core.rs[0m[2m:[0m[2m531:[0m Created block B53(B,K+lw4+25wj9csN+7gtH0dLNj4Bm0Ci0FAvLDQHOq5G4=)(1742889310959ms;[B52(B,ZWawV/1Tn9MniqRvZaq+Av62wR0W3jamZOKGRnWx8NY=), B52(A,1OGBsFe2ObH8ol1RPZtlx9NwHWHZfLjhEduQ3mxZoLo=), B52(C,+idncgK15g4GdX6yDJQwGrjdvF5nhPY+P1MWxgs+xGU=)];1t;1c) for round 53
[2m2025-03-25T07:55:10.959281Z[0m [32m INFO[0m [1mnode[0m[1m{[0m[3mname[0m[2m=[0mk#8dcff6d1..[1m}[0m[2m:[0m [2mconsensus_core::core[0m[2m:[0m [2mconsensus/core/src/core.rs[0m[2m:[0m[2m531:[0m Created block B53(A,+X0afZwvwuG9bLQtjaCov2fhPuxRVTo1N2Kca8UsF1M=)(1742889310959ms;[B52(A,1OGBsFe2ObH8ol1RPZtlx9NwHWHZfLjhEduQ3mxZoLo=), B52(B,ZWawV/1Tn9MniqRvZaq+Av62wR0W3jamZOKGRnWx8NY=), B52(C,+idncgK15g4GdX6yDJQwGrjdvF5nhPY+P1MWxgs+xGU=)];1t;1c) for round 53
[2m2025-03-25T07:55:10.959344Z[0m [32m INFO[0m [1mnode[0m[1m{[0m[3mname[0m[2m=[0mk#99f25ef6..[1m}[0m[2m:[0m [2mconsensus_core::core[0m[2m:[0m [2mconsensus/core/src/core.rs[0m[2m:[0m[2m630:[0m Committing 1 leaders: B51(A,fp/H)
[2m2025-03-25T07:55:10.959344Z[0m [32m INFO[0m [1mnode[0m[1m{[0m[3mname[0m[2m=[0mk#8dcff6d1..[1m}[0m[2m:[0m [2mconsensus_core::core[0m[2m:[0m [2mconsensus/core/src/core.rs[0m[2m:[0m[2m630:[0m Committing 1 leaders: B51(A,fp/H)
[2m2025-03-25T07:55:10.959414Z[0m [32m INFO[0m [1mnode[0m[1m{[0m[3mname[0m[2m=[0mk#99f25ef6..[1m}[0m[2m:[0m [2mconsensus_core::commit_observer[0m[2m:[0m [2mconsensus/core/src/commit_observer.rs[0m[2m:[0m[2m173:[0m Consensus commit C44(K1//) with leader B51(A,fp/H) has 3 blocks
[2m2025-03-25T07:55:10.959414Z[0m [32m INFO[0m [1mnode[0m[1m{[0m[3mname[0m[2m=[0mk#8dcff6d1..[1m}[0m[2m:[0m [2mconsensus_core::commit_observer[0m[2m:[0m [2mconsensus/core/src/commit_observer.rs[0m[2m:[0m[2m173:[0m Consensus commit C44(K1//) with leader B51(A,fp/H) has 3 blocks
[2m2025-03-25T07:55:10.959497Z[0m [32m INFO[0m [1mnode[0m[1m{[0m[3mname[0m[2m=[0mk#99f25ef6..[1m}[0m[2m:[0m [2msui_core::consensus_handler[0m[2m:[0m [2mcrates/sui-core/src/consensus_handler.rs[0m[2m:[0m[2m232:[0m Received consensus output [3mconsensus_commit[0m[2m=[0mCommittedSubDag(leader=B51(A,fp/H), ref=C44(K1//), blocks=[yeKN, 1hEe, fp/H]) [3mepoch[0m[2m=[0m1
[2m2025-03-25T07:55:10.959497Z[0m [32m INFO[0m [1mnode[0m[1m{[0m[3mname[0m[2m=[0mk#8dcff6d1..[1m}[0m[2m:[0m [2msui_core::consensus_handler[0m[2m:[0m [2mcrates/sui-core/src/consensus_handler.rs[0m[2m:[0m[2m232:[0m Received consensus output [3mconsensus_commit[0m[2m=[0mCommittedSubDag(leader=B51(A,fp/H), ref=C44(K1//), blocks=[yeKN, 1hEe, fp/H]) [3mepoch[0m[2m=[0m1
[2m2025-03-25T07:55:10.963095Z[0m [32m INFO[0m [1mnode[0m[1m{[0m[3mname[0m[2m=[0mk#addeef94..[1m}[0m[2m:[0m [2mconsensus_core::core[0m[2m:[0m [2mconsensus/core/src/core.rs[0m[2m:[0m[2m630:[0m Committing 1 leaders: B51(A,fp/H)
[2m2025-03-25T07:55:10.963182Z[0m [32m INFO[0m [1mnode[0m[1m{[0m[3mname[0m[2m=[0mk#addeef94..[1m}[0m[2m:[0m [2mconsensus_core::commit_observer[0m[2m:[0m [2mconsensus/core/src/commit_observer.rs[0m[2m:[0m[2m173:[0m Consensus commit C44(K1//) with leader B51(A,fp/H) has 3 blocks
[2m2025-03-25T07:55:10.963300Z[0m [32m INFO[0m [1mnode[0m[1m{[0m[3mname[0m[2m=[0mk#addeef94..[1m}[0m[2m:[0m [2msui_core::consensus_handler[0m[2m:[0m [2mcrates/sui-core/src/consensus_handler.rs[0m[2m:[0m[2m232:[0m Received consensus output [3mconsensus_commit[0m[2m=[0mCommittedSubDag(leader=B51(A,fp/H), ref=C44(K1//), blocks=[yeKN, 1hEe, fp/H]) [3mepoch[0m[2m=[0m1
[2m2025-03-25T07:55:10.998146Z[0m [32m INFO[0m [1mnode[0m[1m{[0m[3mname[0m[2m=[0mk#b3f3cbb4..[1m}[0m[2m:[0m [2msui_core::state_accumulator[0m[2m:[0m [2mcrates/sui-core/src/state_accumulator.rs[0m[2m:[0m[2m675:[0m accumulating running root for checkpoint 221
[2m2025-03-25T07:55:10.998490Z[0m [32m INFO[0m [1mnode[0m[1m{[0m[3mname[0m[2m=[0mk#b3f3cbb4..[1m}[0m[2m:[0m [2msui_core::checkpoints::checkpoint_executor[0m[2m:[0m [2mcrates/sui-core/src/checkpoints/checkpoint_executor/mod.rs[0m[2m:[0m[2m332:[0m Received checkpoint summary from state sync [3msequence_number[0m[2m=[0m252
[2m2025-03-25T07:55:10.998536Z[0m [32m INFO[0m [1mnode[0m[1m{[0m[3mname[0m[2m=[0mk#b3f3cbb4..[1m}[0m[2m:[0m [2msui_core::checkpoints::checkpoint_executor[0m[2m:[0m [2mcrates/sui-core/src/checkpoints/checkpoint_executor/mod.rs[0m[2m:[0m[2m332:[0m Received checkpoint summary from state sync [3msequence_number[0m[2m=[0m253
[2m2025-03-25T07:55:11.006002Z[0m [32m INFO[0m [1mnode[0m[1m{[0m[3mname[0m[2m=[0mk#8dcff6d1..[1m}[0m[2m:[0m [2msui_core::checkpoints[0m[2m:[0m [2mcrates/sui-core/src/checkpoints/mod.rs[0m[2m:[0m[2m1326:[0m Creating checkpoint(s) for 1 transactions [3mnext_checkpoint_seq[0m[2m=[0m257 [3mcheckpoint_timestamp[0m[2m=[0m1742889310446
[2m2025-03-25T07:55:11.006226Z[0m [32m INFO[0m [1mnode[0m[1m{[0m[3mname[0m[2m=[0mk#8dcff6d1..[1m}[0m[2m:[0m [2msui_core::checkpoints::checkpoint_output[0m[2m:[0m [2mcrates/sui-core/src/checkpoints/checkpoint_output.rs[0m[2m:[0m[2m149:[0m Creating checkpoint CheckpointDigest(BowqRWYAseb6bwE44bxuw44x5mqTvg9vaFY1zQxMWqe) at epoch 1, sequence 257, previous digest Some(CheckpointDigest(8dciMGNBGf98hHkqZPuhNiZY9NtFHmMnzNcv6mckQwTT)), transactions count 1, content digest CheckpointContentsDigest(42oBQPJDM4uP9jQ7dk9hS8wzBDgLrynU1SCcv2ma942i), end_of_epoch_data None
[2m2025-03-25T07:55:11.006391Z[0m [32m INFO[0m [1mnode[0m[1m{[0m[3mname[0m[2m=[0mk#99f25ef6..[1m}[0m[2m:[0m [2msui_core::checkpoints[0m[2m:[0m [2mcrates/sui-core/src/checkpoints/mod.rs[0m[2m:[0m[2m1326:[0m Creating checkpoint(s) for 1 transactions [3mnext_checkpoint_seq[0m[2m=[0m257 [3mcheckpoint_timestamp[0m[2m=[0m1742889310446
[2m2025-03-25T07:55:11.006557Z[0m [32m INFO[0m [1mnode[0m[1m{[0m[3mname[0m[2m=[0mk#99f25ef6..[1m}[0m[2m:[0m [2msui_core::checkpoints::checkpoint_output[0m[2m:[0m [2mcrates/sui-core/src/checkpoints/checkpoint_output.rs[0m[2m:[0m[2m149:[0m Creating checkpoint CheckpointDigest(BowqRWYAseb6bwE44bxuw44x5mqTvg9vaFY1zQxMWqe) at epoch 1, sequence 257, previous digest Some(CheckpointDigest(8dciMGNBGf98hHkqZPuhNiZY9NtFHmMnzNcv6mckQwTT)), transactions count 1, content digest CheckpointContentsDigest(42oBQPJDM4uP9jQ7dk9hS8wzBDgLrynU1SCcv2ma942i), end_of_epoch_data None
[2m2025-03-25T07:55:11.008067Z[0m [32m INFO[0m [1mnode[0m[1m{[0m[3mname[0m[2m=[0mk#addeef94..[1m}[0m[2m:[0m [2msui_core::checkpoints[0m[2m:[0m [2mcrates/sui-core/src/checkpoints/mod.rs[0m[2m:[0m[2m1326:[0m Creating checkpoint(s) for 1 transactions [3mnext_checkpoint_seq[0m[2m=[0m257 [3mcheckpoint_timestamp[0m[2m=[0m1742889310446
[2m2025-03-25T07:55:11.008231Z[0m [32m INFO[0m [1mnode[0m[1m{[0m[3mname[0m[2m=[0mk#addeef94..[1m}[0m[2m:[0m [2msui_core::checkpoints::checkpoint_output[0m[2m:[0m [2mcrates/sui-core/src/checkpoints/checkpoint_output.rs[0m[2m:[0m[2m149:[0m Creating checkpoint CheckpointDigest(BowqRWYAseb6bwE44bxuw44x5mqTvg9vaFY1zQxMWqe) at epoch 1, sequence 257, previous digest Some(CheckpointDigest(8dciMGNBGf98hHkqZPuhNiZY9NtFHmMnzNcv6mckQwTT)), transactions count 1, content digest CheckpointContentsDigest(42oBQPJDM4uP9jQ7dk9hS8wzBDgLrynU1SCcv2ma942i), end_of_epoch_data None
[2m2025-03-25T07:55:11.009374Z[0m [32m INFO[0m [1mnode[0m[1m{[0m[3mname[0m[2m=[0mk#8dcff6d1..[1m}[0m[2m:[0m [2msui_core::checkpoints::checkpoint_output[0m[2m:[0m [2mcrates/sui-core/src/checkpoints/checkpoint_output.rs[0m[2m:[0m[2m196:[0m Certified checkpoint with sequence 256 and digest 8dciMGNBGf98hHkqZPuhNiZY9NtFHmMnzNcv6mckQwTT
[2m2025-03-25T07:55:11.009481Z[0m [32m INFO[0m [1mnode[0m[1m{[0m[3mname[0m[2m=[0mk#99f25ef6..[1m}[0m[2m:[0m [2msui_core::checkpoints::checkpoint_output[0m[2m:[0m [2mcrates/sui-core/src/checkpoints/checkpoint_output.rs[0m[2m:[0m[2m196:[0m Certified checkpoint with sequence 256 and digest 8dciMGNBGf98hHkqZPuhNiZY9NtFHmMnzNcv6mckQwTT
[2m2025-03-25T07:55:11.012306Z[0m [32m INFO[0m [1mnode[0m[1m{[0m[3mname[0m[2m=[0mk#8dcff6d1..[1m}[0m[2m:[0m [2msui_core::checkpoints::checkpoint_executor[0m[2m:[0m [2mcrates/sui-core/src/checkpoints/checkpoint_executor/mod.rs[0m[2m:[0m[2m332:[0m Received checkpoint summary from state sync [3msequence_number[0m[2m=[0m256
[2m2025-03-25T07:55:11.012306Z[0m [32m INFO[0m [1mnode[0m[1m{[0m[3mname[0m[2m=[0mk#99f25ef6..[1m}[0m[2m:[0m [2msui_core::checkpoints::checkpoint_executor[0m[2m:[0m [2mcrates/sui-core/src/checkpoints/checkpoint_executor/mod.rs[0m[2m:[0m[2m332:[0m Received checkpoint summary from state sync [3msequence_number[0m[2m=[0m256
[2m2025-03-25T07:55:11.031168Z[0m [32m INFO[0m [1mnode[0m[1m{[0m[3mname[0m[2m=[0mk#99f25ef6..[1m}[0m[2m:[0m [2msui_core::state_accumulator[0m[2m:[0m [2mcrates/sui-core/src/state_accumulator.rs[0m[2m:[0m[2m675:[0m accumulating running root for checkpoint 256
[2m2025-03-25T07:55:11.031168Z[0m [32m INFO[0m [1mnode[0m[1m{[0m[3mname[0m[2m=[0mk#8dcff6d1..[1m}[0m[2m:[0m [2msui_core::state_accumulator[0m[2m:[0m [2mcrates/sui-core/src/state_accumulator.rs[0m[2m:[0m[2m675:[0m accumulating running root for checkpoint 256
[2m2025-03-25T07:55:11.075201Z[0m [32m INFO[0m [1mnode[0m[1m{[0m[3mname[0m[2m=[0mk#addeef94..[1m}[0m[2m:[0m [2msui_core::checkpoints::checkpoint_executor[0m[2m:[0m [2mcrates/sui-core/src/checkpoints/checkpoint_executor/mod.rs[0m[2m:[0m[2m332:[0m Received checkpoint summary from state sync [3msequence_number[0m[2m=[0m256
[2m2025-03-25T07:55:11.076528Z[0m [32m INFO[0m [1mnode[0m[1m{[0m[3mname[0m[2m=[0mk#addeef94..[1m}[0m[2m:[0m [2msui_core::state_accumulator[0m[2m:[0m [2mcrates/sui-core/src/state_accumulator.rs[0m[2m:[0m[2m675:[0m accumulating running root for checkpoint 256
[2m2025-03-25T07:55:11.081243Z[0m [32m INFO[0m [1mnode[0m[1m{[0m[3mname[0m[2m=[0mk#b3f3cbb4..[1m}[0m[2m:[0m [2msui_core::state_accumulator[0m[2m:[0m [2mcrates/sui-core/src/state_accumulator.rs[0m[2m:[0m[2m675:[0m accumulating running root for checkpoint 222
[2m2025-03-25T07:55:11.092774Z[0m [32m INFO[0m [1mnode[0m[1m{[0m[3mname[0m[2m=[0mk#b3f3cbb4..[1m}[0m[2m:[0m [2msui_core::state_accumulator[0m[2m:[0m [2mcrates/sui-core/src/state_accumulator.rs[0m[2m:[0m[2m675:[0m accumulating running root for checkpoint 223
[2m2025-03-25T07:55:11.093007Z[0m [32m INFO[0m [1mnode[0m[1m{[0m[3mname[0m[2m=[0mk#b3f3cbb4..[1m}[0m[2m:[0m [2msui_core::checkpoints::checkpoint_executor[0m[2m:[0m [2mcrates/sui-core/src/checkpoints/checkpoint_executor/mod.rs[0m[2m:[0m[2m332:[0m Received checkpoint summary from state sync [3msequence_number[0m[2m=[0m254
[2m2025-03-25T07:55:11.211410Z[0m [32m INFO[0m [1mnode[0m[1m{[0m[3mname[0m[2m=[0mk#8dcff6d1..[1m}[0m[2m:[0m [2mconsensus_core::core[0m[2m:[0m [2mconsensus/core/src/core.rs[0m[2m:[0m[2m945:[0m Included 3 ancestors & excluded 0 ancestors for proposal in round 54
[2m2025-03-25T07:55:11.211410Z[0m [32m INFO[0m [1mnode[0m[1m{[0m[3mname[0m[2m=[0mk#99f25ef6..[1m}[0m[2m:[0m [2mconsensus_core::core[0m[2m:[0m [2mconsensus/core/src/core.rs[0m[2m:[0m[2m945:[0m Included 3 ancestors & excluded 0 ancestors for proposal in round 54
[2m2025-03-25T07:55:11.211784Z[0m [32m INFO[0m [1mnode[0m[1m{[0m[3mname[0m[2m=[0mk#8dcff6d1..[1m}[0m[2m:[0m [2mconsensus_core::core[0m[2m:[0m [2mconsensus/core/src/core.rs[0m[2m:[0m[2m531:[0m Created block B54(A,psWmdpj8qhJHyEwOD9z0PZ3IVq4VwuqrpOvLQJHX0l8=)(1742889311211ms;[B53(A,+X0afZwvwuG9bLQtjaCov2fhPuxRVTo1N2Kca8UsF1M=), B53(B,K+lw4+25wj9csN+7gtH0dLNj4Bm0Ci0FAvLDQHOq5G4=), B53(C,nhH9qSWDASFhhAdB1CQ44sIKtk+FM1DJGks5cBTIZGc=)];1t;1c) for round 54
[2m2025-03-25T07:55:11.211784Z[0m [32m INFO[0m [1mnode[0m[1m{[0m[3mname[0m[2m=[0mk#99f25ef6..[1m}[0m[2m:[0m [2mconsensus_core::core[0m[2m:[0m [2mconsensus/core/src/core.rs[0m[2m:[0m[2m531:[0m Created block B54(B,9Ekjwnc5XzUB5xtM7fg4pA5W5FwNSWBaPOs4ixsuwmU=)(1742889311211ms;[B53(B,K+lw4+25wj9csN+7gtH0dLNj4Bm0Ci0FAvLDQHOq5G4=), B53(A,+X0afZwvwuG9bLQtjaCov2fhPuxRVTo1N2Kca8UsF1M=), B53(C,nhH9qSWDASFhhAdB1CQ44sIKtk+FM1DJGks5cBTIZGc=)];1t;1c) for round 54
[2m2025-03-25T07:55:11.215078Z[0m [32m INFO[0m [1mnode[0m[1m{[0m[3mname[0m[2m=[0mk#addeef94..[1m}[0m[2m:[0m [2mconsensus_core::core[0m[2m:[0m [2mconsensus/core/src/core.rs[0m[2m:[0m[2m945:[0m Included 3 ancestors & excluded 0 ancestors for proposal in round 54
[2m2025-03-25T07:55:11.215385Z[0m [32m INFO[0m [1mnode[0m[1m{[0m[3mname[0m[2m=[0mk#addeef94..[1m}[0m[2m:[0m [2mconsensus_core::core[0m[2m:[0m [2mconsensus/core/src/core.rs[0m[2m:[0m[2m531:[0m Created block B54(C,VL5NodYtZ/XmfsrpDg5vPYS8rDey7qGW6pdvYM0FcZY=)(1742889311215ms;[B53(C,nhH9qSWDASFhhAdB1CQ44sIKtk+FM1DJGks5cBTIZGc=), B53(A,+X0afZwvwuG9bLQtjaCov2fhPuxRVTo1N2Kca8UsF1M=), B53(B,K+lw4+25wj9csN+7gtH0dLNj4Bm0Ci0FAvLDQHOq5G4=)];1t;1c) for round 54
[2m2025-03-25T07:55:11.215454Z[0m [32m INFO[0m [1mnode[0m[1m{[0m[3mname[0m[2m=[0mk#addeef94..[1m}[0m[2m:[0m [2mconsensus_core::core[0m[2m:[0m [2mconsensus/core/src/core.rs[0m[2m:[0m[2m630:[0m Committing 1 leaders: B52(C,+idn)
[2m2025-03-25T07:55:11.215523Z[0m [32m INFO[0m [1mnode[0m[1m{[0m[3mname[0m[2m=[0mk#addeef94..[1m}[0m[2m:[0m [2mconsensus_core::commit_observer[0m[2m:[0m [2mconsensus/core/src/commit_observer.rs[0m[2m:[0m[2m173:[0m Consensus commit C45(yjEJ) with leader B52(C,+idn) has 3 blocks
[2m2025-03-25T07:55:11.215606Z[0m [32m INFO[0m [1mnode[0m[1m{[0m[3mname[0m[2m=[0mk#addeef94..[1m}[0m[2m:[0m [2msui_core::consensus_handler[0m[2m:[0m [2mcrates/sui-core/src/consensus_handler.rs[0m[2m:[0m[2m232:[0m Received consensus output [3mconsensus_commit[0m[2m=[0mCommittedSubDag(leader=B52(C,+idn), ref=C45(yjEJ), blocks=[QZaT, ZF4x, +idn]) [3mepoch[0m[2m=[0m1
[2m2025-03-25T07:55:11.218583Z[0m [32m INFO[0m [1mnode[0m[1m{[0m[3mname[0m[2m=[0mk#8dcff6d1..[1m}[0m[2m:[0m [2msui_core::checkpoints::checkpoint_output[0m[2m:[0m [2mcrates/sui-core/src/checkpoints/checkpoint_output.rs[0m[2m:[0m[2m196:[0m Certified checkpoint with sequence 257 and digest BowqRWYAseb6bwE44bxuw44x5mqTvg9vaFY1zQxMWqe
[2m2025-03-25T07:55:11.218588Z[0m [32m INFO[0m [1mnode[0m[1m{[0m[3mname[0m[2m=[0mk#99f25ef6..[1m}[0m[2m:[0m [2msui_core::checkpoints::checkpoint_output[0m[2m:[0m [2mcrates/sui-core/src/checkpoints/checkpoint_output.rs[0m[2m:[0m[2m196:[0m Certified checkpoint with sequence 257 and digest BowqRWYAseb6bwE44bxuw44x5mqTvg9vaFY1zQxMWqe
[2m2025-03-25T07:55:11.218688Z[0m [32m INFO[0m [1mnode[0m[1m{[0m[3mname[0m[2m=[0mk#8dcff6d1..[1m}[0m[2m:[0m [2mconsensus_core::core[0m[2m:[0m [2mconsensus/core/src/core.rs[0m[2m:[0m[2m630:[0m Committing 1 leaders: B52(C,+idn)
[2m2025-03-25T07:55:11.218693Z[0m [32m INFO[0m [1mnode[0m[1m{[0m[3mname[0m[2m=[0mk#99f25ef6..[1m}[0m[2m:[0m [2mconsensus_core::core[0m[2m:[0m [2mconsensus/core/src/core.rs[0m[2m:[0m[2m630:[0m Committing 1 leaders: B52(C,+idn)
[2m2025-03-25T07:55:11.218789Z[0m [32m INFO[0m [1mnode[0m[1m{[0m[3mname[0m[2m=[0mk#8dcff6d1..[1m}[0m[2m:[0m [2mconsensus_core::commit_observer[0m[2m:[0m [2mconsensus/core/src/commit_observer.rs[0m[2m:[0m[2m173:[0m Consensus commit C45(yjEJ) with leader B52(C,+idn) has 3 blocks
[2m2025-03-25T07:55:11.218797Z[0m [32m INFO[0m [1mnode[0m[1m{[0m[3mname[0m[2m=[0mk#99f25ef6..[1m}[0m[2m:[0m [2mconsensus_core::commit_observer[0m[2m:[0m [2mconsensus/core/src/commit_observer.rs[0m[2m:[0m[2m173:[0m Consensus commit C45(yjEJ) with leader B52(C,+idn) has 3 blocks
[2m2025-03-25T07:55:11.219183Z[0m [32m INFO[0m [1mnode[0m[1m{[0m[3mname[0m[2m=[0mk#8dcff6d1..[1m}[0m[2m:[0m [2msui_core::consensus_handler[0m[2m:[0m [2mcrates/sui-core/src/consensus_handler.rs[0m[2m:[0m[2m232:[0m Received consensus output [3mconsensus_commit[0m[2m=[0mCommittedSubDag(leader=B52(C,+idn), ref=C45(yjEJ), blocks=[QZaT, ZF4x, +idn]) [3mepoch[0m[2m=[0m1
[2m2025-03-25T07:55:11.219183Z[0m [32m INFO[0m [1mnode[0m[1m{[0m[3mname[0m[2m=[0mk#99f25ef6..[1m}[0m[2m:[0m [2msui_core::consensus_handler[0m[2m:[0m [2mcrates/sui-core/src/consensus_handler.rs[0m[2m:[0m[2m232:[0m Received consensus output [3mconsensus_commit[0m[2m=[0mCommittedSubDag(leader=B52(C,+idn), ref=C45(yjEJ), blocks=[QZaT, ZF4x, +idn]) [3mepoch[0m[2m=[0m1
[2m2025-03-25T07:55:11.219738Z[0m [32m INFO[0m [1mnode[0m[1m{[0m[3mname[0m[2m=[0mk#8dcff6d1..[1m}[0m[2m:[0m [2msui_core::checkpoints::checkpoint_executor[0m[2m:[0m [2mcrates/sui-core/src/checkpoints/checkpoint_executor/mod.rs[0m[2m:[0m[2m332:[0m Received checkpoint summary from state sync [3msequence_number[0m[2m=[0m257
[2m2025-03-25T07:55:11.219738Z[0m [32m INFO[0m [1mnode[0m[1m{[0m[3mname[0m[2m=[0mk#99f25ef6..[1m}[0m[2m:[0m [2msui_core::checkpoints::checkpoint_executor[0m[2m:[0m [2mcrates/sui-core/src/checkpoints/checkpoint_executor/mod.rs[0m[2m:[0m[2m332:[0m Received checkpoint summary from state sync [3msequence_number[0m[2m=[0m257
[2m2025-03-25T07:55:11.221253Z[0m [32m INFO[0m [1mnode[0m[1m{[0m[3mname[0m[2m=[0mk#8dcff6d1..[1m}[0m[2m:[0m [2msui_core::state_accumulator[0m[2m:[0m [2mcrates/sui-core/src/state_accumulator.rs[0m[2m:[0m[2m675:[0m accumulating running root for checkpoint 257
[2m2025-03-25T07:55:11.221253Z[0m [32m INFO[0m [1mnode[0m[1m{[0m[3mname[0m[2m=[0mk#99f25ef6..[1m}[0m[2m:[0m [2msui_core::state_accumulator[0m[2m:[0m [2mcrates/sui-core/src/state_accumulator.rs[0m[2m:[0m[2m675:[0m accumulating running root for checkpoint 257
[2m2025-03-25T07:55:11.242139Z[0m [32m INFO[0m [1mnode[0m[1m{[0m[3mname[0m[2m=[0mk#addeef94..[1m}[0m[2m:[0m [2msui_core::checkpoints[0m[2m:[0m [2mcrates/sui-core/src/checkpoints/mod.rs[0m[2m:[0m[2m1326:[0m Creating checkpoint(s) for 2 transactions [3mnext_checkpoint_seq[0m[2m=[0m258 [3mcheckpoint_timestamp[0m[2m=[0m1742889310703
[2m2025-03-25T07:55:11.242453Z[0m [32m INFO[0m [1mnode[0m[1m{[0m[3mname[0m[2m=[0mk#addeef94..[1m}[0m[2m:[0m [2msui_core::checkpoints::checkpoint_output[0m[2m:[0m [2mcrates/sui-core/src/checkpoints/checkpoint_output.rs[0m[2m:[0m[2m149:[0m Creating checkpoint CheckpointDigest(4qtire2RtziAWRgLzTNPeBkGcF7MTCGW6ARd6XwmCTQH) at epoch 1, sequence 258, previous digest Some(CheckpointDigest(BowqRWYAseb6bwE44bxuw44x5mqTvg9vaFY1zQxMWqe)), transactions count 2, content digest CheckpointContentsDigest(6j9nycch6gUV8fZqoySvQzM6RNPskdKS618xGhYUhyp), end_of_epoch_data None
[2m2025-03-25T07:55:11.245136Z[0m [32m INFO[0m [1mnode[0m[1m{[0m[3mname[0m[2m=[0mk#addeef94..[1m}[0m[2m:[0m [2msui_core::checkpoints::checkpoint_executor[0m[2m:[0m [2mcrates/sui-core/src/checkpoints/checkpoint_executor/mod.rs[0m[2m:[0m[2m332:[0m Received checkpoint summary from state sync [3msequence_number[0m[2m=[0m257
[2m2025-03-25T07:55:11.245974Z[0m [32m INFO[0m [1mnode[0m[1m{[0m[3mname[0m[2m=[0mk#addeef94..[1m}[0m[2m:[0m [2msui_core::state_accumulator[0m[2m:[0m [2mcrates/sui-core/src/state_accumulator.rs[0m[2m:[0m[2m675:[0m accumulating running root for checkpoint 257
[2m2025-03-25T07:55:11.246645Z[0m [32m INFO[0m [1mnode[0m[1m{[0m[3mname[0m[2m=[0mk#99f25ef6..[1m}[0m[2m:[0m [2msui_core::checkpoints[0m[2m:[0m [2mcrates/sui-core/src/checkpoints/mod.rs[0m[2m:[0m[2m1326:[0m Creating checkpoint(s) for 2 transactions [3mnext_checkpoint_seq[0m[2m=[0m258 [3mcheckpoint_timestamp[0m[2m=[0m1742889310703
[2m2025-03-25T07:55:11.246888Z[0m [32m INFO[0m [1mnode[0m[1m{[0m[3mname[0m[2m=[0mk#8dcff6d1..[1m}[0m[2m:[0m [2msui_core::checkpoints[0m[2m:[0m [2mcrates/sui-core/src/checkpoints/mod.rs[0m[2m:[0m[2m1326:[0m Creating checkpoint(s) for 2 transactions [3mnext_checkpoint_seq[0m[2m=[0m258 [3mcheckpoint_timestamp[0m[2m=[0m1742889310703
[2m2025-03-25T07:55:11.246911Z[0m [32m INFO[0m [1mnode[0m[1m{[0m[3mname[0m[2m=[0mk#99f25ef6..[1m}[0m[2m:[0m [2msui_core::checkpoints::checkpoint_output[0m[2m:[0m [2mcrates/sui-core/src/checkpoints/checkpoint_output.rs[0m[2m:[0m[2m149:[0m Creating checkpoint CheckpointDigest(4qtire2RtziAWRgLzTNPeBkGcF7MTCGW6ARd6XwmCTQH) at epoch 1, sequence 258, previous digest Some(CheckpointDigest(BowqRWYAseb6bwE44bxuw44x5mqTvg9vaFY1zQxMWqe)), transactions count 2, content digest CheckpointContentsDigest(6j9nycch6gUV8fZqoySvQzM6RNPskdKS618xGhYUhyp), end_of_epoch_data None
[2m2025-03-25T07:55:11.247130Z[0m [32m INFO[0m [1mnode[0m[1m{[0m[3mname[0m[2m=[0mk#8dcff6d1..[1m}[0m[2m:[0m [2msui_core::checkpoints::checkpoint_output[0m[2m:[0m [2mcrates/sui-core/src/checkpoints/checkpoint_output.rs[0m[2m:[0m[2m149:[0m Creating checkpoint CheckpointDigest(4qtire2RtziAWRgLzTNPeBkGcF7MTCGW6ARd6XwmCTQH) at epoch 1, sequence 258, previous digest Some(CheckpointDigest(BowqRWYAseb6bwE44bxuw44x5mqTvg9vaFY1zQxMWqe)), transactions count 2, content digest CheckpointContentsDigest(6j9nycch6gUV8fZqoySvQzM6RNPskdKS618xGhYUhyp), end_of_epoch_data None
[2m2025-03-25T07:55:11.258875Z[0m [32m INFO[0m [1mnode[0m[1m{[0m[3mname[0m[2m=[0mk#b3f3cbb4..[1m}[0m[2m:[0m [2msui_core::state_accumulator[0m[2m:[0m [2mcrates/sui-core/src/state_accumulator.rs[0m[2m:[0m[2m675:[0m accumulating running root for checkpoint 224
[2m2025-03-25T07:55:11.303986Z[0m [32m INFO[0m [1mnode[0m[1m{[0m[3mname[0m[2m=[0mk#8dcff6d1..[1m}[0m[2m:[0m [2mconsensus_core::commit_syncer[0m[2m:[0m [2mconsensus/core/src/commit_syncer.rs[0m[2m:[0m[2m196:[0m Checking to schedule fetches: synced_commit_index=45, highest_handled_index=45, highest_scheduled_index=0, quorum_commit_index=44, unhandled_commits_threshold=3200
[2m2025-03-25T07:55:11.328054Z[0m [32m INFO[0m [1mnode[0m[1m{[0m[3mname[0m[2m=[0mk#addeef94..[1m}[0m[2m:[0m [2mconsensus_core::commit_syncer[0m[2m:[0m [2mconsensus/core/src/commit_syncer.rs[0m[2m:[0m[2m196:[0m Checking to schedule fetches: synced_commit_index=45, highest_handled_index=45, highest_scheduled_index=0, quorum_commit_index=0, unhandled_commits_threshold=3200
[2m2025-03-25T07:55:11.331041Z[0m [32m INFO[0m [1mnode[0m[1m{[0m[3mname[0m[2m=[0mk#99f25ef6..[1m}[0m[2m:[0m [2mconsensus_core::commit_syncer[0m[2m:[0m [2mconsensus/core/src/commit_syncer.rs[0m[2m:[0m[2m196:[0m Checking to schedule fetches: synced_commit_index=45, highest_handled_index=45, highest_scheduled_index=0, quorum_commit_index=44, unhandled_commits_threshold=3200
[2m2025-03-25T07:55:11.347923Z[0m [32m INFO[0m [1mnode[0m[1m{[0m[3mname[0m[2m=[0mk#b3f3cbb4..[1m}[0m[2m:[0m [2msui_core::state_accumulator[0m[2m:[0m [2mcrates/sui-core/src/state_accumulator.rs[0m[2m:[0m[2m675:[0m accumulating running root for checkpoint 225
[2m2025-03-25T07:55:11.350695Z[0m [32m INFO[0m [1mnode[0m[1m{[0m[3mname[0m[2m=[0mk#b3f3cbb4..[1m}[0m[2m:[0m [2msui_core::checkpoints::checkpoint_executor[0m[2m:[0m [2mcrates/sui-core/src/checkpoints/checkpoint_executor/mod.rs[0m[2m:[0m[2m332:[0m Received checkpoint summary from state sync [3msequence_number[0m[2m=[0m255
[2m2025-03-25T07:55:11.350986Z[0m [32m INFO[0m [1mnode[0m[1m{[0m[3mname[0m[2m=[0mk#b3f3cbb4..[1m}[0m[2m:[0m [2msui_core::state_accumulator[0m[2m:[0m [2mcrates/sui-core/src/state_accumulator.rs[0m[2m:[0m[2m675:[0m accumulating running root for checkpoint 226
[2m2025-03-25T07:55:11.468101Z[0m [32m INFO[0m [1mnode[0m[1m{[0m[3mname[0m[2m=[0mk#addeef94..[1m}[0m[2m:[0m [2mconsensus_core::core[0m[2m:[0m [2mconsensus/core/src/core.rs[0m[2m:[0m[2m945:[0m Included 3 ancestors & excluded 0 ancestors for proposal in round 55
[2m2025-03-25T07:55:11.468446Z[0m [32m INFO[0m [1mnode[0m[1m{[0m[3mname[0m[2m=[0mk#addeef94..[1m}[0m[2m:[0m [2mconsensus_core::core[0m[2m:[0m [2mconsensus/core/src/core.rs[0m[2m:[0m[2m531:[0m Created block B55(C,S6CdVquDRbGeY+j3ChPcw3PII/M52MKMY8mrtIZgN7I=)(1742889311468ms;[B54(C,VL5NodYtZ/XmfsrpDg5vPYS8rDey7qGW6pdvYM0FcZY=), B54(A,psWmdpj8qhJHyEwOD9z0PZ3IVq4VwuqrpOvLQJHX0l8=), B54(B,9Ekjwnc5XzUB5xtM7fg4pA5W5FwNSWBaPOs4ixsuwmU=)];1t;1c) for round 55
[2m2025-03-25T07:55:11.470362Z[0m [32m INFO[0m [1mnode[0m[1m{[0m[3mname[0m[2m=[0mk#8dcff6d1..[1m}[0m[2m:[0m [2mconsensus_core::core[0m[2m:[0m [2mconsensus/core/src/core.rs[0m[2m:[0m[2m945:[0m Included 3 ancestors & excluded 0 ancestors for proposal in round 55
[2m2025-03-25T07:55:11.470362Z[0m [32m INFO[0m [1mnode[0m[1m{[0m[3mname[0m[2m=[0mk#99f25ef6..[1m}[0m[2m:[0m [2mconsensus_core::core[0m[2m:[0m [2mconsensus/core/src/core.rs[0m[2m:[0m[2m945:[0m Included 3 ancestors & excluded 0 ancestors for proposal in round 55
[2m2025-03-25T07:55:11.470651Z[0m [32m INFO[0m [1mnode[0m[1m{[0m[3mname[0m[2m=[0mk#8dcff6d1..[1m}[0m[2m:[0m [2mconsensus_core::core[0m[2m:[0m [2mconsensus/core/src/core.rs[0m[2m:[0m[2m531:[0m Created block B55(A,K0W0pzQE/9IPu3BJZjH/ohIMISwlA81qylkFlpt2aSA=)(1742889311470ms;[B54(A,psWmdpj8qhJHyEwOD9z0PZ3IVq4VwuqrpOvLQJHX0l8=), B54(B,9Ekjwnc5XzUB5xtM7fg4pA5W5FwNSWBaPOs4ixsuwmU=), B54(C,VL5NodYtZ/XmfsrpDg5vPYS8rDey7qGW6pdvYM0FcZY=)];1t;1c) for round 55
[2m2025-03-25T07:55:11.470651Z[0m [32m INFO[0m [1mnode[0m[1m{[0m[3mname[0m[2m=[0mk#99f25ef6..[1m}[0m[2m:[0m [2mconsensus_core::core[0m[2m:[0m [2mconsensus/core/src/core.rs[0m[2m:[0m[2m531:[0m Created block B55(B,sZT9mLqdkiQbt9k4cX418Ue8vyQHPV7Viic7OZ76opk=)(1742889311470ms;[B54(B,9Ekjwnc5XzUB5xtM7fg4pA5W5FwNSWBaPOs4ixsuwmU=), B54(A,psWmdpj8qhJHyEwOD9z0PZ3IVq4VwuqrpOvLQJHX0l8=), B54(C,VL5NodYtZ/XmfsrpDg5vPYS8rDey7qGW6pdvYM0FcZY=)];1t;1c) for round 55
[2m2025-03-25T07:55:11.470721Z[0m [32m INFO[0m [1mnode[0m[1m{[0m[3mname[0m[2m=[0mk#99f25ef6..[1m}[0m[2m:[0m [2mconsensus_core::core[0m[2m:[0m [2mconsensus/core/src/core.rs[0m[2m:[0m[2m630:[0m Committing 1 leaders: B53(B,K+lw)
[2m2025-03-25T07:55:11.470721Z[0m [32m INFO[0m [1mnode[0m[1m{[0m[3mname[0m[2m=[0mk#8dcff6d1..[1m}[0m[2m:[0m [2mconsensus_core::core[0m[2m:[0m [2mconsensus/core/src/core.rs[0m[2m:[0m[2m630:[0m Committing 1 leaders: B53(B,K+lw)
[2m2025-03-25T07:55:11.470792Z[0m [32m INFO[0m [1mnode[0m[1m{[0m[3mname[0m[2m=[0mk#8dcff6d1..[1m}[0m[2m:[0m [2mconsensus_core::commit_observer[0m[2m:[0m [2mconsensus/core/src/commit_observer.rs[0m[2m:[0m[2m173:[0m Consensus commit C46(4Mf0) with leader B53(B,K+lw) has 3 blocks
[2m2025-03-25T07:55:11.470792Z[0m [32m INFO[0m [1mnode[0m[1m{[0m[3mname[0m[2m=[0mk#99f25ef6..[1m}[0m[2m:[0m [2mconsensus_core::commit_observer[0m[2m:[0m [2mconsensus/core/src/commit_observer.rs[0m[2m:[0m[2m173:[0m Consensus commit C46(4Mf0) with leader B53(B,K+lw) has 3 blocks
[2m2025-03-25T07:55:11.470880Z[0m [32m INFO[0m [1mnode[0m[1m{[0m[3mname[0m[2m=[0mk#8dcff6d1..[1m}[0m[2m:[0m [2msui_core::consensus_handler[0m[2m:[0m [2mcrates/sui-core/src/consensus_handler.rs[0m[2m:[0m[2m232:[0m Received consensus output [3mconsensus_commit[0m[2m=[0mCommittedSubDag(leader=B53(B,K+lw), ref=C46(4Mf0), blocks=[1OGB, ZWaw, K+lw]) [3mepoch[0m[2m=[0m1
[2m2025-03-25T07:55:11.470880Z[0m [32m INFO[0m [1mnode[0m[1m{[0m[3mname[0m[2m=[0mk#99f25ef6..[1m}[0m[2m:[0m [2msui_core::consensus_handler[0m[2m:[0m [2mcrates/sui-core/src/consensus_handler.rs[0m[2m:[0m[2m232:[0m Received consensus output [3mconsensus_commit[0m[2m=[0mCommittedSubDag(leader=B53(B,K+lw), ref=C46(4Mf0), blocks=[1OGB, ZWaw, K+lw]) [3mepoch[0m[2m=[0m1
[2m2025-03-25T07:55:11.474510Z[0m [32m INFO[0m [1mnode[0m[1m{[0m[3mname[0m[2m=[0mk#addeef94..[1m}[0m[2m:[0m [2mconsensus_core::core[0m[2m:[0m [2mconsensus/core/src/core.rs[0m[2m:[0m[2m630:[0m Committing 1 leaders: B53(B,K+lw)
[2m2025-03-25T07:55:11.474602Z[0m [32m INFO[0m [1mnode[0m[1m{[0m[3mname[0m[2m=[0mk#addeef94..[1m}[0m[2m:[0m [2mconsensus_core::commit_observer[0m[2m:[0m [2mconsensus/core/src/commit_observer.rs[0m[2m:[0m[2m173:[0m Consensus commit C46(4Mf0) with leader B53(B,K+lw) has 3 blocks
[2m2025-03-25T07:55:11.474722Z[0m [32m INFO[0m [1mnode[0m[1m{[0m[3mname[0m[2m=[0mk#addeef94..[1m}[0m[2m:[0m [2msui_core::consensus_handler[0m[2m:[0m [2mcrates/sui-core/src/consensus_handler.rs[0m[2m:[0m[2m232:[0m Received consensus output [3mconsensus_commit[0m[2m=[0mCommittedSubDag(leader=B53(B,K+lw), ref=C46(4Mf0), blocks=[1OGB, ZWaw, K+lw]) [3mepoch[0m[2m=[0m1
[2m2025-03-25T07:55:11.516463Z[0m [32m INFO[0m [1mnode[0m[1m{[0m[3mname[0m[2m=[0mk#8dcff6d1..[1m}[0m[2m:[0m [2msui_core::checkpoints[0m[2m:[0m [2mcrates/sui-core/src/checkpoints/mod.rs[0m[2m:[0m[2m1326:[0m Creating checkpoint(s) for 1 transactions [3mnext_checkpoint_seq[0m[2m=[0m259 [3mcheckpoint_timestamp[0m[2m=[0m1742889310959
[2m2025-03-25T07:55:11.516656Z[0m [32m INFO[0m [1mnode[0m[1m{[0m[3mname[0m[2m=[0mk#99f25ef6..[1m}[0m[2m:[0m [2msui_core::checkpoints[0m[2m:[0m [2mcrates/sui-core/src/checkpoints/mod.rs[0m[2m:[0m[2m1326:[0m Creating checkpoint(s) for 1 transactions [3mnext_checkpoint_seq[0m[2m=[0m259 [3mcheckpoint_timestamp[0m[2m=[0m1742889310959
[2m2025-03-25T07:55:11.516697Z[0m [32m INFO[0m [1mnode[0m[1m{[0m[3mname[0m[2m=[0mk#8dcff6d1..[1m}[0m[2m:[0m [2msui_core::checkpoints::checkpoint_output[0m[2m:[0m [2mcrates/sui-core/src/checkpoints/checkpoint_output.rs[0m[2m:[0m[2m149:[0m Creating checkpoint CheckpointDigest(81cyqZFfCwUDwJM98kuoTsXNjz58vwpq43ypZ4tG7tDj) at epoch 1, sequence 259, previous digest Some(CheckpointDigest(4qtire2RtziAWRgLzTNPeBkGcF7MTCGW6ARd6XwmCTQH)), transactions count 1, content digest CheckpointContentsDigest(FuMK3ws9pTseKD5US68PRSp2HKtqKARHuA3f8dsHidiF), end_of_epoch_data None
[2m2025-03-25T07:55:11.516822Z[0m [32m INFO[0m [1mnode[0m[1m{[0m[3mname[0m[2m=[0mk#99f25ef6..[1m}[0m[2m:[0m [2msui_core::checkpoints::checkpoint_output[0m[2m:[0m [2mcrates/sui-core/src/checkpoints/checkpoint_output.rs[0m[2m:[0m[2m149:[0m Creating checkpoint CheckpointDigest(81cyqZFfCwUDwJM98kuoTsXNjz58vwpq43ypZ4tG7tDj) at epoch 1, sequence 259, previous digest Some(CheckpointDigest(4qtire2RtziAWRgLzTNPeBkGcF7MTCGW6ARd6XwmCTQH)), transactions count 1, content digest CheckpointContentsDigest(FuMK3ws9pTseKD5US68PRSp2HKtqKARHuA3f8dsHidiF), end_of_epoch_data None
[2m2025-03-25T07:55:11.518822Z[0m [32m INFO[0m [1mnode[0m[1m{[0m[3mname[0m[2m=[0mk#addeef94..[1m}[0m[2m:[0m [2msui_core::checkpoints[0m[2m:[0m [2mcrates/sui-core/src/checkpoints/mod.rs[0m[2m:[0m[2m1326:[0m Creating checkpoint(s) for 1 transactions [3mnext_checkpoint_seq[0m[2m=[0m259 [3mcheckpoint_timestamp[0m[2m=[0m1742889310959
[2m2025-03-25T07:55:11.518993Z[0m [32m INFO[0m [1mnode[0m[1m{[0m[3mname[0m[2m=[0mk#addeef94..[1m}[0m[2m:[0m [2msui_core::checkpoints::checkpoint_output[0m[2m:[0m [2mcrates/sui-core/src/checkpoints/checkpoint_output.rs[0m[2m:[0m[2m149:[0m Creating checkpoint CheckpointDigest(81cyqZFfCwUDwJM98kuoTsXNjz58vwpq43ypZ4tG7tDj) at epoch 1, sequence 259, previous digest Some(CheckpointDigest(4qtire2RtziAWRgLzTNPeBkGcF7MTCGW6ARd6XwmCTQH)), transactions count 1, content digest CheckpointContentsDigest(FuMK3ws9pTseKD5US68PRSp2HKtqKARHuA3f8dsHidiF), end_of_epoch_data None
[2m2025-03-25T07:55:11.519817Z[0m [32m INFO[0m [1mnode[0m[1m{[0m[3mname[0m[2m=[0mk#99f25ef6..[1m}[0m[2m:[0m [2msui_core::checkpoints::checkpoint_output[0m[2m:[0m [2mcrates/sui-core/src/checkpoints/checkpoint_output.rs[0m[2m:[0m[2m196:[0m Certified checkpoint with sequence 258 and digest 4qtire2RtziAWRgLzTNPeBkGcF7MTCGW6ARd6XwmCTQH
[2m2025-03-25T07:55:11.519824Z[0m [32m INFO[0m [1mnode[0m[1m{[0m[3mname[0m[2m=[0mk#8dcff6d1..[1m}[0m[2m:[0m [2msui_core::checkpoints::checkpoint_output[0m[2m:[0m [2mcrates/sui-core/src/checkpoints/checkpoint_output.rs[0m[2m:[0m[2m196:[0m Certified checkpoint with sequence 258 and digest 4qtire2RtziAWRgLzTNPeBkGcF7MTCGW6ARd6XwmCTQH
[2m2025-03-25T07:55:11.521272Z[0m [32m INFO[0m [1mnode[0m[1m{[0m[3mname[0m[2m=[0mk#b3f3cbb4..[1m}[0m[2m:[0m [2msui_core::state_accumulator[0m[2m:[0m [2mcrates/sui-core/src/state_accumulator.rs[0m[2m:[0m[2m675:[0m accumulating running root for checkpoint 227
[2m2025-03-25T07:55:11.523441Z[0m [32m INFO[0m [1mnode[0m[1m{[0m[3mname[0m[2m=[0mk#99f25ef6..[1m}[0m[2m:[0m [2msui_core::checkpoints::checkpoint_executor[0m[2m:[0m [2mcrates/sui-core/src/checkpoints/checkpoint_executor/mod.rs[0m[2m:[0m[2m332:[0m Received checkpoint summary from state sync [3msequence_number[0m[2m=[0m258
[2m2025-03-25T07:55:11.523446Z[0m [32m INFO[0m [1mnode[0m[1m{[0m[3mname[0m[2m=[0mk#8dcff6d1..[1m}[0m[2m:[0m [2msui_core::checkpoints::checkpoint_executor[0m[2m:[0m [2mcrates/sui-core/src/checkpoints/checkpoint_executor/mod.rs[0m[2m:[0m[2m332:[0m Received checkpoint summary from state sync [3msequence_number[0m[2m=[0m258
[2m2025-03-25T07:55:11.543400Z[0m [32m INFO[0m [1mnode[0m[1m{[0m[3mname[0m[2m=[0mk#99f25ef6..[1m}[0m[2m:[0m [2msui_core::state_accumulator[0m[2m:[0m [2mcrates/sui-core/src/state_accumulator.rs[0m[2m:[0m[2m675:[0m accumulating running root for checkpoint 258
[2m2025-03-25T07:55:11.543398Z[0m [32m INFO[0m [1mnode[0m[1m{[0m[3mname[0m[2m=[0mk#8dcff6d1..[1m}[0m[2m:[0m [2msui_core::state_accumulator[0m[2m:[0m [2mcrates/sui-core/src/state_accumulator.rs[0m[2m:[0m[2m675:[0m accumulating running root for checkpoint 258
[2m2025-03-25T07:55:11.587818Z[0m [32m INFO[0m [1mnode[0m[1m{[0m[3mname[0m[2m=[0mk#addeef94..[1m}[0m[2m:[0m [2msui_core::checkpoints::checkpoint_executor[0m[2m:[0m [2mcrates/sui-core/src/checkpoints/checkpoint_executor/mod.rs[0m[2m:[0m[2m332:[0m Received checkpoint summary from state sync [3msequence_number[0m[2m=[0m258
[2m2025-03-25T07:55:11.589141Z[0m [32m INFO[0m [1mnode[0m[1m{[0m[3mname[0m[2m=[0mk#addeef94..[1m}[0m[2m:[0m [2msui_core::state_accumulator[0m[2m:[0m [2mcrates/sui-core/src/state_accumulator.rs[0m[2m:[0m[2m675:[0m accumulating running root for checkpoint 258
[2m2025-03-25T07:55:11.613616Z[0m [32m INFO[0m [1mnode[0m[1m{[0m[3mname[0m[2m=[0mk#b3f3cbb4..[1m}[0m[2m:[0m [2msui_core::state_accumulator[0m[2m:[0m [2mcrates/sui-core/src/state_accumulator.rs[0m[2m:[0m[2m675:[0m accumulating running root for checkpoint 228
[2m2025-03-25T07:55:11.691596Z[0m [32m INFO[0m [1mnode[0m[1m{[0m[3mname[0m[2m=[0mk#b3f3cbb4..[1m}[0m[2m:[0m [2msui_core::state_accumulator[0m[2m:[0m [2mcrates/sui-core/src/state_accumulator.rs[0m[2m:[0m[2m675:[0m accumulating running root for checkpoint 229
[2m2025-03-25T07:55:11.722707Z[0m [32m INFO[0m [1mnode[0m[1m{[0m[3mname[0m[2m=[0mk#99f25ef6..[1m}[0m[2m:[0m [2mconsensus_core::core[0m[2m:[0m [2mconsensus/core/src/core.rs[0m[2m:[0m[2m945:[0m Included 3 ancestors & excluded 0 ancestors for proposal in round 56
[2m2025-03-25T07:55:11.723061Z[0m [32m INFO[0m [1mnode[0m[1m{[0m[3mname[0m[2m=[0mk#99f25ef6..[1m}[0m[2m:[0m [2mconsensus_core::core[0m[2m:[0m [2mconsensus/core/src/core.rs[0m[2m:[0m[2m531:[0m Created block B56(B,QVgSDCcffI+31Hs9u10MorebqURHUih8t+ICJMiTBT8=)(1742889311722ms;[B55(B,sZT9mLqdkiQbt9k4cX418Ue8vyQHPV7Viic7OZ76opk=), B55(A,K0W0pzQE/9IPu3BJZjH/ohIMISwlA81qylkFlpt2aSA=), B55(C,S6CdVquDRbGeY+j3ChPcw3PII/M52MKMY8mrtIZgN7I=)];1t;1c) for round 56
[2m2025-03-25T07:55:11.724669Z[0m [32m INFO[0m [1mnode[0m[1m{[0m[3mname[0m[2m=[0mk#8dcff6d1..[1m}[0m[2m:[0m [2mconsensus_core::core[0m[2m:[0m [2mconsensus/core/src/core.rs[0m[2m:[0m[2m945:[0m Included 3 ancestors & excluded 0 ancestors for proposal in round 56
[2m2025-03-25T07:55:11.724957Z[0m [32m INFO[0m [1mnode[0m[1m{[0m[3mname[0m[2m=[0mk#8dcff6d1..[1m}[0m[2m:[0m [2mconsensus_core::core[0m[2m:[0m [2mconsensus/core/src/core.rs[0m[2m:[0m[2m531:[0m Created block B56(A,mBlsLGW5fndsx247zIf3+ytC3rmBqMkcP5X187N954I=)(1742889311724ms;[B55(A,K0W0pzQE/9IPu3BJZjH/ohIMISwlA81qylkFlpt2aSA=), B55(B,sZT9mLqdkiQbt9k4cX418Ue8vyQHPV7Viic7OZ76opk=), B55(C,S6CdVquDRbGeY+j3ChPcw3PII/M52MKMY8mrtIZgN7I=)];1t;1c) for round 56
[2m2025-03-25T07:55:11.725001Z[0m [32m INFO[0m [1mnode[0m[1m{[0m[3mname[0m[2m=[0mk#addeef94..[1m}[0m[2m:[0m [2mconsensus_core::core[0m[2m:[0m [2mconsensus/core/src/core.rs[0m[2m:[0m[2m945:[0m Included 3 ancestors & excluded 0 ancestors for proposal in round 56
[2m2025-03-25T07:55:11.725379Z[0m [32m INFO[0m [1mnode[0m[1m{[0m[3mname[0m[2m=[0mk#addeef94..[1m}[0m[2m:[0m [2mconsensus_core::core[0m[2m:[0m [2mconsensus/core/src/core.rs[0m[2m:[0m[2m531:[0m Created block B56(C,u6tdZMWKAumvT+YYGrBPzHmCW6SrZSoTARGiw0Eti3I=)(1742889311725ms;[B55(C,S6CdVquDRbGeY+j3ChPcw3PII/M52MKMY8mrtIZgN7I=), B55(A,K0W0pzQE/9IPu3BJZjH/ohIMISwlA81qylkFlpt2aSA=), B55(B,sZT9mLqdkiQbt9k4cX418Ue8vyQHPV7Viic7OZ76opk=)];2t;1c) for round 56
[2m2025-03-25T07:55:11.725447Z[0m [32m INFO[0m [1mnode[0m[1m{[0m[3mname[0m[2m=[0mk#addeef94..[1m}[0m[2m:[0m [2mconsensus_core::core[0m[2m:[0m [2mconsensus/core/src/core.rs[0m[2m:[0m[2m630:[0m Committing 1 leaders: B54(C,VL5N)
[2m2025-03-25T07:55:11.725518Z[0m [32m INFO[0m [1mnode[0m[1m{[0m[3mname[0m[2m=[0mk#addeef94..[1m}[0m[2m:[0m [2mconsensus_core::commit_observer[0m[2m:[0m [2mconsensus/core/src/commit_observer.rs[0m[2m:[0m[2m173:[0m Consensus commit C47(LCD0) with leader B54(C,VL5N) has 3 blocks
[2m2025-03-25T07:55:11.725608Z[0m [32m INFO[0m [1mnode[0m[1m{[0m[3mname[0m[2m=[0mk#addeef94..[1m}[0m[2m:[0m [2msui_core::consensus_handler[0m[2m:[0m [2mcrates/sui-core/src/consensus_handler.rs[0m[2m:[0m[2m232:[0m Received consensus output [3mconsensus_commit[0m[2m=[0mCommittedSubDag(leader=B54(C,VL5N), ref=C47(LCD0), blocks=[+X0a, nhH9, VL5N]) [3mepoch[0m[2m=[0m1
[2m2025-03-25T07:55:11.728854Z[0m [32m INFO[0m [1mnode[0m[1m{[0m[3mname[0m[2m=[0mk#8dcff6d1..[1m}[0m[2m:[0m [2msui_core::checkpoints::checkpoint_output[0m[2m:[0m [2mcrates/sui-core/src/checkpoints/checkpoint_output.rs[0m[2m:[0m[2m196:[0m Certified checkpoint with sequence 259 and digest 81cyqZFfCwUDwJM98kuoTsXNjz58vwpq43ypZ4tG7tDj
[2m2025-03-25T07:55:11.728959Z[0m [32m INFO[0m [1mnode[0m[1m{[0m[3mname[0m[2m=[0mk#8dcff6d1..[1m}[0m[2m:[0m [2mconsensus_core::core[0m[2m:[0m [2mconsensus/core/src/core.rs[0m[2m:[0m[2m630:[0m Committing 1 leaders: B54(C,VL5N)
[2m2025-03-25T07:55:11.729059Z[0m [32m INFO[0m [1mnode[0m[1m{[0m[3mname[0m[2m=[0mk#8dcff6d1..[1m}[0m[2m:[0m [2mconsensus_core::commit_observer[0m[2m:[0m [2mconsensus/core/src/commit_observer.rs[0m[2m:[0m[2m173:[0m Consensus commit C47(LCD0) with leader B54(C,VL5N) has 3 blocks
[2m2025-03-25T07:55:11.729189Z[0m [32m INFO[0m [1mnode[0m[1m{[0m[3mname[0m[2m=[0mk#99f25ef6..[1m}[0m[2m:[0m [2msui_core::checkpoints::checkpoint_output[0m[2m:[0m [2mcrates/sui-core/src/checkpoints/checkpoint_output.rs[0m[2m:[0m[2m196:[0m Certified checkpoint with sequence 259 and digest 81cyqZFfCwUDwJM98kuoTsXNjz58vwpq43ypZ4tG7tDj
[2m2025-03-25T07:55:11.729287Z[0m [32m INFO[0m [1mnode[0m[1m{[0m[3mname[0m[2m=[0mk#99f25ef6..[1m}[0m[2m:[0m [2mconsensus_core::core[0m[2m:[0m [2mconsensus/core/src/core.rs[0m[2m:[0m[2m630:[0m Committing 1 leaders: B54(C,VL5N)
[2m2025-03-25T07:55:11.729388Z[0m [32m INFO[0m [1mnode[0m[1m{[0m[3mname[0m[2m=[0mk#99f25ef6..[1m}[0m[2m:[0m [2mconsensus_core::commit_observer[0m[2m:[0m [2mconsensus/core/src/commit_observer.rs[0m[2m:[0m[2m173:[0m Consensus commit C47(LCD0) with leader B54(C,VL5N) has 3 blocks
[2m2025-03-25T07:55:11.729458Z[0m [32m INFO[0m [1mnode[0m[1m{[0m[3mname[0m[2m=[0mk#8dcff6d1..[1m}[0m[2m:[0m [2msui_core::consensus_handler[0m[2m:[0m [2mcrates/sui-core/src/consensus_handler.rs[0m[2m:[0m[2m232:[0m Received consensus output [3mconsensus_commit[0m[2m=[0mCommittedSubDag(leader=B54(C,VL5N), ref=C47(LCD0), blocks=[+X0a, nhH9, VL5N]) [3mepoch[0m[2m=[0m1
[2m2025-03-25T07:55:11.729750Z[0m [32m INFO[0m [1mnode[0m[1m{[0m[3mname[0m[2m=[0mk#99f25ef6..[1m}[0m[2m:[0m [2msui_core::consensus_handler[0m[2m:[0m [2mcrates/sui-core/src/consensus_handler.rs[0m[2m:[0m[2m232:[0m Received consensus output [3mconsensus_commit[0m[2m=[0mCommittedSubDag(leader=B54(C,VL5N), ref=C47(LCD0), blocks=[+X0a, nhH9, VL5N]) [3mepoch[0m[2m=[0m1
[2m2025-03-25T07:55:11.730013Z[0m [32m INFO[0m [1mnode[0m[1m{[0m[3mname[0m[2m=[0mk#8dcff6d1..[1m}[0m[2m:[0m [2msui_core::checkpoints::checkpoint_executor[0m[2m:[0m [2mcrates/sui-core/src/checkpoints/checkpoint_executor/mod.rs[0m[2m:[0m[2m332:[0m Received checkpoint summary from state sync [3msequence_number[0m[2m=[0m259
[2m2025-03-25T07:55:11.730254Z[0m [32m INFO[0m [1mnode[0m[1m{[0m[3mname[0m[2m=[0mk#99f25ef6..[1m}[0m[2m:[0m [2msui_core::checkpoints::checkpoint_executor[0m[2m:[0m [2mcrates/sui-core/src/checkpoints/checkpoint_executor/mod.rs[0m[2m:[0m[2m332:[0m Received checkpoint summary from state sync [3msequence_number[0m[2m=[0m259
[2m2025-03-25T07:55:11.731504Z[0m [32m INFO[0m [1mnode[0m[1m{[0m[3mname[0m[2m=[0mk#8dcff6d1..[1m}[0m[2m:[0m [2msui_core::state_accumulator[0m[2m:[0m [2mcrates/sui-core/src/state_accumulator.rs[0m[2m:[0m[2m675:[0m accumulating running root for checkpoint 259
[2m2025-03-25T07:55:11.731504Z[0m [32m INFO[0m [1mnode[0m[1m{[0m[3mname[0m[2m=[0mk#99f25ef6..[1m}[0m[2m:[0m [2msui_core::state_accumulator[0m[2m:[0m [2mcrates/sui-core/src/state_accumulator.rs[0m[2m:[0m[2m675:[0m accumulating running root for checkpoint 259
[2m2025-03-25T07:55:11.752213Z[0m [32m INFO[0m [1mnode[0m[1m{[0m[3mname[0m[2m=[0mk#addeef94..[1m}[0m[2m:[0m [2msui_core::checkpoints[0m[2m:[0m [2mcrates/sui-core/src/checkpoints/mod.rs[0m[2m:[0m[2m1326:[0m Creating checkpoint(s) for 2 transactions [3mnext_checkpoint_seq[0m[2m=[0m260 [3mcheckpoint_timestamp[0m[2m=[0m1742889311215
[2m2025-03-25T07:55:11.752523Z[0m [32m INFO[0m [1mnode[0m[1m{[0m[3mname[0m[2m=[0mk#addeef94..[1m}[0m[2m:[0m [2msui_core::checkpoints::checkpoint_output[0m[2m:[0m [2mcrates/sui-core/src/checkpoints/checkpoint_output.rs[0m[2m:[0m[2m149:[0m Creating checkpoint CheckpointDigest(AqmriouvJ6WG4jLpVTYpozEDgAZJxkCszX2XfsHjk8ib) at epoch 1, sequence 260, previous digest Some(CheckpointDigest(81cyqZFfCwUDwJM98kuoTsXNjz58vwpq43ypZ4tG7tDj)), transactions count 2, content digest CheckpointContentsDigest(7JgCXfXGrUStZDjcciZojfaCqGETKaxAFVtecYqkvGxU), end_of_epoch_data None
[2m2025-03-25T07:55:11.756752Z[0m [32m INFO[0m [1mnode[0m[1m{[0m[3mname[0m[2m=[0mk#addeef94..[1m}[0m[2m:[0m [2msui_core::checkpoints::checkpoint_executor[0m[2m:[0m [2mcrates/sui-core/src/checkpoints/checkpoint_executor/mod.rs[0m[2m:[0m[2m332:[0m Received checkpoint summary from state sync [3msequence_number[0m[2m=[0m259
[2m2025-03-25T07:55:11.756930Z[0m [32m INFO[0m [1mnode[0m[1m{[0m[3mname[0m[2m=[0mk#8dcff6d1..[1m}[0m[2m:[0m [2msui_core::checkpoints[0m[2m:[0m [2mcrates/sui-core/src/checkpoints/mod.rs[0m[2m:[0m[2m1326:[0m Creating checkpoint(s) for 2 transactions [3mnext_checkpoint_seq[0m[2m=[0m260 [3mcheckpoint_timestamp[0m[2m=[0m1742889311215
[2m2025-03-25T07:55:11.756953Z[0m [32m INFO[0m [1mnode[0m[1m{[0m[3mname[0m[2m=[0mk#99f25ef6..[1m}[0m[2m:[0m [2msui_core::checkpoints[0m[2m:[0m [2mcrates/sui-core/src/checkpoints/mod.rs[0m[2m:[0m[2m1326:[0m Creating checkpoint(s) for 2 transactions [3mnext_checkpoint_seq[0m[2m=[0m260 [3mcheckpoint_timestamp[0m[2m=[0m1742889311215
[2m2025-03-25T07:55:11.757197Z[0m [32m INFO[0m [1mnode[0m[1m{[0m[3mname[0m[2m=[0mk#8dcff6d1..[1m}[0m[2m:[0m [2msui_core::checkpoints::checkpoint_output[0m[2m:[0m [2mcrates/sui-core/src/checkpoints/checkpoint_output.rs[0m[2m:[0m[2m149:[0m Creating checkpoint CheckpointDigest(AqmriouvJ6WG4jLpVTYpozEDgAZJxkCszX2XfsHjk8ib) at epoch 1, sequence 260, previous digest Some(CheckpointDigest(81cyqZFfCwUDwJM98kuoTsXNjz58vwpq43ypZ4tG7tDj)), transactions count 2, content digest CheckpointContentsDigest(7JgCXfXGrUStZDjcciZojfaCqGETKaxAFVtecYqkvGxU), end_of_epoch_data None
[2m2025-03-25T07:55:11.757234Z[0m [32m INFO[0m [1mnode[0m[1m{[0m[3mname[0m[2m=[0mk#99f25ef6..[1m}[0m[2m:[0m [2msui_core::checkpoints::checkpoint_output[0m[2m:[0m [2mcrates/sui-core/src/checkpoints/checkpoint_output.rs[0m[2m:[0m[2m149:[0m Creating checkpoint CheckpointDigest(AqmriouvJ6WG4jLpVTYpozEDgAZJxkCszX2XfsHjk8ib) at epoch 1, sequence 260, previous digest Some(CheckpointDigest(81cyqZFfCwUDwJM98kuoTsXNjz58vwpq43ypZ4tG7tDj)), transactions count 2, content digest CheckpointContentsDigest(7JgCXfXGrUStZDjcciZojfaCqGETKaxAFVtecYqkvGxU), end_of_epoch_data None
[2m2025-03-25T07:55:11.757584Z[0m [32m INFO[0m [1mnode[0m[1m{[0m[3mname[0m[2m=[0mk#addeef94..[1m}[0m[2m:[0m [2msui_core::state_accumulator[0m[2m:[0m [2mcrates/sui-core/src/state_accumulator.rs[0m[2m:[0m[2m675:[0m accumulating running root for checkpoint 259
[2m2025-03-25T07:55:11.780834Z[0m [32m INFO[0m [1mnode[0m[1m{[0m[3mname[0m[2m=[0mk#b3f3cbb4..[1m}[0m[2m:[0m [2msui_core::state_accumulator[0m[2m:[0m [2mcrates/sui-core/src/state_accumulator.rs[0m[2m:[0m[2m675:[0m accumulating running root for checkpoint 230
[2m2025-03-25T07:55:11.859643Z[0m [32m INFO[0m [1mnode[0m[1m{[0m[3mname[0m[2m=[0mk#b3f3cbb4..[1m}[0m[2m:[0m [2msui_core::state_accumulator[0m[2m:[0m [2mcrates/sui-core/src/state_accumulator.rs[0m[2m:[0m[2m675:[0m accumulating running root for checkpoint 231
[2m2025-03-25T07:55:11.859953Z[0m [32m INFO[0m [1mnode[0m[1m{[0m[3mname[0m[2m=[0mk#b3f3cbb4..[1m}[0m[2m:[0m [2msui_core::checkpoints::checkpoint_executor[0m[2m:[0m [2mcrates/sui-core/src/checkpoints/checkpoint_executor/mod.rs[0m[2m:[0m[2m332:[0m Received checkpoint summary from state sync [3msequence_number[0m[2m=[0m256
[2m2025-03-25T07:55:11.859997Z[0m [32m INFO[0m [1mnode[0m[1m{[0m[3mname[0m[2m=[0mk#b3f3cbb4..[1m}[0m[2m:[0m [2msui_core::checkpoints::checkpoint_executor[0m[2m:[0m [2mcrates/sui-core/src/checkpoints/checkpoint_executor/mod.rs[0m[2m:[0m[2m332:[0m Received checkpoint summary from state sync [3msequence_number[0m[2m=[0m257
[2m2025-03-25T07:55:11.949782Z[0m [32m INFO[0m [1mnode[0m[1m{[0m[3mname[0m[2m=[0mk#b3f3cbb4..[1m}[0m[2m:[0m [2msui_core::state_accumulator[0m[2m:[0m [2mcrates/sui-core/src/state_accumulator.rs[0m[2m:[0m[2m675:[0m accumulating running root for checkpoint 232
[2m2025-03-25T07:55:11.978256Z[0m [32m INFO[0m [1mnode[0m[1m{[0m[3mname[0m[2m=[0mk#addeef94..[1m}[0m[2m:[0m [2mconsensus_core::core[0m[2m:[0m [2mconsensus/core/src/core.rs[0m[2m:[0m[2m945:[0m Included 3 ancestors & excluded 0 ancestors for proposal in round 57
[2m2025-03-25T07:55:11.978612Z[0m [32m INFO[0m [1mnode[0m[1m{[0m[3mname[0m[2m=[0mk#addeef94..[1m}[0m[2m:[0m [2mconsensus_core::core[0m[2m:[0m [2mconsensus/core/src/core.rs[0m[2m:[0m[2m531:[0m Created block B57(C,b4j/pinMDOpTh18nfkxYR7ygRr7La9fFkrBzIesxi+s=)(1742889311978ms;[B56(C,u6tdZMWKAumvT+YYGrBPzHmCW6SrZSoTARGiw0Eti3I=), B56(A,mBlsLGW5fndsx247zIf3+ytC3rmBqMkcP5X187N954I=), B56(B,QVgSDCcffI+31Hs9u10MorebqURHUih8t+ICJMiTBT8=)];1t;1c) for round 57
[2m2025-03-25T07:55:11.980506Z[0m [32m INFO[0m [1mnode[0m[1m{[0m[3mname[0m[2m=[0mk#99f25ef6..[1m}[0m[2m:[0m [2mconsensus_core::core[0m[2m:[0m [2mconsensus/core/src/core.rs[0m[2m:[0m[2m945:[0m Included 3 ancestors & excluded 0 ancestors for proposal in round 57
[2m2025-03-25T07:55:11.980506Z[0m [32m INFO[0m [1mnode[0m[1m{[0m[3mname[0m[2m=[0mk#8dcff6d1..[1m}[0m[2m:[0m [2mconsensus_core::core[0m[2m:[0m [2mconsensus/core/src/core.rs[0m[2m:[0m[2m945:[0m Included 3 ancestors & excluded 0 ancestors for proposal in round 57
[2m2025-03-25T07:55:11.980789Z[0m [32m INFO[0m [1mnode[0m[1m{[0m[3mname[0m[2m=[0mk#99f25ef6..[1m}[0m[2m:[0m [2mconsensus_core::core[0m[2m:[0m [2mconsensus/core/src/core.rs[0m[2m:[0m[2m531:[0m Created block B57(B,/59SH4MPEKbFeLytOxW8PqOBRRyfYtbQ4bEF7h32qLU=)(1742889311980ms;[B56(B,QVgSDCcffI+31Hs9u10MorebqURHUih8t+ICJMiTBT8=), B56(A,mBlsLGW5fndsx247zIf3+ytC3rmBqMkcP5X187N954I=), B56(C,u6tdZMWKAumvT+YYGrBPzHmCW6SrZSoTARGiw0Eti3I=)];1t;1c) for round 57
[2m2025-03-25T07:55:11.980791Z[0m [32m INFO[0m [1mnode[0m[1m{[0m[3mname[0m[2m=[0mk#8dcff6d1..[1m}[0m[2m:[0m [2mconsensus_core::core[0m[2m:[0m [2mconsensus/core/src/core.rs[0m[2m:[0m[2m531:[0m Created block B57(A,1qDdK7p+0BtpBlNFwNoq+dOhoKVFYkta7wJI/qLXStM=)(1742889311980ms;[B56(A,mBlsLGW5fndsx247zIf3+ytC3rmBqMkcP5X187N954I=), B56(B,QVgSDCcffI+31Hs9u10MorebqURHUih8t+ICJMiTBT8=), B56(C,u6tdZMWKAumvT+YYGrBPzHmCW6SrZSoTARGiw0Eti3I=)];1t;1c) for round 57
[2m2025-03-25T07:55:11.980857Z[0m [32m INFO[0m [1mnode[0m[1m{[0m[3mname[0m[2m=[0mk#8dcff6d1..[1m}[0m[2m:[0m [2mconsensus_core::core[0m[2m:[0m [2mconsensus/core/src/core.rs[0m[2m:[0m[2m630:[0m Committing 1 leaders: B55(A,K0W0)
[2m2025-03-25T07:55:11.980857Z[0m [32m INFO[0m [1mnode[0m[1m{[0m[3mname[0m[2m=[0mk#99f25ef6..[1m}[0m[2m:[0m [2mconsensus_core::core[0m[2m:[0m [2mconsensus/core/src/core.rs[0m[2m:[0m[2m630:[0m Committing 1 leaders: B55(A,K0W0)
[2m2025-03-25T07:55:11.980927Z[0m [32m INFO[0m [1mnode[0m[1m{[0m[3mname[0m[2m=[0mk#8dcff6d1..[1m}[0m[2m:[0m [2mconsensus_core::commit_observer[0m[2m:[0m [2mconsensus/core/src/commit_observer.rs[0m[2m:[0m[2m173:[0m Consensus commit C48(j6N8) with leader B55(A,K0W0) has 3 blocks
[2m2025-03-25T07:55:11.980927Z[0m [32m INFO[0m [1mnode[0m[1m{[0m[3mname[0m[2m=[0mk#99f25ef6..[1m}[0m[2m:[0m [2mconsensus_core::commit_observer[0m[2m:[0m [2mconsensus/core/src/commit_observer.rs[0m[2m:[0m[2m173:[0m Consensus commit C48(j6N8) with leader B55(A,K0W0) has 3 blocks
[2m2025-03-25T07:55:11.981014Z[0m [32m INFO[0m [1mnode[0m[1m{[0m[3mname[0m[2m=[0mk#8dcff6d1..[1m}[0m[2m:[0m [2msui_core::consensus_handler[0m[2m:[0m [2mcrates/sui-core/src/consensus_handler.rs[0m[2m:[0m[2m232:[0m Received consensus output [3mconsensus_commit[0m[2m=[0mCommittedSubDag(leader=B55(A,K0W0), ref=C48(j6N8), blocks=[psWm, 9Ekj, K0W0]) [3mepoch[0m[2m=[0m1
[2m2025-03-25T07:55:11.981014Z[0m [32m INFO[0m [1mnode[0m[1m{[0m[3mname[0m[2m=[0mk#99f25ef6..[1m}[0m[2m:[0m [2msui_core::consensus_handler[0m[2m:[0m [2mcrates/sui-core/src/consensus_handler.rs[0m[2m:[0m[2m232:[0m Received consensus output [3mconsensus_commit[0m[2m=[0mCommittedSubDag(leader=B55(A,K0W0), ref=C48(j6N8), blocks=[psWm, 9Ekj, K0W0]) [3mepoch[0m[2m=[0m1
[2m2025-03-25T07:55:11.984600Z[0m [32m INFO[0m [1mnode[0m[1m{[0m[3mname[0m[2m=[0mk#addeef94..[1m}[0m[2m:[0m [2mconsensus_core::core[0m[2m:[0m [2mconsensus/core/src/core.rs[0m[2m:[0m[2m630:[0m Committing 1 leaders: B55(A,K0W0)
[2m2025-03-25T07:55:11.984684Z[0m [32m INFO[0m [1mnode[0m[1m{[0m[3mname[0m[2m=[0mk#addeef94..[1m}[0m[2m:[0m [2mconsensus_core::commit_observer[0m[2m:[0m [2mconsensus/core/src/commit_observer.rs[0m[2m:[0m[2m173:[0m Consensus commit C48(j6N8) with leader B55(A,K0W0) has 3 blocks
[2m2025-03-25T07:55:11.984803Z[0m [32m INFO[0m [1mnode[0m[1m{[0m[3mname[0m[2m=[0mk#addeef94..[1m}[0m[2m:[0m [2msui_core::consensus_handler[0m[2m:[0m [2mcrates/sui-core/src/consensus_handler.rs[0m[2m:[0m[2m232:[0m Received consensus output [3mconsensus_commit[0m[2m=[0mCommittedSubDag(leader=B55(A,K0W0), ref=C48(j6N8), blocks=[psWm, 9Ekj, K0W0]) [3mepoch[0m[2m=[0m1
[2m2025-03-25T07:55:12.026888Z[0m [32m INFO[0m [1mnode[0m[1m{[0m[3mname[0m[2m=[0mk#8dcff6d1..[1m}[0m[2m:[0m [2msui_core::checkpoints[0m[2m:[0m [2mcrates/sui-core/src/checkpoints/mod.rs[0m[2m:[0m[2m1326:[0m Creating checkpoint(s) for 1 transactions [3mnext_checkpoint_seq[0m[2m=[0m261 [3mcheckpoint_timestamp[0m[2m=[0m1742889311470
[2m2025-03-25T07:55:12.026888Z[0m [32m INFO[0m [1mnode[0m[1m{[0m[3mname[0m[2m=[0mk#99f25ef6..[1m}[0m[2m:[0m [2msui_core::checkpoints[0m[2m:[0m [2mcrates/sui-core/src/checkpoints/mod.rs[0m[2m:[0m[2m1326:[0m Creating checkpoint(s) for 1 transactions [3mnext_checkpoint_seq[0m[2m=[0m261 [3mcheckpoint_timestamp[0m[2m=[0m1742889311470
[2m2025-03-25T07:55:12.027122Z[0m [32m INFO[0m [1mnode[0m[1m{[0m[3mname[0m[2m=[0mk#99f25ef6..[1m}[0m[2m:[0m [2msui_core::checkpoints::checkpoint_output[0m[2m:[0m [2mcrates/sui-core/src/checkpoints/checkpoint_output.rs[0m[2m:[0m[2m149:[0m Creating checkpoint CheckpointDigest(AtM7EciYNaHNB8dVWeTnHmx7bU247qjabJbF7KNT4K3p) at epoch 1, sequence 261, previous digest Some(CheckpointDigest(AqmriouvJ6WG4jLpVTYpozEDgAZJxkCszX2XfsHjk8ib)), transactions count 1, content digest CheckpointContentsDigest(9PQkfJEL3XmpRjLp1uSqVKrwM5ecJJ3oCGeUvBgbwtE3), end_of_epoch_data None
[2m2025-03-25T07:55:12.027122Z[0m [32m INFO[0m [1mnode[0m[1m{[0m[3mname[0m[2m=[0mk#8dcff6d1..[1m}[0m[2m:[0m [2msui_core::checkpoints::checkpoint_output[0m[2m:[0m [2mcrates/sui-core/src/checkpoints/checkpoint_output.rs[0m[2m:[0m[2m149:[0m Creating checkpoint CheckpointDigest(AtM7EciYNaHNB8dVWeTnHmx7bU247qjabJbF7KNT4K3p) at epoch 1, sequence 261, previous digest Some(CheckpointDigest(AqmriouvJ6WG4jLpVTYpozEDgAZJxkCszX2XfsHjk8ib)), transactions count 1, content digest CheckpointContentsDigest(9PQkfJEL3XmpRjLp1uSqVKrwM5ecJJ3oCGeUvBgbwtE3), end_of_epoch_data None
[2m2025-03-25T07:55:12.029088Z[0m [32m INFO[0m [1mnode[0m[1m{[0m[3mname[0m[2m=[0mk#addeef94..[1m}[0m[2m:[0m [2msui_core::checkpoints[0m[2m:[0m [2mcrates/sui-core/src/checkpoints/mod.rs[0m[2m:[0m[2m1326:[0m Creating checkpoint(s) for 1 transactions [3mnext_checkpoint_seq[0m[2m=[0m261 [3mcheckpoint_timestamp[0m[2m=[0m1742889311470
[2m2025-03-25T07:55:12.029265Z[0m [32m INFO[0m [1mnode[0m[1m{[0m[3mname[0m[2m=[0mk#addeef94..[1m}[0m[2m:[0m [2msui_core::checkpoints::checkpoint_output[0m[2m:[0m [2mcrates/sui-core/src/checkpoints/checkpoint_output.rs[0m[2m:[0m[2m149:[0m Creating checkpoint CheckpointDigest(AtM7EciYNaHNB8dVWeTnHmx7bU247qjabJbF7KNT4K3p) at epoch 1, sequence 261, previous digest Some(CheckpointDigest(AqmriouvJ6WG4jLpVTYpozEDgAZJxkCszX2XfsHjk8ib)), transactions count 1, content digest CheckpointContentsDigest(9PQkfJEL3XmpRjLp1uSqVKrwM5ecJJ3oCGeUvBgbwtE3), end_of_epoch_data None
[2m2025-03-25T07:55:12.029569Z[0m [32m INFO[0m [1mnode[0m[1m{[0m[3mname[0m[2m=[0mk#b3f3cbb4..[1m}[0m[2m:[0m [2msui_core::state_accumulator[0m[2m:[0m [2mcrates/sui-core/src/state_accumulator.rs[0m[2m:[0m[2m675:[0m accumulating running root for checkpoint 233
[2m2025-03-25T07:55:12.030268Z[0m [32m INFO[0m [1mnode[0m[1m{[0m[3mname[0m[2m=[0mk#8dcff6d1..[1m}[0m[2m:[0m [2msui_core::checkpoints::checkpoint_output[0m[2m:[0m [2mcrates/sui-core/src/checkpoints/checkpoint_output.rs[0m[2m:[0m[2m196:[0m Certified checkpoint with sequence 260 and digest AqmriouvJ6WG4jLpVTYpozEDgAZJxkCszX2XfsHjk8ib
[2m2025-03-25T07:55:12.030271Z[0m [32m INFO[0m [1mnode[0m[1m{[0m[3mname[0m[2m=[0mk#99f25ef6..[1m}[0m[2m:[0m [2msui_core::checkpoints::checkpoint_output[0m[2m:[0m [2mcrates/sui-core/src/checkpoints/checkpoint_output.rs[0m[2m:[0m[2m196:[0m Certified checkpoint with sequence 260 and digest AqmriouvJ6WG4jLpVTYpozEDgAZJxkCszX2XfsHjk8ib
[2m2025-03-25T07:55:12.034118Z[0m [32m INFO[0m [1mnode[0m[1m{[0m[3mname[0m[2m=[0mk#8dcff6d1..[1m}[0m[2m:[0m [2msui_core::checkpoints::checkpoint_executor[0m[2m:[0m [2mcrates/sui-core/src/checkpoints/checkpoint_executor/mod.rs[0m[2m:[0m[2m332:[0m Received checkpoint summary from state sync [3msequence_number[0m[2m=[0m260
[2m2025-03-25T07:55:12.034150Z[0m [32m INFO[0m [1mnode[0m[1m{[0m[3mname[0m[2m=[0mk#99f25ef6..[1m}[0m[2m:[0m [2msui_core::checkpoints::checkpoint_executor[0m[2m:[0m [2mcrates/sui-core/src/checkpoints/checkpoint_executor/mod.rs[0m[2m:[0m[2m332:[0m Received checkpoint summary from state sync [3msequence_number[0m[2m=[0m260
[2m2025-03-25T07:55:12.053287Z[0m [32m INFO[0m [1mnode[0m[1m{[0m[3mname[0m[2m=[0mk#99f25ef6..[1m}[0m[2m:[0m [2msui_core::state_accumulator[0m[2m:[0m [2mcrates/sui-core/src/state_accumulator.rs[0m[2m:[0m[2m675:[0m accumulating running root for checkpoint 260
[2m2025-03-25T07:55:12.053287Z[0m [32m INFO[0m [1mnode[0m[1m{[0m[3mname[0m[2m=[0mk#8dcff6d1..[1m}[0m[2m:[0m [2msui_core::state_accumulator[0m[2m:[0m [2mcrates/sui-core/src/state_accumulator.rs[0m[2m:[0m[2m675:[0m accumulating running root for checkpoint 260
[2m2025-03-25T07:55:12.096145Z[0m [32m INFO[0m [1mnode[0m[1m{[0m[3mname[0m[2m=[0mk#addeef94..[1m}[0m[2m:[0m [2msui_core::checkpoints::checkpoint_executor[0m[2m:[0m [2mcrates/sui-core/src/checkpoints/checkpoint_executor/mod.rs[0m[2m:[0m[2m332:[0m Received checkpoint summary from state sync [3msequence_number[0m[2m=[0m260
[2m2025-03-25T07:55:12.097448Z[0m [32m INFO[0m [1mnode[0m[1m{[0m[3mname[0m[2m=[0mk#addeef94..[1m}[0m[2m:[0m [2msui_core::state_accumulator[0m[2m:[0m [2mcrates/sui-core/src/state_accumulator.rs[0m[2m:[0m[2m675:[0m accumulating running root for checkpoint 260
[2m2025-03-25T07:55:12.120552Z[0m [32m INFO[0m [1mnode[0m[1m{[0m[3mname[0m[2m=[0mk#b3f3cbb4..[1m}[0m[2m:[0m [2msui_core::state_accumulator[0m[2m:[0m [2mcrates/sui-core/src/state_accumulator.rs[0m[2m:[0m[2m675:[0m accumulating running root for checkpoint 234
[2m2025-03-25T07:55:12.122424Z[0m [32m INFO[0m [1mnode[0m[1m{[0m[3mname[0m[2m=[0mk#b3f3cbb4..[1m}[0m[2m:[0m [2msui_core::state_accumulator[0m[2m:[0m [2mcrates/sui-core/src/state_accumulator.rs[0m[2m:[0m[2m675:[0m accumulating running root for checkpoint 235
[2m2025-03-25T07:55:12.157257Z[0m [32m INFO[0m [1mnode[0m[1m{[0m[3mname[0m[2m=[0mk#b3f3cbb4..[1m}[0m[2m:[0m [2msui_core::state_accumulator[0m[2m:[0m [2mcrates/sui-core/src/state_accumulator.rs[0m[2m:[0m[2m675:[0m accumulating running root for checkpoint 236
[2m2025-03-25T07:55:12.183496Z[0m [32m INFO[0m [1mnode[0m[1m{[0m[3mname[0m[2m=[0mk#b3f3cbb4..[1m}[0m[2m:[0m [2msui_core::state_accumulator[0m[2m:[0m [2mcrates/sui-core/src/state_accumulator.rs[0m[2m:[0m[2m675:[0m accumulating running root for checkpoint 237
[2m2025-03-25T07:55:12.183752Z[0m [32m INFO[0m [1mnode[0m[1m{[0m[3mname[0m[2m=[0mk#b3f3cbb4..[1m}[0m[2m:[0m [2msui_core::checkpoints::checkpoint_executor[0m[2m:[0m [2mcrates/sui-core/src/checkpoints/checkpoint_executor/mod.rs[0m[2m:[0m[2m332:[0m Received checkpoint summary from state sync [3msequence_number[0m[2m=[0m258
[2m2025-03-25T07:55:12.220442Z[0m [32m INFO[0m [1mnode[0m[1m{[0m[3mname[0m[2m=[0mk#b3f3cbb4..[1m}[0m[2m:[0m [2msui_core::state_accumulator[0m[2m:[0m [2mcrates/sui-core/src/state_accumulator.rs[0m[2m:[0m[2m675:[0m accumulating running root for checkpoint 238
[2m2025-03-25T07:55:12.220684Z[0m [32m INFO[0m [1mnode[0m[1m{[0m[3mname[0m[2m=[0mk#b3f3cbb4..[1m}[0m[2m:[0m [2msui_core::checkpoints::checkpoint_executor[0m[2m:[0m [2mcrates/sui-core/src/checkpoints/checkpoint_executor/mod.rs[0m[2m:[0m[2m332:[0m Received checkpoint summary from state sync [3msequence_number[0m[2m=[0m259
[2m2025-03-25T07:55:12.232729Z[0m [32m INFO[0m [1mnode[0m[1m{[0m[3mname[0m[2m=[0mk#99f25ef6..[1m}[0m[2m:[0m [2mconsensus_core::core[0m[2m:[0m [2mconsensus/core/src/core.rs[0m[2m:[0m[2m945:[0m Included 3 ancestors & excluded 0 ancestors for proposal in round 58
[2m2025-03-25T07:55:12.233086Z[0m [32m INFO[0m [1mnode[0m[1m{[0m[3mname[0m[2m=[0mk#99f25ef6..[1m}[0m[2m:[0m [2mconsensus_core::core[0m[2m:[0m [2mconsensus/core/src/core.rs[0m[2m:[0m[2m531:[0m Created block B58(B,fAiwtT3NgRLkNH1E25s1ONULZGbZtFusSco/MWngIJM=)(1742889312232ms;[B57(B,/59SH4MPEKbFeLytOxW8PqOBRRyfYtbQ4bEF7h32qLU=), B57(A,1qDdK7p+0BtpBlNFwNoq+dOhoKVFYkta7wJI/qLXStM=), B57(C,b4j/pinMDOpTh18nfkxYR7ygRr7La9fFkrBzIesxi+s=)];1t;1c) for round 58
[2m2025-03-25T07:55:12.234732Z[0m [32m INFO[0m [1mnode[0m[1m{[0m[3mname[0m[2m=[0mk#8dcff6d1..[1m}[0m[2m:[0m [2mconsensus_core::core[0m[2m:[0m [2mconsensus/core/src/core.rs[0m[2m:[0m[2m945:[0m Included 3 ancestors & excluded 0 ancestors for proposal in round 58
[2m2025-03-25T07:55:12.235021Z[0m [32m INFO[0m [1mnode[0m[1m{[0m[3mname[0m[2m=[0mk#8dcff6d1..[1m}[0m[2m:[0m [2mconsensus_core::core[0m[2m:[0m [2mconsensus/core/src/core.rs[0m[2m:[0m[2m531:[0m Created block B58(A,3hEoH65z0hfPfW/8XUfqO0jCi/BO3Y3aWrL0QHafkUk=)(1742889312234ms;[B57(A,1qDdK7p+0BtpBlNFwNoq+dOhoKVFYkta7wJI/qLXStM=), B57(B,/59SH4MPEKbFeLytOxW8PqOBRRyfYtbQ4bEF7h32qLU=), B57(C,b4j/pinMDOpTh18nfkxYR7ygRr7La9fFkrBzIesxi+s=)];1t;1c) for round 58
[2m2025-03-25T07:55:12.236800Z[0m [32m INFO[0m [1mnode[0m[1m{[0m[3mname[0m[2m=[0mk#addeef94..[1m}[0m[2m:[0m [2mconsensus_core::core[0m[2m:[0m [2mconsensus/core/src/core.rs[0m[2m:[0m[2m945:[0m Included 3 ancestors & excluded 0 ancestors for proposal in round 58
[2m2025-03-25T07:55:12.237109Z[0m [32m INFO[0m [1mnode[0m[1m{[0m[3mname[0m[2m=[0mk#addeef94..[1m}[0m[2m:[0m [2mconsensus_core::core[0m[2m:[0m [2mconsensus/core/src/core.rs[0m[2m:[0m[2m531:[0m Created block B58(C,YVwkF4E51Hk0hDfqMRg2GYR2WT1F3b4P9EUg/a1psQA=)(1742889312236ms;[B57(C,b4j/pinMDOpTh18nfkxYR7ygRr7La9fFkrBzIesxi+s=), B57(A,1qDdK7p+0BtpBlNFwNoq+dOhoKVFYkta7wJI/qLXStM=), B57(B,/59SH4MPEKbFeLytOxW8PqOBRRyfYtbQ4bEF7h32qLU=)];1t;1c) for round 58
[2m2025-03-25T07:55:12.237179Z[0m [32m INFO[0m [1mnode[0m[1m{[0m[3mname[0m[2m=[0mk#addeef94..[1m}[0m[2m:[0m [2mconsensus_core::core[0m[2m:[0m [2mconsensus/core/src/core.rs[0m[2m:[0m[2m630:[0m Committing 1 leaders: B56(B,QVgS)
[2m2025-03-25T07:55:12.237250Z[0m [32m INFO[0m [1mnode[0m[1m{[0m[3mname[0m[2m=[0mk#addeef94..[1m}[0m[2m:[0m [2mconsensus_core::commit_observer[0m[2m:[0m [2mconsensus/core/src/commit_observer.rs[0m[2m:[0m[2m173:[0m Consensus commit C49(PvtD) with leader B56(B,QVgS) has 3 blocks
[2m2025-03-25T07:55:12.237333Z[0m [32m INFO[0m [1mnode[0m[1m{[0m[3mname[0m[2m=[0mk#addeef94..[1m}[0m[2m:[0m [2msui_core::consensus_handler[0m[2m:[0m [2mcrates/sui-core/src/consensus_handler.rs[0m[2m:[0m[2m232:[0m Received consensus output [3mconsensus_commit[0m[2m=[0mCommittedSubDag(leader=B56(B,QVgS), ref=C49(PvtD), blocks=[sZT9, S6Cd, QVgS]) [3mepoch[0m[2m=[0m1
[2m2025-03-25T07:55:12.240297Z[0m [32m INFO[0m [1mnode[0m[1m{[0m[3mname[0m[2m=[0mk#99f25ef6..[1m}[0m[2m:[0m [2msui_core::checkpoints::checkpoint_output[0m[2m:[0m [2mcrates/sui-core/src/checkpoints/checkpoint_output.rs[0m[2m:[0m[2m196:[0m Certified checkpoint with sequence 261 and digest AtM7EciYNaHNB8dVWeTnHmx7bU247qjabJbF7KNT4K3p
[2m2025-03-25T07:55:12.240299Z[0m [32m INFO[0m [1mnode[0m[1m{[0m[3mname[0m[2m=[0mk#8dcff6d1..[1m}[0m[2m:[0m [2msui_core::checkpoints::checkpoint_output[0m[2m:[0m [2mcrates/sui-core/src/checkpoints/checkpoint_output.rs[0m[2m:[0m[2m196:[0m Certified checkpoint with sequence 261 and digest AtM7EciYNaHNB8dVWeTnHmx7bU247qjabJbF7KNT4K3p
[2m2025-03-25T07:55:12.240408Z[0m [32m INFO[0m [1mnode[0m[1m{[0m[3mname[0m[2m=[0mk#99f25ef6..[1m}[0m[2m:[0m [2mconsensus_core::core[0m[2m:[0m [2mconsensus/core/src/core.rs[0m[2m:[0m[2m630:[0m Committing 1 leaders: B56(B,QVgS)
[2m2025-03-25T07:55:12.240415Z[0m [32m INFO[0m [1mnode[0m[1m{[0m[3mname[0m[2m=[0mk#8dcff6d1..[1m}[0m[2m:[0m [2mconsensus_core::core[0m[2m:[0m [2mconsensus/core/src/core.rs[0m[2m:[0m[2m630:[0m Committing 1 leaders: B56(B,QVgS)
[2m2025-03-25T07:55:12.240513Z[0m [32m INFO[0m [1mnode[0m[1m{[0m[3mname[0m[2m=[0mk#8dcff6d1..[1m}[0m[2m:[0m [2mconsensus_core::commit_observer[0m[2m:[0m [2mconsensus/core/src/commit_observer.rs[0m[2m:[0m[2m173:[0m Consensus commit C49(PvtD) with leader B56(B,QVgS) has 3 blocks
[2m2025-03-25T07:55:12.240516Z[0m [32m INFO[0m [1mnode[0m[1m{[0m[3mname[0m[2m=[0mk#99f25ef6..[1m}[0m[2m:[0m [2mconsensus_core::commit_observer[0m[2m:[0m [2mconsensus/core/src/commit_observer.rs[0m[2m:[0m[2m173:[0m Consensus commit C49(PvtD) with leader B56(B,QVgS) has 3 blocks
[2m2025-03-25T07:55:12.240903Z[0m [32m INFO[0m [1mnode[0m[1m{[0m[3mname[0m[2m=[0mk#8dcff6d1..[1m}[0m[2m:[0m [2msui_core::consensus_handler[0m[2m:[0m [2mcrates/sui-core/src/consensus_handler.rs[0m[2m:[0m[2m232:[0m Received consensus output [3mconsensus_commit[0m[2m=[0mCommittedSubDag(leader=B56(B,QVgS), ref=C49(PvtD), blocks=[sZT9, S6Cd, QVgS]) [3mepoch[0m[2m=[0m1
[2m2025-03-25T07:55:12.240903Z[0m [32m INFO[0m [1mnode[0m[1m{[0m[3mname[0m[2m=[0mk#99f25ef6..[1m}[0m[2m:[0m [2msui_core::consensus_handler[0m[2m:[0m [2mcrates/sui-core/src/consensus_handler.rs[0m[2m:[0m[2m232:[0m Received consensus output [3mconsensus_commit[0m[2m=[0mCommittedSubDag(leader=B56(B,QVgS), ref=C49(PvtD), blocks=[sZT9, S6Cd, QVgS]) [3mepoch[0m[2m=[0m1
[2m2025-03-25T07:55:12.241462Z[0m [32m INFO[0m [1mnode[0m[1m{[0m[3mname[0m[2m=[0mk#99f25ef6..[1m}[0m[2m:[0m [2msui_core::checkpoints::checkpoint_executor[0m[2m:[0m [2mcrates/sui-core/src/checkpoints/checkpoint_executor/mod.rs[0m[2m:[0m[2m332:[0m Received checkpoint summary from state sync [3msequence_number[0m[2m=[0m261
[2m2025-03-25T07:55:12.241462Z[0m [32m INFO[0m [1mnode[0m[1m{[0m[3mname[0m[2m=[0mk#8dcff6d1..[1m}[0m[2m:[0m [2msui_core::checkpoints::checkpoint_executor[0m[2m:[0m [2mcrates/sui-core/src/checkpoints/checkpoint_executor/mod.rs[0m[2m:[0m[2m332:[0m Received checkpoint summary from state sync [3msequence_number[0m[2m=[0m261
[2m2025-03-25T07:55:12.242931Z[0m [32m INFO[0m [1mnode[0m[1m{[0m[3mname[0m[2m=[0mk#8dcff6d1..[1m}[0m[2m:[0m [2msui_core::state_accumulator[0m[2m:[0m [2mcrates/sui-core/src/state_accumulator.rs[0m[2m:[0m[2m675:[0m accumulating running root for checkpoint 261
[2m2025-03-25T07:55:12.242931Z[0m [32m INFO[0m [1mnode[0m[1m{[0m[3mname[0m[2m=[0mk#99f25ef6..[1m}[0m[2m:[0m [2msui_core::state_accumulator[0m[2m:[0m [2mcrates/sui-core/src/state_accumulator.rs[0m[2m:[0m[2m675:[0m accumulating running root for checkpoint 261
[2m2025-03-25T07:55:12.263765Z[0m [32m INFO[0m [1mnode[0m[1m{[0m[3mname[0m[2m=[0mk#addeef94..[1m}[0m[2m:[0m [2msui_core::checkpoints[0m[2m:[0m [2mcrates/sui-core/src/checkpoints/mod.rs[0m[2m:[0m[2m1326:[0m Creating checkpoint(s) for 2 transactions [3mnext_checkpoint_seq[0m[2m=[0m262 [3mcheckpoint_timestamp[0m[2m=[0m1742889311722
[2m2025-03-25T07:55:12.264076Z[0m [32m INFO[0m [1mnode[0m[1m{[0m[3mname[0m[2m=[0mk#addeef94..[1m}[0m[2m:[0m [2msui_core::checkpoints::checkpoint_output[0m[2m:[0m [2mcrates/sui-core/src/checkpoints/checkpoint_output.rs[0m[2m:[0m[2m149:[0m Creating checkpoint CheckpointDigest(46VyqVgepRD1obCkzH2irn9Ds83T3xVq1sMXckf3QTDC) at epoch 1, sequence 262, previous digest Some(CheckpointDigest(AtM7EciYNaHNB8dVWeTnHmx7bU247qjabJbF7KNT4K3p)), transactions count 2, content digest CheckpointContentsDigest(CCVNJna5NomUiXJYC4Srwkxw1bZDNEuW5dpUG66ypcbM), end_of_epoch_data None
[2m2025-03-25T07:55:12.266783Z[0m [32m INFO[0m [1mnode[0m[1m{[0m[3mname[0m[2m=[0mk#addeef94..[1m}[0m[2m:[0m [2msui_core::checkpoints::checkpoint_executor[0m[2m:[0m [2mcrates/sui-core/src/checkpoints/checkpoint_executor/mod.rs[0m[2m:[0m[2m332:[0m Received checkpoint summary from state sync [3msequence_number[0m[2m=[0m261
[2m2025-03-25T07:55:12.267616Z[0m [32m INFO[0m [1mnode[0m[1m{[0m[3mname[0m[2m=[0mk#addeef94..[1m}[0m[2m:[0m [2msui_core::state_accumulator[0m[2m:[0m [2mcrates/sui-core/src/state_accumulator.rs[0m[2m:[0m[2m675:[0m accumulating running root for checkpoint 261
[2m2025-03-25T07:55:12.268379Z[0m [32m INFO[0m [1mnode[0m[1m{[0m[3mname[0m[2m=[0mk#99f25ef6..[1m}[0m[2m:[0m [2msui_core::checkpoints[0m[2m:[0m [2mcrates/sui-core/src/checkpoints/mod.rs[0m[2m:[0m[2m1326:[0m Creating checkpoint(s) for 2 transactions [3mnext_checkpoint_seq[0m[2m=[0m262 [3mcheckpoint_timestamp[0m[2m=[0m1742889311722
[2m2025-03-25T07:55:12.268637Z[0m [32m INFO[0m [1mnode[0m[1m{[0m[3mname[0m[2m=[0mk#8dcff6d1..[1m}[0m[2m:[0m [2msui_core::checkpoints[0m[2m:[0m [2mcrates/sui-core/src/checkpoints/mod.rs[0m[2m:[0m[2m1326:[0m Creating checkpoint(s) for 2 transactions [3mnext_checkpoint_seq[0m[2m=[0m262 [3mcheckpoint_timestamp[0m[2m=[0m1742889311722
[2m2025-03-25T07:55:12.268642Z[0m [32m INFO[0m [1mnode[0m[1m{[0m[3mname[0m[2m=[0mk#99f25ef6..[1m}[0m[2m:[0m [2msui_core::checkpoints::checkpoint_output[0m[2m:[0m [2mcrates/sui-core/src/checkpoints/checkpoint_output.rs[0m[2m:[0m[2m149:[0m Creating checkpoint CheckpointDigest(46VyqVgepRD1obCkzH2irn9Ds83T3xVq1sMXckf3QTDC) at epoch 1, sequence 262, previous digest Some(CheckpointDigest(AtM7EciYNaHNB8dVWeTnHmx7bU247qjabJbF7KNT4K3p)), transactions count 2, content digest CheckpointContentsDigest(CCVNJna5NomUiXJYC4Srwkxw1bZDNEuW5dpUG66ypcbM), end_of_epoch_data None
[2m2025-03-25T07:55:12.268879Z[0m [32m INFO[0m [1mnode[0m[1m{[0m[3mname[0m[2m=[0mk#8dcff6d1..[1m}[0m[2m:[0m [2msui_core::checkpoints::checkpoint_output[0m[2m:[0m [2mcrates/sui-core/src/checkpoints/checkpoint_output.rs[0m[2m:[0m[2m149:[0m Creating checkpoint CheckpointDigest(46VyqVgepRD1obCkzH2irn9Ds83T3xVq1sMXckf3QTDC) at epoch 1, sequence 262, previous digest Some(CheckpointDigest(AtM7EciYNaHNB8dVWeTnHmx7bU247qjabJbF7KNT4K3p)), transactions count 2, content digest CheckpointContentsDigest(CCVNJna5NomUiXJYC4Srwkxw1bZDNEuW5dpUG66ypcbM), end_of_epoch_data None
[2m2025-03-25T07:55:12.301269Z[0m [32m INFO[0m [1mnode[0m[1m{[0m[3mname[0m[2m=[0mk#b3f3cbb4..[1m}[0m[2m:[0m [2msui_core::state_accumulator[0m[2m:[0m [2mcrates/sui-core/src/state_accumulator.rs[0m[2m:[0m[2m675:[0m accumulating running root for checkpoint 239
[2m2025-03-25T07:55:12.336800Z[0m [32m INFO[0m [1mnode[0m[1m{[0m[3mname[0m[2m=[0mk#b3f3cbb4..[1m}[0m[2m:[0m [2msui_core::state_accumulator[0m[2m:[0m [2mcrates/sui-core/src/state_accumulator.rs[0m[2m:[0m[2m675:[0m accumulating running root for checkpoint 240
[2m2025-03-25T07:55:12.363140Z[0m [32m INFO[0m [1mnode[0m[1m{[0m[3mname[0m[2m=[0mk#b3f3cbb4..[1m}[0m[2m:[0m [2msui_core::state_accumulator[0m[2m:[0m [2mcrates/sui-core/src/state_accumulator.rs[0m[2m:[0m[2m675:[0m accumulating running root for checkpoint 241
[2m2025-03-25T07:55:12.398851Z[0m [32m INFO[0m [1mnode[0m[1m{[0m[3mname[0m[2m=[0mk#b3f3cbb4..[1m}[0m[2m:[0m [2msui_core::state_accumulator[0m[2m:[0m [2mcrates/sui-core/src/state_accumulator.rs[0m[2m:[0m[2m675:[0m accumulating running root for checkpoint 242
[2m2025-03-25T07:55:12.423769Z[0m [32m INFO[0m [1mnode[0m[1m{[0m[3mname[0m[2m=[0mk#b3f3cbb4..[1m}[0m[2m:[0m [2msui_core::state_accumulator[0m[2m:[0m [2mcrates/sui-core/src/state_accumulator.rs[0m[2m:[0m[2m675:[0m accumulating running root for checkpoint 243
[2m2025-03-25T07:55:12.458338Z[0m [32m INFO[0m [1mnode[0m[1m{[0m[3mname[0m[2m=[0mk#b3f3cbb4..[1m}[0m[2m:[0m [2msui_core::state_accumulator[0m[2m:[0m [2mcrates/sui-core/src/state_accumulator.rs[0m[2m:[0m[2m675:[0m accumulating running root for checkpoint 244
[2m2025-03-25T07:55:12.484542Z[0m [32m INFO[0m [1mnode[0m[1m{[0m[3mname[0m[2m=[0mk#b3f3cbb4..[1m}[0m[2m:[0m [2msui_core::state_accumulator[0m[2m:[0m [2mcrates/sui-core/src/state_accumulator.rs[0m[2m:[0m[2m675:[0m accumulating running root for checkpoint 245
[2m2025-03-25T07:55:12.484818Z[0m [32m INFO[0m [1mnode[0m[1m{[0m[3mname[0m[2m=[0mk#b3f3cbb4..[1m}[0m[2m:[0m [2msui_core::checkpoints::checkpoint_executor[0m[2m:[0m [2mcrates/sui-core/src/checkpoints/checkpoint_executor/mod.rs[0m[2m:[0m[2m332:[0m Received checkpoint summary from state sync [3msequence_number[0m[2m=[0m260
[2m2025-03-25T07:55:12.484863Z[0m [32m INFO[0m [1mnode[0m[1m{[0m[3mname[0m[2m=[0mk#b3f3cbb4..[1m}[0m[2m:[0m [2msui_core::checkpoints::checkpoint_executor[0m[2m:[0m [2mcrates/sui-core/src/checkpoints/checkpoint_executor/mod.rs[0m[2m:[0m[2m332:[0m Received checkpoint summary from state sync [3msequence_number[0m[2m=[0m261
[2m2025-03-25T07:55:12.489838Z[0m [32m INFO[0m [1mnode[0m[1m{[0m[3mname[0m[2m=[0mk#addeef94..[1m}[0m[2m:[0m [2mconsensus_core::core[0m[2m:[0m [2mconsensus/core/src/core.rs[0m[2m:[0m[2m945:[0m Included 3 ancestors & excluded 0 ancestors for proposal in round 59
[2m2025-03-25T07:55:12.490171Z[0m [32m INFO[0m [1mnode[0m[1m{[0m[3mname[0m[2m=[0mk#addeef94..[1m}[0m[2m:[0m [2mconsensus_core::core[0m[2m:[0m [2mconsensus/core/src/core.rs[0m[2m:[0m[2m531:[0m Created block B59(C,bzKBtlma+14nVRduhtEZinITNCByzED7znMPFq+kj44=)(1742889312489ms;[B58(C,YVwkF4E51Hk0hDfqMRg2GYR2WT1F3b4P9EUg/a1psQA=), B58(A,3hEoH65z0hfPfW/8XUfqO0jCi/BO3Y3aWrL0QHafkUk=), B58(B,fAiwtT3NgRLkNH1E25s1ONULZGbZtFusSco/MWngIJM=)];1t;1c) for round 59
[2m2025-03-25T07:55:12.492054Z[0m [32m INFO[0m [1mnode[0m[1m{[0m[3mname[0m[2m=[0mk#99f25ef6..[1m}[0m[2m:[0m [2mconsensus_core::core[0m[2m:[0m [2mconsensus/core/src/core.rs[0m[2m:[0m[2m945:[0m Included 3 ancestors & excluded 0 ancestors for proposal in round 59
[2m2025-03-25T07:55:12.492054Z[0m [32m INFO[0m [1mnode[0m[1m{[0m[3mname[0m[2m=[0mk#8dcff6d1..[1m}[0m[2m:[0m [2mconsensus_core::core[0m[2m:[0m [2mconsensus/core/src/core.rs[0m[2m:[0m[2m945:[0m Included 3 ancestors & excluded 0 ancestors for proposal in round 59
[2m2025-03-25T07:55:12.492333Z[0m [32m INFO[0m [1mnode[0m[1m{[0m[3mname[0m[2m=[0mk#99f25ef6..[1m}[0m[2m:[0m [2mconsensus_core::core[0m[2m:[0m [2mconsensus/core/src/core.rs[0m[2m:[0m[2m531:[0m Created block B59(B,q0di+c2QsgbmalRQlUQhZA9DVaBk0+6dbSJqVOLZ7/s=)(1742889312492ms;[B58(B,fAiwtT3NgRLkNH1E25s1ONULZGbZtFusSco/MWngIJM=), B58(A,3hEoH65z0hfPfW/8XUfqO0jCi/BO3Y3aWrL0QHafkUk=), B58(C,YVwkF4E51Hk0hDfqMRg2GYR2WT1F3b4P9EUg/a1psQA=)];1t;1c) for round 59
[2m2025-03-25T07:55:12.492335Z[0m [32m INFO[0m [1mnode[0m[1m{[0m[3mname[0m[2m=[0mk#8dcff6d1..[1m}[0m[2m:[0m [2mconsensus_core::core[0m[2m:[0m [2mconsensus/core/src/core.rs[0m[2m:[0m[2m531:[0m Created block B59(A,RSKBZAQ/G/SilsN4uS3iWCchC2WYKugrAqHmEa/dTXs=)(1742889312492ms;[B58(A,3hEoH65z0hfPfW/8XUfqO0jCi/BO3Y3aWrL0QHafkUk=), B58(B,fAiwtT3NgRLkNH1E25s1ONULZGbZtFusSco/MWngIJM=), B58(C,YVwkF4E51Hk0hDfqMRg2GYR2WT1F3b4P9EUg/a1psQA=)];1t;1c) for round 59
[2m2025-03-25T07:55:12.492400Z[0m [32m INFO[0m [1mnode[0m[1m{[0m[3mname[0m[2m=[0mk#99f25ef6..[1m}[0m[2m:[0m [2mconsensus_core::core[0m[2m:[0m [2mconsensus/core/src/core.rs[0m[2m:[0m[2m630:[0m Committing 1 leaders: B57(C,b4j/)
[2m2025-03-25T07:55:12.492400Z[0m [32m INFO[0m [1mnode[0m[1m{[0m[3mname[0m[2m=[0mk#8dcff6d1..[1m}[0m[2m:[0m [2mconsensus_core::core[0m[2m:[0m [2mconsensus/core/src/core.rs[0m[2m:[0m[2m630:[0m Committing 1 leaders: B57(C,b4j/)
[2m2025-03-25T07:55:12.492470Z[0m [32m INFO[0m [1mnode[0m[1m{[0m[3mname[0m[2m=[0mk#99f25ef6..[1m}[0m[2m:[0m [2mconsensus_core::commit_observer[0m[2m:[0m [2mconsensus/core/src/commit_observer.rs[0m[2m:[0m[2m173:[0m Consensus commit C50(u4KW) with leader B57(C,b4j/) has 3 blocks
[2m2025-03-25T07:55:12.492470Z[0m [32m INFO[0m [1mnode[0m[1m{[0m[3mname[0m[2m=[0mk#8dcff6d1..[1m}[0m[2m:[0m [2mconsensus_core::commit_observer[0m[2m:[0m [2mconsensus/core/src/commit_observer.rs[0m[2m:[0m[2m173:[0m Consensus commit C50(u4KW) with leader B57(C,b4j/) has 3 blocks
[2m2025-03-25T07:55:12.492556Z[0m [32m INFO[0m [1mnode[0m[1m{[0m[3mname[0m[2m=[0mk#99f25ef6..[1m}[0m[2m:[0m [2msui_core::consensus_handler[0m[2m:[0m [2mcrates/sui-core/src/consensus_handler.rs[0m[2m:[0m[2m232:[0m Received consensus output [3mconsensus_commit[0m[2m=[0mCommittedSubDag(leader=B57(C,b4j/), ref=C50(u4KW), blocks=[mBls, u6td, b4j/]) [3mepoch[0m[2m=[0m1
[2m2025-03-25T07:55:12.492556Z[0m [32m INFO[0m [1mnode[0m[1m{[0m[3mname[0m[2m=[0mk#8dcff6d1..[1m}[0m[2m:[0m [2msui_core::consensus_handler[0m[2m:[0m [2mcrates/sui-core/src/consensus_handler.rs[0m[2m:[0m[2m232:[0m Received consensus output [3mconsensus_commit[0m[2m=[0mCommittedSubDag(leader=B57(C,b4j/), ref=C50(u4KW), blocks=[mBls, u6td, b4j/]) [3mepoch[0m[2m=[0m1
[2m2025-03-25T07:55:12.496650Z[0m [32m INFO[0m [1mnode[0m[1m{[0m[3mname[0m[2m=[0mk#addeef94..[1m}[0m[2m:[0m [2mconsensus_core::core[0m[2m:[0m [2mconsensus/core/src/core.rs[0m[2m:[0m[2m630:[0m Committing 1 leaders: B57(C,b4j/)
[2m2025-03-25T07:55:12.496739Z[0m [32m INFO[0m [1mnode[0m[1m{[0m[3mname[0m[2m=[0mk#addeef94..[1m}[0m[2m:[0m [2mconsensus_core::commit_observer[0m[2m:[0m [2mconsensus/core/src/commit_observer.rs[0m[2m:[0m[2m173:[0m Consensus commit C50(u4KW) with leader B57(C,b4j/) has 3 blocks
[2m2025-03-25T07:55:12.496863Z[0m [32m INFO[0m [1mnode[0m[1m{[0m[3mname[0m[2m=[0mk#addeef94..[1m}[0m[2m:[0m [2msui_core::consensus_handler[0m[2m:[0m [2mcrates/sui-core/src/consensus_handler.rs[0m[2m:[0m[2m232:[0m Received consensus output [3mconsensus_commit[0m[2m=[0mCommittedSubDag(leader=B57(C,b4j/), ref=C50(u4KW), blocks=[mBls, u6td, b4j/]) [3mepoch[0m[2m=[0m1
[2m2025-03-25T07:55:12.521885Z[0m [32m INFO[0m [1mnode[0m[1m{[0m[3mname[0m[2m=[0mk#b3f3cbb4..[1m}[0m[2m:[0m [2msui_core::state_accumulator[0m[2m:[0m [2mcrates/sui-core/src/state_accumulator.rs[0m[2m:[0m[2m675:[0m accumulating running root for checkpoint 246
[2m2025-03-25T07:55:12.602171Z[0m [32m INFO[0m [1mnode[0m[1m{[0m[3mname[0m[2m=[0mk#b3f3cbb4..[1m}[0m[2m:[0m [2msui_core::state_accumulator[0m[2m:[0m [2mcrates/sui-core/src/state_accumulator.rs[0m[2m:[0m[2m675:[0m accumulating running root for checkpoint 247
[2m2025-03-25T07:55:12.638249Z[0m [32m INFO[0m [1mnode[0m[1m{[0m[3mname[0m[2m=[0mk#b3f3cbb4..[1m}[0m[2m:[0m [2msui_core::state_accumulator[0m[2m:[0m [2mcrates/sui-core/src/state_accumulator.rs[0m[2m:[0m[2m675:[0m accumulating running root for checkpoint 248
[2m2025-03-25T07:55:12.664133Z[0m [32m INFO[0m [1mnode[0m[1m{[0m[3mname[0m[2m=[0mk#b3f3cbb4..[1m}[0m[2m:[0m [2msui_core::state_accumulator[0m[2m:[0m [2mcrates/sui-core/src/state_accumulator.rs[0m[2m:[0m[2m675:[0m accumulating running root for checkpoint 249
[2m2025-03-25T07:55:12.703028Z[0m [32m INFO[0m [1mnode[0m[1m{[0m[3mname[0m[2m=[0mk#b3f3cbb4..[1m}[0m[2m:[0m [2msui_core::state_accumulator[0m[2m:[0m [2mcrates/sui-core/src/state_accumulator.rs[0m[2m:[0m[2m675:[0m accumulating running root for checkpoint 250
[2m2025-03-25T07:55:12.729115Z[0m [32m INFO[0m [1mnode[0m[1m{[0m[3mname[0m[2m=[0mk#b3f3cbb4..[1m}[0m[2m:[0m [2msui_core::state_accumulator[0m[2m:[0m [2mcrates/sui-core/src/state_accumulator.rs[0m[2m:[0m[2m675:[0m accumulating running root for checkpoint 251
[2m2025-03-25T07:55:12.765369Z[0m [32m INFO[0m [1mnode[0m[1m{[0m[3mname[0m[2m=[0mk#b3f3cbb4..[1m}[0m[2m:[0m [2msui_core::state_accumulator[0m[2m:[0m [2mcrates/sui-core/src/state_accumulator.rs[0m[2m:[0m[2m675:[0m accumulating running root for checkpoint 252
[2m2025-03-25T07:55:12.791245Z[0m [32m INFO[0m [1mnode[0m[1m{[0m[3mname[0m[2m=[0mk#b3f3cbb4..[1m}[0m[2m:[0m [2msui_core::state_accumulator[0m[2m:[0m [2mcrates/sui-core/src/state_accumulator.rs[0m[2m:[0m[2m675:[0m accumulating running root for checkpoint 253
[2m2025-03-25T07:55:12.827140Z[0m [32m INFO[0m [1mnode[0m[1m{[0m[3mname[0m[2m=[0mk#b3f3cbb4..[1m}[0m[2m:[0m [2msui_core::state_accumulator[0m[2m:[0m [2mcrates/sui-core/src/state_accumulator.rs[0m[2m:[0m[2m675:[0m accumulating running root for checkpoint 254
[2m2025-03-25T07:55:12.852846Z[0m [32m INFO[0m [1mnode[0m[1m{[0m[3mname[0m[2m=[0mk#b3f3cbb4..[1m}[0m[2m:[0m [2msui_core::state_accumulator[0m[2m:[0m [2mcrates/sui-core/src/state_accumulator.rs[0m[2m:[0m[2m675:[0m accumulating running root for checkpoint 255
[2m2025-03-25T07:55:12.888883Z[0m [32m INFO[0m [1mnode[0m[1m{[0m[3mname[0m[2m=[0mk#b3f3cbb4..[1m}[0m[2m:[0m [2msui_core::state_accumulator[0m[2m:[0m [2mcrates/sui-core/src/state_accumulator.rs[0m[2m:[0m[2m675:[0m accumulating running root for checkpoint 256
[2m2025-03-25T07:55:12.914824Z[0m [32m INFO[0m [1mnode[0m[1m{[0m[3mname[0m[2m=[0mk#b3f3cbb4..[1m}[0m[2m:[0m [2msui_core::state_accumulator[0m[2m:[0m [2mcrates/sui-core/src/state_accumulator.rs[0m[2m:[0m[2m675:[0m accumulating running root for checkpoint 257
[2m2025-03-25T07:55:12.950679Z[0m [32m INFO[0m [1mnode[0m[1m{[0m[3mname[0m[2m=[0mk#b3f3cbb4..[1m}[0m[2m:[0m [2msui_core::state_accumulator[0m[2m:[0m [2mcrates/sui-core/src/state_accumulator.rs[0m[2m:[0m[2m675:[0m accumulating running root for checkpoint 258
[2m2025-03-25T07:55:12.976388Z[0m [32m INFO[0m [1mnode[0m[1m{[0m[3mname[0m[2m=[0mk#b3f3cbb4..[1m}[0m[2m:[0m [2msui_core::state_accumulator[0m[2m:[0m [2mcrates/sui-core/src/state_accumulator.rs[0m[2m:[0m[2m675:[0m accumulating running root for checkpoint 259
[2m2025-03-25T07:55:12.985282Z[0m [31mERROR[0m [2mmysten_metrics::thread_stall_monitor[0m[2m:[0m [2mcrates/mysten-metrics/src/thread_stall_monitor.rs[0m[2m:[0m[2m43:[0m Thread stalled for 508ms
[2m2025-03-25T07:55:13.012448Z[0m [32m INFO[0m [1mnode[0m[1m{[0m[3mname[0m[2m=[0mk#b3f3cbb4..[1m}[0m[2m:[0m [2msui_core::state_accumulator[0m[2m:[0m [2mcrates/sui-core/src/state_accumulator.rs[0m[2m:[0m[2m675:[0m accumulating running root for checkpoint 260
[2m2025-03-25T07:55:13.038153Z[0m [32m INFO[0m [1mnode[0m[1m{[0m[3mname[0m[2m=[0mk#b3f3cbb4..[1m}[0m[2m:[0m [2msui_core::state_accumulator[0m[2m:[0m [2mcrates/sui-core/src/state_accumulator.rs[0m[2m:[0m[2m675:[0m accumulating running root for checkpoint 261
[2m2025-03-25T07:55:14.131741Z[0m [32m INFO[0m [1mnode[0m[1m{[0m[3mname[0m[2m=[0mk#addeef94..[1m}[0m[2m:[0m [2msui_core::checkpoints[0m[2m:[0m [2mcrates/sui-core/src/checkpoints/mod.rs[0m[2m:[0m[2m1326:[0m Creating checkpoint(s) for 2 transactions [3mnext_checkpoint_seq[0m[2m=[0m263 [3mcheckpoint_timestamp[0m[2m=[0m1742889311978
[2m2025-03-25T07:55:14.131741Z[0m [32m INFO[0m [1mnode[0m[1m{[0m[3mname[0m[2m=[0mk#8dcff6d1..[1m}[0m[2m:[0m [2msui_core::checkpoints[0m[2m:[0m [2mcrates/sui-core/src/checkpoints/mod.rs[0m[2m:[0m[2m1326:[0m Creating checkpoint(s) for 2 transactions [3mnext_checkpoint_seq[0m[2m=[0m263 [3mcheckpoint_timestamp[0m[2m=[0m1742889311978
[2m2025-03-25T07:55:14.131741Z[0m [32m INFO[0m [1mnode[0m[1m{[0m[3mname[0m[2m=[0mk#99f25ef6..[1m}[0m[2m:[0m [2msui_core::checkpoints[0m[2m:[0m [2mcrates/sui-core/src/checkpoints/mod.rs[0m[2m:[0m[2m1326:[0m Creating checkpoint(s) for 2 transactions [3mnext_checkpoint_seq[0m[2m=[0m263 [3mcheckpoint_timestamp[0m[2m=[0m1742889311978
[2m2025-03-25T07:55:14.132364Z[0m [32m INFO[0m [1mnode[0m[1m{[0m[3mname[0m[2m=[0mk#8dcff6d1..[1m}[0m[2m:[0m [2msui_core::checkpoints::checkpoint_output[0m[2m:[0m [2mcrates/sui-core/src/checkpoints/checkpoint_output.rs[0m[2m:[0m[2m149:[0m Creating checkpoint CheckpointDigest(G91xT2YdfsCkDAESeVLsMCKiphngWcWtGTr9XbjotMMs) at epoch 1, sequence 263, previous digest Some(CheckpointDigest(46VyqVgepRD1obCkzH2irn9Ds83T3xVq1sMXckf3QTDC)), transactions count 2, content digest CheckpointContentsDigest(2MhtvWnynVwAMNFGEcSQVBZjY2WoGLQv8gnNhCBVqZmC), end_of_epoch_data None
[2m2025-03-25T07:55:14.132364Z[0m [32m INFO[0m [1mnode[0m[1m{[0m[3mname[0m[2m=[0mk#99f25ef6..[1m}[0m[2m:[0m [2msui_core::checkpoints::checkpoint_output[0m[2m:[0m [2mcrates/sui-core/src/checkpoints/checkpoint_output.rs[0m[2m:[0m[2m149:[0m Creating checkpoint CheckpointDigest(G91xT2YdfsCkDAESeVLsMCKiphngWcWtGTr9XbjotMMs) at epoch 1, sequence 263, previous digest Some(CheckpointDigest(46VyqVgepRD1obCkzH2irn9Ds83T3xVq1sMXckf3QTDC)), transactions count 2, content digest CheckpointContentsDigest(2MhtvWnynVwAMNFGEcSQVBZjY2WoGLQv8gnNhCBVqZmC), end_of_epoch_data None
[2m2025-03-25T07:55:14.132364Z[0m [32m INFO[0m [1mnode[0m[1m{[0m[3mname[0m[2m=[0mk#addeef94..[1m}[0m[2m:[0m [2msui_core::checkpoints::checkpoint_output[0m[2m:[0m [2mcrates/sui-core/src/checkpoints/checkpoint_output.rs[0m[2m:[0m[2m149:[0m Creating checkpoint CheckpointDigest(G91xT2YdfsCkDAESeVLsMCKiphngWcWtGTr9XbjotMMs) at epoch 1, sequence 263, previous digest Some(CheckpointDigest(46VyqVgepRD1obCkzH2irn9Ds83T3xVq1sMXckf3QTDC)), transactions count 2, content digest CheckpointContentsDigest(2MhtvWnynVwAMNFGEcSQVBZjY2WoGLQv8gnNhCBVqZmC), end_of_epoch_data None
[2m2025-03-25T07:55:14.135179Z[0m [32m INFO[0m [1mnode[0m[1m{[0m[3mname[0m[2m=[0mk#99f25ef6..[1m}[0m[2m:[0m [2mconsensus_core::commit_syncer[0m[2m:[0m [2mconsensus/core/src/commit_syncer.rs[0m[2m:[0m[2m196:[0m Checking to schedule fetches: synced_commit_index=50, highest_handled_index=50, highest_scheduled_index=0, quorum_commit_index=48, unhandled_commits_threshold=3200
[2m2025-03-25T07:55:14.135336Z[0m [32m INFO[0m [1mnode[0m[1m{[0m[3mname[0m[2m=[0mk#8dcff6d1..[1m}[0m[2m:[0m [2mconsensus_core::commit_syncer[0m[2m:[0m [2mconsensus/core/src/commit_syncer.rs[0m[2m:[0m[2m196:[0m Checking to schedule fetches: synced_commit_index=50, highest_handled_index=50, highest_scheduled_index=0, quorum_commit_index=48, unhandled_commits_threshold=3200
[2m2025-03-25T07:55:14.135381Z[0m [32m INFO[0m [1mnode[0m[1m{[0m[3mname[0m[2m=[0mk#addeef94..[1m}[0m[2m:[0m [2mconsensus_core::commit_syncer[0m[2m:[0m [2mconsensus/core/src/commit_syncer.rs[0m[2m:[0m[2m196:[0m Checking to schedule fetches: synced_commit_index=50, highest_handled_index=50, highest_scheduled_index=0, quorum_commit_index=0, unhandled_commits_threshold=3200
[2m2025-03-25T07:55:14.135828Z[0m [32m INFO[0m [1mnode[0m[1m{[0m[3mname[0m[2m=[0mk#addeef94..[1m}[0m[2m:[0m [2mconsensus_core::core[0m[2m:[0m [2mconsensus/core/src/core.rs[0m[2m:[0m[2m945:[0m Included 3 ancestors & excluded 0 ancestors for proposal in round 60
[2m2025-03-25T07:55:14.136162Z[0m [32m INFO[0m [1mnode[0m[1m{[0m[3mname[0m[2m=[0mk#addeef94..[1m}[0m[2m:[0m [2mconsensus_core::core[0m[2m:[0m [2mconsensus/core/src/core.rs[0m[2m:[0m[2m531:[0m Created block B60(C,Sx/qNfR5wvCIDUJbUgrlehgjxjoNah+c28LMRP21Fhc=)(1742889314135ms;[B59(C,bzKBtlma+14nVRduhtEZinITNCByzED7znMPFq+kj44=), B59(A,RSKBZAQ/G/SilsN4uS3iWCchC2WYKugrAqHmEa/dTXs=), B59(B,q0di+c2QsgbmalRQlUQhZA9DVaBk0+6dbSJqVOLZ7/s=)];0t;1c) for round 60
[2m2025-03-25T07:55:14.136864Z[0m [32m INFO[0m [1mnode[0m[1m{[0m[3mname[0m[2m=[0mk#99f25ef6..[1m}[0m[2m:[0m [2mconsensus_core::core[0m[2m:[0m [2mconsensus/core/src/core.rs[0m[2m:[0m[2m945:[0m Included 3 ancestors & excluded 0 ancestors for proposal in round 60
[2m2025-03-25T07:55:14.136908Z[0m [32m INFO[0m [1mnode[0m[1m{[0m[3mname[0m[2m=[0mk#8dcff6d1..[1m}[0m[2m:[0m [2mconsensus_core::core[0m[2m:[0m [2mconsensus/core/src/core.rs[0m[2m:[0m[2m945:[0m Included 2 ancestors & excluded 0 ancestors for proposal in round 60
[2m2025-03-25T07:55:14.137143Z[0m [32m INFO[0m [1mnode[0m[1m{[0m[3mname[0m[2m=[0mk#99f25ef6..[1m}[0m[2m:[0m [2mconsensus_core::core[0m[2m:[0m [2mconsensus/core/src/core.rs[0m[2m:[0m[2m531:[0m Created block B60(B,2D0vZkYU7rXfOev1umDmTxaKScQKV9NFNZVdCo5jKNU=)(1742889314136ms;[B59(B,q0di+c2QsgbmalRQlUQhZA9DVaBk0+6dbSJqVOLZ7/s=), B59(A,RSKBZAQ/G/SilsN4uS3iWCchC2WYKugrAqHmEa/dTXs=), B59(C,bzKBtlma+14nVRduhtEZinITNCByzED7znMPFq+kj44=)];0t;1c) for round 60
[2m2025-03-25T07:55:14.137170Z[0m [32m INFO[0m [1mnode[0m[1m{[0m[3mname[0m[2m=[0mk#8dcff6d1..[1m}[0m[2m:[0m [2mconsensus_core::core[0m[2m:[0m [2mconsensus/core/src/core.rs[0m[2m:[0m[2m531:[0m Created block B60(A,TSwn1KP3isY045aMrc9vU1T5C/ifQlIg9W5a6aVgmYo=)(1742889314136ms;[B59(A,RSKBZAQ/G/SilsN4uS3iWCchC2WYKugrAqHmEa/dTXs=), B59(C,bzKBtlma+14nVRduhtEZinITNCByzED7znMPFq+kj44=)];0t;1c) for round 60
[2m2025-03-25T07:55:14.138304Z[0m [32m INFO[0m [1mnode[0m[1m{[0m[3mname[0m[2m=[0mk#99f25ef6..[1m}[0m[2m:[0m [2msui_core::checkpoints::checkpoint_output[0m[2m:[0m [2mcrates/sui-core/src/checkpoints/checkpoint_output.rs[0m[2m:[0m[2m196:[0m Certified checkpoint with sequence 262 and digest 46VyqVgepRD1obCkzH2irn9Ds83T3xVq1sMXckf3QTDC
[2m2025-03-25T07:55:14.138361Z[0m [32m INFO[0m [1mnode[0m[1m{[0m[3mname[0m[2m=[0mk#8dcff6d1..[1m}[0m[2m:[0m [2msui_core::checkpoints::checkpoint_output[0m[2m:[0m [2mcrates/sui-core/src/checkpoints/checkpoint_output.rs[0m[2m:[0m[2m196:[0m Certified checkpoint with sequence 262 and digest 46VyqVgepRD1obCkzH2irn9Ds83T3xVq1sMXckf3QTDC
[2m2025-03-25T07:55:14.161723Z[0m [32m INFO[0m [1mnode[0m[1m{[0m[3mname[0m[2m=[0mk#8dcff6d1..[1m}[0m[2m:[0m [2msui_core::checkpoints::checkpoint_executor[0m[2m:[0m [2mcrates/sui-core/src/checkpoints/checkpoint_executor/mod.rs[0m[2m:[0m[2m332:[0m Received checkpoint summary from state sync [3msequence_number[0m[2m=[0m262
[2m2025-03-25T07:55:14.161892Z[0m [32m INFO[0m [1mnode[0m[1m{[0m[3mname[0m[2m=[0mk#99f25ef6..[1m}[0m[2m:[0m [2msui_core::checkpoints::checkpoint_executor[0m[2m:[0m [2mcrates/sui-core/src/checkpoints/checkpoint_executor/mod.rs[0m[2m:[0m[2m332:[0m Received checkpoint summary from state sync [3msequence_number[0m[2m=[0m262
[2m2025-03-25T07:55:14.163826Z[0m [32m INFO[0m [1mnode[0m[1m{[0m[3mname[0m[2m=[0mk#99f25ef6..[1m}[0m[2m:[0m [2msui_core::state_accumulator[0m[2m:[0m [2mcrates/sui-core/src/state_accumulator.rs[0m[2m:[0m[2m675:[0m accumulating running root for checkpoint 262
[2m2025-03-25T07:55:14.163826Z[0m [32m INFO[0m [1mnode[0m[1m{[0m[3mname[0m[2m=[0mk#8dcff6d1..[1m}[0m[2m:[0m [2msui_core::state_accumulator[0m[2m:[0m [2mcrates/sui-core/src/state_accumulator.rs[0m[2m:[0m[2m675:[0m accumulating running root for checkpoint 262
[2m2025-03-25T07:55:14.164899Z[0m [32m INFO[0m [1mnode[0m[1m{[0m[3mname[0m[2m=[0mk#8dcff6d1..[1m}[0m[2m:[0m [2mconsensus_core::core[0m[2m:[0m [2mconsensus/core/src/core.rs[0m[2m:[0m[2m630:[0m Committing 1 leaders: B58(A,3hEo)
[2m2025-03-25T07:55:14.165025Z[0m [32m INFO[0m [1mnode[0m[1m{[0m[3mname[0m[2m=[0mk#8dcff6d1..[1m}[0m[2m:[0m [2mconsensus_core::commit_observer[0m[2m:[0m [2mconsensus/core/src/commit_observer.rs[0m[2m:[0m[2m173:[0m Consensus commit C51(2opC) with leader B58(A,3hEo) has 3 blocks
[2m2025-03-25T07:55:14.188834Z[0m [31mERROR[0m [2mmysten_metrics::thread_stall_monitor[0m[2m:[0m [2mcrates/mysten-metrics/src/thread_stall_monitor.rs[0m[2m:[0m[2m48:[0m Thread stall cleared after 1656ms
[2m2025-03-25T07:55:14.206354Z[0m [32m INFO[0m [1mnode[0m[1m{[0m[3mname[0m[2m=[0mk#addeef94..[1m}[0m[2m:[0m [2mconsensus_core::core[0m[2m:[0m [2mconsensus/core/src/core.rs[0m[2m:[0m[2m630:[0m Committing 1 leaders: B58(A,3hEo)
[2m2025-03-25T07:55:14.206487Z[0m [32m INFO[0m [1mnode[0m[1m{[0m[3mname[0m[2m=[0mk#addeef94..[1m}[0m[2m:[0m [2mconsensus_core::commit_observer[0m[2m:[0m [2mconsensus/core/src/commit_observer.rs[0m[2m:[0m[2m173:[0m Consensus commit C51(2opC) with leader B58(A,3hEo) has 3 blocks
[2m2025-03-25T07:55:14.206892Z[0m [32m INFO[0m [1mnode[0m[1m{[0m[3mname[0m[2m=[0mk#addeef94..[1m}[0m[2m:[0m [2msui_core::consensus_handler[0m[2m:[0m [2mcrates/sui-core/src/consensus_handler.rs[0m[2m:[0m[2m232:[0m Received consensus output [3mconsensus_commit[0m[2m=[0mCommittedSubDag(leader=B58(A,3hEo), ref=C51(2opC), blocks=[1qDd, /59S, 3hEo]) [3mepoch[0m[2m=[0m1
[2m2025-03-25T07:55:14.207755Z[0m [32m INFO[0m [1mnode[0m[1m{[0m[3mname[0m[2m=[0mk#addeef94..[1m}[0m[2m:[0m [2mconsensus_core::core[0m[2m:[0m [2mconsensus/core/src/core.rs[0m[2m:[0m[2m694:[0m Received quorum round per authority in ancestor state manager set to: [(59, 59), (59, 59), (59, 59)]
[2m2025-03-25T07:55:14.207765Z[0m [32m INFO[0m [1mnode[0m[1m{[0m[3mname[0m[2m=[0mk#addeef94..[1m}[0m[2m:[0m [2mconsensus_core::core[0m[2m:[0m [2mconsensus/core/src/core.rs[0m[2m:[0m[2m695:[0m Accepted quorum round per authority in ancestor state manager set to: [(59, 59), (59, 59), (59, 59)]
[2m2025-03-25T07:55:14.207772Z[0m [32m INFO[0m [1mnode[0m[1m{[0m[3mname[0m[2m=[0mk#addeef94..[1m}[0m[2m:[0m [2mconsensus_core::core[0m[2m:[0m [2mconsensus/core/src/core.rs[0m[2m:[0m[2m698:[0m Propagation round delay set to: 0
[2m2025-03-25T07:55:14.209935Z[0m [32m INFO[0m [1mnode[0m[1m{[0m[3mname[0m[2m=[0mk#99f25ef6..[1m}[0m[2m:[0m [2mconsensus_core::core[0m[2m:[0m [2mconsensus/core/src/core.rs[0m[2m:[0m[2m630:[0m Committing 1 leaders: B58(A,3hEo)
[2m2025-03-25T07:55:14.209977Z[0m [32m INFO[0m [1mnode[0m[1m{[0m[3mname[0m[2m=[0mk#8dcff6d1..[1m}[0m[2m:[0m [2msui_core::consensus_handler[0m[2m:[0m [2mcrates/sui-core/src/consensus_handler.rs[0m[2m:[0m[2m232:[0m Received consensus output [3mconsensus_commit[0m[2m=[0mCommittedSubDag(leader=B58(A,3hEo), ref=C51(2opC), blocks=[1qDd, /59S, 3hEo]) [3mepoch[0m[2m=[0m1
[2m2025-03-25T07:55:14.210043Z[0m [32m INFO[0m [1mnode[0m[1m{[0m[3mname[0m[2m=[0mk#99f25ef6..[1m}[0m[2m:[0m [2mconsensus_core::commit_observer[0m[2m:[0m [2mconsensus/core/src/commit_observer.rs[0m[2m:[0m[2m173:[0m Consensus commit C51(2opC) with leader B58(A,3hEo) has 3 blocks
[2m2025-03-25T07:55:14.210168Z[0m [32m INFO[0m [1mnode[0m[1m{[0m[3mname[0m[2m=[0mk#99f25ef6..[1m}[0m[2m:[0m [2msui_core::consensus_handler[0m[2m:[0m [2mcrates/sui-core/src/consensus_handler.rs[0m[2m:[0m[2m232:[0m Received consensus output [3mconsensus_commit[0m[2m=[0mCommittedSubDag(leader=B58(A,3hEo), ref=C51(2opC), blocks=[1qDd, /59S, 3hEo]) [3mepoch[0m[2m=[0m1
[2m2025-03-25T07:55:14.235637Z[0m [32m INFO[0m [1mnode[0m[1m{[0m[3mname[0m[2m=[0mk#addeef94..[1m}[0m[2m:[0m [2msui_core::checkpoints[0m[2m:[0m [2mcrates/sui-core/src/checkpoints/mod.rs[0m[2m:[0m[2m1326:[0m Creating checkpoint(s) for 2 transactions [3mnext_checkpoint_seq[0m[2m=[0m264 [3mcheckpoint_timestamp[0m[2m=[0m1742889312234
[2m2025-03-25T07:55:14.235942Z[0m [32m INFO[0m [1mnode[0m[1m{[0m[3mname[0m[2m=[0mk#8dcff6d1..[1m}[0m[2m:[0m [2msui_core::checkpoints[0m[2m:[0m [2mcrates/sui-core/src/checkpoints/mod.rs[0m[2m:[0m[2m1326:[0m Creating checkpoint(s) for 2 transactions [3mnext_checkpoint_seq[0m[2m=[0m264 [3mcheckpoint_timestamp[0m[2m=[0m1742889312234
[2m2025-03-25T07:55:14.235977Z[0m [32m INFO[0m [1mnode[0m[1m{[0m[3mname[0m[2m=[0mk#99f25ef6..[1m}[0m[2m:[0m [2msui_core::checkpoints[0m[2m:[0m [2mcrates/sui-core/src/checkpoints/mod.rs[0m[2m:[0m[2m1326:[0m Creating checkpoint(s) for 2 transactions [3mnext_checkpoint_seq[0m[2m=[0m264 [3mcheckpoint_timestamp[0m[2m=[0m1742889312234
[2m2025-03-25T07:55:14.235970Z[0m [32m INFO[0m [1mnode[0m[1m{[0m[3mname[0m[2m=[0mk#addeef94..[1m}[0m[2m:[0m [2msui_core::checkpoints::checkpoint_output[0m[2m:[0m [2mcrates/sui-core/src/checkpoints/checkpoint_output.rs[0m[2m:[0m[2m149:[0m Creating checkpoint CheckpointDigest(4f4dZdcphqtmSsNvA2PnF6ZWmaxxcif8K4v2VaT1YFLB) at epoch 1, sequence 264, previous digest Some(CheckpointDigest(G91xT2YdfsCkDAESeVLsMCKiphngWcWtGTr9XbjotMMs)), transactions count 2, content digest CheckpointContentsDigest(62VR6vH31viiipGfgoxv8qPUdaK8Fyzztzdp6tKJjnQA), end_of_epoch_data None
[2m2025-03-25T07:55:14.236190Z[0m [32m INFO[0m [1mnode[0m[1m{[0m[3mname[0m[2m=[0mk#8dcff6d1..[1m}[0m[2m:[0m [2msui_core::checkpoints::checkpoint_output[0m[2m:[0m [2mcrates/sui-core/src/checkpoints/checkpoint_output.rs[0m[2m:[0m[2m149:[0m Creating checkpoint CheckpointDigest(4f4dZdcphqtmSsNvA2PnF6ZWmaxxcif8K4v2VaT1YFLB) at epoch 1, sequence 264, previous digest Some(CheckpointDigest(G91xT2YdfsCkDAESeVLsMCKiphngWcWtGTr9XbjotMMs)), transactions count 2, content digest CheckpointContentsDigest(62VR6vH31viiipGfgoxv8qPUdaK8Fyzztzdp6tKJjnQA), end_of_epoch_data None
[2m2025-03-25T07:55:14.236222Z[0m [32m INFO[0m [1mnode[0m[1m{[0m[3mname[0m[2m=[0mk#99f25ef6..[1m}[0m[2m:[0m [2msui_core::checkpoints::checkpoint_output[0m[2m:[0m [2mcrates/sui-core/src/checkpoints/checkpoint_output.rs[0m[2m:[0m[2m149:[0m Creating checkpoint CheckpointDigest(4f4dZdcphqtmSsNvA2PnF6ZWmaxxcif8K4v2VaT1YFLB) at epoch 1, sequence 264, previous digest Some(CheckpointDigest(G91xT2YdfsCkDAESeVLsMCKiphngWcWtGTr9XbjotMMs)), transactions count 2, content digest CheckpointContentsDigest(62VR6vH31viiipGfgoxv8qPUdaK8Fyzztzdp6tKJjnQA), end_of_epoch_data None
[2m2025-03-25T07:55:14.236830Z[0m [32m INFO[0m [1mnode[0m[1m{[0m[3mname[0m[2m=[0mk#addeef94..[1m}[0m[2m:[0m [2msui_core::checkpoints::checkpoint_executor[0m[2m:[0m [2mcrates/sui-core/src/checkpoints/checkpoint_executor/mod.rs[0m[2m:[0m[2m332:[0m Received checkpoint summary from state sync [3msequence_number[0m[2m=[0m262
[2m2025-03-25T07:55:14.237763Z[0m [32m INFO[0m [1mnode[0m[1m{[0m[3mname[0m[2m=[0mk#99f25ef6..[1m}[0m[2m:[0m [2mconsensus_core::core[0m[2m:[0m [2mconsensus/core/src/core.rs[0m[2m:[0m[2m694:[0m Received quorum round per authority in ancestor state manager set to: [(59, 59), (59, 59), (60, 60)]
[2m2025-03-25T07:55:14.237772Z[0m [32m INFO[0m [1mnode[0m[1m{[0m[3mname[0m[2m=[0mk#99f25ef6..[1m}[0m[2m:[0m [2mconsensus_core::core[0m[2m:[0m [2mconsensus/core/src/core.rs[0m[2m:[0m[2m695:[0m Accepted quorum round per authority in ancestor state manager set to: [(59, 59), (59, 59), (60, 60)]
[2m2025-03-25T07:55:14.237779Z[0m [32m INFO[0m [1mnode[0m[1m{[0m[3mname[0m[2m=[0mk#99f25ef6..[1m}[0m[2m:[0m [2mconsensus_core::core[0m[2m:[0m [2mconsensus/core/src/core.rs[0m[2m:[0m[2m698:[0m Propagation round delay set to: 0
[2m2025-03-25T07:55:14.237908Z[0m [32m INFO[0m [1mnode[0m[1m{[0m[3mname[0m[2m=[0mk#8dcff6d1..[1m}[0m[2m:[0m [2mconsensus_core::core[0m[2m:[0m [2mconsensus/core/src/core.rs[0m[2m:[0m[2m694:[0m Received quorum round per authority in ancestor state manager set to: [(59, 59), (59, 59), (59, 60)]
[2m2025-03-25T07:55:14.237916Z[0m [32m INFO[0m [1mnode[0m[1m{[0m[3mname[0m[2m=[0mk#8dcff6d1..[1m}[0m[2m:[0m [2mconsensus_core::core[0m[2m:[0m [2mconsensus/core/src/core.rs[0m[2m:[0m[2m695:[0m Accepted quorum round per authority in ancestor state manager set to: [(59, 59), (59, 59), (59, 60)]
[2m2025-03-25T07:55:14.237922Z[0m [32m INFO[0m [1mnode[0m[1m{[0m[3mname[0m[2m=[0mk#8dcff6d1..[1m}[0m[2m:[0m [2mconsensus_core::core[0m[2m:[0m [2mconsensus/core/src/core.rs[0m[2m:[0m[2m698:[0m Propagation round delay set to: 0
[2m2025-03-25T07:55:14.238227Z[0m [32m INFO[0m [1mnode[0m[1m{[0m[3mname[0m[2m=[0mk#addeef94..[1m}[0m[2m:[0m [2msui_core::state_accumulator[0m[2m:[0m [2mcrates/sui-core/src/state_accumulator.rs[0m[2m:[0m[2m675:[0m accumulating running root for checkpoint 262
[2m2025-03-25T07:55:14.239671Z[0m [32m INFO[0m [1mnode[0m[1m{[0m[3mname[0m[2m=[0mk#b3f3cbb4..[1m}[0m[2m:[0m [2msui_core::checkpoints::checkpoint_executor[0m[2m:[0m [2mcrates/sui-core/src/checkpoints/checkpoint_executor/mod.rs[0m[2m:[0m[2m332:[0m Received checkpoint summary from state sync [3msequence_number[0m[2m=[0m262
[2m2025-03-25T07:55:14.328324Z[0m [32m INFO[0m [1mnode[0m[1m{[0m[3mname[0m[2m=[0mk#b3f3cbb4..[1m}[0m[2m:[0m [2msui_core::state_accumulator[0m[2m:[0m [2mcrates/sui-core/src/state_accumulator.rs[0m[2m:[0m[2m675:[0m accumulating running root for checkpoint 262
[2m2025-03-25T07:55:14.459156Z[0m [32m INFO[0m [1mnode[0m[1m{[0m[3mname[0m[2m=[0mk#addeef94..[1m}[0m[2m:[0m [2mconsensus_core::core[0m[2m:[0m [2mconsensus/core/src/core.rs[0m[2m:[0m[2m945:[0m Included 3 ancestors & excluded 0 ancestors for proposal in round 61
[2m2025-03-25T07:55:14.459811Z[0m [32m INFO[0m [1mnode[0m[1m{[0m[3mname[0m[2m=[0mk#addeef94..[1m}[0m[2m:[0m [2mconsensus_core::core[0m[2m:[0m [2mconsensus/core/src/core.rs[0m[2m:[0m[2m531:[0m Created block B61(C,698zohC6INYwIdVIHMJuaTgvK0fElV7trQSbWHCu7Ok=)(1742889314459ms;[B60(C,Sx/qNfR5wvCIDUJbUgrlehgjxjoNah+c28LMRP21Fhc=), B60(A,TSwn1KP3isY045aMrc9vU1T5C/ifQlIg9W5a6aVgmYo=), B60(B,2D0vZkYU7rXfOev1umDmTxaKScQKV9NFNZVdCo5jKNU=)];2t;1c) for round 61
[2m2025-03-25T07:55:14.464140Z[0m [32m INFO[0m [1mnode[0m[1m{[0m[3mname[0m[2m=[0mk#99f25ef6..[1m}[0m[2m:[0m [2mconsensus_core::core[0m[2m:[0m [2mconsensus/core/src/core.rs[0m[2m:[0m[2m945:[0m Included 3 ancestors & excluded 0 ancestors for proposal in round 61
[2m2025-03-25T07:55:14.464160Z[0m [32m INFO[0m [1mnode[0m[1m{[0m[3mname[0m[2m=[0mk#8dcff6d1..[1m}[0m[2m:[0m [2mconsensus_core::core[0m[2m:[0m [2mconsensus/core/src/core.rs[0m[2m:[0m[2m945:[0m Included 3 ancestors & excluded 0 ancestors for proposal in round 61
[2m2025-03-25T07:55:14.464747Z[0m [32m INFO[0m [1mnode[0m[1m{[0m[3mname[0m[2m=[0mk#99f25ef6..[1m}[0m[2m:[0m [2mconsensus_core::core[0m[2m:[0m [2mconsensus/core/src/core.rs[0m[2m:[0m[2m531:[0m Created block B61(B,jZIIa/CkZlmteTJDz45IPd57T0HCwlE5K1bYdy6KRiY=)(1742889314464ms;[B60(B,2D0vZkYU7rXfOev1umDmTxaKScQKV9NFNZVdCo5jKNU=), B60(A,TSwn1KP3isY045aMrc9vU1T5C/ifQlIg9W5a6aVgmYo=), B60(C,Sx/qNfR5wvCIDUJbUgrlehgjxjoNah+c28LMRP21Fhc=)];2t;1c) for round 61
[2m2025-03-25T07:55:14.464774Z[0m [32m INFO[0m [1mnode[0m[1m{[0m[3mname[0m[2m=[0mk#8dcff6d1..[1m}[0m[2m:[0m [2mconsensus_core::core[0m[2m:[0m [2mconsensus/core/src/core.rs[0m[2m:[0m[2m531:[0m Created block B61(A,6U0Uaku/2ECBrvs+yKceSanmqx/HD5G0Cs7X0HmYMOw=)(1742889314464ms;[B60(A,TSwn1KP3isY045aMrc9vU1T5C/ifQlIg9W5a6aVgmYo=), B60(B,2D0vZkYU7rXfOev1umDmTxaKScQKV9NFNZVdCo5jKNU=), B60(C,Sx/qNfR5wvCIDUJbUgrlehgjxjoNah+c28LMRP21Fhc=)];2t;1c) for round 61
[2m2025-03-25T07:55:14.464876Z[0m [32m INFO[0m [1mnode[0m[1m{[0m[3mname[0m[2m=[0mk#99f25ef6..[1m}[0m[2m:[0m [2mconsensus_core::core[0m[2m:[0m [2mconsensus/core/src/core.rs[0m[2m:[0m[2m630:[0m Committing 1 leaders: B59(A,RSKB)
[2m2025-03-25T07:55:14.464897Z[0m [32m INFO[0m [1mnode[0m[1m{[0m[3mname[0m[2m=[0mk#8dcff6d1..[1m}[0m[2m:[0m [2mconsensus_core::core[0m[2m:[0m [2mconsensus/core/src/core.rs[0m[2m:[0m[2m630:[0m Committing 1 leaders: B59(A,RSKB)
[2m2025-03-25T07:55:14.465005Z[0m [32m INFO[0m [1mnode[0m[1m{[0m[3mname[0m[2m=[0mk#99f25ef6..[1m}[0m[2m:[0m [2mconsensus_core::commit_observer[0m[2m:[0m [2mconsensus/core/src/commit_observer.rs[0m[2m:[0m[2m173:[0m Consensus commit C52(aDYh) with leader B59(A,RSKB) has 3 blocks
[2m2025-03-25T07:55:14.465019Z[0m [32m INFO[0m [1mnode[0m[1m{[0m[3mname[0m[2m=[0mk#8dcff6d1..[1m}[0m[2m:[0m [2mconsensus_core::commit_observer[0m[2m:[0m [2mconsensus/core/src/commit_observer.rs[0m[2m:[0m[2m173:[0m Consensus commit C52(aDYh) with leader B59(A,RSKB) has 3 blocks
[2m2025-03-25T07:55:14.465173Z[0m [32m INFO[0m [1mnode[0m[1m{[0m[3mname[0m[2m=[0mk#99f25ef6..[1m}[0m[2m:[0m [2msui_core::consensus_handler[0m[2m:[0m [2mcrates/sui-core/src/consensus_handler.rs[0m[2m:[0m[2m232:[0m Received consensus output [3mconsensus_commit[0m[2m=[0mCommittedSubDag(leader=B59(A,RSKB), ref=C52(aDYh), blocks=[fAiw, YVwk, RSKB]) [3mepoch[0m[2m=[0m1
[2m2025-03-25T07:55:14.465173Z[0m [32m INFO[0m [1mnode[0m[1m{[0m[3mname[0m[2m=[0mk#8dcff6d1..[1m}[0m[2m:[0m [2msui_core::consensus_handler[0m[2m:[0m [2mcrates/sui-core/src/consensus_handler.rs[0m[2m:[0m[2m232:[0m Received consensus output [3mconsensus_commit[0m[2m=[0mCommittedSubDag(leader=B59(A,RSKB), ref=C52(aDYh), blocks=[fAiw, YVwk, RSKB]) [3mepoch[0m[2m=[0m1
[2m2025-03-25T07:55:14.472317Z[0m [32m INFO[0m [1mnode[0m[1m{[0m[3mname[0m[2m=[0mk#addeef94..[1m}[0m[2m:[0m [2mconsensus_core::core[0m[2m:[0m [2mconsensus/core/src/core.rs[0m[2m:[0m[2m630:[0m Committing 1 leaders: B59(A,RSKB)
[2m2025-03-25T07:55:14.472446Z[0m [32m INFO[0m [1mnode[0m[1m{[0m[3mname[0m[2m=[0mk#addeef94..[1m}[0m[2m:[0m [2mconsensus_core::commit_observer[0m[2m:[0m [2mconsensus/core/src/commit_observer.rs[0m[2m:[0m[2m173:[0m Consensus commit C52(aDYh) with leader B59(A,RSKB) has 3 blocks
[2m2025-03-25T07:55:14.472627Z[0m [32m INFO[0m [1mnode[0m[1m{[0m[3mname[0m[2m=[0mk#addeef94..[1m}[0m[2m:[0m [2msui_core::consensus_handler[0m[2m:[0m [2mcrates/sui-core/src/consensus_handler.rs[0m[2m:[0m[2m232:[0m Received consensus output [3mconsensus_commit[0m[2m=[0mCommittedSubDag(leader=B59(A,RSKB), ref=C52(aDYh), blocks=[fAiw, YVwk, RSKB]) [3mepoch[0m[2m=[0m1
[2m2025-03-25T07:55:14.519561Z[0m [32m INFO[0m [1mnode[0m[1m{[0m[3mname[0m[2m=[0mk#99f25ef6..[1m}[0m[2m:[0m [2msui_core::checkpoints[0m[2m:[0m [2mcrates/sui-core/src/checkpoints/mod.rs[0m[2m:[0m[2m1326:[0m Creating checkpoint(s) for 1 transactions [3mnext_checkpoint_seq[0m[2m=[0m265 [3mcheckpoint_timestamp[0m[2m=[0m1742889312492
[2m2025-03-25T07:55:14.519561Z[0m [32m INFO[0m [1mnode[0m[1m{[0m[3mname[0m[2m=[0mk#8dcff6d1..[1m}[0m[2m:[0m [2msui_core::checkpoints[0m[2m:[0m [2mcrates/sui-core/src/checkpoints/mod.rs[0m[2m:[0m[2m1326:[0m Creating checkpoint(s) for 1 transactions [3mnext_checkpoint_seq[0m[2m=[0m265 [3mcheckpoint_timestamp[0m[2m=[0m1742889312492
[2m2025-03-25T07:55:14.519796Z[0m [32m INFO[0m [1mnode[0m[1m{[0m[3mname[0m[2m=[0mk#99f25ef6..[1m}[0m[2m:[0m [2msui_core::checkpoints::checkpoint_output[0m[2m:[0m [2mcrates/sui-core/src/checkpoints/checkpoint_output.rs[0m[2m:[0m[2m149:[0m Creating checkpoint CheckpointDigest(4o9qdnrLZiV5pc3Q1t5kyTBrdabUxKPxHKk4qVwyiQh3) at epoch 1, sequence 265, previous digest Some(CheckpointDigest(4f4dZdcphqtmSsNvA2PnF6ZWmaxxcif8K4v2VaT1YFLB)), transactions count 1, content digest CheckpointContentsDigest(2vn9nKbxXt1ApfGE6RtgNUYKct171LQaN4R3GhKb5kXj), end_of_epoch_data None
[2m2025-03-25T07:55:14.519796Z[0m [32m INFO[0m [1mnode[0m[1m{[0m[3mname[0m[2m=[0mk#8dcff6d1..[1m}[0m[2m:[0m [2msui_core::checkpoints::checkpoint_output[0m[2m:[0m [2mcrates/sui-core/src/checkpoints/checkpoint_output.rs[0m[2m:[0m[2m149:[0m Creating checkpoint CheckpointDigest(4o9qdnrLZiV5pc3Q1t5kyTBrdabUxKPxHKk4qVwyiQh3) at epoch 1, sequence 265, previous digest Some(CheckpointDigest(4f4dZdcphqtmSsNvA2PnF6ZWmaxxcif8K4v2VaT1YFLB)), transactions count 1, content digest CheckpointContentsDigest(2vn9nKbxXt1ApfGE6RtgNUYKct171LQaN4R3GhKb5kXj), end_of_epoch_data None
[2m2025-03-25T07:55:14.523215Z[0m [32m INFO[0m [1mnode[0m[1m{[0m[3mname[0m[2m=[0mk#addeef94..[1m}[0m[2m:[0m [2msui_core::checkpoints[0m[2m:[0m [2mcrates/sui-core/src/checkpoints/mod.rs[0m[2m:[0m[2m1326:[0m Creating checkpoint(s) for 1 transactions [3mnext_checkpoint_seq[0m[2m=[0m265 [3mcheckpoint_timestamp[0m[2m=[0m1742889312492
[2m2025-03-25T07:55:14.523384Z[0m [32m INFO[0m [1mnode[0m[1m{[0m[3mname[0m[2m=[0mk#addeef94..[1m}[0m[2m:[0m [2msui_core::checkpoints::checkpoint_output[0m[2m:[0m [2mcrates/sui-core/src/checkpoints/checkpoint_output.rs[0m[2m:[0m[2m149:[0m Creating checkpoint CheckpointDigest(4o9qdnrLZiV5pc3Q1t5kyTBrdabUxKPxHKk4qVwyiQh3) at epoch 1, sequence 265, previous digest Some(CheckpointDigest(4f4dZdcphqtmSsNvA2PnF6ZWmaxxcif8K4v2VaT1YFLB)), transactions count 1, content digest CheckpointContentsDigest(2vn9nKbxXt1ApfGE6RtgNUYKct171LQaN4R3GhKb5kXj), end_of_epoch_data None
[2m2025-03-25T07:55:14.588326Z[0m [32m INFO[0m [1mnode[0m[1m{[0m[3mname[0m[2m=[0mk#99f25ef6..[1m}[0m[2m:[0m [2msui_core::checkpoints::checkpoint_output[0m[2m:[0m [2mcrates/sui-core/src/checkpoints/checkpoint_output.rs[0m[2m:[0m[2m196:[0m Certified checkpoint with sequence 263 and digest G91xT2YdfsCkDAESeVLsMCKiphngWcWtGTr9XbjotMMs
[2m2025-03-25T07:55:14.588333Z[0m [32m INFO[0m [1mnode[0m[1m{[0m[3mname[0m[2m=[0mk#8dcff6d1..[1m}[0m[2m:[0m [2msui_core::checkpoints::checkpoint_output[0m[2m:[0m [2mcrates/sui-core/src/checkpoints/checkpoint_output.rs[0m[2m:[0m[2m196:[0m Certified checkpoint with sequence 263 and digest G91xT2YdfsCkDAESeVLsMCKiphngWcWtGTr9XbjotMMs
[2m2025-03-25T07:55:14.588356Z[0m [32m INFO[0m [1mnode[0m[1m{[0m[3mname[0m[2m=[0mk#8dcff6d1..[1m}[0m[2m:[0m [2msui_core::checkpoints::checkpoint_output[0m[2m:[0m [2mcrates/sui-core/src/checkpoints/checkpoint_output.rs[0m[2m:[0m[2m196:[0m Certified checkpoint with sequence 264 and digest 4f4dZdcphqtmSsNvA2PnF6ZWmaxxcif8K4v2VaT1YFLB
[2m2025-03-25T07:55:14.588356Z[0m [32m INFO[0m [1mnode[0m[1m{[0m[3mname[0m[2m=[0mk#99f25ef6..[1m}[0m[2m:[0m [2msui_core::checkpoints::checkpoint_output[0m[2m:[0m [2mcrates/sui-core/src/checkpoints/checkpoint_output.rs[0m[2m:[0m[2m196:[0m Certified checkpoint with sequence 264 and digest 4f4dZdcphqtmSsNvA2PnF6ZWmaxxcif8K4v2VaT1YFLB
[2m2025-03-25T07:55:14.589271Z[0m [32m INFO[0m [1mnode[0m[1m{[0m[3mname[0m[2m=[0mk#8dcff6d1..[1m}[0m[2m:[0m [2msui_core::checkpoints::checkpoint_executor[0m[2m:[0m [2mcrates/sui-core/src/checkpoints/checkpoint_executor/mod.rs[0m[2m:[0m[2m332:[0m Received checkpoint summary from state sync [3msequence_number[0m[2m=[0m263
[2m2025-03-25T07:55:14.589273Z[0m [32m INFO[0m [1mnode[0m[1m{[0m[3mname[0m[2m=[0mk#99f25ef6..[1m}[0m[2m:[0m [2msui_core::checkpoints::checkpoint_executor[0m[2m:[0m [2mcrates/sui-core/src/checkpoints/checkpoint_executor/mod.rs[0m[2m:[0m[2m332:[0m Received checkpoint summary from state sync [3msequence_number[0m[2m=[0m263
[2m2025-03-25T07:55:14.589410Z[0m [32m INFO[0m [1mnode[0m[1m{[0m[3mname[0m[2m=[0mk#99f25ef6..[1m}[0m[2m:[0m [2msui_core::checkpoints::checkpoint_executor[0m[2m:[0m [2mcrates/sui-core/src/checkpoints/checkpoint_executor/mod.rs[0m[2m:[0m[2m332:[0m Received checkpoint summary from state sync [3msequence_number[0m[2m=[0m264
[2m2025-03-25T07:55:14.589410Z[0m [32m INFO[0m [1mnode[0m[1m{[0m[3mname[0m[2m=[0mk#8dcff6d1..[1m}[0m[2m:[0m [2msui_core::checkpoints::checkpoint_executor[0m[2m:[0m [2mcrates/sui-core/src/checkpoints/checkpoint_executor/mod.rs[0m[2m:[0m[2m332:[0m Received checkpoint summary from state sync [3msequence_number[0m[2m=[0m264
[2m2025-03-25T07:55:14.592880Z[0m [32m INFO[0m [1mnode[0m[1m{[0m[3mname[0m[2m=[0mk#8dcff6d1..[1m}[0m[2m:[0m [2msui_core::state_accumulator[0m[2m:[0m [2mcrates/sui-core/src/state_accumulator.rs[0m[2m:[0m[2m675:[0m accumulating running root for checkpoint 263
[2m2025-03-25T07:55:14.592880Z[0m [32m INFO[0m [1mnode[0m[1m{[0m[3mname[0m[2m=[0mk#99f25ef6..[1m}[0m[2m:[0m [2msui_core::state_accumulator[0m[2m:[0m [2mcrates/sui-core/src/state_accumulator.rs[0m[2m:[0m[2m675:[0m accumulating running root for checkpoint 263
[2m2025-03-25T07:55:14.593443Z[0m [32m INFO[0m [1mnode[0m[1m{[0m[3mname[0m[2m=[0mk#8dcff6d1..[1m}[0m[2m:[0m [2msui_core::state_accumulator[0m[2m:[0m [2mcrates/sui-core/src/state_accumulator.rs[0m[2m:[0m[2m675:[0m accumulating running root for checkpoint 264
[2m2025-03-25T07:55:14.593449Z[0m [32m INFO[0m [1mnode[0m[1m{[0m[3mname[0m[2m=[0mk#99f25ef6..[1m}[0m[2m:[0m [2msui_core::state_accumulator[0m[2m:[0m [2mcrates/sui-core/src/state_accumulator.rs[0m[2m:[0m[2m675:[0m accumulating running root for checkpoint 264
[2m2025-03-25T07:55:14.597155Z[0m [32m INFO[0m [1mnode[0m[1m{[0m[3mname[0m[2m=[0mk#addeef94..[1m}[0m[2m:[0m [2msui_core::checkpoints::checkpoint_executor[0m[2m:[0m [2mcrates/sui-core/src/checkpoints/checkpoint_executor/mod.rs[0m[2m:[0m[2m332:[0m Received checkpoint summary from state sync [3msequence_number[0m[2m=[0m263
[2m2025-03-25T07:55:14.597276Z[0m [32m INFO[0m [1mnode[0m[1m{[0m[3mname[0m[2m=[0mk#addeef94..[1m}[0m[2m:[0m [2msui_core::checkpoints::checkpoint_executor[0m[2m:[0m [2mcrates/sui-core/src/checkpoints/checkpoint_executor/mod.rs[0m[2m:[0m[2m332:[0m Received checkpoint summary from state sync [3msequence_number[0m[2m=[0m264
[2m2025-03-25T07:55:14.600077Z[0m [32m INFO[0m [1mnode[0m[1m{[0m[3mname[0m[2m=[0mk#addeef94..[1m}[0m[2m:[0m [2msui_core::state_accumulator[0m[2m:[0m [2mcrates/sui-core/src/state_accumulator.rs[0m[2m:[0m[2m675:[0m accumulating running root for checkpoint 263
[2m2025-03-25T07:55:14.600612Z[0m [32m INFO[0m [1mnode[0m[1m{[0m[3mname[0m[2m=[0mk#addeef94..[1m}[0m[2m:[0m [2msui_core::state_accumulator[0m[2m:[0m [2mcrates/sui-core/src/state_accumulator.rs[0m[2m:[0m[2m675:[0m accumulating running root for checkpoint 264
[2m2025-03-25T07:55:14.600733Z[0m [32m INFO[0m [1mnode[0m[1m{[0m[3mname[0m[2m=[0mk#b3f3cbb4..[1m}[0m[2m:[0m [2msui_core::checkpoints::checkpoint_executor[0m[2m:[0m [2mcrates/sui-core/src/checkpoints/checkpoint_executor/mod.rs[0m[2m:[0m[2m332:[0m Received checkpoint summary from state sync [3msequence_number[0m[2m=[0m263
[2m2025-03-25T07:55:14.600851Z[0m [32m INFO[0m [1mnode[0m[1m{[0m[3mname[0m[2m=[0mk#b3f3cbb4..[1m}[0m[2m:[0m [2msui_core::checkpoints::checkpoint_executor[0m[2m:[0m [2mcrates/sui-core/src/checkpoints/checkpoint_executor/mod.rs[0m[2m:[0m[2m332:[0m Received checkpoint summary from state sync [3msequence_number[0m[2m=[0m264
[2m2025-03-25T07:55:14.718982Z[0m [32m INFO[0m [1mnode[0m[1m{[0m[3mname[0m[2m=[0mk#99f25ef6..[1m}[0m[2m:[0m [2mconsensus_core::core[0m[2m:[0m [2mconsensus/core/src/core.rs[0m[2m:[0m[2m945:[0m Included 3 ancestors & excluded 0 ancestors for proposal in round 62
[2m2025-03-25T07:55:14.719305Z[0m [32m INFO[0m [1mnode[0m[1m{[0m[3mname[0m[2m=[0mk#8dcff6d1..[1m}[0m[2m:[0m [2mconsensus_core::core[0m[2m:[0m [2mconsensus/core/src/core.rs[0m[2m:[0m[2m945:[0m Included 3 ancestors & excluded 0 ancestors for proposal in round 62
[2m2025-03-25T07:55:14.719379Z[0m [32m INFO[0m [1mnode[0m[1m{[0m[3mname[0m[2m=[0mk#99f25ef6..[1m}[0m[2m:[0m [2mconsensus_core::core[0m[2m:[0m [2mconsensus/core/src/core.rs[0m[2m:[0m[2m531:[0m Created block B62(B,Btzw8qWWQ9fJ1gSTXswZSXjPhcVyZoBppY2oLeA02N8=)(1742889314719ms;[B61(B,jZIIa/CkZlmteTJDz45IPd57T0HCwlE5K1bYdy6KRiY=), B61(A,6U0Uaku/2ECBrvs+yKceSanmqx/HD5G0Cs7X0HmYMOw=), B61(C,698zohC6INYwIdVIHMJuaTgvK0fElV7trQSbWHCu7Ok=)];1t;1c) for round 62
[2m2025-03-25T07:55:14.719609Z[0m [32m INFO[0m [1mnode[0m[1m{[0m[3mname[0m[2m=[0mk#8dcff6d1..[1m}[0m[2m:[0m [2mconsensus_core::core[0m[2m:[0m [2mconsensus/core/src/core.rs[0m[2m:[0m[2m531:[0m Created block B62(A,CAU6jIPcY5t1FP9uDBhw+Z+VJRTax/0afbm8hIQsPxc=)(1742889314719ms;[B61(A,6U0Uaku/2ECBrvs+yKceSanmqx/HD5G0Cs7X0HmYMOw=), B61(B,jZIIa/CkZlmteTJDz45IPd57T0HCwlE5K1bYdy6KRiY=), B61(C,698zohC6INYwIdVIHMJuaTgvK0fElV7trQSbWHCu7Ok=)];1t;1c) for round 62
[2m2025-03-25T07:55:14.723762Z[0m [32m INFO[0m [1mnode[0m[1m{[0m[3mname[0m[2m=[0mk#addeef94..[1m}[0m[2m:[0m [2mconsensus_core::core[0m[2m:[0m [2mconsensus/core/src/core.rs[0m[2m:[0m[2m945:[0m Included 3 ancestors & excluded 0 ancestors for proposal in round 62
[2m2025-03-25T07:55:14.724074Z[0m [32m INFO[0m [1mnode[0m[1m{[0m[3mname[0m[2m=[0mk#addeef94..[1m}[0m[2m:[0m [2mconsensus_core::core[0m[2m:[0m [2mconsensus/core/src/core.rs[0m[2m:[0m[2m531:[0m Created block B62(C,KOiGoZn5FcDYMyE5rl/WBp3bUGCOmfY38ng4MMSQREU=)(1742889314723ms;[B61(C,698zohC6INYwIdVIHMJuaTgvK0fElV7trQSbWHCu7Ok=), B61(A,6U0Uaku/2ECBrvs+yKceSanmqx/HD5G0Cs7X0HmYMOw=), B61(B,jZIIa/CkZlmteTJDz45IPd57T0HCwlE5K1bYdy6KRiY=)];1t;1c) for round 62
[2m2025-03-25T07:55:14.724145Z[0m [32m INFO[0m [1mnode[0m[1m{[0m[3mname[0m[2m=[0mk#addeef94..[1m}[0m[2m:[0m [2mconsensus_core::core[0m[2m:[0m [2mconsensus/core/src/core.rs[0m[2m:[0m[2m630:[0m Committing 1 leaders: B60(B,2D0v)
[2m2025-03-25T07:55:14.724214Z[0m [32m INFO[0m [1mnode[0m[1m{[0m[3mname[0m[2m=[0mk#addeef94..[1m}[0m[2m:[0m [2mconsensus_core::commit_observer[0m[2m:[0m [2mconsensus/core/src/commit_observer.rs[0m[2m:[0m[2m173:[0m Consensus commit C53(W3gW) with leader B60(B,2D0v) has 3 blocks
[2m2025-03-25T07:55:14.724295Z[0m [32m INFO[0m [1mnode[0m[1m{[0m[3mname[0m[2m=[0mk#addeef94..[1m}[0m[2m:[0m [2msui_core::consensus_handler[0m[2m:[0m [2mcrates/sui-core/src/consensus_handler.rs[0m[2m:[0m[2m232:[0m Received consensus output [3mconsensus_commit[0m[2m=[0mCommittedSubDag(leader=B60(B,2D0v), ref=C53(W3gW), blocks=[q0di, bzKB, 2D0v]) [3mepoch[0m[2m=[0m1
[2m2025-03-25T07:55:14.726467Z[0m [32m INFO[0m [1mnode[0m[1m{[0m[3mname[0m[2m=[0mk#99f25ef6..[1m}[0m[2m:[0m [2mconsensus_core::core[0m[2m:[0m [2mconsensus/core/src/core.rs[0m[2m:[0m[2m630:[0m Committing 1 leaders: B60(B,2D0v)
[2m2025-03-25T07:55:14.726486Z[0m [32m INFO[0m [1mnode[0m[1m{[0m[3mname[0m[2m=[0mk#8dcff6d1..[1m}[0m[2m:[0m [2mconsensus_core::core[0m[2m:[0m [2mconsensus/core/src/core.rs[0m[2m:[0m[2m630:[0m Committing 1 leaders: B60(B,2D0v)
[2m2025-03-25T07:55:14.726555Z[0m [32m INFO[0m [1mnode[0m[1m{[0m[3mname[0m[2m=[0mk#99f25ef6..[1m}[0m[2m:[0m [2mconsensus_core::commit_observer[0m[2m:[0m [2mconsensus/core/src/commit_observer.rs[0m[2m:[0m[2m173:[0m Consensus commit C53(W3gW) with leader B60(B,2D0v) has 3 blocks
[2m2025-03-25T07:55:14.726572Z[0m [32m INFO[0m [1mnode[0m[1m{[0m[3mname[0m[2m=[0mk#8dcff6d1..[1m}[0m[2m:[0m [2mconsensus_core::commit_observer[0m[2m:[0m [2mconsensus/core/src/commit_observer.rs[0m[2m:[0m[2m173:[0m Consensus commit C53(W3gW) with leader B60(B,2D0v) has 3 blocks
[2m2025-03-25T07:55:14.726626Z[0m [32m INFO[0m [1mnode[0m[1m{[0m[3mname[0m[2m=[0mk#99f25ef6..[1m}[0m[2m:[0m [2msui_core::consensus_handler[0m[2m:[0m [2mcrates/sui-core/src/consensus_handler.rs[0m[2m:[0m[2m232:[0m Received consensus output [3mconsensus_commit[0m[2m=[0mCommittedSubDag(leader=B60(B,2D0v), ref=C53(W3gW), blocks=[q0di, bzKB, 2D0v]) [3mepoch[0m[2m=[0m1
[2m2025-03-25T07:55:14.726641Z[0m [32m INFO[0m [1mnode[0m[1m{[0m[3mname[0m[2m=[0mk#8dcff6d1..[1m}[0m[2m:[0m [2msui_core::consensus_handler[0m[2m:[0m [2mcrates/sui-core/src/consensus_handler.rs[0m[2m:[0m[2m232:[0m Received consensus output [3mconsensus_commit[0m[2m=[0mCommittedSubDag(leader=B60(B,2D0v), ref=C53(W3gW), blocks=[q0di, bzKB, 2D0v]) [3mepoch[0m[2m=[0m1
[2m2025-03-25T07:55:14.769719Z[0m [32m INFO[0m [1mnode[0m[1m{[0m[3mname[0m[2m=[0mk#addeef94..[1m}[0m[2m:[0m [2msui_core::checkpoints[0m[2m:[0m [2mcrates/sui-core/src/checkpoints/mod.rs[0m[2m:[0m[2m1326:[0m Creating checkpoint(s) for 2 transactions [3mnext_checkpoint_seq[0m[2m=[0m266 [3mcheckpoint_timestamp[0m[2m=[0m1742889314136
[2m2025-03-25T07:55:14.770032Z[0m [32m INFO[0m [1mnode[0m[1m{[0m[3mname[0m[2m=[0mk#addeef94..[1m}[0m[2m:[0m [2msui_core::checkpoints::checkpoint_output[0m[2m:[0m [2mcrates/sui-core/src/checkpoints/checkpoint_output.rs[0m[2m:[0m[2m149:[0m Creating checkpoint CheckpointDigest(6a6qtaj3MQ8fQ4xD1ERxhnRkdbPdE5YGMa2XZqi5yPmd) at epoch 1, sequence 266, previous digest Some(CheckpointDigest(4o9qdnrLZiV5pc3Q1t5kyTBrdabUxKPxHKk4qVwyiQh3)), transactions count 2, content digest CheckpointContentsDigest(7qomG1KTYz253ZsAwPvEWtbDGzaCk14a3JcC8msAE6w4), end_of_epoch_data None
[2m2025-03-25T07:55:14.771320Z[0m [32m INFO[0m [1mnode[0m[1m{[0m[3mname[0m[2m=[0mk#8dcff6d1..[1m}[0m[2m:[0m [2msui_core::checkpoints[0m[2m:[0m [2mcrates/sui-core/src/checkpoints/mod.rs[0m[2m:[0m[2m1326:[0m Creating checkpoint(s) for 2 transactions [3mnext_checkpoint_seq[0m[2m=[0m266 [3mcheckpoint_timestamp[0m[2m=[0m1742889314136
[2m2025-03-25T07:55:14.771452Z[0m [32m INFO[0m [1mnode[0m[1m{[0m[3mname[0m[2m=[0mk#99f25ef6..[1m}[0m[2m:[0m [2msui_core::checkpoints[0m[2m:[0m [2mcrates/sui-core/src/checkpoints/mod.rs[0m[2m:[0m[2m1326:[0m Creating checkpoint(s) for 2 transactions [3mnext_checkpoint_seq[0m[2m=[0m266 [3mcheckpoint_timestamp[0m[2m=[0m1742889314136
[2m2025-03-25T07:55:14.771582Z[0m [32m INFO[0m [1mnode[0m[1m{[0m[3mname[0m[2m=[0mk#8dcff6d1..[1m}[0m[2m:[0m [2msui_core::checkpoints::checkpoint_output[0m[2m:[0m [2mcrates/sui-core/src/checkpoints/checkpoint_output.rs[0m[2m:[0m[2m149:[0m Creating checkpoint CheckpointDigest(6a6qtaj3MQ8fQ4xD1ERxhnRkdbPdE5YGMa2XZqi5yPmd) at epoch 1, sequence 266, previous digest Some(CheckpointDigest(4o9qdnrLZiV5pc3Q1t5kyTBrdabUxKPxHKk4qVwyiQh3)), transactions count 2, content digest CheckpointContentsDigest(7qomG1KTYz253ZsAwPvEWtbDGzaCk14a3JcC8msAE6w4), end_of_epoch_data None
[2m2025-03-25T07:55:14.771701Z[0m [32m INFO[0m [1mnode[0m[1m{[0m[3mname[0m[2m=[0mk#99f25ef6..[1m}[0m[2m:[0m [2msui_core::checkpoints::checkpoint_output[0m[2m:[0m [2mcrates/sui-core/src/checkpoints/checkpoint_output.rs[0m[2m:[0m[2m149:[0m Creating checkpoint CheckpointDigest(6a6qtaj3MQ8fQ4xD1ERxhnRkdbPdE5YGMa2XZqi5yPmd) at epoch 1, sequence 266, previous digest Some(CheckpointDigest(4o9qdnrLZiV5pc3Q1t5kyTBrdabUxKPxHKk4qVwyiQh3)), transactions count 2, content digest CheckpointContentsDigest(7qomG1KTYz253ZsAwPvEWtbDGzaCk14a3JcC8msAE6w4), end_of_epoch_data None
[2m2025-03-25T07:55:14.841599Z[0m [32m INFO[0m [1mnode[0m[1m{[0m[3mname[0m[2m=[0mk#8dcff6d1..[1m}[0m[2m:[0m [2msui_core::checkpoints::checkpoint_output[0m[2m:[0m [2mcrates/sui-core/src/checkpoints/checkpoint_output.rs[0m[2m:[0m[2m196:[0m Certified checkpoint with sequence 265 and digest 4o9qdnrLZiV5pc3Q1t5kyTBrdabUxKPxHKk4qVwyiQh3
[2m2025-03-25T07:55:14.842200Z[0m [32m INFO[0m [1mnode[0m[1m{[0m[3mname[0m[2m=[0mk#8dcff6d1..[1m}[0m[2m:[0m [2msui_core::checkpoints::checkpoint_executor[0m[2m:[0m [2mcrates/sui-core/src/checkpoints/checkpoint_executor/mod.rs[0m[2m:[0m[2m332:[0m Received checkpoint summary from state sync [3msequence_number[0m[2m=[0m265
[2m2025-03-25T07:55:14.842519Z[0m [32m INFO[0m [1mnode[0m[1m{[0m[3mname[0m[2m=[0mk#99f25ef6..[1m}[0m[2m:[0m [2msui_core::checkpoints::checkpoint_output[0m[2m:[0m [2mcrates/sui-core/src/checkpoints/checkpoint_output.rs[0m[2m:[0m[2m196:[0m Certified checkpoint with sequence 265 and digest 4o9qdnrLZiV5pc3Q1t5kyTBrdabUxKPxHKk4qVwyiQh3
[2m2025-03-25T07:55:14.843269Z[0m [32m INFO[0m [1mnode[0m[1m{[0m[3mname[0m[2m=[0mk#99f25ef6..[1m}[0m[2m:[0m [2msui_core::checkpoints::checkpoint_executor[0m[2m:[0m [2mcrates/sui-core/src/checkpoints/checkpoint_executor/mod.rs[0m[2m:[0m[2m332:[0m Received checkpoint summary from state sync [3msequence_number[0m[2m=[0m265
[2m2025-03-25T07:55:14.843406Z[0m [32m INFO[0m [1mnode[0m[1m{[0m[3mname[0m[2m=[0mk#8dcff6d1..[1m}[0m[2m:[0m [2msui_core::state_accumulator[0m[2m:[0m [2mcrates/sui-core/src/state_accumulator.rs[0m[2m:[0m[2m675:[0m accumulating running root for checkpoint 265
[2m2025-03-25T07:55:14.844262Z[0m [32m INFO[0m [1mnode[0m[1m{[0m[3mname[0m[2m=[0mk#99f25ef6..[1m}[0m[2m:[0m [2msui_core::state_accumulator[0m[2m:[0m [2mcrates/sui-core/src/state_accumulator.rs[0m[2m:[0m[2m675:[0m accumulating running root for checkpoint 265
[2m2025-03-25T07:55:14.845264Z[0m [32m INFO[0m [1mnode[0m[1m{[0m[3mname[0m[2m=[0mk#addeef94..[1m}[0m[2m:[0m [2msui_core::checkpoints::checkpoint_executor[0m[2m:[0m [2mcrates/sui-core/src/checkpoints/checkpoint_executor/mod.rs[0m[2m:[0m[2m332:[0m Received checkpoint summary from state sync [3msequence_number[0m[2m=[0m265
[2m2025-03-25T07:55:14.845961Z[0m [32m INFO[0m [1mnode[0m[1m{[0m[3mname[0m[2m=[0mk#addeef94..[1m}[0m[2m:[0m [2msui_core::state_accumulator[0m[2m:[0m [2mcrates/sui-core/src/state_accumulator.rs[0m[2m:[0m[2m675:[0m accumulating running root for checkpoint 265
[2m2025-03-25T07:55:14.977141Z[0m [32m INFO[0m [1mnode[0m[1m{[0m[3mname[0m[2m=[0mk#addeef94..[1m}[0m[2m:[0m [2mconsensus_core::core[0m[2m:[0m [2mconsensus/core/src/core.rs[0m[2m:[0m[2m945:[0m Included 3 ancestors & excluded 0 ancestors for proposal in round 63
[2m2025-03-25T07:55:14.977551Z[0m [32m INFO[0m [1mnode[0m[1m{[0m[3mname[0m[2m=[0mk#addeef94..[1m}[0m[2m:[0m [2mconsensus_core::core[0m[2m:[0m [2mconsensus/core/src/core.rs[0m[2m:[0m[2m531:[0m Created block B63(C,pp1QXoCV5i1BjNIzSZY7JOXo6TsnkMZai9oWm8qEutg=)(1742889314977ms;[B62(C,KOiGoZn5FcDYMyE5rl/WBp3bUGCOmfY38ng4MMSQREU=), B62(A,CAU6jIPcY5t1FP9uDBhw+Z+VJRTax/0afbm8hIQsPxc=), B62(B,Btzw8qWWQ9fJ1gSTXswZSXjPhcVyZoBppY2oLeA02N8=)];1t;1c) for round 63
[2m2025-03-25T07:55:14.979329Z[0m [32m INFO[0m [1mnode[0m[1m{[0m[3mname[0m[2m=[0mk#8dcff6d1..[1m}[0m[2m:[0m [2mconsensus_core::core[0m[2m:[0m [2mconsensus/core/src/core.rs[0m[2m:[0m[2m945:[0m Included 3 ancestors & excluded 0 ancestors for proposal in round 63
[2m2025-03-25T07:55:14.979329Z[0m [32m INFO[0m [1mnode[0m[1m{[0m[3mname[0m[2m=[0mk#99f25ef6..[1m}[0m[2m:[0m [2mconsensus_core::core[0m[2m:[0m [2mconsensus/core/src/core.rs[0m[2m:[0m[2m945:[0m Included 3 ancestors & excluded 0 ancestors for proposal in round 63
[2m2025-03-25T07:55:14.979628Z[0m [32m INFO[0m [1mnode[0m[1m{[0m[3mname[0m[2m=[0mk#8dcff6d1..[1m}[0m[2m:[0m [2mconsensus_core::core[0m[2m:[0m [2mconsensus/core/src/core.rs[0m[2m:[0m[2m531:[0m Created block B63(A,EoIZysEjp+727HUTJuly6+XZoR0yb5Ed6ymDaUfklOI=)(1742889314979ms;[B62(A,CAU6jIPcY5t1FP9uDBhw+Z+VJRTax/0afbm8hIQsPxc=), B62(B,Btzw8qWWQ9fJ1gSTXswZSXjPhcVyZoBppY2oLeA02N8=), B62(C,KOiGoZn5FcDYMyE5rl/WBp3bUGCOmfY38ng4MMSQREU=)];1t;1c) for round 63
[2m2025-03-25T07:55:14.979628Z[0m [32m INFO[0m [1mnode[0m[1m{[0m[3mname[0m[2m=[0mk#99f25ef6..[1m}[0m[2m:[0m [2mconsensus_core::core[0m[2m:[0m [2mconsensus/core/src/core.rs[0m[2m:[0m[2m531:[0m Created block B63(B,Sjp7u3syjkCZqaRPvjIIfJQAu9w1kFDAC6kGTV4ckIk=)(1742889314979ms;[B62(B,Btzw8qWWQ9fJ1gSTXswZSXjPhcVyZoBppY2oLeA02N8=), B62(A,CAU6jIPcY5t1FP9uDBhw+Z+VJRTax/0afbm8hIQsPxc=), B62(C,KOiGoZn5FcDYMyE5rl/WBp3bUGCOmfY38ng4MMSQREU=)];1t;1c) for round 63
[2m2025-03-25T07:55:14.979770Z[0m [32m INFO[0m [1mnode[0m[1m{[0m[3mname[0m[2m=[0mk#99f25ef6..[1m}[0m[2m:[0m [2mconsensus_core::core[0m[2m:[0m [2mconsensus/core/src/core.rs[0m[2m:[0m[2m630:[0m Committing 1 leaders: B61(A,6U0U)
[2m2025-03-25T07:55:14.979770Z[0m [32m INFO[0m [1mnode[0m[1m{[0m[3mname[0m[2m=[0mk#8dcff6d1..[1m}[0m[2m:[0m [2mconsensus_core::core[0m[2m:[0m [2mconsensus/core/src/core.rs[0m[2m:[0m[2m630:[0m Committing 1 leaders: B61(A,6U0U)
[2m2025-03-25T07:55:14.979859Z[0m [32m INFO[0m [1mnode[0m[1m{[0m[3mname[0m[2m=[0mk#8dcff6d1..[1m}[0m[2m:[0m [2mconsensus_core::commit_observer[0m[2m:[0m [2mconsensus/core/src/commit_observer.rs[0m[2m:[0m[2m173:[0m Consensus commit C54(VCgt) with leader B61(A,6U0U) has 3 blocks
[2m2025-03-25T07:55:14.979859Z[0m [32m INFO[0m [1mnode[0m[1m{[0m[3mname[0m[2m=[0mk#99f25ef6..[1m}[0m[2m:[0m [2mconsensus_core::commit_observer[0m[2m:[0m [2mconsensus/core/src/commit_observer.rs[0m[2m:[0m[2m173:[0m Consensus commit C54(VCgt) with leader B61(A,6U0U) has 3 blocks
[2m2025-03-25T07:55:14.980129Z[0m [32m INFO[0m [1mnode[0m[1m{[0m[3mname[0m[2m=[0mk#99f25ef6..[1m}[0m[2m:[0m [2msui_core::consensus_handler[0m[2m:[0m [2mcrates/sui-core/src/consensus_handler.rs[0m[2m:[0m[2m232:[0m Received consensus output [3mconsensus_commit[0m[2m=[0mCommittedSubDag(leader=B61(A,6U0U), ref=C54(VCgt), blocks=[TSwn, Sx/q, 6U0U]) [3mepoch[0m[2m=[0m1
[2m2025-03-25T07:55:14.980129Z[0m [32m INFO[0m [1mnode[0m[1m{[0m[3mname[0m[2m=[0mk#8dcff6d1..[1m}[0m[2m:[0m [2msui_core::consensus_handler[0m[2m:[0m [2mcrates/sui-core/src/consensus_handler.rs[0m[2m:[0m[2m232:[0m Received consensus output [3mconsensus_commit[0m[2m=[0mCommittedSubDag(leader=B61(A,6U0U), ref=C54(VCgt), blocks=[TSwn, Sx/q, 6U0U]) [3mepoch[0m[2m=[0m1
[2m2025-03-25T07:55:14.983773Z[0m [32m INFO[0m [1mnode[0m[1m{[0m[3mname[0m[2m=[0mk#addeef94..[1m}[0m[2m:[0m [2mconsensus_core::core[0m[2m:[0m [2mconsensus/core/src/core.rs[0m[2m:[0m[2m630:[0m Committing 1 leaders: B61(A,6U0U)
[2m2025-03-25T07:55:14.983879Z[0m [32m INFO[0m [1mnode[0m[1m{[0m[3mname[0m[2m=[0mk#addeef94..[1m}[0m[2m:[0m [2mconsensus_core::commit_observer[0m[2m:[0m [2mconsensus/core/src/commit_observer.rs[0m[2m:[0m[2m173:[0m Consensus commit C54(VCgt) with leader B61(A,6U0U) has 3 blocks
[2m2025-03-25T07:55:14.984011Z[0m [32m INFO[0m [1mnode[0m[1m{[0m[3mname[0m[2m=[0mk#addeef94..[1m}[0m[2m:[0m [2msui_core::consensus_handler[0m[2m:[0m [2mcrates/sui-core/src/consensus_handler.rs[0m[2m:[0m[2m232:[0m Received consensus output [3mconsensus_commit[0m[2m=[0mCommittedSubDag(leader=B61(A,6U0U), ref=C54(VCgt), blocks=[TSwn, Sx/q, 6U0U]) [3mepoch[0m[2m=[0m1
[2m2025-03-25T07:55:15.006769Z[0m [32m INFO[0m [1mnode[0m[1m{[0m[3mname[0m[2m=[0mk#99f25ef6..[1m}[0m[2m:[0m [2msui_core::checkpoints[0m[2m:[0m [2mcrates/sui-core/src/checkpoints/mod.rs[0m[2m:[0m[2m1326:[0m Creating checkpoint(s) for 2 transactions [3mnext_checkpoint_seq[0m[2m=[0m267 [3mcheckpoint_timestamp[0m[2m=[0m1742889314464
[2m2025-03-25T07:55:15.006769Z[0m [32m INFO[0m [1mnode[0m[1m{[0m[3mname[0m[2m=[0mk#8dcff6d1..[1m}[0m[2m:[0m [2msui_core::checkpoints[0m[2m:[0m [2mcrates/sui-core/src/checkpoints/mod.rs[0m[2m:[0m[2m1326:[0m Creating checkpoint(s) for 2 transactions [3mnext_checkpoint_seq[0m[2m=[0m267 [3mcheckpoint_timestamp[0m[2m=[0m1742889314464
[2m2025-03-25T07:55:15.007081Z[0m [32m INFO[0m [1mnode[0m[1m{[0m[3mname[0m[2m=[0mk#99f25ef6..[1m}[0m[2m:[0m [2msui_core::checkpoints::checkpoint_output[0m[2m:[0m [2mcrates/sui-core/src/checkpoints/checkpoint_output.rs[0m[2m:[0m[2m149:[0m Creating checkpoint CheckpointDigest(8mCEMDoTpNdpcn13s9VT8oRRgCshahYNxmr74UrPscX9) at epoch 1, sequence 267, previous digest Some(CheckpointDigest(6a6qtaj3MQ8fQ4xD1ERxhnRkdbPdE5YGMa2XZqi5yPmd)), transactions count 2, content digest CheckpointContentsDigest(9ky51ezmCTrVx2F2WPM5jwHAFcbJ4gsDimvgsKDK1FHR), end_of_epoch_data None
[2m2025-03-25T07:55:15.007081Z[0m [32m INFO[0m [1mnode[0m[1m{[0m[3mname[0m[2m=[0mk#8dcff6d1..[1m}[0m[2m:[0m [2msui_core::checkpoints::checkpoint_output[0m[2m:[0m [2mcrates/sui-core/src/checkpoints/checkpoint_output.rs[0m[2m:[0m[2m149:[0m Creating checkpoint CheckpointDigest(8mCEMDoTpNdpcn13s9VT8oRRgCshahYNxmr74UrPscX9) at epoch 1, sequence 267, previous digest Some(CheckpointDigest(6a6qtaj3MQ8fQ4xD1ERxhnRkdbPdE5YGMa2XZqi5yPmd)), transactions count 2, content digest CheckpointContentsDigest(9ky51ezmCTrVx2F2WPM5jwHAFcbJ4gsDimvgsKDK1FHR), end_of_epoch_data None
[2m2025-03-25T07:55:15.009927Z[0m [32m INFO[0m [1mnode[0m[1m{[0m[3mname[0m[2m=[0mk#addeef94..[1m}[0m[2m:[0m [2msui_core::checkpoints[0m[2m:[0m [2mcrates/sui-core/src/checkpoints/mod.rs[0m[2m:[0m[2m1326:[0m Creating checkpoint(s) for 2 transactions [3mnext_checkpoint_seq[0m[2m=[0m267 [3mcheckpoint_timestamp[0m[2m=[0m1742889314464
[2m2025-03-25T07:55:15.010172Z[0m [32m INFO[0m [1mnode[0m[1m{[0m[3mname[0m[2m=[0mk#addeef94..[1m}[0m[2m:[0m [2msui_core::checkpoints::checkpoint_output[0m[2m:[0m [2mcrates/sui-core/src/checkpoints/checkpoint_output.rs[0m[2m:[0m[2m149:[0m Creating checkpoint CheckpointDigest(8mCEMDoTpNdpcn13s9VT8oRRgCshahYNxmr74UrPscX9) at epoch 1, sequence 267, previous digest Some(CheckpointDigest(6a6qtaj3MQ8fQ4xD1ERxhnRkdbPdE5YGMa2XZqi5yPmd)), transactions count 2, content digest CheckpointContentsDigest(9ky51ezmCTrVx2F2WPM5jwHAFcbJ4gsDimvgsKDK1FHR), end_of_epoch_data None
[2m2025-03-25T07:55:15.043278Z[0m [32m INFO[0m [1mnode[0m[1m{[0m[3mname[0m[2m=[0mk#8dcff6d1..[1m}[0m[2m:[0m [2msui_core::checkpoints::checkpoint_output[0m[2m:[0m [2mcrates/sui-core/src/checkpoints/checkpoint_output.rs[0m[2m:[0m[2m196:[0m Certified checkpoint with sequence 266 and digest 6a6qtaj3MQ8fQ4xD1ERxhnRkdbPdE5YGMa2XZqi5yPmd
[2m2025-03-25T07:55:15.043786Z[0m [32m INFO[0m [1mnode[0m[1m{[0m[3mname[0m[2m=[0mk#8dcff6d1..[1m}[0m[2m:[0m [2msui_core::checkpoints::checkpoint_executor[0m[2m:[0m [2mcrates/sui-core/src/checkpoints/checkpoint_executor/mod.rs[0m[2m:[0m[2m332:[0m Received checkpoint summary from state sync [3msequence_number[0m[2m=[0m266
[2m2025-03-25T07:55:15.045184Z[0m [32m INFO[0m [1mnode[0m[1m{[0m[3mname[0m[2m=[0mk#99f25ef6..[1m}[0m[2m:[0m [2msui_core::checkpoints::checkpoint_output[0m[2m:[0m [2mcrates/sui-core/src/checkpoints/checkpoint_output.rs[0m[2m:[0m[2m196:[0m Certified checkpoint with sequence 266 and digest 6a6qtaj3MQ8fQ4xD1ERxhnRkdbPdE5YGMa2XZqi5yPmd
[2m2025-03-25T07:55:15.045453Z[0m [32m INFO[0m [1mnode[0m[1m{[0m[3mname[0m[2m=[0mk#8dcff6d1..[1m}[0m[2m:[0m [2msui_core::state_accumulator[0m[2m:[0m [2mcrates/sui-core/src/state_accumulator.rs[0m[2m:[0m[2m675:[0m accumulating running root for checkpoint 266
[2m2025-03-25T07:55:15.045601Z[0m [32m INFO[0m [1mnode[0m[1m{[0m[3mname[0m[2m=[0mk#99f25ef6..[1m}[0m[2m:[0m [2msui_core::checkpoints::checkpoint_executor[0m[2m:[0m [2mcrates/sui-core/src/checkpoints/checkpoint_executor/mod.rs[0m[2m:[0m[2m332:[0m Received checkpoint summary from state sync [3msequence_number[0m[2m=[0m266
[2m2025-03-25T07:55:15.047020Z[0m [32m INFO[0m [1mnode[0m[1m{[0m[3mname[0m[2m=[0mk#99f25ef6..[1m}[0m[2m:[0m [2msui_core::state_accumulator[0m[2m:[0m [2mcrates/sui-core/src/state_accumulator.rs[0m[2m:[0m[2m675:[0m accumulating running root for checkpoint 266
[2m2025-03-25T07:55:15.047539Z[0m [32m INFO[0m [1mnode[0m[1m{[0m[3mname[0m[2m=[0mk#addeef94..[1m}[0m[2m:[0m [2msui_core::checkpoints::checkpoint_executor[0m[2m:[0m [2mcrates/sui-core/src/checkpoints/checkpoint_executor/mod.rs[0m[2m:[0m[2m332:[0m Received checkpoint summary from state sync [3msequence_number[0m[2m=[0m266
[2m2025-03-25T07:55:15.048680Z[0m [32m INFO[0m [1mnode[0m[1m{[0m[3mname[0m[2m=[0mk#addeef94..[1m}[0m[2m:[0m [2msui_core::state_accumulator[0m[2m:[0m [2mcrates/sui-core/src/state_accumulator.rs[0m[2m:[0m[2m675:[0m accumulating running root for checkpoint 266
[2m2025-03-25T07:55:15.231560Z[0m [32m INFO[0m [1mnode[0m[1m{[0m[3mname[0m[2m=[0mk#8dcff6d1..[1m}[0m[2m:[0m [2mconsensus_core::core[0m[2m:[0m [2mconsensus/core/src/core.rs[0m[2m:[0m[2m945:[0m Included 3 ancestors & excluded 0 ancestors for proposal in round 64
[2m2025-03-25T07:55:15.231934Z[0m [32m INFO[0m [1mnode[0m[1m{[0m[3mname[0m[2m=[0mk#8dcff6d1..[1m}[0m[2m:[0m [2mconsensus_core::core[0m[2m:[0m [2mconsensus/core/src/core.rs[0m[2m:[0m[2m531:[0m Created block B64(A,Gm95j6kUeuzmfoyrSm0YC0HgeNQjDlRdtxTT+rlk9YY=)(1742889315231ms;[B63(A,EoIZysEjp+727HUTJuly6+XZoR0yb5Ed6ymDaUfklOI=), B63(B,Sjp7u3syjkCZqaRPvjIIfJQAu9w1kFDAC6kGTV4ckIk=), B63(C,pp1QXoCV5i1BjNIzSZY7JOXo6TsnkMZai9oWm8qEutg=)];1t;1c) for round 64
[2m2025-03-25T07:55:15.232278Z[0m [32m INFO[0m [1mnode[0m[1m{[0m[3mname[0m[2m=[0mk#99f25ef6..[1m}[0m[2m:[0m [2mconsensus_core::core[0m[2m:[0m [2mconsensus/core/src/core.rs[0m[2m:[0m[2m945:[0m Included 3 ancestors & excluded 0 ancestors for proposal in round 64
[2m2025-03-25T07:55:15.232597Z[0m [32m INFO[0m [1mnode[0m[1m{[0m[3mname[0m[2m=[0mk#99f25ef6..[1m}[0m[2m:[0m [2mconsensus_core::core[0m[2m:[0m [2mconsensus/core/src/core.rs[0m[2m:[0m[2m531:[0m Created block B64(B,3rbUmqedra/D/F8EeVYS7r5L2slaVMnquf8gdyP3hkw=)(1742889315232ms;[B63(B,Sjp7u3syjkCZqaRPvjIIfJQAu9w1kFDAC6kGTV4ckIk=), B63(A,EoIZysEjp+727HUTJuly6+XZoR0yb5Ed6ymDaUfklOI=), B63(C,pp1QXoCV5i1BjNIzSZY7JOXo6TsnkMZai9oWm8qEutg=)];1t;1c) for round 64
[2m2025-03-25T07:55:15.235280Z[0m [32m INFO[0m [1mnode[0m[1m{[0m[3mname[0m[2m=[0mk#addeef94..[1m}[0m[2m:[0m [2mconsensus_core::core[0m[2m:[0m [2mconsensus/core/src/core.rs[0m[2m:[0m[2m945:[0m Included 3 ancestors & excluded 0 ancestors for proposal in round 64
[2m2025-03-25T07:55:15.235583Z[0m [32m INFO[0m [1mnode[0m[1m{[0m[3mname[0m[2m=[0mk#addeef94..[1m}[0m[2m:[0m [2mconsensus_core::core[0m[2m:[0m [2mconsensus/core/src/core.rs[0m[2m:[0m[2m531:[0m Created block B64(C,PDaK9wdewOWzibtVrd0aLx0iSBFnz+3CNuBNrBPs6Dc=)(1742889315235ms;[B63(C,pp1QXoCV5i1BjNIzSZY7JOXo6TsnkMZai9oWm8qEutg=), B63(A,EoIZysEjp+727HUTJuly6+XZoR0yb5Ed6ymDaUfklOI=), B63(B,Sjp7u3syjkCZqaRPvjIIfJQAu9w1kFDAC6kGTV4ckIk=)];1t;1c) for round 64
[2m2025-03-25T07:55:15.235651Z[0m [32m INFO[0m [1mnode[0m[1m{[0m[3mname[0m[2m=[0mk#addeef94..[1m}[0m[2m:[0m [2mconsensus_core::core[0m[2m:[0m [2mconsensus/core/src/core.rs[0m[2m:[0m[2m630:[0m Committing 1 leaders: B62(A,CAU6)
[2m2025-03-25T07:55:15.235719Z[0m [32m INFO[0m [1mnode[0m[1m{[0m[3mname[0m[2m=[0mk#addeef94..[1m}[0m[2m:[0m [2mconsensus_core::commit_observer[0m[2m:[0m [2mconsensus/core/src/commit_observer.rs[0m[2m:[0m[2m173:[0m Consensus commit C55(Odqu) with leader B62(A,CAU6) has 3 blocks
[2m2025-03-25T07:55:15.235801Z[0m [32m INFO[0m [1mnode[0m[1m{[0m[3mname[0m[2m=[0mk#addeef94..[1m}[0m[2m:[0m [2msui_core::consensus_handler[0m[2m:[0m [2mcrates/sui-core/src/consensus_handler.rs[0m[2m:[0m[2m232:[0m Received consensus output [3mconsensus_commit[0m[2m=[0mCommittedSubDag(leader=B62(A,CAU6), ref=C55(Odqu), blocks=[jZII, 698z, CAU6]) [3mepoch[0m[2m=[0m1
[2m2025-03-25T07:55:15.238204Z[0m [32m INFO[0m [1mnode[0m[1m{[0m[3mname[0m[2m=[0mk#8dcff6d1..[1m}[0m[2m:[0m [2mconsensus_core::core[0m[2m:[0m [2mconsensus/core/src/core.rs[0m[2m:[0m[2m630:[0m Committing 1 leaders: B62(A,CAU6)
[2m2025-03-25T07:55:15.238235Z[0m [32m INFO[0m [1mnode[0m[1m{[0m[3mname[0m[2m=[0mk#99f25ef6..[1m}[0m[2m:[0m [2mconsensus_core::core[0m[2m:[0m [2mconsensus/core/src/core.rs[0m[2m:[0m[2m630:[0m Committing 1 leaders: B62(A,CAU6)
[2m2025-03-25T07:55:15.238287Z[0m [32m INFO[0m [1mnode[0m[1m{[0m[3mname[0m[2m=[0mk#8dcff6d1..[1m}[0m[2m:[0m [2mconsensus_core::commit_observer[0m[2m:[0m [2mconsensus/core/src/commit_observer.rs[0m[2m:[0m[2m173:[0m Consensus commit C55(Odqu) with leader B62(A,CAU6) has 3 blocks
[2m2025-03-25T07:55:15.238322Z[0m [32m INFO[0m [1mnode[0m[1m{[0m[3mname[0m[2m=[0mk#99f25ef6..[1m}[0m[2m:[0m [2mconsensus_core::commit_observer[0m[2m:[0m [2mconsensus/core/src/commit_observer.rs[0m[2m:[0m[2m173:[0m Consensus commit C55(Odqu) with leader B62(A,CAU6) has 3 blocks
[2m2025-03-25T07:55:15.238356Z[0m [32m INFO[0m [1mnode[0m[1m{[0m[3mname[0m[2m=[0mk#8dcff6d1..[1m}[0m[2m:[0m [2msui_core::consensus_handler[0m[2m:[0m [2mcrates/sui-core/src/consensus_handler.rs[0m[2m:[0m[2m232:[0m Received consensus output [3mconsensus_commit[0m[2m=[0mCommittedSubDag(leader=B62(A,CAU6), ref=C55(Odqu), blocks=[jZII, 698z, CAU6]) [3mepoch[0m[2m=[0m1
[2m2025-03-25T07:55:15.238395Z[0m [32m INFO[0m [1mnode[0m[1m{[0m[3mname[0m[2m=[0mk#99f25ef6..[1m}[0m[2m:[0m [2msui_core::consensus_handler[0m[2m:[0m [2mcrates/sui-core/src/consensus_handler.rs[0m[2m:[0m[2m232:[0m Received consensus output [3mconsensus_commit[0m[2m=[0mCommittedSubDag(leader=B62(A,CAU6), ref=C55(Odqu), blocks=[jZII, 698z, CAU6]) [3mepoch[0m[2m=[0m1
[2m2025-03-25T07:55:15.283819Z[0m [32m INFO[0m [1mnode[0m[1m{[0m[3mname[0m[2m=[0mk#99f25ef6..[1m}[0m[2m:[0m [2msui_core::checkpoints[0m[2m:[0m [2mcrates/sui-core/src/checkpoints/mod.rs[0m[2m:[0m[2m1326:[0m Creating checkpoint(s) for 1 transactions [3mnext_checkpoint_seq[0m[2m=[0m268 [3mcheckpoint_timestamp[0m[2m=[0m1742889314719
[2m2025-03-25T07:55:15.283819Z[0m [32m INFO[0m [1mnode[0m[1m{[0m[3mname[0m[2m=[0mk#8dcff6d1..[1m}[0m[2m:[0m [2msui_core::checkpoints[0m[2m:[0m [2mcrates/sui-core/src/checkpoints/mod.rs[0m[2m:[0m[2m1326:[0m Creating checkpoint(s) for 1 transactions [3mnext_checkpoint_seq[0m[2m=[0m268 [3mcheckpoint_timestamp[0m[2m=[0m1742889314719
[2m2025-03-25T07:55:15.283819Z[0m [32m INFO[0m [1mnode[0m[1m{[0m[3mname[0m[2m=[0mk#addeef94..[1m}[0m[2m:[0m [2msui_core::checkpoints[0m[2m:[0m [2mcrates/sui-core/src/checkpoints/mod.rs[0m[2m:[0m[2m1326:[0m Creating checkpoint(s) for 1 transactions [3mnext_checkpoint_seq[0m[2m=[0m268 [3mcheckpoint_timestamp[0m[2m=[0m1742889314719
[2m2025-03-25T07:55:15.284059Z[0m [32m INFO[0m [1mnode[0m[1m{[0m[3mname[0m[2m=[0mk#addeef94..[1m}[0m[2m:[0m [2msui_core::checkpoints::checkpoint_output[0m[2m:[0m [2mcrates/sui-core/src/checkpoints/checkpoint_output.rs[0m[2m:[0m[2m149:[0m Creating checkpoint CheckpointDigest(Fn19r4TNfhY3KMCzsGFzBCkqS8oFfJPfd2RsnJXu7GCK) at epoch 1, sequence 268, previous digest Some(CheckpointDigest(8mCEMDoTpNdpcn13s9VT8oRRgCshahYNxmr74UrPscX9)), transactions count 1, content digest CheckpointContentsDigest(E9CZsmk83GKdTytFEgjpPQf8myky8fq9yypCgyctsLn2), end_of_epoch_data None
[2m2025-03-25T07:55:15.284060Z[0m [32m INFO[0m [1mnode[0m[1m{[0m[3mname[0m[2m=[0mk#99f25ef6..[1m}[0m[2m:[0m [2msui_core::checkpoints::checkpoint_output[0m[2m:[0m [2mcrates/sui-core/src/checkpoints/checkpoint_output.rs[0m[2m:[0m[2m149:[0m Creating checkpoint CheckpointDigest(Fn19r4TNfhY3KMCzsGFzBCkqS8oFfJPfd2RsnJXu7GCK) at epoch 1, sequence 268, previous digest Some(CheckpointDigest(8mCEMDoTpNdpcn13s9VT8oRRgCshahYNxmr74UrPscX9)), transactions count 1, content digest CheckpointContentsDigest(E9CZsmk83GKdTytFEgjpPQf8myky8fq9yypCgyctsLn2), end_of_epoch_data None
[2m2025-03-25T07:55:15.284060Z[0m [32m INFO[0m [1mnode[0m[1m{[0m[3mname[0m[2m=[0mk#8dcff6d1..[1m}[0m[2m:[0m [2msui_core::checkpoints::checkpoint_output[0m[2m:[0m [2mcrates/sui-core/src/checkpoints/checkpoint_output.rs[0m[2m:[0m[2m149:[0m Creating checkpoint CheckpointDigest(Fn19r4TNfhY3KMCzsGFzBCkqS8oFfJPfd2RsnJXu7GCK) at epoch 1, sequence 268, previous digest Some(CheckpointDigest(8mCEMDoTpNdpcn13s9VT8oRRgCshahYNxmr74UrPscX9)), transactions count 1, content digest CheckpointContentsDigest(E9CZsmk83GKdTytFEgjpPQf8myky8fq9yypCgyctsLn2), end_of_epoch_data None
[2m2025-03-25T07:55:15.287160Z[0m [32m INFO[0m [1mnode[0m[1m{[0m[3mname[0m[2m=[0mk#99f25ef6..[1m}[0m[2m:[0m [2msui_core::checkpoints::checkpoint_output[0m[2m:[0m [2mcrates/sui-core/src/checkpoints/checkpoint_output.rs[0m[2m:[0m[2m196:[0m Certified checkpoint with sequence 267 and digest 8mCEMDoTpNdpcn13s9VT8oRRgCshahYNxmr74UrPscX9
[2m2025-03-25T07:55:15.287166Z[0m [32m INFO[0m [1mnode[0m[1m{[0m[3mname[0m[2m=[0mk#8dcff6d1..[1m}[0m[2m:[0m [2msui_core::checkpoints::checkpoint_output[0m[2m:[0m [2mcrates/sui-core/src/checkpoints/checkpoint_output.rs[0m[2m:[0m[2m196:[0m Certified checkpoint with sequence 267 and digest 8mCEMDoTpNdpcn13s9VT8oRRgCshahYNxmr74UrPscX9
[2m2025-03-25T07:55:15.290132Z[0m [32m INFO[0m [1mnode[0m[1m{[0m[3mname[0m[2m=[0mk#8dcff6d1..[1m}[0m[2m:[0m [2msui_core::checkpoints::checkpoint_executor[0m[2m:[0m [2mcrates/sui-core/src/checkpoints/checkpoint_executor/mod.rs[0m[2m:[0m[2m332:[0m Received checkpoint summary from state sync [3msequence_number[0m[2m=[0m267
[2m2025-03-25T07:55:15.290184Z[0m [32m INFO[0m [1mnode[0m[1m{[0m[3mname[0m[2m=[0mk#99f25ef6..[1m}[0m[2m:[0m [2msui_core::checkpoints::checkpoint_executor[0m[2m:[0m [2mcrates/sui-core/src/checkpoints/checkpoint_executor/mod.rs[0m[2m:[0m[2m332:[0m Received checkpoint summary from state sync [3msequence_number[0m[2m=[0m267
[2m2025-03-25T07:55:15.308008Z[0m [32m INFO[0m [1mnode[0m[1m{[0m[3mname[0m[2m=[0mk#99f25ef6..[1m}[0m[2m:[0m [2msui_core::state_accumulator[0m[2m:[0m [2mcrates/sui-core/src/state_accumulator.rs[0m[2m:[0m[2m675:[0m accumulating running root for checkpoint 267
[2m2025-03-25T07:55:15.308011Z[0m [32m INFO[0m [1mnode[0m[1m{[0m[3mname[0m[2m=[0mk#8dcff6d1..[1m}[0m[2m:[0m [2msui_core::state_accumulator[0m[2m:[0m [2mcrates/sui-core/src/state_accumulator.rs[0m[2m:[0m[2m675:[0m accumulating running root for checkpoint 267
[2m2025-03-25T07:55:15.348334Z[0m [32m INFO[0m [1mnode[0m[1m{[0m[3mname[0m[2m=[0mk#addeef94..[1m}[0m[2m:[0m [2mconsensus_core::commit_syncer[0m[2m:[0m [2mconsensus/core/src/commit_syncer.rs[0m[2m:[0m[2m196:[0m Checking to schedule fetches: synced_commit_index=55, highest_handled_index=55, highest_scheduled_index=0, quorum_commit_index=0, unhandled_commits_threshold=3200
[2m2025-03-25T07:55:15.350500Z[0m [32m INFO[0m [1mnode[0m[1m{[0m[3mname[0m[2m=[0mk#addeef94..[1m}[0m[2m:[0m [2msui_core::checkpoints::checkpoint_executor[0m[2m:[0m [2mcrates/sui-core/src/checkpoints/checkpoint_executor/mod.rs[0m[2m:[0m[2m332:[0m Received checkpoint summary from state sync [3msequence_number[0m[2m=[0m267
[2m2025-03-25T07:55:15.351765Z[0m [32m INFO[0m [1mnode[0m[1m{[0m[3mname[0m[2m=[0mk#addeef94..[1m}[0m[2m:[0m [2msui_core::state_accumulator[0m[2m:[0m [2mcrates/sui-core/src/state_accumulator.rs[0m[2m:[0m[2m675:[0m accumulating running root for checkpoint 267
[2m2025-03-25T07:55:15.353223Z[0m [32m INFO[0m [1mnode[0m[1m{[0m[3mname[0m[2m=[0mk#99f25ef6..[1m}[0m[2m:[0m [2mconsensus_core::commit_syncer[0m[2m:[0m [2mconsensus/core/src/commit_syncer.rs[0m[2m:[0m[2m196:[0m Checking to schedule fetches: synced_commit_index=55, highest_handled_index=55, highest_scheduled_index=0, quorum_commit_index=54, unhandled_commits_threshold=3200
[2m2025-03-25T07:55:15.353291Z[0m [32m INFO[0m [1mnode[0m[1m{[0m[3mname[0m[2m=[0mk#8dcff6d1..[1m}[0m[2m:[0m [2mconsensus_core::commit_syncer[0m[2m:[0m [2mconsensus/core/src/commit_syncer.rs[0m[2m:[0m[2m196:[0m Checking to schedule fetches: synced_commit_index=55, highest_handled_index=55, highest_scheduled_index=0, quorum_commit_index=54, unhandled_commits_threshold=3200
[2m2025-03-25T07:55:15.488230Z[0m [32m INFO[0m [1mnode[0m[1m{[0m[3mname[0m[2m=[0mk#addeef94..[1m}[0m[2m:[0m [2mconsensus_core::core[0m[2m:[0m [2mconsensus/core/src/core.rs[0m[2m:[0m[2m945:[0m Included 3 ancestors & excluded 0 ancestors for proposal in round 65
[2m2025-03-25T07:55:15.488597Z[0m [32m INFO[0m [1mnode[0m[1m{[0m[3mname[0m[2m=[0mk#addeef94..[1m}[0m[2m:[0m [2mconsensus_core::core[0m[2m:[0m [2mconsensus/core/src/core.rs[0m[2m:[0m[2m531:[0m Created block B65(C,/0Ooik/mpxekTDC2DzAZ1DR1qc6own/sunQWHs6ZZT8=)(1742889315488ms;[B64(C,PDaK9wdewOWzibtVrd0aLx0iSBFnz+3CNuBNrBPs6Dc=), B64(A,Gm95j6kUeuzmfoyrSm0YC0HgeNQjDlRdtxTT+rlk9YY=), B64(B,3rbUmqedra/D/F8EeVYS7r5L2slaVMnquf8gdyP3hkw=)];1t;1c) for round 65
[2m2025-03-25T07:55:15.490277Z[0m [32m INFO[0m [1mnode[0m[1m{[0m[3mname[0m[2m=[0mk#8dcff6d1..[1m}[0m[2m:[0m [2mconsensus_core::core[0m[2m:[0m [2mconsensus/core/src/core.rs[0m[2m:[0m[2m945:[0m Included 3 ancestors & excluded 0 ancestors for proposal in round 65
[2m2025-03-25T07:55:15.490541Z[0m [32m INFO[0m [1mnode[0m[1m{[0m[3mname[0m[2m=[0mk#99f25ef6..[1m}[0m[2m:[0m [2mconsensus_core::core[0m[2m:[0m [2mconsensus/core/src/core.rs[0m[2m:[0m[2m945:[0m Included 3 ancestors & excluded 0 ancestors for proposal in round 65
[2m2025-03-25T07:55:15.490583Z[0m [32m INFO[0m [1mnode[0m[1m{[0m[3mname[0m[2m=[0mk#8dcff6d1..[1m}[0m[2m:[0m [2mconsensus_core::core[0m[2m:[0m [2mconsensus/core/src/core.rs[0m[2m:[0m[2m531:[0m Created block B65(A,TX5qHfWoGb3X78N2mQnj/RwpFWk+9UncdAD5tNRgOws=)(1742889315490ms;[B64(A,Gm95j6kUeuzmfoyrSm0YC0HgeNQjDlRdtxTT+rlk9YY=), B64(B,3rbUmqedra/D/F8EeVYS7r5L2slaVMnquf8gdyP3hkw=), B64(C,PDaK9wdewOWzibtVrd0aLx0iSBFnz+3CNuBNrBPs6Dc=)];1t;1c) for round 65
[2m2025-03-25T07:55:15.490728Z[0m [32m INFO[0m [1mnode[0m[1m{[0m[3mname[0m[2m=[0mk#8dcff6d1..[1m}[0m[2m:[0m [2mconsensus_core::core[0m[2m:[0m [2mconsensus/core/src/core.rs[0m[2m:[0m[2m630:[0m Committing 1 leaders: B63(B,Sjp7)
[2m2025-03-25T07:55:15.490823Z[0m [32m INFO[0m [1mnode[0m[1m{[0m[3mname[0m[2m=[0mk#8dcff6d1..[1m}[0m[2m:[0m [2mconsensus_core::commit_observer[0m[2m:[0m [2mconsensus/core/src/commit_observer.rs[0m[2m:[0m[2m173:[0m Consensus commit C56(SoLt) with leader B63(B,Sjp7) has 3 blocks
[2m2025-03-25T07:55:15.490836Z[0m [32m INFO[0m [1mnode[0m[1m{[0m[3mname[0m[2m=[0mk#99f25ef6..[1m}[0m[2m:[0m [2mconsensus_core::core[0m[2m:[0m [2mconsensus/core/src/core.rs[0m[2m:[0m[2m531:[0m Created block B65(B,PNZWaVTzdMOaQ3qgNMBPpC+VhLiK8xpEs8TKd8pG5gY=)(1742889315490ms;[B64(B,3rbUmqedra/D/F8EeVYS7r5L2slaVMnquf8gdyP3hkw=), B64(A,Gm95j6kUeuzmfoyrSm0YC0HgeNQjDlRdtxTT+rlk9YY=), B64(C,PDaK9wdewOWzibtVrd0aLx0iSBFnz+3CNuBNrBPs6Dc=)];1t;1c) for round 65
[2m2025-03-25T07:55:15.490895Z[0m [32m INFO[0m [1mnode[0m[1m{[0m[3mname[0m[2m=[0mk#99f25ef6..[1m}[0m[2m:[0m [2mconsensus_core::core[0m[2m:[0m [2mconsensus/core/src/core.rs[0m[2m:[0m[2m630:[0m Committing 1 leaders: B63(B,Sjp7)
[2m2025-03-25T07:55:15.490956Z[0m [32m INFO[0m [1mnode[0m[1m{[0m[3mname[0m[2m=[0mk#99f25ef6..[1m}[0m[2m:[0m [2mconsensus_core::commit_observer[0m[2m:[0m [2mconsensus/core/src/commit_observer.rs[0m[2m:[0m[2m173:[0m Consensus commit C56(SoLt) with leader B63(B,Sjp7) has 3 blocks
[2m2025-03-25T07:55:15.491037Z[0m [32m INFO[0m [1mnode[0m[1m{[0m[3mname[0m[2m=[0mk#99f25ef6..[1m}[0m[2m:[0m [2msui_core::consensus_handler[0m[2m:[0m [2mcrates/sui-core/src/consensus_handler.rs[0m[2m:[0m[2m232:[0m Received consensus output [3mconsensus_commit[0m[2m=[0mCommittedSubDag(leader=B63(B,Sjp7), ref=C56(SoLt), blocks=[Btzw, KOiG, Sjp7]) [3mepoch[0m[2m=[0m1
[2m2025-03-25T07:55:15.491053Z[0m [32m INFO[0m [1mnode[0m[1m{[0m[3mname[0m[2m=[0mk#8dcff6d1..[1m}[0m[2m:[0m [2msui_core::consensus_handler[0m[2m:[0m [2mcrates/sui-core/src/consensus_handler.rs[0m[2m:[0m[2m232:[0m Received consensus output [3mconsensus_commit[0m[2m=[0mCommittedSubDag(leader=B63(B,Sjp7), ref=C56(SoLt), blocks=[Btzw, KOiG, Sjp7]) [3mepoch[0m[2m=[0m1
[2m2025-03-25T07:55:15.494747Z[0m [32m INFO[0m [1mnode[0m[1m{[0m[3mname[0m[2m=[0mk#addeef94..[1m}[0m[2m:[0m [2mconsensus_core::core[0m[2m:[0m [2mconsensus/core/src/core.rs[0m[2m:[0m[2m630:[0m Committing 1 leaders: B63(B,Sjp7)
[2m2025-03-25T07:55:15.494841Z[0m [32m INFO[0m [1mnode[0m[1m{[0m[3mname[0m[2m=[0mk#addeef94..[1m}[0m[2m:[0m [2mconsensus_core::commit_observer[0m[2m:[0m [2mconsensus/core/src/commit_observer.rs[0m[2m:[0m[2m173:[0m Consensus commit C56(SoLt) with leader B63(B,Sjp7) has 3 blocks
[2m2025-03-25T07:55:15.494970Z[0m [32m INFO[0m [1mnode[0m[1m{[0m[3mname[0m[2m=[0mk#addeef94..[1m}[0m[2m:[0m [2msui_core::consensus_handler[0m[2m:[0m [2mcrates/sui-core/src/consensus_handler.rs[0m[2m:[0m[2m232:[0m Received consensus output [3mconsensus_commit[0m[2m=[0mCommittedSubDag(leader=B63(B,Sjp7), ref=C56(SoLt), blocks=[Btzw, KOiG, Sjp7]) [3mepoch[0m[2m=[0m1
[2m2025-03-25T07:55:15.517795Z[0m [32m INFO[0m [1mnode[0m[1m{[0m[3mname[0m[2m=[0mk#99f25ef6..[1m}[0m[2m:[0m [2msui_core::checkpoints[0m[2m:[0m [2mcrates/sui-core/src/checkpoints/mod.rs[0m[2m:[0m[2m1326:[0m Creating checkpoint(s) for 2 transactions [3mnext_checkpoint_seq[0m[2m=[0m269 [3mcheckpoint_timestamp[0m[2m=[0m1742889314979
[2m2025-03-25T07:55:15.517798Z[0m [32m INFO[0m [1mnode[0m[1m{[0m[3mname[0m[2m=[0mk#8dcff6d1..[1m}[0m[2m:[0m [2msui_core::checkpoints[0m[2m:[0m [2mcrates/sui-core/src/checkpoints/mod.rs[0m[2m:[0m[2m1326:[0m Creating checkpoint(s) for 2 transactions [3mnext_checkpoint_seq[0m[2m=[0m269 [3mcheckpoint_timestamp[0m[2m=[0m1742889314979
[2m2025-03-25T07:55:15.518100Z[0m [32m INFO[0m [1mnode[0m[1m{[0m[3mname[0m[2m=[0mk#99f25ef6..[1m}[0m[2m:[0m [2msui_core::checkpoints::checkpoint_output[0m[2m:[0m [2mcrates/sui-core/src/checkpoints/checkpoint_output.rs[0m[2m:[0m[2m149:[0m Creating checkpoint CheckpointDigest(EWwtVgCqvDt6u7GEcZ4aJvFcKgnf8CD3gwpK4huXdaPf) at epoch 1, sequence 269, previous digest Some(CheckpointDigest(Fn19r4TNfhY3KMCzsGFzBCkqS8oFfJPfd2RsnJXu7GCK)), transactions count 2, content digest CheckpointContentsDigest(3N7otsueG2xMZmiiBGv89nh9topNMa2cp371kaKSRzSt), end_of_epoch_data None
[2m2025-03-25T07:55:15.518100Z[0m [32m INFO[0m [1mnode[0m[1m{[0m[3mname[0m[2m=[0mk#8dcff6d1..[1m}[0m[2m:[0m [2msui_core::checkpoints::checkpoint_output[0m[2m:[0m [2mcrates/sui-core/src/checkpoints/checkpoint_output.rs[0m[2m:[0m[2m149:[0m Creating checkpoint CheckpointDigest(EWwtVgCqvDt6u7GEcZ4aJvFcKgnf8CD3gwpK4huXdaPf) at epoch 1, sequence 269, previous digest Some(CheckpointDigest(Fn19r4TNfhY3KMCzsGFzBCkqS8oFfJPfd2RsnJXu7GCK)), transactions count 2, content digest CheckpointContentsDigest(3N7otsueG2xMZmiiBGv89nh9topNMa2cp371kaKSRzSt), end_of_epoch_data None
[2m2025-03-25T07:55:15.520892Z[0m [32m INFO[0m [1mnode[0m[1m{[0m[3mname[0m[2m=[0mk#addeef94..[1m}[0m[2m:[0m [2msui_core::checkpoints[0m[2m:[0m [2mcrates/sui-core/src/checkpoints/mod.rs[0m[2m:[0m[2m1326:[0m Creating checkpoint(s) for 2 transactions [3mnext_checkpoint_seq[0m[2m=[0m269 [3mcheckpoint_timestamp[0m[2m=[0m1742889314979
[2m2025-03-25T07:55:15.521027Z[0m [32m INFO[0m [1mnode[0m[1m{[0m[3mname[0m[2m=[0mk#99f25ef6..[1m}[0m[2m:[0m [2msui_core::checkpoints::checkpoint_output[0m[2m:[0m [2mcrates/sui-core/src/checkpoints/checkpoint_output.rs[0m[2m:[0m[2m196:[0m Certified checkpoint with sequence 268 and digest Fn19r4TNfhY3KMCzsGFzBCkqS8oFfJPfd2RsnJXu7GCK
[2m2025-03-25T07:55:15.521032Z[0m [32m INFO[0m [1mnode[0m[1m{[0m[3mname[0m[2m=[0mk#8dcff6d1..[1m}[0m[2m:[0m [2msui_core::checkpoints::checkpoint_output[0m[2m:[0m [2mcrates/sui-core/src/checkpoints/checkpoint_output.rs[0m[2m:[0m[2m196:[0m Certified checkpoint with sequence 268 and digest Fn19r4TNfhY3KMCzsGFzBCkqS8oFfJPfd2RsnJXu7GCK
[2m2025-03-25T07:55:15.521145Z[0m [32m INFO[0m [1mnode[0m[1m{[0m[3mname[0m[2m=[0mk#addeef94..[1m}[0m[2m:[0m [2msui_core::checkpoints::checkpoint_output[0m[2m:[0m [2mcrates/sui-core/src/checkpoints/checkpoint_output.rs[0m[2m:[0m[2m149:[0m Creating checkpoint CheckpointDigest(EWwtVgCqvDt6u7GEcZ4aJvFcKgnf8CD3gwpK4huXdaPf) at epoch 1, sequence 269, previous digest Some(CheckpointDigest(Fn19r4TNfhY3KMCzsGFzBCkqS8oFfJPfd2RsnJXu7GCK)), transactions count 2, content digest CheckpointContentsDigest(3N7otsueG2xMZmiiBGv89nh9topNMa2cp371kaKSRzSt), end_of_epoch_data None
[2m2025-03-25T07:55:15.521468Z[0m [32m INFO[0m [1mnode[0m[1m{[0m[3mname[0m[2m=[0mk#99f25ef6..[1m}[0m[2m:[0m [2msui_core::checkpoints::checkpoint_executor[0m[2m:[0m [2mcrates/sui-core/src/checkpoints/checkpoint_executor/mod.rs[0m[2m:[0m[2m332:[0m Received checkpoint summary from state sync [3msequence_number[0m[2m=[0m268
[2m2025-03-25T07:55:15.521468Z[0m [32m INFO[0m [1mnode[0m[1m{[0m[3mname[0m[2m=[0mk#8dcff6d1..[1m}[0m[2m:[0m [2msui_core::checkpoints::checkpoint_executor[0m[2m:[0m [2mcrates/sui-core/src/checkpoints/checkpoint_executor/mod.rs[0m[2m:[0m[2m332:[0m Received checkpoint summary from state sync [3msequence_number[0m[2m=[0m268
[2m2025-03-25T07:55:15.522631Z[0m [32m INFO[0m [1mnode[0m[1m{[0m[3mname[0m[2m=[0mk#99f25ef6..[1m}[0m[2m:[0m [2msui_core::state_accumulator[0m[2m:[0m [2mcrates/sui-core/src/state_accumulator.rs[0m[2m:[0m[2m675:[0m accumulating running root for checkpoint 268
[2m2025-03-25T07:55:15.522631Z[0m [32m INFO[0m [1mnode[0m[1m{[0m[3mname[0m[2m=[0mk#8dcff6d1..[1m}[0m[2m:[0m [2msui_core::state_accumulator[0m[2m:[0m [2mcrates/sui-core/src/state_accumulator.rs[0m[2m:[0m[2m675:[0m accumulating running root for checkpoint 268
[2m2025-03-25T07:55:15.524803Z[0m [32m INFO[0m [1mnode[0m[1m{[0m[3mname[0m[2m=[0mk#addeef94..[1m}[0m[2m:[0m [2msui_core::checkpoints::checkpoint_executor[0m[2m:[0m [2mcrates/sui-core/src/checkpoints/checkpoint_executor/mod.rs[0m[2m:[0m[2m332:[0m Received checkpoint summary from state sync [3msequence_number[0m[2m=[0m268
[2m2025-03-25T07:55:15.525520Z[0m [32m INFO[0m [1mnode[0m[1m{[0m[3mname[0m[2m=[0mk#addeef94..[1m}[0m[2m:[0m [2msui_core::state_accumulator[0m[2m:[0m [2mcrates/sui-core/src/state_accumulator.rs[0m[2m:[0m[2m675:[0m accumulating running root for checkpoint 268
[2m2025-03-25T07:55:15.742945Z[0m [32m INFO[0m [1mnode[0m[1m{[0m[3mname[0m[2m=[0mk#8dcff6d1..[1m}[0m[2m:[0m [2mconsensus_core::core[0m[2m:[0m [2mconsensus/core/src/core.rs[0m[2m:[0m[2m945:[0m Included 3 ancestors & excluded 0 ancestors for proposal in round 66
[2m2025-03-25T07:55:15.743282Z[0m [32m INFO[0m [1mnode[0m[1m{[0m[3mname[0m[2m=[0mk#99f25ef6..[1m}[0m[2m:[0m [2mconsensus_core::core[0m[2m:[0m [2mconsensus/core/src/core.rs[0m[2m:[0m[2m945:[0m Included 3 ancestors & excluded 0 ancestors for proposal in round 66
[2m2025-03-25T07:55:15.743328Z[0m [32m INFO[0m [1mnode[0m[1m{[0m[3mname[0m[2m=[0mk#8dcff6d1..[1m}[0m[2m:[0m [2mconsensus_core::core[0m[2m:[0m [2mconsensus/core/src/core.rs[0m[2m:[0m[2m531:[0m Created block B66(A,V+2oKpGuSlANAVCbxJUg/z4pB96PXJudwrDxCStEX+c=)(1742889315743ms;[B65(A,TX5qHfWoGb3X78N2mQnj/RwpFWk+9UncdAD5tNRgOws=), B65(B,PNZWaVTzdMOaQ3qgNMBPpC+VhLiK8xpEs8TKd8pG5gY=), B65(C,/0Ooik/mpxekTDC2DzAZ1DR1qc6own/sunQWHs6ZZT8=)];1t;1c) for round 66
[2m2025-03-25T07:55:15.743576Z[0m [32m INFO[0m [1mnode[0m[1m{[0m[3mname[0m[2m=[0mk#99f25ef6..[1m}[0m[2m:[0m [2mconsensus_core::core[0m[2m:[0m [2mconsensus/core/src/core.rs[0m[2m:[0m[2m531:[0m Created block B66(B,xC7KNDR/qgFnqfHPAgwde6k5GgmEaBPYJ/wlVhhUSgU=)(1742889315743ms;[B65(B,PNZWaVTzdMOaQ3qgNMBPpC+VhLiK8xpEs8TKd8pG5gY=), B65(A,TX5qHfWoGb3X78N2mQnj/RwpFWk+9UncdAD5tNRgOws=), B65(C,/0Ooik/mpxekTDC2DzAZ1DR1qc6own/sunQWHs6ZZT8=)];1t;1c) for round 66
[2m2025-03-25T07:55:15.746655Z[0m [32m INFO[0m [1mnode[0m[1m{[0m[3mname[0m[2m=[0mk#addeef94..[1m}[0m[2m:[0m [2mconsensus_core::core[0m[2m:[0m [2mconsensus/core/src/core.rs[0m[2m:[0m[2m945:[0m Included 3 ancestors & excluded 0 ancestors for proposal in round 66
[2m2025-03-25T07:55:15.746960Z[0m [32m INFO[0m [1mnode[0m[1m{[0m[3mname[0m[2m=[0mk#addeef94..[1m}[0m[2m:[0m [2mconsensus_core::core[0m[2m:[0m [2mconsensus/core/src/core.rs[0m[2m:[0m[2m531:[0m Created block B66(C,YxvPszsd2WpZndsjEWN2C8dmjr/3Hr6GiL8YaKc6eDM=)(1742889315746ms;[B65(C,/0Ooik/mpxekTDC2DzAZ1DR1qc6own/sunQWHs6ZZT8=), B65(A,TX5qHfWoGb3X78N2mQnj/RwpFWk+9UncdAD5tNRgOws=), B65(B,PNZWaVTzdMOaQ3qgNMBPpC+VhLiK8xpEs8TKd8pG5gY=)];1t;1c) for round 66
[2m2025-03-25T07:55:15.747028Z[0m [32m INFO[0m [1mnode[0m[1m{[0m[3mname[0m[2m=[0mk#addeef94..[1m}[0m[2m:[0m [2mconsensus_core::core[0m[2m:[0m [2mconsensus/core/src/core.rs[0m[2m:[0m[2m630:[0m Committing 1 leaders: B64(C,PDaK)
[2m2025-03-25T07:55:15.747097Z[0m [32m INFO[0m [1mnode[0m[1m{[0m[3mname[0m[2m=[0mk#addeef94..[1m}[0m[2m:[0m [2mconsensus_core::commit_observer[0m[2m:[0m [2mconsensus/core/src/commit_observer.rs[0m[2m:[0m[2m173:[0m Consensus commit C57(56dx) with leader B64(C,PDaK) has 3 blocks
[2m2025-03-25T07:55:15.747192Z[0m [32m INFO[0m [1mnode[0m[1m{[0m[3mname[0m[2m=[0mk#addeef94..[1m}[0m[2m:[0m [2msui_core::consensus_handler[0m[2m:[0m [2mcrates/sui-core/src/consensus_handler.rs[0m[2m:[0m[2m232:[0m Received consensus output [3mconsensus_commit[0m[2m=[0mCommittedSubDag(leader=B64(C,PDaK), ref=C57(56dx), blocks=[EoIZ, pp1Q, PDaK]) [3mepoch[0m[2m=[0m1
[2m2025-03-25T07:55:15.750239Z[0m [32m INFO[0m [1mnode[0m[1m{[0m[3mname[0m[2m=[0mk#99f25ef6..[1m}[0m[2m:[0m [2msui_core::checkpoints::checkpoint_output[0m[2m:[0m [2mcrates/sui-core/src/checkpoints/checkpoint_output.rs[0m[2m:[0m[2m196:[0m Certified checkpoint with sequence 269 and digest EWwtVgCqvDt6u7GEcZ4aJvFcKgnf8CD3gwpK4huXdaPf
[2m2025-03-25T07:55:15.750236Z[0m [32m INFO[0m [1mnode[0m[1m{[0m[3mname[0m[2m=[0mk#8dcff6d1..[1m}[0m[2m:[0m [2msui_core::checkpoints::checkpoint_output[0m[2m:[0m [2mcrates/sui-core/src/checkpoints/checkpoint_output.rs[0m[2m:[0m[2m196:[0m Certified checkpoint with sequence 269 and digest EWwtVgCqvDt6u7GEcZ4aJvFcKgnf8CD3gwpK4huXdaPf
[2m2025-03-25T07:55:15.750340Z[0m [32m INFO[0m [1mnode[0m[1m{[0m[3mname[0m[2m=[0mk#99f25ef6..[1m}[0m[2m:[0m [2mconsensus_core::core[0m[2m:[0m [2mconsensus/core/src/core.rs[0m[2m:[0m[2m630:[0m Committing 1 leaders: B64(C,PDaK)
[2m2025-03-25T07:55:15.750343Z[0m [32m INFO[0m [1mnode[0m[1m{[0m[3mname[0m[2m=[0mk#8dcff6d1..[1m}[0m[2m:[0m [2mconsensus_core::core[0m[2m:[0m [2mconsensus/core/src/core.rs[0m[2m:[0m[2m630:[0m Committing 1 leaders: B64(C,PDaK)
[2m2025-03-25T07:55:15.750441Z[0m [32m INFO[0m [1mnode[0m[1m{[0m[3mname[0m[2m=[0mk#8dcff6d1..[1m}[0m[2m:[0m [2mconsensus_core::commit_observer[0m[2m:[0m [2mconsensus/core/src/commit_observer.rs[0m[2m:[0m[2m173:[0m Consensus commit C57(56dx) with leader B64(C,PDaK) has 3 blocks
[2m2025-03-25T07:55:15.750445Z[0m [32m INFO[0m [1mnode[0m[1m{[0m[3mname[0m[2m=[0mk#99f25ef6..[1m}[0m[2m:[0m [2mconsensus_core::commit_observer[0m[2m:[0m [2mconsensus/core/src/commit_observer.rs[0m[2m:[0m[2m173:[0m Consensus commit C57(56dx) with leader B64(C,PDaK) has 3 blocks
[2m2025-03-25T07:55:15.750885Z[0m [32m INFO[0m [1mnode[0m[1m{[0m[3mname[0m[2m=[0mk#99f25ef6..[1m}[0m[2m:[0m [2msui_core::consensus_handler[0m[2m:[0m [2mcrates/sui-core/src/consensus_handler.rs[0m[2m:[0m[2m232:[0m Received consensus output [3mconsensus_commit[0m[2m=[0mCommittedSubDag(leader=B64(C,PDaK), ref=C57(56dx), blocks=[EoIZ, pp1Q, PDaK]) [3mepoch[0m[2m=[0m1
[2m2025-03-25T07:55:15.750886Z[0m [32m INFO[0m [1mnode[0m[1m{[0m[3mname[0m[2m=[0mk#8dcff6d1..[1m}[0m[2m:[0m [2msui_core::consensus_handler[0m[2m:[0m [2mcrates/sui-core/src/consensus_handler.rs[0m[2m:[0m[2m232:[0m Received consensus output [3mconsensus_commit[0m[2m=[0mCommittedSubDag(leader=B64(C,PDaK), ref=C57(56dx), blocks=[EoIZ, pp1Q, PDaK]) [3mepoch[0m[2m=[0m1
[2m2025-03-25T07:55:15.751483Z[0m [32m INFO[0m [1mnode[0m[1m{[0m[3mname[0m[2m=[0mk#99f25ef6..[1m}[0m[2m:[0m [2msui_core::checkpoints::checkpoint_executor[0m[2m:[0m [2mcrates/sui-core/src/checkpoints/checkpoint_executor/mod.rs[0m[2m:[0m[2m332:[0m Received checkpoint summary from state sync [3msequence_number[0m[2m=[0m269
[2m2025-03-25T07:55:15.751483Z[0m [32m INFO[0m [1mnode[0m[1m{[0m[3mname[0m[2m=[0mk#8dcff6d1..[1m}[0m[2m:[0m [2msui_core::checkpoints::checkpoint_executor[0m[2m:[0m [2mcrates/sui-core/src/checkpoints/checkpoint_executor/mod.rs[0m[2m:[0m[2m332:[0m Received checkpoint summary from state sync [3msequence_number[0m[2m=[0m269
[2m2025-03-25T07:55:15.764970Z[0m [32m INFO[0m [1mnode[0m[1m{[0m[3mname[0m[2m=[0mk#99f25ef6..[1m}[0m[2m:[0m [2msui_core::state_accumulator[0m[2m:[0m [2mcrates/sui-core/src/state_accumulator.rs[0m[2m:[0m[2m675:[0m accumulating running root for checkpoint 269
[2m2025-03-25T07:55:15.764971Z[0m [32m INFO[0m [1mnode[0m[1m{[0m[3mname[0m[2m=[0mk#8dcff6d1..[1m}[0m[2m:[0m [2msui_core::state_accumulator[0m[2m:[0m [2mcrates/sui-core/src/state_accumulator.rs[0m[2m:[0m[2m675:[0m accumulating running root for checkpoint 269
[2m2025-03-25T07:55:15.791334Z[0m [32m INFO[0m [1mnode[0m[1m{[0m[3mname[0m[2m=[0mk#addeef94..[1m}[0m[2m:[0m [2msui_core::checkpoints[0m[2m:[0m [2mcrates/sui-core/src/checkpoints/mod.rs[0m[2m:[0m[2m1326:[0m Creating checkpoint(s) for 1 transactions [3mnext_checkpoint_seq[0m[2m=[0m270 [3mcheckpoint_timestamp[0m[2m=[0m1742889315235
[2m2025-03-25T07:55:15.791570Z[0m [32m INFO[0m [1mnode[0m[1m{[0m[3mname[0m[2m=[0mk#addeef94..[1m}[0m[2m:[0m [2msui_core::checkpoints::checkpoint_output[0m[2m:[0m [2mcrates/sui-core/src/checkpoints/checkpoint_output.rs[0m[2m:[0m[2m149:[0m Creating checkpoint CheckpointDigest(EkgTp2yuad2oTLCcNG6KoUdr8jkZ7NyHQjJHRCzYKrT5) at epoch 1, sequence 270, previous digest Some(CheckpointDigest(EWwtVgCqvDt6u7GEcZ4aJvFcKgnf8CD3gwpK4huXdaPf)), transactions count 1, content digest CheckpointContentsDigest(6ASYupcbb6qCr85D1CKG3ftzZMvjtoiA8GQhT3BuEpM5), end_of_epoch_data None
[2m2025-03-25T07:55:15.796101Z[0m [32m INFO[0m [1mnode[0m[1m{[0m[3mname[0m[2m=[0mk#8dcff6d1..[1m}[0m[2m:[0m [2msui_core::checkpoints[0m[2m:[0m [2mcrates/sui-core/src/checkpoints/mod.rs[0m[2m:[0m[2m1326:[0m Creating checkpoint(s) for 1 transactions [3mnext_checkpoint_seq[0m[2m=[0m270 [3mcheckpoint_timestamp[0m[2m=[0m1742889315235
[2m2025-03-25T07:55:15.796151Z[0m [32m INFO[0m [1mnode[0m[1m{[0m[3mname[0m[2m=[0mk#99f25ef6..[1m}[0m[2m:[0m [2msui_core::checkpoints[0m[2m:[0m [2mcrates/sui-core/src/checkpoints/mod.rs[0m[2m:[0m[2m1326:[0m Creating checkpoint(s) for 1 transactions [3mnext_checkpoint_seq[0m[2m=[0m270 [3mcheckpoint_timestamp[0m[2m=[0m1742889315235
[2m2025-03-25T07:55:15.796282Z[0m [32m INFO[0m [1mnode[0m[1m{[0m[3mname[0m[2m=[0mk#8dcff6d1..[1m}[0m[2m:[0m [2msui_core::checkpoints::checkpoint_output[0m[2m:[0m [2mcrates/sui-core/src/checkpoints/checkpoint_output.rs[0m[2m:[0m[2m149:[0m Creating checkpoint CheckpointDigest(EkgTp2yuad2oTLCcNG6KoUdr8jkZ7NyHQjJHRCzYKrT5) at epoch 1, sequence 270, previous digest Some(CheckpointDigest(EWwtVgCqvDt6u7GEcZ4aJvFcKgnf8CD3gwpK4huXdaPf)), transactions count 1, content digest CheckpointContentsDigest(6ASYupcbb6qCr85D1CKG3ftzZMvjtoiA8GQhT3BuEpM5), end_of_epoch_data None
[2m2025-03-25T07:55:15.796323Z[0m [32m INFO[0m [1mnode[0m[1m{[0m[3mname[0m[2m=[0mk#99f25ef6..[1m}[0m[2m:[0m [2msui_core::checkpoints::checkpoint_output[0m[2m:[0m [2mcrates/sui-core/src/checkpoints/checkpoint_output.rs[0m[2m:[0m[2m149:[0m Creating checkpoint CheckpointDigest(EkgTp2yuad2oTLCcNG6KoUdr8jkZ7NyHQjJHRCzYKrT5) at epoch 1, sequence 270, previous digest Some(CheckpointDigest(EWwtVgCqvDt6u7GEcZ4aJvFcKgnf8CD3gwpK4huXdaPf)), transactions count 1, content digest CheckpointContentsDigest(6ASYupcbb6qCr85D1CKG3ftzZMvjtoiA8GQhT3BuEpM5), end_of_epoch_data None
[2m2025-03-25T07:55:15.812718Z[0m [32m INFO[0m [1mnode[0m[1m{[0m[3mname[0m[2m=[0mk#addeef94..[1m}[0m[2m:[0m [2msui_core::checkpoints::checkpoint_executor[0m[2m:[0m [2mcrates/sui-core/src/checkpoints/checkpoint_executor/mod.rs[0m[2m:[0m[2m332:[0m Received checkpoint summary from state sync [3msequence_number[0m[2m=[0m269
[2m2025-03-25T07:55:15.858921Z[0m [32m INFO[0m [1mnode[0m[1m{[0m[3mname[0m[2m=[0mk#addeef94..[1m}[0m[2m:[0m [2msui_core::state_accumulator[0m[2m:[0m [2mcrates/sui-core/src/state_accumulator.rs[0m[2m:[0m[2m675:[0m accumulating running root for checkpoint 269
[2m2025-03-25T07:55:15.999877Z[0m [32m INFO[0m [1mnode[0m[1m{[0m[3mname[0m[2m=[0mk#addeef94..[1m}[0m[2m:[0m [2mconsensus_core::core[0m[2m:[0m [2mconsensus/core/src/core.rs[0m[2m:[0m[2m945:[0m Included 3 ancestors & excluded 0 ancestors for proposal in round 67
[2m2025-03-25T07:55:16.000225Z[0m [32m INFO[0m [1mnode[0m[1m{[0m[3mname[0m[2m=[0mk#addeef94..[1m}[0m[2m:[0m [2mconsensus_core::core[0m[2m:[0m [2mconsensus/core/src/core.rs[0m[2m:[0m[2m531:[0m Created block B67(C,qUiRp+7CsuA3pS/pFFQJR3BkpkRaXQ4gDd7G5FdO4PY=)(1742889315999ms;[B66(C,YxvPszsd2WpZndsjEWN2C8dmjr/3Hr6GiL8YaKc6eDM=), B66(A,V+2oKpGuSlANAVCbxJUg/z4pB96PXJudwrDxCStEX+c=), B66(B,xC7KNDR/qgFnqfHPAgwde6k5GgmEaBPYJ/wlVhhUSgU=)];1t;1c) for round 67
[2m2025-03-25T07:55:16.002122Z[0m [32m INFO[0m [1mnode[0m[1m{[0m[3mname[0m[2m=[0mk#99f25ef6..[1m}[0m[2m:[0m [2mconsensus_core::core[0m[2m:[0m [2mconsensus/core/src/core.rs[0m[2m:[0m[2m945:[0m Included 3 ancestors & excluded 0 ancestors for proposal in round 67
[2m2025-03-25T07:55:16.002122Z[0m [32m INFO[0m [1mnode[0m[1m{[0m[3mname[0m[2m=[0mk#8dcff6d1..[1m}[0m[2m:[0m [2mconsensus_core::core[0m[2m:[0m [2mconsensus/core/src/core.rs[0m[2m:[0m[2m945:[0m Included 3 ancestors & excluded 0 ancestors for proposal in round 67
[2m2025-03-25T07:55:16.002406Z[0m [32m INFO[0m [1mnode[0m[1m{[0m[3mname[0m[2m=[0mk#99f25ef6..[1m}[0m[2m:[0m [2mconsensus_core::core[0m[2m:[0m [2mconsensus/core/src/core.rs[0m[2m:[0m[2m531:[0m Created block B67(B,jkTJd/FvLd5Qi36JV9o3swpFZEjQU18+oHEAU9bttiM=)(1742889316002ms;[B66(B,xC7KNDR/qgFnqfHPAgwde6k5GgmEaBPYJ/wlVhhUSgU=), B66(A,V+2oKpGuSlANAVCbxJUg/z4pB96PXJudwrDxCStEX+c=), B66(C,YxvPszsd2WpZndsjEWN2C8dmjr/3Hr6GiL8YaKc6eDM=)];1t;1c) for round 67
[2m2025-03-25T07:55:16.002407Z[0m [32m INFO[0m [1mnode[0m[1m{[0m[3mname[0m[2m=[0mk#8dcff6d1..[1m}[0m[2m:[0m [2mconsensus_core::core[0m[2m:[0m [2mconsensus/core/src/core.rs[0m[2m:[0m[2m531:[0m Created block B67(A,dHFgLb6BCDP69y1OJd/FV5FyghAJJvDhPBzahdCRgXg=)(1742889316002ms;[B66(A,V+2oKpGuSlANAVCbxJUg/z4pB96PXJudwrDxCStEX+c=), B66(B,xC7KNDR/qgFnqfHPAgwde6k5GgmEaBPYJ/wlVhhUSgU=), B66(C,YxvPszsd2WpZndsjEWN2C8dmjr/3Hr6GiL8YaKc6eDM=)];1t;1c) for round 67
[2m2025-03-25T07:55:16.002473Z[0m [32m INFO[0m [1mnode[0m[1m{[0m[3mname[0m[2m=[0mk#8dcff6d1..[1m}[0m[2m:[0m [2mconsensus_core::core[0m[2m:[0m [2mconsensus/core/src/core.rs[0m[2m:[0m[2m630:[0m Committing 1 leaders: B65(B,PNZW)
[2m2025-03-25T07:55:16.002473Z[0m [32m INFO[0m [1mnode[0m[1m{[0m[3mname[0m[2m=[0mk#99f25ef6..[1m}[0m[2m:[0m [2mconsensus_core::core[0m[2m:[0m [2mconsensus/core/src/core.rs[0m[2m:[0m[2m630:[0m Committing 1 leaders: B65(B,PNZW)
[2m2025-03-25T07:55:16.002543Z[0m [32m INFO[0m [1mnode[0m[1m{[0m[3mname[0m[2m=[0mk#99f25ef6..[1m}[0m[2m:[0m [2mconsensus_core::commit_observer[0m[2m:[0m [2mconsensus/core/src/commit_observer.rs[0m[2m:[0m[2m173:[0m Consensus commit C58(hWqP) with leader B65(B,PNZW) has 3 blocks
[2m2025-03-25T07:55:16.002543Z[0m [32m INFO[0m [1mnode[0m[1m{[0m[3mname[0m[2m=[0mk#8dcff6d1..[1m}[0m[2m:[0m [2mconsensus_core::commit_observer[0m[2m:[0m [2mconsensus/core/src/commit_observer.rs[0m[2m:[0m[2m173:[0m Consensus commit C58(hWqP) with leader B65(B,PNZW) has 3 blocks
[2m2025-03-25T07:55:16.002629Z[0m [32m INFO[0m [1mnode[0m[1m{[0m[3mname[0m[2m=[0mk#99f25ef6..[1m}[0m[2m:[0m [2msui_core::consensus_handler[0m[2m:[0m [2mcrates/sui-core/src/consensus_handler.rs[0m[2m:[0m[2m232:[0m Received consensus output [3mconsensus_commit[0m[2m=[0mCommittedSubDag(leader=B65(B,PNZW), ref=C58(hWqP), blocks=[Gm95, 3rbU, PNZW]) [3mepoch[0m[2m=[0m1
[2m2025-03-25T07:55:16.002629Z[0m [32m INFO[0m [1mnode[0m[1m{[0m[3mname[0m[2m=[0mk#8dcff6d1..[1m}[0m[2m:[0m [2msui_core::consensus_handler[0m[2m:[0m [2mcrates/sui-core/src/consensus_handler.rs[0m[2m:[0m[2m232:[0m Received consensus output [3mconsensus_commit[0m[2m=[0mCommittedSubDag(leader=B65(B,PNZW), ref=C58(hWqP), blocks=[Gm95, 3rbU, PNZW]) [3mepoch[0m[2m=[0m1
[2m2025-03-25T07:55:16.006245Z[0m [32m INFO[0m [1mnode[0m[1m{[0m[3mname[0m[2m=[0mk#addeef94..[1m}[0m[2m:[0m [2mconsensus_core::core[0m[2m:[0m [2mconsensus/core/src/core.rs[0m[2m:[0m[2m630:[0m Committing 1 leaders: B65(B,PNZW)
[2m2025-03-25T07:55:16.006341Z[0m [32m INFO[0m [1mnode[0m[1m{[0m[3mname[0m[2m=[0mk#addeef94..[1m}[0m[2m:[0m [2mconsensus_core::commit_observer[0m[2m:[0m [2mconsensus/core/src/commit_observer.rs[0m[2m:[0m[2m173:[0m Consensus commit C58(hWqP) with leader B65(B,PNZW) has 3 blocks
[2m2025-03-25T07:55:16.006468Z[0m [32m INFO[0m [1mnode[0m[1m{[0m[3mname[0m[2m=[0mk#addeef94..[1m}[0m[2m:[0m [2msui_core::consensus_handler[0m[2m:[0m [2mcrates/sui-core/src/consensus_handler.rs[0m[2m:[0m[2m232:[0m Received consensus output [3mconsensus_commit[0m[2m=[0mCommittedSubDag(leader=B65(B,PNZW), ref=C58(hWqP), blocks=[Gm95, 3rbU, PNZW]) [3mepoch[0m[2m=[0m1
[2m2025-03-25T07:55:16.011967Z[0m [32m INFO[0m [1mnode[0m[1m{[0m[3mname[0m[2m=[0mk#b3f3cbb4..[1m}[0m[2m:[0m [2msui_core::state_accumulator[0m[2m:[0m [2mcrates/sui-core/src/state_accumulator.rs[0m[2m:[0m[2m675:[0m accumulating running root for checkpoint 263
[2m2025-03-25T07:55:16.029061Z[0m [32m INFO[0m [1mnode[0m[1m{[0m[3mname[0m[2m=[0mk#99f25ef6..[1m}[0m[2m:[0m [2msui_core::checkpoints[0m[2m:[0m [2mcrates/sui-core/src/checkpoints/mod.rs[0m[2m:[0m[2m1326:[0m Creating checkpoint(s) for 2 transactions [3mnext_checkpoint_seq[0m[2m=[0m271 [3mcheckpoint_timestamp[0m[2m=[0m1742889315490
[2m2025-03-25T07:55:16.029060Z[0m [32m INFO[0m [1mnode[0m[1m{[0m[3mname[0m[2m=[0mk#8dcff6d1..[1m}[0m[2m:[0m [2msui_core::checkpoints[0m[2m:[0m [2mcrates/sui-core/src/checkpoints/mod.rs[0m[2m:[0m[2m1326:[0m Creating checkpoint(s) for 2 transactions [3mnext_checkpoint_seq[0m[2m=[0m271 [3mcheckpoint_timestamp[0m[2m=[0m1742889315490
[2m2025-03-25T07:55:16.029369Z[0m [32m INFO[0m [1mnode[0m[1m{[0m[3mname[0m[2m=[0mk#8dcff6d1..[1m}[0m[2m:[0m [2msui_core::checkpoints::checkpoint_output[0m[2m:[0m [2mcrates/sui-core/src/checkpoints/checkpoint_output.rs[0m[2m:[0m[2m149:[0m Creating checkpoint CheckpointDigest(6an5GCxWBAStju3BQpFyjcCV8gU1N942VVBbJ5R9MYDt) at epoch 1, sequence 271, previous digest Some(CheckpointDigest(EkgTp2yuad2oTLCcNG6KoUdr8jkZ7NyHQjJHRCzYKrT5)), transactions count 2, content digest CheckpointContentsDigest(CRs596GqUDrw59WZHn4tXGQmpHvrLQKfxBNeqjReKmG3), end_of_epoch_data None
[2m2025-03-25T07:55:16.029369Z[0m [32m INFO[0m [1mnode[0m[1m{[0m[3mname[0m[2m=[0mk#99f25ef6..[1m}[0m[2m:[0m [2msui_core::checkpoints::checkpoint_output[0m[2m:[0m [2mcrates/sui-core/src/checkpoints/checkpoint_output.rs[0m[2m:[0m[2m149:[0m Creating checkpoint CheckpointDigest(6an5GCxWBAStju3BQpFyjcCV8gU1N942VVBbJ5R9MYDt) at epoch 1, sequence 271, previous digest Some(CheckpointDigest(EkgTp2yuad2oTLCcNG6KoUdr8jkZ7NyHQjJHRCzYKrT5)), transactions count 2, content digest CheckpointContentsDigest(CRs596GqUDrw59WZHn4tXGQmpHvrLQKfxBNeqjReKmG3), end_of_epoch_data None
[2m2025-03-25T07:55:16.032350Z[0m [32m INFO[0m [1mnode[0m[1m{[0m[3mname[0m[2m=[0mk#8dcff6d1..[1m}[0m[2m:[0m [2msui_core::checkpoints::checkpoint_output[0m[2m:[0m [2mcrates/sui-core/src/checkpoints/checkpoint_output.rs[0m[2m:[0m[2m196:[0m Certified checkpoint with sequence 270 and digest EkgTp2yuad2oTLCcNG6KoUdr8jkZ7NyHQjJHRCzYKrT5
[2m2025-03-25T07:55:16.032353Z[0m [32m INFO[0m [1mnode[0m[1m{[0m[3mname[0m[2m=[0mk#99f25ef6..[1m}[0m[2m:[0m [2msui_core::checkpoints::checkpoint_output[0m[2m:[0m [2mcrates/sui-core/src/checkpoints/checkpoint_output.rs[0m[2m:[0m[2m196:[0m Certified checkpoint with sequence 270 and digest EkgTp2yuad2oTLCcNG6KoUdr8jkZ7NyHQjJHRCzYKrT5
[2m2025-03-25T07:55:16.032370Z[0m [32m INFO[0m [1mnode[0m[1m{[0m[3mname[0m[2m=[0mk#addeef94..[1m}[0m[2m:[0m [2msui_core::checkpoints[0m[2m:[0m [2mcrates/sui-core/src/checkpoints/mod.rs[0m[2m:[0m[2m1326:[0m Creating checkpoint(s) for 2 transactions [3mnext_checkpoint_seq[0m[2m=[0m271 [3mcheckpoint_timestamp[0m[2m=[0m1742889315490
[2m2025-03-25T07:55:16.032621Z[0m [32m INFO[0m [1mnode[0m[1m{[0m[3mname[0m[2m=[0mk#addeef94..[1m}[0m[2m:[0m [2msui_core::checkpoints::checkpoint_output[0m[2m:[0m [2mcrates/sui-core/src/checkpoints/checkpoint_output.rs[0m[2m:[0m[2m149:[0m Creating checkpoint CheckpointDigest(6an5GCxWBAStju3BQpFyjcCV8gU1N942VVBbJ5R9MYDt) at epoch 1, sequence 271, previous digest Some(CheckpointDigest(EkgTp2yuad2oTLCcNG6KoUdr8jkZ7NyHQjJHRCzYKrT5)), transactions count 2, content digest CheckpointContentsDigest(CRs596GqUDrw59WZHn4tXGQmpHvrLQKfxBNeqjReKmG3), end_of_epoch_data None
[2m2025-03-25T07:55:16.032793Z[0m [32m INFO[0m [1mnode[0m[1m{[0m[3mname[0m[2m=[0mk#8dcff6d1..[1m}[0m[2m:[0m [2msui_core::checkpoints::checkpoint_executor[0m[2m:[0m [2mcrates/sui-core/src/checkpoints/checkpoint_executor/mod.rs[0m[2m:[0m[2m332:[0m Received checkpoint summary from state sync [3msequence_number[0m[2m=[0m270
[2m2025-03-25T07:55:16.032793Z[0m [32m INFO[0m [1mnode[0m[1m{[0m[3mname[0m[2m=[0mk#99f25ef6..[1m}[0m[2m:[0m [2msui_core::checkpoints::checkpoint_executor[0m[2m:[0m [2mcrates/sui-core/src/checkpoints/checkpoint_executor/mod.rs[0m[2m:[0m[2m332:[0m Received checkpoint summary from state sync [3msequence_number[0m[2m=[0m270
[2m2025-03-25T07:55:16.033914Z[0m [32m INFO[0m [1mnode[0m[1m{[0m[3mname[0m[2m=[0mk#8dcff6d1..[1m}[0m[2m:[0m [2msui_core::state_accumulator[0m[2m:[0m [2mcrates/sui-core/src/state_accumulator.rs[0m[2m:[0m[2m675:[0m accumulating running root for checkpoint 270
[2m2025-03-25T07:55:16.033915Z[0m [32m INFO[0m [1mnode[0m[1m{[0m[3mname[0m[2m=[0mk#99f25ef6..[1m}[0m[2m:[0m [2msui_core::state_accumulator[0m[2m:[0m [2mcrates/sui-core/src/state_accumulator.rs[0m[2m:[0m[2m675:[0m accumulating running root for checkpoint 270
[2m2025-03-25T07:55:16.036094Z[0m [32m INFO[0m [1mnode[0m[1m{[0m[3mname[0m[2m=[0mk#addeef94..[1m}[0m[2m:[0m [2msui_core::checkpoints::checkpoint_executor[0m[2m:[0m [2mcrates/sui-core/src/checkpoints/checkpoint_executor/mod.rs[0m[2m:[0m[2m332:[0m Received checkpoint summary from state sync [3msequence_number[0m[2m=[0m270
[2m2025-03-25T07:55:16.036807Z[0m [32m INFO[0m [1mnode[0m[1m{[0m[3mname[0m[2m=[0mk#addeef94..[1m}[0m[2m:[0m [2msui_core::state_accumulator[0m[2m:[0m [2mcrates/sui-core/src/state_accumulator.rs[0m[2m:[0m[2m675:[0m accumulating running root for checkpoint 270
[2m2025-03-25T07:55:16.047611Z[0m [32m INFO[0m [1mnode[0m[1m{[0m[3mname[0m[2m=[0mk#b3f3cbb4..[1m}[0m[2m:[0m [2msui_core::state_accumulator[0m[2m:[0m [2mcrates/sui-core/src/state_accumulator.rs[0m[2m:[0m[2m675:[0m accumulating running root for checkpoint 264
[2m2025-03-25T07:55:16.061375Z[0m [32m INFO[0m [1mnode[0m[1m{[0m[3mname[0m[2m=[0mk#b3f3cbb4..[1m}[0m[2m:[0m [2msui_core::checkpoints::checkpoint_executor[0m[2m:[0m [2mcrates/sui-core/src/checkpoints/checkpoint_executor/mod.rs[0m[2m:[0m[2m332:[0m Received checkpoint summary from state sync [3msequence_number[0m[2m=[0m265
[2m2025-03-25T07:55:16.061497Z[0m [32m INFO[0m [1mnode[0m[1m{[0m[3mname[0m[2m=[0mk#b3f3cbb4..[1m}[0m[2m:[0m [2msui_core::checkpoints::checkpoint_executor[0m[2m:[0m [2mcrates/sui-core/src/checkpoints/checkpoint_executor/mod.rs[0m[2m:[0m[2m332:[0m Received checkpoint summary from state sync [3msequence_number[0m[2m=[0m266
[2m2025-03-25T07:55:16.140169Z[0m [32m INFO[0m [1mnode[0m[1m{[0m[3mname[0m[2m=[0mk#b3f3cbb4..[1m}[0m[2m:[0m [2msui_core::state_accumulator[0m[2m:[0m [2mcrates/sui-core/src/state_accumulator.rs[0m[2m:[0m[2m675:[0m accumulating running root for checkpoint 265
[2m2025-03-25T07:55:16.174711Z[0m [32m INFO[0m [1mnode[0m[1m{[0m[3mname[0m[2m=[0mk#b3f3cbb4..[1m}[0m[2m:[0m [2msui_core::state_accumulator[0m[2m:[0m [2mcrates/sui-core/src/state_accumulator.rs[0m[2m:[0m[2m675:[0m accumulating running root for checkpoint 266
[2m2025-03-25T07:55:16.177764Z[0m [32m INFO[0m [1mnode[0m[1m{[0m[3mname[0m[2m=[0mk#b3f3cbb4..[1m}[0m[2m:[0m [2msui_core::checkpoints::checkpoint_executor[0m[2m:[0m [2mcrates/sui-core/src/checkpoints/checkpoint_executor/mod.rs[0m[2m:[0m[2m332:[0m Received checkpoint summary from state sync [3msequence_number[0m[2m=[0m267
[2m2025-03-25T07:55:16.177960Z[0m [32m INFO[0m [1mnode[0m[1m{[0m[3mname[0m[2m=[0mk#b3f3cbb4..[1m}[0m[2m:[0m [2msui_core::checkpoints::checkpoint_executor[0m[2m:[0m [2mcrates/sui-core/src/checkpoints/checkpoint_executor/mod.rs[0m[2m:[0m[2m332:[0m Received checkpoint summary from state sync [3msequence_number[0m[2m=[0m268
[2m2025-03-25T07:55:16.178001Z[0m [32m INFO[0m [1mnode[0m[1m{[0m[3mname[0m[2m=[0mk#b3f3cbb4..[1m}[0m[2m:[0m [2msui_core::checkpoints::checkpoint_executor[0m[2m:[0m [2mcrates/sui-core/src/checkpoints/checkpoint_executor/mod.rs[0m[2m:[0m[2m332:[0m Received checkpoint summary from state sync [3msequence_number[0m[2m=[0m269
[2m2025-03-25T07:55:16.178040Z[0m [32m INFO[0m [1mnode[0m[1m{[0m[3mname[0m[2m=[0mk#b3f3cbb4..[1m}[0m[2m:[0m [2msui_core::checkpoints::checkpoint_executor[0m[2m:[0m [2mcrates/sui-core/src/checkpoints/checkpoint_executor/mod.rs[0m[2m:[0m[2m332:[0m Received checkpoint summary from state sync [3msequence_number[0m[2m=[0m270
[2m2025-03-25T07:55:16.255222Z[0m [32m INFO[0m [1mnode[0m[1m{[0m[3mname[0m[2m=[0mk#8dcff6d1..[1m}[0m[2m:[0m [2mconsensus_core::core[0m[2m:[0m [2mconsensus/core/src/core.rs[0m[2m:[0m[2m945:[0m Included 3 ancestors & excluded 0 ancestors for proposal in round 68
[2m2025-03-25T07:55:16.255424Z[0m [32m INFO[0m [1mnode[0m[1m{[0m[3mname[0m[2m=[0mk#99f25ef6..[1m}[0m[2m:[0m [2mconsensus_core::core[0m[2m:[0m [2mconsensus/core/src/core.rs[0m[2m:[0m[2m945:[0m Included 3 ancestors & excluded 0 ancestors for proposal in round 68
[2m2025-03-25T07:55:16.255751Z[0m [32m INFO[0m [1mnode[0m[1m{[0m[3mname[0m[2m=[0mk#99f25ef6..[1m}[0m[2m:[0m [2mconsensus_core::core[0m[2m:[0m [2mconsensus/core/src/core.rs[0m[2m:[0m[2m531:[0m Created block B68(B,DcoDtbYPVcu46Q2MXx/lfD15ZvwBfXZOvrgclCUvQgw=)(1742889316255ms;[B67(B,jkTJd/FvLd5Qi36JV9o3swpFZEjQU18+oHEAU9bttiM=), B67(A,dHFgLb6BCDP69y1OJd/FV5FyghAJJvDhPBzahdCRgXg=), B67(C,qUiRp+7CsuA3pS/pFFQJR3BkpkRaXQ4gDd7G5FdO4PY=)];1t;1c) for round 68
[2m2025-03-25T07:55:16.255764Z[0m [32m INFO[0m [1mnode[0m[1m{[0m[3mname[0m[2m=[0mk#8dcff6d1..[1m}[0m[2m:[0m [2mconsensus_core::core[0m[2m:[0m [2mconsensus/core/src/core.rs[0m[2m:[0m[2m531:[0m Created block B68(A,bi8pWVUecnK6hwd6BqvmiGUr0E2Q3WlPmiRQwabTGA4=)(1742889316255ms;[B67(A,dHFgLb6BCDP69y1OJd/FV5FyghAJJvDhPBzahdCRgXg=), B67(B,jkTJd/FvLd5Qi36JV9o3swpFZEjQU18+oHEAU9bttiM=), B67(C,qUiRp+7CsuA3pS/pFFQJR3BkpkRaXQ4gDd7G5FdO4PY=)];1t;1c) for round 68
[2m2025-03-25T07:55:16.259593Z[0m [32m INFO[0m [1mnode[0m[1m{[0m[3mname[0m[2m=[0mk#addeef94..[1m}[0m[2m:[0m [2mconsensus_core::core[0m[2m:[0m [2mconsensus/core/src/core.rs[0m[2m:[0m[2m945:[0m Included 3 ancestors & excluded 0 ancestors for proposal in round 68
[2m2025-03-25T07:55:16.259906Z[0m [32m INFO[0m [1mnode[0m[1m{[0m[3mname[0m[2m=[0mk#addeef94..[1m}[0m[2m:[0m [2mconsensus_core::core[0m[2m:[0m [2mconsensus/core/src/core.rs[0m[2m:[0m[2m531:[0m Created block B68(C,lQpmsMzPy0i53arEXuhh8MztkYuOZZtxtn5WVw+MOKs=)(1742889316259ms;[B67(C,qUiRp+7CsuA3pS/pFFQJR3BkpkRaXQ4gDd7G5FdO4PY=), B67(A,dHFgLb6BCDP69y1OJd/FV5FyghAJJvDhPBzahdCRgXg=), B67(B,jkTJd/FvLd5Qi36JV9o3swpFZEjQU18+oHEAU9bttiM=)];1t;1c) for round 68
[2m2025-03-25T07:55:16.259983Z[0m [32m INFO[0m [1mnode[0m[1m{[0m[3mname[0m[2m=[0mk#addeef94..[1m}[0m[2m:[0m [2mconsensus_core::core[0m[2m:[0m [2mconsensus/core/src/core.rs[0m[2m:[0m[2m630:[0m Committing 1 leaders: B66(C,YxvP)
[2m2025-03-25T07:55:16.260054Z[0m [32m INFO[0m [1mnode[0m[1m{[0m[3mname[0m[2m=[0mk#addeef94..[1m}[0m[2m:[0m [2mconsensus_core::commit_observer[0m[2m:[0m [2mconsensus/core/src/commit_observer.rs[0m[2m:[0m[2m173:[0m Consensus commit C59(kuKP) with leader B66(C,YxvP) has 3 blocks
[2m2025-03-25T07:55:16.260319Z[0m [32m INFO[0m [1mnode[0m[1m{[0m[3mname[0m[2m=[0mk#addeef94..[1m}[0m[2m:[0m [2msui_core::consensus_handler[0m[2m:[0m [2mcrates/sui-core/src/consensus_handler.rs[0m[2m:[0m[2m232:[0m Received consensus output [3mconsensus_commit[0m[2m=[0mCommittedSubDag(leader=B66(C,YxvP), ref=C59(kuKP), blocks=[TX5q, /0Oo, YxvP]) [3mepoch[0m[2m=[0m1
[2m2025-03-25T07:55:16.263652Z[0m [32m INFO[0m [1mnode[0m[1m{[0m[3mname[0m[2m=[0mk#99f25ef6..[1m}[0m[2m:[0m [2msui_core::checkpoints::checkpoint_output[0m[2m:[0m [2mcrates/sui-core/src/checkpoints/checkpoint_output.rs[0m[2m:[0m[2m196:[0m Certified checkpoint with sequence 271 and digest 6an5GCxWBAStju3BQpFyjcCV8gU1N942VVBbJ5R9MYDt
[2m2025-03-25T07:55:16.263775Z[0m [32m INFO[0m [1mnode[0m[1m{[0m[3mname[0m[2m=[0mk#99f25ef6..[1m}[0m[2m:[0m [2mconsensus_core::core[0m[2m:[0m [2mconsensus/core/src/core.rs[0m[2m:[0m[2m630:[0m Committing 1 leaders: B66(C,YxvP)
[2m2025-03-25T07:55:16.263881Z[0m [32m INFO[0m [1mnode[0m[1m{[0m[3mname[0m[2m=[0mk#99f25ef6..[1m}[0m[2m:[0m [2mconsensus_core::commit_observer[0m[2m:[0m [2mconsensus/core/src/commit_observer.rs[0m[2m:[0m[2m173:[0m Consensus commit C59(kuKP) with leader B66(C,YxvP) has 3 blocks
[2m2025-03-25T07:55:16.264000Z[0m [32m INFO[0m [1mnode[0m[1m{[0m[3mname[0m[2m=[0mk#8dcff6d1..[1m}[0m[2m:[0m [2msui_core::checkpoints::checkpoint_output[0m[2m:[0m [2mcrates/sui-core/src/checkpoints/checkpoint_output.rs[0m[2m:[0m[2m196:[0m Certified checkpoint with sequence 271 and digest 6an5GCxWBAStju3BQpFyjcCV8gU1N942VVBbJ5R9MYDt
[2m2025-03-25T07:55:16.264102Z[0m [32m INFO[0m [1mnode[0m[1m{[0m[3mname[0m[2m=[0mk#8dcff6d1..[1m}[0m[2m:[0m [2mconsensus_core::core[0m[2m:[0m [2mconsensus/core/src/core.rs[0m[2m:[0m[2m630:[0m Committing 1 leaders: B66(C,YxvP)
[2m2025-03-25T07:55:16.264203Z[0m [32m INFO[0m [1mnode[0m[1m{[0m[3mname[0m[2m=[0mk#8dcff6d1..[1m}[0m[2m:[0m [2mconsensus_core::commit_observer[0m[2m:[0m [2mconsensus/core/src/commit_observer.rs[0m[2m:[0m[2m173:[0m Consensus commit C59(kuKP) with leader B66(C,YxvP) has 3 blocks
[2m2025-03-25T07:55:16.264331Z[0m [32m INFO[0m [1mnode[0m[1m{[0m[3mname[0m[2m=[0mk#99f25ef6..[1m}[0m[2m:[0m [2msui_core::consensus_handler[0m[2m:[0m [2mcrates/sui-core/src/consensus_handler.rs[0m[2m:[0m[2m232:[0m Received consensus output [3mconsensus_commit[0m[2m=[0mCommittedSubDag(leader=B66(C,YxvP), ref=C59(kuKP), blocks=[TX5q, /0Oo, YxvP]) [3mepoch[0m[2m=[0m1
[2m2025-03-25T07:55:16.264591Z[0m [32m INFO[0m [1mnode[0m[1m{[0m[3mname[0m[2m=[0mk#8dcff6d1..[1m}[0m[2m:[0m [2msui_core::consensus_handler[0m[2m:[0m [2mcrates/sui-core/src/consensus_handler.rs[0m[2m:[0m[2m232:[0m Received consensus output [3mconsensus_commit[0m[2m=[0mCommittedSubDag(leader=B66(C,YxvP), ref=C59(kuKP), blocks=[TX5q, /0Oo, YxvP]) [3mepoch[0m[2m=[0m1
[2m2025-03-25T07:55:16.264961Z[0m [32m INFO[0m [1mnode[0m[1m{[0m[3mname[0m[2m=[0mk#99f25ef6..[1m}[0m[2m:[0m [2msui_core::checkpoints::checkpoint_executor[0m[2m:[0m [2mcrates/sui-core/src/checkpoints/checkpoint_executor/mod.rs[0m[2m:[0m[2m332:[0m Received checkpoint summary from state sync [3msequence_number[0m[2m=[0m271
[2m2025-03-25T07:55:16.265214Z[0m [32m INFO[0m [1mnode[0m[1m{[0m[3mname[0m[2m=[0mk#8dcff6d1..[1m}[0m[2m:[0m [2msui_core::checkpoints::checkpoint_executor[0m[2m:[0m [2mcrates/sui-core/src/checkpoints/checkpoint_executor/mod.rs[0m[2m:[0m[2m332:[0m Received checkpoint summary from state sync [3msequence_number[0m[2m=[0m271
[2m2025-03-25T07:55:16.269495Z[0m [32m INFO[0m [1mnode[0m[1m{[0m[3mname[0m[2m=[0mk#b3f3cbb4..[1m}[0m[2m:[0m [2msui_core::state_accumulator[0m[2m:[0m [2mcrates/sui-core/src/state_accumulator.rs[0m[2m:[0m[2m675:[0m accumulating running root for checkpoint 267
[2m2025-03-25T07:55:16.279734Z[0m [32m INFO[0m [1mnode[0m[1m{[0m[3mname[0m[2m=[0mk#8dcff6d1..[1m}[0m[2m:[0m [2msui_core::state_accumulator[0m[2m:[0m [2mcrates/sui-core/src/state_accumulator.rs[0m[2m:[0m[2m675:[0m accumulating running root for checkpoint 271
[2m2025-03-25T07:55:16.279734Z[0m [32m INFO[0m [1mnode[0m[1m{[0m[3mname[0m[2m=[0mk#99f25ef6..[1m}[0m[2m:[0m [2msui_core::state_accumulator[0m[2m:[0m [2mcrates/sui-core/src/state_accumulator.rs[0m[2m:[0m[2m675:[0m accumulating running root for checkpoint 271
[2m2025-03-25T07:55:16.315539Z[0m [32m INFO[0m [1mnode[0m[1m{[0m[3mname[0m[2m=[0mk#addeef94..[1m}[0m[2m:[0m [2msui_core::checkpoints[0m[2m:[0m [2mcrates/sui-core/src/checkpoints/mod.rs[0m[2m:[0m[2m1326:[0m Creating checkpoint(s) for 1 transactions [3mnext_checkpoint_seq[0m[2m=[0m272 [3mcheckpoint_timestamp[0m[2m=[0m1742889315746
[2m2025-03-25T07:55:16.315698Z[0m [32m INFO[0m [1mnode[0m[1m{[0m[3mname[0m[2m=[0mk#99f25ef6..[1m}[0m[2m:[0m [2msui_core::checkpoints[0m[2m:[0m [2mcrates/sui-core/src/checkpoints/mod.rs[0m[2m:[0m[2m1326:[0m Creating checkpoint(s) for 1 transactions [3mnext_checkpoint_seq[0m[2m=[0m272 [3mcheckpoint_timestamp[0m[2m=[0m1742889315746
[2m2025-03-25T07:55:16.315810Z[0m [32m INFO[0m [1mnode[0m[1m{[0m[3mname[0m[2m=[0mk#addeef94..[1m}[0m[2m:[0m [2msui_core::checkpoints::checkpoint_output[0m[2m:[0m [2mcrates/sui-core/src/checkpoints/checkpoint_output.rs[0m[2m:[0m[2m149:[0m Creating checkpoint CheckpointDigest(8PoLt1WAa8nGQakaUAy7fnMjB6VdKQYB3Koy4zJkZPSn) at epoch 1, sequence 272, previous digest Some(CheckpointDigest(6an5GCxWBAStju3BQpFyjcCV8gU1N942VVBbJ5R9MYDt)), transactions count 1, content digest CheckpointContentsDigest(CjyjTUNgbQoeXeiu6xWTTWrgd18uZ6yw45SUpXuqPU55), end_of_epoch_data None
[2m2025-03-25T07:55:16.315878Z[0m [32m INFO[0m [1mnode[0m[1m{[0m[3mname[0m[2m=[0mk#99f25ef6..[1m}[0m[2m:[0m [2msui_core::checkpoints::checkpoint_output[0m[2m:[0m [2mcrates/sui-core/src/checkpoints/checkpoint_output.rs[0m[2m:[0m[2m149:[0m Creating checkpoint CheckpointDigest(8PoLt1WAa8nGQakaUAy7fnMjB6VdKQYB3Koy4zJkZPSn) at epoch 1, sequence 272, previous digest Some(CheckpointDigest(6an5GCxWBAStju3BQpFyjcCV8gU1N942VVBbJ5R9MYDt)), transactions count 1, content digest CheckpointContentsDigest(CjyjTUNgbQoeXeiu6xWTTWrgd18uZ6yw45SUpXuqPU55), end_of_epoch_data None
[2m2025-03-25T07:55:16.316105Z[0m [32m INFO[0m [1mnode[0m[1m{[0m[3mname[0m[2m=[0mk#8dcff6d1..[1m}[0m[2m:[0m [2msui_core::checkpoints[0m[2m:[0m [2mcrates/sui-core/src/checkpoints/mod.rs[0m[2m:[0m[2m1326:[0m Creating checkpoint(s) for 1 transactions [3mnext_checkpoint_seq[0m[2m=[0m272 [3mcheckpoint_timestamp[0m[2m=[0m1742889315746
[2m2025-03-25T07:55:16.316282Z[0m [32m INFO[0m [1mnode[0m[1m{[0m[3mname[0m[2m=[0mk#8dcff6d1..[1m}[0m[2m:[0m [2msui_core::checkpoints::checkpoint_output[0m[2m:[0m [2mcrates/sui-core/src/checkpoints/checkpoint_output.rs[0m[2m:[0m[2m149:[0m Creating checkpoint CheckpointDigest(8PoLt1WAa8nGQakaUAy7fnMjB6VdKQYB3Koy4zJkZPSn) at epoch 1, sequence 272, previous digest Some(CheckpointDigest(6an5GCxWBAStju3BQpFyjcCV8gU1N942VVBbJ5R9MYDt)), transactions count 1, content digest CheckpointContentsDigest(CjyjTUNgbQoeXeiu6xWTTWrgd18uZ6yw45SUpXuqPU55), end_of_epoch_data None
[2m2025-03-25T07:55:16.339117Z[0m [32m INFO[0m [1mnode[0m[1m{[0m[3mname[0m[2m=[0mk#addeef94..[1m}[0m[2m:[0m [2msui_core::checkpoints::checkpoint_executor[0m[2m:[0m [2mcrates/sui-core/src/checkpoints/checkpoint_executor/mod.rs[0m[2m:[0m[2m332:[0m Received checkpoint summary from state sync [3msequence_number[0m[2m=[0m271
[2m2025-03-25T07:55:16.356158Z[0m [32m INFO[0m [1mnode[0m[1m{[0m[3mname[0m[2m=[0mk#b3f3cbb4..[1m}[0m[2m:[0m [2msui_core::state_accumulator[0m[2m:[0m [2mcrates/sui-core/src/state_accumulator.rs[0m[2m:[0m[2m675:[0m accumulating running root for checkpoint 268
[2m2025-03-25T07:55:16.385217Z[0m [32m INFO[0m [1mnode[0m[1m{[0m[3mname[0m[2m=[0mk#addeef94..[1m}[0m[2m:[0m [2msui_core::state_accumulator[0m[2m:[0m [2mcrates/sui-core/src/state_accumulator.rs[0m[2m:[0m[2m675:[0m accumulating running root for checkpoint 271
[2m2025-03-25T07:55:16.392359Z[0m [32m INFO[0m [1mnode[0m[1m{[0m[3mname[0m[2m=[0mk#b3f3cbb4..[1m}[0m[2m:[0m [2msui_core::state_accumulator[0m[2m:[0m [2mcrates/sui-core/src/state_accumulator.rs[0m[2m:[0m[2m675:[0m accumulating running root for checkpoint 269
[2m2025-03-25T07:55:16.417735Z[0m [32m INFO[0m [1mnode[0m[1m{[0m[3mname[0m[2m=[0mk#b3f3cbb4..[1m}[0m[2m:[0m [2msui_core::state_accumulator[0m[2m:[0m [2mcrates/sui-core/src/state_accumulator.rs[0m[2m:[0m[2m675:[0m accumulating running root for checkpoint 270
[2m2025-03-25T07:55:16.421666Z[0m [32m INFO[0m [1mnode[0m[1m{[0m[3mname[0m[2m=[0mk#b3f3cbb4..[1m}[0m[2m:[0m [2msui_core::checkpoints::checkpoint_executor[0m[2m:[0m [2mcrates/sui-core/src/checkpoints/checkpoint_executor/mod.rs[0m[2m:[0m[2m332:[0m Received checkpoint summary from state sync [3msequence_number[0m[2m=[0m271
[2m2025-03-25T07:55:16.509528Z[0m [32m INFO[0m [1mnode[0m[1m{[0m[3mname[0m[2m=[0mk#b3f3cbb4..[1m}[0m[2m:[0m [2msui_core::state_accumulator[0m[2m:[0m [2mcrates/sui-core/src/state_accumulator.rs[0m[2m:[0m[2m675:[0m accumulating running root for checkpoint 271
[2m2025-03-25T07:55:16.513471Z[0m [32m INFO[0m [1mnode[0m[1m{[0m[3mname[0m[2m=[0mk#addeef94..[1m}[0m[2m:[0m [2mconsensus_core::core[0m[2m:[0m [2mconsensus/core/src/core.rs[0m[2m:[0m[2m945:[0m Included 3 ancestors & excluded 0 ancestors for proposal in round 69
[2m2025-03-25T07:55:16.513828Z[0m [32m INFO[0m [1mnode[0m[1m{[0m[3mname[0m[2m=[0mk#addeef94..[1m}[0m[2m:[0m [2mconsensus_core::core[0m[2m:[0m [2mconsensus/core/src/core.rs[0m[2m:[0m[2m531:[0m Created block B69(C,cY8iMWeVjOQR3BAbilHi8y3ZcoYp76M6dzQE2CXNq1E=)(1742889316513ms;[B68(C,lQpmsMzPy0i53arEXuhh8MztkYuOZZtxtn5WVw+MOKs=), B68(A,bi8pWVUecnK6hwd6BqvmiGUr0E2Q3WlPmiRQwabTGA4=), B68(B,DcoDtbYPVcu46Q2MXx/lfD15ZvwBfXZOvrgclCUvQgw=)];1t;1c) for round 69
[2m2025-03-25T07:55:16.515707Z[0m [32m INFO[0m [1mnode[0m[1m{[0m[3mname[0m[2m=[0mk#99f25ef6..[1m}[0m[2m:[0m [2mconsensus_core::core[0m[2m:[0m [2mconsensus/core/src/core.rs[0m[2m:[0m[2m945:[0m Included 3 ancestors & excluded 0 ancestors for proposal in round 69
[2m2025-03-25T07:55:16.515725Z[0m [32m INFO[0m [1mnode[0m[1m{[0m[3mname[0m[2m=[0mk#8dcff6d1..[1m}[0m[2m:[0m [2mconsensus_core::core[0m[2m:[0m [2mconsensus/core/src/core.rs[0m[2m:[0m[2m945:[0m Included 3 ancestors & excluded 0 ancestors for proposal in round 69
[2m2025-03-25T07:55:16.515999Z[0m [32m INFO[0m [1mnode[0m[1m{[0m[3mname[0m[2m=[0mk#99f25ef6..[1m}[0m[2m:[0m [2mconsensus_core::core[0m[2m:[0m [2mconsensus/core/src/core.rs[0m[2m:[0m[2m531:[0m Created block B69(B,Wc7DhoVUm0P60FVRchyFQC7kV75DHKJ09DT56m71nKI=)(1742889316515ms;[B68(B,DcoDtbYPVcu46Q2MXx/lfD15ZvwBfXZOvrgclCUvQgw=), B68(A,bi8pWVUecnK6hwd6BqvmiGUr0E2Q3WlPmiRQwabTGA4=), B68(C,lQpmsMzPy0i53arEXuhh8MztkYuOZZtxtn5WVw+MOKs=)];1t;1c) for round 69
[2m2025-03-25T07:55:16.516015Z[0m [32m INFO[0m [1mnode[0m[1m{[0m[3mname[0m[2m=[0mk#8dcff6d1..[1m}[0m[2m:[0m [2mconsensus_core::core[0m[2m:[0m [2mconsensus/core/src/core.rs[0m[2m:[0m[2m531:[0m Created block B69(A,X4VM3BEUQkjpyjn2AywSp5R+5RNmWbHgJb8bAvcUcWU=)(1742889316515ms;[B68(A,bi8pWVUecnK6hwd6BqvmiGUr0E2Q3WlPmiRQwabTGA4=), B68(B,DcoDtbYPVcu46Q2MXx/lfD15ZvwBfXZOvrgclCUvQgw=), B68(C,lQpmsMzPy0i53arEXuhh8MztkYuOZZtxtn5WVw+MOKs=)];1t;1c) for round 69
[2m2025-03-25T07:55:16.516068Z[0m [32m INFO[0m [1mnode[0m[1m{[0m[3mname[0m[2m=[0mk#99f25ef6..[1m}[0m[2m:[0m [2mconsensus_core::core[0m[2m:[0m [2mconsensus/core/src/core.rs[0m[2m:[0m[2m630:[0m Committing 1 leaders: B67(B,jkTJ)
[2m2025-03-25T07:55:16.516080Z[0m [32m INFO[0m [1mnode[0m[1m{[0m[3mname[0m[2m=[0mk#8dcff6d1..[1m}[0m[2m:[0m [2mconsensus_core::core[0m[2m:[0m [2mconsensus/core/src/core.rs[0m[2m:[0m[2m630:[0m Committing 1 leaders: B67(B,jkTJ)
[2m2025-03-25T07:55:16.516139Z[0m [32m INFO[0m [1mnode[0m[1m{[0m[3mname[0m[2m=[0mk#99f25ef6..[1m}[0m[2m:[0m [2mconsensus_core::commit_observer[0m[2m:[0m [2mconsensus/core/src/commit_observer.rs[0m[2m:[0m[2m173:[0m Consensus commit C60(QPhf) with leader B67(B,jkTJ) has 3 blocks
[2m2025-03-25T07:55:16.516145Z[0m [32m INFO[0m [1mnode[0m[1m{[0m[3mname[0m[2m=[0mk#8dcff6d1..[1m}[0m[2m:[0m [2mconsensus_core::commit_observer[0m[2m:[0m [2mconsensus/core/src/commit_observer.rs[0m[2m:[0m[2m173:[0m Consensus commit C60(QPhf) with leader B67(B,jkTJ) has 3 blocks
[2m2025-03-25T07:55:16.516224Z[0m [32m INFO[0m [1mnode[0m[1m{[0m[3mname[0m[2m=[0mk#99f25ef6..[1m}[0m[2m:[0m [2msui_core::consensus_handler[0m[2m:[0m [2mcrates/sui-core/src/consensus_handler.rs[0m[2m:[0m[2m232:[0m Received consensus output [3mconsensus_commit[0m[2m=[0mCommittedSubDag(leader=B67(B,jkTJ), ref=C60(QPhf), blocks=[V+2o, xC7K, jkTJ]) [3mepoch[0m[2m=[0m1
[2m2025-03-25T07:55:16.516225Z[0m [32m INFO[0m [1mnode[0m[1m{[0m[3mname[0m[2m=[0mk#8dcff6d1..[1m}[0m[2m:[0m [2msui_core::consensus_handler[0m[2m:[0m [2mcrates/sui-core/src/consensus_handler.rs[0m[2m:[0m[2m232:[0m Received consensus output [3mconsensus_commit[0m[2m=[0mCommittedSubDag(leader=B67(B,jkTJ), ref=C60(QPhf), blocks=[V+2o, xC7K, jkTJ]) [3mepoch[0m[2m=[0m1
[2m2025-03-25T07:55:16.519863Z[0m [32m INFO[0m [1mnode[0m[1m{[0m[3mname[0m[2m=[0mk#addeef94..[1m}[0m[2m:[0m [2mconsensus_core::core[0m[2m:[0m [2mconsensus/core/src/core.rs[0m[2m:[0m[2m630:[0m Committing 1 leaders: B67(B,jkTJ)
[2m2025-03-25T07:55:16.519961Z[0m [32m INFO[0m [1mnode[0m[1m{[0m[3mname[0m[2m=[0mk#addeef94..[1m}[0m[2m:[0m [2mconsensus_core::commit_observer[0m[2m:[0m [2mconsensus/core/src/commit_observer.rs[0m[2m:[0m[2m173:[0m Consensus commit C60(QPhf) with leader B67(B,jkTJ) has 3 blocks
[2m2025-03-25T07:55:16.520091Z[0m [32m INFO[0m [1mnode[0m[1m{[0m[3mname[0m[2m=[0mk#addeef94..[1m}[0m[2m:[0m [2msui_core::consensus_handler[0m[2m:[0m [2mcrates/sui-core/src/consensus_handler.rs[0m[2m:[0m[2m232:[0m Received consensus output [3mconsensus_commit[0m[2m=[0mCommittedSubDag(leader=B67(B,jkTJ), ref=C60(QPhf), blocks=[V+2o, xC7K, jkTJ]) [3mepoch[0m[2m=[0m1
[2m2025-03-25T07:55:16.542701Z[0m [32m INFO[0m [1mnode[0m[1m{[0m[3mname[0m[2m=[0mk#99f25ef6..[1m}[0m[2m:[0m [2msui_core::checkpoints[0m[2m:[0m [2mcrates/sui-core/src/checkpoints/mod.rs[0m[2m:[0m[2m1326:[0m Creating checkpoint(s) for 2 transactions [3mnext_checkpoint_seq[0m[2m=[0m273 [3mcheckpoint_timestamp[0m[2m=[0m1742889316002
[2m2025-03-25T07:55:16.542702Z[0m [32m INFO[0m [1mnode[0m[1m{[0m[3mname[0m[2m=[0mk#8dcff6d1..[1m}[0m[2m:[0m [2msui_core::checkpoints[0m[2m:[0m [2mcrates/sui-core/src/checkpoints/mod.rs[0m[2m:[0m[2m1326:[0m Creating checkpoint(s) for 2 transactions [3mnext_checkpoint_seq[0m[2m=[0m273 [3mcheckpoint_timestamp[0m[2m=[0m1742889316002
[2m2025-03-25T07:55:16.543010Z[0m [32m INFO[0m [1mnode[0m[1m{[0m[3mname[0m[2m=[0mk#99f25ef6..[1m}[0m[2m:[0m [2msui_core::checkpoints::checkpoint_output[0m[2m:[0m [2mcrates/sui-core/src/checkpoints/checkpoint_output.rs[0m[2m:[0m[2m149:[0m Creating checkpoint CheckpointDigest(Ed2TcAq6ftEkssTc9n2N3RKUFcKQfSke4PnVb1YwMkHd) at epoch 1, sequence 273, previous digest Some(CheckpointDigest(8PoLt1WAa8nGQakaUAy7fnMjB6VdKQYB3Koy4zJkZPSn)), transactions count 2, content digest CheckpointContentsDigest(GHV6g4ATeoUEHBpQJ3EKeQG8564tk7jT9g4fyLuFcav), end_of_epoch_data None
[2m2025-03-25T07:55:16.543010Z[0m [32m INFO[0m [1mnode[0m[1m{[0m[3mname[0m[2m=[0mk#8dcff6d1..[1m}[0m[2m:[0m [2msui_core::checkpoints::checkpoint_output[0m[2m:[0m [2mcrates/sui-core/src/checkpoints/checkpoint_output.rs[0m[2m:[0m[2m149:[0m Creating checkpoint CheckpointDigest(Ed2TcAq6ftEkssTc9n2N3RKUFcKQfSke4PnVb1YwMkHd) at epoch 1, sequence 273, previous digest Some(CheckpointDigest(8PoLt1WAa8nGQakaUAy7fnMjB6VdKQYB3Koy4zJkZPSn)), transactions count 2, content digest CheckpointContentsDigest(GHV6g4ATeoUEHBpQJ3EKeQG8564tk7jT9g4fyLuFcav), end_of_epoch_data None
[2m2025-03-25T07:55:16.545984Z[0m [32m INFO[0m [1mnode[0m[1m{[0m[3mname[0m[2m=[0mk#8dcff6d1..[1m}[0m[2m:[0m [2msui_core::checkpoints::checkpoint_output[0m[2m:[0m [2mcrates/sui-core/src/checkpoints/checkpoint_output.rs[0m[2m:[0m[2m196:[0m Certified checkpoint with sequence 272 and digest 8PoLt1WAa8nGQakaUAy7fnMjB6VdKQYB3Koy4zJkZPSn
[2m2025-03-25T07:55:16.545988Z[0m [32m INFO[0m [1mnode[0m[1m{[0m[3mname[0m[2m=[0mk#99f25ef6..[1m}[0m[2m:[0m [2msui_core::checkpoints::checkpoint_output[0m[2m:[0m [2mcrates/sui-core/src/checkpoints/checkpoint_output.rs[0m[2m:[0m[2m196:[0m Certified checkpoint with sequence 272 and digest 8PoLt1WAa8nGQakaUAy7fnMjB6VdKQYB3Koy4zJkZPSn
[2m2025-03-25T07:55:16.546086Z[0m [32m INFO[0m [1mnode[0m[1m{[0m[3mname[0m[2m=[0mk#addeef94..[1m}[0m[2m:[0m [2msui_core::checkpoints[0m[2m:[0m [2mcrates/sui-core/src/checkpoints/mod.rs[0m[2m:[0m[2m1326:[0m Creating checkpoint(s) for 2 transactions [3mnext_checkpoint_seq[0m[2m=[0m273 [3mcheckpoint_timestamp[0m[2m=[0m1742889316002
[2m2025-03-25T07:55:16.546339Z[0m [32m INFO[0m [1mnode[0m[1m{[0m[3mname[0m[2m=[0mk#addeef94..[1m}[0m[2m:[0m [2msui_core::checkpoints::checkpoint_output[0m[2m:[0m [2mcrates/sui-core/src/checkpoints/checkpoint_output.rs[0m[2m:[0m[2m149:[0m Creating checkpoint CheckpointDigest(Ed2TcAq6ftEkssTc9n2N3RKUFcKQfSke4PnVb1YwMkHd) at epoch 1, sequence 273, previous digest Some(CheckpointDigest(8PoLt1WAa8nGQakaUAy7fnMjB6VdKQYB3Koy4zJkZPSn)), transactions count 2, content digest CheckpointContentsDigest(GHV6g4ATeoUEHBpQJ3EKeQG8564tk7jT9g4fyLuFcav), end_of_epoch_data None
[2m2025-03-25T07:55:16.546430Z[0m [32m INFO[0m [1mnode[0m[1m{[0m[3mname[0m[2m=[0mk#99f25ef6..[1m}[0m[2m:[0m [2msui_core::checkpoints::checkpoint_executor[0m[2m:[0m [2mcrates/sui-core/src/checkpoints/checkpoint_executor/mod.rs[0m[2m:[0m[2m332:[0m Received checkpoint summary from state sync [3msequence_number[0m[2m=[0m272
[2m2025-03-25T07:55:16.546430Z[0m [32m INFO[0m [1mnode[0m[1m{[0m[3mname[0m[2m=[0mk#8dcff6d1..[1m}[0m[2m:[0m [2msui_core::checkpoints::checkpoint_executor[0m[2m:[0m [2mcrates/sui-core/src/checkpoints/checkpoint_executor/mod.rs[0m[2m:[0m[2m332:[0m Received checkpoint summary from state sync [3msequence_number[0m[2m=[0m272
[2m2025-03-25T07:55:16.547595Z[0m [32m INFO[0m [1mnode[0m[1m{[0m[3mname[0m[2m=[0mk#99f25ef6..[1m}[0m[2m:[0m [2msui_core::state_accumulator[0m[2m:[0m [2mcrates/sui-core/src/state_accumulator.rs[0m[2m:[0m[2m675:[0m accumulating running root for checkpoint 272
[2m2025-03-25T07:55:16.547595Z[0m [32m INFO[0m [1mnode[0m[1m{[0m[3mname[0m[2m=[0mk#8dcff6d1..[1m}[0m[2m:[0m [2msui_core::state_accumulator[0m[2m:[0m [2mcrates/sui-core/src/state_accumulator.rs[0m[2m:[0m[2m675:[0m accumulating running root for checkpoint 272
[2m2025-03-25T07:55:16.549792Z[0m [32m INFO[0m [1mnode[0m[1m{[0m[3mname[0m[2m=[0mk#addeef94..[1m}[0m[2m:[0m [2msui_core::checkpoints::checkpoint_executor[0m[2m:[0m [2mcrates/sui-core/src/checkpoints/checkpoint_executor/mod.rs[0m[2m:[0m[2m332:[0m Received checkpoint summary from state sync [3msequence_number[0m[2m=[0m272
[2m2025-03-25T07:55:16.550501Z[0m [32m INFO[0m [1mnode[0m[1m{[0m[3mname[0m[2m=[0mk#addeef94..[1m}[0m[2m:[0m [2msui_core::state_accumulator[0m[2m:[0m [2mcrates/sui-core/src/state_accumulator.rs[0m[2m:[0m[2m675:[0m accumulating running root for checkpoint 272
[2m2025-03-25T07:55:16.635140Z[0m [32m INFO[0m [2msui_bridge::e2e_tests::test_utils[0m[2m:[0m [2mcrates/sui-bridge/src/e2e_tests/test_utils.rs[0m[2m:[0m[2m1087:[0m Deploy tokens took 50 secs
[2m2025-03-25T07:55:16.635174Z[0m [32m INFO[0m [2msui_bridge::e2e_tests::test_utils[0m[2m:[0m [2mcrates/sui-bridge/src/e2e_tests/test_utils.rs[0m[2m:[0m[2m1113:[0m TestCluster build_with_bridge took 81 secs
[2m2025-03-25T07:55:16.635181Z[0m [32m INFO[0m [2msui_bridge::e2e_tests::test_utils[0m[2m:[0m [2mcrates/sui-bridge/src/e2e_tests/test_utils.rs[0m[2m:[0m[2m239:[0m Test cluster built
[2m2025-03-25T07:55:16.636776Z[0m [32m INFO[0m [1mnode[0m[1m{[0m[3mname[0m[2m=[0mk#b3f3cbb4..[1m}[0m[2m:[0m [2msui_core::checkpoints::checkpoint_executor[0m[2m:[0m [2mcrates/sui-core/src/checkpoints/checkpoint_executor/mod.rs[0m[2m:[0m[2m332:[0m Received checkpoint summary from state sync [3msequence_number[0m[2m=[0m272
[2m2025-03-25T07:55:16.663266Z[0m [32m INFO[0m [1mnode[0m[1m{[0m[3mname[0m[2m=[0mk#b3f3cbb4..[1m}[0m[2m:[0m [2msui_core::state_accumulator[0m[2m:[0m [2mcrates/sui-core/src/state_accumulator.rs[0m[2m:[0m[2m675:[0m accumulating running root for checkpoint 272
[2m2025-03-25T07:55:16.676851Z[0m [32m INFO[0m [2msui_bridge::sui_client[0m[2m:[0m [2mcrates/sui-bridge/src/sui_client.rs[0m[2m:[0m[2m103:[0m SuiClient is connected to chain db09b843, current block number: 272
[2m2025-03-25T07:55:16.682271Z[0m [32m INFO[0m [2msui_bridge::config[0m[2m:[0m [2mcrates/sui-bridge/src/config.rs[0m[2m:[0m[2m305:[0m Connected to Eth chain: 31337, Bridge chain id: 12
[2m2025-03-25T07:55:16.682906Z[0m [32m INFO[0m [2msui_bridge::eth_client[0m[2m:[0m [2mcrates/sui-bridge/src/eth_client.rs[0m[2m:[0m[2m69:[0m EthClient is connected to chain 31337, current block number: 81
[2m2025-03-25T07:55:16.683950Z[0m [32m INFO[0m [2msui_bridge::config[0m[2m:[0m [2mcrates/sui-bridge/src/config.rs[0m[2m:[0m[2m340:[0m prepare_for_sui bridge_client_key_path None
[2m2025-03-25T07:55:16.684601Z[0m [32m INFO[0m [2msui_bridge::config[0m[2m:[0m [2mcrates/sui-bridge/src/config.rs[0m[2m:[0m[2m370:[0m Connected to Sui chain: db09b843, Bridge chain id: 2
[2m2025-03-25T07:55:16.709165Z[0m [32m INFO[0m [2msui_bridge::config[0m[2m:[0m [2mcrates/sui-bridge/src/config.rs[0m[2m:[0m[2m397:[0m Starting bridge client with address: 0x4ff42dd92612b14f109397416c3e5d362aee65d7d3459db1b80164f1f84a59c3, gas object 0x059c5b653da3f627ad85b7947a1634ad3055f81b24125b7d9b23178b0146bfc6, balance: 300000000000000
[2m2025-03-25T07:55:16.709206Z[0m [32m INFO[0m [2msui_bridge::e2e_tests::test_utils[0m[2m:[0m [2mcrates/sui-bridge/src/e2e_tests/test_utils.rs[0m[2m:[0m[2m822:[0m add admin cap for 0x4ff42dd92612b14f109397416c3e5d362aee65d7d3459db1b80164f1f84a59c3
[2m2025-03-25T07:55:16.768004Z[0m [32m INFO[0m [1mnode[0m[1m{[0m[3mname[0m[2m=[0mk#99f25ef6..[1m}[0m[2m:[0m [2mconsensus_core::core[0m[2m:[0m [2mconsensus/core/src/core.rs[0m[2m:[0m[2m945:[0m Included 3 ancestors & excluded 0 ancestors for proposal in round 70
[2m2025-03-25T07:55:16.768004Z[0m [32m INFO[0m [1mnode[0m[1m{[0m[3mname[0m[2m=[0mk#8dcff6d1..[1m}[0m[2m:[0m [2mconsensus_core::core[0m[2m:[0m [2mconsensus/core/src/core.rs[0m[2m:[0m[2m945:[0m Included 3 ancestors & excluded 0 ancestors for proposal in round 70
[2m2025-03-25T07:55:16.768393Z[0m [32m INFO[0m [1mnode[0m[1m{[0m[3mname[0m[2m=[0mk#99f25ef6..[1m}[0m[2m:[0m [2mconsensus_core::core[0m[2m:[0m [2mconsensus/core/src/core.rs[0m[2m:[0m[2m531:[0m Created block B70(B,oDCU3igJARmmBwsqJ2UNr4gbMmHqixSlNBQAUjVyES4=)(1742889316768ms;[B69(B,Wc7DhoVUm0P60FVRchyFQC7kV75DHKJ09DT56m71nKI=), B69(A,X4VM3BEUQkjpyjn2AywSp5R+5RNmWbHgJb8bAvcUcWU=), B69(C,cY8iMWeVjOQR3BAbilHi8y3ZcoYp76M6dzQE2CXNq1E=)];1t;1c) for round 70
[2m2025-03-25T07:55:16.768394Z[0m [32m INFO[0m [1mnode[0m[1m{[0m[3mname[0m[2m=[0mk#8dcff6d1..[1m}[0m[2m:[0m [2mconsensus_core::core[0m[2m:[0m [2mconsensus/core/src/core.rs[0m[2m:[0m[2m531:[0m Created block B70(A,YzmFhlEmX1hPK/rl32rDrtSn6qoIIif22ZSCgzvEIg8=)(1742889316768ms;[B69(A,X4VM3BEUQkjpyjn2AywSp5R+5RNmWbHgJb8bAvcUcWU=), B69(B,Wc7DhoVUm0P60FVRchyFQC7kV75DHKJ09DT56m71nKI=), B69(C,cY8iMWeVjOQR3BAbilHi8y3ZcoYp76M6dzQE2CXNq1E=)];1t;1c) for round 70
[2m2025-03-25T07:55:16.771720Z[0m [32m INFO[0m [1mnode[0m[1m{[0m[3mname[0m[2m=[0mk#addeef94..[1m}[0m[2m:[0m [2mconsensus_core::core[0m[2m:[0m [2mconsensus/core/src/core.rs[0m[2m:[0m[2m945:[0m Included 3 ancestors & excluded 0 ancestors for proposal in round 70
[2m2025-03-25T07:55:16.772039Z[0m [32m INFO[0m [1mnode[0m[1m{[0m[3mname[0m[2m=[0mk#addeef94..[1m}[0m[2m:[0m [2mconsensus_core::core[0m[2m:[0m [2mconsensus/core/src/core.rs[0m[2m:[0m[2m531:[0m Created block B70(C,5/6UJDHUkSOEu1G9HNcYjY1FcojjdI/LS86KIrWAFyg=)(1742889316771ms;[B69(C,cY8iMWeVjOQR3BAbilHi8y3ZcoYp76M6dzQE2CXNq1E=), B69(A,X4VM3BEUQkjpyjn2AywSp5R+5RNmWbHgJb8bAvcUcWU=), B69(B,Wc7DhoVUm0P60FVRchyFQC7kV75DHKJ09DT56m71nKI=)];1t;1c) for round 70
[2m2025-03-25T07:55:16.772112Z[0m [32m INFO[0m [1mnode[0m[1m{[0m[3mname[0m[2m=[0mk#addeef94..[1m}[0m[2m:[0m [2mconsensus_core::core[0m[2m:[0m [2mconsensus/core/src/core.rs[0m[2m:[0m[2m630:[0m Committing 1 leaders: B68(A,bi8p)
[2m2025-03-25T07:55:16.772184Z[0m [32m INFO[0m [1mnode[0m[1m{[0m[3mname[0m[2m=[0mk#addeef94..[1m}[0m[2m:[0m [2mconsensus_core::commit_observer[0m[2m:[0m [2mconsensus/core/src/commit_observer.rs[0m[2m:[0m[2m173:[0m Consensus commit C61(XATs) with leader B68(A,bi8p) has 3 blocks
[2m2025-03-25T07:55:16.772286Z[0m [32m INFO[0m [1mnode[0m[1m{[0m[3mname[0m[2m=[0mk#addeef94..[1m}[0m[2m:[0m [2msui_core::consensus_handler[0m[2m:[0m [2mcrates/sui-core/src/consensus_handler.rs[0m[2m:[0m[2m232:[0m Received consensus output [3mconsensus_commit[0m[2m=[0mCommittedSubDag(leader=B68(A,bi8p), ref=C61(XATs), blocks=[dHFg, qUiR, bi8p]) [3mepoch[0m[2m=[0m1
[2m2025-03-25T07:55:16.775477Z[0m [32m INFO[0m [1mnode[0m[1m{[0m[3mname[0m[2m=[0mk#99f25ef6..[1m}[0m[2m:[0m [2msui_core::checkpoints::checkpoint_output[0m[2m:[0m [2mcrates/sui-core/src/checkpoints/checkpoint_output.rs[0m[2m:[0m[2m196:[0m Certified checkpoint with sequence 273 and digest Ed2TcAq6ftEkssTc9n2N3RKUFcKQfSke4PnVb1YwMkHd
[2m2025-03-25T07:55:16.775477Z[0m [32m INFO[0m [1mnode[0m[1m{[0m[3mname[0m[2m=[0mk#8dcff6d1..[1m}[0m[2m:[0m [2msui_core::checkpoints::checkpoint_output[0m[2m:[0m [2mcrates/sui-core/src/checkpoints/checkpoint_output.rs[0m[2m:[0m[2m196:[0m Certified checkpoint with sequence 273 and digest Ed2TcAq6ftEkssTc9n2N3RKUFcKQfSke4PnVb1YwMkHd
[2m2025-03-25T07:55:16.775625Z[0m [32m INFO[0m [1mnode[0m[1m{[0m[3mname[0m[2m=[0mk#99f25ef6..[1m}[0m[2m:[0m [2mconsensus_core::core[0m[2m:[0m [2mconsensus/core/src/core.rs[0m[2m:[0m[2m630:[0m Committing 1 leaders: B68(A,bi8p)
[2m2025-03-25T07:55:16.775625Z[0m [32m INFO[0m [1mnode[0m[1m{[0m[3mname[0m[2m=[0mk#8dcff6d1..[1m}[0m[2m:[0m [2mconsensus_core::core[0m[2m:[0m [2mconsensus/core/src/core.rs[0m[2m:[0m[2m630:[0m Committing 1 leaders: B68(A,bi8p)
[2m2025-03-25T07:55:16.775738Z[0m [32m INFO[0m [1mnode[0m[1m{[0m[3mname[0m[2m=[0mk#8dcff6d1..[1m}[0m[2m:[0m [2mconsensus_core::commit_observer[0m[2m:[0m [2mconsensus/core/src/commit_observer.rs[0m[2m:[0m[2m173:[0m Consensus commit C61(XATs) with leader B68(A,bi8p) has 3 blocks
[2m2025-03-25T07:55:16.775739Z[0m [32m INFO[0m [1mnode[0m[1m{[0m[3mname[0m[2m=[0mk#99f25ef6..[1m}[0m[2m:[0m [2mconsensus_core::commit_observer[0m[2m:[0m [2mconsensus/core/src/commit_observer.rs[0m[2m:[0m[2m173:[0m Consensus commit C61(XATs) with leader B68(A,bi8p) has 3 blocks
[2m2025-03-25T07:55:16.776223Z[0m [32m INFO[0m [1mnode[0m[1m{[0m[3mname[0m[2m=[0mk#99f25ef6..[1m}[0m[2m:[0m [2msui_core::consensus_handler[0m[2m:[0m [2mcrates/sui-core/src/consensus_handler.rs[0m[2m:[0m[2m232:[0m Received consensus output [3mconsensus_commit[0m[2m=[0mCommittedSubDag(leader=B68(A,bi8p), ref=C61(XATs), blocks=[dHFg, qUiR, bi8p]) [3mepoch[0m[2m=[0m1
[2m2025-03-25T07:55:16.776223Z[0m [32m INFO[0m [1mnode[0m[1m{[0m[3mname[0m[2m=[0mk#8dcff6d1..[1m}[0m[2m:[0m [2msui_core::consensus_handler[0m[2m:[0m [2mcrates/sui-core/src/consensus_handler.rs[0m[2m:[0m[2m232:[0m Received consensus output [3mconsensus_commit[0m[2m=[0mCommittedSubDag(leader=B68(A,bi8p), ref=C61(XATs), blocks=[dHFg, qUiR, bi8p]) [3mepoch[0m[2m=[0m1
[2m2025-03-25T07:55:16.776927Z[0m [32m INFO[0m [1mnode[0m[1m{[0m[3mname[0m[2m=[0mk#99f25ef6..[1m}[0m[2m:[0m [2msui_core::checkpoints::checkpoint_executor[0m[2m:[0m [2mcrates/sui-core/src/checkpoints/checkpoint_executor/mod.rs[0m[2m:[0m[2m332:[0m Received checkpoint summary from state sync [3msequence_number[0m[2m=[0m273
[2m2025-03-25T07:55:16.776927Z[0m [32m INFO[0m [1mnode[0m[1m{[0m[3mname[0m[2m=[0mk#8dcff6d1..[1m}[0m[2m:[0m [2msui_core::checkpoints::checkpoint_executor[0m[2m:[0m [2mcrates/sui-core/src/checkpoints/checkpoint_executor/mod.rs[0m[2m:[0m[2m332:[0m Received checkpoint summary from state sync [3msequence_number[0m[2m=[0m273
[2m2025-03-25T07:55:16.790745Z[0m [32m INFO[0m [1mnode[0m[1m{[0m[3mname[0m[2m=[0mk#8dcff6d1..[1m}[0m[2m:[0m [2msui_core::state_accumulator[0m[2m:[0m [2mcrates/sui-core/src/state_accumulator.rs[0m[2m:[0m[2m675:[0m accumulating running root for checkpoint 273
[2m2025-03-25T07:55:16.790745Z[0m [32m INFO[0m [1mnode[0m[1m{[0m[3mname[0m[2m=[0mk#99f25ef6..[1m}[0m[2m:[0m [2msui_core::state_accumulator[0m[2m:[0m [2mcrates/sui-core/src/state_accumulator.rs[0m[2m:[0m[2m675:[0m accumulating running root for checkpoint 273
[2m2025-03-25T07:55:16.817852Z[0m [32m INFO[0m [1mnode[0m[1m{[0m[3mname[0m[2m=[0mk#addeef94..[1m}[0m[2m:[0m [2msui_core::checkpoints[0m[2m:[0m [2mcrates/sui-core/src/checkpoints/mod.rs[0m[2m:[0m[2m1326:[0m Creating checkpoint(s) for 1 transactions [3mnext_checkpoint_seq[0m[2m=[0m274 [3mcheckpoint_timestamp[0m[2m=[0m1742889316255
[2m2025-03-25T07:55:16.818106Z[0m [32m INFO[0m [1mnode[0m[1m{[0m[3mname[0m[2m=[0mk#addeef94..[1m}[0m[2m:[0m [2msui_core::checkpoints::checkpoint_output[0m[2m:[0m [2mcrates/sui-core/src/checkpoints/checkpoint_output.rs[0m[2m:[0m[2m149:[0m Creating checkpoint CheckpointDigest(FKdphUd8WK6wNWLqBLuDnLMikMcJkFhWAz7PgwQNEzYG) at epoch 1, sequence 274, previous digest Some(CheckpointDigest(Ed2TcAq6ftEkssTc9n2N3RKUFcKQfSke4PnVb1YwMkHd)), transactions count 1, content digest CheckpointContentsDigest(6Av7TauMigv7ir3kBxAHPB8SHquJLb6ciAAkPGVgWz6R), end_of_epoch_data None
[2m2025-03-25T07:55:16.824706Z[0m [32m INFO[0m [1mnode[0m[1m{[0m[3mname[0m[2m=[0mk#99f25ef6..[1m}[0m[2m:[0m [2msui_core::checkpoints[0m[2m:[0m [2mcrates/sui-core/src/checkpoints/mod.rs[0m[2m:[0m[2m1326:[0m Creating checkpoint(s) for 1 transactions [3mnext_checkpoint_seq[0m[2m=[0m274 [3mcheckpoint_timestamp[0m[2m=[0m1742889316255
[2m2025-03-25T07:55:16.824757Z[0m [32m INFO[0m [1mnode[0m[1m{[0m[3mname[0m[2m=[0mk#8dcff6d1..[1m}[0m[2m:[0m [2msui_core::checkpoints[0m[2m:[0m [2mcrates/sui-core/src/checkpoints/mod.rs[0m[2m:[0m[2m1326:[0m Creating checkpoint(s) for 1 transactions [3mnext_checkpoint_seq[0m[2m=[0m274 [3mcheckpoint_timestamp[0m[2m=[0m1742889316255
[2m2025-03-25T07:55:16.824898Z[0m [32m INFO[0m [1mnode[0m[1m{[0m[3mname[0m[2m=[0mk#99f25ef6..[1m}[0m[2m:[0m [2msui_core::checkpoints::checkpoint_output[0m[2m:[0m [2mcrates/sui-core/src/checkpoints/checkpoint_output.rs[0m[2m:[0m[2m149:[0m Creating checkpoint CheckpointDigest(FKdphUd8WK6wNWLqBLuDnLMikMcJkFhWAz7PgwQNEzYG) at epoch 1, sequence 274, previous digest Some(CheckpointDigest(Ed2TcAq6ftEkssTc9n2N3RKUFcKQfSke4PnVb1YwMkHd)), transactions count 1, content digest CheckpointContentsDigest(6Av7TauMigv7ir3kBxAHPB8SHquJLb6ciAAkPGVgWz6R), end_of_epoch_data None
[2m2025-03-25T07:55:16.824935Z[0m [32m INFO[0m [1mnode[0m[1m{[0m[3mname[0m[2m=[0mk#8dcff6d1..[1m}[0m[2m:[0m [2msui_core::checkpoints::checkpoint_output[0m[2m:[0m [2mcrates/sui-core/src/checkpoints/checkpoint_output.rs[0m[2m:[0m[2m149:[0m Creating checkpoint CheckpointDigest(FKdphUd8WK6wNWLqBLuDnLMikMcJkFhWAz7PgwQNEzYG) at epoch 1, sequence 274, previous digest Some(CheckpointDigest(Ed2TcAq6ftEkssTc9n2N3RKUFcKQfSke4PnVb1YwMkHd)), transactions count 1, content digest CheckpointContentsDigest(6Av7TauMigv7ir3kBxAHPB8SHquJLb6ciAAkPGVgWz6R), end_of_epoch_data None
[2m2025-03-25T07:55:16.839661Z[0m [32m INFO[0m [1mnode[0m[1m{[0m[3mname[0m[2m=[0mk#addeef94..[1m}[0m[2m:[0m [2msui_core::checkpoints::checkpoint_executor[0m[2m:[0m [2mcrates/sui-core/src/checkpoints/checkpoint_executor/mod.rs[0m[2m:[0m[2m332:[0m Received checkpoint summary from state sync [3msequence_number[0m[2m=[0m273
[2m2025-03-25T07:55:16.846423Z[0m [32m INFO[0m [1mnode[0m[1m{[0m[3mname[0m[2m=[0mk#b3f3cbb4..[1m}[0m[2m:[0m [2msui_core::checkpoints::checkpoint_executor[0m[2m:[0m [2mcrates/sui-core/src/checkpoints/checkpoint_executor/mod.rs[0m[2m:[0m[2m332:[0m Received checkpoint summary from state sync [3msequence_number[0m[2m=[0m273
[2m2025-03-25T07:55:16.885920Z[0m [32m INFO[0m [1mnode[0m[1m{[0m[3mname[0m[2m=[0mk#addeef94..[1m}[0m[2m:[0m [2msui_core::state_accumulator[0m[2m:[0m [2mcrates/sui-core/src/state_accumulator.rs[0m[2m:[0m[2m675:[0m accumulating running root for checkpoint 273
[2m2025-03-25T07:55:16.936065Z[0m [32m INFO[0m [1mnode[0m[1m{[0m[3mname[0m[2m=[0mk#b3f3cbb4..[1m}[0m[2m:[0m [2msui_core::state_accumulator[0m[2m:[0m [2mcrates/sui-core/src/state_accumulator.rs[0m[2m:[0m[2m675:[0m accumulating running root for checkpoint 273
[2m2025-03-25T07:55:17.024959Z[0m [32m INFO[0m [1mnode[0m[1m{[0m[3mname[0m[2m=[0mk#addeef94..[1m}[0m[2m:[0m [2mconsensus_core::core[0m[2m:[0m [2mconsensus/core/src/core.rs[0m[2m:[0m[2m945:[0m Included 3 ancestors & excluded 0 ancestors for proposal in round 71
[2m2025-03-25T07:55:17.025518Z[0m [32m INFO[0m [1mnode[0m[1m{[0m[3mname[0m[2m=[0mk#addeef94..[1m}[0m[2m:[0m [2mconsensus_core::core[0m[2m:[0m [2mconsensus/core/src/core.rs[0m[2m:[0m[2m531:[0m Created block B71(C,k1GqIz05+CihusA9zJpRnaSIvcBBfn6p/Cy8JAXcqP4=)(1742889317025ms;[B70(C,5/6UJDHUkSOEu1G9HNcYjY1FcojjdI/LS86KIrWAFyg=), B70(A,YzmFhlEmX1hPK/rl32rDrtSn6qoIIif22ZSCgzvEIg8=), B70(B,oDCU3igJARmmBwsqJ2UNr4gbMmHqixSlNBQAUjVyES4=)];2t;1c) for round 71
[2m2025-03-25T07:55:17.028351Z[0m [32m INFO[0m [1mnode[0m[1m{[0m[3mname[0m[2m=[0mk#99f25ef6..[1m}[0m[2m:[0m [2mconsensus_core::core[0m[2m:[0m [2mconsensus/core/src/core.rs[0m[2m:[0m[2m945:[0m Included 3 ancestors & excluded 0 ancestors for proposal in round 71
[2m2025-03-25T07:55:17.028351Z[0m [32m INFO[0m [1mnode[0m[1m{[0m[3mname[0m[2m=[0mk#8dcff6d1..[1m}[0m[2m:[0m [2mconsensus_core::core[0m[2m:[0m [2mconsensus/core/src/core.rs[0m[2m:[0m[2m945:[0m Included 3 ancestors & excluded 0 ancestors for proposal in round 71
[2m2025-03-25T07:55:17.028751Z[0m [32m INFO[0m [1mnode[0m[1m{[0m[3mname[0m[2m=[0mk#99f25ef6..[1m}[0m[2m:[0m [2mconsensus_core::core[0m[2m:[0m [2mconsensus/core/src/core.rs[0m[2m:[0m[2m531:[0m Created block B71(B,rIffZrmG0IKqMJs9xJZti/Q7GempBzCGZa5SKA8/yy8=)(1742889317028ms;[B70(B,oDCU3igJARmmBwsqJ2UNr4gbMmHqixSlNBQAUjVyES4=), B70(A,YzmFhlEmX1hPK/rl32rDrtSn6qoIIif22ZSCgzvEIg8=), B70(C,5/6UJDHUkSOEu1G9HNcYjY1FcojjdI/LS86KIrWAFyg=)];1t;1c) for round 71
[2m2025-03-25T07:55:17.028765Z[0m [32m INFO[0m [1mnode[0m[1m{[0m[3mname[0m[2m=[0mk#8dcff6d1..[1m}[0m[2m:[0m [2mconsensus_core::core[0m[2m:[0m [2mconsensus/core/src/core.rs[0m[2m:[0m[2m531:[0m Created block B71(A,MlV329hx8r7LHSTGk3Wna0dLuXs+w2wcm9Y30si0/go=)(1742889317028ms;[B70(A,YzmFhlEmX1hPK/rl32rDrtSn6qoIIif22ZSCgzvEIg8=), B70(B,oDCU3igJARmmBwsqJ2UNr4gbMmHqixSlNBQAUjVyES4=), B70(C,5/6UJDHUkSOEu1G9HNcYjY1FcojjdI/LS86KIrWAFyg=)];1t;1c) for round 71
[2m2025-03-25T07:55:17.028848Z[0m [32m INFO[0m [1mnode[0m[1m{[0m[3mname[0m[2m=[0mk#99f25ef6..[1m}[0m[2m:[0m [2mconsensus_core::core[0m[2m:[0m [2mconsensus/core/src/core.rs[0m[2m:[0m[2m630:[0m Committing 1 leaders: B69(B,Wc7D)
[2m2025-03-25T07:55:17.028853Z[0m [32m INFO[0m [1mnode[0m[1m{[0m[3mname[0m[2m=[0mk#8dcff6d1..[1m}[0m[2m:[0m [2mconsensus_core::core[0m[2m:[0m [2mconsensus/core/src/core.rs[0m[2m:[0m[2m630:[0m Committing 1 leaders: B69(B,Wc7D)
[2m2025-03-25T07:55:17.028944Z[0m [32m INFO[0m [1mnode[0m[1m{[0m[3mname[0m[2m=[0mk#99f25ef6..[1m}[0m[2m:[0m [2mconsensus_core::commit_observer[0m[2m:[0m [2mconsensus/core/src/commit_observer.rs[0m[2m:[0m[2m173:[0m Consensus commit C62(DQyQ) with leader B69(B,Wc7D) has 3 blocks
[2m2025-03-25T07:55:17.028944Z[0m [32m INFO[0m [1mnode[0m[1m{[0m[3mname[0m[2m=[0mk#8dcff6d1..[1m}[0m[2m:[0m [2mconsensus_core::commit_observer[0m[2m:[0m [2mconsensus/core/src/commit_observer.rs[0m[2m:[0m[2m173:[0m Consensus commit C62(DQyQ) with leader B69(B,Wc7D) has 3 blocks
[2m2025-03-25T07:55:17.029068Z[0m [32m INFO[0m [1mnode[0m[1m{[0m[3mname[0m[2m=[0mk#99f25ef6..[1m}[0m[2m:[0m [2msui_core::consensus_handler[0m[2m:[0m [2mcrates/sui-core/src/consensus_handler.rs[0m[2m:[0m[2m232:[0m Received consensus output [3mconsensus_commit[0m[2m=[0mCommittedSubDag(leader=B69(B,Wc7D), ref=C62(DQyQ), blocks=[DcoD, lQpm, Wc7D]) [3mepoch[0m[2m=[0m1
[2m2025-03-25T07:55:17.029068Z[0m [32m INFO[0m [1mnode[0m[1m{[0m[3mname[0m[2m=[0mk#8dcff6d1..[1m}[0m[2m:[0m [2msui_core::consensus_handler[0m[2m:[0m [2mcrates/sui-core/src/consensus_handler.rs[0m[2m:[0m[2m232:[0m Received consensus output [3mconsensus_commit[0m[2m=[0mCommittedSubDag(leader=B69(B,Wc7D), ref=C62(DQyQ), blocks=[DcoD, lQpm, Wc7D]) [3mepoch[0m[2m=[0m1
[2m2025-03-25T07:55:17.033862Z[0m [32m INFO[0m [1mnode[0m[1m{[0m[3mname[0m[2m=[0mk#addeef94..[1m}[0m[2m:[0m [2mconsensus_core::core[0m[2m:[0m [2mconsensus/core/src/core.rs[0m[2m:[0m[2m630:[0m Committing 1 leaders: B69(B,Wc7D)
[2m2025-03-25T07:55:17.033985Z[0m [32m INFO[0m [1mnode[0m[1m{[0m[3mname[0m[2m=[0mk#addeef94..[1m}[0m[2m:[0m [2mconsensus_core::commit_observer[0m[2m:[0m [2mconsensus/core/src/commit_observer.rs[0m[2m:[0m[2m173:[0m Consensus commit C62(DQyQ) with leader B69(B,Wc7D) has 3 blocks
[2m2025-03-25T07:55:17.034148Z[0m [32m INFO[0m [1mnode[0m[1m{[0m[3mname[0m[2m=[0mk#addeef94..[1m}[0m[2m:[0m [2msui_core::consensus_handler[0m[2m:[0m [2mcrates/sui-core/src/consensus_handler.rs[0m[2m:[0m[2m232:[0m Received consensus output [3mconsensus_commit[0m[2m=[0mCommittedSubDag(leader=B69(B,Wc7D), ref=C62(DQyQ), blocks=[DcoD, lQpm, Wc7D]) [3mepoch[0m[2m=[0m1
[2m2025-03-25T07:55:17.060203Z[0m [32m INFO[0m [1mnode[0m[1m{[0m[3mname[0m[2m=[0mk#99f25ef6..[1m}[0m[2m:[0m [2msui_core::checkpoints[0m[2m:[0m [2mcrates/sui-core/src/checkpoints/mod.rs[0m[2m:[0m[2m1326:[0m Creating checkpoint(s) for 2 transactions [3mnext_checkpoint_seq[0m[2m=[0m275 [3mcheckpoint_timestamp[0m[2m=[0m1742889316515
[2m2025-03-25T07:55:17.060205Z[0m [32m INFO[0m [1mnode[0m[1m{[0m[3mname[0m[2m=[0mk#8dcff6d1..[1m}[0m[2m:[0m [2msui_core::checkpoints[0m[2m:[0m [2mcrates/sui-core/src/checkpoints/mod.rs[0m[2m:[0m[2m1326:[0m Creating checkpoint(s) for 2 transactions [3mnext_checkpoint_seq[0m[2m=[0m275 [3mcheckpoint_timestamp[0m[2m=[0m1742889316515
[2m2025-03-25T07:55:17.060517Z[0m [32m INFO[0m [1mnode[0m[1m{[0m[3mname[0m[2m=[0mk#99f25ef6..[1m}[0m[2m:[0m [2msui_core::checkpoints::checkpoint_output[0m[2m:[0m [2mcrates/sui-core/src/checkpoints/checkpoint_output.rs[0m[2m:[0m[2m149:[0m Creating checkpoint CheckpointDigest(6TpEQLei4fSck8KubzoxcevQ4GinAZb9AosqwU6tRNh6) at epoch 1, sequence 275, previous digest Some(CheckpointDigest(FKdphUd8WK6wNWLqBLuDnLMikMcJkFhWAz7PgwQNEzYG)), transactions count 2, content digest CheckpointContentsDigest(AcGEFCmDsXoVrVY1EXeGtWo65fydBNA6GgEygWcwbVb8), end_of_epoch_data None
[2m2025-03-25T07:55:17.060517Z[0m [32m INFO[0m [1mnode[0m[1m{[0m[3mname[0m[2m=[0mk#8dcff6d1..[1m}[0m[2m:[0m [2msui_core::checkpoints::checkpoint_output[0m[2m:[0m [2mcrates/sui-core/src/checkpoints/checkpoint_output.rs[0m[2m:[0m[2m149:[0m Creating checkpoint CheckpointDigest(6TpEQLei4fSck8KubzoxcevQ4GinAZb9AosqwU6tRNh6) at epoch 1, sequence 275, previous digest Some(CheckpointDigest(FKdphUd8WK6wNWLqBLuDnLMikMcJkFhWAz7PgwQNEzYG)), transactions count 2, content digest CheckpointContentsDigest(AcGEFCmDsXoVrVY1EXeGtWo65fydBNA6GgEygWcwbVb8), end_of_epoch_data None
[2m2025-03-25T07:55:17.063521Z[0m [32m INFO[0m [1mnode[0m[1m{[0m[3mname[0m[2m=[0mk#99f25ef6..[1m}[0m[2m:[0m [2msui_core::checkpoints::checkpoint_output[0m[2m:[0m [2mcrates/sui-core/src/checkpoints/checkpoint_output.rs[0m[2m:[0m[2m196:[0m Certified checkpoint with sequence 274 and digest FKdphUd8WK6wNWLqBLuDnLMikMcJkFhWAz7PgwQNEzYG
[2m2025-03-25T07:55:17.063526Z[0m [32m INFO[0m [1mnode[0m[1m{[0m[3mname[0m[2m=[0mk#8dcff6d1..[1m}[0m[2m:[0m [2msui_core::checkpoints::checkpoint_output[0m[2m:[0m [2mcrates/sui-core/src/checkpoints/checkpoint_output.rs[0m[2m:[0m[2m196:[0m Certified checkpoint with sequence 274 and digest FKdphUd8WK6wNWLqBLuDnLMikMcJkFhWAz7PgwQNEzYG
[2m2025-03-25T07:55:17.063595Z[0m [32m INFO[0m [1mnode[0m[1m{[0m[3mname[0m[2m=[0mk#addeef94..[1m}[0m[2m:[0m [2msui_core::checkpoints[0m[2m:[0m [2mcrates/sui-core/src/checkpoints/mod.rs[0m[2m:[0m[2m1326:[0m Creating checkpoint(s) for 2 transactions [3mnext_checkpoint_seq[0m[2m=[0m275 [3mcheckpoint_timestamp[0m[2m=[0m1742889316515
[2m2025-03-25T07:55:17.063854Z[0m [32m INFO[0m [1mnode[0m[1m{[0m[3mname[0m[2m=[0mk#addeef94..[1m}[0m[2m:[0m [2msui_core::checkpoints::checkpoint_output[0m[2m:[0m [2mcrates/sui-core/src/checkpoints/checkpoint_output.rs[0m[2m:[0m[2m149:[0m Creating checkpoint CheckpointDigest(6TpEQLei4fSck8KubzoxcevQ4GinAZb9AosqwU6tRNh6) at epoch 1, sequence 275, previous digest Some(CheckpointDigest(FKdphUd8WK6wNWLqBLuDnLMikMcJkFhWAz7PgwQNEzYG)), transactions count 2, content digest CheckpointContentsDigest(AcGEFCmDsXoVrVY1EXeGtWo65fydBNA6GgEygWcwbVb8), end_of_epoch_data None
[2m2025-03-25T07:55:17.063975Z[0m [32m INFO[0m [1mnode[0m[1m{[0m[3mname[0m[2m=[0mk#99f25ef6..[1m}[0m[2m:[0m [2msui_core::checkpoints::checkpoint_executor[0m[2m:[0m [2mcrates/sui-core/src/checkpoints/checkpoint_executor/mod.rs[0m[2m:[0m[2m332:[0m Received checkpoint summary from state sync [3msequence_number[0m[2m=[0m274
[2m2025-03-25T07:55:17.063975Z[0m [32m INFO[0m [1mnode[0m[1m{[0m[3mname[0m[2m=[0mk#8dcff6d1..[1m}[0m[2m:[0m [2msui_core::checkpoints::checkpoint_executor[0m[2m:[0m [2mcrates/sui-core/src/checkpoints/checkpoint_executor/mod.rs[0m[2m:[0m[2m332:[0m Received checkpoint summary from state sync [3msequence_number[0m[2m=[0m274
[2m2025-03-25T07:55:17.065187Z[0m [32m INFO[0m [1mnode[0m[1m{[0m[3mname[0m[2m=[0mk#99f25ef6..[1m}[0m[2m:[0m [2msui_core::state_accumulator[0m[2m:[0m [2mcrates/sui-core/src/state_accumulator.rs[0m[2m:[0m[2m675:[0m accumulating running root for checkpoint 274
[2m2025-03-25T07:55:17.065188Z[0m [32m INFO[0m [1mnode[0m[1m{[0m[3mname[0m[2m=[0mk#8dcff6d1..[1m}[0m[2m:[0m [2msui_core::state_accumulator[0m[2m:[0m [2mcrates/sui-core/src/state_accumulator.rs[0m[2m:[0m[2m675:[0m accumulating running root for checkpoint 274
[2m2025-03-25T07:55:17.067462Z[0m [32m INFO[0m [1mnode[0m[1m{[0m[3mname[0m[2m=[0mk#addeef94..[1m}[0m[2m:[0m [2msui_core::checkpoints::checkpoint_executor[0m[2m:[0m [2mcrates/sui-core/src/checkpoints/checkpoint_executor/mod.rs[0m[2m:[0m[2m332:[0m Received checkpoint summary from state sync [3msequence_number[0m[2m=[0m274
[2m2025-03-25T07:55:17.068227Z[0m [32m INFO[0m [1mnode[0m[1m{[0m[3mname[0m[2m=[0mk#addeef94..[1m}[0m[2m:[0m [2msui_core::state_accumulator[0m[2m:[0m [2mcrates/sui-core/src/state_accumulator.rs[0m[2m:[0m[2m675:[0m accumulating running root for checkpoint 274
[2m2025-03-25T07:55:17.068449Z[0m [32m INFO[0m [1mnode[0m[1m{[0m[3mname[0m[2m=[0mk#b3f3cbb4..[1m}[0m[2m:[0m [2msui_core::checkpoints::checkpoint_executor[0m[2m:[0m [2mcrates/sui-core/src/checkpoints/checkpoint_executor/mod.rs[0m[2m:[0m[2m332:[0m Received checkpoint summary from state sync [3msequence_number[0m[2m=[0m274
[2m2025-03-25T07:55:17.094457Z[0m [32m INFO[0m [1mnode[0m[1m{[0m[3mname[0m[2m=[0mk#b3f3cbb4..[1m}[0m[2m:[0m [2msui_core::state_accumulator[0m[2m:[0m [2mcrates/sui-core/src/state_accumulator.rs[0m[2m:[0m[2m675:[0m accumulating running root for checkpoint 274
[2m2025-03-25T07:55:17.282027Z[0m [32m INFO[0m [1mnode[0m[1m{[0m[3mname[0m[2m=[0mk#99f25ef6..[1m}[0m[2m:[0m [2mconsensus_core::core[0m[2m:[0m [2mconsensus/core/src/core.rs[0m[2m:[0m[2m945:[0m Included 3 ancestors & excluded 0 ancestors for proposal in round 72
[2m2025-03-25T07:55:17.282303Z[0m [32m INFO[0m [1mnode[0m[1m{[0m[3mname[0m[2m=[0mk#8dcff6d1..[1m}[0m[2m:[0m [2mconsensus_core::core[0m[2m:[0m [2mconsensus/core/src/core.rs[0m[2m:[0m[2m945:[0m Included 3 ancestors & excluded 0 ancestors for proposal in round 72
[2m2025-03-25T07:55:17.283711Z[0m [32m INFO[0m [1mnode[0m[1m{[0m[3mname[0m[2m=[0mk#99f25ef6..[1m}[0m[2m:[0m [2mconsensus_core::core[0m[2m:[0m [2mconsensus/core/src/core.rs[0m[2m:[0m[2m531:[0m Created block B72(B,0qSpNDiXcC9tEidF7ey4OCkf4Cd+SQCFqpESEupGvpc=)(1742889317282ms;[B71(B,rIffZrmG0IKqMJs9xJZti/Q7GempBzCGZa5SKA8/yy8=), B71(A,MlV329hx8r7LHSTGk3Wna0dLuXs+w2wcm9Y30si0/go=), B71(C,k1GqIz05+CihusA9zJpRnaSIvcBBfn6p/Cy8JAXcqP4=)];1t;1c) for round 72
[2m2025-03-25T07:55:17.283711Z[0m [32m INFO[0m [1mnode[0m[1m{[0m[3mname[0m[2m=[0mk#8dcff6d1..[1m}[0m[2m:[0m [2mconsensus_core::core[0m[2m:[0m [2mconsensus/core/src/core.rs[0m[2m:[0m[2m531:[0m Created block B72(A,WYnLjtgJzxkkYvOt4WnU2HjIUKUP5LPIFYBjLnA7Cjc=)(1742889317282ms;[B71(A,MlV329hx8r7LHSTGk3Wna0dLuXs+w2wcm9Y30si0/go=), B71(B,rIffZrmG0IKqMJs9xJZti/Q7GempBzCGZa5SKA8/yy8=), B71(C,k1GqIz05+CihusA9zJpRnaSIvcBBfn6p/Cy8JAXcqP4=)];1t;1c) for round 72
[2m2025-03-25T07:55:17.295822Z[0m [32m INFO[0m [1mnode[0m[1m{[0m[3mname[0m[2m=[0mk#addeef94..[1m}[0m[2m:[0m [2mconsensus_core::core[0m[2m:[0m [2mconsensus/core/src/core.rs[0m[2m:[0m[2m945:[0m Included 3 ancestors & excluded 0 ancestors for proposal in round 72
[2m2025-03-25T07:55:17.296693Z[0m [32m INFO[0m [1mnode[0m[1m{[0m[3mname[0m[2m=[0mk#addeef94..[1m}[0m[2m:[0m [2mconsensus_core::core[0m[2m:[0m [2mconsensus/core/src/core.rs[0m[2m:[0m[2m531:[0m Created block B72(C,IcmtiAMxT3xLyGiUnsOBxwx+HOAX9mKP0vuTK08afSk=)(1742889317295ms;[B71(C,k1GqIz05+CihusA9zJpRnaSIvcBBfn6p/Cy8JAXcqP4=), B71(A,MlV329hx8r7LHSTGk3Wna0dLuXs+w2wcm9Y30si0/go=), B71(B,rIffZrmG0IKqMJs9xJZti/Q7GempBzCGZa5SKA8/yy8=)];1t;1c) for round 72
[2m2025-03-25T07:55:17.296881Z[0m [32m INFO[0m [1mnode[0m[1m{[0m[3mname[0m[2m=[0mk#addeef94..[1m}[0m[2m:[0m [2mconsensus_core::core[0m[2m:[0m [2mconsensus/core/src/core.rs[0m[2m:[0m[2m630:[0m Committing 1 leaders: B70(C,5/6U)
[2m2025-03-25T07:55:17.297070Z[0m [32m INFO[0m [1mnode[0m[1m{[0m[3mname[0m[2m=[0mk#addeef94..[1m}[0m[2m:[0m [2mconsensus_core::commit_observer[0m[2m:[0m [2mconsensus/core/src/commit_observer.rs[0m[2m:[0m[2m173:[0m Consensus commit C63(Fusc) with leader B70(C,5/6U) has 3 blocks
[2m2025-03-25T07:55:17.297325Z[0m [32m INFO[0m [1mnode[0m[1m{[0m[3mname[0m[2m=[0mk#addeef94..[1m}[0m[2m:[0m [2msui_core::consensus_handler[0m[2m:[0m [2mcrates/sui-core/src/consensus_handler.rs[0m[2m:[0m[2m232:[0m Received consensus output [3mconsensus_commit[0m[2m=[0mCommittedSubDag(leader=B70(C,5/6U), ref=C63(Fusc), blocks=[X4VM, cY8i, 5/6U]) [3mepoch[0m[2m=[0m1
[2m2025-03-25T07:55:17.304517Z[0m [32m INFO[0m [1mnode[0m[1m{[0m[3mname[0m[2m=[0mk#99f25ef6..[1m}[0m[2m:[0m [2msui_core::checkpoints::checkpoint_output[0m[2m:[0m [2mcrates/sui-core/src/checkpoints/checkpoint_output.rs[0m[2m:[0m[2m196:[0m Certified checkpoint with sequence 275 and digest 6TpEQLei4fSck8KubzoxcevQ4GinAZb9AosqwU6tRNh6
[2m2025-03-25T07:55:17.304525Z[0m [32m INFO[0m [1mnode[0m[1m{[0m[3mname[0m[2m=[0mk#8dcff6d1..[1m}[0m[2m:[0m [2msui_core::checkpoints::checkpoint_output[0m[2m:[0m [2mcrates/sui-core/src/checkpoints/checkpoint_output.rs[0m[2m:[0m[2m196:[0m Certified checkpoint with sequence 275 and digest 6TpEQLei4fSck8KubzoxcevQ4GinAZb9AosqwU6tRNh6
[2m2025-03-25T07:55:17.304736Z[0m [32m INFO[0m [1mnode[0m[1m{[0m[3mname[0m[2m=[0mk#99f25ef6..[1m}[0m[2m:[0m [2mconsensus_core::core[0m[2m:[0m [2mconsensus/core/src/core.rs[0m[2m:[0m[2m630:[0m Committing 1 leaders: B70(C,5/6U)
[2m2025-03-25T07:55:17.304736Z[0m [32m INFO[0m [1mnode[0m[1m{[0m[3mname[0m[2m=[0mk#8dcff6d1..[1m}[0m[2m:[0m [2mconsensus_core::core[0m[2m:[0m [2mconsensus/core/src/core.rs[0m[2m:[0m[2m630:[0m Committing 1 leaders: B70(C,5/6U)
[2m2025-03-25T07:55:17.304940Z[0m [32m INFO[0m [1mnode[0m[1m{[0m[3mname[0m[2m=[0mk#8dcff6d1..[1m}[0m[2m:[0m [2mconsensus_core::commit_observer[0m[2m:[0m [2mconsensus/core/src/commit_observer.rs[0m[2m:[0m[2m173:[0m Consensus commit C63(Fusc) with leader B70(C,5/6U) has 3 blocks
[2m2025-03-25T07:55:17.304945Z[0m [32m INFO[0m [1mnode[0m[1m{[0m[3mname[0m[2m=[0mk#99f25ef6..[1m}[0m[2m:[0m [2mconsensus_core::commit_observer[0m[2m:[0m [2mconsensus/core/src/commit_observer.rs[0m[2m:[0m[2m173:[0m Consensus commit C63(Fusc) with leader B70(C,5/6U) has 3 blocks
[2m2025-03-25T07:55:17.305715Z[0m [32m INFO[0m [1mnode[0m[1m{[0m[3mname[0m[2m=[0mk#99f25ef6..[1m}[0m[2m:[0m [2msui_core::consensus_handler[0m[2m:[0m [2mcrates/sui-core/src/consensus_handler.rs[0m[2m:[0m[2m232:[0m Received consensus output [3mconsensus_commit[0m[2m=[0mCommittedSubDag(leader=B70(C,5/6U), ref=C63(Fusc), blocks=[X4VM, cY8i, 5/6U]) [3mepoch[0m[2m=[0m1
[2m2025-03-25T07:55:17.305715Z[0m [32m INFO[0m [1mnode[0m[1m{[0m[3mname[0m[2m=[0mk#8dcff6d1..[1m}[0m[2m:[0m [2msui_core::consensus_handler[0m[2m:[0m [2mcrates/sui-core/src/consensus_handler.rs[0m[2m:[0m[2m232:[0m Received consensus output [3mconsensus_commit[0m[2m=[0mCommittedSubDag(leader=B70(C,5/6U), ref=C63(Fusc), blocks=[X4VM, cY8i, 5/6U]) [3mepoch[0m[2m=[0m1
[2m2025-03-25T07:55:17.306859Z[0m [32m INFO[0m [1mnode[0m[1m{[0m[3mname[0m[2m=[0mk#99f25ef6..[1m}[0m[2m:[0m [2msui_core::checkpoints::checkpoint_executor[0m[2m:[0m [2mcrates/sui-core/src/checkpoints/checkpoint_executor/mod.rs[0m[2m:[0m[2m332:[0m Received checkpoint summary from state sync [3msequence_number[0m[2m=[0m275
[2m2025-03-25T07:55:17.306859Z[0m [32m INFO[0m [1mnode[0m[1m{[0m[3mname[0m[2m=[0mk#8dcff6d1..[1m}[0m[2m:[0m [2msui_core::checkpoints::checkpoint_executor[0m[2m:[0m [2mcrates/sui-core/src/checkpoints/checkpoint_executor/mod.rs[0m[2m:[0m[2m332:[0m Received checkpoint summary from state sync [3msequence_number[0m[2m=[0m275
[2m2025-03-25T07:55:17.327805Z[0m [32m INFO[0m [1mnode[0m[1m{[0m[3mname[0m[2m=[0mk#99f25ef6..[1m}[0m[2m:[0m [2msui_core::state_accumulator[0m[2m:[0m [2mcrates/sui-core/src/state_accumulator.rs[0m[2m:[0m[2m675:[0m accumulating running root for checkpoint 275
[2m2025-03-25T07:55:17.327805Z[0m [32m INFO[0m [1mnode[0m[1m{[0m[3mname[0m[2m=[0mk#8dcff6d1..[1m}[0m[2m:[0m [2msui_core::state_accumulator[0m[2m:[0m [2mcrates/sui-core/src/state_accumulator.rs[0m[2m:[0m[2m675:[0m accumulating running root for checkpoint 275
[2m2025-03-25T07:55:17.358030Z[0m [32m INFO[0m [1mnode[0m[1m{[0m[3mname[0m[2m=[0mk#addeef94..[1m}[0m[2m:[0m [2msui_core::checkpoints[0m[2m:[0m [2mcrates/sui-core/src/checkpoints/mod.rs[0m[2m:[0m[2m1326:[0m Creating checkpoint(s) for 1 transactions [3mnext_checkpoint_seq[0m[2m=[0m276 [3mcheckpoint_timestamp[0m[2m=[0m1742889316771
[2m2025-03-25T07:55:17.358285Z[0m [32m INFO[0m [1mnode[0m[1m{[0m[3mname[0m[2m=[0mk#addeef94..[1m}[0m[2m:[0m [2msui_core::checkpoints::checkpoint_output[0m[2m:[0m [2mcrates/sui-core/src/checkpoints/checkpoint_output.rs[0m[2m:[0m[2m149:[0m Creating checkpoint CheckpointDigest(HLN29KrrERQ5ZyQHQQ9nJtVdSeefgm7uQzhdd6AQm1iR) at epoch 1, sequence 276, previous digest Some(CheckpointDigest(6TpEQLei4fSck8KubzoxcevQ4GinAZb9AosqwU6tRNh6)), transactions count 1, content digest CheckpointContentsDigest(4Mw2E1hwH6zMAYqwnmHtc3qbur3Nbv3nA2ib51NxWv4Y), end_of_epoch_data None
[2m2025-03-25T07:55:17.359000Z[0m [32m INFO[0m [1mnode[0m[1m{[0m[3mname[0m[2m=[0mk#addeef94..[1m}[0m[2m:[0m [2mconsensus_core::commit_syncer[0m[2m:[0m [2mconsensus/core/src/commit_syncer.rs[0m[2m:[0m[2m196:[0m Checking to schedule fetches: synced_commit_index=63, highest_handled_index=63, highest_scheduled_index=0, quorum_commit_index=0, unhandled_commits_threshold=3200
[2m2025-03-25T07:55:17.364176Z[0m [32m INFO[0m [1mnode[0m[1m{[0m[3mname[0m[2m=[0mk#8dcff6d1..[1m}[0m[2m:[0m [2msui_core::checkpoints[0m[2m:[0m [2mcrates/sui-core/src/checkpoints/mod.rs[0m[2m:[0m[2m1326:[0m Creating checkpoint(s) for 1 transactions [3mnext_checkpoint_seq[0m[2m=[0m276 [3mcheckpoint_timestamp[0m[2m=[0m1742889316771
[2m2025-03-25T07:55:17.364207Z[0m [32m INFO[0m [1mnode[0m[1m{[0m[3mname[0m[2m=[0mk#99f25ef6..[1m}[0m[2m:[0m [2msui_core::checkpoints[0m[2m:[0m [2mcrates/sui-core/src/checkpoints/mod.rs[0m[2m:[0m[2m1326:[0m Creating checkpoint(s) for 1 transactions [3mnext_checkpoint_seq[0m[2m=[0m276 [3mcheckpoint_timestamp[0m[2m=[0m1742889316771
[2m2025-03-25T07:55:17.364376Z[0m [32m INFO[0m [1mnode[0m[1m{[0m[3mname[0m[2m=[0mk#8dcff6d1..[1m}[0m[2m:[0m [2msui_core::checkpoints::checkpoint_output[0m[2m:[0m [2mcrates/sui-core/src/checkpoints/checkpoint_output.rs[0m[2m:[0m[2m149:[0m Creating checkpoint CheckpointDigest(HLN29KrrERQ5ZyQHQQ9nJtVdSeefgm7uQzhdd6AQm1iR) at epoch 1, sequence 276, previous digest Some(CheckpointDigest(6TpEQLei4fSck8KubzoxcevQ4GinAZb9AosqwU6tRNh6)), transactions count 1, content digest CheckpointContentsDigest(4Mw2E1hwH6zMAYqwnmHtc3qbur3Nbv3nA2ib51NxWv4Y), end_of_epoch_data None
[2m2025-03-25T07:55:17.364379Z[0m [32m INFO[0m [1mnode[0m[1m{[0m[3mname[0m[2m=[0mk#99f25ef6..[1m}[0m[2m:[0m [2msui_core::checkpoints::checkpoint_output[0m[2m:[0m [2mcrates/sui-core/src/checkpoints/checkpoint_output.rs[0m[2m:[0m[2m149:[0m Creating checkpoint CheckpointDigest(HLN29KrrERQ5ZyQHQQ9nJtVdSeefgm7uQzhdd6AQm1iR) at epoch 1, sequence 276, previous digest Some(CheckpointDigest(6TpEQLei4fSck8KubzoxcevQ4GinAZb9AosqwU6tRNh6)), transactions count 1, content digest CheckpointContentsDigest(4Mw2E1hwH6zMAYqwnmHtc3qbur3Nbv3nA2ib51NxWv4Y), end_of_epoch_data None
[2m2025-03-25T07:55:17.365001Z[0m [32m INFO[0m [1mnode[0m[1m{[0m[3mname[0m[2m=[0mk#99f25ef6..[1m}[0m[2m:[0m [2mconsensus_core::commit_syncer[0m[2m:[0m [2mconsensus/core/src/commit_syncer.rs[0m[2m:[0m[2m196:[0m Checking to schedule fetches: synced_commit_index=63, highest_handled_index=63, highest_scheduled_index=0, quorum_commit_index=62, unhandled_commits_threshold=3200
[2m2025-03-25T07:55:17.365001Z[0m [32m INFO[0m [1mnode[0m[1m{[0m[3mname[0m[2m=[0mk#8dcff6d1..[1m}[0m[2m:[0m [2mconsensus_core::commit_syncer[0m[2m:[0m [2mconsensus/core/src/commit_syncer.rs[0m[2m:[0m[2m196:[0m Checking to schedule fetches: synced_commit_index=63, highest_handled_index=63, highest_scheduled_index=0, quorum_commit_index=62, unhandled_commits_threshold=3200
[2m2025-03-25T07:55:17.385981Z[0m [32m INFO[0m [1mnode[0m[1m{[0m[3mname[0m[2m=[0mk#b3f3cbb4..[1m}[0m[2m:[0m [2msui_core::checkpoints::checkpoint_executor[0m[2m:[0m [2mcrates/sui-core/src/checkpoints/checkpoint_executor/mod.rs[0m[2m:[0m[2m332:[0m Received checkpoint summary from state sync [3msequence_number[0m[2m=[0m275
[2m2025-03-25T07:55:17.425549Z[0m [32m INFO[0m [1mnode[0m[1m{[0m[3mname[0m[2m=[0mk#addeef94..[1m}[0m[2m:[0m [2msui_core::checkpoints::checkpoint_executor[0m[2m:[0m [2mcrates/sui-core/src/checkpoints/checkpoint_executor/mod.rs[0m[2m:[0m[2m332:[0m Received checkpoint summary from state sync [3msequence_number[0m[2m=[0m275
[2m2025-03-25T07:55:17.426903Z[0m [32m INFO[0m [1mnode[0m[1m{[0m[3mname[0m[2m=[0mk#addeef94..[1m}[0m[2m:[0m [2msui_core::state_accumulator[0m[2m:[0m [2mcrates/sui-core/src/state_accumulator.rs[0m[2m:[0m[2m675:[0m accumulating running root for checkpoint 275
[2m2025-03-25T07:55:17.475312Z[0m [32m INFO[0m [1mnode[0m[1m{[0m[3mname[0m[2m=[0mk#b3f3cbb4..[1m}[0m[2m:[0m [2msui_core::state_accumulator[0m[2m:[0m [2mcrates/sui-core/src/state_accumulator.rs[0m[2m:[0m[2m675:[0m accumulating running root for checkpoint 275
[2m2025-03-25T07:55:17.551554Z[0m [32m INFO[0m [1mnode[0m[1m{[0m[3mname[0m[2m=[0mk#addeef94..[1m}[0m[2m:[0m [2mconsensus_core::core[0m[2m:[0m [2mconsensus/core/src/core.rs[0m[2m:[0m[2m945:[0m Included 3 ancestors & excluded 0 ancestors for proposal in round 73
[2m2025-03-25T07:55:17.552020Z[0m [32m INFO[0m [1mnode[0m[1m{[0m[3mname[0m[2m=[0mk#addeef94..[1m}[0m[2m:[0m [2mconsensus_core::core[0m[2m:[0m [2mconsensus/core/src/core.rs[0m[2m:[0m[2m531:[0m Created block B73(C,oltJ649DhXP1lkHBpyKg/vKaRvvqrggi3Q9T7FpiQQ8=)(1742889317551ms;[B72(C,IcmtiAMxT3xLyGiUnsOBxwx+HOAX9mKP0vuTK08afSk=), B72(A,WYnLjtgJzxkkYvOt4WnU2HjIUKUP5LPIFYBjLnA7Cjc=), B72(B,0qSpNDiXcC9tEidF7ey4OCkf4Cd+SQCFqpESEupGvpc=)];1t;1c) for round 73
[2m2025-03-25T07:55:17.556734Z[0m [32m INFO[0m [1mnode[0m[1m{[0m[3mname[0m[2m=[0mk#99f25ef6..[1m}[0m[2m:[0m [2mconsensus_core::core[0m[2m:[0m [2mconsensus/core/src/core.rs[0m[2m:[0m[2m945:[0m Included 3 ancestors & excluded 0 ancestors for proposal in round 73
[2m2025-03-25T07:55:17.556735Z[0m [32m INFO[0m [1mnode[0m[1m{[0m[3mname[0m[2m=[0mk#8dcff6d1..[1m}[0m[2m:[0m [2mconsensus_core::core[0m[2m:[0m [2mconsensus/core/src/core.rs[0m[2m:[0m[2m945:[0m Included 3 ancestors & excluded 0 ancestors for proposal in round 73
[2m2025-03-25T07:55:17.557119Z[0m [32m INFO[0m [1mnode[0m[1m{[0m[3mname[0m[2m=[0mk#99f25ef6..[1m}[0m[2m:[0m [2mconsensus_core::core[0m[2m:[0m [2mconsensus/core/src/core.rs[0m[2m:[0m[2m531:[0m Created block B73(B,3kon9TmERNVHMUcy65BEj7FgTVe/+QCSVKOVP0q70+I=)(1742889317556ms;[B72(B,0qSpNDiXcC9tEidF7ey4OCkf4Cd+SQCFqpESEupGvpc=), B72(A,WYnLjtgJzxkkYvOt4WnU2HjIUKUP5LPIFYBjLnA7Cjc=), B72(C,IcmtiAMxT3xLyGiUnsOBxwx+HOAX9mKP0vuTK08afSk=)];1t;1c) for round 73
[2m2025-03-25T07:55:17.557119Z[0m [32m INFO[0m [1mnode[0m[1m{[0m[3mname[0m[2m=[0mk#8dcff6d1..[1m}[0m[2m:[0m [2mconsensus_core::core[0m[2m:[0m [2mconsensus/core/src/core.rs[0m[2m:[0m[2m531:[0m Created block B73(A,24npEKFzo6joHVezFTNz3gMN4KG7i8fGMQfDGc2xias=)(1742889317556ms;[B72(A,WYnLjtgJzxkkYvOt4WnU2HjIUKUP5LPIFYBjLnA7Cjc=), B72(B,0qSpNDiXcC9tEidF7ey4OCkf4Cd+SQCFqpESEupGvpc=), B72(C,IcmtiAMxT3xLyGiUnsOBxwx+HOAX9mKP0vuTK08afSk=)];1t;1c) for round 73
[2m2025-03-25T07:55:17.557210Z[0m [32m INFO[0m [1mnode[0m[1m{[0m[3mname[0m[2m=[0mk#99f25ef6..[1m}[0m[2m:[0m [2mconsensus_core::core[0m[2m:[0m [2mconsensus/core/src/core.rs[0m[2m:[0m[2m630:[0m Committing 1 leaders: B71(C,k1Gq)
[2m2025-03-25T07:55:17.557210Z[0m [32m INFO[0m [1mnode[0m[1m{[0m[3mname[0m[2m=[0mk#8dcff6d1..[1m}[0m[2m:[0m [2mconsensus_core::core[0m[2m:[0m [2mconsensus/core/src/core.rs[0m[2m:[0m[2m630:[0m Committing 1 leaders: B71(C,k1Gq)
[2m2025-03-25T07:55:17.557304Z[0m [32m INFO[0m [1mnode[0m[1m{[0m[3mname[0m[2m=[0mk#99f25ef6..[1m}[0m[2m:[0m [2mconsensus_core::commit_observer[0m[2m:[0m [2mconsensus/core/src/commit_observer.rs[0m[2m:[0m[2m173:[0m Consensus commit C64(lRyD) with leader B71(C,k1Gq) has 3 blocks
[2m2025-03-25T07:55:17.557304Z[0m [32m INFO[0m [1mnode[0m[1m{[0m[3mname[0m[2m=[0mk#8dcff6d1..[1m}[0m[2m:[0m [2mconsensus_core::commit_observer[0m[2m:[0m [2mconsensus/core/src/commit_observer.rs[0m[2m:[0m[2m173:[0m Consensus commit C64(lRyD) with leader B71(C,k1Gq) has 3 blocks
[2m2025-03-25T07:55:17.557423Z[0m [32m INFO[0m [1mnode[0m[1m{[0m[3mname[0m[2m=[0mk#8dcff6d1..[1m}[0m[2m:[0m [2msui_core::consensus_handler[0m[2m:[0m [2mcrates/sui-core/src/consensus_handler.rs[0m[2m:[0m[2m232:[0m Received consensus output [3mconsensus_commit[0m[2m=[0mCommittedSubDag(leader=B71(C,k1Gq), ref=C64(lRyD), blocks=[YzmF, oDCU, k1Gq]) [3mepoch[0m[2m=[0m1
[2m2025-03-25T07:55:17.557423Z[0m [32m INFO[0m [1mnode[0m[1m{[0m[3mname[0m[2m=[0mk#99f25ef6..[1m}[0m[2m:[0m [2msui_core::consensus_handler[0m[2m:[0m [2mcrates/sui-core/src/consensus_handler.rs[0m[2m:[0m[2m232:[0m Received consensus output [3mconsensus_commit[0m[2m=[0mCommittedSubDag(leader=B71(C,k1Gq), ref=C64(lRyD), blocks=[YzmF, oDCU, k1Gq]) [3mepoch[0m[2m=[0m1
[2m2025-03-25T07:55:17.562534Z[0m [32m INFO[0m [1mnode[0m[1m{[0m[3mname[0m[2m=[0mk#addeef94..[1m}[0m[2m:[0m [2mconsensus_core::core[0m[2m:[0m [2mconsensus/core/src/core.rs[0m[2m:[0m[2m630:[0m Committing 1 leaders: B71(C,k1Gq)
[2m2025-03-25T07:55:17.562652Z[0m [32m INFO[0m [1mnode[0m[1m{[0m[3mname[0m[2m=[0mk#addeef94..[1m}[0m[2m:[0m [2mconsensus_core::commit_observer[0m[2m:[0m [2mconsensus/core/src/commit_observer.rs[0m[2m:[0m[2m173:[0m Consensus commit C64(lRyD) with leader B71(C,k1Gq) has 3 blocks
[2m2025-03-25T07:55:17.562813Z[0m [32m INFO[0m [1mnode[0m[1m{[0m[3mname[0m[2m=[0mk#addeef94..[1m}[0m[2m:[0m [2msui_core::consensus_handler[0m[2m:[0m [2mcrates/sui-core/src/consensus_handler.rs[0m[2m:[0m[2m232:[0m Received consensus output [3mconsensus_commit[0m[2m=[0mCommittedSubDag(leader=B71(C,k1Gq), ref=C64(lRyD), blocks=[YzmF, oDCU, k1Gq]) [3mepoch[0m[2m=[0m1
[2m2025-03-25T07:55:17.686483Z[0m [32m INFO[0m [1mnode[0m[1m{[0m[3mname[0m[2m=[0mk#8dcff6d1..[1m}[0m[2m:[0m [2msui_core::checkpoints[0m[2m:[0m [2mcrates/sui-core/src/checkpoints/mod.rs[0m[2m:[0m[2m1326:[0m Creating checkpoint(s) for 3 transactions [3mnext_checkpoint_seq[0m[2m=[0m277 [3mcheckpoint_timestamp[0m[2m=[0m1742889317025
[2m2025-03-25T07:55:17.686483Z[0m [32m INFO[0m [1mnode[0m[1m{[0m[3mname[0m[2m=[0mk#99f25ef6..[1m}[0m[2m:[0m [2msui_core::checkpoints[0m[2m:[0m [2mcrates/sui-core/src/checkpoints/mod.rs[0m[2m:[0m[2m1326:[0m Creating checkpoint(s) for 3 transactions [3mnext_checkpoint_seq[0m[2m=[0m277 [3mcheckpoint_timestamp[0m[2m=[0m1742889317025
[2m2025-03-25T07:55:17.687062Z[0m [32m INFO[0m [1mnode[0m[1m{[0m[3mname[0m[2m=[0mk#8dcff6d1..[1m}[0m[2m:[0m [2msui_core::checkpoints::checkpoint_output[0m[2m:[0m [2mcrates/sui-core/src/checkpoints/checkpoint_output.rs[0m[2m:[0m[2m149:[0m Creating checkpoint CheckpointDigest(FjhgXTXrijCuvdUjC2K6n4kCb5L7dDTygerRC78rJtdC) at epoch 1, sequence 277, previous digest Some(CheckpointDigest(HLN29KrrERQ5ZyQHQQ9nJtVdSeefgm7uQzhdd6AQm1iR)), transactions count 3, content digest CheckpointContentsDigest(9SkfbMCQza4hjGBB1b6L7Jbf9LwnJQEmrpzP4wxpMx5J), end_of_epoch_data None
[2m2025-03-25T07:55:17.687062Z[0m [32m INFO[0m [1mnode[0m[1m{[0m[3mname[0m[2m=[0mk#99f25ef6..[1m}[0m[2m:[0m [2msui_core::checkpoints::checkpoint_output[0m[2m:[0m [2mcrates/sui-core/src/checkpoints/checkpoint_output.rs[0m[2m:[0m[2m149:[0m Creating checkpoint CheckpointDigest(FjhgXTXrijCuvdUjC2K6n4kCb5L7dDTygerRC78rJtdC) at epoch 1, sequence 277, previous digest Some(CheckpointDigest(HLN29KrrERQ5ZyQHQQ9nJtVdSeefgm7uQzhdd6AQm1iR)), transactions count 3, content digest CheckpointContentsDigest(9SkfbMCQza4hjGBB1b6L7Jbf9LwnJQEmrpzP4wxpMx5J), end_of_epoch_data None
[2m2025-03-25T07:55:17.689376Z[0m [32m INFO[0m [1mnode[0m[1m{[0m[3mname[0m[2m=[0mk#addeef94..[1m}[0m[2m:[0m [2msui_core::checkpoints[0m[2m:[0m [2mcrates/sui-core/src/checkpoints/mod.rs[0m[2m:[0m[2m1326:[0m Creating checkpoint(s) for 3 transactions [3mnext_checkpoint_seq[0m[2m=[0m277 [3mcheckpoint_timestamp[0m[2m=[0m1742889317025
[2m2025-03-25T07:55:17.689868Z[0m [32m INFO[0m [1mnode[0m[1m{[0m[3mname[0m[2m=[0mk#addeef94..[1m}[0m[2m:[0m [2msui_core::checkpoints::checkpoint_output[0m[2m:[0m [2mcrates/sui-core/src/checkpoints/checkpoint_output.rs[0m[2m:[0m[2m149:[0m Creating checkpoint CheckpointDigest(FjhgXTXrijCuvdUjC2K6n4kCb5L7dDTygerRC78rJtdC) at epoch 1, sequence 277, previous digest Some(CheckpointDigest(HLN29KrrERQ5ZyQHQQ9nJtVdSeefgm7uQzhdd6AQm1iR)), transactions count 3, content digest CheckpointContentsDigest(9SkfbMCQza4hjGBB1b6L7Jbf9LwnJQEmrpzP4wxpMx5J), end_of_epoch_data None
[2m2025-03-25T07:55:17.690980Z[0m [32m INFO[0m [1mnode[0m[1m{[0m[3mname[0m[2m=[0mk#8dcff6d1..[1m}[0m[2m:[0m [2msui_core::checkpoints::checkpoint_output[0m[2m:[0m [2mcrates/sui-core/src/checkpoints/checkpoint_output.rs[0m[2m:[0m[2m196:[0m Certified checkpoint with sequence 276 and digest HLN29KrrERQ5ZyQHQQ9nJtVdSeefgm7uQzhdd6AQm1iR
[2m2025-03-25T07:55:17.690994Z[0m [32m INFO[0m [1mnode[0m[1m{[0m[3mname[0m[2m=[0mk#99f25ef6..[1m}[0m[2m:[0m [2msui_core::checkpoints::checkpoint_output[0m[2m:[0m [2mcrates/sui-core/src/checkpoints/checkpoint_output.rs[0m[2m:[0m[2m196:[0m Certified checkpoint with sequence 276 and digest HLN29KrrERQ5ZyQHQQ9nJtVdSeefgm7uQzhdd6AQm1iR
[2m2025-03-25T07:55:17.691356Z[0m [32m INFO[0m [1mnode[0m[1m{[0m[3mname[0m[2m=[0mk#99f25ef6..[1m}[0m[2m:[0m [2msui_core::checkpoints::checkpoint_executor[0m[2m:[0m [2mcrates/sui-core/src/checkpoints/checkpoint_executor/mod.rs[0m[2m:[0m[2m332:[0m Received checkpoint summary from state sync [3msequence_number[0m[2m=[0m276
[2m2025-03-25T07:55:17.691356Z[0m [32m INFO[0m [1mnode[0m[1m{[0m[3mname[0m[2m=[0mk#8dcff6d1..[1m}[0m[2m:[0m [2msui_core::checkpoints::checkpoint_executor[0m[2m:[0m [2mcrates/sui-core/src/checkpoints/checkpoint_executor/mod.rs[0m[2m:[0m[2m332:[0m Received checkpoint summary from state sync [3msequence_number[0m[2m=[0m276
[2m2025-03-25T07:55:17.692636Z[0m [32m INFO[0m [1mnode[0m[1m{[0m[3mname[0m[2m=[0mk#8dcff6d1..[1m}[0m[2m:[0m [2msui_core::state_accumulator[0m[2m:[0m [2mcrates/sui-core/src/state_accumulator.rs[0m[2m:[0m[2m675:[0m accumulating running root for checkpoint 276
[2m2025-03-25T07:55:17.692638Z[0m [32m INFO[0m [1mnode[0m[1m{[0m[3mname[0m[2m=[0mk#99f25ef6..[1m}[0m[2m:[0m [2msui_core::state_accumulator[0m[2m:[0m [2mcrates/sui-core/src/state_accumulator.rs[0m[2m:[0m[2m675:[0m accumulating running root for checkpoint 276
[2m2025-03-25T07:55:17.694932Z[0m [32m INFO[0m [1mnode[0m[1m{[0m[3mname[0m[2m=[0mk#addeef94..[1m}[0m[2m:[0m [2msui_core::checkpoints::checkpoint_executor[0m[2m:[0m [2mcrates/sui-core/src/checkpoints/checkpoint_executor/mod.rs[0m[2m:[0m[2m332:[0m Received checkpoint summary from state sync [3msequence_number[0m[2m=[0m276
[2m2025-03-25T07:55:17.695714Z[0m [32m INFO[0m [1mnode[0m[1m{[0m[3mname[0m[2m=[0mk#addeef94..[1m}[0m[2m:[0m [2msui_core::state_accumulator[0m[2m:[0m [2mcrates/sui-core/src/state_accumulator.rs[0m[2m:[0m[2m675:[0m accumulating running root for checkpoint 276
[2m2025-03-25T07:55:17.695834Z[0m [32m INFO[0m [1mnode[0m[1m{[0m[3mname[0m[2m=[0mk#b3f3cbb4..[1m}[0m[2m:[0m [2msui_core::checkpoints::checkpoint_executor[0m[2m:[0m [2mcrates/sui-core/src/checkpoints/checkpoint_executor/mod.rs[0m[2m:[0m[2m332:[0m Received checkpoint summary from state sync [3msequence_number[0m[2m=[0m276
[2m2025-03-25T07:55:17.721655Z[0m [32m INFO[0m [1mnode[0m[1m{[0m[3mname[0m[2m=[0mk#b3f3cbb4..[1m}[0m[2m:[0m [2msui_core::state_accumulator[0m[2m:[0m [2mcrates/sui-core/src/state_accumulator.rs[0m[2m:[0m[2m675:[0m accumulating running root for checkpoint 276
[2m2025-03-25T07:55:17.810851Z[0m [32m INFO[0m [1mnode[0m[1m{[0m[3mname[0m[2m=[0mk#8dcff6d1..[1m}[0m[2m:[0m [2mconsensus_core::core[0m[2m:[0m [2mconsensus/core/src/core.rs[0m[2m:[0m[2m945:[0m Included 3 ancestors & excluded 0 ancestors for proposal in round 74
[2m2025-03-25T07:55:17.810851Z[0m [32m INFO[0m [1mnode[0m[1m{[0m[3mname[0m[2m=[0mk#99f25ef6..[1m}[0m[2m:[0m [2mconsensus_core::core[0m[2m:[0m [2mconsensus/core/src/core.rs[0m[2m:[0m[2m945:[0m Included 3 ancestors & excluded 0 ancestors for proposal in round 74
[2m2025-03-25T07:55:17.811397Z[0m [32m INFO[0m [1mnode[0m[1m{[0m[3mname[0m[2m=[0mk#99f25ef6..[1m}[0m[2m:[0m [2mconsensus_core::core[0m[2m:[0m [2mconsensus/core/src/core.rs[0m[2m:[0m[2m531:[0m Created block B74(B,d1zGcZD+UClCnWJrOz2Wt9bGIdDntK9dS8/K3D/hrqA=)(1742889317810ms;[B73(B,3kon9TmERNVHMUcy65BEj7FgTVe/+QCSVKOVP0q70+I=), B73(A,24npEKFzo6joHVezFTNz3gMN4KG7i8fGMQfDGc2xias=), B73(C,oltJ649DhXP1lkHBpyKg/vKaRvvqrggi3Q9T7FpiQQ8=)];1t;1c) for round 74
[2m2025-03-25T07:55:17.811399Z[0m [32m INFO[0m [1mnode[0m[1m{[0m[3mname[0m[2m=[0mk#8dcff6d1..[1m}[0m[2m:[0m [2mconsensus_core::core[0m[2m:[0m [2mconsensus/core/src/core.rs[0m[2m:[0m[2m531:[0m Created block B74(A,kS6H8f/rvMknhAFJYn4FxMBSoI3jhz9ora43fi0EgG8=)(1742889317810ms;[B73(A,24npEKFzo6joHVezFTNz3gMN4KG7i8fGMQfDGc2xias=), B73(B,3kon9TmERNVHMUcy65BEj7FgTVe/+QCSVKOVP0q70+I=), B73(C,oltJ649DhXP1lkHBpyKg/vKaRvvqrggi3Q9T7FpiQQ8=)];1t;1c) for round 74
[2m2025-03-25T07:55:17.815949Z[0m [32m INFO[0m [1mnode[0m[1m{[0m[3mname[0m[2m=[0mk#addeef94..[1m}[0m[2m:[0m [2mconsensus_core::core[0m[2m:[0m [2mconsensus/core/src/core.rs[0m[2m:[0m[2m945:[0m Included 3 ancestors & excluded 0 ancestors for proposal in round 74
[2m2025-03-25T07:55:17.816369Z[0m [32m INFO[0m [1mnode[0m[1m{[0m[3mname[0m[2m=[0mk#addeef94..[1m}[0m[2m:[0m [2mconsensus_core::core[0m[2m:[0m [2mconsensus/core/src/core.rs[0m[2m:[0m[2m531:[0m Created block B74(C,IchYRx2GyFejam3bqmLk+OQ1LubOV5YULAVlHc5jw+8=)(1742889317816ms;[B73(C,oltJ649DhXP1lkHBpyKg/vKaRvvqrggi3Q9T7FpiQQ8=), B73(A,24npEKFzo6joHVezFTNz3gMN4KG7i8fGMQfDGc2xias=), B73(B,3kon9TmERNVHMUcy65BEj7FgTVe/+QCSVKOVP0q70+I=)];1t;1c) for round 74
[2m2025-03-25T07:55:17.816463Z[0m [32m INFO[0m [1mnode[0m[1m{[0m[3mname[0m[2m=[0mk#addeef94..[1m}[0m[2m:[0m [2mconsensus_core::core[0m[2m:[0m [2mconsensus/core/src/core.rs[0m[2m:[0m[2m630:[0m Committing 1 leaders: B72(B,0qSp)
[2m2025-03-25T07:55:17.816560Z[0m [32m INFO[0m [1mnode[0m[1m{[0m[3mname[0m[2m=[0mk#addeef94..[1m}[0m[2m:[0m [2mconsensus_core::commit_observer[0m[2m:[0m [2mconsensus/core/src/commit_observer.rs[0m[2m:[0m[2m173:[0m Consensus commit C65(a08K) with leader B72(B,0qSp) has 3 blocks
[2m2025-03-25T07:55:17.816671Z[0m [32m INFO[0m [1mnode[0m[1m{[0m[3mname[0m[2m=[0mk#addeef94..[1m}[0m[2m:[0m [2msui_core::consensus_handler[0m[2m:[0m [2mcrates/sui-core/src/consensus_handler.rs[0m[2m:[0m[2m232:[0m Received consensus output [3mconsensus_commit[0m[2m=[0mCommittedSubDag(leader=B72(B,0qSp), ref=C65(a08K), blocks=[MlV3, rIff, 0qSp]) [3mepoch[0m[2m=[0m1
[2m2025-03-25T07:55:17.819601Z[0m [32m INFO[0m [1mnode[0m[1m{[0m[3mname[0m[2m=[0mk#99f25ef6..[1m}[0m[2m:[0m [2mconsensus_core::core[0m[2m:[0m [2mconsensus/core/src/core.rs[0m[2m:[0m[2m630:[0m Committing 1 leaders: B72(B,0qSp)
[2m2025-03-25T07:55:17.819612Z[0m [32m INFO[0m [1mnode[0m[1m{[0m[3mname[0m[2m=[0mk#8dcff6d1..[1m}[0m[2m:[0m [2mconsensus_core::core[0m[2m:[0m [2mconsensus/core/src/core.rs[0m[2m:[0m[2m630:[0m Committing 1 leaders: B72(B,0qSp)
[2m2025-03-25T07:55:17.819713Z[0m [32m INFO[0m [1mnode[0m[1m{[0m[3mname[0m[2m=[0mk#99f25ef6..[1m}[0m[2m:[0m [2mconsensus_core::commit_observer[0m[2m:[0m [2mconsensus/core/src/commit_observer.rs[0m[2m:[0m[2m173:[0m Consensus commit C65(a08K) with leader B72(B,0qSp) has 3 blocks
[2m2025-03-25T07:55:17.819721Z[0m [32m INFO[0m [1mnode[0m[1m{[0m[3mname[0m[2m=[0mk#8dcff6d1..[1m}[0m[2m:[0m [2mconsensus_core::commit_observer[0m[2m:[0m [2mconsensus/core/src/commit_observer.rs[0m[2m:[0m[2m173:[0m Consensus commit C65(a08K) with leader B72(B,0qSp) has 3 blocks
[2m2025-03-25T07:55:17.819809Z[0m [32m INFO[0m [1mnode[0m[1m{[0m[3mname[0m[2m=[0mk#99f25ef6..[1m}[0m[2m:[0m [2msui_core::consensus_handler[0m[2m:[0m [2mcrates/sui-core/src/consensus_handler.rs[0m[2m:[0m[2m232:[0m Received consensus output [3mconsensus_commit[0m[2m=[0mCommittedSubDag(leader=B72(B,0qSp), ref=C65(a08K), blocks=[MlV3, rIff, 0qSp]) [3mepoch[0m[2m=[0m1
[2m2025-03-25T07:55:17.819813Z[0m [32m INFO[0m [1mnode[0m[1m{[0m[3mname[0m[2m=[0mk#8dcff6d1..[1m}[0m[2m:[0m [2msui_core::consensus_handler[0m[2m:[0m [2mcrates/sui-core/src/consensus_handler.rs[0m[2m:[0m[2m232:[0m Received consensus output [3mconsensus_commit[0m[2m=[0mCommittedSubDag(leader=B72(B,0qSp), ref=C65(a08K), blocks=[MlV3, rIff, 0qSp]) [3mepoch[0m[2m=[0m1
[2m2025-03-25T07:55:17.865988Z[0m [32m INFO[0m [1mnode[0m[1m{[0m[3mname[0m[2m=[0mk#addeef94..[1m}[0m[2m:[0m [2msui_core::checkpoints[0m[2m:[0m [2mcrates/sui-core/src/checkpoints/mod.rs[0m[2m:[0m[2m1326:[0m Creating checkpoint(s) for 1 transactions [3mnext_checkpoint_seq[0m[2m=[0m278 [3mcheckpoint_timestamp[0m[2m=[0m1742889317282
[2m2025-03-25T07:55:17.866222Z[0m [32m INFO[0m [1mnode[0m[1m{[0m[3mname[0m[2m=[0mk#addeef94..[1m}[0m[2m:[0m [2msui_core::checkpoints::checkpoint_output[0m[2m:[0m [2mcrates/sui-core/src/checkpoints/checkpoint_output.rs[0m[2m:[0m[2m149:[0m Creating checkpoint CheckpointDigest(4Rg2pVbrApGcp4pgCu93N35Cq9LKnuY2A8kUnru3KCTZ) at epoch 1, sequence 278, previous digest Some(CheckpointDigest(FjhgXTXrijCuvdUjC2K6n4kCb5L7dDTygerRC78rJtdC)), transactions count 1, content digest CheckpointContentsDigest(HdBDYq379bYeuKUsEiFG6hcV6442vgCEStWWKB9wrxw4), end_of_epoch_data None
[2m2025-03-25T07:55:17.867716Z[0m [32m INFO[0m [1mnode[0m[1m{[0m[3mname[0m[2m=[0mk#99f25ef6..[1m}[0m[2m:[0m [2msui_core::checkpoints[0m[2m:[0m [2mcrates/sui-core/src/checkpoints/mod.rs[0m[2m:[0m[2m1326:[0m Creating checkpoint(s) for 1 transactions [3mnext_checkpoint_seq[0m[2m=[0m278 [3mcheckpoint_timestamp[0m[2m=[0m1742889317282
[2m2025-03-25T07:55:17.867723Z[0m [32m INFO[0m [1mnode[0m[1m{[0m[3mname[0m[2m=[0mk#8dcff6d1..[1m}[0m[2m:[0m [2msui_core::checkpoints[0m[2m:[0m [2mcrates/sui-core/src/checkpoints/mod.rs[0m[2m:[0m[2m1326:[0m Creating checkpoint(s) for 1 transactions [3mnext_checkpoint_seq[0m[2m=[0m278 [3mcheckpoint_timestamp[0m[2m=[0m1742889317282
[2m2025-03-25T07:55:17.867896Z[0m [32m INFO[0m [1mnode[0m[1m{[0m[3mname[0m[2m=[0mk#99f25ef6..[1m}[0m[2m:[0m [2msui_core::checkpoints::checkpoint_output[0m[2m:[0m [2mcrates/sui-core/src/checkpoints/checkpoint_output.rs[0m[2m:[0m[2m149:[0m Creating checkpoint CheckpointDigest(4Rg2pVbrApGcp4pgCu93N35Cq9LKnuY2A8kUnru3KCTZ) at epoch 1, sequence 278, previous digest Some(CheckpointDigest(FjhgXTXrijCuvdUjC2K6n4kCb5L7dDTygerRC78rJtdC)), transactions count 1, content digest CheckpointContentsDigest(HdBDYq379bYeuKUsEiFG6hcV6442vgCEStWWKB9wrxw4), end_of_epoch_data None
[2m2025-03-25T07:55:17.867899Z[0m [32m INFO[0m [1mnode[0m[1m{[0m[3mname[0m[2m=[0mk#8dcff6d1..[1m}[0m[2m:[0m [2msui_core::checkpoints::checkpoint_output[0m[2m:[0m [2mcrates/sui-core/src/checkpoints/checkpoint_output.rs[0m[2m:[0m[2m149:[0m Creating checkpoint CheckpointDigest(4Rg2pVbrApGcp4pgCu93N35Cq9LKnuY2A8kUnru3KCTZ) at epoch 1, sequence 278, previous digest Some(CheckpointDigest(FjhgXTXrijCuvdUjC2K6n4kCb5L7dDTygerRC78rJtdC)), transactions count 1, content digest CheckpointContentsDigest(HdBDYq379bYeuKUsEiFG6hcV6442vgCEStWWKB9wrxw4), end_of_epoch_data None
[2m2025-03-25T07:55:17.933784Z[0m [32m INFO[0m [1mnode[0m[1m{[0m[3mname[0m[2m=[0mk#8dcff6d1..[1m}[0m[2m:[0m [2msui_core::checkpoints::checkpoint_output[0m[2m:[0m [2mcrates/sui-core/src/checkpoints/checkpoint_output.rs[0m[2m:[0m[2m196:[0m Certified checkpoint with sequence 277 and digest FjhgXTXrijCuvdUjC2K6n4kCb5L7dDTygerRC78rJtdC
[2m2025-03-25T07:55:17.933988Z[0m [32m INFO[0m [1mnode[0m[1m{[0m[3mname[0m[2m=[0mk#99f25ef6..[1m}[0m[2m:[0m [2msui_core::checkpoints::checkpoint_output[0m[2m:[0m [2mcrates/sui-core/src/checkpoints/checkpoint_output.rs[0m[2m:[0m[2m196:[0m Certified checkpoint with sequence 277 and digest FjhgXTXrijCuvdUjC2K6n4kCb5L7dDTygerRC78rJtdC
[2m2025-03-25T07:55:17.934377Z[0m [32m INFO[0m [1mnode[0m[1m{[0m[3mname[0m[2m=[0mk#8dcff6d1..[1m}[0m[2m:[0m [2msui_core::checkpoints::checkpoint_executor[0m[2m:[0m [2mcrates/sui-core/src/checkpoints/checkpoint_executor/mod.rs[0m[2m:[0m[2m332:[0m Received checkpoint summary from state sync [3msequence_number[0m[2m=[0m277
[2m2025-03-25T07:55:17.934463Z[0m [32m INFO[0m [1mnode[0m[1m{[0m[3mname[0m[2m=[0mk#99f25ef6..[1m}[0m[2m:[0m [2msui_core::checkpoints::checkpoint_executor[0m[2m:[0m [2mcrates/sui-core/src/checkpoints/checkpoint_executor/mod.rs[0m[2m:[0m[2m332:[0m Received checkpoint summary from state sync [3msequence_number[0m[2m=[0m277
[2m2025-03-25T07:55:17.936579Z[0m [32m INFO[0m [1mnode[0m[1m{[0m[3mname[0m[2m=[0mk#99f25ef6..[1m}[0m[2m:[0m [2msui_core::state_accumulator[0m[2m:[0m [2mcrates/sui-core/src/state_accumulator.rs[0m[2m:[0m[2m675:[0m accumulating running root for checkpoint 277
[2m2025-03-25T07:55:17.936579Z[0m [32m INFO[0m [1mnode[0m[1m{[0m[3mname[0m[2m=[0mk#8dcff6d1..[1m}[0m[2m:[0m [2msui_core::state_accumulator[0m[2m:[0m [2mcrates/sui-core/src/state_accumulator.rs[0m[2m:[0m[2m675:[0m accumulating running root for checkpoint 277
[2m2025-03-25T07:55:17.938535Z[0m [32m INFO[0m [1mnode[0m[1m{[0m[3mname[0m[2m=[0mk#addeef94..[1m}[0m[2m:[0m [2msui_core::checkpoints::checkpoint_executor[0m[2m:[0m [2mcrates/sui-core/src/checkpoints/checkpoint_executor/mod.rs[0m[2m:[0m[2m332:[0m Received checkpoint summary from state sync [3msequence_number[0m[2m=[0m277
[2m2025-03-25T07:55:17.940347Z[0m [32m INFO[0m [1mnode[0m[1m{[0m[3mname[0m[2m=[0mk#addeef94..[1m}[0m[2m:[0m [2msui_core::state_accumulator[0m[2m:[0m [2mcrates/sui-core/src/state_accumulator.rs[0m[2m:[0m[2m675:[0m accumulating running root for checkpoint 277
[2m2025-03-25T07:55:17.941368Z[0m [32m INFO[0m [1mnode[0m[1m{[0m[3mname[0m[2m=[0mk#b3f3cbb4..[1m}[0m[2m:[0m [2msui_core::checkpoints::checkpoint_executor[0m[2m:[0m [2mcrates/sui-core/src/checkpoints/checkpoint_executor/mod.rs[0m[2m:[0m[2m332:[0m Received checkpoint summary from state sync [3msequence_number[0m[2m=[0m277
[2m2025-03-25T07:55:18.069557Z[0m [32m INFO[0m [1mnode[0m[1m{[0m[3mname[0m[2m=[0mk#addeef94..[1m}[0m[2m:[0m [2mconsensus_core::core[0m[2m:[0m [2mconsensus/core/src/core.rs[0m[2m:[0m[2m945:[0m Included 3 ancestors & excluded 0 ancestors for proposal in round 75
[2m2025-03-25T07:55:18.069916Z[0m [32m INFO[0m [1mnode[0m[1m{[0m[3mname[0m[2m=[0mk#addeef94..[1m}[0m[2m:[0m [2mconsensus_core::core[0m[2m:[0m [2mconsensus/core/src/core.rs[0m[2m:[0m[2m531:[0m Created block B75(C,yGkQNZ4yIiBBMDXMiXKpHcbnH6utfyHHu7SkkgOA+D8=)(1742889318069ms;[B74(C,IchYRx2GyFejam3bqmLk+OQ1LubOV5YULAVlHc5jw+8=), B74(A,kS6H8f/rvMknhAFJYn4FxMBSoI3jhz9ora43fi0EgG8=), B74(B,d1zGcZD+UClCnWJrOz2Wt9bGIdDntK9dS8/K3D/hrqA=)];1t;1c) for round 75
[2m2025-03-25T07:55:18.071586Z[0m [32m INFO[0m [1mnode[0m[1m{[0m[3mname[0m[2m=[0mk#99f25ef6..[1m}[0m[2m:[0m [2mconsensus_core::core[0m[2m:[0m [2mconsensus/core/src/core.rs[0m[2m:[0m[2m945:[0m Included 3 ancestors & excluded 0 ancestors for proposal in round 75
[2m2025-03-25T07:55:18.071857Z[0m [32m INFO[0m [1mnode[0m[1m{[0m[3mname[0m[2m=[0mk#8dcff6d1..[1m}[0m[2m:[0m [2mconsensus_core::core[0m[2m:[0m [2mconsensus/core/src/core.rs[0m[2m:[0m[2m945:[0m Included 3 ancestors & excluded 0 ancestors for proposal in round 75
[2m2025-03-25T07:55:18.071890Z[0m [32m INFO[0m [1mnode[0m[1m{[0m[3mname[0m[2m=[0mk#99f25ef6..[1m}[0m[2m:[0m [2mconsensus_core::core[0m[2m:[0m [2mconsensus/core/src/core.rs[0m[2m:[0m[2m531:[0m Created block B75(B,IDdBjILriAU4sQ0PV8sQ9FGSe31cm8TmwXN4CW34MqA=)(1742889318071ms;[B74(B,d1zGcZD+UClCnWJrOz2Wt9bGIdDntK9dS8/K3D/hrqA=), B74(A,kS6H8f/rvMknhAFJYn4FxMBSoI3jhz9ora43fi0EgG8=), B74(C,IchYRx2GyFejam3bqmLk+OQ1LubOV5YULAVlHc5jw+8=)];1t;1c) for round 75
[2m2025-03-25T07:55:18.072035Z[0m [32m INFO[0m [1mnode[0m[1m{[0m[3mname[0m[2m=[0mk#99f25ef6..[1m}[0m[2m:[0m [2mconsensus_core::core[0m[2m:[0m [2mconsensus/core/src/core.rs[0m[2m:[0m[2m630:[0m Committing 1 leaders: B73(C,oltJ)
[2m2025-03-25T07:55:18.072130Z[0m [32m INFO[0m [1mnode[0m[1m{[0m[3mname[0m[2m=[0mk#99f25ef6..[1m}[0m[2m:[0m [2mconsensus_core::commit_observer[0m[2m:[0m [2mconsensus/core/src/commit_observer.rs[0m[2m:[0m[2m173:[0m Consensus commit C66(M19Y) with leader B73(C,oltJ) has 3 blocks
[2m2025-03-25T07:55:18.072156Z[0m [32m INFO[0m [1mnode[0m[1m{[0m[3mname[0m[2m=[0mk#8dcff6d1..[1m}[0m[2m:[0m [2mconsensus_core::core[0m[2m:[0m [2mconsensus/core/src/core.rs[0m[2m:[0m[2m531:[0m Created block B75(A,9eKiNT3+xprHy35qF+Zqd3fOUG7qIrdRRBBbmLH2Ix4=)(1742889318071ms;[B74(A,kS6H8f/rvMknhAFJYn4FxMBSoI3jhz9ora43fi0EgG8=), B74(B,d1zGcZD+UClCnWJrOz2Wt9bGIdDntK9dS8/K3D/hrqA=), B74(C,IchYRx2GyFejam3bqmLk+OQ1LubOV5YULAVlHc5jw+8=)];1t;1c) for round 75
[2m2025-03-25T07:55:18.072220Z[0m [32m INFO[0m [1mnode[0m[1m{[0m[3mname[0m[2m=[0mk#8dcff6d1..[1m}[0m[2m:[0m [2mconsensus_core::core[0m[2m:[0m [2mconsensus/core/src/core.rs[0m[2m:[0m[2m630:[0m Committing 1 leaders: B73(C,oltJ)
[2m2025-03-25T07:55:18.072283Z[0m [32m INFO[0m [1mnode[0m[1m{[0m[3mname[0m[2m=[0mk#8dcff6d1..[1m}[0m[2m:[0m [2mconsensus_core::commit_observer[0m[2m:[0m [2mconsensus/core/src/commit_observer.rs[0m[2m:[0m[2m173:[0m Consensus commit C66(M19Y) with leader B73(C,oltJ) has 3 blocks
[2m2025-03-25T07:55:18.072367Z[0m [32m INFO[0m [1mnode[0m[1m{[0m[3mname[0m[2m=[0mk#8dcff6d1..[1m}[0m[2m:[0m [2msui_core::consensus_handler[0m[2m:[0m [2mcrates/sui-core/src/consensus_handler.rs[0m[2m:[0m[2m232:[0m Received consensus output [3mconsensus_commit[0m[2m=[0mCommittedSubDag(leader=B73(C,oltJ), ref=C66(M19Y), blocks=[WYnL, Icmt, oltJ]) [3mepoch[0m[2m=[0m1
[2m2025-03-25T07:55:18.072367Z[0m [32m INFO[0m [1mnode[0m[1m{[0m[3mname[0m[2m=[0mk#99f25ef6..[1m}[0m[2m:[0m [2msui_core::consensus_handler[0m[2m:[0m [2mcrates/sui-core/src/consensus_handler.rs[0m[2m:[0m[2m232:[0m Received consensus output [3mconsensus_commit[0m[2m=[0mCommittedSubDag(leader=B73(C,oltJ), ref=C66(M19Y), blocks=[WYnL, Icmt, oltJ]) [3mepoch[0m[2m=[0m1
[2m2025-03-25T07:55:18.075957Z[0m [32m INFO[0m [1mnode[0m[1m{[0m[3mname[0m[2m=[0mk#addeef94..[1m}[0m[2m:[0m [2mconsensus_core::core[0m[2m:[0m [2mconsensus/core/src/core.rs[0m[2m:[0m[2m630:[0m Committing 1 leaders: B73(C,oltJ)
[2m2025-03-25T07:55:18.076050Z[0m [32m INFO[0m [1mnode[0m[1m{[0m[3mname[0m[2m=[0mk#addeef94..[1m}[0m[2m:[0m [2mconsensus_core::commit_observer[0m[2m:[0m [2mconsensus/core/src/commit_observer.rs[0m[2m:[0m[2m173:[0m Consensus commit C66(M19Y) with leader B73(C,oltJ) has 3 blocks
[2m2025-03-25T07:55:18.076175Z[0m [32m INFO[0m [1mnode[0m[1m{[0m[3mname[0m[2m=[0mk#addeef94..[1m}[0m[2m:[0m [2msui_core::consensus_handler[0m[2m:[0m [2mcrates/sui-core/src/consensus_handler.rs[0m[2m:[0m[2m232:[0m Received consensus output [3mconsensus_commit[0m[2m=[0mCommittedSubDag(leader=B73(C,oltJ), ref=C66(M19Y), blocks=[WYnL, Icmt, oltJ]) [3mepoch[0m[2m=[0m1
[2m2025-03-25T07:55:18.098965Z[0m [32m INFO[0m [1mnode[0m[1m{[0m[3mname[0m[2m=[0mk#8dcff6d1..[1m}[0m[2m:[0m [2msui_core::checkpoints[0m[2m:[0m [2mcrates/sui-core/src/checkpoints/mod.rs[0m[2m:[0m[2m1326:[0m Creating checkpoint(s) for 2 transactions [3mnext_checkpoint_seq[0m[2m=[0m279 [3mcheckpoint_timestamp[0m[2m=[0m1742889317551
[2m2025-03-25T07:55:18.099174Z[0m [32m INFO[0m [1mnode[0m[1m{[0m[3mname[0m[2m=[0mk#99f25ef6..[1m}[0m[2m:[0m [2msui_core::checkpoints[0m[2m:[0m [2mcrates/sui-core/src/checkpoints/mod.rs[0m[2m:[0m[2m1326:[0m Creating checkpoint(s) for 2 transactions [3mnext_checkpoint_seq[0m[2m=[0m279 [3mcheckpoint_timestamp[0m[2m=[0m1742889317551
[2m2025-03-25T07:55:18.099283Z[0m [32m INFO[0m [1mnode[0m[1m{[0m[3mname[0m[2m=[0mk#8dcff6d1..[1m}[0m[2m:[0m [2msui_core::checkpoints::checkpoint_output[0m[2m:[0m [2mcrates/sui-core/src/checkpoints/checkpoint_output.rs[0m[2m:[0m[2m149:[0m Creating checkpoint CheckpointDigest(F36fZnCkcTTe8rwqDhJqzUcL5orDsrBspHyB5zW7QUiE) at epoch 1, sequence 279, previous digest Some(CheckpointDigest(4Rg2pVbrApGcp4pgCu93N35Cq9LKnuY2A8kUnru3KCTZ)), transactions count 2, content digest CheckpointContentsDigest(GvxdJvCbZxCXKkDUcscxmWWSnZ3ZbnzoyeNGHwL2xCCM), end_of_epoch_data None
[2m2025-03-25T07:55:18.099425Z[0m [32m INFO[0m [1mnode[0m[1m{[0m[3mname[0m[2m=[0mk#99f25ef6..[1m}[0m[2m:[0m [2msui_core::checkpoints::checkpoint_output[0m[2m:[0m [2mcrates/sui-core/src/checkpoints/checkpoint_output.rs[0m[2m:[0m[2m149:[0m Creating checkpoint CheckpointDigest(F36fZnCkcTTe8rwqDhJqzUcL5orDsrBspHyB5zW7QUiE) at epoch 1, sequence 279, previous digest Some(CheckpointDigest(4Rg2pVbrApGcp4pgCu93N35Cq9LKnuY2A8kUnru3KCTZ)), transactions count 2, content digest CheckpointContentsDigest(GvxdJvCbZxCXKkDUcscxmWWSnZ3ZbnzoyeNGHwL2xCCM), end_of_epoch_data None
[2m2025-03-25T07:55:18.102152Z[0m [32m INFO[0m [1mnode[0m[1m{[0m[3mname[0m[2m=[0mk#addeef94..[1m}[0m[2m:[0m [2msui_core::checkpoints[0m[2m:[0m [2mcrates/sui-core/src/checkpoints/mod.rs[0m[2m:[0m[2m1326:[0m Creating checkpoint(s) for 2 transactions [3mnext_checkpoint_seq[0m[2m=[0m279 [3mcheckpoint_timestamp[0m[2m=[0m1742889317551
[2m2025-03-25T07:55:18.102392Z[0m [32m INFO[0m [1mnode[0m[1m{[0m[3mname[0m[2m=[0mk#addeef94..[1m}[0m[2m:[0m [2msui_core::checkpoints::checkpoint_output[0m[2m:[0m [2mcrates/sui-core/src/checkpoints/checkpoint_output.rs[0m[2m:[0m[2m149:[0m Creating checkpoint CheckpointDigest(F36fZnCkcTTe8rwqDhJqzUcL5orDsrBspHyB5zW7QUiE) at epoch 1, sequence 279, previous digest Some(CheckpointDigest(4Rg2pVbrApGcp4pgCu93N35Cq9LKnuY2A8kUnru3KCTZ)), transactions count 2, content digest CheckpointContentsDigest(GvxdJvCbZxCXKkDUcscxmWWSnZ3ZbnzoyeNGHwL2xCCM), end_of_epoch_data None
[2m2025-03-25T07:55:18.128019Z[0m [32m INFO[0m [1mnode[0m[1m{[0m[3mname[0m[2m=[0mk#b3f3cbb4..[1m}[0m[2m:[0m [2msui_core::state_accumulator[0m[2m:[0m [2mcrates/sui-core/src/state_accumulator.rs[0m[2m:[0m[2m675:[0m accumulating running root for checkpoint 277
auth_result: SuiTransactionBlockResponse { digest: TransactionDigest(CWMou58QYwh1dWxtBATREprSiym2qQqZBnmpGXBXzqPQ), transaction: None, raw_transaction: [], effects: Some(V1(SuiTransactionBlockEffectsV1 { status: Success, executed_epoch: 1, gas_used: SuiGasCostSummary { computation_cost: 100000, storage_cost: 20292000, storage_rebate: 0, non_refundable_storage_fee: 0 }, modified_at_versions: [SuiTransactionBlockEffectsModifiedAtVersions { object_id: 0x00000000000000000000000000000000000000000000000000000000000000c9, sequence_number: SequenceNumber(112) }, SuiTransactionBlockEffectsModifiedAtVersions { object_id: 0x059c5b653da3f627ad85b7947a1634ad3055f81b24125b7d9b23178b0146bfc6, sequence_number: SequenceNumber(1) }, SuiTransactionBlockEffectsModifiedAtVersions { object_id: 0x26b1572ce4c464d4497f44be111553a20c7cb6120876cfae8a114a6f02416e07, sequence_number: SequenceNumber(112) }], shared_objects: [SuiObjectRef { object_id: 0x00000000000000000000000000000000000000000000000000000000000000c9, version: SequenceNumber(112), digest: o#DTE4x8ciBujBBiZZUxWFgSbvZHTyrCPEY8qbh73tQKdr }], transaction_digest: TransactionDigest(CWMou58QYwh1dWxtBATREprSiym2qQqZBnmpGXBXzqPQ), created: [OwnedObjectRef { owner: AddressOwner(0x4ff42dd92612b14f109397416c3e5d362aee65d7d3459db1b80164f1f84a59c3), reference: SuiObjectRef { object_id: 0x033466314605b84c6ca70fb5e84f9a92330d583342208686318c405575051de7, version: SequenceNumber(113), digest: o#Cgx73Hxsze999y6odUUrgCSAEukUK5zFtcJQMXetGGS } }], mutated: [OwnedObjectRef { owner: Shared { initial_shared_version: SequenceNumber(1) }, reference: SuiObjectRef { object_id: 0x00000000000000000000000000000000000000000000000000000000000000c9, version: SequenceNumber(113), digest: o#H4w8BWosbUwj48svTG8CEP7LWVghQzcw6tYYU8hegsgk } }, OwnedObjectRef { owner: AddressOwner(0x4ff42dd92612b14f109397416c3e5d362aee65d7d3459db1b80164f1f84a59c3), reference: SuiObjectRef { object_id: 0x059c5b653da3f627ad85b7947a1634ad3055f81b24125b7d9b23178b0146bfc6, version: SequenceNumber(113), digest: o#54uXy1D5z8zEmDn5AX5ELnm3dVcP5Lbspafwmn1B9Vdn } }, OwnedObjectRef { owner: ObjectOwner(0x00000000000000000000000000000000000000000000000000000000000000c9), reference: SuiObjectRef { object_id: 0x26b1572ce4c464d4497f44be111553a20c7cb6120876cfae8a114a6f02416e07, version: SequenceNumber(113), digest: o#F3r2MbyuUFxsUq1Ucewk58yB6q2XGH3spxrrfe1mNJ8L } }], unwrapped: [], deleted: [], unwrapped_then_deleted: [], wrapped: [], gas_object: OwnedObjectRef { owner: AddressOwner(0x4ff42dd92612b14f109397416c3e5d362aee65d7d3459db1b80164f1f84a59c3), reference: SuiObjectRef { object_id: 0x059c5b653da3f627ad85b7947a1634ad3055f81b24125b7d9b23178b0146bfc6, version: SequenceNumber(113), digest: o#54uXy1D5z8zEmDn5AX5ELnm3dVcP5Lbspafwmn1B9Vdn } }, events_digest: None, dependencies: [TransactionDigest(5Hh2oRQHcto5xp2f7kVbFhPyQgw9UX8KpAWzpeNu3yvC), TransactionDigest(CZjVMajkjNeXkGbaU9Qh53fY16SGcTTLrfPAMkNjAa2G)] })), events: None, object_changes: None, balance_changes: None, timestamp_ms: None, confirmed_local_execution: Some(true), checkpoint: None, errors: [], raw_effects: [] }
[2m2025-03-25T07:55:18.135518Z[0m [32m INFO[0m [1mnode[0m[1m{[0m[3mname[0m[2m=[0mk#99f25ef6..[1m}[0m[2m:[0m [2msui_core::checkpoints::checkpoint_output[0m[2m:[0m [2mcrates/sui-core/src/checkpoints/checkpoint_output.rs[0m[2m:[0m[2m196:[0m Certified checkpoint with sequence 278 and digest 4Rg2pVbrApGcp4pgCu93N35Cq9LKnuY2A8kUnru3KCTZ
[2m2025-03-25T07:55:18.135975Z[0m [32m INFO[0m [1mnode[0m[1m{[0m[3mname[0m[2m=[0mk#99f25ef6..[1m}[0m[2m:[0m [2msui_core::checkpoints::checkpoint_executor[0m[2m:[0m [2mcrates/sui-core/src/checkpoints/checkpoint_executor/mod.rs[0m[2m:[0m[2m332:[0m Received checkpoint summary from state sync [3msequence_number[0m[2m=[0m278
[2m2025-03-25T07:55:18.136363Z[0m [32m INFO[0m [1mnode[0m[1m{[0m[3mname[0m[2m=[0mk#8dcff6d1..[1m}[0m[2m:[0m [2msui_core::checkpoints::checkpoint_output[0m[2m:[0m [2mcrates/sui-core/src/checkpoints/checkpoint_output.rs[0m[2m:[0m[2m196:[0m Certified checkpoint with sequence 278 and digest 4Rg2pVbrApGcp4pgCu93N35Cq9LKnuY2A8kUnru3KCTZ
[2m2025-03-25T07:55:18.136753Z[0m [32m INFO[0m [1mnode[0m[1m{[0m[3mname[0m[2m=[0mk#8dcff6d1..[1m}[0m[2m:[0m [2msui_core::checkpoints::checkpoint_executor[0m[2m:[0m [2mcrates/sui-core/src/checkpoints/checkpoint_executor/mod.rs[0m[2m:[0m[2m332:[0m Received checkpoint summary from state sync [3msequence_number[0m[2m=[0m278
[2m2025-03-25T07:55:18.137129Z[0m [32m INFO[0m [1mnode[0m[1m{[0m[3mname[0m[2m=[0mk#99f25ef6..[1m}[0m[2m:[0m [2msui_core::state_accumulator[0m[2m:[0m [2mcrates/sui-core/src/state_accumulator.rs[0m[2m:[0m[2m675:[0m accumulating running root for checkpoint 278
[2m2025-03-25T07:55:18.137730Z[0m [32m INFO[0m [1mnode[0m[1m{[0m[3mname[0m[2m=[0mk#8dcff6d1..[1m}[0m[2m:[0m [2msui_core::state_accumulator[0m[2m:[0m [2mcrates/sui-core/src/state_accumulator.rs[0m[2m:[0m[2m675:[0m accumulating running root for checkpoint 278
[2m2025-03-25T07:55:18.139005Z[0m [32m INFO[0m [1mnode[0m[1m{[0m[3mname[0m[2m=[0mk#addeef94..[1m}[0m[2m:[0m [2msui_core::checkpoints::checkpoint_executor[0m[2m:[0m [2mcrates/sui-core/src/checkpoints/checkpoint_executor/mod.rs[0m[2m:[0m[2m332:[0m Received checkpoint summary from state sync [3msequence_number[0m[2m=[0m278
[2m2025-03-25T07:55:18.139746Z[0m [32m INFO[0m [1mnode[0m[1m{[0m[3mname[0m[2m=[0mk#addeef94..[1m}[0m[2m:[0m [2msui_core::state_accumulator[0m[2m:[0m [2mcrates/sui-core/src/state_accumulator.rs[0m[2m:[0m[2m675:[0m accumulating running root for checkpoint 278
[2m2025-03-25T07:55:18.139982Z[0m [32m INFO[0m [1mnode[0m[1m{[0m[3mname[0m[2m=[0mk#b3f3cbb4..[1m}[0m[2m:[0m [2msui_core::checkpoints::checkpoint_executor[0m[2m:[0m [2mcrates/sui-core/src/checkpoints/checkpoint_executor/mod.rs[0m[2m:[0m[2m332:[0m Received checkpoint summary from state sync [3msequence_number[0m[2m=[0m278
[2m2025-03-25T07:55:18.165923Z[0m [32m INFO[0m [1mnode[0m[1m{[0m[3mname[0m[2m=[0mk#b3f3cbb4..[1m}[0m[2m:[0m [2msui_core::state_accumulator[0m[2m:[0m [2mcrates/sui-core/src/state_accumulator.rs[0m[2m:[0m[2m675:[0m accumulating running root for checkpoint 278
[2m2025-03-25T07:55:18.324533Z[0m [32m INFO[0m [1mnode[0m[1m{[0m[3mname[0m[2m=[0mk#8dcff6d1..[1m}[0m[2m:[0m [2mconsensus_core::core[0m[2m:[0m [2mconsensus/core/src/core.rs[0m[2m:[0m[2m945:[0m Included 3 ancestors & excluded 0 ancestors for proposal in round 76
[2m2025-03-25T07:55:18.324813Z[0m [32m INFO[0m [1mnode[0m[1m{[0m[3mname[0m[2m=[0mk#99f25ef6..[1m}[0m[2m:[0m [2mconsensus_core::core[0m[2m:[0m [2mconsensus/core/src/core.rs[0m[2m:[0m[2m945:[0m Included 3 ancestors & excluded 0 ancestors for proposal in round 76
[2m2025-03-25T07:55:18.325444Z[0m [32m INFO[0m [1mnode[0m[1m{[0m[3mname[0m[2m=[0mk#8dcff6d1..[1m}[0m[2m:[0m [2mconsensus_core::core[0m[2m:[0m [2mconsensus/core/src/core.rs[0m[2m:[0m[2m531:[0m Created block B76(A,OrgXERXGkqXIrJqsPtVEOu1fInEsQUuj6cwMgLA1KTY=)(1742889318324ms;[B75(A,9eKiNT3+xprHy35qF+Zqd3fOUG7qIrdRRBBbmLH2Ix4=), B75(B,IDdBjILriAU4sQ0PV8sQ9FGSe31cm8TmwXN4CW34MqA=), B75(C,yGkQNZ4yIiBBMDXMiXKpHcbnH6utfyHHu7SkkgOA+D8=)];1t;1c) for round 76
[2m2025-03-25T07:55:18.325591Z[0m [32m INFO[0m [1mnode[0m[1m{[0m[3mname[0m[2m=[0mk#99f25ef6..[1m}[0m[2m:[0m [2mconsensus_core::core[0m[2m:[0m [2mconsensus/core/src/core.rs[0m[2m:[0m[2m531:[0m Created block B76(B,sA2FDfzEan13l3TASfT85ddTvkA7FL5RbPKvcIUTYXU=)(1742889318324ms;[B75(B,IDdBjILriAU4sQ0PV8sQ9FGSe31cm8TmwXN4CW34MqA=), B75(A,9eKiNT3+xprHy35qF+Zqd3fOUG7qIrdRRBBbmLH2Ix4=), B75(C,yGkQNZ4yIiBBMDXMiXKpHcbnH6utfyHHu7SkkgOA+D8=)];1t;1c) for round 76
[2m2025-03-25T07:55:18.333008Z[0m [32m INFO[0m [1mnode[0m[1m{[0m[3mname[0m[2m=[0mk#addeef94..[1m}[0m[2m:[0m [2mconsensus_core::core[0m[2m:[0m [2mconsensus/core/src/core.rs[0m[2m:[0m[2m945:[0m Included 3 ancestors & excluded 0 ancestors for proposal in round 76
[2m2025-03-25T07:55:18.333609Z[0m [32m INFO[0m [1mnode[0m[1m{[0m[3mname[0m[2m=[0mk#addeef94..[1m}[0m[2m:[0m [2mconsensus_core::core[0m[2m:[0m [2mconsensus/core/src/core.rs[0m[2m:[0m[2m531:[0m Created block B76(C,5sDfOW2mrKnRDPm4k+DvSNEjY7/lQ4gCFbeKRwzU02k=)(1742889318333ms;[B75(C,yGkQNZ4yIiBBMDXMiXKpHcbnH6utfyHHu7SkkgOA+D8=), B75(A,9eKiNT3+xprHy35qF+Zqd3fOUG7qIrdRRBBbmLH2Ix4=), B75(B,IDdBjILriAU4sQ0PV8sQ9FGSe31cm8TmwXN4CW34MqA=)];1t;1c) for round 76
[2m2025-03-25T07:55:18.333745Z[0m [32m INFO[0m [1mnode[0m[1m{[0m[3mname[0m[2m=[0mk#addeef94..[1m}[0m[2m:[0m [2mconsensus_core::core[0m[2m:[0m [2mconsensus/core/src/core.rs[0m[2m:[0m[2m630:[0m Committing 1 leaders: B74(B,d1zG)
[2m2025-03-25T07:55:18.333889Z[0m [32m INFO[0m [1mnode[0m[1m{[0m[3mname[0m[2m=[0mk#addeef94..[1m}[0m[2m:[0m [2mconsensus_core::commit_observer[0m[2m:[0m [2mconsensus/core/src/commit_observer.rs[0m[2m:[0m[2m173:[0m Consensus commit C67(nB4H) with leader B74(B,d1zG) has 3 blocks
[2m2025-03-25T07:55:18.334055Z[0m [32m INFO[0m [1mnode[0m[1m{[0m[3mname[0m[2m=[0mk#addeef94..[1m}[0m[2m:[0m [2msui_core::consensus_handler[0m[2m:[0m [2mcrates/sui-core/src/consensus_handler.rs[0m[2m:[0m[2m232:[0m Received consensus output [3mconsensus_commit[0m[2m=[0mCommittedSubDag(leader=B74(B,d1zG), ref=C67(nB4H), blocks=[24np, 3kon, d1zG]) [3mepoch[0m[2m=[0m1
[2m2025-03-25T07:55:18.341689Z[0m [32m INFO[0m [1mnode[0m[1m{[0m[3mname[0m[2m=[0mk#99f25ef6..[1m}[0m[2m:[0m [2msui_core::checkpoints::checkpoint_output[0m[2m:[0m [2mcrates/sui-core/src/checkpoints/checkpoint_output.rs[0m[2m:[0m[2m196:[0m Certified checkpoint with sequence 279 and digest F36fZnCkcTTe8rwqDhJqzUcL5orDsrBspHyB5zW7QUiE
[2m2025-03-25T07:55:18.341897Z[0m [32m INFO[0m [1mnode[0m[1m{[0m[3mname[0m[2m=[0mk#99f25ef6..[1m}[0m[2m:[0m [2mconsensus_core::core[0m[2m:[0m [2mconsensus/core/src/core.rs[0m[2m:[0m[2m630:[0m Committing 1 leaders: B74(B,d1zG)
[2m2025-03-25T07:55:18.342083Z[0m [32m INFO[0m [1mnode[0m[1m{[0m[3mname[0m[2m=[0mk#99f25ef6..[1m}[0m[2m:[0m [2mconsensus_core::commit_observer[0m[2m:[0m [2mconsensus/core/src/commit_observer.rs[0m[2m:[0m[2m173:[0m Consensus commit C67(nB4H) with leader B74(B,d1zG) has 3 blocks
[2m2025-03-25T07:55:18.342073Z[0m [32m INFO[0m [1mnode[0m[1m{[0m[3mname[0m[2m=[0mk#8dcff6d1..[1m}[0m[2m:[0m [2msui_core::checkpoints::checkpoint_output[0m[2m:[0m [2mcrates/sui-core/src/checkpoints/checkpoint_output.rs[0m[2m:[0m[2m196:[0m Certified checkpoint with sequence 279 and digest F36fZnCkcTTe8rwqDhJqzUcL5orDsrBspHyB5zW7QUiE
[2m2025-03-25T07:55:18.342429Z[0m [32m INFO[0m [1mnode[0m[1m{[0m[3mname[0m[2m=[0mk#8dcff6d1..[1m}[0m[2m:[0m [2mconsensus_core::core[0m[2m:[0m [2mconsensus/core/src/core.rs[0m[2m:[0m[2m630:[0m Committing 1 leaders: B74(B,d1zG)
[2m2025-03-25T07:55:18.342596Z[0m [32m INFO[0m [1mnode[0m[1m{[0m[3mname[0m[2m=[0mk#8dcff6d1..[1m}[0m[2m:[0m [2mconsensus_core::commit_observer[0m[2m:[0m [2mconsensus/core/src/commit_observer.rs[0m[2m:[0m[2m173:[0m Consensus commit C67(nB4H) with leader B74(B,d1zG) has 3 blocks
[2m2025-03-25T07:55:18.342822Z[0m [32m INFO[0m [1mnode[0m[1m{[0m[3mname[0m[2m=[0mk#99f25ef6..[1m}[0m[2m:[0m [2msui_core::consensus_handler[0m[2m:[0m [2mcrates/sui-core/src/consensus_handler.rs[0m[2m:[0m[2m232:[0m Received consensus output [3mconsensus_commit[0m[2m=[0mCommittedSubDag(leader=B74(B,d1zG), ref=C67(nB4H), blocks=[24np, 3kon, d1zG]) [3mepoch[0m[2m=[0m1
[2m2025-03-25T07:55:18.343241Z[0m [32m INFO[0m [1mnode[0m[1m{[0m[3mname[0m[2m=[0mk#8dcff6d1..[1m}[0m[2m:[0m [2msui_core::consensus_handler[0m[2m:[0m [2mcrates/sui-core/src/consensus_handler.rs[0m[2m:[0m[2m232:[0m Received consensus output [3mconsensus_commit[0m[2m=[0mCommittedSubDag(leader=B74(B,d1zG), ref=C67(nB4H), blocks=[24np, 3kon, d1zG]) [3mepoch[0m[2m=[0m1
[2m2025-03-25T07:55:18.343909Z[0m [32m INFO[0m [1mnode[0m[1m{[0m[3mname[0m[2m=[0mk#99f25ef6..[1m}[0m[2m:[0m [2msui_core::checkpoints::checkpoint_executor[0m[2m:[0m [2mcrates/sui-core/src/checkpoints/checkpoint_executor/mod.rs[0m[2m:[0m[2m332:[0m Received checkpoint summary from state sync [3msequence_number[0m[2m=[0m279
[2m2025-03-25T07:55:18.344176Z[0m [32m INFO[0m [1mnode[0m[1m{[0m[3mname[0m[2m=[0mk#8dcff6d1..[1m}[0m[2m:[0m [2msui_core::checkpoints::checkpoint_executor[0m[2m:[0m [2mcrates/sui-core/src/checkpoints/checkpoint_executor/mod.rs[0m[2m:[0m[2m332:[0m Received checkpoint summary from state sync [3msequence_number[0m[2m=[0m279
[2m2025-03-25T07:55:18.362687Z[0m [32m INFO[0m [1mnode[0m[1m{[0m[3mname[0m[2m=[0mk#99f25ef6..[1m}[0m[2m:[0m [2msui_core::state_accumulator[0m[2m:[0m [2mcrates/sui-core/src/state_accumulator.rs[0m[2m:[0m[2m675:[0m accumulating running root for checkpoint 279
[2m2025-03-25T07:55:18.362687Z[0m [32m INFO[0m [1mnode[0m[1m{[0m[3mname[0m[2m=[0mk#8dcff6d1..[1m}[0m[2m:[0m [2msui_core::state_accumulator[0m[2m:[0m [2mcrates/sui-core/src/state_accumulator.rs[0m[2m:[0m[2m675:[0m accumulating running root for checkpoint 279
[2m2025-03-25T07:55:18.390741Z[0m [32m INFO[0m [1mnode[0m[1m{[0m[3mname[0m[2m=[0mk#addeef94..[1m}[0m[2m:[0m [2msui_core::checkpoints[0m[2m:[0m [2mcrates/sui-core/src/checkpoints/mod.rs[0m[2m:[0m[2m1326:[0m Creating checkpoint(s) for 1 transactions [3mnext_checkpoint_seq[0m[2m=[0m280 [3mcheckpoint_timestamp[0m[2m=[0m1742889317810
[2m2025-03-25T07:55:18.390985Z[0m [32m INFO[0m [1mnode[0m[1m{[0m[3mname[0m[2m=[0mk#addeef94..[1m}[0m[2m:[0m [2msui_core::checkpoints::checkpoint_output[0m[2m:[0m [2mcrates/sui-core/src/checkpoints/checkpoint_output.rs[0m[2m:[0m[2m149:[0m Creating checkpoint CheckpointDigest(6TC9VXkhhUCbeDETSpS9BBnnmUDNFQhc7qukvyFjdbz9) at epoch 1, sequence 280, previous digest Some(CheckpointDigest(F36fZnCkcTTe8rwqDhJqzUcL5orDsrBspHyB5zW7QUiE)), transactions count 1, content digest CheckpointContentsDigest(9B7YjdopFZQGChNdVhKzmbbRBAP5i3h63E6wLJUHTjeE), end_of_epoch_data None
[2m2025-03-25T07:55:18.397724Z[0m [32m INFO[0m [1mnode[0m[1m{[0m[3mname[0m[2m=[0mk#99f25ef6..[1m}[0m[2m:[0m [2msui_core::checkpoints[0m[2m:[0m [2mcrates/sui-core/src/checkpoints/mod.rs[0m[2m:[0m[2m1326:[0m Creating checkpoint(s) for 1 transactions [3mnext_checkpoint_seq[0m[2m=[0m280 [3mcheckpoint_timestamp[0m[2m=[0m1742889317810
[2m2025-03-25T07:55:18.397726Z[0m [32m INFO[0m [1mnode[0m[1m{[0m[3mname[0m[2m=[0mk#8dcff6d1..[1m}[0m[2m:[0m [2msui_core::checkpoints[0m[2m:[0m [2mcrates/sui-core/src/checkpoints/mod.rs[0m[2m:[0m[2m1326:[0m Creating checkpoint(s) for 1 transactions [3mnext_checkpoint_seq[0m[2m=[0m280 [3mcheckpoint_timestamp[0m[2m=[0m1742889317810
[2m2025-03-25T07:55:18.397906Z[0m [32m INFO[0m [1mnode[0m[1m{[0m[3mname[0m[2m=[0mk#99f25ef6..[1m}[0m[2m:[0m [2msui_core::checkpoints::checkpoint_output[0m[2m:[0m [2mcrates/sui-core/src/checkpoints/checkpoint_output.rs[0m[2m:[0m[2m149:[0m Creating checkpoint CheckpointDigest(6TC9VXkhhUCbeDETSpS9BBnnmUDNFQhc7qukvyFjdbz9) at epoch 1, sequence 280, previous digest Some(CheckpointDigest(F36fZnCkcTTe8rwqDhJqzUcL5orDsrBspHyB5zW7QUiE)), transactions count 1, content digest CheckpointContentsDigest(9B7YjdopFZQGChNdVhKzmbbRBAP5i3h63E6wLJUHTjeE), end_of_epoch_data None
[2m2025-03-25T07:55:18.397906Z[0m [32m INFO[0m [1mnode[0m[1m{[0m[3mname[0m[2m=[0mk#8dcff6d1..[1m}[0m[2m:[0m [2msui_core::checkpoints::checkpoint_output[0m[2m:[0m [2mcrates/sui-core/src/checkpoints/checkpoint_output.rs[0m[2m:[0m[2m149:[0m Creating checkpoint CheckpointDigest(6TC9VXkhhUCbeDETSpS9BBnnmUDNFQhc7qukvyFjdbz9) at epoch 1, sequence 280, previous digest Some(CheckpointDigest(F36fZnCkcTTe8rwqDhJqzUcL5orDsrBspHyB5zW7QUiE)), transactions count 1, content digest CheckpointContentsDigest(9B7YjdopFZQGChNdVhKzmbbRBAP5i3h63E6wLJUHTjeE), end_of_epoch_data None
[2m2025-03-25T07:55:18.412405Z[0m [32m INFO[0m [1mnode[0m[1m{[0m[3mname[0m[2m=[0mk#addeef94..[1m}[0m[2m:[0m [2msui_core::checkpoints::checkpoint_executor[0m[2m:[0m [2mcrates/sui-core/src/checkpoints/checkpoint_executor/mod.rs[0m[2m:[0m[2m332:[0m Received checkpoint summary from state sync [3msequence_number[0m[2m=[0m279
[2m2025-03-25T07:55:18.417299Z[0m [32m INFO[0m [1mnode[0m[1m{[0m[3mname[0m[2m=[0mk#b3f3cbb4..[1m}[0m[2m:[0m [2msui_core::checkpoints::checkpoint_executor[0m[2m:[0m [2mcrates/sui-core/src/checkpoints/checkpoint_executor/mod.rs[0m[2m:[0m[2m332:[0m Received checkpoint summary from state sync [3msequence_number[0m[2m=[0m279
[2m2025-03-25T07:55:18.458709Z[0m [32m INFO[0m [1mnode[0m[1m{[0m[3mname[0m[2m=[0mk#addeef94..[1m}[0m[2m:[0m [2msui_core::state_accumulator[0m[2m:[0m [2mcrates/sui-core/src/state_accumulator.rs[0m[2m:[0m[2m675:[0m accumulating running root for checkpoint 279
[2m2025-03-25T07:55:18.506970Z[0m [32m INFO[0m [1mnode[0m[1m{[0m[3mname[0m[2m=[0mk#b3f3cbb4..[1m}[0m[2m:[0m [2msui_core::state_accumulator[0m[2m:[0m [2mcrates/sui-core/src/state_accumulator.rs[0m[2m:[0m[2m675:[0m accumulating running root for checkpoint 279
[2m2025-03-25T07:55:18.587712Z[0m [32m INFO[0m [1mnode[0m[1m{[0m[3mname[0m[2m=[0mk#addeef94..[1m}[0m[2m:[0m [2mconsensus_core::core[0m[2m:[0m [2mconsensus/core/src/core.rs[0m[2m:[0m[2m945:[0m Included 3 ancestors & excluded 0 ancestors for proposal in round 77
[2m2025-03-25T07:55:18.588238Z[0m [32m INFO[0m [1mnode[0m[1m{[0m[3mname[0m[2m=[0mk#addeef94..[1m}[0m[2m:[0m [2mconsensus_core::core[0m[2m:[0m [2mconsensus/core/src/core.rs[0m[2m:[0m[2m531:[0m Created block B77(C,ODzV4A1qhySIoDN2Neqb6Qwj4NkBoz3WUuhkQvD3Ozs=)(1742889318587ms;[B76(C,5sDfOW2mrKnRDPm4k+DvSNEjY7/lQ4gCFbeKRwzU02k=), B76(A,OrgXERXGkqXIrJqsPtVEOu1fInEsQUuj6cwMgLA1KTY=), B76(B,sA2FDfzEan13l3TASfT85ddTvkA7FL5RbPKvcIUTYXU=)];1t;1c) for round 77
[2m2025-03-25T07:55:18.594227Z[0m [32m INFO[0m [1mnode[0m[1m{[0m[3mname[0m[2m=[0mk#99f25ef6..[1m}[0m[2m:[0m [2mconsensus_core::core[0m[2m:[0m [2mconsensus/core/src/core.rs[0m[2m:[0m[2m945:[0m Included 3 ancestors & excluded 0 ancestors for proposal in round 77
[2m2025-03-25T07:55:18.594227Z[0m [32m INFO[0m [1mnode[0m[1m{[0m[3mname[0m[2m=[0mk#8dcff6d1..[1m}[0m[2m:[0m [2mconsensus_core::core[0m[2m:[0m [2mconsensus/core/src/core.rs[0m[2m:[0m[2m945:[0m Included 3 ancestors & excluded 0 ancestors for proposal in round 77
[2m2025-03-25T07:55:18.594631Z[0m [32m INFO[0m [1mnode[0m[1m{[0m[3mname[0m[2m=[0mk#99f25ef6..[1m}[0m[2m:[0m [2mconsensus_core::core[0m[2m:[0m [2mconsensus/core/src/core.rs[0m[2m:[0m[2m531:[0m Created block B77(B,J0msE7AAacmMGbdSrXqOSJXwxHAB+1S1jIPlO78qPts=)(1742889318594ms;[B76(B,sA2FDfzEan13l3TASfT85ddTvkA7FL5RbPKvcIUTYXU=), B76(A,OrgXERXGkqXIrJqsPtVEOu1fInEsQUuj6cwMgLA1KTY=), B76(C,5sDfOW2mrKnRDPm4k+DvSNEjY7/lQ4gCFbeKRwzU02k=)];1t;1c) for round 77
[2m2025-03-25T07:55:18.594631Z[0m [32m INFO[0m [1mnode[0m[1m{[0m[3mname[0m[2m=[0mk#8dcff6d1..[1m}[0m[2m:[0m [2mconsensus_core::core[0m[2m:[0m [2mconsensus/core/src/core.rs[0m[2m:[0m[2m531:[0m Created block B77(A,WuQA7Z26xfhIADU7ZUKAfvBhtjLTUi3SCvV8iwizVRI=)(1742889318594ms;[B76(A,OrgXERXGkqXIrJqsPtVEOu1fInEsQUuj6cwMgLA1KTY=), B76(B,sA2FDfzEan13l3TASfT85ddTvkA7FL5RbPKvcIUTYXU=), B76(C,5sDfOW2mrKnRDPm4k+DvSNEjY7/lQ4gCFbeKRwzU02k=)];1t;1c) for round 77
[2m2025-03-25T07:55:18.594724Z[0m [32m INFO[0m [1mnode[0m[1m{[0m[3mname[0m[2m=[0mk#99f25ef6..[1m}[0m[2m:[0m [2mconsensus_core::core[0m[2m:[0m [2mconsensus/core/src/core.rs[0m[2m:[0m[2m630:[0m Committing 1 leaders: B75(C,yGkQ)
[2m2025-03-25T07:55:18.594724Z[0m [32m INFO[0m [1mnode[0m[1m{[0m[3mname[0m[2m=[0mk#8dcff6d1..[1m}[0m[2m:[0m [2mconsensus_core::core[0m[2m:[0m [2mconsensus/core/src/core.rs[0m[2m:[0m[2m630:[0m Committing 1 leaders: B75(C,yGkQ)
[2m2025-03-25T07:55:18.594827Z[0m [32m INFO[0m [1mnode[0m[1m{[0m[3mname[0m[2m=[0mk#99f25ef6..[1m}[0m[2m:[0m [2mconsensus_core::commit_observer[0m[2m:[0m [2mconsensus/core/src/commit_observer.rs[0m[2m:[0m[2m173:[0m Consensus commit C68(9C2y) with leader B75(C,yGkQ) has 3 blocks
[2m2025-03-25T07:55:18.594827Z[0m [32m INFO[0m [1mnode[0m[1m{[0m[3mname[0m[2m=[0mk#8dcff6d1..[1m}[0m[2m:[0m [2mconsensus_core::commit_observer[0m[2m:[0m [2mconsensus/core/src/commit_observer.rs[0m[2m:[0m[2m173:[0m Consensus commit C68(9C2y) with leader B75(C,yGkQ) has 3 blocks
[2m2025-03-25T07:55:18.594939Z[0m [32m INFO[0m [1mnode[0m[1m{[0m[3mname[0m[2m=[0mk#99f25ef6..[1m}[0m[2m:[0m [2msui_core::consensus_handler[0m[2m:[0m [2mcrates/sui-core/src/consensus_handler.rs[0m[2m:[0m[2m232:[0m Received consensus output [3mconsensus_commit[0m[2m=[0mCommittedSubDag(leader=B75(C,yGkQ), ref=C68(9C2y), blocks=[kS6H, IchY, yGkQ]) [3mepoch[0m[2m=[0m1
[2m2025-03-25T07:55:18.594939Z[0m [32m INFO[0m [1mnode[0m[1m{[0m[3mname[0m[2m=[0mk#8dcff6d1..[1m}[0m[2m:[0m [2msui_core::consensus_handler[0m[2m:[0m [2mcrates/sui-core/src/consensus_handler.rs[0m[2m:[0m[2m232:[0m Received consensus output [3mconsensus_commit[0m[2m=[0mCommittedSubDag(leader=B75(C,yGkQ), ref=C68(9C2y), blocks=[kS6H, IchY, yGkQ]) [3mepoch[0m[2m=[0m1
[2m2025-03-25T07:55:18.599519Z[0m [32m INFO[0m [1mnode[0m[1m{[0m[3mname[0m[2m=[0mk#addeef94..[1m}[0m[2m:[0m [2mconsensus_core::core[0m[2m:[0m [2mconsensus/core/src/core.rs[0m[2m:[0m[2m630:[0m Committing 1 leaders: B75(C,yGkQ)
[2m2025-03-25T07:55:18.599633Z[0m [32m INFO[0m [1mnode[0m[1m{[0m[3mname[0m[2m=[0mk#addeef94..[1m}[0m[2m:[0m [2mconsensus_core::commit_observer[0m[2m:[0m [2mconsensus/core/src/commit_observer.rs[0m[2m:[0m[2m173:[0m Consensus commit C68(9C2y) with leader B75(C,yGkQ) has 3 blocks
[2m2025-03-25T07:55:18.599794Z[0m [32m INFO[0m [1mnode[0m[1m{[0m[3mname[0m[2m=[0mk#addeef94..[1m}[0m[2m:[0m [2msui_core::consensus_handler[0m[2m:[0m [2mcrates/sui-core/src/consensus_handler.rs[0m[2m:[0m[2m232:[0m Received consensus output [3mconsensus_commit[0m[2m=[0mCommittedSubDag(leader=B75(C,yGkQ), ref=C68(9C2y), blocks=[kS6H, IchY, yGkQ]) [3mepoch[0m[2m=[0m1
[2m2025-03-25T07:55:18.625548Z[0m [32m INFO[0m [1mnode[0m[1m{[0m[3mname[0m[2m=[0mk#8dcff6d1..[1m}[0m[2m:[0m [2msui_core::checkpoints[0m[2m:[0m [2mcrates/sui-core/src/checkpoints/mod.rs[0m[2m:[0m[2m1326:[0m Creating checkpoint(s) for 2 transactions [3mnext_checkpoint_seq[0m[2m=[0m281 [3mcheckpoint_timestamp[0m[2m=[0m1742889318069
[2m2025-03-25T07:55:18.625548Z[0m [32m INFO[0m [1mnode[0m[1m{[0m[3mname[0m[2m=[0mk#99f25ef6..[1m}[0m[2m:[0m [2msui_core::checkpoints[0m[2m:[0m [2mcrates/sui-core/src/checkpoints/mod.rs[0m[2m:[0m[2m1326:[0m Creating checkpoint(s) for 2 transactions [3mnext_checkpoint_seq[0m[2m=[0m281 [3mcheckpoint_timestamp[0m[2m=[0m1742889318069
[2m2025-03-25T07:55:18.625860Z[0m [32m INFO[0m [1mnode[0m[1m{[0m[3mname[0m[2m=[0mk#99f25ef6..[1m}[0m[2m:[0m [2msui_core::checkpoints::checkpoint_output[0m[2m:[0m [2mcrates/sui-core/src/checkpoints/checkpoint_output.rs[0m[2m:[0m[2m149:[0m Creating checkpoint CheckpointDigest(5oPJbQg9Vm3tsghwZUcvwtymyTDQZDhDt4cbrzq41RCp) at epoch 1, sequence 281, previous digest Some(CheckpointDigest(6TC9VXkhhUCbeDETSpS9BBnnmUDNFQhc7qukvyFjdbz9)), transactions count 2, content digest CheckpointContentsDigest(Bt242fNPMuYqyVu2xNizNpBvWqXhZWpotM2GErWtHAUf), end_of_epoch_data None
[2m2025-03-25T07:55:18.625860Z[0m [32m INFO[0m [1mnode[0m[1m{[0m[3mname[0m[2m=[0mk#8dcff6d1..[1m}[0m[2m:[0m [2msui_core::checkpoints::checkpoint_output[0m[2m:[0m [2mcrates/sui-core/src/checkpoints/checkpoint_output.rs[0m[2m:[0m[2m149:[0m Creating checkpoint CheckpointDigest(5oPJbQg9Vm3tsghwZUcvwtymyTDQZDhDt4cbrzq41RCp) at epoch 1, sequence 281, previous digest Some(CheckpointDigest(6TC9VXkhhUCbeDETSpS9BBnnmUDNFQhc7qukvyFjdbz9)), transactions count 2, content digest CheckpointContentsDigest(Bt242fNPMuYqyVu2xNizNpBvWqXhZWpotM2GErWtHAUf), end_of_epoch_data None
[2m2025-03-25T07:55:18.628911Z[0m [32m INFO[0m [1mnode[0m[1m{[0m[3mname[0m[2m=[0mk#99f25ef6..[1m}[0m[2m:[0m [2msui_core::checkpoints::checkpoint_output[0m[2m:[0m [2mcrates/sui-core/src/checkpoints/checkpoint_output.rs[0m[2m:[0m[2m196:[0m Certified checkpoint with sequence 280 and digest 6TC9VXkhhUCbeDETSpS9BBnnmUDNFQhc7qukvyFjdbz9
[2m2025-03-25T07:55:18.628917Z[0m [32m INFO[0m [1mnode[0m[1m{[0m[3mname[0m[2m=[0mk#8dcff6d1..[1m}[0m[2m:[0m [2msui_core::checkpoints::checkpoint_output[0m[2m:[0m [2mcrates/sui-core/src/checkpoints/checkpoint_output.rs[0m[2m:[0m[2m196:[0m Certified checkpoint with sequence 280 and digest 6TC9VXkhhUCbeDETSpS9BBnnmUDNFQhc7qukvyFjdbz9
[2m2025-03-25T07:55:18.628968Z[0m [32m INFO[0m [1mnode[0m[1m{[0m[3mname[0m[2m=[0mk#addeef94..[1m}[0m[2m:[0m [2msui_core::checkpoints[0m[2m:[0m [2mcrates/sui-core/src/checkpoints/mod.rs[0m[2m:[0m[2m1326:[0m Creating checkpoint(s) for 2 transactions [3mnext_checkpoint_seq[0m[2m=[0m281 [3mcheckpoint_timestamp[0m[2m=[0m1742889318069
[2m2025-03-25T07:55:18.629218Z[0m [32m INFO[0m [1mnode[0m[1m{[0m[3mname[0m[2m=[0mk#addeef94..[1m}[0m[2m:[0m [2msui_core::checkpoints::checkpoint_output[0m[2m:[0m [2mcrates/sui-core/src/checkpoints/checkpoint_output.rs[0m[2m:[0m[2m149:[0m Creating checkpoint CheckpointDigest(5oPJbQg9Vm3tsghwZUcvwtymyTDQZDhDt4cbrzq41RCp) at epoch 1, sequence 281, previous digest Some(CheckpointDigest(6TC9VXkhhUCbeDETSpS9BBnnmUDNFQhc7qukvyFjdbz9)), transactions count 2, content digest CheckpointContentsDigest(Bt242fNPMuYqyVu2xNizNpBvWqXhZWpotM2GErWtHAUf), end_of_epoch_data None
[2m2025-03-25T07:55:18.629351Z[0m [32m INFO[0m [1mnode[0m[1m{[0m[3mname[0m[2m=[0mk#99f25ef6..[1m}[0m[2m:[0m [2msui_core::checkpoints::checkpoint_executor[0m[2m:[0m [2mcrates/sui-core/src/checkpoints/checkpoint_executor/mod.rs[0m[2m:[0m[2m332:[0m Received checkpoint summary from state sync [3msequence_number[0m[2m=[0m280
[2m2025-03-25T07:55:18.629351Z[0m [32m INFO[0m [1mnode[0m[1m{[0m[3mname[0m[2m=[0mk#8dcff6d1..[1m}[0m[2m:[0m [2msui_core::checkpoints::checkpoint_executor[0m[2m:[0m [2mcrates/sui-core/src/checkpoints/checkpoint_executor/mod.rs[0m[2m:[0m[2m332:[0m Received checkpoint summary from state sync [3msequence_number[0m[2m=[0m280
[2m2025-03-25T07:55:18.630501Z[0m [32m INFO[0m [1mnode[0m[1m{[0m[3mname[0m[2m=[0mk#8dcff6d1..[1m}[0m[2m:[0m [2msui_core::state_accumulator[0m[2m:[0m [2mcrates/sui-core/src/state_accumulator.rs[0m[2m:[0m[2m675:[0m accumulating running root for checkpoint 280
[2m2025-03-25T07:55:18.630502Z[0m [32m INFO[0m [1mnode[0m[1m{[0m[3mname[0m[2m=[0mk#99f25ef6..[1m}[0m[2m:[0m [2msui_core::state_accumulator[0m[2m:[0m [2mcrates/sui-core/src/state_accumulator.rs[0m[2m:[0m[2m675:[0m accumulating running root for checkpoint 280
[2m2025-03-25T07:55:18.632711Z[0m [32m INFO[0m [1mnode[0m[1m{[0m[3mname[0m[2m=[0mk#addeef94..[1m}[0m[2m:[0m [2msui_core::checkpoints::checkpoint_executor[0m[2m:[0m [2mcrates/sui-core/src/checkpoints/checkpoint_executor/mod.rs[0m[2m:[0m[2m332:[0m Received checkpoint summary from state sync [3msequence_number[0m[2m=[0m280
[2m2025-03-25T07:55:18.633444Z[0m [32m INFO[0m [1mnode[0m[1m{[0m[3mname[0m[2m=[0mk#addeef94..[1m}[0m[2m:[0m [2msui_core::state_accumulator[0m[2m:[0m [2mcrates/sui-core/src/state_accumulator.rs[0m[2m:[0m[2m675:[0m accumulating running root for checkpoint 280
[2m2025-03-25T07:55:18.633674Z[0m [32m INFO[0m [1mnode[0m[1m{[0m[3mname[0m[2m=[0mk#b3f3cbb4..[1m}[0m[2m:[0m [2msui_core::checkpoints::checkpoint_executor[0m[2m:[0m [2mcrates/sui-core/src/checkpoints/checkpoint_executor/mod.rs[0m[2m:[0m[2m332:[0m Received checkpoint summary from state sync [3msequence_number[0m[2m=[0m280
[2m2025-03-25T07:55:18.659530Z[0m [32m INFO[0m [1mnode[0m[1m{[0m[3mname[0m[2m=[0mk#b3f3cbb4..[1m}[0m[2m:[0m [2msui_core::state_accumulator[0m[2m:[0m [2mcrates/sui-core/src/state_accumulator.rs[0m[2m:[0m[2m675:[0m accumulating running root for checkpoint 280
[2m2025-03-25T07:55:18.847272Z[0m [32m INFO[0m [1mnode[0m[1m{[0m[3mname[0m[2m=[0mk#8dcff6d1..[1m}[0m[2m:[0m [2mconsensus_core::core[0m[2m:[0m [2mconsensus/core/src/core.rs[0m[2m:[0m[2m945:[0m Included 3 ancestors & excluded 0 ancestors for proposal in round 78
[2m2025-03-25T07:55:18.847272Z[0m [32m INFO[0m [1mnode[0m[1m{[0m[3mname[0m[2m=[0mk#99f25ef6..[1m}[0m[2m:[0m [2mconsensus_core::core[0m[2m:[0m [2mconsensus/core/src/core.rs[0m[2m:[0m[2m945:[0m Included 3 ancestors & excluded 0 ancestors for proposal in round 78
[2m2025-03-25T07:55:18.848154Z[0m [32m INFO[0m [1mnode[0m[1m{[0m[3mname[0m[2m=[0mk#8dcff6d1..[1m}[0m[2m:[0m [2mconsensus_core::core[0m[2m:[0m [2mconsensus/core/src/core.rs[0m[2m:[0m[2m531:[0m Created block B78(A,c808weMsP7ED7HL7ps8q0QXQLeSlQYF5WOL763Ykvb8=)(1742889318847ms;[B77(A,WuQA7Z26xfhIADU7ZUKAfvBhtjLTUi3SCvV8iwizVRI=), B77(B,J0msE7AAacmMGbdSrXqOSJXwxHAB+1S1jIPlO78qPts=), B77(C,ODzV4A1qhySIoDN2Neqb6Qwj4NkBoz3WUuhkQvD3Ozs=)];1t;1c) for round 78
[2m2025-03-25T07:55:18.848155Z[0m [32m INFO[0m [1mnode[0m[1m{[0m[3mname[0m[2m=[0mk#99f25ef6..[1m}[0m[2m:[0m [2mconsensus_core::core[0m[2m:[0m [2mconsensus/core/src/core.rs[0m[2m:[0m[2m531:[0m Created block B78(B,bL/Sco+X48x46OulekJ/yhkOpXjRQI+5wugUf0L/FoY=)(1742889318847ms;[B77(B,J0msE7AAacmMGbdSrXqOSJXwxHAB+1S1jIPlO78qPts=), B77(A,WuQA7Z26xfhIADU7ZUKAfvBhtjLTUi3SCvV8iwizVRI=), B77(C,ODzV4A1qhySIoDN2Neqb6Qwj4NkBoz3WUuhkQvD3Ozs=)];1t;1c) for round 78
[2m2025-03-25T07:55:18.856315Z[0m [32m INFO[0m [1mnode[0m[1m{[0m[3mname[0m[2m=[0mk#addeef94..[1m}[0m[2m:[0m [2mconsensus_core::core[0m[2m:[0m [2mconsensus/core/src/core.rs[0m[2m:[0m[2m945:[0m Included 3 ancestors & excluded 0 ancestors for proposal in round 78
[2m2025-03-25T07:55:18.856985Z[0m [32m INFO[0m [1mnode[0m[1m{[0m[3mname[0m[2m=[0mk#addeef94..[1m}[0m[2m:[0m [2mconsensus_core::core[0m[2m:[0m [2mconsensus/core/src/core.rs[0m[2m:[0m[2m531:[0m Created block B78(C,O5ofeea5GvJS9WutmzSRGieZHtxyCZAv4m03TBTFvyc=)(1742889318856ms;[B77(C,ODzV4A1qhySIoDN2Neqb6Qwj4NkBoz3WUuhkQvD3Ozs=), B77(A,WuQA7Z26xfhIADU7ZUKAfvBhtjLTUi3SCvV8iwizVRI=), B77(B,J0msE7AAacmMGbdSrXqOSJXwxHAB+1S1jIPlO78qPts=)];1t;1c) for round 78
[2m2025-03-25T07:55:18.857129Z[0m [32m INFO[0m [1mnode[0m[1m{[0m[3mname[0m[2m=[0mk#addeef94..[1m}[0m[2m:[0m [2mconsensus_core::core[0m[2m:[0m [2mconsensus/core/src/core.rs[0m[2m:[0m[2m630:[0m Committing 1 leaders: B76(B,sA2F)
[2m2025-03-25T07:55:18.857270Z[0m [32m INFO[0m [1mnode[0m[1m{[0m[3mname[0m[2m=[0mk#addeef94..[1m}[0m[2m:[0m [2mconsensus_core::commit_observer[0m[2m:[0m [2mconsensus/core/src/commit_observer.rs[0m[2m:[0m[2m173:[0m Consensus commit C69(vdvO) with leader B76(B,sA2F) has 3 blocks
[2m2025-03-25T07:55:18.857432Z[0m [32m INFO[0m [1mnode[0m[1m{[0m[3mname[0m[2m=[0mk#addeef94..[1m}[0m[2m:[0m [2msui_core::consensus_handler[0m[2m:[0m [2mcrates/sui-core/src/consensus_handler.rs[0m[2m:[0m[2m232:[0m Received consensus output [3mconsensus_commit[0m[2m=[0mCommittedSubDag(leader=B76(B,sA2F), ref=C69(vdvO), blocks=[9eKi, IDdB, sA2F]) [3mepoch[0m[2m=[0m1
[2m2025-03-25T07:55:18.863169Z[0m [32m INFO[0m [1mnode[0m[1m{[0m[3mname[0m[2m=[0mk#99f25ef6..[1m}[0m[2m:[0m [2msui_core::checkpoints::checkpoint_output[0m[2m:[0m [2mcrates/sui-core/src/checkpoints/checkpoint_output.rs[0m[2m:[0m[2m196:[0m Certified checkpoint with sequence 281 and digest 5oPJbQg9Vm3tsghwZUcvwtymyTDQZDhDt4cbrzq41RCp
[2m2025-03-25T07:55:18.863194Z[0m [32m INFO[0m [1mnode[0m[1m{[0m[3mname[0m[2m=[0mk#8dcff6d1..[1m}[0m[2m:[0m [2msui_core::checkpoints::checkpoint_output[0m[2m:[0m [2mcrates/sui-core/src/checkpoints/checkpoint_output.rs[0m[2m:[0m[2m196:[0m Certified checkpoint with sequence 281 and digest 5oPJbQg9Vm3tsghwZUcvwtymyTDQZDhDt4cbrzq41RCp
[2m2025-03-25T07:55:18.863369Z[0m [32m INFO[0m [1mnode[0m[1m{[0m[3mname[0m[2m=[0mk#99f25ef6..[1m}[0m[2m:[0m [2mconsensus_core::core[0m[2m:[0m [2mconsensus/core/src/core.rs[0m[2m:[0m[2m630:[0m Committing 1 leaders: B76(B,sA2F)
[2m2025-03-25T07:55:18.863391Z[0m [32m INFO[0m [1mnode[0m[1m{[0m[3mname[0m[2m=[0mk#8dcff6d1..[1m}[0m[2m:[0m [2mconsensus_core::core[0m[2m:[0m [2mconsensus/core/src/core.rs[0m[2m:[0m[2m630:[0m Committing 1 leaders: B76(B,sA2F)
[2m2025-03-25T07:55:18.863555Z[0m [32m INFO[0m [1mnode[0m[1m{[0m[3mname[0m[2m=[0mk#99f25ef6..[1m}[0m[2m:[0m [2mconsensus_core::commit_observer[0m[2m:[0m [2mconsensus/core/src/commit_observer.rs[0m[2m:[0m[2m173:[0m Consensus commit C69(vdvO) with leader B76(B,sA2F) has 3 blocks
[2m2025-03-25T07:55:18.863580Z[0m [32m INFO[0m [1mnode[0m[1m{[0m[3mname[0m[2m=[0mk#8dcff6d1..[1m}[0m[2m:[0m [2mconsensus_core::commit_observer[0m[2m:[0m [2mconsensus/core/src/commit_observer.rs[0m[2m:[0m[2m173:[0m Consensus commit C69(vdvO) with leader B76(B,sA2F) has 3 blocks
[2m2025-03-25T07:55:18.864284Z[0m [32m INFO[0m [1mnode[0m[1m{[0m[3mname[0m[2m=[0mk#99f25ef6..[1m}[0m[2m:[0m [2msui_core::consensus_handler[0m[2m:[0m [2mcrates/sui-core/src/consensus_handler.rs[0m[2m:[0m[2m232:[0m Received consensus output [3mconsensus_commit[0m[2m=[0mCommittedSubDag(leader=B76(B,sA2F), ref=C69(vdvO), blocks=[9eKi, IDdB, sA2F]) [3mepoch[0m[2m=[0m1
[2m2025-03-25T07:55:18.864285Z[0m [32m INFO[0m [1mnode[0m[1m{[0m[3mname[0m[2m=[0mk#8dcff6d1..[1m}[0m[2m:[0m [2msui_core::consensus_handler[0m[2m:[0m [2mcrates/sui-core/src/consensus_handler.rs[0m[2m:[0m[2m232:[0m Received consensus output [3mconsensus_commit[0m[2m=[0mCommittedSubDag(leader=B76(B,sA2F), ref=C69(vdvO), blocks=[9eKi, IDdB, sA2F]) [3mepoch[0m[2m=[0m1
[2m2025-03-25T07:55:18.865265Z[0m [32m INFO[0m [1mnode[0m[1m{[0m[3mname[0m[2m=[0mk#99f25ef6..[1m}[0m[2m:[0m [2msui_core::checkpoints::checkpoint_executor[0m[2m:[0m [2mcrates/sui-core/src/checkpoints/checkpoint_executor/mod.rs[0m[2m:[0m[2m332:[0m Received checkpoint summary from state sync [3msequence_number[0m[2m=[0m281
[2m2025-03-25T07:55:18.865269Z[0m [32m INFO[0m [1mnode[0m[1m{[0m[3mname[0m[2m=[0mk#8dcff6d1..[1m}[0m[2m:[0m [2msui_core::checkpoints::checkpoint_executor[0m[2m:[0m [2mcrates/sui-core/src/checkpoints/checkpoint_executor/mod.rs[0m[2m:[0m[2m332:[0m Received checkpoint summary from state sync [3msequence_number[0m[2m=[0m281
[2m2025-03-25T07:55:18.884884Z[0m [32m INFO[0m [1mnode[0m[1m{[0m[3mname[0m[2m=[0mk#99f25ef6..[1m}[0m[2m:[0m [2msui_core::state_accumulator[0m[2m:[0m [2mcrates/sui-core/src/state_accumulator.rs[0m[2m:[0m[2m675:[0m accumulating running root for checkpoint 281
[2m2025-03-25T07:55:18.884886Z[0m [32m INFO[0m [1mnode[0m[1m{[0m[3mname[0m[2m=[0mk#8dcff6d1..[1m}[0m[2m:[0m [2msui_core::state_accumulator[0m[2m:[0m [2mcrates/sui-core/src/state_accumulator.rs[0m[2m:[0m[2m675:[0m accumulating running root for checkpoint 281
[2m2025-03-25T07:55:18.914390Z[0m [32m INFO[0m [1mnode[0m[1m{[0m[3mname[0m[2m=[0mk#addeef94..[1m}[0m[2m:[0m [2msui_core::checkpoints[0m[2m:[0m [2mcrates/sui-core/src/checkpoints/mod.rs[0m[2m:[0m[2m1326:[0m Creating checkpoint(s) for 1 transactions [3mnext_checkpoint_seq[0m[2m=[0m282 [3mcheckpoint_timestamp[0m[2m=[0m1742889318324
[2m2025-03-25T07:55:18.914621Z[0m [32m INFO[0m [1mnode[0m[1m{[0m[3mname[0m[2m=[0mk#addeef94..[1m}[0m[2m:[0m [2msui_core::checkpoints::checkpoint_output[0m[2m:[0m [2mcrates/sui-core/src/checkpoints/checkpoint_output.rs[0m[2m:[0m[2m149:[0m Creating checkpoint CheckpointDigest(9rL7LdX7juBTunqfGpFyiLGuSEUCU69iEwbD1S31L85N) at epoch 1, sequence 282, previous digest Some(CheckpointDigest(5oPJbQg9Vm3tsghwZUcvwtymyTDQZDhDt4cbrzq41RCp)), transactions count 1, content digest CheckpointContentsDigest(6UrVNveMgXGeeKY7o81UyBM1xgtn7vBMDQRRcSonwY3T), end_of_epoch_data None
[2m2025-03-25T07:55:18.919438Z[0m [32m INFO[0m [1mnode[0m[1m{[0m[3mname[0m[2m=[0mk#99f25ef6..[1m}[0m[2m:[0m [2msui_core::checkpoints[0m[2m:[0m [2mcrates/sui-core/src/checkpoints/mod.rs[0m[2m:[0m[2m1326:[0m Creating checkpoint(s) for 1 transactions [3mnext_checkpoint_seq[0m[2m=[0m282 [3mcheckpoint_timestamp[0m[2m=[0m1742889318324
[2m2025-03-25T07:55:18.919440Z[0m [32m INFO[0m [1mnode[0m[1m{[0m[3mname[0m[2m=[0mk#8dcff6d1..[1m}[0m[2m:[0m [2msui_core::checkpoints[0m[2m:[0m [2mcrates/sui-core/src/checkpoints/mod.rs[0m[2m:[0m[2m1326:[0m Creating checkpoint(s) for 1 transactions [3mnext_checkpoint_seq[0m[2m=[0m282 [3mcheckpoint_timestamp[0m[2m=[0m1742889318324
[2m2025-03-25T07:55:18.919616Z[0m [32m INFO[0m [1mnode[0m[1m{[0m[3mname[0m[2m=[0mk#99f25ef6..[1m}[0m[2m:[0m [2msui_core::checkpoints::checkpoint_output[0m[2m:[0m [2mcrates/sui-core/src/checkpoints/checkpoint_output.rs[0m[2m:[0m[2m149:[0m Creating checkpoint CheckpointDigest(9rL7LdX7juBTunqfGpFyiLGuSEUCU69iEwbD1S31L85N) at epoch 1, sequence 282, previous digest Some(CheckpointDigest(5oPJbQg9Vm3tsghwZUcvwtymyTDQZDhDt4cbrzq41RCp)), transactions count 1, content digest CheckpointContentsDigest(6UrVNveMgXGeeKY7o81UyBM1xgtn7vBMDQRRcSonwY3T), end_of_epoch_data None
[2m2025-03-25T07:55:18.919617Z[0m [32m INFO[0m [1mnode[0m[1m{[0m[3mname[0m[2m=[0mk#8dcff6d1..[1m}[0m[2m:[0m [2msui_core::checkpoints::checkpoint_output[0m[2m:[0m [2mcrates/sui-core/src/checkpoints/checkpoint_output.rs[0m[2m:[0m[2m149:[0m Creating checkpoint CheckpointDigest(9rL7LdX7juBTunqfGpFyiLGuSEUCU69iEwbD1S31L85N) at epoch 1, sequence 282, previous digest Some(CheckpointDigest(5oPJbQg9Vm3tsghwZUcvwtymyTDQZDhDt4cbrzq41RCp)), transactions count 1, content digest CheckpointContentsDigest(6UrVNveMgXGeeKY7o81UyBM1xgtn7vBMDQRRcSonwY3T), end_of_epoch_data None
[2m2025-03-25T07:55:18.940786Z[0m [32m INFO[0m [1mnode[0m[1m{[0m[3mname[0m[2m=[0mk#b3f3cbb4..[1m}[0m[2m:[0m [2msui_core::checkpoints::checkpoint_executor[0m[2m:[0m [2mcrates/sui-core/src/checkpoints/checkpoint_executor/mod.rs[0m[2m:[0m[2m332:[0m Received checkpoint summary from state sync [3msequence_number[0m[2m=[0m281
[2m2025-03-25T07:55:18.980825Z[0m [32m INFO[0m [1mnode[0m[1m{[0m[3mname[0m[2m=[0mk#addeef94..[1m}[0m[2m:[0m [2msui_core::checkpoints::checkpoint_executor[0m[2m:[0m [2mcrates/sui-core/src/checkpoints/checkpoint_executor/mod.rs[0m[2m:[0m[2m332:[0m Received checkpoint summary from state sync [3msequence_number[0m[2m=[0m281
[2m2025-03-25T07:55:18.982181Z[0m [32m INFO[0m [1mnode[0m[1m{[0m[3mname[0m[2m=[0mk#addeef94..[1m}[0m[2m:[0m [2msui_core::state_accumulator[0m[2m:[0m [2mcrates/sui-core/src/state_accumulator.rs[0m[2m:[0m[2m675:[0m accumulating running root for checkpoint 281
[2m2025-03-25T07:55:19.030295Z[0m [32m INFO[0m [1mnode[0m[1m{[0m[3mname[0m[2m=[0mk#b3f3cbb4..[1m}[0m[2m:[0m [2msui_core::state_accumulator[0m[2m:[0m [2mcrates/sui-core/src/state_accumulator.rs[0m[2m:[0m[2m675:[0m accumulating running root for checkpoint 281
[2m2025-03-25T07:55:19.111086Z[0m [32m INFO[0m [1mnode[0m[1m{[0m[3mname[0m[2m=[0mk#addeef94..[1m}[0m[2m:[0m [2mconsensus_core::core[0m[2m:[0m [2mconsensus/core/src/core.rs[0m[2m:[0m[2m945:[0m Included 3 ancestors & excluded 0 ancestors for proposal in round 79
[2m2025-03-25T07:55:19.111618Z[0m [32m INFO[0m [1mnode[0m[1m{[0m[3mname[0m[2m=[0mk#addeef94..[1m}[0m[2m:[0m [2mconsensus_core::core[0m[2m:[0m [2mconsensus/core/src/core.rs[0m[2m:[0m[2m531:[0m Created block B79(C,F/hKv86v5yuTL8rV6cEATbwuIfSEFsvjF8GWW/dWsAw=)(1742889319111ms;[B78(C,O5ofeea5GvJS9WutmzSRGieZHtxyCZAv4m03TBTFvyc=), B78(A,c808weMsP7ED7HL7ps8q0QXQLeSlQYF5WOL763Ykvb8=), B78(B,bL/Sco+X48x46OulekJ/yhkOpXjRQI+5wugUf0L/FoY=)];1t;1c) for round 79
[2m2025-03-25T07:55:19.115419Z[0m [32m INFO[0m [1mnode[0m[1m{[0m[3mname[0m[2m=[0mk#99f25ef6..[1m}[0m[2m:[0m [2mconsensus_core::core[0m[2m:[0m [2mconsensus/core/src/core.rs[0m[2m:[0m[2m945:[0m Included 3 ancestors & excluded 0 ancestors for proposal in round 79
[2m2025-03-25T07:55:19.115420Z[0m [32m INFO[0m [1mnode[0m[1m{[0m[3mname[0m[2m=[0mk#8dcff6d1..[1m}[0m[2m:[0m [2mconsensus_core::core[0m[2m:[0m [2mconsensus/core/src/core.rs[0m[2m:[0m[2m945:[0m Included 3 ancestors & excluded 0 ancestors for proposal in round 79
[2m2025-03-25T07:55:19.115800Z[0m [32m INFO[0m [1mnode[0m[1m{[0m[3mname[0m[2m=[0mk#99f25ef6..[1m}[0m[2m:[0m [2mconsensus_core::core[0m[2m:[0m [2mconsensus/core/src/core.rs[0m[2m:[0m[2m531:[0m Created block B79(B,I/FWDKVR5a/NOGj8JmJ6P6y4Vr/Viwtp4h41WwXlQtk=)(1742889319115ms;[B78(B,bL/Sco+X48x46OulekJ/yhkOpXjRQI+5wugUf0L/FoY=), B78(A,c808weMsP7ED7HL7ps8q0QXQLeSlQYF5WOL763Ykvb8=), B78(C,O5ofeea5GvJS9WutmzSRGieZHtxyCZAv4m03TBTFvyc=)];1t;1c) for round 79
[2m2025-03-25T07:55:19.115803Z[0m [32m INFO[0m [1mnode[0m[1m{[0m[3mname[0m[2m=[0mk#8dcff6d1..[1m}[0m[2m:[0m [2mconsensus_core::core[0m[2m:[0m [2mconsensus/core/src/core.rs[0m[2m:[0m[2m531:[0m Created block B79(A,Ba2sSNLiAkWhgKMRQ/MLw05nPH5h9UyF2dRWjXD7g5w=)(1742889319115ms;[B78(A,c808weMsP7ED7HL7ps8q0QXQLeSlQYF5WOL763Ykvb8=), B78(B,bL/Sco+X48x46OulekJ/yhkOpXjRQI+5wugUf0L/FoY=), B78(C,O5ofeea5GvJS9WutmzSRGieZHtxyCZAv4m03TBTFvyc=)];1t;1c) for round 79
[2m2025-03-25T07:55:19.115889Z[0m [32m INFO[0m [1mnode[0m[1m{[0m[3mname[0m[2m=[0mk#99f25ef6..[1m}[0m[2m:[0m [2mconsensus_core::core[0m[2m:[0m [2mconsensus/core/src/core.rs[0m[2m:[0m[2m630:[0m Committing 1 leaders: B77(A,WuQA)
[2m2025-03-25T07:55:19.115889Z[0m [32m INFO[0m [1mnode[0m[1m{[0m[3mname[0m[2m=[0mk#8dcff6d1..[1m}[0m[2m:[0m [2mconsensus_core::core[0m[2m:[0m [2mconsensus/core/src/core.rs[0m[2m:[0m[2m630:[0m Committing 1 leaders: B77(A,WuQA)
[2m2025-03-25T07:55:19.115981Z[0m [32m INFO[0m [1mnode[0m[1m{[0m[3mname[0m[2m=[0mk#99f25ef6..[1m}[0m[2m:[0m [2mconsensus_core::commit_observer[0m[2m:[0m [2mconsensus/core/src/commit_observer.rs[0m[2m:[0m[2m173:[0m Consensus commit C70(iU7Z) with leader B77(A,WuQA) has 3 blocks
[2m2025-03-25T07:55:19.115982Z[0m [32m INFO[0m [1mnode[0m[1m{[0m[3mname[0m[2m=[0mk#8dcff6d1..[1m}[0m[2m:[0m [2mconsensus_core::commit_observer[0m[2m:[0m [2mconsensus/core/src/commit_observer.rs[0m[2m:[0m[2m173:[0m Consensus commit C70(iU7Z) with leader B77(A,WuQA) has 3 blocks
[2m2025-03-25T07:55:19.116091Z[0m [32m INFO[0m [1mnode[0m[1m{[0m[3mname[0m[2m=[0mk#99f25ef6..[1m}[0m[2m:[0m [2msui_core::consensus_handler[0m[2m:[0m [2mcrates/sui-core/src/consensus_handler.rs[0m[2m:[0m[2m232:[0m Received consensus output [3mconsensus_commit[0m[2m=[0mCommittedSubDag(leader=B77(A,WuQA), ref=C70(iU7Z), blocks=[OrgX, 5sDf, WuQA]) [3mepoch[0m[2m=[0m1
[2m2025-03-25T07:55:19.116091Z[0m [32m INFO[0m [1mnode[0m[1m{[0m[3mname[0m[2m=[0mk#8dcff6d1..[1m}[0m[2m:[0m [2msui_core::consensus_handler[0m[2m:[0m [2mcrates/sui-core/src/consensus_handler.rs[0m[2m:[0m[2m232:[0m Received consensus output [3mconsensus_commit[0m[2m=[0mCommittedSubDag(leader=B77(A,WuQA), ref=C70(iU7Z), blocks=[OrgX, 5sDf, WuQA]) [3mepoch[0m[2m=[0m1
[2m2025-03-25T07:55:19.120692Z[0m [32m INFO[0m [1mnode[0m[1m{[0m[3mname[0m[2m=[0mk#addeef94..[1m}[0m[2m:[0m [2mconsensus_core::core[0m[2m:[0m [2mconsensus/core/src/core.rs[0m[2m:[0m[2m630:[0m Committing 1 leaders: B77(A,WuQA)
[2m2025-03-25T07:55:19.120809Z[0m [32m INFO[0m [1mnode[0m[1m{[0m[3mname[0m[2m=[0mk#addeef94..[1m}[0m[2m:[0m [2mconsensus_core::commit_observer[0m[2m:[0m [2mconsensus/core/src/commit_observer.rs[0m[2m:[0m[2m173:[0m Consensus commit C70(iU7Z) with leader B77(A,WuQA) has 3 blocks
[2m2025-03-25T07:55:19.120969Z[0m [32m INFO[0m [1mnode[0m[1m{[0m[3mname[0m[2m=[0mk#addeef94..[1m}[0m[2m:[0m [2msui_core::consensus_handler[0m[2m:[0m [2mcrates/sui-core/src/consensus_handler.rs[0m[2m:[0m[2m232:[0m Received consensus output [3mconsensus_commit[0m[2m=[0mCommittedSubDag(leader=B77(A,WuQA), ref=C70(iU7Z), blocks=[OrgX, 5sDf, WuQA]) [3mepoch[0m[2m=[0m1
[2m2025-03-25T07:55:19.146830Z[0m [32m INFO[0m [1mnode[0m[1m{[0m[3mname[0m[2m=[0mk#8dcff6d1..[1m}[0m[2m:[0m [2msui_core::checkpoints[0m[2m:[0m [2mcrates/sui-core/src/checkpoints/mod.rs[0m[2m:[0m[2m1326:[0m Creating checkpoint(s) for 2 transactions [3mnext_checkpoint_seq[0m[2m=[0m283 [3mcheckpoint_timestamp[0m[2m=[0m1742889318594
[2m2025-03-25T07:55:19.146829Z[0m [32m INFO[0m [1mnode[0m[1m{[0m[3mname[0m[2m=[0mk#99f25ef6..[1m}[0m[2m:[0m [2msui_core::checkpoints[0m[2m:[0m [2mcrates/sui-core/src/checkpoints/mod.rs[0m[2m:[0m[2m1326:[0m Creating checkpoint(s) for 2 transactions [3mnext_checkpoint_seq[0m[2m=[0m283 [3mcheckpoint_timestamp[0m[2m=[0m1742889318594
[2m2025-03-25T07:55:19.147146Z[0m [32m INFO[0m [1mnode[0m[1m{[0m[3mname[0m[2m=[0mk#99f25ef6..[1m}[0m[2m:[0m [2msui_core::checkpoints::checkpoint_output[0m[2m:[0m [2mcrates/sui-core/src/checkpoints/checkpoint_output.rs[0m[2m:[0m[2m149:[0m Creating checkpoint CheckpointDigest(37uiBnpuVKQhRYgfmqhT9iCN5yUZyJ7U8frCCh3WNjZ9) at epoch 1, sequence 283, previous digest Some(CheckpointDigest(9rL7LdX7juBTunqfGpFyiLGuSEUCU69iEwbD1S31L85N)), transactions count 2, content digest CheckpointContentsDigest(CoiDUcXX5Viszy1jkdir4iv4hZhfpqi64hgXZa41GLLh), end_of_epoch_data None
[2m2025-03-25T07:55:19.147146Z[0m [32m INFO[0m [1mnode[0m[1m{[0m[3mname[0m[2m=[0mk#8dcff6d1..[1m}[0m[2m:[0m [2msui_core::checkpoints::checkpoint_output[0m[2m:[0m [2mcrates/sui-core/src/checkpoints/checkpoint_output.rs[0m[2m:[0m[2m149:[0m Creating checkpoint CheckpointDigest(37uiBnpuVKQhRYgfmqhT9iCN5yUZyJ7U8frCCh3WNjZ9) at epoch 1, sequence 283, previous digest Some(CheckpointDigest(9rL7LdX7juBTunqfGpFyiLGuSEUCU69iEwbD1S31L85N)), transactions count 2, content digest CheckpointContentsDigest(CoiDUcXX5Viszy1jkdir4iv4hZhfpqi64hgXZa41GLLh), end_of_epoch_data None
[2m2025-03-25T07:55:19.150077Z[0m [32m INFO[0m [1mnode[0m[1m{[0m[3mname[0m[2m=[0mk#addeef94..[1m}[0m[2m:[0m [2msui_core::checkpoints[0m[2m:[0m [2mcrates/sui-core/src/checkpoints/mod.rs[0m[2m:[0m[2m1326:[0m Creating checkpoint(s) for 2 transactions [3mnext_checkpoint_seq[0m[2m=[0m283 [3mcheckpoint_timestamp[0m[2m=[0m1742889318594
[2m2025-03-25T07:55:19.150334Z[0m [32m INFO[0m [1mnode[0m[1m{[0m[3mname[0m[2m=[0mk#addeef94..[1m}[0m[2m:[0m [2msui_core::checkpoints::checkpoint_output[0m[2m:[0m [2mcrates/sui-core/src/checkpoints/checkpoint_output.rs[0m[2m:[0m[2m149:[0m Creating checkpoint CheckpointDigest(37uiBnpuVKQhRYgfmqhT9iCN5yUZyJ7U8frCCh3WNjZ9) at epoch 1, sequence 283, previous digest Some(CheckpointDigest(9rL7LdX7juBTunqfGpFyiLGuSEUCU69iEwbD1S31L85N)), transactions count 2, content digest CheckpointContentsDigest(CoiDUcXX5Viszy1jkdir4iv4hZhfpqi64hgXZa41GLLh), end_of_epoch_data None
[2m2025-03-25T07:55:19.150567Z[0m [32m INFO[0m [1mnode[0m[1m{[0m[3mname[0m[2m=[0mk#99f25ef6..[1m}[0m[2m:[0m [2msui_core::checkpoints::checkpoint_output[0m[2m:[0m [2mcrates/sui-core/src/checkpoints/checkpoint_output.rs[0m[2m:[0m[2m196:[0m Certified checkpoint with sequence 282 and digest 9rL7LdX7juBTunqfGpFyiLGuSEUCU69iEwbD1S31L85N
[2m2025-03-25T07:55:19.150570Z[0m [32m INFO[0m [1mnode[0m[1m{[0m[3mname[0m[2m=[0mk#8dcff6d1..[1m}[0m[2m:[0m [2msui_core::checkpoints::checkpoint_output[0m[2m:[0m [2mcrates/sui-core/src/checkpoints/checkpoint_output.rs[0m[2m:[0m[2m196:[0m Certified checkpoint with sequence 282 and digest 9rL7LdX7juBTunqfGpFyiLGuSEUCU69iEwbD1S31L85N
[2m2025-03-25T07:55:19.151175Z[0m [32m INFO[0m [1mnode[0m[1m{[0m[3mname[0m[2m=[0mk#8dcff6d1..[1m}[0m[2m:[0m [2msui_core::checkpoints::checkpoint_executor[0m[2m:[0m [2mcrates/sui-core/src/checkpoints/checkpoint_executor/mod.rs[0m[2m:[0m[2m332:[0m Received checkpoint summary from state sync [3msequence_number[0m[2m=[0m282
[2m2025-03-25T07:55:19.151175Z[0m [32m INFO[0m [1mnode[0m[1m{[0m[3mname[0m[2m=[0mk#99f25ef6..[1m}[0m[2m:[0m [2msui_core::checkpoints::checkpoint_executor[0m[2m:[0m [2mcrates/sui-core/src/checkpoints/checkpoint_executor/mod.rs[0m[2m:[0m[2m332:[0m Received checkpoint summary from state sync [3msequence_number[0m[2m=[0m282
[2m2025-03-25T07:55:19.152301Z[0m [32m INFO[0m [1mnode[0m[1m{[0m[3mname[0m[2m=[0mk#8dcff6d1..[1m}[0m[2m:[0m [2msui_core::state_accumulator[0m[2m:[0m [2mcrates/sui-core/src/state_accumulator.rs[0m[2m:[0m[2m675:[0m accumulating running root for checkpoint 282
[2m2025-03-25T07:55:19.152302Z[0m [32m INFO[0m [1mnode[0m[1m{[0m[3mname[0m[2m=[0mk#99f25ef6..[1m}[0m[2m:[0m [2msui_core::state_accumulator[0m[2m:[0m [2mcrates/sui-core/src/state_accumulator.rs[0m[2m:[0m[2m675:[0m accumulating running root for checkpoint 282
[2m2025-03-25T07:55:19.153543Z[0m [32m INFO[0m [1mnode[0m[1m{[0m[3mname[0m[2m=[0mk#8dcff6d1..[1m}[0m[2m:[0m [2mconsensus_core::core[0m[2m:[0m [2mconsensus/core/src/core.rs[0m[2m:[0m[2m694:[0m Received quorum round per authority in ancestor state manager set to: [(79, 79), (79, 79), (79, 79)]
[2m2025-03-25T07:55:19.153551Z[0m [32m INFO[0m [1mnode[0m[1m{[0m[3mname[0m[2m=[0mk#8dcff6d1..[1m}[0m[2m:[0m [2mconsensus_core::core[0m[2m:[0m [2mconsensus/core/src/core.rs[0m[2m:[0m[2m695:[0m Accepted quorum round per authority in ancestor state manager set to: [(79, 79), (79, 79), (79, 79)]
[2m2025-03-25T07:55:19.153558Z[0m [32m INFO[0m [1mnode[0m[1m{[0m[3mname[0m[2m=[0mk#8dcff6d1..[1m}[0m[2m:[0m [2mconsensus_core::core[0m[2m:[0m [2mconsensus/core/src/core.rs[0m[2m:[0m[2m698:[0m Propagation round delay set to: 0
[2m2025-03-25T07:55:19.153622Z[0m [32m INFO[0m [1mnode[0m[1m{[0m[3mname[0m[2m=[0mk#99f25ef6..[1m}[0m[2m:[0m [2mconsensus_core::core[0m[2m:[0m [2mconsensus/core/src/core.rs[0m[2m:[0m[2m694:[0m Received quorum round per authority in ancestor state manager set to: [(79, 79), (79, 79), (79, 79)]
[2m2025-03-25T07:55:19.153630Z[0m [32m INFO[0m [1mnode[0m[1m{[0m[3mname[0m[2m=[0mk#99f25ef6..[1m}[0m[2m:[0m [2mconsensus_core::core[0m[2m:[0m [2mconsensus/core/src/core.rs[0m[2m:[0m[2m695:[0m Accepted quorum round per authority in ancestor state manager set to: [(79, 79), (79, 79), (79, 79)]
[2m2025-03-25T07:55:19.153639Z[0m [32m INFO[0m [1mnode[0m[1m{[0m[3mname[0m[2m=[0mk#99f25ef6..[1m}[0m[2m:[0m [2mconsensus_core::core[0m[2m:[0m [2mconsensus/core/src/core.rs[0m[2m:[0m[2m698:[0m Propagation round delay set to: 0
[2m2025-03-25T07:55:19.154538Z[0m [32m INFO[0m [1mnode[0m[1m{[0m[3mname[0m[2m=[0mk#addeef94..[1m}[0m[2m:[0m [2msui_core::checkpoints::checkpoint_executor[0m[2m:[0m [2mcrates/sui-core/src/checkpoints/checkpoint_executor/mod.rs[0m[2m:[0m[2m332:[0m Received checkpoint summary from state sync [3msequence_number[0m[2m=[0m282
[2m2025-03-25T07:55:19.155332Z[0m [32m INFO[0m [1mnode[0m[1m{[0m[3mname[0m[2m=[0mk#addeef94..[1m}[0m[2m:[0m [2msui_core::state_accumulator[0m[2m:[0m [2mcrates/sui-core/src/state_accumulator.rs[0m[2m:[0m[2m675:[0m accumulating running root for checkpoint 282
[2m2025-03-25T07:55:19.155444Z[0m [32m INFO[0m [1mnode[0m[1m{[0m[3mname[0m[2m=[0mk#b3f3cbb4..[1m}[0m[2m:[0m [2msui_core::checkpoints::checkpoint_executor[0m[2m:[0m [2mcrates/sui-core/src/checkpoints/checkpoint_executor/mod.rs[0m[2m:[0m[2m332:[0m Received checkpoint summary from state sync [3msequence_number[0m[2m=[0m282
[2m2025-03-25T07:55:19.155992Z[0m [32m INFO[0m [1mnode[0m[1m{[0m[3mname[0m[2m=[0mk#addeef94..[1m}[0m[2m:[0m [2mconsensus_core::core[0m[2m:[0m [2mconsensus/core/src/core.rs[0m[2m:[0m[2m694:[0m Received quorum round per authority in ancestor state manager set to: [(79, 79), (79, 79), (79, 79)]
[2m2025-03-25T07:55:19.156000Z[0m [32m INFO[0m [1mnode[0m[1m{[0m[3mname[0m[2m=[0mk#addeef94..[1m}[0m[2m:[0m [2mconsensus_core::core[0m[2m:[0m [2mconsensus/core/src/core.rs[0m[2m:[0m[2m695:[0m Accepted quorum round per authority in ancestor state manager set to: [(79, 79), (79, 79), (79, 79)]
[2m2025-03-25T07:55:19.156007Z[0m [32m INFO[0m [1mnode[0m[1m{[0m[3mname[0m[2m=[0mk#addeef94..[1m}[0m[2m:[0m [2mconsensus_core::core[0m[2m:[0m [2mconsensus/core/src/core.rs[0m[2m:[0m[2m698:[0m Propagation round delay set to: 0
[2m2025-03-25T07:55:19.181470Z[0m [32m INFO[0m [1mnode[0m[1m{[0m[3mname[0m[2m=[0mk#b3f3cbb4..[1m}[0m[2m:[0m [2msui_core::state_accumulator[0m[2m:[0m [2mcrates/sui-core/src/state_accumulator.rs[0m[2m:[0m[2m675:[0m accumulating running root for checkpoint 282
[2m2025-03-25T07:55:19.304410Z[0m [32m INFO[0m [1mnode[0m[1m{[0m[3mname[0m[2m=[0mk#8dcff6d1..[1m}[0m[2m:[0m [2mconsensus_core::commit_syncer[0m[2m:[0m [2mconsensus/core/src/commit_syncer.rs[0m[2m:[0m[2m196:[0m Checking to schedule fetches: synced_commit_index=70, highest_handled_index=70, highest_scheduled_index=0, quorum_commit_index=69, unhandled_commits_threshold=3200
[2m2025-03-25T07:55:19.327962Z[0m [32m INFO[0m [1mnode[0m[1m{[0m[3mname[0m[2m=[0mk#addeef94..[1m}[0m[2m:[0m [2mconsensus_core::commit_syncer[0m[2m:[0m [2mconsensus/core/src/commit_syncer.rs[0m[2m:[0m[2m196:[0m Checking to schedule fetches: synced_commit_index=70, highest_handled_index=70, highest_scheduled_index=0, quorum_commit_index=0, unhandled_commits_threshold=3200
[2m2025-03-25T07:55:19.331069Z[0m [32m INFO[0m [1mnode[0m[1m{[0m[3mname[0m[2m=[0mk#99f25ef6..[1m}[0m[2m:[0m [2mconsensus_core::commit_syncer[0m[2m:[0m [2mconsensus/core/src/commit_syncer.rs[0m[2m:[0m[2m196:[0m Checking to schedule fetches: synced_commit_index=70, highest_handled_index=70, highest_scheduled_index=0, quorum_commit_index=69, unhandled_commits_threshold=3200
[2m2025-03-25T07:55:19.368543Z[0m [32m INFO[0m [1mnode[0m[1m{[0m[3mname[0m[2m=[0mk#8dcff6d1..[1m}[0m[2m:[0m [2mconsensus_core::core[0m[2m:[0m [2mconsensus/core/src/core.rs[0m[2m:[0m[2m945:[0m Included 3 ancestors & excluded 0 ancestors for proposal in round 80
[2m2025-03-25T07:55:19.369319Z[0m [32m INFO[0m [1mnode[0m[1m{[0m[3mname[0m[2m=[0mk#99f25ef6..[1m}[0m[2m:[0m [2mconsensus_core::core[0m[2m:[0m [2mconsensus/core/src/core.rs[0m[2m:[0m[2m945:[0m Included 3 ancestors & excluded 0 ancestors for proposal in round 80
[2m2025-03-25T07:55:19.370196Z[0m [32m INFO[0m [1mnode[0m[1m{[0m[3mname[0m[2m=[0mk#8dcff6d1..[1m}[0m[2m:[0m [2mconsensus_core::core[0m[2m:[0m [2mconsensus/core/src/core.rs[0m[2m:[0m[2m531:[0m Created block B80(A,QSRp/8w/7WxDGcfalDN3rkT9/qYOYZbAEtpGKKeU49c=)(1742889319368ms;[B79(A,Ba2sSNLiAkWhgKMRQ/MLw05nPH5h9UyF2dRWjXD7g5w=), B79(B,I/FWDKVR5a/NOGj8JmJ6P6y4Vr/Viwtp4h41WwXlQtk=), B79(C,F/hKv86v5yuTL8rV6cEATbwuIfSEFsvjF8GWW/dWsAw=)];1t;1c) for round 80
[2m2025-03-25T07:55:19.370441Z[0m [32m INFO[0m [1mnode[0m[1m{[0m[3mname[0m[2m=[0mk#99f25ef6..[1m}[0m[2m:[0m [2mconsensus_core::core[0m[2m:[0m [2mconsensus/core/src/core.rs[0m[2m:[0m[2m531:[0m Created block B80(B,A1tjz74/dJM7eWR8lrs2Ykca8br5BMweFuDs6pPlDJM=)(1742889319369ms;[B79(B,I/FWDKVR5a/NOGj8JmJ6P6y4Vr/Viwtp4h41WwXlQtk=), B79(A,Ba2sSNLiAkWhgKMRQ/MLw05nPH5h9UyF2dRWjXD7g5w=), B79(C,F/hKv86v5yuTL8rV6cEATbwuIfSEFsvjF8GWW/dWsAw=)];1t;1c) for round 80
[2m2025-03-25T07:55:19.380601Z[0m [32m INFO[0m [1mnode[0m[1m{[0m[3mname[0m[2m=[0mk#addeef94..[1m}[0m[2m:[0m [2mconsensus_core::core[0m[2m:[0m [2mconsensus/core/src/core.rs[0m[2m:[0m[2m945:[0m Included 3 ancestors & excluded 0 ancestors for proposal in round 80
[2m2025-03-25T07:55:19.381483Z[0m [32m INFO[0m [1mnode[0m[1m{[0m[3mname[0m[2m=[0mk#addeef94..[1m}[0m[2m:[0m [2mconsensus_core::core[0m[2m:[0m [2mconsensus/core/src/core.rs[0m[2m:[0m[2m531:[0m Created block B80(C,JMqaHBS7o7G6iiL3drNaueesNn4TmOS2LIZbvslmodc=)(1742889319380ms;[B79(C,F/hKv86v5yuTL8rV6cEATbwuIfSEFsvjF8GWW/dWsAw=), B79(A,Ba2sSNLiAkWhgKMRQ/MLw05nPH5h9UyF2dRWjXD7g5w=), B79(B,I/FWDKVR5a/NOGj8JmJ6P6y4Vr/Viwtp4h41WwXlQtk=)];1t;1c) for round 80
[2m2025-03-25T07:55:19.381678Z[0m [32m INFO[0m [1mnode[0m[1m{[0m[3mname[0m[2m=[0mk#addeef94..[1m}[0m[2m:[0m [2mconsensus_core::core[0m[2m:[0m [2mconsensus/core/src/core.rs[0m[2m:[0m[2m630:[0m Committing 1 leaders: B78(C,O5of)
[2m2025-03-25T07:55:19.381868Z[0m [32m INFO[0m [1mnode[0m[1m{[0m[3mname[0m[2m=[0mk#addeef94..[1m}[0m[2m:[0m [2mconsensus_core::commit_observer[0m[2m:[0m [2mconsensus/core/src/commit_observer.rs[0m[2m:[0m[2m173:[0m Consensus commit C71(4apt) with leader B78(C,O5of) has 3 blocks
[2m2025-03-25T07:55:19.382143Z[0m [32m INFO[0m [1mnode[0m[1m{[0m[3mname[0m[2m=[0mk#addeef94..[1m}[0m[2m:[0m [2msui_core::consensus_handler[0m[2m:[0m [2mcrates/sui-core/src/consensus_handler.rs[0m[2m:[0m[2m232:[0m Received consensus output [3mconsensus_commit[0m[2m=[0mCommittedSubDag(leader=B78(C,O5of), ref=C71(4apt), blocks=[J0ms, ODzV, O5of]) [3mepoch[0m[2m=[0m1
[2m2025-03-25T07:55:19.389248Z[0m [32m INFO[0m [1mnode[0m[1m{[0m[3mname[0m[2m=[0mk#8dcff6d1..[1m}[0m[2m:[0m [2msui_core::checkpoints::checkpoint_output[0m[2m:[0m [2mcrates/sui-core/src/checkpoints/checkpoint_output.rs[0m[2m:[0m[2m196:[0m Certified checkpoint with sequence 283 and digest 37uiBnpuVKQhRYgfmqhT9iCN5yUZyJ7U8frCCh3WNjZ9
[2m2025-03-25T07:55:19.389247Z[0m [32m INFO[0m [1mnode[0m[1m{[0m[3mname[0m[2m=[0mk#99f25ef6..[1m}[0m[2m:[0m [2msui_core::checkpoints::checkpoint_output[0m[2m:[0m [2mcrates/sui-core/src/checkpoints/checkpoint_output.rs[0m[2m:[0m[2m196:[0m Certified checkpoint with sequence 283 and digest 37uiBnpuVKQhRYgfmqhT9iCN5yUZyJ7U8frCCh3WNjZ9
[2m2025-03-25T07:55:19.389493Z[0m [32m INFO[0m [1mnode[0m[1m{[0m[3mname[0m[2m=[0mk#99f25ef6..[1m}[0m[2m:[0m [2mconsensus_core::core[0m[2m:[0m [2mconsensus/core/src/core.rs[0m[2m:[0m[2m630:[0m Committing 1 leaders: B78(C,O5of)
[2m2025-03-25T07:55:19.389496Z[0m [32m INFO[0m [1mnode[0m[1m{[0m[3mname[0m[2m=[0mk#8dcff6d1..[1m}[0m[2m:[0m [2mconsensus_core::core[0m[2m:[0m [2mconsensus/core/src/core.rs[0m[2m:[0m[2m630:[0m Committing 1 leaders: B78(C,O5of)
[2m2025-03-25T07:55:19.389698Z[0m [32m INFO[0m [1mnode[0m[1m{[0m[3mname[0m[2m=[0mk#8dcff6d1..[1m}[0m[2m:[0m [2mconsensus_core::commit_observer[0m[2m:[0m [2mconsensus/core/src/commit_observer.rs[0m[2m:[0m[2m173:[0m Consensus commit C71(4apt) with leader B78(C,O5of) has 3 blocks
[2m2025-03-25T07:55:19.389710Z[0m [32m INFO[0m [1mnode[0m[1m{[0m[3mname[0m[2m=[0mk#99f25ef6..[1m}[0m[2m:[0m [2mconsensus_core::commit_observer[0m[2m:[0m [2mconsensus/core/src/commit_observer.rs[0m[2m:[0m[2m173:[0m Consensus commit C71(4apt) with leader B78(C,O5of) has 3 blocks
[2m2025-03-25T07:55:19.390522Z[0m [32m INFO[0m [1mnode[0m[1m{[0m[3mname[0m[2m=[0mk#99f25ef6..[1m}[0m[2m:[0m [2msui_core::consensus_handler[0m[2m:[0m [2mcrates/sui-core/src/consensus_handler.rs[0m[2m:[0m[2m232:[0m Received consensus output [3mconsensus_commit[0m[2m=[0mCommittedSubDag(leader=B78(C,O5of), ref=C71(4apt), blocks=[J0ms, ODzV, O5of]) [3mepoch[0m[2m=[0m1
[2m2025-03-25T07:55:19.390522Z[0m [32m INFO[0m [1mnode[0m[1m{[0m[3mname[0m[2m=[0mk#8dcff6d1..[1m}[0m[2m:[0m [2msui_core::consensus_handler[0m[2m:[0m [2mcrates/sui-core/src/consensus_handler.rs[0m[2m:[0m[2m232:[0m Received consensus output [3mconsensus_commit[0m[2m=[0mCommittedSubDag(leader=B78(C,O5of), ref=C71(4apt), blocks=[J0ms, ODzV, O5of]) [3mepoch[0m[2m=[0m1
[2m2025-03-25T07:55:19.391651Z[0m [32m INFO[0m [1mnode[0m[1m{[0m[3mname[0m[2m=[0mk#99f25ef6..[1m}[0m[2m:[0m [2msui_core::checkpoints::checkpoint_executor[0m[2m:[0m [2mcrates/sui-core/src/checkpoints/checkpoint_executor/mod.rs[0m[2m:[0m[2m332:[0m Received checkpoint summary from state sync [3msequence_number[0m[2m=[0m283
[2m2025-03-25T07:55:19.391651Z[0m [32m INFO[0m [1mnode[0m[1m{[0m[3mname[0m[2m=[0mk#8dcff6d1..[1m}[0m[2m:[0m [2msui_core::checkpoints::checkpoint_executor[0m[2m:[0m [2mcrates/sui-core/src/checkpoints/checkpoint_executor/mod.rs[0m[2m:[0m[2m332:[0m Received checkpoint summary from state sync [3msequence_number[0m[2m=[0m283
[2m2025-03-25T07:55:19.412505Z[0m [32m INFO[0m [1mnode[0m[1m{[0m[3mname[0m[2m=[0mk#99f25ef6..[1m}[0m[2m:[0m [2msui_core::state_accumulator[0m[2m:[0m [2mcrates/sui-core/src/state_accumulator.rs[0m[2m:[0m[2m675:[0m accumulating running root for checkpoint 283
[2m2025-03-25T07:55:19.412506Z[0m [32m INFO[0m [1mnode[0m[1m{[0m[3mname[0m[2m=[0mk#8dcff6d1..[1m}[0m[2m:[0m [2msui_core::state_accumulator[0m[2m:[0m [2mcrates/sui-core/src/state_accumulator.rs[0m[2m:[0m[2m675:[0m accumulating running root for checkpoint 283
[2m2025-03-25T07:55:19.442633Z[0m [32m INFO[0m [1mnode[0m[1m{[0m[3mname[0m[2m=[0mk#addeef94..[1m}[0m[2m:[0m [2msui_core::checkpoints[0m[2m:[0m [2mcrates/sui-core/src/checkpoints/mod.rs[0m[2m:[0m[2m1326:[0m Creating checkpoint(s) for 1 transactions [3mnext_checkpoint_seq[0m[2m=[0m284 [3mcheckpoint_timestamp[0m[2m=[0m1742889318856
[2m2025-03-25T07:55:19.442866Z[0m [32m INFO[0m [1mnode[0m[1m{[0m[3mname[0m[2m=[0mk#addeef94..[1m}[0m[2m:[0m [2msui_core::checkpoints::checkpoint_output[0m[2m:[0m [2mcrates/sui-core/src/checkpoints/checkpoint_output.rs[0m[2m:[0m[2m149:[0m Creating checkpoint CheckpointDigest(NiJYxFSqPF67ojzqv9o56rsKiLVJnw52xT7CowM9r62) at epoch 1, sequence 284, previous digest Some(CheckpointDigest(37uiBnpuVKQhRYgfmqhT9iCN5yUZyJ7U8frCCh3WNjZ9)), transactions count 1, content digest CheckpointContentsDigest(EQAd4228mRDpcEGi1ZtTJyB2af2jck85QWxawWTv38mu), end_of_epoch_data None
[2m2025-03-25T07:55:19.447887Z[0m [32m INFO[0m [1mnode[0m[1m{[0m[3mname[0m[2m=[0mk#8dcff6d1..[1m}[0m[2m:[0m [2msui_core::checkpoints[0m[2m:[0m [2mcrates/sui-core/src/checkpoints/mod.rs[0m[2m:[0m[2m1326:[0m Creating checkpoint(s) for 1 transactions [3mnext_checkpoint_seq[0m[2m=[0m284 [3mcheckpoint_timestamp[0m[2m=[0m1742889318856
[2m2025-03-25T07:55:19.447889Z[0m [32m INFO[0m [1mnode[0m[1m{[0m[3mname[0m[2m=[0mk#99f25ef6..[1m}[0m[2m:[0m [2msui_core::checkpoints[0m[2m:[0m [2mcrates/sui-core/src/checkpoints/mod.rs[0m[2m:[0m[2m1326:[0m Creating checkpoint(s) for 1 transactions [3mnext_checkpoint_seq[0m[2m=[0m284 [3mcheckpoint_timestamp[0m[2m=[0m1742889318856
[2m2025-03-25T07:55:19.448070Z[0m [32m INFO[0m [1mnode[0m[1m{[0m[3mname[0m[2m=[0mk#8dcff6d1..[1m}[0m[2m:[0m [2msui_core::checkpoints::checkpoint_output[0m[2m:[0m [2mcrates/sui-core/src/checkpoints/checkpoint_output.rs[0m[2m:[0m[2m149:[0m Creating checkpoint CheckpointDigest(NiJYxFSqPF67ojzqv9o56rsKiLVJnw52xT7CowM9r62) at epoch 1, sequence 284, previous digest Some(CheckpointDigest(37uiBnpuVKQhRYgfmqhT9iCN5yUZyJ7U8frCCh3WNjZ9)), transactions count 1, content digest CheckpointContentsDigest(EQAd4228mRDpcEGi1ZtTJyB2af2jck85QWxawWTv38mu), end_of_epoch_data None
[2m2025-03-25T07:55:19.448070Z[0m [32m INFO[0m [1mnode[0m[1m{[0m[3mname[0m[2m=[0mk#99f25ef6..[1m}[0m[2m:[0m [2msui_core::checkpoints::checkpoint_output[0m[2m:[0m [2mcrates/sui-core/src/checkpoints/checkpoint_output.rs[0m[2m:[0m[2m149:[0m Creating checkpoint CheckpointDigest(NiJYxFSqPF67ojzqv9o56rsKiLVJnw52xT7CowM9r62) at epoch 1, sequence 284, previous digest Some(CheckpointDigest(37uiBnpuVKQhRYgfmqhT9iCN5yUZyJ7U8frCCh3WNjZ9)), transactions count 1, content digest CheckpointContentsDigest(EQAd4228mRDpcEGi1ZtTJyB2af2jck85QWxawWTv38mu), end_of_epoch_data None
[2m2025-03-25T07:55:19.469313Z[0m [32m INFO[0m [1mnode[0m[1m{[0m[3mname[0m[2m=[0mk#b3f3cbb4..[1m}[0m[2m:[0m [2msui_core::checkpoints::checkpoint_executor[0m[2m:[0m [2mcrates/sui-core/src/checkpoints/checkpoint_executor/mod.rs[0m[2m:[0m[2m332:[0m Received checkpoint summary from state sync [3msequence_number[0m[2m=[0m283
[2m2025-03-25T07:55:19.509297Z[0m [32m INFO[0m [1mnode[0m[1m{[0m[3mname[0m[2m=[0mk#addeef94..[1m}[0m[2m:[0m [2msui_core::checkpoints::checkpoint_executor[0m[2m:[0m [2mcrates/sui-core/src/checkpoints/checkpoint_executor/mod.rs[0m[2m:[0m[2m332:[0m Received checkpoint summary from state sync [3msequence_number[0m[2m=[0m283
[2m2025-03-25T07:55:19.510657Z[0m [32m INFO[0m [1mnode[0m[1m{[0m[3mname[0m[2m=[0mk#addeef94..[1m}[0m[2m:[0m [2msui_core::state_accumulator[0m[2m:[0m [2mcrates/sui-core/src/state_accumulator.rs[0m[2m:[0m[2m675:[0m accumulating running root for checkpoint 283
[2m2025-03-25T07:55:19.558679Z[0m [32m INFO[0m [1mnode[0m[1m{[0m[3mname[0m[2m=[0mk#b3f3cbb4..[1m}[0m[2m:[0m [2msui_core::state_accumulator[0m[2m:[0m [2mcrates/sui-core/src/state_accumulator.rs[0m[2m:[0m[2m675:[0m accumulating running root for checkpoint 283
[2m2025-03-25T07:55:19.636261Z[0m [32m INFO[0m [1mnode[0m[1m{[0m[3mname[0m[2m=[0mk#addeef94..[1m}[0m[2m:[0m [2mconsensus_core::core[0m[2m:[0m [2mconsensus/core/src/core.rs[0m[2m:[0m[2m945:[0m Included 3 ancestors & excluded 0 ancestors for proposal in round 81
[2m2025-03-25T07:55:19.636713Z[0m [32m INFO[0m [1mnode[0m[1m{[0m[3mname[0m[2m=[0mk#addeef94..[1m}[0m[2m:[0m [2mconsensus_core::core[0m[2m:[0m [2mconsensus/core/src/core.rs[0m[2m:[0m[2m531:[0m Created block B81(C,kVV+mCgUPuc0wbd53Y0kIWiaHRCwh+wp9K6Ryrib7pQ=)(1742889319636ms;[B80(C,JMqaHBS7o7G6iiL3drNaueesNn4TmOS2LIZbvslmodc=), B80(A,QSRp/8w/7WxDGcfalDN3rkT9/qYOYZbAEtpGKKeU49c=), B80(B,A1tjz74/dJM7eWR8lrs2Ykca8br5BMweFuDs6pPlDJM=)];1t;1c) for round 81
[2m2025-03-25T07:55:19.641522Z[0m [32m INFO[0m [1mnode[0m[1m{[0m[3mname[0m[2m=[0mk#99f25ef6..[1m}[0m[2m:[0m [2mconsensus_core::core[0m[2m:[0m [2mconsensus/core/src/core.rs[0m[2m:[0m[2m945:[0m Included 3 ancestors & excluded 0 ancestors for proposal in round 81
[2m2025-03-25T07:55:19.641905Z[0m [32m INFO[0m [1mnode[0m[1m{[0m[3mname[0m[2m=[0mk#99f25ef6..[1m}[0m[2m:[0m [2mconsensus_core::core[0m[2m:[0m [2mconsensus/core/src/core.rs[0m[2m:[0m[2m531:[0m Created block B81(B,0Ss9uWE+ZD+WD49SSIuxpF08L/SHvc5Jexl6SDm6bIE=)(1742889319641ms;[B80(B,A1tjz74/dJM7eWR8lrs2Ykca8br5BMweFuDs6pPlDJM=), B80(A,QSRp/8w/7WxDGcfalDN3rkT9/qYOYZbAEtpGKKeU49c=), B80(C,JMqaHBS7o7G6iiL3drNaueesNn4TmOS2LIZbvslmodc=)];1t;1c) for round 81
[2m2025-03-25T07:55:19.642002Z[0m [32m INFO[0m [1mnode[0m[1m{[0m[3mname[0m[2m=[0mk#99f25ef6..[1m}[0m[2m:[0m [2mconsensus_core::core[0m[2m:[0m [2mconsensus/core/src/core.rs[0m[2m:[0m[2m630:[0m Committing 1 leaders: B79(C,F/hK)
[2m2025-03-25T07:55:19.642098Z[0m [32m INFO[0m [1mnode[0m[1m{[0m[3mname[0m[2m=[0mk#99f25ef6..[1m}[0m[2m:[0m [2mconsensus_core::commit_observer[0m[2m:[0m [2mconsensus/core/src/commit_observer.rs[0m[2m:[0m[2m173:[0m Consensus commit C72(Do+m) with leader B79(C,F/hK) has 3 blocks
[2m2025-03-25T07:55:19.642211Z[0m [32m INFO[0m [1mnode[0m[1m{[0m[3mname[0m[2m=[0mk#99f25ef6..[1m}[0m[2m:[0m [2msui_core::consensus_handler[0m[2m:[0m [2mcrates/sui-core/src/consensus_handler.rs[0m[2m:[0m[2m232:[0m Received consensus output [3mconsensus_commit[0m[2m=[0mCommittedSubDag(leader=B79(C,F/hK), ref=C72(Do+m), blocks=[c808, bL/S, F/hK]) [3mepoch[0m[2m=[0m1
[2m2025-03-25T07:55:19.642587Z[0m [32m INFO[0m [1mnode[0m[1m{[0m[3mname[0m[2m=[0mk#8dcff6d1..[1m}[0m[2m:[0m [2mconsensus_core::core[0m[2m:[0m [2mconsensus/core/src/core.rs[0m[2m:[0m[2m945:[0m Included 3 ancestors & excluded 0 ancestors for proposal in round 81
[2m2025-03-25T07:55:19.642954Z[0m [32m INFO[0m [1mnode[0m[1m{[0m[3mname[0m[2m=[0mk#8dcff6d1..[1m}[0m[2m:[0m [2mconsensus_core::core[0m[2m:[0m [2mconsensus/core/src/core.rs[0m[2m:[0m[2m531:[0m Created block B81(A,2+IzVda1ysww9V6ya6IhkrFgW0Kia45Xm85Sqw/m3dY=)(1742889319642ms;[B80(A,QSRp/8w/7WxDGcfalDN3rkT9/qYOYZbAEtpGKKeU49c=), B80(B,A1tjz74/dJM7eWR8lrs2Ykca8br5BMweFuDs6pPlDJM=), B80(C,JMqaHBS7o7G6iiL3drNaueesNn4TmOS2LIZbvslmodc=)];1t;1c) for round 81
[2m2025-03-25T07:55:19.643039Z[0m [32m INFO[0m [1mnode[0m[1m{[0m[3mname[0m[2m=[0mk#8dcff6d1..[1m}[0m[2m:[0m [2mconsensus_core::core[0m[2m:[0m [2mconsensus/core/src/core.rs[0m[2m:[0m[2m630:[0m Committing 1 leaders: B79(C,F/hK)
[2m2025-03-25T07:55:19.643124Z[0m [32m INFO[0m [1mnode[0m[1m{[0m[3mname[0m[2m=[0mk#8dcff6d1..[1m}[0m[2m:[0m [2mconsensus_core::commit_observer[0m[2m:[0m [2mconsensus/core/src/commit_observer.rs[0m[2m:[0m[2m173:[0m Consensus commit C72(Do+m) with leader B79(C,F/hK) has 3 blocks
[2m2025-03-25T07:55:19.643226Z[0m [32m INFO[0m [1mnode[0m[1m{[0m[3mname[0m[2m=[0mk#8dcff6d1..[1m}[0m[2m:[0m [2msui_core::consensus_handler[0m[2m:[0m [2mcrates/sui-core/src/consensus_handler.rs[0m[2m:[0m[2m232:[0m Received consensus output [3mconsensus_commit[0m[2m=[0mCommittedSubDag(leader=B79(C,F/hK), ref=C72(Do+m), blocks=[c808, bL/S, F/hK]) [3mepoch[0m[2m=[0m1
[2m2025-03-25T07:55:19.645067Z[0m [32m INFO[0m [1mnode[0m[1m{[0m[3mname[0m[2m=[0mk#addeef94..[1m}[0m[2m:[0m [2mconsensus_core::core[0m[2m:[0m [2mconsensus/core/src/core.rs[0m[2m:[0m[2m630:[0m Committing 1 leaders: B79(C,F/hK)
[2m2025-03-25T07:55:19.645175Z[0m [32m INFO[0m [1mnode[0m[1m{[0m[3mname[0m[2m=[0mk#addeef94..[1m}[0m[2m:[0m [2mconsensus_core::commit_observer[0m[2m:[0m [2mconsensus/core/src/commit_observer.rs[0m[2m:[0m[2m173:[0m Consensus commit C72(Do+m) with leader B79(C,F/hK) has 3 blocks
[2m2025-03-25T07:55:19.645266Z[0m [32m INFO[0m [1mnode[0m[1m{[0m[3mname[0m[2m=[0mk#addeef94..[1m}[0m[2m:[0m [2msui_core::consensus_handler[0m[2m:[0m [2mcrates/sui-core/src/consensus_handler.rs[0m[2m:[0m[2m232:[0m Received consensus output [3mconsensus_commit[0m[2m=[0mCommittedSubDag(leader=B79(C,F/hK), ref=C72(Do+m), blocks=[c808, bL/S, F/hK]) [3mepoch[0m[2m=[0m1
[2m2025-03-25T07:55:19.672960Z[0m [32m INFO[0m [1mnode[0m[1m{[0m[3mname[0m[2m=[0mk#99f25ef6..[1m}[0m[2m:[0m [2msui_core::checkpoints[0m[2m:[0m [2mcrates/sui-core/src/checkpoints/mod.rs[0m[2m:[0m[2m1326:[0m Creating checkpoint(s) for 2 transactions [3mnext_checkpoint_seq[0m[2m=[0m285 [3mcheckpoint_timestamp[0m[2m=[0m1742889319111
[2m2025-03-25T07:55:19.673243Z[0m [32m INFO[0m [1mnode[0m[1m{[0m[3mname[0m[2m=[0mk#8dcff6d1..[1m}[0m[2m:[0m [2msui_core::checkpoints[0m[2m:[0m [2mcrates/sui-core/src/checkpoints/mod.rs[0m[2m:[0m[2m1326:[0m Creating checkpoint(s) for 2 transactions [3mnext_checkpoint_seq[0m[2m=[0m285 [3mcheckpoint_timestamp[0m[2m=[0m1742889319111
[2m2025-03-25T07:55:19.673279Z[0m [32m INFO[0m [1mnode[0m[1m{[0m[3mname[0m[2m=[0mk#99f25ef6..[1m}[0m[2m:[0m [2msui_core::checkpoints::checkpoint_output[0m[2m:[0m [2mcrates/sui-core/src/checkpoints/checkpoint_output.rs[0m[2m:[0m[2m149:[0m Creating checkpoint CheckpointDigest(8KjzjqUAAPCQKEGhpPtKRtgYsbaNGYEtRG8LZu2V8Rux) at epoch 1, sequence 285, previous digest Some(CheckpointDigest(NiJYxFSqPF67ojzqv9o56rsKiLVJnw52xT7CowM9r62)), transactions count 2, content digest CheckpointContentsDigest(5vjyy7HGYGHCqzLn8hcCm2o79fczuKCHuXJFdQnFRoeT), end_of_epoch_data None
[2m2025-03-25T07:55:19.673497Z[0m [32m INFO[0m [1mnode[0m[1m{[0m[3mname[0m[2m=[0mk#8dcff6d1..[1m}[0m[2m:[0m [2msui_core::checkpoints::checkpoint_output[0m[2m:[0m [2mcrates/sui-core/src/checkpoints/checkpoint_output.rs[0m[2m:[0m[2m149:[0m Creating checkpoint CheckpointDigest(8KjzjqUAAPCQKEGhpPtKRtgYsbaNGYEtRG8LZu2V8Rux) at epoch 1, sequence 285, previous digest Some(CheckpointDigest(NiJYxFSqPF67ojzqv9o56rsKiLVJnw52xT7CowM9r62)), transactions count 2, content digest CheckpointContentsDigest(5vjyy7HGYGHCqzLn8hcCm2o79fczuKCHuXJFdQnFRoeT), end_of_epoch_data None
[2m2025-03-25T07:55:19.674695Z[0m [32m INFO[0m [1mnode[0m[1m{[0m[3mname[0m[2m=[0mk#addeef94..[1m}[0m[2m:[0m [2msui_core::checkpoints[0m[2m:[0m [2mcrates/sui-core/src/checkpoints/mod.rs[0m[2m:[0m[2m1326:[0m Creating checkpoint(s) for 2 transactions [3mnext_checkpoint_seq[0m[2m=[0m285 [3mcheckpoint_timestamp[0m[2m=[0m1742889319111
[2m2025-03-25T07:55:19.674941Z[0m [32m INFO[0m [1mnode[0m[1m{[0m[3mname[0m[2m=[0mk#addeef94..[1m}[0m[2m:[0m [2msui_core::checkpoints::checkpoint_output[0m[2m:[0m [2mcrates/sui-core/src/checkpoints/checkpoint_output.rs[0m[2m:[0m[2m149:[0m Creating checkpoint CheckpointDigest(8KjzjqUAAPCQKEGhpPtKRtgYsbaNGYEtRG8LZu2V8Rux) at epoch 1, sequence 285, previous digest Some(CheckpointDigest(NiJYxFSqPF67ojzqv9o56rsKiLVJnw52xT7CowM9r62)), transactions count 2, content digest CheckpointContentsDigest(5vjyy7HGYGHCqzLn8hcCm2o79fczuKCHuXJFdQnFRoeT), end_of_epoch_data None
[2m2025-03-25T07:55:19.676343Z[0m [32m INFO[0m [1mnode[0m[1m{[0m[3mname[0m[2m=[0mk#99f25ef6..[1m}[0m[2m:[0m [2msui_core::checkpoints::checkpoint_output[0m[2m:[0m [2mcrates/sui-core/src/checkpoints/checkpoint_output.rs[0m[2m:[0m[2m196:[0m Certified checkpoint with sequence 284 and digest NiJYxFSqPF67ojzqv9o56rsKiLVJnw52xT7CowM9r62
[2m2025-03-25T07:55:19.676485Z[0m [32m INFO[0m [1mnode[0m[1m{[0m[3mname[0m[2m=[0mk#8dcff6d1..[1m}[0m[2m:[0m [2msui_core::checkpoints::checkpoint_output[0m[2m:[0m [2mcrates/sui-core/src/checkpoints/checkpoint_output.rs[0m[2m:[0m[2m196:[0m Certified checkpoint with sequence 284 and digest NiJYxFSqPF67ojzqv9o56rsKiLVJnw52xT7CowM9r62
[2m2025-03-25T07:55:19.676822Z[0m [32m INFO[0m [1mnode[0m[1m{[0m[3mname[0m[2m=[0mk#99f25ef6..[1m}[0m[2m:[0m [2msui_core::checkpoints::checkpoint_executor[0m[2m:[0m [2mcrates/sui-core/src/checkpoints/checkpoint_executor/mod.rs[0m[2m:[0m[2m332:[0m Received checkpoint summary from state sync [3msequence_number[0m[2m=[0m284
[2m2025-03-25T07:55:19.676864Z[0m [32m INFO[0m [1mnode[0m[1m{[0m[3mname[0m[2m=[0mk#8dcff6d1..[1m}[0m[2m:[0m [2msui_core::checkpoints::checkpoint_executor[0m[2m:[0m [2mcrates/sui-core/src/checkpoints/checkpoint_executor/mod.rs[0m[2m:[0m[2m332:[0m Received checkpoint summary from state sync [3msequence_number[0m[2m=[0m284
[2m2025-03-25T07:55:19.678050Z[0m [32m INFO[0m [1mnode[0m[1m{[0m[3mname[0m[2m=[0mk#8dcff6d1..[1m}[0m[2m:[0m [2msui_core::state_accumulator[0m[2m:[0m [2mcrates/sui-core/src/state_accumulator.rs[0m[2m:[0m[2m675:[0m accumulating running root for checkpoint 284
[2m2025-03-25T07:55:19.678050Z[0m [32m INFO[0m [1mnode[0m[1m{[0m[3mname[0m[2m=[0mk#99f25ef6..[1m}[0m[2m:[0m [2msui_core::state_accumulator[0m[2m:[0m [2mcrates/sui-core/src/state_accumulator.rs[0m[2m:[0m[2m675:[0m accumulating running root for checkpoint 284
[2m2025-03-25T07:55:19.680328Z[0m [32m INFO[0m [1mnode[0m[1m{[0m[3mname[0m[2m=[0mk#addeef94..[1m}[0m[2m:[0m [2msui_core::checkpoints::checkpoint_executor[0m[2m:[0m [2mcrates/sui-core/src/checkpoints/checkpoint_executor/mod.rs[0m[2m:[0m[2m332:[0m Received checkpoint summary from state sync [3msequence_number[0m[2m=[0m284
[2m2025-03-25T07:55:19.681081Z[0m [32m INFO[0m [1mnode[0m[1m{[0m[3mname[0m[2m=[0mk#addeef94..[1m}[0m[2m:[0m [2msui_core::state_accumulator[0m[2m:[0m [2mcrates/sui-core/src/state_accumulator.rs[0m[2m:[0m[2m675:[0m accumulating running root for checkpoint 284
[2m2025-03-25T07:55:19.681329Z[0m [32m INFO[0m [1mnode[0m[1m{[0m[3mname[0m[2m=[0mk#b3f3cbb4..[1m}[0m[2m:[0m [2msui_core::checkpoints::checkpoint_executor[0m[2m:[0m [2mcrates/sui-core/src/checkpoints/checkpoint_executor/mod.rs[0m[2m:[0m[2m332:[0m Received checkpoint summary from state sync [3msequence_number[0m[2m=[0m284
[2m2025-03-25T07:55:19.707201Z[0m [32m INFO[0m [1mnode[0m[1m{[0m[3mname[0m[2m=[0mk#b3f3cbb4..[1m}[0m[2m:[0m [2msui_core::state_accumulator[0m[2m:[0m [2mcrates/sui-core/src/state_accumulator.rs[0m[2m:[0m[2m675:[0m accumulating running root for checkpoint 284
[2m2025-03-25T07:55:19.896091Z[0m [32m INFO[0m [1mnode[0m[1m{[0m[3mname[0m[2m=[0mk#8dcff6d1..[1m}[0m[2m:[0m [2mconsensus_core::core[0m[2m:[0m [2mconsensus/core/src/core.rs[0m[2m:[0m[2m945:[0m Included 3 ancestors & excluded 0 ancestors for proposal in round 82
[2m2025-03-25T07:55:19.896091Z[0m [32m INFO[0m [1mnode[0m[1m{[0m[3mname[0m[2m=[0mk#99f25ef6..[1m}[0m[2m:[0m [2mconsensus_core::core[0m[2m:[0m [2mconsensus/core/src/core.rs[0m[2m:[0m[2m945:[0m Included 3 ancestors & excluded 0 ancestors for proposal in round 82
[2m2025-03-25T07:55:19.897726Z[0m [32m INFO[0m [1mnode[0m[1m{[0m[3mname[0m[2m=[0mk#8dcff6d1..[1m}[0m[2m:[0m [2mconsensus_core::core[0m[2m:[0m [2mconsensus/core/src/core.rs[0m[2m:[0m[2m531:[0m Created block B82(A,kEnaCWOQAlMMyYKnUNUsy5+dTf2a2xKh5T6DIRqs/aU=)(1742889319896ms;[B81(A,2+IzVda1ysww9V6ya6IhkrFgW0Kia45Xm85Sqw/m3dY=), B81(B,0Ss9uWE+ZD+WD49SSIuxpF08L/SHvc5Jexl6SDm6bIE=), B81(C,kVV+mCgUPuc0wbd53Y0kIWiaHRCwh+wp9K6Ryrib7pQ=)];1t;1c) for round 82
[2m2025-03-25T07:55:19.897726Z[0m [32m INFO[0m [1mnode[0m[1m{[0m[3mname[0m[2m=[0mk#99f25ef6..[1m}[0m[2m:[0m [2mconsensus_core::core[0m[2m:[0m [2mconsensus/core/src/core.rs[0m[2m:[0m[2m531:[0m Created block B82(B,3vJxNHcFwiw2oudltrtIJNaw6UpYfacTjzR1qcq69+E=)(1742889319896ms;[B81(B,0Ss9uWE+ZD+WD49SSIuxpF08L/SHvc5Jexl6SDm6bIE=), B81(A,2+IzVda1ysww9V6ya6IhkrFgW0Kia45Xm85Sqw/m3dY=), B81(C,kVV+mCgUPuc0wbd53Y0kIWiaHRCwh+wp9K6Ryrib7pQ=)];1t;1c) for round 82
[2m2025-03-25T07:55:19.897871Z[0m [32m INFO[0m [1mnode[0m[1m{[0m[3mname[0m[2m=[0mk#addeef94..[1m}[0m[2m:[0m [2mconsensus_core::core[0m[2m:[0m [2mconsensus/core/src/core.rs[0m[2m:[0m[2m945:[0m Included 3 ancestors & excluded 0 ancestors for proposal in round 82
[2m2025-03-25T07:55:19.899584Z[0m [32m INFO[0m [1mnode[0m[1m{[0m[3mname[0m[2m=[0mk#addeef94..[1m}[0m[2m:[0m [2mconsensus_core::core[0m[2m:[0m [2mconsensus/core/src/core.rs[0m[2m:[0m[2m531:[0m Created block B82(C,yslS82VWwK7+8Fsr7lJKT96Xde1SNw7MV4UhxZJ1QdU=)(1742889319898ms;[B81(C,kVV+mCgUPuc0wbd53Y0kIWiaHRCwh+wp9K6Ryrib7pQ=), B81(A,2+IzVda1ysww9V6ya6IhkrFgW0Kia45Xm85Sqw/m3dY=), B81(B,0Ss9uWE+ZD+WD49SSIuxpF08L/SHvc5Jexl6SDm6bIE=)];1t;1c) for round 82
[2m2025-03-25T07:55:19.908489Z[0m [32m INFO[0m [1mnode[0m[1m{[0m[3mname[0m[2m=[0mk#addeef94..[1m}[0m[2m:[0m [2mconsensus_core::core[0m[2m:[0m [2mconsensus/core/src/core.rs[0m[2m:[0m[2m630:[0m Committing 1 leaders: B80(A,QSRp)
[2m2025-03-25T07:55:19.908768Z[0m [32m INFO[0m [1mnode[0m[1m{[0m[3mname[0m[2m=[0mk#addeef94..[1m}[0m[2m:[0m [2mconsensus_core::commit_observer[0m[2m:[0m [2mconsensus/core/src/commit_observer.rs[0m[2m:[0m[2m173:[0m Consensus commit C73(N1YZ) with leader B80(A,QSRp) has 3 blocks
[2m2025-03-25T07:55:19.909090Z[0m [32m INFO[0m [1mnode[0m[1m{[0m[3mname[0m[2m=[0mk#addeef94..[1m}[0m[2m:[0m [2msui_core::consensus_handler[0m[2m:[0m [2mcrates/sui-core/src/consensus_handler.rs[0m[2m:[0m[2m232:[0m Received consensus output [3mconsensus_commit[0m[2m=[0mCommittedSubDag(leader=B80(A,QSRp), ref=C73(N1YZ), blocks=[Ba2s, I/FW, QSRp]) [3mepoch[0m[2m=[0m1
[2m2025-03-25T07:55:19.910164Z[0m [32m INFO[0m [1mnode[0m[1m{[0m[3mname[0m[2m=[0mk#99f25ef6..[1m}[0m[2m:[0m [2msui_core::checkpoints::checkpoint_output[0m[2m:[0m [2mcrates/sui-core/src/checkpoints/checkpoint_output.rs[0m[2m:[0m[2m196:[0m Certified checkpoint with sequence 285 and digest 8KjzjqUAAPCQKEGhpPtKRtgYsbaNGYEtRG8LZu2V8Rux
[2m2025-03-25T07:55:19.910172Z[0m [32m INFO[0m [1mnode[0m[1m{[0m[3mname[0m[2m=[0mk#8dcff6d1..[1m}[0m[2m:[0m [2msui_core::checkpoints::checkpoint_output[0m[2m:[0m [2mcrates/sui-core/src/checkpoints/checkpoint_output.rs[0m[2m:[0m[2m196:[0m Certified checkpoint with sequence 285 and digest 8KjzjqUAAPCQKEGhpPtKRtgYsbaNGYEtRG8LZu2V8Rux
[2m2025-03-25T07:55:19.910415Z[0m [32m INFO[0m [1mnode[0m[1m{[0m[3mname[0m[2m=[0mk#99f25ef6..[1m}[0m[2m:[0m [2mconsensus_core::core[0m[2m:[0m [2mconsensus/core/src/core.rs[0m[2m:[0m[2m630:[0m Committing 1 leaders: B80(A,QSRp)
[2m2025-03-25T07:55:19.910416Z[0m [32m INFO[0m [1mnode[0m[1m{[0m[3mname[0m[2m=[0mk#8dcff6d1..[1m}[0m[2m:[0m [2mconsensus_core::core[0m[2m:[0m [2mconsensus/core/src/core.rs[0m[2m:[0m[2m630:[0m Committing 1 leaders: B80(A,QSRp)
[2m2025-03-25T07:55:19.910668Z[0m [32m INFO[0m [1mnode[0m[1m{[0m[3mname[0m[2m=[0mk#8dcff6d1..[1m}[0m[2m:[0m [2mconsensus_core::commit_observer[0m[2m:[0m [2mconsensus/core/src/commit_observer.rs[0m[2m:[0m[2m173:[0m Consensus commit C73(N1YZ) with leader B80(A,QSRp) has 3 blocks
[2m2025-03-25T07:55:19.910673Z[0m [32m INFO[0m [1mnode[0m[1m{[0m[3mname[0m[2m=[0mk#99f25ef6..[1m}[0m[2m:[0m [2mconsensus_core::commit_observer[0m[2m:[0m [2mconsensus/core/src/commit_observer.rs[0m[2m:[0m[2m173:[0m Consensus commit C73(N1YZ) with leader B80(A,QSRp) has 3 blocks
[2m2025-03-25T07:55:19.911633Z[0m [32m INFO[0m [1mnode[0m[1m{[0m[3mname[0m[2m=[0mk#99f25ef6..[1m}[0m[2m:[0m [2msui_core::consensus_handler[0m[2m:[0m [2mcrates/sui-core/src/consensus_handler.rs[0m[2m:[0m[2m232:[0m Received consensus output [3mconsensus_commit[0m[2m=[0mCommittedSubDag(leader=B80(A,QSRp), ref=C73(N1YZ), blocks=[Ba2s, I/FW, QSRp]) [3mepoch[0m[2m=[0m1
[2m2025-03-25T07:55:19.911633Z[0m [32m INFO[0m [1mnode[0m[1m{[0m[3mname[0m[2m=[0mk#8dcff6d1..[1m}[0m[2m:[0m [2msui_core::consensus_handler[0m[2m:[0m [2mcrates/sui-core/src/consensus_handler.rs[0m[2m:[0m[2m232:[0m Received consensus output [3mconsensus_commit[0m[2m=[0mCommittedSubDag(leader=B80(A,QSRp), ref=C73(N1YZ), blocks=[Ba2s, I/FW, QSRp]) [3mepoch[0m[2m=[0m1
[2m2025-03-25T07:55:19.912803Z[0m [32m INFO[0m [1mnode[0m[1m{[0m[3mname[0m[2m=[0mk#99f25ef6..[1m}[0m[2m:[0m [2msui_core::checkpoints::checkpoint_executor[0m[2m:[0m [2mcrates/sui-core/src/checkpoints/checkpoint_executor/mod.rs[0m[2m:[0m[2m332:[0m Received checkpoint summary from state sync [3msequence_number[0m[2m=[0m285
[2m2025-03-25T07:55:19.912803Z[0m [32m INFO[0m [1mnode[0m[1m{[0m[3mname[0m[2m=[0mk#8dcff6d1..[1m}[0m[2m:[0m [2msui_core::checkpoints::checkpoint_executor[0m[2m:[0m [2mcrates/sui-core/src/checkpoints/checkpoint_executor/mod.rs[0m[2m:[0m[2m332:[0m Received checkpoint summary from state sync [3msequence_number[0m[2m=[0m285
[2m2025-03-25T07:55:19.934499Z[0m [32m INFO[0m [1mnode[0m[1m{[0m[3mname[0m[2m=[0mk#99f25ef6..[1m}[0m[2m:[0m [2msui_core::state_accumulator[0m[2m:[0m [2mcrates/sui-core/src/state_accumulator.rs[0m[2m:[0m[2m675:[0m accumulating running root for checkpoint 285
[2m2025-03-25T07:55:19.934500Z[0m [32m INFO[0m [1mnode[0m[1m{[0m[3mname[0m[2m=[0mk#8dcff6d1..[1m}[0m[2m:[0m [2msui_core::state_accumulator[0m[2m:[0m [2mcrates/sui-core/src/state_accumulator.rs[0m[2m:[0m[2m675:[0m accumulating running root for checkpoint 285
[2m2025-03-25T07:55:19.969022Z[0m [32m INFO[0m [1mnode[0m[1m{[0m[3mname[0m[2m=[0mk#addeef94..[1m}[0m[2m:[0m [2msui_core::checkpoints[0m[2m:[0m [2mcrates/sui-core/src/checkpoints/mod.rs[0m[2m:[0m[2m1326:[0m Creating checkpoint(s) for 1 transactions [3mnext_checkpoint_seq[0m[2m=[0m286 [3mcheckpoint_timestamp[0m[2m=[0m1742889319368
[2m2025-03-25T07:55:19.969257Z[0m [32m INFO[0m [1mnode[0m[1m{[0m[3mname[0m[2m=[0mk#addeef94..[1m}[0m[2m:[0m [2msui_core::checkpoints::checkpoint_output[0m[2m:[0m [2mcrates/sui-core/src/checkpoints/checkpoint_output.rs[0m[2m:[0m[2m149:[0m Creating checkpoint CheckpointDigest(7BzoWuw19VZyJMyw3eTHbu8HY2yixNi8FSyRaf2qPbwb) at epoch 1, sequence 286, previous digest Some(CheckpointDigest(8KjzjqUAAPCQKEGhpPtKRtgYsbaNGYEtRG8LZu2V8Rux)), transactions count 1, content digest CheckpointContentsDigest(6yH3QoTUvXvf8AEHvK4ebvKtP9ooYZyoqa3YEmUy3jhE), end_of_epoch_data None
[2m2025-03-25T07:55:19.970476Z[0m [32m INFO[0m [1mnode[0m[1m{[0m[3mname[0m[2m=[0mk#99f25ef6..[1m}[0m[2m:[0m [2msui_core::checkpoints[0m[2m:[0m [2mcrates/sui-core/src/checkpoints/mod.rs[0m[2m:[0m[2m1326:[0m Creating checkpoint(s) for 1 transactions [3mnext_checkpoint_seq[0m[2m=[0m286 [3mcheckpoint_timestamp[0m[2m=[0m1742889319368
[2m2025-03-25T07:55:19.970546Z[0m [32m INFO[0m [1mnode[0m[1m{[0m[3mname[0m[2m=[0mk#8dcff6d1..[1m}[0m[2m:[0m [2msui_core::checkpoints[0m[2m:[0m [2mcrates/sui-core/src/checkpoints/mod.rs[0m[2m:[0m[2m1326:[0m Creating checkpoint(s) for 1 transactions [3mnext_checkpoint_seq[0m[2m=[0m286 [3mcheckpoint_timestamp[0m[2m=[0m1742889319368
[2m2025-03-25T07:55:19.970656Z[0m [32m INFO[0m [1mnode[0m[1m{[0m[3mname[0m[2m=[0mk#99f25ef6..[1m}[0m[2m:[0m [2msui_core::checkpoints::checkpoint_output[0m[2m:[0m [2mcrates/sui-core/src/checkpoints/checkpoint_output.rs[0m[2m:[0m[2m149:[0m Creating checkpoint CheckpointDigest(7BzoWuw19VZyJMyw3eTHbu8HY2yixNi8FSyRaf2qPbwb) at epoch 1, sequence 286, previous digest Some(CheckpointDigest(8KjzjqUAAPCQKEGhpPtKRtgYsbaNGYEtRG8LZu2V8Rux)), transactions count 1, content digest CheckpointContentsDigest(6yH3QoTUvXvf8AEHvK4ebvKtP9ooYZyoqa3YEmUy3jhE), end_of_epoch_data None
[2m2025-03-25T07:55:19.970720Z[0m [32m INFO[0m [1mnode[0m[1m{[0m[3mname[0m[2m=[0mk#8dcff6d1..[1m}[0m[2m:[0m [2msui_core::checkpoints::checkpoint_output[0m[2m:[0m [2mcrates/sui-core/src/checkpoints/checkpoint_output.rs[0m[2m:[0m[2m149:[0m Creating checkpoint CheckpointDigest(7BzoWuw19VZyJMyw3eTHbu8HY2yixNi8FSyRaf2qPbwb) at epoch 1, sequence 286, previous digest Some(CheckpointDigest(8KjzjqUAAPCQKEGhpPtKRtgYsbaNGYEtRG8LZu2V8Rux)), transactions count 1, content digest CheckpointContentsDigest(6yH3QoTUvXvf8AEHvK4ebvKtP9ooYZyoqa3YEmUy3jhE), end_of_epoch_data None
[2m2025-03-25T07:55:19.975714Z[0m [32m INFO[0m [1mnode[0m[1m{[0m[3mname[0m[2m=[0mk#b3f3cbb4..[1m}[0m[2m:[0m [2msui_core::checkpoints::checkpoint_executor[0m[2m:[0m [2mcrates/sui-core/src/checkpoints/checkpoint_executor/mod.rs[0m[2m:[0m[2m332:[0m Received checkpoint summary from state sync [3msequence_number[0m[2m=[0m285
[2m2025-03-25T07:55:19.992346Z[0m [32m INFO[0m [1mnode[0m[1m{[0m[3mname[0m[2m=[0mk#addeef94..[1m}[0m[2m:[0m [2msui_core::checkpoints::checkpoint_executor[0m[2m:[0m [2mcrates/sui-core/src/checkpoints/checkpoint_executor/mod.rs[0m[2m:[0m[2m332:[0m Received checkpoint summary from state sync [3msequence_number[0m[2m=[0m285
[2m2025-03-25T07:55:20.038164Z[0m [32m INFO[0m [1mnode[0m[1m{[0m[3mname[0m[2m=[0mk#addeef94..[1m}[0m[2m:[0m [2msui_core::state_accumulator[0m[2m:[0m [2mcrates/sui-core/src/state_accumulator.rs[0m[2m:[0m[2m675:[0m accumulating running root for checkpoint 285
[2m2025-03-25T07:55:20.066193Z[0m [32m INFO[0m [1mnode[0m[1m{[0m[3mname[0m[2m=[0mk#b3f3cbb4..[1m}[0m[2m:[0m [2msui_core::state_accumulator[0m[2m:[0m [2mcrates/sui-core/src/state_accumulator.rs[0m[2m:[0m[2m675:[0m accumulating running root for checkpoint 285
[2m2025-03-25T07:55:20.161081Z[0m [32m INFO[0m [1mnode[0m[1m{[0m[3mname[0m[2m=[0mk#addeef94..[1m}[0m[2m:[0m [2mconsensus_core::core[0m[2m:[0m [2mconsensus/core/src/core.rs[0m[2m:[0m[2m945:[0m Included 3 ancestors & excluded 0 ancestors for proposal in round 83
[2m2025-03-25T07:55:20.161635Z[0m [32m INFO[0m [1mnode[0m[1m{[0m[3mname[0m[2m=[0mk#addeef94..[1m}[0m[2m:[0m [2mconsensus_core::core[0m[2m:[0m [2mconsensus/core/src/core.rs[0m[2m:[0m[2m531:[0m Created block B83(C,xnjvwCvyMnxLF+Kt2BqmIROcQmK48ScehUnyvj4jVG0=)(1742889320161ms;[B82(C,yslS82VWwK7+8Fsr7lJKT96Xde1SNw7MV4UhxZJ1QdU=), B82(A,kEnaCWOQAlMMyYKnUNUsy5+dTf2a2xKh5T6DIRqs/aU=), B82(B,3vJxNHcFwiw2oudltrtIJNaw6UpYfacTjzR1qcq69+E=)];1t;1c) for round 83
[2m2025-03-25T07:55:20.163827Z[0m [32m INFO[0m [1mnode[0m[1m{[0m[3mname[0m[2m=[0mk#99f25ef6..[1m}[0m[2m:[0m [2mconsensus_core::core[0m[2m:[0m [2mconsensus/core/src/core.rs[0m[2m:[0m[2m945:[0m Included 3 ancestors & excluded 0 ancestors for proposal in round 83
[2m2025-03-25T07:55:20.164193Z[0m [32m INFO[0m [1mnode[0m[1m{[0m[3mname[0m[2m=[0mk#8dcff6d1..[1m}[0m[2m:[0m [2mconsensus_core::core[0m[2m:[0m [2mconsensus/core/src/core.rs[0m[2m:[0m[2m945:[0m Included 3 ancestors & excluded 0 ancestors for proposal in round 83
[2m2025-03-25T07:55:20.164198Z[0m [32m INFO[0m [1mnode[0m[1m{[0m[3mname[0m[2m=[0mk#99f25ef6..[1m}[0m[2m:[0m [2mconsensus_core::core[0m[2m:[0m [2mconsensus/core/src/core.rs[0m[2m:[0m[2m531:[0m Created block B83(B,oUzMDty/RiWoEHo+QlSKy1fPSR9YMJVOhP3wvRzhXWs=)(1742889320163ms;[B82(B,3vJxNHcFwiw2oudltrtIJNaw6UpYfacTjzR1qcq69+E=), B82(A,kEnaCWOQAlMMyYKnUNUsy5+dTf2a2xKh5T6DIRqs/aU=), B82(C,yslS82VWwK7+8Fsr7lJKT96Xde1SNw7MV4UhxZJ1QdU=)];1t;1c) for round 83
[2m2025-03-25T07:55:20.164389Z[0m [32m INFO[0m [1mnode[0m[1m{[0m[3mname[0m[2m=[0mk#99f25ef6..[1m}[0m[2m:[0m [2mconsensus_core::core[0m[2m:[0m [2mconsensus/core/src/core.rs[0m[2m:[0m[2m630:[0m Committing 1 leaders: B81(B,0Ss9)
[2m2025-03-25T07:55:20.164504Z[0m [32m INFO[0m [1mnode[0m[1m{[0m[3mname[0m[2m=[0mk#99f25ef6..[1m}[0m[2m:[0m [2mconsensus_core::commit_observer[0m[2m:[0m [2mconsensus/core/src/commit_observer.rs[0m[2m:[0m[2m173:[0m Consensus commit C74(UuTv) with leader B81(B,0Ss9) has 3 blocks
[2m2025-03-25T07:55:20.164580Z[0m [32m INFO[0m [1mnode[0m[1m{[0m[3mname[0m[2m=[0mk#8dcff6d1..[1m}[0m[2m:[0m [2mconsensus_core::core[0m[2m:[0m [2mconsensus/core/src/core.rs[0m[2m:[0m[2m531:[0m Created block B83(A,zqyGunfWoFmK5y1nwh9FcUcSOaXsAU5kPYYNALzph4c=)(1742889320164ms;[B82(A,kEnaCWOQAlMMyYKnUNUsy5+dTf2a2xKh5T6DIRqs/aU=), B82(B,3vJxNHcFwiw2oudltrtIJNaw6UpYfacTjzR1qcq69+E=), B82(C,yslS82VWwK7+8Fsr7lJKT96Xde1SNw7MV4UhxZJ1QdU=)];1t;1c) for round 83
[2m2025-03-25T07:55:20.164668Z[0m [32m INFO[0m [1mnode[0m[1m{[0m[3mname[0m[2m=[0mk#8dcff6d1..[1m}[0m[2m:[0m [2mconsensus_core::core[0m[2m:[0m [2mconsensus/core/src/core.rs[0m[2m:[0m[2m630:[0m Committing 1 leaders: B81(B,0Ss9)
[2m2025-03-25T07:55:20.164756Z[0m [32m INFO[0m [1mnode[0m[1m{[0m[3mname[0m[2m=[0mk#8dcff6d1..[1m}[0m[2m:[0m [2mconsensus_core::commit_observer[0m[2m:[0m [2mconsensus/core/src/commit_observer.rs[0m[2m:[0m[2m173:[0m Consensus commit C74(UuTv) with leader B81(B,0Ss9) has 3 blocks
[2m2025-03-25T07:55:20.164815Z[0m [32m INFO[0m [1mnode[0m[1m{[0m[3mname[0m[2m=[0mk#99f25ef6..[1m}[0m[2m:[0m [2msui_core::consensus_handler[0m[2m:[0m [2mcrates/sui-core/src/consensus_handler.rs[0m[2m:[0m[2m232:[0m Received consensus output [3mconsensus_commit[0m[2m=[0mCommittedSubDag(leader=B81(B,0Ss9), ref=C74(UuTv), blocks=[A1tj, JMqa, 0Ss9]) [3mepoch[0m[2m=[0m1
[2m2025-03-25T07:55:20.164859Z[0m [32m INFO[0m [1mnode[0m[1m{[0m[3mname[0m[2m=[0mk#8dcff6d1..[1m}[0m[2m:[0m [2msui_core::consensus_handler[0m[2m:[0m [2mcrates/sui-core/src/consensus_handler.rs[0m[2m:[0m[2m232:[0m Received consensus output [3mconsensus_commit[0m[2m=[0mCommittedSubDag(leader=B81(B,0Ss9), ref=C74(UuTv), blocks=[A1tj, JMqa, 0Ss9]) [3mepoch[0m[2m=[0m1
[2m2025-03-25T07:55:20.169606Z[0m [32m INFO[0m [1mnode[0m[1m{[0m[3mname[0m[2m=[0mk#addeef94..[1m}[0m[2m:[0m [2mconsensus_core::core[0m[2m:[0m [2mconsensus/core/src/core.rs[0m[2m:[0m[2m630:[0m Committing 1 leaders: B81(B,0Ss9)
[2m2025-03-25T07:55:20.169719Z[0m [32m INFO[0m [1mnode[0m[1m{[0m[3mname[0m[2m=[0mk#addeef94..[1m}[0m[2m:[0m [2mconsensus_core::commit_observer[0m[2m:[0m [2mconsensus/core/src/commit_observer.rs[0m[2m:[0m[2m173:[0m Consensus commit C74(UuTv) with leader B81(B,0Ss9) has 3 blocks
[2m2025-03-25T07:55:20.169876Z[0m [32m INFO[0m [1mnode[0m[1m{[0m[3mname[0m[2m=[0mk#addeef94..[1m}[0m[2m:[0m [2msui_core::consensus_handler[0m[2m:[0m [2mcrates/sui-core/src/consensus_handler.rs[0m[2m:[0m[2m232:[0m Received consensus output [3mconsensus_commit[0m[2m=[0mCommittedSubDag(leader=B81(B,0Ss9), ref=C74(UuTv), blocks=[A1tj, JMqa, 0Ss9]) [3mepoch[0m[2m=[0m1
[2m2025-03-25T07:55:20.196433Z[0m [32m INFO[0m [1mnode[0m[1m{[0m[3mname[0m[2m=[0mk#8dcff6d1..[1m}[0m[2m:[0m [2msui_core::checkpoints[0m[2m:[0m [2mcrates/sui-core/src/checkpoints/mod.rs[0m[2m:[0m[2m1326:[0m Creating checkpoint(s) for 2 transactions [3mnext_checkpoint_seq[0m[2m=[0m287 [3mcheckpoint_timestamp[0m[2m=[0m1742889319641
[2m2025-03-25T07:55:20.196433Z[0m [32m INFO[0m [1mnode[0m[1m{[0m[3mname[0m[2m=[0mk#99f25ef6..[1m}[0m[2m:[0m [2msui_core::checkpoints[0m[2m:[0m [2mcrates/sui-core/src/checkpoints/mod.rs[0m[2m:[0m[2m1326:[0m Creating checkpoint(s) for 2 transactions [3mnext_checkpoint_seq[0m[2m=[0m287 [3mcheckpoint_timestamp[0m[2m=[0m1742889319641
[2m2025-03-25T07:55:20.196771Z[0m [32m INFO[0m [1mnode[0m[1m{[0m[3mname[0m[2m=[0mk#99f25ef6..[1m}[0m[2m:[0m [2msui_core::checkpoints::checkpoint_output[0m[2m:[0m [2mcrates/sui-core/src/checkpoints/checkpoint_output.rs[0m[2m:[0m[2m149:[0m Creating checkpoint CheckpointDigest(Ep9qwU1wT82ZFcP85j7Rj1mcyuM3zR3p68z2gjbk6vj5) at epoch 1, sequence 287, previous digest Some(CheckpointDigest(7BzoWuw19VZyJMyw3eTHbu8HY2yixNi8FSyRaf2qPbwb)), transactions count 2, content digest CheckpointContentsDigest(FEx2Gq5bKqFuuTYBgeGWi842395Uuuezcnbi1T31xVws), end_of_epoch_data None
[2m2025-03-25T07:55:20.196771Z[0m [32m INFO[0m [1mnode[0m[1m{[0m[3mname[0m[2m=[0mk#8dcff6d1..[1m}[0m[2m:[0m [2msui_core::checkpoints::checkpoint_output[0m[2m:[0m [2mcrates/sui-core/src/checkpoints/checkpoint_output.rs[0m[2m:[0m[2m149:[0m Creating checkpoint CheckpointDigest(Ep9qwU1wT82ZFcP85j7Rj1mcyuM3zR3p68z2gjbk6vj5) at epoch 1, sequence 287, previous digest Some(CheckpointDigest(7BzoWuw19VZyJMyw3eTHbu8HY2yixNi8FSyRaf2qPbwb)), transactions count 2, content digest CheckpointContentsDigest(FEx2Gq5bKqFuuTYBgeGWi842395Uuuezcnbi1T31xVws), end_of_epoch_data None
[2m2025-03-25T07:55:20.199747Z[0m [32m INFO[0m [1mnode[0m[1m{[0m[3mname[0m[2m=[0mk#addeef94..[1m}[0m[2m:[0m [2msui_core::checkpoints[0m[2m:[0m [2mcrates/sui-core/src/checkpoints/mod.rs[0m[2m:[0m[2m1326:[0m Creating checkpoint(s) for 2 transactions [3mnext_checkpoint_seq[0m[2m=[0m287 [3mcheckpoint_timestamp[0m[2m=[0m1742889319641
[2m2025-03-25T07:55:20.199930Z[0m [32m INFO[0m [1mnode[0m[1m{[0m[3mname[0m[2m=[0mk#8dcff6d1..[1m}[0m[2m:[0m [2msui_core::checkpoints::checkpoint_output[0m[2m:[0m [2mcrates/sui-core/src/checkpoints/checkpoint_output.rs[0m[2m:[0m[2m196:[0m Certified checkpoint with sequence 286 and digest 7BzoWuw19VZyJMyw3eTHbu8HY2yixNi8FSyRaf2qPbwb
[2m2025-03-25T07:55:20.199934Z[0m [32m INFO[0m [1mnode[0m[1m{[0m[3mname[0m[2m=[0mk#99f25ef6..[1m}[0m[2m:[0m [2msui_core::checkpoints::checkpoint_output[0m[2m:[0m [2mcrates/sui-core/src/checkpoints/checkpoint_output.rs[0m[2m:[0m[2m196:[0m Certified checkpoint with sequence 286 and digest 7BzoWuw19VZyJMyw3eTHbu8HY2yixNi8FSyRaf2qPbwb
[2m2025-03-25T07:55:20.200002Z[0m [32m INFO[0m [1mnode[0m[1m{[0m[3mname[0m[2m=[0mk#addeef94..[1m}[0m[2m:[0m [2msui_core::checkpoints::checkpoint_output[0m[2m:[0m [2mcrates/sui-core/src/checkpoints/checkpoint_output.rs[0m[2m:[0m[2m149:[0m Creating checkpoint CheckpointDigest(Ep9qwU1wT82ZFcP85j7Rj1mcyuM3zR3p68z2gjbk6vj5) at epoch 1, sequence 287, previous digest Some(CheckpointDigest(7BzoWuw19VZyJMyw3eTHbu8HY2yixNi8FSyRaf2qPbwb)), transactions count 2, content digest CheckpointContentsDigest(FEx2Gq5bKqFuuTYBgeGWi842395Uuuezcnbi1T31xVws), end_of_epoch_data None
[2m2025-03-25T07:55:20.200410Z[0m [32m INFO[0m [1mnode[0m[1m{[0m[3mname[0m[2m=[0mk#8dcff6d1..[1m}[0m[2m:[0m [2msui_core::checkpoints::checkpoint_executor[0m[2m:[0m [2mcrates/sui-core/src/checkpoints/checkpoint_executor/mod.rs[0m[2m:[0m[2m332:[0m Received checkpoint summary from state sync [3msequence_number[0m[2m=[0m286
[2m2025-03-25T07:55:20.200410Z[0m [32m INFO[0m [1mnode[0m[1m{[0m[3mname[0m[2m=[0mk#99f25ef6..[1m}[0m[2m:[0m [2msui_core::checkpoints::checkpoint_executor[0m[2m:[0m [2mcrates/sui-core/src/checkpoints/checkpoint_executor/mod.rs[0m[2m:[0m[2m332:[0m Received checkpoint summary from state sync [3msequence_number[0m[2m=[0m286
[2m2025-03-25T07:55:20.201670Z[0m [32m INFO[0m [1mnode[0m[1m{[0m[3mname[0m[2m=[0mk#8dcff6d1..[1m}[0m[2m:[0m [2msui_core::state_accumulator[0m[2m:[0m [2mcrates/sui-core/src/state_accumulator.rs[0m[2m:[0m[2m675:[0m accumulating running root for checkpoint 286
[2m2025-03-25T07:55:20.201670Z[0m [32m INFO[0m [1mnode[0m[1m{[0m[3mname[0m[2m=[0mk#99f25ef6..[1m}[0m[2m:[0m [2msui_core::state_accumulator[0m[2m:[0m [2mcrates/sui-core/src/state_accumulator.rs[0m[2m:[0m[2m675:[0m accumulating running root for checkpoint 286
[2m2025-03-25T07:55:20.203502Z[0m [32m INFO[0m [1mnode[0m[1m{[0m[3mname[0m[2m=[0mk#addeef94..[1m}[0m[2m:[0m [2msui_core::checkpoints::checkpoint_executor[0m[2m:[0m [2mcrates/sui-core/src/checkpoints/checkpoint_executor/mod.rs[0m[2m:[0m[2m332:[0m Received checkpoint summary from state sync [3msequence_number[0m[2m=[0m286
[2m2025-03-25T07:55:20.204229Z[0m [32m INFO[0m [1mnode[0m[1m{[0m[3mname[0m[2m=[0mk#addeef94..[1m}[0m[2m:[0m [2msui_core::state_accumulator[0m[2m:[0m [2mcrates/sui-core/src/state_accumulator.rs[0m[2m:[0m[2m675:[0m accumulating running root for checkpoint 286
[2m2025-03-25T07:55:20.204710Z[0m [32m INFO[0m [1mnode[0m[1m{[0m[3mname[0m[2m=[0mk#b3f3cbb4..[1m}[0m[2m:[0m [2msui_core::checkpoints::checkpoint_executor[0m[2m:[0m [2mcrates/sui-core/src/checkpoints/checkpoint_executor/mod.rs[0m[2m:[0m[2m332:[0m Received checkpoint summary from state sync [3msequence_number[0m[2m=[0m286
[2m2025-03-25T07:55:20.230620Z[0m [32m INFO[0m [1mnode[0m[1m{[0m[3mname[0m[2m=[0mk#b3f3cbb4..[1m}[0m[2m:[0m [2msui_core::state_accumulator[0m[2m:[0m [2mcrates/sui-core/src/state_accumulator.rs[0m[2m:[0m[2m675:[0m accumulating running root for checkpoint 286
[2m2025-03-25T07:55:20.415827Z[0m [32m INFO[0m [1mnode[0m[1m{[0m[3mname[0m[2m=[0mk#99f25ef6..[1m}[0m[2m:[0m [2mconsensus_core::core[0m[2m:[0m [2mconsensus/core/src/core.rs[0m[2m:[0m[2m945:[0m Included 3 ancestors & excluded 0 ancestors for proposal in round 84
[2m2025-03-25T07:55:20.417016Z[0m [32m INFO[0m [1mnode[0m[1m{[0m[3mname[0m[2m=[0mk#8dcff6d1..[1m}[0m[2m:[0m [2mconsensus_core::core[0m[2m:[0m [2mconsensus/core/src/core.rs[0m[2m:[0m[2m945:[0m Included 3 ancestors & excluded 0 ancestors for proposal in round 84
[2m2025-03-25T07:55:20.417441Z[0m [32m INFO[0m [1mnode[0m[1m{[0m[3mname[0m[2m=[0mk#99f25ef6..[1m}[0m[2m:[0m [2mconsensus_core::core[0m[2m:[0m [2mconsensus/core/src/core.rs[0m[2m:[0m[2m531:[0m Created block B84(B,hCH3FxUAe6b8KPBAGJd6K5a+TxFPr9cY8dS3SweZnlQ=)(1742889320416ms;[B83(B,oUzMDty/RiWoEHo+QlSKy1fPSR9YMJVOhP3wvRzhXWs=), B83(A,zqyGunfWoFmK5y1nwh9FcUcSOaXsAU5kPYYNALzph4c=), B83(C,xnjvwCvyMnxLF+Kt2BqmIROcQmK48ScehUnyvj4jVG0=)];1t;1c) for round 84
[2m2025-03-25T07:55:20.417985Z[0m [32m INFO[0m [1mnode[0m[1m{[0m[3mname[0m[2m=[0mk#8dcff6d1..[1m}[0m[2m:[0m [2mconsensus_core::core[0m[2m:[0m [2mconsensus/core/src/core.rs[0m[2m:[0m[2m531:[0m Created block B84(A,1cNn46Z/opeW7Dpq5bVw+k0KiCMR0a4CgMDQzpDMK+w=)(1742889320417ms;[B83(A,zqyGunfWoFmK5y1nwh9FcUcSOaXsAU5kPYYNALzph4c=), B83(B,oUzMDty/RiWoEHo+QlSKy1fPSR9YMJVOhP3wvRzhXWs=), B83(C,xnjvwCvyMnxLF+Kt2BqmIROcQmK48ScehUnyvj4jVG0=)];1t;1c) for round 84
[2m2025-03-25T07:55:20.425106Z[0m [32m INFO[0m [1mnode[0m[1m{[0m[3mname[0m[2m=[0mk#addeef94..[1m}[0m[2m:[0m [2mconsensus_core::core[0m[2m:[0m [2mconsensus/core/src/core.rs[0m[2m:[0m[2m945:[0m Included 3 ancestors & excluded 0 ancestors for proposal in round 84
[2m2025-03-25T07:55:20.425699Z[0m [32m INFO[0m [1mnode[0m[1m{[0m[3mname[0m[2m=[0mk#addeef94..[1m}[0m[2m:[0m [2mconsensus_core::core[0m[2m:[0m [2mconsensus/core/src/core.rs[0m[2m:[0m[2m531:[0m Created block B84(C,6aXUlMQANPmfEQbXoTSgbd5loDwVFcyXQj4IGDAdKBQ=)(1742889320425ms;[B83(C,xnjvwCvyMnxLF+Kt2BqmIROcQmK48ScehUnyvj4jVG0=), B83(A,zqyGunfWoFmK5y1nwh9FcUcSOaXsAU5kPYYNALzph4c=), B83(B,oUzMDty/RiWoEHo+QlSKy1fPSR9YMJVOhP3wvRzhXWs=)];1t;1c) for round 84
[2m2025-03-25T07:55:20.425833Z[0m [32m INFO[0m [1mnode[0m[1m{[0m[3mname[0m[2m=[0mk#addeef94..[1m}[0m[2m:[0m [2mconsensus_core::core[0m[2m:[0m [2mconsensus/core/src/core.rs[0m[2m:[0m[2m630:[0m Committing 1 leaders: B82(B,3vJx)
[2m2025-03-25T07:55:20.425967Z[0m [32m INFO[0m [1mnode[0m[1m{[0m[3mname[0m[2m=[0mk#addeef94..[1m}[0m[2m:[0m [2mconsensus_core::commit_observer[0m[2m:[0m [2mconsensus/core/src/commit_observer.rs[0m[2m:[0m[2m173:[0m Consensus commit C75(EW4a) with leader B82(B,3vJx) has 3 blocks
[2m2025-03-25T07:55:20.426442Z[0m [32m INFO[0m [1mnode[0m[1m{[0m[3mname[0m[2m=[0mk#addeef94..[1m}[0m[2m:[0m [2msui_core::consensus_handler[0m[2m:[0m [2mcrates/sui-core/src/consensus_handler.rs[0m[2m:[0m[2m232:[0m Received consensus output [3mconsensus_commit[0m[2m=[0mCommittedSubDag(leader=B82(B,3vJx), ref=C75(EW4a), blocks=[2+Iz, kVV+, 3vJx]) [3mepoch[0m[2m=[0m1
[2m2025-03-25T07:55:20.432064Z[0m [32m INFO[0m [1mnode[0m[1m{[0m[3mname[0m[2m=[0mk#8dcff6d1..[1m}[0m[2m:[0m [2msui_core::checkpoints::checkpoint_output[0m[2m:[0m [2mcrates/sui-core/src/checkpoints/checkpoint_output.rs[0m[2m:[0m[2m196:[0m Certified checkpoint with sequence 287 and digest Ep9qwU1wT82ZFcP85j7Rj1mcyuM3zR3p68z2gjbk6vj5
[2m2025-03-25T07:55:20.432059Z[0m [32m INFO[0m [1mnode[0m[1m{[0m[3mname[0m[2m=[0mk#99f25ef6..[1m}[0m[2m:[0m [2msui_core::checkpoints::checkpoint_output[0m[2m:[0m [2mcrates/sui-core/src/checkpoints/checkpoint_output.rs[0m[2m:[0m[2m196:[0m Certified checkpoint with sequence 287 and digest Ep9qwU1wT82ZFcP85j7Rj1mcyuM3zR3p68z2gjbk6vj5
[2m2025-03-25T07:55:20.432236Z[0m [32m INFO[0m [1mnode[0m[1m{[0m[3mname[0m[2m=[0mk#8dcff6d1..[1m}[0m[2m:[0m [2mconsensus_core::core[0m[2m:[0m [2mconsensus/core/src/core.rs[0m[2m:[0m[2m630:[0m Committing 1 leaders: B82(B,3vJx)
[2m2025-03-25T07:55:20.432236Z[0m [32m INFO[0m [1mnode[0m[1m{[0m[3mname[0m[2m=[0mk#99f25ef6..[1m}[0m[2m:[0m [2mconsensus_core::core[0m[2m:[0m [2mconsensus/core/src/core.rs[0m[2m:[0m[2m630:[0m Committing 1 leaders: B82(B,3vJx)
[2m2025-03-25T07:55:20.432402Z[0m [32m INFO[0m [1mnode[0m[1m{[0m[3mname[0m[2m=[0mk#8dcff6d1..[1m}[0m[2m:[0m [2mconsensus_core::commit_observer[0m[2m:[0m [2mconsensus/core/src/commit_observer.rs[0m[2m:[0m[2m173:[0m Consensus commit C75(EW4a) with leader B82(B,3vJx) has 3 blocks
[2m2025-03-25T07:55:20.432408Z[0m [32m INFO[0m [1mnode[0m[1m{[0m[3mname[0m[2m=[0mk#99f25ef6..[1m}[0m[2m:[0m [2mconsensus_core::commit_observer[0m[2m:[0m [2mconsensus/core/src/commit_observer.rs[0m[2m:[0m[2m173:[0m Consensus commit C75(EW4a) with leader B82(B,3vJx) has 3 blocks
[2m2025-03-25T07:55:20.433131Z[0m [32m INFO[0m [1mnode[0m[1m{[0m[3mname[0m[2m=[0mk#8dcff6d1..[1m}[0m[2m:[0m [2msui_core::consensus_handler[0m[2m:[0m [2mcrates/sui-core/src/consensus_handler.rs[0m[2m:[0m[2m232:[0m Received consensus output [3mconsensus_commit[0m[2m=[0mCommittedSubDag(leader=B82(B,3vJx), ref=C75(EW4a), blocks=[2+Iz, kVV+, 3vJx]) [3mepoch[0m[2m=[0m1
[2m2025-03-25T07:55:20.433136Z[0m [32m INFO[0m [1mnode[0m[1m{[0m[3mname[0m[2m=[0mk#99f25ef6..[1m}[0m[2m:[0m [2msui_core::consensus_handler[0m[2m:[0m [2mcrates/sui-core/src/consensus_handler.rs[0m[2m:[0m[2m232:[0m Received consensus output [3mconsensus_commit[0m[2m=[0mCommittedSubDag(leader=B82(B,3vJx), ref=C75(EW4a), blocks=[2+Iz, kVV+, 3vJx]) [3mepoch[0m[2m=[0m1
[2m2025-03-25T07:55:20.434111Z[0m [32m INFO[0m [1mnode[0m[1m{[0m[3mname[0m[2m=[0mk#8dcff6d1..[1m}[0m[2m:[0m [2msui_core::checkpoints::checkpoint_executor[0m[2m:[0m [2mcrates/sui-core/src/checkpoints/checkpoint_executor/mod.rs[0m[2m:[0m[2m332:[0m Received checkpoint summary from state sync [3msequence_number[0m[2m=[0m287
[2m2025-03-25T07:55:20.434111Z[0m [32m INFO[0m [1mnode[0m[1m{[0m[3mname[0m[2m=[0mk#99f25ef6..[1m}[0m[2m:[0m [2msui_core::checkpoints::checkpoint_executor[0m[2m:[0m [2mcrates/sui-core/src/checkpoints/checkpoint_executor/mod.rs[0m[2m:[0m[2m332:[0m Received checkpoint summary from state sync [3msequence_number[0m[2m=[0m287
[2m2025-03-25T07:55:20.453593Z[0m [32m INFO[0m [1mnode[0m[1m{[0m[3mname[0m[2m=[0mk#99f25ef6..[1m}[0m[2m:[0m [2msui_core::state_accumulator[0m[2m:[0m [2mcrates/sui-core/src/state_accumulator.rs[0m[2m:[0m[2m675:[0m accumulating running root for checkpoint 287
[2m2025-03-25T07:55:20.453594Z[0m [32m INFO[0m [1mnode[0m[1m{[0m[3mname[0m[2m=[0mk#8dcff6d1..[1m}[0m[2m:[0m [2msui_core::state_accumulator[0m[2m:[0m [2mcrates/sui-core/src/state_accumulator.rs[0m[2m:[0m[2m675:[0m accumulating running root for checkpoint 287
[2m2025-03-25T07:55:20.482949Z[0m [32m INFO[0m [1mnode[0m[1m{[0m[3mname[0m[2m=[0mk#addeef94..[1m}[0m[2m:[0m [2msui_core::checkpoints[0m[2m:[0m [2mcrates/sui-core/src/checkpoints/mod.rs[0m[2m:[0m[2m1326:[0m Creating checkpoint(s) for 1 transactions [3mnext_checkpoint_seq[0m[2m=[0m288 [3mcheckpoint_timestamp[0m[2m=[0m1742889319896
[2m2025-03-25T07:55:20.483192Z[0m [32m INFO[0m [1mnode[0m[1m{[0m[3mname[0m[2m=[0mk#addeef94..[1m}[0m[2m:[0m [2msui_core::checkpoints::checkpoint_output[0m[2m:[0m [2mcrates/sui-core/src/checkpoints/checkpoint_output.rs[0m[2m:[0m[2m149:[0m Creating checkpoint CheckpointDigest(6ztWJEnXVcaXX2PdGfZNQMqfgdZfJzzBhnMDCxC16AZJ) at epoch 1, sequence 288, previous digest Some(CheckpointDigest(Ep9qwU1wT82ZFcP85j7Rj1mcyuM3zR3p68z2gjbk6vj5)), transactions count 1, content digest CheckpointContentsDigest(8WeoQojxqdLEhDQtPfPwaBPeijJ3bd5eNp4H9QCf5XW1), end_of_epoch_data None
[2m2025-03-25T07:55:20.487895Z[0m [32m INFO[0m [1mnode[0m[1m{[0m[3mname[0m[2m=[0mk#8dcff6d1..[1m}[0m[2m:[0m [2msui_core::checkpoints[0m[2m:[0m [2mcrates/sui-core/src/checkpoints/mod.rs[0m[2m:[0m[2m1326:[0m Creating checkpoint(s) for 1 transactions [3mnext_checkpoint_seq[0m[2m=[0m288 [3mcheckpoint_timestamp[0m[2m=[0m1742889319896
[2m2025-03-25T07:55:20.487897Z[0m [32m INFO[0m [1mnode[0m[1m{[0m[3mname[0m[2m=[0mk#99f25ef6..[1m}[0m[2m:[0m [2msui_core::checkpoints[0m[2m:[0m [2mcrates/sui-core/src/checkpoints/mod.rs[0m[2m:[0m[2m1326:[0m Creating checkpoint(s) for 1 transactions [3mnext_checkpoint_seq[0m[2m=[0m288 [3mcheckpoint_timestamp[0m[2m=[0m1742889319896
[2m2025-03-25T07:55:20.488075Z[0m [32m INFO[0m [1mnode[0m[1m{[0m[3mname[0m[2m=[0mk#99f25ef6..[1m}[0m[2m:[0m [2msui_core::checkpoints::checkpoint_output[0m[2m:[0m [2mcrates/sui-core/src/checkpoints/checkpoint_output.rs[0m[2m:[0m[2m149:[0m Creating checkpoint CheckpointDigest(6ztWJEnXVcaXX2PdGfZNQMqfgdZfJzzBhnMDCxC16AZJ) at epoch 1, sequence 288, previous digest Some(CheckpointDigest(Ep9qwU1wT82ZFcP85j7Rj1mcyuM3zR3p68z2gjbk6vj5)), transactions count 1, content digest CheckpointContentsDigest(8WeoQojxqdLEhDQtPfPwaBPeijJ3bd5eNp4H9QCf5XW1), end_of_epoch_data None
[2m2025-03-25T07:55:20.488075Z[0m [32m INFO[0m [1mnode[0m[1m{[0m[3mname[0m[2m=[0mk#8dcff6d1..[1m}[0m[2m:[0m [2msui_core::checkpoints::checkpoint_output[0m[2m:[0m [2mcrates/sui-core/src/checkpoints/checkpoint_output.rs[0m[2m:[0m[2m149:[0m Creating checkpoint CheckpointDigest(6ztWJEnXVcaXX2PdGfZNQMqfgdZfJzzBhnMDCxC16AZJ) at epoch 1, sequence 288, previous digest Some(CheckpointDigest(Ep9qwU1wT82ZFcP85j7Rj1mcyuM3zR3p68z2gjbk6vj5)), transactions count 1, content digest CheckpointContentsDigest(8WeoQojxqdLEhDQtPfPwaBPeijJ3bd5eNp4H9QCf5XW1), end_of_epoch_data None
[2m2025-03-25T07:55:20.507459Z[0m [32m INFO[0m [1mnode[0m[1m{[0m[3mname[0m[2m=[0mk#b3f3cbb4..[1m}[0m[2m:[0m [2msui_core::checkpoints::checkpoint_executor[0m[2m:[0m [2mcrates/sui-core/src/checkpoints/checkpoint_executor/mod.rs[0m[2m:[0m[2m332:[0m Received checkpoint summary from state sync [3msequence_number[0m[2m=[0m287
[2m2025-03-25T07:55:20.549556Z[0m [32m INFO[0m [1mnode[0m[1m{[0m[3mname[0m[2m=[0mk#addeef94..[1m}[0m[2m:[0m [2msui_core::checkpoints::checkpoint_executor[0m[2m:[0m [2mcrates/sui-core/src/checkpoints/checkpoint_executor/mod.rs[0m[2m:[0m[2m332:[0m Received checkpoint summary from state sync [3msequence_number[0m[2m=[0m287
[2m2025-03-25T07:55:20.550950Z[0m [32m INFO[0m [1mnode[0m[1m{[0m[3mname[0m[2m=[0mk#addeef94..[1m}[0m[2m:[0m [2msui_core::state_accumulator[0m[2m:[0m [2mcrates/sui-core/src/state_accumulator.rs[0m[2m:[0m[2m675:[0m accumulating running root for checkpoint 287
[2m2025-03-25T07:55:20.597131Z[0m [32m INFO[0m [1mnode[0m[1m{[0m[3mname[0m[2m=[0mk#b3f3cbb4..[1m}[0m[2m:[0m [2msui_core::state_accumulator[0m[2m:[0m [2mcrates/sui-core/src/state_accumulator.rs[0m[2m:[0m[2m675:[0m accumulating running root for checkpoint 287
[2m2025-03-25T07:55:20.679954Z[0m [32m INFO[0m [1mnode[0m[1m{[0m[3mname[0m[2m=[0mk#addeef94..[1m}[0m[2m:[0m [2mconsensus_core::core[0m[2m:[0m [2mconsensus/core/src/core.rs[0m[2m:[0m[2m945:[0m Included 3 ancestors & excluded 0 ancestors for proposal in round 85
[2m2025-03-25T07:55:20.680503Z[0m [32m INFO[0m [1mnode[0m[1m{[0m[3mname[0m[2m=[0mk#addeef94..[1m}[0m[2m:[0m [2mconsensus_core::core[0m[2m:[0m [2mconsensus/core/src/core.rs[0m[2m:[0m[2m531:[0m Created block B85(C,4LlawiuAmRllbpi3waI1KtI1SoiACqKXPT/XDEq3Wxg=)(1742889320680ms;[B84(C,6aXUlMQANPmfEQbXoTSgbd5loDwVFcyXQj4IGDAdKBQ=), B84(A,1cNn46Z/opeW7Dpq5bVw+k0KiCMR0a4CgMDQzpDMK+w=), B84(B,hCH3FxUAe6b8KPBAGJd6K5a+TxFPr9cY8dS3SweZnlQ=)];1t;1c) for round 85
[2m2025-03-25T07:55:20.684256Z[0m [32m INFO[0m [1mnode[0m[1m{[0m[3mname[0m[2m=[0mk#99f25ef6..[1m}[0m[2m:[0m [2mconsensus_core::core[0m[2m:[0m [2mconsensus/core/src/core.rs[0m[2m:[0m[2m945:[0m Included 3 ancestors & excluded 0 ancestors for proposal in round 85
[2m2025-03-25T07:55:20.684257Z[0m [32m INFO[0m [1mnode[0m[1m{[0m[3mname[0m[2m=[0mk#8dcff6d1..[1m}[0m[2m:[0m [2mconsensus_core::core[0m[2m:[0m [2mconsensus/core/src/core.rs[0m[2m:[0m[2m945:[0m Included 3 ancestors & excluded 0 ancestors for proposal in round 85
[2m2025-03-25T07:55:20.684681Z[0m [32m INFO[0m [1mnode[0m[1m{[0m[3mname[0m[2m=[0mk#99f25ef6..[1m}[0m[2m:[0m [2mconsensus_core::core[0m[2m:[0m [2mconsensus/core/src/core.rs[0m[2m:[0m[2m531:[0m Created block B85(B,dJsf9T4LObqdxcfXQ4EYxowKnrHTubfW6KEwug1DvXg=)(1742889320684ms;[B84(B,hCH3FxUAe6b8KPBAGJd6K5a+TxFPr9cY8dS3SweZnlQ=), B84(A,1cNn46Z/opeW7Dpq5bVw+k0KiCMR0a4CgMDQzpDMK+w=), B84(C,6aXUlMQANPmfEQbXoTSgbd5loDwVFcyXQj4IGDAdKBQ=)];1t;1c) for round 85
[2m2025-03-25T07:55:20.684685Z[0m [32m INFO[0m [1mnode[0m[1m{[0m[3mname[0m[2m=[0mk#8dcff6d1..[1m}[0m[2m:[0m [2mconsensus_core::core[0m[2m:[0m [2mconsensus/core/src/core.rs[0m[2m:[0m[2m531:[0m Created block B85(A,4oWGb1yEmvdFlypnOEcrdzHJk4pgAsAD96W5C5EEjAA=)(1742889320684ms;[B84(A,1cNn46Z/opeW7Dpq5bVw+k0KiCMR0a4CgMDQzpDMK+w=), B84(B,hCH3FxUAe6b8KPBAGJd6K5a+TxFPr9cY8dS3SweZnlQ=), B84(C,6aXUlMQANPmfEQbXoTSgbd5loDwVFcyXQj4IGDAdKBQ=)];1t;1c) for round 85
[2m2025-03-25T07:55:20.684781Z[0m [32m INFO[0m [1mnode[0m[1m{[0m[3mname[0m[2m=[0mk#8dcff6d1..[1m}[0m[2m:[0m [2mconsensus_core::core[0m[2m:[0m [2mconsensus/core/src/core.rs[0m[2m:[0m[2m630:[0m Committing 1 leaders: B83(B,oUzM)
[2m2025-03-25T07:55:20.684781Z[0m [32m INFO[0m [1mnode[0m[1m{[0m[3mname[0m[2m=[0mk#99f25ef6..[1m}[0m[2m:[0m [2mconsensus_core::core[0m[2m:[0m [2mconsensus/core/src/core.rs[0m[2m:[0m[2m630:[0m Committing 1 leaders: B83(B,oUzM)
[2m2025-03-25T07:55:20.684888Z[0m [32m INFO[0m [1mnode[0m[1m{[0m[3mname[0m[2m=[0mk#99f25ef6..[1m}[0m[2m:[0m [2mconsensus_core::commit_observer[0m[2m:[0m [2mconsensus/core/src/commit_observer.rs[0m[2m:[0m[2m173:[0m Consensus commit C76(hmw4) with leader B83(B,oUzM) has 3 blocks
[2m2025-03-25T07:55:20.684888Z[0m [32m INFO[0m [1mnode[0m[1m{[0m[3mname[0m[2m=[0mk#8dcff6d1..[1m}[0m[2m:[0m [2mconsensus_core::commit_observer[0m[2m:[0m [2mconsensus/core/src/commit_observer.rs[0m[2m:[0m[2m173:[0m Consensus commit C76(hmw4) with leader B83(B,oUzM) has 3 blocks
[2m2025-03-25T07:55:20.685014Z[0m [32m INFO[0m [1mnode[0m[1m{[0m[3mname[0m[2m=[0mk#8dcff6d1..[1m}[0m[2m:[0m [2msui_core::consensus_handler[0m[2m:[0m [2mcrates/sui-core/src/consensus_handler.rs[0m[2m:[0m[2m232:[0m Received consensus output [3mconsensus_commit[0m[2m=[0mCommittedSubDag(leader=B83(B,oUzM), ref=C76(hmw4), blocks=[kEna, yslS, oUzM]) [3mepoch[0m[2m=[0m1
[2m2025-03-25T07:55:20.685015Z[0m [32m INFO[0m [1mnode[0m[1m{[0m[3mname[0m[2m=[0mk#99f25ef6..[1m}[0m[2m:[0m [2msui_core::consensus_handler[0m[2m:[0m [2mcrates/sui-core/src/consensus_handler.rs[0m[2m:[0m[2m232:[0m Received consensus output [3mconsensus_commit[0m[2m=[0mCommittedSubDag(leader=B83(B,oUzM), ref=C76(hmw4), blocks=[kEna, yslS, oUzM]) [3mepoch[0m[2m=[0m1
[2m2025-03-25T07:55:20.689875Z[0m [32m INFO[0m [1mnode[0m[1m{[0m[3mname[0m[2m=[0mk#addeef94..[1m}[0m[2m:[0m [2mconsensus_core::core[0m[2m:[0m [2mconsensus/core/src/core.rs[0m[2m:[0m[2m630:[0m Committing 1 leaders: B83(B,oUzM)
[2m2025-03-25T07:55:20.689993Z[0m [32m INFO[0m [1mnode[0m[1m{[0m[3mname[0m[2m=[0mk#addeef94..[1m}[0m[2m:[0m [2mconsensus_core::commit_observer[0m[2m:[0m [2mconsensus/core/src/commit_observer.rs[0m[2m:[0m[2m173:[0m Consensus commit C76(hmw4) with leader B83(B,oUzM) has 3 blocks
[2m2025-03-25T07:55:20.690155Z[0m [32m INFO[0m [1mnode[0m[1m{[0m[3mname[0m[2m=[0mk#addeef94..[1m}[0m[2m:[0m [2msui_core::consensus_handler[0m[2m:[0m [2mcrates/sui-core/src/consensus_handler.rs[0m[2m:[0m[2m232:[0m Received consensus output [3mconsensus_commit[0m[2m=[0mCommittedSubDag(leader=B83(B,oUzM), ref=C76(hmw4), blocks=[kEna, yslS, oUzM]) [3mepoch[0m[2m=[0m1
[2m2025-03-25T07:55:20.716145Z[0m [32m INFO[0m [1mnode[0m[1m{[0m[3mname[0m[2m=[0mk#8dcff6d1..[1m}[0m[2m:[0m [2msui_core::checkpoints[0m[2m:[0m [2mcrates/sui-core/src/checkpoints/mod.rs[0m[2m:[0m[2m1326:[0m Creating checkpoint(s) for 2 transactions [3mnext_checkpoint_seq[0m[2m=[0m289 [3mcheckpoint_timestamp[0m[2m=[0m1742889320163
[2m2025-03-25T07:55:20.716150Z[0m [32m INFO[0m [1mnode[0m[1m{[0m[3mname[0m[2m=[0mk#99f25ef6..[1m}[0m[2m:[0m [2msui_core::checkpoints[0m[2m:[0m [2mcrates/sui-core/src/checkpoints/mod.rs[0m[2m:[0m[2m1326:[0m Creating checkpoint(s) for 2 transactions [3mnext_checkpoint_seq[0m[2m=[0m289 [3mcheckpoint_timestamp[0m[2m=[0m1742889320163
[2m2025-03-25T07:55:20.716462Z[0m [32m INFO[0m [1mnode[0m[1m{[0m[3mname[0m[2m=[0mk#99f25ef6..[1m}[0m[2m:[0m [2msui_core::checkpoints::checkpoint_output[0m[2m:[0m [2mcrates/sui-core/src/checkpoints/checkpoint_output.rs[0m[2m:[0m[2m149:[0m Creating checkpoint CheckpointDigest(AFhad3Zw3V6imsTHeSNGKJfZAMb4kHDQ6rkLD7CjrXXX) at epoch 1, sequence 289, previous digest Some(CheckpointDigest(6ztWJEnXVcaXX2PdGfZNQMqfgdZfJzzBhnMDCxC16AZJ)), transactions count 2, content digest CheckpointContentsDigest(Ah1HUs1NPiiJBs2Nz67u1q5uikfPQMXSNin5mPrbJZ2a), end_of_epoch_data None
[2m2025-03-25T07:55:20.716462Z[0m [32m INFO[0m [1mnode[0m[1m{[0m[3mname[0m[2m=[0mk#8dcff6d1..[1m}[0m[2m:[0m [2msui_core::checkpoints::checkpoint_output[0m[2m:[0m [2mcrates/sui-core/src/checkpoints/checkpoint_output.rs[0m[2m:[0m[2m149:[0m Creating checkpoint CheckpointDigest(AFhad3Zw3V6imsTHeSNGKJfZAMb4kHDQ6rkLD7CjrXXX) at epoch 1, sequence 289, previous digest Some(CheckpointDigest(6ztWJEnXVcaXX2PdGfZNQMqfgdZfJzzBhnMDCxC16AZJ)), transactions count 2, content digest CheckpointContentsDigest(Ah1HUs1NPiiJBs2Nz67u1q5uikfPQMXSNin5mPrbJZ2a), end_of_epoch_data None
[2m2025-03-25T07:55:20.719501Z[0m [32m INFO[0m [1mnode[0m[1m{[0m[3mname[0m[2m=[0mk#addeef94..[1m}[0m[2m:[0m [2msui_core::checkpoints[0m[2m:[0m [2mcrates/sui-core/src/checkpoints/mod.rs[0m[2m:[0m[2m1326:[0m Creating checkpoint(s) for 2 transactions [3mnext_checkpoint_seq[0m[2m=[0m289 [3mcheckpoint_timestamp[0m[2m=[0m1742889320163
[2m2025-03-25T07:55:20.719568Z[0m [32m INFO[0m [1mnode[0m[1m{[0m[3mname[0m[2m=[0mk#99f25ef6..[1m}[0m[2m:[0m [2msui_core::checkpoints::checkpoint_output[0m[2m:[0m [2mcrates/sui-core/src/checkpoints/checkpoint_output.rs[0m[2m:[0m[2m196:[0m Certified checkpoint with sequence 288 and digest 6ztWJEnXVcaXX2PdGfZNQMqfgdZfJzzBhnMDCxC16AZJ
[2m2025-03-25T07:55:20.719575Z[0m [32m INFO[0m [1mnode[0m[1m{[0m[3mname[0m[2m=[0mk#8dcff6d1..[1m}[0m[2m:[0m [2msui_core::checkpoints::checkpoint_output[0m[2m:[0m [2mcrates/sui-core/src/checkpoints/checkpoint_output.rs[0m[2m:[0m[2m196:[0m Certified checkpoint with sequence 288 and digest 6ztWJEnXVcaXX2PdGfZNQMqfgdZfJzzBhnMDCxC16AZJ
[2m2025-03-25T07:55:20.719756Z[0m [32m INFO[0m [1mnode[0m[1m{[0m[3mname[0m[2m=[0mk#addeef94..[1m}[0m[2m:[0m [2msui_core::checkpoints::checkpoint_output[0m[2m:[0m [2mcrates/sui-core/src/checkpoints/checkpoint_output.rs[0m[2m:[0m[2m149:[0m Creating checkpoint CheckpointDigest(AFhad3Zw3V6imsTHeSNGKJfZAMb4kHDQ6rkLD7CjrXXX) at epoch 1, sequence 289, previous digest Some(CheckpointDigest(6ztWJEnXVcaXX2PdGfZNQMqfgdZfJzzBhnMDCxC16AZJ)), transactions count 2, content digest CheckpointContentsDigest(Ah1HUs1NPiiJBs2Nz67u1q5uikfPQMXSNin5mPrbJZ2a), end_of_epoch_data None
[2m2025-03-25T07:55:20.719934Z[0m [32m INFO[0m [1mnode[0m[1m{[0m[3mname[0m[2m=[0mk#99f25ef6..[1m}[0m[2m:[0m [2msui_core::checkpoints::checkpoint_executor[0m[2m:[0m [2mcrates/sui-core/src/checkpoints/checkpoint_executor/mod.rs[0m[2m:[0m[2m332:[0m Received checkpoint summary from state sync [3msequence_number[0m[2m=[0m288
[2m2025-03-25T07:55:20.719934Z[0m [32m INFO[0m [1mnode[0m[1m{[0m[3mname[0m[2m=[0mk#8dcff6d1..[1m}[0m[2m:[0m [2msui_core::checkpoints::checkpoint_executor[0m[2m:[0m [2mcrates/sui-core/src/checkpoints/checkpoint_executor/mod.rs[0m[2m:[0m[2m332:[0m Received checkpoint summary from state sync [3msequence_number[0m[2m=[0m288
[2m2025-03-25T07:55:20.721112Z[0m [32m INFO[0m [1mnode[0m[1m{[0m[3mname[0m[2m=[0mk#99f25ef6..[1m}[0m[2m:[0m [2msui_core::state_accumulator[0m[2m:[0m [2mcrates/sui-core/src/state_accumulator.rs[0m[2m:[0m[2m675:[0m accumulating running root for checkpoint 288
[2m2025-03-25T07:55:20.721114Z[0m [32m INFO[0m [1mnode[0m[1m{[0m[3mname[0m[2m=[0mk#8dcff6d1..[1m}[0m[2m:[0m [2msui_core::state_accumulator[0m[2m:[0m [2mcrates/sui-core/src/state_accumulator.rs[0m[2m:[0m[2m675:[0m accumulating running root for checkpoint 288
[2m2025-03-25T07:55:20.723370Z[0m [32m INFO[0m [1mnode[0m[1m{[0m[3mname[0m[2m=[0mk#addeef94..[1m}[0m[2m:[0m [2msui_core::checkpoints::checkpoint_executor[0m[2m:[0m [2mcrates/sui-core/src/checkpoints/checkpoint_executor/mod.rs[0m[2m:[0m[2m332:[0m Received checkpoint summary from state sync [3msequence_number[0m[2m=[0m288
[2m2025-03-25T07:55:20.724104Z[0m [32m INFO[0m [1mnode[0m[1m{[0m[3mname[0m[2m=[0mk#addeef94..[1m}[0m[2m:[0m [2msui_core::state_accumulator[0m[2m:[0m [2mcrates/sui-core/src/state_accumulator.rs[0m[2m:[0m[2m675:[0m accumulating running root for checkpoint 288
[2m2025-03-25T07:55:20.724324Z[0m [32m INFO[0m [1mnode[0m[1m{[0m[3mname[0m[2m=[0mk#b3f3cbb4..[1m}[0m[2m:[0m [2msui_core::checkpoints::checkpoint_executor[0m[2m:[0m [2mcrates/sui-core/src/checkpoints/checkpoint_executor/mod.rs[0m[2m:[0m[2m332:[0m Received checkpoint summary from state sync [3msequence_number[0m[2m=[0m288
[2m2025-03-25T07:55:20.750198Z[0m [32m INFO[0m [1mnode[0m[1m{[0m[3mname[0m[2m=[0mk#b3f3cbb4..[1m}[0m[2m:[0m [2msui_core::state_accumulator[0m[2m:[0m [2mcrates/sui-core/src/state_accumulator.rs[0m[2m:[0m[2m675:[0m accumulating running root for checkpoint 288
[2m2025-03-25T07:55:20.937946Z[0m [32m INFO[0m [1mnode[0m[1m{[0m[3mname[0m[2m=[0mk#8dcff6d1..[1m}[0m[2m:[0m [2mconsensus_core::core[0m[2m:[0m [2mconsensus/core/src/core.rs[0m[2m:[0m[2m945:[0m Included 3 ancestors & excluded 0 ancestors for proposal in round 86
[2m2025-03-25T07:55:20.938261Z[0m [32m INFO[0m [1mnode[0m[1m{[0m[3mname[0m[2m=[0mk#99f25ef6..[1m}[0m[2m:[0m [2mconsensus_core::core[0m[2m:[0m [2mconsensus/core/src/core.rs[0m[2m:[0m[2m945:[0m Included 3 ancestors & excluded 0 ancestors for proposal in round 86
[2m2025-03-25T07:55:20.939738Z[0m [32m INFO[0m [1mnode[0m[1m{[0m[3mname[0m[2m=[0mk#99f25ef6..[1m}[0m[2m:[0m [2mconsensus_core::core[0m[2m:[0m [2mconsensus/core/src/core.rs[0m[2m:[0m[2m531:[0m Created block B86(B,ImbFbLlORtGbSBJYAOA4HbpKwYhiXo+V6w2bNG3bUM0=)(1742889320938ms;[B85(B,dJsf9T4LObqdxcfXQ4EYxowKnrHTubfW6KEwug1DvXg=), B85(A,4oWGb1yEmvdFlypnOEcrdzHJk4pgAsAD96W5C5EEjAA=), B85(C,4LlawiuAmRllbpi3waI1KtI1SoiACqKXPT/XDEq3Wxg=)];1t;1c) for round 86
[2m2025-03-25T07:55:20.939738Z[0m [32m INFO[0m [1mnode[0m[1m{[0m[3mname[0m[2m=[0mk#8dcff6d1..[1m}[0m[2m:[0m [2mconsensus_core::core[0m[2m:[0m [2mconsensus/core/src/core.rs[0m[2m:[0m[2m531:[0m Created block B86(A,1pLvfmxYTLY87CgonaJu37EEQAGweBWTWj5AoQjur30=)(1742889320938ms;[B85(A,4oWGb1yEmvdFlypnOEcrdzHJk4pgAsAD96W5C5EEjAA=), B85(B,dJsf9T4LObqdxcfXQ4EYxowKnrHTubfW6KEwug1DvXg=), B85(C,4LlawiuAmRllbpi3waI1KtI1SoiACqKXPT/XDEq3Wxg=)];1t;1c) for round 86
[2m2025-03-25T07:55:20.950138Z[0m [32m INFO[0m [1mnode[0m[1m{[0m[3mname[0m[2m=[0mk#addeef94..[1m}[0m[2m:[0m [2mconsensus_core::core[0m[2m:[0m [2mconsensus/core/src/core.rs[0m[2m:[0m[2m945:[0m Included 3 ancestors & excluded 0 ancestors for proposal in round 86
[2m2025-03-25T07:55:20.951271Z[0m [32m INFO[0m [1mnode[0m[1m{[0m[3mname[0m[2m=[0mk#addeef94..[1m}[0m[2m:[0m [2mconsensus_core::core[0m[2m:[0m [2mconsensus/core/src/core.rs[0m[2m:[0m[2m531:[0m Created block B86(C,fAVqaG7Rto2x1EtM/tjpihdh+CttbVaEukclp2nqTfc=)(1742889320950ms;[B85(C,4LlawiuAmRllbpi3waI1KtI1SoiACqKXPT/XDEq3Wxg=), B85(A,4oWGb1yEmvdFlypnOEcrdzHJk4pgAsAD96W5C5EEjAA=), B85(B,dJsf9T4LObqdxcfXQ4EYxowKnrHTubfW6KEwug1DvXg=)];1t;1c) for round 86
[2m2025-03-25T07:55:20.951761Z[0m [32m INFO[0m [1mnode[0m[1m{[0m[3mname[0m[2m=[0mk#addeef94..[1m}[0m[2m:[0m [2mconsensus_core::core[0m[2m:[0m [2mconsensus/core/src/core.rs[0m[2m:[0m[2m630:[0m Committing 1 leaders: B84(A,1cNn)
[2m2025-03-25T07:55:20.952056Z[0m [32m INFO[0m [1mnode[0m[1m{[0m[3mname[0m[2m=[0mk#addeef94..[1m}[0m[2m:[0m [2mconsensus_core::commit_observer[0m[2m:[0m [2mconsensus/core/src/commit_observer.rs[0m[2m:[0m[2m173:[0m Consensus commit C77(cln5) with leader B84(A,1cNn) has 3 blocks
[2m2025-03-25T07:55:20.953414Z[0m [32m INFO[0m [1mnode[0m[1m{[0m[3mname[0m[2m=[0mk#addeef94..[1m}[0m[2m:[0m [2msui_core::consensus_handler[0m[2m:[0m [2mcrates/sui-core/src/consensus_handler.rs[0m[2m:[0m[2m232:[0m Received consensus output [3mconsensus_commit[0m[2m=[0mCommittedSubDag(leader=B84(A,1cNn), ref=C77(cln5), blocks=[zqyG, xnjv, 1cNn]) [3mepoch[0m[2m=[0m1
[2m2025-03-25T07:55:20.960482Z[0m [32m INFO[0m [1mnode[0m[1m{[0m[3mname[0m[2m=[0mk#8dcff6d1..[1m}[0m[2m:[0m [2msui_core::checkpoints::checkpoint_output[0m[2m:[0m [2mcrates/sui-core/src/checkpoints/checkpoint_output.rs[0m[2m:[0m[2m196:[0m Certified checkpoint with sequence 289 and digest AFhad3Zw3V6imsTHeSNGKJfZAMb4kHDQ6rkLD7CjrXXX
[2m2025-03-25T07:55:20.960478Z[0m [32m INFO[0m [1mnode[0m[1m{[0m[3mname[0m[2m=[0mk#99f25ef6..[1m}[0m[2m:[0m [2msui_core::checkpoints::checkpoint_output[0m[2m:[0m [2mcrates/sui-core/src/checkpoints/checkpoint_output.rs[0m[2m:[0m[2m196:[0m Certified checkpoint with sequence 289 and digest AFhad3Zw3V6imsTHeSNGKJfZAMb4kHDQ6rkLD7CjrXXX
[2m2025-03-25T07:55:20.960714Z[0m [32m INFO[0m [1mnode[0m[1m{[0m[3mname[0m[2m=[0mk#8dcff6d1..[1m}[0m[2m:[0m [2mconsensus_core::core[0m[2m:[0m [2mconsensus/core/src/core.rs[0m[2m:[0m[2m630:[0m Committing 1 leaders: B84(A,1cNn)
[2m2025-03-25T07:55:20.960714Z[0m [32m INFO[0m [1mnode[0m[1m{[0m[3mname[0m[2m=[0mk#99f25ef6..[1m}[0m[2m:[0m [2mconsensus_core::core[0m[2m:[0m [2mconsensus/core/src/core.rs[0m[2m:[0m[2m630:[0m Committing 1 leaders: B84(A,1cNn)
[2m2025-03-25T07:55:20.960928Z[0m [32m INFO[0m [1mnode[0m[1m{[0m[3mname[0m[2m=[0mk#8dcff6d1..[1m}[0m[2m:[0m [2mconsensus_core::commit_observer[0m[2m:[0m [2mconsensus/core/src/commit_observer.rs[0m[2m:[0m[2m173:[0m Consensus commit C77(cln5) with leader B84(A,1cNn) has 3 blocks
[2m2025-03-25T07:55:20.960930Z[0m [32m INFO[0m [1mnode[0m[1m{[0m[3mname[0m[2m=[0mk#99f25ef6..[1m}[0m[2m:[0m [2mconsensus_core::commit_observer[0m[2m:[0m [2mconsensus/core/src/commit_observer.rs[0m[2m:[0m[2m173:[0m Consensus commit C77(cln5) with leader B84(A,1cNn) has 3 blocks
[2m2025-03-25T07:55:20.961785Z[0m [32m INFO[0m [1mnode[0m[1m{[0m[3mname[0m[2m=[0mk#8dcff6d1..[1m}[0m[2m:[0m [2msui_core::consensus_handler[0m[2m:[0m [2mcrates/sui-core/src/consensus_handler.rs[0m[2m:[0m[2m232:[0m Received consensus output [3mconsensus_commit[0m[2m=[0mCommittedSubDag(leader=B84(A,1cNn), ref=C77(cln5), blocks=[zqyG, xnjv, 1cNn]) [3mepoch[0m[2m=[0m1
[2m2025-03-25T07:55:20.961785Z[0m [32m INFO[0m [1mnode[0m[1m{[0m[3mname[0m[2m=[0mk#99f25ef6..[1m}[0m[2m:[0m [2msui_core::consensus_handler[0m[2m:[0m [2mcrates/sui-core/src/consensus_handler.rs[0m[2m:[0m[2m232:[0m Received consensus output [3mconsensus_commit[0m[2m=[0mCommittedSubDag(leader=B84(A,1cNn), ref=C77(cln5), blocks=[zqyG, xnjv, 1cNn]) [3mepoch[0m[2m=[0m1
[2m2025-03-25T07:55:20.963021Z[0m [32m INFO[0m [1mnode[0m[1m{[0m[3mname[0m[2m=[0mk#8dcff6d1..[1m}[0m[2m:[0m [2msui_core::checkpoints::checkpoint_executor[0m[2m:[0m [2mcrates/sui-core/src/checkpoints/checkpoint_executor/mod.rs[0m[2m:[0m[2m332:[0m Received checkpoint summary from state sync [3msequence_number[0m[2m=[0m289
[2m2025-03-25T07:55:20.963021Z[0m [32m INFO[0m [1mnode[0m[1m{[0m[3mname[0m[2m=[0mk#99f25ef6..[1m}[0m[2m:[0m [2msui_core::checkpoints::checkpoint_executor[0m[2m:[0m [2mcrates/sui-core/src/checkpoints/checkpoint_executor/mod.rs[0m[2m:[0m[2m332:[0m Received checkpoint summary from state sync [3msequence_number[0m[2m=[0m289
[2m2025-03-25T07:55:20.983886Z[0m [32m INFO[0m [1mnode[0m[1m{[0m[3mname[0m[2m=[0mk#8dcff6d1..[1m}[0m[2m:[0m [2msui_core::state_accumulator[0m[2m:[0m [2mcrates/sui-core/src/state_accumulator.rs[0m[2m:[0m[2m675:[0m accumulating running root for checkpoint 289
[2m2025-03-25T07:55:20.983886Z[0m [32m INFO[0m [1mnode[0m[1m{[0m[3mname[0m[2m=[0mk#99f25ef6..[1m}[0m[2m:[0m [2msui_core::state_accumulator[0m[2m:[0m [2mcrates/sui-core/src/state_accumulator.rs[0m[2m:[0m[2m675:[0m accumulating running root for checkpoint 289
[2m2025-03-25T07:55:21.013763Z[0m [32m INFO[0m [1mnode[0m[1m{[0m[3mname[0m[2m=[0mk#addeef94..[1m}[0m[2m:[0m [2msui_core::checkpoints[0m[2m:[0m [2mcrates/sui-core/src/checkpoints/mod.rs[0m[2m:[0m[2m1326:[0m Creating checkpoint(s) for 1 transactions [3mnext_checkpoint_seq[0m[2m=[0m290 [3mcheckpoint_timestamp[0m[2m=[0m1742889320417
[2m2025-03-25T07:55:21.013994Z[0m [32m INFO[0m [1mnode[0m[1m{[0m[3mname[0m[2m=[0mk#addeef94..[1m}[0m[2m:[0m [2msui_core::checkpoints::checkpoint_output[0m[2m:[0m [2mcrates/sui-core/src/checkpoints/checkpoint_output.rs[0m[2m:[0m[2m149:[0m Creating checkpoint CheckpointDigest(FDBv2ioNniKaFUZY2dhcojsfiDXDkPnafFUuHvTZWdis) at epoch 1, sequence 290, previous digest Some(CheckpointDigest(AFhad3Zw3V6imsTHeSNGKJfZAMb4kHDQ6rkLD7CjrXXX)), transactions count 1, content digest CheckpointContentsDigest(6zmUrZENhM64mTtT5PD2WkxBm4tNbUt12B8ybSXWR5ty), end_of_epoch_data None
[2m2025-03-25T07:55:21.018819Z[0m [32m INFO[0m [1mnode[0m[1m{[0m[3mname[0m[2m=[0mk#99f25ef6..[1m}[0m[2m:[0m [2msui_core::checkpoints[0m[2m:[0m [2mcrates/sui-core/src/checkpoints/mod.rs[0m[2m:[0m[2m1326:[0m Creating checkpoint(s) for 1 transactions [3mnext_checkpoint_seq[0m[2m=[0m290 [3mcheckpoint_timestamp[0m[2m=[0m1742889320417
[2m2025-03-25T07:55:21.018823Z[0m [32m INFO[0m [1mnode[0m[1m{[0m[3mname[0m[2m=[0mk#8dcff6d1..[1m}[0m[2m:[0m [2msui_core::checkpoints[0m[2m:[0m [2mcrates/sui-core/src/checkpoints/mod.rs[0m[2m:[0m[2m1326:[0m Creating checkpoint(s) for 1 transactions [3mnext_checkpoint_seq[0m[2m=[0m290 [3mcheckpoint_timestamp[0m[2m=[0m1742889320417
[2m2025-03-25T07:55:21.018993Z[0m [32m INFO[0m [1mnode[0m[1m{[0m[3mname[0m[2m=[0mk#99f25ef6..[1m}[0m[2m:[0m [2msui_core::checkpoints::checkpoint_output[0m[2m:[0m [2mcrates/sui-core/src/checkpoints/checkpoint_output.rs[0m[2m:[0m[2m149:[0m Creating checkpoint CheckpointDigest(FDBv2ioNniKaFUZY2dhcojsfiDXDkPnafFUuHvTZWdis) at epoch 1, sequence 290, previous digest Some(CheckpointDigest(AFhad3Zw3V6imsTHeSNGKJfZAMb4kHDQ6rkLD7CjrXXX)), transactions count 1, content digest CheckpointContentsDigest(6zmUrZENhM64mTtT5PD2WkxBm4tNbUt12B8ybSXWR5ty), end_of_epoch_data None
[2m2025-03-25T07:55:21.018994Z[0m [32m INFO[0m [1mnode[0m[1m{[0m[3mname[0m[2m=[0mk#8dcff6d1..[1m}[0m[2m:[0m [2msui_core::checkpoints::checkpoint_output[0m[2m:[0m [2mcrates/sui-core/src/checkpoints/checkpoint_output.rs[0m[2m:[0m[2m149:[0m Creating checkpoint CheckpointDigest(FDBv2ioNniKaFUZY2dhcojsfiDXDkPnafFUuHvTZWdis) at epoch 1, sequence 290, previous digest Some(CheckpointDigest(AFhad3Zw3V6imsTHeSNGKJfZAMb4kHDQ6rkLD7CjrXXX)), transactions count 1, content digest CheckpointContentsDigest(6zmUrZENhM64mTtT5PD2WkxBm4tNbUt12B8ybSXWR5ty), end_of_epoch_data None
[2m2025-03-25T07:55:21.040226Z[0m [32m INFO[0m [1mnode[0m[1m{[0m[3mname[0m[2m=[0mk#b3f3cbb4..[1m}[0m[2m:[0m [2msui_core::checkpoints::checkpoint_executor[0m[2m:[0m [2mcrates/sui-core/src/checkpoints/checkpoint_executor/mod.rs[0m[2m:[0m[2m332:[0m Received checkpoint summary from state sync [3msequence_number[0m[2m=[0m289
[2m2025-03-25T07:55:21.080462Z[0m [32m INFO[0m [1mnode[0m[1m{[0m[3mname[0m[2m=[0mk#addeef94..[1m}[0m[2m:[0m [2msui_core::checkpoints::checkpoint_executor[0m[2m:[0m [2mcrates/sui-core/src/checkpoints/checkpoint_executor/mod.rs[0m[2m:[0m[2m332:[0m Received checkpoint summary from state sync [3msequence_number[0m[2m=[0m289
[2m2025-03-25T07:55:21.081860Z[0m [32m INFO[0m [1mnode[0m[1m{[0m[3mname[0m[2m=[0mk#addeef94..[1m}[0m[2m:[0m [2msui_core::state_accumulator[0m[2m:[0m [2mcrates/sui-core/src/state_accumulator.rs[0m[2m:[0m[2m675:[0m accumulating running root for checkpoint 289
[2m2025-03-25T07:55:21.129777Z[0m [32m INFO[0m [1mnode[0m[1m{[0m[3mname[0m[2m=[0mk#b3f3cbb4..[1m}[0m[2m:[0m [2msui_core::state_accumulator[0m[2m:[0m [2mcrates/sui-core/src/state_accumulator.rs[0m[2m:[0m[2m675:[0m accumulating running root for checkpoint 289
[2m2025-03-25T07:55:21.205676Z[0m [32m INFO[0m [1mnode[0m[1m{[0m[3mname[0m[2m=[0mk#addeef94..[1m}[0m[2m:[0m [2mconsensus_core::core[0m[2m:[0m [2mconsensus/core/src/core.rs[0m[2m:[0m[2m945:[0m Included 3 ancestors & excluded 0 ancestors for proposal in round 87
[2m2025-03-25T07:55:21.206212Z[0m [32m INFO[0m [1mnode[0m[1m{[0m[3mname[0m[2m=[0mk#addeef94..[1m}[0m[2m:[0m [2mconsensus_core::core[0m[2m:[0m [2mconsensus/core/src/core.rs[0m[2m:[0m[2m531:[0m Created block B87(C,OU15Ahw+r8vJkVPv1uuHlN9GPBRDmyIeEsf4GgBJZWo=)(1742889321205ms;[B86(C,fAVqaG7Rto2x1EtM/tjpihdh+CttbVaEukclp2nqTfc=), B86(A,1pLvfmxYTLY87CgonaJu37EEQAGweBWTWj5AoQjur30=), B86(B,ImbFbLlORtGbSBJYAOA4HbpKwYhiXo+V6w2bNG3bUM0=)];1t;1c) for round 87
[2m2025-03-25T07:55:21.213254Z[0m [32m INFO[0m [1mnode[0m[1m{[0m[3mname[0m[2m=[0mk#99f25ef6..[1m}[0m[2m:[0m [2mconsensus_core::core[0m[2m:[0m [2mconsensus/core/src/core.rs[0m[2m:[0m[2m945:[0m Included 3 ancestors & excluded 0 ancestors for proposal in round 87
[2m2025-03-25T07:55:21.213255Z[0m [32m INFO[0m [1mnode[0m[1m{[0m[3mname[0m[2m=[0mk#8dcff6d1..[1m}[0m[2m:[0m [2mconsensus_core::core[0m[2m:[0m [2mconsensus/core/src/core.rs[0m[2m:[0m[2m945:[0m Included 3 ancestors & excluded 0 ancestors for proposal in round 87
[2m2025-03-25T07:55:21.213623Z[0m [32m INFO[0m [1mnode[0m[1m{[0m[3mname[0m[2m=[0mk#99f25ef6..[1m}[0m[2m:[0m [2mconsensus_core::core[0m[2m:[0m [2mconsensus/core/src/core.rs[0m[2m:[0m[2m531:[0m Created block B87(B,umIMS+gEKglL+Cr1ddJPAR5dr1q1Qr3iITTwLQU9U+c=)(1742889321213ms;[B86(B,ImbFbLlORtGbSBJYAOA4HbpKwYhiXo+V6w2bNG3bUM0=), B86(A,1pLvfmxYTLY87CgonaJu37EEQAGweBWTWj5AoQjur30=), B86(C,fAVqaG7Rto2x1EtM/tjpihdh+CttbVaEukclp2nqTfc=)];1t;1c) for round 87
[2m2025-03-25T07:55:21.213632Z[0m [32m INFO[0m [1mnode[0m[1m{[0m[3mname[0m[2m=[0mk#8dcff6d1..[1m}[0m[2m:[0m [2mconsensus_core::core[0m[2m:[0m [2mconsensus/core/src/core.rs[0m[2m:[0m[2m531:[0m Created block B87(A,oHPevB00FuowfGU30jSIJkKZNrLJ9TWdRI5PcBtQ+Qs=)(1742889321213ms;[B86(A,1pLvfmxYTLY87CgonaJu37EEQAGweBWTWj5AoQjur30=), B86(B,ImbFbLlORtGbSBJYAOA4HbpKwYhiXo+V6w2bNG3bUM0=), B86(C,fAVqaG7Rto2x1EtM/tjpihdh+CttbVaEukclp2nqTfc=)];1t;1c) for round 87
[2m2025-03-25T07:55:21.213715Z[0m [32m INFO[0m [1mnode[0m[1m{[0m[3mname[0m[2m=[0mk#99f25ef6..[1m}[0m[2m:[0m [2mconsensus_core::core[0m[2m:[0m [2mconsensus/core/src/core.rs[0m[2m:[0m[2m630:[0m Committing 1 leaders: B85(C,4Lla)
[2m2025-03-25T07:55:21.213715Z[0m [32m INFO[0m [1mnode[0m[1m{[0m[3mname[0m[2m=[0mk#8dcff6d1..[1m}[0m[2m:[0m [2mconsensus_core::core[0m[2m:[0m [2mconsensus/core/src/core.rs[0m[2m:[0m[2m630:[0m Committing 1 leaders: B85(C,4Lla)
[2m2025-03-25T07:55:21.213813Z[0m [32m INFO[0m [1mnode[0m[1m{[0m[3mname[0m[2m=[0mk#99f25ef6..[1m}[0m[2m:[0m [2mconsensus_core::commit_observer[0m[2m:[0m [2mconsensus/core/src/commit_observer.rs[0m[2m:[0m[2m173:[0m Consensus commit C78(fDei) with leader B85(C,4Lla) has 3 blocks
[2m2025-03-25T07:55:21.213813Z[0m [32m INFO[0m [1mnode[0m[1m{[0m[3mname[0m[2m=[0mk#8dcff6d1..[1m}[0m[2m:[0m [2mconsensus_core::commit_observer[0m[2m:[0m [2mconsensus/core/src/commit_observer.rs[0m[2m:[0m[2m173:[0m Consensus commit C78(fDei) with leader B85(C,4Lla) has 3 blocks
[2m2025-03-25T07:55:21.213924Z[0m [32m INFO[0m [1mnode[0m[1m{[0m[3mname[0m[2m=[0mk#99f25ef6..[1m}[0m[2m:[0m [2msui_core::consensus_handler[0m[2m:[0m [2mcrates/sui-core/src/consensus_handler.rs[0m[2m:[0m[2m232:[0m Received consensus output [3mconsensus_commit[0m[2m=[0mCommittedSubDag(leader=B85(C,4Lla), ref=C78(fDei), blocks=[hCH3, 6aXU, 4Lla]) [3mepoch[0m[2m=[0m1
[2m2025-03-25T07:55:21.213924Z[0m [32m INFO[0m [1mnode[0m[1m{[0m[3mname[0m[2m=[0mk#8dcff6d1..[1m}[0m[2m:[0m [2msui_core::consensus_handler[0m[2m:[0m [2mcrates/sui-core/src/consensus_handler.rs[0m[2m:[0m[2m232:[0m Received consensus output [3mconsensus_commit[0m[2m=[0mCommittedSubDag(leader=B85(C,4Lla), ref=C78(fDei), blocks=[hCH3, 6aXU, 4Lla]) [3mepoch[0m[2m=[0m1
[2m2025-03-25T07:55:21.218583Z[0m [32m INFO[0m [1mnode[0m[1m{[0m[3mname[0m[2m=[0mk#addeef94..[1m}[0m[2m:[0m [2mconsensus_core::core[0m[2m:[0m [2mconsensus/core/src/core.rs[0m[2m:[0m[2m630:[0m Committing 1 leaders: B85(C,4Lla)
[2m2025-03-25T07:55:21.218702Z[0m [32m INFO[0m [1mnode[0m[1m{[0m[3mname[0m[2m=[0mk#addeef94..[1m}[0m[2m:[0m [2mconsensus_core::commit_observer[0m[2m:[0m [2mconsensus/core/src/commit_observer.rs[0m[2m:[0m[2m173:[0m Consensus commit C78(fDei) with leader B85(C,4Lla) has 3 blocks
[2m2025-03-25T07:55:21.218864Z[0m [32m INFO[0m [1mnode[0m[1m{[0m[3mname[0m[2m=[0mk#addeef94..[1m}[0m[2m:[0m [2msui_core::consensus_handler[0m[2m:[0m [2mcrates/sui-core/src/consensus_handler.rs[0m[2m:[0m[2m232:[0m Received consensus output [3mconsensus_commit[0m[2m=[0mCommittedSubDag(leader=B85(C,4Lla), ref=C78(fDei), blocks=[hCH3, 6aXU, 4Lla]) [3mepoch[0m[2m=[0m1
[2m2025-03-25T07:55:21.244382Z[0m [32m INFO[0m [1mnode[0m[1m{[0m[3mname[0m[2m=[0mk#8dcff6d1..[1m}[0m[2m:[0m [2msui_core::checkpoints[0m[2m:[0m [2mcrates/sui-core/src/checkpoints/mod.rs[0m[2m:[0m[2m1326:[0m Creating checkpoint(s) for 2 transactions [3mnext_checkpoint_seq[0m[2m=[0m291 [3mcheckpoint_timestamp[0m[2m=[0m1742889320680
[2m2025-03-25T07:55:21.244381Z[0m [32m INFO[0m [1mnode[0m[1m{[0m[3mname[0m[2m=[0mk#99f25ef6..[1m}[0m[2m:[0m [2msui_core::checkpoints[0m[2m:[0m [2mcrates/sui-core/src/checkpoints/mod.rs[0m[2m:[0m[2m1326:[0m Creating checkpoint(s) for 2 transactions [3mnext_checkpoint_seq[0m[2m=[0m291 [3mcheckpoint_timestamp[0m[2m=[0m1742889320680
[2m2025-03-25T07:55:21.244699Z[0m [32m INFO[0m [1mnode[0m[1m{[0m[3mname[0m[2m=[0mk#8dcff6d1..[1m}[0m[2m:[0m [2msui_core::checkpoints::checkpoint_output[0m[2m:[0m [2mcrates/sui-core/src/checkpoints/checkpoint_output.rs[0m[2m:[0m[2m149:[0m Creating checkpoint CheckpointDigest(4NjdJPgy2DdKCDrRGyGomdx9HfzoQFR8z6t3GHrU9fvk) at epoch 1, sequence 291, previous digest Some(CheckpointDigest(FDBv2ioNniKaFUZY2dhcojsfiDXDkPnafFUuHvTZWdis)), transactions count 2, content digest CheckpointContentsDigest(J5PECRF5NqLVRKZsJXRCxCH6xxeHftkfRxD1pbCFPomy), end_of_epoch_data None
[2m2025-03-25T07:55:21.244699Z[0m [32m INFO[0m [1mnode[0m[1m{[0m[3mname[0m[2m=[0mk#99f25ef6..[1m}[0m[2m:[0m [2msui_core::checkpoints::checkpoint_output[0m[2m:[0m [2mcrates/sui-core/src/checkpoints/checkpoint_output.rs[0m[2m:[0m[2m149:[0m Creating checkpoint CheckpointDigest(4NjdJPgy2DdKCDrRGyGomdx9HfzoQFR8z6t3GHrU9fvk) at epoch 1, sequence 291, previous digest Some(CheckpointDigest(FDBv2ioNniKaFUZY2dhcojsfiDXDkPnafFUuHvTZWdis)), transactions count 2, content digest CheckpointContentsDigest(J5PECRF5NqLVRKZsJXRCxCH6xxeHftkfRxD1pbCFPomy), end_of_epoch_data None
[2m2025-03-25T07:55:21.247588Z[0m [32m INFO[0m [1mnode[0m[1m{[0m[3mname[0m[2m=[0mk#addeef94..[1m}[0m[2m:[0m [2msui_core::checkpoints[0m[2m:[0m [2mcrates/sui-core/src/checkpoints/mod.rs[0m[2m:[0m[2m1326:[0m Creating checkpoint(s) for 2 transactions [3mnext_checkpoint_seq[0m[2m=[0m291 [3mcheckpoint_timestamp[0m[2m=[0m1742889320680
[2m2025-03-25T07:55:21.247838Z[0m [32m INFO[0m [1mnode[0m[1m{[0m[3mname[0m[2m=[0mk#8dcff6d1..[1m}[0m[2m:[0m [2msui_core::checkpoints::checkpoint_output[0m[2m:[0m [2mcrates/sui-core/src/checkpoints/checkpoint_output.rs[0m[2m:[0m[2m196:[0m Certified checkpoint with sequence 290 and digest FDBv2ioNniKaFUZY2dhcojsfiDXDkPnafFUuHvTZWdis
[2m2025-03-25T07:55:21.247840Z[0m [32m INFO[0m [1mnode[0m[1m{[0m[3mname[0m[2m=[0mk#99f25ef6..[1m}[0m[2m:[0m [2msui_core::checkpoints::checkpoint_output[0m[2m:[0m [2mcrates/sui-core/src/checkpoints/checkpoint_output.rs[0m[2m:[0m[2m196:[0m Certified checkpoint with sequence 290 and digest FDBv2ioNniKaFUZY2dhcojsfiDXDkPnafFUuHvTZWdis
[2m2025-03-25T07:55:21.247832Z[0m [32m INFO[0m [1mnode[0m[1m{[0m[3mname[0m[2m=[0mk#addeef94..[1m}[0m[2m:[0m [2msui_core::checkpoints::checkpoint_output[0m[2m:[0m [2mcrates/sui-core/src/checkpoints/checkpoint_output.rs[0m[2m:[0m[2m149:[0m Creating checkpoint CheckpointDigest(4NjdJPgy2DdKCDrRGyGomdx9HfzoQFR8z6t3GHrU9fvk) at epoch 1, sequence 291, previous digest Some(CheckpointDigest(FDBv2ioNniKaFUZY2dhcojsfiDXDkPnafFUuHvTZWdis)), transactions count 2, content digest CheckpointContentsDigest(J5PECRF5NqLVRKZsJXRCxCH6xxeHftkfRxD1pbCFPomy), end_of_epoch_data None
[2m2025-03-25T07:55:21.248198Z[0m [32m INFO[0m [1mnode[0m[1m{[0m[3mname[0m[2m=[0mk#99f25ef6..[1m}[0m[2m:[0m [2msui_core::checkpoints::checkpoint_executor[0m[2m:[0m [2mcrates/sui-core/src/checkpoints/checkpoint_executor/mod.rs[0m[2m:[0m[2m332:[0m Received checkpoint summary from state sync [3msequence_number[0m[2m=[0m290
[2m2025-03-25T07:55:21.248198Z[0m [32m INFO[0m [1mnode[0m[1m{[0m[3mname[0m[2m=[0mk#8dcff6d1..[1m}[0m[2m:[0m [2msui_core::checkpoints::checkpoint_executor[0m[2m:[0m [2mcrates/sui-core/src/checkpoints/checkpoint_executor/mod.rs[0m[2m:[0m[2m332:[0m Received checkpoint summary from state sync [3msequence_number[0m[2m=[0m290
[2m2025-03-25T07:55:21.249363Z[0m [32m INFO[0m [1mnode[0m[1m{[0m[3mname[0m[2m=[0mk#99f25ef6..[1m}[0m[2m:[0m [2msui_core::state_accumulator[0m[2m:[0m [2mcrates/sui-core/src/state_accumulator.rs[0m[2m:[0m[2m675:[0m accumulating running root for checkpoint 290
[2m2025-03-25T07:55:21.249364Z[0m [32m INFO[0m [1mnode[0m[1m{[0m[3mname[0m[2m=[0mk#8dcff6d1..[1m}[0m[2m:[0m [2msui_core::state_accumulator[0m[2m:[0m [2mcrates/sui-core/src/state_accumulator.rs[0m[2m:[0m[2m675:[0m accumulating running root for checkpoint 290
[2m2025-03-25T07:55:21.251557Z[0m [32m INFO[0m [1mnode[0m[1m{[0m[3mname[0m[2m=[0mk#addeef94..[1m}[0m[2m:[0m [2msui_core::checkpoints::checkpoint_executor[0m[2m:[0m [2mcrates/sui-core/src/checkpoints/checkpoint_executor/mod.rs[0m[2m:[0m[2m332:[0m Received checkpoint summary from state sync [3msequence_number[0m[2m=[0m290
[2m2025-03-25T07:55:21.252284Z[0m [32m INFO[0m [1mnode[0m[1m{[0m[3mname[0m[2m=[0mk#addeef94..[1m}[0m[2m:[0m [2msui_core::state_accumulator[0m[2m:[0m [2mcrates/sui-core/src/state_accumulator.rs[0m[2m:[0m[2m675:[0m accumulating running root for checkpoint 290
[2m2025-03-25T07:55:21.252560Z[0m [32m INFO[0m [1mnode[0m[1m{[0m[3mname[0m[2m=[0mk#b3f3cbb4..[1m}[0m[2m:[0m [2msui_core::checkpoints::checkpoint_executor[0m[2m:[0m [2mcrates/sui-core/src/checkpoints/checkpoint_executor/mod.rs[0m[2m:[0m[2m332:[0m Received checkpoint summary from state sync [3msequence_number[0m[2m=[0m290
[2m2025-03-25T07:55:21.278459Z[0m [32m INFO[0m [1mnode[0m[1m{[0m[3mname[0m[2m=[0mk#b3f3cbb4..[1m}[0m[2m:[0m [2msui_core::state_accumulator[0m[2m:[0m [2mcrates/sui-core/src/state_accumulator.rs[0m[2m:[0m[2m675:[0m accumulating running root for checkpoint 290
[2m2025-03-25T07:55:21.304718Z[0m [32m INFO[0m [1mnode[0m[1m{[0m[3mname[0m[2m=[0mk#8dcff6d1..[1m}[0m[2m:[0m [2mconsensus_core::commit_syncer[0m[2m:[0m [2mconsensus/core/src/commit_syncer.rs[0m[2m:[0m[2m196:[0m Checking to schedule fetches: synced_commit_index=78, highest_handled_index=78, highest_scheduled_index=0, quorum_commit_index=77, unhandled_commits_threshold=3200
[2m2025-03-25T07:55:21.328395Z[0m [32m INFO[0m [1mnode[0m[1m{[0m[3mname[0m[2m=[0mk#addeef94..[1m}[0m[2m:[0m [2mconsensus_core::commit_syncer[0m[2m:[0m [2mconsensus/core/src/commit_syncer.rs[0m[2m:[0m[2m196:[0m Checking to schedule fetches: synced_commit_index=78, highest_handled_index=78, highest_scheduled_index=0, quorum_commit_index=0, unhandled_commits_threshold=3200
[2m2025-03-25T07:55:21.331068Z[0m [32m INFO[0m [1mnode[0m[1m{[0m[3mname[0m[2m=[0mk#99f25ef6..[1m}[0m[2m:[0m [2mconsensus_core::commit_syncer[0m[2m:[0m [2mconsensus/core/src/commit_syncer.rs[0m[2m:[0m[2m196:[0m Checking to schedule fetches: synced_commit_index=78, highest_handled_index=78, highest_scheduled_index=0, quorum_commit_index=77, unhandled_commits_threshold=3200
[2m2025-03-25T07:55:21.466690Z[0m [32m INFO[0m [1mnode[0m[1m{[0m[3mname[0m[2m=[0mk#8dcff6d1..[1m}[0m[2m:[0m [2mconsensus_core::core[0m[2m:[0m [2mconsensus/core/src/core.rs[0m[2m:[0m[2m945:[0m Included 3 ancestors & excluded 0 ancestors for proposal in round 88
[2m2025-03-25T07:55:21.466690Z[0m [32m INFO[0m [1mnode[0m[1m{[0m[3mname[0m[2m=[0mk#99f25ef6..[1m}[0m[2m:[0m [2mconsensus_core::core[0m[2m:[0m [2mconsensus/core/src/core.rs[0m[2m:[0m[2m945:[0m Included 3 ancestors & excluded 0 ancestors for proposal in round 88
[2m2025-03-25T07:55:21.468494Z[0m [32m INFO[0m [1mnode[0m[1m{[0m[3mname[0m[2m=[0mk#99f25ef6..[1m}[0m[2m:[0m [2mconsensus_core::core[0m[2m:[0m [2mconsensus/core/src/core.rs[0m[2m:[0m[2m531:[0m Created block B88(B,VN/o1cGc52i8whrbnE0DD0vwFDLo21WScS0V7FHjFK0=)(1742889321466ms;[B87(B,umIMS+gEKglL+Cr1ddJPAR5dr1q1Qr3iITTwLQU9U+c=), B87(A,oHPevB00FuowfGU30jSIJkKZNrLJ9TWdRI5PcBtQ+Qs=), B87(C,OU15Ahw+r8vJkVPv1uuHlN9GPBRDmyIeEsf4GgBJZWo=)];1t;1c) for round 88
[2m2025-03-25T07:55:21.468494Z[0m [32m INFO[0m [1mnode[0m[1m{[0m[3mname[0m[2m=[0mk#8dcff6d1..[1m}[0m[2m:[0m [2mconsensus_core::core[0m[2m:[0m [2mconsensus/core/src/core.rs[0m[2m:[0m[2m531:[0m Created block B88(A,Ouk5mqTBrZTblZtijSpuqdBCf4rkxXBaxBrL8588p9M=)(1742889321466ms;[B87(A,oHPevB00FuowfGU30jSIJkKZNrLJ9TWdRI5PcBtQ+Qs=), B87(B,umIMS+gEKglL+Cr1ddJPAR5dr1q1Qr3iITTwLQU9U+c=), B87(C,OU15Ahw+r8vJkVPv1uuHlN9GPBRDmyIeEsf4GgBJZWo=)];1t;1c) for round 88
[2m2025-03-25T07:55:21.478751Z[0m [32m INFO[0m [1mnode[0m[1m{[0m[3mname[0m[2m=[0mk#addeef94..[1m}[0m[2m:[0m [2mconsensus_core::core[0m[2m:[0m [2mconsensus/core/src/core.rs[0m[2m:[0m[2m945:[0m Included 3 ancestors & excluded 0 ancestors for proposal in round 88
[2m2025-03-25T07:55:21.479789Z[0m [32m INFO[0m [1mnode[0m[1m{[0m[3mname[0m[2m=[0mk#addeef94..[1m}[0m[2m:[0m [2mconsensus_core::core[0m[2m:[0m [2mconsensus/core/src/core.rs[0m[2m:[0m[2m531:[0m Created block B88(C,zJ59MwMLG2WDGD7WWQgeTkFX8zZ3HGc/m+t5NcPPyew=)(1742889321478ms;[B87(C,OU15Ahw+r8vJkVPv1uuHlN9GPBRDmyIeEsf4GgBJZWo=), B87(A,oHPevB00FuowfGU30jSIJkKZNrLJ9TWdRI5PcBtQ+Qs=), B87(B,umIMS+gEKglL+Cr1ddJPAR5dr1q1Qr3iITTwLQU9U+c=)];1t;1c) for round 88
[2m2025-03-25T07:55:21.480214Z[0m [32m INFO[0m [1mnode[0m[1m{[0m[3mname[0m[2m=[0mk#addeef94..[1m}[0m[2m:[0m [2mconsensus_core::core[0m[2m:[0m [2mconsensus/core/src/core.rs[0m[2m:[0m[2m630:[0m Committing 1 leaders: B86(A,1pLv)
[2m2025-03-25T07:55:21.480460Z[0m [32m INFO[0m [1mnode[0m[1m{[0m[3mname[0m[2m=[0mk#addeef94..[1m}[0m[2m:[0m [2mconsensus_core::commit_observer[0m[2m:[0m [2mconsensus/core/src/commit_observer.rs[0m[2m:[0m[2m173:[0m Consensus commit C79(zLsg) with leader B86(A,1pLv) has 3 blocks
[2m2025-03-25T07:55:21.481708Z[0m [32m INFO[0m [1mnode[0m[1m{[0m[3mname[0m[2m=[0mk#addeef94..[1m}[0m[2m:[0m [2msui_core::consensus_handler[0m[2m:[0m [2mcrates/sui-core/src/consensus_handler.rs[0m[2m:[0m[2m232:[0m Received consensus output [3mconsensus_commit[0m[2m=[0mCommittedSubDag(leader=B86(A,1pLv), ref=C79(zLsg), blocks=[4oWG, dJsf, 1pLv]) [3mepoch[0m[2m=[0m1
[2m2025-03-25T07:55:21.488557Z[0m [32m INFO[0m [1mnode[0m[1m{[0m[3mname[0m[2m=[0mk#99f25ef6..[1m}[0m[2m:[0m [2msui_core::checkpoints::checkpoint_output[0m[2m:[0m [2mcrates/sui-core/src/checkpoints/checkpoint_output.rs[0m[2m:[0m[2m196:[0m Certified checkpoint with sequence 291 and digest 4NjdJPgy2DdKCDrRGyGomdx9HfzoQFR8z6t3GHrU9fvk
[2m2025-03-25T07:55:21.488563Z[0m [32m INFO[0m [1mnode[0m[1m{[0m[3mname[0m[2m=[0mk#8dcff6d1..[1m}[0m[2m:[0m [2msui_core::checkpoints::checkpoint_output[0m[2m:[0m [2mcrates/sui-core/src/checkpoints/checkpoint_output.rs[0m[2m:[0m[2m196:[0m Certified checkpoint with sequence 291 and digest 4NjdJPgy2DdKCDrRGyGomdx9HfzoQFR8z6t3GHrU9fvk
[2m2025-03-25T07:55:21.488779Z[0m [32m INFO[0m [1mnode[0m[1m{[0m[3mname[0m[2m=[0mk#8dcff6d1..[1m}[0m[2m:[0m [2mconsensus_core::core[0m[2m:[0m [2mconsensus/core/src/core.rs[0m[2m:[0m[2m630:[0m Committing 1 leaders: B86(A,1pLv)
[2m2025-03-25T07:55:21.488779Z[0m [32m INFO[0m [1mnode[0m[1m{[0m[3mname[0m[2m=[0mk#99f25ef6..[1m}[0m[2m:[0m [2mconsensus_core::core[0m[2m:[0m [2mconsensus/core/src/core.rs[0m[2m:[0m[2m630:[0m Committing 1 leaders: B86(A,1pLv)
[2m2025-03-25T07:55:21.488985Z[0m [32m INFO[0m [1mnode[0m[1m{[0m[3mname[0m[2m=[0mk#8dcff6d1..[1m}[0m[2m:[0m [2mconsensus_core::commit_observer[0m[2m:[0m [2mconsensus/core/src/commit_observer.rs[0m[2m:[0m[2m173:[0m Consensus commit C79(zLsg) with leader B86(A,1pLv) has 3 blocks
[2m2025-03-25T07:55:21.488988Z[0m [32m INFO[0m [1mnode[0m[1m{[0m[3mname[0m[2m=[0mk#99f25ef6..[1m}[0m[2m:[0m [2mconsensus_core::commit_observer[0m[2m:[0m [2mconsensus/core/src/commit_observer.rs[0m[2m:[0m[2m173:[0m Consensus commit C79(zLsg) with leader B86(A,1pLv) has 3 blocks
[2m2025-03-25T07:55:21.489820Z[0m [32m INFO[0m [1mnode[0m[1m{[0m[3mname[0m[2m=[0mk#99f25ef6..[1m}[0m[2m:[0m [2msui_core::consensus_handler[0m[2m:[0m [2mcrates/sui-core/src/consensus_handler.rs[0m[2m:[0m[2m232:[0m Received consensus output [3mconsensus_commit[0m[2m=[0mCommittedSubDag(leader=B86(A,1pLv), ref=C79(zLsg), blocks=[4oWG, dJsf, 1pLv]) [3mepoch[0m[2m=[0m1
[2m2025-03-25T07:55:21.489820Z[0m [32m INFO[0m [1mnode[0m[1m{[0m[3mname[0m[2m=[0mk#8dcff6d1..[1m}[0m[2m:[0m [2msui_core::consensus_handler[0m[2m:[0m [2mcrates/sui-core/src/consensus_handler.rs[0m[2m:[0m[2m232:[0m Received consensus output [3mconsensus_commit[0m[2m=[0mCommittedSubDag(leader=B86(A,1pLv), ref=C79(zLsg), blocks=[4oWG, dJsf, 1pLv]) [3mepoch[0m[2m=[0m1
[2m2025-03-25T07:55:21.491058Z[0m [32m INFO[0m [1mnode[0m[1m{[0m[3mname[0m[2m=[0mk#8dcff6d1..[1m}[0m[2m:[0m [2msui_core::checkpoints::checkpoint_executor[0m[2m:[0m [2mcrates/sui-core/src/checkpoints/checkpoint_executor/mod.rs[0m[2m:[0m[2m332:[0m Received checkpoint summary from state sync [3msequence_number[0m[2m=[0m291
[2m2025-03-25T07:55:21.491058Z[0m [32m INFO[0m [1mnode[0m[1m{[0m[3mname[0m[2m=[0mk#99f25ef6..[1m}[0m[2m:[0m [2msui_core::checkpoints::checkpoint_executor[0m[2m:[0m [2mcrates/sui-core/src/checkpoints/checkpoint_executor/mod.rs[0m[2m:[0m[2m332:[0m Received checkpoint summary from state sync [3msequence_number[0m[2m=[0m291
[2m2025-03-25T07:55:21.512034Z[0m [32m INFO[0m [1mnode[0m[1m{[0m[3mname[0m[2m=[0mk#99f25ef6..[1m}[0m[2m:[0m [2msui_core::state_accumulator[0m[2m:[0m [2mcrates/sui-core/src/state_accumulator.rs[0m[2m:[0m[2m675:[0m accumulating running root for checkpoint 291
[2m2025-03-25T07:55:21.512035Z[0m [32m INFO[0m [1mnode[0m[1m{[0m[3mname[0m[2m=[0mk#8dcff6d1..[1m}[0m[2m:[0m [2msui_core::state_accumulator[0m[2m:[0m [2mcrates/sui-core/src/state_accumulator.rs[0m[2m:[0m[2m675:[0m accumulating running root for checkpoint 291
[2m2025-03-25T07:55:21.542096Z[0m [32m INFO[0m [1mnode[0m[1m{[0m[3mname[0m[2m=[0mk#addeef94..[1m}[0m[2m:[0m [2msui_core::checkpoints[0m[2m:[0m [2mcrates/sui-core/src/checkpoints/mod.rs[0m[2m:[0m[2m1326:[0m Creating checkpoint(s) for 1 transactions [3mnext_checkpoint_seq[0m[2m=[0m292 [3mcheckpoint_timestamp[0m[2m=[0m1742889320938
[2m2025-03-25T07:55:21.542323Z[0m [32m INFO[0m [1mnode[0m[1m{[0m[3mname[0m[2m=[0mk#addeef94..[1m}[0m[2m:[0m [2msui_core::checkpoints::checkpoint_output[0m[2m:[0m [2mcrates/sui-core/src/checkpoints/checkpoint_output.rs[0m[2m:[0m[2m149:[0m Creating checkpoint CheckpointDigest(9bo2PENQVTauPZJDsXdeL2XKTTed9wfzP2TgFoKNV5aU) at epoch 1, sequence 292, previous digest Some(CheckpointDigest(4NjdJPgy2DdKCDrRGyGomdx9HfzoQFR8z6t3GHrU9fvk)), transactions count 1, content digest CheckpointContentsDigest(DLMAACxyMRVUocwrhgx2BoDE3q3LEAP8aqCrBFPwdb1K), end_of_epoch_data None
[2m2025-03-25T07:55:21.547432Z[0m [32m INFO[0m [1mnode[0m[1m{[0m[3mname[0m[2m=[0mk#8dcff6d1..[1m}[0m[2m:[0m [2msui_core::checkpoints[0m[2m:[0m [2mcrates/sui-core/src/checkpoints/mod.rs[0m[2m:[0m[2m1326:[0m Creating checkpoint(s) for 1 transactions [3mnext_checkpoint_seq[0m[2m=[0m292 [3mcheckpoint_timestamp[0m[2m=[0m1742889320938
[2m2025-03-25T07:55:21.547434Z[0m [32m INFO[0m [1mnode[0m[1m{[0m[3mname[0m[2m=[0mk#99f25ef6..[1m}[0m[2m:[0m [2msui_core::checkpoints[0m[2m:[0m [2mcrates/sui-core/src/checkpoints/mod.rs[0m[2m:[0m[2m1326:[0m Creating checkpoint(s) for 1 transactions [3mnext_checkpoint_seq[0m[2m=[0m292 [3mcheckpoint_timestamp[0m[2m=[0m1742889320938
[2m2025-03-25T07:55:21.547604Z[0m [32m INFO[0m [1mnode[0m[1m{[0m[3mname[0m[2m=[0mk#99f25ef6..[1m}[0m[2m:[0m [2msui_core::checkpoints::checkpoint_output[0m[2m:[0m [2mcrates/sui-core/src/checkpoints/checkpoint_output.rs[0m[2m:[0m[2m149:[0m Creating checkpoint CheckpointDigest(9bo2PENQVTauPZJDsXdeL2XKTTed9wfzP2TgFoKNV5aU) at epoch 1, sequence 292, previous digest Some(CheckpointDigest(4NjdJPgy2DdKCDrRGyGomdx9HfzoQFR8z6t3GHrU9fvk)), transactions count 1, content digest CheckpointContentsDigest(DLMAACxyMRVUocwrhgx2BoDE3q3LEAP8aqCrBFPwdb1K), end_of_epoch_data None
[2m2025-03-25T07:55:21.547606Z[0m [32m INFO[0m [1mnode[0m[1m{[0m[3mname[0m[2m=[0mk#8dcff6d1..[1m}[0m[2m:[0m [2msui_core::checkpoints::checkpoint_output[0m[2m:[0m [2mcrates/sui-core/src/checkpoints/checkpoint_output.rs[0m[2m:[0m[2m149:[0m Creating checkpoint CheckpointDigest(9bo2PENQVTauPZJDsXdeL2XKTTed9wfzP2TgFoKNV5aU) at epoch 1, sequence 292, previous digest Some(CheckpointDigest(4NjdJPgy2DdKCDrRGyGomdx9HfzoQFR8z6t3GHrU9fvk)), transactions count 1, content digest CheckpointContentsDigest(DLMAACxyMRVUocwrhgx2BoDE3q3LEAP8aqCrBFPwdb1K), end_of_epoch_data None
[2m2025-03-25T07:55:21.568751Z[0m [32m INFO[0m [1mnode[0m[1m{[0m[3mname[0m[2m=[0mk#b3f3cbb4..[1m}[0m[2m:[0m [2msui_core::checkpoints::checkpoint_executor[0m[2m:[0m [2mcrates/sui-core/src/checkpoints/checkpoint_executor/mod.rs[0m[2m:[0m[2m332:[0m Received checkpoint summary from state sync [3msequence_number[0m[2m=[0m291
[2m2025-03-25T07:55:21.608455Z[0m [32m INFO[0m [1mnode[0m[1m{[0m[3mname[0m[2m=[0mk#addeef94..[1m}[0m[2m:[0m [2msui_core::checkpoints::checkpoint_executor[0m[2m:[0m [2mcrates/sui-core/src/checkpoints/checkpoint_executor/mod.rs[0m[2m:[0m[2m332:[0m Received checkpoint summary from state sync [3msequence_number[0m[2m=[0m291
[2m2025-03-25T07:55:21.609823Z[0m [32m INFO[0m [1mnode[0m[1m{[0m[3mname[0m[2m=[0mk#addeef94..[1m}[0m[2m:[0m [2msui_core::state_accumulator[0m[2m:[0m [2mcrates/sui-core/src/state_accumulator.rs[0m[2m:[0m[2m675:[0m accumulating running root for checkpoint 291
[2m2025-03-25T07:55:21.658249Z[0m [32m INFO[0m [1mnode[0m[1m{[0m[3mname[0m[2m=[0mk#b3f3cbb4..[1m}[0m[2m:[0m [2msui_core::state_accumulator[0m[2m:[0m [2mcrates/sui-core/src/state_accumulator.rs[0m[2m:[0m[2m675:[0m accumulating running root for checkpoint 291
[2m2025-03-25T07:55:21.733358Z[0m [32m INFO[0m [1mnode[0m[1m{[0m[3mname[0m[2m=[0mk#addeef94..[1m}[0m[2m:[0m [2mconsensus_core::core[0m[2m:[0m [2mconsensus/core/src/core.rs[0m[2m:[0m[2m945:[0m Included 3 ancestors & excluded 0 ancestors for proposal in round 89
[2m2025-03-25T07:55:21.733866Z[0m [32m INFO[0m [1mnode[0m[1m{[0m[3mname[0m[2m=[0mk#addeef94..[1m}[0m[2m:[0m [2mconsensus_core::core[0m[2m:[0m [2mconsensus/core/src/core.rs[0m[2m:[0m[2m531:[0m Created block B89(C,ec1UT0cn+uormjo4jFt/hzEVGgXx5lIKb4LiJXDZvLk=)(1742889321733ms;[B88(C,zJ59MwMLG2WDGD7WWQgeTkFX8zZ3HGc/m+t5NcPPyew=), B88(A,Ouk5mqTBrZTblZtijSpuqdBCf4rkxXBaxBrL8588p9M=), B88(B,VN/o1cGc52i8whrbnE0DD0vwFDLo21WScS0V7FHjFK0=)];1t;1c) for round 89
[2m2025-03-25T07:55:21.740473Z[0m [32m INFO[0m [1mnode[0m[1m{[0m[3mname[0m[2m=[0mk#99f25ef6..[1m}[0m[2m:[0m [2mconsensus_core::core[0m[2m:[0m [2mconsensus/core/src/core.rs[0m[2m:[0m[2m945:[0m Included 3 ancestors & excluded 0 ancestors for proposal in round 89
[2m2025-03-25T07:55:21.740845Z[0m [32m INFO[0m [1mnode[0m[1m{[0m[3mname[0m[2m=[0mk#99f25ef6..[1m}[0m[2m:[0m [2mconsensus_core::core[0m[2m:[0m [2mconsensus/core/src/core.rs[0m[2m:[0m[2m531:[0m Created block B89(B,V6iAxlFzq85PjPEHAFDmACLztTtVFf9GLBIXDHEJueI=)(1742889321740ms;[B88(B,VN/o1cGc52i8whrbnE0DD0vwFDLo21WScS0V7FHjFK0=), B88(A,Ouk5mqTBrZTblZtijSpuqdBCf4rkxXBaxBrL8588p9M=), B88(C,zJ59MwMLG2WDGD7WWQgeTkFX8zZ3HGc/m+t5NcPPyew=)];1t;1c) for round 89
[2m2025-03-25T07:55:21.740936Z[0m [32m INFO[0m [1mnode[0m[1m{[0m[3mname[0m[2m=[0mk#99f25ef6..[1m}[0m[2m:[0m [2mconsensus_core::core[0m[2m:[0m [2mconsensus/core/src/core.rs[0m[2m:[0m[2m630:[0m Committing 1 leaders: B87(A,oHPe)
[2m2025-03-25T07:55:21.741035Z[0m [32m INFO[0m [1mnode[0m[1m{[0m[3mname[0m[2m=[0mk#99f25ef6..[1m}[0m[2m:[0m [2mconsensus_core::commit_observer[0m[2m:[0m [2mconsensus/core/src/commit_observer.rs[0m[2m:[0m[2m173:[0m Consensus commit C80(n5p+) with leader B87(A,oHPe) has 3 blocks
[2m2025-03-25T07:55:21.741152Z[0m [32m INFO[0m [1mnode[0m[1m{[0m[3mname[0m[2m=[0mk#99f25ef6..[1m}[0m[2m:[0m [2msui_core::consensus_handler[0m[2m:[0m [2mcrates/sui-core/src/consensus_handler.rs[0m[2m:[0m[2m232:[0m Received consensus output [3mconsensus_commit[0m[2m=[0mCommittedSubDag(leader=B87(A,oHPe), ref=C80(n5p+), blocks=[ImbF, fAVq, oHPe]) [3mepoch[0m[2m=[0m1
[2m2025-03-25T07:55:21.741558Z[0m [32m INFO[0m [1mnode[0m[1m{[0m[3mname[0m[2m=[0mk#8dcff6d1..[1m}[0m[2m:[0m [2mconsensus_core::core[0m[2m:[0m [2mconsensus/core/src/core.rs[0m[2m:[0m[2m945:[0m Included 3 ancestors & excluded 0 ancestors for proposal in round 89
[2m2025-03-25T07:55:21.741913Z[0m [32m INFO[0m [1mnode[0m[1m{[0m[3mname[0m[2m=[0mk#8dcff6d1..[1m}[0m[2m:[0m [2mconsensus_core::core[0m[2m:[0m [2mconsensus/core/src/core.rs[0m[2m:[0m[2m531:[0m Created block B89(A,jhzBXFuGwcZPFpr+XYv5JWzu0sNUa08Usjh9xnlZFSc=)(1742889321741ms;[B88(A,Ouk5mqTBrZTblZtijSpuqdBCf4rkxXBaxBrL8588p9M=), B88(B,VN/o1cGc52i8whrbnE0DD0vwFDLo21WScS0V7FHjFK0=), B88(C,zJ59MwMLG2WDGD7WWQgeTkFX8zZ3HGc/m+t5NcPPyew=)];1t;1c) for round 89
[2m2025-03-25T07:55:21.741992Z[0m [32m INFO[0m [1mnode[0m[1m{[0m[3mname[0m[2m=[0mk#8dcff6d1..[1m}[0m[2m:[0m [2mconsensus_core::core[0m[2m:[0m [2mconsensus/core/src/core.rs[0m[2m:[0m[2m630:[0m Committing 1 leaders: B87(A,oHPe)
[2m2025-03-25T07:55:21.742073Z[0m [32m INFO[0m [1mnode[0m[1m{[0m[3mname[0m[2m=[0mk#8dcff6d1..[1m}[0m[2m:[0m [2mconsensus_core::commit_observer[0m[2m:[0m [2mconsensus/core/src/commit_observer.rs[0m[2m:[0m[2m173:[0m Consensus commit C80(n5p+) with leader B87(A,oHPe) has 3 blocks
[2m2025-03-25T07:55:21.742170Z[0m [32m INFO[0m [1mnode[0m[1m{[0m[3mname[0m[2m=[0mk#8dcff6d1..[1m}[0m[2m:[0m [2msui_core::consensus_handler[0m[2m:[0m [2mcrates/sui-core/src/consensus_handler.rs[0m[2m:[0m[2m232:[0m Received consensus output [3mconsensus_commit[0m[2m=[0mCommittedSubDag(leader=B87(A,oHPe), ref=C80(n5p+), blocks=[ImbF, fAVq, oHPe]) [3mepoch[0m[2m=[0m1
[2m2025-03-25T07:55:21.744127Z[0m [32m INFO[0m [1mnode[0m[1m{[0m[3mname[0m[2m=[0mk#addeef94..[1m}[0m[2m:[0m [2mconsensus_core::core[0m[2m:[0m [2mconsensus/core/src/core.rs[0m[2m:[0m[2m630:[0m Committing 1 leaders: B87(A,oHPe)
[2m2025-03-25T07:55:21.744239Z[0m [32m INFO[0m [1mnode[0m[1m{[0m[3mname[0m[2m=[0mk#addeef94..[1m}[0m[2m:[0m [2mconsensus_core::commit_observer[0m[2m:[0m [2mconsensus/core/src/commit_observer.rs[0m[2m:[0m[2m173:[0m Consensus commit C80(n5p+) with leader B87(A,oHPe) has 3 blocks
[2m2025-03-25T07:55:21.744334Z[0m [32m INFO[0m [1mnode[0m[1m{[0m[3mname[0m[2m=[0mk#addeef94..[1m}[0m[2m:[0m [2msui_core::consensus_handler[0m[2m:[0m [2mcrates/sui-core/src/consensus_handler.rs[0m[2m:[0m[2m232:[0m Received consensus output [3mconsensus_commit[0m[2m=[0mCommittedSubDag(leader=B87(A,oHPe), ref=C80(n5p+), blocks=[ImbF, fAVq, oHPe]) [3mepoch[0m[2m=[0m1
[2m2025-03-25T07:55:21.771310Z[0m [32m INFO[0m [1mnode[0m[1m{[0m[3mname[0m[2m=[0mk#99f25ef6..[1m}[0m[2m:[0m [2msui_core::checkpoints[0m[2m:[0m [2mcrates/sui-core/src/checkpoints/mod.rs[0m[2m:[0m[2m1326:[0m Creating checkpoint(s) for 2 transactions [3mnext_checkpoint_seq[0m[2m=[0m293 [3mcheckpoint_timestamp[0m[2m=[0m1742889321213
[2m2025-03-25T07:55:21.771392Z[0m [32m INFO[0m [1mnode[0m[1m{[0m[3mname[0m[2m=[0mk#8dcff6d1..[1m}[0m[2m:[0m [2msui_core::checkpoints[0m[2m:[0m [2mcrates/sui-core/src/checkpoints/mod.rs[0m[2m:[0m[2m1326:[0m Creating checkpoint(s) for 2 transactions [3mnext_checkpoint_seq[0m[2m=[0m293 [3mcheckpoint_timestamp[0m[2m=[0m1742889321213
[2m2025-03-25T07:55:21.771620Z[0m [32m INFO[0m [1mnode[0m[1m{[0m[3mname[0m[2m=[0mk#99f25ef6..[1m}[0m[2m:[0m [2msui_core::checkpoints::checkpoint_output[0m[2m:[0m [2mcrates/sui-core/src/checkpoints/checkpoint_output.rs[0m[2m:[0m[2m149:[0m Creating checkpoint CheckpointDigest(C2eXPiRXGyRmNAVRVnvtkN9CrFMHyvK3XD44KDRM7nQu) at epoch 1, sequence 293, previous digest Some(CheckpointDigest(9bo2PENQVTauPZJDsXdeL2XKTTed9wfzP2TgFoKNV5aU)), transactions count 2, content digest CheckpointContentsDigest(8zVgPWLZKMwC1qH2AQaX2pkpVfkNLtRd95kCqu2fQ6kG), end_of_epoch_data None
[2m2025-03-25T07:55:21.771643Z[0m [32m INFO[0m [1mnode[0m[1m{[0m[3mname[0m[2m=[0mk#8dcff6d1..[1m}[0m[2m:[0m [2msui_core::checkpoints::checkpoint_output[0m[2m:[0m [2mcrates/sui-core/src/checkpoints/checkpoint_output.rs[0m[2m:[0m[2m149:[0m Creating checkpoint CheckpointDigest(C2eXPiRXGyRmNAVRVnvtkN9CrFMHyvK3XD44KDRM7nQu) at epoch 1, sequence 293, previous digest Some(CheckpointDigest(9bo2PENQVTauPZJDsXdeL2XKTTed9wfzP2TgFoKNV5aU)), transactions count 2, content digest CheckpointContentsDigest(8zVgPWLZKMwC1qH2AQaX2pkpVfkNLtRd95kCqu2fQ6kG), end_of_epoch_data None
[2m2025-03-25T07:55:21.773068Z[0m [32m INFO[0m [1mnode[0m[1m{[0m[3mname[0m[2m=[0mk#addeef94..[1m}[0m[2m:[0m [2msui_core::checkpoints[0m[2m:[0m [2mcrates/sui-core/src/checkpoints/mod.rs[0m[2m:[0m[2m1326:[0m Creating checkpoint(s) for 2 transactions [3mnext_checkpoint_seq[0m[2m=[0m293 [3mcheckpoint_timestamp[0m[2m=[0m1742889321213
[2m2025-03-25T07:55:21.773320Z[0m [32m INFO[0m [1mnode[0m[1m{[0m[3mname[0m[2m=[0mk#addeef94..[1m}[0m[2m:[0m [2msui_core::checkpoints::checkpoint_output[0m[2m:[0m [2mcrates/sui-core/src/checkpoints/checkpoint_output.rs[0m[2m:[0m[2m149:[0m Creating checkpoint CheckpointDigest(C2eXPiRXGyRmNAVRVnvtkN9CrFMHyvK3XD44KDRM7nQu) at epoch 1, sequence 293, previous digest Some(CheckpointDigest(9bo2PENQVTauPZJDsXdeL2XKTTed9wfzP2TgFoKNV5aU)), transactions count 2, content digest CheckpointContentsDigest(8zVgPWLZKMwC1qH2AQaX2pkpVfkNLtRd95kCqu2fQ6kG), end_of_epoch_data None
[2m2025-03-25T07:55:21.774701Z[0m [32m INFO[0m [1mnode[0m[1m{[0m[3mname[0m[2m=[0mk#99f25ef6..[1m}[0m[2m:[0m [2msui_core::checkpoints::checkpoint_output[0m[2m:[0m [2mcrates/sui-core/src/checkpoints/checkpoint_output.rs[0m[2m:[0m[2m196:[0m Certified checkpoint with sequence 292 and digest 9bo2PENQVTauPZJDsXdeL2XKTTed9wfzP2TgFoKNV5aU
[2m2025-03-25T07:55:21.774706Z[0m [32m INFO[0m [1mnode[0m[1m{[0m[3mname[0m[2m=[0mk#8dcff6d1..[1m}[0m[2m:[0m [2msui_core::checkpoints::checkpoint_output[0m[2m:[0m [2mcrates/sui-core/src/checkpoints/checkpoint_output.rs[0m[2m:[0m[2m196:[0m Certified checkpoint with sequence 292 and digest 9bo2PENQVTauPZJDsXdeL2XKTTed9wfzP2TgFoKNV5aU
[2m2025-03-25T07:55:21.775055Z[0m [32m INFO[0m [1mnode[0m[1m{[0m[3mname[0m[2m=[0mk#99f25ef6..[1m}[0m[2m:[0m [2msui_core::checkpoints::checkpoint_executor[0m[2m:[0m [2mcrates/sui-core/src/checkpoints/checkpoint_executor/mod.rs[0m[2m:[0m[2m332:[0m Received checkpoint summary from state sync [3msequence_number[0m[2m=[0m292
[2m2025-03-25T07:55:21.775055Z[0m [32m INFO[0m [1mnode[0m[1m{[0m[3mname[0m[2m=[0mk#8dcff6d1..[1m}[0m[2m:[0m [2msui_core::checkpoints::checkpoint_executor[0m[2m:[0m [2mcrates/sui-core/src/checkpoints/checkpoint_executor/mod.rs[0m[2m:[0m[2m332:[0m Received checkpoint summary from state sync [3msequence_number[0m[2m=[0m292
[2m2025-03-25T07:55:21.776185Z[0m [32m INFO[0m [1mnode[0m[1m{[0m[3mname[0m[2m=[0mk#8dcff6d1..[1m}[0m[2m:[0m [2msui_core::state_accumulator[0m[2m:[0m [2mcrates/sui-core/src/state_accumulator.rs[0m[2m:[0m[2m675:[0m accumulating running root for checkpoint 292
[2m2025-03-25T07:55:21.776185Z[0m [32m INFO[0m [1mnode[0m[1m{[0m[3mname[0m[2m=[0mk#99f25ef6..[1m}[0m[2m:[0m [2msui_core::state_accumulator[0m[2m:[0m [2mcrates/sui-core/src/state_accumulator.rs[0m[2m:[0m[2m675:[0m accumulating running root for checkpoint 292
[2m2025-03-25T07:55:21.778373Z[0m [32m INFO[0m [1mnode[0m[1m{[0m[3mname[0m[2m=[0mk#addeef94..[1m}[0m[2m:[0m [2msui_core::checkpoints::checkpoint_executor[0m[2m:[0m [2mcrates/sui-core/src/checkpoints/checkpoint_executor/mod.rs[0m[2m:[0m[2m332:[0m Received checkpoint summary from state sync [3msequence_number[0m[2m=[0m292
[2m2025-03-25T07:55:21.779101Z[0m [32m INFO[0m [1mnode[0m[1m{[0m[3mname[0m[2m=[0mk#addeef94..[1m}[0m[2m:[0m [2msui_core::state_accumulator[0m[2m:[0m [2mcrates/sui-core/src/state_accumulator.rs[0m[2m:[0m[2m675:[0m accumulating running root for checkpoint 292
[2m2025-03-25T07:55:21.779325Z[0m [32m INFO[0m [1mnode[0m[1m{[0m[3mname[0m[2m=[0mk#b3f3cbb4..[1m}[0m[2m:[0m [2msui_core::checkpoints::checkpoint_executor[0m[2m:[0m [2mcrates/sui-core/src/checkpoints/checkpoint_executor/mod.rs[0m[2m:[0m[2m332:[0m Received checkpoint summary from state sync [3msequence_number[0m[2m=[0m292
[2m2025-03-25T07:55:21.805092Z[0m [32m INFO[0m [1mnode[0m[1m{[0m[3mname[0m[2m=[0mk#b3f3cbb4..[1m}[0m[2m:[0m [2msui_core::state_accumulator[0m[2m:[0m [2mcrates/sui-core/src/state_accumulator.rs[0m[2m:[0m[2m675:[0m accumulating running root for checkpoint 292
[2m2025-03-25T07:55:21.994855Z[0m [32m INFO[0m [1mnode[0m[1m{[0m[3mname[0m[2m=[0mk#8dcff6d1..[1m}[0m[2m:[0m [2mconsensus_core::core[0m[2m:[0m [2mconsensus/core/src/core.rs[0m[2m:[0m[2m945:[0m Included 3 ancestors & excluded 0 ancestors for proposal in round 90
[2m2025-03-25T07:55:21.994855Z[0m [32m INFO[0m [1mnode[0m[1m{[0m[3mname[0m[2m=[0mk#99f25ef6..[1m}[0m[2m:[0m [2mconsensus_core::core[0m[2m:[0m [2mconsensus/core/src/core.rs[0m[2m:[0m[2m945:[0m Included 3 ancestors & excluded 0 ancestors for proposal in round 90
[2m2025-03-25T07:55:21.996464Z[0m [32m INFO[0m [1mnode[0m[1m{[0m[3mname[0m[2m=[0mk#addeef94..[1m}[0m[2m:[0m [2mconsensus_core::core[0m[2m:[0m [2mconsensus/core/src/core.rs[0m[2m:[0m[2m945:[0m Included 3 ancestors & excluded 0 ancestors for proposal in round 90
[2m2025-03-25T07:55:21.996723Z[0m [32m INFO[0m [1mnode[0m[1m{[0m[3mname[0m[2m=[0mk#99f25ef6..[1m}[0m[2m:[0m [2mconsensus_core::core[0m[2m:[0m [2mconsensus/core/src/core.rs[0m[2m:[0m[2m531:[0m Created block B90(B,0aTRh7ByHvdqcak2HxnZI1UhkK7ftaA/U0psgf55jL0=)(1742889321995ms;[B89(B,V6iAxlFzq85PjPEHAFDmACLztTtVFf9GLBIXDHEJueI=), B89(A,jhzBXFuGwcZPFpr+XYv5JWzu0sNUa08Usjh9xnlZFSc=), B89(C,ec1UT0cn+uormjo4jFt/hzEVGgXx5lIKb4LiJXDZvLk=)];1t;1c) for round 90
[2m2025-03-25T07:55:21.996779Z[0m [32m INFO[0m [1mnode[0m[1m{[0m[3mname[0m[2m=[0mk#8dcff6d1..[1m}[0m[2m:[0m [2mconsensus_core::core[0m[2m:[0m [2mconsensus/core/src/core.rs[0m[2m:[0m[2m531:[0m Created block B90(A,nC3G1tBm+s2gPjWYWZd8kxzSamAN/evoCk8UMpdWFSE=)(1742889321995ms;[B89(A,jhzBXFuGwcZPFpr+XYv5JWzu0sNUa08Usjh9xnlZFSc=), B89(B,V6iAxlFzq85PjPEHAFDmACLztTtVFf9GLBIXDHEJueI=), B89(C,ec1UT0cn+uormjo4jFt/hzEVGgXx5lIKb4LiJXDZvLk=)];1t;1c) for round 90
[2m2025-03-25T07:55:21.998884Z[0m [32m INFO[0m [1mnode[0m[1m{[0m[3mname[0m[2m=[0mk#addeef94..[1m}[0m[2m:[0m [2mconsensus_core::core[0m[2m:[0m [2mconsensus/core/src/core.rs[0m[2m:[0m[2m531:[0m Created block B90(C,vGIZIQL6M/q+cn24jiU+DPHaRz33M4CHCzXm2Q1Xchk=)(1742889321996ms;[B89(C,ec1UT0cn+uormjo4jFt/hzEVGgXx5lIKb4LiJXDZvLk=), B89(A,jhzBXFuGwcZPFpr+XYv5JWzu0sNUa08Usjh9xnlZFSc=), B89(B,V6iAxlFzq85PjPEHAFDmACLztTtVFf9GLBIXDHEJueI=)];1t;1c) for round 90
[2m2025-03-25T07:55:22.009921Z[0m [32m INFO[0m [1mnode[0m[1m{[0m[3mname[0m[2m=[0mk#addeef94..[1m}[0m[2m:[0m [2mconsensus_core::core[0m[2m:[0m [2mconsensus/core/src/core.rs[0m[2m:[0m[2m630:[0m Committing 1 leaders: B88(C,zJ59)
[2m2025-03-25T07:55:22.010214Z[0m [32m INFO[0m [1mnode[0m[1m{[0m[3mname[0m[2m=[0mk#addeef94..[1m}[0m[2m:[0m [2mconsensus_core::commit_observer[0m[2m:[0m [2mconsensus/core/src/commit_observer.rs[0m[2m:[0m[2m173:[0m Consensus commit C81(WrSP) with leader B88(C,zJ59) has 3 blocks
[2m2025-03-25T07:55:22.010583Z[0m [32m INFO[0m [1mnode[0m[1m{[0m[3mname[0m[2m=[0mk#addeef94..[1m}[0m[2m:[0m [2msui_core::consensus_handler[0m[2m:[0m [2mcrates/sui-core/src/consensus_handler.rs[0m[2m:[0m[2m232:[0m Received consensus output [3mconsensus_commit[0m[2m=[0mCommittedSubDag(leader=B88(C,zJ59), ref=C81(WrSP), blocks=[umIM, OU15, zJ59]) [3mepoch[0m[2m=[0m1
[2m2025-03-25T07:55:22.011505Z[0m [32m INFO[0m [1mnode[0m[1m{[0m[3mname[0m[2m=[0mk#99f25ef6..[1m}[0m[2m:[0m [2msui_core::checkpoints::checkpoint_output[0m[2m:[0m [2mcrates/sui-core/src/checkpoints/checkpoint_output.rs[0m[2m:[0m[2m196:[0m Certified checkpoint with sequence 293 and digest C2eXPiRXGyRmNAVRVnvtkN9CrFMHyvK3XD44KDRM7nQu
[2m2025-03-25T07:55:22.011511Z[0m [32m INFO[0m [1mnode[0m[1m{[0m[3mname[0m[2m=[0mk#8dcff6d1..[1m}[0m[2m:[0m [2msui_core::checkpoints::checkpoint_output[0m[2m:[0m [2mcrates/sui-core/src/checkpoints/checkpoint_output.rs[0m[2m:[0m[2m196:[0m Certified checkpoint with sequence 293 and digest C2eXPiRXGyRmNAVRVnvtkN9CrFMHyvK3XD44KDRM7nQu
[2m2025-03-25T07:55:22.011786Z[0m [32m INFO[0m [1mnode[0m[1m{[0m[3mname[0m[2m=[0mk#8dcff6d1..[1m}[0m[2m:[0m [2mconsensus_core::core[0m[2m:[0m [2mconsensus/core/src/core.rs[0m[2m:[0m[2m630:[0m Committing 1 leaders: B88(C,zJ59)
[2m2025-03-25T07:55:22.011786Z[0m [32m INFO[0m [1mnode[0m[1m{[0m[3mname[0m[2m=[0mk#99f25ef6..[1m}[0m[2m:[0m [2mconsensus_core::core[0m[2m:[0m [2mconsensus/core/src/core.rs[0m[2m:[0m[2m630:[0m Committing 1 leaders: B88(C,zJ59)
[2m2025-03-25T07:55:22.012070Z[0m [32m INFO[0m [1mnode[0m[1m{[0m[3mname[0m[2m=[0mk#8dcff6d1..[1m}[0m[2m:[0m [2mconsensus_core::commit_observer[0m[2m:[0m [2mconsensus/core/src/commit_observer.rs[0m[2m:[0m[2m173:[0m Consensus commit C81(WrSP) with leader B88(C,zJ59) has 3 blocks
[2m2025-03-25T07:55:22.012071Z[0m [32m INFO[0m [1mnode[0m[1m{[0m[3mname[0m[2m=[0mk#99f25ef6..[1m}[0m[2m:[0m [2mconsensus_core::commit_observer[0m[2m:[0m [2mconsensus/core/src/commit_observer.rs[0m[2m:[0m[2m173:[0m Consensus commit C81(WrSP) with leader B88(C,zJ59) has 3 blocks
[2m2025-03-25T07:55:22.013086Z[0m [32m INFO[0m [1mnode[0m[1m{[0m[3mname[0m[2m=[0mk#8dcff6d1..[1m}[0m[2m:[0m [2msui_core::consensus_handler[0m[2m:[0m [2mcrates/sui-core/src/consensus_handler.rs[0m[2m:[0m[2m232:[0m Received consensus output [3mconsensus_commit[0m[2m=[0mCommittedSubDag(leader=B88(C,zJ59), ref=C81(WrSP), blocks=[umIM, OU15, zJ59]) [3mepoch[0m[2m=[0m1
[2m2025-03-25T07:55:22.013086Z[0m [32m INFO[0m [1mnode[0m[1m{[0m[3mname[0m[2m=[0mk#99f25ef6..[1m}[0m[2m:[0m [2msui_core::consensus_handler[0m[2m:[0m [2mcrates/sui-core/src/consensus_handler.rs[0m[2m:[0m[2m232:[0m Received consensus output [3mconsensus_commit[0m[2m=[0mCommittedSubDag(leader=B88(C,zJ59), ref=C81(WrSP), blocks=[umIM, OU15, zJ59]) [3mepoch[0m[2m=[0m1
[2m2025-03-25T07:55:22.014424Z[0m [32m INFO[0m [1mnode[0m[1m{[0m[3mname[0m[2m=[0mk#8dcff6d1..[1m}[0m[2m:[0m [2msui_core::checkpoints::checkpoint_executor[0m[2m:[0m [2mcrates/sui-core/src/checkpoints/checkpoint_executor/mod.rs[0m[2m:[0m[2m332:[0m Received checkpoint summary from state sync [3msequence_number[0m[2m=[0m293
[2m2025-03-25T07:55:22.014424Z[0m [32m INFO[0m [1mnode[0m[1m{[0m[3mname[0m[2m=[0mk#99f25ef6..[1m}[0m[2m:[0m [2msui_core::checkpoints::checkpoint_executor[0m[2m:[0m [2mcrates/sui-core/src/checkpoints/checkpoint_executor/mod.rs[0m[2m:[0m[2m332:[0m Received checkpoint summary from state sync [3msequence_number[0m[2m=[0m293
[2m2025-03-25T07:55:22.037350Z[0m [32m INFO[0m [1mnode[0m[1m{[0m[3mname[0m[2m=[0mk#99f25ef6..[1m}[0m[2m:[0m [2msui_core::state_accumulator[0m[2m:[0m [2mcrates/sui-core/src/state_accumulator.rs[0m[2m:[0m[2m675:[0m accumulating running root for checkpoint 293
[2m2025-03-25T07:55:22.037350Z[0m [32m INFO[0m [1mnode[0m[1m{[0m[3mname[0m[2m=[0mk#8dcff6d1..[1m}[0m[2m:[0m [2msui_core::state_accumulator[0m[2m:[0m [2mcrates/sui-core/src/state_accumulator.rs[0m[2m:[0m[2m675:[0m accumulating running root for checkpoint 293
[2m2025-03-25T07:55:22.073820Z[0m [32m INFO[0m [1mnode[0m[1m{[0m[3mname[0m[2m=[0mk#addeef94..[1m}[0m[2m:[0m [2msui_core::checkpoints[0m[2m:[0m [2mcrates/sui-core/src/checkpoints/mod.rs[0m[2m:[0m[2m1326:[0m Creating checkpoint(s) for 1 transactions [3mnext_checkpoint_seq[0m[2m=[0m294 [3mcheckpoint_timestamp[0m[2m=[0m1742889321478
[2m2025-03-25T07:55:22.074053Z[0m [32m INFO[0m [1mnode[0m[1m{[0m[3mname[0m[2m=[0mk#addeef94..[1m}[0m[2m:[0m [2msui_core::checkpoints::checkpoint_output[0m[2m:[0m [2mcrates/sui-core/src/checkpoints/checkpoint_output.rs[0m[2m:[0m[2m149:[0m Creating checkpoint CheckpointDigest(AkpAcSYUDuH7ZoXzsanpX6rnKFKjD1Bg42V5jSL4hyGX) at epoch 1, sequence 294, previous digest Some(CheckpointDigest(C2eXPiRXGyRmNAVRVnvtkN9CrFMHyvK3XD44KDRM7nQu)), transactions count 1, content digest CheckpointContentsDigest(538Sx95QS3w1Tny83vJhmLJuwaufRUJr2quEEzpPY1ff), end_of_epoch_data None
[2m2025-03-25T07:55:22.074505Z[0m [32m INFO[0m [1mnode[0m[1m{[0m[3mname[0m[2m=[0mk#8dcff6d1..[1m}[0m[2m:[0m [2msui_core::checkpoints[0m[2m:[0m [2mcrates/sui-core/src/checkpoints/mod.rs[0m[2m:[0m[2m1326:[0m Creating checkpoint(s) for 1 transactions [3mnext_checkpoint_seq[0m[2m=[0m294 [3mcheckpoint_timestamp[0m[2m=[0m1742889321478
[2m2025-03-25T07:55:22.074678Z[0m [32m INFO[0m [1mnode[0m[1m{[0m[3mname[0m[2m=[0mk#8dcff6d1..[1m}[0m[2m:[0m [2msui_core::checkpoints::checkpoint_output[0m[2m:[0m [2mcrates/sui-core/src/checkpoints/checkpoint_output.rs[0m[2m:[0m[2m149:[0m Creating checkpoint CheckpointDigest(AkpAcSYUDuH7ZoXzsanpX6rnKFKjD1Bg42V5jSL4hyGX) at epoch 1, sequence 294, previous digest Some(CheckpointDigest(C2eXPiRXGyRmNAVRVnvtkN9CrFMHyvK3XD44KDRM7nQu)), transactions count 1, content digest CheckpointContentsDigest(538Sx95QS3w1Tny83vJhmLJuwaufRUJr2quEEzpPY1ff), end_of_epoch_data None
[2m2025-03-25T07:55:22.074789Z[0m [32m INFO[0m [1mnode[0m[1m{[0m[3mname[0m[2m=[0mk#99f25ef6..[1m}[0m[2m:[0m [2msui_core::checkpoints[0m[2m:[0m [2mcrates/sui-core/src/checkpoints/mod.rs[0m[2m:[0m[2m1326:[0m Creating checkpoint(s) for 1 transactions [3mnext_checkpoint_seq[0m[2m=[0m294 [3mcheckpoint_timestamp[0m[2m=[0m1742889321478
[2m2025-03-25T07:55:22.074956Z[0m [32m INFO[0m [1mnode[0m[1m{[0m[3mname[0m[2m=[0mk#99f25ef6..[1m}[0m[2m:[0m [2msui_core::checkpoints::checkpoint_output[0m[2m:[0m [2mcrates/sui-core/src/checkpoints/checkpoint_output.rs[0m[2m:[0m[2m149:[0m Creating checkpoint CheckpointDigest(AkpAcSYUDuH7ZoXzsanpX6rnKFKjD1Bg42V5jSL4hyGX) at epoch 1, sequence 294, previous digest Some(CheckpointDigest(C2eXPiRXGyRmNAVRVnvtkN9CrFMHyvK3XD44KDRM7nQu)), transactions count 1, content digest CheckpointContentsDigest(538Sx95QS3w1Tny83vJhmLJuwaufRUJr2quEEzpPY1ff), end_of_epoch_data None
[2m2025-03-25T07:55:22.079696Z[0m [32m INFO[0m [1mnode[0m[1m{[0m[3mname[0m[2m=[0mk#b3f3cbb4..[1m}[0m[2m:[0m [2msui_core::checkpoints::checkpoint_executor[0m[2m:[0m [2mcrates/sui-core/src/checkpoints/checkpoint_executor/mod.rs[0m[2m:[0m[2m332:[0m Received checkpoint summary from state sync [3msequence_number[0m[2m=[0m293
[2m2025-03-25T07:55:22.142916Z[0m [32m INFO[0m [1mnode[0m[1m{[0m[3mname[0m[2m=[0mk#addeef94..[1m}[0m[2m:[0m [2msui_core::checkpoints::checkpoint_executor[0m[2m:[0m [2mcrates/sui-core/src/checkpoints/checkpoint_executor/mod.rs[0m[2m:[0m[2m332:[0m Received checkpoint summary from state sync [3msequence_number[0m[2m=[0m293
[2m2025-03-25T07:55:22.144306Z[0m [32m INFO[0m [1mnode[0m[1m{[0m[3mname[0m[2m=[0mk#addeef94..[1m}[0m[2m:[0m [2msui_core::state_accumulator[0m[2m:[0m [2mcrates/sui-core/src/state_accumulator.rs[0m[2m:[0m[2m675:[0m accumulating running root for checkpoint 293
[2m2025-03-25T07:55:22.170312Z[0m [32m INFO[0m [1mnode[0m[1m{[0m[3mname[0m[2m=[0mk#b3f3cbb4..[1m}[0m[2m:[0m [2msui_core::state_accumulator[0m[2m:[0m [2mcrates/sui-core/src/state_accumulator.rs[0m[2m:[0m[2m675:[0m accumulating running root for checkpoint 293
[2m2025-03-25T07:55:22.261982Z[0m [32m INFO[0m [1mnode[0m[1m{[0m[3mname[0m[2m=[0mk#addeef94..[1m}[0m[2m:[0m [2mconsensus_core::core[0m[2m:[0m [2mconsensus/core/src/core.rs[0m[2m:[0m[2m945:[0m Included 3 ancestors & excluded 0 ancestors for proposal in round 91
[2m2025-03-25T07:55:22.262556Z[0m [32m INFO[0m [1mnode[0m[1m{[0m[3mname[0m[2m=[0mk#addeef94..[1m}[0m[2m:[0m [2mconsensus_core::core[0m[2m:[0m [2mconsensus/core/src/core.rs[0m[2m:[0m[2m531:[0m Created block B91(C,uVbqmIwfVd2Tib/mmVruCtq1iLY7OXI474HFUUuC1mg=)(1742889322262ms;[B90(C,vGIZIQL6M/q+cn24jiU+DPHaRz33M4CHCzXm2Q1Xchk=), B90(A,nC3G1tBm+s2gPjWYWZd8kxzSamAN/evoCk8UMpdWFSE=), B90(B,0aTRh7ByHvdqcak2HxnZI1UhkK7ftaA/U0psgf55jL0=)];1t;1c) for round 91
[2m2025-03-25T07:55:22.265378Z[0m [32m INFO[0m [1mnode[0m[1m{[0m[3mname[0m[2m=[0mk#99f25ef6..[1m}[0m[2m:[0m [2mconsensus_core::core[0m[2m:[0m [2mconsensus/core/src/core.rs[0m[2m:[0m[2m945:[0m Included 3 ancestors & excluded 0 ancestors for proposal in round 91
[2m2025-03-25T07:55:22.265378Z[0m [32m INFO[0m [1mnode[0m[1m{[0m[3mname[0m[2m=[0mk#8dcff6d1..[1m}[0m[2m:[0m [2mconsensus_core::core[0m[2m:[0m [2mconsensus/core/src/core.rs[0m[2m:[0m[2m945:[0m Included 3 ancestors & excluded 0 ancestors for proposal in round 91
[2m2025-03-25T07:55:22.265807Z[0m [32m INFO[0m [1mnode[0m[1m{[0m[3mname[0m[2m=[0mk#8dcff6d1..[1m}[0m[2m:[0m [2mconsensus_core::core[0m[2m:[0m [2mconsensus/core/src/core.rs[0m[2m:[0m[2m531:[0m Created block B91(A,IKaN4zCo4+LoIdss4lmCp2RLfNPQcDyjKE7L4R3RjdM=)(1742889322265ms;[B90(A,nC3G1tBm+s2gPjWYWZd8kxzSamAN/evoCk8UMpdWFSE=), B90(B,0aTRh7ByHvdqcak2HxnZI1UhkK7ftaA/U0psgf55jL0=), B90(C,vGIZIQL6M/q+cn24jiU+DPHaRz33M4CHCzXm2Q1Xchk=)];1t;1c) for round 91
[2m2025-03-25T07:55:22.265806Z[0m [32m INFO[0m [1mnode[0m[1m{[0m[3mname[0m[2m=[0mk#99f25ef6..[1m}[0m[2m:[0m [2mconsensus_core::core[0m[2m:[0m [2mconsensus/core/src/core.rs[0m[2m:[0m[2m531:[0m Created block B91(B,jcVjqV6qRESJ58ox6X+obRhsqy9bvumQyA5FtS6LYRU=)(1742889322265ms;[B90(B,0aTRh7ByHvdqcak2HxnZI1UhkK7ftaA/U0psgf55jL0=), B90(A,nC3G1tBm+s2gPjWYWZd8kxzSamAN/evoCk8UMpdWFSE=), B90(C,vGIZIQL6M/q+cn24jiU+DPHaRz33M4CHCzXm2Q1Xchk=)];1t;1c) for round 91
[2m2025-03-25T07:55:22.265903Z[0m [32m INFO[0m [1mnode[0m[1m{[0m[3mname[0m[2m=[0mk#8dcff6d1..[1m}[0m[2m:[0m [2mconsensus_core::core[0m[2m:[0m [2mconsensus/core/src/core.rs[0m[2m:[0m[2m630:[0m Committing 1 leaders: B89(C,ec1U)
[2m2025-03-25T07:55:22.265903Z[0m [32m INFO[0m [1mnode[0m[1m{[0m[3mname[0m[2m=[0mk#99f25ef6..[1m}[0m[2m:[0m [2mconsensus_core::core[0m[2m:[0m [2mconsensus/core/src/core.rs[0m[2m:[0m[2m630:[0m Committing 1 leaders: B89(C,ec1U)
[2m2025-03-25T07:55:22.266004Z[0m [32m INFO[0m [1mnode[0m[1m{[0m[3mname[0m[2m=[0mk#8dcff6d1..[1m}[0m[2m:[0m [2mconsensus_core::commit_observer[0m[2m:[0m [2mconsensus/core/src/commit_observer.rs[0m[2m:[0m[2m173:[0m Consensus commit C82(Pve6) with leader B89(C,ec1U) has 3 blocks
[2m2025-03-25T07:55:22.266004Z[0m [32m INFO[0m [1mnode[0m[1m{[0m[3mname[0m[2m=[0mk#99f25ef6..[1m}[0m[2m:[0m [2mconsensus_core::commit_observer[0m[2m:[0m [2mconsensus/core/src/commit_observer.rs[0m[2m:[0m[2m173:[0m Consensus commit C82(Pve6) with leader B89(C,ec1U) has 3 blocks
[2m2025-03-25T07:55:22.266133Z[0m [32m INFO[0m [1mnode[0m[1m{[0m[3mname[0m[2m=[0mk#99f25ef6..[1m}[0m[2m:[0m [2msui_core::consensus_handler[0m[2m:[0m [2mcrates/sui-core/src/consensus_handler.rs[0m[2m:[0m[2m232:[0m Received consensus output [3mconsensus_commit[0m[2m=[0mCommittedSubDag(leader=B89(C,ec1U), ref=C82(Pve6), blocks=[Ouk5, VN/o, ec1U]) [3mepoch[0m[2m=[0m1
[2m2025-03-25T07:55:22.266133Z[0m [32m INFO[0m [1mnode[0m[1m{[0m[3mname[0m[2m=[0mk#8dcff6d1..[1m}[0m[2m:[0m [2msui_core::consensus_handler[0m[2m:[0m [2mcrates/sui-core/src/consensus_handler.rs[0m[2m:[0m[2m232:[0m Received consensus output [3mconsensus_commit[0m[2m=[0mCommittedSubDag(leader=B89(C,ec1U), ref=C82(Pve6), blocks=[Ouk5, VN/o, ec1U]) [3mepoch[0m[2m=[0m1
[2m2025-03-25T07:55:22.271129Z[0m [32m INFO[0m [1mnode[0m[1m{[0m[3mname[0m[2m=[0mk#addeef94..[1m}[0m[2m:[0m [2mconsensus_core::core[0m[2m:[0m [2mconsensus/core/src/core.rs[0m[2m:[0m[2m630:[0m Committing 1 leaders: B89(C,ec1U)
[2m2025-03-25T07:55:22.271254Z[0m [32m INFO[0m [1mnode[0m[1m{[0m[3mname[0m[2m=[0mk#addeef94..[1m}[0m[2m:[0m [2mconsensus_core::commit_observer[0m[2m:[0m [2mconsensus/core/src/commit_observer.rs[0m[2m:[0m[2m173:[0m Consensus commit C82(Pve6) with leader B89(C,ec1U) has 3 blocks
[2m2025-03-25T07:55:22.271427Z[0m [32m INFO[0m [1mnode[0m[1m{[0m[3mname[0m[2m=[0mk#addeef94..[1m}[0m[2m:[0m [2msui_core::consensus_handler[0m[2m:[0m [2mcrates/sui-core/src/consensus_handler.rs[0m[2m:[0m[2m232:[0m Received consensus output [3mconsensus_commit[0m[2m=[0mCommittedSubDag(leader=B89(C,ec1U), ref=C82(Pve6), blocks=[Ouk5, VN/o, ec1U]) [3mepoch[0m[2m=[0m1
[2m2025-03-25T07:55:22.297923Z[0m [32m INFO[0m [1mnode[0m[1m{[0m[3mname[0m[2m=[0mk#8dcff6d1..[1m}[0m[2m:[0m [2msui_core::checkpoints[0m[2m:[0m [2mcrates/sui-core/src/checkpoints/mod.rs[0m[2m:[0m[2m1326:[0m Creating checkpoint(s) for 2 transactions [3mnext_checkpoint_seq[0m[2m=[0m295 [3mcheckpoint_timestamp[0m[2m=[0m1742889321733
[2m2025-03-25T07:55:22.297930Z[0m [32m INFO[0m [1mnode[0m[1m{[0m[3mname[0m[2m=[0mk#99f25ef6..[1m}[0m[2m:[0m [2msui_core::checkpoints[0m[2m:[0m [2mcrates/sui-core/src/checkpoints/mod.rs[0m[2m:[0m[2m1326:[0m Creating checkpoint(s) for 2 transactions [3mnext_checkpoint_seq[0m[2m=[0m295 [3mcheckpoint_timestamp[0m[2m=[0m1742889321733
[2m2025-03-25T07:55:22.298245Z[0m [32m INFO[0m [1mnode[0m[1m{[0m[3mname[0m[2m=[0mk#99f25ef6..[1m}[0m[2m:[0m [2msui_core::checkpoints::checkpoint_output[0m[2m:[0m [2mcrates/sui-core/src/checkpoints/checkpoint_output.rs[0m[2m:[0m[2m149:[0m Creating checkpoint CheckpointDigest(4gLzy3rdLNCD7XcafG35EiV4jDk3EjrSxjHhTkBo3pmn) at epoch 1, sequence 295, previous digest Some(CheckpointDigest(AkpAcSYUDuH7ZoXzsanpX6rnKFKjD1Bg42V5jSL4hyGX)), transactions count 2, content digest CheckpointContentsDigest(G8tVSjL7dyiNS6FkQTpVx1UdspWYSKD55JDJvdX629AF), end_of_epoch_data None
[2m2025-03-25T07:55:22.298245Z[0m [32m INFO[0m [1mnode[0m[1m{[0m[3mname[0m[2m=[0mk#8dcff6d1..[1m}[0m[2m:[0m [2msui_core::checkpoints::checkpoint_output[0m[2m:[0m [2mcrates/sui-core/src/checkpoints/checkpoint_output.rs[0m[2m:[0m[2m149:[0m Creating checkpoint CheckpointDigest(4gLzy3rdLNCD7XcafG35EiV4jDk3EjrSxjHhTkBo3pmn) at epoch 1, sequence 295, previous digest Some(CheckpointDigest(AkpAcSYUDuH7ZoXzsanpX6rnKFKjD1Bg42V5jSL4hyGX)), transactions count 2, content digest CheckpointContentsDigest(G8tVSjL7dyiNS6FkQTpVx1UdspWYSKD55JDJvdX629AF), end_of_epoch_data None
[2m2025-03-25T07:55:22.301262Z[0m [32m INFO[0m [1mnode[0m[1m{[0m[3mname[0m[2m=[0mk#addeef94..[1m}[0m[2m:[0m [2msui_core::checkpoints[0m[2m:[0m [2mcrates/sui-core/src/checkpoints/mod.rs[0m[2m:[0m[2m1326:[0m Creating checkpoint(s) for 2 transactions [3mnext_checkpoint_seq[0m[2m=[0m295 [3mcheckpoint_timestamp[0m[2m=[0m1742889321733
[2m2025-03-25T07:55:22.301442Z[0m [32m INFO[0m [1mnode[0m[1m{[0m[3mname[0m[2m=[0mk#8dcff6d1..[1m}[0m[2m:[0m [2msui_core::checkpoints::checkpoint_output[0m[2m:[0m [2mcrates/sui-core/src/checkpoints/checkpoint_output.rs[0m[2m:[0m[2m196:[0m Certified checkpoint with sequence 294 and digest AkpAcSYUDuH7ZoXzsanpX6rnKFKjD1Bg42V5jSL4hyGX
[2m2025-03-25T07:55:22.301446Z[0m [32m INFO[0m [1mnode[0m[1m{[0m[3mname[0m[2m=[0mk#99f25ef6..[1m}[0m[2m:[0m [2msui_core::checkpoints::checkpoint_output[0m[2m:[0m [2mcrates/sui-core/src/checkpoints/checkpoint_output.rs[0m[2m:[0m[2m196:[0m Certified checkpoint with sequence 294 and digest AkpAcSYUDuH7ZoXzsanpX6rnKFKjD1Bg42V5jSL4hyGX
[2m2025-03-25T07:55:22.301518Z[0m [32m INFO[0m [1mnode[0m[1m{[0m[3mname[0m[2m=[0mk#addeef94..[1m}[0m[2m:[0m [2msui_core::checkpoints::checkpoint_output[0m[2m:[0m [2mcrates/sui-core/src/checkpoints/checkpoint_output.rs[0m[2m:[0m[2m149:[0m Creating checkpoint CheckpointDigest(4gLzy3rdLNCD7XcafG35EiV4jDk3EjrSxjHhTkBo3pmn) at epoch 1, sequence 295, previous digest Some(CheckpointDigest(AkpAcSYUDuH7ZoXzsanpX6rnKFKjD1Bg42V5jSL4hyGX)), transactions count 2, content digest CheckpointContentsDigest(G8tVSjL7dyiNS6FkQTpVx1UdspWYSKD55JDJvdX629AF), end_of_epoch_data None
[2m2025-03-25T07:55:22.301805Z[0m [32m INFO[0m [1mnode[0m[1m{[0m[3mname[0m[2m=[0mk#8dcff6d1..[1m}[0m[2m:[0m [2msui_core::checkpoints::checkpoint_executor[0m[2m:[0m [2mcrates/sui-core/src/checkpoints/checkpoint_executor/mod.rs[0m[2m:[0m[2m332:[0m Received checkpoint summary from state sync [3msequence_number[0m[2m=[0m294
[2m2025-03-25T07:55:22.301805Z[0m [32m INFO[0m [1mnode[0m[1m{[0m[3mname[0m[2m=[0mk#99f25ef6..[1m}[0m[2m:[0m [2msui_core::checkpoints::checkpoint_executor[0m[2m:[0m [2mcrates/sui-core/src/checkpoints/checkpoint_executor/mod.rs[0m[2m:[0m[2m332:[0m Received checkpoint summary from state sync [3msequence_number[0m[2m=[0m294
[2m2025-03-25T07:55:22.302967Z[0m [32m INFO[0m [1mnode[0m[1m{[0m[3mname[0m[2m=[0mk#8dcff6d1..[1m}[0m[2m:[0m [2msui_core::state_accumulator[0m[2m:[0m [2mcrates/sui-core/src/state_accumulator.rs[0m[2m:[0m[2m675:[0m accumulating running root for checkpoint 294
[2m2025-03-25T07:55:22.302968Z[0m [32m INFO[0m [1mnode[0m[1m{[0m[3mname[0m[2m=[0mk#99f25ef6..[1m}[0m[2m:[0m [2msui_core::state_accumulator[0m[2m:[0m [2mcrates/sui-core/src/state_accumulator.rs[0m[2m:[0m[2m675:[0m accumulating running root for checkpoint 294
[2m2025-03-25T07:55:22.305251Z[0m [32m INFO[0m [1mnode[0m[1m{[0m[3mname[0m[2m=[0mk#addeef94..[1m}[0m[2m:[0m [2msui_core::checkpoints::checkpoint_executor[0m[2m:[0m [2mcrates/sui-core/src/checkpoints/checkpoint_executor/mod.rs[0m[2m:[0m[2m332:[0m Received checkpoint summary from state sync [3msequence_number[0m[2m=[0m294
[2m2025-03-25T07:55:22.305986Z[0m [32m INFO[0m [1mnode[0m[1m{[0m[3mname[0m[2m=[0mk#addeef94..[1m}[0m[2m:[0m [2msui_core::state_accumulator[0m[2m:[0m [2mcrates/sui-core/src/state_accumulator.rs[0m[2m:[0m[2m675:[0m accumulating running root for checkpoint 294
[2m2025-03-25T07:55:22.306211Z[0m [32m INFO[0m [1mnode[0m[1m{[0m[3mname[0m[2m=[0mk#b3f3cbb4..[1m}[0m[2m:[0m [2msui_core::checkpoints::checkpoint_executor[0m[2m:[0m [2mcrates/sui-core/src/checkpoints/checkpoint_executor/mod.rs[0m[2m:[0m[2m332:[0m Received checkpoint summary from state sync [3msequence_number[0m[2m=[0m294
[2m2025-03-25T07:55:22.332262Z[0m [32m INFO[0m [1mnode[0m[1m{[0m[3mname[0m[2m=[0mk#b3f3cbb4..[1m}[0m[2m:[0m [2msui_core::state_accumulator[0m[2m:[0m [2mcrates/sui-core/src/state_accumulator.rs[0m[2m:[0m[2m675:[0m accumulating running root for checkpoint 294
[2m2025-03-25T07:55:22.518611Z[0m [32m INFO[0m [1mnode[0m[1m{[0m[3mname[0m[2m=[0mk#8dcff6d1..[1m}[0m[2m:[0m [2mconsensus_core::core[0m[2m:[0m [2mconsensus/core/src/core.rs[0m[2m:[0m[2m945:[0m Included 3 ancestors & excluded 0 ancestors for proposal in round 92
[2m2025-03-25T07:55:22.519440Z[0m [32m INFO[0m [1mnode[0m[1m{[0m[3mname[0m[2m=[0mk#99f25ef6..[1m}[0m[2m:[0m [2mconsensus_core::core[0m[2m:[0m [2mconsensus/core/src/core.rs[0m[2m:[0m[2m945:[0m Included 3 ancestors & excluded 0 ancestors for proposal in round 92
[2m2025-03-25T07:55:22.520539Z[0m [32m INFO[0m [1mnode[0m[1m{[0m[3mname[0m[2m=[0mk#8dcff6d1..[1m}[0m[2m:[0m [2mconsensus_core::core[0m[2m:[0m [2mconsensus/core/src/core.rs[0m[2m:[0m[2m531:[0m Created block B92(A,dx9YVxUEmXXYj5lZnbL7fj20oD5xSBlO8cCbawxByUY=)(1742889322518ms;[B91(A,IKaN4zCo4+LoIdss4lmCp2RLfNPQcDyjKE7L4R3RjdM=), B91(B,jcVjqV6qRESJ58ox6X+obRhsqy9bvumQyA5FtS6LYRU=), B91(C,uVbqmIwfVd2Tib/mmVruCtq1iLY7OXI474HFUUuC1mg=)];1t;1c) for round 92
[2m2025-03-25T07:55:22.520845Z[0m [32m INFO[0m [1mnode[0m[1m{[0m[3mname[0m[2m=[0mk#99f25ef6..[1m}[0m[2m:[0m [2mconsensus_core::core[0m[2m:[0m [2mconsensus/core/src/core.rs[0m[2m:[0m[2m531:[0m Created block B92(B,UdHP/9M4POCuePkjsGmoTVkAsaA4lJNSjgPhgiN6XwU=)(1742889322519ms;[B91(B,jcVjqV6qRESJ58ox6X+obRhsqy9bvumQyA5FtS6LYRU=), B91(A,IKaN4zCo4+LoIdss4lmCp2RLfNPQcDyjKE7L4R3RjdM=), B91(C,uVbqmIwfVd2Tib/mmVruCtq1iLY7OXI474HFUUuC1mg=)];1t;1c) for round 92
[2m2025-03-25T07:55:22.532299Z[0m [32m INFO[0m [1mnode[0m[1m{[0m[3mname[0m[2m=[0mk#addeef94..[1m}[0m[2m:[0m [2mconsensus_core::core[0m[2m:[0m [2mconsensus/core/src/core.rs[0m[2m:[0m[2m945:[0m Included 3 ancestors & excluded 0 ancestors for proposal in round 92
[2m2025-03-25T07:55:22.533201Z[0m [32m INFO[0m [1mnode[0m[1m{[0m[3mname[0m[2m=[0mk#addeef94..[1m}[0m[2m:[0m [2mconsensus_core::core[0m[2m:[0m [2mconsensus/core/src/core.rs[0m[2m:[0m[2m531:[0m Created block B92(C,kEZm9s6QI1/cTayOYSO+npu6UPVKfecJ59hxbFTcW0A=)(1742889322532ms;[B91(C,uVbqmIwfVd2Tib/mmVruCtq1iLY7OXI474HFUUuC1mg=), B91(A,IKaN4zCo4+LoIdss4lmCp2RLfNPQcDyjKE7L4R3RjdM=), B91(B,jcVjqV6qRESJ58ox6X+obRhsqy9bvumQyA5FtS6LYRU=)];1t;1c) for round 92
[2m2025-03-25T07:55:22.533390Z[0m [32m INFO[0m [1mnode[0m[1m{[0m[3mname[0m[2m=[0mk#addeef94..[1m}[0m[2m:[0m [2mconsensus_core::core[0m[2m:[0m [2mconsensus/core/src/core.rs[0m[2m:[0m[2m630:[0m Committing 1 leaders: B90(C,vGIZ)
[2m2025-03-25T07:55:22.533574Z[0m [32m INFO[0m [1mnode[0m[1m{[0m[3mname[0m[2m=[0mk#addeef94..[1m}[0m[2m:[0m [2mconsensus_core::commit_observer[0m[2m:[0m [2mconsensus/core/src/commit_observer.rs[0m[2m:[0m[2m173:[0m Consensus commit C83(BMaR) with leader B90(C,vGIZ) has 3 blocks
[2m2025-03-25T07:55:22.533820Z[0m [32m INFO[0m [1mnode[0m[1m{[0m[3mname[0m[2m=[0mk#addeef94..[1m}[0m[2m:[0m [2msui_core::consensus_handler[0m[2m:[0m [2mcrates/sui-core/src/consensus_handler.rs[0m[2m:[0m[2m232:[0m Received consensus output [3mconsensus_commit[0m[2m=[0mCommittedSubDag(leader=B90(C,vGIZ), ref=C83(BMaR), blocks=[jhzB, V6iA, vGIZ]) [3mepoch[0m[2m=[0m1
[2m2025-03-25T07:55:22.541271Z[0m [32m INFO[0m [1mnode[0m[1m{[0m[3mname[0m[2m=[0mk#99f25ef6..[1m}[0m[2m:[0m [2msui_core::checkpoints::checkpoint_output[0m[2m:[0m [2mcrates/sui-core/src/checkpoints/checkpoint_output.rs[0m[2m:[0m[2m196:[0m Certified checkpoint with sequence 295 and digest 4gLzy3rdLNCD7XcafG35EiV4jDk3EjrSxjHhTkBo3pmn
[2m2025-03-25T07:55:22.541277Z[0m [32m INFO[0m [1mnode[0m[1m{[0m[3mname[0m[2m=[0mk#8dcff6d1..[1m}[0m[2m:[0m [2msui_core::checkpoints::checkpoint_output[0m[2m:[0m [2mcrates/sui-core/src/checkpoints/checkpoint_output.rs[0m[2m:[0m[2m196:[0m Certified checkpoint with sequence 295 and digest 4gLzy3rdLNCD7XcafG35EiV4jDk3EjrSxjHhTkBo3pmn
[2m2025-03-25T07:55:22.541526Z[0m [32m INFO[0m [1mnode[0m[1m{[0m[3mname[0m[2m=[0mk#99f25ef6..[1m}[0m[2m:[0m [2mconsensus_core::core[0m[2m:[0m [2mconsensus/core/src/core.rs[0m[2m:[0m[2m630:[0m Committing 1 leaders: B90(C,vGIZ)
[2m2025-03-25T07:55:22.541532Z[0m [32m INFO[0m [1mnode[0m[1m{[0m[3mname[0m[2m=[0mk#8dcff6d1..[1m}[0m[2m:[0m [2mconsensus_core::core[0m[2m:[0m [2mconsensus/core/src/core.rs[0m[2m:[0m[2m630:[0m Committing 1 leaders: B90(C,vGIZ)
[2m2025-03-25T07:55:22.541740Z[0m [32m INFO[0m [1mnode[0m[1m{[0m[3mname[0m[2m=[0mk#99f25ef6..[1m}[0m[2m:[0m [2mconsensus_core::commit_observer[0m[2m:[0m [2mconsensus/core/src/commit_observer.rs[0m[2m:[0m[2m173:[0m Consensus commit C83(BMaR) with leader B90(C,vGIZ) has 3 blocks
[2m2025-03-25T07:55:22.541740Z[0m [32m INFO[0m [1mnode[0m[1m{[0m[3mname[0m[2m=[0mk#8dcff6d1..[1m}[0m[2m:[0m [2mconsensus_core::commit_observer[0m[2m:[0m [2mconsensus/core/src/commit_observer.rs[0m[2m:[0m[2m173:[0m Consensus commit C83(BMaR) with leader B90(C,vGIZ) has 3 blocks
[2m2025-03-25T07:55:22.542577Z[0m [32m INFO[0m [1mnode[0m[1m{[0m[3mname[0m[2m=[0mk#99f25ef6..[1m}[0m[2m:[0m [2msui_core::consensus_handler[0m[2m:[0m [2mcrates/sui-core/src/consensus_handler.rs[0m[2m:[0m[2m232:[0m Received consensus output [3mconsensus_commit[0m[2m=[0mCommittedSubDag(leader=B90(C,vGIZ), ref=C83(BMaR), blocks=[jhzB, V6iA, vGIZ]) [3mepoch[0m[2m=[0m1
[2m2025-03-25T07:55:22.542578Z[0m [32m INFO[0m [1mnode[0m[1m{[0m[3mname[0m[2m=[0mk#8dcff6d1..[1m}[0m[2m:[0m [2msui_core::consensus_handler[0m[2m:[0m [2mcrates/sui-core/src/consensus_handler.rs[0m[2m:[0m[2m232:[0m Received consensus output [3mconsensus_commit[0m[2m=[0mCommittedSubDag(leader=B90(C,vGIZ), ref=C83(BMaR), blocks=[jhzB, V6iA, vGIZ]) [3mepoch[0m[2m=[0m1
[2m2025-03-25T07:55:22.543804Z[0m [32m INFO[0m [1mnode[0m[1m{[0m[3mname[0m[2m=[0mk#99f25ef6..[1m}[0m[2m:[0m [2msui_core::checkpoints::checkpoint_executor[0m[2m:[0m [2mcrates/sui-core/src/checkpoints/checkpoint_executor/mod.rs[0m[2m:[0m[2m332:[0m Received checkpoint summary from state sync [3msequence_number[0m[2m=[0m295
[2m2025-03-25T07:55:22.543804Z[0m [32m INFO[0m [1mnode[0m[1m{[0m[3mname[0m[2m=[0mk#8dcff6d1..[1m}[0m[2m:[0m [2msui_core::checkpoints::checkpoint_executor[0m[2m:[0m [2mcrates/sui-core/src/checkpoints/checkpoint_executor/mod.rs[0m[2m:[0m[2m332:[0m Received checkpoint summary from state sync [3msequence_number[0m[2m=[0m295
[2m2025-03-25T07:55:22.564881Z[0m [32m INFO[0m [1mnode[0m[1m{[0m[3mname[0m[2m=[0mk#99f25ef6..[1m}[0m[2m:[0m [2msui_core::state_accumulator[0m[2m:[0m [2mcrates/sui-core/src/state_accumulator.rs[0m[2m:[0m[2m675:[0m accumulating running root for checkpoint 295
[2m2025-03-25T07:55:22.564882Z[0m [32m INFO[0m [1mnode[0m[1m{[0m[3mname[0m[2m=[0mk#8dcff6d1..[1m}[0m[2m:[0m [2msui_core::state_accumulator[0m[2m:[0m [2mcrates/sui-core/src/state_accumulator.rs[0m[2m:[0m[2m675:[0m accumulating running root for checkpoint 295
[2m2025-03-25T07:55:22.594868Z[0m [32m INFO[0m [1mnode[0m[1m{[0m[3mname[0m[2m=[0mk#addeef94..[1m}[0m[2m:[0m [2msui_core::checkpoints[0m[2m:[0m [2mcrates/sui-core/src/checkpoints/mod.rs[0m[2m:[0m[2m1326:[0m Creating checkpoint(s) for 1 transactions [3mnext_checkpoint_seq[0m[2m=[0m296 [3mcheckpoint_timestamp[0m[2m=[0m1742889321996
[2m2025-03-25T07:55:22.595097Z[0m [32m INFO[0m [1mnode[0m[1m{[0m[3mname[0m[2m=[0mk#addeef94..[1m}[0m[2m:[0m [2msui_core::checkpoints::checkpoint_output[0m[2m:[0m [2mcrates/sui-core/src/checkpoints/checkpoint_output.rs[0m[2m:[0m[2m149:[0m Creating checkpoint CheckpointDigest(5zjop5xoPQwyvoJ5pbkJscNZSBBnqg2cXeZphapG9K31) at epoch 1, sequence 296, previous digest Some(CheckpointDigest(4gLzy3rdLNCD7XcafG35EiV4jDk3EjrSxjHhTkBo3pmn)), transactions count 1, content digest CheckpointContentsDigest(GdgFrERn7f5ZJpxFmnKoyjYEMMuKi9EmptK6pihgYCUV), end_of_epoch_data None
[2m2025-03-25T07:55:22.599872Z[0m [32m INFO[0m [1mnode[0m[1m{[0m[3mname[0m[2m=[0mk#99f25ef6..[1m}[0m[2m:[0m [2msui_core::checkpoints[0m[2m:[0m [2mcrates/sui-core/src/checkpoints/mod.rs[0m[2m:[0m[2m1326:[0m Creating checkpoint(s) for 1 transactions [3mnext_checkpoint_seq[0m[2m=[0m296 [3mcheckpoint_timestamp[0m[2m=[0m1742889321996
[2m2025-03-25T07:55:22.599945Z[0m [32m INFO[0m [1mnode[0m[1m{[0m[3mname[0m[2m=[0mk#8dcff6d1..[1m}[0m[2m:[0m [2msui_core::checkpoints[0m[2m:[0m [2mcrates/sui-core/src/checkpoints/mod.rs[0m[2m:[0m[2m1326:[0m Creating checkpoint(s) for 1 transactions [3mnext_checkpoint_seq[0m[2m=[0m296 [3mcheckpoint_timestamp[0m[2m=[0m1742889321996
[2m2025-03-25T07:55:22.600050Z[0m [32m INFO[0m [1mnode[0m[1m{[0m[3mname[0m[2m=[0mk#99f25ef6..[1m}[0m[2m:[0m [2msui_core::checkpoints::checkpoint_output[0m[2m:[0m [2mcrates/sui-core/src/checkpoints/checkpoint_output.rs[0m[2m:[0m[2m149:[0m Creating checkpoint CheckpointDigest(5zjop5xoPQwyvoJ5pbkJscNZSBBnqg2cXeZphapG9K31) at epoch 1, sequence 296, previous digest Some(CheckpointDigest(4gLzy3rdLNCD7XcafG35EiV4jDk3EjrSxjHhTkBo3pmn)), transactions count 1, content digest CheckpointContentsDigest(GdgFrERn7f5ZJpxFmnKoyjYEMMuKi9EmptK6pihgYCUV), end_of_epoch_data None
[2m2025-03-25T07:55:22.600115Z[0m [32m INFO[0m [1mnode[0m[1m{[0m[3mname[0m[2m=[0mk#8dcff6d1..[1m}[0m[2m:[0m [2msui_core::checkpoints::checkpoint_output[0m[2m:[0m [2mcrates/sui-core/src/checkpoints/checkpoint_output.rs[0m[2m:[0m[2m149:[0m Creating checkpoint CheckpointDigest(5zjop5xoPQwyvoJ5pbkJscNZSBBnqg2cXeZphapG9K31) at epoch 1, sequence 296, previous digest Some(CheckpointDigest(4gLzy3rdLNCD7XcafG35EiV4jDk3EjrSxjHhTkBo3pmn)), transactions count 1, content digest CheckpointContentsDigest(GdgFrERn7f5ZJpxFmnKoyjYEMMuKi9EmptK6pihgYCUV), end_of_epoch_data None
[2m2025-03-25T07:55:22.616281Z[0m [32m INFO[0m [1mnode[0m[1m{[0m[3mname[0m[2m=[0mk#addeef94..[1m}[0m[2m:[0m [2msui_core::checkpoints::checkpoint_executor[0m[2m:[0m [2mcrates/sui-core/src/checkpoints/checkpoint_executor/mod.rs[0m[2m:[0m[2m332:[0m Received checkpoint summary from state sync [3msequence_number[0m[2m=[0m295
[2m2025-03-25T07:55:22.621342Z[0m [32m INFO[0m [1mnode[0m[1m{[0m[3mname[0m[2m=[0mk#b3f3cbb4..[1m}[0m[2m:[0m [2msui_core::checkpoints::checkpoint_executor[0m[2m:[0m [2mcrates/sui-core/src/checkpoints/checkpoint_executor/mod.rs[0m[2m:[0m[2m332:[0m Received checkpoint summary from state sync [3msequence_number[0m[2m=[0m295
[2m2025-03-25T07:55:22.662743Z[0m [32m INFO[0m [1mnode[0m[1m{[0m[3mname[0m[2m=[0mk#addeef94..[1m}[0m[2m:[0m [2msui_core::state_accumulator[0m[2m:[0m [2mcrates/sui-core/src/state_accumulator.rs[0m[2m:[0m[2m675:[0m accumulating running root for checkpoint 295
[2m2025-03-25T07:55:22.711172Z[0m [32m INFO[0m [1mnode[0m[1m{[0m[3mname[0m[2m=[0mk#b3f3cbb4..[1m}[0m[2m:[0m [2msui_core::state_accumulator[0m[2m:[0m [2mcrates/sui-core/src/state_accumulator.rs[0m[2m:[0m[2m675:[0m accumulating running root for checkpoint 295
[2m2025-03-25T07:55:22.788711Z[0m [32m INFO[0m [1mnode[0m[1m{[0m[3mname[0m[2m=[0mk#addeef94..[1m}[0m[2m:[0m [2mconsensus_core::core[0m[2m:[0m [2mconsensus/core/src/core.rs[0m[2m:[0m[2m945:[0m Included 3 ancestors & excluded 0 ancestors for proposal in round 93
[2m2025-03-25T07:55:22.789193Z[0m [32m INFO[0m [1mnode[0m[1m{[0m[3mname[0m[2m=[0mk#addeef94..[1m}[0m[2m:[0m [2mconsensus_core::core[0m[2m:[0m [2mconsensus/core/src/core.rs[0m[2m:[0m[2m531:[0m Created block B93(C,fTUOs1bGTs8/Y6YGliUqeotxMNJ1KGDiIMg/gOV+oqw=)(1742889322788ms;[B92(C,kEZm9s6QI1/cTayOYSO+npu6UPVKfecJ59hxbFTcW0A=), B92(A,dx9YVxUEmXXYj5lZnbL7fj20oD5xSBlO8cCbawxByUY=), B92(B,UdHP/9M4POCuePkjsGmoTVkAsaA4lJNSjgPhgiN6XwU=)];1t;1c) for round 93
[2m2025-03-25T07:55:22.793988Z[0m [32m INFO[0m [1mnode[0m[1m{[0m[3mname[0m[2m=[0mk#8dcff6d1..[1m}[0m[2m:[0m [2mconsensus_core::core[0m[2m:[0m [2mconsensus/core/src/core.rs[0m[2m:[0m[2m945:[0m Included 3 ancestors & excluded 0 ancestors for proposal in round 93
[2m2025-03-25T07:55:22.793988Z[0m [32m INFO[0m [1mnode[0m[1m{[0m[3mname[0m[2m=[0mk#99f25ef6..[1m}[0m[2m:[0m [2mconsensus_core::core[0m[2m:[0m [2mconsensus/core/src/core.rs[0m[2m:[0m[2m945:[0m Included 3 ancestors & excluded 0 ancestors for proposal in round 93
[2m2025-03-25T07:55:22.794382Z[0m [32m INFO[0m [1mnode[0m[1m{[0m[3mname[0m[2m=[0mk#8dcff6d1..[1m}[0m[2m:[0m [2mconsensus_core::core[0m[2m:[0m [2mconsensus/core/src/core.rs[0m[2m:[0m[2m531:[0m Created block B93(A,pi5bMNFm/qjZJsF/sgjsHoTQIQhxd+c9k0rVMFUfuPo=)(1742889322794ms;[B92(A,dx9YVxUEmXXYj5lZnbL7fj20oD5xSBlO8cCbawxByUY=), B92(B,UdHP/9M4POCuePkjsGmoTVkAsaA4lJNSjgPhgiN6XwU=), B92(C,kEZm9s6QI1/cTayOYSO+npu6UPVKfecJ59hxbFTcW0A=)];1t;1c) for round 93
[2m2025-03-25T07:55:22.794384Z[0m [32m INFO[0m [1mnode[0m[1m{[0m[3mname[0m[2m=[0mk#99f25ef6..[1m}[0m[2m:[0m [2mconsensus_core::core[0m[2m:[0m [2mconsensus/core/src/core.rs[0m[2m:[0m[2m531:[0m Created block B93(B,lqrBT3KGxLUEPE70equ6KPbnql1sEvF3ao3S0QR2SAU=)(1742889322794ms;[B92(B,UdHP/9M4POCuePkjsGmoTVkAsaA4lJNSjgPhgiN6XwU=), B92(A,dx9YVxUEmXXYj5lZnbL7fj20oD5xSBlO8cCbawxByUY=), B92(C,kEZm9s6QI1/cTayOYSO+npu6UPVKfecJ59hxbFTcW0A=)];1t;1c) for round 93
[2m2025-03-25T07:55:22.794472Z[0m [32m INFO[0m [1mnode[0m[1m{[0m[3mname[0m[2m=[0mk#8dcff6d1..[1m}[0m[2m:[0m [2mconsensus_core::core[0m[2m:[0m [2mconsensus/core/src/core.rs[0m[2m:[0m[2m630:[0m Committing 1 leaders: B91(C,uVbq)
[2m2025-03-25T07:55:22.794472Z[0m [32m INFO[0m [1mnode[0m[1m{[0m[3mname[0m[2m=[0mk#99f25ef6..[1m}[0m[2m:[0m [2mconsensus_core::core[0m[2m:[0m [2mconsensus/core/src/core.rs[0m[2m:[0m[2m630:[0m Committing 1 leaders: B91(C,uVbq)
[2m2025-03-25T07:55:22.794563Z[0m [32m INFO[0m [1mnode[0m[1m{[0m[3mname[0m[2m=[0mk#8dcff6d1..[1m}[0m[2m:[0m [2mconsensus_core::commit_observer[0m[2m:[0m [2mconsensus/core/src/commit_observer.rs[0m[2m:[0m[2m173:[0m Consensus commit C84(38r1) with leader B91(C,uVbq) has 3 blocks
[2m2025-03-25T07:55:22.794564Z[0m [32m INFO[0m [1mnode[0m[1m{[0m[3mname[0m[2m=[0mk#99f25ef6..[1m}[0m[2m:[0m [2mconsensus_core::commit_observer[0m[2m:[0m [2mconsensus/core/src/commit_observer.rs[0m[2m:[0m[2m173:[0m Consensus commit C84(38r1) with leader B91(C,uVbq) has 3 blocks
[2m2025-03-25T07:55:22.794675Z[0m [32m INFO[0m [1mnode[0m[1m{[0m[3mname[0m[2m=[0mk#8dcff6d1..[1m}[0m[2m:[0m [2msui_core::consensus_handler[0m[2m:[0m [2mcrates/sui-core/src/consensus_handler.rs[0m[2m:[0m[2m232:[0m Received consensus output [3mconsensus_commit[0m[2m=[0mCommittedSubDag(leader=B91(C,uVbq), ref=C84(38r1), blocks=[nC3G, 0aTR, uVbq]) [3mepoch[0m[2m=[0m1
[2m2025-03-25T07:55:22.794675Z[0m [32m INFO[0m [1mnode[0m[1m{[0m[3mname[0m[2m=[0mk#99f25ef6..[1m}[0m[2m:[0m [2msui_core::consensus_handler[0m[2m:[0m [2mcrates/sui-core/src/consensus_handler.rs[0m[2m:[0m[2m232:[0m Received consensus output [3mconsensus_commit[0m[2m=[0mCommittedSubDag(leader=B91(C,uVbq), ref=C84(38r1), blocks=[nC3G, 0aTR, uVbq]) [3mepoch[0m[2m=[0m1
[2m2025-03-25T07:55:22.799278Z[0m [32m INFO[0m [1mnode[0m[1m{[0m[3mname[0m[2m=[0mk#addeef94..[1m}[0m[2m:[0m [2mconsensus_core::core[0m[2m:[0m [2mconsensus/core/src/core.rs[0m[2m:[0m[2m630:[0m Committing 1 leaders: B91(C,uVbq)
[2m2025-03-25T07:55:22.799387Z[0m [32m INFO[0m [1mnode[0m[1m{[0m[3mname[0m[2m=[0mk#addeef94..[1m}[0m[2m:[0m [2mconsensus_core::commit_observer[0m[2m:[0m [2mconsensus/core/src/commit_observer.rs[0m[2m:[0m[2m173:[0m Consensus commit C84(38r1) with leader B91(C,uVbq) has 3 blocks
[2m2025-03-25T07:55:22.799541Z[0m [32m INFO[0m [1mnode[0m[1m{[0m[3mname[0m[2m=[0mk#addeef94..[1m}[0m[2m:[0m [2msui_core::consensus_handler[0m[2m:[0m [2mcrates/sui-core/src/consensus_handler.rs[0m[2m:[0m[2m232:[0m Received consensus output [3mconsensus_commit[0m[2m=[0mCommittedSubDag(leader=B91(C,uVbq), ref=C84(38r1), blocks=[nC3G, 0aTR, uVbq]) [3mepoch[0m[2m=[0m1
[2m2025-03-25T07:55:22.825483Z[0m [32m INFO[0m [1mnode[0m[1m{[0m[3mname[0m[2m=[0mk#8dcff6d1..[1m}[0m[2m:[0m [2msui_core::checkpoints[0m[2m:[0m [2mcrates/sui-core/src/checkpoints/mod.rs[0m[2m:[0m[2m1326:[0m Creating checkpoint(s) for 2 transactions [3mnext_checkpoint_seq[0m[2m=[0m297 [3mcheckpoint_timestamp[0m[2m=[0m1742889322262
[2m2025-03-25T07:55:22.825485Z[0m [32m INFO[0m [1mnode[0m[1m{[0m[3mname[0m[2m=[0mk#99f25ef6..[1m}[0m[2m:[0m [2msui_core::checkpoints[0m[2m:[0m [2mcrates/sui-core/src/checkpoints/mod.rs[0m[2m:[0m[2m1326:[0m Creating checkpoint(s) for 2 transactions [3mnext_checkpoint_seq[0m[2m=[0m297 [3mcheckpoint_timestamp[0m[2m=[0m1742889322262
[2m2025-03-25T07:55:22.825797Z[0m [32m INFO[0m [1mnode[0m[1m{[0m[3mname[0m[2m=[0mk#99f25ef6..[1m}[0m[2m:[0m [2msui_core::checkpoints::checkpoint_output[0m[2m:[0m [2mcrates/sui-core/src/checkpoints/checkpoint_output.rs[0m[2m:[0m[2m149:[0m Creating checkpoint CheckpointDigest(3KZXmKVy64zQzR7JNRz4SJ2YR7f4Abk3ffJJ4HKFeQbQ) at epoch 1, sequence 297, previous digest Some(CheckpointDigest(5zjop5xoPQwyvoJ5pbkJscNZSBBnqg2cXeZphapG9K31)), transactions count 2, content digest CheckpointContentsDigest(F2nCqfEtdBkma6UqB9kmfncCGNr9YduGE8bw8mNAeTuD), end_of_epoch_data None
[2m2025-03-25T07:55:22.825797Z[0m [32m INFO[0m [1mnode[0m[1m{[0m[3mname[0m[2m=[0mk#8dcff6d1..[1m}[0m[2m:[0m [2msui_core::checkpoints::checkpoint_output[0m[2m:[0m [2mcrates/sui-core/src/checkpoints/checkpoint_output.rs[0m[2m:[0m[2m149:[0m Creating checkpoint CheckpointDigest(3KZXmKVy64zQzR7JNRz4SJ2YR7f4Abk3ffJJ4HKFeQbQ) at epoch 1, sequence 297, previous digest Some(CheckpointDigest(5zjop5xoPQwyvoJ5pbkJscNZSBBnqg2cXeZphapG9K31)), transactions count 2, content digest CheckpointContentsDigest(F2nCqfEtdBkma6UqB9kmfncCGNr9YduGE8bw8mNAeTuD), end_of_epoch_data None
[2m2025-03-25T07:55:22.828720Z[0m [32m INFO[0m [1mnode[0m[1m{[0m[3mname[0m[2m=[0mk#addeef94..[1m}[0m[2m:[0m [2msui_core::checkpoints[0m[2m:[0m [2mcrates/sui-core/src/checkpoints/mod.rs[0m[2m:[0m[2m1326:[0m Creating checkpoint(s) for 2 transactions [3mnext_checkpoint_seq[0m[2m=[0m297 [3mcheckpoint_timestamp[0m[2m=[0m1742889322262
[2m2025-03-25T07:55:22.828931Z[0m [32m INFO[0m [1mnode[0m[1m{[0m[3mname[0m[2m=[0mk#99f25ef6..[1m}[0m[2m:[0m [2msui_core::checkpoints::checkpoint_output[0m[2m:[0m [2mcrates/sui-core/src/checkpoints/checkpoint_output.rs[0m[2m:[0m[2m196:[0m Certified checkpoint with sequence 296 and digest 5zjop5xoPQwyvoJ5pbkJscNZSBBnqg2cXeZphapG9K31
[2m2025-03-25T07:55:22.828934Z[0m [32m INFO[0m [1mnode[0m[1m{[0m[3mname[0m[2m=[0mk#8dcff6d1..[1m}[0m[2m:[0m [2msui_core::checkpoints::checkpoint_output[0m[2m:[0m [2mcrates/sui-core/src/checkpoints/checkpoint_output.rs[0m[2m:[0m[2m196:[0m Certified checkpoint with sequence 296 and digest 5zjop5xoPQwyvoJ5pbkJscNZSBBnqg2cXeZphapG9K31
[2m2025-03-25T07:55:22.828969Z[0m [32m INFO[0m [1mnode[0m[1m{[0m[3mname[0m[2m=[0mk#addeef94..[1m}[0m[2m:[0m [2msui_core::checkpoints::checkpoint_output[0m[2m:[0m [2mcrates/sui-core/src/checkpoints/checkpoint_output.rs[0m[2m:[0m[2m149:[0m Creating checkpoint CheckpointDigest(3KZXmKVy64zQzR7JNRz4SJ2YR7f4Abk3ffJJ4HKFeQbQ) at epoch 1, sequence 297, previous digest Some(CheckpointDigest(5zjop5xoPQwyvoJ5pbkJscNZSBBnqg2cXeZphapG9K31)), transactions count 2, content digest CheckpointContentsDigest(F2nCqfEtdBkma6UqB9kmfncCGNr9YduGE8bw8mNAeTuD), end_of_epoch_data None
[2m2025-03-25T07:55:22.829293Z[0m [32m INFO[0m [1mnode[0m[1m{[0m[3mname[0m[2m=[0mk#99f25ef6..[1m}[0m[2m:[0m [2msui_core::checkpoints::checkpoint_executor[0m[2m:[0m [2mcrates/sui-core/src/checkpoints/checkpoint_executor/mod.rs[0m[2m:[0m[2m332:[0m Received checkpoint summary from state sync [3msequence_number[0m[2m=[0m296
[2m2025-03-25T07:55:22.829293Z[0m [32m INFO[0m [1mnode[0m[1m{[0m[3mname[0m[2m=[0mk#8dcff6d1..[1m}[0m[2m:[0m [2msui_core::checkpoints::checkpoint_executor[0m[2m:[0m [2mcrates/sui-core/src/checkpoints/checkpoint_executor/mod.rs[0m[2m:[0m[2m332:[0m Received checkpoint summary from state sync [3msequence_number[0m[2m=[0m296
[2m2025-03-25T07:55:22.830426Z[0m [32m INFO[0m [1mnode[0m[1m{[0m[3mname[0m[2m=[0mk#8dcff6d1..[1m}[0m[2m:[0m [2msui_core::state_accumulator[0m[2m:[0m [2mcrates/sui-core/src/state_accumulator.rs[0m[2m:[0m[2m675:[0m accumulating running root for checkpoint 296
[2m2025-03-25T07:55:22.830426Z[0m [32m INFO[0m [1mnode[0m[1m{[0m[3mname[0m[2m=[0mk#99f25ef6..[1m}[0m[2m:[0m [2msui_core::state_accumulator[0m[2m:[0m [2mcrates/sui-core/src/state_accumulator.rs[0m[2m:[0m[2m675:[0m accumulating running root for checkpoint 296
[2m2025-03-25T07:55:22.832360Z[0m [32m INFO[0m [1mnode[0m[1m{[0m[3mname[0m[2m=[0mk#addeef94..[1m}[0m[2m:[0m [2msui_core::checkpoints::checkpoint_executor[0m[2m:[0m [2mcrates/sui-core/src/checkpoints/checkpoint_executor/mod.rs[0m[2m:[0m[2m332:[0m Received checkpoint summary from state sync [3msequence_number[0m[2m=[0m296
[2m2025-03-25T07:55:22.833065Z[0m [32m INFO[0m [1mnode[0m[1m{[0m[3mname[0m[2m=[0mk#addeef94..[1m}[0m[2m:[0m [2msui_core::state_accumulator[0m[2m:[0m [2mcrates/sui-core/src/state_accumulator.rs[0m[2m:[0m[2m675:[0m accumulating running root for checkpoint 296
[2m2025-03-25T07:55:22.833592Z[0m [32m INFO[0m [1mnode[0m[1m{[0m[3mname[0m[2m=[0mk#b3f3cbb4..[1m}[0m[2m:[0m [2msui_core::checkpoints::checkpoint_executor[0m[2m:[0m [2mcrates/sui-core/src/checkpoints/checkpoint_executor/mod.rs[0m[2m:[0m[2m332:[0m Received checkpoint summary from state sync [3msequence_number[0m[2m=[0m296
[2m2025-03-25T07:55:22.859370Z[0m [32m INFO[0m [1mnode[0m[1m{[0m[3mname[0m[2m=[0mk#b3f3cbb4..[1m}[0m[2m:[0m [2msui_core::state_accumulator[0m[2m:[0m [2mcrates/sui-core/src/state_accumulator.rs[0m[2m:[0m[2m675:[0m accumulating running root for checkpoint 296
[2m2025-03-25T07:55:23.047754Z[0m [32m INFO[0m [1mnode[0m[1m{[0m[3mname[0m[2m=[0mk#99f25ef6..[1m}[0m[2m:[0m [2mconsensus_core::core[0m[2m:[0m [2mconsensus/core/src/core.rs[0m[2m:[0m[2m945:[0m Included 3 ancestors & excluded 0 ancestors for proposal in round 94
[2m2025-03-25T07:55:23.048180Z[0m [32m INFO[0m [1mnode[0m[1m{[0m[3mname[0m[2m=[0mk#8dcff6d1..[1m}[0m[2m:[0m [2mconsensus_core::core[0m[2m:[0m [2mconsensus/core/src/core.rs[0m[2m:[0m[2m945:[0m Included 3 ancestors & excluded 0 ancestors for proposal in round 94
[2m2025-03-25T07:55:23.049634Z[0m [32m INFO[0m [1mnode[0m[1m{[0m[3mname[0m[2m=[0mk#99f25ef6..[1m}[0m[2m:[0m [2mconsensus_core::core[0m[2m:[0m [2mconsensus/core/src/core.rs[0m[2m:[0m[2m531:[0m Created block B94(B,AM5vxkHOt34ae3N6v6gW+u+BnS81bKvZGuMpH8dcLv0=)(1742889323048ms;[B93(B,lqrBT3KGxLUEPE70equ6KPbnql1sEvF3ao3S0QR2SAU=), B93(A,pi5bMNFm/qjZJsF/sgjsHoTQIQhxd+c9k0rVMFUfuPo=), B93(C,fTUOs1bGTs8/Y6YGliUqeotxMNJ1KGDiIMg/gOV+oqw=)];1t;1c) for round 94
[2m2025-03-25T07:55:23.049633Z[0m [32m INFO[0m [1mnode[0m[1m{[0m[3mname[0m[2m=[0mk#8dcff6d1..[1m}[0m[2m:[0m [2mconsensus_core::core[0m[2m:[0m [2mconsensus/core/src/core.rs[0m[2m:[0m[2m531:[0m Created block B94(A,KcZUI3kQKWCdbPlcUAWHAHDcKvsIizTJjmy3pTYpmSQ=)(1742889323048ms;[B93(A,pi5bMNFm/qjZJsF/sgjsHoTQIQhxd+c9k0rVMFUfuPo=), B93(B,lqrBT3KGxLUEPE70equ6KPbnql1sEvF3ao3S0QR2SAU=), B93(C,fTUOs1bGTs8/Y6YGliUqeotxMNJ1KGDiIMg/gOV+oqw=)];1t;1c) for round 94
[2m2025-03-25T07:55:23.060637Z[0m [32m INFO[0m [1mnode[0m[1m{[0m[3mname[0m[2m=[0mk#addeef94..[1m}[0m[2m:[0m [2mconsensus_core::core[0m[2m:[0m [2mconsensus/core/src/core.rs[0m[2m:[0m[2m945:[0m Included 3 ancestors & excluded 0 ancestors for proposal in round 94
[2m2025-03-25T07:55:23.061849Z[0m [32m INFO[0m [1mnode[0m[1m{[0m[3mname[0m[2m=[0mk#addeef94..[1m}[0m[2m:[0m [2mconsensus_core::core[0m[2m:[0m [2mconsensus/core/src/core.rs[0m[2m:[0m[2m531:[0m Created block B94(C,xaW9rg/oh6Ai9li4X9IQkEZ+VjX6Fdh1Usp1X4UNUcs=)(1742889323060ms;[B93(C,fTUOs1bGTs8/Y6YGliUqeotxMNJ1KGDiIMg/gOV+oqw=), B93(A,pi5bMNFm/qjZJsF/sgjsHoTQIQhxd+c9k0rVMFUfuPo=), B93(B,lqrBT3KGxLUEPE70equ6KPbnql1sEvF3ao3S0QR2SAU=)];1t;1c) for round 94
[2m2025-03-25T07:55:23.062411Z[0m [32m INFO[0m [1mnode[0m[1m{[0m[3mname[0m[2m=[0mk#addeef94..[1m}[0m[2m:[0m [2mconsensus_core::core[0m[2m:[0m [2mconsensus/core/src/core.rs[0m[2m:[0m[2m630:[0m Committing 1 leaders: B92(B,UdHP)
[2m2025-03-25T07:55:23.062766Z[0m [32m INFO[0m [1mnode[0m[1m{[0m[3mname[0m[2m=[0mk#addeef94..[1m}[0m[2m:[0m [2mconsensus_core::commit_observer[0m[2m:[0m [2mconsensus/core/src/commit_observer.rs[0m[2m:[0m[2m173:[0m Consensus commit C85(C5BK) with leader B92(B,UdHP) has 3 blocks
[2m2025-03-25T07:55:23.064128Z[0m [32m INFO[0m [1mnode[0m[1m{[0m[3mname[0m[2m=[0mk#addeef94..[1m}[0m[2m:[0m [2msui_core::consensus_handler[0m[2m:[0m [2mcrates/sui-core/src/consensus_handler.rs[0m[2m:[0m[2m232:[0m Received consensus output [3mconsensus_commit[0m[2m=[0mCommittedSubDag(leader=B92(B,UdHP), ref=C85(C5BK), blocks=[IKaN, jcVj, UdHP]) [3mepoch[0m[2m=[0m1
[2m2025-03-25T07:55:23.071341Z[0m [32m INFO[0m [1mnode[0m[1m{[0m[3mname[0m[2m=[0mk#8dcff6d1..[1m}[0m[2m:[0m [2msui_core::checkpoints::checkpoint_output[0m[2m:[0m [2mcrates/sui-core/src/checkpoints/checkpoint_output.rs[0m[2m:[0m[2m196:[0m Certified checkpoint with sequence 297 and digest 3KZXmKVy64zQzR7JNRz4SJ2YR7f4Abk3ffJJ4HKFeQbQ
[2m2025-03-25T07:55:23.071345Z[0m [32m INFO[0m [1mnode[0m[1m{[0m[3mname[0m[2m=[0mk#99f25ef6..[1m}[0m[2m:[0m [2msui_core::checkpoints::checkpoint_output[0m[2m:[0m [2mcrates/sui-core/src/checkpoints/checkpoint_output.rs[0m[2m:[0m[2m196:[0m Certified checkpoint with sequence 297 and digest 3KZXmKVy64zQzR7JNRz4SJ2YR7f4Abk3ffJJ4HKFeQbQ
[2m2025-03-25T07:55:23.071584Z[0m [32m INFO[0m [1mnode[0m[1m{[0m[3mname[0m[2m=[0mk#99f25ef6..[1m}[0m[2m:[0m [2mconsensus_core::core[0m[2m:[0m [2mconsensus/core/src/core.rs[0m[2m:[0m[2m630:[0m Committing 1 leaders: B92(B,UdHP)
[2m2025-03-25T07:55:23.071584Z[0m [32m INFO[0m [1mnode[0m[1m{[0m[3mname[0m[2m=[0mk#8dcff6d1..[1m}[0m[2m:[0m [2mconsensus_core::core[0m[2m:[0m [2mconsensus/core/src/core.rs[0m[2m:[0m[2m630:[0m Committing 1 leaders: B92(B,UdHP)
[2m2025-03-25T07:55:23.071802Z[0m [32m INFO[0m [1mnode[0m[1m{[0m[3mname[0m[2m=[0mk#8dcff6d1..[1m}[0m[2m:[0m [2mconsensus_core::commit_observer[0m[2m:[0m [2mconsensus/core/src/commit_observer.rs[0m[2m:[0m[2m173:[0m Consensus commit C85(C5BK) with leader B92(B,UdHP) has 3 blocks
[2m2025-03-25T07:55:23.071805Z[0m [32m INFO[0m [1mnode[0m[1m{[0m[3mname[0m[2m=[0mk#99f25ef6..[1m}[0m[2m:[0m [2mconsensus_core::commit_observer[0m[2m:[0m [2mconsensus/core/src/commit_observer.rs[0m[2m:[0m[2m173:[0m Consensus commit C85(C5BK) with leader B92(B,UdHP) has 3 blocks
[2m2025-03-25T07:55:23.072585Z[0m [32m INFO[0m [1mnode[0m[1m{[0m[3mname[0m[2m=[0mk#99f25ef6..[1m}[0m[2m:[0m [2msui_core::consensus_handler[0m[2m:[0m [2mcrates/sui-core/src/consensus_handler.rs[0m[2m:[0m[2m232:[0m Received consensus output [3mconsensus_commit[0m[2m=[0mCommittedSubDag(leader=B92(B,UdHP), ref=C85(C5BK), blocks=[IKaN, jcVj, UdHP]) [3mepoch[0m[2m=[0m1
[2m2025-03-25T07:55:23.072585Z[0m [32m INFO[0m [1mnode[0m[1m{[0m[3mname[0m[2m=[0mk#8dcff6d1..[1m}[0m[2m:[0m [2msui_core::consensus_handler[0m[2m:[0m [2mcrates/sui-core/src/consensus_handler.rs[0m[2m:[0m[2m232:[0m Received consensus output [3mconsensus_commit[0m[2m=[0mCommittedSubDag(leader=B92(B,UdHP), ref=C85(C5BK), blocks=[IKaN, jcVj, UdHP]) [3mepoch[0m[2m=[0m1
[2m2025-03-25T07:55:23.073712Z[0m [32m INFO[0m [1mnode[0m[1m{[0m[3mname[0m[2m=[0mk#99f25ef6..[1m}[0m[2m:[0m [2msui_core::checkpoints::checkpoint_executor[0m[2m:[0m [2mcrates/sui-core/src/checkpoints/checkpoint_executor/mod.rs[0m[2m:[0m[2m332:[0m Received checkpoint summary from state sync [3msequence_number[0m[2m=[0m297
[2m2025-03-25T07:55:23.073713Z[0m [32m INFO[0m [1mnode[0m[1m{[0m[3mname[0m[2m=[0mk#8dcff6d1..[1m}[0m[2m:[0m [2msui_core::checkpoints::checkpoint_executor[0m[2m:[0m [2mcrates/sui-core/src/checkpoints/checkpoint_executor/mod.rs[0m[2m:[0m[2m332:[0m Received checkpoint summary from state sync [3msequence_number[0m[2m=[0m297
[2m2025-03-25T07:55:23.094943Z[0m [32m INFO[0m [1mnode[0m[1m{[0m[3mname[0m[2m=[0mk#99f25ef6..[1m}[0m[2m:[0m [2msui_core::state_accumulator[0m[2m:[0m [2mcrates/sui-core/src/state_accumulator.rs[0m[2m:[0m[2m675:[0m accumulating running root for checkpoint 297
[2m2025-03-25T07:55:23.094943Z[0m [32m INFO[0m [1mnode[0m[1m{[0m[3mname[0m[2m=[0mk#8dcff6d1..[1m}[0m[2m:[0m [2msui_core::state_accumulator[0m[2m:[0m [2mcrates/sui-core/src/state_accumulator.rs[0m[2m:[0m[2m675:[0m accumulating running root for checkpoint 297
[2m2025-03-25T07:55:23.125348Z[0m [32m INFO[0m [1mnode[0m[1m{[0m[3mname[0m[2m=[0mk#addeef94..[1m}[0m[2m:[0m [2msui_core::checkpoints[0m[2m:[0m [2mcrates/sui-core/src/checkpoints/mod.rs[0m[2m:[0m[2m1326:[0m Creating checkpoint(s) for 1 transactions [3mnext_checkpoint_seq[0m[2m=[0m298 [3mcheckpoint_timestamp[0m[2m=[0m1742889322519
[2m2025-03-25T07:55:23.125586Z[0m [32m INFO[0m [1mnode[0m[1m{[0m[3mname[0m[2m=[0mk#addeef94..[1m}[0m[2m:[0m [2msui_core::checkpoints::checkpoint_output[0m[2m:[0m [2mcrates/sui-core/src/checkpoints/checkpoint_output.rs[0m[2m:[0m[2m149:[0m Creating checkpoint CheckpointDigest(2oBb4qY3PwyXUAsmpNaLjzf7iNzosZpn2DP7W5ZSdr9G) at epoch 1, sequence 298, previous digest Some(CheckpointDigest(3KZXmKVy64zQzR7JNRz4SJ2YR7f4Abk3ffJJ4HKFeQbQ)), transactions count 1, content digest CheckpointContentsDigest(GDQRotVc9QwBkbM7HVDG15hgpcbwxiNfSyXQZELn6XT8), end_of_epoch_data None
[2m2025-03-25T07:55:23.130128Z[0m [32m INFO[0m [1mnode[0m[1m{[0m[3mname[0m[2m=[0mk#99f25ef6..[1m}[0m[2m:[0m [2msui_core::checkpoints[0m[2m:[0m [2mcrates/sui-core/src/checkpoints/mod.rs[0m[2m:[0m[2m1326:[0m Creating checkpoint(s) for 1 transactions [3mnext_checkpoint_seq[0m[2m=[0m298 [3mcheckpoint_timestamp[0m[2m=[0m1742889322519
[2m2025-03-25T07:55:23.130132Z[0m [32m INFO[0m [1mnode[0m[1m{[0m[3mname[0m[2m=[0mk#8dcff6d1..[1m}[0m[2m:[0m [2msui_core::checkpoints[0m[2m:[0m [2mcrates/sui-core/src/checkpoints/mod.rs[0m[2m:[0m[2m1326:[0m Creating checkpoint(s) for 1 transactions [3mnext_checkpoint_seq[0m[2m=[0m298 [3mcheckpoint_timestamp[0m[2m=[0m1742889322519
[2m2025-03-25T07:55:23.130301Z[0m [32m INFO[0m [1mnode[0m[1m{[0m[3mname[0m[2m=[0mk#99f25ef6..[1m}[0m[2m:[0m [2msui_core::checkpoints::checkpoint_output[0m[2m:[0m [2mcrates/sui-core/src/checkpoints/checkpoint_output.rs[0m[2m:[0m[2m149:[0m Creating checkpoint CheckpointDigest(2oBb4qY3PwyXUAsmpNaLjzf7iNzosZpn2DP7W5ZSdr9G) at epoch 1, sequence 298, previous digest Some(CheckpointDigest(3KZXmKVy64zQzR7JNRz4SJ2YR7f4Abk3ffJJ4HKFeQbQ)), transactions count 1, content digest CheckpointContentsDigest(GDQRotVc9QwBkbM7HVDG15hgpcbwxiNfSyXQZELn6XT8), end_of_epoch_data None
[2m2025-03-25T07:55:23.130302Z[0m [32m INFO[0m [1mnode[0m[1m{[0m[3mname[0m[2m=[0mk#8dcff6d1..[1m}[0m[2m:[0m [2msui_core::checkpoints::checkpoint_output[0m[2m:[0m [2mcrates/sui-core/src/checkpoints/checkpoint_output.rs[0m[2m:[0m[2m149:[0m Creating checkpoint CheckpointDigest(2oBb4qY3PwyXUAsmpNaLjzf7iNzosZpn2DP7W5ZSdr9G) at epoch 1, sequence 298, previous digest Some(CheckpointDigest(3KZXmKVy64zQzR7JNRz4SJ2YR7f4Abk3ffJJ4HKFeQbQ)), transactions count 1, content digest CheckpointContentsDigest(GDQRotVc9QwBkbM7HVDG15hgpcbwxiNfSyXQZELn6XT8), end_of_epoch_data None
[2m2025-03-25T07:55:23.147391Z[0m [32m INFO[0m [1mnode[0m[1m{[0m[3mname[0m[2m=[0mk#addeef94..[1m}[0m[2m:[0m [2msui_core::checkpoints::checkpoint_executor[0m[2m:[0m [2mcrates/sui-core/src/checkpoints/checkpoint_executor/mod.rs[0m[2m:[0m[2m332:[0m Received checkpoint summary from state sync [3msequence_number[0m[2m=[0m297
[2m2025-03-25T07:55:23.166280Z[0m [32m INFO[0m [1mnode[0m[1m{[0m[3mname[0m[2m=[0mk#b3f3cbb4..[1m}[0m[2m:[0m [2msui_core::checkpoints::checkpoint_executor[0m[2m:[0m [2mcrates/sui-core/src/checkpoints/checkpoint_executor/mod.rs[0m[2m:[0m[2m332:[0m Received checkpoint summary from state sync [3msequence_number[0m[2m=[0m297
[2m2025-03-25T07:55:23.194162Z[0m [32m INFO[0m [1mnode[0m[1m{[0m[3mname[0m[2m=[0mk#addeef94..[1m}[0m[2m:[0m [2msui_core::state_accumulator[0m[2m:[0m [2mcrates/sui-core/src/state_accumulator.rs[0m[2m:[0m[2m675:[0m accumulating running root for checkpoint 297
[2m2025-03-25T07:55:23.260526Z[0m [32m INFO[0m [1mnode[0m[1m{[0m[3mname[0m[2m=[0mk#b3f3cbb4..[1m}[0m[2m:[0m [2msui_core::state_accumulator[0m[2m:[0m [2mcrates/sui-core/src/state_accumulator.rs[0m[2m:[0m[2m675:[0m accumulating running root for checkpoint 297
[2m2025-03-25T07:55:23.304726Z[0m [32m INFO[0m [1mnode[0m[1m{[0m[3mname[0m[2m=[0mk#8dcff6d1..[1m}[0m[2m:[0m [2mconsensus_core::commit_syncer[0m[2m:[0m [2mconsensus/core/src/commit_syncer.rs[0m[2m:[0m[2m196:[0m Checking to schedule fetches: synced_commit_index=85, highest_handled_index=85, highest_scheduled_index=0, quorum_commit_index=84, unhandled_commits_threshold=3200
[2m2025-03-25T07:55:23.316780Z[0m [32m INFO[0m [1mnode[0m[1m{[0m[3mname[0m[2m=[0mk#addeef94..[1m}[0m[2m:[0m [2mconsensus_core::core[0m[2m:[0m [2mconsensus/core/src/core.rs[0m[2m:[0m[2m945:[0m Included 3 ancestors & excluded 0 ancestors for proposal in round 95
[2m2025-03-25T07:55:23.317284Z[0m [32m INFO[0m [1mnode[0m[1m{[0m[3mname[0m[2m=[0mk#addeef94..[1m}[0m[2m:[0m [2mconsensus_core::core[0m[2m:[0m [2mconsensus/core/src/core.rs[0m[2m:[0m[2m531:[0m Created block B95(C,uNgwJ3csp7G6pGxw3pMAR/O5T7Cq7JAsiN1YlrJrm1U=)(1742889323316ms;[B94(C,xaW9rg/oh6Ai9li4X9IQkEZ+VjX6Fdh1Usp1X4UNUcs=), B94(A,KcZUI3kQKWCdbPlcUAWHAHDcKvsIizTJjmy3pTYpmSQ=), B94(B,AM5vxkHOt34ae3N6v6gW+u+BnS81bKvZGuMpH8dcLv0=)];1t;1c) for round 95
[2m2025-03-25T07:55:23.323857Z[0m [32m INFO[0m [1mnode[0m[1m{[0m[3mname[0m[2m=[0mk#99f25ef6..[1m}[0m[2m:[0m [2mconsensus_core::core[0m[2m:[0m [2mconsensus/core/src/core.rs[0m[2m:[0m[2m945:[0m Included 3 ancestors & excluded 0 ancestors for proposal in round 95
[2m2025-03-25T07:55:23.324249Z[0m [32m INFO[0m [1mnode[0m[1m{[0m[3mname[0m[2m=[0mk#99f25ef6..[1m}[0m[2m:[0m [2mconsensus_core::core[0m[2m:[0m [2mconsensus/core/src/core.rs[0m[2m:[0m[2m531:[0m Created block B95(B,gdSu+fzhdKjLk6SJODECVhh6FCVxjDU8mk89wLIC72A=)(1742889323323ms;[B94(B,AM5vxkHOt34ae3N6v6gW+u+BnS81bKvZGuMpH8dcLv0=), B94(A,KcZUI3kQKWCdbPlcUAWHAHDcKvsIizTJjmy3pTYpmSQ=), B94(C,xaW9rg/oh6Ai9li4X9IQkEZ+VjX6Fdh1Usp1X4UNUcs=)];2t;1c) for round 95
[2m2025-03-25T07:55:23.324337Z[0m [32m INFO[0m [1mnode[0m[1m{[0m[3mname[0m[2m=[0mk#99f25ef6..[1m}[0m[2m:[0m [2mconsensus_core::core[0m[2m:[0m [2mconsensus/core/src/core.rs[0m[2m:[0m[2m630:[0m Committing 1 leaders: B93(A,pi5b)
[2m2025-03-25T07:55:23.324413Z[0m [32m INFO[0m [1mnode[0m[1m{[0m[3mname[0m[2m=[0mk#99f25ef6..[1m}[0m[2m:[0m [2mconsensus_core::commit_observer[0m[2m:[0m [2mconsensus/core/src/commit_observer.rs[0m[2m:[0m[2m173:[0m Consensus commit C86(5hOm) with leader B93(A,pi5b) has 3 blocks
[2m2025-03-25T07:55:23.324507Z[0m [32m INFO[0m [1mnode[0m[1m{[0m[3mname[0m[2m=[0mk#99f25ef6..[1m}[0m[2m:[0m [2msui_core::consensus_handler[0m[2m:[0m [2mcrates/sui-core/src/consensus_handler.rs[0m[2m:[0m[2m232:[0m Received consensus output [3mconsensus_commit[0m[2m=[0mCommittedSubDag(leader=B93(A,pi5b), ref=C86(5hOm), blocks=[dx9Y, kEZm, pi5b]) [3mepoch[0m[2m=[0m1
[2m2025-03-25T07:55:23.324797Z[0m [32m INFO[0m [1mnode[0m[1m{[0m[3mname[0m[2m=[0mk#8dcff6d1..[1m}[0m[2m:[0m [2mconsensus_core::core[0m[2m:[0m [2mconsensus/core/src/core.rs[0m[2m:[0m[2m945:[0m Included 3 ancestors & excluded 0 ancestors for proposal in round 95
[2m2025-03-25T07:55:23.325112Z[0m [32m INFO[0m [1mnode[0m[1m{[0m[3mname[0m[2m=[0mk#8dcff6d1..[1m}[0m[2m:[0m [2mconsensus_core::core[0m[2m:[0m [2mconsensus/core/src/core.rs[0m[2m:[0m[2m531:[0m Created block B95(A,S6yK8mxjaZE6s81g00CND5bV2bpbLohBXjapUMmkopI=)(1742889323324ms;[B94(A,KcZUI3kQKWCdbPlcUAWHAHDcKvsIizTJjmy3pTYpmSQ=), B94(B,AM5vxkHOt34ae3N6v6gW+u+BnS81bKvZGuMpH8dcLv0=), B94(C,xaW9rg/oh6Ai9li4X9IQkEZ+VjX6Fdh1Usp1X4UNUcs=)];1t;1c) for round 95
[2m2025-03-25T07:55:23.325184Z[0m [32m INFO[0m [1mnode[0m[1m{[0m[3mname[0m[2m=[0mk#8dcff6d1..[1m}[0m[2m:[0m [2mconsensus_core::core[0m[2m:[0m [2mconsensus/core/src/core.rs[0m[2m:[0m[2m630:[0m Committing 1 leaders: B93(A,pi5b)
[2m2025-03-25T07:55:23.325255Z[0m [32m INFO[0m [1mnode[0m[1m{[0m[3mname[0m[2m=[0mk#8dcff6d1..[1m}[0m[2m:[0m [2mconsensus_core::commit_observer[0m[2m:[0m [2mconsensus/core/src/commit_observer.rs[0m[2m:[0m[2m173:[0m Consensus commit C86(5hOm) with leader B93(A,pi5b) has 3 blocks
[2m2025-03-25T07:55:23.325341Z[0m [32m INFO[0m [1mnode[0m[1m{[0m[3mname[0m[2m=[0mk#8dcff6d1..[1m}[0m[2m:[0m [2msui_core::consensus_handler[0m[2m:[0m [2mcrates/sui-core/src/consensus_handler.rs[0m[2m:[0m[2m232:[0m Received consensus output [3mconsensus_commit[0m[2m=[0mCommittedSubDag(leader=B93(A,pi5b), ref=C86(5hOm), blocks=[dx9Y, kEZm, pi5b]) [3mepoch[0m[2m=[0m1
[2m2025-03-25T07:55:23.327083Z[0m [32m INFO[0m [1mnode[0m[1m{[0m[3mname[0m[2m=[0mk#addeef94..[1m}[0m[2m:[0m [2mconsensus_core::core[0m[2m:[0m [2mconsensus/core/src/core.rs[0m[2m:[0m[2m630:[0m Committing 1 leaders: B93(A,pi5b)
[2m2025-03-25T07:55:23.327178Z[0m [32m INFO[0m [1mnode[0m[1m{[0m[3mname[0m[2m=[0mk#addeef94..[1m}[0m[2m:[0m [2mconsensus_core::commit_observer[0m[2m:[0m [2mconsensus/core/src/commit_observer.rs[0m[2m:[0m[2m173:[0m Consensus commit C86(5hOm) with leader B93(A,pi5b) has 3 blocks
[2m2025-03-25T07:55:23.327255Z[0m [32m INFO[0m [1mnode[0m[1m{[0m[3mname[0m[2m=[0mk#addeef94..[1m}[0m[2m:[0m [2msui_core::consensus_handler[0m[2m:[0m [2mcrates/sui-core/src/consensus_handler.rs[0m[2m:[0m[2m232:[0m Received consensus output [3mconsensus_commit[0m[2m=[0mCommittedSubDag(leader=B93(A,pi5b), ref=C86(5hOm), blocks=[dx9Y, kEZm, pi5b]) [3mepoch[0m[2m=[0m1
[2m2025-03-25T07:55:23.352155Z[0m [32m INFO[0m [1mnode[0m[1m{[0m[3mname[0m[2m=[0mk#99f25ef6..[1m}[0m[2m:[0m [2msui_core::checkpoints[0m[2m:[0m [2mcrates/sui-core/src/checkpoints/mod.rs[0m[2m:[0m[2m1326:[0m Creating checkpoint(s) for 2 transactions [3mnext_checkpoint_seq[0m[2m=[0m299 [3mcheckpoint_timestamp[0m[2m=[0m1742889322794
[2m2025-03-25T07:55:23.352229Z[0m [32m INFO[0m [1mnode[0m[1m{[0m[3mname[0m[2m=[0mk#8dcff6d1..[1m}[0m[2m:[0m [2msui_core::checkpoints[0m[2m:[0m [2mcrates/sui-core/src/checkpoints/mod.rs[0m[2m:[0m[2m1326:[0m Creating checkpoint(s) for 2 transactions [3mnext_checkpoint_seq[0m[2m=[0m299 [3mcheckpoint_timestamp[0m[2m=[0m1742889322794
[2m2025-03-25T07:55:23.352489Z[0m [32m INFO[0m [1mnode[0m[1m{[0m[3mname[0m[2m=[0mk#99f25ef6..[1m}[0m[2m:[0m [2msui_core::checkpoints::checkpoint_output[0m[2m:[0m [2mcrates/sui-core/src/checkpoints/checkpoint_output.rs[0m[2m:[0m[2m149:[0m Creating checkpoint CheckpointDigest(72DiunvyqYbyBAvBiCDhrZw8qk7p6xi477XD78Yok9Pm) at epoch 1, sequence 299, previous digest Some(CheckpointDigest(2oBb4qY3PwyXUAsmpNaLjzf7iNzosZpn2DP7W5ZSdr9G)), transactions count 2, content digest CheckpointContentsDigest(erCpH4gTwVrmVhmug66T4kRPBWVfLj9B9B7eoa2oQdZ), end_of_epoch_data None
[2m2025-03-25T07:55:23.352489Z[0m [32m INFO[0m [1mnode[0m[1m{[0m[3mname[0m[2m=[0mk#8dcff6d1..[1m}[0m[2m:[0m [2msui_core::checkpoints::checkpoint_output[0m[2m:[0m [2mcrates/sui-core/src/checkpoints/checkpoint_output.rs[0m[2m:[0m[2m149:[0m Creating checkpoint CheckpointDigest(72DiunvyqYbyBAvBiCDhrZw8qk7p6xi477XD78Yok9Pm) at epoch 1, sequence 299, previous digest Some(CheckpointDigest(2oBb4qY3PwyXUAsmpNaLjzf7iNzosZpn2DP7W5ZSdr9G)), transactions count 2, content digest CheckpointContentsDigest(erCpH4gTwVrmVhmug66T4kRPBWVfLj9B9B7eoa2oQdZ), end_of_epoch_data None
[2m2025-03-25T07:55:23.353244Z[0m [32m INFO[0m [1mnode[0m[1m{[0m[3mname[0m[2m=[0mk#99f25ef6..[1m}[0m[2m:[0m [2mconsensus_core::commit_syncer[0m[2m:[0m [2mconsensus/core/src/commit_syncer.rs[0m[2m:[0m[2m196:[0m Checking to schedule fetches: synced_commit_index=86, highest_handled_index=86, highest_scheduled_index=0, quorum_commit_index=84, unhandled_commits_threshold=3200
[2m2025-03-25T07:55:23.353862Z[0m [32m INFO[0m [1mnode[0m[1m{[0m[3mname[0m[2m=[0mk#addeef94..[1m}[0m[2m:[0m [2msui_core::checkpoints[0m[2m:[0m [2mcrates/sui-core/src/checkpoints/mod.rs[0m[2m:[0m[2m1326:[0m Creating checkpoint(s) for 2 transactions [3mnext_checkpoint_seq[0m[2m=[0m299 [3mcheckpoint_timestamp[0m[2m=[0m1742889322794
[2m2025-03-25T07:55:23.354116Z[0m [32m INFO[0m [1mnode[0m[1m{[0m[3mname[0m[2m=[0mk#addeef94..[1m}[0m[2m:[0m [2msui_core::checkpoints::checkpoint_output[0m[2m:[0m [2mcrates/sui-core/src/checkpoints/checkpoint_output.rs[0m[2m:[0m[2m149:[0m Creating checkpoint CheckpointDigest(72DiunvyqYbyBAvBiCDhrZw8qk7p6xi477XD78Yok9Pm) at epoch 1, sequence 299, previous digest Some(CheckpointDigest(2oBb4qY3PwyXUAsmpNaLjzf7iNzosZpn2DP7W5ZSdr9G)), transactions count 2, content digest CheckpointContentsDigest(erCpH4gTwVrmVhmug66T4kRPBWVfLj9B9B7eoa2oQdZ), end_of_epoch_data None
[2m2025-03-25T07:55:23.354713Z[0m [32m INFO[0m [1mnode[0m[1m{[0m[3mname[0m[2m=[0mk#addeef94..[1m}[0m[2m:[0m [2mconsensus_core::commit_syncer[0m[2m:[0m [2mconsensus/core/src/commit_syncer.rs[0m[2m:[0m[2m196:[0m Checking to schedule fetches: synced_commit_index=86, highest_handled_index=86, highest_scheduled_index=0, quorum_commit_index=0, unhandled_commits_threshold=3200
[2m2025-03-25T07:55:23.355717Z[0m [32m INFO[0m [1mnode[0m[1m{[0m[3mname[0m[2m=[0mk#99f25ef6..[1m}[0m[2m:[0m [2msui_core::checkpoints::checkpoint_output[0m[2m:[0m [2mcrates/sui-core/src/checkpoints/checkpoint_output.rs[0m[2m:[0m[2m196:[0m Certified checkpoint with sequence 298 and digest 2oBb4qY3PwyXUAsmpNaLjzf7iNzosZpn2DP7W5ZSdr9G
[2m2025-03-25T07:55:23.355751Z[0m [32m INFO[0m [1mnode[0m[1m{[0m[3mname[0m[2m=[0mk#8dcff6d1..[1m}[0m[2m:[0m [2msui_core::checkpoints::checkpoint_output[0m[2m:[0m [2mcrates/sui-core/src/checkpoints/checkpoint_output.rs[0m[2m:[0m[2m196:[0m Certified checkpoint with sequence 298 and digest 2oBb4qY3PwyXUAsmpNaLjzf7iNzosZpn2DP7W5ZSdr9G
[2m2025-03-25T07:55:23.356078Z[0m [32m INFO[0m [1mnode[0m[1m{[0m[3mname[0m[2m=[0mk#99f25ef6..[1m}[0m[2m:[0m [2msui_core::checkpoints::checkpoint_executor[0m[2m:[0m [2mcrates/sui-core/src/checkpoints/checkpoint_executor/mod.rs[0m[2m:[0m[2m332:[0m Received checkpoint summary from state sync [3msequence_number[0m[2m=[0m298
[2m2025-03-25T07:55:23.356078Z[0m [32m INFO[0m [1mnode[0m[1m{[0m[3mname[0m[2m=[0mk#8dcff6d1..[1m}[0m[2m:[0m [2msui_core::checkpoints::checkpoint_executor[0m[2m:[0m [2mcrates/sui-core/src/checkpoints/checkpoint_executor/mod.rs[0m[2m:[0m[2m332:[0m Received checkpoint summary from state sync [3msequence_number[0m[2m=[0m298
[2m2025-03-25T07:55:23.357253Z[0m [32m INFO[0m [1mnode[0m[1m{[0m[3mname[0m[2m=[0mk#99f25ef6..[1m}[0m[2m:[0m [2msui_core::state_accumulator[0m[2m:[0m [2mcrates/sui-core/src/state_accumulator.rs[0m[2m:[0m[2m675:[0m accumulating running root for checkpoint 298
[2m2025-03-25T07:55:23.357252Z[0m [32m INFO[0m [1mnode[0m[1m{[0m[3mname[0m[2m=[0mk#8dcff6d1..[1m}[0m[2m:[0m [2msui_core::state_accumulator[0m[2m:[0m [2mcrates/sui-core/src/state_accumulator.rs[0m[2m:[0m[2m675:[0m accumulating running root for checkpoint 298
[2m2025-03-25T07:55:23.359497Z[0m [32m INFO[0m [1mnode[0m[1m{[0m[3mname[0m[2m=[0mk#addeef94..[1m}[0m[2m:[0m [2msui_core::checkpoints::checkpoint_executor[0m[2m:[0m [2mcrates/sui-core/src/checkpoints/checkpoint_executor/mod.rs[0m[2m:[0m[2m332:[0m Received checkpoint summary from state sync [3msequence_number[0m[2m=[0m298
[2m2025-03-25T07:55:23.360239Z[0m [32m INFO[0m [1mnode[0m[1m{[0m[3mname[0m[2m=[0mk#addeef94..[1m}[0m[2m:[0m [2msui_core::state_accumulator[0m[2m:[0m [2mcrates/sui-core/src/state_accumulator.rs[0m[2m:[0m[2m675:[0m accumulating running root for checkpoint 298
[2m2025-03-25T07:55:23.360455Z[0m [32m INFO[0m [1mnode[0m[1m{[0m[3mname[0m[2m=[0mk#b3f3cbb4..[1m}[0m[2m:[0m [2msui_core::checkpoints::checkpoint_executor[0m[2m:[0m [2mcrates/sui-core/src/checkpoints/checkpoint_executor/mod.rs[0m[2m:[0m[2m332:[0m Received checkpoint summary from state sync [3msequence_number[0m[2m=[0m298
[2m2025-03-25T07:55:23.386141Z[0m [32m INFO[0m [1mnode[0m[1m{[0m[3mname[0m[2m=[0mk#b3f3cbb4..[1m}[0m[2m:[0m [2msui_core::state_accumulator[0m[2m:[0m [2mcrates/sui-core/src/state_accumulator.rs[0m[2m:[0m[2m675:[0m accumulating running root for checkpoint 298
[2m2025-03-25T07:55:23.577860Z[0m [32m INFO[0m [1mnode[0m[1m{[0m[3mname[0m[2m=[0mk#99f25ef6..[1m}[0m[2m:[0m [2mconsensus_core::core[0m[2m:[0m [2mconsensus/core/src/core.rs[0m[2m:[0m[2m945:[0m Included 3 ancestors & excluded 0 ancestors for proposal in round 96
[2m2025-03-25T07:55:23.578154Z[0m [32m INFO[0m [1mnode[0m[1m{[0m[3mname[0m[2m=[0mk#8dcff6d1..[1m}[0m[2m:[0m [2mconsensus_core::core[0m[2m:[0m [2mconsensus/core/src/core.rs[0m[2m:[0m[2m945:[0m Included 3 ancestors & excluded 0 ancestors for proposal in round 96
[2m2025-03-25T07:55:23.578434Z[0m [32m INFO[0m [1mnode[0m[1m{[0m[3mname[0m[2m=[0mk#addeef94..[1m}[0m[2m:[0m [2mconsensus_core::core[0m[2m:[0m [2mconsensus/core/src/core.rs[0m[2m:[0m[2m945:[0m Included 3 ancestors & excluded 0 ancestors for proposal in round 96
[2m2025-03-25T07:55:23.579934Z[0m [32m INFO[0m [1mnode[0m[1m{[0m[3mname[0m[2m=[0mk#8dcff6d1..[1m}[0m[2m:[0m [2mconsensus_core::core[0m[2m:[0m [2mconsensus/core/src/core.rs[0m[2m:[0m[2m531:[0m Created block B96(A,DQLtzQf8RyftFvgZm8jiXNTehpv8Oyrh/8Mxl2CYP/o=)(1742889323578ms;[B95(A,S6yK8mxjaZE6s81g00CND5bV2bpbLohBXjapUMmkopI=), B95(B,gdSu+fzhdKjLk6SJODECVhh6FCVxjDU8mk89wLIC72A=), B95(C,uNgwJ3csp7G6pGxw3pMAR/O5T7Cq7JAsiN1YlrJrm1U=)];1t;1c) for round 96
[2m2025-03-25T07:55:23.579934Z[0m [32m INFO[0m [1mnode[0m[1m{[0m[3mname[0m[2m=[0mk#addeef94..[1m}[0m[2m:[0m [2mconsensus_core::core[0m[2m:[0m [2mconsensus/core/src/core.rs[0m[2m:[0m[2m531:[0m Created block B96(C,RcNkCvMmd7FuvN4EMcc6lH8H5InevVzo6FEbmxmNpvY=)(1742889323578ms;[B95(C,uNgwJ3csp7G6pGxw3pMAR/O5T7Cq7JAsiN1YlrJrm1U=), B95(A,S6yK8mxjaZE6s81g00CND5bV2bpbLohBXjapUMmkopI=), B95(B,gdSu+fzhdKjLk6SJODECVhh6FCVxjDU8mk89wLIC72A=)];1t;1c) for round 96
[2m2025-03-25T07:55:23.579934Z[0m [32m INFO[0m [1mnode[0m[1m{[0m[3mname[0m[2m=[0mk#99f25ef6..[1m}[0m[2m:[0m [2mconsensus_core::core[0m[2m:[0m [2mconsensus/core/src/core.rs[0m[2m:[0m[2m531:[0m Created block B96(B,GSUX8TxK3yLDctngc3QpnTihHPf+jQCLBSw1LQdqrqY=)(1742889323578ms;[B95(B,gdSu+fzhdKjLk6SJODECVhh6FCVxjDU8mk89wLIC72A=), B95(A,S6yK8mxjaZE6s81g00CND5bV2bpbLohBXjapUMmkopI=), B95(C,uNgwJ3csp7G6pGxw3pMAR/O5T7Cq7JAsiN1YlrJrm1U=)];1t;1c) for round 96
[2m2025-03-25T07:55:23.587239Z[0m [32m INFO[0m [1mnode[0m[1m{[0m[3mname[0m[2m=[0mk#99f25ef6..[1m}[0m[2m:[0m [2mconsensus_core::core[0m[2m:[0m [2mconsensus/core/src/core.rs[0m[2m:[0m[2m630:[0m Committing 1 leaders: B94(C,xaW9)
[2m2025-03-25T07:55:23.587688Z[0m [32m INFO[0m [1mnode[0m[1m{[0m[3mname[0m[2m=[0mk#99f25ef6..[1m}[0m[2m:[0m [2mconsensus_core::commit_observer[0m[2m:[0m [2mconsensus/core/src/commit_observer.rs[0m[2m:[0m[2m173:[0m Consensus commit C87(nWad) with leader B94(C,xaW9) has 3 blocks
[2m2025-03-25T07:55:23.587989Z[0m [32m INFO[0m [1mnode[0m[1m{[0m[3mname[0m[2m=[0mk#99f25ef6..[1m}[0m[2m:[0m [2msui_core::consensus_handler[0m[2m:[0m [2mcrates/sui-core/src/consensus_handler.rs[0m[2m:[0m[2m232:[0m Received consensus output [3mconsensus_commit[0m[2m=[0mCommittedSubDag(leader=B94(C,xaW9), ref=C87(nWad), blocks=[lqrB, fTUO, xaW9]) [3mepoch[0m[2m=[0m1
[2m2025-03-25T07:55:23.591060Z[0m [32m INFO[0m [1mnode[0m[1m{[0m[3mname[0m[2m=[0mk#addeef94..[1m}[0m[2m:[0m [2mconsensus_core::core[0m[2m:[0m [2mconsensus/core/src/core.rs[0m[2m:[0m[2m630:[0m Committing 1 leaders: B94(C,xaW9)
[2m2025-03-25T07:55:23.591328Z[0m [32m INFO[0m [1mnode[0m[1m{[0m[3mname[0m[2m=[0mk#addeef94..[1m}[0m[2m:[0m [2mconsensus_core::commit_observer[0m[2m:[0m [2mconsensus/core/src/commit_observer.rs[0m[2m:[0m[2m173:[0m Consensus commit C87(nWad) with leader B94(C,xaW9) has 3 blocks
[2m2025-03-25T07:55:23.591691Z[0m [32m INFO[0m [1mnode[0m[1m{[0m[3mname[0m[2m=[0mk#addeef94..[1m}[0m[2m:[0m [2msui_core::consensus_handler[0m[2m:[0m [2mcrates/sui-core/src/consensus_handler.rs[0m[2m:[0m[2m232:[0m Received consensus output [3mconsensus_commit[0m[2m=[0mCommittedSubDag(leader=B94(C,xaW9), ref=C87(nWad), blocks=[lqrB, fTUO, xaW9]) [3mepoch[0m[2m=[0m1
[2m2025-03-25T07:55:23.592722Z[0m [32m INFO[0m [1mnode[0m[1m{[0m[3mname[0m[2m=[0mk#8dcff6d1..[1m}[0m[2m:[0m [2msui_core::checkpoints::checkpoint_output[0m[2m:[0m [2mcrates/sui-core/src/checkpoints/checkpoint_output.rs[0m[2m:[0m[2m196:[0m Certified checkpoint with sequence 299 and digest 72DiunvyqYbyBAvBiCDhrZw8qk7p6xi477XD78Yok9Pm
[2m2025-03-25T07:55:23.593254Z[0m [32m INFO[0m [1mnode[0m[1m{[0m[3mname[0m[2m=[0mk#8dcff6d1..[1m}[0m[2m:[0m [2mconsensus_core::core[0m[2m:[0m [2mconsensus/core/src/core.rs[0m[2m:[0m[2m630:[0m Committing 1 leaders: B94(C,xaW9)
[2m2025-03-25T07:55:23.593498Z[0m [32m INFO[0m [1mnode[0m[1m{[0m[3mname[0m[2m=[0mk#8dcff6d1..[1m}[0m[2m:[0m [2mconsensus_core::commit_observer[0m[2m:[0m [2mconsensus/core/src/commit_observer.rs[0m[2m:[0m[2m173:[0m Consensus commit C87(nWad) with leader B94(C,xaW9) has 3 blocks
[2m2025-03-25T07:55:23.594414Z[0m [32m INFO[0m [1mnode[0m[1m{[0m[3mname[0m[2m=[0mk#8dcff6d1..[1m}[0m[2m:[0m [2msui_core::consensus_handler[0m[2m:[0m [2mcrates/sui-core/src/consensus_handler.rs[0m[2m:[0m[2m232:[0m Received consensus output [3mconsensus_commit[0m[2m=[0mCommittedSubDag(leader=B94(C,xaW9), ref=C87(nWad), blocks=[lqrB, fTUO, xaW9]) [3mepoch[0m[2m=[0m1
[2m2025-03-25T07:55:23.595738Z[0m [32m INFO[0m [1mnode[0m[1m{[0m[3mname[0m[2m=[0mk#8dcff6d1..[1m}[0m[2m:[0m [2msui_core::checkpoints::checkpoint_executor[0m[2m:[0m [2mcrates/sui-core/src/checkpoints/checkpoint_executor/mod.rs[0m[2m:[0m[2m332:[0m Received checkpoint summary from state sync [3msequence_number[0m[2m=[0m299
[2m2025-03-25T07:55:23.618702Z[0m [32m INFO[0m [1mnode[0m[1m{[0m[3mname[0m[2m=[0mk#8dcff6d1..[1m}[0m[2m:[0m [2msui_core::state_accumulator[0m[2m:[0m [2mcrates/sui-core/src/state_accumulator.rs[0m[2m:[0m[2m675:[0m accumulating running root for checkpoint 299
[2m2025-03-25T07:55:23.655268Z[0m [32m INFO[0m [1mnode[0m[1m{[0m[3mname[0m[2m=[0mk#addeef94..[1m}[0m[2m:[0m [2msui_core::checkpoints[0m[2m:[0m [2mcrates/sui-core/src/checkpoints/mod.rs[0m[2m:[0m[2m1326:[0m Creating checkpoint(s) for 1 transactions [3mnext_checkpoint_seq[0m[2m=[0m300 [3mcheckpoint_timestamp[0m[2m=[0m1742889323060
[2m2025-03-25T07:55:23.655268Z[0m [32m INFO[0m [1mnode[0m[1m{[0m[3mname[0m[2m=[0mk#99f25ef6..[1m}[0m[2m:[0m [2msui_core::checkpoints[0m[2m:[0m [2mcrates/sui-core/src/checkpoints/mod.rs[0m[2m:[0m[2m1326:[0m Creating checkpoint(s) for 1 transactions [3mnext_checkpoint_seq[0m[2m=[0m300 [3mcheckpoint_timestamp[0m[2m=[0m1742889323060
[2m2025-03-25T07:55:23.655268Z[0m [32m INFO[0m [1mnode[0m[1m{[0m[3mname[0m[2m=[0mk#8dcff6d1..[1m}[0m[2m:[0m [2msui_core::checkpoints[0m[2m:[0m [2mcrates/sui-core/src/checkpoints/mod.rs[0m[2m:[0m[2m1326:[0m Creating checkpoint(s) for 1 transactions [3mnext_checkpoint_seq[0m[2m=[0m300 [3mcheckpoint_timestamp[0m[2m=[0m1742889323060
[2m2025-03-25T07:55:23.655504Z[0m [32m INFO[0m [1mnode[0m[1m{[0m[3mname[0m[2m=[0mk#8dcff6d1..[1m}[0m[2m:[0m [2msui_core::checkpoints::checkpoint_output[0m[2m:[0m [2mcrates/sui-core/src/checkpoints/checkpoint_output.rs[0m[2m:[0m[2m149:[0m Creating checkpoint CheckpointDigest(G8EEWAzDvnT7TnHzRucBWfamwaTba9nd8RAxjjnuWTuV) at epoch 1, sequence 300, previous digest Some(CheckpointDigest(72DiunvyqYbyBAvBiCDhrZw8qk7p6xi477XD78Yok9Pm)), transactions count 1, content digest CheckpointContentsDigest(5KwFxUf7LFXqTjb24rSd3koK97H8by9h3CND5JvFid8t), end_of_epoch_data None
[2m2025-03-25T07:55:23.655504Z[0m [32m INFO[0m [1mnode[0m[1m{[0m[3mname[0m[2m=[0mk#99f25ef6..[1m}[0m[2m:[0m [2msui_core::checkpoints::checkpoint_output[0m[2m:[0m [2mcrates/sui-core/src/checkpoints/checkpoint_output.rs[0m[2m:[0m[2m149:[0m Creating checkpoint CheckpointDigest(G8EEWAzDvnT7TnHzRucBWfamwaTba9nd8RAxjjnuWTuV) at epoch 1, sequence 300, previous digest Some(CheckpointDigest(72DiunvyqYbyBAvBiCDhrZw8qk7p6xi477XD78Yok9Pm)), transactions count 1, content digest CheckpointContentsDigest(5KwFxUf7LFXqTjb24rSd3koK97H8by9h3CND5JvFid8t), end_of_epoch_data None
[2m2025-03-25T07:55:23.655504Z[0m [32m INFO[0m [1mnode[0m[1m{[0m[3mname[0m[2m=[0mk#addeef94..[1m}[0m[2m:[0m [2msui_core::checkpoints::checkpoint_output[0m[2m:[0m [2mcrates/sui-core/src/checkpoints/checkpoint_output.rs[0m[2m:[0m[2m149:[0m Creating checkpoint CheckpointDigest(G8EEWAzDvnT7TnHzRucBWfamwaTba9nd8RAxjjnuWTuV) at epoch 1, sequence 300, previous digest Some(CheckpointDigest(72DiunvyqYbyBAvBiCDhrZw8qk7p6xi477XD78Yok9Pm)), transactions count 1, content digest CheckpointContentsDigest(5KwFxUf7LFXqTjb24rSd3koK97H8by9h3CND5JvFid8t), end_of_epoch_data None
[2m2025-03-25T07:55:23.658685Z[0m [32m INFO[0m [1mnode[0m[1m{[0m[3mname[0m[2m=[0mk#99f25ef6..[1m}[0m[2m:[0m [2msui_core::checkpoints::checkpoint_output[0m[2m:[0m [2mcrates/sui-core/src/checkpoints/checkpoint_output.rs[0m[2m:[0m[2m196:[0m Certified checkpoint with sequence 299 and digest 72DiunvyqYbyBAvBiCDhrZw8qk7p6xi477XD78Yok9Pm
[2m2025-03-25T07:55:23.660581Z[0m [32m INFO[0m [1mnode[0m[1m{[0m[3mname[0m[2m=[0mk#b3f3cbb4..[1m}[0m[2m:[0m [2msui_core::checkpoints::checkpoint_executor[0m[2m:[0m [2mcrates/sui-core/src/checkpoints/checkpoint_executor/mod.rs[0m[2m:[0m[2m332:[0m Received checkpoint summary from state sync [3msequence_number[0m[2m=[0m299
[2m2025-03-25T07:55:23.661865Z[0m [32m INFO[0m [1mnode[0m[1m{[0m[3mname[0m[2m=[0mk#99f25ef6..[1m}[0m[2m:[0m [2msui_core::checkpoints::checkpoint_executor[0m[2m:[0m [2mcrates/sui-core/src/checkpoints/checkpoint_executor/mod.rs[0m[2m:[0m[2m332:[0m Received checkpoint summary from state sync [3msequence_number[0m[2m=[0m299
[2m2025-03-25T07:55:23.680111Z[0m [32m INFO[0m [1mnode[0m[1m{[0m[3mname[0m[2m=[0mk#99f25ef6..[1m}[0m[2m:[0m [2msui_core::state_accumulator[0m[2m:[0m [2mcrates/sui-core/src/state_accumulator.rs[0m[2m:[0m[2m675:[0m accumulating running root for checkpoint 299
[2m2025-03-25T07:55:23.721875Z[0m [32m INFO[0m [1mnode[0m[1m{[0m[3mname[0m[2m=[0mk#addeef94..[1m}[0m[2m:[0m [2msui_core::checkpoints::checkpoint_executor[0m[2m:[0m [2mcrates/sui-core/src/checkpoints/checkpoint_executor/mod.rs[0m[2m:[0m[2m332:[0m Received checkpoint summary from state sync [3msequence_number[0m[2m=[0m299
[2m2025-03-25T07:55:23.723289Z[0m [32m INFO[0m [1mnode[0m[1m{[0m[3mname[0m[2m=[0mk#addeef94..[1m}[0m[2m:[0m [2msui_core::state_accumulator[0m[2m:[0m [2mcrates/sui-core/src/state_accumulator.rs[0m[2m:[0m[2m675:[0m accumulating running root for checkpoint 299
[2m2025-03-25T07:55:23.751941Z[0m [32m INFO[0m [1mnode[0m[1m{[0m[3mname[0m[2m=[0mk#b3f3cbb4..[1m}[0m[2m:[0m [2msui_core::state_accumulator[0m[2m:[0m [2mcrates/sui-core/src/state_accumulator.rs[0m[2m:[0m[2m675:[0m accumulating running root for checkpoint 299
[2m2025-03-25T07:55:23.839689Z[0m [32m INFO[0m [1mnode[0m[1m{[0m[3mname[0m[2m=[0mk#99f25ef6..[1m}[0m[2m:[0m [2mconsensus_core::core[0m[2m:[0m [2mconsensus/core/src/core.rs[0m[2m:[0m[2m945:[0m Included 3 ancestors & excluded 0 ancestors for proposal in round 97
[2m2025-03-25T07:55:23.840228Z[0m [32m INFO[0m [1mnode[0m[1m{[0m[3mname[0m[2m=[0mk#99f25ef6..[1m}[0m[2m:[0m [2mconsensus_core::core[0m[2m:[0m [2mconsensus/core/src/core.rs[0m[2m:[0m[2m531:[0m Created block B97(B,Ifh4qqM7DRdj7JX8P5BZ4qlMDmTTdOpN523tcZIW0yk=)(1742889323839ms;[B96(B,GSUX8TxK3yLDctngc3QpnTihHPf+jQCLBSw1LQdqrqY=), B96(A,DQLtzQf8RyftFvgZm8jiXNTehpv8Oyrh/8Mxl2CYP/o=), B96(C,RcNkCvMmd7FuvN4EMcc6lH8H5InevVzo6FEbmxmNpvY=)];1t;1c) for round 97
[2m2025-03-25T07:55:23.842868Z[0m [32m INFO[0m [1mnode[0m[1m{[0m[3mname[0m[2m=[0mk#addeef94..[1m}[0m[2m:[0m [2mconsensus_core::core[0m[2m:[0m [2mconsensus/core/src/core.rs[0m[2m:[0m[2m945:[0m Included 3 ancestors & excluded 0 ancestors for proposal in round 97
[2m2025-03-25T07:55:23.843288Z[0m [32m INFO[0m [1mnode[0m[1m{[0m[3mname[0m[2m=[0mk#addeef94..[1m}[0m[2m:[0m [2mconsensus_core::core[0m[2m:[0m [2mconsensus/core/src/core.rs[0m[2m:[0m[2m531:[0m Created block B97(C,AbqHZffNAcTIrNGs73jeU7/ZBsFjSJhyfrag4SgEaBg=)(1742889323842ms;[B96(C,RcNkCvMmd7FuvN4EMcc6lH8H5InevVzo6FEbmxmNpvY=), B96(A,DQLtzQf8RyftFvgZm8jiXNTehpv8Oyrh/8Mxl2CYP/o=), B96(B,GSUX8TxK3yLDctngc3QpnTihHPf+jQCLBSw1LQdqrqY=)];1t;1c) for round 97
[2m2025-03-25T07:55:23.843386Z[0m [32m INFO[0m [1mnode[0m[1m{[0m[3mname[0m[2m=[0mk#addeef94..[1m}[0m[2m:[0m [2mconsensus_core::core[0m[2m:[0m [2mconsensus/core/src/core.rs[0m[2m:[0m[2m630:[0m Committing 1 leaders: B95(B,gdSu)
[2m2025-03-25T07:55:23.843484Z[0m [32m INFO[0m [1mnode[0m[1m{[0m[3mname[0m[2m=[0mk#addeef94..[1m}[0m[2m:[0m [2mconsensus_core::commit_observer[0m[2m:[0m [2mconsensus/core/src/commit_observer.rs[0m[2m:[0m[2m173:[0m Consensus commit C88(v9Xs) with leader B95(B,gdSu) has 3 blocks
[2m2025-03-25T07:55:23.843605Z[0m [32m INFO[0m [1mnode[0m[1m{[0m[3mname[0m[2m=[0mk#addeef94..[1m}[0m[2m:[0m [2msui_core::consensus_handler[0m[2m:[0m [2mcrates/sui-core/src/consensus_handler.rs[0m[2m:[0m[2m232:[0m Received consensus output [3mconsensus_commit[0m[2m=[0mCommittedSubDag(leader=B95(B,gdSu), ref=C88(v9Xs), blocks=[KcZU, AM5v, gdSu]) [3mepoch[0m[2m=[0m1
[2m2025-03-25T07:55:23.846740Z[0m [32m INFO[0m [1mnode[0m[1m{[0m[3mname[0m[2m=[0mk#99f25ef6..[1m}[0m[2m:[0m [2mconsensus_core::core[0m[2m:[0m [2mconsensus/core/src/core.rs[0m[2m:[0m[2m630:[0m Committing 1 leaders: B95(B,gdSu)
[2m2025-03-25T07:55:23.846847Z[0m [32m INFO[0m [1mnode[0m[1m{[0m[3mname[0m[2m=[0mk#99f25ef6..[1m}[0m[2m:[0m [2mconsensus_core::commit_observer[0m[2m:[0m [2mconsensus/core/src/commit_observer.rs[0m[2m:[0m[2m173:[0m Consensus commit C88(v9Xs) with leader B95(B,gdSu) has 3 blocks
[2m2025-03-25T07:55:23.846939Z[0m [32m INFO[0m [1mnode[0m[1m{[0m[3mname[0m[2m=[0mk#99f25ef6..[1m}[0m[2m:[0m [2msui_core::consensus_handler[0m[2m:[0m [2mcrates/sui-core/src/consensus_handler.rs[0m[2m:[0m[2m232:[0m Received consensus output [3mconsensus_commit[0m[2m=[0mCommittedSubDag(leader=B95(B,gdSu), ref=C88(v9Xs), blocks=[KcZU, AM5v, gdSu]) [3mepoch[0m[2m=[0m1
[2m2025-03-25T07:55:23.847776Z[0m [32m INFO[0m [1mnode[0m[1m{[0m[3mname[0m[2m=[0mk#8dcff6d1..[1m}[0m[2m:[0m [2msui_core::checkpoints::checkpoint_output[0m[2m:[0m [2mcrates/sui-core/src/checkpoints/checkpoint_output.rs[0m[2m:[0m[2m196:[0m Certified checkpoint with sequence 300 and digest G8EEWAzDvnT7TnHzRucBWfamwaTba9nd8RAxjjnuWTuV
[2m2025-03-25T07:55:23.847905Z[0m [32m INFO[0m [1mnode[0m[1m{[0m[3mname[0m[2m=[0mk#8dcff6d1..[1m}[0m[2m:[0m [2mconsensus_core::core[0m[2m:[0m [2mconsensus/core/src/core.rs[0m[2m:[0m[2m630:[0m Committing 1 leaders: B95(B,gdSu)
[2m2025-03-25T07:55:23.848032Z[0m [32m INFO[0m [1mnode[0m[1m{[0m[3mname[0m[2m=[0mk#8dcff6d1..[1m}[0m[2m:[0m [2mconsensus_core::commit_observer[0m[2m:[0m [2mconsensus/core/src/commit_observer.rs[0m[2m:[0m[2m173:[0m Consensus commit C88(v9Xs) with leader B95(B,gdSu) has 3 blocks
[2m2025-03-25T07:55:23.848507Z[0m [32m INFO[0m [1mnode[0m[1m{[0m[3mname[0m[2m=[0mk#8dcff6d1..[1m}[0m[2m:[0m [2msui_core::consensus_handler[0m[2m:[0m [2mcrates/sui-core/src/consensus_handler.rs[0m[2m:[0m[2m232:[0m Received consensus output [3mconsensus_commit[0m[2m=[0mCommittedSubDag(leader=B95(B,gdSu), ref=C88(v9Xs), blocks=[KcZU, AM5v, gdSu]) [3mepoch[0m[2m=[0m1
[2m2025-03-25T07:55:23.849405Z[0m [32m INFO[0m [1mnode[0m[1m{[0m[3mname[0m[2m=[0mk#8dcff6d1..[1m}[0m[2m:[0m [2msui_core::checkpoints::checkpoint_executor[0m[2m:[0m [2mcrates/sui-core/src/checkpoints/checkpoint_executor/mod.rs[0m[2m:[0m[2m332:[0m Received checkpoint summary from state sync [3msequence_number[0m[2m=[0m300
[2m2025-03-25T07:55:23.851140Z[0m [32m INFO[0m [1mnode[0m[1m{[0m[3mname[0m[2m=[0mk#8dcff6d1..[1m}[0m[2m:[0m [2msui_core::state_accumulator[0m[2m:[0m [2mcrates/sui-core/src/state_accumulator.rs[0m[2m:[0m[2m675:[0m accumulating running root for checkpoint 300
[2m2025-03-25T07:55:23.967077Z[0m [32m INFO[0m [1mnode[0m[1m{[0m[3mname[0m[2m=[0mk#addeef94..[1m}[0m[2m:[0m [2msui_core::checkpoints[0m[2m:[0m [2mcrates/sui-core/src/checkpoints/mod.rs[0m[2m:[0m[2m1326:[0m Creating checkpoint(s) for 3 transactions [3mnext_checkpoint_seq[0m[2m=[0m301 [3mcheckpoint_timestamp[0m[2m=[0m1742889323323
[2m2025-03-25T07:55:23.967663Z[0m [32m INFO[0m [1mnode[0m[1m{[0m[3mname[0m[2m=[0mk#addeef94..[1m}[0m[2m:[0m [2msui_core::checkpoints::checkpoint_output[0m[2m:[0m [2mcrates/sui-core/src/checkpoints/checkpoint_output.rs[0m[2m:[0m[2m149:[0m Creating checkpoint CheckpointDigest(Go36z1EXAZTuWjBh9Y8sa3jmcyqfFQ1BwaaSumi8TE8c) at epoch 1, sequence 301, previous digest Some(CheckpointDigest(G8EEWAzDvnT7TnHzRucBWfamwaTba9nd8RAxjjnuWTuV)), transactions count 3, content digest CheckpointContentsDigest(7jSTjBfgnVHZHc8WLEe6jSpHDCH8EF32JNYcLkYZQGRd), end_of_epoch_data None
[2m2025-03-25T07:55:23.968358Z[0m [32m INFO[0m [1mnode[0m[1m{[0m[3mname[0m[2m=[0mk#99f25ef6..[1m}[0m[2m:[0m [2msui_core::checkpoints[0m[2m:[0m [2mcrates/sui-core/src/checkpoints/mod.rs[0m[2m:[0m[2m1326:[0m Creating checkpoint(s) for 3 transactions [3mnext_checkpoint_seq[0m[2m=[0m301 [3mcheckpoint_timestamp[0m[2m=[0m1742889323323
[2m2025-03-25T07:55:23.968851Z[0m [32m INFO[0m [1mnode[0m[1m{[0m[3mname[0m[2m=[0mk#99f25ef6..[1m}[0m[2m:[0m [2msui_core::checkpoints::checkpoint_output[0m[2m:[0m [2mcrates/sui-core/src/checkpoints/checkpoint_output.rs[0m[2m:[0m[2m149:[0m Creating checkpoint CheckpointDigest(Go36z1EXAZTuWjBh9Y8sa3jmcyqfFQ1BwaaSumi8TE8c) at epoch 1, sequence 301, previous digest Some(CheckpointDigest(G8EEWAzDvnT7TnHzRucBWfamwaTba9nd8RAxjjnuWTuV)), transactions count 3, content digest CheckpointContentsDigest(7jSTjBfgnVHZHc8WLEe6jSpHDCH8EF32JNYcLkYZQGRd), end_of_epoch_data None
[2m2025-03-25T07:55:23.970832Z[0m [32m INFO[0m [1mnode[0m[1m{[0m[3mname[0m[2m=[0mk#addeef94..[1m}[0m[2m:[0m [2msui_core::checkpoints::checkpoint_executor[0m[2m:[0m [2mcrates/sui-core/src/checkpoints/checkpoint_executor/mod.rs[0m[2m:[0m[2m332:[0m Received checkpoint summary from state sync [3msequence_number[0m[2m=[0m300
[2m2025-03-25T07:55:23.970998Z[0m [32m INFO[0m [1mnode[0m[1m{[0m[3mname[0m[2m=[0mk#8dcff6d1..[1m}[0m[2m:[0m [2msui_core::checkpoints[0m[2m:[0m [2mcrates/sui-core/src/checkpoints/mod.rs[0m[2m:[0m[2m1326:[0m Creating checkpoint(s) for 3 transactions [3mnext_checkpoint_seq[0m[2m=[0m301 [3mcheckpoint_timestamp[0m[2m=[0m1742889323323
[2m2025-03-25T07:55:23.971501Z[0m [32m INFO[0m [1mnode[0m[1m{[0m[3mname[0m[2m=[0mk#8dcff6d1..[1m}[0m[2m:[0m [2msui_core::checkpoints::checkpoint_output[0m[2m:[0m [2mcrates/sui-core/src/checkpoints/checkpoint_output.rs[0m[2m:[0m[2m149:[0m Creating checkpoint CheckpointDigest(Go36z1EXAZTuWjBh9Y8sa3jmcyqfFQ1BwaaSumi8TE8c) at epoch 1, sequence 301, previous digest Some(CheckpointDigest(G8EEWAzDvnT7TnHzRucBWfamwaTba9nd8RAxjjnuWTuV)), transactions count 3, content digest CheckpointContentsDigest(7jSTjBfgnVHZHc8WLEe6jSpHDCH8EF32JNYcLkYZQGRd), end_of_epoch_data None
[2m2025-03-25T07:55:23.971723Z[0m [32m INFO[0m [1mnode[0m[1m{[0m[3mname[0m[2m=[0mk#addeef94..[1m}[0m[2m:[0m [2msui_core::state_accumulator[0m[2m:[0m [2mcrates/sui-core/src/state_accumulator.rs[0m[2m:[0m[2m675:[0m accumulating running root for checkpoint 300
[2m2025-03-25T07:55:23.973892Z[0m [32m INFO[0m [1mnode[0m[1m{[0m[3mname[0m[2m=[0mk#b3f3cbb4..[1m}[0m[2m:[0m [2msui_core::checkpoints::checkpoint_executor[0m[2m:[0m [2mcrates/sui-core/src/checkpoints/checkpoint_executor/mod.rs[0m[2m:[0m[2m332:[0m Received checkpoint summary from state sync [3msequence_number[0m[2m=[0m300
[2m2025-03-25T07:55:23.975254Z[0m [32m INFO[0m [1mnode[0m[1m{[0m[3mname[0m[2m=[0mk#99f25ef6..[1m}[0m[2m:[0m [2msui_core::checkpoints::checkpoint_executor[0m[2m:[0m [2mcrates/sui-core/src/checkpoints/checkpoint_executor/mod.rs[0m[2m:[0m[2m332:[0m Received checkpoint summary from state sync [3msequence_number[0m[2m=[0m226
[2m2025-03-25T07:55:23.975337Z[0m [32m INFO[0m [1mnode[0m[1m{[0m[3mname[0m[2m=[0mk#99f25ef6..[1m}[0m[2m:[0m [2msui_core::checkpoints::checkpoint_executor[0m[2m:[0m [2mcrates/sui-core/src/checkpoints/checkpoint_executor/mod.rs[0m[2m:[0m[2m332:[0m Received checkpoint summary from state sync [3msequence_number[0m[2m=[0m227
[2m2025-03-25T07:55:23.975376Z[0m [32m INFO[0m [1mnode[0m[1m{[0m[3mname[0m[2m=[0mk#99f25ef6..[1m}[0m[2m:[0m [2msui_core::checkpoints::checkpoint_executor[0m[2m:[0m [2mcrates/sui-core/src/checkpoints/checkpoint_executor/mod.rs[0m[2m:[0m[2m332:[0m Received checkpoint summary from state sync [3msequence_number[0m[2m=[0m228
[2m2025-03-25T07:55:23.975414Z[0m [32m INFO[0m [1mnode[0m[1m{[0m[3mname[0m[2m=[0mk#99f25ef6..[1m}[0m[2m:[0m [2msui_core::checkpoints::checkpoint_executor[0m[2m:[0m [2mcrates/sui-core/src/checkpoints/checkpoint_executor/mod.rs[0m[2m:[0m[2m332:[0m Received checkpoint summary from state sync [3msequence_number[0m[2m=[0m229
[2m2025-03-25T07:55:23.975454Z[0m [32m INFO[0m [1mnode[0m[1m{[0m[3mname[0m[2m=[0mk#99f25ef6..[1m}[0m[2m:[0m [2msui_core::checkpoints::checkpoint_executor[0m[2m:[0m [2mcrates/sui-core/src/checkpoints/checkpoint_executor/mod.rs[0m[2m:[0m[2m332:[0m Received checkpoint summary from state sync [3msequence_number[0m[2m=[0m230
[2m2025-03-25T07:55:23.975492Z[0m [32m INFO[0m [1mnode[0m[1m{[0m[3mname[0m[2m=[0mk#99f25ef6..[1m}[0m[2m:[0m [2msui_core::checkpoints::checkpoint_executor[0m[2m:[0m [2mcrates/sui-core/src/checkpoints/checkpoint_executor/mod.rs[0m[2m:[0m[2m332:[0m Received checkpoint summary from state sync [3msequence_number[0m[2m=[0m231
[2m2025-03-25T07:55:23.975529Z[0m [32m INFO[0m [1mnode[0m[1m{[0m[3mname[0m[2m=[0mk#99f25ef6..[1m}[0m[2m:[0m [2msui_core::checkpoints::checkpoint_executor[0m[2m:[0m [2mcrates/sui-core/src/checkpoints/checkpoint_executor/mod.rs[0m[2m:[0m[2m332:[0m Received checkpoint summary from state sync [3msequence_number[0m[2m=[0m232
[2m2025-03-25T07:55:23.975566Z[0m [32m INFO[0m [1mnode[0m[1m{[0m[3mname[0m[2m=[0mk#99f25ef6..[1m}[0m[2m:[0m [2msui_core::checkpoints::checkpoint_executor[0m[2m:[0m [2mcrates/sui-core/src/checkpoints/checkpoint_executor/mod.rs[0m[2m:[0m[2m332:[0m Received checkpoint summary from state sync [3msequence_number[0m[2m=[0m233
[2m2025-03-25T07:55:23.975603Z[0m [32m INFO[0m [1mnode[0m[1m{[0m[3mname[0m[2m=[0mk#99f25ef6..[1m}[0m[2m:[0m [2msui_core::checkpoints::checkpoint_executor[0m[2m:[0m [2mcrates/sui-core/src/checkpoints/checkpoint_executor/mod.rs[0m[2m:[0m[2m332:[0m Received checkpoint summary from state sync [3msequence_number[0m[2m=[0m234
[2m2025-03-25T07:55:23.975642Z[0m [32m INFO[0m [1mnode[0m[1m{[0m[3mname[0m[2m=[0mk#99f25ef6..[1m}[0m[2m:[0m [2msui_core::checkpoints::checkpoint_executor[0m[2m:[0m [2mcrates/sui-core/src/checkpoints/checkpoint_executor/mod.rs[0m[2m:[0m[2m332:[0m Received checkpoint summary from state sync [3msequence_number[0m[2m=[0m235
[2m2025-03-25T07:55:23.975679Z[0m [32m INFO[0m [1mnode[0m[1m{[0m[3mname[0m[2m=[0mk#99f25ef6..[1m}[0m[2m:[0m [2msui_core::checkpoints::checkpoint_executor[0m[2m:[0m [2mcrates/sui-core/src/checkpoints/checkpoint_executor/mod.rs[0m[2m:[0m[2m332:[0m Received checkpoint summary from state sync [3msequence_number[0m[2m=[0m236
[2m2025-03-25T07:55:23.975718Z[0m [32m INFO[0m [1mnode[0m[1m{[0m[3mname[0m[2m=[0mk#99f25ef6..[1m}[0m[2m:[0m [2msui_core::checkpoints::checkpoint_executor[0m[2m:[0m [2mcrates/sui-core/src/checkpoints/checkpoint_executor/mod.rs[0m[2m:[0m[2m332:[0m Received checkpoint summary from state sync [3msequence_number[0m[2m=[0m237
[2m2025-03-25T07:55:23.975755Z[0m [32m INFO[0m [1mnode[0m[1m{[0m[3mname[0m[2m=[0mk#99f25ef6..[1m}[0m[2m:[0m [2msui_core::checkpoints::checkpoint_executor[0m[2m:[0m [2mcrates/sui-core/src/checkpoints/checkpoint_executor/mod.rs[0m[2m:[0m[2m332:[0m Received checkpoint summary from state sync [3msequence_number[0m[2m=[0m238
[2m2025-03-25T07:55:23.975792Z[0m [32m INFO[0m [1mnode[0m[1m{[0m[3mname[0m[2m=[0mk#99f25ef6..[1m}[0m[2m:[0m [2msui_core::checkpoints::checkpoint_executor[0m[2m:[0m [2mcrates/sui-core/src/checkpoints/checkpoint_executor/mod.rs[0m[2m:[0m[2m332:[0m Received checkpoint summary from state sync [3msequence_number[0m[2m=[0m239
[2m2025-03-25T07:55:23.975830Z[0m [32m INFO[0m [1mnode[0m[1m{[0m[3mname[0m[2m=[0mk#99f25ef6..[1m}[0m[2m:[0m [2msui_core::checkpoints::checkpoint_executor[0m[2m:[0m [2mcrates/sui-core/src/checkpoints/checkpoint_executor/mod.rs[0m[2m:[0m[2m332:[0m Received checkpoint summary from state sync [3msequence_number[0m[2m=[0m240
[2m2025-03-25T07:55:23.975868Z[0m [32m INFO[0m [1mnode[0m[1m{[0m[3mname[0m[2m=[0mk#99f25ef6..[1m}[0m[2m:[0m [2msui_core::checkpoints::checkpoint_executor[0m[2m:[0m [2mcrates/sui-core/src/checkpoints/checkpoint_executor/mod.rs[0m[2m:[0m[2m332:[0m Received checkpoint summary from state sync [3msequence_number[0m[2m=[0m241
[2m2025-03-25T07:55:23.975909Z[0m [32m INFO[0m [1mnode[0m[1m{[0m[3mname[0m[2m=[0mk#99f25ef6..[1m}[0m[2m:[0m [2msui_core::checkpoints::checkpoint_executor[0m[2m:[0m [2mcrates/sui-core/src/checkpoints/checkpoint_executor/mod.rs[0m[2m:[0m[2m332:[0m Received checkpoint summary from state sync [3msequence_number[0m[2m=[0m242
[2m2025-03-25T07:55:23.975947Z[0m [32m INFO[0m [1mnode[0m[1m{[0m[3mname[0m[2m=[0mk#99f25ef6..[1m}[0m[2m:[0m [2msui_core::checkpoints::checkpoint_executor[0m[2m:[0m [2mcrates/sui-core/src/checkpoints/checkpoint_executor/mod.rs[0m[2m:[0m[2m332:[0m Received checkpoint summary from state sync [3msequence_number[0m[2m=[0m243
[2m2025-03-25T07:55:23.975985Z[0m [32m INFO[0m [1mnode[0m[1m{[0m[3mname[0m[2m=[0mk#99f25ef6..[1m}[0m[2m:[0m [2msui_core::checkpoints::checkpoint_executor[0m[2m:[0m [2mcrates/sui-core/src/checkpoints/checkpoint_executor/mod.rs[0m[2m:[0m[2m332:[0m Received checkpoint summary from state sync [3msequence_number[0m[2m=[0m244
[2m2025-03-25T07:55:23.976021Z[0m [32m INFO[0m [1mnode[0m[1m{[0m[3mname[0m[2m=[0mk#99f25ef6..[1m}[0m[2m:[0m [2msui_core::checkpoints::checkpoint_executor[0m[2m:[0m [2mcrates/sui-core/src/checkpoints/checkpoint_executor/mod.rs[0m[2m:[0m[2m332:[0m Received checkpoint summary from state sync [3msequence_number[0m[2m=[0m245
[2m2025-03-25T07:55:23.976058Z[0m [32m INFO[0m [1mnode[0m[1m{[0m[3mname[0m[2m=[0mk#99f25ef6..[1m}[0m[2m:[0m [2msui_core::checkpoints::checkpoint_executor[0m[2m:[0m [2mcrates/sui-core/src/checkpoints/checkpoint_executor/mod.rs[0m[2m:[0m[2m332:[0m Received checkpoint summary from state sync [3msequence_number[0m[2m=[0m246
[2m2025-03-25T07:55:23.976095Z[0m [32m INFO[0m [1mnode[0m[1m{[0m[3mname[0m[2m=[0mk#99f25ef6..[1m}[0m[2m:[0m [2msui_core::checkpoints::checkpoint_executor[0m[2m:[0m [2mcrates/sui-core/src/checkpoints/checkpoint_executor/mod.rs[0m[2m:[0m[2m332:[0m Received checkpoint summary from state sync [3msequence_number[0m[2m=[0m247
[2m2025-03-25T07:55:23.976131Z[0m [32m INFO[0m [1mnode[0m[1m{[0m[3mname[0m[2m=[0mk#99f25ef6..[1m}[0m[2m:[0m [2msui_core::checkpoints::checkpoint_executor[0m[2m:[0m [2mcrates/sui-core/src/checkpoints/checkpoint_executor/mod.rs[0m[2m:[0m[2m332:[0m Received checkpoint summary from state sync [3msequence_number[0m[2m=[0m248
[2m2025-03-25T07:55:23.976169Z[0m [32m INFO[0m [1mnode[0m[1m{[0m[3mname[0m[2m=[0mk#99f25ef6..[1m}[0m[2m:[0m [2msui_core::checkpoints::checkpoint_executor[0m[2m:[0m [2mcrates/sui-core/src/checkpoints/checkpoint_executor/mod.rs[0m[2m:[0m[2m332:[0m Received checkpoint summary from state sync [3msequence_number[0m[2m=[0m249
[2m2025-03-25T07:55:23.976205Z[0m [32m INFO[0m [1mnode[0m[1m{[0m[3mname[0m[2m=[0mk#99f25ef6..[1m}[0m[2m:[0m [2msui_core::checkpoints::checkpoint_executor[0m[2m:[0m [2mcrates/sui-core/src/checkpoints/checkpoint_executor/mod.rs[0m[2m:[0m[2m332:[0m Received checkpoint summary from state sync [3msequence_number[0m[2m=[0m250
[2m2025-03-25T07:55:23.976241Z[0m [32m INFO[0m [1mnode[0m[1m{[0m[3mname[0m[2m=[0mk#99f25ef6..[1m}[0m[2m:[0m [2msui_core::checkpoints::checkpoint_executor[0m[2m:[0m [2mcrates/sui-core/src/checkpoints/checkpoint_executor/mod.rs[0m[2m:[0m[2m332:[0m Received checkpoint summary from state sync [3msequence_number[0m[2m=[0m251
[2m2025-03-25T07:55:23.976279Z[0m [32m INFO[0m [1mnode[0m[1m{[0m[3mname[0m[2m=[0mk#99f25ef6..[1m}[0m[2m:[0m [2msui_core::checkpoints::checkpoint_executor[0m[2m:[0m [2mcrates/sui-core/src/checkpoints/checkpoint_executor/mod.rs[0m[2m:[0m[2m332:[0m Received checkpoint summary from state sync [3msequence_number[0m[2m=[0m252
[2m2025-03-25T07:55:23.976316Z[0m [32m INFO[0m [1mnode[0m[1m{[0m[3mname[0m[2m=[0mk#99f25ef6..[1m}[0m[2m:[0m [2msui_core::checkpoints::checkpoint_executor[0m[2m:[0m [2mcrates/sui-core/src/checkpoints/checkpoint_executor/mod.rs[0m[2m:[0m[2m332:[0m Received checkpoint summary from state sync [3msequence_number[0m[2m=[0m253
[2m2025-03-25T07:55:23.976352Z[0m [32m INFO[0m [1mnode[0m[1m{[0m[3mname[0m[2m=[0mk#99f25ef6..[1m}[0m[2m:[0m [2msui_core::checkpoints::checkpoint_executor[0m[2m:[0m [2mcrates/sui-core/src/checkpoints/checkpoint_executor/mod.rs[0m[2m:[0m[2m332:[0m Received checkpoint summary from state sync [3msequence_number[0m[2m=[0m254
[2m2025-03-25T07:55:23.976390Z[0m [32m INFO[0m [1mnode[0m[1m{[0m[3mname[0m[2m=[0mk#99f25ef6..[1m}[0m[2m:[0m [2msui_core::checkpoints::checkpoint_executor[0m[2m:[0m [2mcrates/sui-core/src/checkpoints/checkpoint_executor/mod.rs[0m[2m:[0m[2m332:[0m Received checkpoint summary from state sync [3msequence_number[0m[2m=[0m255
[2m2025-03-25T07:55:23.976426Z[0m [32m INFO[0m [1mnode[0m[1m{[0m[3mname[0m[2m=[0mk#99f25ef6..[1m}[0m[2m:[0m [2msui_core::checkpoints::checkpoint_executor[0m[2m:[0m [2mcrates/sui-core/src/checkpoints/checkpoint_executor/mod.rs[0m[2m:[0m[2m332:[0m Received checkpoint summary from state sync [3msequence_number[0m[2m=[0m256
[2m2025-03-25T07:55:23.976463Z[0m [32m INFO[0m [1mnode[0m[1m{[0m[3mname[0m[2m=[0mk#99f25ef6..[1m}[0m[2m:[0m [2msui_core::checkpoints::checkpoint_executor[0m[2m:[0m [2mcrates/sui-core/src/checkpoints/checkpoint_executor/mod.rs[0m[2m:[0m[2m332:[0m Received checkpoint summary from state sync [3msequence_number[0m[2m=[0m257
[2m2025-03-25T07:55:23.976500Z[0m [32m INFO[0m [1mnode[0m[1m{[0m[3mname[0m[2m=[0mk#99f25ef6..[1m}[0m[2m:[0m [2msui_core::checkpoints::checkpoint_executor[0m[2m:[0m [2mcrates/sui-core/src/checkpoints/checkpoint_executor/mod.rs[0m[2m:[0m[2m332:[0m Received checkpoint summary from state sync [3msequence_number[0m[2m=[0m258
[2m2025-03-25T07:55:23.976537Z[0m [32m INFO[0m [1mnode[0m[1m{[0m[3mname[0m[2m=[0mk#99f25ef6..[1m}[0m[2m:[0m [2msui_core::checkpoints::checkpoint_executor[0m[2m:[0m [2mcrates/sui-core/src/checkpoints/checkpoint_executor/mod.rs[0m[2m:[0m[2m332:[0m Received checkpoint summary from state sync [3msequence_number[0m[2m=[0m259
[2m2025-03-25T07:55:23.976573Z[0m [32m INFO[0m [1mnode[0m[1m{[0m[3mname[0m[2m=[0mk#99f25ef6..[1m}[0m[2m:[0m [2msui_core::checkpoints::checkpoint_executor[0m[2m:[0m [2mcrates/sui-core/src/checkpoints/checkpoint_executor/mod.rs[0m[2m:[0m[2m332:[0m Received checkpoint summary from state sync [3msequence_number[0m[2m=[0m260
[2m2025-03-25T07:55:23.976610Z[0m [32m INFO[0m [1mnode[0m[1m{[0m[3mname[0m[2m=[0mk#99f25ef6..[1m}[0m[2m:[0m [2msui_core::checkpoints::checkpoint_executor[0m[2m:[0m [2mcrates/sui-core/src/checkpoints/checkpoint_executor/mod.rs[0m[2m:[0m[2m332:[0m Received checkpoint summary from state sync [3msequence_number[0m[2m=[0m261
[2m2025-03-25T07:55:23.976647Z[0m [32m INFO[0m [1mnode[0m[1m{[0m[3mname[0m[2m=[0mk#99f25ef6..[1m}[0m[2m:[0m [2msui_core::checkpoints::checkpoint_executor[0m[2m:[0m [2mcrates/sui-core/src/checkpoints/checkpoint_executor/mod.rs[0m[2m:[0m[2m332:[0m Received checkpoint summary from state sync [3msequence_number[0m[2m=[0m262
[2m2025-03-25T07:55:23.976684Z[0m [32m INFO[0m [1mnode[0m[1m{[0m[3mname[0m[2m=[0mk#99f25ef6..[1m}[0m[2m:[0m [2msui_core::checkpoints::checkpoint_executor[0m[2m:[0m [2mcrates/sui-core/src/checkpoints/checkpoint_executor/mod.rs[0m[2m:[0m[2m332:[0m Received checkpoint summary from state sync [3msequence_number[0m[2m=[0m263
[2m2025-03-25T07:55:23.976720Z[0m [32m INFO[0m [1mnode[0m[1m{[0m[3mname[0m[2m=[0mk#99f25ef6..[1m}[0m[2m:[0m [2msui_core::checkpoints::checkpoint_executor[0m[2m:[0m [2mcrates/sui-core/src/checkpoints/checkpoint_executor/mod.rs[0m[2m:[0m[2m332:[0m Received checkpoint summary from state sync [3msequence_number[0m[2m=[0m264
[2m2025-03-25T07:55:23.976756Z[0m [32m INFO[0m [1mnode[0m[1m{[0m[3mname[0m[2m=[0mk#99f25ef6..[1m}[0m[2m:[0m [2msui_core::checkpoints::checkpoint_executor[0m[2m:[0m [2mcrates/sui-core/src/checkpoints/checkpoint_executor/mod.rs[0m[2m:[0m[2m332:[0m Received checkpoint summary from state sync [3msequence_number[0m[2m=[0m265
[2m2025-03-25T07:55:23.976793Z[0m [32m INFO[0m [1mnode[0m[1m{[0m[3mname[0m[2m=[0mk#99f25ef6..[1m}[0m[2m:[0m [2msui_core::checkpoints::checkpoint_executor[0m[2m:[0m [2mcrates/sui-core/src/checkpoints/checkpoint_executor/mod.rs[0m[2m:[0m[2m332:[0m Received checkpoint summary from state sync [3msequence_number[0m[2m=[0m266
[2m2025-03-25T07:55:23.976829Z[0m [32m INFO[0m [1mnode[0m[1m{[0m[3mname[0m[2m=[0mk#99f25ef6..[1m}[0m[2m:[0m [2msui_core::checkpoints::checkpoint_executor[0m[2m:[0m [2mcrates/sui-core/src/checkpoints/checkpoint_executor/mod.rs[0m[2m:[0m[2m332:[0m Received checkpoint summary from state sync [3msequence_number[0m[2m=[0m267
[2m2025-03-25T07:55:23.976866Z[0m [32m INFO[0m [1mnode[0m[1m{[0m[3mname[0m[2m=[0mk#99f25ef6..[1m}[0m[2m:[0m [2msui_core::checkpoints::checkpoint_executor[0m[2m:[0m [2mcrates/sui-core/src/checkpoints/checkpoint_executor/mod.rs[0m[2m:[0m[2m332:[0m Received checkpoint summary from state sync [3msequence_number[0m[2m=[0m268
[2m2025-03-25T07:55:23.976903Z[0m [32m INFO[0m [1mnode[0m[1m{[0m[3mname[0m[2m=[0mk#99f25ef6..[1m}[0m[2m:[0m [2msui_core::checkpoints::checkpoint_executor[0m[2m:[0m [2mcrates/sui-core/src/checkpoints/checkpoint_executor/mod.rs[0m[2m:[0m[2m332:[0m Received checkpoint summary from state sync [3msequence_number[0m[2m=[0m269
[2m2025-03-25T07:55:23.976939Z[0m [32m INFO[0m [1mnode[0m[1m{[0m[3mname[0m[2m=[0mk#99f25ef6..[1m}[0m[2m:[0m [2msui_core::checkpoints::checkpoint_executor[0m[2m:[0m [2mcrates/sui-core/src/checkpoints/checkpoint_executor/mod.rs[0m[2m:[0m[2m332:[0m Received checkpoint summary from state sync [3msequence_number[0m[2m=[0m270
[2m2025-03-25T07:55:23.976976Z[0m [32m INFO[0m [1mnode[0m[1m{[0m[3mname[0m[2m=[0mk#99f25ef6..[1m}[0m[2m:[0m [2msui_core::checkpoints::checkpoint_executor[0m[2m:[0m [2mcrates/sui-core/src/checkpoints/checkpoint_executor/mod.rs[0m[2m:[0m[2m332:[0m Received checkpoint summary from state sync [3msequence_number[0m[2m=[0m271
[2m2025-03-25T07:55:23.977012Z[0m [32m INFO[0m [1mnode[0m[1m{[0m[3mname[0m[2m=[0mk#99f25ef6..[1m}[0m[2m:[0m [2msui_core::checkpoints::checkpoint_executor[0m[2m:[0m [2mcrates/sui-core/src/checkpoints/checkpoint_executor/mod.rs[0m[2m:[0m[2m332:[0m Received checkpoint summary from state sync [3msequence_number[0m[2m=[0m272
[2m2025-03-25T07:55:23.977048Z[0m [32m INFO[0m [1mnode[0m[1m{[0m[3mname[0m[2m=[0mk#99f25ef6..[1m}[0m[2m:[0m [2msui_core::checkpoints::checkpoint_executor[0m[2m:[0m [2mcrates/sui-core/src/checkpoints/checkpoint_executor/mod.rs[0m[2m:[0m[2m332:[0m Received checkpoint summary from state sync [3msequence_number[0m[2m=[0m273
[2m2025-03-25T07:55:23.977084Z[0m [32m INFO[0m [1mnode[0m[1m{[0m[3mname[0m[2m=[0mk#99f25ef6..[1m}[0m[2m:[0m [2msui_core::checkpoints::checkpoint_executor[0m[2m:[0m [2mcrates/sui-core/src/checkpoints/checkpoint_executor/mod.rs[0m[2m:[0m[2m332:[0m Received checkpoint summary from state sync [3msequence_number[0m[2m=[0m274
[2m2025-03-25T07:55:23.977120Z[0m [32m INFO[0m [1mnode[0m[1m{[0m[3mname[0m[2m=[0mk#99f25ef6..[1m}[0m[2m:[0m [2msui_core::checkpoints::checkpoint_executor[0m[2m:[0m [2mcrates/sui-core/src/checkpoints/checkpoint_executor/mod.rs[0m[2m:[0m[2m332:[0m Received checkpoint summary from state sync [3msequence_number[0m[2m=[0m275
[2m2025-03-25T07:55:23.977157Z[0m [32m INFO[0m [1mnode[0m[1m{[0m[3mname[0m[2m=[0mk#99f25ef6..[1m}[0m[2m:[0m [2msui_core::checkpoints::checkpoint_executor[0m[2m:[0m [2mcrates/sui-core/src/checkpoints/checkpoint_executor/mod.rs[0m[2m:[0m[2m332:[0m Received checkpoint summary from state sync [3msequence_number[0m[2m=[0m276
[2m2025-03-25T07:55:23.977193Z[0m [32m INFO[0m [1mnode[0m[1m{[0m[3mname[0m[2m=[0mk#99f25ef6..[1m}[0m[2m:[0m [2msui_core::checkpoints::checkpoint_executor[0m[2m:[0m [2mcrates/sui-core/src/checkpoints/checkpoint_executor/mod.rs[0m[2m:[0m[2m332:[0m Received checkpoint summary from state sync [3msequence_number[0m[2m=[0m277
[2m2025-03-25T07:55:23.977231Z[0m [32m INFO[0m [1mnode[0m[1m{[0m[3mname[0m[2m=[0mk#99f25ef6..[1m}[0m[2m:[0m [2msui_core::checkpoints::checkpoint_executor[0m[2m:[0m [2mcrates/sui-core/src/checkpoints/checkpoint_executor/mod.rs[0m[2m:[0m[2m332:[0m Received checkpoint summary from state sync [3msequence_number[0m[2m=[0m278
[2m2025-03-25T07:55:23.977268Z[0m [32m INFO[0m [1mnode[0m[1m{[0m[3mname[0m[2m=[0mk#99f25ef6..[1m}[0m[2m:[0m [2msui_core::checkpoints::checkpoint_executor[0m[2m:[0m [2mcrates/sui-core/src/checkpoints/checkpoint_executor/mod.rs[0m[2m:[0m[2m332:[0m Received checkpoint summary from state sync [3msequence_number[0m[2m=[0m279
[2m2025-03-25T07:55:23.977305Z[0m [32m INFO[0m [1mnode[0m[1m{[0m[3mname[0m[2m=[0mk#99f25ef6..[1m}[0m[2m:[0m [2msui_core::checkpoints::checkpoint_executor[0m[2m:[0m [2mcrates/sui-core/src/checkpoints/checkpoint_executor/mod.rs[0m[2m:[0m[2m332:[0m Received checkpoint summary from state sync [3msequence_number[0m[2m=[0m280
[2m2025-03-25T07:55:23.977343Z[0m [32m INFO[0m [1mnode[0m[1m{[0m[3mname[0m[2m=[0mk#99f25ef6..[1m}[0m[2m:[0m [2msui_core::checkpoints::checkpoint_executor[0m[2m:[0m [2mcrates/sui-core/src/checkpoints/checkpoint_executor/mod.rs[0m[2m:[0m[2m332:[0m Received checkpoint summary from state sync [3msequence_number[0m[2m=[0m281
[2m2025-03-25T07:55:23.977379Z[0m [32m INFO[0m [1mnode[0m[1m{[0m[3mname[0m[2m=[0mk#99f25ef6..[1m}[0m[2m:[0m [2msui_core::checkpoints::checkpoint_executor[0m[2m:[0m [2mcrates/sui-core/src/checkpoints/checkpoint_executor/mod.rs[0m[2m:[0m[2m332:[0m Received checkpoint summary from state sync [3msequence_number[0m[2m=[0m282
[2m2025-03-25T07:55:23.977416Z[0m [32m INFO[0m [1mnode[0m[1m{[0m[3mname[0m[2m=[0mk#99f25ef6..[1m}[0m[2m:[0m [2msui_core::checkpoints::checkpoint_executor[0m[2m:[0m [2mcrates/sui-core/src/checkpoints/checkpoint_executor/mod.rs[0m[2m:[0m[2m332:[0m Received checkpoint summary from state sync [3msequence_number[0m[2m=[0m283
[2m2025-03-25T07:55:23.977452Z[0m [32m INFO[0m [1mnode[0m[1m{[0m[3mname[0m[2m=[0mk#99f25ef6..[1m}[0m[2m:[0m [2msui_core::checkpoints::checkpoint_executor[0m[2m:[0m [2mcrates/sui-core/src/checkpoints/checkpoint_executor/mod.rs[0m[2m:[0m[2m332:[0m Received checkpoint summary from state sync [3msequence_number[0m[2m=[0m284
[2m2025-03-25T07:55:23.977488Z[0m [32m INFO[0m [1mnode[0m[1m{[0m[3mname[0m[2m=[0mk#99f25ef6..[1m}[0m[2m:[0m [2msui_core::checkpoints::checkpoint_executor[0m[2m:[0m [2mcrates/sui-core/src/checkpoints/checkpoint_executor/mod.rs[0m[2m:[0m[2m332:[0m Received checkpoint summary from state sync [3msequence_number[0m[2m=[0m285
[2m2025-03-25T07:55:23.977525Z[0m [32m INFO[0m [1mnode[0m[1m{[0m[3mname[0m[2m=[0mk#99f25ef6..[1m}[0m[2m:[0m [2msui_core::checkpoints::checkpoint_executor[0m[2m:[0m [2mcrates/sui-core/src/checkpoints/checkpoint_executor/mod.rs[0m[2m:[0m[2m332:[0m Received checkpoint summary from state sync [3msequence_number[0m[2m=[0m286
[2m2025-03-25T07:55:23.977561Z[0m [32m INFO[0m [1mnode[0m[1m{[0m[3mname[0m[2m=[0mk#99f25ef6..[1m}[0m[2m:[0m [2msui_core::checkpoints::checkpoint_executor[0m[2m:[0m [2mcrates/sui-core/src/checkpoints/checkpoint_executor/mod.rs[0m[2m:[0m[2m332:[0m Received checkpoint summary from state sync [3msequence_number[0m[2m=[0m287
[2m2025-03-25T07:55:23.977597Z[0m [32m INFO[0m [1mnode[0m[1m{[0m[3mname[0m[2m=[0mk#99f25ef6..[1m}[0m[2m:[0m [2msui_core::checkpoints::checkpoint_executor[0m[2m:[0m [2mcrates/sui-core/src/checkpoints/checkpoint_executor/mod.rs[0m[2m:[0m[2m332:[0m Received checkpoint summary from state sync [3msequence_number[0m[2m=[0m288
[2m2025-03-25T07:55:23.977634Z[0m [32m INFO[0m [1mnode[0m[1m{[0m[3mname[0m[2m=[0mk#99f25ef6..[1m}[0m[2m:[0m [2msui_core::checkpoints::checkpoint_executor[0m[2m:[0m [2mcrates/sui-core/src/checkpoints/checkpoint_executor/mod.rs[0m[2m:[0m[2m332:[0m Received checkpoint summary from state sync [3msequence_number[0m[2m=[0m289
[2m2025-03-25T07:55:23.977671Z[0m [32m INFO[0m [1mnode[0m[1m{[0m[3mname[0m[2m=[0mk#99f25ef6..[1m}[0m[2m:[0m [2msui_core::checkpoints::checkpoint_executor[0m[2m:[0m [2mcrates/sui-core/src/checkpoints/checkpoint_executor/mod.rs[0m[2m:[0m[2m332:[0m Received checkpoint summary from state sync [3msequence_number[0m[2m=[0m290
[2m2025-03-25T07:55:23.977708Z[0m [32m INFO[0m [1mnode[0m[1m{[0m[3mname[0m[2m=[0mk#99f25ef6..[1m}[0m[2m:[0m [2msui_core::checkpoints::checkpoint_executor[0m[2m:[0m [2mcrates/sui-core/src/checkpoints/checkpoint_executor/mod.rs[0m[2m:[0m[2m332:[0m Received checkpoint summary from state sync [3msequence_number[0m[2m=[0m291
[2m2025-03-25T07:55:23.977744Z[0m [32m INFO[0m [1mnode[0m[1m{[0m[3mname[0m[2m=[0mk#99f25ef6..[1m}[0m[2m:[0m [2msui_core::checkpoints::checkpoint_executor[0m[2m:[0m [2mcrates/sui-core/src/checkpoints/checkpoint_executor/mod.rs[0m[2m:[0m[2m332:[0m Received checkpoint summary from state sync [3msequence_number[0m[2m=[0m292
[2m2025-03-25T07:55:23.977780Z[0m [32m INFO[0m [1mnode[0m[1m{[0m[3mname[0m[2m=[0mk#99f25ef6..[1m}[0m[2m:[0m [2msui_core::checkpoints::checkpoint_executor[0m[2m:[0m [2mcrates/sui-core/src/checkpoints/checkpoint_executor/mod.rs[0m[2m:[0m[2m332:[0m Received checkpoint summary from state sync [3msequence_number[0m[2m=[0m293
[2m2025-03-25T07:55:23.977818Z[0m [32m INFO[0m [1mnode[0m[1m{[0m[3mname[0m[2m=[0mk#99f25ef6..[1m}[0m[2m:[0m [2msui_core::checkpoints::checkpoint_executor[0m[2m:[0m [2mcrates/sui-core/src/checkpoints/checkpoint_executor/mod.rs[0m[2m:[0m[2m332:[0m Received checkpoint summary from state sync [3msequence_number[0m[2m=[0m294
[2m2025-03-25T07:55:23.977854Z[0m [32m INFO[0m [1mnode[0m[1m{[0m[3mname[0m[2m=[0mk#99f25ef6..[1m}[0m[2m:[0m [2msui_core::checkpoints::checkpoint_executor[0m[2m:[0m [2mcrates/sui-core/src/checkpoints/checkpoint_executor/mod.rs[0m[2m:[0m[2m332:[0m Received checkpoint summary from state sync [3msequence_number[0m[2m=[0m295
[2m2025-03-25T07:55:23.977890Z[0m [32m INFO[0m [1mnode[0m[1m{[0m[3mname[0m[2m=[0mk#99f25ef6..[1m}[0m[2m:[0m [2msui_core::checkpoints::checkpoint_executor[0m[2m:[0m [2mcrates/sui-core/src/checkpoints/checkpoint_executor/mod.rs[0m[2m:[0m[2m332:[0m Received checkpoint summary from state sync [3msequence_number[0m[2m=[0m296
[2m2025-03-25T07:55:23.977926Z[0m [32m INFO[0m [1mnode[0m[1m{[0m[3mname[0m[2m=[0mk#99f25ef6..[1m}[0m[2m:[0m [2msui_core::checkpoints::checkpoint_executor[0m[2m:[0m [2mcrates/sui-core/src/checkpoints/checkpoint_executor/mod.rs[0m[2m:[0m[2m332:[0m Received checkpoint summary from state sync [3msequence_number[0m[2m=[0m297
[2m2025-03-25T07:55:23.977962Z[0m [32m INFO[0m [1mnode[0m[1m{[0m[3mname[0m[2m=[0mk#99f25ef6..[1m}[0m[2m:[0m [2msui_core::checkpoints::checkpoint_executor[0m[2m:[0m [2mcrates/sui-core/src/checkpoints/checkpoint_executor/mod.rs[0m[2m:[0m[2m332:[0m Received checkpoint summary from state sync [3msequence_number[0m[2m=[0m298
[2m2025-03-25T07:55:23.977998Z[0m [32m INFO[0m [1mnode[0m[1m{[0m[3mname[0m[2m=[0mk#99f25ef6..[1m}[0m[2m:[0m [2msui_core::checkpoints::checkpoint_executor[0m[2m:[0m [2mcrates/sui-core/src/checkpoints/checkpoint_executor/mod.rs[0m[2m:[0m[2m332:[0m Received checkpoint summary from state sync [3msequence_number[0m[2m=[0m299
[2m2025-03-25T07:55:23.978034Z[0m [32m INFO[0m [1mnode[0m[1m{[0m[3mname[0m[2m=[0mk#99f25ef6..[1m}[0m[2m:[0m [2msui_core::checkpoints::checkpoint_executor[0m[2m:[0m [2mcrates/sui-core/src/checkpoints/checkpoint_executor/mod.rs[0m[2m:[0m[2m332:[0m Received checkpoint summary from state sync [3msequence_number[0m[2m=[0m300
[2m2025-03-25T07:55:23.978791Z[0m [32m INFO[0m [1mnode[0m[1m{[0m[3mname[0m[2m=[0mk#99f25ef6..[1m}[0m[2m:[0m [2msui_core::state_accumulator[0m[2m:[0m [2mcrates/sui-core/src/state_accumulator.rs[0m[2m:[0m[2m675:[0m accumulating running root for checkpoint 300
[2m2025-03-25T07:55:23.999855Z[0m [32m INFO[0m [1mnode[0m[1m{[0m[3mname[0m[2m=[0mk#b3f3cbb4..[1m}[0m[2m:[0m [2msui_core::state_accumulator[0m[2m:[0m [2mcrates/sui-core/src/state_accumulator.rs[0m[2m:[0m[2m675:[0m accumulating running root for checkpoint 300
[2m2025-03-25T07:55:24.096657Z[0m [32m INFO[0m [1mnode[0m[1m{[0m[3mname[0m[2m=[0mk#addeef94..[1m}[0m[2m:[0m [2mconsensus_core::core[0m[2m:[0m [2mconsensus/core/src/core.rs[0m[2m:[0m[2m945:[0m Included 2 ancestors & excluded 0 ancestors for proposal in round 98
[2m2025-03-25T07:55:24.097199Z[0m [32m INFO[0m [1mnode[0m[1m{[0m[3mname[0m[2m=[0mk#addeef94..[1m}[0m[2m:[0m [2mconsensus_core::core[0m[2m:[0m [2mconsensus/core/src/core.rs[0m[2m:[0m[2m531:[0m Created block B98(C,Vi/f0To8OKTqSmcPkynrx/EblmiAqguukKZcO2f0Mug=)(1742889324096ms;[B97(C,AbqHZffNAcTIrNGs73jeU7/ZBsFjSJhyfrag4SgEaBg=), B97(B,Ifh4qqM7DRdj7JX8P5BZ4qlMDmTTdOpN523tcZIW0yk=)];1t;1c) for round 98
[2m2025-03-25T07:55:24.097421Z[0m [32m INFO[0m [1mnode[0m[1m{[0m[3mname[0m[2m=[0mk#99f25ef6..[1m}[0m[2m:[0m [2mconsensus_core::core[0m[2m:[0m [2mconsensus/core/src/core.rs[0m[2m:[0m[2m945:[0m Included 2 ancestors & excluded 0 ancestors for proposal in round 98
[2m2025-03-25T07:55:24.097822Z[0m [32m INFO[0m [1mnode[0m[1m{[0m[3mname[0m[2m=[0mk#99f25ef6..[1m}[0m[2m:[0m [2mconsensus_core::core[0m[2m:[0m [2mconsensus/core/src/core.rs[0m[2m:[0m[2m531:[0m Created block B98(B,1EVKR/hsSZ3Lb2bGsuHkQrtn5qMdVqQrQodVZ22omi8=)(1742889324097ms;[B97(B,Ifh4qqM7DRdj7JX8P5BZ4qlMDmTTdOpN523tcZIW0yk=), B97(C,AbqHZffNAcTIrNGs73jeU7/ZBsFjSJhyfrag4SgEaBg=)];1t;1c) for round 98
[2m2025-03-25T07:55:24.099895Z[0m [32m INFO[0m [1mnode[0m[1m{[0m[3mname[0m[2m=[0mk#8dcff6d1..[1m}[0m[2m:[0m [2mconsensus_core::core[0m[2m:[0m [2mconsensus/core/src/core.rs[0m[2m:[0m[2m945:[0m Included 3 ancestors & excluded 0 ancestors for proposal in round 98
[2m2025-03-25T07:55:24.100256Z[0m [32m INFO[0m [1mnode[0m[1m{[0m[3mname[0m[2m=[0mk#99f25ef6..[1m}[0m[2m:[0m [2mconsensus_core::core[0m[2m:[0m [2mconsensus/core/src/core.rs[0m[2m:[0m[2m630:[0m Committing 1 leaders: B96(A,DQLt)
[2m2025-03-25T07:55:24.100269Z[0m [32m INFO[0m [1mnode[0m[1m{[0m[3mname[0m[2m=[0mk#addeef94..[1m}[0m[2m:[0m [2mconsensus_core::core[0m[2m:[0m [2mconsensus/core/src/core.rs[0m[2m:[0m[2m630:[0m Committing 1 leaders: B96(A,DQLt)
[2m2025-03-25T07:55:24.100360Z[0m [32m INFO[0m [1mnode[0m[1m{[0m[3mname[0m[2m=[0mk#8dcff6d1..[1m}[0m[2m:[0m [2mconsensus_core::core[0m[2m:[0m [2mconsensus/core/src/core.rs[0m[2m:[0m[2m531:[0m Created block B98(A,Tv/PW+jtnHXn0zsMQzfNmpTo5/RIS7KMBMGtrzpevlA=)(1742889324099ms;[B96(A,DQLtzQf8RyftFvgZm8jiXNTehpv8Oyrh/8Mxl2CYP/o=), B97(B,Ifh4qqM7DRdj7JX8P5BZ4qlMDmTTdOpN523tcZIW0yk=), B97(C,AbqHZffNAcTIrNGs73jeU7/ZBsFjSJhyfrag4SgEaBg=)];2t;2c) for round 98
[2m2025-03-25T07:55:24.100387Z[0m [32m INFO[0m [1mnode[0m[1m{[0m[3mname[0m[2m=[0mk#99f25ef6..[1m}[0m[2m:[0m [2mconsensus_core::commit_observer[0m[2m:[0m [2mconsensus/core/src/commit_observer.rs[0m[2m:[0m[2m173:[0m Consensus commit C89(nnLI) with leader B96(A,DQLt) has 3 blocks
[2m2025-03-25T07:55:24.100397Z[0m [32m INFO[0m [1mnode[0m[1m{[0m[3mname[0m[2m=[0mk#addeef94..[1m}[0m[2m:[0m [2mconsensus_core::commit_observer[0m[2m:[0m [2mconsensus/core/src/commit_observer.rs[0m[2m:[0m[2m173:[0m Consensus commit C89(nnLI) with leader B96(A,DQLt) has 3 blocks
[2m2025-03-25T07:55:24.100452Z[0m [32m INFO[0m [1mnode[0m[1m{[0m[3mname[0m[2m=[0mk#8dcff6d1..[1m}[0m[2m:[0m [2mconsensus_core::core[0m[2m:[0m [2mconsensus/core/src/core.rs[0m[2m:[0m[2m630:[0m Committing 1 leaders: B96(A,DQLt)
[2m2025-03-25T07:55:24.100504Z[0m [32m INFO[0m [1mnode[0m[1m{[0m[3mname[0m[2m=[0mk#99f25ef6..[1m}[0m[2m:[0m [2msui_core::consensus_handler[0m[2m:[0m [2mcrates/sui-core/src/consensus_handler.rs[0m[2m:[0m[2m232:[0m Received consensus output [3mconsensus_commit[0m[2m=[0mCommittedSubDag(leader=B96(A,DQLt), ref=C89(nnLI), blocks=[S6yK, uNgw, DQLt]) [3mepoch[0m[2m=[0m1
[2m2025-03-25T07:55:24.100504Z[0m [32m INFO[0m [1mnode[0m[1m{[0m[3mname[0m[2m=[0mk#addeef94..[1m}[0m[2m:[0m [2msui_core::consensus_handler[0m[2m:[0m [2mcrates/sui-core/src/consensus_handler.rs[0m[2m:[0m[2m232:[0m Received consensus output [3mconsensus_commit[0m[2m=[0mCommittedSubDag(leader=B96(A,DQLt), ref=C89(nnLI), blocks=[S6yK, uNgw, DQLt]) [3mepoch[0m[2m=[0m1
[2m2025-03-25T07:55:24.100548Z[0m [32m INFO[0m [1mnode[0m[1m{[0m[3mname[0m[2m=[0mk#8dcff6d1..[1m}[0m[2m:[0m [2mconsensus_core::commit_observer[0m[2m:[0m [2mconsensus/core/src/commit_observer.rs[0m[2m:[0m[2m173:[0m Consensus commit C89(nnLI) with leader B96(A,DQLt) has 3 blocks
[2m2025-03-25T07:55:24.100666Z[0m [32m INFO[0m [1mnode[0m[1m{[0m[3mname[0m[2m=[0mk#8dcff6d1..[1m}[0m[2m:[0m [2msui_core::consensus_handler[0m[2m:[0m [2mcrates/sui-core/src/consensus_handler.rs[0m[2m:[0m[2m232:[0m Received consensus output [3mconsensus_commit[0m[2m=[0mCommittedSubDag(leader=B96(A,DQLt), ref=C89(nnLI), blocks=[S6yK, uNgw, DQLt]) [3mepoch[0m[2m=[0m1
[2m2025-03-25T07:55:24.151142Z[0m [32m INFO[0m [1mnode[0m[1m{[0m[3mname[0m[2m=[0mk#99f25ef6..[1m}[0m[2m:[0m [2msui_core::checkpoints[0m[2m:[0m [2mcrates/sui-core/src/checkpoints/mod.rs[0m[2m:[0m[2m1326:[0m Creating checkpoint(s) for 1 transactions [3mnext_checkpoint_seq[0m[2m=[0m302 [3mcheckpoint_timestamp[0m[2m=[0m1742889323578
[2m2025-03-25T07:55:24.151142Z[0m [32m INFO[0m [1mnode[0m[1m{[0m[3mname[0m[2m=[0mk#8dcff6d1..[1m}[0m[2m:[0m [2msui_core::checkpoints[0m[2m:[0m [2mcrates/sui-core/src/checkpoints/mod.rs[0m[2m:[0m[2m1326:[0m Creating checkpoint(s) for 1 transactions [3mnext_checkpoint_seq[0m[2m=[0m302 [3mcheckpoint_timestamp[0m[2m=[0m1742889323578
[2m2025-03-25T07:55:24.151142Z[0m [32m INFO[0m [1mnode[0m[1m{[0m[3mname[0m[2m=[0mk#addeef94..[1m}[0m[2m:[0m [2msui_core::checkpoints[0m[2m:[0m [2mcrates/sui-core/src/checkpoints/mod.rs[0m[2m:[0m[2m1326:[0m Creating checkpoint(s) for 1 transactions [3mnext_checkpoint_seq[0m[2m=[0m302 [3mcheckpoint_timestamp[0m[2m=[0m1742889323578
[2m2025-03-25T07:55:24.151375Z[0m [32m INFO[0m [1mnode[0m[1m{[0m[3mname[0m[2m=[0mk#99f25ef6..[1m}[0m[2m:[0m [2msui_core::checkpoints::checkpoint_output[0m[2m:[0m [2mcrates/sui-core/src/checkpoints/checkpoint_output.rs[0m[2m:[0m[2m149:[0m Creating checkpoint CheckpointDigest(FEP7mrYA1ehZPnh326WWsHHQoicqe79PNPf4BZG35bXd) at epoch 1, sequence 302, previous digest Some(CheckpointDigest(Go36z1EXAZTuWjBh9Y8sa3jmcyqfFQ1BwaaSumi8TE8c)), transactions count 1, content digest CheckpointContentsDigest(ovbGohpaPim7zjvmeG7kHmxW9EtxfBwfexDMn9xR8uD), end_of_epoch_data None
[2m2025-03-25T07:55:24.151375Z[0m [32m INFO[0m [1mnode[0m[1m{[0m[3mname[0m[2m=[0mk#8dcff6d1..[1m}[0m[2m:[0m [2msui_core::checkpoints::checkpoint_output[0m[2m:[0m [2mcrates/sui-core/src/checkpoints/checkpoint_output.rs[0m[2m:[0m[2m149:[0m Creating checkpoint CheckpointDigest(FEP7mrYA1ehZPnh326WWsHHQoicqe79PNPf4BZG35bXd) at epoch 1, sequence 302, previous digest Some(CheckpointDigest(Go36z1EXAZTuWjBh9Y8sa3jmcyqfFQ1BwaaSumi8TE8c)), transactions count 1, content digest CheckpointContentsDigest(ovbGohpaPim7zjvmeG7kHmxW9EtxfBwfexDMn9xR8uD), end_of_epoch_data None
[2m2025-03-25T07:55:24.151375Z[0m [32m INFO[0m [1mnode[0m[1m{[0m[3mname[0m[2m=[0mk#addeef94..[1m}[0m[2m:[0m [2msui_core::checkpoints::checkpoint_output[0m[2m:[0m [2mcrates/sui-core/src/checkpoints/checkpoint_output.rs[0m[2m:[0m[2m149:[0m Creating checkpoint CheckpointDigest(FEP7mrYA1ehZPnh326WWsHHQoicqe79PNPf4BZG35bXd) at epoch 1, sequence 302, previous digest Some(CheckpointDigest(Go36z1EXAZTuWjBh9Y8sa3jmcyqfFQ1BwaaSumi8TE8c)), transactions count 1, content digest CheckpointContentsDigest(ovbGohpaPim7zjvmeG7kHmxW9EtxfBwfexDMn9xR8uD), end_of_epoch_data None
[2m2025-03-25T07:55:24.154933Z[0m [32m INFO[0m [1mnode[0m[1m{[0m[3mname[0m[2m=[0mk#8dcff6d1..[1m}[0m[2m:[0m [2msui_core::checkpoints::checkpoint_output[0m[2m:[0m [2mcrates/sui-core/src/checkpoints/checkpoint_output.rs[0m[2m:[0m[2m196:[0m Certified checkpoint with sequence 301 and digest Go36z1EXAZTuWjBh9Y8sa3jmcyqfFQ1BwaaSumi8TE8c
[2m2025-03-25T07:55:24.155217Z[0m [32m INFO[0m [1mnode[0m[1m{[0m[3mname[0m[2m=[0mk#99f25ef6..[1m}[0m[2m:[0m [2msui_core::checkpoints::checkpoint_output[0m[2m:[0m [2mcrates/sui-core/src/checkpoints/checkpoint_output.rs[0m[2m:[0m[2m196:[0m Certified checkpoint with sequence 301 and digest Go36z1EXAZTuWjBh9Y8sa3jmcyqfFQ1BwaaSumi8TE8c
[2m2025-03-25T07:55:24.158061Z[0m [32m INFO[0m [1mnode[0m[1m{[0m[3mname[0m[2m=[0mk#8dcff6d1..[1m}[0m[2m:[0m [2msui_core::checkpoints::checkpoint_executor[0m[2m:[0m [2mcrates/sui-core/src/checkpoints/checkpoint_executor/mod.rs[0m[2m:[0m[2m332:[0m Received checkpoint summary from state sync [3msequence_number[0m[2m=[0m301
[2m2025-03-25T07:55:24.158378Z[0m [32m INFO[0m [1mnode[0m[1m{[0m[3mname[0m[2m=[0mk#99f25ef6..[1m}[0m[2m:[0m [2msui_core::checkpoints::checkpoint_executor[0m[2m:[0m [2mcrates/sui-core/src/checkpoints/checkpoint_executor/mod.rs[0m[2m:[0m[2m332:[0m Received checkpoint summary from state sync [3msequence_number[0m[2m=[0m301
[2m2025-03-25T07:55:24.176908Z[0m [32m INFO[0m [1mnode[0m[1m{[0m[3mname[0m[2m=[0mk#99f25ef6..[1m}[0m[2m:[0m [2msui_core::state_accumulator[0m[2m:[0m [2mcrates/sui-core/src/state_accumulator.rs[0m[2m:[0m[2m675:[0m accumulating running root for checkpoint 301
[2m2025-03-25T07:55:24.176908Z[0m [32m INFO[0m [1mnode[0m[1m{[0m[3mname[0m[2m=[0mk#8dcff6d1..[1m}[0m[2m:[0m [2msui_core::state_accumulator[0m[2m:[0m [2mcrates/sui-core/src/state_accumulator.rs[0m[2m:[0m[2m675:[0m accumulating running root for checkpoint 301
[2m2025-03-25T07:55:24.222200Z[0m [32m INFO[0m [1mnode[0m[1m{[0m[3mname[0m[2m=[0mk#addeef94..[1m}[0m[2m:[0m [2msui_core::checkpoints::checkpoint_executor[0m[2m:[0m [2mcrates/sui-core/src/checkpoints/checkpoint_executor/mod.rs[0m[2m:[0m[2m332:[0m Received checkpoint summary from state sync [3msequence_number[0m[2m=[0m301
[2m2025-03-25T07:55:24.223457Z[0m [32m INFO[0m [1mnode[0m[1m{[0m[3mname[0m[2m=[0mk#99f25ef6..[1m}[0m[2m:[0m [2mconsensus_core::core[0m[2m:[0m [2mconsensus/core/src/core.rs[0m[2m:[0m[2m694:[0m Received quorum round per authority in ancestor state manager set to: [(98, 98), (98, 98), (98, 98)]
[2m2025-03-25T07:55:24.223469Z[0m [32m INFO[0m [1mnode[0m[1m{[0m[3mname[0m[2m=[0mk#99f25ef6..[1m}[0m[2m:[0m [2mconsensus_core::core[0m[2m:[0m [2mconsensus/core/src/core.rs[0m[2m:[0m[2m695:[0m Accepted quorum round per authority in ancestor state manager set to: [(98, 98), (98, 98), (98, 98)]
[2m2025-03-25T07:55:24.223476Z[0m [32m INFO[0m [1mnode[0m[1m{[0m[3mname[0m[2m=[0mk#99f25ef6..[1m}[0m[2m:[0m [2mconsensus_core::core[0m[2m:[0m [2mconsensus/core/src/core.rs[0m[2m:[0m[2m698:[0m Propagation round delay set to: 0
[2m2025-03-25T07:55:24.224417Z[0m [32m INFO[0m [1mnode[0m[1m{[0m[3mname[0m[2m=[0mk#addeef94..[1m}[0m[2m:[0m [2msui_core::state_accumulator[0m[2m:[0m [2mcrates/sui-core/src/state_accumulator.rs[0m[2m:[0m[2m675:[0m accumulating running root for checkpoint 301
[2m2025-03-25T07:55:24.224679Z[0m [32m INFO[0m [1mnode[0m[1m{[0m[3mname[0m[2m=[0mk#8dcff6d1..[1m}[0m[2m:[0m [2mconsensus_core::core[0m[2m:[0m [2mconsensus/core/src/core.rs[0m[2m:[0m[2m694:[0m Received quorum round per authority in ancestor state manager set to: [(98, 98), (98, 98), (98, 98)]
[2m2025-03-25T07:55:24.224689Z[0m [32m INFO[0m [1mnode[0m[1m{[0m[3mname[0m[2m=[0mk#8dcff6d1..[1m}[0m[2m:[0m [2mconsensus_core::core[0m[2m:[0m [2mconsensus/core/src/core.rs[0m[2m:[0m[2m695:[0m Accepted quorum round per authority in ancestor state manager set to: [(98, 98), (98, 98), (98, 98)]
[2m2025-03-25T07:55:24.224696Z[0m [32m INFO[0m [1mnode[0m[1m{[0m[3mname[0m[2m=[0mk#8dcff6d1..[1m}[0m[2m:[0m [2mconsensus_core::core[0m[2m:[0m [2mconsensus/core/src/core.rs[0m[2m:[0m[2m698:[0m Propagation round delay set to: 0
[2m2025-03-25T07:55:24.225430Z[0m [32m INFO[0m [1mnode[0m[1m{[0m[3mname[0m[2m=[0mk#addeef94..[1m}[0m[2m:[0m [2mconsensus_core::core[0m[2m:[0m [2mconsensus/core/src/core.rs[0m[2m:[0m[2m694:[0m Received quorum round per authority in ancestor state manager set to: [(96, 98), (98, 98), (98, 98)]
[2m2025-03-25T07:55:24.225439Z[0m [32m INFO[0m [1mnode[0m[1m{[0m[3mname[0m[2m=[0mk#addeef94..[1m}[0m[2m:[0m [2mconsensus_core::core[0m[2m:[0m [2mconsensus/core/src/core.rs[0m[2m:[0m[2m695:[0m Accepted quorum round per authority in ancestor state manager set to: [(96, 98), (98, 98), (98, 98)]
[2m2025-03-25T07:55:24.225445Z[0m [32m INFO[0m [1mnode[0m[1m{[0m[3mname[0m[2m=[0mk#addeef94..[1m}[0m[2m:[0m [2mconsensus_core::core[0m[2m:[0m [2mconsensus/core/src/core.rs[0m[2m:[0m[2m698:[0m Propagation round delay set to: 0
[2m2025-03-25T07:55:24.226348Z[0m [32m INFO[0m [1mnode[0m[1m{[0m[3mname[0m[2m=[0mk#b3f3cbb4..[1m}[0m[2m:[0m [2msui_core::checkpoints::checkpoint_executor[0m[2m:[0m [2mcrates/sui-core/src/checkpoints/checkpoint_executor/mod.rs[0m[2m:[0m[2m332:[0m Received checkpoint summary from state sync [3msequence_number[0m[2m=[0m301
[2m2025-03-25T07:55:24.350936Z[0m [32m INFO[0m [1mnode[0m[1m{[0m[3mname[0m[2m=[0mk#addeef94..[1m}[0m[2m:[0m [2mconsensus_core::core[0m[2m:[0m [2mconsensus/core/src/core.rs[0m[2m:[0m[2m945:[0m Included 3 ancestors & excluded 0 ancestors for proposal in round 99
[2m2025-03-25T07:55:24.351301Z[0m [32m INFO[0m [1mnode[0m[1m{[0m[3mname[0m[2m=[0mk#addeef94..[1m}[0m[2m:[0m [2mconsensus_core::core[0m[2m:[0m [2mconsensus/core/src/core.rs[0m[2m:[0m[2m531:[0m Created block B99(C,apY9ARL9nDO+RJrq2KDbCBrplpo6fx7FYKHQHOYy7HY=)(1742889324351ms;[B98(C,Vi/f0To8OKTqSmcPkynrx/EblmiAqguukKZcO2f0Mug=), B98(A,Tv/PW+jtnHXn0zsMQzfNmpTo5/RIS7KMBMGtrzpevlA=), B98(B,1EVKR/hsSZ3Lb2bGsuHkQrtn5qMdVqQrQodVZ22omi8=)];1t;1c) for round 99
[2m2025-03-25T07:55:24.351500Z[0m [32m INFO[0m [1mnode[0m[1m{[0m[3mname[0m[2m=[0mk#99f25ef6..[1m}[0m[2m:[0m [2mconsensus_core::core[0m[2m:[0m [2mconsensus/core/src/core.rs[0m[2m:[0m[2m945:[0m Included 3 ancestors & excluded 0 ancestors for proposal in round 99
[2m2025-03-25T07:55:24.351812Z[0m [32m INFO[0m [1mnode[0m[1m{[0m[3mname[0m[2m=[0mk#99f25ef6..[1m}[0m[2m:[0m [2mconsensus_core::core[0m[2m:[0m [2mconsensus/core/src/core.rs[0m[2m:[0m[2m531:[0m Created block B99(B,ux2x0zQdYjWf6QrFMoAulH1SnvwDrxSKOFSiG4kAA58=)(1742889324351ms;[B98(B,1EVKR/hsSZ3Lb2bGsuHkQrtn5qMdVqQrQodVZ22omi8=), B98(A,Tv/PW+jtnHXn0zsMQzfNmpTo5/RIS7KMBMGtrzpevlA=), B98(C,Vi/f0To8OKTqSmcPkynrx/EblmiAqguukKZcO2f0Mug=)];1t;1c) for round 99
[2m2025-03-25T07:55:24.352927Z[0m [32m INFO[0m [1mnode[0m[1m{[0m[3mname[0m[2m=[0mk#8dcff6d1..[1m}[0m[2m:[0m [2mconsensus_core::core[0m[2m:[0m [2mconsensus/core/src/core.rs[0m[2m:[0m[2m945:[0m Included 3 ancestors & excluded 0 ancestors for proposal in round 99
[2m2025-03-25T07:55:24.353212Z[0m [32m INFO[0m [1mnode[0m[1m{[0m[3mname[0m[2m=[0mk#8dcff6d1..[1m}[0m[2m:[0m [2mconsensus_core::core[0m[2m:[0m [2mconsensus/core/src/core.rs[0m[2m:[0m[2m531:[0m Created block B99(A,CRoiHwnSzdH5Fu18FFt1jpuxcPDgG2qrTRc78Cwo1Zc=)(1742889324353ms;[B98(A,Tv/PW+jtnHXn0zsMQzfNmpTo5/RIS7KMBMGtrzpevlA=), B98(B,1EVKR/hsSZ3Lb2bGsuHkQrtn5qMdVqQrQodVZ22omi8=), B98(C,Vi/f0To8OKTqSmcPkynrx/EblmiAqguukKZcO2f0Mug=)];1t;1c) for round 99
[2m2025-03-25T07:55:24.353349Z[0m [32m INFO[0m [1mnode[0m[1m{[0m[3mname[0m[2m=[0mk#8dcff6d1..[1m}[0m[2m:[0m [2mconsensus_core::core[0m[2m:[0m [2mconsensus/core/src/core.rs[0m[2m:[0m[2m630:[0m Committing 1 leaders: B97(B,Ifh4)
[2m2025-03-25T07:55:24.353414Z[0m [32m INFO[0m [1mnode[0m[1m{[0m[3mname[0m[2m=[0mk#99f25ef6..[1m}[0m[2m:[0m [2mconsensus_core::core[0m[2m:[0m [2mconsensus/core/src/core.rs[0m[2m:[0m[2m630:[0m Committing 1 leaders: B97(B,Ifh4)
[2m2025-03-25T07:55:24.353436Z[0m [32m INFO[0m [1mnode[0m[1m{[0m[3mname[0m[2m=[0mk#8dcff6d1..[1m}[0m[2m:[0m [2mconsensus_core::commit_observer[0m[2m:[0m [2mconsensus/core/src/commit_observer.rs[0m[2m:[0m[2m173:[0m Consensus commit C90(O8Yt) with leader B97(B,Ifh4) has 3 blocks
[2m2025-03-25T07:55:24.353473Z[0m [32m INFO[0m [1mnode[0m[1m{[0m[3mname[0m[2m=[0mk#addeef94..[1m}[0m[2m:[0m [2mconsensus_core::core[0m[2m:[0m [2mconsensus/core/src/core.rs[0m[2m:[0m[2m630:[0m Committing 1 leaders: B97(B,Ifh4)
[2m2025-03-25T07:55:24.353496Z[0m [32m INFO[0m [1mnode[0m[1m{[0m[3mname[0m[2m=[0mk#99f25ef6..[1m}[0m[2m:[0m [2mconsensus_core::commit_observer[0m[2m:[0m [2mconsensus/core/src/commit_observer.rs[0m[2m:[0m[2m173:[0m Consensus commit C90(O8Yt) with leader B97(B,Ifh4) has 3 blocks
[2m2025-03-25T07:55:24.353557Z[0m [32m INFO[0m [1mnode[0m[1m{[0m[3mname[0m[2m=[0mk#addeef94..[1m}[0m[2m:[0m [2mconsensus_core::commit_observer[0m[2m:[0m [2mconsensus/core/src/commit_observer.rs[0m[2m:[0m[2m173:[0m Consensus commit C90(O8Yt) with leader B97(B,Ifh4) has 3 blocks
[2m2025-03-25T07:55:24.353569Z[0m [32m INFO[0m [1mnode[0m[1m{[0m[3mname[0m[2m=[0mk#99f25ef6..[1m}[0m[2m:[0m [2msui_core::consensus_handler[0m[2m:[0m [2mcrates/sui-core/src/consensus_handler.rs[0m[2m:[0m[2m232:[0m Received consensus output [3mconsensus_commit[0m[2m=[0mCommittedSubDag(leader=B97(B,Ifh4), ref=C90(O8Yt), blocks=[GSUX, RcNk, Ifh4]) [3mepoch[0m[2m=[0m1
[2m2025-03-25T07:55:24.353627Z[0m [32m INFO[0m [1mnode[0m[1m{[0m[3mname[0m[2m=[0mk#addeef94..[1m}[0m[2m:[0m [2msui_core::consensus_handler[0m[2m:[0m [2mcrates/sui-core/src/consensus_handler.rs[0m[2m:[0m[2m232:[0m Received consensus output [3mconsensus_commit[0m[2m=[0mCommittedSubDag(leader=B97(B,Ifh4), ref=C90(O8Yt), blocks=[GSUX, RcNk, Ifh4]) [3mepoch[0m[2m=[0m1
[2m2025-03-25T07:55:24.353655Z[0m [32m INFO[0m [1mnode[0m[1m{[0m[3mname[0m[2m=[0mk#8dcff6d1..[1m}[0m[2m:[0m [2msui_core::consensus_handler[0m[2m:[0m [2mcrates/sui-core/src/consensus_handler.rs[0m[2m:[0m[2m232:[0m Received consensus output [3mconsensus_commit[0m[2m=[0mCommittedSubDag(leader=B97(B,Ifh4), ref=C90(O8Yt), blocks=[GSUX, RcNk, Ifh4]) [3mepoch[0m[2m=[0m1
[2m2025-03-25T07:55:24.380044Z[0m [32m INFO[0m [1mnode[0m[1m{[0m[3mname[0m[2m=[0mk#addeef94..[1m}[0m[2m:[0m [2msui_core::checkpoints[0m[2m:[0m [2mcrates/sui-core/src/checkpoints/mod.rs[0m[2m:[0m[2m1326:[0m Creating checkpoint(s) for 2 transactions [3mnext_checkpoint_seq[0m[2m=[0m303 [3mcheckpoint_timestamp[0m[2m=[0m1742889323839
[2m2025-03-25T07:55:24.380046Z[0m [32m INFO[0m [1mnode[0m[1m{[0m[3mname[0m[2m=[0mk#99f25ef6..[1m}[0m[2m:[0m [2msui_core::checkpoints[0m[2m:[0m [2mcrates/sui-core/src/checkpoints/mod.rs[0m[2m:[0m[2m1326:[0m Creating checkpoint(s) for 2 transactions [3mnext_checkpoint_seq[0m[2m=[0m303 [3mcheckpoint_timestamp[0m[2m=[0m1742889323839
[2m2025-03-25T07:55:24.380046Z[0m [32m INFO[0m [1mnode[0m[1m{[0m[3mname[0m[2m=[0mk#8dcff6d1..[1m}[0m[2m:[0m [2msui_core::checkpoints[0m[2m:[0m [2mcrates/sui-core/src/checkpoints/mod.rs[0m[2m:[0m[2m1326:[0m Creating checkpoint(s) for 2 transactions [3mnext_checkpoint_seq[0m[2m=[0m303 [3mcheckpoint_timestamp[0m[2m=[0m1742889323839
[2m2025-03-25T07:55:24.380358Z[0m [32m INFO[0m [1mnode[0m[1m{[0m[3mname[0m[2m=[0mk#8dcff6d1..[1m}[0m[2m:[0m [2msui_core::checkpoints::checkpoint_output[0m[2m:[0m [2mcrates/sui-core/src/checkpoints/checkpoint_output.rs[0m[2m:[0m[2m149:[0m Creating checkpoint CheckpointDigest(qmJFk5uqdcn3wTwLJRWwJZGojkbEB4hepEptsvzj2ZK) at epoch 1, sequence 303, previous digest Some(CheckpointDigest(FEP7mrYA1ehZPnh326WWsHHQoicqe79PNPf4BZG35bXd)), transactions count 2, content digest CheckpointContentsDigest(DDm1p7ximFK8ghdfCVEmCfKyG75M4Zb4x9t4TwDpoHM4), end_of_epoch_data None
[2m2025-03-25T07:55:24.380358Z[0m [32m INFO[0m [1mnode[0m[1m{[0m[3mname[0m[2m=[0mk#99f25ef6..[1m}[0m[2m:[0m [2msui_core::checkpoints::checkpoint_output[0m[2m:[0m [2mcrates/sui-core/src/checkpoints/checkpoint_output.rs[0m[2m:[0m[2m149:[0m Creating checkpoint CheckpointDigest(qmJFk5uqdcn3wTwLJRWwJZGojkbEB4hepEptsvzj2ZK) at epoch 1, sequence 303, previous digest Some(CheckpointDigest(FEP7mrYA1ehZPnh326WWsHHQoicqe79PNPf4BZG35bXd)), transactions count 2, content digest CheckpointContentsDigest(DDm1p7ximFK8ghdfCVEmCfKyG75M4Zb4x9t4TwDpoHM4), end_of_epoch_data None
[2m2025-03-25T07:55:24.380358Z[0m [32m INFO[0m [1mnode[0m[1m{[0m[3mname[0m[2m=[0mk#addeef94..[1m}[0m[2m:[0m [2msui_core::checkpoints::checkpoint_output[0m[2m:[0m [2mcrates/sui-core/src/checkpoints/checkpoint_output.rs[0m[2m:[0m[2m149:[0m Creating checkpoint CheckpointDigest(qmJFk5uqdcn3wTwLJRWwJZGojkbEB4hepEptsvzj2ZK) at epoch 1, sequence 303, previous digest Some(CheckpointDigest(FEP7mrYA1ehZPnh326WWsHHQoicqe79PNPf4BZG35bXd)), transactions count 2, content digest CheckpointContentsDigest(DDm1p7ximFK8ghdfCVEmCfKyG75M4Zb4x9t4TwDpoHM4), end_of_epoch_data None
[2m2025-03-25T07:55:24.383353Z[0m [32m INFO[0m [1mnode[0m[1m{[0m[3mname[0m[2m=[0mk#8dcff6d1..[1m}[0m[2m:[0m [2msui_core::checkpoints::checkpoint_output[0m[2m:[0m [2mcrates/sui-core/src/checkpoints/checkpoint_output.rs[0m[2m:[0m[2m196:[0m Certified checkpoint with sequence 302 and digest FEP7mrYA1ehZPnh326WWsHHQoicqe79PNPf4BZG35bXd
[2m2025-03-25T07:55:24.383359Z[0m [32m INFO[0m [1mnode[0m[1m{[0m[3mname[0m[2m=[0mk#99f25ef6..[1m}[0m[2m:[0m [2msui_core::checkpoints::checkpoint_output[0m[2m:[0m [2mcrates/sui-core/src/checkpoints/checkpoint_output.rs[0m[2m:[0m[2m196:[0m Certified checkpoint with sequence 302 and digest FEP7mrYA1ehZPnh326WWsHHQoicqe79PNPf4BZG35bXd
[2m2025-03-25T07:55:24.383773Z[0m [32m INFO[0m [1mnode[0m[1m{[0m[3mname[0m[2m=[0mk#8dcff6d1..[1m}[0m[2m:[0m [2msui_core::checkpoints::checkpoint_executor[0m[2m:[0m [2mcrates/sui-core/src/checkpoints/checkpoint_executor/mod.rs[0m[2m:[0m[2m332:[0m Received checkpoint summary from state sync [3msequence_number[0m[2m=[0m302
[2m2025-03-25T07:55:24.383773Z[0m [32m INFO[0m [1mnode[0m[1m{[0m[3mname[0m[2m=[0mk#99f25ef6..[1m}[0m[2m:[0m [2msui_core::checkpoints::checkpoint_executor[0m[2m:[0m [2mcrates/sui-core/src/checkpoints/checkpoint_executor/mod.rs[0m[2m:[0m[2m332:[0m Received checkpoint summary from state sync [3msequence_number[0m[2m=[0m302
[2m2025-03-25T07:55:24.384909Z[0m [32m INFO[0m [1mnode[0m[1m{[0m[3mname[0m[2m=[0mk#99f25ef6..[1m}[0m[2m:[0m [2msui_core::state_accumulator[0m[2m:[0m [2mcrates/sui-core/src/state_accumulator.rs[0m[2m:[0m[2m675:[0m accumulating running root for checkpoint 302
[2m2025-03-25T07:55:24.384909Z[0m [32m INFO[0m [1mnode[0m[1m{[0m[3mname[0m[2m=[0mk#8dcff6d1..[1m}[0m[2m:[0m [2msui_core::state_accumulator[0m[2m:[0m [2mcrates/sui-core/src/state_accumulator.rs[0m[2m:[0m[2m675:[0m accumulating running root for checkpoint 302
[2m2025-03-25T07:55:24.387046Z[0m [32m INFO[0m [1mnode[0m[1m{[0m[3mname[0m[2m=[0mk#addeef94..[1m}[0m[2m:[0m [2msui_core::checkpoints::checkpoint_executor[0m[2m:[0m [2mcrates/sui-core/src/checkpoints/checkpoint_executor/mod.rs[0m[2m:[0m[2m332:[0m Received checkpoint summary from state sync [3msequence_number[0m[2m=[0m302
[2m2025-03-25T07:55:24.387755Z[0m [32m INFO[0m [1mnode[0m[1m{[0m[3mname[0m[2m=[0mk#addeef94..[1m}[0m[2m:[0m [2msui_core::state_accumulator[0m[2m:[0m [2mcrates/sui-core/src/state_accumulator.rs[0m[2m:[0m[2m675:[0m accumulating running root for checkpoint 302
[2m2025-03-25T07:55:24.426950Z[0m [32m INFO[0m [1mnode[0m[1m{[0m[3mname[0m[2m=[0mk#b3f3cbb4..[1m}[0m[2m:[0m [2msui_core::state_accumulator[0m[2m:[0m [2mcrates/sui-core/src/state_accumulator.rs[0m[2m:[0m[2m675:[0m accumulating running root for checkpoint 301
add_auth_key tx_response is SuiTransactionBlockResponse { digest: TransactionDigest(CBHsM5DL1H5Mh9fZ7fZ2VFoQ95MD7bVDFv3SRnhnkpCc), transaction: None, raw_transaction: [], effects: Some(V1(SuiTransactionBlockEffectsV1 { status: Success, executed_epoch: 1, gas_used: SuiGasCostSummary { computation_cost: 100000, storage_cost: 22359200, storage_rebate: 20089080, non_refundable_storage_fee: 202920 }, modified_at_versions: [SuiTransactionBlockEffectsModifiedAtVersions { object_id: 0x00000000000000000000000000000000000000000000000000000000000000c9, sequence_number: SequenceNumber(113) }, SuiTransactionBlockEffectsModifiedAtVersions { object_id: 0x033466314605b84c6ca70fb5e84f9a92330d583342208686318c405575051de7, sequence_number: SequenceNumber(113) }, SuiTransactionBlockEffectsModifiedAtVersions { object_id: 0x059c5b653da3f627ad85b7947a1634ad3055f81b24125b7d9b23178b0146bfc6, sequence_number: SequenceNumber(113) }, SuiTransactionBlockEffectsModifiedAtVersions { object_id: 0x26b1572ce4c464d4497f44be111553a20c7cb6120876cfae8a114a6f02416e07, sequence_number: SequenceNumber(113) }], shared_objects: [SuiObjectRef { object_id: 0x00000000000000000000000000000000000000000000000000000000000000c9, version: SequenceNumber(113), digest: o#H4w8BWosbUwj48svTG8CEP7LWVghQzcw6tYYU8hegsgk }], transaction_digest: TransactionDigest(CBHsM5DL1H5Mh9fZ7fZ2VFoQ95MD7bVDFv3SRnhnkpCc), created: [OwnedObjectRef { owner: AddressOwner(0x4ff42dd92612b14f109397416c3e5d362aee65d7d3459db1b80164f1f84a59c3), reference: SuiObjectRef { object_id: 0xd7d7820b1d5a3802a2c50420aa60d9072814fcfac9e333ae55536bce5ecc4924, version: SequenceNumber(114), digest: o#G6tFPuFyAAWMEecgda16xEPfTgTnxE2mborPfAPjqm3W } }], mutated: [OwnedObjectRef { owner: Shared { initial_shared_version: SequenceNumber(1) }, reference: SuiObjectRef { object_id: 0x00000000000000000000000000000000000000000000000000000000000000c9, version: SequenceNumber(114), digest: o#G6bT5CjM5nqD6MUk4gsWh1znE46b4ecvqffJXomq7pxo } }, OwnedObjectRef { owner: AddressOwner(0x4ff42dd92612b14f109397416c3e5d362aee65d7d3459db1b80164f1f84a59c3), reference: SuiObjectRef { object_id: 0x033466314605b84c6ca70fb5e84f9a92330d583342208686318c405575051de7, version: SequenceNumber(114), digest: o#7F4qFH4VTT8eAbU841nG43BUd1VMHrj967HnMvfRsnLi } }, OwnedObjectRef { owner: AddressOwner(0x4ff42dd92612b14f109397416c3e5d362aee65d7d3459db1b80164f1f84a59c3), reference: SuiObjectRef { object_id: 0x059c5b653da3f627ad85b7947a1634ad3055f81b24125b7d9b23178b0146bfc6, version: SequenceNumber(114), digest: o#2vwuYkEDZfDfJzSrnBRbwcupbzGN7wBVXMLdvX9KHs5g } }, OwnedObjectRef { owner: ObjectOwner(0x00000000000000000000000000000000000000000000000000000000000000c9), reference: SuiObjectRef { object_id: 0x26b1572ce4c464d4497f44be111553a20c7cb6120876cfae8a114a6f02416e07, version: SequenceNumber(114), digest: o#c9hyekNRbrH62ucdoJfnbYwavciLt7TiKoNbM69TXwV } }], unwrapped: [], deleted: [], unwrapped_then_deleted: [], wrapped: [], gas_object: OwnedObjectRef { owner: AddressOwner(0x4ff42dd92612b14f109397416c3e5d362aee65d7d3459db1b80164f1f84a59c3), reference: SuiObjectRef { object_id: 0x059c5b653da3f627ad85b7947a1634ad3055f81b24125b7d9b23178b0146bfc6, version: SequenceNumber(114), digest: o#2vwuYkEDZfDfJzSrnBRbwcupbzGN7wBVXMLdvX9KHs5g } }, events_digest: None, dependencies: [TransactionDigest(CWMou58QYwh1dWxtBATREprSiym2qQqZBnmpGXBXzqPQ), TransactionDigest(CZjVMajkjNeXkGbaU9Qh53fY16SGcTTLrfPAMkNjAa2G)] })), events: None, object_changes: None, balance_changes: None, timestamp_ms: None, confirmed_local_execution: Some(true), checkpoint: None, errors: [], raw_effects: [] }
[2m2025-03-25T07:55:24.431253Z[0m [32m INFO[0m [1mnode[0m[1m{[0m[3mname[0m[2m=[0mk#b3f3cbb4..[1m}[0m[2m:[0m [2msui_core::checkpoints::checkpoint_executor[0m[2m:[0m [2mcrates/sui-core/src/checkpoints/checkpoint_executor/mod.rs[0m[2m:[0m[2m332:[0m Received checkpoint summary from state sync [3msequence_number[0m[2m=[0m302
[2m2025-03-25T07:55:24.457010Z[0m [32m INFO[0m [1mnode[0m[1m{[0m[3mname[0m[2m=[0mk#b3f3cbb4..[1m}[0m[2m:[0m [2msui_core::state_accumulator[0m[2m:[0m [2mcrates/sui-core/src/state_accumulator.rs[0m[2m:[0m[2m675:[0m accumulating running root for checkpoint 302
[2m2025-03-25T07:55:24.605137Z[0m [32m INFO[0m [1mnode[0m[1m{[0m[3mname[0m[2m=[0mk#addeef94..[1m}[0m[2m:[0m [2mconsensus_core::core[0m[2m:[0m [2mconsensus/core/src/core.rs[0m[2m:[0m[2m945:[0m Included 3 ancestors & excluded 0 ancestors for proposal in round 100
[2m2025-03-25T07:55:24.605137Z[0m [32m INFO[0m [1mnode[0m[1m{[0m[3mname[0m[2m=[0mk#99f25ef6..[1m}[0m[2m:[0m [2mconsensus_core::core[0m[2m:[0m [2mconsensus/core/src/core.rs[0m[2m:[0m[2m945:[0m Included 3 ancestors & excluded 0 ancestors for proposal in round 100
[2m2025-03-25T07:55:24.605917Z[0m [32m INFO[0m [1mnode[0m[1m{[0m[3mname[0m[2m=[0mk#addeef94..[1m}[0m[2m:[0m [2mconsensus_core::core[0m[2m:[0m [2mconsensus/core/src/core.rs[0m[2m:[0m[2m531:[0m Created block B100(C,9/3xgkuDCXju2z65jDNVIn4/YJBnMgwWSczp2uxJeYg=)(1742889324605ms;[B99(C,apY9ARL9nDO+RJrq2KDbCBrplpo6fx7FYKHQHOYy7HY=), B99(A,CRoiHwnSzdH5Fu18FFt1jpuxcPDgG2qrTRc78Cwo1Zc=), B99(B,ux2x0zQdYjWf6QrFMoAulH1SnvwDrxSKOFSiG4kAA58=)];1t;1c) for round 100
[2m2025-03-25T07:55:24.605916Z[0m [32m INFO[0m [1mnode[0m[1m{[0m[3mname[0m[2m=[0mk#99f25ef6..[1m}[0m[2m:[0m [2mconsensus_core::core[0m[2m:[0m [2mconsensus/core/src/core.rs[0m[2m:[0m[2m531:[0m Created block B100(B,LAZnHsac+C7dPNWOGq1yeDmmk5dfERX2nCc2Yw1wnqc=)(1742889324605ms;[B99(B,ux2x0zQdYjWf6QrFMoAulH1SnvwDrxSKOFSiG4kAA58=), B99(A,CRoiHwnSzdH5Fu18FFt1jpuxcPDgG2qrTRc78Cwo1Zc=), B99(C,apY9ARL9nDO+RJrq2KDbCBrplpo6fx7FYKHQHOYy7HY=)];1t;1c) for round 100
[2m2025-03-25T07:55:24.606398Z[0m [32m INFO[0m [1mnode[0m[1m{[0m[3mname[0m[2m=[0mk#8dcff6d1..[1m}[0m[2m:[0m [2mconsensus_core::core[0m[2m:[0m [2mconsensus/core/src/core.rs[0m[2m:[0m[2m945:[0m Included 3 ancestors & excluded 0 ancestors for proposal in round 100
[2m2025-03-25T07:55:24.607067Z[0m [32m INFO[0m [1mnode[0m[1m{[0m[3mname[0m[2m=[0mk#8dcff6d1..[1m}[0m[2m:[0m [2mconsensus_core::core[0m[2m:[0m [2mconsensus/core/src/core.rs[0m[2m:[0m[2m531:[0m Created block B100(A,oPpWHZyiimKv7+yadkMCSpFQbpC5QFNcRXTBu7vlt6c=)(1742889324606ms;[B99(A,CRoiHwnSzdH5Fu18FFt1jpuxcPDgG2qrTRc78Cwo1Zc=), B99(B,ux2x0zQdYjWf6QrFMoAulH1SnvwDrxSKOFSiG4kAA58=), B99(C,apY9ARL9nDO+RJrq2KDbCBrplpo6fx7FYKHQHOYy7HY=)];1t;1c) for round 100
[2m2025-03-25T07:55:24.609852Z[0m [32m INFO[0m [1mnode[0m[1m{[0m[3mname[0m[2m=[0mk#99f25ef6..[1m}[0m[2m:[0m [2mconsensus_core::core[0m[2m:[0m [2mconsensus/core/src/core.rs[0m[2m:[0m[2m630:[0m Committing 1 leaders: B98(A,Tv/P)
[2m2025-03-25T07:55:24.609977Z[0m [32m INFO[0m [1mnode[0m[1m{[0m[3mname[0m[2m=[0mk#addeef94..[1m}[0m[2m:[0m [2mconsensus_core::core[0m[2m:[0m [2mconsensus/core/src/core.rs[0m[2m:[0m[2m630:[0m Committing 1 leaders: B98(A,Tv/P)
[2m2025-03-25T07:55:24.610052Z[0m [32m INFO[0m [1mnode[0m[1m{[0m[3mname[0m[2m=[0mk#99f25ef6..[1m}[0m[2m:[0m [2mconsensus_core::commit_observer[0m[2m:[0m [2mconsensus/core/src/commit_observer.rs[0m[2m:[0m[2m173:[0m Consensus commit C91(W3CU) with leader B98(A,Tv/P) has 2 blocks
[2m2025-03-25T07:55:24.610163Z[0m [32m INFO[0m [1mnode[0m[1m{[0m[3mname[0m[2m=[0mk#addeef94..[1m}[0m[2m:[0m [2mconsensus_core::commit_observer[0m[2m:[0m [2mconsensus/core/src/commit_observer.rs[0m[2m:[0m[2m173:[0m Consensus commit C91(W3CU) with leader B98(A,Tv/P) has 2 blocks
[2m2025-03-25T07:55:24.610216Z[0m [32m INFO[0m [1mnode[0m[1m{[0m[3mname[0m[2m=[0mk#99f25ef6..[1m}[0m[2m:[0m [2msui_core::consensus_handler[0m[2m:[0m [2mcrates/sui-core/src/consensus_handler.rs[0m[2m:[0m[2m232:[0m Received consensus output [3mconsensus_commit[0m[2m=[0mCommittedSubDag(leader=B98(A,Tv/P), ref=C91(W3CU), blocks=[AbqH, Tv/P]) [3mepoch[0m[2m=[0m1
[2m2025-03-25T07:55:24.610313Z[0m [32m INFO[0m [1mnode[0m[1m{[0m[3mname[0m[2m=[0mk#addeef94..[1m}[0m[2m:[0m [2msui_core::consensus_handler[0m[2m:[0m [2mcrates/sui-core/src/consensus_handler.rs[0m[2m:[0m[2m232:[0m Received consensus output [3mconsensus_commit[0m[2m=[0mCommittedSubDag(leader=B98(A,Tv/P), ref=C91(W3CU), blocks=[AbqH, Tv/P]) [3mepoch[0m[2m=[0m1
[2m2025-03-25T07:55:24.614798Z[0m [32m INFO[0m [1mnode[0m[1m{[0m[3mname[0m[2m=[0mk#8dcff6d1..[1m}[0m[2m:[0m [2msui_core::checkpoints::checkpoint_output[0m[2m:[0m [2mcrates/sui-core/src/checkpoints/checkpoint_output.rs[0m[2m:[0m[2m196:[0m Certified checkpoint with sequence 303 and digest qmJFk5uqdcn3wTwLJRWwJZGojkbEB4hepEptsvzj2ZK
[2m2025-03-25T07:55:24.615195Z[0m [32m INFO[0m [1mnode[0m[1m{[0m[3mname[0m[2m=[0mk#8dcff6d1..[1m}[0m[2m:[0m [2mconsensus_core::core[0m[2m:[0m [2mconsensus/core/src/core.rs[0m[2m:[0m[2m630:[0m Committing 1 leaders: B98(A,Tv/P)
[2m2025-03-25T07:55:24.615372Z[0m [32m INFO[0m [1mnode[0m[1m{[0m[3mname[0m[2m=[0mk#8dcff6d1..[1m}[0m[2m:[0m [2mconsensus_core::commit_observer[0m[2m:[0m [2mconsensus/core/src/commit_observer.rs[0m[2m:[0m[2m173:[0m Consensus commit C91(W3CU) with leader B98(A,Tv/P) has 2 blocks
[2m2025-03-25T07:55:24.616105Z[0m [32m INFO[0m [1mnode[0m[1m{[0m[3mname[0m[2m=[0mk#8dcff6d1..[1m}[0m[2m:[0m [2msui_core::consensus_handler[0m[2m:[0m [2mcrates/sui-core/src/consensus_handler.rs[0m[2m:[0m[2m232:[0m Received consensus output [3mconsensus_commit[0m[2m=[0mCommittedSubDag(leader=B98(A,Tv/P), ref=C91(W3CU), blocks=[AbqH, Tv/P]) [3mepoch[0m[2m=[0m1
[2m2025-03-25T07:55:24.617131Z[0m [32m INFO[0m [1mnode[0m[1m{[0m[3mname[0m[2m=[0mk#8dcff6d1..[1m}[0m[2m:[0m [2msui_core::checkpoints::checkpoint_executor[0m[2m:[0m [2mcrates/sui-core/src/checkpoints/checkpoint_executor/mod.rs[0m[2m:[0m[2m332:[0m Received checkpoint summary from state sync [3msequence_number[0m[2m=[0m303
[2m2025-03-25T07:55:24.637235Z[0m [32m INFO[0m [1mnode[0m[1m{[0m[3mname[0m[2m=[0mk#8dcff6d1..[1m}[0m[2m:[0m [2msui_core::state_accumulator[0m[2m:[0m [2mcrates/sui-core/src/state_accumulator.rs[0m[2m:[0m[2m675:[0m accumulating running root for checkpoint 303
[2m2025-03-25T07:55:24.668485Z[0m [32m INFO[0m [1mnode[0m[1m{[0m[3mname[0m[2m=[0mk#addeef94..[1m}[0m[2m:[0m [2msui_core::checkpoints[0m[2m:[0m [2mcrates/sui-core/src/checkpoints/mod.rs[0m[2m:[0m[2m1326:[0m Creating checkpoint(s) for 1 transactions [3mnext_checkpoint_seq[0m[2m=[0m304 [3mcheckpoint_timestamp[0m[2m=[0m1742889324099
[2m2025-03-25T07:55:24.668485Z[0m [32m INFO[0m [1mnode[0m[1m{[0m[3mname[0m[2m=[0mk#99f25ef6..[1m}[0m[2m:[0m [2msui_core::checkpoints[0m[2m:[0m [2mcrates/sui-core/src/checkpoints/mod.rs[0m[2m:[0m[2m1326:[0m Creating checkpoint(s) for 1 transactions [3mnext_checkpoint_seq[0m[2m=[0m304 [3mcheckpoint_timestamp[0m[2m=[0m1742889324099
[2m2025-03-25T07:55:24.668715Z[0m [32m INFO[0m [1mnode[0m[1m{[0m[3mname[0m[2m=[0mk#addeef94..[1m}[0m[2m:[0m [2msui_core::checkpoints::checkpoint_output[0m[2m:[0m [2mcrates/sui-core/src/checkpoints/checkpoint_output.rs[0m[2m:[0m[2m149:[0m Creating checkpoint CheckpointDigest(9hD6yKjLKcEiiWS6iwGcTwgoNWEFKJVsRSF5eH3iXYFq) at epoch 1, sequence 304, previous digest Some(CheckpointDigest(qmJFk5uqdcn3wTwLJRWwJZGojkbEB4hepEptsvzj2ZK)), transactions count 1, content digest CheckpointContentsDigest(2NxHdawZmrBpHoBVXgoGitwYWT7tY3evqFAqaT6MUwQk), end_of_epoch_data None
[2m2025-03-25T07:55:24.668715Z[0m [32m INFO[0m [1mnode[0m[1m{[0m[3mname[0m[2m=[0mk#99f25ef6..[1m}[0m[2m:[0m [2msui_core::checkpoints::checkpoint_output[0m[2m:[0m [2mcrates/sui-core/src/checkpoints/checkpoint_output.rs[0m[2m:[0m[2m149:[0m Creating checkpoint CheckpointDigest(9hD6yKjLKcEiiWS6iwGcTwgoNWEFKJVsRSF5eH3iXYFq) at epoch 1, sequence 304, previous digest Some(CheckpointDigest(qmJFk5uqdcn3wTwLJRWwJZGojkbEB4hepEptsvzj2ZK)), transactions count 1, content digest CheckpointContentsDigest(2NxHdawZmrBpHoBVXgoGitwYWT7tY3evqFAqaT6MUwQk), end_of_epoch_data None
[2m2025-03-25T07:55:24.671831Z[0m [32m INFO[0m [1mnode[0m[1m{[0m[3mname[0m[2m=[0mk#99f25ef6..[1m}[0m[2m:[0m [2msui_core::checkpoints::checkpoint_output[0m[2m:[0m [2mcrates/sui-core/src/checkpoints/checkpoint_output.rs[0m[2m:[0m[2m196:[0m Certified checkpoint with sequence 303 and digest qmJFk5uqdcn3wTwLJRWwJZGojkbEB4hepEptsvzj2ZK
[2m2025-03-25T07:55:24.671928Z[0m [32m INFO[0m [1mnode[0m[1m{[0m[3mname[0m[2m=[0mk#8dcff6d1..[1m}[0m[2m:[0m [2msui_core::checkpoints[0m[2m:[0m [2mcrates/sui-core/src/checkpoints/mod.rs[0m[2m:[0m[2m1326:[0m Creating checkpoint(s) for 1 transactions [3mnext_checkpoint_seq[0m[2m=[0m304 [3mcheckpoint_timestamp[0m[2m=[0m1742889324099
[2m2025-03-25T07:55:24.672099Z[0m [32m INFO[0m [1mnode[0m[1m{[0m[3mname[0m[2m=[0mk#8dcff6d1..[1m}[0m[2m:[0m [2msui_core::checkpoints::checkpoint_output[0m[2m:[0m [2mcrates/sui-core/src/checkpoints/checkpoint_output.rs[0m[2m:[0m[2m149:[0m Creating checkpoint CheckpointDigest(9hD6yKjLKcEiiWS6iwGcTwgoNWEFKJVsRSF5eH3iXYFq) at epoch 1, sequence 304, previous digest Some(CheckpointDigest(qmJFk5uqdcn3wTwLJRWwJZGojkbEB4hepEptsvzj2ZK)), transactions count 1, content digest CheckpointContentsDigest(2NxHdawZmrBpHoBVXgoGitwYWT7tY3evqFAqaT6MUwQk), end_of_epoch_data None
[2m2025-03-25T07:55:24.675078Z[0m [32m INFO[0m [1mnode[0m[1m{[0m[3mname[0m[2m=[0mk#99f25ef6..[1m}[0m[2m:[0m [2msui_core::checkpoints::checkpoint_executor[0m[2m:[0m [2mcrates/sui-core/src/checkpoints/checkpoint_executor/mod.rs[0m[2m:[0m[2m332:[0m Received checkpoint summary from state sync [3msequence_number[0m[2m=[0m303
[2m2025-03-25T07:55:24.693220Z[0m [32m INFO[0m [1mnode[0m[1m{[0m[3mname[0m[2m=[0mk#99f25ef6..[1m}[0m[2m:[0m [2msui_core::state_accumulator[0m[2m:[0m [2mcrates/sui-core/src/state_accumulator.rs[0m[2m:[0m[2m675:[0m accumulating running root for checkpoint 303
[2m2025-03-25T07:55:24.693943Z[0m [32m INFO[0m [1mnode[0m[1m{[0m[3mname[0m[2m=[0mk#b3f3cbb4..[1m}[0m[2m:[0m [2msui_core::checkpoints::checkpoint_executor[0m[2m:[0m [2mcrates/sui-core/src/checkpoints/checkpoint_executor/mod.rs[0m[2m:[0m[2m332:[0m Received checkpoint summary from state sync [3msequence_number[0m[2m=[0m303
[2m2025-03-25T07:55:24.737580Z[0m [32m INFO[0m [1mnode[0m[1m{[0m[3mname[0m[2m=[0mk#addeef94..[1m}[0m[2m:[0m [2msui_core::checkpoints::checkpoint_executor[0m[2m:[0m [2mcrates/sui-core/src/checkpoints/checkpoint_executor/mod.rs[0m[2m:[0m[2m332:[0m Received checkpoint summary from state sync [3msequence_number[0m[2m=[0m303
[2m2025-03-25T07:55:24.738981Z[0m [32m INFO[0m [1mnode[0m[1m{[0m[3mname[0m[2m=[0mk#addeef94..[1m}[0m[2m:[0m [2msui_core::state_accumulator[0m[2m:[0m [2mcrates/sui-core/src/state_accumulator.rs[0m[2m:[0m[2m675:[0m accumulating running root for checkpoint 303
[2m2025-03-25T07:55:24.783847Z[0m [32m INFO[0m [1mnode[0m[1m{[0m[3mname[0m[2m=[0mk#b3f3cbb4..[1m}[0m[2m:[0m [2msui_core::state_accumulator[0m[2m:[0m [2mcrates/sui-core/src/state_accumulator.rs[0m[2m:[0m[2m675:[0m accumulating running root for checkpoint 303
[2m2025-03-25T07:55:24.862463Z[0m [32m INFO[0m [1mnode[0m[1m{[0m[3mname[0m[2m=[0mk#addeef94..[1m}[0m[2m:[0m [2mconsensus_core::core[0m[2m:[0m [2mconsensus/core/src/core.rs[0m[2m:[0m[2m945:[0m Included 3 ancestors & excluded 0 ancestors for proposal in round 101
[2m2025-03-25T07:55:24.862463Z[0m [32m INFO[0m [1mnode[0m[1m{[0m[3mname[0m[2m=[0mk#99f25ef6..[1m}[0m[2m:[0m [2mconsensus_core::core[0m[2m:[0m [2mconsensus/core/src/core.rs[0m[2m:[0m[2m945:[0m Included 3 ancestors & excluded 0 ancestors for proposal in round 101
[2m2025-03-25T07:55:24.862961Z[0m [32m INFO[0m [1mnode[0m[1m{[0m[3mname[0m[2m=[0mk#addeef94..[1m}[0m[2m:[0m [2mconsensus_core::core[0m[2m:[0m [2mconsensus/core/src/core.rs[0m[2m:[0m[2m531:[0m Created block B101(C,4clVWo04tq2fXs87ha+B86cAO2BwOMoeSzVu/UJPrHA=)(1742889324862ms;[B100(C,9/3xgkuDCXju2z65jDNVIn4/YJBnMgwWSczp2uxJeYg=), B100(A,oPpWHZyiimKv7+yadkMCSpFQbpC5QFNcRXTBu7vlt6c=), B100(B,LAZnHsac+C7dPNWOGq1yeDmmk5dfERX2nCc2Yw1wnqc=)];1t;1c) for round 101
[2m2025-03-25T07:55:24.862961Z[0m [32m INFO[0m [1mnode[0m[1m{[0m[3mname[0m[2m=[0mk#99f25ef6..[1m}[0m[2m:[0m [2mconsensus_core::core[0m[2m:[0m [2mconsensus/core/src/core.rs[0m[2m:[0m[2m531:[0m Created block B101(B,yAOKMoyJTDSVYNuX5xUAi8QjxMtU38JCnCCV1bC1VUM=)(1742889324862ms;[B100(B,LAZnHsac+C7dPNWOGq1yeDmmk5dfERX2nCc2Yw1wnqc=), B100(A,oPpWHZyiimKv7+yadkMCSpFQbpC5QFNcRXTBu7vlt6c=), B100(C,9/3xgkuDCXju2z65jDNVIn4/YJBnMgwWSczp2uxJeYg=)];1t;1c) for round 101
[2m2025-03-25T07:55:24.865388Z[0m [32m INFO[0m [1mnode[0m[1m{[0m[3mname[0m[2m=[0mk#99f25ef6..[1m}[0m[2m:[0m [2mconsensus_core::core[0m[2m:[0m [2mconsensus/core/src/core.rs[0m[2m:[0m[2m630:[0m Committing 1 leaders: B99(A,CRoi)
[2m2025-03-25T07:55:24.865448Z[0m [32m INFO[0m [1mnode[0m[1m{[0m[3mname[0m[2m=[0mk#addeef94..[1m}[0m[2m:[0m [2mconsensus_core::core[0m[2m:[0m [2mconsensus/core/src/core.rs[0m[2m:[0m[2m630:[0m Committing 1 leaders: B99(A,CRoi)
[2m2025-03-25T07:55:24.865515Z[0m [32m INFO[0m [1mnode[0m[1m{[0m[3mname[0m[2m=[0mk#99f25ef6..[1m}[0m[2m:[0m [2mconsensus_core::commit_observer[0m[2m:[0m [2mconsensus/core/src/commit_observer.rs[0m[2m:[0m[2m173:[0m Consensus commit C92(P1i6) with leader B99(A,CRoi) has 3 blocks
[2m2025-03-25T07:55:24.865557Z[0m [32m INFO[0m [1mnode[0m[1m{[0m[3mname[0m[2m=[0mk#addeef94..[1m}[0m[2m:[0m [2mconsensus_core::commit_observer[0m[2m:[0m [2mconsensus/core/src/commit_observer.rs[0m[2m:[0m[2m173:[0m Consensus commit C92(P1i6) with leader B99(A,CRoi) has 3 blocks
[2m2025-03-25T07:55:24.865635Z[0m [32m INFO[0m [1mnode[0m[1m{[0m[3mname[0m[2m=[0mk#99f25ef6..[1m}[0m[2m:[0m [2msui_core::consensus_handler[0m[2m:[0m [2mcrates/sui-core/src/consensus_handler.rs[0m[2m:[0m[2m232:[0m Received consensus output [3mconsensus_commit[0m[2m=[0mCommittedSubDag(leader=B99(A,CRoi), ref=C92(P1i6), blocks=[1EVK, Vi/f, CRoi]) [3mepoch[0m[2m=[0m1
[2m2025-03-25T07:55:24.865645Z[0m [32m INFO[0m [1mnode[0m[1m{[0m[3mname[0m[2m=[0mk#addeef94..[1m}[0m[2m:[0m [2msui_core::consensus_handler[0m[2m:[0m [2mcrates/sui-core/src/consensus_handler.rs[0m[2m:[0m[2m232:[0m Received consensus output [3mconsensus_commit[0m[2m=[0mCommittedSubDag(leader=B99(A,CRoi), ref=C92(P1i6), blocks=[1EVK, Vi/f, CRoi]) [3mepoch[0m[2m=[0m1
[2m2025-03-25T07:55:24.867988Z[0m [32m INFO[0m [1mnode[0m[1m{[0m[3mname[0m[2m=[0mk#8dcff6d1..[1m}[0m[2m:[0m [2msui_core::checkpoints::checkpoint_output[0m[2m:[0m [2mcrates/sui-core/src/checkpoints/checkpoint_output.rs[0m[2m:[0m[2m196:[0m Certified checkpoint with sequence 304 and digest 9hD6yKjLKcEiiWS6iwGcTwgoNWEFKJVsRSF5eH3iXYFq
[2m2025-03-25T07:55:24.868307Z[0m [32m INFO[0m [1mnode[0m[1m{[0m[3mname[0m[2m=[0mk#8dcff6d1..[1m}[0m[2m:[0m [2mconsensus_core::core[0m[2m:[0m [2mconsensus/core/src/core.rs[0m[2m:[0m[2m630:[0m Committing 1 leaders: B99(A,CRoi)
[2m2025-03-25T07:55:24.868449Z[0m [32m INFO[0m [1mnode[0m[1m{[0m[3mname[0m[2m=[0mk#8dcff6d1..[1m}[0m[2m:[0m [2mconsensus_core::commit_observer[0m[2m:[0m [2mconsensus/core/src/commit_observer.rs[0m[2m:[0m[2m173:[0m Consensus commit C92(P1i6) with leader B99(A,CRoi) has 3 blocks
[2m2025-03-25T07:55:24.868943Z[0m [32m INFO[0m [1mnode[0m[1m{[0m[3mname[0m[2m=[0mk#8dcff6d1..[1m}[0m[2m:[0m [2msui_core::consensus_handler[0m[2m:[0m [2mcrates/sui-core/src/consensus_handler.rs[0m[2m:[0m[2m232:[0m Received consensus output [3mconsensus_commit[0m[2m=[0mCommittedSubDag(leader=B99(A,CRoi), ref=C92(P1i6), blocks=[1EVK, Vi/f, CRoi]) [3mepoch[0m[2m=[0m1
[2m2025-03-25T07:55:24.869609Z[0m [32m INFO[0m [1mnode[0m[1m{[0m[3mname[0m[2m=[0mk#8dcff6d1..[1m}[0m[2m:[0m [2msui_core::checkpoints::checkpoint_executor[0m[2m:[0m [2mcrates/sui-core/src/checkpoints/checkpoint_executor/mod.rs[0m[2m:[0m[2m332:[0m Received checkpoint summary from state sync [3msequence_number[0m[2m=[0m304
[2m2025-03-25T07:55:24.871315Z[0m [32m INFO[0m [1mnode[0m[1m{[0m[3mname[0m[2m=[0mk#8dcff6d1..[1m}[0m[2m:[0m [2msui_core::state_accumulator[0m[2m:[0m [2mcrates/sui-core/src/state_accumulator.rs[0m[2m:[0m[2m675:[0m accumulating running root for checkpoint 304
[2m2025-03-25T07:55:24.896010Z[0m [32m INFO[0m [1mnode[0m[1m{[0m[3mname[0m[2m=[0mk#addeef94..[1m}[0m[2m:[0m [2msui_core::checkpoints[0m[2m:[0m [2mcrates/sui-core/src/checkpoints/mod.rs[0m[2m:[0m[2m1326:[0m Creating checkpoint(s) for 2 transactions [3mnext_checkpoint_seq[0m[2m=[0m305 [3mcheckpoint_timestamp[0m[2m=[0m1742889324353
[2m2025-03-25T07:55:24.896011Z[0m [32m INFO[0m [1mnode[0m[1m{[0m[3mname[0m[2m=[0mk#99f25ef6..[1m}[0m[2m:[0m [2msui_core::checkpoints[0m[2m:[0m [2mcrates/sui-core/src/checkpoints/mod.rs[0m[2m:[0m[2m1326:[0m Creating checkpoint(s) for 2 transactions [3mnext_checkpoint_seq[0m[2m=[0m305 [3mcheckpoint_timestamp[0m[2m=[0m1742889324353
[2m2025-03-25T07:55:24.896320Z[0m [32m INFO[0m [1mnode[0m[1m{[0m[3mname[0m[2m=[0mk#addeef94..[1m}[0m[2m:[0m [2msui_core::checkpoints::checkpoint_output[0m[2m:[0m [2mcrates/sui-core/src/checkpoints/checkpoint_output.rs[0m[2m:[0m[2m149:[0m Creating checkpoint CheckpointDigest(BwBsVRdhvaHPmtL8nVNb4gmqZGKAm1YsADsAWGAKoCQn) at epoch 1, sequence 305, previous digest Some(CheckpointDigest(9hD6yKjLKcEiiWS6iwGcTwgoNWEFKJVsRSF5eH3iXYFq)), transactions count 2, content digest CheckpointContentsDigest(HAZTrvgvKdbQ7zyP9QQMQAfzHHiFXhLhVKtySMNzE1MQ), end_of_epoch_data None
[2m2025-03-25T07:55:24.896320Z[0m [32m INFO[0m [1mnode[0m[1m{[0m[3mname[0m[2m=[0mk#99f25ef6..[1m}[0m[2m:[0m [2msui_core::checkpoints::checkpoint_output[0m[2m:[0m [2mcrates/sui-core/src/checkpoints/checkpoint_output.rs[0m[2m:[0m[2m149:[0m Creating checkpoint CheckpointDigest(BwBsVRdhvaHPmtL8nVNb4gmqZGKAm1YsADsAWGAKoCQn) at epoch 1, sequence 305, previous digest Some(CheckpointDigest(9hD6yKjLKcEiiWS6iwGcTwgoNWEFKJVsRSF5eH3iXYFq)), transactions count 2, content digest CheckpointContentsDigest(HAZTrvgvKdbQ7zyP9QQMQAfzHHiFXhLhVKtySMNzE1MQ), end_of_epoch_data None
[2m2025-03-25T07:55:24.898553Z[0m [32m INFO[0m [1mnode[0m[1m{[0m[3mname[0m[2m=[0mk#addeef94..[1m}[0m[2m:[0m [2msui_core::checkpoints::checkpoint_executor[0m[2m:[0m [2mcrates/sui-core/src/checkpoints/checkpoint_executor/mod.rs[0m[2m:[0m[2m332:[0m Received checkpoint summary from state sync [3msequence_number[0m[2m=[0m304
[2m2025-03-25T07:55:24.898716Z[0m [32m INFO[0m [1mnode[0m[1m{[0m[3mname[0m[2m=[0mk#99f25ef6..[1m}[0m[2m:[0m [2msui_core::checkpoints::checkpoint_executor[0m[2m:[0m [2mcrates/sui-core/src/checkpoints/checkpoint_executor/mod.rs[0m[2m:[0m[2m332:[0m Received checkpoint summary from state sync [3msequence_number[0m[2m=[0m301
[2m2025-03-25T07:55:24.898801Z[0m [32m INFO[0m [1mnode[0m[1m{[0m[3mname[0m[2m=[0mk#99f25ef6..[1m}[0m[2m:[0m [2msui_core::checkpoints::checkpoint_executor[0m[2m:[0m [2mcrates/sui-core/src/checkpoints/checkpoint_executor/mod.rs[0m[2m:[0m[2m332:[0m Received checkpoint summary from state sync [3msequence_number[0m[2m=[0m302
[2m2025-03-25T07:55:24.898844Z[0m [32m INFO[0m [1mnode[0m[1m{[0m[3mname[0m[2m=[0mk#99f25ef6..[1m}[0m[2m:[0m [2msui_core::checkpoints::checkpoint_executor[0m[2m:[0m [2mcrates/sui-core/src/checkpoints/checkpoint_executor/mod.rs[0m[2m:[0m[2m332:[0m Received checkpoint summary from state sync [3msequence_number[0m[2m=[0m303
[2m2025-03-25T07:55:24.898884Z[0m [32m INFO[0m [1mnode[0m[1m{[0m[3mname[0m[2m=[0mk#99f25ef6..[1m}[0m[2m:[0m [2msui_core::checkpoints::checkpoint_executor[0m[2m:[0m [2mcrates/sui-core/src/checkpoints/checkpoint_executor/mod.rs[0m[2m:[0m[2m332:[0m Received checkpoint summary from state sync [3msequence_number[0m[2m=[0m304
[2m2025-03-25T07:55:24.899382Z[0m [32m INFO[0m [1mnode[0m[1m{[0m[3mname[0m[2m=[0mk#addeef94..[1m}[0m[2m:[0m [2msui_core::state_accumulator[0m[2m:[0m [2mcrates/sui-core/src/state_accumulator.rs[0m[2m:[0m[2m675:[0m accumulating running root for checkpoint 304
[2m2025-03-25T07:55:24.899411Z[0m [32m INFO[0m [1mnode[0m[1m{[0m[3mname[0m[2m=[0mk#8dcff6d1..[1m}[0m[2m:[0m [2msui_core::checkpoints[0m[2m:[0m [2mcrates/sui-core/src/checkpoints/mod.rs[0m[2m:[0m[2m1326:[0m Creating checkpoint(s) for 2 transactions [3mnext_checkpoint_seq[0m[2m=[0m305 [3mcheckpoint_timestamp[0m[2m=[0m1742889324353
[2m2025-03-25T07:55:24.899556Z[0m [32m INFO[0m [1mnode[0m[1m{[0m[3mname[0m[2m=[0mk#99f25ef6..[1m}[0m[2m:[0m [2msui_core::state_accumulator[0m[2m:[0m [2mcrates/sui-core/src/state_accumulator.rs[0m[2m:[0m[2m675:[0m accumulating running root for checkpoint 304
[2m2025-03-25T07:55:24.899667Z[0m [32m INFO[0m [1mnode[0m[1m{[0m[3mname[0m[2m=[0mk#8dcff6d1..[1m}[0m[2m:[0m [2msui_core::checkpoints::checkpoint_output[0m[2m:[0m [2mcrates/sui-core/src/checkpoints/checkpoint_output.rs[0m[2m:[0m[2m149:[0m Creating checkpoint CheckpointDigest(BwBsVRdhvaHPmtL8nVNb4gmqZGKAm1YsADsAWGAKoCQn) at epoch 1, sequence 305, previous digest Some(CheckpointDigest(9hD6yKjLKcEiiWS6iwGcTwgoNWEFKJVsRSF5eH3iXYFq)), transactions count 2, content digest CheckpointContentsDigest(HAZTrvgvKdbQ7zyP9QQMQAfzHHiFXhLhVKtySMNzE1MQ), end_of_epoch_data None
[2m2025-03-25T07:55:24.901513Z[0m [32m INFO[0m [1mnode[0m[1m{[0m[3mname[0m[2m=[0mk#b3f3cbb4..[1m}[0m[2m:[0m [2msui_core::checkpoints::checkpoint_executor[0m[2m:[0m [2mcrates/sui-core/src/checkpoints/checkpoint_executor/mod.rs[0m[2m:[0m[2m332:[0m Received checkpoint summary from state sync [3msequence_number[0m[2m=[0m304
[2m2025-03-25T07:55:24.927377Z[0m [32m INFO[0m [1mnode[0m[1m{[0m[3mname[0m[2m=[0mk#b3f3cbb4..[1m}[0m[2m:[0m [2msui_core::state_accumulator[0m[2m:[0m [2mcrates/sui-core/src/state_accumulator.rs[0m[2m:[0m[2m675:[0m accumulating running root for checkpoint 304
[2m2025-03-25T07:55:25.117658Z[0m [32m INFO[0m [1mnode[0m[1m{[0m[3mname[0m[2m=[0mk#99f25ef6..[1m}[0m[2m:[0m [2mconsensus_core::core[0m[2m:[0m [2mconsensus/core/src/core.rs[0m[2m:[0m[2m945:[0m Included 2 ancestors & excluded 0 ancestors for proposal in round 102
[2m2025-03-25T07:55:25.117658Z[0m [32m INFO[0m [1mnode[0m[1m{[0m[3mname[0m[2m=[0mk#addeef94..[1m}[0m[2m:[0m [2mconsensus_core::core[0m[2m:[0m [2mconsensus/core/src/core.rs[0m[2m:[0m[2m945:[0m Included 2 ancestors & excluded 0 ancestors for proposal in round 102
[2m2025-03-25T07:55:25.119570Z[0m [32m INFO[0m [1mnode[0m[1m{[0m[3mname[0m[2m=[0mk#addeef94..[1m}[0m[2m:[0m [2mconsensus_core::core[0m[2m:[0m [2mconsensus/core/src/core.rs[0m[2m:[0m[2m531:[0m Created block B102(C,VDd2BaRf2U7btVuOSR2sBwwooen0qiOTY8bEPtr7sIQ=)(1742889325117ms;[B101(C,4clVWo04tq2fXs87ha+B86cAO2BwOMoeSzVu/UJPrHA=), B101(B,yAOKMoyJTDSVYNuX5xUAi8QjxMtU38JCnCCV1bC1VUM=)];1t;1c) for round 102
[2m2025-03-25T07:55:25.119617Z[0m [32m INFO[0m [1mnode[0m[1m{[0m[3mname[0m[2m=[0mk#99f25ef6..[1m}[0m[2m:[0m [2mconsensus_core::core[0m[2m:[0m [2mconsensus/core/src/core.rs[0m[2m:[0m[2m531:[0m Created block B102(B,kdBYxcAp1j7TL8hZ+w6Sx0pmgHmhT0A3HsPm0T/Szj4=)(1742889325117ms;[B101(B,yAOKMoyJTDSVYNuX5xUAi8QjxMtU38JCnCCV1bC1VUM=), B101(C,4clVWo04tq2fXs87ha+B86cAO2BwOMoeSzVu/UJPrHA=)];1t;1c) for round 102
[2m2025-03-25T07:55:25.120591Z[0m [32m INFO[0m [1mnode[0m[1m{[0m[3mname[0m[2m=[0mk#8dcff6d1..[1m}[0m[2m:[0m [2mconsensus_core::core[0m[2m:[0m [2mconsensus/core/src/core.rs[0m[2m:[0m[2m945:[0m Included 3 ancestors & excluded 0 ancestors for proposal in round 102
[2m2025-03-25T07:55:25.122117Z[0m [32m INFO[0m [1mnode[0m[1m{[0m[3mname[0m[2m=[0mk#8dcff6d1..[1m}[0m[2m:[0m [2mconsensus_core::core[0m[2m:[0m [2mconsensus/core/src/core.rs[0m[2m:[0m[2m531:[0m Created block B102(A,3JEG8nLpqlyeDldhEm4vrPNCZikfMHb9HP0HKNxvUUk=)(1742889325120ms;[B100(A,oPpWHZyiimKv7+yadkMCSpFQbpC5QFNcRXTBu7vlt6c=), B101(B,yAOKMoyJTDSVYNuX5xUAi8QjxMtU38JCnCCV1bC1VUM=), B101(C,4clVWo04tq2fXs87ha+B86cAO2BwOMoeSzVu/UJPrHA=)];2t;2c) for round 102
[2m2025-03-25T07:55:25.127418Z[0m [32m INFO[0m [1mnode[0m[1m{[0m[3mname[0m[2m=[0mk#99f25ef6..[1m}[0m[2m:[0m [2mconsensus_core::core[0m[2m:[0m [2mconsensus/core/src/core.rs[0m[2m:[0m[2m630:[0m Committing 1 leaders: B100(A,oPpW)
[2m2025-03-25T07:55:25.127418Z[0m [32m INFO[0m [1mnode[0m[1m{[0m[3mname[0m[2m=[0mk#addeef94..[1m}[0m[2m:[0m [2mconsensus_core::core[0m[2m:[0m [2mconsensus/core/src/core.rs[0m[2m:[0m[2m630:[0m Committing 1 leaders: B100(A,oPpW)
[2m2025-03-25T07:55:25.127845Z[0m [32m INFO[0m [1mnode[0m[1m{[0m[3mname[0m[2m=[0mk#addeef94..[1m}[0m[2m:[0m [2mconsensus_core::commit_observer[0m[2m:[0m [2mconsensus/core/src/commit_observer.rs[0m[2m:[0m[2m173:[0m Consensus commit C93(8dJa) with leader B100(A,oPpW) has 3 blocks
[2m2025-03-25T07:55:25.127845Z[0m [32m INFO[0m [1mnode[0m[1m{[0m[3mname[0m[2m=[0mk#99f25ef6..[1m}[0m[2m:[0m [2mconsensus_core::commit_observer[0m[2m:[0m [2mconsensus/core/src/commit_observer.rs[0m[2m:[0m[2m173:[0m Consensus commit C93(8dJa) with leader B100(A,oPpW) has 3 blocks
[2m2025-03-25T07:55:25.128157Z[0m [32m INFO[0m [1mnode[0m[1m{[0m[3mname[0m[2m=[0mk#99f25ef6..[1m}[0m[2m:[0m [2msui_core::consensus_handler[0m[2m:[0m [2mcrates/sui-core/src/consensus_handler.rs[0m[2m:[0m[2m232:[0m Received consensus output [3mconsensus_commit[0m[2m=[0mCommittedSubDag(leader=B100(A,oPpW), ref=C93(8dJa), blocks=[ux2x, apY9, oPpW]) [3mepoch[0m[2m=[0m1
[2m2025-03-25T07:55:25.128188Z[0m [32m INFO[0m [1mnode[0m[1m{[0m[3mname[0m[2m=[0mk#addeef94..[1m}[0m[2m:[0m [2msui_core::consensus_handler[0m[2m:[0m [2mcrates/sui-core/src/consensus_handler.rs[0m[2m:[0m[2m232:[0m Received consensus output [3mconsensus_commit[0m[2m=[0mCommittedSubDag(leader=B100(A,oPpW), ref=C93(8dJa), blocks=[ux2x, apY9, oPpW]) [3mepoch[0m[2m=[0m1
[2m2025-03-25T07:55:25.135100Z[0m [32m INFO[0m [1mnode[0m[1m{[0m[3mname[0m[2m=[0mk#8dcff6d1..[1m}[0m[2m:[0m [2msui_core::checkpoints::checkpoint_output[0m[2m:[0m [2mcrates/sui-core/src/checkpoints/checkpoint_output.rs[0m[2m:[0m[2m196:[0m Certified checkpoint with sequence 305 and digest BwBsVRdhvaHPmtL8nVNb4gmqZGKAm1YsADsAWGAKoCQn
[2m2025-03-25T07:55:25.135829Z[0m [32m INFO[0m [1mnode[0m[1m{[0m[3mname[0m[2m=[0mk#8dcff6d1..[1m}[0m[2m:[0m [2mconsensus_core::core[0m[2m:[0m [2mconsensus/core/src/core.rs[0m[2m:[0m[2m630:[0m Committing 1 leaders: B100(A,oPpW)
[2m2025-03-25T07:55:25.136121Z[0m [32m INFO[0m [1mnode[0m[1m{[0m[3mname[0m[2m=[0mk#8dcff6d1..[1m}[0m[2m:[0m [2mconsensus_core::commit_observer[0m[2m:[0m [2mconsensus/core/src/commit_observer.rs[0m[2m:[0m[2m173:[0m Consensus commit C93(8dJa) with leader B100(A,oPpW) has 3 blocks
[2m2025-03-25T07:55:25.137193Z[0m [32m INFO[0m [1mnode[0m[1m{[0m[3mname[0m[2m=[0mk#8dcff6d1..[1m}[0m[2m:[0m [2msui_core::consensus_handler[0m[2m:[0m [2mcrates/sui-core/src/consensus_handler.rs[0m[2m:[0m[2m232:[0m Received consensus output [3mconsensus_commit[0m[2m=[0mCommittedSubDag(leader=B100(A,oPpW), ref=C93(8dJa), blocks=[ux2x, apY9, oPpW]) [3mepoch[0m[2m=[0m1
[2m2025-03-25T07:55:25.138908Z[0m [32m INFO[0m [1mnode[0m[1m{[0m[3mname[0m[2m=[0mk#8dcff6d1..[1m}[0m[2m:[0m [2msui_core::checkpoints::checkpoint_executor[0m[2m:[0m [2mcrates/sui-core/src/checkpoints/checkpoint_executor/mod.rs[0m[2m:[0m[2m332:[0m Received checkpoint summary from state sync [3msequence_number[0m[2m=[0m305
[2m2025-03-25T07:55:25.162857Z[0m [32m INFO[0m [1mnode[0m[1m{[0m[3mname[0m[2m=[0mk#8dcff6d1..[1m}[0m[2m:[0m [2msui_core::state_accumulator[0m[2m:[0m [2mcrates/sui-core/src/state_accumulator.rs[0m[2m:[0m[2m675:[0m accumulating running root for checkpoint 305
[2m2025-03-25T07:55:25.201026Z[0m [32m INFO[0m [1mnode[0m[1m{[0m[3mname[0m[2m=[0mk#8dcff6d1..[1m}[0m[2m:[0m [2msui_core::checkpoints[0m[2m:[0m [2mcrates/sui-core/src/checkpoints/mod.rs[0m[2m:[0m[2m1326:[0m Creating checkpoint(s) for 1 transactions [3mnext_checkpoint_seq[0m[2m=[0m306 [3mcheckpoint_timestamp[0m[2m=[0m1742889324606
[2m2025-03-25T07:55:25.201026Z[0m [32m INFO[0m [1mnode[0m[1m{[0m[3mname[0m[2m=[0mk#addeef94..[1m}[0m[2m:[0m [2msui_core::checkpoints[0m[2m:[0m [2mcrates/sui-core/src/checkpoints/mod.rs[0m[2m:[0m[2m1326:[0m Creating checkpoint(s) for 1 transactions [3mnext_checkpoint_seq[0m[2m=[0m306 [3mcheckpoint_timestamp[0m[2m=[0m1742889324606
[2m2025-03-25T07:55:25.201026Z[0m [32m INFO[0m [1mnode[0m[1m{[0m[3mname[0m[2m=[0mk#99f25ef6..[1m}[0m[2m:[0m [2msui_core::checkpoints[0m[2m:[0m [2mcrates/sui-core/src/checkpoints/mod.rs[0m[2m:[0m[2m1326:[0m Creating checkpoint(s) for 1 transactions [3mnext_checkpoint_seq[0m[2m=[0m306 [3mcheckpoint_timestamp[0m[2m=[0m1742889324606
[2m2025-03-25T07:55:25.201269Z[0m [32m INFO[0m [1mnode[0m[1m{[0m[3mname[0m[2m=[0mk#addeef94..[1m}[0m[2m:[0m [2msui_core::checkpoints::checkpoint_output[0m[2m:[0m [2mcrates/sui-core/src/checkpoints/checkpoint_output.rs[0m[2m:[0m[2m149:[0m Creating checkpoint CheckpointDigest(2crzmUJeNSfnvoKZauX7YJJJ6GxHbKsRc4TC7C7Tv9Qo) at epoch 1, sequence 306, previous digest Some(CheckpointDigest(BwBsVRdhvaHPmtL8nVNb4gmqZGKAm1YsADsAWGAKoCQn)), transactions count 1, content digest CheckpointContentsDigest(7rtfmuZBvHe1eBto9VqojPaExYqffJ3GWFun4KvXrwMm), end_of_epoch_data None
[2m2025-03-25T07:55:25.201269Z[0m [32m INFO[0m [1mnode[0m[1m{[0m[3mname[0m[2m=[0mk#8dcff6d1..[1m}[0m[2m:[0m [2msui_core::checkpoints::checkpoint_output[0m[2m:[0m [2mcrates/sui-core/src/checkpoints/checkpoint_output.rs[0m[2m:[0m[2m149:[0m Creating checkpoint CheckpointDigest(2crzmUJeNSfnvoKZauX7YJJJ6GxHbKsRc4TC7C7Tv9Qo) at epoch 1, sequence 306, previous digest Some(CheckpointDigest(BwBsVRdhvaHPmtL8nVNb4gmqZGKAm1YsADsAWGAKoCQn)), transactions count 1, content digest CheckpointContentsDigest(7rtfmuZBvHe1eBto9VqojPaExYqffJ3GWFun4KvXrwMm), end_of_epoch_data None
[2m2025-03-25T07:55:25.201269Z[0m [32m INFO[0m [1mnode[0m[1m{[0m[3mname[0m[2m=[0mk#99f25ef6..[1m}[0m[2m:[0m [2msui_core::checkpoints::checkpoint_output[0m[2m:[0m [2mcrates/sui-core/src/checkpoints/checkpoint_output.rs[0m[2m:[0m[2m149:[0m Creating checkpoint CheckpointDigest(2crzmUJeNSfnvoKZauX7YJJJ6GxHbKsRc4TC7C7Tv9Qo) at epoch 1, sequence 306, previous digest Some(CheckpointDigest(BwBsVRdhvaHPmtL8nVNb4gmqZGKAm1YsADsAWGAKoCQn)), transactions count 1, content digest CheckpointContentsDigest(7rtfmuZBvHe1eBto9VqojPaExYqffJ3GWFun4KvXrwMm), end_of_epoch_data None
[2m2025-03-25T07:55:25.204834Z[0m [32m INFO[0m [1mnode[0m[1m{[0m[3mname[0m[2m=[0mk#99f25ef6..[1m}[0m[2m:[0m [2msui_core::checkpoints::checkpoint_output[0m[2m:[0m [2mcrates/sui-core/src/checkpoints/checkpoint_output.rs[0m[2m:[0m[2m196:[0m Certified checkpoint with sequence 305 and digest BwBsVRdhvaHPmtL8nVNb4gmqZGKAm1YsADsAWGAKoCQn
[2m2025-03-25T07:55:25.206491Z[0m [32m INFO[0m [1mnode[0m[1m{[0m[3mname[0m[2m=[0mk#b3f3cbb4..[1m}[0m[2m:[0m [2msui_core::checkpoints::checkpoint_executor[0m[2m:[0m [2mcrates/sui-core/src/checkpoints/checkpoint_executor/mod.rs[0m[2m:[0m[2m332:[0m Received checkpoint summary from state sync [3msequence_number[0m[2m=[0m305
[2m2025-03-25T07:55:25.208321Z[0m [32m INFO[0m [1mnode[0m[1m{[0m[3mname[0m[2m=[0mk#99f25ef6..[1m}[0m[2m:[0m [2msui_core::checkpoints::checkpoint_executor[0m[2m:[0m [2mcrates/sui-core/src/checkpoints/checkpoint_executor/mod.rs[0m[2m:[0m[2m332:[0m Received checkpoint summary from state sync [3msequence_number[0m[2m=[0m305
[2m2025-03-25T07:55:25.227587Z[0m [32m INFO[0m [1mnode[0m[1m{[0m[3mname[0m[2m=[0mk#99f25ef6..[1m}[0m[2m:[0m [2msui_core::state_accumulator[0m[2m:[0m [2mcrates/sui-core/src/state_accumulator.rs[0m[2m:[0m[2m675:[0m accumulating running root for checkpoint 305
[2m2025-03-25T07:55:25.271579Z[0m [32m INFO[0m [1mnode[0m[1m{[0m[3mname[0m[2m=[0mk#addeef94..[1m}[0m[2m:[0m [2msui_core::checkpoints::checkpoint_executor[0m[2m:[0m [2mcrates/sui-core/src/checkpoints/checkpoint_executor/mod.rs[0m[2m:[0m[2m332:[0m Received checkpoint summary from state sync [3msequence_number[0m[2m=[0m305
[2m2025-03-25T07:55:25.272977Z[0m [32m INFO[0m [1mnode[0m[1m{[0m[3mname[0m[2m=[0mk#addeef94..[1m}[0m[2m:[0m [2msui_core::state_accumulator[0m[2m:[0m [2mcrates/sui-core/src/state_accumulator.rs[0m[2m:[0m[2m675:[0m accumulating running root for checkpoint 305
[2m2025-03-25T07:55:25.297648Z[0m [32m INFO[0m [1mnode[0m[1m{[0m[3mname[0m[2m=[0mk#b3f3cbb4..[1m}[0m[2m:[0m [2msui_core::state_accumulator[0m[2m:[0m [2mcrates/sui-core/src/state_accumulator.rs[0m[2m:[0m[2m675:[0m accumulating running root for checkpoint 305
[2m2025-03-25T07:55:25.303615Z[0m [32m INFO[0m [1mnode[0m[1m{[0m[3mname[0m[2m=[0mk#8dcff6d1..[1m}[0m[2m:[0m [2mconsensus_core::commit_syncer[0m[2m:[0m [2mconsensus/core/src/commit_syncer.rs[0m[2m:[0m[2m196:[0m Checking to schedule fetches: synced_commit_index=93, highest_handled_index=93, highest_scheduled_index=0, quorum_commit_index=92, unhandled_commits_threshold=3200
[2m2025-03-25T07:55:25.327062Z[0m [32m INFO[0m [1mnode[0m[1m{[0m[3mname[0m[2m=[0mk#addeef94..[1m}[0m[2m:[0m [2mconsensus_core::commit_syncer[0m[2m:[0m [2mconsensus/core/src/commit_syncer.rs[0m[2m:[0m[2m196:[0m Checking to schedule fetches: synced_commit_index=93, highest_handled_index=93, highest_scheduled_index=0, quorum_commit_index=0, unhandled_commits_threshold=3200
[2m2025-03-25T07:55:25.331395Z[0m [32m INFO[0m [1mnode[0m[1m{[0m[3mname[0m[2m=[0mk#99f25ef6..[1m}[0m[2m:[0m [2mconsensus_core::commit_syncer[0m[2m:[0m [2mconsensus/core/src/commit_syncer.rs[0m[2m:[0m[2m196:[0m Checking to schedule fetches: synced_commit_index=93, highest_handled_index=93, highest_scheduled_index=0, quorum_commit_index=92, unhandled_commits_threshold=3200
[2m2025-03-25T07:55:25.379494Z[0m [32m INFO[0m [1mnode[0m[1m{[0m[3mname[0m[2m=[0mk#addeef94..[1m}[0m[2m:[0m [2mconsensus_core::core[0m[2m:[0m [2mconsensus/core/src/core.rs[0m[2m:[0m[2m945:[0m Included 3 ancestors & excluded 0 ancestors for proposal in round 103
[2m2025-03-25T07:55:25.379529Z[0m [32m INFO[0m [1mnode[0m[1m{[0m[3mname[0m[2m=[0mk#99f25ef6..[1m}[0m[2m:[0m [2mconsensus_core::core[0m[2m:[0m [2mconsensus/core/src/core.rs[0m[2m:[0m[2m945:[0m Included 3 ancestors & excluded 0 ancestors for proposal in round 103
[2m2025-03-25T07:55:25.380038Z[0m [32m INFO[0m [1mnode[0m[1m{[0m[3mname[0m[2m=[0mk#99f25ef6..[1m}[0m[2m:[0m [2mconsensus_core::core[0m[2m:[0m [2mconsensus/core/src/core.rs[0m[2m:[0m[2m531:[0m Created block B103(B,ammaF6/3pTCqbXKO5KcDROC2JdqoYBl8reN3nHYX2Tw=)(1742889325379ms;[B102(B,kdBYxcAp1j7TL8hZ+w6Sx0pmgHmhT0A3HsPm0T/Szj4=), B102(A,3JEG8nLpqlyeDldhEm4vrPNCZikfMHb9HP0HKNxvUUk=), B102(C,VDd2BaRf2U7btVuOSR2sBwwooen0qiOTY8bEPtr7sIQ=)];1t;1c) for round 103
[2m2025-03-25T07:55:25.380038Z[0m [32m INFO[0m [1mnode[0m[1m{[0m[3mname[0m[2m=[0mk#addeef94..[1m}[0m[2m:[0m [2mconsensus_core::core[0m[2m:[0m [2mconsensus/core/src/core.rs[0m[2m:[0m[2m531:[0m Created block B103(C,CN93TNd/QAMv7gBYgL7+WyEEg+rpm5zCM6jOyIV7/WM=)(1742889325379ms;[B102(C,VDd2BaRf2U7btVuOSR2sBwwooen0qiOTY8bEPtr7sIQ=), B102(A,3JEG8nLpqlyeDldhEm4vrPNCZikfMHb9HP0HKNxvUUk=), B102(B,kdBYxcAp1j7TL8hZ+w6Sx0pmgHmhT0A3HsPm0T/Szj4=)];1t;1c) for round 103
[2m2025-03-25T07:55:25.382331Z[0m [32m INFO[0m [1mnode[0m[1m{[0m[3mname[0m[2m=[0mk#99f25ef6..[1m}[0m[2m:[0m [2mconsensus_core::core[0m[2m:[0m [2mconsensus/core/src/core.rs[0m[2m:[0m[2m630:[0m Committing 1 leaders: B101(B,yAOK)
[2m2025-03-25T07:55:25.382394Z[0m [32m INFO[0m [1mnode[0m[1m{[0m[3mname[0m[2m=[0mk#addeef94..[1m}[0m[2m:[0m [2mconsensus_core::core[0m[2m:[0m [2mconsensus/core/src/core.rs[0m[2m:[0m[2m630:[0m Committing 1 leaders: B101(B,yAOK)
[2m2025-03-25T07:55:25.382440Z[0m [32m INFO[0m [1mnode[0m[1m{[0m[3mname[0m[2m=[0mk#99f25ef6..[1m}[0m[2m:[0m [2mconsensus_core::commit_observer[0m[2m:[0m [2mconsensus/core/src/commit_observer.rs[0m[2m:[0m[2m173:[0m Consensus commit C94(ut0D) with leader B101(B,yAOK) has 3 blocks
[2m2025-03-25T07:55:25.382499Z[0m [32m INFO[0m [1mnode[0m[1m{[0m[3mname[0m[2m=[0mk#addeef94..[1m}[0m[2m:[0m [2mconsensus_core::commit_observer[0m[2m:[0m [2mconsensus/core/src/commit_observer.rs[0m[2m:[0m[2m173:[0m Consensus commit C94(ut0D) with leader B101(B,yAOK) has 3 blocks
[2m2025-03-25T07:55:25.382536Z[0m [32m INFO[0m [1mnode[0m[1m{[0m[3mname[0m[2m=[0mk#99f25ef6..[1m}[0m[2m:[0m [2msui_core::consensus_handler[0m[2m:[0m [2mcrates/sui-core/src/consensus_handler.rs[0m[2m:[0m[2m232:[0m Received consensus output [3mconsensus_commit[0m[2m=[0mCommittedSubDag(leader=B101(B,yAOK), ref=C94(ut0D), blocks=[LAZn, 9/3x, yAOK]) [3mepoch[0m[2m=[0m1
[2m2025-03-25T07:55:25.382587Z[0m [32m INFO[0m [1mnode[0m[1m{[0m[3mname[0m[2m=[0mk#addeef94..[1m}[0m[2m:[0m [2msui_core::consensus_handler[0m[2m:[0m [2mcrates/sui-core/src/consensus_handler.rs[0m[2m:[0m[2m232:[0m Received consensus output [3mconsensus_commit[0m[2m=[0mCommittedSubDag(leader=B101(B,yAOK), ref=C94(ut0D), blocks=[LAZn, 9/3x, yAOK]) [3mepoch[0m[2m=[0m1
[2m2025-03-25T07:55:25.384775Z[0m [32m INFO[0m [1mnode[0m[1m{[0m[3mname[0m[2m=[0mk#8dcff6d1..[1m}[0m[2m:[0m [2msui_core::checkpoints::checkpoint_output[0m[2m:[0m [2mcrates/sui-core/src/checkpoints/checkpoint_output.rs[0m[2m:[0m[2m196:[0m Certified checkpoint with sequence 306 and digest 2crzmUJeNSfnvoKZauX7YJJJ6GxHbKsRc4TC7C7Tv9Qo
[2m2025-03-25T07:55:25.385072Z[0m [32m INFO[0m [1mnode[0m[1m{[0m[3mname[0m[2m=[0mk#8dcff6d1..[1m}[0m[2m:[0m [2mconsensus_core::core[0m[2m:[0m [2mconsensus/core/src/core.rs[0m[2m:[0m[2m630:[0m Committing 1 leaders: B101(B,yAOK)
[2m2025-03-25T07:55:25.385195Z[0m [32m INFO[0m [1mnode[0m[1m{[0m[3mname[0m[2m=[0mk#8dcff6d1..[1m}[0m[2m:[0m [2mconsensus_core::commit_observer[0m[2m:[0m [2mconsensus/core/src/commit_observer.rs[0m[2m:[0m[2m173:[0m Consensus commit C94(ut0D) with leader B101(B,yAOK) has 3 blocks
[2m2025-03-25T07:55:25.385668Z[0m [32m INFO[0m [1mnode[0m[1m{[0m[3mname[0m[2m=[0mk#8dcff6d1..[1m}[0m[2m:[0m [2msui_core::consensus_handler[0m[2m:[0m [2mcrates/sui-core/src/consensus_handler.rs[0m[2m:[0m[2m232:[0m Received consensus output [3mconsensus_commit[0m[2m=[0mCommittedSubDag(leader=B101(B,yAOK), ref=C94(ut0D), blocks=[LAZn, 9/3x, yAOK]) [3mepoch[0m[2m=[0m1
[2m2025-03-25T07:55:25.386287Z[0m [32m INFO[0m [1mnode[0m[1m{[0m[3mname[0m[2m=[0mk#8dcff6d1..[1m}[0m[2m:[0m [2msui_core::checkpoints::checkpoint_executor[0m[2m:[0m [2mcrates/sui-core/src/checkpoints/checkpoint_executor/mod.rs[0m[2m:[0m[2m332:[0m Received checkpoint summary from state sync [3msequence_number[0m[2m=[0m306
[2m2025-03-25T07:55:25.387940Z[0m [32m INFO[0m [1mnode[0m[1m{[0m[3mname[0m[2m=[0mk#8dcff6d1..[1m}[0m[2m:[0m [2msui_core::state_accumulator[0m[2m:[0m [2mcrates/sui-core/src/state_accumulator.rs[0m[2m:[0m[2m675:[0m accumulating running root for checkpoint 306
[2m2025-03-25T07:55:25.411656Z[0m [32m INFO[0m [1mnode[0m[1m{[0m[3mname[0m[2m=[0mk#99f25ef6..[1m}[0m[2m:[0m [2msui_core::checkpoints[0m[2m:[0m [2mcrates/sui-core/src/checkpoints/mod.rs[0m[2m:[0m[2m1326:[0m Creating checkpoint(s) for 2 transactions [3mnext_checkpoint_seq[0m[2m=[0m307 [3mcheckpoint_timestamp[0m[2m=[0m1742889324862
[2m2025-03-25T07:55:25.411657Z[0m [32m INFO[0m [1mnode[0m[1m{[0m[3mname[0m[2m=[0mk#addeef94..[1m}[0m[2m:[0m [2msui_core::checkpoints[0m[2m:[0m [2mcrates/sui-core/src/checkpoints/mod.rs[0m[2m:[0m[2m1326:[0m Creating checkpoint(s) for 2 transactions [3mnext_checkpoint_seq[0m[2m=[0m307 [3mcheckpoint_timestamp[0m[2m=[0m1742889324862
[2m2025-03-25T07:55:25.411960Z[0m [32m INFO[0m [1mnode[0m[1m{[0m[3mname[0m[2m=[0mk#99f25ef6..[1m}[0m[2m:[0m [2msui_core::checkpoints::checkpoint_output[0m[2m:[0m [2mcrates/sui-core/src/checkpoints/checkpoint_output.rs[0m[2m:[0m[2m149:[0m Creating checkpoint CheckpointDigest(EGsh8Tmwe6ZqidzJAMb5c5yE6UUZozMrNGLYMcdYztvq) at epoch 1, sequence 307, previous digest Some(CheckpointDigest(2crzmUJeNSfnvoKZauX7YJJJ6GxHbKsRc4TC7C7Tv9Qo)), transactions count 2, content digest CheckpointContentsDigest(3t4wUnZtuawnJDznZVKDtXirAjzHzuu31GCx9w2XLaoX), end_of_epoch_data None
[2m2025-03-25T07:55:25.411960Z[0m [32m INFO[0m [1mnode[0m[1m{[0m[3mname[0m[2m=[0mk#addeef94..[1m}[0m[2m:[0m [2msui_core::checkpoints::checkpoint_output[0m[2m:[0m [2mcrates/sui-core/src/checkpoints/checkpoint_output.rs[0m[2m:[0m[2m149:[0m Creating checkpoint CheckpointDigest(EGsh8Tmwe6ZqidzJAMb5c5yE6UUZozMrNGLYMcdYztvq) at epoch 1, sequence 307, previous digest Some(CheckpointDigest(2crzmUJeNSfnvoKZauX7YJJJ6GxHbKsRc4TC7C7Tv9Qo)), transactions count 2, content digest CheckpointContentsDigest(3t4wUnZtuawnJDznZVKDtXirAjzHzuu31GCx9w2XLaoX), end_of_epoch_data None
[2m2025-03-25T07:55:25.414170Z[0m [32m INFO[0m [1mnode[0m[1m{[0m[3mname[0m[2m=[0mk#addeef94..[1m}[0m[2m:[0m [2msui_core::checkpoints::checkpoint_executor[0m[2m:[0m [2mcrates/sui-core/src/checkpoints/checkpoint_executor/mod.rs[0m[2m:[0m[2m332:[0m Received checkpoint summary from state sync [3msequence_number[0m[2m=[0m306
[2m2025-03-25T07:55:25.414215Z[0m [32m INFO[0m [1mnode[0m[1m{[0m[3mname[0m[2m=[0mk#99f25ef6..[1m}[0m[2m:[0m [2msui_core::checkpoints::checkpoint_executor[0m[2m:[0m [2mcrates/sui-core/src/checkpoints/checkpoint_executor/mod.rs[0m[2m:[0m[2m332:[0m Received checkpoint summary from state sync [3msequence_number[0m[2m=[0m305
[2m2025-03-25T07:55:25.414297Z[0m [32m INFO[0m [1mnode[0m[1m{[0m[3mname[0m[2m=[0mk#99f25ef6..[1m}[0m[2m:[0m [2msui_core::checkpoints::checkpoint_executor[0m[2m:[0m [2mcrates/sui-core/src/checkpoints/checkpoint_executor/mod.rs[0m[2m:[0m[2m332:[0m Received checkpoint summary from state sync [3msequence_number[0m[2m=[0m306
[2m2025-03-25T07:55:25.414971Z[0m [32m INFO[0m [1mnode[0m[1m{[0m[3mname[0m[2m=[0mk#8dcff6d1..[1m}[0m[2m:[0m [2msui_core::checkpoints[0m[2m:[0m [2mcrates/sui-core/src/checkpoints/mod.rs[0m[2m:[0m[2m1326:[0m Creating checkpoint(s) for 2 transactions [3mnext_checkpoint_seq[0m[2m=[0m307 [3mcheckpoint_timestamp[0m[2m=[0m1742889324862
[2m2025-03-25T07:55:25.414974Z[0m [32m INFO[0m [1mnode[0m[1m{[0m[3mname[0m[2m=[0mk#99f25ef6..[1m}[0m[2m:[0m [2msui_core::state_accumulator[0m[2m:[0m [2mcrates/sui-core/src/state_accumulator.rs[0m[2m:[0m[2m675:[0m accumulating running root for checkpoint 306
[2m2025-03-25T07:55:25.414974Z[0m [32m INFO[0m [1mnode[0m[1m{[0m[3mname[0m[2m=[0mk#addeef94..[1m}[0m[2m:[0m [2msui_core::state_accumulator[0m[2m:[0m [2mcrates/sui-core/src/state_accumulator.rs[0m[2m:[0m[2m675:[0m accumulating running root for checkpoint 306
[2m2025-03-25T07:55:25.415224Z[0m [32m INFO[0m [1mnode[0m[1m{[0m[3mname[0m[2m=[0mk#8dcff6d1..[1m}[0m[2m:[0m [2msui_core::checkpoints::checkpoint_output[0m[2m:[0m [2mcrates/sui-core/src/checkpoints/checkpoint_output.rs[0m[2m:[0m[2m149:[0m Creating checkpoint CheckpointDigest(EGsh8Tmwe6ZqidzJAMb5c5yE6UUZozMrNGLYMcdYztvq) at epoch 1, sequence 307, previous digest Some(CheckpointDigest(2crzmUJeNSfnvoKZauX7YJJJ6GxHbKsRc4TC7C7Tv9Qo)), transactions count 2, content digest CheckpointContentsDigest(3t4wUnZtuawnJDznZVKDtXirAjzHzuu31GCx9w2XLaoX), end_of_epoch_data None
[2m2025-03-25T07:55:25.417421Z[0m [32m INFO[0m [1mnode[0m[1m{[0m[3mname[0m[2m=[0mk#b3f3cbb4..[1m}[0m[2m:[0m [2msui_core::checkpoints::checkpoint_executor[0m[2m:[0m [2mcrates/sui-core/src/checkpoints/checkpoint_executor/mod.rs[0m[2m:[0m[2m332:[0m Received checkpoint summary from state sync [3msequence_number[0m[2m=[0m306
[2m2025-03-25T07:55:25.443026Z[0m [32m INFO[0m [1mnode[0m[1m{[0m[3mname[0m[2m=[0mk#b3f3cbb4..[1m}[0m[2m:[0m [2msui_core::state_accumulator[0m[2m:[0m [2mcrates/sui-core/src/state_accumulator.rs[0m[2m:[0m[2m675:[0m accumulating running root for checkpoint 306
[2m2025-03-25T07:55:25.633309Z[0m [32m INFO[0m [1mnode[0m[1m{[0m[3mname[0m[2m=[0mk#addeef94..[1m}[0m[2m:[0m [2mconsensus_core::core[0m[2m:[0m [2mconsensus/core/src/core.rs[0m[2m:[0m[2m945:[0m Included 2 ancestors & excluded 0 ancestors for proposal in round 104
[2m2025-03-25T07:55:25.634162Z[0m [32m INFO[0m [1mnode[0m[1m{[0m[3mname[0m[2m=[0mk#99f25ef6..[1m}[0m[2m:[0m [2mconsensus_core::core[0m[2m:[0m [2mconsensus/core/src/core.rs[0m[2m:[0m[2m945:[0m Included 2 ancestors & excluded 0 ancestors for proposal in round 104
[2m2025-03-25T07:55:25.634941Z[0m [32m INFO[0m [1mnode[0m[1m{[0m[3mname[0m[2m=[0mk#addeef94..[1m}[0m[2m:[0m [2mconsensus_core::core[0m[2m:[0m [2mconsensus/core/src/core.rs[0m[2m:[0m[2m531:[0m Created block B104(C,tDQjNnKLYNVk6JlRMb6niyspbW/ha73PKT2gQcbOzp4=)(1742889325633ms;[B103(C,CN93TNd/QAMv7gBYgL7+WyEEg+rpm5zCM6jOyIV7/WM=), B103(B,ammaF6/3pTCqbXKO5KcDROC2JdqoYBl8reN3nHYX2Tw=)];1t;1c) for round 104
[2m2025-03-25T07:55:25.635409Z[0m [32m INFO[0m [1mnode[0m[1m{[0m[3mname[0m[2m=[0mk#99f25ef6..[1m}[0m[2m:[0m [2mconsensus_core::core[0m[2m:[0m [2mconsensus/core/src/core.rs[0m[2m:[0m[2m531:[0m Created block B104(B,BqU4qZTtgRlDs9OCHgnEzFRUd5LpdsBR4rNsaSsw4Gs=)(1742889325634ms;[B103(B,ammaF6/3pTCqbXKO5KcDROC2JdqoYBl8reN3nHYX2Tw=), B103(C,CN93TNd/QAMv7gBYgL7+WyEEg+rpm5zCM6jOyIV7/WM=)];1t;1c) for round 104
[2m2025-03-25T07:55:25.642085Z[0m [32m INFO[0m [1mnode[0m[1m{[0m[3mname[0m[2m=[0mk#addeef94..[1m}[0m[2m:[0m [2mconsensus_core::core[0m[2m:[0m [2mconsensus/core/src/core.rs[0m[2m:[0m[2m630:[0m Committing 1 leaders: B102(B,kdBY)
[2m2025-03-25T07:55:25.642079Z[0m [32m INFO[0m [1mnode[0m[1m{[0m[3mname[0m[2m=[0mk#8dcff6d1..[1m}[0m[2m:[0m [2mconsensus_core::core[0m[2m:[0m [2mconsensus/core/src/core.rs[0m[2m:[0m[2m945:[0m Included 3 ancestors & excluded 0 ancestors for proposal in round 104
[2m2025-03-25T07:55:25.642085Z[0m [32m INFO[0m [1mnode[0m[1m{[0m[3mname[0m[2m=[0mk#99f25ef6..[1m}[0m[2m:[0m [2mconsensus_core::core[0m[2m:[0m [2mconsensus/core/src/core.rs[0m[2m:[0m[2m630:[0m Committing 1 leaders: B102(B,kdBY)
[2m2025-03-25T07:55:25.642510Z[0m [32m INFO[0m [1mnode[0m[1m{[0m[3mname[0m[2m=[0mk#addeef94..[1m}[0m[2m:[0m [2mconsensus_core::commit_observer[0m[2m:[0m [2mconsensus/core/src/commit_observer.rs[0m[2m:[0m[2m173:[0m Consensus commit C95(5085) with leader B102(B,kdBY) has 2 blocks
[2m2025-03-25T07:55:25.642510Z[0m [32m INFO[0m [1mnode[0m[1m{[0m[3mname[0m[2m=[0mk#99f25ef6..[1m}[0m[2m:[0m [2mconsensus_core::commit_observer[0m[2m:[0m [2mconsensus/core/src/commit_observer.rs[0m[2m:[0m[2m173:[0m Consensus commit C95(5085) with leader B102(B,kdBY) has 2 blocks
[2m2025-03-25T07:55:25.642780Z[0m [32m INFO[0m [1mnode[0m[1m{[0m[3mname[0m[2m=[0mk#99f25ef6..[1m}[0m[2m:[0m [2msui_core::consensus_handler[0m[2m:[0m [2mcrates/sui-core/src/consensus_handler.rs[0m[2m:[0m[2m232:[0m Received consensus output [3mconsensus_commit[0m[2m=[0mCommittedSubDag(leader=B102(B,kdBY), ref=C95(5085), blocks=[4clV, kdBY]) [3mepoch[0m[2m=[0m1
[2m2025-03-25T07:55:25.642780Z[0m [32m INFO[0m [1mnode[0m[1m{[0m[3mname[0m[2m=[0mk#addeef94..[1m}[0m[2m:[0m [2msui_core::consensus_handler[0m[2m:[0m [2mcrates/sui-core/src/consensus_handler.rs[0m[2m:[0m[2m232:[0m Received consensus output [3mconsensus_commit[0m[2m=[0mCommittedSubDag(leader=B102(B,kdBY), ref=C95(5085), blocks=[4clV, kdBY]) [3mepoch[0m[2m=[0m1
[2m2025-03-25T07:55:25.643247Z[0m [32m INFO[0m [1mnode[0m[1m{[0m[3mname[0m[2m=[0mk#8dcff6d1..[1m}[0m[2m:[0m [2mconsensus_core::core[0m[2m:[0m [2mconsensus/core/src/core.rs[0m[2m:[0m[2m531:[0m Created block B104(A,DsEeZHvJDwJY0QHosEGJR7/gU4nG88jqBw0yPTM3um0=)(1742889325642ms;[B102(A,3JEG8nLpqlyeDldhEm4vrPNCZikfMHb9HP0HKNxvUUk=), B103(B,ammaF6/3pTCqbXKO5KcDROC2JdqoYBl8reN3nHYX2Tw=), B103(C,CN93TNd/QAMv7gBYgL7+WyEEg+rpm5zCM6jOyIV7/WM=)];2t;2c) for round 104
[2m2025-03-25T07:55:25.643468Z[0m [32m INFO[0m [1mnode[0m[1m{[0m[3mname[0m[2m=[0mk#8dcff6d1..[1m}[0m[2m:[0m [2mconsensus_core::core[0m[2m:[0m [2mconsensus/core/src/core.rs[0m[2m:[0m[2m630:[0m Committing 1 leaders: B102(B,kdBY)
[2m2025-03-25T07:55:25.643755Z[0m [32m INFO[0m [1mnode[0m[1m{[0m[3mname[0m[2m=[0mk#8dcff6d1..[1m}[0m[2m:[0m [2mconsensus_core::commit_observer[0m[2m:[0m [2mconsensus/core/src/commit_observer.rs[0m[2m:[0m[2m173:[0m Consensus commit C95(5085) with leader B102(B,kdBY) has 2 blocks
[2m2025-03-25T07:55:25.644063Z[0m [32m INFO[0m [1mnode[0m[1m{[0m[3mname[0m[2m=[0mk#8dcff6d1..[1m}[0m[2m:[0m [2msui_core::consensus_handler[0m[2m:[0m [2mcrates/sui-core/src/consensus_handler.rs[0m[2m:[0m[2m232:[0m Received consensus output [3mconsensus_commit[0m[2m=[0mCommittedSubDag(leader=B102(B,kdBY), ref=C95(5085), blocks=[4clV, kdBY]) [3mepoch[0m[2m=[0m1
[2m2025-03-25T07:55:25.717627Z[0m [32m INFO[0m [1mnode[0m[1m{[0m[3mname[0m[2m=[0mk#8dcff6d1..[1m}[0m[2m:[0m [2msui_core::checkpoints[0m[2m:[0m [2mcrates/sui-core/src/checkpoints/mod.rs[0m[2m:[0m[2m1326:[0m Creating checkpoint(s) for 1 transactions [3mnext_checkpoint_seq[0m[2m=[0m308 [3mcheckpoint_timestamp[0m[2m=[0m1742889325117
[2m2025-03-25T07:55:25.717864Z[0m [32m INFO[0m [1mnode[0m[1m{[0m[3mname[0m[2m=[0mk#8dcff6d1..[1m}[0m[2m:[0m [2msui_core::checkpoints::checkpoint_output[0m[2m:[0m [2mcrates/sui-core/src/checkpoints/checkpoint_output.rs[0m[2m:[0m[2m149:[0m Creating checkpoint CheckpointDigest(EfABgQBW89iVcQvaGjd6YTticwp7uzuJ7yyjBSw9MjbA) at epoch 1, sequence 308, previous digest Some(CheckpointDigest(EGsh8Tmwe6ZqidzJAMb5c5yE6UUZozMrNGLYMcdYztvq)), transactions count 1, content digest CheckpointContentsDigest(FVzuoooufKD1Lrcb75iVEykGFo29PLkTwCbkx2RsW1Jt), end_of_epoch_data None
[2m2025-03-25T07:55:25.718238Z[0m [32m INFO[0m [1mnode[0m[1m{[0m[3mname[0m[2m=[0mk#addeef94..[1m}[0m[2m:[0m [2msui_core::checkpoints[0m[2m:[0m [2mcrates/sui-core/src/checkpoints/mod.rs[0m[2m:[0m[2m1326:[0m Creating checkpoint(s) for 1 transactions [3mnext_checkpoint_seq[0m[2m=[0m308 [3mcheckpoint_timestamp[0m[2m=[0m1742889325117
[2m2025-03-25T07:55:25.718283Z[0m [32m INFO[0m [1mnode[0m[1m{[0m[3mname[0m[2m=[0mk#99f25ef6..[1m}[0m[2m:[0m [2msui_core::checkpoints[0m[2m:[0m [2mcrates/sui-core/src/checkpoints/mod.rs[0m[2m:[0m[2m1326:[0m Creating checkpoint(s) for 1 transactions [3mnext_checkpoint_seq[0m[2m=[0m308 [3mcheckpoint_timestamp[0m[2m=[0m1742889325117
[2m2025-03-25T07:55:25.718415Z[0m [32m INFO[0m [1mnode[0m[1m{[0m[3mname[0m[2m=[0mk#addeef94..[1m}[0m[2m:[0m [2msui_core::checkpoints::checkpoint_output[0m[2m:[0m [2mcrates/sui-core/src/checkpoints/checkpoint_output.rs[0m[2m:[0m[2m149:[0m Creating checkpoint CheckpointDigest(EfABgQBW89iVcQvaGjd6YTticwp7uzuJ7yyjBSw9MjbA) at epoch 1, sequence 308, previous digest Some(CheckpointDigest(EGsh8Tmwe6ZqidzJAMb5c5yE6UUZozMrNGLYMcdYztvq)), transactions count 1, content digest CheckpointContentsDigest(FVzuoooufKD1Lrcb75iVEykGFo29PLkTwCbkx2RsW1Jt), end_of_epoch_data None
[2m2025-03-25T07:55:25.718458Z[0m [32m INFO[0m [1mnode[0m[1m{[0m[3mname[0m[2m=[0mk#99f25ef6..[1m}[0m[2m:[0m [2msui_core::checkpoints::checkpoint_output[0m[2m:[0m [2mcrates/sui-core/src/checkpoints/checkpoint_output.rs[0m[2m:[0m[2m149:[0m Creating checkpoint CheckpointDigest(EfABgQBW89iVcQvaGjd6YTticwp7uzuJ7yyjBSw9MjbA) at epoch 1, sequence 308, previous digest Some(CheckpointDigest(EGsh8Tmwe6ZqidzJAMb5c5yE6UUZozMrNGLYMcdYztvq)), transactions count 1, content digest CheckpointContentsDigest(FVzuoooufKD1Lrcb75iVEykGFo29PLkTwCbkx2RsW1Jt), end_of_epoch_data None
[2m2025-03-25T07:55:25.721115Z[0m [32m INFO[0m [1mnode[0m[1m{[0m[3mname[0m[2m=[0mk#8dcff6d1..[1m}[0m[2m:[0m [2msui_core::checkpoints::checkpoint_output[0m[2m:[0m [2mcrates/sui-core/src/checkpoints/checkpoint_output.rs[0m[2m:[0m[2m196:[0m Certified checkpoint with sequence 307 and digest EGsh8Tmwe6ZqidzJAMb5c5yE6UUZozMrNGLYMcdYztvq
[2m2025-03-25T07:55:25.721748Z[0m [32m INFO[0m [1mnode[0m[1m{[0m[3mname[0m[2m=[0mk#8dcff6d1..[1m}[0m[2m:[0m [2msui_core::checkpoints::checkpoint_executor[0m[2m:[0m [2mcrates/sui-core/src/checkpoints/checkpoint_executor/mod.rs[0m[2m:[0m[2m332:[0m Received checkpoint summary from state sync [3msequence_number[0m[2m=[0m307
[2m2025-03-25T07:55:25.721763Z[0m [32m INFO[0m [1mnode[0m[1m{[0m[3mname[0m[2m=[0mk#99f25ef6..[1m}[0m[2m:[0m [2msui_core::checkpoints::checkpoint_output[0m[2m:[0m [2mcrates/sui-core/src/checkpoints/checkpoint_output.rs[0m[2m:[0m[2m196:[0m Certified checkpoint with sequence 307 and digest EGsh8Tmwe6ZqidzJAMb5c5yE6UUZozMrNGLYMcdYztvq
[2m2025-03-25T07:55:25.724751Z[0m [32m INFO[0m [1mnode[0m[1m{[0m[3mname[0m[2m=[0mk#99f25ef6..[1m}[0m[2m:[0m [2msui_core::checkpoints::checkpoint_executor[0m[2m:[0m [2mcrates/sui-core/src/checkpoints/checkpoint_executor/mod.rs[0m[2m:[0m[2m332:[0m Received checkpoint summary from state sync [3msequence_number[0m[2m=[0m307
[2m2025-03-25T07:55:25.728113Z[0m [32m INFO[0m [1mnode[0m[1m{[0m[3mname[0m[2m=[0mk#8dcff6d1..[1m}[0m[2m:[0m [2msui_core::state_accumulator[0m[2m:[0m [2mcrates/sui-core/src/state_accumulator.rs[0m[2m:[0m[2m675:[0m accumulating running root for checkpoint 307
[2m2025-03-25T07:55:25.742714Z[0m [32m INFO[0m [1mnode[0m[1m{[0m[3mname[0m[2m=[0mk#99f25ef6..[1m}[0m[2m:[0m [2msui_core::state_accumulator[0m[2m:[0m [2mcrates/sui-core/src/state_accumulator.rs[0m[2m:[0m[2m675:[0m accumulating running root for checkpoint 307
[2m2025-03-25T07:55:25.787036Z[0m [32m INFO[0m [1mnode[0m[1m{[0m[3mname[0m[2m=[0mk#addeef94..[1m}[0m[2m:[0m [2msui_core::checkpoints::checkpoint_executor[0m[2m:[0m [2mcrates/sui-core/src/checkpoints/checkpoint_executor/mod.rs[0m[2m:[0m[2m332:[0m Received checkpoint summary from state sync [3msequence_number[0m[2m=[0m307
[2m2025-03-25T07:55:25.788335Z[0m [32m INFO[0m [1mnode[0m[1m{[0m[3mname[0m[2m=[0mk#addeef94..[1m}[0m[2m:[0m [2msui_core::state_accumulator[0m[2m:[0m [2mcrates/sui-core/src/state_accumulator.rs[0m[2m:[0m[2m675:[0m accumulating running root for checkpoint 307
[2m2025-03-25T07:55:25.789271Z[0m [32m INFO[0m [1mnode[0m[1m{[0m[3mname[0m[2m=[0mk#b3f3cbb4..[1m}[0m[2m:[0m [2msui_core::checkpoints::checkpoint_executor[0m[2m:[0m [2mcrates/sui-core/src/checkpoints/checkpoint_executor/mod.rs[0m[2m:[0m[2m332:[0m Received checkpoint summary from state sync [3msequence_number[0m[2m=[0m307
[2m2025-03-25T07:55:25.876914Z[0m [32m INFO[0m [1mnode[0m[1m{[0m[3mname[0m[2m=[0mk#b3f3cbb4..[1m}[0m[2m:[0m [2msui_core::state_accumulator[0m[2m:[0m [2mcrates/sui-core/src/state_accumulator.rs[0m[2m:[0m[2m675:[0m accumulating running root for checkpoint 307
[2m2025-03-25T07:55:25.893966Z[0m [32m INFO[0m [1mnode[0m[1m{[0m[3mname[0m[2m=[0mk#99f25ef6..[1m}[0m[2m:[0m [2mconsensus_core::core[0m[2m:[0m [2mconsensus/core/src/core.rs[0m[2m:[0m[2m945:[0m Included 3 ancestors & excluded 0 ancestors for proposal in round 105
[2m2025-03-25T07:55:25.894388Z[0m [32m INFO[0m [1mnode[0m[1m{[0m[3mname[0m[2m=[0mk#99f25ef6..[1m}[0m[2m:[0m [2mconsensus_core::core[0m[2m:[0m [2mconsensus/core/src/core.rs[0m[2m:[0m[2m531:[0m Created block B105(B,ZD+oe+snTw5K4w1sFRLa8xknl5lr897zHMcKo/iPizI=)(1742889325894ms;[B104(B,BqU4qZTtgRlDs9OCHgnEzFRUd5LpdsBR4rNsaSsw4Gs=), B104(A,DsEeZHvJDwJY0QHosEGJR7/gU4nG88jqBw0yPTM3um0=), B104(C,tDQjNnKLYNVk6JlRMb6niyspbW/ha73PKT2gQcbOzp4=)];1t;1c) for round 105
[2m2025-03-25T07:55:25.894730Z[0m [32m INFO[0m [1mnode[0m[1m{[0m[3mname[0m[2m=[0mk#8dcff6d1..[1m}[0m[2m:[0m [2mconsensus_core::core[0m[2m:[0m [2mconsensus/core/src/core.rs[0m[2m:[0m[2m945:[0m Included 3 ancestors & excluded 0 ancestors for proposal in round 105
[2m2025-03-25T07:55:25.895029Z[0m [32m INFO[0m [1mnode[0m[1m{[0m[3mname[0m[2m=[0mk#8dcff6d1..[1m}[0m[2m:[0m [2mconsensus_core::core[0m[2m:[0m [2mconsensus/core/src/core.rs[0m[2m:[0m[2m531:[0m Created block B105(A,E8N9GHqaxW0Ud96heIiKDflEZ6OYkAJmGvmfYce2DsI=)(1742889325894ms;[B104(A,DsEeZHvJDwJY0QHosEGJR7/gU4nG88jqBw0yPTM3um0=), B104(B,BqU4qZTtgRlDs9OCHgnEzFRUd5LpdsBR4rNsaSsw4Gs=), B104(C,tDQjNnKLYNVk6JlRMb6niyspbW/ha73PKT2gQcbOzp4=)];1t;1c) for round 105
[2m2025-03-25T07:55:25.895972Z[0m [32m INFO[0m [1mnode[0m[1m{[0m[3mname[0m[2m=[0mk#addeef94..[1m}[0m[2m:[0m [2mconsensus_core::core[0m[2m:[0m [2mconsensus/core/src/core.rs[0m[2m:[0m[2m945:[0m Included 3 ancestors & excluded 0 ancestors for proposal in round 105
[2m2025-03-25T07:55:25.896249Z[0m [32m INFO[0m [1mnode[0m[1m{[0m[3mname[0m[2m=[0mk#addeef94..[1m}[0m[2m:[0m [2mconsensus_core::core[0m[2m:[0m [2mconsensus/core/src/core.rs[0m[2m:[0m[2m531:[0m Created block B105(C,Oh/454RJ/nL4TKKd6KfXNuE1Q6csYyBMmX8zrGcTCy4=)(1742889325896ms;[B104(C,tDQjNnKLYNVk6JlRMb6niyspbW/ha73PKT2gQcbOzp4=), B104(A,DsEeZHvJDwJY0QHosEGJR7/gU4nG88jqBw0yPTM3um0=), B104(B,BqU4qZTtgRlDs9OCHgnEzFRUd5LpdsBR4rNsaSsw4Gs=)];1t;1c) for round 105
[2m2025-03-25T07:55:25.896382Z[0m [32m INFO[0m [1mnode[0m[1m{[0m[3mname[0m[2m=[0mk#addeef94..[1m}[0m[2m:[0m [2mconsensus_core::core[0m[2m:[0m [2mconsensus/core/src/core.rs[0m[2m:[0m[2m630:[0m Committing 1 leaders: B103(C,CN93)
[2m2025-03-25T07:55:25.896469Z[0m [32m INFO[0m [1mnode[0m[1m{[0m[3mname[0m[2m=[0mk#addeef94..[1m}[0m[2m:[0m [2mconsensus_core::commit_observer[0m[2m:[0m [2mconsensus/core/src/commit_observer.rs[0m[2m:[0m[2m173:[0m Consensus commit C96(b97O) with leader B103(C,CN93) has 3 blocks
[2m2025-03-25T07:55:25.896779Z[0m [32m INFO[0m [1mnode[0m[1m{[0m[3mname[0m[2m=[0mk#addeef94..[1m}[0m[2m:[0m [2msui_core::consensus_handler[0m[2m:[0m [2mcrates/sui-core/src/consensus_handler.rs[0m[2m:[0m[2m232:[0m Received consensus output [3mconsensus_commit[0m[2m=[0mCommittedSubDag(leader=B103(C,CN93), ref=C96(b97O), blocks=[3JEG, VDd2, CN93]) [3mepoch[0m[2m=[0m1
[2m2025-03-25T07:55:25.898999Z[0m [32m INFO[0m [1mnode[0m[1m{[0m[3mname[0m[2m=[0mk#99f25ef6..[1m}[0m[2m:[0m [2mconsensus_core::core[0m[2m:[0m [2mconsensus/core/src/core.rs[0m[2m:[0m[2m630:[0m Committing 1 leaders: B103(C,CN93)
[2m2025-03-25T07:55:25.898999Z[0m [32m INFO[0m [1mnode[0m[1m{[0m[3mname[0m[2m=[0mk#8dcff6d1..[1m}[0m[2m:[0m [2mconsensus_core::core[0m[2m:[0m [2mconsensus/core/src/core.rs[0m[2m:[0m[2m630:[0m Committing 1 leaders: B103(C,CN93)
[2m2025-03-25T07:55:25.899093Z[0m [32m INFO[0m [1mnode[0m[1m{[0m[3mname[0m[2m=[0mk#8dcff6d1..[1m}[0m[2m:[0m [2mconsensus_core::commit_observer[0m[2m:[0m [2mconsensus/core/src/commit_observer.rs[0m[2m:[0m[2m173:[0m Consensus commit C96(b97O) with leader B103(C,CN93) has 3 blocks
[2m2025-03-25T07:55:25.899096Z[0m [32m INFO[0m [1mnode[0m[1m{[0m[3mname[0m[2m=[0mk#99f25ef6..[1m}[0m[2m:[0m [2mconsensus_core::commit_observer[0m[2m:[0m [2mconsensus/core/src/commit_observer.rs[0m[2m:[0m[2m173:[0m Consensus commit C96(b97O) with leader B103(C,CN93) has 3 blocks
[2m2025-03-25T07:55:25.899168Z[0m [32m INFO[0m [1mnode[0m[1m{[0m[3mname[0m[2m=[0mk#99f25ef6..[1m}[0m[2m:[0m [2msui_core::consensus_handler[0m[2m:[0m [2mcrates/sui-core/src/consensus_handler.rs[0m[2m:[0m[2m232:[0m Received consensus output [3mconsensus_commit[0m[2m=[0mCommittedSubDag(leader=B103(C,CN93), ref=C96(b97O), blocks=[3JEG, VDd2, CN93]) [3mepoch[0m[2m=[0m1
[2m2025-03-25T07:55:25.899168Z[0m [32m INFO[0m [1mnode[0m[1m{[0m[3mname[0m[2m=[0mk#8dcff6d1..[1m}[0m[2m:[0m [2msui_core::consensus_handler[0m[2m:[0m [2mcrates/sui-core/src/consensus_handler.rs[0m[2m:[0m[2m232:[0m Received consensus output [3mconsensus_commit[0m[2m=[0mCommittedSubDag(leader=B103(C,CN93), ref=C96(b97O), blocks=[3JEG, VDd2, CN93]) [3mepoch[0m[2m=[0m1
[2m2025-03-25T07:55:25.923252Z[0m [32m INFO[0m [1mnode[0m[1m{[0m[3mname[0m[2m=[0mk#addeef94..[1m}[0m[2m:[0m [2msui_core::checkpoints[0m[2m:[0m [2mcrates/sui-core/src/checkpoints/mod.rs[0m[2m:[0m[2m1326:[0m Creating checkpoint(s) for 2 transactions [3mnext_checkpoint_seq[0m[2m=[0m309 [3mcheckpoint_timestamp[0m[2m=[0m1742889325379
[2m2025-03-25T07:55:25.923552Z[0m [32m INFO[0m [1mnode[0m[1m{[0m[3mname[0m[2m=[0mk#addeef94..[1m}[0m[2m:[0m [2msui_core::checkpoints::checkpoint_output[0m[2m:[0m [2mcrates/sui-core/src/checkpoints/checkpoint_output.rs[0m[2m:[0m[2m149:[0m Creating checkpoint CheckpointDigest(zqpRcV45LK86zt15tQDMu7cwBMFkFip3kGZm2QDjebS) at epoch 1, sequence 309, previous digest Some(CheckpointDigest(EfABgQBW89iVcQvaGjd6YTticwp7uzuJ7yyjBSw9MjbA)), transactions count 2, content digest CheckpointContentsDigest(7buVgTiv4bovy9eC1TCTozELZfqVbqkpAwN8yV56tdUn), end_of_epoch_data None
[2m2025-03-25T07:55:25.925173Z[0m [32m INFO[0m [1mnode[0m[1m{[0m[3mname[0m[2m=[0mk#99f25ef6..[1m}[0m[2m:[0m [2msui_core::checkpoints[0m[2m:[0m [2mcrates/sui-core/src/checkpoints/mod.rs[0m[2m:[0m[2m1326:[0m Creating checkpoint(s) for 2 transactions [3mnext_checkpoint_seq[0m[2m=[0m309 [3mcheckpoint_timestamp[0m[2m=[0m1742889325379
[2m2025-03-25T07:55:25.925188Z[0m [32m INFO[0m [1mnode[0m[1m{[0m[3mname[0m[2m=[0mk#8dcff6d1..[1m}[0m[2m:[0m [2msui_core::checkpoints[0m[2m:[0m [2mcrates/sui-core/src/checkpoints/mod.rs[0m[2m:[0m[2m1326:[0m Creating checkpoint(s) for 2 transactions [3mnext_checkpoint_seq[0m[2m=[0m309 [3mcheckpoint_timestamp[0m[2m=[0m1742889325379
[2m2025-03-25T07:55:25.925428Z[0m [32m INFO[0m [1mnode[0m[1m{[0m[3mname[0m[2m=[0mk#99f25ef6..[1m}[0m[2m:[0m [2msui_core::checkpoints::checkpoint_output[0m[2m:[0m [2mcrates/sui-core/src/checkpoints/checkpoint_output.rs[0m[2m:[0m[2m149:[0m Creating checkpoint CheckpointDigest(zqpRcV45LK86zt15tQDMu7cwBMFkFip3kGZm2QDjebS) at epoch 1, sequence 309, previous digest Some(CheckpointDigest(EfABgQBW89iVcQvaGjd6YTticwp7uzuJ7yyjBSw9MjbA)), transactions count 2, content digest CheckpointContentsDigest(7buVgTiv4bovy9eC1TCTozELZfqVbqkpAwN8yV56tdUn), end_of_epoch_data None
[2m2025-03-25T07:55:25.925440Z[0m [32m INFO[0m [1mnode[0m[1m{[0m[3mname[0m[2m=[0mk#8dcff6d1..[1m}[0m[2m:[0m [2msui_core::checkpoints::checkpoint_output[0m[2m:[0m [2mcrates/sui-core/src/checkpoints/checkpoint_output.rs[0m[2m:[0m[2m149:[0m Creating checkpoint CheckpointDigest(zqpRcV45LK86zt15tQDMu7cwBMFkFip3kGZm2QDjebS) at epoch 1, sequence 309, previous digest Some(CheckpointDigest(EfABgQBW89iVcQvaGjd6YTticwp7uzuJ7yyjBSw9MjbA)), transactions count 2, content digest CheckpointContentsDigest(7buVgTiv4bovy9eC1TCTozELZfqVbqkpAwN8yV56tdUn), end_of_epoch_data None
[2m2025-03-25T07:55:25.928202Z[0m [32m INFO[0m [1mnode[0m[1m{[0m[3mname[0m[2m=[0mk#8dcff6d1..[1m}[0m[2m:[0m [2msui_core::checkpoints::checkpoint_output[0m[2m:[0m [2mcrates/sui-core/src/checkpoints/checkpoint_output.rs[0m[2m:[0m[2m196:[0m Certified checkpoint with sequence 308 and digest EfABgQBW89iVcQvaGjd6YTticwp7uzuJ7yyjBSw9MjbA
[2m2025-03-25T07:55:25.928207Z[0m [32m INFO[0m [1mnode[0m[1m{[0m[3mname[0m[2m=[0mk#99f25ef6..[1m}[0m[2m:[0m [2msui_core::checkpoints::checkpoint_output[0m[2m:[0m [2mcrates/sui-core/src/checkpoints/checkpoint_output.rs[0m[2m:[0m[2m196:[0m Certified checkpoint with sequence 308 and digest EfABgQBW89iVcQvaGjd6YTticwp7uzuJ7yyjBSw9MjbA
[2m2025-03-25T07:55:25.928610Z[0m [32m INFO[0m [1mnode[0m[1m{[0m[3mname[0m[2m=[0mk#8dcff6d1..[1m}[0m[2m:[0m [2msui_core::checkpoints::checkpoint_executor[0m[2m:[0m [2mcrates/sui-core/src/checkpoints/checkpoint_executor/mod.rs[0m[2m:[0m[2m332:[0m Received checkpoint summary from state sync [3msequence_number[0m[2m=[0m308
[2m2025-03-25T07:55:25.928610Z[0m [32m INFO[0m [1mnode[0m[1m{[0m[3mname[0m[2m=[0mk#99f25ef6..[1m}[0m[2m:[0m [2msui_core::checkpoints::checkpoint_executor[0m[2m:[0m [2mcrates/sui-core/src/checkpoints/checkpoint_executor/mod.rs[0m[2m:[0m[2m332:[0m Received checkpoint summary from state sync [3msequence_number[0m[2m=[0m308
[2m2025-03-25T07:55:25.929712Z[0m [32m INFO[0m [1mnode[0m[1m{[0m[3mname[0m[2m=[0mk#8dcff6d1..[1m}[0m[2m:[0m [2msui_core::state_accumulator[0m[2m:[0m [2mcrates/sui-core/src/state_accumulator.rs[0m[2m:[0m[2m675:[0m accumulating running root for checkpoint 308
[2m2025-03-25T07:55:25.929712Z[0m [32m INFO[0m [1mnode[0m[1m{[0m[3mname[0m[2m=[0mk#99f25ef6..[1m}[0m[2m:[0m [2msui_core::state_accumulator[0m[2m:[0m [2mcrates/sui-core/src/state_accumulator.rs[0m[2m:[0m[2m675:[0m accumulating running root for checkpoint 308
[2m2025-03-25T07:55:25.931597Z[0m [32m INFO[0m [1mnode[0m[1m{[0m[3mname[0m[2m=[0mk#addeef94..[1m}[0m[2m:[0m [2msui_core::checkpoints::checkpoint_executor[0m[2m:[0m [2mcrates/sui-core/src/checkpoints/checkpoint_executor/mod.rs[0m[2m:[0m[2m332:[0m Received checkpoint summary from state sync [3msequence_number[0m[2m=[0m308
[2m2025-03-25T07:55:25.932310Z[0m [32m INFO[0m [1mnode[0m[1m{[0m[3mname[0m[2m=[0mk#addeef94..[1m}[0m[2m:[0m [2msui_core::state_accumulator[0m[2m:[0m [2mcrates/sui-core/src/state_accumulator.rs[0m[2m:[0m[2m675:[0m accumulating running root for checkpoint 308
[2m2025-03-25T07:55:25.932801Z[0m [32m INFO[0m [1mnode[0m[1m{[0m[3mname[0m[2m=[0mk#b3f3cbb4..[1m}[0m[2m:[0m [2msui_core::checkpoints::checkpoint_executor[0m[2m:[0m [2mcrates/sui-core/src/checkpoints/checkpoint_executor/mod.rs[0m[2m:[0m[2m332:[0m Received checkpoint summary from state sync [3msequence_number[0m[2m=[0m308
[2m2025-03-25T07:55:25.958614Z[0m [32m INFO[0m [1mnode[0m[1m{[0m[3mname[0m[2m=[0mk#b3f3cbb4..[1m}[0m[2m:[0m [2msui_core::state_accumulator[0m[2m:[0m [2mcrates/sui-core/src/state_accumulator.rs[0m[2m:[0m[2m675:[0m accumulating running root for checkpoint 308
[2m2025-03-25T07:55:26.149594Z[0m [32m INFO[0m [1mnode[0m[1m{[0m[3mname[0m[2m=[0mk#addeef94..[1m}[0m[2m:[0m [2mconsensus_core::core[0m[2m:[0m [2mconsensus/core/src/core.rs[0m[2m:[0m[2m945:[0m Included 3 ancestors & excluded 0 ancestors for proposal in round 106
[2m2025-03-25T07:55:26.150745Z[0m [32m INFO[0m [1mnode[0m[1m{[0m[3mname[0m[2m=[0mk#8dcff6d1..[1m}[0m[2m:[0m [2mconsensus_core::core[0m[2m:[0m [2mconsensus/core/src/core.rs[0m[2m:[0m[2m945:[0m Included 3 ancestors & excluded 0 ancestors for proposal in round 106
[2m2025-03-25T07:55:26.151752Z[0m [32m INFO[0m [1mnode[0m[1m{[0m[3mname[0m[2m=[0mk#99f25ef6..[1m}[0m[2m:[0m [2mconsensus_core::core[0m[2m:[0m [2mconsensus/core/src/core.rs[0m[2m:[0m[2m945:[0m Included 3 ancestors & excluded 0 ancestors for proposal in round 106
[2m2025-03-25T07:55:26.151711Z[0m [32m INFO[0m [1mnode[0m[1m{[0m[3mname[0m[2m=[0mk#addeef94..[1m}[0m[2m:[0m [2mconsensus_core::core[0m[2m:[0m [2mconsensus/core/src/core.rs[0m[2m:[0m[2m531:[0m Created block B106(C,pBM3NUqnHCvigLzYeW4Eq5QDsIhSnCuH93WH/k7Ikpc=)(1742889326149ms;[B105(C,Oh/454RJ/nL4TKKd6KfXNuE1Q6csYyBMmX8zrGcTCy4=), B105(A,E8N9GHqaxW0Ud96heIiKDflEZ6OYkAJmGvmfYce2DsI=), B105(B,ZD+oe+snTw5K4w1sFRLa8xknl5lr897zHMcKo/iPizI=)];1t;1c) for round 106
[2m2025-03-25T07:55:26.152315Z[0m [32m INFO[0m [1mnode[0m[1m{[0m[3mname[0m[2m=[0mk#8dcff6d1..[1m}[0m[2m:[0m [2mconsensus_core::core[0m[2m:[0m [2mconsensus/core/src/core.rs[0m[2m:[0m[2m531:[0m Created block B106(A,Hme9gWvX3YWQILjwIMofTGphpE9vS8So5PLDt1tPzX0=)(1742889326151ms;[B105(A,E8N9GHqaxW0Ud96heIiKDflEZ6OYkAJmGvmfYce2DsI=), B105(B,ZD+oe+snTw5K4w1sFRLa8xknl5lr897zHMcKo/iPizI=), B105(C,Oh/454RJ/nL4TKKd6KfXNuE1Q6csYyBMmX8zrGcTCy4=)];1t;1c) for round 106
[2m2025-03-25T07:55:26.153264Z[0m [32m INFO[0m [1mnode[0m[1m{[0m[3mname[0m[2m=[0mk#99f25ef6..[1m}[0m[2m:[0m [2mconsensus_core::core[0m[2m:[0m [2mconsensus/core/src/core.rs[0m[2m:[0m[2m531:[0m Created block B106(B,51bixiO4rf/Bdk6jTVuhZouANctK2fIWyd3joTp07+s=)(1742889326151ms;[B105(B,ZD+oe+snTw5K4w1sFRLa8xknl5lr897zHMcKo/iPizI=), B105(A,E8N9GHqaxW0Ud96heIiKDflEZ6OYkAJmGvmfYce2DsI=), B105(C,Oh/454RJ/nL4TKKd6KfXNuE1Q6csYyBMmX8zrGcTCy4=)];1t;1c) for round 106
[2m2025-03-25T07:55:26.159169Z[0m [32m INFO[0m [1mnode[0m[1m{[0m[3mname[0m[2m=[0mk#8dcff6d1..[1m}[0m[2m:[0m [2mconsensus_core::core[0m[2m:[0m [2mconsensus/core/src/core.rs[0m[2m:[0m[2m630:[0m Committing 1 leaders: B104(C,tDQj)
[2m2025-03-25T07:55:26.159273Z[0m [32m INFO[0m [1mnode[0m[1m{[0m[3mname[0m[2m=[0mk#addeef94..[1m}[0m[2m:[0m [2mconsensus_core::core[0m[2m:[0m [2mconsensus/core/src/core.rs[0m[2m:[0m[2m630:[0m Committing 1 leaders: B104(C,tDQj)
[2m2025-03-25T07:55:26.159564Z[0m [32m INFO[0m [1mnode[0m[1m{[0m[3mname[0m[2m=[0mk#8dcff6d1..[1m}[0m[2m:[0m [2mconsensus_core::commit_observer[0m[2m:[0m [2mconsensus/core/src/commit_observer.rs[0m[2m:[0m[2m173:[0m Consensus commit C97(4mFH) with leader B104(C,tDQj) has 2 blocks
[2m2025-03-25T07:55:26.159594Z[0m [32m INFO[0m [1mnode[0m[1m{[0m[3mname[0m[2m=[0mk#addeef94..[1m}[0m[2m:[0m [2mconsensus_core::commit_observer[0m[2m:[0m [2mconsensus/core/src/commit_observer.rs[0m[2m:[0m[2m173:[0m Consensus commit C97(4mFH) with leader B104(C,tDQj) has 2 blocks
[2m2025-03-25T07:55:26.159823Z[0m [32m INFO[0m [1mnode[0m[1m{[0m[3mname[0m[2m=[0mk#addeef94..[1m}[0m[2m:[0m [2msui_core::consensus_handler[0m[2m:[0m [2mcrates/sui-core/src/consensus_handler.rs[0m[2m:[0m[2m232:[0m Received consensus output [3mconsensus_commit[0m[2m=[0mCommittedSubDag(leader=B104(C,tDQj), ref=C97(4mFH), blocks=[amma, tDQj]) [3mepoch[0m[2m=[0m1
[2m2025-03-25T07:55:26.159823Z[0m [32m INFO[0m [1mnode[0m[1m{[0m[3mname[0m[2m=[0mk#8dcff6d1..[1m}[0m[2m:[0m [2msui_core::consensus_handler[0m[2m:[0m [2mcrates/sui-core/src/consensus_handler.rs[0m[2m:[0m[2m232:[0m Received consensus output [3mconsensus_commit[0m[2m=[0mCommittedSubDag(leader=B104(C,tDQj), ref=C97(4mFH), blocks=[amma, tDQj]) [3mepoch[0m[2m=[0m1
[2m2025-03-25T07:55:26.165467Z[0m [32m INFO[0m [1mnode[0m[1m{[0m[3mname[0m[2m=[0mk#99f25ef6..[1m}[0m[2m:[0m [2msui_core::checkpoints::checkpoint_output[0m[2m:[0m [2mcrates/sui-core/src/checkpoints/checkpoint_output.rs[0m[2m:[0m[2m196:[0m Certified checkpoint with sequence 309 and digest zqpRcV45LK86zt15tQDMu7cwBMFkFip3kGZm2QDjebS
[2m2025-03-25T07:55:26.165944Z[0m [32m INFO[0m [1mnode[0m[1m{[0m[3mname[0m[2m=[0mk#99f25ef6..[1m}[0m[2m:[0m [2mconsensus_core::core[0m[2m:[0m [2mconsensus/core/src/core.rs[0m[2m:[0m[2m630:[0m Committing 1 leaders: B104(C,tDQj)
[2m2025-03-25T07:55:26.166188Z[0m [32m INFO[0m [1mnode[0m[1m{[0m[3mname[0m[2m=[0mk#99f25ef6..[1m}[0m[2m:[0m [2mconsensus_core::commit_observer[0m[2m:[0m [2mconsensus/core/src/commit_observer.rs[0m[2m:[0m[2m173:[0m Consensus commit C97(4mFH) with leader B104(C,tDQj) has 2 blocks
[2m2025-03-25T07:55:26.167276Z[0m [32m INFO[0m [1mnode[0m[1m{[0m[3mname[0m[2m=[0mk#99f25ef6..[1m}[0m[2m:[0m [2msui_core::consensus_handler[0m[2m:[0m [2mcrates/sui-core/src/consensus_handler.rs[0m[2m:[0m[2m232:[0m Received consensus output [3mconsensus_commit[0m[2m=[0mCommittedSubDag(leader=B104(C,tDQj), ref=C97(4mFH), blocks=[amma, tDQj]) [3mepoch[0m[2m=[0m1
[2m2025-03-25T07:55:26.168592Z[0m [32m INFO[0m [1mnode[0m[1m{[0m[3mname[0m[2m=[0mk#99f25ef6..[1m}[0m[2m:[0m [2msui_core::checkpoints::checkpoint_executor[0m[2m:[0m [2mcrates/sui-core/src/checkpoints/checkpoint_executor/mod.rs[0m[2m:[0m[2m332:[0m Received checkpoint summary from state sync [3msequence_number[0m[2m=[0m309
[2m2025-03-25T07:55:26.192552Z[0m [32m INFO[0m [1mnode[0m[1m{[0m[3mname[0m[2m=[0mk#99f25ef6..[1m}[0m[2m:[0m [2msui_core::state_accumulator[0m[2m:[0m [2mcrates/sui-core/src/state_accumulator.rs[0m[2m:[0m[2m675:[0m accumulating running root for checkpoint 309
[2m2025-03-25T07:55:26.230290Z[0m [32m INFO[0m [1mnode[0m[1m{[0m[3mname[0m[2m=[0mk#99f25ef6..[1m}[0m[2m:[0m [2msui_core::checkpoints[0m[2m:[0m [2mcrates/sui-core/src/checkpoints/mod.rs[0m[2m:[0m[2m1326:[0m Creating checkpoint(s) for 1 transactions [3mnext_checkpoint_seq[0m[2m=[0m310 [3mcheckpoint_timestamp[0m[2m=[0m1742889325633
[2m2025-03-25T07:55:26.230363Z[0m [32m INFO[0m [1mnode[0m[1m{[0m[3mname[0m[2m=[0mk#8dcff6d1..[1m}[0m[2m:[0m [2msui_core::checkpoints[0m[2m:[0m [2mcrates/sui-core/src/checkpoints/mod.rs[0m[2m:[0m[2m1326:[0m Creating checkpoint(s) for 1 transactions [3mnext_checkpoint_seq[0m[2m=[0m310 [3mcheckpoint_timestamp[0m[2m=[0m1742889325633
[2m2025-03-25T07:55:26.230484Z[0m [32m INFO[0m [1mnode[0m[1m{[0m[3mname[0m[2m=[0mk#addeef94..[1m}[0m[2m:[0m [2msui_core::checkpoints[0m[2m:[0m [2mcrates/sui-core/src/checkpoints/mod.rs[0m[2m:[0m[2m1326:[0m Creating checkpoint(s) for 1 transactions [3mnext_checkpoint_seq[0m[2m=[0m310 [3mcheckpoint_timestamp[0m[2m=[0m1742889325633
[2m2025-03-25T07:55:26.230527Z[0m [32m INFO[0m [1mnode[0m[1m{[0m[3mname[0m[2m=[0mk#99f25ef6..[1m}[0m[2m:[0m [2msui_core::checkpoints::checkpoint_output[0m[2m:[0m [2mcrates/sui-core/src/checkpoints/checkpoint_output.rs[0m[2m:[0m[2m149:[0m Creating checkpoint CheckpointDigest(FVEVWcHXuHNbr1XKS8QkLXShfY1f2iVV8qimMx646HR6) at epoch 1, sequence 310, previous digest Some(CheckpointDigest(zqpRcV45LK86zt15tQDMu7cwBMFkFip3kGZm2QDjebS)), transactions count 1, content digest CheckpointContentsDigest(Dhx3qdom3b7N8DeAVK9Kei3HrtWtS6ZRr4MVDpAuHjbw), end_of_epoch_data None
[2m2025-03-25T07:55:26.230540Z[0m [32m INFO[0m [1mnode[0m[1m{[0m[3mname[0m[2m=[0mk#8dcff6d1..[1m}[0m[2m:[0m [2msui_core::checkpoints::checkpoint_output[0m[2m:[0m [2mcrates/sui-core/src/checkpoints/checkpoint_output.rs[0m[2m:[0m[2m149:[0m Creating checkpoint CheckpointDigest(FVEVWcHXuHNbr1XKS8QkLXShfY1f2iVV8qimMx646HR6) at epoch 1, sequence 310, previous digest Some(CheckpointDigest(zqpRcV45LK86zt15tQDMu7cwBMFkFip3kGZm2QDjebS)), transactions count 1, content digest CheckpointContentsDigest(Dhx3qdom3b7N8DeAVK9Kei3HrtWtS6ZRr4MVDpAuHjbw), end_of_epoch_data None
[2m2025-03-25T07:55:26.230653Z[0m [32m INFO[0m [1mnode[0m[1m{[0m[3mname[0m[2m=[0mk#addeef94..[1m}[0m[2m:[0m [2msui_core::checkpoints::checkpoint_output[0m[2m:[0m [2mcrates/sui-core/src/checkpoints/checkpoint_output.rs[0m[2m:[0m[2m149:[0m Creating checkpoint CheckpointDigest(FVEVWcHXuHNbr1XKS8QkLXShfY1f2iVV8qimMx646HR6) at epoch 1, sequence 310, previous digest Some(CheckpointDigest(zqpRcV45LK86zt15tQDMu7cwBMFkFip3kGZm2QDjebS)), transactions count 1, content digest CheckpointContentsDigest(Dhx3qdom3b7N8DeAVK9Kei3HrtWtS6ZRr4MVDpAuHjbw), end_of_epoch_data None
[2m2025-03-25T07:55:26.233762Z[0m [32m INFO[0m [1mnode[0m[1m{[0m[3mname[0m[2m=[0mk#8dcff6d1..[1m}[0m[2m:[0m [2msui_core::checkpoints::checkpoint_output[0m[2m:[0m [2mcrates/sui-core/src/checkpoints/checkpoint_output.rs[0m[2m:[0m[2m196:[0m Certified checkpoint with sequence 309 and digest zqpRcV45LK86zt15tQDMu7cwBMFkFip3kGZm2QDjebS
[2m2025-03-25T07:55:26.237099Z[0m [32m INFO[0m [1mnode[0m[1m{[0m[3mname[0m[2m=[0mk#b3f3cbb4..[1m}[0m[2m:[0m [2msui_core::checkpoints::checkpoint_executor[0m[2m:[0m [2mcrates/sui-core/src/checkpoints/checkpoint_executor/mod.rs[0m[2m:[0m[2m332:[0m Received checkpoint summary from state sync [3msequence_number[0m[2m=[0m309
[2m2025-03-25T07:55:26.237517Z[0m [32m INFO[0m [1mnode[0m[1m{[0m[3mname[0m[2m=[0mk#8dcff6d1..[1m}[0m[2m:[0m [2msui_core::checkpoints::checkpoint_executor[0m[2m:[0m [2mcrates/sui-core/src/checkpoints/checkpoint_executor/mod.rs[0m[2m:[0m[2m332:[0m Received checkpoint summary from state sync [3msequence_number[0m[2m=[0m309
[2m2025-03-25T07:55:26.257097Z[0m [32m INFO[0m [1mnode[0m[1m{[0m[3mname[0m[2m=[0mk#8dcff6d1..[1m}[0m[2m:[0m [2msui_core::state_accumulator[0m[2m:[0m [2mcrates/sui-core/src/state_accumulator.rs[0m[2m:[0m[2m675:[0m accumulating running root for checkpoint 309
[2m2025-03-25T07:55:26.301044Z[0m [32m INFO[0m [1mnode[0m[1m{[0m[3mname[0m[2m=[0mk#addeef94..[1m}[0m[2m:[0m [2msui_core::checkpoints::checkpoint_executor[0m[2m:[0m [2mcrates/sui-core/src/checkpoints/checkpoint_executor/mod.rs[0m[2m:[0m[2m332:[0m Received checkpoint summary from state sync [3msequence_number[0m[2m=[0m309
[2m2025-03-25T07:55:26.302330Z[0m [32m INFO[0m [1mnode[0m[1m{[0m[3mname[0m[2m=[0mk#addeef94..[1m}[0m[2m:[0m [2msui_core::state_accumulator[0m[2m:[0m [2mcrates/sui-core/src/state_accumulator.rs[0m[2m:[0m[2m675:[0m accumulating running root for checkpoint 309
[2m2025-03-25T07:55:26.328447Z[0m [32m INFO[0m [1mnode[0m[1m{[0m[3mname[0m[2m=[0mk#b3f3cbb4..[1m}[0m[2m:[0m [2msui_core::state_accumulator[0m[2m:[0m [2mcrates/sui-core/src/state_accumulator.rs[0m[2m:[0m[2m675:[0m accumulating running root for checkpoint 309
[2m2025-03-25T07:55:26.412010Z[0m [32m INFO[0m [1mnode[0m[1m{[0m[3mname[0m[2m=[0mk#8dcff6d1..[1m}[0m[2m:[0m [2mconsensus_core::core[0m[2m:[0m [2mconsensus/core/src/core.rs[0m[2m:[0m[2m945:[0m Included 3 ancestors & excluded 0 ancestors for proposal in round 107
[2m2025-03-25T07:55:26.412115Z[0m [32m INFO[0m [1mnode[0m[1m{[0m[3mname[0m[2m=[0mk#addeef94..[1m}[0m[2m:[0m [2mconsensus_core::core[0m[2m:[0m [2mconsensus/core/src/core.rs[0m[2m:[0m[2m945:[0m Included 3 ancestors & excluded 0 ancestors for proposal in round 107
[2m2025-03-25T07:55:26.412548Z[0m [32m INFO[0m [1mnode[0m[1m{[0m[3mname[0m[2m=[0mk#addeef94..[1m}[0m[2m:[0m [2mconsensus_core::core[0m[2m:[0m [2mconsensus/core/src/core.rs[0m[2m:[0m[2m531:[0m Created block B107(C,93Nqaxnn+q2RqM+aZSHuH0USTEpwuTCX/wngJqxz9vM=)(1742889326412ms;[B106(C,pBM3NUqnHCvigLzYeW4Eq5QDsIhSnCuH93WH/k7Ikpc=), B106(A,Hme9gWvX3YWQILjwIMofTGphpE9vS8So5PLDt1tPzX0=), B106(B,51bixiO4rf/Bdk6jTVuhZouANctK2fIWyd3joTp07+s=)];1t;1c) for round 107
[2m2025-03-25T07:55:26.412548Z[0m [32m INFO[0m [1mnode[0m[1m{[0m[3mname[0m[2m=[0mk#8dcff6d1..[1m}[0m[2m:[0m [2mconsensus_core::core[0m[2m:[0m [2mconsensus/core/src/core.rs[0m[2m:[0m[2m531:[0m Created block B107(A,7H6ZGjtVwPL7OzSXGKBQ9els2dg+PLn9zFTz9/AEglY=)(1742889326412ms;[B106(A,Hme9gWvX3YWQILjwIMofTGphpE9vS8So5PLDt1tPzX0=), B106(B,51bixiO4rf/Bdk6jTVuhZouANctK2fIWyd3joTp07+s=), B106(C,pBM3NUqnHCvigLzYeW4Eq5QDsIhSnCuH93WH/k7Ikpc=)];1t;1c) for round 107
[2m2025-03-25T07:55:26.415062Z[0m [32m INFO[0m [1mnode[0m[1m{[0m[3mname[0m[2m=[0mk#8dcff6d1..[1m}[0m[2m:[0m [2mconsensus_core::core[0m[2m:[0m [2mconsensus/core/src/core.rs[0m[2m:[0m[2m630:[0m Committing 1 leaders: B105(C,Oh/4)
[2m2025-03-25T07:55:26.415121Z[0m [32m INFO[0m [1mnode[0m[1m{[0m[3mname[0m[2m=[0mk#addeef94..[1m}[0m[2m:[0m [2mconsensus_core::core[0m[2m:[0m [2mconsensus/core/src/core.rs[0m[2m:[0m[2m630:[0m Committing 1 leaders: B105(C,Oh/4)
[2m2025-03-25T07:55:26.415191Z[0m [32m INFO[0m [1mnode[0m[1m{[0m[3mname[0m[2m=[0mk#8dcff6d1..[1m}[0m[2m:[0m [2mconsensus_core::commit_observer[0m[2m:[0m [2mconsensus/core/src/commit_observer.rs[0m[2m:[0m[2m173:[0m Consensus commit C98(2JxF) with leader B105(C,Oh/4) has 3 blocks
[2m2025-03-25T07:55:26.415237Z[0m [32m INFO[0m [1mnode[0m[1m{[0m[3mname[0m[2m=[0mk#addeef94..[1m}[0m[2m:[0m [2mconsensus_core::commit_observer[0m[2m:[0m [2mconsensus/core/src/commit_observer.rs[0m[2m:[0m[2m173:[0m Consensus commit C98(2JxF) with leader B105(C,Oh/4) has 3 blocks
[2m2025-03-25T07:55:26.415299Z[0m [32m INFO[0m [1mnode[0m[1m{[0m[3mname[0m[2m=[0mk#8dcff6d1..[1m}[0m[2m:[0m [2msui_core::consensus_handler[0m[2m:[0m [2mcrates/sui-core/src/consensus_handler.rs[0m[2m:[0m[2m232:[0m Received consensus output [3mconsensus_commit[0m[2m=[0mCommittedSubDag(leader=B105(C,Oh/4), ref=C98(2JxF), blocks=[DsEe, BqU4, Oh/4]) [3mepoch[0m[2m=[0m1
[2m2025-03-25T07:55:26.415330Z[0m [32m INFO[0m [1mnode[0m[1m{[0m[3mname[0m[2m=[0mk#addeef94..[1m}[0m[2m:[0m [2msui_core::consensus_handler[0m[2m:[0m [2mcrates/sui-core/src/consensus_handler.rs[0m[2m:[0m[2m232:[0m Received consensus output [3mconsensus_commit[0m[2m=[0mCommittedSubDag(leader=B105(C,Oh/4), ref=C98(2JxF), blocks=[DsEe, BqU4, Oh/4]) [3mepoch[0m[2m=[0m1
[2m2025-03-25T07:55:26.418133Z[0m [32m INFO[0m [1mnode[0m[1m{[0m[3mname[0m[2m=[0mk#99f25ef6..[1m}[0m[2m:[0m [2msui_core::checkpoints::checkpoint_output[0m[2m:[0m [2mcrates/sui-core/src/checkpoints/checkpoint_output.rs[0m[2m:[0m[2m196:[0m Certified checkpoint with sequence 310 and digest FVEVWcHXuHNbr1XKS8QkLXShfY1f2iVV8qimMx646HR6
[2m2025-03-25T07:55:26.418278Z[0m [32m INFO[0m [1mnode[0m[1m{[0m[3mname[0m[2m=[0mk#99f25ef6..[1m}[0m[2m:[0m [2mconsensus_core::core[0m[2m:[0m [2mconsensus/core/src/core.rs[0m[2m:[0m[2m630:[0m Committing 1 leaders: B105(C,Oh/4)
[2m2025-03-25T07:55:26.418441Z[0m [32m INFO[0m [1mnode[0m[1m{[0m[3mname[0m[2m=[0mk#99f25ef6..[1m}[0m[2m:[0m [2mconsensus_core::commit_observer[0m[2m:[0m [2mconsensus/core/src/commit_observer.rs[0m[2m:[0m[2m173:[0m Consensus commit C98(2JxF) with leader B105(C,Oh/4) has 3 blocks
[2m2025-03-25T07:55:26.418938Z[0m [32m INFO[0m [1mnode[0m[1m{[0m[3mname[0m[2m=[0mk#99f25ef6..[1m}[0m[2m:[0m [2msui_core::consensus_handler[0m[2m:[0m [2mcrates/sui-core/src/consensus_handler.rs[0m[2m:[0m[2m232:[0m Received consensus output [3mconsensus_commit[0m[2m=[0mCommittedSubDag(leader=B105(C,Oh/4), ref=C98(2JxF), blocks=[DsEe, BqU4, Oh/4]) [3mepoch[0m[2m=[0m1
[2m2025-03-25T07:55:26.419701Z[0m [32m INFO[0m [1mnode[0m[1m{[0m[3mname[0m[2m=[0mk#99f25ef6..[1m}[0m[2m:[0m [2msui_core::checkpoints::checkpoint_executor[0m[2m:[0m [2mcrates/sui-core/src/checkpoints/checkpoint_executor/mod.rs[0m[2m:[0m[2m332:[0m Received checkpoint summary from state sync [3msequence_number[0m[2m=[0m310
[2m2025-03-25T07:55:26.421430Z[0m [32m INFO[0m [1mnode[0m[1m{[0m[3mname[0m[2m=[0mk#99f25ef6..[1m}[0m[2m:[0m [2msui_core::state_accumulator[0m[2m:[0m [2mcrates/sui-core/src/state_accumulator.rs[0m[2m:[0m[2m675:[0m accumulating running root for checkpoint 310
[2m2025-03-25T07:55:26.446470Z[0m [32m INFO[0m [1mnode[0m[1m{[0m[3mname[0m[2m=[0mk#addeef94..[1m}[0m[2m:[0m [2msui_core::checkpoints[0m[2m:[0m [2mcrates/sui-core/src/checkpoints/mod.rs[0m[2m:[0m[2m1326:[0m Creating checkpoint(s) for 2 transactions [3mnext_checkpoint_seq[0m[2m=[0m311 [3mcheckpoint_timestamp[0m[2m=[0m1742889325896
[2m2025-03-25T07:55:26.446470Z[0m [32m INFO[0m [1mnode[0m[1m{[0m[3mname[0m[2m=[0mk#8dcff6d1..[1m}[0m[2m:[0m [2msui_core::checkpoints[0m[2m:[0m [2mcrates/sui-core/src/checkpoints/mod.rs[0m[2m:[0m[2m1326:[0m Creating checkpoint(s) for 2 transactions [3mnext_checkpoint_seq[0m[2m=[0m311 [3mcheckpoint_timestamp[0m[2m=[0m1742889325896
[2m2025-03-25T07:55:26.446791Z[0m [32m INFO[0m [1mnode[0m[1m{[0m[3mname[0m[2m=[0mk#8dcff6d1..[1m}[0m[2m:[0m [2msui_core::checkpoints::checkpoint_output[0m[2m:[0m [2mcrates/sui-core/src/checkpoints/checkpoint_output.rs[0m[2m:[0m[2m149:[0m Creating checkpoint CheckpointDigest(GE7fNLyjpS7AJVJ2Psy89KruedKFw95Ykvaqbur8Qas) at epoch 1, sequence 311, previous digest Some(CheckpointDigest(FVEVWcHXuHNbr1XKS8QkLXShfY1f2iVV8qimMx646HR6)), transactions count 2, content digest CheckpointContentsDigest(AybKSQwTXmqpz2BR9pEuhR7WUoP5Q5AL6VoQtcv2ZioY), end_of_epoch_data None
[2m2025-03-25T07:55:26.446791Z[0m [32m INFO[0m [1mnode[0m[1m{[0m[3mname[0m[2m=[0mk#addeef94..[1m}[0m[2m:[0m [2msui_core::checkpoints::checkpoint_output[0m[2m:[0m [2mcrates/sui-core/src/checkpoints/checkpoint_output.rs[0m[2m:[0m[2m149:[0m Creating checkpoint CheckpointDigest(GE7fNLyjpS7AJVJ2Psy89KruedKFw95Ykvaqbur8Qas) at epoch 1, sequence 311, previous digest Some(CheckpointDigest(FVEVWcHXuHNbr1XKS8QkLXShfY1f2iVV8qimMx646HR6)), transactions count 2, content digest CheckpointContentsDigest(AybKSQwTXmqpz2BR9pEuhR7WUoP5Q5AL6VoQtcv2ZioY), end_of_epoch_data None
[2m2025-03-25T07:55:26.449032Z[0m [32m INFO[0m [1mnode[0m[1m{[0m[3mname[0m[2m=[0mk#addeef94..[1m}[0m[2m:[0m [2msui_core::checkpoints::checkpoint_executor[0m[2m:[0m [2mcrates/sui-core/src/checkpoints/checkpoint_executor/mod.rs[0m[2m:[0m[2m332:[0m Received checkpoint summary from state sync [3msequence_number[0m[2m=[0m310
[2m2025-03-25T07:55:26.449844Z[0m [32m INFO[0m [1mnode[0m[1m{[0m[3mname[0m[2m=[0mk#addeef94..[1m}[0m[2m:[0m [2msui_core::state_accumulator[0m[2m:[0m [2mcrates/sui-core/src/state_accumulator.rs[0m[2m:[0m[2m675:[0m accumulating running root for checkpoint 310
[2m2025-03-25T07:55:26.450027Z[0m [32m INFO[0m [1mnode[0m[1m{[0m[3mname[0m[2m=[0mk#99f25ef6..[1m}[0m[2m:[0m [2msui_core::checkpoints[0m[2m:[0m [2mcrates/sui-core/src/checkpoints/mod.rs[0m[2m:[0m[2m1326:[0m Creating checkpoint(s) for 2 transactions [3mnext_checkpoint_seq[0m[2m=[0m311 [3mcheckpoint_timestamp[0m[2m=[0m1742889325896
[2m2025-03-25T07:55:26.450282Z[0m [32m INFO[0m [1mnode[0m[1m{[0m[3mname[0m[2m=[0mk#99f25ef6..[1m}[0m[2m:[0m [2msui_core::checkpoints::checkpoint_output[0m[2m:[0m [2mcrates/sui-core/src/checkpoints/checkpoint_output.rs[0m[2m:[0m[2m149:[0m Creating checkpoint CheckpointDigest(GE7fNLyjpS7AJVJ2Psy89KruedKFw95Ykvaqbur8Qas) at epoch 1, sequence 311, previous digest Some(CheckpointDigest(FVEVWcHXuHNbr1XKS8QkLXShfY1f2iVV8qimMx646HR6)), transactions count 2, content digest CheckpointContentsDigest(AybKSQwTXmqpz2BR9pEuhR7WUoP5Q5AL6VoQtcv2ZioY), end_of_epoch_data None
[2m2025-03-25T07:55:26.452069Z[0m [32m INFO[0m [1mnode[0m[1m{[0m[3mname[0m[2m=[0mk#b3f3cbb4..[1m}[0m[2m:[0m [2msui_core::checkpoints::checkpoint_executor[0m[2m:[0m [2mcrates/sui-core/src/checkpoints/checkpoint_executor/mod.rs[0m[2m:[0m[2m332:[0m Received checkpoint summary from state sync [3msequence_number[0m[2m=[0m310
[2m2025-03-25T07:55:26.453974Z[0m [32m INFO[0m [1mnode[0m[1m{[0m[3mname[0m[2m=[0mk#8dcff6d1..[1m}[0m[2m:[0m [2msui_core::checkpoints::checkpoint_executor[0m[2m:[0m [2mcrates/sui-core/src/checkpoints/checkpoint_executor/mod.rs[0m[2m:[0m[2m332:[0m Received checkpoint summary from state sync [3msequence_number[0m[2m=[0m216
[2m2025-03-25T07:55:26.454062Z[0m [32m INFO[0m [1mnode[0m[1m{[0m[3mname[0m[2m=[0mk#8dcff6d1..[1m}[0m[2m:[0m [2msui_core::checkpoints::checkpoint_executor[0m[2m:[0m [2mcrates/sui-core/src/checkpoints/checkpoint_executor/mod.rs[0m[2m:[0m[2m332:[0m Received checkpoint summary from state sync [3msequence_number[0m[2m=[0m217
[2m2025-03-25T07:55:26.454104Z[0m [32m INFO[0m [1mnode[0m[1m{[0m[3mname[0m[2m=[0mk#8dcff6d1..[1m}[0m[2m:[0m [2msui_core::checkpoints::checkpoint_executor[0m[2m:[0m [2mcrates/sui-core/src/checkpoints/checkpoint_executor/mod.rs[0m[2m:[0m[2m332:[0m Received checkpoint summary from state sync [3msequence_number[0m[2m=[0m218
[2m2025-03-25T07:55:26.454144Z[0m [32m INFO[0m [1mnode[0m[1m{[0m[3mname[0m[2m=[0mk#8dcff6d1..[1m}[0m[2m:[0m [2msui_core::checkpoints::checkpoint_executor[0m[2m:[0m [2mcrates/sui-core/src/checkpoints/checkpoint_executor/mod.rs[0m[2m:[0m[2m332:[0m Received checkpoint summary from state sync [3msequence_number[0m[2m=[0m219
[2m2025-03-25T07:55:26.454184Z[0m [32m INFO[0m [1mnode[0m[1m{[0m[3mname[0m[2m=[0mk#8dcff6d1..[1m}[0m[2m:[0m [2msui_core::checkpoints::checkpoint_executor[0m[2m:[0m [2mcrates/sui-core/src/checkpoints/checkpoint_executor/mod.rs[0m[2m:[0m[2m332:[0m Received checkpoint summary from state sync [3msequence_number[0m[2m=[0m220
[2m2025-03-25T07:55:26.454224Z[0m [32m INFO[0m [1mnode[0m[1m{[0m[3mname[0m[2m=[0mk#8dcff6d1..[1m}[0m[2m:[0m [2msui_core::checkpoints::checkpoint_executor[0m[2m:[0m [2mcrates/sui-core/src/checkpoints/checkpoint_executor/mod.rs[0m[2m:[0m[2m332:[0m Received checkpoint summary from state sync [3msequence_number[0m[2m=[0m221
[2m2025-03-25T07:55:26.454263Z[0m [32m INFO[0m [1mnode[0m[1m{[0m[3mname[0m[2m=[0mk#8dcff6d1..[1m}[0m[2m:[0m [2msui_core::checkpoints::checkpoint_executor[0m[2m:[0m [2mcrates/sui-core/src/checkpoints/checkpoint_executor/mod.rs[0m[2m:[0m[2m332:[0m Received checkpoint summary from state sync [3msequence_number[0m[2m=[0m222
[2m2025-03-25T07:55:26.454302Z[0m [32m INFO[0m [1mnode[0m[1m{[0m[3mname[0m[2m=[0mk#8dcff6d1..[1m}[0m[2m:[0m [2msui_core::checkpoints::checkpoint_executor[0m[2m:[0m [2mcrates/sui-core/src/checkpoints/checkpoint_executor/mod.rs[0m[2m:[0m[2m332:[0m Received checkpoint summary from state sync [3msequence_number[0m[2m=[0m223
[2m2025-03-25T07:55:26.454340Z[0m [32m INFO[0m [1mnode[0m[1m{[0m[3mname[0m[2m=[0mk#8dcff6d1..[1m}[0m[2m:[0m [2msui_core::checkpoints::checkpoint_executor[0m[2m:[0m [2mcrates/sui-core/src/checkpoints/checkpoint_executor/mod.rs[0m[2m:[0m[2m332:[0m Received checkpoint summary from state sync [3msequence_number[0m[2m=[0m224
[2m2025-03-25T07:55:26.454380Z[0m [32m INFO[0m [1mnode[0m[1m{[0m[3mname[0m[2m=[0mk#8dcff6d1..[1m}[0m[2m:[0m [2msui_core::checkpoints::checkpoint_executor[0m[2m:[0m [2mcrates/sui-core/src/checkpoints/checkpoint_executor/mod.rs[0m[2m:[0m[2m332:[0m Received checkpoint summary from state sync [3msequence_number[0m[2m=[0m225
[2m2025-03-25T07:55:26.454419Z[0m [32m INFO[0m [1mnode[0m[1m{[0m[3mname[0m[2m=[0mk#8dcff6d1..[1m}[0m[2m:[0m [2msui_core::checkpoints::checkpoint_executor[0m[2m:[0m [2mcrates/sui-core/src/checkpoints/checkpoint_executor/mod.rs[0m[2m:[0m[2m332:[0m Received checkpoint summary from state sync [3msequence_number[0m[2m=[0m226
[2m2025-03-25T07:55:26.454457Z[0m [32m INFO[0m [1mnode[0m[1m{[0m[3mname[0m[2m=[0mk#8dcff6d1..[1m}[0m[2m:[0m [2msui_core::checkpoints::checkpoint_executor[0m[2m:[0m [2mcrates/sui-core/src/checkpoints/checkpoint_executor/mod.rs[0m[2m:[0m[2m332:[0m Received checkpoint summary from state sync [3msequence_number[0m[2m=[0m227
[2m2025-03-25T07:55:26.454495Z[0m [32m INFO[0m [1mnode[0m[1m{[0m[3mname[0m[2m=[0mk#8dcff6d1..[1m}[0m[2m:[0m [2msui_core::checkpoints::checkpoint_executor[0m[2m:[0m [2mcrates/sui-core/src/checkpoints/checkpoint_executor/mod.rs[0m[2m:[0m[2m332:[0m Received checkpoint summary from state sync [3msequence_number[0m[2m=[0m228
[2m2025-03-25T07:55:26.454535Z[0m [32m INFO[0m [1mnode[0m[1m{[0m[3mname[0m[2m=[0mk#8dcff6d1..[1m}[0m[2m:[0m [2msui_core::checkpoints::checkpoint_executor[0m[2m:[0m [2mcrates/sui-core/src/checkpoints/checkpoint_executor/mod.rs[0m[2m:[0m[2m332:[0m Received checkpoint summary from state sync [3msequence_number[0m[2m=[0m229
[2m2025-03-25T07:55:26.454573Z[0m [32m INFO[0m [1mnode[0m[1m{[0m[3mname[0m[2m=[0mk#8dcff6d1..[1m}[0m[2m:[0m [2msui_core::checkpoints::checkpoint_executor[0m[2m:[0m [2mcrates/sui-core/src/checkpoints/checkpoint_executor/mod.rs[0m[2m:[0m[2m332:[0m Received checkpoint summary from state sync [3msequence_number[0m[2m=[0m230
[2m2025-03-25T07:55:26.454612Z[0m [32m INFO[0m [1mnode[0m[1m{[0m[3mname[0m[2m=[0mk#8dcff6d1..[1m}[0m[2m:[0m [2msui_core::checkpoints::checkpoint_executor[0m[2m:[0m [2mcrates/sui-core/src/checkpoints/checkpoint_executor/mod.rs[0m[2m:[0m[2m332:[0m Received checkpoint summary from state sync [3msequence_number[0m[2m=[0m231
[2m2025-03-25T07:55:26.454651Z[0m [32m INFO[0m [1mnode[0m[1m{[0m[3mname[0m[2m=[0mk#8dcff6d1..[1m}[0m[2m:[0m [2msui_core::checkpoints::checkpoint_executor[0m[2m:[0m [2mcrates/sui-core/src/checkpoints/checkpoint_executor/mod.rs[0m[2m:[0m[2m332:[0m Received checkpoint summary from state sync [3msequence_number[0m[2m=[0m232
[2m2025-03-25T07:55:26.454689Z[0m [32m INFO[0m [1mnode[0m[1m{[0m[3mname[0m[2m=[0mk#8dcff6d1..[1m}[0m[2m:[0m [2msui_core::checkpoints::checkpoint_executor[0m[2m:[0m [2mcrates/sui-core/src/checkpoints/checkpoint_executor/mod.rs[0m[2m:[0m[2m332:[0m Received checkpoint summary from state sync [3msequence_number[0m[2m=[0m233
[2m2025-03-25T07:55:26.454728Z[0m [32m INFO[0m [1mnode[0m[1m{[0m[3mname[0m[2m=[0mk#8dcff6d1..[1m}[0m[2m:[0m [2msui_core::checkpoints::checkpoint_executor[0m[2m:[0m [2mcrates/sui-core/src/checkpoints/checkpoint_executor/mod.rs[0m[2m:[0m[2m332:[0m Received checkpoint summary from state sync [3msequence_number[0m[2m=[0m234
[2m2025-03-25T07:55:26.454766Z[0m [32m INFO[0m [1mnode[0m[1m{[0m[3mname[0m[2m=[0mk#8dcff6d1..[1m}[0m[2m:[0m [2msui_core::checkpoints::checkpoint_executor[0m[2m:[0m [2mcrates/sui-core/src/checkpoints/checkpoint_executor/mod.rs[0m[2m:[0m[2m332:[0m Received checkpoint summary from state sync [3msequence_number[0m[2m=[0m235
[2m2025-03-25T07:55:26.454803Z[0m [32m INFO[0m [1mnode[0m[1m{[0m[3mname[0m[2m=[0mk#8dcff6d1..[1m}[0m[2m:[0m [2msui_core::checkpoints::checkpoint_executor[0m[2m:[0m [2mcrates/sui-core/src/checkpoints/checkpoint_executor/mod.rs[0m[2m:[0m[2m332:[0m Received checkpoint summary from state sync [3msequence_number[0m[2m=[0m236
[2m2025-03-25T07:55:26.454842Z[0m [32m INFO[0m [1mnode[0m[1m{[0m[3mname[0m[2m=[0mk#8dcff6d1..[1m}[0m[2m:[0m [2msui_core::checkpoints::checkpoint_executor[0m[2m:[0m [2mcrates/sui-core/src/checkpoints/checkpoint_executor/mod.rs[0m[2m:[0m[2m332:[0m Received checkpoint summary from state sync [3msequence_number[0m[2m=[0m237
[2m2025-03-25T07:55:26.454881Z[0m [32m INFO[0m [1mnode[0m[1m{[0m[3mname[0m[2m=[0mk#8dcff6d1..[1m}[0m[2m:[0m [2msui_core::checkpoints::checkpoint_executor[0m[2m:[0m [2mcrates/sui-core/src/checkpoints/checkpoint_executor/mod.rs[0m[2m:[0m[2m332:[0m Received checkpoint summary from state sync [3msequence_number[0m[2m=[0m238
[2m2025-03-25T07:55:26.454919Z[0m [32m INFO[0m [1mnode[0m[1m{[0m[3mname[0m[2m=[0mk#8dcff6d1..[1m}[0m[2m:[0m [2msui_core::checkpoints::checkpoint_executor[0m[2m:[0m [2mcrates/sui-core/src/checkpoints/checkpoint_executor/mod.rs[0m[2m:[0m[2m332:[0m Received checkpoint summary from state sync [3msequence_number[0m[2m=[0m239
[2m2025-03-25T07:55:26.454957Z[0m [32m INFO[0m [1mnode[0m[1m{[0m[3mname[0m[2m=[0mk#8dcff6d1..[1m}[0m[2m:[0m [2msui_core::checkpoints::checkpoint_executor[0m[2m:[0m [2mcrates/sui-core/src/checkpoints/checkpoint_executor/mod.rs[0m[2m:[0m[2m332:[0m Received checkpoint summary from state sync [3msequence_number[0m[2m=[0m240
[2m2025-03-25T07:55:26.454996Z[0m [32m INFO[0m [1mnode[0m[1m{[0m[3mname[0m[2m=[0mk#8dcff6d1..[1m}[0m[2m:[0m [2msui_core::checkpoints::checkpoint_executor[0m[2m:[0m [2mcrates/sui-core/src/checkpoints/checkpoint_executor/mod.rs[0m[2m:[0m[2m332:[0m Received checkpoint summary from state sync [3msequence_number[0m[2m=[0m241
[2m2025-03-25T07:55:26.455034Z[0m [32m INFO[0m [1mnode[0m[1m{[0m[3mname[0m[2m=[0mk#8dcff6d1..[1m}[0m[2m:[0m [2msui_core::checkpoints::checkpoint_executor[0m[2m:[0m [2mcrates/sui-core/src/checkpoints/checkpoint_executor/mod.rs[0m[2m:[0m[2m332:[0m Received checkpoint summary from state sync [3msequence_number[0m[2m=[0m242
[2m2025-03-25T07:55:26.455072Z[0m [32m INFO[0m [1mnode[0m[1m{[0m[3mname[0m[2m=[0mk#8dcff6d1..[1m}[0m[2m:[0m [2msui_core::checkpoints::checkpoint_executor[0m[2m:[0m [2mcrates/sui-core/src/checkpoints/checkpoint_executor/mod.rs[0m[2m:[0m[2m332:[0m Received checkpoint summary from state sync [3msequence_number[0m[2m=[0m243
[2m2025-03-25T07:55:26.455110Z[0m [32m INFO[0m [1mnode[0m[1m{[0m[3mname[0m[2m=[0mk#8dcff6d1..[1m}[0m[2m:[0m [2msui_core::checkpoints::checkpoint_executor[0m[2m:[0m [2mcrates/sui-core/src/checkpoints/checkpoint_executor/mod.rs[0m[2m:[0m[2m332:[0m Received checkpoint summary from state sync [3msequence_number[0m[2m=[0m244
[2m2025-03-25T07:55:26.455148Z[0m [32m INFO[0m [1mnode[0m[1m{[0m[3mname[0m[2m=[0mk#8dcff6d1..[1m}[0m[2m:[0m [2msui_core::checkpoints::checkpoint_executor[0m[2m:[0m [2mcrates/sui-core/src/checkpoints/checkpoint_executor/mod.rs[0m[2m:[0m[2m332:[0m Received checkpoint summary from state sync [3msequence_number[0m[2m=[0m245
[2m2025-03-25T07:55:26.455187Z[0m [32m INFO[0m [1mnode[0m[1m{[0m[3mname[0m[2m=[0mk#8dcff6d1..[1m}[0m[2m:[0m [2msui_core::checkpoints::checkpoint_executor[0m[2m:[0m [2mcrates/sui-core/src/checkpoints/checkpoint_executor/mod.rs[0m[2m:[0m[2m332:[0m Received checkpoint summary from state sync [3msequence_number[0m[2m=[0m246
[2m2025-03-25T07:55:26.455225Z[0m [32m INFO[0m [1mnode[0m[1m{[0m[3mname[0m[2m=[0mk#8dcff6d1..[1m}[0m[2m:[0m [2msui_core::checkpoints::checkpoint_executor[0m[2m:[0m [2mcrates/sui-core/src/checkpoints/checkpoint_executor/mod.rs[0m[2m:[0m[2m332:[0m Received checkpoint summary from state sync [3msequence_number[0m[2m=[0m247
[2m2025-03-25T07:55:26.455263Z[0m [32m INFO[0m [1mnode[0m[1m{[0m[3mname[0m[2m=[0mk#8dcff6d1..[1m}[0m[2m:[0m [2msui_core::checkpoints::checkpoint_executor[0m[2m:[0m [2mcrates/sui-core/src/checkpoints/checkpoint_executor/mod.rs[0m[2m:[0m[2m332:[0m Received checkpoint summary from state sync [3msequence_number[0m[2m=[0m248
[2m2025-03-25T07:55:26.455302Z[0m [32m INFO[0m [1mnode[0m[1m{[0m[3mname[0m[2m=[0mk#8dcff6d1..[1m}[0m[2m:[0m [2msui_core::checkpoints::checkpoint_executor[0m[2m:[0m [2mcrates/sui-core/src/checkpoints/checkpoint_executor/mod.rs[0m[2m:[0m[2m332:[0m Received checkpoint summary from state sync [3msequence_number[0m[2m=[0m249
[2m2025-03-25T07:55:26.455340Z[0m [32m INFO[0m [1mnode[0m[1m{[0m[3mname[0m[2m=[0mk#8dcff6d1..[1m}[0m[2m:[0m [2msui_core::checkpoints::checkpoint_executor[0m[2m:[0m [2mcrates/sui-core/src/checkpoints/checkpoint_executor/mod.rs[0m[2m:[0m[2m332:[0m Received checkpoint summary from state sync [3msequence_number[0m[2m=[0m250
[2m2025-03-25T07:55:26.455377Z[0m [32m INFO[0m [1mnode[0m[1m{[0m[3mname[0m[2m=[0mk#8dcff6d1..[1m}[0m[2m:[0m [2msui_core::checkpoints::checkpoint_executor[0m[2m:[0m [2mcrates/sui-core/src/checkpoints/checkpoint_executor/mod.rs[0m[2m:[0m[2m332:[0m Received checkpoint summary from state sync [3msequence_number[0m[2m=[0m251
[2m2025-03-25T07:55:26.455416Z[0m [32m INFO[0m [1mnode[0m[1m{[0m[3mname[0m[2m=[0mk#8dcff6d1..[1m}[0m[2m:[0m [2msui_core::checkpoints::checkpoint_executor[0m[2m:[0m [2mcrates/sui-core/src/checkpoints/checkpoint_executor/mod.rs[0m[2m:[0m[2m332:[0m Received checkpoint summary from state sync [3msequence_number[0m[2m=[0m252
[2m2025-03-25T07:55:26.455453Z[0m [32m INFO[0m [1mnode[0m[1m{[0m[3mname[0m[2m=[0mk#8dcff6d1..[1m}[0m[2m:[0m [2msui_core::checkpoints::checkpoint_executor[0m[2m:[0m [2mcrates/sui-core/src/checkpoints/checkpoint_executor/mod.rs[0m[2m:[0m[2m332:[0m Received checkpoint summary from state sync [3msequence_number[0m[2m=[0m253
[2m2025-03-25T07:55:26.455492Z[0m [32m INFO[0m [1mnode[0m[1m{[0m[3mname[0m[2m=[0mk#8dcff6d1..[1m}[0m[2m:[0m [2msui_core::checkpoints::checkpoint_executor[0m[2m:[0m [2mcrates/sui-core/src/checkpoints/checkpoint_executor/mod.rs[0m[2m:[0m[2m332:[0m Received checkpoint summary from state sync [3msequence_number[0m[2m=[0m254
[2m2025-03-25T07:55:26.455530Z[0m [32m INFO[0m [1mnode[0m[1m{[0m[3mname[0m[2m=[0mk#8dcff6d1..[1m}[0m[2m:[0m [2msui_core::checkpoints::checkpoint_executor[0m[2m:[0m [2mcrates/sui-core/src/checkpoints/checkpoint_executor/mod.rs[0m[2m:[0m[2m332:[0m Received checkpoint summary from state sync [3msequence_number[0m[2m=[0m255
[2m2025-03-25T07:55:26.455568Z[0m [32m INFO[0m [1mnode[0m[1m{[0m[3mname[0m[2m=[0mk#8dcff6d1..[1m}[0m[2m:[0m [2msui_core::checkpoints::checkpoint_executor[0m[2m:[0m [2mcrates/sui-core/src/checkpoints/checkpoint_executor/mod.rs[0m[2m:[0m[2m332:[0m Received checkpoint summary from state sync [3msequence_number[0m[2m=[0m256
[2m2025-03-25T07:55:26.455605Z[0m [32m INFO[0m [1mnode[0m[1m{[0m[3mname[0m[2m=[0mk#8dcff6d1..[1m}[0m[2m:[0m [2msui_core::checkpoints::checkpoint_executor[0m[2m:[0m [2mcrates/sui-core/src/checkpoints/checkpoint_executor/mod.rs[0m[2m:[0m[2m332:[0m Received checkpoint summary from state sync [3msequence_number[0m[2m=[0m257
[2m2025-03-25T07:55:26.455643Z[0m [32m INFO[0m [1mnode[0m[1m{[0m[3mname[0m[2m=[0mk#8dcff6d1..[1m}[0m[2m:[0m [2msui_core::checkpoints::checkpoint_executor[0m[2m:[0m [2mcrates/sui-core/src/checkpoints/checkpoint_executor/mod.rs[0m[2m:[0m[2m332:[0m Received checkpoint summary from state sync [3msequence_number[0m[2m=[0m258
[2m2025-03-25T07:55:26.455681Z[0m [32m INFO[0m [1mnode[0m[1m{[0m[3mname[0m[2m=[0mk#8dcff6d1..[1m}[0m[2m:[0m [2msui_core::checkpoints::checkpoint_executor[0m[2m:[0m [2mcrates/sui-core/src/checkpoints/checkpoint_executor/mod.rs[0m[2m:[0m[2m332:[0m Received checkpoint summary from state sync [3msequence_number[0m[2m=[0m259
[2m2025-03-25T07:55:26.455720Z[0m [32m INFO[0m [1mnode[0m[1m{[0m[3mname[0m[2m=[0mk#8dcff6d1..[1m}[0m[2m:[0m [2msui_core::checkpoints::checkpoint_executor[0m[2m:[0m [2mcrates/sui-core/src/checkpoints/checkpoint_executor/mod.rs[0m[2m:[0m[2m332:[0m Received checkpoint summary from state sync [3msequence_number[0m[2m=[0m260
[2m2025-03-25T07:55:26.455759Z[0m [32m INFO[0m [1mnode[0m[1m{[0m[3mname[0m[2m=[0mk#8dcff6d1..[1m}[0m[2m:[0m [2msui_core::checkpoints::checkpoint_executor[0m[2m:[0m [2mcrates/sui-core/src/checkpoints/checkpoint_executor/mod.rs[0m[2m:[0m[2m332:[0m Received checkpoint summary from state sync [3msequence_number[0m[2m=[0m261
[2m2025-03-25T07:55:26.455797Z[0m [32m INFO[0m [1mnode[0m[1m{[0m[3mname[0m[2m=[0mk#8dcff6d1..[1m}[0m[2m:[0m [2msui_core::checkpoints::checkpoint_executor[0m[2m:[0m [2mcrates/sui-core/src/checkpoints/checkpoint_executor/mod.rs[0m[2m:[0m[2m332:[0m Received checkpoint summary from state sync [3msequence_number[0m[2m=[0m262
[2m2025-03-25T07:55:26.455835Z[0m [32m INFO[0m [1mnode[0m[1m{[0m[3mname[0m[2m=[0mk#8dcff6d1..[1m}[0m[2m:[0m [2msui_core::checkpoints::checkpoint_executor[0m[2m:[0m [2mcrates/sui-core/src/checkpoints/checkpoint_executor/mod.rs[0m[2m:[0m[2m332:[0m Received checkpoint summary from state sync [3msequence_number[0m[2m=[0m263
[2m2025-03-25T07:55:26.455872Z[0m [32m INFO[0m [1mnode[0m[1m{[0m[3mname[0m[2m=[0mk#8dcff6d1..[1m}[0m[2m:[0m [2msui_core::checkpoints::checkpoint_executor[0m[2m:[0m [2mcrates/sui-core/src/checkpoints/checkpoint_executor/mod.rs[0m[2m:[0m[2m332:[0m Received checkpoint summary from state sync [3msequence_number[0m[2m=[0m264
[2m2025-03-25T07:55:26.455910Z[0m [32m INFO[0m [1mnode[0m[1m{[0m[3mname[0m[2m=[0mk#8dcff6d1..[1m}[0m[2m:[0m [2msui_core::checkpoints::checkpoint_executor[0m[2m:[0m [2mcrates/sui-core/src/checkpoints/checkpoint_executor/mod.rs[0m[2m:[0m[2m332:[0m Received checkpoint summary from state sync [3msequence_number[0m[2m=[0m265
[2m2025-03-25T07:55:26.455947Z[0m [32m INFO[0m [1mnode[0m[1m{[0m[3mname[0m[2m=[0mk#8dcff6d1..[1m}[0m[2m:[0m [2msui_core::checkpoints::checkpoint_executor[0m[2m:[0m [2mcrates/sui-core/src/checkpoints/checkpoint_executor/mod.rs[0m[2m:[0m[2m332:[0m Received checkpoint summary from state sync [3msequence_number[0m[2m=[0m266
[2m2025-03-25T07:55:26.455986Z[0m [32m INFO[0m [1mnode[0m[1m{[0m[3mname[0m[2m=[0mk#8dcff6d1..[1m}[0m[2m:[0m [2msui_core::checkpoints::checkpoint_executor[0m[2m:[0m [2mcrates/sui-core/src/checkpoints/checkpoint_executor/mod.rs[0m[2m:[0m[2m332:[0m Received checkpoint summary from state sync [3msequence_number[0m[2m=[0m267
[2m2025-03-25T07:55:26.456023Z[0m [32m INFO[0m [1mnode[0m[1m{[0m[3mname[0m[2m=[0mk#8dcff6d1..[1m}[0m[2m:[0m [2msui_core::checkpoints::checkpoint_executor[0m[2m:[0m [2mcrates/sui-core/src/checkpoints/checkpoint_executor/mod.rs[0m[2m:[0m[2m332:[0m Received checkpoint summary from state sync [3msequence_number[0m[2m=[0m268
[2m2025-03-25T07:55:26.456061Z[0m [32m INFO[0m [1mnode[0m[1m{[0m[3mname[0m[2m=[0mk#8dcff6d1..[1m}[0m[2m:[0m [2msui_core::checkpoints::checkpoint_executor[0m[2m:[0m [2mcrates/sui-core/src/checkpoints/checkpoint_executor/mod.rs[0m[2m:[0m[2m332:[0m Received checkpoint summary from state sync [3msequence_number[0m[2m=[0m269
[2m2025-03-25T07:55:26.456099Z[0m [32m INFO[0m [1mnode[0m[1m{[0m[3mname[0m[2m=[0mk#8dcff6d1..[1m}[0m[2m:[0m [2msui_core::checkpoints::checkpoint_executor[0m[2m:[0m [2mcrates/sui-core/src/checkpoints/checkpoint_executor/mod.rs[0m[2m:[0m[2m332:[0m Received checkpoint summary from state sync [3msequence_number[0m[2m=[0m270
[2m2025-03-25T07:55:26.456136Z[0m [32m INFO[0m [1mnode[0m[1m{[0m[3mname[0m[2m=[0mk#8dcff6d1..[1m}[0m[2m:[0m [2msui_core::checkpoints::checkpoint_executor[0m[2m:[0m [2mcrates/sui-core/src/checkpoints/checkpoint_executor/mod.rs[0m[2m:[0m[2m332:[0m Received checkpoint summary from state sync [3msequence_number[0m[2m=[0m271
[2m2025-03-25T07:55:26.456174Z[0m [32m INFO[0m [1mnode[0m[1m{[0m[3mname[0m[2m=[0mk#8dcff6d1..[1m}[0m[2m:[0m [2msui_core::checkpoints::checkpoint_executor[0m[2m:[0m [2mcrates/sui-core/src/checkpoints/checkpoint_executor/mod.rs[0m[2m:[0m[2m332:[0m Received checkpoint summary from state sync [3msequence_number[0m[2m=[0m272
[2m2025-03-25T07:55:26.456212Z[0m [32m INFO[0m [1mnode[0m[1m{[0m[3mname[0m[2m=[0mk#8dcff6d1..[1m}[0m[2m:[0m [2msui_core::checkpoints::checkpoint_executor[0m[2m:[0m [2mcrates/sui-core/src/checkpoints/checkpoint_executor/mod.rs[0m[2m:[0m[2m332:[0m Received checkpoint summary from state sync [3msequence_number[0m[2m=[0m273
[2m2025-03-25T07:55:26.456250Z[0m [32m INFO[0m [1mnode[0m[1m{[0m[3mname[0m[2m=[0mk#8dcff6d1..[1m}[0m[2m:[0m [2msui_core::checkpoints::checkpoint_executor[0m[2m:[0m [2mcrates/sui-core/src/checkpoints/checkpoint_executor/mod.rs[0m[2m:[0m[2m332:[0m Received checkpoint summary from state sync [3msequence_number[0m[2m=[0m274
[2m2025-03-25T07:55:26.456288Z[0m [32m INFO[0m [1mnode[0m[1m{[0m[3mname[0m[2m=[0mk#8dcff6d1..[1m}[0m[2m:[0m [2msui_core::checkpoints::checkpoint_executor[0m[2m:[0m [2mcrates/sui-core/src/checkpoints/checkpoint_executor/mod.rs[0m[2m:[0m[2m332:[0m Received checkpoint summary from state sync [3msequence_number[0m[2m=[0m275
[2m2025-03-25T07:55:26.456326Z[0m [32m INFO[0m [1mnode[0m[1m{[0m[3mname[0m[2m=[0mk#8dcff6d1..[1m}[0m[2m:[0m [2msui_core::checkpoints::checkpoint_executor[0m[2m:[0m [2mcrates/sui-core/src/checkpoints/checkpoint_executor/mod.rs[0m[2m:[0m[2m332:[0m Received checkpoint summary from state sync [3msequence_number[0m[2m=[0m276
[2m2025-03-25T07:55:26.456364Z[0m [32m INFO[0m [1mnode[0m[1m{[0m[3mname[0m[2m=[0mk#8dcff6d1..[1m}[0m[2m:[0m [2msui_core::checkpoints::checkpoint_executor[0m[2m:[0m [2mcrates/sui-core/src/checkpoints/checkpoint_executor/mod.rs[0m[2m:[0m[2m332:[0m Received checkpoint summary from state sync [3msequence_number[0m[2m=[0m277
[2m2025-03-25T07:55:26.456403Z[0m [32m INFO[0m [1mnode[0m[1m{[0m[3mname[0m[2m=[0mk#8dcff6d1..[1m}[0m[2m:[0m [2msui_core::checkpoints::checkpoint_executor[0m[2m:[0m [2mcrates/sui-core/src/checkpoints/checkpoint_executor/mod.rs[0m[2m:[0m[2m332:[0m Received checkpoint summary from state sync [3msequence_number[0m[2m=[0m278
[2m2025-03-25T07:55:26.456441Z[0m [32m INFO[0m [1mnode[0m[1m{[0m[3mname[0m[2m=[0mk#8dcff6d1..[1m}[0m[2m:[0m [2msui_core::checkpoints::checkpoint_executor[0m[2m:[0m [2mcrates/sui-core/src/checkpoints/checkpoint_executor/mod.rs[0m[2m:[0m[2m332:[0m Received checkpoint summary from state sync [3msequence_number[0m[2m=[0m279
[2m2025-03-25T07:55:26.456479Z[0m [32m INFO[0m [1mnode[0m[1m{[0m[3mname[0m[2m=[0mk#8dcff6d1..[1m}[0m[2m:[0m [2msui_core::checkpoints::checkpoint_executor[0m[2m:[0m [2mcrates/sui-core/src/checkpoints/checkpoint_executor/mod.rs[0m[2m:[0m[2m332:[0m Received checkpoint summary from state sync [3msequence_number[0m[2m=[0m280
[2m2025-03-25T07:55:26.456518Z[0m [32m INFO[0m [1mnode[0m[1m{[0m[3mname[0m[2m=[0mk#8dcff6d1..[1m}[0m[2m:[0m [2msui_core::checkpoints::checkpoint_executor[0m[2m:[0m [2mcrates/sui-core/src/checkpoints/checkpoint_executor/mod.rs[0m[2m:[0m[2m332:[0m Received checkpoint summary from state sync [3msequence_number[0m[2m=[0m281
[2m2025-03-25T07:55:26.456557Z[0m [32m INFO[0m [1mnode[0m[1m{[0m[3mname[0m[2m=[0mk#8dcff6d1..[1m}[0m[2m:[0m [2msui_core::checkpoints::checkpoint_executor[0m[2m:[0m [2mcrates/sui-core/src/checkpoints/checkpoint_executor/mod.rs[0m[2m:[0m[2m332:[0m Received checkpoint summary from state sync [3msequence_number[0m[2m=[0m282
[2m2025-03-25T07:55:26.456595Z[0m [32m INFO[0m [1mnode[0m[1m{[0m[3mname[0m[2m=[0mk#8dcff6d1..[1m}[0m[2m:[0m [2msui_core::checkpoints::checkpoint_executor[0m[2m:[0m [2mcrates/sui-core/src/checkpoints/checkpoint_executor/mod.rs[0m[2m:[0m[2m332:[0m Received checkpoint summary from state sync [3msequence_number[0m[2m=[0m283
[2m2025-03-25T07:55:26.456632Z[0m [32m INFO[0m [1mnode[0m[1m{[0m[3mname[0m[2m=[0mk#8dcff6d1..[1m}[0m[2m:[0m [2msui_core::checkpoints::checkpoint_executor[0m[2m:[0m [2mcrates/sui-core/src/checkpoints/checkpoint_executor/mod.rs[0m[2m:[0m[2m332:[0m Received checkpoint summary from state sync [3msequence_number[0m[2m=[0m284
[2m2025-03-25T07:55:26.456669Z[0m [32m INFO[0m [1mnode[0m[1m{[0m[3mname[0m[2m=[0mk#8dcff6d1..[1m}[0m[2m:[0m [2msui_core::checkpoints::checkpoint_executor[0m[2m:[0m [2mcrates/sui-core/src/checkpoints/checkpoint_executor/mod.rs[0m[2m:[0m[2m332:[0m Received checkpoint summary from state sync [3msequence_number[0m[2m=[0m285
[2m2025-03-25T07:55:26.456706Z[0m [32m INFO[0m [1mnode[0m[1m{[0m[3mname[0m[2m=[0mk#8dcff6d1..[1m}[0m[2m:[0m [2msui_core::checkpoints::checkpoint_executor[0m[2m:[0m [2mcrates/sui-core/src/checkpoints/checkpoint_executor/mod.rs[0m[2m:[0m[2m332:[0m Received checkpoint summary from state sync [3msequence_number[0m[2m=[0m286
[2m2025-03-25T07:55:26.456742Z[0m [32m INFO[0m [1mnode[0m[1m{[0m[3mname[0m[2m=[0mk#8dcff6d1..[1m}[0m[2m:[0m [2msui_core::checkpoints::checkpoint_executor[0m[2m:[0m [2mcrates/sui-core/src/checkpoints/checkpoint_executor/mod.rs[0m[2m:[0m[2m332:[0m Received checkpoint summary from state sync [3msequence_number[0m[2m=[0m287
[2m2025-03-25T07:55:26.456781Z[0m [32m INFO[0m [1mnode[0m[1m{[0m[3mname[0m[2m=[0mk#8dcff6d1..[1m}[0m[2m:[0m [2msui_core::checkpoints::checkpoint_executor[0m[2m:[0m [2mcrates/sui-core/src/checkpoints/checkpoint_executor/mod.rs[0m[2m:[0m[2m332:[0m Received checkpoint summary from state sync [3msequence_number[0m[2m=[0m288
[2m2025-03-25T07:55:26.456817Z[0m [32m INFO[0m [1mnode[0m[1m{[0m[3mname[0m[2m=[0mk#8dcff6d1..[1m}[0m[2m:[0m [2msui_core::checkpoints::checkpoint_executor[0m[2m:[0m [2mcrates/sui-core/src/checkpoints/checkpoint_executor/mod.rs[0m[2m:[0m[2m332:[0m Received checkpoint summary from state sync [3msequence_number[0m[2m=[0m289
[2m2025-03-25T07:55:26.456855Z[0m [32m INFO[0m [1mnode[0m[1m{[0m[3mname[0m[2m=[0mk#8dcff6d1..[1m}[0m[2m:[0m [2msui_core::checkpoints::checkpoint_executor[0m[2m:[0m [2mcrates/sui-core/src/checkpoints/checkpoint_executor/mod.rs[0m[2m:[0m[2m332:[0m Received checkpoint summary from state sync [3msequence_number[0m[2m=[0m290
[2m2025-03-25T07:55:26.456892Z[0m [32m INFO[0m [1mnode[0m[1m{[0m[3mname[0m[2m=[0mk#8dcff6d1..[1m}[0m[2m:[0m [2msui_core::checkpoints::checkpoint_executor[0m[2m:[0m [2mcrates/sui-core/src/checkpoints/checkpoint_executor/mod.rs[0m[2m:[0m[2m332:[0m Received checkpoint summary from state sync [3msequence_number[0m[2m=[0m291
[2m2025-03-25T07:55:26.456928Z[0m [32m INFO[0m [1mnode[0m[1m{[0m[3mname[0m[2m=[0mk#8dcff6d1..[1m}[0m[2m:[0m [2msui_core::checkpoints::checkpoint_executor[0m[2m:[0m [2mcrates/sui-core/src/checkpoints/checkpoint_executor/mod.rs[0m[2m:[0m[2m332:[0m Received checkpoint summary from state sync [3msequence_number[0m[2m=[0m292
[2m2025-03-25T07:55:26.456965Z[0m [32m INFO[0m [1mnode[0m[1m{[0m[3mname[0m[2m=[0mk#8dcff6d1..[1m}[0m[2m:[0m [2msui_core::checkpoints::checkpoint_executor[0m[2m:[0m [2mcrates/sui-core/src/checkpoints/checkpoint_executor/mod.rs[0m[2m:[0m[2m332:[0m Received checkpoint summary from state sync [3msequence_number[0m[2m=[0m293
[2m2025-03-25T07:55:26.457003Z[0m [32m INFO[0m [1mnode[0m[1m{[0m[3mname[0m[2m=[0mk#8dcff6d1..[1m}[0m[2m:[0m [2msui_core::checkpoints::checkpoint_executor[0m[2m:[0m [2mcrates/sui-core/src/checkpoints/checkpoint_executor/mod.rs[0m[2m:[0m[2m332:[0m Received checkpoint summary from state sync [3msequence_number[0m[2m=[0m294
[2m2025-03-25T07:55:26.457040Z[0m [32m INFO[0m [1mnode[0m[1m{[0m[3mname[0m[2m=[0mk#8dcff6d1..[1m}[0m[2m:[0m [2msui_core::checkpoints::checkpoint_executor[0m[2m:[0m [2mcrates/sui-core/src/checkpoints/checkpoint_executor/mod.rs[0m[2m:[0m[2m332:[0m Received checkpoint summary from state sync [3msequence_number[0m[2m=[0m295
[2m2025-03-25T07:55:26.457077Z[0m [32m INFO[0m [1mnode[0m[1m{[0m[3mname[0m[2m=[0mk#8dcff6d1..[1m}[0m[2m:[0m [2msui_core::checkpoints::checkpoint_executor[0m[2m:[0m [2mcrates/sui-core/src/checkpoints/checkpoint_executor/mod.rs[0m[2m:[0m[2m332:[0m Received checkpoint summary from state sync [3msequence_number[0m[2m=[0m296
[2m2025-03-25T07:55:26.457114Z[0m [32m INFO[0m [1mnode[0m[1m{[0m[3mname[0m[2m=[0mk#8dcff6d1..[1m}[0m[2m:[0m [2msui_core::checkpoints::checkpoint_executor[0m[2m:[0m [2mcrates/sui-core/src/checkpoints/checkpoint_executor/mod.rs[0m[2m:[0m[2m332:[0m Received checkpoint summary from state sync [3msequence_number[0m[2m=[0m297
[2m2025-03-25T07:55:26.457151Z[0m [32m INFO[0m [1mnode[0m[1m{[0m[3mname[0m[2m=[0mk#8dcff6d1..[1m}[0m[2m:[0m [2msui_core::checkpoints::checkpoint_executor[0m[2m:[0m [2mcrates/sui-core/src/checkpoints/checkpoint_executor/mod.rs[0m[2m:[0m[2m332:[0m Received checkpoint summary from state sync [3msequence_number[0m[2m=[0m298
[2m2025-03-25T07:55:26.457189Z[0m [32m INFO[0m [1mnode[0m[1m{[0m[3mname[0m[2m=[0mk#8dcff6d1..[1m}[0m[2m:[0m [2msui_core::checkpoints::checkpoint_executor[0m[2m:[0m [2mcrates/sui-core/src/checkpoints/checkpoint_executor/mod.rs[0m[2m:[0m[2m332:[0m Received checkpoint summary from state sync [3msequence_number[0m[2m=[0m299
[2m2025-03-25T07:55:26.457227Z[0m [32m INFO[0m [1mnode[0m[1m{[0m[3mname[0m[2m=[0mk#8dcff6d1..[1m}[0m[2m:[0m [2msui_core::checkpoints::checkpoint_executor[0m[2m:[0m [2mcrates/sui-core/src/checkpoints/checkpoint_executor/mod.rs[0m[2m:[0m[2m332:[0m Received checkpoint summary from state sync [3msequence_number[0m[2m=[0m300
[2m2025-03-25T07:55:26.457264Z[0m [32m INFO[0m [1mnode[0m[1m{[0m[3mname[0m[2m=[0mk#8dcff6d1..[1m}[0m[2m:[0m [2msui_core::checkpoints::checkpoint_executor[0m[2m:[0m [2mcrates/sui-core/src/checkpoints/checkpoint_executor/mod.rs[0m[2m:[0m[2m332:[0m Received checkpoint summary from state sync [3msequence_number[0m[2m=[0m301
[2m2025-03-25T07:55:26.457301Z[0m [32m INFO[0m [1mnode[0m[1m{[0m[3mname[0m[2m=[0mk#8dcff6d1..[1m}[0m[2m:[0m [2msui_core::checkpoints::checkpoint_executor[0m[2m:[0m [2mcrates/sui-core/src/checkpoints/checkpoint_executor/mod.rs[0m[2m:[0m[2m332:[0m Received checkpoint summary from state sync [3msequence_number[0m[2m=[0m302
[2m2025-03-25T07:55:26.457338Z[0m [32m INFO[0m [1mnode[0m[1m{[0m[3mname[0m[2m=[0mk#8dcff6d1..[1m}[0m[2m:[0m [2msui_core::checkpoints::checkpoint_executor[0m[2m:[0m [2mcrates/sui-core/src/checkpoints/checkpoint_executor/mod.rs[0m[2m:[0m[2m332:[0m Received checkpoint summary from state sync [3msequence_number[0m[2m=[0m303
[2m2025-03-25T07:55:26.457374Z[0m [32m INFO[0m [1mnode[0m[1m{[0m[3mname[0m[2m=[0mk#8dcff6d1..[1m}[0m[2m:[0m [2msui_core::checkpoints::checkpoint_executor[0m[2m:[0m [2mcrates/sui-core/src/checkpoints/checkpoint_executor/mod.rs[0m[2m:[0m[2m332:[0m Received checkpoint summary from state sync [3msequence_number[0m[2m=[0m304
[2m2025-03-25T07:55:26.457411Z[0m [32m INFO[0m [1mnode[0m[1m{[0m[3mname[0m[2m=[0mk#8dcff6d1..[1m}[0m[2m:[0m [2msui_core::checkpoints::checkpoint_executor[0m[2m:[0m [2mcrates/sui-core/src/checkpoints/checkpoint_executor/mod.rs[0m[2m:[0m[2m332:[0m Received checkpoint summary from state sync [3msequence_number[0m[2m=[0m305
[2m2025-03-25T07:55:26.457448Z[0m [32m INFO[0m [1mnode[0m[1m{[0m[3mname[0m[2m=[0mk#8dcff6d1..[1m}[0m[2m:[0m [2msui_core::checkpoints::checkpoint_executor[0m[2m:[0m [2mcrates/sui-core/src/checkpoints/checkpoint_executor/mod.rs[0m[2m:[0m[2m332:[0m Received checkpoint summary from state sync [3msequence_number[0m[2m=[0m306
[2m2025-03-25T07:55:26.457485Z[0m [32m INFO[0m [1mnode[0m[1m{[0m[3mname[0m[2m=[0mk#8dcff6d1..[1m}[0m[2m:[0m [2msui_core::checkpoints::checkpoint_executor[0m[2m:[0m [2mcrates/sui-core/src/checkpoints/checkpoint_executor/mod.rs[0m[2m:[0m[2m332:[0m Received checkpoint summary from state sync [3msequence_number[0m[2m=[0m307
[2m2025-03-25T07:55:26.457522Z[0m [32m INFO[0m [1mnode[0m[1m{[0m[3mname[0m[2m=[0mk#8dcff6d1..[1m}[0m[2m:[0m [2msui_core::checkpoints::checkpoint_executor[0m[2m:[0m [2mcrates/sui-core/src/checkpoints/checkpoint_executor/mod.rs[0m[2m:[0m[2m332:[0m Received checkpoint summary from state sync [3msequence_number[0m[2m=[0m308
[2m2025-03-25T07:55:26.457559Z[0m [32m INFO[0m [1mnode[0m[1m{[0m[3mname[0m[2m=[0mk#8dcff6d1..[1m}[0m[2m:[0m [2msui_core::checkpoints::checkpoint_executor[0m[2m:[0m [2mcrates/sui-core/src/checkpoints/checkpoint_executor/mod.rs[0m[2m:[0m[2m332:[0m Received checkpoint summary from state sync [3msequence_number[0m[2m=[0m309
[2m2025-03-25T07:55:26.457597Z[0m [32m INFO[0m [1mnode[0m[1m{[0m[3mname[0m[2m=[0mk#8dcff6d1..[1m}[0m[2m:[0m [2msui_core::checkpoints::checkpoint_executor[0m[2m:[0m [2mcrates/sui-core/src/checkpoints/checkpoint_executor/mod.rs[0m[2m:[0m[2m332:[0m Received checkpoint summary from state sync [3msequence_number[0m[2m=[0m310
[2m2025-03-25T07:55:26.458347Z[0m [32m INFO[0m [1mnode[0m[1m{[0m[3mname[0m[2m=[0mk#8dcff6d1..[1m}[0m[2m:[0m [2msui_core::state_accumulator[0m[2m:[0m [2mcrates/sui-core/src/state_accumulator.rs[0m[2m:[0m[2m675:[0m accumulating running root for checkpoint 310
[2m2025-03-25T07:55:26.477962Z[0m [32m INFO[0m [1mnode[0m[1m{[0m[3mname[0m[2m=[0mk#b3f3cbb4..[1m}[0m[2m:[0m [2msui_core::state_accumulator[0m[2m:[0m [2mcrates/sui-core/src/state_accumulator.rs[0m[2m:[0m[2m675:[0m accumulating running root for checkpoint 310
[2m2025-03-25T07:55:26.666630Z[0m [32m INFO[0m [1mnode[0m[1m{[0m[3mname[0m[2m=[0mk#8dcff6d1..[1m}[0m[2m:[0m [2mconsensus_core::core[0m[2m:[0m [2mconsensus/core/src/core.rs[0m[2m:[0m[2m945:[0m Included 2 ancestors & excluded 0 ancestors for proposal in round 108
[2m2025-03-25T07:55:26.666907Z[0m [32m INFO[0m [1mnode[0m[1m{[0m[3mname[0m[2m=[0mk#addeef94..[1m}[0m[2m:[0m [2mconsensus_core::core[0m[2m:[0m [2mconsensus/core/src/core.rs[0m[2m:[0m[2m945:[0m Included 2 ancestors & excluded 0 ancestors for proposal in round 108
[2m2025-03-25T07:55:26.668280Z[0m [32m INFO[0m [1mnode[0m[1m{[0m[3mname[0m[2m=[0mk#8dcff6d1..[1m}[0m[2m:[0m [2mconsensus_core::core[0m[2m:[0m [2mconsensus/core/src/core.rs[0m[2m:[0m[2m531:[0m Created block B108(A,3Jcn2fd8JsTrYHWzl7/oDPT/qKng1pkMUtGn/WoPf2A=)(1742889326666ms;[B107(A,7H6ZGjtVwPL7OzSXGKBQ9els2dg+PLn9zFTz9/AEglY=), B107(C,93Nqaxnn+q2RqM+aZSHuH0USTEpwuTCX/wngJqxz9vM=)];1t;1c) for round 108
[2m2025-03-25T07:55:26.668280Z[0m [32m INFO[0m [1mnode[0m[1m{[0m[3mname[0m[2m=[0mk#addeef94..[1m}[0m[2m:[0m [2mconsensus_core::core[0m[2m:[0m [2mconsensus/core/src/core.rs[0m[2m:[0m[2m531:[0m Created block B108(C,AfG2HQXMaOtiRQh6QNNiODklHq2JT1Nzc/peoqwQwt8=)(1742889326667ms;[B107(C,93Nqaxnn+q2RqM+aZSHuH0USTEpwuTCX/wngJqxz9vM=), B107(A,7H6ZGjtVwPL7OzSXGKBQ9els2dg+PLn9zFTz9/AEglY=)];1t;1c) for round 108
[2m2025-03-25T07:55:26.674821Z[0m [32m INFO[0m [1mnode[0m[1m{[0m[3mname[0m[2m=[0mk#99f25ef6..[1m}[0m[2m:[0m [2mconsensus_core::core[0m[2m:[0m [2mconsensus/core/src/core.rs[0m[2m:[0m[2m945:[0m Included 3 ancestors & excluded 0 ancestors for proposal in round 108
[2m2025-03-25T07:55:26.675959Z[0m [32m INFO[0m [1mnode[0m[1m{[0m[3mname[0m[2m=[0mk#addeef94..[1m}[0m[2m:[0m [2mconsensus_core::core[0m[2m:[0m [2mconsensus/core/src/core.rs[0m[2m:[0m[2m630:[0m Committing 1 leaders: B106(C,pBM3)
[2m2025-03-25T07:55:26.675964Z[0m [32m INFO[0m [1mnode[0m[1m{[0m[3mname[0m[2m=[0mk#8dcff6d1..[1m}[0m[2m:[0m [2mconsensus_core::core[0m[2m:[0m [2mconsensus/core/src/core.rs[0m[2m:[0m[2m630:[0m Committing 1 leaders: B106(C,pBM3)
[2m2025-03-25T07:55:26.676010Z[0m [32m INFO[0m [1mnode[0m[1m{[0m[3mname[0m[2m=[0mk#99f25ef6..[1m}[0m[2m:[0m [2mconsensus_core::core[0m[2m:[0m [2mconsensus/core/src/core.rs[0m[2m:[0m[2m531:[0m Created block B108(B,dn3o30RQYumLPITi3ooULwWHQcz/roCTpnzWISMmegY=)(1742889326675ms;[B106(B,51bixiO4rf/Bdk6jTVuhZouANctK2fIWyd3joTp07+s=), B107(A,7H6ZGjtVwPL7OzSXGKBQ9els2dg+PLn9zFTz9/AEglY=), B107(C,93Nqaxnn+q2RqM+aZSHuH0USTEpwuTCX/wngJqxz9vM=)];2t;2c) for round 108
[2m2025-03-25T07:55:26.676502Z[0m [32m INFO[0m [1mnode[0m[1m{[0m[3mname[0m[2m=[0mk#8dcff6d1..[1m}[0m[2m:[0m [2mconsensus_core::commit_observer[0m[2m:[0m [2mconsensus/core/src/commit_observer.rs[0m[2m:[0m[2m173:[0m Consensus commit C99(je+X) with leader B106(C,pBM3) has 3 blocks
[2m2025-03-25T07:55:26.676531Z[0m [32m INFO[0m [1mnode[0m[1m{[0m[3mname[0m[2m=[0mk#99f25ef6..[1m}[0m[2m:[0m [2mconsensus_core::core[0m[2m:[0m [2mconsensus/core/src/core.rs[0m[2m:[0m[2m630:[0m Committing 1 leaders: B106(C,pBM3)
[2m2025-03-25T07:55:26.676590Z[0m [32m INFO[0m [1mnode[0m[1m{[0m[3mname[0m[2m=[0mk#addeef94..[1m}[0m[2m:[0m [2mconsensus_core::commit_observer[0m[2m:[0m [2mconsensus/core/src/commit_observer.rs[0m[2m:[0m[2m173:[0m Consensus commit C99(je+X) with leader B106(C,pBM3) has 3 blocks
[2m2025-03-25T07:55:26.676854Z[0m [32m INFO[0m [1mnode[0m[1m{[0m[3mname[0m[2m=[0mk#addeef94..[1m}[0m[2m:[0m [2msui_core::consensus_handler[0m[2m:[0m [2mcrates/sui-core/src/consensus_handler.rs[0m[2m:[0m[2m232:[0m Received consensus output [3mconsensus_commit[0m[2m=[0mCommittedSubDag(leader=B106(C,pBM3), ref=C99(je+X), blocks=[E8N9, ZD+o, pBM3]) [3mepoch[0m[2m=[0m1
[2m2025-03-25T07:55:26.676947Z[0m [32m INFO[0m [1mnode[0m[1m{[0m[3mname[0m[2m=[0mk#8dcff6d1..[1m}[0m[2m:[0m [2msui_core::consensus_handler[0m[2m:[0m [2mcrates/sui-core/src/consensus_handler.rs[0m[2m:[0m[2m232:[0m Received consensus output [3mconsensus_commit[0m[2m=[0mCommittedSubDag(leader=B106(C,pBM3), ref=C99(je+X), blocks=[E8N9, ZD+o, pBM3]) [3mepoch[0m[2m=[0m1
[2m2025-03-25T07:55:26.676966Z[0m [32m INFO[0m [1mnode[0m[1m{[0m[3mname[0m[2m=[0mk#99f25ef6..[1m}[0m[2m:[0m [2mconsensus_core::commit_observer[0m[2m:[0m [2mconsensus/core/src/commit_observer.rs[0m[2m:[0m[2m173:[0m Consensus commit C99(je+X) with leader B106(C,pBM3) has 3 blocks
[2m2025-03-25T07:55:26.677989Z[0m [32m INFO[0m [1mnode[0m[1m{[0m[3mname[0m[2m=[0mk#99f25ef6..[1m}[0m[2m:[0m [2msui_core::consensus_handler[0m[2m:[0m [2mcrates/sui-core/src/consensus_handler.rs[0m[2m:[0m[2m232:[0m Received consensus output [3mconsensus_commit[0m[2m=[0mCommittedSubDag(leader=B106(C,pBM3), ref=C99(je+X), blocks=[E8N9, ZD+o, pBM3]) [3mepoch[0m[2m=[0m1
[2m2025-03-25T07:55:26.753198Z[0m [32m INFO[0m [1mnode[0m[1m{[0m[3mname[0m[2m=[0mk#99f25ef6..[1m}[0m[2m:[0m [2msui_core::checkpoints[0m[2m:[0m [2mcrates/sui-core/src/checkpoints/mod.rs[0m[2m:[0m[2m1326:[0m Creating checkpoint(s) for 1 transactions [3mnext_checkpoint_seq[0m[2m=[0m312 [3mcheckpoint_timestamp[0m[2m=[0m1742889326149
[2m2025-03-25T07:55:26.753198Z[0m [32m INFO[0m [1mnode[0m[1m{[0m[3mname[0m[2m=[0mk#addeef94..[1m}[0m[2m:[0m [2msui_core::checkpoints[0m[2m:[0m [2mcrates/sui-core/src/checkpoints/mod.rs[0m[2m:[0m[2m1326:[0m Creating checkpoint(s) for 1 transactions [3mnext_checkpoint_seq[0m[2m=[0m312 [3mcheckpoint_timestamp[0m[2m=[0m1742889326149
[2m2025-03-25T07:55:26.753198Z[0m [32m INFO[0m [1mnode[0m[1m{[0m[3mname[0m[2m=[0mk#8dcff6d1..[1m}[0m[2m:[0m [2msui_core::checkpoints[0m[2m:[0m [2mcrates/sui-core/src/checkpoints/mod.rs[0m[2m:[0m[2m1326:[0m Creating checkpoint(s) for 1 transactions [3mnext_checkpoint_seq[0m[2m=[0m312 [3mcheckpoint_timestamp[0m[2m=[0m1742889326149
[2m2025-03-25T07:55:26.753476Z[0m [32m INFO[0m [1mnode[0m[1m{[0m[3mname[0m[2m=[0mk#99f25ef6..[1m}[0m[2m:[0m [2msui_core::checkpoints::checkpoint_output[0m[2m:[0m [2mcrates/sui-core/src/checkpoints/checkpoint_output.rs[0m[2m:[0m[2m149:[0m Creating checkpoint CheckpointDigest(9LjrnbQbjQUjS7TZCVrMp4hCg7JFfrKz92CRtJW6DNQv) at epoch 1, sequence 312, previous digest Some(CheckpointDigest(GE7fNLyjpS7AJVJ2Psy89KruedKFw95Ykvaqbur8Qas)), transactions count 1, content digest CheckpointContentsDigest(DUDeNHSw1NR2LbtGSWar4uUjWkJwgY5o72SbEAXyGgpZ), end_of_epoch_data None
[2m2025-03-25T07:55:26.753476Z[0m [32m INFO[0m [1mnode[0m[1m{[0m[3mname[0m[2m=[0mk#addeef94..[1m}[0m[2m:[0m [2msui_core::checkpoints::checkpoint_output[0m[2m:[0m [2mcrates/sui-core/src/checkpoints/checkpoint_output.rs[0m[2m:[0m[2m149:[0m Creating checkpoint CheckpointDigest(9LjrnbQbjQUjS7TZCVrMp4hCg7JFfrKz92CRtJW6DNQv) at epoch 1, sequence 312, previous digest Some(CheckpointDigest(GE7fNLyjpS7AJVJ2Psy89KruedKFw95Ykvaqbur8Qas)), transactions count 1, content digest CheckpointContentsDigest(DUDeNHSw1NR2LbtGSWar4uUjWkJwgY5o72SbEAXyGgpZ), end_of_epoch_data None
[2m2025-03-25T07:55:26.753476Z[0m [32m INFO[0m [1mnode[0m[1m{[0m[3mname[0m[2m=[0mk#8dcff6d1..[1m}[0m[2m:[0m [2msui_core::checkpoints::checkpoint_output[0m[2m:[0m [2mcrates/sui-core/src/checkpoints/checkpoint_output.rs[0m[2m:[0m[2m149:[0m Creating checkpoint CheckpointDigest(9LjrnbQbjQUjS7TZCVrMp4hCg7JFfrKz92CRtJW6DNQv) at epoch 1, sequence 312, previous digest Some(CheckpointDigest(GE7fNLyjpS7AJVJ2Psy89KruedKFw95Ykvaqbur8Qas)), transactions count 1, content digest CheckpointContentsDigest(DUDeNHSw1NR2LbtGSWar4uUjWkJwgY5o72SbEAXyGgpZ), end_of_epoch_data None
[2m2025-03-25T07:55:26.756905Z[0m [32m INFO[0m [1mnode[0m[1m{[0m[3mname[0m[2m=[0mk#99f25ef6..[1m}[0m[2m:[0m [2msui_core::checkpoints::checkpoint_output[0m[2m:[0m [2mcrates/sui-core/src/checkpoints/checkpoint_output.rs[0m[2m:[0m[2m196:[0m Certified checkpoint with sequence 311 and digest GE7fNLyjpS7AJVJ2Psy89KruedKFw95Ykvaqbur8Qas
[2m2025-03-25T07:55:26.757087Z[0m [32m INFO[0m [1mnode[0m[1m{[0m[3mname[0m[2m=[0mk#8dcff6d1..[1m}[0m[2m:[0m [2msui_core::checkpoints::checkpoint_output[0m[2m:[0m [2mcrates/sui-core/src/checkpoints/checkpoint_output.rs[0m[2m:[0m[2m196:[0m Certified checkpoint with sequence 311 and digest GE7fNLyjpS7AJVJ2Psy89KruedKFw95Ykvaqbur8Qas
[2m2025-03-25T07:55:26.760119Z[0m [32m INFO[0m [1mnode[0m[1m{[0m[3mname[0m[2m=[0mk#8dcff6d1..[1m}[0m[2m:[0m [2msui_core::checkpoints::checkpoint_executor[0m[2m:[0m [2mcrates/sui-core/src/checkpoints/checkpoint_executor/mod.rs[0m[2m:[0m[2m332:[0m Received checkpoint summary from state sync [3msequence_number[0m[2m=[0m311
[2m2025-03-25T07:55:26.762301Z[0m [32m INFO[0m [1mnode[0m[1m{[0m[3mname[0m[2m=[0mk#99f25ef6..[1m}[0m[2m:[0m [2msui_core::checkpoints::checkpoint_executor[0m[2m:[0m [2mcrates/sui-core/src/checkpoints/checkpoint_executor/mod.rs[0m[2m:[0m[2m332:[0m Received checkpoint summary from state sync [3msequence_number[0m[2m=[0m311
[2m2025-03-25T07:55:26.777577Z[0m [32m INFO[0m [1mnode[0m[1m{[0m[3mname[0m[2m=[0mk#8dcff6d1..[1m}[0m[2m:[0m [2msui_core::state_accumulator[0m[2m:[0m [2mcrates/sui-core/src/state_accumulator.rs[0m[2m:[0m[2m675:[0m accumulating running root for checkpoint 311
[2m2025-03-25T07:55:26.777661Z[0m [32m INFO[0m [1mnode[0m[1m{[0m[3mname[0m[2m=[0mk#99f25ef6..[1m}[0m[2m:[0m [2msui_core::state_accumulator[0m[2m:[0m [2mcrates/sui-core/src/state_accumulator.rs[0m[2m:[0m[2m675:[0m accumulating running root for checkpoint 311
[2m2025-03-25T07:55:26.822421Z[0m [32m INFO[0m [1mnode[0m[1m{[0m[3mname[0m[2m=[0mk#addeef94..[1m}[0m[2m:[0m [2msui_core::checkpoints::checkpoint_executor[0m[2m:[0m [2mcrates/sui-core/src/checkpoints/checkpoint_executor/mod.rs[0m[2m:[0m[2m332:[0m Received checkpoint summary from state sync [3msequence_number[0m[2m=[0m311
[2m2025-03-25T07:55:26.823765Z[0m [32m INFO[0m [1mnode[0m[1m{[0m[3mname[0m[2m=[0mk#addeef94..[1m}[0m[2m:[0m [2msui_core::state_accumulator[0m[2m:[0m [2mcrates/sui-core/src/state_accumulator.rs[0m[2m:[0m[2m675:[0m accumulating running root for checkpoint 311
[2m2025-03-25T07:55:26.824694Z[0m [32m INFO[0m [1mnode[0m[1m{[0m[3mname[0m[2m=[0mk#b3f3cbb4..[1m}[0m[2m:[0m [2msui_core::checkpoints::checkpoint_executor[0m[2m:[0m [2mcrates/sui-core/src/checkpoints/checkpoint_executor/mod.rs[0m[2m:[0m[2m332:[0m Received checkpoint summary from state sync [3msequence_number[0m[2m=[0m311
[2m2025-03-25T07:55:26.912598Z[0m [32m INFO[0m [1mnode[0m[1m{[0m[3mname[0m[2m=[0mk#b3f3cbb4..[1m}[0m[2m:[0m [2msui_core::state_accumulator[0m[2m:[0m [2mcrates/sui-core/src/state_accumulator.rs[0m[2m:[0m[2m675:[0m accumulating running root for checkpoint 311
[2m2025-03-25T07:55:26.927876Z[0m [32m INFO[0m [1mnode[0m[1m{[0m[3mname[0m[2m=[0mk#8dcff6d1..[1m}[0m[2m:[0m [2mconsensus_core::core[0m[2m:[0m [2mconsensus/core/src/core.rs[0m[2m:[0m[2m945:[0m Included 3 ancestors & excluded 0 ancestors for proposal in round 109
[2m2025-03-25T07:55:26.928310Z[0m [32m INFO[0m [1mnode[0m[1m{[0m[3mname[0m[2m=[0mk#8dcff6d1..[1m}[0m[2m:[0m [2mconsensus_core::core[0m[2m:[0m [2mconsensus/core/src/core.rs[0m[2m:[0m[2m531:[0m Created block B109(A,EsuaJ11vwef3+d9/eUc1SXaAnsxOSGZQH/7sUJ2BXp8=)(1742889326928ms;[B108(A,3Jcn2fd8JsTrYHWzl7/oDPT/qKng1pkMUtGn/WoPf2A=), B108(B,dn3o30RQYumLPITi3ooULwWHQcz/roCTpnzWISMmegY=), B108(C,AfG2HQXMaOtiRQh6QNNiODklHq2JT1Nzc/peoqwQwt8=)];1t;1c) for round 109
[2m2025-03-25T07:55:26.929815Z[0m [32m INFO[0m [1mnode[0m[1m{[0m[3mname[0m[2m=[0mk#99f25ef6..[1m}[0m[2m:[0m [2mconsensus_core::core[0m[2m:[0m [2mconsensus/core/src/core.rs[0m[2m:[0m[2m945:[0m Included 3 ancestors & excluded 0 ancestors for proposal in round 109
[2m2025-03-25T07:55:26.929887Z[0m [32m INFO[0m [1mnode[0m[1m{[0m[3mname[0m[2m=[0mk#addeef94..[1m}[0m[2m:[0m [2mconsensus_core::core[0m[2m:[0m [2mconsensus/core/src/core.rs[0m[2m:[0m[2m945:[0m Included 3 ancestors & excluded 0 ancestors for proposal in round 109
[2m2025-03-25T07:55:26.930105Z[0m [32m INFO[0m [1mnode[0m[1m{[0m[3mname[0m[2m=[0mk#99f25ef6..[1m}[0m[2m:[0m [2mconsensus_core::core[0m[2m:[0m [2mconsensus/core/src/core.rs[0m[2m:[0m[2m531:[0m Created block B109(B,LzXg+tKBHt+oO/prHDhimhgkzdwEFqzgP8ehjdZ7cJs=)(1742889326929ms;[B108(B,dn3o30RQYumLPITi3ooULwWHQcz/roCTpnzWISMmegY=), B108(A,3Jcn2fd8JsTrYHWzl7/oDPT/qKng1pkMUtGn/WoPf2A=), B108(C,AfG2HQXMaOtiRQh6QNNiODklHq2JT1Nzc/peoqwQwt8=)];1t;1c) for round 109
[2m2025-03-25T07:55:26.930183Z[0m [32m INFO[0m [1mnode[0m[1m{[0m[3mname[0m[2m=[0mk#addeef94..[1m}[0m[2m:[0m [2mconsensus_core::core[0m[2m:[0m [2mconsensus/core/src/core.rs[0m[2m:[0m[2m531:[0m Created block B109(C,ZmOFIqVGKYXTwitTkQu34nGfpTy++uoxOn9N1fohLyw=)(1742889326929ms;[B108(C,AfG2HQXMaOtiRQh6QNNiODklHq2JT1Nzc/peoqwQwt8=), B108(A,3Jcn2fd8JsTrYHWzl7/oDPT/qKng1pkMUtGn/WoPf2A=), B108(B,dn3o30RQYumLPITi3ooULwWHQcz/roCTpnzWISMmegY=)];1t;1c) for round 109
[2m2025-03-25T07:55:26.958341Z[0m [32m INFO[0m [1mnode[0m[1m{[0m[3mname[0m[2m=[0mk#99f25ef6..[1m}[0m[2m:[0m [2msui_core::checkpoints::checkpoint_output[0m[2m:[0m [2mcrates/sui-core/src/checkpoints/checkpoint_output.rs[0m[2m:[0m[2m196:[0m Certified checkpoint with sequence 312 and digest 9LjrnbQbjQUjS7TZCVrMp4hCg7JFfrKz92CRtJW6DNQv
[2m2025-03-25T07:55:26.958768Z[0m [32m INFO[0m [1mnode[0m[1m{[0m[3mname[0m[2m=[0mk#99f25ef6..[1m}[0m[2m:[0m [2msui_core::checkpoints::checkpoint_executor[0m[2m:[0m [2mcrates/sui-core/src/checkpoints/checkpoint_executor/mod.rs[0m[2m:[0m[2m332:[0m Received checkpoint summary from state sync [3msequence_number[0m[2m=[0m312
[2m2025-03-25T07:55:26.958893Z[0m [32m INFO[0m [1mnode[0m[1m{[0m[3mname[0m[2m=[0mk#8dcff6d1..[1m}[0m[2m:[0m [2msui_core::checkpoints::checkpoint_output[0m[2m:[0m [2mcrates/sui-core/src/checkpoints/checkpoint_output.rs[0m[2m:[0m[2m196:[0m Certified checkpoint with sequence 312 and digest 9LjrnbQbjQUjS7TZCVrMp4hCg7JFfrKz92CRtJW6DNQv
[2m2025-03-25T07:55:26.959299Z[0m [32m INFO[0m [1mnode[0m[1m{[0m[3mname[0m[2m=[0mk#8dcff6d1..[1m}[0m[2m:[0m [2msui_core::checkpoints::checkpoint_executor[0m[2m:[0m [2mcrates/sui-core/src/checkpoints/checkpoint_executor/mod.rs[0m[2m:[0m[2m332:[0m Received checkpoint summary from state sync [3msequence_number[0m[2m=[0m312
[2m2025-03-25T07:55:26.959929Z[0m [32m INFO[0m [1mnode[0m[1m{[0m[3mname[0m[2m=[0mk#99f25ef6..[1m}[0m[2m:[0m [2msui_core::state_accumulator[0m[2m:[0m [2mcrates/sui-core/src/state_accumulator.rs[0m[2m:[0m[2m675:[0m accumulating running root for checkpoint 312
[2m2025-03-25T07:55:26.960337Z[0m [32m INFO[0m [1mnode[0m[1m{[0m[3mname[0m[2m=[0mk#8dcff6d1..[1m}[0m[2m:[0m [2msui_core::state_accumulator[0m[2m:[0m [2mcrates/sui-core/src/state_accumulator.rs[0m[2m:[0m[2m675:[0m accumulating running root for checkpoint 312
[2m2025-03-25T07:55:26.961824Z[0m [32m INFO[0m [1mnode[0m[1m{[0m[3mname[0m[2m=[0mk#addeef94..[1m}[0m[2m:[0m [2msui_core::checkpoints::checkpoint_executor[0m[2m:[0m [2mcrates/sui-core/src/checkpoints/checkpoint_executor/mod.rs[0m[2m:[0m[2m332:[0m Received checkpoint summary from state sync [3msequence_number[0m[2m=[0m312
[2m2025-03-25T07:55:26.962578Z[0m [32m INFO[0m [1mnode[0m[1m{[0m[3mname[0m[2m=[0mk#addeef94..[1m}[0m[2m:[0m [2msui_core::state_accumulator[0m[2m:[0m [2mcrates/sui-core/src/state_accumulator.rs[0m[2m:[0m[2m675:[0m accumulating running root for checkpoint 312
[2m2025-03-25T07:55:26.962755Z[0m [32m INFO[0m [1mnode[0m[1m{[0m[3mname[0m[2m=[0mk#b3f3cbb4..[1m}[0m[2m:[0m [2msui_core::checkpoints::checkpoint_executor[0m[2m:[0m [2mcrates/sui-core/src/checkpoints/checkpoint_executor/mod.rs[0m[2m:[0m[2m332:[0m Received checkpoint summary from state sync [3msequence_number[0m[2m=[0m312
[2m2025-03-25T07:55:26.988771Z[0m [32m INFO[0m [1mnode[0m[1m{[0m[3mname[0m[2m=[0mk#b3f3cbb4..[1m}[0m[2m:[0m [2msui_core::state_accumulator[0m[2m:[0m [2mcrates/sui-core/src/state_accumulator.rs[0m[2m:[0m[2m675:[0m accumulating running root for checkpoint 312
[2m2025-03-25T07:55:27.181693Z[0m [32m INFO[0m [1mnode[0m[1m{[0m[3mname[0m[2m=[0mk#addeef94..[1m}[0m[2m:[0m [2mconsensus_core::core[0m[2m:[0m [2mconsensus/core/src/core.rs[0m[2m:[0m[2m945:[0m Included 3 ancestors & excluded 0 ancestors for proposal in round 110
[2m2025-03-25T07:55:27.183409Z[0m [32m INFO[0m [1mnode[0m[1m{[0m[3mname[0m[2m=[0mk#8dcff6d1..[1m}[0m[2m:[0m [2mconsensus_core::core[0m[2m:[0m [2mconsensus/core/src/core.rs[0m[2m:[0m[2m945:[0m Included 3 ancestors & excluded 0 ancestors for proposal in round 110
[2m2025-03-25T07:55:27.184359Z[0m [32m INFO[0m [1mnode[0m[1m{[0m[3mname[0m[2m=[0mk#99f25ef6..[1m}[0m[2m:[0m [2mconsensus_core::core[0m[2m:[0m [2mconsensus/core/src/core.rs[0m[2m:[0m[2m945:[0m Included 3 ancestors & excluded 0 ancestors for proposal in round 110
[2m2025-03-25T07:55:27.184473Z[0m [32m INFO[0m [1mnode[0m[1m{[0m[3mname[0m[2m=[0mk#addeef94..[1m}[0m[2m:[0m [2mconsensus_core::core[0m[2m:[0m [2mconsensus/core/src/core.rs[0m[2m:[0m[2m531:[0m Created block B110(C,J88j0w0gVuLaVKwsCK3XTVfDtGQbevkR2io19BALOIo=)(1742889327182ms;[B109(C,ZmOFIqVGKYXTwitTkQu34nGfpTy++uoxOn9N1fohLyw=), B109(A,EsuaJ11vwef3+d9/eUc1SXaAnsxOSGZQH/7sUJ2BXp8=), B109(B,LzXg+tKBHt+oO/prHDhimhgkzdwEFqzgP8ehjdZ7cJs=)];0t;0c) for round 110
[2m2025-03-25T07:55:27.185452Z[0m [32m INFO[0m [1mnode[0m[1m{[0m[3mname[0m[2m=[0mk#8dcff6d1..[1m}[0m[2m:[0m [2mconsensus_core::core[0m[2m:[0m [2mconsensus/core/src/core.rs[0m[2m:[0m[2m531:[0m Created block B110(A,CSefnKh/qeAtqTBQnKhBrWMBxGjngllgtjrHRQACNO4=)(1742889327183ms;[B109(A,EsuaJ11vwef3+d9/eUc1SXaAnsxOSGZQH/7sUJ2BXp8=), B109(B,LzXg+tKBHt+oO/prHDhimhgkzdwEFqzgP8ehjdZ7cJs=), B109(C,ZmOFIqVGKYXTwitTkQu34nGfpTy++uoxOn9N1fohLyw=)];0t;0c) for round 110
[2m2025-03-25T07:55:27.186081Z[0m [32m INFO[0m [1mnode[0m[1m{[0m[3mname[0m[2m=[0mk#99f25ef6..[1m}[0m[2m:[0m [2mconsensus_core::core[0m[2m:[0m [2mconsensus/core/src/core.rs[0m[2m:[0m[2m531:[0m Created block B110(B,Tdya+uiZl82OAOGxr6k+FQxLjOrEVbAfHykplAImSdM=)(1742889327184ms;[B109(B,LzXg+tKBHt+oO/prHDhimhgkzdwEFqzgP8ehjdZ7cJs=), B109(A,EsuaJ11vwef3+d9/eUc1SXaAnsxOSGZQH/7sUJ2BXp8=), B109(C,ZmOFIqVGKYXTwitTkQu34nGfpTy++uoxOn9N1fohLyw=)];0t;0c) for round 110
[2m2025-03-25T07:55:27.188342Z[0m [32m INFO[0m [1mnode[0m[1m{[0m[3mname[0m[2m=[0mk#addeef94..[1m}[0m[2m:[0m [2mconsensus_core::core[0m[2m:[0m [2mconsensus/core/src/core.rs[0m[2m:[0m[2m630:[0m Committing 1 leaders: B108(A,3Jcn)
[2m2025-03-25T07:55:27.188342Z[0m [32m INFO[0m [1mnode[0m[1m{[0m[3mname[0m[2m=[0mk#8dcff6d1..[1m}[0m[2m:[0m [2mconsensus_core::core[0m[2m:[0m [2mconsensus/core/src/core.rs[0m[2m:[0m[2m630:[0m Committing 1 leaders: B108(A,3Jcn)
[2m2025-03-25T07:55:27.188876Z[0m [32m INFO[0m [1mnode[0m[1m{[0m[3mname[0m[2m=[0mk#addeef94..[1m}[0m[2m:[0m [2mconsensus_core::commit_observer[0m[2m:[0m [2mconsensus/core/src/commit_observer.rs[0m[2m:[0m[2m173:[0m Consensus commit C100(NRMR) with leader B108(A,3Jcn) has 5 blocks
[2m2025-03-25T07:55:27.188890Z[0m [32m INFO[0m [1mnode[0m[1m{[0m[3mname[0m[2m=[0mk#8dcff6d1..[1m}[0m[2m:[0m [2mconsensus_core::commit_observer[0m[2m:[0m [2mconsensus/core/src/commit_observer.rs[0m[2m:[0m[2m173:[0m Consensus commit C100(NRMR) with leader B108(A,3Jcn) has 5 blocks
[2m2025-03-25T07:55:27.189228Z[0m [32m INFO[0m [1mnode[0m[1m{[0m[3mname[0m[2m=[0mk#addeef94..[1m}[0m[2m:[0m [2msui_core::consensus_handler[0m[2m:[0m [2mcrates/sui-core/src/consensus_handler.rs[0m[2m:[0m[2m232:[0m Received consensus output [3mconsensus_commit[0m[2m=[0mCommittedSubDag(leader=B108(A,3Jcn), ref=C100(NRMR), blocks=[Hme9, 51bi, 7H6Z, 93Nq, 3Jcn]) [3mepoch[0m[2m=[0m1
[2m2025-03-25T07:55:27.189228Z[0m [32m INFO[0m [1mnode[0m[1m{[0m[3mname[0m[2m=[0mk#8dcff6d1..[1m}[0m[2m:[0m [2msui_core::consensus_handler[0m[2m:[0m [2mcrates/sui-core/src/consensus_handler.rs[0m[2m:[0m[2m232:[0m Received consensus output [3mconsensus_commit[0m[2m=[0mCommittedSubDag(leader=B108(A,3Jcn), ref=C100(NRMR), blocks=[Hme9, 51bi, 7H6Z, 93Nq, 3Jcn]) [3mepoch[0m[2m=[0m1
[2m2025-03-25T07:55:27.190220Z[0m [32m INFO[0m [1mnode[0m[1m{[0m[3mname[0m[2m=[0mk#99f25ef6..[1m}[0m[2m:[0m [2mconsensus_core::core[0m[2m:[0m [2mconsensus/core/src/core.rs[0m[2m:[0m[2m630:[0m Committing 1 leaders: B108(A,3Jcn)
[2m2025-03-25T07:55:27.190933Z[0m [32m INFO[0m [1mnode[0m[1m{[0m[3mname[0m[2m=[0mk#99f25ef6..[1m}[0m[2m:[0m [2mconsensus_core::commit_observer[0m[2m:[0m [2mconsensus/core/src/commit_observer.rs[0m[2m:[0m[2m173:[0m Consensus commit C100(NRMR) with leader B108(A,3Jcn) has 5 blocks
[2m2025-03-25T07:55:27.191524Z[0m [32m INFO[0m [1mnode[0m[1m{[0m[3mname[0m[2m=[0mk#99f25ef6..[1m}[0m[2m:[0m [2msui_core::consensus_handler[0m[2m:[0m [2mcrates/sui-core/src/consensus_handler.rs[0m[2m:[0m[2m232:[0m Received consensus output [3mconsensus_commit[0m[2m=[0mCommittedSubDag(leader=B108(A,3Jcn), ref=C100(NRMR), blocks=[Hme9, 51bi, 7H6Z, 93Nq, 3Jcn]) [3mepoch[0m[2m=[0m1
[2m2025-03-25T07:55:27.268215Z[0m [32m INFO[0m [1mnode[0m[1m{[0m[3mname[0m[2m=[0mk#8dcff6d1..[1m}[0m[2m:[0m [2msui_core::checkpoints[0m[2m:[0m [2mcrates/sui-core/src/checkpoints/mod.rs[0m[2m:[0m[2m1326:[0m Creating checkpoint(s) for 2 transactions [3mnext_checkpoint_seq[0m[2m=[0m313 [3mcheckpoint_timestamp[0m[2m=[0m1742889326666
[2m2025-03-25T07:55:27.268215Z[0m [32m INFO[0m [1mnode[0m[1m{[0m[3mname[0m[2m=[0mk#addeef94..[1m}[0m[2m:[0m [2msui_core::checkpoints[0m[2m:[0m [2mcrates/sui-core/src/checkpoints/mod.rs[0m[2m:[0m[2m1326:[0m Creating checkpoint(s) for 2 transactions [3mnext_checkpoint_seq[0m[2m=[0m313 [3mcheckpoint_timestamp[0m[2m=[0m1742889326666
[2m2025-03-25T07:55:27.268215Z[0m [32m INFO[0m [1mnode[0m[1m{[0m[3mname[0m[2m=[0mk#99f25ef6..[1m}[0m[2m:[0m [2msui_core::checkpoints[0m[2m:[0m [2mcrates/sui-core/src/checkpoints/mod.rs[0m[2m:[0m[2m1326:[0m Creating checkpoint(s) for 2 transactions [3mnext_checkpoint_seq[0m[2m=[0m313 [3mcheckpoint_timestamp[0m[2m=[0m1742889326666
[2m2025-03-25T07:55:27.268571Z[0m [32m INFO[0m [1mnode[0m[1m{[0m[3mname[0m[2m=[0mk#99f25ef6..[1m}[0m[2m:[0m [2msui_core::checkpoints::checkpoint_output[0m[2m:[0m [2mcrates/sui-core/src/checkpoints/checkpoint_output.rs[0m[2m:[0m[2m149:[0m Creating checkpoint CheckpointDigest(FLBxNHwQPUQ3TggnyZn25knmTpuhYipUyFXWeKJrf2i4) at epoch 1, sequence 313, previous digest Some(CheckpointDigest(9LjrnbQbjQUjS7TZCVrMp4hCg7JFfrKz92CRtJW6DNQv)), transactions count 2, content digest CheckpointContentsDigest(5jXao3AxdPkig1avXZgPHnvYsQ8ZbhbHiqJwAmxzMh44), end_of_epoch_data None
[2m2025-03-25T07:55:27.268571Z[0m [32m INFO[0m [1mnode[0m[1m{[0m[3mname[0m[2m=[0mk#8dcff6d1..[1m}[0m[2m:[0m [2msui_core::checkpoints::checkpoint_output[0m[2m:[0m [2mcrates/sui-core/src/checkpoints/checkpoint_output.rs[0m[2m:[0m[2m149:[0m Creating checkpoint CheckpointDigest(FLBxNHwQPUQ3TggnyZn25knmTpuhYipUyFXWeKJrf2i4) at epoch 1, sequence 313, previous digest Some(CheckpointDigest(9LjrnbQbjQUjS7TZCVrMp4hCg7JFfrKz92CRtJW6DNQv)), transactions count 2, content digest CheckpointContentsDigest(5jXao3AxdPkig1avXZgPHnvYsQ8ZbhbHiqJwAmxzMh44), end_of_epoch_data None
[2m2025-03-25T07:55:27.268571Z[0m [32m INFO[0m [1mnode[0m[1m{[0m[3mname[0m[2m=[0mk#addeef94..[1m}[0m[2m:[0m [2msui_core::checkpoints::checkpoint_output[0m[2m:[0m [2mcrates/sui-core/src/checkpoints/checkpoint_output.rs[0m[2m:[0m[2m149:[0m Creating checkpoint CheckpointDigest(FLBxNHwQPUQ3TggnyZn25knmTpuhYipUyFXWeKJrf2i4) at epoch 1, sequence 313, previous digest Some(CheckpointDigest(9LjrnbQbjQUjS7TZCVrMp4hCg7JFfrKz92CRtJW6DNQv)), transactions count 2, content digest CheckpointContentsDigest(5jXao3AxdPkig1avXZgPHnvYsQ8ZbhbHiqJwAmxzMh44), end_of_epoch_data None
[2m2025-03-25T07:55:27.333500Z[0m [32m INFO[0m [1mnode[0m[1m{[0m[3mname[0m[2m=[0mk#addeef94..[1m}[0m[2m:[0m [2mconsensus_core::commit_syncer[0m[2m:[0m [2mconsensus/core/src/commit_syncer.rs[0m[2m:[0m[2m196:[0m Checking to schedule fetches: synced_commit_index=100, highest_handled_index=100, highest_scheduled_index=0, quorum_commit_index=0, unhandled_commits_threshold=3200
[2m2025-03-25T07:55:27.333500Z[0m [32m INFO[0m [1mnode[0m[1m{[0m[3mname[0m[2m=[0mk#8dcff6d1..[1m}[0m[2m:[0m [2mconsensus_core::commit_syncer[0m[2m:[0m [2mconsensus/core/src/commit_syncer.rs[0m[2m:[0m[2m196:[0m Checking to schedule fetches: synced_commit_index=100, highest_handled_index=100, highest_scheduled_index=0, quorum_commit_index=99, unhandled_commits_threshold=3200
[2m2025-03-25T07:55:27.333500Z[0m [32m INFO[0m [1mnode[0m[1m{[0m[3mname[0m[2m=[0mk#99f25ef6..[1m}[0m[2m:[0m [2mconsensus_core::commit_syncer[0m[2m:[0m [2mconsensus/core/src/commit_syncer.rs[0m[2m:[0m[2m196:[0m Checking to schedule fetches: synced_commit_index=100, highest_handled_index=100, highest_scheduled_index=0, quorum_commit_index=99, unhandled_commits_threshold=3200
[2m2025-03-25T07:55:27.439944Z[0m [32m INFO[0m [1mnode[0m[1m{[0m[3mname[0m[2m=[0mk#8dcff6d1..[1m}[0m[2m:[0m [2mconsensus_core::core[0m[2m:[0m [2mconsensus/core/src/core.rs[0m[2m:[0m[2m945:[0m Included 3 ancestors & excluded 0 ancestors for proposal in round 111
[2m2025-03-25T07:55:27.440628Z[0m [32m INFO[0m [1mnode[0m[1m{[0m[3mname[0m[2m=[0mk#8dcff6d1..[1m}[0m[2m:[0m [2mconsensus_core::core[0m[2m:[0m [2mconsensus/core/src/core.rs[0m[2m:[0m[2m531:[0m Created block B111(A,h03KeFH4ae3LyZYOyKEtZ3zY65GGmPEHxtIaxCnNMjA=)(1742889327440ms;[B110(A,CSefnKh/qeAtqTBQnKhBrWMBxGjngllgtjrHRQACNO4=), B110(B,Tdya+uiZl82OAOGxr6k+FQxLjOrEVbAfHykplAImSdM=), B110(C,J88j0w0gVuLaVKwsCK3XTVfDtGQbevkR2io19BALOIo=)];1t;1c) for round 111
[2m2025-03-25T07:55:27.443386Z[0m [32m INFO[0m [1mnode[0m[1m{[0m[3mname[0m[2m=[0mk#addeef94..[1m}[0m[2m:[0m [2mconsensus_core::core[0m[2m:[0m [2mconsensus/core/src/core.rs[0m[2m:[0m[2m945:[0m Included 3 ancestors & excluded 0 ancestors for proposal in round 111
[2m2025-03-25T07:55:27.443857Z[0m [32m INFO[0m [1mnode[0m[1m{[0m[3mname[0m[2m=[0mk#99f25ef6..[1m}[0m[2m:[0m [2mconsensus_core::core[0m[2m:[0m [2mconsensus/core/src/core.rs[0m[2m:[0m[2m945:[0m Included 3 ancestors & excluded 0 ancestors for proposal in round 111
[2m2025-03-25T07:55:27.443872Z[0m [32m INFO[0m [1mnode[0m[1m{[0m[3mname[0m[2m=[0mk#addeef94..[1m}[0m[2m:[0m [2mconsensus_core::core[0m[2m:[0m [2mconsensus/core/src/core.rs[0m[2m:[0m[2m531:[0m Created block B111(C,cIlGpF1dqqtS0YjCX3Yk6oTgEj9FOQ5ACMI8Wn8MCpU=)(1742889327443ms;[B110(C,J88j0w0gVuLaVKwsCK3XTVfDtGQbevkR2io19BALOIo=), B110(A,CSefnKh/qeAtqTBQnKhBrWMBxGjngllgtjrHRQACNO4=), B110(B,Tdya+uiZl82OAOGxr6k+FQxLjOrEVbAfHykplAImSdM=)];1t;1c) for round 111
[2m2025-03-25T07:55:27.444101Z[0m [32m INFO[0m [1mnode[0m[1m{[0m[3mname[0m[2m=[0mk#addeef94..[1m}[0m[2m:[0m [2mconsensus_core::core[0m[2m:[0m [2mconsensus/core/src/core.rs[0m[2m:[0m[2m630:[0m Committing 1 leaders: B109(B,LzXg)
[2m2025-03-25T07:55:27.444241Z[0m [32m INFO[0m [1mnode[0m[1m{[0m[3mname[0m[2m=[0mk#addeef94..[1m}[0m[2m:[0m [2mconsensus_core::commit_observer[0m[2m:[0m [2mconsensus/core/src/commit_observer.rs[0m[2m:[0m[2m173:[0m Consensus commit C101(XvKo) with leader B109(B,LzXg) has 3 blocks
[2m2025-03-25T07:55:27.444323Z[0m [32m INFO[0m [1mnode[0m[1m{[0m[3mname[0m[2m=[0mk#99f25ef6..[1m}[0m[2m:[0m [2mconsensus_core::core[0m[2m:[0m [2mconsensus/core/src/core.rs[0m[2m:[0m[2m531:[0m Created block B111(B,Bv+J4D9M7wFkzVwVQf8Asp8NU3oqhMcTwv4a9UIGYlc=)(1742889327443ms;[B110(B,Tdya+uiZl82OAOGxr6k+FQxLjOrEVbAfHykplAImSdM=), B110(A,CSefnKh/qeAtqTBQnKhBrWMBxGjngllgtjrHRQACNO4=), B110(C,J88j0w0gVuLaVKwsCK3XTVfDtGQbevkR2io19BALOIo=)];1t;1c) for round 111
[2m2025-03-25T07:55:27.444597Z[0m [32m INFO[0m [1mnode[0m[1m{[0m[3mname[0m[2m=[0mk#addeef94..[1m}[0m[2m:[0m [2msui_core::consensus_handler[0m[2m:[0m [2mcrates/sui-core/src/consensus_handler.rs[0m[2m:[0m[2m232:[0m Received consensus output [3mconsensus_commit[0m[2m=[0mCommittedSubDag(leader=B109(B,LzXg), ref=C101(XvKo), blocks=[dn3o, AfG2, LzXg]) [3mepoch[0m[2m=[0m1
[2m2025-03-25T07:55:27.447990Z[0m [32m INFO[0m [1mnode[0m[1m{[0m[3mname[0m[2m=[0mk#8dcff6d1..[1m}[0m[2m:[0m [2mconsensus_core::core[0m[2m:[0m [2mconsensus/core/src/core.rs[0m[2m:[0m[2m630:[0m Committing 1 leaders: B109(B,LzXg)
[2m2025-03-25T07:55:27.448117Z[0m [32m INFO[0m [1mnode[0m[1m{[0m[3mname[0m[2m=[0mk#8dcff6d1..[1m}[0m[2m:[0m [2mconsensus_core::commit_observer[0m[2m:[0m [2mconsensus/core/src/commit_observer.rs[0m[2m:[0m[2m173:[0m Consensus commit C101(XvKo) with leader B109(B,LzXg) has 3 blocks
[2m2025-03-25T07:55:27.448219Z[0m [32m INFO[0m [1mnode[0m[1m{[0m[3mname[0m[2m=[0mk#8dcff6d1..[1m}[0m[2m:[0m [2msui_core::consensus_handler[0m[2m:[0m [2mcrates/sui-core/src/consensus_handler.rs[0m[2m:[0m[2m232:[0m Received consensus output [3mconsensus_commit[0m[2m=[0mCommittedSubDag(leader=B109(B,LzXg), ref=C101(XvKo), blocks=[dn3o, AfG2, LzXg]) [3mepoch[0m[2m=[0m1
[2m2025-03-25T07:55:27.449188Z[0m [32m INFO[0m [1mnode[0m[1m{[0m[3mname[0m[2m=[0mk#99f25ef6..[1m}[0m[2m:[0m [2msui_core::checkpoints::checkpoint_output[0m[2m:[0m [2mcrates/sui-core/src/checkpoints/checkpoint_output.rs[0m[2m:[0m[2m196:[0m Certified checkpoint with sequence 313 and digest FLBxNHwQPUQ3TggnyZn25knmTpuhYipUyFXWeKJrf2i4
[2m2025-03-25T07:55:27.449340Z[0m [32m INFO[0m [1mnode[0m[1m{[0m[3mname[0m[2m=[0mk#99f25ef6..[1m}[0m[2m:[0m [2mconsensus_core::core[0m[2m:[0m [2mconsensus/core/src/core.rs[0m[2m:[0m[2m630:[0m Committing 1 leaders: B109(B,LzXg)
[2m2025-03-25T07:55:27.449466Z[0m [32m INFO[0m [1mnode[0m[1m{[0m[3mname[0m[2m=[0mk#99f25ef6..[1m}[0m[2m:[0m [2mconsensus_core::commit_observer[0m[2m:[0m [2mconsensus/core/src/commit_observer.rs[0m[2m:[0m[2m173:[0m Consensus commit C101(XvKo) with leader B109(B,LzXg) has 3 blocks
[2m2025-03-25T07:55:27.450070Z[0m [32m INFO[0m [1mnode[0m[1m{[0m[3mname[0m[2m=[0mk#99f25ef6..[1m}[0m[2m:[0m [2msui_core::consensus_handler[0m[2m:[0m [2mcrates/sui-core/src/consensus_handler.rs[0m[2m:[0m[2m232:[0m Received consensus output [3mconsensus_commit[0m[2m=[0mCommittedSubDag(leader=B109(B,LzXg), ref=C101(XvKo), blocks=[dn3o, AfG2, LzXg]) [3mepoch[0m[2m=[0m1
[2m2025-03-25T07:55:27.450873Z[0m [32m INFO[0m [1mnode[0m[1m{[0m[3mname[0m[2m=[0mk#99f25ef6..[1m}[0m[2m:[0m [2msui_core::checkpoints::checkpoint_executor[0m[2m:[0m [2mcrates/sui-core/src/checkpoints/checkpoint_executor/mod.rs[0m[2m:[0m[2m332:[0m Received checkpoint summary from state sync [3msequence_number[0m[2m=[0m313
[2m2025-03-25T07:55:27.453429Z[0m [32m INFO[0m [1mnode[0m[1m{[0m[3mname[0m[2m=[0mk#99f25ef6..[1m}[0m[2m:[0m [2msui_core::state_accumulator[0m[2m:[0m [2mcrates/sui-core/src/state_accumulator.rs[0m[2m:[0m[2m675:[0m accumulating running root for checkpoint 313
[2m2025-03-25T07:55:27.478304Z[0m [32m INFO[0m [1mnode[0m[1m{[0m[3mname[0m[2m=[0mk#addeef94..[1m}[0m[2m:[0m [2msui_core::checkpoints[0m[2m:[0m [2mcrates/sui-core/src/checkpoints/mod.rs[0m[2m:[0m[2m1326:[0m Creating checkpoint(s) for 2 transactions [3mnext_checkpoint_seq[0m[2m=[0m314 [3mcheckpoint_timestamp[0m[2m=[0m1742889326929
[2m2025-03-25T07:55:27.478633Z[0m [32m INFO[0m [1mnode[0m[1m{[0m[3mname[0m[2m=[0mk#addeef94..[1m}[0m[2m:[0m [2msui_core::checkpoints::checkpoint_output[0m[2m:[0m [2mcrates/sui-core/src/checkpoints/checkpoint_output.rs[0m[2m:[0m[2m149:[0m Creating checkpoint CheckpointDigest(56yXU4q5XJwqrdhcgsWxfd22owVTze9bTVGr4rLfeQQK) at epoch 1, sequence 314, previous digest Some(CheckpointDigest(FLBxNHwQPUQ3TggnyZn25knmTpuhYipUyFXWeKJrf2i4)), transactions count 2, content digest CheckpointContentsDigest(D32t6GaS8ZBj5rpzNMcs49uGRtU2i3QirvRQmK5fTbcx), end_of_epoch_data None
[2m2025-03-25T07:55:27.480102Z[0m [32m INFO[0m [1mnode[0m[1m{[0m[3mname[0m[2m=[0mk#8dcff6d1..[1m}[0m[2m:[0m [2msui_core::checkpoints[0m[2m:[0m [2mcrates/sui-core/src/checkpoints/mod.rs[0m[2m:[0m[2m1326:[0m Creating checkpoint(s) for 2 transactions [3mnext_checkpoint_seq[0m[2m=[0m314 [3mcheckpoint_timestamp[0m[2m=[0m1742889326929
[2m2025-03-25T07:55:27.480362Z[0m [32m INFO[0m [1mnode[0m[1m{[0m[3mname[0m[2m=[0mk#8dcff6d1..[1m}[0m[2m:[0m [2msui_core::checkpoints::checkpoint_output[0m[2m:[0m [2mcrates/sui-core/src/checkpoints/checkpoint_output.rs[0m[2m:[0m[2m149:[0m Creating checkpoint CheckpointDigest(56yXU4q5XJwqrdhcgsWxfd22owVTze9bTVGr4rLfeQQK) at epoch 1, sequence 314, previous digest Some(CheckpointDigest(FLBxNHwQPUQ3TggnyZn25knmTpuhYipUyFXWeKJrf2i4)), transactions count 2, content digest CheckpointContentsDigest(D32t6GaS8ZBj5rpzNMcs49uGRtU2i3QirvRQmK5fTbcx), end_of_epoch_data None
[2m2025-03-25T07:55:27.482566Z[0m [32m INFO[0m [1mnode[0m[1m{[0m[3mname[0m[2m=[0mk#addeef94..[1m}[0m[2m:[0m [2msui_core::checkpoints::checkpoint_executor[0m[2m:[0m [2mcrates/sui-core/src/checkpoints/checkpoint_executor/mod.rs[0m[2m:[0m[2m332:[0m Received checkpoint summary from state sync [3msequence_number[0m[2m=[0m313
[2m2025-03-25T07:55:27.483331Z[0m [32m INFO[0m [1mnode[0m[1m{[0m[3mname[0m[2m=[0mk#8dcff6d1..[1m}[0m[2m:[0m [2msui_core::checkpoints::checkpoint_output[0m[2m:[0m [2mcrates/sui-core/src/checkpoints/checkpoint_output.rs[0m[2m:[0m[2m196:[0m Certified checkpoint with sequence 313 and digest FLBxNHwQPUQ3TggnyZn25knmTpuhYipUyFXWeKJrf2i4
[2m2025-03-25T07:55:27.483468Z[0m [32m INFO[0m [1mnode[0m[1m{[0m[3mname[0m[2m=[0mk#99f25ef6..[1m}[0m[2m:[0m [2msui_core::checkpoints[0m[2m:[0m [2mcrates/sui-core/src/checkpoints/mod.rs[0m[2m:[0m[2m1326:[0m Creating checkpoint(s) for 2 transactions [3mnext_checkpoint_seq[0m[2m=[0m314 [3mcheckpoint_timestamp[0m[2m=[0m1742889326929
[2m2025-03-25T07:55:27.483736Z[0m [32m INFO[0m [1mnode[0m[1m{[0m[3mname[0m[2m=[0mk#99f25ef6..[1m}[0m[2m:[0m [2msui_core::checkpoints::checkpoint_output[0m[2m:[0m [2mcrates/sui-core/src/checkpoints/checkpoint_output.rs[0m[2m:[0m[2m149:[0m Creating checkpoint CheckpointDigest(56yXU4q5XJwqrdhcgsWxfd22owVTze9bTVGr4rLfeQQK) at epoch 1, sequence 314, previous digest Some(CheckpointDigest(FLBxNHwQPUQ3TggnyZn25knmTpuhYipUyFXWeKJrf2i4)), transactions count 2, content digest CheckpointContentsDigest(D32t6GaS8ZBj5rpzNMcs49uGRtU2i3QirvRQmK5fTbcx), end_of_epoch_data None
[2m2025-03-25T07:55:27.483868Z[0m [32m INFO[0m [1mnode[0m[1m{[0m[3mname[0m[2m=[0mk#addeef94..[1m}[0m[2m:[0m [2msui_core::state_accumulator[0m[2m:[0m [2mcrates/sui-core/src/state_accumulator.rs[0m[2m:[0m[2m675:[0m accumulating running root for checkpoint 313
[2m2025-03-25T07:55:27.483971Z[0m [32m INFO[0m [1mnode[0m[1m{[0m[3mname[0m[2m=[0mk#8dcff6d1..[1m}[0m[2m:[0m [2msui_core::checkpoints::checkpoint_executor[0m[2m:[0m [2mcrates/sui-core/src/checkpoints/checkpoint_executor/mod.rs[0m[2m:[0m[2m332:[0m Received checkpoint summary from state sync [3msequence_number[0m[2m=[0m313
[2m2025-03-25T07:55:27.485335Z[0m [32m INFO[0m [1mnode[0m[1m{[0m[3mname[0m[2m=[0mk#8dcff6d1..[1m}[0m[2m:[0m [2msui_core::state_accumulator[0m[2m:[0m [2mcrates/sui-core/src/state_accumulator.rs[0m[2m:[0m[2m675:[0m accumulating running root for checkpoint 313
[2m2025-03-25T07:55:27.486433Z[0m [32m INFO[0m [1mnode[0m[1m{[0m[3mname[0m[2m=[0mk#b3f3cbb4..[1m}[0m[2m:[0m [2msui_core::checkpoints::checkpoint_executor[0m[2m:[0m [2mcrates/sui-core/src/checkpoints/checkpoint_executor/mod.rs[0m[2m:[0m[2m332:[0m Received checkpoint summary from state sync [3msequence_number[0m[2m=[0m313
[2m2025-03-25T07:55:27.616646Z[0m [32m INFO[0m [1mnode[0m[1m{[0m[3mname[0m[2m=[0mk#b3f3cbb4..[1m}[0m[2m:[0m [2msui_core::state_accumulator[0m[2m:[0m [2mcrates/sui-core/src/state_accumulator.rs[0m[2m:[0m[2m675:[0m accumulating running root for checkpoint 313
[2m2025-03-25T07:55:27.696600Z[0m [32m INFO[0m [1mnode[0m[1m{[0m[3mname[0m[2m=[0mk#addeef94..[1m}[0m[2m:[0m [2mconsensus_core::core[0m[2m:[0m [2mconsensus/core/src/core.rs[0m[2m:[0m[2m945:[0m Included 3 ancestors & excluded 0 ancestors for proposal in round 112
[2m2025-03-25T07:55:27.697150Z[0m [32m INFO[0m [1mnode[0m[1m{[0m[3mname[0m[2m=[0mk#addeef94..[1m}[0m[2m:[0m [2mconsensus_core::core[0m[2m:[0m [2mconsensus/core/src/core.rs[0m[2m:[0m[2m531:[0m Created block B112(C,7PydLav66HrTiug3L1CQjDNJIlsTvkUbiIwtDTZkIBI=)(1742889327696ms;[B111(C,cIlGpF1dqqtS0YjCX3Yk6oTgEj9FOQ5ACMI8Wn8MCpU=), B111(A,h03KeFH4ae3LyZYOyKEtZ3zY65GGmPEHxtIaxCnNMjA=), B111(B,Bv+J4D9M7wFkzVwVQf8Asp8NU3oqhMcTwv4a9UIGYlc=)];1t;1c) for round 112
[2m2025-03-25T07:55:27.699698Z[0m [32m INFO[0m [1mnode[0m[1m{[0m[3mname[0m[2m=[0mk#8dcff6d1..[1m}[0m[2m:[0m [2mconsensus_core::core[0m[2m:[0m [2mconsensus/core/src/core.rs[0m[2m:[0m[2m945:[0m Included 3 ancestors & excluded 0 ancestors for proposal in round 112
[2m2025-03-25T07:55:27.700106Z[0m [32m INFO[0m [1mnode[0m[1m{[0m[3mname[0m[2m=[0mk#8dcff6d1..[1m}[0m[2m:[0m [2mconsensus_core::core[0m[2m:[0m [2mconsensus/core/src/core.rs[0m[2m:[0m[2m531:[0m Created block B112(A,h9rLi+WXa5S2ET9Gil1pPNci1AgM0fCKtTPDNzC383Q=)(1742889327699ms;[B111(A,h03KeFH4ae3LyZYOyKEtZ3zY65GGmPEHxtIaxCnNMjA=), B111(B,Bv+J4D9M7wFkzVwVQf8Asp8NU3oqhMcTwv4a9UIGYlc=), B111(C,cIlGpF1dqqtS0YjCX3Yk6oTgEj9FOQ5ACMI8Wn8MCpU=)];1t;1c) for round 112
[2m2025-03-25T07:55:27.700201Z[0m [32m INFO[0m [1mnode[0m[1m{[0m[3mname[0m[2m=[0mk#8dcff6d1..[1m}[0m[2m:[0m [2mconsensus_core::core[0m[2m:[0m [2mconsensus/core/src/core.rs[0m[2m:[0m[2m630:[0m Committing 1 leaders: B110(C,J88j)
[2m2025-03-25T07:55:27.700295Z[0m [32m INFO[0m [1mnode[0m[1m{[0m[3mname[0m[2m=[0mk#8dcff6d1..[1m}[0m[2m:[0m [2mconsensus_core::commit_observer[0m[2m:[0m [2mconsensus/core/src/commit_observer.rs[0m[2m:[0m[2m173:[0m Consensus commit C102(MJkH) with leader B110(C,J88j) has 3 blocks
[2m2025-03-25T07:55:27.700414Z[0m [32m INFO[0m [1mnode[0m[1m{[0m[3mname[0m[2m=[0mk#8dcff6d1..[1m}[0m[2m:[0m [2msui_core::consensus_handler[0m[2m:[0m [2mcrates/sui-core/src/consensus_handler.rs[0m[2m:[0m[2m232:[0m Received consensus output [3mconsensus_commit[0m[2m=[0mCommittedSubDag(leader=B110(C,J88j), ref=C102(MJkH), blocks=[Esua, ZmOF, J88j]) [3mepoch[0m[2m=[0m1
[2m2025-03-25T07:55:27.703034Z[0m [32m INFO[0m [1mnode[0m[1m{[0m[3mname[0m[2m=[0mk#99f25ef6..[1m}[0m[2m:[0m [2mconsensus_core::core[0m[2m:[0m [2mconsensus/core/src/core.rs[0m[2m:[0m[2m945:[0m Included 3 ancestors & excluded 0 ancestors for proposal in round 112
[2m2025-03-25T07:55:27.703365Z[0m [32m INFO[0m [1mnode[0m[1m{[0m[3mname[0m[2m=[0mk#addeef94..[1m}[0m[2m:[0m [2mconsensus_core::core[0m[2m:[0m [2mconsensus/core/src/core.rs[0m[2m:[0m[2m630:[0m Committing 1 leaders: B110(C,J88j)
[2m2025-03-25T07:55:27.703395Z[0m [32m INFO[0m [1mnode[0m[1m{[0m[3mname[0m[2m=[0mk#99f25ef6..[1m}[0m[2m:[0m [2mconsensus_core::core[0m[2m:[0m [2mconsensus/core/src/core.rs[0m[2m:[0m[2m531:[0m Created block B112(B,i0IbOLvX6u0tpv0wyZXOsaKUifhk7tElIonqUlxJcJU=)(1742889327703ms;[B111(B,Bv+J4D9M7wFkzVwVQf8Asp8NU3oqhMcTwv4a9UIGYlc=), B111(A,h03KeFH4ae3LyZYOyKEtZ3zY65GGmPEHxtIaxCnNMjA=), B111(C,cIlGpF1dqqtS0YjCX3Yk6oTgEj9FOQ5ACMI8Wn8MCpU=)];1t;1c) for round 112
[2m2025-03-25T07:55:27.703477Z[0m [32m INFO[0m [1mnode[0m[1m{[0m[3mname[0m[2m=[0mk#99f25ef6..[1m}[0m[2m:[0m [2mconsensus_core::core[0m[2m:[0m [2mconsensus/core/src/core.rs[0m[2m:[0m[2m630:[0m Committing 1 leaders: B110(C,J88j)
[2m2025-03-25T07:55:27.703479Z[0m [32m INFO[0m [1mnode[0m[1m{[0m[3mname[0m[2m=[0mk#addeef94..[1m}[0m[2m:[0m [2mconsensus_core::commit_observer[0m[2m:[0m [2mconsensus/core/src/commit_observer.rs[0m[2m:[0m[2m173:[0m Consensus commit C102(MJkH) with leader B110(C,J88j) has 3 blocks
[2m2025-03-25T07:55:27.703555Z[0m [32m INFO[0m [1mnode[0m[1m{[0m[3mname[0m[2m=[0mk#99f25ef6..[1m}[0m[2m:[0m [2mconsensus_core::commit_observer[0m[2m:[0m [2mconsensus/core/src/commit_observer.rs[0m[2m:[0m[2m173:[0m Consensus commit C102(MJkH) with leader B110(C,J88j) has 3 blocks
[2m2025-03-25T07:55:27.703572Z[0m [32m INFO[0m [1mnode[0m[1m{[0m[3mname[0m[2m=[0mk#addeef94..[1m}[0m[2m:[0m [2msui_core::consensus_handler[0m[2m:[0m [2mcrates/sui-core/src/consensus_handler.rs[0m[2m:[0m[2m232:[0m Received consensus output [3mconsensus_commit[0m[2m=[0mCommittedSubDag(leader=B110(C,J88j), ref=C102(MJkH), blocks=[Esua, ZmOF, J88j]) [3mepoch[0m[2m=[0m1
[2m2025-03-25T07:55:27.704956Z[0m [32m INFO[0m [1mnode[0m[1m{[0m[3mname[0m[2m=[0mk#99f25ef6..[1m}[0m[2m:[0m [2msui_core::checkpoints::checkpoint_output[0m[2m:[0m [2mcrates/sui-core/src/checkpoints/checkpoint_output.rs[0m[2m:[0m[2m196:[0m Certified checkpoint with sequence 314 and digest 56yXU4q5XJwqrdhcgsWxfd22owVTze9bTVGr4rLfeQQK
[2m2025-03-25T07:55:27.705028Z[0m [32m INFO[0m [1mnode[0m[1m{[0m[3mname[0m[2m=[0mk#99f25ef6..[1m}[0m[2m:[0m [2msui_core::consensus_handler[0m[2m:[0m [2mcrates/sui-core/src/consensus_handler.rs[0m[2m:[0m[2m232:[0m Received consensus output [3mconsensus_commit[0m[2m=[0mCommittedSubDag(leader=B110(C,J88j), ref=C102(MJkH), blocks=[Esua, ZmOF, J88j]) [3mepoch[0m[2m=[0m1
[2m2025-03-25T07:55:27.719817Z[0m [32m INFO[0m [1mnode[0m[1m{[0m[3mname[0m[2m=[0mk#99f25ef6..[1m}[0m[2m:[0m [2msui_core::checkpoints::checkpoint_executor[0m[2m:[0m [2mcrates/sui-core/src/checkpoints/checkpoint_executor/mod.rs[0m[2m:[0m[2m332:[0m Received checkpoint summary from state sync [3msequence_number[0m[2m=[0m314
[2m2025-03-25T07:55:27.727098Z[0m [32m INFO[0m [1mnode[0m[1m{[0m[3mname[0m[2m=[0mk#99f25ef6..[1m}[0m[2m:[0m [2msui_core::state_accumulator[0m[2m:[0m [2mcrates/sui-core/src/state_accumulator.rs[0m[2m:[0m[2m675:[0m accumulating running root for checkpoint 314
[2m2025-03-25T07:55:27.748039Z[0m [32m INFO[0m [1mnode[0m[1m{[0m[3mname[0m[2m=[0mk#8dcff6d1..[1m}[0m[2m:[0m [2msui_core::checkpoints[0m[2m:[0m [2mcrates/sui-core/src/checkpoints/mod.rs[0m[2m:[0m[2m1326:[0m Creating checkpoint(s) for 1 transactions [3mnext_checkpoint_seq[0m[2m=[0m315 [3mcheckpoint_timestamp[0m[2m=[0m1742889327182
[2m2025-03-25T07:55:27.748258Z[0m [32m INFO[0m [1mnode[0m[1m{[0m[3mname[0m[2m=[0mk#8dcff6d1..[1m}[0m[2m:[0m [2msui_core::checkpoints::checkpoint_output[0m[2m:[0m [2mcrates/sui-core/src/checkpoints/checkpoint_output.rs[0m[2m:[0m[2m149:[0m Creating checkpoint CheckpointDigest(C335dG1Z5r96biHG6iPLpFyLKE9KXiXF6hPJXNs5ZJtf) at epoch 1, sequence 315, previous digest Some(CheckpointDigest(56yXU4q5XJwqrdhcgsWxfd22owVTze9bTVGr4rLfeQQK)), transactions count 1, content digest CheckpointContentsDigest(HFyV64BpWUBscZmytWWZ4wom1GhGehNtA1FJSTFRnLfQ), end_of_epoch_data None
[2m2025-03-25T07:55:27.749517Z[0m [32m INFO[0m [1mnode[0m[1m{[0m[3mname[0m[2m=[0mk#addeef94..[1m}[0m[2m:[0m [2msui_core::checkpoints[0m[2m:[0m [2mcrates/sui-core/src/checkpoints/mod.rs[0m[2m:[0m[2m1326:[0m Creating checkpoint(s) for 1 transactions [3mnext_checkpoint_seq[0m[2m=[0m315 [3mcheckpoint_timestamp[0m[2m=[0m1742889327182
[2m2025-03-25T07:55:27.749686Z[0m [32m INFO[0m [1mnode[0m[1m{[0m[3mname[0m[2m=[0mk#addeef94..[1m}[0m[2m:[0m [2msui_core::checkpoints::checkpoint_output[0m[2m:[0m [2mcrates/sui-core/src/checkpoints/checkpoint_output.rs[0m[2m:[0m[2m149:[0m Creating checkpoint CheckpointDigest(C335dG1Z5r96biHG6iPLpFyLKE9KXiXF6hPJXNs5ZJtf) at epoch 1, sequence 315, previous digest Some(CheckpointDigest(56yXU4q5XJwqrdhcgsWxfd22owVTze9bTVGr4rLfeQQK)), transactions count 1, content digest CheckpointContentsDigest(HFyV64BpWUBscZmytWWZ4wom1GhGehNtA1FJSTFRnLfQ), end_of_epoch_data None
[2m2025-03-25T07:55:27.751310Z[0m [32m INFO[0m [1mnode[0m[1m{[0m[3mname[0m[2m=[0mk#8dcff6d1..[1m}[0m[2m:[0m [2msui_core::checkpoints::checkpoint_output[0m[2m:[0m [2mcrates/sui-core/src/checkpoints/checkpoint_output.rs[0m[2m:[0m[2m196:[0m Certified checkpoint with sequence 314 and digest 56yXU4q5XJwqrdhcgsWxfd22owVTze9bTVGr4rLfeQQK
[2m2025-03-25T07:55:27.751907Z[0m [32m INFO[0m [1mnode[0m[1m{[0m[3mname[0m[2m=[0mk#8dcff6d1..[1m}[0m[2m:[0m [2msui_core::checkpoints::checkpoint_executor[0m[2m:[0m [2mcrates/sui-core/src/checkpoints/checkpoint_executor/mod.rs[0m[2m:[0m[2m332:[0m Received checkpoint summary from state sync [3msequence_number[0m[2m=[0m314
[2m2025-03-25T07:55:27.752707Z[0m [32m INFO[0m [1mnode[0m[1m{[0m[3mname[0m[2m=[0mk#99f25ef6..[1m}[0m[2m:[0m [2msui_core::checkpoints[0m[2m:[0m [2mcrates/sui-core/src/checkpoints/mod.rs[0m[2m:[0m[2m1326:[0m Creating checkpoint(s) for 1 transactions [3mnext_checkpoint_seq[0m[2m=[0m315 [3mcheckpoint_timestamp[0m[2m=[0m1742889327182
[2m2025-03-25T07:55:27.752877Z[0m [32m INFO[0m [1mnode[0m[1m{[0m[3mname[0m[2m=[0mk#99f25ef6..[1m}[0m[2m:[0m [2msui_core::checkpoints::checkpoint_output[0m[2m:[0m [2mcrates/sui-core/src/checkpoints/checkpoint_output.rs[0m[2m:[0m[2m149:[0m Creating checkpoint CheckpointDigest(C335dG1Z5r96biHG6iPLpFyLKE9KXiXF6hPJXNs5ZJtf) at epoch 1, sequence 315, previous digest Some(CheckpointDigest(56yXU4q5XJwqrdhcgsWxfd22owVTze9bTVGr4rLfeQQK)), transactions count 1, content digest CheckpointContentsDigest(HFyV64BpWUBscZmytWWZ4wom1GhGehNtA1FJSTFRnLfQ), end_of_epoch_data None
[2m2025-03-25T07:55:27.755450Z[0m [32m INFO[0m [1mnode[0m[1m{[0m[3mname[0m[2m=[0mk#8dcff6d1..[1m}[0m[2m:[0m [2msui_core::state_accumulator[0m[2m:[0m [2mcrates/sui-core/src/state_accumulator.rs[0m[2m:[0m[2m675:[0m accumulating running root for checkpoint 314
[2m2025-03-25T07:55:27.773860Z[0m [32m INFO[0m [1mnode[0m[1m{[0m[3mname[0m[2m=[0mk#b3f3cbb4..[1m}[0m[2m:[0m [2msui_core::checkpoints::checkpoint_executor[0m[2m:[0m [2mcrates/sui-core/src/checkpoints/checkpoint_executor/mod.rs[0m[2m:[0m[2m332:[0m Received checkpoint summary from state sync [3msequence_number[0m[2m=[0m314
[2m2025-03-25T07:55:27.816878Z[0m [32m INFO[0m [1mnode[0m[1m{[0m[3mname[0m[2m=[0mk#addeef94..[1m}[0m[2m:[0m [2msui_core::checkpoints::checkpoint_executor[0m[2m:[0m [2mcrates/sui-core/src/checkpoints/checkpoint_executor/mod.rs[0m[2m:[0m[2m332:[0m Received checkpoint summary from state sync [3msequence_number[0m[2m=[0m314
[2m2025-03-25T07:55:27.818194Z[0m [32m INFO[0m [1mnode[0m[1m{[0m[3mname[0m[2m=[0mk#addeef94..[1m}[0m[2m:[0m [2msui_core::state_accumulator[0m[2m:[0m [2mcrates/sui-core/src/state_accumulator.rs[0m[2m:[0m[2m675:[0m accumulating running root for checkpoint 314
[2m2025-03-25T07:55:27.863600Z[0m [32m INFO[0m [1mnode[0m[1m{[0m[3mname[0m[2m=[0mk#b3f3cbb4..[1m}[0m[2m:[0m [2msui_core::state_accumulator[0m[2m:[0m [2mcrates/sui-core/src/state_accumulator.rs[0m[2m:[0m[2m675:[0m accumulating running root for checkpoint 314
[2m2025-03-25T07:55:27.952483Z[0m [32m INFO[0m [1mnode[0m[1m{[0m[3mname[0m[2m=[0mk#8dcff6d1..[1m}[0m[2m:[0m [2mconsensus_core::core[0m[2m:[0m [2mconsensus/core/src/core.rs[0m[2m:[0m[2m945:[0m Included 3 ancestors & excluded 0 ancestors for proposal in round 113
[2m2025-03-25T07:55:27.953024Z[0m [32m INFO[0m [1mnode[0m[1m{[0m[3mname[0m[2m=[0mk#8dcff6d1..[1m}[0m[2m:[0m [2mconsensus_core::core[0m[2m:[0m [2mconsensus/core/src/core.rs[0m[2m:[0m[2m531:[0m Created block B113(A,i7+oUE0znH1w0rHDgUWATFxd357RIPDjHY8YEHFKl/A=)(1742889327952ms;[B112(A,h9rLi+WXa5S2ET9Gil1pPNci1AgM0fCKtTPDNzC383Q=), B112(B,i0IbOLvX6u0tpv0wyZXOsaKUifhk7tElIonqUlxJcJU=), B112(C,7PydLav66HrTiug3L1CQjDNJIlsTvkUbiIwtDTZkIBI=)];1t;1c) for round 113
[2m2025-03-25T07:55:27.955688Z[0m [32m INFO[0m [1mnode[0m[1m{[0m[3mname[0m[2m=[0mk#addeef94..[1m}[0m[2m:[0m [2mconsensus_core::core[0m[2m:[0m [2mconsensus/core/src/core.rs[0m[2m:[0m[2m945:[0m Included 3 ancestors & excluded 0 ancestors for proposal in round 113
[2m2025-03-25T07:55:27.956110Z[0m [32m INFO[0m [1mnode[0m[1m{[0m[3mname[0m[2m=[0mk#addeef94..[1m}[0m[2m:[0m [2mconsensus_core::core[0m[2m:[0m [2mconsensus/core/src/core.rs[0m[2m:[0m[2m531:[0m Created block B113(C,b4M52l1/FzEPlDUcUZJRD91NLDw/ZKj+WOI1BFFO2w0=)(1742889327955ms;[B112(C,7PydLav66HrTiug3L1CQjDNJIlsTvkUbiIwtDTZkIBI=), B112(A,h9rLi+WXa5S2ET9Gil1pPNci1AgM0fCKtTPDNzC383Q=), B112(B,i0IbOLvX6u0tpv0wyZXOsaKUifhk7tElIonqUlxJcJU=)];1t;1c) for round 113
[2m2025-03-25T07:55:27.956207Z[0m [32m INFO[0m [1mnode[0m[1m{[0m[3mname[0m[2m=[0mk#addeef94..[1m}[0m[2m:[0m [2mconsensus_core::core[0m[2m:[0m [2mconsensus/core/src/core.rs[0m[2m:[0m[2m630:[0m Committing 1 leaders: B111(C,cIlG)
[2m2025-03-25T07:55:27.956306Z[0m [32m INFO[0m [1mnode[0m[1m{[0m[3mname[0m[2m=[0mk#addeef94..[1m}[0m[2m:[0m [2mconsensus_core::commit_observer[0m[2m:[0m [2mconsensus/core/src/commit_observer.rs[0m[2m:[0m[2m173:[0m Consensus commit C103(M46j) with leader B111(C,cIlG) has 3 blocks
[2m2025-03-25T07:55:27.956425Z[0m [32m INFO[0m [1mnode[0m[1m{[0m[3mname[0m[2m=[0mk#addeef94..[1m}[0m[2m:[0m [2msui_core::consensus_handler[0m[2m:[0m [2mcrates/sui-core/src/consensus_handler.rs[0m[2m:[0m[2m232:[0m Received consensus output [3mconsensus_commit[0m[2m=[0mCommittedSubDag(leader=B111(C,cIlG), ref=C103(M46j), blocks=[CSef, Tdya, cIlG]) [3mepoch[0m[2m=[0m1
[2m2025-03-25T07:55:27.956740Z[0m [32m INFO[0m [1mnode[0m[1m{[0m[3mname[0m[2m=[0mk#99f25ef6..[1m}[0m[2m:[0m [2mconsensus_core::core[0m[2m:[0m [2mconsensus/core/src/core.rs[0m[2m:[0m[2m945:[0m Included 3 ancestors & excluded 0 ancestors for proposal in round 113
[2m2025-03-25T07:55:27.957141Z[0m [32m INFO[0m [1mnode[0m[1m{[0m[3mname[0m[2m=[0mk#99f25ef6..[1m}[0m[2m:[0m [2mconsensus_core::core[0m[2m:[0m [2mconsensus/core/src/core.rs[0m[2m:[0m[2m531:[0m Created block B113(B,XWFWapzktWW5rCxOiOY/+pUmrfSFCOrzDQEGTtW9x6Q=)(1742889327956ms;[B112(B,i0IbOLvX6u0tpv0wyZXOsaKUifhk7tElIonqUlxJcJU=), B112(A,h9rLi+WXa5S2ET9Gil1pPNci1AgM0fCKtTPDNzC383Q=), B112(C,7PydLav66HrTiug3L1CQjDNJIlsTvkUbiIwtDTZkIBI=)];1t;1c) for round 113
[2m2025-03-25T07:55:27.959161Z[0m [32m INFO[0m [1mnode[0m[1m{[0m[3mname[0m[2m=[0mk#8dcff6d1..[1m}[0m[2m:[0m [2mconsensus_core::core[0m[2m:[0m [2mconsensus/core/src/core.rs[0m[2m:[0m[2m630:[0m Committing 1 leaders: B111(C,cIlG)
[2m2025-03-25T07:55:27.959274Z[0m [32m INFO[0m [1mnode[0m[1m{[0m[3mname[0m[2m=[0mk#8dcff6d1..[1m}[0m[2m:[0m [2mconsensus_core::commit_observer[0m[2m:[0m [2mconsensus/core/src/commit_observer.rs[0m[2m:[0m[2m173:[0m Consensus commit C103(M46j) with leader B111(C,cIlG) has 3 blocks
[2m2025-03-25T07:55:27.959366Z[0m [32m INFO[0m [1mnode[0m[1m{[0m[3mname[0m[2m=[0mk#8dcff6d1..[1m}[0m[2m:[0m [2msui_core::consensus_handler[0m[2m:[0m [2mcrates/sui-core/src/consensus_handler.rs[0m[2m:[0m[2m232:[0m Received consensus output [3mconsensus_commit[0m[2m=[0mCommittedSubDag(leader=B111(C,cIlG), ref=C103(M46j), blocks=[CSef, Tdya, cIlG]) [3mepoch[0m[2m=[0m1
[2m2025-03-25T07:55:27.960281Z[0m [32m INFO[0m [1mnode[0m[1m{[0m[3mname[0m[2m=[0mk#99f25ef6..[1m}[0m[2m:[0m [2msui_core::checkpoints::checkpoint_output[0m[2m:[0m [2mcrates/sui-core/src/checkpoints/checkpoint_output.rs[0m[2m:[0m[2m196:[0m Certified checkpoint with sequence 315 and digest C335dG1Z5r96biHG6iPLpFyLKE9KXiXF6hPJXNs5ZJtf
[2m2025-03-25T07:55:27.960406Z[0m [32m INFO[0m [1mnode[0m[1m{[0m[3mname[0m[2m=[0mk#99f25ef6..[1m}[0m[2m:[0m [2mconsensus_core::core[0m[2m:[0m [2mconsensus/core/src/core.rs[0m[2m:[0m[2m630:[0m Committing 1 leaders: B111(C,cIlG)
[2m2025-03-25T07:55:27.960507Z[0m [32m INFO[0m [1mnode[0m[1m{[0m[3mname[0m[2m=[0mk#99f25ef6..[1m}[0m[2m:[0m [2mconsensus_core::commit_observer[0m[2m:[0m [2mconsensus/core/src/commit_observer.rs[0m[2m:[0m[2m173:[0m Consensus commit C103(M46j) with leader B111(C,cIlG) has 3 blocks
[2m2025-03-25T07:55:27.960985Z[0m [32m INFO[0m [1mnode[0m[1m{[0m[3mname[0m[2m=[0mk#99f25ef6..[1m}[0m[2m:[0m [2msui_core::consensus_handler[0m[2m:[0m [2mcrates/sui-core/src/consensus_handler.rs[0m[2m:[0m[2m232:[0m Received consensus output [3mconsensus_commit[0m[2m=[0mCommittedSubDag(leader=B111(C,cIlG), ref=C103(M46j), blocks=[CSef, Tdya, cIlG]) [3mepoch[0m[2m=[0m1
[2m2025-03-25T07:55:27.961479Z[0m [32m INFO[0m [1mnode[0m[1m{[0m[3mname[0m[2m=[0mk#99f25ef6..[1m}[0m[2m:[0m [2msui_core::checkpoints::checkpoint_executor[0m[2m:[0m [2mcrates/sui-core/src/checkpoints/checkpoint_executor/mod.rs[0m[2m:[0m[2m332:[0m Received checkpoint summary from state sync [3msequence_number[0m[2m=[0m315
[2m2025-03-25T07:55:27.963196Z[0m [32m INFO[0m [1mnode[0m[1m{[0m[3mname[0m[2m=[0mk#99f25ef6..[1m}[0m[2m:[0m [2msui_core::state_accumulator[0m[2m:[0m [2mcrates/sui-core/src/state_accumulator.rs[0m[2m:[0m[2m675:[0m accumulating running root for checkpoint 315
[2m2025-03-25T07:55:27.987255Z[0m [32m INFO[0m [1mnode[0m[1m{[0m[3mname[0m[2m=[0mk#addeef94..[1m}[0m[2m:[0m [2msui_core::checkpoints[0m[2m:[0m [2mcrates/sui-core/src/checkpoints/mod.rs[0m[2m:[0m[2m1326:[0m Creating checkpoint(s) for 2 transactions [3mnext_checkpoint_seq[0m[2m=[0m316 [3mcheckpoint_timestamp[0m[2m=[0m1742889327443
[2m2025-03-25T07:55:27.987576Z[0m [32m INFO[0m [1mnode[0m[1m{[0m[3mname[0m[2m=[0mk#addeef94..[1m}[0m[2m:[0m [2msui_core::checkpoints::checkpoint_output[0m[2m:[0m [2mcrates/sui-core/src/checkpoints/checkpoint_output.rs[0m[2m:[0m[2m149:[0m Creating checkpoint CheckpointDigest(C7XZikzr6CtxfySgfhfmmHGoxK1zgPncpjaPDpJMP528) at epoch 1, sequence 316, previous digest Some(CheckpointDigest(C335dG1Z5r96biHG6iPLpFyLKE9KXiXF6hPJXNs5ZJtf)), transactions count 2, content digest CheckpointContentsDigest(9meEgLskNMAPx6b8yfcgB8azN1gE8mGDULneiQYpBtpw), end_of_epoch_data None
[2m2025-03-25T07:55:27.989046Z[0m [32m INFO[0m [1mnode[0m[1m{[0m[3mname[0m[2m=[0mk#8dcff6d1..[1m}[0m[2m:[0m [2msui_core::checkpoints[0m[2m:[0m [2mcrates/sui-core/src/checkpoints/mod.rs[0m[2m:[0m[2m1326:[0m Creating checkpoint(s) for 2 transactions [3mnext_checkpoint_seq[0m[2m=[0m316 [3mcheckpoint_timestamp[0m[2m=[0m1742889327443
[2m2025-03-25T07:55:27.989308Z[0m [32m INFO[0m [1mnode[0m[1m{[0m[3mname[0m[2m=[0mk#8dcff6d1..[1m}[0m[2m:[0m [2msui_core::checkpoints::checkpoint_output[0m[2m:[0m [2mcrates/sui-core/src/checkpoints/checkpoint_output.rs[0m[2m:[0m[2m149:[0m Creating checkpoint CheckpointDigest(C7XZikzr6CtxfySgfhfmmHGoxK1zgPncpjaPDpJMP528) at epoch 1, sequence 316, previous digest Some(CheckpointDigest(C335dG1Z5r96biHG6iPLpFyLKE9KXiXF6hPJXNs5ZJtf)), transactions count 2, content digest CheckpointContentsDigest(9meEgLskNMAPx6b8yfcgB8azN1gE8mGDULneiQYpBtpw), end_of_epoch_data None
[2m2025-03-25T07:55:27.991398Z[0m [32m INFO[0m [1mnode[0m[1m{[0m[3mname[0m[2m=[0mk#addeef94..[1m}[0m[2m:[0m [2msui_core::checkpoints::checkpoint_executor[0m[2m:[0m [2mcrates/sui-core/src/checkpoints/checkpoint_executor/mod.rs[0m[2m:[0m[2m332:[0m Received checkpoint summary from state sync [3msequence_number[0m[2m=[0m315
[2m2025-03-25T07:55:27.991566Z[0m [32m INFO[0m [1mnode[0m[1m{[0m[3mname[0m[2m=[0mk#99f25ef6..[1m}[0m[2m:[0m [2msui_core::checkpoints[0m[2m:[0m [2mcrates/sui-core/src/checkpoints/mod.rs[0m[2m:[0m[2m1326:[0m Creating checkpoint(s) for 2 transactions [3mnext_checkpoint_seq[0m[2m=[0m316 [3mcheckpoint_timestamp[0m[2m=[0m1742889327443
[2m2025-03-25T07:55:27.991820Z[0m [32m INFO[0m [1mnode[0m[1m{[0m[3mname[0m[2m=[0mk#99f25ef6..[1m}[0m[2m:[0m [2msui_core::checkpoints::checkpoint_output[0m[2m:[0m [2mcrates/sui-core/src/checkpoints/checkpoint_output.rs[0m[2m:[0m[2m149:[0m Creating checkpoint CheckpointDigest(C7XZikzr6CtxfySgfhfmmHGoxK1zgPncpjaPDpJMP528) at epoch 1, sequence 316, previous digest Some(CheckpointDigest(C335dG1Z5r96biHG6iPLpFyLKE9KXiXF6hPJXNs5ZJtf)), transactions count 2, content digest CheckpointContentsDigest(9meEgLskNMAPx6b8yfcgB8azN1gE8mGDULneiQYpBtpw), end_of_epoch_data None
[2m2025-03-25T07:55:27.992212Z[0m [32m INFO[0m [1mnode[0m[1m{[0m[3mname[0m[2m=[0mk#addeef94..[1m}[0m[2m:[0m [2msui_core::state_accumulator[0m[2m:[0m [2mcrates/sui-core/src/state_accumulator.rs[0m[2m:[0m[2m675:[0m accumulating running root for checkpoint 315
[2m2025-03-25T07:55:27.992412Z[0m [32m INFO[0m [1mnode[0m[1m{[0m[3mname[0m[2m=[0mk#8dcff6d1..[1m}[0m[2m:[0m [2msui_core::checkpoints::checkpoint_output[0m[2m:[0m [2mcrates/sui-core/src/checkpoints/checkpoint_output.rs[0m[2m:[0m[2m196:[0m Certified checkpoint with sequence 315 and digest C335dG1Z5r96biHG6iPLpFyLKE9KXiXF6hPJXNs5ZJtf
[2m2025-03-25T07:55:27.992973Z[0m [32m INFO[0m [1mnode[0m[1m{[0m[3mname[0m[2m=[0mk#8dcff6d1..[1m}[0m[2m:[0m [2msui_core::checkpoints::checkpoint_executor[0m[2m:[0m [2mcrates/sui-core/src/checkpoints/checkpoint_executor/mod.rs[0m[2m:[0m[2m332:[0m Received checkpoint summary from state sync [3msequence_number[0m[2m=[0m315
[2m2025-03-25T07:55:27.993574Z[0m [32m INFO[0m [1mnode[0m[1m{[0m[3mname[0m[2m=[0mk#b3f3cbb4..[1m}[0m[2m:[0m [2msui_core::checkpoints::checkpoint_executor[0m[2m:[0m [2mcrates/sui-core/src/checkpoints/checkpoint_executor/mod.rs[0m[2m:[0m[2m332:[0m Received checkpoint summary from state sync [3msequence_number[0m[2m=[0m315
[2m2025-03-25T07:55:27.993923Z[0m [32m INFO[0m [1mnode[0m[1m{[0m[3mname[0m[2m=[0mk#8dcff6d1..[1m}[0m[2m:[0m [2msui_core::state_accumulator[0m[2m:[0m [2mcrates/sui-core/src/state_accumulator.rs[0m[2m:[0m[2m675:[0m accumulating running root for checkpoint 315
[2m2025-03-25T07:55:28.019419Z[0m [32m INFO[0m [1mnode[0m[1m{[0m[3mname[0m[2m=[0mk#b3f3cbb4..[1m}[0m[2m:[0m [2msui_core::state_accumulator[0m[2m:[0m [2mcrates/sui-core/src/state_accumulator.rs[0m[2m:[0m[2m675:[0m accumulating running root for checkpoint 315
[2m2025-03-25T07:55:28.209719Z[0m [32m INFO[0m [1mnode[0m[1m{[0m[3mname[0m[2m=[0mk#addeef94..[1m}[0m[2m:[0m [2mconsensus_core::core[0m[2m:[0m [2mconsensus/core/src/core.rs[0m[2m:[0m[2m945:[0m Included 3 ancestors & excluded 0 ancestors for proposal in round 114
[2m2025-03-25T07:55:28.211215Z[0m [32m INFO[0m [1mnode[0m[1m{[0m[3mname[0m[2m=[0mk#addeef94..[1m}[0m[2m:[0m [2mconsensus_core::core[0m[2m:[0m [2mconsensus/core/src/core.rs[0m[2m:[0m[2m531:[0m Created block B114(C,tbAI05b4Kmk9MWyqmxGvBk/YeiE6mFGpJ6rQp3Z9tJM=)(1742889328209ms;[B113(C,b4M52l1/FzEPlDUcUZJRD91NLDw/ZKj+WOI1BFFO2w0=), B113(A,i7+oUE0znH1w0rHDgUWATFxd357RIPDjHY8YEHFKl/A=), B113(B,XWFWapzktWW5rCxOiOY/+pUmrfSFCOrzDQEGTtW9x6Q=)];1t;1c) for round 114
[2m2025-03-25T07:55:28.212084Z[0m [32m INFO[0m [1mnode[0m[1m{[0m[3mname[0m[2m=[0mk#8dcff6d1..[1m}[0m[2m:[0m [2mconsensus_core::core[0m[2m:[0m [2mconsensus/core/src/core.rs[0m[2m:[0m[2m945:[0m Included 3 ancestors & excluded 0 ancestors for proposal in round 114
[2m2025-03-25T07:55:28.213259Z[0m [32m INFO[0m [1mnode[0m[1m{[0m[3mname[0m[2m=[0mk#8dcff6d1..[1m}[0m[2m:[0m [2mconsensus_core::core[0m[2m:[0m [2mconsensus/core/src/core.rs[0m[2m:[0m[2m531:[0m Created block B114(A,HH1FicmKVBDWmYwM5hR7CF/A+13CubO6KxEyGLuRn+k=)(1742889328212ms;[B113(A,i7+oUE0znH1w0rHDgUWATFxd357RIPDjHY8YEHFKl/A=), B113(B,XWFWapzktWW5rCxOiOY/+pUmrfSFCOrzDQEGTtW9x6Q=), B113(C,b4M52l1/FzEPlDUcUZJRD91NLDw/ZKj+WOI1BFFO2w0=)];1t;1c) for round 114
[2m2025-03-25T07:55:28.216210Z[0m [32m INFO[0m [1mnode[0m[1m{[0m[3mname[0m[2m=[0mk#99f25ef6..[1m}[0m[2m:[0m [2mconsensus_core::core[0m[2m:[0m [2mconsensus/core/src/core.rs[0m[2m:[0m[2m945:[0m Included 3 ancestors & excluded 0 ancestors for proposal in round 114
[2m2025-03-25T07:55:28.216878Z[0m [32m INFO[0m [1mnode[0m[1m{[0m[3mname[0m[2m=[0mk#99f25ef6..[1m}[0m[2m:[0m [2mconsensus_core::core[0m[2m:[0m [2mconsensus/core/src/core.rs[0m[2m:[0m[2m531:[0m Created block B114(B,I0dSRAiqxnY9sDJU0HCJRiQJFsqhnadbq6A9jLWvH1s=)(1742889328216ms;[B113(B,XWFWapzktWW5rCxOiOY/+pUmrfSFCOrzDQEGTtW9x6Q=), B113(A,i7+oUE0znH1w0rHDgUWATFxd357RIPDjHY8YEHFKl/A=), B113(C,b4M52l1/FzEPlDUcUZJRD91NLDw/ZKj+WOI1BFFO2w0=)];1t;1c) for round 114
[2m2025-03-25T07:55:28.217214Z[0m [32m INFO[0m [1mnode[0m[1m{[0m[3mname[0m[2m=[0mk#99f25ef6..[1m}[0m[2m:[0m [2mconsensus_core::core[0m[2m:[0m [2mconsensus/core/src/core.rs[0m[2m:[0m[2m630:[0m Committing 1 leaders: B112(C,7Pyd)
[2m2025-03-25T07:55:28.217407Z[0m [32m INFO[0m [1mnode[0m[1m{[0m[3mname[0m[2m=[0mk#99f25ef6..[1m}[0m[2m:[0m [2mconsensus_core::commit_observer[0m[2m:[0m [2mconsensus/core/src/commit_observer.rs[0m[2m:[0m[2m173:[0m Consensus commit C104(ozBI) with leader B112(C,7Pyd) has 3 blocks
[2m2025-03-25T07:55:28.217700Z[0m [32m INFO[0m [1mnode[0m[1m{[0m[3mname[0m[2m=[0mk#8dcff6d1..[1m}[0m[2m:[0m [2mconsensus_core::core[0m[2m:[0m [2mconsensus/core/src/core.rs[0m[2m:[0m[2m630:[0m Committing 1 leaders: B112(C,7Pyd)
[2m2025-03-25T07:55:28.217830Z[0m [32m INFO[0m [1mnode[0m[1m{[0m[3mname[0m[2m=[0mk#addeef94..[1m}[0m[2m:[0m [2mconsensus_core::core[0m[2m:[0m [2mconsensus/core/src/core.rs[0m[2m:[0m[2m630:[0m Committing 1 leaders: B112(C,7Pyd)
[2m2025-03-25T07:55:28.217889Z[0m [32m INFO[0m [1mnode[0m[1m{[0m[3mname[0m[2m=[0mk#8dcff6d1..[1m}[0m[2m:[0m [2mconsensus_core::commit_observer[0m[2m:[0m [2mconsensus/core/src/commit_observer.rs[0m[2m:[0m[2m173:[0m Consensus commit C104(ozBI) with leader B112(C,7Pyd) has 3 blocks
[2m2025-03-25T07:55:28.217949Z[0m [32m INFO[0m [1mnode[0m[1m{[0m[3mname[0m[2m=[0mk#99f25ef6..[1m}[0m[2m:[0m [2msui_core::consensus_handler[0m[2m:[0m [2mcrates/sui-core/src/consensus_handler.rs[0m[2m:[0m[2m232:[0m Received consensus output [3mconsensus_commit[0m[2m=[0mCommittedSubDag(leader=B112(C,7Pyd), ref=C104(ozBI), blocks=[h03K, Bv+J, 7Pyd]) [3mepoch[0m[2m=[0m1
[2m2025-03-25T07:55:28.218034Z[0m [32m INFO[0m [1mnode[0m[1m{[0m[3mname[0m[2m=[0mk#addeef94..[1m}[0m[2m:[0m [2mconsensus_core::commit_observer[0m[2m:[0m [2mconsensus/core/src/commit_observer.rs[0m[2m:[0m[2m173:[0m Consensus commit C104(ozBI) with leader B112(C,7Pyd) has 3 blocks
[2m2025-03-25T07:55:28.218051Z[0m [32m INFO[0m [1mnode[0m[1m{[0m[3mname[0m[2m=[0mk#8dcff6d1..[1m}[0m[2m:[0m [2msui_core::consensus_handler[0m[2m:[0m [2mcrates/sui-core/src/consensus_handler.rs[0m[2m:[0m[2m232:[0m Received consensus output [3mconsensus_commit[0m[2m=[0mCommittedSubDag(leader=B112(C,7Pyd), ref=C104(ozBI), blocks=[h03K, Bv+J, 7Pyd]) [3mepoch[0m[2m=[0m1
[2m2025-03-25T07:55:28.218199Z[0m [32m INFO[0m [1mnode[0m[1m{[0m[3mname[0m[2m=[0mk#addeef94..[1m}[0m[2m:[0m [2msui_core::consensus_handler[0m[2m:[0m [2mcrates/sui-core/src/consensus_handler.rs[0m[2m:[0m[2m232:[0m Received consensus output [3mconsensus_commit[0m[2m=[0mCommittedSubDag(leader=B112(C,7Pyd), ref=C104(ozBI), blocks=[h03K, Bv+J, 7Pyd]) [3mepoch[0m[2m=[0m1
[2m2025-03-25T07:55:28.277833Z[0m [32m INFO[0m [1mnode[0m[1m{[0m[3mname[0m[2m=[0mk#99f25ef6..[1m}[0m[2m:[0m [2msui_core::checkpoints[0m[2m:[0m [2mcrates/sui-core/src/checkpoints/mod.rs[0m[2m:[0m[2m1326:[0m Creating checkpoint(s) for 1 transactions [3mnext_checkpoint_seq[0m[2m=[0m317 [3mcheckpoint_timestamp[0m[2m=[0m1742889327696
[2m2025-03-25T07:55:28.277833Z[0m [32m INFO[0m [1mnode[0m[1m{[0m[3mname[0m[2m=[0mk#8dcff6d1..[1m}[0m[2m:[0m [2msui_core::checkpoints[0m[2m:[0m [2mcrates/sui-core/src/checkpoints/mod.rs[0m[2m:[0m[2m1326:[0m Creating checkpoint(s) for 1 transactions [3mnext_checkpoint_seq[0m[2m=[0m317 [3mcheckpoint_timestamp[0m[2m=[0m1742889327696
[2m2025-03-25T07:55:28.277833Z[0m [32m INFO[0m [1mnode[0m[1m{[0m[3mname[0m[2m=[0mk#addeef94..[1m}[0m[2m:[0m [2msui_core::checkpoints[0m[2m:[0m [2mcrates/sui-core/src/checkpoints/mod.rs[0m[2m:[0m[2m1326:[0m Creating checkpoint(s) for 1 transactions [3mnext_checkpoint_seq[0m[2m=[0m317 [3mcheckpoint_timestamp[0m[2m=[0m1742889327696
[2m2025-03-25T07:55:28.278074Z[0m [32m INFO[0m [1mnode[0m[1m{[0m[3mname[0m[2m=[0mk#99f25ef6..[1m}[0m[2m:[0m [2msui_core::checkpoints::checkpoint_output[0m[2m:[0m [2mcrates/sui-core/src/checkpoints/checkpoint_output.rs[0m[2m:[0m[2m149:[0m Creating checkpoint CheckpointDigest(71WmrXbdLirNk2Ts61Ypo2kqcJtFMPAaabmB3gX6uUHB) at epoch 1, sequence 317, previous digest Some(CheckpointDigest(C7XZikzr6CtxfySgfhfmmHGoxK1zgPncpjaPDpJMP528)), transactions count 1, content digest CheckpointContentsDigest(277bB5fvS9R71m2crqtCw3z1mNsN8EpDguwmWFhwZpeD), end_of_epoch_data None
[2m2025-03-25T07:55:28.278074Z[0m [32m INFO[0m [1mnode[0m[1m{[0m[3mname[0m[2m=[0mk#addeef94..[1m}[0m[2m:[0m [2msui_core::checkpoints::checkpoint_output[0m[2m:[0m [2mcrates/sui-core/src/checkpoints/checkpoint_output.rs[0m[2m:[0m[2m149:[0m Creating checkpoint CheckpointDigest(71WmrXbdLirNk2Ts61Ypo2kqcJtFMPAaabmB3gX6uUHB) at epoch 1, sequence 317, previous digest Some(CheckpointDigest(C7XZikzr6CtxfySgfhfmmHGoxK1zgPncpjaPDpJMP528)), transactions count 1, content digest CheckpointContentsDigest(277bB5fvS9R71m2crqtCw3z1mNsN8EpDguwmWFhwZpeD), end_of_epoch_data None
[2m2025-03-25T07:55:28.278074Z[0m [32m INFO[0m [1mnode[0m[1m{[0m[3mname[0m[2m=[0mk#8dcff6d1..[1m}[0m[2m:[0m [2msui_core::checkpoints::checkpoint_output[0m[2m:[0m [2mcrates/sui-core/src/checkpoints/checkpoint_output.rs[0m[2m:[0m[2m149:[0m Creating checkpoint CheckpointDigest(71WmrXbdLirNk2Ts61Ypo2kqcJtFMPAaabmB3gX6uUHB) at epoch 1, sequence 317, previous digest Some(CheckpointDigest(C7XZikzr6CtxfySgfhfmmHGoxK1zgPncpjaPDpJMP528)), transactions count 1, content digest CheckpointContentsDigest(277bB5fvS9R71m2crqtCw3z1mNsN8EpDguwmWFhwZpeD), end_of_epoch_data None
[2m2025-03-25T07:55:28.281232Z[0m [32m INFO[0m [1mnode[0m[1m{[0m[3mname[0m[2m=[0mk#8dcff6d1..[1m}[0m[2m:[0m [2msui_core::checkpoints::checkpoint_output[0m[2m:[0m [2mcrates/sui-core/src/checkpoints/checkpoint_output.rs[0m[2m:[0m[2m196:[0m Certified checkpoint with sequence 316 and digest C7XZikzr6CtxfySgfhfmmHGoxK1zgPncpjaPDpJMP528
[2m2025-03-25T07:55:28.281250Z[0m [32m INFO[0m [1mnode[0m[1m{[0m[3mname[0m[2m=[0mk#99f25ef6..[1m}[0m[2m:[0m [2msui_core::checkpoints::checkpoint_output[0m[2m:[0m [2mcrates/sui-core/src/checkpoints/checkpoint_output.rs[0m[2m:[0m[2m196:[0m Certified checkpoint with sequence 316 and digest C7XZikzr6CtxfySgfhfmmHGoxK1zgPncpjaPDpJMP528
[2m2025-03-25T07:55:28.281849Z[0m [32m INFO[0m [1mnode[0m[1m{[0m[3mname[0m[2m=[0mk#8dcff6d1..[1m}[0m[2m:[0m [2msui_core::checkpoints::checkpoint_executor[0m[2m:[0m [2mcrates/sui-core/src/checkpoints/checkpoint_executor/mod.rs[0m[2m:[0m[2m332:[0m Received checkpoint summary from state sync [3msequence_number[0m[2m=[0m316
[2m2025-03-25T07:55:28.283590Z[0m [32m INFO[0m [1mnode[0m[1m{[0m[3mname[0m[2m=[0mk#8dcff6d1..[1m}[0m[2m:[0m [2msui_core::state_accumulator[0m[2m:[0m [2mcrates/sui-core/src/state_accumulator.rs[0m[2m:[0m[2m675:[0m accumulating running root for checkpoint 316
[2m2025-03-25T07:55:28.286554Z[0m [32m INFO[0m [1mnode[0m[1m{[0m[3mname[0m[2m=[0mk#99f25ef6..[1m}[0m[2m:[0m [2msui_core::checkpoints::checkpoint_executor[0m[2m:[0m [2mcrates/sui-core/src/checkpoints/checkpoint_executor/mod.rs[0m[2m:[0m[2m332:[0m Received checkpoint summary from state sync [3msequence_number[0m[2m=[0m316
[2m2025-03-25T07:55:28.301834Z[0m [32m INFO[0m [1mnode[0m[1m{[0m[3mname[0m[2m=[0mk#99f25ef6..[1m}[0m[2m:[0m [2msui_core::state_accumulator[0m[2m:[0m [2mcrates/sui-core/src/state_accumulator.rs[0m[2m:[0m[2m675:[0m accumulating running root for checkpoint 316
[2m2025-03-25T07:55:28.346276Z[0m [32m INFO[0m [1mnode[0m[1m{[0m[3mname[0m[2m=[0mk#addeef94..[1m}[0m[2m:[0m [2msui_core::checkpoints::checkpoint_executor[0m[2m:[0m [2mcrates/sui-core/src/checkpoints/checkpoint_executor/mod.rs[0m[2m:[0m[2m332:[0m Received checkpoint summary from state sync [3msequence_number[0m[2m=[0m316
[2m2025-03-25T07:55:28.346972Z[0m [32m INFO[0m [1mnode[0m[1m{[0m[3mname[0m[2m=[0mk#99f25ef6..[1m}[0m[2m:[0m[1mjwk_updater_task[0m[1m{[0m[3mepoch[0m[2m=[0m1[1m}[0m[2m:[0m [2msui_node[0m[2m:[0m [2mcrates/sui-node/src/lib.rs[0m[2m:[0m[2m376:[0m fetching JWK for provider Arden
[2m2025-03-25T07:55:28.347762Z[0m [32m INFO[0m [1mnode[0m[1m{[0m[3mname[0m[2m=[0mk#addeef94..[1m}[0m[2m:[0m [2msui_core::state_accumulator[0m[2m:[0m [2mcrates/sui-core/src/state_accumulator.rs[0m[2m:[0m[2m675:[0m accumulating running root for checkpoint 316
[2m2025-03-25T07:55:28.347808Z[0m [32m INFO[0m [1mnode[0m[1m{[0m[3mname[0m[2m=[0mk#8dcff6d1..[1m}[0m[2m:[0m[1mjwk_updater_task[0m[1m{[0m[3mepoch[0m[2m=[0m1[1m}[0m[2m:[0m [2msui_node[0m[2m:[0m [2mcrates/sui-node/src/lib.rs[0m[2m:[0m[2m376:[0m fetching JWK for provider Arden
[2m2025-03-25T07:55:28.348994Z[0m [32m INFO[0m [1mnode[0m[1m{[0m[3mname[0m[2m=[0mk#b3f3cbb4..[1m}[0m[2m:[0m [2msui_core::checkpoints::checkpoint_executor[0m[2m:[0m [2mcrates/sui-core/src/checkpoints/checkpoint_executor/mod.rs[0m[2m:[0m[2m332:[0m Received checkpoint summary from state sync [3msequence_number[0m[2m=[0m316
[2m2025-03-25T07:55:28.357600Z[0m [32m INFO[0m [1mnode[0m[1m{[0m[3mname[0m[2m=[0mk#addeef94..[1m}[0m[2m:[0m[1mjwk_updater_task[0m[1m{[0m[3mepoch[0m[2m=[0m1[1m}[0m[2m:[0m [2msui_node[0m[2m:[0m [2mcrates/sui-node/src/lib.rs[0m[2m:[0m[2m376:[0m fetching JWK for provider Arden
[2m2025-03-25T07:55:28.441934Z[0m [32m INFO[0m [1mnode[0m[1m{[0m[3mname[0m[2m=[0mk#b3f3cbb4..[1m}[0m[2m:[0m [2msui_core::state_accumulator[0m[2m:[0m [2mcrates/sui-core/src/state_accumulator.rs[0m[2m:[0m[2m675:[0m accumulating running root for checkpoint 316
[2m2025-03-25T07:55:28.475247Z[0m [32m INFO[0m [1mnode[0m[1m{[0m[3mname[0m[2m=[0mk#99f25ef6..[1m}[0m[2m:[0m [2mconsensus_core::core[0m[2m:[0m [2mconsensus/core/src/core.rs[0m[2m:[0m[2m945:[0m Included 3 ancestors & excluded 0 ancestors for proposal in round 115
[2m2025-03-25T07:55:28.475661Z[0m [32m INFO[0m [1mnode[0m[1m{[0m[3mname[0m[2m=[0mk#99f25ef6..[1m}[0m[2m:[0m [2mconsensus_core::core[0m[2m:[0m [2mconsensus/core/src/core.rs[0m[2m:[0m[2m531:[0m Created block B115(B,PX2Kw78uroPj7IpaGV3LDip5cA4W7vyq0E6sszA93Us=)(1742889328475ms;[B114(B,I0dSRAiqxnY9sDJU0HCJRiQJFsqhnadbq6A9jLWvH1s=), B114(A,HH1FicmKVBDWmYwM5hR7CF/A+13CubO6KxEyGLuRn+k=), B114(C,tbAI05b4Kmk9MWyqmxGvBk/YeiE6mFGpJ6rQp3Z9tJM=)];1t;1c) for round 115
[2m2025-03-25T07:55:28.510227Z[0m [32m INFO[0m [1mnode[0m[1m{[0m[3mname[0m[2m=[0mk#8dcff6d1..[1m}[0m[2m:[0m[1mjwk_updater_task[0m[1m{[0m[3mepoch[0m[2m=[0m1[1m}[0m[2m:[0m [2msui_node[0m[2m:[0m [2mcrates/sui-node/src/lib.rs[0m[2m:[0m[2m376:[0m fetching JWK for provider AwsTenant(("us-east-1", "us-east-1_LPSLCkC3A"))
[2m2025-03-25T07:55:28.543023Z[0m [32m INFO[0m [1mnode[0m[1m{[0m[3mname[0m[2m=[0mk#addeef94..[1m}[0m[2m:[0m[1mjwk_updater_task[0m[1m{[0m[3mepoch[0m[2m=[0m1[1m}[0m[2m:[0m [2msui_node[0m[2m:[0m [2mcrates/sui-node/src/lib.rs[0m[2m:[0m[2m376:[0m fetching JWK for provider AwsTenant(("us-east-1", "us-east-1_LPSLCkC3A"))
[2m2025-03-25T07:55:28.574040Z[0m [32m INFO[0m [1mnode[0m[1m{[0m[3mname[0m[2m=[0mk#99f25ef6..[1m}[0m[2m:[0m[1mjwk_updater_task[0m[1m{[0m[3mepoch[0m[2m=[0m1[1m}[0m[2m:[0m [2msui_node[0m[2m:[0m [2mcrates/sui-node/src/lib.rs[0m[2m:[0m[2m376:[0m fetching JWK for provider AwsTenant(("us-east-1", "us-east-1_LPSLCkC3A"))
[2m2025-03-25T07:55:28.624787Z[0m [32m INFO[0m [1mnode[0m[1m{[0m[3mname[0m[2m=[0mk#8dcff6d1..[1m}[0m[2m:[0m [2mconsensus_core::core[0m[2m:[0m [2mconsensus/core/src/core.rs[0m[2m:[0m[2m945:[0m Included 3 ancestors & excluded 0 ancestors for proposal in round 115
[2m2025-03-25T07:55:28.625120Z[0m [32m INFO[0m [1mnode[0m[1m{[0m[3mname[0m[2m=[0mk#8dcff6d1..[1m}[0m[2m:[0m [2mconsensus_core::core[0m[2m:[0m [2mconsensus/core/src/core.rs[0m[2m:[0m[2m531:[0m Created block B115(A,Uki5Uia0MnR4xOI6A+Vns4kJM7AwKOVdxeuTRTdJ1j0=)(1742889328624ms;[B114(A,HH1FicmKVBDWmYwM5hR7CF/A+13CubO6KxEyGLuRn+k=), B114(B,I0dSRAiqxnY9sDJU0HCJRiQJFsqhnadbq6A9jLWvH1s=), B114(C,tbAI05b4Kmk9MWyqmxGvBk/YeiE6mFGpJ6rQp3Z9tJM=)];1t;1c) for round 115
[2m2025-03-25T07:55:28.658866Z[0m [32m INFO[0m [1mnode[0m[1m{[0m[3mname[0m[2m=[0mk#addeef94..[1m}[0m[2m:[0m [2mconsensus_core::core[0m[2m:[0m [2mconsensus/core/src/core.rs[0m[2m:[0m[2m945:[0m Included 3 ancestors & excluded 0 ancestors for proposal in round 115
[2m2025-03-25T07:55:28.659178Z[0m [32m INFO[0m [1mnode[0m[1m{[0m[3mname[0m[2m=[0mk#addeef94..[1m}[0m[2m:[0m [2mconsensus_core::core[0m[2m:[0m [2mconsensus/core/src/core.rs[0m[2m:[0m[2m531:[0m Created block B115(C,V2VyZjNdZii4vTgD4WFWcbhh60SWLwmi4qaHsRqfKS0=)(1742889328658ms;[B114(C,tbAI05b4Kmk9MWyqmxGvBk/YeiE6mFGpJ6rQp3Z9tJM=), B114(A,HH1FicmKVBDWmYwM5hR7CF/A+13CubO6KxEyGLuRn+k=), B114(B,I0dSRAiqxnY9sDJU0HCJRiQJFsqhnadbq6A9jLWvH1s=)];1t;1c) for round 115
[2m2025-03-25T07:55:28.659331Z[0m [32m INFO[0m [1mnode[0m[1m{[0m[3mname[0m[2m=[0mk#addeef94..[1m}[0m[2m:[0m [2mconsensus_core::core[0m[2m:[0m [2mconsensus/core/src/core.rs[0m[2m:[0m[2m630:[0m Committing 1 leaders: B113(B,XWFW)
[2m2025-03-25T07:55:28.659421Z[0m [32m INFO[0m [1mnode[0m[1m{[0m[3mname[0m[2m=[0mk#addeef94..[1m}[0m[2m:[0m [2mconsensus_core::commit_observer[0m[2m:[0m [2mconsensus/core/src/commit_observer.rs[0m[2m:[0m[2m173:[0m Consensus commit C105(ZN0b) with leader B113(B,XWFW) has 3 blocks
[2m2025-03-25T07:55:28.659973Z[0m [32m INFO[0m [1mnode[0m[1m{[0m[3mname[0m[2m=[0mk#addeef94..[1m}[0m[2m:[0m [2msui_core::consensus_handler[0m[2m:[0m [2mcrates/sui-core/src/consensus_handler.rs[0m[2m:[0m[2m232:[0m Received consensus output [3mconsensus_commit[0m[2m=[0mCommittedSubDag(leader=B113(B,XWFW), ref=C105(ZN0b), blocks=[h9rL, i0Ib, XWFW]) [3mepoch[0m[2m=[0m1
[2m2025-03-25T07:55:28.663201Z[0m [32m INFO[0m [1mnode[0m[1m{[0m[3mname[0m[2m=[0mk#8dcff6d1..[1m}[0m[2m:[0m [2msui_core::checkpoints::checkpoint_output[0m[2m:[0m [2mcrates/sui-core/src/checkpoints/checkpoint_output.rs[0m[2m:[0m[2m196:[0m Certified checkpoint with sequence 317 and digest 71WmrXbdLirNk2Ts61Ypo2kqcJtFMPAaabmB3gX6uUHB
[2m2025-03-25T07:55:28.663324Z[0m [32m INFO[0m [1mnode[0m[1m{[0m[3mname[0m[2m=[0mk#8dcff6d1..[1m}[0m[2m:[0m [2mconsensus_core::core[0m[2m:[0m [2mconsensus/core/src/core.rs[0m[2m:[0m[2m630:[0m Committing 1 leaders: B113(B,XWFW)
[2m2025-03-25T07:55:28.663431Z[0m [32m INFO[0m [1mnode[0m[1m{[0m[3mname[0m[2m=[0mk#8dcff6d1..[1m}[0m[2m:[0m [2mconsensus_core::commit_observer[0m[2m:[0m [2mconsensus/core/src/commit_observer.rs[0m[2m:[0m[2m173:[0m Consensus commit C105(ZN0b) with leader B113(B,XWFW) has 3 blocks
[2m2025-03-25T07:55:28.663840Z[0m [32m INFO[0m [1mnode[0m[1m{[0m[3mname[0m[2m=[0mk#8dcff6d1..[1m}[0m[2m:[0m [2msui_core::consensus_handler[0m[2m:[0m [2mcrates/sui-core/src/consensus_handler.rs[0m[2m:[0m[2m232:[0m Received consensus output [3mconsensus_commit[0m[2m=[0mCommittedSubDag(leader=B113(B,XWFW), ref=C105(ZN0b), blocks=[h9rL, i0Ib, XWFW]) [3mepoch[0m[2m=[0m1
[2m2025-03-25T07:55:28.664415Z[0m [32m INFO[0m [1mnode[0m[1m{[0m[3mname[0m[2m=[0mk#8dcff6d1..[1m}[0m[2m:[0m [2msui_core::checkpoints::checkpoint_executor[0m[2m:[0m [2mcrates/sui-core/src/checkpoints/checkpoint_executor/mod.rs[0m[2m:[0m[2m332:[0m Received checkpoint summary from state sync [3msequence_number[0m[2m=[0m317
[2m2025-03-25T07:55:28.665977Z[0m [32m INFO[0m [1mnode[0m[1m{[0m[3mname[0m[2m=[0mk#8dcff6d1..[1m}[0m[2m:[0m [2msui_core::state_accumulator[0m[2m:[0m [2mcrates/sui-core/src/state_accumulator.rs[0m[2m:[0m[2m675:[0m accumulating running root for checkpoint 317
[2m2025-03-25T07:55:28.687588Z[0m [32m INFO[0m [1mnode[0m[1m{[0m[3mname[0m[2m=[0mk#addeef94..[1m}[0m[2m:[0m [2msui_core::checkpoints[0m[2m:[0m [2mcrates/sui-core/src/checkpoints/mod.rs[0m[2m:[0m[2m1326:[0m Creating checkpoint(s) for 2 transactions [3mnext_checkpoint_seq[0m[2m=[0m318 [3mcheckpoint_timestamp[0m[2m=[0m1742889327956
[2m2025-03-25T07:55:28.687918Z[0m [32m INFO[0m [1mnode[0m[1m{[0m[3mname[0m[2m=[0mk#addeef94..[1m}[0m[2m:[0m [2msui_core::checkpoints::checkpoint_output[0m[2m:[0m [2mcrates/sui-core/src/checkpoints/checkpoint_output.rs[0m[2m:[0m[2m149:[0m Creating checkpoint CheckpointDigest(GoiFPxQC4KJoHFaxcZpkT7T5MCC2S72oak7gh3HQAdXv) at epoch 1, sequence 318, previous digest Some(CheckpointDigest(71WmrXbdLirNk2Ts61Ypo2kqcJtFMPAaabmB3gX6uUHB)), transactions count 2, content digest CheckpointContentsDigest(9eijYAnwt3VjVUKCDKxpzkigNA7wTLvRaTpjRgqvJg8X), end_of_epoch_data None
[2m2025-03-25T07:55:28.691876Z[0m [32m INFO[0m [1mnode[0m[1m{[0m[3mname[0m[2m=[0mk#8dcff6d1..[1m}[0m[2m:[0m [2msui_core::checkpoints[0m[2m:[0m [2mcrates/sui-core/src/checkpoints/mod.rs[0m[2m:[0m[2m1326:[0m Creating checkpoint(s) for 2 transactions [3mnext_checkpoint_seq[0m[2m=[0m318 [3mcheckpoint_timestamp[0m[2m=[0m1742889327956
[2m2025-03-25T07:55:28.692050Z[0m [32m INFO[0m [1mnode[0m[1m{[0m[3mname[0m[2m=[0mk#addeef94..[1m}[0m[2m:[0m [2msui_core::checkpoints::checkpoint_executor[0m[2m:[0m [2mcrates/sui-core/src/checkpoints/checkpoint_executor/mod.rs[0m[2m:[0m[2m332:[0m Received checkpoint summary from state sync [3msequence_number[0m[2m=[0m317
[2m2025-03-25T07:55:28.692162Z[0m [32m INFO[0m [1mnode[0m[1m{[0m[3mname[0m[2m=[0mk#8dcff6d1..[1m}[0m[2m:[0m [2msui_core::checkpoints::checkpoint_output[0m[2m:[0m [2mcrates/sui-core/src/checkpoints/checkpoint_output.rs[0m[2m:[0m[2m149:[0m Creating checkpoint CheckpointDigest(GoiFPxQC4KJoHFaxcZpkT7T5MCC2S72oak7gh3HQAdXv) at epoch 1, sequence 318, previous digest Some(CheckpointDigest(71WmrXbdLirNk2Ts61Ypo2kqcJtFMPAaabmB3gX6uUHB)), transactions count 2, content digest CheckpointContentsDigest(9eijYAnwt3VjVUKCDKxpzkigNA7wTLvRaTpjRgqvJg8X), end_of_epoch_data None
[2m2025-03-25T07:55:28.692947Z[0m [32m INFO[0m [1mnode[0m[1m{[0m[3mname[0m[2m=[0mk#addeef94..[1m}[0m[2m:[0m [2msui_core::state_accumulator[0m[2m:[0m [2mcrates/sui-core/src/state_accumulator.rs[0m[2m:[0m[2m675:[0m accumulating running root for checkpoint 317
[2m2025-03-25T07:55:28.693974Z[0m [32m INFO[0m [1mnode[0m[1m{[0m[3mname[0m[2m=[0mk#b3f3cbb4..[1m}[0m[2m:[0m [2msui_core::checkpoints::checkpoint_executor[0m[2m:[0m [2mcrates/sui-core/src/checkpoints/checkpoint_executor/mod.rs[0m[2m:[0m[2m332:[0m Received checkpoint summary from state sync [3msequence_number[0m[2m=[0m317
[2m2025-03-25T07:55:28.702724Z[0m [32m INFO[0m [1mnode[0m[1m{[0m[3mname[0m[2m=[0mk#99f25ef6..[1m}[0m[2m:[0m [2mconsensus_core::core[0m[2m:[0m [2mconsensus/core/src/core.rs[0m[2m:[0m[2m630:[0m Committing 1 leaders: B113(B,XWFW)
[2m2025-03-25T07:55:28.702850Z[0m [32m INFO[0m [1mnode[0m[1m{[0m[3mname[0m[2m=[0mk#99f25ef6..[1m}[0m[2m:[0m [2mconsensus_core::commit_observer[0m[2m:[0m [2mconsensus/core/src/commit_observer.rs[0m[2m:[0m[2m173:[0m Consensus commit C105(ZN0b) with leader B113(B,XWFW) has 3 blocks
[2m2025-03-25T07:55:28.704073Z[0m [32m INFO[0m [1mnode[0m[1m{[0m[3mname[0m[2m=[0mk#99f25ef6..[1m}[0m[2m:[0m [2msui_core::checkpoints::checkpoint_output[0m[2m:[0m [2mcrates/sui-core/src/checkpoints/checkpoint_output.rs[0m[2m:[0m[2m196:[0m Certified checkpoint with sequence 317 and digest 71WmrXbdLirNk2Ts61Ypo2kqcJtFMPAaabmB3gX6uUHB
[2m2025-03-25T07:55:28.704162Z[0m [32m INFO[0m [1mnode[0m[1m{[0m[3mname[0m[2m=[0mk#99f25ef6..[1m}[0m[2m:[0m [2msui_core::consensus_handler[0m[2m:[0m [2mcrates/sui-core/src/consensus_handler.rs[0m[2m:[0m[2m232:[0m Received consensus output [3mconsensus_commit[0m[2m=[0mCommittedSubDag(leader=B113(B,XWFW), ref=C105(ZN0b), blocks=[h9rL, i0Ib, XWFW]) [3mepoch[0m[2m=[0m1
[2m2025-03-25T07:55:28.706328Z[0m [32m INFO[0m [1mnode[0m[1m{[0m[3mname[0m[2m=[0mk#99f25ef6..[1m}[0m[2m:[0m [2msui_core::checkpoints::checkpoint_executor[0m[2m:[0m [2mcrates/sui-core/src/checkpoints/checkpoint_executor/mod.rs[0m[2m:[0m[2m332:[0m Received checkpoint summary from state sync [3msequence_number[0m[2m=[0m317
[2m2025-03-25T07:55:28.707253Z[0m [32m INFO[0m [1mnode[0m[1m{[0m[3mname[0m[2m=[0mk#99f25ef6..[1m}[0m[2m:[0m [2msui_core::state_accumulator[0m[2m:[0m [2mcrates/sui-core/src/state_accumulator.rs[0m[2m:[0m[2m675:[0m accumulating running root for checkpoint 317
[2m2025-03-25T07:55:28.720308Z[0m [32m INFO[0m [1mnode[0m[1m{[0m[3mname[0m[2m=[0mk#b3f3cbb4..[1m}[0m[2m:[0m [2msui_core::state_accumulator[0m[2m:[0m [2mcrates/sui-core/src/state_accumulator.rs[0m[2m:[0m[2m675:[0m accumulating running root for checkpoint 317
[2m2025-03-25T07:55:28.732017Z[0m [32m INFO[0m [1mnode[0m[1m{[0m[3mname[0m[2m=[0mk#99f25ef6..[1m}[0m[2m:[0m [2msui_core::checkpoints[0m[2m:[0m [2mcrates/sui-core/src/checkpoints/mod.rs[0m[2m:[0m[2m1326:[0m Creating checkpoint(s) for 2 transactions [3mnext_checkpoint_seq[0m[2m=[0m318 [3mcheckpoint_timestamp[0m[2m=[0m1742889327956
[2m2025-03-25T07:55:28.732313Z[0m [32m INFO[0m [1mnode[0m[1m{[0m[3mname[0m[2m=[0mk#99f25ef6..[1m}[0m[2m:[0m [2msui_core::checkpoints::checkpoint_output[0m[2m:[0m [2mcrates/sui-core/src/checkpoints/checkpoint_output.rs[0m[2m:[0m[2m149:[0m Creating checkpoint CheckpointDigest(GoiFPxQC4KJoHFaxcZpkT7T5MCC2S72oak7gh3HQAdXv) at epoch 1, sequence 318, previous digest Some(CheckpointDigest(71WmrXbdLirNk2Ts61Ypo2kqcJtFMPAaabmB3gX6uUHB)), transactions count 2, content digest CheckpointContentsDigest(9eijYAnwt3VjVUKCDKxpzkigNA7wTLvRaTpjRgqvJg8X), end_of_epoch_data None
[2m2025-03-25T07:55:28.912762Z[0m [32m INFO[0m [1mnode[0m[1m{[0m[3mname[0m[2m=[0mk#addeef94..[1m}[0m[2m:[0m [2mconsensus_core::core[0m[2m:[0m [2mconsensus/core/src/core.rs[0m[2m:[0m[2m945:[0m Included 3 ancestors & excluded 0 ancestors for proposal in round 116
[2m2025-03-25T07:55:28.914392Z[0m [32m INFO[0m [1mnode[0m[1m{[0m[3mname[0m[2m=[0mk#addeef94..[1m}[0m[2m:[0m [2mconsensus_core::core[0m[2m:[0m [2mconsensus/core/src/core.rs[0m[2m:[0m[2m531:[0m Created block B116(C,g5zmlc1yaTUeF/Wbm3g5Uhw+qBJRgHuCWems7LpzRfA=)(1742889328913ms;[B115(C,V2VyZjNdZii4vTgD4WFWcbhh60SWLwmi4qaHsRqfKS0=), B115(A,Uki5Uia0MnR4xOI6A+Vns4kJM7AwKOVdxeuTRTdJ1j0=), B115(B,PX2Kw78uroPj7IpaGV3LDip5cA4W7vyq0E6sszA93Us=)];1t;1c) for round 116
[2m2025-03-25T07:55:28.915777Z[0m [32m INFO[0m [1mnode[0m[1m{[0m[3mname[0m[2m=[0mk#8dcff6d1..[1m}[0m[2m:[0m [2mconsensus_core::core[0m[2m:[0m [2mconsensus/core/src/core.rs[0m[2m:[0m[2m945:[0m Included 3 ancestors & excluded 0 ancestors for proposal in round 116
[2m2025-03-25T07:55:28.916990Z[0m [32m INFO[0m [1mnode[0m[1m{[0m[3mname[0m[2m=[0mk#8dcff6d1..[1m}[0m[2m:[0m [2mconsensus_core::core[0m[2m:[0m [2mconsensus/core/src/core.rs[0m[2m:[0m[2m531:[0m Created block B116(A,Kr9OflXTltZ6rqtVnXq39wbKvJDRzLHIJaJtH0brNEo=)(1742889328915ms;[B115(A,Uki5Uia0MnR4xOI6A+Vns4kJM7AwKOVdxeuTRTdJ1j0=), B115(B,PX2Kw78uroPj7IpaGV3LDip5cA4W7vyq0E6sszA93Us=), B115(C,V2VyZjNdZii4vTgD4WFWcbhh60SWLwmi4qaHsRqfKS0=)];1t;1c) for round 116
[2m2025-03-25T07:55:28.921401Z[0m [32m INFO[0m [1mnode[0m[1m{[0m[3mname[0m[2m=[0mk#8dcff6d1..[1m}[0m[2m:[0m [2mconsensus_core::core[0m[2m:[0m [2mconsensus/core/src/core.rs[0m[2m:[0m[2m630:[0m Committing 1 leaders: B114(A,HH1F)
[2m2025-03-25T07:55:28.921509Z[0m [32m INFO[0m [1mnode[0m[1m{[0m[3mname[0m[2m=[0mk#addeef94..[1m}[0m[2m:[0m [2mconsensus_core::core[0m[2m:[0m [2mconsensus/core/src/core.rs[0m[2m:[0m[2m630:[0m Committing 1 leaders: B114(A,HH1F)
[2m2025-03-25T07:55:28.921610Z[0m [32m INFO[0m [1mnode[0m[1m{[0m[3mname[0m[2m=[0mk#8dcff6d1..[1m}[0m[2m:[0m [2mconsensus_core::commit_observer[0m[2m:[0m [2mconsensus/core/src/commit_observer.rs[0m[2m:[0m[2m173:[0m Consensus commit C106(TMNp) with leader B114(A,HH1F) has 3 blocks
[2m2025-03-25T07:55:28.921711Z[0m [32m INFO[0m [1mnode[0m[1m{[0m[3mname[0m[2m=[0mk#addeef94..[1m}[0m[2m:[0m [2mconsensus_core::commit_observer[0m[2m:[0m [2mconsensus/core/src/commit_observer.rs[0m[2m:[0m[2m173:[0m Consensus commit C106(TMNp) with leader B114(A,HH1F) has 3 blocks
[2m2025-03-25T07:55:28.921793Z[0m [32m INFO[0m [1mnode[0m[1m{[0m[3mname[0m[2m=[0mk#8dcff6d1..[1m}[0m[2m:[0m [2msui_core::consensus_handler[0m[2m:[0m [2mcrates/sui-core/src/consensus_handler.rs[0m[2m:[0m[2m232:[0m Received consensus output [3mconsensus_commit[0m[2m=[0mCommittedSubDag(leader=B114(A,HH1F), ref=C106(TMNp), blocks=[i7+o, b4M5, HH1F]) [3mepoch[0m[2m=[0m1
[2m2025-03-25T07:55:28.921878Z[0m [32m INFO[0m [1mnode[0m[1m{[0m[3mname[0m[2m=[0mk#addeef94..[1m}[0m[2m:[0m [2msui_core::consensus_handler[0m[2m:[0m [2mcrates/sui-core/src/consensus_handler.rs[0m[2m:[0m[2m232:[0m Received consensus output [3mconsensus_commit[0m[2m=[0mCommittedSubDag(leader=B114(A,HH1F), ref=C106(TMNp), blocks=[i7+o, b4M5, HH1F]) [3mepoch[0m[2m=[0m1
[2m2025-03-25T07:55:28.922147Z[0m [32m INFO[0m [1mnode[0m[1m{[0m[3mname[0m[2m=[0mk#99f25ef6..[1m}[0m[2m:[0m [2mconsensus_core::core[0m[2m:[0m [2mconsensus/core/src/core.rs[0m[2m:[0m[2m945:[0m Included 3 ancestors & excluded 0 ancestors for proposal in round 116
[2m2025-03-25T07:55:28.922779Z[0m [32m INFO[0m [1mnode[0m[1m{[0m[3mname[0m[2m=[0mk#99f25ef6..[1m}[0m[2m:[0m [2mconsensus_core::core[0m[2m:[0m [2mconsensus/core/src/core.rs[0m[2m:[0m[2m531:[0m Created block B116(B,92wESQIOYfCcS7Y0U4v5Vg5DO+4+bpTZi5ET0MirFO0=)(1742889328922ms;[B115(B,PX2Kw78uroPj7IpaGV3LDip5cA4W7vyq0E6sszA93Us=), B115(A,Uki5Uia0MnR4xOI6A+Vns4kJM7AwKOVdxeuTRTdJ1j0=), B115(C,V2VyZjNdZii4vTgD4WFWcbhh60SWLwmi4qaHsRqfKS0=)];1t;1c) for round 116
[2m2025-03-25T07:55:28.922919Z[0m [32m INFO[0m [1mnode[0m[1m{[0m[3mname[0m[2m=[0mk#99f25ef6..[1m}[0m[2m:[0m [2mconsensus_core::core[0m[2m:[0m [2mconsensus/core/src/core.rs[0m[2m:[0m[2m630:[0m Committing 1 leaders: B114(A,HH1F)
[2m2025-03-25T07:55:28.923056Z[0m [32m INFO[0m [1mnode[0m[1m{[0m[3mname[0m[2m=[0mk#99f25ef6..[1m}[0m[2m:[0m [2mconsensus_core::commit_observer[0m[2m:[0m [2mconsensus/core/src/commit_observer.rs[0m[2m:[0m[2m173:[0m Consensus commit C106(TMNp) with leader B114(A,HH1F) has 3 blocks
[2m2025-03-25T07:55:28.923344Z[0m [32m INFO[0m [1mnode[0m[1m{[0m[3mname[0m[2m=[0mk#99f25ef6..[1m}[0m[2m:[0m [2msui_core::consensus_handler[0m[2m:[0m [2mcrates/sui-core/src/consensus_handler.rs[0m[2m:[0m[2m232:[0m Received consensus output [3mconsensus_commit[0m[2m=[0mCommittedSubDag(leader=B114(A,HH1F), ref=C106(TMNp), blocks=[i7+o, b4M5, HH1F]) [3mepoch[0m[2m=[0m1
[2m2025-03-25T07:55:28.981787Z[0m [32m INFO[0m [1mnode[0m[1m{[0m[3mname[0m[2m=[0mk#99f25ef6..[1m}[0m[2m:[0m [2msui_core::checkpoints[0m[2m:[0m [2mcrates/sui-core/src/checkpoints/mod.rs[0m[2m:[0m[2m1326:[0m Creating checkpoint(s) for 1 transactions [3mnext_checkpoint_seq[0m[2m=[0m319 [3mcheckpoint_timestamp[0m[2m=[0m1742889328212
[2m2025-03-25T07:55:28.981787Z[0m [32m INFO[0m [1mnode[0m[1m{[0m[3mname[0m[2m=[0mk#8dcff6d1..[1m}[0m[2m:[0m [2msui_core::checkpoints[0m[2m:[0m [2mcrates/sui-core/src/checkpoints/mod.rs[0m[2m:[0m[2m1326:[0m Creating checkpoint(s) for 1 transactions [3mnext_checkpoint_seq[0m[2m=[0m319 [3mcheckpoint_timestamp[0m[2m=[0m1742889328212
[2m2025-03-25T07:55:28.981787Z[0m [32m INFO[0m [1mnode[0m[1m{[0m[3mname[0m[2m=[0mk#addeef94..[1m}[0m[2m:[0m [2msui_core::checkpoints[0m[2m:[0m [2mcrates/sui-core/src/checkpoints/mod.rs[0m[2m:[0m[2m1326:[0m Creating checkpoint(s) for 1 transactions [3mnext_checkpoint_seq[0m[2m=[0m319 [3mcheckpoint_timestamp[0m[2m=[0m1742889328212
[2m2025-03-25T07:55:28.982055Z[0m [32m INFO[0m [1mnode[0m[1m{[0m[3mname[0m[2m=[0mk#addeef94..[1m}[0m[2m:[0m [2msui_core::checkpoints::checkpoint_output[0m[2m:[0m [2mcrates/sui-core/src/checkpoints/checkpoint_output.rs[0m[2m:[0m[2m149:[0m Creating checkpoint CheckpointDigest(mXSuQJVtivok8G8yFJtiBBEauFyHVhQXb5ouUBmDgB7) at epoch 1, sequence 319, previous digest Some(CheckpointDigest(GoiFPxQC4KJoHFaxcZpkT7T5MCC2S72oak7gh3HQAdXv)), transactions count 1, content digest CheckpointContentsDigest(2xvCss8LHTb2Q3ZsUSdDT64XxZcTbUyyUZ34MQiDsZyp), end_of_epoch_data None
[2m2025-03-25T07:55:28.982055Z[0m [32m INFO[0m [1mnode[0m[1m{[0m[3mname[0m[2m=[0mk#99f25ef6..[1m}[0m[2m:[0m [2msui_core::checkpoints::checkpoint_output[0m[2m:[0m [2mcrates/sui-core/src/checkpoints/checkpoint_output.rs[0m[2m:[0m[2m149:[0m Creating checkpoint CheckpointDigest(mXSuQJVtivok8G8yFJtiBBEauFyHVhQXb5ouUBmDgB7) at epoch 1, sequence 319, previous digest Some(CheckpointDigest(GoiFPxQC4KJoHFaxcZpkT7T5MCC2S72oak7gh3HQAdXv)), transactions count 1, content digest CheckpointContentsDigest(2xvCss8LHTb2Q3ZsUSdDT64XxZcTbUyyUZ34MQiDsZyp), end_of_epoch_data None
[2m2025-03-25T07:55:28.982055Z[0m [32m INFO[0m [1mnode[0m[1m{[0m[3mname[0m[2m=[0mk#8dcff6d1..[1m}[0m[2m:[0m [2msui_core::checkpoints::checkpoint_output[0m[2m:[0m [2mcrates/sui-core/src/checkpoints/checkpoint_output.rs[0m[2m:[0m[2m149:[0m Creating checkpoint CheckpointDigest(mXSuQJVtivok8G8yFJtiBBEauFyHVhQXb5ouUBmDgB7) at epoch 1, sequence 319, previous digest Some(CheckpointDigest(GoiFPxQC4KJoHFaxcZpkT7T5MCC2S72oak7gh3HQAdXv)), transactions count 1, content digest CheckpointContentsDigest(2xvCss8LHTb2Q3ZsUSdDT64XxZcTbUyyUZ34MQiDsZyp), end_of_epoch_data None
[2m2025-03-25T07:55:28.985777Z[0m [32m INFO[0m [1mnode[0m[1m{[0m[3mname[0m[2m=[0mk#8dcff6d1..[1m}[0m[2m:[0m [2msui_core::checkpoints::checkpoint_output[0m[2m:[0m [2mcrates/sui-core/src/checkpoints/checkpoint_output.rs[0m[2m:[0m[2m196:[0m Certified checkpoint with sequence 318 and digest GoiFPxQC4KJoHFaxcZpkT7T5MCC2S72oak7gh3HQAdXv
[2m2025-03-25T07:55:28.985796Z[0m [32m INFO[0m [1mnode[0m[1m{[0m[3mname[0m[2m=[0mk#99f25ef6..[1m}[0m[2m:[0m [2msui_core::checkpoints::checkpoint_output[0m[2m:[0m [2mcrates/sui-core/src/checkpoints/checkpoint_output.rs[0m[2m:[0m[2m196:[0m Certified checkpoint with sequence 318 and digest GoiFPxQC4KJoHFaxcZpkT7T5MCC2S72oak7gh3HQAdXv
[2m2025-03-25T07:55:28.986375Z[0m [32m INFO[0m [1mnode[0m[1m{[0m[3mname[0m[2m=[0mk#8dcff6d1..[1m}[0m[2m:[0m [2msui_core::checkpoints::checkpoint_executor[0m[2m:[0m [2mcrates/sui-core/src/checkpoints/checkpoint_executor/mod.rs[0m[2m:[0m[2m332:[0m Received checkpoint summary from state sync [3msequence_number[0m[2m=[0m318
[2m2025-03-25T07:55:28.990242Z[0m [32m INFO[0m [1mnode[0m[1m{[0m[3mname[0m[2m=[0mk#8dcff6d1..[1m}[0m[2m:[0m [2msui_core::state_accumulator[0m[2m:[0m [2mcrates/sui-core/src/state_accumulator.rs[0m[2m:[0m[2m675:[0m accumulating running root for checkpoint 318
[2m2025-03-25T07:55:28.990837Z[0m [32m INFO[0m [1mnode[0m[1m{[0m[3mname[0m[2m=[0mk#99f25ef6..[1m}[0m[2m:[0m [2msui_core::checkpoints::checkpoint_executor[0m[2m:[0m [2mcrates/sui-core/src/checkpoints/checkpoint_executor/mod.rs[0m[2m:[0m[2m332:[0m Received checkpoint summary from state sync [3msequence_number[0m[2m=[0m318
[2m2025-03-25T07:55:29.006173Z[0m [32m INFO[0m [1mnode[0m[1m{[0m[3mname[0m[2m=[0mk#99f25ef6..[1m}[0m[2m:[0m [2msui_core::state_accumulator[0m[2m:[0m [2mcrates/sui-core/src/state_accumulator.rs[0m[2m:[0m[2m675:[0m accumulating running root for checkpoint 318
[2m2025-03-25T07:55:29.051310Z[0m [32m INFO[0m [1mnode[0m[1m{[0m[3mname[0m[2m=[0mk#addeef94..[1m}[0m[2m:[0m [2msui_core::checkpoints::checkpoint_executor[0m[2m:[0m [2mcrates/sui-core/src/checkpoints/checkpoint_executor/mod.rs[0m[2m:[0m[2m332:[0m Received checkpoint summary from state sync [3msequence_number[0m[2m=[0m318
[2m2025-03-25T07:55:29.052739Z[0m [32m INFO[0m [1mnode[0m[1m{[0m[3mname[0m[2m=[0mk#addeef94..[1m}[0m[2m:[0m [2msui_core::state_accumulator[0m[2m:[0m [2mcrates/sui-core/src/state_accumulator.rs[0m[2m:[0m[2m675:[0m accumulating running root for checkpoint 318
[2m2025-03-25T07:55:29.053264Z[0m [32m INFO[0m [1mnode[0m[1m{[0m[3mname[0m[2m=[0mk#b3f3cbb4..[1m}[0m[2m:[0m [2msui_core::checkpoints::checkpoint_executor[0m[2m:[0m [2mcrates/sui-core/src/checkpoints/checkpoint_executor/mod.rs[0m[2m:[0m[2m332:[0m Received checkpoint summary from state sync [3msequence_number[0m[2m=[0m318
[2m2025-03-25T07:55:29.141315Z[0m [32m INFO[0m [1mnode[0m[1m{[0m[3mname[0m[2m=[0mk#b3f3cbb4..[1m}[0m[2m:[0m [2msui_core::state_accumulator[0m[2m:[0m [2mcrates/sui-core/src/state_accumulator.rs[0m[2m:[0m[2m675:[0m accumulating running root for checkpoint 318
[2m2025-03-25T07:55:29.150564Z[0m [32m INFO[0m [1mnode[0m[1m{[0m[3mname[0m[2m=[0mk#8dcff6d1..[1m}[0m[2m:[0m [2mconsensus_core::core[0m[2m:[0m [2mconsensus/core/src/core.rs[0m[2m:[0m[2m694:[0m Received quorum round per authority in ancestor state manager set to: [(116, 116), (116, 116), (116, 116)]
[2m2025-03-25T07:55:29.150576Z[0m [32m INFO[0m [1mnode[0m[1m{[0m[3mname[0m[2m=[0mk#8dcff6d1..[1m}[0m[2m:[0m [2mconsensus_core::core[0m[2m:[0m [2mconsensus/core/src/core.rs[0m[2m:[0m[2m695:[0m Accepted quorum round per authority in ancestor state manager set to: [(116, 116), (116, 116), (116, 116)]
[2m2025-03-25T07:55:29.150584Z[0m [32m INFO[0m [1mnode[0m[1m{[0m[3mname[0m[2m=[0mk#8dcff6d1..[1m}[0m[2m:[0m [2mconsensus_core::core[0m[2m:[0m [2mconsensus/core/src/core.rs[0m[2m:[0m[2m698:[0m Propagation round delay set to: 0
[2m2025-03-25T07:55:29.150583Z[0m [32m INFO[0m [1mnode[0m[1m{[0m[3mname[0m[2m=[0mk#99f25ef6..[1m}[0m[2m:[0m [2mconsensus_core::core[0m[2m:[0m [2mconsensus/core/src/core.rs[0m[2m:[0m[2m694:[0m Received quorum round per authority in ancestor state manager set to: [(116, 116), (116, 116), (116, 116)]
[2m2025-03-25T07:55:29.150592Z[0m [32m INFO[0m [1mnode[0m[1m{[0m[3mname[0m[2m=[0mk#99f25ef6..[1m}[0m[2m:[0m [2mconsensus_core::core[0m[2m:[0m [2mconsensus/core/src/core.rs[0m[2m:[0m[2m695:[0m Accepted quorum round per authority in ancestor state manager set to: [(116, 116), (116, 116), (116, 116)]
[2m2025-03-25T07:55:29.150598Z[0m [32m INFO[0m [1mnode[0m[1m{[0m[3mname[0m[2m=[0mk#99f25ef6..[1m}[0m[2m:[0m [2mconsensus_core::core[0m[2m:[0m [2mconsensus/core/src/core.rs[0m[2m:[0m[2m698:[0m Propagation round delay set to: 0
[2m2025-03-25T07:55:29.153578Z[0m [32m INFO[0m [1mnode[0m[1m{[0m[3mname[0m[2m=[0mk#addeef94..[1m}[0m[2m:[0m [2mconsensus_core::core[0m[2m:[0m [2mconsensus/core/src/core.rs[0m[2m:[0m[2m694:[0m Received quorum round per authority in ancestor state manager set to: [(116, 116), (116, 116), (116, 116)]
[2m2025-03-25T07:55:29.153587Z[0m [32m INFO[0m [1mnode[0m[1m{[0m[3mname[0m[2m=[0mk#addeef94..[1m}[0m[2m:[0m [2mconsensus_core::core[0m[2m:[0m [2mconsensus/core/src/core.rs[0m[2m:[0m[2m695:[0m Accepted quorum round per authority in ancestor state manager set to: [(116, 116), (116, 116), (116, 116)]
[2m2025-03-25T07:55:29.153594Z[0m [32m INFO[0m [1mnode[0m[1m{[0m[3mname[0m[2m=[0mk#addeef94..[1m}[0m[2m:[0m [2mconsensus_core::core[0m[2m:[0m [2mconsensus/core/src/core.rs[0m[2m:[0m[2m698:[0m Propagation round delay set to: 0
[2m2025-03-25T07:55:29.173790Z[0m [32m INFO[0m [1mnode[0m[1m{[0m[3mname[0m[2m=[0mk#8dcff6d1..[1m}[0m[2m:[0m [2mconsensus_core::core[0m[2m:[0m [2mconsensus/core/src/core.rs[0m[2m:[0m[2m945:[0m Included 3 ancestors & excluded 0 ancestors for proposal in round 117
[2m2025-03-25T07:55:29.173955Z[0m [32m INFO[0m [1mnode[0m[1m{[0m[3mname[0m[2m=[0mk#addeef94..[1m}[0m[2m:[0m [2mconsensus_core::core[0m[2m:[0m [2mconsensus/core/src/core.rs[0m[2m:[0m[2m945:[0m Included 3 ancestors & excluded 0 ancestors for proposal in round 117
[2m2025-03-25T07:55:29.174222Z[0m [32m INFO[0m [1mnode[0m[1m{[0m[3mname[0m[2m=[0mk#8dcff6d1..[1m}[0m[2m:[0m [2mconsensus_core::core[0m[2m:[0m [2mconsensus/core/src/core.rs[0m[2m:[0m[2m531:[0m Created block B117(A,hoz9PS9CvebZFbCYu32F5Mc2xuwGkIUypfsLfRMo/so=)(1742889329173ms;[B116(A,Kr9OflXTltZ6rqtVnXq39wbKvJDRzLHIJaJtH0brNEo=), B116(B,92wESQIOYfCcS7Y0U4v5Vg5DO+4+bpTZi5ET0MirFO0=), B116(C,g5zmlc1yaTUeF/Wbm3g5Uhw+qBJRgHuCWems7LpzRfA=)];1t;1c) for round 117
[2m2025-03-25T07:55:29.174278Z[0m [32m INFO[0m [1mnode[0m[1m{[0m[3mname[0m[2m=[0mk#addeef94..[1m}[0m[2m:[0m [2mconsensus_core::core[0m[2m:[0m [2mconsensus/core/src/core.rs[0m[2m:[0m[2m531:[0m Created block B117(C,AuOarrU14CJ6FPzrAsYURPq4ZD62BYl3H8AVbYcI7fM=)(1742889329174ms;[B116(C,g5zmlc1yaTUeF/Wbm3g5Uhw+qBJRgHuCWems7LpzRfA=), B116(A,Kr9OflXTltZ6rqtVnXq39wbKvJDRzLHIJaJtH0brNEo=), B116(B,92wESQIOYfCcS7Y0U4v5Vg5DO+4+bpTZi5ET0MirFO0=)];1t;1c) for round 117
[2m2025-03-25T07:55:29.175834Z[0m [32m INFO[0m [1mnode[0m[1m{[0m[3mname[0m[2m=[0mk#99f25ef6..[1m}[0m[2m:[0m [2mconsensus_core::core[0m[2m:[0m [2mconsensus/core/src/core.rs[0m[2m:[0m[2m945:[0m Included 3 ancestors & excluded 0 ancestors for proposal in round 117
[2m2025-03-25T07:55:29.176061Z[0m [32m INFO[0m [1mnode[0m[1m{[0m[3mname[0m[2m=[0mk#8dcff6d1..[1m}[0m[2m:[0m [2mconsensus_core::core[0m[2m:[0m [2mconsensus/core/src/core.rs[0m[2m:[0m[2m630:[0m Committing 1 leaders: B115(A,Uki5)
[2m2025-03-25T07:55:29.176118Z[0m [32m INFO[0m [1mnode[0m[1m{[0m[3mname[0m[2m=[0mk#99f25ef6..[1m}[0m[2m:[0m [2mconsensus_core::core[0m[2m:[0m [2mconsensus/core/src/core.rs[0m[2m:[0m[2m531:[0m Created block B117(B,m7f4MPS4XzT4rbdsR+UQ4Vs1WpHQsDkesUXI8Vd2HXU=)(1742889329175ms;[B116(B,92wESQIOYfCcS7Y0U4v5Vg5DO+4+bpTZi5ET0MirFO0=), B116(A,Kr9OflXTltZ6rqtVnXq39wbKvJDRzLHIJaJtH0brNEo=), B116(C,g5zmlc1yaTUeF/Wbm3g5Uhw+qBJRgHuCWems7LpzRfA=)];1t;1c) for round 117
[2m2025-03-25T07:55:29.176138Z[0m [32m INFO[0m [1mnode[0m[1m{[0m[3mname[0m[2m=[0mk#addeef94..[1m}[0m[2m:[0m [2mconsensus_core::core[0m[2m:[0m [2mconsensus/core/src/core.rs[0m[2m:[0m[2m630:[0m Committing 1 leaders: B115(A,Uki5)
[2m2025-03-25T07:55:29.176156Z[0m [32m INFO[0m [1mnode[0m[1m{[0m[3mname[0m[2m=[0mk#8dcff6d1..[1m}[0m[2m:[0m [2mconsensus_core::commit_observer[0m[2m:[0m [2mconsensus/core/src/commit_observer.rs[0m[2m:[0m[2m173:[0m Consensus commit C107(5S0F) with leader B115(A,Uki5) has 3 blocks
[2m2025-03-25T07:55:29.176228Z[0m [32m INFO[0m [1mnode[0m[1m{[0m[3mname[0m[2m=[0mk#addeef94..[1m}[0m[2m:[0m [2mconsensus_core::commit_observer[0m[2m:[0m [2mconsensus/core/src/commit_observer.rs[0m[2m:[0m[2m173:[0m Consensus commit C107(5S0F) with leader B115(A,Uki5) has 3 blocks
[2m2025-03-25T07:55:29.176246Z[0m [32m INFO[0m [1mnode[0m[1m{[0m[3mname[0m[2m=[0mk#99f25ef6..[1m}[0m[2m:[0m [2mconsensus_core::core[0m[2m:[0m [2mconsensus/core/src/core.rs[0m[2m:[0m[2m630:[0m Committing 1 leaders: B115(A,Uki5)
[2m2025-03-25T07:55:29.176242Z[0m [32m INFO[0m [1mnode[0m[1m{[0m[3mname[0m[2m=[0mk#8dcff6d1..[1m}[0m[2m:[0m [2msui_core::consensus_handler[0m[2m:[0m [2mcrates/sui-core/src/consensus_handler.rs[0m[2m:[0m[2m232:[0m Received consensus output [3mconsensus_commit[0m[2m=[0mCommittedSubDag(leader=B115(A,Uki5), ref=C107(5S0F), blocks=[I0dS, tbAI, Uki5]) [3mepoch[0m[2m=[0m1
[2m2025-03-25T07:55:29.176303Z[0m [32m INFO[0m [1mnode[0m[1m{[0m[3mname[0m[2m=[0mk#addeef94..[1m}[0m[2m:[0m [2msui_core::consensus_handler[0m[2m:[0m [2mcrates/sui-core/src/consensus_handler.rs[0m[2m:[0m[2m232:[0m Received consensus output [3mconsensus_commit[0m[2m=[0mCommittedSubDag(leader=B115(A,Uki5), ref=C107(5S0F), blocks=[I0dS, tbAI, Uki5]) [3mepoch[0m[2m=[0m1
[2m2025-03-25T07:55:29.176335Z[0m [32m INFO[0m [1mnode[0m[1m{[0m[3mname[0m[2m=[0mk#99f25ef6..[1m}[0m[2m:[0m [2mconsensus_core::commit_observer[0m[2m:[0m [2mconsensus/core/src/commit_observer.rs[0m[2m:[0m[2m173:[0m Consensus commit C107(5S0F) with leader B115(A,Uki5) has 3 blocks
[2m2025-03-25T07:55:29.176554Z[0m [32m INFO[0m [1mnode[0m[1m{[0m[3mname[0m[2m=[0mk#99f25ef6..[1m}[0m[2m:[0m [2msui_core::consensus_handler[0m[2m:[0m [2mcrates/sui-core/src/consensus_handler.rs[0m[2m:[0m[2m232:[0m Received consensus output [3mconsensus_commit[0m[2m=[0mCommittedSubDag(leader=B115(A,Uki5), ref=C107(5S0F), blocks=[I0dS, tbAI, Uki5]) [3mepoch[0m[2m=[0m1
[2m2025-03-25T07:55:29.202821Z[0m [32m INFO[0m [1mnode[0m[1m{[0m[3mname[0m[2m=[0mk#addeef94..[1m}[0m[2m:[0m [2msui_core::checkpoints[0m[2m:[0m [2mcrates/sui-core/src/checkpoints/mod.rs[0m[2m:[0m[2m1326:[0m Creating checkpoint(s) for 2 transactions [3mnext_checkpoint_seq[0m[2m=[0m320 [3mcheckpoint_timestamp[0m[2m=[0m1742889328624
[2m2025-03-25T07:55:29.202824Z[0m [32m INFO[0m [1mnode[0m[1m{[0m[3mname[0m[2m=[0mk#8dcff6d1..[1m}[0m[2m:[0m [2msui_core::checkpoints[0m[2m:[0m [2mcrates/sui-core/src/checkpoints/mod.rs[0m[2m:[0m[2m1326:[0m Creating checkpoint(s) for 2 transactions [3mnext_checkpoint_seq[0m[2m=[0m320 [3mcheckpoint_timestamp[0m[2m=[0m1742889328624
[2m2025-03-25T07:55:29.202824Z[0m [32m INFO[0m [1mnode[0m[1m{[0m[3mname[0m[2m=[0mk#99f25ef6..[1m}[0m[2m:[0m [2msui_core::checkpoints[0m[2m:[0m [2mcrates/sui-core/src/checkpoints/mod.rs[0m[2m:[0m[2m1326:[0m Creating checkpoint(s) for 2 transactions [3mnext_checkpoint_seq[0m[2m=[0m320 [3mcheckpoint_timestamp[0m[2m=[0m1742889328624
[2m2025-03-25T07:55:29.203128Z[0m [32m INFO[0m [1mnode[0m[1m{[0m[3mname[0m[2m=[0mk#99f25ef6..[1m}[0m[2m:[0m [2msui_core::checkpoints::checkpoint_output[0m[2m:[0m [2mcrates/sui-core/src/checkpoints/checkpoint_output.rs[0m[2m:[0m[2m149:[0m Creating checkpoint CheckpointDigest(53fxUCdBso4dVDcM7sfrm9Mg6kJ17pYea2Mp1L3NnJUj) at epoch 1, sequence 320, previous digest Some(CheckpointDigest(mXSuQJVtivok8G8yFJtiBBEauFyHVhQXb5ouUBmDgB7)), transactions count 2, content digest CheckpointContentsDigest(8vE1dw8T4Js8cZQwEz5M8p7pGNVyrEfu17FcG3oJpGUM), end_of_epoch_data None
[2m2025-03-25T07:55:29.203128Z[0m [32m INFO[0m [1mnode[0m[1m{[0m[3mname[0m[2m=[0mk#addeef94..[1m}[0m[2m:[0m [2msui_core::checkpoints::checkpoint_output[0m[2m:[0m [2mcrates/sui-core/src/checkpoints/checkpoint_output.rs[0m[2m:[0m[2m149:[0m Creating checkpoint CheckpointDigest(53fxUCdBso4dVDcM7sfrm9Mg6kJ17pYea2Mp1L3NnJUj) at epoch 1, sequence 320, previous digest Some(CheckpointDigest(mXSuQJVtivok8G8yFJtiBBEauFyHVhQXb5ouUBmDgB7)), transactions count 2, content digest CheckpointContentsDigest(8vE1dw8T4Js8cZQwEz5M8p7pGNVyrEfu17FcG3oJpGUM), end_of_epoch_data None
[2m2025-03-25T07:55:29.203128Z[0m [32m INFO[0m [1mnode[0m[1m{[0m[3mname[0m[2m=[0mk#8dcff6d1..[1m}[0m[2m:[0m [2msui_core::checkpoints::checkpoint_output[0m[2m:[0m [2mcrates/sui-core/src/checkpoints/checkpoint_output.rs[0m[2m:[0m[2m149:[0m Creating checkpoint CheckpointDigest(53fxUCdBso4dVDcM7sfrm9Mg6kJ17pYea2Mp1L3NnJUj) at epoch 1, sequence 320, previous digest Some(CheckpointDigest(mXSuQJVtivok8G8yFJtiBBEauFyHVhQXb5ouUBmDgB7)), transactions count 2, content digest CheckpointContentsDigest(8vE1dw8T4Js8cZQwEz5M8p7pGNVyrEfu17FcG3oJpGUM), end_of_epoch_data None
[2m2025-03-25T07:55:29.206104Z[0m [32m INFO[0m [1mnode[0m[1m{[0m[3mname[0m[2m=[0mk#99f25ef6..[1m}[0m[2m:[0m [2msui_core::checkpoints::checkpoint_output[0m[2m:[0m [2mcrates/sui-core/src/checkpoints/checkpoint_output.rs[0m[2m:[0m[2m196:[0m Certified checkpoint with sequence 319 and digest mXSuQJVtivok8G8yFJtiBBEauFyHVhQXb5ouUBmDgB7
[2m2025-03-25T07:55:29.206109Z[0m [32m INFO[0m [1mnode[0m[1m{[0m[3mname[0m[2m=[0mk#8dcff6d1..[1m}[0m[2m:[0m [2msui_core::checkpoints::checkpoint_output[0m[2m:[0m [2mcrates/sui-core/src/checkpoints/checkpoint_output.rs[0m[2m:[0m[2m196:[0m Certified checkpoint with sequence 319 and digest mXSuQJVtivok8G8yFJtiBBEauFyHVhQXb5ouUBmDgB7
[2m2025-03-25T07:55:29.206511Z[0m [32m INFO[0m [1mnode[0m[1m{[0m[3mname[0m[2m=[0mk#8dcff6d1..[1m}[0m[2m:[0m [2msui_core::checkpoints::checkpoint_executor[0m[2m:[0m [2mcrates/sui-core/src/checkpoints/checkpoint_executor/mod.rs[0m[2m:[0m[2m332:[0m Received checkpoint summary from state sync [3msequence_number[0m[2m=[0m319
[2m2025-03-25T07:55:29.206511Z[0m [32m INFO[0m [1mnode[0m[1m{[0m[3mname[0m[2m=[0mk#99f25ef6..[1m}[0m[2m:[0m [2msui_core::checkpoints::checkpoint_executor[0m[2m:[0m [2mcrates/sui-core/src/checkpoints/checkpoint_executor/mod.rs[0m[2m:[0m[2m332:[0m Received checkpoint summary from state sync [3msequence_number[0m[2m=[0m319
[2m2025-03-25T07:55:29.207602Z[0m [32m INFO[0m [1mnode[0m[1m{[0m[3mname[0m[2m=[0mk#99f25ef6..[1m}[0m[2m:[0m [2msui_core::state_accumulator[0m[2m:[0m [2mcrates/sui-core/src/state_accumulator.rs[0m[2m:[0m[2m675:[0m accumulating running root for checkpoint 319
[2m2025-03-25T07:55:29.207602Z[0m [32m INFO[0m [1mnode[0m[1m{[0m[3mname[0m[2m=[0mk#8dcff6d1..[1m}[0m[2m:[0m [2msui_core::state_accumulator[0m[2m:[0m [2mcrates/sui-core/src/state_accumulator.rs[0m[2m:[0m[2m675:[0m accumulating running root for checkpoint 319
[2m2025-03-25T07:55:29.209741Z[0m [32m INFO[0m [1mnode[0m[1m{[0m[3mname[0m[2m=[0mk#addeef94..[1m}[0m[2m:[0m [2msui_core::checkpoints::checkpoint_executor[0m[2m:[0m [2mcrates/sui-core/src/checkpoints/checkpoint_executor/mod.rs[0m[2m:[0m[2m332:[0m Received checkpoint summary from state sync [3msequence_number[0m[2m=[0m319
[2m2025-03-25T07:55:29.210442Z[0m [32m INFO[0m [1mnode[0m[1m{[0m[3mname[0m[2m=[0mk#addeef94..[1m}[0m[2m:[0m [2msui_core::state_accumulator[0m[2m:[0m [2mcrates/sui-core/src/state_accumulator.rs[0m[2m:[0m[2m675:[0m accumulating running root for checkpoint 319
[2m2025-03-25T07:55:29.210641Z[0m [32m INFO[0m [1mnode[0m[1m{[0m[3mname[0m[2m=[0mk#b3f3cbb4..[1m}[0m[2m:[0m [2msui_core::checkpoints::checkpoint_executor[0m[2m:[0m [2mcrates/sui-core/src/checkpoints/checkpoint_executor/mod.rs[0m[2m:[0m[2m332:[0m Received checkpoint summary from state sync [3msequence_number[0m[2m=[0m319
[2m2025-03-25T07:55:29.236593Z[0m [32m INFO[0m [1mnode[0m[1m{[0m[3mname[0m[2m=[0mk#b3f3cbb4..[1m}[0m[2m:[0m [2msui_core::state_accumulator[0m[2m:[0m [2mcrates/sui-core/src/state_accumulator.rs[0m[2m:[0m[2m675:[0m accumulating running root for checkpoint 319
[2m2025-03-25T07:55:29.285305Z[0m [33m WARN[0m [1mnode[0m[1m{[0m[3mname[0m[2m=[0mk#99f25ef6..[1m}[0m[2m:[0m[1mjwk_updater_task[0m[1m{[0m[3mepoch[0m[2m=[0m1[1m}[0m[2m:[0m [2msui_node[0m[2m:[0m [2mcrates/sui-node/src/lib.rs[0m[2m:[0m[2m381:[0m Error when fetching JWK for provider Arden JWKRetrievalError
[2m2025-03-25T07:55:29.304649Z[0m [32m INFO[0m [1mnode[0m[1m{[0m[3mname[0m[2m=[0mk#8dcff6d1..[1m}[0m[2m:[0m [2mconsensus_core::commit_syncer[0m[2m:[0m [2mconsensus/core/src/commit_syncer.rs[0m[2m:[0m[2m196:[0m Checking to schedule fetches: synced_commit_index=107, highest_handled_index=107, highest_scheduled_index=0, quorum_commit_index=106, unhandled_commits_threshold=3200
[2m2025-03-25T07:55:29.328124Z[0m [32m INFO[0m [1mnode[0m[1m{[0m[3mname[0m[2m=[0mk#addeef94..[1m}[0m[2m:[0m [2mconsensus_core::commit_syncer[0m[2m:[0m [2mconsensus/core/src/commit_syncer.rs[0m[2m:[0m[2m196:[0m Checking to schedule fetches: synced_commit_index=107, highest_handled_index=107, highest_scheduled_index=0, quorum_commit_index=0, unhandled_commits_threshold=3200
[2m2025-03-25T07:55:29.331517Z[0m [32m INFO[0m [1mnode[0m[1m{[0m[3mname[0m[2m=[0mk#99f25ef6..[1m}[0m[2m:[0m [2mconsensus_core::commit_syncer[0m[2m:[0m [2mconsensus/core/src/commit_syncer.rs[0m[2m:[0m[2m196:[0m Checking to schedule fetches: synced_commit_index=107, highest_handled_index=107, highest_scheduled_index=0, quorum_commit_index=106, unhandled_commits_threshold=3200
[2m2025-03-25T07:55:29.428057Z[0m [32m INFO[0m [1mnode[0m[1m{[0m[3mname[0m[2m=[0mk#addeef94..[1m}[0m[2m:[0m [2mconsensus_core::core[0m[2m:[0m [2mconsensus/core/src/core.rs[0m[2m:[0m[2m945:[0m Included 3 ancestors & excluded 0 ancestors for proposal in round 118
[2m2025-03-25T07:55:29.428057Z[0m [32m INFO[0m [1mnode[0m[1m{[0m[3mname[0m[2m=[0mk#8dcff6d1..[1m}[0m[2m:[0m [2mconsensus_core::core[0m[2m:[0m [2mconsensus/core/src/core.rs[0m[2m:[0m[2m945:[0m Included 3 ancestors & excluded 0 ancestors for proposal in round 118
[2m2025-03-25T07:55:29.428828Z[0m [32m INFO[0m [1mnode[0m[1m{[0m[3mname[0m[2m=[0mk#99f25ef6..[1m}[0m[2m:[0m [2mconsensus_core::core[0m[2m:[0m [2mconsensus/core/src/core.rs[0m[2m:[0m[2m945:[0m Included 3 ancestors & excluded 0 ancestors for proposal in round 118
[2m2025-03-25T07:55:29.429803Z[0m [32m INFO[0m [1mnode[0m[1m{[0m[3mname[0m[2m=[0mk#8dcff6d1..[1m}[0m[2m:[0m [2mconsensus_core::core[0m[2m:[0m [2mconsensus/core/src/core.rs[0m[2m:[0m[2m531:[0m Created block B118(A,koP+9FKXvSn7yX51SLjKIN/h1hdxiBR37NeM1dILgEs=)(1742889329428ms;[B117(A,hoz9PS9CvebZFbCYu32F5Mc2xuwGkIUypfsLfRMo/so=), B117(B,m7f4MPS4XzT4rbdsR+UQ4Vs1WpHQsDkesUXI8Vd2HXU=), B117(C,AuOarrU14CJ6FPzrAsYURPq4ZD62BYl3H8AVbYcI7fM=)];1t;1c) for round 118
[2m2025-03-25T07:55:29.429803Z[0m [32m INFO[0m [1mnode[0m[1m{[0m[3mname[0m[2m=[0mk#addeef94..[1m}[0m[2m:[0m [2mconsensus_core::core[0m[2m:[0m [2mconsensus/core/src/core.rs[0m[2m:[0m[2m531:[0m Created block B118(C,dL+OGpICXI2GdPRTI2iMKhu8qvsNG18qEDsr9IQWOy0=)(1742889329428ms;[B117(C,AuOarrU14CJ6FPzrAsYURPq4ZD62BYl3H8AVbYcI7fM=), B117(A,hoz9PS9CvebZFbCYu32F5Mc2xuwGkIUypfsLfRMo/so=), B117(B,m7f4MPS4XzT4rbdsR+UQ4Vs1WpHQsDkesUXI8Vd2HXU=)];1t;1c) for round 118
[2m2025-03-25T07:55:29.431533Z[0m [32m INFO[0m [1mnode[0m[1m{[0m[3mname[0m[2m=[0mk#99f25ef6..[1m}[0m[2m:[0m [2mconsensus_core::core[0m[2m:[0m [2mconsensus/core/src/core.rs[0m[2m:[0m[2m531:[0m Created block B118(B,p9Abp/RhXI2BTeqzacn3JSCAvBmEap6R1BIKZQTcN9M=)(1742889329429ms;[B117(B,m7f4MPS4XzT4rbdsR+UQ4Vs1WpHQsDkesUXI8Vd2HXU=), B117(A,hoz9PS9CvebZFbCYu32F5Mc2xuwGkIUypfsLfRMo/so=), B117(C,AuOarrU14CJ6FPzrAsYURPq4ZD62BYl3H8AVbYcI7fM=)];1t;1c) for round 118
[2m2025-03-25T07:55:29.437039Z[0m [32m INFO[0m [1mnode[0m[1m{[0m[3mname[0m[2m=[0mk#8dcff6d1..[1m}[0m[2m:[0m [2mconsensus_core::core[0m[2m:[0m [2mconsensus/core/src/core.rs[0m[2m:[0m[2m630:[0m Committing 1 leaders: B116(C,g5zm)
[2m2025-03-25T07:55:29.437039Z[0m [32m INFO[0m [1mnode[0m[1m{[0m[3mname[0m[2m=[0mk#addeef94..[1m}[0m[2m:[0m [2mconsensus_core::core[0m[2m:[0m [2mconsensus/core/src/core.rs[0m[2m:[0m[2m630:[0m Committing 1 leaders: B116(C,g5zm)
[2m2025-03-25T07:55:29.437302Z[0m [32m INFO[0m [1mnode[0m[1m{[0m[3mname[0m[2m=[0mk#addeef94..[1m}[0m[2m:[0m [2mconsensus_core::commit_observer[0m[2m:[0m [2mconsensus/core/src/commit_observer.rs[0m[2m:[0m[2m173:[0m Consensus commit C108(/b7g) with leader B116(C,g5zm) has 3 blocks
[2m2025-03-25T07:55:29.437302Z[0m [32m INFO[0m [1mnode[0m[1m{[0m[3mname[0m[2m=[0mk#8dcff6d1..[1m}[0m[2m:[0m [2mconsensus_core::commit_observer[0m[2m:[0m [2mconsensus/core/src/commit_observer.rs[0m[2m:[0m[2m173:[0m Consensus commit C108(/b7g) with leader B116(C,g5zm) has 3 blocks
[2m2025-03-25T07:55:29.437518Z[0m [32m INFO[0m [1mnode[0m[1m{[0m[3mname[0m[2m=[0mk#addeef94..[1m}[0m[2m:[0m [2msui_core::consensus_handler[0m[2m:[0m [2mcrates/sui-core/src/consensus_handler.rs[0m[2m:[0m[2m232:[0m Received consensus output [3mconsensus_commit[0m[2m=[0mCommittedSubDag(leader=B116(C,g5zm), ref=C108(/b7g), blocks=[PX2K, V2Vy, g5zm]) [3mepoch[0m[2m=[0m1
[2m2025-03-25T07:55:29.437518Z[0m [32m INFO[0m [1mnode[0m[1m{[0m[3mname[0m[2m=[0mk#8dcff6d1..[1m}[0m[2m:[0m [2msui_core::consensus_handler[0m[2m:[0m [2mcrates/sui-core/src/consensus_handler.rs[0m[2m:[0m[2m232:[0m Received consensus output [3mconsensus_commit[0m[2m=[0mCommittedSubDag(leader=B116(C,g5zm), ref=C108(/b7g), blocks=[PX2K, V2Vy, g5zm]) [3mepoch[0m[2m=[0m1
[2m2025-03-25T07:55:29.442422Z[0m [32m INFO[0m [1mnode[0m[1m{[0m[3mname[0m[2m=[0mk#99f25ef6..[1m}[0m[2m:[0m [2msui_core::checkpoints::checkpoint_output[0m[2m:[0m [2mcrates/sui-core/src/checkpoints/checkpoint_output.rs[0m[2m:[0m[2m196:[0m Certified checkpoint with sequence 320 and digest 53fxUCdBso4dVDcM7sfrm9Mg6kJ17pYea2Mp1L3NnJUj
[2m2025-03-25T07:55:29.442791Z[0m [32m INFO[0m [1mnode[0m[1m{[0m[3mname[0m[2m=[0mk#99f25ef6..[1m}[0m[2m:[0m [2mconsensus_core::core[0m[2m:[0m [2mconsensus/core/src/core.rs[0m[2m:[0m[2m630:[0m Committing 1 leaders: B116(C,g5zm)
[2m2025-03-25T07:55:29.442990Z[0m [32m INFO[0m [1mnode[0m[1m{[0m[3mname[0m[2m=[0mk#99f25ef6..[1m}[0m[2m:[0m [2mconsensus_core::commit_observer[0m[2m:[0m [2mconsensus/core/src/commit_observer.rs[0m[2m:[0m[2m173:[0m Consensus commit C108(/b7g) with leader B116(C,g5zm) has 3 blocks
[2m2025-03-25T07:55:29.444070Z[0m [32m INFO[0m [1mnode[0m[1m{[0m[3mname[0m[2m=[0mk#99f25ef6..[1m}[0m[2m:[0m [2msui_core::consensus_handler[0m[2m:[0m [2mcrates/sui-core/src/consensus_handler.rs[0m[2m:[0m[2m232:[0m Received consensus output [3mconsensus_commit[0m[2m=[0mCommittedSubDag(leader=B116(C,g5zm), ref=C108(/b7g), blocks=[PX2K, V2Vy, g5zm]) [3mepoch[0m[2m=[0m1
[2m2025-03-25T07:55:29.445233Z[0m [32m INFO[0m [1mnode[0m[1m{[0m[3mname[0m[2m=[0mk#99f25ef6..[1m}[0m[2m:[0m [2msui_core::checkpoints::checkpoint_executor[0m[2m:[0m [2mcrates/sui-core/src/checkpoints/checkpoint_executor/mod.rs[0m[2m:[0m[2m332:[0m Received checkpoint summary from state sync [3msequence_number[0m[2m=[0m320
[2m2025-03-25T07:55:29.466777Z[0m [32m INFO[0m [1mnode[0m[1m{[0m[3mname[0m[2m=[0mk#99f25ef6..[1m}[0m[2m:[0m [2msui_core::state_accumulator[0m[2m:[0m [2mcrates/sui-core/src/state_accumulator.rs[0m[2m:[0m[2m675:[0m accumulating running root for checkpoint 320
[2m2025-03-25T07:55:29.498457Z[0m [32m INFO[0m [1mnode[0m[1m{[0m[3mname[0m[2m=[0mk#addeef94..[1m}[0m[2m:[0m [2msui_core::checkpoints[0m[2m:[0m [2mcrates/sui-core/src/checkpoints/mod.rs[0m[2m:[0m[2m1326:[0m Creating checkpoint(s) for 1 transactions [3mnext_checkpoint_seq[0m[2m=[0m321 [3mcheckpoint_timestamp[0m[2m=[0m1742889328913
[2m2025-03-25T07:55:29.498457Z[0m [32m INFO[0m [1mnode[0m[1m{[0m[3mname[0m[2m=[0mk#8dcff6d1..[1m}[0m[2m:[0m [2msui_core::checkpoints[0m[2m:[0m [2mcrates/sui-core/src/checkpoints/mod.rs[0m[2m:[0m[2m1326:[0m Creating checkpoint(s) for 1 transactions [3mnext_checkpoint_seq[0m[2m=[0m321 [3mcheckpoint_timestamp[0m[2m=[0m1742889328913
[2m2025-03-25T07:55:29.498691Z[0m [32m INFO[0m [1mnode[0m[1m{[0m[3mname[0m[2m=[0mk#addeef94..[1m}[0m[2m:[0m [2msui_core::checkpoints::checkpoint_output[0m[2m:[0m [2mcrates/sui-core/src/checkpoints/checkpoint_output.rs[0m[2m:[0m[2m149:[0m Creating checkpoint CheckpointDigest(2GQWt1UqDJ3RNGxMUGNqD9zzomnF94YTfoazy8MATugL) at epoch 1, sequence 321, previous digest Some(CheckpointDigest(53fxUCdBso4dVDcM7sfrm9Mg6kJ17pYea2Mp1L3NnJUj)), transactions count 1, content digest CheckpointContentsDigest(AHrm9wGDPA1FCReKEmarr5ysdPoAzNi1pDXg5Z4GBMgt), end_of_epoch_data None
[2m2025-03-25T07:55:29.498691Z[0m [32m INFO[0m [1mnode[0m[1m{[0m[3mname[0m[2m=[0mk#8dcff6d1..[1m}[0m[2m:[0m [2msui_core::checkpoints::checkpoint_output[0m[2m:[0m [2mcrates/sui-core/src/checkpoints/checkpoint_output.rs[0m[2m:[0m[2m149:[0m Creating checkpoint CheckpointDigest(2GQWt1UqDJ3RNGxMUGNqD9zzomnF94YTfoazy8MATugL) at epoch 1, sequence 321, previous digest Some(CheckpointDigest(53fxUCdBso4dVDcM7sfrm9Mg6kJ17pYea2Mp1L3NnJUj)), transactions count 1, content digest CheckpointContentsDigest(AHrm9wGDPA1FCReKEmarr5ysdPoAzNi1pDXg5Z4GBMgt), end_of_epoch_data None
[2m2025-03-25T07:55:29.502140Z[0m [32m INFO[0m [1mnode[0m[1m{[0m[3mname[0m[2m=[0mk#99f25ef6..[1m}[0m[2m:[0m [2msui_core::checkpoints[0m[2m:[0m [2mcrates/sui-core/src/checkpoints/mod.rs[0m[2m:[0m[2m1326:[0m Creating checkpoint(s) for 1 transactions [3mnext_checkpoint_seq[0m[2m=[0m321 [3mcheckpoint_timestamp[0m[2m=[0m1742889328913
[2m2025-03-25T07:55:29.502164Z[0m [32m INFO[0m [1mnode[0m[1m{[0m[3mname[0m[2m=[0mk#8dcff6d1..[1m}[0m[2m:[0m [2msui_core::checkpoints::checkpoint_output[0m[2m:[0m [2mcrates/sui-core/src/checkpoints/checkpoint_output.rs[0m[2m:[0m[2m196:[0m Certified checkpoint with sequence 320 and digest 53fxUCdBso4dVDcM7sfrm9Mg6kJ17pYea2Mp1L3NnJUj
[2m2025-03-25T07:55:29.502319Z[0m [33m WARN[0m [1mnode[0m[1m{[0m[3mname[0m[2m=[0mk#8dcff6d1..[1m}[0m[2m:[0m[1mjwk_updater_task[0m[1m{[0m[3mepoch[0m[2m=[0m1[1m}[0m[2m:[0m [2msui_node[0m[2m:[0m [2mcrates/sui-node/src/lib.rs[0m[2m:[0m[2m381:[0m Error when fetching JWK for provider Arden JWKRetrievalError
[2m2025-03-25T07:55:29.502324Z[0m [32m INFO[0m [1mnode[0m[1m{[0m[3mname[0m[2m=[0mk#99f25ef6..[1m}[0m[2m:[0m [2msui_core::checkpoints::checkpoint_output[0m[2m:[0m [2mcrates/sui-core/src/checkpoints/checkpoint_output.rs[0m[2m:[0m[2m149:[0m Creating checkpoint CheckpointDigest(2GQWt1UqDJ3RNGxMUGNqD9zzomnF94YTfoazy8MATugL) at epoch 1, sequence 321, previous digest Some(CheckpointDigest(53fxUCdBso4dVDcM7sfrm9Mg6kJ17pYea2Mp1L3NnJUj)), transactions count 1, content digest CheckpointContentsDigest(AHrm9wGDPA1FCReKEmarr5ysdPoAzNi1pDXg5Z4GBMgt), end_of_epoch_data None
[2m2025-03-25T07:55:29.503036Z[0m [32m INFO[0m [1mnode[0m[1m{[0m[3mname[0m[2m=[0mk#8dcff6d1..[1m}[0m[2m:[0m [2msui_core::checkpoints::checkpoint_executor[0m[2m:[0m [2mcrates/sui-core/src/checkpoints/checkpoint_executor/mod.rs[0m[2m:[0m[2m332:[0m Received checkpoint summary from state sync [3msequence_number[0m[2m=[0m320
[2m2025-03-25T07:55:29.503939Z[0m [33m WARN[0m [1mnode[0m[1m{[0m[3mname[0m[2m=[0mk#99f25ef6..[1m}[0m[2m:[0m[1mjwk_updater_task[0m[1m{[0m[3mepoch[0m[2m=[0m1[1m}[0m[2m:[0m [2msui_node[0m[2m:[0m [2mcrates/sui-node/src/lib.rs[0m[2m:[0m[2m381:[0m Error when fetching JWK for provider AwsTenant(("us-east-1", "us-east-1_LPSLCkC3A")) JWKRetrievalError
[2m2025-03-25T07:55:29.506841Z[0m [32m INFO[0m [1mnode[0m[1m{[0m[3mname[0m[2m=[0mk#8dcff6d1..[1m}[0m[2m:[0m [2msui_core::state_accumulator[0m[2m:[0m [2mcrates/sui-core/src/state_accumulator.rs[0m[2m:[0m[2m675:[0m accumulating running root for checkpoint 320
[2m2025-03-25T07:55:29.524726Z[0m [32m INFO[0m [1mnode[0m[1m{[0m[3mname[0m[2m=[0mk#b3f3cbb4..[1m}[0m[2m:[0m [2msui_core::checkpoints::checkpoint_executor[0m[2m:[0m [2mcrates/sui-core/src/checkpoints/checkpoint_executor/mod.rs[0m[2m:[0m[2m332:[0m Received checkpoint summary from state sync [3msequence_number[0m[2m=[0m320
[2m2025-03-25T07:55:29.567299Z[0m [32m INFO[0m [1mnode[0m[1m{[0m[3mname[0m[2m=[0mk#addeef94..[1m}[0m[2m:[0m [2msui_core::checkpoints::checkpoint_executor[0m[2m:[0m [2mcrates/sui-core/src/checkpoints/checkpoint_executor/mod.rs[0m[2m:[0m[2m332:[0m Received checkpoint summary from state sync [3msequence_number[0m[2m=[0m320
[2m2025-03-25T07:55:29.568777Z[0m [32m INFO[0m [1mnode[0m[1m{[0m[3mname[0m[2m=[0mk#addeef94..[1m}[0m[2m:[0m [2msui_core::state_accumulator[0m[2m:[0m [2mcrates/sui-core/src/state_accumulator.rs[0m[2m:[0m[2m675:[0m accumulating running root for checkpoint 320
[2m2025-03-25T07:55:29.569265Z[0m [33m WARN[0m [1mnode[0m[1m{[0m[3mname[0m[2m=[0mk#8dcff6d1..[1m}[0m[2m:[0m[1mjwk_updater_task[0m[1m{[0m[3mepoch[0m[2m=[0m1[1m}[0m[2m:[0m [2msui_node[0m[2m:[0m [2mcrates/sui-node/src/lib.rs[0m[2m:[0m[2m381:[0m Error when fetching JWK for provider AwsTenant(("us-east-1", "us-east-1_LPSLCkC3A")) JWKRetrievalError
[2m2025-03-25T07:55:29.570198Z[0m [33m WARN[0m [1mnode[0m[1m{[0m[3mname[0m[2m=[0mk#addeef94..[1m}[0m[2m:[0m[1mjwk_updater_task[0m[1m{[0m[3mepoch[0m[2m=[0m1[1m}[0m[2m:[0m [2msui_node[0m[2m:[0m [2mcrates/sui-node/src/lib.rs[0m[2m:[0m[2m381:[0m Error when fetching JWK for provider AwsTenant(("us-east-1", "us-east-1_LPSLCkC3A")) JWKRetrievalError
[2m2025-03-25T07:55:29.570230Z[0m [33m WARN[0m [1mnode[0m[1m{[0m[3mname[0m[2m=[0mk#addeef94..[1m}[0m[2m:[0m[1mjwk_updater_task[0m[1m{[0m[3mepoch[0m[2m=[0m1[1m}[0m[2m:[0m [2msui_node[0m[2m:[0m [2mcrates/sui-node/src/lib.rs[0m[2m:[0m[2m381:[0m Error when fetching JWK for provider Arden JWKRetrievalError
[2m2025-03-25T07:55:29.614961Z[0m [32m INFO[0m [1mnode[0m[1m{[0m[3mname[0m[2m=[0mk#b3f3cbb4..[1m}[0m[2m:[0m [2msui_core::state_accumulator[0m[2m:[0m [2mcrates/sui-core/src/state_accumulator.rs[0m[2m:[0m[2m675:[0m accumulating running root for checkpoint 320
[2m2025-03-25T07:55:29.689348Z[0m [32m INFO[0m [1mnode[0m[1m{[0m[3mname[0m[2m=[0mk#addeef94..[1m}[0m[2m:[0m [2mconsensus_core::core[0m[2m:[0m [2mconsensus/core/src/core.rs[0m[2m:[0m[2m945:[0m Included 3 ancestors & excluded 0 ancestors for proposal in round 119
[2m2025-03-25T07:55:29.689875Z[0m [32m INFO[0m [1mnode[0m[1m{[0m[3mname[0m[2m=[0mk#addeef94..[1m}[0m[2m:[0m [2mconsensus_core::core[0m[2m:[0m [2mconsensus/core/src/core.rs[0m[2m:[0m[2m531:[0m Created block B119(C,L99HSw04QaSYofyKSDSiDy9tTKooHOjnlf+BE+NqXXo=)(1742889329689ms;[B118(C,dL+OGpICXI2GdPRTI2iMKhu8qvsNG18qEDsr9IQWOy0=), B118(A,koP+9FKXvSn7yX51SLjKIN/h1hdxiBR37NeM1dILgEs=), B118(B,p9Abp/RhXI2BTeqzacn3JSCAvBmEap6R1BIKZQTcN9M=)];1t;1c) for round 119
[2m2025-03-25T07:55:29.690166Z[0m [32m INFO[0m [1mnode[0m[1m{[0m[3mname[0m[2m=[0mk#8dcff6d1..[1m}[0m[2m:[0m [2mconsensus_core::core[0m[2m:[0m [2mconsensus/core/src/core.rs[0m[2m:[0m[2m945:[0m Included 3 ancestors & excluded 0 ancestors for proposal in round 119
[2m2025-03-25T07:55:29.690571Z[0m [32m INFO[0m [1mnode[0m[1m{[0m[3mname[0m[2m=[0mk#8dcff6d1..[1m}[0m[2m:[0m [2mconsensus_core::core[0m[2m:[0m [2mconsensus/core/src/core.rs[0m[2m:[0m[2m531:[0m Created block B119(A,c3E2tbck/3L8jC4+tU/IVxF3GncAL2znCrfHtE0ohHE=)(1742889329690ms;[B118(A,koP+9FKXvSn7yX51SLjKIN/h1hdxiBR37NeM1dILgEs=), B118(B,p9Abp/RhXI2BTeqzacn3JSCAvBmEap6R1BIKZQTcN9M=), B118(C,dL+OGpICXI2GdPRTI2iMKhu8qvsNG18qEDsr9IQWOy0=)];1t;1c) for round 119
[2m2025-03-25T07:55:29.692670Z[0m [32m INFO[0m [1mnode[0m[1m{[0m[3mname[0m[2m=[0mk#8dcff6d1..[1m}[0m[2m:[0m [2mconsensus_core::core[0m[2m:[0m [2mconsensus/core/src/core.rs[0m[2m:[0m[2m630:[0m Committing 1 leaders: B117(C,AuOa)
[2m2025-03-25T07:55:29.692760Z[0m [32m INFO[0m [1mnode[0m[1m{[0m[3mname[0m[2m=[0mk#addeef94..[1m}[0m[2m:[0m [2mconsensus_core::core[0m[2m:[0m [2mconsensus/core/src/core.rs[0m[2m:[0m[2m630:[0m Committing 1 leaders: B117(C,AuOa)
[2m2025-03-25T07:55:29.692791Z[0m [32m INFO[0m [1mnode[0m[1m{[0m[3mname[0m[2m=[0mk#8dcff6d1..[1m}[0m[2m:[0m [2mconsensus_core::commit_observer[0m[2m:[0m [2mconsensus/core/src/commit_observer.rs[0m[2m:[0m[2m173:[0m Consensus commit C109(deGM) with leader B117(C,AuOa) has 3 blocks
[2m2025-03-25T07:55:29.692874Z[0m [32m INFO[0m [1mnode[0m[1m{[0m[3mname[0m[2m=[0mk#addeef94..[1m}[0m[2m:[0m [2mconsensus_core::commit_observer[0m[2m:[0m [2mconsensus/core/src/commit_observer.rs[0m[2m:[0m[2m173:[0m Consensus commit C109(deGM) with leader B117(C,AuOa) has 3 blocks
[2m2025-03-25T07:55:29.692898Z[0m [32m INFO[0m [1mnode[0m[1m{[0m[3mname[0m[2m=[0mk#8dcff6d1..[1m}[0m[2m:[0m [2msui_core::consensus_handler[0m[2m:[0m [2mcrates/sui-core/src/consensus_handler.rs[0m[2m:[0m[2m232:[0m Received consensus output [3mconsensus_commit[0m[2m=[0mCommittedSubDag(leader=B117(C,AuOa), ref=C109(deGM), blocks=[Kr9O, 92wE, AuOa]) [3mepoch[0m[2m=[0m1
[2m2025-03-25T07:55:29.692972Z[0m [32m INFO[0m [1mnode[0m[1m{[0m[3mname[0m[2m=[0mk#addeef94..[1m}[0m[2m:[0m [2msui_core::consensus_handler[0m[2m:[0m [2mcrates/sui-core/src/consensus_handler.rs[0m[2m:[0m[2m232:[0m Received consensus output [3mconsensus_commit[0m[2m=[0mCommittedSubDag(leader=B117(C,AuOa), ref=C109(deGM), blocks=[Kr9O, 92wE, AuOa]) [3mepoch[0m[2m=[0m1
[2m2025-03-25T07:55:29.695140Z[0m [32m INFO[0m [1mnode[0m[1m{[0m[3mname[0m[2m=[0mk#99f25ef6..[1m}[0m[2m:[0m [2msui_core::checkpoints::checkpoint_output[0m[2m:[0m [2mcrates/sui-core/src/checkpoints/checkpoint_output.rs[0m[2m:[0m[2m196:[0m Certified checkpoint with sequence 321 and digest 2GQWt1UqDJ3RNGxMUGNqD9zzomnF94YTfoazy8MATugL
[2m2025-03-25T07:55:29.695276Z[0m [32m INFO[0m [1mnode[0m[1m{[0m[3mname[0m[2m=[0mk#99f25ef6..[1m}[0m[2m:[0m [2mconsensus_core::core[0m[2m:[0m [2mconsensus/core/src/core.rs[0m[2m:[0m[2m630:[0m Committing 1 leaders: B117(C,AuOa)
[2m2025-03-25T07:55:29.695446Z[0m [32m INFO[0m [1mnode[0m[1m{[0m[3mname[0m[2m=[0mk#99f25ef6..[1m}[0m[2m:[0m [2mconsensus_core::commit_observer[0m[2m:[0m [2mconsensus/core/src/commit_observer.rs[0m[2m:[0m[2m173:[0m Consensus commit C109(deGM) with leader B117(C,AuOa) has 3 blocks
[2m2025-03-25T07:55:29.695931Z[0m [32m INFO[0m [1mnode[0m[1m{[0m[3mname[0m[2m=[0mk#99f25ef6..[1m}[0m[2m:[0m [2msui_core::consensus_handler[0m[2m:[0m [2mcrates/sui-core/src/consensus_handler.rs[0m[2m:[0m[2m232:[0m Received consensus output [3mconsensus_commit[0m[2m=[0mCommittedSubDag(leader=B117(C,AuOa), ref=C109(deGM), blocks=[Kr9O, 92wE, AuOa]) [3mepoch[0m[2m=[0m1
[2m2025-03-25T07:55:29.696585Z[0m [32m INFO[0m [1mnode[0m[1m{[0m[3mname[0m[2m=[0mk#99f25ef6..[1m}[0m[2m:[0m [2msui_core::checkpoints::checkpoint_executor[0m[2m:[0m [2mcrates/sui-core/src/checkpoints/checkpoint_executor/mod.rs[0m[2m:[0m[2m332:[0m Received checkpoint summary from state sync [3msequence_number[0m[2m=[0m321
[2m2025-03-25T07:55:29.698360Z[0m [32m INFO[0m [1mnode[0m[1m{[0m[3mname[0m[2m=[0mk#99f25ef6..[1m}[0m[2m:[0m [2msui_core::state_accumulator[0m[2m:[0m [2mcrates/sui-core/src/state_accumulator.rs[0m[2m:[0m[2m675:[0m accumulating running root for checkpoint 321
[2m2025-03-25T07:55:29.722602Z[0m [32m INFO[0m [1mnode[0m[1m{[0m[3mname[0m[2m=[0mk#8dcff6d1..[1m}[0m[2m:[0m [2msui_core::checkpoints[0m[2m:[0m [2mcrates/sui-core/src/checkpoints/mod.rs[0m[2m:[0m[2m1326:[0m Creating checkpoint(s) for 2 transactions [3mnext_checkpoint_seq[0m[2m=[0m322 [3mcheckpoint_timestamp[0m[2m=[0m1742889329174
[2m2025-03-25T07:55:29.722603Z[0m [32m INFO[0m [1mnode[0m[1m{[0m[3mname[0m[2m=[0mk#addeef94..[1m}[0m[2m:[0m [2msui_core::checkpoints[0m[2m:[0m [2mcrates/sui-core/src/checkpoints/mod.rs[0m[2m:[0m[2m1326:[0m Creating checkpoint(s) for 2 transactions [3mnext_checkpoint_seq[0m[2m=[0m322 [3mcheckpoint_timestamp[0m[2m=[0m1742889329174
[2m2025-03-25T07:55:29.722914Z[0m [32m INFO[0m [1mnode[0m[1m{[0m[3mname[0m[2m=[0mk#8dcff6d1..[1m}[0m[2m:[0m [2msui_core::checkpoints::checkpoint_output[0m[2m:[0m [2mcrates/sui-core/src/checkpoints/checkpoint_output.rs[0m[2m:[0m[2m149:[0m Creating checkpoint CheckpointDigest(56RLitvTX4X69U68GR4U9nuG7822javyC6ydPpgzNVb9) at epoch 1, sequence 322, previous digest Some(CheckpointDigest(2GQWt1UqDJ3RNGxMUGNqD9zzomnF94YTfoazy8MATugL)), transactions count 2, content digest CheckpointContentsDigest(CiVSexLasNm4rGHzn7hzAsPHCY2UrFvPd7QEZWPQe3TM), end_of_epoch_data None
[2m2025-03-25T07:55:29.722914Z[0m [32m INFO[0m [1mnode[0m[1m{[0m[3mname[0m[2m=[0mk#addeef94..[1m}[0m[2m:[0m [2msui_core::checkpoints::checkpoint_output[0m[2m:[0m [2mcrates/sui-core/src/checkpoints/checkpoint_output.rs[0m[2m:[0m[2m149:[0m Creating checkpoint CheckpointDigest(56RLitvTX4X69U68GR4U9nuG7822javyC6ydPpgzNVb9) at epoch 1, sequence 322, previous digest Some(CheckpointDigest(2GQWt1UqDJ3RNGxMUGNqD9zzomnF94YTfoazy8MATugL)), transactions count 2, content digest CheckpointContentsDigest(CiVSexLasNm4rGHzn7hzAsPHCY2UrFvPd7QEZWPQe3TM), end_of_epoch_data None
[2m2025-03-25T07:55:29.725151Z[0m [32m INFO[0m [1mnode[0m[1m{[0m[3mname[0m[2m=[0mk#addeef94..[1m}[0m[2m:[0m [2msui_core::checkpoints::checkpoint_executor[0m[2m:[0m [2mcrates/sui-core/src/checkpoints/checkpoint_executor/mod.rs[0m[2m:[0m[2m332:[0m Received checkpoint summary from state sync [3msequence_number[0m[2m=[0m321
[2m2025-03-25T07:55:29.725675Z[0m [32m INFO[0m [1mnode[0m[1m{[0m[3mname[0m[2m=[0mk#8dcff6d1..[1m}[0m[2m:[0m [2msui_core::checkpoints::checkpoint_executor[0m[2m:[0m [2mcrates/sui-core/src/checkpoints/checkpoint_executor/mod.rs[0m[2m:[0m[2m332:[0m Received checkpoint summary from state sync [3msequence_number[0m[2m=[0m311
[2m2025-03-25T07:55:29.725759Z[0m [32m INFO[0m [1mnode[0m[1m{[0m[3mname[0m[2m=[0mk#8dcff6d1..[1m}[0m[2m:[0m [2msui_core::checkpoints::checkpoint_executor[0m[2m:[0m [2mcrates/sui-core/src/checkpoints/checkpoint_executor/mod.rs[0m[2m:[0m[2m332:[0m Received checkpoint summary from state sync [3msequence_number[0m[2m=[0m312
[2m2025-03-25T07:55:29.725794Z[0m [32m INFO[0m [1mnode[0m[1m{[0m[3mname[0m[2m=[0mk#99f25ef6..[1m}[0m[2m:[0m [2msui_core::checkpoints[0m[2m:[0m [2mcrates/sui-core/src/checkpoints/mod.rs[0m[2m:[0m[2m1326:[0m Creating checkpoint(s) for 2 transactions [3mnext_checkpoint_seq[0m[2m=[0m322 [3mcheckpoint_timestamp[0m[2m=[0m1742889329174
[2m2025-03-25T07:55:29.725801Z[0m [32m INFO[0m [1mnode[0m[1m{[0m[3mname[0m[2m=[0mk#8dcff6d1..[1m}[0m[2m:[0m [2msui_core::checkpoints::checkpoint_executor[0m[2m:[0m [2mcrates/sui-core/src/checkpoints/checkpoint_executor/mod.rs[0m[2m:[0m[2m332:[0m Received checkpoint summary from state sync [3msequence_number[0m[2m=[0m313
[2m2025-03-25T07:55:29.725840Z[0m [32m INFO[0m [1mnode[0m[1m{[0m[3mname[0m[2m=[0mk#8dcff6d1..[1m}[0m[2m:[0m [2msui_core::checkpoints::checkpoint_executor[0m[2m:[0m [2mcrates/sui-core/src/checkpoints/checkpoint_executor/mod.rs[0m[2m:[0m[2m332:[0m Received checkpoint summary from state sync [3msequence_number[0m[2m=[0m314
[2m2025-03-25T07:55:29.725879Z[0m [32m INFO[0m [1mnode[0m[1m{[0m[3mname[0m[2m=[0mk#8dcff6d1..[1m}[0m[2m:[0m [2msui_core::checkpoints::checkpoint_executor[0m[2m:[0m [2mcrates/sui-core/src/checkpoints/checkpoint_executor/mod.rs[0m[2m:[0m[2m332:[0m Received checkpoint summary from state sync [3msequence_number[0m[2m=[0m315
[2m2025-03-25T07:55:29.725918Z[0m [32m INFO[0m [1mnode[0m[1m{[0m[3mname[0m[2m=[0mk#8dcff6d1..[1m}[0m[2m:[0m [2msui_core::checkpoints::checkpoint_executor[0m[2m:[0m [2mcrates/sui-core/src/checkpoints/checkpoint_executor/mod.rs[0m[2m:[0m[2m332:[0m Received checkpoint summary from state sync [3msequence_number[0m[2m=[0m316
[2m2025-03-25T07:55:29.725958Z[0m [32m INFO[0m [1mnode[0m[1m{[0m[3mname[0m[2m=[0mk#8dcff6d1..[1m}[0m[2m:[0m [2msui_core::checkpoints::checkpoint_executor[0m[2m:[0m [2mcrates/sui-core/src/checkpoints/checkpoint_executor/mod.rs[0m[2m:[0m[2m332:[0m Received checkpoint summary from state sync [3msequence_number[0m[2m=[0m317
[2m2025-03-25T07:55:29.725980Z[0m [32m INFO[0m [1mnode[0m[1m{[0m[3mname[0m[2m=[0mk#addeef94..[1m}[0m[2m:[0m [2msui_core::state_accumulator[0m[2m:[0m [2mcrates/sui-core/src/state_accumulator.rs[0m[2m:[0m[2m675:[0m accumulating running root for checkpoint 321
[2m2025-03-25T07:55:29.725996Z[0m [32m INFO[0m [1mnode[0m[1m{[0m[3mname[0m[2m=[0mk#8dcff6d1..[1m}[0m[2m:[0m [2msui_core::checkpoints::checkpoint_executor[0m[2m:[0m [2mcrates/sui-core/src/checkpoints/checkpoint_executor/mod.rs[0m[2m:[0m[2m332:[0m Received checkpoint summary from state sync [3msequence_number[0m[2m=[0m318
[2m2025-03-25T07:55:29.726034Z[0m [32m INFO[0m [1mnode[0m[1m{[0m[3mname[0m[2m=[0mk#8dcff6d1..[1m}[0m[2m:[0m [2msui_core::checkpoints::checkpoint_executor[0m[2m:[0m [2mcrates/sui-core/src/checkpoints/checkpoint_executor/mod.rs[0m[2m:[0m[2m332:[0m Received checkpoint summary from state sync [3msequence_number[0m[2m=[0m319
[2m2025-03-25T07:55:29.726045Z[0m [32m INFO[0m [1mnode[0m[1m{[0m[3mname[0m[2m=[0mk#99f25ef6..[1m}[0m[2m:[0m [2msui_core::checkpoints::checkpoint_output[0m[2m:[0m [2mcrates/sui-core/src/checkpoints/checkpoint_output.rs[0m[2m:[0m[2m149:[0m Creating checkpoint CheckpointDigest(56RLitvTX4X69U68GR4U9nuG7822javyC6ydPpgzNVb9) at epoch 1, sequence 322, previous digest Some(CheckpointDigest(2GQWt1UqDJ3RNGxMUGNqD9zzomnF94YTfoazy8MATugL)), transactions count 2, content digest CheckpointContentsDigest(CiVSexLasNm4rGHzn7hzAsPHCY2UrFvPd7QEZWPQe3TM), end_of_epoch_data None
[2m2025-03-25T07:55:29.726072Z[0m [32m INFO[0m [1mnode[0m[1m{[0m[3mname[0m[2m=[0mk#8dcff6d1..[1m}[0m[2m:[0m [2msui_core::checkpoints::checkpoint_executor[0m[2m:[0m [2mcrates/sui-core/src/checkpoints/checkpoint_executor/mod.rs[0m[2m:[0m[2m332:[0m Received checkpoint summary from state sync [3msequence_number[0m[2m=[0m320
[2m2025-03-25T07:55:29.726111Z[0m [32m INFO[0m [1mnode[0m[1m{[0m[3mname[0m[2m=[0mk#8dcff6d1..[1m}[0m[2m:[0m [2msui_core::checkpoints::checkpoint_executor[0m[2m:[0m [2mcrates/sui-core/src/checkpoints/checkpoint_executor/mod.rs[0m[2m:[0m[2m332:[0m Received checkpoint summary from state sync [3msequence_number[0m[2m=[0m321
[2m2025-03-25T07:55:29.726810Z[0m [32m INFO[0m [1mnode[0m[1m{[0m[3mname[0m[2m=[0mk#8dcff6d1..[1m}[0m[2m:[0m [2msui_core::state_accumulator[0m[2m:[0m [2mcrates/sui-core/src/state_accumulator.rs[0m[2m:[0m[2m675:[0m accumulating running root for checkpoint 321
[2m2025-03-25T07:55:29.728080Z[0m [32m INFO[0m [1mnode[0m[1m{[0m[3mname[0m[2m=[0mk#b3f3cbb4..[1m}[0m[2m:[0m [2msui_core::checkpoints::checkpoint_executor[0m[2m:[0m [2mcrates/sui-core/src/checkpoints/checkpoint_executor/mod.rs[0m[2m:[0m[2m332:[0m Received checkpoint summary from state sync [3msequence_number[0m[2m=[0m321
[2m2025-03-25T07:55:29.753841Z[0m [32m INFO[0m [1mnode[0m[1m{[0m[3mname[0m[2m=[0mk#b3f3cbb4..[1m}[0m[2m:[0m [2msui_core::state_accumulator[0m[2m:[0m [2mcrates/sui-core/src/state_accumulator.rs[0m[2m:[0m[2m675:[0m accumulating running root for checkpoint 321
[2m2025-03-25T07:55:29.945425Z[0m [32m INFO[0m [1mnode[0m[1m{[0m[3mname[0m[2m=[0mk#8dcff6d1..[1m}[0m[2m:[0m [2mconsensus_core::core[0m[2m:[0m [2mconsensus/core/src/core.rs[0m[2m:[0m[2m945:[0m Included 2 ancestors & excluded 0 ancestors for proposal in round 120
[2m2025-03-25T07:55:29.945752Z[0m [32m INFO[0m [1mnode[0m[1m{[0m[3mname[0m[2m=[0mk#addeef94..[1m}[0m[2m:[0m [2mconsensus_core::core[0m[2m:[0m [2mconsensus/core/src/core.rs[0m[2m:[0m[2m945:[0m Included 2 ancestors & excluded 0 ancestors for proposal in round 120
[2m2025-03-25T07:55:29.947033Z[0m [32m INFO[0m [1mnode[0m[1m{[0m[3mname[0m[2m=[0mk#8dcff6d1..[1m}[0m[2m:[0m [2mconsensus_core::core[0m[2m:[0m [2mconsensus/core/src/core.rs[0m[2m:[0m[2m531:[0m Created block B120(A,zVyVFOcjwi3S2DRAiXpQug5B/J+PUbg77XXwt4s5LzU=)(1742889329945ms;[B119(A,c3E2tbck/3L8jC4+tU/IVxF3GncAL2znCrfHtE0ohHE=), B119(C,L99HSw04QaSYofyKSDSiDy9tTKooHOjnlf+BE+NqXXo=)];1t;1c) for round 120
[2m2025-03-25T07:55:29.947033Z[0m [32m INFO[0m [1mnode[0m[1m{[0m[3mname[0m[2m=[0mk#addeef94..[1m}[0m[2m:[0m [2mconsensus_core::core[0m[2m:[0m [2mconsensus/core/src/core.rs[0m[2m:[0m[2m531:[0m Created block B120(C,jOzKmNqijUjdRs1jMShZLitPu+ouyobh/Y7AFNaII9Y=)(1742889329946ms;[B119(C,L99HSw04QaSYofyKSDSiDy9tTKooHOjnlf+BE+NqXXo=), B119(A,c3E2tbck/3L8jC4+tU/IVxF3GncAL2znCrfHtE0ohHE=)];1t;1c) for round 120
[2m2025-03-25T07:55:29.947677Z[0m [32m INFO[0m [1mnode[0m[1m{[0m[3mname[0m[2m=[0mk#99f25ef6..[1m}[0m[2m:[0m [2mconsensus_core::core[0m[2m:[0m [2mconsensus/core/src/core.rs[0m[2m:[0m[2m945:[0m Included 3 ancestors & excluded 0 ancestors for proposal in round 120
[2m2025-03-25T07:55:29.949264Z[0m [32m INFO[0m [1mnode[0m[1m{[0m[3mname[0m[2m=[0mk#99f25ef6..[1m}[0m[2m:[0m [2mconsensus_core::core[0m[2m:[0m [2mconsensus/core/src/core.rs[0m[2m:[0m[2m531:[0m Created block B120(B,6DwDTPWbcLoaSkBlpn99aetKmobYoLm8Vp4j3z5h6EM=)(1742889329947ms;[B118(B,p9Abp/RhXI2BTeqzacn3JSCAvBmEap6R1BIKZQTcN9M=), B119(A,c3E2tbck/3L8jC4+tU/IVxF3GncAL2znCrfHtE0ohHE=), B119(C,L99HSw04QaSYofyKSDSiDy9tTKooHOjnlf+BE+NqXXo=)];2t;2c) for round 120
[2m2025-03-25T07:55:29.955171Z[0m [32m INFO[0m [1mnode[0m[1m{[0m[3mname[0m[2m=[0mk#8dcff6d1..[1m}[0m[2m:[0m [2mconsensus_core::core[0m[2m:[0m [2mconsensus/core/src/core.rs[0m[2m:[0m[2m630:[0m Committing 1 leaders: B118(A,koP+)
[2m2025-03-25T07:55:29.955171Z[0m [32m INFO[0m [1mnode[0m[1m{[0m[3mname[0m[2m=[0mk#addeef94..[1m}[0m[2m:[0m [2mconsensus_core::core[0m[2m:[0m [2mconsensus/core/src/core.rs[0m[2m:[0m[2m630:[0m Committing 1 leaders: B118(A,koP+)
[2m2025-03-25T07:55:29.955673Z[0m [32m INFO[0m [1mnode[0m[1m{[0m[3mname[0m[2m=[0mk#addeef94..[1m}[0m[2m:[0m [2mconsensus_core::commit_observer[0m[2m:[0m [2mconsensus/core/src/commit_observer.rs[0m[2m:[0m[2m173:[0m Consensus commit C110(k1H3) with leader B118(A,koP+) has 3 blocks
[2m2025-03-25T07:55:29.955674Z[0m [32m INFO[0m [1mnode[0m[1m{[0m[3mname[0m[2m=[0mk#8dcff6d1..[1m}[0m[2m:[0m [2mconsensus_core::commit_observer[0m[2m:[0m [2mconsensus/core/src/commit_observer.rs[0m[2m:[0m[2m173:[0m Consensus commit C110(k1H3) with leader B118(A,koP+) has 3 blocks
[2m2025-03-25T07:55:29.956026Z[0m [32m INFO[0m [1mnode[0m[1m{[0m[3mname[0m[2m=[0mk#addeef94..[1m}[0m[2m:[0m [2msui_core::consensus_handler[0m[2m:[0m [2mcrates/sui-core/src/consensus_handler.rs[0m[2m:[0m[2m232:[0m Received consensus output [3mconsensus_commit[0m[2m=[0mCommittedSubDag(leader=B118(A,koP+), ref=C110(k1H3), blocks=[hoz9, m7f4, koP+]) [3mepoch[0m[2m=[0m1
[2m2025-03-25T07:55:29.956026Z[0m [32m INFO[0m [1mnode[0m[1m{[0m[3mname[0m[2m=[0mk#8dcff6d1..[1m}[0m[2m:[0m [2msui_core::consensus_handler[0m[2m:[0m [2mcrates/sui-core/src/consensus_handler.rs[0m[2m:[0m[2m232:[0m Received consensus output [3mconsensus_commit[0m[2m=[0mCommittedSubDag(leader=B118(A,koP+), ref=C110(k1H3), blocks=[hoz9, m7f4, koP+]) [3mepoch[0m[2m=[0m1
[2m2025-03-25T07:55:29.962627Z[0m [32m INFO[0m [1mnode[0m[1m{[0m[3mname[0m[2m=[0mk#99f25ef6..[1m}[0m[2m:[0m [2msui_core::checkpoints::checkpoint_output[0m[2m:[0m [2mcrates/sui-core/src/checkpoints/checkpoint_output.rs[0m[2m:[0m[2m196:[0m Certified checkpoint with sequence 322 and digest 56RLitvTX4X69U68GR4U9nuG7822javyC6ydPpgzNVb9
[2m2025-03-25T07:55:29.963133Z[0m [32m INFO[0m [1mnode[0m[1m{[0m[3mname[0m[2m=[0mk#99f25ef6..[1m}[0m[2m:[0m [2mconsensus_core::core[0m[2m:[0m [2mconsensus/core/src/core.rs[0m[2m:[0m[2m630:[0m Committing 1 leaders: B118(A,koP+)
[2m2025-03-25T07:55:29.963397Z[0m [32m INFO[0m [1mnode[0m[1m{[0m[3mname[0m[2m=[0mk#99f25ef6..[1m}[0m[2m:[0m [2mconsensus_core::commit_observer[0m[2m:[0m [2mconsensus/core/src/commit_observer.rs[0m[2m:[0m[2m173:[0m Consensus commit C110(k1H3) with leader B118(A,koP+) has 3 blocks
[2m2025-03-25T07:55:29.964577Z[0m [32m INFO[0m [1mnode[0m[1m{[0m[3mname[0m[2m=[0mk#99f25ef6..[1m}[0m[2m:[0m [2msui_core::consensus_handler[0m[2m:[0m [2mcrates/sui-core/src/consensus_handler.rs[0m[2m:[0m[2m232:[0m Received consensus output [3mconsensus_commit[0m[2m=[0mCommittedSubDag(leader=B118(A,koP+), ref=C110(k1H3), blocks=[hoz9, m7f4, koP+]) [3mepoch[0m[2m=[0m1
[2m2025-03-25T07:55:29.966052Z[0m [32m INFO[0m [1mnode[0m[1m{[0m[3mname[0m[2m=[0mk#99f25ef6..[1m}[0m[2m:[0m [2msui_core::checkpoints::checkpoint_executor[0m[2m:[0m [2mcrates/sui-core/src/checkpoints/checkpoint_executor/mod.rs[0m[2m:[0m[2m332:[0m Received checkpoint summary from state sync [3msequence_number[0m[2m=[0m322
[2m2025-03-25T07:55:29.989517Z[0m [32m INFO[0m [1mnode[0m[1m{[0m[3mname[0m[2m=[0mk#99f25ef6..[1m}[0m[2m:[0m [2msui_core::state_accumulator[0m[2m:[0m [2mcrates/sui-core/src/state_accumulator.rs[0m[2m:[0m[2m675:[0m accumulating running root for checkpoint 322
[2m2025-03-25T07:55:30.028660Z[0m [32m INFO[0m [1mnode[0m[1m{[0m[3mname[0m[2m=[0mk#99f25ef6..[1m}[0m[2m:[0m [2msui_core::checkpoints[0m[2m:[0m [2mcrates/sui-core/src/checkpoints/mod.rs[0m[2m:[0m[2m1326:[0m Creating checkpoint(s) for 1 transactions [3mnext_checkpoint_seq[0m[2m=[0m323 [3mcheckpoint_timestamp[0m[2m=[0m1742889329428
[2m2025-03-25T07:55:30.028660Z[0m [32m INFO[0m [1mnode[0m[1m{[0m[3mname[0m[2m=[0mk#8dcff6d1..[1m}[0m[2m:[0m [2msui_core::checkpoints[0m[2m:[0m [2mcrates/sui-core/src/checkpoints/mod.rs[0m[2m:[0m[2m1326:[0m Creating checkpoint(s) for 1 transactions [3mnext_checkpoint_seq[0m[2m=[0m323 [3mcheckpoint_timestamp[0m[2m=[0m1742889329428
[2m2025-03-25T07:55:30.028660Z[0m [32m INFO[0m [1mnode[0m[1m{[0m[3mname[0m[2m=[0mk#addeef94..[1m}[0m[2m:[0m [2msui_core::checkpoints[0m[2m:[0m [2mcrates/sui-core/src/checkpoints/mod.rs[0m[2m:[0m[2m1326:[0m Creating checkpoint(s) for 1 transactions [3mnext_checkpoint_seq[0m[2m=[0m323 [3mcheckpoint_timestamp[0m[2m=[0m1742889329428
[2m2025-03-25T07:55:30.028921Z[0m [32m INFO[0m [1mnode[0m[1m{[0m[3mname[0m[2m=[0mk#99f25ef6..[1m}[0m[2m:[0m [2msui_core::checkpoints::checkpoint_output[0m[2m:[0m [2mcrates/sui-core/src/checkpoints/checkpoint_output.rs[0m[2m:[0m[2m149:[0m Creating checkpoint CheckpointDigest(45XKm1ZLErA8RPYdhKQgHsVudjytd6FUUdj7KBfjgmxh) at epoch 1, sequence 323, previous digest Some(CheckpointDigest(56RLitvTX4X69U68GR4U9nuG7822javyC6ydPpgzNVb9)), transactions count 1, content digest CheckpointContentsDigest(6dz6HpuWNU3V1HRgBfuLnTK9Twh4vGvM3iejucYTMNf), end_of_epoch_data None
[2m2025-03-25T07:55:30.028921Z[0m [32m INFO[0m [1mnode[0m[1m{[0m[3mname[0m[2m=[0mk#8dcff6d1..[1m}[0m[2m:[0m [2msui_core::checkpoints::checkpoint_output[0m[2m:[0m [2mcrates/sui-core/src/checkpoints/checkpoint_output.rs[0m[2m:[0m[2m149:[0m Creating checkpoint CheckpointDigest(45XKm1ZLErA8RPYdhKQgHsVudjytd6FUUdj7KBfjgmxh) at epoch 1, sequence 323, previous digest Some(CheckpointDigest(56RLitvTX4X69U68GR4U9nuG7822javyC6ydPpgzNVb9)), transactions count 1, content digest CheckpointContentsDigest(6dz6HpuWNU3V1HRgBfuLnTK9Twh4vGvM3iejucYTMNf), end_of_epoch_data None
[2m2025-03-25T07:55:30.028921Z[0m [32m INFO[0m [1mnode[0m[1m{[0m[3mname[0m[2m=[0mk#addeef94..[1m}[0m[2m:[0m [2msui_core::checkpoints::checkpoint_output[0m[2m:[0m [2mcrates/sui-core/src/checkpoints/checkpoint_output.rs[0m[2m:[0m[2m149:[0m Creating checkpoint CheckpointDigest(45XKm1ZLErA8RPYdhKQgHsVudjytd6FUUdj7KBfjgmxh) at epoch 1, sequence 323, previous digest Some(CheckpointDigest(56RLitvTX4X69U68GR4U9nuG7822javyC6ydPpgzNVb9)), transactions count 1, content digest CheckpointContentsDigest(6dz6HpuWNU3V1HRgBfuLnTK9Twh4vGvM3iejucYTMNf), end_of_epoch_data None
[2m2025-03-25T07:55:30.032530Z[0m [32m INFO[0m [1mnode[0m[1m{[0m[3mname[0m[2m=[0mk#8dcff6d1..[1m}[0m[2m:[0m [2msui_core::checkpoints::checkpoint_output[0m[2m:[0m [2mcrates/sui-core/src/checkpoints/checkpoint_output.rs[0m[2m:[0m[2m196:[0m Certified checkpoint with sequence 322 and digest 56RLitvTX4X69U68GR4U9nuG7822javyC6ydPpgzNVb9
[2m2025-03-25T07:55:30.033358Z[0m [32m INFO[0m [1mnode[0m[1m{[0m[3mname[0m[2m=[0mk#8dcff6d1..[1m}[0m[2m:[0m [2msui_core::checkpoints::checkpoint_executor[0m[2m:[0m [2mcrates/sui-core/src/checkpoints/checkpoint_executor/mod.rs[0m[2m:[0m[2m332:[0m Received checkpoint summary from state sync [3msequence_number[0m[2m=[0m322
[2m2025-03-25T07:55:30.034415Z[0m [32m INFO[0m [1mnode[0m[1m{[0m[3mname[0m[2m=[0mk#b3f3cbb4..[1m}[0m[2m:[0m [2msui_core::checkpoints::checkpoint_executor[0m[2m:[0m [2mcrates/sui-core/src/checkpoints/checkpoint_executor/mod.rs[0m[2m:[0m[2m332:[0m Received checkpoint summary from state sync [3msequence_number[0m[2m=[0m322
[2m2025-03-25T07:55:30.037102Z[0m [32m INFO[0m [1mnode[0m[1m{[0m[3mname[0m[2m=[0mk#8dcff6d1..[1m}[0m[2m:[0m [2msui_core::state_accumulator[0m[2m:[0m [2mcrates/sui-core/src/state_accumulator.rs[0m[2m:[0m[2m675:[0m accumulating running root for checkpoint 322
[2m2025-03-25T07:55:30.098425Z[0m [32m INFO[0m [1mnode[0m[1m{[0m[3mname[0m[2m=[0mk#addeef94..[1m}[0m[2m:[0m [2msui_core::checkpoints::checkpoint_executor[0m[2m:[0m [2mcrates/sui-core/src/checkpoints/checkpoint_executor/mod.rs[0m[2m:[0m[2m332:[0m Received checkpoint summary from state sync [3msequence_number[0m[2m=[0m322
[2m2025-03-25T07:55:30.099885Z[0m [32m INFO[0m [1mnode[0m[1m{[0m[3mname[0m[2m=[0mk#addeef94..[1m}[0m[2m:[0m [2msui_core::state_accumulator[0m[2m:[0m [2mcrates/sui-core/src/state_accumulator.rs[0m[2m:[0m[2m675:[0m accumulating running root for checkpoint 322
[2m2025-03-25T07:55:30.125485Z[0m [32m INFO[0m [1mnode[0m[1m{[0m[3mname[0m[2m=[0mk#b3f3cbb4..[1m}[0m[2m:[0m [2msui_core::state_accumulator[0m[2m:[0m [2mcrates/sui-core/src/state_accumulator.rs[0m[2m:[0m[2m675:[0m accumulating running root for checkpoint 322
[2m2025-03-25T07:55:30.207673Z[0m [32m INFO[0m [1mnode[0m[1m{[0m[3mname[0m[2m=[0mk#addeef94..[1m}[0m[2m:[0m [2mconsensus_core::core[0m[2m:[0m [2mconsensus/core/src/core.rs[0m[2m:[0m[2m945:[0m Included 3 ancestors & excluded 0 ancestors for proposal in round 121
[2m2025-03-25T07:55:30.207703Z[0m [32m INFO[0m [1mnode[0m[1m{[0m[3mname[0m[2m=[0mk#8dcff6d1..[1m}[0m[2m:[0m [2mconsensus_core::core[0m[2m:[0m [2mconsensus/core/src/core.rs[0m[2m:[0m[2m945:[0m Included 3 ancestors & excluded 0 ancestors for proposal in round 121
[2m2025-03-25T07:55:30.208160Z[0m [32m INFO[0m [1mnode[0m[1m{[0m[3mname[0m[2m=[0mk#8dcff6d1..[1m}[0m[2m:[0m [2mconsensus_core::core[0m[2m:[0m [2mconsensus/core/src/core.rs[0m[2m:[0m[2m531:[0m Created block B121(A,uqWQgc8yWYh5jhc0X/4SMY1GHHq8NtfAPYe2FR6VByw=)(1742889330207ms;[B120(A,zVyVFOcjwi3S2DRAiXpQug5B/J+PUbg77XXwt4s5LzU=), B120(B,6DwDTPWbcLoaSkBlpn99aetKmobYoLm8Vp4j3z5h6EM=), B120(C,jOzKmNqijUjdRs1jMShZLitPu+ouyobh/Y7AFNaII9Y=)];1t;1c) for round 121
[2m2025-03-25T07:55:30.208163Z[0m [32m INFO[0m [1mnode[0m[1m{[0m[3mname[0m[2m=[0mk#addeef94..[1m}[0m[2m:[0m [2mconsensus_core::core[0m[2m:[0m [2mconsensus/core/src/core.rs[0m[2m:[0m[2m531:[0m Created block B121(C,W4rUOx6qlMvQ97KWUvWhJfKmNyCeREBd+YnFc2Lnzkk=)(1742889330207ms;[B120(C,jOzKmNqijUjdRs1jMShZLitPu+ouyobh/Y7AFNaII9Y=), B120(A,zVyVFOcjwi3S2DRAiXpQug5B/J+PUbg77XXwt4s5LzU=), B120(B,6DwDTPWbcLoaSkBlpn99aetKmobYoLm8Vp4j3z5h6EM=)];1t;1c) for round 121
[2m2025-03-25T07:55:30.210457Z[0m [32m INFO[0m [1mnode[0m[1m{[0m[3mname[0m[2m=[0mk#8dcff6d1..[1m}[0m[2m:[0m [2mconsensus_core::core[0m[2m:[0m [2mconsensus/core/src/core.rs[0m[2m:[0m[2m630:[0m Committing 1 leaders: B119(A,c3E2)
[2m2025-03-25T07:55:30.210537Z[0m [32m INFO[0m [1mnode[0m[1m{[0m[3mname[0m[2m=[0mk#addeef94..[1m}[0m[2m:[0m [2mconsensus_core::core[0m[2m:[0m [2mconsensus/core/src/core.rs[0m[2m:[0m[2m630:[0m Committing 1 leaders: B119(A,c3E2)
[2m2025-03-25T07:55:30.210574Z[0m [32m INFO[0m [1mnode[0m[1m{[0m[3mname[0m[2m=[0mk#8dcff6d1..[1m}[0m[2m:[0m [2mconsensus_core::commit_observer[0m[2m:[0m [2mconsensus/core/src/commit_observer.rs[0m[2m:[0m[2m173:[0m Consensus commit C111(eIUN) with leader B119(A,c3E2) has 3 blocks
[2m2025-03-25T07:55:30.210656Z[0m [32m INFO[0m [1mnode[0m[1m{[0m[3mname[0m[2m=[0mk#addeef94..[1m}[0m[2m:[0m [2mconsensus_core::commit_observer[0m[2m:[0m [2mconsensus/core/src/commit_observer.rs[0m[2m:[0m[2m173:[0m Consensus commit C111(eIUN) with leader B119(A,c3E2) has 3 blocks
[2m2025-03-25T07:55:30.210677Z[0m [32m INFO[0m [1mnode[0m[1m{[0m[3mname[0m[2m=[0mk#8dcff6d1..[1m}[0m[2m:[0m [2msui_core::consensus_handler[0m[2m:[0m [2mcrates/sui-core/src/consensus_handler.rs[0m[2m:[0m[2m232:[0m Received consensus output [3mconsensus_commit[0m[2m=[0mCommittedSubDag(leader=B119(A,c3E2), ref=C111(eIUN), blocks=[p9Ab, dL+O, c3E2]) [3mepoch[0m[2m=[0m1
[2m2025-03-25T07:55:30.210754Z[0m [32m INFO[0m [1mnode[0m[1m{[0m[3mname[0m[2m=[0mk#addeef94..[1m}[0m[2m:[0m [2msui_core::consensus_handler[0m[2m:[0m [2mcrates/sui-core/src/consensus_handler.rs[0m[2m:[0m[2m232:[0m Received consensus output [3mconsensus_commit[0m[2m=[0mCommittedSubDag(leader=B119(A,c3E2), ref=C111(eIUN), blocks=[p9Ab, dL+O, c3E2]) [3mepoch[0m[2m=[0m1
[2m2025-03-25T07:55:30.213414Z[0m [32m INFO[0m [1mnode[0m[1m{[0m[3mname[0m[2m=[0mk#99f25ef6..[1m}[0m[2m:[0m [2msui_core::checkpoints::checkpoint_output[0m[2m:[0m [2mcrates/sui-core/src/checkpoints/checkpoint_output.rs[0m[2m:[0m[2m196:[0m Certified checkpoint with sequence 323 and digest 45XKm1ZLErA8RPYdhKQgHsVudjytd6FUUdj7KBfjgmxh
[2m2025-03-25T07:55:30.213557Z[0m [32m INFO[0m [1mnode[0m[1m{[0m[3mname[0m[2m=[0mk#99f25ef6..[1m}[0m[2m:[0m [2mconsensus_core::core[0m[2m:[0m [2mconsensus/core/src/core.rs[0m[2m:[0m[2m630:[0m Committing 1 leaders: B119(A,c3E2)
[2m2025-03-25T07:55:30.213719Z[0m [32m INFO[0m [1mnode[0m[1m{[0m[3mname[0m[2m=[0mk#99f25ef6..[1m}[0m[2m:[0m [2mconsensus_core::commit_observer[0m[2m:[0m [2mconsensus/core/src/commit_observer.rs[0m[2m:[0m[2m173:[0m Consensus commit C111(eIUN) with leader B119(A,c3E2) has 3 blocks
[2m2025-03-25T07:55:30.214210Z[0m [32m INFO[0m [1mnode[0m[1m{[0m[3mname[0m[2m=[0mk#99f25ef6..[1m}[0m[2m:[0m [2msui_core::consensus_handler[0m[2m:[0m [2mcrates/sui-core/src/consensus_handler.rs[0m[2m:[0m[2m232:[0m Received consensus output [3mconsensus_commit[0m[2m=[0mCommittedSubDag(leader=B119(A,c3E2), ref=C111(eIUN), blocks=[p9Ab, dL+O, c3E2]) [3mepoch[0m[2m=[0m1
[2m2025-03-25T07:55:30.214896Z[0m [32m INFO[0m [1mnode[0m[1m{[0m[3mname[0m[2m=[0mk#99f25ef6..[1m}[0m[2m:[0m [2msui_core::checkpoints::checkpoint_executor[0m[2m:[0m [2mcrates/sui-core/src/checkpoints/checkpoint_executor/mod.rs[0m[2m:[0m[2m332:[0m Received checkpoint summary from state sync [3msequence_number[0m[2m=[0m323
[2m2025-03-25T07:55:30.216704Z[0m [32m INFO[0m [1mnode[0m[1m{[0m[3mname[0m[2m=[0mk#99f25ef6..[1m}[0m[2m:[0m [2msui_core::state_accumulator[0m[2m:[0m [2mcrates/sui-core/src/state_accumulator.rs[0m[2m:[0m[2m675:[0m accumulating running root for checkpoint 323
[2m2025-03-25T07:55:30.241229Z[0m [32m INFO[0m [1mnode[0m[1m{[0m[3mname[0m[2m=[0mk#8dcff6d1..[1m}[0m[2m:[0m [2msui_core::checkpoints[0m[2m:[0m [2mcrates/sui-core/src/checkpoints/mod.rs[0m[2m:[0m[2m1326:[0m Creating checkpoint(s) for 2 transactions [3mnext_checkpoint_seq[0m[2m=[0m324 [3mcheckpoint_timestamp[0m[2m=[0m1742889329690
[2m2025-03-25T07:55:30.241229Z[0m [32m INFO[0m [1mnode[0m[1m{[0m[3mname[0m[2m=[0mk#addeef94..[1m}[0m[2m:[0m [2msui_core::checkpoints[0m[2m:[0m [2mcrates/sui-core/src/checkpoints/mod.rs[0m[2m:[0m[2m1326:[0m Creating checkpoint(s) for 2 transactions [3mnext_checkpoint_seq[0m[2m=[0m324 [3mcheckpoint_timestamp[0m[2m=[0m1742889329690
[2m2025-03-25T07:55:30.241539Z[0m [32m INFO[0m [1mnode[0m[1m{[0m[3mname[0m[2m=[0mk#8dcff6d1..[1m}[0m[2m:[0m [2msui_core::checkpoints::checkpoint_output[0m[2m:[0m [2mcrates/sui-core/src/checkpoints/checkpoint_output.rs[0m[2m:[0m[2m149:[0m Creating checkpoint CheckpointDigest(LNo1UdEdm9UuKiHcvWMzqiBKecvZ47MWSaVMBd2Gq6z) at epoch 1, sequence 324, previous digest Some(CheckpointDigest(45XKm1ZLErA8RPYdhKQgHsVudjytd6FUUdj7KBfjgmxh)), transactions count 2, content digest CheckpointContentsDigest(FGoVgMwSNgLgzv7oZZ13chPprozfErYv7H2EFnoyiqLE), end_of_epoch_data None
[2m2025-03-25T07:55:30.241539Z[0m [32m INFO[0m [1mnode[0m[1m{[0m[3mname[0m[2m=[0mk#addeef94..[1m}[0m[2m:[0m [2msui_core::checkpoints::checkpoint_output[0m[2m:[0m [2mcrates/sui-core/src/checkpoints/checkpoint_output.rs[0m[2m:[0m[2m149:[0m Creating checkpoint CheckpointDigest(LNo1UdEdm9UuKiHcvWMzqiBKecvZ47MWSaVMBd2Gq6z) at epoch 1, sequence 324, previous digest Some(CheckpointDigest(45XKm1ZLErA8RPYdhKQgHsVudjytd6FUUdj7KBfjgmxh)), transactions count 2, content digest CheckpointContentsDigest(FGoVgMwSNgLgzv7oZZ13chPprozfErYv7H2EFnoyiqLE), end_of_epoch_data None
[2m2025-03-25T07:55:30.243808Z[0m [32m INFO[0m [1mnode[0m[1m{[0m[3mname[0m[2m=[0mk#addeef94..[1m}[0m[2m:[0m [2msui_core::checkpoints::checkpoint_executor[0m[2m:[0m [2mcrates/sui-core/src/checkpoints/checkpoint_executor/mod.rs[0m[2m:[0m[2m332:[0m Received checkpoint summary from state sync [3msequence_number[0m[2m=[0m323
[2m2025-03-25T07:55:30.243850Z[0m [32m INFO[0m [1mnode[0m[1m{[0m[3mname[0m[2m=[0mk#8dcff6d1..[1m}[0m[2m:[0m [2msui_core::checkpoints::checkpoint_executor[0m[2m:[0m [2mcrates/sui-core/src/checkpoints/checkpoint_executor/mod.rs[0m[2m:[0m[2m332:[0m Received checkpoint summary from state sync [3msequence_number[0m[2m=[0m322
[2m2025-03-25T07:55:30.243934Z[0m [32m INFO[0m [1mnode[0m[1m{[0m[3mname[0m[2m=[0mk#8dcff6d1..[1m}[0m[2m:[0m [2msui_core::checkpoints::checkpoint_executor[0m[2m:[0m [2mcrates/sui-core/src/checkpoints/checkpoint_executor/mod.rs[0m[2m:[0m[2m332:[0m Received checkpoint summary from state sync [3msequence_number[0m[2m=[0m323
[2m2025-03-25T07:55:30.244657Z[0m [32m INFO[0m [1mnode[0m[1m{[0m[3mname[0m[2m=[0mk#8dcff6d1..[1m}[0m[2m:[0m [2msui_core::state_accumulator[0m[2m:[0m [2mcrates/sui-core/src/state_accumulator.rs[0m[2m:[0m[2m675:[0m accumulating running root for checkpoint 323
[2m2025-03-25T07:55:30.244657Z[0m [32m INFO[0m [1mnode[0m[1m{[0m[3mname[0m[2m=[0mk#addeef94..[1m}[0m[2m:[0m [2msui_core::state_accumulator[0m[2m:[0m [2mcrates/sui-core/src/state_accumulator.rs[0m[2m:[0m[2m675:[0m accumulating running root for checkpoint 323
[2m2025-03-25T07:55:30.245086Z[0m [32m INFO[0m [1mnode[0m[1m{[0m[3mname[0m[2m=[0mk#99f25ef6..[1m}[0m[2m:[0m [2msui_core::checkpoints[0m[2m:[0m [2mcrates/sui-core/src/checkpoints/mod.rs[0m[2m:[0m[2m1326:[0m Creating checkpoint(s) for 2 transactions [3mnext_checkpoint_seq[0m[2m=[0m324 [3mcheckpoint_timestamp[0m[2m=[0m1742889329690
[2m2025-03-25T07:55:30.245355Z[0m [32m INFO[0m [1mnode[0m[1m{[0m[3mname[0m[2m=[0mk#99f25ef6..[1m}[0m[2m:[0m [2msui_core::checkpoints::checkpoint_output[0m[2m:[0m [2mcrates/sui-core/src/checkpoints/checkpoint_output.rs[0m[2m:[0m[2m149:[0m Creating checkpoint CheckpointDigest(LNo1UdEdm9UuKiHcvWMzqiBKecvZ47MWSaVMBd2Gq6z) at epoch 1, sequence 324, previous digest Some(CheckpointDigest(45XKm1ZLErA8RPYdhKQgHsVudjytd6FUUdj7KBfjgmxh)), transactions count 2, content digest CheckpointContentsDigest(FGoVgMwSNgLgzv7oZZ13chPprozfErYv7H2EFnoyiqLE), end_of_epoch_data None
[2m2025-03-25T07:55:30.247161Z[0m [32m INFO[0m [1mnode[0m[1m{[0m[3mname[0m[2m=[0mk#b3f3cbb4..[1m}[0m[2m:[0m [2msui_core::checkpoints::checkpoint_executor[0m[2m:[0m [2mcrates/sui-core/src/checkpoints/checkpoint_executor/mod.rs[0m[2m:[0m[2m332:[0m Received checkpoint summary from state sync [3msequence_number[0m[2m=[0m323
[2m2025-03-25T07:55:30.272909Z[0m [32m INFO[0m [1mnode[0m[1m{[0m[3mname[0m[2m=[0mk#b3f3cbb4..[1m}[0m[2m:[0m [2msui_core::state_accumulator[0m[2m:[0m [2mcrates/sui-core/src/state_accumulator.rs[0m[2m:[0m[2m675:[0m accumulating running root for checkpoint 323
[2m2025-03-25T07:55:30.462294Z[0m [32m INFO[0m [1mnode[0m[1m{[0m[3mname[0m[2m=[0mk#8dcff6d1..[1m}[0m[2m:[0m [2mconsensus_core::core[0m[2m:[0m [2mconsensus/core/src/core.rs[0m[2m:[0m[2m945:[0m Included 2 ancestors & excluded 0 ancestors for proposal in round 122
[2m2025-03-25T07:55:30.462840Z[0m [32m INFO[0m [1mnode[0m[1m{[0m[3mname[0m[2m=[0mk#addeef94..[1m}[0m[2m:[0m [2mconsensus_core::core[0m[2m:[0m [2mconsensus/core/src/core.rs[0m[2m:[0m[2m945:[0m Included 2 ancestors & excluded 0 ancestors for proposal in round 122
[2m2025-03-25T07:55:30.463233Z[0m [32m INFO[0m [1mnode[0m[1m{[0m[3mname[0m[2m=[0mk#8dcff6d1..[1m}[0m[2m:[0m [2mconsensus_core::core[0m[2m:[0m [2mconsensus/core/src/core.rs[0m[2m:[0m[2m531:[0m Created block B122(A,fFnzFxN7DYe16allx1dTzuh5pKoNrH5Bw9BboObJNXE=)(1742889330462ms;[B121(A,uqWQgc8yWYh5jhc0X/4SMY1GHHq8NtfAPYe2FR6VByw=), B121(C,W4rUOx6qlMvQ97KWUvWhJfKmNyCeREBd+YnFc2Lnzkk=)];1t;1c) for round 122
[2m2025-03-25T07:55:30.463583Z[0m [32m INFO[0m [1mnode[0m[1m{[0m[3mname[0m[2m=[0mk#addeef94..[1m}[0m[2m:[0m [2mconsensus_core::core[0m[2m:[0m [2mconsensus/core/src/core.rs[0m[2m:[0m[2m531:[0m Created block B122(C,EMktb6qfcADOwYUW2M34TilcYFAzHiBArHtHCzVsxPY=)(1742889330462ms;[B121(C,W4rUOx6qlMvQ97KWUvWhJfKmNyCeREBd+YnFc2Lnzkk=), B121(A,uqWQgc8yWYh5jhc0X/4SMY1GHHq8NtfAPYe2FR6VByw=)];1t;1c) for round 122
[2m2025-03-25T07:55:30.467732Z[0m [32m INFO[0m [1mnode[0m[1m{[0m[3mname[0m[2m=[0mk#addeef94..[1m}[0m[2m:[0m [2mconsensus_core::core[0m[2m:[0m [2mconsensus/core/src/core.rs[0m[2m:[0m[2m630:[0m Committing 1 leaders: B120(B,6DwD)
[2m2025-03-25T07:55:30.467733Z[0m [32m INFO[0m [1mnode[0m[1m{[0m[3mname[0m[2m=[0mk#8dcff6d1..[1m}[0m[2m:[0m [2mconsensus_core::core[0m[2m:[0m [2mconsensus/core/src/core.rs[0m[2m:[0m[2m630:[0m Committing 1 leaders: B120(B,6DwD)
[2m2025-03-25T07:55:30.467929Z[0m [32m INFO[0m [1mnode[0m[1m{[0m[3mname[0m[2m=[0mk#8dcff6d1..[1m}[0m[2m:[0m [2mconsensus_core::commit_observer[0m[2m:[0m [2mconsensus/core/src/commit_observer.rs[0m[2m:[0m[2m173:[0m Consensus commit C112(Q6W4) with leader B120(B,6DwD) has 2 blocks
[2m2025-03-25T07:55:30.467930Z[0m [32m INFO[0m [1mnode[0m[1m{[0m[3mname[0m[2m=[0mk#addeef94..[1m}[0m[2m:[0m [2mconsensus_core::commit_observer[0m[2m:[0m [2mconsensus/core/src/commit_observer.rs[0m[2m:[0m[2m173:[0m Consensus commit C112(Q6W4) with leader B120(B,6DwD) has 2 blocks
[2m2025-03-25T07:55:30.468098Z[0m [32m INFO[0m [1mnode[0m[1m{[0m[3mname[0m[2m=[0mk#addeef94..[1m}[0m[2m:[0m [2msui_core::consensus_handler[0m[2m:[0m [2mcrates/sui-core/src/consensus_handler.rs[0m[2m:[0m[2m232:[0m Received consensus output [3mconsensus_commit[0m[2m=[0mCommittedSubDag(leader=B120(B,6DwD), ref=C112(Q6W4), blocks=[L99H, 6DwD]) [3mepoch[0m[2m=[0m1
[2m2025-03-25T07:55:30.468098Z[0m [32m INFO[0m [1mnode[0m[1m{[0m[3mname[0m[2m=[0mk#8dcff6d1..[1m}[0m[2m:[0m [2msui_core::consensus_handler[0m[2m:[0m [2mcrates/sui-core/src/consensus_handler.rs[0m[2m:[0m[2m232:[0m Received consensus output [3mconsensus_commit[0m[2m=[0mCommittedSubDag(leader=B120(B,6DwD), ref=C112(Q6W4), blocks=[L99H, 6DwD]) [3mepoch[0m[2m=[0m1
[2m2025-03-25T07:55:30.470458Z[0m [32m INFO[0m [1mnode[0m[1m{[0m[3mname[0m[2m=[0mk#99f25ef6..[1m}[0m[2m:[0m [2mconsensus_core::core[0m[2m:[0m [2mconsensus/core/src/core.rs[0m[2m:[0m[2m945:[0m Included 3 ancestors & excluded 0 ancestors for proposal in round 122
[2m2025-03-25T07:55:30.471095Z[0m [32m INFO[0m [1mnode[0m[1m{[0m[3mname[0m[2m=[0mk#99f25ef6..[1m}[0m[2m:[0m [2mconsensus_core::core[0m[2m:[0m [2mconsensus/core/src/core.rs[0m[2m:[0m[2m531:[0m Created block B122(B,iIp6mId16k66piIlqwjq+GdRb2IJwDsaEXFLb4NXZiI=)(1742889330470ms;[B120(B,6DwDTPWbcLoaSkBlpn99aetKmobYoLm8Vp4j3z5h6EM=), B121(A,uqWQgc8yWYh5jhc0X/4SMY1GHHq8NtfAPYe2FR6VByw=), B121(C,W4rUOx6qlMvQ97KWUvWhJfKmNyCeREBd+YnFc2Lnzkk=)];2t;2c) for round 122
[2m2025-03-25T07:55:30.471351Z[0m [32m INFO[0m [1mnode[0m[1m{[0m[3mname[0m[2m=[0mk#99f25ef6..[1m}[0m[2m:[0m [2mconsensus_core::core[0m[2m:[0m [2mconsensus/core/src/core.rs[0m[2m:[0m[2m630:[0m Committing 1 leaders: B120(B,6DwD)
[2m2025-03-25T07:55:30.471512Z[0m [32m INFO[0m [1mnode[0m[1m{[0m[3mname[0m[2m=[0mk#99f25ef6..[1m}[0m[2m:[0m [2mconsensus_core::commit_observer[0m[2m:[0m [2mconsensus/core/src/commit_observer.rs[0m[2m:[0m[2m173:[0m Consensus commit C112(Q6W4) with leader B120(B,6DwD) has 2 blocks
[2m2025-03-25T07:55:30.473603Z[0m [32m INFO[0m [1mnode[0m[1m{[0m[3mname[0m[2m=[0mk#99f25ef6..[1m}[0m[2m:[0m [2msui_core::checkpoints::checkpoint_output[0m[2m:[0m [2mcrates/sui-core/src/checkpoints/checkpoint_output.rs[0m[2m:[0m[2m196:[0m Certified checkpoint with sequence 324 and digest LNo1UdEdm9UuKiHcvWMzqiBKecvZ47MWSaVMBd2Gq6z
[2m2025-03-25T07:55:30.473733Z[0m [32m INFO[0m [1mnode[0m[1m{[0m[3mname[0m[2m=[0mk#99f25ef6..[1m}[0m[2m:[0m [2msui_core::consensus_handler[0m[2m:[0m [2mcrates/sui-core/src/consensus_handler.rs[0m[2m:[0m[2m232:[0m Received consensus output [3mconsensus_commit[0m[2m=[0mCommittedSubDag(leader=B120(B,6DwD), ref=C112(Q6W4), blocks=[L99H, 6DwD]) [3mepoch[0m[2m=[0m1
[2m2025-03-25T07:55:30.493706Z[0m [32m INFO[0m [1mnode[0m[1m{[0m[3mname[0m[2m=[0mk#99f25ef6..[1m}[0m[2m:[0m [2msui_core::checkpoints::checkpoint_executor[0m[2m:[0m [2mcrates/sui-core/src/checkpoints/checkpoint_executor/mod.rs[0m[2m:[0m[2m332:[0m Received checkpoint summary from state sync [3msequence_number[0m[2m=[0m324
[2m2025-03-25T07:55:30.502769Z[0m [32m INFO[0m [1mnode[0m[1m{[0m[3mname[0m[2m=[0mk#99f25ef6..[1m}[0m[2m:[0m [2msui_core::state_accumulator[0m[2m:[0m [2mcrates/sui-core/src/state_accumulator.rs[0m[2m:[0m[2m675:[0m accumulating running root for checkpoint 324
[2m2025-03-25T07:55:30.526775Z[0m [32m INFO[0m [1mnode[0m[1m{[0m[3mname[0m[2m=[0mk#8dcff6d1..[1m}[0m[2m:[0m [2msui_core::checkpoints[0m[2m:[0m [2mcrates/sui-core/src/checkpoints/mod.rs[0m[2m:[0m[2m1326:[0m Creating checkpoint(s) for 1 transactions [3mnext_checkpoint_seq[0m[2m=[0m325 [3mcheckpoint_timestamp[0m[2m=[0m1742889329947
[2m2025-03-25T07:55:30.526775Z[0m [32m INFO[0m [1mnode[0m[1m{[0m[3mname[0m[2m=[0mk#addeef94..[1m}[0m[2m:[0m [2msui_core::checkpoints[0m[2m:[0m [2mcrates/sui-core/src/checkpoints/mod.rs[0m[2m:[0m[2m1326:[0m Creating checkpoint(s) for 1 transactions [3mnext_checkpoint_seq[0m[2m=[0m325 [3mcheckpoint_timestamp[0m[2m=[0m1742889329947
[2m2025-03-25T07:55:30.527007Z[0m [32m INFO[0m [1mnode[0m[1m{[0m[3mname[0m[2m=[0mk#8dcff6d1..[1m}[0m[2m:[0m [2msui_core::checkpoints::checkpoint_output[0m[2m:[0m [2mcrates/sui-core/src/checkpoints/checkpoint_output.rs[0m[2m:[0m[2m149:[0m Creating checkpoint CheckpointDigest(FbZ4b1LNxH3ZhAaKHEHg6xEtBgvTe7HTkTgSoGuQizoo) at epoch 1, sequence 325, previous digest Some(CheckpointDigest(LNo1UdEdm9UuKiHcvWMzqiBKecvZ47MWSaVMBd2Gq6z)), transactions count 1, content digest CheckpointContentsDigest(3fuVCydxoSKMiWJxjyWLB7YaYdqBzU7Scs9A5HuLXtXE), end_of_epoch_data None
[2m2025-03-25T07:55:30.527007Z[0m [32m INFO[0m [1mnode[0m[1m{[0m[3mname[0m[2m=[0mk#addeef94..[1m}[0m[2m:[0m [2msui_core::checkpoints::checkpoint_output[0m[2m:[0m [2mcrates/sui-core/src/checkpoints/checkpoint_output.rs[0m[2m:[0m[2m149:[0m Creating checkpoint CheckpointDigest(FbZ4b1LNxH3ZhAaKHEHg6xEtBgvTe7HTkTgSoGuQizoo) at epoch 1, sequence 325, previous digest Some(CheckpointDigest(LNo1UdEdm9UuKiHcvWMzqiBKecvZ47MWSaVMBd2Gq6z)), transactions count 1, content digest CheckpointContentsDigest(3fuVCydxoSKMiWJxjyWLB7YaYdqBzU7Scs9A5HuLXtXE), end_of_epoch_data None
[2m2025-03-25T07:55:30.530457Z[0m [32m INFO[0m [1mnode[0m[1m{[0m[3mname[0m[2m=[0mk#8dcff6d1..[1m}[0m[2m:[0m [2msui_core::checkpoints::checkpoint_output[0m[2m:[0m [2mcrates/sui-core/src/checkpoints/checkpoint_output.rs[0m[2m:[0m[2m196:[0m Certified checkpoint with sequence 324 and digest LNo1UdEdm9UuKiHcvWMzqiBKecvZ47MWSaVMBd2Gq6z
[2m2025-03-25T07:55:30.530694Z[0m [32m INFO[0m [1mnode[0m[1m{[0m[3mname[0m[2m=[0mk#99f25ef6..[1m}[0m[2m:[0m [2msui_core::checkpoints[0m[2m:[0m [2mcrates/sui-core/src/checkpoints/mod.rs[0m[2m:[0m[2m1326:[0m Creating checkpoint(s) for 1 transactions [3mnext_checkpoint_seq[0m[2m=[0m325 [3mcheckpoint_timestamp[0m[2m=[0m1742889329947
[2m2025-03-25T07:55:30.530869Z[0m [32m INFO[0m [1mnode[0m[1m{[0m[3mname[0m[2m=[0mk#99f25ef6..[1m}[0m[2m:[0m [2msui_core::checkpoints::checkpoint_output[0m[2m:[0m [2mcrates/sui-core/src/checkpoints/checkpoint_output.rs[0m[2m:[0m[2m149:[0m Creating checkpoint CheckpointDigest(FbZ4b1LNxH3ZhAaKHEHg6xEtBgvTe7HTkTgSoGuQizoo) at epoch 1, sequence 325, previous digest Some(CheckpointDigest(LNo1UdEdm9UuKiHcvWMzqiBKecvZ47MWSaVMBd2Gq6z)), transactions count 1, content digest CheckpointContentsDigest(3fuVCydxoSKMiWJxjyWLB7YaYdqBzU7Scs9A5HuLXtXE), end_of_epoch_data None
[2m2025-03-25T07:55:30.531040Z[0m [32m INFO[0m [1mnode[0m[1m{[0m[3mname[0m[2m=[0mk#8dcff6d1..[1m}[0m[2m:[0m [2msui_core::checkpoints::checkpoint_executor[0m[2m:[0m [2mcrates/sui-core/src/checkpoints/checkpoint_executor/mod.rs[0m[2m:[0m[2m332:[0m Received checkpoint summary from state sync [3msequence_number[0m[2m=[0m324
[2m2025-03-25T07:55:30.534747Z[0m [32m INFO[0m [1mnode[0m[1m{[0m[3mname[0m[2m=[0mk#8dcff6d1..[1m}[0m[2m:[0m [2msui_core::state_accumulator[0m[2m:[0m [2mcrates/sui-core/src/state_accumulator.rs[0m[2m:[0m[2m675:[0m accumulating running root for checkpoint 324
[2m2025-03-25T07:55:30.552047Z[0m [32m INFO[0m [1mnode[0m[1m{[0m[3mname[0m[2m=[0mk#b3f3cbb4..[1m}[0m[2m:[0m [2msui_core::checkpoints::checkpoint_executor[0m[2m:[0m [2mcrates/sui-core/src/checkpoints/checkpoint_executor/mod.rs[0m[2m:[0m[2m332:[0m Received checkpoint summary from state sync [3msequence_number[0m[2m=[0m324
[2m2025-03-25T07:55:30.595147Z[0m [32m INFO[0m [1mnode[0m[1m{[0m[3mname[0m[2m=[0mk#addeef94..[1m}[0m[2m:[0m [2msui_core::checkpoints::checkpoint_executor[0m[2m:[0m [2mcrates/sui-core/src/checkpoints/checkpoint_executor/mod.rs[0m[2m:[0m[2m332:[0m Received checkpoint summary from state sync [3msequence_number[0m[2m=[0m324
[2m2025-03-25T07:55:30.596455Z[0m [32m INFO[0m [1mnode[0m[1m{[0m[3mname[0m[2m=[0mk#addeef94..[1m}[0m[2m:[0m [2msui_core::state_accumulator[0m[2m:[0m [2mcrates/sui-core/src/state_accumulator.rs[0m[2m:[0m[2m675:[0m accumulating running root for checkpoint 324
[2m2025-03-25T07:55:30.641741Z[0m [32m INFO[0m [1mnode[0m[1m{[0m[3mname[0m[2m=[0mk#b3f3cbb4..[1m}[0m[2m:[0m [2msui_core::state_accumulator[0m[2m:[0m [2mcrates/sui-core/src/state_accumulator.rs[0m[2m:[0m[2m675:[0m accumulating running root for checkpoint 324
[2m2025-03-25T07:55:30.720282Z[0m [32m INFO[0m [1mnode[0m[1m{[0m[3mname[0m[2m=[0mk#8dcff6d1..[1m}[0m[2m:[0m [2mconsensus_core::core[0m[2m:[0m [2mconsensus/core/src/core.rs[0m[2m:[0m[2m945:[0m Included 3 ancestors & excluded 0 ancestors for proposal in round 123
[2m2025-03-25T07:55:30.720509Z[0m [32m INFO[0m [1mnode[0m[1m{[0m[3mname[0m[2m=[0mk#addeef94..[1m}[0m[2m:[0m [2mconsensus_core::core[0m[2m:[0m [2mconsensus/core/src/core.rs[0m[2m:[0m[2m945:[0m Included 3 ancestors & excluded 0 ancestors for proposal in round 123
[2m2025-03-25T07:55:30.720833Z[0m [32m INFO[0m [1mnode[0m[1m{[0m[3mname[0m[2m=[0mk#8dcff6d1..[1m}[0m[2m:[0m [2mconsensus_core::core[0m[2m:[0m [2mconsensus/core/src/core.rs[0m[2m:[0m[2m531:[0m Created block B123(A,zALhQ24lXdKLanF2lCja6oAxhVuVO19j+3lC2viO4aQ=)(1742889330720ms;[B122(A,fFnzFxN7DYe16allx1dTzuh5pKoNrH5Bw9BboObJNXE=), B122(B,iIp6mId16k66piIlqwjq+GdRb2IJwDsaEXFLb4NXZiI=), B122(C,EMktb6qfcADOwYUW2M34TilcYFAzHiBArHtHCzVsxPY=)];1t;1c) for round 123
[2m2025-03-25T07:55:30.720891Z[0m [32m INFO[0m [1mnode[0m[1m{[0m[3mname[0m[2m=[0mk#addeef94..[1m}[0m[2m:[0m [2mconsensus_core::core[0m[2m:[0m [2mconsensus/core/src/core.rs[0m[2m:[0m[2m531:[0m Created block B123(C,Lo8ecHylSdhSL8dy42zZkDCOYrNvqxatKtX++bYyZCs=)(1742889330720ms;[B122(C,EMktb6qfcADOwYUW2M34TilcYFAzHiBArHtHCzVsxPY=), B122(A,fFnzFxN7DYe16allx1dTzuh5pKoNrH5Bw9BboObJNXE=), B122(B,iIp6mId16k66piIlqwjq+GdRb2IJwDsaEXFLb4NXZiI=)];1t;1c) for round 123
[2m2025-03-25T07:55:30.726092Z[0m [32m INFO[0m [1mnode[0m[1m{[0m[3mname[0m[2m=[0mk#99f25ef6..[1m}[0m[2m:[0m [2msui_core::checkpoints::checkpoint_output[0m[2m:[0m [2mcrates/sui-core/src/checkpoints/checkpoint_output.rs[0m[2m:[0m[2m196:[0m Certified checkpoint with sequence 325 and digest FbZ4b1LNxH3ZhAaKHEHg6xEtBgvTe7HTkTgSoGuQizoo
[2m2025-03-25T07:55:30.726623Z[0m [32m INFO[0m [1mnode[0m[1m{[0m[3mname[0m[2m=[0mk#99f25ef6..[1m}[0m[2m:[0m [2msui_core::checkpoints::checkpoint_executor[0m[2m:[0m [2mcrates/sui-core/src/checkpoints/checkpoint_executor/mod.rs[0m[2m:[0m[2m332:[0m Received checkpoint summary from state sync [3msequence_number[0m[2m=[0m325
[2m2025-03-25T07:55:30.727990Z[0m [32m INFO[0m [1mnode[0m[1m{[0m[3mname[0m[2m=[0mk#99f25ef6..[1m}[0m[2m:[0m [2msui_core::state_accumulator[0m[2m:[0m [2mcrates/sui-core/src/state_accumulator.rs[0m[2m:[0m[2m675:[0m accumulating running root for checkpoint 325
[2m2025-03-25T07:55:30.730215Z[0m [32m INFO[0m [1mnode[0m[1m{[0m[3mname[0m[2m=[0mk#addeef94..[1m}[0m[2m:[0m [2msui_core::checkpoints::checkpoint_executor[0m[2m:[0m [2mcrates/sui-core/src/checkpoints/checkpoint_executor/mod.rs[0m[2m:[0m[2m332:[0m Received checkpoint summary from state sync [3msequence_number[0m[2m=[0m325
[2m2025-03-25T07:55:30.730311Z[0m [32m INFO[0m [1mnode[0m[1m{[0m[3mname[0m[2m=[0mk#8dcff6d1..[1m}[0m[2m:[0m [2msui_core::checkpoints::checkpoint_executor[0m[2m:[0m [2mcrates/sui-core/src/checkpoints/checkpoint_executor/mod.rs[0m[2m:[0m[2m332:[0m Received checkpoint summary from state sync [3msequence_number[0m[2m=[0m324
[2m2025-03-25T07:55:30.730413Z[0m [32m INFO[0m [1mnode[0m[1m{[0m[3mname[0m[2m=[0mk#8dcff6d1..[1m}[0m[2m:[0m [2msui_core::checkpoints::checkpoint_executor[0m[2m:[0m [2mcrates/sui-core/src/checkpoints/checkpoint_executor/mod.rs[0m[2m:[0m[2m332:[0m Received checkpoint summary from state sync [3msequence_number[0m[2m=[0m325
[2m2025-03-25T07:55:30.731092Z[0m [32m INFO[0m [1mnode[0m[1m{[0m[3mname[0m[2m=[0mk#addeef94..[1m}[0m[2m:[0m [2msui_core::state_accumulator[0m[2m:[0m [2mcrates/sui-core/src/state_accumulator.rs[0m[2m:[0m[2m675:[0m accumulating running root for checkpoint 325
[2m2025-03-25T07:55:30.731250Z[0m [32m INFO[0m [1mnode[0m[1m{[0m[3mname[0m[2m=[0mk#8dcff6d1..[1m}[0m[2m:[0m [2msui_core::state_accumulator[0m[2m:[0m [2mcrates/sui-core/src/state_accumulator.rs[0m[2m:[0m[2m675:[0m accumulating running root for checkpoint 325
[2m2025-03-25T07:55:30.731346Z[0m [32m INFO[0m [1mnode[0m[1m{[0m[3mname[0m[2m=[0mk#b3f3cbb4..[1m}[0m[2m:[0m [2msui_core::checkpoints::checkpoint_executor[0m[2m:[0m [2mcrates/sui-core/src/checkpoints/checkpoint_executor/mod.rs[0m[2m:[0m[2m332:[0m Received checkpoint summary from state sync [3msequence_number[0m[2m=[0m325
[2m2025-03-25T07:55:30.760517Z[0m [32m INFO[0m [1mnode[0m[1m{[0m[3mname[0m[2m=[0mk#b3f3cbb4..[1m}[0m[2m:[0m [2msui_core::state_accumulator[0m[2m:[0m [2mcrates/sui-core/src/state_accumulator.rs[0m[2m:[0m[2m675:[0m accumulating running root for checkpoint 325
[2m2025-03-25T07:55:30.975148Z[0m [32m INFO[0m [1mnode[0m[1m{[0m[3mname[0m[2m=[0mk#8dcff6d1..[1m}[0m[2m:[0m [2mconsensus_core::core[0m[2m:[0m [2mconsensus/core/src/core.rs[0m[2m:[0m[2m945:[0m Included 2 ancestors & excluded 0 ancestors for proposal in round 124
[2m2025-03-25T07:55:30.975148Z[0m [32m INFO[0m [1mnode[0m[1m{[0m[3mname[0m[2m=[0mk#addeef94..[1m}[0m[2m:[0m [2mconsensus_core::core[0m[2m:[0m [2mconsensus/core/src/core.rs[0m[2m:[0m[2m945:[0m Included 2 ancestors & excluded 0 ancestors for proposal in round 124
[2m2025-03-25T07:55:30.977492Z[0m [32m INFO[0m [1mnode[0m[1m{[0m[3mname[0m[2m=[0mk#8dcff6d1..[1m}[0m[2m:[0m [2mconsensus_core::core[0m[2m:[0m [2mconsensus/core/src/core.rs[0m[2m:[0m[2m531:[0m Created block B124(A,5tll6ObmO5hxXTP4TzDEDCnHkQRpSMXonSxjRFYKGvE=)(1742889330975ms;[B123(A,zALhQ24lXdKLanF2lCja6oAxhVuVO19j+3lC2viO4aQ=), B123(C,Lo8ecHylSdhSL8dy42zZkDCOYrNvqxatKtX++bYyZCs=)];0t;0c) for round 124
[2m2025-03-25T07:55:30.977492Z[0m [32m INFO[0m [1mnode[0m[1m{[0m[3mname[0m[2m=[0mk#addeef94..[1m}[0m[2m:[0m [2mconsensus_core::core[0m[2m:[0m [2mconsensus/core/src/core.rs[0m[2m:[0m[2m531:[0m Created block B124(C,tDReHvGPD3v40R0lHsGt4+Bwk++nAvl80bl07Gz5Cnc=)(1742889330975ms;[B123(C,Lo8ecHylSdhSL8dy42zZkDCOYrNvqxatKtX++bYyZCs=), B123(A,zALhQ24lXdKLanF2lCja6oAxhVuVO19j+3lC2viO4aQ=)];0t;0c) for round 124
[2m2025-03-25T07:55:30.979087Z[0m [32m INFO[0m [1mnode[0m[1m{[0m[3mname[0m[2m=[0mk#99f25ef6..[1m}[0m[2m:[0m [2mconsensus_core::core[0m[2m:[0m [2mconsensus/core/src/core.rs[0m[2m:[0m[2m945:[0m Included 3 ancestors & excluded 0 ancestors for proposal in round 124
[2m2025-03-25T07:55:30.980523Z[0m [32m INFO[0m [1mnode[0m[1m{[0m[3mname[0m[2m=[0mk#99f25ef6..[1m}[0m[2m:[0m [2mconsensus_core::core[0m[2m:[0m [2mconsensus/core/src/core.rs[0m[2m:[0m[2m531:[0m Created block B124(B,k0T1bRAjqWMz1No27nouIwTkWHlAA9UK53VmrXgTGuU=)(1742889330979ms;[B122(B,iIp6mId16k66piIlqwjq+GdRb2IJwDsaEXFLb4NXZiI=), B123(A,zALhQ24lXdKLanF2lCja6oAxhVuVO19j+3lC2viO4aQ=), B123(C,Lo8ecHylSdhSL8dy42zZkDCOYrNvqxatKtX++bYyZCs=)];1t;1c) for round 124
[2m2025-03-25T07:55:30.980828Z[0m [32m INFO[0m [1mnode[0m[1m{[0m[3mname[0m[2m=[0mk#8dcff6d1..[1m}[0m[2m:[0m [2mconsensus_core::core[0m[2m:[0m [2mconsensus/core/src/core.rs[0m[2m:[0m[2m630:[0m Committing 1 leaders: B122(A,fFnz)
[2m2025-03-25T07:55:30.980828Z[0m [32m INFO[0m [1mnode[0m[1m{[0m[3mname[0m[2m=[0mk#addeef94..[1m}[0m[2m:[0m [2mconsensus_core::core[0m[2m:[0m [2mconsensus/core/src/core.rs[0m[2m:[0m[2m630:[0m Committing 1 leaders: B122(A,fFnz)
[2m2025-03-25T07:55:30.981346Z[0m [32m INFO[0m [1mnode[0m[1m{[0m[3mname[0m[2m=[0mk#8dcff6d1..[1m}[0m[2m:[0m [2mconsensus_core::commit_observer[0m[2m:[0m [2mconsensus/core/src/commit_observer.rs[0m[2m:[0m[2m173:[0m Consensus commit C113(/YzY) with leader B122(A,fFnz) has 5 blocks
[2m2025-03-25T07:55:30.981346Z[0m [32m INFO[0m [1mnode[0m[1m{[0m[3mname[0m[2m=[0mk#addeef94..[1m}[0m[2m:[0m [2mconsensus_core::commit_observer[0m[2m:[0m [2mconsensus/core/src/commit_observer.rs[0m[2m:[0m[2m173:[0m Consensus commit C113(/YzY) with leader B122(A,fFnz) has 5 blocks
[2m2025-03-25T07:55:30.981775Z[0m [32m INFO[0m [1mnode[0m[1m{[0m[3mname[0m[2m=[0mk#8dcff6d1..[1m}[0m[2m:[0m [2msui_core::consensus_handler[0m[2m:[0m [2mcrates/sui-core/src/consensus_handler.rs[0m[2m:[0m[2m232:[0m Received consensus output [3mconsensus_commit[0m[2m=[0mCommittedSubDag(leader=B122(A,fFnz), ref=C113(/YzY), blocks=[zVyV, jOzK, uqWQ, W4rU, fFnz]) [3mepoch[0m[2m=[0m1
[2m2025-03-25T07:55:30.981775Z[0m [32m INFO[0m [1mnode[0m[1m{[0m[3mname[0m[2m=[0mk#addeef94..[1m}[0m[2m:[0m [2msui_core::consensus_handler[0m[2m:[0m [2mcrates/sui-core/src/consensus_handler.rs[0m[2m:[0m[2m232:[0m Received consensus output [3mconsensus_commit[0m[2m=[0mCommittedSubDag(leader=B122(A,fFnz), ref=C113(/YzY), blocks=[zVyV, jOzK, uqWQ, W4rU, fFnz]) [3mepoch[0m[2m=[0m1
[2m2025-03-25T07:55:30.984692Z[0m [32m INFO[0m [1mnode[0m[1m{[0m[3mname[0m[2m=[0mk#99f25ef6..[1m}[0m[2m:[0m [2mconsensus_core::core[0m[2m:[0m [2mconsensus/core/src/core.rs[0m[2m:[0m[2m630:[0m Committing 1 leaders: B122(A,fFnz)
[2m2025-03-25T07:55:30.985113Z[0m [32m INFO[0m [1mnode[0m[1m{[0m[3mname[0m[2m=[0mk#99f25ef6..[1m}[0m[2m:[0m [2mconsensus_core::commit_observer[0m[2m:[0m [2mconsensus/core/src/commit_observer.rs[0m[2m:[0m[2m173:[0m Consensus commit C113(/YzY) with leader B122(A,fFnz) has 5 blocks
[2m2025-03-25T07:55:30.985731Z[0m [32m INFO[0m [1mnode[0m[1m{[0m[3mname[0m[2m=[0mk#99f25ef6..[1m}[0m[2m:[0m [2msui_core::consensus_handler[0m[2m:[0m [2mcrates/sui-core/src/consensus_handler.rs[0m[2m:[0m[2m232:[0m Received consensus output [3mconsensus_commit[0m[2m=[0mCommittedSubDag(leader=B122(A,fFnz), ref=C113(/YzY), blocks=[zVyV, jOzK, uqWQ, W4rU, fFnz]) [3mepoch[0m[2m=[0m1
[2m2025-03-25T07:55:31.061451Z[0m [32m INFO[0m [1mnode[0m[1m{[0m[3mname[0m[2m=[0mk#addeef94..[1m}[0m[2m:[0m [2msui_core::checkpoints[0m[2m:[0m [2mcrates/sui-core/src/checkpoints/mod.rs[0m[2m:[0m[2m1326:[0m Creating checkpoint(s) for 2 transactions [3mnext_checkpoint_seq[0m[2m=[0m326 [3mcheckpoint_timestamp[0m[2m=[0m1742889330462
[2m2025-03-25T07:55:31.061451Z[0m [32m INFO[0m [1mnode[0m[1m{[0m[3mname[0m[2m=[0mk#99f25ef6..[1m}[0m[2m:[0m [2msui_core::checkpoints[0m[2m:[0m [2mcrates/sui-core/src/checkpoints/mod.rs[0m[2m:[0m[2m1326:[0m Creating checkpoint(s) for 2 transactions [3mnext_checkpoint_seq[0m[2m=[0m326 [3mcheckpoint_timestamp[0m[2m=[0m1742889330462
[2m2025-03-25T07:55:31.061451Z[0m [32m INFO[0m [1mnode[0m[1m{[0m[3mname[0m[2m=[0mk#8dcff6d1..[1m}[0m[2m:[0m [2msui_core::checkpoints[0m[2m:[0m [2mcrates/sui-core/src/checkpoints/mod.rs[0m[2m:[0m[2m1326:[0m Creating checkpoint(s) for 2 transactions [3mnext_checkpoint_seq[0m[2m=[0m326 [3mcheckpoint_timestamp[0m[2m=[0m1742889330462
[2m2025-03-25T07:55:31.061879Z[0m [32m INFO[0m [1mnode[0m[1m{[0m[3mname[0m[2m=[0mk#8dcff6d1..[1m}[0m[2m:[0m [2msui_core::checkpoints::checkpoint_output[0m[2m:[0m [2mcrates/sui-core/src/checkpoints/checkpoint_output.rs[0m[2m:[0m[2m149:[0m Creating checkpoint CheckpointDigest(7jBptbZg3q1XpLtHuLt3eVnec2yMmNCitr9awXAkEjyG) at epoch 1, sequence 326, previous digest Some(CheckpointDigest(FbZ4b1LNxH3ZhAaKHEHg6xEtBgvTe7HTkTgSoGuQizoo)), transactions count 2, content digest CheckpointContentsDigest(BT1nHsevvPwUewcNb3BNoBH4GUNhQFS12My98wSB79CB), end_of_epoch_data None
[2m2025-03-25T07:55:31.061879Z[0m [32m INFO[0m [1mnode[0m[1m{[0m[3mname[0m[2m=[0mk#addeef94..[1m}[0m[2m:[0m [2msui_core::checkpoints::checkpoint_output[0m[2m:[0m [2mcrates/sui-core/src/checkpoints/checkpoint_output.rs[0m[2m:[0m[2m149:[0m Creating checkpoint CheckpointDigest(7jBptbZg3q1XpLtHuLt3eVnec2yMmNCitr9awXAkEjyG) at epoch 1, sequence 326, previous digest Some(CheckpointDigest(FbZ4b1LNxH3ZhAaKHEHg6xEtBgvTe7HTkTgSoGuQizoo)), transactions count 2, content digest CheckpointContentsDigest(BT1nHsevvPwUewcNb3BNoBH4GUNhQFS12My98wSB79CB), end_of_epoch_data None
[2m2025-03-25T07:55:31.061879Z[0m [32m INFO[0m [1mnode[0m[1m{[0m[3mname[0m[2m=[0mk#99f25ef6..[1m}[0m[2m:[0m [2msui_core::checkpoints::checkpoint_output[0m[2m:[0m [2mcrates/sui-core/src/checkpoints/checkpoint_output.rs[0m[2m:[0m[2m149:[0m Creating checkpoint CheckpointDigest(7jBptbZg3q1XpLtHuLt3eVnec2yMmNCitr9awXAkEjyG) at epoch 1, sequence 326, previous digest Some(CheckpointDigest(FbZ4b1LNxH3ZhAaKHEHg6xEtBgvTe7HTkTgSoGuQizoo)), transactions count 2, content digest CheckpointContentsDigest(BT1nHsevvPwUewcNb3BNoBH4GUNhQFS12My98wSB79CB), end_of_epoch_data None
[2m2025-03-25T07:55:31.233157Z[0m [32m INFO[0m [1mnode[0m[1m{[0m[3mname[0m[2m=[0mk#8dcff6d1..[1m}[0m[2m:[0m [2mconsensus_core::core[0m[2m:[0m [2mconsensus/core/src/core.rs[0m[2m:[0m[2m945:[0m Included 3 ancestors & excluded 0 ancestors for proposal in round 125
[2m2025-03-25T07:55:31.233806Z[0m [32m INFO[0m [1mnode[0m[1m{[0m[3mname[0m[2m=[0mk#8dcff6d1..[1m}[0m[2m:[0m [2mconsensus_core::core[0m[2m:[0m [2mconsensus/core/src/core.rs[0m[2m:[0m[2m531:[0m Created block B125(A,KXGlyiiVS/LnzMiQsapn17HRpdOqqM3YlYEnY5imn3c=)(1742889331233ms;[B124(A,5tll6ObmO5hxXTP4TzDEDCnHkQRpSMXonSxjRFYKGvE=), B124(B,k0T1bRAjqWMz1No27nouIwTkWHlAA9UK53VmrXgTGuU=), B124(C,tDReHvGPD3v40R0lHsGt4+Bwk++nAvl80bl07Gz5Cnc=)];1t;1c) for round 125
[2m2025-03-25T07:55:31.236361Z[0m [32m INFO[0m [1mnode[0m[1m{[0m[3mname[0m[2m=[0mk#addeef94..[1m}[0m[2m:[0m [2mconsensus_core::core[0m[2m:[0m [2mconsensus/core/src/core.rs[0m[2m:[0m[2m945:[0m Included 3 ancestors & excluded 0 ancestors for proposal in round 125
[2m2025-03-25T07:55:31.236757Z[0m [32m INFO[0m [1mnode[0m[1m{[0m[3mname[0m[2m=[0mk#99f25ef6..[1m}[0m[2m:[0m [2mconsensus_core::core[0m[2m:[0m [2mconsensus/core/src/core.rs[0m[2m:[0m[2m945:[0m Included 3 ancestors & excluded 0 ancestors for proposal in round 125
[2m2025-03-25T07:55:31.236791Z[0m [32m INFO[0m [1mnode[0m[1m{[0m[3mname[0m[2m=[0mk#addeef94..[1m}[0m[2m:[0m [2mconsensus_core::core[0m[2m:[0m [2mconsensus/core/src/core.rs[0m[2m:[0m[2m531:[0m Created block B125(C,4OmyTeoy8AFosfN0VJ//EZadCI4FH2sxEijSWSD7kxw=)(1742889331236ms;[B124(C,tDReHvGPD3v40R0lHsGt4+Bwk++nAvl80bl07Gz5Cnc=), B124(A,5tll6ObmO5hxXTP4TzDEDCnHkQRpSMXonSxjRFYKGvE=), B124(B,k0T1bRAjqWMz1No27nouIwTkWHlAA9UK53VmrXgTGuU=)];1t;1c) for round 125
[2m2025-03-25T07:55:31.237005Z[0m [32m INFO[0m [1mnode[0m[1m{[0m[3mname[0m[2m=[0mk#addeef94..[1m}[0m[2m:[0m [2mconsensus_core::core[0m[2m:[0m [2mconsensus/core/src/core.rs[0m[2m:[0m[2m630:[0m Committing 1 leaders: B123(C,Lo8e)
[2m2025-03-25T07:55:31.237137Z[0m [32m INFO[0m [1mnode[0m[1m{[0m[3mname[0m[2m=[0mk#addeef94..[1m}[0m[2m:[0m [2mconsensus_core::commit_observer[0m[2m:[0m [2mconsensus/core/src/commit_observer.rs[0m[2m:[0m[2m173:[0m Consensus commit C114(soQ4) with leader B123(C,Lo8e) has 3 blocks
[2m2025-03-25T07:55:31.237183Z[0m [32m INFO[0m [1mnode[0m[1m{[0m[3mname[0m[2m=[0mk#99f25ef6..[1m}[0m[2m:[0m [2mconsensus_core::core[0m[2m:[0m [2mconsensus/core/src/core.rs[0m[2m:[0m[2m531:[0m Created block B125(B,MdePW+6ZEyfRB5SPuQwRfHiqk/wgyi4wrQ5BSReIwmY=)(1742889331236ms;[B124(B,k0T1bRAjqWMz1No27nouIwTkWHlAA9UK53VmrXgTGuU=), B124(A,5tll6ObmO5hxXTP4TzDEDCnHkQRpSMXonSxjRFYKGvE=), B124(C,tDReHvGPD3v40R0lHsGt4+Bwk++nAvl80bl07Gz5Cnc=)];1t;1c) for round 125
[2m2025-03-25T07:55:31.237472Z[0m [32m INFO[0m [1mnode[0m[1m{[0m[3mname[0m[2m=[0mk#addeef94..[1m}[0m[2m:[0m [2msui_core::consensus_handler[0m[2m:[0m [2mcrates/sui-core/src/consensus_handler.rs[0m[2m:[0m[2m232:[0m Received consensus output [3mconsensus_commit[0m[2m=[0mCommittedSubDag(leader=B123(C,Lo8e), ref=C114(soQ4), blocks=[iIp6, EMkt, Lo8e]) [3mepoch[0m[2m=[0m1
[2m2025-03-25T07:55:31.240840Z[0m [32m INFO[0m [1mnode[0m[1m{[0m[3mname[0m[2m=[0mk#8dcff6d1..[1m}[0m[2m:[0m [2mconsensus_core::core[0m[2m:[0m [2mconsensus/core/src/core.rs[0m[2m:[0m[2m630:[0m Committing 1 leaders: B123(C,Lo8e)
[2m2025-03-25T07:55:31.240979Z[0m [32m INFO[0m [1mnode[0m[1m{[0m[3mname[0m[2m=[0mk#8dcff6d1..[1m}[0m[2m:[0m [2mconsensus_core::commit_observer[0m[2m:[0m [2mconsensus/core/src/commit_observer.rs[0m[2m:[0m[2m173:[0m Consensus commit C114(soQ4) with leader B123(C,Lo8e) has 3 blocks
[2m2025-03-25T07:55:31.241081Z[0m [32m INFO[0m [1mnode[0m[1m{[0m[3mname[0m[2m=[0mk#8dcff6d1..[1m}[0m[2m:[0m [2msui_core::consensus_handler[0m[2m:[0m [2mcrates/sui-core/src/consensus_handler.rs[0m[2m:[0m[2m232:[0m Received consensus output [3mconsensus_commit[0m[2m=[0mCommittedSubDag(leader=B123(C,Lo8e), ref=C114(soQ4), blocks=[iIp6, EMkt, Lo8e]) [3mepoch[0m[2m=[0m1
[2m2025-03-25T07:55:31.242015Z[0m [32m INFO[0m [1mnode[0m[1m{[0m[3mname[0m[2m=[0mk#99f25ef6..[1m}[0m[2m:[0m [2msui_core::checkpoints::checkpoint_output[0m[2m:[0m [2mcrates/sui-core/src/checkpoints/checkpoint_output.rs[0m[2m:[0m[2m196:[0m Certified checkpoint with sequence 326 and digest 7jBptbZg3q1XpLtHuLt3eVnec2yMmNCitr9awXAkEjyG
[2m2025-03-25T07:55:31.242154Z[0m [32m INFO[0m [1mnode[0m[1m{[0m[3mname[0m[2m=[0mk#99f25ef6..[1m}[0m[2m:[0m [2mconsensus_core::core[0m[2m:[0m [2mconsensus/core/src/core.rs[0m[2m:[0m[2m630:[0m Committing 1 leaders: B123(C,Lo8e)
[2m2025-03-25T07:55:31.242264Z[0m [32m INFO[0m [1mnode[0m[1m{[0m[3mname[0m[2m=[0mk#99f25ef6..[1m}[0m[2m:[0m [2mconsensus_core::commit_observer[0m[2m:[0m [2mconsensus/core/src/commit_observer.rs[0m[2m:[0m[2m173:[0m Consensus commit C114(soQ4) with leader B123(C,Lo8e) has 3 blocks
[2m2025-03-25T07:55:31.242831Z[0m [32m INFO[0m [1mnode[0m[1m{[0m[3mname[0m[2m=[0mk#99f25ef6..[1m}[0m[2m:[0m [2msui_core::consensus_handler[0m[2m:[0m [2mcrates/sui-core/src/consensus_handler.rs[0m[2m:[0m[2m232:[0m Received consensus output [3mconsensus_commit[0m[2m=[0mCommittedSubDag(leader=B123(C,Lo8e), ref=C114(soQ4), blocks=[iIp6, EMkt, Lo8e]) [3mepoch[0m[2m=[0m1
[2m2025-03-25T07:55:31.243628Z[0m [32m INFO[0m [1mnode[0m[1m{[0m[3mname[0m[2m=[0mk#99f25ef6..[1m}[0m[2m:[0m [2msui_core::checkpoints::checkpoint_executor[0m[2m:[0m [2mcrates/sui-core/src/checkpoints/checkpoint_executor/mod.rs[0m[2m:[0m[2m332:[0m Received checkpoint summary from state sync [3msequence_number[0m[2m=[0m326
[2m2025-03-25T07:55:31.246123Z[0m [32m INFO[0m [1mnode[0m[1m{[0m[3mname[0m[2m=[0mk#99f25ef6..[1m}[0m[2m:[0m [2msui_core::state_accumulator[0m[2m:[0m [2mcrates/sui-core/src/state_accumulator.rs[0m[2m:[0m[2m675:[0m accumulating running root for checkpoint 326
[2m2025-03-25T07:55:31.270905Z[0m [32m INFO[0m [1mnode[0m[1m{[0m[3mname[0m[2m=[0mk#addeef94..[1m}[0m[2m:[0m [2msui_core::checkpoints[0m[2m:[0m [2mcrates/sui-core/src/checkpoints/mod.rs[0m[2m:[0m[2m1326:[0m Creating checkpoint(s) for 2 transactions [3mnext_checkpoint_seq[0m[2m=[0m327 [3mcheckpoint_timestamp[0m[2m=[0m1742889330720
[2m2025-03-25T07:55:31.271230Z[0m [32m INFO[0m [1mnode[0m[1m{[0m[3mname[0m[2m=[0mk#addeef94..[1m}[0m[2m:[0m [2msui_core::checkpoints::checkpoint_output[0m[2m:[0m [2mcrates/sui-core/src/checkpoints/checkpoint_output.rs[0m[2m:[0m[2m149:[0m Creating checkpoint CheckpointDigest(FAzfms7V5tTpkXGPDMk2brRTrxisfJZqTBsrNqXDccYK) at epoch 1, sequence 327, previous digest Some(CheckpointDigest(7jBptbZg3q1XpLtHuLt3eVnec2yMmNCitr9awXAkEjyG)), transactions count 2, content digest CheckpointContentsDigest(GRoDcq5zS2e4wjznNUVBsBXsQcxVtmzQQZX62adLcMym), end_of_epoch_data None
[2m2025-03-25T07:55:31.272616Z[0m [32m INFO[0m [1mnode[0m[1m{[0m[3mname[0m[2m=[0mk#8dcff6d1..[1m}[0m[2m:[0m [2msui_core::checkpoints[0m[2m:[0m [2mcrates/sui-core/src/checkpoints/mod.rs[0m[2m:[0m[2m1326:[0m Creating checkpoint(s) for 2 transactions [3mnext_checkpoint_seq[0m[2m=[0m327 [3mcheckpoint_timestamp[0m[2m=[0m1742889330720
[2m2025-03-25T07:55:31.272878Z[0m [32m INFO[0m [1mnode[0m[1m{[0m[3mname[0m[2m=[0mk#8dcff6d1..[1m}[0m[2m:[0m [2msui_core::checkpoints::checkpoint_output[0m[2m:[0m [2mcrates/sui-core/src/checkpoints/checkpoint_output.rs[0m[2m:[0m[2m149:[0m Creating checkpoint CheckpointDigest(FAzfms7V5tTpkXGPDMk2brRTrxisfJZqTBsrNqXDccYK) at epoch 1, sequence 327, previous digest Some(CheckpointDigest(7jBptbZg3q1XpLtHuLt3eVnec2yMmNCitr9awXAkEjyG)), transactions count 2, content digest CheckpointContentsDigest(GRoDcq5zS2e4wjznNUVBsBXsQcxVtmzQQZX62adLcMym), end_of_epoch_data None
[2m2025-03-25T07:55:31.275251Z[0m [32m INFO[0m [1mnode[0m[1m{[0m[3mname[0m[2m=[0mk#addeef94..[1m}[0m[2m:[0m [2msui_core::checkpoints::checkpoint_executor[0m[2m:[0m [2mcrates/sui-core/src/checkpoints/checkpoint_executor/mod.rs[0m[2m:[0m[2m332:[0m Received checkpoint summary from state sync [3msequence_number[0m[2m=[0m326
[2m2025-03-25T07:55:31.275911Z[0m [32m INFO[0m [1mnode[0m[1m{[0m[3mname[0m[2m=[0mk#8dcff6d1..[1m}[0m[2m:[0m [2msui_core::checkpoints::checkpoint_output[0m[2m:[0m [2mcrates/sui-core/src/checkpoints/checkpoint_output.rs[0m[2m:[0m[2m196:[0m Certified checkpoint with sequence 326 and digest 7jBptbZg3q1XpLtHuLt3eVnec2yMmNCitr9awXAkEjyG
[2m2025-03-25T07:55:31.275983Z[0m [32m INFO[0m [1mnode[0m[1m{[0m[3mname[0m[2m=[0mk#99f25ef6..[1m}[0m[2m:[0m [2msui_core::checkpoints[0m[2m:[0m [2mcrates/sui-core/src/checkpoints/mod.rs[0m[2m:[0m[2m1326:[0m Creating checkpoint(s) for 2 transactions [3mnext_checkpoint_seq[0m[2m=[0m327 [3mcheckpoint_timestamp[0m[2m=[0m1742889330720
[2m2025-03-25T07:55:31.276260Z[0m [32m INFO[0m [1mnode[0m[1m{[0m[3mname[0m[2m=[0mk#99f25ef6..[1m}[0m[2m:[0m [2msui_core::checkpoints::checkpoint_output[0m[2m:[0m [2mcrates/sui-core/src/checkpoints/checkpoint_output.rs[0m[2m:[0m[2m149:[0m Creating checkpoint CheckpointDigest(FAzfms7V5tTpkXGPDMk2brRTrxisfJZqTBsrNqXDccYK) at epoch 1, sequence 327, previous digest Some(CheckpointDigest(7jBptbZg3q1XpLtHuLt3eVnec2yMmNCitr9awXAkEjyG)), transactions count 2, content digest CheckpointContentsDigest(GRoDcq5zS2e4wjznNUVBsBXsQcxVtmzQQZX62adLcMym), end_of_epoch_data None
[2m2025-03-25T07:55:31.276554Z[0m [32m INFO[0m [1mnode[0m[1m{[0m[3mname[0m[2m=[0mk#8dcff6d1..[1m}[0m[2m:[0m [2msui_core::checkpoints::checkpoint_executor[0m[2m:[0m [2mcrates/sui-core/src/checkpoints/checkpoint_executor/mod.rs[0m[2m:[0m[2m332:[0m Received checkpoint summary from state sync [3msequence_number[0m[2m=[0m326
[2m2025-03-25T07:55:31.276629Z[0m [32m INFO[0m [1mnode[0m[1m{[0m[3mname[0m[2m=[0mk#addeef94..[1m}[0m[2m:[0m [2msui_core::state_accumulator[0m[2m:[0m [2mcrates/sui-core/src/state_accumulator.rs[0m[2m:[0m[2m675:[0m accumulating running root for checkpoint 326
[2m2025-03-25T07:55:31.277919Z[0m [32m INFO[0m [1mnode[0m[1m{[0m[3mname[0m[2m=[0mk#8dcff6d1..[1m}[0m[2m:[0m [2msui_core::state_accumulator[0m[2m:[0m [2mcrates/sui-core/src/state_accumulator.rs[0m[2m:[0m[2m675:[0m accumulating running root for checkpoint 326
[2m2025-03-25T07:55:31.278737Z[0m [32m INFO[0m [1mnode[0m[1m{[0m[3mname[0m[2m=[0mk#b3f3cbb4..[1m}[0m[2m:[0m [2msui_core::checkpoints::checkpoint_executor[0m[2m:[0m [2mcrates/sui-core/src/checkpoints/checkpoint_executor/mod.rs[0m[2m:[0m[2m332:[0m Received checkpoint summary from state sync [3msequence_number[0m[2m=[0m326
[2m2025-03-25T07:55:31.304210Z[0m [32m INFO[0m [1mnode[0m[1m{[0m[3mname[0m[2m=[0mk#8dcff6d1..[1m}[0m[2m:[0m [2mconsensus_core::commit_syncer[0m[2m:[0m [2mconsensus/core/src/commit_syncer.rs[0m[2m:[0m[2m196:[0m Checking to schedule fetches: synced_commit_index=114, highest_handled_index=114, highest_scheduled_index=0, quorum_commit_index=113, unhandled_commits_threshold=3200
[2m2025-03-25T07:55:31.327241Z[0m [32m INFO[0m [1mnode[0m[1m{[0m[3mname[0m[2m=[0mk#addeef94..[1m}[0m[2m:[0m [2mconsensus_core::commit_syncer[0m[2m:[0m [2mconsensus/core/src/commit_syncer.rs[0m[2m:[0m[2m196:[0m Checking to schedule fetches: synced_commit_index=114, highest_handled_index=114, highest_scheduled_index=0, quorum_commit_index=0, unhandled_commits_threshold=3200
[2m2025-03-25T07:55:31.330384Z[0m [32m INFO[0m [1mnode[0m[1m{[0m[3mname[0m[2m=[0mk#99f25ef6..[1m}[0m[2m:[0m [2mconsensus_core::commit_syncer[0m[2m:[0m [2mconsensus/core/src/commit_syncer.rs[0m[2m:[0m[2m196:[0m Checking to schedule fetches: synced_commit_index=114, highest_handled_index=114, highest_scheduled_index=0, quorum_commit_index=113, unhandled_commits_threshold=3200
[2m2025-03-25T07:55:31.367641Z[0m [32m INFO[0m [1mnode[0m[1m{[0m[3mname[0m[2m=[0mk#b3f3cbb4..[1m}[0m[2m:[0m [2msui_core::state_accumulator[0m[2m:[0m [2mcrates/sui-core/src/state_accumulator.rs[0m[2m:[0m[2m675:[0m accumulating running root for checkpoint 326
[2m2025-03-25T07:55:31.489818Z[0m [32m INFO[0m [1mnode[0m[1m{[0m[3mname[0m[2m=[0mk#addeef94..[1m}[0m[2m:[0m [2mconsensus_core::core[0m[2m:[0m [2mconsensus/core/src/core.rs[0m[2m:[0m[2m945:[0m Included 3 ancestors & excluded 0 ancestors for proposal in round 126
[2m2025-03-25T07:55:31.490480Z[0m [32m INFO[0m [1mnode[0m[1m{[0m[3mname[0m[2m=[0mk#addeef94..[1m}[0m[2m:[0m [2mconsensus_core::core[0m[2m:[0m [2mconsensus/core/src/core.rs[0m[2m:[0m[2m531:[0m Created block B126(C,DAm91feYUBk41XPr03LJf5GH3MLkrfNEefFfVnKPzrI=)(1742889331489ms;[B125(C,4OmyTeoy8AFosfN0VJ//EZadCI4FH2sxEijSWSD7kxw=), B125(A,KXGlyiiVS/LnzMiQsapn17HRpdOqqM3YlYEnY5imn3c=), B125(B,MdePW+6ZEyfRB5SPuQwRfHiqk/wgyi4wrQ5BSReIwmY=)];1t;1c) for round 126
[2m2025-03-25T07:55:31.493822Z[0m [32m INFO[0m [1mnode[0m[1m{[0m[3mname[0m[2m=[0mk#8dcff6d1..[1m}[0m[2m:[0m [2mconsensus_core::core[0m[2m:[0m [2mconsensus/core/src/core.rs[0m[2m:[0m[2m945:[0m Included 3 ancestors & excluded 0 ancestors for proposal in round 126
[2m2025-03-25T07:55:31.493822Z[0m [32m INFO[0m [1mnode[0m[1m{[0m[3mname[0m[2m=[0mk#99f25ef6..[1m}[0m[2m:[0m [2mconsensus_core::core[0m[2m:[0m [2mconsensus/core/src/core.rs[0m[2m:[0m[2m945:[0m Included 3 ancestors & excluded 0 ancestors for proposal in round 126
[2m2025-03-25T07:55:31.494298Z[0m [32m INFO[0m [1mnode[0m[1m{[0m[3mname[0m[2m=[0mk#99f25ef6..[1m}[0m[2m:[0m [2mconsensus_core::core[0m[2m:[0m [2mconsensus/core/src/core.rs[0m[2m:[0m[2m531:[0m Created block B126(B,d+L4AfrZgu/nZIa8rmO1qJqq1WYkN/FU2GIcRzad7Ic=)(1742889331493ms;[B125(B,MdePW+6ZEyfRB5SPuQwRfHiqk/wgyi4wrQ5BSReIwmY=), B125(A,KXGlyiiVS/LnzMiQsapn17HRpdOqqM3YlYEnY5imn3c=), B125(C,4OmyTeoy8AFosfN0VJ//EZadCI4FH2sxEijSWSD7kxw=)];1t;1c) for round 126
[2m2025-03-25T07:55:31.494324Z[0m [32m INFO[0m [1mnode[0m[1m{[0m[3mname[0m[2m=[0mk#8dcff6d1..[1m}[0m[2m:[0m [2mconsensus_core::core[0m[2m:[0m [2mconsensus/core/src/core.rs[0m[2m:[0m[2m531:[0m Created block B126(A,bzfaFMEirYVfpnWi793tlK/J6N6uPc0McHzbE8WRC5o=)(1742889331493ms;[B125(A,KXGlyiiVS/LnzMiQsapn17HRpdOqqM3YlYEnY5imn3c=), B125(B,MdePW+6ZEyfRB5SPuQwRfHiqk/wgyi4wrQ5BSReIwmY=), B125(C,4OmyTeoy8AFosfN0VJ//EZadCI4FH2sxEijSWSD7kxw=)];1t;1c) for round 126
[2m2025-03-25T07:55:31.494413Z[0m [32m INFO[0m [1mnode[0m[1m{[0m[3mname[0m[2m=[0mk#99f25ef6..[1m}[0m[2m:[0m [2mconsensus_core::core[0m[2m:[0m [2mconsensus/core/src/core.rs[0m[2m:[0m[2m630:[0m Committing 1 leaders: B124(B,k0T1)
[2m2025-03-25T07:55:31.494425Z[0m [32m INFO[0m [1mnode[0m[1m{[0m[3mname[0m[2m=[0mk#8dcff6d1..[1m}[0m[2m:[0m [2mconsensus_core::core[0m[2m:[0m [2mconsensus/core/src/core.rs[0m[2m:[0m[2m630:[0m Committing 1 leaders: B124(B,k0T1)
[2m2025-03-25T07:55:31.494523Z[0m [32m INFO[0m [1mnode[0m[1m{[0m[3mname[0m[2m=[0mk#99f25ef6..[1m}[0m[2m:[0m [2mconsensus_core::commit_observer[0m[2m:[0m [2mconsensus/core/src/commit_observer.rs[0m[2m:[0m[2m173:[0m Consensus commit C115(F6o/) with leader B124(B,k0T1) has 2 blocks
[2m2025-03-25T07:55:31.494523Z[0m [32m INFO[0m [1mnode[0m[1m{[0m[3mname[0m[2m=[0mk#8dcff6d1..[1m}[0m[2m:[0m [2mconsensus_core::commit_observer[0m[2m:[0m [2mconsensus/core/src/commit_observer.rs[0m[2m:[0m[2m173:[0m Consensus commit C115(F6o/) with leader B124(B,k0T1) has 2 blocks
[2m2025-03-25T07:55:31.494680Z[0m [32m INFO[0m [1mnode[0m[1m{[0m[3mname[0m[2m=[0mk#99f25ef6..[1m}[0m[2m:[0m [2msui_core::consensus_handler[0m[2m:[0m [2mcrates/sui-core/src/consensus_handler.rs[0m[2m:[0m[2m232:[0m Received consensus output [3mconsensus_commit[0m[2m=[0mCommittedSubDag(leader=B124(B,k0T1), ref=C115(F6o/), blocks=[zALh, k0T1]) [3mepoch[0m[2m=[0m1
[2m2025-03-25T07:55:31.494680Z[0m [32m INFO[0m [1mnode[0m[1m{[0m[3mname[0m[2m=[0mk#8dcff6d1..[1m}[0m[2m:[0m [2msui_core::consensus_handler[0m[2m:[0m [2mcrates/sui-core/src/consensus_handler.rs[0m[2m:[0m[2m232:[0m Received consensus output [3mconsensus_commit[0m[2m=[0mCommittedSubDag(leader=B124(B,k0T1), ref=C115(F6o/), blocks=[zALh, k0T1]) [3mepoch[0m[2m=[0m1
[2m2025-03-25T07:55:31.500496Z[0m [32m INFO[0m [1mnode[0m[1m{[0m[3mname[0m[2m=[0mk#addeef94..[1m}[0m[2m:[0m [2mconsensus_core::core[0m[2m:[0m [2mconsensus/core/src/core.rs[0m[2m:[0m[2m630:[0m Committing 1 leaders: B124(B,k0T1)
[2m2025-03-25T07:55:31.500615Z[0m [32m INFO[0m [1mnode[0m[1m{[0m[3mname[0m[2m=[0mk#addeef94..[1m}[0m[2m:[0m [2mconsensus_core::commit_observer[0m[2m:[0m [2mconsensus/core/src/commit_observer.rs[0m[2m:[0m[2m173:[0m Consensus commit C115(F6o/) with leader B124(B,k0T1) has 2 blocks
[2m2025-03-25T07:55:31.500789Z[0m [32m INFO[0m [1mnode[0m[1m{[0m[3mname[0m[2m=[0mk#addeef94..[1m}[0m[2m:[0m [2msui_core::consensus_handler[0m[2m:[0m [2mcrates/sui-core/src/consensus_handler.rs[0m[2m:[0m[2m232:[0m Received consensus output [3mconsensus_commit[0m[2m=[0mCommittedSubDag(leader=B124(B,k0T1), ref=C115(F6o/), blocks=[zALh, k0T1]) [3mepoch[0m[2m=[0m1
[2m2025-03-25T07:55:31.548404Z[0m [32m INFO[0m [1mnode[0m[1m{[0m[3mname[0m[2m=[0mk#99f25ef6..[1m}[0m[2m:[0m [2msui_core::checkpoints[0m[2m:[0m [2mcrates/sui-core/src/checkpoints/mod.rs[0m[2m:[0m[2m1326:[0m Creating checkpoint(s) for 1 transactions [3mnext_checkpoint_seq[0m[2m=[0m328 [3mcheckpoint_timestamp[0m[2m=[0m1742889330979
[2m2025-03-25T07:55:31.548404Z[0m [32m INFO[0m [1mnode[0m[1m{[0m[3mname[0m[2m=[0mk#8dcff6d1..[1m}[0m[2m:[0m [2msui_core::checkpoints[0m[2m:[0m [2mcrates/sui-core/src/checkpoints/mod.rs[0m[2m:[0m[2m1326:[0m Creating checkpoint(s) for 1 transactions [3mnext_checkpoint_seq[0m[2m=[0m328 [3mcheckpoint_timestamp[0m[2m=[0m1742889330979
[2m2025-03-25T07:55:31.548632Z[0m [32m INFO[0m [1mnode[0m[1m{[0m[3mname[0m[2m=[0mk#99f25ef6..[1m}[0m[2m:[0m [2msui_core::checkpoints::checkpoint_output[0m[2m:[0m [2mcrates/sui-core/src/checkpoints/checkpoint_output.rs[0m[2m:[0m[2m149:[0m Creating checkpoint CheckpointDigest(F5zZDdEUjtJAhF7GcKwbUZ9zqHFjezavx4ow3PGb4Nvd) at epoch 1, sequence 328, previous digest Some(CheckpointDigest(FAzfms7V5tTpkXGPDMk2brRTrxisfJZqTBsrNqXDccYK)), transactions count 1, content digest CheckpointContentsDigest(GF4CGZim1h72ysqTwfeJt7eP8mja65vGV3wALHhR1jft), end_of_epoch_data None
[2m2025-03-25T07:55:31.548632Z[0m [32m INFO[0m [1mnode[0m[1m{[0m[3mname[0m[2m=[0mk#8dcff6d1..[1m}[0m[2m:[0m [2msui_core::checkpoints::checkpoint_output[0m[2m:[0m [2mcrates/sui-core/src/checkpoints/checkpoint_output.rs[0m[2m:[0m[2m149:[0m Creating checkpoint CheckpointDigest(F5zZDdEUjtJAhF7GcKwbUZ9zqHFjezavx4ow3PGb4Nvd) at epoch 1, sequence 328, previous digest Some(CheckpointDigest(FAzfms7V5tTpkXGPDMk2brRTrxisfJZqTBsrNqXDccYK)), transactions count 1, content digest CheckpointContentsDigest(GF4CGZim1h72ysqTwfeJt7eP8mja65vGV3wALHhR1jft), end_of_epoch_data None
[2m2025-03-25T07:55:31.551401Z[0m [32m INFO[0m [1mnode[0m[1m{[0m[3mname[0m[2m=[0mk#addeef94..[1m}[0m[2m:[0m [2msui_core::checkpoints[0m[2m:[0m [2mcrates/sui-core/src/checkpoints/mod.rs[0m[2m:[0m[2m1326:[0m Creating checkpoint(s) for 1 transactions [3mnext_checkpoint_seq[0m[2m=[0m328 [3mcheckpoint_timestamp[0m[2m=[0m1742889330979
[2m2025-03-25T07:55:31.551571Z[0m [32m INFO[0m [1mnode[0m[1m{[0m[3mname[0m[2m=[0mk#addeef94..[1m}[0m[2m:[0m [2msui_core::checkpoints::checkpoint_output[0m[2m:[0m [2mcrates/sui-core/src/checkpoints/checkpoint_output.rs[0m[2m:[0m[2m149:[0m Creating checkpoint CheckpointDigest(F5zZDdEUjtJAhF7GcKwbUZ9zqHFjezavx4ow3PGb4Nvd) at epoch 1, sequence 328, previous digest Some(CheckpointDigest(FAzfms7V5tTpkXGPDMk2brRTrxisfJZqTBsrNqXDccYK)), transactions count 1, content digest CheckpointContentsDigest(GF4CGZim1h72ysqTwfeJt7eP8mja65vGV3wALHhR1jft), end_of_epoch_data None
[2m2025-03-25T07:55:31.551717Z[0m [32m INFO[0m [1mnode[0m[1m{[0m[3mname[0m[2m=[0mk#8dcff6d1..[1m}[0m[2m:[0m [2msui_core::checkpoints::checkpoint_output[0m[2m:[0m [2mcrates/sui-core/src/checkpoints/checkpoint_output.rs[0m[2m:[0m[2m196:[0m Certified checkpoint with sequence 327 and digest FAzfms7V5tTpkXGPDMk2brRTrxisfJZqTBsrNqXDccYK
[2m2025-03-25T07:55:31.551723Z[0m [32m INFO[0m [1mnode[0m[1m{[0m[3mname[0m[2m=[0mk#99f25ef6..[1m}[0m[2m:[0m [2msui_core::checkpoints::checkpoint_output[0m[2m:[0m [2mcrates/sui-core/src/checkpoints/checkpoint_output.rs[0m[2m:[0m[2m196:[0m Certified checkpoint with sequence 327 and digest FAzfms7V5tTpkXGPDMk2brRTrxisfJZqTBsrNqXDccYK
[2m2025-03-25T07:55:31.552352Z[0m [32m INFO[0m [1mnode[0m[1m{[0m[3mname[0m[2m=[0mk#8dcff6d1..[1m}[0m[2m:[0m [2msui_core::checkpoints::checkpoint_executor[0m[2m:[0m [2mcrates/sui-core/src/checkpoints/checkpoint_executor/mod.rs[0m[2m:[0m[2m332:[0m Received checkpoint summary from state sync [3msequence_number[0m[2m=[0m327
[2m2025-03-25T07:55:31.555054Z[0m [32m INFO[0m [1mnode[0m[1m{[0m[3mname[0m[2m=[0mk#99f25ef6..[1m}[0m[2m:[0m [2msui_core::checkpoints::checkpoint_executor[0m[2m:[0m [2mcrates/sui-core/src/checkpoints/checkpoint_executor/mod.rs[0m[2m:[0m[2m332:[0m Received checkpoint summary from state sync [3msequence_number[0m[2m=[0m327
[2m2025-03-25T07:55:31.556365Z[0m [32m INFO[0m [1mnode[0m[1m{[0m[3mname[0m[2m=[0mk#8dcff6d1..[1m}[0m[2m:[0m [2msui_core::state_accumulator[0m[2m:[0m [2mcrates/sui-core/src/state_accumulator.rs[0m[2m:[0m[2m675:[0m accumulating running root for checkpoint 327
[2m2025-03-25T07:55:31.573542Z[0m [32m INFO[0m [1mnode[0m[1m{[0m[3mname[0m[2m=[0mk#99f25ef6..[1m}[0m[2m:[0m [2msui_core::state_accumulator[0m[2m:[0m [2mcrates/sui-core/src/state_accumulator.rs[0m[2m:[0m[2m675:[0m accumulating running root for checkpoint 327
[2m2025-03-25T07:55:31.618269Z[0m [32m INFO[0m [1mnode[0m[1m{[0m[3mname[0m[2m=[0mk#addeef94..[1m}[0m[2m:[0m [2msui_core::checkpoints::checkpoint_executor[0m[2m:[0m [2mcrates/sui-core/src/checkpoints/checkpoint_executor/mod.rs[0m[2m:[0m[2m332:[0m Received checkpoint summary from state sync [3msequence_number[0m[2m=[0m327
[2m2025-03-25T07:55:31.619625Z[0m [32m INFO[0m [1mnode[0m[1m{[0m[3mname[0m[2m=[0mk#addeef94..[1m}[0m[2m:[0m [2msui_core::state_accumulator[0m[2m:[0m [2mcrates/sui-core/src/state_accumulator.rs[0m[2m:[0m[2m675:[0m accumulating running root for checkpoint 327
[2m2025-03-25T07:55:31.620422Z[0m [32m INFO[0m [1mnode[0m[1m{[0m[3mname[0m[2m=[0mk#b3f3cbb4..[1m}[0m[2m:[0m [2msui_core::checkpoints::checkpoint_executor[0m[2m:[0m [2mcrates/sui-core/src/checkpoints/checkpoint_executor/mod.rs[0m[2m:[0m[2m332:[0m Received checkpoint summary from state sync [3msequence_number[0m[2m=[0m327
[2m2025-03-25T07:55:31.708807Z[0m [32m INFO[0m [1mnode[0m[1m{[0m[3mname[0m[2m=[0mk#b3f3cbb4..[1m}[0m[2m:[0m [2msui_core::state_accumulator[0m[2m:[0m [2mcrates/sui-core/src/state_accumulator.rs[0m[2m:[0m[2m675:[0m accumulating running root for checkpoint 327
[2m2025-03-25T07:55:31.747786Z[0m [32m INFO[0m [1mnode[0m[1m{[0m[3mname[0m[2m=[0mk#8dcff6d1..[1m}[0m[2m:[0m [2mconsensus_core::core[0m[2m:[0m [2mconsensus/core/src/core.rs[0m[2m:[0m[2m945:[0m Included 3 ancestors & excluded 0 ancestors for proposal in round 127
[2m2025-03-25T07:55:31.747786Z[0m [32m INFO[0m [1mnode[0m[1m{[0m[3mname[0m[2m=[0mk#99f25ef6..[1m}[0m[2m:[0m [2mconsensus_core::core[0m[2m:[0m [2mconsensus/core/src/core.rs[0m[2m:[0m[2m945:[0m Included 3 ancestors & excluded 0 ancestors for proposal in round 127
[2m2025-03-25T07:55:31.748243Z[0m [32m INFO[0m [1mnode[0m[1m{[0m[3mname[0m[2m=[0mk#8dcff6d1..[1m}[0m[2m:[0m [2mconsensus_core::core[0m[2m:[0m [2mconsensus/core/src/core.rs[0m[2m:[0m[2m531:[0m Created block B127(A,8ffiyJLnYliTWhoEF8PRslt35IFxMCCmACTIjZxfoyg=)(1742889331747ms;[B126(A,bzfaFMEirYVfpnWi793tlK/J6N6uPc0McHzbE8WRC5o=), B126(B,d+L4AfrZgu/nZIa8rmO1qJqq1WYkN/FU2GIcRzad7Ic=), B126(C,DAm91feYUBk41XPr03LJf5GH3MLkrfNEefFfVnKPzrI=)];1t;1c) for round 127
[2m2025-03-25T07:55:31.748243Z[0m [32m INFO[0m [1mnode[0m[1m{[0m[3mname[0m[2m=[0mk#99f25ef6..[1m}[0m[2m:[0m [2mconsensus_core::core[0m[2m:[0m [2mconsensus/core/src/core.rs[0m[2m:[0m[2m531:[0m Created block B127(B,lVVWuiAp3PJdNaVVd3sU6HNvqtaMVCfQvSKEj/xjzcc=)(1742889331747ms;[B126(B,d+L4AfrZgu/nZIa8rmO1qJqq1WYkN/FU2GIcRzad7Ic=), B126(A,bzfaFMEirYVfpnWi793tlK/J6N6uPc0McHzbE8WRC5o=), B126(C,DAm91feYUBk41XPr03LJf5GH3MLkrfNEefFfVnKPzrI=)];1t;1c) for round 127
[2m2025-03-25T07:55:31.751865Z[0m [32m INFO[0m [1mnode[0m[1m{[0m[3mname[0m[2m=[0mk#addeef94..[1m}[0m[2m:[0m [2mconsensus_core::core[0m[2m:[0m [2mconsensus/core/src/core.rs[0m[2m:[0m[2m945:[0m Included 3 ancestors & excluded 0 ancestors for proposal in round 127
[2m2025-03-25T07:55:31.752195Z[0m [32m INFO[0m [1mnode[0m[1m{[0m[3mname[0m[2m=[0mk#addeef94..[1m}[0m[2m:[0m [2mconsensus_core::core[0m[2m:[0m [2mconsensus/core/src/core.rs[0m[2m:[0m[2m531:[0m Created block B127(C,m3zRclQfzl8HPyEVBBoyeuwtnPfkwEGQSVcphsIPB1w=)(1742889331751ms;[B126(C,DAm91feYUBk41XPr03LJf5GH3MLkrfNEefFfVnKPzrI=), B126(A,bzfaFMEirYVfpnWi793tlK/J6N6uPc0McHzbE8WRC5o=), B126(B,d+L4AfrZgu/nZIa8rmO1qJqq1WYkN/FU2GIcRzad7Ic=)];1t;1c) for round 127
[2m2025-03-25T07:55:31.752270Z[0m [32m INFO[0m [1mnode[0m[1m{[0m[3mname[0m[2m=[0mk#addeef94..[1m}[0m[2m:[0m [2mconsensus_core::core[0m[2m:[0m [2mconsensus/core/src/core.rs[0m[2m:[0m[2m630:[0m Committing 1 leaders: B125(B,MdeP)
[2m2025-03-25T07:55:31.752347Z[0m [32m INFO[0m [1mnode[0m[1m{[0m[3mname[0m[2m=[0mk#addeef94..[1m}[0m[2m:[0m [2mconsensus_core::commit_observer[0m[2m:[0m [2mconsensus/core/src/commit_observer.rs[0m[2m:[0m[2m173:[0m Consensus commit C116(gvi6) with leader B125(B,MdeP) has 3 blocks
[2m2025-03-25T07:55:31.752436Z[0m [32m INFO[0m [1mnode[0m[1m{[0m[3mname[0m[2m=[0mk#addeef94..[1m}[0m[2m:[0m [2msui_core::consensus_handler[0m[2m:[0m [2mcrates/sui-core/src/consensus_handler.rs[0m[2m:[0m[2m232:[0m Received consensus output [3mconsensus_commit[0m[2m=[0mCommittedSubDag(leader=B125(B,MdeP), ref=C116(gvi6), blocks=[5tll, tDRe, MdeP]) [3mepoch[0m[2m=[0m1
[2m2025-03-25T07:55:31.755531Z[0m [32m INFO[0m [1mnode[0m[1m{[0m[3mname[0m[2m=[0mk#99f25ef6..[1m}[0m[2m:[0m [2msui_core::checkpoints::checkpoint_output[0m[2m:[0m [2mcrates/sui-core/src/checkpoints/checkpoint_output.rs[0m[2m:[0m[2m196:[0m Certified checkpoint with sequence 328 and digest F5zZDdEUjtJAhF7GcKwbUZ9zqHFjezavx4ow3PGb4Nvd
[2m2025-03-25T07:55:31.755536Z[0m [32m INFO[0m [1mnode[0m[1m{[0m[3mname[0m[2m=[0mk#8dcff6d1..[1m}[0m[2m:[0m [2msui_core::checkpoints::checkpoint_output[0m[2m:[0m [2mcrates/sui-core/src/checkpoints/checkpoint_output.rs[0m[2m:[0m[2m196:[0m Certified checkpoint with sequence 328 and digest F5zZDdEUjtJAhF7GcKwbUZ9zqHFjezavx4ow3PGb4Nvd
[2m2025-03-25T07:55:31.755643Z[0m [32m INFO[0m [1mnode[0m[1m{[0m[3mname[0m[2m=[0mk#99f25ef6..[1m}[0m[2m:[0m [2mconsensus_core::core[0m[2m:[0m [2mconsensus/core/src/core.rs[0m[2m:[0m[2m630:[0m Committing 1 leaders: B125(B,MdeP)
[2m2025-03-25T07:55:31.755644Z[0m [32m INFO[0m [1mnode[0m[1m{[0m[3mname[0m[2m=[0mk#8dcff6d1..[1m}[0m[2m:[0m [2mconsensus_core::core[0m[2m:[0m [2mconsensus/core/src/core.rs[0m[2m:[0m[2m630:[0m Committing 1 leaders: B125(B,MdeP)
[2m2025-03-25T07:55:31.755749Z[0m [32m INFO[0m [1mnode[0m[1m{[0m[3mname[0m[2m=[0mk#99f25ef6..[1m}[0m[2m:[0m [2mconsensus_core::commit_observer[0m[2m:[0m [2mconsensus/core/src/commit_observer.rs[0m[2m:[0m[2m173:[0m Consensus commit C116(gvi6) with leader B125(B,MdeP) has 3 blocks
[2m2025-03-25T07:55:31.755751Z[0m [32m INFO[0m [1mnode[0m[1m{[0m[3mname[0m[2m=[0mk#8dcff6d1..[1m}[0m[2m:[0m [2mconsensus_core::commit_observer[0m[2m:[0m [2mconsensus/core/src/commit_observer.rs[0m[2m:[0m[2m173:[0m Consensus commit C116(gvi6) with leader B125(B,MdeP) has 3 blocks
[2m2025-03-25T07:55:31.756149Z[0m [32m INFO[0m [1mnode[0m[1m{[0m[3mname[0m[2m=[0mk#99f25ef6..[1m}[0m[2m:[0m [2msui_core::consensus_handler[0m[2m:[0m [2mcrates/sui-core/src/consensus_handler.rs[0m[2m:[0m[2m232:[0m Received consensus output [3mconsensus_commit[0m[2m=[0mCommittedSubDag(leader=B125(B,MdeP), ref=C116(gvi6), blocks=[5tll, tDRe, MdeP]) [3mepoch[0m[2m=[0m1
[2m2025-03-25T07:55:31.756149Z[0m [32m INFO[0m [1mnode[0m[1m{[0m[3mname[0m[2m=[0mk#8dcff6d1..[1m}[0m[2m:[0m [2msui_core::consensus_handler[0m[2m:[0m [2mcrates/sui-core/src/consensus_handler.rs[0m[2m:[0m[2m232:[0m Received consensus output [3mconsensus_commit[0m[2m=[0mCommittedSubDag(leader=B125(B,MdeP), ref=C116(gvi6), blocks=[5tll, tDRe, MdeP]) [3mepoch[0m[2m=[0m1
[2m2025-03-25T07:55:31.756579Z[0m [32m INFO[0m [1mnode[0m[1m{[0m[3mname[0m[2m=[0mk#99f25ef6..[1m}[0m[2m:[0m [2msui_core::checkpoints::checkpoint_executor[0m[2m:[0m [2mcrates/sui-core/src/checkpoints/checkpoint_executor/mod.rs[0m[2m:[0m[2m332:[0m Received checkpoint summary from state sync [3msequence_number[0m[2m=[0m328
[2m2025-03-25T07:55:31.756582Z[0m [32m INFO[0m [1mnode[0m[1m{[0m[3mname[0m[2m=[0mk#8dcff6d1..[1m}[0m[2m:[0m [2msui_core::checkpoints::checkpoint_executor[0m[2m:[0m [2mcrates/sui-core/src/checkpoints/checkpoint_executor/mod.rs[0m[2m:[0m[2m332:[0m Received checkpoint summary from state sync [3msequence_number[0m[2m=[0m328
[2m2025-03-25T07:55:31.758081Z[0m [32m INFO[0m [1mnode[0m[1m{[0m[3mname[0m[2m=[0mk#99f25ef6..[1m}[0m[2m:[0m [2msui_core::state_accumulator[0m[2m:[0m [2mcrates/sui-core/src/state_accumulator.rs[0m[2m:[0m[2m675:[0m accumulating running root for checkpoint 328
[2m2025-03-25T07:55:31.758086Z[0m [32m INFO[0m [1mnode[0m[1m{[0m[3mname[0m[2m=[0mk#8dcff6d1..[1m}[0m[2m:[0m [2msui_core::state_accumulator[0m[2m:[0m [2mcrates/sui-core/src/state_accumulator.rs[0m[2m:[0m[2m675:[0m accumulating running root for checkpoint 328
[2m2025-03-25T07:55:31.779287Z[0m [32m INFO[0m [1mnode[0m[1m{[0m[3mname[0m[2m=[0mk#addeef94..[1m}[0m[2m:[0m [2msui_core::checkpoints[0m[2m:[0m [2mcrates/sui-core/src/checkpoints/mod.rs[0m[2m:[0m[2m1326:[0m Creating checkpoint(s) for 2 transactions [3mnext_checkpoint_seq[0m[2m=[0m329 [3mcheckpoint_timestamp[0m[2m=[0m1742889331236
[2m2025-03-25T07:55:31.779598Z[0m [32m INFO[0m [1mnode[0m[1m{[0m[3mname[0m[2m=[0mk#addeef94..[1m}[0m[2m:[0m [2msui_core::checkpoints::checkpoint_output[0m[2m:[0m [2mcrates/sui-core/src/checkpoints/checkpoint_output.rs[0m[2m:[0m[2m149:[0m Creating checkpoint CheckpointDigest(EEW4NyAoTRWvA7wfAn9Qoh1nUsZh3koRVsLUZG4RJnmG) at epoch 1, sequence 329, previous digest Some(CheckpointDigest(F5zZDdEUjtJAhF7GcKwbUZ9zqHFjezavx4ow3PGb4Nvd)), transactions count 2, content digest CheckpointContentsDigest(7WZxkcyK8cJFiC1TwqB43qbXA6GmnXezxLJVgnTHyyuw), end_of_epoch_data None
[2m2025-03-25T07:55:31.782076Z[0m [32m INFO[0m [1mnode[0m[1m{[0m[3mname[0m[2m=[0mk#addeef94..[1m}[0m[2m:[0m [2msui_core::checkpoints::checkpoint_executor[0m[2m:[0m [2mcrates/sui-core/src/checkpoints/checkpoint_executor/mod.rs[0m[2m:[0m[2m332:[0m Received checkpoint summary from state sync [3msequence_number[0m[2m=[0m328
[2m2025-03-25T07:55:31.782906Z[0m [32m INFO[0m [1mnode[0m[1m{[0m[3mname[0m[2m=[0mk#addeef94..[1m}[0m[2m:[0m [2msui_core::state_accumulator[0m[2m:[0m [2mcrates/sui-core/src/state_accumulator.rs[0m[2m:[0m[2m675:[0m accumulating running root for checkpoint 328
[2m2025-03-25T07:55:31.783543Z[0m [32m INFO[0m [1mnode[0m[1m{[0m[3mname[0m[2m=[0mk#8dcff6d1..[1m}[0m[2m:[0m [2msui_core::checkpoints[0m[2m:[0m [2mcrates/sui-core/src/checkpoints/mod.rs[0m[2m:[0m[2m1326:[0m Creating checkpoint(s) for 2 transactions [3mnext_checkpoint_seq[0m[2m=[0m329 [3mcheckpoint_timestamp[0m[2m=[0m1742889331236
[2m2025-03-25T07:55:31.783546Z[0m [32m INFO[0m [1mnode[0m[1m{[0m[3mname[0m[2m=[0mk#99f25ef6..[1m}[0m[2m:[0m [2msui_core::checkpoints[0m[2m:[0m [2mcrates/sui-core/src/checkpoints/mod.rs[0m[2m:[0m[2m1326:[0m Creating checkpoint(s) for 2 transactions [3mnext_checkpoint_seq[0m[2m=[0m329 [3mcheckpoint_timestamp[0m[2m=[0m1742889331236
[2m2025-03-25T07:55:31.783812Z[0m [32m INFO[0m [1mnode[0m[1m{[0m[3mname[0m[2m=[0mk#99f25ef6..[1m}[0m[2m:[0m [2msui_core::checkpoints::checkpoint_output[0m[2m:[0m [2mcrates/sui-core/src/checkpoints/checkpoint_output.rs[0m[2m:[0m[2m149:[0m Creating checkpoint CheckpointDigest(EEW4NyAoTRWvA7wfAn9Qoh1nUsZh3koRVsLUZG4RJnmG) at epoch 1, sequence 329, previous digest Some(CheckpointDigest(F5zZDdEUjtJAhF7GcKwbUZ9zqHFjezavx4ow3PGb4Nvd)), transactions count 2, content digest CheckpointContentsDigest(7WZxkcyK8cJFiC1TwqB43qbXA6GmnXezxLJVgnTHyyuw), end_of_epoch_data None
[2m2025-03-25T07:55:31.783812Z[0m [32m INFO[0m [1mnode[0m[1m{[0m[3mname[0m[2m=[0mk#8dcff6d1..[1m}[0m[2m:[0m [2msui_core::checkpoints::checkpoint_output[0m[2m:[0m [2mcrates/sui-core/src/checkpoints/checkpoint_output.rs[0m[2m:[0m[2m149:[0m Creating checkpoint CheckpointDigest(EEW4NyAoTRWvA7wfAn9Qoh1nUsZh3koRVsLUZG4RJnmG) at epoch 1, sequence 329, previous digest Some(CheckpointDigest(F5zZDdEUjtJAhF7GcKwbUZ9zqHFjezavx4ow3PGb4Nvd)), transactions count 2, content digest CheckpointContentsDigest(7WZxkcyK8cJFiC1TwqB43qbXA6GmnXezxLJVgnTHyyuw), end_of_epoch_data None
[2m2025-03-25T07:55:31.785765Z[0m [32m INFO[0m [1mnode[0m[1m{[0m[3mname[0m[2m=[0mk#b3f3cbb4..[1m}[0m[2m:[0m [2msui_core::checkpoints::checkpoint_executor[0m[2m:[0m [2mcrates/sui-core/src/checkpoints/checkpoint_executor/mod.rs[0m[2m:[0m[2m332:[0m Received checkpoint summary from state sync [3msequence_number[0m[2m=[0m328
[2m2025-03-25T07:55:31.811540Z[0m [32m INFO[0m [1mnode[0m[1m{[0m[3mname[0m[2m=[0mk#b3f3cbb4..[1m}[0m[2m:[0m [2msui_core::state_accumulator[0m[2m:[0m [2mcrates/sui-core/src/state_accumulator.rs[0m[2m:[0m[2m675:[0m accumulating running root for checkpoint 328
[2m2025-03-25T07:55:32.006023Z[0m [32m INFO[0m [1mnode[0m[1m{[0m[3mname[0m[2m=[0mk#addeef94..[1m}[0m[2m:[0m [2mconsensus_core::core[0m[2m:[0m [2mconsensus/core/src/core.rs[0m[2m:[0m[2m945:[0m Included 3 ancestors & excluded 0 ancestors for proposal in round 128
[2m2025-03-25T07:55:32.007533Z[0m [32m INFO[0m [1mnode[0m[1m{[0m[3mname[0m[2m=[0mk#8dcff6d1..[1m}[0m[2m:[0m [2mconsensus_core::core[0m[2m:[0m [2mconsensus/core/src/core.rs[0m[2m:[0m[2m945:[0m Included 3 ancestors & excluded 0 ancestors for proposal in round 128
[2m2025-03-25T07:55:32.008097Z[0m [32m INFO[0m [1mnode[0m[1m{[0m[3mname[0m[2m=[0mk#addeef94..[1m}[0m[2m:[0m [2mconsensus_core::core[0m[2m:[0m [2mconsensus/core/src/core.rs[0m[2m:[0m[2m531:[0m Created block B128(C,BqsrlKhDj8jLgN/tzxYjkzOHNd9LX75hwx1LAlq+/KY=)(1742889332006ms;[B127(C,m3zRclQfzl8HPyEVBBoyeuwtnPfkwEGQSVcphsIPB1w=), B127(A,8ffiyJLnYliTWhoEF8PRslt35IFxMCCmACTIjZxfoyg=), B127(B,lVVWuiAp3PJdNaVVd3sU6HNvqtaMVCfQvSKEj/xjzcc=)];1t;1c) for round 128
[2m2025-03-25T07:55:32.008955Z[0m [32m INFO[0m [1mnode[0m[1m{[0m[3mname[0m[2m=[0mk#99f25ef6..[1m}[0m[2m:[0m [2mconsensus_core::core[0m[2m:[0m [2mconsensus/core/src/core.rs[0m[2m:[0m[2m945:[0m Included 3 ancestors & excluded 0 ancestors for proposal in round 128
[2m2025-03-25T07:55:32.009566Z[0m [32m INFO[0m [1mnode[0m[1m{[0m[3mname[0m[2m=[0mk#8dcff6d1..[1m}[0m[2m:[0m [2mconsensus_core::core[0m[2m:[0m [2mconsensus/core/src/core.rs[0m[2m:[0m[2m531:[0m Created block B128(A,jfYyc10+XGLaOSiIVfSj94nL3EO6BELiTpAYnzqIDNs=)(1742889332007ms;[B127(A,8ffiyJLnYliTWhoEF8PRslt35IFxMCCmACTIjZxfoyg=), B127(B,lVVWuiAp3PJdNaVVd3sU6HNvqtaMVCfQvSKEj/xjzcc=), B127(C,m3zRclQfzl8HPyEVBBoyeuwtnPfkwEGQSVcphsIPB1w=)];1t;1c) for round 128
[2m2025-03-25T07:55:32.010150Z[0m [32m INFO[0m [1mnode[0m[1m{[0m[3mname[0m[2m=[0mk#99f25ef6..[1m}[0m[2m:[0m [2mconsensus_core::core[0m[2m:[0m [2mconsensus/core/src/core.rs[0m[2m:[0m[2m531:[0m Created block B128(B,crxqxgzrg4ELESZlXNrHkYDNkYXW/zqR1ntDF4cvBSo=)(1742889332009ms;[B127(B,lVVWuiAp3PJdNaVVd3sU6HNvqtaMVCfQvSKEj/xjzcc=), B127(A,8ffiyJLnYliTWhoEF8PRslt35IFxMCCmACTIjZxfoyg=), B127(C,m3zRclQfzl8HPyEVBBoyeuwtnPfkwEGQSVcphsIPB1w=)];1t;1c) for round 128
[2m2025-03-25T07:55:32.016170Z[0m [32m INFO[0m [1mnode[0m[1m{[0m[3mname[0m[2m=[0mk#8dcff6d1..[1m}[0m[2m:[0m [2mconsensus_core::core[0m[2m:[0m [2mconsensus/core/src/core.rs[0m[2m:[0m[2m630:[0m Committing 1 leaders: B126(A,bzfa)
[2m2025-03-25T07:55:32.016288Z[0m [32m INFO[0m [1mnode[0m[1m{[0m[3mname[0m[2m=[0mk#addeef94..[1m}[0m[2m:[0m [2mconsensus_core::core[0m[2m:[0m [2mconsensus/core/src/core.rs[0m[2m:[0m[2m630:[0m Committing 1 leaders: B126(A,bzfa)
[2m2025-03-25T07:55:32.016667Z[0m [32m INFO[0m [1mnode[0m[1m{[0m[3mname[0m[2m=[0mk#addeef94..[1m}[0m[2m:[0m [2mconsensus_core::commit_observer[0m[2m:[0m [2mconsensus/core/src/commit_observer.rs[0m[2m:[0m[2m173:[0m Consensus commit C117(wXLy) with leader B126(A,bzfa) has 3 blocks
[2m2025-03-25T07:55:32.016667Z[0m [32m INFO[0m [1mnode[0m[1m{[0m[3mname[0m[2m=[0mk#8dcff6d1..[1m}[0m[2m:[0m [2mconsensus_core::commit_observer[0m[2m:[0m [2mconsensus/core/src/commit_observer.rs[0m[2m:[0m[2m173:[0m Consensus commit C117(wXLy) with leader B126(A,bzfa) has 3 blocks
[2m2025-03-25T07:55:32.016980Z[0m [32m INFO[0m [1mnode[0m[1m{[0m[3mname[0m[2m=[0mk#8dcff6d1..[1m}[0m[2m:[0m [2msui_core::consensus_handler[0m[2m:[0m [2mcrates/sui-core/src/consensus_handler.rs[0m[2m:[0m[2m232:[0m Received consensus output [3mconsensus_commit[0m[2m=[0mCommittedSubDag(leader=B126(A,bzfa), ref=C117(wXLy), blocks=[KXGl, 4Omy, bzfa]) [3mepoch[0m[2m=[0m1
[2m2025-03-25T07:55:32.017010Z[0m [32m INFO[0m [1mnode[0m[1m{[0m[3mname[0m[2m=[0mk#addeef94..[1m}[0m[2m:[0m [2msui_core::consensus_handler[0m[2m:[0m [2mcrates/sui-core/src/consensus_handler.rs[0m[2m:[0m[2m232:[0m Received consensus output [3mconsensus_commit[0m[2m=[0mCommittedSubDag(leader=B126(A,bzfa), ref=C117(wXLy), blocks=[KXGl, 4Omy, bzfa]) [3mepoch[0m[2m=[0m1
[2m2025-03-25T07:55:32.023154Z[0m [32m INFO[0m [1mnode[0m[1m{[0m[3mname[0m[2m=[0mk#99f25ef6..[1m}[0m[2m:[0m [2msui_core::checkpoints::checkpoint_output[0m[2m:[0m [2mcrates/sui-core/src/checkpoints/checkpoint_output.rs[0m[2m:[0m[2m196:[0m Certified checkpoint with sequence 329 and digest EEW4NyAoTRWvA7wfAn9Qoh1nUsZh3koRVsLUZG4RJnmG
[2m2025-03-25T07:55:32.023635Z[0m [32m INFO[0m [1mnode[0m[1m{[0m[3mname[0m[2m=[0mk#99f25ef6..[1m}[0m[2m:[0m [2mconsensus_core::core[0m[2m:[0m [2mconsensus/core/src/core.rs[0m[2m:[0m[2m630:[0m Committing 1 leaders: B126(A,bzfa)
[2m2025-03-25T07:55:32.023893Z[0m [32m INFO[0m [1mnode[0m[1m{[0m[3mname[0m[2m=[0mk#99f25ef6..[1m}[0m[2m:[0m [2mconsensus_core::commit_observer[0m[2m:[0m [2mconsensus/core/src/commit_observer.rs[0m[2m:[0m[2m173:[0m Consensus commit C117(wXLy) with leader B126(A,bzfa) has 3 blocks
[2m2025-03-25T07:55:32.025084Z[0m [32m INFO[0m [1mnode[0m[1m{[0m[3mname[0m[2m=[0mk#99f25ef6..[1m}[0m[2m:[0m [2msui_core::consensus_handler[0m[2m:[0m [2mcrates/sui-core/src/consensus_handler.rs[0m[2m:[0m[2m232:[0m Received consensus output [3mconsensus_commit[0m[2m=[0mCommittedSubDag(leader=B126(A,bzfa), ref=C117(wXLy), blocks=[KXGl, 4Omy, bzfa]) [3mepoch[0m[2m=[0m1
[2m2025-03-25T07:55:32.026752Z[0m [32m INFO[0m [1mnode[0m[1m{[0m[3mname[0m[2m=[0mk#99f25ef6..[1m}[0m[2m:[0m [2msui_core::checkpoints::checkpoint_executor[0m[2m:[0m [2mcrates/sui-core/src/checkpoints/checkpoint_executor/mod.rs[0m[2m:[0m[2m332:[0m Received checkpoint summary from state sync [3msequence_number[0m[2m=[0m329
[2m2025-03-25T07:55:32.050795Z[0m [32m INFO[0m [1mnode[0m[1m{[0m[3mname[0m[2m=[0mk#99f25ef6..[1m}[0m[2m:[0m [2msui_core::state_accumulator[0m[2m:[0m [2mcrates/sui-core/src/state_accumulator.rs[0m[2m:[0m[2m675:[0m accumulating running root for checkpoint 329
[2m2025-03-25T07:55:32.090120Z[0m [32m INFO[0m [1mnode[0m[1m{[0m[3mname[0m[2m=[0mk#addeef94..[1m}[0m[2m:[0m [2msui_core::checkpoints[0m[2m:[0m [2mcrates/sui-core/src/checkpoints/mod.rs[0m[2m:[0m[2m1326:[0m Creating checkpoint(s) for 1 transactions [3mnext_checkpoint_seq[0m[2m=[0m330 [3mcheckpoint_timestamp[0m[2m=[0m1742889331493
[2m2025-03-25T07:55:32.090120Z[0m [32m INFO[0m [1mnode[0m[1m{[0m[3mname[0m[2m=[0mk#8dcff6d1..[1m}[0m[2m:[0m [2msui_core::checkpoints[0m[2m:[0m [2mcrates/sui-core/src/checkpoints/mod.rs[0m[2m:[0m[2m1326:[0m Creating checkpoint(s) for 1 transactions [3mnext_checkpoint_seq[0m[2m=[0m330 [3mcheckpoint_timestamp[0m[2m=[0m1742889331493
[2m2025-03-25T07:55:32.090120Z[0m [32m INFO[0m [1mnode[0m[1m{[0m[3mname[0m[2m=[0mk#99f25ef6..[1m}[0m[2m:[0m [2msui_core::checkpoints[0m[2m:[0m [2mcrates/sui-core/src/checkpoints/mod.rs[0m[2m:[0m[2m1326:[0m Creating checkpoint(s) for 1 transactions [3mnext_checkpoint_seq[0m[2m=[0m330 [3mcheckpoint_timestamp[0m[2m=[0m1742889331493
[2m2025-03-25T07:55:32.090378Z[0m [32m INFO[0m [1mnode[0m[1m{[0m[3mname[0m[2m=[0mk#addeef94..[1m}[0m[2m:[0m [2msui_core::checkpoints::checkpoint_output[0m[2m:[0m [2mcrates/sui-core/src/checkpoints/checkpoint_output.rs[0m[2m:[0m[2m149:[0m Creating checkpoint CheckpointDigest(941uW9ubVhea5aBPLEAG6jLGTfjNen3K3JxASvqzorjL) at epoch 1, sequence 330, previous digest Some(CheckpointDigest(EEW4NyAoTRWvA7wfAn9Qoh1nUsZh3koRVsLUZG4RJnmG)), transactions count 1, content digest CheckpointContentsDigest(AjDHd1SVodvESfAXNifomaGLJnPBp7rYRo9hYbTQwc1W), end_of_epoch_data None
[2m2025-03-25T07:55:32.090378Z[0m [32m INFO[0m [1mnode[0m[1m{[0m[3mname[0m[2m=[0mk#8dcff6d1..[1m}[0m[2m:[0m [2msui_core::checkpoints::checkpoint_output[0m[2m:[0m [2mcrates/sui-core/src/checkpoints/checkpoint_output.rs[0m[2m:[0m[2m149:[0m Creating checkpoint CheckpointDigest(941uW9ubVhea5aBPLEAG6jLGTfjNen3K3JxASvqzorjL) at epoch 1, sequence 330, previous digest Some(CheckpointDigest(EEW4NyAoTRWvA7wfAn9Qoh1nUsZh3koRVsLUZG4RJnmG)), transactions count 1, content digest CheckpointContentsDigest(AjDHd1SVodvESfAXNifomaGLJnPBp7rYRo9hYbTQwc1W), end_of_epoch_data None
[2m2025-03-25T07:55:32.090378Z[0m [32m INFO[0m [1mnode[0m[1m{[0m[3mname[0m[2m=[0mk#99f25ef6..[1m}[0m[2m:[0m [2msui_core::checkpoints::checkpoint_output[0m[2m:[0m [2mcrates/sui-core/src/checkpoints/checkpoint_output.rs[0m[2m:[0m[2m149:[0m Creating checkpoint CheckpointDigest(941uW9ubVhea5aBPLEAG6jLGTfjNen3K3JxASvqzorjL) at epoch 1, sequence 330, previous digest Some(CheckpointDigest(EEW4NyAoTRWvA7wfAn9Qoh1nUsZh3koRVsLUZG4RJnmG)), transactions count 1, content digest CheckpointContentsDigest(AjDHd1SVodvESfAXNifomaGLJnPBp7rYRo9hYbTQwc1W), end_of_epoch_data None
[2m2025-03-25T07:55:32.093593Z[0m [32m INFO[0m [1mnode[0m[1m{[0m[3mname[0m[2m=[0mk#8dcff6d1..[1m}[0m[2m:[0m [2msui_core::checkpoints::checkpoint_output[0m[2m:[0m [2mcrates/sui-core/src/checkpoints/checkpoint_output.rs[0m[2m:[0m[2m196:[0m Certified checkpoint with sequence 329 and digest EEW4NyAoTRWvA7wfAn9Qoh1nUsZh3koRVsLUZG4RJnmG
[2m2025-03-25T07:55:32.094364Z[0m [32m INFO[0m [1mnode[0m[1m{[0m[3mname[0m[2m=[0mk#8dcff6d1..[1m}[0m[2m:[0m [2msui_core::checkpoints::checkpoint_executor[0m[2m:[0m [2mcrates/sui-core/src/checkpoints/checkpoint_executor/mod.rs[0m[2m:[0m[2m332:[0m Received checkpoint summary from state sync [3msequence_number[0m[2m=[0m329
[2m2025-03-25T07:55:32.095615Z[0m [32m INFO[0m [1mnode[0m[1m{[0m[3mname[0m[2m=[0mk#b3f3cbb4..[1m}[0m[2m:[0m [2msui_core::checkpoints::checkpoint_executor[0m[2m:[0m [2mcrates/sui-core/src/checkpoints/checkpoint_executor/mod.rs[0m[2m:[0m[2m332:[0m Received checkpoint summary from state sync [3msequence_number[0m[2m=[0m329
[2m2025-03-25T07:55:32.098112Z[0m [32m INFO[0m [1mnode[0m[1m{[0m[3mname[0m[2m=[0mk#8dcff6d1..[1m}[0m[2m:[0m [2msui_core::state_accumulator[0m[2m:[0m [2mcrates/sui-core/src/state_accumulator.rs[0m[2m:[0m[2m675:[0m accumulating running root for checkpoint 329
[2m2025-03-25T07:55:32.159812Z[0m [32m INFO[0m [1mnode[0m[1m{[0m[3mname[0m[2m=[0mk#addeef94..[1m}[0m[2m:[0m [2msui_core::checkpoints::checkpoint_executor[0m[2m:[0m [2mcrates/sui-core/src/checkpoints/checkpoint_executor/mod.rs[0m[2m:[0m[2m332:[0m Received checkpoint summary from state sync [3msequence_number[0m[2m=[0m329
[2m2025-03-25T07:55:32.161219Z[0m [32m INFO[0m [1mnode[0m[1m{[0m[3mname[0m[2m=[0mk#addeef94..[1m}[0m[2m:[0m [2msui_core::state_accumulator[0m[2m:[0m [2mcrates/sui-core/src/state_accumulator.rs[0m[2m:[0m[2m675:[0m accumulating running root for checkpoint 329
[2m2025-03-25T07:55:32.186432Z[0m [32m INFO[0m [1mnode[0m[1m{[0m[3mname[0m[2m=[0mk#b3f3cbb4..[1m}[0m[2m:[0m [2msui_core::state_accumulator[0m[2m:[0m [2mcrates/sui-core/src/state_accumulator.rs[0m[2m:[0m[2m675:[0m accumulating running root for checkpoint 329
[2m2025-03-25T07:55:32.268603Z[0m [32m INFO[0m [1mnode[0m[1m{[0m[3mname[0m[2m=[0mk#8dcff6d1..[1m}[0m[2m:[0m [2mconsensus_core::core[0m[2m:[0m [2mconsensus/core/src/core.rs[0m[2m:[0m[2m945:[0m Included 3 ancestors & excluded 0 ancestors for proposal in round 129
[2m2025-03-25T07:55:32.268831Z[0m [32m INFO[0m [1mnode[0m[1m{[0m[3mname[0m[2m=[0mk#addeef94..[1m}[0m[2m:[0m [2mconsensus_core::core[0m[2m:[0m [2mconsensus/core/src/core.rs[0m[2m:[0m[2m945:[0m Included 3 ancestors & excluded 0 ancestors for proposal in round 129
[2m2025-03-25T07:55:32.269154Z[0m [32m INFO[0m [1mnode[0m[1m{[0m[3mname[0m[2m=[0mk#8dcff6d1..[1m}[0m[2m:[0m [2mconsensus_core::core[0m[2m:[0m [2mconsensus/core/src/core.rs[0m[2m:[0m[2m531:[0m Created block B129(A,gNsXyRjR8NyNXLsiBVk0VtZmWfOlp+Q1qdqVa17WSWM=)(1742889332268ms;[B128(A,jfYyc10+XGLaOSiIVfSj94nL3EO6BELiTpAYnzqIDNs=), B128(B,crxqxgzrg4ELESZlXNrHkYDNkYXW/zqR1ntDF4cvBSo=), B128(C,BqsrlKhDj8jLgN/tzxYjkzOHNd9LX75hwx1LAlq+/KY=)];1t;1c) for round 129
[2m2025-03-25T07:55:32.269229Z[0m [32m INFO[0m [1mnode[0m[1m{[0m[3mname[0m[2m=[0mk#addeef94..[1m}[0m[2m:[0m [2mconsensus_core::core[0m[2m:[0m [2mconsensus/core/src/core.rs[0m[2m:[0m[2m531:[0m Created block B129(C,4MOQFBF7dqJ8FRFNFt5qtrkcv/2DI7M8mEt/6BUztS8=)(1742889332268ms;[B128(C,BqsrlKhDj8jLgN/tzxYjkzOHNd9LX75hwx1LAlq+/KY=), B128(A,jfYyc10+XGLaOSiIVfSj94nL3EO6BELiTpAYnzqIDNs=), B128(B,crxqxgzrg4ELESZlXNrHkYDNkYXW/zqR1ntDF4cvBSo=)];1t;1c) for round 129
[2m2025-03-25T07:55:32.271662Z[0m [32m INFO[0m [1mnode[0m[1m{[0m[3mname[0m[2m=[0mk#8dcff6d1..[1m}[0m[2m:[0m [2mconsensus_core::core[0m[2m:[0m [2mconsensus/core/src/core.rs[0m[2m:[0m[2m630:[0m Committing 1 leaders: B127(B,lVVW)
[2m2025-03-25T07:55:32.271718Z[0m [32m INFO[0m [1mnode[0m[1m{[0m[3mname[0m[2m=[0mk#addeef94..[1m}[0m[2m:[0m [2mconsensus_core::core[0m[2m:[0m [2mconsensus/core/src/core.rs[0m[2m:[0m[2m630:[0m Committing 1 leaders: B127(B,lVVW)
[2m2025-03-25T07:55:32.271793Z[0m [32m INFO[0m [1mnode[0m[1m{[0m[3mname[0m[2m=[0mk#8dcff6d1..[1m}[0m[2m:[0m [2mconsensus_core::commit_observer[0m[2m:[0m [2mconsensus/core/src/commit_observer.rs[0m[2m:[0m[2m173:[0m Consensus commit C118(Y11I) with leader B127(B,lVVW) has 3 blocks
[2m2025-03-25T07:55:32.271834Z[0m [32m INFO[0m [1mnode[0m[1m{[0m[3mname[0m[2m=[0mk#addeef94..[1m}[0m[2m:[0m [2mconsensus_core::commit_observer[0m[2m:[0m [2mconsensus/core/src/commit_observer.rs[0m[2m:[0m[2m173:[0m Consensus commit C118(Y11I) with leader B127(B,lVVW) has 3 blocks
[2m2025-03-25T07:55:32.271901Z[0m [32m INFO[0m [1mnode[0m[1m{[0m[3mname[0m[2m=[0mk#8dcff6d1..[1m}[0m[2m:[0m [2msui_core::consensus_handler[0m[2m:[0m [2mcrates/sui-core/src/consensus_handler.rs[0m[2m:[0m[2m232:[0m Received consensus output [3mconsensus_commit[0m[2m=[0mCommittedSubDag(leader=B127(B,lVVW), ref=C118(Y11I), blocks=[d+L4, DAm9, lVVW]) [3mepoch[0m[2m=[0m1
[2m2025-03-25T07:55:32.271928Z[0m [32m INFO[0m [1mnode[0m[1m{[0m[3mname[0m[2m=[0mk#addeef94..[1m}[0m[2m:[0m [2msui_core::consensus_handler[0m[2m:[0m [2mcrates/sui-core/src/consensus_handler.rs[0m[2m:[0m[2m232:[0m Received consensus output [3mconsensus_commit[0m[2m=[0mCommittedSubDag(leader=B127(B,lVVW), ref=C118(Y11I), blocks=[d+L4, DAm9, lVVW]) [3mepoch[0m[2m=[0m1
[2m2025-03-25T07:55:32.274726Z[0m [32m INFO[0m [1mnode[0m[1m{[0m[3mname[0m[2m=[0mk#99f25ef6..[1m}[0m[2m:[0m [2msui_core::checkpoints::checkpoint_output[0m[2m:[0m [2mcrates/sui-core/src/checkpoints/checkpoint_output.rs[0m[2m:[0m[2m196:[0m Certified checkpoint with sequence 330 and digest 941uW9ubVhea5aBPLEAG6jLGTfjNen3K3JxASvqzorjL
[2m2025-03-25T07:55:32.274871Z[0m [32m INFO[0m [1mnode[0m[1m{[0m[3mname[0m[2m=[0mk#99f25ef6..[1m}[0m[2m:[0m [2mconsensus_core::core[0m[2m:[0m [2mconsensus/core/src/core.rs[0m[2m:[0m[2m630:[0m Committing 1 leaders: B127(B,lVVW)
[2m2025-03-25T07:55:32.275039Z[0m [32m INFO[0m [1mnode[0m[1m{[0m[3mname[0m[2m=[0mk#99f25ef6..[1m}[0m[2m:[0m [2mconsensus_core::commit_observer[0m[2m:[0m [2mconsensus/core/src/commit_observer.rs[0m[2m:[0m[2m173:[0m Consensus commit C118(Y11I) with leader B127(B,lVVW) has 3 blocks
[2m2025-03-25T07:55:32.275535Z[0m [32m INFO[0m [1mnode[0m[1m{[0m[3mname[0m[2m=[0mk#99f25ef6..[1m}[0m[2m:[0m [2msui_core::consensus_handler[0m[2m:[0m [2mcrates/sui-core/src/consensus_handler.rs[0m[2m:[0m[2m232:[0m Received consensus output [3mconsensus_commit[0m[2m=[0mCommittedSubDag(leader=B127(B,lVVW), ref=C118(Y11I), blocks=[d+L4, DAm9, lVVW]) [3mepoch[0m[2m=[0m1
[2m2025-03-25T07:55:32.276218Z[0m [32m INFO[0m [1mnode[0m[1m{[0m[3mname[0m[2m=[0mk#99f25ef6..[1m}[0m[2m:[0m [2msui_core::checkpoints::checkpoint_executor[0m[2m:[0m [2mcrates/sui-core/src/checkpoints/checkpoint_executor/mod.rs[0m[2m:[0m[2m332:[0m Received checkpoint summary from state sync [3msequence_number[0m[2m=[0m330
[2m2025-03-25T07:55:32.278013Z[0m [32m INFO[0m [1mnode[0m[1m{[0m[3mname[0m[2m=[0mk#99f25ef6..[1m}[0m[2m:[0m [2msui_core::state_accumulator[0m[2m:[0m [2mcrates/sui-core/src/state_accumulator.rs[0m[2m:[0m[2m675:[0m accumulating running root for checkpoint 330
[2m2025-03-25T07:55:32.302709Z[0m [32m INFO[0m [1mnode[0m[1m{[0m[3mname[0m[2m=[0mk#addeef94..[1m}[0m[2m:[0m [2msui_core::checkpoints[0m[2m:[0m [2mcrates/sui-core/src/checkpoints/mod.rs[0m[2m:[0m[2m1326:[0m Creating checkpoint(s) for 2 transactions [3mnext_checkpoint_seq[0m[2m=[0m331 [3mcheckpoint_timestamp[0m[2m=[0m1742889331747
[2m2025-03-25T07:55:32.302709Z[0m [32m INFO[0m [1mnode[0m[1m{[0m[3mname[0m[2m=[0mk#8dcff6d1..[1m}[0m[2m:[0m [2msui_core::checkpoints[0m[2m:[0m [2mcrates/sui-core/src/checkpoints/mod.rs[0m[2m:[0m[2m1326:[0m Creating checkpoint(s) for 2 transactions [3mnext_checkpoint_seq[0m[2m=[0m331 [3mcheckpoint_timestamp[0m[2m=[0m1742889331747
[2m2025-03-25T07:55:32.303022Z[0m [32m INFO[0m [1mnode[0m[1m{[0m[3mname[0m[2m=[0mk#8dcff6d1..[1m}[0m[2m:[0m [2msui_core::checkpoints::checkpoint_output[0m[2m:[0m [2mcrates/sui-core/src/checkpoints/checkpoint_output.rs[0m[2m:[0m[2m149:[0m Creating checkpoint CheckpointDigest(DM6G6RAVN7TWC6GT2mbpHDZMM2ZnH1Dq2VbDUjfryJgx) at epoch 1, sequence 331, previous digest Some(CheckpointDigest(941uW9ubVhea5aBPLEAG6jLGTfjNen3K3JxASvqzorjL)), transactions count 2, content digest CheckpointContentsDigest(BharnvXfksDrxj4NWfwsJhcVBWVw1gkpVFqXgzTowcD2), end_of_epoch_data None
[2m2025-03-25T07:55:32.303022Z[0m [32m INFO[0m [1mnode[0m[1m{[0m[3mname[0m[2m=[0mk#addeef94..[1m}[0m[2m:[0m [2msui_core::checkpoints::checkpoint_output[0m[2m:[0m [2mcrates/sui-core/src/checkpoints/checkpoint_output.rs[0m[2m:[0m[2m149:[0m Creating checkpoint CheckpointDigest(DM6G6RAVN7TWC6GT2mbpHDZMM2ZnH1Dq2VbDUjfryJgx) at epoch 1, sequence 331, previous digest Some(CheckpointDigest(941uW9ubVhea5aBPLEAG6jLGTfjNen3K3JxASvqzorjL)), transactions count 2, content digest CheckpointContentsDigest(BharnvXfksDrxj4NWfwsJhcVBWVw1gkpVFqXgzTowcD2), end_of_epoch_data None
[2m2025-03-25T07:55:32.305295Z[0m [32m INFO[0m [1mnode[0m[1m{[0m[3mname[0m[2m=[0mk#addeef94..[1m}[0m[2m:[0m [2msui_core::checkpoints::checkpoint_executor[0m[2m:[0m [2mcrates/sui-core/src/checkpoints/checkpoint_executor/mod.rs[0m[2m:[0m[2m332:[0m Received checkpoint summary from state sync [3msequence_number[0m[2m=[0m330
[2m2025-03-25T07:55:32.305530Z[0m [32m INFO[0m [1mnode[0m[1m{[0m[3mname[0m[2m=[0mk#8dcff6d1..[1m}[0m[2m:[0m [2msui_core::checkpoints::checkpoint_executor[0m[2m:[0m [2mcrates/sui-core/src/checkpoints/checkpoint_executor/mod.rs[0m[2m:[0m[2m332:[0m Received checkpoint summary from state sync [3msequence_number[0m[2m=[0m326
[2m2025-03-25T07:55:32.305616Z[0m [32m INFO[0m [1mnode[0m[1m{[0m[3mname[0m[2m=[0mk#8dcff6d1..[1m}[0m[2m:[0m [2msui_core::checkpoints::checkpoint_executor[0m[2m:[0m [2mcrates/sui-core/src/checkpoints/checkpoint_executor/mod.rs[0m[2m:[0m[2m332:[0m Received checkpoint summary from state sync [3msequence_number[0m[2m=[0m327
[2m2025-03-25T07:55:32.305659Z[0m [32m INFO[0m [1mnode[0m[1m{[0m[3mname[0m[2m=[0mk#8dcff6d1..[1m}[0m[2m:[0m [2msui_core::checkpoints::checkpoint_executor[0m[2m:[0m [2mcrates/sui-core/src/checkpoints/checkpoint_executor/mod.rs[0m[2m:[0m[2m332:[0m Received checkpoint summary from state sync [3msequence_number[0m[2m=[0m328
[2m2025-03-25T07:55:32.305700Z[0m [32m INFO[0m [1mnode[0m[1m{[0m[3mname[0m[2m=[0mk#8dcff6d1..[1m}[0m[2m:[0m [2msui_core::checkpoints::checkpoint_executor[0m[2m:[0m [2mcrates/sui-core/src/checkpoints/checkpoint_executor/mod.rs[0m[2m:[0m[2m332:[0m Received checkpoint summary from state sync [3msequence_number[0m[2m=[0m329
[2m2025-03-25T07:55:32.305741Z[0m [32m INFO[0m [1mnode[0m[1m{[0m[3mname[0m[2m=[0mk#8dcff6d1..[1m}[0m[2m:[0m [2msui_core::checkpoints::checkpoint_executor[0m[2m:[0m [2mcrates/sui-core/src/checkpoints/checkpoint_executor/mod.rs[0m[2m:[0m[2m332:[0m Received checkpoint summary from state sync [3msequence_number[0m[2m=[0m330
[2m2025-03-25T07:55:32.306113Z[0m [32m INFO[0m [1mnode[0m[1m{[0m[3mname[0m[2m=[0mk#addeef94..[1m}[0m[2m:[0m [2msui_core::state_accumulator[0m[2m:[0m [2mcrates/sui-core/src/state_accumulator.rs[0m[2m:[0m[2m675:[0m accumulating running root for checkpoint 330
[2m2025-03-25T07:55:32.306346Z[0m [32m INFO[0m [1mnode[0m[1m{[0m[3mname[0m[2m=[0mk#99f25ef6..[1m}[0m[2m:[0m [2msui_core::checkpoints[0m[2m:[0m [2mcrates/sui-core/src/checkpoints/mod.rs[0m[2m:[0m[2m1326:[0m Creating checkpoint(s) for 2 transactions [3mnext_checkpoint_seq[0m[2m=[0m331 [3mcheckpoint_timestamp[0m[2m=[0m1742889331747
[2m2025-03-25T07:55:32.306443Z[0m [32m INFO[0m [1mnode[0m[1m{[0m[3mname[0m[2m=[0mk#8dcff6d1..[1m}[0m[2m:[0m [2msui_core::state_accumulator[0m[2m:[0m [2mcrates/sui-core/src/state_accumulator.rs[0m[2m:[0m[2m675:[0m accumulating running root for checkpoint 330
[2m2025-03-25T07:55:32.306613Z[0m [32m INFO[0m [1mnode[0m[1m{[0m[3mname[0m[2m=[0mk#99f25ef6..[1m}[0m[2m:[0m [2msui_core::checkpoints::checkpoint_output[0m[2m:[0m [2mcrates/sui-core/src/checkpoints/checkpoint_output.rs[0m[2m:[0m[2m149:[0m Creating checkpoint CheckpointDigest(DM6G6RAVN7TWC6GT2mbpHDZMM2ZnH1Dq2VbDUjfryJgx) at epoch 1, sequence 331, previous digest Some(CheckpointDigest(941uW9ubVhea5aBPLEAG6jLGTfjNen3K3JxASvqzorjL)), transactions count 2, content digest CheckpointContentsDigest(BharnvXfksDrxj4NWfwsJhcVBWVw1gkpVFqXgzTowcD2), end_of_epoch_data None
[2m2025-03-25T07:55:32.308440Z[0m [32m INFO[0m [1mnode[0m[1m{[0m[3mname[0m[2m=[0mk#b3f3cbb4..[1m}[0m[2m:[0m [2msui_core::checkpoints::checkpoint_executor[0m[2m:[0m [2mcrates/sui-core/src/checkpoints/checkpoint_executor/mod.rs[0m[2m:[0m[2m332:[0m Received checkpoint summary from state sync [3msequence_number[0m[2m=[0m330
[2m2025-03-25T07:55:32.334300Z[0m [32m INFO[0m [1mnode[0m[1m{[0m[3mname[0m[2m=[0mk#b3f3cbb4..[1m}[0m[2m:[0m [2msui_core::state_accumulator[0m[2m:[0m [2mcrates/sui-core/src/state_accumulator.rs[0m[2m:[0m[2m675:[0m accumulating running root for checkpoint 330
[2m2025-03-25T07:55:32.523343Z[0m [32m INFO[0m [1mnode[0m[1m{[0m[3mname[0m[2m=[0mk#8dcff6d1..[1m}[0m[2m:[0m [2mconsensus_core::core[0m[2m:[0m [2mconsensus/core/src/core.rs[0m[2m:[0m[2m945:[0m Included 2 ancestors & excluded 0 ancestors for proposal in round 130
[2m2025-03-25T07:55:32.524012Z[0m [32m INFO[0m [1mnode[0m[1m{[0m[3mname[0m[2m=[0mk#addeef94..[1m}[0m[2m:[0m [2mconsensus_core::core[0m[2m:[0m [2mconsensus/core/src/core.rs[0m[2m:[0m[2m945:[0m Included 2 ancestors & excluded 0 ancestors for proposal in round 130
[2m2025-03-25T07:55:32.525077Z[0m [32m INFO[0m [1mnode[0m[1m{[0m[3mname[0m[2m=[0mk#8dcff6d1..[1m}[0m[2m:[0m [2mconsensus_core::core[0m[2m:[0m [2mconsensus/core/src/core.rs[0m[2m:[0m[2m531:[0m Created block B130(A,TndXx8UrO9s56hyBxBiBPfOlnCdOu1G+4LsXoIVxifs=)(1742889332523ms;[B129(A,gNsXyRjR8NyNXLsiBVk0VtZmWfOlp+Q1qdqVa17WSWM=), B129(C,4MOQFBF7dqJ8FRFNFt5qtrkcv/2DI7M8mEt/6BUztS8=)];1t;1c) for round 130
[2m2025-03-25T07:55:32.525319Z[0m [32m INFO[0m [1mnode[0m[1m{[0m[3mname[0m[2m=[0mk#addeef94..[1m}[0m[2m:[0m [2mconsensus_core::core[0m[2m:[0m [2mconsensus/core/src/core.rs[0m[2m:[0m[2m531:[0m Created block B130(C,24n3OO2guQ6ysYwX5ciuD0O4mO2cS+14/6oETmPHAI4=)(1742889332524ms;[B129(C,4MOQFBF7dqJ8FRFNFt5qtrkcv/2DI7M8mEt/6BUztS8=), B129(A,gNsXyRjR8NyNXLsiBVk0VtZmWfOlp+Q1qdqVa17WSWM=)];1t;1c) for round 130
[2m2025-03-25T07:55:32.531426Z[0m [32m INFO[0m [1mnode[0m[1m{[0m[3mname[0m[2m=[0mk#99f25ef6..[1m}[0m[2m:[0m [2mconsensus_core::core[0m[2m:[0m [2mconsensus/core/src/core.rs[0m[2m:[0m[2m945:[0m Included 3 ancestors & excluded 0 ancestors for proposal in round 130
[2m2025-03-25T07:55:32.532674Z[0m [32m INFO[0m [1mnode[0m[1m{[0m[3mname[0m[2m=[0mk#99f25ef6..[1m}[0m[2m:[0m [2mconsensus_core::core[0m[2m:[0m [2mconsensus/core/src/core.rs[0m[2m:[0m[2m531:[0m Created block B130(B,LKKBunqzt5SQdid1u7H2nzSa3LmpmDgLzcT0Y2Xe5gk=)(1742889332531ms;[B128(B,crxqxgzrg4ELESZlXNrHkYDNkYXW/zqR1ntDF4cvBSo=), B129(A,gNsXyRjR8NyNXLsiBVk0VtZmWfOlp+Q1qdqVa17WSWM=), B129(C,4MOQFBF7dqJ8FRFNFt5qtrkcv/2DI7M8mEt/6BUztS8=)];2t;2c) for round 130
[2m2025-03-25T07:55:32.532832Z[0m [32m INFO[0m [1mnode[0m[1m{[0m[3mname[0m[2m=[0mk#addeef94..[1m}[0m[2m:[0m [2mconsensus_core::core[0m[2m:[0m [2mconsensus/core/src/core.rs[0m[2m:[0m[2m630:[0m Committing 1 leaders: B128(C,Bqsr)
[2m2025-03-25T07:55:32.532832Z[0m [32m INFO[0m [1mnode[0m[1m{[0m[3mname[0m[2m=[0mk#8dcff6d1..[1m}[0m[2m:[0m [2mconsensus_core::core[0m[2m:[0m [2mconsensus/core/src/core.rs[0m[2m:[0m[2m630:[0m Committing 1 leaders: B128(C,Bqsr)
[2m2025-03-25T07:55:32.533128Z[0m [32m INFO[0m [1mnode[0m[1m{[0m[3mname[0m[2m=[0mk#99f25ef6..[1m}[0m[2m:[0m [2mconsensus_core::core[0m[2m:[0m [2mconsensus/core/src/core.rs[0m[2m:[0m[2m630:[0m Committing 1 leaders: B128(C,Bqsr)
[2m2025-03-25T07:55:32.533216Z[0m [32m INFO[0m [1mnode[0m[1m{[0m[3mname[0m[2m=[0mk#addeef94..[1m}[0m[2m:[0m [2mconsensus_core::commit_observer[0m[2m:[0m [2mconsensus/core/src/commit_observer.rs[0m[2m:[0m[2m173:[0m Consensus commit C119(eIqL) with leader B128(C,Bqsr) has 3 blocks
[2m2025-03-25T07:55:32.533216Z[0m [32m INFO[0m [1mnode[0m[1m{[0m[3mname[0m[2m=[0mk#8dcff6d1..[1m}[0m[2m:[0m [2mconsensus_core::commit_observer[0m[2m:[0m [2mconsensus/core/src/commit_observer.rs[0m[2m:[0m[2m173:[0m Consensus commit C119(eIqL) with leader B128(C,Bqsr) has 3 blocks
[2m2025-03-25T07:55:32.533491Z[0m [32m INFO[0m [1mnode[0m[1m{[0m[3mname[0m[2m=[0mk#99f25ef6..[1m}[0m[2m:[0m [2mconsensus_core::commit_observer[0m[2m:[0m [2mconsensus/core/src/commit_observer.rs[0m[2m:[0m[2m173:[0m Consensus commit C119(eIqL) with leader B128(C,Bqsr) has 3 blocks
[2m2025-03-25T07:55:32.533512Z[0m [32m INFO[0m [1mnode[0m[1m{[0m[3mname[0m[2m=[0mk#8dcff6d1..[1m}[0m[2m:[0m [2msui_core::consensus_handler[0m[2m:[0m [2mcrates/sui-core/src/consensus_handler.rs[0m[2m:[0m[2m232:[0m Received consensus output [3mconsensus_commit[0m[2m=[0mCommittedSubDag(leader=B128(C,Bqsr), ref=C119(eIqL), blocks=[8ffi, m3zR, Bqsr]) [3mepoch[0m[2m=[0m1
[2m2025-03-25T07:55:32.533512Z[0m [32m INFO[0m [1mnode[0m[1m{[0m[3mname[0m[2m=[0mk#addeef94..[1m}[0m[2m:[0m [2msui_core::consensus_handler[0m[2m:[0m [2mcrates/sui-core/src/consensus_handler.rs[0m[2m:[0m[2m232:[0m Received consensus output [3mconsensus_commit[0m[2m=[0mCommittedSubDag(leader=B128(C,Bqsr), ref=C119(eIqL), blocks=[8ffi, m3zR, Bqsr]) [3mepoch[0m[2m=[0m1
[2m2025-03-25T07:55:32.534257Z[0m [32m INFO[0m [1mnode[0m[1m{[0m[3mname[0m[2m=[0mk#99f25ef6..[1m}[0m[2m:[0m [2msui_core::consensus_handler[0m[2m:[0m [2mcrates/sui-core/src/consensus_handler.rs[0m[2m:[0m[2m232:[0m Received consensus output [3mconsensus_commit[0m[2m=[0mCommittedSubDag(leader=B128(C,Bqsr), ref=C119(eIqL), blocks=[8ffi, m3zR, Bqsr]) [3mepoch[0m[2m=[0m1
[2m2025-03-25T07:55:32.608642Z[0m [32m INFO[0m [1mnode[0m[1m{[0m[3mname[0m[2m=[0mk#8dcff6d1..[1m}[0m[2m:[0m [2msui_core::checkpoints[0m[2m:[0m [2mcrates/sui-core/src/checkpoints/mod.rs[0m[2m:[0m[2m1326:[0m Creating checkpoint(s) for 1 transactions [3mnext_checkpoint_seq[0m[2m=[0m332 [3mcheckpoint_timestamp[0m[2m=[0m1742889332006
[2m2025-03-25T07:55:32.608642Z[0m [32m INFO[0m [1mnode[0m[1m{[0m[3mname[0m[2m=[0mk#99f25ef6..[1m}[0m[2m:[0m [2msui_core::checkpoints[0m[2m:[0m [2mcrates/sui-core/src/checkpoints/mod.rs[0m[2m:[0m[2m1326:[0m Creating checkpoint(s) for 1 transactions [3mnext_checkpoint_seq[0m[2m=[0m332 [3mcheckpoint_timestamp[0m[2m=[0m1742889332006
[2m2025-03-25T07:55:32.608642Z[0m [32m INFO[0m [1mnode[0m[1m{[0m[3mname[0m[2m=[0mk#addeef94..[1m}[0m[2m:[0m [2msui_core::checkpoints[0m[2m:[0m [2mcrates/sui-core/src/checkpoints/mod.rs[0m[2m:[0m[2m1326:[0m Creating checkpoint(s) for 1 transactions [3mnext_checkpoint_seq[0m[2m=[0m332 [3mcheckpoint_timestamp[0m[2m=[0m1742889332006
[2m2025-03-25T07:55:32.608907Z[0m [32m INFO[0m [1mnode[0m[1m{[0m[3mname[0m[2m=[0mk#addeef94..[1m}[0m[2m:[0m [2msui_core::checkpoints::checkpoint_output[0m[2m:[0m [2mcrates/sui-core/src/checkpoints/checkpoint_output.rs[0m[2m:[0m[2m149:[0m Creating checkpoint CheckpointDigest(EzPcsSYQ6qf6xhrYmdruCg3MSLYXubXpp8E3vomAYNjy) at epoch 1, sequence 332, previous digest Some(CheckpointDigest(DM6G6RAVN7TWC6GT2mbpHDZMM2ZnH1Dq2VbDUjfryJgx)), transactions count 1, content digest CheckpointContentsDigest(3KDHKku7Sz8PvUdUVxs22q4DR423xbhRhNqQbNiZgcri), end_of_epoch_data None
[2m2025-03-25T07:55:32.608907Z[0m [32m INFO[0m [1mnode[0m[1m{[0m[3mname[0m[2m=[0mk#8dcff6d1..[1m}[0m[2m:[0m [2msui_core::checkpoints::checkpoint_output[0m[2m:[0m [2mcrates/sui-core/src/checkpoints/checkpoint_output.rs[0m[2m:[0m[2m149:[0m Creating checkpoint CheckpointDigest(EzPcsSYQ6qf6xhrYmdruCg3MSLYXubXpp8E3vomAYNjy) at epoch 1, sequence 332, previous digest Some(CheckpointDigest(DM6G6RAVN7TWC6GT2mbpHDZMM2ZnH1Dq2VbDUjfryJgx)), transactions count 1, content digest CheckpointContentsDigest(3KDHKku7Sz8PvUdUVxs22q4DR423xbhRhNqQbNiZgcri), end_of_epoch_data None
[2m2025-03-25T07:55:32.608907Z[0m [32m INFO[0m [1mnode[0m[1m{[0m[3mname[0m[2m=[0mk#99f25ef6..[1m}[0m[2m:[0m [2msui_core::checkpoints::checkpoint_output[0m[2m:[0m [2mcrates/sui-core/src/checkpoints/checkpoint_output.rs[0m[2m:[0m[2m149:[0m Creating checkpoint CheckpointDigest(EzPcsSYQ6qf6xhrYmdruCg3MSLYXubXpp8E3vomAYNjy) at epoch 1, sequence 332, previous digest Some(CheckpointDigest(DM6G6RAVN7TWC6GT2mbpHDZMM2ZnH1Dq2VbDUjfryJgx)), transactions count 1, content digest CheckpointContentsDigest(3KDHKku7Sz8PvUdUVxs22q4DR423xbhRhNqQbNiZgcri), end_of_epoch_data None
[2m2025-03-25T07:55:32.612242Z[0m [32m INFO[0m [1mnode[0m[1m{[0m[3mname[0m[2m=[0mk#99f25ef6..[1m}[0m[2m:[0m [2msui_core::checkpoints::checkpoint_output[0m[2m:[0m [2mcrates/sui-core/src/checkpoints/checkpoint_output.rs[0m[2m:[0m[2m196:[0m Certified checkpoint with sequence 331 and digest DM6G6RAVN7TWC6GT2mbpHDZMM2ZnH1Dq2VbDUjfryJgx
[2m2025-03-25T07:55:32.612438Z[0m [32m INFO[0m [1mnode[0m[1m{[0m[3mname[0m[2m=[0mk#8dcff6d1..[1m}[0m[2m:[0m [2msui_core::checkpoints::checkpoint_output[0m[2m:[0m [2mcrates/sui-core/src/checkpoints/checkpoint_output.rs[0m[2m:[0m[2m196:[0m Certified checkpoint with sequence 331 and digest DM6G6RAVN7TWC6GT2mbpHDZMM2ZnH1Dq2VbDUjfryJgx
[2m2025-03-25T07:55:32.612995Z[0m [32m INFO[0m [1mnode[0m[1m{[0m[3mname[0m[2m=[0mk#8dcff6d1..[1m}[0m[2m:[0m [2msui_core::checkpoints::checkpoint_executor[0m[2m:[0m [2mcrates/sui-core/src/checkpoints/checkpoint_executor/mod.rs[0m[2m:[0m[2m332:[0m Received checkpoint summary from state sync [3msequence_number[0m[2m=[0m331
[2m2025-03-25T07:55:32.615126Z[0m [32m INFO[0m [1mnode[0m[1m{[0m[3mname[0m[2m=[0mk#99f25ef6..[1m}[0m[2m:[0m [2msui_core::checkpoints::checkpoint_executor[0m[2m:[0m [2mcrates/sui-core/src/checkpoints/checkpoint_executor/mod.rs[0m[2m:[0m[2m332:[0m Received checkpoint summary from state sync [3msequence_number[0m[2m=[0m331
[2m2025-03-25T07:55:32.616812Z[0m [32m INFO[0m [1mnode[0m[1m{[0m[3mname[0m[2m=[0mk#8dcff6d1..[1m}[0m[2m:[0m [2msui_core::state_accumulator[0m[2m:[0m [2mcrates/sui-core/src/state_accumulator.rs[0m[2m:[0m[2m675:[0m accumulating running root for checkpoint 331
[2m2025-03-25T07:55:32.633177Z[0m [32m INFO[0m [1mnode[0m[1m{[0m[3mname[0m[2m=[0mk#99f25ef6..[1m}[0m[2m:[0m [2msui_core::state_accumulator[0m[2m:[0m [2mcrates/sui-core/src/state_accumulator.rs[0m[2m:[0m[2m675:[0m accumulating running root for checkpoint 331
[2m2025-03-25T07:55:32.678292Z[0m [32m INFO[0m [1mnode[0m[1m{[0m[3mname[0m[2m=[0mk#addeef94..[1m}[0m[2m:[0m [2msui_core::checkpoints::checkpoint_executor[0m[2m:[0m [2mcrates/sui-core/src/checkpoints/checkpoint_executor/mod.rs[0m[2m:[0m[2m332:[0m Received checkpoint summary from state sync [3msequence_number[0m[2m=[0m331
[2m2025-03-25T07:55:32.679690Z[0m [32m INFO[0m [1mnode[0m[1m{[0m[3mname[0m[2m=[0mk#addeef94..[1m}[0m[2m:[0m [2msui_core::state_accumulator[0m[2m:[0m [2mcrates/sui-core/src/state_accumulator.rs[0m[2m:[0m[2m675:[0m accumulating running root for checkpoint 331
[2m2025-03-25T07:55:32.680403Z[0m [32m INFO[0m [1mnode[0m[1m{[0m[3mname[0m[2m=[0mk#b3f3cbb4..[1m}[0m[2m:[0m [2msui_core::checkpoints::checkpoint_executor[0m[2m:[0m [2mcrates/sui-core/src/checkpoints/checkpoint_executor/mod.rs[0m[2m:[0m[2m332:[0m Received checkpoint summary from state sync [3msequence_number[0m[2m=[0m331
[2m2025-03-25T07:55:32.768739Z[0m [32m INFO[0m [1mnode[0m[1m{[0m[3mname[0m[2m=[0mk#b3f3cbb4..[1m}[0m[2m:[0m [2msui_core::state_accumulator[0m[2m:[0m [2mcrates/sui-core/src/state_accumulator.rs[0m[2m:[0m[2m675:[0m accumulating running root for checkpoint 331
[2m2025-03-25T07:55:32.784911Z[0m [32m INFO[0m [1mnode[0m[1m{[0m[3mname[0m[2m=[0mk#addeef94..[1m}[0m[2m:[0m [2mconsensus_core::core[0m[2m:[0m [2mconsensus/core/src/core.rs[0m[2m:[0m[2m945:[0m Included 3 ancestors & excluded 0 ancestors for proposal in round 131
[2m2025-03-25T07:55:32.785340Z[0m [32m INFO[0m [1mnode[0m[1m{[0m[3mname[0m[2m=[0mk#addeef94..[1m}[0m[2m:[0m [2mconsensus_core::core[0m[2m:[0m [2mconsensus/core/src/core.rs[0m[2m:[0m[2m531:[0m Created block B131(C,s4mWmeQrfA7MYl9ks3CSr4KqAcN4fNquOci5tAmx2Tg=)(1742889332785ms;[B130(C,24n3OO2guQ6ysYwX5ciuD0O4mO2cS+14/6oETmPHAI4=), B130(A,TndXx8UrO9s56hyBxBiBPfOlnCdOu1G+4LsXoIVxifs=), B130(B,LKKBunqzt5SQdid1u7H2nzSa3LmpmDgLzcT0Y2Xe5gk=)];1t;1c) for round 131
[2m2025-03-25T07:55:32.785547Z[0m [32m INFO[0m [1mnode[0m[1m{[0m[3mname[0m[2m=[0mk#8dcff6d1..[1m}[0m[2m:[0m [2mconsensus_core::core[0m[2m:[0m [2mconsensus/core/src/core.rs[0m[2m:[0m[2m945:[0m Included 3 ancestors & excluded 0 ancestors for proposal in round 131
[2m2025-03-25T07:55:32.785855Z[0m [32m INFO[0m [1mnode[0m[1m{[0m[3mname[0m[2m=[0mk#8dcff6d1..[1m}[0m[2m:[0m [2mconsensus_core::core[0m[2m:[0m [2mconsensus/core/src/core.rs[0m[2m:[0m[2m531:[0m Created block B131(A,7lqhChZkZR0tVjL0hEtrBkyQg030nhLZKZiZt+F3b/g=)(1742889332785ms;[B130(A,TndXx8UrO9s56hyBxBiBPfOlnCdOu1G+4LsXoIVxifs=), B130(B,LKKBunqzt5SQdid1u7H2nzSa3LmpmDgLzcT0Y2Xe5gk=), B130(C,24n3OO2guQ6ysYwX5ciuD0O4mO2cS+14/6oETmPHAI4=)];1t;1c) for round 131
[2m2025-03-25T07:55:32.786979Z[0m [32m INFO[0m [1mnode[0m[1m{[0m[3mname[0m[2m=[0mk#99f25ef6..[1m}[0m[2m:[0m [2mconsensus_core::core[0m[2m:[0m [2mconsensus/core/src/core.rs[0m[2m:[0m[2m945:[0m Included 3 ancestors & excluded 0 ancestors for proposal in round 131
[2m2025-03-25T07:55:32.787268Z[0m [32m INFO[0m [1mnode[0m[1m{[0m[3mname[0m[2m=[0mk#99f25ef6..[1m}[0m[2m:[0m [2mconsensus_core::core[0m[2m:[0m [2mconsensus/core/src/core.rs[0m[2m:[0m[2m531:[0m Created block B131(B,DXp5wvaJayO0M+YpOiCXw+d1Tu9YWDx/cY0zLWkFM5w=)(1742889332787ms;[B130(B,LKKBunqzt5SQdid1u7H2nzSa3LmpmDgLzcT0Y2Xe5gk=), B130(A,TndXx8UrO9s56hyBxBiBPfOlnCdOu1G+4LsXoIVxifs=), B130(C,24n3OO2guQ6ysYwX5ciuD0O4mO2cS+14/6oETmPHAI4=)];1t;1c) for round 131
[2m2025-03-25T07:55:32.814111Z[0m [32m INFO[0m [1mnode[0m[1m{[0m[3mname[0m[2m=[0mk#8dcff6d1..[1m}[0m[2m:[0m [2msui_core::checkpoints::checkpoint_output[0m[2m:[0m [2mcrates/sui-core/src/checkpoints/checkpoint_output.rs[0m[2m:[0m[2m196:[0m Certified checkpoint with sequence 332 and digest EzPcsSYQ6qf6xhrYmdruCg3MSLYXubXpp8E3vomAYNjy
[2m2025-03-25T07:55:32.814248Z[0m [32m INFO[0m [1mnode[0m[1m{[0m[3mname[0m[2m=[0mk#99f25ef6..[1m}[0m[2m:[0m [2msui_core::checkpoints::checkpoint_output[0m[2m:[0m [2mcrates/sui-core/src/checkpoints/checkpoint_output.rs[0m[2m:[0m[2m196:[0m Certified checkpoint with sequence 332 and digest EzPcsSYQ6qf6xhrYmdruCg3MSLYXubXpp8E3vomAYNjy
[2m2025-03-25T07:55:32.814556Z[0m [32m INFO[0m [1mnode[0m[1m{[0m[3mname[0m[2m=[0mk#8dcff6d1..[1m}[0m[2m:[0m [2msui_core::checkpoints::checkpoint_executor[0m[2m:[0m [2mcrates/sui-core/src/checkpoints/checkpoint_executor/mod.rs[0m[2m:[0m[2m332:[0m Received checkpoint summary from state sync [3msequence_number[0m[2m=[0m332
[2m2025-03-25T07:55:32.814641Z[0m [32m INFO[0m [1mnode[0m[1m{[0m[3mname[0m[2m=[0mk#99f25ef6..[1m}[0m[2m:[0m [2msui_core::checkpoints::checkpoint_executor[0m[2m:[0m [2mcrates/sui-core/src/checkpoints/checkpoint_executor/mod.rs[0m[2m:[0m[2m332:[0m Received checkpoint summary from state sync [3msequence_number[0m[2m=[0m332
[2m2025-03-25T07:55:32.815763Z[0m [32m INFO[0m [1mnode[0m[1m{[0m[3mname[0m[2m=[0mk#99f25ef6..[1m}[0m[2m:[0m [2msui_core::state_accumulator[0m[2m:[0m [2mcrates/sui-core/src/state_accumulator.rs[0m[2m:[0m[2m675:[0m accumulating running root for checkpoint 332
[2m2025-03-25T07:55:32.815763Z[0m [32m INFO[0m [1mnode[0m[1m{[0m[3mname[0m[2m=[0mk#8dcff6d1..[1m}[0m[2m:[0m [2msui_core::state_accumulator[0m[2m:[0m [2mcrates/sui-core/src/state_accumulator.rs[0m[2m:[0m[2m675:[0m accumulating running root for checkpoint 332
[2m2025-03-25T07:55:32.817734Z[0m [32m INFO[0m [1mnode[0m[1m{[0m[3mname[0m[2m=[0mk#addeef94..[1m}[0m[2m:[0m [2msui_core::checkpoints::checkpoint_executor[0m[2m:[0m [2mcrates/sui-core/src/checkpoints/checkpoint_executor/mod.rs[0m[2m:[0m[2m332:[0m Received checkpoint summary from state sync [3msequence_number[0m[2m=[0m332
[2m2025-03-25T07:55:32.818470Z[0m [32m INFO[0m [1mnode[0m[1m{[0m[3mname[0m[2m=[0mk#addeef94..[1m}[0m[2m:[0m [2msui_core::state_accumulator[0m[2m:[0m [2mcrates/sui-core/src/state_accumulator.rs[0m[2m:[0m[2m675:[0m accumulating running root for checkpoint 332
[2m2025-03-25T07:55:32.818971Z[0m [32m INFO[0m [1mnode[0m[1m{[0m[3mname[0m[2m=[0mk#b3f3cbb4..[1m}[0m[2m:[0m [2msui_core::checkpoints::checkpoint_executor[0m[2m:[0m [2mcrates/sui-core/src/checkpoints/checkpoint_executor/mod.rs[0m[2m:[0m[2m332:[0m Received checkpoint summary from state sync [3msequence_number[0m[2m=[0m332
[2m2025-03-25T07:55:32.845252Z[0m [32m INFO[0m [1mnode[0m[1m{[0m[3mname[0m[2m=[0mk#b3f3cbb4..[1m}[0m[2m:[0m [2msui_core::state_accumulator[0m[2m:[0m [2mcrates/sui-core/src/state_accumulator.rs[0m[2m:[0m[2m675:[0m accumulating running root for checkpoint 332
[2m2025-03-25T07:55:33.039505Z[0m [32m INFO[0m [1mnode[0m[1m{[0m[3mname[0m[2m=[0mk#8dcff6d1..[1m}[0m[2m:[0m [2mconsensus_core::core[0m[2m:[0m [2mconsensus/core/src/core.rs[0m[2m:[0m[2m945:[0m Included 3 ancestors & excluded 0 ancestors for proposal in round 132
[2m2025-03-25T07:55:33.039851Z[0m [32m INFO[0m [1mnode[0m[1m{[0m[3mname[0m[2m=[0mk#addeef94..[1m}[0m[2m:[0m [2mconsensus_core::core[0m[2m:[0m [2mconsensus/core/src/core.rs[0m[2m:[0m[2m945:[0m Included 3 ancestors & excluded 0 ancestors for proposal in round 132
[2m2025-03-25T07:55:33.040069Z[0m [32m INFO[0m [1mnode[0m[1m{[0m[3mname[0m[2m=[0mk#99f25ef6..[1m}[0m[2m:[0m [2mconsensus_core::core[0m[2m:[0m [2mconsensus/core/src/core.rs[0m[2m:[0m[2m945:[0m Included 3 ancestors & excluded 0 ancestors for proposal in round 132
[2m2025-03-25T07:55:33.041963Z[0m [32m INFO[0m [1mnode[0m[1m{[0m[3mname[0m[2m=[0mk#8dcff6d1..[1m}[0m[2m:[0m [2mconsensus_core::core[0m[2m:[0m [2mconsensus/core/src/core.rs[0m[2m:[0m[2m531:[0m Created block B132(A,6g9zeF4sNZp+Am+z1kZp+HdEcK9+HInjg5RCqPhZHFg=)(1742889333039ms;[B131(A,7lqhChZkZR0tVjL0hEtrBkyQg030nhLZKZiZt+F3b/g=), B131(B,DXp5wvaJayO0M+YpOiCXw+d1Tu9YWDx/cY0zLWkFM5w=), B131(C,s4mWmeQrfA7MYl9ks3CSr4KqAcN4fNquOci5tAmx2Tg=)];0t;0c) for round 132
[2m2025-03-25T07:55:33.041969Z[0m [32m INFO[0m [1mnode[0m[1m{[0m[3mname[0m[2m=[0mk#99f25ef6..[1m}[0m[2m:[0m [2mconsensus_core::core[0m[2m:[0m [2mconsensus/core/src/core.rs[0m[2m:[0m[2m531:[0m Created block B132(B,NwXAEBTGilaXLp4r9AjaKZHmh/yxXNerJx0f/hGPr+s=)(1742889333040ms;[B131(B,DXp5wvaJayO0M+YpOiCXw+d1Tu9YWDx/cY0zLWkFM5w=), B131(A,7lqhChZkZR0tVjL0hEtrBkyQg030nhLZKZiZt+F3b/g=), B131(C,s4mWmeQrfA7MYl9ks3CSr4KqAcN4fNquOci5tAmx2Tg=)];0t;0c) for round 132
[2m2025-03-25T07:55:33.041987Z[0m [32m INFO[0m [1mnode[0m[1m{[0m[3mname[0m[2m=[0mk#addeef94..[1m}[0m[2m:[0m [2mconsensus_core::core[0m[2m:[0m [2mconsensus/core/src/core.rs[0m[2m:[0m[2m531:[0m Created block B132(C,6Vp7al15RIuoQl0CbCXTVbdUrBvP5dflgFDYEBAc1PI=)(1742889333040ms;[B131(C,s4mWmeQrfA7MYl9ks3CSr4KqAcN4fNquOci5tAmx2Tg=), B131(A,7lqhChZkZR0tVjL0hEtrBkyQg030nhLZKZiZt+F3b/g=), B131(B,DXp5wvaJayO0M+YpOiCXw+d1Tu9YWDx/cY0zLWkFM5w=)];0t;0c) for round 132
[2m2025-03-25T07:55:33.045084Z[0m [32m INFO[0m [1mnode[0m[1m{[0m[3mname[0m[2m=[0mk#99f25ef6..[1m}[0m[2m:[0m [2mconsensus_core::core[0m[2m:[0m [2mconsensus/core/src/core.rs[0m[2m:[0m[2m630:[0m Committing 1 leaders: B130(C,24n3)
[2m2025-03-25T07:55:33.045084Z[0m [32m INFO[0m [1mnode[0m[1m{[0m[3mname[0m[2m=[0mk#8dcff6d1..[1m}[0m[2m:[0m [2mconsensus_core::core[0m[2m:[0m [2mconsensus/core/src/core.rs[0m[2m:[0m[2m630:[0m Committing 1 leaders: B130(C,24n3)
[2m2025-03-25T07:55:33.045576Z[0m [32m INFO[0m [1mnode[0m[1m{[0m[3mname[0m[2m=[0mk#99f25ef6..[1m}[0m[2m:[0m [2mconsensus_core::commit_observer[0m[2m:[0m [2mconsensus/core/src/commit_observer.rs[0m[2m:[0m[2m173:[0m Consensus commit C120(ugPq) with leader B130(C,24n3) has 5 blocks
[2m2025-03-25T07:55:33.045576Z[0m [32m INFO[0m [1mnode[0m[1m{[0m[3mname[0m[2m=[0mk#8dcff6d1..[1m}[0m[2m:[0m [2mconsensus_core::commit_observer[0m[2m:[0m [2mconsensus/core/src/commit_observer.rs[0m[2m:[0m[2m173:[0m Consensus commit C120(ugPq) with leader B130(C,24n3) has 5 blocks
[2m2025-03-25T07:55:33.045911Z[0m [32m INFO[0m [1mnode[0m[1m{[0m[3mname[0m[2m=[0mk#99f25ef6..[1m}[0m[2m:[0m [2msui_core::consensus_handler[0m[2m:[0m [2mcrates/sui-core/src/consensus_handler.rs[0m[2m:[0m[2m232:[0m Received consensus output [3mconsensus_commit[0m[2m=[0mCommittedSubDag(leader=B130(C,24n3), ref=C120(ugPq), blocks=[jfYy, crxq, gNsX, 4MOQ, 24n3]) [3mepoch[0m[2m=[0m1
[2m2025-03-25T07:55:33.045951Z[0m [32m INFO[0m [1mnode[0m[1m{[0m[3mname[0m[2m=[0mk#8dcff6d1..[1m}[0m[2m:[0m [2msui_core::consensus_handler[0m[2m:[0m [2mcrates/sui-core/src/consensus_handler.rs[0m[2m:[0m[2m232:[0m Received consensus output [3mconsensus_commit[0m[2m=[0mCommittedSubDag(leader=B130(C,24n3), ref=C120(ugPq), blocks=[jfYy, crxq, gNsX, 4MOQ, 24n3]) [3mepoch[0m[2m=[0m1
[2m2025-03-25T07:55:33.046262Z[0m [32m INFO[0m [1mnode[0m[1m{[0m[3mname[0m[2m=[0mk#addeef94..[1m}[0m[2m:[0m [2mconsensus_core::core[0m[2m:[0m [2mconsensus/core/src/core.rs[0m[2m:[0m[2m630:[0m Committing 1 leaders: B130(C,24n3)
[2m2025-03-25T07:55:33.046692Z[0m [32m INFO[0m [1mnode[0m[1m{[0m[3mname[0m[2m=[0mk#addeef94..[1m}[0m[2m:[0m [2mconsensus_core::commit_observer[0m[2m:[0m [2mconsensus/core/src/commit_observer.rs[0m[2m:[0m[2m173:[0m Consensus commit C120(ugPq) with leader B130(C,24n3) has 5 blocks
[2m2025-03-25T07:55:33.047272Z[0m [32m INFO[0m [1mnode[0m[1m{[0m[3mname[0m[2m=[0mk#addeef94..[1m}[0m[2m:[0m [2msui_core::consensus_handler[0m[2m:[0m [2mcrates/sui-core/src/consensus_handler.rs[0m[2m:[0m[2m232:[0m Received consensus output [3mconsensus_commit[0m[2m=[0mCommittedSubDag(leader=B130(C,24n3), ref=C120(ugPq), blocks=[jfYy, crxq, gNsX, 4MOQ, 24n3]) [3mepoch[0m[2m=[0m1
[2m2025-03-25T07:55:33.125912Z[0m [32m INFO[0m [1mnode[0m[1m{[0m[3mname[0m[2m=[0mk#addeef94..[1m}[0m[2m:[0m [2msui_core::checkpoints[0m[2m:[0m [2mcrates/sui-core/src/checkpoints/mod.rs[0m[2m:[0m[2m1326:[0m Creating checkpoint(s) for 2 transactions [3mnext_checkpoint_seq[0m[2m=[0m333 [3mcheckpoint_timestamp[0m[2m=[0m1742889332524
[2m2025-03-25T07:55:33.125912Z[0m [32m INFO[0m [1mnode[0m[1m{[0m[3mname[0m[2m=[0mk#99f25ef6..[1m}[0m[2m:[0m [2msui_core::checkpoints[0m[2m:[0m [2mcrates/sui-core/src/checkpoints/mod.rs[0m[2m:[0m[2m1326:[0m Creating checkpoint(s) for 2 transactions [3mnext_checkpoint_seq[0m[2m=[0m333 [3mcheckpoint_timestamp[0m[2m=[0m1742889332524
[2m2025-03-25T07:55:33.125912Z[0m [32m INFO[0m [1mnode[0m[1m{[0m[3mname[0m[2m=[0mk#8dcff6d1..[1m}[0m[2m:[0m [2msui_core::checkpoints[0m[2m:[0m [2mcrates/sui-core/src/checkpoints/mod.rs[0m[2m:[0m[2m1326:[0m Creating checkpoint(s) for 2 transactions [3mnext_checkpoint_seq[0m[2m=[0m333 [3mcheckpoint_timestamp[0m[2m=[0m1742889332524
[2m2025-03-25T07:55:33.126291Z[0m [32m INFO[0m [1mnode[0m[1m{[0m[3mname[0m[2m=[0mk#8dcff6d1..[1m}[0m[2m:[0m [2msui_core::checkpoints::checkpoint_output[0m[2m:[0m [2mcrates/sui-core/src/checkpoints/checkpoint_output.rs[0m[2m:[0m[2m149:[0m Creating checkpoint CheckpointDigest(3yiFCa17T1zu7NCgLk7wzAfCygi4yvh7HU3ibSKfgcNu) at epoch 1, sequence 333, previous digest Some(CheckpointDigest(EzPcsSYQ6qf6xhrYmdruCg3MSLYXubXpp8E3vomAYNjy)), transactions count 2, content digest CheckpointContentsDigest(2zpQ7aPBnuDE26ij8NiNxNsFV7RQ3Yt3jJG4ELsnV3T8), end_of_epoch_data None
[2m2025-03-25T07:55:33.126291Z[0m [32m INFO[0m [1mnode[0m[1m{[0m[3mname[0m[2m=[0mk#99f25ef6..[1m}[0m[2m:[0m [2msui_core::checkpoints::checkpoint_output[0m[2m:[0m [2mcrates/sui-core/src/checkpoints/checkpoint_output.rs[0m[2m:[0m[2m149:[0m Creating checkpoint CheckpointDigest(3yiFCa17T1zu7NCgLk7wzAfCygi4yvh7HU3ibSKfgcNu) at epoch 1, sequence 333, previous digest Some(CheckpointDigest(EzPcsSYQ6qf6xhrYmdruCg3MSLYXubXpp8E3vomAYNjy)), transactions count 2, content digest CheckpointContentsDigest(2zpQ7aPBnuDE26ij8NiNxNsFV7RQ3Yt3jJG4ELsnV3T8), end_of_epoch_data None
[2m2025-03-25T07:55:33.126291Z[0m [32m INFO[0m [1mnode[0m[1m{[0m[3mname[0m[2m=[0mk#addeef94..[1m}[0m[2m:[0m [2msui_core::checkpoints::checkpoint_output[0m[2m:[0m [2mcrates/sui-core/src/checkpoints/checkpoint_output.rs[0m[2m:[0m[2m149:[0m Creating checkpoint CheckpointDigest(3yiFCa17T1zu7NCgLk7wzAfCygi4yvh7HU3ibSKfgcNu) at epoch 1, sequence 333, previous digest Some(CheckpointDigest(EzPcsSYQ6qf6xhrYmdruCg3MSLYXubXpp8E3vomAYNjy)), transactions count 2, content digest CheckpointContentsDigest(2zpQ7aPBnuDE26ij8NiNxNsFV7RQ3Yt3jJG4ELsnV3T8), end_of_epoch_data None
[2m2025-03-25T07:55:33.297171Z[0m [32m INFO[0m [1mnode[0m[1m{[0m[3mname[0m[2m=[0mk#8dcff6d1..[1m}[0m[2m:[0m [2mconsensus_core::core[0m[2m:[0m [2mconsensus/core/src/core.rs[0m[2m:[0m[2m945:[0m Included 3 ancestors & excluded 0 ancestors for proposal in round 133
[2m2025-03-25T07:55:33.297784Z[0m [32m INFO[0m [1mnode[0m[1m{[0m[3mname[0m[2m=[0mk#8dcff6d1..[1m}[0m[2m:[0m [2mconsensus_core::core[0m[2m:[0m [2mconsensus/core/src/core.rs[0m[2m:[0m[2m531:[0m Created block B133(A,EeD7Fffww0ZxjDL+gcG0n0u8EIlBOr7BvfAVgAQP7eE=)(1742889333297ms;[B132(A,6g9zeF4sNZp+Am+z1kZp+HdEcK9+HInjg5RCqPhZHFg=), B132(B,NwXAEBTGilaXLp4r9AjaKZHmh/yxXNerJx0f/hGPr+s=), B132(C,6Vp7al15RIuoQl0CbCXTVbdUrBvP5dflgFDYEBAc1PI=)];1t;1c) for round 133
[2m2025-03-25T07:55:33.297914Z[0m [32m INFO[0m [1mnode[0m[1m{[0m[3mname[0m[2m=[0mk#99f25ef6..[1m}[0m[2m:[0m [2mconsensus_core::core[0m[2m:[0m [2mconsensus/core/src/core.rs[0m[2m:[0m[2m945:[0m Included 3 ancestors & excluded 0 ancestors for proposal in round 133
[2m2025-03-25T07:55:33.298407Z[0m [32m INFO[0m [1mnode[0m[1m{[0m[3mname[0m[2m=[0mk#99f25ef6..[1m}[0m[2m:[0m [2mconsensus_core::core[0m[2m:[0m [2mconsensus/core/src/core.rs[0m[2m:[0m[2m531:[0m Created block B133(B,e+SoF8Xmz8PxgFbHAmpGB07KLtpvPak+Yw6Z7FU9WWo=)(1742889333298ms;[B132(B,NwXAEBTGilaXLp4r9AjaKZHmh/yxXNerJx0f/hGPr+s=), B132(A,6g9zeF4sNZp+Am+z1kZp+HdEcK9+HInjg5RCqPhZHFg=), B132(C,6Vp7al15RIuoQl0CbCXTVbdUrBvP5dflgFDYEBAc1PI=)];1t;1c) for round 133
[2m2025-03-25T07:55:33.300395Z[0m [32m INFO[0m [1mnode[0m[1m{[0m[3mname[0m[2m=[0mk#addeef94..[1m}[0m[2m:[0m [2mconsensus_core::core[0m[2m:[0m [2mconsensus/core/src/core.rs[0m[2m:[0m[2m945:[0m Included 3 ancestors & excluded 0 ancestors for proposal in round 133
[2m2025-03-25T07:55:33.300823Z[0m [32m INFO[0m [1mnode[0m[1m{[0m[3mname[0m[2m=[0mk#addeef94..[1m}[0m[2m:[0m [2mconsensus_core::core[0m[2m:[0m [2mconsensus/core/src/core.rs[0m[2m:[0m[2m531:[0m Created block B133(C,gC09aEIfYYfToQQZ717WDM7fAPULc9FPSnP4PWYz5D8=)(1742889333300ms;[B132(C,6Vp7al15RIuoQl0CbCXTVbdUrBvP5dflgFDYEBAc1PI=), B132(A,6g9zeF4sNZp+Am+z1kZp+HdEcK9+HInjg5RCqPhZHFg=), B132(B,NwXAEBTGilaXLp4r9AjaKZHmh/yxXNerJx0f/hGPr+s=)];1t;1c) for round 133
[2m2025-03-25T07:55:33.301032Z[0m [32m INFO[0m [1mnode[0m[1m{[0m[3mname[0m[2m=[0mk#addeef94..[1m}[0m[2m:[0m [2mconsensus_core::core[0m[2m:[0m [2mconsensus/core/src/core.rs[0m[2m:[0m[2m630:[0m Committing 1 leaders: B131(C,s4mW)
[2m2025-03-25T07:55:33.301168Z[0m [32m INFO[0m [1mnode[0m[1m{[0m[3mname[0m[2m=[0mk#addeef94..[1m}[0m[2m:[0m [2mconsensus_core::commit_observer[0m[2m:[0m [2mconsensus/core/src/commit_observer.rs[0m[2m:[0m[2m173:[0m Consensus commit C121(i6O8) with leader B131(C,s4mW) has 3 blocks
[2m2025-03-25T07:55:33.301550Z[0m [32m INFO[0m [1mnode[0m[1m{[0m[3mname[0m[2m=[0mk#addeef94..[1m}[0m[2m:[0m [2msui_core::consensus_handler[0m[2m:[0m [2mcrates/sui-core/src/consensus_handler.rs[0m[2m:[0m[2m232:[0m Received consensus output [3mconsensus_commit[0m[2m=[0mCommittedSubDag(leader=B131(C,s4mW), ref=C121(i6O8), blocks=[TndX, LKKB, s4mW]) [3mepoch[0m[2m=[0m1
[2m2025-03-25T07:55:33.304996Z[0m [32m INFO[0m [1mnode[0m[1m{[0m[3mname[0m[2m=[0mk#8dcff6d1..[1m}[0m[2m:[0m [2mconsensus_core::core[0m[2m:[0m [2mconsensus/core/src/core.rs[0m[2m:[0m[2m630:[0m Committing 1 leaders: B131(C,s4mW)
[2m2025-03-25T07:55:33.305003Z[0m [32m INFO[0m [1mnode[0m[1m{[0m[3mname[0m[2m=[0mk#99f25ef6..[1m}[0m[2m:[0m [2mconsensus_core::core[0m[2m:[0m [2mconsensus/core/src/core.rs[0m[2m:[0m[2m630:[0m Committing 1 leaders: B131(C,s4mW)
[2m2025-03-25T07:55:33.305127Z[0m [32m INFO[0m [1mnode[0m[1m{[0m[3mname[0m[2m=[0mk#8dcff6d1..[1m}[0m[2m:[0m [2mconsensus_core::commit_observer[0m[2m:[0m [2mconsensus/core/src/commit_observer.rs[0m[2m:[0m[2m173:[0m Consensus commit C121(i6O8) with leader B131(C,s4mW) has 3 blocks
[2m2025-03-25T07:55:33.305133Z[0m [32m INFO[0m [1mnode[0m[1m{[0m[3mname[0m[2m=[0mk#99f25ef6..[1m}[0m[2m:[0m [2mconsensus_core::commit_observer[0m[2m:[0m [2mconsensus/core/src/commit_observer.rs[0m[2m:[0m[2m173:[0m Consensus commit C121(i6O8) with leader B131(C,s4mW) has 3 blocks
[2m2025-03-25T07:55:33.305232Z[0m [32m INFO[0m [1mnode[0m[1m{[0m[3mname[0m[2m=[0mk#8dcff6d1..[1m}[0m[2m:[0m [2msui_core::consensus_handler[0m[2m:[0m [2mcrates/sui-core/src/consensus_handler.rs[0m[2m:[0m[2m232:[0m Received consensus output [3mconsensus_commit[0m[2m=[0mCommittedSubDag(leader=B131(C,s4mW), ref=C121(i6O8), blocks=[TndX, LKKB, s4mW]) [3mepoch[0m[2m=[0m1
[2m2025-03-25T07:55:33.305239Z[0m [32m INFO[0m [1mnode[0m[1m{[0m[3mname[0m[2m=[0mk#99f25ef6..[1m}[0m[2m:[0m [2msui_core::consensus_handler[0m[2m:[0m [2mcrates/sui-core/src/consensus_handler.rs[0m[2m:[0m[2m232:[0m Received consensus output [3mconsensus_commit[0m[2m=[0mCommittedSubDag(leader=B131(C,s4mW), ref=C121(i6O8), blocks=[TndX, LKKB, s4mW]) [3mepoch[0m[2m=[0m1
[2m2025-03-25T07:55:33.334933Z[0m [32m INFO[0m [1mnode[0m[1m{[0m[3mname[0m[2m=[0mk#addeef94..[1m}[0m[2m:[0m [2msui_core::checkpoints[0m[2m:[0m [2mcrates/sui-core/src/checkpoints/mod.rs[0m[2m:[0m[2m1326:[0m Creating checkpoint(s) for 2 transactions [3mnext_checkpoint_seq[0m[2m=[0m334 [3mcheckpoint_timestamp[0m[2m=[0m1742889332785
[2m2025-03-25T07:55:33.335284Z[0m [32m INFO[0m [1mnode[0m[1m{[0m[3mname[0m[2m=[0mk#addeef94..[1m}[0m[2m:[0m [2msui_core::checkpoints::checkpoint_output[0m[2m:[0m [2mcrates/sui-core/src/checkpoints/checkpoint_output.rs[0m[2m:[0m[2m149:[0m Creating checkpoint CheckpointDigest(9zCBdejRtJ1brqvTVHwiqzesUFYSAc3pEqFLydZ2rNKM) at epoch 1, sequence 334, previous digest Some(CheckpointDigest(3yiFCa17T1zu7NCgLk7wzAfCygi4yvh7HU3ibSKfgcNu)), transactions count 2, content digest CheckpointContentsDigest(DmE1wfAeXttTf5cD4BF1vUZLiNBpAeJyLPaUxESQcnBt), end_of_epoch_data None
[2m2025-03-25T07:55:33.336168Z[0m [32m INFO[0m [1mnode[0m[1m{[0m[3mname[0m[2m=[0mk#addeef94..[1m}[0m[2m:[0m [2mconsensus_core::commit_syncer[0m[2m:[0m [2mconsensus/core/src/commit_syncer.rs[0m[2m:[0m[2m196:[0m Checking to schedule fetches: synced_commit_index=121, highest_handled_index=121, highest_scheduled_index=0, quorum_commit_index=0, unhandled_commits_threshold=3200
[2m2025-03-25T07:55:33.336851Z[0m [32m INFO[0m [1mnode[0m[1m{[0m[3mname[0m[2m=[0mk#8dcff6d1..[1m}[0m[2m:[0m [2msui_core::checkpoints[0m[2m:[0m [2mcrates/sui-core/src/checkpoints/mod.rs[0m[2m:[0m[2m1326:[0m Creating checkpoint(s) for 2 transactions [3mnext_checkpoint_seq[0m[2m=[0m334 [3mcheckpoint_timestamp[0m[2m=[0m1742889332785
[2m2025-03-25T07:55:33.336863Z[0m [32m INFO[0m [1mnode[0m[1m{[0m[3mname[0m[2m=[0mk#99f25ef6..[1m}[0m[2m:[0m [2msui_core::checkpoints[0m[2m:[0m [2mcrates/sui-core/src/checkpoints/mod.rs[0m[2m:[0m[2m1326:[0m Creating checkpoint(s) for 2 transactions [3mnext_checkpoint_seq[0m[2m=[0m334 [3mcheckpoint_timestamp[0m[2m=[0m1742889332785
[2m2025-03-25T07:55:33.337129Z[0m [32m INFO[0m [1mnode[0m[1m{[0m[3mname[0m[2m=[0mk#8dcff6d1..[1m}[0m[2m:[0m [2msui_core::checkpoints::checkpoint_output[0m[2m:[0m [2mcrates/sui-core/src/checkpoints/checkpoint_output.rs[0m[2m:[0m[2m149:[0m Creating checkpoint CheckpointDigest(9zCBdejRtJ1brqvTVHwiqzesUFYSAc3pEqFLydZ2rNKM) at epoch 1, sequence 334, previous digest Some(CheckpointDigest(3yiFCa17T1zu7NCgLk7wzAfCygi4yvh7HU3ibSKfgcNu)), transactions count 2, content digest CheckpointContentsDigest(DmE1wfAeXttTf5cD4BF1vUZLiNBpAeJyLPaUxESQcnBt), end_of_epoch_data None
[2m2025-03-25T07:55:33.337134Z[0m [32m INFO[0m [1mnode[0m[1m{[0m[3mname[0m[2m=[0mk#99f25ef6..[1m}[0m[2m:[0m [2msui_core::checkpoints::checkpoint_output[0m[2m:[0m [2mcrates/sui-core/src/checkpoints/checkpoint_output.rs[0m[2m:[0m[2m149:[0m Creating checkpoint CheckpointDigest(9zCBdejRtJ1brqvTVHwiqzesUFYSAc3pEqFLydZ2rNKM) at epoch 1, sequence 334, previous digest Some(CheckpointDigest(3yiFCa17T1zu7NCgLk7wzAfCygi4yvh7HU3ibSKfgcNu)), transactions count 2, content digest CheckpointContentsDigest(DmE1wfAeXttTf5cD4BF1vUZLiNBpAeJyLPaUxESQcnBt), end_of_epoch_data None
[2m2025-03-25T07:55:33.337757Z[0m [32m INFO[0m [1mnode[0m[1m{[0m[3mname[0m[2m=[0mk#8dcff6d1..[1m}[0m[2m:[0m [2mconsensus_core::commit_syncer[0m[2m:[0m [2mconsensus/core/src/commit_syncer.rs[0m[2m:[0m[2m196:[0m Checking to schedule fetches: synced_commit_index=121, highest_handled_index=121, highest_scheduled_index=0, quorum_commit_index=119, unhandled_commits_threshold=3200
[2m2025-03-25T07:55:33.339046Z[0m [32m INFO[0m [1mnode[0m[1m{[0m[3mname[0m[2m=[0mk#99f25ef6..[1m}[0m[2m:[0m [2mconsensus_core::commit_syncer[0m[2m:[0m [2mconsensus/core/src/commit_syncer.rs[0m[2m:[0m[2m196:[0m Checking to schedule fetches: synced_commit_index=121, highest_handled_index=121, highest_scheduled_index=0, quorum_commit_index=120, unhandled_commits_threshold=3200
[2m2025-03-25T07:55:33.340170Z[0m [32m INFO[0m [1mnode[0m[1m{[0m[3mname[0m[2m=[0mk#99f25ef6..[1m}[0m[2m:[0m [2msui_core::checkpoints::checkpoint_output[0m[2m:[0m [2mcrates/sui-core/src/checkpoints/checkpoint_output.rs[0m[2m:[0m[2m196:[0m Certified checkpoint with sequence 333 and digest 3yiFCa17T1zu7NCgLk7wzAfCygi4yvh7HU3ibSKfgcNu
[2m2025-03-25T07:55:33.340173Z[0m [32m INFO[0m [1mnode[0m[1m{[0m[3mname[0m[2m=[0mk#8dcff6d1..[1m}[0m[2m:[0m [2msui_core::checkpoints::checkpoint_output[0m[2m:[0m [2mcrates/sui-core/src/checkpoints/checkpoint_output.rs[0m[2m:[0m[2m196:[0m Certified checkpoint with sequence 333 and digest 3yiFCa17T1zu7NCgLk7wzAfCygi4yvh7HU3ibSKfgcNu
[2m2025-03-25T07:55:33.340651Z[0m [32m INFO[0m [1mnode[0m[1m{[0m[3mname[0m[2m=[0mk#8dcff6d1..[1m}[0m[2m:[0m [2msui_core::checkpoints::checkpoint_executor[0m[2m:[0m [2mcrates/sui-core/src/checkpoints/checkpoint_executor/mod.rs[0m[2m:[0m[2m332:[0m Received checkpoint summary from state sync [3msequence_number[0m[2m=[0m333
[2m2025-03-25T07:55:33.340651Z[0m [32m INFO[0m [1mnode[0m[1m{[0m[3mname[0m[2m=[0mk#99f25ef6..[1m}[0m[2m:[0m [2msui_core::checkpoints::checkpoint_executor[0m[2m:[0m [2mcrates/sui-core/src/checkpoints/checkpoint_executor/mod.rs[0m[2m:[0m[2m332:[0m Received checkpoint summary from state sync [3msequence_number[0m[2m=[0m333
[2m2025-03-25T07:55:33.342316Z[0m [32m INFO[0m [1mnode[0m[1m{[0m[3mname[0m[2m=[0mk#8dcff6d1..[1m}[0m[2m:[0m [2msui_core::state_accumulator[0m[2m:[0m [2mcrates/sui-core/src/state_accumulator.rs[0m[2m:[0m[2m675:[0m accumulating running root for checkpoint 333
[2m2025-03-25T07:55:33.342318Z[0m [32m INFO[0m [1mnode[0m[1m{[0m[3mname[0m[2m=[0mk#99f25ef6..[1m}[0m[2m:[0m [2msui_core::state_accumulator[0m[2m:[0m [2mcrates/sui-core/src/state_accumulator.rs[0m[2m:[0m[2m675:[0m accumulating running root for checkpoint 333
[2m2025-03-25T07:55:33.344739Z[0m [32m INFO[0m [1mnode[0m[1m{[0m[3mname[0m[2m=[0mk#addeef94..[1m}[0m[2m:[0m [2msui_core::checkpoints::checkpoint_executor[0m[2m:[0m [2mcrates/sui-core/src/checkpoints/checkpoint_executor/mod.rs[0m[2m:[0m[2m332:[0m Received checkpoint summary from state sync [3msequence_number[0m[2m=[0m333
[2m2025-03-25T07:55:33.345974Z[0m [32m INFO[0m [1mnode[0m[1m{[0m[3mname[0m[2m=[0mk#addeef94..[1m}[0m[2m:[0m [2msui_core::state_accumulator[0m[2m:[0m [2mcrates/sui-core/src/state_accumulator.rs[0m[2m:[0m[2m675:[0m accumulating running root for checkpoint 333
[2m2025-03-25T07:55:33.346319Z[0m [32m INFO[0m [1mnode[0m[1m{[0m[3mname[0m[2m=[0mk#b3f3cbb4..[1m}[0m[2m:[0m [2msui_core::checkpoints::checkpoint_executor[0m[2m:[0m [2mcrates/sui-core/src/checkpoints/checkpoint_executor/mod.rs[0m[2m:[0m[2m332:[0m Received checkpoint summary from state sync [3msequence_number[0m[2m=[0m333
[2m2025-03-25T07:55:33.434681Z[0m [32m INFO[0m [1mnode[0m[1m{[0m[3mname[0m[2m=[0mk#b3f3cbb4..[1m}[0m[2m:[0m [2msui_core::state_accumulator[0m[2m:[0m [2mcrates/sui-core/src/state_accumulator.rs[0m[2m:[0m[2m675:[0m accumulating running root for checkpoint 333
[2m2025-03-25T07:55:33.553582Z[0m [32m INFO[0m [1mnode[0m[1m{[0m[3mname[0m[2m=[0mk#addeef94..[1m}[0m[2m:[0m [2mconsensus_core::core[0m[2m:[0m [2mconsensus/core/src/core.rs[0m[2m:[0m[2m945:[0m Included 3 ancestors & excluded 0 ancestors for proposal in round 134
[2m2025-03-25T07:55:33.554272Z[0m [32m INFO[0m [1mnode[0m[1m{[0m[3mname[0m[2m=[0mk#addeef94..[1m}[0m[2m:[0m [2mconsensus_core::core[0m[2m:[0m [2mconsensus/core/src/core.rs[0m[2m:[0m[2m531:[0m Created block B134(C,M5Xyv33IkOb56YxFpnlaMCWdXZzZR5V41lcYK8jE8Wk=)(1742889333553ms;[B133(C,gC09aEIfYYfToQQZ717WDM7fAPULc9FPSnP4PWYz5D8=), B133(A,EeD7Fffww0ZxjDL+gcG0n0u8EIlBOr7BvfAVgAQP7eE=), B133(B,e+SoF8Xmz8PxgFbHAmpGB07KLtpvPak+Yw6Z7FU9WWo=)];1t;1c) for round 134
[2m2025-03-25T07:55:33.557705Z[0m [32m INFO[0m [1mnode[0m[1m{[0m[3mname[0m[2m=[0mk#8dcff6d1..[1m}[0m[2m:[0m [2mconsensus_core::core[0m[2m:[0m [2mconsensus/core/src/core.rs[0m[2m:[0m[2m945:[0m Included 3 ancestors & excluded 0 ancestors for proposal in round 134
[2m2025-03-25T07:55:33.557706Z[0m [32m INFO[0m [1mnode[0m[1m{[0m[3mname[0m[2m=[0mk#99f25ef6..[1m}[0m[2m:[0m [2mconsensus_core::core[0m[2m:[0m [2mconsensus/core/src/core.rs[0m[2m:[0m[2m945:[0m Included 3 ancestors & excluded 0 ancestors for proposal in round 134
[2m2025-03-25T07:55:33.558207Z[0m [32m INFO[0m [1mnode[0m[1m{[0m[3mname[0m[2m=[0mk#8dcff6d1..[1m}[0m[2m:[0m [2mconsensus_core::core[0m[2m:[0m [2mconsensus/core/src/core.rs[0m[2m:[0m[2m531:[0m Created block B134(A,TklJvnvR+Lzf8EEKfY5t6m1MoL9EVOgSEmaHoxvn248=)(1742889333557ms;[B133(A,EeD7Fffww0ZxjDL+gcG0n0u8EIlBOr7BvfAVgAQP7eE=), B133(B,e+SoF8Xmz8PxgFbHAmpGB07KLtpvPak+Yw6Z7FU9WWo=), B133(C,gC09aEIfYYfToQQZ717WDM7fAPULc9FPSnP4PWYz5D8=)];1t;1c) for round 134
[2m2025-03-25T07:55:33.558217Z[0m [32m INFO[0m [1mnode[0m[1m{[0m[3mname[0m[2m=[0mk#99f25ef6..[1m}[0m[2m:[0m [2mconsensus_core::core[0m[2m:[0m [2mconsensus/core/src/core.rs[0m[2m:[0m[2m531:[0m Created block B134(B,R/ZqIzf/HrdaTY5qu4BIEa0WgrogT1BE4wj1Kzfp7kc=)(1742889333557ms;[B133(B,e+SoF8Xmz8PxgFbHAmpGB07KLtpvPak+Yw6Z7FU9WWo=), B133(A,EeD7Fffww0ZxjDL+gcG0n0u8EIlBOr7BvfAVgAQP7eE=), B133(C,gC09aEIfYYfToQQZ717WDM7fAPULc9FPSnP4PWYz5D8=)];1t;1c) for round 134
[2m2025-03-25T07:55:33.558320Z[0m [32m INFO[0m [1mnode[0m[1m{[0m[3mname[0m[2m=[0mk#8dcff6d1..[1m}[0m[2m:[0m [2mconsensus_core::core[0m[2m:[0m [2mconsensus/core/src/core.rs[0m[2m:[0m[2m630:[0m Committing 1 leaders: B132(B,NwXA)
[2m2025-03-25T07:55:33.558323Z[0m [32m INFO[0m [1mnode[0m[1m{[0m[3mname[0m[2m=[0mk#99f25ef6..[1m}[0m[2m:[0m [2mconsensus_core::core[0m[2m:[0m [2mconsensus/core/src/core.rs[0m[2m:[0m[2m630:[0m Committing 1 leaders: B132(B,NwXA)
[2m2025-03-25T07:55:33.558435Z[0m [32m INFO[0m [1mnode[0m[1m{[0m[3mname[0m[2m=[0mk#8dcff6d1..[1m}[0m[2m:[0m [2mconsensus_core::commit_observer[0m[2m:[0m [2mconsensus/core/src/commit_observer.rs[0m[2m:[0m[2m173:[0m Consensus commit C122(SBqZ) with leader B132(B,NwXA) has 3 blocks
[2m2025-03-25T07:55:33.558435Z[0m [32m INFO[0m [1mnode[0m[1m{[0m[3mname[0m[2m=[0mk#99f25ef6..[1m}[0m[2m:[0m [2mconsensus_core::commit_observer[0m[2m:[0m [2mconsensus/core/src/commit_observer.rs[0m[2m:[0m[2m173:[0m Consensus commit C122(SBqZ) with leader B132(B,NwXA) has 3 blocks
[2m2025-03-25T07:55:33.558577Z[0m [32m INFO[0m [1mnode[0m[1m{[0m[3mname[0m[2m=[0mk#8dcff6d1..[1m}[0m[2m:[0m [2msui_core::consensus_handler[0m[2m:[0m [2mcrates/sui-core/src/consensus_handler.rs[0m[2m:[0m[2m232:[0m Received consensus output [3mconsensus_commit[0m[2m=[0mCommittedSubDag(leader=B132(B,NwXA), ref=C122(SBqZ), blocks=[7lqh, DXp5, NwXA]) [3mepoch[0m[2m=[0m1
[2m2025-03-25T07:55:33.558577Z[0m [32m INFO[0m [1mnode[0m[1m{[0m[3mname[0m[2m=[0mk#99f25ef6..[1m}[0m[2m:[0m [2msui_core::consensus_handler[0m[2m:[0m [2mcrates/sui-core/src/consensus_handler.rs[0m[2m:[0m[2m232:[0m Received consensus output [3mconsensus_commit[0m[2m=[0mCommittedSubDag(leader=B132(B,NwXA), ref=C122(SBqZ), blocks=[7lqh, DXp5, NwXA]) [3mepoch[0m[2m=[0m1
[2m2025-03-25T07:55:33.564307Z[0m [32m INFO[0m [1mnode[0m[1m{[0m[3mname[0m[2m=[0mk#addeef94..[1m}[0m[2m:[0m [2mconsensus_core::core[0m[2m:[0m [2mconsensus/core/src/core.rs[0m[2m:[0m[2m630:[0m Committing 1 leaders: B132(B,NwXA)
[2m2025-03-25T07:55:33.564439Z[0m [32m INFO[0m [1mnode[0m[1m{[0m[3mname[0m[2m=[0mk#addeef94..[1m}[0m[2m:[0m [2mconsensus_core::commit_observer[0m[2m:[0m [2mconsensus/core/src/commit_observer.rs[0m[2m:[0m[2m173:[0m Consensus commit C122(SBqZ) with leader B132(B,NwXA) has 3 blocks
[2m2025-03-25T07:55:33.564620Z[0m [32m INFO[0m [1mnode[0m[1m{[0m[3mname[0m[2m=[0mk#addeef94..[1m}[0m[2m:[0m [2msui_core::consensus_handler[0m[2m:[0m [2mcrates/sui-core/src/consensus_handler.rs[0m[2m:[0m[2m232:[0m Received consensus output [3mconsensus_commit[0m[2m=[0mCommittedSubDag(leader=B132(B,NwXA), ref=C122(SBqZ), blocks=[7lqh, DXp5, NwXA]) [3mepoch[0m[2m=[0m1
[2m2025-03-25T07:55:33.612763Z[0m [32m INFO[0m [1mnode[0m[1m{[0m[3mname[0m[2m=[0mk#8dcff6d1..[1m}[0m[2m:[0m [2msui_core::checkpoints[0m[2m:[0m [2mcrates/sui-core/src/checkpoints/mod.rs[0m[2m:[0m[2m1326:[0m Creating checkpoint(s) for 1 transactions [3mnext_checkpoint_seq[0m[2m=[0m335 [3mcheckpoint_timestamp[0m[2m=[0m1742889333040
[2m2025-03-25T07:55:33.612763Z[0m [32m INFO[0m [1mnode[0m[1m{[0m[3mname[0m[2m=[0mk#99f25ef6..[1m}[0m[2m:[0m [2msui_core::checkpoints[0m[2m:[0m [2mcrates/sui-core/src/checkpoints/mod.rs[0m[2m:[0m[2m1326:[0m Creating checkpoint(s) for 1 transactions [3mnext_checkpoint_seq[0m[2m=[0m335 [3mcheckpoint_timestamp[0m[2m=[0m1742889333040
[2m2025-03-25T07:55:33.613002Z[0m [32m INFO[0m [1mnode[0m[1m{[0m[3mname[0m[2m=[0mk#99f25ef6..[1m}[0m[2m:[0m [2msui_core::checkpoints::checkpoint_output[0m[2m:[0m [2mcrates/sui-core/src/checkpoints/checkpoint_output.rs[0m[2m:[0m[2m149:[0m Creating checkpoint CheckpointDigest(7i92P5qWhKssXH1iVDG1L2moMPMq6WWMSRMyNR8FYsHY) at epoch 1, sequence 335, previous digest Some(CheckpointDigest(9zCBdejRtJ1brqvTVHwiqzesUFYSAc3pEqFLydZ2rNKM)), transactions count 1, content digest CheckpointContentsDigest(7mjZLyEJzEgvHnvE5TJHzJNsbf4mYt3vVY6S9FPodRxn), end_of_epoch_data None
[2m2025-03-25T07:55:33.613002Z[0m [32m INFO[0m [1mnode[0m[1m{[0m[3mname[0m[2m=[0mk#8dcff6d1..[1m}[0m[2m:[0m [2msui_core::checkpoints::checkpoint_output[0m[2m:[0m [2mcrates/sui-core/src/checkpoints/checkpoint_output.rs[0m[2m:[0m[2m149:[0m Creating checkpoint CheckpointDigest(7i92P5qWhKssXH1iVDG1L2moMPMq6WWMSRMyNR8FYsHY) at epoch 1, sequence 335, previous digest Some(CheckpointDigest(9zCBdejRtJ1brqvTVHwiqzesUFYSAc3pEqFLydZ2rNKM)), transactions count 1, content digest CheckpointContentsDigest(7mjZLyEJzEgvHnvE5TJHzJNsbf4mYt3vVY6S9FPodRxn), end_of_epoch_data None
[2m2025-03-25T07:55:33.615469Z[0m [32m INFO[0m [1mnode[0m[1m{[0m[3mname[0m[2m=[0mk#addeef94..[1m}[0m[2m:[0m [2msui_core::checkpoints[0m[2m:[0m [2mcrates/sui-core/src/checkpoints/mod.rs[0m[2m:[0m[2m1326:[0m Creating checkpoint(s) for 1 transactions [3mnext_checkpoint_seq[0m[2m=[0m335 [3mcheckpoint_timestamp[0m[2m=[0m1742889333040
[2m2025-03-25T07:55:33.615637Z[0m [32m INFO[0m [1mnode[0m[1m{[0m[3mname[0m[2m=[0mk#addeef94..[1m}[0m[2m:[0m [2msui_core::checkpoints::checkpoint_output[0m[2m:[0m [2mcrates/sui-core/src/checkpoints/checkpoint_output.rs[0m[2m:[0m[2m149:[0m Creating checkpoint CheckpointDigest(7i92P5qWhKssXH1iVDG1L2moMPMq6WWMSRMyNR8FYsHY) at epoch 1, sequence 335, previous digest Some(CheckpointDigest(9zCBdejRtJ1brqvTVHwiqzesUFYSAc3pEqFLydZ2rNKM)), transactions count 1, content digest CheckpointContentsDigest(7mjZLyEJzEgvHnvE5TJHzJNsbf4mYt3vVY6S9FPodRxn), end_of_epoch_data None
[2m2025-03-25T07:55:33.616176Z[0m [32m INFO[0m [1mnode[0m[1m{[0m[3mname[0m[2m=[0mk#8dcff6d1..[1m}[0m[2m:[0m [2msui_core::checkpoints::checkpoint_output[0m[2m:[0m [2mcrates/sui-core/src/checkpoints/checkpoint_output.rs[0m[2m:[0m[2m196:[0m Certified checkpoint with sequence 334 and digest 9zCBdejRtJ1brqvTVHwiqzesUFYSAc3pEqFLydZ2rNKM
[2m2025-03-25T07:55:33.616177Z[0m [32m INFO[0m [1mnode[0m[1m{[0m[3mname[0m[2m=[0mk#99f25ef6..[1m}[0m[2m:[0m [2msui_core::checkpoints::checkpoint_output[0m[2m:[0m [2mcrates/sui-core/src/checkpoints/checkpoint_output.rs[0m[2m:[0m[2m196:[0m Certified checkpoint with sequence 334 and digest 9zCBdejRtJ1brqvTVHwiqzesUFYSAc3pEqFLydZ2rNKM
[2m2025-03-25T07:55:33.619309Z[0m [32m INFO[0m [1mnode[0m[1m{[0m[3mname[0m[2m=[0mk#8dcff6d1..[1m}[0m[2m:[0m [2msui_core::checkpoints::checkpoint_executor[0m[2m:[0m [2mcrates/sui-core/src/checkpoints/checkpoint_executor/mod.rs[0m[2m:[0m[2m332:[0m Received checkpoint summary from state sync [3msequence_number[0m[2m=[0m334
[2m2025-03-25T07:55:33.619490Z[0m [32m INFO[0m [1mnode[0m[1m{[0m[3mname[0m[2m=[0mk#99f25ef6..[1m}[0m[2m:[0m [2msui_core::checkpoints::checkpoint_executor[0m[2m:[0m [2mcrates/sui-core/src/checkpoints/checkpoint_executor/mod.rs[0m[2m:[0m[2m332:[0m Received checkpoint summary from state sync [3msequence_number[0m[2m=[0m334
[2m2025-03-25T07:55:33.635023Z[0m [32m INFO[0m [1mnode[0m[1m{[0m[3mname[0m[2m=[0mk#8dcff6d1..[1m}[0m[2m:[0m [2msui_core::state_accumulator[0m[2m:[0m [2mcrates/sui-core/src/state_accumulator.rs[0m[2m:[0m[2m675:[0m accumulating running root for checkpoint 334
[2m2025-03-25T07:55:33.637128Z[0m [32m INFO[0m [1mnode[0m[1m{[0m[3mname[0m[2m=[0mk#99f25ef6..[1m}[0m[2m:[0m [2msui_core::state_accumulator[0m[2m:[0m [2mcrates/sui-core/src/state_accumulator.rs[0m[2m:[0m[2m675:[0m accumulating running root for checkpoint 334
[2m2025-03-25T07:55:33.682272Z[0m [32m INFO[0m [1mnode[0m[1m{[0m[3mname[0m[2m=[0mk#addeef94..[1m}[0m[2m:[0m [2msui_core::checkpoints::checkpoint_executor[0m[2m:[0m [2mcrates/sui-core/src/checkpoints/checkpoint_executor/mod.rs[0m[2m:[0m[2m332:[0m Received checkpoint summary from state sync [3msequence_number[0m[2m=[0m334
[2m2025-03-25T07:55:33.683654Z[0m [32m INFO[0m [1mnode[0m[1m{[0m[3mname[0m[2m=[0mk#addeef94..[1m}[0m[2m:[0m [2msui_core::state_accumulator[0m[2m:[0m [2mcrates/sui-core/src/state_accumulator.rs[0m[2m:[0m[2m675:[0m accumulating running root for checkpoint 334
[2m2025-03-25T07:55:33.684518Z[0m [32m INFO[0m [1mnode[0m[1m{[0m[3mname[0m[2m=[0mk#b3f3cbb4..[1m}[0m[2m:[0m [2msui_core::checkpoints::checkpoint_executor[0m[2m:[0m [2mcrates/sui-core/src/checkpoints/checkpoint_executor/mod.rs[0m[2m:[0m[2m332:[0m Received checkpoint summary from state sync [3msequence_number[0m[2m=[0m334
[2m2025-03-25T07:55:33.772875Z[0m [32m INFO[0m [1mnode[0m[1m{[0m[3mname[0m[2m=[0mk#b3f3cbb4..[1m}[0m[2m:[0m [2msui_core::state_accumulator[0m[2m:[0m [2mcrates/sui-core/src/state_accumulator.rs[0m[2m:[0m[2m675:[0m accumulating running root for checkpoint 334
[2m2025-03-25T07:55:33.810984Z[0m [32m INFO[0m [1mnode[0m[1m{[0m[3mname[0m[2m=[0mk#99f25ef6..[1m}[0m[2m:[0m [2mconsensus_core::core[0m[2m:[0m [2mconsensus/core/src/core.rs[0m[2m:[0m[2m945:[0m Included 3 ancestors & excluded 0 ancestors for proposal in round 135
[2m2025-03-25T07:55:33.811425Z[0m [32m INFO[0m [1mnode[0m[1m{[0m[3mname[0m[2m=[0mk#99f25ef6..[1m}[0m[2m:[0m [2mconsensus_core::core[0m[2m:[0m [2mconsensus/core/src/core.rs[0m[2m:[0m[2m531:[0m Created block B135(B,ixKKeGRblLM5hjPOf0j7LOX7hbhyvjlzCq1wKUdiWKQ=)(1742889333811ms;[B134(B,R/ZqIzf/HrdaTY5qu4BIEa0WgrogT1BE4wj1Kzfp7kc=), B134(A,TklJvnvR+Lzf8EEKfY5t6m1MoL9EVOgSEmaHoxvn248=), B134(C,M5Xyv33IkOb56YxFpnlaMCWdXZzZR5V41lcYK8jE8Wk=)];1t;1c) for round 135
[2m2025-03-25T07:55:33.811490Z[0m [32m INFO[0m [1mnode[0m[1m{[0m[3mname[0m[2m=[0mk#8dcff6d1..[1m}[0m[2m:[0m [2mconsensus_core::core[0m[2m:[0m [2mconsensus/core/src/core.rs[0m[2m:[0m[2m945:[0m Included 3 ancestors & excluded 0 ancestors for proposal in round 135
[2m2025-03-25T07:55:33.811794Z[0m [32m INFO[0m [1mnode[0m[1m{[0m[3mname[0m[2m=[0mk#8dcff6d1..[1m}[0m[2m:[0m [2mconsensus_core::core[0m[2m:[0m [2mconsensus/core/src/core.rs[0m[2m:[0m[2m531:[0m Created block B135(A,Wa/IGfKDjLS1Eb96U7j5gqNIU1Dzut3Mcz47ZsPeeg4=)(1742889333811ms;[B134(A,TklJvnvR+Lzf8EEKfY5t6m1MoL9EVOgSEmaHoxvn248=), B134(B,R/ZqIzf/HrdaTY5qu4BIEa0WgrogT1BE4wj1Kzfp7kc=), B134(C,M5Xyv33IkOb56YxFpnlaMCWdXZzZR5V41lcYK8jE8Wk=)];1t;1c) for round 135
[2m2025-03-25T07:55:33.814838Z[0m [32m INFO[0m [1mnode[0m[1m{[0m[3mname[0m[2m=[0mk#addeef94..[1m}[0m[2m:[0m [2mconsensus_core::core[0m[2m:[0m [2mconsensus/core/src/core.rs[0m[2m:[0m[2m945:[0m Included 3 ancestors & excluded 0 ancestors for proposal in round 135
[2m2025-03-25T07:55:33.815149Z[0m [32m INFO[0m [1mnode[0m[1m{[0m[3mname[0m[2m=[0mk#addeef94..[1m}[0m[2m:[0m [2mconsensus_core::core[0m[2m:[0m [2mconsensus/core/src/core.rs[0m[2m:[0m[2m531:[0m Created block B135(C,0Jaeuc2AYHSoehbz5A7o4/tehSWG4orkiyM9NzL8v1A=)(1742889333814ms;[B134(C,M5Xyv33IkOb56YxFpnlaMCWdXZzZR5V41lcYK8jE8Wk=), B134(A,TklJvnvR+Lzf8EEKfY5t6m1MoL9EVOgSEmaHoxvn248=), B134(B,R/ZqIzf/HrdaTY5qu4BIEa0WgrogT1BE4wj1Kzfp7kc=)];1t;1c) for round 135
[2m2025-03-25T07:55:33.815219Z[0m [32m INFO[0m [1mnode[0m[1m{[0m[3mname[0m[2m=[0mk#addeef94..[1m}[0m[2m:[0m [2mconsensus_core::core[0m[2m:[0m [2mconsensus/core/src/core.rs[0m[2m:[0m[2m630:[0m Committing 1 leaders: B133(C,gC09)
[2m2025-03-25T07:55:33.815291Z[0m [32m INFO[0m [1mnode[0m[1m{[0m[3mname[0m[2m=[0mk#addeef94..[1m}[0m[2m:[0m [2mconsensus_core::commit_observer[0m[2m:[0m [2mconsensus/core/src/commit_observer.rs[0m[2m:[0m[2m173:[0m Consensus commit C123(9pw+) with leader B133(C,gC09) has 3 blocks
[2m2025-03-25T07:55:33.815373Z[0m [32m INFO[0m [1mnode[0m[1m{[0m[3mname[0m[2m=[0mk#addeef94..[1m}[0m[2m:[0m [2msui_core::consensus_handler[0m[2m:[0m [2mcrates/sui-core/src/consensus_handler.rs[0m[2m:[0m[2m232:[0m Received consensus output [3mconsensus_commit[0m[2m=[0mCommittedSubDag(leader=B133(C,gC09), ref=C123(9pw+), blocks=[6g9z, 6Vp7, gC09]) [3mepoch[0m[2m=[0m1
[2m2025-03-25T07:55:33.818273Z[0m [32m INFO[0m [1mnode[0m[1m{[0m[3mname[0m[2m=[0mk#8dcff6d1..[1m}[0m[2m:[0m [2msui_core::checkpoints::checkpoint_output[0m[2m:[0m [2mcrates/sui-core/src/checkpoints/checkpoint_output.rs[0m[2m:[0m[2m196:[0m Certified checkpoint with sequence 335 and digest 7i92P5qWhKssXH1iVDG1L2moMPMq6WWMSRMyNR8FYsHY
[2m2025-03-25T07:55:33.818275Z[0m [32m INFO[0m [1mnode[0m[1m{[0m[3mname[0m[2m=[0mk#99f25ef6..[1m}[0m[2m:[0m [2msui_core::checkpoints::checkpoint_output[0m[2m:[0m [2mcrates/sui-core/src/checkpoints/checkpoint_output.rs[0m[2m:[0m[2m196:[0m Certified checkpoint with sequence 335 and digest 7i92P5qWhKssXH1iVDG1L2moMPMq6WWMSRMyNR8FYsHY
[2m2025-03-25T07:55:33.818383Z[0m [32m INFO[0m [1mnode[0m[1m{[0m[3mname[0m[2m=[0mk#8dcff6d1..[1m}[0m[2m:[0m [2mconsensus_core::core[0m[2m:[0m [2mconsensus/core/src/core.rs[0m[2m:[0m[2m630:[0m Committing 1 leaders: B133(C,gC09)
[2m2025-03-25T07:55:33.818383Z[0m [32m INFO[0m [1mnode[0m[1m{[0m[3mname[0m[2m=[0mk#99f25ef6..[1m}[0m[2m:[0m [2mconsensus_core::core[0m[2m:[0m [2mconsensus/core/src/core.rs[0m[2m:[0m[2m630:[0m Committing 1 leaders: B133(C,gC09)
[2m2025-03-25T07:55:33.818488Z[0m [32m INFO[0m [1mnode[0m[1m{[0m[3mname[0m[2m=[0mk#8dcff6d1..[1m}[0m[2m:[0m [2mconsensus_core::commit_observer[0m[2m:[0m [2mconsensus/core/src/commit_observer.rs[0m[2m:[0m[2m173:[0m Consensus commit C123(9pw+) with leader B133(C,gC09) has 3 blocks
[2m2025-03-25T07:55:33.818492Z[0m [32m INFO[0m [1mnode[0m[1m{[0m[3mname[0m[2m=[0mk#99f25ef6..[1m}[0m[2m:[0m [2mconsensus_core::commit_observer[0m[2m:[0m [2mconsensus/core/src/commit_observer.rs[0m[2m:[0m[2m173:[0m Consensus commit C123(9pw+) with leader B133(C,gC09) has 3 blocks
[2m2025-03-25T07:55:33.818884Z[0m [32m INFO[0m [1mnode[0m[1m{[0m[3mname[0m[2m=[0mk#99f25ef6..[1m}[0m[2m:[0m [2msui_core::consensus_handler[0m[2m:[0m [2mcrates/sui-core/src/consensus_handler.rs[0m[2m:[0m[2m232:[0m Received consensus output [3mconsensus_commit[0m[2m=[0mCommittedSubDag(leader=B133(C,gC09), ref=C123(9pw+), blocks=[6g9z, 6Vp7, gC09]) [3mepoch[0m[2m=[0m1
[2m2025-03-25T07:55:33.818884Z[0m [32m INFO[0m [1mnode[0m[1m{[0m[3mname[0m[2m=[0mk#8dcff6d1..[1m}[0m[2m:[0m [2msui_core::consensus_handler[0m[2m:[0m [2mcrates/sui-core/src/consensus_handler.rs[0m[2m:[0m[2m232:[0m Received consensus output [3mconsensus_commit[0m[2m=[0mCommittedSubDag(leader=B133(C,gC09), ref=C123(9pw+), blocks=[6g9z, 6Vp7, gC09]) [3mepoch[0m[2m=[0m1
[2m2025-03-25T07:55:33.819326Z[0m [32m INFO[0m [1mnode[0m[1m{[0m[3mname[0m[2m=[0mk#99f25ef6..[1m}[0m[2m:[0m [2msui_core::checkpoints::checkpoint_executor[0m[2m:[0m [2mcrates/sui-core/src/checkpoints/checkpoint_executor/mod.rs[0m[2m:[0m[2m332:[0m Received checkpoint summary from state sync [3msequence_number[0m[2m=[0m335
[2m2025-03-25T07:55:33.819326Z[0m [32m INFO[0m [1mnode[0m[1m{[0m[3mname[0m[2m=[0mk#8dcff6d1..[1m}[0m[2m:[0m [2msui_core::checkpoints::checkpoint_executor[0m[2m:[0m [2mcrates/sui-core/src/checkpoints/checkpoint_executor/mod.rs[0m[2m:[0m[2m332:[0m Received checkpoint summary from state sync [3msequence_number[0m[2m=[0m335
[2m2025-03-25T07:55:33.820827Z[0m [32m INFO[0m [1mnode[0m[1m{[0m[3mname[0m[2m=[0mk#8dcff6d1..[1m}[0m[2m:[0m [2msui_core::state_accumulator[0m[2m:[0m [2mcrates/sui-core/src/state_accumulator.rs[0m[2m:[0m[2m675:[0m accumulating running root for checkpoint 335
[2m2025-03-25T07:55:33.820827Z[0m [32m INFO[0m [1mnode[0m[1m{[0m[3mname[0m[2m=[0mk#99f25ef6..[1m}[0m[2m:[0m [2msui_core::state_accumulator[0m[2m:[0m [2mcrates/sui-core/src/state_accumulator.rs[0m[2m:[0m[2m675:[0m accumulating running root for checkpoint 335
[2m2025-03-25T07:55:33.841927Z[0m [32m INFO[0m [1mnode[0m[1m{[0m[3mname[0m[2m=[0mk#addeef94..[1m}[0m[2m:[0m [2msui_core::checkpoints[0m[2m:[0m [2mcrates/sui-core/src/checkpoints/mod.rs[0m[2m:[0m[2m1326:[0m Creating checkpoint(s) for 2 transactions [3mnext_checkpoint_seq[0m[2m=[0m336 [3mcheckpoint_timestamp[0m[2m=[0m1742889333300
[2m2025-03-25T07:55:33.842229Z[0m [32m INFO[0m [1mnode[0m[1m{[0m[3mname[0m[2m=[0mk#addeef94..[1m}[0m[2m:[0m [2msui_core::checkpoints::checkpoint_output[0m[2m:[0m [2mcrates/sui-core/src/checkpoints/checkpoint_output.rs[0m[2m:[0m[2m149:[0m Creating checkpoint CheckpointDigest(9qXnXRoS1Mw3sPSEjxevpJRw2wna3DLqfJxxtDRGLqUf) at epoch 1, sequence 336, previous digest Some(CheckpointDigest(7i92P5qWhKssXH1iVDG1L2moMPMq6WWMSRMyNR8FYsHY)), transactions count 2, content digest CheckpointContentsDigest(Gz7jNBc9jJfUmiW5MU5bDYxoqTk6mSdtHWhZnP8ovJgZ), end_of_epoch_data None
[2m2025-03-25T07:55:33.844667Z[0m [32m INFO[0m [1mnode[0m[1m{[0m[3mname[0m[2m=[0mk#addeef94..[1m}[0m[2m:[0m [2msui_core::checkpoints::checkpoint_executor[0m[2m:[0m [2mcrates/sui-core/src/checkpoints/checkpoint_executor/mod.rs[0m[2m:[0m[2m332:[0m Received checkpoint summary from state sync [3msequence_number[0m[2m=[0m335
[2m2025-03-25T07:55:33.845446Z[0m [32m INFO[0m [1mnode[0m[1m{[0m[3mname[0m[2m=[0mk#addeef94..[1m}[0m[2m:[0m [2msui_core::state_accumulator[0m[2m:[0m [2mcrates/sui-core/src/state_accumulator.rs[0m[2m:[0m[2m675:[0m accumulating running root for checkpoint 335
[2m2025-03-25T07:55:33.846226Z[0m [32m INFO[0m [1mnode[0m[1m{[0m[3mname[0m[2m=[0mk#99f25ef6..[1m}[0m[2m:[0m [2msui_core::checkpoints[0m[2m:[0m [2mcrates/sui-core/src/checkpoints/mod.rs[0m[2m:[0m[2m1326:[0m Creating checkpoint(s) for 2 transactions [3mnext_checkpoint_seq[0m[2m=[0m336 [3mcheckpoint_timestamp[0m[2m=[0m1742889333300
[2m2025-03-25T07:55:33.846229Z[0m [32m INFO[0m [1mnode[0m[1m{[0m[3mname[0m[2m=[0mk#8dcff6d1..[1m}[0m[2m:[0m [2msui_core::checkpoints[0m[2m:[0m [2mcrates/sui-core/src/checkpoints/mod.rs[0m[2m:[0m[2m1326:[0m Creating checkpoint(s) for 2 transactions [3mnext_checkpoint_seq[0m[2m=[0m336 [3mcheckpoint_timestamp[0m[2m=[0m1742889333300
[2m2025-03-25T07:55:33.846480Z[0m [32m INFO[0m [1mnode[0m[1m{[0m[3mname[0m[2m=[0mk#99f25ef6..[1m}[0m[2m:[0m [2msui_core::checkpoints::checkpoint_output[0m[2m:[0m [2mcrates/sui-core/src/checkpoints/checkpoint_output.rs[0m[2m:[0m[2m149:[0m Creating checkpoint CheckpointDigest(9qXnXRoS1Mw3sPSEjxevpJRw2wna3DLqfJxxtDRGLqUf) at epoch 1, sequence 336, previous digest Some(CheckpointDigest(7i92P5qWhKssXH1iVDG1L2moMPMq6WWMSRMyNR8FYsHY)), transactions count 2, content digest CheckpointContentsDigest(Gz7jNBc9jJfUmiW5MU5bDYxoqTk6mSdtHWhZnP8ovJgZ), end_of_epoch_data None
[2m2025-03-25T07:55:33.846482Z[0m [32m INFO[0m [1mnode[0m[1m{[0m[3mname[0m[2m=[0mk#8dcff6d1..[1m}[0m[2m:[0m [2msui_core::checkpoints::checkpoint_output[0m[2m:[0m [2mcrates/sui-core/src/checkpoints/checkpoint_output.rs[0m[2m:[0m[2m149:[0m Creating checkpoint CheckpointDigest(9qXnXRoS1Mw3sPSEjxevpJRw2wna3DLqfJxxtDRGLqUf) at epoch 1, sequence 336, previous digest Some(CheckpointDigest(7i92P5qWhKssXH1iVDG1L2moMPMq6WWMSRMyNR8FYsHY)), transactions count 2, content digest CheckpointContentsDigest(Gz7jNBc9jJfUmiW5MU5bDYxoqTk6mSdtHWhZnP8ovJgZ), end_of_epoch_data None
[2m2025-03-25T07:55:33.848389Z[0m [32m INFO[0m [1mnode[0m[1m{[0m[3mname[0m[2m=[0mk#b3f3cbb4..[1m}[0m[2m:[0m [2msui_core::checkpoints::checkpoint_executor[0m[2m:[0m [2mcrates/sui-core/src/checkpoints/checkpoint_executor/mod.rs[0m[2m:[0m[2m332:[0m Received checkpoint summary from state sync [3msequence_number[0m[2m=[0m335
[2m2025-03-25T07:55:33.874138Z[0m [32m INFO[0m [1mnode[0m[1m{[0m[3mname[0m[2m=[0mk#b3f3cbb4..[1m}[0m[2m:[0m [2msui_core::state_accumulator[0m[2m:[0m [2mcrates/sui-core/src/state_accumulator.rs[0m[2m:[0m[2m675:[0m accumulating running root for checkpoint 335
[2m2025-03-25T07:55:34.068323Z[0m [32m INFO[0m [1mnode[0m[1m{[0m[3mname[0m[2m=[0mk#addeef94..[1m}[0m[2m:[0m [2mconsensus_core::core[0m[2m:[0m [2mconsensus/core/src/core.rs[0m[2m:[0m[2m945:[0m Included 3 ancestors & excluded 0 ancestors for proposal in round 136
[2m2025-03-25T07:55:34.070487Z[0m [32m INFO[0m [1mnode[0m[1m{[0m[3mname[0m[2m=[0mk#99f25ef6..[1m}[0m[2m:[0m [2mconsensus_core::core[0m[2m:[0m [2mconsensus/core/src/core.rs[0m[2m:[0m[2m945:[0m Included 3 ancestors & excluded 0 ancestors for proposal in round 136
[2m2025-03-25T07:55:34.070716Z[0m [32m INFO[0m [1mnode[0m[1m{[0m[3mname[0m[2m=[0mk#addeef94..[1m}[0m[2m:[0m [2mconsensus_core::core[0m[2m:[0m [2mconsensus/core/src/core.rs[0m[2m:[0m[2m531:[0m Created block B136(C,AEdeiYsGMGdwSq0ugLAiaWiVyHfKVcgp8quHdNaheJE=)(1742889334068ms;[B135(C,0Jaeuc2AYHSoehbz5A7o4/tehSWG4orkiyM9NzL8v1A=), B135(A,Wa/IGfKDjLS1Eb96U7j5gqNIU1Dzut3Mcz47ZsPeeg4=), B135(B,ixKKeGRblLM5hjPOf0j7LOX7hbhyvjlzCq1wKUdiWKQ=)];1t;1c) for round 136
[2m2025-03-25T07:55:34.070981Z[0m [32m INFO[0m [1mnode[0m[1m{[0m[3mname[0m[2m=[0mk#8dcff6d1..[1m}[0m[2m:[0m [2mconsensus_core::core[0m[2m:[0m [2mconsensus/core/src/core.rs[0m[2m:[0m[2m945:[0m Included 3 ancestors & excluded 0 ancestors for proposal in round 136
[2m2025-03-25T07:55:34.071938Z[0m [32m INFO[0m [1mnode[0m[1m{[0m[3mname[0m[2m=[0mk#99f25ef6..[1m}[0m[2m:[0m [2mconsensus_core::core[0m[2m:[0m [2mconsensus/core/src/core.rs[0m[2m:[0m[2m531:[0m Created block B136(B,ic8kndSdEPNZEeZa3xfmkPEjeFHWylavt05kf0Gu/nY=)(1742889334070ms;[B135(B,ixKKeGRblLM5hjPOf0j7LOX7hbhyvjlzCq1wKUdiWKQ=), B135(A,Wa/IGfKDjLS1Eb96U7j5gqNIU1Dzut3Mcz47ZsPeeg4=), B135(C,0Jaeuc2AYHSoehbz5A7o4/tehSWG4orkiyM9NzL8v1A=)];1t;1c) for round 136
[2m2025-03-25T07:55:34.072234Z[0m [32m INFO[0m [1mnode[0m[1m{[0m[3mname[0m[2m=[0mk#8dcff6d1..[1m}[0m[2m:[0m [2mconsensus_core::core[0m[2m:[0m [2mconsensus/core/src/core.rs[0m[2m:[0m[2m531:[0m Created block B136(A,eD9JueDG6tbQmg5Ew0yc0FYhF4d2gEtamZw8Oc7YDJo=)(1742889334071ms;[B135(A,Wa/IGfKDjLS1Eb96U7j5gqNIU1Dzut3Mcz47ZsPeeg4=), B135(B,ixKKeGRblLM5hjPOf0j7LOX7hbhyvjlzCq1wKUdiWKQ=), B135(C,0Jaeuc2AYHSoehbz5A7o4/tehSWG4orkiyM9NzL8v1A=)];1t;1c) for round 136
[2m2025-03-25T07:55:34.078565Z[0m [32m INFO[0m [1mnode[0m[1m{[0m[3mname[0m[2m=[0mk#99f25ef6..[1m}[0m[2m:[0m [2mconsensus_core::core[0m[2m:[0m [2mconsensus/core/src/core.rs[0m[2m:[0m[2m630:[0m Committing 1 leaders: B134(B,R/Zq)
[2m2025-03-25T07:55:34.078659Z[0m [32m INFO[0m [1mnode[0m[1m{[0m[3mname[0m[2m=[0mk#addeef94..[1m}[0m[2m:[0m [2mconsensus_core::core[0m[2m:[0m [2mconsensus/core/src/core.rs[0m[2m:[0m[2m630:[0m Committing 1 leaders: B134(B,R/Zq)
[2m2025-03-25T07:55:34.078991Z[0m [32m INFO[0m [1mnode[0m[1m{[0m[3mname[0m[2m=[0mk#addeef94..[1m}[0m[2m:[0m [2mconsensus_core::commit_observer[0m[2m:[0m [2mconsensus/core/src/commit_observer.rs[0m[2m:[0m[2m173:[0m Consensus commit C124(sBkx) with leader B134(B,R/Zq) has 3 blocks
[2m2025-03-25T07:55:34.078991Z[0m [32m INFO[0m [1mnode[0m[1m{[0m[3mname[0m[2m=[0mk#99f25ef6..[1m}[0m[2m:[0m [2mconsensus_core::commit_observer[0m[2m:[0m [2mconsensus/core/src/commit_observer.rs[0m[2m:[0m[2m173:[0m Consensus commit C124(sBkx) with leader B134(B,R/Zq) has 3 blocks
[2m2025-03-25T07:55:34.079269Z[0m [32m INFO[0m [1mnode[0m[1m{[0m[3mname[0m[2m=[0mk#99f25ef6..[1m}[0m[2m:[0m [2msui_core::consensus_handler[0m[2m:[0m [2mcrates/sui-core/src/consensus_handler.rs[0m[2m:[0m[2m232:[0m Received consensus output [3mconsensus_commit[0m[2m=[0mCommittedSubDag(leader=B134(B,R/Zq), ref=C124(sBkx), blocks=[EeD7, e+So, R/Zq]) [3mepoch[0m[2m=[0m1
[2m2025-03-25T07:55:34.079269Z[0m [32m INFO[0m [1mnode[0m[1m{[0m[3mname[0m[2m=[0mk#addeef94..[1m}[0m[2m:[0m [2msui_core::consensus_handler[0m[2m:[0m [2mcrates/sui-core/src/consensus_handler.rs[0m[2m:[0m[2m232:[0m Received consensus output [3mconsensus_commit[0m[2m=[0mCommittedSubDag(leader=B134(B,R/Zq), ref=C124(sBkx), blocks=[EeD7, e+So, R/Zq]) [3mepoch[0m[2m=[0m1
[2m2025-03-25T07:55:34.085296Z[0m [32m INFO[0m [1mnode[0m[1m{[0m[3mname[0m[2m=[0mk#8dcff6d1..[1m}[0m[2m:[0m [2msui_core::checkpoints::checkpoint_output[0m[2m:[0m [2mcrates/sui-core/src/checkpoints/checkpoint_output.rs[0m[2m:[0m[2m196:[0m Certified checkpoint with sequence 336 and digest 9qXnXRoS1Mw3sPSEjxevpJRw2wna3DLqfJxxtDRGLqUf
[2m2025-03-25T07:55:34.085788Z[0m [32m INFO[0m [1mnode[0m[1m{[0m[3mname[0m[2m=[0mk#8dcff6d1..[1m}[0m[2m:[0m [2mconsensus_core::core[0m[2m:[0m [2mconsensus/core/src/core.rs[0m[2m:[0m[2m630:[0m Committing 1 leaders: B134(B,R/Zq)
[2m2025-03-25T07:55:34.086042Z[0m [32m INFO[0m [1mnode[0m[1m{[0m[3mname[0m[2m=[0mk#8dcff6d1..[1m}[0m[2m:[0m [2mconsensus_core::commit_observer[0m[2m:[0m [2mconsensus/core/src/commit_observer.rs[0m[2m:[0m[2m173:[0m Consensus commit C124(sBkx) with leader B134(B,R/Zq) has 3 blocks
[2m2025-03-25T07:55:34.087241Z[0m [32m INFO[0m [1mnode[0m[1m{[0m[3mname[0m[2m=[0mk#8dcff6d1..[1m}[0m[2m:[0m [2msui_core::consensus_handler[0m[2m:[0m [2mcrates/sui-core/src/consensus_handler.rs[0m[2m:[0m[2m232:[0m Received consensus output [3mconsensus_commit[0m[2m=[0mCommittedSubDag(leader=B134(B,R/Zq), ref=C124(sBkx), blocks=[EeD7, e+So, R/Zq]) [3mepoch[0m[2m=[0m1
[2m2025-03-25T07:55:34.088868Z[0m [32m INFO[0m [1mnode[0m[1m{[0m[3mname[0m[2m=[0mk#8dcff6d1..[1m}[0m[2m:[0m [2msui_core::checkpoints::checkpoint_executor[0m[2m:[0m [2mcrates/sui-core/src/checkpoints/checkpoint_executor/mod.rs[0m[2m:[0m[2m332:[0m Received checkpoint summary from state sync [3msequence_number[0m[2m=[0m336
[2m2025-03-25T07:55:34.112621Z[0m [32m INFO[0m [1mnode[0m[1m{[0m[3mname[0m[2m=[0mk#8dcff6d1..[1m}[0m[2m:[0m [2msui_core::state_accumulator[0m[2m:[0m [2mcrates/sui-core/src/state_accumulator.rs[0m[2m:[0m[2m675:[0m accumulating running root for checkpoint 336
[2m2025-03-25T07:55:34.152447Z[0m [32m INFO[0m [1mnode[0m[1m{[0m[3mname[0m[2m=[0mk#99f25ef6..[1m}[0m[2m:[0m [2msui_core::checkpoints[0m[2m:[0m [2mcrates/sui-core/src/checkpoints/mod.rs[0m[2m:[0m[2m1326:[0m Creating checkpoint(s) for 1 transactions [3mnext_checkpoint_seq[0m[2m=[0m337 [3mcheckpoint_timestamp[0m[2m=[0m1742889333557
[2m2025-03-25T07:55:34.152447Z[0m [32m INFO[0m [1mnode[0m[1m{[0m[3mname[0m[2m=[0mk#addeef94..[1m}[0m[2m:[0m [2msui_core::checkpoints[0m[2m:[0m [2mcrates/sui-core/src/checkpoints/mod.rs[0m[2m:[0m[2m1326:[0m Creating checkpoint(s) for 1 transactions [3mnext_checkpoint_seq[0m[2m=[0m337 [3mcheckpoint_timestamp[0m[2m=[0m1742889333557
[2m2025-03-25T07:55:34.152680Z[0m [32m INFO[0m [1mnode[0m[1m{[0m[3mname[0m[2m=[0mk#99f25ef6..[1m}[0m[2m:[0m [2msui_core::checkpoints::checkpoint_output[0m[2m:[0m [2mcrates/sui-core/src/checkpoints/checkpoint_output.rs[0m[2m:[0m[2m149:[0m Creating checkpoint CheckpointDigest(A9wN3f7AeZkgqzmhJMyVRoxGTf6kH9Qv5os1AkFoBjLG) at epoch 1, sequence 337, previous digest Some(CheckpointDigest(9qXnXRoS1Mw3sPSEjxevpJRw2wna3DLqfJxxtDRGLqUf)), transactions count 1, content digest CheckpointContentsDigest(GjAi9w5pZwMSVndJVwCEpUkcQcDPSNT6SfbRMJzx14XA), end_of_epoch_data None
[2m2025-03-25T07:55:34.152680Z[0m [32m INFO[0m [1mnode[0m[1m{[0m[3mname[0m[2m=[0mk#addeef94..[1m}[0m[2m:[0m [2msui_core::checkpoints::checkpoint_output[0m[2m:[0m [2mcrates/sui-core/src/checkpoints/checkpoint_output.rs[0m[2m:[0m[2m149:[0m Creating checkpoint CheckpointDigest(A9wN3f7AeZkgqzmhJMyVRoxGTf6kH9Qv5os1AkFoBjLG) at epoch 1, sequence 337, previous digest Some(CheckpointDigest(9qXnXRoS1Mw3sPSEjxevpJRw2wna3DLqfJxxtDRGLqUf)), transactions count 1, content digest CheckpointContentsDigest(GjAi9w5pZwMSVndJVwCEpUkcQcDPSNT6SfbRMJzx14XA), end_of_epoch_data None
[2m2025-03-25T07:55:34.153272Z[0m [32m INFO[0m [1mnode[0m[1m{[0m[3mname[0m[2m=[0mk#8dcff6d1..[1m}[0m[2m:[0m [2msui_core::checkpoints[0m[2m:[0m [2mcrates/sui-core/src/checkpoints/mod.rs[0m[2m:[0m[2m1326:[0m Creating checkpoint(s) for 1 transactions [3mnext_checkpoint_seq[0m[2m=[0m337 [3mcheckpoint_timestamp[0m[2m=[0m1742889333557
[2m2025-03-25T07:55:34.153436Z[0m [32m INFO[0m [1mnode[0m[1m{[0m[3mname[0m[2m=[0mk#8dcff6d1..[1m}[0m[2m:[0m [2msui_core::checkpoints::checkpoint_output[0m[2m:[0m [2mcrates/sui-core/src/checkpoints/checkpoint_output.rs[0m[2m:[0m[2m149:[0m Creating checkpoint CheckpointDigest(A9wN3f7AeZkgqzmhJMyVRoxGTf6kH9Qv5os1AkFoBjLG) at epoch 1, sequence 337, previous digest Some(CheckpointDigest(9qXnXRoS1Mw3sPSEjxevpJRw2wna3DLqfJxxtDRGLqUf)), transactions count 1, content digest CheckpointContentsDigest(GjAi9w5pZwMSVndJVwCEpUkcQcDPSNT6SfbRMJzx14XA), end_of_epoch_data None
[2m2025-03-25T07:55:34.156275Z[0m [32m INFO[0m [1mnode[0m[1m{[0m[3mname[0m[2m=[0mk#99f25ef6..[1m}[0m[2m:[0m [2msui_core::checkpoints::checkpoint_output[0m[2m:[0m [2mcrates/sui-core/src/checkpoints/checkpoint_output.rs[0m[2m:[0m[2m196:[0m Certified checkpoint with sequence 336 and digest 9qXnXRoS1Mw3sPSEjxevpJRw2wna3DLqfJxxtDRGLqUf
[2m2025-03-25T07:55:34.157017Z[0m [32m INFO[0m [1mnode[0m[1m{[0m[3mname[0m[2m=[0mk#b3f3cbb4..[1m}[0m[2m:[0m [2msui_core::checkpoints::checkpoint_executor[0m[2m:[0m [2mcrates/sui-core/src/checkpoints/checkpoint_executor/mod.rs[0m[2m:[0m[2m332:[0m Received checkpoint summary from state sync [3msequence_number[0m[2m=[0m336
[2m2025-03-25T07:55:34.160397Z[0m [32m INFO[0m [1mnode[0m[1m{[0m[3mname[0m[2m=[0mk#99f25ef6..[1m}[0m[2m:[0m [2msui_core::checkpoints::checkpoint_executor[0m[2m:[0m [2mcrates/sui-core/src/checkpoints/checkpoint_executor/mod.rs[0m[2m:[0m[2m332:[0m Received checkpoint summary from state sync [3msequence_number[0m[2m=[0m336
[2m2025-03-25T07:55:34.180563Z[0m [32m INFO[0m [1mnode[0m[1m{[0m[3mname[0m[2m=[0mk#99f25ef6..[1m}[0m[2m:[0m [2msui_core::state_accumulator[0m[2m:[0m [2mcrates/sui-core/src/state_accumulator.rs[0m[2m:[0m[2m675:[0m accumulating running root for checkpoint 336
[2m2025-03-25T07:55:34.224496Z[0m [32m INFO[0m [1mnode[0m[1m{[0m[3mname[0m[2m=[0mk#addeef94..[1m}[0m[2m:[0m [2msui_core::checkpoints::checkpoint_executor[0m[2m:[0m [2mcrates/sui-core/src/checkpoints/checkpoint_executor/mod.rs[0m[2m:[0m[2m332:[0m Received checkpoint summary from state sync [3msequence_number[0m[2m=[0m336
[2m2025-03-25T07:55:34.225853Z[0m [32m INFO[0m [1mnode[0m[1m{[0m[3mname[0m[2m=[0mk#addeef94..[1m}[0m[2m:[0m [2msui_core::state_accumulator[0m[2m:[0m [2mcrates/sui-core/src/state_accumulator.rs[0m[2m:[0m[2m675:[0m accumulating running root for checkpoint 336
[2m2025-03-25T07:55:34.227005Z[0m [32m INFO[0m [1mnode[0m[1m{[0m[3mname[0m[2m=[0mk#8dcff6d1..[1m}[0m[2m:[0m [2mconsensus_core::core[0m[2m:[0m [2mconsensus/core/src/core.rs[0m[2m:[0m[2m694:[0m Received quorum round per authority in ancestor state manager set to: [(136, 136), (136, 136), (136, 136)]
[2m2025-03-25T07:55:34.227016Z[0m [32m INFO[0m [1mnode[0m[1m{[0m[3mname[0m[2m=[0mk#8dcff6d1..[1m}[0m[2m:[0m [2mconsensus_core::core[0m[2m:[0m [2mconsensus/core/src/core.rs[0m[2m:[0m[2m695:[0m Accepted quorum round per authority in ancestor state manager set to: [(136, 136), (136, 136), (136, 136)]
[2m2025-03-25T07:55:34.227024Z[0m [32m INFO[0m [1mnode[0m[1m{[0m[3mname[0m[2m=[0mk#8dcff6d1..[1m}[0m[2m:[0m [2mconsensus_core::core[0m[2m:[0m [2mconsensus/core/src/core.rs[0m[2m:[0m[2m698:[0m Propagation round delay set to: 0
[2m2025-03-25T07:55:34.227263Z[0m [32m INFO[0m [1mnode[0m[1m{[0m[3mname[0m[2m=[0mk#99f25ef6..[1m}[0m[2m:[0m [2mconsensus_core::core[0m[2m:[0m [2mconsensus/core/src/core.rs[0m[2m:[0m[2m694:[0m Received quorum round per authority in ancestor state manager set to: [(136, 136), (136, 136), (136, 136)]
[2m2025-03-25T07:55:34.227272Z[0m [32m INFO[0m [1mnode[0m[1m{[0m[3mname[0m[2m=[0mk#99f25ef6..[1m}[0m[2m:[0m [2mconsensus_core::core[0m[2m:[0m [2mconsensus/core/src/core.rs[0m[2m:[0m[2m695:[0m Accepted quorum round per authority in ancestor state manager set to: [(136, 136), (136, 136), (136, 136)]
[2m2025-03-25T07:55:34.227279Z[0m [32m INFO[0m [1mnode[0m[1m{[0m[3mname[0m[2m=[0mk#99f25ef6..[1m}[0m[2m:[0m [2mconsensus_core::core[0m[2m:[0m [2mconsensus/core/src/core.rs[0m[2m:[0m[2m698:[0m Propagation round delay set to: 0
[2m2025-03-25T07:55:34.227579Z[0m [32m INFO[0m [1mnode[0m[1m{[0m[3mname[0m[2m=[0mk#addeef94..[1m}[0m[2m:[0m [2mconsensus_core::core[0m[2m:[0m [2mconsensus/core/src/core.rs[0m[2m:[0m[2m694:[0m Received quorum round per authority in ancestor state manager set to: [(135, 136), (136, 136), (136, 136)]
[2m2025-03-25T07:55:34.227587Z[0m [32m INFO[0m [1mnode[0m[1m{[0m[3mname[0m[2m=[0mk#addeef94..[1m}[0m[2m:[0m [2mconsensus_core::core[0m[2m:[0m [2mconsensus/core/src/core.rs[0m[2m:[0m[2m695:[0m Accepted quorum round per authority in ancestor state manager set to: [(135, 136), (136, 136), (136, 136)]
[2m2025-03-25T07:55:34.227594Z[0m [32m INFO[0m [1mnode[0m[1m{[0m[3mname[0m[2m=[0mk#addeef94..[1m}[0m[2m:[0m [2mconsensus_core::core[0m[2m:[0m [2mconsensus/core/src/core.rs[0m[2m:[0m[2m698:[0m Propagation round delay set to: 0
[2m2025-03-25T07:55:34.248887Z[0m [32m INFO[0m [1mnode[0m[1m{[0m[3mname[0m[2m=[0mk#b3f3cbb4..[1m}[0m[2m:[0m [2msui_core::state_accumulator[0m[2m:[0m [2mcrates/sui-core/src/state_accumulator.rs[0m[2m:[0m[2m675:[0m accumulating running root for checkpoint 336
[2m2025-03-25T07:55:34.331534Z[0m [32m INFO[0m [1mnode[0m[1m{[0m[3mname[0m[2m=[0mk#addeef94..[1m}[0m[2m:[0m [2mconsensus_core::core[0m[2m:[0m [2mconsensus/core/src/core.rs[0m[2m:[0m[2m945:[0m Included 3 ancestors & excluded 0 ancestors for proposal in round 137
[2m2025-03-25T07:55:34.331869Z[0m [32m INFO[0m [1mnode[0m[1m{[0m[3mname[0m[2m=[0mk#99f25ef6..[1m}[0m[2m:[0m [2mconsensus_core::core[0m[2m:[0m [2mconsensus/core/src/core.rs[0m[2m:[0m[2m945:[0m Included 3 ancestors & excluded 0 ancestors for proposal in round 137
[2m2025-03-25T07:55:34.332080Z[0m [32m INFO[0m [1mnode[0m[1m{[0m[3mname[0m[2m=[0mk#addeef94..[1m}[0m[2m:[0m [2mconsensus_core::core[0m[2m:[0m [2mconsensus/core/src/core.rs[0m[2m:[0m[2m531:[0m Created block B137(C,sWWTmSdIe6k6WGPc59PaJrvCPC6oDoA+ayyQv3Ak5S4=)(1742889334331ms;[B136(C,AEdeiYsGMGdwSq0ugLAiaWiVyHfKVcgp8quHdNaheJE=), B136(A,eD9JueDG6tbQmg5Ew0yc0FYhF4d2gEtamZw8Oc7YDJo=), B136(B,ic8kndSdEPNZEeZa3xfmkPEjeFHWylavt05kf0Gu/nY=)];1t;1c) for round 137
[2m2025-03-25T07:55:34.332287Z[0m [32m INFO[0m [1mnode[0m[1m{[0m[3mname[0m[2m=[0mk#99f25ef6..[1m}[0m[2m:[0m [2mconsensus_core::core[0m[2m:[0m [2mconsensus/core/src/core.rs[0m[2m:[0m[2m531:[0m Created block B137(B,tKbzW3TWyiHqeUBHSfq7kvYqRi22ag+gB7qj7h1rXcU=)(1742889334331ms;[B136(B,ic8kndSdEPNZEeZa3xfmkPEjeFHWylavt05kf0Gu/nY=), B136(A,eD9JueDG6tbQmg5Ew0yc0FYhF4d2gEtamZw8Oc7YDJo=), B136(C,AEdeiYsGMGdwSq0ugLAiaWiVyHfKVcgp8quHdNaheJE=)];1t;1c) for round 137
[2m2025-03-25T07:55:34.334536Z[0m [32m INFO[0m [1mnode[0m[1m{[0m[3mname[0m[2m=[0mk#99f25ef6..[1m}[0m[2m:[0m [2mconsensus_core::core[0m[2m:[0m [2mconsensus/core/src/core.rs[0m[2m:[0m[2m630:[0m Committing 1 leaders: B135(B,ixKK)
[2m2025-03-25T07:55:34.334591Z[0m [32m INFO[0m [1mnode[0m[1m{[0m[3mname[0m[2m=[0mk#addeef94..[1m}[0m[2m:[0m [2mconsensus_core::core[0m[2m:[0m [2mconsensus/core/src/core.rs[0m[2m:[0m[2m630:[0m Committing 1 leaders: B135(B,ixKK)
[2m2025-03-25T07:55:34.334669Z[0m [32m INFO[0m [1mnode[0m[1m{[0m[3mname[0m[2m=[0mk#99f25ef6..[1m}[0m[2m:[0m [2mconsensus_core::commit_observer[0m[2m:[0m [2mconsensus/core/src/commit_observer.rs[0m[2m:[0m[2m173:[0m Consensus commit C125(B+Kw) with leader B135(B,ixKK) has 3 blocks
[2m2025-03-25T07:55:34.334714Z[0m [32m INFO[0m [1mnode[0m[1m{[0m[3mname[0m[2m=[0mk#addeef94..[1m}[0m[2m:[0m [2mconsensus_core::commit_observer[0m[2m:[0m [2mconsensus/core/src/commit_observer.rs[0m[2m:[0m[2m173:[0m Consensus commit C125(B+Kw) with leader B135(B,ixKK) has 3 blocks
[2m2025-03-25T07:55:34.334787Z[0m [32m INFO[0m [1mnode[0m[1m{[0m[3mname[0m[2m=[0mk#99f25ef6..[1m}[0m[2m:[0m [2msui_core::consensus_handler[0m[2m:[0m [2mcrates/sui-core/src/consensus_handler.rs[0m[2m:[0m[2m232:[0m Received consensus output [3mconsensus_commit[0m[2m=[0mCommittedSubDag(leader=B135(B,ixKK), ref=C125(B+Kw), blocks=[TklJ, M5Xy, ixKK]) [3mepoch[0m[2m=[0m1
[2m2025-03-25T07:55:34.334809Z[0m [32m INFO[0m [1mnode[0m[1m{[0m[3mname[0m[2m=[0mk#addeef94..[1m}[0m[2m:[0m [2msui_core::consensus_handler[0m[2m:[0m [2mcrates/sui-core/src/consensus_handler.rs[0m[2m:[0m[2m232:[0m Received consensus output [3mconsensus_commit[0m[2m=[0mCommittedSubDag(leader=B135(B,ixKK), ref=C125(B+Kw), blocks=[TklJ, M5Xy, ixKK]) [3mepoch[0m[2m=[0m1
[2m2025-03-25T07:55:34.337603Z[0m [32m INFO[0m [1mnode[0m[1m{[0m[3mname[0m[2m=[0mk#8dcff6d1..[1m}[0m[2m:[0m [2msui_core::checkpoints::checkpoint_output[0m[2m:[0m [2mcrates/sui-core/src/checkpoints/checkpoint_output.rs[0m[2m:[0m[2m196:[0m Certified checkpoint with sequence 337 and digest A9wN3f7AeZkgqzmhJMyVRoxGTf6kH9Qv5os1AkFoBjLG
[2m2025-03-25T07:55:34.337752Z[0m [32m INFO[0m [1mnode[0m[1m{[0m[3mname[0m[2m=[0mk#8dcff6d1..[1m}[0m[2m:[0m [2mconsensus_core::core[0m[2m:[0m [2mconsensus/core/src/core.rs[0m[2m:[0m[2m630:[0m Committing 1 leaders: B135(B,ixKK)
[2m2025-03-25T07:55:34.337915Z[0m [32m INFO[0m [1mnode[0m[1m{[0m[3mname[0m[2m=[0mk#8dcff6d1..[1m}[0m[2m:[0m [2mconsensus_core::commit_observer[0m[2m:[0m [2mconsensus/core/src/commit_observer.rs[0m[2m:[0m[2m173:[0m Consensus commit C125(B+Kw) with leader B135(B,ixKK) has 3 blocks
[2m2025-03-25T07:55:34.338424Z[0m [32m INFO[0m [1mnode[0m[1m{[0m[3mname[0m[2m=[0mk#8dcff6d1..[1m}[0m[2m:[0m [2msui_core::consensus_handler[0m[2m:[0m [2mcrates/sui-core/src/consensus_handler.rs[0m[2m:[0m[2m232:[0m Received consensus output [3mconsensus_commit[0m[2m=[0mCommittedSubDag(leader=B135(B,ixKK), ref=C125(B+Kw), blocks=[TklJ, M5Xy, ixKK]) [3mepoch[0m[2m=[0m1
[2m2025-03-25T07:55:34.339133Z[0m [32m INFO[0m [1mnode[0m[1m{[0m[3mname[0m[2m=[0mk#8dcff6d1..[1m}[0m[2m:[0m [2msui_core::checkpoints::checkpoint_executor[0m[2m:[0m [2mcrates/sui-core/src/checkpoints/checkpoint_executor/mod.rs[0m[2m:[0m[2m332:[0m Received checkpoint summary from state sync [3msequence_number[0m[2m=[0m337
[2m2025-03-25T07:55:34.340935Z[0m [32m INFO[0m [1mnode[0m[1m{[0m[3mname[0m[2m=[0mk#8dcff6d1..[1m}[0m[2m:[0m [2msui_core::state_accumulator[0m[2m:[0m [2mcrates/sui-core/src/state_accumulator.rs[0m[2m:[0m[2m675:[0m accumulating running root for checkpoint 337
[2m2025-03-25T07:55:34.365635Z[0m [32m INFO[0m [1mnode[0m[1m{[0m[3mname[0m[2m=[0mk#99f25ef6..[1m}[0m[2m:[0m [2msui_core::checkpoints[0m[2m:[0m [2mcrates/sui-core/src/checkpoints/mod.rs[0m[2m:[0m[2m1326:[0m Creating checkpoint(s) for 2 transactions [3mnext_checkpoint_seq[0m[2m=[0m338 [3mcheckpoint_timestamp[0m[2m=[0m1742889333811
[2m2025-03-25T07:55:34.365635Z[0m [32m INFO[0m [1mnode[0m[1m{[0m[3mname[0m[2m=[0mk#addeef94..[1m}[0m[2m:[0m [2msui_core::checkpoints[0m[2m:[0m [2mcrates/sui-core/src/checkpoints/mod.rs[0m[2m:[0m[2m1326:[0m Creating checkpoint(s) for 2 transactions [3mnext_checkpoint_seq[0m[2m=[0m338 [3mcheckpoint_timestamp[0m[2m=[0m1742889333811
[2m2025-03-25T07:55:34.365952Z[0m [32m INFO[0m [1mnode[0m[1m{[0m[3mname[0m[2m=[0mk#addeef94..[1m}[0m[2m:[0m [2msui_core::checkpoints::checkpoint_output[0m[2m:[0m [2mcrates/sui-core/src/checkpoints/checkpoint_output.rs[0m[2m:[0m[2m149:[0m Creating checkpoint CheckpointDigest(GrpGCw5X22V8DZ6WtBxHtdyPBSEjfvFpQCuNYvjQQHUq) at epoch 1, sequence 338, previous digest Some(CheckpointDigest(A9wN3f7AeZkgqzmhJMyVRoxGTf6kH9Qv5os1AkFoBjLG)), transactions count 2, content digest CheckpointContentsDigest(623r8VD2yWVf8xLVzYHKSAeVSZFiGbXLMfNfzr44yqw), end_of_epoch_data None
[2m2025-03-25T07:55:34.365952Z[0m [32m INFO[0m [1mnode[0m[1m{[0m[3mname[0m[2m=[0mk#99f25ef6..[1m}[0m[2m:[0m [2msui_core::checkpoints::checkpoint_output[0m[2m:[0m [2mcrates/sui-core/src/checkpoints/checkpoint_output.rs[0m[2m:[0m[2m149:[0m Creating checkpoint CheckpointDigest(GrpGCw5X22V8DZ6WtBxHtdyPBSEjfvFpQCuNYvjQQHUq) at epoch 1, sequence 338, previous digest Some(CheckpointDigest(A9wN3f7AeZkgqzmhJMyVRoxGTf6kH9Qv5os1AkFoBjLG)), transactions count 2, content digest CheckpointContentsDigest(623r8VD2yWVf8xLVzYHKSAeVSZFiGbXLMfNfzr44yqw), end_of_epoch_data None
[2m2025-03-25T07:55:34.368208Z[0m [32m INFO[0m [1mnode[0m[1m{[0m[3mname[0m[2m=[0mk#addeef94..[1m}[0m[2m:[0m [2msui_core::checkpoints::checkpoint_executor[0m[2m:[0m [2mcrates/sui-core/src/checkpoints/checkpoint_executor/mod.rs[0m[2m:[0m[2m332:[0m Received checkpoint summary from state sync [3msequence_number[0m[2m=[0m337
[2m2025-03-25T07:55:34.369031Z[0m [32m INFO[0m [1mnode[0m[1m{[0m[3mname[0m[2m=[0mk#addeef94..[1m}[0m[2m:[0m [2msui_core::state_accumulator[0m[2m:[0m [2mcrates/sui-core/src/state_accumulator.rs[0m[2m:[0m[2m675:[0m accumulating running root for checkpoint 337
[2m2025-03-25T07:55:34.369282Z[0m [32m INFO[0m [1mnode[0m[1m{[0m[3mname[0m[2m=[0mk#8dcff6d1..[1m}[0m[2m:[0m [2msui_core::checkpoints[0m[2m:[0m [2mcrates/sui-core/src/checkpoints/mod.rs[0m[2m:[0m[2m1326:[0m Creating checkpoint(s) for 2 transactions [3mnext_checkpoint_seq[0m[2m=[0m338 [3mcheckpoint_timestamp[0m[2m=[0m1742889333811
[2m2025-03-25T07:55:34.369547Z[0m [32m INFO[0m [1mnode[0m[1m{[0m[3mname[0m[2m=[0mk#8dcff6d1..[1m}[0m[2m:[0m [2msui_core::checkpoints::checkpoint_output[0m[2m:[0m [2mcrates/sui-core/src/checkpoints/checkpoint_output.rs[0m[2m:[0m[2m149:[0m Creating checkpoint CheckpointDigest(GrpGCw5X22V8DZ6WtBxHtdyPBSEjfvFpQCuNYvjQQHUq) at epoch 1, sequence 338, previous digest Some(CheckpointDigest(A9wN3f7AeZkgqzmhJMyVRoxGTf6kH9Qv5os1AkFoBjLG)), transactions count 2, content digest CheckpointContentsDigest(623r8VD2yWVf8xLVzYHKSAeVSZFiGbXLMfNfzr44yqw), end_of_epoch_data None
[2m2025-03-25T07:55:34.369845Z[0m [32m INFO[0m [1mnode[0m[1m{[0m[3mname[0m[2m=[0mk#99f25ef6..[1m}[0m[2m:[0m [2msui_core::checkpoints::checkpoint_executor[0m[2m:[0m [2mcrates/sui-core/src/checkpoints/checkpoint_executor/mod.rs[0m[2m:[0m[2m332:[0m Received checkpoint summary from state sync [3msequence_number[0m[2m=[0m307
[2m2025-03-25T07:55:34.369931Z[0m [32m INFO[0m [1mnode[0m[1m{[0m[3mname[0m[2m=[0mk#99f25ef6..[1m}[0m[2m:[0m [2msui_core::checkpoints::checkpoint_executor[0m[2m:[0m [2mcrates/sui-core/src/checkpoints/checkpoint_executor/mod.rs[0m[2m:[0m[2m332:[0m Received checkpoint summary from state sync [3msequence_number[0m[2m=[0m308
[2m2025-03-25T07:55:34.369972Z[0m [32m INFO[0m [1mnode[0m[1m{[0m[3mname[0m[2m=[0mk#99f25ef6..[1m}[0m[2m:[0m [2msui_core::checkpoints::checkpoint_executor[0m[2m:[0m [2mcrates/sui-core/src/checkpoints/checkpoint_executor/mod.rs[0m[2m:[0m[2m332:[0m Received checkpoint summary from state sync [3msequence_number[0m[2m=[0m309
[2m2025-03-25T07:55:34.370015Z[0m [32m INFO[0m [1mnode[0m[1m{[0m[3mname[0m[2m=[0mk#99f25ef6..[1m}[0m[2m:[0m [2msui_core::checkpoints::checkpoint_executor[0m[2m:[0m [2mcrates/sui-core/src/checkpoints/checkpoint_executor/mod.rs[0m[2m:[0m[2m332:[0m Received checkpoint summary from state sync [3msequence_number[0m[2m=[0m310
[2m2025-03-25T07:55:34.370054Z[0m [32m INFO[0m [1mnode[0m[1m{[0m[3mname[0m[2m=[0mk#99f25ef6..[1m}[0m[2m:[0m [2msui_core::checkpoints::checkpoint_executor[0m[2m:[0m [2mcrates/sui-core/src/checkpoints/checkpoint_executor/mod.rs[0m[2m:[0m[2m332:[0m Received checkpoint summary from state sync [3msequence_number[0m[2m=[0m311
[2m2025-03-25T07:55:34.370095Z[0m [32m INFO[0m [1mnode[0m[1m{[0m[3mname[0m[2m=[0mk#99f25ef6..[1m}[0m[2m:[0m [2msui_core::checkpoints::checkpoint_executor[0m[2m:[0m [2mcrates/sui-core/src/checkpoints/checkpoint_executor/mod.rs[0m[2m:[0m[2m332:[0m Received checkpoint summary from state sync [3msequence_number[0m[2m=[0m312
[2m2025-03-25T07:55:34.370135Z[0m [32m INFO[0m [1mnode[0m[1m{[0m[3mname[0m[2m=[0mk#99f25ef6..[1m}[0m[2m:[0m [2msui_core::checkpoints::checkpoint_executor[0m[2m:[0m [2mcrates/sui-core/src/checkpoints/checkpoint_executor/mod.rs[0m[2m:[0m[2m332:[0m Received checkpoint summary from state sync [3msequence_number[0m[2m=[0m313
[2m2025-03-25T07:55:34.370174Z[0m [32m INFO[0m [1mnode[0m[1m{[0m[3mname[0m[2m=[0mk#99f25ef6..[1m}[0m[2m:[0m [2msui_core::checkpoints::checkpoint_executor[0m[2m:[0m [2mcrates/sui-core/src/checkpoints/checkpoint_executor/mod.rs[0m[2m:[0m[2m332:[0m Received checkpoint summary from state sync [3msequence_number[0m[2m=[0m314
[2m2025-03-25T07:55:34.370214Z[0m [32m INFO[0m [1mnode[0m[1m{[0m[3mname[0m[2m=[0mk#99f25ef6..[1m}[0m[2m:[0m [2msui_core::checkpoints::checkpoint_executor[0m[2m:[0m [2mcrates/sui-core/src/checkpoints/checkpoint_executor/mod.rs[0m[2m:[0m[2m332:[0m Received checkpoint summary from state sync [3msequence_number[0m[2m=[0m315
[2m2025-03-25T07:55:34.370254Z[0m [32m INFO[0m [1mnode[0m[1m{[0m[3mname[0m[2m=[0mk#99f25ef6..[1m}[0m[2m:[0m [2msui_core::checkpoints::checkpoint_executor[0m[2m:[0m [2mcrates/sui-core/src/checkpoints/checkpoint_executor/mod.rs[0m[2m:[0m[2m332:[0m Received checkpoint summary from state sync [3msequence_number[0m[2m=[0m316
[2m2025-03-25T07:55:34.370295Z[0m [32m INFO[0m [1mnode[0m[1m{[0m[3mname[0m[2m=[0mk#99f25ef6..[1m}[0m[2m:[0m [2msui_core::checkpoints::checkpoint_executor[0m[2m:[0m [2mcrates/sui-core/src/checkpoints/checkpoint_executor/mod.rs[0m[2m:[0m[2m332:[0m Received checkpoint summary from state sync [3msequence_number[0m[2m=[0m317
[2m2025-03-25T07:55:34.370333Z[0m [32m INFO[0m [1mnode[0m[1m{[0m[3mname[0m[2m=[0mk#99f25ef6..[1m}[0m[2m:[0m [2msui_core::checkpoints::checkpoint_executor[0m[2m:[0m [2mcrates/sui-core/src/checkpoints/checkpoint_executor/mod.rs[0m[2m:[0m[2m332:[0m Received checkpoint summary from state sync [3msequence_number[0m[2m=[0m318
[2m2025-03-25T07:55:34.370373Z[0m [32m INFO[0m [1mnode[0m[1m{[0m[3mname[0m[2m=[0mk#99f25ef6..[1m}[0m[2m:[0m [2msui_core::checkpoints::checkpoint_executor[0m[2m:[0m [2mcrates/sui-core/src/checkpoints/checkpoint_executor/mod.rs[0m[2m:[0m[2m332:[0m Received checkpoint summary from state sync [3msequence_number[0m[2m=[0m319
[2m2025-03-25T07:55:34.370411Z[0m [32m INFO[0m [1mnode[0m[1m{[0m[3mname[0m[2m=[0mk#99f25ef6..[1m}[0m[2m:[0m [2msui_core::checkpoints::checkpoint_executor[0m[2m:[0m [2mcrates/sui-core/src/checkpoints/checkpoint_executor/mod.rs[0m[2m:[0m[2m332:[0m Received checkpoint summary from state sync [3msequence_number[0m[2m=[0m320
[2m2025-03-25T07:55:34.370450Z[0m [32m INFO[0m [1mnode[0m[1m{[0m[3mname[0m[2m=[0mk#99f25ef6..[1m}[0m[2m:[0m [2msui_core::checkpoints::checkpoint_executor[0m[2m:[0m [2mcrates/sui-core/src/checkpoints/checkpoint_executor/mod.rs[0m[2m:[0m[2m332:[0m Received checkpoint summary from state sync [3msequence_number[0m[2m=[0m321
[2m2025-03-25T07:55:34.370489Z[0m [32m INFO[0m [1mnode[0m[1m{[0m[3mname[0m[2m=[0mk#99f25ef6..[1m}[0m[2m:[0m [2msui_core::checkpoints::checkpoint_executor[0m[2m:[0m [2mcrates/sui-core/src/checkpoints/checkpoint_executor/mod.rs[0m[2m:[0m[2m332:[0m Received checkpoint summary from state sync [3msequence_number[0m[2m=[0m322
[2m2025-03-25T07:55:34.370527Z[0m [32m INFO[0m [1mnode[0m[1m{[0m[3mname[0m[2m=[0mk#99f25ef6..[1m}[0m[2m:[0m [2msui_core::checkpoints::checkpoint_executor[0m[2m:[0m [2mcrates/sui-core/src/checkpoints/checkpoint_executor/mod.rs[0m[2m:[0m[2m332:[0m Received checkpoint summary from state sync [3msequence_number[0m[2m=[0m323
[2m2025-03-25T07:55:34.370566Z[0m [32m INFO[0m [1mnode[0m[1m{[0m[3mname[0m[2m=[0mk#99f25ef6..[1m}[0m[2m:[0m [2msui_core::checkpoints::checkpoint_executor[0m[2m:[0m [2mcrates/sui-core/src/checkpoints/checkpoint_executor/mod.rs[0m[2m:[0m[2m332:[0m Received checkpoint summary from state sync [3msequence_number[0m[2m=[0m324
[2m2025-03-25T07:55:34.370604Z[0m [32m INFO[0m [1mnode[0m[1m{[0m[3mname[0m[2m=[0mk#99f25ef6..[1m}[0m[2m:[0m [2msui_core::checkpoints::checkpoint_executor[0m[2m:[0m [2mcrates/sui-core/src/checkpoints/checkpoint_executor/mod.rs[0m[2m:[0m[2m332:[0m Received checkpoint summary from state sync [3msequence_number[0m[2m=[0m325
[2m2025-03-25T07:55:34.370642Z[0m [32m INFO[0m [1mnode[0m[1m{[0m[3mname[0m[2m=[0mk#99f25ef6..[1m}[0m[2m:[0m [2msui_core::checkpoints::checkpoint_executor[0m[2m:[0m [2mcrates/sui-core/src/checkpoints/checkpoint_executor/mod.rs[0m[2m:[0m[2m332:[0m Received checkpoint summary from state sync [3msequence_number[0m[2m=[0m326
[2m2025-03-25T07:55:34.370680Z[0m [32m INFO[0m [1mnode[0m[1m{[0m[3mname[0m[2m=[0mk#99f25ef6..[1m}[0m[2m:[0m [2msui_core::checkpoints::checkpoint_executor[0m[2m:[0m [2mcrates/sui-core/src/checkpoints/checkpoint_executor/mod.rs[0m[2m:[0m[2m332:[0m Received checkpoint summary from state sync [3msequence_number[0m[2m=[0m327
[2m2025-03-25T07:55:34.370720Z[0m [32m INFO[0m [1mnode[0m[1m{[0m[3mname[0m[2m=[0mk#99f25ef6..[1m}[0m[2m:[0m [2msui_core::checkpoints::checkpoint_executor[0m[2m:[0m [2mcrates/sui-core/src/checkpoints/checkpoint_executor/mod.rs[0m[2m:[0m[2m332:[0m Received checkpoint summary from state sync [3msequence_number[0m[2m=[0m328
[2m2025-03-25T07:55:34.370759Z[0m [32m INFO[0m [1mnode[0m[1m{[0m[3mname[0m[2m=[0mk#99f25ef6..[1m}[0m[2m:[0m [2msui_core::checkpoints::checkpoint_executor[0m[2m:[0m [2mcrates/sui-core/src/checkpoints/checkpoint_executor/mod.rs[0m[2m:[0m[2m332:[0m Received checkpoint summary from state sync [3msequence_number[0m[2m=[0m329
[2m2025-03-25T07:55:34.370798Z[0m [32m INFO[0m [1mnode[0m[1m{[0m[3mname[0m[2m=[0mk#99f25ef6..[1m}[0m[2m:[0m [2msui_core::checkpoints::checkpoint_executor[0m[2m:[0m [2mcrates/sui-core/src/checkpoints/checkpoint_executor/mod.rs[0m[2m:[0m[2m332:[0m Received checkpoint summary from state sync [3msequence_number[0m[2m=[0m330
[2m2025-03-25T07:55:34.370837Z[0m [32m INFO[0m [1mnode[0m[1m{[0m[3mname[0m[2m=[0mk#99f25ef6..[1m}[0m[2m:[0m [2msui_core::checkpoints::checkpoint_executor[0m[2m:[0m [2mcrates/sui-core/src/checkpoints/checkpoint_executor/mod.rs[0m[2m:[0m[2m332:[0m Received checkpoint summary from state sync [3msequence_number[0m[2m=[0m331
[2m2025-03-25T07:55:34.370877Z[0m [32m INFO[0m [1mnode[0m[1m{[0m[3mname[0m[2m=[0mk#99f25ef6..[1m}[0m[2m:[0m [2msui_core::checkpoints::checkpoint_executor[0m[2m:[0m [2mcrates/sui-core/src/checkpoints/checkpoint_executor/mod.rs[0m[2m:[0m[2m332:[0m Received checkpoint summary from state sync [3msequence_number[0m[2m=[0m332
[2m2025-03-25T07:55:34.370917Z[0m [32m INFO[0m [1mnode[0m[1m{[0m[3mname[0m[2m=[0mk#99f25ef6..[1m}[0m[2m:[0m [2msui_core::checkpoints::checkpoint_executor[0m[2m:[0m [2mcrates/sui-core/src/checkpoints/checkpoint_executor/mod.rs[0m[2m:[0m[2m332:[0m Received checkpoint summary from state sync [3msequence_number[0m[2m=[0m333
[2m2025-03-25T07:55:34.370956Z[0m [32m INFO[0m [1mnode[0m[1m{[0m[3mname[0m[2m=[0mk#99f25ef6..[1m}[0m[2m:[0m [2msui_core::checkpoints::checkpoint_executor[0m[2m:[0m [2mcrates/sui-core/src/checkpoints/checkpoint_executor/mod.rs[0m[2m:[0m[2m332:[0m Received checkpoint summary from state sync [3msequence_number[0m[2m=[0m334
[2m2025-03-25T07:55:34.370997Z[0m [32m INFO[0m [1mnode[0m[1m{[0m[3mname[0m[2m=[0mk#99f25ef6..[1m}[0m[2m:[0m [2msui_core::checkpoints::checkpoint_executor[0m[2m:[0m [2mcrates/sui-core/src/checkpoints/checkpoint_executor/mod.rs[0m[2m:[0m[2m332:[0m Received checkpoint summary from state sync [3msequence_number[0m[2m=[0m335
[2m2025-03-25T07:55:34.371035Z[0m [32m INFO[0m [1mnode[0m[1m{[0m[3mname[0m[2m=[0mk#99f25ef6..[1m}[0m[2m:[0m [2msui_core::checkpoints::checkpoint_executor[0m[2m:[0m [2mcrates/sui-core/src/checkpoints/checkpoint_executor/mod.rs[0m[2m:[0m[2m332:[0m Received checkpoint summary from state sync [3msequence_number[0m[2m=[0m336
[2m2025-03-25T07:55:34.371073Z[0m [32m INFO[0m [1mnode[0m[1m{[0m[3mname[0m[2m=[0mk#99f25ef6..[1m}[0m[2m:[0m [2msui_core::checkpoints::checkpoint_executor[0m[2m:[0m [2mcrates/sui-core/src/checkpoints/checkpoint_executor/mod.rs[0m[2m:[0m[2m332:[0m Received checkpoint summary from state sync [3msequence_number[0m[2m=[0m337
[2m2025-03-25T07:55:34.371409Z[0m [32m INFO[0m [1mnode[0m[1m{[0m[3mname[0m[2m=[0mk#b3f3cbb4..[1m}[0m[2m:[0m [2msui_core::checkpoints::checkpoint_executor[0m[2m:[0m [2mcrates/sui-core/src/checkpoints/checkpoint_executor/mod.rs[0m[2m:[0m[2m332:[0m Received checkpoint summary from state sync [3msequence_number[0m[2m=[0m337
[2m2025-03-25T07:55:34.371811Z[0m [32m INFO[0m [1mnode[0m[1m{[0m[3mname[0m[2m=[0mk#99f25ef6..[1m}[0m[2m:[0m [2msui_core::state_accumulator[0m[2m:[0m [2mcrates/sui-core/src/state_accumulator.rs[0m[2m:[0m[2m675:[0m accumulating running root for checkpoint 337
[2m2025-03-25T07:55:34.397269Z[0m [32m INFO[0m [1mnode[0m[1m{[0m[3mname[0m[2m=[0mk#b3f3cbb4..[1m}[0m[2m:[0m [2msui_core::state_accumulator[0m[2m:[0m [2mcrates/sui-core/src/state_accumulator.rs[0m[2m:[0m[2m675:[0m accumulating running root for checkpoint 337
[2m2025-03-25T07:55:34.445564Z[0m [32m INFO[0m [2msui_bridge::sui_client[0m[2m:[0m [2mcrates/sui-bridge/src/sui_client.rs[0m[2m:[0m[2m103:[0m SuiClient is connected to chain db09b843, current block number: 337
[2m2025-03-25T07:55:34.450497Z[0m [32m INFO[0m [2msui_bridge::config[0m[2m:[0m [2mcrates/sui-bridge/src/config.rs[0m[2m:[0m[2m305:[0m Connected to Eth chain: 31337, Bridge chain id: 12
[2m2025-03-25T07:55:34.451140Z[0m [32m INFO[0m [2msui_bridge::eth_client[0m[2m:[0m [2mcrates/sui-bridge/src/eth_client.rs[0m[2m:[0m[2m69:[0m EthClient is connected to chain 31337, current block number: 98
[2m2025-03-25T07:55:34.451995Z[0m [32m INFO[0m [2msui_bridge::config[0m[2m:[0m [2mcrates/sui-bridge/src/config.rs[0m[2m:[0m[2m340:[0m prepare_for_sui bridge_client_key_path None
[2m2025-03-25T07:55:34.452621Z[0m [32m INFO[0m [2msui_bridge::config[0m[2m:[0m [2mcrates/sui-bridge/src/config.rs[0m[2m:[0m[2m370:[0m Connected to Sui chain: db09b843, Bridge chain id: 2
[2m2025-03-25T07:55:34.475263Z[0m [32m INFO[0m [2msui_bridge::config[0m[2m:[0m [2mcrates/sui-bridge/src/config.rs[0m[2m:[0m[2m397:[0m Starting bridge client with address: 0x4ff42dd92612b14f109397416c3e5d362aee65d7d3459db1b80164f1f84a59c3, gas object 0x059c5b653da3f627ad85b7947a1634ad3055f81b24125b7d9b23178b0146bfc6, balance: 299999977237880
[2m2025-03-25T07:55:34.477140Z[0m [32m INFO[0m [2msui_bridge::node[0m[2m:[0m [2mcrates/sui-bridge/src/node.rs[0m[2m:[0m[2m96:[0m Spawning future crates/sui-bridge/src/node.rs:96
[2m2025-03-25T07:55:34.480855Z[0m [32m INFO[0m [2msui_bridge::sui_bridge_watchdog[0m[2m:[0m [2mcrates/sui-bridge/src/sui_bridge_watchdog/mod.rs[0m[2m:[0m[2m33:[0m Spawning future crates/sui-bridge/src/sui_bridge_watchdog/mod.rs:33
[2m2025-03-25T07:55:34.480857Z[0m [32m INFO[0m [2msui_bridge::sui_bridge_watchdog[0m[2m:[0m [2mcrates/sui-bridge/src/sui_bridge_watchdog/mod.rs[0m[2m:[0m[2m33:[0m Spawning future crates/sui-bridge/src/sui_bridge_watchdog/mod.rs:33
[2m2025-03-25T07:55:34.480856Z[0m [32m INFO[0m [2msui_bridge::sui_bridge_watchdog[0m[2m:[0m [2mcrates/sui-bridge/src/sui_bridge_watchdog/mod.rs[0m[2m:[0m[2m33:[0m Spawning future crates/sui-bridge/src/sui_bridge_watchdog/mod.rs:33
[2m2025-03-25T07:55:34.480856Z[0m [32m INFO[0m [2msui_bridge::sui_bridge_watchdog[0m[2m:[0m [2mcrates/sui-bridge/src/sui_bridge_watchdog/mod.rs[0m[2m:[0m[2m33:[0m Spawning future crates/sui-bridge/src/sui_bridge_watchdog/mod.rs:33
[2m2025-03-25T07:55:34.480885Z[0m [32m INFO[0m [2msui_bridge::sui_bridge_watchdog[0m[2m:[0m [2mcrates/sui-bridge/src/sui_bridge_watchdog/mod.rs[0m[2m:[0m[2m47:[0m Running observable EthereumVaultBalance
[2m2025-03-25T07:55:34.480885Z[0m [32m INFO[0m [2msui_bridge::sui_bridge_watchdog[0m[2m:[0m [2mcrates/sui-bridge/src/sui_bridge_watchdog/mod.rs[0m[2m:[0m[2m47:[0m Running observable EthereumVaultBalance
[2m2025-03-25T07:55:34.480886Z[0m [32m INFO[0m [2msui_bridge::sui_bridge_watchdog[0m[2m:[0m [2mcrates/sui-bridge/src/sui_bridge_watchdog/mod.rs[0m[2m:[0m[2m47:[0m Running observable SuiBridgeStatus
[2m2025-03-25T07:55:34.480952Z[0m [32m INFO[0m [2msui_bridge::sui_bridge_watchdog[0m[2m:[0m [2mcrates/sui-bridge/src/sui_bridge_watchdog/mod.rs[0m[2m:[0m[2m47:[0m Running observable EthBridgeStatus
[2m2025-03-25T07:55:34.481304Z[0m [32m INFO[0m [1mobservable[0m[1m{[0m[3mname[0m[2m=[0m"EthereumVaultBalance"[1m}[0m[2m:[0m [2msui_bridge::sui_bridge_watchdog::eth_vault_balance[0m[2m:[0m [2mcrates/sui-bridge/src/sui_bridge_watchdog/eth_vault_balance.rs[0m[2m:[0m[2m98:[0m WETH Vault Balance: 0
[2m2025-03-25T07:55:34.481344Z[0m [32m INFO[0m [2msui_bridge::sui_bridge_watchdog[0m[2m:[0m [2mcrates/sui-bridge/src/sui_bridge_watchdog/mod.rs[0m[2m:[0m[2m47:[0m Running observable EthereumVaultBalance
[2m2025-03-25T07:55:34.481587Z[0m [32m INFO[0m [1mobservable[0m[1m{[0m[3mname[0m[2m=[0m"EthBridgeStatus"[1m}[0m[2m:[0m [2msui_bridge::sui_bridge_watchdog::eth_bridge_status[0m[2m:[0m [2mcrates/sui-bridge/src/sui_bridge_watchdog/eth_bridge_status.rs[0m[2m:[0m[2m47:[0m Eth Bridge Status: false
[2m2025-03-25T07:55:34.481599Z[0m [32m INFO[0m [2msui_bridge::sui_bridge_watchdog[0m[2m:[0m [2mcrates/sui-bridge/src/sui_bridge_watchdog/mod.rs[0m[2m:[0m[2m47:[0m Running observable EthBridgeStatus
[2m2025-03-25T07:55:34.481710Z[0m [32m INFO[0m [1mobservable[0m[1m{[0m[3mname[0m[2m=[0m"EthereumVaultBalance"[1m}[0m[2m:[0m [2msui_bridge::sui_bridge_watchdog::eth_vault_balance[0m[2m:[0m [2mcrates/sui-bridge/src/sui_bridge_watchdog/eth_vault_balance.rs[0m[2m:[0m[2m98:[0m WETH Vault Balance: 0
[2m2025-03-25T07:55:34.481750Z[0m [32m INFO[0m [1mobservable[0m[1m{[0m[3mname[0m[2m=[0m"EthereumVaultBalance"[1m}[0m[2m:[0m [2msui_bridge::sui_bridge_watchdog::eth_vault_balance[0m[2m:[0m [2mcrates/sui-bridge/src/sui_bridge_watchdog/eth_vault_balance.rs[0m[2m:[0m[2m98:[0m USDT Vault Balance: 0
[2m2025-03-25T07:55:34.481763Z[0m [32m INFO[0m [2msui_bridge::sui_bridge_watchdog[0m[2m:[0m [2mcrates/sui-bridge/src/sui_bridge_watchdog/mod.rs[0m[2m:[0m[2m47:[0m Running observable EthereumVaultBalance
[2m2025-03-25T07:55:34.481896Z[0m [32m INFO[0m [1mobservable[0m[1m{[0m[3mname[0m[2m=[0m"EthBridgeStatus"[1m}[0m[2m:[0m [2msui_bridge::sui_bridge_watchdog::eth_bridge_status[0m[2m:[0m [2mcrates/sui-bridge/src/sui_bridge_watchdog/eth_bridge_status.rs[0m[2m:[0m[2m47:[0m Eth Bridge Status: false
[2m2025-03-25T07:55:34.481980Z[0m [32m INFO[0m [1mobservable[0m[1m{[0m[3mname[0m[2m=[0m"SuiBridgeStatus"[1m}[0m[2m:[0m [2msui_bridge::sui_bridge_watchdog::sui_bridge_status[0m[2m:[0m [2mcrates/sui-bridge/src/sui_bridge_watchdog/sui_bridge_status.rs[0m[2m:[0m[2m37:[0m Sui Bridge Status: false
[2m2025-03-25T07:55:34.481990Z[0m [32m INFO[0m [2msui_bridge::sui_bridge_watchdog[0m[2m:[0m [2mcrates/sui-bridge/src/sui_bridge_watchdog/mod.rs[0m[2m:[0m[2m47:[0m Running observable SuiBridgeStatus
[2m2025-03-25T07:55:34.481996Z[0m [32m INFO[0m [1mobservable[0m[1m{[0m[3mname[0m[2m=[0m"EthereumVaultBalance"[1m}[0m[2m:[0m [2msui_bridge::sui_bridge_watchdog::eth_vault_balance[0m[2m:[0m [2mcrates/sui-bridge/src/sui_bridge_watchdog/eth_vault_balance.rs[0m[2m:[0m[2m98:[0m USDT Vault Balance: 0
[2m2025-03-25T07:55:34.482763Z[0m [32m INFO[0m [1mobservable[0m[1m{[0m[3mname[0m[2m=[0m"SuiBridgeStatus"[1m}[0m[2m:[0m [2msui_bridge::sui_bridge_watchdog::sui_bridge_status[0m[2m:[0m [2mcrates/sui-bridge/src/sui_bridge_watchdog/sui_bridge_status.rs[0m[2m:[0m[2m37:[0m Sui Bridge Status: false
[2m2025-03-25T07:55:34.502308Z[0m [32m INFO[0m [2msui_bridge::node[0m[2m:[0m [2mcrates/sui-bridge/src/node.rs[0m[2m:[0m[2m358:[0m No cursor found for sui bridge module bridge in storage or config override, query start from the beginning.
[2m2025-03-25T07:55:34.502337Z[0m [32m INFO[0m [2msui_bridge::node[0m[2m:[0m [2mcrates/sui-bridge/src/node.rs[0m[2m:[0m[2m358:[0m No cursor found for sui bridge module committee in storage or config override, query start from the beginning.
[2m2025-03-25T07:55:34.502341Z[0m [32m INFO[0m [2msui_bridge::node[0m[2m:[0m [2mcrates/sui-bridge/src/node.rs[0m[2m:[0m[2m358:[0m No cursor found for sui bridge module treasury in storage or config override, query start from the beginning.
[2m2025-03-25T07:55:34.502344Z[0m [32m INFO[0m [2msui_bridge::node[0m[2m:[0m [2mcrates/sui-bridge/src/node.rs[0m[2m:[0m[2m358:[0m No cursor found for sui bridge module limiter in storage or config override, query start from the beginning.
[2m2025-03-25T07:55:34.503087Z[0m [32m INFO[0m [2msui_bridge::eth_syncer[0m[2m:[0m [2mcrates/sui-bridge/src/eth_syncer.rs[0m[2m:[0m[2m68:[0m Spawning future crates/sui-bridge/src/eth_syncer.rs:68
[2m2025-03-25T07:55:34.503125Z[0m [32m INFO[0m [2msui_bridge::eth_syncer[0m[2m:[0m [2mcrates/sui-bridge/src/eth_syncer.rs[0m[2m:[0m[2m99:[0m Starting finalized block refresh task.
[2m2025-03-25T07:55:34.503135Z[0m [32m INFO[0m [2msui_bridge::eth_syncer[0m[2m:[0m [2mcrates/sui-bridge/src/eth_syncer.rs[0m[2m:[0m[2m80:[0m Spawning future crates/sui-bridge/src/eth_syncer.rs:80
[2m2025-03-25T07:55:34.503142Z[0m [32m INFO[0m [2msui_bridge::eth_syncer[0m[2m:[0m [2mcrates/sui-bridge/src/eth_syncer.rs[0m[2m:[0m[2m80:[0m Spawning future crates/sui-bridge/src/eth_syncer.rs:80
[2m2025-03-25T07:55:34.503172Z[0m [32m INFO[0m [2msui_bridge::eth_syncer[0m[2m:[0m [2mcrates/sui-bridge/src/eth_syncer.rs[0m[2m:[0m[2m80:[0m Spawning future crates/sui-bridge/src/eth_syncer.rs:80
[2m2025-03-25T07:55:34.503167Z[0m [32m INFO[0m [2msui_bridge::eth_syncer[0m[2m:[0m [2mcrates/sui-bridge/src/eth_syncer.rs[0m[2m:[0m[2m80:[0m Spawning future crates/sui-bridge/src/eth_syncer.rs:80
[2m2025-03-25T07:55:34.503202Z[0m [32m INFO[0m [2msui_bridge::eth_syncer[0m[2m:[0m [2mcrates/sui-bridge/src/eth_syncer.rs[0m[2m:[0m[2m136:[0m Starting eth events listening task from block 0 [3mcontract_address[0m[2m=[0m0x7b31b399a224ad30d48838f55b41b6a6f1e033ed
[2m2025-03-25T07:55:34.503204Z[0m [32m INFO[0m [2msui_bridge::eth_syncer[0m[2m:[0m [2mcrates/sui-bridge/src/eth_syncer.rs[0m[2m:[0m[2m136:[0m Starting eth events listening task from block 0 [3mcontract_address[0m[2m=[0m0x37ca242a94945cdc3d3f155452a82af6374bebd7
[2m2025-03-25T07:55:34.503202Z[0m [32m INFO[0m [2msui_bridge::eth_syncer[0m[2m:[0m [2mcrates/sui-bridge/src/eth_syncer.rs[0m[2m:[0m[2m136:[0m Starting eth events listening task from block 0 [3mcontract_address[0m[2m=[0m0xd829fcddd9c9c7c50b7cb476596ef0ff5889d543
[2m2025-03-25T07:55:34.503167Z[0m [32m INFO[0m [2msui_bridge::eth_syncer[0m[2m:[0m [2mcrates/sui-bridge/src/eth_syncer.rs[0m[2m:[0m[2m80:[0m Spawning future crates/sui-bridge/src/eth_syncer.rs:80
[2m2025-03-25T07:55:34.503208Z[0m [32m INFO[0m [2msui_bridge::eth_syncer[0m[2m:[0m [2mcrates/sui-bridge/src/eth_syncer.rs[0m[2m:[0m[2m136:[0m Starting eth events listening task from block 0 [3mcontract_address[0m[2m=[0m0x9ebb49b2004c753f6fb8b3181c224a8972f70528
[2m2025-03-25T07:55:34.503219Z[0m [32m INFO[0m [2msui_bridge::sui_syncer[0m[2m:[0m [2mcrates/sui-bridge/src/sui_syncer.rs[0m[2m:[0m[2m76:[0m Spawning future crates/sui-bridge/src/sui_syncer.rs:76
[2m2025-03-25T07:55:34.503222Z[0m [32m INFO[0m [2msui_bridge::eth_syncer[0m[2m:[0m [2mcrates/sui-bridge/src/eth_syncer.rs[0m[2m:[0m[2m136:[0m Starting eth events listening task from block 0 [3mcontract_address[0m[2m=[0m0xef86cec1cef0c78e5725fa6cc3e9929788bbde35
[2m2025-03-25T07:55:34.503228Z[0m [32m INFO[0m [2msui_bridge::sui_syncer[0m[2m:[0m [2mcrates/sui-bridge/src/sui_syncer.rs[0m[2m:[0m[2m100:[0m Starting sui events listening task [3mmodule[0m[2m=[0mIdentifier("bridge") [3mcursor[0m[2m=[0mNone
[2m2025-03-25T07:55:34.503219Z[0m [32m INFO[0m [2msui_bridge::sui_syncer[0m[2m:[0m [2mcrates/sui-bridge/src/sui_syncer.rs[0m[2m:[0m[2m76:[0m Spawning future crates/sui-bridge/src/sui_syncer.rs:76
[2m2025-03-25T07:55:34.503219Z[0m [32m INFO[0m [2msui_bridge::sui_syncer[0m[2m:[0m [2mcrates/sui-bridge/src/sui_syncer.rs[0m[2m:[0m[2m76:[0m Spawning future crates/sui-bridge/src/sui_syncer.rs:76
[2m2025-03-25T07:55:34.503233Z[0m [32m INFO[0m [2msui_bridge::sui_syncer[0m[2m:[0m [2mcrates/sui-bridge/src/sui_syncer.rs[0m[2m:[0m[2m76:[0m Spawning future crates/sui-bridge/src/sui_syncer.rs:76
[2m2025-03-25T07:55:34.503236Z[0m [32m INFO[0m [2msui_bridge::sui_syncer[0m[2m:[0m [2mcrates/sui-bridge/src/sui_syncer.rs[0m[2m:[0m[2m100:[0m Starting sui events listening task [3mmodule[0m[2m=[0mIdentifier("treasury") [3mcursor[0m[2m=[0mNone
[2m2025-03-25T07:55:34.503237Z[0m [32m INFO[0m [2msui_bridge::sui_syncer[0m[2m:[0m [2mcrates/sui-bridge/src/sui_syncer.rs[0m[2m:[0m[2m100:[0m Starting sui events listening task [3mmodule[0m[2m=[0mIdentifier("limiter") [3mcursor[0m[2m=[0mNone
[2m2025-03-25T07:55:34.503240Z[0m [32m INFO[0m [2msui_bridge::sui_syncer[0m[2m:[0m [2mcrates/sui-bridge/src/sui_syncer.rs[0m[2m:[0m[2m100:[0m Starting sui events listening task [3mmodule[0m[2m=[0mIdentifier("committee") [3mcursor[0m[2m=[0mNone
[2m2025-03-25T07:55:34.503303Z[0m [32m INFO[0m [2msui_bridge::sui_syncer[0m[2m:[0m [2mcrates/sui-bridge/src/sui_syncer.rs[0m[2m:[0m[2m111:[0m Spawning future crates/sui-bridge/src/sui_syncer.rs:111
[2m2025-03-25T07:55:34.503304Z[0m [32m INFO[0m [2msui_bridge::sui_syncer[0m[2m:[0m [2mcrates/sui-bridge/src/sui_syncer.rs[0m[2m:[0m[2m111:[0m Spawning future crates/sui-bridge/src/sui_syncer.rs:111
[2m2025-03-25T07:55:34.503323Z[0m [32m INFO[0m [2msui_bridge::sui_syncer[0m[2m:[0m [2mcrates/sui-bridge/src/sui_syncer.rs[0m[2m:[0m[2m111:[0m Spawning future crates/sui-bridge/src/sui_syncer.rs:111
[2m2025-03-25T07:55:34.503329Z[0m [32m INFO[0m [2msui_bridge::sui_syncer[0m[2m:[0m [2mcrates/sui-bridge/src/sui_syncer.rs[0m[2m:[0m[2m111:[0m Spawning future crates/sui-bridge/src/sui_syncer.rs:111
[2m2025-03-25T07:55:34.504762Z[0m [32m INFO[0m [2msui_bridge::eth_syncer[0m[2m:[0m [2mcrates/sui-bridge/src/eth_syncer.rs[0m[2m:[0m[2m120:[0m Observed new finalized eth block: 96
[2m2025-03-25T07:55:34.507036Z[0m [32m INFO[0m [2msui_bridge::eth_syncer[0m[2m:[0m [2mcrates/sui-bridge/src/eth_syncer.rs[0m[2m:[0m[2m192:[0m Observed 2 new Eth events [3mcontract_address[0m[2m=[0m0xef86cec1cef0c78e5725fa6cc3e9929788bbde35 [3mstart_block[0m[2m=[0m0 [3mend_block[0m[2m=[0m96
[2m2025-03-25T07:55:34.507164Z[0m [32m INFO[0m [2msui_bridge::eth_syncer[0m[2m:[0m [2mcrates/sui-bridge/src/eth_syncer.rs[0m[2m:[0m[2m192:[0m Observed 2 new Eth events [3mcontract_address[0m[2m=[0m0xd829fcddd9c9c7c50b7cb476596ef0ff5889d543 [3mstart_block[0m[2m=[0m0 [3mend_block[0m[2m=[0m96
[2m2025-03-25T07:55:34.507180Z[0m [32m INFO[0m [2msui_bridge::eth_syncer[0m[2m:[0m [2mcrates/sui-bridge/src/eth_syncer.rs[0m[2m:[0m[2m192:[0m Observed 2 new Eth events [3mcontract_address[0m[2m=[0m0x37ca242a94945cdc3d3f155452a82af6374bebd7 [3mstart_block[0m[2m=[0m0 [3mend_block[0m[2m=[0m96
[2m2025-03-25T07:55:34.507380Z[0m [32m INFO[0m [2msui_bridge::eth_syncer[0m[2m:[0m [2mcrates/sui-bridge/src/eth_syncer.rs[0m[2m:[0m[2m192:[0m Observed 2 new Eth events [3mcontract_address[0m[2m=[0m0x7b31b399a224ad30d48838f55b41b6a6f1e033ed [3mstart_block[0m[2m=[0m0 [3mend_block[0m[2m=[0m96
[2m2025-03-25T07:55:34.507565Z[0m [32m INFO[0m [2msui_bridge::eth_syncer[0m[2m:[0m [2mcrates/sui-bridge/src/eth_syncer.rs[0m[2m:[0m[2m192:[0m Observed 4 new Eth events [3mcontract_address[0m[2m=[0m0x9ebb49b2004c753f6fb8b3181c224a8972f70528 [3mstart_block[0m[2m=[0m0 [3mend_block[0m[2m=[0m96
[2m2025-03-25T07:55:34.519284Z[0m [32m INFO[0m [2msui_bridge::sui_syncer[0m[2m:[0m [2mcrates/sui-bridge/src/sui_syncer.rs[0m[2m:[0m[2m149:[0m Observed 4 new Sui events [3mmodule[0m[2m=[0mIdentifier("committee") [3mcursor[0m[2m=[0mSome(EventID { tx_digest: TransactionDigest(CZjVMajkjNeXkGbaU9Qh53fY16SGcTTLrfPAMkNjAa2G), event_seq: 0 })
[2m2025-03-25T07:55:34.549105Z[0m [32m INFO[0m [2msui_bridge::sui_syncer[0m[2m:[0m [2mcrates/sui-bridge/src/sui_syncer.rs[0m[2m:[0m[2m149:[0m Observed 10 new Sui events [3mmodule[0m[2m=[0mIdentifier("treasury") [3mcursor[0m[2m=[0mSome(EventID { tx_digest: TransactionDigest(EBG9YJbXHxx435mnJkskPLwCybauGBwVK5cX2y9kCo5z), event_seq: 4 })
[2m2025-03-25T07:55:34.586063Z[0m [32m INFO[0m [1mnode[0m[1m{[0m[3mname[0m[2m=[0mk#99f25ef6..[1m}[0m[2m:[0m [2mconsensus_core::core[0m[2m:[0m [2mconsensus/core/src/core.rs[0m[2m:[0m[2m945:[0m Included 2 ancestors & excluded 0 ancestors for proposal in round 138
[2m2025-03-25T07:55:34.586453Z[0m [32m INFO[0m [1mnode[0m[1m{[0m[3mname[0m[2m=[0mk#99f25ef6..[1m}[0m[2m:[0m [2mconsensus_core::core[0m[2m:[0m [2mconsensus/core/src/core.rs[0m[2m:[0m[2m531:[0m Created block B138(B,SkzzqspFHkEEvqLqRLeKL0bwHj+T1qRYlTbXAkPNzBw=)(1742889334586ms;[B137(B,tKbzW3TWyiHqeUBHSfq7kvYqRi22ag+gB7qj7h1rXcU=), B137(C,sWWTmSdIe6k6WGPc59PaJrvCPC6oDoA+ayyQv3Ak5S4=)];1t;1c) for round 138
[2m2025-03-25T07:55:34.588168Z[0m [32m INFO[0m [1mnode[0m[1m{[0m[3mname[0m[2m=[0mk#addeef94..[1m}[0m[2m:[0m [2mconsensus_core::core[0m[2m:[0m [2mconsensus/core/src/core.rs[0m[2m:[0m[2m945:[0m Included 2 ancestors & excluded 0 ancestors for proposal in round 138
[2m2025-03-25T07:55:34.588419Z[0m [32m INFO[0m [1mnode[0m[1m{[0m[3mname[0m[2m=[0mk#8dcff6d1..[1m}[0m[2m:[0m [2mconsensus_core::core[0m[2m:[0m [2mconsensus/core/src/core.rs[0m[2m:[0m[2m945:[0m Included 3 ancestors & excluded 0 ancestors for proposal in round 138
[2m2025-03-25T07:55:34.588447Z[0m [32m INFO[0m [1mnode[0m[1m{[0m[3mname[0m[2m=[0mk#addeef94..[1m}[0m[2m:[0m [2mconsensus_core::core[0m[2m:[0m [2mconsensus/core/src/core.rs[0m[2m:[0m[2m531:[0m Created block B138(C,rEHXzLYfsbW/EdPqrJUxPxS7KLZMvPZLn20lpdcFZ10=)(1742889334588ms;[B137(C,sWWTmSdIe6k6WGPc59PaJrvCPC6oDoA+ayyQv3Ak5S4=), B137(B,tKbzW3TWyiHqeUBHSfq7kvYqRi22ag+gB7qj7h1rXcU=)];1t;1c) for round 138
[2m2025-03-25T07:55:34.588584Z[0m [32m INFO[0m [1mnode[0m[1m{[0m[3mname[0m[2m=[0mk#addeef94..[1m}[0m[2m:[0m [2mconsensus_core::core[0m[2m:[0m [2mconsensus/core/src/core.rs[0m[2m:[0m[2m630:[0m Committing 1 leaders: B136(B,ic8k)
[2m2025-03-25T07:55:34.588673Z[0m [32m INFO[0m [1mnode[0m[1m{[0m[3mname[0m[2m=[0mk#addeef94..[1m}[0m[2m:[0m [2mconsensus_core::commit_observer[0m[2m:[0m [2mconsensus/core/src/commit_observer.rs[0m[2m:[0m[2m173:[0m Consensus commit C126(0hb8) with leader B136(B,ic8k) has 3 blocks
[2m2025-03-25T07:55:34.588737Z[0m [32m INFO[0m [1mnode[0m[1m{[0m[3mname[0m[2m=[0mk#8dcff6d1..[1m}[0m[2m:[0m [2mconsensus_core::core[0m[2m:[0m [2mconsensus/core/src/core.rs[0m[2m:[0m[2m531:[0m Created block B138(A,Ae84BN+AE/xbhsmgCMbZR2GsyqvGZisLN4Lylglt3B4=)(1742889334588ms;[B136(A,eD9JueDG6tbQmg5Ew0yc0FYhF4d2gEtamZw8Oc7YDJo=), B137(B,tKbzW3TWyiHqeUBHSfq7kvYqRi22ag+gB7qj7h1rXcU=), B137(C,sWWTmSdIe6k6WGPc59PaJrvCPC6oDoA+ayyQv3Ak5S4=)];2t;2c) for round 138
[2m2025-03-25T07:55:34.588991Z[0m [32m INFO[0m [1mnode[0m[1m{[0m[3mname[0m[2m=[0mk#addeef94..[1m}[0m[2m:[0m [2msui_core::consensus_handler[0m[2m:[0m [2mcrates/sui-core/src/consensus_handler.rs[0m[2m:[0m[2m232:[0m Received consensus output [3mconsensus_commit[0m[2m=[0mCommittedSubDag(leader=B136(B,ic8k), ref=C126(0hb8), blocks=[Wa/I, 0Jae, ic8k]) [3mepoch[0m[2m=[0m1
[2m2025-03-25T07:55:34.591176Z[0m [32m INFO[0m [1mnode[0m[1m{[0m[3mname[0m[2m=[0mk#8dcff6d1..[1m}[0m[2m:[0m [2mconsensus_core::core[0m[2m:[0m [2mconsensus/core/src/core.rs[0m[2m:[0m[2m630:[0m Committing 1 leaders: B136(B,ic8k)
[2m2025-03-25T07:55:34.591261Z[0m [32m INFO[0m [1mnode[0m[1m{[0m[3mname[0m[2m=[0mk#8dcff6d1..[1m}[0m[2m:[0m [2mconsensus_core::commit_observer[0m[2m:[0m [2mconsensus/core/src/commit_observer.rs[0m[2m:[0m[2m173:[0m Consensus commit C126(0hb8) with leader B136(B,ic8k) has 3 blocks
[2m2025-03-25T07:55:34.592361Z[0m [32m INFO[0m [1mnode[0m[1m{[0m[3mname[0m[2m=[0mk#8dcff6d1..[1m}[0m[2m:[0m [2msui_core::checkpoints::checkpoint_output[0m[2m:[0m [2mcrates/sui-core/src/checkpoints/checkpoint_output.rs[0m[2m:[0m[2m196:[0m Certified checkpoint with sequence 338 and digest GrpGCw5X22V8DZ6WtBxHtdyPBSEjfvFpQCuNYvjQQHUq
[2m2025-03-25T07:55:34.592396Z[0m [32m INFO[0m [1mnode[0m[1m{[0m[3mname[0m[2m=[0mk#8dcff6d1..[1m}[0m[2m:[0m [2msui_core::consensus_handler[0m[2m:[0m [2mcrates/sui-core/src/consensus_handler.rs[0m[2m:[0m[2m232:[0m Received consensus output [3mconsensus_commit[0m[2m=[0mCommittedSubDag(leader=B136(B,ic8k), ref=C126(0hb8), blocks=[Wa/I, 0Jae, ic8k]) [3mepoch[0m[2m=[0m1
[2m2025-03-25T07:55:34.593051Z[0m [32m INFO[0m [1mnode[0m[1m{[0m[3mname[0m[2m=[0mk#99f25ef6..[1m}[0m[2m:[0m [2msui_core::checkpoints::checkpoint_output[0m[2m:[0m [2mcrates/sui-core/src/checkpoints/checkpoint_output.rs[0m[2m:[0m[2m196:[0m Certified checkpoint with sequence 338 and digest GrpGCw5X22V8DZ6WtBxHtdyPBSEjfvFpQCuNYvjQQHUq
[2m2025-03-25T07:55:34.593156Z[0m [32m INFO[0m [1mnode[0m[1m{[0m[3mname[0m[2m=[0mk#99f25ef6..[1m}[0m[2m:[0m [2mconsensus_core::core[0m[2m:[0m [2mconsensus/core/src/core.rs[0m[2m:[0m[2m630:[0m Committing 1 leaders: B136(B,ic8k)
[2m2025-03-25T07:55:34.593268Z[0m [32m INFO[0m [1mnode[0m[1m{[0m[3mname[0m[2m=[0mk#99f25ef6..[1m}[0m[2m:[0m [2mconsensus_core::commit_observer[0m[2m:[0m [2mconsensus/core/src/commit_observer.rs[0m[2m:[0m[2m173:[0m Consensus commit C126(0hb8) with leader B136(B,ic8k) has 3 blocks
[2m2025-03-25T07:55:34.593663Z[0m [32m INFO[0m [1mnode[0m[1m{[0m[3mname[0m[2m=[0mk#99f25ef6..[1m}[0m[2m:[0m [2msui_core::consensus_handler[0m[2m:[0m [2mcrates/sui-core/src/consensus_handler.rs[0m[2m:[0m[2m232:[0m Received consensus output [3mconsensus_commit[0m[2m=[0mCommittedSubDag(leader=B136(B,ic8k), ref=C126(0hb8), blocks=[Wa/I, 0Jae, ic8k]) [3mepoch[0m[2m=[0m1
[2m2025-03-25T07:55:34.594239Z[0m [32m INFO[0m [1mnode[0m[1m{[0m[3mname[0m[2m=[0mk#99f25ef6..[1m}[0m[2m:[0m [2msui_core::checkpoints::checkpoint_executor[0m[2m:[0m [2mcrates/sui-core/src/checkpoints/checkpoint_executor/mod.rs[0m[2m:[0m[2m332:[0m Received checkpoint summary from state sync [3msequence_number[0m[2m=[0m338
[2m2025-03-25T07:55:34.605243Z[0m [32m INFO[0m [1mnode[0m[1m{[0m[3mname[0m[2m=[0mk#8dcff6d1..[1m}[0m[2m:[0m [2msui_core::checkpoints::checkpoint_executor[0m[2m:[0m [2mcrates/sui-core/src/checkpoints/checkpoint_executor/mod.rs[0m[2m:[0m[2m332:[0m Received checkpoint summary from state sync [3msequence_number[0m[2m=[0m338
[2m2025-03-25T07:55:34.607768Z[0m [32m INFO[0m [1mnode[0m[1m{[0m[3mname[0m[2m=[0mk#99f25ef6..[1m}[0m[2m:[0m [2msui_core::state_accumulator[0m[2m:[0m [2mcrates/sui-core/src/state_accumulator.rs[0m[2m:[0m[2m675:[0m accumulating running root for checkpoint 338
[2m2025-03-25T07:55:34.611918Z[0m [32m INFO[0m [1mnode[0m[1m{[0m[3mname[0m[2m=[0mk#8dcff6d1..[1m}[0m[2m:[0m [2msui_core::state_accumulator[0m[2m:[0m [2mcrates/sui-core/src/state_accumulator.rs[0m[2m:[0m[2m675:[0m accumulating running root for checkpoint 338
[2m2025-03-25T07:55:34.633291Z[0m [32m INFO[0m [1mnode[0m[1m{[0m[3mname[0m[2m=[0mk#addeef94..[1m}[0m[2m:[0m [2msui_core::checkpoints[0m[2m:[0m [2mcrates/sui-core/src/checkpoints/mod.rs[0m[2m:[0m[2m1326:[0m Creating checkpoint(s) for 1 transactions [3mnext_checkpoint_seq[0m[2m=[0m339 [3mcheckpoint_timestamp[0m[2m=[0m1742889334070
[2m2025-03-25T07:55:34.633527Z[0m [32m INFO[0m [1mnode[0m[1m{[0m[3mname[0m[2m=[0mk#addeef94..[1m}[0m[2m:[0m [2msui_core::checkpoints::checkpoint_output[0m[2m:[0m [2mcrates/sui-core/src/checkpoints/checkpoint_output.rs[0m[2m:[0m[2m149:[0m Creating checkpoint CheckpointDigest(ELWJCpKDXARwhG76WPuoqgfyCSeA4LzJ4CVjJvJFkHw1) at epoch 1, sequence 339, previous digest Some(CheckpointDigest(GrpGCw5X22V8DZ6WtBxHtdyPBSEjfvFpQCuNYvjQQHUq)), transactions count 1, content digest CheckpointContentsDigest(GqShLKF4PfwNCFGUH7JY6zQreQisZp6rasYsQpgZ5eo2), end_of_epoch_data None
[2m2025-03-25T07:55:34.637839Z[0m [32m INFO[0m [1mnode[0m[1m{[0m[3mname[0m[2m=[0mk#8dcff6d1..[1m}[0m[2m:[0m [2msui_core::checkpoints[0m[2m:[0m [2mcrates/sui-core/src/checkpoints/mod.rs[0m[2m:[0m[2m1326:[0m Creating checkpoint(s) for 1 transactions [3mnext_checkpoint_seq[0m[2m=[0m339 [3mcheckpoint_timestamp[0m[2m=[0m1742889334070
[2m2025-03-25T07:55:34.638041Z[0m [32m INFO[0m [1mnode[0m[1m{[0m[3mname[0m[2m=[0mk#8dcff6d1..[1m}[0m[2m:[0m [2msui_core::checkpoints::checkpoint_output[0m[2m:[0m [2mcrates/sui-core/src/checkpoints/checkpoint_output.rs[0m[2m:[0m[2m149:[0m Creating checkpoint CheckpointDigest(ELWJCpKDXARwhG76WPuoqgfyCSeA4LzJ4CVjJvJFkHw1) at epoch 1, sequence 339, previous digest Some(CheckpointDigest(GrpGCw5X22V8DZ6WtBxHtdyPBSEjfvFpQCuNYvjQQHUq)), transactions count 1, content digest CheckpointContentsDigest(GqShLKF4PfwNCFGUH7JY6zQreQisZp6rasYsQpgZ5eo2), end_of_epoch_data None
[2m2025-03-25T07:55:34.638748Z[0m [32m INFO[0m [1mnode[0m[1m{[0m[3mname[0m[2m=[0mk#99f25ef6..[1m}[0m[2m:[0m [2msui_core::checkpoints[0m[2m:[0m [2mcrates/sui-core/src/checkpoints/mod.rs[0m[2m:[0m[2m1326:[0m Creating checkpoint(s) for 1 transactions [3mnext_checkpoint_seq[0m[2m=[0m339 [3mcheckpoint_timestamp[0m[2m=[0m1742889334070
[2m2025-03-25T07:55:34.638917Z[0m [32m INFO[0m [1mnode[0m[1m{[0m[3mname[0m[2m=[0mk#99f25ef6..[1m}[0m[2m:[0m [2msui_core::checkpoints::checkpoint_output[0m[2m:[0m [2mcrates/sui-core/src/checkpoints/checkpoint_output.rs[0m[2m:[0m[2m149:[0m Creating checkpoint CheckpointDigest(ELWJCpKDXARwhG76WPuoqgfyCSeA4LzJ4CVjJvJFkHw1) at epoch 1, sequence 339, previous digest Some(CheckpointDigest(GrpGCw5X22V8DZ6WtBxHtdyPBSEjfvFpQCuNYvjQQHUq)), transactions count 1, content digest CheckpointContentsDigest(GqShLKF4PfwNCFGUH7JY6zQreQisZp6rasYsQpgZ5eo2), end_of_epoch_data None
[2m2025-03-25T07:55:34.660553Z[0m [32m INFO[0m [1mnode[0m[1m{[0m[3mname[0m[2m=[0mk#b3f3cbb4..[1m}[0m[2m:[0m [2msui_core::checkpoints::checkpoint_executor[0m[2m:[0m [2mcrates/sui-core/src/checkpoints/checkpoint_executor/mod.rs[0m[2m:[0m[2m332:[0m Received checkpoint summary from state sync [3msequence_number[0m[2m=[0m338
[2m2025-03-25T07:55:34.710805Z[0m [32m INFO[0m [1mnode[0m[1m{[0m[3mname[0m[2m=[0mk#addeef94..[1m}[0m[2m:[0m [2msui_core::checkpoints::checkpoint_executor[0m[2m:[0m [2mcrates/sui-core/src/checkpoints/checkpoint_executor/mod.rs[0m[2m:[0m[2m332:[0m Received checkpoint summary from state sync [3msequence_number[0m[2m=[0m338
[2m2025-03-25T07:55:34.712277Z[0m [32m INFO[0m [1mnode[0m[1m{[0m[3mname[0m[2m=[0mk#addeef94..[1m}[0m[2m:[0m [2msui_core::state_accumulator[0m[2m:[0m [2mcrates/sui-core/src/state_accumulator.rs[0m[2m:[0m[2m675:[0m accumulating running root for checkpoint 338
[2m2025-03-25T07:55:34.751917Z[0m [32m INFO[0m [1mnode[0m[1m{[0m[3mname[0m[2m=[0mk#b3f3cbb4..[1m}[0m[2m:[0m [2msui_core::state_accumulator[0m[2m:[0m [2mcrates/sui-core/src/state_accumulator.rs[0m[2m:[0m[2m675:[0m accumulating running root for checkpoint 338
[2m2025-03-25T07:55:34.840865Z[0m [32m INFO[0m [1mnode[0m[1m{[0m[3mname[0m[2m=[0mk#addeef94..[1m}[0m[2m:[0m [2mconsensus_core::core[0m[2m:[0m [2mconsensus/core/src/core.rs[0m[2m:[0m[2m945:[0m Included 3 ancestors & excluded 0 ancestors for proposal in round 139
[2m2025-03-25T07:55:34.841249Z[0m [32m INFO[0m [1mnode[0m[1m{[0m[3mname[0m[2m=[0mk#addeef94..[1m}[0m[2m:[0m [2mconsensus_core::core[0m[2m:[0m [2mconsensus/core/src/core.rs[0m[2m:[0m[2m531:[0m Created block B139(C,2VaPm3I3VjhsEOrDEpsWjhGZMln16FGXN1YH+/XORmA=)(1742889334840ms;[B138(C,rEHXzLYfsbW/EdPqrJUxPxS7KLZMvPZLn20lpdcFZ10=), B138(A,Ae84BN+AE/xbhsmgCMbZR2GsyqvGZisLN4Lylglt3B4=), B138(B,SkzzqspFHkEEvqLqRLeKL0bwHj+T1qRYlTbXAkPNzBw=)];1t;1c) for round 139
[2m2025-03-25T07:55:34.844302Z[0m [32m INFO[0m [1mnode[0m[1m{[0m[3mname[0m[2m=[0mk#8dcff6d1..[1m}[0m[2m:[0m [2mconsensus_core::core[0m[2m:[0m [2mconsensus/core/src/core.rs[0m[2m:[0m[2m945:[0m Included 3 ancestors & excluded 0 ancestors for proposal in round 139
[2m2025-03-25T07:55:34.844302Z[0m [32m INFO[0m [1mnode[0m[1m{[0m[3mname[0m[2m=[0mk#99f25ef6..[1m}[0m[2m:[0m [2mconsensus_core::core[0m[2m:[0m [2mconsensus/core/src/core.rs[0m[2m:[0m[2m945:[0m Included 3 ancestors & excluded 0 ancestors for proposal in round 139
[2m2025-03-25T07:55:34.844596Z[0m [32m INFO[0m [1mnode[0m[1m{[0m[3mname[0m[2m=[0mk#8dcff6d1..[1m}[0m[2m:[0m [2mconsensus_core::core[0m[2m:[0m [2mconsensus/core/src/core.rs[0m[2m:[0m[2m531:[0m Created block B139(A,/E2utcWa9u8PX8lY2gPof89iFUvo0UysgiGrv6WQC8Y=)(1742889334844ms;[B138(A,Ae84BN+AE/xbhsmgCMbZR2GsyqvGZisLN4Lylglt3B4=), B138(B,SkzzqspFHkEEvqLqRLeKL0bwHj+T1qRYlTbXAkPNzBw=), B138(C,rEHXzLYfsbW/EdPqrJUxPxS7KLZMvPZLn20lpdcFZ10=)];1t;1c) for round 139
[2m2025-03-25T07:55:34.844596Z[0m [32m INFO[0m [1mnode[0m[1m{[0m[3mname[0m[2m=[0mk#99f25ef6..[1m}[0m[2m:[0m [2mconsensus_core::core[0m[2m:[0m [2mconsensus/core/src/core.rs[0m[2m:[0m[2m531:[0m Created block B139(B,wabtheCYBph6ErXF9FLjHBPU3k0XFvW636jQBc5Xfw0=)(1742889334844ms;[B138(B,SkzzqspFHkEEvqLqRLeKL0bwHj+T1qRYlTbXAkPNzBw=), B138(A,Ae84BN+AE/xbhsmgCMbZR2GsyqvGZisLN4Lylglt3B4=), B138(C,rEHXzLYfsbW/EdPqrJUxPxS7KLZMvPZLn20lpdcFZ10=)];1t;1c) for round 139
[2m2025-03-25T07:55:34.844668Z[0m [32m INFO[0m [1mnode[0m[1m{[0m[3mname[0m[2m=[0mk#8dcff6d1..[1m}[0m[2m:[0m [2mconsensus_core::core[0m[2m:[0m [2mconsensus/core/src/core.rs[0m[2m:[0m[2m630:[0m Committing 1 leaders: B137(B,tKbz)
[2m2025-03-25T07:55:34.844668Z[0m [32m INFO[0m [1mnode[0m[1m{[0m[3mname[0m[2m=[0mk#99f25ef6..[1m}[0m[2m:[0m [2mconsensus_core::core[0m[2m:[0m [2mconsensus/core/src/core.rs[0m[2m:[0m[2m630:[0m Committing 1 leaders: B137(B,tKbz)
[2m2025-03-25T07:55:34.844741Z[0m [32m INFO[0m [1mnode[0m[1m{[0m[3mname[0m[2m=[0mk#8dcff6d1..[1m}[0m[2m:[0m [2mconsensus_core::commit_observer[0m[2m:[0m [2mconsensus/core/src/commit_observer.rs[0m[2m:[0m[2m173:[0m Consensus commit C127(DsOR) with leader B137(B,tKbz) has 3 blocks
[2m2025-03-25T07:55:34.844744Z[0m [32m INFO[0m [1mnode[0m[1m{[0m[3mname[0m[2m=[0mk#99f25ef6..[1m}[0m[2m:[0m [2mconsensus_core::commit_observer[0m[2m:[0m [2mconsensus/core/src/commit_observer.rs[0m[2m:[0m[2m173:[0m Consensus commit C127(DsOR) with leader B137(B,tKbz) has 3 blocks
[2m2025-03-25T07:55:34.844832Z[0m [32m INFO[0m [1mnode[0m[1m{[0m[3mname[0m[2m=[0mk#8dcff6d1..[1m}[0m[2m:[0m [2msui_core::consensus_handler[0m[2m:[0m [2mcrates/sui-core/src/consensus_handler.rs[0m[2m:[0m[2m232:[0m Received consensus output [3mconsensus_commit[0m[2m=[0mCommittedSubDag(leader=B137(B,tKbz), ref=C127(DsOR), blocks=[eD9J, AEde, tKbz]) [3mepoch[0m[2m=[0m1
[2m2025-03-25T07:55:34.844832Z[0m [32m INFO[0m [1mnode[0m[1m{[0m[3mname[0m[2m=[0mk#99f25ef6..[1m}[0m[2m:[0m [2msui_core::consensus_handler[0m[2m:[0m [2mcrates/sui-core/src/consensus_handler.rs[0m[2m:[0m[2m232:[0m Received consensus output [3mconsensus_commit[0m[2m=[0mCommittedSubDag(leader=B137(B,tKbz), ref=C127(DsOR), blocks=[eD9J, AEde, tKbz]) [3mepoch[0m[2m=[0m1
[2m2025-03-25T07:55:34.848484Z[0m [32m INFO[0m [1mnode[0m[1m{[0m[3mname[0m[2m=[0mk#addeef94..[1m}[0m[2m:[0m [2mconsensus_core::core[0m[2m:[0m [2mconsensus/core/src/core.rs[0m[2m:[0m[2m630:[0m Committing 1 leaders: B137(B,tKbz)
[2m2025-03-25T07:55:34.848580Z[0m [32m INFO[0m [1mnode[0m[1m{[0m[3mname[0m[2m=[0mk#addeef94..[1m}[0m[2m:[0m [2mconsensus_core::commit_observer[0m[2m:[0m [2mconsensus/core/src/commit_observer.rs[0m[2m:[0m[2m173:[0m Consensus commit C127(DsOR) with leader B137(B,tKbz) has 3 blocks
[2m2025-03-25T07:55:34.848712Z[0m [32m INFO[0m [1mnode[0m[1m{[0m[3mname[0m[2m=[0mk#addeef94..[1m}[0m[2m:[0m [2msui_core::consensus_handler[0m[2m:[0m [2mcrates/sui-core/src/consensus_handler.rs[0m[2m:[0m[2m232:[0m Received consensus output [3mconsensus_commit[0m[2m=[0mCommittedSubDag(leader=B137(B,tKbz), ref=C127(DsOR), blocks=[eD9J, AEde, tKbz]) [3mepoch[0m[2m=[0m1
[2m2025-03-25T07:55:34.860421Z[0m [32m INFO[0m [2msui_bridge::action_executor[0m[2m:[0m [2mcrates/sui-bridge/src/action_executor.rs[0m[2m:[0m[2m122:[0m get admin cap for 0x4ff42dd92612b14f109397416c3e5d362aee65d7d3459db1b80164f1f84a59c3
get_object_for_cap address: 0x4ff42dd92612b14f109397416c3e5d362aee65d7d3459db1b80164f1f84a59c3, objects: [SuiObjectResponse { data: Some(SuiObjectData { object_id: 0xd7d7820b1d5a3802a2c50420aa60d9072814fcfac9e333ae55536bce5ecc4924, version: SequenceNumber(114), digest: o#G6tFPuFyAAWMEecgda16xEPfTgTnxE2mborPfAPjqm3W, type_: Some(Struct(MoveObjectType(Other(StructTag { address: 00000000000000000000000000000000000000000000000000000000000000c8, module: Identifier("bfc_system_state_inner"), name: Identifier("BfcSystemModifyCap"), type_params: [] })))), owner: Some(AddressOwner(0x4ff42dd92612b14f109397416c3e5d362aee65d7d3459db1b80164f1f84a59c3)), previous_transaction: Some(TransactionDigest(CBHsM5DL1H5Mh9fZ7fZ2VFoQ95MD7bVDFv3SRnhnkpCc)), storage_rebate: None, display: None, content: Some(MoveObject(SuiParsedMoveObject { type_: StructTag { address: 00000000000000000000000000000000000000000000000000000000000000c8, module: Identifier("bfc_system_state_inner"), name: Identifier("BfcSystemModifyCap"), type_params: [] }, has_public_transfer: true, fields: WithFields({"id": UID { id: 0xd7d7820b1d5a3802a2c50420aa60d9072814fcfac9e333ae55536bce5ecc4924 }, "key": String("MINT-BUSD-BRIDGE-KEY")}) })), bcs: None }), error: None }]
[2m2025-03-25T07:55:34.867472Z[0m [32m INFO[0m [2msui_bridge::orchestrator[0m[2m:[0m [2mcrates/sui-bridge/src/orchestrator.rs[0m[2m:[0m[2m67:[0m Starting BridgeOrchestrator
[2m2025-03-25T07:55:34.867550Z[0m [32m INFO[0m [2msui_bridge::node[0m[2m:[0m [2mcrates/sui-bridge/src/node.rs[0m[2m:[0m[2m314:[0m Spawning future crates/sui-bridge/src/node.rs:314
[2m2025-03-25T07:55:34.867630Z[0m [32m INFO[0m [2msui_bridge::action_executor[0m[2m:[0m [2mcrates/sui-bridge/src/action_executor.rs[0m[2m:[0m[2m174:[0m Spawning future crates/sui-bridge/src/action_executor.rs:174
[2m2025-03-25T07:55:34.867632Z[0m [32m INFO[0m [2msui_bridge::monitor[0m[2m:[0m [2mcrates/sui-bridge/src/monitor.rs[0m[2m:[0m[2m63:[0m Starting BridgeMonitor
[2m2025-03-25T07:55:34.867671Z[0m [32m INFO[0m [2msui_bridge::action_executor[0m[2m:[0m [2mcrates/sui-bridge/src/action_executor.rs[0m[2m:[0m[2m220:[0m Starting run_signature_aggregation_loop
[2m2025-03-25T07:55:34.867685Z[0m [32m INFO[0m [2msui_bridge::aml_checker[0m[2m:[0m [2mcrates/sui-bridge/src/aml_checker.rs[0m[2m:[0m[2m52:[0m Spawning future crates/sui-bridge/src/aml_checker.rs:52
[2m2025-03-25T07:55:34.867699Z[0m [32m INFO[0m [2msui_bridge::action_executor[0m[2m:[0m [2mcrates/sui-bridge/src/action_executor.rs[0m[2m:[0m[2m188:[0m Spawning future crates/sui-bridge/src/action_executor.rs:188
[2m2025-03-25T07:55:34.867744Z[0m [32m INFO[0m [2msui_bridge::orchestrator[0m[2m:[0m [2mcrates/sui-bridge/src/orchestrator.rs[0m[2m:[0m[2m81:[0m Spawning future crates/sui-bridge/src/orchestrator.rs:81
[2m2025-03-25T07:55:34.867769Z[0m [32m INFO[0m [2msui_bridge::action_executor[0m[2m:[0m [2mcrates/sui-bridge/src/action_executor.rs[0m[2m:[0m[2m428:[0m Starting run_onchain_execution_loop
[2m2025-03-25T07:55:34.867793Z[0m [32m INFO[0m [2msui_bridge::orchestrator[0m[2m:[0m [2mcrates/sui-bridge/src/orchestrator.rs[0m[2m:[0m[2m133:[0m Starting sui watcher task
[2m2025-03-25T07:55:34.867892Z[0m [32m INFO[0m [2msui_bridge::orchestrator[0m[2m:[0m [2mcrates/sui-bridge/src/orchestrator.rs[0m[2m:[0m[2m114:[0m Spawning future crates/sui-bridge/src/orchestrator.rs:114
[2m2025-03-25T07:55:34.867918Z[0m [32m INFO[0m [2msui_bridge::orchestrator[0m[2m:[0m [2mcrates/sui-bridge/src/orchestrator.rs[0m[2m:[0m[2m228:[0m Starting eth watcher task
[2m2025-03-25T07:55:34.867935Z[0m [32m INFO[0m [2msui_bridge::orchestrator[0m[2m:[0m [2mcrates/sui-bridge/src/orchestrator.rs[0m[2m:[0m[2m237:[0m Received 2 Eth events
[2m2025-03-25T07:55:34.867802Z[0m [32m INFO[0m [2msui_bridge::orchestrator[0m[2m:[0m [2mcrates/sui-bridge/src/orchestrator.rs[0m[2m:[0m[2m138:[0m Received 4 Sui events: [SuiEvent { id: EventID { tx_digest: TransactionDigest(93wvFyRBiwaspR1S3374bgH9Huw5r1Mn97BA676mvnmz), event_seq: 0 }, package_id: 0x000000000000000000000000000000000000000000000000000000000000000b, transaction_module: Identifier("bridge"), sender: 0x5a333b1b0b4211f20d18cdb1d5a1a795e8b83d02cdb51f29ca334dfb8c31e9a9, type_: StructTag { address: 000000000000000000000000000000000000000000000000000000000000000b, module: Identifier("committee"), name: Identifier("CommitteeMemberRegistration"), type_params: [] }, parsed_json: Object {"bridge_pubkey_bytes": Array [Number(3), Number(206), Number(79), Number(35), Number(12), Number(143), Number(7), Number(219), Number(61), Number(182), Number(38), Number(87), Number(35), Number(91), Number(205), Number(101), Number(206), Number(15), Number(21), Number(90), Number(150), Number(173), Number(186), Number(252), Number(240), Number(79), Number(160), Number(114), Number(235), Number(247), Number(108), Number(186), Number(82)], "http_rest_url": Array [Number(104), Number(116), Number(116), Number(112), Number(58), Number(47), Number(47), Number(49), Number(50), Number(55), Number(46), Number(48), Number(46), Number(48), Number(46), Number(49), Number(58), Number(54), Number(48), Number(57), Number(50), Number(55)], "sui_address": String("BFC5a333b1b0b4211f20d18cdb1d5a1a795e8b83d02cdb51f29ca334dfb8c31e9a957c6")}, bcs: Base64 { bcs: [90, 51, 59, 27, 11, 66, 17, 242, 13, 24, 205, 177, 213, 161, 167, 149, 232, 184, 61, 2, 205, 181, 31, 41, 202, 51, 77, 251, 140, 49, 233, 169, 33, 3, 206, 79, 35, 12, 143, 7, 219, 61, 182, 38, 87, 35, 91, 205, 101, 206, 15, 21, 90, 150, 173, 186, 252, 240, 79, 160, 114, 235, 247, 108, 186, 82, 22, 104, 116, 116, 112, 58, 47, 47, 49, 50, 55, 46, 48, 46, 48, 46, 49, 58, 54, 48, 57, 50, 55] }, timestamp_ms: Some(1742889280123) }, SuiEvent { id: EventID { tx_digest: TransactionDigest(2AWUvmtUddz9BkaccL8PzbNv9Xh5fdMMwitzDpypz688), event_seq: 0 }, package_id: 0x000000000000000000000000000000000000000000000000000000000000000b, transaction_module: Identifier("bridge"), sender: 0x6c8dd157952a4436fe61083dde7f3f2455100339643facb8906deba8f79a66eb, type_: StructTag { address: 000000000000000000000000000000000000000000000000000000000000000b, module: Identifier("committee"), name: Identifier("CommitteeMemberRegistration"), type_params: [] }, parsed_json: Object {"bridge_pubkey_bytes": Array [Number(2), Number(120), Number(6), Number(36), Number(213), Number(27), Number(112), Number(125), Number(170), Number(163), Number(53), Number(236), Number(91), Number(128), Number(136), Number(52), Number(208), Number(253), Number(102), Number(241), Number(38), Number(217), Number(67), Number(27), Number(199), Number(74), Number(95), Number(51), Number(179), Number(151), Number(41), Number(149), Number(140)], "http_rest_url": Array [Number(104), Number(116), Number(116), Number(112), Number(58), Number(47), Number(47), Number(49), Number(50), Number(55), Number(46), Number(48), Number(46), Number(48), Number(46), Number(49), Number(58), Number(54), Number(48), Number(57), Number(50), Number(53)], "sui_address": String("BFC6c8dd157952a4436fe61083dde7f3f2455100339643facb8906deba8f79a66eb2dd3")}, bcs: Base64 { bcs: [108, 141, 209, 87, 149, 42, 68, 54, 254, 97, 8, 61, 222, 127, 63, 36, 85, 16, 3, 57, 100, 63, 172, 184, 144, 109, 235, 168, 247, 154, 102, 235, 33, 2, 120, 6, 36, 213, 27, 112, 125, 170, 163, 53, 236, 91, 128, 136, 52, 208, 253, 102, 241, 38, 217, 67, 27, 199, 74, 95, 51, 179, 151, 41, 149, 140, 22, 104, 116, 116, 112, 58, 47, 47, 49, 50, 55, 46, 48, 46, 48, 46, 49, 58, 54, 48, 57, 50, 53] }, timestamp_ms: Some(1742889280346) }, SuiEvent { id: EventID { tx_digest: TransactionDigest(cShBDD7ZBbi7LkyBGB7VWpLkUh7fQcawXWX3xRMegWS), event_seq: 0 }, package_id: 0x000000000000000000000000000000000000000000000000000000000000000b, transaction_module: Identifier("bridge"), sender: 0xbbad0949a71eff042f232caea187905a0f4937e63d2fe6dc74e3b690a055a9c7, type_: StructTag { address: 000000000000000000000000000000000000000000000000000000000000000b, module: Identifier("committee"), name: Identifier("CommitteeMemberRegistration"), type_params: [] }, parsed_json: Object {"bridge_pubkey_bytes": Array [Number(3), Number(15), Number(8), Number(129), Number(2), Number(196), Number(245), Number(141), Number(63), Number(195), Number(39), Number(250), Number(50), Number(124), Number(102), Number(44), Number(246), Number(67), Number(84), Number(209), Number(116), Number(123), Number(15), Number(189), Number(254), Number(151), Number(71), Number(173), Number(163), Number(42), Number(48), Number(2), Number(166)], "http_rest_url": Array [Number(104), Number(116), Number(116), Number(112), Number(58), Number(47), Number(47), Number(49), Number(50), Number(55), Number(46), Number(48), Number(46), Number(48), Number(46), Number(49), Number(58), Number(54), Number(48), Number(57), Number(50), Number(57)], "sui_address": String("BFCbbad0949a71eff042f232caea187905a0f4937e63d2fe6dc74e3b690a055a9c7943f")}, bcs: Base64 { bcs: [187, 173, 9, 73, 167, 30, 255, 4, 47, 35, 44, 174, 161, 135, 144, 90, 15, 73, 55, 230, 61, 47, 230, 220, 116, 227, 182, 144, 160, 85, 169, 199, 33, 3, 15, 8, 129, 2, 196, 245, 141, 63, 195, 39, 250, 50, 124, 102, 44, 246, 67, 84, 209, 116, 123, 15, 189, 254, 151, 71, 173, 163, 42, 48, 2, 166, 22, 104, 116, 116, 112, 58, 47, 47, 49, 50, 55, 46, 48, 46, 48, 46, 49, 58, 54, 48, 57, 50, 57] }, timestamp_ms: Some(1742889280446) }, SuiEvent { id: EventID { tx_digest: TransactionDigest(CZjVMajkjNeXkGbaU9Qh53fY16SGcTTLrfPAMkNjAa2G), event_seq: 0 }, package_id: 0x000000000000000000000000000000000000000000000000000000000000000b, transaction_module: Identifier("bridge"), sender: 0x0000000000000000000000000000000000000000000000000000000000000000, type_: StructTag { address: 000000000000000000000000000000000000000000000000000000000000000b, module: Identifier("committee"), name: Identifier("CommitteeUpdateEvent"), type_params: [] }, parsed_json: Object {"members": Object {"contents": Array [Object {"key": Array [Number(3), Number(206), Number(79), Number(35), Number(12), Number(143), Number(7), Number(219), Number(61), Number(182), Number(38), Number(87), Number(35), Number(91), Number(205), Number(101), Number(206), Number(15), Number(21), Number(90), Number(150), Number(173), Number(186), Number(252), Number(240), Number(79), Number(160), Number(114), Number(235), Number(247), Number(108), Number(186), Number(82)], "value": Object {"blocklisted": Bool(false), "bridge_pubkey_bytes": Array [Number(3), Number(206), Number(79), Number(35), Number(12), Number(143), Number(7), Number(219), Number(61), Number(182), Number(38), Number(87), Number(35), Number(91), Number(205), Number(101), Number(206), Number(15), Number(21), Number(90), Number(150), Number(173), Number(186), Number(252), Number(240), Number(79), Number(160), Number(114), Number(235), Number(247), Number(108), Number(186), Number(82)], "http_rest_url": Array [Number(104), Number(116), Number(116), Number(112), Number(58), Number(47), Number(47), Number(49), Number(50), Number(55), Number(46), Number(48), Number(46), Number(48), Number(46), Number(49), Number(58), Number(54), Number(48), Number(57), Number(50), Number(55)], "sui_address": String("BFC5a333b1b0b4211f20d18cdb1d5a1a795e8b83d02cdb51f29ca334dfb8c31e9a957c6"), "voting_power": String("3333")}}, Object {"key": Array [Number(2), Number(120), Number(6), Number(36), Number(213), Number(27), Number(112), Number(125), Number(170), Number(163), Number(53), Number(236), Number(91), Number(128), Number(136), Number(52), Number(208), Number(253), Number(102), Number(241), Number(38), Number(217), Number(67), Number(27), Number(199), Number(74), Number(95), Number(51), Number(179), Number(151), Number(41), Number(149), Number(140)], "value": Object {"blocklisted": Bool(false), "bridge_pubkey_bytes": Array [Number(2), Number(120), Number(6), Number(36), Number(213), Number(27), Number(112), Number(125), Number(170), Number(163), Number(53), Number(236), Number(91), Number(128), Number(136), Number(52), Number(208), Number(253), Number(102), Number(241), Number(38), Number(217), Number(67), Number(27), Number(199), Number(74), Number(95), Number(51), Number(179), Number(151), Number(41), Number(149), Number(140)], "http_rest_url": Array [Number(104), Number(116), Number(116), Number(112), Number(58), Number(47), Number(47), Number(49), Number(50), Number(55), Number(46), Number(48), Number(46), Number(48), Number(46), Number(49), Number(58), Number(54), Number(48), Number(57), Number(50), Number(53)], "sui_address": String("BFC6c8dd157952a4436fe61083dde7f3f2455100339643facb8906deba8f79a66eb2dd3"), "voting_power": String("3333")}}, Object {"key": Array [Number(3), Number(15), Number(8), Number(129), Number(2), Number(196), Number(245), Number(141), Number(63), Number(195), Number(39), Number(250), Number(50), Number(124), Number(102), Number(44), Number(246), Number(67), Number(84), Number(209), Number(116), Number(123), Number(15), Number(189), Number(254), Number(151), Number(71), Number(173), Number(163), Number(42), Number(48), Number(2), Number(166)], "value": Object {"blocklisted": Bool(false), "bridge_pubkey_bytes": Array [Number(3), Number(15), Number(8), Number(129), Number(2), Number(196), Number(245), Number(141), Number(63), Number(195), Number(39), Number(250), Number(50), Number(124), Number(102), Number(44), Number(246), Number(67), Number(84), Number(209), Number(116), Number(123), Number(15), Number(189), Number(254), Number(151), Number(71), Number(173), Number(163), Number(42), Number(48), Number(2), Number(166)], "http_rest_url": Array [Number(104), Number(116), Number(116), Number(112), Number(58), Number(47), Number(47), Number(49), Number(50), Number(55), Number(46), Number(48), Number(46), Number(48), Number(46), Number(49), Number(58), Number(54), Number(48), Number(57), Number(50), Number(57)], "sui_address": String("BFCbbad0949a71eff042f232caea187905a0f4937e63d2fe6dc74e3b690a055a9c7943f"), "voting_power": String("3334")}}]}, "stake_participation_percentage": String("10000")}, bcs: Base64 { bcs: [3, 33, 3, 206, 79, 35, 12, 143, 7, 219, 61, 182, 38, 87, 35, 91, 205, 101, 206, 15, 21, 90, 150, 173, 186, 252, 240, 79, 160, 114, 235, 247, 108, 186, 82, 90, 51, 59, 27, 11, 66, 17, 242, 13, 24, 205, 177, 213, 161, 167, 149, 232, 184, 61, 2, 205, 181, 31, 41, 202, 51, 77, 251, 140, 49, 233, 169, 33, 3, 206, 79, 35, 12, 143, 7, 219, 61, 182, 38, 87, 35, 91, 205, 101, 206, 15, 21, 90, 150, 173, 186, 252, 240, 79, 160, 114, 235, 247, 108, 186, 82, 5, 13, 0, 0, 0, 0, 0, 0, 22, 104, 116, 116, 112, 58, 47, 47, 49, 50, 55, 46, 48, 46, 48, 46, 49, 58, 54, 48, 57, 50, 55, 0, 33, 2, 120, 6, 36, 213, 27, 112, 125, 170, 163, 53, 236, 91, 128, 136, 52, 208, 253, 102, 241, 38, 217, 67, 27, 199, 74, 95, 51, 179, 151, 41, 149, 140, 108, 141, 209, 87, 149, 42, 68, 54, 254, 97, 8, 61, 222, 127, 63, 36, 85, 16, 3, 57, 100, 63, 172, 184, 144, 109, 235, 168, 247, 154, 102, 235, 33, 2, 120, 6, 36, 213, 27, 112, 125, 170, 163, 53, 236, 91, 128, 136, 52, 208, 253, 102, 241, 38, 217, 67, 27, 199, 74, 95, 51, 179, 151, 41, 149, 140, 5, 13, 0, 0, 0, 0, 0, 0, 22, 104, 116, 116, 112, 58, 47, 47, 49, 50, 55, 46, 48, 46, 48, 46, 49, 58, 54, 48, 57, 50, 53, 0, 33, 3, 15, 8, 129, 2, 196, 245, 141, 63, 195, 39, 250, 50, 124, 102, 44, 246, 67, 84, 209, 116, 123, 15, 189, 254, 151, 71, 173, 163, 42, 48, 2, 166, 187, 173, 9, 73, 167, 30, 255, 4, 47, 35, 44, 174, 161, 135, 144, 90, 15, 73, 55, 230, 61, 47, 230, 220, 116, 227, 182, 144, 160, 85, 169, 199, 33, 3, 15, 8, 129, 2, 196, 245, 141, 63, 195, 39, 250, 50, 124, 102, 44, 246, 67, 84, 209, 116, 123, 15, 189, 254, 151, 71, 173, 163, 42, 48, 2, 166, 6, 13, 0, 0, 0, 0, 0, 0, 22, 104, 116, 116, 112, 58, 47, 47, 49, 50, 55, 46, 48, 46, 48, 46, 49, 58, 54, 48, 57, 50, 57, 0, 16, 39, 0, 0, 0, 0, 0, 0] }, timestamp_ms: Some(1742889298440) }]
[2m2025-03-25T07:55:34.868050Z[0m [32m INFO[0m [2msui_bridge::orchestrator[0m[2m:[0m [2mcrates/sui-bridge/src/orchestrator.rs[0m[2m:[0m[2m257:[0m Observed Eth bridge event: EthSuiBridgeEvents(UpgradedFilter(UpgradedFilter { implementation: 0x07af11e412ed7c343603c0f4b35645f7870686eb }))
[2m2025-03-25T07:55:34.868066Z[0m [32m INFO[0m [2msui_bridge::orchestrator[0m[2m:[0m [2mcrates/sui-bridge/src/orchestrator.rs[0m[2m:[0m[2m257:[0m Observed Eth bridge event: EthSuiBridgeEvents(InitializedFilter(InitializedFilter { version: 1 }))
[2m2025-03-25T07:55:34.868064Z[0m [32m INFO[0m [2msui_bridge::orchestrator[0m[2m:[0m [2mcrates/sui-bridge/src/orchestrator.rs[0m[2m:[0m[2m172:[0m Observed Sui bridge event: CommitteeMemberRegistration(MoveTypeCommitteeMemberRegistration { sui_address: 0x5a333b1b0b4211f20d18cdb1d5a1a795e8b83d02cdb51f29ca334dfb8c31e9a9, bridge_pubkey_bytes: [3, 206, 79, 35, 12, 143, 7, 219, 61, 182, 38, 87, 35, 91, 205, 101, 206, 15, 21, 90, 150, 173, 186, 252, 240, 79, 160, 114, 235, 247, 108, 186, 82], http_rest_url: [104, 116, 116, 112, 58, 47, 47, 49, 50, 55, 46, 48, 46, 48, 46, 49, 58, 54, 48, 57, 50, 55] })
[2m2025-03-25T07:55:34.868080Z[0m [32m INFO[0m [2msui_bridge::orchestrator[0m[2m:[0m [2mcrates/sui-bridge/src/orchestrator.rs[0m[2m:[0m[2m172:[0m Observed Sui bridge event: CommitteeMemberRegistration(MoveTypeCommitteeMemberRegistration { sui_address: 0x6c8dd157952a4436fe61083dde7f3f2455100339643facb8906deba8f79a66eb, bridge_pubkey_bytes: [2, 120, 6, 36, 213, 27, 112, 125, 170, 163, 53, 236, 91, 128, 136, 52, 208, 253, 102, 241, 38, 217, 67, 27, 199, 74, 95, 51, 179, 151, 41, 149, 140], http_rest_url: [104, 116, 116, 112, 58, 47, 47, 49, 50, 55, 46, 48, 46, 48, 46, 49, 58, 54, 48, 57, 50, 53] })
[2m2025-03-25T07:55:34.868089Z[0m [32m INFO[0m [2msui_bridge::orchestrator[0m[2m:[0m [2mcrates/sui-bridge/src/orchestrator.rs[0m[2m:[0m[2m172:[0m Observed Sui bridge event: CommitteeMemberRegistration(MoveTypeCommitteeMemberRegistration { sui_address: 0xbbad0949a71eff042f232caea187905a0f4937e63d2fe6dc74e3b690a055a9c7, bridge_pubkey_bytes: [3, 15, 8, 129, 2, 196, 245, 141, 63, 195, 39, 250, 50, 124, 102, 44, 246, 67, 84, 209, 116, 123, 15, 189, 254, 151, 71, 173, 163, 42, 48, 2, 166], http_rest_url: [104, 116, 116, 112, 58, 47, 47, 49, 50, 55, 46, 48, 46, 48, 46, 49, 58, 54, 48, 57, 50, 57] })
[2m2025-03-25T07:55:34.868098Z[0m [32m INFO[0m [2msui_bridge::orchestrator[0m[2m:[0m [2mcrates/sui-bridge/src/orchestrator.rs[0m[2m:[0m[2m172:[0m Observed Sui bridge event: CommitteeUpdateEvent(CommitteeUpdate { members: [MoveTypeCommitteeMember { sui_address: 0x5a333b1b0b4211f20d18cdb1d5a1a795e8b83d02cdb51f29ca334dfb8c31e9a9, bridge_pubkey_bytes: [3, 206, 79, 35, 12, 143, 7, 219, 61, 182, 38, 87, 35, 91, 205, 101, 206, 15, 21, 90, 150, 173, 186, 252, 240, 79, 160, 114, 235, 247, 108, 186, 82], voting_power: 3333, http_rest_url: [104, 116, 116, 112, 58, 47, 47, 49, 50, 55, 46, 48, 46, 48, 46, 49, 58, 54, 48, 57, 50, 55], blocklisted: false }, MoveTypeCommitteeMember { sui_address: 0x6c8dd157952a4436fe61083dde7f3f2455100339643facb8906deba8f79a66eb, bridge_pubkey_bytes: [2, 120, 6, 36, 213, 27, 112, 125, 170, 163, 53, 236, 91, 128, 136, 52, 208, 253, 102, 241, 38, 217, 67, 27, 199, 74, 95, 51, 179, 151, 41, 149, 140], voting_power: 3333, http_rest_url: [104, 116, 116, 112, 58, 47, 47, 49, 50, 55, 46, 48, 46, 48, 46, 49, 58, 54, 48, 57, 50, 53], blocklisted: false }, MoveTypeCommitteeMember { sui_address: 0xbbad0949a71eff042f232caea187905a0f4937e63d2fe6dc74e3b690a055a9c7, bridge_pubkey_bytes: [3, 15, 8, 129, 2, 196, 245, 141, 63, 195, 39, 250, 50, 124, 102, 44, 246, 67, 84, 209, 116, 123, 15, 189, 254, 151, 71, 173, 163, 42, 48, 2, 166], voting_power: 3334, http_rest_url: [104, 116, 116, 112, 58, 47, 47, 49, 50, 55, 46, 48, 46, 48, 46, 49, 58, 54, 48, 57, 50, 57], blocklisted: false }], stake_participation_percentage: 10000 })
[2m2025-03-25T07:55:34.868202Z[0m [32m INFO[0m [2msui_bridge::orchestrator[0m[2m:[0m [2mcrates/sui-bridge/src/orchestrator.rs[0m[2m:[0m[2m237:[0m Received 2 Eth events
[2m2025-03-25T07:55:34.868302Z[0m [32m INFO[0m [2msui_bridge::orchestrator[0m[2m:[0m [2mcrates/sui-bridge/src/orchestrator.rs[0m[2m:[0m[2m257:[0m Observed Eth bridge event: EthBridgeLimiterEvents(OwnershipTransferredFilter(OwnershipTransferredFilter { previous_owner: 0x0000000000000000000000000000000000000000, new_owner: 0x14dc79964da2c08b23698b3d3cc7ca32193d9955 }))
[2m2025-03-25T07:55:34.868311Z[0m [32m INFO[0m [2msui_bridge::orchestrator[0m[2m:[0m [2mcrates/sui-bridge/src/orchestrator.rs[0m[2m:[0m[2m257:[0m Observed Eth bridge event: EthBridgeLimiterEvents(OwnershipTransferredFilter(OwnershipTransferredFilter { previous_owner: 0x14dc79964da2c08b23698b3d3cc7ca32193d9955, new_owner: 0x7b31b399a224ad30d48838f55b41b6a6f1e033ed }))
[2m2025-03-25T07:55:34.868337Z[0m [32m INFO[0m [2msui_bridge::orchestrator[0m[2m:[0m [2mcrates/sui-bridge/src/orchestrator.rs[0m[2m:[0m[2m237:[0m Received 2 Eth events
[2m2025-03-25T07:55:34.868348Z[0m [32m INFO[0m [2msui_bridge::orchestrator[0m[2m:[0m [2mcrates/sui-bridge/src/orchestrator.rs[0m[2m:[0m[2m257:[0m Observed Eth bridge event: EthSuiBridgeEvents(UpgradedFilter(UpgradedFilter { implementation: 0x982830d87c95479db81fe62cd08dd9118d080697 }))
[2m2025-03-25T07:55:34.868354Z[0m [32m INFO[0m [2msui_bridge::orchestrator[0m[2m:[0m [2mcrates/sui-bridge/src/orchestrator.rs[0m[2m:[0m[2m257:[0m Observed Eth bridge event: EthSuiBridgeEvents(InitializedFilter(InitializedFilter { version: 1 }))
[2m2025-03-25T07:55:34.868376Z[0m [32m INFO[0m [2msui_bridge::orchestrator[0m[2m:[0m [2mcrates/sui-bridge/src/orchestrator.rs[0m[2m:[0m[2m237:[0m Received 2 Eth events
[2m2025-03-25T07:55:34.868385Z[0m [32m INFO[0m [2msui_bridge::orchestrator[0m[2m:[0m [2mcrates/sui-bridge/src/orchestrator.rs[0m[2m:[0m[2m257:[0m Observed Eth bridge event: EthSuiBridgeEvents(UpgradedFilter(UpgradedFilter { implementation: 0xf282a3c68a2505a79fc99f94ce43d9c83230cae5 }))
[2m2025-03-25T07:55:34.868391Z[0m [32m INFO[0m [2msui_bridge::orchestrator[0m[2m:[0m [2mcrates/sui-bridge/src/orchestrator.rs[0m[2m:[0m[2m257:[0m Observed Eth bridge event: EthSuiBridgeEvents(InitializedFilter(InitializedFilter { version: 1 }))
[2m2025-03-25T07:55:34.868411Z[0m [32m INFO[0m [2msui_bridge::orchestrator[0m[2m:[0m [2mcrates/sui-bridge/src/orchestrator.rs[0m[2m:[0m[2m237:[0m Received 4 Eth events
[2m2025-03-25T07:55:34.868231Z[0m [32m INFO[0m [2msui_bridge::orchestrator[0m[2m:[0m [2mcrates/sui-bridge/src/orchestrator.rs[0m[2m:[0m[2m138:[0m Received 10 Sui events: [SuiEvent { id: EventID { tx_digest: TransactionDigest(HmJumD9Cs74Ha5kH459s957FZZTfeqHYPc2c4T5vMcqC), event_seq: 0 }, package_id: 0x000000000000000000000000000000000000000000000000000000000000000b, transaction_module: Identifier("bridge"), sender: 0x04a92ab35c30447220964695cc04dfdb26d007c17bf50c178f19eacb981afca1, type_: StructTag { address: 000000000000000000000000000000000000000000000000000000000000000b, module: Identifier("treasury"), name: Identifier("TokenRegistrationEvent"), type_params: [] }, parsed_json: Object {"decimal": Number(8), "native_token": Bool(false), "type_name": Object {"name": String("1eb5b65b92d0fc65a027ed668ab880b39ca5b92ed4d364413b930237aee48df9::btc::BTC")}}, bcs: Base64 { bcs: [74, 49, 101, 98, 53, 98, 54, 53, 98, 57, 50, 100, 48, 102, 99, 54, 53, 97, 48, 50, 55, 101, 100, 54, 54, 56, 97, 98, 56, 56, 48, 98, 51, 57, 99, 97, 53, 98, 57, 50, 101, 100, 52, 100, 51, 54, 52, 52, 49, 51, 98, 57, 51, 48, 50, 51, 55, 97, 101, 101, 52, 56, 100, 102, 57, 58, 58, 98, 116, 99, 58, 58, 66, 84, 67, 8, 0] }, timestamp_ms: Some(1742889276525) }, SuiEvent { id: EventID { tx_digest: TransactionDigest(7KDGKp2U4z3Q6tNCFr66LU3KkeMf85Hn7he7UPimudM1), event_seq: 0 }, package_id: 0x000000000000000000000000000000000000000000000000000000000000000b, transaction_module: Identifier("bridge"), sender: 0x2e9e4ae892478ac670db6d0ee11d22f7c9838b2f9f7cae1a6d5cec12b2d37216, type_: StructTag { address: 000000000000000000000000000000000000000000000000000000000000000b, module: Identifier("treasury"), name: Identifier("TokenRegistrationEvent"), type_params: [] }, parsed_json: Object {"decimal": Number(8), "native_token": Bool(false), "type_name": Object {"name": String("584b83e7f53c050837d8de8b46639e6cecf555455040fb338a9e13393aeb6e47::eth::ETH")}}, bcs: Base64 { bcs: [74, 53, 56, 52, 98, 56, 51, 101, 55, 102, 53, 51, 99, 48, 53, 48, 56, 51, 55, 100, 56, 100, 101, 56, 98, 52, 54, 54, 51, 57, 101, 54, 99, 101, 99, 102, 53, 53, 53, 52, 53, 53, 48, 52, 48, 102, 98, 51, 51, 56, 97, 57, 101, 49, 51, 51, 57, 51, 97, 101, 98, 54, 101, 52, 55, 58, 58, 101, 116, 104, 58, 58, 69, 84, 72, 8, 0] }, timestamp_ms: Some(1742889276887) }, SuiEvent { id: EventID { tx_digest: TransactionDigest(5PJnRU85kVz4ZjUsqa1JkNkd3oxS3ahKT2F1qcxZ3LyT), event_seq: 0 }, package_id: 0x000000000000000000000000000000000000000000000000000000000000000b, transaction_module: Identifier("bridge"), sender: 0xb4bcb4ef88b4439eff5a2f1f59ebf6790c887881aeba4a075003e162c9664633, type_: StructTag { address: 000000000000000000000000000000000000000000000000000000000000000b, module: Identifier("treasury"), name: Identifier("TokenRegistrationEvent"), type_params: [] }, parsed_json: Object {"decimal": Number(6), "native_token": Bool(false), "type_name": Object {"name": String("8e640b704e76cd19b2624f1cb67199c7adce14259b1db5136e5ff06da7508239::usdt::USDT")}}, bcs: Base64 { bcs: [76, 56, 101, 54, 52, 48, 98, 55, 48, 52, 101, 55, 54, 99, 100, 49, 57, 98, 50, 54, 50, 52, 102, 49, 99, 98, 54, 55, 49, 57, 57, 99, 55, 97, 100, 99, 101, 49, 52, 50, 53, 57, 98, 49, 100, 98, 53, 49, 51, 54, 101, 53, 102, 102, 48, 54, 100, 97, 55, 53, 48, 56, 50, 51, 57, 58, 58, 117, 115, 100, 116, 58, 58, 85, 83, 68, 84, 6, 0] }, timestamp_ms: Some(1742889277102) }, SuiEvent { id: EventID { tx_digest: TransactionDigest(3fn4LrtKUi7kWoFVGixZGHewCtDLiFPF8V1LKnQZp2bQ), event_seq: 0 }, package_id: 0x000000000000000000000000000000000000000000000000000000000000000b, transaction_module: Identifier("bridge"), sender: 0x69615f9810e7e54a8abd81e90e52c5c72b959af96e957d8247e1c98607ce691e, type_: StructTag { address: 000000000000000000000000000000000000000000000000000000000000000b, module: Identifier("treasury"), name: Identifier("TokenRegistrationEvent"), type_params: [] }, parsed_json: Object {"decimal": Number(6), "native_token": Bool(false), "type_name": Object {"name": String("c146da9239897bf1d2c47b98586df1db902d1c33a5140b7ab12e93b7b5564252::usdc::USDC")}}, bcs: Base64 { bcs: [76, 99, 49, 52, 54, 100, 97, 57, 50, 51, 57, 56, 57, 55, 98, 102, 49, 100, 50, 99, 52, 55, 98, 57, 56, 53, 56, 54, 100, 102, 49, 100, 98, 57, 48, 50, 100, 49, 99, 51, 51, 97, 53, 49, 52, 48, 98, 55, 97, 98, 49, 50, 101, 57, 51, 98, 55, 98, 53, 53, 54, 52, 50, 53, 50, 58, 58, 117, 115, 100, 99, 58, 58, 85, 83, 68, 67, 6, 0] }, timestamp_ms: Some(1742889277229) }, SuiEvent { id: EventID { tx_digest: TransactionDigest(2vemm15iiyNMyTJLPL4NHbDSsWUkT5YQw4LteTgeHbaR), event_seq: 0 }, package_id: 0x000000000000000000000000000000000000000000000000000000000000000b, transaction_module: Identifier("bridge"), sender: 0xbb41c6aae7df245b03ac73780c718d59b1fcaca77e91e385aef1d9fa51c3bde0, type_: StructTag { address: 000000000000000000000000000000000000000000000000000000000000000b, module: Identifier("treasury"), name: Identifier("TokenRegistrationEvent"), type_params: [] }, parsed_json: Object {"decimal": Number(6), "native_token": Bool(false), "type_name": Object {"name": String("2e9a316b330144172afa74732fc9f7586de83d73090b27c7556584fb5f348c90::busd::BUSD")}}, bcs: Base64 { bcs: [76, 50, 101, 57, 97, 51, 49, 54, 98, 51, 51, 48, 49, 52, 52, 49, 55, 50, 97, 102, 97, 55, 52, 55, 51, 50, 102, 99, 57, 102, 55, 53, 56, 54, 100, 101, 56, 51, 100, 55, 51, 48, 57, 48, 98, 50, 55, 99, 55, 53, 53, 54, 53, 56, 52, 102, 98, 53, 102, 51, 52, 56, 99, 57, 48, 58, 58, 98, 117, 115, 100, 58, 58, 66, 85, 83, 68, 6, 0] }, timestamp_ms: Some(1742889277354) }, SuiEvent { id: EventID { tx_digest: TransactionDigest(EBG9YJbXHxx435mnJkskPLwCybauGBwVK5cX2y9kCo5z), event_seq: 0 }, package_id: 0x000000000000000000000000000000000000000000000000000000000000000b, transaction_module: Identifier("bridge"), sender: 0x04a92ab35c30447220964695cc04dfdb26d007c17bf50c178f19eacb981afca1, type_: StructTag { address: 000000000000000000000000000000000000000000000000000000000000000b, module: Identifier("treasury"), name: Identifier("NewTokenEvent"), type_params: [] }, parsed_json: Object {"decimal_multiplier": String("1000000"), "native_token": Bool(false), "notional_value": String("1000"), "token_id": String("5"), "type_name": Object {"name": String("2e9a316b330144172afa74732fc9f7586de83d73090b27c7556584fb5f348c90::busd::BUSD")}}, bcs: Base64 { bcs: [5, 0, 0, 0, 0, 0, 0, 0, 76, 50, 101, 57, 97, 51, 49, 54, 98, 51, 51, 48, 49, 52, 52, 49, 55, 50, 97, 102, 97, 55, 52, 55, 51, 50, 102, 99, 57, 102, 55, 53, 56, 54, 100, 101, 56, 51, 100, 55, 51, 48, 57, 48, 98, 50, 55, 99, 55, 53, 53, 54, 53, 56, 52, 102, 98, 53, 102, 51, 52, 56, 99, 57, 48, 58, 58, 98, 117, 115, 100, 58, 58, 66, 85, 83, 68, 0, 64, 66, 15, 0, 0, 0, 0, 0, 232, 3, 0, 0, 0, 0, 0, 0] }, timestamp_ms: Some(1742889315926) }, SuiEvent { id: EventID { tx_digest: TransactionDigest(EBG9YJbXHxx435mnJkskPLwCybauGBwVK5cX2y9kCo5z), event_seq: 1 }, package_id: 0x000000000000000000000000000000000000000000000000000000000000000b, transaction_module: Identifier("bridge"), sender: 0x04a92ab35c30447220964695cc04dfdb26d007c17bf50c178f19eacb981afca1, type_: StructTag { address: 000000000000000000000000000000000000000000000000000000000000000b, module: Identifier("treasury"), name: Identifier("NewTokenEvent"), type_params: [] }, parsed_json: Object {"decimal_multiplier": String("1000000"), "native_token": Bool(false), "notional_value": String("1000"), "token_id": String("4"), "type_name": Object {"name": String("8e640b704e76cd19b2624f1cb67199c7adce14259b1db5136e5ff06da7508239::usdt::USDT")}}, bcs: Base64 { bcs: [4, 0, 0, 0, 0, 0, 0, 0, 76, 56, 101, 54, 52, 48, 98, 55, 48, 52, 101, 55, 54, 99, 100, 49, 57, 98, 50, 54, 50, 52, 102, 49, 99, 98, 54, 55, 49, 57, 57, 99, 55, 97, 100, 99, 101, 49, 52, 50, 53, 57, 98, 49, 100, 98, 53, 49, 51, 54, 101, 53, 102, 102, 48, 54, 100, 97, 55, 53, 48, 56, 50, 51, 57, 58, 58, 117, 115, 100, 116, 58, 58, 85, 83, 68, 84, 0, 64, 66, 15, 0, 0, 0, 0, 0, 232, 3, 0, 0, 0, 0, 0, 0] }, timestamp_ms: Some(1742889315926) }, SuiEvent { id: EventID { tx_digest: TransactionDigest(EBG9YJbXHxx435mnJkskPLwCybauGBwVK5cX2y9kCo5z), event_seq: 2 }, package_id: 0x000000000000000000000000000000000000000000000000000000000000000b, transaction_module: Identifier("bridge"), sender: 0x04a92ab35c30447220964695cc04dfdb26d007c17bf50c178f19eacb981afca1, type_: StructTag { address: 000000000000000000000000000000000000000000000000000000000000000b, module: Identifier("treasury"), name: Identifier("NewTokenEvent"), type_params: [] }, parsed_json: Object {"decimal_multiplier": String("1000000"), "native_token": Bool(false), "notional_value": String("1000"), "token_id": String("3"), "type_name": Object {"name": String("c146da9239897bf1d2c47b98586df1db902d1c33a5140b7ab12e93b7b5564252::usdc::USDC")}}, bcs: Base64 { bcs: [3, 0, 0, 0, 0, 0, 0, 0, 76, 99, 49, 52, 54, 100, 97, 57, 50, 51, 57, 56, 57, 55, 98, 102, 49, 100, 50, 99, 52, 55, 98, 57, 56, 53, 56, 54, 100, 102, 49, 100, 98, 57, 48, 50, 100, 49, 99, 51, 51, 97, 53, 49, 52, 48, 98, 55, 97, 98, 49, 50, 101, 57, 51, 98, 55, 98, 53, 53, 54, 52, 50, 53, 50, 58, 58, 117, 115, 100, 99, 58, 58, 85, 83, 68, 67, 0, 64, 66, 15, 0, 0, 0, 0, 0, 232, 3, 0, 0, 0, 0, 0, 0] }, timestamp_ms: Some(1742889315926) }, SuiEvent { id: EventID { tx_digest: TransactionDigest(EBG9YJbXHxx435mnJkskPLwCybauGBwVK5cX2y9kCo5z), event_seq: 3 }, package_id: 0x000000000000000000000000000000000000000000000000000000000000000b, transaction_module: Identifier("bridge"), sender: 0x04a92ab35c30447220964695cc04dfdb26d007c17bf50c178f19eacb981afca1, type_: StructTag { address: 000000000000000000000000000000000000000000000000000000000000000b, module: Identifier("treasury"), name: Identifier("NewTokenEvent"), type_params: [] }, parsed_json: Object {"decimal_multiplier": String("100000000"), "native_token": Bool(false), "notional_value": String("30000000"), "token_id": String("2"), "type_name": Object {"name": String("584b83e7f53c050837d8de8b46639e6cecf555455040fb338a9e13393aeb6e47::eth::ETH")}}, bcs: Base64 { bcs: [2, 0, 0, 0, 0, 0, 0, 0, 74, 53, 56, 52, 98, 56, 51, 101, 55, 102, 53, 51, 99, 48, 53, 48, 56, 51, 55, 100, 56, 100, 101, 56, 98, 52, 54, 54, 51, 57, 101, 54, 99, 101, 99, 102, 53, 53, 53, 52, 53, 53, 48, 52, 48, 102, 98, 51, 51, 56, 97, 57, 101, 49, 51, 51, 57, 51, 97, 101, 98, 54, 101, 52, 55, 58, 58, 101, 116, 104, 58, 58, 69, 84, 72, 0, 0, 225, 245, 5, 0, 0, 0, 0, 128, 195, 201, 1, 0, 0, 0, 0] }, timestamp_ms: Some(1742889315926) }, SuiEvent { id: EventID { tx_digest: TransactionDigest(EBG9YJbXHxx435mnJkskPLwCybauGBwVK5cX2y9kCo5z), event_seq: 4 }, package_id: 0x000000000000000000000000000000000000000000000000000000000000000b, transaction_module: Identifier("bridge"), sender: 0x04a92ab35c30447220964695cc04dfdb26d007c17bf50c178f19eacb981afca1, type_: StructTag { address: 000000000000000000000000000000000000000000000000000000000000000b, module: Identifier("treasury"), name: Identifier("NewTokenEvent"), type_params: [] }, parsed_json: Object {"decimal_multiplier": String("100000000"), "native_token": Bool(false), "notional_value": String("500000000"), "token_id": String("1"), "type_name": Object {"name": String("1eb5b65b92d0fc65a027ed668ab880b39ca5b92ed4d364413b930237aee48df9::btc::BTC")}}, bcs: Base64 { bcs: [1, 0, 0, 0, 0, 0, 0, 0, 74, 49, 101, 98, 53, 98, 54, 53, 98, 57, 50, 100, 48, 102, 99, 54, 53, 97, 48, 50, 55, 101, 100, 54, 54, 56, 97, 98, 56, 56, 48, 98, 51, 57, 99, 97, 53, 98, 57, 50, 101, 100, 52, 100, 51, 54, 52, 52, 49, 51, 98, 57, 51, 48, 50, 51, 55, 97, 101, 101, 52, 56, 100, 102, 57, 58, 58, 98, 116, 99, 58, 58, 66, 84, 67, 0, 0, 225, 245, 5, 0, 0, 0, 0, 0, 101, 205, 29, 0, 0, 0, 0] }, timestamp_ms: Some(1742889315926) }]
[2m2025-03-25T07:55:34.868428Z[0m [32m INFO[0m [2msui_bridge::orchestrator[0m[2m:[0m [2mcrates/sui-bridge/src/orchestrator.rs[0m[2m:[0m[2m257:[0m Observed Eth bridge event: EthSuiBridgeEvents(UpgradedFilter(UpgradedFilter { implementation: 0xc74f87d141ed8a41c32ec3d6947485b6f4c11e49 }))
[2m2025-03-25T07:55:34.868434Z[0m [32m INFO[0m [2msui_bridge::orchestrator[0m[2m:[0m [2mcrates/sui-bridge/src/orchestrator.rs[0m[2m:[0m[2m257:[0m Observed Eth bridge event: EthBridgeLimiterEvents(OwnershipTransferredFilter(OwnershipTransferredFilter { previous_owner: 0x0000000000000000000000000000000000000000, new_owner: 0x14dc79964da2c08b23698b3d3cc7ca32193d9955 }))
[2m2025-03-25T07:55:34.868441Z[0m [32m INFO[0m [2msui_bridge::orchestrator[0m[2m:[0m [2mcrates/sui-bridge/src/orchestrator.rs[0m[2m:[0m[2m257:[0m Observed Eth bridge event: EthSuiBridgeEvents(InitializedFilter(InitializedFilter { version: 1 }))
[2m2025-03-25T07:55:34.868445Z[0m [32m INFO[0m [2msui_bridge::orchestrator[0m[2m:[0m [2mcrates/sui-bridge/src/orchestrator.rs[0m[2m:[0m[2m257:[0m Observed Eth bridge event: EthBridgeLimiterEvents(OwnershipTransferredFilter(OwnershipTransferredFilter { previous_owner: 0x14dc79964da2c08b23698b3d3cc7ca32193d9955, new_owner: 0x7b31b399a224ad30d48838f55b41b6a6f1e033ed }))
[2m2025-03-25T07:55:34.868474Z[0m [32m INFO[0m [2msui_bridge::monitor[0m[2m:[0m [2mcrates/sui-bridge/src/monitor.rs[0m[2m:[0m[2m113:[0m Received SuiBridgeEvent: CommitteeMemberRegistration(MoveTypeCommitteeMemberRegistration { sui_address: 0x5a333b1b0b4211f20d18cdb1d5a1a795e8b83d02cdb51f29ca334dfb8c31e9a9, bridge_pubkey_bytes: [3, 206, 79, 35, 12, 143, 7, 219, 61, 182, 38, 87, 35, 91, 205, 101, 206, 15, 21, 90, 150, 173, 186, 252, 240, 79, 160, 114, 235, 247, 108, 186, 82], http_rest_url: [104, 116, 116, 112, 58, 47, 47, 49, 50, 55, 46, 48, 46, 48, 46, 49, 58, 54, 48, 57, 50, 55] })
[2m2025-03-25T07:55:34.868516Z[0m [32m INFO[0m [2msui_bridge::monitor[0m[2m:[0m [2mcrates/sui-bridge/src/monitor.rs[0m[2m:[0m[2m225:[0m Received EthBridgeEvent: EthSuiBridgeEvents(UpgradedFilter(UpgradedFilter { implementation: 0x07af11e412ed7c343603c0f4b35645f7870686eb }))
[2m2025-03-25T07:55:34.868519Z[0m [32m INFO[0m [2msui_bridge::orchestrator[0m[2m:[0m [2mcrates/sui-bridge/src/orchestrator.rs[0m[2m:[0m[2m172:[0m Observed Sui bridge event: TokenRegistrationEvent(TokenRegistrationEvent { type_name: Struct(StructTag { address: 1eb5b65b92d0fc65a027ed668ab880b39ca5b92ed4d364413b930237aee48df9, module: Identifier("btc"), name: Identifier("BTC"), type_params: [] }), decimal: 8, native_token: false })
[2m2025-03-25T07:55:34.868529Z[0m [32m INFO[0m [2msui_bridge::monitor[0m[2m:[0m [2mcrates/sui-bridge/src/monitor.rs[0m[2m:[0m[2m225:[0m Received EthBridgeEvent: EthSuiBridgeEvents(InitializedFilter(InitializedFilter { version: 1 }))
[2m2025-03-25T07:55:34.868529Z[0m [32m INFO[0m [2msui_bridge::orchestrator[0m[2m:[0m [2mcrates/sui-bridge/src/orchestrator.rs[0m[2m:[0m[2m172:[0m Observed Sui bridge event: TokenRegistrationEvent(TokenRegistrationEvent { type_name: Struct(StructTag { address: 584b83e7f53c050837d8de8b46639e6cecf555455040fb338a9e13393aeb6e47, module: Identifier("eth"), name: Identifier("ETH"), type_params: [] }), decimal: 8, native_token: false })
[2m2025-03-25T07:55:34.868537Z[0m [32m INFO[0m [2msui_bridge::orchestrator[0m[2m:[0m [2mcrates/sui-bridge/src/orchestrator.rs[0m[2m:[0m[2m172:[0m Observed Sui bridge event: TokenRegistrationEvent(TokenRegistrationEvent { type_name: Struct(StructTag { address: 8e640b704e76cd19b2624f1cb67199c7adce14259b1db5136e5ff06da7508239, module: Identifier("usdt"), name: Identifier("USDT"), type_params: [] }), decimal: 6, native_token: false })
[2m2025-03-25T07:55:34.868539Z[0m [32m INFO[0m [2msui_bridge::monitor[0m[2m:[0m [2mcrates/sui-bridge/src/monitor.rs[0m[2m:[0m[2m225:[0m Received EthBridgeEvent: EthBridgeLimiterEvents(OwnershipTransferredFilter(OwnershipTransferredFilter { previous_owner: 0x0000000000000000000000000000000000000000, new_owner: 0x14dc79964da2c08b23698b3d3cc7ca32193d9955 }))
[2m2025-03-25T07:55:34.868543Z[0m [32m INFO[0m [2msui_bridge::orchestrator[0m[2m:[0m [2mcrates/sui-bridge/src/orchestrator.rs[0m[2m:[0m[2m172:[0m Observed Sui bridge event: TokenRegistrationEvent(TokenRegistrationEvent { type_name: Struct(StructTag { address: c146da9239897bf1d2c47b98586df1db902d1c33a5140b7ab12e93b7b5564252, module: Identifier("usdc"), name: Identifier("USDC"), type_params: [] }), decimal: 6, native_token: false })
[2m2025-03-25T07:55:34.868550Z[0m [32m INFO[0m [2msui_bridge::orchestrator[0m[2m:[0m [2mcrates/sui-bridge/src/orchestrator.rs[0m[2m:[0m[2m172:[0m Observed Sui bridge event: TokenRegistrationEvent(TokenRegistrationEvent { type_name: Struct(StructTag { address: 2e9a316b330144172afa74732fc9f7586de83d73090b27c7556584fb5f348c90, module: Identifier("busd"), name: Identifier("BUSD"), type_params: [] }), decimal: 6, native_token: false })
[2m2025-03-25T07:55:34.868553Z[0m [32m INFO[0m [2msui_bridge::monitor[0m[2m:[0m [2mcrates/sui-bridge/src/monitor.rs[0m[2m:[0m[2m113:[0m Received SuiBridgeEvent: CommitteeMemberRegistration(MoveTypeCommitteeMemberRegistration { sui_address: 0x6c8dd157952a4436fe61083dde7f3f2455100339643facb8906deba8f79a66eb, bridge_pubkey_bytes: [2, 120, 6, 36, 213, 27, 112, 125, 170, 163, 53, 236, 91, 128, 136, 52, 208, 253, 102, 241, 38, 217, 67, 27, 199, 74, 95, 51, 179, 151, 41, 149, 140], http_rest_url: [104, 116, 116, 112, 58, 47, 47, 49, 50, 55, 46, 48, 46, 48, 46, 49, 58, 54, 48, 57, 50, 53] })
[2m2025-03-25T07:55:34.868557Z[0m [32m INFO[0m [2msui_bridge::orchestrator[0m[2m:[0m [2mcrates/sui-bridge/src/orchestrator.rs[0m[2m:[0m[2m172:[0m Observed Sui bridge event: NewTokenEvent(NewTokenEvent { token_id: 5, type_name: Struct(StructTag { address: 2e9a316b330144172afa74732fc9f7586de83d73090b27c7556584fb5f348c90, module: Identifier("busd"), name: Identifier("BUSD"), type_params: [] }), native_token: false, decimal_multiplier: 1000000, notional_value: 1000 })
[2m2025-03-25T07:55:34.868564Z[0m [32m INFO[0m [2msui_bridge::orchestrator[0m[2m:[0m [2mcrates/sui-bridge/src/orchestrator.rs[0m[2m:[0m[2m172:[0m Observed Sui bridge event: NewTokenEvent(NewTokenEvent { token_id: 4, type_name: Struct(StructTag { address: 8e640b704e76cd19b2624f1cb67199c7adce14259b1db5136e5ff06da7508239, module: Identifier("usdt"), name: Identifier("USDT"), type_params: [] }), native_token: false, decimal_multiplier: 1000000, notional_value: 1000 })
[2m2025-03-25T07:55:34.868564Z[0m [32m INFO[0m [2msui_bridge::monitor[0m[2m:[0m [2mcrates/sui-bridge/src/monitor.rs[0m[2m:[0m[2m113:[0m Received SuiBridgeEvent: CommitteeMemberRegistration(MoveTypeCommitteeMemberRegistration { sui_address: 0xbbad0949a71eff042f232caea187905a0f4937e63d2fe6dc74e3b690a055a9c7, bridge_pubkey_bytes: [3, 15, 8, 129, 2, 196, 245, 141, 63, 195, 39, 250, 50, 124, 102, 44, 246, 67, 84, 209, 116, 123, 15, 189, 254, 151, 71, 173, 163, 42, 48, 2, 166], http_rest_url: [104, 116, 116, 112, 58, 47, 47, 49, 50, 55, 46, 48, 46, 48, 46, 49, 58, 54, 48, 57, 50, 57] })
[2m2025-03-25T07:55:34.868571Z[0m [32m INFO[0m [2msui_bridge::orchestrator[0m[2m:[0m [2mcrates/sui-bridge/src/orchestrator.rs[0m[2m:[0m[2m172:[0m Observed Sui bridge event: NewTokenEvent(NewTokenEvent { token_id: 3, type_name: Struct(StructTag { address: c146da9239897bf1d2c47b98586df1db902d1c33a5140b7ab12e93b7b5564252, module: Identifier("usdc"), name: Identifier("USDC"), type_params: [] }), native_token: false, decimal_multiplier: 1000000, notional_value: 1000 })
[2m2025-03-25T07:55:34.868578Z[0m [32m INFO[0m [2msui_bridge::orchestrator[0m[2m:[0m [2mcrates/sui-bridge/src/orchestrator.rs[0m[2m:[0m[2m172:[0m Observed Sui bridge event: NewTokenEvent(NewTokenEvent { token_id: 2, type_name: Struct(StructTag { address: 584b83e7f53c050837d8de8b46639e6cecf555455040fb338a9e13393aeb6e47, module: Identifier("eth"), name: Identifier("ETH"), type_params: [] }), native_token: false, decimal_multiplier: 100000000, notional_value: 30000000 })
[2m2025-03-25T07:55:34.868585Z[0m [32m INFO[0m [2msui_bridge::orchestrator[0m[2m:[0m [2mcrates/sui-bridge/src/orchestrator.rs[0m[2m:[0m[2m172:[0m Observed Sui bridge event: NewTokenEvent(NewTokenEvent { token_id: 1, type_name: Struct(StructTag { address: 1eb5b65b92d0fc65a027ed668ab880b39ca5b92ed4d364413b930237aee48df9, module: Identifier("btc"), name: Identifier("BTC"), type_params: [] }), native_token: false, decimal_multiplier: 100000000, notional_value: 500000000 })
[2m2025-03-25T07:55:34.868573Z[0m [32m INFO[0m [2msui_bridge::monitor[0m[2m:[0m [2mcrates/sui-bridge/src/monitor.rs[0m[2m:[0m[2m113:[0m Received SuiBridgeEvent: CommitteeUpdateEvent(CommitteeUpdate { members: [MoveTypeCommitteeMember { sui_address: 0x5a333b1b0b4211f20d18cdb1d5a1a795e8b83d02cdb51f29ca334dfb8c31e9a9, bridge_pubkey_bytes: [3, 206, 79, 35, 12, 143, 7, 219, 61, 182, 38, 87, 35, 91, 205, 101, 206, 15, 21, 90, 150, 173, 186, 252, 240, 79, 160, 114, 235, 247, 108, 186, 82], voting_power: 3333, http_rest_url: [104, 116, 116, 112, 58, 47, 47, 49, 50, 55, 46, 48, 46, 48, 46, 49, 58, 54, 48, 57, 50, 55], blocklisted: false }, MoveTypeCommitteeMember { sui_address: 0x6c8dd157952a4436fe61083dde7f3f2455100339643facb8906deba8f79a66eb, bridge_pubkey_bytes: [2, 120, 6, 36, 213, 27, 112, 125, 170, 163, 53, 236, 91, 128, 136, 52, 208, 253, 102, 241, 38, 217, 67, 27, 199, 74, 95, 51, 179, 151, 41, 149, 140], voting_power: 3333, http_rest_url: [104, 116, 116, 112, 58, 47, 47, 49, 50, 55, 46, 48, 46, 48, 46, 49, 58, 54, 48, 57, 50, 53], blocklisted: false }, MoveTypeCommitteeMember { sui_address: 0xbbad0949a71eff042f232caea187905a0f4937e63d2fe6dc74e3b690a055a9c7, bridge_pubkey_bytes: [3, 15, 8, 129, 2, 196, 245, 141, 63, 195, 39, 250, 50, 124, 102, 44, 246, 67, 84, 209, 116, 123, 15, 189, 254, 151, 71, 173, 163, 42, 48, 2, 166], voting_power: 3334, http_rest_url: [104, 116, 116, 112, 58, 47, 47, 49, 50, 55, 46, 48, 46, 48, 46, 49, 58, 54, 48, 57, 50, 57], blocklisted: false }], stake_participation_percentage: 10000 })
[2m2025-03-25T07:55:34.868600Z[0m [32m INFO[0m [2msui_bridge::monitor[0m[2m:[0m [2mcrates/sui-bridge/src/monitor.rs[0m[2m:[0m[2m113:[0m Received SuiBridgeEvent: TokenRegistrationEvent(TokenRegistrationEvent { type_name: Struct(StructTag { address: 1eb5b65b92d0fc65a027ed668ab880b39ca5b92ed4d364413b930237aee48df9, module: Identifier("btc"), name: Identifier("BTC"), type_params: [] }), decimal: 8, native_token: false })
[2m2025-03-25T07:55:34.868613Z[0m [32m INFO[0m [2msui_bridge::monitor[0m[2m:[0m [2mcrates/sui-bridge/src/monitor.rs[0m[2m:[0m[2m113:[0m Received SuiBridgeEvent: TokenRegistrationEvent(TokenRegistrationEvent { type_name: Struct(StructTag { address: 584b83e7f53c050837d8de8b46639e6cecf555455040fb338a9e13393aeb6e47, module: Identifier("eth"), name: Identifier("ETH"), type_params: [] }), decimal: 8, native_token: false })
[2m2025-03-25T07:55:34.868621Z[0m [32m INFO[0m [2msui_bridge::monitor[0m[2m:[0m [2mcrates/sui-bridge/src/monitor.rs[0m[2m:[0m[2m113:[0m Received SuiBridgeEvent: TokenRegistrationEvent(TokenRegistrationEvent { type_name: Struct(StructTag { address: 8e640b704e76cd19b2624f1cb67199c7adce14259b1db5136e5ff06da7508239, module: Identifier("usdt"), name: Identifier("USDT"), type_params: [] }), decimal: 6, native_token: false })
[2m2025-03-25T07:55:34.868629Z[0m [32m INFO[0m [2msui_bridge::monitor[0m[2m:[0m [2mcrates/sui-bridge/src/monitor.rs[0m[2m:[0m[2m225:[0m Received EthBridgeEvent: EthBridgeLimiterEvents(OwnershipTransferredFilter(OwnershipTransferredFilter { previous_owner: 0x14dc79964da2c08b23698b3d3cc7ca32193d9955, new_owner: 0x7b31b399a224ad30d48838f55b41b6a6f1e033ed }))
[2m2025-03-25T07:55:34.868636Z[0m [32m INFO[0m [2msui_bridge::monitor[0m[2m:[0m [2mcrates/sui-bridge/src/monitor.rs[0m[2m:[0m[2m113:[0m Received SuiBridgeEvent: TokenRegistrationEvent(TokenRegistrationEvent { type_name: Struct(StructTag { address: c146da9239897bf1d2c47b98586df1db902d1c33a5140b7ab12e93b7b5564252, module: Identifier("usdc"), name: Identifier("USDC"), type_params: [] }), decimal: 6, native_token: false })
[2m2025-03-25T07:55:34.868643Z[0m [32m INFO[0m [2msui_bridge::monitor[0m[2m:[0m [2mcrates/sui-bridge/src/monitor.rs[0m[2m:[0m[2m225:[0m Received EthBridgeEvent: EthSuiBridgeEvents(UpgradedFilter(UpgradedFilter { implementation: 0x982830d87c95479db81fe62cd08dd9118d080697 }))
[2m2025-03-25T07:55:34.868649Z[0m [32m INFO[0m [2msui_bridge::monitor[0m[2m:[0m [2mcrates/sui-bridge/src/monitor.rs[0m[2m:[0m[2m113:[0m Received SuiBridgeEvent: TokenRegistrationEvent(TokenRegistrationEvent { type_name: Struct(StructTag { address: 2e9a316b330144172afa74732fc9f7586de83d73090b27c7556584fb5f348c90, module: Identifier("busd"), name: Identifier("BUSD"), type_params: [] }), decimal: 6, native_token: false })
[2m2025-03-25T07:55:34.868657Z[0m [32m INFO[0m [2msui_bridge::monitor[0m[2m:[0m [2mcrates/sui-bridge/src/monitor.rs[0m[2m:[0m[2m113:[0m Received SuiBridgeEvent: NewTokenEvent(NewTokenEvent { token_id: 5, type_name: Struct(StructTag { address: 2e9a316b330144172afa74732fc9f7586de83d73090b27c7556584fb5f348c90, module: Identifier("busd"), name: Identifier("BUSD"), type_params: [] }), native_token: false, decimal_multiplier: 1000000, notional_value: 1000 })
[2m2025-03-25T07:55:34.868682Z[0m [32m INFO[0m [2msui_bridge::monitor[0m[2m:[0m [2mcrates/sui-bridge/src/monitor.rs[0m[2m:[0m[2m113:[0m Received SuiBridgeEvent: NewTokenEvent(NewTokenEvent { token_id: 4, type_name: Struct(StructTag { address: 8e640b704e76cd19b2624f1cb67199c7adce14259b1db5136e5ff06da7508239, module: Identifier("usdt"), name: Identifier("USDT"), type_params: [] }), native_token: false, decimal_multiplier: 1000000, notional_value: 1000 })
[2m2025-03-25T07:55:34.868690Z[0m [32m INFO[0m [2msui_bridge::monitor[0m[2m:[0m [2mcrates/sui-bridge/src/monitor.rs[0m[2m:[0m[2m225:[0m Received EthBridgeEvent: EthSuiBridgeEvents(InitializedFilter(InitializedFilter { version: 1 }))
[2m2025-03-25T07:55:34.868695Z[0m [32m INFO[0m [2msui_bridge::monitor[0m[2m:[0m [2mcrates/sui-bridge/src/monitor.rs[0m[2m:[0m[2m113:[0m Received SuiBridgeEvent: NewTokenEvent(NewTokenEvent { token_id: 3, type_name: Struct(StructTag { address: c146da9239897bf1d2c47b98586df1db902d1c33a5140b7ab12e93b7b5564252, module: Identifier("usdc"), name: Identifier("USDC"), type_params: [] }), native_token: false, decimal_multiplier: 1000000, notional_value: 1000 })
[2m2025-03-25T07:55:34.868703Z[0m [32m INFO[0m [2msui_bridge::monitor[0m[2m:[0m [2mcrates/sui-bridge/src/monitor.rs[0m[2m:[0m[2m113:[0m Received SuiBridgeEvent: NewTokenEvent(NewTokenEvent { token_id: 2, type_name: Struct(StructTag { address: 584b83e7f53c050837d8de8b46639e6cecf555455040fb338a9e13393aeb6e47, module: Identifier("eth"), name: Identifier("ETH"), type_params: [] }), native_token: false, decimal_multiplier: 100000000, notional_value: 30000000 })
[2m2025-03-25T07:55:34.868710Z[0m [32m INFO[0m [2msui_bridge::monitor[0m[2m:[0m [2mcrates/sui-bridge/src/monitor.rs[0m[2m:[0m[2m113:[0m Received SuiBridgeEvent: NewTokenEvent(NewTokenEvent { token_id: 1, type_name: Struct(StructTag { address: 1eb5b65b92d0fc65a027ed668ab880b39ca5b92ed4d364413b930237aee48df9, module: Identifier("btc"), name: Identifier("BTC"), type_params: [] }), native_token: false, decimal_multiplier: 100000000, notional_value: 500000000 })
[2m2025-03-25T07:55:34.868719Z[0m [32m INFO[0m [2msui_bridge::monitor[0m[2m:[0m [2mcrates/sui-bridge/src/monitor.rs[0m[2m:[0m[2m225:[0m Received EthBridgeEvent: EthSuiBridgeEvents(UpgradedFilter(UpgradedFilter { implementation: 0xf282a3c68a2505a79fc99f94ce43d9c83230cae5 }))
[2m2025-03-25T07:55:34.868725Z[0m [32m INFO[0m [2msui_bridge::monitor[0m[2m:[0m [2mcrates/sui-bridge/src/monitor.rs[0m[2m:[0m[2m225:[0m Received EthBridgeEvent: EthSuiBridgeEvents(InitializedFilter(InitializedFilter { version: 1 }))
[2m2025-03-25T07:55:34.868730Z[0m [32m INFO[0m [2msui_bridge::monitor[0m[2m:[0m [2mcrates/sui-bridge/src/monitor.rs[0m[2m:[0m[2m225:[0m Received EthBridgeEvent: EthSuiBridgeEvents(UpgradedFilter(UpgradedFilter { implementation: 0xc74f87d141ed8a41c32ec3d6947485b6f4c11e49 }))
[2m2025-03-25T07:55:34.868735Z[0m [32m INFO[0m [2msui_bridge::monitor[0m[2m:[0m [2mcrates/sui-bridge/src/monitor.rs[0m[2m:[0m[2m225:[0m Received EthBridgeEvent: EthBridgeLimiterEvents(OwnershipTransferredFilter(OwnershipTransferredFilter { previous_owner: 0x0000000000000000000000000000000000000000, new_owner: 0x14dc79964da2c08b23698b3d3cc7ca32193d9955 }))
[2m2025-03-25T07:55:34.868742Z[0m [32m INFO[0m [2msui_bridge::monitor[0m[2m:[0m [2mcrates/sui-bridge/src/monitor.rs[0m[2m:[0m[2m225:[0m Received EthBridgeEvent: EthSuiBridgeEvents(InitializedFilter(InitializedFilter { version: 1 }))
[2m2025-03-25T07:55:34.868747Z[0m [32m INFO[0m [2msui_bridge::monitor[0m[2m:[0m [2mcrates/sui-bridge/src/monitor.rs[0m[2m:[0m[2m225:[0m Received EthBridgeEvent: EthBridgeLimiterEvents(OwnershipTransferredFilter(OwnershipTransferredFilter { previous_owner: 0x14dc79964da2c08b23698b3d3cc7ca32193d9955, new_owner: 0x7b31b399a224ad30d48838f55b41b6a6f1e033ed }))
[2m2025-03-25T07:55:34.871836Z[0m [32m INFO[0m [1mnode[0m[1m{[0m[3mname[0m[2m=[0mk#99f25ef6..[1m}[0m[2m:[0m [2msui_core::checkpoints[0m[2m:[0m [2mcrates/sui-core/src/checkpoints/mod.rs[0m[2m:[0m[2m1326:[0m Creating checkpoint(s) for 2 transactions [3mnext_checkpoint_seq[0m[2m=[0m340 [3mcheckpoint_timestamp[0m[2m=[0m1742889334331
[2m2025-03-25T07:55:34.872010Z[0m [32m INFO[0m [1mnode[0m[1m{[0m[3mname[0m[2m=[0mk#8dcff6d1..[1m}[0m[2m:[0m [2msui_core::checkpoints[0m[2m:[0m [2mcrates/sui-core/src/checkpoints/mod.rs[0m[2m:[0m[2m1326:[0m Creating checkpoint(s) for 2 transactions [3mnext_checkpoint_seq[0m[2m=[0m340 [3mcheckpoint_timestamp[0m[2m=[0m1742889334331
[2m2025-03-25T07:55:34.872158Z[0m [32m INFO[0m [1mnode[0m[1m{[0m[3mname[0m[2m=[0mk#99f25ef6..[1m}[0m[2m:[0m [2msui_core::checkpoints::checkpoint_output[0m[2m:[0m [2mcrates/sui-core/src/checkpoints/checkpoint_output.rs[0m[2m:[0m[2m149:[0m Creating checkpoint CheckpointDigest(DGyAJLQg47VEvtLYMXnuXgBU7PeoMFP5TLx3azbHHxRp) at epoch 1, sequence 340, previous digest Some(CheckpointDigest(ELWJCpKDXARwhG76WPuoqgfyCSeA4LzJ4CVjJvJFkHw1)), transactions count 2, content digest CheckpointContentsDigest(J87JJ3xqjohUFVot11rfdpj6qVYqNRasXEms7ajDvo5y), end_of_epoch_data None
[2m2025-03-25T07:55:34.872262Z[0m [32m INFO[0m [1mnode[0m[1m{[0m[3mname[0m[2m=[0mk#8dcff6d1..[1m}[0m[2m:[0m [2msui_core::checkpoints::checkpoint_output[0m[2m:[0m [2mcrates/sui-core/src/checkpoints/checkpoint_output.rs[0m[2m:[0m[2m149:[0m Creating checkpoint CheckpointDigest(DGyAJLQg47VEvtLYMXnuXgBU7PeoMFP5TLx3azbHHxRp) at epoch 1, sequence 340, previous digest Some(CheckpointDigest(ELWJCpKDXARwhG76WPuoqgfyCSeA4LzJ4CVjJvJFkHw1)), transactions count 2, content digest CheckpointContentsDigest(J87JJ3xqjohUFVot11rfdpj6qVYqNRasXEms7ajDvo5y), end_of_epoch_data None
[2m2025-03-25T07:55:34.875244Z[0m [32m INFO[0m [1mnode[0m[1m{[0m[3mname[0m[2m=[0mk#99f25ef6..[1m}[0m[2m:[0m [2msui_core::checkpoints::checkpoint_output[0m[2m:[0m [2mcrates/sui-core/src/checkpoints/checkpoint_output.rs[0m[2m:[0m[2m196:[0m Certified checkpoint with sequence 339 and digest ELWJCpKDXARwhG76WPuoqgfyCSeA4LzJ4CVjJvJFkHw1
[2m2025-03-25T07:55:34.875247Z[0m [32m INFO[0m [1mnode[0m[1m{[0m[3mname[0m[2m=[0mk#8dcff6d1..[1m}[0m[2m:[0m [2msui_core::checkpoints::checkpoint_output[0m[2m:[0m [2mcrates/sui-core/src/checkpoints/checkpoint_output.rs[0m[2m:[0m[2m196:[0m Certified checkpoint with sequence 339 and digest ELWJCpKDXARwhG76WPuoqgfyCSeA4LzJ4CVjJvJFkHw1
[2m2025-03-25T07:55:34.875562Z[0m [32m INFO[0m [1mnode[0m[1m{[0m[3mname[0m[2m=[0mk#addeef94..[1m}[0m[2m:[0m [2msui_core::checkpoints[0m[2m:[0m [2mcrates/sui-core/src/checkpoints/mod.rs[0m[2m:[0m[2m1326:[0m Creating checkpoint(s) for 2 transactions [3mnext_checkpoint_seq[0m[2m=[0m340 [3mcheckpoint_timestamp[0m[2m=[0m1742889334331
[2m2025-03-25T07:55:34.875714Z[0m [32m INFO[0m [1mnode[0m[1m{[0m[3mname[0m[2m=[0mk#99f25ef6..[1m}[0m[2m:[0m [2msui_core::checkpoints::checkpoint_executor[0m[2m:[0m [2mcrates/sui-core/src/checkpoints/checkpoint_executor/mod.rs[0m[2m:[0m[2m332:[0m Received checkpoint summary from state sync [3msequence_number[0m[2m=[0m339
[2m2025-03-25T07:55:34.875714Z[0m [32m INFO[0m [1mnode[0m[1m{[0m[3mname[0m[2m=[0mk#8dcff6d1..[1m}[0m[2m:[0m [2msui_core::checkpoints::checkpoint_executor[0m[2m:[0m [2mcrates/sui-core/src/checkpoints/checkpoint_executor/mod.rs[0m[2m:[0m[2m332:[0m Received checkpoint summary from state sync [3msequence_number[0m[2m=[0m339
[2m2025-03-25T07:55:34.875825Z[0m [32m INFO[0m [1mnode[0m[1m{[0m[3mname[0m[2m=[0mk#addeef94..[1m}[0m[2m:[0m [2msui_core::checkpoints::checkpoint_output[0m[2m:[0m [2mcrates/sui-core/src/checkpoints/checkpoint_output.rs[0m[2m:[0m[2m149:[0m Creating checkpoint CheckpointDigest(DGyAJLQg47VEvtLYMXnuXgBU7PeoMFP5TLx3azbHHxRp) at epoch 1, sequence 340, previous digest Some(CheckpointDigest(ELWJCpKDXARwhG76WPuoqgfyCSeA4LzJ4CVjJvJFkHw1)), transactions count 2, content digest CheckpointContentsDigest(J87JJ3xqjohUFVot11rfdpj6qVYqNRasXEms7ajDvo5y), end_of_epoch_data None
[2m2025-03-25T07:55:34.876885Z[0m [32m INFO[0m [1mnode[0m[1m{[0m[3mname[0m[2m=[0mk#99f25ef6..[1m}[0m[2m:[0m [2msui_core::state_accumulator[0m[2m:[0m [2mcrates/sui-core/src/state_accumulator.rs[0m[2m:[0m[2m675:[0m accumulating running root for checkpoint 339
[2m2025-03-25T07:55:34.876893Z[0m [32m INFO[0m [1mnode[0m[1m{[0m[3mname[0m[2m=[0mk#8dcff6d1..[1m}[0m[2m:[0m [2msui_core::state_accumulator[0m[2m:[0m [2mcrates/sui-core/src/state_accumulator.rs[0m[2m:[0m[2m675:[0m accumulating running root for checkpoint 339
[2m2025-03-25T07:55:34.879103Z[0m [32m INFO[0m [1mnode[0m[1m{[0m[3mname[0m[2m=[0mk#addeef94..[1m}[0m[2m:[0m [2msui_core::checkpoints::checkpoint_executor[0m[2m:[0m [2mcrates/sui-core/src/checkpoints/checkpoint_executor/mod.rs[0m[2m:[0m[2m332:[0m Received checkpoint summary from state sync [3msequence_number[0m[2m=[0m339
[2m2025-03-25T07:55:34.879852Z[0m [32m INFO[0m [1mnode[0m[1m{[0m[3mname[0m[2m=[0mk#addeef94..[1m}[0m[2m:[0m [2msui_core::state_accumulator[0m[2m:[0m [2mcrates/sui-core/src/state_accumulator.rs[0m[2m:[0m[2m675:[0m accumulating running root for checkpoint 339
[2m2025-03-25T07:55:34.880104Z[0m [32m INFO[0m [1mnode[0m[1m{[0m[3mname[0m[2m=[0mk#b3f3cbb4..[1m}[0m[2m:[0m [2msui_core::checkpoints::checkpoint_executor[0m[2m:[0m [2mcrates/sui-core/src/checkpoints/checkpoint_executor/mod.rs[0m[2m:[0m[2m332:[0m Received checkpoint summary from state sync [3msequence_number[0m[2m=[0m339
[2m2025-03-25T07:55:34.905984Z[0m [32m INFO[0m [1mnode[0m[1m{[0m[3mname[0m[2m=[0mk#b3f3cbb4..[1m}[0m[2m:[0m [2msui_core::state_accumulator[0m[2m:[0m [2mcrates/sui-core/src/state_accumulator.rs[0m[2m:[0m[2m675:[0m accumulating running root for checkpoint 339
[2m2025-03-25T07:55:34.907421Z[0m [32m INFO[0m [2msui_bridge::sui_client[0m[2m:[0m [2mcrates/sui-bridge/src/sui_client.rs[0m[2m:[0m[2m103:[0m SuiClient is connected to chain db09b843, current block number: 339
[2m2025-03-25T07:55:34.912452Z[0m [32m INFO[0m [2msui_bridge::config[0m[2m:[0m [2mcrates/sui-bridge/src/config.rs[0m[2m:[0m[2m305:[0m Connected to Eth chain: 31337, Bridge chain id: 12
[2m2025-03-25T07:55:34.913070Z[0m [32m INFO[0m [2msui_bridge::eth_client[0m[2m:[0m [2mcrates/sui-bridge/src/eth_client.rs[0m[2m:[0m[2m69:[0m EthClient is connected to chain 31337, current block number: 99
[2m2025-03-25T07:55:34.915348Z[0m [32m INFO[0m [2msui_bridge::node[0m[2m:[0m [2mcrates/sui-bridge/src/node.rs[0m[2m:[0m[2m96:[0m Spawning future crates/sui-bridge/src/node.rs:96
[2m2025-03-25T07:55:34.918807Z[0m [32m INFO[0m [2msui_bridge::sui_bridge_watchdog[0m[2m:[0m [2mcrates/sui-bridge/src/sui_bridge_watchdog/mod.rs[0m[2m:[0m[2m33:[0m Spawning future crates/sui-bridge/src/sui_bridge_watchdog/mod.rs:33
[2m2025-03-25T07:55:34.918806Z[0m [32m INFO[0m [2msui_bridge::sui_bridge_watchdog[0m[2m:[0m [2mcrates/sui-bridge/src/sui_bridge_watchdog/mod.rs[0m[2m:[0m[2m33:[0m Spawning future crates/sui-bridge/src/sui_bridge_watchdog/mod.rs:33
[2m2025-03-25T07:55:34.918812Z[0m [32m INFO[0m [2msui_bridge::sui_bridge_watchdog[0m[2m:[0m [2mcrates/sui-bridge/src/sui_bridge_watchdog/mod.rs[0m[2m:[0m[2m33:[0m Spawning future crates/sui-bridge/src/sui_bridge_watchdog/mod.rs:33
[2m2025-03-25T07:55:34.918824Z[0m [32m INFO[0m [2msui_bridge::sui_bridge_watchdog[0m[2m:[0m [2mcrates/sui-bridge/src/sui_bridge_watchdog/mod.rs[0m[2m:[0m[2m47:[0m Running observable EthereumVaultBalance
[2m2025-03-25T07:55:34.918833Z[0m [32m INFO[0m [2msui_bridge::sui_bridge_watchdog[0m[2m:[0m [2mcrates/sui-bridge/src/sui_bridge_watchdog/mod.rs[0m[2m:[0m[2m47:[0m Running observable SuiBridgeStatus
[2m2025-03-25T07:55:34.918834Z[0m [32m INFO[0m [2msui_bridge::sui_bridge_watchdog[0m[2m:[0m [2mcrates/sui-bridge/src/sui_bridge_watchdog/mod.rs[0m[2m:[0m[2m47:[0m Running observable EthereumVaultBalance
[2m2025-03-25T07:55:34.918864Z[0m [32m INFO[0m [2msui_bridge::sui_bridge_watchdog[0m[2m:[0m [2mcrates/sui-bridge/src/sui_bridge_watchdog/mod.rs[0m[2m:[0m[2m33:[0m Spawning future crates/sui-bridge/src/sui_bridge_watchdog/mod.rs:33
[2m2025-03-25T07:55:34.918901Z[0m [32m INFO[0m [2msui_bridge::sui_bridge_watchdog[0m[2m:[0m [2mcrates/sui-bridge/src/sui_bridge_watchdog/mod.rs[0m[2m:[0m[2m47:[0m Running observable EthBridgeStatus
[2m2025-03-25T07:55:34.919077Z[0m [32m INFO[0m [1mobservable[0m[1m{[0m[3mname[0m[2m=[0m"EthereumVaultBalance"[1m}[0m[2m:[0m [2msui_bridge::sui_bridge_watchdog::eth_vault_balance[0m[2m:[0m [2mcrates/sui-bridge/src/sui_bridge_watchdog/eth_vault_balance.rs[0m[2m:[0m[2m98:[0m WETH Vault Balance: 0
[2m2025-03-25T07:55:34.919094Z[0m [32m INFO[0m [2msui_bridge::sui_bridge_watchdog[0m[2m:[0m [2mcrates/sui-bridge/src/sui_bridge_watchdog/mod.rs[0m[2m:[0m[2m47:[0m Running observable EthereumVaultBalance
[2m2025-03-25T07:55:34.919192Z[0m [32m INFO[0m [1mobservable[0m[1m{[0m[3mname[0m[2m=[0m"EthereumVaultBalance"[1m}[0m[2m:[0m [2msui_bridge::sui_bridge_watchdog::eth_vault_balance[0m[2m:[0m [2mcrates/sui-bridge/src/sui_bridge_watchdog/eth_vault_balance.rs[0m[2m:[0m[2m98:[0m USDT Vault Balance: 0
[2m2025-03-25T07:55:34.919204Z[0m [32m INFO[0m [2msui_bridge::sui_bridge_watchdog[0m[2m:[0m [2mcrates/sui-bridge/src/sui_bridge_watchdog/mod.rs[0m[2m:[0m[2m47:[0m Running observable EthereumVaultBalance
[2m2025-03-25T07:55:34.919334Z[0m [32m INFO[0m [1mobservable[0m[1m{[0m[3mname[0m[2m=[0m"EthBridgeStatus"[1m}[0m[2m:[0m [2msui_bridge::sui_bridge_watchdog::eth_bridge_status[0m[2m:[0m [2mcrates/sui-bridge/src/sui_bridge_watchdog/eth_bridge_status.rs[0m[2m:[0m[2m47:[0m Eth Bridge Status: false
[2m2025-03-25T07:55:34.919395Z[0m [32m INFO[0m [1mobservable[0m[1m{[0m[3mname[0m[2m=[0m"EthereumVaultBalance"[1m}[0m[2m:[0m [2msui_bridge::sui_bridge_watchdog::eth_vault_balance[0m[2m:[0m [2mcrates/sui-bridge/src/sui_bridge_watchdog/eth_vault_balance.rs[0m[2m:[0m[2m98:[0m WETH Vault Balance: 0
[2m2025-03-25T07:55:34.919478Z[0m [32m INFO[0m [1mobservable[0m[1m{[0m[3mname[0m[2m=[0m"EthereumVaultBalance"[1m}[0m[2m:[0m [2msui_bridge::sui_bridge_watchdog::eth_vault_balance[0m[2m:[0m [2mcrates/sui-bridge/src/sui_bridge_watchdog/eth_vault_balance.rs[0m[2m:[0m[2m98:[0m USDT Vault Balance: 0
[2m2025-03-25T07:55:34.920547Z[0m [32m INFO[0m [2msui_bridge::sui_bridge_watchdog[0m[2m:[0m [2mcrates/sui-bridge/src/sui_bridge_watchdog/mod.rs[0m[2m:[0m[2m47:[0m Running observable EthBridgeStatus
[2m2025-03-25T07:55:34.920773Z[0m [32m INFO[0m [1mobservable[0m[1m{[0m[3mname[0m[2m=[0m"EthBridgeStatus"[1m}[0m[2m:[0m [2msui_bridge::sui_bridge_watchdog::eth_bridge_status[0m[2m:[0m [2mcrates/sui-bridge/src/sui_bridge_watchdog/eth_bridge_status.rs[0m[2m:[0m[2m47:[0m Eth Bridge Status: false
[2m2025-03-25T07:55:34.923462Z[0m [32m INFO[0m [1mobservable[0m[1m{[0m[3mname[0m[2m=[0m"SuiBridgeStatus"[1m}[0m[2m:[0m [2msui_bridge::sui_bridge_watchdog::sui_bridge_status[0m[2m:[0m [2mcrates/sui-bridge/src/sui_bridge_watchdog/sui_bridge_status.rs[0m[2m:[0m[2m37:[0m Sui Bridge Status: false
[2m2025-03-25T07:55:34.923474Z[0m [32m INFO[0m [2msui_bridge::sui_bridge_watchdog[0m[2m:[0m [2mcrates/sui-bridge/src/sui_bridge_watchdog/mod.rs[0m[2m:[0m[2m47:[0m Running observable SuiBridgeStatus
[2m2025-03-25T07:55:34.924142Z[0m [32m INFO[0m [1mobservable[0m[1m{[0m[3mname[0m[2m=[0m"SuiBridgeStatus"[1m}[0m[2m:[0m [2msui_bridge::sui_bridge_watchdog::sui_bridge_status[0m[2m:[0m [2mcrates/sui-bridge/src/sui_bridge_watchdog/sui_bridge_status.rs[0m[2m:[0m[2m37:[0m Sui Bridge Status: false
[2m2025-03-25T07:55:34.930731Z[0m [32m INFO[0m [2msui_bridge::sui_client[0m[2m:[0m [2mcrates/sui-bridge/src/sui_client.rs[0m[2m:[0m[2m103:[0m SuiClient is connected to chain db09b843, current block number: 339
[2m2025-03-25T07:55:34.934972Z[0m [32m INFO[0m [2msui_bridge::config[0m[2m:[0m [2mcrates/sui-bridge/src/config.rs[0m[2m:[0m[2m305:[0m Connected to Eth chain: 31337, Bridge chain id: 12
[2m2025-03-25T07:55:34.935519Z[0m [32m INFO[0m [2msui_bridge::eth_client[0m[2m:[0m [2mcrates/sui-bridge/src/eth_client.rs[0m[2m:[0m[2m69:[0m EthClient is connected to chain 31337, current block number: 99
[2m2025-03-25T07:55:34.937654Z[0m [32m INFO[0m [2msui_bridge::node[0m[2m:[0m [2mcrates/sui-bridge/src/node.rs[0m[2m:[0m[2m96:[0m Spawning future crates/sui-bridge/src/node.rs:96
[2m2025-03-25T07:55:34.940982Z[0m [32m INFO[0m [2msui_bridge::sui_bridge_watchdog[0m[2m:[0m [2mcrates/sui-bridge/src/sui_bridge_watchdog/mod.rs[0m[2m:[0m[2m33:[0m Spawning future crates/sui-bridge/src/sui_bridge_watchdog/mod.rs:33
[2m2025-03-25T07:55:34.940987Z[0m [32m INFO[0m [2msui_bridge::sui_bridge_watchdog[0m[2m:[0m [2mcrates/sui-bridge/src/sui_bridge_watchdog/mod.rs[0m[2m:[0m[2m33:[0m Spawning future crates/sui-bridge/src/sui_bridge_watchdog/mod.rs:33
[2m2025-03-25T07:55:34.940995Z[0m [32m INFO[0m [2msui_bridge::sui_bridge_watchdog[0m[2m:[0m [2mcrates/sui-bridge/src/sui_bridge_watchdog/mod.rs[0m[2m:[0m[2m47:[0m Running observable EthereumVaultBalance
[2m2025-03-25T07:55:34.940998Z[0m [32m INFO[0m [2msui_bridge::sui_bridge_watchdog[0m[2m:[0m [2mcrates/sui-bridge/src/sui_bridge_watchdog/mod.rs[0m[2m:[0m[2m47:[0m Running observable SuiBridgeStatus
[2m2025-03-25T07:55:34.941010Z[0m [32m INFO[0m [2msui_bridge::sui_bridge_watchdog[0m[2m:[0m [2mcrates/sui-bridge/src/sui_bridge_watchdog/mod.rs[0m[2m:[0m[2m33:[0m Spawning future crates/sui-bridge/src/sui_bridge_watchdog/mod.rs:33
[2m2025-03-25T07:55:34.941020Z[0m [32m INFO[0m [2msui_bridge::sui_bridge_watchdog[0m[2m:[0m [2mcrates/sui-bridge/src/sui_bridge_watchdog/mod.rs[0m[2m:[0m[2m47:[0m Running observable EthereumVaultBalance
[2m2025-03-25T07:55:34.941058Z[0m [32m INFO[0m [2msui_bridge::sui_bridge_watchdog[0m[2m:[0m [2mcrates/sui-bridge/src/sui_bridge_watchdog/mod.rs[0m[2m:[0m[2m33:[0m Spawning future crates/sui-bridge/src/sui_bridge_watchdog/mod.rs:33
[2m2025-03-25T07:55:34.941077Z[0m [32m INFO[0m [2msui_bridge::sui_bridge_watchdog[0m[2m:[0m [2mcrates/sui-bridge/src/sui_bridge_watchdog/mod.rs[0m[2m:[0m[2m47:[0m Running observable EthBridgeStatus
[2m2025-03-25T07:55:34.941209Z[0m [32m INFO[0m [1mobservable[0m[1m{[0m[3mname[0m[2m=[0m"EthereumVaultBalance"[1m}[0m[2m:[0m [2msui_bridge::sui_bridge_watchdog::eth_vault_balance[0m[2m:[0m [2mcrates/sui-bridge/src/sui_bridge_watchdog/eth_vault_balance.rs[0m[2m:[0m[2m98:[0m WETH Vault Balance: 0
[2m2025-03-25T07:55:34.941309Z[0m [32m INFO[0m [1mobservable[0m[1m{[0m[3mname[0m[2m=[0m"EthereumVaultBalance"[1m}[0m[2m:[0m [2msui_bridge::sui_bridge_watchdog::eth_vault_balance[0m[2m:[0m [2mcrates/sui-bridge/src/sui_bridge_watchdog/eth_vault_balance.rs[0m[2m:[0m[2m98:[0m USDT Vault Balance: 0
[2m2025-03-25T07:55:34.941369Z[0m [32m INFO[0m [1mobservable[0m[1m{[0m[3mname[0m[2m=[0m"EthBridgeStatus"[1m}[0m[2m:[0m [2msui_bridge::sui_bridge_watchdog::eth_bridge_status[0m[2m:[0m [2mcrates/sui-bridge/src/sui_bridge_watchdog/eth_bridge_status.rs[0m[2m:[0m[2m47:[0m Eth Bridge Status: false
[2m2025-03-25T07:55:34.942523Z[0m [32m INFO[0m [2msui_bridge::sui_bridge_watchdog[0m[2m:[0m [2mcrates/sui-bridge/src/sui_bridge_watchdog/mod.rs[0m[2m:[0m[2m47:[0m Running observable EthereumVaultBalance
[2m2025-03-25T07:55:34.942529Z[0m [32m INFO[0m [2msui_bridge::sui_bridge_watchdog[0m[2m:[0m [2mcrates/sui-bridge/src/sui_bridge_watchdog/mod.rs[0m[2m:[0m[2m47:[0m Running observable EthereumVaultBalance
[2m2025-03-25T07:55:34.942535Z[0m [32m INFO[0m [2msui_bridge::sui_bridge_watchdog[0m[2m:[0m [2mcrates/sui-bridge/src/sui_bridge_watchdog/mod.rs[0m[2m:[0m[2m47:[0m Running observable EthBridgeStatus
[2m2025-03-25T07:55:34.942757Z[0m [32m INFO[0m [1mobservable[0m[1m{[0m[3mname[0m[2m=[0m"EthBridgeStatus"[1m}[0m[2m:[0m [2msui_bridge::sui_bridge_watchdog::eth_bridge_status[0m[2m:[0m [2mcrates/sui-bridge/src/sui_bridge_watchdog/eth_bridge_status.rs[0m[2m:[0m[2m47:[0m Eth Bridge Status: false
[2m2025-03-25T07:55:34.942763Z[0m [32m INFO[0m [1mobservable[0m[1m{[0m[3mname[0m[2m=[0m"EthereumVaultBalance"[1m}[0m[2m:[0m [2msui_bridge::sui_bridge_watchdog::eth_vault_balance[0m[2m:[0m [2mcrates/sui-bridge/src/sui_bridge_watchdog/eth_vault_balance.rs[0m[2m:[0m[2m98:[0m WETH Vault Balance: 0
[2m2025-03-25T07:55:34.942782Z[0m [32m INFO[0m [1mobservable[0m[1m{[0m[3mname[0m[2m=[0m"EthereumVaultBalance"[1m}[0m[2m:[0m [2msui_bridge::sui_bridge_watchdog::eth_vault_balance[0m[2m:[0m [2mcrates/sui-bridge/src/sui_bridge_watchdog/eth_vault_balance.rs[0m[2m:[0m[2m98:[0m USDT Vault Balance: 0
[2m2025-03-25T07:55:34.944332Z[0m [32m INFO[0m [1mobservable[0m[1m{[0m[3mname[0m[2m=[0m"SuiBridgeStatus"[1m}[0m[2m:[0m [2msui_bridge::sui_bridge_watchdog::sui_bridge_status[0m[2m:[0m [2mcrates/sui-bridge/src/sui_bridge_watchdog/sui_bridge_status.rs[0m[2m:[0m[2m37:[0m Sui Bridge Status: false
[2m2025-03-25T07:55:34.944342Z[0m [32m INFO[0m [2msui_bridge::sui_bridge_watchdog[0m[2m:[0m [2mcrates/sui-bridge/src/sui_bridge_watchdog/mod.rs[0m[2m:[0m[2m47:[0m Running observable SuiBridgeStatus
[2m2025-03-25T07:55:34.945013Z[0m [32m INFO[0m [1mobservable[0m[1m{[0m[3mname[0m[2m=[0m"SuiBridgeStatus"[1m}[0m[2m:[0m [2msui_bridge::sui_bridge_watchdog::sui_bridge_status[0m[2m:[0m [2mcrates/sui-bridge/src/sui_bridge_watchdog/sui_bridge_status.rs[0m[2m:[0m[2m37:[0m Sui Bridge Status: false
[2m2025-03-25T07:55:34.951566Z[0m [32m INFO[0m [2msui_bridge::sui_client[0m[2m:[0m [2mcrates/sui-bridge/src/sui_client.rs[0m[2m:[0m[2m103:[0m SuiClient is connected to chain db09b843, current block number: 339
[2m2025-03-25T07:55:34.952682Z[0m [32m INFO[0m [2msui_bridge::e2e_tests::test_utils[0m[2m:[0m [2mcrates/sui-bridge/src/e2e_tests/test_utils.rs[0m[2m:[0m[2m212:[0m Bridge committee: "pubkey: \"02780624d51b707daaa335ec5b808834d0fd66f126d9431bc74a5f33b39729958c\", url: \"http://127.0.0.1:60925\", stake: 3333, blocklisted: false, eth address: 7e3e5146f13c82b5a173c30a182bb40537f91c1d\npubkey: \"030f088102c4f58d3fc327fa327c662cf64354d1747b0fbdfe9747ada32a3002a6\", url: \"http://127.0.0.1:60929\", stake: 3334, blocklisted: false, eth address: 17e797a7fca51f0dd0c2eef07bfb08c9849f66f9\npubkey: \"03ce4f230c8f07db3db62657235bcd65ce0f155a96adbafcf04fa072ebf76cba52\", url: \"http://127.0.0.1:60927\", stake: 3333, blocklisted: false, eth address: 05e898e48b7915f1d5f189bdffec6c29f8fbe4bb\n"
[2m2025-03-25T07:55:35.097397Z[0m [32m INFO[0m [1mnode[0m[1m{[0m[3mname[0m[2m=[0mk#99f25ef6..[1m}[0m[2m:[0m [2mconsensus_core::core[0m[2m:[0m [2mconsensus/core/src/core.rs[0m[2m:[0m[2m945:[0m Included 3 ancestors & excluded 0 ancestors for proposal in round 140
[2m2025-03-25T07:55:35.097817Z[0m [32m INFO[0m [1mnode[0m[1m{[0m[3mname[0m[2m=[0mk#8dcff6d1..[1m}[0m[2m:[0m [2mconsensus_core::core[0m[2m:[0m [2mconsensus/core/src/core.rs[0m[2m:[0m[2m945:[0m Included 3 ancestors & excluded 0 ancestors for proposal in round 140
[2m2025-03-25T07:55:35.098271Z[0m [32m INFO[0m [1mnode[0m[1m{[0m[3mname[0m[2m=[0mk#99f25ef6..[1m}[0m[2m:[0m [2mconsensus_core::core[0m[2m:[0m [2mconsensus/core/src/core.rs[0m[2m:[0m[2m531:[0m Created block B140(B,i+qNCxQxeBwLeQBHqtGBujAMKldZJ+/Kyl4kZsRibj4=)(1742889335097ms;[B139(B,wabtheCYBph6ErXF9FLjHBPU3k0XFvW636jQBc5Xfw0=), B139(A,/E2utcWa9u8PX8lY2gPof89iFUvo0UysgiGrv6WQC8Y=), B139(C,2VaPm3I3VjhsEOrDEpsWjhGZMln16FGXN1YH+/XORmA=)];1t;1c) for round 140
[2m2025-03-25T07:55:35.098496Z[0m [32m INFO[0m [1mnode[0m[1m{[0m[3mname[0m[2m=[0mk#8dcff6d1..[1m}[0m[2m:[0m [2mconsensus_core::core[0m[2m:[0m [2mconsensus/core/src/core.rs[0m[2m:[0m[2m531:[0m Created block B140(A,Y7Ou+MS431riwFdLmGdSGdcpSCbjz0aJXjHb3wuEtrA=)(1742889335097ms;[B139(A,/E2utcWa9u8PX8lY2gPof89iFUvo0UysgiGrv6WQC8Y=), B139(B,wabtheCYBph6ErXF9FLjHBPU3k0XFvW636jQBc5Xfw0=), B139(C,2VaPm3I3VjhsEOrDEpsWjhGZMln16FGXN1YH+/XORmA=)];1t;1c) for round 140
[2m2025-03-25T07:55:35.104718Z[0m [32m INFO[0m [1mnode[0m[1m{[0m[3mname[0m[2m=[0mk#addeef94..[1m}[0m[2m:[0m [2mconsensus_core::core[0m[2m:[0m [2mconsensus/core/src/core.rs[0m[2m:[0m[2m945:[0m Included 3 ancestors & excluded 0 ancestors for proposal in round 140
[2m2025-03-25T07:55:35.105284Z[0m [32m INFO[0m [1mnode[0m[1m{[0m[3mname[0m[2m=[0mk#addeef94..[1m}[0m[2m:[0m [2mconsensus_core::core[0m[2m:[0m [2mconsensus/core/src/core.rs[0m[2m:[0m[2m531:[0m Created block B140(C,jVwEAx9UCmgfGN2JV+4X3JIeO54y/fR7yQDhl2KO9ug=)(1742889335104ms;[B139(C,2VaPm3I3VjhsEOrDEpsWjhGZMln16FGXN1YH+/XORmA=), B139(A,/E2utcWa9u8PX8lY2gPof89iFUvo0UysgiGrv6WQC8Y=), B139(B,wabtheCYBph6ErXF9FLjHBPU3k0XFvW636jQBc5Xfw0=)];1t;1c) for round 140
[2m2025-03-25T07:55:35.105417Z[0m [32m INFO[0m [1mnode[0m[1m{[0m[3mname[0m[2m=[0mk#addeef94..[1m}[0m[2m:[0m [2mconsensus_core::core[0m[2m:[0m [2mconsensus/core/src/core.rs[0m[2m:[0m[2m630:[0m Committing 1 leaders: B138(B,Skzz)
[2m2025-03-25T07:55:35.105541Z[0m [32m INFO[0m [1mnode[0m[1m{[0m[3mname[0m[2m=[0mk#addeef94..[1m}[0m[2m:[0m [2mconsensus_core::commit_observer[0m[2m:[0m [2mconsensus/core/src/commit_observer.rs[0m[2m:[0m[2m173:[0m Consensus commit C128(4TEP) with leader B138(B,Skzz) has 2 blocks
[2m2025-03-25T07:55:35.106015Z[0m [32m INFO[0m [1mnode[0m[1m{[0m[3mname[0m[2m=[0mk#addeef94..[1m}[0m[2m:[0m [2msui_core::consensus_handler[0m[2m:[0m [2mcrates/sui-core/src/consensus_handler.rs[0m[2m:[0m[2m232:[0m Received consensus output [3mconsensus_commit[0m[2m=[0mCommittedSubDag(leader=B138(B,Skzz), ref=C128(4TEP), blocks=[sWWT, Skzz]) [3mepoch[0m[2m=[0m1
[2m2025-03-25T07:55:35.110971Z[0m [32m INFO[0m [1mnode[0m[1m{[0m[3mname[0m[2m=[0mk#99f25ef6..[1m}[0m[2m:[0m [2msui_core::checkpoints::checkpoint_output[0m[2m:[0m [2mcrates/sui-core/src/checkpoints/checkpoint_output.rs[0m[2m:[0m[2m196:[0m Certified checkpoint with sequence 340 and digest DGyAJLQg47VEvtLYMXnuXgBU7PeoMFP5TLx3azbHHxRp
[2m2025-03-25T07:55:35.111009Z[0m [32m INFO[0m [1mnode[0m[1m{[0m[3mname[0m[2m=[0mk#8dcff6d1..[1m}[0m[2m:[0m [2msui_core::checkpoints::checkpoint_output[0m[2m:[0m [2mcrates/sui-core/src/checkpoints/checkpoint_output.rs[0m[2m:[0m[2m196:[0m Certified checkpoint with sequence 340 and digest DGyAJLQg47VEvtLYMXnuXgBU7PeoMFP5TLx3azbHHxRp
[2m2025-03-25T07:55:35.111146Z[0m [32m INFO[0m [1mnode[0m[1m{[0m[3mname[0m[2m=[0mk#99f25ef6..[1m}[0m[2m:[0m [2mconsensus_core::core[0m[2m:[0m [2mconsensus/core/src/core.rs[0m[2m:[0m[2m630:[0m Committing 1 leaders: B138(B,Skzz)
[2m2025-03-25T07:55:35.111179Z[0m [32m INFO[0m [1mnode[0m[1m{[0m[3mname[0m[2m=[0mk#8dcff6d1..[1m}[0m[2m:[0m [2mconsensus_core::core[0m[2m:[0m [2mconsensus/core/src/core.rs[0m[2m:[0m[2m630:[0m Committing 1 leaders: B138(B,Skzz)
[2m2025-03-25T07:55:35.111312Z[0m [32m INFO[0m [1mnode[0m[1m{[0m[3mname[0m[2m=[0mk#99f25ef6..[1m}[0m[2m:[0m [2mconsensus_core::commit_observer[0m[2m:[0m [2mconsensus/core/src/commit_observer.rs[0m[2m:[0m[2m173:[0m Consensus commit C128(4TEP) with leader B138(B,Skzz) has 2 blocks
[2m2025-03-25T07:55:35.111338Z[0m [32m INFO[0m [1mnode[0m[1m{[0m[3mname[0m[2m=[0mk#8dcff6d1..[1m}[0m[2m:[0m [2mconsensus_core::commit_observer[0m[2m:[0m [2mconsensus/core/src/commit_observer.rs[0m[2m:[0m[2m173:[0m Consensus commit C128(4TEP) with leader B138(B,Skzz) has 2 blocks
[2m2025-03-25T07:55:35.112034Z[0m [32m INFO[0m [1mnode[0m[1m{[0m[3mname[0m[2m=[0mk#99f25ef6..[1m}[0m[2m:[0m [2msui_core::consensus_handler[0m[2m:[0m [2mcrates/sui-core/src/consensus_handler.rs[0m[2m:[0m[2m232:[0m Received consensus output [3mconsensus_commit[0m[2m=[0mCommittedSubDag(leader=B138(B,Skzz), ref=C128(4TEP), blocks=[sWWT, Skzz]) [3mepoch[0m[2m=[0m1
[2m2025-03-25T07:55:35.112038Z[0m [32m INFO[0m [1mnode[0m[1m{[0m[3mname[0m[2m=[0mk#8dcff6d1..[1m}[0m[2m:[0m [2msui_core::consensus_handler[0m[2m:[0m [2mcrates/sui-core/src/consensus_handler.rs[0m[2m:[0m[2m232:[0m Received consensus output [3mconsensus_commit[0m[2m=[0mCommittedSubDag(leader=B138(B,Skzz), ref=C128(4TEP), blocks=[sWWT, Skzz]) [3mepoch[0m[2m=[0m1
[2m2025-03-25T07:55:35.112912Z[0m [32m INFO[0m [1mnode[0m[1m{[0m[3mname[0m[2m=[0mk#8dcff6d1..[1m}[0m[2m:[0m [2msui_core::checkpoints::checkpoint_executor[0m[2m:[0m [2mcrates/sui-core/src/checkpoints/checkpoint_executor/mod.rs[0m[2m:[0m[2m332:[0m Received checkpoint summary from state sync [3msequence_number[0m[2m=[0m340
[2m2025-03-25T07:55:35.112912Z[0m [32m INFO[0m [1mnode[0m[1m{[0m[3mname[0m[2m=[0mk#99f25ef6..[1m}[0m[2m:[0m [2msui_core::checkpoints::checkpoint_executor[0m[2m:[0m [2mcrates/sui-core/src/checkpoints/checkpoint_executor/mod.rs[0m[2m:[0m[2m332:[0m Received checkpoint summary from state sync [3msequence_number[0m[2m=[0m340
[2m2025-03-25T07:55:35.131827Z[0m [32m INFO[0m [1mnode[0m[1m{[0m[3mname[0m[2m=[0mk#99f25ef6..[1m}[0m[2m:[0m [2msui_core::state_accumulator[0m[2m:[0m [2mcrates/sui-core/src/state_accumulator.rs[0m[2m:[0m[2m675:[0m accumulating running root for checkpoint 340
[2m2025-03-25T07:55:35.131827Z[0m [32m INFO[0m [1mnode[0m[1m{[0m[3mname[0m[2m=[0mk#8dcff6d1..[1m}[0m[2m:[0m [2msui_core::state_accumulator[0m[2m:[0m [2mcrates/sui-core/src/state_accumulator.rs[0m[2m:[0m[2m675:[0m accumulating running root for checkpoint 340
[2m2025-03-25T07:55:35.161169Z[0m [32m INFO[0m [1mnode[0m[1m{[0m[3mname[0m[2m=[0mk#addeef94..[1m}[0m[2m:[0m [2msui_core::checkpoints[0m[2m:[0m [2mcrates/sui-core/src/checkpoints/mod.rs[0m[2m:[0m[2m1326:[0m Creating checkpoint(s) for 1 transactions [3mnext_checkpoint_seq[0m[2m=[0m341 [3mcheckpoint_timestamp[0m[2m=[0m1742889334586
[2m2025-03-25T07:55:35.161409Z[0m [32m INFO[0m [1mnode[0m[1m{[0m[3mname[0m[2m=[0mk#addeef94..[1m}[0m[2m:[0m [2msui_core::checkpoints::checkpoint_output[0m[2m:[0m [2mcrates/sui-core/src/checkpoints/checkpoint_output.rs[0m[2m:[0m[2m149:[0m Creating checkpoint CheckpointDigest(47zeBzRj3HfDYBA45krvtB6GLZwgzJx3wRLWzf21Y9Vd) at epoch 1, sequence 341, previous digest Some(CheckpointDigest(DGyAJLQg47VEvtLYMXnuXgBU7PeoMFP5TLx3azbHHxRp)), transactions count 1, content digest CheckpointContentsDigest(6EfgzN82ZMP1f1Vxg7SL3dpbKkxyXdZAweK8ubgJ8KS8), end_of_epoch_data None
[2m2025-03-25T07:55:35.166095Z[0m [32m INFO[0m [1mnode[0m[1m{[0m[3mname[0m[2m=[0mk#99f25ef6..[1m}[0m[2m:[0m [2msui_core::checkpoints[0m[2m:[0m [2mcrates/sui-core/src/checkpoints/mod.rs[0m[2m:[0m[2m1326:[0m Creating checkpoint(s) for 1 transactions [3mnext_checkpoint_seq[0m[2m=[0m341 [3mcheckpoint_timestamp[0m[2m=[0m1742889334586
[2m2025-03-25T07:55:35.166118Z[0m [32m INFO[0m [1mnode[0m[1m{[0m[3mname[0m[2m=[0mk#8dcff6d1..[1m}[0m[2m:[0m [2msui_core::checkpoints[0m[2m:[0m [2mcrates/sui-core/src/checkpoints/mod.rs[0m[2m:[0m[2m1326:[0m Creating checkpoint(s) for 1 transactions [3mnext_checkpoint_seq[0m[2m=[0m341 [3mcheckpoint_timestamp[0m[2m=[0m1742889334586
[2m2025-03-25T07:55:35.166274Z[0m [32m INFO[0m [1mnode[0m[1m{[0m[3mname[0m[2m=[0mk#99f25ef6..[1m}[0m[2m:[0m [2msui_core::checkpoints::checkpoint_output[0m[2m:[0m [2mcrates/sui-core/src/checkpoints/checkpoint_output.rs[0m[2m:[0m[2m149:[0m Creating checkpoint CheckpointDigest(47zeBzRj3HfDYBA45krvtB6GLZwgzJx3wRLWzf21Y9Vd) at epoch 1, sequence 341, previous digest Some(CheckpointDigest(DGyAJLQg47VEvtLYMXnuXgBU7PeoMFP5TLx3azbHHxRp)), transactions count 1, content digest CheckpointContentsDigest(6EfgzN82ZMP1f1Vxg7SL3dpbKkxyXdZAweK8ubgJ8KS8), end_of_epoch_data None
[2m2025-03-25T07:55:35.166292Z[0m [32m INFO[0m [1mnode[0m[1m{[0m[3mname[0m[2m=[0mk#8dcff6d1..[1m}[0m[2m:[0m [2msui_core::checkpoints::checkpoint_output[0m[2m:[0m [2mcrates/sui-core/src/checkpoints/checkpoint_output.rs[0m[2m:[0m[2m149:[0m Creating checkpoint CheckpointDigest(47zeBzRj3HfDYBA45krvtB6GLZwgzJx3wRLWzf21Y9Vd) at epoch 1, sequence 341, previous digest Some(CheckpointDigest(DGyAJLQg47VEvtLYMXnuXgBU7PeoMFP5TLx3azbHHxRp)), transactions count 1, content digest CheckpointContentsDigest(6EfgzN82ZMP1f1Vxg7SL3dpbKkxyXdZAweK8ubgJ8KS8), end_of_epoch_data None
[2m2025-03-25T07:55:35.182821Z[0m [32m INFO[0m [1mnode[0m[1m{[0m[3mname[0m[2m=[0mk#addeef94..[1m}[0m[2m:[0m [2msui_core::checkpoints::checkpoint_executor[0m[2m:[0m [2mcrates/sui-core/src/checkpoints/checkpoint_executor/mod.rs[0m[2m:[0m[2m332:[0m Received checkpoint summary from state sync [3msequence_number[0m[2m=[0m340
[2m2025-03-25T07:55:35.188355Z[0m [32m INFO[0m [1mnode[0m[1m{[0m[3mname[0m[2m=[0mk#b3f3cbb4..[1m}[0m[2m:[0m [2msui_core::checkpoints::checkpoint_executor[0m[2m:[0m [2mcrates/sui-core/src/checkpoints/checkpoint_executor/mod.rs[0m[2m:[0m[2m332:[0m Received checkpoint summary from state sync [3msequence_number[0m[2m=[0m340
[2m2025-03-25T07:55:35.229164Z[0m [32m INFO[0m [1mnode[0m[1m{[0m[3mname[0m[2m=[0mk#addeef94..[1m}[0m[2m:[0m [2msui_core::state_accumulator[0m[2m:[0m [2mcrates/sui-core/src/state_accumulator.rs[0m[2m:[0m[2m675:[0m accumulating running root for checkpoint 340
[2m2025-03-25T07:55:35.278169Z[0m [32m INFO[0m [1mnode[0m[1m{[0m[3mname[0m[2m=[0mk#b3f3cbb4..[1m}[0m[2m:[0m [2msui_core::state_accumulator[0m[2m:[0m [2mcrates/sui-core/src/state_accumulator.rs[0m[2m:[0m[2m675:[0m accumulating running root for checkpoint 340
[2m2025-03-25T07:55:35.304078Z[0m [32m INFO[0m [1mnode[0m[1m{[0m[3mname[0m[2m=[0mk#8dcff6d1..[1m}[0m[2m:[0m [2mconsensus_core::commit_syncer[0m[2m:[0m [2mconsensus/core/src/commit_syncer.rs[0m[2m:[0m[2m196:[0m Checking to schedule fetches: synced_commit_index=128, highest_handled_index=128, highest_scheduled_index=0, quorum_commit_index=127, unhandled_commits_threshold=3200
[2m2025-03-25T07:55:35.328527Z[0m [32m INFO[0m [1mnode[0m[1m{[0m[3mname[0m[2m=[0mk#addeef94..[1m}[0m[2m:[0m [2mconsensus_core::commit_syncer[0m[2m:[0m [2mconsensus/core/src/commit_syncer.rs[0m[2m:[0m[2m196:[0m Checking to schedule fetches: synced_commit_index=128, highest_handled_index=128, highest_scheduled_index=0, quorum_commit_index=0, unhandled_commits_threshold=3200
[2m2025-03-25T07:55:35.331788Z[0m [32m INFO[0m [1mnode[0m[1m{[0m[3mname[0m[2m=[0mk#99f25ef6..[1m}[0m[2m:[0m [2mconsensus_core::commit_syncer[0m[2m:[0m [2mconsensus/core/src/commit_syncer.rs[0m[2m:[0m[2m196:[0m Checking to schedule fetches: synced_commit_index=128, highest_handled_index=128, highest_scheduled_index=0, quorum_commit_index=127, unhandled_commits_threshold=3200
[2m2025-03-25T07:55:35.359775Z[0m [32m INFO[0m [1mnode[0m[1m{[0m[3mname[0m[2m=[0mk#addeef94..[1m}[0m[2m:[0m [2mconsensus_core::core[0m[2m:[0m [2mconsensus/core/src/core.rs[0m[2m:[0m[2m945:[0m Included 3 ancestors & excluded 0 ancestors for proposal in round 141
[2m2025-03-25T07:55:35.360332Z[0m [32m INFO[0m [1mnode[0m[1m{[0m[3mname[0m[2m=[0mk#addeef94..[1m}[0m[2m:[0m [2mconsensus_core::core[0m[2m:[0m [2mconsensus/core/src/core.rs[0m[2m:[0m[2m531:[0m Created block B141(C,8/nZqQxckoM3NMTQQ73DLxIoXUjU3uImOtvuktw4pPw=)(1742889335359ms;[B140(C,jVwEAx9UCmgfGN2JV+4X3JIeO54y/fR7yQDhl2KO9ug=), B140(A,Y7Ou+MS431riwFdLmGdSGdcpSCbjz0aJXjHb3wuEtrA=), B140(B,i+qNCxQxeBwLeQBHqtGBujAMKldZJ+/Kyl4kZsRibj4=)];1t;1c) for round 141
[2m2025-03-25T07:55:35.362910Z[0m [32m INFO[0m [1mnode[0m[1m{[0m[3mname[0m[2m=[0mk#8dcff6d1..[1m}[0m[2m:[0m [2mconsensus_core::core[0m[2m:[0m [2mconsensus/core/src/core.rs[0m[2m:[0m[2m945:[0m Included 3 ancestors & excluded 0 ancestors for proposal in round 141
[2m2025-03-25T07:55:35.363285Z[0m [32m INFO[0m [1mnode[0m[1m{[0m[3mname[0m[2m=[0mk#8dcff6d1..[1m}[0m[2m:[0m [2mconsensus_core::core[0m[2m:[0m [2mconsensus/core/src/core.rs[0m[2m:[0m[2m531:[0m Created block B141(A,VWc3wwyvenl/eVqu8J74LThPykz+WQ8xgT3hWBIDCf0=)(1742889335363ms;[B140(A,Y7Ou+MS431riwFdLmGdSGdcpSCbjz0aJXjHb3wuEtrA=), B140(B,i+qNCxQxeBwLeQBHqtGBujAMKldZJ+/Kyl4kZsRibj4=), B140(C,jVwEAx9UCmgfGN2JV+4X3JIeO54y/fR7yQDhl2KO9ug=)];1t;1c) for round 141
[2m2025-03-25T07:55:35.363378Z[0m [32m INFO[0m [1mnode[0m[1m{[0m[3mname[0m[2m=[0mk#8dcff6d1..[1m}[0m[2m:[0m [2mconsensus_core::core[0m[2m:[0m [2mconsensus/core/src/core.rs[0m[2m:[0m[2m630:[0m Committing 1 leaders: B139(A,/E2u)
[2m2025-03-25T07:55:35.363476Z[0m [32m INFO[0m [1mnode[0m[1m{[0m[3mname[0m[2m=[0mk#8dcff6d1..[1m}[0m[2m:[0m [2mconsensus_core::commit_observer[0m[2m:[0m [2mconsensus/core/src/commit_observer.rs[0m[2m:[0m[2m173:[0m Consensus commit C129(42yB) with leader B139(A,/E2u) has 3 blocks
[2m2025-03-25T07:55:35.363587Z[0m [32m INFO[0m [1mnode[0m[1m{[0m[3mname[0m[2m=[0mk#8dcff6d1..[1m}[0m[2m:[0m [2msui_core::consensus_handler[0m[2m:[0m [2mcrates/sui-core/src/consensus_handler.rs[0m[2m:[0m[2m232:[0m Received consensus output [3mconsensus_commit[0m[2m=[0mCommittedSubDag(leader=B139(A,/E2u), ref=C129(42yB), blocks=[Ae84, rEHX, /E2u]) [3mepoch[0m[2m=[0m1
[2m2025-03-25T07:55:35.364026Z[0m [32m INFO[0m [1mnode[0m[1m{[0m[3mname[0m[2m=[0mk#99f25ef6..[1m}[0m[2m:[0m [2mconsensus_core::core[0m[2m:[0m [2mconsensus/core/src/core.rs[0m[2m:[0m[2m945:[0m Included 3 ancestors & excluded 0 ancestors for proposal in round 141
[2m2025-03-25T07:55:35.364391Z[0m [32m INFO[0m [1mnode[0m[1m{[0m[3mname[0m[2m=[0mk#99f25ef6..[1m}[0m[2m:[0m [2mconsensus_core::core[0m[2m:[0m [2mconsensus/core/src/core.rs[0m[2m:[0m[2m531:[0m Created block B141(B,N8xOBqZ9fbEOTVAL5gVFd33pNaHFX4GCRTbnp78j52U=)(1742889335364ms;[B140(B,i+qNCxQxeBwLeQBHqtGBujAMKldZJ+/Kyl4kZsRibj4=), B140(A,Y7Ou+MS431riwFdLmGdSGdcpSCbjz0aJXjHb3wuEtrA=), B140(C,jVwEAx9UCmgfGN2JV+4X3JIeO54y/fR7yQDhl2KO9ug=)];1t;1c) for round 141
[2m2025-03-25T07:55:35.364472Z[0m [32m INFO[0m [1mnode[0m[1m{[0m[3mname[0m[2m=[0mk#99f25ef6..[1m}[0m[2m:[0m [2mconsensus_core::core[0m[2m:[0m [2mconsensus/core/src/core.rs[0m[2m:[0m[2m630:[0m Committing 1 leaders: B139(A,/E2u)
[2m2025-03-25T07:55:35.364555Z[0m [32m INFO[0m [1mnode[0m[1m{[0m[3mname[0m[2m=[0mk#99f25ef6..[1m}[0m[2m:[0m [2mconsensus_core::commit_observer[0m[2m:[0m [2mconsensus/core/src/commit_observer.rs[0m[2m:[0m[2m173:[0m Consensus commit C129(42yB) with leader B139(A,/E2u) has 3 blocks
[2m2025-03-25T07:55:35.364655Z[0m [32m INFO[0m [1mnode[0m[1m{[0m[3mname[0m[2m=[0mk#99f25ef6..[1m}[0m[2m:[0m [2msui_core::consensus_handler[0m[2m:[0m [2mcrates/sui-core/src/consensus_handler.rs[0m[2m:[0m[2m232:[0m Received consensus output [3mconsensus_commit[0m[2m=[0mCommittedSubDag(leader=B139(A,/E2u), ref=C129(42yB), blocks=[Ae84, rEHX, /E2u]) [3mepoch[0m[2m=[0m1
[2m2025-03-25T07:55:35.366544Z[0m [32m INFO[0m [1mnode[0m[1m{[0m[3mname[0m[2m=[0mk#addeef94..[1m}[0m[2m:[0m [2mconsensus_core::core[0m[2m:[0m [2mconsensus/core/src/core.rs[0m[2m:[0m[2m630:[0m Committing 1 leaders: B139(A,/E2u)
[2m2025-03-25T07:55:35.366657Z[0m [32m INFO[0m [1mnode[0m[1m{[0m[3mname[0m[2m=[0mk#addeef94..[1m}[0m[2m:[0m [2mconsensus_core::commit_observer[0m[2m:[0m [2mconsensus/core/src/commit_observer.rs[0m[2m:[0m[2m173:[0m Consensus commit C129(42yB) with leader B139(A,/E2u) has 3 blocks
[2m2025-03-25T07:55:35.366747Z[0m [32m INFO[0m [1mnode[0m[1m{[0m[3mname[0m[2m=[0mk#addeef94..[1m}[0m[2m:[0m [2msui_core::consensus_handler[0m[2m:[0m [2mcrates/sui-core/src/consensus_handler.rs[0m[2m:[0m[2m232:[0m Received consensus output [3mconsensus_commit[0m[2m=[0mCommittedSubDag(leader=B139(A,/E2u), ref=C129(42yB), blocks=[Ae84, rEHX, /E2u]) [3mepoch[0m[2m=[0m1
[2m2025-03-25T07:55:35.393563Z[0m [32m INFO[0m [1mnode[0m[1m{[0m[3mname[0m[2m=[0mk#8dcff6d1..[1m}[0m[2m:[0m [2msui_core::checkpoints[0m[2m:[0m [2mcrates/sui-core/src/checkpoints/mod.rs[0m[2m:[0m[2m1326:[0m Creating checkpoint(s) for 2 transactions [3mnext_checkpoint_seq[0m[2m=[0m342 [3mcheckpoint_timestamp[0m[2m=[0m1742889334844
[2m2025-03-25T07:55:35.393781Z[0m [32m INFO[0m [1mnode[0m[1m{[0m[3mname[0m[2m=[0mk#99f25ef6..[1m}[0m[2m:[0m [2msui_core::checkpoints[0m[2m:[0m [2mcrates/sui-core/src/checkpoints/mod.rs[0m[2m:[0m[2m1326:[0m Creating checkpoint(s) for 2 transactions [3mnext_checkpoint_seq[0m[2m=[0m342 [3mcheckpoint_timestamp[0m[2m=[0m1742889334844
[2m2025-03-25T07:55:35.393877Z[0m [32m INFO[0m [1mnode[0m[1m{[0m[3mname[0m[2m=[0mk#8dcff6d1..[1m}[0m[2m:[0m [2msui_core::checkpoints::checkpoint_output[0m[2m:[0m [2mcrates/sui-core/src/checkpoints/checkpoint_output.rs[0m[2m:[0m[2m149:[0m Creating checkpoint CheckpointDigest(CwM7Lxxgj5ADnMF4dKzy3NzQYbggLJvhvWwCsguUB4Wo) at epoch 1, sequence 342, previous digest Some(CheckpointDigest(47zeBzRj3HfDYBA45krvtB6GLZwgzJx3wRLWzf21Y9Vd)), transactions count 2, content digest CheckpointContentsDigest(JCF7VPz8RjS5NtV9mqTP1HCRCiAip3q4sz4HYP5aMC45), end_of_epoch_data None
[2m2025-03-25T07:55:35.394038Z[0m [32m INFO[0m [1mnode[0m[1m{[0m[3mname[0m[2m=[0mk#99f25ef6..[1m}[0m[2m:[0m [2msui_core::checkpoints::checkpoint_output[0m[2m:[0m [2mcrates/sui-core/src/checkpoints/checkpoint_output.rs[0m[2m:[0m[2m149:[0m Creating checkpoint CheckpointDigest(CwM7Lxxgj5ADnMF4dKzy3NzQYbggLJvhvWwCsguUB4Wo) at epoch 1, sequence 342, previous digest Some(CheckpointDigest(47zeBzRj3HfDYBA45krvtB6GLZwgzJx3wRLWzf21Y9Vd)), transactions count 2, content digest CheckpointContentsDigest(JCF7VPz8RjS5NtV9mqTP1HCRCiAip3q4sz4HYP5aMC45), end_of_epoch_data None
[2m2025-03-25T07:55:35.395349Z[0m [32m INFO[0m [1mnode[0m[1m{[0m[3mname[0m[2m=[0mk#addeef94..[1m}[0m[2m:[0m [2msui_core::checkpoints[0m[2m:[0m [2mcrates/sui-core/src/checkpoints/mod.rs[0m[2m:[0m[2m1326:[0m Creating checkpoint(s) for 2 transactions [3mnext_checkpoint_seq[0m[2m=[0m342 [3mcheckpoint_timestamp[0m[2m=[0m1742889334844
[2m2025-03-25T07:55:35.395593Z[0m [32m INFO[0m [1mnode[0m[1m{[0m[3mname[0m[2m=[0mk#addeef94..[1m}[0m[2m:[0m [2msui_core::checkpoints::checkpoint_output[0m[2m:[0m [2mcrates/sui-core/src/checkpoints/checkpoint_output.rs[0m[2m:[0m[2m149:[0m Creating checkpoint CheckpointDigest(CwM7Lxxgj5ADnMF4dKzy3NzQYbggLJvhvWwCsguUB4Wo) at epoch 1, sequence 342, previous digest Some(CheckpointDigest(47zeBzRj3HfDYBA45krvtB6GLZwgzJx3wRLWzf21Y9Vd)), transactions count 2, content digest CheckpointContentsDigest(JCF7VPz8RjS5NtV9mqTP1HCRCiAip3q4sz4HYP5aMC45), end_of_epoch_data None
[2m2025-03-25T07:55:35.397004Z[0m [32m INFO[0m [1mnode[0m[1m{[0m[3mname[0m[2m=[0mk#99f25ef6..[1m}[0m[2m:[0m [2msui_core::checkpoints::checkpoint_output[0m[2m:[0m [2mcrates/sui-core/src/checkpoints/checkpoint_output.rs[0m[2m:[0m[2m196:[0m Certified checkpoint with sequence 341 and digest 47zeBzRj3HfDYBA45krvtB6GLZwgzJx3wRLWzf21Y9Vd
[2m2025-03-25T07:55:35.397011Z[0m [32m INFO[0m [1mnode[0m[1m{[0m[3mname[0m[2m=[0mk#8dcff6d1..[1m}[0m[2m:[0m [2msui_core::checkpoints::checkpoint_output[0m[2m:[0m [2mcrates/sui-core/src/checkpoints/checkpoint_output.rs[0m[2m:[0m[2m196:[0m Certified checkpoint with sequence 341 and digest 47zeBzRj3HfDYBA45krvtB6GLZwgzJx3wRLWzf21Y9Vd
[2m2025-03-25T07:55:35.397464Z[0m [32m INFO[0m [1mnode[0m[1m{[0m[3mname[0m[2m=[0mk#99f25ef6..[1m}[0m[2m:[0m [2msui_core::checkpoints::checkpoint_executor[0m[2m:[0m [2mcrates/sui-core/src/checkpoints/checkpoint_executor/mod.rs[0m[2m:[0m[2m332:[0m Received checkpoint summary from state sync [3msequence_number[0m[2m=[0m341
[2m2025-03-25T07:55:35.397464Z[0m [32m INFO[0m [1mnode[0m[1m{[0m[3mname[0m[2m=[0mk#8dcff6d1..[1m}[0m[2m:[0m [2msui_core::checkpoints::checkpoint_executor[0m[2m:[0m [2mcrates/sui-core/src/checkpoints/checkpoint_executor/mod.rs[0m[2m:[0m[2m332:[0m Received checkpoint summary from state sync [3msequence_number[0m[2m=[0m341
[2m2025-03-25T07:55:35.398609Z[0m [32m INFO[0m [1mnode[0m[1m{[0m[3mname[0m[2m=[0mk#99f25ef6..[1m}[0m[2m:[0m [2msui_core::state_accumulator[0m[2m:[0m [2mcrates/sui-core/src/state_accumulator.rs[0m[2m:[0m[2m675:[0m accumulating running root for checkpoint 341
[2m2025-03-25T07:55:35.398613Z[0m [32m INFO[0m [1mnode[0m[1m{[0m[3mname[0m[2m=[0mk#8dcff6d1..[1m}[0m[2m:[0m [2msui_core::state_accumulator[0m[2m:[0m [2mcrates/sui-core/src/state_accumulator.rs[0m[2m:[0m[2m675:[0m accumulating running root for checkpoint 341
[2m2025-03-25T07:55:35.400778Z[0m [32m INFO[0m [1mnode[0m[1m{[0m[3mname[0m[2m=[0mk#addeef94..[1m}[0m[2m:[0m [2msui_core::checkpoints::checkpoint_executor[0m[2m:[0m [2mcrates/sui-core/src/checkpoints/checkpoint_executor/mod.rs[0m[2m:[0m[2m332:[0m Received checkpoint summary from state sync [3msequence_number[0m[2m=[0m341
[2m2025-03-25T07:55:35.401508Z[0m [32m INFO[0m [1mnode[0m[1m{[0m[3mname[0m[2m=[0mk#addeef94..[1m}[0m[2m:[0m [2msui_core::state_accumulator[0m[2m:[0m [2mcrates/sui-core/src/state_accumulator.rs[0m[2m:[0m[2m675:[0m accumulating running root for checkpoint 341
[2m2025-03-25T07:55:35.401711Z[0m [32m INFO[0m [1mnode[0m[1m{[0m[3mname[0m[2m=[0mk#b3f3cbb4..[1m}[0m[2m:[0m [2msui_core::checkpoints::checkpoint_executor[0m[2m:[0m [2mcrates/sui-core/src/checkpoints/checkpoint_executor/mod.rs[0m[2m:[0m[2m332:[0m Received checkpoint summary from state sync [3msequence_number[0m[2m=[0m341
[2m2025-03-25T07:55:35.427557Z[0m [32m INFO[0m [1mnode[0m[1m{[0m[3mname[0m[2m=[0mk#b3f3cbb4..[1m}[0m[2m:[0m [2msui_core::state_accumulator[0m[2m:[0m [2mcrates/sui-core/src/state_accumulator.rs[0m[2m:[0m[2m675:[0m accumulating running root for checkpoint 341
[2m2025-03-25T07:55:35.615753Z[0m [32m INFO[0m [1mnode[0m[1m{[0m[3mname[0m[2m=[0mk#8dcff6d1..[1m}[0m[2m:[0m [2mconsensus_core::core[0m[2m:[0m [2mconsensus/core/src/core.rs[0m[2m:[0m[2m945:[0m Included 3 ancestors & excluded 0 ancestors for proposal in round 142
[2m2025-03-25T07:55:35.616802Z[0m [32m INFO[0m [1mnode[0m[1m{[0m[3mname[0m[2m=[0mk#99f25ef6..[1m}[0m[2m:[0m [2mconsensus_core::core[0m[2m:[0m [2mconsensus/core/src/core.rs[0m[2m:[0m[2m945:[0m Included 3 ancestors & excluded 0 ancestors for proposal in round 142
[2m2025-03-25T07:55:35.617438Z[0m [32m INFO[0m [1mnode[0m[1m{[0m[3mname[0m[2m=[0mk#8dcff6d1..[1m}[0m[2m:[0m [2mconsensus_core::core[0m[2m:[0m [2mconsensus/core/src/core.rs[0m[2m:[0m[2m531:[0m Created block B142(A,Gw8DChDQg5Y8P16RROnPJlyRtpz7MMTwRX/6cowx1bQ=)(1742889335616ms;[B141(A,VWc3wwyvenl/eVqu8J74LThPykz+WQ8xgT3hWBIDCf0=), B141(B,N8xOBqZ9fbEOTVAL5gVFd33pNaHFX4GCRTbnp78j52U=), B141(C,8/nZqQxckoM3NMTQQ73DLxIoXUjU3uImOtvuktw4pPw=)];1t;1c) for round 142
[2m2025-03-25T07:55:35.618202Z[0m [32m INFO[0m [1mnode[0m[1m{[0m[3mname[0m[2m=[0mk#99f25ef6..[1m}[0m[2m:[0m [2mconsensus_core::core[0m[2m:[0m [2mconsensus/core/src/core.rs[0m[2m:[0m[2m531:[0m Created block B142(B,iVPbCAuBKehjyyrti+epiwcQCZc9X+CGZZMrMnq1oZk=)(1742889335617ms;[B141(B,N8xOBqZ9fbEOTVAL5gVFd33pNaHFX4GCRTbnp78j52U=), B141(A,VWc3wwyvenl/eVqu8J74LThPykz+WQ8xgT3hWBIDCf0=), B141(C,8/nZqQxckoM3NMTQQ73DLxIoXUjU3uImOtvuktw4pPw=)];1t;1c) for round 142
[2m2025-03-25T07:55:35.623452Z[0m [32m INFO[0m [1mnode[0m[1m{[0m[3mname[0m[2m=[0mk#addeef94..[1m}[0m[2m:[0m [2mconsensus_core::core[0m[2m:[0m [2mconsensus/core/src/core.rs[0m[2m:[0m[2m945:[0m Included 3 ancestors & excluded 0 ancestors for proposal in round 142
[2m2025-03-25T07:55:35.624607Z[0m [32m INFO[0m [1mnode[0m[1m{[0m[3mname[0m[2m=[0mk#addeef94..[1m}[0m[2m:[0m [2mconsensus_core::core[0m[2m:[0m [2mconsensus/core/src/core.rs[0m[2m:[0m[2m531:[0m Created block B142(C,yo9axko17ORmWeh0LCd5FZ+ulWN4v3bG7cMMKtf8Luo=)(1742889335623ms;[B141(C,8/nZqQxckoM3NMTQQ73DLxIoXUjU3uImOtvuktw4pPw=), B141(A,VWc3wwyvenl/eVqu8J74LThPykz+WQ8xgT3hWBIDCf0=), B141(B,N8xOBqZ9fbEOTVAL5gVFd33pNaHFX4GCRTbnp78j52U=)];1t;1c) for round 142
[2m2025-03-25T07:55:35.625072Z[0m [32m INFO[0m [1mnode[0m[1m{[0m[3mname[0m[2m=[0mk#addeef94..[1m}[0m[2m:[0m [2mconsensus_core::core[0m[2m:[0m [2mconsensus/core/src/core.rs[0m[2m:[0m[2m630:[0m Committing 1 leaders: B140(C,jVwE)
[2m2025-03-25T07:55:35.625459Z[0m [32m INFO[0m [1mnode[0m[1m{[0m[3mname[0m[2m=[0mk#addeef94..[1m}[0m[2m:[0m [2mconsensus_core::commit_observer[0m[2m:[0m [2mconsensus/core/src/commit_observer.rs[0m[2m:[0m[2m173:[0m Consensus commit C130(EsIH) with leader B140(C,jVwE) has 3 blocks
[2m2025-03-25T07:55:35.626541Z[0m [32m INFO[0m [1mnode[0m[1m{[0m[3mname[0m[2m=[0mk#addeef94..[1m}[0m[2m:[0m [2msui_core::consensus_handler[0m[2m:[0m [2mcrates/sui-core/src/consensus_handler.rs[0m[2m:[0m[2m232:[0m Received consensus output [3mconsensus_commit[0m[2m=[0mCommittedSubDag(leader=B140(C,jVwE), ref=C130(EsIH), blocks=[wabt, 2VaP, jVwE]) [3mepoch[0m[2m=[0m1
[2m2025-03-25T07:55:35.634759Z[0m [32m INFO[0m [1mnode[0m[1m{[0m[3mname[0m[2m=[0mk#99f25ef6..[1m}[0m[2m:[0m [2msui_core::checkpoints::checkpoint_output[0m[2m:[0m [2mcrates/sui-core/src/checkpoints/checkpoint_output.rs[0m[2m:[0m[2m196:[0m Certified checkpoint with sequence 342 and digest CwM7Lxxgj5ADnMF4dKzy3NzQYbggLJvhvWwCsguUB4Wo
[2m2025-03-25T07:55:35.634768Z[0m [32m INFO[0m [1mnode[0m[1m{[0m[3mname[0m[2m=[0mk#8dcff6d1..[1m}[0m[2m:[0m [2msui_core::checkpoints::checkpoint_output[0m[2m:[0m [2mcrates/sui-core/src/checkpoints/checkpoint_output.rs[0m[2m:[0m[2m196:[0m Certified checkpoint with sequence 342 and digest CwM7Lxxgj5ADnMF4dKzy3NzQYbggLJvhvWwCsguUB4Wo
[2m2025-03-25T07:55:35.635057Z[0m [32m INFO[0m [1mnode[0m[1m{[0m[3mname[0m[2m=[0mk#99f25ef6..[1m}[0m[2m:[0m [2mconsensus_core::core[0m[2m:[0m [2mconsensus/core/src/core.rs[0m[2m:[0m[2m630:[0m Committing 1 leaders: B140(C,jVwE)
[2m2025-03-25T07:55:35.635057Z[0m [32m INFO[0m [1mnode[0m[1m{[0m[3mname[0m[2m=[0mk#8dcff6d1..[1m}[0m[2m:[0m [2mconsensus_core::core[0m[2m:[0m [2mconsensus/core/src/core.rs[0m[2m:[0m[2m630:[0m Committing 1 leaders: B140(C,jVwE)
[2m2025-03-25T07:55:35.635307Z[0m [32m INFO[0m [1mnode[0m[1m{[0m[3mname[0m[2m=[0mk#99f25ef6..[1m}[0m[2m:[0m [2mconsensus_core::commit_observer[0m[2m:[0m [2mconsensus/core/src/commit_observer.rs[0m[2m:[0m[2m173:[0m Consensus commit C130(EsIH) with leader B140(C,jVwE) has 3 blocks
[2m2025-03-25T07:55:35.635307Z[0m [32m INFO[0m [1mnode[0m[1m{[0m[3mname[0m[2m=[0mk#8dcff6d1..[1m}[0m[2m:[0m [2mconsensus_core::commit_observer[0m[2m:[0m [2mconsensus/core/src/commit_observer.rs[0m[2m:[0m[2m173:[0m Consensus commit C130(EsIH) with leader B140(C,jVwE) has 3 blocks
[2m2025-03-25T07:55:35.636212Z[0m [32m INFO[0m [1mnode[0m[1m{[0m[3mname[0m[2m=[0mk#8dcff6d1..[1m}[0m[2m:[0m [2msui_core::consensus_handler[0m[2m:[0m [2mcrates/sui-core/src/consensus_handler.rs[0m[2m:[0m[2m232:[0m Received consensus output [3mconsensus_commit[0m[2m=[0mCommittedSubDag(leader=B140(C,jVwE), ref=C130(EsIH), blocks=[wabt, 2VaP, jVwE]) [3mepoch[0m[2m=[0m1
[2m2025-03-25T07:55:35.636212Z[0m [32m INFO[0m [1mnode[0m[1m{[0m[3mname[0m[2m=[0mk#99f25ef6..[1m}[0m[2m:[0m [2msui_core::consensus_handler[0m[2m:[0m [2mcrates/sui-core/src/consensus_handler.rs[0m[2m:[0m[2m232:[0m Received consensus output [3mconsensus_commit[0m[2m=[0mCommittedSubDag(leader=B140(C,jVwE), ref=C130(EsIH), blocks=[wabt, 2VaP, jVwE]) [3mepoch[0m[2m=[0m1
[2m2025-03-25T07:55:35.637465Z[0m [32m INFO[0m [1mnode[0m[1m{[0m[3mname[0m[2m=[0mk#99f25ef6..[1m}[0m[2m:[0m [2msui_core::checkpoints::checkpoint_executor[0m[2m:[0m [2mcrates/sui-core/src/checkpoints/checkpoint_executor/mod.rs[0m[2m:[0m[2m332:[0m Received checkpoint summary from state sync [3msequence_number[0m[2m=[0m342
[2m2025-03-25T07:55:35.637465Z[0m [32m INFO[0m [1mnode[0m[1m{[0m[3mname[0m[2m=[0mk#8dcff6d1..[1m}[0m[2m:[0m [2msui_core::checkpoints::checkpoint_executor[0m[2m:[0m [2mcrates/sui-core/src/checkpoints/checkpoint_executor/mod.rs[0m[2m:[0m[2m332:[0m Received checkpoint summary from state sync [3msequence_number[0m[2m=[0m342
[2m2025-03-25T07:55:35.659468Z[0m [32m INFO[0m [1mnode[0m[1m{[0m[3mname[0m[2m=[0mk#8dcff6d1..[1m}[0m[2m:[0m [2msui_core::state_accumulator[0m[2m:[0m [2mcrates/sui-core/src/state_accumulator.rs[0m[2m:[0m[2m675:[0m accumulating running root for checkpoint 342
[2m2025-03-25T07:55:35.659472Z[0m [32m INFO[0m [1mnode[0m[1m{[0m[3mname[0m[2m=[0mk#99f25ef6..[1m}[0m[2m:[0m [2msui_core::state_accumulator[0m[2m:[0m [2mcrates/sui-core/src/state_accumulator.rs[0m[2m:[0m[2m675:[0m accumulating running root for checkpoint 342
[2m2025-03-25T07:55:35.690682Z[0m [32m INFO[0m [1mnode[0m[1m{[0m[3mname[0m[2m=[0mk#addeef94..[1m}[0m[2m:[0m [2msui_core::checkpoints[0m[2m:[0m [2mcrates/sui-core/src/checkpoints/mod.rs[0m[2m:[0m[2m1326:[0m Creating checkpoint(s) for 1 transactions [3mnext_checkpoint_seq[0m[2m=[0m343 [3mcheckpoint_timestamp[0m[2m=[0m1742889335104
[2m2025-03-25T07:55:35.690937Z[0m [32m INFO[0m [1mnode[0m[1m{[0m[3mname[0m[2m=[0mk#addeef94..[1m}[0m[2m:[0m [2msui_core::checkpoints::checkpoint_output[0m[2m:[0m [2mcrates/sui-core/src/checkpoints/checkpoint_output.rs[0m[2m:[0m[2m149:[0m Creating checkpoint CheckpointDigest(EavQ6gE546Ee6rr2sxRZtZdvrXYHJ8ocLbfueWEkzksi) at epoch 1, sequence 343, previous digest Some(CheckpointDigest(CwM7Lxxgj5ADnMF4dKzy3NzQYbggLJvhvWwCsguUB4Wo)), transactions count 1, content digest CheckpointContentsDigest(8gTJrCqPFrDsgkkZcZsmgRMjQnA5m5Wbxop4vzMZv5qn), end_of_epoch_data None
[2m2025-03-25T07:55:35.695284Z[0m [32m INFO[0m [1mnode[0m[1m{[0m[3mname[0m[2m=[0mk#8dcff6d1..[1m}[0m[2m:[0m [2msui_core::checkpoints[0m[2m:[0m [2mcrates/sui-core/src/checkpoints/mod.rs[0m[2m:[0m[2m1326:[0m Creating checkpoint(s) for 1 transactions [3mnext_checkpoint_seq[0m[2m=[0m343 [3mcheckpoint_timestamp[0m[2m=[0m1742889335104
[2m2025-03-25T07:55:35.695286Z[0m [32m INFO[0m [1mnode[0m[1m{[0m[3mname[0m[2m=[0mk#99f25ef6..[1m}[0m[2m:[0m [2msui_core::checkpoints[0m[2m:[0m [2mcrates/sui-core/src/checkpoints/mod.rs[0m[2m:[0m[2m1326:[0m Creating checkpoint(s) for 1 transactions [3mnext_checkpoint_seq[0m[2m=[0m343 [3mcheckpoint_timestamp[0m[2m=[0m1742889335104
[2m2025-03-25T07:55:35.695475Z[0m [32m INFO[0m [1mnode[0m[1m{[0m[3mname[0m[2m=[0mk#99f25ef6..[1m}[0m[2m:[0m [2msui_core::checkpoints::checkpoint_output[0m[2m:[0m [2mcrates/sui-core/src/checkpoints/checkpoint_output.rs[0m[2m:[0m[2m149:[0m Creating checkpoint CheckpointDigest(EavQ6gE546Ee6rr2sxRZtZdvrXYHJ8ocLbfueWEkzksi) at epoch 1, sequence 343, previous digest Some(CheckpointDigest(CwM7Lxxgj5ADnMF4dKzy3NzQYbggLJvhvWwCsguUB4Wo)), transactions count 1, content digest CheckpointContentsDigest(8gTJrCqPFrDsgkkZcZsmgRMjQnA5m5Wbxop4vzMZv5qn), end_of_epoch_data None
[2m2025-03-25T07:55:35.695474Z[0m [32m INFO[0m [1mnode[0m[1m{[0m[3mname[0m[2m=[0mk#8dcff6d1..[1m}[0m[2m:[0m [2msui_core::checkpoints::checkpoint_output[0m[2m:[0m [2mcrates/sui-core/src/checkpoints/checkpoint_output.rs[0m[2m:[0m[2m149:[0m Creating checkpoint CheckpointDigest(EavQ6gE546Ee6rr2sxRZtZdvrXYHJ8ocLbfueWEkzksi) at epoch 1, sequence 343, previous digest Some(CheckpointDigest(CwM7Lxxgj5ADnMF4dKzy3NzQYbggLJvhvWwCsguUB4Wo)), transactions count 1, content digest CheckpointContentsDigest(8gTJrCqPFrDsgkkZcZsmgRMjQnA5m5Wbxop4vzMZv5qn), end_of_epoch_data None
[2m2025-03-25T07:55:35.715065Z[0m [32m INFO[0m [1mnode[0m[1m{[0m[3mname[0m[2m=[0mk#b3f3cbb4..[1m}[0m[2m:[0m [2msui_core::checkpoints::checkpoint_executor[0m[2m:[0m [2mcrates/sui-core/src/checkpoints/checkpoint_executor/mod.rs[0m[2m:[0m[2m332:[0m Received checkpoint summary from state sync [3msequence_number[0m[2m=[0m342
[2m2025-03-25T07:55:35.765875Z[0m [32m INFO[0m [1mnode[0m[1m{[0m[3mname[0m[2m=[0mk#addeef94..[1m}[0m[2m:[0m [2msui_core::checkpoints::checkpoint_executor[0m[2m:[0m [2mcrates/sui-core/src/checkpoints/checkpoint_executor/mod.rs[0m[2m:[0m[2m332:[0m Received checkpoint summary from state sync [3msequence_number[0m[2m=[0m342
[2m2025-03-25T07:55:35.767350Z[0m [32m INFO[0m [1mnode[0m[1m{[0m[3mname[0m[2m=[0mk#addeef94..[1m}[0m[2m:[0m [2msui_core::state_accumulator[0m[2m:[0m [2mcrates/sui-core/src/state_accumulator.rs[0m[2m:[0m[2m675:[0m accumulating running root for checkpoint 342
[2m2025-03-25T07:55:35.810871Z[0m [32m INFO[0m [1mnode[0m[1m{[0m[3mname[0m[2m=[0mk#b3f3cbb4..[1m}[0m[2m:[0m [2msui_core::state_accumulator[0m[2m:[0m [2mcrates/sui-core/src/state_accumulator.rs[0m[2m:[0m[2m675:[0m accumulating running root for checkpoint 342
[2m2025-03-25T07:55:35.878294Z[0m [32m INFO[0m [1mnode[0m[1m{[0m[3mname[0m[2m=[0mk#addeef94..[1m}[0m[2m:[0m [2mconsensus_core::core[0m[2m:[0m [2mconsensus/core/src/core.rs[0m[2m:[0m[2m945:[0m Included 3 ancestors & excluded 0 ancestors for proposal in round 143
[2m2025-03-25T07:55:35.878807Z[0m [32m INFO[0m [1mnode[0m[1m{[0m[3mname[0m[2m=[0mk#addeef94..[1m}[0m[2m:[0m [2mconsensus_core::core[0m[2m:[0m [2mconsensus/core/src/core.rs[0m[2m:[0m[2m531:[0m Created block B143(C,M1USKDsERBDus9qK/2w7Ewu1P0i1p/NGORG/VvIzcX4=)(1742889335878ms;[B142(C,yo9axko17ORmWeh0LCd5FZ+ulWN4v3bG7cMMKtf8Luo=), B142(A,Gw8DChDQg5Y8P16RROnPJlyRtpz7MMTwRX/6cowx1bQ=), B142(B,iVPbCAuBKehjyyrti+epiwcQCZc9X+CGZZMrMnq1oZk=)];1t;1c) for round 143
[2m2025-03-25T07:55:35.888049Z[0m [32m INFO[0m [1mnode[0m[1m{[0m[3mname[0m[2m=[0mk#8dcff6d1..[1m}[0m[2m:[0m [2mconsensus_core::core[0m[2m:[0m [2mconsensus/core/src/core.rs[0m[2m:[0m[2m945:[0m Included 3 ancestors & excluded 0 ancestors for proposal in round 143
[2m2025-03-25T07:55:35.888049Z[0m [32m INFO[0m [1mnode[0m[1m{[0m[3mname[0m[2m=[0mk#99f25ef6..[1m}[0m[2m:[0m [2mconsensus_core::core[0m[2m:[0m [2mconsensus/core/src/core.rs[0m[2m:[0m[2m945:[0m Included 3 ancestors & excluded 0 ancestors for proposal in round 143
[2m2025-03-25T07:55:35.888440Z[0m [32m INFO[0m [1mnode[0m[1m{[0m[3mname[0m[2m=[0mk#99f25ef6..[1m}[0m[2m:[0m [2mconsensus_core::core[0m[2m:[0m [2mconsensus/core/src/core.rs[0m[2m:[0m[2m531:[0m Created block B143(B,Q2kQHL6qEj3oFseDdYlgw/MJv/14GsxgMGofVfDAodM=)(1742889335888ms;[B142(B,iVPbCAuBKehjyyrti+epiwcQCZc9X+CGZZMrMnq1oZk=), B142(A,Gw8DChDQg5Y8P16RROnPJlyRtpz7MMTwRX/6cowx1bQ=), B142(C,yo9axko17ORmWeh0LCd5FZ+ulWN4v3bG7cMMKtf8Luo=)];1t;1c) for round 143
[2m2025-03-25T07:55:35.888440Z[0m [32m INFO[0m [1mnode[0m[1m{[0m[3mname[0m[2m=[0mk#8dcff6d1..[1m}[0m[2m:[0m [2mconsensus_core::core[0m[2m:[0m [2mconsensus/core/src/core.rs[0m[2m:[0m[2m531:[0m Created block B143(A,Tqnw+vhyl2lPvCyogo6I9Fplv98fZ7YO0r/B7KFyCmM=)(1742889335888ms;[B142(A,Gw8DChDQg5Y8P16RROnPJlyRtpz7MMTwRX/6cowx1bQ=), B142(B,iVPbCAuBKehjyyrti+epiwcQCZc9X+CGZZMrMnq1oZk=), B142(C,yo9axko17ORmWeh0LCd5FZ+ulWN4v3bG7cMMKtf8Luo=)];1t;1c) for round 143
[2m2025-03-25T07:55:35.888535Z[0m [32m INFO[0m [1mnode[0m[1m{[0m[3mname[0m[2m=[0mk#99f25ef6..[1m}[0m[2m:[0m [2mconsensus_core::core[0m[2m:[0m [2mconsensus/core/src/core.rs[0m[2m:[0m[2m630:[0m Committing 1 leaders: B141(B,N8xO)
[2m2025-03-25T07:55:35.888535Z[0m [32m INFO[0m [1mnode[0m[1m{[0m[3mname[0m[2m=[0mk#8dcff6d1..[1m}[0m[2m:[0m [2mconsensus_core::core[0m[2m:[0m [2mconsensus/core/src/core.rs[0m[2m:[0m[2m630:[0m Committing 1 leaders: B141(B,N8xO)
[2m2025-03-25T07:55:35.888637Z[0m [32m INFO[0m [1mnode[0m[1m{[0m[3mname[0m[2m=[0mk#99f25ef6..[1m}[0m[2m:[0m [2mconsensus_core::commit_observer[0m[2m:[0m [2mconsensus/core/src/commit_observer.rs[0m[2m:[0m[2m173:[0m Consensus commit C131(YKUl) with leader B141(B,N8xO) has 3 blocks
[2m2025-03-25T07:55:35.888638Z[0m [32m INFO[0m [1mnode[0m[1m{[0m[3mname[0m[2m=[0mk#8dcff6d1..[1m}[0m[2m:[0m [2mconsensus_core::commit_observer[0m[2m:[0m [2mconsensus/core/src/commit_observer.rs[0m[2m:[0m[2m173:[0m Consensus commit C131(YKUl) with leader B141(B,N8xO) has 3 blocks
[2m2025-03-25T07:55:35.888752Z[0m [32m INFO[0m [1mnode[0m[1m{[0m[3mname[0m[2m=[0mk#99f25ef6..[1m}[0m[2m:[0m [2msui_core::consensus_handler[0m[2m:[0m [2mcrates/sui-core/src/consensus_handler.rs[0m[2m:[0m[2m232:[0m Received consensus output [3mconsensus_commit[0m[2m=[0mCommittedSubDag(leader=B141(B,N8xO), ref=C131(YKUl), blocks=[Y7Ou, i+qN, N8xO]) [3mepoch[0m[2m=[0m1
[2m2025-03-25T07:55:35.888752Z[0m [32m INFO[0m [1mnode[0m[1m{[0m[3mname[0m[2m=[0mk#8dcff6d1..[1m}[0m[2m:[0m [2msui_core::consensus_handler[0m[2m:[0m [2mcrates/sui-core/src/consensus_handler.rs[0m[2m:[0m[2m232:[0m Received consensus output [3mconsensus_commit[0m[2m=[0mCommittedSubDag(leader=B141(B,N8xO), ref=C131(YKUl), blocks=[Y7Ou, i+qN, N8xO]) [3mepoch[0m[2m=[0m1
[2m2025-03-25T07:55:35.891747Z[0m [32m INFO[0m [1mnode[0m[1m{[0m[3mname[0m[2m=[0mk#addeef94..[1m}[0m[2m:[0m [2mconsensus_core::core[0m[2m:[0m [2mconsensus/core/src/core.rs[0m[2m:[0m[2m630:[0m Committing 1 leaders: B141(B,N8xO)
[2m2025-03-25T07:55:35.891863Z[0m [32m INFO[0m [1mnode[0m[1m{[0m[3mname[0m[2m=[0mk#addeef94..[1m}[0m[2m:[0m [2mconsensus_core::commit_observer[0m[2m:[0m [2mconsensus/core/src/commit_observer.rs[0m[2m:[0m[2m173:[0m Consensus commit C131(YKUl) with leader B141(B,N8xO) has 3 blocks
[2m2025-03-25T07:55:35.891958Z[0m [32m INFO[0m [1mnode[0m[1m{[0m[3mname[0m[2m=[0mk#addeef94..[1m}[0m[2m:[0m [2msui_core::consensus_handler[0m[2m:[0m [2mcrates/sui-core/src/consensus_handler.rs[0m[2m:[0m[2m232:[0m Received consensus output [3mconsensus_commit[0m[2m=[0mCommittedSubDag(leader=B141(B,N8xO), ref=C131(YKUl), blocks=[Y7Ou, i+qN, N8xO]) [3mepoch[0m[2m=[0m1
[2m2025-03-25T07:55:35.919246Z[0m [32m INFO[0m [1mnode[0m[1m{[0m[3mname[0m[2m=[0mk#8dcff6d1..[1m}[0m[2m:[0m [2msui_core::checkpoints[0m[2m:[0m [2mcrates/sui-core/src/checkpoints/mod.rs[0m[2m:[0m[2m1326:[0m Creating checkpoint(s) for 2 transactions [3mnext_checkpoint_seq[0m[2m=[0m344 [3mcheckpoint_timestamp[0m[2m=[0m1742889335364
[2m2025-03-25T07:55:35.919247Z[0m [32m INFO[0m [1mnode[0m[1m{[0m[3mname[0m[2m=[0mk#99f25ef6..[1m}[0m[2m:[0m [2msui_core::checkpoints[0m[2m:[0m [2mcrates/sui-core/src/checkpoints/mod.rs[0m[2m:[0m[2m1326:[0m Creating checkpoint(s) for 2 transactions [3mnext_checkpoint_seq[0m[2m=[0m344 [3mcheckpoint_timestamp[0m[2m=[0m1742889335364
[2m2025-03-25T07:55:35.919565Z[0m [32m INFO[0m [1mnode[0m[1m{[0m[3mname[0m[2m=[0mk#8dcff6d1..[1m}[0m[2m:[0m [2msui_core::checkpoints::checkpoint_output[0m[2m:[0m [2mcrates/sui-core/src/checkpoints/checkpoint_output.rs[0m[2m:[0m[2m149:[0m Creating checkpoint CheckpointDigest(67PPEX4yVN9wF22hzdTREe8vVAedFXbpcTwYeQRoGRdS) at epoch 1, sequence 344, previous digest Some(CheckpointDigest(EavQ6gE546Ee6rr2sxRZtZdvrXYHJ8ocLbfueWEkzksi)), transactions count 2, content digest CheckpointContentsDigest(9JTKQUK3CYMXpVz9TwNit1WgoStRRCERVg7hDHAidT72), end_of_epoch_data None
[2m2025-03-25T07:55:35.919565Z[0m [32m INFO[0m [1mnode[0m[1m{[0m[3mname[0m[2m=[0mk#99f25ef6..[1m}[0m[2m:[0m [2msui_core::checkpoints::checkpoint_output[0m[2m:[0m [2mcrates/sui-core/src/checkpoints/checkpoint_output.rs[0m[2m:[0m[2m149:[0m Creating checkpoint CheckpointDigest(67PPEX4yVN9wF22hzdTREe8vVAedFXbpcTwYeQRoGRdS) at epoch 1, sequence 344, previous digest Some(CheckpointDigest(EavQ6gE546Ee6rr2sxRZtZdvrXYHJ8ocLbfueWEkzksi)), transactions count 2, content digest CheckpointContentsDigest(9JTKQUK3CYMXpVz9TwNit1WgoStRRCERVg7hDHAidT72), end_of_epoch_data None
[2m2025-03-25T07:55:35.921075Z[0m [32m INFO[0m [1mnode[0m[1m{[0m[3mname[0m[2m=[0mk#addeef94..[1m}[0m[2m:[0m [2msui_core::checkpoints[0m[2m:[0m [2mcrates/sui-core/src/checkpoints/mod.rs[0m[2m:[0m[2m1326:[0m Creating checkpoint(s) for 2 transactions [3mnext_checkpoint_seq[0m[2m=[0m344 [3mcheckpoint_timestamp[0m[2m=[0m1742889335364
[2m2025-03-25T07:55:35.921324Z[0m [32m INFO[0m [1mnode[0m[1m{[0m[3mname[0m[2m=[0mk#addeef94..[1m}[0m[2m:[0m [2msui_core::checkpoints::checkpoint_output[0m[2m:[0m [2mcrates/sui-core/src/checkpoints/checkpoint_output.rs[0m[2m:[0m[2m149:[0m Creating checkpoint CheckpointDigest(67PPEX4yVN9wF22hzdTREe8vVAedFXbpcTwYeQRoGRdS) at epoch 1, sequence 344, previous digest Some(CheckpointDigest(EavQ6gE546Ee6rr2sxRZtZdvrXYHJ8ocLbfueWEkzksi)), transactions count 2, content digest CheckpointContentsDigest(9JTKQUK3CYMXpVz9TwNit1WgoStRRCERVg7hDHAidT72), end_of_epoch_data None
[2m2025-03-25T07:55:35.922631Z[0m [32m INFO[0m [1mnode[0m[1m{[0m[3mname[0m[2m=[0mk#99f25ef6..[1m}[0m[2m:[0m [2msui_core::checkpoints::checkpoint_output[0m[2m:[0m [2mcrates/sui-core/src/checkpoints/checkpoint_output.rs[0m[2m:[0m[2m196:[0m Certified checkpoint with sequence 343 and digest EavQ6gE546Ee6rr2sxRZtZdvrXYHJ8ocLbfueWEkzksi
[2m2025-03-25T07:55:35.922634Z[0m [32m INFO[0m [1mnode[0m[1m{[0m[3mname[0m[2m=[0mk#8dcff6d1..[1m}[0m[2m:[0m [2msui_core::checkpoints::checkpoint_output[0m[2m:[0m [2mcrates/sui-core/src/checkpoints/checkpoint_output.rs[0m[2m:[0m[2m196:[0m Certified checkpoint with sequence 343 and digest EavQ6gE546Ee6rr2sxRZtZdvrXYHJ8ocLbfueWEkzksi
[2m2025-03-25T07:55:35.923081Z[0m [32m INFO[0m [1mnode[0m[1m{[0m[3mname[0m[2m=[0mk#8dcff6d1..[1m}[0m[2m:[0m [2msui_core::checkpoints::checkpoint_executor[0m[2m:[0m [2mcrates/sui-core/src/checkpoints/checkpoint_executor/mod.rs[0m[2m:[0m[2m332:[0m Received checkpoint summary from state sync [3msequence_number[0m[2m=[0m343
[2m2025-03-25T07:55:35.923081Z[0m [32m INFO[0m [1mnode[0m[1m{[0m[3mname[0m[2m=[0mk#99f25ef6..[1m}[0m[2m:[0m [2msui_core::checkpoints::checkpoint_executor[0m[2m:[0m [2mcrates/sui-core/src/checkpoints/checkpoint_executor/mod.rs[0m[2m:[0m[2m332:[0m Received checkpoint summary from state sync [3msequence_number[0m[2m=[0m343
[2m2025-03-25T07:55:35.924221Z[0m [32m INFO[0m [1mnode[0m[1m{[0m[3mname[0m[2m=[0mk#99f25ef6..[1m}[0m[2m:[0m [2msui_core::state_accumulator[0m[2m:[0m [2mcrates/sui-core/src/state_accumulator.rs[0m[2m:[0m[2m675:[0m accumulating running root for checkpoint 343
[2m2025-03-25T07:55:35.924223Z[0m [32m INFO[0m [1mnode[0m[1m{[0m[3mname[0m[2m=[0mk#8dcff6d1..[1m}[0m[2m:[0m [2msui_core::state_accumulator[0m[2m:[0m [2mcrates/sui-core/src/state_accumulator.rs[0m[2m:[0m[2m675:[0m accumulating running root for checkpoint 343
[2m2025-03-25T07:55:35.926413Z[0m [32m INFO[0m [1mnode[0m[1m{[0m[3mname[0m[2m=[0mk#addeef94..[1m}[0m[2m:[0m [2msui_core::checkpoints::checkpoint_executor[0m[2m:[0m [2mcrates/sui-core/src/checkpoints/checkpoint_executor/mod.rs[0m[2m:[0m[2m332:[0m Received checkpoint summary from state sync [3msequence_number[0m[2m=[0m343
[2m2025-03-25T07:55:35.927134Z[0m [32m INFO[0m [1mnode[0m[1m{[0m[3mname[0m[2m=[0mk#addeef94..[1m}[0m[2m:[0m [2msui_core::state_accumulator[0m[2m:[0m [2mcrates/sui-core/src/state_accumulator.rs[0m[2m:[0m[2m675:[0m accumulating running root for checkpoint 343
[2m2025-03-25T07:55:35.927412Z[0m [32m INFO[0m [1mnode[0m[1m{[0m[3mname[0m[2m=[0mk#b3f3cbb4..[1m}[0m[2m:[0m [2msui_core::checkpoints::checkpoint_executor[0m[2m:[0m [2mcrates/sui-core/src/checkpoints/checkpoint_executor/mod.rs[0m[2m:[0m[2m332:[0m Received checkpoint summary from state sync [3msequence_number[0m[2m=[0m343
[2m2025-03-25T07:55:35.953194Z[0m [32m INFO[0m [1mnode[0m[1m{[0m[3mname[0m[2m=[0mk#b3f3cbb4..[1m}[0m[2m:[0m [2msui_core::state_accumulator[0m[2m:[0m [2mcrates/sui-core/src/state_accumulator.rs[0m[2m:[0m[2m675:[0m accumulating running root for checkpoint 343
[2m2025-03-25T07:55:36.141581Z[0m [32m INFO[0m [1mnode[0m[1m{[0m[3mname[0m[2m=[0mk#99f25ef6..[1m}[0m[2m:[0m [2mconsensus_core::core[0m[2m:[0m [2mconsensus/core/src/core.rs[0m[2m:[0m[2m945:[0m Included 3 ancestors & excluded 0 ancestors for proposal in round 144
[2m2025-03-25T07:55:36.141712Z[0m [32m INFO[0m [1mnode[0m[1m{[0m[3mname[0m[2m=[0mk#8dcff6d1..[1m}[0m[2m:[0m [2mconsensus_core::core[0m[2m:[0m [2mconsensus/core/src/core.rs[0m[2m:[0m[2m945:[0m Included 3 ancestors & excluded 0 ancestors for proposal in round 144
[2m2025-03-25T07:55:36.142956Z[0m [32m INFO[0m [1mnode[0m[1m{[0m[3mname[0m[2m=[0mk#99f25ef6..[1m}[0m[2m:[0m [2mconsensus_core::core[0m[2m:[0m [2mconsensus/core/src/core.rs[0m[2m:[0m[2m531:[0m Created block B144(B,vb9ExsbcafpJLLiRJNnVOCiLD2HtJue+oxdNGFFlKEs=)(1742889336141ms;[B143(B,Q2kQHL6qEj3oFseDdYlgw/MJv/14GsxgMGofVfDAodM=), B143(A,Tqnw+vhyl2lPvCyogo6I9Fplv98fZ7YO0r/B7KFyCmM=), B143(C,M1USKDsERBDus9qK/2w7Ewu1P0i1p/NGORG/VvIzcX4=)];1t;1c) for round 144
[2m2025-03-25T07:55:36.142956Z[0m [32m INFO[0m [1mnode[0m[1m{[0m[3mname[0m[2m=[0mk#8dcff6d1..[1m}[0m[2m:[0m [2mconsensus_core::core[0m[2m:[0m [2mconsensus/core/src/core.rs[0m[2m:[0m[2m531:[0m Created block B144(A,Jv6rwrEcRGWZRFFOou1OzaVPoI59iz3Wrm5+CSP9jQM=)(1742889336141ms;[B143(A,Tqnw+vhyl2lPvCyogo6I9Fplv98fZ7YO0r/B7KFyCmM=), B143(B,Q2kQHL6qEj3oFseDdYlgw/MJv/14GsxgMGofVfDAodM=), B143(C,M1USKDsERBDus9qK/2w7Ewu1P0i1p/NGORG/VvIzcX4=)];1t;1c) for round 144
[2m2025-03-25T07:55:36.151084Z[0m [32m INFO[0m [1mnode[0m[1m{[0m[3mname[0m[2m=[0mk#addeef94..[1m}[0m[2m:[0m [2mconsensus_core::core[0m[2m:[0m [2mconsensus/core/src/core.rs[0m[2m:[0m[2m945:[0m Included 3 ancestors & excluded 0 ancestors for proposal in round 144
[2m2025-03-25T07:55:36.151755Z[0m [32m INFO[0m [1mnode[0m[1m{[0m[3mname[0m[2m=[0mk#addeef94..[1m}[0m[2m:[0m [2mconsensus_core::core[0m[2m:[0m [2mconsensus/core/src/core.rs[0m[2m:[0m[2m531:[0m Created block B144(C,5H/dLRxUiKrRTqav7eVUcv48H+owNDinfaKqrqNEN5o=)(1742889336151ms;[B143(C,M1USKDsERBDus9qK/2w7Ewu1P0i1p/NGORG/VvIzcX4=), B143(A,Tqnw+vhyl2lPvCyogo6I9Fplv98fZ7YO0r/B7KFyCmM=), B143(B,Q2kQHL6qEj3oFseDdYlgw/MJv/14GsxgMGofVfDAodM=)];1t;1c) for round 144
[2m2025-03-25T07:55:36.152074Z[0m [32m INFO[0m [1mnode[0m[1m{[0m[3mname[0m[2m=[0mk#addeef94..[1m}[0m[2m:[0m [2mconsensus_core::core[0m[2m:[0m [2mconsensus/core/src/core.rs[0m[2m:[0m[2m630:[0m Committing 1 leaders: B142(A,Gw8D)
[2m2025-03-25T07:55:36.152260Z[0m [32m INFO[0m [1mnode[0m[1m{[0m[3mname[0m[2m=[0mk#addeef94..[1m}[0m[2m:[0m [2mconsensus_core::commit_observer[0m[2m:[0m [2mconsensus/core/src/commit_observer.rs[0m[2m:[0m[2m173:[0m Consensus commit C132(chkX) with leader B142(A,Gw8D) has 3 blocks
[2m2025-03-25T07:55:36.153297Z[0m [32m INFO[0m [1mnode[0m[1m{[0m[3mname[0m[2m=[0mk#addeef94..[1m}[0m[2m:[0m [2msui_core::consensus_handler[0m[2m:[0m [2mcrates/sui-core/src/consensus_handler.rs[0m[2m:[0m[2m232:[0m Received consensus output [3mconsensus_commit[0m[2m=[0mCommittedSubDag(leader=B142(A,Gw8D), ref=C132(chkX), blocks=[VWc3, 8/nZ, Gw8D]) [3mepoch[0m[2m=[0m1
[2m2025-03-25T07:55:36.159320Z[0m [32m INFO[0m [1mnode[0m[1m{[0m[3mname[0m[2m=[0mk#99f25ef6..[1m}[0m[2m:[0m [2msui_core::checkpoints::checkpoint_output[0m[2m:[0m [2mcrates/sui-core/src/checkpoints/checkpoint_output.rs[0m[2m:[0m[2m196:[0m Certified checkpoint with sequence 344 and digest 67PPEX4yVN9wF22hzdTREe8vVAedFXbpcTwYeQRoGRdS
[2m2025-03-25T07:55:36.159353Z[0m [32m INFO[0m [1mnode[0m[1m{[0m[3mname[0m[2m=[0mk#8dcff6d1..[1m}[0m[2m:[0m [2msui_core::checkpoints::checkpoint_output[0m[2m:[0m [2mcrates/sui-core/src/checkpoints/checkpoint_output.rs[0m[2m:[0m[2m196:[0m Certified checkpoint with sequence 344 and digest 67PPEX4yVN9wF22hzdTREe8vVAedFXbpcTwYeQRoGRdS
[2m2025-03-25T07:55:36.159521Z[0m [32m INFO[0m [1mnode[0m[1m{[0m[3mname[0m[2m=[0mk#99f25ef6..[1m}[0m[2m:[0m [2mconsensus_core::core[0m[2m:[0m [2mconsensus/core/src/core.rs[0m[2m:[0m[2m630:[0m Committing 1 leaders: B142(A,Gw8D)
[2m2025-03-25T07:55:36.159567Z[0m [32m INFO[0m [1mnode[0m[1m{[0m[3mname[0m[2m=[0mk#8dcff6d1..[1m}[0m[2m:[0m [2mconsensus_core::core[0m[2m:[0m [2mconsensus/core/src/core.rs[0m[2m:[0m[2m630:[0m Committing 1 leaders: B142(A,Gw8D)
[2m2025-03-25T07:55:36.159719Z[0m [32m INFO[0m [1mnode[0m[1m{[0m[3mname[0m[2m=[0mk#99f25ef6..[1m}[0m[2m:[0m [2mconsensus_core::commit_observer[0m[2m:[0m [2mconsensus/core/src/commit_observer.rs[0m[2m:[0m[2m173:[0m Consensus commit C132(chkX) with leader B142(A,Gw8D) has 3 blocks
[2m2025-03-25T07:55:36.159766Z[0m [32m INFO[0m [1mnode[0m[1m{[0m[3mname[0m[2m=[0mk#8dcff6d1..[1m}[0m[2m:[0m [2mconsensus_core::commit_observer[0m[2m:[0m [2mconsensus/core/src/commit_observer.rs[0m[2m:[0m[2m173:[0m Consensus commit C132(chkX) with leader B142(A,Gw8D) has 3 blocks
[2m2025-03-25T07:55:36.160451Z[0m [32m INFO[0m [1mnode[0m[1m{[0m[3mname[0m[2m=[0mk#99f25ef6..[1m}[0m[2m:[0m [2msui_core::consensus_handler[0m[2m:[0m [2mcrates/sui-core/src/consensus_handler.rs[0m[2m:[0m[2m232:[0m Received consensus output [3mconsensus_commit[0m[2m=[0mCommittedSubDag(leader=B142(A,Gw8D), ref=C132(chkX), blocks=[VWc3, 8/nZ, Gw8D]) [3mepoch[0m[2m=[0m1
[2m2025-03-25T07:55:36.160454Z[0m [32m INFO[0m [1mnode[0m[1m{[0m[3mname[0m[2m=[0mk#8dcff6d1..[1m}[0m[2m:[0m [2msui_core::consensus_handler[0m[2m:[0m [2mcrates/sui-core/src/consensus_handler.rs[0m[2m:[0m[2m232:[0m Received consensus output [3mconsensus_commit[0m[2m=[0mCommittedSubDag(leader=B142(A,Gw8D), ref=C132(chkX), blocks=[VWc3, 8/nZ, Gw8D]) [3mepoch[0m[2m=[0m1
[2m2025-03-25T07:55:36.161524Z[0m [32m INFO[0m [1mnode[0m[1m{[0m[3mname[0m[2m=[0mk#99f25ef6..[1m}[0m[2m:[0m [2msui_core::checkpoints::checkpoint_executor[0m[2m:[0m [2mcrates/sui-core/src/checkpoints/checkpoint_executor/mod.rs[0m[2m:[0m[2m332:[0m Received checkpoint summary from state sync [3msequence_number[0m[2m=[0m344
[2m2025-03-25T07:55:36.161590Z[0m [32m INFO[0m [1mnode[0m[1m{[0m[3mname[0m[2m=[0mk#8dcff6d1..[1m}[0m[2m:[0m [2msui_core::checkpoints::checkpoint_executor[0m[2m:[0m [2mcrates/sui-core/src/checkpoints/checkpoint_executor/mod.rs[0m[2m:[0m[2m332:[0m Received checkpoint summary from state sync [3msequence_number[0m[2m=[0m344
[2m2025-03-25T07:55:36.181697Z[0m [32m INFO[0m [1mnode[0m[1m{[0m[3mname[0m[2m=[0mk#8dcff6d1..[1m}[0m[2m:[0m [2msui_core::state_accumulator[0m[2m:[0m [2mcrates/sui-core/src/state_accumulator.rs[0m[2m:[0m[2m675:[0m accumulating running root for checkpoint 344
[2m2025-03-25T07:55:36.181698Z[0m [32m INFO[0m [1mnode[0m[1m{[0m[3mname[0m[2m=[0mk#99f25ef6..[1m}[0m[2m:[0m [2msui_core::state_accumulator[0m[2m:[0m [2mcrates/sui-core/src/state_accumulator.rs[0m[2m:[0m[2m675:[0m accumulating running root for checkpoint 344
[2m2025-03-25T07:55:36.211505Z[0m [32m INFO[0m [1mnode[0m[1m{[0m[3mname[0m[2m=[0mk#addeef94..[1m}[0m[2m:[0m [2msui_core::checkpoints[0m[2m:[0m [2mcrates/sui-core/src/checkpoints/mod.rs[0m[2m:[0m[2m1326:[0m Creating checkpoint(s) for 1 transactions [3mnext_checkpoint_seq[0m[2m=[0m345 [3mcheckpoint_timestamp[0m[2m=[0m1742889335616
[2m2025-03-25T07:55:36.211746Z[0m [32m INFO[0m [1mnode[0m[1m{[0m[3mname[0m[2m=[0mk#addeef94..[1m}[0m[2m:[0m [2msui_core::checkpoints::checkpoint_output[0m[2m:[0m [2mcrates/sui-core/src/checkpoints/checkpoint_output.rs[0m[2m:[0m[2m149:[0m Creating checkpoint CheckpointDigest(FZDxfNejnHM8ZgHYwzCW2NCKev3AFpgeFwHsMJrv6xDp) at epoch 1, sequence 345, previous digest Some(CheckpointDigest(67PPEX4yVN9wF22hzdTREe8vVAedFXbpcTwYeQRoGRdS)), transactions count 1, content digest CheckpointContentsDigest(GwG9wyvBrLijdVNyuibgD4rMxd1GP2QZiyGmYGZympi8), end_of_epoch_data None
[2m2025-03-25T07:55:36.217100Z[0m [32m INFO[0m [1mnode[0m[1m{[0m[3mname[0m[2m=[0mk#8dcff6d1..[1m}[0m[2m:[0m [2msui_core::checkpoints[0m[2m:[0m [2mcrates/sui-core/src/checkpoints/mod.rs[0m[2m:[0m[2m1326:[0m Creating checkpoint(s) for 1 transactions [3mnext_checkpoint_seq[0m[2m=[0m345 [3mcheckpoint_timestamp[0m[2m=[0m1742889335616
[2m2025-03-25T07:55:36.217104Z[0m [32m INFO[0m [1mnode[0m[1m{[0m[3mname[0m[2m=[0mk#99f25ef6..[1m}[0m[2m:[0m [2msui_core::checkpoints[0m[2m:[0m [2mcrates/sui-core/src/checkpoints/mod.rs[0m[2m:[0m[2m1326:[0m Creating checkpoint(s) for 1 transactions [3mnext_checkpoint_seq[0m[2m=[0m345 [3mcheckpoint_timestamp[0m[2m=[0m1742889335616
[2m2025-03-25T07:55:36.217280Z[0m [32m INFO[0m [1mnode[0m[1m{[0m[3mname[0m[2m=[0mk#8dcff6d1..[1m}[0m[2m:[0m [2msui_core::checkpoints::checkpoint_output[0m[2m:[0m [2mcrates/sui-core/src/checkpoints/checkpoint_output.rs[0m[2m:[0m[2m149:[0m Creating checkpoint CheckpointDigest(FZDxfNejnHM8ZgHYwzCW2NCKev3AFpgeFwHsMJrv6xDp) at epoch 1, sequence 345, previous digest Some(CheckpointDigest(67PPEX4yVN9wF22hzdTREe8vVAedFXbpcTwYeQRoGRdS)), transactions count 1, content digest CheckpointContentsDigest(GwG9wyvBrLijdVNyuibgD4rMxd1GP2QZiyGmYGZympi8), end_of_epoch_data None
[2m2025-03-25T07:55:36.217280Z[0m [32m INFO[0m [1mnode[0m[1m{[0m[3mname[0m[2m=[0mk#99f25ef6..[1m}[0m[2m:[0m [2msui_core::checkpoints::checkpoint_output[0m[2m:[0m [2mcrates/sui-core/src/checkpoints/checkpoint_output.rs[0m[2m:[0m[2m149:[0m Creating checkpoint CheckpointDigest(FZDxfNejnHM8ZgHYwzCW2NCKev3AFpgeFwHsMJrv6xDp) at epoch 1, sequence 345, previous digest Some(CheckpointDigest(67PPEX4yVN9wF22hzdTREe8vVAedFXbpcTwYeQRoGRdS)), transactions count 1, content digest CheckpointContentsDigest(GwG9wyvBrLijdVNyuibgD4rMxd1GP2QZiyGmYGZympi8), end_of_epoch_data None
[2m2025-03-25T07:55:36.239026Z[0m [32m INFO[0m [1mnode[0m[1m{[0m[3mname[0m[2m=[0mk#b3f3cbb4..[1m}[0m[2m:[0m [2msui_core::checkpoints::checkpoint_executor[0m[2m:[0m [2mcrates/sui-core/src/checkpoints/checkpoint_executor/mod.rs[0m[2m:[0m[2m332:[0m Received checkpoint summary from state sync [3msequence_number[0m[2m=[0m344
[2m2025-03-25T07:55:36.278393Z[0m [32m INFO[0m [1mnode[0m[1m{[0m[3mname[0m[2m=[0mk#addeef94..[1m}[0m[2m:[0m [2msui_core::checkpoints::checkpoint_executor[0m[2m:[0m [2mcrates/sui-core/src/checkpoints/checkpoint_executor/mod.rs[0m[2m:[0m[2m332:[0m Received checkpoint summary from state sync [3msequence_number[0m[2m=[0m344
[2m2025-03-25T07:55:36.279804Z[0m [32m INFO[0m [1mnode[0m[1m{[0m[3mname[0m[2m=[0mk#addeef94..[1m}[0m[2m:[0m [2msui_core::state_accumulator[0m[2m:[0m [2mcrates/sui-core/src/state_accumulator.rs[0m[2m:[0m[2m675:[0m accumulating running root for checkpoint 344
[2m2025-03-25T07:55:36.328624Z[0m [32m INFO[0m [1mnode[0m[1m{[0m[3mname[0m[2m=[0mk#b3f3cbb4..[1m}[0m[2m:[0m [2msui_core::state_accumulator[0m[2m:[0m [2mcrates/sui-core/src/state_accumulator.rs[0m[2m:[0m[2m675:[0m accumulating running root for checkpoint 344
[2m2025-03-25T07:55:36.405578Z[0m [32m INFO[0m [1mnode[0m[1m{[0m[3mname[0m[2m=[0mk#addeef94..[1m}[0m[2m:[0m [2mconsensus_core::core[0m[2m:[0m [2mconsensus/core/src/core.rs[0m[2m:[0m[2m945:[0m Included 3 ancestors & excluded 0 ancestors for proposal in round 145
[2m2025-03-25T07:55:36.406128Z[0m [32m INFO[0m [1mnode[0m[1m{[0m[3mname[0m[2m=[0mk#addeef94..[1m}[0m[2m:[0m [2mconsensus_core::core[0m[2m:[0m [2mconsensus/core/src/core.rs[0m[2m:[0m[2m531:[0m Created block B145(C,TqxOhN0PsRvWWswEdnRqpG1F0/GzrWO90X+x6IelfGE=)(1742889336405ms;[B144(C,5H/dLRxUiKrRTqav7eVUcv48H+owNDinfaKqrqNEN5o=), B144(A,Jv6rwrEcRGWZRFFOou1OzaVPoI59iz3Wrm5+CSP9jQM=), B144(B,vb9ExsbcafpJLLiRJNnVOCiLD2HtJue+oxdNGFFlKEs=)];1t;1c) for round 145
[2m2025-03-25T07:55:36.412223Z[0m [32m INFO[0m [1mnode[0m[1m{[0m[3mname[0m[2m=[0mk#8dcff6d1..[1m}[0m[2m:[0m [2mconsensus_core::core[0m[2m:[0m [2mconsensus/core/src/core.rs[0m[2m:[0m[2m945:[0m Included 3 ancestors & excluded 0 ancestors for proposal in round 145
[2m2025-03-25T07:55:36.412223Z[0m [32m INFO[0m [1mnode[0m[1m{[0m[3mname[0m[2m=[0mk#99f25ef6..[1m}[0m[2m:[0m [2mconsensus_core::core[0m[2m:[0m [2mconsensus/core/src/core.rs[0m[2m:[0m[2m945:[0m Included 3 ancestors & excluded 0 ancestors for proposal in round 145
[2m2025-03-25T07:55:36.412610Z[0m [32m INFO[0m [1mnode[0m[1m{[0m[3mname[0m[2m=[0mk#8dcff6d1..[1m}[0m[2m:[0m [2mconsensus_core::core[0m[2m:[0m [2mconsensus/core/src/core.rs[0m[2m:[0m[2m531:[0m Created block B145(A,Xm6RAy81LZvW3aq6/LPMAPssHeUXJgxCR/8Q+21OBpo=)(1742889336412ms;[B144(A,Jv6rwrEcRGWZRFFOou1OzaVPoI59iz3Wrm5+CSP9jQM=), B144(B,vb9ExsbcafpJLLiRJNnVOCiLD2HtJue+oxdNGFFlKEs=), B144(C,5H/dLRxUiKrRTqav7eVUcv48H+owNDinfaKqrqNEN5o=)];1t;1c) for round 145
[2m2025-03-25T07:55:36.412653Z[0m [32m INFO[0m [1mnode[0m[1m{[0m[3mname[0m[2m=[0mk#99f25ef6..[1m}[0m[2m:[0m [2mconsensus_core::core[0m[2m:[0m [2mconsensus/core/src/core.rs[0m[2m:[0m[2m531:[0m Created block B145(B,e7s0WmA81kpbAspbMSzo+oL3JkX/k1bTr3PuctecfYg=)(1742889336412ms;[B144(B,vb9ExsbcafpJLLiRJNnVOCiLD2HtJue+oxdNGFFlKEs=), B144(A,Jv6rwrEcRGWZRFFOou1OzaVPoI59iz3Wrm5+CSP9jQM=), B144(C,5H/dLRxUiKrRTqav7eVUcv48H+owNDinfaKqrqNEN5o=)];1t;1c) for round 145
[2m2025-03-25T07:55:36.412707Z[0m [32m INFO[0m [1mnode[0m[1m{[0m[3mname[0m[2m=[0mk#8dcff6d1..[1m}[0m[2m:[0m [2mconsensus_core::core[0m[2m:[0m [2mconsensus/core/src/core.rs[0m[2m:[0m[2m630:[0m Committing 1 leaders: B143(C,M1US)
[2m2025-03-25T07:55:36.412745Z[0m [32m INFO[0m [1mnode[0m[1m{[0m[3mname[0m[2m=[0mk#99f25ef6..[1m}[0m[2m:[0m [2mconsensus_core::core[0m[2m:[0m [2mconsensus/core/src/core.rs[0m[2m:[0m[2m630:[0m Committing 1 leaders: B143(C,M1US)
[2m2025-03-25T07:55:36.412800Z[0m [32m INFO[0m [1mnode[0m[1m{[0m[3mname[0m[2m=[0mk#8dcff6d1..[1m}[0m[2m:[0m [2mconsensus_core::commit_observer[0m[2m:[0m [2mconsensus/core/src/commit_observer.rs[0m[2m:[0m[2m173:[0m Consensus commit C133(gNqD) with leader B143(C,M1US) has 3 blocks
[2m2025-03-25T07:55:36.412829Z[0m [32m INFO[0m [1mnode[0m[1m{[0m[3mname[0m[2m=[0mk#99f25ef6..[1m}[0m[2m:[0m [2mconsensus_core::commit_observer[0m[2m:[0m [2mconsensus/core/src/commit_observer.rs[0m[2m:[0m[2m173:[0m Consensus commit C133(gNqD) with leader B143(C,M1US) has 3 blocks
[2m2025-03-25T07:55:36.412922Z[0m [32m INFO[0m [1mnode[0m[1m{[0m[3mname[0m[2m=[0mk#8dcff6d1..[1m}[0m[2m:[0m [2msui_core::consensus_handler[0m[2m:[0m [2mcrates/sui-core/src/consensus_handler.rs[0m[2m:[0m[2m232:[0m Received consensus output [3mconsensus_commit[0m[2m=[0mCommittedSubDag(leader=B143(C,M1US), ref=C133(gNqD), blocks=[iVPb, yo9a, M1US]) [3mepoch[0m[2m=[0m1
[2m2025-03-25T07:55:36.412932Z[0m [32m INFO[0m [1mnode[0m[1m{[0m[3mname[0m[2m=[0mk#99f25ef6..[1m}[0m[2m:[0m [2msui_core::consensus_handler[0m[2m:[0m [2mcrates/sui-core/src/consensus_handler.rs[0m[2m:[0m[2m232:[0m Received consensus output [3mconsensus_commit[0m[2m=[0mCommittedSubDag(leader=B143(C,M1US), ref=C133(gNqD), blocks=[iVPb, yo9a, M1US]) [3mepoch[0m[2m=[0m1
[2m2025-03-25T07:55:36.417608Z[0m [32m INFO[0m [1mnode[0m[1m{[0m[3mname[0m[2m=[0mk#addeef94..[1m}[0m[2m:[0m [2mconsensus_core::core[0m[2m:[0m [2mconsensus/core/src/core.rs[0m[2m:[0m[2m630:[0m Committing 1 leaders: B143(C,M1US)
[2m2025-03-25T07:55:36.417723Z[0m [32m INFO[0m [1mnode[0m[1m{[0m[3mname[0m[2m=[0mk#addeef94..[1m}[0m[2m:[0m [2mconsensus_core::commit_observer[0m[2m:[0m [2mconsensus/core/src/commit_observer.rs[0m[2m:[0m[2m173:[0m Consensus commit C133(gNqD) with leader B143(C,M1US) has 3 blocks
[2m2025-03-25T07:55:36.417889Z[0m [32m INFO[0m [1mnode[0m[1m{[0m[3mname[0m[2m=[0mk#addeef94..[1m}[0m[2m:[0m [2msui_core::consensus_handler[0m[2m:[0m [2mcrates/sui-core/src/consensus_handler.rs[0m[2m:[0m[2m232:[0m Received consensus output [3mconsensus_commit[0m[2m=[0mCommittedSubDag(leader=B143(C,M1US), ref=C133(gNqD), blocks=[iVPb, yo9a, M1US]) [3mepoch[0m[2m=[0m1
[2m2025-03-25T07:55:36.443415Z[0m [32m INFO[0m [1mnode[0m[1m{[0m[3mname[0m[2m=[0mk#99f25ef6..[1m}[0m[2m:[0m [2msui_core::checkpoints[0m[2m:[0m [2mcrates/sui-core/src/checkpoints/mod.rs[0m[2m:[0m[2m1326:[0m Creating checkpoint(s) for 2 transactions [3mnext_checkpoint_seq[0m[2m=[0m346 [3mcheckpoint_timestamp[0m[2m=[0m1742889335878
[2m2025-03-25T07:55:36.443420Z[0m [32m INFO[0m [1mnode[0m[1m{[0m[3mname[0m[2m=[0mk#8dcff6d1..[1m}[0m[2m:[0m [2msui_core::checkpoints[0m[2m:[0m [2mcrates/sui-core/src/checkpoints/mod.rs[0m[2m:[0m[2m1326:[0m Creating checkpoint(s) for 2 transactions [3mnext_checkpoint_seq[0m[2m=[0m346 [3mcheckpoint_timestamp[0m[2m=[0m1742889335878
[2m2025-03-25T07:55:36.443729Z[0m [32m INFO[0m [1mnode[0m[1m{[0m[3mname[0m[2m=[0mk#8dcff6d1..[1m}[0m[2m:[0m [2msui_core::checkpoints::checkpoint_output[0m[2m:[0m [2mcrates/sui-core/src/checkpoints/checkpoint_output.rs[0m[2m:[0m[2m149:[0m Creating checkpoint CheckpointDigest(5tJvRv9jEM3zVMnTdjoNbvvKvuFr4PrsVS1yR1DkNA3F) at epoch 1, sequence 346, previous digest Some(CheckpointDigest(FZDxfNejnHM8ZgHYwzCW2NCKev3AFpgeFwHsMJrv6xDp)), transactions count 2, content digest CheckpointContentsDigest(FgLohHd5V2tBbwJEmdujgKbWwbV7WEiR68jPuAUq7t9e), end_of_epoch_data None
[2m2025-03-25T07:55:36.443729Z[0m [32m INFO[0m [1mnode[0m[1m{[0m[3mname[0m[2m=[0mk#99f25ef6..[1m}[0m[2m:[0m [2msui_core::checkpoints::checkpoint_output[0m[2m:[0m [2mcrates/sui-core/src/checkpoints/checkpoint_output.rs[0m[2m:[0m[2m149:[0m Creating checkpoint CheckpointDigest(5tJvRv9jEM3zVMnTdjoNbvvKvuFr4PrsVS1yR1DkNA3F) at epoch 1, sequence 346, previous digest Some(CheckpointDigest(FZDxfNejnHM8ZgHYwzCW2NCKev3AFpgeFwHsMJrv6xDp)), transactions count 2, content digest CheckpointContentsDigest(FgLohHd5V2tBbwJEmdujgKbWwbV7WEiR68jPuAUq7t9e), end_of_epoch_data None
[2m2025-03-25T07:55:36.446700Z[0m [32m INFO[0m [1mnode[0m[1m{[0m[3mname[0m[2m=[0mk#addeef94..[1m}[0m[2m:[0m [2msui_core::checkpoints[0m[2m:[0m [2mcrates/sui-core/src/checkpoints/mod.rs[0m[2m:[0m[2m1326:[0m Creating checkpoint(s) for 2 transactions [3mnext_checkpoint_seq[0m[2m=[0m346 [3mcheckpoint_timestamp[0m[2m=[0m1742889335878
[2m2025-03-25T07:55:36.446740Z[0m [32m INFO[0m [1mnode[0m[1m{[0m[3mname[0m[2m=[0mk#99f25ef6..[1m}[0m[2m:[0m [2msui_core::checkpoints::checkpoint_output[0m[2m:[0m [2mcrates/sui-core/src/checkpoints/checkpoint_output.rs[0m[2m:[0m[2m196:[0m Certified checkpoint with sequence 345 and digest FZDxfNejnHM8ZgHYwzCW2NCKev3AFpgeFwHsMJrv6xDp
[2m2025-03-25T07:55:36.446746Z[0m [32m INFO[0m [1mnode[0m[1m{[0m[3mname[0m[2m=[0mk#8dcff6d1..[1m}[0m[2m:[0m [2msui_core::checkpoints::checkpoint_output[0m[2m:[0m [2mcrates/sui-core/src/checkpoints/checkpoint_output.rs[0m[2m:[0m[2m196:[0m Certified checkpoint with sequence 345 and digest FZDxfNejnHM8ZgHYwzCW2NCKev3AFpgeFwHsMJrv6xDp
[2m2025-03-25T07:55:36.446949Z[0m [32m INFO[0m [1mnode[0m[1m{[0m[3mname[0m[2m=[0mk#addeef94..[1m}[0m[2m:[0m [2msui_core::checkpoints::checkpoint_output[0m[2m:[0m [2mcrates/sui-core/src/checkpoints/checkpoint_output.rs[0m[2m:[0m[2m149:[0m Creating checkpoint CheckpointDigest(5tJvRv9jEM3zVMnTdjoNbvvKvuFr4PrsVS1yR1DkNA3F) at epoch 1, sequence 346, previous digest Some(CheckpointDigest(FZDxfNejnHM8ZgHYwzCW2NCKev3AFpgeFwHsMJrv6xDp)), transactions count 2, content digest CheckpointContentsDigest(FgLohHd5V2tBbwJEmdujgKbWwbV7WEiR68jPuAUq7t9e), end_of_epoch_data None
[2m2025-03-25T07:55:36.447179Z[0m [32m INFO[0m [1mnode[0m[1m{[0m[3mname[0m[2m=[0mk#99f25ef6..[1m}[0m[2m:[0m [2msui_core::checkpoints::checkpoint_executor[0m[2m:[0m [2mcrates/sui-core/src/checkpoints/checkpoint_executor/mod.rs[0m[2m:[0m[2m332:[0m Received checkpoint summary from state sync [3msequence_number[0m[2m=[0m345
[2m2025-03-25T07:55:36.447179Z[0m [32m INFO[0m [1mnode[0m[1m{[0m[3mname[0m[2m=[0mk#8dcff6d1..[1m}[0m[2m:[0m [2msui_core::checkpoints::checkpoint_executor[0m[2m:[0m [2mcrates/sui-core/src/checkpoints/checkpoint_executor/mod.rs[0m[2m:[0m[2m332:[0m Received checkpoint summary from state sync [3msequence_number[0m[2m=[0m345
[2m2025-03-25T07:55:36.448336Z[0m [32m INFO[0m [1mnode[0m[1m{[0m[3mname[0m[2m=[0mk#99f25ef6..[1m}[0m[2m:[0m [2msui_core::state_accumulator[0m[2m:[0m [2mcrates/sui-core/src/state_accumulator.rs[0m[2m:[0m[2m675:[0m accumulating running root for checkpoint 345
[2m2025-03-25T07:55:36.448348Z[0m [32m INFO[0m [1mnode[0m[1m{[0m[3mname[0m[2m=[0mk#8dcff6d1..[1m}[0m[2m:[0m [2msui_core::state_accumulator[0m[2m:[0m [2mcrates/sui-core/src/state_accumulator.rs[0m[2m:[0m[2m675:[0m accumulating running root for checkpoint 345
[2m2025-03-25T07:55:36.450585Z[0m [32m INFO[0m [1mnode[0m[1m{[0m[3mname[0m[2m=[0mk#addeef94..[1m}[0m[2m:[0m [2msui_core::checkpoints::checkpoint_executor[0m[2m:[0m [2mcrates/sui-core/src/checkpoints/checkpoint_executor/mod.rs[0m[2m:[0m[2m332:[0m Received checkpoint summary from state sync [3msequence_number[0m[2m=[0m345
[2m2025-03-25T07:55:36.451333Z[0m [32m INFO[0m [1mnode[0m[1m{[0m[3mname[0m[2m=[0mk#addeef94..[1m}[0m[2m:[0m [2msui_core::state_accumulator[0m[2m:[0m [2mcrates/sui-core/src/state_accumulator.rs[0m[2m:[0m[2m675:[0m accumulating running root for checkpoint 345
[2m2025-03-25T07:55:36.451548Z[0m [32m INFO[0m [1mnode[0m[1m{[0m[3mname[0m[2m=[0mk#b3f3cbb4..[1m}[0m[2m:[0m [2msui_core::checkpoints::checkpoint_executor[0m[2m:[0m [2mcrates/sui-core/src/checkpoints/checkpoint_executor/mod.rs[0m[2m:[0m[2m332:[0m Received checkpoint summary from state sync [3msequence_number[0m[2m=[0m345
[2m2025-03-25T07:55:36.477330Z[0m [32m INFO[0m [1mnode[0m[1m{[0m[3mname[0m[2m=[0mk#b3f3cbb4..[1m}[0m[2m:[0m [2msui_core::state_accumulator[0m[2m:[0m [2mcrates/sui-core/src/state_accumulator.rs[0m[2m:[0m[2m675:[0m accumulating running root for checkpoint 345
[2m2025-03-25T07:55:36.665950Z[0m [32m INFO[0m [1mnode[0m[1m{[0m[3mname[0m[2m=[0mk#99f25ef6..[1m}[0m[2m:[0m [2mconsensus_core::core[0m[2m:[0m [2mconsensus/core/src/core.rs[0m[2m:[0m[2m945:[0m Included 3 ancestors & excluded 0 ancestors for proposal in round 146
[2m2025-03-25T07:55:36.665943Z[0m [32m INFO[0m [1mnode[0m[1m{[0m[3mname[0m[2m=[0mk#8dcff6d1..[1m}[0m[2m:[0m [2mconsensus_core::core[0m[2m:[0m [2mconsensus/core/src/core.rs[0m[2m:[0m[2m945:[0m Included 3 ancestors & excluded 0 ancestors for proposal in round 146
[2m2025-03-25T07:55:36.667627Z[0m [32m INFO[0m [1mnode[0m[1m{[0m[3mname[0m[2m=[0mk#99f25ef6..[1m}[0m[2m:[0m [2mconsensus_core::core[0m[2m:[0m [2mconsensus/core/src/core.rs[0m[2m:[0m[2m531:[0m Created block B146(B,/kh6THntsp5dvnS1KuajJ5irRkTby2RJlVgC1Gfa/jM=)(1742889336666ms;[B145(B,e7s0WmA81kpbAspbMSzo+oL3JkX/k1bTr3PuctecfYg=), B145(A,Xm6RAy81LZvW3aq6/LPMAPssHeUXJgxCR/8Q+21OBpo=), B145(C,TqxOhN0PsRvWWswEdnRqpG1F0/GzrWO90X+x6IelfGE=)];1t;1c) for round 146
[2m2025-03-25T07:55:36.667627Z[0m [32m INFO[0m [1mnode[0m[1m{[0m[3mname[0m[2m=[0mk#8dcff6d1..[1m}[0m[2m:[0m [2mconsensus_core::core[0m[2m:[0m [2mconsensus/core/src/core.rs[0m[2m:[0m[2m531:[0m Created block B146(A,Bj1qpIA0C6Zg5Tq0JCo+SnctjPbWrhQuglzBNF+EoOs=)(1742889336666ms;[B145(A,Xm6RAy81LZvW3aq6/LPMAPssHeUXJgxCR/8Q+21OBpo=), B145(B,e7s0WmA81kpbAspbMSzo+oL3JkX/k1bTr3PuctecfYg=), B145(C,TqxOhN0PsRvWWswEdnRqpG1F0/GzrWO90X+x6IelfGE=)];1t;1c) for round 146
[2m2025-03-25T07:55:36.679075Z[0m [32m INFO[0m [1mnode[0m[1m{[0m[3mname[0m[2m=[0mk#addeef94..[1m}[0m[2m:[0m [2mconsensus_core::core[0m[2m:[0m [2mconsensus/core/src/core.rs[0m[2m:[0m[2m945:[0m Included 3 ancestors & excluded 0 ancestors for proposal in round 146
[2m2025-03-25T07:55:36.679962Z[0m [32m INFO[0m [1mnode[0m[1m{[0m[3mname[0m[2m=[0mk#addeef94..[1m}[0m[2m:[0m [2mconsensus_core::core[0m[2m:[0m [2mconsensus/core/src/core.rs[0m[2m:[0m[2m531:[0m Created block B146(C,4ThTbviC5kDoU1weq7/n2ZjZfHnC4cHN6xjH3qsjyCU=)(1742889336679ms;[B145(C,TqxOhN0PsRvWWswEdnRqpG1F0/GzrWO90X+x6IelfGE=), B145(A,Xm6RAy81LZvW3aq6/LPMAPssHeUXJgxCR/8Q+21OBpo=), B145(B,e7s0WmA81kpbAspbMSzo+oL3JkX/k1bTr3PuctecfYg=)];1t;1c) for round 146
[2m2025-03-25T07:55:36.680154Z[0m [32m INFO[0m [1mnode[0m[1m{[0m[3mname[0m[2m=[0mk#addeef94..[1m}[0m[2m:[0m [2mconsensus_core::core[0m[2m:[0m [2mconsensus/core/src/core.rs[0m[2m:[0m[2m630:[0m Committing 1 leaders: B144(B,vb9E)
[2m2025-03-25T07:55:36.680340Z[0m [32m INFO[0m [1mnode[0m[1m{[0m[3mname[0m[2m=[0mk#addeef94..[1m}[0m[2m:[0m [2mconsensus_core::commit_observer[0m[2m:[0m [2mconsensus/core/src/commit_observer.rs[0m[2m:[0m[2m173:[0m Consensus commit C134(3ZUz) with leader B144(B,vb9E) has 3 blocks
[2m2025-03-25T07:55:36.680621Z[0m [32m INFO[0m [1mnode[0m[1m{[0m[3mname[0m[2m=[0mk#addeef94..[1m}[0m[2m:[0m [2msui_core::consensus_handler[0m[2m:[0m [2mcrates/sui-core/src/consensus_handler.rs[0m[2m:[0m[2m232:[0m Received consensus output [3mconsensus_commit[0m[2m=[0mCommittedSubDag(leader=B144(B,vb9E), ref=C134(3ZUz), blocks=[Tqnw, Q2kQ, vb9E]) [3mepoch[0m[2m=[0m1
[2m2025-03-25T07:55:36.687706Z[0m [32m INFO[0m [1mnode[0m[1m{[0m[3mname[0m[2m=[0mk#99f25ef6..[1m}[0m[2m:[0m [2msui_core::checkpoints::checkpoint_output[0m[2m:[0m [2mcrates/sui-core/src/checkpoints/checkpoint_output.rs[0m[2m:[0m[2m196:[0m Certified checkpoint with sequence 346 and digest 5tJvRv9jEM3zVMnTdjoNbvvKvuFr4PrsVS1yR1DkNA3F
[2m2025-03-25T07:55:36.687712Z[0m [32m INFO[0m [1mnode[0m[1m{[0m[3mname[0m[2m=[0mk#8dcff6d1..[1m}[0m[2m:[0m [2msui_core::checkpoints::checkpoint_output[0m[2m:[0m [2mcrates/sui-core/src/checkpoints/checkpoint_output.rs[0m[2m:[0m[2m196:[0m Certified checkpoint with sequence 346 and digest 5tJvRv9jEM3zVMnTdjoNbvvKvuFr4PrsVS1yR1DkNA3F
[2m2025-03-25T07:55:36.687928Z[0m [32m INFO[0m [1mnode[0m[1m{[0m[3mname[0m[2m=[0mk#99f25ef6..[1m}[0m[2m:[0m [2mconsensus_core::core[0m[2m:[0m [2mconsensus/core/src/core.rs[0m[2m:[0m[2m630:[0m Committing 1 leaders: B144(B,vb9E)
[2m2025-03-25T07:55:36.687928Z[0m [32m INFO[0m [1mnode[0m[1m{[0m[3mname[0m[2m=[0mk#8dcff6d1..[1m}[0m[2m:[0m [2mconsensus_core::core[0m[2m:[0m [2mconsensus/core/src/core.rs[0m[2m:[0m[2m630:[0m Committing 1 leaders: B144(B,vb9E)
[2m2025-03-25T07:55:36.688144Z[0m [32m INFO[0m [1mnode[0m[1m{[0m[3mname[0m[2m=[0mk#8dcff6d1..[1m}[0m[2m:[0m [2mconsensus_core::commit_observer[0m[2m:[0m [2mconsensus/core/src/commit_observer.rs[0m[2m:[0m[2m173:[0m Consensus commit C134(3ZUz) with leader B144(B,vb9E) has 3 blocks
[2m2025-03-25T07:55:36.688147Z[0m [32m INFO[0m [1mnode[0m[1m{[0m[3mname[0m[2m=[0mk#99f25ef6..[1m}[0m[2m:[0m [2mconsensus_core::commit_observer[0m[2m:[0m [2mconsensus/core/src/commit_observer.rs[0m[2m:[0m[2m173:[0m Consensus commit C134(3ZUz) with leader B144(B,vb9E) has 3 blocks
[2m2025-03-25T07:55:36.688936Z[0m [32m INFO[0m [1mnode[0m[1m{[0m[3mname[0m[2m=[0mk#99f25ef6..[1m}[0m[2m:[0m [2msui_core::consensus_handler[0m[2m:[0m [2mcrates/sui-core/src/consensus_handler.rs[0m[2m:[0m[2m232:[0m Received consensus output [3mconsensus_commit[0m[2m=[0mCommittedSubDag(leader=B144(B,vb9E), ref=C134(3ZUz), blocks=[Tqnw, Q2kQ, vb9E]) [3mepoch[0m[2m=[0m1
[2m2025-03-25T07:55:36.688936Z[0m [32m INFO[0m [1mnode[0m[1m{[0m[3mname[0m[2m=[0mk#8dcff6d1..[1m}[0m[2m:[0m [2msui_core::consensus_handler[0m[2m:[0m [2mcrates/sui-core/src/consensus_handler.rs[0m[2m:[0m[2m232:[0m Received consensus output [3mconsensus_commit[0m[2m=[0mCommittedSubDag(leader=B144(B,vb9E), ref=C134(3ZUz), blocks=[Tqnw, Q2kQ, vb9E]) [3mepoch[0m[2m=[0m1
[2m2025-03-25T07:55:36.690093Z[0m [32m INFO[0m [1mnode[0m[1m{[0m[3mname[0m[2m=[0mk#99f25ef6..[1m}[0m[2m:[0m [2msui_core::checkpoints::checkpoint_executor[0m[2m:[0m [2mcrates/sui-core/src/checkpoints/checkpoint_executor/mod.rs[0m[2m:[0m[2m332:[0m Received checkpoint summary from state sync [3msequence_number[0m[2m=[0m346
[2m2025-03-25T07:55:36.690093Z[0m [32m INFO[0m [1mnode[0m[1m{[0m[3mname[0m[2m=[0mk#8dcff6d1..[1m}[0m[2m:[0m [2msui_core::checkpoints::checkpoint_executor[0m[2m:[0m [2mcrates/sui-core/src/checkpoints/checkpoint_executor/mod.rs[0m[2m:[0m[2m332:[0m Received checkpoint summary from state sync [3msequence_number[0m[2m=[0m346
[2m2025-03-25T07:55:36.710850Z[0m [32m INFO[0m [1mnode[0m[1m{[0m[3mname[0m[2m=[0mk#99f25ef6..[1m}[0m[2m:[0m [2msui_core::state_accumulator[0m[2m:[0m [2mcrates/sui-core/src/state_accumulator.rs[0m[2m:[0m[2m675:[0m accumulating running root for checkpoint 346
[2m2025-03-25T07:55:36.710849Z[0m [32m INFO[0m [1mnode[0m[1m{[0m[3mname[0m[2m=[0mk#8dcff6d1..[1m}[0m[2m:[0m [2msui_core::state_accumulator[0m[2m:[0m [2mcrates/sui-core/src/state_accumulator.rs[0m[2m:[0m[2m675:[0m accumulating running root for checkpoint 346
[2m2025-03-25T07:55:36.740900Z[0m [32m INFO[0m [1mnode[0m[1m{[0m[3mname[0m[2m=[0mk#addeef94..[1m}[0m[2m:[0m [2msui_core::checkpoints[0m[2m:[0m [2mcrates/sui-core/src/checkpoints/mod.rs[0m[2m:[0m[2m1326:[0m Creating checkpoint(s) for 1 transactions [3mnext_checkpoint_seq[0m[2m=[0m347 [3mcheckpoint_timestamp[0m[2m=[0m1742889336141
[2m2025-03-25T07:55:36.741136Z[0m [32m INFO[0m [1mnode[0m[1m{[0m[3mname[0m[2m=[0mk#addeef94..[1m}[0m[2m:[0m [2msui_core::checkpoints::checkpoint_output[0m[2m:[0m [2mcrates/sui-core/src/checkpoints/checkpoint_output.rs[0m[2m:[0m[2m149:[0m Creating checkpoint CheckpointDigest(HrSotAaXyUjPvpiDm7tUd7VpL4gpQSqe5DS3HMegepYF) at epoch 1, sequence 347, previous digest Some(CheckpointDigest(5tJvRv9jEM3zVMnTdjoNbvvKvuFr4PrsVS1yR1DkNA3F)), transactions count 1, content digest CheckpointContentsDigest(B2Apa5yoNrgvscrTqGPJMp8zw2PpvWNNz73hA3JvTBfV), end_of_epoch_data None
[2m2025-03-25T07:55:36.746407Z[0m [32m INFO[0m [1mnode[0m[1m{[0m[3mname[0m[2m=[0mk#99f25ef6..[1m}[0m[2m:[0m [2msui_core::checkpoints[0m[2m:[0m [2mcrates/sui-core/src/checkpoints/mod.rs[0m[2m:[0m[2m1326:[0m Creating checkpoint(s) for 1 transactions [3mnext_checkpoint_seq[0m[2m=[0m347 [3mcheckpoint_timestamp[0m[2m=[0m1742889336141
[2m2025-03-25T07:55:36.746410Z[0m [32m INFO[0m [1mnode[0m[1m{[0m[3mname[0m[2m=[0mk#8dcff6d1..[1m}[0m[2m:[0m [2msui_core::checkpoints[0m[2m:[0m [2mcrates/sui-core/src/checkpoints/mod.rs[0m[2m:[0m[2m1326:[0m Creating checkpoint(s) for 1 transactions [3mnext_checkpoint_seq[0m[2m=[0m347 [3mcheckpoint_timestamp[0m[2m=[0m1742889336141
[2m2025-03-25T07:55:36.746583Z[0m [32m INFO[0m [1mnode[0m[1m{[0m[3mname[0m[2m=[0mk#99f25ef6..[1m}[0m[2m:[0m [2msui_core::checkpoints::checkpoint_output[0m[2m:[0m [2mcrates/sui-core/src/checkpoints/checkpoint_output.rs[0m[2m:[0m[2m149:[0m Creating checkpoint CheckpointDigest(HrSotAaXyUjPvpiDm7tUd7VpL4gpQSqe5DS3HMegepYF) at epoch 1, sequence 347, previous digest Some(CheckpointDigest(5tJvRv9jEM3zVMnTdjoNbvvKvuFr4PrsVS1yR1DkNA3F)), transactions count 1, content digest CheckpointContentsDigest(B2Apa5yoNrgvscrTqGPJMp8zw2PpvWNNz73hA3JvTBfV), end_of_epoch_data None
[2m2025-03-25T07:55:36.746584Z[0m [32m INFO[0m [1mnode[0m[1m{[0m[3mname[0m[2m=[0mk#8dcff6d1..[1m}[0m[2m:[0m [2msui_core::checkpoints::checkpoint_output[0m[2m:[0m [2mcrates/sui-core/src/checkpoints/checkpoint_output.rs[0m[2m:[0m[2m149:[0m Creating checkpoint CheckpointDigest(HrSotAaXyUjPvpiDm7tUd7VpL4gpQSqe5DS3HMegepYF) at epoch 1, sequence 347, previous digest Some(CheckpointDigest(5tJvRv9jEM3zVMnTdjoNbvvKvuFr4PrsVS1yR1DkNA3F)), transactions count 1, content digest CheckpointContentsDigest(B2Apa5yoNrgvscrTqGPJMp8zw2PpvWNNz73hA3JvTBfV), end_of_epoch_data None
[2m2025-03-25T07:55:36.768464Z[0m [32m INFO[0m [1mnode[0m[1m{[0m[3mname[0m[2m=[0mk#b3f3cbb4..[1m}[0m[2m:[0m [2msui_core::checkpoints::checkpoint_executor[0m[2m:[0m [2mcrates/sui-core/src/checkpoints/checkpoint_executor/mod.rs[0m[2m:[0m[2m332:[0m Received checkpoint summary from state sync [3msequence_number[0m[2m=[0m346
[2m2025-03-25T07:55:36.808040Z[0m [32m INFO[0m [1mnode[0m[1m{[0m[3mname[0m[2m=[0mk#addeef94..[1m}[0m[2m:[0m [2msui_core::checkpoints::checkpoint_executor[0m[2m:[0m [2mcrates/sui-core/src/checkpoints/checkpoint_executor/mod.rs[0m[2m:[0m[2m332:[0m Received checkpoint summary from state sync [3msequence_number[0m[2m=[0m346
[2m2025-03-25T07:55:36.809500Z[0m [32m INFO[0m [1mnode[0m[1m{[0m[3mname[0m[2m=[0mk#addeef94..[1m}[0m[2m:[0m [2msui_core::state_accumulator[0m[2m:[0m [2mcrates/sui-core/src/state_accumulator.rs[0m[2m:[0m[2m675:[0m accumulating running root for checkpoint 346
[2m2025-03-25T07:55:36.858395Z[0m [32m INFO[0m [1mnode[0m[1m{[0m[3mname[0m[2m=[0mk#b3f3cbb4..[1m}[0m[2m:[0m [2msui_core::state_accumulator[0m[2m:[0m [2mcrates/sui-core/src/state_accumulator.rs[0m[2m:[0m[2m675:[0m accumulating running root for checkpoint 346
[2m2025-03-25T07:55:36.934604Z[0m [32m INFO[0m [1mnode[0m[1m{[0m[3mname[0m[2m=[0mk#addeef94..[1m}[0m[2m:[0m [2mconsensus_core::core[0m[2m:[0m [2mconsensus/core/src/core.rs[0m[2m:[0m[2m945:[0m Included 3 ancestors & excluded 0 ancestors for proposal in round 147
[2m2025-03-25T07:55:36.935120Z[0m [32m INFO[0m [1mnode[0m[1m{[0m[3mname[0m[2m=[0mk#addeef94..[1m}[0m[2m:[0m [2mconsensus_core::core[0m[2m:[0m [2mconsensus/core/src/core.rs[0m[2m:[0m[2m531:[0m Created block B147(C,p003GOrwkaC8s/6ETPbmDKSJWq/fvDkO40TfkLJJnws=)(1742889336934ms;[B146(C,4ThTbviC5kDoU1weq7/n2ZjZfHnC4cHN6xjH3qsjyCU=), B146(A,Bj1qpIA0C6Zg5Tq0JCo+SnctjPbWrhQuglzBNF+EoOs=), B146(B,/kh6THntsp5dvnS1KuajJ5irRkTby2RJlVgC1Gfa/jM=)];1t;1c) for round 147
[2m2025-03-25T07:55:36.939913Z[0m [32m INFO[0m [1mnode[0m[1m{[0m[3mname[0m[2m=[0mk#8dcff6d1..[1m}[0m[2m:[0m [2mconsensus_core::core[0m[2m:[0m [2mconsensus/core/src/core.rs[0m[2m:[0m[2m945:[0m Included 3 ancestors & excluded 0 ancestors for proposal in round 147
[2m2025-03-25T07:55:36.940314Z[0m [32m INFO[0m [1mnode[0m[1m{[0m[3mname[0m[2m=[0mk#8dcff6d1..[1m}[0m[2m:[0m [2mconsensus_core::core[0m[2m:[0m [2mconsensus/core/src/core.rs[0m[2m:[0m[2m531:[0m Created block B147(A,tzz3Lfc/n9azyYOQLbhyiE1nYgsOPaRwrjoiQwwgBkk=)(1742889336940ms;[B146(A,Bj1qpIA0C6Zg5Tq0JCo+SnctjPbWrhQuglzBNF+EoOs=), B146(B,/kh6THntsp5dvnS1KuajJ5irRkTby2RJlVgC1Gfa/jM=), B146(C,4ThTbviC5kDoU1weq7/n2ZjZfHnC4cHN6xjH3qsjyCU=)];1t;1c) for round 147
[2m2025-03-25T07:55:36.940405Z[0m [32m INFO[0m [1mnode[0m[1m{[0m[3mname[0m[2m=[0mk#8dcff6d1..[1m}[0m[2m:[0m [2mconsensus_core::core[0m[2m:[0m [2mconsensus/core/src/core.rs[0m[2m:[0m[2m630:[0m Committing 1 leaders: B145(A,Xm6R)
[2m2025-03-25T07:55:36.940496Z[0m [32m INFO[0m [1mnode[0m[1m{[0m[3mname[0m[2m=[0mk#8dcff6d1..[1m}[0m[2m:[0m [2mconsensus_core::commit_observer[0m[2m:[0m [2mconsensus/core/src/commit_observer.rs[0m[2m:[0m[2m173:[0m Consensus commit C135(1Yje) with leader B145(A,Xm6R) has 3 blocks
[2m2025-03-25T07:55:36.940609Z[0m [32m INFO[0m [1mnode[0m[1m{[0m[3mname[0m[2m=[0mk#8dcff6d1..[1m}[0m[2m:[0m [2msui_core::consensus_handler[0m[2m:[0m [2mcrates/sui-core/src/consensus_handler.rs[0m[2m:[0m[2m232:[0m Received consensus output [3mconsensus_commit[0m[2m=[0mCommittedSubDag(leader=B145(A,Xm6R), ref=C135(1Yje), blocks=[Jv6r, 5H/d, Xm6R]) [3mepoch[0m[2m=[0m1
[2m2025-03-25T07:55:36.940974Z[0m [32m INFO[0m [1mnode[0m[1m{[0m[3mname[0m[2m=[0mk#99f25ef6..[1m}[0m[2m:[0m [2mconsensus_core::core[0m[2m:[0m [2mconsensus/core/src/core.rs[0m[2m:[0m[2m945:[0m Included 3 ancestors & excluded 0 ancestors for proposal in round 147
[2m2025-03-25T07:55:36.941347Z[0m [32m INFO[0m [1mnode[0m[1m{[0m[3mname[0m[2m=[0mk#99f25ef6..[1m}[0m[2m:[0m [2mconsensus_core::core[0m[2m:[0m [2mconsensus/core/src/core.rs[0m[2m:[0m[2m531:[0m Created block B147(B,JGqgAZYnK3dmeZYvsgs4/6sszkTtHiZCJcTG9Yd10qI=)(1742889336941ms;[B146(B,/kh6THntsp5dvnS1KuajJ5irRkTby2RJlVgC1Gfa/jM=), B146(A,Bj1qpIA0C6Zg5Tq0JCo+SnctjPbWrhQuglzBNF+EoOs=), B146(C,4ThTbviC5kDoU1weq7/n2ZjZfHnC4cHN6xjH3qsjyCU=)];1t;1c) for round 147
[2m2025-03-25T07:55:36.941428Z[0m [32m INFO[0m [1mnode[0m[1m{[0m[3mname[0m[2m=[0mk#99f25ef6..[1m}[0m[2m:[0m [2mconsensus_core::core[0m[2m:[0m [2mconsensus/core/src/core.rs[0m[2m:[0m[2m630:[0m Committing 1 leaders: B145(A,Xm6R)
[2m2025-03-25T07:55:36.941514Z[0m [32m INFO[0m [1mnode[0m[1m{[0m[3mname[0m[2m=[0mk#99f25ef6..[1m}[0m[2m:[0m [2mconsensus_core::commit_observer[0m[2m:[0m [2mconsensus/core/src/commit_observer.rs[0m[2m:[0m[2m173:[0m Consensus commit C135(1Yje) with leader B145(A,Xm6R) has 3 blocks
[2m2025-03-25T07:55:36.941610Z[0m [32m INFO[0m [1mnode[0m[1m{[0m[3mname[0m[2m=[0mk#99f25ef6..[1m}[0m[2m:[0m [2msui_core::consensus_handler[0m[2m:[0m [2mcrates/sui-core/src/consensus_handler.rs[0m[2m:[0m[2m232:[0m Received consensus output [3mconsensus_commit[0m[2m=[0mCommittedSubDag(leader=B145(A,Xm6R), ref=C135(1Yje), blocks=[Jv6r, 5H/d, Xm6R]) [3mepoch[0m[2m=[0m1
[2m2025-03-25T07:55:36.943478Z[0m [32m INFO[0m [1mnode[0m[1m{[0m[3mname[0m[2m=[0mk#addeef94..[1m}[0m[2m:[0m [2mconsensus_core::core[0m[2m:[0m [2mconsensus/core/src/core.rs[0m[2m:[0m[2m630:[0m Committing 1 leaders: B145(A,Xm6R)
[2m2025-03-25T07:55:36.943591Z[0m [32m INFO[0m [1mnode[0m[1m{[0m[3mname[0m[2m=[0mk#addeef94..[1m}[0m[2m:[0m [2mconsensus_core::commit_observer[0m[2m:[0m [2mconsensus/core/src/commit_observer.rs[0m[2m:[0m[2m173:[0m Consensus commit C135(1Yje) with leader B145(A,Xm6R) has 3 blocks
[2m2025-03-25T07:55:36.943683Z[0m [32m INFO[0m [1mnode[0m[1m{[0m[3mname[0m[2m=[0mk#addeef94..[1m}[0m[2m:[0m [2msui_core::consensus_handler[0m[2m:[0m [2mcrates/sui-core/src/consensus_handler.rs[0m[2m:[0m[2m232:[0m Received consensus output [3mconsensus_commit[0m[2m=[0mCommittedSubDag(leader=B145(A,Xm6R), ref=C135(1Yje), blocks=[Jv6r, 5H/d, Xm6R]) [3mepoch[0m[2m=[0m1
[2m2025-03-25T07:55:36.970960Z[0m [32m INFO[0m [1mnode[0m[1m{[0m[3mname[0m[2m=[0mk#8dcff6d1..[1m}[0m[2m:[0m [2msui_core::checkpoints[0m[2m:[0m [2mcrates/sui-core/src/checkpoints/mod.rs[0m[2m:[0m[2m1326:[0m Creating checkpoint(s) for 2 transactions [3mnext_checkpoint_seq[0m[2m=[0m348 [3mcheckpoint_timestamp[0m[2m=[0m1742889336412
[2m2025-03-25T07:55:36.971289Z[0m [32m INFO[0m [1mnode[0m[1m{[0m[3mname[0m[2m=[0mk#8dcff6d1..[1m}[0m[2m:[0m [2msui_core::checkpoints::checkpoint_output[0m[2m:[0m [2mcrates/sui-core/src/checkpoints/checkpoint_output.rs[0m[2m:[0m[2m149:[0m Creating checkpoint CheckpointDigest(8QQcyNMnKQAzLoggXNvfiHVo9MFtXgaFaeRKFu5dBZws) at epoch 1, sequence 348, previous digest Some(CheckpointDigest(HrSotAaXyUjPvpiDm7tUd7VpL4gpQSqe5DS3HMegepYF)), transactions count 2, content digest CheckpointContentsDigest(7vryWkLjSQzGhECrhdnbfHX43kV36Uc5b9wu2AShBHvM), end_of_epoch_data None
[2m2025-03-25T07:55:36.971335Z[0m [32m INFO[0m [1mnode[0m[1m{[0m[3mname[0m[2m=[0mk#99f25ef6..[1m}[0m[2m:[0m [2msui_core::checkpoints[0m[2m:[0m [2mcrates/sui-core/src/checkpoints/mod.rs[0m[2m:[0m[2m1326:[0m Creating checkpoint(s) for 2 transactions [3mnext_checkpoint_seq[0m[2m=[0m348 [3mcheckpoint_timestamp[0m[2m=[0m1742889336412
[2m2025-03-25T07:55:36.971593Z[0m [32m INFO[0m [1mnode[0m[1m{[0m[3mname[0m[2m=[0mk#99f25ef6..[1m}[0m[2m:[0m [2msui_core::checkpoints::checkpoint_output[0m[2m:[0m [2mcrates/sui-core/src/checkpoints/checkpoint_output.rs[0m[2m:[0m[2m149:[0m Creating checkpoint CheckpointDigest(8QQcyNMnKQAzLoggXNvfiHVo9MFtXgaFaeRKFu5dBZws) at epoch 1, sequence 348, previous digest Some(CheckpointDigest(HrSotAaXyUjPvpiDm7tUd7VpL4gpQSqe5DS3HMegepYF)), transactions count 2, content digest CheckpointContentsDigest(7vryWkLjSQzGhECrhdnbfHX43kV36Uc5b9wu2AShBHvM), end_of_epoch_data None
[2m2025-03-25T07:55:36.972747Z[0m [32m INFO[0m [1mnode[0m[1m{[0m[3mname[0m[2m=[0mk#addeef94..[1m}[0m[2m:[0m [2msui_core::checkpoints[0m[2m:[0m [2mcrates/sui-core/src/checkpoints/mod.rs[0m[2m:[0m[2m1326:[0m Creating checkpoint(s) for 2 transactions [3mnext_checkpoint_seq[0m[2m=[0m348 [3mcheckpoint_timestamp[0m[2m=[0m1742889336412
[2m2025-03-25T07:55:36.972999Z[0m [32m INFO[0m [1mnode[0m[1m{[0m[3mname[0m[2m=[0mk#addeef94..[1m}[0m[2m:[0m [2msui_core::checkpoints::checkpoint_output[0m[2m:[0m [2mcrates/sui-core/src/checkpoints/checkpoint_output.rs[0m[2m:[0m[2m149:[0m Creating checkpoint CheckpointDigest(8QQcyNMnKQAzLoggXNvfiHVo9MFtXgaFaeRKFu5dBZws) at epoch 1, sequence 348, previous digest Some(CheckpointDigest(HrSotAaXyUjPvpiDm7tUd7VpL4gpQSqe5DS3HMegepYF)), transactions count 2, content digest CheckpointContentsDigest(7vryWkLjSQzGhECrhdnbfHX43kV36Uc5b9wu2AShBHvM), end_of_epoch_data None
[2m2025-03-25T07:55:36.974431Z[0m [32m INFO[0m [1mnode[0m[1m{[0m[3mname[0m[2m=[0mk#8dcff6d1..[1m}[0m[2m:[0m [2msui_core::checkpoints::checkpoint_output[0m[2m:[0m [2mcrates/sui-core/src/checkpoints/checkpoint_output.rs[0m[2m:[0m[2m196:[0m Certified checkpoint with sequence 347 and digest HrSotAaXyUjPvpiDm7tUd7VpL4gpQSqe5DS3HMegepYF
[2m2025-03-25T07:55:36.974482Z[0m [32m INFO[0m [1mnode[0m[1m{[0m[3mname[0m[2m=[0mk#99f25ef6..[1m}[0m[2m:[0m [2msui_core::checkpoints::checkpoint_output[0m[2m:[0m [2mcrates/sui-core/src/checkpoints/checkpoint_output.rs[0m[2m:[0m[2m196:[0m Certified checkpoint with sequence 347 and digest HrSotAaXyUjPvpiDm7tUd7VpL4gpQSqe5DS3HMegepYF
[2m2025-03-25T07:55:36.974903Z[0m [32m INFO[0m [1mnode[0m[1m{[0m[3mname[0m[2m=[0mk#8dcff6d1..[1m}[0m[2m:[0m [2msui_core::checkpoints::checkpoint_executor[0m[2m:[0m [2mcrates/sui-core/src/checkpoints/checkpoint_executor/mod.rs[0m[2m:[0m[2m332:[0m Received checkpoint summary from state sync [3msequence_number[0m[2m=[0m347
[2m2025-03-25T07:55:36.974903Z[0m [32m INFO[0m [1mnode[0m[1m{[0m[3mname[0m[2m=[0mk#99f25ef6..[1m}[0m[2m:[0m [2msui_core::checkpoints::checkpoint_executor[0m[2m:[0m [2mcrates/sui-core/src/checkpoints/checkpoint_executor/mod.rs[0m[2m:[0m[2m332:[0m Received checkpoint summary from state sync [3msequence_number[0m[2m=[0m347
[2m2025-03-25T07:55:36.976063Z[0m [32m INFO[0m [1mnode[0m[1m{[0m[3mname[0m[2m=[0mk#99f25ef6..[1m}[0m[2m:[0m [2msui_core::state_accumulator[0m[2m:[0m [2mcrates/sui-core/src/state_accumulator.rs[0m[2m:[0m[2m675:[0m accumulating running root for checkpoint 347
[2m2025-03-25T07:55:36.976066Z[0m [32m INFO[0m [1mnode[0m[1m{[0m[3mname[0m[2m=[0mk#8dcff6d1..[1m}[0m[2m:[0m [2msui_core::state_accumulator[0m[2m:[0m [2mcrates/sui-core/src/state_accumulator.rs[0m[2m:[0m[2m675:[0m accumulating running root for checkpoint 347
[2m2025-03-25T07:55:36.978263Z[0m [32m INFO[0m [1mnode[0m[1m{[0m[3mname[0m[2m=[0mk#addeef94..[1m}[0m[2m:[0m [2msui_core::checkpoints::checkpoint_executor[0m[2m:[0m [2mcrates/sui-core/src/checkpoints/checkpoint_executor/mod.rs[0m[2m:[0m[2m332:[0m Received checkpoint summary from state sync [3msequence_number[0m[2m=[0m347
[2m2025-03-25T07:55:36.979005Z[0m [32m INFO[0m [1mnode[0m[1m{[0m[3mname[0m[2m=[0mk#addeef94..[1m}[0m[2m:[0m [2msui_core::state_accumulator[0m[2m:[0m [2mcrates/sui-core/src/state_accumulator.rs[0m[2m:[0m[2m675:[0m accumulating running root for checkpoint 347
[2m2025-03-25T07:55:36.979284Z[0m [32m INFO[0m [1mnode[0m[1m{[0m[3mname[0m[2m=[0mk#b3f3cbb4..[1m}[0m[2m:[0m [2msui_core::checkpoints::checkpoint_executor[0m[2m:[0m [2mcrates/sui-core/src/checkpoints/checkpoint_executor/mod.rs[0m[2m:[0m[2m332:[0m Received checkpoint summary from state sync [3msequence_number[0m[2m=[0m347
[2m2025-03-25T07:55:37.005263Z[0m [32m INFO[0m [1mnode[0m[1m{[0m[3mname[0m[2m=[0mk#b3f3cbb4..[1m}[0m[2m:[0m [2msui_core::state_accumulator[0m[2m:[0m [2mcrates/sui-core/src/state_accumulator.rs[0m[2m:[0m[2m675:[0m accumulating running root for checkpoint 347
[2m2025-03-25T07:55:37.193436Z[0m [32m INFO[0m [1mnode[0m[1m{[0m[3mname[0m[2m=[0mk#8dcff6d1..[1m}[0m[2m:[0m [2mconsensus_core::core[0m[2m:[0m [2mconsensus/core/src/core.rs[0m[2m:[0m[2m945:[0m Included 3 ancestors & excluded 0 ancestors for proposal in round 148
[2m2025-03-25T07:55:37.195042Z[0m [32m INFO[0m [1mnode[0m[1m{[0m[3mname[0m[2m=[0mk#99f25ef6..[1m}[0m[2m:[0m [2mconsensus_core::core[0m[2m:[0m [2mconsensus/core/src/core.rs[0m[2m:[0m[2m945:[0m Included 3 ancestors & excluded 0 ancestors for proposal in round 148
[2m2025-03-25T07:55:37.195063Z[0m [32m INFO[0m [1mnode[0m[1m{[0m[3mname[0m[2m=[0mk#8dcff6d1..[1m}[0m[2m:[0m [2mconsensus_core::core[0m[2m:[0m [2mconsensus/core/src/core.rs[0m[2m:[0m[2m531:[0m Created block B148(A,aYjgI8GtnpcLYJYba9kHQypqnR+ZYFWXsqSut7UU1gU=)(1742889337193ms;[B147(A,tzz3Lfc/n9azyYOQLbhyiE1nYgsOPaRwrjoiQwwgBkk=), B147(B,JGqgAZYnK3dmeZYvsgs4/6sszkTtHiZCJcTG9Yd10qI=), B147(C,p003GOrwkaC8s/6ETPbmDKSJWq/fvDkO40TfkLJJnws=)];1t;1c) for round 148
[2m2025-03-25T07:55:37.195266Z[0m [32m INFO[0m [1mnode[0m[1m{[0m[3mname[0m[2m=[0mk#addeef94..[1m}[0m[2m:[0m [2mconsensus_core::core[0m[2m:[0m [2mconsensus/core/src/core.rs[0m[2m:[0m[2m945:[0m Included 3 ancestors & excluded 0 ancestors for proposal in round 148
[2m2025-03-25T07:55:37.196349Z[0m [32m INFO[0m [1mnode[0m[1m{[0m[3mname[0m[2m=[0mk#addeef94..[1m}[0m[2m:[0m [2mconsensus_core::core[0m[2m:[0m [2mconsensus/core/src/core.rs[0m[2m:[0m[2m531:[0m Created block B148(C,H42fJGbB801B9alk+1iqRabXCYf/GwVkthZ+ieUOPMc=)(1742889337195ms;[B147(C,p003GOrwkaC8s/6ETPbmDKSJWq/fvDkO40TfkLJJnws=), B147(A,tzz3Lfc/n9azyYOQLbhyiE1nYgsOPaRwrjoiQwwgBkk=), B147(B,JGqgAZYnK3dmeZYvsgs4/6sszkTtHiZCJcTG9Yd10qI=)];1t;1c) for round 148
[2m2025-03-25T07:55:37.196349Z[0m [32m INFO[0m [1mnode[0m[1m{[0m[3mname[0m[2m=[0mk#99f25ef6..[1m}[0m[2m:[0m [2mconsensus_core::core[0m[2m:[0m [2mconsensus/core/src/core.rs[0m[2m:[0m[2m531:[0m Created block B148(B,VRdsZ/Bis3kK+FCE+IqI8cRPcojxcycuM7zHZd2JD88=)(1742889337195ms;[B147(B,JGqgAZYnK3dmeZYvsgs4/6sszkTtHiZCJcTG9Yd10qI=), B147(A,tzz3Lfc/n9azyYOQLbhyiE1nYgsOPaRwrjoiQwwgBkk=), B147(C,p003GOrwkaC8s/6ETPbmDKSJWq/fvDkO40TfkLJJnws=)];1t;1c) for round 148
[2m2025-03-25T07:55:37.205347Z[0m [32m INFO[0m [1mnode[0m[1m{[0m[3mname[0m[2m=[0mk#addeef94..[1m}[0m[2m:[0m [2mconsensus_core::core[0m[2m:[0m [2mconsensus/core/src/core.rs[0m[2m:[0m[2m630:[0m Committing 1 leaders: B146(B,/kh6)
[2m2025-03-25T07:55:37.205568Z[0m [32m INFO[0m [1mnode[0m[1m{[0m[3mname[0m[2m=[0mk#addeef94..[1m}[0m[2m:[0m [2mconsensus_core::commit_observer[0m[2m:[0m [2mconsensus/core/src/commit_observer.rs[0m[2m:[0m[2m173:[0m Consensus commit C136(htwL) with leader B146(B,/kh6) has 3 blocks
[2m2025-03-25T07:55:37.205879Z[0m [32m INFO[0m [1mnode[0m[1m{[0m[3mname[0m[2m=[0mk#addeef94..[1m}[0m[2m:[0m [2msui_core::consensus_handler[0m[2m:[0m [2mcrates/sui-core/src/consensus_handler.rs[0m[2m:[0m[2m232:[0m Received consensus output [3mconsensus_commit[0m[2m=[0mCommittedSubDag(leader=B146(B,/kh6), ref=C136(htwL), blocks=[e7s0, TqxO, /kh6]) [3mepoch[0m[2m=[0m1
[2m2025-03-25T07:55:37.206888Z[0m [32m INFO[0m [1mnode[0m[1m{[0m[3mname[0m[2m=[0mk#8dcff6d1..[1m}[0m[2m:[0m [2msui_core::checkpoints::checkpoint_output[0m[2m:[0m [2mcrates/sui-core/src/checkpoints/checkpoint_output.rs[0m[2m:[0m[2m196:[0m Certified checkpoint with sequence 348 and digest 8QQcyNMnKQAzLoggXNvfiHVo9MFtXgaFaeRKFu5dBZws
[2m2025-03-25T07:55:37.206900Z[0m [32m INFO[0m [1mnode[0m[1m{[0m[3mname[0m[2m=[0mk#99f25ef6..[1m}[0m[2m:[0m [2msui_core::checkpoints::checkpoint_output[0m[2m:[0m [2mcrates/sui-core/src/checkpoints/checkpoint_output.rs[0m[2m:[0m[2m196:[0m Certified checkpoint with sequence 348 and digest 8QQcyNMnKQAzLoggXNvfiHVo9MFtXgaFaeRKFu5dBZws
[2m2025-03-25T07:55:37.207393Z[0m [32m INFO[0m [1mnode[0m[1m{[0m[3mname[0m[2m=[0mk#8dcff6d1..[1m}[0m[2m:[0m [2mconsensus_core::core[0m[2m:[0m [2mconsensus/core/src/core.rs[0m[2m:[0m[2m630:[0m Committing 1 leaders: B146(B,/kh6)
[2m2025-03-25T07:55:37.207421Z[0m [32m INFO[0m [1mnode[0m[1m{[0m[3mname[0m[2m=[0mk#99f25ef6..[1m}[0m[2m:[0m [2mconsensus_core::core[0m[2m:[0m [2mconsensus/core/src/core.rs[0m[2m:[0m[2m630:[0m Committing 1 leaders: B146(B,/kh6)
[2m2025-03-25T07:55:37.207623Z[0m [32m INFO[0m [1mnode[0m[1m{[0m[3mname[0m[2m=[0mk#8dcff6d1..[1m}[0m[2m:[0m [2mconsensus_core::commit_observer[0m[2m:[0m [2mconsensus/core/src/commit_observer.rs[0m[2m:[0m[2m173:[0m Consensus commit C136(htwL) with leader B146(B,/kh6) has 3 blocks
[2m2025-03-25T07:55:37.207662Z[0m [32m INFO[0m [1mnode[0m[1m{[0m[3mname[0m[2m=[0mk#99f25ef6..[1m}[0m[2m:[0m [2mconsensus_core::commit_observer[0m[2m:[0m [2mconsensus/core/src/commit_observer.rs[0m[2m:[0m[2m173:[0m Consensus commit C136(htwL) with leader B146(B,/kh6) has 3 blocks
[2m2025-03-25T07:55:37.208523Z[0m [32m INFO[0m [1mnode[0m[1m{[0m[3mname[0m[2m=[0mk#8dcff6d1..[1m}[0m[2m:[0m [2msui_core::consensus_handler[0m[2m:[0m [2mcrates/sui-core/src/consensus_handler.rs[0m[2m:[0m[2m232:[0m Received consensus output [3mconsensus_commit[0m[2m=[0mCommittedSubDag(leader=B146(B,/kh6), ref=C136(htwL), blocks=[e7s0, TqxO, /kh6]) [3mepoch[0m[2m=[0m1
[2m2025-03-25T07:55:37.208544Z[0m [32m INFO[0m [1mnode[0m[1m{[0m[3mname[0m[2m=[0mk#99f25ef6..[1m}[0m[2m:[0m [2msui_core::consensus_handler[0m[2m:[0m [2mcrates/sui-core/src/consensus_handler.rs[0m[2m:[0m[2m232:[0m Received consensus output [3mconsensus_commit[0m[2m=[0mCommittedSubDag(leader=B146(B,/kh6), ref=C136(htwL), blocks=[e7s0, TqxO, /kh6]) [3mepoch[0m[2m=[0m1
[2m2025-03-25T07:55:37.209846Z[0m [32m INFO[0m [1mnode[0m[1m{[0m[3mname[0m[2m=[0mk#99f25ef6..[1m}[0m[2m:[0m [2msui_core::checkpoints::checkpoint_executor[0m[2m:[0m [2mcrates/sui-core/src/checkpoints/checkpoint_executor/mod.rs[0m[2m:[0m[2m332:[0m Received checkpoint summary from state sync [3msequence_number[0m[2m=[0m348
[2m2025-03-25T07:55:37.209877Z[0m [32m INFO[0m [1mnode[0m[1m{[0m[3mname[0m[2m=[0mk#8dcff6d1..[1m}[0m[2m:[0m [2msui_core::checkpoints::checkpoint_executor[0m[2m:[0m [2mcrates/sui-core/src/checkpoints/checkpoint_executor/mod.rs[0m[2m:[0m[2m332:[0m Received checkpoint summary from state sync [3msequence_number[0m[2m=[0m348
[2m2025-03-25T07:55:37.231659Z[0m [32m INFO[0m [1mnode[0m[1m{[0m[3mname[0m[2m=[0mk#8dcff6d1..[1m}[0m[2m:[0m [2msui_core::state_accumulator[0m[2m:[0m [2mcrates/sui-core/src/state_accumulator.rs[0m[2m:[0m[2m675:[0m accumulating running root for checkpoint 348
[2m2025-03-25T07:55:37.231667Z[0m [32m INFO[0m [1mnode[0m[1m{[0m[3mname[0m[2m=[0mk#99f25ef6..[1m}[0m[2m:[0m [2msui_core::state_accumulator[0m[2m:[0m [2mcrates/sui-core/src/state_accumulator.rs[0m[2m:[0m[2m675:[0m accumulating running root for checkpoint 348
[2m2025-03-25T07:55:37.269036Z[0m [32m INFO[0m [1mnode[0m[1m{[0m[3mname[0m[2m=[0mk#addeef94..[1m}[0m[2m:[0m [2msui_core::checkpoints[0m[2m:[0m [2mcrates/sui-core/src/checkpoints/mod.rs[0m[2m:[0m[2m1326:[0m Creating checkpoint(s) for 1 transactions [3mnext_checkpoint_seq[0m[2m=[0m349 [3mcheckpoint_timestamp[0m[2m=[0m1742889336666
[2m2025-03-25T07:55:37.269278Z[0m [32m INFO[0m [1mnode[0m[1m{[0m[3mname[0m[2m=[0mk#addeef94..[1m}[0m[2m:[0m [2msui_core::checkpoints::checkpoint_output[0m[2m:[0m [2mcrates/sui-core/src/checkpoints/checkpoint_output.rs[0m[2m:[0m[2m149:[0m Creating checkpoint CheckpointDigest(3FgwVLbfMjah3Hi2nu2aup9tXeAUMndHybV71vej2NXm) at epoch 1, sequence 349, previous digest Some(CheckpointDigest(8QQcyNMnKQAzLoggXNvfiHVo9MFtXgaFaeRKFu5dBZws)), transactions count 1, content digest CheckpointContentsDigest(RTQPvvQmF4TPZUyaUVyQ82mkZw6Q6YWqzndxVde3EFJ), end_of_epoch_data None
[2m2025-03-25T07:55:37.272310Z[0m [32m INFO[0m [1mnode[0m[1m{[0m[3mname[0m[2m=[0mk#8dcff6d1..[1m}[0m[2m:[0m [2msui_core::checkpoints[0m[2m:[0m [2mcrates/sui-core/src/checkpoints/mod.rs[0m[2m:[0m[2m1326:[0m Creating checkpoint(s) for 1 transactions [3mnext_checkpoint_seq[0m[2m=[0m349 [3mcheckpoint_timestamp[0m[2m=[0m1742889336666
[2m2025-03-25T07:55:37.272328Z[0m [32m INFO[0m [1mnode[0m[1m{[0m[3mname[0m[2m=[0mk#99f25ef6..[1m}[0m[2m:[0m [2msui_core::checkpoints[0m[2m:[0m [2mcrates/sui-core/src/checkpoints/mod.rs[0m[2m:[0m[2m1326:[0m Creating checkpoint(s) for 1 transactions [3mnext_checkpoint_seq[0m[2m=[0m349 [3mcheckpoint_timestamp[0m[2m=[0m1742889336666
[2m2025-03-25T07:55:37.272488Z[0m [32m INFO[0m [1mnode[0m[1m{[0m[3mname[0m[2m=[0mk#8dcff6d1..[1m}[0m[2m:[0m [2msui_core::checkpoints::checkpoint_output[0m[2m:[0m [2mcrates/sui-core/src/checkpoints/checkpoint_output.rs[0m[2m:[0m[2m149:[0m Creating checkpoint CheckpointDigest(3FgwVLbfMjah3Hi2nu2aup9tXeAUMndHybV71vej2NXm) at epoch 1, sequence 349, previous digest Some(CheckpointDigest(8QQcyNMnKQAzLoggXNvfiHVo9MFtXgaFaeRKFu5dBZws)), transactions count 1, content digest CheckpointContentsDigest(RTQPvvQmF4TPZUyaUVyQ82mkZw6Q6YWqzndxVde3EFJ), end_of_epoch_data None
[2m2025-03-25T07:55:37.272495Z[0m [32m INFO[0m [1mnode[0m[1m{[0m[3mname[0m[2m=[0mk#99f25ef6..[1m}[0m[2m:[0m [2msui_core::checkpoints::checkpoint_output[0m[2m:[0m [2mcrates/sui-core/src/checkpoints/checkpoint_output.rs[0m[2m:[0m[2m149:[0m Creating checkpoint CheckpointDigest(3FgwVLbfMjah3Hi2nu2aup9tXeAUMndHybV71vej2NXm) at epoch 1, sequence 349, previous digest Some(CheckpointDigest(8QQcyNMnKQAzLoggXNvfiHVo9MFtXgaFaeRKFu5dBZws)), transactions count 1, content digest CheckpointContentsDigest(RTQPvvQmF4TPZUyaUVyQ82mkZw6Q6YWqzndxVde3EFJ), end_of_epoch_data None
[2m2025-03-25T07:55:37.277593Z[0m [32m INFO[0m [1mnode[0m[1m{[0m[3mname[0m[2m=[0mk#b3f3cbb4..[1m}[0m[2m:[0m [2msui_core::checkpoints::checkpoint_executor[0m[2m:[0m [2mcrates/sui-core/src/checkpoints/checkpoint_executor/mod.rs[0m[2m:[0m[2m332:[0m Received checkpoint summary from state sync [3msequence_number[0m[2m=[0m348
[2m2025-03-25T07:55:37.290467Z[0m [32m INFO[0m [1mnode[0m[1m{[0m[3mname[0m[2m=[0mk#addeef94..[1m}[0m[2m:[0m [2msui_core::checkpoints::checkpoint_executor[0m[2m:[0m [2mcrates/sui-core/src/checkpoints/checkpoint_executor/mod.rs[0m[2m:[0m[2m332:[0m Received checkpoint summary from state sync [3msequence_number[0m[2m=[0m348
[2m2025-03-25T07:55:37.336464Z[0m [32m INFO[0m [1mnode[0m[1m{[0m[3mname[0m[2m=[0mk#addeef94..[1m}[0m[2m:[0m [2msui_core::state_accumulator[0m[2m:[0m [2mcrates/sui-core/src/state_accumulator.rs[0m[2m:[0m[2m675:[0m accumulating running root for checkpoint 348
[2m2025-03-25T07:55:37.336831Z[0m [32m INFO[0m [1mnode[0m[1m{[0m[3mname[0m[2m=[0mk#8dcff6d1..[1m}[0m[2m:[0m [2mconsensus_core::commit_syncer[0m[2m:[0m [2mconsensus/core/src/commit_syncer.rs[0m[2m:[0m[2m196:[0m Checking to schedule fetches: synced_commit_index=136, highest_handled_index=136, highest_scheduled_index=0, quorum_commit_index=135, unhandled_commits_threshold=3200
[2m2025-03-25T07:55:37.337088Z[0m [32m INFO[0m [1mnode[0m[1m{[0m[3mname[0m[2m=[0mk#addeef94..[1m}[0m[2m:[0m [2mconsensus_core::commit_syncer[0m[2m:[0m [2mconsensus/core/src/commit_syncer.rs[0m[2m:[0m[2m196:[0m Checking to schedule fetches: synced_commit_index=136, highest_handled_index=136, highest_scheduled_index=0, quorum_commit_index=0, unhandled_commits_threshold=3200
[2m2025-03-25T07:55:37.337722Z[0m [32m INFO[0m [1mnode[0m[1m{[0m[3mname[0m[2m=[0mk#99f25ef6..[1m}[0m[2m:[0m [2mconsensus_core::commit_syncer[0m[2m:[0m [2mconsensus/core/src/commit_syncer.rs[0m[2m:[0m[2m196:[0m Checking to schedule fetches: synced_commit_index=136, highest_handled_index=136, highest_scheduled_index=0, quorum_commit_index=135, unhandled_commits_threshold=3200
[2m2025-03-25T07:55:37.369259Z[0m [32m INFO[0m [1mnode[0m[1m{[0m[3mname[0m[2m=[0mk#b3f3cbb4..[1m}[0m[2m:[0m [2msui_core::state_accumulator[0m[2m:[0m [2mcrates/sui-core/src/state_accumulator.rs[0m[2m:[0m[2m675:[0m accumulating running root for checkpoint 348
[2m2025-03-25T07:55:37.457987Z[0m [32m INFO[0m [1mnode[0m[1m{[0m[3mname[0m[2m=[0mk#addeef94..[1m}[0m[2m:[0m [2mconsensus_core::core[0m[2m:[0m [2mconsensus/core/src/core.rs[0m[2m:[0m[2m945:[0m Included 3 ancestors & excluded 0 ancestors for proposal in round 149
[2m2025-03-25T07:55:37.458556Z[0m [32m INFO[0m [1mnode[0m[1m{[0m[3mname[0m[2m=[0mk#addeef94..[1m}[0m[2m:[0m [2mconsensus_core::core[0m[2m:[0m [2mconsensus/core/src/core.rs[0m[2m:[0m[2m531:[0m Created block B149(C,zpQR4Gxit9zTnH04whi1vDo0T85jnUekEwxp0bndHCU=)(1742889337458ms;[B148(C,H42fJGbB801B9alk+1iqRabXCYf/GwVkthZ+ieUOPMc=), B148(A,aYjgI8GtnpcLYJYba9kHQypqnR+ZYFWXsqSut7UU1gU=), B148(B,VRdsZ/Bis3kK+FCE+IqI8cRPcojxcycuM7zHZd2JD88=)];1t;1c) for round 149
[2m2025-03-25T07:55:37.461222Z[0m [32m INFO[0m [1mnode[0m[1m{[0m[3mname[0m[2m=[0mk#99f25ef6..[1m}[0m[2m:[0m [2mconsensus_core::core[0m[2m:[0m [2mconsensus/core/src/core.rs[0m[2m:[0m[2m945:[0m Included 3 ancestors & excluded 0 ancestors for proposal in round 149
[2m2025-03-25T07:55:37.461222Z[0m [32m INFO[0m [1mnode[0m[1m{[0m[3mname[0m[2m=[0mk#8dcff6d1..[1m}[0m[2m:[0m [2mconsensus_core::core[0m[2m:[0m [2mconsensus/core/src/core.rs[0m[2m:[0m[2m945:[0m Included 3 ancestors & excluded 0 ancestors for proposal in round 149
[2m2025-03-25T07:55:37.461621Z[0m [32m INFO[0m [1mnode[0m[1m{[0m[3mname[0m[2m=[0mk#99f25ef6..[1m}[0m[2m:[0m [2mconsensus_core::core[0m[2m:[0m [2mconsensus/core/src/core.rs[0m[2m:[0m[2m531:[0m Created block B149(B,NLi+Z+GqOQw27R8gc9zCXWEDOU+nt+pgp9VZoHCtRHY=)(1742889337461ms;[B148(B,VRdsZ/Bis3kK+FCE+IqI8cRPcojxcycuM7zHZd2JD88=), B148(A,aYjgI8GtnpcLYJYba9kHQypqnR+ZYFWXsqSut7UU1gU=), B148(C,H42fJGbB801B9alk+1iqRabXCYf/GwVkthZ+ieUOPMc=)];1t;1c) for round 149
[2m2025-03-25T07:55:37.461620Z[0m [32m INFO[0m [1mnode[0m[1m{[0m[3mname[0m[2m=[0mk#8dcff6d1..[1m}[0m[2m:[0m [2mconsensus_core::core[0m[2m:[0m [2mconsensus/core/src/core.rs[0m[2m:[0m[2m531:[0m Created block B149(A,dwkdmn3RnPizqI8+7QBERzKNeg0JGJOWVFCYDX98Kn8=)(1742889337461ms;[B148(A,aYjgI8GtnpcLYJYba9kHQypqnR+ZYFWXsqSut7UU1gU=), B148(B,VRdsZ/Bis3kK+FCE+IqI8cRPcojxcycuM7zHZd2JD88=), B148(C,H42fJGbB801B9alk+1iqRabXCYf/GwVkthZ+ieUOPMc=)];1t;1c) for round 149
[2m2025-03-25T07:55:37.461717Z[0m [32m INFO[0m [1mnode[0m[1m{[0m[3mname[0m[2m=[0mk#99f25ef6..[1m}[0m[2m:[0m [2mconsensus_core::core[0m[2m:[0m [2mconsensus/core/src/core.rs[0m[2m:[0m[2m630:[0m Committing 1 leaders: B147(B,JGqg)
[2m2025-03-25T07:55:37.461717Z[0m [32m INFO[0m [1mnode[0m[1m{[0m[3mname[0m[2m=[0mk#8dcff6d1..[1m}[0m[2m:[0m [2mconsensus_core::core[0m[2m:[0m [2mconsensus/core/src/core.rs[0m[2m:[0m[2m630:[0m Committing 1 leaders: B147(B,JGqg)
[2m2025-03-25T07:55:37.461815Z[0m [32m INFO[0m [1mnode[0m[1m{[0m[3mname[0m[2m=[0mk#99f25ef6..[1m}[0m[2m:[0m [2mconsensus_core::commit_observer[0m[2m:[0m [2mconsensus/core/src/commit_observer.rs[0m[2m:[0m[2m173:[0m Consensus commit C137(y2H9) with leader B147(B,JGqg) has 3 blocks
[2m2025-03-25T07:55:37.461815Z[0m [32m INFO[0m [1mnode[0m[1m{[0m[3mname[0m[2m=[0mk#8dcff6d1..[1m}[0m[2m:[0m [2mconsensus_core::commit_observer[0m[2m:[0m [2mconsensus/core/src/commit_observer.rs[0m[2m:[0m[2m173:[0m Consensus commit C137(y2H9) with leader B147(B,JGqg) has 3 blocks
[2m2025-03-25T07:55:37.461938Z[0m [32m INFO[0m [1mnode[0m[1m{[0m[3mname[0m[2m=[0mk#99f25ef6..[1m}[0m[2m:[0m [2msui_core::consensus_handler[0m[2m:[0m [2mcrates/sui-core/src/consensus_handler.rs[0m[2m:[0m[2m232:[0m Received consensus output [3mconsensus_commit[0m[2m=[0mCommittedSubDag(leader=B147(B,JGqg), ref=C137(y2H9), blocks=[Bj1q, 4ThT, JGqg]) [3mepoch[0m[2m=[0m1
[2m2025-03-25T07:55:37.461938Z[0m [32m INFO[0m [1mnode[0m[1m{[0m[3mname[0m[2m=[0mk#8dcff6d1..[1m}[0m[2m:[0m [2msui_core::consensus_handler[0m[2m:[0m [2mcrates/sui-core/src/consensus_handler.rs[0m[2m:[0m[2m232:[0m Received consensus output [3mconsensus_commit[0m[2m=[0mCommittedSubDag(leader=B147(B,JGqg), ref=C137(y2H9), blocks=[Bj1q, 4ThT, JGqg]) [3mepoch[0m[2m=[0m1
[2m2025-03-25T07:55:37.466767Z[0m [32m INFO[0m [1mnode[0m[1m{[0m[3mname[0m[2m=[0mk#addeef94..[1m}[0m[2m:[0m [2mconsensus_core::core[0m[2m:[0m [2mconsensus/core/src/core.rs[0m[2m:[0m[2m630:[0m Committing 1 leaders: B147(B,JGqg)
[2m2025-03-25T07:55:37.466880Z[0m [32m INFO[0m [1mnode[0m[1m{[0m[3mname[0m[2m=[0mk#addeef94..[1m}[0m[2m:[0m [2mconsensus_core::commit_observer[0m[2m:[0m [2mconsensus/core/src/commit_observer.rs[0m[2m:[0m[2m173:[0m Consensus commit C137(y2H9) with leader B147(B,JGqg) has 3 blocks
[2m2025-03-25T07:55:37.467042Z[0m [32m INFO[0m [1mnode[0m[1m{[0m[3mname[0m[2m=[0mk#addeef94..[1m}[0m[2m:[0m [2msui_core::consensus_handler[0m[2m:[0m [2mcrates/sui-core/src/consensus_handler.rs[0m[2m:[0m[2m232:[0m Received consensus output [3mconsensus_commit[0m[2m=[0mCommittedSubDag(leader=B147(B,JGqg), ref=C137(y2H9), blocks=[Bj1q, 4ThT, JGqg]) [3mepoch[0m[2m=[0m1
[2m2025-03-25T07:55:37.493232Z[0m [32m INFO[0m [1mnode[0m[1m{[0m[3mname[0m[2m=[0mk#99f25ef6..[1m}[0m[2m:[0m [2msui_core::checkpoints[0m[2m:[0m [2mcrates/sui-core/src/checkpoints/mod.rs[0m[2m:[0m[2m1326:[0m Creating checkpoint(s) for 2 transactions [3mnext_checkpoint_seq[0m[2m=[0m350 [3mcheckpoint_timestamp[0m[2m=[0m1742889336941
[2m2025-03-25T07:55:37.493234Z[0m [32m INFO[0m [1mnode[0m[1m{[0m[3mname[0m[2m=[0mk#8dcff6d1..[1m}[0m[2m:[0m [2msui_core::checkpoints[0m[2m:[0m [2mcrates/sui-core/src/checkpoints/mod.rs[0m[2m:[0m[2m1326:[0m Creating checkpoint(s) for 2 transactions [3mnext_checkpoint_seq[0m[2m=[0m350 [3mcheckpoint_timestamp[0m[2m=[0m1742889336941
[2m2025-03-25T07:55:37.493553Z[0m [32m INFO[0m [1mnode[0m[1m{[0m[3mname[0m[2m=[0mk#8dcff6d1..[1m}[0m[2m:[0m [2msui_core::checkpoints::checkpoint_output[0m[2m:[0m [2mcrates/sui-core/src/checkpoints/checkpoint_output.rs[0m[2m:[0m[2m149:[0m Creating checkpoint CheckpointDigest(3vPCyN3mtqZtgVeNjv6QESqTpArGUFfTkGnA9wBTxzgk) at epoch 1, sequence 350, previous digest Some(CheckpointDigest(3FgwVLbfMjah3Hi2nu2aup9tXeAUMndHybV71vej2NXm)), transactions count 2, content digest CheckpointContentsDigest(FKv4tCpAQA2Jee4AePUmJLRFLDhCr2TyuZPjHsrArRTV), end_of_epoch_data None
[2m2025-03-25T07:55:37.493553Z[0m [32m INFO[0m [1mnode[0m[1m{[0m[3mname[0m[2m=[0mk#99f25ef6..[1m}[0m[2m:[0m [2msui_core::checkpoints::checkpoint_output[0m[2m:[0m [2mcrates/sui-core/src/checkpoints/checkpoint_output.rs[0m[2m:[0m[2m149:[0m Creating checkpoint CheckpointDigest(3vPCyN3mtqZtgVeNjv6QESqTpArGUFfTkGnA9wBTxzgk) at epoch 1, sequence 350, previous digest Some(CheckpointDigest(3FgwVLbfMjah3Hi2nu2aup9tXeAUMndHybV71vej2NXm)), transactions count 2, content digest CheckpointContentsDigest(FKv4tCpAQA2Jee4AePUmJLRFLDhCr2TyuZPjHsrArRTV), end_of_epoch_data None
[2m2025-03-25T07:55:37.496466Z[0m [32m INFO[0m [1mnode[0m[1m{[0m[3mname[0m[2m=[0mk#addeef94..[1m}[0m[2m:[0m [2msui_core::checkpoints[0m[2m:[0m [2mcrates/sui-core/src/checkpoints/mod.rs[0m[2m:[0m[2m1326:[0m Creating checkpoint(s) for 2 transactions [3mnext_checkpoint_seq[0m[2m=[0m350 [3mcheckpoint_timestamp[0m[2m=[0m1742889336941
[2m2025-03-25T07:55:37.496620Z[0m [32m INFO[0m [1mnode[0m[1m{[0m[3mname[0m[2m=[0mk#99f25ef6..[1m}[0m[2m:[0m [2msui_core::checkpoints::checkpoint_output[0m[2m:[0m [2mcrates/sui-core/src/checkpoints/checkpoint_output.rs[0m[2m:[0m[2m196:[0m Certified checkpoint with sequence 349 and digest 3FgwVLbfMjah3Hi2nu2aup9tXeAUMndHybV71vej2NXm
[2m2025-03-25T07:55:37.496626Z[0m [32m INFO[0m [1mnode[0m[1m{[0m[3mname[0m[2m=[0mk#8dcff6d1..[1m}[0m[2m:[0m [2msui_core::checkpoints::checkpoint_output[0m[2m:[0m [2mcrates/sui-core/src/checkpoints/checkpoint_output.rs[0m[2m:[0m[2m196:[0m Certified checkpoint with sequence 349 and digest 3FgwVLbfMjah3Hi2nu2aup9tXeAUMndHybV71vej2NXm
[2m2025-03-25T07:55:37.496716Z[0m [32m INFO[0m [1mnode[0m[1m{[0m[3mname[0m[2m=[0mk#addeef94..[1m}[0m[2m:[0m [2msui_core::checkpoints::checkpoint_output[0m[2m:[0m [2mcrates/sui-core/src/checkpoints/checkpoint_output.rs[0m[2m:[0m[2m149:[0m Creating checkpoint CheckpointDigest(3vPCyN3mtqZtgVeNjv6QESqTpArGUFfTkGnA9wBTxzgk) at epoch 1, sequence 350, previous digest Some(CheckpointDigest(3FgwVLbfMjah3Hi2nu2aup9tXeAUMndHybV71vej2NXm)), transactions count 2, content digest CheckpointContentsDigest(FKv4tCpAQA2Jee4AePUmJLRFLDhCr2TyuZPjHsrArRTV), end_of_epoch_data None
[2m2025-03-25T07:55:37.497063Z[0m [32m INFO[0m [1mnode[0m[1m{[0m[3mname[0m[2m=[0mk#99f25ef6..[1m}[0m[2m:[0m [2msui_core::checkpoints::checkpoint_executor[0m[2m:[0m [2mcrates/sui-core/src/checkpoints/checkpoint_executor/mod.rs[0m[2m:[0m[2m332:[0m Received checkpoint summary from state sync [3msequence_number[0m[2m=[0m349
[2m2025-03-25T07:55:37.497063Z[0m [32m INFO[0m [1mnode[0m[1m{[0m[3mname[0m[2m=[0mk#8dcff6d1..[1m}[0m[2m:[0m [2msui_core::checkpoints::checkpoint_executor[0m[2m:[0m [2mcrates/sui-core/src/checkpoints/checkpoint_executor/mod.rs[0m[2m:[0m[2m332:[0m Received checkpoint summary from state sync [3msequence_number[0m[2m=[0m349
[2m2025-03-25T07:55:37.498219Z[0m [32m INFO[0m [1mnode[0m[1m{[0m[3mname[0m[2m=[0mk#99f25ef6..[1m}[0m[2m:[0m [2msui_core::state_accumulator[0m[2m:[0m [2mcrates/sui-core/src/state_accumulator.rs[0m[2m:[0m[2m675:[0m accumulating running root for checkpoint 349
[2m2025-03-25T07:55:37.498231Z[0m [32m INFO[0m [1mnode[0m[1m{[0m[3mname[0m[2m=[0mk#8dcff6d1..[1m}[0m[2m:[0m [2msui_core::state_accumulator[0m[2m:[0m [2mcrates/sui-core/src/state_accumulator.rs[0m[2m:[0m[2m675:[0m accumulating running root for checkpoint 349
[2m2025-03-25T07:55:37.500417Z[0m [32m INFO[0m [1mnode[0m[1m{[0m[3mname[0m[2m=[0mk#addeef94..[1m}[0m[2m:[0m [2msui_core::checkpoints::checkpoint_executor[0m[2m:[0m [2mcrates/sui-core/src/checkpoints/checkpoint_executor/mod.rs[0m[2m:[0m[2m332:[0m Received checkpoint summary from state sync [3msequence_number[0m[2m=[0m349
[2m2025-03-25T07:55:37.501140Z[0m [32m INFO[0m [1mnode[0m[1m{[0m[3mname[0m[2m=[0mk#addeef94..[1m}[0m[2m:[0m [2msui_core::state_accumulator[0m[2m:[0m [2mcrates/sui-core/src/state_accumulator.rs[0m[2m:[0m[2m675:[0m accumulating running root for checkpoint 349
[2m2025-03-25T07:55:37.501417Z[0m [32m INFO[0m [1mnode[0m[1m{[0m[3mname[0m[2m=[0mk#b3f3cbb4..[1m}[0m[2m:[0m [2msui_core::checkpoints::checkpoint_executor[0m[2m:[0m [2mcrates/sui-core/src/checkpoints/checkpoint_executor/mod.rs[0m[2m:[0m[2m332:[0m Received checkpoint summary from state sync [3msequence_number[0m[2m=[0m349
[2m2025-03-25T07:55:37.527242Z[0m [32m INFO[0m [1mnode[0m[1m{[0m[3mname[0m[2m=[0mk#b3f3cbb4..[1m}[0m[2m:[0m [2msui_core::state_accumulator[0m[2m:[0m [2mcrates/sui-core/src/state_accumulator.rs[0m[2m:[0m[2m675:[0m accumulating running root for checkpoint 349
[2m2025-03-25T07:55:37.714936Z[0m [32m INFO[0m [1mnode[0m[1m{[0m[3mname[0m[2m=[0mk#8dcff6d1..[1m}[0m[2m:[0m [2mconsensus_core::core[0m[2m:[0m [2mconsensus/core/src/core.rs[0m[2m:[0m[2m945:[0m Included 3 ancestors & excluded 0 ancestors for proposal in round 150
[2m2025-03-25T07:55:37.715608Z[0m [32m INFO[0m [1mnode[0m[1m{[0m[3mname[0m[2m=[0mk#99f25ef6..[1m}[0m[2m:[0m [2mconsensus_core::core[0m[2m:[0m [2mconsensus/core/src/core.rs[0m[2m:[0m[2m945:[0m Included 3 ancestors & excluded 0 ancestors for proposal in round 150
[2m2025-03-25T07:55:37.716780Z[0m [32m INFO[0m [1mnode[0m[1m{[0m[3mname[0m[2m=[0mk#8dcff6d1..[1m}[0m[2m:[0m [2mconsensus_core::core[0m[2m:[0m [2mconsensus/core/src/core.rs[0m[2m:[0m[2m531:[0m Created block B150(A,TE/5o9gAdnrzZCgTVnkQlOTWSwVVFwiRmwupu3/4DQ4=)(1742889337715ms;[B149(A,dwkdmn3RnPizqI8+7QBERzKNeg0JGJOWVFCYDX98Kn8=), B149(B,NLi+Z+GqOQw27R8gc9zCXWEDOU+nt+pgp9VZoHCtRHY=), B149(C,zpQR4Gxit9zTnH04whi1vDo0T85jnUekEwxp0bndHCU=)];1t;1c) for round 150
[2m2025-03-25T07:55:37.717309Z[0m [32m INFO[0m [1mnode[0m[1m{[0m[3mname[0m[2m=[0mk#99f25ef6..[1m}[0m[2m:[0m [2mconsensus_core::core[0m[2m:[0m [2mconsensus/core/src/core.rs[0m[2m:[0m[2m531:[0m Created block B150(B,oFoM4ScMiA9WcQN+UPUWl+F0XVYvNli1qwZEZ7e89wo=)(1742889337715ms;[B149(B,NLi+Z+GqOQw27R8gc9zCXWEDOU+nt+pgp9VZoHCtRHY=), B149(A,dwkdmn3RnPizqI8+7QBERzKNeg0JGJOWVFCYDX98Kn8=), B149(C,zpQR4Gxit9zTnH04whi1vDo0T85jnUekEwxp0bndHCU=)];1t;1c) for round 150
[2m2025-03-25T07:55:37.727140Z[0m [32m INFO[0m [1mnode[0m[1m{[0m[3mname[0m[2m=[0mk#addeef94..[1m}[0m[2m:[0m [2mconsensus_core::core[0m[2m:[0m [2mconsensus/core/src/core.rs[0m[2m:[0m[2m945:[0m Included 3 ancestors & excluded 0 ancestors for proposal in round 150
[2m2025-03-25T07:55:37.728213Z[0m [32m INFO[0m [1mnode[0m[1m{[0m[3mname[0m[2m=[0mk#addeef94..[1m}[0m[2m:[0m [2mconsensus_core::core[0m[2m:[0m [2mconsensus/core/src/core.rs[0m[2m:[0m[2m531:[0m Created block B150(C,3Y/Kn8SC4BA8aixrClHYgC4tG7fM/DUiW2EGc2t1uCU=)(1742889337727ms;[B149(C,zpQR4Gxit9zTnH04whi1vDo0T85jnUekEwxp0bndHCU=), B149(A,dwkdmn3RnPizqI8+7QBERzKNeg0JGJOWVFCYDX98Kn8=), B149(B,NLi+Z+GqOQw27R8gc9zCXWEDOU+nt+pgp9VZoHCtRHY=)];1t;1c) for round 150
[2m2025-03-25T07:55:37.728728Z[0m [32m INFO[0m [1mnode[0m[1m{[0m[3mname[0m[2m=[0mk#addeef94..[1m}[0m[2m:[0m [2mconsensus_core::core[0m[2m:[0m [2mconsensus/core/src/core.rs[0m[2m:[0m[2m630:[0m Committing 1 leaders: B148(C,H42f)
[2m2025-03-25T07:55:37.729139Z[0m [32m INFO[0m [1mnode[0m[1m{[0m[3mname[0m[2m=[0mk#addeef94..[1m}[0m[2m:[0m [2mconsensus_core::commit_observer[0m[2m:[0m [2mconsensus/core/src/commit_observer.rs[0m[2m:[0m[2m173:[0m Consensus commit C138(4RqQ) with leader B148(C,H42f) has 3 blocks
[2m2025-03-25T07:55:37.730512Z[0m [32m INFO[0m [1mnode[0m[1m{[0m[3mname[0m[2m=[0mk#addeef94..[1m}[0m[2m:[0m [2msui_core::consensus_handler[0m[2m:[0m [2mcrates/sui-core/src/consensus_handler.rs[0m[2m:[0m[2m232:[0m Received consensus output [3mconsensus_commit[0m[2m=[0mCommittedSubDag(leader=B148(C,H42f), ref=C138(4RqQ), blocks=[tzz3, p003, H42f]) [3mepoch[0m[2m=[0m1
[2m2025-03-25T07:55:37.737799Z[0m [32m INFO[0m [1mnode[0m[1m{[0m[3mname[0m[2m=[0mk#99f25ef6..[1m}[0m[2m:[0m [2msui_core::checkpoints::checkpoint_output[0m[2m:[0m [2mcrates/sui-core/src/checkpoints/checkpoint_output.rs[0m[2m:[0m[2m196:[0m Certified checkpoint with sequence 350 and digest 3vPCyN3mtqZtgVeNjv6QESqTpArGUFfTkGnA9wBTxzgk
[2m2025-03-25T07:55:37.737806Z[0m [32m INFO[0m [1mnode[0m[1m{[0m[3mname[0m[2m=[0mk#8dcff6d1..[1m}[0m[2m:[0m [2msui_core::checkpoints::checkpoint_output[0m[2m:[0m [2mcrates/sui-core/src/checkpoints/checkpoint_output.rs[0m[2m:[0m[2m196:[0m Certified checkpoint with sequence 350 and digest 3vPCyN3mtqZtgVeNjv6QESqTpArGUFfTkGnA9wBTxzgk
[2m2025-03-25T07:55:37.738070Z[0m [32m INFO[0m [1mnode[0m[1m{[0m[3mname[0m[2m=[0mk#99f25ef6..[1m}[0m[2m:[0m [2mconsensus_core::core[0m[2m:[0m [2mconsensus/core/src/core.rs[0m[2m:[0m[2m630:[0m Committing 1 leaders: B148(C,H42f)
[2m2025-03-25T07:55:37.738070Z[0m [32m INFO[0m [1mnode[0m[1m{[0m[3mname[0m[2m=[0mk#8dcff6d1..[1m}[0m[2m:[0m [2mconsensus_core::core[0m[2m:[0m [2mconsensus/core/src/core.rs[0m[2m:[0m[2m630:[0m Committing 1 leaders: B148(C,H42f)
[2m2025-03-25T07:55:37.738313Z[0m [32m INFO[0m [1mnode[0m[1m{[0m[3mname[0m[2m=[0mk#8dcff6d1..[1m}[0m[2m:[0m [2mconsensus_core::commit_observer[0m[2m:[0m [2mconsensus/core/src/commit_observer.rs[0m[2m:[0m[2m173:[0m Consensus commit C138(4RqQ) with leader B148(C,H42f) has 3 blocks
[2m2025-03-25T07:55:37.738336Z[0m [32m INFO[0m [1mnode[0m[1m{[0m[3mname[0m[2m=[0mk#99f25ef6..[1m}[0m[2m:[0m [2mconsensus_core::commit_observer[0m[2m:[0m [2mconsensus/core/src/commit_observer.rs[0m[2m:[0m[2m173:[0m Consensus commit C138(4RqQ) with leader B148(C,H42f) has 3 blocks
[2m2025-03-25T07:55:37.739150Z[0m [32m INFO[0m [1mnode[0m[1m{[0m[3mname[0m[2m=[0mk#99f25ef6..[1m}[0m[2m:[0m [2msui_core::consensus_handler[0m[2m:[0m [2mcrates/sui-core/src/consensus_handler.rs[0m[2m:[0m[2m232:[0m Received consensus output [3mconsensus_commit[0m[2m=[0mCommittedSubDag(leader=B148(C,H42f), ref=C138(4RqQ), blocks=[tzz3, p003, H42f]) [3mepoch[0m[2m=[0m1
[2m2025-03-25T07:55:37.739150Z[0m [32m INFO[0m [1mnode[0m[1m{[0m[3mname[0m[2m=[0mk#8dcff6d1..[1m}[0m[2m:[0m [2msui_core::consensus_handler[0m[2m:[0m [2mcrates/sui-core/src/consensus_handler.rs[0m[2m:[0m[2m232:[0m Received consensus output [3mconsensus_commit[0m[2m=[0mCommittedSubDag(leader=B148(C,H42f), ref=C138(4RqQ), blocks=[tzz3, p003, H42f]) [3mepoch[0m[2m=[0m1
[2m2025-03-25T07:55:37.740347Z[0m [32m INFO[0m [1mnode[0m[1m{[0m[3mname[0m[2m=[0mk#99f25ef6..[1m}[0m[2m:[0m [2msui_core::checkpoints::checkpoint_executor[0m[2m:[0m [2mcrates/sui-core/src/checkpoints/checkpoint_executor/mod.rs[0m[2m:[0m[2m332:[0m Received checkpoint summary from state sync [3msequence_number[0m[2m=[0m350
[2m2025-03-25T07:55:37.740347Z[0m [32m INFO[0m [1mnode[0m[1m{[0m[3mname[0m[2m=[0mk#8dcff6d1..[1m}[0m[2m:[0m [2msui_core::checkpoints::checkpoint_executor[0m[2m:[0m [2mcrates/sui-core/src/checkpoints/checkpoint_executor/mod.rs[0m[2m:[0m[2m332:[0m Received checkpoint summary from state sync [3msequence_number[0m[2m=[0m350
[2m2025-03-25T07:55:37.761236Z[0m [32m INFO[0m [1mnode[0m[1m{[0m[3mname[0m[2m=[0mk#99f25ef6..[1m}[0m[2m:[0m [2msui_core::state_accumulator[0m[2m:[0m [2mcrates/sui-core/src/state_accumulator.rs[0m[2m:[0m[2m675:[0m accumulating running root for checkpoint 350
[2m2025-03-25T07:55:37.761236Z[0m [32m INFO[0m [1mnode[0m[1m{[0m[3mname[0m[2m=[0mk#8dcff6d1..[1m}[0m[2m:[0m [2msui_core::state_accumulator[0m[2m:[0m [2mcrates/sui-core/src/state_accumulator.rs[0m[2m:[0m[2m675:[0m accumulating running root for checkpoint 350
[2m2025-03-25T07:55:37.791173Z[0m [32m INFO[0m [1mnode[0m[1m{[0m[3mname[0m[2m=[0mk#addeef94..[1m}[0m[2m:[0m [2msui_core::checkpoints[0m[2m:[0m [2mcrates/sui-core/src/checkpoints/mod.rs[0m[2m:[0m[2m1326:[0m Creating checkpoint(s) for 1 transactions [3mnext_checkpoint_seq[0m[2m=[0m351 [3mcheckpoint_timestamp[0m[2m=[0m1742889337195
[2m2025-03-25T07:55:37.791423Z[0m [32m INFO[0m [1mnode[0m[1m{[0m[3mname[0m[2m=[0mk#addeef94..[1m}[0m[2m:[0m [2msui_core::checkpoints::checkpoint_output[0m[2m:[0m [2mcrates/sui-core/src/checkpoints/checkpoint_output.rs[0m[2m:[0m[2m149:[0m Creating checkpoint CheckpointDigest(EqEy3UHTdqo9FLf8xDtcies3kxQU36gCbNPuYku15T76) at epoch 1, sequence 351, previous digest Some(CheckpointDigest(3vPCyN3mtqZtgVeNjv6QESqTpArGUFfTkGnA9wBTxzgk)), transactions count 1, content digest CheckpointContentsDigest(EhXcAgvCyViD2MEkvtdhuf6xUfMR3vbFmtbAEUN8Ctvv), end_of_epoch_data None
[2m2025-03-25T07:55:37.796612Z[0m [32m INFO[0m [1mnode[0m[1m{[0m[3mname[0m[2m=[0mk#8dcff6d1..[1m}[0m[2m:[0m [2msui_core::checkpoints[0m[2m:[0m [2mcrates/sui-core/src/checkpoints/mod.rs[0m[2m:[0m[2m1326:[0m Creating checkpoint(s) for 1 transactions [3mnext_checkpoint_seq[0m[2m=[0m351 [3mcheckpoint_timestamp[0m[2m=[0m1742889337195
[2m2025-03-25T07:55:37.796611Z[0m [32m INFO[0m [1mnode[0m[1m{[0m[3mname[0m[2m=[0mk#99f25ef6..[1m}[0m[2m:[0m [2msui_core::checkpoints[0m[2m:[0m [2mcrates/sui-core/src/checkpoints/mod.rs[0m[2m:[0m[2m1326:[0m Creating checkpoint(s) for 1 transactions [3mnext_checkpoint_seq[0m[2m=[0m351 [3mcheckpoint_timestamp[0m[2m=[0m1742889337195
[2m2025-03-25T07:55:37.796815Z[0m [32m INFO[0m [1mnode[0m[1m{[0m[3mname[0m[2m=[0mk#99f25ef6..[1m}[0m[2m:[0m [2msui_core::checkpoints::checkpoint_output[0m[2m:[0m [2mcrates/sui-core/src/checkpoints/checkpoint_output.rs[0m[2m:[0m[2m149:[0m Creating checkpoint CheckpointDigest(EqEy3UHTdqo9FLf8xDtcies3kxQU36gCbNPuYku15T76) at epoch 1, sequence 351, previous digest Some(CheckpointDigest(3vPCyN3mtqZtgVeNjv6QESqTpArGUFfTkGnA9wBTxzgk)), transactions count 1, content digest CheckpointContentsDigest(EhXcAgvCyViD2MEkvtdhuf6xUfMR3vbFmtbAEUN8Ctvv), end_of_epoch_data None
[2m2025-03-25T07:55:37.796815Z[0m [32m INFO[0m [1mnode[0m[1m{[0m[3mname[0m[2m=[0mk#8dcff6d1..[1m}[0m[2m:[0m [2msui_core::checkpoints::checkpoint_output[0m[2m:[0m [2mcrates/sui-core/src/checkpoints/checkpoint_output.rs[0m[2m:[0m[2m149:[0m Creating checkpoint CheckpointDigest(EqEy3UHTdqo9FLf8xDtcies3kxQU36gCbNPuYku15T76) at epoch 1, sequence 351, previous digest Some(CheckpointDigest(3vPCyN3mtqZtgVeNjv6QESqTpArGUFfTkGnA9wBTxzgk)), transactions count 1, content digest CheckpointContentsDigest(EhXcAgvCyViD2MEkvtdhuf6xUfMR3vbFmtbAEUN8Ctvv), end_of_epoch_data None
[2m2025-03-25T07:55:37.812894Z[0m [32m INFO[0m [1mnode[0m[1m{[0m[3mname[0m[2m=[0mk#addeef94..[1m}[0m[2m:[0m [2msui_core::checkpoints::checkpoint_executor[0m[2m:[0m [2mcrates/sui-core/src/checkpoints/checkpoint_executor/mod.rs[0m[2m:[0m[2m332:[0m Received checkpoint summary from state sync [3msequence_number[0m[2m=[0m350
[2m2025-03-25T07:55:37.818959Z[0m [32m INFO[0m [1mnode[0m[1m{[0m[3mname[0m[2m=[0mk#b3f3cbb4..[1m}[0m[2m:[0m [2msui_core::checkpoints::checkpoint_executor[0m[2m:[0m [2mcrates/sui-core/src/checkpoints/checkpoint_executor/mod.rs[0m[2m:[0m[2m332:[0m Received checkpoint summary from state sync [3msequence_number[0m[2m=[0m350
[2m2025-03-25T07:55:37.862863Z[0m [32m INFO[0m [1mnode[0m[1m{[0m[3mname[0m[2m=[0mk#addeef94..[1m}[0m[2m:[0m [2msui_core::state_accumulator[0m[2m:[0m [2mcrates/sui-core/src/state_accumulator.rs[0m[2m:[0m[2m675:[0m accumulating running root for checkpoint 350
[2m2025-03-25T07:55:37.911693Z[0m [32m INFO[0m [1mnode[0m[1m{[0m[3mname[0m[2m=[0mk#b3f3cbb4..[1m}[0m[2m:[0m [2msui_core::state_accumulator[0m[2m:[0m [2mcrates/sui-core/src/state_accumulator.rs[0m[2m:[0m[2m675:[0m accumulating running root for checkpoint 350
[2m2025-03-25T07:55:37.982174Z[0m [32m INFO[0m [1mnode[0m[1m{[0m[3mname[0m[2m=[0mk#addeef94..[1m}[0m[2m:[0m [2mconsensus_core::core[0m[2m:[0m [2mconsensus/core/src/core.rs[0m[2m:[0m[2m945:[0m Included 3 ancestors & excluded 0 ancestors for proposal in round 151
[2m2025-03-25T07:55:37.982735Z[0m [32m INFO[0m [1mnode[0m[1m{[0m[3mname[0m[2m=[0mk#addeef94..[1m}[0m[2m:[0m [2mconsensus_core::core[0m[2m:[0m [2mconsensus/core/src/core.rs[0m[2m:[0m[2m531:[0m Created block B151(C,9hyE12BmwX4p6DNI51jFrAMR0DmTBioDN6FRRPtIgiI=)(1742889337982ms;[B150(C,3Y/Kn8SC4BA8aixrClHYgC4tG7fM/DUiW2EGc2t1uCU=), B150(A,TE/5o9gAdnrzZCgTVnkQlOTWSwVVFwiRmwupu3/4DQ4=), B150(B,oFoM4ScMiA9WcQN+UPUWl+F0XVYvNli1qwZEZ7e89wo=)];1t;1c) for round 151
[2m2025-03-25T07:55:37.990888Z[0m [32m INFO[0m [1mnode[0m[1m{[0m[3mname[0m[2m=[0mk#99f25ef6..[1m}[0m[2m:[0m [2mconsensus_core::core[0m[2m:[0m [2mconsensus/core/src/core.rs[0m[2m:[0m[2m945:[0m Included 3 ancestors & excluded 0 ancestors for proposal in round 151
[2m2025-03-25T07:55:37.990889Z[0m [32m INFO[0m [1mnode[0m[1m{[0m[3mname[0m[2m=[0mk#8dcff6d1..[1m}[0m[2m:[0m [2mconsensus_core::core[0m[2m:[0m [2mconsensus/core/src/core.rs[0m[2m:[0m[2m945:[0m Included 3 ancestors & excluded 0 ancestors for proposal in round 151
[2m2025-03-25T07:55:37.991264Z[0m [32m INFO[0m [1mnode[0m[1m{[0m[3mname[0m[2m=[0mk#99f25ef6..[1m}[0m[2m:[0m [2mconsensus_core::core[0m[2m:[0m [2mconsensus/core/src/core.rs[0m[2m:[0m[2m531:[0m Created block B151(B,wh9taRKQwQIopelPEsM3dY0OImnLrYYZ8VHquH5jPxA=)(1742889337990ms;[B150(B,oFoM4ScMiA9WcQN+UPUWl+F0XVYvNli1qwZEZ7e89wo=), B150(A,TE/5o9gAdnrzZCgTVnkQlOTWSwVVFwiRmwupu3/4DQ4=), B150(C,3Y/Kn8SC4BA8aixrClHYgC4tG7fM/DUiW2EGc2t1uCU=)];1t;1c) for round 151
[2m2025-03-25T07:55:37.991267Z[0m [32m INFO[0m [1mnode[0m[1m{[0m[3mname[0m[2m=[0mk#8dcff6d1..[1m}[0m[2m:[0m [2mconsensus_core::core[0m[2m:[0m [2mconsensus/core/src/core.rs[0m[2m:[0m[2m531:[0m Created block B151(A,wGiOnjzKGk9PgutfSIZWkcBw+6awkkpjKHNR/7YMuqM=)(1742889337990ms;[B150(A,TE/5o9gAdnrzZCgTVnkQlOTWSwVVFwiRmwupu3/4DQ4=), B150(B,oFoM4ScMiA9WcQN+UPUWl+F0XVYvNli1qwZEZ7e89wo=), B150(C,3Y/Kn8SC4BA8aixrClHYgC4tG7fM/DUiW2EGc2t1uCU=)];1t;1c) for round 151
[2m2025-03-25T07:55:37.991355Z[0m [32m INFO[0m [1mnode[0m[1m{[0m[3mname[0m[2m=[0mk#99f25ef6..[1m}[0m[2m:[0m [2mconsensus_core::core[0m[2m:[0m [2mconsensus/core/src/core.rs[0m[2m:[0m[2m630:[0m Committing 1 leaders: B149(C,zpQR)
[2m2025-03-25T07:55:37.991355Z[0m [32m INFO[0m [1mnode[0m[1m{[0m[3mname[0m[2m=[0mk#8dcff6d1..[1m}[0m[2m:[0m [2mconsensus_core::core[0m[2m:[0m [2mconsensus/core/src/core.rs[0m[2m:[0m[2m630:[0m Committing 1 leaders: B149(C,zpQR)
[2m2025-03-25T07:55:37.991455Z[0m [32m INFO[0m [1mnode[0m[1m{[0m[3mname[0m[2m=[0mk#8dcff6d1..[1m}[0m[2m:[0m [2mconsensus_core::commit_observer[0m[2m:[0m [2mconsensus/core/src/commit_observer.rs[0m[2m:[0m[2m173:[0m Consensus commit C139(YNNX) with leader B149(C,zpQR) has 3 blocks
[2m2025-03-25T07:55:37.991455Z[0m [32m INFO[0m [1mnode[0m[1m{[0m[3mname[0m[2m=[0mk#99f25ef6..[1m}[0m[2m:[0m [2mconsensus_core::commit_observer[0m[2m:[0m [2mconsensus/core/src/commit_observer.rs[0m[2m:[0m[2m173:[0m Consensus commit C139(YNNX) with leader B149(C,zpQR) has 3 blocks
[2m2025-03-25T07:55:37.991566Z[0m [32m INFO[0m [1mnode[0m[1m{[0m[3mname[0m[2m=[0mk#8dcff6d1..[1m}[0m[2m:[0m [2msui_core::consensus_handler[0m[2m:[0m [2mcrates/sui-core/src/consensus_handler.rs[0m[2m:[0m[2m232:[0m Received consensus output [3mconsensus_commit[0m[2m=[0mCommittedSubDag(leader=B149(C,zpQR), ref=C139(YNNX), blocks=[aYjg, VRds, zpQR]) [3mepoch[0m[2m=[0m1
[2m2025-03-25T07:55:37.991566Z[0m [32m INFO[0m [1mnode[0m[1m{[0m[3mname[0m[2m=[0mk#99f25ef6..[1m}[0m[2m:[0m [2msui_core::consensus_handler[0m[2m:[0m [2mcrates/sui-core/src/consensus_handler.rs[0m[2m:[0m[2m232:[0m Received consensus output [3mconsensus_commit[0m[2m=[0mCommittedSubDag(leader=B149(C,zpQR), ref=C139(YNNX), blocks=[aYjg, VRds, zpQR]) [3mepoch[0m[2m=[0m1
[2m2025-03-25T07:55:37.996178Z[0m [32m INFO[0m [1mnode[0m[1m{[0m[3mname[0m[2m=[0mk#addeef94..[1m}[0m[2m:[0m [2mconsensus_core::core[0m[2m:[0m [2mconsensus/core/src/core.rs[0m[2m:[0m[2m630:[0m Committing 1 leaders: B149(C,zpQR)
[2m2025-03-25T07:55:37.996292Z[0m [32m INFO[0m [1mnode[0m[1m{[0m[3mname[0m[2m=[0mk#addeef94..[1m}[0m[2m:[0m [2mconsensus_core::commit_observer[0m[2m:[0m [2mconsensus/core/src/commit_observer.rs[0m[2m:[0m[2m173:[0m Consensus commit C139(YNNX) with leader B149(C,zpQR) has 3 blocks
[2m2025-03-25T07:55:37.996456Z[0m [32m INFO[0m [1mnode[0m[1m{[0m[3mname[0m[2m=[0mk#addeef94..[1m}[0m[2m:[0m [2msui_core::consensus_handler[0m[2m:[0m [2mcrates/sui-core/src/consensus_handler.rs[0m[2m:[0m[2m232:[0m Received consensus output [3mconsensus_commit[0m[2m=[0mCommittedSubDag(leader=B149(C,zpQR), ref=C139(YNNX), blocks=[aYjg, VRds, zpQR]) [3mepoch[0m[2m=[0m1
[2m2025-03-25T07:55:38.021855Z[0m [32m INFO[0m [1mnode[0m[1m{[0m[3mname[0m[2m=[0mk#99f25ef6..[1m}[0m[2m:[0m [2msui_core::checkpoints[0m[2m:[0m [2mcrates/sui-core/src/checkpoints/mod.rs[0m[2m:[0m[2m1326:[0m Creating checkpoint(s) for 2 transactions [3mnext_checkpoint_seq[0m[2m=[0m352 [3mcheckpoint_timestamp[0m[2m=[0m1742889337458
[2m2025-03-25T07:55:38.021864Z[0m [32m INFO[0m [1mnode[0m[1m{[0m[3mname[0m[2m=[0mk#8dcff6d1..[1m}[0m[2m:[0m [2msui_core::checkpoints[0m[2m:[0m [2mcrates/sui-core/src/checkpoints/mod.rs[0m[2m:[0m[2m1326:[0m Creating checkpoint(s) for 2 transactions [3mnext_checkpoint_seq[0m[2m=[0m352 [3mcheckpoint_timestamp[0m[2m=[0m1742889337458
[2m2025-03-25T07:55:38.022173Z[0m [32m INFO[0m [1mnode[0m[1m{[0m[3mname[0m[2m=[0mk#99f25ef6..[1m}[0m[2m:[0m [2msui_core::checkpoints::checkpoint_output[0m[2m:[0m [2mcrates/sui-core/src/checkpoints/checkpoint_output.rs[0m[2m:[0m[2m149:[0m Creating checkpoint CheckpointDigest(GCM2EEPnrW7DN7nhrDUmmgazBJwZWbmdH1ZcdyoNstnU) at epoch 1, sequence 352, previous digest Some(CheckpointDigest(EqEy3UHTdqo9FLf8xDtcies3kxQU36gCbNPuYku15T76)), transactions count 2, content digest CheckpointContentsDigest(69w7pHUZWpPNvLonGDhM8sDFE2ijy3brkqM8os5oHAq2), end_of_epoch_data None
[2m2025-03-25T07:55:38.022173Z[0m [32m INFO[0m [1mnode[0m[1m{[0m[3mname[0m[2m=[0mk#8dcff6d1..[1m}[0m[2m:[0m [2msui_core::checkpoints::checkpoint_output[0m[2m:[0m [2mcrates/sui-core/src/checkpoints/checkpoint_output.rs[0m[2m:[0m[2m149:[0m Creating checkpoint CheckpointDigest(GCM2EEPnrW7DN7nhrDUmmgazBJwZWbmdH1ZcdyoNstnU) at epoch 1, sequence 352, previous digest Some(CheckpointDigest(EqEy3UHTdqo9FLf8xDtcies3kxQU36gCbNPuYku15T76)), transactions count 2, content digest CheckpointContentsDigest(69w7pHUZWpPNvLonGDhM8sDFE2ijy3brkqM8os5oHAq2), end_of_epoch_data None
[2m2025-03-25T07:55:38.025005Z[0m [32m INFO[0m [1mnode[0m[1m{[0m[3mname[0m[2m=[0mk#addeef94..[1m}[0m[2m:[0m [2msui_core::checkpoints[0m[2m:[0m [2mcrates/sui-core/src/checkpoints/mod.rs[0m[2m:[0m[2m1326:[0m Creating checkpoint(s) for 2 transactions [3mnext_checkpoint_seq[0m[2m=[0m352 [3mcheckpoint_timestamp[0m[2m=[0m1742889337458
[2m2025-03-25T07:55:38.025184Z[0m [32m INFO[0m [1mnode[0m[1m{[0m[3mname[0m[2m=[0mk#99f25ef6..[1m}[0m[2m:[0m [2msui_core::checkpoints::checkpoint_output[0m[2m:[0m [2mcrates/sui-core/src/checkpoints/checkpoint_output.rs[0m[2m:[0m[2m196:[0m Certified checkpoint with sequence 351 and digest EqEy3UHTdqo9FLf8xDtcies3kxQU36gCbNPuYku15T76
[2m2025-03-25T07:55:38.025191Z[0m [32m INFO[0m [1mnode[0m[1m{[0m[3mname[0m[2m=[0mk#8dcff6d1..[1m}[0m[2m:[0m [2msui_core::checkpoints::checkpoint_output[0m[2m:[0m [2mcrates/sui-core/src/checkpoints/checkpoint_output.rs[0m[2m:[0m[2m196:[0m Certified checkpoint with sequence 351 and digest EqEy3UHTdqo9FLf8xDtcies3kxQU36gCbNPuYku15T76
[2m2025-03-25T07:55:38.025258Z[0m [32m INFO[0m [1mnode[0m[1m{[0m[3mname[0m[2m=[0mk#addeef94..[1m}[0m[2m:[0m [2msui_core::checkpoints::checkpoint_output[0m[2m:[0m [2mcrates/sui-core/src/checkpoints/checkpoint_output.rs[0m[2m:[0m[2m149:[0m Creating checkpoint CheckpointDigest(GCM2EEPnrW7DN7nhrDUmmgazBJwZWbmdH1ZcdyoNstnU) at epoch 1, sequence 352, previous digest Some(CheckpointDigest(EqEy3UHTdqo9FLf8xDtcies3kxQU36gCbNPuYku15T76)), transactions count 2, content digest CheckpointContentsDigest(69w7pHUZWpPNvLonGDhM8sDFE2ijy3brkqM8os5oHAq2), end_of_epoch_data None
[2m2025-03-25T07:55:38.025633Z[0m [32m INFO[0m [1mnode[0m[1m{[0m[3mname[0m[2m=[0mk#99f25ef6..[1m}[0m[2m:[0m [2msui_core::checkpoints::checkpoint_executor[0m[2m:[0m [2mcrates/sui-core/src/checkpoints/checkpoint_executor/mod.rs[0m[2m:[0m[2m332:[0m Received checkpoint summary from state sync [3msequence_number[0m[2m=[0m351
[2m2025-03-25T07:55:38.025633Z[0m [32m INFO[0m [1mnode[0m[1m{[0m[3mname[0m[2m=[0mk#8dcff6d1..[1m}[0m[2m:[0m [2msui_core::checkpoints::checkpoint_executor[0m[2m:[0m [2mcrates/sui-core/src/checkpoints/checkpoint_executor/mod.rs[0m[2m:[0m[2m332:[0m Received checkpoint summary from state sync [3msequence_number[0m[2m=[0m351
[2m2025-03-25T07:55:38.026791Z[0m [32m INFO[0m [1mnode[0m[1m{[0m[3mname[0m[2m=[0mk#99f25ef6..[1m}[0m[2m:[0m [2msui_core::state_accumulator[0m[2m:[0m [2mcrates/sui-core/src/state_accumulator.rs[0m[2m:[0m[2m675:[0m accumulating running root for checkpoint 351
[2m2025-03-25T07:55:38.026798Z[0m [32m INFO[0m [1mnode[0m[1m{[0m[3mname[0m[2m=[0mk#8dcff6d1..[1m}[0m[2m:[0m [2msui_core::state_accumulator[0m[2m:[0m [2mcrates/sui-core/src/state_accumulator.rs[0m[2m:[0m[2m675:[0m accumulating running root for checkpoint 351
[2m2025-03-25T07:55:38.029023Z[0m [32m INFO[0m [1mnode[0m[1m{[0m[3mname[0m[2m=[0mk#addeef94..[1m}[0m[2m:[0m [2msui_core::checkpoints::checkpoint_executor[0m[2m:[0m [2mcrates/sui-core/src/checkpoints/checkpoint_executor/mod.rs[0m[2m:[0m[2m332:[0m Received checkpoint summary from state sync [3msequence_number[0m[2m=[0m351
[2m2025-03-25T07:55:38.029758Z[0m [32m INFO[0m [1mnode[0m[1m{[0m[3mname[0m[2m=[0mk#addeef94..[1m}[0m[2m:[0m [2msui_core::state_accumulator[0m[2m:[0m [2mcrates/sui-core/src/state_accumulator.rs[0m[2m:[0m[2m675:[0m accumulating running root for checkpoint 351
[2m2025-03-25T07:55:38.029992Z[0m [32m INFO[0m [1mnode[0m[1m{[0m[3mname[0m[2m=[0mk#b3f3cbb4..[1m}[0m[2m:[0m [2msui_core::checkpoints::checkpoint_executor[0m[2m:[0m [2mcrates/sui-core/src/checkpoints/checkpoint_executor/mod.rs[0m[2m:[0m[2m332:[0m Received checkpoint summary from state sync [3msequence_number[0m[2m=[0m351
[2m2025-03-25T07:55:38.055788Z[0m [32m INFO[0m [1mnode[0m[1m{[0m[3mname[0m[2m=[0mk#b3f3cbb4..[1m}[0m[2m:[0m [2msui_core::state_accumulator[0m[2m:[0m [2mcrates/sui-core/src/state_accumulator.rs[0m[2m:[0m[2m675:[0m accumulating running root for checkpoint 351
[2m2025-03-25T07:55:38.243874Z[0m [32m INFO[0m [1mnode[0m[1m{[0m[3mname[0m[2m=[0mk#8dcff6d1..[1m}[0m[2m:[0m [2mconsensus_core::core[0m[2m:[0m [2mconsensus/core/src/core.rs[0m[2m:[0m[2m945:[0m Included 3 ancestors & excluded 0 ancestors for proposal in round 152
[2m2025-03-25T07:55:38.243949Z[0m [32m INFO[0m [1mnode[0m[1m{[0m[3mname[0m[2m=[0mk#99f25ef6..[1m}[0m[2m:[0m [2mconsensus_core::core[0m[2m:[0m [2mconsensus/core/src/core.rs[0m[2m:[0m[2m945:[0m Included 3 ancestors & excluded 0 ancestors for proposal in round 152
[2m2025-03-25T07:55:38.245541Z[0m [32m INFO[0m [1mnode[0m[1m{[0m[3mname[0m[2m=[0mk#8dcff6d1..[1m}[0m[2m:[0m [2mconsensus_core::core[0m[2m:[0m [2mconsensus/core/src/core.rs[0m[2m:[0m[2m531:[0m Created block B152(A,Ni7ruGddYj3+DHH2Rq3uWsUWYPRaL/59d45sBmWjSBQ=)(1742889338244ms;[B151(A,wGiOnjzKGk9PgutfSIZWkcBw+6awkkpjKHNR/7YMuqM=), B151(B,wh9taRKQwQIopelPEsM3dY0OImnLrYYZ8VHquH5jPxA=), B151(C,9hyE12BmwX4p6DNI51jFrAMR0DmTBioDN6FRRPtIgiI=)];1t;1c) for round 152
[2m2025-03-25T07:55:38.245541Z[0m [32m INFO[0m [1mnode[0m[1m{[0m[3mname[0m[2m=[0mk#99f25ef6..[1m}[0m[2m:[0m [2mconsensus_core::core[0m[2m:[0m [2mconsensus/core/src/core.rs[0m[2m:[0m[2m531:[0m Created block B152(B,ivU+x5/18cuIOP5klR0tPu3SSRzpAUGFMzP3XP/udSc=)(1742889338244ms;[B151(B,wh9taRKQwQIopelPEsM3dY0OImnLrYYZ8VHquH5jPxA=), B151(A,wGiOnjzKGk9PgutfSIZWkcBw+6awkkpjKHNR/7YMuqM=), B151(C,9hyE12BmwX4p6DNI51jFrAMR0DmTBioDN6FRRPtIgiI=)];1t;1c) for round 152
[2m2025-03-25T07:55:38.258172Z[0m [32m INFO[0m [1mnode[0m[1m{[0m[3mname[0m[2m=[0mk#addeef94..[1m}[0m[2m:[0m [2mconsensus_core::core[0m[2m:[0m [2mconsensus/core/src/core.rs[0m[2m:[0m[2m945:[0m Included 3 ancestors & excluded 0 ancestors for proposal in round 152
[2m2025-03-25T07:55:38.259071Z[0m [32m INFO[0m [1mnode[0m[1m{[0m[3mname[0m[2m=[0mk#addeef94..[1m}[0m[2m:[0m [2mconsensus_core::core[0m[2m:[0m [2mconsensus/core/src/core.rs[0m[2m:[0m[2m531:[0m Created block B152(C,y1l98LOIwsD8rXIqTJjfLZ7CMRF4lPvuy/YO5tcNq/8=)(1742889338258ms;[B151(C,9hyE12BmwX4p6DNI51jFrAMR0DmTBioDN6FRRPtIgiI=), B151(A,wGiOnjzKGk9PgutfSIZWkcBw+6awkkpjKHNR/7YMuqM=), B151(B,wh9taRKQwQIopelPEsM3dY0OImnLrYYZ8VHquH5jPxA=)];1t;1c) for round 152
[2m2025-03-25T07:55:38.259264Z[0m [32m INFO[0m [1mnode[0m[1m{[0m[3mname[0m[2m=[0mk#addeef94..[1m}[0m[2m:[0m [2mconsensus_core::core[0m[2m:[0m [2mconsensus/core/src/core.rs[0m[2m:[0m[2m630:[0m Committing 1 leaders: B150(C,3Y/K)
[2m2025-03-25T07:55:38.259445Z[0m [32m INFO[0m [1mnode[0m[1m{[0m[3mname[0m[2m=[0mk#addeef94..[1m}[0m[2m:[0m [2mconsensus_core::commit_observer[0m[2m:[0m [2mconsensus/core/src/commit_observer.rs[0m[2m:[0m[2m173:[0m Consensus commit C140(pNYW) with leader B150(C,3Y/K) has 3 blocks
[2m2025-03-25T07:55:38.259728Z[0m [32m INFO[0m [1mnode[0m[1m{[0m[3mname[0m[2m=[0mk#addeef94..[1m}[0m[2m:[0m [2msui_core::consensus_handler[0m[2m:[0m [2mcrates/sui-core/src/consensus_handler.rs[0m[2m:[0m[2m232:[0m Received consensus output [3mconsensus_commit[0m[2m=[0mCommittedSubDag(leader=B150(C,3Y/K), ref=C140(pNYW), blocks=[dwkd, NLi+, 3Y/K]) [3mepoch[0m[2m=[0m1
[2m2025-03-25T07:55:38.267026Z[0m [32m INFO[0m [1mnode[0m[1m{[0m[3mname[0m[2m=[0mk#99f25ef6..[1m}[0m[2m:[0m [2msui_core::checkpoints::checkpoint_output[0m[2m:[0m [2mcrates/sui-core/src/checkpoints/checkpoint_output.rs[0m[2m:[0m[2m196:[0m Certified checkpoint with sequence 352 and digest GCM2EEPnrW7DN7nhrDUmmgazBJwZWbmdH1ZcdyoNstnU
[2m2025-03-25T07:55:38.267032Z[0m [32m INFO[0m [1mnode[0m[1m{[0m[3mname[0m[2m=[0mk#8dcff6d1..[1m}[0m[2m:[0m [2msui_core::checkpoints::checkpoint_output[0m[2m:[0m [2mcrates/sui-core/src/checkpoints/checkpoint_output.rs[0m[2m:[0m[2m196:[0m Certified checkpoint with sequence 352 and digest GCM2EEPnrW7DN7nhrDUmmgazBJwZWbmdH1ZcdyoNstnU
[2m2025-03-25T07:55:38.267248Z[0m [32m INFO[0m [1mnode[0m[1m{[0m[3mname[0m[2m=[0mk#99f25ef6..[1m}[0m[2m:[0m [2mconsensus_core::core[0m[2m:[0m [2mconsensus/core/src/core.rs[0m[2m:[0m[2m630:[0m Committing 1 leaders: B150(C,3Y/K)
[2m2025-03-25T07:55:38.267249Z[0m [32m INFO[0m [1mnode[0m[1m{[0m[3mname[0m[2m=[0mk#8dcff6d1..[1m}[0m[2m:[0m [2mconsensus_core::core[0m[2m:[0m [2mconsensus/core/src/core.rs[0m[2m:[0m[2m630:[0m Committing 1 leaders: B150(C,3Y/K)
[2m2025-03-25T07:55:38.267451Z[0m [32m INFO[0m [1mnode[0m[1m{[0m[3mname[0m[2m=[0mk#8dcff6d1..[1m}[0m[2m:[0m [2mconsensus_core::commit_observer[0m[2m:[0m [2mconsensus/core/src/commit_observer.rs[0m[2m:[0m[2m173:[0m Consensus commit C140(pNYW) with leader B150(C,3Y/K) has 3 blocks
[2m2025-03-25T07:55:38.267453Z[0m [32m INFO[0m [1mnode[0m[1m{[0m[3mname[0m[2m=[0mk#99f25ef6..[1m}[0m[2m:[0m [2mconsensus_core::commit_observer[0m[2m:[0m [2mconsensus/core/src/commit_observer.rs[0m[2m:[0m[2m173:[0m Consensus commit C140(pNYW) with leader B150(C,3Y/K) has 3 blocks
[2m2025-03-25T07:55:38.268227Z[0m [32m INFO[0m [1mnode[0m[1m{[0m[3mname[0m[2m=[0mk#99f25ef6..[1m}[0m[2m:[0m [2msui_core::consensus_handler[0m[2m:[0m [2mcrates/sui-core/src/consensus_handler.rs[0m[2m:[0m[2m232:[0m Received consensus output [3mconsensus_commit[0m[2m=[0mCommittedSubDag(leader=B150(C,3Y/K), ref=C140(pNYW), blocks=[dwkd, NLi+, 3Y/K]) [3mepoch[0m[2m=[0m1
[2m2025-03-25T07:55:38.268227Z[0m [32m INFO[0m [1mnode[0m[1m{[0m[3mname[0m[2m=[0mk#8dcff6d1..[1m}[0m[2m:[0m [2msui_core::consensus_handler[0m[2m:[0m [2mcrates/sui-core/src/consensus_handler.rs[0m[2m:[0m[2m232:[0m Received consensus output [3mconsensus_commit[0m[2m=[0mCommittedSubDag(leader=B150(C,3Y/K), ref=C140(pNYW), blocks=[dwkd, NLi+, 3Y/K]) [3mepoch[0m[2m=[0m1
[2m2025-03-25T07:55:38.269383Z[0m [32m INFO[0m [1mnode[0m[1m{[0m[3mname[0m[2m=[0mk#99f25ef6..[1m}[0m[2m:[0m [2msui_core::checkpoints::checkpoint_executor[0m[2m:[0m [2mcrates/sui-core/src/checkpoints/checkpoint_executor/mod.rs[0m[2m:[0m[2m332:[0m Received checkpoint summary from state sync [3msequence_number[0m[2m=[0m352
[2m2025-03-25T07:55:38.269383Z[0m [32m INFO[0m [1mnode[0m[1m{[0m[3mname[0m[2m=[0mk#8dcff6d1..[1m}[0m[2m:[0m [2msui_core::checkpoints::checkpoint_executor[0m[2m:[0m [2mcrates/sui-core/src/checkpoints/checkpoint_executor/mod.rs[0m[2m:[0m[2m332:[0m Received checkpoint summary from state sync [3msequence_number[0m[2m=[0m352
[2m2025-03-25T07:55:38.290275Z[0m [32m INFO[0m [1mnode[0m[1m{[0m[3mname[0m[2m=[0mk#99f25ef6..[1m}[0m[2m:[0m [2msui_core::state_accumulator[0m[2m:[0m [2mcrates/sui-core/src/state_accumulator.rs[0m[2m:[0m[2m675:[0m accumulating running root for checkpoint 352
[2m2025-03-25T07:55:38.290275Z[0m [32m INFO[0m [1mnode[0m[1m{[0m[3mname[0m[2m=[0mk#8dcff6d1..[1m}[0m[2m:[0m [2msui_core::state_accumulator[0m[2m:[0m [2mcrates/sui-core/src/state_accumulator.rs[0m[2m:[0m[2m675:[0m accumulating running root for checkpoint 352
[2m2025-03-25T07:55:38.320499Z[0m [32m INFO[0m [1mnode[0m[1m{[0m[3mname[0m[2m=[0mk#addeef94..[1m}[0m[2m:[0m [2msui_core::checkpoints[0m[2m:[0m [2mcrates/sui-core/src/checkpoints/mod.rs[0m[2m:[0m[2m1326:[0m Creating checkpoint(s) for 1 transactions [3mnext_checkpoint_seq[0m[2m=[0m353 [3mcheckpoint_timestamp[0m[2m=[0m1742889337727
[2m2025-03-25T07:55:38.320730Z[0m [32m INFO[0m [1mnode[0m[1m{[0m[3mname[0m[2m=[0mk#addeef94..[1m}[0m[2m:[0m [2msui_core::checkpoints::checkpoint_output[0m[2m:[0m [2mcrates/sui-core/src/checkpoints/checkpoint_output.rs[0m[2m:[0m[2m149:[0m Creating checkpoint CheckpointDigest(9vgHMzhWHzZXoydSarULLnyhgcyieqgiky9GgdEktam5) at epoch 1, sequence 353, previous digest Some(CheckpointDigest(GCM2EEPnrW7DN7nhrDUmmgazBJwZWbmdH1ZcdyoNstnU)), transactions count 1, content digest CheckpointContentsDigest(2TEAKc7kzjsY3JaNidGbd6zgUz6gCCSqJzub2jTiwziR), end_of_epoch_data None
[2m2025-03-25T07:55:38.325429Z[0m [32m INFO[0m [1mnode[0m[1m{[0m[3mname[0m[2m=[0mk#99f25ef6..[1m}[0m[2m:[0m [2msui_core::checkpoints[0m[2m:[0m [2mcrates/sui-core/src/checkpoints/mod.rs[0m[2m:[0m[2m1326:[0m Creating checkpoint(s) for 1 transactions [3mnext_checkpoint_seq[0m[2m=[0m353 [3mcheckpoint_timestamp[0m[2m=[0m1742889337727
[2m2025-03-25T07:55:38.325475Z[0m [32m INFO[0m [1mnode[0m[1m{[0m[3mname[0m[2m=[0mk#8dcff6d1..[1m}[0m[2m:[0m [2msui_core::checkpoints[0m[2m:[0m [2mcrates/sui-core/src/checkpoints/mod.rs[0m[2m:[0m[2m1326:[0m Creating checkpoint(s) for 1 transactions [3mnext_checkpoint_seq[0m[2m=[0m353 [3mcheckpoint_timestamp[0m[2m=[0m1742889337727
[2m2025-03-25T07:55:38.325603Z[0m [32m INFO[0m [1mnode[0m[1m{[0m[3mname[0m[2m=[0mk#99f25ef6..[1m}[0m[2m:[0m [2msui_core::checkpoints::checkpoint_output[0m[2m:[0m [2mcrates/sui-core/src/checkpoints/checkpoint_output.rs[0m[2m:[0m[2m149:[0m Creating checkpoint CheckpointDigest(9vgHMzhWHzZXoydSarULLnyhgcyieqgiky9GgdEktam5) at epoch 1, sequence 353, previous digest Some(CheckpointDigest(GCM2EEPnrW7DN7nhrDUmmgazBJwZWbmdH1ZcdyoNstnU)), transactions count 1, content digest CheckpointContentsDigest(2TEAKc7kzjsY3JaNidGbd6zgUz6gCCSqJzub2jTiwziR), end_of_epoch_data None
[2m2025-03-25T07:55:38.325646Z[0m [32m INFO[0m [1mnode[0m[1m{[0m[3mname[0m[2m=[0mk#8dcff6d1..[1m}[0m[2m:[0m [2msui_core::checkpoints::checkpoint_output[0m[2m:[0m [2mcrates/sui-core/src/checkpoints/checkpoint_output.rs[0m[2m:[0m[2m149:[0m Creating checkpoint CheckpointDigest(9vgHMzhWHzZXoydSarULLnyhgcyieqgiky9GgdEktam5) at epoch 1, sequence 353, previous digest Some(CheckpointDigest(GCM2EEPnrW7DN7nhrDUmmgazBJwZWbmdH1ZcdyoNstnU)), transactions count 1, content digest CheckpointContentsDigest(2TEAKc7kzjsY3JaNidGbd6zgUz6gCCSqJzub2jTiwziR), end_of_epoch_data None
[2m2025-03-25T07:55:38.348740Z[0m [32m INFO[0m [1mnode[0m[1m{[0m[3mname[0m[2m=[0mk#b3f3cbb4..[1m}[0m[2m:[0m [2msui_core::checkpoints::checkpoint_executor[0m[2m:[0m [2mcrates/sui-core/src/checkpoints/checkpoint_executor/mod.rs[0m[2m:[0m[2m332:[0m Received checkpoint summary from state sync [3msequence_number[0m[2m=[0m352
[2m2025-03-25T07:55:38.388404Z[0m [32m INFO[0m [1mnode[0m[1m{[0m[3mname[0m[2m=[0mk#addeef94..[1m}[0m[2m:[0m [2msui_core::checkpoints::checkpoint_executor[0m[2m:[0m [2mcrates/sui-core/src/checkpoints/checkpoint_executor/mod.rs[0m[2m:[0m[2m332:[0m Received checkpoint summary from state sync [3msequence_number[0m[2m=[0m352
[2m2025-03-25T07:55:38.389811Z[0m [32m INFO[0m [1mnode[0m[1m{[0m[3mname[0m[2m=[0mk#addeef94..[1m}[0m[2m:[0m [2msui_core::state_accumulator[0m[2m:[0m [2mcrates/sui-core/src/state_accumulator.rs[0m[2m:[0m[2m675:[0m accumulating running root for checkpoint 352
[2m2025-03-25T07:55:38.438181Z[0m [32m INFO[0m [1mnode[0m[1m{[0m[3mname[0m[2m=[0mk#b3f3cbb4..[1m}[0m[2m:[0m [2msui_core::state_accumulator[0m[2m:[0m [2mcrates/sui-core/src/state_accumulator.rs[0m[2m:[0m[2m675:[0m accumulating running root for checkpoint 352
[2m2025-03-25T07:55:38.513446Z[0m [32m INFO[0m [1mnode[0m[1m{[0m[3mname[0m[2m=[0mk#addeef94..[1m}[0m[2m:[0m [2mconsensus_core::core[0m[2m:[0m [2mconsensus/core/src/core.rs[0m[2m:[0m[2m945:[0m Included 3 ancestors & excluded 0 ancestors for proposal in round 153
[2m2025-03-25T07:55:38.513957Z[0m [32m INFO[0m [1mnode[0m[1m{[0m[3mname[0m[2m=[0mk#addeef94..[1m}[0m[2m:[0m [2mconsensus_core::core[0m[2m:[0m [2mconsensus/core/src/core.rs[0m[2m:[0m[2m531:[0m Created block B153(C,qNctz6sWONZ1XvQZ1yocXuY0cR295MtI/RR8N44BJpM=)(1742889338513ms;[B152(C,y1l98LOIwsD8rXIqTJjfLZ7CMRF4lPvuy/YO5tcNq/8=), B152(A,Ni7ruGddYj3+DHH2Rq3uWsUWYPRaL/59d45sBmWjSBQ=), B152(B,ivU+x5/18cuIOP5klR0tPu3SSRzpAUGFMzP3XP/udSc=)];1t;1c) for round 153
[2m2025-03-25T07:55:38.518771Z[0m [32m INFO[0m [1mnode[0m[1m{[0m[3mname[0m[2m=[0mk#8dcff6d1..[1m}[0m[2m:[0m [2mconsensus_core::core[0m[2m:[0m [2mconsensus/core/src/core.rs[0m[2m:[0m[2m945:[0m Included 3 ancestors & excluded 0 ancestors for proposal in round 153
[2m2025-03-25T07:55:38.519169Z[0m [32m INFO[0m [1mnode[0m[1m{[0m[3mname[0m[2m=[0mk#8dcff6d1..[1m}[0m[2m:[0m [2mconsensus_core::core[0m[2m:[0m [2mconsensus/core/src/core.rs[0m[2m:[0m[2m531:[0m Created block B153(A,57tfhYyRU/g5zZGwz1pzz17TcCGKY+G/kSpBTozcqRw=)(1742889338518ms;[B152(A,Ni7ruGddYj3+DHH2Rq3uWsUWYPRaL/59d45sBmWjSBQ=), B152(B,ivU+x5/18cuIOP5klR0tPu3SSRzpAUGFMzP3XP/udSc=), B152(C,y1l98LOIwsD8rXIqTJjfLZ7CMRF4lPvuy/YO5tcNq/8=)];1t;1c) for round 153
[2m2025-03-25T07:55:38.519263Z[0m [32m INFO[0m [1mnode[0m[1m{[0m[3mname[0m[2m=[0mk#8dcff6d1..[1m}[0m[2m:[0m [2mconsensus_core::core[0m[2m:[0m [2mconsensus/core/src/core.rs[0m[2m:[0m[2m630:[0m Committing 1 leaders: B151(C,9hyE)
[2m2025-03-25T07:55:38.519360Z[0m [32m INFO[0m [1mnode[0m[1m{[0m[3mname[0m[2m=[0mk#8dcff6d1..[1m}[0m[2m:[0m [2mconsensus_core::commit_observer[0m[2m:[0m [2mconsensus/core/src/commit_observer.rs[0m[2m:[0m[2m173:[0m Consensus commit C141(qKGH) with leader B151(C,9hyE) has 3 blocks
[2m2025-03-25T07:55:38.519482Z[0m [32m INFO[0m [1mnode[0m[1m{[0m[3mname[0m[2m=[0mk#8dcff6d1..[1m}[0m[2m:[0m [2msui_core::consensus_handler[0m[2m:[0m [2mcrates/sui-core/src/consensus_handler.rs[0m[2m:[0m[2m232:[0m Received consensus output [3mconsensus_commit[0m[2m=[0mCommittedSubDag(leader=B151(C,9hyE), ref=C141(qKGH), blocks=[TE/5, oFoM, 9hyE]) [3mepoch[0m[2m=[0m1
[2m2025-03-25T07:55:38.519839Z[0m [32m INFO[0m [1mnode[0m[1m{[0m[3mname[0m[2m=[0mk#99f25ef6..[1m}[0m[2m:[0m [2mconsensus_core::core[0m[2m:[0m [2mconsensus/core/src/core.rs[0m[2m:[0m[2m945:[0m Included 3 ancestors & excluded 0 ancestors for proposal in round 153
[2m2025-03-25T07:55:38.520210Z[0m [32m INFO[0m [1mnode[0m[1m{[0m[3mname[0m[2m=[0mk#99f25ef6..[1m}[0m[2m:[0m [2mconsensus_core::core[0m[2m:[0m [2mconsensus/core/src/core.rs[0m[2m:[0m[2m531:[0m Created block B153(B,uyV4vt7eDvHuomjdcA0jDVXKjxx7Qop3wbhXbo8usik=)(1742889338519ms;[B152(B,ivU+x5/18cuIOP5klR0tPu3SSRzpAUGFMzP3XP/udSc=), B152(A,Ni7ruGddYj3+DHH2Rq3uWsUWYPRaL/59d45sBmWjSBQ=), B152(C,y1l98LOIwsD8rXIqTJjfLZ7CMRF4lPvuy/YO5tcNq/8=)];1t;1c) for round 153
[2m2025-03-25T07:55:38.520291Z[0m [32m INFO[0m [1mnode[0m[1m{[0m[3mname[0m[2m=[0mk#99f25ef6..[1m}[0m[2m:[0m [2mconsensus_core::core[0m[2m:[0m [2mconsensus/core/src/core.rs[0m[2m:[0m[2m630:[0m Committing 1 leaders: B151(C,9hyE)
[2m2025-03-25T07:55:38.520374Z[0m [32m INFO[0m [1mnode[0m[1m{[0m[3mname[0m[2m=[0mk#99f25ef6..[1m}[0m[2m:[0m [2mconsensus_core::commit_observer[0m[2m:[0m [2mconsensus/core/src/commit_observer.rs[0m[2m:[0m[2m173:[0m Consensus commit C141(qKGH) with leader B151(C,9hyE) has 3 blocks
[2m2025-03-25T07:55:38.520478Z[0m [32m INFO[0m [1mnode[0m[1m{[0m[3mname[0m[2m=[0mk#99f25ef6..[1m}[0m[2m:[0m [2msui_core::consensus_handler[0m[2m:[0m [2mcrates/sui-core/src/consensus_handler.rs[0m[2m:[0m[2m232:[0m Received consensus output [3mconsensus_commit[0m[2m=[0mCommittedSubDag(leader=B151(C,9hyE), ref=C141(qKGH), blocks=[TE/5, oFoM, 9hyE]) [3mepoch[0m[2m=[0m1
[2m2025-03-25T07:55:38.522431Z[0m [32m INFO[0m [1mnode[0m[1m{[0m[3mname[0m[2m=[0mk#addeef94..[1m}[0m[2m:[0m [2mconsensus_core::core[0m[2m:[0m [2mconsensus/core/src/core.rs[0m[2m:[0m[2m630:[0m Committing 1 leaders: B151(C,9hyE)
[2m2025-03-25T07:55:38.522537Z[0m [32m INFO[0m [1mnode[0m[1m{[0m[3mname[0m[2m=[0mk#addeef94..[1m}[0m[2m:[0m [2mconsensus_core::commit_observer[0m[2m:[0m [2mconsensus/core/src/commit_observer.rs[0m[2m:[0m[2m173:[0m Consensus commit C141(qKGH) with leader B151(C,9hyE) has 3 blocks
[2m2025-03-25T07:55:38.522628Z[0m [32m INFO[0m [1mnode[0m[1m{[0m[3mname[0m[2m=[0mk#addeef94..[1m}[0m[2m:[0m [2msui_core::consensus_handler[0m[2m:[0m [2mcrates/sui-core/src/consensus_handler.rs[0m[2m:[0m[2m232:[0m Received consensus output [3mconsensus_commit[0m[2m=[0mCommittedSubDag(leader=B151(C,9hyE), ref=C141(qKGH), blocks=[TE/5, oFoM, 9hyE]) [3mepoch[0m[2m=[0m1
[2m2025-03-25T07:55:38.549375Z[0m [32m INFO[0m [1mnode[0m[1m{[0m[3mname[0m[2m=[0mk#8dcff6d1..[1m}[0m[2m:[0m [2msui_core::checkpoints[0m[2m:[0m [2mcrates/sui-core/src/checkpoints/mod.rs[0m[2m:[0m[2m1326:[0m Creating checkpoint(s) for 2 transactions [3mnext_checkpoint_seq[0m[2m=[0m354 [3mcheckpoint_timestamp[0m[2m=[0m1742889337982
[2m2025-03-25T07:55:38.549512Z[0m [32m INFO[0m [1mnode[0m[1m{[0m[3mname[0m[2m=[0mk#99f25ef6..[1m}[0m[2m:[0m [2msui_core::checkpoints[0m[2m:[0m [2mcrates/sui-core/src/checkpoints/mod.rs[0m[2m:[0m[2m1326:[0m Creating checkpoint(s) for 2 transactions [3mnext_checkpoint_seq[0m[2m=[0m354 [3mcheckpoint_timestamp[0m[2m=[0m1742889337982
[2m2025-03-25T07:55:38.549686Z[0m [32m INFO[0m [1mnode[0m[1m{[0m[3mname[0m[2m=[0mk#8dcff6d1..[1m}[0m[2m:[0m [2msui_core::checkpoints::checkpoint_output[0m[2m:[0m [2mcrates/sui-core/src/checkpoints/checkpoint_output.rs[0m[2m:[0m[2m149:[0m Creating checkpoint CheckpointDigest(B6zzkBGfSkfg1CUxVC84e9vwMyUaWPP8B7RDkrYqESbj) at epoch 1, sequence 354, previous digest Some(CheckpointDigest(9vgHMzhWHzZXoydSarULLnyhgcyieqgiky9GgdEktam5)), transactions count 2, content digest CheckpointContentsDigest(F7rY7bsoiro3HrN41vMJvVVL7V6B4yNjNgcgmamC3M5U), end_of_epoch_data None
[2m2025-03-25T07:55:38.549761Z[0m [32m INFO[0m [1mnode[0m[1m{[0m[3mname[0m[2m=[0mk#99f25ef6..[1m}[0m[2m:[0m [2msui_core::checkpoints::checkpoint_output[0m[2m:[0m [2mcrates/sui-core/src/checkpoints/checkpoint_output.rs[0m[2m:[0m[2m149:[0m Creating checkpoint CheckpointDigest(B6zzkBGfSkfg1CUxVC84e9vwMyUaWPP8B7RDkrYqESbj) at epoch 1, sequence 354, previous digest Some(CheckpointDigest(9vgHMzhWHzZXoydSarULLnyhgcyieqgiky9GgdEktam5)), transactions count 2, content digest CheckpointContentsDigest(F7rY7bsoiro3HrN41vMJvVVL7V6B4yNjNgcgmamC3M5U), end_of_epoch_data None
[2m2025-03-25T07:55:38.551244Z[0m [32m INFO[0m [1mnode[0m[1m{[0m[3mname[0m[2m=[0mk#addeef94..[1m}[0m[2m:[0m [2msui_core::checkpoints[0m[2m:[0m [2mcrates/sui-core/src/checkpoints/mod.rs[0m[2m:[0m[2m1326:[0m Creating checkpoint(s) for 2 transactions [3mnext_checkpoint_seq[0m[2m=[0m354 [3mcheckpoint_timestamp[0m[2m=[0m1742889337982
[2m2025-03-25T07:55:38.551492Z[0m [32m INFO[0m [1mnode[0m[1m{[0m[3mname[0m[2m=[0mk#addeef94..[1m}[0m[2m:[0m [2msui_core::checkpoints::checkpoint_output[0m[2m:[0m [2mcrates/sui-core/src/checkpoints/checkpoint_output.rs[0m[2m:[0m[2m149:[0m Creating checkpoint CheckpointDigest(B6zzkBGfSkfg1CUxVC84e9vwMyUaWPP8B7RDkrYqESbj) at epoch 1, sequence 354, previous digest Some(CheckpointDigest(9vgHMzhWHzZXoydSarULLnyhgcyieqgiky9GgdEktam5)), transactions count 2, content digest CheckpointContentsDigest(F7rY7bsoiro3HrN41vMJvVVL7V6B4yNjNgcgmamC3M5U), end_of_epoch_data None
[2m2025-03-25T07:55:38.552692Z[0m [32m INFO[0m [1mnode[0m[1m{[0m[3mname[0m[2m=[0mk#99f25ef6..[1m}[0m[2m:[0m [2msui_core::checkpoints::checkpoint_output[0m[2m:[0m [2mcrates/sui-core/src/checkpoints/checkpoint_output.rs[0m[2m:[0m[2m196:[0m Certified checkpoint with sequence 353 and digest 9vgHMzhWHzZXoydSarULLnyhgcyieqgiky9GgdEktam5
[2m2025-03-25T07:55:38.552699Z[0m [32m INFO[0m [1mnode[0m[1m{[0m[3mname[0m[2m=[0mk#8dcff6d1..[1m}[0m[2m:[0m [2msui_core::checkpoints::checkpoint_output[0m[2m:[0m [2mcrates/sui-core/src/checkpoints/checkpoint_output.rs[0m[2m:[0m[2m196:[0m Certified checkpoint with sequence 353 and digest 9vgHMzhWHzZXoydSarULLnyhgcyieqgiky9GgdEktam5
[2m2025-03-25T07:55:38.553128Z[0m [32m INFO[0m [1mnode[0m[1m{[0m[3mname[0m[2m=[0mk#99f25ef6..[1m}[0m[2m:[0m [2msui_core::checkpoints::checkpoint_executor[0m[2m:[0m [2mcrates/sui-core/src/checkpoints/checkpoint_executor/mod.rs[0m[2m:[0m[2m332:[0m Received checkpoint summary from state sync [3msequence_number[0m[2m=[0m353
[2m2025-03-25T07:55:38.553128Z[0m [32m INFO[0m [1mnode[0m[1m{[0m[3mname[0m[2m=[0mk#8dcff6d1..[1m}[0m[2m:[0m [2msui_core::checkpoints::checkpoint_executor[0m[2m:[0m [2mcrates/sui-core/src/checkpoints/checkpoint_executor/mod.rs[0m[2m:[0m[2m332:[0m Received checkpoint summary from state sync [3msequence_number[0m[2m=[0m353
[2m2025-03-25T07:55:38.554237Z[0m [32m INFO[0m [1mnode[0m[1m{[0m[3mname[0m[2m=[0mk#99f25ef6..[1m}[0m[2m:[0m [2msui_core::state_accumulator[0m[2m:[0m [2mcrates/sui-core/src/state_accumulator.rs[0m[2m:[0m[2m675:[0m accumulating running root for checkpoint 353
[2m2025-03-25T07:55:38.554242Z[0m [32m INFO[0m [1mnode[0m[1m{[0m[3mname[0m[2m=[0mk#8dcff6d1..[1m}[0m[2m:[0m [2msui_core::state_accumulator[0m[2m:[0m [2mcrates/sui-core/src/state_accumulator.rs[0m[2m:[0m[2m675:[0m accumulating running root for checkpoint 353
[2m2025-03-25T07:55:38.556423Z[0m [32m INFO[0m [1mnode[0m[1m{[0m[3mname[0m[2m=[0mk#addeef94..[1m}[0m[2m:[0m [2msui_core::checkpoints::checkpoint_executor[0m[2m:[0m [2mcrates/sui-core/src/checkpoints/checkpoint_executor/mod.rs[0m[2m:[0m[2m332:[0m Received checkpoint summary from state sync [3msequence_number[0m[2m=[0m353
[2m2025-03-25T07:55:38.557157Z[0m [32m INFO[0m [1mnode[0m[1m{[0m[3mname[0m[2m=[0mk#addeef94..[1m}[0m[2m:[0m [2msui_core::state_accumulator[0m[2m:[0m [2mcrates/sui-core/src/state_accumulator.rs[0m[2m:[0m[2m675:[0m accumulating running root for checkpoint 353
[2m2025-03-25T07:55:38.557393Z[0m [32m INFO[0m [1mnode[0m[1m{[0m[3mname[0m[2m=[0mk#b3f3cbb4..[1m}[0m[2m:[0m [2msui_core::checkpoints::checkpoint_executor[0m[2m:[0m [2mcrates/sui-core/src/checkpoints/checkpoint_executor/mod.rs[0m[2m:[0m[2m332:[0m Received checkpoint summary from state sync [3msequence_number[0m[2m=[0m353
[2m2025-03-25T07:55:38.583236Z[0m [32m INFO[0m [1mnode[0m[1m{[0m[3mname[0m[2m=[0mk#b3f3cbb4..[1m}[0m[2m:[0m [2msui_core::state_accumulator[0m[2m:[0m [2mcrates/sui-core/src/state_accumulator.rs[0m[2m:[0m[2m675:[0m accumulating running root for checkpoint 353
[2m2025-03-25T07:55:38.772774Z[0m [32m INFO[0m [1mnode[0m[1m{[0m[3mname[0m[2m=[0mk#8dcff6d1..[1m}[0m[2m:[0m [2mconsensus_core::core[0m[2m:[0m [2mconsensus/core/src/core.rs[0m[2m:[0m[2m945:[0m Included 3 ancestors & excluded 0 ancestors for proposal in round 154
[2m2025-03-25T07:55:38.773646Z[0m [32m INFO[0m [1mnode[0m[1m{[0m[3mname[0m[2m=[0mk#99f25ef6..[1m}[0m[2m:[0m [2mconsensus_core::core[0m[2m:[0m [2mconsensus/core/src/core.rs[0m[2m:[0m[2m945:[0m Included 3 ancestors & excluded 0 ancestors for proposal in round 154
[2m2025-03-25T07:55:38.774622Z[0m [32m INFO[0m [1mnode[0m[1m{[0m[3mname[0m[2m=[0mk#addeef94..[1m}[0m[2m:[0m [2mconsensus_core::core[0m[2m:[0m [2mconsensus/core/src/core.rs[0m[2m:[0m[2m945:[0m Included 3 ancestors & excluded 0 ancestors for proposal in round 154
[2m2025-03-25T07:55:38.774657Z[0m [32m INFO[0m [1mnode[0m[1m{[0m[3mname[0m[2m=[0mk#8dcff6d1..[1m}[0m[2m:[0m [2mconsensus_core::core[0m[2m:[0m [2mconsensus/core/src/core.rs[0m[2m:[0m[2m531:[0m Created block B154(A,o1jHKcXib7zzaWWXXIuPtuAK4s/DVQrcXCxCW6bG6hg=)(1742889338773ms;[B153(A,57tfhYyRU/g5zZGwz1pzz17TcCGKY+G/kSpBTozcqRw=), B153(B,uyV4vt7eDvHuomjdcA0jDVXKjxx7Qop3wbhXbo8usik=), B153(C,qNctz6sWONZ1XvQZ1yocXuY0cR295MtI/RR8N44BJpM=)];1t;1c) for round 154
[2m2025-03-25T07:55:38.775164Z[0m [32m INFO[0m [1mnode[0m[1m{[0m[3mname[0m[2m=[0mk#99f25ef6..[1m}[0m[2m:[0m [2mconsensus_core::core[0m[2m:[0m [2mconsensus/core/src/core.rs[0m[2m:[0m[2m531:[0m Created block B154(B,UFHQBAOj/uPLYX/MJ0TdUSWuWF8QhZNxAS4JXwqg7Yc=)(1742889338773ms;[B153(B,uyV4vt7eDvHuomjdcA0jDVXKjxx7Qop3wbhXbo8usik=), B153(A,57tfhYyRU/g5zZGwz1pzz17TcCGKY+G/kSpBTozcqRw=), B153(C,qNctz6sWONZ1XvQZ1yocXuY0cR295MtI/RR8N44BJpM=)];1t;1c) for round 154
[2m2025-03-25T07:55:38.776084Z[0m [32m INFO[0m [1mnode[0m[1m{[0m[3mname[0m[2m=[0mk#addeef94..[1m}[0m[2m:[0m [2mconsensus_core::core[0m[2m:[0m [2mconsensus/core/src/core.rs[0m[2m:[0m[2m531:[0m Created block B154(C,S9Y4IvdBbjVbaiBghkjOetIn3ilrueqfd5hX0ocb9Ug=)(1742889338774ms;[B153(C,qNctz6sWONZ1XvQZ1yocXuY0cR295MtI/RR8N44BJpM=), B153(A,57tfhYyRU/g5zZGwz1pzz17TcCGKY+G/kSpBTozcqRw=), B153(B,uyV4vt7eDvHuomjdcA0jDVXKjxx7Qop3wbhXbo8usik=)];1t;1c) for round 154
[2m2025-03-25T07:55:38.786422Z[0m [32m INFO[0m [1mnode[0m[1m{[0m[3mname[0m[2m=[0mk#addeef94..[1m}[0m[2m:[0m [2mconsensus_core::core[0m[2m:[0m [2mconsensus/core/src/core.rs[0m[2m:[0m[2m630:[0m Committing 1 leaders: B152(C,y1l9)
[2m2025-03-25T07:55:38.786709Z[0m [32m INFO[0m [1mnode[0m[1m{[0m[3mname[0m[2m=[0mk#addeef94..[1m}[0m[2m:[0m [2mconsensus_core::commit_observer[0m[2m:[0m [2mconsensus/core/src/commit_observer.rs[0m[2m:[0m[2m173:[0m Consensus commit C142(LVle) with leader B152(C,y1l9) has 3 blocks
[2m2025-03-25T07:55:38.787078Z[0m [32m INFO[0m [1mnode[0m[1m{[0m[3mname[0m[2m=[0mk#addeef94..[1m}[0m[2m:[0m [2msui_core::consensus_handler[0m[2m:[0m [2mcrates/sui-core/src/consensus_handler.rs[0m[2m:[0m[2m232:[0m Received consensus output [3mconsensus_commit[0m[2m=[0mCommittedSubDag(leader=B152(C,y1l9), ref=C142(LVle), blocks=[wGiO, wh9t, y1l9]) [3mepoch[0m[2m=[0m1
[2m2025-03-25T07:55:38.788489Z[0m [32m INFO[0m [1mnode[0m[1m{[0m[3mname[0m[2m=[0mk#8dcff6d1..[1m}[0m[2m:[0m [2msui_core::checkpoints::checkpoint_output[0m[2m:[0m [2mcrates/sui-core/src/checkpoints/checkpoint_output.rs[0m[2m:[0m[2m196:[0m Certified checkpoint with sequence 354 and digest B6zzkBGfSkfg1CUxVC84e9vwMyUaWPP8B7RDkrYqESbj
[2m2025-03-25T07:55:38.788489Z[0m [32m INFO[0m [1mnode[0m[1m{[0m[3mname[0m[2m=[0mk#99f25ef6..[1m}[0m[2m:[0m [2msui_core::checkpoints::checkpoint_output[0m[2m:[0m [2mcrates/sui-core/src/checkpoints/checkpoint_output.rs[0m[2m:[0m[2m196:[0m Certified checkpoint with sequence 354 and digest B6zzkBGfSkfg1CUxVC84e9vwMyUaWPP8B7RDkrYqESbj
[2m2025-03-25T07:55:38.788743Z[0m [32m INFO[0m [1mnode[0m[1m{[0m[3mname[0m[2m=[0mk#8dcff6d1..[1m}[0m[2m:[0m [2mconsensus_core::core[0m[2m:[0m [2mconsensus/core/src/core.rs[0m[2m:[0m[2m630:[0m Committing 1 leaders: B152(C,y1l9)
[2m2025-03-25T07:55:38.788746Z[0m [32m INFO[0m [1mnode[0m[1m{[0m[3mname[0m[2m=[0mk#99f25ef6..[1m}[0m[2m:[0m [2mconsensus_core::core[0m[2m:[0m [2mconsensus/core/src/core.rs[0m[2m:[0m[2m630:[0m Committing 1 leaders: B152(C,y1l9)
[2m2025-03-25T07:55:38.788990Z[0m [32m INFO[0m [1mnode[0m[1m{[0m[3mname[0m[2m=[0mk#8dcff6d1..[1m}[0m[2m:[0m [2mconsensus_core::commit_observer[0m[2m:[0m [2mconsensus/core/src/commit_observer.rs[0m[2m:[0m[2m173:[0m Consensus commit C142(LVle) with leader B152(C,y1l9) has 3 blocks
[2m2025-03-25T07:55:38.788999Z[0m [32m INFO[0m [1mnode[0m[1m{[0m[3mname[0m[2m=[0mk#99f25ef6..[1m}[0m[2m:[0m [2mconsensus_core::commit_observer[0m[2m:[0m [2mconsensus/core/src/commit_observer.rs[0m[2m:[0m[2m173:[0m Consensus commit C142(LVle) with leader B152(C,y1l9) has 3 blocks
[2m2025-03-25T07:55:38.789956Z[0m [32m INFO[0m [1mnode[0m[1m{[0m[3mname[0m[2m=[0mk#8dcff6d1..[1m}[0m[2m:[0m [2msui_core::consensus_handler[0m[2m:[0m [2mcrates/sui-core/src/consensus_handler.rs[0m[2m:[0m[2m232:[0m Received consensus output [3mconsensus_commit[0m[2m=[0mCommittedSubDag(leader=B152(C,y1l9), ref=C142(LVle), blocks=[wGiO, wh9t, y1l9]) [3mepoch[0m[2m=[0m1
[2m2025-03-25T07:55:38.789956Z[0m [32m INFO[0m [1mnode[0m[1m{[0m[3mname[0m[2m=[0mk#99f25ef6..[1m}[0m[2m:[0m [2msui_core::consensus_handler[0m[2m:[0m [2mcrates/sui-core/src/consensus_handler.rs[0m[2m:[0m[2m232:[0m Received consensus output [3mconsensus_commit[0m[2m=[0mCommittedSubDag(leader=B152(C,y1l9), ref=C142(LVle), blocks=[wGiO, wh9t, y1l9]) [3mepoch[0m[2m=[0m1
[2m2025-03-25T07:55:38.791813Z[0m [32m INFO[0m [1mnode[0m[1m{[0m[3mname[0m[2m=[0mk#8dcff6d1..[1m}[0m[2m:[0m [2msui_core::checkpoints::checkpoint_executor[0m[2m:[0m [2mcrates/sui-core/src/checkpoints/checkpoint_executor/mod.rs[0m[2m:[0m[2m332:[0m Received checkpoint summary from state sync [3msequence_number[0m[2m=[0m354
[2m2025-03-25T07:55:38.791813Z[0m [32m INFO[0m [1mnode[0m[1m{[0m[3mname[0m[2m=[0mk#99f25ef6..[1m}[0m[2m:[0m [2msui_core::checkpoints::checkpoint_executor[0m[2m:[0m [2mcrates/sui-core/src/checkpoints/checkpoint_executor/mod.rs[0m[2m:[0m[2m332:[0m Received checkpoint summary from state sync [3msequence_number[0m[2m=[0m354
[2m2025-03-25T07:55:38.814404Z[0m [32m INFO[0m [1mnode[0m[1m{[0m[3mname[0m[2m=[0mk#8dcff6d1..[1m}[0m[2m:[0m [2msui_core::state_accumulator[0m[2m:[0m [2mcrates/sui-core/src/state_accumulator.rs[0m[2m:[0m[2m675:[0m accumulating running root for checkpoint 354
[2m2025-03-25T07:55:38.814404Z[0m [32m INFO[0m [1mnode[0m[1m{[0m[3mname[0m[2m=[0mk#99f25ef6..[1m}[0m[2m:[0m [2msui_core::state_accumulator[0m[2m:[0m [2mcrates/sui-core/src/state_accumulator.rs[0m[2m:[0m[2m675:[0m accumulating running root for checkpoint 354
[2m2025-03-25T07:55:38.849500Z[0m [32m INFO[0m [1mnode[0m[1m{[0m[3mname[0m[2m=[0mk#addeef94..[1m}[0m[2m:[0m [2msui_core::checkpoints[0m[2m:[0m [2mcrates/sui-core/src/checkpoints/mod.rs[0m[2m:[0m[2m1326:[0m Creating checkpoint(s) for 1 transactions [3mnext_checkpoint_seq[0m[2m=[0m355 [3mcheckpoint_timestamp[0m[2m=[0m1742889338258
[2m2025-03-25T07:55:38.849735Z[0m [32m INFO[0m [1mnode[0m[1m{[0m[3mname[0m[2m=[0mk#addeef94..[1m}[0m[2m:[0m [2msui_core::checkpoints::checkpoint_output[0m[2m:[0m [2mcrates/sui-core/src/checkpoints/checkpoint_output.rs[0m[2m:[0m[2m149:[0m Creating checkpoint CheckpointDigest(GijCnuPdBk7v1rmMoA8TYCPEVbvbYcBM4Ckgay1d3Bgh) at epoch 1, sequence 355, previous digest Some(CheckpointDigest(B6zzkBGfSkfg1CUxVC84e9vwMyUaWPP8B7RDkrYqESbj)), transactions count 1, content digest CheckpointContentsDigest(GHoFwmNBz3j4eWwQoJu4R9gYd74LjekJ1xFFJvHR8pdR), end_of_epoch_data None
[2m2025-03-25T07:55:38.851097Z[0m [32m INFO[0m [1mnode[0m[1m{[0m[3mname[0m[2m=[0mk#8dcff6d1..[1m}[0m[2m:[0m [2msui_core::checkpoints[0m[2m:[0m [2mcrates/sui-core/src/checkpoints/mod.rs[0m[2m:[0m[2m1326:[0m Creating checkpoint(s) for 1 transactions [3mnext_checkpoint_seq[0m[2m=[0m355 [3mcheckpoint_timestamp[0m[2m=[0m1742889338258
[2m2025-03-25T07:55:38.851272Z[0m [32m INFO[0m [1mnode[0m[1m{[0m[3mname[0m[2m=[0mk#8dcff6d1..[1m}[0m[2m:[0m [2msui_core::checkpoints::checkpoint_output[0m[2m:[0m [2mcrates/sui-core/src/checkpoints/checkpoint_output.rs[0m[2m:[0m[2m149:[0m Creating checkpoint CheckpointDigest(GijCnuPdBk7v1rmMoA8TYCPEVbvbYcBM4Ckgay1d3Bgh) at epoch 1, sequence 355, previous digest Some(CheckpointDigest(B6zzkBGfSkfg1CUxVC84e9vwMyUaWPP8B7RDkrYqESbj)), transactions count 1, content digest CheckpointContentsDigest(GHoFwmNBz3j4eWwQoJu4R9gYd74LjekJ1xFFJvHR8pdR), end_of_epoch_data None
[2m2025-03-25T07:55:38.851356Z[0m [32m INFO[0m [1mnode[0m[1m{[0m[3mname[0m[2m=[0mk#99f25ef6..[1m}[0m[2m:[0m [2msui_core::checkpoints[0m[2m:[0m [2mcrates/sui-core/src/checkpoints/mod.rs[0m[2m:[0m[2m1326:[0m Creating checkpoint(s) for 1 transactions [3mnext_checkpoint_seq[0m[2m=[0m355 [3mcheckpoint_timestamp[0m[2m=[0m1742889338258
[2m2025-03-25T07:55:38.851531Z[0m [32m INFO[0m [1mnode[0m[1m{[0m[3mname[0m[2m=[0mk#99f25ef6..[1m}[0m[2m:[0m [2msui_core::checkpoints::checkpoint_output[0m[2m:[0m [2mcrates/sui-core/src/checkpoints/checkpoint_output.rs[0m[2m:[0m[2m149:[0m Creating checkpoint CheckpointDigest(GijCnuPdBk7v1rmMoA8TYCPEVbvbYcBM4Ckgay1d3Bgh) at epoch 1, sequence 355, previous digest Some(CheckpointDigest(B6zzkBGfSkfg1CUxVC84e9vwMyUaWPP8B7RDkrYqESbj)), transactions count 1, content digest CheckpointContentsDigest(GHoFwmNBz3j4eWwQoJu4R9gYd74LjekJ1xFFJvHR8pdR), end_of_epoch_data None
[2m2025-03-25T07:55:38.856454Z[0m [32m INFO[0m [1mnode[0m[1m{[0m[3mname[0m[2m=[0mk#b3f3cbb4..[1m}[0m[2m:[0m [2msui_core::checkpoints::checkpoint_executor[0m[2m:[0m [2mcrates/sui-core/src/checkpoints/checkpoint_executor/mod.rs[0m[2m:[0m[2m332:[0m Received checkpoint summary from state sync [3msequence_number[0m[2m=[0m354
[2m2025-03-25T07:55:38.916693Z[0m [32m INFO[0m [1mnode[0m[1m{[0m[3mname[0m[2m=[0mk#addeef94..[1m}[0m[2m:[0m [2msui_core::checkpoints::checkpoint_executor[0m[2m:[0m [2mcrates/sui-core/src/checkpoints/checkpoint_executor/mod.rs[0m[2m:[0m[2m332:[0m Received checkpoint summary from state sync [3msequence_number[0m[2m=[0m354
[2m2025-03-25T07:55:38.918099Z[0m [32m INFO[0m [1mnode[0m[1m{[0m[3mname[0m[2m=[0mk#addeef94..[1m}[0m[2m:[0m [2msui_core::state_accumulator[0m[2m:[0m [2mcrates/sui-core/src/state_accumulator.rs[0m[2m:[0m[2m675:[0m accumulating running root for checkpoint 354
[2m2025-03-25T07:55:38.947172Z[0m [32m INFO[0m [1mnode[0m[1m{[0m[3mname[0m[2m=[0mk#b3f3cbb4..[1m}[0m[2m:[0m [2msui_core::state_accumulator[0m[2m:[0m [2mcrates/sui-core/src/state_accumulator.rs[0m[2m:[0m[2m675:[0m accumulating running root for checkpoint 354
[2m2025-03-25T07:55:38.973408Z[0m [32m INFO[0m [2msui_bridge::e2e_tests::test_utils[0m[2m:[0m [2mcrates/sui-bridge/src/e2e_tests/test_utils.rs[0m[2m:[0m[2m1599:[0m Depositing ERC20 (token id:4, token_address: 0x1696…3526) to Solidity contract
[2m2025-03-25T07:55:39.039529Z[0m [32m INFO[0m [1mnode[0m[1m{[0m[3mname[0m[2m=[0mk#addeef94..[1m}[0m[2m:[0m [2mconsensus_core::core[0m[2m:[0m [2mconsensus/core/src/core.rs[0m[2m:[0m[2m945:[0m Included 3 ancestors & excluded 0 ancestors for proposal in round 155
[2m2025-03-25T07:55:39.040107Z[0m [32m INFO[0m [1mnode[0m[1m{[0m[3mname[0m[2m=[0mk#addeef94..[1m}[0m[2m:[0m [2mconsensus_core::core[0m[2m:[0m [2mconsensus/core/src/core.rs[0m[2m:[0m[2m531:[0m Created block B155(C,LHqsYmxjgcUXIotDD/g+jH7KPbr8lhx30Z+TD3KXleA=)(1742889339039ms;[B154(C,S9Y4IvdBbjVbaiBghkjOetIn3ilrueqfd5hX0ocb9Ug=), B154(A,o1jHKcXib7zzaWWXXIuPtuAK4s/DVQrcXCxCW6bG6hg=), B154(B,UFHQBAOj/uPLYX/MJ0TdUSWuWF8QhZNxAS4JXwqg7Yc=)];1t;1c) for round 155
[2m2025-03-25T07:55:39.042358Z[0m [32m INFO[0m [1mnode[0m[1m{[0m[3mname[0m[2m=[0mk#8dcff6d1..[1m}[0m[2m:[0m [2mconsensus_core::core[0m[2m:[0m [2mconsensus/core/src/core.rs[0m[2m:[0m[2m945:[0m Included 3 ancestors & excluded 0 ancestors for proposal in round 155
[2m2025-03-25T07:55:39.042722Z[0m [32m INFO[0m [1mnode[0m[1m{[0m[3mname[0m[2m=[0mk#99f25ef6..[1m}[0m[2m:[0m [2mconsensus_core::core[0m[2m:[0m [2mconsensus/core/src/core.rs[0m[2m:[0m[2m945:[0m Included 3 ancestors & excluded 0 ancestors for proposal in round 155
[2m2025-03-25T07:55:39.042744Z[0m [32m INFO[0m [1mnode[0m[1m{[0m[3mname[0m[2m=[0mk#8dcff6d1..[1m}[0m[2m:[0m [2mconsensus_core::core[0m[2m:[0m [2mconsensus/core/src/core.rs[0m[2m:[0m[2m531:[0m Created block B155(A,Hel/uU5znatBHtKPG/CPhDOxKRJOMRqu4XvtJN5mgrc=)(1742889339042ms;[B154(A,o1jHKcXib7zzaWWXXIuPtuAK4s/DVQrcXCxCW6bG6hg=), B154(B,UFHQBAOj/uPLYX/MJ0TdUSWuWF8QhZNxAS4JXwqg7Yc=), B154(C,S9Y4IvdBbjVbaiBghkjOetIn3ilrueqfd5hX0ocb9Ug=)];1t;1c) for round 155
[2m2025-03-25T07:55:39.042940Z[0m [32m INFO[0m [1mnode[0m[1m{[0m[3mname[0m[2m=[0mk#8dcff6d1..[1m}[0m[2m:[0m [2mconsensus_core::core[0m[2m:[0m [2mconsensus/core/src/core.rs[0m[2m:[0m[2m630:[0m Committing 1 leaders: B153(B,uyV4)
[2m2025-03-25T07:55:39.043070Z[0m [32m INFO[0m [1mnode[0m[1m{[0m[3mname[0m[2m=[0mk#8dcff6d1..[1m}[0m[2m:[0m [2mconsensus_core::commit_observer[0m[2m:[0m [2mconsensus/core/src/commit_observer.rs[0m[2m:[0m[2m173:[0m Consensus commit C143(trzr) with leader B153(B,uyV4) has 3 blocks
[2m2025-03-25T07:55:39.043107Z[0m [32m INFO[0m [1mnode[0m[1m{[0m[3mname[0m[2m=[0mk#99f25ef6..[1m}[0m[2m:[0m [2mconsensus_core::core[0m[2m:[0m [2mconsensus/core/src/core.rs[0m[2m:[0m[2m531:[0m Created block B155(B,3pMa8XEtqwfuZymCz3UmpmgDCX0vhawWLtwdxRG87Kw=)(1742889339042ms;[B154(B,UFHQBAOj/uPLYX/MJ0TdUSWuWF8QhZNxAS4JXwqg7Yc=), B154(A,o1jHKcXib7zzaWWXXIuPtuAK4s/DVQrcXCxCW6bG6hg=), B154(C,S9Y4IvdBbjVbaiBghkjOetIn3ilrueqfd5hX0ocb9Ug=)];1t;1c) for round 155
[2m2025-03-25T07:55:39.043190Z[0m [32m INFO[0m [1mnode[0m[1m{[0m[3mname[0m[2m=[0mk#99f25ef6..[1m}[0m[2m:[0m [2mconsensus_core::core[0m[2m:[0m [2mconsensus/core/src/core.rs[0m[2m:[0m[2m630:[0m Committing 1 leaders: B153(B,uyV4)
[2m2025-03-25T07:55:39.043276Z[0m [32m INFO[0m [1mnode[0m[1m{[0m[3mname[0m[2m=[0mk#99f25ef6..[1m}[0m[2m:[0m [2mconsensus_core::commit_observer[0m[2m:[0m [2mconsensus/core/src/commit_observer.rs[0m[2m:[0m[2m173:[0m Consensus commit C143(trzr) with leader B153(B,uyV4) has 3 blocks
[2m2025-03-25T07:55:39.043385Z[0m [32m INFO[0m [1mnode[0m[1m{[0m[3mname[0m[2m=[0mk#99f25ef6..[1m}[0m[2m:[0m [2msui_core::consensus_handler[0m[2m:[0m [2mcrates/sui-core/src/consensus_handler.rs[0m[2m:[0m[2m232:[0m Received consensus output [3mconsensus_commit[0m[2m=[0mCommittedSubDag(leader=B153(B,uyV4), ref=C143(trzr), blocks=[Ni7r, ivU+, uyV4]) [3mepoch[0m[2m=[0m1
[2m2025-03-25T07:55:39.043387Z[0m [32m INFO[0m [1mnode[0m[1m{[0m[3mname[0m[2m=[0mk#8dcff6d1..[1m}[0m[2m:[0m [2msui_core::consensus_handler[0m[2m:[0m [2mcrates/sui-core/src/consensus_handler.rs[0m[2m:[0m[2m232:[0m Received consensus output [3mconsensus_commit[0m[2m=[0mCommittedSubDag(leader=B153(B,uyV4), ref=C143(trzr), blocks=[Ni7r, ivU+, uyV4]) [3mepoch[0m[2m=[0m1
[2m2025-03-25T07:55:39.048106Z[0m [32m INFO[0m [1mnode[0m[1m{[0m[3mname[0m[2m=[0mk#addeef94..[1m}[0m[2m:[0m [2mconsensus_core::core[0m[2m:[0m [2mconsensus/core/src/core.rs[0m[2m:[0m[2m630:[0m Committing 1 leaders: B153(B,uyV4)
[2m2025-03-25T07:55:39.048226Z[0m [32m INFO[0m [1mnode[0m[1m{[0m[3mname[0m[2m=[0mk#addeef94..[1m}[0m[2m:[0m [2mconsensus_core::commit_observer[0m[2m:[0m [2mconsensus/core/src/commit_observer.rs[0m[2m:[0m[2m173:[0m Consensus commit C143(trzr) with leader B153(B,uyV4) has 3 blocks
[2m2025-03-25T07:55:39.048391Z[0m [32m INFO[0m [1mnode[0m[1m{[0m[3mname[0m[2m=[0mk#addeef94..[1m}[0m[2m:[0m [2msui_core::consensus_handler[0m[2m:[0m [2mcrates/sui-core/src/consensus_handler.rs[0m[2m:[0m[2m232:[0m Received consensus output [3mconsensus_commit[0m[2m=[0mCommittedSubDag(leader=B153(B,uyV4), ref=C143(trzr), blocks=[Ni7r, ivU+, uyV4]) [3mepoch[0m[2m=[0m1
[2m2025-03-25T07:55:39.074022Z[0m [32m INFO[0m [1mnode[0m[1m{[0m[3mname[0m[2m=[0mk#8dcff6d1..[1m}[0m[2m:[0m [2msui_core::checkpoints[0m[2m:[0m [2mcrates/sui-core/src/checkpoints/mod.rs[0m[2m:[0m[2m1326:[0m Creating checkpoint(s) for 2 transactions [3mnext_checkpoint_seq[0m[2m=[0m356 [3mcheckpoint_timestamp[0m[2m=[0m1742889338519
[2m2025-03-25T07:55:39.074021Z[0m [32m INFO[0m [1mnode[0m[1m{[0m[3mname[0m[2m=[0mk#99f25ef6..[1m}[0m[2m:[0m [2msui_core::checkpoints[0m[2m:[0m [2mcrates/sui-core/src/checkpoints/mod.rs[0m[2m:[0m[2m1326:[0m Creating checkpoint(s) for 2 transactions [3mnext_checkpoint_seq[0m[2m=[0m356 [3mcheckpoint_timestamp[0m[2m=[0m1742889338519
[2m2025-03-25T07:55:39.074340Z[0m [32m INFO[0m [1mnode[0m[1m{[0m[3mname[0m[2m=[0mk#99f25ef6..[1m}[0m[2m:[0m [2msui_core::checkpoints::checkpoint_output[0m[2m:[0m [2mcrates/sui-core/src/checkpoints/checkpoint_output.rs[0m[2m:[0m[2m149:[0m Creating checkpoint CheckpointDigest(EPdxu6hZGq3AG4geaWMupfnyFePN9gRZebPDuNi6j86P) at epoch 1, sequence 356, previous digest Some(CheckpointDigest(GijCnuPdBk7v1rmMoA8TYCPEVbvbYcBM4Ckgay1d3Bgh)), transactions count 2, content digest CheckpointContentsDigest(HMHNpQej8iQvkxXBMP1nYRDXsQRB2KpCCgQh4sZe57EN), end_of_epoch_data None
[2m2025-03-25T07:55:39.074340Z[0m [32m INFO[0m [1mnode[0m[1m{[0m[3mname[0m[2m=[0mk#8dcff6d1..[1m}[0m[2m:[0m [2msui_core::checkpoints::checkpoint_output[0m[2m:[0m [2mcrates/sui-core/src/checkpoints/checkpoint_output.rs[0m[2m:[0m[2m149:[0m Creating checkpoint CheckpointDigest(EPdxu6hZGq3AG4geaWMupfnyFePN9gRZebPDuNi6j86P) at epoch 1, sequence 356, previous digest Some(CheckpointDigest(GijCnuPdBk7v1rmMoA8TYCPEVbvbYcBM4Ckgay1d3Bgh)), transactions count 2, content digest CheckpointContentsDigest(HMHNpQej8iQvkxXBMP1nYRDXsQRB2KpCCgQh4sZe57EN), end_of_epoch_data None
[2m2025-03-25T07:55:39.077370Z[0m [32m INFO[0m [1mnode[0m[1m{[0m[3mname[0m[2m=[0mk#addeef94..[1m}[0m[2m:[0m [2msui_core::checkpoints[0m[2m:[0m [2mcrates/sui-core/src/checkpoints/mod.rs[0m[2m:[0m[2m1326:[0m Creating checkpoint(s) for 2 transactions [3mnext_checkpoint_seq[0m[2m=[0m356 [3mcheckpoint_timestamp[0m[2m=[0m1742889338519
[2m2025-03-25T07:55:39.077435Z[0m [32m INFO[0m [1mnode[0m[1m{[0m[3mname[0m[2m=[0mk#99f25ef6..[1m}[0m[2m:[0m [2msui_core::checkpoints::checkpoint_output[0m[2m:[0m [2mcrates/sui-core/src/checkpoints/checkpoint_output.rs[0m[2m:[0m[2m196:[0m Certified checkpoint with sequence 355 and digest GijCnuPdBk7v1rmMoA8TYCPEVbvbYcBM4Ckgay1d3Bgh
[2m2025-03-25T07:55:39.077439Z[0m [32m INFO[0m [1mnode[0m[1m{[0m[3mname[0m[2m=[0mk#8dcff6d1..[1m}[0m[2m:[0m [2msui_core::checkpoints::checkpoint_output[0m[2m:[0m [2mcrates/sui-core/src/checkpoints/checkpoint_output.rs[0m[2m:[0m[2m196:[0m Certified checkpoint with sequence 355 and digest GijCnuPdBk7v1rmMoA8TYCPEVbvbYcBM4Ckgay1d3Bgh
[2m2025-03-25T07:55:39.077629Z[0m [32m INFO[0m [1mnode[0m[1m{[0m[3mname[0m[2m=[0mk#addeef94..[1m}[0m[2m:[0m [2msui_core::checkpoints::checkpoint_output[0m[2m:[0m [2mcrates/sui-core/src/checkpoints/checkpoint_output.rs[0m[2m:[0m[2m149:[0m Creating checkpoint CheckpointDigest(EPdxu6hZGq3AG4geaWMupfnyFePN9gRZebPDuNi6j86P) at epoch 1, sequence 356, previous digest Some(CheckpointDigest(GijCnuPdBk7v1rmMoA8TYCPEVbvbYcBM4Ckgay1d3Bgh)), transactions count 2, content digest CheckpointContentsDigest(HMHNpQej8iQvkxXBMP1nYRDXsQRB2KpCCgQh4sZe57EN), end_of_epoch_data None
[2m2025-03-25T07:55:39.077885Z[0m [32m INFO[0m [1mnode[0m[1m{[0m[3mname[0m[2m=[0mk#99f25ef6..[1m}[0m[2m:[0m [2msui_core::checkpoints::checkpoint_executor[0m[2m:[0m [2mcrates/sui-core/src/checkpoints/checkpoint_executor/mod.rs[0m[2m:[0m[2m332:[0m Received checkpoint summary from state sync [3msequence_number[0m[2m=[0m355
[2m2025-03-25T07:55:39.077885Z[0m [32m INFO[0m [1mnode[0m[1m{[0m[3mname[0m[2m=[0mk#8dcff6d1..[1m}[0m[2m:[0m [2msui_core::checkpoints::checkpoint_executor[0m[2m:[0m [2mcrates/sui-core/src/checkpoints/checkpoint_executor/mod.rs[0m[2m:[0m[2m332:[0m Received checkpoint summary from state sync [3msequence_number[0m[2m=[0m355
[2m2025-03-25T07:55:39.079026Z[0m [32m INFO[0m [1mnode[0m[1m{[0m[3mname[0m[2m=[0mk#99f25ef6..[1m}[0m[2m:[0m [2msui_core::state_accumulator[0m[2m:[0m [2mcrates/sui-core/src/state_accumulator.rs[0m[2m:[0m[2m675:[0m accumulating running root for checkpoint 355
[2m2025-03-25T07:55:39.079035Z[0m [32m INFO[0m [1mnode[0m[1m{[0m[3mname[0m[2m=[0mk#8dcff6d1..[1m}[0m[2m:[0m [2msui_core::state_accumulator[0m[2m:[0m [2mcrates/sui-core/src/state_accumulator.rs[0m[2m:[0m[2m675:[0m accumulating running root for checkpoint 355
[2m2025-03-25T07:55:39.080980Z[0m [32m INFO[0m [1mnode[0m[1m{[0m[3mname[0m[2m=[0mk#addeef94..[1m}[0m[2m:[0m [2msui_core::checkpoints::checkpoint_executor[0m[2m:[0m [2mcrates/sui-core/src/checkpoints/checkpoint_executor/mod.rs[0m[2m:[0m[2m332:[0m Received checkpoint summary from state sync [3msequence_number[0m[2m=[0m355
[2m2025-03-25T07:55:39.081707Z[0m [32m INFO[0m [1mnode[0m[1m{[0m[3mname[0m[2m=[0mk#addeef94..[1m}[0m[2m:[0m [2msui_core::state_accumulator[0m[2m:[0m [2mcrates/sui-core/src/state_accumulator.rs[0m[2m:[0m[2m675:[0m accumulating running root for checkpoint 355
[2m2025-03-25T07:55:39.082228Z[0m [32m INFO[0m [1mnode[0m[1m{[0m[3mname[0m[2m=[0mk#b3f3cbb4..[1m}[0m[2m:[0m [2msui_core::checkpoints::checkpoint_executor[0m[2m:[0m [2mcrates/sui-core/src/checkpoints/checkpoint_executor/mod.rs[0m[2m:[0m[2m332:[0m Received checkpoint summary from state sync [3msequence_number[0m[2m=[0m355
[2m2025-03-25T07:55:39.108054Z[0m [32m INFO[0m [1mnode[0m[1m{[0m[3mname[0m[2m=[0mk#b3f3cbb4..[1m}[0m[2m:[0m [2msui_core::state_accumulator[0m[2m:[0m [2mcrates/sui-core/src/state_accumulator.rs[0m[2m:[0m[2m675:[0m accumulating running root for checkpoint 355
[2m2025-03-25T07:55:39.154559Z[0m [32m INFO[0m [1mnode[0m[1m{[0m[3mname[0m[2m=[0mk#addeef94..[1m}[0m[2m:[0m [2mconsensus_core::core[0m[2m:[0m [2mconsensus/core/src/core.rs[0m[2m:[0m[2m694:[0m Received quorum round per authority in ancestor state manager set to: [(155, 155), (155, 155), (155, 155)]
[2m2025-03-25T07:55:39.154571Z[0m [32m INFO[0m [1mnode[0m[1m{[0m[3mname[0m[2m=[0mk#addeef94..[1m}[0m[2m:[0m [2mconsensus_core::core[0m[2m:[0m [2mconsensus/core/src/core.rs[0m[2m:[0m[2m695:[0m Accepted quorum round per authority in ancestor state manager set to: [(155, 155), (155, 155), (155, 155)]
[2m2025-03-25T07:55:39.154578Z[0m [32m INFO[0m [1mnode[0m[1m{[0m[3mname[0m[2m=[0mk#addeef94..[1m}[0m[2m:[0m [2mconsensus_core::core[0m[2m:[0m [2mconsensus/core/src/core.rs[0m[2m:[0m[2m698:[0m Propagation round delay set to: 0
[2m2025-03-25T07:55:39.155414Z[0m [32m INFO[0m [1mnode[0m[1m{[0m[3mname[0m[2m=[0mk#99f25ef6..[1m}[0m[2m:[0m [2mconsensus_core::core[0m[2m:[0m [2mconsensus/core/src/core.rs[0m[2m:[0m[2m694:[0m Received quorum round per authority in ancestor state manager set to: [(155, 155), (155, 155), (155, 155)]
[2m2025-03-25T07:55:39.155424Z[0m [32m INFO[0m [1mnode[0m[1m{[0m[3mname[0m[2m=[0mk#99f25ef6..[1m}[0m[2m:[0m [2mconsensus_core::core[0m[2m:[0m [2mconsensus/core/src/core.rs[0m[2m:[0m[2m695:[0m Accepted quorum round per authority in ancestor state manager set to: [(155, 155), (155, 155), (155, 155)]
[2m2025-03-25T07:55:39.155431Z[0m [32m INFO[0m [1mnode[0m[1m{[0m[3mname[0m[2m=[0mk#99f25ef6..[1m}[0m[2m:[0m [2mconsensus_core::core[0m[2m:[0m [2mconsensus/core/src/core.rs[0m[2m:[0m[2m698:[0m Propagation round delay set to: 0
[2m2025-03-25T07:55:39.155427Z[0m [32m INFO[0m [1mnode[0m[1m{[0m[3mname[0m[2m=[0mk#8dcff6d1..[1m}[0m[2m:[0m [2mconsensus_core::core[0m[2m:[0m [2mconsensus/core/src/core.rs[0m[2m:[0m[2m694:[0m Received quorum round per authority in ancestor state manager set to: [(155, 155), (155, 155), (155, 155)]
[2m2025-03-25T07:55:39.155438Z[0m [32m INFO[0m [1mnode[0m[1m{[0m[3mname[0m[2m=[0mk#8dcff6d1..[1m}[0m[2m:[0m [2mconsensus_core::core[0m[2m:[0m [2mconsensus/core/src/core.rs[0m[2m:[0m[2m695:[0m Accepted quorum round per authority in ancestor state manager set to: [(155, 155), (155, 155), (155, 155)]
[2m2025-03-25T07:55:39.155446Z[0m [32m INFO[0m [1mnode[0m[1m{[0m[3mname[0m[2m=[0mk#8dcff6d1..[1m}[0m[2m:[0m [2mconsensus_core::core[0m[2m:[0m [2mconsensus/core/src/core.rs[0m[2m:[0m[2m698:[0m Propagation round delay set to: 0
[2m2025-03-25T07:55:39.295498Z[0m [32m INFO[0m [1mnode[0m[1m{[0m[3mname[0m[2m=[0mk#8dcff6d1..[1m}[0m[2m:[0m [2mconsensus_core::core[0m[2m:[0m [2mconsensus/core/src/core.rs[0m[2m:[0m[2m945:[0m Included 3 ancestors & excluded 0 ancestors for proposal in round 156
[2m2025-03-25T07:55:39.296406Z[0m [32m INFO[0m [1mnode[0m[1m{[0m[3mname[0m[2m=[0mk#99f25ef6..[1m}[0m[2m:[0m [2mconsensus_core::core[0m[2m:[0m [2mconsensus/core/src/core.rs[0m[2m:[0m[2m945:[0m Included 3 ancestors & excluded 0 ancestors for proposal in round 156
[2m2025-03-25T07:55:39.297159Z[0m [32m INFO[0m [1mnode[0m[1m{[0m[3mname[0m[2m=[0mk#8dcff6d1..[1m}[0m[2m:[0m [2mconsensus_core::core[0m[2m:[0m [2mconsensus/core/src/core.rs[0m[2m:[0m[2m531:[0m Created block B156(A,DRj5gRLVfsaSe4UEpKjDmLNIq/N+QW4qm0rPcv+kHIc=)(1742889339295ms;[B155(A,Hel/uU5znatBHtKPG/CPhDOxKRJOMRqu4XvtJN5mgrc=), B155(B,3pMa8XEtqwfuZymCz3UmpmgDCX0vhawWLtwdxRG87Kw=), B155(C,LHqsYmxjgcUXIotDD/g+jH7KPbr8lhx30Z+TD3KXleA=)];1t;1c) for round 156
[2m2025-03-25T07:55:39.297673Z[0m [32m INFO[0m [1mnode[0m[1m{[0m[3mname[0m[2m=[0mk#99f25ef6..[1m}[0m[2m:[0m [2mconsensus_core::core[0m[2m:[0m [2mconsensus/core/src/core.rs[0m[2m:[0m[2m531:[0m Created block B156(B,sR2skpb9HB/8s9wLsDPY0jHmSq58dJxd4qpqMfbHu8s=)(1742889339296ms;[B155(B,3pMa8XEtqwfuZymCz3UmpmgDCX0vhawWLtwdxRG87Kw=), B155(A,Hel/uU5znatBHtKPG/CPhDOxKRJOMRqu4XvtJN5mgrc=), B155(C,LHqsYmxjgcUXIotDD/g+jH7KPbr8lhx30Z+TD3KXleA=)];1t;1c) for round 156
[2m2025-03-25T07:55:39.303674Z[0m [32m INFO[0m [1mnode[0m[1m{[0m[3mname[0m[2m=[0mk#8dcff6d1..[1m}[0m[2m:[0m [2mconsensus_core::commit_syncer[0m[2m:[0m [2mconsensus/core/src/commit_syncer.rs[0m[2m:[0m[2m196:[0m Checking to schedule fetches: synced_commit_index=143, highest_handled_index=143, highest_scheduled_index=0, quorum_commit_index=142, unhandled_commits_threshold=3200
[2m2025-03-25T07:55:39.307669Z[0m [32m INFO[0m [1mnode[0m[1m{[0m[3mname[0m[2m=[0mk#addeef94..[1m}[0m[2m:[0m [2mconsensus_core::core[0m[2m:[0m [2mconsensus/core/src/core.rs[0m[2m:[0m[2m945:[0m Included 3 ancestors & excluded 0 ancestors for proposal in round 156
[2m2025-03-25T07:55:39.308420Z[0m [32m INFO[0m [1mnode[0m[1m{[0m[3mname[0m[2m=[0mk#addeef94..[1m}[0m[2m:[0m [2mconsensus_core::core[0m[2m:[0m [2mconsensus/core/src/core.rs[0m[2m:[0m[2m531:[0m Created block B156(C,oa4CDyAlvN7ktCcjTmjOo0YvOjram8D7gTegcujm6Q4=)(1742889339307ms;[B155(C,LHqsYmxjgcUXIotDD/g+jH7KPbr8lhx30Z+TD3KXleA=), B155(A,Hel/uU5znatBHtKPG/CPhDOxKRJOMRqu4XvtJN5mgrc=), B155(B,3pMa8XEtqwfuZymCz3UmpmgDCX0vhawWLtwdxRG87Kw=)];1t;1c) for round 156
[2m2025-03-25T07:55:39.308609Z[0m [32m INFO[0m [1mnode[0m[1m{[0m[3mname[0m[2m=[0mk#addeef94..[1m}[0m[2m:[0m [2mconsensus_core::core[0m[2m:[0m [2mconsensus/core/src/core.rs[0m[2m:[0m[2m630:[0m Committing 1 leaders: B154(A,o1jH)
[2m2025-03-25T07:55:39.308768Z[0m [32m INFO[0m [1mnode[0m[1m{[0m[3mname[0m[2m=[0mk#addeef94..[1m}[0m[2m:[0m [2mconsensus_core::commit_observer[0m[2m:[0m [2mconsensus/core/src/commit_observer.rs[0m[2m:[0m[2m173:[0m Consensus commit C144(kExd) with leader B154(A,o1jH) has 3 blocks
[2m2025-03-25T07:55:39.309417Z[0m [32m INFO[0m [1mnode[0m[1m{[0m[3mname[0m[2m=[0mk#addeef94..[1m}[0m[2m:[0m [2msui_core::consensus_handler[0m[2m:[0m [2mcrates/sui-core/src/consensus_handler.rs[0m[2m:[0m[2m232:[0m Received consensus output [3mconsensus_commit[0m[2m=[0mCommittedSubDag(leader=B154(A,o1jH), ref=C144(kExd), blocks=[57tf, qNct, o1jH]) [3mepoch[0m[2m=[0m1
[2m2025-03-25T07:55:39.317964Z[0m [32m INFO[0m [1mnode[0m[1m{[0m[3mname[0m[2m=[0mk#99f25ef6..[1m}[0m[2m:[0m [2msui_core::checkpoints::checkpoint_output[0m[2m:[0m [2mcrates/sui-core/src/checkpoints/checkpoint_output.rs[0m[2m:[0m[2m196:[0m Certified checkpoint with sequence 356 and digest EPdxu6hZGq3AG4geaWMupfnyFePN9gRZebPDuNi6j86P
[2m2025-03-25T07:55:39.317970Z[0m [32m INFO[0m [1mnode[0m[1m{[0m[3mname[0m[2m=[0mk#8dcff6d1..[1m}[0m[2m:[0m [2msui_core::checkpoints::checkpoint_output[0m[2m:[0m [2mcrates/sui-core/src/checkpoints/checkpoint_output.rs[0m[2m:[0m[2m196:[0m Certified checkpoint with sequence 356 and digest EPdxu6hZGq3AG4geaWMupfnyFePN9gRZebPDuNi6j86P
[2m2025-03-25T07:55:39.318170Z[0m [32m INFO[0m [1mnode[0m[1m{[0m[3mname[0m[2m=[0mk#99f25ef6..[1m}[0m[2m:[0m [2mconsensus_core::core[0m[2m:[0m [2mconsensus/core/src/core.rs[0m[2m:[0m[2m630:[0m Committing 1 leaders: B154(A,o1jH)
[2m2025-03-25T07:55:39.318171Z[0m [32m INFO[0m [1mnode[0m[1m{[0m[3mname[0m[2m=[0mk#8dcff6d1..[1m}[0m[2m:[0m [2mconsensus_core::core[0m[2m:[0m [2mconsensus/core/src/core.rs[0m[2m:[0m[2m630:[0m Committing 1 leaders: B154(A,o1jH)
[2m2025-03-25T07:55:39.318362Z[0m [32m INFO[0m [1mnode[0m[1m{[0m[3mname[0m[2m=[0mk#8dcff6d1..[1m}[0m[2m:[0m [2mconsensus_core::commit_observer[0m[2m:[0m [2mconsensus/core/src/commit_observer.rs[0m[2m:[0m[2m173:[0m Consensus commit C144(kExd) with leader B154(A,o1jH) has 3 blocks
[2m2025-03-25T07:55:39.318365Z[0m [32m INFO[0m [1mnode[0m[1m{[0m[3mname[0m[2m=[0mk#99f25ef6..[1m}[0m[2m:[0m [2mconsensus_core::commit_observer[0m[2m:[0m [2mconsensus/core/src/commit_observer.rs[0m[2m:[0m[2m173:[0m Consensus commit C144(kExd) with leader B154(A,o1jH) has 3 blocks
[2m2025-03-25T07:55:39.319134Z[0m [32m INFO[0m [1mnode[0m[1m{[0m[3mname[0m[2m=[0mk#99f25ef6..[1m}[0m[2m:[0m [2msui_core::consensus_handler[0m[2m:[0m [2mcrates/sui-core/src/consensus_handler.rs[0m[2m:[0m[2m232:[0m Received consensus output [3mconsensus_commit[0m[2m=[0mCommittedSubDag(leader=B154(A,o1jH), ref=C144(kExd), blocks=[57tf, qNct, o1jH]) [3mepoch[0m[2m=[0m1
[2m2025-03-25T07:55:39.319134Z[0m [32m INFO[0m [1mnode[0m[1m{[0m[3mname[0m[2m=[0mk#8dcff6d1..[1m}[0m[2m:[0m [2msui_core::consensus_handler[0m[2m:[0m [2mcrates/sui-core/src/consensus_handler.rs[0m[2m:[0m[2m232:[0m Received consensus output [3mconsensus_commit[0m[2m=[0mCommittedSubDag(leader=B154(A,o1jH), ref=C144(kExd), blocks=[57tf, qNct, o1jH]) [3mepoch[0m[2m=[0m1
[2m2025-03-25T07:55:39.321006Z[0m [32m INFO[0m [1mnode[0m[1m{[0m[3mname[0m[2m=[0mk#99f25ef6..[1m}[0m[2m:[0m [2msui_core::checkpoints::checkpoint_executor[0m[2m:[0m [2mcrates/sui-core/src/checkpoints/checkpoint_executor/mod.rs[0m[2m:[0m[2m332:[0m Received checkpoint summary from state sync [3msequence_number[0m[2m=[0m356
[2m2025-03-25T07:55:39.321007Z[0m [32m INFO[0m [1mnode[0m[1m{[0m[3mname[0m[2m=[0mk#8dcff6d1..[1m}[0m[2m:[0m [2msui_core::checkpoints::checkpoint_executor[0m[2m:[0m [2mcrates/sui-core/src/checkpoints/checkpoint_executor/mod.rs[0m[2m:[0m[2m332:[0m Received checkpoint summary from state sync [3msequence_number[0m[2m=[0m356
[2m2025-03-25T07:55:39.340770Z[0m [32m INFO[0m [1mnode[0m[1m{[0m[3mname[0m[2m=[0mk#99f25ef6..[1m}[0m[2m:[0m [2msui_core::state_accumulator[0m[2m:[0m [2mcrates/sui-core/src/state_accumulator.rs[0m[2m:[0m[2m675:[0m accumulating running root for checkpoint 356
[2m2025-03-25T07:55:39.340770Z[0m [32m INFO[0m [1mnode[0m[1m{[0m[3mname[0m[2m=[0mk#8dcff6d1..[1m}[0m[2m:[0m [2msui_core::state_accumulator[0m[2m:[0m [2mcrates/sui-core/src/state_accumulator.rs[0m[2m:[0m[2m675:[0m accumulating running root for checkpoint 356
[2m2025-03-25T07:55:39.368295Z[0m [32m INFO[0m [1mnode[0m[1m{[0m[3mname[0m[2m=[0mk#addeef94..[1m}[0m[2m:[0m [2msui_core::checkpoints[0m[2m:[0m [2mcrates/sui-core/src/checkpoints/mod.rs[0m[2m:[0m[2m1326:[0m Creating checkpoint(s) for 1 transactions [3mnext_checkpoint_seq[0m[2m=[0m357 [3mcheckpoint_timestamp[0m[2m=[0m1742889338773
[2m2025-03-25T07:55:39.368544Z[0m [32m INFO[0m [1mnode[0m[1m{[0m[3mname[0m[2m=[0mk#addeef94..[1m}[0m[2m:[0m [2msui_core::checkpoints::checkpoint_output[0m[2m:[0m [2mcrates/sui-core/src/checkpoints/checkpoint_output.rs[0m[2m:[0m[2m149:[0m Creating checkpoint CheckpointDigest(HxiaYv16N9gAndR3kKgdZx9J7HnK1VHHM3bJ18modrYq) at epoch 1, sequence 357, previous digest Some(CheckpointDigest(EPdxu6hZGq3AG4geaWMupfnyFePN9gRZebPDuNi6j86P)), transactions count 1, content digest CheckpointContentsDigest(DuZnburQkxzRqUeK1mDVADZTVWbwDVRE9h7WobfYFKJw), end_of_epoch_data None
[2m2025-03-25T07:55:39.369287Z[0m [32m INFO[0m [1mnode[0m[1m{[0m[3mname[0m[2m=[0mk#addeef94..[1m}[0m[2m:[0m [2mconsensus_core::commit_syncer[0m[2m:[0m [2mconsensus/core/src/commit_syncer.rs[0m[2m:[0m[2m196:[0m Checking to schedule fetches: synced_commit_index=144, highest_handled_index=144, highest_scheduled_index=0, quorum_commit_index=0, unhandled_commits_threshold=3200
[2m2025-03-25T07:55:39.376093Z[0m [32m INFO[0m [1mnode[0m[1m{[0m[3mname[0m[2m=[0mk#8dcff6d1..[1m}[0m[2m:[0m [2msui_core::checkpoints[0m[2m:[0m [2mcrates/sui-core/src/checkpoints/mod.rs[0m[2m:[0m[2m1326:[0m Creating checkpoint(s) for 1 transactions [3mnext_checkpoint_seq[0m[2m=[0m357 [3mcheckpoint_timestamp[0m[2m=[0m1742889338773
[2m2025-03-25T07:55:39.376095Z[0m [32m INFO[0m [1mnode[0m[1m{[0m[3mname[0m[2m=[0mk#99f25ef6..[1m}[0m[2m:[0m [2msui_core::checkpoints[0m[2m:[0m [2mcrates/sui-core/src/checkpoints/mod.rs[0m[2m:[0m[2m1326:[0m Creating checkpoint(s) for 1 transactions [3mnext_checkpoint_seq[0m[2m=[0m357 [3mcheckpoint_timestamp[0m[2m=[0m1742889338773
[2m2025-03-25T07:55:39.376276Z[0m [32m INFO[0m [1mnode[0m[1m{[0m[3mname[0m[2m=[0mk#99f25ef6..[1m}[0m[2m:[0m [2msui_core::checkpoints::checkpoint_output[0m[2m:[0m [2mcrates/sui-core/src/checkpoints/checkpoint_output.rs[0m[2m:[0m[2m149:[0m Creating checkpoint CheckpointDigest(HxiaYv16N9gAndR3kKgdZx9J7HnK1VHHM3bJ18modrYq) at epoch 1, sequence 357, previous digest Some(CheckpointDigest(EPdxu6hZGq3AG4geaWMupfnyFePN9gRZebPDuNi6j86P)), transactions count 1, content digest CheckpointContentsDigest(DuZnburQkxzRqUeK1mDVADZTVWbwDVRE9h7WobfYFKJw), end_of_epoch_data None
[2m2025-03-25T07:55:39.376276Z[0m [32m INFO[0m [1mnode[0m[1m{[0m[3mname[0m[2m=[0mk#8dcff6d1..[1m}[0m[2m:[0m [2msui_core::checkpoints::checkpoint_output[0m[2m:[0m [2mcrates/sui-core/src/checkpoints/checkpoint_output.rs[0m[2m:[0m[2m149:[0m Creating checkpoint CheckpointDigest(HxiaYv16N9gAndR3kKgdZx9J7HnK1VHHM3bJ18modrYq) at epoch 1, sequence 357, previous digest Some(CheckpointDigest(EPdxu6hZGq3AG4geaWMupfnyFePN9gRZebPDuNi6j86P)), transactions count 1, content digest CheckpointContentsDigest(DuZnburQkxzRqUeK1mDVADZTVWbwDVRE9h7WobfYFKJw), end_of_epoch_data None
[2m2025-03-25T07:55:39.376879Z[0m [32m INFO[0m [1mnode[0m[1m{[0m[3mname[0m[2m=[0mk#99f25ef6..[1m}[0m[2m:[0m [2mconsensus_core::commit_syncer[0m[2m:[0m [2mconsensus/core/src/commit_syncer.rs[0m[2m:[0m[2m196:[0m Checking to schedule fetches: synced_commit_index=144, highest_handled_index=144, highest_scheduled_index=0, quorum_commit_index=143, unhandled_commits_threshold=3200
[2m2025-03-25T07:55:39.390058Z[0m [32m INFO[0m [1mnode[0m[1m{[0m[3mname[0m[2m=[0mk#addeef94..[1m}[0m[2m:[0m [2msui_core::checkpoints::checkpoint_executor[0m[2m:[0m [2mcrates/sui-core/src/checkpoints/checkpoint_executor/mod.rs[0m[2m:[0m[2m332:[0m Received checkpoint summary from state sync [3msequence_number[0m[2m=[0m356
[2m2025-03-25T07:55:39.397783Z[0m [32m INFO[0m [1mnode[0m[1m{[0m[3mname[0m[2m=[0mk#b3f3cbb4..[1m}[0m[2m:[0m [2msui_core::checkpoints::checkpoint_executor[0m[2m:[0m [2mcrates/sui-core/src/checkpoints/checkpoint_executor/mod.rs[0m[2m:[0m[2m332:[0m Received checkpoint summary from state sync [3msequence_number[0m[2m=[0m356
[2m2025-03-25T07:55:39.436218Z[0m [32m INFO[0m [1mnode[0m[1m{[0m[3mname[0m[2m=[0mk#addeef94..[1m}[0m[2m:[0m [2msui_core::state_accumulator[0m[2m:[0m [2mcrates/sui-core/src/state_accumulator.rs[0m[2m:[0m[2m675:[0m accumulating running root for checkpoint 356
[2m2025-03-25T07:55:39.487434Z[0m [32m INFO[0m [1mnode[0m[1m{[0m[3mname[0m[2m=[0mk#b3f3cbb4..[1m}[0m[2m:[0m [2msui_core::state_accumulator[0m[2m:[0m [2mcrates/sui-core/src/state_accumulator.rs[0m[2m:[0m[2m675:[0m accumulating running root for checkpoint 356
[2m2025-03-25T07:55:39.506167Z[0m [32m INFO[0m [2msui_bridge::eth_syncer[0m[2m:[0m [2mcrates/sui-bridge/src/eth_syncer.rs[0m[2m:[0m[2m120:[0m Observed new finalized eth block: 101
[2m2025-03-25T07:55:39.563300Z[0m [32m INFO[0m [1mnode[0m[1m{[0m[3mname[0m[2m=[0mk#addeef94..[1m}[0m[2m:[0m [2mconsensus_core::core[0m[2m:[0m [2mconsensus/core/src/core.rs[0m[2m:[0m[2m945:[0m Included 3 ancestors & excluded 0 ancestors for proposal in round 157
[2m2025-03-25T07:55:39.563855Z[0m [32m INFO[0m [1mnode[0m[1m{[0m[3mname[0m[2m=[0mk#addeef94..[1m}[0m[2m:[0m [2mconsensus_core::core[0m[2m:[0m [2mconsensus/core/src/core.rs[0m[2m:[0m[2m531:[0m Created block B157(C,fFrTCvhiSqG2Ue3LHLn2xHsPGb5bG43YMxHu4t9Dp4M=)(1742889339563ms;[B156(C,oa4CDyAlvN7ktCcjTmjOo0YvOjram8D7gTegcujm6Q4=), B156(A,DRj5gRLVfsaSe4UEpKjDmLNIq/N+QW4qm0rPcv+kHIc=), B156(B,sR2skpb9HB/8s9wLsDPY0jHmSq58dJxd4qpqMfbHu8s=)];1t;1c) for round 157
[2m2025-03-25T07:55:39.570671Z[0m [32m INFO[0m [1mnode[0m[1m{[0m[3mname[0m[2m=[0mk#8dcff6d1..[1m}[0m[2m:[0m [2mconsensus_core::core[0m[2m:[0m [2mconsensus/core/src/core.rs[0m[2m:[0m[2m945:[0m Included 3 ancestors & excluded 0 ancestors for proposal in round 157
[2m2025-03-25T07:55:39.570860Z[0m [32m INFO[0m [1mnode[0m[1m{[0m[3mname[0m[2m=[0mk#99f25ef6..[1m}[0m[2m:[0m [2mconsensus_core::core[0m[2m:[0m [2mconsensus/core/src/core.rs[0m[2m:[0m[2m945:[0m Included 3 ancestors & excluded 0 ancestors for proposal in round 157
[2m2025-03-25T07:55:39.571072Z[0m [32m INFO[0m [1mnode[0m[1m{[0m[3mname[0m[2m=[0mk#8dcff6d1..[1m}[0m[2m:[0m [2mconsensus_core::core[0m[2m:[0m [2mconsensus/core/src/core.rs[0m[2m:[0m[2m531:[0m Created block B157(A,+C5DZu12718O3k/MBfPAbRU0xmDW2U/OOC2wB1UJmKA=)(1742889339570ms;[B156(A,DRj5gRLVfsaSe4UEpKjDmLNIq/N+QW4qm0rPcv+kHIc=), B156(B,sR2skpb9HB/8s9wLsDPY0jHmSq58dJxd4qpqMfbHu8s=), B156(C,oa4CDyAlvN7ktCcjTmjOo0YvOjram8D7gTegcujm6Q4=)];1t;1c) for round 157
[2m2025-03-25T07:55:39.571165Z[0m [32m INFO[0m [1mnode[0m[1m{[0m[3mname[0m[2m=[0mk#8dcff6d1..[1m}[0m[2m:[0m [2mconsensus_core::core[0m[2m:[0m [2mconsensus/core/src/core.rs[0m[2m:[0m[2m630:[0m Committing 1 leaders: B155(A,Hel/)
[2m2025-03-25T07:55:39.571233Z[0m [32m INFO[0m [1mnode[0m[1m{[0m[3mname[0m[2m=[0mk#99f25ef6..[1m}[0m[2m:[0m [2mconsensus_core::core[0m[2m:[0m [2mconsensus/core/src/core.rs[0m[2m:[0m[2m531:[0m Created block B157(B,BSGRi1lxSeat0q7Wro59mUBmTc71LaU60ZYfoaISuY4=)(1742889339570ms;[B156(B,sR2skpb9HB/8s9wLsDPY0jHmSq58dJxd4qpqMfbHu8s=), B156(A,DRj5gRLVfsaSe4UEpKjDmLNIq/N+QW4qm0rPcv+kHIc=), B156(C,oa4CDyAlvN7ktCcjTmjOo0YvOjram8D7gTegcujm6Q4=)];1t;1c) for round 157
[2m2025-03-25T07:55:39.571258Z[0m [32m INFO[0m [1mnode[0m[1m{[0m[3mname[0m[2m=[0mk#8dcff6d1..[1m}[0m[2m:[0m [2mconsensus_core::commit_observer[0m[2m:[0m [2mconsensus/core/src/commit_observer.rs[0m[2m:[0m[2m173:[0m Consensus commit C145(2H9s) with leader B155(A,Hel/) has 3 blocks
[2m2025-03-25T07:55:39.571315Z[0m [32m INFO[0m [1mnode[0m[1m{[0m[3mname[0m[2m=[0mk#99f25ef6..[1m}[0m[2m:[0m [2mconsensus_core::core[0m[2m:[0m [2mconsensus/core/src/core.rs[0m[2m:[0m[2m630:[0m Committing 1 leaders: B155(A,Hel/)
[2m2025-03-25T07:55:39.571382Z[0m [32m INFO[0m [1mnode[0m[1m{[0m[3mname[0m[2m=[0mk#8dcff6d1..[1m}[0m[2m:[0m [2msui_core::consensus_handler[0m[2m:[0m [2mcrates/sui-core/src/consensus_handler.rs[0m[2m:[0m[2m232:[0m Received consensus output [3mconsensus_commit[0m[2m=[0mCommittedSubDag(leader=B155(A,Hel/), ref=C145(2H9s), blocks=[UFHQ, S9Y4, Hel/]) [3mepoch[0m[2m=[0m1
[2m2025-03-25T07:55:39.571397Z[0m [32m INFO[0m [1mnode[0m[1m{[0m[3mname[0m[2m=[0mk#99f25ef6..[1m}[0m[2m:[0m [2mconsensus_core::commit_observer[0m[2m:[0m [2mconsensus/core/src/commit_observer.rs[0m[2m:[0m[2m173:[0m Consensus commit C145(2H9s) with leader B155(A,Hel/) has 3 blocks
[2m2025-03-25T07:55:39.571495Z[0m [32m INFO[0m [1mnode[0m[1m{[0m[3mname[0m[2m=[0mk#99f25ef6..[1m}[0m[2m:[0m [2msui_core::consensus_handler[0m[2m:[0m [2mcrates/sui-core/src/consensus_handler.rs[0m[2m:[0m[2m232:[0m Received consensus output [3mconsensus_commit[0m[2m=[0mCommittedSubDag(leader=B155(A,Hel/), ref=C145(2H9s), blocks=[UFHQ, S9Y4, Hel/]) [3mepoch[0m[2m=[0m1
[2m2025-03-25T07:55:39.576019Z[0m [32m INFO[0m [1mnode[0m[1m{[0m[3mname[0m[2m=[0mk#addeef94..[1m}[0m[2m:[0m [2mconsensus_core::core[0m[2m:[0m [2mconsensus/core/src/core.rs[0m[2m:[0m[2m630:[0m Committing 1 leaders: B155(A,Hel/)
[2m2025-03-25T07:55:39.576130Z[0m [32m INFO[0m [1mnode[0m[1m{[0m[3mname[0m[2m=[0mk#addeef94..[1m}[0m[2m:[0m [2mconsensus_core::commit_observer[0m[2m:[0m [2mconsensus/core/src/commit_observer.rs[0m[2m:[0m[2m173:[0m Consensus commit C145(2H9s) with leader B155(A,Hel/) has 3 blocks
[2m2025-03-25T07:55:39.576292Z[0m [32m INFO[0m [1mnode[0m[1m{[0m[3mname[0m[2m=[0mk#addeef94..[1m}[0m[2m:[0m [2msui_core::consensus_handler[0m[2m:[0m [2mcrates/sui-core/src/consensus_handler.rs[0m[2m:[0m[2m232:[0m Received consensus output [3mconsensus_commit[0m[2m=[0mCommittedSubDag(leader=B155(A,Hel/), ref=C145(2H9s), blocks=[UFHQ, S9Y4, Hel/]) [3mepoch[0m[2m=[0m1
[2m2025-03-25T07:55:39.601715Z[0m [32m INFO[0m [1mnode[0m[1m{[0m[3mname[0m[2m=[0mk#99f25ef6..[1m}[0m[2m:[0m [2msui_core::checkpoints[0m[2m:[0m [2mcrates/sui-core/src/checkpoints/mod.rs[0m[2m:[0m[2m1326:[0m Creating checkpoint(s) for 2 transactions [3mnext_checkpoint_seq[0m[2m=[0m358 [3mcheckpoint_timestamp[0m[2m=[0m1742889339042
[2m2025-03-25T07:55:39.601716Z[0m [32m INFO[0m [1mnode[0m[1m{[0m[3mname[0m[2m=[0mk#8dcff6d1..[1m}[0m[2m:[0m [2msui_core::checkpoints[0m[2m:[0m [2mcrates/sui-core/src/checkpoints/mod.rs[0m[2m:[0m[2m1326:[0m Creating checkpoint(s) for 2 transactions [3mnext_checkpoint_seq[0m[2m=[0m358 [3mcheckpoint_timestamp[0m[2m=[0m1742889339042
[2m2025-03-25T07:55:39.602041Z[0m [32m INFO[0m [1mnode[0m[1m{[0m[3mname[0m[2m=[0mk#8dcff6d1..[1m}[0m[2m:[0m [2msui_core::checkpoints::checkpoint_output[0m[2m:[0m [2mcrates/sui-core/src/checkpoints/checkpoint_output.rs[0m[2m:[0m[2m149:[0m Creating checkpoint CheckpointDigest(7frVarVJV5zK4pa1aL3rB3f13b5DQrcpq56cYwBjrox2) at epoch 1, sequence 358, previous digest Some(CheckpointDigest(HxiaYv16N9gAndR3kKgdZx9J7HnK1VHHM3bJ18modrYq)), transactions count 2, content digest CheckpointContentsDigest(48121EfD57CqDU44y6rQ3b4zpopH4dnzYdatvdq8xSaA), end_of_epoch_data None
[2m2025-03-25T07:55:39.602041Z[0m [32m INFO[0m [1mnode[0m[1m{[0m[3mname[0m[2m=[0mk#99f25ef6..[1m}[0m[2m:[0m [2msui_core::checkpoints::checkpoint_output[0m[2m:[0m [2mcrates/sui-core/src/checkpoints/checkpoint_output.rs[0m[2m:[0m[2m149:[0m Creating checkpoint CheckpointDigest(7frVarVJV5zK4pa1aL3rB3f13b5DQrcpq56cYwBjrox2) at epoch 1, sequence 358, previous digest Some(CheckpointDigest(HxiaYv16N9gAndR3kKgdZx9J7HnK1VHHM3bJ18modrYq)), transactions count 2, content digest CheckpointContentsDigest(48121EfD57CqDU44y6rQ3b4zpopH4dnzYdatvdq8xSaA), end_of_epoch_data None
[2m2025-03-25T07:55:39.604821Z[0m [32m INFO[0m [1mnode[0m[1m{[0m[3mname[0m[2m=[0mk#addeef94..[1m}[0m[2m:[0m [2msui_core::checkpoints[0m[2m:[0m [2mcrates/sui-core/src/checkpoints/mod.rs[0m[2m:[0m[2m1326:[0m Creating checkpoint(s) for 2 transactions [3mnext_checkpoint_seq[0m[2m=[0m358 [3mcheckpoint_timestamp[0m[2m=[0m1742889339042
[2m2025-03-25T07:55:39.605066Z[0m [32m INFO[0m [1mnode[0m[1m{[0m[3mname[0m[2m=[0mk#addeef94..[1m}[0m[2m:[0m [2msui_core::checkpoints::checkpoint_output[0m[2m:[0m [2mcrates/sui-core/src/checkpoints/checkpoint_output.rs[0m[2m:[0m[2m149:[0m Creating checkpoint CheckpointDigest(7frVarVJV5zK4pa1aL3rB3f13b5DQrcpq56cYwBjrox2) at epoch 1, sequence 358, previous digest Some(CheckpointDigest(HxiaYv16N9gAndR3kKgdZx9J7HnK1VHHM3bJ18modrYq)), transactions count 2, content digest CheckpointContentsDigest(48121EfD57CqDU44y6rQ3b4zpopH4dnzYdatvdq8xSaA), end_of_epoch_data None
[2m2025-03-25T07:55:39.605135Z[0m [32m INFO[0m [1mnode[0m[1m{[0m[3mname[0m[2m=[0mk#8dcff6d1..[1m}[0m[2m:[0m [2msui_core::checkpoints::checkpoint_output[0m[2m:[0m [2mcrates/sui-core/src/checkpoints/checkpoint_output.rs[0m[2m:[0m[2m196:[0m Certified checkpoint with sequence 357 and digest HxiaYv16N9gAndR3kKgdZx9J7HnK1VHHM3bJ18modrYq
[2m2025-03-25T07:55:39.605141Z[0m [32m INFO[0m [1mnode[0m[1m{[0m[3mname[0m[2m=[0mk#99f25ef6..[1m}[0m[2m:[0m [2msui_core::checkpoints::checkpoint_output[0m[2m:[0m [2mcrates/sui-core/src/checkpoints/checkpoint_output.rs[0m[2m:[0m[2m196:[0m Certified checkpoint with sequence 357 and digest HxiaYv16N9gAndR3kKgdZx9J7HnK1VHHM3bJ18modrYq
[2m2025-03-25T07:55:39.605592Z[0m [32m INFO[0m [1mnode[0m[1m{[0m[3mname[0m[2m=[0mk#8dcff6d1..[1m}[0m[2m:[0m [2msui_core::checkpoints::checkpoint_executor[0m[2m:[0m [2mcrates/sui-core/src/checkpoints/checkpoint_executor/mod.rs[0m[2m:[0m[2m332:[0m Received checkpoint summary from state sync [3msequence_number[0m[2m=[0m357
[2m2025-03-25T07:55:39.605592Z[0m [32m INFO[0m [1mnode[0m[1m{[0m[3mname[0m[2m=[0mk#99f25ef6..[1m}[0m[2m:[0m [2msui_core::checkpoints::checkpoint_executor[0m[2m:[0m [2mcrates/sui-core/src/checkpoints/checkpoint_executor/mod.rs[0m[2m:[0m[2m332:[0m Received checkpoint summary from state sync [3msequence_number[0m[2m=[0m357
[2m2025-03-25T07:55:39.606755Z[0m [32m INFO[0m [1mnode[0m[1m{[0m[3mname[0m[2m=[0mk#99f25ef6..[1m}[0m[2m:[0m [2msui_core::state_accumulator[0m[2m:[0m [2mcrates/sui-core/src/state_accumulator.rs[0m[2m:[0m[2m675:[0m accumulating running root for checkpoint 357
[2m2025-03-25T07:55:39.606764Z[0m [32m INFO[0m [1mnode[0m[1m{[0m[3mname[0m[2m=[0mk#8dcff6d1..[1m}[0m[2m:[0m [2msui_core::state_accumulator[0m[2m:[0m [2mcrates/sui-core/src/state_accumulator.rs[0m[2m:[0m[2m675:[0m accumulating running root for checkpoint 357
[2m2025-03-25T07:55:39.608969Z[0m [32m INFO[0m [1mnode[0m[1m{[0m[3mname[0m[2m=[0mk#addeef94..[1m}[0m[2m:[0m [2msui_core::checkpoints::checkpoint_executor[0m[2m:[0m [2mcrates/sui-core/src/checkpoints/checkpoint_executor/mod.rs[0m[2m:[0m[2m332:[0m Received checkpoint summary from state sync [3msequence_number[0m[2m=[0m357
[2m2025-03-25T07:55:39.609684Z[0m [32m INFO[0m [1mnode[0m[1m{[0m[3mname[0m[2m=[0mk#addeef94..[1m}[0m[2m:[0m [2msui_core::state_accumulator[0m[2m:[0m [2mcrates/sui-core/src/state_accumulator.rs[0m[2m:[0m[2m675:[0m accumulating running root for checkpoint 357
[2m2025-03-25T07:55:39.609940Z[0m [32m INFO[0m [1mnode[0m[1m{[0m[3mname[0m[2m=[0mk#b3f3cbb4..[1m}[0m[2m:[0m [2msui_core::checkpoints::checkpoint_executor[0m[2m:[0m [2mcrates/sui-core/src/checkpoints/checkpoint_executor/mod.rs[0m[2m:[0m[2m332:[0m Received checkpoint summary from state sync [3msequence_number[0m[2m=[0m357
[2m2025-03-25T07:55:39.635706Z[0m [32m INFO[0m [1mnode[0m[1m{[0m[3mname[0m[2m=[0mk#b3f3cbb4..[1m}[0m[2m:[0m [2msui_core::state_accumulator[0m[2m:[0m [2mcrates/sui-core/src/state_accumulator.rs[0m[2m:[0m[2m675:[0m accumulating running root for checkpoint 357
[2m2025-03-25T07:55:39.824371Z[0m [32m INFO[0m [1mnode[0m[1m{[0m[3mname[0m[2m=[0mk#8dcff6d1..[1m}[0m[2m:[0m [2mconsensus_core::core[0m[2m:[0m [2mconsensus/core/src/core.rs[0m[2m:[0m[2m945:[0m Included 3 ancestors & excluded 0 ancestors for proposal in round 158
[2m2025-03-25T07:55:39.824493Z[0m [32m INFO[0m [1mnode[0m[1m{[0m[3mname[0m[2m=[0mk#99f25ef6..[1m}[0m[2m:[0m [2mconsensus_core::core[0m[2m:[0m [2mconsensus/core/src/core.rs[0m[2m:[0m[2m945:[0m Included 3 ancestors & excluded 0 ancestors for proposal in round 158
[2m2025-03-25T07:55:39.825775Z[0m [32m INFO[0m [1mnode[0m[1m{[0m[3mname[0m[2m=[0mk#8dcff6d1..[1m}[0m[2m:[0m [2mconsensus_core::core[0m[2m:[0m [2mconsensus/core/src/core.rs[0m[2m:[0m[2m531:[0m Created block B158(A,UKXFWgorlC7lszKq4kyJofG+acpldaAu7cuAKCd8qU4=)(1742889339824ms;[B157(A,+C5DZu12718O3k/MBfPAbRU0xmDW2U/OOC2wB1UJmKA=), B157(B,BSGRi1lxSeat0q7Wro59mUBmTc71LaU60ZYfoaISuY4=), B157(C,fFrTCvhiSqG2Ue3LHLn2xHsPGb5bG43YMxHu4t9Dp4M=)];1t;1c) for round 158
[2m2025-03-25T07:55:39.825775Z[0m [32m INFO[0m [1mnode[0m[1m{[0m[3mname[0m[2m=[0mk#99f25ef6..[1m}[0m[2m:[0m [2mconsensus_core::core[0m[2m:[0m [2mconsensus/core/src/core.rs[0m[2m:[0m[2m531:[0m Created block B158(B,ehfT4siw2CjtV1bgh4DRPezW50eeU4ksc/nKBhd09uE=)(1742889339824ms;[B157(B,BSGRi1lxSeat0q7Wro59mUBmTc71LaU60ZYfoaISuY4=), B157(A,+C5DZu12718O3k/MBfPAbRU0xmDW2U/OOC2wB1UJmKA=), B157(C,fFrTCvhiSqG2Ue3LHLn2xHsPGb5bG43YMxHu4t9Dp4M=)];1t;1c) for round 158
[2m2025-03-25T07:55:39.834284Z[0m [32m INFO[0m [1mnode[0m[1m{[0m[3mname[0m[2m=[0mk#addeef94..[1m}[0m[2m:[0m [2mconsensus_core::core[0m[2m:[0m [2mconsensus/core/src/core.rs[0m[2m:[0m[2m945:[0m Included 3 ancestors & excluded 0 ancestors for proposal in round 158
[2m2025-03-25T07:55:39.834998Z[0m [32m INFO[0m [1mnode[0m[1m{[0m[3mname[0m[2m=[0mk#addeef94..[1m}[0m[2m:[0m [2mconsensus_core::core[0m[2m:[0m [2mconsensus/core/src/core.rs[0m[2m:[0m[2m531:[0m Created block B158(C,6TihY1ZmQfazaL+KQUwjGCfG1IcpFCp3WlzsEXkg4w0=)(1742889339834ms;[B157(C,fFrTCvhiSqG2Ue3LHLn2xHsPGb5bG43YMxHu4t9Dp4M=), B157(A,+C5DZu12718O3k/MBfPAbRU0xmDW2U/OOC2wB1UJmKA=), B157(B,BSGRi1lxSeat0q7Wro59mUBmTc71LaU60ZYfoaISuY4=)];1t;1c) for round 158
[2m2025-03-25T07:55:39.835152Z[0m [32m INFO[0m [1mnode[0m[1m{[0m[3mname[0m[2m=[0mk#addeef94..[1m}[0m[2m:[0m [2mconsensus_core::core[0m[2m:[0m [2mconsensus/core/src/core.rs[0m[2m:[0m[2m630:[0m Committing 1 leaders: B156(B,sR2s)
[2m2025-03-25T07:55:39.835299Z[0m [32m INFO[0m [1mnode[0m[1m{[0m[3mname[0m[2m=[0mk#addeef94..[1m}[0m[2m:[0m [2mconsensus_core::commit_observer[0m[2m:[0m [2mconsensus/core/src/commit_observer.rs[0m[2m:[0m[2m173:[0m Consensus commit C146(Mm95) with leader B156(B,sR2s) has 3 blocks
[2m2025-03-25T07:55:39.835497Z[0m [32m INFO[0m [1mnode[0m[1m{[0m[3mname[0m[2m=[0mk#addeef94..[1m}[0m[2m:[0m [2msui_core::consensus_handler[0m[2m:[0m [2mcrates/sui-core/src/consensus_handler.rs[0m[2m:[0m[2m232:[0m Received consensus output [3mconsensus_commit[0m[2m=[0mCommittedSubDag(leader=B156(B,sR2s), ref=C146(Mm95), blocks=[3pMa, LHqs, sR2s]) [3mepoch[0m[2m=[0m1
[2m2025-03-25T07:55:39.841380Z[0m [32m INFO[0m [1mnode[0m[1m{[0m[3mname[0m[2m=[0mk#99f25ef6..[1m}[0m[2m:[0m [2msui_core::checkpoints::checkpoint_output[0m[2m:[0m [2mcrates/sui-core/src/checkpoints/checkpoint_output.rs[0m[2m:[0m[2m196:[0m Certified checkpoint with sequence 358 and digest 7frVarVJV5zK4pa1aL3rB3f13b5DQrcpq56cYwBjrox2
[2m2025-03-25T07:55:39.841383Z[0m [32m INFO[0m [1mnode[0m[1m{[0m[3mname[0m[2m=[0mk#8dcff6d1..[1m}[0m[2m:[0m [2msui_core::checkpoints::checkpoint_output[0m[2m:[0m [2mcrates/sui-core/src/checkpoints/checkpoint_output.rs[0m[2m:[0m[2m196:[0m Certified checkpoint with sequence 358 and digest 7frVarVJV5zK4pa1aL3rB3f13b5DQrcpq56cYwBjrox2
[2m2025-03-25T07:55:39.841573Z[0m [32m INFO[0m [1mnode[0m[1m{[0m[3mname[0m[2m=[0mk#8dcff6d1..[1m}[0m[2m:[0m [2mconsensus_core::core[0m[2m:[0m [2mconsensus/core/src/core.rs[0m[2m:[0m[2m630:[0m Committing 1 leaders: B156(B,sR2s)
[2m2025-03-25T07:55:39.841575Z[0m [32m INFO[0m [1mnode[0m[1m{[0m[3mname[0m[2m=[0mk#99f25ef6..[1m}[0m[2m:[0m [2mconsensus_core::core[0m[2m:[0m [2mconsensus/core/src/core.rs[0m[2m:[0m[2m630:[0m Committing 1 leaders: B156(B,sR2s)
[2m2025-03-25T07:55:39.841747Z[0m [32m INFO[0m [1mnode[0m[1m{[0m[3mname[0m[2m=[0mk#8dcff6d1..[1m}[0m[2m:[0m [2mconsensus_core::commit_observer[0m[2m:[0m [2mconsensus/core/src/commit_observer.rs[0m[2m:[0m[2m173:[0m Consensus commit C146(Mm95) with leader B156(B,sR2s) has 3 blocks
[2m2025-03-25T07:55:39.841753Z[0m [32m INFO[0m [1mnode[0m[1m{[0m[3mname[0m[2m=[0mk#99f25ef6..[1m}[0m[2m:[0m [2mconsensus_core::commit_observer[0m[2m:[0m [2mconsensus/core/src/commit_observer.rs[0m[2m:[0m[2m173:[0m Consensus commit C146(Mm95) with leader B156(B,sR2s) has 3 blocks
[2m2025-03-25T07:55:39.842468Z[0m [32m INFO[0m [1mnode[0m[1m{[0m[3mname[0m[2m=[0mk#8dcff6d1..[1m}[0m[2m:[0m [2msui_core::consensus_handler[0m[2m:[0m [2mcrates/sui-core/src/consensus_handler.rs[0m[2m:[0m[2m232:[0m Received consensus output [3mconsensus_commit[0m[2m=[0mCommittedSubDag(leader=B156(B,sR2s), ref=C146(Mm95), blocks=[3pMa, LHqs, sR2s]) [3mepoch[0m[2m=[0m1
[2m2025-03-25T07:55:39.842468Z[0m [32m INFO[0m [1mnode[0m[1m{[0m[3mname[0m[2m=[0mk#99f25ef6..[1m}[0m[2m:[0m [2msui_core::consensus_handler[0m[2m:[0m [2mcrates/sui-core/src/consensus_handler.rs[0m[2m:[0m[2m232:[0m Received consensus output [3mconsensus_commit[0m[2m=[0mCommittedSubDag(leader=B156(B,sR2s), ref=C146(Mm95), blocks=[3pMa, LHqs, sR2s]) [3mepoch[0m[2m=[0m1
[2m2025-03-25T07:55:39.843461Z[0m [32m INFO[0m [1mnode[0m[1m{[0m[3mname[0m[2m=[0mk#8dcff6d1..[1m}[0m[2m:[0m [2msui_core::checkpoints::checkpoint_executor[0m[2m:[0m [2mcrates/sui-core/src/checkpoints/checkpoint_executor/mod.rs[0m[2m:[0m[2m332:[0m Received checkpoint summary from state sync [3msequence_number[0m[2m=[0m358
[2m2025-03-25T07:55:39.843461Z[0m [32m INFO[0m [1mnode[0m[1m{[0m[3mname[0m[2m=[0mk#99f25ef6..[1m}[0m[2m:[0m [2msui_core::checkpoints::checkpoint_executor[0m[2m:[0m [2mcrates/sui-core/src/checkpoints/checkpoint_executor/mod.rs[0m[2m:[0m[2m332:[0m Received checkpoint summary from state sync [3msequence_number[0m[2m=[0m358
[2m2025-03-25T07:55:39.862939Z[0m [32m INFO[0m [1mnode[0m[1m{[0m[3mname[0m[2m=[0mk#8dcff6d1..[1m}[0m[2m:[0m [2msui_core::state_accumulator[0m[2m:[0m [2mcrates/sui-core/src/state_accumulator.rs[0m[2m:[0m[2m675:[0m accumulating running root for checkpoint 358
[2m2025-03-25T07:55:39.862943Z[0m [32m INFO[0m [1mnode[0m[1m{[0m[3mname[0m[2m=[0mk#99f25ef6..[1m}[0m[2m:[0m [2msui_core::state_accumulator[0m[2m:[0m [2mcrates/sui-core/src/state_accumulator.rs[0m[2m:[0m[2m675:[0m accumulating running root for checkpoint 358
[2m2025-03-25T07:55:39.892367Z[0m [32m INFO[0m [1mnode[0m[1m{[0m[3mname[0m[2m=[0mk#addeef94..[1m}[0m[2m:[0m [2msui_core::checkpoints[0m[2m:[0m [2mcrates/sui-core/src/checkpoints/mod.rs[0m[2m:[0m[2m1326:[0m Creating checkpoint(s) for 1 transactions [3mnext_checkpoint_seq[0m[2m=[0m359 [3mcheckpoint_timestamp[0m[2m=[0m1742889339296
[2m2025-03-25T07:55:39.892605Z[0m [32m INFO[0m [1mnode[0m[1m{[0m[3mname[0m[2m=[0mk#addeef94..[1m}[0m[2m:[0m [2msui_core::checkpoints::checkpoint_output[0m[2m:[0m [2mcrates/sui-core/src/checkpoints/checkpoint_output.rs[0m[2m:[0m[2m149:[0m Creating checkpoint CheckpointDigest(9JVFmYxkxAnwtYbJLa3DD1JSm8UaDjZqzuJAusqf6JBn) at epoch 1, sequence 359, previous digest Some(CheckpointDigest(7frVarVJV5zK4pa1aL3rB3f13b5DQrcpq56cYwBjrox2)), transactions count 1, content digest CheckpointContentsDigest(kuztHCnR3TcZFrF8a8cR9cDzKcBKjtYazr8t1kRC3V7), end_of_epoch_data None
[2m2025-03-25T07:55:39.897210Z[0m [32m INFO[0m [1mnode[0m[1m{[0m[3mname[0m[2m=[0mk#8dcff6d1..[1m}[0m[2m:[0m [2msui_core::checkpoints[0m[2m:[0m [2mcrates/sui-core/src/checkpoints/mod.rs[0m[2m:[0m[2m1326:[0m Creating checkpoint(s) for 1 transactions [3mnext_checkpoint_seq[0m[2m=[0m359 [3mcheckpoint_timestamp[0m[2m=[0m1742889339296
[2m2025-03-25T07:55:39.897408Z[0m [32m INFO[0m [1mnode[0m[1m{[0m[3mname[0m[2m=[0mk#99f25ef6..[1m}[0m[2m:[0m [2msui_core::checkpoints[0m[2m:[0m [2mcrates/sui-core/src/checkpoints/mod.rs[0m[2m:[0m[2m1326:[0m Creating checkpoint(s) for 1 transactions [3mnext_checkpoint_seq[0m[2m=[0m359 [3mcheckpoint_timestamp[0m[2m=[0m1742889339296
[2m2025-03-25T07:55:39.897390Z[0m [32m INFO[0m [1mnode[0m[1m{[0m[3mname[0m[2m=[0mk#8dcff6d1..[1m}[0m[2m:[0m [2msui_core::checkpoints::checkpoint_output[0m[2m:[0m [2mcrates/sui-core/src/checkpoints/checkpoint_output.rs[0m[2m:[0m[2m149:[0m Creating checkpoint CheckpointDigest(9JVFmYxkxAnwtYbJLa3DD1JSm8UaDjZqzuJAusqf6JBn) at epoch 1, sequence 359, previous digest Some(CheckpointDigest(7frVarVJV5zK4pa1aL3rB3f13b5DQrcpq56cYwBjrox2)), transactions count 1, content digest CheckpointContentsDigest(kuztHCnR3TcZFrF8a8cR9cDzKcBKjtYazr8t1kRC3V7), end_of_epoch_data None
[2m2025-03-25T07:55:39.897580Z[0m [32m INFO[0m [1mnode[0m[1m{[0m[3mname[0m[2m=[0mk#99f25ef6..[1m}[0m[2m:[0m [2msui_core::checkpoints::checkpoint_output[0m[2m:[0m [2mcrates/sui-core/src/checkpoints/checkpoint_output.rs[0m[2m:[0m[2m149:[0m Creating checkpoint CheckpointDigest(9JVFmYxkxAnwtYbJLa3DD1JSm8UaDjZqzuJAusqf6JBn) at epoch 1, sequence 359, previous digest Some(CheckpointDigest(7frVarVJV5zK4pa1aL3rB3f13b5DQrcpq56cYwBjrox2)), transactions count 1, content digest CheckpointContentsDigest(kuztHCnR3TcZFrF8a8cR9cDzKcBKjtYazr8t1kRC3V7), end_of_epoch_data None
[2m2025-03-25T07:55:39.916899Z[0m [32m INFO[0m [1mnode[0m[1m{[0m[3mname[0m[2m=[0mk#b3f3cbb4..[1m}[0m[2m:[0m [2msui_core::checkpoints::checkpoint_executor[0m[2m:[0m [2mcrates/sui-core/src/checkpoints/checkpoint_executor/mod.rs[0m[2m:[0m[2m332:[0m Received checkpoint summary from state sync [3msequence_number[0m[2m=[0m358
[2m2025-03-25T07:55:39.958475Z[0m [32m INFO[0m [1mnode[0m[1m{[0m[3mname[0m[2m=[0mk#addeef94..[1m}[0m[2m:[0m [2msui_core::checkpoints::checkpoint_executor[0m[2m:[0m [2mcrates/sui-core/src/checkpoints/checkpoint_executor/mod.rs[0m[2m:[0m[2m332:[0m Received checkpoint summary from state sync [3msequence_number[0m[2m=[0m358
[2m2025-03-25T07:55:39.959851Z[0m [32m INFO[0m [1mnode[0m[1m{[0m[3mname[0m[2m=[0mk#addeef94..[1m}[0m[2m:[0m [2msui_core::state_accumulator[0m[2m:[0m [2mcrates/sui-core/src/state_accumulator.rs[0m[2m:[0m[2m675:[0m accumulating running root for checkpoint 358
[2m2025-03-25T07:55:40.007506Z[0m [32m INFO[0m [1mnode[0m[1m{[0m[3mname[0m[2m=[0mk#b3f3cbb4..[1m}[0m[2m:[0m [2msui_core::state_accumulator[0m[2m:[0m [2mcrates/sui-core/src/state_accumulator.rs[0m[2m:[0m[2m675:[0m accumulating running root for checkpoint 358
[2m2025-03-25T07:55:40.089182Z[0m [32m INFO[0m [1mnode[0m[1m{[0m[3mname[0m[2m=[0mk#addeef94..[1m}[0m[2m:[0m [2mconsensus_core::core[0m[2m:[0m [2mconsensus/core/src/core.rs[0m[2m:[0m[2m945:[0m Included 3 ancestors & excluded 0 ancestors for proposal in round 159
[2m2025-03-25T07:55:40.089711Z[0m [32m INFO[0m [1mnode[0m[1m{[0m[3mname[0m[2m=[0mk#addeef94..[1m}[0m[2m:[0m [2mconsensus_core::core[0m[2m:[0m [2mconsensus/core/src/core.rs[0m[2m:[0m[2m531:[0m Created block B159(C,LUkV2LddNwzD/UtmDNV2KqfNp+r3FOcXx2v68usdV88=)(1742889340089ms;[B158(C,6TihY1ZmQfazaL+KQUwjGCfG1IcpFCp3WlzsEXkg4w0=), B158(A,UKXFWgorlC7lszKq4kyJofG+acpldaAu7cuAKCd8qU4=), B158(B,ehfT4siw2CjtV1bgh4DRPezW50eeU4ksc/nKBhd09uE=)];1t;1c) for round 159
[2m2025-03-25T07:55:40.093483Z[0m [32m INFO[0m [1mnode[0m[1m{[0m[3mname[0m[2m=[0mk#99f25ef6..[1m}[0m[2m:[0m [2mconsensus_core::core[0m[2m:[0m [2mconsensus/core/src/core.rs[0m[2m:[0m[2m945:[0m Included 3 ancestors & excluded 0 ancestors for proposal in round 159
[2m2025-03-25T07:55:40.093888Z[0m [32m INFO[0m [1mnode[0m[1m{[0m[3mname[0m[2m=[0mk#99f25ef6..[1m}[0m[2m:[0m [2mconsensus_core::core[0m[2m:[0m [2mconsensus/core/src/core.rs[0m[2m:[0m[2m531:[0m Created block B159(B,vooh9RRLI2UQT6qZtU1w+JlRJE/OF+FF7eOEl7aN5wQ=)(1742889340093ms;[B158(B,ehfT4siw2CjtV1bgh4DRPezW50eeU4ksc/nKBhd09uE=), B158(A,UKXFWgorlC7lszKq4kyJofG+acpldaAu7cuAKCd8qU4=), B158(C,6TihY1ZmQfazaL+KQUwjGCfG1IcpFCp3WlzsEXkg4w0=)];1t;1c) for round 159
[2m2025-03-25T07:55:40.093987Z[0m [32m INFO[0m [1mnode[0m[1m{[0m[3mname[0m[2m=[0mk#99f25ef6..[1m}[0m[2m:[0m [2mconsensus_core::core[0m[2m:[0m [2mconsensus/core/src/core.rs[0m[2m:[0m[2m630:[0m Committing 1 leaders: B157(A,+C5D)
[2m2025-03-25T07:55:40.094083Z[0m [32m INFO[0m [1mnode[0m[1m{[0m[3mname[0m[2m=[0mk#99f25ef6..[1m}[0m[2m:[0m [2mconsensus_core::commit_observer[0m[2m:[0m [2mconsensus/core/src/commit_observer.rs[0m[2m:[0m[2m173:[0m Consensus commit C147(H2Ox) with leader B157(A,+C5D) has 3 blocks
[2m2025-03-25T07:55:40.094203Z[0m [32m INFO[0m [1mnode[0m[1m{[0m[3mname[0m[2m=[0mk#99f25ef6..[1m}[0m[2m:[0m [2msui_core::consensus_handler[0m[2m:[0m [2mcrates/sui-core/src/consensus_handler.rs[0m[2m:[0m[2m232:[0m Received consensus output [3mconsensus_commit[0m[2m=[0mCommittedSubDag(leader=B157(A,+C5D), ref=C147(H2Ox), blocks=[DRj5, oa4C, +C5D]) [3mepoch[0m[2m=[0m1
[2m2025-03-25T07:55:40.094548Z[0m [32m INFO[0m [1mnode[0m[1m{[0m[3mname[0m[2m=[0mk#8dcff6d1..[1m}[0m[2m:[0m [2mconsensus_core::core[0m[2m:[0m [2mconsensus/core/src/core.rs[0m[2m:[0m[2m945:[0m Included 3 ancestors & excluded 0 ancestors for proposal in round 159
[2m2025-03-25T07:55:40.094928Z[0m [32m INFO[0m [1mnode[0m[1m{[0m[3mname[0m[2m=[0mk#8dcff6d1..[1m}[0m[2m:[0m [2mconsensus_core::core[0m[2m:[0m [2mconsensus/core/src/core.rs[0m[2m:[0m[2m531:[0m Created block B159(A,k0MVR9H5Z6tyt4wkX79tjauvGXy5PJwu4lTCXDA/zzs=)(1742889340094ms;[B158(A,UKXFWgorlC7lszKq4kyJofG+acpldaAu7cuAKCd8qU4=), B158(B,ehfT4siw2CjtV1bgh4DRPezW50eeU4ksc/nKBhd09uE=), B158(C,6TihY1ZmQfazaL+KQUwjGCfG1IcpFCp3WlzsEXkg4w0=)];1t;1c) for round 159
[2m2025-03-25T07:55:40.095011Z[0m [32m INFO[0m [1mnode[0m[1m{[0m[3mname[0m[2m=[0mk#8dcff6d1..[1m}[0m[2m:[0m [2mconsensus_core::core[0m[2m:[0m [2mconsensus/core/src/core.rs[0m[2m:[0m[2m630:[0m Committing 1 leaders: B157(A,+C5D)
[2m2025-03-25T07:55:40.095096Z[0m [32m INFO[0m [1mnode[0m[1m{[0m[3mname[0m[2m=[0mk#8dcff6d1..[1m}[0m[2m:[0m [2mconsensus_core::commit_observer[0m[2m:[0m [2mconsensus/core/src/commit_observer.rs[0m[2m:[0m[2m173:[0m Consensus commit C147(H2Ox) with leader B157(A,+C5D) has 3 blocks
[2m2025-03-25T07:55:40.095198Z[0m [32m INFO[0m [1mnode[0m[1m{[0m[3mname[0m[2m=[0mk#8dcff6d1..[1m}[0m[2m:[0m [2msui_core::consensus_handler[0m[2m:[0m [2mcrates/sui-core/src/consensus_handler.rs[0m[2m:[0m[2m232:[0m Received consensus output [3mconsensus_commit[0m[2m=[0mCommittedSubDag(leader=B157(A,+C5D), ref=C147(H2Ox), blocks=[DRj5, oa4C, +C5D]) [3mepoch[0m[2m=[0m1
[2m2025-03-25T07:55:40.097234Z[0m [32m INFO[0m [1mnode[0m[1m{[0m[3mname[0m[2m=[0mk#addeef94..[1m}[0m[2m:[0m [2mconsensus_core::core[0m[2m:[0m [2mconsensus/core/src/core.rs[0m[2m:[0m[2m630:[0m Committing 1 leaders: B157(A,+C5D)
[2m2025-03-25T07:55:40.097354Z[0m [32m INFO[0m [1mnode[0m[1m{[0m[3mname[0m[2m=[0mk#addeef94..[1m}[0m[2m:[0m [2mconsensus_core::commit_observer[0m[2m:[0m [2mconsensus/core/src/commit_observer.rs[0m[2m:[0m[2m173:[0m Consensus commit C147(H2Ox) with leader B157(A,+C5D) has 3 blocks
[2m2025-03-25T07:55:40.097451Z[0m [32m INFO[0m [1mnode[0m[1m{[0m[3mname[0m[2m=[0mk#addeef94..[1m}[0m[2m:[0m [2msui_core::consensus_handler[0m[2m:[0m [2mcrates/sui-core/src/consensus_handler.rs[0m[2m:[0m[2m232:[0m Received consensus output [3mconsensus_commit[0m[2m=[0mCommittedSubDag(leader=B157(A,+C5D), ref=C147(H2Ox), blocks=[DRj5, oa4C, +C5D]) [3mepoch[0m[2m=[0m1
[2m2025-03-25T07:55:40.125225Z[0m [32m INFO[0m [1mnode[0m[1m{[0m[3mname[0m[2m=[0mk#99f25ef6..[1m}[0m[2m:[0m [2msui_core::checkpoints[0m[2m:[0m [2mcrates/sui-core/src/checkpoints/mod.rs[0m[2m:[0m[2m1326:[0m Creating checkpoint(s) for 2 transactions [3mnext_checkpoint_seq[0m[2m=[0m360 [3mcheckpoint_timestamp[0m[2m=[0m1742889339570
[2m2025-03-25T07:55:40.125334Z[0m [32m INFO[0m [1mnode[0m[1m{[0m[3mname[0m[2m=[0mk#8dcff6d1..[1m}[0m[2m:[0m [2msui_core::checkpoints[0m[2m:[0m [2mcrates/sui-core/src/checkpoints/mod.rs[0m[2m:[0m[2m1326:[0m Creating checkpoint(s) for 2 transactions [3mnext_checkpoint_seq[0m[2m=[0m360 [3mcheckpoint_timestamp[0m[2m=[0m1742889339570
[2m2025-03-25T07:55:40.125542Z[0m [32m INFO[0m [1mnode[0m[1m{[0m[3mname[0m[2m=[0mk#99f25ef6..[1m}[0m[2m:[0m [2msui_core::checkpoints::checkpoint_output[0m[2m:[0m [2mcrates/sui-core/src/checkpoints/checkpoint_output.rs[0m[2m:[0m[2m149:[0m Creating checkpoint CheckpointDigest(4MGJhFpmmEZmN7AEgHegRjoj71FdrEB9Mi8sQdgkwznN) at epoch 1, sequence 360, previous digest Some(CheckpointDigest(9JVFmYxkxAnwtYbJLa3DD1JSm8UaDjZqzuJAusqf6JBn)), transactions count 2, content digest CheckpointContentsDigest(Gc62dfucECM8cjcgBKzofx8cY2pJnTYfqQmHvF6DwyVH), end_of_epoch_data None
[2m2025-03-25T07:55:40.125583Z[0m [32m INFO[0m [1mnode[0m[1m{[0m[3mname[0m[2m=[0mk#8dcff6d1..[1m}[0m[2m:[0m [2msui_core::checkpoints::checkpoint_output[0m[2m:[0m [2mcrates/sui-core/src/checkpoints/checkpoint_output.rs[0m[2m:[0m[2m149:[0m Creating checkpoint CheckpointDigest(4MGJhFpmmEZmN7AEgHegRjoj71FdrEB9Mi8sQdgkwznN) at epoch 1, sequence 360, previous digest Some(CheckpointDigest(9JVFmYxkxAnwtYbJLa3DD1JSm8UaDjZqzuJAusqf6JBn)), transactions count 2, content digest CheckpointContentsDigest(Gc62dfucECM8cjcgBKzofx8cY2pJnTYfqQmHvF6DwyVH), end_of_epoch_data None
[2m2025-03-25T07:55:40.127078Z[0m [32m INFO[0m [1mnode[0m[1m{[0m[3mname[0m[2m=[0mk#addeef94..[1m}[0m[2m:[0m [2msui_core::checkpoints[0m[2m:[0m [2mcrates/sui-core/src/checkpoints/mod.rs[0m[2m:[0m[2m1326:[0m Creating checkpoint(s) for 2 transactions [3mnext_checkpoint_seq[0m[2m=[0m360 [3mcheckpoint_timestamp[0m[2m=[0m1742889339570
[2m2025-03-25T07:55:40.127332Z[0m [32m INFO[0m [1mnode[0m[1m{[0m[3mname[0m[2m=[0mk#addeef94..[1m}[0m[2m:[0m [2msui_core::checkpoints::checkpoint_output[0m[2m:[0m [2mcrates/sui-core/src/checkpoints/checkpoint_output.rs[0m[2m:[0m[2m149:[0m Creating checkpoint CheckpointDigest(4MGJhFpmmEZmN7AEgHegRjoj71FdrEB9Mi8sQdgkwznN) at epoch 1, sequence 360, previous digest Some(CheckpointDigest(9JVFmYxkxAnwtYbJLa3DD1JSm8UaDjZqzuJAusqf6JBn)), transactions count 2, content digest CheckpointContentsDigest(Gc62dfucECM8cjcgBKzofx8cY2pJnTYfqQmHvF6DwyVH), end_of_epoch_data None
[2m2025-03-25T07:55:40.128623Z[0m [32m INFO[0m [1mnode[0m[1m{[0m[3mname[0m[2m=[0mk#99f25ef6..[1m}[0m[2m:[0m [2msui_core::checkpoints::checkpoint_output[0m[2m:[0m [2mcrates/sui-core/src/checkpoints/checkpoint_output.rs[0m[2m:[0m[2m196:[0m Certified checkpoint with sequence 359 and digest 9JVFmYxkxAnwtYbJLa3DD1JSm8UaDjZqzuJAusqf6JBn
[2m2025-03-25T07:55:40.128628Z[0m [32m INFO[0m [1mnode[0m[1m{[0m[3mname[0m[2m=[0mk#8dcff6d1..[1m}[0m[2m:[0m [2msui_core::checkpoints::checkpoint_output[0m[2m:[0m [2mcrates/sui-core/src/checkpoints/checkpoint_output.rs[0m[2m:[0m[2m196:[0m Certified checkpoint with sequence 359 and digest 9JVFmYxkxAnwtYbJLa3DD1JSm8UaDjZqzuJAusqf6JBn
[2m2025-03-25T07:55:40.129082Z[0m [32m INFO[0m [1mnode[0m[1m{[0m[3mname[0m[2m=[0mk#8dcff6d1..[1m}[0m[2m:[0m [2msui_core::checkpoints::checkpoint_executor[0m[2m:[0m [2mcrates/sui-core/src/checkpoints/checkpoint_executor/mod.rs[0m[2m:[0m[2m332:[0m Received checkpoint summary from state sync [3msequence_number[0m[2m=[0m359
[2m2025-03-25T07:55:40.129082Z[0m [32m INFO[0m [1mnode[0m[1m{[0m[3mname[0m[2m=[0mk#99f25ef6..[1m}[0m[2m:[0m [2msui_core::checkpoints::checkpoint_executor[0m[2m:[0m [2mcrates/sui-core/src/checkpoints/checkpoint_executor/mod.rs[0m[2m:[0m[2m332:[0m Received checkpoint summary from state sync [3msequence_number[0m[2m=[0m359
[2m2025-03-25T07:55:40.130254Z[0m [32m INFO[0m [1mnode[0m[1m{[0m[3mname[0m[2m=[0mk#99f25ef6..[1m}[0m[2m:[0m [2msui_core::state_accumulator[0m[2m:[0m [2mcrates/sui-core/src/state_accumulator.rs[0m[2m:[0m[2m675:[0m accumulating running root for checkpoint 359
[2m2025-03-25T07:55:40.130255Z[0m [32m INFO[0m [1mnode[0m[1m{[0m[3mname[0m[2m=[0mk#8dcff6d1..[1m}[0m[2m:[0m [2msui_core::state_accumulator[0m[2m:[0m [2mcrates/sui-core/src/state_accumulator.rs[0m[2m:[0m[2m675:[0m accumulating running root for checkpoint 359
[2m2025-03-25T07:55:40.132490Z[0m [32m INFO[0m [1mnode[0m[1m{[0m[3mname[0m[2m=[0mk#addeef94..[1m}[0m[2m:[0m [2msui_core::checkpoints::checkpoint_executor[0m[2m:[0m [2mcrates/sui-core/src/checkpoints/checkpoint_executor/mod.rs[0m[2m:[0m[2m332:[0m Received checkpoint summary from state sync [3msequence_number[0m[2m=[0m359
[2m2025-03-25T07:55:40.133243Z[0m [32m INFO[0m [1mnode[0m[1m{[0m[3mname[0m[2m=[0mk#addeef94..[1m}[0m[2m:[0m [2msui_core::state_accumulator[0m[2m:[0m [2mcrates/sui-core/src/state_accumulator.rs[0m[2m:[0m[2m675:[0m accumulating running root for checkpoint 359
[2m2025-03-25T07:55:40.133468Z[0m [32m INFO[0m [1mnode[0m[1m{[0m[3mname[0m[2m=[0mk#b3f3cbb4..[1m}[0m[2m:[0m [2msui_core::checkpoints::checkpoint_executor[0m[2m:[0m [2mcrates/sui-core/src/checkpoints/checkpoint_executor/mod.rs[0m[2m:[0m[2m332:[0m Received checkpoint summary from state sync [3msequence_number[0m[2m=[0m359
[2m2025-03-25T07:55:40.160504Z[0m [32m INFO[0m [1mnode[0m[1m{[0m[3mname[0m[2m=[0mk#b3f3cbb4..[1m}[0m[2m:[0m [2msui_core::state_accumulator[0m[2m:[0m [2mcrates/sui-core/src/state_accumulator.rs[0m[2m:[0m[2m675:[0m accumulating running root for checkpoint 359
[2m2025-03-25T07:55:40.347588Z[0m [32m INFO[0m [1mnode[0m[1m{[0m[3mname[0m[2m=[0mk#99f25ef6..[1m}[0m[2m:[0m [2mconsensus_core::core[0m[2m:[0m [2mconsensus/core/src/core.rs[0m[2m:[0m[2m945:[0m Included 3 ancestors & excluded 0 ancestors for proposal in round 160
[2m2025-03-25T07:55:40.347588Z[0m [32m INFO[0m [1mnode[0m[1m{[0m[3mname[0m[2m=[0mk#8dcff6d1..[1m}[0m[2m:[0m [2mconsensus_core::core[0m[2m:[0m [2mconsensus/core/src/core.rs[0m[2m:[0m[2m945:[0m Included 3 ancestors & excluded 0 ancestors for proposal in round 160
[2m2025-03-25T07:55:40.349398Z[0m [32m INFO[0m [1mnode[0m[1m{[0m[3mname[0m[2m=[0mk#8dcff6d1..[1m}[0m[2m:[0m [2mconsensus_core::core[0m[2m:[0m [2mconsensus/core/src/core.rs[0m[2m:[0m[2m531:[0m Created block B160(A,npEqLpSSq57dclyEbQF9e3n2cT3WBCuBvwnYQYvofv0=)(1742889340347ms;[B159(A,k0MVR9H5Z6tyt4wkX79tjauvGXy5PJwu4lTCXDA/zzs=), B159(B,vooh9RRLI2UQT6qZtU1w+JlRJE/OF+FF7eOEl7aN5wQ=), B159(C,LUkV2LddNwzD/UtmDNV2KqfNp+r3FOcXx2v68usdV88=)];1t;1c) for round 160
[2m2025-03-25T07:55:40.349398Z[0m [32m INFO[0m [1mnode[0m[1m{[0m[3mname[0m[2m=[0mk#99f25ef6..[1m}[0m[2m:[0m [2mconsensus_core::core[0m[2m:[0m [2mconsensus/core/src/core.rs[0m[2m:[0m[2m531:[0m Created block B160(B,vKV1EY7lTTxcJFZ6+NNA3bVYWx9NsJmMRm8Wa6WgrlM=)(1742889340347ms;[B159(B,vooh9RRLI2UQT6qZtU1w+JlRJE/OF+FF7eOEl7aN5wQ=), B159(A,k0MVR9H5Z6tyt4wkX79tjauvGXy5PJwu4lTCXDA/zzs=), B159(C,LUkV2LddNwzD/UtmDNV2KqfNp+r3FOcXx2v68usdV88=)];1t;1c) for round 160
[2m2025-03-25T07:55:40.349802Z[0m [32m INFO[0m [1mnode[0m[1m{[0m[3mname[0m[2m=[0mk#addeef94..[1m}[0m[2m:[0m [2mconsensus_core::core[0m[2m:[0m [2mconsensus/core/src/core.rs[0m[2m:[0m[2m945:[0m Included 3 ancestors & excluded 0 ancestors for proposal in round 160
[2m2025-03-25T07:55:40.351165Z[0m [32m INFO[0m [1mnode[0m[1m{[0m[3mname[0m[2m=[0mk#addeef94..[1m}[0m[2m:[0m [2mconsensus_core::core[0m[2m:[0m [2mconsensus/core/src/core.rs[0m[2m:[0m[2m531:[0m Created block B160(C,6jz61AqaP0QsYc/qpUb7nQigPqMAO0XNcbc59lemlLE=)(1742889340349ms;[B159(C,LUkV2LddNwzD/UtmDNV2KqfNp+r3FOcXx2v68usdV88=), B159(A,k0MVR9H5Z6tyt4wkX79tjauvGXy5PJwu4lTCXDA/zzs=), B159(B,vooh9RRLI2UQT6qZtU1w+JlRJE/OF+FF7eOEl7aN5wQ=)];1t;1c) for round 160
[2m2025-03-25T07:55:40.360105Z[0m [32m INFO[0m [1mnode[0m[1m{[0m[3mname[0m[2m=[0mk#addeef94..[1m}[0m[2m:[0m [2mconsensus_core::core[0m[2m:[0m [2mconsensus/core/src/core.rs[0m[2m:[0m[2m630:[0m Committing 1 leaders: B158(A,UKXF)
[2m2025-03-25T07:55:40.360362Z[0m [32m INFO[0m [1mnode[0m[1m{[0m[3mname[0m[2m=[0mk#addeef94..[1m}[0m[2m:[0m [2mconsensus_core::commit_observer[0m[2m:[0m [2mconsensus/core/src/commit_observer.rs[0m[2m:[0m[2m173:[0m Consensus commit C148(gp4v) with leader B158(A,UKXF) has 3 blocks
[2m2025-03-25T07:55:40.360696Z[0m [32m INFO[0m [1mnode[0m[1m{[0m[3mname[0m[2m=[0mk#addeef94..[1m}[0m[2m:[0m [2msui_core::consensus_handler[0m[2m:[0m [2mcrates/sui-core/src/consensus_handler.rs[0m[2m:[0m[2m232:[0m Received consensus output [3mconsensus_commit[0m[2m=[0mCommittedSubDag(leader=B158(A,UKXF), ref=C148(gp4v), blocks=[BSGR, fFrT, UKXF]) [3mepoch[0m[2m=[0m1
[2m2025-03-25T07:55:40.361596Z[0m [32m INFO[0m [1mnode[0m[1m{[0m[3mname[0m[2m=[0mk#99f25ef6..[1m}[0m[2m:[0m [2msui_core::checkpoints::checkpoint_output[0m[2m:[0m [2mcrates/sui-core/src/checkpoints/checkpoint_output.rs[0m[2m:[0m[2m196:[0m Certified checkpoint with sequence 360 and digest 4MGJhFpmmEZmN7AEgHegRjoj71FdrEB9Mi8sQdgkwznN
[2m2025-03-25T07:55:40.361596Z[0m [32m INFO[0m [1mnode[0m[1m{[0m[3mname[0m[2m=[0mk#8dcff6d1..[1m}[0m[2m:[0m [2msui_core::checkpoints::checkpoint_output[0m[2m:[0m [2mcrates/sui-core/src/checkpoints/checkpoint_output.rs[0m[2m:[0m[2m196:[0m Certified checkpoint with sequence 360 and digest 4MGJhFpmmEZmN7AEgHegRjoj71FdrEB9Mi8sQdgkwznN
[2m2025-03-25T07:55:40.361864Z[0m [32m INFO[0m [1mnode[0m[1m{[0m[3mname[0m[2m=[0mk#8dcff6d1..[1m}[0m[2m:[0m [2mconsensus_core::core[0m[2m:[0m [2mconsensus/core/src/core.rs[0m[2m:[0m[2m630:[0m Committing 1 leaders: B158(A,UKXF)
[2m2025-03-25T07:55:40.361864Z[0m [32m INFO[0m [1mnode[0m[1m{[0m[3mname[0m[2m=[0mk#99f25ef6..[1m}[0m[2m:[0m [2mconsensus_core::core[0m[2m:[0m [2mconsensus/core/src/core.rs[0m[2m:[0m[2m630:[0m Committing 1 leaders: B158(A,UKXF)
[2m2025-03-25T07:55:40.362120Z[0m [32m INFO[0m [1mnode[0m[1m{[0m[3mname[0m[2m=[0mk#8dcff6d1..[1m}[0m[2m:[0m [2mconsensus_core::commit_observer[0m[2m:[0m [2mconsensus/core/src/commit_observer.rs[0m[2m:[0m[2m173:[0m Consensus commit C148(gp4v) with leader B158(A,UKXF) has 3 blocks
[2m2025-03-25T07:55:40.362128Z[0m [32m INFO[0m [1mnode[0m[1m{[0m[3mname[0m[2m=[0mk#99f25ef6..[1m}[0m[2m:[0m [2mconsensus_core::commit_observer[0m[2m:[0m [2mconsensus/core/src/commit_observer.rs[0m[2m:[0m[2m173:[0m Consensus commit C148(gp4v) with leader B158(A,UKXF) has 3 blocks
[2m2025-03-25T07:55:40.363136Z[0m [32m INFO[0m [1mnode[0m[1m{[0m[3mname[0m[2m=[0mk#8dcff6d1..[1m}[0m[2m:[0m [2msui_core::consensus_handler[0m[2m:[0m [2mcrates/sui-core/src/consensus_handler.rs[0m[2m:[0m[2m232:[0m Received consensus output [3mconsensus_commit[0m[2m=[0mCommittedSubDag(leader=B158(A,UKXF), ref=C148(gp4v), blocks=[BSGR, fFrT, UKXF]) [3mepoch[0m[2m=[0m1
[2m2025-03-25T07:55:40.363138Z[0m [32m INFO[0m [1mnode[0m[1m{[0m[3mname[0m[2m=[0mk#99f25ef6..[1m}[0m[2m:[0m [2msui_core::consensus_handler[0m[2m:[0m [2mcrates/sui-core/src/consensus_handler.rs[0m[2m:[0m[2m232:[0m Received consensus output [3mconsensus_commit[0m[2m=[0mCommittedSubDag(leader=B158(A,UKXF), ref=C148(gp4v), blocks=[BSGR, fFrT, UKXF]) [3mepoch[0m[2m=[0m1
[2m2025-03-25T07:55:40.364298Z[0m [32m INFO[0m [1mnode[0m[1m{[0m[3mname[0m[2m=[0mk#8dcff6d1..[1m}[0m[2m:[0m [2msui_core::checkpoints::checkpoint_executor[0m[2m:[0m [2mcrates/sui-core/src/checkpoints/checkpoint_executor/mod.rs[0m[2m:[0m[2m332:[0m Received checkpoint summary from state sync [3msequence_number[0m[2m=[0m360
[2m2025-03-25T07:55:40.364298Z[0m [32m INFO[0m [1mnode[0m[1m{[0m[3mname[0m[2m=[0mk#99f25ef6..[1m}[0m[2m:[0m [2msui_core::checkpoints::checkpoint_executor[0m[2m:[0m [2mcrates/sui-core/src/checkpoints/checkpoint_executor/mod.rs[0m[2m:[0m[2m332:[0m Received checkpoint summary from state sync [3msequence_number[0m[2m=[0m360
[2m2025-03-25T07:55:40.386050Z[0m [32m INFO[0m [1mnode[0m[1m{[0m[3mname[0m[2m=[0mk#8dcff6d1..[1m}[0m[2m:[0m [2msui_core::state_accumulator[0m[2m:[0m [2mcrates/sui-core/src/state_accumulator.rs[0m[2m:[0m[2m675:[0m accumulating running root for checkpoint 360
[2m2025-03-25T07:55:40.386057Z[0m [32m INFO[0m [1mnode[0m[1m{[0m[3mname[0m[2m=[0mk#99f25ef6..[1m}[0m[2m:[0m [2msui_core::state_accumulator[0m[2m:[0m [2mcrates/sui-core/src/state_accumulator.rs[0m[2m:[0m[2m675:[0m accumulating running root for checkpoint 360
[2m2025-03-25T07:55:40.421428Z[0m [32m INFO[0m [1mnode[0m[1m{[0m[3mname[0m[2m=[0mk#addeef94..[1m}[0m[2m:[0m [2msui_core::checkpoints[0m[2m:[0m [2mcrates/sui-core/src/checkpoints/mod.rs[0m[2m:[0m[2m1326:[0m Creating checkpoint(s) for 1 transactions [3mnext_checkpoint_seq[0m[2m=[0m361 [3mcheckpoint_timestamp[0m[2m=[0m1742889339824
[2m2025-03-25T07:55:40.421655Z[0m [32m INFO[0m [1mnode[0m[1m{[0m[3mname[0m[2m=[0mk#addeef94..[1m}[0m[2m:[0m [2msui_core::checkpoints::checkpoint_output[0m[2m:[0m [2mcrates/sui-core/src/checkpoints/checkpoint_output.rs[0m[2m:[0m[2m149:[0m Creating checkpoint CheckpointDigest(DrwfooxSuHFBgMasmjEwrsPegoj1umweoyhN3GHt66KE) at epoch 1, sequence 361, previous digest Some(CheckpointDigest(4MGJhFpmmEZmN7AEgHegRjoj71FdrEB9Mi8sQdgkwznN)), transactions count 1, content digest CheckpointContentsDigest(2A7EXHcnsjrJVBUprrSAuJ7A4oQ4snmDAm1bXBucGBxA), end_of_epoch_data None
[2m2025-03-25T07:55:40.423660Z[0m [32m INFO[0m [1mnode[0m[1m{[0m[3mname[0m[2m=[0mk#8dcff6d1..[1m}[0m[2m:[0m [2msui_core::checkpoints[0m[2m:[0m [2mcrates/sui-core/src/checkpoints/mod.rs[0m[2m:[0m[2m1326:[0m Creating checkpoint(s) for 1 transactions [3mnext_checkpoint_seq[0m[2m=[0m361 [3mcheckpoint_timestamp[0m[2m=[0m1742889339824
[2m2025-03-25T07:55:40.423678Z[0m [32m INFO[0m [1mnode[0m[1m{[0m[3mname[0m[2m=[0mk#99f25ef6..[1m}[0m[2m:[0m [2msui_core::checkpoints[0m[2m:[0m [2mcrates/sui-core/src/checkpoints/mod.rs[0m[2m:[0m[2m1326:[0m Creating checkpoint(s) for 1 transactions [3mnext_checkpoint_seq[0m[2m=[0m361 [3mcheckpoint_timestamp[0m[2m=[0m1742889339824
[2m2025-03-25T07:55:40.423834Z[0m [32m INFO[0m [1mnode[0m[1m{[0m[3mname[0m[2m=[0mk#8dcff6d1..[1m}[0m[2m:[0m [2msui_core::checkpoints::checkpoint_output[0m[2m:[0m [2mcrates/sui-core/src/checkpoints/checkpoint_output.rs[0m[2m:[0m[2m149:[0m Creating checkpoint CheckpointDigest(DrwfooxSuHFBgMasmjEwrsPegoj1umweoyhN3GHt66KE) at epoch 1, sequence 361, previous digest Some(CheckpointDigest(4MGJhFpmmEZmN7AEgHegRjoj71FdrEB9Mi8sQdgkwznN)), transactions count 1, content digest CheckpointContentsDigest(2A7EXHcnsjrJVBUprrSAuJ7A4oQ4snmDAm1bXBucGBxA), end_of_epoch_data None
[2m2025-03-25T07:55:40.423846Z[0m [32m INFO[0m [1mnode[0m[1m{[0m[3mname[0m[2m=[0mk#99f25ef6..[1m}[0m[2m:[0m [2msui_core::checkpoints::checkpoint_output[0m[2m:[0m [2mcrates/sui-core/src/checkpoints/checkpoint_output.rs[0m[2m:[0m[2m149:[0m Creating checkpoint CheckpointDigest(DrwfooxSuHFBgMasmjEwrsPegoj1umweoyhN3GHt66KE) at epoch 1, sequence 361, previous digest Some(CheckpointDigest(4MGJhFpmmEZmN7AEgHegRjoj71FdrEB9Mi8sQdgkwznN)), transactions count 1, content digest CheckpointContentsDigest(2A7EXHcnsjrJVBUprrSAuJ7A4oQ4snmDAm1bXBucGBxA), end_of_epoch_data None
[2m2025-03-25T07:55:40.429063Z[0m [32m INFO[0m [1mnode[0m[1m{[0m[3mname[0m[2m=[0mk#b3f3cbb4..[1m}[0m[2m:[0m [2msui_core::checkpoints::checkpoint_executor[0m[2m:[0m [2mcrates/sui-core/src/checkpoints/checkpoint_executor/mod.rs[0m[2m:[0m[2m332:[0m Received checkpoint summary from state sync [3msequence_number[0m[2m=[0m360
[2m2025-03-25T07:55:40.488510Z[0m [32m INFO[0m [1mnode[0m[1m{[0m[3mname[0m[2m=[0mk#addeef94..[1m}[0m[2m:[0m [2msui_core::checkpoints::checkpoint_executor[0m[2m:[0m [2mcrates/sui-core/src/checkpoints/checkpoint_executor/mod.rs[0m[2m:[0m[2m332:[0m Received checkpoint summary from state sync [3msequence_number[0m[2m=[0m360
[2m2025-03-25T07:55:40.489966Z[0m [32m INFO[0m [1mnode[0m[1m{[0m[3mname[0m[2m=[0mk#addeef94..[1m}[0m[2m:[0m [2msui_core::state_accumulator[0m[2m:[0m [2mcrates/sui-core/src/state_accumulator.rs[0m[2m:[0m[2m675:[0m accumulating running root for checkpoint 360
[2m2025-03-25T07:55:40.520445Z[0m [32m INFO[0m [1mnode[0m[1m{[0m[3mname[0m[2m=[0mk#b3f3cbb4..[1m}[0m[2m:[0m [2msui_core::state_accumulator[0m[2m:[0m [2mcrates/sui-core/src/state_accumulator.rs[0m[2m:[0m[2m675:[0m accumulating running root for checkpoint 360
[2m2025-03-25T07:55:40.611685Z[0m [32m INFO[0m [1mnode[0m[1m{[0m[3mname[0m[2m=[0mk#addeef94..[1m}[0m[2m:[0m [2mconsensus_core::core[0m[2m:[0m [2mconsensus/core/src/core.rs[0m[2m:[0m[2m945:[0m Included 3 ancestors & excluded 0 ancestors for proposal in round 161
[2m2025-03-25T07:55:40.612232Z[0m [32m INFO[0m [1mnode[0m[1m{[0m[3mname[0m[2m=[0mk#addeef94..[1m}[0m[2m:[0m [2mconsensus_core::core[0m[2m:[0m [2mconsensus/core/src/core.rs[0m[2m:[0m[2m531:[0m Created block B161(C,IiVOixrR7XTBfP26ggOrQc82pvSkx8vPugHNh3EU+88=)(1742889340611ms;[B160(C,6jz61AqaP0QsYc/qpUb7nQigPqMAO0XNcbc59lemlLE=), B160(A,npEqLpSSq57dclyEbQF9e3n2cT3WBCuBvwnYQYvofv0=), B160(B,vKV1EY7lTTxcJFZ6+NNA3bVYWx9NsJmMRm8Wa6WgrlM=)];1t;1c) for round 161
[2m2025-03-25T07:55:40.614872Z[0m [32m INFO[0m [1mnode[0m[1m{[0m[3mname[0m[2m=[0mk#8dcff6d1..[1m}[0m[2m:[0m [2mconsensus_core::core[0m[2m:[0m [2mconsensus/core/src/core.rs[0m[2m:[0m[2m945:[0m Included 3 ancestors & excluded 0 ancestors for proposal in round 161
[2m2025-03-25T07:55:40.614873Z[0m [32m INFO[0m [1mnode[0m[1m{[0m[3mname[0m[2m=[0mk#99f25ef6..[1m}[0m[2m:[0m [2mconsensus_core::core[0m[2m:[0m [2mconsensus/core/src/core.rs[0m[2m:[0m[2m945:[0m Included 3 ancestors & excluded 0 ancestors for proposal in round 161
[2m2025-03-25T07:55:40.615273Z[0m [32m INFO[0m [1mnode[0m[1m{[0m[3mname[0m[2m=[0mk#8dcff6d1..[1m}[0m[2m:[0m [2mconsensus_core::core[0m[2m:[0m [2mconsensus/core/src/core.rs[0m[2m:[0m[2m531:[0m Created block B161(A,JKXqVIwOhh3ssl4Eue6btmzBm1JkDVUWs4s5rM9y4Y8=)(1742889340614ms;[B160(A,npEqLpSSq57dclyEbQF9e3n2cT3WBCuBvwnYQYvofv0=), B160(B,vKV1EY7lTTxcJFZ6+NNA3bVYWx9NsJmMRm8Wa6WgrlM=), B160(C,6jz61AqaP0QsYc/qpUb7nQigPqMAO0XNcbc59lemlLE=)];1t;1c) for round 161
[2m2025-03-25T07:55:40.615274Z[0m [32m INFO[0m [1mnode[0m[1m{[0m[3mname[0m[2m=[0mk#99f25ef6..[1m}[0m[2m:[0m [2mconsensus_core::core[0m[2m:[0m [2mconsensus/core/src/core.rs[0m[2m:[0m[2m531:[0m Created block B161(B,RjodywLVX+C98hqcQyCzDueFY0bSoMbir9CPJ4HXhWk=)(1742889340614ms;[B160(B,vKV1EY7lTTxcJFZ6+NNA3bVYWx9NsJmMRm8Wa6WgrlM=), B160(A,npEqLpSSq57dclyEbQF9e3n2cT3WBCuBvwnYQYvofv0=), B160(C,6jz61AqaP0QsYc/qpUb7nQigPqMAO0XNcbc59lemlLE=)];1t;1c) for round 161
[2m2025-03-25T07:55:40.615371Z[0m [32m INFO[0m [1mnode[0m[1m{[0m[3mname[0m[2m=[0mk#8dcff6d1..[1m}[0m[2m:[0m [2mconsensus_core::core[0m[2m:[0m [2mconsensus/core/src/core.rs[0m[2m:[0m[2m630:[0m Committing 1 leaders: B159(A,k0MV)
[2m2025-03-25T07:55:40.615371Z[0m [32m INFO[0m [1mnode[0m[1m{[0m[3mname[0m[2m=[0mk#99f25ef6..[1m}[0m[2m:[0m [2mconsensus_core::core[0m[2m:[0m [2mconsensus/core/src/core.rs[0m[2m:[0m[2m630:[0m Committing 1 leaders: B159(A,k0MV)
[2m2025-03-25T07:55:40.615471Z[0m [32m INFO[0m [1mnode[0m[1m{[0m[3mname[0m[2m=[0mk#8dcff6d1..[1m}[0m[2m:[0m [2mconsensus_core::commit_observer[0m[2m:[0m [2mconsensus/core/src/commit_observer.rs[0m[2m:[0m[2m173:[0m Consensus commit C149(Ofmb) with leader B159(A,k0MV) has 3 blocks
[2m2025-03-25T07:55:40.615471Z[0m [32m INFO[0m [1mnode[0m[1m{[0m[3mname[0m[2m=[0mk#99f25ef6..[1m}[0m[2m:[0m [2mconsensus_core::commit_observer[0m[2m:[0m [2mconsensus/core/src/commit_observer.rs[0m[2m:[0m[2m173:[0m Consensus commit C149(Ofmb) with leader B159(A,k0MV) has 3 blocks
[2m2025-03-25T07:55:40.615594Z[0m [32m INFO[0m [1mnode[0m[1m{[0m[3mname[0m[2m=[0mk#99f25ef6..[1m}[0m[2m:[0m [2msui_core::consensus_handler[0m[2m:[0m [2mcrates/sui-core/src/consensus_handler.rs[0m[2m:[0m[2m232:[0m Received consensus output [3mconsensus_commit[0m[2m=[0mCommittedSubDag(leader=B159(A,k0MV), ref=C149(Ofmb), blocks=[ehfT, 6Tih, k0MV]) [3mepoch[0m[2m=[0m1
[2m2025-03-25T07:55:40.615594Z[0m [32m INFO[0m [1mnode[0m[1m{[0m[3mname[0m[2m=[0mk#8dcff6d1..[1m}[0m[2m:[0m [2msui_core::consensus_handler[0m[2m:[0m [2mcrates/sui-core/src/consensus_handler.rs[0m[2m:[0m[2m232:[0m Received consensus output [3mconsensus_commit[0m[2m=[0mCommittedSubDag(leader=B159(A,k0MV), ref=C149(Ofmb), blocks=[ehfT, 6Tih, k0MV]) [3mepoch[0m[2m=[0m1
[2m2025-03-25T07:55:40.620420Z[0m [32m INFO[0m [1mnode[0m[1m{[0m[3mname[0m[2m=[0mk#addeef94..[1m}[0m[2m:[0m [2mconsensus_core::core[0m[2m:[0m [2mconsensus/core/src/core.rs[0m[2m:[0m[2m630:[0m Committing 1 leaders: B159(A,k0MV)
[2m2025-03-25T07:55:40.620532Z[0m [32m INFO[0m [1mnode[0m[1m{[0m[3mname[0m[2m=[0mk#addeef94..[1m}[0m[2m:[0m [2mconsensus_core::commit_observer[0m[2m:[0m [2mconsensus/core/src/commit_observer.rs[0m[2m:[0m[2m173:[0m Consensus commit C149(Ofmb) with leader B159(A,k0MV) has 3 blocks
[2m2025-03-25T07:55:40.620690Z[0m [32m INFO[0m [1mnode[0m[1m{[0m[3mname[0m[2m=[0mk#addeef94..[1m}[0m[2m:[0m [2msui_core::consensus_handler[0m[2m:[0m [2mcrates/sui-core/src/consensus_handler.rs[0m[2m:[0m[2m232:[0m Received consensus output [3mconsensus_commit[0m[2m=[0mCommittedSubDag(leader=B159(A,k0MV), ref=C149(Ofmb), blocks=[ehfT, 6Tih, k0MV]) [3mepoch[0m[2m=[0m1
[2m2025-03-25T07:55:40.647034Z[0m [32m INFO[0m [1mnode[0m[1m{[0m[3mname[0m[2m=[0mk#8dcff6d1..[1m}[0m[2m:[0m [2msui_core::checkpoints[0m[2m:[0m [2mcrates/sui-core/src/checkpoints/mod.rs[0m[2m:[0m[2m1326:[0m Creating checkpoint(s) for 2 transactions [3mnext_checkpoint_seq[0m[2m=[0m362 [3mcheckpoint_timestamp[0m[2m=[0m1742889340094
[2m2025-03-25T07:55:40.647037Z[0m [32m INFO[0m [1mnode[0m[1m{[0m[3mname[0m[2m=[0mk#99f25ef6..[1m}[0m[2m:[0m [2msui_core::checkpoints[0m[2m:[0m [2mcrates/sui-core/src/checkpoints/mod.rs[0m[2m:[0m[2m1326:[0m Creating checkpoint(s) for 2 transactions [3mnext_checkpoint_seq[0m[2m=[0m362 [3mcheckpoint_timestamp[0m[2m=[0m1742889340094
[2m2025-03-25T07:55:40.647358Z[0m [32m INFO[0m [1mnode[0m[1m{[0m[3mname[0m[2m=[0mk#99f25ef6..[1m}[0m[2m:[0m [2msui_core::checkpoints::checkpoint_output[0m[2m:[0m [2mcrates/sui-core/src/checkpoints/checkpoint_output.rs[0m[2m:[0m[2m149:[0m Creating checkpoint CheckpointDigest(B5LPXp2ED8uAxA5PjgZ5iERY3kdWn66PkErMjR36MqFq) at epoch 1, sequence 362, previous digest Some(CheckpointDigest(DrwfooxSuHFBgMasmjEwrsPegoj1umweoyhN3GHt66KE)), transactions count 2, content digest CheckpointContentsDigest(Fhoe3n7oNVniNLWgREkRu5avHzjHz91ip4uFvUw6NmJ6), end_of_epoch_data None
[2m2025-03-25T07:55:40.647358Z[0m [32m INFO[0m [1mnode[0m[1m{[0m[3mname[0m[2m=[0mk#8dcff6d1..[1m}[0m[2m:[0m [2msui_core::checkpoints::checkpoint_output[0m[2m:[0m [2mcrates/sui-core/src/checkpoints/checkpoint_output.rs[0m[2m:[0m[2m149:[0m Creating checkpoint CheckpointDigest(B5LPXp2ED8uAxA5PjgZ5iERY3kdWn66PkErMjR36MqFq) at epoch 1, sequence 362, previous digest Some(CheckpointDigest(DrwfooxSuHFBgMasmjEwrsPegoj1umweoyhN3GHt66KE)), transactions count 2, content digest CheckpointContentsDigest(Fhoe3n7oNVniNLWgREkRu5avHzjHz91ip4uFvUw6NmJ6), end_of_epoch_data None
[2m2025-03-25T07:55:40.650312Z[0m [32m INFO[0m [1mnode[0m[1m{[0m[3mname[0m[2m=[0mk#addeef94..[1m}[0m[2m:[0m [2msui_core::checkpoints[0m[2m:[0m [2mcrates/sui-core/src/checkpoints/mod.rs[0m[2m:[0m[2m1326:[0m Creating checkpoint(s) for 2 transactions [3mnext_checkpoint_seq[0m[2m=[0m362 [3mcheckpoint_timestamp[0m[2m=[0m1742889340094
[2m2025-03-25T07:55:40.650437Z[0m [32m INFO[0m [1mnode[0m[1m{[0m[3mname[0m[2m=[0mk#8dcff6d1..[1m}[0m[2m:[0m [2msui_core::checkpoints::checkpoint_output[0m[2m:[0m [2mcrates/sui-core/src/checkpoints/checkpoint_output.rs[0m[2m:[0m[2m196:[0m Certified checkpoint with sequence 361 and digest DrwfooxSuHFBgMasmjEwrsPegoj1umweoyhN3GHt66KE
[2m2025-03-25T07:55:40.650441Z[0m [32m INFO[0m [1mnode[0m[1m{[0m[3mname[0m[2m=[0mk#99f25ef6..[1m}[0m[2m:[0m [2msui_core::checkpoints::checkpoint_output[0m[2m:[0m [2mcrates/sui-core/src/checkpoints/checkpoint_output.rs[0m[2m:[0m[2m196:[0m Certified checkpoint with sequence 361 and digest DrwfooxSuHFBgMasmjEwrsPegoj1umweoyhN3GHt66KE
[2m2025-03-25T07:55:40.650563Z[0m [32m INFO[0m [1mnode[0m[1m{[0m[3mname[0m[2m=[0mk#addeef94..[1m}[0m[2m:[0m [2msui_core::checkpoints::checkpoint_output[0m[2m:[0m [2mcrates/sui-core/src/checkpoints/checkpoint_output.rs[0m[2m:[0m[2m149:[0m Creating checkpoint CheckpointDigest(B5LPXp2ED8uAxA5PjgZ5iERY3kdWn66PkErMjR36MqFq) at epoch 1, sequence 362, previous digest Some(CheckpointDigest(DrwfooxSuHFBgMasmjEwrsPegoj1umweoyhN3GHt66KE)), transactions count 2, content digest CheckpointContentsDigest(Fhoe3n7oNVniNLWgREkRu5avHzjHz91ip4uFvUw6NmJ6), end_of_epoch_data None
[2m2025-03-25T07:55:40.650882Z[0m [32m INFO[0m [1mnode[0m[1m{[0m[3mname[0m[2m=[0mk#8dcff6d1..[1m}[0m[2m:[0m [2msui_core::checkpoints::checkpoint_executor[0m[2m:[0m [2mcrates/sui-core/src/checkpoints/checkpoint_executor/mod.rs[0m[2m:[0m[2m332:[0m Received checkpoint summary from state sync [3msequence_number[0m[2m=[0m361
[2m2025-03-25T07:55:40.650883Z[0m [32m INFO[0m [1mnode[0m[1m{[0m[3mname[0m[2m=[0mk#99f25ef6..[1m}[0m[2m:[0m [2msui_core::checkpoints::checkpoint_executor[0m[2m:[0m [2mcrates/sui-core/src/checkpoints/checkpoint_executor/mod.rs[0m[2m:[0m[2m332:[0m Received checkpoint summary from state sync [3msequence_number[0m[2m=[0m361
[2m2025-03-25T07:55:40.652046Z[0m [32m INFO[0m [1mnode[0m[1m{[0m[3mname[0m[2m=[0mk#99f25ef6..[1m}[0m[2m:[0m [2msui_core::state_accumulator[0m[2m:[0m [2mcrates/sui-core/src/state_accumulator.rs[0m[2m:[0m[2m675:[0m accumulating running root for checkpoint 361
[2m2025-03-25T07:55:40.652051Z[0m [32m INFO[0m [1mnode[0m[1m{[0m[3mname[0m[2m=[0mk#8dcff6d1..[1m}[0m[2m:[0m [2msui_core::state_accumulator[0m[2m:[0m [2mcrates/sui-core/src/state_accumulator.rs[0m[2m:[0m[2m675:[0m accumulating running root for checkpoint 361
[2m2025-03-25T07:55:40.654013Z[0m [32m INFO[0m [1mnode[0m[1m{[0m[3mname[0m[2m=[0mk#addeef94..[1m}[0m[2m:[0m [2msui_core::checkpoints::checkpoint_executor[0m[2m:[0m [2mcrates/sui-core/src/checkpoints/checkpoint_executor/mod.rs[0m[2m:[0m[2m332:[0m Received checkpoint summary from state sync [3msequence_number[0m[2m=[0m361
[2m2025-03-25T07:55:40.654727Z[0m [32m INFO[0m [1mnode[0m[1m{[0m[3mname[0m[2m=[0mk#addeef94..[1m}[0m[2m:[0m [2msui_core::state_accumulator[0m[2m:[0m [2mcrates/sui-core/src/state_accumulator.rs[0m[2m:[0m[2m675:[0m accumulating running root for checkpoint 361
[2m2025-03-25T07:55:40.655223Z[0m [32m INFO[0m [1mnode[0m[1m{[0m[3mname[0m[2m=[0mk#b3f3cbb4..[1m}[0m[2m:[0m [2msui_core::checkpoints::checkpoint_executor[0m[2m:[0m [2mcrates/sui-core/src/checkpoints/checkpoint_executor/mod.rs[0m[2m:[0m[2m332:[0m Received checkpoint summary from state sync [3msequence_number[0m[2m=[0m361
[2m2025-03-25T07:55:40.681383Z[0m [32m INFO[0m [1mnode[0m[1m{[0m[3mname[0m[2m=[0mk#b3f3cbb4..[1m}[0m[2m:[0m [2msui_core::state_accumulator[0m[2m:[0m [2mcrates/sui-core/src/state_accumulator.rs[0m[2m:[0m[2m675:[0m accumulating running root for checkpoint 361
[2m2025-03-25T07:55:40.868445Z[0m [32m INFO[0m [1mnode[0m[1m{[0m[3mname[0m[2m=[0mk#99f25ef6..[1m}[0m[2m:[0m [2mconsensus_core::core[0m[2m:[0m [2mconsensus/core/src/core.rs[0m[2m:[0m[2m945:[0m Included 3 ancestors & excluded 0 ancestors for proposal in round 162
[2m2025-03-25T07:55:40.868649Z[0m [32m INFO[0m [1mnode[0m[1m{[0m[3mname[0m[2m=[0mk#8dcff6d1..[1m}[0m[2m:[0m [2mconsensus_core::core[0m[2m:[0m [2mconsensus/core/src/core.rs[0m[2m:[0m[2m945:[0m Included 3 ancestors & excluded 0 ancestors for proposal in round 162
[2m2025-03-25T07:55:40.870151Z[0m [32m INFO[0m [1mnode[0m[1m{[0m[3mname[0m[2m=[0mk#99f25ef6..[1m}[0m[2m:[0m [2mconsensus_core::core[0m[2m:[0m [2mconsensus/core/src/core.rs[0m[2m:[0m[2m531:[0m Created block B162(B,ZCoY939ZgknIsY+Rc4gt3vChNJf0rdGR+d+zQxt4tFA=)(1742889340868ms;[B161(B,RjodywLVX+C98hqcQyCzDueFY0bSoMbir9CPJ4HXhWk=), B161(A,JKXqVIwOhh3ssl4Eue6btmzBm1JkDVUWs4s5rM9y4Y8=), B161(C,IiVOixrR7XTBfP26ggOrQc82pvSkx8vPugHNh3EU+88=)];1t;1c) for round 162
[2m2025-03-25T07:55:40.870151Z[0m [32m INFO[0m [1mnode[0m[1m{[0m[3mname[0m[2m=[0mk#8dcff6d1..[1m}[0m[2m:[0m [2mconsensus_core::core[0m[2m:[0m [2mconsensus/core/src/core.rs[0m[2m:[0m[2m531:[0m Created block B162(A,oSSM8uqgE7zOO830ay7LVY3moX2pUSGKaONQK2Kg1Is=)(1742889340868ms;[B161(A,JKXqVIwOhh3ssl4Eue6btmzBm1JkDVUWs4s5rM9y4Y8=), B161(B,RjodywLVX+C98hqcQyCzDueFY0bSoMbir9CPJ4HXhWk=), B161(C,IiVOixrR7XTBfP26ggOrQc82pvSkx8vPugHNh3EU+88=)];1t;1c) for round 162
[2m2025-03-25T07:55:40.880525Z[0m [32m INFO[0m [1mnode[0m[1m{[0m[3mname[0m[2m=[0mk#addeef94..[1m}[0m[2m:[0m [2mconsensus_core::core[0m[2m:[0m [2mconsensus/core/src/core.rs[0m[2m:[0m[2m945:[0m Included 3 ancestors & excluded 0 ancestors for proposal in round 162
[2m2025-03-25T07:55:40.881514Z[0m [32m INFO[0m [1mnode[0m[1m{[0m[3mname[0m[2m=[0mk#addeef94..[1m}[0m[2m:[0m [2mconsensus_core::core[0m[2m:[0m [2mconsensus/core/src/core.rs[0m[2m:[0m[2m531:[0m Created block B162(C,8dUt325Zp9aApVlF06E6iM/chb4nVtMZRDVj3shp5No=)(1742889340880ms;[B161(C,IiVOixrR7XTBfP26ggOrQc82pvSkx8vPugHNh3EU+88=), B161(A,JKXqVIwOhh3ssl4Eue6btmzBm1JkDVUWs4s5rM9y4Y8=), B161(B,RjodywLVX+C98hqcQyCzDueFY0bSoMbir9CPJ4HXhWk=)];1t;1c) for round 162
[2m2025-03-25T07:55:40.881990Z[0m [32m INFO[0m [1mnode[0m[1m{[0m[3mname[0m[2m=[0mk#addeef94..[1m}[0m[2m:[0m [2mconsensus_core::core[0m[2m:[0m [2mconsensus/core/src/core.rs[0m[2m:[0m[2m630:[0m Committing 1 leaders: B160(B,vKV1)
[2m2025-03-25T07:55:40.882370Z[0m [32m INFO[0m [1mnode[0m[1m{[0m[3mname[0m[2m=[0mk#addeef94..[1m}[0m[2m:[0m [2mconsensus_core::commit_observer[0m[2m:[0m [2mconsensus/core/src/commit_observer.rs[0m[2m:[0m[2m173:[0m Consensus commit C150(aTEI) with leader B160(B,vKV1) has 3 blocks
[2m2025-03-25T07:55:40.883878Z[0m [32m INFO[0m [1mnode[0m[1m{[0m[3mname[0m[2m=[0mk#addeef94..[1m}[0m[2m:[0m [2msui_core::consensus_handler[0m[2m:[0m [2mcrates/sui-core/src/consensus_handler.rs[0m[2m:[0m[2m232:[0m Received consensus output [3mconsensus_commit[0m[2m=[0mCommittedSubDag(leader=B160(B,vKV1), ref=C150(aTEI), blocks=[vooh, LUkV, vKV1]) [3mepoch[0m[2m=[0m1
[2m2025-03-25T07:55:40.891244Z[0m [32m INFO[0m [1mnode[0m[1m{[0m[3mname[0m[2m=[0mk#8dcff6d1..[1m}[0m[2m:[0m [2msui_core::checkpoints::checkpoint_output[0m[2m:[0m [2mcrates/sui-core/src/checkpoints/checkpoint_output.rs[0m[2m:[0m[2m196:[0m Certified checkpoint with sequence 362 and digest B5LPXp2ED8uAxA5PjgZ5iERY3kdWn66PkErMjR36MqFq
[2m2025-03-25T07:55:40.891242Z[0m [32m INFO[0m [1mnode[0m[1m{[0m[3mname[0m[2m=[0mk#99f25ef6..[1m}[0m[2m:[0m [2msui_core::checkpoints::checkpoint_output[0m[2m:[0m [2mcrates/sui-core/src/checkpoints/checkpoint_output.rs[0m[2m:[0m[2m196:[0m Certified checkpoint with sequence 362 and digest B5LPXp2ED8uAxA5PjgZ5iERY3kdWn66PkErMjR36MqFq
[2m2025-03-25T07:55:40.891581Z[0m [32m INFO[0m [1mnode[0m[1m{[0m[3mname[0m[2m=[0mk#8dcff6d1..[1m}[0m[2m:[0m [2mconsensus_core::core[0m[2m:[0m [2mconsensus/core/src/core.rs[0m[2m:[0m[2m630:[0m Committing 1 leaders: B160(B,vKV1)
[2m2025-03-25T07:55:40.891581Z[0m [32m INFO[0m [1mnode[0m[1m{[0m[3mname[0m[2m=[0mk#99f25ef6..[1m}[0m[2m:[0m [2mconsensus_core::core[0m[2m:[0m [2mconsensus/core/src/core.rs[0m[2m:[0m[2m630:[0m Committing 1 leaders: B160(B,vKV1)
[2m2025-03-25T07:55:40.891837Z[0m [32m INFO[0m [1mnode[0m[1m{[0m[3mname[0m[2m=[0mk#8dcff6d1..[1m}[0m[2m:[0m [2mconsensus_core::commit_observer[0m[2m:[0m [2mconsensus/core/src/commit_observer.rs[0m[2m:[0m[2m173:[0m Consensus commit C150(aTEI) with leader B160(B,vKV1) has 3 blocks
[2m2025-03-25T07:55:40.891839Z[0m [32m INFO[0m [1mnode[0m[1m{[0m[3mname[0m[2m=[0mk#99f25ef6..[1m}[0m[2m:[0m [2mconsensus_core::commit_observer[0m[2m:[0m [2mconsensus/core/src/commit_observer.rs[0m[2m:[0m[2m173:[0m Consensus commit C150(aTEI) with leader B160(B,vKV1) has 3 blocks
[2m2025-03-25T07:55:40.892701Z[0m [32m INFO[0m [1mnode[0m[1m{[0m[3mname[0m[2m=[0mk#99f25ef6..[1m}[0m[2m:[0m [2msui_core::consensus_handler[0m[2m:[0m [2mcrates/sui-core/src/consensus_handler.rs[0m[2m:[0m[2m232:[0m Received consensus output [3mconsensus_commit[0m[2m=[0mCommittedSubDag(leader=B160(B,vKV1), ref=C150(aTEI), blocks=[vooh, LUkV, vKV1]) [3mepoch[0m[2m=[0m1
[2m2025-03-25T07:55:40.892701Z[0m [32m INFO[0m [1mnode[0m[1m{[0m[3mname[0m[2m=[0mk#8dcff6d1..[1m}[0m[2m:[0m [2msui_core::consensus_handler[0m[2m:[0m [2mcrates/sui-core/src/consensus_handler.rs[0m[2m:[0m[2m232:[0m Received consensus output [3mconsensus_commit[0m[2m=[0mCommittedSubDag(leader=B160(B,vKV1), ref=C150(aTEI), blocks=[vooh, LUkV, vKV1]) [3mepoch[0m[2m=[0m1
[2m2025-03-25T07:55:40.893946Z[0m [32m INFO[0m [1mnode[0m[1m{[0m[3mname[0m[2m=[0mk#99f25ef6..[1m}[0m[2m:[0m [2msui_core::checkpoints::checkpoint_executor[0m[2m:[0m [2mcrates/sui-core/src/checkpoints/checkpoint_executor/mod.rs[0m[2m:[0m[2m332:[0m Received checkpoint summary from state sync [3msequence_number[0m[2m=[0m362
[2m2025-03-25T07:55:40.893946Z[0m [32m INFO[0m [1mnode[0m[1m{[0m[3mname[0m[2m=[0mk#8dcff6d1..[1m}[0m[2m:[0m [2msui_core::checkpoints::checkpoint_executor[0m[2m:[0m [2mcrates/sui-core/src/checkpoints/checkpoint_executor/mod.rs[0m[2m:[0m[2m332:[0m Received checkpoint summary from state sync [3msequence_number[0m[2m=[0m362
[2m2025-03-25T07:55:40.914973Z[0m [32m INFO[0m [1mnode[0m[1m{[0m[3mname[0m[2m=[0mk#8dcff6d1..[1m}[0m[2m:[0m [2msui_core::state_accumulator[0m[2m:[0m [2mcrates/sui-core/src/state_accumulator.rs[0m[2m:[0m[2m675:[0m accumulating running root for checkpoint 362
[2m2025-03-25T07:55:40.914972Z[0m [32m INFO[0m [1mnode[0m[1m{[0m[3mname[0m[2m=[0mk#99f25ef6..[1m}[0m[2m:[0m [2msui_core::state_accumulator[0m[2m:[0m [2mcrates/sui-core/src/state_accumulator.rs[0m[2m:[0m[2m675:[0m accumulating running root for checkpoint 362
[2m2025-03-25T07:55:40.944996Z[0m [32m INFO[0m [1mnode[0m[1m{[0m[3mname[0m[2m=[0mk#addeef94..[1m}[0m[2m:[0m [2msui_core::checkpoints[0m[2m:[0m [2mcrates/sui-core/src/checkpoints/mod.rs[0m[2m:[0m[2m1326:[0m Creating checkpoint(s) for 1 transactions [3mnext_checkpoint_seq[0m[2m=[0m363 [3mcheckpoint_timestamp[0m[2m=[0m1742889340347
[2m2025-03-25T07:55:40.945226Z[0m [32m INFO[0m [1mnode[0m[1m{[0m[3mname[0m[2m=[0mk#addeef94..[1m}[0m[2m:[0m [2msui_core::checkpoints::checkpoint_output[0m[2m:[0m [2mcrates/sui-core/src/checkpoints/checkpoint_output.rs[0m[2m:[0m[2m149:[0m Creating checkpoint CheckpointDigest(HmeKUX9Ehtwh9Ev5EMvxNw4TXKfL7j8DchrPGspJGbFY) at epoch 1, sequence 363, previous digest Some(CheckpointDigest(B5LPXp2ED8uAxA5PjgZ5iERY3kdWn66PkErMjR36MqFq)), transactions count 1, content digest CheckpointContentsDigest(HXTGruNUiXHnXdhpfb9yVZebdiJKe8y7h5dfw8VNR6Rr), end_of_epoch_data None
[2m2025-03-25T07:55:40.950135Z[0m [32m INFO[0m [1mnode[0m[1m{[0m[3mname[0m[2m=[0mk#8dcff6d1..[1m}[0m[2m:[0m [2msui_core::checkpoints[0m[2m:[0m [2mcrates/sui-core/src/checkpoints/mod.rs[0m[2m:[0m[2m1326:[0m Creating checkpoint(s) for 1 transactions [3mnext_checkpoint_seq[0m[2m=[0m363 [3mcheckpoint_timestamp[0m[2m=[0m1742889340347
[2m2025-03-25T07:55:40.950160Z[0m [32m INFO[0m [1mnode[0m[1m{[0m[3mname[0m[2m=[0mk#99f25ef6..[1m}[0m[2m:[0m [2msui_core::checkpoints[0m[2m:[0m [2mcrates/sui-core/src/checkpoints/mod.rs[0m[2m:[0m[2m1326:[0m Creating checkpoint(s) for 1 transactions [3mnext_checkpoint_seq[0m[2m=[0m363 [3mcheckpoint_timestamp[0m[2m=[0m1742889340347
[2m2025-03-25T07:55:40.950319Z[0m [32m INFO[0m [1mnode[0m[1m{[0m[3mname[0m[2m=[0mk#8dcff6d1..[1m}[0m[2m:[0m [2msui_core::checkpoints::checkpoint_output[0m[2m:[0m [2mcrates/sui-core/src/checkpoints/checkpoint_output.rs[0m[2m:[0m[2m149:[0m Creating checkpoint CheckpointDigest(HmeKUX9Ehtwh9Ev5EMvxNw4TXKfL7j8DchrPGspJGbFY) at epoch 1, sequence 363, previous digest Some(CheckpointDigest(B5LPXp2ED8uAxA5PjgZ5iERY3kdWn66PkErMjR36MqFq)), transactions count 1, content digest CheckpointContentsDigest(HXTGruNUiXHnXdhpfb9yVZebdiJKe8y7h5dfw8VNR6Rr), end_of_epoch_data None
[2m2025-03-25T07:55:40.950337Z[0m [32m INFO[0m [1mnode[0m[1m{[0m[3mname[0m[2m=[0mk#99f25ef6..[1m}[0m[2m:[0m [2msui_core::checkpoints::checkpoint_output[0m[2m:[0m [2mcrates/sui-core/src/checkpoints/checkpoint_output.rs[0m[2m:[0m[2m149:[0m Creating checkpoint CheckpointDigest(HmeKUX9Ehtwh9Ev5EMvxNw4TXKfL7j8DchrPGspJGbFY) at epoch 1, sequence 363, previous digest Some(CheckpointDigest(B5LPXp2ED8uAxA5PjgZ5iERY3kdWn66PkErMjR36MqFq)), transactions count 1, content digest CheckpointContentsDigest(HXTGruNUiXHnXdhpfb9yVZebdiJKe8y7h5dfw8VNR6Rr), end_of_epoch_data None
[2m2025-03-25T07:55:40.971998Z[0m [32m INFO[0m [1mnode[0m[1m{[0m[3mname[0m[2m=[0mk#b3f3cbb4..[1m}[0m[2m:[0m [2msui_core::checkpoints::checkpoint_executor[0m[2m:[0m [2mcrates/sui-core/src/checkpoints/checkpoint_executor/mod.rs[0m[2m:[0m[2m332:[0m Received checkpoint summary from state sync [3msequence_number[0m[2m=[0m362
[2m2025-03-25T07:55:40.983594Z[0m [32m INFO[0m [2msui_bridge::e2e_tests::test_utils[0m[2m:[0m [2mcrates/sui-bridge/src/e2e_tests/test_utils.rs[0m[2m:[0m[2m1636:[0m Deposited ERC20 (token id:4, token_address: 0x1696…3526) to Solidity contract
[2m2025-03-25T07:55:40.983635Z[0m [32m INFO[0m [2msui_bridge::e2e_tests::test_utils[0m[2m:[0m [2mcrates/sui-bridge/src/e2e_tests/test_utils.rs[0m[2m:[0m[2m1443:[0m Waiting for onchain status Claimed. chain: 12, nonce: 0
[2m2025-03-25T07:55:41.011511Z[0m [32m INFO[0m [1mnode[0m[1m{[0m[3mname[0m[2m=[0mk#addeef94..[1m}[0m[2m:[0m [2msui_core::checkpoints::checkpoint_executor[0m[2m:[0m [2mcrates/sui-core/src/checkpoints/checkpoint_executor/mod.rs[0m[2m:[0m[2m332:[0m Received checkpoint summary from state sync [3msequence_number[0m[2m=[0m362
[2m2025-03-25T07:55:41.012991Z[0m [32m INFO[0m [1mnode[0m[1m{[0m[3mname[0m[2m=[0mk#addeef94..[1m}[0m[2m:[0m [2msui_core::state_accumulator[0m[2m:[0m [2mcrates/sui-core/src/state_accumulator.rs[0m[2m:[0m[2m675:[0m accumulating running root for checkpoint 362
[2m2025-03-25T07:55:41.061844Z[0m [32m INFO[0m [1mnode[0m[1m{[0m[3mname[0m[2m=[0mk#b3f3cbb4..[1m}[0m[2m:[0m [2msui_core::state_accumulator[0m[2m:[0m [2mcrates/sui-core/src/state_accumulator.rs[0m[2m:[0m[2m675:[0m accumulating running root for checkpoint 362
[2m2025-03-25T07:55:41.136141Z[0m [32m INFO[0m [1mnode[0m[1m{[0m[3mname[0m[2m=[0mk#addeef94..[1m}[0m[2m:[0m [2mconsensus_core::core[0m[2m:[0m [2mconsensus/core/src/core.rs[0m[2m:[0m[2m945:[0m Included 3 ancestors & excluded 0 ancestors for proposal in round 163
[2m2025-03-25T07:55:41.136509Z[0m [32m INFO[0m [1mnode[0m[1m{[0m[3mname[0m[2m=[0mk#addeef94..[1m}[0m[2m:[0m [2mconsensus_core::core[0m[2m:[0m [2mconsensus/core/src/core.rs[0m[2m:[0m[2m531:[0m Created block B163(C,eNPRndiecWVyObz1t7AicTwDdmGqntnQpZLX2MIVQKU=)(1742889341136ms;[B162(C,8dUt325Zp9aApVlF06E6iM/chb4nVtMZRDVj3shp5No=), B162(A,oSSM8uqgE7zOO830ay7LVY3moX2pUSGKaONQK2Kg1Is=), B162(B,ZCoY939ZgknIsY+Rc4gt3vChNJf0rdGR+d+zQxt4tFA=)];1t;1c) for round 163
[2m2025-03-25T07:55:41.144053Z[0m [32m INFO[0m [1mnode[0m[1m{[0m[3mname[0m[2m=[0mk#8dcff6d1..[1m}[0m[2m:[0m [2mconsensus_core::core[0m[2m:[0m [2mconsensus/core/src/core.rs[0m[2m:[0m[2m945:[0m Included 3 ancestors & excluded 0 ancestors for proposal in round 163
[2m2025-03-25T07:55:41.144053Z[0m [32m INFO[0m [1mnode[0m[1m{[0m[3mname[0m[2m=[0mk#99f25ef6..[1m}[0m[2m:[0m [2mconsensus_core::core[0m[2m:[0m [2mconsensus/core/src/core.rs[0m[2m:[0m[2m945:[0m Included 3 ancestors & excluded 0 ancestors for proposal in round 163
[2m2025-03-25T07:55:41.144339Z[0m [32m INFO[0m [1mnode[0m[1m{[0m[3mname[0m[2m=[0mk#8dcff6d1..[1m}[0m[2m:[0m [2mconsensus_core::core[0m[2m:[0m [2mconsensus/core/src/core.rs[0m[2m:[0m[2m531:[0m Created block B163(A,bSL9kJmi54+ex1HbalHfBKBc30qWn9q2EAB+iFWl/pc=)(1742889341144ms;[B162(A,oSSM8uqgE7zOO830ay7LVY3moX2pUSGKaONQK2Kg1Is=), B162(B,ZCoY939ZgknIsY+Rc4gt3vChNJf0rdGR+d+zQxt4tFA=), B162(C,8dUt325Zp9aApVlF06E6iM/chb4nVtMZRDVj3shp5No=)];1t;1c) for round 163
[2m2025-03-25T07:55:41.144342Z[0m [32m INFO[0m [1mnode[0m[1m{[0m[3mname[0m[2m=[0mk#99f25ef6..[1m}[0m[2m:[0m [2mconsensus_core::core[0m[2m:[0m [2mconsensus/core/src/core.rs[0m[2m:[0m[2m531:[0m Created block B163(B,c0/9ZyTOQvldFwV8SkIvzwOhwyM2QK+RPlLt/eXm2t4=)(1742889341144ms;[B162(B,ZCoY939ZgknIsY+Rc4gt3vChNJf0rdGR+d+zQxt4tFA=), B162(A,oSSM8uqgE7zOO830ay7LVY3moX2pUSGKaONQK2Kg1Is=), B162(C,8dUt325Zp9aApVlF06E6iM/chb4nVtMZRDVj3shp5No=)];1t;1c) for round 163
[2m2025-03-25T07:55:41.144409Z[0m [32m INFO[0m [1mnode[0m[1m{[0m[3mname[0m[2m=[0mk#99f25ef6..[1m}[0m[2m:[0m [2mconsensus_core::core[0m[2m:[0m [2mconsensus/core/src/core.rs[0m[2m:[0m[2m630:[0m Committing 1 leaders: B161(B,Rjod)
[2m2025-03-25T07:55:41.144409Z[0m [32m INFO[0m [1mnode[0m[1m{[0m[3mname[0m[2m=[0mk#8dcff6d1..[1m}[0m[2m:[0m [2mconsensus_core::core[0m[2m:[0m [2mconsensus/core/src/core.rs[0m[2m:[0m[2m630:[0m Committing 1 leaders: B161(B,Rjod)
[2m2025-03-25T07:55:41.144480Z[0m [32m INFO[0m [1mnode[0m[1m{[0m[3mname[0m[2m=[0mk#99f25ef6..[1m}[0m[2m:[0m [2mconsensus_core::commit_observer[0m[2m:[0m [2mconsensus/core/src/commit_observer.rs[0m[2m:[0m[2m173:[0m Consensus commit C151(S1cH) with leader B161(B,Rjod) has 3 blocks
[2m2025-03-25T07:55:41.144480Z[0m [32m INFO[0m [1mnode[0m[1m{[0m[3mname[0m[2m=[0mk#8dcff6d1..[1m}[0m[2m:[0m [2mconsensus_core::commit_observer[0m[2m:[0m [2mconsensus/core/src/commit_observer.rs[0m[2m:[0m[2m173:[0m Consensus commit C151(S1cH) with leader B161(B,Rjod) has 3 blocks
[2m2025-03-25T07:55:41.144573Z[0m [32m INFO[0m [1mnode[0m[1m{[0m[3mname[0m[2m=[0mk#8dcff6d1..[1m}[0m[2m:[0m [2msui_core::consensus_handler[0m[2m:[0m [2mcrates/sui-core/src/consensus_handler.rs[0m[2m:[0m[2m232:[0m Received consensus output [3mconsensus_commit[0m[2m=[0mCommittedSubDag(leader=B161(B,Rjod), ref=C151(S1cH), blocks=[npEq, 6jz6, Rjod]) [3mepoch[0m[2m=[0m1
[2m2025-03-25T07:55:41.144573Z[0m [32m INFO[0m [1mnode[0m[1m{[0m[3mname[0m[2m=[0mk#99f25ef6..[1m}[0m[2m:[0m [2msui_core::consensus_handler[0m[2m:[0m [2mcrates/sui-core/src/consensus_handler.rs[0m[2m:[0m[2m232:[0m Received consensus output [3mconsensus_commit[0m[2m=[0mCommittedSubDag(leader=B161(B,Rjod), ref=C151(S1cH), blocks=[npEq, 6jz6, Rjod]) [3mepoch[0m[2m=[0m1
[2m2025-03-25T07:55:41.148258Z[0m [32m INFO[0m [1mnode[0m[1m{[0m[3mname[0m[2m=[0mk#addeef94..[1m}[0m[2m:[0m [2mconsensus_core::core[0m[2m:[0m [2mconsensus/core/src/core.rs[0m[2m:[0m[2m630:[0m Committing 1 leaders: B161(B,Rjod)
[2m2025-03-25T07:55:41.148368Z[0m [32m INFO[0m [1mnode[0m[1m{[0m[3mname[0m[2m=[0mk#addeef94..[1m}[0m[2m:[0m [2mconsensus_core::commit_observer[0m[2m:[0m [2mconsensus/core/src/commit_observer.rs[0m[2m:[0m[2m173:[0m Consensus commit C151(S1cH) with leader B161(B,Rjod) has 3 blocks
[2m2025-03-25T07:55:41.148504Z[0m [32m INFO[0m [1mnode[0m[1m{[0m[3mname[0m[2m=[0mk#addeef94..[1m}[0m[2m:[0m [2msui_core::consensus_handler[0m[2m:[0m [2mcrates/sui-core/src/consensus_handler.rs[0m[2m:[0m[2m232:[0m Received consensus output [3mconsensus_commit[0m[2m=[0mCommittedSubDag(leader=B161(B,Rjod), ref=C151(S1cH), blocks=[npEq, 6jz6, Rjod]) [3mepoch[0m[2m=[0m1
[2m2025-03-25T07:55:41.171154Z[0m [32m INFO[0m [1mnode[0m[1m{[0m[3mname[0m[2m=[0mk#99f25ef6..[1m}[0m[2m:[0m [2msui_core::checkpoints[0m[2m:[0m [2mcrates/sui-core/src/checkpoints/mod.rs[0m[2m:[0m[2m1326:[0m Creating checkpoint(s) for 2 transactions [3mnext_checkpoint_seq[0m[2m=[0m364 [3mcheckpoint_timestamp[0m[2m=[0m1742889340614
[2m2025-03-25T07:55:41.171155Z[0m [32m INFO[0m [1mnode[0m[1m{[0m[3mname[0m[2m=[0mk#8dcff6d1..[1m}[0m[2m:[0m [2msui_core::checkpoints[0m[2m:[0m [2mcrates/sui-core/src/checkpoints/mod.rs[0m[2m:[0m[2m1326:[0m Creating checkpoint(s) for 2 transactions [3mnext_checkpoint_seq[0m[2m=[0m364 [3mcheckpoint_timestamp[0m[2m=[0m1742889340614
[2m2025-03-25T07:55:41.171462Z[0m [32m INFO[0m [1mnode[0m[1m{[0m[3mname[0m[2m=[0mk#99f25ef6..[1m}[0m[2m:[0m [2msui_core::checkpoints::checkpoint_output[0m[2m:[0m [2mcrates/sui-core/src/checkpoints/checkpoint_output.rs[0m[2m:[0m[2m149:[0m Creating checkpoint CheckpointDigest(6VQ9eQLF2Y16N66GRQuYJyowrtBtw483eMmLphVZ7Lp8) at epoch 1, sequence 364, previous digest Some(CheckpointDigest(HmeKUX9Ehtwh9Ev5EMvxNw4TXKfL7j8DchrPGspJGbFY)), transactions count 2, content digest CheckpointContentsDigest(Ea9u39o7fCXfkXCuGnxAqM1oig1Bx7s814C9Eokkmh4J), end_of_epoch_data None
[2m2025-03-25T07:55:41.171462Z[0m [32m INFO[0m [1mnode[0m[1m{[0m[3mname[0m[2m=[0mk#8dcff6d1..[1m}[0m[2m:[0m [2msui_core::checkpoints::checkpoint_output[0m[2m:[0m [2mcrates/sui-core/src/checkpoints/checkpoint_output.rs[0m[2m:[0m[2m149:[0m Creating checkpoint CheckpointDigest(6VQ9eQLF2Y16N66GRQuYJyowrtBtw483eMmLphVZ7Lp8) at epoch 1, sequence 364, previous digest Some(CheckpointDigest(HmeKUX9Ehtwh9Ev5EMvxNw4TXKfL7j8DchrPGspJGbFY)), transactions count 2, content digest CheckpointContentsDigest(Ea9u39o7fCXfkXCuGnxAqM1oig1Bx7s814C9Eokkmh4J), end_of_epoch_data None
[2m2025-03-25T07:55:41.174447Z[0m [32m INFO[0m [1mnode[0m[1m{[0m[3mname[0m[2m=[0mk#addeef94..[1m}[0m[2m:[0m [2msui_core::checkpoints[0m[2m:[0m [2mcrates/sui-core/src/checkpoints/mod.rs[0m[2m:[0m[2m1326:[0m Creating checkpoint(s) for 2 transactions [3mnext_checkpoint_seq[0m[2m=[0m364 [3mcheckpoint_timestamp[0m[2m=[0m1742889340614
[2m2025-03-25T07:55:41.174461Z[0m [32m INFO[0m [1mnode[0m[1m{[0m[3mname[0m[2m=[0mk#99f25ef6..[1m}[0m[2m:[0m [2msui_core::checkpoints::checkpoint_output[0m[2m:[0m [2mcrates/sui-core/src/checkpoints/checkpoint_output.rs[0m[2m:[0m[2m196:[0m Certified checkpoint with sequence 363 and digest HmeKUX9Ehtwh9Ev5EMvxNw4TXKfL7j8DchrPGspJGbFY
[2m2025-03-25T07:55:41.174466Z[0m [32m INFO[0m [1mnode[0m[1m{[0m[3mname[0m[2m=[0mk#8dcff6d1..[1m}[0m[2m:[0m [2msui_core::checkpoints::checkpoint_output[0m[2m:[0m [2mcrates/sui-core/src/checkpoints/checkpoint_output.rs[0m[2m:[0m[2m196:[0m Certified checkpoint with sequence 363 and digest HmeKUX9Ehtwh9Ev5EMvxNw4TXKfL7j8DchrPGspJGbFY
[2m2025-03-25T07:55:41.174699Z[0m [32m INFO[0m [1mnode[0m[1m{[0m[3mname[0m[2m=[0mk#addeef94..[1m}[0m[2m:[0m [2msui_core::checkpoints::checkpoint_output[0m[2m:[0m [2mcrates/sui-core/src/checkpoints/checkpoint_output.rs[0m[2m:[0m[2m149:[0m Creating checkpoint CheckpointDigest(6VQ9eQLF2Y16N66GRQuYJyowrtBtw483eMmLphVZ7Lp8) at epoch 1, sequence 364, previous digest Some(CheckpointDigest(HmeKUX9Ehtwh9Ev5EMvxNw4TXKfL7j8DchrPGspJGbFY)), transactions count 2, content digest CheckpointContentsDigest(Ea9u39o7fCXfkXCuGnxAqM1oig1Bx7s814C9Eokkmh4J), end_of_epoch_data None
[2m2025-03-25T07:55:41.174902Z[0m [32m INFO[0m [1mnode[0m[1m{[0m[3mname[0m[2m=[0mk#99f25ef6..[1m}[0m[2m:[0m [2msui_core::checkpoints::checkpoint_executor[0m[2m:[0m [2mcrates/sui-core/src/checkpoints/checkpoint_executor/mod.rs[0m[2m:[0m[2m332:[0m Received checkpoint summary from state sync [3msequence_number[0m[2m=[0m363
[2m2025-03-25T07:55:41.174902Z[0m [32m INFO[0m [1mnode[0m[1m{[0m[3mname[0m[2m=[0mk#8dcff6d1..[1m}[0m[2m:[0m [2msui_core::checkpoints::checkpoint_executor[0m[2m:[0m [2mcrates/sui-core/src/checkpoints/checkpoint_executor/mod.rs[0m[2m:[0m[2m332:[0m Received checkpoint summary from state sync [3msequence_number[0m[2m=[0m363
[2m2025-03-25T07:55:41.176128Z[0m [32m INFO[0m [1mnode[0m[1m{[0m[3mname[0m[2m=[0mk#99f25ef6..[1m}[0m[2m:[0m [2msui_core::state_accumulator[0m[2m:[0m [2mcrates/sui-core/src/state_accumulator.rs[0m[2m:[0m[2m675:[0m accumulating running root for checkpoint 363
[2m2025-03-25T07:55:41.176136Z[0m [32m INFO[0m [1mnode[0m[1m{[0m[3mname[0m[2m=[0mk#8dcff6d1..[1m}[0m[2m:[0m [2msui_core::state_accumulator[0m[2m:[0m [2mcrates/sui-core/src/state_accumulator.rs[0m[2m:[0m[2m675:[0m accumulating running root for checkpoint 363
[2m2025-03-25T07:55:41.178412Z[0m [32m INFO[0m [1mnode[0m[1m{[0m[3mname[0m[2m=[0mk#addeef94..[1m}[0m[2m:[0m [2msui_core::checkpoints::checkpoint_executor[0m[2m:[0m [2mcrates/sui-core/src/checkpoints/checkpoint_executor/mod.rs[0m[2m:[0m[2m332:[0m Received checkpoint summary from state sync [3msequence_number[0m[2m=[0m363
[2m2025-03-25T07:55:41.179174Z[0m [32m INFO[0m [1mnode[0m[1m{[0m[3mname[0m[2m=[0mk#addeef94..[1m}[0m[2m:[0m [2msui_core::state_accumulator[0m[2m:[0m [2mcrates/sui-core/src/state_accumulator.rs[0m[2m:[0m[2m675:[0m accumulating running root for checkpoint 363
[2m2025-03-25T07:55:41.305107Z[0m [32m INFO[0m [1mnode[0m[1m{[0m[3mname[0m[2m=[0mk#8dcff6d1..[1m}[0m[2m:[0m [2mconsensus_core::commit_syncer[0m[2m:[0m [2mconsensus/core/src/commit_syncer.rs[0m[2m:[0m[2m196:[0m Checking to schedule fetches: synced_commit_index=151, highest_handled_index=151, highest_scheduled_index=0, quorum_commit_index=150, unhandled_commits_threshold=3200
[2m2025-03-25T07:55:41.328230Z[0m [32m INFO[0m [1mnode[0m[1m{[0m[3mname[0m[2m=[0mk#addeef94..[1m}[0m[2m:[0m [2mconsensus_core::commit_syncer[0m[2m:[0m [2mconsensus/core/src/commit_syncer.rs[0m[2m:[0m[2m196:[0m Checking to schedule fetches: synced_commit_index=151, highest_handled_index=151, highest_scheduled_index=0, quorum_commit_index=0, unhandled_commits_threshold=3200
[2m2025-03-25T07:55:41.331223Z[0m [32m INFO[0m [1mnode[0m[1m{[0m[3mname[0m[2m=[0mk#99f25ef6..[1m}[0m[2m:[0m [2mconsensus_core::commit_syncer[0m[2m:[0m [2mconsensus/core/src/commit_syncer.rs[0m[2m:[0m[2m196:[0m Checking to schedule fetches: synced_commit_index=151, highest_handled_index=151, highest_scheduled_index=0, quorum_commit_index=150, unhandled_commits_threshold=3200
[2m2025-03-25T07:55:41.397193Z[0m [32m INFO[0m [1mnode[0m[1m{[0m[3mname[0m[2m=[0mk#8dcff6d1..[1m}[0m[2m:[0m [2mconsensus_core::core[0m[2m:[0m [2mconsensus/core/src/core.rs[0m[2m:[0m[2m945:[0m Included 3 ancestors & excluded 0 ancestors for proposal in round 164
[2m2025-03-25T07:55:41.397565Z[0m [32m INFO[0m [1mnode[0m[1m{[0m[3mname[0m[2m=[0mk#8dcff6d1..[1m}[0m[2m:[0m [2mconsensus_core::core[0m[2m:[0m [2mconsensus/core/src/core.rs[0m[2m:[0m[2m531:[0m Created block B164(A,xA3y9S9xFauPlAMaMRRxJCSQcr9IxTjmCyXjho1D0b8=)(1742889341397ms;[B163(A,bSL9kJmi54+ex1HbalHfBKBc30qWn9q2EAB+iFWl/pc=), B163(B,c0/9ZyTOQvldFwV8SkIvzwOhwyM2QK+RPlLt/eXm2t4=), B163(C,eNPRndiecWVyObz1t7AicTwDdmGqntnQpZLX2MIVQKU=)];1t;1c) for round 164
[2m2025-03-25T07:55:41.399210Z[0m [32m INFO[0m [1mnode[0m[1m{[0m[3mname[0m[2m=[0mk#99f25ef6..[1m}[0m[2m:[0m [2mconsensus_core::core[0m[2m:[0m [2mconsensus/core/src/core.rs[0m[2m:[0m[2m945:[0m Included 3 ancestors & excluded 0 ancestors for proposal in round 164
[2m2025-03-25T07:55:41.399505Z[0m [32m INFO[0m [1mnode[0m[1m{[0m[3mname[0m[2m=[0mk#99f25ef6..[1m}[0m[2m:[0m [2mconsensus_core::core[0m[2m:[0m [2mconsensus/core/src/core.rs[0m[2m:[0m[2m531:[0m Created block B164(B,+wU0pW9l5MA88neFYZA9L8eCvCfPrngMuZ8Fp+dgp6s=)(1742889341399ms;[B163(B,c0/9ZyTOQvldFwV8SkIvzwOhwyM2QK+RPlLt/eXm2t4=), B163(A,bSL9kJmi54+ex1HbalHfBKBc30qWn9q2EAB+iFWl/pc=), B163(C,eNPRndiecWVyObz1t7AicTwDdmGqntnQpZLX2MIVQKU=)];1t;1c) for round 164
[2m2025-03-25T07:55:41.399544Z[0m [32m INFO[0m [1mnode[0m[1m{[0m[3mname[0m[2m=[0mk#addeef94..[1m}[0m[2m:[0m [2mconsensus_core::core[0m[2m:[0m [2mconsensus/core/src/core.rs[0m[2m:[0m[2m945:[0m Included 3 ancestors & excluded 0 ancestors for proposal in round 164
[2m2025-03-25T07:55:41.399839Z[0m [32m INFO[0m [1mnode[0m[1m{[0m[3mname[0m[2m=[0mk#addeef94..[1m}[0m[2m:[0m [2mconsensus_core::core[0m[2m:[0m [2mconsensus/core/src/core.rs[0m[2m:[0m[2m531:[0m Created block B164(C,4/9V/ff7OP6y3fY+icL7zvERpEjQrPGEK20qhP7t0jw=)(1742889341399ms;[B163(C,eNPRndiecWVyObz1t7AicTwDdmGqntnQpZLX2MIVQKU=), B163(A,bSL9kJmi54+ex1HbalHfBKBc30qWn9q2EAB+iFWl/pc=), B163(B,c0/9ZyTOQvldFwV8SkIvzwOhwyM2QK+RPlLt/eXm2t4=)];1t;1c) for round 164
[2m2025-03-25T07:55:41.399910Z[0m [32m INFO[0m [1mnode[0m[1m{[0m[3mname[0m[2m=[0mk#addeef94..[1m}[0m[2m:[0m [2mconsensus_core::core[0m[2m:[0m [2mconsensus/core/src/core.rs[0m[2m:[0m[2m630:[0m Committing 1 leaders: B162(B,ZCoY)
[2m2025-03-25T07:55:41.399982Z[0m [32m INFO[0m [1mnode[0m[1m{[0m[3mname[0m[2m=[0mk#addeef94..[1m}[0m[2m:[0m [2mconsensus_core::commit_observer[0m[2m:[0m [2mconsensus/core/src/commit_observer.rs[0m[2m:[0m[2m173:[0m Consensus commit C152(CYFy) with leader B162(B,ZCoY) has 3 blocks
[2m2025-03-25T07:55:41.400064Z[0m [32m INFO[0m [1mnode[0m[1m{[0m[3mname[0m[2m=[0mk#addeef94..[1m}[0m[2m:[0m [2msui_core::consensus_handler[0m[2m:[0m [2mcrates/sui-core/src/consensus_handler.rs[0m[2m:[0m[2m232:[0m Received consensus output [3mconsensus_commit[0m[2m=[0mCommittedSubDag(leader=B162(B,ZCoY), ref=C152(CYFy), blocks=[JKXq, IiVO, ZCoY]) [3mepoch[0m[2m=[0m1
[2m2025-03-25T07:55:41.403126Z[0m [32m INFO[0m [1mnode[0m[1m{[0m[3mname[0m[2m=[0mk#99f25ef6..[1m}[0m[2m:[0m [2msui_core::checkpoints::checkpoint_output[0m[2m:[0m [2mcrates/sui-core/src/checkpoints/checkpoint_output.rs[0m[2m:[0m[2m196:[0m Certified checkpoint with sequence 364 and digest 6VQ9eQLF2Y16N66GRQuYJyowrtBtw483eMmLphVZ7Lp8
[2m2025-03-25T07:55:41.403229Z[0m [32m INFO[0m [1mnode[0m[1m{[0m[3mname[0m[2m=[0mk#99f25ef6..[1m}[0m[2m:[0m [2mconsensus_core::core[0m[2m:[0m [2mconsensus/core/src/core.rs[0m[2m:[0m[2m630:[0m Committing 1 leaders: B162(B,ZCoY)
[2m2025-03-25T07:55:41.403327Z[0m [32m INFO[0m [1mnode[0m[1m{[0m[3mname[0m[2m=[0mk#99f25ef6..[1m}[0m[2m:[0m [2mconsensus_core::commit_observer[0m[2m:[0m [2mconsensus/core/src/commit_observer.rs[0m[2m:[0m[2m173:[0m Consensus commit C152(CYFy) with leader B162(B,ZCoY) has 3 blocks
[2m2025-03-25T07:55:41.403569Z[0m [32m INFO[0m [1mnode[0m[1m{[0m[3mname[0m[2m=[0mk#8dcff6d1..[1m}[0m[2m:[0m [2msui_core::checkpoints::checkpoint_output[0m[2m:[0m [2mcrates/sui-core/src/checkpoints/checkpoint_output.rs[0m[2m:[0m[2m196:[0m Certified checkpoint with sequence 364 and digest 6VQ9eQLF2Y16N66GRQuYJyowrtBtw483eMmLphVZ7Lp8
[2m2025-03-25T07:55:41.403679Z[0m [32m INFO[0m [1mnode[0m[1m{[0m[3mname[0m[2m=[0mk#8dcff6d1..[1m}[0m[2m:[0m [2mconsensus_core::core[0m[2m:[0m [2mconsensus/core/src/core.rs[0m[2m:[0m[2m630:[0m Committing 1 leaders: B162(B,ZCoY)
[2m2025-03-25T07:55:41.403766Z[0m [32m INFO[0m [1mnode[0m[1m{[0m[3mname[0m[2m=[0mk#99f25ef6..[1m}[0m[2m:[0m [2msui_core::consensus_handler[0m[2m:[0m [2mcrates/sui-core/src/consensus_handler.rs[0m[2m:[0m[2m232:[0m Received consensus output [3mconsensus_commit[0m[2m=[0mCommittedSubDag(leader=B162(B,ZCoY), ref=C152(CYFy), blocks=[JKXq, IiVO, ZCoY]) [3mepoch[0m[2m=[0m1
[2m2025-03-25T07:55:41.403781Z[0m [32m INFO[0m [1mnode[0m[1m{[0m[3mname[0m[2m=[0mk#8dcff6d1..[1m}[0m[2m:[0m [2mconsensus_core::commit_observer[0m[2m:[0m [2mconsensus/core/src/commit_observer.rs[0m[2m:[0m[2m173:[0m Consensus commit C152(CYFy) with leader B162(B,ZCoY) has 3 blocks
[2m2025-03-25T07:55:41.404190Z[0m [32m INFO[0m [1mnode[0m[1m{[0m[3mname[0m[2m=[0mk#8dcff6d1..[1m}[0m[2m:[0m [2msui_core::consensus_handler[0m[2m:[0m [2mcrates/sui-core/src/consensus_handler.rs[0m[2m:[0m[2m232:[0m Received consensus output [3mconsensus_commit[0m[2m=[0mCommittedSubDag(leader=B162(B,ZCoY), ref=C152(CYFy), blocks=[JKXq, IiVO, ZCoY]) [3mepoch[0m[2m=[0m1
[2m2025-03-25T07:55:41.404368Z[0m [32m INFO[0m [1mnode[0m[1m{[0m[3mname[0m[2m=[0mk#99f25ef6..[1m}[0m[2m:[0m [2msui_core::checkpoints::checkpoint_executor[0m[2m:[0m [2mcrates/sui-core/src/checkpoints/checkpoint_executor/mod.rs[0m[2m:[0m[2m332:[0m Received checkpoint summary from state sync [3msequence_number[0m[2m=[0m364
[2m2025-03-25T07:55:41.404772Z[0m [32m INFO[0m [1mnode[0m[1m{[0m[3mname[0m[2m=[0mk#8dcff6d1..[1m}[0m[2m:[0m [2msui_core::checkpoints::checkpoint_executor[0m[2m:[0m [2mcrates/sui-core/src/checkpoints/checkpoint_executor/mod.rs[0m[2m:[0m[2m332:[0m Received checkpoint summary from state sync [3msequence_number[0m[2m=[0m364
[2m2025-03-25T07:55:41.417894Z[0m [32m INFO[0m [1mnode[0m[1m{[0m[3mname[0m[2m=[0mk#99f25ef6..[1m}[0m[2m:[0m [2msui_core::state_accumulator[0m[2m:[0m [2mcrates/sui-core/src/state_accumulator.rs[0m[2m:[0m[2m675:[0m accumulating running root for checkpoint 364
[2m2025-03-25T07:55:41.418022Z[0m [32m INFO[0m [1mnode[0m[1m{[0m[3mname[0m[2m=[0mk#8dcff6d1..[1m}[0m[2m:[0m [2msui_core::state_accumulator[0m[2m:[0m [2mcrates/sui-core/src/state_accumulator.rs[0m[2m:[0m[2m675:[0m accumulating running root for checkpoint 364
[2m2025-03-25T07:55:41.444255Z[0m [32m INFO[0m [1mnode[0m[1m{[0m[3mname[0m[2m=[0mk#addeef94..[1m}[0m[2m:[0m [2msui_core::checkpoints[0m[2m:[0m [2mcrates/sui-core/src/checkpoints/mod.rs[0m[2m:[0m[2m1326:[0m Creating checkpoint(s) for 1 transactions [3mnext_checkpoint_seq[0m[2m=[0m365 [3mcheckpoint_timestamp[0m[2m=[0m1742889340868
[2m2025-03-25T07:55:41.444495Z[0m [32m INFO[0m [1mnode[0m[1m{[0m[3mname[0m[2m=[0mk#addeef94..[1m}[0m[2m:[0m [2msui_core::checkpoints::checkpoint_output[0m[2m:[0m [2mcrates/sui-core/src/checkpoints/checkpoint_output.rs[0m[2m:[0m[2m149:[0m Creating checkpoint CheckpointDigest(GYcGjVtKSH38eAwFF3MSVJaBkotFgjjT3y7iDi7zGkMt) at epoch 1, sequence 365, previous digest Some(CheckpointDigest(6VQ9eQLF2Y16N66GRQuYJyowrtBtw483eMmLphVZ7Lp8)), transactions count 1, content digest CheckpointContentsDigest(EmffiF3WM5WbXum7JbtztEbYHuxbAJkMjepDWe3ukzTp), end_of_epoch_data None
[2m2025-03-25T07:55:41.449372Z[0m [32m INFO[0m [1mnode[0m[1m{[0m[3mname[0m[2m=[0mk#8dcff6d1..[1m}[0m[2m:[0m [2msui_core::checkpoints[0m[2m:[0m [2mcrates/sui-core/src/checkpoints/mod.rs[0m[2m:[0m[2m1326:[0m Creating checkpoint(s) for 1 transactions [3mnext_checkpoint_seq[0m[2m=[0m365 [3mcheckpoint_timestamp[0m[2m=[0m1742889340868
[2m2025-03-25T07:55:41.449379Z[0m [32m INFO[0m [1mnode[0m[1m{[0m[3mname[0m[2m=[0mk#99f25ef6..[1m}[0m[2m:[0m [2msui_core::checkpoints[0m[2m:[0m [2mcrates/sui-core/src/checkpoints/mod.rs[0m[2m:[0m[2m1326:[0m Creating checkpoint(s) for 1 transactions [3mnext_checkpoint_seq[0m[2m=[0m365 [3mcheckpoint_timestamp[0m[2m=[0m1742889340868
[2m2025-03-25T07:55:41.449560Z[0m [32m INFO[0m [1mnode[0m[1m{[0m[3mname[0m[2m=[0mk#99f25ef6..[1m}[0m[2m:[0m [2msui_core::checkpoints::checkpoint_output[0m[2m:[0m [2mcrates/sui-core/src/checkpoints/checkpoint_output.rs[0m[2m:[0m[2m149:[0m Creating checkpoint CheckpointDigest(GYcGjVtKSH38eAwFF3MSVJaBkotFgjjT3y7iDi7zGkMt) at epoch 1, sequence 365, previous digest Some(CheckpointDigest(6VQ9eQLF2Y16N66GRQuYJyowrtBtw483eMmLphVZ7Lp8)), transactions count 1, content digest CheckpointContentsDigest(EmffiF3WM5WbXum7JbtztEbYHuxbAJkMjepDWe3ukzTp), end_of_epoch_data None
[2m2025-03-25T07:55:41.449560Z[0m [32m INFO[0m [1mnode[0m[1m{[0m[3mname[0m[2m=[0mk#8dcff6d1..[1m}[0m[2m:[0m [2msui_core::checkpoints::checkpoint_output[0m[2m:[0m [2mcrates/sui-core/src/checkpoints/checkpoint_output.rs[0m[2m:[0m[2m149:[0m Creating checkpoint CheckpointDigest(GYcGjVtKSH38eAwFF3MSVJaBkotFgjjT3y7iDi7zGkMt) at epoch 1, sequence 365, previous digest Some(CheckpointDigest(6VQ9eQLF2Y16N66GRQuYJyowrtBtw483eMmLphVZ7Lp8)), transactions count 1, content digest CheckpointContentsDigest(EmffiF3WM5WbXum7JbtztEbYHuxbAJkMjepDWe3ukzTp), end_of_epoch_data None
[2m2025-03-25T07:55:41.512685Z[0m [32m INFO[0m [1mnode[0m[1m{[0m[3mname[0m[2m=[0mk#addeef94..[1m}[0m[2m:[0m [2msui_core::checkpoints::checkpoint_executor[0m[2m:[0m [2mcrates/sui-core/src/checkpoints/checkpoint_executor/mod.rs[0m[2m:[0m[2m332:[0m Received checkpoint summary from state sync [3msequence_number[0m[2m=[0m364
[2m2025-03-25T07:55:41.514189Z[0m [32m INFO[0m [1mnode[0m[1m{[0m[3mname[0m[2m=[0mk#addeef94..[1m}[0m[2m:[0m [2msui_core::state_accumulator[0m[2m:[0m [2mcrates/sui-core/src/state_accumulator.rs[0m[2m:[0m[2m675:[0m accumulating running root for checkpoint 364
[2m2025-03-25T07:55:41.653250Z[0m [32m INFO[0m [1mnode[0m[1m{[0m[3mname[0m[2m=[0mk#addeef94..[1m}[0m[2m:[0m [2mconsensus_core::core[0m[2m:[0m [2mconsensus/core/src/core.rs[0m[2m:[0m[2m945:[0m Included 3 ancestors & excluded 0 ancestors for proposal in round 165
[2m2025-03-25T07:55:41.653638Z[0m [32m INFO[0m [1mnode[0m[1m{[0m[3mname[0m[2m=[0mk#addeef94..[1m}[0m[2m:[0m [2mconsensus_core::core[0m[2m:[0m [2mconsensus/core/src/core.rs[0m[2m:[0m[2m531:[0m Created block B165(C,/ijNi9MHwPhYGSe+40EPoT6vdvu+77eDcy3WaV5bEKA=)(1742889341653ms;[B164(C,4/9V/ff7OP6y3fY+icL7zvERpEjQrPGEK20qhP7t0jw=), B164(A,xA3y9S9xFauPlAMaMRRxJCSQcr9IxTjmCyXjho1D0b8=), B164(B,+wU0pW9l5MA88neFYZA9L8eCvCfPrngMuZ8Fp+dgp6s=)];1t;1c) for round 165
[2m2025-03-25T07:55:41.655355Z[0m [32m INFO[0m [1mnode[0m[1m{[0m[3mname[0m[2m=[0mk#99f25ef6..[1m}[0m[2m:[0m [2mconsensus_core::core[0m[2m:[0m [2mconsensus/core/src/core.rs[0m[2m:[0m[2m945:[0m Included 3 ancestors & excluded 0 ancestors for proposal in round 165
[2m2025-03-25T07:55:41.655640Z[0m [32m INFO[0m [1mnode[0m[1m{[0m[3mname[0m[2m=[0mk#8dcff6d1..[1m}[0m[2m:[0m [2mconsensus_core::core[0m[2m:[0m [2mconsensus/core/src/core.rs[0m[2m:[0m[2m945:[0m Included 3 ancestors & excluded 0 ancestors for proposal in round 165
[2m2025-03-25T07:55:41.655637Z[0m [32m INFO[0m [1mnode[0m[1m{[0m[3mname[0m[2m=[0mk#99f25ef6..[1m}[0m[2m:[0m [2mconsensus_core::core[0m[2m:[0m [2mconsensus/core/src/core.rs[0m[2m:[0m[2m531:[0m Created block B165(B,VtpxE1/0tKb3Gdm414oUVjKS+ruCPs5XDliHyiM6/pg=)(1742889341655ms;[B164(B,+wU0pW9l5MA88neFYZA9L8eCvCfPrngMuZ8Fp+dgp6s=), B164(A,xA3y9S9xFauPlAMaMRRxJCSQcr9IxTjmCyXjho1D0b8=), B164(C,4/9V/ff7OP6y3fY+icL7zvERpEjQrPGEK20qhP7t0jw=)];1t;1c) for round 165
[2m2025-03-25T07:55:41.655784Z[0m [32m INFO[0m [1mnode[0m[1m{[0m[3mname[0m[2m=[0mk#99f25ef6..[1m}[0m[2m:[0m [2mconsensus_core::core[0m[2m:[0m [2mconsensus/core/src/core.rs[0m[2m:[0m[2m630:[0m Committing 1 leaders: B163(A,bSL9)
[2m2025-03-25T07:55:41.655875Z[0m [32m INFO[0m [1mnode[0m[1m{[0m[3mname[0m[2m=[0mk#99f25ef6..[1m}[0m[2m:[0m [2mconsensus_core::commit_observer[0m[2m:[0m [2mconsensus/core/src/commit_observer.rs[0m[2m:[0m[2m173:[0m Consensus commit C153(qYxX) with leader B163(A,bSL9) has 3 blocks
[2m2025-03-25T07:55:41.655932Z[0m [32m INFO[0m [1mnode[0m[1m{[0m[3mname[0m[2m=[0mk#8dcff6d1..[1m}[0m[2m:[0m [2mconsensus_core::core[0m[2m:[0m [2mconsensus/core/src/core.rs[0m[2m:[0m[2m531:[0m Created block B165(A,p7GgTgiPmv0+cemQNdg/jmPgYocvxKv3Xn+J9PSjn7k=)(1742889341655ms;[B164(A,xA3y9S9xFauPlAMaMRRxJCSQcr9IxTjmCyXjho1D0b8=), B164(B,+wU0pW9l5MA88neFYZA9L8eCvCfPrngMuZ8Fp+dgp6s=), B164(C,4/9V/ff7OP6y3fY+icL7zvERpEjQrPGEK20qhP7t0jw=)];1t;1c) for round 165
[2m2025-03-25T07:55:41.655996Z[0m [32m INFO[0m [1mnode[0m[1m{[0m[3mname[0m[2m=[0mk#8dcff6d1..[1m}[0m[2m:[0m [2mconsensus_core::core[0m[2m:[0m [2mconsensus/core/src/core.rs[0m[2m:[0m[2m630:[0m Committing 1 leaders: B163(A,bSL9)
[2m2025-03-25T07:55:41.656061Z[0m [32m INFO[0m [1mnode[0m[1m{[0m[3mname[0m[2m=[0mk#8dcff6d1..[1m}[0m[2m:[0m [2mconsensus_core::commit_observer[0m[2m:[0m [2mconsensus/core/src/commit_observer.rs[0m[2m:[0m[2m173:[0m Consensus commit C153(qYxX) with leader B163(A,bSL9) has 3 blocks
[2m2025-03-25T07:55:41.656117Z[0m [32m INFO[0m [1mnode[0m[1m{[0m[3mname[0m[2m=[0mk#99f25ef6..[1m}[0m[2m:[0m [2msui_core::consensus_handler[0m[2m:[0m [2mcrates/sui-core/src/consensus_handler.rs[0m[2m:[0m[2m232:[0m Received consensus output [3mconsensus_commit[0m[2m=[0mCommittedSubDag(leader=B163(A,bSL9), ref=C153(qYxX), blocks=[oSSM, 8dUt, bSL9]) [3mepoch[0m[2m=[0m1
[2m2025-03-25T07:55:41.656142Z[0m [32m INFO[0m [1mnode[0m[1m{[0m[3mname[0m[2m=[0mk#8dcff6d1..[1m}[0m[2m:[0m [2msui_core::consensus_handler[0m[2m:[0m [2mcrates/sui-core/src/consensus_handler.rs[0m[2m:[0m[2m232:[0m Received consensus output [3mconsensus_commit[0m[2m=[0mCommittedSubDag(leader=B163(A,bSL9), ref=C153(qYxX), blocks=[oSSM, 8dUt, bSL9]) [3mepoch[0m[2m=[0m1
[2m2025-03-25T07:55:41.659853Z[0m [32m INFO[0m [1mnode[0m[1m{[0m[3mname[0m[2m=[0mk#addeef94..[1m}[0m[2m:[0m [2mconsensus_core::core[0m[2m:[0m [2mconsensus/core/src/core.rs[0m[2m:[0m[2m630:[0m Committing 1 leaders: B163(A,bSL9)
[2m2025-03-25T07:55:41.659947Z[0m [32m INFO[0m [1mnode[0m[1m{[0m[3mname[0m[2m=[0mk#addeef94..[1m}[0m[2m:[0m [2mconsensus_core::commit_observer[0m[2m:[0m [2mconsensus/core/src/commit_observer.rs[0m[2m:[0m[2m173:[0m Consensus commit C153(qYxX) with leader B163(A,bSL9) has 3 blocks
[2m2025-03-25T07:55:41.660076Z[0m [32m INFO[0m [1mnode[0m[1m{[0m[3mname[0m[2m=[0mk#addeef94..[1m}[0m[2m:[0m [2msui_core::consensus_handler[0m[2m:[0m [2mcrates/sui-core/src/consensus_handler.rs[0m[2m:[0m[2m232:[0m Received consensus output [3mconsensus_commit[0m[2m=[0mCommittedSubDag(leader=B163(A,bSL9), ref=C153(qYxX), blocks=[oSSM, 8dUt, bSL9]) [3mepoch[0m[2m=[0m1
[2m2025-03-25T07:55:41.683248Z[0m [32m INFO[0m [1mnode[0m[1m{[0m[3mname[0m[2m=[0mk#8dcff6d1..[1m}[0m[2m:[0m [2msui_core::checkpoints[0m[2m:[0m [2mcrates/sui-core/src/checkpoints/mod.rs[0m[2m:[0m[2m1326:[0m Creating checkpoint(s) for 2 transactions [3mnext_checkpoint_seq[0m[2m=[0m366 [3mcheckpoint_timestamp[0m[2m=[0m1742889341144
[2m2025-03-25T07:55:41.683424Z[0m [32m INFO[0m [1mnode[0m[1m{[0m[3mname[0m[2m=[0mk#99f25ef6..[1m}[0m[2m:[0m [2msui_core::checkpoints[0m[2m:[0m [2mcrates/sui-core/src/checkpoints/mod.rs[0m[2m:[0m[2m1326:[0m Creating checkpoint(s) for 2 transactions [3mnext_checkpoint_seq[0m[2m=[0m366 [3mcheckpoint_timestamp[0m[2m=[0m1742889341144
[2m2025-03-25T07:55:41.683576Z[0m [32m INFO[0m [1mnode[0m[1m{[0m[3mname[0m[2m=[0mk#8dcff6d1..[1m}[0m[2m:[0m [2msui_core::checkpoints::checkpoint_output[0m[2m:[0m [2mcrates/sui-core/src/checkpoints/checkpoint_output.rs[0m[2m:[0m[2m149:[0m Creating checkpoint CheckpointDigest(4GNkRSCrznPvLczHi4xGmEJNU5cbNmBYUEydRmowKCT1) at epoch 1, sequence 366, previous digest Some(CheckpointDigest(GYcGjVtKSH38eAwFF3MSVJaBkotFgjjT3y7iDi7zGkMt)), transactions count 2, content digest CheckpointContentsDigest(9FaLMC9stn2oEHYTkSt7Zjpn1C6jwwjewLiKQgnAnic8), end_of_epoch_data None
[2m2025-03-25T07:55:41.683674Z[0m [32m INFO[0m [1mnode[0m[1m{[0m[3mname[0m[2m=[0mk#99f25ef6..[1m}[0m[2m:[0m [2msui_core::checkpoints::checkpoint_output[0m[2m:[0m [2mcrates/sui-core/src/checkpoints/checkpoint_output.rs[0m[2m:[0m[2m149:[0m Creating checkpoint CheckpointDigest(4GNkRSCrznPvLczHi4xGmEJNU5cbNmBYUEydRmowKCT1) at epoch 1, sequence 366, previous digest Some(CheckpointDigest(GYcGjVtKSH38eAwFF3MSVJaBkotFgjjT3y7iDi7zGkMt)), transactions count 2, content digest CheckpointContentsDigest(9FaLMC9stn2oEHYTkSt7Zjpn1C6jwwjewLiKQgnAnic8), end_of_epoch_data None
[2m2025-03-25T07:55:41.686661Z[0m [32m INFO[0m [1mnode[0m[1m{[0m[3mname[0m[2m=[0mk#addeef94..[1m}[0m[2m:[0m [2msui_core::checkpoints[0m[2m:[0m [2mcrates/sui-core/src/checkpoints/mod.rs[0m[2m:[0m[2m1326:[0m Creating checkpoint(s) for 2 transactions [3mnext_checkpoint_seq[0m[2m=[0m366 [3mcheckpoint_timestamp[0m[2m=[0m1742889341144
[2m2025-03-25T07:55:41.686691Z[0m [32m INFO[0m [1mnode[0m[1m{[0m[3mname[0m[2m=[0mk#8dcff6d1..[1m}[0m[2m:[0m [2msui_core::checkpoints::checkpoint_output[0m[2m:[0m [2mcrates/sui-core/src/checkpoints/checkpoint_output.rs[0m[2m:[0m[2m196:[0m Certified checkpoint with sequence 365 and digest GYcGjVtKSH38eAwFF3MSVJaBkotFgjjT3y7iDi7zGkMt
[2m2025-03-25T07:55:41.686725Z[0m [32m INFO[0m [1mnode[0m[1m{[0m[3mname[0m[2m=[0mk#99f25ef6..[1m}[0m[2m:[0m [2msui_core::checkpoints::checkpoint_output[0m[2m:[0m [2mcrates/sui-core/src/checkpoints/checkpoint_output.rs[0m[2m:[0m[2m196:[0m Certified checkpoint with sequence 365 and digest GYcGjVtKSH38eAwFF3MSVJaBkotFgjjT3y7iDi7zGkMt
[2m2025-03-25T07:55:41.686926Z[0m [32m INFO[0m [1mnode[0m[1m{[0m[3mname[0m[2m=[0mk#addeef94..[1m}[0m[2m:[0m [2msui_core::checkpoints::checkpoint_output[0m[2m:[0m [2mcrates/sui-core/src/checkpoints/checkpoint_output.rs[0m[2m:[0m[2m149:[0m Creating checkpoint CheckpointDigest(4GNkRSCrznPvLczHi4xGmEJNU5cbNmBYUEydRmowKCT1) at epoch 1, sequence 366, previous digest Some(CheckpointDigest(GYcGjVtKSH38eAwFF3MSVJaBkotFgjjT3y7iDi7zGkMt)), transactions count 2, content digest CheckpointContentsDigest(9FaLMC9stn2oEHYTkSt7Zjpn1C6jwwjewLiKQgnAnic8), end_of_epoch_data None
[2m2025-03-25T07:55:41.687170Z[0m [32m INFO[0m [1mnode[0m[1m{[0m[3mname[0m[2m=[0mk#8dcff6d1..[1m}[0m[2m:[0m [2msui_core::checkpoints::checkpoint_executor[0m[2m:[0m [2mcrates/sui-core/src/checkpoints/checkpoint_executor/mod.rs[0m[2m:[0m[2m332:[0m Received checkpoint summary from state sync [3msequence_number[0m[2m=[0m365
[2m2025-03-25T07:55:41.687170Z[0m [32m INFO[0m [1mnode[0m[1m{[0m[3mname[0m[2m=[0mk#99f25ef6..[1m}[0m[2m:[0m [2msui_core::checkpoints::checkpoint_executor[0m[2m:[0m [2mcrates/sui-core/src/checkpoints/checkpoint_executor/mod.rs[0m[2m:[0m[2m332:[0m Received checkpoint summary from state sync [3msequence_number[0m[2m=[0m365
[2m2025-03-25T07:55:41.688376Z[0m [32m INFO[0m [1mnode[0m[1m{[0m[3mname[0m[2m=[0mk#99f25ef6..[1m}[0m[2m:[0m [2msui_core::state_accumulator[0m[2m:[0m [2mcrates/sui-core/src/state_accumulator.rs[0m[2m:[0m[2m675:[0m accumulating running root for checkpoint 365
[2m2025-03-25T07:55:41.688383Z[0m [32m INFO[0m [1mnode[0m[1m{[0m[3mname[0m[2m=[0mk#8dcff6d1..[1m}[0m[2m:[0m [2msui_core::state_accumulator[0m[2m:[0m [2mcrates/sui-core/src/state_accumulator.rs[0m[2m:[0m[2m675:[0m accumulating running root for checkpoint 365
[2m2025-03-25T07:55:41.690582Z[0m [32m INFO[0m [1mnode[0m[1m{[0m[3mname[0m[2m=[0mk#addeef94..[1m}[0m[2m:[0m [2msui_core::checkpoints::checkpoint_executor[0m[2m:[0m [2mcrates/sui-core/src/checkpoints/checkpoint_executor/mod.rs[0m[2m:[0m[2m332:[0m Received checkpoint summary from state sync [3msequence_number[0m[2m=[0m365
[2m2025-03-25T07:55:41.691305Z[0m [32m INFO[0m [1mnode[0m[1m{[0m[3mname[0m[2m=[0mk#addeef94..[1m}[0m[2m:[0m [2msui_core::state_accumulator[0m[2m:[0m [2mcrates/sui-core/src/state_accumulator.rs[0m[2m:[0m[2m675:[0m accumulating running root for checkpoint 365
[2m2025-03-25T07:55:41.908683Z[0m [32m INFO[0m [1mnode[0m[1m{[0m[3mname[0m[2m=[0mk#99f25ef6..[1m}[0m[2m:[0m [2mconsensus_core::core[0m[2m:[0m [2mconsensus/core/src/core.rs[0m[2m:[0m[2m945:[0m Included 3 ancestors & excluded 0 ancestors for proposal in round 166
[2m2025-03-25T07:55:41.909101Z[0m [32m INFO[0m [1mnode[0m[1m{[0m[3mname[0m[2m=[0mk#99f25ef6..[1m}[0m[2m:[0m [2mconsensus_core::core[0m[2m:[0m [2mconsensus/core/src/core.rs[0m[2m:[0m[2m531:[0m Created block B166(B,P11vnSUeZj89B1+ybN2EEVZLnt+ixDdBSGbThVdoK0g=)(1742889341908ms;[B165(B,VtpxE1/0tKb3Gdm414oUVjKS+ruCPs5XDliHyiM6/pg=), B165(A,p7GgTgiPmv0+cemQNdg/jmPgYocvxKv3Xn+J9PSjn7k=), B165(C,/ijNi9MHwPhYGSe+40EPoT6vdvu+77eDcy3WaV5bEKA=)];1t;1c) for round 166
[2m2025-03-25T07:55:41.909360Z[0m [32m INFO[0m [1mnode[0m[1m{[0m[3mname[0m[2m=[0mk#8dcff6d1..[1m}[0m[2m:[0m [2mconsensus_core::core[0m[2m:[0m [2mconsensus/core/src/core.rs[0m[2m:[0m[2m945:[0m Included 3 ancestors & excluded 0 ancestors for proposal in round 166
[2m2025-03-25T07:55:41.909681Z[0m [32m INFO[0m [1mnode[0m[1m{[0m[3mname[0m[2m=[0mk#8dcff6d1..[1m}[0m[2m:[0m [2mconsensus_core::core[0m[2m:[0m [2mconsensus/core/src/core.rs[0m[2m:[0m[2m531:[0m Created block B166(A,3XH6PaBhSaPf8JthkjIIzE2pmIX8yXjy7bRwLq4BWP4=)(1742889341909ms;[B165(A,p7GgTgiPmv0+cemQNdg/jmPgYocvxKv3Xn+J9PSjn7k=), B165(B,VtpxE1/0tKb3Gdm414oUVjKS+ruCPs5XDliHyiM6/pg=), B165(C,/ijNi9MHwPhYGSe+40EPoT6vdvu+77eDcy3WaV5bEKA=)];1t;1c) for round 166
[2m2025-03-25T07:55:41.912439Z[0m [32m INFO[0m [1mnode[0m[1m{[0m[3mname[0m[2m=[0mk#addeef94..[1m}[0m[2m:[0m [2mconsensus_core::core[0m[2m:[0m [2mconsensus/core/src/core.rs[0m[2m:[0m[2m945:[0m Included 3 ancestors & excluded 0 ancestors for proposal in round 166
[2m2025-03-25T07:55:41.912750Z[0m [32m INFO[0m [1mnode[0m[1m{[0m[3mname[0m[2m=[0mk#addeef94..[1m}[0m[2m:[0m [2mconsensus_core::core[0m[2m:[0m [2mconsensus/core/src/core.rs[0m[2m:[0m[2m531:[0m Created block B166(C,EV6a+/LRINnZs2qdMtGTnQRAgWTZnpczmnaL05Ogbv8=)(1742889341912ms;[B165(C,/ijNi9MHwPhYGSe+40EPoT6vdvu+77eDcy3WaV5bEKA=), B165(A,p7GgTgiPmv0+cemQNdg/jmPgYocvxKv3Xn+J9PSjn7k=), B165(B,VtpxE1/0tKb3Gdm414oUVjKS+ruCPs5XDliHyiM6/pg=)];1t;1c) for round 166
[2m2025-03-25T07:55:41.912823Z[0m [32m INFO[0m [1mnode[0m[1m{[0m[3mname[0m[2m=[0mk#addeef94..[1m}[0m[2m:[0m [2mconsensus_core::core[0m[2m:[0m [2mconsensus/core/src/core.rs[0m[2m:[0m[2m630:[0m Committing 1 leaders: B164(C,4/9V)
[2m2025-03-25T07:55:41.912902Z[0m [32m INFO[0m [1mnode[0m[1m{[0m[3mname[0m[2m=[0mk#addeef94..[1m}[0m[2m:[0m [2mconsensus_core::commit_observer[0m[2m:[0m [2mconsensus/core/src/commit_observer.rs[0m[2m:[0m[2m173:[0m Consensus commit C154(wg+n) with leader B164(C,4/9V) has 3 blocks
[2m2025-03-25T07:55:41.913153Z[0m [32m INFO[0m [1mnode[0m[1m{[0m[3mname[0m[2m=[0mk#addeef94..[1m}[0m[2m:[0m [2msui_core::consensus_handler[0m[2m:[0m [2mcrates/sui-core/src/consensus_handler.rs[0m[2m:[0m[2m232:[0m Received consensus output [3mconsensus_commit[0m[2m=[0mCommittedSubDag(leader=B164(C,4/9V), ref=C154(wg+n), blocks=[c0/9, eNPR, 4/9V]) [3mepoch[0m[2m=[0m1
[2m2025-03-25T07:55:41.916373Z[0m [32m INFO[0m [1mnode[0m[1m{[0m[3mname[0m[2m=[0mk#99f25ef6..[1m}[0m[2m:[0m [2msui_core::checkpoints::checkpoint_output[0m[2m:[0m [2mcrates/sui-core/src/checkpoints/checkpoint_output.rs[0m[2m:[0m[2m196:[0m Certified checkpoint with sequence 366 and digest 4GNkRSCrznPvLczHi4xGmEJNU5cbNmBYUEydRmowKCT1
[2m2025-03-25T07:55:41.916369Z[0m [32m INFO[0m [1mnode[0m[1m{[0m[3mname[0m[2m=[0mk#8dcff6d1..[1m}[0m[2m:[0m [2msui_core::checkpoints::checkpoint_output[0m[2m:[0m [2mcrates/sui-core/src/checkpoints/checkpoint_output.rs[0m[2m:[0m[2m196:[0m Certified checkpoint with sequence 366 and digest 4GNkRSCrznPvLczHi4xGmEJNU5cbNmBYUEydRmowKCT1
[2m2025-03-25T07:55:41.916485Z[0m [32m INFO[0m [1mnode[0m[1m{[0m[3mname[0m[2m=[0mk#99f25ef6..[1m}[0m[2m:[0m [2mconsensus_core::core[0m[2m:[0m [2mconsensus/core/src/core.rs[0m[2m:[0m[2m630:[0m Committing 1 leaders: B164(C,4/9V)
[2m2025-03-25T07:55:41.916485Z[0m [32m INFO[0m [1mnode[0m[1m{[0m[3mname[0m[2m=[0mk#8dcff6d1..[1m}[0m[2m:[0m [2mconsensus_core::core[0m[2m:[0m [2mconsensus/core/src/core.rs[0m[2m:[0m[2m630:[0m Committing 1 leaders: B164(C,4/9V)
[2m2025-03-25T07:55:41.916589Z[0m [32m INFO[0m [1mnode[0m[1m{[0m[3mname[0m[2m=[0mk#8dcff6d1..[1m}[0m[2m:[0m [2mconsensus_core::commit_observer[0m[2m:[0m [2mconsensus/core/src/commit_observer.rs[0m[2m:[0m[2m173:[0m Consensus commit C154(wg+n) with leader B164(C,4/9V) has 3 blocks
[2m2025-03-25T07:55:41.916593Z[0m [32m INFO[0m [1mnode[0m[1m{[0m[3mname[0m[2m=[0mk#99f25ef6..[1m}[0m[2m:[0m [2mconsensus_core::commit_observer[0m[2m:[0m [2mconsensus/core/src/commit_observer.rs[0m[2m:[0m[2m173:[0m Consensus commit C154(wg+n) with leader B164(C,4/9V) has 3 blocks
[2m2025-03-25T07:55:41.917042Z[0m [32m INFO[0m [1mnode[0m[1m{[0m[3mname[0m[2m=[0mk#8dcff6d1..[1m}[0m[2m:[0m [2msui_core::consensus_handler[0m[2m:[0m [2mcrates/sui-core/src/consensus_handler.rs[0m[2m:[0m[2m232:[0m Received consensus output [3mconsensus_commit[0m[2m=[0mCommittedSubDag(leader=B164(C,4/9V), ref=C154(wg+n), blocks=[c0/9, eNPR, 4/9V]) [3mepoch[0m[2m=[0m1
[2m2025-03-25T07:55:41.917042Z[0m [32m INFO[0m [1mnode[0m[1m{[0m[3mname[0m[2m=[0mk#99f25ef6..[1m}[0m[2m:[0m [2msui_core::consensus_handler[0m[2m:[0m [2mcrates/sui-core/src/consensus_handler.rs[0m[2m:[0m[2m232:[0m Received consensus output [3mconsensus_commit[0m[2m=[0mCommittedSubDag(leader=B164(C,4/9V), ref=C154(wg+n), blocks=[c0/9, eNPR, 4/9V]) [3mepoch[0m[2m=[0m1
[2m2025-03-25T07:55:41.917676Z[0m [32m INFO[0m [1mnode[0m[1m{[0m[3mname[0m[2m=[0mk#8dcff6d1..[1m}[0m[2m:[0m [2msui_core::checkpoints::checkpoint_executor[0m[2m:[0m [2mcrates/sui-core/src/checkpoints/checkpoint_executor/mod.rs[0m[2m:[0m[2m332:[0m Received checkpoint summary from state sync [3msequence_number[0m[2m=[0m366
[2m2025-03-25T07:55:41.917676Z[0m [32m INFO[0m [1mnode[0m[1m{[0m[3mname[0m[2m=[0mk#99f25ef6..[1m}[0m[2m:[0m [2msui_core::checkpoints::checkpoint_executor[0m[2m:[0m [2mcrates/sui-core/src/checkpoints/checkpoint_executor/mod.rs[0m[2m:[0m[2m332:[0m Received checkpoint summary from state sync [3msequence_number[0m[2m=[0m366
[2m2025-03-25T07:55:41.931245Z[0m [32m INFO[0m [1mnode[0m[1m{[0m[3mname[0m[2m=[0mk#99f25ef6..[1m}[0m[2m:[0m [2msui_core::state_accumulator[0m[2m:[0m [2mcrates/sui-core/src/state_accumulator.rs[0m[2m:[0m[2m675:[0m accumulating running root for checkpoint 366
[2m2025-03-25T07:55:41.931250Z[0m [32m INFO[0m [1mnode[0m[1m{[0m[3mname[0m[2m=[0mk#8dcff6d1..[1m}[0m[2m:[0m [2msui_core::state_accumulator[0m[2m:[0m [2mcrates/sui-core/src/state_accumulator.rs[0m[2m:[0m[2m675:[0m accumulating running root for checkpoint 366
[2m2025-03-25T07:55:41.957703Z[0m [32m INFO[0m [1mnode[0m[1m{[0m[3mname[0m[2m=[0mk#addeef94..[1m}[0m[2m:[0m [2msui_core::checkpoints[0m[2m:[0m [2mcrates/sui-core/src/checkpoints/mod.rs[0m[2m:[0m[2m1326:[0m Creating checkpoint(s) for 1 transactions [3mnext_checkpoint_seq[0m[2m=[0m367 [3mcheckpoint_timestamp[0m[2m=[0m1742889341399
[2m2025-03-25T07:55:41.957929Z[0m [32m INFO[0m [1mnode[0m[1m{[0m[3mname[0m[2m=[0mk#addeef94..[1m}[0m[2m:[0m [2msui_core::checkpoints::checkpoint_output[0m[2m:[0m [2mcrates/sui-core/src/checkpoints/checkpoint_output.rs[0m[2m:[0m[2m149:[0m Creating checkpoint CheckpointDigest(9eKMAAT2UBNMYGjqvL2VJdYZxBpbcVzUuVWjmz4Lc8d7) at epoch 1, sequence 367, previous digest Some(CheckpointDigest(4GNkRSCrznPvLczHi4xGmEJNU5cbNmBYUEydRmowKCT1)), transactions count 1, content digest CheckpointContentsDigest(82NzDha1HaGf4uCwz5kZj5EKom5BCkSmuFSjRPHAQskL), end_of_epoch_data None
[2m2025-03-25T07:55:41.962078Z[0m [32m INFO[0m [1mnode[0m[1m{[0m[3mname[0m[2m=[0mk#8dcff6d1..[1m}[0m[2m:[0m [2msui_core::checkpoints[0m[2m:[0m [2mcrates/sui-core/src/checkpoints/mod.rs[0m[2m:[0m[2m1326:[0m Creating checkpoint(s) for 1 transactions [3mnext_checkpoint_seq[0m[2m=[0m367 [3mcheckpoint_timestamp[0m[2m=[0m1742889341399
[2m2025-03-25T07:55:41.962245Z[0m [32m INFO[0m [1mnode[0m[1m{[0m[3mname[0m[2m=[0mk#99f25ef6..[1m}[0m[2m:[0m [2msui_core::checkpoints[0m[2m:[0m [2mcrates/sui-core/src/checkpoints/mod.rs[0m[2m:[0m[2m1326:[0m Creating checkpoint(s) for 1 transactions [3mnext_checkpoint_seq[0m[2m=[0m367 [3mcheckpoint_timestamp[0m[2m=[0m1742889341399
[2m2025-03-25T07:55:41.962254Z[0m [32m INFO[0m [1mnode[0m[1m{[0m[3mname[0m[2m=[0mk#8dcff6d1..[1m}[0m[2m:[0m [2msui_core::checkpoints::checkpoint_output[0m[2m:[0m [2mcrates/sui-core/src/checkpoints/checkpoint_output.rs[0m[2m:[0m[2m149:[0m Creating checkpoint CheckpointDigest(9eKMAAT2UBNMYGjqvL2VJdYZxBpbcVzUuVWjmz4Lc8d7) at epoch 1, sequence 367, previous digest Some(CheckpointDigest(4GNkRSCrznPvLczHi4xGmEJNU5cbNmBYUEydRmowKCT1)), transactions count 1, content digest CheckpointContentsDigest(82NzDha1HaGf4uCwz5kZj5EKom5BCkSmuFSjRPHAQskL), end_of_epoch_data None
[2m2025-03-25T07:55:41.962413Z[0m [32m INFO[0m [1mnode[0m[1m{[0m[3mname[0m[2m=[0mk#99f25ef6..[1m}[0m[2m:[0m [2msui_core::checkpoints::checkpoint_output[0m[2m:[0m [2mcrates/sui-core/src/checkpoints/checkpoint_output.rs[0m[2m:[0m[2m149:[0m Creating checkpoint CheckpointDigest(9eKMAAT2UBNMYGjqvL2VJdYZxBpbcVzUuVWjmz4Lc8d7) at epoch 1, sequence 367, previous digest Some(CheckpointDigest(4GNkRSCrznPvLczHi4xGmEJNU5cbNmBYUEydRmowKCT1)), transactions count 1, content digest CheckpointContentsDigest(82NzDha1HaGf4uCwz5kZj5EKom5BCkSmuFSjRPHAQskL), end_of_epoch_data None
[2m2025-03-25T07:55:42.024494Z[0m [32m INFO[0m [1mnode[0m[1m{[0m[3mname[0m[2m=[0mk#addeef94..[1m}[0m[2m:[0m [2msui_core::checkpoints::checkpoint_executor[0m[2m:[0m [2mcrates/sui-core/src/checkpoints/checkpoint_executor/mod.rs[0m[2m:[0m[2m332:[0m Received checkpoint summary from state sync [3msequence_number[0m[2m=[0m366
[2m2025-03-25T07:55:42.025991Z[0m [32m INFO[0m [1mnode[0m[1m{[0m[3mname[0m[2m=[0mk#addeef94..[1m}[0m[2m:[0m [2msui_core::state_accumulator[0m[2m:[0m [2mcrates/sui-core/src/state_accumulator.rs[0m[2m:[0m[2m675:[0m accumulating running root for checkpoint 366
[2m2025-03-25T07:55:42.166491Z[0m [32m INFO[0m [1mnode[0m[1m{[0m[3mname[0m[2m=[0mk#addeef94..[1m}[0m[2m:[0m [2mconsensus_core::core[0m[2m:[0m [2mconsensus/core/src/core.rs[0m[2m:[0m[2m945:[0m Included 3 ancestors & excluded 0 ancestors for proposal in round 167
[2m2025-03-25T07:55:42.166880Z[0m [32m INFO[0m [1mnode[0m[1m{[0m[3mname[0m[2m=[0mk#addeef94..[1m}[0m[2m:[0m [2mconsensus_core::core[0m[2m:[0m [2mconsensus/core/src/core.rs[0m[2m:[0m[2m531:[0m Created block B167(C,RhhmgnM8UnMa1b3tT3NsCZ9vLJK5bsA+dTbeQURx6nQ=)(1742889342166ms;[B166(C,EV6a+/LRINnZs2qdMtGTnQRAgWTZnpczmnaL05Ogbv8=), B166(A,3XH6PaBhSaPf8JthkjIIzE2pmIX8yXjy7bRwLq4BWP4=), B166(B,P11vnSUeZj89B1+ybN2EEVZLnt+ixDdBSGbThVdoK0g=)];1t;1c) for round 167
[2m2025-03-25T07:55:42.168838Z[0m [32m INFO[0m [1mnode[0m[1m{[0m[3mname[0m[2m=[0mk#99f25ef6..[1m}[0m[2m:[0m [2mconsensus_core::core[0m[2m:[0m [2mconsensus/core/src/core.rs[0m[2m:[0m[2m945:[0m Included 3 ancestors & excluded 0 ancestors for proposal in round 167
[2m2025-03-25T07:55:42.168838Z[0m [32m INFO[0m [1mnode[0m[1m{[0m[3mname[0m[2m=[0mk#8dcff6d1..[1m}[0m[2m:[0m [2mconsensus_core::core[0m[2m:[0m [2mconsensus/core/src/core.rs[0m[2m:[0m[2m945:[0m Included 3 ancestors & excluded 0 ancestors for proposal in round 167
[2m2025-03-25T07:55:42.169131Z[0m [32m INFO[0m [1mnode[0m[1m{[0m[3mname[0m[2m=[0mk#99f25ef6..[1m}[0m[2m:[0m [2mconsensus_core::core[0m[2m:[0m [2mconsensus/core/src/core.rs[0m[2m:[0m[2m531:[0m Created block B167(B,LcXChdU+CQo7bN4tL2bfaLmske0jOXKK62lavrgYpP0=)(1742889342168ms;[B166(B,P11vnSUeZj89B1+ybN2EEVZLnt+ixDdBSGbThVdoK0g=), B166(A,3XH6PaBhSaPf8JthkjIIzE2pmIX8yXjy7bRwLq4BWP4=), B166(C,EV6a+/LRINnZs2qdMtGTnQRAgWTZnpczmnaL05Ogbv8=)];1t;1c) for round 167
[2m2025-03-25T07:55:42.169133Z[0m [32m INFO[0m [1mnode[0m[1m{[0m[3mname[0m[2m=[0mk#8dcff6d1..[1m}[0m[2m:[0m [2mconsensus_core::core[0m[2m:[0m [2mconsensus/core/src/core.rs[0m[2m:[0m[2m531:[0m Created block B167(A,eLfCi9FXNAOB917mGOEjCkYlACaZLy5DxOnlmHojAck=)(1742889342168ms;[B166(A,3XH6PaBhSaPf8JthkjIIzE2pmIX8yXjy7bRwLq4BWP4=), B166(B,P11vnSUeZj89B1+ybN2EEVZLnt+ixDdBSGbThVdoK0g=), B166(C,EV6a+/LRINnZs2qdMtGTnQRAgWTZnpczmnaL05Ogbv8=)];1t;1c) for round 167
[2m2025-03-25T07:55:42.169201Z[0m [32m INFO[0m [1mnode[0m[1m{[0m[3mname[0m[2m=[0mk#99f25ef6..[1m}[0m[2m:[0m [2mconsensus_core::core[0m[2m:[0m [2mconsensus/core/src/core.rs[0m[2m:[0m[2m630:[0m Committing 1 leaders: B165(C,/ijN)
[2m2025-03-25T07:55:42.169201Z[0m [32m INFO[0m [1mnode[0m[1m{[0m[3mname[0m[2m=[0mk#8dcff6d1..[1m}[0m[2m:[0m [2mconsensus_core::core[0m[2m:[0m [2mconsensus/core/src/core.rs[0m[2m:[0m[2m630:[0m Committing 1 leaders: B165(C,/ijN)
[2m2025-03-25T07:55:42.169277Z[0m [32m INFO[0m [1mnode[0m[1m{[0m[3mname[0m[2m=[0mk#8dcff6d1..[1m}[0m[2m:[0m [2mconsensus_core::commit_observer[0m[2m:[0m [2mconsensus/core/src/commit_observer.rs[0m[2m:[0m[2m173:[0m Consensus commit C155(OlpO) with leader B165(C,/ijN) has 3 blocks
[2m2025-03-25T07:55:42.169277Z[0m [32m INFO[0m [1mnode[0m[1m{[0m[3mname[0m[2m=[0mk#99f25ef6..[1m}[0m[2m:[0m [2mconsensus_core::commit_observer[0m[2m:[0m [2mconsensus/core/src/commit_observer.rs[0m[2m:[0m[2m173:[0m Consensus commit C155(OlpO) with leader B165(C,/ijN) has 3 blocks
[2m2025-03-25T07:55:42.169369Z[0m [32m INFO[0m [1mnode[0m[1m{[0m[3mname[0m[2m=[0mk#99f25ef6..[1m}[0m[2m:[0m [2msui_core::consensus_handler[0m[2m:[0m [2mcrates/sui-core/src/consensus_handler.rs[0m[2m:[0m[2m232:[0m Received consensus output [3mconsensus_commit[0m[2m=[0mCommittedSubDag(leader=B165(C,/ijN), ref=C155(OlpO), blocks=[xA3y, +wU0, /ijN]) [3mepoch[0m[2m=[0m1
[2m2025-03-25T07:55:42.169369Z[0m [32m INFO[0m [1mnode[0m[1m{[0m[3mname[0m[2m=[0mk#8dcff6d1..[1m}[0m[2m:[0m [2msui_core::consensus_handler[0m[2m:[0m [2mcrates/sui-core/src/consensus_handler.rs[0m[2m:[0m[2m232:[0m Received consensus output [3mconsensus_commit[0m[2m=[0mCommittedSubDag(leader=B165(C,/ijN), ref=C155(OlpO), blocks=[xA3y, +wU0, /ijN]) [3mepoch[0m[2m=[0m1
[2m2025-03-25T07:55:42.173055Z[0m [32m INFO[0m [1mnode[0m[1m{[0m[3mname[0m[2m=[0mk#addeef94..[1m}[0m[2m:[0m [2mconsensus_core::core[0m[2m:[0m [2mconsensus/core/src/core.rs[0m[2m:[0m[2m630:[0m Committing 1 leaders: B165(C,/ijN)
[2m2025-03-25T07:55:42.173148Z[0m [32m INFO[0m [1mnode[0m[1m{[0m[3mname[0m[2m=[0mk#addeef94..[1m}[0m[2m:[0m [2mconsensus_core::commit_observer[0m[2m:[0m [2mconsensus/core/src/commit_observer.rs[0m[2m:[0m[2m173:[0m Consensus commit C155(OlpO) with leader B165(C,/ijN) has 3 blocks
[2m2025-03-25T07:55:42.173275Z[0m [32m INFO[0m [1mnode[0m[1m{[0m[3mname[0m[2m=[0mk#addeef94..[1m}[0m[2m:[0m [2msui_core::consensus_handler[0m[2m:[0m [2mcrates/sui-core/src/consensus_handler.rs[0m[2m:[0m[2m232:[0m Received consensus output [3mconsensus_commit[0m[2m=[0mCommittedSubDag(leader=B165(C,/ijN), ref=C155(OlpO), blocks=[xA3y, +wU0, /ijN]) [3mepoch[0m[2m=[0m1
[2m2025-03-25T07:55:42.196211Z[0m [32m INFO[0m [1mnode[0m[1m{[0m[3mname[0m[2m=[0mk#99f25ef6..[1m}[0m[2m:[0m [2msui_core::checkpoints[0m[2m:[0m [2mcrates/sui-core/src/checkpoints/mod.rs[0m[2m:[0m[2m1326:[0m Creating checkpoint(s) for 2 transactions [3mnext_checkpoint_seq[0m[2m=[0m368 [3mcheckpoint_timestamp[0m[2m=[0m1742889341653
[2m2025-03-25T07:55:42.196211Z[0m [32m INFO[0m [1mnode[0m[1m{[0m[3mname[0m[2m=[0mk#8dcff6d1..[1m}[0m[2m:[0m [2msui_core::checkpoints[0m[2m:[0m [2mcrates/sui-core/src/checkpoints/mod.rs[0m[2m:[0m[2m1326:[0m Creating checkpoint(s) for 2 transactions [3mnext_checkpoint_seq[0m[2m=[0m368 [3mcheckpoint_timestamp[0m[2m=[0m1742889341653
[2m2025-03-25T07:55:42.196528Z[0m [32m INFO[0m [1mnode[0m[1m{[0m[3mname[0m[2m=[0mk#99f25ef6..[1m}[0m[2m:[0m [2msui_core::checkpoints::checkpoint_output[0m[2m:[0m [2mcrates/sui-core/src/checkpoints/checkpoint_output.rs[0m[2m:[0m[2m149:[0m Creating checkpoint CheckpointDigest(4tuZTTPkSuB5on4yf9dDuHoZEp4VG65CQwZE7Ngp61zp) at epoch 1, sequence 368, previous digest Some(CheckpointDigest(9eKMAAT2UBNMYGjqvL2VJdYZxBpbcVzUuVWjmz4Lc8d7)), transactions count 2, content digest CheckpointContentsDigest(4eaES2XWXv4sru856kn6jEy3GLRys3xVxRtmRypKWWsq), end_of_epoch_data None
[2m2025-03-25T07:55:42.196528Z[0m [32m INFO[0m [1mnode[0m[1m{[0m[3mname[0m[2m=[0mk#8dcff6d1..[1m}[0m[2m:[0m [2msui_core::checkpoints::checkpoint_output[0m[2m:[0m [2mcrates/sui-core/src/checkpoints/checkpoint_output.rs[0m[2m:[0m[2m149:[0m Creating checkpoint CheckpointDigest(4tuZTTPkSuB5on4yf9dDuHoZEp4VG65CQwZE7Ngp61zp) at epoch 1, sequence 368, previous digest Some(CheckpointDigest(9eKMAAT2UBNMYGjqvL2VJdYZxBpbcVzUuVWjmz4Lc8d7)), transactions count 2, content digest CheckpointContentsDigest(4eaES2XWXv4sru856kn6jEy3GLRys3xVxRtmRypKWWsq), end_of_epoch_data None
[2m2025-03-25T07:55:42.199472Z[0m [32m INFO[0m [1mnode[0m[1m{[0m[3mname[0m[2m=[0mk#addeef94..[1m}[0m[2m:[0m [2msui_core::checkpoints[0m[2m:[0m [2mcrates/sui-core/src/checkpoints/mod.rs[0m[2m:[0m[2m1326:[0m Creating checkpoint(s) for 2 transactions [3mnext_checkpoint_seq[0m[2m=[0m368 [3mcheckpoint_timestamp[0m[2m=[0m1742889341653
[2m2025-03-25T07:55:42.199610Z[0m [32m INFO[0m [1mnode[0m[1m{[0m[3mname[0m[2m=[0mk#99f25ef6..[1m}[0m[2m:[0m [2msui_core::checkpoints::checkpoint_output[0m[2m:[0m [2mcrates/sui-core/src/checkpoints/checkpoint_output.rs[0m[2m:[0m[2m196:[0m Certified checkpoint with sequence 367 and digest 9eKMAAT2UBNMYGjqvL2VJdYZxBpbcVzUuVWjmz4Lc8d7
[2m2025-03-25T07:55:42.199611Z[0m [32m INFO[0m [1mnode[0m[1m{[0m[3mname[0m[2m=[0mk#8dcff6d1..[1m}[0m[2m:[0m [2msui_core::checkpoints::checkpoint_output[0m[2m:[0m [2mcrates/sui-core/src/checkpoints/checkpoint_output.rs[0m[2m:[0m[2m196:[0m Certified checkpoint with sequence 367 and digest 9eKMAAT2UBNMYGjqvL2VJdYZxBpbcVzUuVWjmz4Lc8d7
[2m2025-03-25T07:55:42.199728Z[0m [32m INFO[0m [1mnode[0m[1m{[0m[3mname[0m[2m=[0mk#addeef94..[1m}[0m[2m:[0m [2msui_core::checkpoints::checkpoint_output[0m[2m:[0m [2mcrates/sui-core/src/checkpoints/checkpoint_output.rs[0m[2m:[0m[2m149:[0m Creating checkpoint CheckpointDigest(4tuZTTPkSuB5on4yf9dDuHoZEp4VG65CQwZE7Ngp61zp) at epoch 1, sequence 368, previous digest Some(CheckpointDigest(9eKMAAT2UBNMYGjqvL2VJdYZxBpbcVzUuVWjmz4Lc8d7)), transactions count 2, content digest CheckpointContentsDigest(4eaES2XWXv4sru856kn6jEy3GLRys3xVxRtmRypKWWsq), end_of_epoch_data None
[2m2025-03-25T07:55:42.200079Z[0m [32m INFO[0m [1mnode[0m[1m{[0m[3mname[0m[2m=[0mk#99f25ef6..[1m}[0m[2m:[0m [2msui_core::checkpoints::checkpoint_executor[0m[2m:[0m [2mcrates/sui-core/src/checkpoints/checkpoint_executor/mod.rs[0m[2m:[0m[2m332:[0m Received checkpoint summary from state sync [3msequence_number[0m[2m=[0m367
[2m2025-03-25T07:55:42.200079Z[0m [32m INFO[0m [1mnode[0m[1m{[0m[3mname[0m[2m=[0mk#8dcff6d1..[1m}[0m[2m:[0m [2msui_core::checkpoints::checkpoint_executor[0m[2m:[0m [2mcrates/sui-core/src/checkpoints/checkpoint_executor/mod.rs[0m[2m:[0m[2m332:[0m Received checkpoint summary from state sync [3msequence_number[0m[2m=[0m367
[2m2025-03-25T07:55:42.201244Z[0m [32m INFO[0m [1mnode[0m[1m{[0m[3mname[0m[2m=[0mk#99f25ef6..[1m}[0m[2m:[0m [2msui_core::state_accumulator[0m[2m:[0m [2mcrates/sui-core/src/state_accumulator.rs[0m[2m:[0m[2m675:[0m accumulating running root for checkpoint 367
[2m2025-03-25T07:55:42.201251Z[0m [32m INFO[0m [1mnode[0m[1m{[0m[3mname[0m[2m=[0mk#8dcff6d1..[1m}[0m[2m:[0m [2msui_core::state_accumulator[0m[2m:[0m [2mcrates/sui-core/src/state_accumulator.rs[0m[2m:[0m[2m675:[0m accumulating running root for checkpoint 367
[2m2025-03-25T07:55:42.203412Z[0m [32m INFO[0m [1mnode[0m[1m{[0m[3mname[0m[2m=[0mk#addeef94..[1m}[0m[2m:[0m [2msui_core::checkpoints::checkpoint_executor[0m[2m:[0m [2mcrates/sui-core/src/checkpoints/checkpoint_executor/mod.rs[0m[2m:[0m[2m332:[0m Received checkpoint summary from state sync [3msequence_number[0m[2m=[0m367
[2m2025-03-25T07:55:42.204115Z[0m [32m INFO[0m [1mnode[0m[1m{[0m[3mname[0m[2m=[0mk#addeef94..[1m}[0m[2m:[0m [2msui_core::state_accumulator[0m[2m:[0m [2mcrates/sui-core/src/state_accumulator.rs[0m[2m:[0m[2m675:[0m accumulating running root for checkpoint 367
[2m2025-03-25T07:55:42.421975Z[0m [32m INFO[0m [1mnode[0m[1m{[0m[3mname[0m[2m=[0mk#8dcff6d1..[1m}[0m[2m:[0m [2mconsensus_core::core[0m[2m:[0m [2mconsensus/core/src/core.rs[0m[2m:[0m[2m945:[0m Included 3 ancestors & excluded 0 ancestors for proposal in round 168
[2m2025-03-25T07:55:42.422376Z[0m [32m INFO[0m [1mnode[0m[1m{[0m[3mname[0m[2m=[0mk#8dcff6d1..[1m}[0m[2m:[0m [2mconsensus_core::core[0m[2m:[0m [2mconsensus/core/src/core.rs[0m[2m:[0m[2m531:[0m Created block B168(A,LZtx2IOhAJoEgBsFk1GAXtLApqYOr+LOZCDbh0Z8HYU=)(1742889342422ms;[B167(A,eLfCi9FXNAOB917mGOEjCkYlACaZLy5DxOnlmHojAck=), B167(B,LcXChdU+CQo7bN4tL2bfaLmske0jOXKK62lavrgYpP0=), B167(C,RhhmgnM8UnMa1b3tT3NsCZ9vLJK5bsA+dTbeQURx6nQ=)];1t;1c) for round 168
[2m2025-03-25T07:55:42.422662Z[0m [32m INFO[0m [1mnode[0m[1m{[0m[3mname[0m[2m=[0mk#99f25ef6..[1m}[0m[2m:[0m [2mconsensus_core::core[0m[2m:[0m [2mconsensus/core/src/core.rs[0m[2m:[0m[2m945:[0m Included 3 ancestors & excluded 0 ancestors for proposal in round 168
[2m2025-03-25T07:55:42.422983Z[0m [32m INFO[0m [1mnode[0m[1m{[0m[3mname[0m[2m=[0mk#99f25ef6..[1m}[0m[2m:[0m [2mconsensus_core::core[0m[2m:[0m [2mconsensus/core/src/core.rs[0m[2m:[0m[2m531:[0m Created block B168(B,Lbg4IbNoEJknBAIkXHKM8F5Mv3ZRed07Lr0O4+d53eQ=)(1742889342422ms;[B167(B,LcXChdU+CQo7bN4tL2bfaLmske0jOXKK62lavrgYpP0=), B167(A,eLfCi9FXNAOB917mGOEjCkYlACaZLy5DxOnlmHojAck=), B167(C,RhhmgnM8UnMa1b3tT3NsCZ9vLJK5bsA+dTbeQURx6nQ=)];1t;1c) for round 168
[2m2025-03-25T07:55:42.425590Z[0m [32m INFO[0m [1mnode[0m[1m{[0m[3mname[0m[2m=[0mk#addeef94..[1m}[0m[2m:[0m [2mconsensus_core::core[0m[2m:[0m [2mconsensus/core/src/core.rs[0m[2m:[0m[2m945:[0m Included 3 ancestors & excluded 0 ancestors for proposal in round 168
[2m2025-03-25T07:55:42.425877Z[0m [32m INFO[0m [1mnode[0m[1m{[0m[3mname[0m[2m=[0mk#addeef94..[1m}[0m[2m:[0m [2mconsensus_core::core[0m[2m:[0m [2mconsensus/core/src/core.rs[0m[2m:[0m[2m531:[0m Created block B168(C,/Z1vkvDUWWFXEUYM1hF3KSo3Gf7WSJp1RsOkH4RBfYE=)(1742889342425ms;[B167(C,RhhmgnM8UnMa1b3tT3NsCZ9vLJK5bsA+dTbeQURx6nQ=), B167(A,eLfCi9FXNAOB917mGOEjCkYlACaZLy5DxOnlmHojAck=), B167(B,LcXChdU+CQo7bN4tL2bfaLmske0jOXKK62lavrgYpP0=)];1t;1c) for round 168
[2m2025-03-25T07:55:42.425945Z[0m [32m INFO[0m [1mnode[0m[1m{[0m[3mname[0m[2m=[0mk#addeef94..[1m}[0m[2m:[0m [2mconsensus_core::core[0m[2m:[0m [2mconsensus/core/src/core.rs[0m[2m:[0m[2m630:[0m Committing 1 leaders: B166(C,EV6a)
[2m2025-03-25T07:55:42.426014Z[0m [32m INFO[0m [1mnode[0m[1m{[0m[3mname[0m[2m=[0mk#addeef94..[1m}[0m[2m:[0m [2mconsensus_core::commit_observer[0m[2m:[0m [2mconsensus/core/src/commit_observer.rs[0m[2m:[0m[2m173:[0m Consensus commit C156(cA6H) with leader B166(C,EV6a) has 3 blocks
[2m2025-03-25T07:55:42.426254Z[0m [32m INFO[0m [1mnode[0m[1m{[0m[3mname[0m[2m=[0mk#addeef94..[1m}[0m[2m:[0m [2msui_core::consensus_handler[0m[2m:[0m [2mcrates/sui-core/src/consensus_handler.rs[0m[2m:[0m[2m232:[0m Received consensus output [3mconsensus_commit[0m[2m=[0mCommittedSubDag(leader=B166(C,EV6a), ref=C156(cA6H), blocks=[p7Gg, Vtpx, EV6a]) [3mepoch[0m[2m=[0m1
[2m2025-03-25T07:55:42.429336Z[0m [32m INFO[0m [1mnode[0m[1m{[0m[3mname[0m[2m=[0mk#8dcff6d1..[1m}[0m[2m:[0m [2msui_core::checkpoints::checkpoint_output[0m[2m:[0m [2mcrates/sui-core/src/checkpoints/checkpoint_output.rs[0m[2m:[0m[2m196:[0m Certified checkpoint with sequence 368 and digest 4tuZTTPkSuB5on4yf9dDuHoZEp4VG65CQwZE7Ngp61zp
[2m2025-03-25T07:55:42.429338Z[0m [32m INFO[0m [1mnode[0m[1m{[0m[3mname[0m[2m=[0mk#99f25ef6..[1m}[0m[2m:[0m [2msui_core::checkpoints::checkpoint_output[0m[2m:[0m [2mcrates/sui-core/src/checkpoints/checkpoint_output.rs[0m[2m:[0m[2m196:[0m Certified checkpoint with sequence 368 and digest 4tuZTTPkSuB5on4yf9dDuHoZEp4VG65CQwZE7Ngp61zp
[2m2025-03-25T07:55:42.429443Z[0m [32m INFO[0m [1mnode[0m[1m{[0m[3mname[0m[2m=[0mk#99f25ef6..[1m}[0m[2m:[0m [2mconsensus_core::core[0m[2m:[0m [2mconsensus/core/src/core.rs[0m[2m:[0m[2m630:[0m Committing 1 leaders: B166(C,EV6a)
[2m2025-03-25T07:55:42.429445Z[0m [32m INFO[0m [1mnode[0m[1m{[0m[3mname[0m[2m=[0mk#8dcff6d1..[1m}[0m[2m:[0m [2mconsensus_core::core[0m[2m:[0m [2mconsensus/core/src/core.rs[0m[2m:[0m[2m630:[0m Committing 1 leaders: B166(C,EV6a)
[2m2025-03-25T07:55:42.429542Z[0m [32m INFO[0m [1mnode[0m[1m{[0m[3mname[0m[2m=[0mk#99f25ef6..[1m}[0m[2m:[0m [2mconsensus_core::commit_observer[0m[2m:[0m [2mconsensus/core/src/commit_observer.rs[0m[2m:[0m[2m173:[0m Consensus commit C156(cA6H) with leader B166(C,EV6a) has 3 blocks
[2m2025-03-25T07:55:42.429542Z[0m [32m INFO[0m [1mnode[0m[1m{[0m[3mname[0m[2m=[0mk#8dcff6d1..[1m}[0m[2m:[0m [2mconsensus_core::commit_observer[0m[2m:[0m [2mconsensus/core/src/commit_observer.rs[0m[2m:[0m[2m173:[0m Consensus commit C156(cA6H) with leader B166(C,EV6a) has 3 blocks
[2m2025-03-25T07:55:42.429988Z[0m [32m INFO[0m [1mnode[0m[1m{[0m[3mname[0m[2m=[0mk#99f25ef6..[1m}[0m[2m:[0m [2msui_core::consensus_handler[0m[2m:[0m [2mcrates/sui-core/src/consensus_handler.rs[0m[2m:[0m[2m232:[0m Received consensus output [3mconsensus_commit[0m[2m=[0mCommittedSubDag(leader=B166(C,EV6a), ref=C156(cA6H), blocks=[p7Gg, Vtpx, EV6a]) [3mepoch[0m[2m=[0m1
[2m2025-03-25T07:55:42.429988Z[0m [32m INFO[0m [1mnode[0m[1m{[0m[3mname[0m[2m=[0mk#8dcff6d1..[1m}[0m[2m:[0m [2msui_core::consensus_handler[0m[2m:[0m [2mcrates/sui-core/src/consensus_handler.rs[0m[2m:[0m[2m232:[0m Received consensus output [3mconsensus_commit[0m[2m=[0mCommittedSubDag(leader=B166(C,EV6a), ref=C156(cA6H), blocks=[p7Gg, Vtpx, EV6a]) [3mepoch[0m[2m=[0m1
[2m2025-03-25T07:55:42.430594Z[0m [32m INFO[0m [1mnode[0m[1m{[0m[3mname[0m[2m=[0mk#8dcff6d1..[1m}[0m[2m:[0m [2msui_core::checkpoints::checkpoint_executor[0m[2m:[0m [2mcrates/sui-core/src/checkpoints/checkpoint_executor/mod.rs[0m[2m:[0m[2m332:[0m Received checkpoint summary from state sync [3msequence_number[0m[2m=[0m368
[2m2025-03-25T07:55:42.430594Z[0m [32m INFO[0m [1mnode[0m[1m{[0m[3mname[0m[2m=[0mk#99f25ef6..[1m}[0m[2m:[0m [2msui_core::checkpoints::checkpoint_executor[0m[2m:[0m [2mcrates/sui-core/src/checkpoints/checkpoint_executor/mod.rs[0m[2m:[0m[2m332:[0m Received checkpoint summary from state sync [3msequence_number[0m[2m=[0m368
[2m2025-03-25T07:55:42.444131Z[0m [32m INFO[0m [1mnode[0m[1m{[0m[3mname[0m[2m=[0mk#8dcff6d1..[1m}[0m[2m:[0m [2msui_core::state_accumulator[0m[2m:[0m [2mcrates/sui-core/src/state_accumulator.rs[0m[2m:[0m[2m675:[0m accumulating running root for checkpoint 368
[2m2025-03-25T07:55:42.444131Z[0m [32m INFO[0m [1mnode[0m[1m{[0m[3mname[0m[2m=[0mk#99f25ef6..[1m}[0m[2m:[0m [2msui_core::state_accumulator[0m[2m:[0m [2mcrates/sui-core/src/state_accumulator.rs[0m[2m:[0m[2m675:[0m accumulating running root for checkpoint 368
[2m2025-03-25T07:55:42.470541Z[0m [32m INFO[0m [1mnode[0m[1m{[0m[3mname[0m[2m=[0mk#addeef94..[1m}[0m[2m:[0m [2msui_core::checkpoints[0m[2m:[0m [2mcrates/sui-core/src/checkpoints/mod.rs[0m[2m:[0m[2m1326:[0m Creating checkpoint(s) for 1 transactions [3mnext_checkpoint_seq[0m[2m=[0m369 [3mcheckpoint_timestamp[0m[2m=[0m1742889341912
[2m2025-03-25T07:55:42.470774Z[0m [32m INFO[0m [1mnode[0m[1m{[0m[3mname[0m[2m=[0mk#addeef94..[1m}[0m[2m:[0m [2msui_core::checkpoints::checkpoint_output[0m[2m:[0m [2mcrates/sui-core/src/checkpoints/checkpoint_output.rs[0m[2m:[0m[2m149:[0m Creating checkpoint CheckpointDigest(EDwSiMRt5LZYDje9R6FVg88W6aWUKp5negahk62n3iTL) at epoch 1, sequence 369, previous digest Some(CheckpointDigest(4tuZTTPkSuB5on4yf9dDuHoZEp4VG65CQwZE7Ngp61zp)), transactions count 1, content digest CheckpointContentsDigest(HUfH5ZS3GYKETpFz54c59JpdaxZmYutEhKHckvSbFPRx), end_of_epoch_data None
[2m2025-03-25T07:55:42.475054Z[0m [32m INFO[0m [1mnode[0m[1m{[0m[3mname[0m[2m=[0mk#8dcff6d1..[1m}[0m[2m:[0m [2msui_core::checkpoints[0m[2m:[0m [2mcrates/sui-core/src/checkpoints/mod.rs[0m[2m:[0m[2m1326:[0m Creating checkpoint(s) for 1 transactions [3mnext_checkpoint_seq[0m[2m=[0m369 [3mcheckpoint_timestamp[0m[2m=[0m1742889341912
[2m2025-03-25T07:55:42.475076Z[0m [32m INFO[0m [1mnode[0m[1m{[0m[3mname[0m[2m=[0mk#99f25ef6..[1m}[0m[2m:[0m [2msui_core::checkpoints[0m[2m:[0m [2mcrates/sui-core/src/checkpoints/mod.rs[0m[2m:[0m[2m1326:[0m Creating checkpoint(s) for 1 transactions [3mnext_checkpoint_seq[0m[2m=[0m369 [3mcheckpoint_timestamp[0m[2m=[0m1742889341912
[2m2025-03-25T07:55:42.475231Z[0m [32m INFO[0m [1mnode[0m[1m{[0m[3mname[0m[2m=[0mk#8dcff6d1..[1m}[0m[2m:[0m [2msui_core::checkpoints::checkpoint_output[0m[2m:[0m [2mcrates/sui-core/src/checkpoints/checkpoint_output.rs[0m[2m:[0m[2m149:[0m Creating checkpoint CheckpointDigest(EDwSiMRt5LZYDje9R6FVg88W6aWUKp5negahk62n3iTL) at epoch 1, sequence 369, previous digest Some(CheckpointDigest(4tuZTTPkSuB5on4yf9dDuHoZEp4VG65CQwZE7Ngp61zp)), transactions count 1, content digest CheckpointContentsDigest(HUfH5ZS3GYKETpFz54c59JpdaxZmYutEhKHckvSbFPRx), end_of_epoch_data None
[2m2025-03-25T07:55:42.475242Z[0m [32m INFO[0m [1mnode[0m[1m{[0m[3mname[0m[2m=[0mk#99f25ef6..[1m}[0m[2m:[0m [2msui_core::checkpoints::checkpoint_output[0m[2m:[0m [2mcrates/sui-core/src/checkpoints/checkpoint_output.rs[0m[2m:[0m[2m149:[0m Creating checkpoint CheckpointDigest(EDwSiMRt5LZYDje9R6FVg88W6aWUKp5negahk62n3iTL) at epoch 1, sequence 369, previous digest Some(CheckpointDigest(4tuZTTPkSuB5on4yf9dDuHoZEp4VG65CQwZE7Ngp61zp)), transactions count 1, content digest CheckpointContentsDigest(HUfH5ZS3GYKETpFz54c59JpdaxZmYutEhKHckvSbFPRx), end_of_epoch_data None
[2m2025-03-25T07:55:42.536914Z[0m [32m INFO[0m [1mnode[0m[1m{[0m[3mname[0m[2m=[0mk#addeef94..[1m}[0m[2m:[0m [2msui_core::checkpoints::checkpoint_executor[0m[2m:[0m [2mcrates/sui-core/src/checkpoints/checkpoint_executor/mod.rs[0m[2m:[0m[2m332:[0m Received checkpoint summary from state sync [3msequence_number[0m[2m=[0m368
[2m2025-03-25T07:55:42.538369Z[0m [32m INFO[0m [1mnode[0m[1m{[0m[3mname[0m[2m=[0mk#addeef94..[1m}[0m[2m:[0m [2msui_core::state_accumulator[0m[2m:[0m [2mcrates/sui-core/src/state_accumulator.rs[0m[2m:[0m[2m675:[0m accumulating running root for checkpoint 368
[2m2025-03-25T07:55:42.595655Z[0m [32m INFO[0m [1mnode[0m[1m{[0m[3mname[0m[2m=[0mk#b3f3cbb4..[1m}[0m[2m:[0m[1mjson-rpc-request[0m[2m:[0m[1mdev_inspect_transaction_block[0m[1m{[0m[3msender_address[0m[2m=[0m0x0000000000000000000000000000000000000000000000000000000000000000 [3mtx_bytes[0m[2m=[0mBase64("AAMBAQAAAAAAAAAAAAAAAAAAAAAAAAAAAAAAAAAAAAAAAAAJAQAAAAAAAAABAAEMAAgAAAAAAAAAAAEAAAAAAAAAAAAAAAAAAAAAAAAAAAAAAAAAAAAAAAAAAAsGYnJpZGdlIGdldF90b2tlbl90cmFuc2Zlcl9hY3Rpb25fc3RhdHVzAAMBAAABAQABAgA=") [3mgas_price[0m[2m=[0mNone [3m_epoch[0m[2m=[0mNone [3madditional_args[0m[2m=[0mNone[1m}[0m[2m:[0m [2msui_json_rpc::transaction_execution_api[0m[2m:[0m [2mcrates/sui-json-rpc/src/transaction_execution_api.rs[0m[2m:[0m[2m351:[0m RPC took longer than threshold to complete. [3melapsed[0m[2m=[0m1.533116375s
[2m2025-03-25T07:55:42.596598Z[0m [32m INFO[0m [2msui_bridge::e2e_tests::test_utils[0m[2m:[0m [2mcrates/sui-bridge/src/e2e_tests/test_utils.rs[0m[2m:[0m[2m1452:[0m get_token_transfer_action_onchain_status_until_success took 1.612955s, status: NotFound
[2m2025-03-25T07:55:42.609726Z[0m [32m INFO[0m [1mnode[0m[1m{[0m[3mname[0m[2m=[0mk#b3f3cbb4..[1m}[0m[2m:[0m [2msui_core::checkpoints::checkpoint_executor[0m[2m:[0m [2mcrates/sui-core/src/checkpoints/checkpoint_executor/mod.rs[0m[2m:[0m[2m332:[0m Received checkpoint summary from state sync [3msequence_number[0m[2m=[0m363
[2m2025-03-25T07:55:42.635793Z[0m [32m INFO[0m [1mnode[0m[1m{[0m[3mname[0m[2m=[0mk#b3f3cbb4..[1m}[0m[2m:[0m [2msui_core::state_accumulator[0m[2m:[0m [2mcrates/sui-core/src/state_accumulator.rs[0m[2m:[0m[2m675:[0m accumulating running root for checkpoint 363
[2m2025-03-25T07:55:42.639517Z[0m [32m INFO[0m [1mnode[0m[1m{[0m[3mname[0m[2m=[0mk#b3f3cbb4..[1m}[0m[2m:[0m [2msui_core::checkpoints::checkpoint_executor[0m[2m:[0m [2mcrates/sui-core/src/checkpoints/checkpoint_executor/mod.rs[0m[2m:[0m[2m332:[0m Received checkpoint summary from state sync [3msequence_number[0m[2m=[0m364
[2m2025-03-25T07:55:42.639739Z[0m [32m INFO[0m [1mnode[0m[1m{[0m[3mname[0m[2m=[0mk#b3f3cbb4..[1m}[0m[2m:[0m [2msui_core::checkpoints::checkpoint_executor[0m[2m:[0m [2mcrates/sui-core/src/checkpoints/checkpoint_executor/mod.rs[0m[2m:[0m[2m332:[0m Received checkpoint summary from state sync [3msequence_number[0m[2m=[0m365
[2m2025-03-25T07:55:42.639781Z[0m [32m INFO[0m [1mnode[0m[1m{[0m[3mname[0m[2m=[0mk#b3f3cbb4..[1m}[0m[2m:[0m [2msui_core::checkpoints::checkpoint_executor[0m[2m:[0m [2mcrates/sui-core/src/checkpoints/checkpoint_executor/mod.rs[0m[2m:[0m[2m332:[0m Received checkpoint summary from state sync [3msequence_number[0m[2m=[0m366
[2m2025-03-25T07:55:42.639821Z[0m [32m INFO[0m [1mnode[0m[1m{[0m[3mname[0m[2m=[0mk#b3f3cbb4..[1m}[0m[2m:[0m [2msui_core::checkpoints::checkpoint_executor[0m[2m:[0m [2mcrates/sui-core/src/checkpoints/checkpoint_executor/mod.rs[0m[2m:[0m[2m332:[0m Received checkpoint summary from state sync [3msequence_number[0m[2m=[0m367
[2m2025-03-25T07:55:42.639862Z[0m [32m INFO[0m [1mnode[0m[1m{[0m[3mname[0m[2m=[0mk#b3f3cbb4..[1m}[0m[2m:[0m [2msui_core::checkpoints::checkpoint_executor[0m[2m:[0m [2mcrates/sui-core/src/checkpoints/checkpoint_executor/mod.rs[0m[2m:[0m[2m332:[0m Received checkpoint summary from state sync [3msequence_number[0m[2m=[0m368
[2m2025-03-25T07:55:42.679324Z[0m [32m INFO[0m [1mnode[0m[1m{[0m[3mname[0m[2m=[0mk#addeef94..[1m}[0m[2m:[0m [2mconsensus_core::core[0m[2m:[0m [2mconsensus/core/src/core.rs[0m[2m:[0m[2m945:[0m Included 3 ancestors & excluded 0 ancestors for proposal in round 169
[2m2025-03-25T07:55:42.679680Z[0m [32m INFO[0m [1mnode[0m[1m{[0m[3mname[0m[2m=[0mk#addeef94..[1m}[0m[2m:[0m [2mconsensus_core::core[0m[2m:[0m [2mconsensus/core/src/core.rs[0m[2m:[0m[2m531:[0m Created block B169(C,DD9bhxjFgTV+UovD8JLF6yTfofX/yiy1xf7cKpebtlk=)(1742889342679ms;[B168(C,/Z1vkvDUWWFXEUYM1hF3KSo3Gf7WSJp1RsOkH4RBfYE=), B168(A,LZtx2IOhAJoEgBsFk1GAXtLApqYOr+LOZCDbh0Z8HYU=), B168(B,Lbg4IbNoEJknBAIkXHKM8F5Mv3ZRed07Lr0O4+d53eQ=)];1t;1c) for round 169
[2m2025-03-25T07:55:42.681565Z[0m [32m INFO[0m [1mnode[0m[1m{[0m[3mname[0m[2m=[0mk#8dcff6d1..[1m}[0m[2m:[0m [2mconsensus_core::core[0m[2m:[0m [2mconsensus/core/src/core.rs[0m[2m:[0m[2m945:[0m Included 3 ancestors & excluded 0 ancestors for proposal in round 169
[2m2025-03-25T07:55:42.681583Z[0m [32m INFO[0m [1mnode[0m[1m{[0m[3mname[0m[2m=[0mk#99f25ef6..[1m}[0m[2m:[0m [2mconsensus_core::core[0m[2m:[0m [2mconsensus/core/src/core.rs[0m[2m:[0m[2m945:[0m Included 3 ancestors & excluded 0 ancestors for proposal in round 169
[2m2025-03-25T07:55:42.681873Z[0m [32m INFO[0m [1mnode[0m[1m{[0m[3mname[0m[2m=[0mk#99f25ef6..[1m}[0m[2m:[0m [2mconsensus_core::core[0m[2m:[0m [2mconsensus/core/src/core.rs[0m[2m:[0m[2m531:[0m Created block B169(B,O3h90pFjYlpqiJKtCxHcPIyFPRxKvmVPjhQnaLqTbf8=)(1742889342681ms;[B168(B,Lbg4IbNoEJknBAIkXHKM8F5Mv3ZRed07Lr0O4+d53eQ=), B168(A,LZtx2IOhAJoEgBsFk1GAXtLApqYOr+LOZCDbh0Z8HYU=), B168(C,/Z1vkvDUWWFXEUYM1hF3KSo3Gf7WSJp1RsOkH4RBfYE=)];1t;1c) for round 169
[2m2025-03-25T07:55:42.681878Z[0m [32m INFO[0m [1mnode[0m[1m{[0m[3mname[0m[2m=[0mk#8dcff6d1..[1m}[0m[2m:[0m [2mconsensus_core::core[0m[2m:[0m [2mconsensus/core/src/core.rs[0m[2m:[0m[2m531:[0m Created block B169(A,9v+wbbGVrjoYxtrIP3bcNESeT9oH2z5IH0GoQzqxjbk=)(1742889342681ms;[B168(A,LZtx2IOhAJoEgBsFk1GAXtLApqYOr+LOZCDbh0Z8HYU=), B168(B,Lbg4IbNoEJknBAIkXHKM8F5Mv3ZRed07Lr0O4+d53eQ=), B168(C,/Z1vkvDUWWFXEUYM1hF3KSo3Gf7WSJp1RsOkH4RBfYE=)];1t;1c) for round 169
[2m2025-03-25T07:55:42.681944Z[0m [32m INFO[0m [1mnode[0m[1m{[0m[3mname[0m[2m=[0mk#8dcff6d1..[1m}[0m[2m:[0m [2mconsensus_core::core[0m[2m:[0m [2mconsensus/core/src/core.rs[0m[2m:[0m[2m630:[0m Committing 1 leaders: B167(A,eLfC)
[2m2025-03-25T07:55:42.681944Z[0m [32m INFO[0m [1mnode[0m[1m{[0m[3mname[0m[2m=[0mk#99f25ef6..[1m}[0m[2m:[0m [2mconsensus_core::core[0m[2m:[0m [2mconsensus/core/src/core.rs[0m[2m:[0m[2m630:[0m Committing 1 leaders: B167(A,eLfC)
[2m2025-03-25T07:55:42.682014Z[0m [32m INFO[0m [1mnode[0m[1m{[0m[3mname[0m[2m=[0mk#99f25ef6..[1m}[0m[2m:[0m [2mconsensus_core::commit_observer[0m[2m:[0m [2mconsensus/core/src/commit_observer.rs[0m[2m:[0m[2m173:[0m Consensus commit C157(u8YK) with leader B167(A,eLfC) has 3 blocks
[2m2025-03-25T07:55:42.682014Z[0m [32m INFO[0m [1mnode[0m[1m{[0m[3mname[0m[2m=[0mk#8dcff6d1..[1m}[0m[2m:[0m [2mconsensus_core::commit_observer[0m[2m:[0m [2mconsensus/core/src/commit_observer.rs[0m[2m:[0m[2m173:[0m Consensus commit C157(u8YK) with leader B167(A,eLfC) has 3 blocks
[2m2025-03-25T07:55:42.682099Z[0m [32m INFO[0m [1mnode[0m[1m{[0m[3mname[0m[2m=[0mk#8dcff6d1..[1m}[0m[2m:[0m [2msui_core::consensus_handler[0m[2m:[0m [2mcrates/sui-core/src/consensus_handler.rs[0m[2m:[0m[2m232:[0m Received consensus output [3mconsensus_commit[0m[2m=[0mCommittedSubDag(leader=B167(A,eLfC), ref=C157(u8YK), blocks=[3XH6, P11v, eLfC]) [3mepoch[0m[2m=[0m1
[2m2025-03-25T07:55:42.682099Z[0m [32m INFO[0m [1mnode[0m[1m{[0m[3mname[0m[2m=[0mk#99f25ef6..[1m}[0m[2m:[0m [2msui_core::consensus_handler[0m[2m:[0m [2mcrates/sui-core/src/consensus_handler.rs[0m[2m:[0m[2m232:[0m Received consensus output [3mconsensus_commit[0m[2m=[0mCommittedSubDag(leader=B167(A,eLfC), ref=C157(u8YK), blocks=[3XH6, P11v, eLfC]) [3mepoch[0m[2m=[0m1
[2m2025-03-25T07:55:42.685617Z[0m [32m INFO[0m [1mnode[0m[1m{[0m[3mname[0m[2m=[0mk#addeef94..[1m}[0m[2m:[0m [2mconsensus_core::core[0m[2m:[0m [2mconsensus/core/src/core.rs[0m[2m:[0m[2m630:[0m Committing 1 leaders: B167(A,eLfC)
[2m2025-03-25T07:55:42.685709Z[0m [32m INFO[0m [1mnode[0m[1m{[0m[3mname[0m[2m=[0mk#addeef94..[1m}[0m[2m:[0m [2mconsensus_core::commit_observer[0m[2m:[0m [2mconsensus/core/src/commit_observer.rs[0m[2m:[0m[2m173:[0m Consensus commit C157(u8YK) with leader B167(A,eLfC) has 3 blocks
[2m2025-03-25T07:55:42.685831Z[0m [32m INFO[0m [1mnode[0m[1m{[0m[3mname[0m[2m=[0mk#addeef94..[1m}[0m[2m:[0m [2msui_core::consensus_handler[0m[2m:[0m [2mcrates/sui-core/src/consensus_handler.rs[0m[2m:[0m[2m232:[0m Received consensus output [3mconsensus_commit[0m[2m=[0mCommittedSubDag(leader=B167(A,eLfC), ref=C157(u8YK), blocks=[3XH6, P11v, eLfC]) [3mepoch[0m[2m=[0m1
[2m2025-03-25T07:55:42.708556Z[0m [32m INFO[0m [1mnode[0m[1m{[0m[3mname[0m[2m=[0mk#99f25ef6..[1m}[0m[2m:[0m [2msui_core::checkpoints[0m[2m:[0m [2mcrates/sui-core/src/checkpoints/mod.rs[0m[2m:[0m[2m1326:[0m Creating checkpoint(s) for 2 transactions [3mnext_checkpoint_seq[0m[2m=[0m370 [3mcheckpoint_timestamp[0m[2m=[0m1742889342168
[2m2025-03-25T07:55:42.708627Z[0m [32m INFO[0m [1mnode[0m[1m{[0m[3mname[0m[2m=[0mk#8dcff6d1..[1m}[0m[2m:[0m [2msui_core::checkpoints[0m[2m:[0m [2mcrates/sui-core/src/checkpoints/mod.rs[0m[2m:[0m[2m1326:[0m Creating checkpoint(s) for 2 transactions [3mnext_checkpoint_seq[0m[2m=[0m370 [3mcheckpoint_timestamp[0m[2m=[0m1742889342168
[2m2025-03-25T07:55:42.708878Z[0m [32m INFO[0m [1mnode[0m[1m{[0m[3mname[0m[2m=[0mk#8dcff6d1..[1m}[0m[2m:[0m [2msui_core::checkpoints::checkpoint_output[0m[2m:[0m [2mcrates/sui-core/src/checkpoints/checkpoint_output.rs[0m[2m:[0m[2m149:[0m Creating checkpoint CheckpointDigest(CyfbFG7MASFhKeRvJMNPNhDp6JSvufyc7pqcMe3VjSGu) at epoch 1, sequence 370, previous digest Some(CheckpointDigest(EDwSiMRt5LZYDje9R6FVg88W6aWUKp5negahk62n3iTL)), transactions count 2, content digest CheckpointContentsDigest(Eru4D3BMrqAUPVxFzQ939KXedXK9LNu3kSg6iCcDMD2N), end_of_epoch_data None
[2m2025-03-25T07:55:42.708878Z[0m [32m INFO[0m [1mnode[0m[1m{[0m[3mname[0m[2m=[0mk#99f25ef6..[1m}[0m[2m:[0m [2msui_core::checkpoints::checkpoint_output[0m[2m:[0m [2mcrates/sui-core/src/checkpoints/checkpoint_output.rs[0m[2m:[0m[2m149:[0m Creating checkpoint CheckpointDigest(CyfbFG7MASFhKeRvJMNPNhDp6JSvufyc7pqcMe3VjSGu) at epoch 1, sequence 370, previous digest Some(CheckpointDigest(EDwSiMRt5LZYDje9R6FVg88W6aWUKp5negahk62n3iTL)), transactions count 2, content digest CheckpointContentsDigest(Eru4D3BMrqAUPVxFzQ939KXedXK9LNu3kSg6iCcDMD2N), end_of_epoch_data None
[2m2025-03-25T07:55:42.711765Z[0m [32m INFO[0m [1mnode[0m[1m{[0m[3mname[0m[2m=[0mk#addeef94..[1m}[0m[2m:[0m [2msui_core::checkpoints[0m[2m:[0m [2mcrates/sui-core/src/checkpoints/mod.rs[0m[2m:[0m[2m1326:[0m Creating checkpoint(s) for 2 transactions [3mnext_checkpoint_seq[0m[2m=[0m370 [3mcheckpoint_timestamp[0m[2m=[0m1742889342168
[2m2025-03-25T07:55:42.711932Z[0m [32m INFO[0m [1mnode[0m[1m{[0m[3mname[0m[2m=[0mk#99f25ef6..[1m}[0m[2m:[0m [2msui_core::checkpoints::checkpoint_output[0m[2m:[0m [2mcrates/sui-core/src/checkpoints/checkpoint_output.rs[0m[2m:[0m[2m196:[0m Certified checkpoint with sequence 369 and digest EDwSiMRt5LZYDje9R6FVg88W6aWUKp5negahk62n3iTL
[2m2025-03-25T07:55:42.711936Z[0m [32m INFO[0m [1mnode[0m[1m{[0m[3mname[0m[2m=[0mk#8dcff6d1..[1m}[0m[2m:[0m [2msui_core::checkpoints::checkpoint_output[0m[2m:[0m [2mcrates/sui-core/src/checkpoints/checkpoint_output.rs[0m[2m:[0m[2m196:[0m Certified checkpoint with sequence 369 and digest EDwSiMRt5LZYDje9R6FVg88W6aWUKp5negahk62n3iTL
[2m2025-03-25T07:55:42.712013Z[0m [32m INFO[0m [1mnode[0m[1m{[0m[3mname[0m[2m=[0mk#addeef94..[1m}[0m[2m:[0m [2msui_core::checkpoints::checkpoint_output[0m[2m:[0m [2mcrates/sui-core/src/checkpoints/checkpoint_output.rs[0m[2m:[0m[2m149:[0m Creating checkpoint CheckpointDigest(CyfbFG7MASFhKeRvJMNPNhDp6JSvufyc7pqcMe3VjSGu) at epoch 1, sequence 370, previous digest Some(CheckpointDigest(EDwSiMRt5LZYDje9R6FVg88W6aWUKp5negahk62n3iTL)), transactions count 2, content digest CheckpointContentsDigest(Eru4D3BMrqAUPVxFzQ939KXedXK9LNu3kSg6iCcDMD2N), end_of_epoch_data None
[2m2025-03-25T07:55:42.712381Z[0m [32m INFO[0m [1mnode[0m[1m{[0m[3mname[0m[2m=[0mk#8dcff6d1..[1m}[0m[2m:[0m [2msui_core::checkpoints::checkpoint_executor[0m[2m:[0m [2mcrates/sui-core/src/checkpoints/checkpoint_executor/mod.rs[0m[2m:[0m[2m332:[0m Received checkpoint summary from state sync [3msequence_number[0m[2m=[0m369
[2m2025-03-25T07:55:42.712381Z[0m [32m INFO[0m [1mnode[0m[1m{[0m[3mname[0m[2m=[0mk#99f25ef6..[1m}[0m[2m:[0m [2msui_core::checkpoints::checkpoint_executor[0m[2m:[0m [2mcrates/sui-core/src/checkpoints/checkpoint_executor/mod.rs[0m[2m:[0m[2m332:[0m Received checkpoint summary from state sync [3msequence_number[0m[2m=[0m369
[2m2025-03-25T07:55:42.713538Z[0m [32m INFO[0m [1mnode[0m[1m{[0m[3mname[0m[2m=[0mk#99f25ef6..[1m}[0m[2m:[0m [2msui_core::state_accumulator[0m[2m:[0m [2mcrates/sui-core/src/state_accumulator.rs[0m[2m:[0m[2m675:[0m accumulating running root for checkpoint 369
[2m2025-03-25T07:55:42.713545Z[0m [32m INFO[0m [1mnode[0m[1m{[0m[3mname[0m[2m=[0mk#8dcff6d1..[1m}[0m[2m:[0m [2msui_core::state_accumulator[0m[2m:[0m [2mcrates/sui-core/src/state_accumulator.rs[0m[2m:[0m[2m675:[0m accumulating running root for checkpoint 369
[2m2025-03-25T07:55:42.715692Z[0m [32m INFO[0m [1mnode[0m[1m{[0m[3mname[0m[2m=[0mk#addeef94..[1m}[0m[2m:[0m [2msui_core::checkpoints::checkpoint_executor[0m[2m:[0m [2mcrates/sui-core/src/checkpoints/checkpoint_executor/mod.rs[0m[2m:[0m[2m332:[0m Received checkpoint summary from state sync [3msequence_number[0m[2m=[0m369
[2m2025-03-25T07:55:42.716394Z[0m [32m INFO[0m [1mnode[0m[1m{[0m[3mname[0m[2m=[0mk#addeef94..[1m}[0m[2m:[0m [2msui_core::state_accumulator[0m[2m:[0m [2mcrates/sui-core/src/state_accumulator.rs[0m[2m:[0m[2m675:[0m accumulating running root for checkpoint 369
[2m2025-03-25T07:55:42.730587Z[0m [32m INFO[0m [1mnode[0m[1m{[0m[3mname[0m[2m=[0mk#b3f3cbb4..[1m}[0m[2m:[0m [2msui_core::state_accumulator[0m[2m:[0m [2mcrates/sui-core/src/state_accumulator.rs[0m[2m:[0m[2m675:[0m accumulating running root for checkpoint 364
[2m2025-03-25T07:55:42.884309Z[0m [32m INFO[0m [1mnode[0m[1m{[0m[3mname[0m[2m=[0mk#b3f3cbb4..[1m}[0m[2m:[0m [2msui_core::state_accumulator[0m[2m:[0m [2mcrates/sui-core/src/state_accumulator.rs[0m[2m:[0m[2m675:[0m accumulating running root for checkpoint 365
[2m2025-03-25T07:55:42.894779Z[0m [32m INFO[0m [1mnode[0m[1m{[0m[3mname[0m[2m=[0mk#b3f3cbb4..[1m}[0m[2m:[0m [2msui_core::state_accumulator[0m[2m:[0m [2mcrates/sui-core/src/state_accumulator.rs[0m[2m:[0m[2m675:[0m accumulating running root for checkpoint 366
[2m2025-03-25T07:55:42.919501Z[0m [32m INFO[0m [1mnode[0m[1m{[0m[3mname[0m[2m=[0mk#b3f3cbb4..[1m}[0m[2m:[0m [2msui_core::state_accumulator[0m[2m:[0m [2mcrates/sui-core/src/state_accumulator.rs[0m[2m:[0m[2m675:[0m accumulating running root for checkpoint 367
[2m2025-03-25T07:55:42.934776Z[0m [32m INFO[0m [1mnode[0m[1m{[0m[3mname[0m[2m=[0mk#99f25ef6..[1m}[0m[2m:[0m [2mconsensus_core::core[0m[2m:[0m [2mconsensus/core/src/core.rs[0m[2m:[0m[2m945:[0m Included 3 ancestors & excluded 0 ancestors for proposal in round 170
[2m2025-03-25T07:55:42.934776Z[0m [32m INFO[0m [1mnode[0m[1m{[0m[3mname[0m[2m=[0mk#8dcff6d1..[1m}[0m[2m:[0m [2mconsensus_core::core[0m[2m:[0m [2mconsensus/core/src/core.rs[0m[2m:[0m[2m945:[0m Included 3 ancestors & excluded 0 ancestors for proposal in round 170
[2m2025-03-25T07:55:42.935124Z[0m [32m INFO[0m [1mnode[0m[1m{[0m[3mname[0m[2m=[0mk#99f25ef6..[1m}[0m[2m:[0m [2mconsensus_core::core[0m[2m:[0m [2mconsensus/core/src/core.rs[0m[2m:[0m[2m531:[0m Created block B170(B,AdGGEiXOvgPKLJjaq70I7fTgzV2F3oKgT6qDXUY2SzU=)(1742889342934ms;[B169(B,O3h90pFjYlpqiJKtCxHcPIyFPRxKvmVPjhQnaLqTbf8=), B169(A,9v+wbbGVrjoYxtrIP3bcNESeT9oH2z5IH0GoQzqxjbk=), B169(C,DD9bhxjFgTV+UovD8JLF6yTfofX/yiy1xf7cKpebtlk=)];1t;1c) for round 170
[2m2025-03-25T07:55:42.935124Z[0m [32m INFO[0m [1mnode[0m[1m{[0m[3mname[0m[2m=[0mk#8dcff6d1..[1m}[0m[2m:[0m [2mconsensus_core::core[0m[2m:[0m [2mconsensus/core/src/core.rs[0m[2m:[0m[2m531:[0m Created block B170(A,gNsERErznhxHBFJJCS5G1PlJFSsAdWQZB3pf47GGcmQ=)(1742889342934ms;[B169(A,9v+wbbGVrjoYxtrIP3bcNESeT9oH2z5IH0GoQzqxjbk=), B169(B,O3h90pFjYlpqiJKtCxHcPIyFPRxKvmVPjhQnaLqTbf8=), B169(C,DD9bhxjFgTV+UovD8JLF6yTfofX/yiy1xf7cKpebtlk=)];1t;1c) for round 170
[2m2025-03-25T07:55:42.938341Z[0m [32m INFO[0m [1mnode[0m[1m{[0m[3mname[0m[2m=[0mk#addeef94..[1m}[0m[2m:[0m [2mconsensus_core::core[0m[2m:[0m [2mconsensus/core/src/core.rs[0m[2m:[0m[2m945:[0m Included 3 ancestors & excluded 0 ancestors for proposal in round 170
[2m2025-03-25T07:55:42.938638Z[0m [32m INFO[0m [1mnode[0m[1m{[0m[3mname[0m[2m=[0mk#addeef94..[1m}[0m[2m:[0m [2mconsensus_core::core[0m[2m:[0m [2mconsensus/core/src/core.rs[0m[2m:[0m[2m531:[0m Created block B170(C,fDZKWZ6FmlVVX8G8oj+exvv4J5RdmV9rpHfJErmBlBE=)(1742889342938ms;[B169(C,DD9bhxjFgTV+UovD8JLF6yTfofX/yiy1xf7cKpebtlk=), B169(A,9v+wbbGVrjoYxtrIP3bcNESeT9oH2z5IH0GoQzqxjbk=), B169(B,O3h90pFjYlpqiJKtCxHcPIyFPRxKvmVPjhQnaLqTbf8=)];1t;1c) for round 170
[2m2025-03-25T07:55:42.938704Z[0m [32m INFO[0m [1mnode[0m[1m{[0m[3mname[0m[2m=[0mk#addeef94..[1m}[0m[2m:[0m [2mconsensus_core::core[0m[2m:[0m [2mconsensus/core/src/core.rs[0m[2m:[0m[2m630:[0m Committing 1 leaders: B168(C,/Z1v)
[2m2025-03-25T07:55:42.938770Z[0m [32m INFO[0m [1mnode[0m[1m{[0m[3mname[0m[2m=[0mk#addeef94..[1m}[0m[2m:[0m [2mconsensus_core::commit_observer[0m[2m:[0m [2mconsensus/core/src/commit_observer.rs[0m[2m:[0m[2m173:[0m Consensus commit C158(PG59) with leader B168(C,/Z1v) has 3 blocks
[2m2025-03-25T07:55:42.938851Z[0m [32m INFO[0m [1mnode[0m[1m{[0m[3mname[0m[2m=[0mk#addeef94..[1m}[0m[2m:[0m [2msui_core::consensus_handler[0m[2m:[0m [2mcrates/sui-core/src/consensus_handler.rs[0m[2m:[0m[2m232:[0m Received consensus output [3mconsensus_commit[0m[2m=[0mCommittedSubDag(leader=B168(C,/Z1v), ref=C158(PG59), blocks=[LcXC, Rhhm, /Z1v]) [3mepoch[0m[2m=[0m1
[2m2025-03-25T07:55:42.941873Z[0m [32m INFO[0m [1mnode[0m[1m{[0m[3mname[0m[2m=[0mk#8dcff6d1..[1m}[0m[2m:[0m [2msui_core::checkpoints::checkpoint_output[0m[2m:[0m [2mcrates/sui-core/src/checkpoints/checkpoint_output.rs[0m[2m:[0m[2m196:[0m Certified checkpoint with sequence 370 and digest CyfbFG7MASFhKeRvJMNPNhDp6JSvufyc7pqcMe3VjSGu
[2m2025-03-25T07:55:42.941876Z[0m [32m INFO[0m [1mnode[0m[1m{[0m[3mname[0m[2m=[0mk#99f25ef6..[1m}[0m[2m:[0m [2msui_core::checkpoints::checkpoint_output[0m[2m:[0m [2mcrates/sui-core/src/checkpoints/checkpoint_output.rs[0m[2m:[0m[2m196:[0m Certified checkpoint with sequence 370 and digest CyfbFG7MASFhKeRvJMNPNhDp6JSvufyc7pqcMe3VjSGu
[2m2025-03-25T07:55:42.941978Z[0m [32m INFO[0m [1mnode[0m[1m{[0m[3mname[0m[2m=[0mk#8dcff6d1..[1m}[0m[2m:[0m [2mconsensus_core::core[0m[2m:[0m [2mconsensus/core/src/core.rs[0m[2m:[0m[2m630:[0m Committing 1 leaders: B168(C,/Z1v)
[2m2025-03-25T07:55:42.941981Z[0m [32m INFO[0m [1mnode[0m[1m{[0m[3mname[0m[2m=[0mk#99f25ef6..[1m}[0m[2m:[0m [2mconsensus_core::core[0m[2m:[0m [2mconsensus/core/src/core.rs[0m[2m:[0m[2m630:[0m Committing 1 leaders: B168(C,/Z1v)
[2m2025-03-25T07:55:42.942077Z[0m [32m INFO[0m [1mnode[0m[1m{[0m[3mname[0m[2m=[0mk#8dcff6d1..[1m}[0m[2m:[0m [2mconsensus_core::commit_observer[0m[2m:[0m [2mconsensus/core/src/commit_observer.rs[0m[2m:[0m[2m173:[0m Consensus commit C158(PG59) with leader B168(C,/Z1v) has 3 blocks
[2m2025-03-25T07:55:42.942084Z[0m [32m INFO[0m [1mnode[0m[1m{[0m[3mname[0m[2m=[0mk#99f25ef6..[1m}[0m[2m:[0m [2mconsensus_core::commit_observer[0m[2m:[0m [2mconsensus/core/src/commit_observer.rs[0m[2m:[0m[2m173:[0m Consensus commit C158(PG59) with leader B168(C,/Z1v) has 3 blocks
[2m2025-03-25T07:55:42.942508Z[0m [32m INFO[0m [1mnode[0m[1m{[0m[3mname[0m[2m=[0mk#8dcff6d1..[1m}[0m[2m:[0m [2msui_core::consensus_handler[0m[2m:[0m [2mcrates/sui-core/src/consensus_handler.rs[0m[2m:[0m[2m232:[0m Received consensus output [3mconsensus_commit[0m[2m=[0mCommittedSubDag(leader=B168(C,/Z1v), ref=C158(PG59), blocks=[LcXC, Rhhm, /Z1v]) [3mepoch[0m[2m=[0m1
[2m2025-03-25T07:55:42.942508Z[0m [32m INFO[0m [1mnode[0m[1m{[0m[3mname[0m[2m=[0mk#99f25ef6..[1m}[0m[2m:[0m [2msui_core::consensus_handler[0m[2m:[0m [2mcrates/sui-core/src/consensus_handler.rs[0m[2m:[0m[2m232:[0m Received consensus output [3mconsensus_commit[0m[2m=[0mCommittedSubDag(leader=B168(C,/Z1v), ref=C158(PG59), blocks=[LcXC, Rhhm, /Z1v]) [3mepoch[0m[2m=[0m1
[2m2025-03-25T07:55:42.943111Z[0m [32m INFO[0m [1mnode[0m[1m{[0m[3mname[0m[2m=[0mk#8dcff6d1..[1m}[0m[2m:[0m [2msui_core::checkpoints::checkpoint_executor[0m[2m:[0m [2mcrates/sui-core/src/checkpoints/checkpoint_executor/mod.rs[0m[2m:[0m[2m332:[0m Received checkpoint summary from state sync [3msequence_number[0m[2m=[0m370
[2m2025-03-25T07:55:42.943111Z[0m [32m INFO[0m [1mnode[0m[1m{[0m[3mname[0m[2m=[0mk#99f25ef6..[1m}[0m[2m:[0m [2msui_core::checkpoints::checkpoint_executor[0m[2m:[0m [2mcrates/sui-core/src/checkpoints/checkpoint_executor/mod.rs[0m[2m:[0m[2m332:[0m Received checkpoint summary from state sync [3msequence_number[0m[2m=[0m370
[2m2025-03-25T07:55:42.954911Z[0m [32m INFO[0m [1mnode[0m[1m{[0m[3mname[0m[2m=[0mk#b3f3cbb4..[1m}[0m[2m:[0m [2msui_core::state_accumulator[0m[2m:[0m [2mcrates/sui-core/src/state_accumulator.rs[0m[2m:[0m[2m675:[0m accumulating running root for checkpoint 368
[2m2025-03-25T07:55:42.956504Z[0m [32m INFO[0m [1mnode[0m[1m{[0m[3mname[0m[2m=[0mk#8dcff6d1..[1m}[0m[2m:[0m [2msui_core::state_accumulator[0m[2m:[0m [2mcrates/sui-core/src/state_accumulator.rs[0m[2m:[0m[2m675:[0m accumulating running root for checkpoint 370
[2m2025-03-25T07:55:42.956513Z[0m [32m INFO[0m [1mnode[0m[1m{[0m[3mname[0m[2m=[0mk#99f25ef6..[1m}[0m[2m:[0m [2msui_core::state_accumulator[0m[2m:[0m [2mcrates/sui-core/src/state_accumulator.rs[0m[2m:[0m[2m675:[0m accumulating running root for checkpoint 370
[2m2025-03-25T07:55:42.983240Z[0m [32m INFO[0m [1mnode[0m[1m{[0m[3mname[0m[2m=[0mk#addeef94..[1m}[0m[2m:[0m [2msui_core::checkpoints[0m[2m:[0m [2mcrates/sui-core/src/checkpoints/mod.rs[0m[2m:[0m[2m1326:[0m Creating checkpoint(s) for 1 transactions [3mnext_checkpoint_seq[0m[2m=[0m371 [3mcheckpoint_timestamp[0m[2m=[0m1742889342425
[2m2025-03-25T07:55:42.983475Z[0m [32m INFO[0m [1mnode[0m[1m{[0m[3mname[0m[2m=[0mk#addeef94..[1m}[0m[2m:[0m [2msui_core::checkpoints::checkpoint_output[0m[2m:[0m [2mcrates/sui-core/src/checkpoints/checkpoint_output.rs[0m[2m:[0m[2m149:[0m Creating checkpoint CheckpointDigest(D5LoRiBVTWCxytWKCKvdi8YwVWoYggjXLN4D2193ArVN) at epoch 1, sequence 371, previous digest Some(CheckpointDigest(CyfbFG7MASFhKeRvJMNPNhDp6JSvufyc7pqcMe3VjSGu)), transactions count 1, content digest CheckpointContentsDigest(31ayk8nUv55xjzXALd1f9sw7KAkjBiPwd98hGSAB9Wwp), end_of_epoch_data None
[2m2025-03-25T07:55:42.986021Z[0m [32m INFO[0m [1mnode[0m[1m{[0m[3mname[0m[2m=[0mk#b3f3cbb4..[1m}[0m[2m:[0m [2msui_core::checkpoints::checkpoint_executor[0m[2m:[0m [2mcrates/sui-core/src/checkpoints/checkpoint_executor/mod.rs[0m[2m:[0m[2m332:[0m Received checkpoint summary from state sync [3msequence_number[0m[2m=[0m369
[2m2025-03-25T07:55:42.988119Z[0m [32m INFO[0m [1mnode[0m[1m{[0m[3mname[0m[2m=[0mk#8dcff6d1..[1m}[0m[2m:[0m [2msui_core::checkpoints[0m[2m:[0m [2mcrates/sui-core/src/checkpoints/mod.rs[0m[2m:[0m[2m1326:[0m Creating checkpoint(s) for 1 transactions [3mnext_checkpoint_seq[0m[2m=[0m371 [3mcheckpoint_timestamp[0m[2m=[0m1742889342425
[2m2025-03-25T07:55:42.988121Z[0m [32m INFO[0m [1mnode[0m[1m{[0m[3mname[0m[2m=[0mk#99f25ef6..[1m}[0m[2m:[0m [2msui_core::checkpoints[0m[2m:[0m [2mcrates/sui-core/src/checkpoints/mod.rs[0m[2m:[0m[2m1326:[0m Creating checkpoint(s) for 1 transactions [3mnext_checkpoint_seq[0m[2m=[0m371 [3mcheckpoint_timestamp[0m[2m=[0m1742889342425
[2m2025-03-25T07:55:42.988303Z[0m [32m INFO[0m [1mnode[0m[1m{[0m[3mname[0m[2m=[0mk#8dcff6d1..[1m}[0m[2m:[0m [2msui_core::checkpoints::checkpoint_output[0m[2m:[0m [2mcrates/sui-core/src/checkpoints/checkpoint_output.rs[0m[2m:[0m[2m149:[0m Creating checkpoint CheckpointDigest(D5LoRiBVTWCxytWKCKvdi8YwVWoYggjXLN4D2193ArVN) at epoch 1, sequence 371, previous digest Some(CheckpointDigest(CyfbFG7MASFhKeRvJMNPNhDp6JSvufyc7pqcMe3VjSGu)), transactions count 1, content digest CheckpointContentsDigest(31ayk8nUv55xjzXALd1f9sw7KAkjBiPwd98hGSAB9Wwp), end_of_epoch_data None
[2m2025-03-25T07:55:42.988303Z[0m [32m INFO[0m [1mnode[0m[1m{[0m[3mname[0m[2m=[0mk#99f25ef6..[1m}[0m[2m:[0m [2msui_core::checkpoints::checkpoint_output[0m[2m:[0m [2mcrates/sui-core/src/checkpoints/checkpoint_output.rs[0m[2m:[0m[2m149:[0m Creating checkpoint CheckpointDigest(D5LoRiBVTWCxytWKCKvdi8YwVWoYggjXLN4D2193ArVN) at epoch 1, sequence 371, previous digest Some(CheckpointDigest(CyfbFG7MASFhKeRvJMNPNhDp6JSvufyc7pqcMe3VjSGu)), transactions count 1, content digest CheckpointContentsDigest(31ayk8nUv55xjzXALd1f9sw7KAkjBiPwd98hGSAB9Wwp), end_of_epoch_data None
[2m2025-03-25T07:55:43.005470Z[0m [32m INFO[0m [1mnode[0m[1m{[0m[3mname[0m[2m=[0mk#addeef94..[1m}[0m[2m:[0m [2msui_core::checkpoints::checkpoint_executor[0m[2m:[0m [2mcrates/sui-core/src/checkpoints/checkpoint_executor/mod.rs[0m[2m:[0m[2m332:[0m Received checkpoint summary from state sync [3msequence_number[0m[2m=[0m370
[2m2025-03-25T07:55:43.012402Z[0m [32m INFO[0m [1mnode[0m[1m{[0m[3mname[0m[2m=[0mk#b3f3cbb4..[1m}[0m[2m:[0m [2msui_core::state_accumulator[0m[2m:[0m [2mcrates/sui-core/src/state_accumulator.rs[0m[2m:[0m[2m675:[0m accumulating running root for checkpoint 369
[2m2025-03-25T07:55:43.013622Z[0m [32m INFO[0m [1mnode[0m[1m{[0m[3mname[0m[2m=[0mk#b3f3cbb4..[1m}[0m[2m:[0m [2msui_core::checkpoints::checkpoint_executor[0m[2m:[0m [2mcrates/sui-core/src/checkpoints/checkpoint_executor/mod.rs[0m[2m:[0m[2m332:[0m Received checkpoint summary from state sync [3msequence_number[0m[2m=[0m370
[2m2025-03-25T07:55:43.051637Z[0m [32m INFO[0m [1mnode[0m[1m{[0m[3mname[0m[2m=[0mk#addeef94..[1m}[0m[2m:[0m [2msui_core::state_accumulator[0m[2m:[0m [2mcrates/sui-core/src/state_accumulator.rs[0m[2m:[0m[2m675:[0m accumulating running root for checkpoint 370
[2m2025-03-25T07:55:43.102910Z[0m [32m INFO[0m [1mnode[0m[1m{[0m[3mname[0m[2m=[0mk#b3f3cbb4..[1m}[0m[2m:[0m [2msui_core::state_accumulator[0m[2m:[0m [2mcrates/sui-core/src/state_accumulator.rs[0m[2m:[0m[2m675:[0m accumulating running root for checkpoint 370
[2m2025-03-25T07:55:43.191499Z[0m [32m INFO[0m [1mnode[0m[1m{[0m[3mname[0m[2m=[0mk#addeef94..[1m}[0m[2m:[0m [2mconsensus_core::core[0m[2m:[0m [2mconsensus/core/src/core.rs[0m[2m:[0m[2m945:[0m Included 3 ancestors & excluded 0 ancestors for proposal in round 171
[2m2025-03-25T07:55:43.192031Z[0m [32m INFO[0m [1mnode[0m[1m{[0m[3mname[0m[2m=[0mk#addeef94..[1m}[0m[2m:[0m [2mconsensus_core::core[0m[2m:[0m [2mconsensus/core/src/core.rs[0m[2m:[0m[2m531:[0m Created block B171(C,2WbjRmqg94OEp2p6DBuD8ryb+28q+cbgZCTr1EA2rsI=)(1742889343191ms;[B170(C,fDZKWZ6FmlVVX8G8oj+exvv4J5RdmV9rpHfJErmBlBE=), B170(A,gNsERErznhxHBFJJCS5G1PlJFSsAdWQZB3pf47GGcmQ=), B170(B,AdGGEiXOvgPKLJjaq70I7fTgzV2F3oKgT6qDXUY2SzU=)];1t;1c) for round 171
[2m2025-03-25T07:55:43.194696Z[0m [32m INFO[0m [1mnode[0m[1m{[0m[3mname[0m[2m=[0mk#99f25ef6..[1m}[0m[2m:[0m [2mconsensus_core::core[0m[2m:[0m [2mconsensus/core/src/core.rs[0m[2m:[0m[2m945:[0m Included 3 ancestors & excluded 0 ancestors for proposal in round 171
[2m2025-03-25T07:55:43.194696Z[0m [32m INFO[0m [1mnode[0m[1m{[0m[3mname[0m[2m=[0mk#8dcff6d1..[1m}[0m[2m:[0m [2mconsensus_core::core[0m[2m:[0m [2mconsensus/core/src/core.rs[0m[2m:[0m[2m945:[0m Included 3 ancestors & excluded 0 ancestors for proposal in round 171
[2m2025-03-25T07:55:43.195097Z[0m [32m INFO[0m [1mnode[0m[1m{[0m[3mname[0m[2m=[0mk#99f25ef6..[1m}[0m[2m:[0m [2mconsensus_core::core[0m[2m:[0m [2mconsensus/core/src/core.rs[0m[2m:[0m[2m531:[0m Created block B171(B,hycYOouSefJDyGRXP7AoAs14a6OyN/YCCDDI16lDHV0=)(1742889343194ms;[B170(B,AdGGEiXOvgPKLJjaq70I7fTgzV2F3oKgT6qDXUY2SzU=), B170(A,gNsERErznhxHBFJJCS5G1PlJFSsAdWQZB3pf47GGcmQ=), B170(C,fDZKWZ6FmlVVX8G8oj+exvv4J5RdmV9rpHfJErmBlBE=)];1t;1c) for round 171
[2m2025-03-25T07:55:43.195097Z[0m [32m INFO[0m [1mnode[0m[1m{[0m[3mname[0m[2m=[0mk#8dcff6d1..[1m}[0m[2m:[0m [2mconsensus_core::core[0m[2m:[0m [2mconsensus/core/src/core.rs[0m[2m:[0m[2m531:[0m Created block B171(A,3ZR1xuBuPCRj17kMG1mFTsOo/o0VZURqvw97n3/ujss=)(1742889343194ms;[B170(A,gNsERErznhxHBFJJCS5G1PlJFSsAdWQZB3pf47GGcmQ=), B170(B,AdGGEiXOvgPKLJjaq70I7fTgzV2F3oKgT6qDXUY2SzU=), B170(C,fDZKWZ6FmlVVX8G8oj+exvv4J5RdmV9rpHfJErmBlBE=)];1t;1c) for round 171
[2m2025-03-25T07:55:43.195194Z[0m [32m INFO[0m [1mnode[0m[1m{[0m[3mname[0m[2m=[0mk#99f25ef6..[1m}[0m[2m:[0m [2mconsensus_core::core[0m[2m:[0m [2mconsensus/core/src/core.rs[0m[2m:[0m[2m630:[0m Committing 1 leaders: B169(C,DD9b)
[2m2025-03-25T07:55:43.195195Z[0m [32m INFO[0m [1mnode[0m[1m{[0m[3mname[0m[2m=[0mk#8dcff6d1..[1m}[0m[2m:[0m [2mconsensus_core::core[0m[2m:[0m [2mconsensus/core/src/core.rs[0m[2m:[0m[2m630:[0m Committing 1 leaders: B169(C,DD9b)
[2m2025-03-25T07:55:43.195293Z[0m [32m INFO[0m [1mnode[0m[1m{[0m[3mname[0m[2m=[0mk#8dcff6d1..[1m}[0m[2m:[0m [2mconsensus_core::commit_observer[0m[2m:[0m [2mconsensus/core/src/commit_observer.rs[0m[2m:[0m[2m173:[0m Consensus commit C159(ocBq) with leader B169(C,DD9b) has 3 blocks
[2m2025-03-25T07:55:43.195293Z[0m [32m INFO[0m [1mnode[0m[1m{[0m[3mname[0m[2m=[0mk#99f25ef6..[1m}[0m[2m:[0m [2mconsensus_core::commit_observer[0m[2m:[0m [2mconsensus/core/src/commit_observer.rs[0m[2m:[0m[2m173:[0m Consensus commit C159(ocBq) with leader B169(C,DD9b) has 3 blocks
[2m2025-03-25T07:55:43.195417Z[0m [32m INFO[0m [1mnode[0m[1m{[0m[3mname[0m[2m=[0mk#8dcff6d1..[1m}[0m[2m:[0m [2msui_core::consensus_handler[0m[2m:[0m [2mcrates/sui-core/src/consensus_handler.rs[0m[2m:[0m[2m232:[0m Received consensus output [3mconsensus_commit[0m[2m=[0mCommittedSubDag(leader=B169(C,DD9b), ref=C159(ocBq), blocks=[LZtx, Lbg4, DD9b]) [3mepoch[0m[2m=[0m1
[2m2025-03-25T07:55:43.195417Z[0m [32m INFO[0m [1mnode[0m[1m{[0m[3mname[0m[2m=[0mk#99f25ef6..[1m}[0m[2m:[0m [2msui_core::consensus_handler[0m[2m:[0m [2mcrates/sui-core/src/consensus_handler.rs[0m[2m:[0m[2m232:[0m Received consensus output [3mconsensus_commit[0m[2m=[0mCommittedSubDag(leader=B169(C,DD9b), ref=C159(ocBq), blocks=[LZtx, Lbg4, DD9b]) [3mepoch[0m[2m=[0m1
[2m2025-03-25T07:55:43.200263Z[0m [32m INFO[0m [1mnode[0m[1m{[0m[3mname[0m[2m=[0mk#addeef94..[1m}[0m[2m:[0m [2mconsensus_core::core[0m[2m:[0m [2mconsensus/core/src/core.rs[0m[2m:[0m[2m630:[0m Committing 1 leaders: B169(C,DD9b)
[2m2025-03-25T07:55:43.200376Z[0m [32m INFO[0m [1mnode[0m[1m{[0m[3mname[0m[2m=[0mk#addeef94..[1m}[0m[2m:[0m [2mconsensus_core::commit_observer[0m[2m:[0m [2mconsensus/core/src/commit_observer.rs[0m[2m:[0m[2m173:[0m Consensus commit C159(ocBq) with leader B169(C,DD9b) has 3 blocks
[2m2025-03-25T07:55:43.200537Z[0m [32m INFO[0m [1mnode[0m[1m{[0m[3mname[0m[2m=[0mk#addeef94..[1m}[0m[2m:[0m [2msui_core::consensus_handler[0m[2m:[0m [2mcrates/sui-core/src/consensus_handler.rs[0m[2m:[0m[2m232:[0m Received consensus output [3mconsensus_commit[0m[2m=[0mCommittedSubDag(leader=B169(C,DD9b), ref=C159(ocBq), blocks=[LZtx, Lbg4, DD9b]) [3mepoch[0m[2m=[0m1
[2m2025-03-25T07:55:43.226713Z[0m [32m INFO[0m [1mnode[0m[1m{[0m[3mname[0m[2m=[0mk#8dcff6d1..[1m}[0m[2m:[0m [2msui_core::checkpoints[0m[2m:[0m [2mcrates/sui-core/src/checkpoints/mod.rs[0m[2m:[0m[2m1326:[0m Creating checkpoint(s) for 2 transactions [3mnext_checkpoint_seq[0m[2m=[0m372 [3mcheckpoint_timestamp[0m[2m=[0m1742889342679
[2m2025-03-25T07:55:43.226717Z[0m [32m INFO[0m [1mnode[0m[1m{[0m[3mname[0m[2m=[0mk#99f25ef6..[1m}[0m[2m:[0m [2msui_core::checkpoints[0m[2m:[0m [2mcrates/sui-core/src/checkpoints/mod.rs[0m[2m:[0m[2m1326:[0m Creating checkpoint(s) for 2 transactions [3mnext_checkpoint_seq[0m[2m=[0m372 [3mcheckpoint_timestamp[0m[2m=[0m1742889342679
[2m2025-03-25T07:55:43.227029Z[0m [32m INFO[0m [1mnode[0m[1m{[0m[3mname[0m[2m=[0mk#8dcff6d1..[1m}[0m[2m:[0m [2msui_core::checkpoints::checkpoint_output[0m[2m:[0m [2mcrates/sui-core/src/checkpoints/checkpoint_output.rs[0m[2m:[0m[2m149:[0m Creating checkpoint CheckpointDigest(Bh2BW1YwdBqiMqUpSb5FVXU7XuoGKWhKNM1MnxpmrqBB) at epoch 1, sequence 372, previous digest Some(CheckpointDigest(D5LoRiBVTWCxytWKCKvdi8YwVWoYggjXLN4D2193ArVN)), transactions count 2, content digest CheckpointContentsDigest(8DY7WTUWraJdusY37vdwaWTmRXj6qkbPeg8K7xvXCa9q), end_of_epoch_data None
[2m2025-03-25T07:55:43.227029Z[0m [32m INFO[0m [1mnode[0m[1m{[0m[3mname[0m[2m=[0mk#99f25ef6..[1m}[0m[2m:[0m [2msui_core::checkpoints::checkpoint_output[0m[2m:[0m [2mcrates/sui-core/src/checkpoints/checkpoint_output.rs[0m[2m:[0m[2m149:[0m Creating checkpoint CheckpointDigest(Bh2BW1YwdBqiMqUpSb5FVXU7XuoGKWhKNM1MnxpmrqBB) at epoch 1, sequence 372, previous digest Some(CheckpointDigest(D5LoRiBVTWCxytWKCKvdi8YwVWoYggjXLN4D2193ArVN)), transactions count 2, content digest CheckpointContentsDigest(8DY7WTUWraJdusY37vdwaWTmRXj6qkbPeg8K7xvXCa9q), end_of_epoch_data None
[2m2025-03-25T07:55:43.229957Z[0m [32m INFO[0m [1mnode[0m[1m{[0m[3mname[0m[2m=[0mk#addeef94..[1m}[0m[2m:[0m [2msui_core::checkpoints[0m[2m:[0m [2mcrates/sui-core/src/checkpoints/mod.rs[0m[2m:[0m[2m1326:[0m Creating checkpoint(s) for 2 transactions [3mnext_checkpoint_seq[0m[2m=[0m372 [3mcheckpoint_timestamp[0m[2m=[0m1742889342679
[2m2025-03-25T07:55:43.230081Z[0m [32m INFO[0m [1mnode[0m[1m{[0m[3mname[0m[2m=[0mk#8dcff6d1..[1m}[0m[2m:[0m [2msui_core::checkpoints::checkpoint_output[0m[2m:[0m [2mcrates/sui-core/src/checkpoints/checkpoint_output.rs[0m[2m:[0m[2m196:[0m Certified checkpoint with sequence 371 and digest D5LoRiBVTWCxytWKCKvdi8YwVWoYggjXLN4D2193ArVN
[2m2025-03-25T07:55:43.230084Z[0m [32m INFO[0m [1mnode[0m[1m{[0m[3mname[0m[2m=[0mk#99f25ef6..[1m}[0m[2m:[0m [2msui_core::checkpoints::checkpoint_output[0m[2m:[0m [2mcrates/sui-core/src/checkpoints/checkpoint_output.rs[0m[2m:[0m[2m196:[0m Certified checkpoint with sequence 371 and digest D5LoRiBVTWCxytWKCKvdi8YwVWoYggjXLN4D2193ArVN
[2m2025-03-25T07:55:43.230208Z[0m [32m INFO[0m [1mnode[0m[1m{[0m[3mname[0m[2m=[0mk#addeef94..[1m}[0m[2m:[0m [2msui_core::checkpoints::checkpoint_output[0m[2m:[0m [2mcrates/sui-core/src/checkpoints/checkpoint_output.rs[0m[2m:[0m[2m149:[0m Creating checkpoint CheckpointDigest(Bh2BW1YwdBqiMqUpSb5FVXU7XuoGKWhKNM1MnxpmrqBB) at epoch 1, sequence 372, previous digest Some(CheckpointDigest(D5LoRiBVTWCxytWKCKvdi8YwVWoYggjXLN4D2193ArVN)), transactions count 2, content digest CheckpointContentsDigest(8DY7WTUWraJdusY37vdwaWTmRXj6qkbPeg8K7xvXCa9q), end_of_epoch_data None
[2m2025-03-25T07:55:43.230540Z[0m [32m INFO[0m [1mnode[0m[1m{[0m[3mname[0m[2m=[0mk#8dcff6d1..[1m}[0m[2m:[0m [2msui_core::checkpoints::checkpoint_executor[0m[2m:[0m [2mcrates/sui-core/src/checkpoints/checkpoint_executor/mod.rs[0m[2m:[0m[2m332:[0m Received checkpoint summary from state sync [3msequence_number[0m[2m=[0m371
[2m2025-03-25T07:55:43.230540Z[0m [32m INFO[0m [1mnode[0m[1m{[0m[3mname[0m[2m=[0mk#99f25ef6..[1m}[0m[2m:[0m [2msui_core::checkpoints::checkpoint_executor[0m[2m:[0m [2mcrates/sui-core/src/checkpoints/checkpoint_executor/mod.rs[0m[2m:[0m[2m332:[0m Received checkpoint summary from state sync [3msequence_number[0m[2m=[0m371
[2m2025-03-25T07:55:43.231715Z[0m [32m INFO[0m [1mnode[0m[1m{[0m[3mname[0m[2m=[0mk#99f25ef6..[1m}[0m[2m:[0m [2msui_core::state_accumulator[0m[2m:[0m [2mcrates/sui-core/src/state_accumulator.rs[0m[2m:[0m[2m675:[0m accumulating running root for checkpoint 371
[2m2025-03-25T07:55:43.231723Z[0m [32m INFO[0m [1mnode[0m[1m{[0m[3mname[0m[2m=[0mk#8dcff6d1..[1m}[0m[2m:[0m [2msui_core::state_accumulator[0m[2m:[0m [2mcrates/sui-core/src/state_accumulator.rs[0m[2m:[0m[2m675:[0m accumulating running root for checkpoint 371
[2m2025-03-25T07:55:43.233984Z[0m [32m INFO[0m [1mnode[0m[1m{[0m[3mname[0m[2m=[0mk#addeef94..[1m}[0m[2m:[0m [2msui_core::checkpoints::checkpoint_executor[0m[2m:[0m [2mcrates/sui-core/src/checkpoints/checkpoint_executor/mod.rs[0m[2m:[0m[2m332:[0m Received checkpoint summary from state sync [3msequence_number[0m[2m=[0m371
[2m2025-03-25T07:55:43.234712Z[0m [32m INFO[0m [1mnode[0m[1m{[0m[3mname[0m[2m=[0mk#addeef94..[1m}[0m[2m:[0m [2msui_core::state_accumulator[0m[2m:[0m [2mcrates/sui-core/src/state_accumulator.rs[0m[2m:[0m[2m675:[0m accumulating running root for checkpoint 371
[2m2025-03-25T07:55:43.234949Z[0m [32m INFO[0m [1mnode[0m[1m{[0m[3mname[0m[2m=[0mk#b3f3cbb4..[1m}[0m[2m:[0m [2msui_core::checkpoints::checkpoint_executor[0m[2m:[0m [2mcrates/sui-core/src/checkpoints/checkpoint_executor/mod.rs[0m[2m:[0m[2m332:[0m Received checkpoint summary from state sync [3msequence_number[0m[2m=[0m371
[2m2025-03-25T07:55:43.260890Z[0m [32m INFO[0m [1mnode[0m[1m{[0m[3mname[0m[2m=[0mk#b3f3cbb4..[1m}[0m[2m:[0m [2msui_core::state_accumulator[0m[2m:[0m [2mcrates/sui-core/src/state_accumulator.rs[0m[2m:[0m[2m675:[0m accumulating running root for checkpoint 371
[2m2025-03-25T07:55:43.305285Z[0m [32m INFO[0m [1mnode[0m[1m{[0m[3mname[0m[2m=[0mk#8dcff6d1..[1m}[0m[2m:[0m [2mconsensus_core::commit_syncer[0m[2m:[0m [2mconsensus/core/src/commit_syncer.rs[0m[2m:[0m[2m196:[0m Checking to schedule fetches: synced_commit_index=159, highest_handled_index=159, highest_scheduled_index=0, quorum_commit_index=158, unhandled_commits_threshold=3200
[2m2025-03-25T07:55:43.328624Z[0m [32m INFO[0m [1mnode[0m[1m{[0m[3mname[0m[2m=[0mk#addeef94..[1m}[0m[2m:[0m [2mconsensus_core::commit_syncer[0m[2m:[0m [2mconsensus/core/src/commit_syncer.rs[0m[2m:[0m[2m196:[0m Checking to schedule fetches: synced_commit_index=159, highest_handled_index=159, highest_scheduled_index=0, quorum_commit_index=0, unhandled_commits_threshold=3200
[2m2025-03-25T07:55:43.331287Z[0m [32m INFO[0m [1mnode[0m[1m{[0m[3mname[0m[2m=[0mk#99f25ef6..[1m}[0m[2m:[0m [2mconsensus_core::commit_syncer[0m[2m:[0m [2mconsensus/core/src/commit_syncer.rs[0m[2m:[0m[2m196:[0m Checking to schedule fetches: synced_commit_index=159, highest_handled_index=159, highest_scheduled_index=0, quorum_commit_index=158, unhandled_commits_threshold=3200
[2m2025-03-25T07:55:43.448515Z[0m [32m INFO[0m [1mnode[0m[1m{[0m[3mname[0m[2m=[0mk#99f25ef6..[1m}[0m[2m:[0m [2mconsensus_core::core[0m[2m:[0m [2mconsensus/core/src/core.rs[0m[2m:[0m[2m945:[0m Included 3 ancestors & excluded 0 ancestors for proposal in round 172
[2m2025-03-25T07:55:43.449426Z[0m [32m INFO[0m [1mnode[0m[1m{[0m[3mname[0m[2m=[0mk#8dcff6d1..[1m}[0m[2m:[0m [2mconsensus_core::core[0m[2m:[0m [2mconsensus/core/src/core.rs[0m[2m:[0m[2m945:[0m Included 3 ancestors & excluded 0 ancestors for proposal in round 172
[2m2025-03-25T07:55:43.450318Z[0m [32m INFO[0m [1mnode[0m[1m{[0m[3mname[0m[2m=[0mk#99f25ef6..[1m}[0m[2m:[0m [2mconsensus_core::core[0m[2m:[0m [2mconsensus/core/src/core.rs[0m[2m:[0m[2m531:[0m Created block B172(B,MGCJ8Vk6w9WLnsaweKqzMRQ7t+1q4xK+YeyH3jVlJMg=)(1742889343448ms;[B171(B,hycYOouSefJDyGRXP7AoAs14a6OyN/YCCDDI16lDHV0=), B171(A,3ZR1xuBuPCRj17kMG1mFTsOo/o0VZURqvw97n3/ujss=), B171(C,2WbjRmqg94OEp2p6DBuD8ryb+28q+cbgZCTr1EA2rsI=)];1t;1c) for round 172
[2m2025-03-25T07:55:43.450718Z[0m [32m INFO[0m [1mnode[0m[1m{[0m[3mname[0m[2m=[0mk#8dcff6d1..[1m}[0m[2m:[0m [2mconsensus_core::core[0m[2m:[0m [2mconsensus/core/src/core.rs[0m[2m:[0m[2m531:[0m Created block B172(A,mibEFAG0BAh2ergx19RpvsYNVcZ2pFNLL33BaF5fRME=)(1742889343449ms;[B171(A,3ZR1xuBuPCRj17kMG1mFTsOo/o0VZURqvw97n3/ujss=), B171(B,hycYOouSefJDyGRXP7AoAs14a6OyN/YCCDDI16lDHV0=), B171(C,2WbjRmqg94OEp2p6DBuD8ryb+28q+cbgZCTr1EA2rsI=)];1t;1c) for round 172
[2m2025-03-25T07:55:43.462729Z[0m [32m INFO[0m [1mnode[0m[1m{[0m[3mname[0m[2m=[0mk#addeef94..[1m}[0m[2m:[0m [2mconsensus_core::core[0m[2m:[0m [2mconsensus/core/src/core.rs[0m[2m:[0m[2m945:[0m Included 3 ancestors & excluded 0 ancestors for proposal in round 172
[2m2025-03-25T07:55:43.463567Z[0m [32m INFO[0m [1mnode[0m[1m{[0m[3mname[0m[2m=[0mk#addeef94..[1m}[0m[2m:[0m [2mconsensus_core::core[0m[2m:[0m [2mconsensus/core/src/core.rs[0m[2m:[0m[2m531:[0m Created block B172(C,yLT0hBO7UItDGAZBXK91CMzM/x1tMWhlCnuDeFV5SMA=)(1742889343462ms;[B171(C,2WbjRmqg94OEp2p6DBuD8ryb+28q+cbgZCTr1EA2rsI=), B171(A,3ZR1xuBuPCRj17kMG1mFTsOo/o0VZURqvw97n3/ujss=), B171(B,hycYOouSefJDyGRXP7AoAs14a6OyN/YCCDDI16lDHV0=)];1t;1c) for round 172
[2m2025-03-25T07:55:43.463953Z[0m [32m INFO[0m [1mnode[0m[1m{[0m[3mname[0m[2m=[0mk#addeef94..[1m}[0m[2m:[0m [2mconsensus_core::core[0m[2m:[0m [2mconsensus/core/src/core.rs[0m[2m:[0m[2m630:[0m Committing 1 leaders: B170(A,gNsE)
[2m2025-03-25T07:55:43.464175Z[0m [32m INFO[0m [1mnode[0m[1m{[0m[3mname[0m[2m=[0mk#addeef94..[1m}[0m[2m:[0m [2mconsensus_core::commit_observer[0m[2m:[0m [2mconsensus/core/src/commit_observer.rs[0m[2m:[0m[2m173:[0m Consensus commit C160(ZFCc) with leader B170(A,gNsE) has 3 blocks
[2m2025-03-25T07:55:43.465435Z[0m [32m INFO[0m [1mnode[0m[1m{[0m[3mname[0m[2m=[0mk#addeef94..[1m}[0m[2m:[0m [2msui_core::consensus_handler[0m[2m:[0m [2mcrates/sui-core/src/consensus_handler.rs[0m[2m:[0m[2m232:[0m Received consensus output [3mconsensus_commit[0m[2m=[0mCommittedSubDag(leader=B170(A,gNsE), ref=C160(ZFCc), blocks=[9v+w, O3h9, gNsE]) [3mepoch[0m[2m=[0m1
[2m2025-03-25T07:55:43.472293Z[0m [32m INFO[0m [1mnode[0m[1m{[0m[3mname[0m[2m=[0mk#8dcff6d1..[1m}[0m[2m:[0m [2msui_core::checkpoints::checkpoint_output[0m[2m:[0m [2mcrates/sui-core/src/checkpoints/checkpoint_output.rs[0m[2m:[0m[2m196:[0m Certified checkpoint with sequence 372 and digest Bh2BW1YwdBqiMqUpSb5FVXU7XuoGKWhKNM1MnxpmrqBB
[2m2025-03-25T07:55:43.472288Z[0m [32m INFO[0m [1mnode[0m[1m{[0m[3mname[0m[2m=[0mk#99f25ef6..[1m}[0m[2m:[0m [2msui_core::checkpoints::checkpoint_output[0m[2m:[0m [2mcrates/sui-core/src/checkpoints/checkpoint_output.rs[0m[2m:[0m[2m196:[0m Certified checkpoint with sequence 372 and digest Bh2BW1YwdBqiMqUpSb5FVXU7XuoGKWhKNM1MnxpmrqBB
[2m2025-03-25T07:55:43.472511Z[0m [32m INFO[0m [1mnode[0m[1m{[0m[3mname[0m[2m=[0mk#8dcff6d1..[1m}[0m[2m:[0m [2mconsensus_core::core[0m[2m:[0m [2mconsensus/core/src/core.rs[0m[2m:[0m[2m630:[0m Committing 1 leaders: B170(A,gNsE)
[2m2025-03-25T07:55:43.472512Z[0m [32m INFO[0m [1mnode[0m[1m{[0m[3mname[0m[2m=[0mk#99f25ef6..[1m}[0m[2m:[0m [2mconsensus_core::core[0m[2m:[0m [2mconsensus/core/src/core.rs[0m[2m:[0m[2m630:[0m Committing 1 leaders: B170(A,gNsE)
[2m2025-03-25T07:55:43.472711Z[0m [32m INFO[0m [1mnode[0m[1m{[0m[3mname[0m[2m=[0mk#8dcff6d1..[1m}[0m[2m:[0m [2mconsensus_core::commit_observer[0m[2m:[0m [2mconsensus/core/src/commit_observer.rs[0m[2m:[0m[2m173:[0m Consensus commit C160(ZFCc) with leader B170(A,gNsE) has 3 blocks
[2m2025-03-25T07:55:43.472721Z[0m [32m INFO[0m [1mnode[0m[1m{[0m[3mname[0m[2m=[0mk#99f25ef6..[1m}[0m[2m:[0m [2mconsensus_core::commit_observer[0m[2m:[0m [2mconsensus/core/src/commit_observer.rs[0m[2m:[0m[2m173:[0m Consensus commit C160(ZFCc) with leader B170(A,gNsE) has 3 blocks
[2m2025-03-25T07:55:43.473528Z[0m [32m INFO[0m [1mnode[0m[1m{[0m[3mname[0m[2m=[0mk#99f25ef6..[1m}[0m[2m:[0m [2msui_core::consensus_handler[0m[2m:[0m [2mcrates/sui-core/src/consensus_handler.rs[0m[2m:[0m[2m232:[0m Received consensus output [3mconsensus_commit[0m[2m=[0mCommittedSubDag(leader=B170(A,gNsE), ref=C160(ZFCc), blocks=[9v+w, O3h9, gNsE]) [3mepoch[0m[2m=[0m1
[2m2025-03-25T07:55:43.473528Z[0m [32m INFO[0m [1mnode[0m[1m{[0m[3mname[0m[2m=[0mk#8dcff6d1..[1m}[0m[2m:[0m [2msui_core::consensus_handler[0m[2m:[0m [2mcrates/sui-core/src/consensus_handler.rs[0m[2m:[0m[2m232:[0m Received consensus output [3mconsensus_commit[0m[2m=[0mCommittedSubDag(leader=B170(A,gNsE), ref=C160(ZFCc), blocks=[9v+w, O3h9, gNsE]) [3mepoch[0m[2m=[0m1
[2m2025-03-25T07:55:43.474682Z[0m [32m INFO[0m [1mnode[0m[1m{[0m[3mname[0m[2m=[0mk#99f25ef6..[1m}[0m[2m:[0m [2msui_core::checkpoints::checkpoint_executor[0m[2m:[0m [2mcrates/sui-core/src/checkpoints/checkpoint_executor/mod.rs[0m[2m:[0m[2m332:[0m Received checkpoint summary from state sync [3msequence_number[0m[2m=[0m372
[2m2025-03-25T07:55:43.474682Z[0m [32m INFO[0m [1mnode[0m[1m{[0m[3mname[0m[2m=[0mk#8dcff6d1..[1m}[0m[2m:[0m [2msui_core::checkpoints::checkpoint_executor[0m[2m:[0m [2mcrates/sui-core/src/checkpoints/checkpoint_executor/mod.rs[0m[2m:[0m[2m332:[0m Received checkpoint summary from state sync [3msequence_number[0m[2m=[0m372
[2m2025-03-25T07:55:43.495536Z[0m [32m INFO[0m [1mnode[0m[1m{[0m[3mname[0m[2m=[0mk#99f25ef6..[1m}[0m[2m:[0m [2msui_core::state_accumulator[0m[2m:[0m [2mcrates/sui-core/src/state_accumulator.rs[0m[2m:[0m[2m675:[0m accumulating running root for checkpoint 372
[2m2025-03-25T07:55:43.495538Z[0m [32m INFO[0m [1mnode[0m[1m{[0m[3mname[0m[2m=[0mk#8dcff6d1..[1m}[0m[2m:[0m [2msui_core::state_accumulator[0m[2m:[0m [2mcrates/sui-core/src/state_accumulator.rs[0m[2m:[0m[2m675:[0m accumulating running root for checkpoint 372
[2m2025-03-25T07:55:43.525657Z[0m [32m INFO[0m [1mnode[0m[1m{[0m[3mname[0m[2m=[0mk#addeef94..[1m}[0m[2m:[0m [2msui_core::checkpoints[0m[2m:[0m [2mcrates/sui-core/src/checkpoints/mod.rs[0m[2m:[0m[2m1326:[0m Creating checkpoint(s) for 1 transactions [3mnext_checkpoint_seq[0m[2m=[0m373 [3mcheckpoint_timestamp[0m[2m=[0m1742889342934
[2m2025-03-25T07:55:43.525887Z[0m [32m INFO[0m [1mnode[0m[1m{[0m[3mname[0m[2m=[0mk#addeef94..[1m}[0m[2m:[0m [2msui_core::checkpoints::checkpoint_output[0m[2m:[0m [2mcrates/sui-core/src/checkpoints/checkpoint_output.rs[0m[2m:[0m[2m149:[0m Creating checkpoint CheckpointDigest(D15K9yMfzWTjJXGffQvUzHCm63YHRcwuv88Z4pMB7EzQ) at epoch 1, sequence 373, previous digest Some(CheckpointDigest(Bh2BW1YwdBqiMqUpSb5FVXU7XuoGKWhKNM1MnxpmrqBB)), transactions count 1, content digest CheckpointContentsDigest(2pcH4XAQbcic99GJU6UqNm3cGwTsh7zJxWF8BvxJjnT1), end_of_epoch_data None
[2m2025-03-25T07:55:43.530663Z[0m [32m INFO[0m [1mnode[0m[1m{[0m[3mname[0m[2m=[0mk#8dcff6d1..[1m}[0m[2m:[0m [2msui_core::checkpoints[0m[2m:[0m [2mcrates/sui-core/src/checkpoints/mod.rs[0m[2m:[0m[2m1326:[0m Creating checkpoint(s) for 1 transactions [3mnext_checkpoint_seq[0m[2m=[0m373 [3mcheckpoint_timestamp[0m[2m=[0m1742889342934
[2m2025-03-25T07:55:43.530680Z[0m [32m INFO[0m [1mnode[0m[1m{[0m[3mname[0m[2m=[0mk#99f25ef6..[1m}[0m[2m:[0m [2msui_core::checkpoints[0m[2m:[0m [2mcrates/sui-core/src/checkpoints/mod.rs[0m[2m:[0m[2m1326:[0m Creating checkpoint(s) for 1 transactions [3mnext_checkpoint_seq[0m[2m=[0m373 [3mcheckpoint_timestamp[0m[2m=[0m1742889342934
[2m2025-03-25T07:55:43.530842Z[0m [32m INFO[0m [1mnode[0m[1m{[0m[3mname[0m[2m=[0mk#8dcff6d1..[1m}[0m[2m:[0m [2msui_core::checkpoints::checkpoint_output[0m[2m:[0m [2mcrates/sui-core/src/checkpoints/checkpoint_output.rs[0m[2m:[0m[2m149:[0m Creating checkpoint CheckpointDigest(D15K9yMfzWTjJXGffQvUzHCm63YHRcwuv88Z4pMB7EzQ) at epoch 1, sequence 373, previous digest Some(CheckpointDigest(Bh2BW1YwdBqiMqUpSb5FVXU7XuoGKWhKNM1MnxpmrqBB)), transactions count 1, content digest CheckpointContentsDigest(2pcH4XAQbcic99GJU6UqNm3cGwTsh7zJxWF8BvxJjnT1), end_of_epoch_data None
[2m2025-03-25T07:55:43.530847Z[0m [32m INFO[0m [1mnode[0m[1m{[0m[3mname[0m[2m=[0mk#99f25ef6..[1m}[0m[2m:[0m [2msui_core::checkpoints::checkpoint_output[0m[2m:[0m [2mcrates/sui-core/src/checkpoints/checkpoint_output.rs[0m[2m:[0m[2m149:[0m Creating checkpoint CheckpointDigest(D15K9yMfzWTjJXGffQvUzHCm63YHRcwuv88Z4pMB7EzQ) at epoch 1, sequence 373, previous digest Some(CheckpointDigest(Bh2BW1YwdBqiMqUpSb5FVXU7XuoGKWhKNM1MnxpmrqBB)), transactions count 1, content digest CheckpointContentsDigest(2pcH4XAQbcic99GJU6UqNm3cGwTsh7zJxWF8BvxJjnT1), end_of_epoch_data None
[2m2025-03-25T07:55:43.547010Z[0m [32m INFO[0m [1mnode[0m[1m{[0m[3mname[0m[2m=[0mk#addeef94..[1m}[0m[2m:[0m [2msui_core::checkpoints::checkpoint_executor[0m[2m:[0m [2mcrates/sui-core/src/checkpoints/checkpoint_executor/mod.rs[0m[2m:[0m[2m332:[0m Received checkpoint summary from state sync [3msequence_number[0m[2m=[0m372
[2m2025-03-25T07:55:43.550453Z[0m [32m INFO[0m [1mnode[0m[1m{[0m[3mname[0m[2m=[0mk#b3f3cbb4..[1m}[0m[2m:[0m [2msui_core::checkpoints::checkpoint_executor[0m[2m:[0m [2mcrates/sui-core/src/checkpoints/checkpoint_executor/mod.rs[0m[2m:[0m[2m332:[0m Received checkpoint summary from state sync [3msequence_number[0m[2m=[0m372
[2m2025-03-25T07:55:43.593284Z[0m [32m INFO[0m [1mnode[0m[1m{[0m[3mname[0m[2m=[0mk#addeef94..[1m}[0m[2m:[0m [2msui_core::state_accumulator[0m[2m:[0m [2mcrates/sui-core/src/state_accumulator.rs[0m[2m:[0m[2m675:[0m accumulating running root for checkpoint 372
[2m2025-03-25T07:55:43.640534Z[0m [32m INFO[0m [1mnode[0m[1m{[0m[3mname[0m[2m=[0mk#b3f3cbb4..[1m}[0m[2m:[0m [2msui_core::state_accumulator[0m[2m:[0m [2mcrates/sui-core/src/state_accumulator.rs[0m[2m:[0m[2m675:[0m accumulating running root for checkpoint 372
[2m2025-03-25T07:55:43.717353Z[0m [32m INFO[0m [1mnode[0m[1m{[0m[3mname[0m[2m=[0mk#addeef94..[1m}[0m[2m:[0m [2mconsensus_core::core[0m[2m:[0m [2mconsensus/core/src/core.rs[0m[2m:[0m[2m945:[0m Included 3 ancestors & excluded 0 ancestors for proposal in round 173
[2m2025-03-25T07:55:43.717724Z[0m [32m INFO[0m [1mnode[0m[1m{[0m[3mname[0m[2m=[0mk#addeef94..[1m}[0m[2m:[0m [2mconsensus_core::core[0m[2m:[0m [2mconsensus/core/src/core.rs[0m[2m:[0m[2m531:[0m Created block B173(C,ESQwNv5S2pic1T1d/y4QzxxNxG4Kg9bpNPokeqBamZ4=)(1742889343717ms;[B172(C,yLT0hBO7UItDGAZBXK91CMzM/x1tMWhlCnuDeFV5SMA=), B172(A,mibEFAG0BAh2ergx19RpvsYNVcZ2pFNLL33BaF5fRME=), B172(B,MGCJ8Vk6w9WLnsaweKqzMRQ7t+1q4xK+YeyH3jVlJMg=)];1t;1c) for round 173
[2m2025-03-25T07:55:43.725272Z[0m [32m INFO[0m [1mnode[0m[1m{[0m[3mname[0m[2m=[0mk#99f25ef6..[1m}[0m[2m:[0m [2mconsensus_core::core[0m[2m:[0m [2mconsensus/core/src/core.rs[0m[2m:[0m[2m945:[0m Included 3 ancestors & excluded 0 ancestors for proposal in round 173
[2m2025-03-25T07:55:43.725280Z[0m [32m INFO[0m [1mnode[0m[1m{[0m[3mname[0m[2m=[0mk#8dcff6d1..[1m}[0m[2m:[0m [2mconsensus_core::core[0m[2m:[0m [2mconsensus/core/src/core.rs[0m[2m:[0m[2m945:[0m Included 3 ancestors & excluded 0 ancestors for proposal in round 173
[2m2025-03-25T07:55:43.725560Z[0m [32m INFO[0m [1mnode[0m[1m{[0m[3mname[0m[2m=[0mk#99f25ef6..[1m}[0m[2m:[0m [2mconsensus_core::core[0m[2m:[0m [2mconsensus/core/src/core.rs[0m[2m:[0m[2m531:[0m Created block B173(B,A2SOO862TIcfNacnwv4U06F6XZN2eJLRu6fz6YGzF4E=)(1742889343725ms;[B172(B,MGCJ8Vk6w9WLnsaweKqzMRQ7t+1q4xK+YeyH3jVlJMg=), B172(A,mibEFAG0BAh2ergx19RpvsYNVcZ2pFNLL33BaF5fRME=), B172(C,yLT0hBO7UItDGAZBXK91CMzM/x1tMWhlCnuDeFV5SMA=)];1t;1c) for round 173
[2m2025-03-25T07:55:43.725571Z[0m [32m INFO[0m [1mnode[0m[1m{[0m[3mname[0m[2m=[0mk#8dcff6d1..[1m}[0m[2m:[0m [2mconsensus_core::core[0m[2m:[0m [2mconsensus/core/src/core.rs[0m[2m:[0m[2m531:[0m Created block B173(A,4vPKelStcAbTGt34wZY7UHd5gFtBuEM+oKkQHYrwDZY=)(1742889343725ms;[B172(A,mibEFAG0BAh2ergx19RpvsYNVcZ2pFNLL33BaF5fRME=), B172(B,MGCJ8Vk6w9WLnsaweKqzMRQ7t+1q4xK+YeyH3jVlJMg=), B172(C,yLT0hBO7UItDGAZBXK91CMzM/x1tMWhlCnuDeFV5SMA=)];1t;1c) for round 173
[2m2025-03-25T07:55:43.725629Z[0m [32m INFO[0m [1mnode[0m[1m{[0m[3mname[0m[2m=[0mk#99f25ef6..[1m}[0m[2m:[0m [2mconsensus_core::core[0m[2m:[0m [2mconsensus/core/src/core.rs[0m[2m:[0m[2m630:[0m Committing 1 leaders: B171(C,2Wbj)
[2m2025-03-25T07:55:43.725635Z[0m [32m INFO[0m [1mnode[0m[1m{[0m[3mname[0m[2m=[0mk#8dcff6d1..[1m}[0m[2m:[0m [2mconsensus_core::core[0m[2m:[0m [2mconsensus/core/src/core.rs[0m[2m:[0m[2m630:[0m Committing 1 leaders: B171(C,2Wbj)
[2m2025-03-25T07:55:43.725699Z[0m [32m INFO[0m [1mnode[0m[1m{[0m[3mname[0m[2m=[0mk#99f25ef6..[1m}[0m[2m:[0m [2mconsensus_core::commit_observer[0m[2m:[0m [2mconsensus/core/src/commit_observer.rs[0m[2m:[0m[2m173:[0m Consensus commit C161(JUyA) with leader B171(C,2Wbj) has 3 blocks
[2m2025-03-25T07:55:43.725700Z[0m [32m INFO[0m [1mnode[0m[1m{[0m[3mname[0m[2m=[0mk#8dcff6d1..[1m}[0m[2m:[0m [2mconsensus_core::commit_observer[0m[2m:[0m [2mconsensus/core/src/commit_observer.rs[0m[2m:[0m[2m173:[0m Consensus commit C161(JUyA) with leader B171(C,2Wbj) has 3 blocks
[2m2025-03-25T07:55:43.725783Z[0m [32m INFO[0m [1mnode[0m[1m{[0m[3mname[0m[2m=[0mk#99f25ef6..[1m}[0m[2m:[0m [2msui_core::consensus_handler[0m[2m:[0m [2mcrates/sui-core/src/consensus_handler.rs[0m[2m:[0m[2m232:[0m Received consensus output [3mconsensus_commit[0m[2m=[0mCommittedSubDag(leader=B171(C,2Wbj), ref=C161(JUyA), blocks=[AdGG, fDZK, 2Wbj]) [3mepoch[0m[2m=[0m1
[2m2025-03-25T07:55:43.725783Z[0m [32m INFO[0m [1mnode[0m[1m{[0m[3mname[0m[2m=[0mk#8dcff6d1..[1m}[0m[2m:[0m [2msui_core::consensus_handler[0m[2m:[0m [2mcrates/sui-core/src/consensus_handler.rs[0m[2m:[0m[2m232:[0m Received consensus output [3mconsensus_commit[0m[2m=[0mCommittedSubDag(leader=B171(C,2Wbj), ref=C161(JUyA), blocks=[AdGG, fDZK, 2Wbj]) [3mepoch[0m[2m=[0m1
[2m2025-03-25T07:55:43.729500Z[0m [32m INFO[0m [1mnode[0m[1m{[0m[3mname[0m[2m=[0mk#addeef94..[1m}[0m[2m:[0m [2mconsensus_core::core[0m[2m:[0m [2mconsensus/core/src/core.rs[0m[2m:[0m[2m630:[0m Committing 1 leaders: B171(C,2Wbj)
[2m2025-03-25T07:55:43.729601Z[0m [32m INFO[0m [1mnode[0m[1m{[0m[3mname[0m[2m=[0mk#addeef94..[1m}[0m[2m:[0m [2mconsensus_core::commit_observer[0m[2m:[0m [2mconsensus/core/src/commit_observer.rs[0m[2m:[0m[2m173:[0m Consensus commit C161(JUyA) with leader B171(C,2Wbj) has 3 blocks
[2m2025-03-25T07:55:43.729735Z[0m [32m INFO[0m [1mnode[0m[1m{[0m[3mname[0m[2m=[0mk#addeef94..[1m}[0m[2m:[0m [2msui_core::consensus_handler[0m[2m:[0m [2mcrates/sui-core/src/consensus_handler.rs[0m[2m:[0m[2m232:[0m Received consensus output [3mconsensus_commit[0m[2m=[0mCommittedSubDag(leader=B171(C,2Wbj), ref=C161(JUyA), blocks=[AdGG, fDZK, 2Wbj]) [3mepoch[0m[2m=[0m1
[2m2025-03-25T07:55:43.752313Z[0m [32m INFO[0m [1mnode[0m[1m{[0m[3mname[0m[2m=[0mk#99f25ef6..[1m}[0m[2m:[0m [2msui_core::checkpoints[0m[2m:[0m [2mcrates/sui-core/src/checkpoints/mod.rs[0m[2m:[0m[2m1326:[0m Creating checkpoint(s) for 2 transactions [3mnext_checkpoint_seq[0m[2m=[0m374 [3mcheckpoint_timestamp[0m[2m=[0m1742889343191
[2m2025-03-25T07:55:43.752314Z[0m [32m INFO[0m [1mnode[0m[1m{[0m[3mname[0m[2m=[0mk#8dcff6d1..[1m}[0m[2m:[0m [2msui_core::checkpoints[0m[2m:[0m [2mcrates/sui-core/src/checkpoints/mod.rs[0m[2m:[0m[2m1326:[0m Creating checkpoint(s) for 2 transactions [3mnext_checkpoint_seq[0m[2m=[0m374 [3mcheckpoint_timestamp[0m[2m=[0m1742889343191
[2m2025-03-25T07:55:43.752620Z[0m [32m INFO[0m [1mnode[0m[1m{[0m[3mname[0m[2m=[0mk#99f25ef6..[1m}[0m[2m:[0m [2msui_core::checkpoints::checkpoint_output[0m[2m:[0m [2mcrates/sui-core/src/checkpoints/checkpoint_output.rs[0m[2m:[0m[2m149:[0m Creating checkpoint CheckpointDigest(HryxECv9T4PVQk7EbkofkqSCNVyxAZXgVYWarTLwWvwa) at epoch 1, sequence 374, previous digest Some(CheckpointDigest(D15K9yMfzWTjJXGffQvUzHCm63YHRcwuv88Z4pMB7EzQ)), transactions count 2, content digest CheckpointContentsDigest(7yXR56mgiVQqGBj6P3pse1ofptD7mBD69nfTUfDFst4G), end_of_epoch_data None
[2m2025-03-25T07:55:43.752620Z[0m [32m INFO[0m [1mnode[0m[1m{[0m[3mname[0m[2m=[0mk#8dcff6d1..[1m}[0m[2m:[0m [2msui_core::checkpoints::checkpoint_output[0m[2m:[0m [2mcrates/sui-core/src/checkpoints/checkpoint_output.rs[0m[2m:[0m[2m149:[0m Creating checkpoint CheckpointDigest(HryxECv9T4PVQk7EbkofkqSCNVyxAZXgVYWarTLwWvwa) at epoch 1, sequence 374, previous digest Some(CheckpointDigest(D15K9yMfzWTjJXGffQvUzHCm63YHRcwuv88Z4pMB7EzQ)), transactions count 2, content digest CheckpointContentsDigest(7yXR56mgiVQqGBj6P3pse1ofptD7mBD69nfTUfDFst4G), end_of_epoch_data None
[2m2025-03-25T07:55:43.755619Z[0m [32m INFO[0m [1mnode[0m[1m{[0m[3mname[0m[2m=[0mk#99f25ef6..[1m}[0m[2m:[0m [2msui_core::checkpoints::checkpoint_output[0m[2m:[0m [2mcrates/sui-core/src/checkpoints/checkpoint_output.rs[0m[2m:[0m[2m196:[0m Certified checkpoint with sequence 373 and digest D15K9yMfzWTjJXGffQvUzHCm63YHRcwuv88Z4pMB7EzQ
[2m2025-03-25T07:55:43.755626Z[0m [32m INFO[0m [1mnode[0m[1m{[0m[3mname[0m[2m=[0mk#8dcff6d1..[1m}[0m[2m:[0m [2msui_core::checkpoints::checkpoint_output[0m[2m:[0m [2mcrates/sui-core/src/checkpoints/checkpoint_output.rs[0m[2m:[0m[2m196:[0m Certified checkpoint with sequence 373 and digest D15K9yMfzWTjJXGffQvUzHCm63YHRcwuv88Z4pMB7EzQ
[2m2025-03-25T07:55:43.755749Z[0m [32m INFO[0m [1mnode[0m[1m{[0m[3mname[0m[2m=[0mk#addeef94..[1m}[0m[2m:[0m [2msui_core::checkpoints[0m[2m:[0m [2mcrates/sui-core/src/checkpoints/mod.rs[0m[2m:[0m[2m1326:[0m Creating checkpoint(s) for 2 transactions [3mnext_checkpoint_seq[0m[2m=[0m374 [3mcheckpoint_timestamp[0m[2m=[0m1742889343191
[2m2025-03-25T07:55:43.756003Z[0m [32m INFO[0m [1mnode[0m[1m{[0m[3mname[0m[2m=[0mk#addeef94..[1m}[0m[2m:[0m [2msui_core::checkpoints::checkpoint_output[0m[2m:[0m [2mcrates/sui-core/src/checkpoints/checkpoint_output.rs[0m[2m:[0m[2m149:[0m Creating checkpoint CheckpointDigest(HryxECv9T4PVQk7EbkofkqSCNVyxAZXgVYWarTLwWvwa) at epoch 1, sequence 374, previous digest Some(CheckpointDigest(D15K9yMfzWTjJXGffQvUzHCm63YHRcwuv88Z4pMB7EzQ)), transactions count 2, content digest CheckpointContentsDigest(7yXR56mgiVQqGBj6P3pse1ofptD7mBD69nfTUfDFst4G), end_of_epoch_data None
[2m2025-03-25T07:55:43.756063Z[0m [32m INFO[0m [1mnode[0m[1m{[0m[3mname[0m[2m=[0mk#8dcff6d1..[1m}[0m[2m:[0m [2msui_core::checkpoints::checkpoint_executor[0m[2m:[0m [2mcrates/sui-core/src/checkpoints/checkpoint_executor/mod.rs[0m[2m:[0m[2m332:[0m Received checkpoint summary from state sync [3msequence_number[0m[2m=[0m373
[2m2025-03-25T07:55:43.756063Z[0m [32m INFO[0m [1mnode[0m[1m{[0m[3mname[0m[2m=[0mk#99f25ef6..[1m}[0m[2m:[0m [2msui_core::checkpoints::checkpoint_executor[0m[2m:[0m [2mcrates/sui-core/src/checkpoints/checkpoint_executor/mod.rs[0m[2m:[0m[2m332:[0m Received checkpoint summary from state sync [3msequence_number[0m[2m=[0m373
[2m2025-03-25T07:55:43.757232Z[0m [32m INFO[0m [1mnode[0m[1m{[0m[3mname[0m[2m=[0mk#99f25ef6..[1m}[0m[2m:[0m [2msui_core::state_accumulator[0m[2m:[0m [2mcrates/sui-core/src/state_accumulator.rs[0m[2m:[0m[2m675:[0m accumulating running root for checkpoint 373
[2m2025-03-25T07:55:43.757237Z[0m [32m INFO[0m [1mnode[0m[1m{[0m[3mname[0m[2m=[0mk#8dcff6d1..[1m}[0m[2m:[0m [2msui_core::state_accumulator[0m[2m:[0m [2mcrates/sui-core/src/state_accumulator.rs[0m[2m:[0m[2m675:[0m accumulating running root for checkpoint 373
[2m2025-03-25T07:55:43.759442Z[0m [32m INFO[0m [1mnode[0m[1m{[0m[3mname[0m[2m=[0mk#addeef94..[1m}[0m[2m:[0m [2msui_core::checkpoints::checkpoint_executor[0m[2m:[0m [2mcrates/sui-core/src/checkpoints/checkpoint_executor/mod.rs[0m[2m:[0m[2m332:[0m Received checkpoint summary from state sync [3msequence_number[0m[2m=[0m373
[2m2025-03-25T07:55:43.760151Z[0m [32m INFO[0m [1mnode[0m[1m{[0m[3mname[0m[2m=[0mk#addeef94..[1m}[0m[2m:[0m [2msui_core::state_accumulator[0m[2m:[0m [2mcrates/sui-core/src/state_accumulator.rs[0m[2m:[0m[2m675:[0m accumulating running root for checkpoint 373
[2m2025-03-25T07:55:43.978359Z[0m [32m INFO[0m [1mnode[0m[1m{[0m[3mname[0m[2m=[0mk#8dcff6d1..[1m}[0m[2m:[0m [2mconsensus_core::core[0m[2m:[0m [2mconsensus/core/src/core.rs[0m[2m:[0m[2m945:[0m Included 3 ancestors & excluded 0 ancestors for proposal in round 174
[2m2025-03-25T07:55:43.978359Z[0m [32m INFO[0m [1mnode[0m[1m{[0m[3mname[0m[2m=[0mk#99f25ef6..[1m}[0m[2m:[0m [2mconsensus_core::core[0m[2m:[0m [2mconsensus/core/src/core.rs[0m[2m:[0m[2m945:[0m Included 3 ancestors & excluded 0 ancestors for proposal in round 174
[2m2025-03-25T07:55:43.978768Z[0m [32m INFO[0m [1mnode[0m[1m{[0m[3mname[0m[2m=[0mk#99f25ef6..[1m}[0m[2m:[0m [2mconsensus_core::core[0m[2m:[0m [2mconsensus/core/src/core.rs[0m[2m:[0m[2m531:[0m Created block B174(B,hbaXt2ezJ2HfndMCfs7kqOCZ7c6DdW7dnl7SQw+TBM8=)(1742889343978ms;[B173(B,A2SOO862TIcfNacnwv4U06F6XZN2eJLRu6fz6YGzF4E=), B173(A,4vPKelStcAbTGt34wZY7UHd5gFtBuEM+oKkQHYrwDZY=), B173(C,ESQwNv5S2pic1T1d/y4QzxxNxG4Kg9bpNPokeqBamZ4=)];1t;1c) for round 174
[2m2025-03-25T07:55:43.978768Z[0m [32m INFO[0m [1mnode[0m[1m{[0m[3mname[0m[2m=[0mk#8dcff6d1..[1m}[0m[2m:[0m [2mconsensus_core::core[0m[2m:[0m [2mconsensus/core/src/core.rs[0m[2m:[0m[2m531:[0m Created block B174(A,BBck6WQH75nuVBZcBxirGr8E0VwGUj0YsBHmYtAuiBc=)(1742889343978ms;[B173(A,4vPKelStcAbTGt34wZY7UHd5gFtBuEM+oKkQHYrwDZY=), B173(B,A2SOO862TIcfNacnwv4U06F6XZN2eJLRu6fz6YGzF4E=), B173(C,ESQwNv5S2pic1T1d/y4QzxxNxG4Kg9bpNPokeqBamZ4=)];1t;1c) for round 174
[2m2025-03-25T07:55:43.982085Z[0m [32m INFO[0m [1mnode[0m[1m{[0m[3mname[0m[2m=[0mk#addeef94..[1m}[0m[2m:[0m [2mconsensus_core::core[0m[2m:[0m [2mconsensus/core/src/core.rs[0m[2m:[0m[2m945:[0m Included 3 ancestors & excluded 0 ancestors for proposal in round 174
[2m2025-03-25T07:55:43.982394Z[0m [32m INFO[0m [1mnode[0m[1m{[0m[3mname[0m[2m=[0mk#addeef94..[1m}[0m[2m:[0m [2mconsensus_core::core[0m[2m:[0m [2mconsensus/core/src/core.rs[0m[2m:[0m[2m531:[0m Created block B174(C,LulHTNcUA9VpbU0AeaAyoBJfSHACpMKnCvwqVIvAtt8=)(1742889343982ms;[B173(C,ESQwNv5S2pic1T1d/y4QzxxNxG4Kg9bpNPokeqBamZ4=), B173(A,4vPKelStcAbTGt34wZY7UHd5gFtBuEM+oKkQHYrwDZY=), B173(B,A2SOO862TIcfNacnwv4U06F6XZN2eJLRu6fz6YGzF4E=)];1t;1c) for round 174
[2m2025-03-25T07:55:43.982462Z[0m [32m INFO[0m [1mnode[0m[1m{[0m[3mname[0m[2m=[0mk#addeef94..[1m}[0m[2m:[0m [2mconsensus_core::core[0m[2m:[0m [2mconsensus/core/src/core.rs[0m[2m:[0m[2m630:[0m Committing 1 leaders: B172(C,yLT0)
[2m2025-03-25T07:55:43.982533Z[0m [32m INFO[0m [1mnode[0m[1m{[0m[3mname[0m[2m=[0mk#addeef94..[1m}[0m[2m:[0m [2mconsensus_core::commit_observer[0m[2m:[0m [2mconsensus/core/src/commit_observer.rs[0m[2m:[0m[2m173:[0m Consensus commit C162(rVtt) with leader B172(C,yLT0) has 3 blocks
[2m2025-03-25T07:55:43.982619Z[0m [32m INFO[0m [1mnode[0m[1m{[0m[3mname[0m[2m=[0mk#addeef94..[1m}[0m[2m:[0m [2msui_core::consensus_handler[0m[2m:[0m [2mcrates/sui-core/src/consensus_handler.rs[0m[2m:[0m[2m232:[0m Received consensus output [3mconsensus_commit[0m[2m=[0mCommittedSubDag(leader=B172(C,yLT0), ref=C162(rVtt), blocks=[3ZR1, hycY, yLT0]) [3mepoch[0m[2m=[0m1
[2m2025-03-25T07:55:43.985806Z[0m [32m INFO[0m [1mnode[0m[1m{[0m[3mname[0m[2m=[0mk#8dcff6d1..[1m}[0m[2m:[0m [2msui_core::checkpoints::checkpoint_output[0m[2m:[0m [2mcrates/sui-core/src/checkpoints/checkpoint_output.rs[0m[2m:[0m[2m196:[0m Certified checkpoint with sequence 374 and digest HryxECv9T4PVQk7EbkofkqSCNVyxAZXgVYWarTLwWvwa
[2m2025-03-25T07:55:43.985816Z[0m [32m INFO[0m [1mnode[0m[1m{[0m[3mname[0m[2m=[0mk#99f25ef6..[1m}[0m[2m:[0m [2msui_core::checkpoints::checkpoint_output[0m[2m:[0m [2mcrates/sui-core/src/checkpoints/checkpoint_output.rs[0m[2m:[0m[2m196:[0m Certified checkpoint with sequence 374 and digest HryxECv9T4PVQk7EbkofkqSCNVyxAZXgVYWarTLwWvwa
[2m2025-03-25T07:55:43.985920Z[0m [32m INFO[0m [1mnode[0m[1m{[0m[3mname[0m[2m=[0mk#8dcff6d1..[1m}[0m[2m:[0m [2mconsensus_core::core[0m[2m:[0m [2mconsensus/core/src/core.rs[0m[2m:[0m[2m630:[0m Committing 1 leaders: B172(C,yLT0)
[2m2025-03-25T07:55:43.985922Z[0m [32m INFO[0m [1mnode[0m[1m{[0m[3mname[0m[2m=[0mk#99f25ef6..[1m}[0m[2m:[0m [2mconsensus_core::core[0m[2m:[0m [2mconsensus/core/src/core.rs[0m[2m:[0m[2m630:[0m Committing 1 leaders: B172(C,yLT0)
[2m2025-03-25T07:55:43.986020Z[0m [32m INFO[0m [1mnode[0m[1m{[0m[3mname[0m[2m=[0mk#8dcff6d1..[1m}[0m[2m:[0m [2mconsensus_core::commit_observer[0m[2m:[0m [2mconsensus/core/src/commit_observer.rs[0m[2m:[0m[2m173:[0m Consensus commit C162(rVtt) with leader B172(C,yLT0) has 3 blocks
[2m2025-03-25T07:55:43.986028Z[0m [32m INFO[0m [1mnode[0m[1m{[0m[3mname[0m[2m=[0mk#99f25ef6..[1m}[0m[2m:[0m [2mconsensus_core::commit_observer[0m[2m:[0m [2mconsensus/core/src/commit_observer.rs[0m[2m:[0m[2m173:[0m Consensus commit C162(rVtt) with leader B172(C,yLT0) has 3 blocks
[2m2025-03-25T07:55:43.986482Z[0m [32m INFO[0m [1mnode[0m[1m{[0m[3mname[0m[2m=[0mk#8dcff6d1..[1m}[0m[2m:[0m [2msui_core::consensus_handler[0m[2m:[0m [2mcrates/sui-core/src/consensus_handler.rs[0m[2m:[0m[2m232:[0m Received consensus output [3mconsensus_commit[0m[2m=[0mCommittedSubDag(leader=B172(C,yLT0), ref=C162(rVtt), blocks=[3ZR1, hycY, yLT0]) [3mepoch[0m[2m=[0m1
[2m2025-03-25T07:55:43.986482Z[0m [32m INFO[0m [1mnode[0m[1m{[0m[3mname[0m[2m=[0mk#99f25ef6..[1m}[0m[2m:[0m [2msui_core::consensus_handler[0m[2m:[0m [2mcrates/sui-core/src/consensus_handler.rs[0m[2m:[0m[2m232:[0m Received consensus output [3mconsensus_commit[0m[2m=[0mCommittedSubDag(leader=B172(C,yLT0), ref=C162(rVtt), blocks=[3ZR1, hycY, yLT0]) [3mepoch[0m[2m=[0m1
[2m2025-03-25T07:55:43.987122Z[0m [32m INFO[0m [1mnode[0m[1m{[0m[3mname[0m[2m=[0mk#99f25ef6..[1m}[0m[2m:[0m [2msui_core::checkpoints::checkpoint_executor[0m[2m:[0m [2mcrates/sui-core/src/checkpoints/checkpoint_executor/mod.rs[0m[2m:[0m[2m332:[0m Received checkpoint summary from state sync [3msequence_number[0m[2m=[0m374
[2m2025-03-25T07:55:43.987122Z[0m [32m INFO[0m [1mnode[0m[1m{[0m[3mname[0m[2m=[0mk#8dcff6d1..[1m}[0m[2m:[0m [2msui_core::checkpoints::checkpoint_executor[0m[2m:[0m [2mcrates/sui-core/src/checkpoints/checkpoint_executor/mod.rs[0m[2m:[0m[2m332:[0m Received checkpoint summary from state sync [3msequence_number[0m[2m=[0m374
[2m2025-03-25T07:55:44.000744Z[0m [32m INFO[0m [1mnode[0m[1m{[0m[3mname[0m[2m=[0mk#99f25ef6..[1m}[0m[2m:[0m [2msui_core::state_accumulator[0m[2m:[0m [2mcrates/sui-core/src/state_accumulator.rs[0m[2m:[0m[2m675:[0m accumulating running root for checkpoint 374
[2m2025-03-25T07:55:44.000748Z[0m [32m INFO[0m [1mnode[0m[1m{[0m[3mname[0m[2m=[0mk#8dcff6d1..[1m}[0m[2m:[0m [2msui_core::state_accumulator[0m[2m:[0m [2mcrates/sui-core/src/state_accumulator.rs[0m[2m:[0m[2m675:[0m accumulating running root for checkpoint 374
[2m2025-03-25T07:55:44.026897Z[0m [32m INFO[0m [1mnode[0m[1m{[0m[3mname[0m[2m=[0mk#addeef94..[1m}[0m[2m:[0m [2msui_core::checkpoints[0m[2m:[0m [2mcrates/sui-core/src/checkpoints/mod.rs[0m[2m:[0m[2m1326:[0m Creating checkpoint(s) for 1 transactions [3mnext_checkpoint_seq[0m[2m=[0m375 [3mcheckpoint_timestamp[0m[2m=[0m1742889343462
[2m2025-03-25T07:55:44.027126Z[0m [32m INFO[0m [1mnode[0m[1m{[0m[3mname[0m[2m=[0mk#addeef94..[1m}[0m[2m:[0m [2msui_core::checkpoints::checkpoint_output[0m[2m:[0m [2mcrates/sui-core/src/checkpoints/checkpoint_output.rs[0m[2m:[0m[2m149:[0m Creating checkpoint CheckpointDigest(DMErxoKDggxj3c6UHsNy9bfnsQY23n6xXnJoyPybeKZV) at epoch 1, sequence 375, previous digest Some(CheckpointDigest(HryxECv9T4PVQk7EbkofkqSCNVyxAZXgVYWarTLwWvwa)), transactions count 1, content digest CheckpointContentsDigest(6KFWwC7nzTynyiZ4KexVSNa7oBJ7MK5oSLiYbbkDG4Q1), end_of_epoch_data None
[2m2025-03-25T07:55:44.032103Z[0m [32m INFO[0m [1mnode[0m[1m{[0m[3mname[0m[2m=[0mk#8dcff6d1..[1m}[0m[2m:[0m [2msui_core::checkpoints[0m[2m:[0m [2mcrates/sui-core/src/checkpoints/mod.rs[0m[2m:[0m[2m1326:[0m Creating checkpoint(s) for 1 transactions [3mnext_checkpoint_seq[0m[2m=[0m375 [3mcheckpoint_timestamp[0m[2m=[0m1742889343462
[2m2025-03-25T07:55:44.032105Z[0m [32m INFO[0m [1mnode[0m[1m{[0m[3mname[0m[2m=[0mk#99f25ef6..[1m}[0m[2m:[0m [2msui_core::checkpoints[0m[2m:[0m [2mcrates/sui-core/src/checkpoints/mod.rs[0m[2m:[0m[2m1326:[0m Creating checkpoint(s) for 1 transactions [3mnext_checkpoint_seq[0m[2m=[0m375 [3mcheckpoint_timestamp[0m[2m=[0m1742889343462
[2m2025-03-25T07:55:44.032287Z[0m [32m INFO[0m [1mnode[0m[1m{[0m[3mname[0m[2m=[0mk#99f25ef6..[1m}[0m[2m:[0m [2msui_core::checkpoints::checkpoint_output[0m[2m:[0m [2mcrates/sui-core/src/checkpoints/checkpoint_output.rs[0m[2m:[0m[2m149:[0m Creating checkpoint CheckpointDigest(DMErxoKDggxj3c6UHsNy9bfnsQY23n6xXnJoyPybeKZV) at epoch 1, sequence 375, previous digest Some(CheckpointDigest(HryxECv9T4PVQk7EbkofkqSCNVyxAZXgVYWarTLwWvwa)), transactions count 1, content digest CheckpointContentsDigest(6KFWwC7nzTynyiZ4KexVSNa7oBJ7MK5oSLiYbbkDG4Q1), end_of_epoch_data None
[2m2025-03-25T07:55:44.032287Z[0m [32m INFO[0m [1mnode[0m[1m{[0m[3mname[0m[2m=[0mk#8dcff6d1..[1m}[0m[2m:[0m [2msui_core::checkpoints::checkpoint_output[0m[2m:[0m [2mcrates/sui-core/src/checkpoints/checkpoint_output.rs[0m[2m:[0m[2m149:[0m Creating checkpoint CheckpointDigest(DMErxoKDggxj3c6UHsNy9bfnsQY23n6xXnJoyPybeKZV) at epoch 1, sequence 375, previous digest Some(CheckpointDigest(HryxECv9T4PVQk7EbkofkqSCNVyxAZXgVYWarTLwWvwa)), transactions count 1, content digest CheckpointContentsDigest(6KFWwC7nzTynyiZ4KexVSNa7oBJ7MK5oSLiYbbkDG4Q1), end_of_epoch_data None
[2m2025-03-25T07:55:44.094106Z[0m [32m INFO[0m [1mnode[0m[1m{[0m[3mname[0m[2m=[0mk#addeef94..[1m}[0m[2m:[0m [2msui_core::checkpoints::checkpoint_executor[0m[2m:[0m [2mcrates/sui-core/src/checkpoints/checkpoint_executor/mod.rs[0m[2m:[0m[2m332:[0m Received checkpoint summary from state sync [3msequence_number[0m[2m=[0m374
[2m2025-03-25T07:55:44.095562Z[0m [32m INFO[0m [1mnode[0m[1m{[0m[3mname[0m[2m=[0mk#addeef94..[1m}[0m[2m:[0m [2msui_core::state_accumulator[0m[2m:[0m [2mcrates/sui-core/src/state_accumulator.rs[0m[2m:[0m[2m675:[0m accumulating running root for checkpoint 374
[2m2025-03-25T07:55:44.154004Z[0m [32m INFO[0m [1mnode[0m[1m{[0m[3mname[0m[2m=[0mk#addeef94..[1m}[0m[2m:[0m [2mconsensus_core::core[0m[2m:[0m [2mconsensus/core/src/core.rs[0m[2m:[0m[2m694:[0m Received quorum round per authority in ancestor state manager set to: [(174, 174), (174, 174), (174, 174)]
[2m2025-03-25T07:55:44.154018Z[0m [32m INFO[0m [1mnode[0m[1m{[0m[3mname[0m[2m=[0mk#addeef94..[1m}[0m[2m:[0m [2mconsensus_core::core[0m[2m:[0m [2mconsensus/core/src/core.rs[0m[2m:[0m[2m695:[0m Accepted quorum round per authority in ancestor state manager set to: [(174, 174), (174, 174), (174, 174)]
[2m2025-03-25T07:55:44.154024Z[0m [32m INFO[0m [1mnode[0m[1m{[0m[3mname[0m[2m=[0mk#addeef94..[1m}[0m[2m:[0m [2mconsensus_core::core[0m[2m:[0m [2mconsensus/core/src/core.rs[0m[2m:[0m[2m698:[0m Propagation round delay set to: 0
[2m2025-03-25T07:55:44.155901Z[0m [32m INFO[0m [1mnode[0m[1m{[0m[3mname[0m[2m=[0mk#8dcff6d1..[1m}[0m[2m:[0m [2mconsensus_core::core[0m[2m:[0m [2mconsensus/core/src/core.rs[0m[2m:[0m[2m694:[0m Received quorum round per authority in ancestor state manager set to: [(174, 174), (174, 174), (174, 174)]
[2m2025-03-25T07:55:44.155901Z[0m [32m INFO[0m [1mnode[0m[1m{[0m[3mname[0m[2m=[0mk#99f25ef6..[1m}[0m[2m:[0m [2mconsensus_core::core[0m[2m:[0m [2mconsensus/core/src/core.rs[0m[2m:[0m[2m694:[0m Received quorum round per authority in ancestor state manager set to: [(174, 174), (174, 174), (174, 174)]
[2m2025-03-25T07:55:44.155909Z[0m [32m INFO[0m [1mnode[0m[1m{[0m[3mname[0m[2m=[0mk#8dcff6d1..[1m}[0m[2m:[0m [2mconsensus_core::core[0m[2m:[0m [2mconsensus/core/src/core.rs[0m[2m:[0m[2m695:[0m Accepted quorum round per authority in ancestor state manager set to: [(174, 174), (174, 174), (174, 174)]
[2m2025-03-25T07:55:44.155910Z[0m [32m INFO[0m [1mnode[0m[1m{[0m[3mname[0m[2m=[0mk#99f25ef6..[1m}[0m[2m:[0m [2mconsensus_core::core[0m[2m:[0m [2mconsensus/core/src/core.rs[0m[2m:[0m[2m695:[0m Accepted quorum round per authority in ancestor state manager set to: [(174, 174), (174, 174), (174, 174)]
[2m2025-03-25T07:55:44.155916Z[0m [32m INFO[0m [1mnode[0m[1m{[0m[3mname[0m[2m=[0mk#8dcff6d1..[1m}[0m[2m:[0m [2mconsensus_core::core[0m[2m:[0m [2mconsensus/core/src/core.rs[0m[2m:[0m[2m698:[0m Propagation round delay set to: 0
[2m2025-03-25T07:55:44.155916Z[0m [32m INFO[0m [1mnode[0m[1m{[0m[3mname[0m[2m=[0mk#99f25ef6..[1m}[0m[2m:[0m [2mconsensus_core::core[0m[2m:[0m [2mconsensus/core/src/core.rs[0m[2m:[0m[2m698:[0m Propagation round delay set to: 0
[2m2025-03-25T07:55:44.234468Z[0m [32m INFO[0m [1mnode[0m[1m{[0m[3mname[0m[2m=[0mk#addeef94..[1m}[0m[2m:[0m [2mconsensus_core::core[0m[2m:[0m [2mconsensus/core/src/core.rs[0m[2m:[0m[2m945:[0m Included 3 ancestors & excluded 0 ancestors for proposal in round 175
[2m2025-03-25T07:55:44.234833Z[0m [32m INFO[0m [1mnode[0m[1m{[0m[3mname[0m[2m=[0mk#addeef94..[1m}[0m[2m:[0m [2mconsensus_core::core[0m[2m:[0m [2mconsensus/core/src/core.rs[0m[2m:[0m[2m531:[0m Created block B175(C,Ed4Bk4GOznhL6Q1+/yWzMM8/oOftF3P9O5nUvsdY3U4=)(1742889344234ms;[B174(C,LulHTNcUA9VpbU0AeaAyoBJfSHACpMKnCvwqVIvAtt8=), B174(A,BBck6WQH75nuVBZcBxirGr8E0VwGUj0YsBHmYtAuiBc=), B174(B,hbaXt2ezJ2HfndMCfs7kqOCZ7c6DdW7dnl7SQw+TBM8=)];1t;1c) for round 175
[2m2025-03-25T07:55:44.237797Z[0m [32m INFO[0m [1mnode[0m[1m{[0m[3mname[0m[2m=[0mk#8dcff6d1..[1m}[0m[2m:[0m [2mconsensus_core::core[0m[2m:[0m [2mconsensus/core/src/core.rs[0m[2m:[0m[2m945:[0m Included 3 ancestors & excluded 0 ancestors for proposal in round 175
[2m2025-03-25T07:55:44.237798Z[0m [32m INFO[0m [1mnode[0m[1m{[0m[3mname[0m[2m=[0mk#99f25ef6..[1m}[0m[2m:[0m [2mconsensus_core::core[0m[2m:[0m [2mconsensus/core/src/core.rs[0m[2m:[0m[2m945:[0m Included 3 ancestors & excluded 0 ancestors for proposal in round 175
[2m2025-03-25T07:55:44.238083Z[0m [32m INFO[0m [1mnode[0m[1m{[0m[3mname[0m[2m=[0mk#8dcff6d1..[1m}[0m[2m:[0m [2mconsensus_core::core[0m[2m:[0m [2mconsensus/core/src/core.rs[0m[2m:[0m[2m531:[0m Created block B175(A,BfXxOvCjxkLBM8QMrHE8f9F8zxlAluBp0XTiqnxbXtU=)(1742889344237ms;[B174(A,BBck6WQH75nuVBZcBxirGr8E0VwGUj0YsBHmYtAuiBc=), B174(B,hbaXt2ezJ2HfndMCfs7kqOCZ7c6DdW7dnl7SQw+TBM8=), B174(C,LulHTNcUA9VpbU0AeaAyoBJfSHACpMKnCvwqVIvAtt8=)];1t;1c) for round 175
[2m2025-03-25T07:55:44.238083Z[0m [32m INFO[0m [1mnode[0m[1m{[0m[3mname[0m[2m=[0mk#99f25ef6..[1m}[0m[2m:[0m [2mconsensus_core::core[0m[2m:[0m [2mconsensus/core/src/core.rs[0m[2m:[0m[2m531:[0m Created block B175(B,rHbkLq/C8ICVvLM4K4P0bsHAK8Pldqm3eFKCh3rAU9Y=)(1742889344237ms;[B174(B,hbaXt2ezJ2HfndMCfs7kqOCZ7c6DdW7dnl7SQw+TBM8=), B174(A,BBck6WQH75nuVBZcBxirGr8E0VwGUj0YsBHmYtAuiBc=), B174(C,LulHTNcUA9VpbU0AeaAyoBJfSHACpMKnCvwqVIvAtt8=)];1t;1c) for round 175
[2m2025-03-25T07:55:44.238153Z[0m [32m INFO[0m [1mnode[0m[1m{[0m[3mname[0m[2m=[0mk#8dcff6d1..[1m}[0m[2m:[0m [2mconsensus_core::core[0m[2m:[0m [2mconsensus/core/src/core.rs[0m[2m:[0m[2m630:[0m Committing 1 leaders: B173(B,A2SO)
[2m2025-03-25T07:55:44.238153Z[0m [32m INFO[0m [1mnode[0m[1m{[0m[3mname[0m[2m=[0mk#99f25ef6..[1m}[0m[2m:[0m [2mconsensus_core::core[0m[2m:[0m [2mconsensus/core/src/core.rs[0m[2m:[0m[2m630:[0m Committing 1 leaders: B173(B,A2SO)
[2m2025-03-25T07:55:44.238223Z[0m [32m INFO[0m [1mnode[0m[1m{[0m[3mname[0m[2m=[0mk#8dcff6d1..[1m}[0m[2m:[0m [2mconsensus_core::commit_observer[0m[2m:[0m [2mconsensus/core/src/commit_observer.rs[0m[2m:[0m[2m173:[0m Consensus commit C163(Al26) with leader B173(B,A2SO) has 3 blocks
[2m2025-03-25T07:55:44.238223Z[0m [32m INFO[0m [1mnode[0m[1m{[0m[3mname[0m[2m=[0mk#99f25ef6..[1m}[0m[2m:[0m [2mconsensus_core::commit_observer[0m[2m:[0m [2mconsensus/core/src/commit_observer.rs[0m[2m:[0m[2m173:[0m Consensus commit C163(Al26) with leader B173(B,A2SO) has 3 blocks
[2m2025-03-25T07:55:44.238309Z[0m [32m INFO[0m [1mnode[0m[1m{[0m[3mname[0m[2m=[0mk#8dcff6d1..[1m}[0m[2m:[0m [2msui_core::consensus_handler[0m[2m:[0m [2mcrates/sui-core/src/consensus_handler.rs[0m[2m:[0m[2m232:[0m Received consensus output [3mconsensus_commit[0m[2m=[0mCommittedSubDag(leader=B173(B,A2SO), ref=C163(Al26), blocks=[mibE, MGCJ, A2SO]) [3mepoch[0m[2m=[0m1
[2m2025-03-25T07:55:44.238309Z[0m [32m INFO[0m [1mnode[0m[1m{[0m[3mname[0m[2m=[0mk#99f25ef6..[1m}[0m[2m:[0m [2msui_core::consensus_handler[0m[2m:[0m [2mcrates/sui-core/src/consensus_handler.rs[0m[2m:[0m[2m232:[0m Received consensus output [3mconsensus_commit[0m[2m=[0mCommittedSubDag(leader=B173(B,A2SO), ref=C163(Al26), blocks=[mibE, MGCJ, A2SO]) [3mepoch[0m[2m=[0m1
[2m2025-03-25T07:55:44.242021Z[0m [32m INFO[0m [1mnode[0m[1m{[0m[3mname[0m[2m=[0mk#addeef94..[1m}[0m[2m:[0m [2mconsensus_core::core[0m[2m:[0m [2mconsensus/core/src/core.rs[0m[2m:[0m[2m630:[0m Committing 1 leaders: B173(B,A2SO)
[2m2025-03-25T07:55:44.242122Z[0m [32m INFO[0m [1mnode[0m[1m{[0m[3mname[0m[2m=[0mk#addeef94..[1m}[0m[2m:[0m [2mconsensus_core::commit_observer[0m[2m:[0m [2mconsensus/core/src/commit_observer.rs[0m[2m:[0m[2m173:[0m Consensus commit C163(Al26) with leader B173(B,A2SO) has 3 blocks
[2m2025-03-25T07:55:44.242256Z[0m [32m INFO[0m [1mnode[0m[1m{[0m[3mname[0m[2m=[0mk#addeef94..[1m}[0m[2m:[0m [2msui_core::consensus_handler[0m[2m:[0m [2mcrates/sui-core/src/consensus_handler.rs[0m[2m:[0m[2m232:[0m Received consensus output [3mconsensus_commit[0m[2m=[0mCommittedSubDag(leader=B173(B,A2SO), ref=C163(Al26), blocks=[mibE, MGCJ, A2SO]) [3mepoch[0m[2m=[0m1
[2m2025-03-25T07:55:44.264967Z[0m [32m INFO[0m [1mnode[0m[1m{[0m[3mname[0m[2m=[0mk#99f25ef6..[1m}[0m[2m:[0m [2msui_core::checkpoints[0m[2m:[0m [2mcrates/sui-core/src/checkpoints/mod.rs[0m[2m:[0m[2m1326:[0m Creating checkpoint(s) for 2 transactions [3mnext_checkpoint_seq[0m[2m=[0m376 [3mcheckpoint_timestamp[0m[2m=[0m1742889343725
[2m2025-03-25T07:55:44.264967Z[0m [32m INFO[0m [1mnode[0m[1m{[0m[3mname[0m[2m=[0mk#8dcff6d1..[1m}[0m[2m:[0m [2msui_core::checkpoints[0m[2m:[0m [2mcrates/sui-core/src/checkpoints/mod.rs[0m[2m:[0m[2m1326:[0m Creating checkpoint(s) for 2 transactions [3mnext_checkpoint_seq[0m[2m=[0m376 [3mcheckpoint_timestamp[0m[2m=[0m1742889343725
[2m2025-03-25T07:55:44.265283Z[0m [32m INFO[0m [1mnode[0m[1m{[0m[3mname[0m[2m=[0mk#99f25ef6..[1m}[0m[2m:[0m [2msui_core::checkpoints::checkpoint_output[0m[2m:[0m [2mcrates/sui-core/src/checkpoints/checkpoint_output.rs[0m[2m:[0m[2m149:[0m Creating checkpoint CheckpointDigest(8jgAyqDnW5ZaJxscwJDHGMRs1QtJchEKiMdnuFjNxfMb) at epoch 1, sequence 376, previous digest Some(CheckpointDigest(DMErxoKDggxj3c6UHsNy9bfnsQY23n6xXnJoyPybeKZV)), transactions count 2, content digest CheckpointContentsDigest(ACDkQAGqp4vm7i7GxDsCzWtRgYbAq2Xash3KtPvKtCPi), end_of_epoch_data None
[2m2025-03-25T07:55:44.265283Z[0m [32m INFO[0m [1mnode[0m[1m{[0m[3mname[0m[2m=[0mk#8dcff6d1..[1m}[0m[2m:[0m [2msui_core::checkpoints::checkpoint_output[0m[2m:[0m [2mcrates/sui-core/src/checkpoints/checkpoint_output.rs[0m[2m:[0m[2m149:[0m Creating checkpoint CheckpointDigest(8jgAyqDnW5ZaJxscwJDHGMRs1QtJchEKiMdnuFjNxfMb) at epoch 1, sequence 376, previous digest Some(CheckpointDigest(DMErxoKDggxj3c6UHsNy9bfnsQY23n6xXnJoyPybeKZV)), transactions count 2, content digest CheckpointContentsDigest(ACDkQAGqp4vm7i7GxDsCzWtRgYbAq2Xash3KtPvKtCPi), end_of_epoch_data None
[2m2025-03-25T07:55:44.268292Z[0m [32m INFO[0m [1mnode[0m[1m{[0m[3mname[0m[2m=[0mk#addeef94..[1m}[0m[2m:[0m [2msui_core::checkpoints[0m[2m:[0m [2mcrates/sui-core/src/checkpoints/mod.rs[0m[2m:[0m[2m1326:[0m Creating checkpoint(s) for 2 transactions [3mnext_checkpoint_seq[0m[2m=[0m376 [3mcheckpoint_timestamp[0m[2m=[0m1742889343725
[2m2025-03-25T07:55:44.268329Z[0m [32m INFO[0m [1mnode[0m[1m{[0m[3mname[0m[2m=[0mk#99f25ef6..[1m}[0m[2m:[0m [2msui_core::checkpoints::checkpoint_output[0m[2m:[0m [2mcrates/sui-core/src/checkpoints/checkpoint_output.rs[0m[2m:[0m[2m196:[0m Certified checkpoint with sequence 375 and digest DMErxoKDggxj3c6UHsNy9bfnsQY23n6xXnJoyPybeKZV
[2m2025-03-25T07:55:44.268331Z[0m [32m INFO[0m [1mnode[0m[1m{[0m[3mname[0m[2m=[0mk#8dcff6d1..[1m}[0m[2m:[0m [2msui_core::checkpoints::checkpoint_output[0m[2m:[0m [2mcrates/sui-core/src/checkpoints/checkpoint_output.rs[0m[2m:[0m[2m196:[0m Certified checkpoint with sequence 375 and digest DMErxoKDggxj3c6UHsNy9bfnsQY23n6xXnJoyPybeKZV
[2m2025-03-25T07:55:44.268548Z[0m [32m INFO[0m [1mnode[0m[1m{[0m[3mname[0m[2m=[0mk#addeef94..[1m}[0m[2m:[0m [2msui_core::checkpoints::checkpoint_output[0m[2m:[0m [2mcrates/sui-core/src/checkpoints/checkpoint_output.rs[0m[2m:[0m[2m149:[0m Creating checkpoint CheckpointDigest(8jgAyqDnW5ZaJxscwJDHGMRs1QtJchEKiMdnuFjNxfMb) at epoch 1, sequence 376, previous digest Some(CheckpointDigest(DMErxoKDggxj3c6UHsNy9bfnsQY23n6xXnJoyPybeKZV)), transactions count 2, content digest CheckpointContentsDigest(ACDkQAGqp4vm7i7GxDsCzWtRgYbAq2Xash3KtPvKtCPi), end_of_epoch_data None
[2m2025-03-25T07:55:44.268780Z[0m [32m INFO[0m [1mnode[0m[1m{[0m[3mname[0m[2m=[0mk#99f25ef6..[1m}[0m[2m:[0m [2msui_core::checkpoints::checkpoint_executor[0m[2m:[0m [2mcrates/sui-core/src/checkpoints/checkpoint_executor/mod.rs[0m[2m:[0m[2m332:[0m Received checkpoint summary from state sync [3msequence_number[0m[2m=[0m375
[2m2025-03-25T07:55:44.268780Z[0m [32m INFO[0m [1mnode[0m[1m{[0m[3mname[0m[2m=[0mk#8dcff6d1..[1m}[0m[2m:[0m [2msui_core::checkpoints::checkpoint_executor[0m[2m:[0m [2mcrates/sui-core/src/checkpoints/checkpoint_executor/mod.rs[0m[2m:[0m[2m332:[0m Received checkpoint summary from state sync [3msequence_number[0m[2m=[0m375
[2m2025-03-25T07:55:44.269940Z[0m [32m INFO[0m [1mnode[0m[1m{[0m[3mname[0m[2m=[0mk#99f25ef6..[1m}[0m[2m:[0m [2msui_core::state_accumulator[0m[2m:[0m [2mcrates/sui-core/src/state_accumulator.rs[0m[2m:[0m[2m675:[0m accumulating running root for checkpoint 375
[2m2025-03-25T07:55:44.269948Z[0m [32m INFO[0m [1mnode[0m[1m{[0m[3mname[0m[2m=[0mk#8dcff6d1..[1m}[0m[2m:[0m [2msui_core::state_accumulator[0m[2m:[0m [2mcrates/sui-core/src/state_accumulator.rs[0m[2m:[0m[2m675:[0m accumulating running root for checkpoint 375
[2m2025-03-25T07:55:44.272154Z[0m [32m INFO[0m [1mnode[0m[1m{[0m[3mname[0m[2m=[0mk#addeef94..[1m}[0m[2m:[0m [2msui_core::checkpoints::checkpoint_executor[0m[2m:[0m [2mcrates/sui-core/src/checkpoints/checkpoint_executor/mod.rs[0m[2m:[0m[2m332:[0m Received checkpoint summary from state sync [3msequence_number[0m[2m=[0m375
[2m2025-03-25T07:55:44.272888Z[0m [32m INFO[0m [1mnode[0m[1m{[0m[3mname[0m[2m=[0mk#addeef94..[1m}[0m[2m:[0m [2msui_core::state_accumulator[0m[2m:[0m [2mcrates/sui-core/src/state_accumulator.rs[0m[2m:[0m[2m675:[0m accumulating running root for checkpoint 375
[2m2025-03-25T07:55:44.482136Z[0m [32m INFO[0m [2msui_bridge::sui_bridge_watchdog[0m[2m:[0m [2mcrates/sui-bridge/src/sui_bridge_watchdog/mod.rs[0m[2m:[0m[2m47:[0m Running observable SuiBridgeStatus
[2m2025-03-25T07:55:44.482136Z[0m [32m INFO[0m [2msui_bridge::sui_bridge_watchdog[0m[2m:[0m [2mcrates/sui-bridge/src/sui_bridge_watchdog/mod.rs[0m[2m:[0m[2m47:[0m Running observable EthBridgeStatus
[2m2025-03-25T07:55:44.482148Z[0m [32m INFO[0m [2msui_bridge::sui_bridge_watchdog[0m[2m:[0m [2mcrates/sui-bridge/src/sui_bridge_watchdog/mod.rs[0m[2m:[0m[2m47:[0m Running observable EthereumVaultBalance
[2m2025-03-25T07:55:44.482239Z[0m [32m INFO[0m [2msui_bridge::sui_bridge_watchdog[0m[2m:[0m [2mcrates/sui-bridge/src/sui_bridge_watchdog/mod.rs[0m[2m:[0m[2m47:[0m Running observable EthereumVaultBalance
[2m2025-03-25T07:55:44.482874Z[0m [32m INFO[0m [1mobservable[0m[1m{[0m[3mname[0m[2m=[0m"EthereumVaultBalance"[1m}[0m[2m:[0m [2msui_bridge::sui_bridge_watchdog::eth_vault_balance[0m[2m:[0m [2mcrates/sui-bridge/src/sui_bridge_watchdog/eth_vault_balance.rs[0m[2m:[0m[2m98:[0m WETH Vault Balance: 0
[2m2025-03-25T07:55:44.482953Z[0m [32m INFO[0m [1mobservable[0m[1m{[0m[3mname[0m[2m=[0m"EthereumVaultBalance"[1m}[0m[2m:[0m [2msui_bridge::sui_bridge_watchdog::eth_vault_balance[0m[2m:[0m [2mcrates/sui-bridge/src/sui_bridge_watchdog/eth_vault_balance.rs[0m[2m:[0m[2m98:[0m USDT Vault Balance: 10000000000
[2m2025-03-25T07:55:44.482980Z[0m [32m INFO[0m [1mobservable[0m[1m{[0m[3mname[0m[2m=[0m"EthBridgeStatus"[1m}[0m[2m:[0m [2msui_bridge::sui_bridge_watchdog::eth_bridge_status[0m[2m:[0m [2mcrates/sui-bridge/src/sui_bridge_watchdog/eth_bridge_status.rs[0m[2m:[0m[2m47:[0m Eth Bridge Status: false
[2m2025-03-25T07:55:44.490616Z[0m [32m INFO[0m [1mnode[0m[1m{[0m[3mname[0m[2m=[0mk#8dcff6d1..[1m}[0m[2m:[0m [2mconsensus_core::core[0m[2m:[0m [2mconsensus/core/src/core.rs[0m[2m:[0m[2m945:[0m Included 3 ancestors & excluded 0 ancestors for proposal in round 176
[2m2025-03-25T07:55:44.490985Z[0m [32m INFO[0m [1mnode[0m[1m{[0m[3mname[0m[2m=[0mk#8dcff6d1..[1m}[0m[2m:[0m [2mconsensus_core::core[0m[2m:[0m [2mconsensus/core/src/core.rs[0m[2m:[0m[2m531:[0m Created block B176(A,kpyqCvM7DqeX58yDnThsUTyhtXZdamC2soNHRj0Gavw=)(1742889344490ms;[B175(A,BfXxOvCjxkLBM8QMrHE8f9F8zxlAluBp0XTiqnxbXtU=), B175(B,rHbkLq/C8ICVvLM4K4P0bsHAK8Pldqm3eFKCh3rAU9Y=), B175(C,Ed4Bk4GOznhL6Q1+/yWzMM8/oOftF3P9O5nUvsdY3U4=)];1t;1c) for round 176
[2m2025-03-25T07:55:44.492646Z[0m [32m INFO[0m [1mnode[0m[1m{[0m[3mname[0m[2m=[0mk#99f25ef6..[1m}[0m[2m:[0m [2mconsensus_core::core[0m[2m:[0m [2mconsensus/core/src/core.rs[0m[2m:[0m[2m945:[0m Included 3 ancestors & excluded 0 ancestors for proposal in round 176
[2m2025-03-25T07:55:44.492944Z[0m [32m INFO[0m [1mnode[0m[1m{[0m[3mname[0m[2m=[0mk#99f25ef6..[1m}[0m[2m:[0m [2mconsensus_core::core[0m[2m:[0m [2mconsensus/core/src/core.rs[0m[2m:[0m[2m531:[0m Created block B176(B,9rerdl56bwQV1FPkZ/ISu1WYryT73rJfb57syQYDBmU=)(1742889344492ms;[B175(B,rHbkLq/C8ICVvLM4K4P0bsHAK8Pldqm3eFKCh3rAU9Y=), B175(A,BfXxOvCjxkLBM8QMrHE8f9F8zxlAluBp0XTiqnxbXtU=), B175(C,Ed4Bk4GOznhL6Q1+/yWzMM8/oOftF3P9O5nUvsdY3U4=)];1t;1c) for round 176
[2m2025-03-25T07:55:44.492982Z[0m [32m INFO[0m [1mnode[0m[1m{[0m[3mname[0m[2m=[0mk#addeef94..[1m}[0m[2m:[0m [2mconsensus_core::core[0m[2m:[0m [2mconsensus/core/src/core.rs[0m[2m:[0m[2m945:[0m Included 3 ancestors & excluded 0 ancestors for proposal in round 176
[2m2025-03-25T07:55:44.493270Z[0m [32m INFO[0m [1mnode[0m[1m{[0m[3mname[0m[2m=[0mk#addeef94..[1m}[0m[2m:[0m [2mconsensus_core::core[0m[2m:[0m [2mconsensus/core/src/core.rs[0m[2m:[0m[2m531:[0m Created block B176(C,18ESb1a7RB4LuRVdsqxbwx4rVbsHr+GY3cQB1m1LCqw=)(1742889344493ms;[B175(C,Ed4Bk4GOznhL6Q1+/yWzMM8/oOftF3P9O5nUvsdY3U4=), B175(A,BfXxOvCjxkLBM8QMrHE8f9F8zxlAluBp0XTiqnxbXtU=), B175(B,rHbkLq/C8ICVvLM4K4P0bsHAK8Pldqm3eFKCh3rAU9Y=)];1t;1c) for round 176
[2m2025-03-25T07:55:44.493340Z[0m [32m INFO[0m [1mnode[0m[1m{[0m[3mname[0m[2m=[0mk#addeef94..[1m}[0m[2m:[0m [2mconsensus_core::core[0m[2m:[0m [2mconsensus/core/src/core.rs[0m[2m:[0m[2m630:[0m Committing 1 leaders: B174(C,LulH)
[2m2025-03-25T07:55:44.493409Z[0m [32m INFO[0m [1mnode[0m[1m{[0m[3mname[0m[2m=[0mk#addeef94..[1m}[0m[2m:[0m [2mconsensus_core::commit_observer[0m[2m:[0m [2mconsensus/core/src/commit_observer.rs[0m[2m:[0m[2m173:[0m Consensus commit C164(fYsp) with leader B174(C,LulH) has 3 blocks
[2m2025-03-25T07:55:44.493489Z[0m [32m INFO[0m [1mnode[0m[1m{[0m[3mname[0m[2m=[0mk#addeef94..[1m}[0m[2m:[0m [2msui_core::consensus_handler[0m[2m:[0m [2mcrates/sui-core/src/consensus_handler.rs[0m[2m:[0m[2m232:[0m Received consensus output [3mconsensus_commit[0m[2m=[0mCommittedSubDag(leader=B174(C,LulH), ref=C164(fYsp), blocks=[4vPK, ESQw, LulH]) [3mepoch[0m[2m=[0m1
[2m2025-03-25T07:55:44.496570Z[0m [32m INFO[0m [1mnode[0m[1m{[0m[3mname[0m[2m=[0mk#99f25ef6..[1m}[0m[2m:[0m [2msui_core::checkpoints::checkpoint_output[0m[2m:[0m [2mcrates/sui-core/src/checkpoints/checkpoint_output.rs[0m[2m:[0m[2m196:[0m Certified checkpoint with sequence 376 and digest 8jgAyqDnW5ZaJxscwJDHGMRs1QtJchEKiMdnuFjNxfMb
[2m2025-03-25T07:55:44.496676Z[0m [32m INFO[0m [1mnode[0m[1m{[0m[3mname[0m[2m=[0mk#99f25ef6..[1m}[0m[2m:[0m [2mconsensus_core::core[0m[2m:[0m [2mconsensus/core/src/core.rs[0m[2m:[0m[2m630:[0m Committing 1 leaders: B174(C,LulH)
[2m2025-03-25T07:55:44.496791Z[0m [32m INFO[0m [1mnode[0m[1m{[0m[3mname[0m[2m=[0mk#99f25ef6..[1m}[0m[2m:[0m [2mconsensus_core::commit_observer[0m[2m:[0m [2mconsensus/core/src/commit_observer.rs[0m[2m:[0m[2m173:[0m Consensus commit C164(fYsp) with leader B174(C,LulH) has 3 blocks
[2m2025-03-25T07:55:44.496928Z[0m [32m INFO[0m [1mnode[0m[1m{[0m[3mname[0m[2m=[0mk#8dcff6d1..[1m}[0m[2m:[0m [2msui_core::checkpoints::checkpoint_output[0m[2m:[0m [2mcrates/sui-core/src/checkpoints/checkpoint_output.rs[0m[2m:[0m[2m196:[0m Certified checkpoint with sequence 376 and digest 8jgAyqDnW5ZaJxscwJDHGMRs1QtJchEKiMdnuFjNxfMb
[2m2025-03-25T07:55:44.497030Z[0m [32m INFO[0m [1mnode[0m[1m{[0m[3mname[0m[2m=[0mk#8dcff6d1..[1m}[0m[2m:[0m [2mconsensus_core::core[0m[2m:[0m [2mconsensus/core/src/core.rs[0m[2m:[0m[2m630:[0m Committing 1 leaders: B174(C,LulH)
[2m2025-03-25T07:55:44.497129Z[0m [32m INFO[0m [1mnode[0m[1m{[0m[3mname[0m[2m=[0mk#8dcff6d1..[1m}[0m[2m:[0m [2mconsensus_core::commit_observer[0m[2m:[0m [2mconsensus/core/src/commit_observer.rs[0m[2m:[0m[2m173:[0m Consensus commit C164(fYsp) with leader B174(C,LulH) has 3 blocks
[2m2025-03-25T07:55:44.497243Z[0m [32m INFO[0m [1mnode[0m[1m{[0m[3mname[0m[2m=[0mk#99f25ef6..[1m}[0m[2m:[0m [2msui_core::consensus_handler[0m[2m:[0m [2mcrates/sui-core/src/consensus_handler.rs[0m[2m:[0m[2m232:[0m Received consensus output [3mconsensus_commit[0m[2m=[0mCommittedSubDag(leader=B174(C,LulH), ref=C164(fYsp), blocks=[4vPK, ESQw, LulH]) [3mepoch[0m[2m=[0m1
[2m2025-03-25T07:55:44.497516Z[0m [32m INFO[0m [1mnode[0m[1m{[0m[3mname[0m[2m=[0mk#8dcff6d1..[1m}[0m[2m:[0m [2msui_core::consensus_handler[0m[2m:[0m [2mcrates/sui-core/src/consensus_handler.rs[0m[2m:[0m[2m232:[0m Received consensus output [3mconsensus_commit[0m[2m=[0mCommittedSubDag(leader=B174(C,LulH), ref=C164(fYsp), blocks=[4vPK, ESQw, LulH]) [3mepoch[0m[2m=[0m1
[2m2025-03-25T07:55:44.497856Z[0m [32m INFO[0m [1mnode[0m[1m{[0m[3mname[0m[2m=[0mk#99f25ef6..[1m}[0m[2m:[0m [2msui_core::checkpoints::checkpoint_executor[0m[2m:[0m [2mcrates/sui-core/src/checkpoints/checkpoint_executor/mod.rs[0m[2m:[0m[2m332:[0m Received checkpoint summary from state sync [3msequence_number[0m[2m=[0m376
[2m2025-03-25T07:55:44.498082Z[0m [32m INFO[0m [1mnode[0m[1m{[0m[3mname[0m[2m=[0mk#8dcff6d1..[1m}[0m[2m:[0m [2msui_core::checkpoints::checkpoint_executor[0m[2m:[0m [2mcrates/sui-core/src/checkpoints/checkpoint_executor/mod.rs[0m[2m:[0m[2m332:[0m Received checkpoint summary from state sync [3msequence_number[0m[2m=[0m376
[2m2025-03-25T07:55:44.506794Z[0m [32m INFO[0m [2msui_bridge::eth_syncer[0m[2m:[0m [2mcrates/sui-bridge/src/eth_syncer.rs[0m[2m:[0m[2m120:[0m Observed new finalized eth block: 106
[2m2025-03-25T07:55:44.508659Z[0m [32m INFO[0m [2msui_bridge::eth_syncer[0m[2m:[0m [2mcrates/sui-bridge/src/eth_syncer.rs[0m[2m:[0m[2m192:[0m Observed 1 new Eth events [3mcontract_address[0m[2m=[0m0x7b31b399a224ad30d48838f55b41b6a6f1e033ed [3mstart_block[0m[2m=[0m102 [3mend_block[0m[2m=[0m106
[2m2025-03-25T07:55:44.508700Z[0m [32m INFO[0m [2msui_bridge::orchestrator[0m[2m:[0m [2mcrates/sui-bridge/src/orchestrator.rs[0m[2m:[0m[2m237:[0m Received 1 Eth events
[2m2025-03-25T07:55:44.508758Z[0m [32m INFO[0m [2msui_bridge::orchestrator[0m[2m:[0m [2mcrates/sui-bridge/src/orchestrator.rs[0m[2m:[0m[2m257:[0m Observed Eth bridge event: EthSuiBridgeEvents(TokensDepositedFilter(TokensDepositedFilter { source_chain_id: 12, nonce: 0, destination_chain_id: 2, token_id: 4, sui_adjusted_amount: 100000000, sender_address: 0x14dc79964da2c08b23698b3d3cc7ca32193d9955, recipient_address: Bytes(0x04a92ab35c30447220964695cc04dfdb26d007c17bf50c178f19eacb981afca1) }))
[2m2025-03-25T07:55:44.508841Z[0m [32m INFO[0m [2msui_bridge::orchestrator[0m[2m:[0m [2mcrates/sui-bridge/src/orchestrator.rs[0m[2m:[0m[2m271:[0m bbking 325 action: EthToSuiBridgeAction(EthToSuiBridgeAction { eth_tx_hash: 0x37a0a59eb0b20d729929cfdbb17194206988229fa0e8feace4220de670f89bf2, eth_event_index: 1, eth_bridge_event: EthToSuiTokenBridgeV1 { nonce: 0, sui_chain_id: SuiCustom, eth_chain_id: EthCustom, sui_address: 0x04a92ab35c30447220964695cc04dfdb26d007c17bf50c178f19eacb981afca1, eth_address: 0x14dc79964da2c08b23698b3d3cc7ca32193d9955, token_id: 4, sui_adjusted_amount: 100000000, tx_hash: [55, 160, 165, 158, 176, 178, 13, 114, 153, 41, 207, 219, 177, 113, 148, 32, 105, 136, 34, 159, 160, 232, 254, 172, 228, 34, 13, 230, 112, 248, 155, 242], event_idx: 1 } })
[2m2025-03-25T07:55:44.508883Z[0m [32m INFO[0m [2msui_bridge::orchestrator[0m[2m:[0m [2mcrates/sui-bridge/src/orchestrator.rs[0m[2m:[0m[2m281:[0m Received 1 actions from Eth: [EthToSuiBridgeAction(EthToSuiBridgeAction { eth_tx_hash: 0x37a0a59eb0b20d729929cfdbb17194206988229fa0e8feace4220de670f89bf2, eth_event_index: 1, eth_bridge_event: EthToSuiTokenBridgeV1 { nonce: 0, sui_chain_id: SuiCustom, eth_chain_id: EthCustom, sui_address: 0x04a92ab35c30447220964695cc04dfdb26d007c17bf50c178f19eacb981afca1, eth_address: 0x14dc79964da2c08b23698b3d3cc7ca32193d9955, token_id: 4, sui_adjusted_amount: 100000000, tx_hash: [55, 160, 165, 158, 176, 178, 13, 114, 153, 41, 207, 219, 177, 113, 148, 32, 105, 136, 34, 159, 160, 232, 254, 172, 228, 34, 13, 230, 112, 248, 155, 242], event_idx: 1 } })]
[2m2025-03-25T07:55:44.509252Z[0m [32m INFO[0m [2msui_bridge::monitor[0m[2m:[0m [2mcrates/sui-bridge/src/monitor.rs[0m[2m:[0m[2m225:[0m Received EthBridgeEvent: EthSuiBridgeEvents(TokensDepositedFilter(TokensDepositedFilter { source_chain_id: 12, nonce: 0, destination_chain_id: 2, token_id: 4, sui_adjusted_amount: 100000000, sender_address: 0x14dc79964da2c08b23698b3d3cc7ca32193d9955, recipient_address: Bytes(0x04a92ab35c30447220964695cc04dfdb26d007c17bf50c178f19eacb981afca1) }))
[2m2025-03-25T07:55:44.509299Z[0m [32m INFO[0m [2msui_bridge::aml_checker[0m[2m:[0m [2mcrates/sui-bridge/src/aml_checker.rs[0m[2m:[0m[2m89:[0m AMLChecker received action: EthToSuiBridgeAction(EthToSuiBridgeAction { eth_tx_hash: 0x37a0a59eb0b20d729929cfdbb17194206988229fa0e8feace4220de670f89bf2, eth_event_index: 1, eth_bridge_event: EthToSuiTokenBridgeV1 { nonce: 0, sui_chain_id: SuiCustom, eth_chain_id: EthCustom, sui_address: 0x04a92ab35c30447220964695cc04dfdb26d007c17bf50c178f19eacb981afca1, eth_address: 0x14dc79964da2c08b23698b3d3cc7ca32193d9955, token_id: 4, sui_adjusted_amount: 100000000, tx_hash: [55, 160, 165, 158, 176, 178, 13, 114, 153, 41, 207, 219, 177, 113, 148, 32, 105, 136, 34, 159, 160, 232, 254, 172, 228, 34, 13, 230, 112, 248, 155, 242], event_idx: 1 } })
[2m2025-03-25T07:55:44.511461Z[0m [32m INFO[0m [1mnode[0m[1m{[0m[3mname[0m[2m=[0mk#99f25ef6..[1m}[0m[2m:[0m [2msui_core::state_accumulator[0m[2m:[0m [2mcrates/sui-core/src/state_accumulator.rs[0m[2m:[0m[2m675:[0m accumulating running root for checkpoint 376
[2m2025-03-25T07:55:44.511461Z[0m [32m INFO[0m [1mnode[0m[1m{[0m[3mname[0m[2m=[0mk#8dcff6d1..[1m}[0m[2m:[0m [2msui_core::state_accumulator[0m[2m:[0m [2mcrates/sui-core/src/state_accumulator.rs[0m[2m:[0m[2m675:[0m accumulating running root for checkpoint 376
[2m2025-03-25T07:55:44.537493Z[0m [32m INFO[0m [1mnode[0m[1m{[0m[3mname[0m[2m=[0mk#addeef94..[1m}[0m[2m:[0m [2msui_core::checkpoints[0m[2m:[0m [2mcrates/sui-core/src/checkpoints/mod.rs[0m[2m:[0m[2m1326:[0m Creating checkpoint(s) for 1 transactions [3mnext_checkpoint_seq[0m[2m=[0m377 [3mcheckpoint_timestamp[0m[2m=[0m1742889343982
[2m2025-03-25T07:55:44.537720Z[0m [32m INFO[0m [1mnode[0m[1m{[0m[3mname[0m[2m=[0mk#addeef94..[1m}[0m[2m:[0m [2msui_core::checkpoints::checkpoint_output[0m[2m:[0m [2mcrates/sui-core/src/checkpoints/checkpoint_output.rs[0m[2m:[0m[2m149:[0m Creating checkpoint CheckpointDigest(9FC5vKjstFk2ygjzyLaZEWYRuVd5YaWVLt6qQMJYj55Z) at epoch 1, sequence 377, previous digest Some(CheckpointDigest(8jgAyqDnW5ZaJxscwJDHGMRs1QtJchEKiMdnuFjNxfMb)), transactions count 1, content digest CheckpointContentsDigest(5pt6kdkobH647cYVkw2WoaPtvXiwdgNRYYkLAzqyWaWf), end_of_epoch_data None
[2m2025-03-25T07:55:44.542686Z[0m [32m INFO[0m [1mnode[0m[1m{[0m[3mname[0m[2m=[0mk#8dcff6d1..[1m}[0m[2m:[0m [2msui_core::checkpoints[0m[2m:[0m [2mcrates/sui-core/src/checkpoints/mod.rs[0m[2m:[0m[2m1326:[0m Creating checkpoint(s) for 1 transactions [3mnext_checkpoint_seq[0m[2m=[0m377 [3mcheckpoint_timestamp[0m[2m=[0m1742889343982
[2m2025-03-25T07:55:44.542873Z[0m [32m INFO[0m [1mnode[0m[1m{[0m[3mname[0m[2m=[0mk#8dcff6d1..[1m}[0m[2m:[0m [2msui_core::checkpoints::checkpoint_output[0m[2m:[0m [2mcrates/sui-core/src/checkpoints/checkpoint_output.rs[0m[2m:[0m[2m149:[0m Creating checkpoint CheckpointDigest(9FC5vKjstFk2ygjzyLaZEWYRuVd5YaWVLt6qQMJYj55Z) at epoch 1, sequence 377, previous digest Some(CheckpointDigest(8jgAyqDnW5ZaJxscwJDHGMRs1QtJchEKiMdnuFjNxfMb)), transactions count 1, content digest CheckpointContentsDigest(5pt6kdkobH647cYVkw2WoaPtvXiwdgNRYYkLAzqyWaWf), end_of_epoch_data None
[2m2025-03-25T07:55:44.543131Z[0m [32m INFO[0m [1mnode[0m[1m{[0m[3mname[0m[2m=[0mk#99f25ef6..[1m}[0m[2m:[0m [2msui_core::checkpoints[0m[2m:[0m [2mcrates/sui-core/src/checkpoints/mod.rs[0m[2m:[0m[2m1326:[0m Creating checkpoint(s) for 1 transactions [3mnext_checkpoint_seq[0m[2m=[0m377 [3mcheckpoint_timestamp[0m[2m=[0m1742889343982
[2m2025-03-25T07:55:44.543301Z[0m [32m INFO[0m [1mnode[0m[1m{[0m[3mname[0m[2m=[0mk#99f25ef6..[1m}[0m[2m:[0m [2msui_core::checkpoints::checkpoint_output[0m[2m:[0m [2mcrates/sui-core/src/checkpoints/checkpoint_output.rs[0m[2m:[0m[2m149:[0m Creating checkpoint CheckpointDigest(9FC5vKjstFk2ygjzyLaZEWYRuVd5YaWVLt6qQMJYj55Z) at epoch 1, sequence 377, previous digest Some(CheckpointDigest(8jgAyqDnW5ZaJxscwJDHGMRs1QtJchEKiMdnuFjNxfMb)), transactions count 1, content digest CheckpointContentsDigest(5pt6kdkobH647cYVkw2WoaPtvXiwdgNRYYkLAzqyWaWf), end_of_epoch_data None
[2m2025-03-25T07:55:44.610331Z[0m [32m INFO[0m [1mnode[0m[1m{[0m[3mname[0m[2m=[0mk#addeef94..[1m}[0m[2m:[0m [2msui_core::checkpoints::checkpoint_executor[0m[2m:[0m [2mcrates/sui-core/src/checkpoints/checkpoint_executor/mod.rs[0m[2m:[0m[2m332:[0m Received checkpoint summary from state sync [3msequence_number[0m[2m=[0m376
[2m2025-03-25T07:55:44.612469Z[0m [32m INFO[0m [1mnode[0m[1m{[0m[3mname[0m[2m=[0mk#addeef94..[1m}[0m[2m:[0m [2msui_core::state_accumulator[0m[2m:[0m [2mcrates/sui-core/src/state_accumulator.rs[0m[2m:[0m[2m675:[0m accumulating running root for checkpoint 376
[2m2025-03-25T07:55:44.745495Z[0m [32m INFO[0m [1mnode[0m[1m{[0m[3mname[0m[2m=[0mk#addeef94..[1m}[0m[2m:[0m [2mconsensus_core::core[0m[2m:[0m [2mconsensus/core/src/core.rs[0m[2m:[0m[2m945:[0m Included 3 ancestors & excluded 0 ancestors for proposal in round 177
[2m2025-03-25T07:55:44.745869Z[0m [32m INFO[0m [1mnode[0m[1m{[0m[3mname[0m[2m=[0mk#addeef94..[1m}[0m[2m:[0m [2mconsensus_core::core[0m[2m:[0m [2mconsensus/core/src/core.rs[0m[2m:[0m[2m531:[0m Created block B177(C,kwoX9A8V/+J6Eitlw2IAJm+Q5GXgSnf0g0kGJ3q/yyU=)(1742889344745ms;[B176(C,18ESb1a7RB4LuRVdsqxbwx4rVbsHr+GY3cQB1m1LCqw=), B176(A,kpyqCvM7DqeX58yDnThsUTyhtXZdamC2soNHRj0Gavw=), B176(B,9rerdl56bwQV1FPkZ/ISu1WYryT73rJfb57syQYDBmU=)];1t;1c) for round 177
[2m2025-03-25T07:55:44.747957Z[0m [32m INFO[0m [1mnode[0m[1m{[0m[3mname[0m[2m=[0mk#99f25ef6..[1m}[0m[2m:[0m [2mconsensus_core::core[0m[2m:[0m [2mconsensus/core/src/core.rs[0m[2m:[0m[2m945:[0m Included 3 ancestors & excluded 0 ancestors for proposal in round 177
[2m2025-03-25T07:55:44.748251Z[0m [32m INFO[0m [1mnode[0m[1m{[0m[3mname[0m[2m=[0mk#99f25ef6..[1m}[0m[2m:[0m [2mconsensus_core::core[0m[2m:[0m [2mconsensus/core/src/core.rs[0m[2m:[0m[2m531:[0m Created block B177(B,+sXxJGhAvKLJ0aZLSpU11w5ARtyeKFPdu67CvcL1H5Q=)(1742889344748ms;[B176(B,9rerdl56bwQV1FPkZ/ISu1WYryT73rJfb57syQYDBmU=), B176(A,kpyqCvM7DqeX58yDnThsUTyhtXZdamC2soNHRj0Gavw=), B176(C,18ESb1a7RB4LuRVdsqxbwx4rVbsHr+GY3cQB1m1LCqw=)];1t;1c) for round 177
[2m2025-03-25T07:55:44.748321Z[0m [32m INFO[0m [1mnode[0m[1m{[0m[3mname[0m[2m=[0mk#99f25ef6..[1m}[0m[2m:[0m [2mconsensus_core::core[0m[2m:[0m [2mconsensus/core/src/core.rs[0m[2m:[0m[2m630:[0m Committing 1 leaders: B175(C,Ed4B)
[2m2025-03-25T07:55:44.748391Z[0m [32m INFO[0m [1mnode[0m[1m{[0m[3mname[0m[2m=[0mk#99f25ef6..[1m}[0m[2m:[0m [2mconsensus_core::commit_observer[0m[2m:[0m [2mconsensus/core/src/commit_observer.rs[0m[2m:[0m[2m173:[0m Consensus commit C165(uCNL) with leader B175(C,Ed4B) has 3 blocks
[2m2025-03-25T07:55:44.748618Z[0m [32m INFO[0m [1mnode[0m[1m{[0m[3mname[0m[2m=[0mk#99f25ef6..[1m}[0m[2m:[0m [2msui_core::consensus_handler[0m[2m:[0m [2mcrates/sui-core/src/consensus_handler.rs[0m[2m:[0m[2m232:[0m Received consensus output [3mconsensus_commit[0m[2m=[0mCommittedSubDag(leader=B175(C,Ed4B), ref=C165(uCNL), blocks=[BBck, hbaX, Ed4B]) [3mepoch[0m[2m=[0m1
[2m2025-03-25T07:55:44.749375Z[0m [32m INFO[0m [1mnode[0m[1m{[0m[3mname[0m[2m=[0mk#8dcff6d1..[1m}[0m[2m:[0m [2mconsensus_core::core[0m[2m:[0m [2mconsensus/core/src/core.rs[0m[2m:[0m[2m945:[0m Included 3 ancestors & excluded 0 ancestors for proposal in round 177
[2m2025-03-25T07:55:44.749654Z[0m [32m INFO[0m [1mnode[0m[1m{[0m[3mname[0m[2m=[0mk#8dcff6d1..[1m}[0m[2m:[0m [2mconsensus_core::core[0m[2m:[0m [2mconsensus/core/src/core.rs[0m[2m:[0m[2m531:[0m Created block B177(A,FiyYeh9JQZffEPE9K0lOftWgnzFgGcA4WggAQUtWJD0=)(1742889344749ms;[B176(A,kpyqCvM7DqeX58yDnThsUTyhtXZdamC2soNHRj0Gavw=), B176(B,9rerdl56bwQV1FPkZ/ISu1WYryT73rJfb57syQYDBmU=), B176(C,18ESb1a7RB4LuRVdsqxbwx4rVbsHr+GY3cQB1m1LCqw=)];1t;1c) for round 177
[2m2025-03-25T07:55:44.749716Z[0m [32m INFO[0m [1mnode[0m[1m{[0m[3mname[0m[2m=[0mk#8dcff6d1..[1m}[0m[2m:[0m [2mconsensus_core::core[0m[2m:[0m [2mconsensus/core/src/core.rs[0m[2m:[0m[2m630:[0m Committing 1 leaders: B175(C,Ed4B)
[2m2025-03-25T07:55:44.749779Z[0m [32m INFO[0m [1mnode[0m[1m{[0m[3mname[0m[2m=[0mk#8dcff6d1..[1m}[0m[2m:[0m [2mconsensus_core::commit_observer[0m[2m:[0m [2mconsensus/core/src/commit_observer.rs[0m[2m:[0m[2m173:[0m Consensus commit C165(uCNL) with leader B175(C,Ed4B) has 3 blocks
[2m2025-03-25T07:55:44.749854Z[0m [32m INFO[0m [1mnode[0m[1m{[0m[3mname[0m[2m=[0mk#8dcff6d1..[1m}[0m[2m:[0m [2msui_core::consensus_handler[0m[2m:[0m [2mcrates/sui-core/src/consensus_handler.rs[0m[2m:[0m[2m232:[0m Received consensus output [3mconsensus_commit[0m[2m=[0mCommittedSubDag(leader=B175(C,Ed4B), ref=C165(uCNL), blocks=[BBck, hbaX, Ed4B]) [3mepoch[0m[2m=[0m1
[2m2025-03-25T07:55:44.750938Z[0m [32m INFO[0m [1mnode[0m[1m{[0m[3mname[0m[2m=[0mk#addeef94..[1m}[0m[2m:[0m [2mconsensus_core::core[0m[2m:[0m [2mconsensus/core/src/core.rs[0m[2m:[0m[2m630:[0m Committing 1 leaders: B175(C,Ed4B)
[2m2025-03-25T07:55:44.751027Z[0m [32m INFO[0m [1mnode[0m[1m{[0m[3mname[0m[2m=[0mk#addeef94..[1m}[0m[2m:[0m [2mconsensus_core::commit_observer[0m[2m:[0m [2mconsensus/core/src/commit_observer.rs[0m[2m:[0m[2m173:[0m Consensus commit C165(uCNL) with leader B175(C,Ed4B) has 3 blocks
[2m2025-03-25T07:55:44.751102Z[0m [32m INFO[0m [1mnode[0m[1m{[0m[3mname[0m[2m=[0mk#addeef94..[1m}[0m[2m:[0m [2msui_core::consensus_handler[0m[2m:[0m [2mcrates/sui-core/src/consensus_handler.rs[0m[2m:[0m[2m232:[0m Received consensus output [3mconsensus_commit[0m[2m=[0mCommittedSubDag(leader=B175(C,Ed4B), ref=C165(uCNL), blocks=[BBck, hbaX, Ed4B]) [3mepoch[0m[2m=[0m1
[2m2025-03-25T07:55:44.775294Z[0m [32m INFO[0m [1mnode[0m[1m{[0m[3mname[0m[2m=[0mk#99f25ef6..[1m}[0m[2m:[0m [2msui_core::checkpoints[0m[2m:[0m [2mcrates/sui-core/src/checkpoints/mod.rs[0m[2m:[0m[2m1326:[0m Creating checkpoint(s) for 2 transactions [3mnext_checkpoint_seq[0m[2m=[0m378 [3mcheckpoint_timestamp[0m[2m=[0m1742889344234
[2m2025-03-25T07:55:44.775602Z[0m [32m INFO[0m [1mnode[0m[1m{[0m[3mname[0m[2m=[0mk#99f25ef6..[1m}[0m[2m:[0m [2msui_core::checkpoints::checkpoint_output[0m[2m:[0m [2mcrates/sui-core/src/checkpoints/checkpoint_output.rs[0m[2m:[0m[2m149:[0m Creating checkpoint CheckpointDigest(EcytCu25BRvfXekXHUwm4CNvbb3S38HgTWvx5B37Uc2C) at epoch 1, sequence 378, previous digest Some(CheckpointDigest(9FC5vKjstFk2ygjzyLaZEWYRuVd5YaWVLt6qQMJYj55Z)), transactions count 2, content digest CheckpointContentsDigest(BPP71jxoLAVhgtbUqvxKNmxaHcNrUAcK6CzhboRzNCSX), end_of_epoch_data None
[2m2025-03-25T07:55:44.775855Z[0m [32m INFO[0m [1mnode[0m[1m{[0m[3mname[0m[2m=[0mk#8dcff6d1..[1m}[0m[2m:[0m [2msui_core::checkpoints[0m[2m:[0m [2mcrates/sui-core/src/checkpoints/mod.rs[0m[2m:[0m[2m1326:[0m Creating checkpoint(s) for 2 transactions [3mnext_checkpoint_seq[0m[2m=[0m378 [3mcheckpoint_timestamp[0m[2m=[0m1742889344234
[2m2025-03-25T07:55:44.776100Z[0m [32m INFO[0m [1mnode[0m[1m{[0m[3mname[0m[2m=[0mk#8dcff6d1..[1m}[0m[2m:[0m [2msui_core::checkpoints::checkpoint_output[0m[2m:[0m [2mcrates/sui-core/src/checkpoints/checkpoint_output.rs[0m[2m:[0m[2m149:[0m Creating checkpoint CheckpointDigest(EcytCu25BRvfXekXHUwm4CNvbb3S38HgTWvx5B37Uc2C) at epoch 1, sequence 378, previous digest Some(CheckpointDigest(9FC5vKjstFk2ygjzyLaZEWYRuVd5YaWVLt6qQMJYj55Z)), transactions count 2, content digest CheckpointContentsDigest(BPP71jxoLAVhgtbUqvxKNmxaHcNrUAcK6CzhboRzNCSX), end_of_epoch_data None
[2m2025-03-25T07:55:44.776883Z[0m [32m INFO[0m [1mnode[0m[1m{[0m[3mname[0m[2m=[0mk#addeef94..[1m}[0m[2m:[0m [2msui_core::checkpoints[0m[2m:[0m [2mcrates/sui-core/src/checkpoints/mod.rs[0m[2m:[0m[2m1326:[0m Creating checkpoint(s) for 2 transactions [3mnext_checkpoint_seq[0m[2m=[0m378 [3mcheckpoint_timestamp[0m[2m=[0m1742889344234
[2m2025-03-25T07:55:44.777125Z[0m [32m INFO[0m [1mnode[0m[1m{[0m[3mname[0m[2m=[0mk#addeef94..[1m}[0m[2m:[0m [2msui_core::checkpoints::checkpoint_output[0m[2m:[0m [2mcrates/sui-core/src/checkpoints/checkpoint_output.rs[0m[2m:[0m[2m149:[0m Creating checkpoint CheckpointDigest(EcytCu25BRvfXekXHUwm4CNvbb3S38HgTWvx5B37Uc2C) at epoch 1, sequence 378, previous digest Some(CheckpointDigest(9FC5vKjstFk2ygjzyLaZEWYRuVd5YaWVLt6qQMJYj55Z)), transactions count 2, content digest CheckpointContentsDigest(BPP71jxoLAVhgtbUqvxKNmxaHcNrUAcK6CzhboRzNCSX), end_of_epoch_data None
[2m2025-03-25T07:55:44.778982Z[0m [32m INFO[0m [1mnode[0m[1m{[0m[3mname[0m[2m=[0mk#8dcff6d1..[1m}[0m[2m:[0m [2msui_core::checkpoints::checkpoint_output[0m[2m:[0m [2mcrates/sui-core/src/checkpoints/checkpoint_output.rs[0m[2m:[0m[2m196:[0m Certified checkpoint with sequence 377 and digest 9FC5vKjstFk2ygjzyLaZEWYRuVd5YaWVLt6qQMJYj55Z
[2m2025-03-25T07:55:44.779411Z[0m [32m INFO[0m [1mnode[0m[1m{[0m[3mname[0m[2m=[0mk#8dcff6d1..[1m}[0m[2m:[0m [2msui_core::checkpoints::checkpoint_executor[0m[2m:[0m [2mcrates/sui-core/src/checkpoints/checkpoint_executor/mod.rs[0m[2m:[0m[2m332:[0m Received checkpoint summary from state sync [3msequence_number[0m[2m=[0m377
[2m2025-03-25T07:55:44.779919Z[0m [32m INFO[0m [1mnode[0m[1m{[0m[3mname[0m[2m=[0mk#99f25ef6..[1m}[0m[2m:[0m [2msui_core::checkpoints::checkpoint_output[0m[2m:[0m [2mcrates/sui-core/src/checkpoints/checkpoint_output.rs[0m[2m:[0m[2m196:[0m Certified checkpoint with sequence 377 and digest 9FC5vKjstFk2ygjzyLaZEWYRuVd5YaWVLt6qQMJYj55Z
[2m2025-03-25T07:55:44.780339Z[0m [32m INFO[0m [1mnode[0m[1m{[0m[3mname[0m[2m=[0mk#99f25ef6..[1m}[0m[2m:[0m [2msui_core::checkpoints::checkpoint_executor[0m[2m:[0m [2mcrates/sui-core/src/checkpoints/checkpoint_executor/mod.rs[0m[2m:[0m[2m332:[0m Received checkpoint summary from state sync [3msequence_number[0m[2m=[0m377
[2m2025-03-25T07:55:44.780516Z[0m [32m INFO[0m [1mnode[0m[1m{[0m[3mname[0m[2m=[0mk#8dcff6d1..[1m}[0m[2m:[0m [2msui_core::state_accumulator[0m[2m:[0m [2mcrates/sui-core/src/state_accumulator.rs[0m[2m:[0m[2m675:[0m accumulating running root for checkpoint 377
[2m2025-03-25T07:55:44.781284Z[0m [32m INFO[0m [1mnode[0m[1m{[0m[3mname[0m[2m=[0mk#99f25ef6..[1m}[0m[2m:[0m [2msui_core::state_accumulator[0m[2m:[0m [2mcrates/sui-core/src/state_accumulator.rs[0m[2m:[0m[2m675:[0m accumulating running root for checkpoint 377
[2m2025-03-25T07:55:44.782363Z[0m [32m INFO[0m [1mnode[0m[1m{[0m[3mname[0m[2m=[0mk#addeef94..[1m}[0m[2m:[0m [2msui_core::checkpoints::checkpoint_executor[0m[2m:[0m [2mcrates/sui-core/src/checkpoints/checkpoint_executor/mod.rs[0m[2m:[0m[2m332:[0m Received checkpoint summary from state sync [3msequence_number[0m[2m=[0m377
[2m2025-03-25T07:55:44.783044Z[0m [32m INFO[0m [1mnode[0m[1m{[0m[3mname[0m[2m=[0mk#addeef94..[1m}[0m[2m:[0m [2msui_core::state_accumulator[0m[2m:[0m [2mcrates/sui-core/src/state_accumulator.rs[0m[2m:[0m[2m675:[0m accumulating running root for checkpoint 377
[2m2025-03-25T07:55:44.920389Z[0m [32m INFO[0m [2msui_bridge::sui_bridge_watchdog[0m[2m:[0m [2mcrates/sui-bridge/src/sui_bridge_watchdog/mod.rs[0m[2m:[0m[2m47:[0m Running observable SuiBridgeStatus
[2m2025-03-25T07:55:44.920393Z[0m [32m INFO[0m [2msui_bridge::sui_bridge_watchdog[0m[2m:[0m [2mcrates/sui-bridge/src/sui_bridge_watchdog/mod.rs[0m[2m:[0m[2m47:[0m Running observable EthBridgeStatus
[2m2025-03-25T07:55:44.920404Z[0m [32m INFO[0m [2msui_bridge::sui_bridge_watchdog[0m[2m:[0m [2mcrates/sui-bridge/src/sui_bridge_watchdog/mod.rs[0m[2m:[0m[2m47:[0m Running observable EthereumVaultBalance
[2m2025-03-25T07:55:44.920484Z[0m [32m INFO[0m [2msui_bridge::sui_bridge_watchdog[0m[2m:[0m [2mcrates/sui-bridge/src/sui_bridge_watchdog/mod.rs[0m[2m:[0m[2m47:[0m Running observable EthereumVaultBalance
[2m2025-03-25T07:55:44.921052Z[0m [32m INFO[0m [1mobservable[0m[1m{[0m[3mname[0m[2m=[0m"EthBridgeStatus"[1m}[0m[2m:[0m [2msui_bridge::sui_bridge_watchdog::eth_bridge_status[0m[2m:[0m [2mcrates/sui-bridge/src/sui_bridge_watchdog/eth_bridge_status.rs[0m[2m:[0m[2m47:[0m Eth Bridge Status: false
[2m2025-03-25T07:55:44.921134Z[0m [32m INFO[0m [1mobservable[0m[1m{[0m[3mname[0m[2m=[0m"EthereumVaultBalance"[1m}[0m[2m:[0m [2msui_bridge::sui_bridge_watchdog::eth_vault_balance[0m[2m:[0m [2mcrates/sui-bridge/src/sui_bridge_watchdog/eth_vault_balance.rs[0m[2m:[0m[2m98:[0m USDT Vault Balance: 10000000000
[2m2025-03-25T07:55:44.921151Z[0m [32m INFO[0m [1mobservable[0m[1m{[0m[3mname[0m[2m=[0m"EthereumVaultBalance"[1m}[0m[2m:[0m [2msui_bridge::sui_bridge_watchdog::eth_vault_balance[0m[2m:[0m [2mcrates/sui-bridge/src/sui_bridge_watchdog/eth_vault_balance.rs[0m[2m:[0m[2m98:[0m WETH Vault Balance: 0
[2m2025-03-25T07:55:44.942627Z[0m [32m INFO[0m [2msui_bridge::sui_bridge_watchdog[0m[2m:[0m [2mcrates/sui-bridge/src/sui_bridge_watchdog/mod.rs[0m[2m:[0m[2m47:[0m Running observable SuiBridgeStatus
[2m2025-03-25T07:55:44.942635Z[0m [32m INFO[0m [2msui_bridge::sui_bridge_watchdog[0m[2m:[0m [2mcrates/sui-bridge/src/sui_bridge_watchdog/mod.rs[0m[2m:[0m[2m47:[0m Running observable EthereumVaultBalance
[2m2025-03-25T07:55:44.942644Z[0m [32m INFO[0m [2msui_bridge::sui_bridge_watchdog[0m[2m:[0m [2mcrates/sui-bridge/src/sui_bridge_watchdog/mod.rs[0m[2m:[0m[2m47:[0m Running observable EthBridgeStatus
[2m2025-03-25T07:55:44.942708Z[0m [32m INFO[0m [2msui_bridge::sui_bridge_watchdog[0m[2m:[0m [2mcrates/sui-bridge/src/sui_bridge_watchdog/mod.rs[0m[2m:[0m[2m47:[0m Running observable EthereumVaultBalance
[2m2025-03-25T07:55:44.942922Z[0m [32m INFO[0m [1mobservable[0m[1m{[0m[3mname[0m[2m=[0m"EthereumVaultBalance"[1m}[0m[2m:[0m [2msui_bridge::sui_bridge_watchdog::eth_vault_balance[0m[2m:[0m [2mcrates/sui-bridge/src/sui_bridge_watchdog/eth_vault_balance.rs[0m[2m:[0m[2m98:[0m USDT Vault Balance: 10000000000
[2m2025-03-25T07:55:44.942987Z[0m [32m INFO[0m [1mobservable[0m[1m{[0m[3mname[0m[2m=[0m"EthBridgeStatus"[1m}[0m[2m:[0m [2msui_bridge::sui_bridge_watchdog::eth_bridge_status[0m[2m:[0m [2mcrates/sui-bridge/src/sui_bridge_watchdog/eth_bridge_status.rs[0m[2m:[0m[2m47:[0m Eth Bridge Status: false
[2m2025-03-25T07:55:44.943042Z[0m [32m INFO[0m [1mobservable[0m[1m{[0m[3mname[0m[2m=[0m"EthereumVaultBalance"[1m}[0m[2m:[0m [2msui_bridge::sui_bridge_watchdog::eth_vault_balance[0m[2m:[0m [2mcrates/sui-bridge/src/sui_bridge_watchdog/eth_vault_balance.rs[0m[2m:[0m[2m98:[0m WETH Vault Balance: 0
[2m2025-03-25T07:55:45.001614Z[0m [32m INFO[0m [1mnode[0m[1m{[0m[3mname[0m[2m=[0mk#99f25ef6..[1m}[0m[2m:[0m [2mconsensus_core::core[0m[2m:[0m [2mconsensus/core/src/core.rs[0m[2m:[0m[2m945:[0m Included 3 ancestors & excluded 0 ancestors for proposal in round 178
[2m2025-03-25T07:55:45.002043Z[0m [32m INFO[0m [1mnode[0m[1m{[0m[3mname[0m[2m=[0mk#99f25ef6..[1m}[0m[2m:[0m [2mconsensus_core::core[0m[2m:[0m [2mconsensus/core/src/core.rs[0m[2m:[0m[2m531:[0m Created block B178(B,4O0ZXzqCPdBhmKZjEfxijYu5ci0tVRHc5wHQtt/w3Ag=)(1742889345001ms;[B177(B,+sXxJGhAvKLJ0aZLSpU11w5ARtyeKFPdu67CvcL1H5Q=), B177(A,FiyYeh9JQZffEPE9K0lOftWgnzFgGcA4WggAQUtWJD0=), B177(C,kwoX9A8V/+J6Eitlw2IAJm+Q5GXgSnf0g0kGJ3q/yyU=)];1t;1c) for round 178
[2m2025-03-25T07:55:45.003804Z[0m [32m INFO[0m [1mnode[0m[1m{[0m[3mname[0m[2m=[0mk#8dcff6d1..[1m}[0m[2m:[0m [2mconsensus_core::core[0m[2m:[0m [2mconsensus/core/src/core.rs[0m[2m:[0m[2m945:[0m Included 3 ancestors & excluded 0 ancestors for proposal in round 178
[2m2025-03-25T07:55:45.003804Z[0m [32m INFO[0m [1mnode[0m[1m{[0m[3mname[0m[2m=[0mk#addeef94..[1m}[0m[2m:[0m [2mconsensus_core::core[0m[2m:[0m [2mconsensus/core/src/core.rs[0m[2m:[0m[2m945:[0m Included 3 ancestors & excluded 0 ancestors for proposal in round 178
[2m2025-03-25T07:55:45.004114Z[0m [32m INFO[0m [1mnode[0m[1m{[0m[3mname[0m[2m=[0mk#8dcff6d1..[1m}[0m[2m:[0m [2mconsensus_core::core[0m[2m:[0m [2mconsensus/core/src/core.rs[0m[2m:[0m[2m531:[0m Created block B178(A,SB018NI/CqX7OJ/Xh1WLJvP5Gg6nRN467k51+MlYkjk=)(1742889345003ms;[B177(A,FiyYeh9JQZffEPE9K0lOftWgnzFgGcA4WggAQUtWJD0=), B177(B,+sXxJGhAvKLJ0aZLSpU11w5ARtyeKFPdu67CvcL1H5Q=), B177(C,kwoX9A8V/+J6Eitlw2IAJm+Q5GXgSnf0g0kGJ3q/yyU=)];1t;1c) for round 178
[2m2025-03-25T07:55:45.004113Z[0m [32m INFO[0m [1mnode[0m[1m{[0m[3mname[0m[2m=[0mk#addeef94..[1m}[0m[2m:[0m [2mconsensus_core::core[0m[2m:[0m [2mconsensus/core/src/core.rs[0m[2m:[0m[2m531:[0m Created block B178(C,D7C4dbzjXESGnNvoVmNBxM60W9KrwgXJU8GakJweoAw=)(1742889345003ms;[B177(C,kwoX9A8V/+J6Eitlw2IAJm+Q5GXgSnf0g0kGJ3q/yyU=), B177(A,FiyYeh9JQZffEPE9K0lOftWgnzFgGcA4WggAQUtWJD0=), B177(B,+sXxJGhAvKLJ0aZLSpU11w5ARtyeKFPdu67CvcL1H5Q=)];1t;1c) for round 178
[2m2025-03-25T07:55:45.004265Z[0m [32m INFO[0m [1mnode[0m[1m{[0m[3mname[0m[2m=[0mk#addeef94..[1m}[0m[2m:[0m [2mconsensus_core::core[0m[2m:[0m [2mconsensus/core/src/core.rs[0m[2m:[0m[2m630:[0m Committing 1 leaders: B176(A,kpyq)
[2m2025-03-25T07:55:45.004357Z[0m [32m INFO[0m [1mnode[0m[1m{[0m[3mname[0m[2m=[0mk#addeef94..[1m}[0m[2m:[0m [2mconsensus_core::commit_observer[0m[2m:[0m [2mconsensus/core/src/commit_observer.rs[0m[2m:[0m[2m173:[0m Consensus commit C166(S00+) with leader B176(A,kpyq) has 3 blocks
[2m2025-03-25T07:55:45.004677Z[0m [32m INFO[0m [1mnode[0m[1m{[0m[3mname[0m[2m=[0mk#addeef94..[1m}[0m[2m:[0m [2msui_core::consensus_handler[0m[2m:[0m [2mcrates/sui-core/src/consensus_handler.rs[0m[2m:[0m[2m232:[0m Received consensus output [3mconsensus_commit[0m[2m=[0mCommittedSubDag(leader=B176(A,kpyq), ref=C166(S00+), blocks=[BfXx, rHbk, kpyq]) [3mepoch[0m[2m=[0m1
[2m2025-03-25T07:55:45.008177Z[0m [32m INFO[0m [1mnode[0m[1m{[0m[3mname[0m[2m=[0mk#8dcff6d1..[1m}[0m[2m:[0m [2msui_core::checkpoints::checkpoint_output[0m[2m:[0m [2mcrates/sui-core/src/checkpoints/checkpoint_output.rs[0m[2m:[0m[2m196:[0m Certified checkpoint with sequence 378 and digest EcytCu25BRvfXekXHUwm4CNvbb3S38HgTWvx5B37Uc2C
[2m2025-03-25T07:55:45.008242Z[0m [32m INFO[0m [1mnode[0m[1m{[0m[3mname[0m[2m=[0mk#99f25ef6..[1m}[0m[2m:[0m [2msui_core::checkpoints::checkpoint_output[0m[2m:[0m [2mcrates/sui-core/src/checkpoints/checkpoint_output.rs[0m[2m:[0m[2m196:[0m Certified checkpoint with sequence 378 and digest EcytCu25BRvfXekXHUwm4CNvbb3S38HgTWvx5B37Uc2C
[2m2025-03-25T07:55:45.008285Z[0m [32m INFO[0m [1mnode[0m[1m{[0m[3mname[0m[2m=[0mk#8dcff6d1..[1m}[0m[2m:[0m [2mconsensus_core::core[0m[2m:[0m [2mconsensus/core/src/core.rs[0m[2m:[0m[2m630:[0m Committing 1 leaders: B176(A,kpyq)
[2m2025-03-25T07:55:45.008350Z[0m [32m INFO[0m [1mnode[0m[1m{[0m[3mname[0m[2m=[0mk#99f25ef6..[1m}[0m[2m:[0m [2mconsensus_core::core[0m[2m:[0m [2mconsensus/core/src/core.rs[0m[2m:[0m[2m630:[0m Committing 1 leaders: B176(A,kpyq)
[2m2025-03-25T07:55:45.008382Z[0m [32m INFO[0m [1mnode[0m[1m{[0m[3mname[0m[2m=[0mk#8dcff6d1..[1m}[0m[2m:[0m [2mconsensus_core::commit_observer[0m[2m:[0m [2mconsensus/core/src/commit_observer.rs[0m[2m:[0m[2m173:[0m Consensus commit C166(S00+) with leader B176(A,kpyq) has 3 blocks
[2m2025-03-25T07:55:45.008457Z[0m [32m INFO[0m [1mnode[0m[1m{[0m[3mname[0m[2m=[0mk#99f25ef6..[1m}[0m[2m:[0m [2mconsensus_core::commit_observer[0m[2m:[0m [2mconsensus/core/src/commit_observer.rs[0m[2m:[0m[2m173:[0m Consensus commit C166(S00+) with leader B176(A,kpyq) has 3 blocks
[2m2025-03-25T07:55:45.008887Z[0m [32m INFO[0m [1mnode[0m[1m{[0m[3mname[0m[2m=[0mk#99f25ef6..[1m}[0m[2m:[0m [2msui_core::consensus_handler[0m[2m:[0m [2mcrates/sui-core/src/consensus_handler.rs[0m[2m:[0m[2m232:[0m Received consensus output [3mconsensus_commit[0m[2m=[0mCommittedSubDag(leader=B176(A,kpyq), ref=C166(S00+), blocks=[BfXx, rHbk, kpyq]) [3mepoch[0m[2m=[0m1
[2m2025-03-25T07:55:45.008894Z[0m [32m INFO[0m [1mnode[0m[1m{[0m[3mname[0m[2m=[0mk#8dcff6d1..[1m}[0m[2m:[0m [2msui_core::consensus_handler[0m[2m:[0m [2mcrates/sui-core/src/consensus_handler.rs[0m[2m:[0m[2m232:[0m Received consensus output [3mconsensus_commit[0m[2m=[0mCommittedSubDag(leader=B176(A,kpyq), ref=C166(S00+), blocks=[BfXx, rHbk, kpyq]) [3mepoch[0m[2m=[0m1
[2m2025-03-25T07:55:45.009526Z[0m [32m INFO[0m [1mnode[0m[1m{[0m[3mname[0m[2m=[0mk#8dcff6d1..[1m}[0m[2m:[0m [2msui_core::checkpoints::checkpoint_executor[0m[2m:[0m [2mcrates/sui-core/src/checkpoints/checkpoint_executor/mod.rs[0m[2m:[0m[2m332:[0m Received checkpoint summary from state sync [3msequence_number[0m[2m=[0m378
[2m2025-03-25T07:55:45.009526Z[0m [32m INFO[0m [1mnode[0m[1m{[0m[3mname[0m[2m=[0mk#99f25ef6..[1m}[0m[2m:[0m [2msui_core::checkpoints::checkpoint_executor[0m[2m:[0m [2mcrates/sui-core/src/checkpoints/checkpoint_executor/mod.rs[0m[2m:[0m[2m332:[0m Received checkpoint summary from state sync [3msequence_number[0m[2m=[0m378
[2m2025-03-25T07:55:45.023196Z[0m [32m INFO[0m [1mnode[0m[1m{[0m[3mname[0m[2m=[0mk#99f25ef6..[1m}[0m[2m:[0m [2msui_core::state_accumulator[0m[2m:[0m [2mcrates/sui-core/src/state_accumulator.rs[0m[2m:[0m[2m675:[0m accumulating running root for checkpoint 378
[2m2025-03-25T07:55:45.023711Z[0m [32m INFO[0m [1mnode[0m[1m{[0m[3mname[0m[2m=[0mk#8dcff6d1..[1m}[0m[2m:[0m [2msui_core::state_accumulator[0m[2m:[0m [2mcrates/sui-core/src/state_accumulator.rs[0m[2m:[0m[2m675:[0m accumulating running root for checkpoint 378
[2m2025-03-25T07:55:45.049645Z[0m [32m INFO[0m [1mnode[0m[1m{[0m[3mname[0m[2m=[0mk#addeef94..[1m}[0m[2m:[0m [2msui_core::checkpoints[0m[2m:[0m [2mcrates/sui-core/src/checkpoints/mod.rs[0m[2m:[0m[2m1326:[0m Creating checkpoint(s) for 1 transactions [3mnext_checkpoint_seq[0m[2m=[0m379 [3mcheckpoint_timestamp[0m[2m=[0m1742889344490
[2m2025-03-25T07:55:45.049889Z[0m [32m INFO[0m [1mnode[0m[1m{[0m[3mname[0m[2m=[0mk#addeef94..[1m}[0m[2m:[0m [2msui_core::checkpoints::checkpoint_output[0m[2m:[0m [2mcrates/sui-core/src/checkpoints/checkpoint_output.rs[0m[2m:[0m[2m149:[0m Creating checkpoint CheckpointDigest(EUE42ePquXdoH6SBAstcdn2KHVeuvC5dzoav5xACm7aq) at epoch 1, sequence 379, previous digest Some(CheckpointDigest(EcytCu25BRvfXekXHUwm4CNvbb3S38HgTWvx5B37Uc2C)), transactions count 1, content digest CheckpointContentsDigest(DPV215D37PmuaQykCHuwTXSGww2uTb5hcpTREmUNNkjV), end_of_epoch_data None
[2m2025-03-25T07:55:45.054504Z[0m [32m INFO[0m [1mnode[0m[1m{[0m[3mname[0m[2m=[0mk#99f25ef6..[1m}[0m[2m:[0m [2msui_core::checkpoints[0m[2m:[0m [2mcrates/sui-core/src/checkpoints/mod.rs[0m[2m:[0m[2m1326:[0m Creating checkpoint(s) for 1 transactions [3mnext_checkpoint_seq[0m[2m=[0m379 [3mcheckpoint_timestamp[0m[2m=[0m1742889344490
[2m2025-03-25T07:55:45.054699Z[0m [32m INFO[0m [1mnode[0m[1m{[0m[3mname[0m[2m=[0mk#99f25ef6..[1m}[0m[2m:[0m [2msui_core::checkpoints::checkpoint_output[0m[2m:[0m [2mcrates/sui-core/src/checkpoints/checkpoint_output.rs[0m[2m:[0m[2m149:[0m Creating checkpoint CheckpointDigest(EUE42ePquXdoH6SBAstcdn2KHVeuvC5dzoav5xACm7aq) at epoch 1, sequence 379, previous digest Some(CheckpointDigest(EcytCu25BRvfXekXHUwm4CNvbb3S38HgTWvx5B37Uc2C)), transactions count 1, content digest CheckpointContentsDigest(DPV215D37PmuaQykCHuwTXSGww2uTb5hcpTREmUNNkjV), end_of_epoch_data None
[2m2025-03-25T07:55:45.055405Z[0m [32m INFO[0m [1mnode[0m[1m{[0m[3mname[0m[2m=[0mk#8dcff6d1..[1m}[0m[2m:[0m [2msui_core::checkpoints[0m[2m:[0m [2mcrates/sui-core/src/checkpoints/mod.rs[0m[2m:[0m[2m1326:[0m Creating checkpoint(s) for 1 transactions [3mnext_checkpoint_seq[0m[2m=[0m379 [3mcheckpoint_timestamp[0m[2m=[0m1742889344490
[2m2025-03-25T07:55:45.055575Z[0m [32m INFO[0m [1mnode[0m[1m{[0m[3mname[0m[2m=[0mk#8dcff6d1..[1m}[0m[2m:[0m [2msui_core::checkpoints::checkpoint_output[0m[2m:[0m [2mcrates/sui-core/src/checkpoints/checkpoint_output.rs[0m[2m:[0m[2m149:[0m Creating checkpoint CheckpointDigest(EUE42ePquXdoH6SBAstcdn2KHVeuvC5dzoav5xACm7aq) at epoch 1, sequence 379, previous digest Some(CheckpointDigest(EcytCu25BRvfXekXHUwm4CNvbb3S38HgTWvx5B37Uc2C)), transactions count 1, content digest CheckpointContentsDigest(DPV215D37PmuaQykCHuwTXSGww2uTb5hcpTREmUNNkjV), end_of_epoch_data None
[2m2025-03-25T07:55:45.118216Z[0m [32m INFO[0m [1mnode[0m[1m{[0m[3mname[0m[2m=[0mk#addeef94..[1m}[0m[2m:[0m [2msui_core::checkpoints::checkpoint_executor[0m[2m:[0m [2mcrates/sui-core/src/checkpoints/checkpoint_executor/mod.rs[0m[2m:[0m[2m332:[0m Received checkpoint summary from state sync [3msequence_number[0m[2m=[0m378
[2m2025-03-25T07:55:45.119655Z[0m [32m INFO[0m [1mnode[0m[1m{[0m[3mname[0m[2m=[0mk#addeef94..[1m}[0m[2m:[0m [2msui_core::state_accumulator[0m[2m:[0m [2mcrates/sui-core/src/state_accumulator.rs[0m[2m:[0m[2m675:[0m accumulating running root for checkpoint 378
[2m2025-03-25T07:55:45.178074Z[0m [32m INFO[0m [1mnode[0m[1m{[0m[3mname[0m[2m=[0mk#b3f3cbb4..[1m}[0m[2m:[0m[1mjson-rpc-request[0m[2m:[0m[1mdev_inspect_transaction_block[0m[1m{[0m[3msender_address[0m[2m=[0m0x0000000000000000000000000000000000000000000000000000000000000000 [3mtx_bytes[0m[2m=[0mBase64("AAMBAQAAAAAAAAAAAAAAAAAAAAAAAAAAAAAAAAAAAAAAAAAJAQAAAAAAAAABAAEMAAgAAAAAAAAAAAEAAAAAAAAAAAAAAAAAAAAAAAAAAAAAAAAAAAAAAAAAAAsGYnJpZGdlIGdldF90b2tlbl90cmFuc2Zlcl9hY3Rpb25fc3RhdHVzAAMBAAABAQABAgA=") [3mgas_price[0m[2m=[0mNone [3m_epoch[0m[2m=[0mNone [3madditional_args[0m[2m=[0mNone[1m}[0m[2m:[0m [2msui_json_rpc::transaction_execution_api[0m[2m:[0m [2mcrates/sui-json-rpc/src/transaction_execution_api.rs[0m[2m:[0m[2m351:[0m RPC took longer than threshold to complete. [3melapsed[0m[2m=[0m1.5369s
[2m2025-03-25T07:55:45.178935Z[0m [32m INFO[0m [2msui_bridge::e2e_tests::test_utils[0m[2m:[0m [2mcrates/sui-bridge/src/e2e_tests/test_utils.rs[0m[2m:[0m[2m1452:[0m get_token_transfer_action_onchain_status_until_success took 1.581133s, status: NotFound
[2m2025-03-25T07:55:45.179943Z[0m [32m INFO[0m [1mobservable[0m[1m{[0m[3mname[0m[2m=[0m"SuiBridgeStatus"[1m}[0m[2m:[0m [2msui_bridge::sui_bridge_watchdog::sui_bridge_status[0m[2m:[0m [2mcrates/sui-bridge/src/sui_bridge_watchdog/sui_bridge_status.rs[0m[2m:[0m[2m37:[0m Sui Bridge Status: false
[2m2025-03-25T07:55:45.181216Z[0m [32m INFO[0m [1mobservable[0m[1m{[0m[3mname[0m[2m=[0m"SuiBridgeStatus"[1m}[0m[2m:[0m [2msui_bridge::sui_bridge_watchdog::sui_bridge_status[0m[2m:[0m [2mcrates/sui-bridge/src/sui_bridge_watchdog/sui_bridge_status.rs[0m[2m:[0m[2m37:[0m Sui Bridge Status: false
[2m2025-03-25T07:55:45.181603Z[0m [32m INFO[0m [1mobservable[0m[1m{[0m[3mname[0m[2m=[0m"SuiBridgeStatus"[1m}[0m[2m:[0m [2msui_bridge::sui_bridge_watchdog::sui_bridge_status[0m[2m:[0m [2mcrates/sui-bridge/src/sui_bridge_watchdog/sui_bridge_status.rs[0m[2m:[0m[2m37:[0m Sui Bridge Status: false
[2m2025-03-25T07:55:45.196654Z[0m [32m INFO[0m [1mnode[0m[1m{[0m[3mname[0m[2m=[0mk#b3f3cbb4..[1m}[0m[2m:[0m [2msui_core::checkpoints::checkpoint_executor[0m[2m:[0m [2mcrates/sui-core/src/checkpoints/checkpoint_executor/mod.rs[0m[2m:[0m[2m332:[0m Received checkpoint summary from state sync [3msequence_number[0m[2m=[0m373
[2m2025-03-25T07:55:45.196820Z[0m [32m INFO[0m [1mnode[0m[1m{[0m[3mname[0m[2m=[0mk#b3f3cbb4..[1m}[0m[2m:[0m [2msui_core::checkpoints::checkpoint_executor[0m[2m:[0m [2mcrates/sui-core/src/checkpoints/checkpoint_executor/mod.rs[0m[2m:[0m[2m332:[0m Received checkpoint summary from state sync [3msequence_number[0m[2m=[0m374
[2m2025-03-25T07:55:45.196862Z[0m [32m INFO[0m [1mnode[0m[1m{[0m[3mname[0m[2m=[0mk#b3f3cbb4..[1m}[0m[2m:[0m [2msui_core::checkpoints::checkpoint_executor[0m[2m:[0m [2mcrates/sui-core/src/checkpoints/checkpoint_executor/mod.rs[0m[2m:[0m[2m332:[0m Received checkpoint summary from state sync [3msequence_number[0m[2m=[0m375
[2m2025-03-25T07:55:45.255114Z[0m [32m INFO[0m [1mnode[0m[1m{[0m[3mname[0m[2m=[0mk#addeef94..[1m}[0m[2m:[0m [2mconsensus_core::core[0m[2m:[0m [2mconsensus/core/src/core.rs[0m[2m:[0m[2m945:[0m Included 3 ancestors & excluded 0 ancestors for proposal in round 179
[2m2025-03-25T07:55:45.255478Z[0m [32m INFO[0m [1mnode[0m[1m{[0m[3mname[0m[2m=[0mk#addeef94..[1m}[0m[2m:[0m [2mconsensus_core::core[0m[2m:[0m [2mconsensus/core/src/core.rs[0m[2m:[0m[2m531:[0m Created block B179(C,cWW1TcylFIN8uqVsQX6BWdcBCrn41H/b83DGRg6GjMI=)(1742889345255ms;[B178(C,D7C4dbzjXESGnNvoVmNBxM60W9KrwgXJU8GakJweoAw=), B178(A,SB018NI/CqX7OJ/Xh1WLJvP5Gg6nRN467k51+MlYkjk=), B178(B,4O0ZXzqCPdBhmKZjEfxijYu5ci0tVRHc5wHQtt/w3Ag=)];1t;1c) for round 179
[2m2025-03-25T07:55:45.259602Z[0m [32m INFO[0m [1mnode[0m[1m{[0m[3mname[0m[2m=[0mk#99f25ef6..[1m}[0m[2m:[0m [2mconsensus_core::core[0m[2m:[0m [2mconsensus/core/src/core.rs[0m[2m:[0m[2m945:[0m Included 3 ancestors & excluded 0 ancestors for proposal in round 179
[2m2025-03-25T07:55:45.259892Z[0m [32m INFO[0m [1mnode[0m[1m{[0m[3mname[0m[2m=[0mk#99f25ef6..[1m}[0m[2m:[0m [2mconsensus_core::core[0m[2m:[0m [2mconsensus/core/src/core.rs[0m[2m:[0m[2m531:[0m Created block B179(B,3e+D8gJknpLLQJF10EKIVSfY6vyGpduPiPhAEgLnNUA=)(1742889345259ms;[B178(B,4O0ZXzqCPdBhmKZjEfxijYu5ci0tVRHc5wHQtt/w3Ag=), B178(A,SB018NI/CqX7OJ/Xh1WLJvP5Gg6nRN467k51+MlYkjk=), B178(C,D7C4dbzjXESGnNvoVmNBxM60W9KrwgXJU8GakJweoAw=)];1t;1c) for round 179
[2m2025-03-25T07:55:45.259963Z[0m [32m INFO[0m [1mnode[0m[1m{[0m[3mname[0m[2m=[0mk#99f25ef6..[1m}[0m[2m:[0m [2mconsensus_core::core[0m[2m:[0m [2mconsensus/core/src/core.rs[0m[2m:[0m[2m630:[0m Committing 1 leaders: B177(B,+sXx)
[2m2025-03-25T07:55:45.260036Z[0m [32m INFO[0m [1mnode[0m[1m{[0m[3mname[0m[2m=[0mk#99f25ef6..[1m}[0m[2m:[0m [2mconsensus_core::commit_observer[0m[2m:[0m [2mconsensus/core/src/commit_observer.rs[0m[2m:[0m[2m173:[0m Consensus commit C167(q/hC) with leader B177(B,+sXx) has 3 blocks
[2m2025-03-25T07:55:45.260129Z[0m [32m INFO[0m [1mnode[0m[1m{[0m[3mname[0m[2m=[0mk#99f25ef6..[1m}[0m[2m:[0m [2msui_core::consensus_handler[0m[2m:[0m [2mcrates/sui-core/src/consensus_handler.rs[0m[2m:[0m[2m232:[0m Received consensus output [3mconsensus_commit[0m[2m=[0mCommittedSubDag(leader=B177(B,+sXx), ref=C167(q/hC), blocks=[9rer, 18ES, +sXx]) [3mepoch[0m[2m=[0m1
[2m2025-03-25T07:55:45.260723Z[0m [32m INFO[0m [1mnode[0m[1m{[0m[3mname[0m[2m=[0mk#8dcff6d1..[1m}[0m[2m:[0m [2mconsensus_core::core[0m[2m:[0m [2mconsensus/core/src/core.rs[0m[2m:[0m[2m945:[0m Included 3 ancestors & excluded 0 ancestors for proposal in round 179
[2m2025-03-25T07:55:45.261008Z[0m [32m INFO[0m [1mnode[0m[1m{[0m[3mname[0m[2m=[0mk#8dcff6d1..[1m}[0m[2m:[0m [2mconsensus_core::core[0m[2m:[0m [2mconsensus/core/src/core.rs[0m[2m:[0m[2m531:[0m Created block B179(A,b2p1O9iFeHfcSnj3nmYHIoQm+hiW5mOZeHmLtsIvIA8=)(1742889345260ms;[B178(A,SB018NI/CqX7OJ/Xh1WLJvP5Gg6nRN467k51+MlYkjk=), B178(B,4O0ZXzqCPdBhmKZjEfxijYu5ci0tVRHc5wHQtt/w3Ag=), B178(C,D7C4dbzjXESGnNvoVmNBxM60W9KrwgXJU8GakJweoAw=)];1t;1c) for round 179
[2m2025-03-25T07:55:45.261073Z[0m [32m INFO[0m [1mnode[0m[1m{[0m[3mname[0m[2m=[0mk#8dcff6d1..[1m}[0m[2m:[0m [2mconsensus_core::core[0m[2m:[0m [2mconsensus/core/src/core.rs[0m[2m:[0m[2m630:[0m Committing 1 leaders: B177(B,+sXx)
[2m2025-03-25T07:55:45.261136Z[0m [32m INFO[0m [1mnode[0m[1m{[0m[3mname[0m[2m=[0mk#8dcff6d1..[1m}[0m[2m:[0m [2mconsensus_core::commit_observer[0m[2m:[0m [2mconsensus/core/src/commit_observer.rs[0m[2m:[0m[2m173:[0m Consensus commit C167(q/hC) with leader B177(B,+sXx) has 3 blocks
[2m2025-03-25T07:55:45.261215Z[0m [32m INFO[0m [1mnode[0m[1m{[0m[3mname[0m[2m=[0mk#8dcff6d1..[1m}[0m[2m:[0m [2msui_core::consensus_handler[0m[2m:[0m [2mcrates/sui-core/src/consensus_handler.rs[0m[2m:[0m[2m232:[0m Received consensus output [3mconsensus_commit[0m[2m=[0mCommittedSubDag(leader=B177(B,+sXx), ref=C167(q/hC), blocks=[9rer, 18ES, +sXx]) [3mepoch[0m[2m=[0m1
[2m2025-03-25T07:55:45.262397Z[0m [32m INFO[0m [1mnode[0m[1m{[0m[3mname[0m[2m=[0mk#addeef94..[1m}[0m[2m:[0m [2mconsensus_core::core[0m[2m:[0m [2mconsensus/core/src/core.rs[0m[2m:[0m[2m630:[0m Committing 1 leaders: B177(B,+sXx)
[2m2025-03-25T07:55:45.262487Z[0m [32m INFO[0m [1mnode[0m[1m{[0m[3mname[0m[2m=[0mk#addeef94..[1m}[0m[2m:[0m [2mconsensus_core::commit_observer[0m[2m:[0m [2mconsensus/core/src/commit_observer.rs[0m[2m:[0m[2m173:[0m Consensus commit C167(q/hC) with leader B177(B,+sXx) has 3 blocks
[2m2025-03-25T07:55:45.262563Z[0m [32m INFO[0m [1mnode[0m[1m{[0m[3mname[0m[2m=[0mk#addeef94..[1m}[0m[2m:[0m [2msui_core::consensus_handler[0m[2m:[0m [2mcrates/sui-core/src/consensus_handler.rs[0m[2m:[0m[2m232:[0m Received consensus output [3mconsensus_commit[0m[2m=[0mCommittedSubDag(leader=B177(B,+sXx), ref=C167(q/hC), blocks=[9rer, 18ES, +sXx]) [3mepoch[0m[2m=[0m1
[2m2025-03-25T07:55:45.276575Z[0m [32m INFO[0m [1mnode[0m[1m{[0m[3mname[0m[2m=[0mk#b3f3cbb4..[1m}[0m[2m:[0m [2msui_core::state_accumulator[0m[2m:[0m [2mcrates/sui-core/src/state_accumulator.rs[0m[2m:[0m[2m675:[0m accumulating running root for checkpoint 373
[2m2025-03-25T07:55:45.286562Z[0m [32m INFO[0m [1mnode[0m[1m{[0m[3mname[0m[2m=[0mk#99f25ef6..[1m}[0m[2m:[0m [2msui_core::checkpoints[0m[2m:[0m [2mcrates/sui-core/src/checkpoints/mod.rs[0m[2m:[0m[2m1326:[0m Creating checkpoint(s) for 2 transactions [3mnext_checkpoint_seq[0m[2m=[0m380 [3mcheckpoint_timestamp[0m[2m=[0m1742889344748
[2m2025-03-25T07:55:45.286859Z[0m [32m INFO[0m [1mnode[0m[1m{[0m[3mname[0m[2m=[0mk#99f25ef6..[1m}[0m[2m:[0m [2msui_core::checkpoints::checkpoint_output[0m[2m:[0m [2mcrates/sui-core/src/checkpoints/checkpoint_output.rs[0m[2m:[0m[2m149:[0m Creating checkpoint CheckpointDigest(2NMGwukybSK6e3YHK5Gai8wCpLTzGC2bTEC9sqozpGkX) at epoch 1, sequence 380, previous digest Some(CheckpointDigest(EUE42ePquXdoH6SBAstcdn2KHVeuvC5dzoav5xACm7aq)), transactions count 2, content digest CheckpointContentsDigest(Ek72MgMURABbxeu85GMTDQqcXc8Cz2K5q9xrDJNr1Gn1), end_of_epoch_data None
[2m2025-03-25T07:55:45.287175Z[0m [32m INFO[0m [1mnode[0m[1m{[0m[3mname[0m[2m=[0mk#8dcff6d1..[1m}[0m[2m:[0m [2msui_core::checkpoints[0m[2m:[0m [2mcrates/sui-core/src/checkpoints/mod.rs[0m[2m:[0m[2m1326:[0m Creating checkpoint(s) for 2 transactions [3mnext_checkpoint_seq[0m[2m=[0m380 [3mcheckpoint_timestamp[0m[2m=[0m1742889344748
[2m2025-03-25T07:55:45.287421Z[0m [32m INFO[0m [1mnode[0m[1m{[0m[3mname[0m[2m=[0mk#8dcff6d1..[1m}[0m[2m:[0m [2msui_core::checkpoints::checkpoint_output[0m[2m:[0m [2mcrates/sui-core/src/checkpoints/checkpoint_output.rs[0m[2m:[0m[2m149:[0m Creating checkpoint CheckpointDigest(2NMGwukybSK6e3YHK5Gai8wCpLTzGC2bTEC9sqozpGkX) at epoch 1, sequence 380, previous digest Some(CheckpointDigest(EUE42ePquXdoH6SBAstcdn2KHVeuvC5dzoav5xACm7aq)), transactions count 2, content digest CheckpointContentsDigest(Ek72MgMURABbxeu85GMTDQqcXc8Cz2K5q9xrDJNr1Gn1), end_of_epoch_data None
[2m2025-03-25T07:55:45.288565Z[0m [32m INFO[0m [1mnode[0m[1m{[0m[3mname[0m[2m=[0mk#addeef94..[1m}[0m[2m:[0m [2msui_core::checkpoints[0m[2m:[0m [2mcrates/sui-core/src/checkpoints/mod.rs[0m[2m:[0m[2m1326:[0m Creating checkpoint(s) for 2 transactions [3mnext_checkpoint_seq[0m[2m=[0m380 [3mcheckpoint_timestamp[0m[2m=[0m1742889344748
[2m2025-03-25T07:55:45.288815Z[0m [32m INFO[0m [1mnode[0m[1m{[0m[3mname[0m[2m=[0mk#addeef94..[1m}[0m[2m:[0m [2msui_core::checkpoints::checkpoint_output[0m[2m:[0m [2mcrates/sui-core/src/checkpoints/checkpoint_output.rs[0m[2m:[0m[2m149:[0m Creating checkpoint CheckpointDigest(2NMGwukybSK6e3YHK5Gai8wCpLTzGC2bTEC9sqozpGkX) at epoch 1, sequence 380, previous digest Some(CheckpointDigest(EUE42ePquXdoH6SBAstcdn2KHVeuvC5dzoav5xACm7aq)), transactions count 2, content digest CheckpointContentsDigest(Ek72MgMURABbxeu85GMTDQqcXc8Cz2K5q9xrDJNr1Gn1), end_of_epoch_data None
[2m2025-03-25T07:55:45.289869Z[0m [32m INFO[0m [1mnode[0m[1m{[0m[3mname[0m[2m=[0mk#99f25ef6..[1m}[0m[2m:[0m [2msui_core::checkpoints::checkpoint_output[0m[2m:[0m [2mcrates/sui-core/src/checkpoints/checkpoint_output.rs[0m[2m:[0m[2m196:[0m Certified checkpoint with sequence 379 and digest EUE42ePquXdoH6SBAstcdn2KHVeuvC5dzoav5xACm7aq
[2m2025-03-25T07:55:45.290223Z[0m [32m INFO[0m [1mnode[0m[1m{[0m[3mname[0m[2m=[0mk#8dcff6d1..[1m}[0m[2m:[0m [2msui_core::checkpoints::checkpoint_output[0m[2m:[0m [2mcrates/sui-core/src/checkpoints/checkpoint_output.rs[0m[2m:[0m[2m196:[0m Certified checkpoint with sequence 379 and digest EUE42ePquXdoH6SBAstcdn2KHVeuvC5dzoav5xACm7aq
[2m2025-03-25T07:55:45.290312Z[0m [32m INFO[0m [1mnode[0m[1m{[0m[3mname[0m[2m=[0mk#99f25ef6..[1m}[0m[2m:[0m [2msui_core::checkpoints::checkpoint_executor[0m[2m:[0m [2mcrates/sui-core/src/checkpoints/checkpoint_executor/mod.rs[0m[2m:[0m[2m332:[0m Received checkpoint summary from state sync [3msequence_number[0m[2m=[0m379
[2m2025-03-25T07:55:45.290594Z[0m [32m INFO[0m [1mnode[0m[1m{[0m[3mname[0m[2m=[0mk#8dcff6d1..[1m}[0m[2m:[0m [2msui_core::checkpoints::checkpoint_executor[0m[2m:[0m [2mcrates/sui-core/src/checkpoints/checkpoint_executor/mod.rs[0m[2m:[0m[2m332:[0m Received checkpoint summary from state sync [3msequence_number[0m[2m=[0m379
[2m2025-03-25T07:55:45.291437Z[0m [32m INFO[0m [1mnode[0m[1m{[0m[3mname[0m[2m=[0mk#99f25ef6..[1m}[0m[2m:[0m [2msui_core::state_accumulator[0m[2m:[0m [2mcrates/sui-core/src/state_accumulator.rs[0m[2m:[0m[2m675:[0m accumulating running root for checkpoint 379
[2m2025-03-25T07:55:45.291501Z[0m [32m INFO[0m [1mnode[0m[1m{[0m[3mname[0m[2m=[0mk#8dcff6d1..[1m}[0m[2m:[0m [2msui_core::state_accumulator[0m[2m:[0m [2mcrates/sui-core/src/state_accumulator.rs[0m[2m:[0m[2m675:[0m accumulating running root for checkpoint 379
[2m2025-03-25T07:55:45.293332Z[0m [32m INFO[0m [1mnode[0m[1m{[0m[3mname[0m[2m=[0mk#addeef94..[1m}[0m[2m:[0m [2msui_core::checkpoints::checkpoint_executor[0m[2m:[0m [2mcrates/sui-core/src/checkpoints/checkpoint_executor/mod.rs[0m[2m:[0m[2m332:[0m Received checkpoint summary from state sync [3msequence_number[0m[2m=[0m379
[2m2025-03-25T07:55:45.294058Z[0m [32m INFO[0m [1mnode[0m[1m{[0m[3mname[0m[2m=[0mk#addeef94..[1m}[0m[2m:[0m [2msui_core::state_accumulator[0m[2m:[0m [2mcrates/sui-core/src/state_accumulator.rs[0m[2m:[0m[2m675:[0m accumulating running root for checkpoint 379
[2m2025-03-25T07:55:45.304903Z[0m [32m INFO[0m [1mnode[0m[1m{[0m[3mname[0m[2m=[0mk#8dcff6d1..[1m}[0m[2m:[0m [2mconsensus_core::commit_syncer[0m[2m:[0m [2mconsensus/core/src/commit_syncer.rs[0m[2m:[0m[2m196:[0m Checking to schedule fetches: synced_commit_index=167, highest_handled_index=167, highest_scheduled_index=0, quorum_commit_index=166, unhandled_commits_threshold=3200
[2m2025-03-25T07:55:45.312063Z[0m [32m INFO[0m [1mnode[0m[1m{[0m[3mname[0m[2m=[0mk#b3f3cbb4..[1m}[0m[2m:[0m [2msui_core::state_accumulator[0m[2m:[0m [2mcrates/sui-core/src/state_accumulator.rs[0m[2m:[0m[2m675:[0m accumulating running root for checkpoint 374
[2m2025-03-25T07:55:45.327938Z[0m [32m INFO[0m [1mnode[0m[1m{[0m[3mname[0m[2m=[0mk#addeef94..[1m}[0m[2m:[0m [2mconsensus_core::commit_syncer[0m[2m:[0m [2mconsensus/core/src/commit_syncer.rs[0m[2m:[0m[2m196:[0m Checking to schedule fetches: synced_commit_index=167, highest_handled_index=167, highest_scheduled_index=0, quorum_commit_index=0, unhandled_commits_threshold=3200
[2m2025-03-25T07:55:45.331076Z[0m [32m INFO[0m [1mnode[0m[1m{[0m[3mname[0m[2m=[0mk#99f25ef6..[1m}[0m[2m:[0m [2mconsensus_core::commit_syncer[0m[2m:[0m [2mconsensus/core/src/commit_syncer.rs[0m[2m:[0m[2m196:[0m Checking to schedule fetches: synced_commit_index=167, highest_handled_index=167, highest_scheduled_index=0, quorum_commit_index=166, unhandled_commits_threshold=3200
[2m2025-03-25T07:55:45.337083Z[0m [32m INFO[0m [1mnode[0m[1m{[0m[3mname[0m[2m=[0mk#b3f3cbb4..[1m}[0m[2m:[0m [2msui_core::state_accumulator[0m[2m:[0m [2mcrates/sui-core/src/state_accumulator.rs[0m[2m:[0m[2m675:[0m accumulating running root for checkpoint 375
[2m2025-03-25T07:55:45.339748Z[0m [32m INFO[0m [1mnode[0m[1m{[0m[3mname[0m[2m=[0mk#b3f3cbb4..[1m}[0m[2m:[0m [2msui_core::checkpoints::checkpoint_executor[0m[2m:[0m [2mcrates/sui-core/src/checkpoints/checkpoint_executor/mod.rs[0m[2m:[0m[2m332:[0m Received checkpoint summary from state sync [3msequence_number[0m[2m=[0m376
[2m2025-03-25T07:55:45.339914Z[0m [32m INFO[0m [1mnode[0m[1m{[0m[3mname[0m[2m=[0mk#b3f3cbb4..[1m}[0m[2m:[0m [2msui_core::checkpoints::checkpoint_executor[0m[2m:[0m [2mcrates/sui-core/src/checkpoints/checkpoint_executor/mod.rs[0m[2m:[0m[2m332:[0m Received checkpoint summary from state sync [3msequence_number[0m[2m=[0m377
[2m2025-03-25T07:55:45.339955Z[0m [32m INFO[0m [1mnode[0m[1m{[0m[3mname[0m[2m=[0mk#b3f3cbb4..[1m}[0m[2m:[0m [2msui_core::checkpoints::checkpoint_executor[0m[2m:[0m [2mcrates/sui-core/src/checkpoints/checkpoint_executor/mod.rs[0m[2m:[0m[2m332:[0m Received checkpoint summary from state sync [3msequence_number[0m[2m=[0m378
[2m2025-03-25T07:55:45.430367Z[0m [32m INFO[0m [1mnode[0m[1m{[0m[3mname[0m[2m=[0mk#b3f3cbb4..[1m}[0m[2m:[0m [2msui_core::state_accumulator[0m[2m:[0m [2mcrates/sui-core/src/state_accumulator.rs[0m[2m:[0m[2m675:[0m accumulating running root for checkpoint 376
[2m2025-03-25T07:55:45.507554Z[0m [32m INFO[0m [1mnode[0m[1m{[0m[3mname[0m[2m=[0mk#b3f3cbb4..[1m}[0m[2m:[0m [2msui_core::state_accumulator[0m[2m:[0m [2mcrates/sui-core/src/state_accumulator.rs[0m[2m:[0m[2m675:[0m accumulating running root for checkpoint 377
[2m2025-03-25T07:55:45.512289Z[0m [32m INFO[0m [1mnode[0m[1m{[0m[3mname[0m[2m=[0mk#99f25ef6..[1m}[0m[2m:[0m [2mconsensus_core::core[0m[2m:[0m [2mconsensus/core/src/core.rs[0m[2m:[0m[2m945:[0m Included 3 ancestors & excluded 0 ancestors for proposal in round 180
[2m2025-03-25T07:55:45.512635Z[0m [32m INFO[0m [1mnode[0m[1m{[0m[3mname[0m[2m=[0mk#99f25ef6..[1m}[0m[2m:[0m [2mconsensus_core::core[0m[2m:[0m [2mconsensus/core/src/core.rs[0m[2m:[0m[2m531:[0m Created block B180(B,4wxT2A2Koppf0qxCFvfqVu3NlRWSXyi8SO+4jOtmEIU=)(1742889345512ms;[B179(B,3e+D8gJknpLLQJF10EKIVSfY6vyGpduPiPhAEgLnNUA=), B179(A,b2p1O9iFeHfcSnj3nmYHIoQm+hiW5mOZeHmLtsIvIA8=), B179(C,cWW1TcylFIN8uqVsQX6BWdcBCrn41H/b83DGRg6GjMI=)];1t;1c) for round 180
[2m2025-03-25T07:55:45.514252Z[0m [32m INFO[0m [1mnode[0m[1m{[0m[3mname[0m[2m=[0mk#addeef94..[1m}[0m[2m:[0m [2mconsensus_core::core[0m[2m:[0m [2mconsensus/core/src/core.rs[0m[2m:[0m[2m945:[0m Included 3 ancestors & excluded 0 ancestors for proposal in round 180
[2m2025-03-25T07:55:45.514252Z[0m [32m INFO[0m [1mnode[0m[1m{[0m[3mname[0m[2m=[0mk#8dcff6d1..[1m}[0m[2m:[0m [2mconsensus_core::core[0m[2m:[0m [2mconsensus/core/src/core.rs[0m[2m:[0m[2m945:[0m Included 3 ancestors & excluded 0 ancestors for proposal in round 180
[2m2025-03-25T07:55:45.514553Z[0m [32m INFO[0m [1mnode[0m[1m{[0m[3mname[0m[2m=[0mk#8dcff6d1..[1m}[0m[2m:[0m [2mconsensus_core::core[0m[2m:[0m [2mconsensus/core/src/core.rs[0m[2m:[0m[2m531:[0m Created block B180(A,rQmrG5lQdr47K4Y54s4jOfwulQ98GPBOwdgHA5IcQNY=)(1742889345514ms;[B179(A,b2p1O9iFeHfcSnj3nmYHIoQm+hiW5mOZeHmLtsIvIA8=), B179(B,3e+D8gJknpLLQJF10EKIVSfY6vyGpduPiPhAEgLnNUA=), B179(C,cWW1TcylFIN8uqVsQX6BWdcBCrn41H/b83DGRg6GjMI=)];1t;1c) for round 180
[2m2025-03-25T07:55:45.514553Z[0m [32m INFO[0m [1mnode[0m[1m{[0m[3mname[0m[2m=[0mk#addeef94..[1m}[0m[2m:[0m [2mconsensus_core::core[0m[2m:[0m [2mconsensus/core/src/core.rs[0m[2m:[0m[2m531:[0m Created block B180(C,o4tjTGr7H/judVwrHL4Aj6Trr9B5SBgtdFzJHibIYHE=)(1742889345514ms;[B179(C,cWW1TcylFIN8uqVsQX6BWdcBCrn41H/b83DGRg6GjMI=), B179(A,b2p1O9iFeHfcSnj3nmYHIoQm+hiW5mOZeHmLtsIvIA8=), B179(B,3e+D8gJknpLLQJF10EKIVSfY6vyGpduPiPhAEgLnNUA=)];1t;1c) for round 180
[2m2025-03-25T07:55:45.514698Z[0m [32m INFO[0m [1mnode[0m[1m{[0m[3mname[0m[2m=[0mk#addeef94..[1m}[0m[2m:[0m [2mconsensus_core::core[0m[2m:[0m [2mconsensus/core/src/core.rs[0m[2m:[0m[2m630:[0m Committing 1 leaders: B178(C,D7C4)
[2m2025-03-25T07:55:45.514788Z[0m [32m INFO[0m [1mnode[0m[1m{[0m[3mname[0m[2m=[0mk#addeef94..[1m}[0m[2m:[0m [2mconsensus_core::commit_observer[0m[2m:[0m [2mconsensus/core/src/commit_observer.rs[0m[2m:[0m[2m173:[0m Consensus commit C168(/TYa) with leader B178(C,D7C4) has 3 blocks
[2m2025-03-25T07:55:45.515093Z[0m [32m INFO[0m [1mnode[0m[1m{[0m[3mname[0m[2m=[0mk#addeef94..[1m}[0m[2m:[0m [2msui_core::consensus_handler[0m[2m:[0m [2mcrates/sui-core/src/consensus_handler.rs[0m[2m:[0m[2m232:[0m Received consensus output [3mconsensus_commit[0m[2m=[0mCommittedSubDag(leader=B178(C,D7C4), ref=C168(/TYa), blocks=[FiyY, kwoX, D7C4]) [3mepoch[0m[2m=[0m1
[2m2025-03-25T07:55:45.518116Z[0m [32m INFO[0m [1mnode[0m[1m{[0m[3mname[0m[2m=[0mk#8dcff6d1..[1m}[0m[2m:[0m [2msui_core::checkpoints::checkpoint_output[0m[2m:[0m [2mcrates/sui-core/src/checkpoints/checkpoint_output.rs[0m[2m:[0m[2m196:[0m Certified checkpoint with sequence 380 and digest 2NMGwukybSK6e3YHK5Gai8wCpLTzGC2bTEC9sqozpGkX
[2m2025-03-25T07:55:45.518222Z[0m [32m INFO[0m [1mnode[0m[1m{[0m[3mname[0m[2m=[0mk#8dcff6d1..[1m}[0m[2m:[0m [2mconsensus_core::core[0m[2m:[0m [2mconsensus/core/src/core.rs[0m[2m:[0m[2m630:[0m Committing 1 leaders: B178(C,D7C4)
[2m2025-03-25T07:55:45.518326Z[0m [32m INFO[0m [1mnode[0m[1m{[0m[3mname[0m[2m=[0mk#8dcff6d1..[1m}[0m[2m:[0m [2mconsensus_core::commit_observer[0m[2m:[0m [2mconsensus/core/src/commit_observer.rs[0m[2m:[0m[2m173:[0m Consensus commit C168(/TYa) with leader B178(C,D7C4) has 3 blocks
[2m2025-03-25T07:55:45.518545Z[0m [32m INFO[0m [1mnode[0m[1m{[0m[3mname[0m[2m=[0mk#99f25ef6..[1m}[0m[2m:[0m [2msui_core::checkpoints::checkpoint_output[0m[2m:[0m [2mcrates/sui-core/src/checkpoints/checkpoint_output.rs[0m[2m:[0m[2m196:[0m Certified checkpoint with sequence 380 and digest 2NMGwukybSK6e3YHK5Gai8wCpLTzGC2bTEC9sqozpGkX
[2m2025-03-25T07:55:45.518640Z[0m [32m INFO[0m [1mnode[0m[1m{[0m[3mname[0m[2m=[0mk#99f25ef6..[1m}[0m[2m:[0m [2mconsensus_core::core[0m[2m:[0m [2mconsensus/core/src/core.rs[0m[2m:[0m[2m630:[0m Committing 1 leaders: B178(C,D7C4)
[2m2025-03-25T07:55:45.518738Z[0m [32m INFO[0m [1mnode[0m[1m{[0m[3mname[0m[2m=[0mk#99f25ef6..[1m}[0m[2m:[0m [2mconsensus_core::commit_observer[0m[2m:[0m [2mconsensus/core/src/commit_observer.rs[0m[2m:[0m[2m173:[0m Consensus commit C168(/TYa) with leader B178(C,D7C4) has 3 blocks
[2m2025-03-25T07:55:45.518742Z[0m [32m INFO[0m [1mnode[0m[1m{[0m[3mname[0m[2m=[0mk#8dcff6d1..[1m}[0m[2m:[0m [2msui_core::consensus_handler[0m[2m:[0m [2mcrates/sui-core/src/consensus_handler.rs[0m[2m:[0m[2m232:[0m Received consensus output [3mconsensus_commit[0m[2m=[0mCommittedSubDag(leader=B178(C,D7C4), ref=C168(/TYa), blocks=[FiyY, kwoX, D7C4]) [3mepoch[0m[2m=[0m1
[2m2025-03-25T07:55:45.519112Z[0m [32m INFO[0m [1mnode[0m[1m{[0m[3mname[0m[2m=[0mk#99f25ef6..[1m}[0m[2m:[0m [2msui_core::consensus_handler[0m[2m:[0m [2mcrates/sui-core/src/consensus_handler.rs[0m[2m:[0m[2m232:[0m Received consensus output [3mconsensus_commit[0m[2m=[0mCommittedSubDag(leader=B178(C,D7C4), ref=C168(/TYa), blocks=[FiyY, kwoX, D7C4]) [3mepoch[0m[2m=[0m1
[2m2025-03-25T07:55:45.519356Z[0m [32m INFO[0m [1mnode[0m[1m{[0m[3mname[0m[2m=[0mk#8dcff6d1..[1m}[0m[2m:[0m [2msui_core::checkpoints::checkpoint_executor[0m[2m:[0m [2mcrates/sui-core/src/checkpoints/checkpoint_executor/mod.rs[0m[2m:[0m[2m332:[0m Received checkpoint summary from state sync [3msequence_number[0m[2m=[0m380
[2m2025-03-25T07:55:45.519675Z[0m [32m INFO[0m [1mnode[0m[1m{[0m[3mname[0m[2m=[0mk#99f25ef6..[1m}[0m[2m:[0m [2msui_core::checkpoints::checkpoint_executor[0m[2m:[0m [2mcrates/sui-core/src/checkpoints/checkpoint_executor/mod.rs[0m[2m:[0m[2m332:[0m Received checkpoint summary from state sync [3msequence_number[0m[2m=[0m380
[2m2025-03-25T07:55:45.532857Z[0m [32m INFO[0m [1mnode[0m[1m{[0m[3mname[0m[2m=[0mk#8dcff6d1..[1m}[0m[2m:[0m [2msui_core::state_accumulator[0m[2m:[0m [2mcrates/sui-core/src/state_accumulator.rs[0m[2m:[0m[2m675:[0m accumulating running root for checkpoint 380
[2m2025-03-25T07:55:45.532894Z[0m [32m INFO[0m [1mnode[0m[1m{[0m[3mname[0m[2m=[0mk#99f25ef6..[1m}[0m[2m:[0m [2msui_core::state_accumulator[0m[2m:[0m [2mcrates/sui-core/src/state_accumulator.rs[0m[2m:[0m[2m675:[0m accumulating running root for checkpoint 380
[2m2025-03-25T07:55:45.543447Z[0m [32m INFO[0m [1mnode[0m[1m{[0m[3mname[0m[2m=[0mk#b3f3cbb4..[1m}[0m[2m:[0m [2msui_core::state_accumulator[0m[2m:[0m [2mcrates/sui-core/src/state_accumulator.rs[0m[2m:[0m[2m675:[0m accumulating running root for checkpoint 378
[2m2025-03-25T07:55:45.544881Z[0m [32m INFO[0m [1mnode[0m[1m{[0m[3mname[0m[2m=[0mk#b3f3cbb4..[1m}[0m[2m:[0m [2msui_core::checkpoints::checkpoint_executor[0m[2m:[0m [2mcrates/sui-core/src/checkpoints/checkpoint_executor/mod.rs[0m[2m:[0m[2m332:[0m Received checkpoint summary from state sync [3msequence_number[0m[2m=[0m379
[2m2025-03-25T07:55:45.559532Z[0m [32m INFO[0m [1mnode[0m[1m{[0m[3mname[0m[2m=[0mk#addeef94..[1m}[0m[2m:[0m [2msui_core::checkpoints[0m[2m:[0m [2mcrates/sui-core/src/checkpoints/mod.rs[0m[2m:[0m[2m1326:[0m Creating checkpoint(s) for 1 transactions [3mnext_checkpoint_seq[0m[2m=[0m381 [3mcheckpoint_timestamp[0m[2m=[0m1742889345003
[2m2025-03-25T07:55:45.559765Z[0m [32m INFO[0m [1mnode[0m[1m{[0m[3mname[0m[2m=[0mk#addeef94..[1m}[0m[2m:[0m [2msui_core::checkpoints::checkpoint_output[0m[2m:[0m [2mcrates/sui-core/src/checkpoints/checkpoint_output.rs[0m[2m:[0m[2m149:[0m Creating checkpoint CheckpointDigest(C6WAGdsNWfUmrCfuscb699p651WsNNtTaJe9beXTagjW) at epoch 1, sequence 381, previous digest Some(CheckpointDigest(2NMGwukybSK6e3YHK5Gai8wCpLTzGC2bTEC9sqozpGkX)), transactions count 1, content digest CheckpointContentsDigest(G7msNLG2EgZWzwnY5WpXv8wbxpp7itjfgJWiBnKmJXow), end_of_epoch_data None
[2m2025-03-25T07:55:45.565225Z[0m [32m INFO[0m [1mnode[0m[1m{[0m[3mname[0m[2m=[0mk#99f25ef6..[1m}[0m[2m:[0m [2msui_core::checkpoints[0m[2m:[0m [2mcrates/sui-core/src/checkpoints/mod.rs[0m[2m:[0m[2m1326:[0m Creating checkpoint(s) for 1 transactions [3mnext_checkpoint_seq[0m[2m=[0m381 [3mcheckpoint_timestamp[0m[2m=[0m1742889345003
[2m2025-03-25T07:55:45.565238Z[0m [32m INFO[0m [1mnode[0m[1m{[0m[3mname[0m[2m=[0mk#8dcff6d1..[1m}[0m[2m:[0m [2msui_core::checkpoints[0m[2m:[0m [2mcrates/sui-core/src/checkpoints/mod.rs[0m[2m:[0m[2m1326:[0m Creating checkpoint(s) for 1 transactions [3mnext_checkpoint_seq[0m[2m=[0m381 [3mcheckpoint_timestamp[0m[2m=[0m1742889345003
[2m2025-03-25T07:55:45.565408Z[0m [32m INFO[0m [1mnode[0m[1m{[0m[3mname[0m[2m=[0mk#8dcff6d1..[1m}[0m[2m:[0m [2msui_core::checkpoints::checkpoint_output[0m[2m:[0m [2mcrates/sui-core/src/checkpoints/checkpoint_output.rs[0m[2m:[0m[2m149:[0m Creating checkpoint CheckpointDigest(C6WAGdsNWfUmrCfuscb699p651WsNNtTaJe9beXTagjW) at epoch 1, sequence 381, previous digest Some(CheckpointDigest(2NMGwukybSK6e3YHK5Gai8wCpLTzGC2bTEC9sqozpGkX)), transactions count 1, content digest CheckpointContentsDigest(G7msNLG2EgZWzwnY5WpXv8wbxpp7itjfgJWiBnKmJXow), end_of_epoch_data None
[2m2025-03-25T07:55:45.565408Z[0m [32m INFO[0m [1mnode[0m[1m{[0m[3mname[0m[2m=[0mk#99f25ef6..[1m}[0m[2m:[0m [2msui_core::checkpoints::checkpoint_output[0m[2m:[0m [2mcrates/sui-core/src/checkpoints/checkpoint_output.rs[0m[2m:[0m[2m149:[0m Creating checkpoint CheckpointDigest(C6WAGdsNWfUmrCfuscb699p651WsNNtTaJe9beXTagjW) at epoch 1, sequence 381, previous digest Some(CheckpointDigest(2NMGwukybSK6e3YHK5Gai8wCpLTzGC2bTEC9sqozpGkX)), transactions count 1, content digest CheckpointContentsDigest(G7msNLG2EgZWzwnY5WpXv8wbxpp7itjfgJWiBnKmJXow), end_of_epoch_data None
[2m2025-03-25T07:55:45.573107Z[0m [32m INFO[0m [1mnode[0m[1m{[0m[3mname[0m[2m=[0mk#b3f3cbb4..[1m}[0m[2m:[0m [2msui_core::state_accumulator[0m[2m:[0m [2mcrates/sui-core/src/state_accumulator.rs[0m[2m:[0m[2m675:[0m accumulating running root for checkpoint 379
[2m2025-03-25T07:55:45.628187Z[0m [32m INFO[0m [1mnode[0m[1m{[0m[3mname[0m[2m=[0mk#addeef94..[1m}[0m[2m:[0m [2msui_core::checkpoints::checkpoint_executor[0m[2m:[0m [2mcrates/sui-core/src/checkpoints/checkpoint_executor/mod.rs[0m[2m:[0m[2m332:[0m Received checkpoint summary from state sync [3msequence_number[0m[2m=[0m380
[2m2025-03-25T07:55:45.629589Z[0m [32m INFO[0m [1mnode[0m[1m{[0m[3mname[0m[2m=[0mk#addeef94..[1m}[0m[2m:[0m [2msui_core::state_accumulator[0m[2m:[0m [2mcrates/sui-core/src/state_accumulator.rs[0m[2m:[0m[2m675:[0m accumulating running root for checkpoint 380
[2m2025-03-25T07:55:45.632582Z[0m [32m INFO[0m [1mnode[0m[1m{[0m[3mname[0m[2m=[0mk#b3f3cbb4..[1m}[0m[2m:[0m [2msui_core::checkpoints::checkpoint_executor[0m[2m:[0m [2mcrates/sui-core/src/checkpoints/checkpoint_executor/mod.rs[0m[2m:[0m[2m332:[0m Received checkpoint summary from state sync [3msequence_number[0m[2m=[0m380
[2m2025-03-25T07:55:45.720763Z[0m [32m INFO[0m [1mnode[0m[1m{[0m[3mname[0m[2m=[0mk#b3f3cbb4..[1m}[0m[2m:[0m [2msui_core::state_accumulator[0m[2m:[0m [2mcrates/sui-core/src/state_accumulator.rs[0m[2m:[0m[2m675:[0m accumulating running root for checkpoint 380
[2m2025-03-25T07:55:45.766858Z[0m [32m INFO[0m [1mnode[0m[1m{[0m[3mname[0m[2m=[0mk#addeef94..[1m}[0m[2m:[0m [2mconsensus_core::core[0m[2m:[0m [2mconsensus/core/src/core.rs[0m[2m:[0m[2m945:[0m Included 3 ancestors & excluded 0 ancestors for proposal in round 181
[2m2025-03-25T07:55:45.767315Z[0m [32m INFO[0m [1mnode[0m[1m{[0m[3mname[0m[2m=[0mk#addeef94..[1m}[0m[2m:[0m [2mconsensus_core::core[0m[2m:[0m [2mconsensus/core/src/core.rs[0m[2m:[0m[2m531:[0m Created block B181(C,9VKTRnJdc1nxkhXdtoMGykP5KarjCJLS2UCy3OWErgE=)(1742889345767ms;[B180(C,o4tjTGr7H/judVwrHL4Aj6Trr9B5SBgtdFzJHibIYHE=), B180(A,rQmrG5lQdr47K4Y54s4jOfwulQ98GPBOwdgHA5IcQNY=), B180(B,4wxT2A2Koppf0qxCFvfqVu3NlRWSXyi8SO+4jOtmEIU=)];1t;1c) for round 181
[2m2025-03-25T07:55:45.769500Z[0m [32m INFO[0m [1mnode[0m[1m{[0m[3mname[0m[2m=[0mk#8dcff6d1..[1m}[0m[2m:[0m [2mconsensus_core::core[0m[2m:[0m [2mconsensus/core/src/core.rs[0m[2m:[0m[2m945:[0m Included 3 ancestors & excluded 0 ancestors for proposal in round 181
[2m2025-03-25T07:55:45.769829Z[0m [32m INFO[0m [1mnode[0m[1m{[0m[3mname[0m[2m=[0mk#8dcff6d1..[1m}[0m[2m:[0m [2mconsensus_core::core[0m[2m:[0m [2mconsensus/core/src/core.rs[0m[2m:[0m[2m531:[0m Created block B181(A,s2nDIGGWsH8MF8eRLqZbL0aGwa5HJp2PF87/Cl0mIOs=)(1742889345769ms;[B180(A,rQmrG5lQdr47K4Y54s4jOfwulQ98GPBOwdgHA5IcQNY=), B180(B,4wxT2A2Koppf0qxCFvfqVu3NlRWSXyi8SO+4jOtmEIU=), B180(C,o4tjTGr7H/judVwrHL4Aj6Trr9B5SBgtdFzJHibIYHE=)];1t;1c) for round 181
[2m2025-03-25T07:55:45.769911Z[0m [32m INFO[0m [1mnode[0m[1m{[0m[3mname[0m[2m=[0mk#8dcff6d1..[1m}[0m[2m:[0m [2mconsensus_core::core[0m[2m:[0m [2mconsensus/core/src/core.rs[0m[2m:[0m[2m630:[0m Committing 1 leaders: B179(B,3e+D)
[2m2025-03-25T07:55:45.770001Z[0m [32m INFO[0m [1mnode[0m[1m{[0m[3mname[0m[2m=[0mk#8dcff6d1..[1m}[0m[2m:[0m [2mconsensus_core::commit_observer[0m[2m:[0m [2mconsensus/core/src/commit_observer.rs[0m[2m:[0m[2m173:[0m Consensus commit C169(pyeh) with leader B179(B,3e+D) has 3 blocks
[2m2025-03-25T07:55:45.770106Z[0m [32m INFO[0m [1mnode[0m[1m{[0m[3mname[0m[2m=[0mk#8dcff6d1..[1m}[0m[2m:[0m [2msui_core::consensus_handler[0m[2m:[0m [2mcrates/sui-core/src/consensus_handler.rs[0m[2m:[0m[2m232:[0m Received consensus output [3mconsensus_commit[0m[2m=[0mCommittedSubDag(leader=B179(B,3e+D), ref=C169(pyeh), blocks=[SB01, 4O0Z, 3e+D]) [3mepoch[0m[2m=[0m1
[2m2025-03-25T07:55:45.770614Z[0m [32m INFO[0m [1mnode[0m[1m{[0m[3mname[0m[2m=[0mk#99f25ef6..[1m}[0m[2m:[0m [2mconsensus_core::core[0m[2m:[0m [2mconsensus/core/src/core.rs[0m[2m:[0m[2m945:[0m Included 3 ancestors & excluded 0 ancestors for proposal in round 181
[2m2025-03-25T07:55:45.770946Z[0m [32m INFO[0m [1mnode[0m[1m{[0m[3mname[0m[2m=[0mk#99f25ef6..[1m}[0m[2m:[0m [2mconsensus_core::core[0m[2m:[0m [2mconsensus/core/src/core.rs[0m[2m:[0m[2m531:[0m Created block B181(B,NRlucFKj27C9RUX5KZPzQLil5a0j0UU6PNDbkLa3upM=)(1742889345770ms;[B180(B,4wxT2A2Koppf0qxCFvfqVu3NlRWSXyi8SO+4jOtmEIU=), B180(A,rQmrG5lQdr47K4Y54s4jOfwulQ98GPBOwdgHA5IcQNY=), B180(C,o4tjTGr7H/judVwrHL4Aj6Trr9B5SBgtdFzJHibIYHE=)];1t;1c) for round 181
[2m2025-03-25T07:55:45.771018Z[0m [32m INFO[0m [1mnode[0m[1m{[0m[3mname[0m[2m=[0mk#99f25ef6..[1m}[0m[2m:[0m [2mconsensus_core::core[0m[2m:[0m [2mconsensus/core/src/core.rs[0m[2m:[0m[2m630:[0m Committing 1 leaders: B179(B,3e+D)
[2m2025-03-25T07:55:45.771087Z[0m [32m INFO[0m [1mnode[0m[1m{[0m[3mname[0m[2m=[0mk#99f25ef6..[1m}[0m[2m:[0m [2mconsensus_core::commit_observer[0m[2m:[0m [2mconsensus/core/src/commit_observer.rs[0m[2m:[0m[2m173:[0m Consensus commit C169(pyeh) with leader B179(B,3e+D) has 3 blocks
[2m2025-03-25T07:55:45.771177Z[0m [32m INFO[0m [1mnode[0m[1m{[0m[3mname[0m[2m=[0mk#99f25ef6..[1m}[0m[2m:[0m [2msui_core::consensus_handler[0m[2m:[0m [2mcrates/sui-core/src/consensus_handler.rs[0m[2m:[0m[2m232:[0m Received consensus output [3mconsensus_commit[0m[2m=[0mCommittedSubDag(leader=B179(B,3e+D), ref=C169(pyeh), blocks=[SB01, 4O0Z, 3e+D]) [3mepoch[0m[2m=[0m1
[2m2025-03-25T07:55:45.772620Z[0m [32m INFO[0m [1mnode[0m[1m{[0m[3mname[0m[2m=[0mk#addeef94..[1m}[0m[2m:[0m [2mconsensus_core::core[0m[2m:[0m [2mconsensus/core/src/core.rs[0m[2m:[0m[2m630:[0m Committing 1 leaders: B179(B,3e+D)
[2m2025-03-25T07:55:45.772709Z[0m [32m INFO[0m [1mnode[0m[1m{[0m[3mname[0m[2m=[0mk#addeef94..[1m}[0m[2m:[0m [2mconsensus_core::commit_observer[0m[2m:[0m [2mconsensus/core/src/commit_observer.rs[0m[2m:[0m[2m173:[0m Consensus commit C169(pyeh) with leader B179(B,3e+D) has 3 blocks
[2m2025-03-25T07:55:45.772785Z[0m [32m INFO[0m [1mnode[0m[1m{[0m[3mname[0m[2m=[0mk#addeef94..[1m}[0m[2m:[0m [2msui_core::consensus_handler[0m[2m:[0m [2mcrates/sui-core/src/consensus_handler.rs[0m[2m:[0m[2m232:[0m Received consensus output [3mconsensus_commit[0m[2m=[0mCommittedSubDag(leader=B179(B,3e+D), ref=C169(pyeh), blocks=[SB01, 4O0Z, 3e+D]) [3mepoch[0m[2m=[0m1
[2m2025-03-25T07:55:45.797252Z[0m [32m INFO[0m [1mnode[0m[1m{[0m[3mname[0m[2m=[0mk#8dcff6d1..[1m}[0m[2m:[0m [2msui_core::checkpoints[0m[2m:[0m [2mcrates/sui-core/src/checkpoints/mod.rs[0m[2m:[0m[2m1326:[0m Creating checkpoint(s) for 2 transactions [3mnext_checkpoint_seq[0m[2m=[0m382 [3mcheckpoint_timestamp[0m[2m=[0m1742889345259
[2m2025-03-25T07:55:45.797564Z[0m [32m INFO[0m [1mnode[0m[1m{[0m[3mname[0m[2m=[0mk#8dcff6d1..[1m}[0m[2m:[0m [2msui_core::checkpoints::checkpoint_output[0m[2m:[0m [2mcrates/sui-core/src/checkpoints/checkpoint_output.rs[0m[2m:[0m[2m149:[0m Creating checkpoint CheckpointDigest(7uacw7z166XUeAujvmV1Zeh5JGNLdYxSjjviw2oafju4) at epoch 1, sequence 382, previous digest Some(CheckpointDigest(C6WAGdsNWfUmrCfuscb699p651WsNNtTaJe9beXTagjW)), transactions count 2, content digest CheckpointContentsDigest(DXmwyyW3QDVZgoWoYhyd58pNUG4qPGVaxiKkDtCMZf4M), end_of_epoch_data None
[2m2025-03-25T07:55:45.797743Z[0m [32m INFO[0m [1mnode[0m[1m{[0m[3mname[0m[2m=[0mk#99f25ef6..[1m}[0m[2m:[0m [2msui_core::checkpoints[0m[2m:[0m [2mcrates/sui-core/src/checkpoints/mod.rs[0m[2m:[0m[2m1326:[0m Creating checkpoint(s) for 2 transactions [3mnext_checkpoint_seq[0m[2m=[0m382 [3mcheckpoint_timestamp[0m[2m=[0m1742889345259
[2m2025-03-25T07:55:45.797995Z[0m [32m INFO[0m [1mnode[0m[1m{[0m[3mname[0m[2m=[0mk#99f25ef6..[1m}[0m[2m:[0m [2msui_core::checkpoints::checkpoint_output[0m[2m:[0m [2mcrates/sui-core/src/checkpoints/checkpoint_output.rs[0m[2m:[0m[2m149:[0m Creating checkpoint CheckpointDigest(7uacw7z166XUeAujvmV1Zeh5JGNLdYxSjjviw2oafju4) at epoch 1, sequence 382, previous digest Some(CheckpointDigest(C6WAGdsNWfUmrCfuscb699p651WsNNtTaJe9beXTagjW)), transactions count 2, content digest CheckpointContentsDigest(DXmwyyW3QDVZgoWoYhyd58pNUG4qPGVaxiKkDtCMZf4M), end_of_epoch_data None
[2m2025-03-25T07:55:45.799002Z[0m [32m INFO[0m [1mnode[0m[1m{[0m[3mname[0m[2m=[0mk#addeef94..[1m}[0m[2m:[0m [2msui_core::checkpoints[0m[2m:[0m [2mcrates/sui-core/src/checkpoints/mod.rs[0m[2m:[0m[2m1326:[0m Creating checkpoint(s) for 2 transactions [3mnext_checkpoint_seq[0m[2m=[0m382 [3mcheckpoint_timestamp[0m[2m=[0m1742889345259
[2m2025-03-25T07:55:45.799243Z[0m [32m INFO[0m [1mnode[0m[1m{[0m[3mname[0m[2m=[0mk#addeef94..[1m}[0m[2m:[0m [2msui_core::checkpoints::checkpoint_output[0m[2m:[0m [2mcrates/sui-core/src/checkpoints/checkpoint_output.rs[0m[2m:[0m[2m149:[0m Creating checkpoint CheckpointDigest(7uacw7z166XUeAujvmV1Zeh5JGNLdYxSjjviw2oafju4) at epoch 1, sequence 382, previous digest Some(CheckpointDigest(C6WAGdsNWfUmrCfuscb699p651WsNNtTaJe9beXTagjW)), transactions count 2, content digest CheckpointContentsDigest(DXmwyyW3QDVZgoWoYhyd58pNUG4qPGVaxiKkDtCMZf4M), end_of_epoch_data None
[2m2025-03-25T07:55:45.800592Z[0m [32m INFO[0m [1mnode[0m[1m{[0m[3mname[0m[2m=[0mk#8dcff6d1..[1m}[0m[2m:[0m [2msui_core::checkpoints::checkpoint_output[0m[2m:[0m [2mcrates/sui-core/src/checkpoints/checkpoint_output.rs[0m[2m:[0m[2m196:[0m Certified checkpoint with sequence 381 and digest C6WAGdsNWfUmrCfuscb699p651WsNNtTaJe9beXTagjW
[2m2025-03-25T07:55:45.800832Z[0m [32m INFO[0m [1mnode[0m[1m{[0m[3mname[0m[2m=[0mk#99f25ef6..[1m}[0m[2m:[0m [2msui_core::checkpoints::checkpoint_output[0m[2m:[0m [2mcrates/sui-core/src/checkpoints/checkpoint_output.rs[0m[2m:[0m[2m196:[0m Certified checkpoint with sequence 381 and digest C6WAGdsNWfUmrCfuscb699p651WsNNtTaJe9beXTagjW
[2m2025-03-25T07:55:45.801048Z[0m [32m INFO[0m [1mnode[0m[1m{[0m[3mname[0m[2m=[0mk#8dcff6d1..[1m}[0m[2m:[0m [2msui_core::checkpoints::checkpoint_executor[0m[2m:[0m [2mcrates/sui-core/src/checkpoints/checkpoint_executor/mod.rs[0m[2m:[0m[2m332:[0m Received checkpoint summary from state sync [3msequence_number[0m[2m=[0m381
[2m2025-03-25T07:55:45.801213Z[0m [32m INFO[0m [1mnode[0m[1m{[0m[3mname[0m[2m=[0mk#99f25ef6..[1m}[0m[2m:[0m [2msui_core::checkpoints::checkpoint_executor[0m[2m:[0m [2mcrates/sui-core/src/checkpoints/checkpoint_executor/mod.rs[0m[2m:[0m[2m332:[0m Received checkpoint summary from state sync [3msequence_number[0m[2m=[0m381
[2m2025-03-25T07:55:45.802196Z[0m [32m INFO[0m [1mnode[0m[1m{[0m[3mname[0m[2m=[0mk#99f25ef6..[1m}[0m[2m:[0m [2msui_core::state_accumulator[0m[2m:[0m [2mcrates/sui-core/src/state_accumulator.rs[0m[2m:[0m[2m675:[0m accumulating running root for checkpoint 381
[2m2025-03-25T07:55:45.802201Z[0m [32m INFO[0m [1mnode[0m[1m{[0m[3mname[0m[2m=[0mk#8dcff6d1..[1m}[0m[2m:[0m [2msui_core::state_accumulator[0m[2m:[0m [2mcrates/sui-core/src/state_accumulator.rs[0m[2m:[0m[2m675:[0m accumulating running root for checkpoint 381
[2m2025-03-25T07:55:45.804363Z[0m [32m INFO[0m [1mnode[0m[1m{[0m[3mname[0m[2m=[0mk#addeef94..[1m}[0m[2m:[0m [2msui_core::checkpoints::checkpoint_executor[0m[2m:[0m [2mcrates/sui-core/src/checkpoints/checkpoint_executor/mod.rs[0m[2m:[0m[2m332:[0m Received checkpoint summary from state sync [3msequence_number[0m[2m=[0m381
[2m2025-03-25T07:55:45.805084Z[0m [32m INFO[0m [1mnode[0m[1m{[0m[3mname[0m[2m=[0mk#addeef94..[1m}[0m[2m:[0m [2msui_core::state_accumulator[0m[2m:[0m [2mcrates/sui-core/src/state_accumulator.rs[0m[2m:[0m[2m675:[0m accumulating running root for checkpoint 381
[2m2025-03-25T07:55:45.805319Z[0m [32m INFO[0m [1mnode[0m[1m{[0m[3mname[0m[2m=[0mk#b3f3cbb4..[1m}[0m[2m:[0m [2msui_core::checkpoints::checkpoint_executor[0m[2m:[0m [2mcrates/sui-core/src/checkpoints/checkpoint_executor/mod.rs[0m[2m:[0m[2m332:[0m Received checkpoint summary from state sync [3msequence_number[0m[2m=[0m381
[2m2025-03-25T07:55:45.831254Z[0m [32m INFO[0m [1mnode[0m[1m{[0m[3mname[0m[2m=[0mk#b3f3cbb4..[1m}[0m[2m:[0m [2msui_core::state_accumulator[0m[2m:[0m [2mcrates/sui-core/src/state_accumulator.rs[0m[2m:[0m[2m675:[0m accumulating running root for checkpoint 381
[2m2025-03-25T07:55:46.022452Z[0m [32m INFO[0m [1mnode[0m[1m{[0m[3mname[0m[2m=[0mk#8dcff6d1..[1m}[0m[2m:[0m [2mconsensus_core::core[0m[2m:[0m [2mconsensus/core/src/core.rs[0m[2m:[0m[2m945:[0m Included 3 ancestors & excluded 0 ancestors for proposal in round 182
[2m2025-03-25T07:55:46.022518Z[0m [32m INFO[0m [1mnode[0m[1m{[0m[3mname[0m[2m=[0mk#99f25ef6..[1m}[0m[2m:[0m [2mconsensus_core::core[0m[2m:[0m [2mconsensus/core/src/core.rs[0m[2m:[0m[2m945:[0m Included 3 ancestors & excluded 0 ancestors for proposal in round 182
[2m2025-03-25T07:55:46.024080Z[0m [32m INFO[0m [1mnode[0m[1m{[0m[3mname[0m[2m=[0mk#8dcff6d1..[1m}[0m[2m:[0m [2mconsensus_core::core[0m[2m:[0m [2mconsensus/core/src/core.rs[0m[2m:[0m[2m531:[0m Created block B182(A,HgiJj6w4OPVqn7aSe0ITXZs/np0uX4fkHb2WwgaLAzg=)(1742889346022ms;[B181(A,s2nDIGGWsH8MF8eRLqZbL0aGwa5HJp2PF87/Cl0mIOs=), B181(B,NRlucFKj27C9RUX5KZPzQLil5a0j0UU6PNDbkLa3upM=), B181(C,9VKTRnJdc1nxkhXdtoMGykP5KarjCJLS2UCy3OWErgE=)];1t;1c) for round 182
[2m2025-03-25T07:55:46.024080Z[0m [32m INFO[0m [1mnode[0m[1m{[0m[3mname[0m[2m=[0mk#99f25ef6..[1m}[0m[2m:[0m [2mconsensus_core::core[0m[2m:[0m [2mconsensus/core/src/core.rs[0m[2m:[0m[2m531:[0m Created block B182(B,XtmV8iPPD86zb31m4hd+0xVqRfqk8BXeveTXtwqOxGU=)(1742889346022ms;[B181(B,NRlucFKj27C9RUX5KZPzQLil5a0j0UU6PNDbkLa3upM=), B181(A,s2nDIGGWsH8MF8eRLqZbL0aGwa5HJp2PF87/Cl0mIOs=), B181(C,9VKTRnJdc1nxkhXdtoMGykP5KarjCJLS2UCy3OWErgE=)];1t;1c) for round 182
[2m2025-03-25T07:55:46.034209Z[0m [32m INFO[0m [1mnode[0m[1m{[0m[3mname[0m[2m=[0mk#addeef94..[1m}[0m[2m:[0m [2mconsensus_core::core[0m[2m:[0m [2mconsensus/core/src/core.rs[0m[2m:[0m[2m945:[0m Included 3 ancestors & excluded 0 ancestors for proposal in round 182
[2m2025-03-25T07:55:46.035220Z[0m [32m INFO[0m [1mnode[0m[1m{[0m[3mname[0m[2m=[0mk#addeef94..[1m}[0m[2m:[0m [2mconsensus_core::core[0m[2m:[0m [2mconsensus/core/src/core.rs[0m[2m:[0m[2m531:[0m Created block B182(C,wr6U66jm6B6lvBENynaP/EXI4zh7Wn/UEKksiGEV0hw=)(1742889346034ms;[B181(C,9VKTRnJdc1nxkhXdtoMGykP5KarjCJLS2UCy3OWErgE=), B181(A,s2nDIGGWsH8MF8eRLqZbL0aGwa5HJp2PF87/Cl0mIOs=), B181(B,NRlucFKj27C9RUX5KZPzQLil5a0j0UU6PNDbkLa3upM=)];1t;1c) for round 182
[2m2025-03-25T07:55:46.035676Z[0m [32m INFO[0m [1mnode[0m[1m{[0m[3mname[0m[2m=[0mk#addeef94..[1m}[0m[2m:[0m [2mconsensus_core::core[0m[2m:[0m [2mconsensus/core/src/core.rs[0m[2m:[0m[2m630:[0m Committing 1 leaders: B180(C,o4tj)
[2m2025-03-25T07:55:46.036043Z[0m [32m INFO[0m [1mnode[0m[1m{[0m[3mname[0m[2m=[0mk#addeef94..[1m}[0m[2m:[0m [2mconsensus_core::commit_observer[0m[2m:[0m [2mconsensus/core/src/commit_observer.rs[0m[2m:[0m[2m173:[0m Consensus commit C170(psyM) with leader B180(C,o4tj) has 3 blocks
[2m2025-03-25T07:55:46.037338Z[0m [32m INFO[0m [1mnode[0m[1m{[0m[3mname[0m[2m=[0mk#addeef94..[1m}[0m[2m:[0m [2msui_core::consensus_handler[0m[2m:[0m [2mcrates/sui-core/src/consensus_handler.rs[0m[2m:[0m[2m232:[0m Received consensus output [3mconsensus_commit[0m[2m=[0mCommittedSubDag(leader=B180(C,o4tj), ref=C170(psyM), blocks=[b2p1, cWW1, o4tj]) [3mepoch[0m[2m=[0m1
[2m2025-03-25T07:55:46.044613Z[0m [32m INFO[0m [1mnode[0m[1m{[0m[3mname[0m[2m=[0mk#8dcff6d1..[1m}[0m[2m:[0m [2msui_core::checkpoints::checkpoint_output[0m[2m:[0m [2mcrates/sui-core/src/checkpoints/checkpoint_output.rs[0m[2m:[0m[2m196:[0m Certified checkpoint with sequence 382 and digest 7uacw7z166XUeAujvmV1Zeh5JGNLdYxSjjviw2oafju4
[2m2025-03-25T07:55:46.044620Z[0m [32m INFO[0m [1mnode[0m[1m{[0m[3mname[0m[2m=[0mk#99f25ef6..[1m}[0m[2m:[0m [2msui_core::checkpoints::checkpoint_output[0m[2m:[0m [2mcrates/sui-core/src/checkpoints/checkpoint_output.rs[0m[2m:[0m[2m196:[0m Certified checkpoint with sequence 382 and digest 7uacw7z166XUeAujvmV1Zeh5JGNLdYxSjjviw2oafju4
[2m2025-03-25T07:55:46.044930Z[0m [32m INFO[0m [1mnode[0m[1m{[0m[3mname[0m[2m=[0mk#8dcff6d1..[1m}[0m[2m:[0m [2mconsensus_core::core[0m[2m:[0m [2mconsensus/core/src/core.rs[0m[2m:[0m[2m630:[0m Committing 1 leaders: B180(C,o4tj)
[2m2025-03-25T07:55:46.044930Z[0m [32m INFO[0m [1mnode[0m[1m{[0m[3mname[0m[2m=[0mk#99f25ef6..[1m}[0m[2m:[0m [2mconsensus_core::core[0m[2m:[0m [2mconsensus/core/src/core.rs[0m[2m:[0m[2m630:[0m Committing 1 leaders: B180(C,o4tj)
[2m2025-03-25T07:55:46.045187Z[0m [32m INFO[0m [1mnode[0m[1m{[0m[3mname[0m[2m=[0mk#8dcff6d1..[1m}[0m[2m:[0m [2mconsensus_core::commit_observer[0m[2m:[0m [2mconsensus/core/src/commit_observer.rs[0m[2m:[0m[2m173:[0m Consensus commit C170(psyM) with leader B180(C,o4tj) has 3 blocks
[2m2025-03-25T07:55:46.045197Z[0m [32m INFO[0m [1mnode[0m[1m{[0m[3mname[0m[2m=[0mk#99f25ef6..[1m}[0m[2m:[0m [2mconsensus_core::commit_observer[0m[2m:[0m [2mconsensus/core/src/commit_observer.rs[0m[2m:[0m[2m173:[0m Consensus commit C170(psyM) with leader B180(C,o4tj) has 3 blocks
[2m2025-03-25T07:55:46.046069Z[0m [32m INFO[0m [1mnode[0m[1m{[0m[3mname[0m[2m=[0mk#99f25ef6..[1m}[0m[2m:[0m [2msui_core::consensus_handler[0m[2m:[0m [2mcrates/sui-core/src/consensus_handler.rs[0m[2m:[0m[2m232:[0m Received consensus output [3mconsensus_commit[0m[2m=[0mCommittedSubDag(leader=B180(C,o4tj), ref=C170(psyM), blocks=[b2p1, cWW1, o4tj]) [3mepoch[0m[2m=[0m1
[2m2025-03-25T07:55:46.046072Z[0m [32m INFO[0m [1mnode[0m[1m{[0m[3mname[0m[2m=[0mk#8dcff6d1..[1m}[0m[2m:[0m [2msui_core::consensus_handler[0m[2m:[0m [2mcrates/sui-core/src/consensus_handler.rs[0m[2m:[0m[2m232:[0m Received consensus output [3mconsensus_commit[0m[2m=[0mCommittedSubDag(leader=B180(C,o4tj), ref=C170(psyM), blocks=[b2p1, cWW1, o4tj]) [3mepoch[0m[2m=[0m1
[2m2025-03-25T07:55:46.047247Z[0m [32m INFO[0m [1mnode[0m[1m{[0m[3mname[0m[2m=[0mk#8dcff6d1..[1m}[0m[2m:[0m [2msui_core::checkpoints::checkpoint_executor[0m[2m:[0m [2mcrates/sui-core/src/checkpoints/checkpoint_executor/mod.rs[0m[2m:[0m[2m332:[0m Received checkpoint summary from state sync [3msequence_number[0m[2m=[0m382
[2m2025-03-25T07:55:46.047247Z[0m [32m INFO[0m [1mnode[0m[1m{[0m[3mname[0m[2m=[0mk#99f25ef6..[1m}[0m[2m:[0m [2msui_core::checkpoints::checkpoint_executor[0m[2m:[0m [2mcrates/sui-core/src/checkpoints/checkpoint_executor/mod.rs[0m[2m:[0m[2m332:[0m Received checkpoint summary from state sync [3msequence_number[0m[2m=[0m382
[2m2025-03-25T07:55:46.068566Z[0m [32m INFO[0m [1mnode[0m[1m{[0m[3mname[0m[2m=[0mk#99f25ef6..[1m}[0m[2m:[0m [2msui_core::state_accumulator[0m[2m:[0m [2mcrates/sui-core/src/state_accumulator.rs[0m[2m:[0m[2m675:[0m accumulating running root for checkpoint 382
[2m2025-03-25T07:55:46.068542Z[0m [32m INFO[0m [1mnode[0m[1m{[0m[3mname[0m[2m=[0mk#8dcff6d1..[1m}[0m[2m:[0m [2msui_core::state_accumulator[0m[2m:[0m [2mcrates/sui-core/src/state_accumulator.rs[0m[2m:[0m[2m675:[0m accumulating running root for checkpoint 382
[2m2025-03-25T07:55:46.098751Z[0m [32m INFO[0m [1mnode[0m[1m{[0m[3mname[0m[2m=[0mk#addeef94..[1m}[0m[2m:[0m [2msui_core::checkpoints[0m[2m:[0m [2mcrates/sui-core/src/checkpoints/mod.rs[0m[2m:[0m[2m1326:[0m Creating checkpoint(s) for 1 transactions [3mnext_checkpoint_seq[0m[2m=[0m383 [3mcheckpoint_timestamp[0m[2m=[0m1742889345514
[2m2025-03-25T07:55:46.098989Z[0m [32m INFO[0m [1mnode[0m[1m{[0m[3mname[0m[2m=[0mk#addeef94..[1m}[0m[2m:[0m [2msui_core::checkpoints::checkpoint_output[0m[2m:[0m [2mcrates/sui-core/src/checkpoints/checkpoint_output.rs[0m[2m:[0m[2m149:[0m Creating checkpoint CheckpointDigest(2S1umvsnkCmnPK5rxHyVr4cPHkdnAuLwXZ6RgfHRW9xy) at epoch 1, sequence 383, previous digest Some(CheckpointDigest(7uacw7z166XUeAujvmV1Zeh5JGNLdYxSjjviw2oafju4)), transactions count 1, content digest CheckpointContentsDigest(2VWjEdEy6HhucdzGDgBpgszwz9UXWHun4R4c2KncbRAr), end_of_epoch_data None
[2m2025-03-25T07:55:46.104797Z[0m [32m INFO[0m [1mnode[0m[1m{[0m[3mname[0m[2m=[0mk#8dcff6d1..[1m}[0m[2m:[0m [2msui_core::checkpoints[0m[2m:[0m [2mcrates/sui-core/src/checkpoints/mod.rs[0m[2m:[0m[2m1326:[0m Creating checkpoint(s) for 1 transactions [3mnext_checkpoint_seq[0m[2m=[0m383 [3mcheckpoint_timestamp[0m[2m=[0m1742889345514
[2m2025-03-25T07:55:46.104799Z[0m [32m INFO[0m [1mnode[0m[1m{[0m[3mname[0m[2m=[0mk#99f25ef6..[1m}[0m[2m:[0m [2msui_core::checkpoints[0m[2m:[0m [2mcrates/sui-core/src/checkpoints/mod.rs[0m[2m:[0m[2m1326:[0m Creating checkpoint(s) for 1 transactions [3mnext_checkpoint_seq[0m[2m=[0m383 [3mcheckpoint_timestamp[0m[2m=[0m1742889345514
[2m2025-03-25T07:55:46.104978Z[0m [32m INFO[0m [1mnode[0m[1m{[0m[3mname[0m[2m=[0mk#8dcff6d1..[1m}[0m[2m:[0m [2msui_core::checkpoints::checkpoint_output[0m[2m:[0m [2mcrates/sui-core/src/checkpoints/checkpoint_output.rs[0m[2m:[0m[2m149:[0m Creating checkpoint CheckpointDigest(2S1umvsnkCmnPK5rxHyVr4cPHkdnAuLwXZ6RgfHRW9xy) at epoch 1, sequence 383, previous digest Some(CheckpointDigest(7uacw7z166XUeAujvmV1Zeh5JGNLdYxSjjviw2oafju4)), transactions count 1, content digest CheckpointContentsDigest(2VWjEdEy6HhucdzGDgBpgszwz9UXWHun4R4c2KncbRAr), end_of_epoch_data None
[2m2025-03-25T07:55:46.104979Z[0m [32m INFO[0m [1mnode[0m[1m{[0m[3mname[0m[2m=[0mk#99f25ef6..[1m}[0m[2m:[0m [2msui_core::checkpoints::checkpoint_output[0m[2m:[0m [2mcrates/sui-core/src/checkpoints/checkpoint_output.rs[0m[2m:[0m[2m149:[0m Creating checkpoint CheckpointDigest(2S1umvsnkCmnPK5rxHyVr4cPHkdnAuLwXZ6RgfHRW9xy) at epoch 1, sequence 383, previous digest Some(CheckpointDigest(7uacw7z166XUeAujvmV1Zeh5JGNLdYxSjjviw2oafju4)), transactions count 1, content digest CheckpointContentsDigest(2VWjEdEy6HhucdzGDgBpgszwz9UXWHun4R4c2KncbRAr), end_of_epoch_data None
[2m2025-03-25T07:55:46.120399Z[0m [32m INFO[0m [1mnode[0m[1m{[0m[3mname[0m[2m=[0mk#addeef94..[1m}[0m[2m:[0m [2msui_core::checkpoints::checkpoint_executor[0m[2m:[0m [2mcrates/sui-core/src/checkpoints/checkpoint_executor/mod.rs[0m[2m:[0m[2m332:[0m Received checkpoint summary from state sync [3msequence_number[0m[2m=[0m382
[2m2025-03-25T07:55:46.126384Z[0m [32m INFO[0m [1mnode[0m[1m{[0m[3mname[0m[2m=[0mk#b3f3cbb4..[1m}[0m[2m:[0m [2msui_core::checkpoints::checkpoint_executor[0m[2m:[0m [2mcrates/sui-core/src/checkpoints/checkpoint_executor/mod.rs[0m[2m:[0m[2m332:[0m Received checkpoint summary from state sync [3msequence_number[0m[2m=[0m382
[2m2025-03-25T07:55:46.166540Z[0m [32m INFO[0m [1mnode[0m[1m{[0m[3mname[0m[2m=[0mk#addeef94..[1m}[0m[2m:[0m [2msui_core::state_accumulator[0m[2m:[0m [2mcrates/sui-core/src/state_accumulator.rs[0m[2m:[0m[2m675:[0m accumulating running root for checkpoint 382
[2m2025-03-25T07:55:46.216239Z[0m [32m INFO[0m [1mnode[0m[1m{[0m[3mname[0m[2m=[0mk#b3f3cbb4..[1m}[0m[2m:[0m [2msui_core::state_accumulator[0m[2m:[0m [2mcrates/sui-core/src/state_accumulator.rs[0m[2m:[0m[2m675:[0m accumulating running root for checkpoint 382
[2m2025-03-25T07:55:46.289179Z[0m [32m INFO[0m [1mnode[0m[1m{[0m[3mname[0m[2m=[0mk#addeef94..[1m}[0m[2m:[0m [2mconsensus_core::core[0m[2m:[0m [2mconsensus/core/src/core.rs[0m[2m:[0m[2m945:[0m Included 3 ancestors & excluded 0 ancestors for proposal in round 183
[2m2025-03-25T07:55:46.289544Z[0m [32m INFO[0m [1mnode[0m[1m{[0m[3mname[0m[2m=[0mk#addeef94..[1m}[0m[2m:[0m [2mconsensus_core::core[0m[2m:[0m [2mconsensus/core/src/core.rs[0m[2m:[0m[2m531:[0m Created block B183(C,yLXBniWxh05t0w3lMpZh8kI9cxw1ISlj9415c6VBZsI=)(1742889346289ms;[B182(C,wr6U66jm6B6lvBENynaP/EXI4zh7Wn/UEKksiGEV0hw=), B182(A,HgiJj6w4OPVqn7aSe0ITXZs/np0uX4fkHb2WwgaLAzg=), B182(B,XtmV8iPPD86zb31m4hd+0xVqRfqk8BXeveTXtwqOxGU=)];1t;1c) for round 183
[2m2025-03-25T07:55:46.297112Z[0m [32m INFO[0m [1mnode[0m[1m{[0m[3mname[0m[2m=[0mk#8dcff6d1..[1m}[0m[2m:[0m [2mconsensus_core::core[0m[2m:[0m [2mconsensus/core/src/core.rs[0m[2m:[0m[2m945:[0m Included 3 ancestors & excluded 0 ancestors for proposal in round 183
[2m2025-03-25T07:55:46.297416Z[0m [32m INFO[0m [1mnode[0m[1m{[0m[3mname[0m[2m=[0mk#8dcff6d1..[1m}[0m[2m:[0m [2mconsensus_core::core[0m[2m:[0m [2mconsensus/core/src/core.rs[0m[2m:[0m[2m531:[0m Created block B183(A,D98kyeXQBzoYy6wL9h723w+ctBrqjyAlxhzc/f4Og6A=)(1742889346297ms;[B182(A,HgiJj6w4OPVqn7aSe0ITXZs/np0uX4fkHb2WwgaLAzg=), B182(B,XtmV8iPPD86zb31m4hd+0xVqRfqk8BXeveTXtwqOxGU=), B182(C,wr6U66jm6B6lvBENynaP/EXI4zh7Wn/UEKksiGEV0hw=)];1t;1c) for round 183
[2m2025-03-25T07:55:46.297492Z[0m [32m INFO[0m [1mnode[0m[1m{[0m[3mname[0m[2m=[0mk#8dcff6d1..[1m}[0m[2m:[0m [2mconsensus_core::core[0m[2m:[0m [2mconsensus/core/src/core.rs[0m[2m:[0m[2m630:[0m Committing 1 leaders: B181(C,9VKT)
[2m2025-03-25T07:55:46.297564Z[0m [32m INFO[0m [1mnode[0m[1m{[0m[3mname[0m[2m=[0mk#8dcff6d1..[1m}[0m[2m:[0m [2mconsensus_core::commit_observer[0m[2m:[0m [2mconsensus/core/src/commit_observer.rs[0m[2m:[0m[2m173:[0m Consensus commit C171(xA+s) with leader B181(C,9VKT) has 3 blocks
[2m2025-03-25T07:55:46.297662Z[0m [32m INFO[0m [1mnode[0m[1m{[0m[3mname[0m[2m=[0mk#8dcff6d1..[1m}[0m[2m:[0m [2msui_core::consensus_handler[0m[2m:[0m [2mcrates/sui-core/src/consensus_handler.rs[0m[2m:[0m[2m232:[0m Received consensus output [3mconsensus_commit[0m[2m=[0mCommittedSubDag(leader=B181(C,9VKT), ref=C171(xA+s), blocks=[rQmr, 4wxT, 9VKT]) [3mepoch[0m[2m=[0m1
[2m2025-03-25T07:55:46.298235Z[0m [32m INFO[0m [1mnode[0m[1m{[0m[3mname[0m[2m=[0mk#99f25ef6..[1m}[0m[2m:[0m [2mconsensus_core::core[0m[2m:[0m [2mconsensus/core/src/core.rs[0m[2m:[0m[2m945:[0m Included 3 ancestors & excluded 0 ancestors for proposal in round 183
[2m2025-03-25T07:55:46.298531Z[0m [32m INFO[0m [1mnode[0m[1m{[0m[3mname[0m[2m=[0mk#99f25ef6..[1m}[0m[2m:[0m [2mconsensus_core::core[0m[2m:[0m [2mconsensus/core/src/core.rs[0m[2m:[0m[2m531:[0m Created block B183(B,0cmQ1973LhVwlNniBbF42i5X8bRo3mRXb9c1QsscFBE=)(1742889346298ms;[B182(B,XtmV8iPPD86zb31m4hd+0xVqRfqk8BXeveTXtwqOxGU=), B182(A,HgiJj6w4OPVqn7aSe0ITXZs/np0uX4fkHb2WwgaLAzg=), B182(C,wr6U66jm6B6lvBENynaP/EXI4zh7Wn/UEKksiGEV0hw=)];1t;1c) for round 183
[2m2025-03-25T07:55:46.298599Z[0m [32m INFO[0m [1mnode[0m[1m{[0m[3mname[0m[2m=[0mk#99f25ef6..[1m}[0m[2m:[0m [2mconsensus_core::core[0m[2m:[0m [2mconsensus/core/src/core.rs[0m[2m:[0m[2m630:[0m Committing 1 leaders: B181(C,9VKT)
[2m2025-03-25T07:55:46.298668Z[0m [32m INFO[0m [1mnode[0m[1m{[0m[3mname[0m[2m=[0mk#99f25ef6..[1m}[0m[2m:[0m [2mconsensus_core::commit_observer[0m[2m:[0m [2mconsensus/core/src/commit_observer.rs[0m[2m:[0m[2m173:[0m Consensus commit C171(xA+s) with leader B181(C,9VKT) has 3 blocks
[2m2025-03-25T07:55:46.298752Z[0m [32m INFO[0m [1mnode[0m[1m{[0m[3mname[0m[2m=[0mk#99f25ef6..[1m}[0m[2m:[0m [2msui_core::consensus_handler[0m[2m:[0m [2mcrates/sui-core/src/consensus_handler.rs[0m[2m:[0m[2m232:[0m Received consensus output [3mconsensus_commit[0m[2m=[0mCommittedSubDag(leader=B181(C,9VKT), ref=C171(xA+s), blocks=[rQmr, 4wxT, 9VKT]) [3mepoch[0m[2m=[0m1
[2m2025-03-25T07:55:46.302038Z[0m [32m INFO[0m [1mnode[0m[1m{[0m[3mname[0m[2m=[0mk#addeef94..[1m}[0m[2m:[0m [2mconsensus_core::core[0m[2m:[0m [2mconsensus/core/src/core.rs[0m[2m:[0m[2m630:[0m Committing 1 leaders: B181(C,9VKT)
[2m2025-03-25T07:55:46.302137Z[0m [32m INFO[0m [1mnode[0m[1m{[0m[3mname[0m[2m=[0mk#addeef94..[1m}[0m[2m:[0m [2mconsensus_core::commit_observer[0m[2m:[0m [2mconsensus/core/src/commit_observer.rs[0m[2m:[0m[2m173:[0m Consensus commit C171(xA+s) with leader B181(C,9VKT) has 3 blocks
[2m2025-03-25T07:55:46.302215Z[0m [32m INFO[0m [1mnode[0m[1m{[0m[3mname[0m[2m=[0mk#addeef94..[1m}[0m[2m:[0m [2msui_core::consensus_handler[0m[2m:[0m [2mcrates/sui-core/src/consensus_handler.rs[0m[2m:[0m[2m232:[0m Received consensus output [3mconsensus_commit[0m[2m=[0mCommittedSubDag(leader=B181(C,9VKT), ref=C171(xA+s), blocks=[rQmr, 4wxT, 9VKT]) [3mepoch[0m[2m=[0m1
[2m2025-03-25T07:55:46.324814Z[0m [32m INFO[0m [1mnode[0m[1m{[0m[3mname[0m[2m=[0mk#8dcff6d1..[1m}[0m[2m:[0m [2msui_core::checkpoints[0m[2m:[0m [2mcrates/sui-core/src/checkpoints/mod.rs[0m[2m:[0m[2m1326:[0m Creating checkpoint(s) for 2 transactions [3mnext_checkpoint_seq[0m[2m=[0m384 [3mcheckpoint_timestamp[0m[2m=[0m1742889345767
[2m2025-03-25T07:55:46.325000Z[0m [32m INFO[0m [1mnode[0m[1m{[0m[3mname[0m[2m=[0mk#99f25ef6..[1m}[0m[2m:[0m [2msui_core::checkpoints[0m[2m:[0m [2mcrates/sui-core/src/checkpoints/mod.rs[0m[2m:[0m[2m1326:[0m Creating checkpoint(s) for 2 transactions [3mnext_checkpoint_seq[0m[2m=[0m384 [3mcheckpoint_timestamp[0m[2m=[0m1742889345767
[2m2025-03-25T07:55:46.325150Z[0m [32m INFO[0m [1mnode[0m[1m{[0m[3mname[0m[2m=[0mk#8dcff6d1..[1m}[0m[2m:[0m [2msui_core::checkpoints::checkpoint_output[0m[2m:[0m [2mcrates/sui-core/src/checkpoints/checkpoint_output.rs[0m[2m:[0m[2m149:[0m Creating checkpoint CheckpointDigest(64bMjWpJtgqdn59e7idLnK1Hu2ZZacF58TfNUsYLXeDQ) at epoch 1, sequence 384, previous digest Some(CheckpointDigest(2S1umvsnkCmnPK5rxHyVr4cPHkdnAuLwXZ6RgfHRW9xy)), transactions count 2, content digest CheckpointContentsDigest(3DuxFa7n3QcngPsDDizEn2jeKyi8rk9uu4XZzt8EotZD), end_of_epoch_data None
[2m2025-03-25T07:55:46.325248Z[0m [32m INFO[0m [1mnode[0m[1m{[0m[3mname[0m[2m=[0mk#99f25ef6..[1m}[0m[2m:[0m [2msui_core::checkpoints::checkpoint_output[0m[2m:[0m [2mcrates/sui-core/src/checkpoints/checkpoint_output.rs[0m[2m:[0m[2m149:[0m Creating checkpoint CheckpointDigest(64bMjWpJtgqdn59e7idLnK1Hu2ZZacF58TfNUsYLXeDQ) at epoch 1, sequence 384, previous digest Some(CheckpointDigest(2S1umvsnkCmnPK5rxHyVr4cPHkdnAuLwXZ6RgfHRW9xy)), transactions count 2, content digest CheckpointContentsDigest(3DuxFa7n3QcngPsDDizEn2jeKyi8rk9uu4XZzt8EotZD), end_of_epoch_data None
[2m2025-03-25T07:55:46.328311Z[0m [32m INFO[0m [1mnode[0m[1m{[0m[3mname[0m[2m=[0mk#99f25ef6..[1m}[0m[2m:[0m [2msui_core::checkpoints::checkpoint_output[0m[2m:[0m [2mcrates/sui-core/src/checkpoints/checkpoint_output.rs[0m[2m:[0m[2m196:[0m Certified checkpoint with sequence 383 and digest 2S1umvsnkCmnPK5rxHyVr4cPHkdnAuLwXZ6RgfHRW9xy
[2m2025-03-25T07:55:46.328319Z[0m [32m INFO[0m [1mnode[0m[1m{[0m[3mname[0m[2m=[0mk#8dcff6d1..[1m}[0m[2m:[0m [2msui_core::checkpoints::checkpoint_output[0m[2m:[0m [2mcrates/sui-core/src/checkpoints/checkpoint_output.rs[0m[2m:[0m[2m196:[0m Certified checkpoint with sequence 383 and digest 2S1umvsnkCmnPK5rxHyVr4cPHkdnAuLwXZ6RgfHRW9xy
[2m2025-03-25T07:55:46.328787Z[0m [32m INFO[0m [1mnode[0m[1m{[0m[3mname[0m[2m=[0mk#99f25ef6..[1m}[0m[2m:[0m [2msui_core::checkpoints::checkpoint_executor[0m[2m:[0m [2mcrates/sui-core/src/checkpoints/checkpoint_executor/mod.rs[0m[2m:[0m[2m332:[0m Received checkpoint summary from state sync [3msequence_number[0m[2m=[0m383
[2m2025-03-25T07:55:46.328787Z[0m [32m INFO[0m [1mnode[0m[1m{[0m[3mname[0m[2m=[0mk#8dcff6d1..[1m}[0m[2m:[0m [2msui_core::checkpoints::checkpoint_executor[0m[2m:[0m [2mcrates/sui-core/src/checkpoints/checkpoint_executor/mod.rs[0m[2m:[0m[2m332:[0m Received checkpoint summary from state sync [3msequence_number[0m[2m=[0m383
[2m2025-03-25T07:55:46.328924Z[0m [32m INFO[0m [1mnode[0m[1m{[0m[3mname[0m[2m=[0mk#addeef94..[1m}[0m[2m:[0m [2msui_core::checkpoints[0m[2m:[0m [2mcrates/sui-core/src/checkpoints/mod.rs[0m[2m:[0m[2m1326:[0m Creating checkpoint(s) for 2 transactions [3mnext_checkpoint_seq[0m[2m=[0m384 [3mcheckpoint_timestamp[0m[2m=[0m1742889345767
[2m2025-03-25T07:55:46.329186Z[0m [32m INFO[0m [1mnode[0m[1m{[0m[3mname[0m[2m=[0mk#addeef94..[1m}[0m[2m:[0m [2msui_core::checkpoints::checkpoint_output[0m[2m:[0m [2mcrates/sui-core/src/checkpoints/checkpoint_output.rs[0m[2m:[0m[2m149:[0m Creating checkpoint CheckpointDigest(64bMjWpJtgqdn59e7idLnK1Hu2ZZacF58TfNUsYLXeDQ) at epoch 1, sequence 384, previous digest Some(CheckpointDigest(2S1umvsnkCmnPK5rxHyVr4cPHkdnAuLwXZ6RgfHRW9xy)), transactions count 2, content digest CheckpointContentsDigest(3DuxFa7n3QcngPsDDizEn2jeKyi8rk9uu4XZzt8EotZD), end_of_epoch_data None
[2m2025-03-25T07:55:46.330010Z[0m [32m INFO[0m [1mnode[0m[1m{[0m[3mname[0m[2m=[0mk#99f25ef6..[1m}[0m[2m:[0m [2msui_core::state_accumulator[0m[2m:[0m [2mcrates/sui-core/src/state_accumulator.rs[0m[2m:[0m[2m675:[0m accumulating running root for checkpoint 383
[2m2025-03-25T07:55:46.330019Z[0m [32m INFO[0m [1mnode[0m[1m{[0m[3mname[0m[2m=[0mk#8dcff6d1..[1m}[0m[2m:[0m [2msui_core::state_accumulator[0m[2m:[0m [2mcrates/sui-core/src/state_accumulator.rs[0m[2m:[0m[2m675:[0m accumulating running root for checkpoint 383
[2m2025-03-25T07:55:46.333150Z[0m [32m INFO[0m [1mnode[0m[1m{[0m[3mname[0m[2m=[0mk#addeef94..[1m}[0m[2m:[0m [2msui_core::checkpoints::checkpoint_executor[0m[2m:[0m [2mcrates/sui-core/src/checkpoints/checkpoint_executor/mod.rs[0m[2m:[0m[2m332:[0m Received checkpoint summary from state sync [3msequence_number[0m[2m=[0m383
[2m2025-03-25T07:55:46.333997Z[0m [32m INFO[0m [1mnode[0m[1m{[0m[3mname[0m[2m=[0mk#addeef94..[1m}[0m[2m:[0m [2msui_core::state_accumulator[0m[2m:[0m [2mcrates/sui-core/src/state_accumulator.rs[0m[2m:[0m[2m675:[0m accumulating running root for checkpoint 383
[2m2025-03-25T07:55:46.551319Z[0m [32m INFO[0m [1mnode[0m[1m{[0m[3mname[0m[2m=[0mk#8dcff6d1..[1m}[0m[2m:[0m [2mconsensus_core::core[0m[2m:[0m [2mconsensus/core/src/core.rs[0m[2m:[0m[2m945:[0m Included 3 ancestors & excluded 0 ancestors for proposal in round 184
[2m2025-03-25T07:55:46.551633Z[0m [32m INFO[0m [1mnode[0m[1m{[0m[3mname[0m[2m=[0mk#99f25ef6..[1m}[0m[2m:[0m [2mconsensus_core::core[0m[2m:[0m [2mconsensus/core/src/core.rs[0m[2m:[0m[2m945:[0m Included 3 ancestors & excluded 0 ancestors for proposal in round 184
[2m2025-03-25T07:55:46.551733Z[0m [32m INFO[0m [1mnode[0m[1m{[0m[3mname[0m[2m=[0mk#8dcff6d1..[1m}[0m[2m:[0m [2mconsensus_core::core[0m[2m:[0m [2mconsensus/core/src/core.rs[0m[2m:[0m[2m531:[0m Created block B184(A,pygfYQjheT81OV4AG85qZoUd5Pi8mxR3MEtLciMLY2k=)(1742889346551ms;[B183(A,D98kyeXQBzoYy6wL9h723w+ctBrqjyAlxhzc/f4Og6A=), B183(B,0cmQ1973LhVwlNniBbF42i5X8bRo3mRXb9c1QsscFBE=), B183(C,yLXBniWxh05t0w3lMpZh8kI9cxw1ISlj9415c6VBZsI=)];1t;1c) for round 184
[2m2025-03-25T07:55:46.551955Z[0m [32m INFO[0m [1mnode[0m[1m{[0m[3mname[0m[2m=[0mk#99f25ef6..[1m}[0m[2m:[0m [2mconsensus_core::core[0m[2m:[0m [2mconsensus/core/src/core.rs[0m[2m:[0m[2m531:[0m Created block B184(B,iuFLod7drLY564wM0UIZevhb7UztefliJtj7BXXqaAs=)(1742889346551ms;[B183(B,0cmQ1973LhVwlNniBbF42i5X8bRo3mRXb9c1QsscFBE=), B183(A,D98kyeXQBzoYy6wL9h723w+ctBrqjyAlxhzc/f4Og6A=), B183(C,yLXBniWxh05t0w3lMpZh8kI9cxw1ISlj9415c6VBZsI=)];1t;1c) for round 184
[2m2025-03-25T07:55:46.554917Z[0m [32m INFO[0m [1mnode[0m[1m{[0m[3mname[0m[2m=[0mk#addeef94..[1m}[0m[2m:[0m [2mconsensus_core::core[0m[2m:[0m [2mconsensus/core/src/core.rs[0m[2m:[0m[2m945:[0m Included 3 ancestors & excluded 0 ancestors for proposal in round 184
[2m2025-03-25T07:55:46.555211Z[0m [32m INFO[0m [1mnode[0m[1m{[0m[3mname[0m[2m=[0mk#addeef94..[1m}[0m[2m:[0m [2mconsensus_core::core[0m[2m:[0m [2mconsensus/core/src/core.rs[0m[2m:[0m[2m531:[0m Created block B184(C,p9MvdjO4FKhUqFrq0Cdj8HD29mP9EWP5EFBlgJjRPFM=)(1742889346555ms;[B183(C,yLXBniWxh05t0w3lMpZh8kI9cxw1ISlj9415c6VBZsI=), B183(A,D98kyeXQBzoYy6wL9h723w+ctBrqjyAlxhzc/f4Og6A=), B183(B,0cmQ1973LhVwlNniBbF42i5X8bRo3mRXb9c1QsscFBE=)];1t;1c) for round 184
[2m2025-03-25T07:55:46.555281Z[0m [32m INFO[0m [1mnode[0m[1m{[0m[3mname[0m[2m=[0mk#addeef94..[1m}[0m[2m:[0m [2mconsensus_core::core[0m[2m:[0m [2mconsensus/core/src/core.rs[0m[2m:[0m[2m630:[0m Committing 1 leaders: B182(A,HgiJ)
[2m2025-03-25T07:55:46.555351Z[0m [32m INFO[0m [1mnode[0m[1m{[0m[3mname[0m[2m=[0mk#addeef94..[1m}[0m[2m:[0m [2mconsensus_core::commit_observer[0m[2m:[0m [2mconsensus/core/src/commit_observer.rs[0m[2m:[0m[2m173:[0m Consensus commit C172(tUf2) with leader B182(A,HgiJ) has 3 blocks
[2m2025-03-25T07:55:46.555593Z[0m [32m INFO[0m [1mnode[0m[1m{[0m[3mname[0m[2m=[0mk#addeef94..[1m}[0m[2m:[0m [2msui_core::consensus_handler[0m[2m:[0m [2mcrates/sui-core/src/consensus_handler.rs[0m[2m:[0m[2m232:[0m Received consensus output [3mconsensus_commit[0m[2m=[0mCommittedSubDag(leader=B182(A,HgiJ), ref=C172(tUf2), blocks=[s2nD, NRlu, HgiJ]) [3mepoch[0m[2m=[0m1
[2m2025-03-25T07:55:46.558699Z[0m [32m INFO[0m [1mnode[0m[1m{[0m[3mname[0m[2m=[0mk#8dcff6d1..[1m}[0m[2m:[0m [2msui_core::checkpoints::checkpoint_output[0m[2m:[0m [2mcrates/sui-core/src/checkpoints/checkpoint_output.rs[0m[2m:[0m[2m196:[0m Certified checkpoint with sequence 384 and digest 64bMjWpJtgqdn59e7idLnK1Hu2ZZacF58TfNUsYLXeDQ
[2m2025-03-25T07:55:46.558707Z[0m [32m INFO[0m [1mnode[0m[1m{[0m[3mname[0m[2m=[0mk#99f25ef6..[1m}[0m[2m:[0m [2msui_core::checkpoints::checkpoint_output[0m[2m:[0m [2mcrates/sui-core/src/checkpoints/checkpoint_output.rs[0m[2m:[0m[2m196:[0m Certified checkpoint with sequence 384 and digest 64bMjWpJtgqdn59e7idLnK1Hu2ZZacF58TfNUsYLXeDQ
[2m2025-03-25T07:55:46.558806Z[0m [32m INFO[0m [1mnode[0m[1m{[0m[3mname[0m[2m=[0mk#8dcff6d1..[1m}[0m[2m:[0m [2mconsensus_core::core[0m[2m:[0m [2mconsensus/core/src/core.rs[0m[2m:[0m[2m630:[0m Committing 1 leaders: B182(A,HgiJ)
[2m2025-03-25T07:55:46.558809Z[0m [32m INFO[0m [1mnode[0m[1m{[0m[3mname[0m[2m=[0mk#99f25ef6..[1m}[0m[2m:[0m [2mconsensus_core::core[0m[2m:[0m [2mconsensus/core/src/core.rs[0m[2m:[0m[2m630:[0m Committing 1 leaders: B182(A,HgiJ)
[2m2025-03-25T07:55:46.558909Z[0m [32m INFO[0m [1mnode[0m[1m{[0m[3mname[0m[2m=[0mk#8dcff6d1..[1m}[0m[2m:[0m [2mconsensus_core::commit_observer[0m[2m:[0m [2mconsensus/core/src/commit_observer.rs[0m[2m:[0m[2m173:[0m Consensus commit C172(tUf2) with leader B182(A,HgiJ) has 3 blocks
[2m2025-03-25T07:55:46.558915Z[0m [32m INFO[0m [1mnode[0m[1m{[0m[3mname[0m[2m=[0mk#99f25ef6..[1m}[0m[2m:[0m [2mconsensus_core::commit_observer[0m[2m:[0m [2mconsensus/core/src/commit_observer.rs[0m[2m:[0m[2m173:[0m Consensus commit C172(tUf2) with leader B182(A,HgiJ) has 3 blocks
[2m2025-03-25T07:55:46.559360Z[0m [32m INFO[0m [1mnode[0m[1m{[0m[3mname[0m[2m=[0mk#8dcff6d1..[1m}[0m[2m:[0m [2msui_core::consensus_handler[0m[2m:[0m [2mcrates/sui-core/src/consensus_handler.rs[0m[2m:[0m[2m232:[0m Received consensus output [3mconsensus_commit[0m[2m=[0mCommittedSubDag(leader=B182(A,HgiJ), ref=C172(tUf2), blocks=[s2nD, NRlu, HgiJ]) [3mepoch[0m[2m=[0m1
[2m2025-03-25T07:55:46.559360Z[0m [32m INFO[0m [1mnode[0m[1m{[0m[3mname[0m[2m=[0mk#99f25ef6..[1m}[0m[2m:[0m [2msui_core::consensus_handler[0m[2m:[0m [2mcrates/sui-core/src/consensus_handler.rs[0m[2m:[0m[2m232:[0m Received consensus output [3mconsensus_commit[0m[2m=[0mCommittedSubDag(leader=B182(A,HgiJ), ref=C172(tUf2), blocks=[s2nD, NRlu, HgiJ]) [3mepoch[0m[2m=[0m1
[2m2025-03-25T07:55:46.559971Z[0m [32m INFO[0m [1mnode[0m[1m{[0m[3mname[0m[2m=[0mk#8dcff6d1..[1m}[0m[2m:[0m [2msui_core::checkpoints::checkpoint_executor[0m[2m:[0m [2mcrates/sui-core/src/checkpoints/checkpoint_executor/mod.rs[0m[2m:[0m[2m332:[0m Received checkpoint summary from state sync [3msequence_number[0m[2m=[0m384
[2m2025-03-25T07:55:46.559971Z[0m [32m INFO[0m [1mnode[0m[1m{[0m[3mname[0m[2m=[0mk#99f25ef6..[1m}[0m[2m:[0m [2msui_core::checkpoints::checkpoint_executor[0m[2m:[0m [2mcrates/sui-core/src/checkpoints/checkpoint_executor/mod.rs[0m[2m:[0m[2m332:[0m Received checkpoint summary from state sync [3msequence_number[0m[2m=[0m384
[2m2025-03-25T07:55:46.573552Z[0m [32m INFO[0m [1mnode[0m[1m{[0m[3mname[0m[2m=[0mk#8dcff6d1..[1m}[0m[2m:[0m [2msui_core::state_accumulator[0m[2m:[0m [2mcrates/sui-core/src/state_accumulator.rs[0m[2m:[0m[2m675:[0m accumulating running root for checkpoint 384
[2m2025-03-25T07:55:46.573552Z[0m [32m INFO[0m [1mnode[0m[1m{[0m[3mname[0m[2m=[0mk#99f25ef6..[1m}[0m[2m:[0m [2msui_core::state_accumulator[0m[2m:[0m [2mcrates/sui-core/src/state_accumulator.rs[0m[2m:[0m[2m675:[0m accumulating running root for checkpoint 384
[2m2025-03-25T07:55:46.599898Z[0m [32m INFO[0m [1mnode[0m[1m{[0m[3mname[0m[2m=[0mk#addeef94..[1m}[0m[2m:[0m [2msui_core::checkpoints[0m[2m:[0m [2mcrates/sui-core/src/checkpoints/mod.rs[0m[2m:[0m[2m1326:[0m Creating checkpoint(s) for 1 transactions [3mnext_checkpoint_seq[0m[2m=[0m385 [3mcheckpoint_timestamp[0m[2m=[0m1742889346022
[2m2025-03-25T07:55:46.600138Z[0m [32m INFO[0m [1mnode[0m[1m{[0m[3mname[0m[2m=[0mk#addeef94..[1m}[0m[2m:[0m [2msui_core::checkpoints::checkpoint_output[0m[2m:[0m [2mcrates/sui-core/src/checkpoints/checkpoint_output.rs[0m[2m:[0m[2m149:[0m Creating checkpoint CheckpointDigest(7o6nKjuRaVj6ndcafgUnvH2xbYWo5LvUjMuJKDELErbN) at epoch 1, sequence 385, previous digest Some(CheckpointDigest(64bMjWpJtgqdn59e7idLnK1Hu2ZZacF58TfNUsYLXeDQ)), transactions count 1, content digest CheckpointContentsDigest(HmY2Xzz9qzZ7dTc5t5QwLgrcnEjCKRdvCLebtZzXKDTg), end_of_epoch_data None
[2m2025-03-25T07:55:46.605716Z[0m [32m INFO[0m [1mnode[0m[1m{[0m[3mname[0m[2m=[0mk#99f25ef6..[1m}[0m[2m:[0m [2msui_core::checkpoints[0m[2m:[0m [2mcrates/sui-core/src/checkpoints/mod.rs[0m[2m:[0m[2m1326:[0m Creating checkpoint(s) for 1 transactions [3mnext_checkpoint_seq[0m[2m=[0m385 [3mcheckpoint_timestamp[0m[2m=[0m1742889346022
[2m2025-03-25T07:55:46.605717Z[0m [32m INFO[0m [1mnode[0m[1m{[0m[3mname[0m[2m=[0mk#8dcff6d1..[1m}[0m[2m:[0m [2msui_core::checkpoints[0m[2m:[0m [2mcrates/sui-core/src/checkpoints/mod.rs[0m[2m:[0m[2m1326:[0m Creating checkpoint(s) for 1 transactions [3mnext_checkpoint_seq[0m[2m=[0m385 [3mcheckpoint_timestamp[0m[2m=[0m1742889346022
[2m2025-03-25T07:55:46.605905Z[0m [32m INFO[0m [1mnode[0m[1m{[0m[3mname[0m[2m=[0mk#99f25ef6..[1m}[0m[2m:[0m [2msui_core::checkpoints::checkpoint_output[0m[2m:[0m [2mcrates/sui-core/src/checkpoints/checkpoint_output.rs[0m[2m:[0m[2m149:[0m Creating checkpoint CheckpointDigest(7o6nKjuRaVj6ndcafgUnvH2xbYWo5LvUjMuJKDELErbN) at epoch 1, sequence 385, previous digest Some(CheckpointDigest(64bMjWpJtgqdn59e7idLnK1Hu2ZZacF58TfNUsYLXeDQ)), transactions count 1, content digest CheckpointContentsDigest(HmY2Xzz9qzZ7dTc5t5QwLgrcnEjCKRdvCLebtZzXKDTg), end_of_epoch_data None
[2m2025-03-25T07:55:46.605906Z[0m [32m INFO[0m [1mnode[0m[1m{[0m[3mname[0m[2m=[0mk#8dcff6d1..[1m}[0m[2m:[0m [2msui_core::checkpoints::checkpoint_output[0m[2m:[0m [2mcrates/sui-core/src/checkpoints/checkpoint_output.rs[0m[2m:[0m[2m149:[0m Creating checkpoint CheckpointDigest(7o6nKjuRaVj6ndcafgUnvH2xbYWo5LvUjMuJKDELErbN) at epoch 1, sequence 385, previous digest Some(CheckpointDigest(64bMjWpJtgqdn59e7idLnK1Hu2ZZacF58TfNUsYLXeDQ)), transactions count 1, content digest CheckpointContentsDigest(HmY2Xzz9qzZ7dTc5t5QwLgrcnEjCKRdvCLebtZzXKDTg), end_of_epoch_data None
[2m2025-03-25T07:55:46.666627Z[0m [32m INFO[0m [1mnode[0m[1m{[0m[3mname[0m[2m=[0mk#addeef94..[1m}[0m[2m:[0m [2msui_core::checkpoints::checkpoint_executor[0m[2m:[0m [2mcrates/sui-core/src/checkpoints/checkpoint_executor/mod.rs[0m[2m:[0m[2m332:[0m Received checkpoint summary from state sync [3msequence_number[0m[2m=[0m384
[2m2025-03-25T07:55:46.668097Z[0m [32m INFO[0m [1mnode[0m[1m{[0m[3mname[0m[2m=[0mk#addeef94..[1m}[0m[2m:[0m [2msui_core::state_accumulator[0m[2m:[0m [2mcrates/sui-core/src/state_accumulator.rs[0m[2m:[0m[2m675:[0m accumulating running root for checkpoint 384
[2m2025-03-25T07:55:46.808471Z[0m [32m INFO[0m [1mnode[0m[1m{[0m[3mname[0m[2m=[0mk#addeef94..[1m}[0m[2m:[0m [2mconsensus_core::core[0m[2m:[0m [2mconsensus/core/src/core.rs[0m[2m:[0m[2m945:[0m Included 3 ancestors & excluded 0 ancestors for proposal in round 185
[2m2025-03-25T07:55:46.808868Z[0m [32m INFO[0m [1mnode[0m[1m{[0m[3mname[0m[2m=[0mk#addeef94..[1m}[0m[2m:[0m [2mconsensus_core::core[0m[2m:[0m [2mconsensus/core/src/core.rs[0m[2m:[0m[2m531:[0m Created block B185(C,eU9kCtOnjY0lXw9A+Wxi4HjryFA3XIDQpIjdllZuKqo=)(1742889346808ms;[B184(C,p9MvdjO4FKhUqFrq0Cdj8HD29mP9EWP5EFBlgJjRPFM=), B184(A,pygfYQjheT81OV4AG85qZoUd5Pi8mxR3MEtLciMLY2k=), B184(B,iuFLod7drLY564wM0UIZevhb7UztefliJtj7BXXqaAs=)];1t;1c) for round 185
[2m2025-03-25T07:55:46.810845Z[0m [32m INFO[0m [1mnode[0m[1m{[0m[3mname[0m[2m=[0mk#8dcff6d1..[1m}[0m[2m:[0m [2mconsensus_core::core[0m[2m:[0m [2mconsensus/core/src/core.rs[0m[2m:[0m[2m945:[0m Included 3 ancestors & excluded 0 ancestors for proposal in round 185
[2m2025-03-25T07:55:46.810845Z[0m [32m INFO[0m [1mnode[0m[1m{[0m[3mname[0m[2m=[0mk#99f25ef6..[1m}[0m[2m:[0m [2mconsensus_core::core[0m[2m:[0m [2mconsensus/core/src/core.rs[0m[2m:[0m[2m945:[0m Included 3 ancestors & excluded 0 ancestors for proposal in round 185
[2m2025-03-25T07:55:46.811137Z[0m [32m INFO[0m [1mnode[0m[1m{[0m[3mname[0m[2m=[0mk#8dcff6d1..[1m}[0m[2m:[0m [2mconsensus_core::core[0m[2m:[0m [2mconsensus/core/src/core.rs[0m[2m:[0m[2m531:[0m Created block B185(A,H7E8xBOnEn+hsA4c/W8r1IynCNHQ1PwrOSLnOvJMQVs=)(1742889346810ms;[B184(A,pygfYQjheT81OV4AG85qZoUd5Pi8mxR3MEtLciMLY2k=), B184(B,iuFLod7drLY564wM0UIZevhb7UztefliJtj7BXXqaAs=), B184(C,p9MvdjO4FKhUqFrq0Cdj8HD29mP9EWP5EFBlgJjRPFM=)];1t;1c) for round 185
[2m2025-03-25T07:55:46.811140Z[0m [32m INFO[0m [1mnode[0m[1m{[0m[3mname[0m[2m=[0mk#99f25ef6..[1m}[0m[2m:[0m [2mconsensus_core::core[0m[2m:[0m [2mconsensus/core/src/core.rs[0m[2m:[0m[2m531:[0m Created block B185(B,uGM1CCZqNSOsVevtRHxcFLukVIsf2Hp+GqZg+VuHNBw=)(1742889346810ms;[B184(B,iuFLod7drLY564wM0UIZevhb7UztefliJtj7BXXqaAs=), B184(A,pygfYQjheT81OV4AG85qZoUd5Pi8mxR3MEtLciMLY2k=), B184(C,p9MvdjO4FKhUqFrq0Cdj8HD29mP9EWP5EFBlgJjRPFM=)];1t;1c) for round 185
[2m2025-03-25T07:55:46.811209Z[0m [32m INFO[0m [1mnode[0m[1m{[0m[3mname[0m[2m=[0mk#99f25ef6..[1m}[0m[2m:[0m [2mconsensus_core::core[0m[2m:[0m [2mconsensus/core/src/core.rs[0m[2m:[0m[2m630:[0m Committing 1 leaders: B183(A,D98k)
[2m2025-03-25T07:55:46.811209Z[0m [32m INFO[0m [1mnode[0m[1m{[0m[3mname[0m[2m=[0mk#8dcff6d1..[1m}[0m[2m:[0m [2mconsensus_core::core[0m[2m:[0m [2mconsensus/core/src/core.rs[0m[2m:[0m[2m630:[0m Committing 1 leaders: B183(A,D98k)
[2m2025-03-25T07:55:46.811281Z[0m [32m INFO[0m [1mnode[0m[1m{[0m[3mname[0m[2m=[0mk#8dcff6d1..[1m}[0m[2m:[0m [2mconsensus_core::commit_observer[0m[2m:[0m [2mconsensus/core/src/commit_observer.rs[0m[2m:[0m[2m173:[0m Consensus commit C173(j6iK) with leader B183(A,D98k) has 3 blocks
[2m2025-03-25T07:55:46.811281Z[0m [32m INFO[0m [1mnode[0m[1m{[0m[3mname[0m[2m=[0mk#99f25ef6..[1m}[0m[2m:[0m [2mconsensus_core::commit_observer[0m[2m:[0m [2mconsensus/core/src/commit_observer.rs[0m[2m:[0m[2m173:[0m Consensus commit C173(j6iK) with leader B183(A,D98k) has 3 blocks
[2m2025-03-25T07:55:46.811373Z[0m [32m INFO[0m [1mnode[0m[1m{[0m[3mname[0m[2m=[0mk#8dcff6d1..[1m}[0m[2m:[0m [2msui_core::consensus_handler[0m[2m:[0m [2mcrates/sui-core/src/consensus_handler.rs[0m[2m:[0m[2m232:[0m Received consensus output [3mconsensus_commit[0m[2m=[0mCommittedSubDag(leader=B183(A,D98k), ref=C173(j6iK), blocks=[XtmV, wr6U, D98k]) [3mepoch[0m[2m=[0m1
[2m2025-03-25T07:55:46.811373Z[0m [32m INFO[0m [1mnode[0m[1m{[0m[3mname[0m[2m=[0mk#99f25ef6..[1m}[0m[2m:[0m [2msui_core::consensus_handler[0m[2m:[0m [2mcrates/sui-core/src/consensus_handler.rs[0m[2m:[0m[2m232:[0m Received consensus output [3mconsensus_commit[0m[2m=[0mCommittedSubDag(leader=B183(A,D98k), ref=C173(j6iK), blocks=[XtmV, wr6U, D98k]) [3mepoch[0m[2m=[0m1
[2m2025-03-25T07:55:46.815067Z[0m [32m INFO[0m [1mnode[0m[1m{[0m[3mname[0m[2m=[0mk#addeef94..[1m}[0m[2m:[0m [2mconsensus_core::core[0m[2m:[0m [2mconsensus/core/src/core.rs[0m[2m:[0m[2m630:[0m Committing 1 leaders: B183(A,D98k)
[2m2025-03-25T07:55:46.815162Z[0m [32m INFO[0m [1mnode[0m[1m{[0m[3mname[0m[2m=[0mk#addeef94..[1m}[0m[2m:[0m [2mconsensus_core::commit_observer[0m[2m:[0m [2mconsensus/core/src/commit_observer.rs[0m[2m:[0m[2m173:[0m Consensus commit C173(j6iK) with leader B183(A,D98k) has 3 blocks
[2m2025-03-25T07:55:46.815289Z[0m [32m INFO[0m [1mnode[0m[1m{[0m[3mname[0m[2m=[0mk#addeef94..[1m}[0m[2m:[0m [2msui_core::consensus_handler[0m[2m:[0m [2mcrates/sui-core/src/consensus_handler.rs[0m[2m:[0m[2m232:[0m Received consensus output [3mconsensus_commit[0m[2m=[0mCommittedSubDag(leader=B183(A,D98k), ref=C173(j6iK), blocks=[XtmV, wr6U, D98k]) [3mepoch[0m[2m=[0m1
[2m2025-03-25T07:55:46.838461Z[0m [32m INFO[0m [1mnode[0m[1m{[0m[3mname[0m[2m=[0mk#8dcff6d1..[1m}[0m[2m:[0m [2msui_core::checkpoints[0m[2m:[0m [2mcrates/sui-core/src/checkpoints/mod.rs[0m[2m:[0m[2m1326:[0m Creating checkpoint(s) for 2 transactions [3mnext_checkpoint_seq[0m[2m=[0m386 [3mcheckpoint_timestamp[0m[2m=[0m1742889346297
[2m2025-03-25T07:55:46.838736Z[0m [32m INFO[0m [1mnode[0m[1m{[0m[3mname[0m[2m=[0mk#99f25ef6..[1m}[0m[2m:[0m [2msui_core::checkpoints[0m[2m:[0m [2mcrates/sui-core/src/checkpoints/mod.rs[0m[2m:[0m[2m1326:[0m Creating checkpoint(s) for 2 transactions [3mnext_checkpoint_seq[0m[2m=[0m386 [3mcheckpoint_timestamp[0m[2m=[0m1742889346297
[2m2025-03-25T07:55:46.838799Z[0m [32m INFO[0m [1mnode[0m[1m{[0m[3mname[0m[2m=[0mk#8dcff6d1..[1m}[0m[2m:[0m [2msui_core::checkpoints::checkpoint_output[0m[2m:[0m [2mcrates/sui-core/src/checkpoints/checkpoint_output.rs[0m[2m:[0m[2m149:[0m Creating checkpoint CheckpointDigest(4ZaFkPFoQc23dNPqDfX3j8cvBWQ8onVAhD2AoaDe5SQc) at epoch 1, sequence 386, previous digest Some(CheckpointDigest(7o6nKjuRaVj6ndcafgUnvH2xbYWo5LvUjMuJKDELErbN)), transactions count 2, content digest CheckpointContentsDigest(7nG28NBLW1zHgpSq4o7N2jYC5FPGAixdjGJfDc8TnTfo), end_of_epoch_data None
[2m2025-03-25T07:55:46.838990Z[0m [32m INFO[0m [1mnode[0m[1m{[0m[3mname[0m[2m=[0mk#99f25ef6..[1m}[0m[2m:[0m [2msui_core::checkpoints::checkpoint_output[0m[2m:[0m [2mcrates/sui-core/src/checkpoints/checkpoint_output.rs[0m[2m:[0m[2m149:[0m Creating checkpoint CheckpointDigest(4ZaFkPFoQc23dNPqDfX3j8cvBWQ8onVAhD2AoaDe5SQc) at epoch 1, sequence 386, previous digest Some(CheckpointDigest(7o6nKjuRaVj6ndcafgUnvH2xbYWo5LvUjMuJKDELErbN)), transactions count 2, content digest CheckpointContentsDigest(7nG28NBLW1zHgpSq4o7N2jYC5FPGAixdjGJfDc8TnTfo), end_of_epoch_data None
[2m2025-03-25T07:55:46.841975Z[0m [32m INFO[0m [1mnode[0m[1m{[0m[3mname[0m[2m=[0mk#8dcff6d1..[1m}[0m[2m:[0m [2msui_core::checkpoints::checkpoint_output[0m[2m:[0m [2mcrates/sui-core/src/checkpoints/checkpoint_output.rs[0m[2m:[0m[2m196:[0m Certified checkpoint with sequence 385 and digest 7o6nKjuRaVj6ndcafgUnvH2xbYWo5LvUjMuJKDELErbN
[2m2025-03-25T07:55:46.841980Z[0m [32m INFO[0m [1mnode[0m[1m{[0m[3mname[0m[2m=[0mk#99f25ef6..[1m}[0m[2m:[0m [2msui_core::checkpoints::checkpoint_output[0m[2m:[0m [2mcrates/sui-core/src/checkpoints/checkpoint_output.rs[0m[2m:[0m[2m196:[0m Certified checkpoint with sequence 385 and digest 7o6nKjuRaVj6ndcafgUnvH2xbYWo5LvUjMuJKDELErbN
[2m2025-03-25T07:55:46.842460Z[0m [32m INFO[0m [1mnode[0m[1m{[0m[3mname[0m[2m=[0mk#99f25ef6..[1m}[0m[2m:[0m [2msui_core::checkpoints::checkpoint_executor[0m[2m:[0m [2mcrates/sui-core/src/checkpoints/checkpoint_executor/mod.rs[0m[2m:[0m[2m332:[0m Received checkpoint summary from state sync [3msequence_number[0m[2m=[0m385
[2m2025-03-25T07:55:46.842460Z[0m [32m INFO[0m [1mnode[0m[1m{[0m[3mname[0m[2m=[0mk#8dcff6d1..[1m}[0m[2m:[0m [2msui_core::checkpoints::checkpoint_executor[0m[2m:[0m [2mcrates/sui-core/src/checkpoints/checkpoint_executor/mod.rs[0m[2m:[0m[2m332:[0m Received checkpoint summary from state sync [3msequence_number[0m[2m=[0m385
[2m2025-03-25T07:55:46.842739Z[0m [32m INFO[0m [1mnode[0m[1m{[0m[3mname[0m[2m=[0mk#addeef94..[1m}[0m[2m:[0m [2msui_core::checkpoints[0m[2m:[0m [2mcrates/sui-core/src/checkpoints/mod.rs[0m[2m:[0m[2m1326:[0m Creating checkpoint(s) for 2 transactions [3mnext_checkpoint_seq[0m[2m=[0m386 [3mcheckpoint_timestamp[0m[2m=[0m1742889346297
[2m2025-03-25T07:55:46.843007Z[0m [32m INFO[0m [1mnode[0m[1m{[0m[3mname[0m[2m=[0mk#addeef94..[1m}[0m[2m:[0m [2msui_core::checkpoints::checkpoint_output[0m[2m:[0m [2mcrates/sui-core/src/checkpoints/checkpoint_output.rs[0m[2m:[0m[2m149:[0m Creating checkpoint CheckpointDigest(4ZaFkPFoQc23dNPqDfX3j8cvBWQ8onVAhD2AoaDe5SQc) at epoch 1, sequence 386, previous digest Some(CheckpointDigest(7o6nKjuRaVj6ndcafgUnvH2xbYWo5LvUjMuJKDELErbN)), transactions count 2, content digest CheckpointContentsDigest(7nG28NBLW1zHgpSq4o7N2jYC5FPGAixdjGJfDc8TnTfo), end_of_epoch_data None
[2m2025-03-25T07:55:46.843677Z[0m [32m INFO[0m [1mnode[0m[1m{[0m[3mname[0m[2m=[0mk#99f25ef6..[1m}[0m[2m:[0m [2msui_core::state_accumulator[0m[2m:[0m [2mcrates/sui-core/src/state_accumulator.rs[0m[2m:[0m[2m675:[0m accumulating running root for checkpoint 385
[2m2025-03-25T07:55:46.843682Z[0m [32m INFO[0m [1mnode[0m[1m{[0m[3mname[0m[2m=[0mk#8dcff6d1..[1m}[0m[2m:[0m [2msui_core::state_accumulator[0m[2m:[0m [2mcrates/sui-core/src/state_accumulator.rs[0m[2m:[0m[2m675:[0m accumulating running root for checkpoint 385
[2m2025-03-25T07:55:46.845927Z[0m [32m INFO[0m [1mnode[0m[1m{[0m[3mname[0m[2m=[0mk#addeef94..[1m}[0m[2m:[0m [2msui_core::checkpoints::checkpoint_executor[0m[2m:[0m [2mcrates/sui-core/src/checkpoints/checkpoint_executor/mod.rs[0m[2m:[0m[2m332:[0m Received checkpoint summary from state sync [3msequence_number[0m[2m=[0m385
[2m2025-03-25T07:55:46.846669Z[0m [32m INFO[0m [1mnode[0m[1m{[0m[3mname[0m[2m=[0mk#addeef94..[1m}[0m[2m:[0m [2msui_core::state_accumulator[0m[2m:[0m [2mcrates/sui-core/src/state_accumulator.rs[0m[2m:[0m[2m675:[0m accumulating running root for checkpoint 385
[2m2025-03-25T07:55:47.063559Z[0m [32m INFO[0m [1mnode[0m[1m{[0m[3mname[0m[2m=[0mk#8dcff6d1..[1m}[0m[2m:[0m [2mconsensus_core::core[0m[2m:[0m [2mconsensus/core/src/core.rs[0m[2m:[0m[2m945:[0m Included 3 ancestors & excluded 0 ancestors for proposal in round 186
[2m2025-03-25T07:55:47.063958Z[0m [32m INFO[0m [1mnode[0m[1m{[0m[3mname[0m[2m=[0mk#8dcff6d1..[1m}[0m[2m:[0m [2mconsensus_core::core[0m[2m:[0m [2mconsensus/core/src/core.rs[0m[2m:[0m[2m531:[0m Created block B186(A,yiPKInyXfLf1FodH59sKJxkV8KFsX64wXDZj3rFbQ3k=)(1742889347063ms;[B185(A,H7E8xBOnEn+hsA4c/W8r1IynCNHQ1PwrOSLnOvJMQVs=), B185(B,uGM1CCZqNSOsVevtRHxcFLukVIsf2Hp+GqZg+VuHNBw=), B185(C,eU9kCtOnjY0lXw9A+Wxi4HjryFA3XIDQpIjdllZuKqo=)];1t;1c) for round 186
[2m2025-03-25T07:55:47.065630Z[0m [32m INFO[0m [1mnode[0m[1m{[0m[3mname[0m[2m=[0mk#99f25ef6..[1m}[0m[2m:[0m [2mconsensus_core::core[0m[2m:[0m [2mconsensus/core/src/core.rs[0m[2m:[0m[2m945:[0m Included 3 ancestors & excluded 0 ancestors for proposal in round 186
[2m2025-03-25T07:55:47.065934Z[0m [32m INFO[0m [1mnode[0m[1m{[0m[3mname[0m[2m=[0mk#99f25ef6..[1m}[0m[2m:[0m [2mconsensus_core::core[0m[2m:[0m [2mconsensus/core/src/core.rs[0m[2m:[0m[2m531:[0m Created block B186(B,8CNBMlquvdpq49x1kX/XBeveRtH2VjOj0zHlQo/FpBc=)(1742889347065ms;[B185(B,uGM1CCZqNSOsVevtRHxcFLukVIsf2Hp+GqZg+VuHNBw=), B185(A,H7E8xBOnEn+hsA4c/W8r1IynCNHQ1PwrOSLnOvJMQVs=), B185(C,eU9kCtOnjY0lXw9A+Wxi4HjryFA3XIDQpIjdllZuKqo=)];1t;1c) for round 186
[2m2025-03-25T07:55:47.065983Z[0m [32m INFO[0m [1mnode[0m[1m{[0m[3mname[0m[2m=[0mk#addeef94..[1m}[0m[2m:[0m [2mconsensus_core::core[0m[2m:[0m [2mconsensus/core/src/core.rs[0m[2m:[0m[2m945:[0m Included 3 ancestors & excluded 0 ancestors for proposal in round 186
[2m2025-03-25T07:55:47.066285Z[0m [32m INFO[0m [1mnode[0m[1m{[0m[3mname[0m[2m=[0mk#addeef94..[1m}[0m[2m:[0m [2mconsensus_core::core[0m[2m:[0m [2mconsensus/core/src/core.rs[0m[2m:[0m[2m531:[0m Created block B186(C,XtZzprBysodSyoS+oi+rDn/DkqdAMiq+bDUC0WP9bsY=)(1742889347066ms;[B185(C,eU9kCtOnjY0lXw9A+Wxi4HjryFA3XIDQpIjdllZuKqo=), B185(A,H7E8xBOnEn+hsA4c/W8r1IynCNHQ1PwrOSLnOvJMQVs=), B185(B,uGM1CCZqNSOsVevtRHxcFLukVIsf2Hp+GqZg+VuHNBw=)];1t;1c) for round 186
[2m2025-03-25T07:55:47.066360Z[0m [32m INFO[0m [1mnode[0m[1m{[0m[3mname[0m[2m=[0mk#addeef94..[1m}[0m[2m:[0m [2mconsensus_core::core[0m[2m:[0m [2mconsensus/core/src/core.rs[0m[2m:[0m[2m630:[0m Committing 1 leaders: B184(C,p9Mv)
[2m2025-03-25T07:55:47.066433Z[0m [32m INFO[0m [1mnode[0m[1m{[0m[3mname[0m[2m=[0mk#addeef94..[1m}[0m[2m:[0m [2mconsensus_core::commit_observer[0m[2m:[0m [2mconsensus/core/src/commit_observer.rs[0m[2m:[0m[2m173:[0m Consensus commit C174(s87c) with leader B184(C,p9Mv) has 3 blocks
[2m2025-03-25T07:55:47.066524Z[0m [32m INFO[0m [1mnode[0m[1m{[0m[3mname[0m[2m=[0mk#addeef94..[1m}[0m[2m:[0m [2msui_core::consensus_handler[0m[2m:[0m [2mcrates/sui-core/src/consensus_handler.rs[0m[2m:[0m[2m232:[0m Received consensus output [3mconsensus_commit[0m[2m=[0mCommittedSubDag(leader=B184(C,p9Mv), ref=C174(s87c), blocks=[0cmQ, yLXB, p9Mv]) [3mepoch[0m[2m=[0m1
[2m2025-03-25T07:55:47.069670Z[0m [32m INFO[0m [1mnode[0m[1m{[0m[3mname[0m[2m=[0mk#99f25ef6..[1m}[0m[2m:[0m [2msui_core::checkpoints::checkpoint_output[0m[2m:[0m [2mcrates/sui-core/src/checkpoints/checkpoint_output.rs[0m[2m:[0m[2m196:[0m Certified checkpoint with sequence 386 and digest 4ZaFkPFoQc23dNPqDfX3j8cvBWQ8onVAhD2AoaDe5SQc
[2m2025-03-25T07:55:47.069778Z[0m [32m INFO[0m [1mnode[0m[1m{[0m[3mname[0m[2m=[0mk#99f25ef6..[1m}[0m[2m:[0m [2mconsensus_core::core[0m[2m:[0m [2mconsensus/core/src/core.rs[0m[2m:[0m[2m630:[0m Committing 1 leaders: B184(C,p9Mv)
[2m2025-03-25T07:55:47.069884Z[0m [32m INFO[0m [1mnode[0m[1m{[0m[3mname[0m[2m=[0mk#99f25ef6..[1m}[0m[2m:[0m [2mconsensus_core::commit_observer[0m[2m:[0m [2mconsensus/core/src/commit_observer.rs[0m[2m:[0m[2m173:[0m Consensus commit C174(s87c) with leader B184(C,p9Mv) has 3 blocks
[2m2025-03-25T07:55:47.069936Z[0m [32m INFO[0m [1mnode[0m[1m{[0m[3mname[0m[2m=[0mk#8dcff6d1..[1m}[0m[2m:[0m [2msui_core::checkpoints::checkpoint_output[0m[2m:[0m [2mcrates/sui-core/src/checkpoints/checkpoint_output.rs[0m[2m:[0m[2m196:[0m Certified checkpoint with sequence 386 and digest 4ZaFkPFoQc23dNPqDfX3j8cvBWQ8onVAhD2AoaDe5SQc
[2m2025-03-25T07:55:47.070033Z[0m [32m INFO[0m [1mnode[0m[1m{[0m[3mname[0m[2m=[0mk#8dcff6d1..[1m}[0m[2m:[0m [2mconsensus_core::core[0m[2m:[0m [2mconsensus/core/src/core.rs[0m[2m:[0m[2m630:[0m Committing 1 leaders: B184(C,p9Mv)
[2m2025-03-25T07:55:47.070132Z[0m [32m INFO[0m [1mnode[0m[1m{[0m[3mname[0m[2m=[0mk#8dcff6d1..[1m}[0m[2m:[0m [2mconsensus_core::commit_observer[0m[2m:[0m [2mconsensus/core/src/commit_observer.rs[0m[2m:[0m[2m173:[0m Consensus commit C174(s87c) with leader B184(C,p9Mv) has 3 blocks
[2m2025-03-25T07:55:47.070323Z[0m [32m INFO[0m [1mnode[0m[1m{[0m[3mname[0m[2m=[0mk#99f25ef6..[1m}[0m[2m:[0m [2msui_core::consensus_handler[0m[2m:[0m [2mcrates/sui-core/src/consensus_handler.rs[0m[2m:[0m[2m232:[0m Received consensus output [3mconsensus_commit[0m[2m=[0mCommittedSubDag(leader=B184(C,p9Mv), ref=C174(s87c), blocks=[0cmQ, yLXB, p9Mv]) [3mepoch[0m[2m=[0m1
[2m2025-03-25T07:55:47.070513Z[0m [32m INFO[0m [1mnode[0m[1m{[0m[3mname[0m[2m=[0mk#8dcff6d1..[1m}[0m[2m:[0m [2msui_core::consensus_handler[0m[2m:[0m [2mcrates/sui-core/src/consensus_handler.rs[0m[2m:[0m[2m232:[0m Received consensus output [3mconsensus_commit[0m[2m=[0mCommittedSubDag(leader=B184(C,p9Mv), ref=C174(s87c), blocks=[0cmQ, yLXB, p9Mv]) [3mepoch[0m[2m=[0m1
[2m2025-03-25T07:55:47.070928Z[0m [32m INFO[0m [1mnode[0m[1m{[0m[3mname[0m[2m=[0mk#99f25ef6..[1m}[0m[2m:[0m [2msui_core::checkpoints::checkpoint_executor[0m[2m:[0m [2mcrates/sui-core/src/checkpoints/checkpoint_executor/mod.rs[0m[2m:[0m[2m332:[0m Received checkpoint summary from state sync [3msequence_number[0m[2m=[0m386
[2m2025-03-25T07:55:47.071078Z[0m [32m INFO[0m [1mnode[0m[1m{[0m[3mname[0m[2m=[0mk#8dcff6d1..[1m}[0m[2m:[0m [2msui_core::checkpoints::checkpoint_executor[0m[2m:[0m [2mcrates/sui-core/src/checkpoints/checkpoint_executor/mod.rs[0m[2m:[0m[2m332:[0m Received checkpoint summary from state sync [3msequence_number[0m[2m=[0m386
[2m2025-03-25T07:55:47.084455Z[0m [32m INFO[0m [1mnode[0m[1m{[0m[3mname[0m[2m=[0mk#8dcff6d1..[1m}[0m[2m:[0m [2msui_core::state_accumulator[0m[2m:[0m [2mcrates/sui-core/src/state_accumulator.rs[0m[2m:[0m[2m675:[0m accumulating running root for checkpoint 386
[2m2025-03-25T07:55:47.084455Z[0m [32m INFO[0m [1mnode[0m[1m{[0m[3mname[0m[2m=[0mk#99f25ef6..[1m}[0m[2m:[0m [2msui_core::state_accumulator[0m[2m:[0m [2mcrates/sui-core/src/state_accumulator.rs[0m[2m:[0m[2m675:[0m accumulating running root for checkpoint 386
[2m2025-03-25T07:55:47.110736Z[0m [32m INFO[0m [1mnode[0m[1m{[0m[3mname[0m[2m=[0mk#addeef94..[1m}[0m[2m:[0m [2msui_core::checkpoints[0m[2m:[0m [2mcrates/sui-core/src/checkpoints/mod.rs[0m[2m:[0m[2m1326:[0m Creating checkpoint(s) for 1 transactions [3mnext_checkpoint_seq[0m[2m=[0m387 [3mcheckpoint_timestamp[0m[2m=[0m1742889346555
[2m2025-03-25T07:55:47.110969Z[0m [32m INFO[0m [1mnode[0m[1m{[0m[3mname[0m[2m=[0mk#addeef94..[1m}[0m[2m:[0m [2msui_core::checkpoints::checkpoint_output[0m[2m:[0m [2mcrates/sui-core/src/checkpoints/checkpoint_output.rs[0m[2m:[0m[2m149:[0m Creating checkpoint CheckpointDigest(22FYuor8EEBBYHsEykx2Zq93NWEAxdrY2rt3d35QqXsn) at epoch 1, sequence 387, previous digest Some(CheckpointDigest(4ZaFkPFoQc23dNPqDfX3j8cvBWQ8onVAhD2AoaDe5SQc)), transactions count 1, content digest CheckpointContentsDigest(F8Sjzs1JbyY3tsRZmpVdZoKsMpyF6n8pR86a836gyevN), end_of_epoch_data None
[2m2025-03-25T07:55:47.119819Z[0m [32m INFO[0m [1mnode[0m[1m{[0m[3mname[0m[2m=[0mk#8dcff6d1..[1m}[0m[2m:[0m [2msui_core::checkpoints[0m[2m:[0m [2mcrates/sui-core/src/checkpoints/mod.rs[0m[2m:[0m[2m1326:[0m Creating checkpoint(s) for 1 transactions [3mnext_checkpoint_seq[0m[2m=[0m387 [3mcheckpoint_timestamp[0m[2m=[0m1742889346555
[2m2025-03-25T07:55:47.119820Z[0m [32m INFO[0m [1mnode[0m[1m{[0m[3mname[0m[2m=[0mk#99f25ef6..[1m}[0m[2m:[0m [2msui_core::checkpoints[0m[2m:[0m [2mcrates/sui-core/src/checkpoints/mod.rs[0m[2m:[0m[2m1326:[0m Creating checkpoint(s) for 1 transactions [3mnext_checkpoint_seq[0m[2m=[0m387 [3mcheckpoint_timestamp[0m[2m=[0m1742889346555
[2m2025-03-25T07:55:47.120006Z[0m [32m INFO[0m [1mnode[0m[1m{[0m[3mname[0m[2m=[0mk#8dcff6d1..[1m}[0m[2m:[0m [2msui_core::checkpoints::checkpoint_output[0m[2m:[0m [2mcrates/sui-core/src/checkpoints/checkpoint_output.rs[0m[2m:[0m[2m149:[0m Creating checkpoint CheckpointDigest(22FYuor8EEBBYHsEykx2Zq93NWEAxdrY2rt3d35QqXsn) at epoch 1, sequence 387, previous digest Some(CheckpointDigest(4ZaFkPFoQc23dNPqDfX3j8cvBWQ8onVAhD2AoaDe5SQc)), transactions count 1, content digest CheckpointContentsDigest(F8Sjzs1JbyY3tsRZmpVdZoKsMpyF6n8pR86a836gyevN), end_of_epoch_data None
[2m2025-03-25T07:55:47.120006Z[0m [32m INFO[0m [1mnode[0m[1m{[0m[3mname[0m[2m=[0mk#99f25ef6..[1m}[0m[2m:[0m [2msui_core::checkpoints::checkpoint_output[0m[2m:[0m [2mcrates/sui-core/src/checkpoints/checkpoint_output.rs[0m[2m:[0m[2m149:[0m Creating checkpoint CheckpointDigest(22FYuor8EEBBYHsEykx2Zq93NWEAxdrY2rt3d35QqXsn) at epoch 1, sequence 387, previous digest Some(CheckpointDigest(4ZaFkPFoQc23dNPqDfX3j8cvBWQ8onVAhD2AoaDe5SQc)), transactions count 1, content digest CheckpointContentsDigest(F8Sjzs1JbyY3tsRZmpVdZoKsMpyF6n8pR86a836gyevN), end_of_epoch_data None
[2m2025-03-25T07:55:47.178902Z[0m [32m INFO[0m [1mnode[0m[1m{[0m[3mname[0m[2m=[0mk#addeef94..[1m}[0m[2m:[0m [2msui_core::checkpoints::checkpoint_executor[0m[2m:[0m [2mcrates/sui-core/src/checkpoints/checkpoint_executor/mod.rs[0m[2m:[0m[2m332:[0m Received checkpoint summary from state sync [3msequence_number[0m[2m=[0m386
[2m2025-03-25T07:55:47.180361Z[0m [32m INFO[0m [1mnode[0m[1m{[0m[3mname[0m[2m=[0mk#addeef94..[1m}[0m[2m:[0m [2msui_core::state_accumulator[0m[2m:[0m [2mcrates/sui-core/src/state_accumulator.rs[0m[2m:[0m[2m675:[0m accumulating running root for checkpoint 386
[2m2025-03-25T07:55:47.304493Z[0m [32m INFO[0m [1mnode[0m[1m{[0m[3mname[0m[2m=[0mk#8dcff6d1..[1m}[0m[2m:[0m [2mconsensus_core::commit_syncer[0m[2m:[0m [2mconsensus/core/src/commit_syncer.rs[0m[2m:[0m[2m196:[0m Checking to schedule fetches: synced_commit_index=174, highest_handled_index=174, highest_scheduled_index=0, quorum_commit_index=173, unhandled_commits_threshold=3200
[2m2025-03-25T07:55:47.318765Z[0m [32m INFO[0m [1mnode[0m[1m{[0m[3mname[0m[2m=[0mk#addeef94..[1m}[0m[2m:[0m [2mconsensus_core::core[0m[2m:[0m [2mconsensus/core/src/core.rs[0m[2m:[0m[2m945:[0m Included 3 ancestors & excluded 0 ancestors for proposal in round 187
[2m2025-03-25T07:55:47.319133Z[0m [32m INFO[0m [1mnode[0m[1m{[0m[3mname[0m[2m=[0mk#addeef94..[1m}[0m[2m:[0m [2mconsensus_core::core[0m[2m:[0m [2mconsensus/core/src/core.rs[0m[2m:[0m[2m531:[0m Created block B187(C,jfBtsu4D255BDeAFihm+slJ6WodRdZX3Q+tdPDTj0SY=)(1742889347318ms;[B186(C,XtZzprBysodSyoS+oi+rDn/DkqdAMiq+bDUC0WP9bsY=), B186(A,yiPKInyXfLf1FodH59sKJxkV8KFsX64wXDZj3rFbQ3k=), B186(B,8CNBMlquvdpq49x1kX/XBeveRtH2VjOj0zHlQo/FpBc=)];1t;1c) for round 187
[2m2025-03-25T07:55:47.321023Z[0m [32m INFO[0m [1mnode[0m[1m{[0m[3mname[0m[2m=[0mk#99f25ef6..[1m}[0m[2m:[0m [2mconsensus_core::core[0m[2m:[0m [2mconsensus/core/src/core.rs[0m[2m:[0m[2m945:[0m Included 3 ancestors & excluded 0 ancestors for proposal in round 187
[2m2025-03-25T07:55:47.321304Z[0m [32m INFO[0m [1mnode[0m[1m{[0m[3mname[0m[2m=[0mk#99f25ef6..[1m}[0m[2m:[0m [2mconsensus_core::core[0m[2m:[0m [2mconsensus/core/src/core.rs[0m[2m:[0m[2m531:[0m Created block B187(B,+eBfuW6nHjhrdgH7TbyWh0Ej4StA7epfuKdkLMVu2JU=)(1742889347321ms;[B186(B,8CNBMlquvdpq49x1kX/XBeveRtH2VjOj0zHlQo/FpBc=), B186(A,yiPKInyXfLf1FodH59sKJxkV8KFsX64wXDZj3rFbQ3k=), B186(C,XtZzprBysodSyoS+oi+rDn/DkqdAMiq+bDUC0WP9bsY=)];1t;1c) for round 187
[2m2025-03-25T07:55:47.321373Z[0m [32m INFO[0m [1mnode[0m[1m{[0m[3mname[0m[2m=[0mk#99f25ef6..[1m}[0m[2m:[0m [2mconsensus_core::core[0m[2m:[0m [2mconsensus/core/src/core.rs[0m[2m:[0m[2m630:[0m Committing 1 leaders: B185(A,H7E8)
[2m2025-03-25T07:55:47.321444Z[0m [32m INFO[0m [1mnode[0m[1m{[0m[3mname[0m[2m=[0mk#99f25ef6..[1m}[0m[2m:[0m [2mconsensus_core::commit_observer[0m[2m:[0m [2mconsensus/core/src/commit_observer.rs[0m[2m:[0m[2m173:[0m Consensus commit C175(ehRh) with leader B185(A,H7E8) has 3 blocks
[2m2025-03-25T07:55:47.321529Z[0m [32m INFO[0m [1mnode[0m[1m{[0m[3mname[0m[2m=[0mk#99f25ef6..[1m}[0m[2m:[0m [2msui_core::consensus_handler[0m[2m:[0m [2mcrates/sui-core/src/consensus_handler.rs[0m[2m:[0m[2m232:[0m Received consensus output [3mconsensus_commit[0m[2m=[0mCommittedSubDag(leader=B185(A,H7E8), ref=C175(ehRh), blocks=[pygf, iuFL, H7E8]) [3mepoch[0m[2m=[0m1
[2m2025-03-25T07:55:47.322135Z[0m [32m INFO[0m [1mnode[0m[1m{[0m[3mname[0m[2m=[0mk#8dcff6d1..[1m}[0m[2m:[0m [2mconsensus_core::core[0m[2m:[0m [2mconsensus/core/src/core.rs[0m[2m:[0m[2m945:[0m Included 3 ancestors & excluded 0 ancestors for proposal in round 187
[2m2025-03-25T07:55:47.322413Z[0m [32m INFO[0m [1mnode[0m[1m{[0m[3mname[0m[2m=[0mk#8dcff6d1..[1m}[0m[2m:[0m [2mconsensus_core::core[0m[2m:[0m [2mconsensus/core/src/core.rs[0m[2m:[0m[2m531:[0m Created block B187(A,awu2eOPaJ2pQw8Na79nqMhDB+nuuauRl5M4KzD0mTDk=)(1742889347322ms;[B186(A,yiPKInyXfLf1FodH59sKJxkV8KFsX64wXDZj3rFbQ3k=), B186(B,8CNBMlquvdpq49x1kX/XBeveRtH2VjOj0zHlQo/FpBc=), B186(C,XtZzprBysodSyoS+oi+rDn/DkqdAMiq+bDUC0WP9bsY=)];1t;1c) for round 187
[2m2025-03-25T07:55:47.322474Z[0m [32m INFO[0m [1mnode[0m[1m{[0m[3mname[0m[2m=[0mk#8dcff6d1..[1m}[0m[2m:[0m [2mconsensus_core::core[0m[2m:[0m [2mconsensus/core/src/core.rs[0m[2m:[0m[2m630:[0m Committing 1 leaders: B185(A,H7E8)
[2m2025-03-25T07:55:47.322536Z[0m [32m INFO[0m [1mnode[0m[1m{[0m[3mname[0m[2m=[0mk#8dcff6d1..[1m}[0m[2m:[0m [2mconsensus_core::commit_observer[0m[2m:[0m [2mconsensus/core/src/commit_observer.rs[0m[2m:[0m[2m173:[0m Consensus commit C175(ehRh) with leader B185(A,H7E8) has 3 blocks
[2m2025-03-25T07:55:47.322610Z[0m [32m INFO[0m [1mnode[0m[1m{[0m[3mname[0m[2m=[0mk#8dcff6d1..[1m}[0m[2m:[0m [2msui_core::consensus_handler[0m[2m:[0m [2mcrates/sui-core/src/consensus_handler.rs[0m[2m:[0m[2m232:[0m Received consensus output [3mconsensus_commit[0m[2m=[0mCommittedSubDag(leader=B185(A,H7E8), ref=C175(ehRh), blocks=[pygf, iuFL, H7E8]) [3mepoch[0m[2m=[0m1
[2m2025-03-25T07:55:47.323800Z[0m [32m INFO[0m [1mnode[0m[1m{[0m[3mname[0m[2m=[0mk#addeef94..[1m}[0m[2m:[0m [2mconsensus_core::core[0m[2m:[0m [2mconsensus/core/src/core.rs[0m[2m:[0m[2m630:[0m Committing 1 leaders: B185(A,H7E8)
[2m2025-03-25T07:55:47.323887Z[0m [32m INFO[0m [1mnode[0m[1m{[0m[3mname[0m[2m=[0mk#addeef94..[1m}[0m[2m:[0m [2mconsensus_core::commit_observer[0m[2m:[0m [2mconsensus/core/src/commit_observer.rs[0m[2m:[0m[2m173:[0m Consensus commit C175(ehRh) with leader B185(A,H7E8) has 3 blocks
[2m2025-03-25T07:55:47.323961Z[0m [32m INFO[0m [1mnode[0m[1m{[0m[3mname[0m[2m=[0mk#addeef94..[1m}[0m[2m:[0m [2msui_core::consensus_handler[0m[2m:[0m [2mcrates/sui-core/src/consensus_handler.rs[0m[2m:[0m[2m232:[0m Received consensus output [3mconsensus_commit[0m[2m=[0mCommittedSubDag(leader=B185(A,H7E8), ref=C175(ehRh), blocks=[pygf, iuFL, H7E8]) [3mepoch[0m[2m=[0m1
[2m2025-03-25T07:55:47.348179Z[0m [32m INFO[0m [1mnode[0m[1m{[0m[3mname[0m[2m=[0mk#99f25ef6..[1m}[0m[2m:[0m [2msui_core::checkpoints[0m[2m:[0m [2mcrates/sui-core/src/checkpoints/mod.rs[0m[2m:[0m[2m1326:[0m Creating checkpoint(s) for 2 transactions [3mnext_checkpoint_seq[0m[2m=[0m388 [3mcheckpoint_timestamp[0m[2m=[0m1742889346810
[2m2025-03-25T07:55:47.348498Z[0m [32m INFO[0m [1mnode[0m[1m{[0m[3mname[0m[2m=[0mk#99f25ef6..[1m}[0m[2m:[0m [2msui_core::checkpoints::checkpoint_output[0m[2m:[0m [2mcrates/sui-core/src/checkpoints/checkpoint_output.rs[0m[2m:[0m[2m149:[0m Creating checkpoint CheckpointDigest(CLmE4DR4pFpHr9aR4ziVUSQcXanu1Xi2BuqWNehGrktY) at epoch 1, sequence 388, previous digest Some(CheckpointDigest(22FYuor8EEBBYHsEykx2Zq93NWEAxdrY2rt3d35QqXsn)), transactions count 2, content digest CheckpointContentsDigest(5BddyrPP5Aqu58HfkSpcjar1z2RqU54nB6VKBho8zknq), end_of_epoch_data None
[2m2025-03-25T07:55:47.348904Z[0m [32m INFO[0m [1mnode[0m[1m{[0m[3mname[0m[2m=[0mk#8dcff6d1..[1m}[0m[2m:[0m [2msui_core::checkpoints[0m[2m:[0m [2mcrates/sui-core/src/checkpoints/mod.rs[0m[2m:[0m[2m1326:[0m Creating checkpoint(s) for 2 transactions [3mnext_checkpoint_seq[0m[2m=[0m388 [3mcheckpoint_timestamp[0m[2m=[0m1742889346810
[2m2025-03-25T07:55:47.349157Z[0m [32m INFO[0m [1mnode[0m[1m{[0m[3mname[0m[2m=[0mk#8dcff6d1..[1m}[0m[2m:[0m [2msui_core::checkpoints::checkpoint_output[0m[2m:[0m [2mcrates/sui-core/src/checkpoints/checkpoint_output.rs[0m[2m:[0m[2m149:[0m Creating checkpoint CheckpointDigest(CLmE4DR4pFpHr9aR4ziVUSQcXanu1Xi2BuqWNehGrktY) at epoch 1, sequence 388, previous digest Some(CheckpointDigest(22FYuor8EEBBYHsEykx2Zq93NWEAxdrY2rt3d35QqXsn)), transactions count 2, content digest CheckpointContentsDigest(5BddyrPP5Aqu58HfkSpcjar1z2RqU54nB6VKBho8zknq), end_of_epoch_data None
[2m2025-03-25T07:55:47.349260Z[0m [32m INFO[0m [1mnode[0m[1m{[0m[3mname[0m[2m=[0mk#99f25ef6..[1m}[0m[2m:[0m [2mconsensus_core::commit_syncer[0m[2m:[0m [2mconsensus/core/src/commit_syncer.rs[0m[2m:[0m[2m196:[0m Checking to schedule fetches: synced_commit_index=175, highest_handled_index=175, highest_scheduled_index=0, quorum_commit_index=173, unhandled_commits_threshold=3200
[2m2025-03-25T07:55:47.349900Z[0m [32m INFO[0m [1mnode[0m[1m{[0m[3mname[0m[2m=[0mk#addeef94..[1m}[0m[2m:[0m [2msui_core::checkpoints[0m[2m:[0m [2mcrates/sui-core/src/checkpoints/mod.rs[0m[2m:[0m[2m1326:[0m Creating checkpoint(s) for 2 transactions [3mnext_checkpoint_seq[0m[2m=[0m388 [3mcheckpoint_timestamp[0m[2m=[0m1742889346810
[2m2025-03-25T07:55:47.350149Z[0m [32m INFO[0m [1mnode[0m[1m{[0m[3mname[0m[2m=[0mk#addeef94..[1m}[0m[2m:[0m [2msui_core::checkpoints::checkpoint_output[0m[2m:[0m [2mcrates/sui-core/src/checkpoints/checkpoint_output.rs[0m[2m:[0m[2m149:[0m Creating checkpoint CheckpointDigest(CLmE4DR4pFpHr9aR4ziVUSQcXanu1Xi2BuqWNehGrktY) at epoch 1, sequence 388, previous digest Some(CheckpointDigest(22FYuor8EEBBYHsEykx2Zq93NWEAxdrY2rt3d35QqXsn)), transactions count 2, content digest CheckpointContentsDigest(5BddyrPP5Aqu58HfkSpcjar1z2RqU54nB6VKBho8zknq), end_of_epoch_data None
[2m2025-03-25T07:55:47.350749Z[0m [32m INFO[0m [1mnode[0m[1m{[0m[3mname[0m[2m=[0mk#addeef94..[1m}[0m[2m:[0m [2mconsensus_core::commit_syncer[0m[2m:[0m [2mconsensus/core/src/commit_syncer.rs[0m[2m:[0m[2m196:[0m Checking to schedule fetches: synced_commit_index=175, highest_handled_index=175, highest_scheduled_index=0, quorum_commit_index=0, unhandled_commits_threshold=3200
[2m2025-03-25T07:55:47.351628Z[0m [32m INFO[0m [1mnode[0m[1m{[0m[3mname[0m[2m=[0mk#99f25ef6..[1m}[0m[2m:[0m [2msui_core::checkpoints::checkpoint_output[0m[2m:[0m [2mcrates/sui-core/src/checkpoints/checkpoint_output.rs[0m[2m:[0m[2m196:[0m Certified checkpoint with sequence 387 and digest 22FYuor8EEBBYHsEykx2Zq93NWEAxdrY2rt3d35QqXsn
[2m2025-03-25T07:55:47.352012Z[0m [32m INFO[0m [1mnode[0m[1m{[0m[3mname[0m[2m=[0mk#8dcff6d1..[1m}[0m[2m:[0m [2msui_core::checkpoints::checkpoint_output[0m[2m:[0m [2mcrates/sui-core/src/checkpoints/checkpoint_output.rs[0m[2m:[0m[2m196:[0m Certified checkpoint with sequence 387 and digest 22FYuor8EEBBYHsEykx2Zq93NWEAxdrY2rt3d35QqXsn
[2m2025-03-25T07:55:47.352116Z[0m [32m INFO[0m [1mnode[0m[1m{[0m[3mname[0m[2m=[0mk#99f25ef6..[1m}[0m[2m:[0m [2msui_core::checkpoints::checkpoint_executor[0m[2m:[0m [2mcrates/sui-core/src/checkpoints/checkpoint_executor/mod.rs[0m[2m:[0m[2m332:[0m Received checkpoint summary from state sync [3msequence_number[0m[2m=[0m387
[2m2025-03-25T07:55:47.352416Z[0m [32m INFO[0m [1mnode[0m[1m{[0m[3mname[0m[2m=[0mk#8dcff6d1..[1m}[0m[2m:[0m [2msui_core::checkpoints::checkpoint_executor[0m[2m:[0m [2mcrates/sui-core/src/checkpoints/checkpoint_executor/mod.rs[0m[2m:[0m[2m332:[0m Received checkpoint summary from state sync [3msequence_number[0m[2m=[0m387
[2m2025-03-25T07:55:47.353383Z[0m [32m INFO[0m [1mnode[0m[1m{[0m[3mname[0m[2m=[0mk#99f25ef6..[1m}[0m[2m:[0m [2msui_core::state_accumulator[0m[2m:[0m [2mcrates/sui-core/src/state_accumulator.rs[0m[2m:[0m[2m675:[0m accumulating running root for checkpoint 387
[2m2025-03-25T07:55:47.353385Z[0m [32m INFO[0m [1mnode[0m[1m{[0m[3mname[0m[2m=[0mk#8dcff6d1..[1m}[0m[2m:[0m [2msui_core::state_accumulator[0m[2m:[0m [2mcrates/sui-core/src/state_accumulator.rs[0m[2m:[0m[2m675:[0m accumulating running root for checkpoint 387
[2m2025-03-25T07:55:47.355555Z[0m [32m INFO[0m [1mnode[0m[1m{[0m[3mname[0m[2m=[0mk#addeef94..[1m}[0m[2m:[0m [2msui_core::checkpoints::checkpoint_executor[0m[2m:[0m [2mcrates/sui-core/src/checkpoints/checkpoint_executor/mod.rs[0m[2m:[0m[2m332:[0m Received checkpoint summary from state sync [3msequence_number[0m[2m=[0m387
[2m2025-03-25T07:55:47.356265Z[0m [32m INFO[0m [1mnode[0m[1m{[0m[3mname[0m[2m=[0mk#addeef94..[1m}[0m[2m:[0m [2msui_core::state_accumulator[0m[2m:[0m [2mcrates/sui-core/src/state_accumulator.rs[0m[2m:[0m[2m675:[0m accumulating running root for checkpoint 387
[2m2025-03-25T07:55:47.574219Z[0m [32m INFO[0m [1mnode[0m[1m{[0m[3mname[0m[2m=[0mk#99f25ef6..[1m}[0m[2m:[0m [2mconsensus_core::core[0m[2m:[0m [2mconsensus/core/src/core.rs[0m[2m:[0m[2m945:[0m Included 3 ancestors & excluded 0 ancestors for proposal in round 188
[2m2025-03-25T07:55:47.574622Z[0m [32m INFO[0m [1mnode[0m[1m{[0m[3mname[0m[2m=[0mk#99f25ef6..[1m}[0m[2m:[0m [2mconsensus_core::core[0m[2m:[0m [2mconsensus/core/src/core.rs[0m[2m:[0m[2m531:[0m Created block B188(B,MVE5926g4FSFyeW1SXCZ5ZKCIT7mrulMXic7I05OFmY=)(1742889347574ms;[B187(B,+eBfuW6nHjhrdgH7TbyWh0Ej4StA7epfuKdkLMVu2JU=), B187(A,awu2eOPaJ2pQw8Na79nqMhDB+nuuauRl5M4KzD0mTDk=), B187(C,jfBtsu4D255BDeAFihm+slJ6WodRdZX3Q+tdPDTj0SY=)];1t;1c) for round 188
[2m2025-03-25T07:55:47.576333Z[0m [32m INFO[0m [1mnode[0m[1m{[0m[3mname[0m[2m=[0mk#addeef94..[1m}[0m[2m:[0m [2mconsensus_core::core[0m[2m:[0m [2mconsensus/core/src/core.rs[0m[2m:[0m[2m945:[0m Included 3 ancestors & excluded 0 ancestors for proposal in round 188
[2m2025-03-25T07:55:47.576333Z[0m [32m INFO[0m [1mnode[0m[1m{[0m[3mname[0m[2m=[0mk#8dcff6d1..[1m}[0m[2m:[0m [2mconsensus_core::core[0m[2m:[0m [2mconsensus/core/src/core.rs[0m[2m:[0m[2m945:[0m Included 3 ancestors & excluded 0 ancestors for proposal in round 188
[2m2025-03-25T07:55:47.576635Z[0m [32m INFO[0m [1mnode[0m[1m{[0m[3mname[0m[2m=[0mk#addeef94..[1m}[0m[2m:[0m [2mconsensus_core::core[0m[2m:[0m [2mconsensus/core/src/core.rs[0m[2m:[0m[2m531:[0m Created block B188(C,T9gzc+auKbY28UB57/bgb7eA8p5kWciEgwAKnU6Y2zY=)(1742889347576ms;[B187(C,jfBtsu4D255BDeAFihm+slJ6WodRdZX3Q+tdPDTj0SY=), B187(A,awu2eOPaJ2pQw8Na79nqMhDB+nuuauRl5M4KzD0mTDk=), B187(B,+eBfuW6nHjhrdgH7TbyWh0Ej4StA7epfuKdkLMVu2JU=)];1t;1c) for round 188
[2m2025-03-25T07:55:47.576639Z[0m [32m INFO[0m [1mnode[0m[1m{[0m[3mname[0m[2m=[0mk#8dcff6d1..[1m}[0m[2m:[0m [2mconsensus_core::core[0m[2m:[0m [2mconsensus/core/src/core.rs[0m[2m:[0m[2m531:[0m Created block B188(A,lEq3qtKqU7J+JlHK5Kse1BYXE7yH0XUsSzu5KWyw/rw=)(1742889347576ms;[B187(A,awu2eOPaJ2pQw8Na79nqMhDB+nuuauRl5M4KzD0mTDk=), B187(B,+eBfuW6nHjhrdgH7TbyWh0Ej4StA7epfuKdkLMVu2JU=), B187(C,jfBtsu4D255BDeAFihm+slJ6WodRdZX3Q+tdPDTj0SY=)];1t;1c) for round 188
[2m2025-03-25T07:55:47.576783Z[0m [32m INFO[0m [1mnode[0m[1m{[0m[3mname[0m[2m=[0mk#addeef94..[1m}[0m[2m:[0m [2mconsensus_core::core[0m[2m:[0m [2mconsensus/core/src/core.rs[0m[2m:[0m[2m630:[0m Committing 1 leaders: B186(A,yiPK)
[2m2025-03-25T07:55:47.576875Z[0m [32m INFO[0m [1mnode[0m[1m{[0m[3mname[0m[2m=[0mk#addeef94..[1m}[0m[2m:[0m [2mconsensus_core::commit_observer[0m[2m:[0m [2mconsensus/core/src/commit_observer.rs[0m[2m:[0m[2m173:[0m Consensus commit C176(ut4t) with leader B186(A,yiPK) has 3 blocks
[2m2025-03-25T07:55:47.577189Z[0m [32m INFO[0m [1mnode[0m[1m{[0m[3mname[0m[2m=[0mk#addeef94..[1m}[0m[2m:[0m [2msui_core::consensus_handler[0m[2m:[0m [2mcrates/sui-core/src/consensus_handler.rs[0m[2m:[0m[2m232:[0m Received consensus output [3mconsensus_commit[0m[2m=[0mCommittedSubDag(leader=B186(A,yiPK), ref=C176(ut4t), blocks=[uGM1, eU9k, yiPK]) [3mepoch[0m[2m=[0m1
[2m2025-03-25T07:55:47.580365Z[0m [32m INFO[0m [1mnode[0m[1m{[0m[3mname[0m[2m=[0mk#8dcff6d1..[1m}[0m[2m:[0m [2msui_core::checkpoints::checkpoint_output[0m[2m:[0m [2mcrates/sui-core/src/checkpoints/checkpoint_output.rs[0m[2m:[0m[2m196:[0m Certified checkpoint with sequence 388 and digest CLmE4DR4pFpHr9aR4ziVUSQcXanu1Xi2BuqWNehGrktY
[2m2025-03-25T07:55:47.580478Z[0m [32m INFO[0m [1mnode[0m[1m{[0m[3mname[0m[2m=[0mk#8dcff6d1..[1m}[0m[2m:[0m [2mconsensus_core::core[0m[2m:[0m [2mconsensus/core/src/core.rs[0m[2m:[0m[2m630:[0m Committing 1 leaders: B186(A,yiPK)
[2m2025-03-25T07:55:47.580576Z[0m [32m INFO[0m [1mnode[0m[1m{[0m[3mname[0m[2m=[0mk#8dcff6d1..[1m}[0m[2m:[0m [2mconsensus_core::commit_observer[0m[2m:[0m [2mconsensus/core/src/commit_observer.rs[0m[2m:[0m[2m173:[0m Consensus commit C176(ut4t) with leader B186(A,yiPK) has 3 blocks
[2m2025-03-25T07:55:47.580676Z[0m [32m INFO[0m [1mnode[0m[1m{[0m[3mname[0m[2m=[0mk#99f25ef6..[1m}[0m[2m:[0m [2msui_core::checkpoints::checkpoint_output[0m[2m:[0m [2mcrates/sui-core/src/checkpoints/checkpoint_output.rs[0m[2m:[0m[2m196:[0m Certified checkpoint with sequence 388 and digest CLmE4DR4pFpHr9aR4ziVUSQcXanu1Xi2BuqWNehGrktY
[2m2025-03-25T07:55:47.580773Z[0m [32m INFO[0m [1mnode[0m[1m{[0m[3mname[0m[2m=[0mk#99f25ef6..[1m}[0m[2m:[0m [2mconsensus_core::core[0m[2m:[0m [2mconsensus/core/src/core.rs[0m[2m:[0m[2m630:[0m Committing 1 leaders: B186(A,yiPK)
[2m2025-03-25T07:55:47.580884Z[0m [32m INFO[0m [1mnode[0m[1m{[0m[3mname[0m[2m=[0mk#99f25ef6..[1m}[0m[2m:[0m [2mconsensus_core::commit_observer[0m[2m:[0m [2mconsensus/core/src/commit_observer.rs[0m[2m:[0m[2m173:[0m Consensus commit C176(ut4t) with leader B186(A,yiPK) has 3 blocks
[2m2025-03-25T07:55:47.581033Z[0m [32m INFO[0m [1mnode[0m[1m{[0m[3mname[0m[2m=[0mk#8dcff6d1..[1m}[0m[2m:[0m [2msui_core::consensus_handler[0m[2m:[0m [2mcrates/sui-core/src/consensus_handler.rs[0m[2m:[0m[2m232:[0m Received consensus output [3mconsensus_commit[0m[2m=[0mCommittedSubDag(leader=B186(A,yiPK), ref=C176(ut4t), blocks=[uGM1, eU9k, yiPK]) [3mepoch[0m[2m=[0m1
[2m2025-03-25T07:55:47.581268Z[0m [32m INFO[0m [1mnode[0m[1m{[0m[3mname[0m[2m=[0mk#99f25ef6..[1m}[0m[2m:[0m [2msui_core::consensus_handler[0m[2m:[0m [2mcrates/sui-core/src/consensus_handler.rs[0m[2m:[0m[2m232:[0m Received consensus output [3mconsensus_commit[0m[2m=[0mCommittedSubDag(leader=B186(A,yiPK), ref=C176(ut4t), blocks=[uGM1, eU9k, yiPK]) [3mepoch[0m[2m=[0m1
[2m2025-03-25T07:55:47.581648Z[0m [32m INFO[0m [1mnode[0m[1m{[0m[3mname[0m[2m=[0mk#8dcff6d1..[1m}[0m[2m:[0m [2msui_core::checkpoints::checkpoint_executor[0m[2m:[0m [2mcrates/sui-core/src/checkpoints/checkpoint_executor/mod.rs[0m[2m:[0m[2m332:[0m Received checkpoint summary from state sync [3msequence_number[0m[2m=[0m388
[2m2025-03-25T07:55:47.581839Z[0m [32m INFO[0m [1mnode[0m[1m{[0m[3mname[0m[2m=[0mk#99f25ef6..[1m}[0m[2m:[0m [2msui_core::checkpoints::checkpoint_executor[0m[2m:[0m [2mcrates/sui-core/src/checkpoints/checkpoint_executor/mod.rs[0m[2m:[0m[2m332:[0m Received checkpoint summary from state sync [3msequence_number[0m[2m=[0m388
[2m2025-03-25T07:55:47.595342Z[0m [32m INFO[0m [1mnode[0m[1m{[0m[3mname[0m[2m=[0mk#99f25ef6..[1m}[0m[2m:[0m [2msui_core::state_accumulator[0m[2m:[0m [2mcrates/sui-core/src/state_accumulator.rs[0m[2m:[0m[2m675:[0m accumulating running root for checkpoint 388
[2m2025-03-25T07:55:47.595339Z[0m [32m INFO[0m [1mnode[0m[1m{[0m[3mname[0m[2m=[0mk#8dcff6d1..[1m}[0m[2m:[0m [2msui_core::state_accumulator[0m[2m:[0m [2mcrates/sui-core/src/state_accumulator.rs[0m[2m:[0m[2m675:[0m accumulating running root for checkpoint 388
[2m2025-03-25T07:55:47.621569Z[0m [32m INFO[0m [1mnode[0m[1m{[0m[3mname[0m[2m=[0mk#addeef94..[1m}[0m[2m:[0m [2msui_core::checkpoints[0m[2m:[0m [2mcrates/sui-core/src/checkpoints/mod.rs[0m[2m:[0m[2m1326:[0m Creating checkpoint(s) for 1 transactions [3mnext_checkpoint_seq[0m[2m=[0m389 [3mcheckpoint_timestamp[0m[2m=[0m1742889347063
[2m2025-03-25T07:55:47.621796Z[0m [32m INFO[0m [1mnode[0m[1m{[0m[3mname[0m[2m=[0mk#addeef94..[1m}[0m[2m:[0m [2msui_core::checkpoints::checkpoint_output[0m[2m:[0m [2mcrates/sui-core/src/checkpoints/checkpoint_output.rs[0m[2m:[0m[2m149:[0m Creating checkpoint CheckpointDigest(E3BvXvX2PYhhYo5NeZZBiauqXTcwiuxG3PewCkEUPseo) at epoch 1, sequence 389, previous digest Some(CheckpointDigest(CLmE4DR4pFpHr9aR4ziVUSQcXanu1Xi2BuqWNehGrktY)), transactions count 1, content digest CheckpointContentsDigest(DmZ3WHh8oRLEZhHt9XmB2Fg1CusqaZQhxY6JETig93ED), end_of_epoch_data None
[2m2025-03-25T07:55:47.627006Z[0m [32m INFO[0m [1mnode[0m[1m{[0m[3mname[0m[2m=[0mk#99f25ef6..[1m}[0m[2m:[0m [2msui_core::checkpoints[0m[2m:[0m [2mcrates/sui-core/src/checkpoints/mod.rs[0m[2m:[0m[2m1326:[0m Creating checkpoint(s) for 1 transactions [3mnext_checkpoint_seq[0m[2m=[0m389 [3mcheckpoint_timestamp[0m[2m=[0m1742889347063
[2m2025-03-25T07:55:47.627008Z[0m [32m INFO[0m [1mnode[0m[1m{[0m[3mname[0m[2m=[0mk#8dcff6d1..[1m}[0m[2m:[0m [2msui_core::checkpoints[0m[2m:[0m [2mcrates/sui-core/src/checkpoints/mod.rs[0m[2m:[0m[2m1326:[0m Creating checkpoint(s) for 1 transactions [3mnext_checkpoint_seq[0m[2m=[0m389 [3mcheckpoint_timestamp[0m[2m=[0m1742889347063
[2m2025-03-25T07:55:47.627188Z[0m [32m INFO[0m [1mnode[0m[1m{[0m[3mname[0m[2m=[0mk#99f25ef6..[1m}[0m[2m:[0m [2msui_core::checkpoints::checkpoint_output[0m[2m:[0m [2mcrates/sui-core/src/checkpoints/checkpoint_output.rs[0m[2m:[0m[2m149:[0m Creating checkpoint CheckpointDigest(E3BvXvX2PYhhYo5NeZZBiauqXTcwiuxG3PewCkEUPseo) at epoch 1, sequence 389, previous digest Some(CheckpointDigest(CLmE4DR4pFpHr9aR4ziVUSQcXanu1Xi2BuqWNehGrktY)), transactions count 1, content digest CheckpointContentsDigest(DmZ3WHh8oRLEZhHt9XmB2Fg1CusqaZQhxY6JETig93ED), end_of_epoch_data None
[2m2025-03-25T07:55:47.627188Z[0m [32m INFO[0m [1mnode[0m[1m{[0m[3mname[0m[2m=[0mk#8dcff6d1..[1m}[0m[2m:[0m [2msui_core::checkpoints::checkpoint_output[0m[2m:[0m [2mcrates/sui-core/src/checkpoints/checkpoint_output.rs[0m[2m:[0m[2m149:[0m Creating checkpoint CheckpointDigest(E3BvXvX2PYhhYo5NeZZBiauqXTcwiuxG3PewCkEUPseo) at epoch 1, sequence 389, previous digest Some(CheckpointDigest(CLmE4DR4pFpHr9aR4ziVUSQcXanu1Xi2BuqWNehGrktY)), transactions count 1, content digest CheckpointContentsDigest(DmZ3WHh8oRLEZhHt9XmB2Fg1CusqaZQhxY6JETig93ED), end_of_epoch_data None
[2m2025-03-25T07:55:47.644896Z[0m [32m INFO[0m [1mnode[0m[1m{[0m[3mname[0m[2m=[0mk#addeef94..[1m}[0m[2m:[0m [2msui_core::checkpoints::checkpoint_executor[0m[2m:[0m [2mcrates/sui-core/src/checkpoints/checkpoint_executor/mod.rs[0m[2m:[0m[2m332:[0m Received checkpoint summary from state sync [3msequence_number[0m[2m=[0m388
[2m2025-03-25T07:55:47.691585Z[0m [32m INFO[0m [1mnode[0m[1m{[0m[3mname[0m[2m=[0mk#addeef94..[1m}[0m[2m:[0m [2msui_core::state_accumulator[0m[2m:[0m [2mcrates/sui-core/src/state_accumulator.rs[0m[2m:[0m[2m675:[0m accumulating running root for checkpoint 388
[2m2025-03-25T07:55:47.754307Z[0m [32m INFO[0m [1mnode[0m[1m{[0m[3mname[0m[2m=[0mk#b3f3cbb4..[1m}[0m[2m:[0m[1mjson-rpc-request[0m[2m:[0m[1mdev_inspect_transaction_block[0m[1m{[0m[3msender_address[0m[2m=[0m0x0000000000000000000000000000000000000000000000000000000000000000 [3mtx_bytes[0m[2m=[0mBase64("AAMBAQAAAAAAAAAAAAAAAAAAAAAAAAAAAAAAAAAAAAAAAAAJAQAAAAAAAAABAAEMAAgAAAAAAAAAAAEAAAAAAAAAAAAAAAAAAAAAAAAAAAAAAAAAAAAAAAAAAAsGYnJpZGdlIGdldF90b2tlbl90cmFuc2Zlcl9hY3Rpb25fc3RhdHVzAAMBAAABAQABAgA=") [3mgas_price[0m[2m=[0mNone [3m_epoch[0m[2m=[0mNone [3madditional_args[0m[2m=[0mNone[1m}[0m[2m:[0m [2msui_json_rpc::transaction_execution_api[0m[2m:[0m [2mcrates/sui-json-rpc/src/transaction_execution_api.rs[0m[2m:[0m[2m351:[0m RPC took longer than threshold to complete. [3melapsed[0m[2m=[0m1.537395042s
[2m2025-03-25T07:55:47.755192Z[0m [32m INFO[0m [2msui_bridge::e2e_tests::test_utils[0m[2m:[0m [2mcrates/sui-bridge/src/e2e_tests/test_utils.rs[0m[2m:[0m[2m1452:[0m get_token_transfer_action_onchain_status_until_success took 1.574254041s, status: NotFound
[2m2025-03-25T07:55:47.769963Z[0m [32m INFO[0m [1mnode[0m[1m{[0m[3mname[0m[2m=[0mk#b3f3cbb4..[1m}[0m[2m:[0m [2msui_core::checkpoints::checkpoint_executor[0m[2m:[0m [2mcrates/sui-core/src/checkpoints/checkpoint_executor/mod.rs[0m[2m:[0m[2m332:[0m Received checkpoint summary from state sync [3msequence_number[0m[2m=[0m383
[2m2025-03-25T07:55:47.770134Z[0m [32m INFO[0m [1mnode[0m[1m{[0m[3mname[0m[2m=[0mk#b3f3cbb4..[1m}[0m[2m:[0m [2msui_core::checkpoints::checkpoint_executor[0m[2m:[0m [2mcrates/sui-core/src/checkpoints/checkpoint_executor/mod.rs[0m[2m:[0m[2m332:[0m Received checkpoint summary from state sync [3msequence_number[0m[2m=[0m384
[2m2025-03-25T07:55:47.770175Z[0m [32m INFO[0m [1mnode[0m[1m{[0m[3mname[0m[2m=[0mk#b3f3cbb4..[1m}[0m[2m:[0m [2msui_core::checkpoints::checkpoint_executor[0m[2m:[0m [2mcrates/sui-core/src/checkpoints/checkpoint_executor/mod.rs[0m[2m:[0m[2m332:[0m Received checkpoint summary from state sync [3msequence_number[0m[2m=[0m385
[2m2025-03-25T07:55:47.829248Z[0m [32m INFO[0m [1mnode[0m[1m{[0m[3mname[0m[2m=[0mk#addeef94..[1m}[0m[2m:[0m [2mconsensus_core::core[0m[2m:[0m [2mconsensus/core/src/core.rs[0m[2m:[0m[2m945:[0m Included 3 ancestors & excluded 0 ancestors for proposal in round 189
[2m2025-03-25T07:55:47.829612Z[0m [32m INFO[0m [1mnode[0m[1m{[0m[3mname[0m[2m=[0mk#addeef94..[1m}[0m[2m:[0m [2mconsensus_core::core[0m[2m:[0m [2mconsensus/core/src/core.rs[0m[2m:[0m[2m531:[0m Created block B189(C,ERLf2MMogukz1umrTSMvbExE//HQtBwXWuRE2fT8osY=)(1742889347829ms;[B188(C,T9gzc+auKbY28UB57/bgb7eA8p5kWciEgwAKnU6Y2zY=), B188(A,lEq3qtKqU7J+JlHK5Kse1BYXE7yH0XUsSzu5KWyw/rw=), B188(B,MVE5926g4FSFyeW1SXCZ5ZKCIT7mrulMXic7I05OFmY=)];1t;1c) for round 189
[2m2025-03-25T07:55:47.831521Z[0m [32m INFO[0m [1mnode[0m[1m{[0m[3mname[0m[2m=[0mk#8dcff6d1..[1m}[0m[2m:[0m [2mconsensus_core::core[0m[2m:[0m [2mconsensus/core/src/core.rs[0m[2m:[0m[2m945:[0m Included 3 ancestors & excluded 0 ancestors for proposal in round 189
[2m2025-03-25T07:55:47.831809Z[0m [32m INFO[0m [1mnode[0m[1m{[0m[3mname[0m[2m=[0mk#8dcff6d1..[1m}[0m[2m:[0m [2mconsensus_core::core[0m[2m:[0m [2mconsensus/core/src/core.rs[0m[2m:[0m[2m531:[0m Created block B189(A,20nWq0547ngH42NkNm+v5s57c2fcZjcXcEvNpjkS4G8=)(1742889347831ms;[B188(A,lEq3qtKqU7J+JlHK5Kse1BYXE7yH0XUsSzu5KWyw/rw=), B188(B,MVE5926g4FSFyeW1SXCZ5ZKCIT7mrulMXic7I05OFmY=), B188(C,T9gzc+auKbY28UB57/bgb7eA8p5kWciEgwAKnU6Y2zY=)];1t;1c) for round 189
[2m2025-03-25T07:55:47.831878Z[0m [32m INFO[0m [1mnode[0m[1m{[0m[3mname[0m[2m=[0mk#8dcff6d1..[1m}[0m[2m:[0m [2mconsensus_core::core[0m[2m:[0m [2mconsensus/core/src/core.rs[0m[2m:[0m[2m630:[0m Committing 1 leaders: B187(B,+eBf)
[2m2025-03-25T07:55:47.831948Z[0m [32m INFO[0m [1mnode[0m[1m{[0m[3mname[0m[2m=[0mk#8dcff6d1..[1m}[0m[2m:[0m [2mconsensus_core::commit_observer[0m[2m:[0m [2mconsensus/core/src/commit_observer.rs[0m[2m:[0m[2m173:[0m Consensus commit C177(SCFF) with leader B187(B,+eBf) has 3 blocks
[2m2025-03-25T07:55:47.832034Z[0m [32m INFO[0m [1mnode[0m[1m{[0m[3mname[0m[2m=[0mk#8dcff6d1..[1m}[0m[2m:[0m [2msui_core::consensus_handler[0m[2m:[0m [2mcrates/sui-core/src/consensus_handler.rs[0m[2m:[0m[2m232:[0m Received consensus output [3mconsensus_commit[0m[2m=[0mCommittedSubDag(leader=B187(B,+eBf), ref=C177(SCFF), blocks=[8CNB, XtZz, +eBf]) [3mepoch[0m[2m=[0m1
[2m2025-03-25T07:55:47.832639Z[0m [32m INFO[0m [1mnode[0m[1m{[0m[3mname[0m[2m=[0mk#99f25ef6..[1m}[0m[2m:[0m [2mconsensus_core::core[0m[2m:[0m [2mconsensus/core/src/core.rs[0m[2m:[0m[2m945:[0m Included 3 ancestors & excluded 0 ancestors for proposal in round 189
[2m2025-03-25T07:55:47.832927Z[0m [32m INFO[0m [1mnode[0m[1m{[0m[3mname[0m[2m=[0mk#99f25ef6..[1m}[0m[2m:[0m [2mconsensus_core::core[0m[2m:[0m [2mconsensus/core/src/core.rs[0m[2m:[0m[2m531:[0m Created block B189(B,kopNGxPd94HwukiwbiqAXgHlM8L6ML0jIDMujcgngnE=)(1742889347832ms;[B188(B,MVE5926g4FSFyeW1SXCZ5ZKCIT7mrulMXic7I05OFmY=), B188(A,lEq3qtKqU7J+JlHK5Kse1BYXE7yH0XUsSzu5KWyw/rw=), B188(C,T9gzc+auKbY28UB57/bgb7eA8p5kWciEgwAKnU6Y2zY=)];1t;1c) for round 189
[2m2025-03-25T07:55:47.832992Z[0m [32m INFO[0m [1mnode[0m[1m{[0m[3mname[0m[2m=[0mk#99f25ef6..[1m}[0m[2m:[0m [2mconsensus_core::core[0m[2m:[0m [2mconsensus/core/src/core.rs[0m[2m:[0m[2m630:[0m Committing 1 leaders: B187(B,+eBf)
[2m2025-03-25T07:55:47.833059Z[0m [32m INFO[0m [1mnode[0m[1m{[0m[3mname[0m[2m=[0mk#99f25ef6..[1m}[0m[2m:[0m [2mconsensus_core::commit_observer[0m[2m:[0m [2mconsensus/core/src/commit_observer.rs[0m[2m:[0m[2m173:[0m Consensus commit C177(SCFF) with leader B187(B,+eBf) has 3 blocks
[2m2025-03-25T07:55:47.833140Z[0m [32m INFO[0m [1mnode[0m[1m{[0m[3mname[0m[2m=[0mk#99f25ef6..[1m}[0m[2m:[0m [2msui_core::consensus_handler[0m[2m:[0m [2mcrates/sui-core/src/consensus_handler.rs[0m[2m:[0m[2m232:[0m Received consensus output [3mconsensus_commit[0m[2m=[0mCommittedSubDag(leader=B187(B,+eBf), ref=C177(SCFF), blocks=[8CNB, XtZz, +eBf]) [3mepoch[0m[2m=[0m1
[2m2025-03-25T07:55:47.834274Z[0m [32m INFO[0m [1mnode[0m[1m{[0m[3mname[0m[2m=[0mk#addeef94..[1m}[0m[2m:[0m [2mconsensus_core::core[0m[2m:[0m [2mconsensus/core/src/core.rs[0m[2m:[0m[2m630:[0m Committing 1 leaders: B187(B,+eBf)
[2m2025-03-25T07:55:47.834382Z[0m [32m INFO[0m [1mnode[0m[1m{[0m[3mname[0m[2m=[0mk#addeef94..[1m}[0m[2m:[0m [2mconsensus_core::commit_observer[0m[2m:[0m [2mconsensus/core/src/commit_observer.rs[0m[2m:[0m[2m173:[0m Consensus commit C177(SCFF) with leader B187(B,+eBf) has 3 blocks
[2m2025-03-25T07:55:47.834456Z[0m [32m INFO[0m [1mnode[0m[1m{[0m[3mname[0m[2m=[0mk#addeef94..[1m}[0m[2m:[0m [2msui_core::consensus_handler[0m[2m:[0m [2mcrates/sui-core/src/consensus_handler.rs[0m[2m:[0m[2m232:[0m Received consensus output [3mconsensus_commit[0m[2m=[0mCommittedSubDag(leader=B187(B,+eBf), ref=C177(SCFF), blocks=[8CNB, XtZz, +eBf]) [3mepoch[0m[2m=[0m1
[2m2025-03-25T07:55:47.850292Z[0m [32m INFO[0m [1mnode[0m[1m{[0m[3mname[0m[2m=[0mk#b3f3cbb4..[1m}[0m[2m:[0m [2msui_core::state_accumulator[0m[2m:[0m [2mcrates/sui-core/src/state_accumulator.rs[0m[2m:[0m[2m675:[0m accumulating running root for checkpoint 383
[2m2025-03-25T07:55:47.858554Z[0m [32m INFO[0m [1mnode[0m[1m{[0m[3mname[0m[2m=[0mk#8dcff6d1..[1m}[0m[2m:[0m [2msui_core::checkpoints[0m[2m:[0m [2mcrates/sui-core/src/checkpoints/mod.rs[0m[2m:[0m[2m1326:[0m Creating checkpoint(s) for 2 transactions [3mnext_checkpoint_seq[0m[2m=[0m390 [3mcheckpoint_timestamp[0m[2m=[0m1742889347321
[2m2025-03-25T07:55:47.858866Z[0m [32m INFO[0m [1mnode[0m[1m{[0m[3mname[0m[2m=[0mk#8dcff6d1..[1m}[0m[2m:[0m [2msui_core::checkpoints::checkpoint_output[0m[2m:[0m [2mcrates/sui-core/src/checkpoints/checkpoint_output.rs[0m[2m:[0m[2m149:[0m Creating checkpoint CheckpointDigest(8C7uFiddNexH3NrFm8sLCghNcFToS7u5tQ7xPwA8y5ib) at epoch 1, sequence 390, previous digest Some(CheckpointDigest(E3BvXvX2PYhhYo5NeZZBiauqXTcwiuxG3PewCkEUPseo)), transactions count 2, content digest CheckpointContentsDigest(FQxRScqtKArtuQXv1GFATarXEKkZV9p5PBwyGAy8L7xL), end_of_epoch_data None
[2m2025-03-25T07:55:47.859249Z[0m [32m INFO[0m [1mnode[0m[1m{[0m[3mname[0m[2m=[0mk#99f25ef6..[1m}[0m[2m:[0m [2msui_core::checkpoints[0m[2m:[0m [2mcrates/sui-core/src/checkpoints/mod.rs[0m[2m:[0m[2m1326:[0m Creating checkpoint(s) for 2 transactions [3mnext_checkpoint_seq[0m[2m=[0m390 [3mcheckpoint_timestamp[0m[2m=[0m1742889347321
[2m2025-03-25T07:55:47.859502Z[0m [32m INFO[0m [1mnode[0m[1m{[0m[3mname[0m[2m=[0mk#99f25ef6..[1m}[0m[2m:[0m [2msui_core::checkpoints::checkpoint_output[0m[2m:[0m [2mcrates/sui-core/src/checkpoints/checkpoint_output.rs[0m[2m:[0m[2m149:[0m Creating checkpoint CheckpointDigest(8C7uFiddNexH3NrFm8sLCghNcFToS7u5tQ7xPwA8y5ib) at epoch 1, sequence 390, previous digest Some(CheckpointDigest(E3BvXvX2PYhhYo5NeZZBiauqXTcwiuxG3PewCkEUPseo)), transactions count 2, content digest CheckpointContentsDigest(FQxRScqtKArtuQXv1GFATarXEKkZV9p5PBwyGAy8L7xL), end_of_epoch_data None
[2m2025-03-25T07:55:47.860560Z[0m [32m INFO[0m [1mnode[0m[1m{[0m[3mname[0m[2m=[0mk#addeef94..[1m}[0m[2m:[0m [2msui_core::checkpoints[0m[2m:[0m [2mcrates/sui-core/src/checkpoints/mod.rs[0m[2m:[0m[2m1326:[0m Creating checkpoint(s) for 2 transactions [3mnext_checkpoint_seq[0m[2m=[0m390 [3mcheckpoint_timestamp[0m[2m=[0m1742889347321
[2m2025-03-25T07:55:47.860805Z[0m [32m INFO[0m [1mnode[0m[1m{[0m[3mname[0m[2m=[0mk#addeef94..[1m}[0m[2m:[0m [2msui_core::checkpoints::checkpoint_output[0m[2m:[0m [2mcrates/sui-core/src/checkpoints/checkpoint_output.rs[0m[2m:[0m[2m149:[0m Creating checkpoint CheckpointDigest(8C7uFiddNexH3NrFm8sLCghNcFToS7u5tQ7xPwA8y5ib) at epoch 1, sequence 390, previous digest Some(CheckpointDigest(E3BvXvX2PYhhYo5NeZZBiauqXTcwiuxG3PewCkEUPseo)), transactions count 2, content digest CheckpointContentsDigest(FQxRScqtKArtuQXv1GFATarXEKkZV9p5PBwyGAy8L7xL), end_of_epoch_data None
[2m2025-03-25T07:55:47.861998Z[0m [32m INFO[0m [1mnode[0m[1m{[0m[3mname[0m[2m=[0mk#8dcff6d1..[1m}[0m[2m:[0m [2msui_core::checkpoints::checkpoint_output[0m[2m:[0m [2mcrates/sui-core/src/checkpoints/checkpoint_output.rs[0m[2m:[0m[2m196:[0m Certified checkpoint with sequence 389 and digest E3BvXvX2PYhhYo5NeZZBiauqXTcwiuxG3PewCkEUPseo
[2m2025-03-25T07:55:47.862372Z[0m [32m INFO[0m [1mnode[0m[1m{[0m[3mname[0m[2m=[0mk#99f25ef6..[1m}[0m[2m:[0m [2msui_core::checkpoints::checkpoint_output[0m[2m:[0m [2mcrates/sui-core/src/checkpoints/checkpoint_output.rs[0m[2m:[0m[2m196:[0m Certified checkpoint with sequence 389 and digest E3BvXvX2PYhhYo5NeZZBiauqXTcwiuxG3PewCkEUPseo
[2m2025-03-25T07:55:47.862465Z[0m [32m INFO[0m [1mnode[0m[1m{[0m[3mname[0m[2m=[0mk#8dcff6d1..[1m}[0m[2m:[0m [2msui_core::checkpoints::checkpoint_executor[0m[2m:[0m [2mcrates/sui-core/src/checkpoints/checkpoint_executor/mod.rs[0m[2m:[0m[2m332:[0m Received checkpoint summary from state sync [3msequence_number[0m[2m=[0m389
[2m2025-03-25T07:55:47.862763Z[0m [32m INFO[0m [1mnode[0m[1m{[0m[3mname[0m[2m=[0mk#99f25ef6..[1m}[0m[2m:[0m [2msui_core::checkpoints::checkpoint_executor[0m[2m:[0m [2mcrates/sui-core/src/checkpoints/checkpoint_executor/mod.rs[0m[2m:[0m[2m332:[0m Received checkpoint summary from state sync [3msequence_number[0m[2m=[0m389
[2m2025-03-25T07:55:47.863627Z[0m [32m INFO[0m [1mnode[0m[1m{[0m[3mname[0m[2m=[0mk#8dcff6d1..[1m}[0m[2m:[0m [2msui_core::state_accumulator[0m[2m:[0m [2mcrates/sui-core/src/state_accumulator.rs[0m[2m:[0m[2m675:[0m accumulating running root for checkpoint 389
[2m2025-03-25T07:55:47.863676Z[0m [32m INFO[0m [1mnode[0m[1m{[0m[3mname[0m[2m=[0mk#99f25ef6..[1m}[0m[2m:[0m [2msui_core::state_accumulator[0m[2m:[0m [2mcrates/sui-core/src/state_accumulator.rs[0m[2m:[0m[2m675:[0m accumulating running root for checkpoint 389
[2m2025-03-25T07:55:47.865769Z[0m [32m INFO[0m [1mnode[0m[1m{[0m[3mname[0m[2m=[0mk#addeef94..[1m}[0m[2m:[0m [2msui_core::checkpoints::checkpoint_executor[0m[2m:[0m [2mcrates/sui-core/src/checkpoints/checkpoint_executor/mod.rs[0m[2m:[0m[2m332:[0m Received checkpoint summary from state sync [3msequence_number[0m[2m=[0m389
[2m2025-03-25T07:55:47.866464Z[0m [32m INFO[0m [1mnode[0m[1m{[0m[3mname[0m[2m=[0mk#addeef94..[1m}[0m[2m:[0m [2msui_core::state_accumulator[0m[2m:[0m [2mcrates/sui-core/src/state_accumulator.rs[0m[2m:[0m[2m675:[0m accumulating running root for checkpoint 389
[2m2025-03-25T07:55:47.885930Z[0m [32m INFO[0m [1mnode[0m[1m{[0m[3mname[0m[2m=[0mk#b3f3cbb4..[1m}[0m[2m:[0m [2msui_core::state_accumulator[0m[2m:[0m [2mcrates/sui-core/src/state_accumulator.rs[0m[2m:[0m[2m675:[0m accumulating running root for checkpoint 384
[2m2025-03-25T07:55:47.910832Z[0m [32m INFO[0m [1mnode[0m[1m{[0m[3mname[0m[2m=[0mk#b3f3cbb4..[1m}[0m[2m:[0m [2msui_core::state_accumulator[0m[2m:[0m [2mcrates/sui-core/src/state_accumulator.rs[0m[2m:[0m[2m675:[0m accumulating running root for checkpoint 385
[2m2025-03-25T07:55:47.913379Z[0m [32m INFO[0m [1mnode[0m[1m{[0m[3mname[0m[2m=[0mk#b3f3cbb4..[1m}[0m[2m:[0m [2msui_core::checkpoints::checkpoint_executor[0m[2m:[0m [2mcrates/sui-core/src/checkpoints/checkpoint_executor/mod.rs[0m[2m:[0m[2m332:[0m Received checkpoint summary from state sync [3msequence_number[0m[2m=[0m386
[2m2025-03-25T07:55:47.913542Z[0m [32m INFO[0m [1mnode[0m[1m{[0m[3mname[0m[2m=[0mk#b3f3cbb4..[1m}[0m[2m:[0m [2msui_core::checkpoints::checkpoint_executor[0m[2m:[0m [2mcrates/sui-core/src/checkpoints/checkpoint_executor/mod.rs[0m[2m:[0m[2m332:[0m Received checkpoint summary from state sync [3msequence_number[0m[2m=[0m387
[2m2025-03-25T07:55:47.913586Z[0m [32m INFO[0m [1mnode[0m[1m{[0m[3mname[0m[2m=[0mk#b3f3cbb4..[1m}[0m[2m:[0m [2msui_core::checkpoints::checkpoint_executor[0m[2m:[0m [2mcrates/sui-core/src/checkpoints/checkpoint_executor/mod.rs[0m[2m:[0m[2m332:[0m Received checkpoint summary from state sync [3msequence_number[0m[2m=[0m388
[2m2025-03-25T07:55:48.004004Z[0m [32m INFO[0m [1mnode[0m[1m{[0m[3mname[0m[2m=[0mk#b3f3cbb4..[1m}[0m[2m:[0m [2msui_core::state_accumulator[0m[2m:[0m [2mcrates/sui-core/src/state_accumulator.rs[0m[2m:[0m[2m675:[0m accumulating running root for checkpoint 386
[2m2025-03-25T07:55:48.081303Z[0m [32m INFO[0m [1mnode[0m[1m{[0m[3mname[0m[2m=[0mk#b3f3cbb4..[1m}[0m[2m:[0m [2msui_core::state_accumulator[0m[2m:[0m [2mcrates/sui-core/src/state_accumulator.rs[0m[2m:[0m[2m675:[0m accumulating running root for checkpoint 387
[2m2025-03-25T07:55:48.085057Z[0m [32m INFO[0m [1mnode[0m[1m{[0m[3mname[0m[2m=[0mk#8dcff6d1..[1m}[0m[2m:[0m [2mconsensus_core::core[0m[2m:[0m [2mconsensus/core/src/core.rs[0m[2m:[0m[2m945:[0m Included 3 ancestors & excluded 0 ancestors for proposal in round 190
[2m2025-03-25T07:55:48.085157Z[0m [32m INFO[0m [1mnode[0m[1m{[0m[3mname[0m[2m=[0mk#99f25ef6..[1m}[0m[2m:[0m [2mconsensus_core::core[0m[2m:[0m [2mconsensus/core/src/core.rs[0m[2m:[0m[2m945:[0m Included 3 ancestors & excluded 0 ancestors for proposal in round 190
[2m2025-03-25T07:55:48.085411Z[0m [32m INFO[0m [1mnode[0m[1m{[0m[3mname[0m[2m=[0mk#8dcff6d1..[1m}[0m[2m:[0m [2mconsensus_core::core[0m[2m:[0m [2mconsensus/core/src/core.rs[0m[2m:[0m[2m531:[0m Created block B190(A,UWyFMnO5d5X+h9ZTFO9SJAIFydBPMUTsIc6X7OhLgqA=)(1742889348085ms;[B189(A,20nWq0547ngH42NkNm+v5s57c2fcZjcXcEvNpjkS4G8=), B189(B,kopNGxPd94HwukiwbiqAXgHlM8L6ML0jIDMujcgngnE=), B189(C,ERLf2MMogukz1umrTSMvbExE//HQtBwXWuRE2fT8osY=)];1t;1c) for round 190
[2m2025-03-25T07:55:48.085449Z[0m [32m INFO[0m [1mnode[0m[1m{[0m[3mname[0m[2m=[0mk#99f25ef6..[1m}[0m[2m:[0m [2mconsensus_core::core[0m[2m:[0m [2mconsensus/core/src/core.rs[0m[2m:[0m[2m531:[0m Created block B190(B,cVTZV/AqWGgyC3QP1XmtgLGbzzCiQJL4seFgmAANCJU=)(1742889348085ms;[B189(B,kopNGxPd94HwukiwbiqAXgHlM8L6ML0jIDMujcgngnE=), B189(A,20nWq0547ngH42NkNm+v5s57c2fcZjcXcEvNpjkS4G8=), B189(C,ERLf2MMogukz1umrTSMvbExE//HQtBwXWuRE2fT8osY=)];1t;1c) for round 190
[2m2025-03-25T07:55:48.088161Z[0m [32m INFO[0m [1mnode[0m[1m{[0m[3mname[0m[2m=[0mk#addeef94..[1m}[0m[2m:[0m [2mconsensus_core::core[0m[2m:[0m [2mconsensus/core/src/core.rs[0m[2m:[0m[2m945:[0m Included 3 ancestors & excluded 0 ancestors for proposal in round 190
[2m2025-03-25T07:55:48.088434Z[0m [32m INFO[0m [1mnode[0m[1m{[0m[3mname[0m[2m=[0mk#addeef94..[1m}[0m[2m:[0m [2mconsensus_core::core[0m[2m:[0m [2mconsensus/core/src/core.rs[0m[2m:[0m[2m531:[0m Created block B190(C,fZccPTwTMUh33rnfbOKknPTvVY+vdwzvtUFtipHafTM=)(1742889348088ms;[B189(C,ERLf2MMogukz1umrTSMvbExE//HQtBwXWuRE2fT8osY=), B189(A,20nWq0547ngH42NkNm+v5s57c2fcZjcXcEvNpjkS4G8=), B189(B,kopNGxPd94HwukiwbiqAXgHlM8L6ML0jIDMujcgngnE=)];1t;1c) for round 190
[2m2025-03-25T07:55:48.088565Z[0m [32m INFO[0m [1mnode[0m[1m{[0m[3mname[0m[2m=[0mk#addeef94..[1m}[0m[2m:[0m [2mconsensus_core::core[0m[2m:[0m [2mconsensus/core/src/core.rs[0m[2m:[0m[2m630:[0m Committing 1 leaders: B188(C,T9gz)
[2m2025-03-25T07:55:48.088649Z[0m [32m INFO[0m [1mnode[0m[1m{[0m[3mname[0m[2m=[0mk#addeef94..[1m}[0m[2m:[0m [2mconsensus_core::commit_observer[0m[2m:[0m [2mconsensus/core/src/commit_observer.rs[0m[2m:[0m[2m173:[0m Consensus commit C178(MO5n) with leader B188(C,T9gz) has 3 blocks
[2m2025-03-25T07:55:48.089080Z[0m [32m INFO[0m [1mnode[0m[1m{[0m[3mname[0m[2m=[0mk#addeef94..[1m}[0m[2m:[0m [2msui_core::consensus_handler[0m[2m:[0m [2mcrates/sui-core/src/consensus_handler.rs[0m[2m:[0m[2m232:[0m Received consensus output [3mconsensus_commit[0m[2m=[0mCommittedSubDag(leader=B188(C,T9gz), ref=C178(MO5n), blocks=[awu2, jfBt, T9gz]) [3mepoch[0m[2m=[0m1
[2m2025-03-25T07:55:48.092078Z[0m [32m INFO[0m [1mnode[0m[1m{[0m[3mname[0m[2m=[0mk#8dcff6d1..[1m}[0m[2m:[0m [2msui_core::checkpoints::checkpoint_output[0m[2m:[0m [2mcrates/sui-core/src/checkpoints/checkpoint_output.rs[0m[2m:[0m[2m196:[0m Certified checkpoint with sequence 390 and digest 8C7uFiddNexH3NrFm8sLCghNcFToS7u5tQ7xPwA8y5ib
[2m2025-03-25T07:55:48.092081Z[0m [32m INFO[0m [1mnode[0m[1m{[0m[3mname[0m[2m=[0mk#99f25ef6..[1m}[0m[2m:[0m [2msui_core::checkpoints::checkpoint_output[0m[2m:[0m [2mcrates/sui-core/src/checkpoints/checkpoint_output.rs[0m[2m:[0m[2m196:[0m Certified checkpoint with sequence 390 and digest 8C7uFiddNexH3NrFm8sLCghNcFToS7u5tQ7xPwA8y5ib
[2m2025-03-25T07:55:48.092182Z[0m [32m INFO[0m [1mnode[0m[1m{[0m[3mname[0m[2m=[0mk#99f25ef6..[1m}[0m[2m:[0m [2mconsensus_core::core[0m[2m:[0m [2mconsensus/core/src/core.rs[0m[2m:[0m[2m630:[0m Committing 1 leaders: B188(C,T9gz)
[2m2025-03-25T07:55:48.092182Z[0m [32m INFO[0m [1mnode[0m[1m{[0m[3mname[0m[2m=[0mk#8dcff6d1..[1m}[0m[2m:[0m [2mconsensus_core::core[0m[2m:[0m [2mconsensus/core/src/core.rs[0m[2m:[0m[2m630:[0m Committing 1 leaders: B188(C,T9gz)
[2m2025-03-25T07:55:48.092285Z[0m [32m INFO[0m [1mnode[0m[1m{[0m[3mname[0m[2m=[0mk#8dcff6d1..[1m}[0m[2m:[0m [2mconsensus_core::commit_observer[0m[2m:[0m [2mconsensus/core/src/commit_observer.rs[0m[2m:[0m[2m173:[0m Consensus commit C178(MO5n) with leader B188(C,T9gz) has 3 blocks
[2m2025-03-25T07:55:48.092286Z[0m [32m INFO[0m [1mnode[0m[1m{[0m[3mname[0m[2m=[0mk#99f25ef6..[1m}[0m[2m:[0m [2mconsensus_core::commit_observer[0m[2m:[0m [2mconsensus/core/src/commit_observer.rs[0m[2m:[0m[2m173:[0m Consensus commit C178(MO5n) with leader B188(C,T9gz) has 3 blocks
[2m2025-03-25T07:55:48.092703Z[0m [32m INFO[0m [1mnode[0m[1m{[0m[3mname[0m[2m=[0mk#8dcff6d1..[1m}[0m[2m:[0m [2msui_core::consensus_handler[0m[2m:[0m [2mcrates/sui-core/src/consensus_handler.rs[0m[2m:[0m[2m232:[0m Received consensus output [3mconsensus_commit[0m[2m=[0mCommittedSubDag(leader=B188(C,T9gz), ref=C178(MO5n), blocks=[awu2, jfBt, T9gz]) [3mepoch[0m[2m=[0m1
[2m2025-03-25T07:55:48.092703Z[0m [32m INFO[0m [1mnode[0m[1m{[0m[3mname[0m[2m=[0mk#99f25ef6..[1m}[0m[2m:[0m [2msui_core::consensus_handler[0m[2m:[0m [2mcrates/sui-core/src/consensus_handler.rs[0m[2m:[0m[2m232:[0m Received consensus output [3mconsensus_commit[0m[2m=[0mCommittedSubDag(leader=B188(C,T9gz), ref=C178(MO5n), blocks=[awu2, jfBt, T9gz]) [3mepoch[0m[2m=[0m1
[2m2025-03-25T07:55:48.093309Z[0m [32m INFO[0m [1mnode[0m[1m{[0m[3mname[0m[2m=[0mk#8dcff6d1..[1m}[0m[2m:[0m [2msui_core::checkpoints::checkpoint_executor[0m[2m:[0m [2mcrates/sui-core/src/checkpoints/checkpoint_executor/mod.rs[0m[2m:[0m[2m332:[0m Received checkpoint summary from state sync [3msequence_number[0m[2m=[0m390
[2m2025-03-25T07:55:48.093309Z[0m [32m INFO[0m [1mnode[0m[1m{[0m[3mname[0m[2m=[0mk#99f25ef6..[1m}[0m[2m:[0m [2msui_core::checkpoints::checkpoint_executor[0m[2m:[0m [2mcrates/sui-core/src/checkpoints/checkpoint_executor/mod.rs[0m[2m:[0m[2m332:[0m Received checkpoint summary from state sync [3msequence_number[0m[2m=[0m390
[2m2025-03-25T07:55:48.106904Z[0m [32m INFO[0m [1mnode[0m[1m{[0m[3mname[0m[2m=[0mk#99f25ef6..[1m}[0m[2m:[0m [2msui_core::state_accumulator[0m[2m:[0m [2mcrates/sui-core/src/state_accumulator.rs[0m[2m:[0m[2m675:[0m accumulating running root for checkpoint 390
[2m2025-03-25T07:55:48.106900Z[0m [32m INFO[0m [1mnode[0m[1m{[0m[3mname[0m[2m=[0mk#8dcff6d1..[1m}[0m[2m:[0m [2msui_core::state_accumulator[0m[2m:[0m [2mcrates/sui-core/src/state_accumulator.rs[0m[2m:[0m[2m675:[0m accumulating running root for checkpoint 390
[2m2025-03-25T07:55:48.117623Z[0m [32m INFO[0m [1mnode[0m[1m{[0m[3mname[0m[2m=[0mk#b3f3cbb4..[1m}[0m[2m:[0m [2msui_core::state_accumulator[0m[2m:[0m [2mcrates/sui-core/src/state_accumulator.rs[0m[2m:[0m[2m675:[0m accumulating running root for checkpoint 388
[2m2025-03-25T07:55:48.119018Z[0m [32m INFO[0m [1mnode[0m[1m{[0m[3mname[0m[2m=[0mk#b3f3cbb4..[1m}[0m[2m:[0m [2msui_core::checkpoints::checkpoint_executor[0m[2m:[0m [2mcrates/sui-core/src/checkpoints/checkpoint_executor/mod.rs[0m[2m:[0m[2m332:[0m Received checkpoint summary from state sync [3msequence_number[0m[2m=[0m389
[2m2025-03-25T07:55:48.134007Z[0m [32m INFO[0m [1mnode[0m[1m{[0m[3mname[0m[2m=[0mk#addeef94..[1m}[0m[2m:[0m [2msui_core::checkpoints[0m[2m:[0m [2mcrates/sui-core/src/checkpoints/mod.rs[0m[2m:[0m[2m1326:[0m Creating checkpoint(s) for 1 transactions [3mnext_checkpoint_seq[0m[2m=[0m391 [3mcheckpoint_timestamp[0m[2m=[0m1742889347576
[2m2025-03-25T07:55:48.134223Z[0m [32m INFO[0m [1mnode[0m[1m{[0m[3mname[0m[2m=[0mk#addeef94..[1m}[0m[2m:[0m [2msui_core::checkpoints::checkpoint_output[0m[2m:[0m [2mcrates/sui-core/src/checkpoints/checkpoint_output.rs[0m[2m:[0m[2m149:[0m Creating checkpoint CheckpointDigest(6fT4asRuBCq7YMfyMhQav7qf12UMRes35Wq333VXT1oJ) at epoch 1, sequence 391, previous digest Some(CheckpointDigest(8C7uFiddNexH3NrFm8sLCghNcFToS7u5tQ7xPwA8y5ib)), transactions count 1, content digest CheckpointContentsDigest(GNebMAYNw6isg6W3jnuoXTR2DBW6JYP1mNoaFb7oY6Dn), end_of_epoch_data None
[2m2025-03-25T07:55:48.139061Z[0m [32m INFO[0m [1mnode[0m[1m{[0m[3mname[0m[2m=[0mk#8dcff6d1..[1m}[0m[2m:[0m [2msui_core::checkpoints[0m[2m:[0m [2mcrates/sui-core/src/checkpoints/mod.rs[0m[2m:[0m[2m1326:[0m Creating checkpoint(s) for 1 transactions [3mnext_checkpoint_seq[0m[2m=[0m391 [3mcheckpoint_timestamp[0m[2m=[0m1742889347576
[2m2025-03-25T07:55:48.139241Z[0m [32m INFO[0m [1mnode[0m[1m{[0m[3mname[0m[2m=[0mk#8dcff6d1..[1m}[0m[2m:[0m [2msui_core::checkpoints::checkpoint_output[0m[2m:[0m [2mcrates/sui-core/src/checkpoints/checkpoint_output.rs[0m[2m:[0m[2m149:[0m Creating checkpoint CheckpointDigest(6fT4asRuBCq7YMfyMhQav7qf12UMRes35Wq333VXT1oJ) at epoch 1, sequence 391, previous digest Some(CheckpointDigest(8C7uFiddNexH3NrFm8sLCghNcFToS7u5tQ7xPwA8y5ib)), transactions count 1, content digest CheckpointContentsDigest(GNebMAYNw6isg6W3jnuoXTR2DBW6JYP1mNoaFb7oY6Dn), end_of_epoch_data None
[2m2025-03-25T07:55:48.139392Z[0m [32m INFO[0m [1mnode[0m[1m{[0m[3mname[0m[2m=[0mk#99f25ef6..[1m}[0m[2m:[0m [2msui_core::checkpoints[0m[2m:[0m [2mcrates/sui-core/src/checkpoints/mod.rs[0m[2m:[0m[2m1326:[0m Creating checkpoint(s) for 1 transactions [3mnext_checkpoint_seq[0m[2m=[0m391 [3mcheckpoint_timestamp[0m[2m=[0m1742889347576
[2m2025-03-25T07:55:48.139559Z[0m [32m INFO[0m [1mnode[0m[1m{[0m[3mname[0m[2m=[0mk#99f25ef6..[1m}[0m[2m:[0m [2msui_core::checkpoints::checkpoint_output[0m[2m:[0m [2mcrates/sui-core/src/checkpoints/checkpoint_output.rs[0m[2m:[0m[2m149:[0m Creating checkpoint CheckpointDigest(6fT4asRuBCq7YMfyMhQav7qf12UMRes35Wq333VXT1oJ) at epoch 1, sequence 391, previous digest Some(CheckpointDigest(8C7uFiddNexH3NrFm8sLCghNcFToS7u5tQ7xPwA8y5ib)), transactions count 1, content digest CheckpointContentsDigest(GNebMAYNw6isg6W3jnuoXTR2DBW6JYP1mNoaFb7oY6Dn), end_of_epoch_data None
[2m2025-03-25T07:55:48.146832Z[0m [32m INFO[0m [1mnode[0m[1m{[0m[3mname[0m[2m=[0mk#b3f3cbb4..[1m}[0m[2m:[0m [2msui_core::state_accumulator[0m[2m:[0m [2mcrates/sui-core/src/state_accumulator.rs[0m[2m:[0m[2m675:[0m accumulating running root for checkpoint 389
[2m2025-03-25T07:55:48.200456Z[0m [32m INFO[0m [1mnode[0m[1m{[0m[3mname[0m[2m=[0mk#addeef94..[1m}[0m[2m:[0m [2msui_core::checkpoints::checkpoint_executor[0m[2m:[0m [2mcrates/sui-core/src/checkpoints/checkpoint_executor/mod.rs[0m[2m:[0m[2m332:[0m Received checkpoint summary from state sync [3msequence_number[0m[2m=[0m390
[2m2025-03-25T07:55:48.201917Z[0m [32m INFO[0m [1mnode[0m[1m{[0m[3mname[0m[2m=[0mk#addeef94..[1m}[0m[2m:[0m [2msui_core::state_accumulator[0m[2m:[0m [2mcrates/sui-core/src/state_accumulator.rs[0m[2m:[0m[2m675:[0m accumulating running root for checkpoint 390
[2m2025-03-25T07:55:48.206907Z[0m [32m INFO[0m [1mnode[0m[1m{[0m[3mname[0m[2m=[0mk#b3f3cbb4..[1m}[0m[2m:[0m [2msui_core::checkpoints::checkpoint_executor[0m[2m:[0m [2mcrates/sui-core/src/checkpoints/checkpoint_executor/mod.rs[0m[2m:[0m[2m332:[0m Received checkpoint summary from state sync [3msequence_number[0m[2m=[0m390
[2m2025-03-25T07:55:48.297494Z[0m [32m INFO[0m [1mnode[0m[1m{[0m[3mname[0m[2m=[0mk#b3f3cbb4..[1m}[0m[2m:[0m [2msui_core::state_accumulator[0m[2m:[0m [2mcrates/sui-core/src/state_accumulator.rs[0m[2m:[0m[2m675:[0m accumulating running root for checkpoint 390
[2m2025-03-25T07:55:48.341499Z[0m [32m INFO[0m [1mnode[0m[1m{[0m[3mname[0m[2m=[0mk#addeef94..[1m}[0m[2m:[0m [2mconsensus_core::core[0m[2m:[0m [2mconsensus/core/src/core.rs[0m[2m:[0m[2m945:[0m Included 3 ancestors & excluded 0 ancestors for proposal in round 191
[2m2025-03-25T07:55:48.341887Z[0m [32m INFO[0m [1mnode[0m[1m{[0m[3mname[0m[2m=[0mk#addeef94..[1m}[0m[2m:[0m [2mconsensus_core::core[0m[2m:[0m [2mconsensus/core/src/core.rs[0m[2m:[0m[2m531:[0m Created block B191(C,luRMyVFTacJ1vr2E/moaXsln2V5CJn7lt9xWx/6Enzs=)(1742889348341ms;[B190(C,fZccPTwTMUh33rnfbOKknPTvVY+vdwzvtUFtipHafTM=), B190(A,UWyFMnO5d5X+h9ZTFO9SJAIFydBPMUTsIc6X7OhLgqA=), B190(B,cVTZV/AqWGgyC3QP1XmtgLGbzzCiQJL4seFgmAANCJU=)];1t;1c) for round 191
[2m2025-03-25T07:55:48.343849Z[0m [32m INFO[0m [1mnode[0m[1m{[0m[3mname[0m[2m=[0mk#99f25ef6..[1m}[0m[2m:[0m [2mconsensus_core::core[0m[2m:[0m [2mconsensus/core/src/core.rs[0m[2m:[0m[2m945:[0m Included 3 ancestors & excluded 0 ancestors for proposal in round 191
[2m2025-03-25T07:55:48.343849Z[0m [32m INFO[0m [1mnode[0m[1m{[0m[3mname[0m[2m=[0mk#8dcff6d1..[1m}[0m[2m:[0m [2mconsensus_core::core[0m[2m:[0m [2mconsensus/core/src/core.rs[0m[2m:[0m[2m945:[0m Included 3 ancestors & excluded 0 ancestors for proposal in round 191
[2m2025-03-25T07:55:48.344134Z[0m [32m INFO[0m [1mnode[0m[1m{[0m[3mname[0m[2m=[0mk#99f25ef6..[1m}[0m[2m:[0m [2mconsensus_core::core[0m[2m:[0m [2mconsensus/core/src/core.rs[0m[2m:[0m[2m531:[0m Created block B191(B,zUW0kIxepk1WeSwttmIkFYP/y2d2mpyNRfkuQBUCVXY=)(1742889348343ms;[B190(B,cVTZV/AqWGgyC3QP1XmtgLGbzzCiQJL4seFgmAANCJU=), B190(A,UWyFMnO5d5X+h9ZTFO9SJAIFydBPMUTsIc6X7OhLgqA=), B190(C,fZccPTwTMUh33rnfbOKknPTvVY+vdwzvtUFtipHafTM=)];1t;1c) for round 191
[2m2025-03-25T07:55:48.344138Z[0m [32m INFO[0m [1mnode[0m[1m{[0m[3mname[0m[2m=[0mk#8dcff6d1..[1m}[0m[2m:[0m [2mconsensus_core::core[0m[2m:[0m [2mconsensus/core/src/core.rs[0m[2m:[0m[2m531:[0m Created block B191(A,Do8e1zeajPcJngG2yQ4C3mAI1jfb0AEzcnWtD4MWlXA=)(1742889348343ms;[B190(A,UWyFMnO5d5X+h9ZTFO9SJAIFydBPMUTsIc6X7OhLgqA=), B190(B,cVTZV/AqWGgyC3QP1XmtgLGbzzCiQJL4seFgmAANCJU=), B190(C,fZccPTwTMUh33rnfbOKknPTvVY+vdwzvtUFtipHafTM=)];1t;1c) for round 191
[2m2025-03-25T07:55:48.344205Z[0m [32m INFO[0m [1mnode[0m[1m{[0m[3mname[0m[2m=[0mk#99f25ef6..[1m}[0m[2m:[0m [2mconsensus_core::core[0m[2m:[0m [2mconsensus/core/src/core.rs[0m[2m:[0m[2m630:[0m Committing 1 leaders: B189(C,ERLf)
[2m2025-03-25T07:55:48.344205Z[0m [32m INFO[0m [1mnode[0m[1m{[0m[3mname[0m[2m=[0mk#8dcff6d1..[1m}[0m[2m:[0m [2mconsensus_core::core[0m[2m:[0m [2mconsensus/core/src/core.rs[0m[2m:[0m[2m630:[0m Committing 1 leaders: B189(C,ERLf)
[2m2025-03-25T07:55:48.344275Z[0m [32m INFO[0m [1mnode[0m[1m{[0m[3mname[0m[2m=[0mk#99f25ef6..[1m}[0m[2m:[0m [2mconsensus_core::commit_observer[0m[2m:[0m [2mconsensus/core/src/commit_observer.rs[0m[2m:[0m[2m173:[0m Consensus commit C179(U1Hr) with leader B189(C,ERLf) has 3 blocks
[2m2025-03-25T07:55:48.344275Z[0m [32m INFO[0m [1mnode[0m[1m{[0m[3mname[0m[2m=[0mk#8dcff6d1..[1m}[0m[2m:[0m [2mconsensus_core::commit_observer[0m[2m:[0m [2mconsensus/core/src/commit_observer.rs[0m[2m:[0m[2m173:[0m Consensus commit C179(U1Hr) with leader B189(C,ERLf) has 3 blocks
[2m2025-03-25T07:55:48.344364Z[0m [32m INFO[0m [1mnode[0m[1m{[0m[3mname[0m[2m=[0mk#99f25ef6..[1m}[0m[2m:[0m [2msui_core::consensus_handler[0m[2m:[0m [2mcrates/sui-core/src/consensus_handler.rs[0m[2m:[0m[2m232:[0m Received consensus output [3mconsensus_commit[0m[2m=[0mCommittedSubDag(leader=B189(C,ERLf), ref=C179(U1Hr), blocks=[lEq3, MVE5, ERLf]) [3mepoch[0m[2m=[0m1
[2m2025-03-25T07:55:48.344364Z[0m [32m INFO[0m [1mnode[0m[1m{[0m[3mname[0m[2m=[0mk#8dcff6d1..[1m}[0m[2m:[0m [2msui_core::consensus_handler[0m[2m:[0m [2mcrates/sui-core/src/consensus_handler.rs[0m[2m:[0m[2m232:[0m Received consensus output [3mconsensus_commit[0m[2m=[0mCommittedSubDag(leader=B189(C,ERLf), ref=C179(U1Hr), blocks=[lEq3, MVE5, ERLf]) [3mepoch[0m[2m=[0m1
[2m2025-03-25T07:55:48.348036Z[0m [32m INFO[0m [1mnode[0m[1m{[0m[3mname[0m[2m=[0mk#addeef94..[1m}[0m[2m:[0m [2mconsensus_core::core[0m[2m:[0m [2mconsensus/core/src/core.rs[0m[2m:[0m[2m630:[0m Committing 1 leaders: B189(C,ERLf)
[2m2025-03-25T07:55:48.348136Z[0m [32m INFO[0m [1mnode[0m[1m{[0m[3mname[0m[2m=[0mk#addeef94..[1m}[0m[2m:[0m [2mconsensus_core::commit_observer[0m[2m:[0m [2mconsensus/core/src/commit_observer.rs[0m[2m:[0m[2m173:[0m Consensus commit C179(U1Hr) with leader B189(C,ERLf) has 3 blocks
[2m2025-03-25T07:55:48.348268Z[0m [32m INFO[0m [1mnode[0m[1m{[0m[3mname[0m[2m=[0mk#addeef94..[1m}[0m[2m:[0m [2msui_core::consensus_handler[0m[2m:[0m [2mcrates/sui-core/src/consensus_handler.rs[0m[2m:[0m[2m232:[0m Received consensus output [3mconsensus_commit[0m[2m=[0mCommittedSubDag(leader=B189(C,ERLf), ref=C179(U1Hr), blocks=[lEq3, MVE5, ERLf]) [3mepoch[0m[2m=[0m1
[2m2025-03-25T07:55:48.371202Z[0m [32m INFO[0m [1mnode[0m[1m{[0m[3mname[0m[2m=[0mk#99f25ef6..[1m}[0m[2m:[0m [2msui_core::checkpoints[0m[2m:[0m [2mcrates/sui-core/src/checkpoints/mod.rs[0m[2m:[0m[2m1326:[0m Creating checkpoint(s) for 2 transactions [3mnext_checkpoint_seq[0m[2m=[0m392 [3mcheckpoint_timestamp[0m[2m=[0m1742889347829
[2m2025-03-25T07:55:48.371214Z[0m [32m INFO[0m [1mnode[0m[1m{[0m[3mname[0m[2m=[0mk#8dcff6d1..[1m}[0m[2m:[0m [2msui_core::checkpoints[0m[2m:[0m [2mcrates/sui-core/src/checkpoints/mod.rs[0m[2m:[0m[2m1326:[0m Creating checkpoint(s) for 2 transactions [3mnext_checkpoint_seq[0m[2m=[0m392 [3mcheckpoint_timestamp[0m[2m=[0m1742889347829
[2m2025-03-25T07:55:48.371523Z[0m [32m INFO[0m [1mnode[0m[1m{[0m[3mname[0m[2m=[0mk#99f25ef6..[1m}[0m[2m:[0m [2msui_core::checkpoints::checkpoint_output[0m[2m:[0m [2mcrates/sui-core/src/checkpoints/checkpoint_output.rs[0m[2m:[0m[2m149:[0m Creating checkpoint CheckpointDigest(CYGES8Cv7vmjQgNQH4K39aoejRkpy3hzsSpJryGHZLKj) at epoch 1, sequence 392, previous digest Some(CheckpointDigest(6fT4asRuBCq7YMfyMhQav7qf12UMRes35Wq333VXT1oJ)), transactions count 2, content digest CheckpointContentsDigest(3Zv9jMKWerM94EAuFFJZ4BDpk2cJsbXUjMG8PeWcxH9H), end_of_epoch_data None
[2m2025-03-25T07:55:48.371523Z[0m [32m INFO[0m [1mnode[0m[1m{[0m[3mname[0m[2m=[0mk#8dcff6d1..[1m}[0m[2m:[0m [2msui_core::checkpoints::checkpoint_output[0m[2m:[0m [2mcrates/sui-core/src/checkpoints/checkpoint_output.rs[0m[2m:[0m[2m149:[0m Creating checkpoint CheckpointDigest(CYGES8Cv7vmjQgNQH4K39aoejRkpy3hzsSpJryGHZLKj) at epoch 1, sequence 392, previous digest Some(CheckpointDigest(6fT4asRuBCq7YMfyMhQav7qf12UMRes35Wq333VXT1oJ)), transactions count 2, content digest CheckpointContentsDigest(3Zv9jMKWerM94EAuFFJZ4BDpk2cJsbXUjMG8PeWcxH9H), end_of_epoch_data None
[2m2025-03-25T07:55:48.374383Z[0m [32m INFO[0m [1mnode[0m[1m{[0m[3mname[0m[2m=[0mk#addeef94..[1m}[0m[2m:[0m [2msui_core::checkpoints[0m[2m:[0m [2mcrates/sui-core/src/checkpoints/mod.rs[0m[2m:[0m[2m1326:[0m Creating checkpoint(s) for 2 transactions [3mnext_checkpoint_seq[0m[2m=[0m392 [3mcheckpoint_timestamp[0m[2m=[0m1742889347829
[2m2025-03-25T07:55:48.374635Z[0m [32m INFO[0m [1mnode[0m[1m{[0m[3mname[0m[2m=[0mk#8dcff6d1..[1m}[0m[2m:[0m [2msui_core::checkpoints::checkpoint_output[0m[2m:[0m [2mcrates/sui-core/src/checkpoints/checkpoint_output.rs[0m[2m:[0m[2m196:[0m Certified checkpoint with sequence 391 and digest 6fT4asRuBCq7YMfyMhQav7qf12UMRes35Wq333VXT1oJ
[2m2025-03-25T07:55:48.374638Z[0m [32m INFO[0m [1mnode[0m[1m{[0m[3mname[0m[2m=[0mk#99f25ef6..[1m}[0m[2m:[0m [2msui_core::checkpoints::checkpoint_output[0m[2m:[0m [2mcrates/sui-core/src/checkpoints/checkpoint_output.rs[0m[2m:[0m[2m196:[0m Certified checkpoint with sequence 391 and digest 6fT4asRuBCq7YMfyMhQav7qf12UMRes35Wq333VXT1oJ
[2m2025-03-25T07:55:48.374631Z[0m [32m INFO[0m [1mnode[0m[1m{[0m[3mname[0m[2m=[0mk#addeef94..[1m}[0m[2m:[0m [2msui_core::checkpoints::checkpoint_output[0m[2m:[0m [2mcrates/sui-core/src/checkpoints/checkpoint_output.rs[0m[2m:[0m[2m149:[0m Creating checkpoint CheckpointDigest(CYGES8Cv7vmjQgNQH4K39aoejRkpy3hzsSpJryGHZLKj) at epoch 1, sequence 392, previous digest Some(CheckpointDigest(6fT4asRuBCq7YMfyMhQav7qf12UMRes35Wq333VXT1oJ)), transactions count 2, content digest CheckpointContentsDigest(3Zv9jMKWerM94EAuFFJZ4BDpk2cJsbXUjMG8PeWcxH9H), end_of_epoch_data None
[2m2025-03-25T07:55:48.375105Z[0m [32m INFO[0m [1mnode[0m[1m{[0m[3mname[0m[2m=[0mk#99f25ef6..[1m}[0m[2m:[0m [2msui_core::checkpoints::checkpoint_executor[0m[2m:[0m [2mcrates/sui-core/src/checkpoints/checkpoint_executor/mod.rs[0m[2m:[0m[2m332:[0m Received checkpoint summary from state sync [3msequence_number[0m[2m=[0m391
[2m2025-03-25T07:55:48.375105Z[0m [32m INFO[0m [1mnode[0m[1m{[0m[3mname[0m[2m=[0mk#8dcff6d1..[1m}[0m[2m:[0m [2msui_core::checkpoints::checkpoint_executor[0m[2m:[0m [2mcrates/sui-core/src/checkpoints/checkpoint_executor/mod.rs[0m[2m:[0m[2m332:[0m Received checkpoint summary from state sync [3msequence_number[0m[2m=[0m391
[2m2025-03-25T07:55:48.376251Z[0m [32m INFO[0m [1mnode[0m[1m{[0m[3mname[0m[2m=[0mk#99f25ef6..[1m}[0m[2m:[0m [2msui_core::state_accumulator[0m[2m:[0m [2mcrates/sui-core/src/state_accumulator.rs[0m[2m:[0m[2m675:[0m accumulating running root for checkpoint 391
[2m2025-03-25T07:55:48.376261Z[0m [32m INFO[0m [1mnode[0m[1m{[0m[3mname[0m[2m=[0mk#8dcff6d1..[1m}[0m[2m:[0m [2msui_core::state_accumulator[0m[2m:[0m [2mcrates/sui-core/src/state_accumulator.rs[0m[2m:[0m[2m675:[0m accumulating running root for checkpoint 391
[2m2025-03-25T07:55:48.378145Z[0m [32m INFO[0m [1mnode[0m[1m{[0m[3mname[0m[2m=[0mk#addeef94..[1m}[0m[2m:[0m [2msui_core::checkpoints::checkpoint_executor[0m[2m:[0m [2mcrates/sui-core/src/checkpoints/checkpoint_executor/mod.rs[0m[2m:[0m[2m332:[0m Received checkpoint summary from state sync [3msequence_number[0m[2m=[0m391
[2m2025-03-25T07:55:48.378867Z[0m [32m INFO[0m [1mnode[0m[1m{[0m[3mname[0m[2m=[0mk#addeef94..[1m}[0m[2m:[0m [2msui_core::state_accumulator[0m[2m:[0m [2mcrates/sui-core/src/state_accumulator.rs[0m[2m:[0m[2m675:[0m accumulating running root for checkpoint 391
[2m2025-03-25T07:55:48.379084Z[0m [32m INFO[0m [1mnode[0m[1m{[0m[3mname[0m[2m=[0mk#b3f3cbb4..[1m}[0m[2m:[0m [2msui_core::checkpoints::checkpoint_executor[0m[2m:[0m [2mcrates/sui-core/src/checkpoints/checkpoint_executor/mod.rs[0m[2m:[0m[2m332:[0m Received checkpoint summary from state sync [3msequence_number[0m[2m=[0m391
[2m2025-03-25T07:55:48.404848Z[0m [32m INFO[0m [1mnode[0m[1m{[0m[3mname[0m[2m=[0mk#b3f3cbb4..[1m}[0m[2m:[0m [2msui_core::state_accumulator[0m[2m:[0m [2mcrates/sui-core/src/state_accumulator.rs[0m[2m:[0m[2m675:[0m accumulating running root for checkpoint 391
[2m2025-03-25T07:55:48.597237Z[0m [32m INFO[0m [1mnode[0m[1m{[0m[3mname[0m[2m=[0mk#99f25ef6..[1m}[0m[2m:[0m [2mconsensus_core::core[0m[2m:[0m [2mconsensus/core/src/core.rs[0m[2m:[0m[2m945:[0m Included 3 ancestors & excluded 0 ancestors for proposal in round 192
[2m2025-03-25T07:55:48.597237Z[0m [32m INFO[0m [1mnode[0m[1m{[0m[3mname[0m[2m=[0mk#8dcff6d1..[1m}[0m[2m:[0m [2mconsensus_core::core[0m[2m:[0m [2mconsensus/core/src/core.rs[0m[2m:[0m[2m945:[0m Included 3 ancestors & excluded 0 ancestors for proposal in round 192
[2m2025-03-25T07:55:48.598948Z[0m [32m INFO[0m [1mnode[0m[1m{[0m[3mname[0m[2m=[0mk#8dcff6d1..[1m}[0m[2m:[0m [2mconsensus_core::core[0m[2m:[0m [2mconsensus/core/src/core.rs[0m[2m:[0m[2m531:[0m Created block B192(A,AQYA0wtYq0knzqJh+h2oY+XLXSoUb/D7kmtAaxZiczo=)(1742889348597ms;[B191(A,Do8e1zeajPcJngG2yQ4C3mAI1jfb0AEzcnWtD4MWlXA=), B191(B,zUW0kIxepk1WeSwttmIkFYP/y2d2mpyNRfkuQBUCVXY=), B191(C,luRMyVFTacJ1vr2E/moaXsln2V5CJn7lt9xWx/6Enzs=)];1t;1c) for round 192
[2m2025-03-25T07:55:48.598948Z[0m [32m INFO[0m [1mnode[0m[1m{[0m[3mname[0m[2m=[0mk#99f25ef6..[1m}[0m[2m:[0m [2mconsensus_core::core[0m[2m:[0m [2mconsensus/core/src/core.rs[0m[2m:[0m[2m531:[0m Created block B192(B,ygdvI4AbUi4HFzho5Ri47dAnGpfqjsdkf66ty0utQlg=)(1742889348597ms;[B191(B,zUW0kIxepk1WeSwttmIkFYP/y2d2mpyNRfkuQBUCVXY=), B191(A,Do8e1zeajPcJngG2yQ4C3mAI1jfb0AEzcnWtD4MWlXA=), B191(C,luRMyVFTacJ1vr2E/moaXsln2V5CJn7lt9xWx/6Enzs=)];1t;1c) for round 192
[2m2025-03-25T07:55:48.612449Z[0m [32m INFO[0m [1mnode[0m[1m{[0m[3mname[0m[2m=[0mk#addeef94..[1m}[0m[2m:[0m [2mconsensus_core::core[0m[2m:[0m [2mconsensus/core/src/core.rs[0m[2m:[0m[2m945:[0m Included 3 ancestors & excluded 0 ancestors for proposal in round 192
[2m2025-03-25T07:55:48.613362Z[0m [32m INFO[0m [1mnode[0m[1m{[0m[3mname[0m[2m=[0mk#addeef94..[1m}[0m[2m:[0m [2mconsensus_core::core[0m[2m:[0m [2mconsensus/core/src/core.rs[0m[2m:[0m[2m531:[0m Created block B192(C,RN37vPRXUfWYDunW0kwwDW3vhgNfponTzmr0iwG72Kw=)(1742889348612ms;[B191(C,luRMyVFTacJ1vr2E/moaXsln2V5CJn7lt9xWx/6Enzs=), B191(A,Do8e1zeajPcJngG2yQ4C3mAI1jfb0AEzcnWtD4MWlXA=), B191(B,zUW0kIxepk1WeSwttmIkFYP/y2d2mpyNRfkuQBUCVXY=)];1t;1c) for round 192
[2m2025-03-25T07:55:48.613775Z[0m [32m INFO[0m [1mnode[0m[1m{[0m[3mname[0m[2m=[0mk#addeef94..[1m}[0m[2m:[0m [2mconsensus_core::core[0m[2m:[0m [2mconsensus/core/src/core.rs[0m[2m:[0m[2m630:[0m Committing 1 leaders: B190(B,cVTZ)
[2m2025-03-25T07:55:48.614006Z[0m [32m INFO[0m [1mnode[0m[1m{[0m[3mname[0m[2m=[0mk#addeef94..[1m}[0m[2m:[0m [2mconsensus_core::commit_observer[0m[2m:[0m [2mconsensus/core/src/commit_observer.rs[0m[2m:[0m[2m173:[0m Consensus commit C180(7yGi) with leader B190(B,cVTZ) has 3 blocks
[2m2025-03-25T07:55:48.615195Z[0m [32m INFO[0m [1mnode[0m[1m{[0m[3mname[0m[2m=[0mk#addeef94..[1m}[0m[2m:[0m [2msui_core::consensus_handler[0m[2m:[0m [2mcrates/sui-core/src/consensus_handler.rs[0m[2m:[0m[2m232:[0m Received consensus output [3mconsensus_commit[0m[2m=[0mCommittedSubDag(leader=B190(B,cVTZ), ref=C180(7yGi), blocks=[20nW, kopN, cVTZ]) [3mepoch[0m[2m=[0m1
[2m2025-03-25T07:55:48.622048Z[0m [32m INFO[0m [1mnode[0m[1m{[0m[3mname[0m[2m=[0mk#8dcff6d1..[1m}[0m[2m:[0m [2msui_core::checkpoints::checkpoint_output[0m[2m:[0m [2mcrates/sui-core/src/checkpoints/checkpoint_output.rs[0m[2m:[0m[2m196:[0m Certified checkpoint with sequence 392 and digest CYGES8Cv7vmjQgNQH4K39aoejRkpy3hzsSpJryGHZLKj
[2m2025-03-25T07:55:48.622053Z[0m [32m INFO[0m [1mnode[0m[1m{[0m[3mname[0m[2m=[0mk#99f25ef6..[1m}[0m[2m:[0m [2msui_core::checkpoints::checkpoint_output[0m[2m:[0m [2mcrates/sui-core/src/checkpoints/checkpoint_output.rs[0m[2m:[0m[2m196:[0m Certified checkpoint with sequence 392 and digest CYGES8Cv7vmjQgNQH4K39aoejRkpy3hzsSpJryGHZLKj
[2m2025-03-25T07:55:48.622278Z[0m [32m INFO[0m [1mnode[0m[1m{[0m[3mname[0m[2m=[0mk#99f25ef6..[1m}[0m[2m:[0m [2mconsensus_core::core[0m[2m:[0m [2mconsensus/core/src/core.rs[0m[2m:[0m[2m630:[0m Committing 1 leaders: B190(B,cVTZ)
[2m2025-03-25T07:55:48.622279Z[0m [32m INFO[0m [1mnode[0m[1m{[0m[3mname[0m[2m=[0mk#8dcff6d1..[1m}[0m[2m:[0m [2mconsensus_core::core[0m[2m:[0m [2mconsensus/core/src/core.rs[0m[2m:[0m[2m630:[0m Committing 1 leaders: B190(B,cVTZ)
[2m2025-03-25T07:55:48.622482Z[0m [32m INFO[0m [1mnode[0m[1m{[0m[3mname[0m[2m=[0mk#8dcff6d1..[1m}[0m[2m:[0m [2mconsensus_core::commit_observer[0m[2m:[0m [2mconsensus/core/src/commit_observer.rs[0m[2m:[0m[2m173:[0m Consensus commit C180(7yGi) with leader B190(B,cVTZ) has 3 blocks
[2m2025-03-25T07:55:48.622489Z[0m [32m INFO[0m [1mnode[0m[1m{[0m[3mname[0m[2m=[0mk#99f25ef6..[1m}[0m[2m:[0m [2mconsensus_core::commit_observer[0m[2m:[0m [2mconsensus/core/src/commit_observer.rs[0m[2m:[0m[2m173:[0m Consensus commit C180(7yGi) with leader B190(B,cVTZ) has 3 blocks
[2m2025-03-25T07:55:48.623277Z[0m [32m INFO[0m [1mnode[0m[1m{[0m[3mname[0m[2m=[0mk#99f25ef6..[1m}[0m[2m:[0m [2msui_core::consensus_handler[0m[2m:[0m [2mcrates/sui-core/src/consensus_handler.rs[0m[2m:[0m[2m232:[0m Received consensus output [3mconsensus_commit[0m[2m=[0mCommittedSubDag(leader=B190(B,cVTZ), ref=C180(7yGi), blocks=[20nW, kopN, cVTZ]) [3mepoch[0m[2m=[0m1
[2m2025-03-25T07:55:48.623280Z[0m [32m INFO[0m [1mnode[0m[1m{[0m[3mname[0m[2m=[0mk#8dcff6d1..[1m}[0m[2m:[0m [2msui_core::consensus_handler[0m[2m:[0m [2mcrates/sui-core/src/consensus_handler.rs[0m[2m:[0m[2m232:[0m Received consensus output [3mconsensus_commit[0m[2m=[0mCommittedSubDag(leader=B190(B,cVTZ), ref=C180(7yGi), blocks=[20nW, kopN, cVTZ]) [3mepoch[0m[2m=[0m1
[2m2025-03-25T07:55:48.624444Z[0m [32m INFO[0m [1mnode[0m[1m{[0m[3mname[0m[2m=[0mk#99f25ef6..[1m}[0m[2m:[0m [2msui_core::checkpoints::checkpoint_executor[0m[2m:[0m [2mcrates/sui-core/src/checkpoints/checkpoint_executor/mod.rs[0m[2m:[0m[2m332:[0m Received checkpoint summary from state sync [3msequence_number[0m[2m=[0m392
[2m2025-03-25T07:55:48.624445Z[0m [32m INFO[0m [1mnode[0m[1m{[0m[3mname[0m[2m=[0mk#8dcff6d1..[1m}[0m[2m:[0m [2msui_core::checkpoints::checkpoint_executor[0m[2m:[0m [2mcrates/sui-core/src/checkpoints/checkpoint_executor/mod.rs[0m[2m:[0m[2m332:[0m Received checkpoint summary from state sync [3msequence_number[0m[2m=[0m392
[2m2025-03-25T07:55:48.644919Z[0m [32m INFO[0m [1mnode[0m[1m{[0m[3mname[0m[2m=[0mk#99f25ef6..[1m}[0m[2m:[0m [2msui_core::state_accumulator[0m[2m:[0m [2mcrates/sui-core/src/state_accumulator.rs[0m[2m:[0m[2m675:[0m accumulating running root for checkpoint 392
[2m2025-03-25T07:55:48.644919Z[0m [32m INFO[0m [1mnode[0m[1m{[0m[3mname[0m[2m=[0mk#8dcff6d1..[1m}[0m[2m:[0m [2msui_core::state_accumulator[0m[2m:[0m [2mcrates/sui-core/src/state_accumulator.rs[0m[2m:[0m[2m675:[0m accumulating running root for checkpoint 392
[2m2025-03-25T07:55:48.674999Z[0m [32m INFO[0m [1mnode[0m[1m{[0m[3mname[0m[2m=[0mk#addeef94..[1m}[0m[2m:[0m [2msui_core::checkpoints[0m[2m:[0m [2mcrates/sui-core/src/checkpoints/mod.rs[0m[2m:[0m[2m1326:[0m Creating checkpoint(s) for 1 transactions [3mnext_checkpoint_seq[0m[2m=[0m393 [3mcheckpoint_timestamp[0m[2m=[0m1742889348085
[2m2025-03-25T07:55:48.675239Z[0m [32m INFO[0m [1mnode[0m[1m{[0m[3mname[0m[2m=[0mk#addeef94..[1m}[0m[2m:[0m [2msui_core::checkpoints::checkpoint_output[0m[2m:[0m [2mcrates/sui-core/src/checkpoints/checkpoint_output.rs[0m[2m:[0m[2m149:[0m Creating checkpoint CheckpointDigest(CKSyUChq2qQHYsbim9WQA8wPbLZr52u7wvt7tsdSxvR3) at epoch 1, sequence 393, previous digest Some(CheckpointDigest(CYGES8Cv7vmjQgNQH4K39aoejRkpy3hzsSpJryGHZLKj)), transactions count 1, content digest CheckpointContentsDigest(9EhTDwxYMrV7zP1ZQ9np4dsWK2Tr64DMZrnSw3UiWFwv), end_of_epoch_data None
[2m2025-03-25T07:55:48.680134Z[0m [32m INFO[0m [1mnode[0m[1m{[0m[3mname[0m[2m=[0mk#99f25ef6..[1m}[0m[2m:[0m [2msui_core::checkpoints[0m[2m:[0m [2mcrates/sui-core/src/checkpoints/mod.rs[0m[2m:[0m[2m1326:[0m Creating checkpoint(s) for 1 transactions [3mnext_checkpoint_seq[0m[2m=[0m393 [3mcheckpoint_timestamp[0m[2m=[0m1742889348085
[2m2025-03-25T07:55:48.680136Z[0m [32m INFO[0m [1mnode[0m[1m{[0m[3mname[0m[2m=[0mk#8dcff6d1..[1m}[0m[2m:[0m [2msui_core::checkpoints[0m[2m:[0m [2mcrates/sui-core/src/checkpoints/mod.rs[0m[2m:[0m[2m1326:[0m Creating checkpoint(s) for 1 transactions [3mnext_checkpoint_seq[0m[2m=[0m393 [3mcheckpoint_timestamp[0m[2m=[0m1742889348085
[2m2025-03-25T07:55:48.680323Z[0m [32m INFO[0m [1mnode[0m[1m{[0m[3mname[0m[2m=[0mk#8dcff6d1..[1m}[0m[2m:[0m [2msui_core::checkpoints::checkpoint_output[0m[2m:[0m [2mcrates/sui-core/src/checkpoints/checkpoint_output.rs[0m[2m:[0m[2m149:[0m Creating checkpoint CheckpointDigest(CKSyUChq2qQHYsbim9WQA8wPbLZr52u7wvt7tsdSxvR3) at epoch 1, sequence 393, previous digest Some(CheckpointDigest(CYGES8Cv7vmjQgNQH4K39aoejRkpy3hzsSpJryGHZLKj)), transactions count 1, content digest CheckpointContentsDigest(9EhTDwxYMrV7zP1ZQ9np4dsWK2Tr64DMZrnSw3UiWFwv), end_of_epoch_data None
[2m2025-03-25T07:55:48.680323Z[0m [32m INFO[0m [1mnode[0m[1m{[0m[3mname[0m[2m=[0mk#99f25ef6..[1m}[0m[2m:[0m [2msui_core::checkpoints::checkpoint_output[0m[2m:[0m [2mcrates/sui-core/src/checkpoints/checkpoint_output.rs[0m[2m:[0m[2m149:[0m Creating checkpoint CheckpointDigest(CKSyUChq2qQHYsbim9WQA8wPbLZr52u7wvt7tsdSxvR3) at epoch 1, sequence 393, previous digest Some(CheckpointDigest(CYGES8Cv7vmjQgNQH4K39aoejRkpy3hzsSpJryGHZLKj)), transactions count 1, content digest CheckpointContentsDigest(9EhTDwxYMrV7zP1ZQ9np4dsWK2Tr64DMZrnSw3UiWFwv), end_of_epoch_data None
[2m2025-03-25T07:55:48.696732Z[0m [32m INFO[0m [1mnode[0m[1m{[0m[3mname[0m[2m=[0mk#addeef94..[1m}[0m[2m:[0m [2msui_core::checkpoints::checkpoint_executor[0m[2m:[0m [2mcrates/sui-core/src/checkpoints/checkpoint_executor/mod.rs[0m[2m:[0m[2m332:[0m Received checkpoint summary from state sync [3msequence_number[0m[2m=[0m392
[2m2025-03-25T07:55:48.699831Z[0m [32m INFO[0m [1mnode[0m[1m{[0m[3mname[0m[2m=[0mk#b3f3cbb4..[1m}[0m[2m:[0m [2msui_core::checkpoints::checkpoint_executor[0m[2m:[0m [2mcrates/sui-core/src/checkpoints/checkpoint_executor/mod.rs[0m[2m:[0m[2m332:[0m Received checkpoint summary from state sync [3msequence_number[0m[2m=[0m392
[2m2025-03-25T07:55:48.742896Z[0m [32m INFO[0m [1mnode[0m[1m{[0m[3mname[0m[2m=[0mk#addeef94..[1m}[0m[2m:[0m [2msui_core::state_accumulator[0m[2m:[0m [2mcrates/sui-core/src/state_accumulator.rs[0m[2m:[0m[2m675:[0m accumulating running root for checkpoint 392
[2m2025-03-25T07:55:48.789420Z[0m [32m INFO[0m [1mnode[0m[1m{[0m[3mname[0m[2m=[0mk#b3f3cbb4..[1m}[0m[2m:[0m [2msui_core::state_accumulator[0m[2m:[0m [2mcrates/sui-core/src/state_accumulator.rs[0m[2m:[0m[2m675:[0m accumulating running root for checkpoint 392
[2m2025-03-25T07:55:48.866182Z[0m [32m INFO[0m [1mnode[0m[1m{[0m[3mname[0m[2m=[0mk#addeef94..[1m}[0m[2m:[0m [2mconsensus_core::core[0m[2m:[0m [2mconsensus/core/src/core.rs[0m[2m:[0m[2m945:[0m Included 3 ancestors & excluded 0 ancestors for proposal in round 193
[2m2025-03-25T07:55:48.866551Z[0m [32m INFO[0m [1mnode[0m[1m{[0m[3mname[0m[2m=[0mk#addeef94..[1m}[0m[2m:[0m [2mconsensus_core::core[0m[2m:[0m [2mconsensus/core/src/core.rs[0m[2m:[0m[2m531:[0m Created block B193(C,sSRMb8Iy9CVcOho8b0gjlR23Eph82vlANftKpkH2toc=)(1742889348866ms;[B192(C,RN37vPRXUfWYDunW0kwwDW3vhgNfponTzmr0iwG72Kw=), B192(A,AQYA0wtYq0knzqJh+h2oY+XLXSoUb/D7kmtAaxZiczo=), B192(B,ygdvI4AbUi4HFzho5Ri47dAnGpfqjsdkf66ty0utQlg=)];1t;1c) for round 193
[2m2025-03-25T07:55:48.874088Z[0m [32m INFO[0m [1mnode[0m[1m{[0m[3mname[0m[2m=[0mk#8dcff6d1..[1m}[0m[2m:[0m [2mconsensus_core::core[0m[2m:[0m [2mconsensus/core/src/core.rs[0m[2m:[0m[2m945:[0m Included 3 ancestors & excluded 0 ancestors for proposal in round 193
[2m2025-03-25T07:55:48.874372Z[0m [32m INFO[0m [1mnode[0m[1m{[0m[3mname[0m[2m=[0mk#8dcff6d1..[1m}[0m[2m:[0m [2mconsensus_core::core[0m[2m:[0m [2mconsensus/core/src/core.rs[0m[2m:[0m[2m531:[0m Created block B193(A,RCvQNrqxs99ezaUDkJTOrLL+4VPnh7nRXtFPSBc5CsE=)(1742889348874ms;[B192(A,AQYA0wtYq0knzqJh+h2oY+XLXSoUb/D7kmtAaxZiczo=), B192(B,ygdvI4AbUi4HFzho5Ri47dAnGpfqjsdkf66ty0utQlg=), B192(C,RN37vPRXUfWYDunW0kwwDW3vhgNfponTzmr0iwG72Kw=)];1t;1c) for round 193
[2m2025-03-25T07:55:48.874440Z[0m [32m INFO[0m [1mnode[0m[1m{[0m[3mname[0m[2m=[0mk#8dcff6d1..[1m}[0m[2m:[0m [2mconsensus_core::core[0m[2m:[0m [2mconsensus/core/src/core.rs[0m[2m:[0m[2m630:[0m Committing 1 leaders: B191(C,luRM)
[2m2025-03-25T07:55:48.874509Z[0m [32m INFO[0m [1mnode[0m[1m{[0m[3mname[0m[2m=[0mk#8dcff6d1..[1m}[0m[2m:[0m [2mconsensus_core::commit_observer[0m[2m:[0m [2mconsensus/core/src/commit_observer.rs[0m[2m:[0m[2m173:[0m Consensus commit C181(PLQJ) with leader B191(C,luRM) has 3 blocks
[2m2025-03-25T07:55:48.874595Z[0m [32m INFO[0m [1mnode[0m[1m{[0m[3mname[0m[2m=[0mk#8dcff6d1..[1m}[0m[2m:[0m [2msui_core::consensus_handler[0m[2m:[0m [2mcrates/sui-core/src/consensus_handler.rs[0m[2m:[0m[2m232:[0m Received consensus output [3mconsensus_commit[0m[2m=[0mCommittedSubDag(leader=B191(C,luRM), ref=C181(PLQJ), blocks=[UWyF, fZcc, luRM]) [3mepoch[0m[2m=[0m1
[2m2025-03-25T07:55:48.875019Z[0m [32m INFO[0m [1mnode[0m[1m{[0m[3mname[0m[2m=[0mk#99f25ef6..[1m}[0m[2m:[0m [2mconsensus_core::core[0m[2m:[0m [2mconsensus/core/src/core.rs[0m[2m:[0m[2m945:[0m Included 3 ancestors & excluded 0 ancestors for proposal in round 193
[2m2025-03-25T07:55:48.875309Z[0m [32m INFO[0m [1mnode[0m[1m{[0m[3mname[0m[2m=[0mk#99f25ef6..[1m}[0m[2m:[0m [2mconsensus_core::core[0m[2m:[0m [2mconsensus/core/src/core.rs[0m[2m:[0m[2m531:[0m Created block B193(B,Y4RTAnaa+bXrc/7Cr7IRVaL8BiNzdqg4yoHAXYpMshY=)(1742889348875ms;[B192(B,ygdvI4AbUi4HFzho5Ri47dAnGpfqjsdkf66ty0utQlg=), B192(A,AQYA0wtYq0knzqJh+h2oY+XLXSoUb/D7kmtAaxZiczo=), B192(C,RN37vPRXUfWYDunW0kwwDW3vhgNfponTzmr0iwG72Kw=)];1t;1c) for round 193
[2m2025-03-25T07:55:48.875376Z[0m [32m INFO[0m [1mnode[0m[1m{[0m[3mname[0m[2m=[0mk#99f25ef6..[1m}[0m[2m:[0m [2mconsensus_core::core[0m[2m:[0m [2mconsensus/core/src/core.rs[0m[2m:[0m[2m630:[0m Committing 1 leaders: B191(C,luRM)
[2m2025-03-25T07:55:48.875444Z[0m [32m INFO[0m [1mnode[0m[1m{[0m[3mname[0m[2m=[0mk#99f25ef6..[1m}[0m[2m:[0m [2mconsensus_core::commit_observer[0m[2m:[0m [2mconsensus/core/src/commit_observer.rs[0m[2m:[0m[2m173:[0m Consensus commit C181(PLQJ) with leader B191(C,luRM) has 3 blocks
[2m2025-03-25T07:55:48.875528Z[0m [32m INFO[0m [1mnode[0m[1m{[0m[3mname[0m[2m=[0mk#99f25ef6..[1m}[0m[2m:[0m [2msui_core::consensus_handler[0m[2m:[0m [2mcrates/sui-core/src/consensus_handler.rs[0m[2m:[0m[2m232:[0m Received consensus output [3mconsensus_commit[0m[2m=[0mCommittedSubDag(leader=B191(C,luRM), ref=C181(PLQJ), blocks=[UWyF, fZcc, luRM]) [3mepoch[0m[2m=[0m1
[2m2025-03-25T07:55:48.876905Z[0m [32m INFO[0m [1mnode[0m[1m{[0m[3mname[0m[2m=[0mk#addeef94..[1m}[0m[2m:[0m [2mconsensus_core::core[0m[2m:[0m [2mconsensus/core/src/core.rs[0m[2m:[0m[2m630:[0m Committing 1 leaders: B191(C,luRM)
[2m2025-03-25T07:55:48.876997Z[0m [32m INFO[0m [1mnode[0m[1m{[0m[3mname[0m[2m=[0mk#addeef94..[1m}[0m[2m:[0m [2mconsensus_core::commit_observer[0m[2m:[0m [2mconsensus/core/src/commit_observer.rs[0m[2m:[0m[2m173:[0m Consensus commit C181(PLQJ) with leader B191(C,luRM) has 3 blocks
[2m2025-03-25T07:55:48.877076Z[0m [32m INFO[0m [1mnode[0m[1m{[0m[3mname[0m[2m=[0mk#addeef94..[1m}[0m[2m:[0m [2msui_core::consensus_handler[0m[2m:[0m [2mcrates/sui-core/src/consensus_handler.rs[0m[2m:[0m[2m232:[0m Received consensus output [3mconsensus_commit[0m[2m=[0mCommittedSubDag(leader=B191(C,luRM), ref=C181(PLQJ), blocks=[UWyF, fZcc, luRM]) [3mepoch[0m[2m=[0m1
[2m2025-03-25T07:55:48.901163Z[0m [32m INFO[0m [1mnode[0m[1m{[0m[3mname[0m[2m=[0mk#8dcff6d1..[1m}[0m[2m:[0m [2msui_core::checkpoints[0m[2m:[0m [2mcrates/sui-core/src/checkpoints/mod.rs[0m[2m:[0m[2m1326:[0m Creating checkpoint(s) for 2 transactions [3mnext_checkpoint_seq[0m[2m=[0m394 [3mcheckpoint_timestamp[0m[2m=[0m1742889348341
[2m2025-03-25T07:55:48.901479Z[0m [32m INFO[0m [1mnode[0m[1m{[0m[3mname[0m[2m=[0mk#8dcff6d1..[1m}[0m[2m:[0m [2msui_core::checkpoints::checkpoint_output[0m[2m:[0m [2mcrates/sui-core/src/checkpoints/checkpoint_output.rs[0m[2m:[0m[2m149:[0m Creating checkpoint CheckpointDigest(Znf4yVVnqrWnQNtwKfafuGCGRd1chvYtphYtnJYLvDM) at epoch 1, sequence 394, previous digest Some(CheckpointDigest(CKSyUChq2qQHYsbim9WQA8wPbLZr52u7wvt7tsdSxvR3)), transactions count 2, content digest CheckpointContentsDigest(Bg4dTyXMybm1gvuFF9JQupQ4Zhkahtv4XnrbqdB3pB2k), end_of_epoch_data None
[2m2025-03-25T07:55:48.901574Z[0m [32m INFO[0m [1mnode[0m[1m{[0m[3mname[0m[2m=[0mk#99f25ef6..[1m}[0m[2m:[0m [2msui_core::checkpoints[0m[2m:[0m [2mcrates/sui-core/src/checkpoints/mod.rs[0m[2m:[0m[2m1326:[0m Creating checkpoint(s) for 2 transactions [3mnext_checkpoint_seq[0m[2m=[0m394 [3mcheckpoint_timestamp[0m[2m=[0m1742889348341
[2m2025-03-25T07:55:48.901827Z[0m [32m INFO[0m [1mnode[0m[1m{[0m[3mname[0m[2m=[0mk#99f25ef6..[1m}[0m[2m:[0m [2msui_core::checkpoints::checkpoint_output[0m[2m:[0m [2mcrates/sui-core/src/checkpoints/checkpoint_output.rs[0m[2m:[0m[2m149:[0m Creating checkpoint CheckpointDigest(Znf4yVVnqrWnQNtwKfafuGCGRd1chvYtphYtnJYLvDM) at epoch 1, sequence 394, previous digest Some(CheckpointDigest(CKSyUChq2qQHYsbim9WQA8wPbLZr52u7wvt7tsdSxvR3)), transactions count 2, content digest CheckpointContentsDigest(Bg4dTyXMybm1gvuFF9JQupQ4Zhkahtv4XnrbqdB3pB2k), end_of_epoch_data None
[2m2025-03-25T07:55:48.902919Z[0m [32m INFO[0m [1mnode[0m[1m{[0m[3mname[0m[2m=[0mk#addeef94..[1m}[0m[2m:[0m [2msui_core::checkpoints[0m[2m:[0m [2mcrates/sui-core/src/checkpoints/mod.rs[0m[2m:[0m[2m1326:[0m Creating checkpoint(s) for 2 transactions [3mnext_checkpoint_seq[0m[2m=[0m394 [3mcheckpoint_timestamp[0m[2m=[0m1742889348341
[2m2025-03-25T07:55:48.903164Z[0m [32m INFO[0m [1mnode[0m[1m{[0m[3mname[0m[2m=[0mk#addeef94..[1m}[0m[2m:[0m [2msui_core::checkpoints::checkpoint_output[0m[2m:[0m [2mcrates/sui-core/src/checkpoints/checkpoint_output.rs[0m[2m:[0m[2m149:[0m Creating checkpoint CheckpointDigest(Znf4yVVnqrWnQNtwKfafuGCGRd1chvYtphYtnJYLvDM) at epoch 1, sequence 394, previous digest Some(CheckpointDigest(CKSyUChq2qQHYsbim9WQA8wPbLZr52u7wvt7tsdSxvR3)), transactions count 2, content digest CheckpointContentsDigest(Bg4dTyXMybm1gvuFF9JQupQ4Zhkahtv4XnrbqdB3pB2k), end_of_epoch_data None
[2m2025-03-25T07:55:48.904564Z[0m [32m INFO[0m [1mnode[0m[1m{[0m[3mname[0m[2m=[0mk#8dcff6d1..[1m}[0m[2m:[0m [2msui_core::checkpoints::checkpoint_output[0m[2m:[0m [2mcrates/sui-core/src/checkpoints/checkpoint_output.rs[0m[2m:[0m[2m196:[0m Certified checkpoint with sequence 393 and digest CKSyUChq2qQHYsbim9WQA8wPbLZr52u7wvt7tsdSxvR3
[2m2025-03-25T07:55:48.904682Z[0m [32m INFO[0m [1mnode[0m[1m{[0m[3mname[0m[2m=[0mk#99f25ef6..[1m}[0m[2m:[0m [2msui_core::checkpoints::checkpoint_output[0m[2m:[0m [2mcrates/sui-core/src/checkpoints/checkpoint_output.rs[0m[2m:[0m[2m196:[0m Certified checkpoint with sequence 393 and digest CKSyUChq2qQHYsbim9WQA8wPbLZr52u7wvt7tsdSxvR3
[2m2025-03-25T07:55:48.905022Z[0m [32m INFO[0m [1mnode[0m[1m{[0m[3mname[0m[2m=[0mk#8dcff6d1..[1m}[0m[2m:[0m [2msui_core::checkpoints::checkpoint_executor[0m[2m:[0m [2mcrates/sui-core/src/checkpoints/checkpoint_executor/mod.rs[0m[2m:[0m[2m332:[0m Received checkpoint summary from state sync [3msequence_number[0m[2m=[0m393
[2m2025-03-25T07:55:48.905079Z[0m [32m INFO[0m [1mnode[0m[1m{[0m[3mname[0m[2m=[0mk#99f25ef6..[1m}[0m[2m:[0m [2msui_core::checkpoints::checkpoint_executor[0m[2m:[0m [2mcrates/sui-core/src/checkpoints/checkpoint_executor/mod.rs[0m[2m:[0m[2m332:[0m Received checkpoint summary from state sync [3msequence_number[0m[2m=[0m393
[2m2025-03-25T07:55:48.906181Z[0m [32m INFO[0m [1mnode[0m[1m{[0m[3mname[0m[2m=[0mk#99f25ef6..[1m}[0m[2m:[0m [2msui_core::state_accumulator[0m[2m:[0m [2mcrates/sui-core/src/state_accumulator.rs[0m[2m:[0m[2m675:[0m accumulating running root for checkpoint 393
[2m2025-03-25T07:55:48.906187Z[0m [32m INFO[0m [1mnode[0m[1m{[0m[3mname[0m[2m=[0mk#8dcff6d1..[1m}[0m[2m:[0m [2msui_core::state_accumulator[0m[2m:[0m [2mcrates/sui-core/src/state_accumulator.rs[0m[2m:[0m[2m675:[0m accumulating running root for checkpoint 393
[2m2025-03-25T07:55:48.908352Z[0m [32m INFO[0m [1mnode[0m[1m{[0m[3mname[0m[2m=[0mk#addeef94..[1m}[0m[2m:[0m [2msui_core::checkpoints::checkpoint_executor[0m[2m:[0m [2mcrates/sui-core/src/checkpoints/checkpoint_executor/mod.rs[0m[2m:[0m[2m332:[0m Received checkpoint summary from state sync [3msequence_number[0m[2m=[0m393
[2m2025-03-25T07:55:48.909060Z[0m [32m INFO[0m [1mnode[0m[1m{[0m[3mname[0m[2m=[0mk#addeef94..[1m}[0m[2m:[0m [2msui_core::state_accumulator[0m[2m:[0m [2mcrates/sui-core/src/state_accumulator.rs[0m[2m:[0m[2m675:[0m accumulating running root for checkpoint 393
[2m2025-03-25T07:55:49.126741Z[0m [32m INFO[0m [1mnode[0m[1m{[0m[3mname[0m[2m=[0mk#8dcff6d1..[1m}[0m[2m:[0m [2mconsensus_core::core[0m[2m:[0m [2mconsensus/core/src/core.rs[0m[2m:[0m[2m945:[0m Included 3 ancestors & excluded 0 ancestors for proposal in round 194
[2m2025-03-25T07:55:49.127105Z[0m [32m INFO[0m [1mnode[0m[1m{[0m[3mname[0m[2m=[0mk#8dcff6d1..[1m}[0m[2m:[0m [2mconsensus_core::core[0m[2m:[0m [2mconsensus/core/src/core.rs[0m[2m:[0m[2m531:[0m Created block B194(A,XpKjuFgGAWbBYFjqcpgWFjb2MgFPk/96GmDQnPXPvDg=)(1742889349126ms;[B193(A,RCvQNrqxs99ezaUDkJTOrLL+4VPnh7nRXtFPSBc5CsE=), B193(B,Y4RTAnaa+bXrc/7Cr7IRVaL8BiNzdqg4yoHAXYpMshY=), B193(C,sSRMb8Iy9CVcOho8b0gjlR23Eph82vlANftKpkH2toc=)];1t;1c) for round 194
[2m2025-03-25T07:55:49.128716Z[0m [32m INFO[0m [1mnode[0m[1m{[0m[3mname[0m[2m=[0mk#99f25ef6..[1m}[0m[2m:[0m [2mconsensus_core::core[0m[2m:[0m [2mconsensus/core/src/core.rs[0m[2m:[0m[2m945:[0m Included 3 ancestors & excluded 0 ancestors for proposal in round 194
[2m2025-03-25T07:55:49.129007Z[0m [32m INFO[0m [1mnode[0m[1m{[0m[3mname[0m[2m=[0mk#99f25ef6..[1m}[0m[2m:[0m [2mconsensus_core::core[0m[2m:[0m [2mconsensus/core/src/core.rs[0m[2m:[0m[2m531:[0m Created block B194(B,+QIyhcI3Cc511NmAGoRQv9rAy/luINuRDMg6ceAEgbo=)(1742889349128ms;[B193(B,Y4RTAnaa+bXrc/7Cr7IRVaL8BiNzdqg4yoHAXYpMshY=), B193(A,RCvQNrqxs99ezaUDkJTOrLL+4VPnh7nRXtFPSBc5CsE=), B193(C,sSRMb8Iy9CVcOho8b0gjlR23Eph82vlANftKpkH2toc=)];1t;1c) for round 194
[2m2025-03-25T07:55:49.129052Z[0m [32m INFO[0m [1mnode[0m[1m{[0m[3mname[0m[2m=[0mk#addeef94..[1m}[0m[2m:[0m [2mconsensus_core::core[0m[2m:[0m [2mconsensus/core/src/core.rs[0m[2m:[0m[2m945:[0m Included 3 ancestors & excluded 0 ancestors for proposal in round 194
[2m2025-03-25T07:55:49.129349Z[0m [32m INFO[0m [1mnode[0m[1m{[0m[3mname[0m[2m=[0mk#addeef94..[1m}[0m[2m:[0m [2mconsensus_core::core[0m[2m:[0m [2mconsensus/core/src/core.rs[0m[2m:[0m[2m531:[0m Created block B194(C,9Wray86CwdT87wEX/Mbo+KIMw47flCat0FEqVlaaB7k=)(1742889349129ms;[B193(C,sSRMb8Iy9CVcOho8b0gjlR23Eph82vlANftKpkH2toc=), B193(A,RCvQNrqxs99ezaUDkJTOrLL+4VPnh7nRXtFPSBc5CsE=), B193(B,Y4RTAnaa+bXrc/7Cr7IRVaL8BiNzdqg4yoHAXYpMshY=)];1t;1c) for round 194
[2m2025-03-25T07:55:49.129421Z[0m [32m INFO[0m [1mnode[0m[1m{[0m[3mname[0m[2m=[0mk#addeef94..[1m}[0m[2m:[0m [2mconsensus_core::core[0m[2m:[0m [2mconsensus/core/src/core.rs[0m[2m:[0m[2m630:[0m Committing 1 leaders: B192(B,ygdv)
[2m2025-03-25T07:55:49.129491Z[0m [32m INFO[0m [1mnode[0m[1m{[0m[3mname[0m[2m=[0mk#addeef94..[1m}[0m[2m:[0m [2mconsensus_core::commit_observer[0m[2m:[0m [2mconsensus/core/src/commit_observer.rs[0m[2m:[0m[2m173:[0m Consensus commit C182(HYg1) with leader B192(B,ygdv) has 3 blocks
[2m2025-03-25T07:55:49.129577Z[0m [32m INFO[0m [1mnode[0m[1m{[0m[3mname[0m[2m=[0mk#addeef94..[1m}[0m[2m:[0m [2msui_core::consensus_handler[0m[2m:[0m [2mcrates/sui-core/src/consensus_handler.rs[0m[2m:[0m[2m232:[0m Received consensus output [3mconsensus_commit[0m[2m=[0mCommittedSubDag(leader=B192(B,ygdv), ref=C182(HYg1), blocks=[Do8e, zUW0, ygdv]) [3mepoch[0m[2m=[0m1
[2m2025-03-25T07:55:49.132649Z[0m [32m INFO[0m [1mnode[0m[1m{[0m[3mname[0m[2m=[0mk#99f25ef6..[1m}[0m[2m:[0m [2msui_core::checkpoints::checkpoint_output[0m[2m:[0m [2mcrates/sui-core/src/checkpoints/checkpoint_output.rs[0m[2m:[0m[2m196:[0m Certified checkpoint with sequence 394 and digest Znf4yVVnqrWnQNtwKfafuGCGRd1chvYtphYtnJYLvDM
[2m2025-03-25T07:55:49.132757Z[0m [32m INFO[0m [1mnode[0m[1m{[0m[3mname[0m[2m=[0mk#99f25ef6..[1m}[0m[2m:[0m [2mconsensus_core::core[0m[2m:[0m [2mconsensus/core/src/core.rs[0m[2m:[0m[2m630:[0m Committing 1 leaders: B192(B,ygdv)
[2m2025-03-25T07:55:49.132858Z[0m [32m INFO[0m [1mnode[0m[1m{[0m[3mname[0m[2m=[0mk#99f25ef6..[1m}[0m[2m:[0m [2mconsensus_core::commit_observer[0m[2m:[0m [2mconsensus/core/src/commit_observer.rs[0m[2m:[0m[2m173:[0m Consensus commit C182(HYg1) with leader B192(B,ygdv) has 3 blocks
[2m2025-03-25T07:55:49.132961Z[0m [32m INFO[0m [1mnode[0m[1m{[0m[3mname[0m[2m=[0mk#8dcff6d1..[1m}[0m[2m:[0m [2msui_core::checkpoints::checkpoint_output[0m[2m:[0m [2mcrates/sui-core/src/checkpoints/checkpoint_output.rs[0m[2m:[0m[2m196:[0m Certified checkpoint with sequence 394 and digest Znf4yVVnqrWnQNtwKfafuGCGRd1chvYtphYtnJYLvDM
[2m2025-03-25T07:55:49.133056Z[0m [32m INFO[0m [1mnode[0m[1m{[0m[3mname[0m[2m=[0mk#8dcff6d1..[1m}[0m[2m:[0m [2mconsensus_core::core[0m[2m:[0m [2mconsensus/core/src/core.rs[0m[2m:[0m[2m630:[0m Committing 1 leaders: B192(B,ygdv)
[2m2025-03-25T07:55:49.133150Z[0m [32m INFO[0m [1mnode[0m[1m{[0m[3mname[0m[2m=[0mk#8dcff6d1..[1m}[0m[2m:[0m [2mconsensus_core::commit_observer[0m[2m:[0m [2mconsensus/core/src/commit_observer.rs[0m[2m:[0m[2m173:[0m Consensus commit C182(HYg1) with leader B192(B,ygdv) has 3 blocks
[2m2025-03-25T07:55:49.133301Z[0m [32m INFO[0m [1mnode[0m[1m{[0m[3mname[0m[2m=[0mk#99f25ef6..[1m}[0m[2m:[0m [2msui_core::consensus_handler[0m[2m:[0m [2mcrates/sui-core/src/consensus_handler.rs[0m[2m:[0m[2m232:[0m Received consensus output [3mconsensus_commit[0m[2m=[0mCommittedSubDag(leader=B192(B,ygdv), ref=C182(HYg1), blocks=[Do8e, zUW0, ygdv]) [3mepoch[0m[2m=[0m1
[2m2025-03-25T07:55:49.133527Z[0m [32m INFO[0m [1mnode[0m[1m{[0m[3mname[0m[2m=[0mk#8dcff6d1..[1m}[0m[2m:[0m [2msui_core::consensus_handler[0m[2m:[0m [2mcrates/sui-core/src/consensus_handler.rs[0m[2m:[0m[2m232:[0m Received consensus output [3mconsensus_commit[0m[2m=[0mCommittedSubDag(leader=B192(B,ygdv), ref=C182(HYg1), blocks=[Do8e, zUW0, ygdv]) [3mepoch[0m[2m=[0m1
[2m2025-03-25T07:55:49.133924Z[0m [32m INFO[0m [1mnode[0m[1m{[0m[3mname[0m[2m=[0mk#99f25ef6..[1m}[0m[2m:[0m [2msui_core::checkpoints::checkpoint_executor[0m[2m:[0m [2mcrates/sui-core/src/checkpoints/checkpoint_executor/mod.rs[0m[2m:[0m[2m332:[0m Received checkpoint summary from state sync [3msequence_number[0m[2m=[0m394
[2m2025-03-25T07:55:49.134076Z[0m [32m INFO[0m [1mnode[0m[1m{[0m[3mname[0m[2m=[0mk#8dcff6d1..[1m}[0m[2m:[0m [2msui_core::checkpoints::checkpoint_executor[0m[2m:[0m [2mcrates/sui-core/src/checkpoints/checkpoint_executor/mod.rs[0m[2m:[0m[2m332:[0m Received checkpoint summary from state sync [3msequence_number[0m[2m=[0m394
[2m2025-03-25T07:55:49.147480Z[0m [32m INFO[0m [1mnode[0m[1m{[0m[3mname[0m[2m=[0mk#99f25ef6..[1m}[0m[2m:[0m [2msui_core::state_accumulator[0m[2m:[0m [2mcrates/sui-core/src/state_accumulator.rs[0m[2m:[0m[2m675:[0m accumulating running root for checkpoint 394
[2m2025-03-25T07:55:49.147480Z[0m [32m INFO[0m [1mnode[0m[1m{[0m[3mname[0m[2m=[0mk#8dcff6d1..[1m}[0m[2m:[0m [2msui_core::state_accumulator[0m[2m:[0m [2mcrates/sui-core/src/state_accumulator.rs[0m[2m:[0m[2m675:[0m accumulating running root for checkpoint 394
[2m2025-03-25T07:55:49.173781Z[0m [32m INFO[0m [1mnode[0m[1m{[0m[3mname[0m[2m=[0mk#addeef94..[1m}[0m[2m:[0m [2msui_core::checkpoints[0m[2m:[0m [2mcrates/sui-core/src/checkpoints/mod.rs[0m[2m:[0m[2m1326:[0m Creating checkpoint(s) for 1 transactions [3mnext_checkpoint_seq[0m[2m=[0m395 [3mcheckpoint_timestamp[0m[2m=[0m1742889348597
[2m2025-03-25T07:55:49.174010Z[0m [32m INFO[0m [1mnode[0m[1m{[0m[3mname[0m[2m=[0mk#addeef94..[1m}[0m[2m:[0m [2msui_core::checkpoints::checkpoint_output[0m[2m:[0m [2mcrates/sui-core/src/checkpoints/checkpoint_output.rs[0m[2m:[0m[2m149:[0m Creating checkpoint CheckpointDigest(DNSHF5TqCLLtzaHbXfQJ8ytiJSVrfYk8WNpVv4VZgmce) at epoch 1, sequence 395, previous digest Some(CheckpointDigest(Znf4yVVnqrWnQNtwKfafuGCGRd1chvYtphYtnJYLvDM)), transactions count 1, content digest CheckpointContentsDigest(4MHpK82V4nJRV6gvTcwap2xUsUDnh3PLsKgcMNu8MVB4), end_of_epoch_data None
[2m2025-03-25T07:55:49.179329Z[0m [32m INFO[0m [1mnode[0m[1m{[0m[3mname[0m[2m=[0mk#8dcff6d1..[1m}[0m[2m:[0m [2msui_core::checkpoints[0m[2m:[0m [2mcrates/sui-core/src/checkpoints/mod.rs[0m[2m:[0m[2m1326:[0m Creating checkpoint(s) for 1 transactions [3mnext_checkpoint_seq[0m[2m=[0m395 [3mcheckpoint_timestamp[0m[2m=[0m1742889348597
[2m2025-03-25T07:55:49.179329Z[0m [32m INFO[0m [1mnode[0m[1m{[0m[3mname[0m[2m=[0mk#99f25ef6..[1m}[0m[2m:[0m [2msui_core::checkpoints[0m[2m:[0m [2mcrates/sui-core/src/checkpoints/mod.rs[0m[2m:[0m[2m1326:[0m Creating checkpoint(s) for 1 transactions [3mnext_checkpoint_seq[0m[2m=[0m395 [3mcheckpoint_timestamp[0m[2m=[0m1742889348597
[2m2025-03-25T07:55:49.179541Z[0m [32m INFO[0m [1mnode[0m[1m{[0m[3mname[0m[2m=[0mk#8dcff6d1..[1m}[0m[2m:[0m [2msui_core::checkpoints::checkpoint_output[0m[2m:[0m [2mcrates/sui-core/src/checkpoints/checkpoint_output.rs[0m[2m:[0m[2m149:[0m Creating checkpoint CheckpointDigest(DNSHF5TqCLLtzaHbXfQJ8ytiJSVrfYk8WNpVv4VZgmce) at epoch 1, sequence 395, previous digest Some(CheckpointDigest(Znf4yVVnqrWnQNtwKfafuGCGRd1chvYtphYtnJYLvDM)), transactions count 1, content digest CheckpointContentsDigest(4MHpK82V4nJRV6gvTcwap2xUsUDnh3PLsKgcMNu8MVB4), end_of_epoch_data None
[2m2025-03-25T07:55:49.179542Z[0m [32m INFO[0m [1mnode[0m[1m{[0m[3mname[0m[2m=[0mk#99f25ef6..[1m}[0m[2m:[0m [2msui_core::checkpoints::checkpoint_output[0m[2m:[0m [2mcrates/sui-core/src/checkpoints/checkpoint_output.rs[0m[2m:[0m[2m149:[0m Creating checkpoint CheckpointDigest(DNSHF5TqCLLtzaHbXfQJ8ytiJSVrfYk8WNpVv4VZgmce) at epoch 1, sequence 395, previous digest Some(CheckpointDigest(Znf4yVVnqrWnQNtwKfafuGCGRd1chvYtphYtnJYLvDM)), transactions count 1, content digest CheckpointContentsDigest(4MHpK82V4nJRV6gvTcwap2xUsUDnh3PLsKgcMNu8MVB4), end_of_epoch_data None
[2m2025-03-25T07:55:49.243827Z[0m [32m INFO[0m [1mnode[0m[1m{[0m[3mname[0m[2m=[0mk#addeef94..[1m}[0m[2m:[0m [2msui_core::checkpoints::checkpoint_executor[0m[2m:[0m [2mcrates/sui-core/src/checkpoints/checkpoint_executor/mod.rs[0m[2m:[0m[2m332:[0m Received checkpoint summary from state sync [3msequence_number[0m[2m=[0m394
[2m2025-03-25T07:55:49.245319Z[0m [32m INFO[0m [1mnode[0m[1m{[0m[3mname[0m[2m=[0mk#addeef94..[1m}[0m[2m:[0m [2msui_core::state_accumulator[0m[2m:[0m [2mcrates/sui-core/src/state_accumulator.rs[0m[2m:[0m[2m675:[0m accumulating running root for checkpoint 394
[2m2025-03-25T07:55:49.248158Z[0m [32m INFO[0m [1mnode[0m[1m{[0m[3mname[0m[2m=[0mk#addeef94..[1m}[0m[2m:[0m [2mconsensus_core::core[0m[2m:[0m [2mconsensus/core/src/core.rs[0m[2m:[0m[2m694:[0m Received quorum round per authority in ancestor state manager set to: [(194, 194), (193, 194), (194, 194)]
[2m2025-03-25T07:55:49.248170Z[0m [32m INFO[0m [1mnode[0m[1m{[0m[3mname[0m[2m=[0mk#addeef94..[1m}[0m[2m:[0m [2mconsensus_core::core[0m[2m:[0m [2mconsensus/core/src/core.rs[0m[2m:[0m[2m695:[0m Accepted quorum round per authority in ancestor state manager set to: [(194, 194), (193, 194), (194, 194)]
[2m2025-03-25T07:55:49.248177Z[0m [32m INFO[0m [1mnode[0m[1m{[0m[3mname[0m[2m=[0mk#addeef94..[1m}[0m[2m:[0m [2mconsensus_core::core[0m[2m:[0m [2mconsensus/core/src/core.rs[0m[2m:[0m[2m698:[0m Propagation round delay set to: 0
[2m2025-03-25T07:55:49.248177Z[0m [32m INFO[0m [1mnode[0m[1m{[0m[3mname[0m[2m=[0mk#99f25ef6..[1m}[0m[2m:[0m [2mconsensus_core::core[0m[2m:[0m [2mconsensus/core/src/core.rs[0m[2m:[0m[2m694:[0m Received quorum round per authority in ancestor state manager set to: [(194, 194), (194, 194), (194, 194)]
[2m2025-03-25T07:55:49.248187Z[0m [32m INFO[0m [1mnode[0m[1m{[0m[3mname[0m[2m=[0mk#99f25ef6..[1m}[0m[2m:[0m [2mconsensus_core::core[0m[2m:[0m [2mconsensus/core/src/core.rs[0m[2m:[0m[2m695:[0m Accepted quorum round per authority in ancestor state manager set to: [(194, 194), (194, 194), (194, 194)]
[2m2025-03-25T07:55:49.248193Z[0m [32m INFO[0m [1mnode[0m[1m{[0m[3mname[0m[2m=[0mk#99f25ef6..[1m}[0m[2m:[0m [2mconsensus_core::core[0m[2m:[0m [2mconsensus/core/src/core.rs[0m[2m:[0m[2m698:[0m Propagation round delay set to: 0
[2m2025-03-25T07:55:49.248394Z[0m [32m INFO[0m [1mnode[0m[1m{[0m[3mname[0m[2m=[0mk#8dcff6d1..[1m}[0m[2m:[0m [2mconsensus_core::core[0m[2m:[0m [2mconsensus/core/src/core.rs[0m[2m:[0m[2m694:[0m Received quorum round per authority in ancestor state manager set to: [(194, 194), (194, 194), (194, 194)]
[2m2025-03-25T07:55:49.248403Z[0m [32m INFO[0m [1mnode[0m[1m{[0m[3mname[0m[2m=[0mk#8dcff6d1..[1m}[0m[2m:[0m [2mconsensus_core::core[0m[2m:[0m [2mconsensus/core/src/core.rs[0m[2m:[0m[2m695:[0m Accepted quorum round per authority in ancestor state manager set to: [(194, 194), (194, 194), (194, 194)]
[2m2025-03-25T07:55:49.248410Z[0m [32m INFO[0m [1mnode[0m[1m{[0m[3mname[0m[2m=[0mk#8dcff6d1..[1m}[0m[2m:[0m [2mconsensus_core::core[0m[2m:[0m [2mconsensus/core/src/core.rs[0m[2m:[0m[2m698:[0m Propagation round delay set to: 0
[2m2025-03-25T07:55:49.304564Z[0m [32m INFO[0m [1mnode[0m[1m{[0m[3mname[0m[2m=[0mk#8dcff6d1..[1m}[0m[2m:[0m [2mconsensus_core::commit_syncer[0m[2m:[0m [2mconsensus/core/src/commit_syncer.rs[0m[2m:[0m[2m196:[0m Checking to schedule fetches: synced_commit_index=182, highest_handled_index=182, highest_scheduled_index=0, quorum_commit_index=181, unhandled_commits_threshold=3200
[2m2025-03-25T07:55:49.327997Z[0m [32m INFO[0m [1mnode[0m[1m{[0m[3mname[0m[2m=[0mk#addeef94..[1m}[0m[2m:[0m [2mconsensus_core::commit_syncer[0m[2m:[0m [2mconsensus/core/src/commit_syncer.rs[0m[2m:[0m[2m196:[0m Checking to schedule fetches: synced_commit_index=182, highest_handled_index=182, highest_scheduled_index=0, quorum_commit_index=0, unhandled_commits_threshold=3200
[2m2025-03-25T07:55:49.330200Z[0m [32m INFO[0m [1mnode[0m[1m{[0m[3mname[0m[2m=[0mk#99f25ef6..[1m}[0m[2m:[0m [2mconsensus_core::commit_syncer[0m[2m:[0m [2mconsensus/core/src/commit_syncer.rs[0m[2m:[0m[2m196:[0m Checking to schedule fetches: synced_commit_index=182, highest_handled_index=182, highest_scheduled_index=0, quorum_commit_index=181, unhandled_commits_threshold=3200
[2m2025-03-25T07:55:49.382132Z[0m [32m INFO[0m [1mnode[0m[1m{[0m[3mname[0m[2m=[0mk#addeef94..[1m}[0m[2m:[0m [2mconsensus_core::core[0m[2m:[0m [2mconsensus/core/src/core.rs[0m[2m:[0m[2m945:[0m Included 3 ancestors & excluded 0 ancestors for proposal in round 195
[2m2025-03-25T07:55:49.382538Z[0m [32m INFO[0m [1mnode[0m[1m{[0m[3mname[0m[2m=[0mk#addeef94..[1m}[0m[2m:[0m [2mconsensus_core::core[0m[2m:[0m [2mconsensus/core/src/core.rs[0m[2m:[0m[2m531:[0m Created block B195(C,MD7/XW2DwwzYDBGzNJWGcpZvpAvHSKqWZL+zb58zhQE=)(1742889349382ms;[B194(C,9Wray86CwdT87wEX/Mbo+KIMw47flCat0FEqVlaaB7k=), B194(A,XpKjuFgGAWbBYFjqcpgWFjb2MgFPk/96GmDQnPXPvDg=), B194(B,+QIyhcI3Cc511NmAGoRQv9rAy/luINuRDMg6ceAEgbo=)];1t;1c) for round 195
[2m2025-03-25T07:55:49.384548Z[0m [32m INFO[0m [1mnode[0m[1m{[0m[3mname[0m[2m=[0mk#8dcff6d1..[1m}[0m[2m:[0m [2mconsensus_core::core[0m[2m:[0m [2mconsensus/core/src/core.rs[0m[2m:[0m[2m945:[0m Included 3 ancestors & excluded 0 ancestors for proposal in round 195
[2m2025-03-25T07:55:49.384548Z[0m [32m INFO[0m [1mnode[0m[1m{[0m[3mname[0m[2m=[0mk#99f25ef6..[1m}[0m[2m:[0m [2mconsensus_core::core[0m[2m:[0m [2mconsensus/core/src/core.rs[0m[2m:[0m[2m945:[0m Included 3 ancestors & excluded 0 ancestors for proposal in round 195
[2m2025-03-25T07:55:49.384842Z[0m [32m INFO[0m [1mnode[0m[1m{[0m[3mname[0m[2m=[0mk#8dcff6d1..[1m}[0m[2m:[0m [2mconsensus_core::core[0m[2m:[0m [2mconsensus/core/src/core.rs[0m[2m:[0m[2m531:[0m Created block B195(A,u7fVmelzd+PZlMxNGxBWtsBThYVm30KA/gMjdFvUg2U=)(1742889349384ms;[B194(A,XpKjuFgGAWbBYFjqcpgWFjb2MgFPk/96GmDQnPXPvDg=), B194(B,+QIyhcI3Cc511NmAGoRQv9rAy/luINuRDMg6ceAEgbo=), B194(C,9Wray86CwdT87wEX/Mbo+KIMw47flCat0FEqVlaaB7k=)];1t;1c) for round 195
[2m2025-03-25T07:55:49.384842Z[0m [32m INFO[0m [1mnode[0m[1m{[0m[3mname[0m[2m=[0mk#99f25ef6..[1m}[0m[2m:[0m [2mconsensus_core::core[0m[2m:[0m [2mconsensus/core/src/core.rs[0m[2m:[0m[2m531:[0m Created block B195(B,b+wnqp2wKQR+hq66TF2TQIANOFek0xQLe7+B6VvQ2HY=)(1742889349384ms;[B194(B,+QIyhcI3Cc511NmAGoRQv9rAy/luINuRDMg6ceAEgbo=), B194(A,XpKjuFgGAWbBYFjqcpgWFjb2MgFPk/96GmDQnPXPvDg=), B194(C,9Wray86CwdT87wEX/Mbo+KIMw47flCat0FEqVlaaB7k=)];1t;1c) for round 195
[2m2025-03-25T07:55:49.384916Z[0m [32m INFO[0m [1mnode[0m[1m{[0m[3mname[0m[2m=[0mk#8dcff6d1..[1m}[0m[2m:[0m [2mconsensus_core::core[0m[2m:[0m [2mconsensus/core/src/core.rs[0m[2m:[0m[2m630:[0m Committing 1 leaders: B193(A,RCvQ)
[2m2025-03-25T07:55:49.384916Z[0m [32m INFO[0m [1mnode[0m[1m{[0m[3mname[0m[2m=[0mk#99f25ef6..[1m}[0m[2m:[0m [2mconsensus_core::core[0m[2m:[0m [2mconsensus/core/src/core.rs[0m[2m:[0m[2m630:[0m Committing 1 leaders: B193(A,RCvQ)
[2m2025-03-25T07:55:49.384991Z[0m [32m INFO[0m [1mnode[0m[1m{[0m[3mname[0m[2m=[0mk#99f25ef6..[1m}[0m[2m:[0m [2mconsensus_core::commit_observer[0m[2m:[0m [2mconsensus/core/src/commit_observer.rs[0m[2m:[0m[2m173:[0m Consensus commit C183(PLPL) with leader B193(A,RCvQ) has 3 blocks
[2m2025-03-25T07:55:49.384991Z[0m [32m INFO[0m [1mnode[0m[1m{[0m[3mname[0m[2m=[0mk#8dcff6d1..[1m}[0m[2m:[0m [2mconsensus_core::commit_observer[0m[2m:[0m [2mconsensus/core/src/commit_observer.rs[0m[2m:[0m[2m173:[0m Consensus commit C183(PLPL) with leader B193(A,RCvQ) has 3 blocks
[2m2025-03-25T07:55:49.385087Z[0m [32m INFO[0m [1mnode[0m[1m{[0m[3mname[0m[2m=[0mk#8dcff6d1..[1m}[0m[2m:[0m [2msui_core::consensus_handler[0m[2m:[0m [2mcrates/sui-core/src/consensus_handler.rs[0m[2m:[0m[2m232:[0m Received consensus output [3mconsensus_commit[0m[2m=[0mCommittedSubDag(leader=B193(A,RCvQ), ref=C183(PLPL), blocks=[AQYA, RN37, RCvQ]) [3mepoch[0m[2m=[0m1
[2m2025-03-25T07:55:49.385087Z[0m [32m INFO[0m [1mnode[0m[1m{[0m[3mname[0m[2m=[0mk#99f25ef6..[1m}[0m[2m:[0m [2msui_core::consensus_handler[0m[2m:[0m [2mcrates/sui-core/src/consensus_handler.rs[0m[2m:[0m[2m232:[0m Received consensus output [3mconsensus_commit[0m[2m=[0mCommittedSubDag(leader=B193(A,RCvQ), ref=C183(PLPL), blocks=[AQYA, RN37, RCvQ]) [3mepoch[0m[2m=[0m1
[2m2025-03-25T07:55:49.388770Z[0m [32m INFO[0m [1mnode[0m[1m{[0m[3mname[0m[2m=[0mk#addeef94..[1m}[0m[2m:[0m [2mconsensus_core::core[0m[2m:[0m [2mconsensus/core/src/core.rs[0m[2m:[0m[2m630:[0m Committing 1 leaders: B193(A,RCvQ)
[2m2025-03-25T07:55:49.388861Z[0m [32m INFO[0m [1mnode[0m[1m{[0m[3mname[0m[2m=[0mk#addeef94..[1m}[0m[2m:[0m [2mconsensus_core::commit_observer[0m[2m:[0m [2mconsensus/core/src/commit_observer.rs[0m[2m:[0m[2m173:[0m Consensus commit C183(PLPL) with leader B193(A,RCvQ) has 3 blocks
[2m2025-03-25T07:55:49.388993Z[0m [32m INFO[0m [1mnode[0m[1m{[0m[3mname[0m[2m=[0mk#addeef94..[1m}[0m[2m:[0m [2msui_core::consensus_handler[0m[2m:[0m [2mcrates/sui-core/src/consensus_handler.rs[0m[2m:[0m[2m232:[0m Received consensus output [3mconsensus_commit[0m[2m=[0mCommittedSubDag(leader=B193(A,RCvQ), ref=C183(PLPL), blocks=[AQYA, RN37, RCvQ]) [3mepoch[0m[2m=[0m1
[2m2025-03-25T07:55:49.411825Z[0m [32m INFO[0m [1mnode[0m[1m{[0m[3mname[0m[2m=[0mk#99f25ef6..[1m}[0m[2m:[0m [2msui_core::checkpoints[0m[2m:[0m [2mcrates/sui-core/src/checkpoints/mod.rs[0m[2m:[0m[2m1326:[0m Creating checkpoint(s) for 2 transactions [3mnext_checkpoint_seq[0m[2m=[0m396 [3mcheckpoint_timestamp[0m[2m=[0m1742889348874
[2m2025-03-25T07:55:49.411836Z[0m [32m INFO[0m [1mnode[0m[1m{[0m[3mname[0m[2m=[0mk#8dcff6d1..[1m}[0m[2m:[0m [2msui_core::checkpoints[0m[2m:[0m [2mcrates/sui-core/src/checkpoints/mod.rs[0m[2m:[0m[2m1326:[0m Creating checkpoint(s) for 2 transactions [3mnext_checkpoint_seq[0m[2m=[0m396 [3mcheckpoint_timestamp[0m[2m=[0m1742889348874
[2m2025-03-25T07:55:49.412139Z[0m [32m INFO[0m [1mnode[0m[1m{[0m[3mname[0m[2m=[0mk#8dcff6d1..[1m}[0m[2m:[0m [2msui_core::checkpoints::checkpoint_output[0m[2m:[0m [2mcrates/sui-core/src/checkpoints/checkpoint_output.rs[0m[2m:[0m[2m149:[0m Creating checkpoint CheckpointDigest(c8otaLGLAjcjy1R62H3NA58NKiZUYh6rYfsD6FPvbi7) at epoch 1, sequence 396, previous digest Some(CheckpointDigest(DNSHF5TqCLLtzaHbXfQJ8ytiJSVrfYk8WNpVv4VZgmce)), transactions count 2, content digest CheckpointContentsDigest(8vjEeBrYPWcxdqRFTFyjZuCDfJSxCY7CGLTjToXWYJFX), end_of_epoch_data None
[2m2025-03-25T07:55:49.412139Z[0m [32m INFO[0m [1mnode[0m[1m{[0m[3mname[0m[2m=[0mk#99f25ef6..[1m}[0m[2m:[0m [2msui_core::checkpoints::checkpoint_output[0m[2m:[0m [2mcrates/sui-core/src/checkpoints/checkpoint_output.rs[0m[2m:[0m[2m149:[0m Creating checkpoint CheckpointDigest(c8otaLGLAjcjy1R62H3NA58NKiZUYh6rYfsD6FPvbi7) at epoch 1, sequence 396, previous digest Some(CheckpointDigest(DNSHF5TqCLLtzaHbXfQJ8ytiJSVrfYk8WNpVv4VZgmce)), transactions count 2, content digest CheckpointContentsDigest(8vjEeBrYPWcxdqRFTFyjZuCDfJSxCY7CGLTjToXWYJFX), end_of_epoch_data None
[2m2025-03-25T07:55:49.414918Z[0m [32m INFO[0m [1mnode[0m[1m{[0m[3mname[0m[2m=[0mk#addeef94..[1m}[0m[2m:[0m [2msui_core::checkpoints[0m[2m:[0m [2mcrates/sui-core/src/checkpoints/mod.rs[0m[2m:[0m[2m1326:[0m Creating checkpoint(s) for 2 transactions [3mnext_checkpoint_seq[0m[2m=[0m396 [3mcheckpoint_timestamp[0m[2m=[0m1742889348874
[2m2025-03-25T07:55:49.415178Z[0m [32m INFO[0m [1mnode[0m[1m{[0m[3mname[0m[2m=[0mk#99f25ef6..[1m}[0m[2m:[0m [2msui_core::checkpoints::checkpoint_output[0m[2m:[0m [2mcrates/sui-core/src/checkpoints/checkpoint_output.rs[0m[2m:[0m[2m196:[0m Certified checkpoint with sequence 395 and digest DNSHF5TqCLLtzaHbXfQJ8ytiJSVrfYk8WNpVv4VZgmce
[2m2025-03-25T07:55:49.415180Z[0m [32m INFO[0m [1mnode[0m[1m{[0m[3mname[0m[2m=[0mk#8dcff6d1..[1m}[0m[2m:[0m [2msui_core::checkpoints::checkpoint_output[0m[2m:[0m [2mcrates/sui-core/src/checkpoints/checkpoint_output.rs[0m[2m:[0m[2m196:[0m Certified checkpoint with sequence 395 and digest DNSHF5TqCLLtzaHbXfQJ8ytiJSVrfYk8WNpVv4VZgmce
[2m2025-03-25T07:55:49.415172Z[0m [32m INFO[0m [1mnode[0m[1m{[0m[3mname[0m[2m=[0mk#addeef94..[1m}[0m[2m:[0m [2msui_core::checkpoints::checkpoint_output[0m[2m:[0m [2mcrates/sui-core/src/checkpoints/checkpoint_output.rs[0m[2m:[0m[2m149:[0m Creating checkpoint CheckpointDigest(c8otaLGLAjcjy1R62H3NA58NKiZUYh6rYfsD6FPvbi7) at epoch 1, sequence 396, previous digest Some(CheckpointDigest(DNSHF5TqCLLtzaHbXfQJ8ytiJSVrfYk8WNpVv4VZgmce)), transactions count 2, content digest CheckpointContentsDigest(8vjEeBrYPWcxdqRFTFyjZuCDfJSxCY7CGLTjToXWYJFX), end_of_epoch_data None
[2m2025-03-25T07:55:49.415637Z[0m [32m INFO[0m [1mnode[0m[1m{[0m[3mname[0m[2m=[0mk#8dcff6d1..[1m}[0m[2m:[0m [2msui_core::checkpoints::checkpoint_executor[0m[2m:[0m [2mcrates/sui-core/src/checkpoints/checkpoint_executor/mod.rs[0m[2m:[0m[2m332:[0m Received checkpoint summary from state sync [3msequence_number[0m[2m=[0m395
[2m2025-03-25T07:55:49.415637Z[0m [32m INFO[0m [1mnode[0m[1m{[0m[3mname[0m[2m=[0mk#99f25ef6..[1m}[0m[2m:[0m [2msui_core::checkpoints::checkpoint_executor[0m[2m:[0m [2mcrates/sui-core/src/checkpoints/checkpoint_executor/mod.rs[0m[2m:[0m[2m332:[0m Received checkpoint summary from state sync [3msequence_number[0m[2m=[0m395
[2m2025-03-25T07:55:49.416830Z[0m [32m INFO[0m [1mnode[0m[1m{[0m[3mname[0m[2m=[0mk#99f25ef6..[1m}[0m[2m:[0m [2msui_core::state_accumulator[0m[2m:[0m [2mcrates/sui-core/src/state_accumulator.rs[0m[2m:[0m[2m675:[0m accumulating running root for checkpoint 395
[2m2025-03-25T07:55:49.416835Z[0m [32m INFO[0m [1mnode[0m[1m{[0m[3mname[0m[2m=[0mk#8dcff6d1..[1m}[0m[2m:[0m [2msui_core::state_accumulator[0m[2m:[0m [2mcrates/sui-core/src/state_accumulator.rs[0m[2m:[0m[2m675:[0m accumulating running root for checkpoint 395
[2m2025-03-25T07:55:49.419007Z[0m [32m INFO[0m [1mnode[0m[1m{[0m[3mname[0m[2m=[0mk#addeef94..[1m}[0m[2m:[0m [2msui_core::checkpoints::checkpoint_executor[0m[2m:[0m [2mcrates/sui-core/src/checkpoints/checkpoint_executor/mod.rs[0m[2m:[0m[2m332:[0m Received checkpoint summary from state sync [3msequence_number[0m[2m=[0m395
[2m2025-03-25T07:55:49.419717Z[0m [32m INFO[0m [1mnode[0m[1m{[0m[3mname[0m[2m=[0mk#addeef94..[1m}[0m[2m:[0m [2msui_core::state_accumulator[0m[2m:[0m [2mcrates/sui-core/src/state_accumulator.rs[0m[2m:[0m[2m675:[0m accumulating running root for checkpoint 395
[2m2025-03-25T07:55:49.486151Z[0m [32m INFO[0m [2msui_bridge::aml_checker[0m[2m:[0m [2mcrates/sui-bridge/src/aml_checker.rs[0m[2m:[0m[2m101:[0m aml checker eth address:0x14dc79964da2c08b23698b3d3cc7ca32193d9955 is_passed: true tx_hash: [55, 160, 165, 158, 176, 178, 13, 114, 153, 41, 207, 219, 177, 113, 148, 32, 105, 136, 34, 159, 160, 232, 254, 172, 228, 34, 13, 230, 112, 248, 155, 242]
[2m2025-03-25T07:55:49.486284Z[0m [32m INFO[0m [2msui_bridge::action_executor[0m[2m:[0m [2mcrates/sui-bridge/src/action_executor.rs[0m[2m:[0m[2m660:[0m bbking 325 action2: EthToSuiBridgeAction(EthToSuiBridgeAction { eth_tx_hash: 0x37a0a59eb0b20d729929cfdbb17194206988229fa0e8feace4220de670f89bf2, eth_event_index: 1, eth_bridge_event: EthToSuiTokenBridgeV1 { nonce: 0, sui_chain_id: SuiCustom, eth_chain_id: EthCustom, sui_address: 0x04a92ab35c30447220964695cc04dfdb26d007c17bf50c178f19eacb981afca1, eth_address: 0x14dc79964da2c08b23698b3d3cc7ca32193d9955, token_id: 4, sui_adjusted_amount: 100000000, tx_hash: [55, 160, 165, 158, 176, 178, 13, 114, 153, 41, 207, 219, 177, 113, 148, 32, 105, 136, 34, 159, 160, 232, 254, 172, 228, 34, 13, 230, 112, 248, 155, 242], event_idx: 1 } })
[2m2025-03-25T07:55:49.486302Z[0m [32m INFO[0m [2msui_bridge::action_executor[0m[2m:[0m [2mcrates/sui-bridge/src/action_executor.rs[0m[2m:[0m[2m669:[0m bbking action: EthToSuiBridgeAction { eth_tx_hash: 0x37a0a59eb0b20d729929cfdbb17194206988229fa0e8feace4220de670f89bf2, eth_event_index: 1, eth_bridge_event: EthToSuiTokenBridgeV1 { nonce: 0, sui_chain_id: SuiCustom, eth_chain_id: EthCustom, sui_address: 0x04a92ab35c30447220964695cc04dfdb26d007c17bf50c178f19eacb981afca1, eth_address: 0x14dc79964da2c08b23698b3d3cc7ca32193d9955, token_id: 5, sui_adjusted_amount: 100000000000, tx_hash: [55, 160, 165, 158, 176, 178, 13, 114, 153, 41, 207, 219, 177, 113, 148, 32, 105, 136, 34, 159, 160, 232, 254, 172, 228, 34, 13, 230, 112, 248, 155, 242], event_idx: 1 } }
bbking action: EthToSuiBridgeAction { eth_tx_hash: 0x37a0a59eb0b20d729929cfdbb17194206988229fa0e8feace4220de670f89bf2, eth_event_index: 1, eth_bridge_event: EthToSuiTokenBridgeV1 { nonce: 0, sui_chain_id: SuiCustom, eth_chain_id: EthCustom, sui_address: 0x04a92ab35c30447220964695cc04dfdb26d007c17bf50c178f19eacb981afca1, eth_address: 0x14dc79964da2c08b23698b3d3cc7ca32193d9955, token_id: 5, sui_adjusted_amount: 100000000000, tx_hash: [55, 160, 165, 158, 176, 178, 13, 114, 153, 41, 207, 219, 177, 113, 148, 32, 105, 136, 34, 159, 160, 232, 254, 172, 228, 34, 13, 230, 112, 248, 155, 242], event_idx: 1 } }
[2m2025-03-25T07:55:49.486420Z[0m [32m INFO[0m [1mhandle_signing_task[0m[1m{[0m[3maction_key[0m[2m=[0mBridgeActionKey(0,12,0) [3mattempt_times[0m[2m=[0m0[1m}[0m[2m:[0m [2msui_bridge::action_executor[0m[2m:[0m [2mcrates/sui-bridge/src/action_executor.rs[0m[2m:[0m[2m264:[0m Received action for signing: EthToSuiBridgeAction(EthToSuiBridgeAction { eth_tx_hash: 0x37a0a59eb0b20d729929cfdbb17194206988229fa0e8feace4220de670f89bf2, eth_event_index: 1, eth_bridge_event: EthToSuiTokenBridgeV1 { nonce: 0, sui_chain_id: SuiCustom, eth_chain_id: EthCustom, sui_address: 0x04a92ab35c30447220964695cc04dfdb26d007c17bf50c178f19eacb981afca1, eth_address: 0x14dc79964da2c08b23698b3d3cc7ca32193d9955, token_id: 5, sui_adjusted_amount: 100000000000, tx_hash: [55, 160, 165, 158, 176, 178, 13, 114, 153, 41, 207, 219, 177, 113, 148, 32, 105, 136, 34, 159, 160, 232, 254, 172, 228, 34, 13, 230, 112, 248, 155, 242], event_idx: 1 } })
[2m2025-03-25T07:55:49.506139Z[0m [32m INFO[0m [2msui_bridge::eth_syncer[0m[2m:[0m [2mcrates/sui-bridge/src/eth_syncer.rs[0m[2m:[0m[2m120:[0m Observed new finalized eth block: 111
[2m2025-03-25T07:55:49.637097Z[0m [32m INFO[0m [1mnode[0m[1m{[0m[3mname[0m[2m=[0mk#99f25ef6..[1m}[0m[2m:[0m [2mconsensus_core::core[0m[2m:[0m [2mconsensus/core/src/core.rs[0m[2m:[0m[2m945:[0m Included 3 ancestors & excluded 0 ancestors for proposal in round 196
[2m2025-03-25T07:55:49.637474Z[0m [32m INFO[0m [1mnode[0m[1m{[0m[3mname[0m[2m=[0mk#8dcff6d1..[1m}[0m[2m:[0m [2mconsensus_core::core[0m[2m:[0m [2mconsensus/core/src/core.rs[0m[2m:[0m[2m945:[0m Included 3 ancestors & excluded 0 ancestors for proposal in round 196
[2m2025-03-25T07:55:49.637464Z[0m [32m INFO[0m [1mnode[0m[1m{[0m[3mname[0m[2m=[0mk#99f25ef6..[1m}[0m[2m:[0m [2mconsensus_core::core[0m[2m:[0m [2mconsensus/core/src/core.rs[0m[2m:[0m[2m531:[0m Created block B196(B,FHV/rMoYdCmd2aUOzAvZLuRv57FnCVG7Uk8Hv7Jzr7g=)(1742889349637ms;[B195(B,b+wnqp2wKQR+hq66TF2TQIANOFek0xQLe7+B6VvQ2HY=), B195(A,u7fVmelzd+PZlMxNGxBWtsBThYVm30KA/gMjdFvUg2U=), B195(C,MD7/XW2DwwzYDBGzNJWGcpZvpAvHSKqWZL+zb58zhQE=)];1t;1c) for round 196
[2m2025-03-25T07:55:49.637770Z[0m [32m INFO[0m [1mnode[0m[1m{[0m[3mname[0m[2m=[0mk#8dcff6d1..[1m}[0m[2m:[0m [2mconsensus_core::core[0m[2m:[0m [2mconsensus/core/src/core.rs[0m[2m:[0m[2m531:[0m Created block B196(A,6ogU4+kTRj2KgG9pcN6av5LGEJNOslzU12RBbjgLqV0=)(1742889349637ms;[B195(A,u7fVmelzd+PZlMxNGxBWtsBThYVm30KA/gMjdFvUg2U=), B195(B,b+wnqp2wKQR+hq66TF2TQIANOFek0xQLe7+B6VvQ2HY=), B195(C,MD7/XW2DwwzYDBGzNJWGcpZvpAvHSKqWZL+zb58zhQE=)];1t;1c) for round 196
[2m2025-03-25T07:55:49.640903Z[0m [32m INFO[0m [1mnode[0m[1m{[0m[3mname[0m[2m=[0mk#addeef94..[1m}[0m[2m:[0m [2mconsensus_core::core[0m[2m:[0m [2mconsensus/core/src/core.rs[0m[2m:[0m[2m945:[0m Included 3 ancestors & excluded 0 ancestors for proposal in round 196
[2m2025-03-25T07:55:49.641215Z[0m [32m INFO[0m [1mnode[0m[1m{[0m[3mname[0m[2m=[0mk#addeef94..[1m}[0m[2m:[0m [2mconsensus_core::core[0m[2m:[0m [2mconsensus/core/src/core.rs[0m[2m:[0m[2m531:[0m Created block B196(C,xkyloyIwUagguCCfkDQRG76nRVu1vNL1UpDRRJneeQg=)(1742889349641ms;[B195(C,MD7/XW2DwwzYDBGzNJWGcpZvpAvHSKqWZL+zb58zhQE=), B195(A,u7fVmelzd+PZlMxNGxBWtsBThYVm30KA/gMjdFvUg2U=), B195(B,b+wnqp2wKQR+hq66TF2TQIANOFek0xQLe7+B6VvQ2HY=)];1t;1c) for round 196
[2m2025-03-25T07:55:49.641286Z[0m [32m INFO[0m [1mnode[0m[1m{[0m[3mname[0m[2m=[0mk#addeef94..[1m}[0m[2m:[0m [2mconsensus_core::core[0m[2m:[0m [2mconsensus/core/src/core.rs[0m[2m:[0m[2m630:[0m Committing 1 leaders: B194(B,+QIy)
[2m2025-03-25T07:55:49.641357Z[0m [32m INFO[0m [1mnode[0m[1m{[0m[3mname[0m[2m=[0mk#addeef94..[1m}[0m[2m:[0m [2mconsensus_core::commit_observer[0m[2m:[0m [2mconsensus/core/src/commit_observer.rs[0m[2m:[0m[2m173:[0m Consensus commit C184(oOsK) with leader B194(B,+QIy) has 3 blocks
[2m2025-03-25T07:55:49.641441Z[0m [32m INFO[0m [1mnode[0m[1m{[0m[3mname[0m[2m=[0mk#addeef94..[1m}[0m[2m:[0m [2msui_core::consensus_handler[0m[2m:[0m [2mcrates/sui-core/src/consensus_handler.rs[0m[2m:[0m[2m232:[0m Received consensus output [3mconsensus_commit[0m[2m=[0mCommittedSubDag(leader=B194(B,+QIy), ref=C184(oOsK), blocks=[Y4RT, sSRM, +QIy]) [3mepoch[0m[2m=[0m1
[2m2025-03-25T07:55:49.644544Z[0m [32m INFO[0m [1mnode[0m[1m{[0m[3mname[0m[2m=[0mk#8dcff6d1..[1m}[0m[2m:[0m [2msui_core::checkpoints::checkpoint_output[0m[2m:[0m [2mcrates/sui-core/src/checkpoints/checkpoint_output.rs[0m[2m:[0m[2m196:[0m Certified checkpoint with sequence 396 and digest c8otaLGLAjcjy1R62H3NA58NKiZUYh6rYfsD6FPvbi7
[2m2025-03-25T07:55:49.644548Z[0m [32m INFO[0m [1mnode[0m[1m{[0m[3mname[0m[2m=[0mk#99f25ef6..[1m}[0m[2m:[0m [2msui_core::checkpoints::checkpoint_output[0m[2m:[0m [2mcrates/sui-core/src/checkpoints/checkpoint_output.rs[0m[2m:[0m[2m196:[0m Certified checkpoint with sequence 396 and digest c8otaLGLAjcjy1R62H3NA58NKiZUYh6rYfsD6FPvbi7
[2m2025-03-25T07:55:49.644652Z[0m [32m INFO[0m [1mnode[0m[1m{[0m[3mname[0m[2m=[0mk#8dcff6d1..[1m}[0m[2m:[0m [2mconsensus_core::core[0m[2m:[0m [2mconsensus/core/src/core.rs[0m[2m:[0m[2m630:[0m Committing 1 leaders: B194(B,+QIy)
[2m2025-03-25T07:55:49.644652Z[0m [32m INFO[0m [1mnode[0m[1m{[0m[3mname[0m[2m=[0mk#99f25ef6..[1m}[0m[2m:[0m [2mconsensus_core::core[0m[2m:[0m [2mconsensus/core/src/core.rs[0m[2m:[0m[2m630:[0m Committing 1 leaders: B194(B,+QIy)
[2m2025-03-25T07:55:49.644749Z[0m [32m INFO[0m [1mnode[0m[1m{[0m[3mname[0m[2m=[0mk#8dcff6d1..[1m}[0m[2m:[0m [2mconsensus_core::commit_observer[0m[2m:[0m [2mconsensus/core/src/commit_observer.rs[0m[2m:[0m[2m173:[0m Consensus commit C184(oOsK) with leader B194(B,+QIy) has 3 blocks
[2m2025-03-25T07:55:49.644753Z[0m [32m INFO[0m [1mnode[0m[1m{[0m[3mname[0m[2m=[0mk#99f25ef6..[1m}[0m[2m:[0m [2mconsensus_core::commit_observer[0m[2m:[0m [2mconsensus/core/src/commit_observer.rs[0m[2m:[0m[2m173:[0m Consensus commit C184(oOsK) with leader B194(B,+QIy) has 3 blocks
[2m2025-03-25T07:55:49.645199Z[0m [32m INFO[0m [1mnode[0m[1m{[0m[3mname[0m[2m=[0mk#8dcff6d1..[1m}[0m[2m:[0m [2msui_core::consensus_handler[0m[2m:[0m [2mcrates/sui-core/src/consensus_handler.rs[0m[2m:[0m[2m232:[0m Received consensus output [3mconsensus_commit[0m[2m=[0mCommittedSubDag(leader=B194(B,+QIy), ref=C184(oOsK), blocks=[Y4RT, sSRM, +QIy]) [3mepoch[0m[2m=[0m1
[2m2025-03-25T07:55:49.645199Z[0m [32m INFO[0m [1mnode[0m[1m{[0m[3mname[0m[2m=[0mk#99f25ef6..[1m}[0m[2m:[0m [2msui_core::consensus_handler[0m[2m:[0m [2mcrates/sui-core/src/consensus_handler.rs[0m[2m:[0m[2m232:[0m Received consensus output [3mconsensus_commit[0m[2m=[0mCommittedSubDag(leader=B194(B,+QIy), ref=C184(oOsK), blocks=[Y4RT, sSRM, +QIy]) [3mepoch[0m[2m=[0m1
[2m2025-03-25T07:55:49.645815Z[0m [32m INFO[0m [1mnode[0m[1m{[0m[3mname[0m[2m=[0mk#8dcff6d1..[1m}[0m[2m:[0m [2msui_core::checkpoints::checkpoint_executor[0m[2m:[0m [2mcrates/sui-core/src/checkpoints/checkpoint_executor/mod.rs[0m[2m:[0m[2m332:[0m Received checkpoint summary from state sync [3msequence_number[0m[2m=[0m396
[2m2025-03-25T07:55:49.645815Z[0m [32m INFO[0m [1mnode[0m[1m{[0m[3mname[0m[2m=[0mk#99f25ef6..[1m}[0m[2m:[0m [2msui_core::checkpoints::checkpoint_executor[0m[2m:[0m [2mcrates/sui-core/src/checkpoints/checkpoint_executor/mod.rs[0m[2m:[0m[2m332:[0m Received checkpoint summary from state sync [3msequence_number[0m[2m=[0m396
[2m2025-03-25T07:55:49.659386Z[0m [32m INFO[0m [1mnode[0m[1m{[0m[3mname[0m[2m=[0mk#8dcff6d1..[1m}[0m[2m:[0m [2msui_core::state_accumulator[0m[2m:[0m [2mcrates/sui-core/src/state_accumulator.rs[0m[2m:[0m[2m675:[0m accumulating running root for checkpoint 396
[2m2025-03-25T07:55:49.659388Z[0m [32m INFO[0m [1mnode[0m[1m{[0m[3mname[0m[2m=[0mk#99f25ef6..[1m}[0m[2m:[0m [2msui_core::state_accumulator[0m[2m:[0m [2mcrates/sui-core/src/state_accumulator.rs[0m[2m:[0m[2m675:[0m accumulating running root for checkpoint 396
[2m2025-03-25T07:55:49.685653Z[0m [32m INFO[0m [1mnode[0m[1m{[0m[3mname[0m[2m=[0mk#addeef94..[1m}[0m[2m:[0m [2msui_core::checkpoints[0m[2m:[0m [2mcrates/sui-core/src/checkpoints/mod.rs[0m[2m:[0m[2m1326:[0m Creating checkpoint(s) for 1 transactions [3mnext_checkpoint_seq[0m[2m=[0m397 [3mcheckpoint_timestamp[0m[2m=[0m1742889349128
[2m2025-03-25T07:55:49.685891Z[0m [32m INFO[0m [1mnode[0m[1m{[0m[3mname[0m[2m=[0mk#addeef94..[1m}[0m[2m:[0m [2msui_core::checkpoints::checkpoint_output[0m[2m:[0m [2mcrates/sui-core/src/checkpoints/checkpoint_output.rs[0m[2m:[0m[2m149:[0m Creating checkpoint CheckpointDigest(CaNeAsyVCaAaNuTSw7wBztTgMdHcB15CTHPyP46HPyEe) at epoch 1, sequence 397, previous digest Some(CheckpointDigest(c8otaLGLAjcjy1R62H3NA58NKiZUYh6rYfsD6FPvbi7)), transactions count 1, content digest CheckpointContentsDigest(Ci4AkZvWgTX1JHM7coztCCcSJvoek2UB4dWZaDL69uss), end_of_epoch_data None
[2m2025-03-25T07:55:49.690651Z[0m [32m INFO[0m [1mnode[0m[1m{[0m[3mname[0m[2m=[0mk#99f25ef6..[1m}[0m[2m:[0m [2msui_core::checkpoints[0m[2m:[0m [2mcrates/sui-core/src/checkpoints/mod.rs[0m[2m:[0m[2m1326:[0m Creating checkpoint(s) for 1 transactions [3mnext_checkpoint_seq[0m[2m=[0m397 [3mcheckpoint_timestamp[0m[2m=[0m1742889349128
[2m2025-03-25T07:55:49.690842Z[0m [32m INFO[0m [1mnode[0m[1m{[0m[3mname[0m[2m=[0mk#99f25ef6..[1m}[0m[2m:[0m [2msui_core::checkpoints::checkpoint_output[0m[2m:[0m [2mcrates/sui-core/src/checkpoints/checkpoint_output.rs[0m[2m:[0m[2m149:[0m Creating checkpoint CheckpointDigest(CaNeAsyVCaAaNuTSw7wBztTgMdHcB15CTHPyP46HPyEe) at epoch 1, sequence 397, previous digest Some(CheckpointDigest(c8otaLGLAjcjy1R62H3NA58NKiZUYh6rYfsD6FPvbi7)), transactions count 1, content digest CheckpointContentsDigest(Ci4AkZvWgTX1JHM7coztCCcSJvoek2UB4dWZaDL69uss), end_of_epoch_data None
[2m2025-03-25T07:55:49.690874Z[0m [32m INFO[0m [1mnode[0m[1m{[0m[3mname[0m[2m=[0mk#8dcff6d1..[1m}[0m[2m:[0m [2msui_core::checkpoints[0m[2m:[0m [2mcrates/sui-core/src/checkpoints/mod.rs[0m[2m:[0m[2m1326:[0m Creating checkpoint(s) for 1 transactions [3mnext_checkpoint_seq[0m[2m=[0m397 [3mcheckpoint_timestamp[0m[2m=[0m1742889349128
[2m2025-03-25T07:55:49.691043Z[0m [32m INFO[0m [1mnode[0m[1m{[0m[3mname[0m[2m=[0mk#8dcff6d1..[1m}[0m[2m:[0m [2msui_core::checkpoints::checkpoint_output[0m[2m:[0m [2mcrates/sui-core/src/checkpoints/checkpoint_output.rs[0m[2m:[0m[2m149:[0m Creating checkpoint CheckpointDigest(CaNeAsyVCaAaNuTSw7wBztTgMdHcB15CTHPyP46HPyEe) at epoch 1, sequence 397, previous digest Some(CheckpointDigest(c8otaLGLAjcjy1R62H3NA58NKiZUYh6rYfsD6FPvbi7)), transactions count 1, content digest CheckpointContentsDigest(Ci4AkZvWgTX1JHM7coztCCcSJvoek2UB4dWZaDL69uss), end_of_epoch_data None
[2m2025-03-25T07:55:49.707521Z[0m [32m INFO[0m [1mnode[0m[1m{[0m[3mname[0m[2m=[0mk#addeef94..[1m}[0m[2m:[0m [2msui_core::checkpoints::checkpoint_executor[0m[2m:[0m [2mcrates/sui-core/src/checkpoints/checkpoint_executor/mod.rs[0m[2m:[0m[2m332:[0m Received checkpoint summary from state sync [3msequence_number[0m[2m=[0m396
[2m2025-03-25T07:55:49.753750Z[0m [32m INFO[0m [1mnode[0m[1m{[0m[3mname[0m[2m=[0mk#addeef94..[1m}[0m[2m:[0m [2msui_core::state_accumulator[0m[2m:[0m [2mcrates/sui-core/src/state_accumulator.rs[0m[2m:[0m[2m675:[0m accumulating running root for checkpoint 396
[2m2025-03-25T07:55:49.894484Z[0m [32m INFO[0m [1mnode[0m[1m{[0m[3mname[0m[2m=[0mk#addeef94..[1m}[0m[2m:[0m [2mconsensus_core::core[0m[2m:[0m [2mconsensus/core/src/core.rs[0m[2m:[0m[2m945:[0m Included 3 ancestors & excluded 0 ancestors for proposal in round 197
[2m2025-03-25T07:55:49.894834Z[0m [32m INFO[0m [1mnode[0m[1m{[0m[3mname[0m[2m=[0mk#addeef94..[1m}[0m[2m:[0m [2mconsensus_core::core[0m[2m:[0m [2mconsensus/core/src/core.rs[0m[2m:[0m[2m531:[0m Created block B197(C,qkRmJRdBljxQxbJeMzOTSjcKLd5wYeO1+PSdIV2TMvg=)(1742889349894ms;[B196(C,xkyloyIwUagguCCfkDQRG76nRVu1vNL1UpDRRJneeQg=), B196(A,6ogU4+kTRj2KgG9pcN6av5LGEJNOslzU12RBbjgLqV0=), B196(B,FHV/rMoYdCmd2aUOzAvZLuRv57FnCVG7Uk8Hv7Jzr7g=)];1t;1c) for round 197
[2m2025-03-25T07:55:49.896769Z[0m [32m INFO[0m [1mnode[0m[1m{[0m[3mname[0m[2m=[0mk#8dcff6d1..[1m}[0m[2m:[0m [2mconsensus_core::core[0m[2m:[0m [2mconsensus/core/src/core.rs[0m[2m:[0m[2m945:[0m Included 3 ancestors & excluded 0 ancestors for proposal in round 197
[2m2025-03-25T07:55:49.896769Z[0m [32m INFO[0m [1mnode[0m[1m{[0m[3mname[0m[2m=[0mk#99f25ef6..[1m}[0m[2m:[0m [2mconsensus_core::core[0m[2m:[0m [2mconsensus/core/src/core.rs[0m[2m:[0m[2m945:[0m Included 3 ancestors & excluded 0 ancestors for proposal in round 197
[2m2025-03-25T07:55:49.897056Z[0m [32m INFO[0m [1mnode[0m[1m{[0m[3mname[0m[2m=[0mk#99f25ef6..[1m}[0m[2m:[0m [2mconsensus_core::core[0m[2m:[0m [2mconsensus/core/src/core.rs[0m[2m:[0m[2m531:[0m Created block B197(B,9obpe+PJRIqV3xsc5QmabbcjcPG8CRONb32mSZ6jaIw=)(1742889349896ms;[B196(B,FHV/rMoYdCmd2aUOzAvZLuRv57FnCVG7Uk8Hv7Jzr7g=), B196(A,6ogU4+kTRj2KgG9pcN6av5LGEJNOslzU12RBbjgLqV0=), B196(C,xkyloyIwUagguCCfkDQRG76nRVu1vNL1UpDRRJneeQg=)];1t;1c) for round 197
[2m2025-03-25T07:55:49.897057Z[0m [32m INFO[0m [1mnode[0m[1m{[0m[3mname[0m[2m=[0mk#8dcff6d1..[1m}[0m[2m:[0m [2mconsensus_core::core[0m[2m:[0m [2mconsensus/core/src/core.rs[0m[2m:[0m[2m531:[0m Created block B197(A,iyBJXXYUZcN8DgDGOX3+E0FvTLpIh3xAjRvLDgngErE=)(1742889349896ms;[B196(A,6ogU4+kTRj2KgG9pcN6av5LGEJNOslzU12RBbjgLqV0=), B196(B,FHV/rMoYdCmd2aUOzAvZLuRv57FnCVG7Uk8Hv7Jzr7g=), B196(C,xkyloyIwUagguCCfkDQRG76nRVu1vNL1UpDRRJneeQg=)];1t;1c) for round 197
[2m2025-03-25T07:55:49.897125Z[0m [32m INFO[0m [1mnode[0m[1m{[0m[3mname[0m[2m=[0mk#8dcff6d1..[1m}[0m[2m:[0m [2mconsensus_core::core[0m[2m:[0m [2mconsensus/core/src/core.rs[0m[2m:[0m[2m630:[0m Committing 1 leaders: B195(A,u7fV)
[2m2025-03-25T07:55:49.897126Z[0m [32m INFO[0m [1mnode[0m[1m{[0m[3mname[0m[2m=[0mk#99f25ef6..[1m}[0m[2m:[0m [2mconsensus_core::core[0m[2m:[0m [2mconsensus/core/src/core.rs[0m[2m:[0m[2m630:[0m Committing 1 leaders: B195(A,u7fV)
[2m2025-03-25T07:55:49.897197Z[0m [32m INFO[0m [1mnode[0m[1m{[0m[3mname[0m[2m=[0mk#8dcff6d1..[1m}[0m[2m:[0m [2mconsensus_core::commit_observer[0m[2m:[0m [2mconsensus/core/src/commit_observer.rs[0m[2m:[0m[2m173:[0m Consensus commit C185(A/aL) with leader B195(A,u7fV) has 3 blocks
[2m2025-03-25T07:55:49.897197Z[0m [32m INFO[0m [1mnode[0m[1m{[0m[3mname[0m[2m=[0mk#99f25ef6..[1m}[0m[2m:[0m [2mconsensus_core::commit_observer[0m[2m:[0m [2mconsensus/core/src/commit_observer.rs[0m[2m:[0m[2m173:[0m Consensus commit C185(A/aL) with leader B195(A,u7fV) has 3 blocks
[2m2025-03-25T07:55:49.897285Z[0m [32m INFO[0m [1mnode[0m[1m{[0m[3mname[0m[2m=[0mk#8dcff6d1..[1m}[0m[2m:[0m [2msui_core::consensus_handler[0m[2m:[0m [2mcrates/sui-core/src/consensus_handler.rs[0m[2m:[0m[2m232:[0m Received consensus output [3mconsensus_commit[0m[2m=[0mCommittedSubDag(leader=B195(A,u7fV), ref=C185(A/aL), blocks=[XpKj, 9Wra, u7fV]) [3mepoch[0m[2m=[0m1
[2m2025-03-25T07:55:49.897285Z[0m [32m INFO[0m [1mnode[0m[1m{[0m[3mname[0m[2m=[0mk#99f25ef6..[1m}[0m[2m:[0m [2msui_core::consensus_handler[0m[2m:[0m [2mcrates/sui-core/src/consensus_handler.rs[0m[2m:[0m[2m232:[0m Received consensus output [3mconsensus_commit[0m[2m=[0mCommittedSubDag(leader=B195(A,u7fV), ref=C185(A/aL), blocks=[XpKj, 9Wra, u7fV]) [3mepoch[0m[2m=[0m1
[2m2025-03-25T07:55:49.900983Z[0m [32m INFO[0m [1mnode[0m[1m{[0m[3mname[0m[2m=[0mk#addeef94..[1m}[0m[2m:[0m [2mconsensus_core::core[0m[2m:[0m [2mconsensus/core/src/core.rs[0m[2m:[0m[2m630:[0m Committing 1 leaders: B195(A,u7fV)
[2m2025-03-25T07:55:49.901084Z[0m [32m INFO[0m [1mnode[0m[1m{[0m[3mname[0m[2m=[0mk#addeef94..[1m}[0m[2m:[0m [2mconsensus_core::commit_observer[0m[2m:[0m [2mconsensus/core/src/commit_observer.rs[0m[2m:[0m[2m173:[0m Consensus commit C185(A/aL) with leader B195(A,u7fV) has 3 blocks
[2m2025-03-25T07:55:49.901218Z[0m [32m INFO[0m [1mnode[0m[1m{[0m[3mname[0m[2m=[0mk#addeef94..[1m}[0m[2m:[0m [2msui_core::consensus_handler[0m[2m:[0m [2mcrates/sui-core/src/consensus_handler.rs[0m[2m:[0m[2m232:[0m Received consensus output [3mconsensus_commit[0m[2m=[0mCommittedSubDag(leader=B195(A,u7fV), ref=C185(A/aL), blocks=[XpKj, 9Wra, u7fV]) [3mepoch[0m[2m=[0m1
[2m2025-03-25T07:55:49.923924Z[0m [32m INFO[0m [1mnode[0m[1m{[0m[3mname[0m[2m=[0mk#8dcff6d1..[1m}[0m[2m:[0m [2msui_core::checkpoints[0m[2m:[0m [2mcrates/sui-core/src/checkpoints/mod.rs[0m[2m:[0m[2m1326:[0m Creating checkpoint(s) for 2 transactions [3mnext_checkpoint_seq[0m[2m=[0m398 [3mcheckpoint_timestamp[0m[2m=[0m1742889349384
[2m2025-03-25T07:55:49.923925Z[0m [32m INFO[0m [1mnode[0m[1m{[0m[3mname[0m[2m=[0mk#99f25ef6..[1m}[0m[2m:[0m [2msui_core::checkpoints[0m[2m:[0m [2mcrates/sui-core/src/checkpoints/mod.rs[0m[2m:[0m[2m1326:[0m Creating checkpoint(s) for 2 transactions [3mnext_checkpoint_seq[0m[2m=[0m398 [3mcheckpoint_timestamp[0m[2m=[0m1742889349384
[2m2025-03-25T07:55:49.924240Z[0m [32m INFO[0m [1mnode[0m[1m{[0m[3mname[0m[2m=[0mk#8dcff6d1..[1m}[0m[2m:[0m [2msui_core::checkpoints::checkpoint_output[0m[2m:[0m [2mcrates/sui-core/src/checkpoints/checkpoint_output.rs[0m[2m:[0m[2m149:[0m Creating checkpoint CheckpointDigest(AzhbPq9HzRcQGVGrqX4aSxU6uxcKGb4STgQXkuCdZNRK) at epoch 1, sequence 398, previous digest Some(CheckpointDigest(CaNeAsyVCaAaNuTSw7wBztTgMdHcB15CTHPyP46HPyEe)), transactions count 2, content digest CheckpointContentsDigest(E9MpPuTw4S3BwZYPr2Dzd3Pp6VeX6CSK8srU4X1xKCsc), end_of_epoch_data None
[2m2025-03-25T07:55:49.924240Z[0m [32m INFO[0m [1mnode[0m[1m{[0m[3mname[0m[2m=[0mk#99f25ef6..[1m}[0m[2m:[0m [2msui_core::checkpoints::checkpoint_output[0m[2m:[0m [2mcrates/sui-core/src/checkpoints/checkpoint_output.rs[0m[2m:[0m[2m149:[0m Creating checkpoint CheckpointDigest(AzhbPq9HzRcQGVGrqX4aSxU6uxcKGb4STgQXkuCdZNRK) at epoch 1, sequence 398, previous digest Some(CheckpointDigest(CaNeAsyVCaAaNuTSw7wBztTgMdHcB15CTHPyP46HPyEe)), transactions count 2, content digest CheckpointContentsDigest(E9MpPuTw4S3BwZYPr2Dzd3Pp6VeX6CSK8srU4X1xKCsc), end_of_epoch_data None
[2m2025-03-25T07:55:49.927134Z[0m [32m INFO[0m [1mnode[0m[1m{[0m[3mname[0m[2m=[0mk#addeef94..[1m}[0m[2m:[0m [2msui_core::checkpoints[0m[2m:[0m [2mcrates/sui-core/src/checkpoints/mod.rs[0m[2m:[0m[2m1326:[0m Creating checkpoint(s) for 2 transactions [3mnext_checkpoint_seq[0m[2m=[0m398 [3mcheckpoint_timestamp[0m[2m=[0m1742889349384
[2m2025-03-25T07:55:49.927285Z[0m [32m INFO[0m [1mnode[0m[1m{[0m[3mname[0m[2m=[0mk#8dcff6d1..[1m}[0m[2m:[0m [2msui_core::checkpoints::checkpoint_output[0m[2m:[0m [2mcrates/sui-core/src/checkpoints/checkpoint_output.rs[0m[2m:[0m[2m196:[0m Certified checkpoint with sequence 397 and digest CaNeAsyVCaAaNuTSw7wBztTgMdHcB15CTHPyP46HPyEe
[2m2025-03-25T07:55:49.927290Z[0m [32m INFO[0m [1mnode[0m[1m{[0m[3mname[0m[2m=[0mk#99f25ef6..[1m}[0m[2m:[0m [2msui_core::checkpoints::checkpoint_output[0m[2m:[0m [2mcrates/sui-core/src/checkpoints/checkpoint_output.rs[0m[2m:[0m[2m196:[0m Certified checkpoint with sequence 397 and digest CaNeAsyVCaAaNuTSw7wBztTgMdHcB15CTHPyP46HPyEe
[2m2025-03-25T07:55:49.927381Z[0m [32m INFO[0m [1mnode[0m[1m{[0m[3mname[0m[2m=[0mk#addeef94..[1m}[0m[2m:[0m [2msui_core::checkpoints::checkpoint_output[0m[2m:[0m [2mcrates/sui-core/src/checkpoints/checkpoint_output.rs[0m[2m:[0m[2m149:[0m Creating checkpoint CheckpointDigest(AzhbPq9HzRcQGVGrqX4aSxU6uxcKGb4STgQXkuCdZNRK) at epoch 1, sequence 398, previous digest Some(CheckpointDigest(CaNeAsyVCaAaNuTSw7wBztTgMdHcB15CTHPyP46HPyEe)), transactions count 2, content digest CheckpointContentsDigest(E9MpPuTw4S3BwZYPr2Dzd3Pp6VeX6CSK8srU4X1xKCsc), end_of_epoch_data None
[2m2025-03-25T07:55:49.927737Z[0m [32m INFO[0m [1mnode[0m[1m{[0m[3mname[0m[2m=[0mk#8dcff6d1..[1m}[0m[2m:[0m [2msui_core::checkpoints::checkpoint_executor[0m[2m:[0m [2mcrates/sui-core/src/checkpoints/checkpoint_executor/mod.rs[0m[2m:[0m[2m332:[0m Received checkpoint summary from state sync [3msequence_number[0m[2m=[0m397
[2m2025-03-25T07:55:49.927737Z[0m [32m INFO[0m [1mnode[0m[1m{[0m[3mname[0m[2m=[0mk#99f25ef6..[1m}[0m[2m:[0m [2msui_core::checkpoints::checkpoint_executor[0m[2m:[0m [2mcrates/sui-core/src/checkpoints/checkpoint_executor/mod.rs[0m[2m:[0m[2m332:[0m Received checkpoint summary from state sync [3msequence_number[0m[2m=[0m397
[2m2025-03-25T07:55:49.928902Z[0m [32m INFO[0m [1mnode[0m[1m{[0m[3mname[0m[2m=[0mk#8dcff6d1..[1m}[0m[2m:[0m [2msui_core::state_accumulator[0m[2m:[0m [2mcrates/sui-core/src/state_accumulator.rs[0m[2m:[0m[2m675:[0m accumulating running root for checkpoint 397
[2m2025-03-25T07:55:49.928901Z[0m [32m INFO[0m [1mnode[0m[1m{[0m[3mname[0m[2m=[0mk#99f25ef6..[1m}[0m[2m:[0m [2msui_core::state_accumulator[0m[2m:[0m [2mcrates/sui-core/src/state_accumulator.rs[0m[2m:[0m[2m675:[0m accumulating running root for checkpoint 397
[2m2025-03-25T07:55:49.931051Z[0m [32m INFO[0m [1mnode[0m[1m{[0m[3mname[0m[2m=[0mk#addeef94..[1m}[0m[2m:[0m [2msui_core::checkpoints::checkpoint_executor[0m[2m:[0m [2mcrates/sui-core/src/checkpoints/checkpoint_executor/mod.rs[0m[2m:[0m[2m332:[0m Received checkpoint summary from state sync [3msequence_number[0m[2m=[0m397
[2m2025-03-25T07:55:49.931755Z[0m [32m INFO[0m [1mnode[0m[1m{[0m[3mname[0m[2m=[0mk#addeef94..[1m}[0m[2m:[0m [2msui_core::state_accumulator[0m[2m:[0m [2mcrates/sui-core/src/state_accumulator.rs[0m[2m:[0m[2m675:[0m accumulating running root for checkpoint 397
[2m2025-03-25T07:55:50.149934Z[0m [32m INFO[0m [1mnode[0m[1m{[0m[3mname[0m[2m=[0mk#8dcff6d1..[1m}[0m[2m:[0m [2mconsensus_core::core[0m[2m:[0m [2mconsensus/core/src/core.rs[0m[2m:[0m[2m945:[0m Included 3 ancestors & excluded 0 ancestors for proposal in round 198
[2m2025-03-25T07:55:50.149934Z[0m [32m INFO[0m [1mnode[0m[1m{[0m[3mname[0m[2m=[0mk#99f25ef6..[1m}[0m[2m:[0m [2mconsensus_core::core[0m[2m:[0m [2mconsensus/core/src/core.rs[0m[2m:[0m[2m945:[0m Included 3 ancestors & excluded 0 ancestors for proposal in round 198
[2m2025-03-25T07:55:50.150298Z[0m [32m INFO[0m [1mnode[0m[1m{[0m[3mname[0m[2m=[0mk#8dcff6d1..[1m}[0m[2m:[0m [2mconsensus_core::core[0m[2m:[0m [2mconsensus/core/src/core.rs[0m[2m:[0m[2m531:[0m Created block B198(A,cCu7GyOVCO4RYoXeX1leuospXs5CTq4BkbHDw/JzfJw=)(1742889350150ms;[B197(A,iyBJXXYUZcN8DgDGOX3+E0FvTLpIh3xAjRvLDgngErE=), B197(B,9obpe+PJRIqV3xsc5QmabbcjcPG8CRONb32mSZ6jaIw=), B197(C,qkRmJRdBljxQxbJeMzOTSjcKLd5wYeO1+PSdIV2TMvg=)];1t;1c) for round 198
[2m2025-03-25T07:55:50.150298Z[0m [32m INFO[0m [1mnode[0m[1m{[0m[3mname[0m[2m=[0mk#99f25ef6..[1m}[0m[2m:[0m [2mconsensus_core::core[0m[2m:[0m [2mconsensus/core/src/core.rs[0m[2m:[0m[2m531:[0m Created block B198(B,nTJn8uzEEwrdHvt930KYS2upr2kI9jOigdiOd4d4T+c=)(1742889350150ms;[B197(B,9obpe+PJRIqV3xsc5QmabbcjcPG8CRONb32mSZ6jaIw=), B197(A,iyBJXXYUZcN8DgDGOX3+E0FvTLpIh3xAjRvLDgngErE=), B197(C,qkRmJRdBljxQxbJeMzOTSjcKLd5wYeO1+PSdIV2TMvg=)];1t;1c) for round 198
[2m2025-03-25T07:55:50.153533Z[0m [32m INFO[0m [1mnode[0m[1m{[0m[3mname[0m[2m=[0mk#addeef94..[1m}[0m[2m:[0m [2mconsensus_core::core[0m[2m:[0m [2mconsensus/core/src/core.rs[0m[2m:[0m[2m945:[0m Included 3 ancestors & excluded 0 ancestors for proposal in round 198
[2m2025-03-25T07:55:50.153833Z[0m [32m INFO[0m [1mnode[0m[1m{[0m[3mname[0m[2m=[0mk#addeef94..[1m}[0m[2m:[0m [2mconsensus_core::core[0m[2m:[0m [2mconsensus/core/src/core.rs[0m[2m:[0m[2m531:[0m Created block B198(C,qLAIxK9fJiu5vmzvlFp8mHz+PNa47NjRg6V1Nx+sTkM=)(1742889350153ms;[B197(C,qkRmJRdBljxQxbJeMzOTSjcKLd5wYeO1+PSdIV2TMvg=), B197(A,iyBJXXYUZcN8DgDGOX3+E0FvTLpIh3xAjRvLDgngErE=), B197(B,9obpe+PJRIqV3xsc5QmabbcjcPG8CRONb32mSZ6jaIw=)];1t;1c) for round 198
[2m2025-03-25T07:55:50.153899Z[0m [32m INFO[0m [1mnode[0m[1m{[0m[3mname[0m[2m=[0mk#addeef94..[1m}[0m[2m:[0m [2mconsensus_core::core[0m[2m:[0m [2mconsensus/core/src/core.rs[0m[2m:[0m[2m630:[0m Committing 1 leaders: B196(B,FHV/)
[2m2025-03-25T07:55:50.153964Z[0m [32m INFO[0m [1mnode[0m[1m{[0m[3mname[0m[2m=[0mk#addeef94..[1m}[0m[2m:[0m [2mconsensus_core::commit_observer[0m[2m:[0m [2mconsensus/core/src/commit_observer.rs[0m[2m:[0m[2m173:[0m Consensus commit C186(bjM9) with leader B196(B,FHV/) has 3 blocks
[2m2025-03-25T07:55:50.154044Z[0m [32m INFO[0m [1mnode[0m[1m{[0m[3mname[0m[2m=[0mk#addeef94..[1m}[0m[2m:[0m [2msui_core::consensus_handler[0m[2m:[0m [2mcrates/sui-core/src/consensus_handler.rs[0m[2m:[0m[2m232:[0m Received consensus output [3mconsensus_commit[0m[2m=[0mCommittedSubDag(leader=B196(B,FHV/), ref=C186(bjM9), blocks=[b+wn, MD7/, FHV/]) [3mepoch[0m[2m=[0m1
[2m2025-03-25T07:55:50.157081Z[0m [32m INFO[0m [1mnode[0m[1m{[0m[3mname[0m[2m=[0mk#99f25ef6..[1m}[0m[2m:[0m [2msui_core::checkpoints::checkpoint_output[0m[2m:[0m [2mcrates/sui-core/src/checkpoints/checkpoint_output.rs[0m[2m:[0m[2m196:[0m Certified checkpoint with sequence 398 and digest AzhbPq9HzRcQGVGrqX4aSxU6uxcKGb4STgQXkuCdZNRK
[2m2025-03-25T07:55:50.157093Z[0m [32m INFO[0m [1mnode[0m[1m{[0m[3mname[0m[2m=[0mk#8dcff6d1..[1m}[0m[2m:[0m [2msui_core::checkpoints::checkpoint_output[0m[2m:[0m [2mcrates/sui-core/src/checkpoints/checkpoint_output.rs[0m[2m:[0m[2m196:[0m Certified checkpoint with sequence 398 and digest AzhbPq9HzRcQGVGrqX4aSxU6uxcKGb4STgQXkuCdZNRK
[2m2025-03-25T07:55:50.157186Z[0m [32m INFO[0m [1mnode[0m[1m{[0m[3mname[0m[2m=[0mk#99f25ef6..[1m}[0m[2m:[0m [2mconsensus_core::core[0m[2m:[0m [2mconsensus/core/src/core.rs[0m[2m:[0m[2m630:[0m Committing 1 leaders: B196(B,FHV/)
[2m2025-03-25T07:55:50.157199Z[0m [32m INFO[0m [1mnode[0m[1m{[0m[3mname[0m[2m=[0mk#8dcff6d1..[1m}[0m[2m:[0m [2mconsensus_core::core[0m[2m:[0m [2mconsensus/core/src/core.rs[0m[2m:[0m[2m630:[0m Committing 1 leaders: B196(B,FHV/)
[2m2025-03-25T07:55:50.157284Z[0m [32m INFO[0m [1mnode[0m[1m{[0m[3mname[0m[2m=[0mk#99f25ef6..[1m}[0m[2m:[0m [2mconsensus_core::commit_observer[0m[2m:[0m [2mconsensus/core/src/commit_observer.rs[0m[2m:[0m[2m173:[0m Consensus commit C186(bjM9) with leader B196(B,FHV/) has 3 blocks
[2m2025-03-25T07:55:50.157298Z[0m [32m INFO[0m [1mnode[0m[1m{[0m[3mname[0m[2m=[0mk#8dcff6d1..[1m}[0m[2m:[0m [2mconsensus_core::commit_observer[0m[2m:[0m [2mconsensus/core/src/commit_observer.rs[0m[2m:[0m[2m173:[0m Consensus commit C186(bjM9) with leader B196(B,FHV/) has 3 blocks
[2m2025-03-25T07:55:50.157721Z[0m [32m INFO[0m [1mnode[0m[1m{[0m[3mname[0m[2m=[0mk#99f25ef6..[1m}[0m[2m:[0m [2msui_core::consensus_handler[0m[2m:[0m [2mcrates/sui-core/src/consensus_handler.rs[0m[2m:[0m[2m232:[0m Received consensus output [3mconsensus_commit[0m[2m=[0mCommittedSubDag(leader=B196(B,FHV/), ref=C186(bjM9), blocks=[b+wn, MD7/, FHV/]) [3mepoch[0m[2m=[0m1
[2m2025-03-25T07:55:50.157722Z[0m [32m INFO[0m [1mnode[0m[1m{[0m[3mname[0m[2m=[0mk#8dcff6d1..[1m}[0m[2m:[0m [2msui_core::consensus_handler[0m[2m:[0m [2mcrates/sui-core/src/consensus_handler.rs[0m[2m:[0m[2m232:[0m Received consensus output [3mconsensus_commit[0m[2m=[0mCommittedSubDag(leader=B196(B,FHV/), ref=C186(bjM9), blocks=[b+wn, MD7/, FHV/]) [3mepoch[0m[2m=[0m1
[2m2025-03-25T07:55:50.158329Z[0m [32m INFO[0m [1mnode[0m[1m{[0m[3mname[0m[2m=[0mk#99f25ef6..[1m}[0m[2m:[0m [2msui_core::checkpoints::checkpoint_executor[0m[2m:[0m [2mcrates/sui-core/src/checkpoints/checkpoint_executor/mod.rs[0m[2m:[0m[2m332:[0m Received checkpoint summary from state sync [3msequence_number[0m[2m=[0m398
[2m2025-03-25T07:55:50.158329Z[0m [32m INFO[0m [1mnode[0m[1m{[0m[3mname[0m[2m=[0mk#8dcff6d1..[1m}[0m[2m:[0m [2msui_core::checkpoints::checkpoint_executor[0m[2m:[0m [2mcrates/sui-core/src/checkpoints/checkpoint_executor/mod.rs[0m[2m:[0m[2m332:[0m Received checkpoint summary from state sync [3msequence_number[0m[2m=[0m398
[2m2025-03-25T07:55:50.171845Z[0m [32m INFO[0m [1mnode[0m[1m{[0m[3mname[0m[2m=[0mk#99f25ef6..[1m}[0m[2m:[0m [2msui_core::state_accumulator[0m[2m:[0m [2mcrates/sui-core/src/state_accumulator.rs[0m[2m:[0m[2m675:[0m accumulating running root for checkpoint 398
[2m2025-03-25T07:55:50.171845Z[0m [32m INFO[0m [1mnode[0m[1m{[0m[3mname[0m[2m=[0mk#8dcff6d1..[1m}[0m[2m:[0m [2msui_core::state_accumulator[0m[2m:[0m [2mcrates/sui-core/src/state_accumulator.rs[0m[2m:[0m[2m675:[0m accumulating running root for checkpoint 398
[2m2025-03-25T07:55:50.198310Z[0m [32m INFO[0m [1mnode[0m[1m{[0m[3mname[0m[2m=[0mk#addeef94..[1m}[0m[2m:[0m [2msui_core::checkpoints[0m[2m:[0m [2mcrates/sui-core/src/checkpoints/mod.rs[0m[2m:[0m[2m1326:[0m Creating checkpoint(s) for 1 transactions [3mnext_checkpoint_seq[0m[2m=[0m399 [3mcheckpoint_timestamp[0m[2m=[0m1742889349637
[2m2025-03-25T07:55:50.198552Z[0m [32m INFO[0m [1mnode[0m[1m{[0m[3mname[0m[2m=[0mk#addeef94..[1m}[0m[2m:[0m [2msui_core::checkpoints::checkpoint_output[0m[2m:[0m [2mcrates/sui-core/src/checkpoints/checkpoint_output.rs[0m[2m:[0m[2m149:[0m Creating checkpoint CheckpointDigest(H889kXxYD3pHjTGHCosGQZiB97SByKt2JnhEBBBAKTj) at epoch 1, sequence 399, previous digest Some(CheckpointDigest(AzhbPq9HzRcQGVGrqX4aSxU6uxcKGb4STgQXkuCdZNRK)), transactions count 1, content digest CheckpointContentsDigest(9mz7KoPKB5mhsvZhs1YN62CJWSEogvX2ghGHgWnMYdEo), end_of_epoch_data None
[2m2025-03-25T07:55:50.204421Z[0m [32m INFO[0m [1mnode[0m[1m{[0m[3mname[0m[2m=[0mk#8dcff6d1..[1m}[0m[2m:[0m [2msui_core::checkpoints[0m[2m:[0m [2mcrates/sui-core/src/checkpoints/mod.rs[0m[2m:[0m[2m1326:[0m Creating checkpoint(s) for 1 transactions [3mnext_checkpoint_seq[0m[2m=[0m399 [3mcheckpoint_timestamp[0m[2m=[0m1742889349637
[2m2025-03-25T07:55:50.204602Z[0m [32m INFO[0m [1mnode[0m[1m{[0m[3mname[0m[2m=[0mk#8dcff6d1..[1m}[0m[2m:[0m [2msui_core::checkpoints::checkpoint_output[0m[2m:[0m [2mcrates/sui-core/src/checkpoints/checkpoint_output.rs[0m[2m:[0m[2m149:[0m Creating checkpoint CheckpointDigest(H889kXxYD3pHjTGHCosGQZiB97SByKt2JnhEBBBAKTj) at epoch 1, sequence 399, previous digest Some(CheckpointDigest(AzhbPq9HzRcQGVGrqX4aSxU6uxcKGb4STgQXkuCdZNRK)), transactions count 1, content digest CheckpointContentsDigest(9mz7KoPKB5mhsvZhs1YN62CJWSEogvX2ghGHgWnMYdEo), end_of_epoch_data None
[2m2025-03-25T07:55:50.205068Z[0m [32m INFO[0m [1mnode[0m[1m{[0m[3mname[0m[2m=[0mk#99f25ef6..[1m}[0m[2m:[0m [2msui_core::checkpoints[0m[2m:[0m [2mcrates/sui-core/src/checkpoints/mod.rs[0m[2m:[0m[2m1326:[0m Creating checkpoint(s) for 1 transactions [3mnext_checkpoint_seq[0m[2m=[0m399 [3mcheckpoint_timestamp[0m[2m=[0m1742889349637
[2m2025-03-25T07:55:50.205239Z[0m [32m INFO[0m [1mnode[0m[1m{[0m[3mname[0m[2m=[0mk#99f25ef6..[1m}[0m[2m:[0m [2msui_core::checkpoints::checkpoint_output[0m[2m:[0m [2mcrates/sui-core/src/checkpoints/checkpoint_output.rs[0m[2m:[0m[2m149:[0m Creating checkpoint CheckpointDigest(H889kXxYD3pHjTGHCosGQZiB97SByKt2JnhEBBBAKTj) at epoch 1, sequence 399, previous digest Some(CheckpointDigest(AzhbPq9HzRcQGVGrqX4aSxU6uxcKGb4STgQXkuCdZNRK)), transactions count 1, content digest CheckpointContentsDigest(9mz7KoPKB5mhsvZhs1YN62CJWSEogvX2ghGHgWnMYdEo), end_of_epoch_data None
[2m2025-03-25T07:55:50.265312Z[0m [32m INFO[0m [1mnode[0m[1m{[0m[3mname[0m[2m=[0mk#addeef94..[1m}[0m[2m:[0m [2msui_core::checkpoints::checkpoint_executor[0m[2m:[0m [2mcrates/sui-core/src/checkpoints/checkpoint_executor/mod.rs[0m[2m:[0m[2m332:[0m Received checkpoint summary from state sync [3msequence_number[0m[2m=[0m398
[2m2025-03-25T07:55:50.266745Z[0m [32m INFO[0m [1mnode[0m[1m{[0m[3mname[0m[2m=[0mk#addeef94..[1m}[0m[2m:[0m [2msui_core::state_accumulator[0m[2m:[0m [2mcrates/sui-core/src/state_accumulator.rs[0m[2m:[0m[2m675:[0m accumulating running root for checkpoint 398
[2m2025-03-25T07:55:50.323121Z[0m [32m INFO[0m [1mnode[0m[1m{[0m[3mname[0m[2m=[0mk#b3f3cbb4..[1m}[0m[2m:[0m[1mjson-rpc-request[0m[2m:[0m[1mdev_inspect_transaction_block[0m[1m{[0m[3msender_address[0m[2m=[0m0x0000000000000000000000000000000000000000000000000000000000000000 [3mtx_bytes[0m[2m=[0mBase64("AAMBAQAAAAAAAAAAAAAAAAAAAAAAAAAAAAAAAAAAAAAAAAAJAQAAAAAAAAABAAEMAAgAAAAAAAAAAAEAAAAAAAAAAAAAAAAAAAAAAAAAAAAAAAAAAAAAAAAAAAsGYnJpZGdlIGdldF90b2tlbl90cmFuc2Zlcl9hY3Rpb25fc3RhdHVzAAMBAAABAQABAgA=") [3mgas_price[0m[2m=[0mNone [3m_epoch[0m[2m=[0mNone [3madditional_args[0m[2m=[0mNone[1m}[0m[2m:[0m [2msui_json_rpc::transaction_execution_api[0m[2m:[0m [2mcrates/sui-json-rpc/src/transaction_execution_api.rs[0m[2m:[0m[2m351:[0m RPC took longer than threshold to complete. [3melapsed[0m[2m=[0m1.533049333s
[2m2025-03-25T07:55:50.324027Z[0m [32m INFO[0m [2msui_bridge::e2e_tests::test_utils[0m[2m:[0m [2mcrates/sui-bridge/src/e2e_tests/test_utils.rs[0m[2m:[0m[2m1452:[0m get_token_transfer_action_onchain_status_until_success took 1.567096625s, status: NotFound
[2m2025-03-25T07:55:50.326675Z[0m [32m INFO[0m [2msui_bridge::action_executor[0m[2m:[0m [2mcrates/sui-bridge/src/action_executor.rs[0m[2m:[0m[2m284:[0m Spawning future crates/sui-bridge/src/action_executor.rs:request_signatures
[2m2025-03-25T07:55:50.326695Z[0m [32m INFO[0m [2msui_bridge::action_executor[0m[2m:[0m [2mcrates/sui-bridge/src/action_executor.rs[0m[2m:[0m[2m353:[0m requesting signatures
[2m2025-03-25T07:55:50.407256Z[0m [32m INFO[0m [1mnode[0m[1m{[0m[3mname[0m[2m=[0mk#addeef94..[1m}[0m[2m:[0m [2mconsensus_core::core[0m[2m:[0m [2mconsensus/core/src/core.rs[0m[2m:[0m[2m945:[0m Included 3 ancestors & excluded 0 ancestors for proposal in round 199
[2m2025-03-25T07:55:50.407648Z[0m [32m INFO[0m [1mnode[0m[1m{[0m[3mname[0m[2m=[0mk#addeef94..[1m}[0m[2m:[0m [2mconsensus_core::core[0m[2m:[0m [2mconsensus/core/src/core.rs[0m[2m:[0m[2m531:[0m Created block B199(C,nmg/YouHRgnsI7nxbvdhtYBdxy741I5eKPB82YtQO9o=)(1742889350407ms;[B198(C,qLAIxK9fJiu5vmzvlFp8mHz+PNa47NjRg6V1Nx+sTkM=), B198(A,cCu7GyOVCO4RYoXeX1leuospXs5CTq4BkbHDw/JzfJw=), B198(B,nTJn8uzEEwrdHvt930KYS2upr2kI9jOigdiOd4d4T+c=)];1t;1c) for round 199
[2m2025-03-25T07:55:50.409328Z[0m [32m INFO[0m [1mnode[0m[1m{[0m[3mname[0m[2m=[0mk#99f25ef6..[1m}[0m[2m:[0m [2mconsensus_core::core[0m[2m:[0m [2mconsensus/core/src/core.rs[0m[2m:[0m[2m945:[0m Included 3 ancestors & excluded 0 ancestors for proposal in round 199
[2m2025-03-25T07:55:50.409610Z[0m [32m INFO[0m [1mnode[0m[1m{[0m[3mname[0m[2m=[0mk#99f25ef6..[1m}[0m[2m:[0m [2mconsensus_core::core[0m[2m:[0m [2mconsensus/core/src/core.rs[0m[2m:[0m[2m531:[0m Created block B199(B,zxpZ6atLE5bB5J7Q1F+negMjL/bhE8dFTvzG7WjmwDA=)(1742889350409ms;[B198(B,nTJn8uzEEwrdHvt930KYS2upr2kI9jOigdiOd4d4T+c=), B198(A,cCu7GyOVCO4RYoXeX1leuospXs5CTq4BkbHDw/JzfJw=), B198(C,qLAIxK9fJiu5vmzvlFp8mHz+PNa47NjRg6V1Nx+sTkM=)];1t;1c) for round 199
[2m2025-03-25T07:55:50.409755Z[0m [32m INFO[0m [1mnode[0m[1m{[0m[3mname[0m[2m=[0mk#99f25ef6..[1m}[0m[2m:[0m [2mconsensus_core::core[0m[2m:[0m [2mconsensus/core/src/core.rs[0m[2m:[0m[2m630:[0m Committing 1 leaders: B197(C,qkRm)
[2m2025-03-25T07:55:50.409770Z[0m [32m INFO[0m [1mnode[0m[1m{[0m[3mname[0m[2m=[0mk#8dcff6d1..[1m}[0m[2m:[0m [2mconsensus_core::core[0m[2m:[0m [2mconsensus/core/src/core.rs[0m[2m:[0m[2m945:[0m Included 3 ancestors & excluded 0 ancestors for proposal in round 199
[2m2025-03-25T07:55:50.409847Z[0m [32m INFO[0m [1mnode[0m[1m{[0m[3mname[0m[2m=[0mk#99f25ef6..[1m}[0m[2m:[0m [2mconsensus_core::commit_observer[0m[2m:[0m [2mconsensus/core/src/commit_observer.rs[0m[2m:[0m[2m173:[0m Consensus commit C187(44Dn) with leader B197(C,qkRm) has 3 blocks
[2m2025-03-25T07:55:50.410051Z[0m [32m INFO[0m [1mnode[0m[1m{[0m[3mname[0m[2m=[0mk#8dcff6d1..[1m}[0m[2m:[0m [2mconsensus_core::core[0m[2m:[0m [2mconsensus/core/src/core.rs[0m[2m:[0m[2m531:[0m Created block B199(A,gjT3unFCbQZql0lW9jD8RvBEUIgotERWIOf4o0qRTJs=)(1742889350409ms;[B198(A,cCu7GyOVCO4RYoXeX1leuospXs5CTq4BkbHDw/JzfJw=), B198(B,nTJn8uzEEwrdHvt930KYS2upr2kI9jOigdiOd4d4T+c=), B198(C,qLAIxK9fJiu5vmzvlFp8mHz+PNa47NjRg6V1Nx+sTkM=)];1t;1c) for round 199
[2m2025-03-25T07:55:50.410085Z[0m [32m INFO[0m [1mnode[0m[1m{[0m[3mname[0m[2m=[0mk#99f25ef6..[1m}[0m[2m:[0m [2msui_core::consensus_handler[0m[2m:[0m [2mcrates/sui-core/src/consensus_handler.rs[0m[2m:[0m[2m232:[0m Received consensus output [3mconsensus_commit[0m[2m=[0mCommittedSubDag(leader=B197(C,qkRm), ref=C187(44Dn), blocks=[6ogU, xkyl, qkRm]) [3mepoch[0m[2m=[0m1
[2m2025-03-25T07:55:50.410112Z[0m [32m INFO[0m [1mnode[0m[1m{[0m[3mname[0m[2m=[0mk#8dcff6d1..[1m}[0m[2m:[0m [2mconsensus_core::core[0m[2m:[0m [2mconsensus/core/src/core.rs[0m[2m:[0m[2m630:[0m Committing 1 leaders: B197(C,qkRm)
[2m2025-03-25T07:55:50.410176Z[0m [32m INFO[0m [1mnode[0m[1m{[0m[3mname[0m[2m=[0mk#8dcff6d1..[1m}[0m[2m:[0m [2mconsensus_core::commit_observer[0m[2m:[0m [2mconsensus/core/src/commit_observer.rs[0m[2m:[0m[2m173:[0m Consensus commit C187(44Dn) with leader B197(C,qkRm) has 3 blocks
[2m2025-03-25T07:55:50.410352Z[0m [32m INFO[0m [1mnode[0m[1m{[0m[3mname[0m[2m=[0mk#8dcff6d1..[1m}[0m[2m:[0m [2msui_core::consensus_handler[0m[2m:[0m [2mcrates/sui-core/src/consensus_handler.rs[0m[2m:[0m[2m232:[0m Received consensus output [3mconsensus_commit[0m[2m=[0mCommittedSubDag(leader=B197(C,qkRm), ref=C187(44Dn), blocks=[6ogU, xkyl, qkRm]) [3mepoch[0m[2m=[0m1
[2m2025-03-25T07:55:50.412462Z[0m [32m INFO[0m [1mnode[0m[1m{[0m[3mname[0m[2m=[0mk#addeef94..[1m}[0m[2m:[0m [2mconsensus_core::core[0m[2m:[0m [2mconsensus/core/src/core.rs[0m[2m:[0m[2m630:[0m Committing 1 leaders: B197(C,qkRm)
[2m2025-03-25T07:55:50.412563Z[0m [32m INFO[0m [1mnode[0m[1m{[0m[3mname[0m[2m=[0mk#addeef94..[1m}[0m[2m:[0m [2mconsensus_core::commit_observer[0m[2m:[0m [2mconsensus/core/src/commit_observer.rs[0m[2m:[0m[2m173:[0m Consensus commit C187(44Dn) with leader B197(C,qkRm) has 3 blocks
[2m2025-03-25T07:55:50.412643Z[0m [32m INFO[0m [1mnode[0m[1m{[0m[3mname[0m[2m=[0mk#addeef94..[1m}[0m[2m:[0m [2msui_core::consensus_handler[0m[2m:[0m [2mcrates/sui-core/src/consensus_handler.rs[0m[2m:[0m[2m232:[0m Received consensus output [3mconsensus_commit[0m[2m=[0mCommittedSubDag(leader=B197(C,qkRm), ref=C187(44Dn), blocks=[6ogU, xkyl, qkRm]) [3mepoch[0m[2m=[0m1
[2m2025-03-25T07:55:50.436787Z[0m [32m INFO[0m [1mnode[0m[1m{[0m[3mname[0m[2m=[0mk#8dcff6d1..[1m}[0m[2m:[0m [2msui_core::checkpoints[0m[2m:[0m [2mcrates/sui-core/src/checkpoints/mod.rs[0m[2m:[0m[2m1326:[0m Creating checkpoint(s) for 2 transactions [3mnext_checkpoint_seq[0m[2m=[0m400 [3mcheckpoint_timestamp[0m[2m=[0m1742889349894
[2m2025-03-25T07:55:50.436786Z[0m [32m INFO[0m [1mnode[0m[1m{[0m[3mname[0m[2m=[0mk#99f25ef6..[1m}[0m[2m:[0m [2msui_core::checkpoints[0m[2m:[0m [2mcrates/sui-core/src/checkpoints/mod.rs[0m[2m:[0m[2m1326:[0m Creating checkpoint(s) for 2 transactions [3mnext_checkpoint_seq[0m[2m=[0m400 [3mcheckpoint_timestamp[0m[2m=[0m1742889349894
[2m2025-03-25T07:55:50.437098Z[0m [32m INFO[0m [1mnode[0m[1m{[0m[3mname[0m[2m=[0mk#99f25ef6..[1m}[0m[2m:[0m [2msui_core::checkpoints::checkpoint_output[0m[2m:[0m [2mcrates/sui-core/src/checkpoints/checkpoint_output.rs[0m[2m:[0m[2m149:[0m Creating checkpoint CheckpointDigest(X7ntAZDTbmEcT1MoWDu7FGvarY7meupqkgPg25gWgyB) at epoch 1, sequence 400, previous digest Some(CheckpointDigest(H889kXxYD3pHjTGHCosGQZiB97SByKt2JnhEBBBAKTj)), transactions count 2, content digest CheckpointContentsDigest(GmiqxfMQ6xCZZe57MDD3btiWAV94pJZ2okDoSDvdLmzb), end_of_epoch_data None
[2m2025-03-25T07:55:50.437098Z[0m [32m INFO[0m [1mnode[0m[1m{[0m[3mname[0m[2m=[0mk#8dcff6d1..[1m}[0m[2m:[0m [2msui_core::checkpoints::checkpoint_output[0m[2m:[0m [2mcrates/sui-core/src/checkpoints/checkpoint_output.rs[0m[2m:[0m[2m149:[0m Creating checkpoint CheckpointDigest(X7ntAZDTbmEcT1MoWDu7FGvarY7meupqkgPg25gWgyB) at epoch 1, sequence 400, previous digest Some(CheckpointDigest(H889kXxYD3pHjTGHCosGQZiB97SByKt2JnhEBBBAKTj)), transactions count 2, content digest CheckpointContentsDigest(GmiqxfMQ6xCZZe57MDD3btiWAV94pJZ2okDoSDvdLmzb), end_of_epoch_data None
[2m2025-03-25T07:55:50.438608Z[0m [32m INFO[0m [1mnode[0m[1m{[0m[3mname[0m[2m=[0mk#addeef94..[1m}[0m[2m:[0m [2msui_core::checkpoints[0m[2m:[0m [2mcrates/sui-core/src/checkpoints/mod.rs[0m[2m:[0m[2m1326:[0m Creating checkpoint(s) for 2 transactions [3mnext_checkpoint_seq[0m[2m=[0m400 [3mcheckpoint_timestamp[0m[2m=[0m1742889349894
[2m2025-03-25T07:55:50.438858Z[0m [32m INFO[0m [1mnode[0m[1m{[0m[3mname[0m[2m=[0mk#addeef94..[1m}[0m[2m:[0m [2msui_core::checkpoints::checkpoint_output[0m[2m:[0m [2mcrates/sui-core/src/checkpoints/checkpoint_output.rs[0m[2m:[0m[2m149:[0m Creating checkpoint CheckpointDigest(X7ntAZDTbmEcT1MoWDu7FGvarY7meupqkgPg25gWgyB) at epoch 1, sequence 400, previous digest Some(CheckpointDigest(H889kXxYD3pHjTGHCosGQZiB97SByKt2JnhEBBBAKTj)), transactions count 2, content digest CheckpointContentsDigest(GmiqxfMQ6xCZZe57MDD3btiWAV94pJZ2okDoSDvdLmzb), end_of_epoch_data None
[2m2025-03-25T07:55:50.440146Z[0m [32m INFO[0m [1mnode[0m[1m{[0m[3mname[0m[2m=[0mk#99f25ef6..[1m}[0m[2m:[0m [2msui_core::checkpoints::checkpoint_output[0m[2m:[0m [2mcrates/sui-core/src/checkpoints/checkpoint_output.rs[0m[2m:[0m[2m196:[0m Certified checkpoint with sequence 399 and digest H889kXxYD3pHjTGHCosGQZiB97SByKt2JnhEBBBAKTj
[2m2025-03-25T07:55:50.440325Z[0m [32m INFO[0m [1mnode[0m[1m{[0m[3mname[0m[2m=[0mk#8dcff6d1..[1m}[0m[2m:[0m [2msui_core::checkpoints::checkpoint_output[0m[2m:[0m [2mcrates/sui-core/src/checkpoints/checkpoint_output.rs[0m[2m:[0m[2m196:[0m Certified checkpoint with sequence 399 and digest H889kXxYD3pHjTGHCosGQZiB97SByKt2JnhEBBBAKTj
[2m2025-03-25T07:55:50.440590Z[0m [32m INFO[0m [1mnode[0m[1m{[0m[3mname[0m[2m=[0mk#99f25ef6..[1m}[0m[2m:[0m [2msui_core::checkpoints::checkpoint_executor[0m[2m:[0m [2mcrates/sui-core/src/checkpoints/checkpoint_executor/mod.rs[0m[2m:[0m[2m332:[0m Received checkpoint summary from state sync [3msequence_number[0m[2m=[0m399
[2m2025-03-25T07:55:50.440772Z[0m [32m INFO[0m [1mnode[0m[1m{[0m[3mname[0m[2m=[0mk#8dcff6d1..[1m}[0m[2m:[0m [2msui_core::checkpoints::checkpoint_executor[0m[2m:[0m [2mcrates/sui-core/src/checkpoints/checkpoint_executor/mod.rs[0m[2m:[0m[2m332:[0m Received checkpoint summary from state sync [3msequence_number[0m[2m=[0m399
[2m2025-03-25T07:55:50.441724Z[0m [32m INFO[0m [1mnode[0m[1m{[0m[3mname[0m[2m=[0mk#99f25ef6..[1m}[0m[2m:[0m [2msui_core::state_accumulator[0m[2m:[0m [2mcrates/sui-core/src/state_accumulator.rs[0m[2m:[0m[2m675:[0m accumulating running root for checkpoint 399
[2m2025-03-25T07:55:50.441732Z[0m [32m INFO[0m [1mnode[0m[1m{[0m[3mname[0m[2m=[0mk#8dcff6d1..[1m}[0m[2m:[0m [2msui_core::state_accumulator[0m[2m:[0m [2mcrates/sui-core/src/state_accumulator.rs[0m[2m:[0m[2m675:[0m accumulating running root for checkpoint 399
[2m2025-03-25T07:55:50.443809Z[0m [32m INFO[0m [1mnode[0m[1m{[0m[3mname[0m[2m=[0mk#addeef94..[1m}[0m[2m:[0m [2msui_core::checkpoints::checkpoint_executor[0m[2m:[0m [2mcrates/sui-core/src/checkpoints/checkpoint_executor/mod.rs[0m[2m:[0m[2m332:[0m Received checkpoint summary from state sync [3msequence_number[0m[2m=[0m399
[2m2025-03-25T07:55:50.444541Z[0m [32m INFO[0m [1mnode[0m[1m{[0m[3mname[0m[2m=[0mk#addeef94..[1m}[0m[2m:[0m [2msui_core::state_accumulator[0m[2m:[0m [2mcrates/sui-core/src/state_accumulator.rs[0m[2m:[0m[2m675:[0m accumulating running root for checkpoint 399
[2m2025-03-25T07:55:50.661952Z[0m [32m INFO[0m [1mnode[0m[1m{[0m[3mname[0m[2m=[0mk#99f25ef6..[1m}[0m[2m:[0m [2mconsensus_core::core[0m[2m:[0m [2mconsensus/core/src/core.rs[0m[2m:[0m[2m945:[0m Included 3 ancestors & excluded 0 ancestors for proposal in round 200
[2m2025-03-25T07:55:50.662311Z[0m [32m INFO[0m [1mnode[0m[1m{[0m[3mname[0m[2m=[0mk#99f25ef6..[1m}[0m[2m:[0m [2mconsensus_core::core[0m[2m:[0m [2mconsensus/core/src/core.rs[0m[2m:[0m[2m531:[0m Created block B200(B,1ivqsO5cg+tx6bfHOx/xnN6RYaES0ApJueSoGhytya8=)(1742889350662ms;[B199(B,zxpZ6atLE5bB5J7Q1F+negMjL/bhE8dFTvzG7WjmwDA=), B199(A,gjT3unFCbQZql0lW9jD8RvBEUIgotERWIOf4o0qRTJs=), B199(C,nmg/YouHRgnsI7nxbvdhtYBdxy741I5eKPB82YtQO9o=)];1t;1c) for round 200
[2m2025-03-25T07:55:50.663939Z[0m [32m INFO[0m [1mnode[0m[1m{[0m[3mname[0m[2m=[0mk#8dcff6d1..[1m}[0m[2m:[0m [2mconsensus_core::core[0m[2m:[0m [2mconsensus/core/src/core.rs[0m[2m:[0m[2m945:[0m Included 3 ancestors & excluded 0 ancestors for proposal in round 200
[2m2025-03-25T07:55:50.664226Z[0m [32m INFO[0m [1mnode[0m[1m{[0m[3mname[0m[2m=[0mk#8dcff6d1..[1m}[0m[2m:[0m [2mconsensus_core::core[0m[2m:[0m [2mconsensus/core/src/core.rs[0m[2m:[0m[2m531:[0m Created block B200(A,txiwtE+ck6UkN7LAxso+8jTDAYFpZ9SVx0eRlgUyLsY=)(1742889350664ms;[B199(A,gjT3unFCbQZql0lW9jD8RvBEUIgotERWIOf4o0qRTJs=), B199(B,zxpZ6atLE5bB5J7Q1F+negMjL/bhE8dFTvzG7WjmwDA=), B199(C,nmg/YouHRgnsI7nxbvdhtYBdxy741I5eKPB82YtQO9o=)];1t;1c) for round 200
[2m2025-03-25T07:55:50.664276Z[0m [32m INFO[0m [1mnode[0m[1m{[0m[3mname[0m[2m=[0mk#addeef94..[1m}[0m[2m:[0m [2mconsensus_core::core[0m[2m:[0m [2mconsensus/core/src/core.rs[0m[2m:[0m[2m945:[0m Included 3 ancestors & excluded 0 ancestors for proposal in round 200
[2m2025-03-25T07:55:50.664576Z[0m [32m INFO[0m [1mnode[0m[1m{[0m[3mname[0m[2m=[0mk#addeef94..[1m}[0m[2m:[0m [2mconsensus_core::core[0m[2m:[0m [2mconsensus/core/src/core.rs[0m[2m:[0m[2m531:[0m Created block B200(C,R6L7BqsJ9OGdmIf1tx+e34iZtHBNiBqgBzbsS33/6lM=)(1742889350664ms;[B199(C,nmg/YouHRgnsI7nxbvdhtYBdxy741I5eKPB82YtQO9o=), B199(A,gjT3unFCbQZql0lW9jD8RvBEUIgotERWIOf4o0qRTJs=), B199(B,zxpZ6atLE5bB5J7Q1F+negMjL/bhE8dFTvzG7WjmwDA=)];1t;1c) for round 200
[2m2025-03-25T07:55:50.664648Z[0m [32m INFO[0m [1mnode[0m[1m{[0m[3mname[0m[2m=[0mk#addeef94..[1m}[0m[2m:[0m [2mconsensus_core::core[0m[2m:[0m [2mconsensus/core/src/core.rs[0m[2m:[0m[2m630:[0m Committing 1 leaders: B198(C,qLAI)
[2m2025-03-25T07:55:50.664718Z[0m [32m INFO[0m [1mnode[0m[1m{[0m[3mname[0m[2m=[0mk#addeef94..[1m}[0m[2m:[0m [2mconsensus_core::commit_observer[0m[2m:[0m [2mconsensus/core/src/commit_observer.rs[0m[2m:[0m[2m173:[0m Consensus commit C188(6Np8) with leader B198(C,qLAI) has 3 blocks
[2m2025-03-25T07:55:50.664807Z[0m [32m INFO[0m [1mnode[0m[1m{[0m[3mname[0m[2m=[0mk#addeef94..[1m}[0m[2m:[0m [2msui_core::consensus_handler[0m[2m:[0m [2mcrates/sui-core/src/consensus_handler.rs[0m[2m:[0m[2m232:[0m Received consensus output [3mconsensus_commit[0m[2m=[0mCommittedSubDag(leader=B198(C,qLAI), ref=C188(6Np8), blocks=[iyBJ, 9obp, qLAI]) [3mepoch[0m[2m=[0m1
[2m2025-03-25T07:55:50.667882Z[0m [32m INFO[0m [1mnode[0m[1m{[0m[3mname[0m[2m=[0mk#8dcff6d1..[1m}[0m[2m:[0m [2msui_core::checkpoints::checkpoint_output[0m[2m:[0m [2mcrates/sui-core/src/checkpoints/checkpoint_output.rs[0m[2m:[0m[2m196:[0m Certified checkpoint with sequence 400 and digest X7ntAZDTbmEcT1MoWDu7FGvarY7meupqkgPg25gWgyB
[2m2025-03-25T07:55:50.667984Z[0m [32m INFO[0m [1mnode[0m[1m{[0m[3mname[0m[2m=[0mk#8dcff6d1..[1m}[0m[2m:[0m [2mconsensus_core::core[0m[2m:[0m [2mconsensus/core/src/core.rs[0m[2m:[0m[2m630:[0m Committing 1 leaders: B198(C,qLAI)
[2m2025-03-25T07:55:50.668078Z[0m [32m INFO[0m [1mnode[0m[1m{[0m[3mname[0m[2m=[0mk#8dcff6d1..[1m}[0m[2m:[0m [2mconsensus_core::commit_observer[0m[2m:[0m [2mconsensus/core/src/commit_observer.rs[0m[2m:[0m[2m173:[0m Consensus commit C188(6Np8) with leader B198(C,qLAI) has 3 blocks
[2m2025-03-25T07:55:50.668191Z[0m [32m INFO[0m [1mnode[0m[1m{[0m[3mname[0m[2m=[0mk#99f25ef6..[1m}[0m[2m:[0m [2msui_core::checkpoints::checkpoint_output[0m[2m:[0m [2mcrates/sui-core/src/checkpoints/checkpoint_output.rs[0m[2m:[0m[2m196:[0m Certified checkpoint with sequence 400 and digest X7ntAZDTbmEcT1MoWDu7FGvarY7meupqkgPg25gWgyB
[2m2025-03-25T07:55:50.668290Z[0m [32m INFO[0m [1mnode[0m[1m{[0m[3mname[0m[2m=[0mk#99f25ef6..[1m}[0m[2m:[0m [2mconsensus_core::core[0m[2m:[0m [2mconsensus/core/src/core.rs[0m[2m:[0m[2m630:[0m Committing 1 leaders: B198(C,qLAI)
[2m2025-03-25T07:55:50.668386Z[0m [32m INFO[0m [1mnode[0m[1m{[0m[3mname[0m[2m=[0mk#99f25ef6..[1m}[0m[2m:[0m [2mconsensus_core::commit_observer[0m[2m:[0m [2mconsensus/core/src/commit_observer.rs[0m[2m:[0m[2m173:[0m Consensus commit C188(6Np8) with leader B198(C,qLAI) has 3 blocks
[2m2025-03-25T07:55:50.668512Z[0m [32m INFO[0m [1mnode[0m[1m{[0m[3mname[0m[2m=[0mk#8dcff6d1..[1m}[0m[2m:[0m [2msui_core::consensus_handler[0m[2m:[0m [2mcrates/sui-core/src/consensus_handler.rs[0m[2m:[0m[2m232:[0m Received consensus output [3mconsensus_commit[0m[2m=[0mCommittedSubDag(leader=B198(C,qLAI), ref=C188(6Np8), blocks=[iyBJ, 9obp, qLAI]) [3mepoch[0m[2m=[0m1
[2m2025-03-25T07:55:50.668766Z[0m [32m INFO[0m [1mnode[0m[1m{[0m[3mname[0m[2m=[0mk#99f25ef6..[1m}[0m[2m:[0m [2msui_core::consensus_handler[0m[2m:[0m [2mcrates/sui-core/src/consensus_handler.rs[0m[2m:[0m[2m232:[0m Received consensus output [3mconsensus_commit[0m[2m=[0mCommittedSubDag(leader=B198(C,qLAI), ref=C188(6Np8), blocks=[iyBJ, 9obp, qLAI]) [3mepoch[0m[2m=[0m1
[2m2025-03-25T07:55:50.669108Z[0m [32m INFO[0m [1mnode[0m[1m{[0m[3mname[0m[2m=[0mk#8dcff6d1..[1m}[0m[2m:[0m [2msui_core::checkpoints::checkpoint_executor[0m[2m:[0m [2mcrates/sui-core/src/checkpoints/checkpoint_executor/mod.rs[0m[2m:[0m[2m332:[0m Received checkpoint summary from state sync [3msequence_number[0m[2m=[0m400
[2m2025-03-25T07:55:50.669330Z[0m [32m INFO[0m [1mnode[0m[1m{[0m[3mname[0m[2m=[0mk#99f25ef6..[1m}[0m[2m:[0m [2msui_core::checkpoints::checkpoint_executor[0m[2m:[0m [2mcrates/sui-core/src/checkpoints/checkpoint_executor/mod.rs[0m[2m:[0m[2m332:[0m Received checkpoint summary from state sync [3msequence_number[0m[2m=[0m400
[2m2025-03-25T07:55:50.683070Z[0m [32m INFO[0m [1mnode[0m[1m{[0m[3mname[0m[2m=[0mk#8dcff6d1..[1m}[0m[2m:[0m [2msui_core::state_accumulator[0m[2m:[0m [2mcrates/sui-core/src/state_accumulator.rs[0m[2m:[0m[2m675:[0m accumulating running root for checkpoint 400
[2m2025-03-25T07:55:50.683073Z[0m [32m INFO[0m [1mnode[0m[1m{[0m[3mname[0m[2m=[0mk#99f25ef6..[1m}[0m[2m:[0m [2msui_core::state_accumulator[0m[2m:[0m [2mcrates/sui-core/src/state_accumulator.rs[0m[2m:[0m[2m675:[0m accumulating running root for checkpoint 400
[2m2025-03-25T07:55:50.711196Z[0m [32m INFO[0m [1mnode[0m[1m{[0m[3mname[0m[2m=[0mk#addeef94..[1m}[0m[2m:[0m [2msui_core::checkpoints[0m[2m:[0m [2mcrates/sui-core/src/checkpoints/mod.rs[0m[2m:[0m[2m1326:[0m Creating checkpoint(s) for 1 transactions [3mnext_checkpoint_seq[0m[2m=[0m401 [3mcheckpoint_timestamp[0m[2m=[0m1742889350153
[2m2025-03-25T07:55:50.711439Z[0m [32m INFO[0m [1mnode[0m[1m{[0m[3mname[0m[2m=[0mk#addeef94..[1m}[0m[2m:[0m [2msui_core::checkpoints::checkpoint_output[0m[2m:[0m [2mcrates/sui-core/src/checkpoints/checkpoint_output.rs[0m[2m:[0m[2m149:[0m Creating checkpoint CheckpointDigest(KiL3jAobsEYm2Cgm295mK7BfE86iphJ4Mj9Tz6hmDHq) at epoch 1, sequence 401, previous digest Some(CheckpointDigest(X7ntAZDTbmEcT1MoWDu7FGvarY7meupqkgPg25gWgyB)), transactions count 1, content digest CheckpointContentsDigest(Yd8AX2fZW5zsvhjVziBhwJPkrBmekpvDVDq3XDpoN2p), end_of_epoch_data None
[2m2025-03-25T07:55:50.715009Z[0m [32m INFO[0m [1mnode[0m[1m{[0m[3mname[0m[2m=[0mk#8dcff6d1..[1m}[0m[2m:[0m [2msui_core::checkpoints[0m[2m:[0m [2mcrates/sui-core/src/checkpoints/mod.rs[0m[2m:[0m[2m1326:[0m Creating checkpoint(s) for 1 transactions [3mnext_checkpoint_seq[0m[2m=[0m401 [3mcheckpoint_timestamp[0m[2m=[0m1742889350153
[2m2025-03-25T07:55:50.715197Z[0m [32m INFO[0m [1mnode[0m[1m{[0m[3mname[0m[2m=[0mk#8dcff6d1..[1m}[0m[2m:[0m [2msui_core::checkpoints::checkpoint_output[0m[2m:[0m [2mcrates/sui-core/src/checkpoints/checkpoint_output.rs[0m[2m:[0m[2m149:[0m Creating checkpoint CheckpointDigest(KiL3jAobsEYm2Cgm295mK7BfE86iphJ4Mj9Tz6hmDHq) at epoch 1, sequence 401, previous digest Some(CheckpointDigest(X7ntAZDTbmEcT1MoWDu7FGvarY7meupqkgPg25gWgyB)), transactions count 1, content digest CheckpointContentsDigest(Yd8AX2fZW5zsvhjVziBhwJPkrBmekpvDVDq3XDpoN2p), end_of_epoch_data None
[2m2025-03-25T07:55:50.715272Z[0m [32m INFO[0m [1mnode[0m[1m{[0m[3mname[0m[2m=[0mk#99f25ef6..[1m}[0m[2m:[0m [2msui_core::checkpoints[0m[2m:[0m [2mcrates/sui-core/src/checkpoints/mod.rs[0m[2m:[0m[2m1326:[0m Creating checkpoint(s) for 1 transactions [3mnext_checkpoint_seq[0m[2m=[0m401 [3mcheckpoint_timestamp[0m[2m=[0m1742889350153
[2m2025-03-25T07:55:50.715438Z[0m [32m INFO[0m [1mnode[0m[1m{[0m[3mname[0m[2m=[0mk#99f25ef6..[1m}[0m[2m:[0m [2msui_core::checkpoints::checkpoint_output[0m[2m:[0m [2mcrates/sui-core/src/checkpoints/checkpoint_output.rs[0m[2m:[0m[2m149:[0m Creating checkpoint CheckpointDigest(KiL3jAobsEYm2Cgm295mK7BfE86iphJ4Mj9Tz6hmDHq) at epoch 1, sequence 401, previous digest Some(CheckpointDigest(X7ntAZDTbmEcT1MoWDu7FGvarY7meupqkgPg25gWgyB)), transactions count 1, content digest CheckpointContentsDigest(Yd8AX2fZW5zsvhjVziBhwJPkrBmekpvDVDq3XDpoN2p), end_of_epoch_data None
[2m2025-03-25T07:55:50.779949Z[0m [32m INFO[0m [1mnode[0m[1m{[0m[3mname[0m[2m=[0mk#addeef94..[1m}[0m[2m:[0m [2msui_core::checkpoints::checkpoint_executor[0m[2m:[0m [2mcrates/sui-core/src/checkpoints/checkpoint_executor/mod.rs[0m[2m:[0m[2m332:[0m Received checkpoint summary from state sync [3msequence_number[0m[2m=[0m400
[2m2025-03-25T07:55:50.781392Z[0m [32m INFO[0m [1mnode[0m[1m{[0m[3mname[0m[2m=[0mk#addeef94..[1m}[0m[2m:[0m [2msui_core::state_accumulator[0m[2m:[0m [2mcrates/sui-core/src/state_accumulator.rs[0m[2m:[0m[2m675:[0m accumulating running root for checkpoint 400
[2m2025-03-25T07:55:50.916526Z[0m [32m INFO[0m [1mnode[0m[1m{[0m[3mname[0m[2m=[0mk#addeef94..[1m}[0m[2m:[0m [2mconsensus_core::core[0m[2m:[0m [2mconsensus/core/src/core.rs[0m[2m:[0m[2m945:[0m Included 3 ancestors & excluded 0 ancestors for proposal in round 201
[2m2025-03-25T07:55:50.916893Z[0m [32m INFO[0m [1mnode[0m[1m{[0m[3mname[0m[2m=[0mk#addeef94..[1m}[0m[2m:[0m [2mconsensus_core::core[0m[2m:[0m [2mconsensus/core/src/core.rs[0m[2m:[0m[2m531:[0m Created block B201(C,hZcDDQ0bXRPEMvwqyQ3X9OPsTyMnaPqHzpNs6+H6rjU=)(1742889350916ms;[B200(C,R6L7BqsJ9OGdmIf1tx+e34iZtHBNiBqgBzbsS33/6lM=), B200(A,txiwtE+ck6UkN7LAxso+8jTDAYFpZ9SVx0eRlgUyLsY=), B200(B,1ivqsO5cg+tx6bfHOx/xnN6RYaES0ApJueSoGhytya8=)];1t;1c) for round 201
[2m2025-03-25T07:55:50.919928Z[0m [32m INFO[0m [1mnode[0m[1m{[0m[3mname[0m[2m=[0mk#99f25ef6..[1m}[0m[2m:[0m [2mconsensus_core::core[0m[2m:[0m [2mconsensus/core/src/core.rs[0m[2m:[0m[2m945:[0m Included 3 ancestors & excluded 0 ancestors for proposal in round 201
[2m2025-03-25T07:55:50.919928Z[0m [32m INFO[0m [1mnode[0m[1m{[0m[3mname[0m[2m=[0mk#8dcff6d1..[1m}[0m[2m:[0m [2mconsensus_core::core[0m[2m:[0m [2mconsensus/core/src/core.rs[0m[2m:[0m[2m945:[0m Included 3 ancestors & excluded 0 ancestors for proposal in round 201
[2m2025-03-25T07:55:50.920213Z[0m [32m INFO[0m [1mnode[0m[1m{[0m[3mname[0m[2m=[0mk#99f25ef6..[1m}[0m[2m:[0m [2mconsensus_core::core[0m[2m:[0m [2mconsensus/core/src/core.rs[0m[2m:[0m[2m531:[0m Created block B201(B,M/ZFSSgLlfGKA62A1cxlC36lJ3CBzwDSVys1cZh4GOo=)(1742889350920ms;[B200(B,1ivqsO5cg+tx6bfHOx/xnN6RYaES0ApJueSoGhytya8=), B200(A,txiwtE+ck6UkN7LAxso+8jTDAYFpZ9SVx0eRlgUyLsY=), B200(C,R6L7BqsJ9OGdmIf1tx+e34iZtHBNiBqgBzbsS33/6lM=)];1t;1c) for round 201
[2m2025-03-25T07:55:50.920216Z[0m [32m INFO[0m [1mnode[0m[1m{[0m[3mname[0m[2m=[0mk#8dcff6d1..[1m}[0m[2m:[0m [2mconsensus_core::core[0m[2m:[0m [2mconsensus/core/src/core.rs[0m[2m:[0m[2m531:[0m Created block B201(A,//KICzNPsaEKSVn0Yi2pH8CAWw4XFOv+jYAQMPiFmgI=)(1742889350920ms;[B200(A,txiwtE+ck6UkN7LAxso+8jTDAYFpZ9SVx0eRlgUyLsY=), B200(B,1ivqsO5cg+tx6bfHOx/xnN6RYaES0ApJueSoGhytya8=), B200(C,R6L7BqsJ9OGdmIf1tx+e34iZtHBNiBqgBzbsS33/6lM=)];1t;1c) for round 201
[2m2025-03-25T07:55:50.920284Z[0m [32m INFO[0m [1mnode[0m[1m{[0m[3mname[0m[2m=[0mk#99f25ef6..[1m}[0m[2m:[0m [2mconsensus_core::core[0m[2m:[0m [2mconsensus/core/src/core.rs[0m[2m:[0m[2m630:[0m Committing 1 leaders: B199(B,zxpZ)
[2m2025-03-25T07:55:50.920284Z[0m [32m INFO[0m [1mnode[0m[1m{[0m[3mname[0m[2m=[0mk#8dcff6d1..[1m}[0m[2m:[0m [2mconsensus_core::core[0m[2m:[0m [2mconsensus/core/src/core.rs[0m[2m:[0m[2m630:[0m Committing 1 leaders: B199(B,zxpZ)
[2m2025-03-25T07:55:50.920356Z[0m [32m INFO[0m [1mnode[0m[1m{[0m[3mname[0m[2m=[0mk#8dcff6d1..[1m}[0m[2m:[0m [2mconsensus_core::commit_observer[0m[2m:[0m [2mconsensus/core/src/commit_observer.rs[0m[2m:[0m[2m173:[0m Consensus commit C189(bOk3) with leader B199(B,zxpZ) has 3 blocks
[2m2025-03-25T07:55:50.920362Z[0m [32m INFO[0m [1mnode[0m[1m{[0m[3mname[0m[2m=[0mk#99f25ef6..[1m}[0m[2m:[0m [2mconsensus_core::commit_observer[0m[2m:[0m [2mconsensus/core/src/commit_observer.rs[0m[2m:[0m[2m173:[0m Consensus commit C189(bOk3) with leader B199(B,zxpZ) has 3 blocks
[2m2025-03-25T07:55:50.920446Z[0m [32m INFO[0m [1mnode[0m[1m{[0m[3mname[0m[2m=[0mk#99f25ef6..[1m}[0m[2m:[0m [2msui_core::consensus_handler[0m[2m:[0m [2mcrates/sui-core/src/consensus_handler.rs[0m[2m:[0m[2m232:[0m Received consensus output [3mconsensus_commit[0m[2m=[0mCommittedSubDag(leader=B199(B,zxpZ), ref=C189(bOk3), blocks=[cCu7, nTJn, zxpZ]) [3mepoch[0m[2m=[0m1
[2m2025-03-25T07:55:50.920446Z[0m [32m INFO[0m [1mnode[0m[1m{[0m[3mname[0m[2m=[0mk#8dcff6d1..[1m}[0m[2m:[0m [2msui_core::consensus_handler[0m[2m:[0m [2mcrates/sui-core/src/consensus_handler.rs[0m[2m:[0m[2m232:[0m Received consensus output [3mconsensus_commit[0m[2m=[0mCommittedSubDag(leader=B199(B,zxpZ), ref=C189(bOk3), blocks=[cCu7, nTJn, zxpZ]) [3mepoch[0m[2m=[0m1
[2m2025-03-25T07:55:50.924067Z[0m [32m INFO[0m [1mnode[0m[1m{[0m[3mname[0m[2m=[0mk#addeef94..[1m}[0m[2m:[0m [2mconsensus_core::core[0m[2m:[0m [2mconsensus/core/src/core.rs[0m[2m:[0m[2m630:[0m Committing 1 leaders: B199(B,zxpZ)
[2m2025-03-25T07:55:50.924161Z[0m [32m INFO[0m [1mnode[0m[1m{[0m[3mname[0m[2m=[0mk#addeef94..[1m}[0m[2m:[0m [2mconsensus_core::commit_observer[0m[2m:[0m [2mconsensus/core/src/commit_observer.rs[0m[2m:[0m[2m173:[0m Consensus commit C189(bOk3) with leader B199(B,zxpZ) has 3 blocks
[2m2025-03-25T07:55:50.924283Z[0m [32m INFO[0m [1mnode[0m[1m{[0m[3mname[0m[2m=[0mk#addeef94..[1m}[0m[2m:[0m [2msui_core::consensus_handler[0m[2m:[0m [2mcrates/sui-core/src/consensus_handler.rs[0m[2m:[0m[2m232:[0m Received consensus output [3mconsensus_commit[0m[2m=[0mCommittedSubDag(leader=B199(B,zxpZ), ref=C189(bOk3), blocks=[cCu7, nTJn, zxpZ]) [3mepoch[0m[2m=[0m1
[2m2025-03-25T07:55:50.946986Z[0m [32m INFO[0m [1mnode[0m[1m{[0m[3mname[0m[2m=[0mk#99f25ef6..[1m}[0m[2m:[0m [2msui_core::checkpoints[0m[2m:[0m [2mcrates/sui-core/src/checkpoints/mod.rs[0m[2m:[0m[2m1326:[0m Creating checkpoint(s) for 2 transactions [3mnext_checkpoint_seq[0m[2m=[0m402 [3mcheckpoint_timestamp[0m[2m=[0m1742889350409
[2m2025-03-25T07:55:50.946987Z[0m [32m INFO[0m [1mnode[0m[1m{[0m[3mname[0m[2m=[0mk#8dcff6d1..[1m}[0m[2m:[0m [2msui_core::checkpoints[0m[2m:[0m [2mcrates/sui-core/src/checkpoints/mod.rs[0m[2m:[0m[2m1326:[0m Creating checkpoint(s) for 2 transactions [3mnext_checkpoint_seq[0m[2m=[0m402 [3mcheckpoint_timestamp[0m[2m=[0m1742889350409
[2m2025-03-25T07:55:50.947303Z[0m [32m INFO[0m [1mnode[0m[1m{[0m[3mname[0m[2m=[0mk#8dcff6d1..[1m}[0m[2m:[0m [2msui_core::checkpoints::checkpoint_output[0m[2m:[0m [2mcrates/sui-core/src/checkpoints/checkpoint_output.rs[0m[2m:[0m[2m149:[0m Creating checkpoint CheckpointDigest(5xnCCs3zCNWeFrDmYCRCDFXtpsK1jCrXViVCQdGzKvgK) at epoch 1, sequence 402, previous digest Some(CheckpointDigest(KiL3jAobsEYm2Cgm295mK7BfE86iphJ4Mj9Tz6hmDHq)), transactions count 2, content digest CheckpointContentsDigest(7DbpAkekw7SNivBtXNVEjtWKJWTBaE78zA7dttgdfRZ2), end_of_epoch_data None
[2m2025-03-25T07:55:50.947303Z[0m [32m INFO[0m [1mnode[0m[1m{[0m[3mname[0m[2m=[0mk#99f25ef6..[1m}[0m[2m:[0m [2msui_core::checkpoints::checkpoint_output[0m[2m:[0m [2mcrates/sui-core/src/checkpoints/checkpoint_output.rs[0m[2m:[0m[2m149:[0m Creating checkpoint CheckpointDigest(5xnCCs3zCNWeFrDmYCRCDFXtpsK1jCrXViVCQdGzKvgK) at epoch 1, sequence 402, previous digest Some(CheckpointDigest(KiL3jAobsEYm2Cgm295mK7BfE86iphJ4Mj9Tz6hmDHq)), transactions count 2, content digest CheckpointContentsDigest(7DbpAkekw7SNivBtXNVEjtWKJWTBaE78zA7dttgdfRZ2), end_of_epoch_data None
[2m2025-03-25T07:55:50.950197Z[0m [32m INFO[0m [1mnode[0m[1m{[0m[3mname[0m[2m=[0mk#addeef94..[1m}[0m[2m:[0m [2msui_core::checkpoints[0m[2m:[0m [2mcrates/sui-core/src/checkpoints/mod.rs[0m[2m:[0m[2m1326:[0m Creating checkpoint(s) for 2 transactions [3mnext_checkpoint_seq[0m[2m=[0m402 [3mcheckpoint_timestamp[0m[2m=[0m1742889350409
[2m2025-03-25T07:55:50.950355Z[0m [32m INFO[0m [1mnode[0m[1m{[0m[3mname[0m[2m=[0mk#99f25ef6..[1m}[0m[2m:[0m [2msui_core::checkpoints::checkpoint_output[0m[2m:[0m [2mcrates/sui-core/src/checkpoints/checkpoint_output.rs[0m[2m:[0m[2m196:[0m Certified checkpoint with sequence 401 and digest KiL3jAobsEYm2Cgm295mK7BfE86iphJ4Mj9Tz6hmDHq
[2m2025-03-25T07:55:50.950360Z[0m [32m INFO[0m [1mnode[0m[1m{[0m[3mname[0m[2m=[0mk#8dcff6d1..[1m}[0m[2m:[0m [2msui_core::checkpoints::checkpoint_output[0m[2m:[0m [2mcrates/sui-core/src/checkpoints/checkpoint_output.rs[0m[2m:[0m[2m196:[0m Certified checkpoint with sequence 401 and digest KiL3jAobsEYm2Cgm295mK7BfE86iphJ4Mj9Tz6hmDHq
[2m2025-03-25T07:55:50.950444Z[0m [32m INFO[0m [1mnode[0m[1m{[0m[3mname[0m[2m=[0mk#addeef94..[1m}[0m[2m:[0m [2msui_core::checkpoints::checkpoint_output[0m[2m:[0m [2mcrates/sui-core/src/checkpoints/checkpoint_output.rs[0m[2m:[0m[2m149:[0m Creating checkpoint CheckpointDigest(5xnCCs3zCNWeFrDmYCRCDFXtpsK1jCrXViVCQdGzKvgK) at epoch 1, sequence 402, previous digest Some(CheckpointDigest(KiL3jAobsEYm2Cgm295mK7BfE86iphJ4Mj9Tz6hmDHq)), transactions count 2, content digest CheckpointContentsDigest(7DbpAkekw7SNivBtXNVEjtWKJWTBaE78zA7dttgdfRZ2), end_of_epoch_data None
[2m2025-03-25T07:55:50.950810Z[0m [32m INFO[0m [1mnode[0m[1m{[0m[3mname[0m[2m=[0mk#99f25ef6..[1m}[0m[2m:[0m [2msui_core::checkpoints::checkpoint_executor[0m[2m:[0m [2mcrates/sui-core/src/checkpoints/checkpoint_executor/mod.rs[0m[2m:[0m[2m332:[0m Received checkpoint summary from state sync [3msequence_number[0m[2m=[0m401
[2m2025-03-25T07:55:50.950810Z[0m [32m INFO[0m [1mnode[0m[1m{[0m[3mname[0m[2m=[0mk#8dcff6d1..[1m}[0m[2m:[0m [2msui_core::checkpoints::checkpoint_executor[0m[2m:[0m [2mcrates/sui-core/src/checkpoints/checkpoint_executor/mod.rs[0m[2m:[0m[2m332:[0m Received checkpoint summary from state sync [3msequence_number[0m[2m=[0m401
[2m2025-03-25T07:55:50.951978Z[0m [32m INFO[0m [1mnode[0m[1m{[0m[3mname[0m[2m=[0mk#99f25ef6..[1m}[0m[2m:[0m [2msui_core::state_accumulator[0m[2m:[0m [2mcrates/sui-core/src/state_accumulator.rs[0m[2m:[0m[2m675:[0m accumulating running root for checkpoint 401
[2m2025-03-25T07:55:50.951987Z[0m [32m INFO[0m [1mnode[0m[1m{[0m[3mname[0m[2m=[0mk#8dcff6d1..[1m}[0m[2m:[0m [2msui_core::state_accumulator[0m[2m:[0m [2mcrates/sui-core/src/state_accumulator.rs[0m[2m:[0m[2m675:[0m accumulating running root for checkpoint 401
[2m2025-03-25T07:55:50.954292Z[0m [32m INFO[0m [1mnode[0m[1m{[0m[3mname[0m[2m=[0mk#addeef94..[1m}[0m[2m:[0m [2msui_core::checkpoints::checkpoint_executor[0m[2m:[0m [2mcrates/sui-core/src/checkpoints/checkpoint_executor/mod.rs[0m[2m:[0m[2m332:[0m Received checkpoint summary from state sync [3msequence_number[0m[2m=[0m401
[2m2025-03-25T07:55:50.955108Z[0m [32m INFO[0m [1mnode[0m[1m{[0m[3mname[0m[2m=[0mk#addeef94..[1m}[0m[2m:[0m [2msui_core::state_accumulator[0m[2m:[0m [2mcrates/sui-core/src/state_accumulator.rs[0m[2m:[0m[2m675:[0m accumulating running root for checkpoint 401
[2m2025-03-25T07:55:51.172192Z[0m [32m INFO[0m [1mnode[0m[1m{[0m[3mname[0m[2m=[0mk#8dcff6d1..[1m}[0m[2m:[0m [2mconsensus_core::core[0m[2m:[0m [2mconsensus/core/src/core.rs[0m[2m:[0m[2m945:[0m Included 3 ancestors & excluded 0 ancestors for proposal in round 202
[2m2025-03-25T07:55:51.172564Z[0m [32m INFO[0m [1mnode[0m[1m{[0m[3mname[0m[2m=[0mk#8dcff6d1..[1m}[0m[2m:[0m [2mconsensus_core::core[0m[2m:[0m [2mconsensus/core/src/core.rs[0m[2m:[0m[2m531:[0m Created block B202(A,ranynCGR8A4ot7ypWmA5XwC6U297TvY/C922cJeOaT8=)(1742889351172ms;[B201(A,//KICzNPsaEKSVn0Yi2pH8CAWw4XFOv+jYAQMPiFmgI=), B201(B,M/ZFSSgLlfGKA62A1cxlC36lJ3CBzwDSVys1cZh4GOo=), B201(C,hZcDDQ0bXRPEMvwqyQ3X9OPsTyMnaPqHzpNs6+H6rjU=)];1t;1c) for round 202
[2m2025-03-25T07:55:51.172682Z[0m [32m INFO[0m [1mnode[0m[1m{[0m[3mname[0m[2m=[0mk#99f25ef6..[1m}[0m[2m:[0m [2mconsensus_core::core[0m[2m:[0m [2mconsensus/core/src/core.rs[0m[2m:[0m[2m945:[0m Included 3 ancestors & excluded 0 ancestors for proposal in round 202
[2m2025-03-25T07:55:51.172971Z[0m [32m INFO[0m [1mnode[0m[1m{[0m[3mname[0m[2m=[0mk#99f25ef6..[1m}[0m[2m:[0m [2mconsensus_core::core[0m[2m:[0m [2mconsensus/core/src/core.rs[0m[2m:[0m[2m531:[0m Created block B202(B,GtpiC/tNSXPVHsVe/wRm5fPsND6wxNoDgDeM2zmjL/g=)(1742889351172ms;[B201(B,M/ZFSSgLlfGKA62A1cxlC36lJ3CBzwDSVys1cZh4GOo=), B201(A,//KICzNPsaEKSVn0Yi2pH8CAWw4XFOv+jYAQMPiFmgI=), B201(C,hZcDDQ0bXRPEMvwqyQ3X9OPsTyMnaPqHzpNs6+H6rjU=)];1t;1c) for round 202
[2m2025-03-25T07:55:51.175874Z[0m [32m INFO[0m [1mnode[0m[1m{[0m[3mname[0m[2m=[0mk#addeef94..[1m}[0m[2m:[0m [2mconsensus_core::core[0m[2m:[0m [2mconsensus/core/src/core.rs[0m[2m:[0m[2m945:[0m Included 3 ancestors & excluded 0 ancestors for proposal in round 202
[2m2025-03-25T07:55:51.176221Z[0m [32m INFO[0m [1mnode[0m[1m{[0m[3mname[0m[2m=[0mk#addeef94..[1m}[0m[2m:[0m [2mconsensus_core::core[0m[2m:[0m [2mconsensus/core/src/core.rs[0m[2m:[0m[2m531:[0m Created block B202(C,wAMlJLexICOE2trjo7bPn/fXpephdEsHS3OsaLPgFj8=)(1742889351175ms;[B201(C,hZcDDQ0bXRPEMvwqyQ3X9OPsTyMnaPqHzpNs6+H6rjU=), B201(A,//KICzNPsaEKSVn0Yi2pH8CAWw4XFOv+jYAQMPiFmgI=), B201(B,M/ZFSSgLlfGKA62A1cxlC36lJ3CBzwDSVys1cZh4GOo=)];1t;1c) for round 202
[2m2025-03-25T07:55:51.176293Z[0m [32m INFO[0m [1mnode[0m[1m{[0m[3mname[0m[2m=[0mk#addeef94..[1m}[0m[2m:[0m [2mconsensus_core::core[0m[2m:[0m [2mconsensus/core/src/core.rs[0m[2m:[0m[2m630:[0m Committing 1 leaders: B200(C,R6L7)
[2m2025-03-25T07:55:51.176367Z[0m [32m INFO[0m [1mnode[0m[1m{[0m[3mname[0m[2m=[0mk#addeef94..[1m}[0m[2m:[0m [2mconsensus_core::commit_observer[0m[2m:[0m [2mconsensus/core/src/commit_observer.rs[0m[2m:[0m[2m173:[0m Consensus commit C190(wOY0) with leader B200(C,R6L7) has 3 blocks
[2m2025-03-25T07:55:51.176462Z[0m [32m INFO[0m [1mnode[0m[1m{[0m[3mname[0m[2m=[0mk#addeef94..[1m}[0m[2m:[0m [2msui_core::consensus_handler[0m[2m:[0m [2mcrates/sui-core/src/consensus_handler.rs[0m[2m:[0m[2m232:[0m Received consensus output [3mconsensus_commit[0m[2m=[0mCommittedSubDag(leader=B200(C,R6L7), ref=C190(wOY0), blocks=[gjT3, nmg/, R6L7]) [3mepoch[0m[2m=[0m1
[2m2025-03-25T07:55:51.179540Z[0m [32m INFO[0m [1mnode[0m[1m{[0m[3mname[0m[2m=[0mk#99f25ef6..[1m}[0m[2m:[0m [2msui_core::checkpoints::checkpoint_output[0m[2m:[0m [2mcrates/sui-core/src/checkpoints/checkpoint_output.rs[0m[2m:[0m[2m196:[0m Certified checkpoint with sequence 402 and digest 5xnCCs3zCNWeFrDmYCRCDFXtpsK1jCrXViVCQdGzKvgK
[2m2025-03-25T07:55:51.179582Z[0m [32m INFO[0m [1mnode[0m[1m{[0m[3mname[0m[2m=[0mk#8dcff6d1..[1m}[0m[2m:[0m [2msui_core::checkpoints::checkpoint_output[0m[2m:[0m [2mcrates/sui-core/src/checkpoints/checkpoint_output.rs[0m[2m:[0m[2m196:[0m Certified checkpoint with sequence 402 and digest 5xnCCs3zCNWeFrDmYCRCDFXtpsK1jCrXViVCQdGzKvgK
[2m2025-03-25T07:55:51.179654Z[0m [32m INFO[0m [1mnode[0m[1m{[0m[3mname[0m[2m=[0mk#99f25ef6..[1m}[0m[2m:[0m [2mconsensus_core::core[0m[2m:[0m [2mconsensus/core/src/core.rs[0m[2m:[0m[2m630:[0m Committing 1 leaders: B200(C,R6L7)
[2m2025-03-25T07:55:51.179704Z[0m [32m INFO[0m [1mnode[0m[1m{[0m[3mname[0m[2m=[0mk#8dcff6d1..[1m}[0m[2m:[0m [2mconsensus_core::core[0m[2m:[0m [2mconsensus/core/src/core.rs[0m[2m:[0m[2m630:[0m Committing 1 leaders: B200(C,R6L7)
[2m2025-03-25T07:55:51.179767Z[0m [32m INFO[0m [1mnode[0m[1m{[0m[3mname[0m[2m=[0mk#99f25ef6..[1m}[0m[2m:[0m [2mconsensus_core::commit_observer[0m[2m:[0m [2mconsensus/core/src/commit_observer.rs[0m[2m:[0m[2m173:[0m Consensus commit C190(wOY0) with leader B200(C,R6L7) has 3 blocks
[2m2025-03-25T07:55:51.179808Z[0m [32m INFO[0m [1mnode[0m[1m{[0m[3mname[0m[2m=[0mk#8dcff6d1..[1m}[0m[2m:[0m [2mconsensus_core::commit_observer[0m[2m:[0m [2mconsensus/core/src/commit_observer.rs[0m[2m:[0m[2m173:[0m Consensus commit C190(wOY0) with leader B200(C,R6L7) has 3 blocks
[2m2025-03-25T07:55:51.180218Z[0m [32m INFO[0m [1mnode[0m[1m{[0m[3mname[0m[2m=[0mk#99f25ef6..[1m}[0m[2m:[0m [2msui_core::consensus_handler[0m[2m:[0m [2mcrates/sui-core/src/consensus_handler.rs[0m[2m:[0m[2m232:[0m Received consensus output [3mconsensus_commit[0m[2m=[0mCommittedSubDag(leader=B200(C,R6L7), ref=C190(wOY0), blocks=[gjT3, nmg/, R6L7]) [3mepoch[0m[2m=[0m1
[2m2025-03-25T07:55:51.180228Z[0m [32m INFO[0m [1mnode[0m[1m{[0m[3mname[0m[2m=[0mk#8dcff6d1..[1m}[0m[2m:[0m [2msui_core::consensus_handler[0m[2m:[0m [2mcrates/sui-core/src/consensus_handler.rs[0m[2m:[0m[2m232:[0m Received consensus output [3mconsensus_commit[0m[2m=[0mCommittedSubDag(leader=B200(C,R6L7), ref=C190(wOY0), blocks=[gjT3, nmg/, R6L7]) [3mepoch[0m[2m=[0m1
[2m2025-03-25T07:55:51.180846Z[0m [32m INFO[0m [1mnode[0m[1m{[0m[3mname[0m[2m=[0mk#99f25ef6..[1m}[0m[2m:[0m [2msui_core::checkpoints::checkpoint_executor[0m[2m:[0m [2mcrates/sui-core/src/checkpoints/checkpoint_executor/mod.rs[0m[2m:[0m[2m332:[0m Received checkpoint summary from state sync [3msequence_number[0m[2m=[0m402
[2m2025-03-25T07:55:51.180846Z[0m [32m INFO[0m [1mnode[0m[1m{[0m[3mname[0m[2m=[0mk#8dcff6d1..[1m}[0m[2m:[0m [2msui_core::checkpoints::checkpoint_executor[0m[2m:[0m [2mcrates/sui-core/src/checkpoints/checkpoint_executor/mod.rs[0m[2m:[0m[2m332:[0m Received checkpoint summary from state sync [3msequence_number[0m[2m=[0m402
[2m2025-03-25T07:55:51.194456Z[0m [32m INFO[0m [1mnode[0m[1m{[0m[3mname[0m[2m=[0mk#99f25ef6..[1m}[0m[2m:[0m [2msui_core::state_accumulator[0m[2m:[0m [2mcrates/sui-core/src/state_accumulator.rs[0m[2m:[0m[2m675:[0m accumulating running root for checkpoint 402
[2m2025-03-25T07:55:51.194456Z[0m [32m INFO[0m [1mnode[0m[1m{[0m[3mname[0m[2m=[0mk#8dcff6d1..[1m}[0m[2m:[0m [2msui_core::state_accumulator[0m[2m:[0m [2mcrates/sui-core/src/state_accumulator.rs[0m[2m:[0m[2m675:[0m accumulating running root for checkpoint 402
[2m2025-03-25T07:55:51.220564Z[0m [32m INFO[0m [1mnode[0m[1m{[0m[3mname[0m[2m=[0mk#addeef94..[1m}[0m[2m:[0m [2msui_core::checkpoints[0m[2m:[0m [2mcrates/sui-core/src/checkpoints/mod.rs[0m[2m:[0m[2m1326:[0m Creating checkpoint(s) for 1 transactions [3mnext_checkpoint_seq[0m[2m=[0m403 [3mcheckpoint_timestamp[0m[2m=[0m1742889350664
[2m2025-03-25T07:55:51.220794Z[0m [32m INFO[0m [1mnode[0m[1m{[0m[3mname[0m[2m=[0mk#addeef94..[1m}[0m[2m:[0m [2msui_core::checkpoints::checkpoint_output[0m[2m:[0m [2mcrates/sui-core/src/checkpoints/checkpoint_output.rs[0m[2m:[0m[2m149:[0m Creating checkpoint CheckpointDigest(A3qVxfBdxGPyHAc6TjBLWZqwBzQ3dHLUz1vTzwAWWdX6) at epoch 1, sequence 403, previous digest Some(CheckpointDigest(5xnCCs3zCNWeFrDmYCRCDFXtpsK1jCrXViVCQdGzKvgK)), transactions count 1, content digest CheckpointContentsDigest(CaoWiTXvHfijv9m9R9GGM9gruUjzxK6rRu5ZfEhhimuW), end_of_epoch_data None
[2m2025-03-25T07:55:51.225565Z[0m [32m INFO[0m [1mnode[0m[1m{[0m[3mname[0m[2m=[0mk#8dcff6d1..[1m}[0m[2m:[0m [2msui_core::checkpoints[0m[2m:[0m [2mcrates/sui-core/src/checkpoints/mod.rs[0m[2m:[0m[2m1326:[0m Creating checkpoint(s) for 1 transactions [3mnext_checkpoint_seq[0m[2m=[0m403 [3mcheckpoint_timestamp[0m[2m=[0m1742889350664
[2m2025-03-25T07:55:51.225567Z[0m [32m INFO[0m [1mnode[0m[1m{[0m[3mname[0m[2m=[0mk#99f25ef6..[1m}[0m[2m:[0m [2msui_core::checkpoints[0m[2m:[0m [2mcrates/sui-core/src/checkpoints/mod.rs[0m[2m:[0m[2m1326:[0m Creating checkpoint(s) for 1 transactions [3mnext_checkpoint_seq[0m[2m=[0m403 [3mcheckpoint_timestamp[0m[2m=[0m1742889350664
[2m2025-03-25T07:55:51.225745Z[0m [32m INFO[0m [1mnode[0m[1m{[0m[3mname[0m[2m=[0mk#8dcff6d1..[1m}[0m[2m:[0m [2msui_core::checkpoints::checkpoint_output[0m[2m:[0m [2mcrates/sui-core/src/checkpoints/checkpoint_output.rs[0m[2m:[0m[2m149:[0m Creating checkpoint CheckpointDigest(A3qVxfBdxGPyHAc6TjBLWZqwBzQ3dHLUz1vTzwAWWdX6) at epoch 1, sequence 403, previous digest Some(CheckpointDigest(5xnCCs3zCNWeFrDmYCRCDFXtpsK1jCrXViVCQdGzKvgK)), transactions count 1, content digest CheckpointContentsDigest(CaoWiTXvHfijv9m9R9GGM9gruUjzxK6rRu5ZfEhhimuW), end_of_epoch_data None
[2m2025-03-25T07:55:51.225745Z[0m [32m INFO[0m [1mnode[0m[1m{[0m[3mname[0m[2m=[0mk#99f25ef6..[1m}[0m[2m:[0m [2msui_core::checkpoints::checkpoint_output[0m[2m:[0m [2mcrates/sui-core/src/checkpoints/checkpoint_output.rs[0m[2m:[0m[2m149:[0m Creating checkpoint CheckpointDigest(A3qVxfBdxGPyHAc6TjBLWZqwBzQ3dHLUz1vTzwAWWdX6) at epoch 1, sequence 403, previous digest Some(CheckpointDigest(5xnCCs3zCNWeFrDmYCRCDFXtpsK1jCrXViVCQdGzKvgK)), transactions count 1, content digest CheckpointContentsDigest(CaoWiTXvHfijv9m9R9GGM9gruUjzxK6rRu5ZfEhhimuW), end_of_epoch_data None
[2m2025-03-25T07:55:51.286975Z[0m [32m INFO[0m [1mnode[0m[1m{[0m[3mname[0m[2m=[0mk#addeef94..[1m}[0m[2m:[0m [2msui_core::checkpoints::checkpoint_executor[0m[2m:[0m [2mcrates/sui-core/src/checkpoints/checkpoint_executor/mod.rs[0m[2m:[0m[2m332:[0m Received checkpoint summary from state sync [3msequence_number[0m[2m=[0m402
[2m2025-03-25T07:55:51.288430Z[0m [32m INFO[0m [1mnode[0m[1m{[0m[3mname[0m[2m=[0mk#addeef94..[1m}[0m[2m:[0m [2msui_core::state_accumulator[0m[2m:[0m [2mcrates/sui-core/src/state_accumulator.rs[0m[2m:[0m[2m675:[0m accumulating running root for checkpoint 402
[2m2025-03-25T07:55:51.304657Z[0m [32m INFO[0m [1mnode[0m[1m{[0m[3mname[0m[2m=[0mk#8dcff6d1..[1m}[0m[2m:[0m [2mconsensus_core::commit_syncer[0m[2m:[0m [2mconsensus/core/src/commit_syncer.rs[0m[2m:[0m[2m196:[0m Checking to schedule fetches: synced_commit_index=190, highest_handled_index=190, highest_scheduled_index=0, quorum_commit_index=189, unhandled_commits_threshold=3200
[2m2025-03-25T07:55:51.328480Z[0m [32m INFO[0m [1mnode[0m[1m{[0m[3mname[0m[2m=[0mk#addeef94..[1m}[0m[2m:[0m [2mconsensus_core::commit_syncer[0m[2m:[0m [2mconsensus/core/src/commit_syncer.rs[0m[2m:[0m[2m196:[0m Checking to schedule fetches: synced_commit_index=190, highest_handled_index=190, highest_scheduled_index=0, quorum_commit_index=0, unhandled_commits_threshold=3200
[2m2025-03-25T07:55:51.331613Z[0m [32m INFO[0m [1mnode[0m[1m{[0m[3mname[0m[2m=[0mk#99f25ef6..[1m}[0m[2m:[0m [2mconsensus_core::commit_syncer[0m[2m:[0m [2mconsensus/core/src/commit_syncer.rs[0m[2m:[0m[2m196:[0m Checking to schedule fetches: synced_commit_index=190, highest_handled_index=190, highest_scheduled_index=0, quorum_commit_index=189, unhandled_commits_threshold=3200
[2m2025-03-25T07:55:51.428561Z[0m [32m INFO[0m [1mnode[0m[1m{[0m[3mname[0m[2m=[0mk#addeef94..[1m}[0m[2m:[0m [2mconsensus_core::core[0m[2m:[0m [2mconsensus/core/src/core.rs[0m[2m:[0m[2m945:[0m Included 3 ancestors & excluded 0 ancestors for proposal in round 203
[2m2025-03-25T07:55:51.428950Z[0m [32m INFO[0m [1mnode[0m[1m{[0m[3mname[0m[2m=[0mk#addeef94..[1m}[0m[2m:[0m [2mconsensus_core::core[0m[2m:[0m [2mconsensus/core/src/core.rs[0m[2m:[0m[2m531:[0m Created block B203(C,u48ZvHbmI6/+p7vxM9vwJiUax9vPIRTycOziDZunFrc=)(1742889351428ms;[B202(C,wAMlJLexICOE2trjo7bPn/fXpephdEsHS3OsaLPgFj8=), B202(A,ranynCGR8A4ot7ypWmA5XwC6U297TvY/C922cJeOaT8=), B202(B,GtpiC/tNSXPVHsVe/wRm5fPsND6wxNoDgDeM2zmjL/g=)];1t;1c) for round 203
[2m2025-03-25T07:55:51.430930Z[0m [32m INFO[0m [1mnode[0m[1m{[0m[3mname[0m[2m=[0mk#8dcff6d1..[1m}[0m[2m:[0m [2mconsensus_core::core[0m[2m:[0m [2mconsensus/core/src/core.rs[0m[2m:[0m[2m945:[0m Included 3 ancestors & excluded 0 ancestors for proposal in round 203
[2m2025-03-25T07:55:51.431209Z[0m [32m INFO[0m [1mnode[0m[1m{[0m[3mname[0m[2m=[0mk#8dcff6d1..[1m}[0m[2m:[0m [2mconsensus_core::core[0m[2m:[0m [2mconsensus/core/src/core.rs[0m[2m:[0m[2m531:[0m Created block B203(A,Gs66WLF/SlkD2xtti4WiPY2y/+44+zg/wkTXVPGCHPQ=)(1742889351431ms;[B202(A,ranynCGR8A4ot7ypWmA5XwC6U297TvY/C922cJeOaT8=), B202(B,GtpiC/tNSXPVHsVe/wRm5fPsND6wxNoDgDeM2zmjL/g=), B202(C,wAMlJLexICOE2trjo7bPn/fXpephdEsHS3OsaLPgFj8=)];1t;1c) for round 203
[2m2025-03-25T07:55:51.431278Z[0m [32m INFO[0m [1mnode[0m[1m{[0m[3mname[0m[2m=[0mk#8dcff6d1..[1m}[0m[2m:[0m [2mconsensus_core::core[0m[2m:[0m [2mconsensus/core/src/core.rs[0m[2m:[0m[2m630:[0m Committing 1 leaders: B201(C,hZcD)
[2m2025-03-25T07:55:51.431348Z[0m [32m INFO[0m [1mnode[0m[1m{[0m[3mname[0m[2m=[0mk#8dcff6d1..[1m}[0m[2m:[0m [2mconsensus_core::commit_observer[0m[2m:[0m [2mconsensus/core/src/commit_observer.rs[0m[2m:[0m[2m173:[0m Consensus commit C191(SdgW) with leader B201(C,hZcD) has 3 blocks
[2m2025-03-25T07:55:51.431433Z[0m [32m INFO[0m [1mnode[0m[1m{[0m[3mname[0m[2m=[0mk#8dcff6d1..[1m}[0m[2m:[0m [2msui_core::consensus_handler[0m[2m:[0m [2mcrates/sui-core/src/consensus_handler.rs[0m[2m:[0m[2m232:[0m Received consensus output [3mconsensus_commit[0m[2m=[0mCommittedSubDag(leader=B201(C,hZcD), ref=C191(SdgW), blocks=[txiw, 1ivq, hZcD]) [3mepoch[0m[2m=[0m1
[2m2025-03-25T07:55:51.432049Z[0m [32m INFO[0m [1mnode[0m[1m{[0m[3mname[0m[2m=[0mk#99f25ef6..[1m}[0m[2m:[0m [2mconsensus_core::core[0m[2m:[0m [2mconsensus/core/src/core.rs[0m[2m:[0m[2m945:[0m Included 3 ancestors & excluded 0 ancestors for proposal in round 203
[2m2025-03-25T07:55:51.432335Z[0m [32m INFO[0m [1mnode[0m[1m{[0m[3mname[0m[2m=[0mk#99f25ef6..[1m}[0m[2m:[0m [2mconsensus_core::core[0m[2m:[0m [2mconsensus/core/src/core.rs[0m[2m:[0m[2m531:[0m Created block B203(B,qN2NO5UOhOMQqcGDW/lAh7I3A3xy9REOtSuP/qVXzLI=)(1742889351432ms;[B202(B,GtpiC/tNSXPVHsVe/wRm5fPsND6wxNoDgDeM2zmjL/g=), B202(A,ranynCGR8A4ot7ypWmA5XwC6U297TvY/C922cJeOaT8=), B202(C,wAMlJLexICOE2trjo7bPn/fXpephdEsHS3OsaLPgFj8=)];1t;1c) for round 203
[2m2025-03-25T07:55:51.432400Z[0m [32m INFO[0m [1mnode[0m[1m{[0m[3mname[0m[2m=[0mk#99f25ef6..[1m}[0m[2m:[0m [2mconsensus_core::core[0m[2m:[0m [2mconsensus/core/src/core.rs[0m[2m:[0m[2m630:[0m Committing 1 leaders: B201(C,hZcD)
[2m2025-03-25T07:55:51.432465Z[0m [32m INFO[0m [1mnode[0m[1m{[0m[3mname[0m[2m=[0mk#99f25ef6..[1m}[0m[2m:[0m [2mconsensus_core::commit_observer[0m[2m:[0m [2mconsensus/core/src/commit_observer.rs[0m[2m:[0m[2m173:[0m Consensus commit C191(SdgW) with leader B201(C,hZcD) has 3 blocks
[2m2025-03-25T07:55:51.432547Z[0m [32m INFO[0m [1mnode[0m[1m{[0m[3mname[0m[2m=[0mk#99f25ef6..[1m}[0m[2m:[0m [2msui_core::consensus_handler[0m[2m:[0m [2mcrates/sui-core/src/consensus_handler.rs[0m[2m:[0m[2m232:[0m Received consensus output [3mconsensus_commit[0m[2m=[0mCommittedSubDag(leader=B201(C,hZcD), ref=C191(SdgW), blocks=[txiw, 1ivq, hZcD]) [3mepoch[0m[2m=[0m1
[2m2025-03-25T07:55:51.433749Z[0m [32m INFO[0m [1mnode[0m[1m{[0m[3mname[0m[2m=[0mk#addeef94..[1m}[0m[2m:[0m [2mconsensus_core::core[0m[2m:[0m [2mconsensus/core/src/core.rs[0m[2m:[0m[2m630:[0m Committing 1 leaders: B201(C,hZcD)
[2m2025-03-25T07:55:51.433839Z[0m [32m INFO[0m [1mnode[0m[1m{[0m[3mname[0m[2m=[0mk#addeef94..[1m}[0m[2m:[0m [2mconsensus_core::commit_observer[0m[2m:[0m [2mconsensus/core/src/commit_observer.rs[0m[2m:[0m[2m173:[0m Consensus commit C191(SdgW) with leader B201(C,hZcD) has 3 blocks
[2m2025-03-25T07:55:51.433913Z[0m [32m INFO[0m [1mnode[0m[1m{[0m[3mname[0m[2m=[0mk#addeef94..[1m}[0m[2m:[0m [2msui_core::consensus_handler[0m[2m:[0m [2mcrates/sui-core/src/consensus_handler.rs[0m[2m:[0m[2m232:[0m Received consensus output [3mconsensus_commit[0m[2m=[0mCommittedSubDag(leader=B201(C,hZcD), ref=C191(SdgW), blocks=[txiw, 1ivq, hZcD]) [3mepoch[0m[2m=[0m1
[2m2025-03-25T07:55:51.458086Z[0m [32m INFO[0m [1mnode[0m[1m{[0m[3mname[0m[2m=[0mk#8dcff6d1..[1m}[0m[2m:[0m [2msui_core::checkpoints[0m[2m:[0m [2mcrates/sui-core/src/checkpoints/mod.rs[0m[2m:[0m[2m1326:[0m Creating checkpoint(s) for 2 transactions [3mnext_checkpoint_seq[0m[2m=[0m404 [3mcheckpoint_timestamp[0m[2m=[0m1742889350916
[2m2025-03-25T07:55:51.458391Z[0m [32m INFO[0m [1mnode[0m[1m{[0m[3mname[0m[2m=[0mk#8dcff6d1..[1m}[0m[2m:[0m [2msui_core::checkpoints::checkpoint_output[0m[2m:[0m [2mcrates/sui-core/src/checkpoints/checkpoint_output.rs[0m[2m:[0m[2m149:[0m Creating checkpoint CheckpointDigest(6ooxfNvNF9qRuYST7Vh9foEpWGHvhpAHGrVHDRwUdebr) at epoch 1, sequence 404, previous digest Some(CheckpointDigest(A3qVxfBdxGPyHAc6TjBLWZqwBzQ3dHLUz1vTzwAWWdX6)), transactions count 2, content digest CheckpointContentsDigest(BgWPDvRjyDbxXrtAs9FnbTRZV8n6xK74rzBCMqg6AaJB), end_of_epoch_data None
[2m2025-03-25T07:55:51.458546Z[0m [32m INFO[0m [1mnode[0m[1m{[0m[3mname[0m[2m=[0mk#99f25ef6..[1m}[0m[2m:[0m [2msui_core::checkpoints[0m[2m:[0m [2mcrates/sui-core/src/checkpoints/mod.rs[0m[2m:[0m[2m1326:[0m Creating checkpoint(s) for 2 transactions [3mnext_checkpoint_seq[0m[2m=[0m404 [3mcheckpoint_timestamp[0m[2m=[0m1742889350916
[2m2025-03-25T07:55:51.458796Z[0m [32m INFO[0m [1mnode[0m[1m{[0m[3mname[0m[2m=[0mk#99f25ef6..[1m}[0m[2m:[0m [2msui_core::checkpoints::checkpoint_output[0m[2m:[0m [2mcrates/sui-core/src/checkpoints/checkpoint_output.rs[0m[2m:[0m[2m149:[0m Creating checkpoint CheckpointDigest(6ooxfNvNF9qRuYST7Vh9foEpWGHvhpAHGrVHDRwUdebr) at epoch 1, sequence 404, previous digest Some(CheckpointDigest(A3qVxfBdxGPyHAc6TjBLWZqwBzQ3dHLUz1vTzwAWWdX6)), transactions count 2, content digest CheckpointContentsDigest(BgWPDvRjyDbxXrtAs9FnbTRZV8n6xK74rzBCMqg6AaJB), end_of_epoch_data None
[2m2025-03-25T07:55:51.459829Z[0m [32m INFO[0m [1mnode[0m[1m{[0m[3mname[0m[2m=[0mk#addeef94..[1m}[0m[2m:[0m [2msui_core::checkpoints[0m[2m:[0m [2mcrates/sui-core/src/checkpoints/mod.rs[0m[2m:[0m[2m1326:[0m Creating checkpoint(s) for 2 transactions [3mnext_checkpoint_seq[0m[2m=[0m404 [3mcheckpoint_timestamp[0m[2m=[0m1742889350916
[2m2025-03-25T07:55:51.460078Z[0m [32m INFO[0m [1mnode[0m[1m{[0m[3mname[0m[2m=[0mk#addeef94..[1m}[0m[2m:[0m [2msui_core::checkpoints::checkpoint_output[0m[2m:[0m [2mcrates/sui-core/src/checkpoints/checkpoint_output.rs[0m[2m:[0m[2m149:[0m Creating checkpoint CheckpointDigest(6ooxfNvNF9qRuYST7Vh9foEpWGHvhpAHGrVHDRwUdebr) at epoch 1, sequence 404, previous digest Some(CheckpointDigest(A3qVxfBdxGPyHAc6TjBLWZqwBzQ3dHLUz1vTzwAWWdX6)), transactions count 2, content digest CheckpointContentsDigest(BgWPDvRjyDbxXrtAs9FnbTRZV8n6xK74rzBCMqg6AaJB), end_of_epoch_data None
[2m2025-03-25T07:55:51.461383Z[0m [32m INFO[0m [1mnode[0m[1m{[0m[3mname[0m[2m=[0mk#8dcff6d1..[1m}[0m[2m:[0m [2msui_core::checkpoints::checkpoint_output[0m[2m:[0m [2mcrates/sui-core/src/checkpoints/checkpoint_output.rs[0m[2m:[0m[2m196:[0m Certified checkpoint with sequence 403 and digest A3qVxfBdxGPyHAc6TjBLWZqwBzQ3dHLUz1vTzwAWWdX6
[2m2025-03-25T07:55:51.461642Z[0m [32m INFO[0m [1mnode[0m[1m{[0m[3mname[0m[2m=[0mk#99f25ef6..[1m}[0m[2m:[0m [2msui_core::checkpoints::checkpoint_output[0m[2m:[0m [2mcrates/sui-core/src/checkpoints/checkpoint_output.rs[0m[2m:[0m[2m196:[0m Certified checkpoint with sequence 403 and digest A3qVxfBdxGPyHAc6TjBLWZqwBzQ3dHLUz1vTzwAWWdX6
[2m2025-03-25T07:55:51.461829Z[0m [32m INFO[0m [1mnode[0m[1m{[0m[3mname[0m[2m=[0mk#8dcff6d1..[1m}[0m[2m:[0m [2msui_core::checkpoints::checkpoint_executor[0m[2m:[0m [2mcrates/sui-core/src/checkpoints/checkpoint_executor/mod.rs[0m[2m:[0m[2m332:[0m Received checkpoint summary from state sync [3msequence_number[0m[2m=[0m403
[2m2025-03-25T07:55:51.462027Z[0m [32m INFO[0m [1mnode[0m[1m{[0m[3mname[0m[2m=[0mk#99f25ef6..[1m}[0m[2m:[0m [2msui_core::checkpoints::checkpoint_executor[0m[2m:[0m [2mcrates/sui-core/src/checkpoints/checkpoint_executor/mod.rs[0m[2m:[0m[2m332:[0m Received checkpoint summary from state sync [3msequence_number[0m[2m=[0m403
[2m2025-03-25T07:55:51.462978Z[0m [32m INFO[0m [1mnode[0m[1m{[0m[3mname[0m[2m=[0mk#99f25ef6..[1m}[0m[2m:[0m [2msui_core::state_accumulator[0m[2m:[0m [2mcrates/sui-core/src/state_accumulator.rs[0m[2m:[0m[2m675:[0m accumulating running root for checkpoint 403
[2m2025-03-25T07:55:51.462981Z[0m [32m INFO[0m [1mnode[0m[1m{[0m[3mname[0m[2m=[0mk#8dcff6d1..[1m}[0m[2m:[0m [2msui_core::state_accumulator[0m[2m:[0m [2mcrates/sui-core/src/state_accumulator.rs[0m[2m:[0m[2m675:[0m accumulating running root for checkpoint 403
[2m2025-03-25T07:55:51.465150Z[0m [32m INFO[0m [1mnode[0m[1m{[0m[3mname[0m[2m=[0mk#addeef94..[1m}[0m[2m:[0m [2msui_core::checkpoints::checkpoint_executor[0m[2m:[0m [2mcrates/sui-core/src/checkpoints/checkpoint_executor/mod.rs[0m[2m:[0m[2m332:[0m Received checkpoint summary from state sync [3msequence_number[0m[2m=[0m403
[2m2025-03-25T07:55:51.465865Z[0m [32m INFO[0m [1mnode[0m[1m{[0m[3mname[0m[2m=[0mk#addeef94..[1m}[0m[2m:[0m [2msui_core::state_accumulator[0m[2m:[0m [2mcrates/sui-core/src/state_accumulator.rs[0m[2m:[0m[2m675:[0m accumulating running root for checkpoint 403
[2m2025-03-25T07:55:51.682827Z[0m [32m INFO[0m [1mnode[0m[1m{[0m[3mname[0m[2m=[0mk#8dcff6d1..[1m}[0m[2m:[0m [2mconsensus_core::core[0m[2m:[0m [2mconsensus/core/src/core.rs[0m[2m:[0m[2m945:[0m Included 3 ancestors & excluded 0 ancestors for proposal in round 204
[2m2025-03-25T07:55:51.683180Z[0m [32m INFO[0m [1mnode[0m[1m{[0m[3mname[0m[2m=[0mk#8dcff6d1..[1m}[0m[2m:[0m [2mconsensus_core::core[0m[2m:[0m [2mconsensus/core/src/core.rs[0m[2m:[0m[2m531:[0m Created block B204(A,WylyIIzmUCnGmPuNhV2tvEXigpEVoYVgQfYq/EFy7pQ=)(1742889351682ms;[B203(A,Gs66WLF/SlkD2xtti4WiPY2y/+44+zg/wkTXVPGCHPQ=), B203(B,qN2NO5UOhOMQqcGDW/lAh7I3A3xy9REOtSuP/qVXzLI=), B203(C,u48ZvHbmI6/+p7vxM9vwJiUax9vPIRTycOziDZunFrc=)];1t;1c) for round 204
[2m2025-03-25T07:55:51.685053Z[0m [32m INFO[0m [1mnode[0m[1m{[0m[3mname[0m[2m=[0mk#99f25ef6..[1m}[0m[2m:[0m [2mconsensus_core::core[0m[2m:[0m [2mconsensus/core/src/core.rs[0m[2m:[0m[2m945:[0m Included 3 ancestors & excluded 0 ancestors for proposal in round 204
[2m2025-03-25T07:55:51.685086Z[0m [32m INFO[0m [1mnode[0m[1m{[0m[3mname[0m[2m=[0mk#addeef94..[1m}[0m[2m:[0m [2mconsensus_core::core[0m[2m:[0m [2mconsensus/core/src/core.rs[0m[2m:[0m[2m945:[0m Included 3 ancestors & excluded 0 ancestors for proposal in round 204
[2m2025-03-25T07:55:51.685351Z[0m [32m INFO[0m [1mnode[0m[1m{[0m[3mname[0m[2m=[0mk#99f25ef6..[1m}[0m[2m:[0m [2mconsensus_core::core[0m[2m:[0m [2mconsensus/core/src/core.rs[0m[2m:[0m[2m531:[0m Created block B204(B,imRnvE/C1cE5tCtsORFCMFfqN2e6C9xHSB9x7neYu24=)(1742889351685ms;[B203(B,qN2NO5UOhOMQqcGDW/lAh7I3A3xy9REOtSuP/qVXzLI=), B203(A,Gs66WLF/SlkD2xtti4WiPY2y/+44+zg/wkTXVPGCHPQ=), B203(C,u48ZvHbmI6/+p7vxM9vwJiUax9vPIRTycOziDZunFrc=)];1t;1c) for round 204
[2m2025-03-25T07:55:51.685374Z[0m [32m INFO[0m [1mnode[0m[1m{[0m[3mname[0m[2m=[0mk#addeef94..[1m}[0m[2m:[0m [2mconsensus_core::core[0m[2m:[0m [2mconsensus/core/src/core.rs[0m[2m:[0m[2m531:[0m Created block B204(C,itKyYk8glRQR5w7BKUBEWDU/5ivjtJu5IEgvNq+7yJM=)(1742889351685ms;[B203(C,u48ZvHbmI6/+p7vxM9vwJiUax9vPIRTycOziDZunFrc=), B203(A,Gs66WLF/SlkD2xtti4WiPY2y/+44+zg/wkTXVPGCHPQ=), B203(B,qN2NO5UOhOMQqcGDW/lAh7I3A3xy9REOtSuP/qVXzLI=)];1t;1c) for round 204
[2m2025-03-25T07:55:51.685439Z[0m [32m INFO[0m [1mnode[0m[1m{[0m[3mname[0m[2m=[0mk#addeef94..[1m}[0m[2m:[0m [2mconsensus_core::core[0m[2m:[0m [2mconsensus/core/src/core.rs[0m[2m:[0m[2m630:[0m Committing 1 leaders: B202(A,rany)
[2m2025-03-25T07:55:51.685507Z[0m [32m INFO[0m [1mnode[0m[1m{[0m[3mname[0m[2m=[0mk#addeef94..[1m}[0m[2m:[0m [2mconsensus_core::commit_observer[0m[2m:[0m [2mconsensus/core/src/commit_observer.rs[0m[2m:[0m[2m173:[0m Consensus commit C192(cAXa) with leader B202(A,rany) has 3 blocks
[2m2025-03-25T07:55:51.685589Z[0m [32m INFO[0m [1mnode[0m[1m{[0m[3mname[0m[2m=[0mk#addeef94..[1m}[0m[2m:[0m [2msui_core::consensus_handler[0m[2m:[0m [2mcrates/sui-core/src/consensus_handler.rs[0m[2m:[0m[2m232:[0m Received consensus output [3mconsensus_commit[0m[2m=[0mCommittedSubDag(leader=B202(A,rany), ref=C192(cAXa), blocks=[//KI, M/ZF, rany]) [3mepoch[0m[2m=[0m1
[2m2025-03-25T07:55:51.688635Z[0m [32m INFO[0m [1mnode[0m[1m{[0m[3mname[0m[2m=[0mk#99f25ef6..[1m}[0m[2m:[0m [2msui_core::checkpoints::checkpoint_output[0m[2m:[0m [2mcrates/sui-core/src/checkpoints/checkpoint_output.rs[0m[2m:[0m[2m196:[0m Certified checkpoint with sequence 404 and digest 6ooxfNvNF9qRuYST7Vh9foEpWGHvhpAHGrVHDRwUdebr
[2m2025-03-25T07:55:51.688740Z[0m [32m INFO[0m [1mnode[0m[1m{[0m[3mname[0m[2m=[0mk#99f25ef6..[1m}[0m[2m:[0m [2mconsensus_core::core[0m[2m:[0m [2mconsensus/core/src/core.rs[0m[2m:[0m[2m630:[0m Committing 1 leaders: B202(A,rany)
[2m2025-03-25T07:55:51.688823Z[0m [32m INFO[0m [1mnode[0m[1m{[0m[3mname[0m[2m=[0mk#99f25ef6..[1m}[0m[2m:[0m [2mconsensus_core::commit_observer[0m[2m:[0m [2mconsensus/core/src/commit_observer.rs[0m[2m:[0m[2m173:[0m Consensus commit C192(cAXa) with leader B202(A,rany) has 3 blocks
[2m2025-03-25T07:55:51.689134Z[0m [32m INFO[0m [1mnode[0m[1m{[0m[3mname[0m[2m=[0mk#8dcff6d1..[1m}[0m[2m:[0m [2msui_core::checkpoints::checkpoint_output[0m[2m:[0m [2mcrates/sui-core/src/checkpoints/checkpoint_output.rs[0m[2m:[0m[2m196:[0m Certified checkpoint with sequence 404 and digest 6ooxfNvNF9qRuYST7Vh9foEpWGHvhpAHGrVHDRwUdebr
[2m2025-03-25T07:55:51.689234Z[0m [32m INFO[0m [1mnode[0m[1m{[0m[3mname[0m[2m=[0mk#8dcff6d1..[1m}[0m[2m:[0m [2mconsensus_core::core[0m[2m:[0m [2mconsensus/core/src/core.rs[0m[2m:[0m[2m630:[0m Committing 1 leaders: B202(A,rany)
[2m2025-03-25T07:55:51.689263Z[0m [32m INFO[0m [1mnode[0m[1m{[0m[3mname[0m[2m=[0mk#99f25ef6..[1m}[0m[2m:[0m [2msui_core::consensus_handler[0m[2m:[0m [2mcrates/sui-core/src/consensus_handler.rs[0m[2m:[0m[2m232:[0m Received consensus output [3mconsensus_commit[0m[2m=[0mCommittedSubDag(leader=B202(A,rany), ref=C192(cAXa), blocks=[//KI, M/ZF, rany]) [3mepoch[0m[2m=[0m1
[2m2025-03-25T07:55:51.689330Z[0m [32m INFO[0m [1mnode[0m[1m{[0m[3mname[0m[2m=[0mk#8dcff6d1..[1m}[0m[2m:[0m [2mconsensus_core::commit_observer[0m[2m:[0m [2mconsensus/core/src/commit_observer.rs[0m[2m:[0m[2m173:[0m Consensus commit C192(cAXa) with leader B202(A,rany) has 3 blocks
[2m2025-03-25T07:55:51.689712Z[0m [32m INFO[0m [1mnode[0m[1m{[0m[3mname[0m[2m=[0mk#8dcff6d1..[1m}[0m[2m:[0m [2msui_core::consensus_handler[0m[2m:[0m [2mcrates/sui-core/src/consensus_handler.rs[0m[2m:[0m[2m232:[0m Received consensus output [3mconsensus_commit[0m[2m=[0mCommittedSubDag(leader=B202(A,rany), ref=C192(cAXa), blocks=[//KI, M/ZF, rany]) [3mepoch[0m[2m=[0m1
[2m2025-03-25T07:55:51.689868Z[0m [32m INFO[0m [1mnode[0m[1m{[0m[3mname[0m[2m=[0mk#99f25ef6..[1m}[0m[2m:[0m [2msui_core::checkpoints::checkpoint_executor[0m[2m:[0m [2mcrates/sui-core/src/checkpoints/checkpoint_executor/mod.rs[0m[2m:[0m[2m332:[0m Received checkpoint summary from state sync [3msequence_number[0m[2m=[0m404
[2m2025-03-25T07:55:51.690285Z[0m [32m INFO[0m [1mnode[0m[1m{[0m[3mname[0m[2m=[0mk#8dcff6d1..[1m}[0m[2m:[0m [2msui_core::checkpoints::checkpoint_executor[0m[2m:[0m [2mcrates/sui-core/src/checkpoints/checkpoint_executor/mod.rs[0m[2m:[0m[2m332:[0m Received checkpoint summary from state sync [3msequence_number[0m[2m=[0m404
[2m2025-03-25T07:55:51.703510Z[0m [32m INFO[0m [1mnode[0m[1m{[0m[3mname[0m[2m=[0mk#99f25ef6..[1m}[0m[2m:[0m [2msui_core::state_accumulator[0m[2m:[0m [2mcrates/sui-core/src/state_accumulator.rs[0m[2m:[0m[2m675:[0m accumulating running root for checkpoint 404
[2m2025-03-25T07:55:51.703575Z[0m [32m INFO[0m [1mnode[0m[1m{[0m[3mname[0m[2m=[0mk#8dcff6d1..[1m}[0m[2m:[0m [2msui_core::state_accumulator[0m[2m:[0m [2mcrates/sui-core/src/state_accumulator.rs[0m[2m:[0m[2m675:[0m accumulating running root for checkpoint 404
[2m2025-03-25T07:55:51.729556Z[0m [32m INFO[0m [1mnode[0m[1m{[0m[3mname[0m[2m=[0mk#addeef94..[1m}[0m[2m:[0m [2msui_core::checkpoints[0m[2m:[0m [2mcrates/sui-core/src/checkpoints/mod.rs[0m[2m:[0m[2m1326:[0m Creating checkpoint(s) for 1 transactions [3mnext_checkpoint_seq[0m[2m=[0m405 [3mcheckpoint_timestamp[0m[2m=[0m1742889351172
[2m2025-03-25T07:55:51.729782Z[0m [32m INFO[0m [1mnode[0m[1m{[0m[3mname[0m[2m=[0mk#addeef94..[1m}[0m[2m:[0m [2msui_core::checkpoints::checkpoint_output[0m[2m:[0m [2mcrates/sui-core/src/checkpoints/checkpoint_output.rs[0m[2m:[0m[2m149:[0m Creating checkpoint CheckpointDigest(Dzm98o5PgUi9zP3uoZi2xEfR7roEuuq3Ap1Xy96ByVwz) at epoch 1, sequence 405, previous digest Some(CheckpointDigest(6ooxfNvNF9qRuYST7Vh9foEpWGHvhpAHGrVHDRwUdebr)), transactions count 1, content digest CheckpointContentsDigest(6QAUDCs67sUo4GPYjZvPKfJaBVe6iz7f9TiJSHRNRDZz), end_of_epoch_data None
[2m2025-03-25T07:55:51.734508Z[0m [32m INFO[0m [1mnode[0m[1m{[0m[3mname[0m[2m=[0mk#99f25ef6..[1m}[0m[2m:[0m [2msui_core::checkpoints[0m[2m:[0m [2mcrates/sui-core/src/checkpoints/mod.rs[0m[2m:[0m[2m1326:[0m Creating checkpoint(s) for 1 transactions [3mnext_checkpoint_seq[0m[2m=[0m405 [3mcheckpoint_timestamp[0m[2m=[0m1742889351172
[2m2025-03-25T07:55:51.734510Z[0m [32m INFO[0m [1mnode[0m[1m{[0m[3mname[0m[2m=[0mk#8dcff6d1..[1m}[0m[2m:[0m [2msui_core::checkpoints[0m[2m:[0m [2mcrates/sui-core/src/checkpoints/mod.rs[0m[2m:[0m[2m1326:[0m Creating checkpoint(s) for 1 transactions [3mnext_checkpoint_seq[0m[2m=[0m405 [3mcheckpoint_timestamp[0m[2m=[0m1742889351172
[2m2025-03-25T07:55:51.734686Z[0m [32m INFO[0m [1mnode[0m[1m{[0m[3mname[0m[2m=[0mk#99f25ef6..[1m}[0m[2m:[0m [2msui_core::checkpoints::checkpoint_output[0m[2m:[0m [2mcrates/sui-core/src/checkpoints/checkpoint_output.rs[0m[2m:[0m[2m149:[0m Creating checkpoint CheckpointDigest(Dzm98o5PgUi9zP3uoZi2xEfR7roEuuq3Ap1Xy96ByVwz) at epoch 1, sequence 405, previous digest Some(CheckpointDigest(6ooxfNvNF9qRuYST7Vh9foEpWGHvhpAHGrVHDRwUdebr)), transactions count 1, content digest CheckpointContentsDigest(6QAUDCs67sUo4GPYjZvPKfJaBVe6iz7f9TiJSHRNRDZz), end_of_epoch_data None
[2m2025-03-25T07:55:51.734686Z[0m [32m INFO[0m [1mnode[0m[1m{[0m[3mname[0m[2m=[0mk#8dcff6d1..[1m}[0m[2m:[0m [2msui_core::checkpoints::checkpoint_output[0m[2m:[0m [2mcrates/sui-core/src/checkpoints/checkpoint_output.rs[0m[2m:[0m[2m149:[0m Creating checkpoint CheckpointDigest(Dzm98o5PgUi9zP3uoZi2xEfR7roEuuq3Ap1Xy96ByVwz) at epoch 1, sequence 405, previous digest Some(CheckpointDigest(6ooxfNvNF9qRuYST7Vh9foEpWGHvhpAHGrVHDRwUdebr)), transactions count 1, content digest CheckpointContentsDigest(6QAUDCs67sUo4GPYjZvPKfJaBVe6iz7f9TiJSHRNRDZz), end_of_epoch_data None
[2m2025-03-25T07:55:51.797901Z[0m [32m INFO[0m [1mnode[0m[1m{[0m[3mname[0m[2m=[0mk#addeef94..[1m}[0m[2m:[0m [2msui_core::checkpoints::checkpoint_executor[0m[2m:[0m [2mcrates/sui-core/src/checkpoints/checkpoint_executor/mod.rs[0m[2m:[0m[2m332:[0m Received checkpoint summary from state sync [3msequence_number[0m[2m=[0m404
[2m2025-03-25T07:55:51.799366Z[0m [32m INFO[0m [1mnode[0m[1m{[0m[3mname[0m[2m=[0mk#addeef94..[1m}[0m[2m:[0m [2msui_core::state_accumulator[0m[2m:[0m [2mcrates/sui-core/src/state_accumulator.rs[0m[2m:[0m[2m675:[0m accumulating running root for checkpoint 404
[2m2025-03-25T07:55:51.871570Z[0m [32m INFO[0m [1mnode[0m[1m{[0m[3mname[0m[2m=[0mk#b3f3cbb4..[1m}[0m[2m:[0m[1mjson-rpc-request[0m[2m:[0m[1mdev_inspect_transaction_block[0m[1m{[0m[3msender_address[0m[2m=[0m0x0000000000000000000000000000000000000000000000000000000000000000 [3mtx_bytes[0m[2m=[0mBase64("AAMBAQAAAAAAAAAAAAAAAAAAAAAAAAAAAAAAAAAAAAAAAAAJAQAAAAAAAAABAAEMAAgAAAAAAAAAAAEAAAAAAAAAAAAAAAAAAAAAAAAAAAAAAAAAAAAAAAAAAAsGYnJpZGdlIGdldF90b2tlbl90cmFuc2Zlcl9hY3Rpb25fc3RhdHVzAAMBAAABAQABAgA=") [3mgas_price[0m[2m=[0mNone [3m_epoch[0m[2m=[0mNone [3madditional_args[0m[2m=[0mNone[1m}[0m[2m:[0m [2msui_json_rpc::transaction_execution_api[0m[2m:[0m [2mcrates/sui-json-rpc/src/transaction_execution_api.rs[0m[2m:[0m[2m351:[0m RPC took longer than threshold to complete. [3melapsed[0m[2m=[0m1.53420175s
[2m2025-03-25T07:55:51.873368Z[0m [32m INFO[0m [1mhandle_eth_tx_hash[0m[1m{[0m[3mtx_hash_hex[0m[2m=[0m"37a0a59eb0b20d729929cfdbb17194206988229fa0e8feace4220de670f89bf2" [3mevent_idx[0m[2m=[0m1[1m}[0m[2m:[0m [2msui_bridge::server[0m[2m:[0m [2mcrates/sui-bridge/src/server/mod.rs[0m[2m:[0m[2m207:[0m Received handle_eth_tx_hash request
[2m2025-03-25T07:55:51.873704Z[0m [32m INFO[0m [1mhandle_eth_tx_hash[0m[1m{[0m[3mtx_hash_hex[0m[2m=[0m"37a0a59eb0b20d729929cfdbb17194206988229fa0e8feace4220de670f89bf2" [3mevent_idx[0m[2m=[0m1[1m}[0m[2m:[0m [2msui_bridge::server[0m[2m:[0m [2mcrates/sui-bridge/src/server/mod.rs[0m[2m:[0m[2m207:[0m Received handle_eth_tx_hash request
[2m2025-03-25T07:55:51.873841Z[0m [32m INFO[0m [1mhandle_eth_tx_hash[0m[1m{[0m[3mtx_hash_hex[0m[2m=[0m"37a0a59eb0b20d729929cfdbb17194206988229fa0e8feace4220de670f89bf2" [3mevent_idx[0m[2m=[0m1[1m}[0m[2m:[0m [2msui_bridge::server[0m[2m:[0m [2mcrates/sui-bridge/src/server/mod.rs[0m[2m:[0m[2m207:[0m Received handle_eth_tx_hash request
[2m2025-03-25T07:55:51.874433Z[0m [32m INFO[0m [2msui_bridge::server::handler[0m[2m:[0m [2mcrates/sui-bridge/src/server/handler.rs[0m[2m:[0m[2m112:[0m Eth action found: EthToSuiBridgeAction(EthToSuiBridgeAction { eth_tx_hash: 0x37a0a59eb0b20d729929cfdbb17194206988229fa0e8feace4220de670f89bf2, eth_event_index: 1, eth_bridge_event: EthToSuiTokenBridgeV1 { nonce: 0, sui_chain_id: SuiCustom, eth_chain_id: EthCustom, sui_address: 0x04a92ab35c30447220964695cc04dfdb26d007c17bf50c178f19eacb981afca1, eth_address: 0x14dc79964da2c08b23698b3d3cc7ca32193d9955, token_id: 4, sui_adjusted_amount: 100000000, tx_hash: [55, 160, 165, 158, 176, 178, 13, 114, 153, 41, 207, 219, 177, 113, 148, 32, 105, 136, 34, 159, 160, 232, 254, 172, 228, 34, 13, 230, 112, 248, 155, 242], event_idx: 1 } })
[2m2025-03-25T07:55:51.874434Z[0m [32m INFO[0m [2msui_bridge::server::handler[0m[2m:[0m [2mcrates/sui-bridge/src/server/handler.rs[0m[2m:[0m[2m112:[0m Eth action found: EthToSuiBridgeAction(EthToSuiBridgeAction { eth_tx_hash: 0x37a0a59eb0b20d729929cfdbb17194206988229fa0e8feace4220de670f89bf2, eth_event_index: 1, eth_bridge_event: EthToSuiTokenBridgeV1 { nonce: 0, sui_chain_id: SuiCustom, eth_chain_id: EthCustom, sui_address: 0x04a92ab35c30447220964695cc04dfdb26d007c17bf50c178f19eacb981afca1, eth_address: 0x14dc79964da2c08b23698b3d3cc7ca32193d9955, token_id: 4, sui_adjusted_amount: 100000000, tx_hash: [55, 160, 165, 158, 176, 178, 13, 114, 153, 41, 207, 219, 177, 113, 148, 32, 105, 136, 34, 159, 160, 232, 254, 172, 228, 34, 13, 230, 112, 248, 155, 242], event_idx: 1 } })
[2m2025-03-25T07:55:51.874451Z[0m [32m INFO[0m [2msui_bridge::server::handler[0m[2m:[0m [2mcrates/sui-bridge/src/server/handler.rs[0m[2m:[0m[2m263:[0m bbking 3251 bridge_action: EthToSuiBridgeAction(EthToSuiBridgeAction { eth_tx_hash: 0x37a0a59eb0b20d729929cfdbb17194206988229fa0e8feace4220de670f89bf2, eth_event_index: 1, eth_bridge_event: EthToSuiTokenBridgeV1 { nonce: 0, sui_chain_id: SuiCustom, eth_chain_id: EthCustom, sui_address: 0x04a92ab35c30447220964695cc04dfdb26d007c17bf50c178f19eacb981afca1, eth_address: 0x14dc79964da2c08b23698b3d3cc7ca32193d9955, token_id: 5, sui_adjusted_amount: 100000000000, tx_hash: [55, 160, 165, 158, 176, 178, 13, 114, 153, 41, 207, 219, 177, 113, 148, 32, 105, 136, 34, 159, 160, 232, 254, 172, 228, 34, 13, 230, 112, 248, 155, 242], event_idx: 1 } })
[2m2025-03-25T07:55:51.874452Z[0m [32m INFO[0m [2msui_bridge::server::handler[0m[2m:[0m [2mcrates/sui-bridge/src/server/handler.rs[0m[2m:[0m[2m263:[0m bbking 3251 bridge_action: EthToSuiBridgeAction(EthToSuiBridgeAction { eth_tx_hash: 0x37a0a59eb0b20d729929cfdbb17194206988229fa0e8feace4220de670f89bf2, eth_event_index: 1, eth_bridge_event: EthToSuiTokenBridgeV1 { nonce: 0, sui_chain_id: SuiCustom, eth_chain_id: EthCustom, sui_address: 0x04a92ab35c30447220964695cc04dfdb26d007c17bf50c178f19eacb981afca1, eth_address: 0x14dc79964da2c08b23698b3d3cc7ca32193d9955, token_id: 5, sui_adjusted_amount: 100000000000, tx_hash: [55, 160, 165, 158, 176, 178, 13, 114, 153, 41, 207, 219, 177, 113, 148, 32, 105, 136, 34, 159, 160, 232, 254, 172, 228, 34, 13, 230, 112, 248, 155, 242], event_idx: 1 } })
[2m2025-03-25T07:55:51.874497Z[0m [32m INFO[0m [2msui_bridge::server::handler[0m[2m:[0m [2mcrates/sui-bridge/src/server/handler.rs[0m[2m:[0m[2m112:[0m Eth action found: EthToSuiBridgeAction(EthToSuiBridgeAction { eth_tx_hash: 0x37a0a59eb0b20d729929cfdbb17194206988229fa0e8feace4220de670f89bf2, eth_event_index: 1, eth_bridge_event: EthToSuiTokenBridgeV1 { nonce: 0, sui_chain_id: SuiCustom, eth_chain_id: EthCustom, sui_address: 0x04a92ab35c30447220964695cc04dfdb26d007c17bf50c178f19eacb981afca1, eth_address: 0x14dc79964da2c08b23698b3d3cc7ca32193d9955, token_id: 4, sui_adjusted_amount: 100000000, tx_hash: [55, 160, 165, 158, 176, 178, 13, 114, 153, 41, 207, 219, 177, 113, 148, 32, 105, 136, 34, 159, 160, 232, 254, 172, 228, 34, 13, 230, 112, 248, 155, 242], event_idx: 1 } })
[2m2025-03-25T07:55:51.874512Z[0m [32m INFO[0m [2msui_bridge::server::handler[0m[2m:[0m [2mcrates/sui-bridge/src/server/handler.rs[0m[2m:[0m[2m263:[0m bbking 3251 bridge_action: EthToSuiBridgeAction(EthToSuiBridgeAction { eth_tx_hash: 0x37a0a59eb0b20d729929cfdbb17194206988229fa0e8feace4220de670f89bf2, eth_event_index: 1, eth_bridge_event: EthToSuiTokenBridgeV1 { nonce: 0, sui_chain_id: SuiCustom, eth_chain_id: EthCustom, sui_address: 0x04a92ab35c30447220964695cc04dfdb26d007c17bf50c178f19eacb981afca1, eth_address: 0x14dc79964da2c08b23698b3d3cc7ca32193d9955, token_id: 5, sui_adjusted_amount: 100000000000, tx_hash: [55, 160, 165, 158, 176, 178, 13, 114, 153, 41, 207, 219, 177, 113, 148, 32, 105, 136, 34, 159, 160, 232, 254, 172, 228, 34, 13, 230, 112, 248, 155, 242], event_idx: 1 } })
[2m2025-03-25T07:55:51.874976Z[0m [32m INFO[0m [1mhandle_eth_tx_hash[0m[1m{[0m[3mtx_hash_hex[0m[2m=[0m"37a0a59eb0b20d729929cfdbb17194206988229fa0e8feace4220de670f89bf2" [3mevent_idx[0m[2m=[0m1[1m}[0m[2m:[0m [2msui_bridge::server[0m[2m:[0m [2mcrates/sui-bridge/src/server/mod.rs[0m[2m:[0m[2m207:[0m handle_eth_tx_hash request succeeded
[2m2025-03-25T07:55:51.874977Z[0m [32m INFO[0m [1mhandle_eth_tx_hash[0m[1m{[0m[3mtx_hash_hex[0m[2m=[0m"37a0a59eb0b20d729929cfdbb17194206988229fa0e8feace4220de670f89bf2" [3mevent_idx[0m[2m=[0m1[1m}[0m[2m:[0m [2msui_bridge::server[0m[2m:[0m [2mcrates/sui-bridge/src/server/mod.rs[0m[2m:[0m[2m207:[0m handle_eth_tx_hash request succeeded
[2m2025-03-25T07:55:51.875002Z[0m [32m INFO[0m [1mhandle_eth_tx_hash[0m[1m{[0m[3mtx_hash_hex[0m[2m=[0m"37a0a59eb0b20d729929cfdbb17194206988229fa0e8feace4220de670f89bf2" [3mevent_idx[0m[2m=[0m1[1m}[0m[2m:[0m [2msui_bridge::server[0m[2m:[0m [2mcrates/sui-bridge/src/server/mod.rs[0m[2m:[0m[2m207:[0m handle_eth_tx_hash request succeeded
[2m2025-03-25T07:55:51.876156Z[0m [32m INFO[0m [2msui_bridge::client::bridge_authority_aggregator[0m[2m:[0m [2mcrates/sui-bridge/src/client/bridge_authority_aggregator.rs[0m[2m:[0m[2m143:[0m Got signatures from k#02780624.., stake: 3333
[2m2025-03-25T07:55:51.876874Z[0m [32m INFO[0m [2msui_bridge::client::bridge_authority_aggregator[0m[2m:[0m [2mcrates/sui-bridge/src/client/bridge_authority_aggregator.rs[0m[2m:[0m[2m143:[0m Got signatures from k#030f0881.., stake: 3334
[2m2025-03-25T07:55:51.876887Z[0m [32m INFO[0m [2msui_bridge::client::bridge_authority_aggregator[0m[2m:[0m [2mcrates/sui-bridge/src/client/bridge_authority_aggregator.rs[0m[2m:[0m[2m165:[0m Got enough signatures from 2 validators with total_ok_stake 6667
[2m2025-03-25T07:55:51.876922Z[0m [32m INFO[0m [2msui_bridge::action_executor[0m[2m:[0m [2mcrates/sui-bridge/src/action_executor.rs[0m[2m:[0m[2m379:[0m Sending certificate to execution
[2m2025-03-25T07:55:51.876956Z[0m [32m INFO[0m [2msui_bridge::action_executor[0m[2m:[0m [2mcrates/sui-bridge/src/action_executor.rs[0m[2m:[0m[2m284:[0m Future crates/sui-bridge/src/action_executor.rs:request_signatures completed
[2m2025-03-25T07:55:51.877026Z[0m [32m INFO[0m [1mhandle_execution_task[0m[1m{[0m[3maction_key[0m[2m=[0mBridgeActionKey(0,12,0) [3mattempt_times[0m[2m=[0m0[1m}[0m[2m:[0m [2msui_bridge::action_executor[0m[2m:[0m [2mcrates/sui-bridge/src/action_executor.rs[0m[2m:[0m[2m481:[0m Received certified action for execution: EthToSuiBridgeAction(EthToSuiBridgeAction { eth_tx_hash: 0x37a0a59eb0b20d729929cfdbb17194206988229fa0e8feace4220de670f89bf2, eth_event_index: 1, eth_bridge_event: EthToSuiTokenBridgeV1 { nonce: 0, sui_chain_id: SuiCustom, eth_chain_id: EthCustom, sui_address: 0x04a92ab35c30447220964695cc04dfdb26d007c17bf50c178f19eacb981afca1, eth_address: 0x14dc79964da2c08b23698b3d3cc7ca32193d9955, token_id: 5, sui_adjusted_amount: 100000000000, tx_hash: [55, 160, 165, 158, 176, 178, 13, 114, 153, 41, 207, 219, 177, 113, 148, 32, 105, 136, 34, 159, 160, 232, 254, 172, 228, 34, 13, 230, 112, 248, 155, 242], event_idx: 1 } })
[2m2025-03-25T07:55:51.937425Z[0m [32m INFO[0m [1mnode[0m[1m{[0m[3mname[0m[2m=[0mk#addeef94..[1m}[0m[2m:[0m [2mconsensus_core::core[0m[2m:[0m [2mconsensus/core/src/core.rs[0m[2m:[0m[2m945:[0m Included 3 ancestors & excluded 0 ancestors for proposal in round 205
[2m2025-03-25T07:55:51.937829Z[0m [32m INFO[0m [1mnode[0m[1m{[0m[3mname[0m[2m=[0mk#addeef94..[1m}[0m[2m:[0m [2mconsensus_core::core[0m[2m:[0m [2mconsensus/core/src/core.rs[0m[2m:[0m[2m531:[0m Created block B205(C,tjHetYI6V1tYlj1NbmYgmkWJlmV8/Utc3Pf4YaRf53Q=)(1742889351937ms;[B204(C,itKyYk8glRQR5w7BKUBEWDU/5ivjtJu5IEgvNq+7yJM=), B204(A,WylyIIzmUCnGmPuNhV2tvEXigpEVoYVgQfYq/EFy7pQ=), B204(B,imRnvE/C1cE5tCtsORFCMFfqN2e6C9xHSB9x7neYu24=)];1t;1c) for round 205
[2m2025-03-25T07:55:51.940920Z[0m [32m INFO[0m [1mnode[0m[1m{[0m[3mname[0m[2m=[0mk#8dcff6d1..[1m}[0m[2m:[0m [2mconsensus_core::core[0m[2m:[0m [2mconsensus/core/src/core.rs[0m[2m:[0m[2m945:[0m Included 3 ancestors & excluded 0 ancestors for proposal in round 205
[2m2025-03-25T07:55:51.940920Z[0m [32m INFO[0m [1mnode[0m[1m{[0m[3mname[0m[2m=[0mk#99f25ef6..[1m}[0m[2m:[0m [2mconsensus_core::core[0m[2m:[0m [2mconsensus/core/src/core.rs[0m[2m:[0m[2m945:[0m Included 3 ancestors & excluded 0 ancestors for proposal in round 205
[2m2025-03-25T07:55:51.941210Z[0m [32m INFO[0m [1mnode[0m[1m{[0m[3mname[0m[2m=[0mk#8dcff6d1..[1m}[0m[2m:[0m [2mconsensus_core::core[0m[2m:[0m [2mconsensus/core/src/core.rs[0m[2m:[0m[2m531:[0m Created block B205(A,KzRNbY4gimoZGxAL4ar9elIfrZnT5JPiO3p36s5Ad2I=)(1742889351941ms;[B204(A,WylyIIzmUCnGmPuNhV2tvEXigpEVoYVgQfYq/EFy7pQ=), B204(B,imRnvE/C1cE5tCtsORFCMFfqN2e6C9xHSB9x7neYu24=), B204(C,itKyYk8glRQR5w7BKUBEWDU/5ivjtJu5IEgvNq+7yJM=)];1t;1c) for round 205
[2m2025-03-25T07:55:51.941210Z[0m [32m INFO[0m [1mnode[0m[1m{[0m[3mname[0m[2m=[0mk#99f25ef6..[1m}[0m[2m:[0m [2mconsensus_core::core[0m[2m:[0m [2mconsensus/core/src/core.rs[0m[2m:[0m[2m531:[0m Created block B205(B,3rrAFiaOHx1sVmLdxCM15qTDutoAFOqf4+TODgE7xbM=)(1742889351941ms;[B204(B,imRnvE/C1cE5tCtsORFCMFfqN2e6C9xHSB9x7neYu24=), B204(A,WylyIIzmUCnGmPuNhV2tvEXigpEVoYVgQfYq/EFy7pQ=), B204(C,itKyYk8glRQR5w7BKUBEWDU/5ivjtJu5IEgvNq+7yJM=)];1t;1c) for round 205
[2m2025-03-25T07:55:51.941281Z[0m [32m INFO[0m [1mnode[0m[1m{[0m[3mname[0m[2m=[0mk#8dcff6d1..[1m}[0m[2m:[0m [2mconsensus_core::core[0m[2m:[0m [2mconsensus/core/src/core.rs[0m[2m:[0m[2m630:[0m Committing 1 leaders: B203(C,u48Z)
[2m2025-03-25T07:55:51.941281Z[0m [32m INFO[0m [1mnode[0m[1m{[0m[3mname[0m[2m=[0mk#99f25ef6..[1m}[0m[2m:[0m [2mconsensus_core::core[0m[2m:[0m [2mconsensus/core/src/core.rs[0m[2m:[0m[2m630:[0m Committing 1 leaders: B203(C,u48Z)
[2m2025-03-25T07:55:51.941354Z[0m [32m INFO[0m [1mnode[0m[1m{[0m[3mname[0m[2m=[0mk#8dcff6d1..[1m}[0m[2m:[0m [2mconsensus_core::commit_observer[0m[2m:[0m [2mconsensus/core/src/commit_observer.rs[0m[2m:[0m[2m173:[0m Consensus commit C193(zouz) with leader B203(C,u48Z) has 3 blocks
[2m2025-03-25T07:55:51.941354Z[0m [32m INFO[0m [1mnode[0m[1m{[0m[3mname[0m[2m=[0mk#99f25ef6..[1m}[0m[2m:[0m [2mconsensus_core::commit_observer[0m[2m:[0m [2mconsensus/core/src/commit_observer.rs[0m[2m:[0m[2m173:[0m Consensus commit C193(zouz) with leader B203(C,u48Z) has 3 blocks
[2m2025-03-25T07:55:51.941443Z[0m [32m INFO[0m [1mnode[0m[1m{[0m[3mname[0m[2m=[0mk#99f25ef6..[1m}[0m[2m:[0m [2msui_core::consensus_handler[0m[2m:[0m [2mcrates/sui-core/src/consensus_handler.rs[0m[2m:[0m[2m232:[0m Received consensus output [3mconsensus_commit[0m[2m=[0mCommittedSubDag(leader=B203(C,u48Z), ref=C193(zouz), blocks=[Gtpi, wAMl, u48Z]) [3mepoch[0m[2m=[0m1
[2m2025-03-25T07:55:51.941443Z[0m [32m INFO[0m [1mnode[0m[1m{[0m[3mname[0m[2m=[0mk#8dcff6d1..[1m}[0m[2m:[0m [2msui_core::consensus_handler[0m[2m:[0m [2mcrates/sui-core/src/consensus_handler.rs[0m[2m:[0m[2m232:[0m Received consensus output [3mconsensus_commit[0m[2m=[0mCommittedSubDag(leader=B203(C,u48Z), ref=C193(zouz), blocks=[Gtpi, wAMl, u48Z]) [3mepoch[0m[2m=[0m1
[2m2025-03-25T07:55:51.945175Z[0m [32m INFO[0m [1mnode[0m[1m{[0m[3mname[0m[2m=[0mk#addeef94..[1m}[0m[2m:[0m [2mconsensus_core::core[0m[2m:[0m [2mconsensus/core/src/core.rs[0m[2m:[0m[2m630:[0m Committing 1 leaders: B203(C,u48Z)
[2m2025-03-25T07:55:51.945277Z[0m [32m INFO[0m [1mnode[0m[1m{[0m[3mname[0m[2m=[0mk#addeef94..[1m}[0m[2m:[0m [2mconsensus_core::commit_observer[0m[2m:[0m [2mconsensus/core/src/commit_observer.rs[0m[2m:[0m[2m173:[0m Consensus commit C193(zouz) with leader B203(C,u48Z) has 3 blocks
[2m2025-03-25T07:55:51.945411Z[0m [32m INFO[0m [1mnode[0m[1m{[0m[3mname[0m[2m=[0mk#addeef94..[1m}[0m[2m:[0m [2msui_core::consensus_handler[0m[2m:[0m [2mcrates/sui-core/src/consensus_handler.rs[0m[2m:[0m[2m232:[0m Received consensus output [3mconsensus_commit[0m[2m=[0mCommittedSubDag(leader=B203(C,u48Z), ref=C193(zouz), blocks=[Gtpi, wAMl, u48Z]) [3mepoch[0m[2m=[0m1
[2m2025-03-25T07:55:51.968159Z[0m [32m INFO[0m [1mnode[0m[1m{[0m[3mname[0m[2m=[0mk#99f25ef6..[1m}[0m[2m:[0m [2msui_core::checkpoints[0m[2m:[0m [2mcrates/sui-core/src/checkpoints/mod.rs[0m[2m:[0m[2m1326:[0m Creating checkpoint(s) for 2 transactions [3mnext_checkpoint_seq[0m[2m=[0m406 [3mcheckpoint_timestamp[0m[2m=[0m1742889351428
[2m2025-03-25T07:55:51.968159Z[0m [32m INFO[0m [1mnode[0m[1m{[0m[3mname[0m[2m=[0mk#8dcff6d1..[1m}[0m[2m:[0m [2msui_core::checkpoints[0m[2m:[0m [2mcrates/sui-core/src/checkpoints/mod.rs[0m[2m:[0m[2m1326:[0m Creating checkpoint(s) for 2 transactions [3mnext_checkpoint_seq[0m[2m=[0m406 [3mcheckpoint_timestamp[0m[2m=[0m1742889351428
[2m2025-03-25T07:55:51.968469Z[0m [32m INFO[0m [1mnode[0m[1m{[0m[3mname[0m[2m=[0mk#99f25ef6..[1m}[0m[2m:[0m [2msui_core::checkpoints::checkpoint_output[0m[2m:[0m [2mcrates/sui-core/src/checkpoints/checkpoint_output.rs[0m[2m:[0m[2m149:[0m Creating checkpoint CheckpointDigest(Bz6RQHhFgyBu2nwUYYPBJPgyy5hZFgJm9ocSFWBv4ULi) at epoch 1, sequence 406, previous digest Some(CheckpointDigest(Dzm98o5PgUi9zP3uoZi2xEfR7roEuuq3Ap1Xy96ByVwz)), transactions count 2, content digest CheckpointContentsDigest(5Wcz5UGQv946zsc1aepHTedaSTqENqjDXQugXKFUX1Yg), end_of_epoch_data None
[2m2025-03-25T07:55:51.968469Z[0m [32m INFO[0m [1mnode[0m[1m{[0m[3mname[0m[2m=[0mk#8dcff6d1..[1m}[0m[2m:[0m [2msui_core::checkpoints::checkpoint_output[0m[2m:[0m [2mcrates/sui-core/src/checkpoints/checkpoint_output.rs[0m[2m:[0m[2m149:[0m Creating checkpoint CheckpointDigest(Bz6RQHhFgyBu2nwUYYPBJPgyy5hZFgJm9ocSFWBv4ULi) at epoch 1, sequence 406, previous digest Some(CheckpointDigest(Dzm98o5PgUi9zP3uoZi2xEfR7roEuuq3Ap1Xy96ByVwz)), transactions count 2, content digest CheckpointContentsDigest(5Wcz5UGQv946zsc1aepHTedaSTqENqjDXQugXKFUX1Yg), end_of_epoch_data None
[2m2025-03-25T07:55:51.971430Z[0m [32m INFO[0m [1mnode[0m[1m{[0m[3mname[0m[2m=[0mk#addeef94..[1m}[0m[2m:[0m [2msui_core::checkpoints[0m[2m:[0m [2mcrates/sui-core/src/checkpoints/mod.rs[0m[2m:[0m[2m1326:[0m Creating checkpoint(s) for 2 transactions [3mnext_checkpoint_seq[0m[2m=[0m406 [3mcheckpoint_timestamp[0m[2m=[0m1742889351428
[2m2025-03-25T07:55:51.971508Z[0m [32m INFO[0m [1mnode[0m[1m{[0m[3mname[0m[2m=[0mk#8dcff6d1..[1m}[0m[2m:[0m [2msui_core::checkpoints::checkpoint_output[0m[2m:[0m [2mcrates/sui-core/src/checkpoints/checkpoint_output.rs[0m[2m:[0m[2m196:[0m Certified checkpoint with sequence 405 and digest Dzm98o5PgUi9zP3uoZi2xEfR7roEuuq3Ap1Xy96ByVwz
[2m2025-03-25T07:55:51.971510Z[0m [32m INFO[0m [1mnode[0m[1m{[0m[3mname[0m[2m=[0mk#99f25ef6..[1m}[0m[2m:[0m [2msui_core::checkpoints::checkpoint_output[0m[2m:[0m [2mcrates/sui-core/src/checkpoints/checkpoint_output.rs[0m[2m:[0m[2m196:[0m Certified checkpoint with sequence 405 and digest Dzm98o5PgUi9zP3uoZi2xEfR7roEuuq3Ap1Xy96ByVwz
[2m2025-03-25T07:55:51.971680Z[0m [32m INFO[0m [1mnode[0m[1m{[0m[3mname[0m[2m=[0mk#addeef94..[1m}[0m[2m:[0m [2msui_core::checkpoints::checkpoint_output[0m[2m:[0m [2mcrates/sui-core/src/checkpoints/checkpoint_output.rs[0m[2m:[0m[2m149:[0m Creating checkpoint CheckpointDigest(Bz6RQHhFgyBu2nwUYYPBJPgyy5hZFgJm9ocSFWBv4ULi) at epoch 1, sequence 406, previous digest Some(CheckpointDigest(Dzm98o5PgUi9zP3uoZi2xEfR7roEuuq3Ap1Xy96ByVwz)), transactions count 2, content digest CheckpointContentsDigest(5Wcz5UGQv946zsc1aepHTedaSTqENqjDXQugXKFUX1Yg), end_of_epoch_data None
[2m2025-03-25T07:55:51.971958Z[0m [32m INFO[0m [1mnode[0m[1m{[0m[3mname[0m[2m=[0mk#99f25ef6..[1m}[0m[2m:[0m [2msui_core::checkpoints::checkpoint_executor[0m[2m:[0m [2mcrates/sui-core/src/checkpoints/checkpoint_executor/mod.rs[0m[2m:[0m[2m332:[0m Received checkpoint summary from state sync [3msequence_number[0m[2m=[0m405
[2m2025-03-25T07:55:51.971958Z[0m [32m INFO[0m [1mnode[0m[1m{[0m[3mname[0m[2m=[0mk#8dcff6d1..[1m}[0m[2m:[0m [2msui_core::checkpoints::checkpoint_executor[0m[2m:[0m [2mcrates/sui-core/src/checkpoints/checkpoint_executor/mod.rs[0m[2m:[0m[2m332:[0m Received checkpoint summary from state sync [3msequence_number[0m[2m=[0m405
[2m2025-03-25T07:55:51.973124Z[0m [32m INFO[0m [1mnode[0m[1m{[0m[3mname[0m[2m=[0mk#99f25ef6..[1m}[0m[2m:[0m [2msui_core::state_accumulator[0m[2m:[0m [2mcrates/sui-core/src/state_accumulator.rs[0m[2m:[0m[2m675:[0m accumulating running root for checkpoint 405
[2m2025-03-25T07:55:51.973134Z[0m [32m INFO[0m [1mnode[0m[1m{[0m[3mname[0m[2m=[0mk#8dcff6d1..[1m}[0m[2m:[0m [2msui_core::state_accumulator[0m[2m:[0m [2mcrates/sui-core/src/state_accumulator.rs[0m[2m:[0m[2m675:[0m accumulating running root for checkpoint 405
[2m2025-03-25T07:55:51.975308Z[0m [32m INFO[0m [1mnode[0m[1m{[0m[3mname[0m[2m=[0mk#addeef94..[1m}[0m[2m:[0m [2msui_core::checkpoints::checkpoint_executor[0m[2m:[0m [2mcrates/sui-core/src/checkpoints/checkpoint_executor/mod.rs[0m[2m:[0m[2m332:[0m Received checkpoint summary from state sync [3msequence_number[0m[2m=[0m405
[2m2025-03-25T07:55:51.976021Z[0m [32m INFO[0m [1mnode[0m[1m{[0m[3mname[0m[2m=[0mk#addeef94..[1m}[0m[2m:[0m [2msui_core::state_accumulator[0m[2m:[0m [2mcrates/sui-core/src/state_accumulator.rs[0m[2m:[0m[2m675:[0m accumulating running root for checkpoint 405
[2m2025-03-25T07:55:52.193205Z[0m [32m INFO[0m [1mnode[0m[1m{[0m[3mname[0m[2m=[0mk#8dcff6d1..[1m}[0m[2m:[0m [2mconsensus_core::core[0m[2m:[0m [2mconsensus/core/src/core.rs[0m[2m:[0m[2m945:[0m Included 3 ancestors & excluded 0 ancestors for proposal in round 206
[2m2025-03-25T07:55:52.193660Z[0m [32m INFO[0m [1mnode[0m[1m{[0m[3mname[0m[2m=[0mk#8dcff6d1..[1m}[0m[2m:[0m [2mconsensus_core::core[0m[2m:[0m [2mconsensus/core/src/core.rs[0m[2m:[0m[2m531:[0m Created block B206(A,NYZB4R/90NL5IR+Yd4Y6X85OmUCzS3E8La+1Czpl454=)(1742889352193ms;[B205(A,KzRNbY4gimoZGxAL4ar9elIfrZnT5JPiO3p36s5Ad2I=), B205(B,3rrAFiaOHx1sVmLdxCM15qTDutoAFOqf4+TODgE7xbM=), B205(C,tjHetYI6V1tYlj1NbmYgmkWJlmV8/Utc3Pf4YaRf53Q=)];1t;1c) for round 206
[2m2025-03-25T07:55:52.193781Z[0m [32m INFO[0m [1mnode[0m[1m{[0m[3mname[0m[2m=[0mk#99f25ef6..[1m}[0m[2m:[0m [2mconsensus_core::core[0m[2m:[0m [2mconsensus/core/src/core.rs[0m[2m:[0m[2m945:[0m Included 3 ancestors & excluded 0 ancestors for proposal in round 206
[2m2025-03-25T07:55:52.194143Z[0m [32m INFO[0m [1mnode[0m[1m{[0m[3mname[0m[2m=[0mk#99f25ef6..[1m}[0m[2m:[0m [2mconsensus_core::core[0m[2m:[0m [2mconsensus/core/src/core.rs[0m[2m:[0m[2m531:[0m Created block B206(B,Lcx7+aIOk2WMKkIKAGcEY01rpMtjhvfGxElEw3EcztA=)(1742889352193ms;[B205(B,3rrAFiaOHx1sVmLdxCM15qTDutoAFOqf4+TODgE7xbM=), B205(A,KzRNbY4gimoZGxAL4ar9elIfrZnT5JPiO3p36s5Ad2I=), B205(C,tjHetYI6V1tYlj1NbmYgmkWJlmV8/Utc3Pf4YaRf53Q=)];1t;1c) for round 206
[2m2025-03-25T07:55:52.197189Z[0m [32m INFO[0m [1mnode[0m[1m{[0m[3mname[0m[2m=[0mk#addeef94..[1m}[0m[2m:[0m [2mconsensus_core::core[0m[2m:[0m [2mconsensus/core/src/core.rs[0m[2m:[0m[2m945:[0m Included 3 ancestors & excluded 0 ancestors for proposal in round 206
[2m2025-03-25T07:55:52.197536Z[0m [32m INFO[0m [1mnode[0m[1m{[0m[3mname[0m[2m=[0mk#addeef94..[1m}[0m[2m:[0m [2mconsensus_core::core[0m[2m:[0m [2mconsensus/core/src/core.rs[0m[2m:[0m[2m531:[0m Created block B206(C,NZpdh4E4JLiyme2n4XmQDcOWkv+5/HZfvFVHS7yBLFI=)(1742889352197ms;[B205(C,tjHetYI6V1tYlj1NbmYgmkWJlmV8/Utc3Pf4YaRf53Q=), B205(A,KzRNbY4gimoZGxAL4ar9elIfrZnT5JPiO3p36s5Ad2I=), B205(B,3rrAFiaOHx1sVmLdxCM15qTDutoAFOqf4+TODgE7xbM=)];1t;1c) for round 206
[2m2025-03-25T07:55:52.197621Z[0m [32m INFO[0m [1mnode[0m[1m{[0m[3mname[0m[2m=[0mk#addeef94..[1m}[0m[2m:[0m [2mconsensus_core::core[0m[2m:[0m [2mconsensus/core/src/core.rs[0m[2m:[0m[2m630:[0m Committing 1 leaders: B204(A,Wyly)
[2m2025-03-25T07:55:52.197707Z[0m [32m INFO[0m [1mnode[0m[1m{[0m[3mname[0m[2m=[0mk#addeef94..[1m}[0m[2m:[0m [2mconsensus_core::commit_observer[0m[2m:[0m [2mconsensus/core/src/commit_observer.rs[0m[2m:[0m[2m173:[0m Consensus commit C194(VDAp) with leader B204(A,Wyly) has 3 blocks
[2m2025-03-25T07:55:52.197950Z[0m [32m INFO[0m [1mnode[0m[1m{[0m[3mname[0m[2m=[0mk#addeef94..[1m}[0m[2m:[0m [2msui_core::consensus_handler[0m[2m:[0m [2mcrates/sui-core/src/consensus_handler.rs[0m[2m:[0m[2m232:[0m Received consensus output [3mconsensus_commit[0m[2m=[0mCommittedSubDag(leader=B204(A,Wyly), ref=C194(VDAp), blocks=[Gs66, qN2N, Wyly]) [3mepoch[0m[2m=[0m1
[2m2025-03-25T07:55:52.201176Z[0m [32m INFO[0m [1mnode[0m[1m{[0m[3mname[0m[2m=[0mk#99f25ef6..[1m}[0m[2m:[0m [2msui_core::checkpoints::checkpoint_output[0m[2m:[0m [2mcrates/sui-core/src/checkpoints/checkpoint_output.rs[0m[2m:[0m[2m196:[0m Certified checkpoint with sequence 406 and digest Bz6RQHhFgyBu2nwUYYPBJPgyy5hZFgJm9ocSFWBv4ULi
[2m2025-03-25T07:55:52.201311Z[0m [32m INFO[0m [1mnode[0m[1m{[0m[3mname[0m[2m=[0mk#99f25ef6..[1m}[0m[2m:[0m [2mconsensus_core::core[0m[2m:[0m [2mconsensus/core/src/core.rs[0m[2m:[0m[2m630:[0m Committing 1 leaders: B204(A,Wyly)
[2m2025-03-25T07:55:52.201423Z[0m [32m INFO[0m [1mnode[0m[1m{[0m[3mname[0m[2m=[0mk#99f25ef6..[1m}[0m[2m:[0m [2mconsensus_core::commit_observer[0m[2m:[0m [2mconsensus/core/src/commit_observer.rs[0m[2m:[0m[2m173:[0m Consensus commit C194(VDAp) with leader B204(A,Wyly) has 3 blocks
[2m2025-03-25T07:55:52.201436Z[0m [32m INFO[0m [1mnode[0m[1m{[0m[3mname[0m[2m=[0mk#8dcff6d1..[1m}[0m[2m:[0m [2msui_core::checkpoints::checkpoint_output[0m[2m:[0m [2mcrates/sui-core/src/checkpoints/checkpoint_output.rs[0m[2m:[0m[2m196:[0m Certified checkpoint with sequence 406 and digest Bz6RQHhFgyBu2nwUYYPBJPgyy5hZFgJm9ocSFWBv4ULi
[2m2025-03-25T07:55:52.201553Z[0m [32m INFO[0m [1mnode[0m[1m{[0m[3mname[0m[2m=[0mk#8dcff6d1..[1m}[0m[2m:[0m [2mconsensus_core::core[0m[2m:[0m [2mconsensus/core/src/core.rs[0m[2m:[0m[2m630:[0m Committing 1 leaders: B204(A,Wyly)
[2m2025-03-25T07:55:52.201658Z[0m [32m INFO[0m [1mnode[0m[1m{[0m[3mname[0m[2m=[0mk#8dcff6d1..[1m}[0m[2m:[0m [2mconsensus_core::commit_observer[0m[2m:[0m [2mconsensus/core/src/commit_observer.rs[0m[2m:[0m[2m173:[0m Consensus commit C194(VDAp) with leader B204(A,Wyly) has 3 blocks
[2m2025-03-25T07:55:52.201894Z[0m [32m INFO[0m [1mnode[0m[1m{[0m[3mname[0m[2m=[0mk#99f25ef6..[1m}[0m[2m:[0m [2msui_core::consensus_handler[0m[2m:[0m [2mcrates/sui-core/src/consensus_handler.rs[0m[2m:[0m[2m232:[0m Received consensus output [3mconsensus_commit[0m[2m=[0mCommittedSubDag(leader=B204(A,Wyly), ref=C194(VDAp), blocks=[Gs66, qN2N, Wyly]) [3mepoch[0m[2m=[0m1
[2m2025-03-25T07:55:52.202064Z[0m [32m INFO[0m [1mnode[0m[1m{[0m[3mname[0m[2m=[0mk#8dcff6d1..[1m}[0m[2m:[0m [2msui_core::consensus_handler[0m[2m:[0m [2mcrates/sui-core/src/consensus_handler.rs[0m[2m:[0m[2m232:[0m Received consensus output [3mconsensus_commit[0m[2m=[0mCommittedSubDag(leader=B204(A,Wyly), ref=C194(VDAp), blocks=[Gs66, qN2N, Wyly]) [3mepoch[0m[2m=[0m1
[2m2025-03-25T07:55:52.202543Z[0m [32m INFO[0m [1mnode[0m[1m{[0m[3mname[0m[2m=[0mk#99f25ef6..[1m}[0m[2m:[0m [2msui_core::checkpoints::checkpoint_executor[0m[2m:[0m [2mcrates/sui-core/src/checkpoints/checkpoint_executor/mod.rs[0m[2m:[0m[2m332:[0m Received checkpoint summary from state sync [3msequence_number[0m[2m=[0m406
[2m2025-03-25T07:55:52.202649Z[0m [32m INFO[0m [1mnode[0m[1m{[0m[3mname[0m[2m=[0mk#8dcff6d1..[1m}[0m[2m:[0m [2msui_core::checkpoints::checkpoint_executor[0m[2m:[0m [2mcrates/sui-core/src/checkpoints/checkpoint_executor/mod.rs[0m[2m:[0m[2m332:[0m Received checkpoint summary from state sync [3msequence_number[0m[2m=[0m406
[2m2025-03-25T07:55:52.216211Z[0m [32m INFO[0m [1mnode[0m[1m{[0m[3mname[0m[2m=[0mk#99f25ef6..[1m}[0m[2m:[0m [2msui_core::state_accumulator[0m[2m:[0m [2mcrates/sui-core/src/state_accumulator.rs[0m[2m:[0m[2m675:[0m accumulating running root for checkpoint 406
[2m2025-03-25T07:55:52.216212Z[0m [32m INFO[0m [1mnode[0m[1m{[0m[3mname[0m[2m=[0mk#8dcff6d1..[1m}[0m[2m:[0m [2msui_core::state_accumulator[0m[2m:[0m [2mcrates/sui-core/src/state_accumulator.rs[0m[2m:[0m[2m675:[0m accumulating running root for checkpoint 406
[2m2025-03-25T07:55:52.243137Z[0m [32m INFO[0m [1mnode[0m[1m{[0m[3mname[0m[2m=[0mk#addeef94..[1m}[0m[2m:[0m [2msui_core::checkpoints[0m[2m:[0m [2mcrates/sui-core/src/checkpoints/mod.rs[0m[2m:[0m[2m1326:[0m Creating checkpoint(s) for 1 transactions [3mnext_checkpoint_seq[0m[2m=[0m407 [3mcheckpoint_timestamp[0m[2m=[0m1742889351682
[2m2025-03-25T07:55:52.243368Z[0m [32m INFO[0m [1mnode[0m[1m{[0m[3mname[0m[2m=[0mk#addeef94..[1m}[0m[2m:[0m [2msui_core::checkpoints::checkpoint_output[0m[2m:[0m [2mcrates/sui-core/src/checkpoints/checkpoint_output.rs[0m[2m:[0m[2m149:[0m Creating checkpoint CheckpointDigest(ENhF7a5hfiZNqfDVZ7tBUro41Xe5kHcjKg19rc1Qkwpg) at epoch 1, sequence 407, previous digest Some(CheckpointDigest(Bz6RQHhFgyBu2nwUYYPBJPgyy5hZFgJm9ocSFWBv4ULi)), transactions count 1, content digest CheckpointContentsDigest(HUjD2u6hPbUv7b1SEwVTfQzX3GbTwzJu9LS88ArEBGsB), end_of_epoch_data None
[2m2025-03-25T07:55:52.247580Z[0m [32m INFO[0m [1mnode[0m[1m{[0m[3mname[0m[2m=[0mk#99f25ef6..[1m}[0m[2m:[0m [2msui_core::checkpoints[0m[2m:[0m [2mcrates/sui-core/src/checkpoints/mod.rs[0m[2m:[0m[2m1326:[0m Creating checkpoint(s) for 1 transactions [3mnext_checkpoint_seq[0m[2m=[0m407 [3mcheckpoint_timestamp[0m[2m=[0m1742889351682
[2m2025-03-25T07:55:52.247582Z[0m [32m INFO[0m [1mnode[0m[1m{[0m[3mname[0m[2m=[0mk#8dcff6d1..[1m}[0m[2m:[0m [2msui_core::checkpoints[0m[2m:[0m [2mcrates/sui-core/src/checkpoints/mod.rs[0m[2m:[0m[2m1326:[0m Creating checkpoint(s) for 1 transactions [3mnext_checkpoint_seq[0m[2m=[0m407 [3mcheckpoint_timestamp[0m[2m=[0m1742889351682
[2m2025-03-25T07:55:52.247761Z[0m [32m INFO[0m [1mnode[0m[1m{[0m[3mname[0m[2m=[0mk#99f25ef6..[1m}[0m[2m:[0m [2msui_core::checkpoints::checkpoint_output[0m[2m:[0m [2mcrates/sui-core/src/checkpoints/checkpoint_output.rs[0m[2m:[0m[2m149:[0m Creating checkpoint CheckpointDigest(ENhF7a5hfiZNqfDVZ7tBUro41Xe5kHcjKg19rc1Qkwpg) at epoch 1, sequence 407, previous digest Some(CheckpointDigest(Bz6RQHhFgyBu2nwUYYPBJPgyy5hZFgJm9ocSFWBv4ULi)), transactions count 1, content digest CheckpointContentsDigest(HUjD2u6hPbUv7b1SEwVTfQzX3GbTwzJu9LS88ArEBGsB), end_of_epoch_data None
[2m2025-03-25T07:55:52.247762Z[0m [32m INFO[0m [1mnode[0m[1m{[0m[3mname[0m[2m=[0mk#8dcff6d1..[1m}[0m[2m:[0m [2msui_core::checkpoints::checkpoint_output[0m[2m:[0m [2mcrates/sui-core/src/checkpoints/checkpoint_output.rs[0m[2m:[0m[2m149:[0m Creating checkpoint CheckpointDigest(ENhF7a5hfiZNqfDVZ7tBUro41Xe5kHcjKg19rc1Qkwpg) at epoch 1, sequence 407, previous digest Some(CheckpointDigest(Bz6RQHhFgyBu2nwUYYPBJPgyy5hZFgJm9ocSFWBv4ULi)), transactions count 1, content digest CheckpointContentsDigest(HUjD2u6hPbUv7b1SEwVTfQzX3GbTwzJu9LS88ArEBGsB), end_of_epoch_data None
[2m2025-03-25T07:55:52.264634Z[0m [32m INFO[0m [1mnode[0m[1m{[0m[3mname[0m[2m=[0mk#addeef94..[1m}[0m[2m:[0m [2msui_core::checkpoints::checkpoint_executor[0m[2m:[0m [2mcrates/sui-core/src/checkpoints/checkpoint_executor/mod.rs[0m[2m:[0m[2m332:[0m Received checkpoint summary from state sync [3msequence_number[0m[2m=[0m406
[2m2025-03-25T07:55:52.310944Z[0m [32m INFO[0m [1mnode[0m[1m{[0m[3mname[0m[2m=[0mk#addeef94..[1m}[0m[2m:[0m [2msui_core::state_accumulator[0m[2m:[0m [2mcrates/sui-core/src/state_accumulator.rs[0m[2m:[0m[2m675:[0m accumulating running root for checkpoint 406
[2m2025-03-25T07:55:52.450916Z[0m [32m INFO[0m [1mnode[0m[1m{[0m[3mname[0m[2m=[0mk#addeef94..[1m}[0m[2m:[0m [2mconsensus_core::core[0m[2m:[0m [2mconsensus/core/src/core.rs[0m[2m:[0m[2m945:[0m Included 3 ancestors & excluded 0 ancestors for proposal in round 207
[2m2025-03-25T07:55:52.451310Z[0m [32m INFO[0m [1mnode[0m[1m{[0m[3mname[0m[2m=[0mk#addeef94..[1m}[0m[2m:[0m [2mconsensus_core::core[0m[2m:[0m [2mconsensus/core/src/core.rs[0m[2m:[0m[2m531:[0m Created block B207(C,kMDWcTg+1bH88hTkb7k78u2SNnNGYRGnqVx0+enziI4=)(1742889352451ms;[B206(C,NZpdh4E4JLiyme2n4XmQDcOWkv+5/HZfvFVHS7yBLFI=), B206(A,NYZB4R/90NL5IR+Yd4Y6X85OmUCzS3E8La+1Czpl454=), B206(B,Lcx7+aIOk2WMKkIKAGcEY01rpMtjhvfGxElEw3EcztA=)];1t;1c) for round 207
[2m2025-03-25T07:55:52.453309Z[0m [32m INFO[0m [1mnode[0m[1m{[0m[3mname[0m[2m=[0mk#99f25ef6..[1m}[0m[2m:[0m [2mconsensus_core::core[0m[2m:[0m [2mconsensus/core/src/core.rs[0m[2m:[0m[2m945:[0m Included 3 ancestors & excluded 0 ancestors for proposal in round 207
[2m2025-03-25T07:55:52.453312Z[0m [32m INFO[0m [1mnode[0m[1m{[0m[3mname[0m[2m=[0mk#8dcff6d1..[1m}[0m[2m:[0m [2mconsensus_core::core[0m[2m:[0m [2mconsensus/core/src/core.rs[0m[2m:[0m[2m945:[0m Included 3 ancestors & excluded 0 ancestors for proposal in round 207
[2m2025-03-25T07:55:52.453593Z[0m [32m INFO[0m [1mnode[0m[1m{[0m[3mname[0m[2m=[0mk#99f25ef6..[1m}[0m[2m:[0m [2mconsensus_core::core[0m[2m:[0m [2mconsensus/core/src/core.rs[0m[2m:[0m[2m531:[0m Created block B207(B,zm8kNSMCW0MhgMOFs7a3j3oUa61FzCo6G0bvTLrkUj8=)(1742889352453ms;[B206(B,Lcx7+aIOk2WMKkIKAGcEY01rpMtjhvfGxElEw3EcztA=), B206(A,NYZB4R/90NL5IR+Yd4Y6X85OmUCzS3E8La+1Czpl454=), B206(C,NZpdh4E4JLiyme2n4XmQDcOWkv+5/HZfvFVHS7yBLFI=)];1t;1c) for round 207
[2m2025-03-25T07:55:52.453604Z[0m [32m INFO[0m [1mnode[0m[1m{[0m[3mname[0m[2m=[0mk#8dcff6d1..[1m}[0m[2m:[0m [2mconsensus_core::core[0m[2m:[0m [2mconsensus/core/src/core.rs[0m[2m:[0m[2m531:[0m Created block B207(A,5+dKMFG4eXeHVQImYq7VUuMazhpURyUCJyWfhNuvzpM=)(1742889352453ms;[B206(A,NYZB4R/90NL5IR+Yd4Y6X85OmUCzS3E8La+1Czpl454=), B206(B,Lcx7+aIOk2WMKkIKAGcEY01rpMtjhvfGxElEw3EcztA=), B206(C,NZpdh4E4JLiyme2n4XmQDcOWkv+5/HZfvFVHS7yBLFI=)];1t;1c) for round 207
[2m2025-03-25T07:55:52.453662Z[0m [32m INFO[0m [1mnode[0m[1m{[0m[3mname[0m[2m=[0mk#99f25ef6..[1m}[0m[2m:[0m [2mconsensus_core::core[0m[2m:[0m [2mconsensus/core/src/core.rs[0m[2m:[0m[2m630:[0m Committing 1 leaders: B205(C,tjHe)
[2m2025-03-25T07:55:52.453671Z[0m [32m INFO[0m [1mnode[0m[1m{[0m[3mname[0m[2m=[0mk#8dcff6d1..[1m}[0m[2m:[0m [2mconsensus_core::core[0m[2m:[0m [2mconsensus/core/src/core.rs[0m[2m:[0m[2m630:[0m Committing 1 leaders: B205(C,tjHe)
[2m2025-03-25T07:55:52.453733Z[0m [32m INFO[0m [1mnode[0m[1m{[0m[3mname[0m[2m=[0mk#99f25ef6..[1m}[0m[2m:[0m [2mconsensus_core::commit_observer[0m[2m:[0m [2mconsensus/core/src/commit_observer.rs[0m[2m:[0m[2m173:[0m Consensus commit C195(XFL9) with leader B205(C,tjHe) has 3 blocks
[2m2025-03-25T07:55:52.453743Z[0m [32m INFO[0m [1mnode[0m[1m{[0m[3mname[0m[2m=[0mk#8dcff6d1..[1m}[0m[2m:[0m [2mconsensus_core::commit_observer[0m[2m:[0m [2mconsensus/core/src/commit_observer.rs[0m[2m:[0m[2m173:[0m Consensus commit C195(XFL9) with leader B205(C,tjHe) has 3 blocks
[2m2025-03-25T07:55:52.453822Z[0m [32m INFO[0m [1mnode[0m[1m{[0m[3mname[0m[2m=[0mk#99f25ef6..[1m}[0m[2m:[0m [2msui_core::consensus_handler[0m[2m:[0m [2mcrates/sui-core/src/consensus_handler.rs[0m[2m:[0m[2m232:[0m Received consensus output [3mconsensus_commit[0m[2m=[0mCommittedSubDag(leader=B205(C,tjHe), ref=C195(XFL9), blocks=[imRn, itKy, tjHe]) [3mepoch[0m[2m=[0m1
[2m2025-03-25T07:55:52.453825Z[0m [32m INFO[0m [1mnode[0m[1m{[0m[3mname[0m[2m=[0mk#8dcff6d1..[1m}[0m[2m:[0m [2msui_core::consensus_handler[0m[2m:[0m [2mcrates/sui-core/src/consensus_handler.rs[0m[2m:[0m[2m232:[0m Received consensus output [3mconsensus_commit[0m[2m=[0mCommittedSubDag(leader=B205(C,tjHe), ref=C195(XFL9), blocks=[imRn, itKy, tjHe]) [3mepoch[0m[2m=[0m1
[2m2025-03-25T07:55:52.457498Z[0m [32m INFO[0m [1mnode[0m[1m{[0m[3mname[0m[2m=[0mk#addeef94..[1m}[0m[2m:[0m [2mconsensus_core::core[0m[2m:[0m [2mconsensus/core/src/core.rs[0m[2m:[0m[2m630:[0m Committing 1 leaders: B205(C,tjHe)
[2m2025-03-25T07:55:52.457593Z[0m [32m INFO[0m [1mnode[0m[1m{[0m[3mname[0m[2m=[0mk#addeef94..[1m}[0m[2m:[0m [2mconsensus_core::commit_observer[0m[2m:[0m [2mconsensus/core/src/commit_observer.rs[0m[2m:[0m[2m173:[0m Consensus commit C195(XFL9) with leader B205(C,tjHe) has 3 blocks
[2m2025-03-25T07:55:52.457726Z[0m [32m INFO[0m [1mnode[0m[1m{[0m[3mname[0m[2m=[0mk#addeef94..[1m}[0m[2m:[0m [2msui_core::consensus_handler[0m[2m:[0m [2mcrates/sui-core/src/consensus_handler.rs[0m[2m:[0m[2m232:[0m Received consensus output [3mconsensus_commit[0m[2m=[0mCommittedSubDag(leader=B205(C,tjHe), ref=C195(XFL9), blocks=[imRn, itKy, tjHe]) [3mepoch[0m[2m=[0m1
[2m2025-03-25T07:55:52.480517Z[0m [32m INFO[0m [1mnode[0m[1m{[0m[3mname[0m[2m=[0mk#99f25ef6..[1m}[0m[2m:[0m [2msui_core::checkpoints[0m[2m:[0m [2mcrates/sui-core/src/checkpoints/mod.rs[0m[2m:[0m[2m1326:[0m Creating checkpoint(s) for 2 transactions [3mnext_checkpoint_seq[0m[2m=[0m408 [3mcheckpoint_timestamp[0m[2m=[0m1742889351937
[2m2025-03-25T07:55:52.480518Z[0m [32m INFO[0m [1mnode[0m[1m{[0m[3mname[0m[2m=[0mk#8dcff6d1..[1m}[0m[2m:[0m [2msui_core::checkpoints[0m[2m:[0m [2mcrates/sui-core/src/checkpoints/mod.rs[0m[2m:[0m[2m1326:[0m Creating checkpoint(s) for 2 transactions [3mnext_checkpoint_seq[0m[2m=[0m408 [3mcheckpoint_timestamp[0m[2m=[0m1742889351937
[2m2025-03-25T07:55:52.480829Z[0m [32m INFO[0m [1mnode[0m[1m{[0m[3mname[0m[2m=[0mk#99f25ef6..[1m}[0m[2m:[0m [2msui_core::checkpoints::checkpoint_output[0m[2m:[0m [2mcrates/sui-core/src/checkpoints/checkpoint_output.rs[0m[2m:[0m[2m149:[0m Creating checkpoint CheckpointDigest(529viczeq48HYod9eRt1xsHqr8rkhDeFAbAqik4vEi1f) at epoch 1, sequence 408, previous digest Some(CheckpointDigest(ENhF7a5hfiZNqfDVZ7tBUro41Xe5kHcjKg19rc1Qkwpg)), transactions count 2, content digest CheckpointContentsDigest(D4MkNi7BN1EroXHTkLmwFLDge6DhXu2mgfv8bMQe4WyA), end_of_epoch_data None
[2m2025-03-25T07:55:52.480829Z[0m [32m INFO[0m [1mnode[0m[1m{[0m[3mname[0m[2m=[0mk#8dcff6d1..[1m}[0m[2m:[0m [2msui_core::checkpoints::checkpoint_output[0m[2m:[0m [2mcrates/sui-core/src/checkpoints/checkpoint_output.rs[0m[2m:[0m[2m149:[0m Creating checkpoint CheckpointDigest(529viczeq48HYod9eRt1xsHqr8rkhDeFAbAqik4vEi1f) at epoch 1, sequence 408, previous digest Some(CheckpointDigest(ENhF7a5hfiZNqfDVZ7tBUro41Xe5kHcjKg19rc1Qkwpg)), transactions count 2, content digest CheckpointContentsDigest(D4MkNi7BN1EroXHTkLmwFLDge6DhXu2mgfv8bMQe4WyA), end_of_epoch_data None
[2m2025-03-25T07:55:52.483615Z[0m [32m INFO[0m [1mnode[0m[1m{[0m[3mname[0m[2m=[0mk#addeef94..[1m}[0m[2m:[0m [2msui_core::checkpoints[0m[2m:[0m [2mcrates/sui-core/src/checkpoints/mod.rs[0m[2m:[0m[2m1326:[0m Creating checkpoint(s) for 2 transactions [3mnext_checkpoint_seq[0m[2m=[0m408 [3mcheckpoint_timestamp[0m[2m=[0m1742889351937
[2m2025-03-25T07:55:52.483855Z[0m [32m INFO[0m [1mnode[0m[1m{[0m[3mname[0m[2m=[0mk#8dcff6d1..[1m}[0m[2m:[0m [2msui_core::checkpoints::checkpoint_output[0m[2m:[0m [2mcrates/sui-core/src/checkpoints/checkpoint_output.rs[0m[2m:[0m[2m196:[0m Certified checkpoint with sequence 407 and digest ENhF7a5hfiZNqfDVZ7tBUro41Xe5kHcjKg19rc1Qkwpg
[2m2025-03-25T07:55:52.483858Z[0m [32m INFO[0m [1mnode[0m[1m{[0m[3mname[0m[2m=[0mk#99f25ef6..[1m}[0m[2m:[0m [2msui_core::checkpoints::checkpoint_output[0m[2m:[0m [2mcrates/sui-core/src/checkpoints/checkpoint_output.rs[0m[2m:[0m[2m196:[0m Certified checkpoint with sequence 407 and digest ENhF7a5hfiZNqfDVZ7tBUro41Xe5kHcjKg19rc1Qkwpg
[2m2025-03-25T07:55:52.483860Z[0m [32m INFO[0m [1mnode[0m[1m{[0m[3mname[0m[2m=[0mk#addeef94..[1m}[0m[2m:[0m [2msui_core::checkpoints::checkpoint_output[0m[2m:[0m [2mcrates/sui-core/src/checkpoints/checkpoint_output.rs[0m[2m:[0m[2m149:[0m Creating checkpoint CheckpointDigest(529viczeq48HYod9eRt1xsHqr8rkhDeFAbAqik4vEi1f) at epoch 1, sequence 408, previous digest Some(CheckpointDigest(ENhF7a5hfiZNqfDVZ7tBUro41Xe5kHcjKg19rc1Qkwpg)), transactions count 2, content digest CheckpointContentsDigest(D4MkNi7BN1EroXHTkLmwFLDge6DhXu2mgfv8bMQe4WyA), end_of_epoch_data None
[2m2025-03-25T07:55:52.484308Z[0m [32m INFO[0m [1mnode[0m[1m{[0m[3mname[0m[2m=[0mk#99f25ef6..[1m}[0m[2m:[0m [2msui_core::checkpoints::checkpoint_executor[0m[2m:[0m [2mcrates/sui-core/src/checkpoints/checkpoint_executor/mod.rs[0m[2m:[0m[2m332:[0m Received checkpoint summary from state sync [3msequence_number[0m[2m=[0m407
[2m2025-03-25T07:55:52.484308Z[0m [32m INFO[0m [1mnode[0m[1m{[0m[3mname[0m[2m=[0mk#8dcff6d1..[1m}[0m[2m:[0m [2msui_core::checkpoints::checkpoint_executor[0m[2m:[0m [2mcrates/sui-core/src/checkpoints/checkpoint_executor/mod.rs[0m[2m:[0m[2m332:[0m Received checkpoint summary from state sync [3msequence_number[0m[2m=[0m407
[2m2025-03-25T07:55:52.485490Z[0m [32m INFO[0m [1mnode[0m[1m{[0m[3mname[0m[2m=[0mk#99f25ef6..[1m}[0m[2m:[0m [2msui_core::state_accumulator[0m[2m:[0m [2mcrates/sui-core/src/state_accumulator.rs[0m[2m:[0m[2m675:[0m accumulating running root for checkpoint 407
[2m2025-03-25T07:55:52.485497Z[0m [32m INFO[0m [1mnode[0m[1m{[0m[3mname[0m[2m=[0mk#8dcff6d1..[1m}[0m[2m:[0m [2msui_core::state_accumulator[0m[2m:[0m [2mcrates/sui-core/src/state_accumulator.rs[0m[2m:[0m[2m675:[0m accumulating running root for checkpoint 407
[2m2025-03-25T07:55:52.487667Z[0m [32m INFO[0m [1mnode[0m[1m{[0m[3mname[0m[2m=[0mk#addeef94..[1m}[0m[2m:[0m [2msui_core::checkpoints::checkpoint_executor[0m[2m:[0m [2mcrates/sui-core/src/checkpoints/checkpoint_executor/mod.rs[0m[2m:[0m[2m332:[0m Received checkpoint summary from state sync [3msequence_number[0m[2m=[0m407
[2m2025-03-25T07:55:52.488380Z[0m [32m INFO[0m [1mnode[0m[1m{[0m[3mname[0m[2m=[0mk#addeef94..[1m}[0m[2m:[0m [2msui_core::state_accumulator[0m[2m:[0m [2mcrates/sui-core/src/state_accumulator.rs[0m[2m:[0m[2m675:[0m accumulating running root for checkpoint 407
[2m2025-03-25T07:55:52.706129Z[0m [32m INFO[0m [1mnode[0m[1m{[0m[3mname[0m[2m=[0mk#99f25ef6..[1m}[0m[2m:[0m [2mconsensus_core::core[0m[2m:[0m [2mconsensus/core/src/core.rs[0m[2m:[0m[2m945:[0m Included 3 ancestors & excluded 0 ancestors for proposal in round 208
[2m2025-03-25T07:55:52.706515Z[0m [32m INFO[0m [1mnode[0m[1m{[0m[3mname[0m[2m=[0mk#8dcff6d1..[1m}[0m[2m:[0m [2mconsensus_core::core[0m[2m:[0m [2mconsensus/core/src/core.rs[0m[2m:[0m[2m945:[0m Included 3 ancestors & excluded 0 ancestors for proposal in round 208
[2m2025-03-25T07:55:52.706510Z[0m [32m INFO[0m [1mnode[0m[1m{[0m[3mname[0m[2m=[0mk#99f25ef6..[1m}[0m[2m:[0m [2mconsensus_core::core[0m[2m:[0m [2mconsensus/core/src/core.rs[0m[2m:[0m[2m531:[0m Created block B208(B,eyVDA4zLFGD2G1QEL0v3HE4vXRMRXtRnDAyAeCDtw/U=)(1742889352706ms;[B207(B,zm8kNSMCW0MhgMOFs7a3j3oUa61FzCo6G0bvTLrkUj8=), B207(A,5+dKMFG4eXeHVQImYq7VUuMazhpURyUCJyWfhNuvzpM=), B207(C,kMDWcTg+1bH88hTkb7k78u2SNnNGYRGnqVx0+enziI4=)];1t;1c) for round 208
[2m2025-03-25T07:55:52.706825Z[0m [32m INFO[0m [1mnode[0m[1m{[0m[3mname[0m[2m=[0mk#8dcff6d1..[1m}[0m[2m:[0m [2mconsensus_core::core[0m[2m:[0m [2mconsensus/core/src/core.rs[0m[2m:[0m[2m531:[0m Created block B208(A,8RixVVhgPP1k0WC+wvC0WYLojMIRLtDgZVE3CKUePRg=)(1742889352706ms;[B207(A,5+dKMFG4eXeHVQImYq7VUuMazhpURyUCJyWfhNuvzpM=), B207(B,zm8kNSMCW0MhgMOFs7a3j3oUa61FzCo6G0bvTLrkUj8=), B207(C,kMDWcTg+1bH88hTkb7k78u2SNnNGYRGnqVx0+enziI4=)];1t;1c) for round 208
[2m2025-03-25T07:55:52.709864Z[0m [32m INFO[0m [1mnode[0m[1m{[0m[3mname[0m[2m=[0mk#addeef94..[1m}[0m[2m:[0m [2mconsensus_core::core[0m[2m:[0m [2mconsensus/core/src/core.rs[0m[2m:[0m[2m945:[0m Included 3 ancestors & excluded 0 ancestors for proposal in round 208
[2m2025-03-25T07:55:52.710170Z[0m [32m INFO[0m [1mnode[0m[1m{[0m[3mname[0m[2m=[0mk#addeef94..[1m}[0m[2m:[0m [2mconsensus_core::core[0m[2m:[0m [2mconsensus/core/src/core.rs[0m[2m:[0m[2m531:[0m Created block B208(C,AbXbL7He5RWlnnKGL7NzuBohf0WTbiUlnzyzvyJW2Io=)(1742889352709ms;[B207(C,kMDWcTg+1bH88hTkb7k78u2SNnNGYRGnqVx0+enziI4=), B207(A,5+dKMFG4eXeHVQImYq7VUuMazhpURyUCJyWfhNuvzpM=), B207(B,zm8kNSMCW0MhgMOFs7a3j3oUa61FzCo6G0bvTLrkUj8=)];1t;1c) for round 208
[2m2025-03-25T07:55:52.710236Z[0m [32m INFO[0m [1mnode[0m[1m{[0m[3mname[0m[2m=[0mk#addeef94..[1m}[0m[2m:[0m [2mconsensus_core::core[0m[2m:[0m [2mconsensus/core/src/core.rs[0m[2m:[0m[2m630:[0m Committing 1 leaders: B206(C,NZpd)
[2m2025-03-25T07:55:52.710304Z[0m [32m INFO[0m [1mnode[0m[1m{[0m[3mname[0m[2m=[0mk#addeef94..[1m}[0m[2m:[0m [2mconsensus_core::commit_observer[0m[2m:[0m [2mconsensus/core/src/commit_observer.rs[0m[2m:[0m[2m173:[0m Consensus commit C196(mOu2) with leader B206(C,NZpd) has 3 blocks
[2m2025-03-25T07:55:52.710386Z[0m [32m INFO[0m [1mnode[0m[1m{[0m[3mname[0m[2m=[0mk#addeef94..[1m}[0m[2m:[0m [2msui_core::consensus_handler[0m[2m:[0m [2mcrates/sui-core/src/consensus_handler.rs[0m[2m:[0m[2m232:[0m Received consensus output [3mconsensus_commit[0m[2m=[0mCommittedSubDag(leader=B206(C,NZpd), ref=C196(mOu2), blocks=[KzRN, 3rrA, NZpd]) [3mepoch[0m[2m=[0m1
[2m2025-03-25T07:55:52.713465Z[0m [32m INFO[0m [1mnode[0m[1m{[0m[3mname[0m[2m=[0mk#99f25ef6..[1m}[0m[2m:[0m [2msui_core::checkpoints::checkpoint_output[0m[2m:[0m [2mcrates/sui-core/src/checkpoints/checkpoint_output.rs[0m[2m:[0m[2m196:[0m Certified checkpoint with sequence 408 and digest 529viczeq48HYod9eRt1xsHqr8rkhDeFAbAqik4vEi1f
[2m2025-03-25T07:55:52.713462Z[0m [32m INFO[0m [1mnode[0m[1m{[0m[3mname[0m[2m=[0mk#8dcff6d1..[1m}[0m[2m:[0m [2msui_core::checkpoints::checkpoint_output[0m[2m:[0m [2mcrates/sui-core/src/checkpoints/checkpoint_output.rs[0m[2m:[0m[2m196:[0m Certified checkpoint with sequence 408 and digest 529viczeq48HYod9eRt1xsHqr8rkhDeFAbAqik4vEi1f
[2m2025-03-25T07:55:52.713573Z[0m [32m INFO[0m [1mnode[0m[1m{[0m[3mname[0m[2m=[0mk#8dcff6d1..[1m}[0m[2m:[0m [2mconsensus_core::core[0m[2m:[0m [2mconsensus/core/src/core.rs[0m[2m:[0m[2m630:[0m Committing 1 leaders: B206(C,NZpd)
[2m2025-03-25T07:55:52.713573Z[0m [32m INFO[0m [1mnode[0m[1m{[0m[3mname[0m[2m=[0mk#99f25ef6..[1m}[0m[2m:[0m [2mconsensus_core::core[0m[2m:[0m [2mconsensus/core/src/core.rs[0m[2m:[0m[2m630:[0m Committing 1 leaders: B206(C,NZpd)
[2m2025-03-25T07:55:52.713672Z[0m [32m INFO[0m [1mnode[0m[1m{[0m[3mname[0m[2m=[0mk#8dcff6d1..[1m}[0m[2m:[0m [2mconsensus_core::commit_observer[0m[2m:[0m [2mconsensus/core/src/commit_observer.rs[0m[2m:[0m[2m173:[0m Consensus commit C196(mOu2) with leader B206(C,NZpd) has 3 blocks
[2m2025-03-25T07:55:52.713674Z[0m [32m INFO[0m [1mnode[0m[1m{[0m[3mname[0m[2m=[0mk#99f25ef6..[1m}[0m[2m:[0m [2mconsensus_core::commit_observer[0m[2m:[0m [2mconsensus/core/src/commit_observer.rs[0m[2m:[0m[2m173:[0m Consensus commit C196(mOu2) with leader B206(C,NZpd) has 3 blocks
[2m2025-03-25T07:55:52.714118Z[0m [32m INFO[0m [1mnode[0m[1m{[0m[3mname[0m[2m=[0mk#99f25ef6..[1m}[0m[2m:[0m [2msui_core::consensus_handler[0m[2m:[0m [2mcrates/sui-core/src/consensus_handler.rs[0m[2m:[0m[2m232:[0m Received consensus output [3mconsensus_commit[0m[2m=[0mCommittedSubDag(leader=B206(C,NZpd), ref=C196(mOu2), blocks=[KzRN, 3rrA, NZpd]) [3mepoch[0m[2m=[0m1
[2m2025-03-25T07:55:52.714119Z[0m [32m INFO[0m [1mnode[0m[1m{[0m[3mname[0m[2m=[0mk#8dcff6d1..[1m}[0m[2m:[0m [2msui_core::consensus_handler[0m[2m:[0m [2mcrates/sui-core/src/consensus_handler.rs[0m[2m:[0m[2m232:[0m Received consensus output [3mconsensus_commit[0m[2m=[0mCommittedSubDag(leader=B206(C,NZpd), ref=C196(mOu2), blocks=[KzRN, 3rrA, NZpd]) [3mepoch[0m[2m=[0m1
[2m2025-03-25T07:55:52.714734Z[0m [32m INFO[0m [1mnode[0m[1m{[0m[3mname[0m[2m=[0mk#99f25ef6..[1m}[0m[2m:[0m [2msui_core::checkpoints::checkpoint_executor[0m[2m:[0m [2mcrates/sui-core/src/checkpoints/checkpoint_executor/mod.rs[0m[2m:[0m[2m332:[0m Received checkpoint summary from state sync [3msequence_number[0m[2m=[0m408
[2m2025-03-25T07:55:52.714734Z[0m [32m INFO[0m [1mnode[0m[1m{[0m[3mname[0m[2m=[0mk#8dcff6d1..[1m}[0m[2m:[0m [2msui_core::checkpoints::checkpoint_executor[0m[2m:[0m [2mcrates/sui-core/src/checkpoints/checkpoint_executor/mod.rs[0m[2m:[0m[2m332:[0m Received checkpoint summary from state sync [3msequence_number[0m[2m=[0m408
[2m2025-03-25T07:55:52.728281Z[0m [32m INFO[0m [1mnode[0m[1m{[0m[3mname[0m[2m=[0mk#99f25ef6..[1m}[0m[2m:[0m [2msui_core::state_accumulator[0m[2m:[0m [2mcrates/sui-core/src/state_accumulator.rs[0m[2m:[0m[2m675:[0m accumulating running root for checkpoint 408
[2m2025-03-25T07:55:52.728282Z[0m [32m INFO[0m [1mnode[0m[1m{[0m[3mname[0m[2m=[0mk#8dcff6d1..[1m}[0m[2m:[0m [2msui_core::state_accumulator[0m[2m:[0m [2mcrates/sui-core/src/state_accumulator.rs[0m[2m:[0m[2m675:[0m accumulating running root for checkpoint 408
[2m2025-03-25T07:55:52.754340Z[0m [32m INFO[0m [1mnode[0m[1m{[0m[3mname[0m[2m=[0mk#addeef94..[1m}[0m[2m:[0m [2msui_core::checkpoints[0m[2m:[0m [2mcrates/sui-core/src/checkpoints/mod.rs[0m[2m:[0m[2m1326:[0m Creating checkpoint(s) for 1 transactions [3mnext_checkpoint_seq[0m[2m=[0m409 [3mcheckpoint_timestamp[0m[2m=[0m1742889352197
[2m2025-03-25T07:55:52.754752Z[0m [32m INFO[0m [1mnode[0m[1m{[0m[3mname[0m[2m=[0mk#addeef94..[1m}[0m[2m:[0m [2msui_core::checkpoints::checkpoint_output[0m[2m:[0m [2mcrates/sui-core/src/checkpoints/checkpoint_output.rs[0m[2m:[0m[2m149:[0m Creating checkpoint CheckpointDigest(2SJzNsF3yaJmDTczTSjJLSKF4xHosce3Bch6wuRMvz7Q) at epoch 1, sequence 409, previous digest Some(CheckpointDigest(529viczeq48HYod9eRt1xsHqr8rkhDeFAbAqik4vEi1f)), transactions count 1, content digest CheckpointContentsDigest(2cnNLykKbLNHdQ8xwYsch4jao6VB2WNrTXnpoxxxF1sg), end_of_epoch_data None
[2m2025-03-25T07:55:52.759289Z[0m [32m INFO[0m [1mnode[0m[1m{[0m[3mname[0m[2m=[0mk#99f25ef6..[1m}[0m[2m:[0m [2msui_core::checkpoints[0m[2m:[0m [2mcrates/sui-core/src/checkpoints/mod.rs[0m[2m:[0m[2m1326:[0m Creating checkpoint(s) for 1 transactions [3mnext_checkpoint_seq[0m[2m=[0m409 [3mcheckpoint_timestamp[0m[2m=[0m1742889352197
[2m2025-03-25T07:55:52.759292Z[0m [32m INFO[0m [1mnode[0m[1m{[0m[3mname[0m[2m=[0mk#8dcff6d1..[1m}[0m[2m:[0m [2msui_core::checkpoints[0m[2m:[0m [2mcrates/sui-core/src/checkpoints/mod.rs[0m[2m:[0m[2m1326:[0m Creating checkpoint(s) for 1 transactions [3mnext_checkpoint_seq[0m[2m=[0m409 [3mcheckpoint_timestamp[0m[2m=[0m1742889352197
[2m2025-03-25T07:55:52.759472Z[0m [32m INFO[0m [1mnode[0m[1m{[0m[3mname[0m[2m=[0mk#99f25ef6..[1m}[0m[2m:[0m [2msui_core::checkpoints::checkpoint_output[0m[2m:[0m [2mcrates/sui-core/src/checkpoints/checkpoint_output.rs[0m[2m:[0m[2m149:[0m Creating checkpoint CheckpointDigest(2SJzNsF3yaJmDTczTSjJLSKF4xHosce3Bch6wuRMvz7Q) at epoch 1, sequence 409, previous digest Some(CheckpointDigest(529viczeq48HYod9eRt1xsHqr8rkhDeFAbAqik4vEi1f)), transactions count 1, content digest CheckpointContentsDigest(2cnNLykKbLNHdQ8xwYsch4jao6VB2WNrTXnpoxxxF1sg), end_of_epoch_data None
[2m2025-03-25T07:55:52.759472Z[0m [32m INFO[0m [1mnode[0m[1m{[0m[3mname[0m[2m=[0mk#8dcff6d1..[1m}[0m[2m:[0m [2msui_core::checkpoints::checkpoint_output[0m[2m:[0m [2mcrates/sui-core/src/checkpoints/checkpoint_output.rs[0m[2m:[0m[2m149:[0m Creating checkpoint CheckpointDigest(2SJzNsF3yaJmDTczTSjJLSKF4xHosce3Bch6wuRMvz7Q) at epoch 1, sequence 409, previous digest Some(CheckpointDigest(529viczeq48HYod9eRt1xsHqr8rkhDeFAbAqik4vEi1f)), transactions count 1, content digest CheckpointContentsDigest(2cnNLykKbLNHdQ8xwYsch4jao6VB2WNrTXnpoxxxF1sg), end_of_epoch_data None
[2m2025-03-25T07:55:52.776091Z[0m [32m INFO[0m [1mnode[0m[1m{[0m[3mname[0m[2m=[0mk#addeef94..[1m}[0m[2m:[0m [2msui_core::checkpoints::checkpoint_executor[0m[2m:[0m [2mcrates/sui-core/src/checkpoints/checkpoint_executor/mod.rs[0m[2m:[0m[2m332:[0m Received checkpoint summary from state sync [3msequence_number[0m[2m=[0m408
[2m2025-03-25T07:55:52.822192Z[0m [32m INFO[0m [1mnode[0m[1m{[0m[3mname[0m[2m=[0mk#addeef94..[1m}[0m[2m:[0m [2msui_core::state_accumulator[0m[2m:[0m [2mcrates/sui-core/src/state_accumulator.rs[0m[2m:[0m[2m675:[0m accumulating running root for checkpoint 408
[2m2025-03-25T07:55:52.962777Z[0m [32m INFO[0m [1mnode[0m[1m{[0m[3mname[0m[2m=[0mk#addeef94..[1m}[0m[2m:[0m [2mconsensus_core::core[0m[2m:[0m [2mconsensus/core/src/core.rs[0m[2m:[0m[2m945:[0m Included 3 ancestors & excluded 0 ancestors for proposal in round 209
[2m2025-03-25T07:55:52.963111Z[0m [32m INFO[0m [1mnode[0m[1m{[0m[3mname[0m[2m=[0mk#addeef94..[1m}[0m[2m:[0m [2mconsensus_core::core[0m[2m:[0m [2mconsensus/core/src/core.rs[0m[2m:[0m[2m531:[0m Created block B209(C,Fo/lwEUt7gnrw5lQjZUfJlbI+HjsEaqOIgQpuU22Epg=)(1742889352962ms;[B208(C,AbXbL7He5RWlnnKGL7NzuBohf0WTbiUlnzyzvyJW2Io=), B208(A,8RixVVhgPP1k0WC+wvC0WYLojMIRLtDgZVE3CKUePRg=), B208(B,eyVDA4zLFGD2G1QEL0v3HE4vXRMRXtRnDAyAeCDtw/U=)];1t;1c) for round 209
[2m2025-03-25T07:55:52.964975Z[0m [32m INFO[0m [1mnode[0m[1m{[0m[3mname[0m[2m=[0mk#99f25ef6..[1m}[0m[2m:[0m [2mconsensus_core::core[0m[2m:[0m [2mconsensus/core/src/core.rs[0m[2m:[0m[2m945:[0m Included 3 ancestors & excluded 0 ancestors for proposal in round 209
[2m2025-03-25T07:55:52.964977Z[0m [32m INFO[0m [1mnode[0m[1m{[0m[3mname[0m[2m=[0mk#8dcff6d1..[1m}[0m[2m:[0m [2mconsensus_core::core[0m[2m:[0m [2mconsensus/core/src/core.rs[0m[2m:[0m[2m945:[0m Included 3 ancestors & excluded 0 ancestors for proposal in round 209
[2m2025-03-25T07:55:52.965255Z[0m [32m INFO[0m [1mnode[0m[1m{[0m[3mname[0m[2m=[0mk#99f25ef6..[1m}[0m[2m:[0m [2mconsensus_core::core[0m[2m:[0m [2mconsensus/core/src/core.rs[0m[2m:[0m[2m531:[0m Created block B209(B,+9JyswRrd/8a7T3DsKCCmwlSWJJvXJI95DwRR/2xR60=)(1742889352965ms;[B208(B,eyVDA4zLFGD2G1QEL0v3HE4vXRMRXtRnDAyAeCDtw/U=), B208(A,8RixVVhgPP1k0WC+wvC0WYLojMIRLtDgZVE3CKUePRg=), B208(C,AbXbL7He5RWlnnKGL7NzuBohf0WTbiUlnzyzvyJW2Io=)];1t;1c) for round 209
[2m2025-03-25T07:55:52.965264Z[0m [32m INFO[0m [1mnode[0m[1m{[0m[3mname[0m[2m=[0mk#8dcff6d1..[1m}[0m[2m:[0m [2mconsensus_core::core[0m[2m:[0m [2mconsensus/core/src/core.rs[0m[2m:[0m[2m531:[0m Created block B209(A,KjVu+fLL7Rn19hGuuQezt6FJQkVILcl3jn1sMyWpOog=)(1742889352965ms;[B208(A,8RixVVhgPP1k0WC+wvC0WYLojMIRLtDgZVE3CKUePRg=), B208(B,eyVDA4zLFGD2G1QEL0v3HE4vXRMRXtRnDAyAeCDtw/U=), B208(C,AbXbL7He5RWlnnKGL7NzuBohf0WTbiUlnzyzvyJW2Io=)];1t;1c) for round 209
[2m2025-03-25T07:55:52.965322Z[0m [32m INFO[0m [1mnode[0m[1m{[0m[3mname[0m[2m=[0mk#99f25ef6..[1m}[0m[2m:[0m [2mconsensus_core::core[0m[2m:[0m [2mconsensus/core/src/core.rs[0m[2m:[0m[2m630:[0m Committing 1 leaders: B207(B,zm8k)
[2m2025-03-25T07:55:52.965328Z[0m [32m INFO[0m [1mnode[0m[1m{[0m[3mname[0m[2m=[0mk#8dcff6d1..[1m}[0m[2m:[0m [2mconsensus_core::core[0m[2m:[0m [2mconsensus/core/src/core.rs[0m[2m:[0m[2m630:[0m Committing 1 leaders: B207(B,zm8k)
[2m2025-03-25T07:55:52.965390Z[0m [32m INFO[0m [1mnode[0m[1m{[0m[3mname[0m[2m=[0mk#99f25ef6..[1m}[0m[2m:[0m [2mconsensus_core::commit_observer[0m[2m:[0m [2mconsensus/core/src/commit_observer.rs[0m[2m:[0m[2m173:[0m Consensus commit C197(l8gK) with leader B207(B,zm8k) has 3 blocks
[2m2025-03-25T07:55:52.965392Z[0m [32m INFO[0m [1mnode[0m[1m{[0m[3mname[0m[2m=[0mk#8dcff6d1..[1m}[0m[2m:[0m [2mconsensus_core::commit_observer[0m[2m:[0m [2mconsensus/core/src/commit_observer.rs[0m[2m:[0m[2m173:[0m Consensus commit C197(l8gK) with leader B207(B,zm8k) has 3 blocks
[2m2025-03-25T07:55:52.965476Z[0m [32m INFO[0m [1mnode[0m[1m{[0m[3mname[0m[2m=[0mk#99f25ef6..[1m}[0m[2m:[0m [2msui_core::consensus_handler[0m[2m:[0m [2mcrates/sui-core/src/consensus_handler.rs[0m[2m:[0m[2m232:[0m Received consensus output [3mconsensus_commit[0m[2m=[0mCommittedSubDag(leader=B207(B,zm8k), ref=C197(l8gK), blocks=[NYZB, Lcx7, zm8k]) [3mepoch[0m[2m=[0m1
[2m2025-03-25T07:55:52.965476Z[0m [32m INFO[0m [1mnode[0m[1m{[0m[3mname[0m[2m=[0mk#8dcff6d1..[1m}[0m[2m:[0m [2msui_core::consensus_handler[0m[2m:[0m [2mcrates/sui-core/src/consensus_handler.rs[0m[2m:[0m[2m232:[0m Received consensus output [3mconsensus_commit[0m[2m=[0mCommittedSubDag(leader=B207(B,zm8k), ref=C197(l8gK), blocks=[NYZB, Lcx7, zm8k]) [3mepoch[0m[2m=[0m1
[2m2025-03-25T07:55:52.969073Z[0m [32m INFO[0m [1mnode[0m[1m{[0m[3mname[0m[2m=[0mk#addeef94..[1m}[0m[2m:[0m [2mconsensus_core::core[0m[2m:[0m [2mconsensus/core/src/core.rs[0m[2m:[0m[2m630:[0m Committing 1 leaders: B207(B,zm8k)
[2m2025-03-25T07:55:52.969166Z[0m [32m INFO[0m [1mnode[0m[1m{[0m[3mname[0m[2m=[0mk#addeef94..[1m}[0m[2m:[0m [2mconsensus_core::commit_observer[0m[2m:[0m [2mconsensus/core/src/commit_observer.rs[0m[2m:[0m[2m173:[0m Consensus commit C197(l8gK) with leader B207(B,zm8k) has 3 blocks
[2m2025-03-25T07:55:52.969296Z[0m [32m INFO[0m [1mnode[0m[1m{[0m[3mname[0m[2m=[0mk#addeef94..[1m}[0m[2m:[0m [2msui_core::consensus_handler[0m[2m:[0m [2mcrates/sui-core/src/consensus_handler.rs[0m[2m:[0m[2m232:[0m Received consensus output [3mconsensus_commit[0m[2m=[0mCommittedSubDag(leader=B207(B,zm8k), ref=C197(l8gK), blocks=[NYZB, Lcx7, zm8k]) [3mepoch[0m[2m=[0m1
[2m2025-03-25T07:55:52.992006Z[0m [32m INFO[0m [1mnode[0m[1m{[0m[3mname[0m[2m=[0mk#99f25ef6..[1m}[0m[2m:[0m [2msui_core::checkpoints[0m[2m:[0m [2mcrates/sui-core/src/checkpoints/mod.rs[0m[2m:[0m[2m1326:[0m Creating checkpoint(s) for 2 transactions [3mnext_checkpoint_seq[0m[2m=[0m410 [3mcheckpoint_timestamp[0m[2m=[0m1742889352453
[2m2025-03-25T07:55:52.992008Z[0m [32m INFO[0m [1mnode[0m[1m{[0m[3mname[0m[2m=[0mk#8dcff6d1..[1m}[0m[2m:[0m [2msui_core::checkpoints[0m[2m:[0m [2mcrates/sui-core/src/checkpoints/mod.rs[0m[2m:[0m[2m1326:[0m Creating checkpoint(s) for 2 transactions [3mnext_checkpoint_seq[0m[2m=[0m410 [3mcheckpoint_timestamp[0m[2m=[0m1742889352453
[2m2025-03-25T07:55:52.992313Z[0m [32m INFO[0m [1mnode[0m[1m{[0m[3mname[0m[2m=[0mk#99f25ef6..[1m}[0m[2m:[0m [2msui_core::checkpoints::checkpoint_output[0m[2m:[0m [2mcrates/sui-core/src/checkpoints/checkpoint_output.rs[0m[2m:[0m[2m149:[0m Creating checkpoint CheckpointDigest(HZh4WM7ateHqBnZ41Vcn7oPi4oQ63U2DG4awDao4hRcu) at epoch 1, sequence 410, previous digest Some(CheckpointDigest(2SJzNsF3yaJmDTczTSjJLSKF4xHosce3Bch6wuRMvz7Q)), transactions count 2, content digest CheckpointContentsDigest(2bZjWftNuC9FktHzTu7WrwNjbCrXn2KZWkNJgnADgESt), end_of_epoch_data None
[2m2025-03-25T07:55:52.992313Z[0m [32m INFO[0m [1mnode[0m[1m{[0m[3mname[0m[2m=[0mk#8dcff6d1..[1m}[0m[2m:[0m [2msui_core::checkpoints::checkpoint_output[0m[2m:[0m [2mcrates/sui-core/src/checkpoints/checkpoint_output.rs[0m[2m:[0m[2m149:[0m Creating checkpoint CheckpointDigest(HZh4WM7ateHqBnZ41Vcn7oPi4oQ63U2DG4awDao4hRcu) at epoch 1, sequence 410, previous digest Some(CheckpointDigest(2SJzNsF3yaJmDTczTSjJLSKF4xHosce3Bch6wuRMvz7Q)), transactions count 2, content digest CheckpointContentsDigest(2bZjWftNuC9FktHzTu7WrwNjbCrXn2KZWkNJgnADgESt), end_of_epoch_data None
[2m2025-03-25T07:55:52.995163Z[0m [32m INFO[0m [1mnode[0m[1m{[0m[3mname[0m[2m=[0mk#addeef94..[1m}[0m[2m:[0m [2msui_core::checkpoints[0m[2m:[0m [2mcrates/sui-core/src/checkpoints/mod.rs[0m[2m:[0m[2m1326:[0m Creating checkpoint(s) for 2 transactions [3mnext_checkpoint_seq[0m[2m=[0m410 [3mcheckpoint_timestamp[0m[2m=[0m1742889352453
[2m2025-03-25T07:55:52.995347Z[0m [32m INFO[0m [1mnode[0m[1m{[0m[3mname[0m[2m=[0mk#99f25ef6..[1m}[0m[2m:[0m [2msui_core::checkpoints::checkpoint_output[0m[2m:[0m [2mcrates/sui-core/src/checkpoints/checkpoint_output.rs[0m[2m:[0m[2m196:[0m Certified checkpoint with sequence 409 and digest 2SJzNsF3yaJmDTczTSjJLSKF4xHosce3Bch6wuRMvz7Q
[2m2025-03-25T07:55:52.995352Z[0m [32m INFO[0m [1mnode[0m[1m{[0m[3mname[0m[2m=[0mk#8dcff6d1..[1m}[0m[2m:[0m [2msui_core::checkpoints::checkpoint_output[0m[2m:[0m [2mcrates/sui-core/src/checkpoints/checkpoint_output.rs[0m[2m:[0m[2m196:[0m Certified checkpoint with sequence 409 and digest 2SJzNsF3yaJmDTczTSjJLSKF4xHosce3Bch6wuRMvz7Q
[2m2025-03-25T07:55:52.995409Z[0m [32m INFO[0m [1mnode[0m[1m{[0m[3mname[0m[2m=[0mk#addeef94..[1m}[0m[2m:[0m [2msui_core::checkpoints::checkpoint_output[0m[2m:[0m [2mcrates/sui-core/src/checkpoints/checkpoint_output.rs[0m[2m:[0m[2m149:[0m Creating checkpoint CheckpointDigest(HZh4WM7ateHqBnZ41Vcn7oPi4oQ63U2DG4awDao4hRcu) at epoch 1, sequence 410, previous digest Some(CheckpointDigest(2SJzNsF3yaJmDTczTSjJLSKF4xHosce3Bch6wuRMvz7Q)), transactions count 2, content digest CheckpointContentsDigest(2bZjWftNuC9FktHzTu7WrwNjbCrXn2KZWkNJgnADgESt), end_of_epoch_data None
[2m2025-03-25T07:55:52.995791Z[0m [32m INFO[0m [1mnode[0m[1m{[0m[3mname[0m[2m=[0mk#8dcff6d1..[1m}[0m[2m:[0m [2msui_core::checkpoints::checkpoint_executor[0m[2m:[0m [2mcrates/sui-core/src/checkpoints/checkpoint_executor/mod.rs[0m[2m:[0m[2m332:[0m Received checkpoint summary from state sync [3msequence_number[0m[2m=[0m409
[2m2025-03-25T07:55:52.995791Z[0m [32m INFO[0m [1mnode[0m[1m{[0m[3mname[0m[2m=[0mk#99f25ef6..[1m}[0m[2m:[0m [2msui_core::checkpoints::checkpoint_executor[0m[2m:[0m [2mcrates/sui-core/src/checkpoints/checkpoint_executor/mod.rs[0m[2m:[0m[2m332:[0m Received checkpoint summary from state sync [3msequence_number[0m[2m=[0m409
[2m2025-03-25T07:55:52.996957Z[0m [32m INFO[0m [1mnode[0m[1m{[0m[3mname[0m[2m=[0mk#99f25ef6..[1m}[0m[2m:[0m [2msui_core::state_accumulator[0m[2m:[0m [2mcrates/sui-core/src/state_accumulator.rs[0m[2m:[0m[2m675:[0m accumulating running root for checkpoint 409
[2m2025-03-25T07:55:52.996965Z[0m [32m INFO[0m [1mnode[0m[1m{[0m[3mname[0m[2m=[0mk#8dcff6d1..[1m}[0m[2m:[0m [2msui_core::state_accumulator[0m[2m:[0m [2mcrates/sui-core/src/state_accumulator.rs[0m[2m:[0m[2m675:[0m accumulating running root for checkpoint 409
[2m2025-03-25T07:55:52.999098Z[0m [32m INFO[0m [1mnode[0m[1m{[0m[3mname[0m[2m=[0mk#addeef94..[1m}[0m[2m:[0m [2msui_core::checkpoints::checkpoint_executor[0m[2m:[0m [2mcrates/sui-core/src/checkpoints/checkpoint_executor/mod.rs[0m[2m:[0m[2m332:[0m Received checkpoint summary from state sync [3msequence_number[0m[2m=[0m409
[2m2025-03-25T07:55:52.999783Z[0m [32m INFO[0m [1mnode[0m[1m{[0m[3mname[0m[2m=[0mk#addeef94..[1m}[0m[2m:[0m [2msui_core::state_accumulator[0m[2m:[0m [2mcrates/sui-core/src/state_accumulator.rs[0m[2m:[0m[2m675:[0m accumulating running root for checkpoint 409
[2m2025-03-25T07:55:53.216557Z[0m [32m INFO[0m [1mnode[0m[1m{[0m[3mname[0m[2m=[0mk#8dcff6d1..[1m}[0m[2m:[0m [2mconsensus_core::core[0m[2m:[0m [2mconsensus/core/src/core.rs[0m[2m:[0m[2m945:[0m Included 3 ancestors & excluded 0 ancestors for proposal in round 210
[2m2025-03-25T07:55:53.216927Z[0m [32m INFO[0m [1mnode[0m[1m{[0m[3mname[0m[2m=[0mk#8dcff6d1..[1m}[0m[2m:[0m [2mconsensus_core::core[0m[2m:[0m [2mconsensus/core/src/core.rs[0m[2m:[0m[2m531:[0m Created block B210(A,1aVvGAcljibfnggHKDUULVPdEquvb9I1qnZSv+Vfdp8=)(1742889353216ms;[B209(A,KjVu+fLL7Rn19hGuuQezt6FJQkVILcl3jn1sMyWpOog=), B209(B,+9JyswRrd/8a7T3DsKCCmwlSWJJvXJI95DwRR/2xR60=), B209(C,Fo/lwEUt7gnrw5lQjZUfJlbI+HjsEaqOIgQpuU22Epg=)];1t;1c) for round 210
[2m2025-03-25T07:55:53.218568Z[0m [32m INFO[0m [1mnode[0m[1m{[0m[3mname[0m[2m=[0mk#99f25ef6..[1m}[0m[2m:[0m [2mconsensus_core::core[0m[2m:[0m [2mconsensus/core/src/core.rs[0m[2m:[0m[2m945:[0m Included 3 ancestors & excluded 0 ancestors for proposal in round 210
[2m2025-03-25T07:55:53.218873Z[0m [32m INFO[0m [1mnode[0m[1m{[0m[3mname[0m[2m=[0mk#99f25ef6..[1m}[0m[2m:[0m [2mconsensus_core::core[0m[2m:[0m [2mconsensus/core/src/core.rs[0m[2m:[0m[2m531:[0m Created block B210(B,ZtC6W29gqpvgs0iOfgGp5uuaiiwlUN45hm7LFrJca6A=)(1742889353218ms;[B209(B,+9JyswRrd/8a7T3DsKCCmwlSWJJvXJI95DwRR/2xR60=), B209(A,KjVu+fLL7Rn19hGuuQezt6FJQkVILcl3jn1sMyWpOog=), B209(C,Fo/lwEUt7gnrw5lQjZUfJlbI+HjsEaqOIgQpuU22Epg=)];1t;1c) for round 210
[2m2025-03-25T07:55:53.220678Z[0m [32m INFO[0m [1mnode[0m[1m{[0m[3mname[0m[2m=[0mk#addeef94..[1m}[0m[2m:[0m [2mconsensus_core::core[0m[2m:[0m [2mconsensus/core/src/core.rs[0m[2m:[0m[2m945:[0m Included 3 ancestors & excluded 0 ancestors for proposal in round 210
[2m2025-03-25T07:55:53.220979Z[0m [32m INFO[0m [1mnode[0m[1m{[0m[3mname[0m[2m=[0mk#addeef94..[1m}[0m[2m:[0m [2mconsensus_core::core[0m[2m:[0m [2mconsensus/core/src/core.rs[0m[2m:[0m[2m531:[0m Created block B210(C,WfBCAUoj2vSDEnzGD3YLFpSyipH3V+TWbapD36o8wO4=)(1742889353220ms;[B209(C,Fo/lwEUt7gnrw5lQjZUfJlbI+HjsEaqOIgQpuU22Epg=), B209(A,KjVu+fLL7Rn19hGuuQezt6FJQkVILcl3jn1sMyWpOog=), B209(B,+9JyswRrd/8a7T3DsKCCmwlSWJJvXJI95DwRR/2xR60=)];1t;1c) for round 210
[2m2025-03-25T07:55:53.221047Z[0m [32m INFO[0m [1mnode[0m[1m{[0m[3mname[0m[2m=[0mk#addeef94..[1m}[0m[2m:[0m [2mconsensus_core::core[0m[2m:[0m [2mconsensus/core/src/core.rs[0m[2m:[0m[2m630:[0m Committing 1 leaders: B208(C,AbXb)
[2m2025-03-25T07:55:53.221117Z[0m [32m INFO[0m [1mnode[0m[1m{[0m[3mname[0m[2m=[0mk#addeef94..[1m}[0m[2m:[0m [2mconsensus_core::commit_observer[0m[2m:[0m [2mconsensus/core/src/commit_observer.rs[0m[2m:[0m[2m173:[0m Consensus commit C198(bw92) with leader B208(C,AbXb) has 3 blocks
[2m2025-03-25T07:55:53.221198Z[0m [32m INFO[0m [1mnode[0m[1m{[0m[3mname[0m[2m=[0mk#addeef94..[1m}[0m[2m:[0m [2msui_core::consensus_handler[0m[2m:[0m [2mcrates/sui-core/src/consensus_handler.rs[0m[2m:[0m[2m232:[0m Received consensus output [3mconsensus_commit[0m[2m=[0mCommittedSubDag(leader=B208(C,AbXb), ref=C198(bw92), blocks=[5+dK, kMDW, AbXb]) [3mepoch[0m[2m=[0m1
[2m2025-03-25T07:55:53.224265Z[0m [32m INFO[0m [1mnode[0m[1m{[0m[3mname[0m[2m=[0mk#8dcff6d1..[1m}[0m[2m:[0m [2msui_core::checkpoints::checkpoint_output[0m[2m:[0m [2mcrates/sui-core/src/checkpoints/checkpoint_output.rs[0m[2m:[0m[2m196:[0m Certified checkpoint with sequence 410 and digest HZh4WM7ateHqBnZ41Vcn7oPi4oQ63U2DG4awDao4hRcu
[2m2025-03-25T07:55:53.224283Z[0m [32m INFO[0m [1mnode[0m[1m{[0m[3mname[0m[2m=[0mk#99f25ef6..[1m}[0m[2m:[0m [2msui_core::checkpoints::checkpoint_output[0m[2m:[0m [2mcrates/sui-core/src/checkpoints/checkpoint_output.rs[0m[2m:[0m[2m196:[0m Certified checkpoint with sequence 410 and digest HZh4WM7ateHqBnZ41Vcn7oPi4oQ63U2DG4awDao4hRcu
[2m2025-03-25T07:55:53.224373Z[0m [32m INFO[0m [1mnode[0m[1m{[0m[3mname[0m[2m=[0mk#8dcff6d1..[1m}[0m[2m:[0m [2mconsensus_core::core[0m[2m:[0m [2mconsensus/core/src/core.rs[0m[2m:[0m[2m630:[0m Committing 1 leaders: B208(C,AbXb)
[2m2025-03-25T07:55:53.224388Z[0m [32m INFO[0m [1mnode[0m[1m{[0m[3mname[0m[2m=[0mk#99f25ef6..[1m}[0m[2m:[0m [2mconsensus_core::core[0m[2m:[0m [2mconsensus/core/src/core.rs[0m[2m:[0m[2m630:[0m Committing 1 leaders: B208(C,AbXb)
[2m2025-03-25T07:55:53.224470Z[0m [32m INFO[0m [1mnode[0m[1m{[0m[3mname[0m[2m=[0mk#8dcff6d1..[1m}[0m[2m:[0m [2mconsensus_core::commit_observer[0m[2m:[0m [2mconsensus/core/src/commit_observer.rs[0m[2m:[0m[2m173:[0m Consensus commit C198(bw92) with leader B208(C,AbXb) has 3 blocks
[2m2025-03-25T07:55:53.224490Z[0m [32m INFO[0m [1mnode[0m[1m{[0m[3mname[0m[2m=[0mk#99f25ef6..[1m}[0m[2m:[0m [2mconsensus_core::commit_observer[0m[2m:[0m [2mconsensus/core/src/commit_observer.rs[0m[2m:[0m[2m173:[0m Consensus commit C198(bw92) with leader B208(C,AbXb) has 3 blocks
[2m2025-03-25T07:55:53.224906Z[0m [32m INFO[0m [1mnode[0m[1m{[0m[3mname[0m[2m=[0mk#8dcff6d1..[1m}[0m[2m:[0m [2msui_core::consensus_handler[0m[2m:[0m [2mcrates/sui-core/src/consensus_handler.rs[0m[2m:[0m[2m232:[0m Received consensus output [3mconsensus_commit[0m[2m=[0mCommittedSubDag(leader=B208(C,AbXb), ref=C198(bw92), blocks=[5+dK, kMDW, AbXb]) [3mepoch[0m[2m=[0m1
[2m2025-03-25T07:55:53.224909Z[0m [32m INFO[0m [1mnode[0m[1m{[0m[3mname[0m[2m=[0mk#99f25ef6..[1m}[0m[2m:[0m [2msui_core::consensus_handler[0m[2m:[0m [2mcrates/sui-core/src/consensus_handler.rs[0m[2m:[0m[2m232:[0m Received consensus output [3mconsensus_commit[0m[2m=[0mCommittedSubDag(leader=B208(C,AbXb), ref=C198(bw92), blocks=[5+dK, kMDW, AbXb]) [3mepoch[0m[2m=[0m1
[2m2025-03-25T07:55:53.225509Z[0m [32m INFO[0m [1mnode[0m[1m{[0m[3mname[0m[2m=[0mk#8dcff6d1..[1m}[0m[2m:[0m [2msui_core::checkpoints::checkpoint_executor[0m[2m:[0m [2mcrates/sui-core/src/checkpoints/checkpoint_executor/mod.rs[0m[2m:[0m[2m332:[0m Received checkpoint summary from state sync [3msequence_number[0m[2m=[0m410
[2m2025-03-25T07:55:53.225512Z[0m [32m INFO[0m [1mnode[0m[1m{[0m[3mname[0m[2m=[0mk#99f25ef6..[1m}[0m[2m:[0m [2msui_core::checkpoints::checkpoint_executor[0m[2m:[0m [2mcrates/sui-core/src/checkpoints/checkpoint_executor/mod.rs[0m[2m:[0m[2m332:[0m Received checkpoint summary from state sync [3msequence_number[0m[2m=[0m410
[2m2025-03-25T07:55:53.239020Z[0m [32m INFO[0m [1mnode[0m[1m{[0m[3mname[0m[2m=[0mk#8dcff6d1..[1m}[0m[2m:[0m [2msui_core::state_accumulator[0m[2m:[0m [2mcrates/sui-core/src/state_accumulator.rs[0m[2m:[0m[2m675:[0m accumulating running root for checkpoint 410
[2m2025-03-25T07:55:53.239022Z[0m [32m INFO[0m [1mnode[0m[1m{[0m[3mname[0m[2m=[0mk#99f25ef6..[1m}[0m[2m:[0m [2msui_core::state_accumulator[0m[2m:[0m [2mcrates/sui-core/src/state_accumulator.rs[0m[2m:[0m[2m675:[0m accumulating running root for checkpoint 410
[2m2025-03-25T07:55:53.265295Z[0m [32m INFO[0m [1mnode[0m[1m{[0m[3mname[0m[2m=[0mk#addeef94..[1m}[0m[2m:[0m [2msui_core::checkpoints[0m[2m:[0m [2mcrates/sui-core/src/checkpoints/mod.rs[0m[2m:[0m[2m1326:[0m Creating checkpoint(s) for 1 transactions [3mnext_checkpoint_seq[0m[2m=[0m411 [3mcheckpoint_timestamp[0m[2m=[0m1742889352709
[2m2025-03-25T07:55:53.265520Z[0m [32m INFO[0m [1mnode[0m[1m{[0m[3mname[0m[2m=[0mk#addeef94..[1m}[0m[2m:[0m [2msui_core::checkpoints::checkpoint_output[0m[2m:[0m [2mcrates/sui-core/src/checkpoints/checkpoint_output.rs[0m[2m:[0m[2m149:[0m Creating checkpoint CheckpointDigest(4FD6mugPUspDHmgsKni3m4kdRqyJ2Js8qKJVNEgRUZH4) at epoch 1, sequence 411, previous digest Some(CheckpointDigest(HZh4WM7ateHqBnZ41Vcn7oPi4oQ63U2DG4awDao4hRcu)), transactions count 1, content digest CheckpointContentsDigest(EiUMTusDzASFChCX4H4AktPjdpMHGDjPFMNQPAycCr8V), end_of_epoch_data None
[2m2025-03-25T07:55:53.269866Z[0m [32m INFO[0m [1mnode[0m[1m{[0m[3mname[0m[2m=[0mk#8dcff6d1..[1m}[0m[2m:[0m [2msui_core::checkpoints[0m[2m:[0m [2mcrates/sui-core/src/checkpoints/mod.rs[0m[2m:[0m[2m1326:[0m Creating checkpoint(s) for 1 transactions [3mnext_checkpoint_seq[0m[2m=[0m411 [3mcheckpoint_timestamp[0m[2m=[0m1742889352709
[2m2025-03-25T07:55:53.269896Z[0m [32m INFO[0m [1mnode[0m[1m{[0m[3mname[0m[2m=[0mk#99f25ef6..[1m}[0m[2m:[0m [2msui_core::checkpoints[0m[2m:[0m [2mcrates/sui-core/src/checkpoints/mod.rs[0m[2m:[0m[2m1326:[0m Creating checkpoint(s) for 1 transactions [3mnext_checkpoint_seq[0m[2m=[0m411 [3mcheckpoint_timestamp[0m[2m=[0m1742889352709
[2m2025-03-25T07:55:53.270042Z[0m [32m INFO[0m [1mnode[0m[1m{[0m[3mname[0m[2m=[0mk#8dcff6d1..[1m}[0m[2m:[0m [2msui_core::checkpoints::checkpoint_output[0m[2m:[0m [2mcrates/sui-core/src/checkpoints/checkpoint_output.rs[0m[2m:[0m[2m149:[0m Creating checkpoint CheckpointDigest(4FD6mugPUspDHmgsKni3m4kdRqyJ2Js8qKJVNEgRUZH4) at epoch 1, sequence 411, previous digest Some(CheckpointDigest(HZh4WM7ateHqBnZ41Vcn7oPi4oQ63U2DG4awDao4hRcu)), transactions count 1, content digest CheckpointContentsDigest(EiUMTusDzASFChCX4H4AktPjdpMHGDjPFMNQPAycCr8V), end_of_epoch_data None
[2m2025-03-25T07:55:53.270068Z[0m [32m INFO[0m [1mnode[0m[1m{[0m[3mname[0m[2m=[0mk#99f25ef6..[1m}[0m[2m:[0m [2msui_core::checkpoints::checkpoint_output[0m[2m:[0m [2mcrates/sui-core/src/checkpoints/checkpoint_output.rs[0m[2m:[0m[2m149:[0m Creating checkpoint CheckpointDigest(4FD6mugPUspDHmgsKni3m4kdRqyJ2Js8qKJVNEgRUZH4) at epoch 1, sequence 411, previous digest Some(CheckpointDigest(HZh4WM7ateHqBnZ41Vcn7oPi4oQ63U2DG4awDao4hRcu)), transactions count 1, content digest CheckpointContentsDigest(EiUMTusDzASFChCX4H4AktPjdpMHGDjPFMNQPAycCr8V), end_of_epoch_data None
[2m2025-03-25T07:55:53.331719Z[0m [32m INFO[0m [1mnode[0m[1m{[0m[3mname[0m[2m=[0mk#addeef94..[1m}[0m[2m:[0m [2msui_core::checkpoints::checkpoint_executor[0m[2m:[0m [2mcrates/sui-core/src/checkpoints/checkpoint_executor/mod.rs[0m[2m:[0m[2m332:[0m Received checkpoint summary from state sync [3msequence_number[0m[2m=[0m410
[2m2025-03-25T07:55:53.333191Z[0m [32m INFO[0m [1mnode[0m[1m{[0m[3mname[0m[2m=[0mk#addeef94..[1m}[0m[2m:[0m [2msui_core::state_accumulator[0m[2m:[0m [2mcrates/sui-core/src/state_accumulator.rs[0m[2m:[0m[2m675:[0m accumulating running root for checkpoint 410
[2m2025-03-25T07:55:53.333794Z[0m [32m INFO[0m [1mnode[0m[1m{[0m[3mname[0m[2m=[0mk#addeef94..[1m}[0m[2m:[0m [2mconsensus_core::commit_syncer[0m[2m:[0m [2mconsensus/core/src/commit_syncer.rs[0m[2m:[0m[2m196:[0m Checking to schedule fetches: synced_commit_index=198, highest_handled_index=198, highest_scheduled_index=0, quorum_commit_index=0, unhandled_commits_threshold=3200
[2m2025-03-25T07:55:53.334510Z[0m [32m INFO[0m [1mnode[0m[1m{[0m[3mname[0m[2m=[0mk#99f25ef6..[1m}[0m[2m:[0m [2mconsensus_core::commit_syncer[0m[2m:[0m [2mconsensus/core/src/commit_syncer.rs[0m[2m:[0m[2m196:[0m Checking to schedule fetches: synced_commit_index=198, highest_handled_index=198, highest_scheduled_index=0, quorum_commit_index=197, unhandled_commits_threshold=3200
[2m2025-03-25T07:55:53.334652Z[0m [32m INFO[0m [1mnode[0m[1m{[0m[3mname[0m[2m=[0mk#8dcff6d1..[1m}[0m[2m:[0m [2mconsensus_core::commit_syncer[0m[2m:[0m [2mconsensus/core/src/commit_syncer.rs[0m[2m:[0m[2m196:[0m Checking to schedule fetches: synced_commit_index=198, highest_handled_index=198, highest_scheduled_index=0, quorum_commit_index=197, unhandled_commits_threshold=3200
[2m2025-03-25T07:55:53.411564Z[0m [32m INFO[0m [1mnode[0m[1m{[0m[3mname[0m[2m=[0mk#b3f3cbb4..[1m}[0m[2m:[0m[1mjson-rpc-request[0m[2m:[0m[1mdev_inspect_transaction_block[0m[1m{[0m[3msender_address[0m[2m=[0m0x0000000000000000000000000000000000000000000000000000000000000000 [3mtx_bytes[0m[2m=[0mBase64("AAMBAQAAAAAAAAAAAAAAAAAAAAAAAAAAAAAAAAAAAAAAAAAJAQAAAAAAAAABAAEMAAgAAAAAAAAAAAEAAAAAAAAAAAAAAAAAAAAAAAAAAAAAAAAAAAAAAAAAAAsGYnJpZGdlIGdldF90b2tlbl90cmFuc2Zlcl9hY3Rpb25fc3RhdHVzAAMBAAABAQABAgA=") [3mgas_price[0m[2m=[0mNone [3m_epoch[0m[2m=[0mNone [3madditional_args[0m[2m=[0mNone[1m}[0m[2m:[0m [2msui_json_rpc::transaction_execution_api[0m[2m:[0m [2mcrates/sui-json-rpc/src/transaction_execution_api.rs[0m[2m:[0m[2m351:[0m RPC took longer than threshold to complete. [3melapsed[0m[2m=[0m1.534928625s
[2m2025-03-25T07:55:53.412466Z[0m [32m INFO[0m [2msui_bridge::e2e_tests::test_utils[0m[2m:[0m [2mcrates/sui-bridge/src/e2e_tests/test_utils.rs[0m[2m:[0m[2m1452:[0m get_token_transfer_action_onchain_status_until_success took 2.085812292s, status: NotFound
[2m2025-03-25T07:55:53.421769Z[0m [32m INFO[0m [1mnode[0m[1m{[0m[3mname[0m[2m=[0mk#b3f3cbb4..[1m}[0m[2m:[0m [2msui_core::checkpoints::checkpoint_executor[0m[2m:[0m [2mcrates/sui-core/src/checkpoints/checkpoint_executor/mod.rs[0m[2m:[0m[2m332:[0m Received checkpoint summary from state sync [3msequence_number[0m[2m=[0m393
[2m2025-03-25T07:55:53.421934Z[0m [32m INFO[0m [1mnode[0m[1m{[0m[3mname[0m[2m=[0mk#b3f3cbb4..[1m}[0m[2m:[0m [2msui_core::checkpoints::checkpoint_executor[0m[2m:[0m [2mcrates/sui-core/src/checkpoints/checkpoint_executor/mod.rs[0m[2m:[0m[2m332:[0m Received checkpoint summary from state sync [3msequence_number[0m[2m=[0m394
[2m2025-03-25T07:55:53.421974Z[0m [32m INFO[0m [1mnode[0m[1m{[0m[3mname[0m[2m=[0mk#b3f3cbb4..[1m}[0m[2m:[0m [2msui_core::checkpoints::checkpoint_executor[0m[2m:[0m [2mcrates/sui-core/src/checkpoints/checkpoint_executor/mod.rs[0m[2m:[0m[2m332:[0m Received checkpoint summary from state sync [3msequence_number[0m[2m=[0m395
[2m2025-03-25T07:55:53.430826Z[0m [32m INFO[0m [1mnode[0m[1m{[0m[3mname[0m[2m=[0mk#b3f3cbb4..[1m}[0m[2m:[0m [2msui_core::checkpoints::checkpoint_executor[0m[2m:[0m [2mcrates/sui-core/src/checkpoints/checkpoint_executor/mod.rs[0m[2m:[0m[2m332:[0m Received checkpoint summary from state sync [3msequence_number[0m[2m=[0m396
[2m2025-03-25T07:55:53.430978Z[0m [32m INFO[0m [1mnode[0m[1m{[0m[3mname[0m[2m=[0mk#b3f3cbb4..[1m}[0m[2m:[0m [2msui_core::checkpoints::checkpoint_executor[0m[2m:[0m [2mcrates/sui-core/src/checkpoints/checkpoint_executor/mod.rs[0m[2m:[0m[2m332:[0m Received checkpoint summary from state sync [3msequence_number[0m[2m=[0m397
[2m2025-03-25T07:55:53.431022Z[0m [32m INFO[0m [1mnode[0m[1m{[0m[3mname[0m[2m=[0mk#b3f3cbb4..[1m}[0m[2m:[0m [2msui_core::checkpoints::checkpoint_executor[0m[2m:[0m [2mcrates/sui-core/src/checkpoints/checkpoint_executor/mod.rs[0m[2m:[0m[2m332:[0m Received checkpoint summary from state sync [3msequence_number[0m[2m=[0m398
[2m2025-03-25T07:55:53.473629Z[0m [32m INFO[0m [1mnode[0m[1m{[0m[3mname[0m[2m=[0mk#addeef94..[1m}[0m[2m:[0m [2mconsensus_core::core[0m[2m:[0m [2mconsensus/core/src/core.rs[0m[2m:[0m[2m945:[0m Included 3 ancestors & excluded 0 ancestors for proposal in round 211
[2m2025-03-25T07:55:53.473987Z[0m [32m INFO[0m [1mnode[0m[1m{[0m[3mname[0m[2m=[0mk#addeef94..[1m}[0m[2m:[0m [2mconsensus_core::core[0m[2m:[0m [2mconsensus/core/src/core.rs[0m[2m:[0m[2m531:[0m Created block B211(C,BrELI6EWDaKPWyI0/kwecDmRwh5wb19YvGIXSNJbjBo=)(1742889353473ms;[B210(C,WfBCAUoj2vSDEnzGD3YLFpSyipH3V+TWbapD36o8wO4=), B210(A,1aVvGAcljibfnggHKDUULVPdEquvb9I1qnZSv+Vfdp8=), B210(B,ZtC6W29gqpvgs0iOfgGp5uuaiiwlUN45hm7LFrJca6A=)];1t;1c) for round 211
[2m2025-03-25T07:55:53.475886Z[0m [32m INFO[0m [1mnode[0m[1m{[0m[3mname[0m[2m=[0mk#8dcff6d1..[1m}[0m[2m:[0m [2mconsensus_core::core[0m[2m:[0m [2mconsensus/core/src/core.rs[0m[2m:[0m[2m945:[0m Included 3 ancestors & excluded 0 ancestors for proposal in round 211
[2m2025-03-25T07:55:53.476171Z[0m [32m INFO[0m [1mnode[0m[1m{[0m[3mname[0m[2m=[0mk#8dcff6d1..[1m}[0m[2m:[0m [2mconsensus_core::core[0m[2m:[0m [2mconsensus/core/src/core.rs[0m[2m:[0m[2m531:[0m Created block B211(A,OISekIjf/t8QBFb8laGeFUhxbV3QL1kGW2do8YGgdM8=)(1742889353476ms;[B210(A,1aVvGAcljibfnggHKDUULVPdEquvb9I1qnZSv+Vfdp8=), B210(B,ZtC6W29gqpvgs0iOfgGp5uuaiiwlUN45hm7LFrJca6A=), B210(C,WfBCAUoj2vSDEnzGD3YLFpSyipH3V+TWbapD36o8wO4=)];1t;1c) for round 211
[2m2025-03-25T07:55:53.476240Z[0m [32m INFO[0m [1mnode[0m[1m{[0m[3mname[0m[2m=[0mk#8dcff6d1..[1m}[0m[2m:[0m [2mconsensus_core::core[0m[2m:[0m [2mconsensus/core/src/core.rs[0m[2m:[0m[2m630:[0m Committing 1 leaders: B209(C,Fo/l)
[2m2025-03-25T07:55:53.476310Z[0m [32m INFO[0m [1mnode[0m[1m{[0m[3mname[0m[2m=[0mk#8dcff6d1..[1m}[0m[2m:[0m [2mconsensus_core::commit_observer[0m[2m:[0m [2mconsensus/core/src/commit_observer.rs[0m[2m:[0m[2m173:[0m Consensus commit C199(aBgw) with leader B209(C,Fo/l) has 3 blocks
[2m2025-03-25T07:55:53.476396Z[0m [32m INFO[0m [1mnode[0m[1m{[0m[3mname[0m[2m=[0mk#8dcff6d1..[1m}[0m[2m:[0m [2msui_core::consensus_handler[0m[2m:[0m [2mcrates/sui-core/src/consensus_handler.rs[0m[2m:[0m[2m232:[0m Received consensus output [3mconsensus_commit[0m[2m=[0mCommittedSubDag(leader=B209(C,Fo/l), ref=C199(aBgw), blocks=[8Rix, eyVD, Fo/l]) [3mepoch[0m[2m=[0m1
[2m2025-03-25T07:55:53.477004Z[0m [32m INFO[0m [1mnode[0m[1m{[0m[3mname[0m[2m=[0mk#99f25ef6..[1m}[0m[2m:[0m [2mconsensus_core::core[0m[2m:[0m [2mconsensus/core/src/core.rs[0m[2m:[0m[2m945:[0m Included 3 ancestors & excluded 0 ancestors for proposal in round 211
[2m2025-03-25T07:55:53.477294Z[0m [32m INFO[0m [1mnode[0m[1m{[0m[3mname[0m[2m=[0mk#99f25ef6..[1m}[0m[2m:[0m [2mconsensus_core::core[0m[2m:[0m [2mconsensus/core/src/core.rs[0m[2m:[0m[2m531:[0m Created block B211(B,sysVq+ck7+gCfExMDBRdvAM8jdrFgUodUD4RUqlxhp8=)(1742889353477ms;[B210(B,ZtC6W29gqpvgs0iOfgGp5uuaiiwlUN45hm7LFrJca6A=), B210(A,1aVvGAcljibfnggHKDUULVPdEquvb9I1qnZSv+Vfdp8=), B210(C,WfBCAUoj2vSDEnzGD3YLFpSyipH3V+TWbapD36o8wO4=)];1t;1c) for round 211
[2m2025-03-25T07:55:53.477361Z[0m [32m INFO[0m [1mnode[0m[1m{[0m[3mname[0m[2m=[0mk#99f25ef6..[1m}[0m[2m:[0m [2mconsensus_core::core[0m[2m:[0m [2mconsensus/core/src/core.rs[0m[2m:[0m[2m630:[0m Committing 1 leaders: B209(C,Fo/l)
[2m2025-03-25T07:55:53.477427Z[0m [32m INFO[0m [1mnode[0m[1m{[0m[3mname[0m[2m=[0mk#99f25ef6..[1m}[0m[2m:[0m [2mconsensus_core::commit_observer[0m[2m:[0m [2mconsensus/core/src/commit_observer.rs[0m[2m:[0m[2m173:[0m Consensus commit C199(aBgw) with leader B209(C,Fo/l) has 3 blocks
[2m2025-03-25T07:55:53.477513Z[0m [32m INFO[0m [1mnode[0m[1m{[0m[3mname[0m[2m=[0mk#99f25ef6..[1m}[0m[2m:[0m [2msui_core::consensus_handler[0m[2m:[0m [2mcrates/sui-core/src/consensus_handler.rs[0m[2m:[0m[2m232:[0m Received consensus output [3mconsensus_commit[0m[2m=[0mCommittedSubDag(leader=B209(C,Fo/l), ref=C199(aBgw), blocks=[8Rix, eyVD, Fo/l]) [3mepoch[0m[2m=[0m1
[2m2025-03-25T07:55:53.478690Z[0m [32m INFO[0m [1mnode[0m[1m{[0m[3mname[0m[2m=[0mk#addeef94..[1m}[0m[2m:[0m [2mconsensus_core::core[0m[2m:[0m [2mconsensus/core/src/core.rs[0m[2m:[0m[2m630:[0m Committing 1 leaders: B209(C,Fo/l)
[2m2025-03-25T07:55:53.478782Z[0m [32m INFO[0m [1mnode[0m[1m{[0m[3mname[0m[2m=[0mk#addeef94..[1m}[0m[2m:[0m [2mconsensus_core::commit_observer[0m[2m:[0m [2mconsensus/core/src/commit_observer.rs[0m[2m:[0m[2m173:[0m Consensus commit C199(aBgw) with leader B209(C,Fo/l) has 3 blocks
[2m2025-03-25T07:55:53.478856Z[0m [32m INFO[0m [1mnode[0m[1m{[0m[3mname[0m[2m=[0mk#addeef94..[1m}[0m[2m:[0m [2msui_core::consensus_handler[0m[2m:[0m [2mcrates/sui-core/src/consensus_handler.rs[0m[2m:[0m[2m232:[0m Received consensus output [3mconsensus_commit[0m[2m=[0mCommittedSubDag(leader=B209(C,Fo/l), ref=C199(aBgw), blocks=[8Rix, eyVD, Fo/l]) [3mepoch[0m[2m=[0m1
[2m2025-03-25T07:55:53.503028Z[0m [32m INFO[0m [1mnode[0m[1m{[0m[3mname[0m[2m=[0mk#8dcff6d1..[1m}[0m[2m:[0m [2msui_core::checkpoints[0m[2m:[0m [2mcrates/sui-core/src/checkpoints/mod.rs[0m[2m:[0m[2m1326:[0m Creating checkpoint(s) for 2 transactions [3mnext_checkpoint_seq[0m[2m=[0m412 [3mcheckpoint_timestamp[0m[2m=[0m1742889352962
[2m2025-03-25T07:55:53.503336Z[0m [32m INFO[0m [1mnode[0m[1m{[0m[3mname[0m[2m=[0mk#8dcff6d1..[1m}[0m[2m:[0m [2msui_core::checkpoints::checkpoint_output[0m[2m:[0m [2mcrates/sui-core/src/checkpoints/checkpoint_output.rs[0m[2m:[0m[2m149:[0m Creating checkpoint CheckpointDigest(DbGaczL8tqcRviyftUBzRPhGTvfh9SMd2JzJcSqFfJ3h) at epoch 1, sequence 412, previous digest Some(CheckpointDigest(4FD6mugPUspDHmgsKni3m4kdRqyJ2Js8qKJVNEgRUZH4)), transactions count 2, content digest CheckpointContentsDigest(FcyLfKK7fRRjtvHwDaqapu6zLxwKfFwnaAqRbwWfFfU8), end_of_epoch_data None
[2m2025-03-25T07:55:53.503581Z[0m [32m INFO[0m [1mnode[0m[1m{[0m[3mname[0m[2m=[0mk#99f25ef6..[1m}[0m[2m:[0m [2msui_core::checkpoints[0m[2m:[0m [2mcrates/sui-core/src/checkpoints/mod.rs[0m[2m:[0m[2m1326:[0m Creating checkpoint(s) for 2 transactions [3mnext_checkpoint_seq[0m[2m=[0m412 [3mcheckpoint_timestamp[0m[2m=[0m1742889352962
[2m2025-03-25T07:55:53.503833Z[0m [32m INFO[0m [1mnode[0m[1m{[0m[3mname[0m[2m=[0mk#99f25ef6..[1m}[0m[2m:[0m [2msui_core::checkpoints::checkpoint_output[0m[2m:[0m [2mcrates/sui-core/src/checkpoints/checkpoint_output.rs[0m[2m:[0m[2m149:[0m Creating checkpoint CheckpointDigest(DbGaczL8tqcRviyftUBzRPhGTvfh9SMd2JzJcSqFfJ3h) at epoch 1, sequence 412, previous digest Some(CheckpointDigest(4FD6mugPUspDHmgsKni3m4kdRqyJ2Js8qKJVNEgRUZH4)), transactions count 2, content digest CheckpointContentsDigest(FcyLfKK7fRRjtvHwDaqapu6zLxwKfFwnaAqRbwWfFfU8), end_of_epoch_data None
[2m2025-03-25T07:55:53.504787Z[0m [32m INFO[0m [1mnode[0m[1m{[0m[3mname[0m[2m=[0mk#addeef94..[1m}[0m[2m:[0m [2msui_core::checkpoints[0m[2m:[0m [2mcrates/sui-core/src/checkpoints/mod.rs[0m[2m:[0m[2m1326:[0m Creating checkpoint(s) for 2 transactions [3mnext_checkpoint_seq[0m[2m=[0m412 [3mcheckpoint_timestamp[0m[2m=[0m1742889352962
[2m2025-03-25T07:55:53.505034Z[0m [32m INFO[0m [1mnode[0m[1m{[0m[3mname[0m[2m=[0mk#addeef94..[1m}[0m[2m:[0m [2msui_core::checkpoints::checkpoint_output[0m[2m:[0m [2mcrates/sui-core/src/checkpoints/checkpoint_output.rs[0m[2m:[0m[2m149:[0m Creating checkpoint CheckpointDigest(DbGaczL8tqcRviyftUBzRPhGTvfh9SMd2JzJcSqFfJ3h) at epoch 1, sequence 412, previous digest Some(CheckpointDigest(4FD6mugPUspDHmgsKni3m4kdRqyJ2Js8qKJVNEgRUZH4)), transactions count 2, content digest CheckpointContentsDigest(FcyLfKK7fRRjtvHwDaqapu6zLxwKfFwnaAqRbwWfFfU8), end_of_epoch_data None
[2m2025-03-25T07:55:53.506371Z[0m [32m INFO[0m [1mnode[0m[1m{[0m[3mname[0m[2m=[0mk#8dcff6d1..[1m}[0m[2m:[0m [2msui_core::checkpoints::checkpoint_output[0m[2m:[0m [2mcrates/sui-core/src/checkpoints/checkpoint_output.rs[0m[2m:[0m[2m196:[0m Certified checkpoint with sequence 411 and digest 4FD6mugPUspDHmgsKni3m4kdRqyJ2Js8qKJVNEgRUZH4
[2m2025-03-25T07:55:53.506681Z[0m [32m INFO[0m [1mnode[0m[1m{[0m[3mname[0m[2m=[0mk#99f25ef6..[1m}[0m[2m:[0m [2msui_core::checkpoints::checkpoint_output[0m[2m:[0m [2mcrates/sui-core/src/checkpoints/checkpoint_output.rs[0m[2m:[0m[2m196:[0m Certified checkpoint with sequence 411 and digest 4FD6mugPUspDHmgsKni3m4kdRqyJ2Js8qKJVNEgRUZH4
[2m2025-03-25T07:55:53.506813Z[0m [32m INFO[0m [1mnode[0m[1m{[0m[3mname[0m[2m=[0mk#8dcff6d1..[1m}[0m[2m:[0m [2msui_core::checkpoints::checkpoint_executor[0m[2m:[0m [2mcrates/sui-core/src/checkpoints/checkpoint_executor/mod.rs[0m[2m:[0m[2m332:[0m Received checkpoint summary from state sync [3msequence_number[0m[2m=[0m411
[2m2025-03-25T07:55:53.507066Z[0m [32m INFO[0m [1mnode[0m[1m{[0m[3mname[0m[2m=[0mk#99f25ef6..[1m}[0m[2m:[0m [2msui_core::checkpoints::checkpoint_executor[0m[2m:[0m [2mcrates/sui-core/src/checkpoints/checkpoint_executor/mod.rs[0m[2m:[0m[2m332:[0m Received checkpoint summary from state sync [3msequence_number[0m[2m=[0m411
[2m2025-03-25T07:55:53.507984Z[0m [32m INFO[0m [1mnode[0m[1m{[0m[3mname[0m[2m=[0mk#8dcff6d1..[1m}[0m[2m:[0m [2msui_core::state_accumulator[0m[2m:[0m [2mcrates/sui-core/src/state_accumulator.rs[0m[2m:[0m[2m675:[0m accumulating running root for checkpoint 411
[2m2025-03-25T07:55:53.507997Z[0m [32m INFO[0m [1mnode[0m[1m{[0m[3mname[0m[2m=[0mk#99f25ef6..[1m}[0m[2m:[0m [2msui_core::state_accumulator[0m[2m:[0m [2mcrates/sui-core/src/state_accumulator.rs[0m[2m:[0m[2m675:[0m accumulating running root for checkpoint 411
[2m2025-03-25T07:55:53.510147Z[0m [32m INFO[0m [1mnode[0m[1m{[0m[3mname[0m[2m=[0mk#addeef94..[1m}[0m[2m:[0m [2msui_core::checkpoints::checkpoint_executor[0m[2m:[0m [2mcrates/sui-core/src/checkpoints/checkpoint_executor/mod.rs[0m[2m:[0m[2m332:[0m Received checkpoint summary from state sync [3msequence_number[0m[2m=[0m411
[2m2025-03-25T07:55:53.510861Z[0m [32m INFO[0m [1mnode[0m[1m{[0m[3mname[0m[2m=[0mk#addeef94..[1m}[0m[2m:[0m [2msui_core::state_accumulator[0m[2m:[0m [2mcrates/sui-core/src/state_accumulator.rs[0m[2m:[0m[2m675:[0m accumulating running root for checkpoint 411
[2m2025-03-25T07:55:53.728333Z[0m [32m INFO[0m [1mnode[0m[1m{[0m[3mname[0m[2m=[0mk#8dcff6d1..[1m}[0m[2m:[0m [2mconsensus_core::core[0m[2m:[0m [2mconsensus/core/src/core.rs[0m[2m:[0m[2m945:[0m Included 3 ancestors & excluded 0 ancestors for proposal in round 212
[2m2025-03-25T07:55:53.728711Z[0m [32m INFO[0m [1mnode[0m[1m{[0m[3mname[0m[2m=[0mk#8dcff6d1..[1m}[0m[2m:[0m [2mconsensus_core::core[0m[2m:[0m [2mconsensus/core/src/core.rs[0m[2m:[0m[2m531:[0m Created block B212(A,kiWfhDtTSXR7O7jcqJuXgr+uH8jnC9KIGLXAwnAjTNA=)(1742889353728ms;[B211(A,OISekIjf/t8QBFb8laGeFUhxbV3QL1kGW2do8YGgdM8=), B211(B,sysVq+ck7+gCfExMDBRdvAM8jdrFgUodUD4RUqlxhp8=), B211(C,BrELI6EWDaKPWyI0/kwecDmRwh5wb19YvGIXSNJbjBo=)];1t;1c) for round 212
[2m2025-03-25T07:55:53.730370Z[0m [32m INFO[0m [1mnode[0m[1m{[0m[3mname[0m[2m=[0mk#99f25ef6..[1m}[0m[2m:[0m [2mconsensus_core::core[0m[2m:[0m [2mconsensus/core/src/core.rs[0m[2m:[0m[2m945:[0m Included 3 ancestors & excluded 0 ancestors for proposal in round 212
[2m2025-03-25T07:55:53.730662Z[0m [32m INFO[0m [1mnode[0m[1m{[0m[3mname[0m[2m=[0mk#99f25ef6..[1m}[0m[2m:[0m [2mconsensus_core::core[0m[2m:[0m [2mconsensus/core/src/core.rs[0m[2m:[0m[2m531:[0m Created block B212(B,8bHYSrH5LhwqucpGB95fSo0PjmUI2l94bcrIDzVTlgw=)(1742889353730ms;[B211(B,sysVq+ck7+gCfExMDBRdvAM8jdrFgUodUD4RUqlxhp8=), B211(A,OISekIjf/t8QBFb8laGeFUhxbV3QL1kGW2do8YGgdM8=), B211(C,BrELI6EWDaKPWyI0/kwecDmRwh5wb19YvGIXSNJbjBo=)];1t;1c) for round 212
[2m2025-03-25T07:55:53.730707Z[0m [32m INFO[0m [1mnode[0m[1m{[0m[3mname[0m[2m=[0mk#addeef94..[1m}[0m[2m:[0m [2mconsensus_core::core[0m[2m:[0m [2mconsensus/core/src/core.rs[0m[2m:[0m[2m945:[0m Included 3 ancestors & excluded 0 ancestors for proposal in round 212
[2m2025-03-25T07:55:53.731004Z[0m [32m INFO[0m [1mnode[0m[1m{[0m[3mname[0m[2m=[0mk#addeef94..[1m}[0m[2m:[0m [2mconsensus_core::core[0m[2m:[0m [2mconsensus/core/src/core.rs[0m[2m:[0m[2m531:[0m Created block B212(C,PryQ9v29SMKrnYgLjlsA9obRGAOM1JV2goVQ8jEVdpM=)(1742889353730ms;[B211(C,BrELI6EWDaKPWyI0/kwecDmRwh5wb19YvGIXSNJbjBo=), B211(A,OISekIjf/t8QBFb8laGeFUhxbV3QL1kGW2do8YGgdM8=), B211(B,sysVq+ck7+gCfExMDBRdvAM8jdrFgUodUD4RUqlxhp8=)];1t;1c) for round 212
[2m2025-03-25T07:55:53.731076Z[0m [32m INFO[0m [1mnode[0m[1m{[0m[3mname[0m[2m=[0mk#addeef94..[1m}[0m[2m:[0m [2mconsensus_core::core[0m[2m:[0m [2mconsensus/core/src/core.rs[0m[2m:[0m[2m630:[0m Committing 1 leaders: B210(C,WfBC)
[2m2025-03-25T07:55:53.731145Z[0m [32m INFO[0m [1mnode[0m[1m{[0m[3mname[0m[2m=[0mk#addeef94..[1m}[0m[2m:[0m [2mconsensus_core::commit_observer[0m[2m:[0m [2mconsensus/core/src/commit_observer.rs[0m[2m:[0m[2m173:[0m Consensus commit C200(RSmK) with leader B210(C,WfBC) has 3 blocks
[2m2025-03-25T07:55:53.731232Z[0m [32m INFO[0m [1mnode[0m[1m{[0m[3mname[0m[2m=[0mk#addeef94..[1m}[0m[2m:[0m [2msui_core::consensus_handler[0m[2m:[0m [2mcrates/sui-core/src/consensus_handler.rs[0m[2m:[0m[2m232:[0m Received consensus output [3mconsensus_commit[0m[2m=[0mCommittedSubDag(leader=B210(C,WfBC), ref=C200(RSmK), blocks=[KjVu, +9Jy, WfBC]) [3mepoch[0m[2m=[0m1
[2m2025-03-25T07:55:53.734306Z[0m [32m INFO[0m [1mnode[0m[1m{[0m[3mname[0m[2m=[0mk#99f25ef6..[1m}[0m[2m:[0m [2msui_core::checkpoints::checkpoint_output[0m[2m:[0m [2mcrates/sui-core/src/checkpoints/checkpoint_output.rs[0m[2m:[0m[2m196:[0m Certified checkpoint with sequence 412 and digest DbGaczL8tqcRviyftUBzRPhGTvfh9SMd2JzJcSqFfJ3h
[2m2025-03-25T07:55:53.734411Z[0m [32m INFO[0m [1mnode[0m[1m{[0m[3mname[0m[2m=[0mk#99f25ef6..[1m}[0m[2m:[0m [2mconsensus_core::core[0m[2m:[0m [2mconsensus/core/src/core.rs[0m[2m:[0m[2m630:[0m Committing 1 leaders: B210(C,WfBC)
[2m2025-03-25T07:55:53.734513Z[0m [32m INFO[0m [1mnode[0m[1m{[0m[3mname[0m[2m=[0mk#99f25ef6..[1m}[0m[2m:[0m [2mconsensus_core::commit_observer[0m[2m:[0m [2mconsensus/core/src/commit_observer.rs[0m[2m:[0m[2m173:[0m Consensus commit C200(RSmK) with leader B210(C,WfBC) has 3 blocks
[2m2025-03-25T07:55:53.734651Z[0m [32m INFO[0m [1mnode[0m[1m{[0m[3mname[0m[2m=[0mk#8dcff6d1..[1m}[0m[2m:[0m [2msui_core::checkpoints::checkpoint_output[0m[2m:[0m [2mcrates/sui-core/src/checkpoints/checkpoint_output.rs[0m[2m:[0m[2m196:[0m Certified checkpoint with sequence 412 and digest DbGaczL8tqcRviyftUBzRPhGTvfh9SMd2JzJcSqFfJ3h
[2m2025-03-25T07:55:53.734752Z[0m [32m INFO[0m [1mnode[0m[1m{[0m[3mname[0m[2m=[0mk#8dcff6d1..[1m}[0m[2m:[0m [2mconsensus_core::core[0m[2m:[0m [2mconsensus/core/src/core.rs[0m[2m:[0m[2m630:[0m Committing 1 leaders: B210(C,WfBC)
[2m2025-03-25T07:55:53.734852Z[0m [32m INFO[0m [1mnode[0m[1m{[0m[3mname[0m[2m=[0mk#8dcff6d1..[1m}[0m[2m:[0m [2mconsensus_core::commit_observer[0m[2m:[0m [2mconsensus/core/src/commit_observer.rs[0m[2m:[0m[2m173:[0m Consensus commit C200(RSmK) with leader B210(C,WfBC) has 3 blocks
[2m2025-03-25T07:55:53.734958Z[0m [32m INFO[0m [1mnode[0m[1m{[0m[3mname[0m[2m=[0mk#99f25ef6..[1m}[0m[2m:[0m [2msui_core::consensus_handler[0m[2m:[0m [2mcrates/sui-core/src/consensus_handler.rs[0m[2m:[0m[2m232:[0m Received consensus output [3mconsensus_commit[0m[2m=[0mCommittedSubDag(leader=B210(C,WfBC), ref=C200(RSmK), blocks=[KjVu, +9Jy, WfBC]) [3mepoch[0m[2m=[0m1
[2m2025-03-25T07:55:53.735240Z[0m [32m INFO[0m [1mnode[0m[1m{[0m[3mname[0m[2m=[0mk#8dcff6d1..[1m}[0m[2m:[0m [2msui_core::consensus_handler[0m[2m:[0m [2mcrates/sui-core/src/consensus_handler.rs[0m[2m:[0m[2m232:[0m Received consensus output [3mconsensus_commit[0m[2m=[0mCommittedSubDag(leader=B210(C,WfBC), ref=C200(RSmK), blocks=[KjVu, +9Jy, WfBC]) [3mepoch[0m[2m=[0m1
[2m2025-03-25T07:55:53.735572Z[0m [32m INFO[0m [1mnode[0m[1m{[0m[3mname[0m[2m=[0mk#99f25ef6..[1m}[0m[2m:[0m [2msui_core::checkpoints::checkpoint_executor[0m[2m:[0m [2mcrates/sui-core/src/checkpoints/checkpoint_executor/mod.rs[0m[2m:[0m[2m332:[0m Received checkpoint summary from state sync [3msequence_number[0m[2m=[0m412
[2m2025-03-25T07:55:53.735815Z[0m [32m INFO[0m [1mnode[0m[1m{[0m[3mname[0m[2m=[0mk#8dcff6d1..[1m}[0m[2m:[0m [2msui_core::checkpoints::checkpoint_executor[0m[2m:[0m [2mcrates/sui-core/src/checkpoints/checkpoint_executor/mod.rs[0m[2m:[0m[2m332:[0m Received checkpoint summary from state sync [3msequence_number[0m[2m=[0m412
[2m2025-03-25T07:55:53.749144Z[0m [32m INFO[0m [1mnode[0m[1m{[0m[3mname[0m[2m=[0mk#8dcff6d1..[1m}[0m[2m:[0m [2msui_core::state_accumulator[0m[2m:[0m [2mcrates/sui-core/src/state_accumulator.rs[0m[2m:[0m[2m675:[0m accumulating running root for checkpoint 412
[2m2025-03-25T07:55:53.749147Z[0m [32m INFO[0m [1mnode[0m[1m{[0m[3mname[0m[2m=[0mk#99f25ef6..[1m}[0m[2m:[0m [2msui_core::state_accumulator[0m[2m:[0m [2mcrates/sui-core/src/state_accumulator.rs[0m[2m:[0m[2m675:[0m accumulating running root for checkpoint 412
[2m2025-03-25T07:55:53.775450Z[0m [32m INFO[0m [1mnode[0m[1m{[0m[3mname[0m[2m=[0mk#addeef94..[1m}[0m[2m:[0m [2msui_core::checkpoints[0m[2m:[0m [2mcrates/sui-core/src/checkpoints/mod.rs[0m[2m:[0m[2m1326:[0m Creating checkpoint(s) for 1 transactions [3mnext_checkpoint_seq[0m[2m=[0m413 [3mcheckpoint_timestamp[0m[2m=[0m1742889353220
[2m2025-03-25T07:55:53.775690Z[0m [32m INFO[0m [1mnode[0m[1m{[0m[3mname[0m[2m=[0mk#addeef94..[1m}[0m[2m:[0m [2msui_core::checkpoints::checkpoint_output[0m[2m:[0m [2mcrates/sui-core/src/checkpoints/checkpoint_output.rs[0m[2m:[0m[2m149:[0m Creating checkpoint CheckpointDigest(H67Ho1w4gWvyZXnua9BjkHNFyKzKnAfF3MvnUvHTnXwL) at epoch 1, sequence 413, previous digest Some(CheckpointDigest(DbGaczL8tqcRviyftUBzRPhGTvfh9SMd2JzJcSqFfJ3h)), transactions count 1, content digest CheckpointContentsDigest(D6mpESkDFZZ2QQxiwuGTze5T6ifEuaaAv3BQ9xNcsT7T), end_of_epoch_data None
[2m2025-03-25T07:55:53.780721Z[0m [32m INFO[0m [1mnode[0m[1m{[0m[3mname[0m[2m=[0mk#99f25ef6..[1m}[0m[2m:[0m [2msui_core::checkpoints[0m[2m:[0m [2mcrates/sui-core/src/checkpoints/mod.rs[0m[2m:[0m[2m1326:[0m Creating checkpoint(s) for 1 transactions [3mnext_checkpoint_seq[0m[2m=[0m413 [3mcheckpoint_timestamp[0m[2m=[0m1742889353220
[2m2025-03-25T07:55:53.780723Z[0m [32m INFO[0m [1mnode[0m[1m{[0m[3mname[0m[2m=[0mk#8dcff6d1..[1m}[0m[2m:[0m [2msui_core::checkpoints[0m[2m:[0m [2mcrates/sui-core/src/checkpoints/mod.rs[0m[2m:[0m[2m1326:[0m Creating checkpoint(s) for 1 transactions [3mnext_checkpoint_seq[0m[2m=[0m413 [3mcheckpoint_timestamp[0m[2m=[0m1742889353220
[2m2025-03-25T07:55:53.780908Z[0m [32m INFO[0m [1mnode[0m[1m{[0m[3mname[0m[2m=[0mk#8dcff6d1..[1m}[0m[2m:[0m [2msui_core::checkpoints::checkpoint_output[0m[2m:[0m [2mcrates/sui-core/src/checkpoints/checkpoint_output.rs[0m[2m:[0m[2m149:[0m Creating checkpoint CheckpointDigest(H67Ho1w4gWvyZXnua9BjkHNFyKzKnAfF3MvnUvHTnXwL) at epoch 1, sequence 413, previous digest Some(CheckpointDigest(DbGaczL8tqcRviyftUBzRPhGTvfh9SMd2JzJcSqFfJ3h)), transactions count 1, content digest CheckpointContentsDigest(D6mpESkDFZZ2QQxiwuGTze5T6ifEuaaAv3BQ9xNcsT7T), end_of_epoch_data None
[2m2025-03-25T07:55:53.780908Z[0m [32m INFO[0m [1mnode[0m[1m{[0m[3mname[0m[2m=[0mk#99f25ef6..[1m}[0m[2m:[0m [2msui_core::checkpoints::checkpoint_output[0m[2m:[0m [2mcrates/sui-core/src/checkpoints/checkpoint_output.rs[0m[2m:[0m[2m149:[0m Creating checkpoint CheckpointDigest(H67Ho1w4gWvyZXnua9BjkHNFyKzKnAfF3MvnUvHTnXwL) at epoch 1, sequence 413, previous digest Some(CheckpointDigest(DbGaczL8tqcRviyftUBzRPhGTvfh9SMd2JzJcSqFfJ3h)), transactions count 1, content digest CheckpointContentsDigest(D6mpESkDFZZ2QQxiwuGTze5T6ifEuaaAv3BQ9xNcsT7T), end_of_epoch_data None
[2m2025-03-25T07:55:53.843894Z[0m [32m INFO[0m [1mnode[0m[1m{[0m[3mname[0m[2m=[0mk#addeef94..[1m}[0m[2m:[0m [2msui_core::checkpoints::checkpoint_executor[0m[2m:[0m [2mcrates/sui-core/src/checkpoints/checkpoint_executor/mod.rs[0m[2m:[0m[2m332:[0m Received checkpoint summary from state sync [3msequence_number[0m[2m=[0m412
[2m2025-03-25T07:55:53.845376Z[0m [32m INFO[0m [1mnode[0m[1m{[0m[3mname[0m[2m=[0mk#addeef94..[1m}[0m[2m:[0m [2msui_core::state_accumulator[0m[2m:[0m [2mcrates/sui-core/src/state_accumulator.rs[0m[2m:[0m[2m675:[0m accumulating running root for checkpoint 412
[2m2025-03-25T07:55:53.983214Z[0m [32m INFO[0m [1mnode[0m[1m{[0m[3mname[0m[2m=[0mk#addeef94..[1m}[0m[2m:[0m [2mconsensus_core::core[0m[2m:[0m [2mconsensus/core/src/core.rs[0m[2m:[0m[2m945:[0m Included 3 ancestors & excluded 0 ancestors for proposal in round 213
[2m2025-03-25T07:55:53.983582Z[0m [32m INFO[0m [1mnode[0m[1m{[0m[3mname[0m[2m=[0mk#addeef94..[1m}[0m[2m:[0m [2mconsensus_core::core[0m[2m:[0m [2mconsensus/core/src/core.rs[0m[2m:[0m[2m531:[0m Created block B213(C,VC9uR91B4sZ2lAOwyN2ryxQ0xNZnC5VHHuE0/pmMFgo=)(1742889353983ms;[B212(C,PryQ9v29SMKrnYgLjlsA9obRGAOM1JV2goVQ8jEVdpM=), B212(A,kiWfhDtTSXR7O7jcqJuXgr+uH8jnC9KIGLXAwnAjTNA=), B212(B,8bHYSrH5LhwqucpGB95fSo0PjmUI2l94bcrIDzVTlgw=)];1t;1c) for round 213
[2m2025-03-25T07:55:53.985478Z[0m [32m INFO[0m [1mnode[0m[1m{[0m[3mname[0m[2m=[0mk#8dcff6d1..[1m}[0m[2m:[0m [2mconsensus_core::core[0m[2m:[0m [2mconsensus/core/src/core.rs[0m[2m:[0m[2m945:[0m Included 3 ancestors & excluded 0 ancestors for proposal in round 213
[2m2025-03-25T07:55:53.985762Z[0m [32m INFO[0m [1mnode[0m[1m{[0m[3mname[0m[2m=[0mk#8dcff6d1..[1m}[0m[2m:[0m [2mconsensus_core::core[0m[2m:[0m [2mconsensus/core/src/core.rs[0m[2m:[0m[2m531:[0m Created block B213(A,aJkD3cYof/iYqGpvCbHrFg64TWzNFIPUSeFhqf5bx20=)(1742889353985ms;[B212(A,kiWfhDtTSXR7O7jcqJuXgr+uH8jnC9KIGLXAwnAjTNA=), B212(B,8bHYSrH5LhwqucpGB95fSo0PjmUI2l94bcrIDzVTlgw=), B212(C,PryQ9v29SMKrnYgLjlsA9obRGAOM1JV2goVQ8jEVdpM=)];1t;1c) for round 213
[2m2025-03-25T07:55:53.985832Z[0m [32m INFO[0m [1mnode[0m[1m{[0m[3mname[0m[2m=[0mk#8dcff6d1..[1m}[0m[2m:[0m [2mconsensus_core::core[0m[2m:[0m [2mconsensus/core/src/core.rs[0m[2m:[0m[2m630:[0m Committing 1 leaders: B211(B,sysV)
[2m2025-03-25T07:55:53.985903Z[0m [32m INFO[0m [1mnode[0m[1m{[0m[3mname[0m[2m=[0mk#8dcff6d1..[1m}[0m[2m:[0m [2mconsensus_core::commit_observer[0m[2m:[0m [2mconsensus/core/src/commit_observer.rs[0m[2m:[0m[2m173:[0m Consensus commit C201(Cq0a) with leader B211(B,sysV) has 3 blocks
[2m2025-03-25T07:55:53.985989Z[0m [32m INFO[0m [1mnode[0m[1m{[0m[3mname[0m[2m=[0mk#8dcff6d1..[1m}[0m[2m:[0m [2msui_core::consensus_handler[0m[2m:[0m [2mcrates/sui-core/src/consensus_handler.rs[0m[2m:[0m[2m232:[0m Received consensus output [3mconsensus_commit[0m[2m=[0mCommittedSubDag(leader=B211(B,sysV), ref=C201(Cq0a), blocks=[1aVv, ZtC6, sysV]) [3mepoch[0m[2m=[0m1
[2m2025-03-25T07:55:53.986594Z[0m [32m INFO[0m [1mnode[0m[1m{[0m[3mname[0m[2m=[0mk#99f25ef6..[1m}[0m[2m:[0m [2mconsensus_core::core[0m[2m:[0m [2mconsensus/core/src/core.rs[0m[2m:[0m[2m945:[0m Included 3 ancestors & excluded 0 ancestors for proposal in round 213
[2m2025-03-25T07:55:53.986881Z[0m [32m INFO[0m [1mnode[0m[1m{[0m[3mname[0m[2m=[0mk#99f25ef6..[1m}[0m[2m:[0m [2mconsensus_core::core[0m[2m:[0m [2mconsensus/core/src/core.rs[0m[2m:[0m[2m531:[0m Created block B213(B,SBL48Tknjm9k+ut4XwTy9HE0ksJUGz8oRdnGjJtk2n8=)(1742889353986ms;[B212(B,8bHYSrH5LhwqucpGB95fSo0PjmUI2l94bcrIDzVTlgw=), B212(A,kiWfhDtTSXR7O7jcqJuXgr+uH8jnC9KIGLXAwnAjTNA=), B212(C,PryQ9v29SMKrnYgLjlsA9obRGAOM1JV2goVQ8jEVdpM=)];1t;1c) for round 213
[2m2025-03-25T07:55:53.986946Z[0m [32m INFO[0m [1mnode[0m[1m{[0m[3mname[0m[2m=[0mk#99f25ef6..[1m}[0m[2m:[0m [2mconsensus_core::core[0m[2m:[0m [2mconsensus/core/src/core.rs[0m[2m:[0m[2m630:[0m Committing 1 leaders: B211(B,sysV)
[2m2025-03-25T07:55:53.987010Z[0m [32m INFO[0m [1mnode[0m[1m{[0m[3mname[0m[2m=[0mk#99f25ef6..[1m}[0m[2m:[0m [2mconsensus_core::commit_observer[0m[2m:[0m [2mconsensus/core/src/commit_observer.rs[0m[2m:[0m[2m173:[0m Consensus commit C201(Cq0a) with leader B211(B,sysV) has 3 blocks
[2m2025-03-25T07:55:53.987091Z[0m [32m INFO[0m [1mnode[0m[1m{[0m[3mname[0m[2m=[0mk#99f25ef6..[1m}[0m[2m:[0m [2msui_core::consensus_handler[0m[2m:[0m [2mcrates/sui-core/src/consensus_handler.rs[0m[2m:[0m[2m232:[0m Received consensus output [3mconsensus_commit[0m[2m=[0mCommittedSubDag(leader=B211(B,sysV), ref=C201(Cq0a), blocks=[1aVv, ZtC6, sysV]) [3mepoch[0m[2m=[0m1
[2m2025-03-25T07:55:53.988298Z[0m [32m INFO[0m [1mnode[0m[1m{[0m[3mname[0m[2m=[0mk#addeef94..[1m}[0m[2m:[0m [2mconsensus_core::core[0m[2m:[0m [2mconsensus/core/src/core.rs[0m[2m:[0m[2m630:[0m Committing 1 leaders: B211(B,sysV)
[2m2025-03-25T07:55:53.988385Z[0m [32m INFO[0m [1mnode[0m[1m{[0m[3mname[0m[2m=[0mk#addeef94..[1m}[0m[2m:[0m [2mconsensus_core::commit_observer[0m[2m:[0m [2mconsensus/core/src/commit_observer.rs[0m[2m:[0m[2m173:[0m Consensus commit C201(Cq0a) with leader B211(B,sysV) has 3 blocks
[2m2025-03-25T07:55:53.988456Z[0m [32m INFO[0m [1mnode[0m[1m{[0m[3mname[0m[2m=[0mk#addeef94..[1m}[0m[2m:[0m [2msui_core::consensus_handler[0m[2m:[0m [2mcrates/sui-core/src/consensus_handler.rs[0m[2m:[0m[2m232:[0m Received consensus output [3mconsensus_commit[0m[2m=[0mCommittedSubDag(leader=B211(B,sysV), ref=C201(Cq0a), blocks=[1aVv, ZtC6, sysV]) [3mepoch[0m[2m=[0m1
[2m2025-03-25T07:55:54.012636Z[0m [32m INFO[0m [1mnode[0m[1m{[0m[3mname[0m[2m=[0mk#8dcff6d1..[1m}[0m[2m:[0m [2msui_core::checkpoints[0m[2m:[0m [2mcrates/sui-core/src/checkpoints/mod.rs[0m[2m:[0m[2m1326:[0m Creating checkpoint(s) for 2 transactions [3mnext_checkpoint_seq[0m[2m=[0m414 [3mcheckpoint_timestamp[0m[2m=[0m1742889353477
[2m2025-03-25T07:55:54.012949Z[0m [32m INFO[0m [1mnode[0m[1m{[0m[3mname[0m[2m=[0mk#8dcff6d1..[1m}[0m[2m:[0m [2msui_core::checkpoints::checkpoint_output[0m[2m:[0m [2mcrates/sui-core/src/checkpoints/checkpoint_output.rs[0m[2m:[0m[2m149:[0m Creating checkpoint CheckpointDigest(HQGuJwmNuRXavjcBCoKikqMrVWhggxdLibEaXGEwaH5W) at epoch 1, sequence 414, previous digest Some(CheckpointDigest(H67Ho1w4gWvyZXnua9BjkHNFyKzKnAfF3MvnUvHTnXwL)), transactions count 2, content digest CheckpointContentsDigest(AmfduLHUUwBWgj9VtQkoWJXA6o76BLJby3hLKvJRPzzm), end_of_epoch_data None
[2m2025-03-25T07:55:54.013128Z[0m [32m INFO[0m [1mnode[0m[1m{[0m[3mname[0m[2m=[0mk#99f25ef6..[1m}[0m[2m:[0m [2msui_core::checkpoints[0m[2m:[0m [2mcrates/sui-core/src/checkpoints/mod.rs[0m[2m:[0m[2m1326:[0m Creating checkpoint(s) for 2 transactions [3mnext_checkpoint_seq[0m[2m=[0m414 [3mcheckpoint_timestamp[0m[2m=[0m1742889353477
[2m2025-03-25T07:55:54.013377Z[0m [32m INFO[0m [1mnode[0m[1m{[0m[3mname[0m[2m=[0mk#99f25ef6..[1m}[0m[2m:[0m [2msui_core::checkpoints::checkpoint_output[0m[2m:[0m [2mcrates/sui-core/src/checkpoints/checkpoint_output.rs[0m[2m:[0m[2m149:[0m Creating checkpoint CheckpointDigest(HQGuJwmNuRXavjcBCoKikqMrVWhggxdLibEaXGEwaH5W) at epoch 1, sequence 414, previous digest Some(CheckpointDigest(H67Ho1w4gWvyZXnua9BjkHNFyKzKnAfF3MvnUvHTnXwL)), transactions count 2, content digest CheckpointContentsDigest(AmfduLHUUwBWgj9VtQkoWJXA6o76BLJby3hLKvJRPzzm), end_of_epoch_data None
[2m2025-03-25T07:55:54.014230Z[0m [32m INFO[0m [1mnode[0m[1m{[0m[3mname[0m[2m=[0mk#addeef94..[1m}[0m[2m:[0m [2msui_core::checkpoints[0m[2m:[0m [2mcrates/sui-core/src/checkpoints/mod.rs[0m[2m:[0m[2m1326:[0m Creating checkpoint(s) for 2 transactions [3mnext_checkpoint_seq[0m[2m=[0m414 [3mcheckpoint_timestamp[0m[2m=[0m1742889353477
[2m2025-03-25T07:55:54.014473Z[0m [32m INFO[0m [1mnode[0m[1m{[0m[3mname[0m[2m=[0mk#addeef94..[1m}[0m[2m:[0m [2msui_core::checkpoints::checkpoint_output[0m[2m:[0m [2mcrates/sui-core/src/checkpoints/checkpoint_output.rs[0m[2m:[0m[2m149:[0m Creating checkpoint CheckpointDigest(HQGuJwmNuRXavjcBCoKikqMrVWhggxdLibEaXGEwaH5W) at epoch 1, sequence 414, previous digest Some(CheckpointDigest(H67Ho1w4gWvyZXnua9BjkHNFyKzKnAfF3MvnUvHTnXwL)), transactions count 2, content digest CheckpointContentsDigest(AmfduLHUUwBWgj9VtQkoWJXA6o76BLJby3hLKvJRPzzm), end_of_epoch_data None
[2m2025-03-25T07:55:54.015990Z[0m [32m INFO[0m [1mnode[0m[1m{[0m[3mname[0m[2m=[0mk#8dcff6d1..[1m}[0m[2m:[0m [2msui_core::checkpoints::checkpoint_output[0m[2m:[0m [2mcrates/sui-core/src/checkpoints/checkpoint_output.rs[0m[2m:[0m[2m196:[0m Certified checkpoint with sequence 413 and digest H67Ho1w4gWvyZXnua9BjkHNFyKzKnAfF3MvnUvHTnXwL
[2m2025-03-25T07:55:54.016243Z[0m [32m INFO[0m [1mnode[0m[1m{[0m[3mname[0m[2m=[0mk#99f25ef6..[1m}[0m[2m:[0m [2msui_core::checkpoints::checkpoint_output[0m[2m:[0m [2mcrates/sui-core/src/checkpoints/checkpoint_output.rs[0m[2m:[0m[2m196:[0m Certified checkpoint with sequence 413 and digest H67Ho1w4gWvyZXnua9BjkHNFyKzKnAfF3MvnUvHTnXwL
[2m2025-03-25T07:55:54.016455Z[0m [32m INFO[0m [1mnode[0m[1m{[0m[3mname[0m[2m=[0mk#8dcff6d1..[1m}[0m[2m:[0m [2msui_core::checkpoints::checkpoint_executor[0m[2m:[0m [2mcrates/sui-core/src/checkpoints/checkpoint_executor/mod.rs[0m[2m:[0m[2m332:[0m Received checkpoint summary from state sync [3msequence_number[0m[2m=[0m413
[2m2025-03-25T07:55:54.016626Z[0m [32m INFO[0m [1mnode[0m[1m{[0m[3mname[0m[2m=[0mk#99f25ef6..[1m}[0m[2m:[0m [2msui_core::checkpoints::checkpoint_executor[0m[2m:[0m [2mcrates/sui-core/src/checkpoints/checkpoint_executor/mod.rs[0m[2m:[0m[2m332:[0m Received checkpoint summary from state sync [3msequence_number[0m[2m=[0m413
[2m2025-03-25T07:55:54.017640Z[0m [32m INFO[0m [1mnode[0m[1m{[0m[3mname[0m[2m=[0mk#99f25ef6..[1m}[0m[2m:[0m [2msui_core::state_accumulator[0m[2m:[0m [2mcrates/sui-core/src/state_accumulator.rs[0m[2m:[0m[2m675:[0m accumulating running root for checkpoint 413
[2m2025-03-25T07:55:54.017646Z[0m [32m INFO[0m [1mnode[0m[1m{[0m[3mname[0m[2m=[0mk#8dcff6d1..[1m}[0m[2m:[0m [2msui_core::state_accumulator[0m[2m:[0m [2mcrates/sui-core/src/state_accumulator.rs[0m[2m:[0m[2m675:[0m accumulating running root for checkpoint 413
[2m2025-03-25T07:55:54.019792Z[0m [32m INFO[0m [1mnode[0m[1m{[0m[3mname[0m[2m=[0mk#addeef94..[1m}[0m[2m:[0m [2msui_core::checkpoints::checkpoint_executor[0m[2m:[0m [2mcrates/sui-core/src/checkpoints/checkpoint_executor/mod.rs[0m[2m:[0m[2m332:[0m Received checkpoint summary from state sync [3msequence_number[0m[2m=[0m413
[2m2025-03-25T07:55:54.020501Z[0m [32m INFO[0m [1mnode[0m[1m{[0m[3mname[0m[2m=[0mk#addeef94..[1m}[0m[2m:[0m [2msui_core::state_accumulator[0m[2m:[0m [2mcrates/sui-core/src/state_accumulator.rs[0m[2m:[0m[2m675:[0m accumulating running root for checkpoint 413
[2m2025-03-25T07:55:54.177755Z[0m [32m INFO[0m [1mnode[0m[1m{[0m[3mname[0m[2m=[0mk#addeef94..[1m}[0m[2m:[0m [2mconsensus_core::core[0m[2m:[0m [2mconsensus/core/src/core.rs[0m[2m:[0m[2m694:[0m Received quorum round per authority in ancestor state manager set to: [(213, 213), (213, 213), (213, 213)]
[2m2025-03-25T07:55:54.177770Z[0m [32m INFO[0m [1mnode[0m[1m{[0m[3mname[0m[2m=[0mk#addeef94..[1m}[0m[2m:[0m [2mconsensus_core::core[0m[2m:[0m [2mconsensus/core/src/core.rs[0m[2m:[0m[2m695:[0m Accepted quorum round per authority in ancestor state manager set to: [(213, 213), (213, 213), (213, 213)]
[2m2025-03-25T07:55:54.177777Z[0m [32m INFO[0m [1mnode[0m[1m{[0m[3mname[0m[2m=[0mk#addeef94..[1m}[0m[2m:[0m [2mconsensus_core::core[0m[2m:[0m [2mconsensus/core/src/core.rs[0m[2m:[0m[2m698:[0m Propagation round delay set to: 0
[2m2025-03-25T07:55:54.181742Z[0m [32m INFO[0m [1mnode[0m[1m{[0m[3mname[0m[2m=[0mk#8dcff6d1..[1m}[0m[2m:[0m [2mconsensus_core::core[0m[2m:[0m [2mconsensus/core/src/core.rs[0m[2m:[0m[2m694:[0m Received quorum round per authority in ancestor state manager set to: [(213, 213), (213, 213), (213, 213)]
[2m2025-03-25T07:55:54.181751Z[0m [32m INFO[0m [1mnode[0m[1m{[0m[3mname[0m[2m=[0mk#8dcff6d1..[1m}[0m[2m:[0m [2mconsensus_core::core[0m[2m:[0m [2mconsensus/core/src/core.rs[0m[2m:[0m[2m695:[0m Accepted quorum round per authority in ancestor state manager set to: [(213, 213), (213, 213), (213, 213)]
[2m2025-03-25T07:55:54.181757Z[0m [32m INFO[0m [1mnode[0m[1m{[0m[3mname[0m[2m=[0mk#8dcff6d1..[1m}[0m[2m:[0m [2mconsensus_core::core[0m[2m:[0m [2mconsensus/core/src/core.rs[0m[2m:[0m[2m698:[0m Propagation round delay set to: 0
[2m2025-03-25T07:55:54.184545Z[0m [32m INFO[0m [1mnode[0m[1m{[0m[3mname[0m[2m=[0mk#99f25ef6..[1m}[0m[2m:[0m [2mconsensus_core::core[0m[2m:[0m [2mconsensus/core/src/core.rs[0m[2m:[0m[2m694:[0m Received quorum round per authority in ancestor state manager set to: [(213, 213), (213, 213), (213, 213)]
[2m2025-03-25T07:55:54.184553Z[0m [32m INFO[0m [1mnode[0m[1m{[0m[3mname[0m[2m=[0mk#99f25ef6..[1m}[0m[2m:[0m [2mconsensus_core::core[0m[2m:[0m [2mconsensus/core/src/core.rs[0m[2m:[0m[2m695:[0m Accepted quorum round per authority in ancestor state manager set to: [(213, 213), (213, 213), (213, 213)]
[2m2025-03-25T07:55:54.184559Z[0m [32m INFO[0m [1mnode[0m[1m{[0m[3mname[0m[2m=[0mk#99f25ef6..[1m}[0m[2m:[0m [2mconsensus_core::core[0m[2m:[0m [2mconsensus/core/src/core.rs[0m[2m:[0m[2m698:[0m Propagation round delay set to: 0
[2m2025-03-25T07:55:54.239032Z[0m [32m INFO[0m [1mnode[0m[1m{[0m[3mname[0m[2m=[0mk#addeef94..[1m}[0m[2m:[0m [2mconsensus_core::core[0m[2m:[0m [2mconsensus/core/src/core.rs[0m[2m:[0m[2m945:[0m Included 3 ancestors & excluded 0 ancestors for proposal in round 214
[2m2025-03-25T07:55:54.239129Z[0m [32m INFO[0m [1mnode[0m[1m{[0m[3mname[0m[2m=[0mk#99f25ef6..[1m}[0m[2m:[0m [2mconsensus_core::core[0m[2m:[0m [2mconsensus/core/src/core.rs[0m[2m:[0m[2m945:[0m Included 3 ancestors & excluded 0 ancestors for proposal in round 214
[2m2025-03-25T07:55:54.239184Z[0m [32m INFO[0m [1mnode[0m[1m{[0m[3mname[0m[2m=[0mk#8dcff6d1..[1m}[0m[2m:[0m [2mconsensus_core::core[0m[2m:[0m [2mconsensus/core/src/core.rs[0m[2m:[0m[2m945:[0m Included 3 ancestors & excluded 0 ancestors for proposal in round 214
[2m2025-03-25T07:55:54.239430Z[0m [32m INFO[0m [1mnode[0m[1m{[0m[3mname[0m[2m=[0mk#99f25ef6..[1m}[0m[2m:[0m [2mconsensus_core::core[0m[2m:[0m [2mconsensus/core/src/core.rs[0m[2m:[0m[2m531:[0m Created block B214(B,Ti1gu8gWS2ebeNO5gEzWJRfVtge/+NIhXpCZOecKENw=)(1742889354239ms;[B213(B,SBL48Tknjm9k+ut4XwTy9HE0ksJUGz8oRdnGjJtk2n8=), B213(A,aJkD3cYof/iYqGpvCbHrFg64TWzNFIPUSeFhqf5bx20=), B213(C,VC9uR91B4sZ2lAOwyN2ryxQ0xNZnC5VHHuE0/pmMFgo=)];1t;1c) for round 214
[2m2025-03-25T07:55:54.239430Z[0m [32m INFO[0m [1mnode[0m[1m{[0m[3mname[0m[2m=[0mk#addeef94..[1m}[0m[2m:[0m [2mconsensus_core::core[0m[2m:[0m [2mconsensus/core/src/core.rs[0m[2m:[0m[2m531:[0m Created block B214(C,kQul8SN8BT/gHuYVTikSLJcvPdCUeJPFpFxg8e/8Sec=)(1742889354239ms;[B213(C,VC9uR91B4sZ2lAOwyN2ryxQ0xNZnC5VHHuE0/pmMFgo=), B213(A,aJkD3cYof/iYqGpvCbHrFg64TWzNFIPUSeFhqf5bx20=), B213(B,SBL48Tknjm9k+ut4XwTy9HE0ksJUGz8oRdnGjJtk2n8=)];1t;1c) for round 214
[2m2025-03-25T07:55:54.239471Z[0m [32m INFO[0m [1mnode[0m[1m{[0m[3mname[0m[2m=[0mk#8dcff6d1..[1m}[0m[2m:[0m [2mconsensus_core::core[0m[2m:[0m [2mconsensus/core/src/core.rs[0m[2m:[0m[2m531:[0m Created block B214(A,gRdiUSo7IZ8Wi/MuhGL4qeF9izEGuXTp63mpgLPA6aE=)(1742889354239ms;[B213(A,aJkD3cYof/iYqGpvCbHrFg64TWzNFIPUSeFhqf5bx20=), B213(B,SBL48Tknjm9k+ut4XwTy9HE0ksJUGz8oRdnGjJtk2n8=), B213(C,VC9uR91B4sZ2lAOwyN2ryxQ0xNZnC5VHHuE0/pmMFgo=)];1t;1c) for round 214
[2m2025-03-25T07:55:54.241205Z[0m [32m INFO[0m [1mnode[0m[1m{[0m[3mname[0m[2m=[0mk#99f25ef6..[1m}[0m[2m:[0m [2mconsensus_core::core[0m[2m:[0m [2mconsensus/core/src/core.rs[0m[2m:[0m[2m630:[0m Committing 1 leaders: B212(B,8bHY)
[2m2025-03-25T07:55:54.241294Z[0m [32m INFO[0m [1mnode[0m[1m{[0m[3mname[0m[2m=[0mk#99f25ef6..[1m}[0m[2m:[0m [2mconsensus_core::commit_observer[0m[2m:[0m [2mconsensus/core/src/commit_observer.rs[0m[2m:[0m[2m173:[0m Consensus commit C202(Xb0i) with leader B212(B,8bHY) has 3 blocks
[2m2025-03-25T07:55:54.241380Z[0m [32m INFO[0m [1mnode[0m[1m{[0m[3mname[0m[2m=[0mk#99f25ef6..[1m}[0m[2m:[0m [2msui_core::consensus_handler[0m[2m:[0m [2mcrates/sui-core/src/consensus_handler.rs[0m[2m:[0m[2m232:[0m Received consensus output [3mconsensus_commit[0m[2m=[0mCommittedSubDag(leader=B212(B,8bHY), ref=C202(Xb0i), blocks=[OISe, BrEL, 8bHY]) [3mepoch[0m[2m=[0m1
[2m2025-03-25T07:55:54.242527Z[0m [32m INFO[0m [1mnode[0m[1m{[0m[3mname[0m[2m=[0mk#addeef94..[1m}[0m[2m:[0m [2mconsensus_core::core[0m[2m:[0m [2mconsensus/core/src/core.rs[0m[2m:[0m[2m630:[0m Committing 1 leaders: B212(B,8bHY)
[2m2025-03-25T07:55:54.242615Z[0m [32m INFO[0m [1mnode[0m[1m{[0m[3mname[0m[2m=[0mk#addeef94..[1m}[0m[2m:[0m [2mconsensus_core::commit_observer[0m[2m:[0m [2mconsensus/core/src/commit_observer.rs[0m[2m:[0m[2m173:[0m Consensus commit C202(Xb0i) with leader B212(B,8bHY) has 3 blocks
[2m2025-03-25T07:55:54.242744Z[0m [32m INFO[0m [1mnode[0m[1m{[0m[3mname[0m[2m=[0mk#addeef94..[1m}[0m[2m:[0m [2msui_core::consensus_handler[0m[2m:[0m [2mcrates/sui-core/src/consensus_handler.rs[0m[2m:[0m[2m232:[0m Received consensus output [3mconsensus_commit[0m[2m=[0mCommittedSubDag(leader=B212(B,8bHY), ref=C202(Xb0i), blocks=[OISe, BrEL, 8bHY]) [3mepoch[0m[2m=[0m1
[2m2025-03-25T07:55:54.243214Z[0m [32m INFO[0m [1mnode[0m[1m{[0m[3mname[0m[2m=[0mk#8dcff6d1..[1m}[0m[2m:[0m [2msui_core::checkpoints::checkpoint_output[0m[2m:[0m [2mcrates/sui-core/src/checkpoints/checkpoint_output.rs[0m[2m:[0m[2m196:[0m Certified checkpoint with sequence 414 and digest HQGuJwmNuRXavjcBCoKikqMrVWhggxdLibEaXGEwaH5W
[2m2025-03-25T07:55:54.243369Z[0m [32m INFO[0m [1mnode[0m[1m{[0m[3mname[0m[2m=[0mk#8dcff6d1..[1m}[0m[2m:[0m [2mconsensus_core::core[0m[2m:[0m [2mconsensus/core/src/core.rs[0m[2m:[0m[2m630:[0m Committing 1 leaders: B212(B,8bHY)
[2m2025-03-25T07:55:54.243449Z[0m [32m INFO[0m [1mnode[0m[1m{[0m[3mname[0m[2m=[0mk#8dcff6d1..[1m}[0m[2m:[0m [2mconsensus_core::commit_observer[0m[2m:[0m [2mconsensus/core/src/commit_observer.rs[0m[2m:[0m[2m173:[0m Consensus commit C202(Xb0i) with leader B212(B,8bHY) has 3 blocks
[2m2025-03-25T07:55:54.243947Z[0m [32m INFO[0m [1mnode[0m[1m{[0m[3mname[0m[2m=[0mk#8dcff6d1..[1m}[0m[2m:[0m [2msui_core::consensus_handler[0m[2m:[0m [2mcrates/sui-core/src/consensus_handler.rs[0m[2m:[0m[2m232:[0m Received consensus output [3mconsensus_commit[0m[2m=[0mCommittedSubDag(leader=B212(B,8bHY), ref=C202(Xb0i), blocks=[OISe, BrEL, 8bHY]) [3mepoch[0m[2m=[0m1
[2m2025-03-25T07:55:54.244519Z[0m [32m INFO[0m [1mnode[0m[1m{[0m[3mname[0m[2m=[0mk#8dcff6d1..[1m}[0m[2m:[0m [2msui_core::checkpoints::checkpoint_executor[0m[2m:[0m [2mcrates/sui-core/src/checkpoints/checkpoint_executor/mod.rs[0m[2m:[0m[2m332:[0m Received checkpoint summary from state sync [3msequence_number[0m[2m=[0m414
[2m2025-03-25T07:55:54.258047Z[0m [32m INFO[0m [1mnode[0m[1m{[0m[3mname[0m[2m=[0mk#8dcff6d1..[1m}[0m[2m:[0m [2msui_core::state_accumulator[0m[2m:[0m [2mcrates/sui-core/src/state_accumulator.rs[0m[2m:[0m[2m675:[0m accumulating running root for checkpoint 414
[2m2025-03-25T07:55:54.286940Z[0m [32m INFO[0m [1mnode[0m[1m{[0m[3mname[0m[2m=[0mk#99f25ef6..[1m}[0m[2m:[0m [2msui_core::checkpoints[0m[2m:[0m [2mcrates/sui-core/src/checkpoints/mod.rs[0m[2m:[0m[2m1326:[0m Creating checkpoint(s) for 1 transactions [3mnext_checkpoint_seq[0m[2m=[0m415 [3mcheckpoint_timestamp[0m[2m=[0m1742889353730
[2m2025-03-25T07:55:54.287090Z[0m [32m INFO[0m [1mnode[0m[1m{[0m[3mname[0m[2m=[0mk#addeef94..[1m}[0m[2m:[0m [2msui_core::checkpoints[0m[2m:[0m [2mcrates/sui-core/src/checkpoints/mod.rs[0m[2m:[0m[2m1326:[0m Creating checkpoint(s) for 1 transactions [3mnext_checkpoint_seq[0m[2m=[0m415 [3mcheckpoint_timestamp[0m[2m=[0m1742889353730
[2m2025-03-25T07:55:54.287170Z[0m [32m INFO[0m [1mnode[0m[1m{[0m[3mname[0m[2m=[0mk#99f25ef6..[1m}[0m[2m:[0m [2msui_core::checkpoints::checkpoint_output[0m[2m:[0m [2mcrates/sui-core/src/checkpoints/checkpoint_output.rs[0m[2m:[0m[2m149:[0m Creating checkpoint CheckpointDigest(HToFPtvA3FBL8trffgQZicFjkTAknHNjofRut2mLU9Y8) at epoch 1, sequence 415, previous digest Some(CheckpointDigest(HQGuJwmNuRXavjcBCoKikqMrVWhggxdLibEaXGEwaH5W)), transactions count 1, content digest CheckpointContentsDigest(5nNmBc8BP73nqVVcabSnWmbmo6VDQhg7eUY27wYdA57G), end_of_epoch_data None
[2m2025-03-25T07:55:54.287259Z[0m [32m INFO[0m [1mnode[0m[1m{[0m[3mname[0m[2m=[0mk#addeef94..[1m}[0m[2m:[0m [2msui_core::checkpoints::checkpoint_output[0m[2m:[0m [2mcrates/sui-core/src/checkpoints/checkpoint_output.rs[0m[2m:[0m[2m149:[0m Creating checkpoint CheckpointDigest(HToFPtvA3FBL8trffgQZicFjkTAknHNjofRut2mLU9Y8) at epoch 1, sequence 415, previous digest Some(CheckpointDigest(HQGuJwmNuRXavjcBCoKikqMrVWhggxdLibEaXGEwaH5W)), transactions count 1, content digest CheckpointContentsDigest(5nNmBc8BP73nqVVcabSnWmbmo6VDQhg7eUY27wYdA57G), end_of_epoch_data None
[2m2025-03-25T07:55:54.288793Z[0m [32m INFO[0m [1mnode[0m[1m{[0m[3mname[0m[2m=[0mk#8dcff6d1..[1m}[0m[2m:[0m [2msui_core::checkpoints[0m[2m:[0m [2mcrates/sui-core/src/checkpoints/mod.rs[0m[2m:[0m[2m1326:[0m Creating checkpoint(s) for 1 transactions [3mnext_checkpoint_seq[0m[2m=[0m415 [3mcheckpoint_timestamp[0m[2m=[0m1742889353730
[2m2025-03-25T07:55:54.288959Z[0m [32m INFO[0m [1mnode[0m[1m{[0m[3mname[0m[2m=[0mk#8dcff6d1..[1m}[0m[2m:[0m [2msui_core::checkpoints::checkpoint_output[0m[2m:[0m [2mcrates/sui-core/src/checkpoints/checkpoint_output.rs[0m[2m:[0m[2m149:[0m Creating checkpoint CheckpointDigest(HToFPtvA3FBL8trffgQZicFjkTAknHNjofRut2mLU9Y8) at epoch 1, sequence 415, previous digest Some(CheckpointDigest(HQGuJwmNuRXavjcBCoKikqMrVWhggxdLibEaXGEwaH5W)), transactions count 1, content digest CheckpointContentsDigest(5nNmBc8BP73nqVVcabSnWmbmo6VDQhg7eUY27wYdA57G), end_of_epoch_data None
[2m2025-03-25T07:55:54.290438Z[0m [32m INFO[0m [1mnode[0m[1m{[0m[3mname[0m[2m=[0mk#99f25ef6..[1m}[0m[2m:[0m [2msui_core::checkpoints::checkpoint_output[0m[2m:[0m [2mcrates/sui-core/src/checkpoints/checkpoint_output.rs[0m[2m:[0m[2m196:[0m Certified checkpoint with sequence 414 and digest HQGuJwmNuRXavjcBCoKikqMrVWhggxdLibEaXGEwaH5W
[2m2025-03-25T07:55:54.293654Z[0m [32m INFO[0m [1mnode[0m[1m{[0m[3mname[0m[2m=[0mk#99f25ef6..[1m}[0m[2m:[0m [2msui_core::checkpoints::checkpoint_executor[0m[2m:[0m [2mcrates/sui-core/src/checkpoints/checkpoint_executor/mod.rs[0m[2m:[0m[2m332:[0m Received checkpoint summary from state sync [3msequence_number[0m[2m=[0m414
[2m2025-03-25T07:55:54.311268Z[0m [32m INFO[0m [1mnode[0m[1m{[0m[3mname[0m[2m=[0mk#99f25ef6..[1m}[0m[2m:[0m [2msui_core::state_accumulator[0m[2m:[0m [2mcrates/sui-core/src/state_accumulator.rs[0m[2m:[0m[2m675:[0m accumulating running root for checkpoint 414
[2m2025-03-25T07:55:54.353095Z[0m [32m INFO[0m [1mnode[0m[1m{[0m[3mname[0m[2m=[0mk#addeef94..[1m}[0m[2m:[0m [2msui_core::checkpoints::checkpoint_executor[0m[2m:[0m [2mcrates/sui-core/src/checkpoints/checkpoint_executor/mod.rs[0m[2m:[0m[2m332:[0m Received checkpoint summary from state sync [3msequence_number[0m[2m=[0m414
[2m2025-03-25T07:55:54.354462Z[0m [32m INFO[0m [1mnode[0m[1m{[0m[3mname[0m[2m=[0mk#addeef94..[1m}[0m[2m:[0m [2msui_core::state_accumulator[0m[2m:[0m [2mcrates/sui-core/src/state_accumulator.rs[0m[2m:[0m[2m675:[0m accumulating running root for checkpoint 414
[2m2025-03-25T07:55:54.481634Z[0m [32m INFO[0m [2msui_bridge::sui_bridge_watchdog[0m[2m:[0m [2mcrates/sui-bridge/src/sui_bridge_watchdog/mod.rs[0m[2m:[0m[2m47:[0m Running observable EthBridgeStatus
[2m2025-03-25T07:55:54.481634Z[0m [32m INFO[0m [2msui_bridge::sui_bridge_watchdog[0m[2m:[0m [2mcrates/sui-bridge/src/sui_bridge_watchdog/mod.rs[0m[2m:[0m[2m47:[0m Running observable SuiBridgeStatus
[2m2025-03-25T07:55:54.481645Z[0m [32m INFO[0m [2msui_bridge::sui_bridge_watchdog[0m[2m:[0m [2mcrates/sui-bridge/src/sui_bridge_watchdog/mod.rs[0m[2m:[0m[2m47:[0m Running observable EthereumVaultBalance
[2m2025-03-25T07:55:54.481748Z[0m [32m INFO[0m [2msui_bridge::sui_bridge_watchdog[0m[2m:[0m [2mcrates/sui-bridge/src/sui_bridge_watchdog/mod.rs[0m[2m:[0m[2m47:[0m Running observable EthereumVaultBalance
[2m2025-03-25T07:55:54.482337Z[0m [32m INFO[0m [1mobservable[0m[1m{[0m[3mname[0m[2m=[0m"EthereumVaultBalance"[1m}[0m[2m:[0m [2msui_bridge::sui_bridge_watchdog::eth_vault_balance[0m[2m:[0m [2mcrates/sui-bridge/src/sui_bridge_watchdog/eth_vault_balance.rs[0m[2m:[0m[2m98:[0m WETH Vault Balance: 0
[2m2025-03-25T07:55:54.482416Z[0m [32m INFO[0m [1mobservable[0m[1m{[0m[3mname[0m[2m=[0m"EthBridgeStatus"[1m}[0m[2m:[0m [2msui_bridge::sui_bridge_watchdog::eth_bridge_status[0m[2m:[0m [2mcrates/sui-bridge/src/sui_bridge_watchdog/eth_bridge_status.rs[0m[2m:[0m[2m47:[0m Eth Bridge Status: false
[2m2025-03-25T07:55:54.482439Z[0m [32m INFO[0m [1mobservable[0m[1m{[0m[3mname[0m[2m=[0m"EthereumVaultBalance"[1m}[0m[2m:[0m [2msui_bridge::sui_bridge_watchdog::eth_vault_balance[0m[2m:[0m [2mcrates/sui-bridge/src/sui_bridge_watchdog/eth_vault_balance.rs[0m[2m:[0m[2m98:[0m USDT Vault Balance: 10000000000
[2m2025-03-25T07:55:54.492683Z[0m [32m INFO[0m [1mnode[0m[1m{[0m[3mname[0m[2m=[0mk#99f25ef6..[1m}[0m[2m:[0m [2mconsensus_core::core[0m[2m:[0m [2mconsensus/core/src/core.rs[0m[2m:[0m[2m945:[0m Included 3 ancestors & excluded 0 ancestors for proposal in round 215
[2m2025-03-25T07:55:54.493066Z[0m [32m INFO[0m [1mnode[0m[1m{[0m[3mname[0m[2m=[0mk#99f25ef6..[1m}[0m[2m:[0m [2mconsensus_core::core[0m[2m:[0m [2mconsensus/core/src/core.rs[0m[2m:[0m[2m531:[0m Created block B215(B,mtsBw9l/iKF1KhxLhfeoD6nkmGwMPg7PWz2FB9WcySg=)(1742889354492ms;[B214(B,Ti1gu8gWS2ebeNO5gEzWJRfVtge/+NIhXpCZOecKENw=), B214(A,gRdiUSo7IZ8Wi/MuhGL4qeF9izEGuXTp63mpgLPA6aE=), B214(C,kQul8SN8BT/gHuYVTikSLJcvPdCUeJPFpFxg8e/8Sec=)];1t;1c) for round 215
[2m2025-03-25T07:55:54.495021Z[0m [32m INFO[0m [1mnode[0m[1m{[0m[3mname[0m[2m=[0mk#8dcff6d1..[1m}[0m[2m:[0m [2mconsensus_core::core[0m[2m:[0m [2mconsensus/core/src/core.rs[0m[2m:[0m[2m945:[0m Included 3 ancestors & excluded 0 ancestors for proposal in round 215
[2m2025-03-25T07:55:54.495064Z[0m [32m INFO[0m [1mnode[0m[1m{[0m[3mname[0m[2m=[0mk#addeef94..[1m}[0m[2m:[0m [2mconsensus_core::core[0m[2m:[0m [2mconsensus/core/src/core.rs[0m[2m:[0m[2m945:[0m Included 3 ancestors & excluded 0 ancestors for proposal in round 215
[2m2025-03-25T07:55:54.495325Z[0m [32m INFO[0m [1mnode[0m[1m{[0m[3mname[0m[2m=[0mk#8dcff6d1..[1m}[0m[2m:[0m [2mconsensus_core::core[0m[2m:[0m [2mconsensus/core/src/core.rs[0m[2m:[0m[2m531:[0m Created block B215(A,ir2ifdFKuBDgxMlMPJ7AIfjfPJttacBZmmnSth1jkuI=)(1742889354495ms;[B214(A,gRdiUSo7IZ8Wi/MuhGL4qeF9izEGuXTp63mpgLPA6aE=), B214(B,Ti1gu8gWS2ebeNO5gEzWJRfVtge/+NIhXpCZOecKENw=), B214(C,kQul8SN8BT/gHuYVTikSLJcvPdCUeJPFpFxg8e/8Sec=)];1t;1c) for round 215
[2m2025-03-25T07:55:54.495362Z[0m [32m INFO[0m [1mnode[0m[1m{[0m[3mname[0m[2m=[0mk#addeef94..[1m}[0m[2m:[0m [2mconsensus_core::core[0m[2m:[0m [2mconsensus/core/src/core.rs[0m[2m:[0m[2m531:[0m Created block B215(C,AJmnpFpBrN/NkeHM0PJGVtq95f5AO1gUmaj0OG7ZYx8=)(1742889354495ms;[B214(C,kQul8SN8BT/gHuYVTikSLJcvPdCUeJPFpFxg8e/8Sec=), B214(A,gRdiUSo7IZ8Wi/MuhGL4qeF9izEGuXTp63mpgLPA6aE=), B214(B,Ti1gu8gWS2ebeNO5gEzWJRfVtge/+NIhXpCZOecKENw=)];1t;1c) for round 215
[2m2025-03-25T07:55:54.495431Z[0m [32m INFO[0m [1mnode[0m[1m{[0m[3mname[0m[2m=[0mk#addeef94..[1m}[0m[2m:[0m [2mconsensus_core::core[0m[2m:[0m [2mconsensus/core/src/core.rs[0m[2m:[0m[2m630:[0m Committing 1 leaders: B213(C,VC9u)
[2m2025-03-25T07:55:54.495504Z[0m [32m INFO[0m [1mnode[0m[1m{[0m[3mname[0m[2m=[0mk#addeef94..[1m}[0m[2m:[0m [2mconsensus_core::commit_observer[0m[2m:[0m [2mconsensus/core/src/commit_observer.rs[0m[2m:[0m[2m173:[0m Consensus commit C203(chto) with leader B213(C,VC9u) has 3 blocks
[2m2025-03-25T07:55:54.495589Z[0m [32m INFO[0m [1mnode[0m[1m{[0m[3mname[0m[2m=[0mk#addeef94..[1m}[0m[2m:[0m [2msui_core::consensus_handler[0m[2m:[0m [2mcrates/sui-core/src/consensus_handler.rs[0m[2m:[0m[2m232:[0m Received consensus output [3mconsensus_commit[0m[2m=[0mCommittedSubDag(leader=B213(C,VC9u), ref=C203(chto), blocks=[kiWf, PryQ, VC9u]) [3mepoch[0m[2m=[0m1
[2m2025-03-25T07:55:54.498626Z[0m [32m INFO[0m [1mnode[0m[1m{[0m[3mname[0m[2m=[0mk#8dcff6d1..[1m}[0m[2m:[0m [2msui_core::checkpoints::checkpoint_output[0m[2m:[0m [2mcrates/sui-core/src/checkpoints/checkpoint_output.rs[0m[2m:[0m[2m196:[0m Certified checkpoint with sequence 415 and digest HToFPtvA3FBL8trffgQZicFjkTAknHNjofRut2mLU9Y8
[2m2025-03-25T07:55:54.498735Z[0m [32m INFO[0m [1mnode[0m[1m{[0m[3mname[0m[2m=[0mk#8dcff6d1..[1m}[0m[2m:[0m [2mconsensus_core::core[0m[2m:[0m [2mconsensus/core/src/core.rs[0m[2m:[0m[2m630:[0m Committing 1 leaders: B213(C,VC9u)
[2m2025-03-25T07:55:54.498821Z[0m [32m INFO[0m [1mnode[0m[1m{[0m[3mname[0m[2m=[0mk#8dcff6d1..[1m}[0m[2m:[0m [2mconsensus_core::commit_observer[0m[2m:[0m [2mconsensus/core/src/commit_observer.rs[0m[2m:[0m[2m173:[0m Consensus commit C203(chto) with leader B213(C,VC9u) has 3 blocks
[2m2025-03-25T07:55:54.499173Z[0m [32m INFO[0m [1mnode[0m[1m{[0m[3mname[0m[2m=[0mk#99f25ef6..[1m}[0m[2m:[0m [2msui_core::checkpoints::checkpoint_output[0m[2m:[0m [2mcrates/sui-core/src/checkpoints/checkpoint_output.rs[0m[2m:[0m[2m196:[0m Certified checkpoint with sequence 415 and digest HToFPtvA3FBL8trffgQZicFjkTAknHNjofRut2mLU9Y8
[2m2025-03-25T07:55:54.499233Z[0m [32m INFO[0m [1mnode[0m[1m{[0m[3mname[0m[2m=[0mk#8dcff6d1..[1m}[0m[2m:[0m [2msui_core::consensus_handler[0m[2m:[0m [2mcrates/sui-core/src/consensus_handler.rs[0m[2m:[0m[2m232:[0m Received consensus output [3mconsensus_commit[0m[2m=[0mCommittedSubDag(leader=B213(C,VC9u), ref=C203(chto), blocks=[kiWf, PryQ, VC9u]) [3mepoch[0m[2m=[0m1
[2m2025-03-25T07:55:54.499274Z[0m [32m INFO[0m [1mnode[0m[1m{[0m[3mname[0m[2m=[0mk#99f25ef6..[1m}[0m[2m:[0m [2mconsensus_core::core[0m[2m:[0m [2mconsensus/core/src/core.rs[0m[2m:[0m[2m630:[0m Committing 1 leaders: B213(C,VC9u)
[2m2025-03-25T07:55:54.499375Z[0m [32m INFO[0m [1mnode[0m[1m{[0m[3mname[0m[2m=[0mk#99f25ef6..[1m}[0m[2m:[0m [2mconsensus_core::commit_observer[0m[2m:[0m [2mconsensus/core/src/commit_observer.rs[0m[2m:[0m[2m173:[0m Consensus commit C203(chto) with leader B213(C,VC9u) has 3 blocks
[2m2025-03-25T07:55:54.499747Z[0m [32m INFO[0m [1mnode[0m[1m{[0m[3mname[0m[2m=[0mk#99f25ef6..[1m}[0m[2m:[0m [2msui_core::consensus_handler[0m[2m:[0m [2mcrates/sui-core/src/consensus_handler.rs[0m[2m:[0m[2m232:[0m Received consensus output [3mconsensus_commit[0m[2m=[0mCommittedSubDag(leader=B213(C,VC9u), ref=C203(chto), blocks=[kiWf, PryQ, VC9u]) [3mepoch[0m[2m=[0m1
[2m2025-03-25T07:55:54.499794Z[0m [32m INFO[0m [1mnode[0m[1m{[0m[3mname[0m[2m=[0mk#8dcff6d1..[1m}[0m[2m:[0m [2msui_core::checkpoints::checkpoint_executor[0m[2m:[0m [2mcrates/sui-core/src/checkpoints/checkpoint_executor/mod.rs[0m[2m:[0m[2m332:[0m Received checkpoint summary from state sync [3msequence_number[0m[2m=[0m415
[2m2025-03-25T07:55:54.500277Z[0m [32m INFO[0m [1mnode[0m[1m{[0m[3mname[0m[2m=[0mk#99f25ef6..[1m}[0m[2m:[0m [2msui_core::checkpoints::checkpoint_executor[0m[2m:[0m [2mcrates/sui-core/src/checkpoints/checkpoint_executor/mod.rs[0m[2m:[0m[2m332:[0m Received checkpoint summary from state sync [3msequence_number[0m[2m=[0m415
[2m2025-03-25T07:55:54.501321Z[0m [32m INFO[0m [1mnode[0m[1m{[0m[3mname[0m[2m=[0mk#8dcff6d1..[1m}[0m[2m:[0m [2msui_core::state_accumulator[0m[2m:[0m [2mcrates/sui-core/src/state_accumulator.rs[0m[2m:[0m[2m675:[0m accumulating running root for checkpoint 415
[2m2025-03-25T07:55:54.501562Z[0m [32m INFO[0m [1mnode[0m[1m{[0m[3mname[0m[2m=[0mk#99f25ef6..[1m}[0m[2m:[0m [2msui_core::state_accumulator[0m[2m:[0m [2mcrates/sui-core/src/state_accumulator.rs[0m[2m:[0m[2m675:[0m accumulating running root for checkpoint 415
[2m2025-03-25T07:55:54.505790Z[0m [32m INFO[0m [2msui_bridge::eth_syncer[0m[2m:[0m [2mcrates/sui-bridge/src/eth_syncer.rs[0m[2m:[0m[2m120:[0m Observed new finalized eth block: 116
[2m2025-03-25T07:55:54.522276Z[0m [32m INFO[0m [1mnode[0m[1m{[0m[3mname[0m[2m=[0mk#addeef94..[1m}[0m[2m:[0m [2msui_core::checkpoints[0m[2m:[0m [2mcrates/sui-core/src/checkpoints/mod.rs[0m[2m:[0m[2m1326:[0m Creating checkpoint(s) for 2 transactions [3mnext_checkpoint_seq[0m[2m=[0m416 [3mcheckpoint_timestamp[0m[2m=[0m1742889353983
[2m2025-03-25T07:55:54.522578Z[0m [32m INFO[0m [1mnode[0m[1m{[0m[3mname[0m[2m=[0mk#addeef94..[1m}[0m[2m:[0m [2msui_core::checkpoints::checkpoint_output[0m[2m:[0m [2mcrates/sui-core/src/checkpoints/checkpoint_output.rs[0m[2m:[0m[2m149:[0m Creating checkpoint CheckpointDigest(47bGkPqvy4qAkYZqg1rbC8bKAkDnToyDDK67xFynhq2b) at epoch 1, sequence 416, previous digest Some(CheckpointDigest(HToFPtvA3FBL8trffgQZicFjkTAknHNjofRut2mLU9Y8)), transactions count 2, content digest CheckpointContentsDigest(GKJvtPzuvV8nQR2RXKSUmwxPun1pziRRNa1qq3qXJ9Gg), end_of_epoch_data None
[2m2025-03-25T07:55:54.526695Z[0m [32m INFO[0m [1mnode[0m[1m{[0m[3mname[0m[2m=[0mk#addeef94..[1m}[0m[2m:[0m [2msui_core::checkpoints::checkpoint_executor[0m[2m:[0m [2mcrates/sui-core/src/checkpoints/checkpoint_executor/mod.rs[0m[2m:[0m[2m332:[0m Received checkpoint summary from state sync [3msequence_number[0m[2m=[0m415
[2m2025-03-25T07:55:54.526727Z[0m [32m INFO[0m [1mnode[0m[1m{[0m[3mname[0m[2m=[0mk#8dcff6d1..[1m}[0m[2m:[0m [2msui_core::checkpoints[0m[2m:[0m [2mcrates/sui-core/src/checkpoints/mod.rs[0m[2m:[0m[2m1326:[0m Creating checkpoint(s) for 2 transactions [3mnext_checkpoint_seq[0m[2m=[0m416 [3mcheckpoint_timestamp[0m[2m=[0m1742889353983
[2m2025-03-25T07:55:54.526847Z[0m [32m INFO[0m [1mnode[0m[1m{[0m[3mname[0m[2m=[0mk#99f25ef6..[1m}[0m[2m:[0m [2msui_core::checkpoints[0m[2m:[0m [2mcrates/sui-core/src/checkpoints/mod.rs[0m[2m:[0m[2m1326:[0m Creating checkpoint(s) for 2 transactions [3mnext_checkpoint_seq[0m[2m=[0m416 [3mcheckpoint_timestamp[0m[2m=[0m1742889353983
[2m2025-03-25T07:55:54.526989Z[0m [32m INFO[0m [1mnode[0m[1m{[0m[3mname[0m[2m=[0mk#8dcff6d1..[1m}[0m[2m:[0m [2msui_core::checkpoints::checkpoint_output[0m[2m:[0m [2mcrates/sui-core/src/checkpoints/checkpoint_output.rs[0m[2m:[0m[2m149:[0m Creating checkpoint CheckpointDigest(47bGkPqvy4qAkYZqg1rbC8bKAkDnToyDDK67xFynhq2b) at epoch 1, sequence 416, previous digest Some(CheckpointDigest(HToFPtvA3FBL8trffgQZicFjkTAknHNjofRut2mLU9Y8)), transactions count 2, content digest CheckpointContentsDigest(GKJvtPzuvV8nQR2RXKSUmwxPun1pziRRNa1qq3qXJ9Gg), end_of_epoch_data None
[2m2025-03-25T07:55:54.527094Z[0m [32m INFO[0m [1mnode[0m[1m{[0m[3mname[0m[2m=[0mk#99f25ef6..[1m}[0m[2m:[0m [2msui_core::checkpoints::checkpoint_output[0m[2m:[0m [2mcrates/sui-core/src/checkpoints/checkpoint_output.rs[0m[2m:[0m[2m149:[0m Creating checkpoint CheckpointDigest(47bGkPqvy4qAkYZqg1rbC8bKAkDnToyDDK67xFynhq2b) at epoch 1, sequence 416, previous digest Some(CheckpointDigest(HToFPtvA3FBL8trffgQZicFjkTAknHNjofRut2mLU9Y8)), transactions count 2, content digest CheckpointContentsDigest(GKJvtPzuvV8nQR2RXKSUmwxPun1pziRRNa1qq3qXJ9Gg), end_of_epoch_data None
[2m2025-03-25T07:55:54.527505Z[0m [32m INFO[0m [1mnode[0m[1m{[0m[3mname[0m[2m=[0mk#addeef94..[1m}[0m[2m:[0m [2msui_core::state_accumulator[0m[2m:[0m [2mcrates/sui-core/src/state_accumulator.rs[0m[2m:[0m[2m675:[0m accumulating running root for checkpoint 415
[2m2025-03-25T07:55:54.746968Z[0m [32m INFO[0m [1mnode[0m[1m{[0m[3mname[0m[2m=[0mk#addeef94..[1m}[0m[2m:[0m [2mconsensus_core::core[0m[2m:[0m [2mconsensus/core/src/core.rs[0m[2m:[0m[2m945:[0m Included 3 ancestors & excluded 0 ancestors for proposal in round 216
[2m2025-03-25T07:55:54.747355Z[0m [32m INFO[0m [1mnode[0m[1m{[0m[3mname[0m[2m=[0mk#addeef94..[1m}[0m[2m:[0m [2mconsensus_core::core[0m[2m:[0m [2mconsensus/core/src/core.rs[0m[2m:[0m[2m531:[0m Created block B216(C,7r2aTpHd9g9aJMExm6mR6aC2pgdCZbEdmIgMSKwAA+s=)(1742889354747ms;[B215(C,AJmnpFpBrN/NkeHM0PJGVtq95f5AO1gUmaj0OG7ZYx8=), B215(A,ir2ifdFKuBDgxMlMPJ7AIfjfPJttacBZmmnSth1jkuI=), B215(B,mtsBw9l/iKF1KhxLhfeoD6nkmGwMPg7PWz2FB9WcySg=)];1t;1c) for round 216
[2m2025-03-25T07:55:54.750371Z[0m [32m INFO[0m [1mnode[0m[1m{[0m[3mname[0m[2m=[0mk#8dcff6d1..[1m}[0m[2m:[0m [2mconsensus_core::core[0m[2m:[0m [2mconsensus/core/src/core.rs[0m[2m:[0m[2m945:[0m Included 3 ancestors & excluded 0 ancestors for proposal in round 216
[2m2025-03-25T07:55:54.750650Z[0m [32m INFO[0m [1mnode[0m[1m{[0m[3mname[0m[2m=[0mk#8dcff6d1..[1m}[0m[2m:[0m [2mconsensus_core::core[0m[2m:[0m [2mconsensus/core/src/core.rs[0m[2m:[0m[2m531:[0m Created block B216(A,1mBhqcC59Aea0VIesiI0+fXJ0a25LZ3DNv4FXFIXB7o=)(1742889354750ms;[B215(A,ir2ifdFKuBDgxMlMPJ7AIfjfPJttacBZmmnSth1jkuI=), B215(B,mtsBw9l/iKF1KhxLhfeoD6nkmGwMPg7PWz2FB9WcySg=), B215(C,AJmnpFpBrN/NkeHM0PJGVtq95f5AO1gUmaj0OG7ZYx8=)];1t;1c) for round 216
[2m2025-03-25T07:55:54.750664Z[0m [32m INFO[0m [1mnode[0m[1m{[0m[3mname[0m[2m=[0mk#99f25ef6..[1m}[0m[2m:[0m [2mconsensus_core::core[0m[2m:[0m [2mconsensus/core/src/core.rs[0m[2m:[0m[2m945:[0m Included 3 ancestors & excluded 0 ancestors for proposal in round 216
[2m2025-03-25T07:55:54.750717Z[0m [32m INFO[0m [1mnode[0m[1m{[0m[3mname[0m[2m=[0mk#8dcff6d1..[1m}[0m[2m:[0m [2mconsensus_core::core[0m[2m:[0m [2mconsensus/core/src/core.rs[0m[2m:[0m[2m630:[0m Committing 1 leaders: B214(C,kQul)
[2m2025-03-25T07:55:54.750786Z[0m [32m INFO[0m [1mnode[0m[1m{[0m[3mname[0m[2m=[0mk#8dcff6d1..[1m}[0m[2m:[0m [2mconsensus_core::commit_observer[0m[2m:[0m [2mconsensus/core/src/commit_observer.rs[0m[2m:[0m[2m173:[0m Consensus commit C204(oewA) with leader B214(C,kQul) has 3 blocks
[2m2025-03-25T07:55:54.750872Z[0m [32m INFO[0m [1mnode[0m[1m{[0m[3mname[0m[2m=[0mk#8dcff6d1..[1m}[0m[2m:[0m [2msui_core::consensus_handler[0m[2m:[0m [2mcrates/sui-core/src/consensus_handler.rs[0m[2m:[0m[2m232:[0m Received consensus output [3mconsensus_commit[0m[2m=[0mCommittedSubDag(leader=B214(C,kQul), ref=C204(oewA), blocks=[aJkD, SBL4, kQul]) [3mepoch[0m[2m=[0m1
[2m2025-03-25T07:55:54.750941Z[0m [32m INFO[0m [1mnode[0m[1m{[0m[3mname[0m[2m=[0mk#99f25ef6..[1m}[0m[2m:[0m [2mconsensus_core::core[0m[2m:[0m [2mconsensus/core/src/core.rs[0m[2m:[0m[2m531:[0m Created block B216(B,gUvO9U5oOOf7JlN+Bzsjq9jwtvZgTD+Ix5/VWjSJeIk=)(1742889354750ms;[B215(B,mtsBw9l/iKF1KhxLhfeoD6nkmGwMPg7PWz2FB9WcySg=), B215(A,ir2ifdFKuBDgxMlMPJ7AIfjfPJttacBZmmnSth1jkuI=), B215(C,AJmnpFpBrN/NkeHM0PJGVtq95f5AO1gUmaj0OG7ZYx8=)];1t;1c) for round 216
[2m2025-03-25T07:55:54.751003Z[0m [32m INFO[0m [1mnode[0m[1m{[0m[3mname[0m[2m=[0mk#99f25ef6..[1m}[0m[2m:[0m [2mconsensus_core::core[0m[2m:[0m [2mconsensus/core/src/core.rs[0m[2m:[0m[2m630:[0m Committing 1 leaders: B214(C,kQul)
[2m2025-03-25T07:55:54.751064Z[0m [32m INFO[0m [1mnode[0m[1m{[0m[3mname[0m[2m=[0mk#99f25ef6..[1m}[0m[2m:[0m [2mconsensus_core::commit_observer[0m[2m:[0m [2mconsensus/core/src/commit_observer.rs[0m[2m:[0m[2m173:[0m Consensus commit C204(oewA) with leader B214(C,kQul) has 3 blocks
[2m2025-03-25T07:55:54.751140Z[0m [32m INFO[0m [1mnode[0m[1m{[0m[3mname[0m[2m=[0mk#99f25ef6..[1m}[0m[2m:[0m [2msui_core::consensus_handler[0m[2m:[0m [2mcrates/sui-core/src/consensus_handler.rs[0m[2m:[0m[2m232:[0m Received consensus output [3mconsensus_commit[0m[2m=[0mCommittedSubDag(leader=B214(C,kQul), ref=C204(oewA), blocks=[aJkD, SBL4, kQul]) [3mepoch[0m[2m=[0m1
[2m2025-03-25T07:55:54.753261Z[0m [32m INFO[0m [1mnode[0m[1m{[0m[3mname[0m[2m=[0mk#addeef94..[1m}[0m[2m:[0m [2mconsensus_core::core[0m[2m:[0m [2mconsensus/core/src/core.rs[0m[2m:[0m[2m630:[0m Committing 1 leaders: B214(C,kQul)
[2m2025-03-25T07:55:54.753353Z[0m [32m INFO[0m [1mnode[0m[1m{[0m[3mname[0m[2m=[0mk#addeef94..[1m}[0m[2m:[0m [2mconsensus_core::commit_observer[0m[2m:[0m [2mconsensus/core/src/commit_observer.rs[0m[2m:[0m[2m173:[0m Consensus commit C204(oewA) with leader B214(C,kQul) has 3 blocks
[2m2025-03-25T07:55:54.753428Z[0m [32m INFO[0m [1mnode[0m[1m{[0m[3mname[0m[2m=[0mk#addeef94..[1m}[0m[2m:[0m [2msui_core::consensus_handler[0m[2m:[0m [2mcrates/sui-core/src/consensus_handler.rs[0m[2m:[0m[2m232:[0m Received consensus output [3mconsensus_commit[0m[2m=[0mCommittedSubDag(leader=B214(C,kQul), ref=C204(oewA), blocks=[aJkD, SBL4, kQul]) [3mepoch[0m[2m=[0m1
[2m2025-03-25T07:55:54.795747Z[0m [32m INFO[0m [1mnode[0m[1m{[0m[3mname[0m[2m=[0mk#8dcff6d1..[1m}[0m[2m:[0m [2msui_core::checkpoints[0m[2m:[0m [2mcrates/sui-core/src/checkpoints/mod.rs[0m[2m:[0m[2m1326:[0m Creating checkpoint(s) for 1 transactions [3mnext_checkpoint_seq[0m[2m=[0m417 [3mcheckpoint_timestamp[0m[2m=[0m1742889354239
[2m2025-03-25T07:55:54.795747Z[0m [32m INFO[0m [1mnode[0m[1m{[0m[3mname[0m[2m=[0mk#99f25ef6..[1m}[0m[2m:[0m [2msui_core::checkpoints[0m[2m:[0m [2mcrates/sui-core/src/checkpoints/mod.rs[0m[2m:[0m[2m1326:[0m Creating checkpoint(s) for 1 transactions [3mnext_checkpoint_seq[0m[2m=[0m417 [3mcheckpoint_timestamp[0m[2m=[0m1742889354239
[2m2025-03-25T07:55:54.795973Z[0m [32m INFO[0m [1mnode[0m[1m{[0m[3mname[0m[2m=[0mk#99f25ef6..[1m}[0m[2m:[0m [2msui_core::checkpoints::checkpoint_output[0m[2m:[0m [2mcrates/sui-core/src/checkpoints/checkpoint_output.rs[0m[2m:[0m[2m149:[0m Creating checkpoint CheckpointDigest(JDNVozEqNmjKRv1usLt5n4XE1C4RPqPo5xxx1ectKyXo) at epoch 1, sequence 417, previous digest Some(CheckpointDigest(47bGkPqvy4qAkYZqg1rbC8bKAkDnToyDDK67xFynhq2b)), transactions count 1, content digest CheckpointContentsDigest(DFU3k1DPpKBckPX4cqpwbxm9ULAcivcq3yTZx4jRfkFo), end_of_epoch_data None
[2m2025-03-25T07:55:54.795973Z[0m [32m INFO[0m [1mnode[0m[1m{[0m[3mname[0m[2m=[0mk#8dcff6d1..[1m}[0m[2m:[0m [2msui_core::checkpoints::checkpoint_output[0m[2m:[0m [2mcrates/sui-core/src/checkpoints/checkpoint_output.rs[0m[2m:[0m[2m149:[0m Creating checkpoint CheckpointDigest(JDNVozEqNmjKRv1usLt5n4XE1C4RPqPo5xxx1ectKyXo) at epoch 1, sequence 417, previous digest Some(CheckpointDigest(47bGkPqvy4qAkYZqg1rbC8bKAkDnToyDDK67xFynhq2b)), transactions count 1, content digest CheckpointContentsDigest(DFU3k1DPpKBckPX4cqpwbxm9ULAcivcq3yTZx4jRfkFo), end_of_epoch_data None
[2m2025-03-25T07:55:54.797362Z[0m [32m INFO[0m [1mnode[0m[1m{[0m[3mname[0m[2m=[0mk#addeef94..[1m}[0m[2m:[0m [2msui_core::checkpoints[0m[2m:[0m [2mcrates/sui-core/src/checkpoints/mod.rs[0m[2m:[0m[2m1326:[0m Creating checkpoint(s) for 1 transactions [3mnext_checkpoint_seq[0m[2m=[0m417 [3mcheckpoint_timestamp[0m[2m=[0m1742889354239
[2m2025-03-25T07:55:54.797534Z[0m [32m INFO[0m [1mnode[0m[1m{[0m[3mname[0m[2m=[0mk#addeef94..[1m}[0m[2m:[0m [2msui_core::checkpoints::checkpoint_output[0m[2m:[0m [2mcrates/sui-core/src/checkpoints/checkpoint_output.rs[0m[2m:[0m[2m149:[0m Creating checkpoint CheckpointDigest(JDNVozEqNmjKRv1usLt5n4XE1C4RPqPo5xxx1ectKyXo) at epoch 1, sequence 417, previous digest Some(CheckpointDigest(47bGkPqvy4qAkYZqg1rbC8bKAkDnToyDDK67xFynhq2b)), transactions count 1, content digest CheckpointContentsDigest(DFU3k1DPpKBckPX4cqpwbxm9ULAcivcq3yTZx4jRfkFo), end_of_epoch_data None
[2m2025-03-25T07:55:54.799107Z[0m [32m INFO[0m [1mnode[0m[1m{[0m[3mname[0m[2m=[0mk#8dcff6d1..[1m}[0m[2m:[0m [2msui_core::checkpoints::checkpoint_output[0m[2m:[0m [2mcrates/sui-core/src/checkpoints/checkpoint_output.rs[0m[2m:[0m[2m196:[0m Certified checkpoint with sequence 416 and digest 47bGkPqvy4qAkYZqg1rbC8bKAkDnToyDDK67xFynhq2b
[2m2025-03-25T07:55:54.799120Z[0m [32m INFO[0m [1mnode[0m[1m{[0m[3mname[0m[2m=[0mk#99f25ef6..[1m}[0m[2m:[0m [2msui_core::checkpoints::checkpoint_output[0m[2m:[0m [2mcrates/sui-core/src/checkpoints/checkpoint_output.rs[0m[2m:[0m[2m196:[0m Certified checkpoint with sequence 416 and digest 47bGkPqvy4qAkYZqg1rbC8bKAkDnToyDDK67xFynhq2b
[2m2025-03-25T07:55:54.802692Z[0m [32m INFO[0m [1mnode[0m[1m{[0m[3mname[0m[2m=[0mk#8dcff6d1..[1m}[0m[2m:[0m [2msui_core::checkpoints::checkpoint_executor[0m[2m:[0m [2mcrates/sui-core/src/checkpoints/checkpoint_executor/mod.rs[0m[2m:[0m[2m332:[0m Received checkpoint summary from state sync [3msequence_number[0m[2m=[0m416
[2m2025-03-25T07:55:54.819926Z[0m [32m INFO[0m [1mnode[0m[1m{[0m[3mname[0m[2m=[0mk#99f25ef6..[1m}[0m[2m:[0m [2msui_core::checkpoints::checkpoint_executor[0m[2m:[0m [2mcrates/sui-core/src/checkpoints/checkpoint_executor/mod.rs[0m[2m:[0m[2m332:[0m Received checkpoint summary from state sync [3msequence_number[0m[2m=[0m416
[2m2025-03-25T07:55:54.820712Z[0m [32m INFO[0m [1mnode[0m[1m{[0m[3mname[0m[2m=[0mk#8dcff6d1..[1m}[0m[2m:[0m [2msui_core::state_accumulator[0m[2m:[0m [2mcrates/sui-core/src/state_accumulator.rs[0m[2m:[0m[2m675:[0m accumulating running root for checkpoint 416
[2m2025-03-25T07:55:54.821414Z[0m [32m INFO[0m [1mnode[0m[1m{[0m[3mname[0m[2m=[0mk#99f25ef6..[1m}[0m[2m:[0m [2msui_core::state_accumulator[0m[2m:[0m [2mcrates/sui-core/src/state_accumulator.rs[0m[2m:[0m[2m675:[0m accumulating running root for checkpoint 416
[2m2025-03-25T07:55:54.866391Z[0m [32m INFO[0m [1mnode[0m[1m{[0m[3mname[0m[2m=[0mk#addeef94..[1m}[0m[2m:[0m [2msui_core::checkpoints::checkpoint_executor[0m[2m:[0m [2mcrates/sui-core/src/checkpoints/checkpoint_executor/mod.rs[0m[2m:[0m[2m332:[0m Received checkpoint summary from state sync [3msequence_number[0m[2m=[0m416
[2m2025-03-25T07:55:54.867689Z[0m [32m INFO[0m [1mnode[0m[1m{[0m[3mname[0m[2m=[0mk#addeef94..[1m}[0m[2m:[0m [2msui_core::state_accumulator[0m[2m:[0m [2mcrates/sui-core/src/state_accumulator.rs[0m[2m:[0m[2m675:[0m accumulating running root for checkpoint 416
[2m2025-03-25T07:55:54.920590Z[0m [32m INFO[0m [2msui_bridge::sui_bridge_watchdog[0m[2m:[0m [2mcrates/sui-bridge/src/sui_bridge_watchdog/mod.rs[0m[2m:[0m[2m47:[0m Running observable EthereumVaultBalance
[2m2025-03-25T07:55:54.920596Z[0m [32m INFO[0m [2msui_bridge::sui_bridge_watchdog[0m[2m:[0m [2mcrates/sui-bridge/src/sui_bridge_watchdog/mod.rs[0m[2m:[0m[2m47:[0m Running observable EthereumVaultBalance
[2m2025-03-25T07:55:54.920607Z[0m [32m INFO[0m [2msui_bridge::sui_bridge_watchdog[0m[2m:[0m [2mcrates/sui-bridge/src/sui_bridge_watchdog/mod.rs[0m[2m:[0m[2m47:[0m Running observable EthBridgeStatus
[2m2025-03-25T07:55:54.920686Z[0m [32m INFO[0m [2msui_bridge::sui_bridge_watchdog[0m[2m:[0m [2mcrates/sui-bridge/src/sui_bridge_watchdog/mod.rs[0m[2m:[0m[2m47:[0m Running observable SuiBridgeStatus
[2m2025-03-25T07:55:54.921195Z[0m [32m INFO[0m [1mobservable[0m[1m{[0m[3mname[0m[2m=[0m"EthereumVaultBalance"[1m}[0m[2m:[0m [2msui_bridge::sui_bridge_watchdog::eth_vault_balance[0m[2m:[0m [2mcrates/sui-bridge/src/sui_bridge_watchdog/eth_vault_balance.rs[0m[2m:[0m[2m98:[0m USDT Vault Balance: 10000000000
[2m2025-03-25T07:55:54.921270Z[0m [32m INFO[0m [1mobservable[0m[1m{[0m[3mname[0m[2m=[0m"EthBridgeStatus"[1m}[0m[2m:[0m [2msui_bridge::sui_bridge_watchdog::eth_bridge_status[0m[2m:[0m [2mcrates/sui-bridge/src/sui_bridge_watchdog/eth_bridge_status.rs[0m[2m:[0m[2m47:[0m Eth Bridge Status: false
[2m2025-03-25T07:55:54.921299Z[0m [32m INFO[0m [1mobservable[0m[1m{[0m[3mname[0m[2m=[0m"EthereumVaultBalance"[1m}[0m[2m:[0m [2msui_bridge::sui_bridge_watchdog::eth_vault_balance[0m[2m:[0m [2mcrates/sui-bridge/src/sui_bridge_watchdog/eth_vault_balance.rs[0m[2m:[0m[2m98:[0m WETH Vault Balance: 0
[2m2025-03-25T07:55:54.942995Z[0m [32m INFO[0m [2msui_bridge::sui_bridge_watchdog[0m[2m:[0m [2mcrates/sui-bridge/src/sui_bridge_watchdog/mod.rs[0m[2m:[0m[2m47:[0m Running observable SuiBridgeStatus
[2m2025-03-25T07:55:54.943022Z[0m [32m INFO[0m [2msui_bridge::sui_bridge_watchdog[0m[2m:[0m [2mcrates/sui-bridge/src/sui_bridge_watchdog/mod.rs[0m[2m:[0m[2m47:[0m Running observable EthBridgeStatus
[2m2025-03-25T07:55:54.943030Z[0m [32m INFO[0m [2msui_bridge::sui_bridge_watchdog[0m[2m:[0m [2mcrates/sui-bridge/src/sui_bridge_watchdog/mod.rs[0m[2m:[0m[2m47:[0m Running observable EthereumVaultBalance
[2m2025-03-25T07:55:54.943065Z[0m [32m INFO[0m [2msui_bridge::sui_bridge_watchdog[0m[2m:[0m [2mcrates/sui-bridge/src/sui_bridge_watchdog/mod.rs[0m[2m:[0m[2m47:[0m Running observable EthereumVaultBalance
[2m2025-03-25T07:55:54.943284Z[0m [32m INFO[0m [1mobservable[0m[1m{[0m[3mname[0m[2m=[0m"EthBridgeStatus"[1m}[0m[2m:[0m [2msui_bridge::sui_bridge_watchdog::eth_bridge_status[0m[2m:[0m [2mcrates/sui-bridge/src/sui_bridge_watchdog/eth_bridge_status.rs[0m[2m:[0m[2m47:[0m Eth Bridge Status: false
[2m2025-03-25T07:55:54.943286Z[0m [32m INFO[0m [1mobservable[0m[1m{[0m[3mname[0m[2m=[0m"EthereumVaultBalance"[1m}[0m[2m:[0m [2msui_bridge::sui_bridge_watchdog::eth_vault_balance[0m[2m:[0m [2mcrates/sui-bridge/src/sui_bridge_watchdog/eth_vault_balance.rs[0m[2m:[0m[2m98:[0m WETH Vault Balance: 0
[2m2025-03-25T07:55:54.943317Z[0m [32m INFO[0m [1mobservable[0m[1m{[0m[3mname[0m[2m=[0m"EthereumVaultBalance"[1m}[0m[2m:[0m [2msui_bridge::sui_bridge_watchdog::eth_vault_balance[0m[2m:[0m [2mcrates/sui-bridge/src/sui_bridge_watchdog/eth_vault_balance.rs[0m[2m:[0m[2m98:[0m USDT Vault Balance: 10000000000
[2m2025-03-25T07:55:54.977327Z[0m [32m INFO[0m [1mnode[0m[1m{[0m[3mname[0m[2m=[0mk#b3f3cbb4..[1m}[0m[2m:[0m[1mjson-rpc-request[0m[2m:[0m[1mdev_inspect_transaction_block[0m[1m{[0m[3msender_address[0m[2m=[0m0x0000000000000000000000000000000000000000000000000000000000000000 [3mtx_bytes[0m[2m=[0mBase64("AAMBAQAAAAAAAAAAAAAAAAAAAAAAAAAAAAAAAAAAAAAAAAAJAQAAAAAAAAABAAEMAAgAAAAAAAAAAAEAAAAAAAAAAAAAAAAAAAAAAAAAAAAAAAAAAAAAAAAAAAsGYnJpZGdlIGdldF90b2tlbl90cmFuc2Zlcl9hY3Rpb25fc3RhdHVzAAMBAAABAQABAgA=") [3mgas_price[0m[2m=[0mNone [3m_epoch[0m[2m=[0mNone [3madditional_args[0m[2m=[0mNone[1m}[0m[2m:[0m [2msui_json_rpc::transaction_execution_api[0m[2m:[0m [2mcrates/sui-json-rpc/src/transaction_execution_api.rs[0m[2m:[0m[2m351:[0m RPC took longer than threshold to complete. [3melapsed[0m[2m=[0m1.531246292s
[2m2025-03-25T07:55:54.978169Z[0m [32m INFO[0m [1mhandle_execution_task[0m[1m{[0m[3maction_key[0m[2m=[0mBridgeActionKey(0,12,0) [3mattempt_times[0m[2m=[0m0[1m}[0m[2m:[0m [2msui_bridge::action_executor[0m[2m:[0m [2mcrates/sui-bridge/src/action_executor.rs[0m[2m:[0m[2m500:[0m Building Sui transaction
[2m2025-03-25T07:55:55.002743Z[0m [32m INFO[0m [1mnode[0m[1m{[0m[3mname[0m[2m=[0mk#99f25ef6..[1m}[0m[2m:[0m [2mconsensus_core::core[0m[2m:[0m [2mconsensus/core/src/core.rs[0m[2m:[0m[2m945:[0m Included 3 ancestors & excluded 0 ancestors for proposal in round 217
[2m2025-03-25T07:55:55.003108Z[0m [32m INFO[0m [1mnode[0m[1m{[0m[3mname[0m[2m=[0mk#99f25ef6..[1m}[0m[2m:[0m [2mconsensus_core::core[0m[2m:[0m [2mconsensus/core/src/core.rs[0m[2m:[0m[2m531:[0m Created block B217(B,fTF2HKBNjG4zVAadlmshrgpPUKvELdVy19YUDPd+mJA=)(1742889355002ms;[B216(B,gUvO9U5oOOf7JlN+Bzsjq9jwtvZgTD+Ix5/VWjSJeIk=), B216(A,1mBhqcC59Aea0VIesiI0+fXJ0a25LZ3DNv4FXFIXB7o=), B216(C,7r2aTpHd9g9aJMExm6mR6aC2pgdCZbEdmIgMSKwAA+s=)];1t;1c) for round 217
[2m2025-03-25T07:55:55.004762Z[0m [32m INFO[0m [1mnode[0m[1m{[0m[3mname[0m[2m=[0mk#8dcff6d1..[1m}[0m[2m:[0m [2mconsensus_core::core[0m[2m:[0m [2mconsensus/core/src/core.rs[0m[2m:[0m[2m945:[0m Included 3 ancestors & excluded 0 ancestors for proposal in round 217
[2m2025-03-25T07:55:55.005052Z[0m [32m INFO[0m [1mnode[0m[1m{[0m[3mname[0m[2m=[0mk#8dcff6d1..[1m}[0m[2m:[0m [2mconsensus_core::core[0m[2m:[0m [2mconsensus/core/src/core.rs[0m[2m:[0m[2m531:[0m Created block B217(A,7/8y2Mt9r2e9UCbz7QH4utDZpx/31/oREI9ycMct0Uk=)(1742889355004ms;[B216(A,1mBhqcC59Aea0VIesiI0+fXJ0a25LZ3DNv4FXFIXB7o=), B216(B,gUvO9U5oOOf7JlN+Bzsjq9jwtvZgTD+Ix5/VWjSJeIk=), B216(C,7r2aTpHd9g9aJMExm6mR6aC2pgdCZbEdmIgMSKwAA+s=)];1t;1c) for round 217
[2m2025-03-25T07:55:55.005110Z[0m [32m INFO[0m [1mnode[0m[1m{[0m[3mname[0m[2m=[0mk#addeef94..[1m}[0m[2m:[0m [2mconsensus_core::core[0m[2m:[0m [2mconsensus/core/src/core.rs[0m[2m:[0m[2m945:[0m Included 3 ancestors & excluded 0 ancestors for proposal in round 217
[2m2025-03-25T07:55:55.005408Z[0m [32m INFO[0m [1mnode[0m[1m{[0m[3mname[0m[2m=[0mk#addeef94..[1m}[0m[2m:[0m [2mconsensus_core::core[0m[2m:[0m [2mconsensus/core/src/core.rs[0m[2m:[0m[2m531:[0m Created block B217(C,yLvh2gO2/iGCtX9MJ0Y+xYlW3eh7Z2GgOfXGYdu67eA=)(1742889355005ms;[B216(C,7r2aTpHd9g9aJMExm6mR6aC2pgdCZbEdmIgMSKwAA+s=), B216(A,1mBhqcC59Aea0VIesiI0+fXJ0a25LZ3DNv4FXFIXB7o=), B216(B,gUvO9U5oOOf7JlN+Bzsjq9jwtvZgTD+Ix5/VWjSJeIk=)];1t;1c) for round 217
[2m2025-03-25T07:55:55.005482Z[0m [32m INFO[0m [1mnode[0m[1m{[0m[3mname[0m[2m=[0mk#addeef94..[1m}[0m[2m:[0m [2mconsensus_core::core[0m[2m:[0m [2mconsensus/core/src/core.rs[0m[2m:[0m[2m630:[0m Committing 1 leaders: B215(C,AJmn)
[2m2025-03-25T07:55:55.005553Z[0m [32m INFO[0m [1mnode[0m[1m{[0m[3mname[0m[2m=[0mk#addeef94..[1m}[0m[2m:[0m [2mconsensus_core::commit_observer[0m[2m:[0m [2mconsensus/core/src/commit_observer.rs[0m[2m:[0m[2m173:[0m Consensus commit C205(4Hhx) with leader B215(C,AJmn) has 3 blocks
[2m2025-03-25T07:55:55.005641Z[0m [32m INFO[0m [1mnode[0m[1m{[0m[3mname[0m[2m=[0mk#addeef94..[1m}[0m[2m:[0m [2msui_core::consensus_handler[0m[2m:[0m [2mcrates/sui-core/src/consensus_handler.rs[0m[2m:[0m[2m232:[0m Received consensus output [3mconsensus_commit[0m[2m=[0mCommittedSubDag(leader=B215(C,AJmn), ref=C205(4Hhx), blocks=[gRdi, Ti1g, AJmn]) [3mepoch[0m[2m=[0m1
[2m2025-03-25T07:55:55.008654Z[0m [32m INFO[0m [1mnode[0m[1m{[0m[3mname[0m[2m=[0mk#8dcff6d1..[1m}[0m[2m:[0m [2msui_core::checkpoints::checkpoint_output[0m[2m:[0m [2mcrates/sui-core/src/checkpoints/checkpoint_output.rs[0m[2m:[0m[2m196:[0m Certified checkpoint with sequence 417 and digest JDNVozEqNmjKRv1usLt5n4XE1C4RPqPo5xxx1ectKyXo
[2m2025-03-25T07:55:55.008761Z[0m [32m INFO[0m [1mnode[0m[1m{[0m[3mname[0m[2m=[0mk#8dcff6d1..[1m}[0m[2m:[0m [2mconsensus_core::core[0m[2m:[0m [2mconsensus/core/src/core.rs[0m[2m:[0m[2m630:[0m Committing 1 leaders: B215(C,AJmn)
[2m2025-03-25T07:55:55.008860Z[0m [32m INFO[0m [1mnode[0m[1m{[0m[3mname[0m[2m=[0mk#8dcff6d1..[1m}[0m[2m:[0m [2mconsensus_core::commit_observer[0m[2m:[0m [2mconsensus/core/src/commit_observer.rs[0m[2m:[0m[2m173:[0m Consensus commit C205(4Hhx) with leader B215(C,AJmn) has 3 blocks
[2m2025-03-25T07:55:55.009052Z[0m [32m INFO[0m [1mnode[0m[1m{[0m[3mname[0m[2m=[0mk#99f25ef6..[1m}[0m[2m:[0m [2msui_core::checkpoints::checkpoint_output[0m[2m:[0m [2mcrates/sui-core/src/checkpoints/checkpoint_output.rs[0m[2m:[0m[2m196:[0m Certified checkpoint with sequence 417 and digest JDNVozEqNmjKRv1usLt5n4XE1C4RPqPo5xxx1ectKyXo
[2m2025-03-25T07:55:55.009148Z[0m [32m INFO[0m [1mnode[0m[1m{[0m[3mname[0m[2m=[0mk#99f25ef6..[1m}[0m[2m:[0m [2mconsensus_core::core[0m[2m:[0m [2mconsensus/core/src/core.rs[0m[2m:[0m[2m630:[0m Committing 1 leaders: B215(C,AJmn)
[2m2025-03-25T07:55:55.009249Z[0m [32m INFO[0m [1mnode[0m[1m{[0m[3mname[0m[2m=[0mk#99f25ef6..[1m}[0m[2m:[0m [2mconsensus_core::commit_observer[0m[2m:[0m [2mconsensus/core/src/commit_observer.rs[0m[2m:[0m[2m173:[0m Consensus commit C205(4Hhx) with leader B215(C,AJmn) has 3 blocks
[2m2025-03-25T07:55:55.009279Z[0m [32m INFO[0m [1mnode[0m[1m{[0m[3mname[0m[2m=[0mk#8dcff6d1..[1m}[0m[2m:[0m [2msui_core::consensus_handler[0m[2m:[0m [2mcrates/sui-core/src/consensus_handler.rs[0m[2m:[0m[2m232:[0m Received consensus output [3mconsensus_commit[0m[2m=[0mCommittedSubDag(leader=B215(C,AJmn), ref=C205(4Hhx), blocks=[gRdi, Ti1g, AJmn]) [3mepoch[0m[2m=[0m1
[2m2025-03-25T07:55:55.009621Z[0m [32m INFO[0m [1mnode[0m[1m{[0m[3mname[0m[2m=[0mk#99f25ef6..[1m}[0m[2m:[0m [2msui_core::consensus_handler[0m[2m:[0m [2mcrates/sui-core/src/consensus_handler.rs[0m[2m:[0m[2m232:[0m Received consensus output [3mconsensus_commit[0m[2m=[0mCommittedSubDag(leader=B215(C,AJmn), ref=C205(4Hhx), blocks=[gRdi, Ti1g, AJmn]) [3mepoch[0m[2m=[0m1
[2m2025-03-25T07:55:55.009857Z[0m [32m INFO[0m [1mnode[0m[1m{[0m[3mname[0m[2m=[0mk#8dcff6d1..[1m}[0m[2m:[0m [2msui_core::checkpoints::checkpoint_executor[0m[2m:[0m [2mcrates/sui-core/src/checkpoints/checkpoint_executor/mod.rs[0m[2m:[0m[2m332:[0m Received checkpoint summary from state sync [3msequence_number[0m[2m=[0m417
[2m2025-03-25T07:55:55.010139Z[0m [32m INFO[0m [1mnode[0m[1m{[0m[3mname[0m[2m=[0mk#99f25ef6..[1m}[0m[2m:[0m [2msui_core::checkpoints::checkpoint_executor[0m[2m:[0m [2mcrates/sui-core/src/checkpoints/checkpoint_executor/mod.rs[0m[2m:[0m[2m332:[0m Received checkpoint summary from state sync [3msequence_number[0m[2m=[0m417
[2m2025-03-25T07:55:55.011416Z[0m [32m INFO[0m [1mnode[0m[1m{[0m[3mname[0m[2m=[0mk#8dcff6d1..[1m}[0m[2m:[0m [2msui_core::state_accumulator[0m[2m:[0m [2mcrates/sui-core/src/state_accumulator.rs[0m[2m:[0m[2m675:[0m accumulating running root for checkpoint 417
[2m2025-03-25T07:55:55.011416Z[0m [32m INFO[0m [1mnode[0m[1m{[0m[3mname[0m[2m=[0mk#99f25ef6..[1m}[0m[2m:[0m [2msui_core::state_accumulator[0m[2m:[0m [2mcrates/sui-core/src/state_accumulator.rs[0m[2m:[0m[2m675:[0m accumulating running root for checkpoint 417
[2m2025-03-25T07:55:55.032138Z[0m [32m INFO[0m [1mnode[0m[1m{[0m[3mname[0m[2m=[0mk#addeef94..[1m}[0m[2m:[0m [2msui_core::checkpoints[0m[2m:[0m [2mcrates/sui-core/src/checkpoints/mod.rs[0m[2m:[0m[2m1326:[0m Creating checkpoint(s) for 2 transactions [3mnext_checkpoint_seq[0m[2m=[0m418 [3mcheckpoint_timestamp[0m[2m=[0m1742889354495
[2m2025-03-25T07:55:55.032451Z[0m [32m INFO[0m [1mnode[0m[1m{[0m[3mname[0m[2m=[0mk#addeef94..[1m}[0m[2m:[0m [2msui_core::checkpoints::checkpoint_output[0m[2m:[0m [2mcrates/sui-core/src/checkpoints/checkpoint_output.rs[0m[2m:[0m[2m149:[0m Creating checkpoint CheckpointDigest(BxLSasDysU9cxMGEK7qFJobuepRUeNZFmJJz5AVh9G6b) at epoch 1, sequence 418, previous digest Some(CheckpointDigest(JDNVozEqNmjKRv1usLt5n4XE1C4RPqPo5xxx1ectKyXo)), transactions count 2, content digest CheckpointContentsDigest(FMpujhPYtRsQACkinMYSxzt9Sf83nssRmYEWVutNp4UW), end_of_epoch_data None
[2m2025-03-25T07:55:55.036693Z[0m [32m INFO[0m [1mnode[0m[1m{[0m[3mname[0m[2m=[0mk#addeef94..[1m}[0m[2m:[0m [2msui_core::checkpoints::checkpoint_executor[0m[2m:[0m [2mcrates/sui-core/src/checkpoints/checkpoint_executor/mod.rs[0m[2m:[0m[2m332:[0m Received checkpoint summary from state sync [3msequence_number[0m[2m=[0m417
[2m2025-03-25T07:55:55.036800Z[0m [32m INFO[0m [1mnode[0m[1m{[0m[3mname[0m[2m=[0mk#8dcff6d1..[1m}[0m[2m:[0m [2msui_core::checkpoints[0m[2m:[0m [2mcrates/sui-core/src/checkpoints/mod.rs[0m[2m:[0m[2m1326:[0m Creating checkpoint(s) for 2 transactions [3mnext_checkpoint_seq[0m[2m=[0m418 [3mcheckpoint_timestamp[0m[2m=[0m1742889354495
[2m2025-03-25T07:55:55.036818Z[0m [32m INFO[0m [1mnode[0m[1m{[0m[3mname[0m[2m=[0mk#99f25ef6..[1m}[0m[2m:[0m [2msui_core::checkpoints[0m[2m:[0m [2mcrates/sui-core/src/checkpoints/mod.rs[0m[2m:[0m[2m1326:[0m Creating checkpoint(s) for 2 transactions [3mnext_checkpoint_seq[0m[2m=[0m418 [3mcheckpoint_timestamp[0m[2m=[0m1742889354495
[2m2025-03-25T07:55:55.037064Z[0m [32m INFO[0m [1mnode[0m[1m{[0m[3mname[0m[2m=[0mk#8dcff6d1..[1m}[0m[2m:[0m [2msui_core::checkpoints::checkpoint_output[0m[2m:[0m [2mcrates/sui-core/src/checkpoints/checkpoint_output.rs[0m[2m:[0m[2m149:[0m Creating checkpoint CheckpointDigest(BxLSasDysU9cxMGEK7qFJobuepRUeNZFmJJz5AVh9G6b) at epoch 1, sequence 418, previous digest Some(CheckpointDigest(JDNVozEqNmjKRv1usLt5n4XE1C4RPqPo5xxx1ectKyXo)), transactions count 2, content digest CheckpointContentsDigest(FMpujhPYtRsQACkinMYSxzt9Sf83nssRmYEWVutNp4UW), end_of_epoch_data None
[2m2025-03-25T07:55:55.037067Z[0m [32m INFO[0m [1mnode[0m[1m{[0m[3mname[0m[2m=[0mk#99f25ef6..[1m}[0m[2m:[0m [2msui_core::checkpoints::checkpoint_output[0m[2m:[0m [2mcrates/sui-core/src/checkpoints/checkpoint_output.rs[0m[2m:[0m[2m149:[0m Creating checkpoint CheckpointDigest(BxLSasDysU9cxMGEK7qFJobuepRUeNZFmJJz5AVh9G6b) at epoch 1, sequence 418, previous digest Some(CheckpointDigest(JDNVozEqNmjKRv1usLt5n4XE1C4RPqPo5xxx1ectKyXo)), transactions count 2, content digest CheckpointContentsDigest(FMpujhPYtRsQACkinMYSxzt9Sf83nssRmYEWVutNp4UW), end_of_epoch_data None
[2m2025-03-25T07:55:55.037529Z[0m [32m INFO[0m [1mnode[0m[1m{[0m[3mname[0m[2m=[0mk#addeef94..[1m}[0m[2m:[0m [2msui_core::state_accumulator[0m[2m:[0m [2mcrates/sui-core/src/state_accumulator.rs[0m[2m:[0m[2m675:[0m accumulating running root for checkpoint 417
[2m2025-03-25T07:55:55.061945Z[0m [32m INFO[0m [1mnode[0m[1m{[0m[3mname[0m[2m=[0mk#b3f3cbb4..[1m}[0m[2m:[0m [2msui_core::checkpoints::checkpoint_executor[0m[2m:[0m [2mcrates/sui-core/src/checkpoints/checkpoint_executor/mod.rs[0m[2m:[0m[2m332:[0m Received checkpoint summary from state sync [3msequence_number[0m[2m=[0m399
[2m2025-03-25T07:55:55.062072Z[0m [32m INFO[0m [1mnode[0m[1m{[0m[3mname[0m[2m=[0mk#b3f3cbb4..[1m}[0m[2m:[0m [2msui_core::checkpoints::checkpoint_executor[0m[2m:[0m [2mcrates/sui-core/src/checkpoints/checkpoint_executor/mod.rs[0m[2m:[0m[2m332:[0m Received checkpoint summary from state sync [3msequence_number[0m[2m=[0m400
[2m2025-03-25T07:55:55.062368Z[0m [32m INFO[0m [1mnode[0m[1m{[0m[3mname[0m[2m=[0mk#b3f3cbb4..[1m}[0m[2m:[0m [2msui_core::state_accumulator[0m[2m:[0m [2mcrates/sui-core/src/state_accumulator.rs[0m[2m:[0m[2m675:[0m accumulating running root for checkpoint 393
[2m2025-03-25T07:55:55.258260Z[0m [32m INFO[0m [1mnode[0m[1m{[0m[3mname[0m[2m=[0mk#addeef94..[1m}[0m[2m:[0m [2mconsensus_core::core[0m[2m:[0m [2mconsensus/core/src/core.rs[0m[2m:[0m[2m945:[0m Included 3 ancestors & excluded 0 ancestors for proposal in round 218
[2m2025-03-25T07:55:55.258664Z[0m [32m INFO[0m [1mnode[0m[1m{[0m[3mname[0m[2m=[0mk#addeef94..[1m}[0m[2m:[0m [2mconsensus_core::core[0m[2m:[0m [2mconsensus/core/src/core.rs[0m[2m:[0m[2m531:[0m Created block B218(C,JosM05KH+hdDvnX2bnjNL19vv5w+/m2ta4kWx3RnEUE=)(1742889355258ms;[B217(C,yLvh2gO2/iGCtX9MJ0Y+xYlW3eh7Z2GgOfXGYdu67eA=), B217(A,7/8y2Mt9r2e9UCbz7QH4utDZpx/31/oREI9ycMct0Uk=), B217(B,fTF2HKBNjG4zVAadlmshrgpPUKvELdVy19YUDPd+mJA=)];1t;1c) for round 218
[2m2025-03-25T07:55:55.260630Z[0m [32m INFO[0m [1mnode[0m[1m{[0m[3mname[0m[2m=[0mk#99f25ef6..[1m}[0m[2m:[0m [2mconsensus_core::core[0m[2m:[0m [2mconsensus/core/src/core.rs[0m[2m:[0m[2m945:[0m Included 3 ancestors & excluded 0 ancestors for proposal in round 218
[2m2025-03-25T07:55:55.260630Z[0m [32m INFO[0m [1mnode[0m[1m{[0m[3mname[0m[2m=[0mk#8dcff6d1..[1m}[0m[2m:[0m [2mconsensus_core::core[0m[2m:[0m [2mconsensus/core/src/core.rs[0m[2m:[0m[2m945:[0m Included 3 ancestors & excluded 0 ancestors for proposal in round 218
[2m2025-03-25T07:55:55.260916Z[0m [32m INFO[0m [1mnode[0m[1m{[0m[3mname[0m[2m=[0mk#8dcff6d1..[1m}[0m[2m:[0m [2mconsensus_core::core[0m[2m:[0m [2mconsensus/core/src/core.rs[0m[2m:[0m[2m531:[0m Created block B218(A,Bf7F6sk4pNQiVKcZrqcZIodraQv3voig9P17XF93W1c=)(1742889355260ms;[B217(A,7/8y2Mt9r2e9UCbz7QH4utDZpx/31/oREI9ycMct0Uk=), B217(B,fTF2HKBNjG4zVAadlmshrgpPUKvELdVy19YUDPd+mJA=), B217(C,yLvh2gO2/iGCtX9MJ0Y+xYlW3eh7Z2GgOfXGYdu67eA=)];1t;1c) for round 218
[2m2025-03-25T07:55:55.260915Z[0m [32m INFO[0m [1mnode[0m[1m{[0m[3mname[0m[2m=[0mk#99f25ef6..[1m}[0m[2m:[0m [2mconsensus_core::core[0m[2m:[0m [2mconsensus/core/src/core.rs[0m[2m:[0m[2m531:[0m Created block B218(B,1Jb2VGO6Bv/0dwrKyNaXpHNDwQNcHzuxUm5yriWQL/w=)(1742889355260ms;[B217(B,fTF2HKBNjG4zVAadlmshrgpPUKvELdVy19YUDPd+mJA=), B217(A,7/8y2Mt9r2e9UCbz7QH4utDZpx/31/oREI9ycMct0Uk=), B217(C,yLvh2gO2/iGCtX9MJ0Y+xYlW3eh7Z2GgOfXGYdu67eA=)];1t;1c) for round 218
[2m2025-03-25T07:55:55.260984Z[0m [32m INFO[0m [1mnode[0m[1m{[0m[3mname[0m[2m=[0mk#8dcff6d1..[1m}[0m[2m:[0m [2mconsensus_core::core[0m[2m:[0m [2mconsensus/core/src/core.rs[0m[2m:[0m[2m630:[0m Committing 1 leaders: B216(B,gUvO)
[2m2025-03-25T07:55:55.260984Z[0m [32m INFO[0m [1mnode[0m[1m{[0m[3mname[0m[2m=[0mk#99f25ef6..[1m}[0m[2m:[0m [2mconsensus_core::core[0m[2m:[0m [2mconsensus/core/src/core.rs[0m[2m:[0m[2m630:[0m Committing 1 leaders: B216(B,gUvO)
[2m2025-03-25T07:55:55.261057Z[0m [32m INFO[0m [1mnode[0m[1m{[0m[3mname[0m[2m=[0mk#8dcff6d1..[1m}[0m[2m:[0m [2mconsensus_core::commit_observer[0m[2m:[0m [2mconsensus/core/src/commit_observer.rs[0m[2m:[0m[2m173:[0m Consensus commit C206(VT0/) with leader B216(B,gUvO) has 3 blocks
[2m2025-03-25T07:55:55.261057Z[0m [32m INFO[0m [1mnode[0m[1m{[0m[3mname[0m[2m=[0mk#99f25ef6..[1m}[0m[2m:[0m [2mconsensus_core::commit_observer[0m[2m:[0m [2mconsensus/core/src/commit_observer.rs[0m[2m:[0m[2m173:[0m Consensus commit C206(VT0/) with leader B216(B,gUvO) has 3 blocks
[2m2025-03-25T07:55:55.261142Z[0m [32m INFO[0m [1mnode[0m[1m{[0m[3mname[0m[2m=[0mk#99f25ef6..[1m}[0m[2m:[0m [2msui_core::consensus_handler[0m[2m:[0m [2mcrates/sui-core/src/consensus_handler.rs[0m[2m:[0m[2m232:[0m Received consensus output [3mconsensus_commit[0m[2m=[0mCommittedSubDag(leader=B216(B,gUvO), ref=C206(VT0/), blocks=[ir2i, mtsB, gUvO]) [3mepoch[0m[2m=[0m1
[2m2025-03-25T07:55:55.261142Z[0m [32m INFO[0m [1mnode[0m[1m{[0m[3mname[0m[2m=[0mk#8dcff6d1..[1m}[0m[2m:[0m [2msui_core::consensus_handler[0m[2m:[0m [2mcrates/sui-core/src/consensus_handler.rs[0m[2m:[0m[2m232:[0m Received consensus output [3mconsensus_commit[0m[2m=[0mCommittedSubDag(leader=B216(B,gUvO), ref=C206(VT0/), blocks=[ir2i, mtsB, gUvO]) [3mepoch[0m[2m=[0m1
[2m2025-03-25T07:55:55.264874Z[0m [32m INFO[0m [1mnode[0m[1m{[0m[3mname[0m[2m=[0mk#addeef94..[1m}[0m[2m:[0m [2mconsensus_core::core[0m[2m:[0m [2mconsensus/core/src/core.rs[0m[2m:[0m[2m630:[0m Committing 1 leaders: B216(B,gUvO)
[2m2025-03-25T07:55:55.264974Z[0m [32m INFO[0m [1mnode[0m[1m{[0m[3mname[0m[2m=[0mk#addeef94..[1m}[0m[2m:[0m [2mconsensus_core::commit_observer[0m[2m:[0m [2mconsensus/core/src/commit_observer.rs[0m[2m:[0m[2m173:[0m Consensus commit C206(VT0/) with leader B216(B,gUvO) has 3 blocks
[2m2025-03-25T07:55:55.265104Z[0m [32m INFO[0m [1mnode[0m[1m{[0m[3mname[0m[2m=[0mk#addeef94..[1m}[0m[2m:[0m [2msui_core::consensus_handler[0m[2m:[0m [2mcrates/sui-core/src/consensus_handler.rs[0m[2m:[0m[2m232:[0m Received consensus output [3mconsensus_commit[0m[2m=[0mCommittedSubDag(leader=B216(B,gUvO), ref=C206(VT0/), blocks=[ir2i, mtsB, gUvO]) [3mepoch[0m[2m=[0m1
[2m2025-03-25T07:55:55.307539Z[0m [32m INFO[0m [1mnode[0m[1m{[0m[3mname[0m[2m=[0mk#8dcff6d1..[1m}[0m[2m:[0m [2msui_core::checkpoints[0m[2m:[0m [2mcrates/sui-core/src/checkpoints/mod.rs[0m[2m:[0m[2m1326:[0m Creating checkpoint(s) for 1 transactions [3mnext_checkpoint_seq[0m[2m=[0m419 [3mcheckpoint_timestamp[0m[2m=[0m1742889354750
[2m2025-03-25T07:55:55.307539Z[0m [32m INFO[0m [1mnode[0m[1m{[0m[3mname[0m[2m=[0mk#99f25ef6..[1m}[0m[2m:[0m [2msui_core::checkpoints[0m[2m:[0m [2mcrates/sui-core/src/checkpoints/mod.rs[0m[2m:[0m[2m1326:[0m Creating checkpoint(s) for 1 transactions [3mnext_checkpoint_seq[0m[2m=[0m419 [3mcheckpoint_timestamp[0m[2m=[0m1742889354750
[2m2025-03-25T07:55:55.307774Z[0m [32m INFO[0m [1mnode[0m[1m{[0m[3mname[0m[2m=[0mk#8dcff6d1..[1m}[0m[2m:[0m [2msui_core::checkpoints::checkpoint_output[0m[2m:[0m [2mcrates/sui-core/src/checkpoints/checkpoint_output.rs[0m[2m:[0m[2m149:[0m Creating checkpoint CheckpointDigest(GcMZyFw4waks3SdgB8EerZ8ha9GiZj74k5jXoAiDu3mN) at epoch 1, sequence 419, previous digest Some(CheckpointDigest(BxLSasDysU9cxMGEK7qFJobuepRUeNZFmJJz5AVh9G6b)), transactions count 1, content digest CheckpointContentsDigest(4cSs9W5Eho4Sx4RJsyTKxqyAeevGgCdYRmD9atDzzAnp), end_of_epoch_data None
[2m2025-03-25T07:55:55.307774Z[0m [32m INFO[0m [1mnode[0m[1m{[0m[3mname[0m[2m=[0mk#99f25ef6..[1m}[0m[2m:[0m [2msui_core::checkpoints::checkpoint_output[0m[2m:[0m [2mcrates/sui-core/src/checkpoints/checkpoint_output.rs[0m[2m:[0m[2m149:[0m Creating checkpoint CheckpointDigest(GcMZyFw4waks3SdgB8EerZ8ha9GiZj74k5jXoAiDu3mN) at epoch 1, sequence 419, previous digest Some(CheckpointDigest(BxLSasDysU9cxMGEK7qFJobuepRUeNZFmJJz5AVh9G6b)), transactions count 1, content digest CheckpointContentsDigest(4cSs9W5Eho4Sx4RJsyTKxqyAeevGgCdYRmD9atDzzAnp), end_of_epoch_data None
[2m2025-03-25T07:55:55.309356Z[0m [32m INFO[0m [1mnode[0m[1m{[0m[3mname[0m[2m=[0mk#addeef94..[1m}[0m[2m:[0m [2msui_core::checkpoints[0m[2m:[0m [2mcrates/sui-core/src/checkpoints/mod.rs[0m[2m:[0m[2m1326:[0m Creating checkpoint(s) for 1 transactions [3mnext_checkpoint_seq[0m[2m=[0m419 [3mcheckpoint_timestamp[0m[2m=[0m1742889354750
[2m2025-03-25T07:55:55.309538Z[0m [32m INFO[0m [1mnode[0m[1m{[0m[3mname[0m[2m=[0mk#addeef94..[1m}[0m[2m:[0m [2msui_core::checkpoints::checkpoint_output[0m[2m:[0m [2mcrates/sui-core/src/checkpoints/checkpoint_output.rs[0m[2m:[0m[2m149:[0m Creating checkpoint CheckpointDigest(GcMZyFw4waks3SdgB8EerZ8ha9GiZj74k5jXoAiDu3mN) at epoch 1, sequence 419, previous digest Some(CheckpointDigest(BxLSasDysU9cxMGEK7qFJobuepRUeNZFmJJz5AVh9G6b)), transactions count 1, content digest CheckpointContentsDigest(4cSs9W5Eho4Sx4RJsyTKxqyAeevGgCdYRmD9atDzzAnp), end_of_epoch_data None
[2m2025-03-25T07:55:55.310082Z[0m [32m INFO[0m [1mnode[0m[1m{[0m[3mname[0m[2m=[0mk#8dcff6d1..[1m}[0m[2m:[0m [2mconsensus_core::commit_syncer[0m[2m:[0m [2mconsensus/core/src/commit_syncer.rs[0m[2m:[0m[2m196:[0m Checking to schedule fetches: synced_commit_index=206, highest_handled_index=206, highest_scheduled_index=0, quorum_commit_index=204, unhandled_commits_threshold=3200
[2m2025-03-25T07:55:55.311065Z[0m [32m INFO[0m [1mnode[0m[1m{[0m[3mname[0m[2m=[0mk#99f25ef6..[1m}[0m[2m:[0m [2msui_core::checkpoints::checkpoint_output[0m[2m:[0m [2mcrates/sui-core/src/checkpoints/checkpoint_output.rs[0m[2m:[0m[2m196:[0m Certified checkpoint with sequence 418 and digest BxLSasDysU9cxMGEK7qFJobuepRUeNZFmJJz5AVh9G6b
[2m2025-03-25T07:55:55.312575Z[0m [32m INFO[0m [1mnode[0m[1m{[0m[3mname[0m[2m=[0mk#8dcff6d1..[1m}[0m[2m:[0m [2msui_core::checkpoints::checkpoint_output[0m[2m:[0m [2mcrates/sui-core/src/checkpoints/checkpoint_output.rs[0m[2m:[0m[2m196:[0m Certified checkpoint with sequence 418 and digest BxLSasDysU9cxMGEK7qFJobuepRUeNZFmJJz5AVh9G6b
[2m2025-03-25T07:55:55.314570Z[0m [32m INFO[0m [1mnode[0m[1m{[0m[3mname[0m[2m=[0mk#99f25ef6..[1m}[0m[2m:[0m [2msui_core::checkpoints::checkpoint_executor[0m[2m:[0m [2mcrates/sui-core/src/checkpoints/checkpoint_executor/mod.rs[0m[2m:[0m[2m332:[0m Received checkpoint summary from state sync [3msequence_number[0m[2m=[0m418
[2m2025-03-25T07:55:55.315990Z[0m [32m INFO[0m [1mnode[0m[1m{[0m[3mname[0m[2m=[0mk#8dcff6d1..[1m}[0m[2m:[0m [2msui_core::checkpoints::checkpoint_executor[0m[2m:[0m [2mcrates/sui-core/src/checkpoints/checkpoint_executor/mod.rs[0m[2m:[0m[2m332:[0m Received checkpoint summary from state sync [3msequence_number[0m[2m=[0m418
[2m2025-03-25T07:55:55.333218Z[0m [32m INFO[0m [1mnode[0m[1m{[0m[3mname[0m[2m=[0mk#99f25ef6..[1m}[0m[2m:[0m [2msui_core::state_accumulator[0m[2m:[0m [2mcrates/sui-core/src/state_accumulator.rs[0m[2m:[0m[2m675:[0m accumulating running root for checkpoint 418
[2m2025-03-25T07:55:55.334313Z[0m [32m INFO[0m [1mnode[0m[1m{[0m[3mname[0m[2m=[0mk#8dcff6d1..[1m}[0m[2m:[0m [2msui_core::state_accumulator[0m[2m:[0m [2mcrates/sui-core/src/state_accumulator.rs[0m[2m:[0m[2m675:[0m accumulating running root for checkpoint 418
[2m2025-03-25T07:55:55.375489Z[0m [32m INFO[0m [1mnode[0m[1m{[0m[3mname[0m[2m=[0mk#addeef94..[1m}[0m[2m:[0m [2mconsensus_core::commit_syncer[0m[2m:[0m [2mconsensus/core/src/commit_syncer.rs[0m[2m:[0m[2m196:[0m Checking to schedule fetches: synced_commit_index=206, highest_handled_index=206, highest_scheduled_index=0, quorum_commit_index=0, unhandled_commits_threshold=3200
[2m2025-03-25T07:55:55.378190Z[0m [32m INFO[0m [1mnode[0m[1m{[0m[3mname[0m[2m=[0mk#addeef94..[1m}[0m[2m:[0m [2msui_core::checkpoints::checkpoint_executor[0m[2m:[0m [2mcrates/sui-core/src/checkpoints/checkpoint_executor/mod.rs[0m[2m:[0m[2m332:[0m Received checkpoint summary from state sync [3msequence_number[0m[2m=[0m418
[2m2025-03-25T07:55:55.379649Z[0m [32m INFO[0m [1mnode[0m[1m{[0m[3mname[0m[2m=[0mk#addeef94..[1m}[0m[2m:[0m [2msui_core::state_accumulator[0m[2m:[0m [2mcrates/sui-core/src/state_accumulator.rs[0m[2m:[0m[2m675:[0m accumulating running root for checkpoint 418
[2m2025-03-25T07:55:55.380289Z[0m [32m INFO[0m [1mnode[0m[1m{[0m[3mname[0m[2m=[0mk#99f25ef6..[1m}[0m[2m:[0m [2mconsensus_core::commit_syncer[0m[2m:[0m [2mconsensus/core/src/commit_syncer.rs[0m[2m:[0m[2m196:[0m Checking to schedule fetches: synced_commit_index=206, highest_handled_index=206, highest_scheduled_index=0, quorum_commit_index=205, unhandled_commits_threshold=3200
[2m2025-03-25T07:55:55.513079Z[0m [32m INFO[0m [1mnode[0m[1m{[0m[3mname[0m[2m=[0mk#8dcff6d1..[1m}[0m[2m:[0m [2mconsensus_core::core[0m[2m:[0m [2mconsensus/core/src/core.rs[0m[2m:[0m[2m945:[0m Included 3 ancestors & excluded 0 ancestors for proposal in round 219
[2m2025-03-25T07:55:55.513394Z[0m [32m INFO[0m [1mnode[0m[1m{[0m[3mname[0m[2m=[0mk#99f25ef6..[1m}[0m[2m:[0m [2mconsensus_core::core[0m[2m:[0m [2mconsensus/core/src/core.rs[0m[2m:[0m[2m945:[0m Included 3 ancestors & excluded 0 ancestors for proposal in round 219
[2m2025-03-25T07:55:55.513489Z[0m [32m INFO[0m [1mnode[0m[1m{[0m[3mname[0m[2m=[0mk#8dcff6d1..[1m}[0m[2m:[0m [2mconsensus_core::core[0m[2m:[0m [2mconsensus/core/src/core.rs[0m[2m:[0m[2m531:[0m Created block B219(A,KdZyH3/T1knXB6wpYO/exXkhJozN+5CFyKE6q+l/Dbc=)(1742889355513ms;[B218(A,Bf7F6sk4pNQiVKcZrqcZIodraQv3voig9P17XF93W1c=), B218(B,1Jb2VGO6Bv/0dwrKyNaXpHNDwQNcHzuxUm5yriWQL/w=), B218(C,JosM05KH+hdDvnX2bnjNL19vv5w+/m2ta4kWx3RnEUE=)];1t;1c) for round 219
[2m2025-03-25T07:55:55.513706Z[0m [32m INFO[0m [1mnode[0m[1m{[0m[3mname[0m[2m=[0mk#99f25ef6..[1m}[0m[2m:[0m [2mconsensus_core::core[0m[2m:[0m [2mconsensus/core/src/core.rs[0m[2m:[0m[2m531:[0m Created block B219(B,1cUAtnAJog3cd7SE0bIR6DlU5DomXXiSHWXDWTv0TP8=)(1742889355513ms;[B218(B,1Jb2VGO6Bv/0dwrKyNaXpHNDwQNcHzuxUm5yriWQL/w=), B218(A,Bf7F6sk4pNQiVKcZrqcZIodraQv3voig9P17XF93W1c=), B218(C,JosM05KH+hdDvnX2bnjNL19vv5w+/m2ta4kWx3RnEUE=)];1t;1c) for round 219
[2m2025-03-25T07:55:55.516884Z[0m [32m INFO[0m [1mnode[0m[1m{[0m[3mname[0m[2m=[0mk#addeef94..[1m}[0m[2m:[0m [2mconsensus_core::core[0m[2m:[0m [2mconsensus/core/src/core.rs[0m[2m:[0m[2m945:[0m Included 3 ancestors & excluded 0 ancestors for proposal in round 219
[2m2025-03-25T07:55:55.517192Z[0m [32m INFO[0m [1mnode[0m[1m{[0m[3mname[0m[2m=[0mk#addeef94..[1m}[0m[2m:[0m [2mconsensus_core::core[0m[2m:[0m [2mconsensus/core/src/core.rs[0m[2m:[0m[2m531:[0m Created block B219(C,1p3LDOfanDIHmxMTCmlXrqD+93iFkw1b6puLt0gWwxw=)(1742889355517ms;[B218(C,JosM05KH+hdDvnX2bnjNL19vv5w+/m2ta4kWx3RnEUE=), B218(A,Bf7F6sk4pNQiVKcZrqcZIodraQv3voig9P17XF93W1c=), B218(B,1Jb2VGO6Bv/0dwrKyNaXpHNDwQNcHzuxUm5yriWQL/w=)];1t;1c) for round 219
[2m2025-03-25T07:55:55.517261Z[0m [32m INFO[0m [1mnode[0m[1m{[0m[3mname[0m[2m=[0mk#addeef94..[1m}[0m[2m:[0m [2mconsensus_core::core[0m[2m:[0m [2mconsensus/core/src/core.rs[0m[2m:[0m[2m630:[0m Committing 1 leaders: B217(A,7/8y)
[2m2025-03-25T07:55:55.517336Z[0m [32m INFO[0m [1mnode[0m[1m{[0m[3mname[0m[2m=[0mk#addeef94..[1m}[0m[2m:[0m [2mconsensus_core::commit_observer[0m[2m:[0m [2mconsensus/core/src/commit_observer.rs[0m[2m:[0m[2m173:[0m Consensus commit C207(TnU2) with leader B217(A,7/8y) has 3 blocks
[2m2025-03-25T07:55:55.517422Z[0m [32m INFO[0m [1mnode[0m[1m{[0m[3mname[0m[2m=[0mk#addeef94..[1m}[0m[2m:[0m [2msui_core::consensus_handler[0m[2m:[0m [2mcrates/sui-core/src/consensus_handler.rs[0m[2m:[0m[2m232:[0m Received consensus output [3mconsensus_commit[0m[2m=[0mCommittedSubDag(leader=B217(A,7/8y), ref=C207(TnU2), blocks=[1mBh, 7r2a, 7/8y]) [3mepoch[0m[2m=[0m1
[2m2025-03-25T07:55:55.520545Z[0m [32m INFO[0m [1mnode[0m[1m{[0m[3mname[0m[2m=[0mk#8dcff6d1..[1m}[0m[2m:[0m [2msui_core::checkpoints::checkpoint_output[0m[2m:[0m [2mcrates/sui-core/src/checkpoints/checkpoint_output.rs[0m[2m:[0m[2m196:[0m Certified checkpoint with sequence 419 and digest GcMZyFw4waks3SdgB8EerZ8ha9GiZj74k5jXoAiDu3mN
[2m2025-03-25T07:55:55.520554Z[0m [32m INFO[0m [1mnode[0m[1m{[0m[3mname[0m[2m=[0mk#99f25ef6..[1m}[0m[2m:[0m [2msui_core::checkpoints::checkpoint_output[0m[2m:[0m [2mcrates/sui-core/src/checkpoints/checkpoint_output.rs[0m[2m:[0m[2m196:[0m Certified checkpoint with sequence 419 and digest GcMZyFw4waks3SdgB8EerZ8ha9GiZj74k5jXoAiDu3mN
[2m2025-03-25T07:55:55.520664Z[0m [32m INFO[0m [1mnode[0m[1m{[0m[3mname[0m[2m=[0mk#99f25ef6..[1m}[0m[2m:[0m [2mconsensus_core::core[0m[2m:[0m [2mconsensus/core/src/core.rs[0m[2m:[0m[2m630:[0m Committing 1 leaders: B217(A,7/8y)
[2m2025-03-25T07:55:55.520664Z[0m [32m INFO[0m [1mnode[0m[1m{[0m[3mname[0m[2m=[0mk#8dcff6d1..[1m}[0m[2m:[0m [2mconsensus_core::core[0m[2m:[0m [2mconsensus/core/src/core.rs[0m[2m:[0m[2m630:[0m Committing 1 leaders: B217(A,7/8y)
[2m2025-03-25T07:55:55.520768Z[0m [32m INFO[0m [1mnode[0m[1m{[0m[3mname[0m[2m=[0mk#8dcff6d1..[1m}[0m[2m:[0m [2mconsensus_core::commit_observer[0m[2m:[0m [2mconsensus/core/src/commit_observer.rs[0m[2m:[0m[2m173:[0m Consensus commit C207(TnU2) with leader B217(A,7/8y) has 3 blocks
[2m2025-03-25T07:55:55.520769Z[0m [32m INFO[0m [1mnode[0m[1m{[0m[3mname[0m[2m=[0mk#99f25ef6..[1m}[0m[2m:[0m [2mconsensus_core::commit_observer[0m[2m:[0m [2mconsensus/core/src/commit_observer.rs[0m[2m:[0m[2m173:[0m Consensus commit C207(TnU2) with leader B217(A,7/8y) has 3 blocks
[2m2025-03-25T07:55:55.521181Z[0m [32m INFO[0m [1mnode[0m[1m{[0m[3mname[0m[2m=[0mk#8dcff6d1..[1m}[0m[2m:[0m [2msui_core::consensus_handler[0m[2m:[0m [2mcrates/sui-core/src/consensus_handler.rs[0m[2m:[0m[2m232:[0m Received consensus output [3mconsensus_commit[0m[2m=[0mCommittedSubDag(leader=B217(A,7/8y), ref=C207(TnU2), blocks=[1mBh, 7r2a, 7/8y]) [3mepoch[0m[2m=[0m1
[2m2025-03-25T07:55:55.521181Z[0m [32m INFO[0m [1mnode[0m[1m{[0m[3mname[0m[2m=[0mk#99f25ef6..[1m}[0m[2m:[0m [2msui_core::consensus_handler[0m[2m:[0m [2mcrates/sui-core/src/consensus_handler.rs[0m[2m:[0m[2m232:[0m Received consensus output [3mconsensus_commit[0m[2m=[0mCommittedSubDag(leader=B217(A,7/8y), ref=C207(TnU2), blocks=[1mBh, 7r2a, 7/8y]) [3mepoch[0m[2m=[0m1
[2m2025-03-25T07:55:55.521830Z[0m [32m INFO[0m [1mnode[0m[1m{[0m[3mname[0m[2m=[0mk#8dcff6d1..[1m}[0m[2m:[0m [2msui_core::checkpoints::checkpoint_executor[0m[2m:[0m [2mcrates/sui-core/src/checkpoints/checkpoint_executor/mod.rs[0m[2m:[0m[2m332:[0m Received checkpoint summary from state sync [3msequence_number[0m[2m=[0m419
[2m2025-03-25T07:55:55.521830Z[0m [32m INFO[0m [1mnode[0m[1m{[0m[3mname[0m[2m=[0mk#99f25ef6..[1m}[0m[2m:[0m [2msui_core::checkpoints::checkpoint_executor[0m[2m:[0m [2mcrates/sui-core/src/checkpoints/checkpoint_executor/mod.rs[0m[2m:[0m[2m332:[0m Received checkpoint summary from state sync [3msequence_number[0m[2m=[0m419
[2m2025-03-25T07:55:55.523426Z[0m [32m INFO[0m [1mnode[0m[1m{[0m[3mname[0m[2m=[0mk#8dcff6d1..[1m}[0m[2m:[0m [2msui_core::state_accumulator[0m[2m:[0m [2mcrates/sui-core/src/state_accumulator.rs[0m[2m:[0m[2m675:[0m accumulating running root for checkpoint 419
[2m2025-03-25T07:55:55.523427Z[0m [32m INFO[0m [1mnode[0m[1m{[0m[3mname[0m[2m=[0mk#99f25ef6..[1m}[0m[2m:[0m [2msui_core::state_accumulator[0m[2m:[0m [2mcrates/sui-core/src/state_accumulator.rs[0m[2m:[0m[2m675:[0m accumulating running root for checkpoint 419
[2m2025-03-25T07:55:55.544409Z[0m [32m INFO[0m [1mnode[0m[1m{[0m[3mname[0m[2m=[0mk#addeef94..[1m}[0m[2m:[0m [2msui_core::checkpoints[0m[2m:[0m [2mcrates/sui-core/src/checkpoints/mod.rs[0m[2m:[0m[2m1326:[0m Creating checkpoint(s) for 2 transactions [3mnext_checkpoint_seq[0m[2m=[0m420 [3mcheckpoint_timestamp[0m[2m=[0m1742889355004
[2m2025-03-25T07:55:55.544751Z[0m [32m INFO[0m [1mnode[0m[1m{[0m[3mname[0m[2m=[0mk#addeef94..[1m}[0m[2m:[0m [2msui_core::checkpoints::checkpoint_output[0m[2m:[0m [2mcrates/sui-core/src/checkpoints/checkpoint_output.rs[0m[2m:[0m[2m149:[0m Creating checkpoint CheckpointDigest(HFVsMntLp4VjX6zyHR8o4W5Wg3r3jTzGMbtaiKGwYEqC) at epoch 1, sequence 420, previous digest Some(CheckpointDigest(GcMZyFw4waks3SdgB8EerZ8ha9GiZj74k5jXoAiDu3mN)), transactions count 2, content digest CheckpointContentsDigest(Bz4png3mrjNNiX3mKBdMisY2G52CSFQFJQtSRw6qSyVe), end_of_epoch_data None
[2m2025-03-25T07:55:55.547458Z[0m [32m INFO[0m [1mnode[0m[1m{[0m[3mname[0m[2m=[0mk#addeef94..[1m}[0m[2m:[0m [2msui_core::checkpoints::checkpoint_executor[0m[2m:[0m [2mcrates/sui-core/src/checkpoints/checkpoint_executor/mod.rs[0m[2m:[0m[2m332:[0m Received checkpoint summary from state sync [3msequence_number[0m[2m=[0m419
[2m2025-03-25T07:55:55.548294Z[0m [32m INFO[0m [1mnode[0m[1m{[0m[3mname[0m[2m=[0mk#addeef94..[1m}[0m[2m:[0m [2msui_core::state_accumulator[0m[2m:[0m [2mcrates/sui-core/src/state_accumulator.rs[0m[2m:[0m[2m675:[0m accumulating running root for checkpoint 419
[2m2025-03-25T07:55:55.548878Z[0m [32m INFO[0m [1mnode[0m[1m{[0m[3mname[0m[2m=[0mk#8dcff6d1..[1m}[0m[2m:[0m [2msui_core::checkpoints[0m[2m:[0m [2mcrates/sui-core/src/checkpoints/mod.rs[0m[2m:[0m[2m1326:[0m Creating checkpoint(s) for 2 transactions [3mnext_checkpoint_seq[0m[2m=[0m420 [3mcheckpoint_timestamp[0m[2m=[0m1742889355004
[2m2025-03-25T07:55:55.548907Z[0m [32m INFO[0m [1mnode[0m[1m{[0m[3mname[0m[2m=[0mk#99f25ef6..[1m}[0m[2m:[0m [2msui_core::checkpoints[0m[2m:[0m [2mcrates/sui-core/src/checkpoints/mod.rs[0m[2m:[0m[2m1326:[0m Creating checkpoint(s) for 2 transactions [3mnext_checkpoint_seq[0m[2m=[0m420 [3mcheckpoint_timestamp[0m[2m=[0m1742889355004
[2m2025-03-25T07:55:55.549176Z[0m [32m INFO[0m [1mnode[0m[1m{[0m[3mname[0m[2m=[0mk#8dcff6d1..[1m}[0m[2m:[0m [2msui_core::checkpoints::checkpoint_output[0m[2m:[0m [2mcrates/sui-core/src/checkpoints/checkpoint_output.rs[0m[2m:[0m[2m149:[0m Creating checkpoint CheckpointDigest(HFVsMntLp4VjX6zyHR8o4W5Wg3r3jTzGMbtaiKGwYEqC) at epoch 1, sequence 420, previous digest Some(CheckpointDigest(GcMZyFw4waks3SdgB8EerZ8ha9GiZj74k5jXoAiDu3mN)), transactions count 2, content digest CheckpointContentsDigest(Bz4png3mrjNNiX3mKBdMisY2G52CSFQFJQtSRw6qSyVe), end_of_epoch_data None
[2m2025-03-25T07:55:55.549187Z[0m [32m INFO[0m [1mnode[0m[1m{[0m[3mname[0m[2m=[0mk#99f25ef6..[1m}[0m[2m:[0m [2msui_core::checkpoints::checkpoint_output[0m[2m:[0m [2mcrates/sui-core/src/checkpoints/checkpoint_output.rs[0m[2m:[0m[2m149:[0m Creating checkpoint CheckpointDigest(HFVsMntLp4VjX6zyHR8o4W5Wg3r3jTzGMbtaiKGwYEqC) at epoch 1, sequence 420, previous digest Some(CheckpointDigest(GcMZyFw4waks3SdgB8EerZ8ha9GiZj74k5jXoAiDu3mN)), transactions count 2, content digest CheckpointContentsDigest(Bz4png3mrjNNiX3mKBdMisY2G52CSFQFJQtSRw6qSyVe), end_of_epoch_data None
[2m2025-03-25T07:55:55.770350Z[0m [32m INFO[0m [1mnode[0m[1m{[0m[3mname[0m[2m=[0mk#addeef94..[1m}[0m[2m:[0m [2mconsensus_core::core[0m[2m:[0m [2mconsensus/core/src/core.rs[0m[2m:[0m[2m945:[0m Included 3 ancestors & excluded 0 ancestors for proposal in round 220
[2m2025-03-25T07:55:55.770709Z[0m [32m INFO[0m [1mnode[0m[1m{[0m[3mname[0m[2m=[0mk#addeef94..[1m}[0m[2m:[0m [2mconsensus_core::core[0m[2m:[0m [2mconsensus/core/src/core.rs[0m[2m:[0m[2m531:[0m Created block B220(C,Ex/50ejjnyXoKZvoZ1M+5M1v3MlBvm8amEE2iKFZsm0=)(1742889355770ms;[B219(C,1p3LDOfanDIHmxMTCmlXrqD+93iFkw1b6puLt0gWwxw=), B219(A,KdZyH3/T1knXB6wpYO/exXkhJozN+5CFyKE6q+l/Dbc=), B219(B,1cUAtnAJog3cd7SE0bIR6DlU5DomXXiSHWXDWTv0TP8=)];1t;1c) for round 220
[2m2025-03-25T07:55:55.772638Z[0m [32m INFO[0m [1mnode[0m[1m{[0m[3mname[0m[2m=[0mk#99f25ef6..[1m}[0m[2m:[0m [2mconsensus_core::core[0m[2m:[0m [2mconsensus/core/src/core.rs[0m[2m:[0m[2m945:[0m Included 3 ancestors & excluded 0 ancestors for proposal in round 220
[2m2025-03-25T07:55:55.772638Z[0m [32m INFO[0m [1mnode[0m[1m{[0m[3mname[0m[2m=[0mk#8dcff6d1..[1m}[0m[2m:[0m [2mconsensus_core::core[0m[2m:[0m [2mconsensus/core/src/core.rs[0m[2m:[0m[2m945:[0m Included 3 ancestors & excluded 0 ancestors for proposal in round 220
[2m2025-03-25T07:55:55.772923Z[0m [32m INFO[0m [1mnode[0m[1m{[0m[3mname[0m[2m=[0mk#99f25ef6..[1m}[0m[2m:[0m [2mconsensus_core::core[0m[2m:[0m [2mconsensus/core/src/core.rs[0m[2m:[0m[2m531:[0m Created block B220(B,0zp22DTHa5uK703PuxLrnXz45NCPqFWON8wVpvozOn0=)(1742889355772ms;[B219(B,1cUAtnAJog3cd7SE0bIR6DlU5DomXXiSHWXDWTv0TP8=), B219(A,KdZyH3/T1knXB6wpYO/exXkhJozN+5CFyKE6q+l/Dbc=), B219(C,1p3LDOfanDIHmxMTCmlXrqD+93iFkw1b6puLt0gWwxw=)];1t;1c) for round 220
[2m2025-03-25T07:55:55.772927Z[0m [32m INFO[0m [1mnode[0m[1m{[0m[3mname[0m[2m=[0mk#8dcff6d1..[1m}[0m[2m:[0m [2mconsensus_core::core[0m[2m:[0m [2mconsensus/core/src/core.rs[0m[2m:[0m[2m531:[0m Created block B220(A,qffK/Wf7dIBSdNyZU1DXmyfG/gl0n+wIcZEFQ73reYE=)(1742889355772ms;[B219(A,KdZyH3/T1knXB6wpYO/exXkhJozN+5CFyKE6q+l/Dbc=), B219(B,1cUAtnAJog3cd7SE0bIR6DlU5DomXXiSHWXDWTv0TP8=), B219(C,1p3LDOfanDIHmxMTCmlXrqD+93iFkw1b6puLt0gWwxw=)];1t;1c) for round 220
[2m2025-03-25T07:55:55.772993Z[0m [32m INFO[0m [1mnode[0m[1m{[0m[3mname[0m[2m=[0mk#99f25ef6..[1m}[0m[2m:[0m [2mconsensus_core::core[0m[2m:[0m [2mconsensus/core/src/core.rs[0m[2m:[0m[2m630:[0m Committing 1 leaders: B218(B,1Jb2)
[2m2025-03-25T07:55:55.772993Z[0m [32m INFO[0m [1mnode[0m[1m{[0m[3mname[0m[2m=[0mk#8dcff6d1..[1m}[0m[2m:[0m [2mconsensus_core::core[0m[2m:[0m [2mconsensus/core/src/core.rs[0m[2m:[0m[2m630:[0m Committing 1 leaders: B218(B,1Jb2)
[2m2025-03-25T07:55:55.773063Z[0m [32m INFO[0m [1mnode[0m[1m{[0m[3mname[0m[2m=[0mk#99f25ef6..[1m}[0m[2m:[0m [2mconsensus_core::commit_observer[0m[2m:[0m [2mconsensus/core/src/commit_observer.rs[0m[2m:[0m[2m173:[0m Consensus commit C208(DWD3) with leader B218(B,1Jb2) has 3 blocks
[2m2025-03-25T07:55:55.773063Z[0m [32m INFO[0m [1mnode[0m[1m{[0m[3mname[0m[2m=[0mk#8dcff6d1..[1m}[0m[2m:[0m [2mconsensus_core::commit_observer[0m[2m:[0m [2mconsensus/core/src/commit_observer.rs[0m[2m:[0m[2m173:[0m Consensus commit C208(DWD3) with leader B218(B,1Jb2) has 3 blocks
[2m2025-03-25T07:55:55.773150Z[0m [32m INFO[0m [1mnode[0m[1m{[0m[3mname[0m[2m=[0mk#99f25ef6..[1m}[0m[2m:[0m [2msui_core::consensus_handler[0m[2m:[0m [2mcrates/sui-core/src/consensus_handler.rs[0m[2m:[0m[2m232:[0m Received consensus output [3mconsensus_commit[0m[2m=[0mCommittedSubDag(leader=B218(B,1Jb2), ref=C208(DWD3), blocks=[fTF2, yLvh, 1Jb2]) [3mepoch[0m[2m=[0m1
[2m2025-03-25T07:55:55.773150Z[0m [32m INFO[0m [1mnode[0m[1m{[0m[3mname[0m[2m=[0mk#8dcff6d1..[1m}[0m[2m:[0m [2msui_core::consensus_handler[0m[2m:[0m [2mcrates/sui-core/src/consensus_handler.rs[0m[2m:[0m[2m232:[0m Received consensus output [3mconsensus_commit[0m[2m=[0mCommittedSubDag(leader=B218(B,1Jb2), ref=C208(DWD3), blocks=[fTF2, yLvh, 1Jb2]) [3mepoch[0m[2m=[0m1
[2m2025-03-25T07:55:55.776878Z[0m [32m INFO[0m [1mnode[0m[1m{[0m[3mname[0m[2m=[0mk#addeef94..[1m}[0m[2m:[0m [2mconsensus_core::core[0m[2m:[0m [2mconsensus/core/src/core.rs[0m[2m:[0m[2m630:[0m Committing 1 leaders: B218(B,1Jb2)
[2m2025-03-25T07:55:55.776973Z[0m [32m INFO[0m [1mnode[0m[1m{[0m[3mname[0m[2m=[0mk#addeef94..[1m}[0m[2m:[0m [2mconsensus_core::commit_observer[0m[2m:[0m [2mconsensus/core/src/commit_observer.rs[0m[2m:[0m[2m173:[0m Consensus commit C208(DWD3) with leader B218(B,1Jb2) has 3 blocks
[2m2025-03-25T07:55:55.777102Z[0m [32m INFO[0m [1mnode[0m[1m{[0m[3mname[0m[2m=[0mk#addeef94..[1m}[0m[2m:[0m [2msui_core::consensus_handler[0m[2m:[0m [2mcrates/sui-core/src/consensus_handler.rs[0m[2m:[0m[2m232:[0m Received consensus output [3mconsensus_commit[0m[2m=[0mCommittedSubDag(leader=B218(B,1Jb2), ref=C208(DWD3), blocks=[fTF2, yLvh, 1Jb2]) [3mepoch[0m[2m=[0m1
[2m2025-03-25T07:55:55.818772Z[0m [32m INFO[0m [1mnode[0m[1m{[0m[3mname[0m[2m=[0mk#8dcff6d1..[1m}[0m[2m:[0m [2msui_core::checkpoints[0m[2m:[0m [2mcrates/sui-core/src/checkpoints/mod.rs[0m[2m:[0m[2m1326:[0m Creating checkpoint(s) for 1 transactions [3mnext_checkpoint_seq[0m[2m=[0m421 [3mcheckpoint_timestamp[0m[2m=[0m1742889355260
[2m2025-03-25T07:55:55.818895Z[0m [32m INFO[0m [1mnode[0m[1m{[0m[3mname[0m[2m=[0mk#99f25ef6..[1m}[0m[2m:[0m [2msui_core::checkpoints[0m[2m:[0m [2mcrates/sui-core/src/checkpoints/mod.rs[0m[2m:[0m[2m1326:[0m Creating checkpoint(s) for 1 transactions [3mnext_checkpoint_seq[0m[2m=[0m421 [3mcheckpoint_timestamp[0m[2m=[0m1742889355260
[2m2025-03-25T07:55:55.819012Z[0m [32m INFO[0m [1mnode[0m[1m{[0m[3mname[0m[2m=[0mk#8dcff6d1..[1m}[0m[2m:[0m [2msui_core::checkpoints::checkpoint_output[0m[2m:[0m [2mcrates/sui-core/src/checkpoints/checkpoint_output.rs[0m[2m:[0m[2m149:[0m Creating checkpoint CheckpointDigest(AGdH3gvTdH71AaD1y5MRD1zMqkCUDZrCcF2jaBppmNK4) at epoch 1, sequence 421, previous digest Some(CheckpointDigest(HFVsMntLp4VjX6zyHR8o4W5Wg3r3jTzGMbtaiKGwYEqC)), transactions count 1, content digest CheckpointContentsDigest(ALcMkvK6T1SvPXvUFroKudNirX4DKDKnwRToYLYW9q2c), end_of_epoch_data None
[2m2025-03-25T07:55:55.819066Z[0m [32m INFO[0m [1mnode[0m[1m{[0m[3mname[0m[2m=[0mk#99f25ef6..[1m}[0m[2m:[0m [2msui_core::checkpoints::checkpoint_output[0m[2m:[0m [2mcrates/sui-core/src/checkpoints/checkpoint_output.rs[0m[2m:[0m[2m149:[0m Creating checkpoint CheckpointDigest(AGdH3gvTdH71AaD1y5MRD1zMqkCUDZrCcF2jaBppmNK4) at epoch 1, sequence 421, previous digest Some(CheckpointDigest(HFVsMntLp4VjX6zyHR8o4W5Wg3r3jTzGMbtaiKGwYEqC)), transactions count 1, content digest CheckpointContentsDigest(ALcMkvK6T1SvPXvUFroKudNirX4DKDKnwRToYLYW9q2c), end_of_epoch_data None
[2m2025-03-25T07:55:55.821015Z[0m [32m INFO[0m [1mnode[0m[1m{[0m[3mname[0m[2m=[0mk#addeef94..[1m}[0m[2m:[0m [2msui_core::checkpoints[0m[2m:[0m [2mcrates/sui-core/src/checkpoints/mod.rs[0m[2m:[0m[2m1326:[0m Creating checkpoint(s) for 1 transactions [3mnext_checkpoint_seq[0m[2m=[0m421 [3mcheckpoint_timestamp[0m[2m=[0m1742889355260
[2m2025-03-25T07:55:55.821191Z[0m [32m INFO[0m [1mnode[0m[1m{[0m[3mname[0m[2m=[0mk#addeef94..[1m}[0m[2m:[0m [2msui_core::checkpoints::checkpoint_output[0m[2m:[0m [2mcrates/sui-core/src/checkpoints/checkpoint_output.rs[0m[2m:[0m[2m149:[0m Creating checkpoint CheckpointDigest(AGdH3gvTdH71AaD1y5MRD1zMqkCUDZrCcF2jaBppmNK4) at epoch 1, sequence 421, previous digest Some(CheckpointDigest(HFVsMntLp4VjX6zyHR8o4W5Wg3r3jTzGMbtaiKGwYEqC)), transactions count 1, content digest CheckpointContentsDigest(ALcMkvK6T1SvPXvUFroKudNirX4DKDKnwRToYLYW9q2c), end_of_epoch_data None
[2m2025-03-25T07:55:55.822255Z[0m [32m INFO[0m [1mnode[0m[1m{[0m[3mname[0m[2m=[0mk#8dcff6d1..[1m}[0m[2m:[0m [2msui_core::checkpoints::checkpoint_output[0m[2m:[0m [2mcrates/sui-core/src/checkpoints/checkpoint_output.rs[0m[2m:[0m[2m196:[0m Certified checkpoint with sequence 420 and digest HFVsMntLp4VjX6zyHR8o4W5Wg3r3jTzGMbtaiKGwYEqC
[2m2025-03-25T07:55:55.822367Z[0m [32m INFO[0m [1mnode[0m[1m{[0m[3mname[0m[2m=[0mk#99f25ef6..[1m}[0m[2m:[0m [2msui_core::checkpoints::checkpoint_output[0m[2m:[0m [2mcrates/sui-core/src/checkpoints/checkpoint_output.rs[0m[2m:[0m[2m196:[0m Certified checkpoint with sequence 420 and digest HFVsMntLp4VjX6zyHR8o4W5Wg3r3jTzGMbtaiKGwYEqC
[2m2025-03-25T07:55:55.825877Z[0m [32m INFO[0m [1mnode[0m[1m{[0m[3mname[0m[2m=[0mk#8dcff6d1..[1m}[0m[2m:[0m [2msui_core::checkpoints::checkpoint_executor[0m[2m:[0m [2mcrates/sui-core/src/checkpoints/checkpoint_executor/mod.rs[0m[2m:[0m[2m332:[0m Received checkpoint summary from state sync [3msequence_number[0m[2m=[0m420
[2m2025-03-25T07:55:55.825946Z[0m [32m INFO[0m [1mnode[0m[1m{[0m[3mname[0m[2m=[0mk#99f25ef6..[1m}[0m[2m:[0m [2msui_core::checkpoints::checkpoint_executor[0m[2m:[0m [2mcrates/sui-core/src/checkpoints/checkpoint_executor/mod.rs[0m[2m:[0m[2m332:[0m Received checkpoint summary from state sync [3msequence_number[0m[2m=[0m420
[2m2025-03-25T07:55:55.844751Z[0m [32m INFO[0m [1mnode[0m[1m{[0m[3mname[0m[2m=[0mk#8dcff6d1..[1m}[0m[2m:[0m [2msui_core::state_accumulator[0m[2m:[0m [2mcrates/sui-core/src/state_accumulator.rs[0m[2m:[0m[2m675:[0m accumulating running root for checkpoint 420
[2m2025-03-25T07:55:55.844751Z[0m [32m INFO[0m [1mnode[0m[1m{[0m[3mname[0m[2m=[0mk#99f25ef6..[1m}[0m[2m:[0m [2msui_core::state_accumulator[0m[2m:[0m [2mcrates/sui-core/src/state_accumulator.rs[0m[2m:[0m[2m675:[0m accumulating running root for checkpoint 420
[2m2025-03-25T07:55:55.887826Z[0m [32m INFO[0m [1mnode[0m[1m{[0m[3mname[0m[2m=[0mk#addeef94..[1m}[0m[2m:[0m [2msui_core::checkpoints::checkpoint_executor[0m[2m:[0m [2mcrates/sui-core/src/checkpoints/checkpoint_executor/mod.rs[0m[2m:[0m[2m332:[0m Received checkpoint summary from state sync [3msequence_number[0m[2m=[0m420
[2m2025-03-25T07:55:55.889200Z[0m [32m INFO[0m [1mnode[0m[1m{[0m[3mname[0m[2m=[0mk#addeef94..[1m}[0m[2m:[0m [2msui_core::state_accumulator[0m[2m:[0m [2mcrates/sui-core/src/state_accumulator.rs[0m[2m:[0m[2m675:[0m accumulating running root for checkpoint 420
[2m2025-03-25T07:55:56.025713Z[0m [32m INFO[0m [1mnode[0m[1m{[0m[3mname[0m[2m=[0mk#8dcff6d1..[1m}[0m[2m:[0m [2mconsensus_core::core[0m[2m:[0m [2mconsensus/core/src/core.rs[0m[2m:[0m[2m945:[0m Included 3 ancestors & excluded 0 ancestors for proposal in round 221
[2m2025-03-25T07:55:56.025949Z[0m [32m INFO[0m [1mnode[0m[1m{[0m[3mname[0m[2m=[0mk#99f25ef6..[1m}[0m[2m:[0m [2mconsensus_core::core[0m[2m:[0m [2mconsensus/core/src/core.rs[0m[2m:[0m[2m945:[0m Included 3 ancestors & excluded 0 ancestors for proposal in round 221
[2m2025-03-25T07:55:56.026081Z[0m [32m INFO[0m [1mnode[0m[1m{[0m[3mname[0m[2m=[0mk#8dcff6d1..[1m}[0m[2m:[0m [2mconsensus_core::core[0m[2m:[0m [2mconsensus/core/src/core.rs[0m[2m:[0m[2m531:[0m Created block B221(A,B7/0LPFPQvmfsVmFf6UDofqYP50mvkjwHQU2xtHyPps=)(1742889356025ms;[B220(A,qffK/Wf7dIBSdNyZU1DXmyfG/gl0n+wIcZEFQ73reYE=), B220(B,0zp22DTHa5uK703PuxLrnXz45NCPqFWON8wVpvozOn0=), B220(C,Ex/50ejjnyXoKZvoZ1M+5M1v3MlBvm8amEE2iKFZsm0=)];1t;1c) for round 221
[2m2025-03-25T07:55:56.026239Z[0m [32m INFO[0m [1mnode[0m[1m{[0m[3mname[0m[2m=[0mk#99f25ef6..[1m}[0m[2m:[0m [2mconsensus_core::core[0m[2m:[0m [2mconsensus/core/src/core.rs[0m[2m:[0m[2m531:[0m Created block B221(B,QPIeW24eAkG3Sfse4CR2cD3aGIxETaH5F7cAQFMKsic=)(1742889356026ms;[B220(B,0zp22DTHa5uK703PuxLrnXz45NCPqFWON8wVpvozOn0=), B220(A,qffK/Wf7dIBSdNyZU1DXmyfG/gl0n+wIcZEFQ73reYE=), B220(C,Ex/50ejjnyXoKZvoZ1M+5M1v3MlBvm8amEE2iKFZsm0=)];1t;1c) for round 221
[2m2025-03-25T07:55:56.029190Z[0m [32m INFO[0m [1mnode[0m[1m{[0m[3mname[0m[2m=[0mk#addeef94..[1m}[0m[2m:[0m [2mconsensus_core::core[0m[2m:[0m [2mconsensus/core/src/core.rs[0m[2m:[0m[2m945:[0m Included 3 ancestors & excluded 0 ancestors for proposal in round 221
[2m2025-03-25T07:55:56.029480Z[0m [32m INFO[0m [1mnode[0m[1m{[0m[3mname[0m[2m=[0mk#addeef94..[1m}[0m[2m:[0m [2mconsensus_core::core[0m[2m:[0m [2mconsensus/core/src/core.rs[0m[2m:[0m[2m531:[0m Created block B221(C,aU/Q6N4x1tIrEYFSr1r+ZVSatKYGAwAkTgpHl5ahFN8=)(1742889356029ms;[B220(C,Ex/50ejjnyXoKZvoZ1M+5M1v3MlBvm8amEE2iKFZsm0=), B220(A,qffK/Wf7dIBSdNyZU1DXmyfG/gl0n+wIcZEFQ73reYE=), B220(B,0zp22DTHa5uK703PuxLrnXz45NCPqFWON8wVpvozOn0=)];1t;1c) for round 221
[2m2025-03-25T07:55:56.029547Z[0m [32m INFO[0m [1mnode[0m[1m{[0m[3mname[0m[2m=[0mk#addeef94..[1m}[0m[2m:[0m [2mconsensus_core::core[0m[2m:[0m [2mconsensus/core/src/core.rs[0m[2m:[0m[2m630:[0m Committing 1 leaders: B219(A,KdZy)
[2m2025-03-25T07:55:56.029615Z[0m [32m INFO[0m [1mnode[0m[1m{[0m[3mname[0m[2m=[0mk#addeef94..[1m}[0m[2m:[0m [2mconsensus_core::commit_observer[0m[2m:[0m [2mconsensus/core/src/commit_observer.rs[0m[2m:[0m[2m173:[0m Consensus commit C209(SErH) with leader B219(A,KdZy) has 3 blocks
[2m2025-03-25T07:55:56.029856Z[0m [32m INFO[0m [1mnode[0m[1m{[0m[3mname[0m[2m=[0mk#addeef94..[1m}[0m[2m:[0m [2msui_core::consensus_handler[0m[2m:[0m [2mcrates/sui-core/src/consensus_handler.rs[0m[2m:[0m[2m232:[0m Received consensus output [3mconsensus_commit[0m[2m=[0mCommittedSubDag(leader=B219(A,KdZy), ref=C209(SErH), blocks=[Bf7F, JosM, KdZy]) [3mepoch[0m[2m=[0m1
[2m2025-03-25T07:55:56.032847Z[0m [32m INFO[0m [1mnode[0m[1m{[0m[3mname[0m[2m=[0mk#8dcff6d1..[1m}[0m[2m:[0m [2msui_core::checkpoints::checkpoint_output[0m[2m:[0m [2mcrates/sui-core/src/checkpoints/checkpoint_output.rs[0m[2m:[0m[2m196:[0m Certified checkpoint with sequence 421 and digest AGdH3gvTdH71AaD1y5MRD1zMqkCUDZrCcF2jaBppmNK4
[2m2025-03-25T07:55:56.032852Z[0m [32m INFO[0m [1mnode[0m[1m{[0m[3mname[0m[2m=[0mk#99f25ef6..[1m}[0m[2m:[0m [2msui_core::checkpoints::checkpoint_output[0m[2m:[0m [2mcrates/sui-core/src/checkpoints/checkpoint_output.rs[0m[2m:[0m[2m196:[0m Certified checkpoint with sequence 421 and digest AGdH3gvTdH71AaD1y5MRD1zMqkCUDZrCcF2jaBppmNK4
[2m2025-03-25T07:55:56.032956Z[0m [32m INFO[0m [1mnode[0m[1m{[0m[3mname[0m[2m=[0mk#99f25ef6..[1m}[0m[2m:[0m [2mconsensus_core::core[0m[2m:[0m [2mconsensus/core/src/core.rs[0m[2m:[0m[2m630:[0m Committing 1 leaders: B219(A,KdZy)
[2m2025-03-25T07:55:56.032956Z[0m [32m INFO[0m [1mnode[0m[1m{[0m[3mname[0m[2m=[0mk#8dcff6d1..[1m}[0m[2m:[0m [2mconsensus_core::core[0m[2m:[0m [2mconsensus/core/src/core.rs[0m[2m:[0m[2m630:[0m Committing 1 leaders: B219(A,KdZy)
[2m2025-03-25T07:55:56.033056Z[0m [32m INFO[0m [1mnode[0m[1m{[0m[3mname[0m[2m=[0mk#8dcff6d1..[1m}[0m[2m:[0m [2mconsensus_core::commit_observer[0m[2m:[0m [2mconsensus/core/src/commit_observer.rs[0m[2m:[0m[2m173:[0m Consensus commit C209(SErH) with leader B219(A,KdZy) has 3 blocks
[2m2025-03-25T07:55:56.033058Z[0m [32m INFO[0m [1mnode[0m[1m{[0m[3mname[0m[2m=[0mk#99f25ef6..[1m}[0m[2m:[0m [2mconsensus_core::commit_observer[0m[2m:[0m [2mconsensus/core/src/commit_observer.rs[0m[2m:[0m[2m173:[0m Consensus commit C209(SErH) with leader B219(A,KdZy) has 3 blocks
[2m2025-03-25T07:55:56.033464Z[0m [32m INFO[0m [1mnode[0m[1m{[0m[3mname[0m[2m=[0mk#8dcff6d1..[1m}[0m[2m:[0m [2msui_core::consensus_handler[0m[2m:[0m [2mcrates/sui-core/src/consensus_handler.rs[0m[2m:[0m[2m232:[0m Received consensus output [3mconsensus_commit[0m[2m=[0mCommittedSubDag(leader=B219(A,KdZy), ref=C209(SErH), blocks=[Bf7F, JosM, KdZy]) [3mepoch[0m[2m=[0m1
[2m2025-03-25T07:55:56.033464Z[0m [32m INFO[0m [1mnode[0m[1m{[0m[3mname[0m[2m=[0mk#99f25ef6..[1m}[0m[2m:[0m [2msui_core::consensus_handler[0m[2m:[0m [2mcrates/sui-core/src/consensus_handler.rs[0m[2m:[0m[2m232:[0m Received consensus output [3mconsensus_commit[0m[2m=[0mCommittedSubDag(leader=B219(A,KdZy), ref=C209(SErH), blocks=[Bf7F, JosM, KdZy]) [3mepoch[0m[2m=[0m1
[2m2025-03-25T07:55:56.034033Z[0m [32m INFO[0m [1mnode[0m[1m{[0m[3mname[0m[2m=[0mk#99f25ef6..[1m}[0m[2m:[0m [2msui_core::checkpoints::checkpoint_executor[0m[2m:[0m [2mcrates/sui-core/src/checkpoints/checkpoint_executor/mod.rs[0m[2m:[0m[2m332:[0m Received checkpoint summary from state sync [3msequence_number[0m[2m=[0m421
[2m2025-03-25T07:55:56.034033Z[0m [32m INFO[0m [1mnode[0m[1m{[0m[3mname[0m[2m=[0mk#8dcff6d1..[1m}[0m[2m:[0m [2msui_core::checkpoints::checkpoint_executor[0m[2m:[0m [2mcrates/sui-core/src/checkpoints/checkpoint_executor/mod.rs[0m[2m:[0m[2m332:[0m Received checkpoint summary from state sync [3msequence_number[0m[2m=[0m421
[2m2025-03-25T07:55:56.035527Z[0m [32m INFO[0m [1mnode[0m[1m{[0m[3mname[0m[2m=[0mk#8dcff6d1..[1m}[0m[2m:[0m [2msui_core::state_accumulator[0m[2m:[0m [2mcrates/sui-core/src/state_accumulator.rs[0m[2m:[0m[2m675:[0m accumulating running root for checkpoint 421
[2m2025-03-25T07:55:56.035528Z[0m [32m INFO[0m [1mnode[0m[1m{[0m[3mname[0m[2m=[0mk#99f25ef6..[1m}[0m[2m:[0m [2msui_core::state_accumulator[0m[2m:[0m [2mcrates/sui-core/src/state_accumulator.rs[0m[2m:[0m[2m675:[0m accumulating running root for checkpoint 421
[2m2025-03-25T07:55:56.056447Z[0m [32m INFO[0m [1mnode[0m[1m{[0m[3mname[0m[2m=[0mk#addeef94..[1m}[0m[2m:[0m [2msui_core::checkpoints[0m[2m:[0m [2mcrates/sui-core/src/checkpoints/mod.rs[0m[2m:[0m[2m1326:[0m Creating checkpoint(s) for 2 transactions [3mnext_checkpoint_seq[0m[2m=[0m422 [3mcheckpoint_timestamp[0m[2m=[0m1742889355513
[2m2025-03-25T07:55:56.056752Z[0m [32m INFO[0m [1mnode[0m[1m{[0m[3mname[0m[2m=[0mk#addeef94..[1m}[0m[2m:[0m [2msui_core::checkpoints::checkpoint_output[0m[2m:[0m [2mcrates/sui-core/src/checkpoints/checkpoint_output.rs[0m[2m:[0m[2m149:[0m Creating checkpoint CheckpointDigest(47rY48Yv5amWqECxFUhQ8uzVKQ1P4B4ist1iZQUyjUgu) at epoch 1, sequence 422, previous digest Some(CheckpointDigest(AGdH3gvTdH71AaD1y5MRD1zMqkCUDZrCcF2jaBppmNK4)), transactions count 2, content digest CheckpointContentsDigest(59f1xu65HWHzLt2TjYQpKWf8W7RpMy9dkn54NiCzG7vM), end_of_epoch_data None
[2m2025-03-25T07:55:56.059387Z[0m [32m INFO[0m [1mnode[0m[1m{[0m[3mname[0m[2m=[0mk#addeef94..[1m}[0m[2m:[0m [2msui_core::checkpoints::checkpoint_executor[0m[2m:[0m [2mcrates/sui-core/src/checkpoints/checkpoint_executor/mod.rs[0m[2m:[0m[2m332:[0m Received checkpoint summary from state sync [3msequence_number[0m[2m=[0m421
[2m2025-03-25T07:55:56.060181Z[0m [32m INFO[0m [1mnode[0m[1m{[0m[3mname[0m[2m=[0mk#addeef94..[1m}[0m[2m:[0m [2msui_core::state_accumulator[0m[2m:[0m [2mcrates/sui-core/src/state_accumulator.rs[0m[2m:[0m[2m675:[0m accumulating running root for checkpoint 421
[2m2025-03-25T07:55:56.060931Z[0m [32m INFO[0m [1mnode[0m[1m{[0m[3mname[0m[2m=[0mk#99f25ef6..[1m}[0m[2m:[0m [2msui_core::checkpoints[0m[2m:[0m [2mcrates/sui-core/src/checkpoints/mod.rs[0m[2m:[0m[2m1326:[0m Creating checkpoint(s) for 2 transactions [3mnext_checkpoint_seq[0m[2m=[0m422 [3mcheckpoint_timestamp[0m[2m=[0m1742889355513
[2m2025-03-25T07:55:56.060933Z[0m [32m INFO[0m [1mnode[0m[1m{[0m[3mname[0m[2m=[0mk#8dcff6d1..[1m}[0m[2m:[0m [2msui_core::checkpoints[0m[2m:[0m [2mcrates/sui-core/src/checkpoints/mod.rs[0m[2m:[0m[2m1326:[0m Creating checkpoint(s) for 2 transactions [3mnext_checkpoint_seq[0m[2m=[0m422 [3mcheckpoint_timestamp[0m[2m=[0m1742889355513
[2m2025-03-25T07:55:56.061198Z[0m [32m INFO[0m [1mnode[0m[1m{[0m[3mname[0m[2m=[0mk#99f25ef6..[1m}[0m[2m:[0m [2msui_core::checkpoints::checkpoint_output[0m[2m:[0m [2mcrates/sui-core/src/checkpoints/checkpoint_output.rs[0m[2m:[0m[2m149:[0m Creating checkpoint CheckpointDigest(47rY48Yv5amWqECxFUhQ8uzVKQ1P4B4ist1iZQUyjUgu) at epoch 1, sequence 422, previous digest Some(CheckpointDigest(AGdH3gvTdH71AaD1y5MRD1zMqkCUDZrCcF2jaBppmNK4)), transactions count 2, content digest CheckpointContentsDigest(59f1xu65HWHzLt2TjYQpKWf8W7RpMy9dkn54NiCzG7vM), end_of_epoch_data None
[2m2025-03-25T07:55:56.061198Z[0m [32m INFO[0m [1mnode[0m[1m{[0m[3mname[0m[2m=[0mk#8dcff6d1..[1m}[0m[2m:[0m [2msui_core::checkpoints::checkpoint_output[0m[2m:[0m [2mcrates/sui-core/src/checkpoints/checkpoint_output.rs[0m[2m:[0m[2m149:[0m Creating checkpoint CheckpointDigest(47rY48Yv5amWqECxFUhQ8uzVKQ1P4B4ist1iZQUyjUgu) at epoch 1, sequence 422, previous digest Some(CheckpointDigest(AGdH3gvTdH71AaD1y5MRD1zMqkCUDZrCcF2jaBppmNK4)), transactions count 2, content digest CheckpointContentsDigest(59f1xu65HWHzLt2TjYQpKWf8W7RpMy9dkn54NiCzG7vM), end_of_epoch_data None
[2m2025-03-25T07:55:56.282440Z[0m [32m INFO[0m [1mnode[0m[1m{[0m[3mname[0m[2m=[0mk#addeef94..[1m}[0m[2m:[0m [2mconsensus_core::core[0m[2m:[0m [2mconsensus/core/src/core.rs[0m[2m:[0m[2m945:[0m Included 3 ancestors & excluded 0 ancestors for proposal in round 222
[2m2025-03-25T07:55:56.282833Z[0m [32m INFO[0m [1mnode[0m[1m{[0m[3mname[0m[2m=[0mk#addeef94..[1m}[0m[2m:[0m [2mconsensus_core::core[0m[2m:[0m [2mconsensus/core/src/core.rs[0m[2m:[0m[2m531:[0m Created block B222(C,gHK6WyNu/9MHVbbwcsM+qukdmyOKMKPGUSWXB0oTjCo=)(1742889356282ms;[B221(C,aU/Q6N4x1tIrEYFSr1r+ZVSatKYGAwAkTgpHl5ahFN8=), B221(A,B7/0LPFPQvmfsVmFf6UDofqYP50mvkjwHQU2xtHyPps=), B221(B,QPIeW24eAkG3Sfse4CR2cD3aGIxETaH5F7cAQFMKsic=)];1t;1c) for round 222
[2m2025-03-25T07:55:56.284743Z[0m [32m INFO[0m [1mnode[0m[1m{[0m[3mname[0m[2m=[0mk#8dcff6d1..[1m}[0m[2m:[0m [2mconsensus_core::core[0m[2m:[0m [2mconsensus/core/src/core.rs[0m[2m:[0m[2m945:[0m Included 3 ancestors & excluded 0 ancestors for proposal in round 222
[2m2025-03-25T07:55:56.284743Z[0m [32m INFO[0m [1mnode[0m[1m{[0m[3mname[0m[2m=[0mk#99f25ef6..[1m}[0m[2m:[0m [2mconsensus_core::core[0m[2m:[0m [2mconsensus/core/src/core.rs[0m[2m:[0m[2m945:[0m Included 3 ancestors & excluded 0 ancestors for proposal in round 222
[2m2025-03-25T07:55:56.285029Z[0m [32m INFO[0m [1mnode[0m[1m{[0m[3mname[0m[2m=[0mk#99f25ef6..[1m}[0m[2m:[0m [2mconsensus_core::core[0m[2m:[0m [2mconsensus/core/src/core.rs[0m[2m:[0m[2m531:[0m Created block B222(B,PNTCUwAvi0FOlfg3NcPJLAVMQ7kgkBwSGqORc788Ps4=)(1742889356284ms;[B221(B,QPIeW24eAkG3Sfse4CR2cD3aGIxETaH5F7cAQFMKsic=), B221(A,B7/0LPFPQvmfsVmFf6UDofqYP50mvkjwHQU2xtHyPps=), B221(C,aU/Q6N4x1tIrEYFSr1r+ZVSatKYGAwAkTgpHl5ahFN8=)];1t;1c) for round 222
[2m2025-03-25T07:55:56.285029Z[0m [32m INFO[0m [1mnode[0m[1m{[0m[3mname[0m[2m=[0mk#8dcff6d1..[1m}[0m[2m:[0m [2mconsensus_core::core[0m[2m:[0m [2mconsensus/core/src/core.rs[0m[2m:[0m[2m531:[0m Created block B222(A,6WS4+Wql+AHtjU5mpo3KiKlsEtHlp+QqvbuJtN5IZao=)(1742889356284ms;[B221(A,B7/0LPFPQvmfsVmFf6UDofqYP50mvkjwHQU2xtHyPps=), B221(B,QPIeW24eAkG3Sfse4CR2cD3aGIxETaH5F7cAQFMKsic=), B221(C,aU/Q6N4x1tIrEYFSr1r+ZVSatKYGAwAkTgpHl5ahFN8=)];1t;1c) for round 222
[2m2025-03-25T07:55:56.285099Z[0m [32m INFO[0m [1mnode[0m[1m{[0m[3mname[0m[2m=[0mk#8dcff6d1..[1m}[0m[2m:[0m [2mconsensus_core::core[0m[2m:[0m [2mconsensus/core/src/core.rs[0m[2m:[0m[2m630:[0m Committing 1 leaders: B220(B,0zp2)
[2m2025-03-25T07:55:56.285099Z[0m [32m INFO[0m [1mnode[0m[1m{[0m[3mname[0m[2m=[0mk#99f25ef6..[1m}[0m[2m:[0m [2mconsensus_core::core[0m[2m:[0m [2mconsensus/core/src/core.rs[0m[2m:[0m[2m630:[0m Committing 1 leaders: B220(B,0zp2)
[2m2025-03-25T07:55:56.285169Z[0m [32m INFO[0m [1mnode[0m[1m{[0m[3mname[0m[2m=[0mk#8dcff6d1..[1m}[0m[2m:[0m [2mconsensus_core::commit_observer[0m[2m:[0m [2mconsensus/core/src/commit_observer.rs[0m[2m:[0m[2m173:[0m Consensus commit C210(nbC8) with leader B220(B,0zp2) has 3 blocks
[2m2025-03-25T07:55:56.285170Z[0m [32m INFO[0m [1mnode[0m[1m{[0m[3mname[0m[2m=[0mk#99f25ef6..[1m}[0m[2m:[0m [2mconsensus_core::commit_observer[0m[2m:[0m [2mconsensus/core/src/commit_observer.rs[0m[2m:[0m[2m173:[0m Consensus commit C210(nbC8) with leader B220(B,0zp2) has 3 blocks
[2m2025-03-25T07:55:56.285254Z[0m [32m INFO[0m [1mnode[0m[1m{[0m[3mname[0m[2m=[0mk#8dcff6d1..[1m}[0m[2m:[0m [2msui_core::consensus_handler[0m[2m:[0m [2mcrates/sui-core/src/consensus_handler.rs[0m[2m:[0m[2m232:[0m Received consensus output [3mconsensus_commit[0m[2m=[0mCommittedSubDag(leader=B220(B,0zp2), ref=C210(nbC8), blocks=[1cUA, 1p3L, 0zp2]) [3mepoch[0m[2m=[0m1
[2m2025-03-25T07:55:56.285254Z[0m [32m INFO[0m [1mnode[0m[1m{[0m[3mname[0m[2m=[0mk#99f25ef6..[1m}[0m[2m:[0m [2msui_core::consensus_handler[0m[2m:[0m [2mcrates/sui-core/src/consensus_handler.rs[0m[2m:[0m[2m232:[0m Received consensus output [3mconsensus_commit[0m[2m=[0mCommittedSubDag(leader=B220(B,0zp2), ref=C210(nbC8), blocks=[1cUA, 1p3L, 0zp2]) [3mepoch[0m[2m=[0m1
[2m2025-03-25T07:55:56.288913Z[0m [32m INFO[0m [1mnode[0m[1m{[0m[3mname[0m[2m=[0mk#addeef94..[1m}[0m[2m:[0m [2mconsensus_core::core[0m[2m:[0m [2mconsensus/core/src/core.rs[0m[2m:[0m[2m630:[0m Committing 1 leaders: B220(B,0zp2)
[2m2025-03-25T07:55:56.288999Z[0m [32m INFO[0m [1mnode[0m[1m{[0m[3mname[0m[2m=[0mk#addeef94..[1m}[0m[2m:[0m [2mconsensus_core::commit_observer[0m[2m:[0m [2mconsensus/core/src/commit_observer.rs[0m[2m:[0m[2m173:[0m Consensus commit C210(nbC8) with leader B220(B,0zp2) has 3 blocks
[2m2025-03-25T07:55:56.289124Z[0m [32m INFO[0m [1mnode[0m[1m{[0m[3mname[0m[2m=[0mk#addeef94..[1m}[0m[2m:[0m [2msui_core::consensus_handler[0m[2m:[0m [2mcrates/sui-core/src/consensus_handler.rs[0m[2m:[0m[2m232:[0m Received consensus output [3mconsensus_commit[0m[2m=[0mCommittedSubDag(leader=B220(B,0zp2), ref=C210(nbC8), blocks=[1cUA, 1p3L, 0zp2]) [3mepoch[0m[2m=[0m1
[2m2025-03-25T07:55:56.330627Z[0m [32m INFO[0m [1mnode[0m[1m{[0m[3mname[0m[2m=[0mk#99f25ef6..[1m}[0m[2m:[0m [2msui_core::checkpoints[0m[2m:[0m [2mcrates/sui-core/src/checkpoints/mod.rs[0m[2m:[0m[2m1326:[0m Creating checkpoint(s) for 1 transactions [3mnext_checkpoint_seq[0m[2m=[0m423 [3mcheckpoint_timestamp[0m[2m=[0m1742889355772
[2m2025-03-25T07:55:56.330627Z[0m [32m INFO[0m [1mnode[0m[1m{[0m[3mname[0m[2m=[0mk#8dcff6d1..[1m}[0m[2m:[0m [2msui_core::checkpoints[0m[2m:[0m [2mcrates/sui-core/src/checkpoints/mod.rs[0m[2m:[0m[2m1326:[0m Creating checkpoint(s) for 1 transactions [3mnext_checkpoint_seq[0m[2m=[0m423 [3mcheckpoint_timestamp[0m[2m=[0m1742889355772
[2m2025-03-25T07:55:56.330855Z[0m [32m INFO[0m [1mnode[0m[1m{[0m[3mname[0m[2m=[0mk#8dcff6d1..[1m}[0m[2m:[0m [2msui_core::checkpoints::checkpoint_output[0m[2m:[0m [2mcrates/sui-core/src/checkpoints/checkpoint_output.rs[0m[2m:[0m[2m149:[0m Creating checkpoint CheckpointDigest(7Mfz65MpNYTprgBp4FYukft4PXrtUbNnmPVvWyrk6irx) at epoch 1, sequence 423, previous digest Some(CheckpointDigest(47rY48Yv5amWqECxFUhQ8uzVKQ1P4B4ist1iZQUyjUgu)), transactions count 1, content digest CheckpointContentsDigest(EdPjaZat6568Pp22sy7xjNSHCMmiH6uGBbxThi4PP9ge), end_of_epoch_data None
[2m2025-03-25T07:55:56.330855Z[0m [32m INFO[0m [1mnode[0m[1m{[0m[3mname[0m[2m=[0mk#99f25ef6..[1m}[0m[2m:[0m [2msui_core::checkpoints::checkpoint_output[0m[2m:[0m [2mcrates/sui-core/src/checkpoints/checkpoint_output.rs[0m[2m:[0m[2m149:[0m Creating checkpoint CheckpointDigest(7Mfz65MpNYTprgBp4FYukft4PXrtUbNnmPVvWyrk6irx) at epoch 1, sequence 423, previous digest Some(CheckpointDigest(47rY48Yv5amWqECxFUhQ8uzVKQ1P4B4ist1iZQUyjUgu)), transactions count 1, content digest CheckpointContentsDigest(EdPjaZat6568Pp22sy7xjNSHCMmiH6uGBbxThi4PP9ge), end_of_epoch_data None
[2m2025-03-25T07:55:56.333078Z[0m [32m INFO[0m [1mnode[0m[1m{[0m[3mname[0m[2m=[0mk#addeef94..[1m}[0m[2m:[0m [2msui_core::checkpoints[0m[2m:[0m [2mcrates/sui-core/src/checkpoints/mod.rs[0m[2m:[0m[2m1326:[0m Creating checkpoint(s) for 1 transactions [3mnext_checkpoint_seq[0m[2m=[0m423 [3mcheckpoint_timestamp[0m[2m=[0m1742889355772
[2m2025-03-25T07:55:56.333254Z[0m [32m INFO[0m [1mnode[0m[1m{[0m[3mname[0m[2m=[0mk#addeef94..[1m}[0m[2m:[0m [2msui_core::checkpoints::checkpoint_output[0m[2m:[0m [2mcrates/sui-core/src/checkpoints/checkpoint_output.rs[0m[2m:[0m[2m149:[0m Creating checkpoint CheckpointDigest(7Mfz65MpNYTprgBp4FYukft4PXrtUbNnmPVvWyrk6irx) at epoch 1, sequence 423, previous digest Some(CheckpointDigest(47rY48Yv5amWqECxFUhQ8uzVKQ1P4B4ist1iZQUyjUgu)), transactions count 1, content digest CheckpointContentsDigest(EdPjaZat6568Pp22sy7xjNSHCMmiH6uGBbxThi4PP9ge), end_of_epoch_data None
[2m2025-03-25T07:55:56.334030Z[0m [32m INFO[0m [1mnode[0m[1m{[0m[3mname[0m[2m=[0mk#99f25ef6..[1m}[0m[2m:[0m [2msui_core::checkpoints::checkpoint_output[0m[2m:[0m [2mcrates/sui-core/src/checkpoints/checkpoint_output.rs[0m[2m:[0m[2m196:[0m Certified checkpoint with sequence 422 and digest 47rY48Yv5amWqECxFUhQ8uzVKQ1P4B4ist1iZQUyjUgu
[2m2025-03-25T07:55:56.334033Z[0m [32m INFO[0m [1mnode[0m[1m{[0m[3mname[0m[2m=[0mk#8dcff6d1..[1m}[0m[2m:[0m [2msui_core::checkpoints::checkpoint_output[0m[2m:[0m [2mcrates/sui-core/src/checkpoints/checkpoint_output.rs[0m[2m:[0m[2m196:[0m Certified checkpoint with sequence 422 and digest 47rY48Yv5amWqECxFUhQ8uzVKQ1P4B4ist1iZQUyjUgu
[2m2025-03-25T07:55:56.337127Z[0m [32m INFO[0m [1mnode[0m[1m{[0m[3mname[0m[2m=[0mk#8dcff6d1..[1m}[0m[2m:[0m [2msui_core::checkpoints::checkpoint_executor[0m[2m:[0m [2mcrates/sui-core/src/checkpoints/checkpoint_executor/mod.rs[0m[2m:[0m[2m332:[0m Received checkpoint summary from state sync [3msequence_number[0m[2m=[0m422
[2m2025-03-25T07:55:56.337137Z[0m [32m INFO[0m [1mnode[0m[1m{[0m[3mname[0m[2m=[0mk#99f25ef6..[1m}[0m[2m:[0m [2msui_core::checkpoints::checkpoint_executor[0m[2m:[0m [2mcrates/sui-core/src/checkpoints/checkpoint_executor/mod.rs[0m[2m:[0m[2m332:[0m Received checkpoint summary from state sync [3msequence_number[0m[2m=[0m422
[2m2025-03-25T07:55:56.355468Z[0m [32m INFO[0m [1mnode[0m[1m{[0m[3mname[0m[2m=[0mk#8dcff6d1..[1m}[0m[2m:[0m [2msui_core::state_accumulator[0m[2m:[0m [2mcrates/sui-core/src/state_accumulator.rs[0m[2m:[0m[2m675:[0m accumulating running root for checkpoint 422
[2m2025-03-25T07:55:56.355469Z[0m [32m INFO[0m [1mnode[0m[1m{[0m[3mname[0m[2m=[0mk#99f25ef6..[1m}[0m[2m:[0m [2msui_core::state_accumulator[0m[2m:[0m [2mcrates/sui-core/src/state_accumulator.rs[0m[2m:[0m[2m675:[0m accumulating running root for checkpoint 422
[2m2025-03-25T07:55:56.399875Z[0m [32m INFO[0m [1mnode[0m[1m{[0m[3mname[0m[2m=[0mk#addeef94..[1m}[0m[2m:[0m [2msui_core::checkpoints::checkpoint_executor[0m[2m:[0m [2mcrates/sui-core/src/checkpoints/checkpoint_executor/mod.rs[0m[2m:[0m[2m332:[0m Received checkpoint summary from state sync [3msequence_number[0m[2m=[0m422
[2m2025-03-25T07:55:56.401185Z[0m [32m INFO[0m [1mnode[0m[1m{[0m[3mname[0m[2m=[0mk#addeef94..[1m}[0m[2m:[0m [2msui_core::state_accumulator[0m[2m:[0m [2mcrates/sui-core/src/state_accumulator.rs[0m[2m:[0m[2m675:[0m accumulating running root for checkpoint 422
[2m2025-03-25T07:55:56.536979Z[0m [32m INFO[0m [1mnode[0m[1m{[0m[3mname[0m[2m=[0mk#8dcff6d1..[1m}[0m[2m:[0m [2mconsensus_core::core[0m[2m:[0m [2mconsensus/core/src/core.rs[0m[2m:[0m[2m945:[0m Included 3 ancestors & excluded 0 ancestors for proposal in round 223
[2m2025-03-25T07:55:56.537339Z[0m [32m INFO[0m [1mnode[0m[1m{[0m[3mname[0m[2m=[0mk#8dcff6d1..[1m}[0m[2m:[0m [2mconsensus_core::core[0m[2m:[0m [2mconsensus/core/src/core.rs[0m[2m:[0m[2m531:[0m Created block B223(A,9GGEbOHIIdZwV6d3o22z5SHTV8FHlKC5snUNRGsijgg=)(1742889356537ms;[B222(A,6WS4+Wql+AHtjU5mpo3KiKlsEtHlp+QqvbuJtN5IZao=), B222(B,PNTCUwAvi0FOlfg3NcPJLAVMQ7kgkBwSGqORc788Ps4=), B222(C,gHK6WyNu/9MHVbbwcsM+qukdmyOKMKPGUSWXB0oTjCo=)];1t;1c) for round 223
[2m2025-03-25T07:55:56.538951Z[0m [32m INFO[0m [1mnode[0m[1m{[0m[3mname[0m[2m=[0mk#99f25ef6..[1m}[0m[2m:[0m [2mconsensus_core::core[0m[2m:[0m [2mconsensus/core/src/core.rs[0m[2m:[0m[2m945:[0m Included 3 ancestors & excluded 0 ancestors for proposal in round 223
[2m2025-03-25T07:55:56.539241Z[0m [32m INFO[0m [1mnode[0m[1m{[0m[3mname[0m[2m=[0mk#99f25ef6..[1m}[0m[2m:[0m [2mconsensus_core::core[0m[2m:[0m [2mconsensus/core/src/core.rs[0m[2m:[0m[2m531:[0m Created block B223(B,cA68Hp4FZMRWcIN9RzpNo/fZnY2jK4AI1RkRFK7U+Ao=)(1742889356539ms;[B222(B,PNTCUwAvi0FOlfg3NcPJLAVMQ7kgkBwSGqORc788Ps4=), B222(A,6WS4+Wql+AHtjU5mpo3KiKlsEtHlp+QqvbuJtN5IZao=), B222(C,gHK6WyNu/9MHVbbwcsM+qukdmyOKMKPGUSWXB0oTjCo=)];1t;1c) for round 223
[2m2025-03-25T07:55:56.541023Z[0m [32m INFO[0m [1mnode[0m[1m{[0m[3mname[0m[2m=[0mk#addeef94..[1m}[0m[2m:[0m [2mconsensus_core::core[0m[2m:[0m [2mconsensus/core/src/core.rs[0m[2m:[0m[2m945:[0m Included 3 ancestors & excluded 0 ancestors for proposal in round 223
[2m2025-03-25T07:55:56.541329Z[0m [32m INFO[0m [1mnode[0m[1m{[0m[3mname[0m[2m=[0mk#addeef94..[1m}[0m[2m:[0m [2mconsensus_core::core[0m[2m:[0m [2mconsensus/core/src/core.rs[0m[2m:[0m[2m531:[0m Created block B223(C,v0M/LozibKT7txiVFDrlYOEKL2jYnK592r636cVKywM=)(1742889356541ms;[B222(C,gHK6WyNu/9MHVbbwcsM+qukdmyOKMKPGUSWXB0oTjCo=), B222(A,6WS4+Wql+AHtjU5mpo3KiKlsEtHlp+QqvbuJtN5IZao=), B222(B,PNTCUwAvi0FOlfg3NcPJLAVMQ7kgkBwSGqORc788Ps4=)];1t;1c) for round 223
[2m2025-03-25T07:55:56.541397Z[0m [32m INFO[0m [1mnode[0m[1m{[0m[3mname[0m[2m=[0mk#addeef94..[1m}[0m[2m:[0m [2mconsensus_core::core[0m[2m:[0m [2mconsensus/core/src/core.rs[0m[2m:[0m[2m630:[0m Committing 1 leaders: B221(C,aU/Q)
[2m2025-03-25T07:55:56.541465Z[0m [32m INFO[0m [1mnode[0m[1m{[0m[3mname[0m[2m=[0mk#addeef94..[1m}[0m[2m:[0m [2mconsensus_core::commit_observer[0m[2m:[0m [2mconsensus/core/src/commit_observer.rs[0m[2m:[0m[2m173:[0m Consensus commit C211(jPCd) with leader B221(C,aU/Q) has 3 blocks
[2m2025-03-25T07:55:56.541546Z[0m [32m INFO[0m [1mnode[0m[1m{[0m[3mname[0m[2m=[0mk#addeef94..[1m}[0m[2m:[0m [2msui_core::consensus_handler[0m[2m:[0m [2mcrates/sui-core/src/consensus_handler.rs[0m[2m:[0m[2m232:[0m Received consensus output [3mconsensus_commit[0m[2m=[0mCommittedSubDag(leader=B221(C,aU/Q), ref=C211(jPCd), blocks=[qffK, Ex/5, aU/Q]) [3mepoch[0m[2m=[0m1
[2m2025-03-25T07:55:56.544522Z[0m [32m INFO[0m [1mnode[0m[1m{[0m[3mname[0m[2m=[0mk#99f25ef6..[1m}[0m[2m:[0m [2msui_core::checkpoints::checkpoint_output[0m[2m:[0m [2mcrates/sui-core/src/checkpoints/checkpoint_output.rs[0m[2m:[0m[2m196:[0m Certified checkpoint with sequence 423 and digest 7Mfz65MpNYTprgBp4FYukft4PXrtUbNnmPVvWyrk6irx
[2m2025-03-25T07:55:56.544525Z[0m [32m INFO[0m [1mnode[0m[1m{[0m[3mname[0m[2m=[0mk#8dcff6d1..[1m}[0m[2m:[0m [2msui_core::checkpoints::checkpoint_output[0m[2m:[0m [2mcrates/sui-core/src/checkpoints/checkpoint_output.rs[0m[2m:[0m[2m196:[0m Certified checkpoint with sequence 423 and digest 7Mfz65MpNYTprgBp4FYukft4PXrtUbNnmPVvWyrk6irx
[2m2025-03-25T07:55:56.544630Z[0m [32m INFO[0m [1mnode[0m[1m{[0m[3mname[0m[2m=[0mk#99f25ef6..[1m}[0m[2m:[0m [2mconsensus_core::core[0m[2m:[0m [2mconsensus/core/src/core.rs[0m[2m:[0m[2m630:[0m Committing 1 leaders: B221(C,aU/Q)
[2m2025-03-25T07:55:56.544632Z[0m [32m INFO[0m [1mnode[0m[1m{[0m[3mname[0m[2m=[0mk#8dcff6d1..[1m}[0m[2m:[0m [2mconsensus_core::core[0m[2m:[0m [2mconsensus/core/src/core.rs[0m[2m:[0m[2m630:[0m Committing 1 leaders: B221(C,aU/Q)
[2m2025-03-25T07:55:56.544735Z[0m [32m INFO[0m [1mnode[0m[1m{[0m[3mname[0m[2m=[0mk#99f25ef6..[1m}[0m[2m:[0m [2mconsensus_core::commit_observer[0m[2m:[0m [2mconsensus/core/src/commit_observer.rs[0m[2m:[0m[2m173:[0m Consensus commit C211(jPCd) with leader B221(C,aU/Q) has 3 blocks
[2m2025-03-25T07:55:56.544737Z[0m [32m INFO[0m [1mnode[0m[1m{[0m[3mname[0m[2m=[0mk#8dcff6d1..[1m}[0m[2m:[0m [2mconsensus_core::commit_observer[0m[2m:[0m [2mconsensus/core/src/commit_observer.rs[0m[2m:[0m[2m173:[0m Consensus commit C211(jPCd) with leader B221(C,aU/Q) has 3 blocks
[2m2025-03-25T07:55:56.545134Z[0m [32m INFO[0m [1mnode[0m[1m{[0m[3mname[0m[2m=[0mk#8dcff6d1..[1m}[0m[2m:[0m [2msui_core::consensus_handler[0m[2m:[0m [2mcrates/sui-core/src/consensus_handler.rs[0m[2m:[0m[2m232:[0m Received consensus output [3mconsensus_commit[0m[2m=[0mCommittedSubDag(leader=B221(C,aU/Q), ref=C211(jPCd), blocks=[qffK, Ex/5, aU/Q]) [3mepoch[0m[2m=[0m1
[2m2025-03-25T07:55:56.545134Z[0m [32m INFO[0m [1mnode[0m[1m{[0m[3mname[0m[2m=[0mk#99f25ef6..[1m}[0m[2m:[0m [2msui_core::consensus_handler[0m[2m:[0m [2mcrates/sui-core/src/consensus_handler.rs[0m[2m:[0m[2m232:[0m Received consensus output [3mconsensus_commit[0m[2m=[0mCommittedSubDag(leader=B221(C,aU/Q), ref=C211(jPCd), blocks=[qffK, Ex/5, aU/Q]) [3mepoch[0m[2m=[0m1
[2m2025-03-25T07:55:56.545688Z[0m [32m INFO[0m [1mnode[0m[1m{[0m[3mname[0m[2m=[0mk#99f25ef6..[1m}[0m[2m:[0m [2msui_core::checkpoints::checkpoint_executor[0m[2m:[0m [2mcrates/sui-core/src/checkpoints/checkpoint_executor/mod.rs[0m[2m:[0m[2m332:[0m Received checkpoint summary from state sync [3msequence_number[0m[2m=[0m423
[2m2025-03-25T07:55:56.545688Z[0m [32m INFO[0m [1mnode[0m[1m{[0m[3mname[0m[2m=[0mk#8dcff6d1..[1m}[0m[2m:[0m [2msui_core::checkpoints::checkpoint_executor[0m[2m:[0m [2mcrates/sui-core/src/checkpoints/checkpoint_executor/mod.rs[0m[2m:[0m[2m332:[0m Received checkpoint summary from state sync [3msequence_number[0m[2m=[0m423
[2m2025-03-25T07:55:56.547125Z[0m [32m INFO[0m [1mnode[0m[1m{[0m[3mname[0m[2m=[0mk#99f25ef6..[1m}[0m[2m:[0m [2msui_core::state_accumulator[0m[2m:[0m [2mcrates/sui-core/src/state_accumulator.rs[0m[2m:[0m[2m675:[0m accumulating running root for checkpoint 423
[2m2025-03-25T07:55:56.547125Z[0m [32m INFO[0m [1mnode[0m[1m{[0m[3mname[0m[2m=[0mk#8dcff6d1..[1m}[0m[2m:[0m [2msui_core::state_accumulator[0m[2m:[0m [2mcrates/sui-core/src/state_accumulator.rs[0m[2m:[0m[2m675:[0m accumulating running root for checkpoint 423
[2m2025-03-25T07:55:56.568098Z[0m [32m INFO[0m [1mnode[0m[1m{[0m[3mname[0m[2m=[0mk#addeef94..[1m}[0m[2m:[0m [2msui_core::checkpoints[0m[2m:[0m [2mcrates/sui-core/src/checkpoints/mod.rs[0m[2m:[0m[2m1326:[0m Creating checkpoint(s) for 2 transactions [3mnext_checkpoint_seq[0m[2m=[0m424 [3mcheckpoint_timestamp[0m[2m=[0m1742889356029
[2m2025-03-25T07:55:56.568404Z[0m [32m INFO[0m [1mnode[0m[1m{[0m[3mname[0m[2m=[0mk#addeef94..[1m}[0m[2m:[0m [2msui_core::checkpoints::checkpoint_output[0m[2m:[0m [2mcrates/sui-core/src/checkpoints/checkpoint_output.rs[0m[2m:[0m[2m149:[0m Creating checkpoint CheckpointDigest(GGDwx7cpDA6fBvA9HUgpQ12HZ9sJhcVJVadoLUoXtNaB) at epoch 1, sequence 424, previous digest Some(CheckpointDigest(7Mfz65MpNYTprgBp4FYukft4PXrtUbNnmPVvWyrk6irx)), transactions count 2, content digest CheckpointContentsDigest(2C4bLfJyrepux9QknpKxBAg4FNemkCHGB7wipL53b7gt), end_of_epoch_data None
[2m2025-03-25T07:55:56.571040Z[0m [32m INFO[0m [1mnode[0m[1m{[0m[3mname[0m[2m=[0mk#addeef94..[1m}[0m[2m:[0m [2msui_core::checkpoints::checkpoint_executor[0m[2m:[0m [2mcrates/sui-core/src/checkpoints/checkpoint_executor/mod.rs[0m[2m:[0m[2m332:[0m Received checkpoint summary from state sync [3msequence_number[0m[2m=[0m423
[2m2025-03-25T07:55:56.571812Z[0m [32m INFO[0m [1mnode[0m[1m{[0m[3mname[0m[2m=[0mk#addeef94..[1m}[0m[2m:[0m [2msui_core::state_accumulator[0m[2m:[0m [2mcrates/sui-core/src/state_accumulator.rs[0m[2m:[0m[2m675:[0m accumulating running root for checkpoint 423
[2m2025-03-25T07:55:56.572536Z[0m [32m INFO[0m [1mnode[0m[1m{[0m[3mname[0m[2m=[0mk#99f25ef6..[1m}[0m[2m:[0m [2msui_core::checkpoints[0m[2m:[0m [2mcrates/sui-core/src/checkpoints/mod.rs[0m[2m:[0m[2m1326:[0m Creating checkpoint(s) for 2 transactions [3mnext_checkpoint_seq[0m[2m=[0m424 [3mcheckpoint_timestamp[0m[2m=[0m1742889356029
[2m2025-03-25T07:55:56.572538Z[0m [32m INFO[0m [1mnode[0m[1m{[0m[3mname[0m[2m=[0mk#8dcff6d1..[1m}[0m[2m:[0m [2msui_core::checkpoints[0m[2m:[0m [2mcrates/sui-core/src/checkpoints/mod.rs[0m[2m:[0m[2m1326:[0m Creating checkpoint(s) for 2 transactions [3mnext_checkpoint_seq[0m[2m=[0m424 [3mcheckpoint_timestamp[0m[2m=[0m1742889356029
[2m2025-03-25T07:55:56.572797Z[0m [32m INFO[0m [1mnode[0m[1m{[0m[3mname[0m[2m=[0mk#99f25ef6..[1m}[0m[2m:[0m [2msui_core::checkpoints::checkpoint_output[0m[2m:[0m [2mcrates/sui-core/src/checkpoints/checkpoint_output.rs[0m[2m:[0m[2m149:[0m Creating checkpoint CheckpointDigest(GGDwx7cpDA6fBvA9HUgpQ12HZ9sJhcVJVadoLUoXtNaB) at epoch 1, sequence 424, previous digest Some(CheckpointDigest(7Mfz65MpNYTprgBp4FYukft4PXrtUbNnmPVvWyrk6irx)), transactions count 2, content digest CheckpointContentsDigest(2C4bLfJyrepux9QknpKxBAg4FNemkCHGB7wipL53b7gt), end_of_epoch_data None
[2m2025-03-25T07:55:56.572798Z[0m [32m INFO[0m [1mnode[0m[1m{[0m[3mname[0m[2m=[0mk#8dcff6d1..[1m}[0m[2m:[0m [2msui_core::checkpoints::checkpoint_output[0m[2m:[0m [2mcrates/sui-core/src/checkpoints/checkpoint_output.rs[0m[2m:[0m[2m149:[0m Creating checkpoint CheckpointDigest(GGDwx7cpDA6fBvA9HUgpQ12HZ9sJhcVJVadoLUoXtNaB) at epoch 1, sequence 424, previous digest Some(CheckpointDigest(7Mfz65MpNYTprgBp4FYukft4PXrtUbNnmPVvWyrk6irx)), transactions count 2, content digest CheckpointContentsDigest(2C4bLfJyrepux9QknpKxBAg4FNemkCHGB7wipL53b7gt), end_of_epoch_data None
[2m2025-03-25T07:55:56.678183Z[0m [32m INFO[0m [1mnode[0m[1m{[0m[3mname[0m[2m=[0mk#b3f3cbb4..[1m}[0m[2m:[0m[1mjson-rpc-request[0m[2m:[0m[1mdev_inspect_transaction_block[0m[1m{[0m[3msender_address[0m[2m=[0m0x0000000000000000000000000000000000000000000000000000000000000000 [3mtx_bytes[0m[2m=[0mBase64("AAMBAQAAAAAAAAAAAAAAAAAAAAAAAAAAAAAAAAAAAAAAAAAJAQAAAAAAAAABAAEMAAgAAAAAAAAAAAEAAAAAAAAAAAAAAAAAAAAAAAAAAAAAAAAAAAAAAAAAAAsGYnJpZGdlIGdldF90b2tlbl90cmFuc2Zlcl9hY3Rpb25fc3RhdHVzAAMBAAABAQABAgA=") [3mgas_price[0m[2m=[0mNone [3m_epoch[0m[2m=[0mNone [3madditional_args[0m[2m=[0mNone[1m}[0m[2m:[0m [2msui_json_rpc::transaction_execution_api[0m[2m:[0m [2mcrates/sui-json-rpc/src/transaction_execution_api.rs[0m[2m:[0m[2m351:[0m RPC took longer than threshold to complete. [3melapsed[0m[2m=[0m1.534309167s
[2m2025-03-25T07:55:56.679086Z[0m [32m INFO[0m [2msui_bridge::e2e_tests::test_utils[0m[2m:[0m [2mcrates/sui-bridge/src/e2e_tests/test_utils.rs[0m[2m:[0m[2m1452:[0m get_token_transfer_action_onchain_status_until_success took 2.26551425s, status: NotFound
[2m2025-03-25T07:55:56.679600Z[0m [32m INFO[0m [1mobservable[0m[1m{[0m[3mname[0m[2m=[0m"SuiBridgeStatus"[1m}[0m[2m:[0m [2msui_bridge::sui_bridge_watchdog::sui_bridge_status[0m[2m:[0m [2mcrates/sui-bridge/src/sui_bridge_watchdog/sui_bridge_status.rs[0m[2m:[0m[2m37:[0m Sui Bridge Status: false
[2m2025-03-25T07:55:56.680972Z[0m [32m INFO[0m [1mobservable[0m[1m{[0m[3mname[0m[2m=[0m"SuiBridgeStatus"[1m}[0m[2m:[0m [2msui_bridge::sui_bridge_watchdog::sui_bridge_status[0m[2m:[0m [2mcrates/sui-bridge/src/sui_bridge_watchdog/sui_bridge_status.rs[0m[2m:[0m[2m37:[0m Sui Bridge Status: false
[2m2025-03-25T07:55:56.681357Z[0m [32m INFO[0m [1mobservable[0m[1m{[0m[3mname[0m[2m=[0m"SuiBridgeStatus"[1m}[0m[2m:[0m [2msui_bridge::sui_bridge_watchdog::sui_bridge_status[0m[2m:[0m [2mcrates/sui-bridge/src/sui_bridge_watchdog/sui_bridge_status.rs[0m[2m:[0m[2m37:[0m Sui Bridge Status: false
[2m2025-03-25T07:55:56.682088Z[0m [32m INFO[0m [1mhandle_execution_task[0m[1m{[0m[3maction_key[0m[2m=[0mBridgeActionKey(0,12,0) [3mattempt_times[0m[2m=[0m0[1m}[0m[2m:[0m [2msui_bridge::action_executor[0m[2m:[0m [2mcrates/sui-bridge/src/action_executor.rs[0m[2m:[0m[2m529:[0m bbking 325 signed_tx: Envelope { digest: OnceCell(TransactionDigest(7syEwMa8T1B6Eo2s1uVukZmTo2crkkhEyGFrNVd7KX3S)), data: SenderSignedData(SizeOneVec { e: SenderSignedTransaction { intent_message: IntentMessage { intent: Intent { scope: TransactionData, version: V0, app_id: Sui }, value: V1(TransactionDataV1 { kind: ProgrammableTransaction(ProgrammableTransaction { inputs: [Pure([12]), Pure([0, 0, 0, 0, 0, 0, 0, 0]), Pure([20, 20, 220, 121, 150, 77, 162, 192, 139, 35, 105, 139, 61, 60, 199, 202, 50, 25, 61, 153, 85]), Pure([2]), Pure([32, 4, 169, 42, 179, 92, 48, 68, 114, 32, 150, 70, 149, 204, 4, 223, 219, 38, 208, 7, 193, 123, 245, 12, 23, 143, 25, 234, 203, 152, 26, 252, 161]), Pure([5, 0, 0, 0, 0, 0, 0, 0]), Pure([0, 232, 118, 72, 23, 0, 0, 0]), Pure([32, 55, 160, 165, 158, 176, 178, 13, 114, 153, 41, 207, 219, 177, 113, 148, 32, 105, 136, 34, 159, 160, 232, 254, 172, 228, 34, 13, 230, 112, 248, 155, 242]), Pure([1]), Object(SharedObject { id: 0x0000000000000000000000000000000000000000000000000000000000000009, initial_shared_version: SequenceNumber(1), mutable: true }), Object(SharedObject { id: 0x0000000000000000000000000000000000000000000000000000000000000006, initial_shared_version: SequenceNumber(1), mutable: false }), Object(ImmOrOwnedObject((0xd7d7820b1d5a3802a2c50420aa60d9072814fcfac9e333ae55536bce5ecc4924, SequenceNumber(114), o#G6tFPuFyAAWMEecgda16xEPfTgTnxE2mborPfAPjqm3W))), Pure([2, 65, 202, 144, 227, 246, 57, 24, 7, 4, 221, 143, 63, 165, 152, 131, 52, 211, 160, 240, 247, 127, 78, 19, 0, 107, 128, 15, 228, 34, 178, 100, 113, 118, 99, 80, 64, 39, 4, 107, 19, 194, 184, 239, 204, 61, 109, 248, 26, 171, 201, 140, 91, 158, 87, 96, 220, 191, 100, 64, 78, 218, 105, 119, 167, 252, 0, 65, 82, 215, 55, 59, 110, 10, 163, 139, 26, 114, 107, 54, 240, 121, 252, 174, 91, 247, 255, 100, 46, 39, 171, 119, 129, 209, 161, 216, 168, 124, 136, 240, 47, 146, 15, 90, 12, 36, 141, 230, 147, 223, 83, 193, 101, 109, 61, 233, 141, 122, 179, 46, 41, 53, 42, 55, 42, 251, 33, 83, 161, 180, 109, 157, 0])], commands: [MoveCall(ProgrammableMoveCall { package: 0x000000000000000000000000000000000000000000000000000000000000000b, module: "message", function: "create_token_bridge_message", type_arguments: [], arguments: [Input(0), Input(1), Input(2), Input(3), Input(4), Input(5), Input(6), Input(7), Input(8)] }), MoveCall(ProgrammableMoveCall { package: 0x000000000000000000000000000000000000000000000000000000000000000b, module: "bridge", function: "approve_token_transfer", type_arguments: [], arguments: [Input(9), Result(0), Input(12)] }), MoveCall(ProgrammableMoveCall { package: 0x000000000000000000000000000000000000000000000000000000000000000b, module: "bridge", function: "claim_and_transfer_token", type_arguments: [Struct(StructInput { address: 2e9a316b330144172afa74732fc9f7586de83d73090b27c7556584fb5f348c90, module: "busd", name: "BUSD", type_params: [] })], arguments: [Input(9), Input(10), Input(0), Input(1), Input(11)] })] }), sender: 0x4ff42dd92612b14f109397416c3e5d362aee65d7d3459db1b80164f1f84a59c3, gas_data: GasData { payment: [(0x059c5b653da3f627ad85b7947a1634ad3055f81b24125b7d9b23178b0146bfc6, SequenceNumber(114), o#2vwuYkEDZfDfJzSrnBRbwcupbzGN7wBVXMLdvX9KHs5g)], owner: 0x4ff42dd92612b14f109397416c3e5d362aee65d7d3459db1b80164f1f84a59c3, price: 100, budget: 100000000 }, expiration: None }) }, tx_signatures: [Signature(Secp256k1SuiSignature(Secp256k1SuiSignature([1, 114, 25, 158, 34, 232, 228, 121, 232, 197, 225, 56, 127, 54, 62, 216, 244, 40, 111, 89, 198, 133, 140, 66, 184, 6, 215, 87, 102, 56, 226, 229, 95, 109, 244, 71, 187, 248, 230, 161, 8, 146, 231, 249, 219, 254, 71, 107, 169, 93, 57, 228, 238, 112, 135, 107, 189, 96, 66, 187, 252, 108, 161, 54, 198, 2, 120, 6, 36, 213, 27, 112, 125, 170, 163, 53, 236, 91, 128, 136, 52, 208, 253, 102, 241, 38, 217, 67, 27, 199, 74, 95, 51, 179, 151, 41, 149, 140])))] } }), auth_signature: EmptySignInfo }
[2m2025-03-25T07:55:56.682765Z[0m [32m INFO[0m [1mnode[0m[1m{[0m[3mname[0m[2m=[0mk#b3f3cbb4..[1m}[0m[2m:[0m [2msui_core::checkpoints::checkpoint_executor[0m[2m:[0m [2mcrates/sui-core/src/checkpoints/checkpoint_executor/mod.rs[0m[2m:[0m[2m332:[0m Received checkpoint summary from state sync [3msequence_number[0m[2m=[0m401
[2m2025-03-25T07:55:56.682940Z[0m [32m INFO[0m [1mnode[0m[1m{[0m[3mname[0m[2m=[0mk#b3f3cbb4..[1m}[0m[2m:[0m [2msui_core::checkpoints::checkpoint_executor[0m[2m:[0m [2mcrates/sui-core/src/checkpoints/checkpoint_executor/mod.rs[0m[2m:[0m[2m332:[0m Received checkpoint summary from state sync [3msequence_number[0m[2m=[0m402
[2m2025-03-25T07:55:56.682986Z[0m [32m INFO[0m [1mnode[0m[1m{[0m[3mname[0m[2m=[0mk#b3f3cbb4..[1m}[0m[2m:[0m [2msui_core::checkpoints::checkpoint_executor[0m[2m:[0m [2mcrates/sui-core/src/checkpoints/checkpoint_executor/mod.rs[0m[2m:[0m[2m332:[0m Received checkpoint summary from state sync [3msequence_number[0m[2m=[0m403
[2m2025-03-25T07:55:56.794354Z[0m [32m INFO[0m [1mnode[0m[1m{[0m[3mname[0m[2m=[0mk#addeef94..[1m}[0m[2m:[0m [2mconsensus_core::core[0m[2m:[0m [2mconsensus/core/src/core.rs[0m[2m:[0m[2m945:[0m Included 3 ancestors & excluded 0 ancestors for proposal in round 224
[2m2025-03-25T07:55:56.794715Z[0m [32m INFO[0m [1mnode[0m[1m{[0m[3mname[0m[2m=[0mk#addeef94..[1m}[0m[2m:[0m [2mconsensus_core::core[0m[2m:[0m [2mconsensus/core/src/core.rs[0m[2m:[0m[2m531:[0m Created block B224(C,41J1FfOdQy3ILljQDxQUUiVXiZ7lO/GSfOGNKWIjxQA=)(1742889356794ms;[B223(C,v0M/LozibKT7txiVFDrlYOEKL2jYnK592r636cVKywM=), B223(A,9GGEbOHIIdZwV6d3o22z5SHTV8FHlKC5snUNRGsijgg=), B223(B,cA68Hp4FZMRWcIN9RzpNo/fZnY2jK4AI1RkRFK7U+Ao=)];1t;1c) for round 224
[2m2025-03-25T07:55:56.796611Z[0m [32m INFO[0m [1mnode[0m[1m{[0m[3mname[0m[2m=[0mk#8dcff6d1..[1m}[0m[2m:[0m [2mconsensus_core::core[0m[2m:[0m [2mconsensus/core/src/core.rs[0m[2m:[0m[2m945:[0m Included 3 ancestors & excluded 0 ancestors for proposal in round 224
[2m2025-03-25T07:55:56.796612Z[0m [32m INFO[0m [1mnode[0m[1m{[0m[3mname[0m[2m=[0mk#99f25ef6..[1m}[0m[2m:[0m [2mconsensus_core::core[0m[2m:[0m [2mconsensus/core/src/core.rs[0m[2m:[0m[2m945:[0m Included 3 ancestors & excluded 0 ancestors for proposal in round 224
[2m2025-03-25T07:55:56.796896Z[0m [32m INFO[0m [1mnode[0m[1m{[0m[3mname[0m[2m=[0mk#8dcff6d1..[1m}[0m[2m:[0m [2mconsensus_core::core[0m[2m:[0m [2mconsensus/core/src/core.rs[0m[2m:[0m[2m531:[0m Created block B224(A,S9eeAlbXrtztYtHbore4VpWnqdWFqYtxzSDxvSX/dfo=)(1742889356796ms;[B223(A,9GGEbOHIIdZwV6d3o22z5SHTV8FHlKC5snUNRGsijgg=), B223(B,cA68Hp4FZMRWcIN9RzpNo/fZnY2jK4AI1RkRFK7U+Ao=), B223(C,v0M/LozibKT7txiVFDrlYOEKL2jYnK592r636cVKywM=)];1t;1c) for round 224
[2m2025-03-25T07:55:56.796895Z[0m [32m INFO[0m [1mnode[0m[1m{[0m[3mname[0m[2m=[0mk#99f25ef6..[1m}[0m[2m:[0m [2mconsensus_core::core[0m[2m:[0m [2mconsensus/core/src/core.rs[0m[2m:[0m[2m531:[0m Created block B224(B,/3JZm0zi3lH3KwEZTEqn1nDpNj4vocUamL/09dRbMGY=)(1742889356796ms;[B223(B,cA68Hp4FZMRWcIN9RzpNo/fZnY2jK4AI1RkRFK7U+Ao=), B223(A,9GGEbOHIIdZwV6d3o22z5SHTV8FHlKC5snUNRGsijgg=), B223(C,v0M/LozibKT7txiVFDrlYOEKL2jYnK592r636cVKywM=)];1t;1c) for round 224
[2m2025-03-25T07:55:56.796963Z[0m [32m INFO[0m [1mnode[0m[1m{[0m[3mname[0m[2m=[0mk#8dcff6d1..[1m}[0m[2m:[0m [2mconsensus_core::core[0m[2m:[0m [2mconsensus/core/src/core.rs[0m[2m:[0m[2m630:[0m Committing 1 leaders: B222(B,PNTC)
[2m2025-03-25T07:55:56.796963Z[0m [32m INFO[0m [1mnode[0m[1m{[0m[3mname[0m[2m=[0mk#99f25ef6..[1m}[0m[2m:[0m [2mconsensus_core::core[0m[2m:[0m [2mconsensus/core/src/core.rs[0m[2m:[0m[2m630:[0m Committing 1 leaders: B222(B,PNTC)
[2m2025-03-25T07:55:56.797033Z[0m [32m INFO[0m [1mnode[0m[1m{[0m[3mname[0m[2m=[0mk#8dcff6d1..[1m}[0m[2m:[0m [2mconsensus_core::commit_observer[0m[2m:[0m [2mconsensus/core/src/commit_observer.rs[0m[2m:[0m[2m173:[0m Consensus commit C212(dB/1) with leader B222(B,PNTC) has 3 blocks
[2m2025-03-25T07:55:56.797033Z[0m [32m INFO[0m [1mnode[0m[1m{[0m[3mname[0m[2m=[0mk#99f25ef6..[1m}[0m[2m:[0m [2mconsensus_core::commit_observer[0m[2m:[0m [2mconsensus/core/src/commit_observer.rs[0m[2m:[0m[2m173:[0m Consensus commit C212(dB/1) with leader B222(B,PNTC) has 3 blocks
[2m2025-03-25T07:55:56.797116Z[0m [32m INFO[0m [1mnode[0m[1m{[0m[3mname[0m[2m=[0mk#99f25ef6..[1m}[0m[2m:[0m [2msui_core::consensus_handler[0m[2m:[0m [2mcrates/sui-core/src/consensus_handler.rs[0m[2m:[0m[2m232:[0m Received consensus output [3mconsensus_commit[0m[2m=[0mCommittedSubDag(leader=B222(B,PNTC), ref=C212(dB/1), blocks=[B7/0, QPIe, PNTC]) [3mepoch[0m[2m=[0m1
[2m2025-03-25T07:55:56.797116Z[0m [32m INFO[0m [1mnode[0m[1m{[0m[3mname[0m[2m=[0mk#8dcff6d1..[1m}[0m[2m:[0m [2msui_core::consensus_handler[0m[2m:[0m [2mcrates/sui-core/src/consensus_handler.rs[0m[2m:[0m[2m232:[0m Received consensus output [3mconsensus_commit[0m[2m=[0mCommittedSubDag(leader=B222(B,PNTC), ref=C212(dB/1), blocks=[B7/0, QPIe, PNTC]) [3mepoch[0m[2m=[0m1
[2m2025-03-25T07:55:56.800783Z[0m [32m INFO[0m [1mnode[0m[1m{[0m[3mname[0m[2m=[0mk#addeef94..[1m}[0m[2m:[0m [2mconsensus_core::core[0m[2m:[0m [2mconsensus/core/src/core.rs[0m[2m:[0m[2m630:[0m Committing 1 leaders: B222(B,PNTC)
[2m2025-03-25T07:55:56.800875Z[0m [32m INFO[0m [1mnode[0m[1m{[0m[3mname[0m[2m=[0mk#addeef94..[1m}[0m[2m:[0m [2mconsensus_core::commit_observer[0m[2m:[0m [2mconsensus/core/src/commit_observer.rs[0m[2m:[0m[2m173:[0m Consensus commit C212(dB/1) with leader B222(B,PNTC) has 3 blocks
[2m2025-03-25T07:55:56.801001Z[0m [32m INFO[0m [1mnode[0m[1m{[0m[3mname[0m[2m=[0mk#addeef94..[1m}[0m[2m:[0m [2msui_core::consensus_handler[0m[2m:[0m [2mcrates/sui-core/src/consensus_handler.rs[0m[2m:[0m[2m232:[0m Received consensus output [3mconsensus_commit[0m[2m=[0mCommittedSubDag(leader=B222(B,PNTC), ref=C212(dB/1), blocks=[B7/0, QPIe, PNTC]) [3mepoch[0m[2m=[0m1
[2m2025-03-25T07:55:56.843144Z[0m [32m INFO[0m [1mnode[0m[1m{[0m[3mname[0m[2m=[0mk#99f25ef6..[1m}[0m[2m:[0m [2msui_core::checkpoints[0m[2m:[0m [2mcrates/sui-core/src/checkpoints/mod.rs[0m[2m:[0m[2m1326:[0m Creating checkpoint(s) for 1 transactions [3mnext_checkpoint_seq[0m[2m=[0m425 [3mcheckpoint_timestamp[0m[2m=[0m1742889356284
[2m2025-03-25T07:55:56.843144Z[0m [32m INFO[0m [1mnode[0m[1m{[0m[3mname[0m[2m=[0mk#8dcff6d1..[1m}[0m[2m:[0m [2msui_core::checkpoints[0m[2m:[0m [2mcrates/sui-core/src/checkpoints/mod.rs[0m[2m:[0m[2m1326:[0m Creating checkpoint(s) for 1 transactions [3mnext_checkpoint_seq[0m[2m=[0m425 [3mcheckpoint_timestamp[0m[2m=[0m1742889356284
[2m2025-03-25T07:55:56.843381Z[0m [32m INFO[0m [1mnode[0m[1m{[0m[3mname[0m[2m=[0mk#8dcff6d1..[1m}[0m[2m:[0m [2msui_core::checkpoints::checkpoint_output[0m[2m:[0m [2mcrates/sui-core/src/checkpoints/checkpoint_output.rs[0m[2m:[0m[2m149:[0m Creating checkpoint CheckpointDigest(HRVDov8Qxt3KpKyww8uLQFEmsdsmPtzFSAGT5jFsB5pJ) at epoch 1, sequence 425, previous digest Some(CheckpointDigest(GGDwx7cpDA6fBvA9HUgpQ12HZ9sJhcVJVadoLUoXtNaB)), transactions count 1, content digest CheckpointContentsDigest(EixhaeJChZMaEde8GwCAmSxp7h8QFugDvuSNwQA3yRF6), end_of_epoch_data None
[2m2025-03-25T07:55:56.843381Z[0m [32m INFO[0m [1mnode[0m[1m{[0m[3mname[0m[2m=[0mk#99f25ef6..[1m}[0m[2m:[0m [2msui_core::checkpoints::checkpoint_output[0m[2m:[0m [2mcrates/sui-core/src/checkpoints/checkpoint_output.rs[0m[2m:[0m[2m149:[0m Creating checkpoint CheckpointDigest(HRVDov8Qxt3KpKyww8uLQFEmsdsmPtzFSAGT5jFsB5pJ) at epoch 1, sequence 425, previous digest Some(CheckpointDigest(GGDwx7cpDA6fBvA9HUgpQ12HZ9sJhcVJVadoLUoXtNaB)), transactions count 1, content digest CheckpointContentsDigest(EixhaeJChZMaEde8GwCAmSxp7h8QFugDvuSNwQA3yRF6), end_of_epoch_data None
[2m2025-03-25T07:55:56.845182Z[0m [32m INFO[0m [1mnode[0m[1m{[0m[3mname[0m[2m=[0mk#addeef94..[1m}[0m[2m:[0m [2msui_core::checkpoints[0m[2m:[0m [2mcrates/sui-core/src/checkpoints/mod.rs[0m[2m:[0m[2m1326:[0m Creating checkpoint(s) for 1 transactions [3mnext_checkpoint_seq[0m[2m=[0m425 [3mcheckpoint_timestamp[0m[2m=[0m1742889356284
[2m2025-03-25T07:55:56.845356Z[0m [32m INFO[0m [1mnode[0m[1m{[0m[3mname[0m[2m=[0mk#addeef94..[1m}[0m[2m:[0m [2msui_core::checkpoints::checkpoint_output[0m[2m:[0m [2mcrates/sui-core/src/checkpoints/checkpoint_output.rs[0m[2m:[0m[2m149:[0m Creating checkpoint CheckpointDigest(HRVDov8Qxt3KpKyww8uLQFEmsdsmPtzFSAGT5jFsB5pJ) at epoch 1, sequence 425, previous digest Some(CheckpointDigest(GGDwx7cpDA6fBvA9HUgpQ12HZ9sJhcVJVadoLUoXtNaB)), transactions count 1, content digest CheckpointContentsDigest(EixhaeJChZMaEde8GwCAmSxp7h8QFugDvuSNwQA3yRF6), end_of_epoch_data None
[2m2025-03-25T07:55:56.846599Z[0m [32m INFO[0m [1mnode[0m[1m{[0m[3mname[0m[2m=[0mk#8dcff6d1..[1m}[0m[2m:[0m [2msui_core::checkpoints::checkpoint_output[0m[2m:[0m [2mcrates/sui-core/src/checkpoints/checkpoint_output.rs[0m[2m:[0m[2m196:[0m Certified checkpoint with sequence 424 and digest GGDwx7cpDA6fBvA9HUgpQ12HZ9sJhcVJVadoLUoXtNaB
[2m2025-03-25T07:55:56.846730Z[0m [32m INFO[0m [1mnode[0m[1m{[0m[3mname[0m[2m=[0mk#99f25ef6..[1m}[0m[2m:[0m [2msui_core::checkpoints::checkpoint_output[0m[2m:[0m [2mcrates/sui-core/src/checkpoints/checkpoint_output.rs[0m[2m:[0m[2m196:[0m Certified checkpoint with sequence 424 and digest GGDwx7cpDA6fBvA9HUgpQ12HZ9sJhcVJVadoLUoXtNaB
[2m2025-03-25T07:55:56.850331Z[0m [32m INFO[0m [1mnode[0m[1m{[0m[3mname[0m[2m=[0mk#8dcff6d1..[1m}[0m[2m:[0m [2msui_core::checkpoints::checkpoint_executor[0m[2m:[0m [2mcrates/sui-core/src/checkpoints/checkpoint_executor/mod.rs[0m[2m:[0m[2m332:[0m Received checkpoint summary from state sync [3msequence_number[0m[2m=[0m424
[2m2025-03-25T07:55:56.850509Z[0m [32m INFO[0m [1mnode[0m[1m{[0m[3mname[0m[2m=[0mk#99f25ef6..[1m}[0m[2m:[0m [2msui_core::checkpoints::checkpoint_executor[0m[2m:[0m [2mcrates/sui-core/src/checkpoints/checkpoint_executor/mod.rs[0m[2m:[0m[2m332:[0m Received checkpoint summary from state sync [3msequence_number[0m[2m=[0m424
[2m2025-03-25T07:55:56.869122Z[0m [32m INFO[0m [1mnode[0m[1m{[0m[3mname[0m[2m=[0mk#8dcff6d1..[1m}[0m[2m:[0m [2msui_core::state_accumulator[0m[2m:[0m [2mcrates/sui-core/src/state_accumulator.rs[0m[2m:[0m[2m675:[0m accumulating running root for checkpoint 424
[2m2025-03-25T07:55:56.869213Z[0m [32m INFO[0m [1mnode[0m[1m{[0m[3mname[0m[2m=[0mk#99f25ef6..[1m}[0m[2m:[0m [2msui_core::state_accumulator[0m[2m:[0m [2mcrates/sui-core/src/state_accumulator.rs[0m[2m:[0m[2m675:[0m accumulating running root for checkpoint 424
[2m2025-03-25T07:55:56.912374Z[0m [32m INFO[0m [1mnode[0m[1m{[0m[3mname[0m[2m=[0mk#addeef94..[1m}[0m[2m:[0m [2msui_core::checkpoints::checkpoint_executor[0m[2m:[0m [2mcrates/sui-core/src/checkpoints/checkpoint_executor/mod.rs[0m[2m:[0m[2m332:[0m Received checkpoint summary from state sync [3msequence_number[0m[2m=[0m424
[2m2025-03-25T07:55:56.913709Z[0m [32m INFO[0m [1mnode[0m[1m{[0m[3mname[0m[2m=[0mk#addeef94..[1m}[0m[2m:[0m [2msui_core::state_accumulator[0m[2m:[0m [2mcrates/sui-core/src/state_accumulator.rs[0m[2m:[0m[2m675:[0m accumulating running root for checkpoint 424
[2m2025-03-25T07:55:57.049407Z[0m [32m INFO[0m [1mnode[0m[1m{[0m[3mname[0m[2m=[0mk#8dcff6d1..[1m}[0m[2m:[0m [2mconsensus_core::core[0m[2m:[0m [2mconsensus/core/src/core.rs[0m[2m:[0m[2m945:[0m Included 3 ancestors & excluded 0 ancestors for proposal in round 225
[2m2025-03-25T07:55:57.049511Z[0m [32m INFO[0m [1mnode[0m[1m{[0m[3mname[0m[2m=[0mk#99f25ef6..[1m}[0m[2m:[0m [2mconsensus_core::core[0m[2m:[0m [2mconsensus/core/src/core.rs[0m[2m:[0m[2m945:[0m Included 3 ancestors & excluded 0 ancestors for proposal in round 225
[2m2025-03-25T07:55:57.049781Z[0m [32m INFO[0m [1mnode[0m[1m{[0m[3mname[0m[2m=[0mk#8dcff6d1..[1m}[0m[2m:[0m [2mconsensus_core::core[0m[2m:[0m [2mconsensus/core/src/core.rs[0m[2m:[0m[2m531:[0m Created block B225(A,76Q+1jiTkWfDBtJ3c/8Q3IHTpYMHa5OBt72XyfPkVJw=)(1742889357049ms;[B224(A,S9eeAlbXrtztYtHbore4VpWnqdWFqYtxzSDxvSX/dfo=), B224(B,/3JZm0zi3lH3KwEZTEqn1nDpNj4vocUamL/09dRbMGY=), B224(C,41J1FfOdQy3ILljQDxQUUiVXiZ7lO/GSfOGNKWIjxQA=)];1t;1c) for round 225
[2m2025-03-25T07:55:57.049799Z[0m [32m INFO[0m [1mnode[0m[1m{[0m[3mname[0m[2m=[0mk#99f25ef6..[1m}[0m[2m:[0m [2mconsensus_core::core[0m[2m:[0m [2mconsensus/core/src/core.rs[0m[2m:[0m[2m531:[0m Created block B225(B,TX6r4MZ6WyHEKWzbKsN0W39ngHMJ+3GNdxAhuv9nz9g=)(1742889357049ms;[B224(B,/3JZm0zi3lH3KwEZTEqn1nDpNj4vocUamL/09dRbMGY=), B224(A,S9eeAlbXrtztYtHbore4VpWnqdWFqYtxzSDxvSX/dfo=), B224(C,41J1FfOdQy3ILljQDxQUUiVXiZ7lO/GSfOGNKWIjxQA=)];1t;1c) for round 225
[2m2025-03-25T07:55:57.053048Z[0m [32m INFO[0m [1mnode[0m[1m{[0m[3mname[0m[2m=[0mk#addeef94..[1m}[0m[2m:[0m [2mconsensus_core::core[0m[2m:[0m [2mconsensus/core/src/core.rs[0m[2m:[0m[2m945:[0m Included 3 ancestors & excluded 0 ancestors for proposal in round 225
[2m2025-03-25T07:55:57.053359Z[0m [32m INFO[0m [1mnode[0m[1m{[0m[3mname[0m[2m=[0mk#addeef94..[1m}[0m[2m:[0m [2mconsensus_core::core[0m[2m:[0m [2mconsensus/core/src/core.rs[0m[2m:[0m[2m531:[0m Created block B225(C,k6HgFfp7RGQeJZPRZVqaGKjryvLBREfx+UMNlK4uEXg=)(1742889357053ms;[B224(C,41J1FfOdQy3ILljQDxQUUiVXiZ7lO/GSfOGNKWIjxQA=), B224(A,S9eeAlbXrtztYtHbore4VpWnqdWFqYtxzSDxvSX/dfo=), B224(B,/3JZm0zi3lH3KwEZTEqn1nDpNj4vocUamL/09dRbMGY=)];1t;1c) for round 225
[2m2025-03-25T07:55:57.053428Z[0m [32m INFO[0m [1mnode[0m[1m{[0m[3mname[0m[2m=[0mk#addeef94..[1m}[0m[2m:[0m [2mconsensus_core::core[0m[2m:[0m [2mconsensus/core/src/core.rs[0m[2m:[0m[2m630:[0m Committing 1 leaders: B223(B,cA68)
[2m2025-03-25T07:55:57.053498Z[0m [32m INFO[0m [1mnode[0m[1m{[0m[3mname[0m[2m=[0mk#addeef94..[1m}[0m[2m:[0m [2mconsensus_core::commit_observer[0m[2m:[0m [2mconsensus/core/src/commit_observer.rs[0m[2m:[0m[2m173:[0m Consensus commit C213(UCjc) with leader B223(B,cA68) has 3 blocks
[2m2025-03-25T07:55:57.053586Z[0m [32m INFO[0m [1mnode[0m[1m{[0m[3mname[0m[2m=[0mk#addeef94..[1m}[0m[2m:[0m [2msui_core::consensus_handler[0m[2m:[0m [2mcrates/sui-core/src/consensus_handler.rs[0m[2m:[0m[2m232:[0m Received consensus output [3mconsensus_commit[0m[2m=[0mCommittedSubDag(leader=B223(B,cA68), ref=C213(UCjc), blocks=[6WS4, gHK6, cA68]) [3mepoch[0m[2m=[0m1
[2m2025-03-25T07:55:57.056621Z[0m [32m INFO[0m [1mnode[0m[1m{[0m[3mname[0m[2m=[0mk#8dcff6d1..[1m}[0m[2m:[0m [2msui_core::checkpoints::checkpoint_output[0m[2m:[0m [2mcrates/sui-core/src/checkpoints/checkpoint_output.rs[0m[2m:[0m[2m196:[0m Certified checkpoint with sequence 425 and digest HRVDov8Qxt3KpKyww8uLQFEmsdsmPtzFSAGT5jFsB5pJ
[2m2025-03-25T07:55:57.056625Z[0m [32m INFO[0m [1mnode[0m[1m{[0m[3mname[0m[2m=[0mk#99f25ef6..[1m}[0m[2m:[0m [2msui_core::checkpoints::checkpoint_output[0m[2m:[0m [2mcrates/sui-core/src/checkpoints/checkpoint_output.rs[0m[2m:[0m[2m196:[0m Certified checkpoint with sequence 425 and digest HRVDov8Qxt3KpKyww8uLQFEmsdsmPtzFSAGT5jFsB5pJ
[2m2025-03-25T07:55:57.056737Z[0m [32m INFO[0m [1mnode[0m[1m{[0m[3mname[0m[2m=[0mk#99f25ef6..[1m}[0m[2m:[0m [2mconsensus_core::core[0m[2m:[0m [2mconsensus/core/src/core.rs[0m[2m:[0m[2m630:[0m Committing 1 leaders: B223(B,cA68)
[2m2025-03-25T07:55:57.056737Z[0m [32m INFO[0m [1mnode[0m[1m{[0m[3mname[0m[2m=[0mk#8dcff6d1..[1m}[0m[2m:[0m [2mconsensus_core::core[0m[2m:[0m [2mconsensus/core/src/core.rs[0m[2m:[0m[2m630:[0m Committing 1 leaders: B223(B,cA68)
[2m2025-03-25T07:55:57.056844Z[0m [32m INFO[0m [1mnode[0m[1m{[0m[3mname[0m[2m=[0mk#8dcff6d1..[1m}[0m[2m:[0m [2mconsensus_core::commit_observer[0m[2m:[0m [2mconsensus/core/src/commit_observer.rs[0m[2m:[0m[2m173:[0m Consensus commit C213(UCjc) with leader B223(B,cA68) has 3 blocks
[2m2025-03-25T07:55:57.056844Z[0m [32m INFO[0m [1mnode[0m[1m{[0m[3mname[0m[2m=[0mk#99f25ef6..[1m}[0m[2m:[0m [2mconsensus_core::commit_observer[0m[2m:[0m [2mconsensus/core/src/commit_observer.rs[0m[2m:[0m[2m173:[0m Consensus commit C213(UCjc) with leader B223(B,cA68) has 3 blocks
[2m2025-03-25T07:55:57.057256Z[0m [32m INFO[0m [1mnode[0m[1m{[0m[3mname[0m[2m=[0mk#8dcff6d1..[1m}[0m[2m:[0m [2msui_core::consensus_handler[0m[2m:[0m [2mcrates/sui-core/src/consensus_handler.rs[0m[2m:[0m[2m232:[0m Received consensus output [3mconsensus_commit[0m[2m=[0mCommittedSubDag(leader=B223(B,cA68), ref=C213(UCjc), blocks=[6WS4, gHK6, cA68]) [3mepoch[0m[2m=[0m1
[2m2025-03-25T07:55:57.057256Z[0m [32m INFO[0m [1mnode[0m[1m{[0m[3mname[0m[2m=[0mk#99f25ef6..[1m}[0m[2m:[0m [2msui_core::consensus_handler[0m[2m:[0m [2mcrates/sui-core/src/consensus_handler.rs[0m[2m:[0m[2m232:[0m Received consensus output [3mconsensus_commit[0m[2m=[0mCommittedSubDag(leader=B223(B,cA68), ref=C213(UCjc), blocks=[6WS4, gHK6, cA68]) [3mepoch[0m[2m=[0m1
[2m2025-03-25T07:55:57.057821Z[0m [32m INFO[0m [1mnode[0m[1m{[0m[3mname[0m[2m=[0mk#8dcff6d1..[1m}[0m[2m:[0m [2msui_core::checkpoints::checkpoint_executor[0m[2m:[0m [2mcrates/sui-core/src/checkpoints/checkpoint_executor/mod.rs[0m[2m:[0m[2m332:[0m Received checkpoint summary from state sync [3msequence_number[0m[2m=[0m425
[2m2025-03-25T07:55:57.057821Z[0m [32m INFO[0m [1mnode[0m[1m{[0m[3mname[0m[2m=[0mk#99f25ef6..[1m}[0m[2m:[0m [2msui_core::checkpoints::checkpoint_executor[0m[2m:[0m [2mcrates/sui-core/src/checkpoints/checkpoint_executor/mod.rs[0m[2m:[0m[2m332:[0m Received checkpoint summary from state sync [3msequence_number[0m[2m=[0m425
[2m2025-03-25T07:55:57.059373Z[0m [32m INFO[0m [1mnode[0m[1m{[0m[3mname[0m[2m=[0mk#8dcff6d1..[1m}[0m[2m:[0m [2msui_core::state_accumulator[0m[2m:[0m [2mcrates/sui-core/src/state_accumulator.rs[0m[2m:[0m[2m675:[0m accumulating running root for checkpoint 425
[2m2025-03-25T07:55:57.059373Z[0m [32m INFO[0m [1mnode[0m[1m{[0m[3mname[0m[2m=[0mk#99f25ef6..[1m}[0m[2m:[0m [2msui_core::state_accumulator[0m[2m:[0m [2mcrates/sui-core/src/state_accumulator.rs[0m[2m:[0m[2m675:[0m accumulating running root for checkpoint 425
[2m2025-03-25T07:55:57.080351Z[0m [32m INFO[0m [1mnode[0m[1m{[0m[3mname[0m[2m=[0mk#addeef94..[1m}[0m[2m:[0m [2msui_core::checkpoints[0m[2m:[0m [2mcrates/sui-core/src/checkpoints/mod.rs[0m[2m:[0m[2m1326:[0m Creating checkpoint(s) for 2 transactions [3mnext_checkpoint_seq[0m[2m=[0m426 [3mcheckpoint_timestamp[0m[2m=[0m1742889356539
[2m2025-03-25T07:55:57.080661Z[0m [32m INFO[0m [1mnode[0m[1m{[0m[3mname[0m[2m=[0mk#addeef94..[1m}[0m[2m:[0m [2msui_core::checkpoints::checkpoint_output[0m[2m:[0m [2mcrates/sui-core/src/checkpoints/checkpoint_output.rs[0m[2m:[0m[2m149:[0m Creating checkpoint CheckpointDigest(BcCqHJUvrjUdAa3JVnERrNwWWH5WcvKPTL82FE6KPFg6) at epoch 1, sequence 426, previous digest Some(CheckpointDigest(HRVDov8Qxt3KpKyww8uLQFEmsdsmPtzFSAGT5jFsB5pJ)), transactions count 2, content digest CheckpointContentsDigest(DS5nM8rS3dQEdKjv3B7gZgYz2wUBStUs8kovT1o2Z37), end_of_epoch_data None
[2m2025-03-25T07:55:57.083335Z[0m [32m INFO[0m [1mnode[0m[1m{[0m[3mname[0m[2m=[0mk#addeef94..[1m}[0m[2m:[0m [2msui_core::checkpoints::checkpoint_executor[0m[2m:[0m [2mcrates/sui-core/src/checkpoints/checkpoint_executor/mod.rs[0m[2m:[0m[2m332:[0m Received checkpoint summary from state sync [3msequence_number[0m[2m=[0m425
[2m2025-03-25T07:55:57.084151Z[0m [32m INFO[0m [1mnode[0m[1m{[0m[3mname[0m[2m=[0mk#addeef94..[1m}[0m[2m:[0m [2msui_core::state_accumulator[0m[2m:[0m [2mcrates/sui-core/src/state_accumulator.rs[0m[2m:[0m[2m675:[0m accumulating running root for checkpoint 425
[2m2025-03-25T07:55:57.084741Z[0m [32m INFO[0m [1mnode[0m[1m{[0m[3mname[0m[2m=[0mk#8dcff6d1..[1m}[0m[2m:[0m [2msui_core::checkpoints[0m[2m:[0m [2mcrates/sui-core/src/checkpoints/mod.rs[0m[2m:[0m[2m1326:[0m Creating checkpoint(s) for 2 transactions [3mnext_checkpoint_seq[0m[2m=[0m426 [3mcheckpoint_timestamp[0m[2m=[0m1742889356539
[2m2025-03-25T07:55:57.084772Z[0m [32m INFO[0m [1mnode[0m[1m{[0m[3mname[0m[2m=[0mk#99f25ef6..[1m}[0m[2m:[0m [2msui_core::checkpoints[0m[2m:[0m [2mcrates/sui-core/src/checkpoints/mod.rs[0m[2m:[0m[2m1326:[0m Creating checkpoint(s) for 2 transactions [3mnext_checkpoint_seq[0m[2m=[0m426 [3mcheckpoint_timestamp[0m[2m=[0m1742889356539
[2m2025-03-25T07:55:57.085006Z[0m [32m INFO[0m [1mnode[0m[1m{[0m[3mname[0m[2m=[0mk#8dcff6d1..[1m}[0m[2m:[0m [2msui_core::checkpoints::checkpoint_output[0m[2m:[0m [2mcrates/sui-core/src/checkpoints/checkpoint_output.rs[0m[2m:[0m[2m149:[0m Creating checkpoint CheckpointDigest(BcCqHJUvrjUdAa3JVnERrNwWWH5WcvKPTL82FE6KPFg6) at epoch 1, sequence 426, previous digest Some(CheckpointDigest(HRVDov8Qxt3KpKyww8uLQFEmsdsmPtzFSAGT5jFsB5pJ)), transactions count 2, content digest CheckpointContentsDigest(DS5nM8rS3dQEdKjv3B7gZgYz2wUBStUs8kovT1o2Z37), end_of_epoch_data None
[2m2025-03-25T07:55:57.085017Z[0m [32m INFO[0m [1mnode[0m[1m{[0m[3mname[0m[2m=[0mk#99f25ef6..[1m}[0m[2m:[0m [2msui_core::checkpoints::checkpoint_output[0m[2m:[0m [2mcrates/sui-core/src/checkpoints/checkpoint_output.rs[0m[2m:[0m[2m149:[0m Creating checkpoint CheckpointDigest(BcCqHJUvrjUdAa3JVnERrNwWWH5WcvKPTL82FE6KPFg6) at epoch 1, sequence 426, previous digest Some(CheckpointDigest(HRVDov8Qxt3KpKyww8uLQFEmsdsmPtzFSAGT5jFsB5pJ)), transactions count 2, content digest CheckpointContentsDigest(DS5nM8rS3dQEdKjv3B7gZgYz2wUBStUs8kovT1o2Z37), end_of_epoch_data None
[2m2025-03-25T07:55:57.304932Z[0m [32m INFO[0m [1mnode[0m[1m{[0m[3mname[0m[2m=[0mk#8dcff6d1..[1m}[0m[2m:[0m [2mconsensus_core::commit_syncer[0m[2m:[0m [2mconsensus/core/src/commit_syncer.rs[0m[2m:[0m[2m196:[0m Checking to schedule fetches: synced_commit_index=213, highest_handled_index=213, highest_scheduled_index=0, quorum_commit_index=212, unhandled_commits_threshold=3200
[2m2025-03-25T07:55:57.306306Z[0m [32m INFO[0m [1mnode[0m[1m{[0m[3mname[0m[2m=[0mk#addeef94..[1m}[0m[2m:[0m [2mconsensus_core::core[0m[2m:[0m [2mconsensus/core/src/core.rs[0m[2m:[0m[2m945:[0m Included 3 ancestors & excluded 0 ancestors for proposal in round 226
[2m2025-03-25T07:55:57.306663Z[0m [32m INFO[0m [1mnode[0m[1m{[0m[3mname[0m[2m=[0mk#addeef94..[1m}[0m[2m:[0m [2mconsensus_core::core[0m[2m:[0m [2mconsensus/core/src/core.rs[0m[2m:[0m[2m531:[0m Created block B226(C,hq38IIXX+PqBYxRw2EuESw9Vxex3KcL6dc5TEjpkrW4=)(1742889357306ms;[B225(C,k6HgFfp7RGQeJZPRZVqaGKjryvLBREfx+UMNlK4uEXg=), B225(A,76Q+1jiTkWfDBtJ3c/8Q3IHTpYMHa5OBt72XyfPkVJw=), B225(B,TX6r4MZ6WyHEKWzbKsN0W39ngHMJ+3GNdxAhuv9nz9g=)];1t;1c) for round 226
[2m2025-03-25T07:55:57.308601Z[0m [32m INFO[0m [1mnode[0m[1m{[0m[3mname[0m[2m=[0mk#8dcff6d1..[1m}[0m[2m:[0m [2mconsensus_core::core[0m[2m:[0m [2mconsensus/core/src/core.rs[0m[2m:[0m[2m945:[0m Included 3 ancestors & excluded 0 ancestors for proposal in round 226
[2m2025-03-25T07:55:57.308601Z[0m [32m INFO[0m [1mnode[0m[1m{[0m[3mname[0m[2m=[0mk#99f25ef6..[1m}[0m[2m:[0m [2mconsensus_core::core[0m[2m:[0m [2mconsensus/core/src/core.rs[0m[2m:[0m[2m945:[0m Included 3 ancestors & excluded 0 ancestors for proposal in round 226
[2m2025-03-25T07:55:57.308887Z[0m [32m INFO[0m [1mnode[0m[1m{[0m[3mname[0m[2m=[0mk#8dcff6d1..[1m}[0m[2m:[0m [2mconsensus_core::core[0m[2m:[0m [2mconsensus/core/src/core.rs[0m[2m:[0m[2m531:[0m Created block B226(A,kJRCtX/5dqqjsxYwJ0GIKyiL83QN+rjfk0nhtIVAyUs=)(1742889357308ms;[B225(A,76Q+1jiTkWfDBtJ3c/8Q3IHTpYMHa5OBt72XyfPkVJw=), B225(B,TX6r4MZ6WyHEKWzbKsN0W39ngHMJ+3GNdxAhuv9nz9g=), B225(C,k6HgFfp7RGQeJZPRZVqaGKjryvLBREfx+UMNlK4uEXg=)];1t;1c) for round 226
[2m2025-03-25T07:55:57.308886Z[0m [32m INFO[0m [1mnode[0m[1m{[0m[3mname[0m[2m=[0mk#99f25ef6..[1m}[0m[2m:[0m [2mconsensus_core::core[0m[2m:[0m [2mconsensus/core/src/core.rs[0m[2m:[0m[2m531:[0m Created block B226(B,5agELHoud6h9Zm882a+papafGthUO9uacFQi5ybw9yg=)(1742889357308ms;[B225(B,TX6r4MZ6WyHEKWzbKsN0W39ngHMJ+3GNdxAhuv9nz9g=), B225(A,76Q+1jiTkWfDBtJ3c/8Q3IHTpYMHa5OBt72XyfPkVJw=), B225(C,k6HgFfp7RGQeJZPRZVqaGKjryvLBREfx+UMNlK4uEXg=)];1t;1c) for round 226
[2m2025-03-25T07:55:57.308956Z[0m [32m INFO[0m [1mnode[0m[1m{[0m[3mname[0m[2m=[0mk#8dcff6d1..[1m}[0m[2m:[0m [2mconsensus_core::core[0m[2m:[0m [2mconsensus/core/src/core.rs[0m[2m:[0m[2m630:[0m Committing 1 leaders: B224(B,/3JZ)
[2m2025-03-25T07:55:57.308956Z[0m [32m INFO[0m [1mnode[0m[1m{[0m[3mname[0m[2m=[0mk#99f25ef6..[1m}[0m[2m:[0m [2mconsensus_core::core[0m[2m:[0m [2mconsensus/core/src/core.rs[0m[2m:[0m[2m630:[0m Committing 1 leaders: B224(B,/3JZ)
[2m2025-03-25T07:55:57.309026Z[0m [32m INFO[0m [1mnode[0m[1m{[0m[3mname[0m[2m=[0mk#99f25ef6..[1m}[0m[2m:[0m [2mconsensus_core::commit_observer[0m[2m:[0m [2mconsensus/core/src/commit_observer.rs[0m[2m:[0m[2m173:[0m Consensus commit C214(nkKQ) with leader B224(B,/3JZ) has 3 blocks
[2m2025-03-25T07:55:57.309026Z[0m [32m INFO[0m [1mnode[0m[1m{[0m[3mname[0m[2m=[0mk#8dcff6d1..[1m}[0m[2m:[0m [2mconsensus_core::commit_observer[0m[2m:[0m [2mconsensus/core/src/commit_observer.rs[0m[2m:[0m[2m173:[0m Consensus commit C214(nkKQ) with leader B224(B,/3JZ) has 3 blocks
[2m2025-03-25T07:55:57.309114Z[0m [32m INFO[0m [1mnode[0m[1m{[0m[3mname[0m[2m=[0mk#8dcff6d1..[1m}[0m[2m:[0m [2msui_core::consensus_handler[0m[2m:[0m [2mcrates/sui-core/src/consensus_handler.rs[0m[2m:[0m[2m232:[0m Received consensus output [3mconsensus_commit[0m[2m=[0mCommittedSubDag(leader=B224(B,/3JZ), ref=C214(nkKQ), blocks=[9GGE, v0M/, /3JZ]) [3mepoch[0m[2m=[0m1
[2m2025-03-25T07:55:57.309114Z[0m [32m INFO[0m [1mnode[0m[1m{[0m[3mname[0m[2m=[0mk#99f25ef6..[1m}[0m[2m:[0m [2msui_core::consensus_handler[0m[2m:[0m [2mcrates/sui-core/src/consensus_handler.rs[0m[2m:[0m[2m232:[0m Received consensus output [3mconsensus_commit[0m[2m=[0mCommittedSubDag(leader=B224(B,/3JZ), ref=C214(nkKQ), blocks=[9GGE, v0M/, /3JZ]) [3mepoch[0m[2m=[0m1
[2m2025-03-25T07:55:57.312780Z[0m [32m INFO[0m [1mnode[0m[1m{[0m[3mname[0m[2m=[0mk#addeef94..[1m}[0m[2m:[0m [2mconsensus_core::core[0m[2m:[0m [2mconsensus/core/src/core.rs[0m[2m:[0m[2m630:[0m Committing 1 leaders: B224(B,/3JZ)
[2m2025-03-25T07:55:57.312868Z[0m [32m INFO[0m [1mnode[0m[1m{[0m[3mname[0m[2m=[0mk#addeef94..[1m}[0m[2m:[0m [2mconsensus_core::commit_observer[0m[2m:[0m [2mconsensus/core/src/commit_observer.rs[0m[2m:[0m[2m173:[0m Consensus commit C214(nkKQ) with leader B224(B,/3JZ) has 3 blocks
[2m2025-03-25T07:55:57.312994Z[0m [32m INFO[0m [1mnode[0m[1m{[0m[3mname[0m[2m=[0mk#addeef94..[1m}[0m[2m:[0m [2msui_core::consensus_handler[0m[2m:[0m [2mcrates/sui-core/src/consensus_handler.rs[0m[2m:[0m[2m232:[0m Received consensus output [3mconsensus_commit[0m[2m=[0mCommittedSubDag(leader=B224(B,/3JZ), ref=C214(nkKQ), blocks=[9GGE, v0M/, /3JZ]) [3mepoch[0m[2m=[0m1
[2m2025-03-25T07:55:57.355155Z[0m [32m INFO[0m [1mnode[0m[1m{[0m[3mname[0m[2m=[0mk#99f25ef6..[1m}[0m[2m:[0m [2msui_core::checkpoints[0m[2m:[0m [2mcrates/sui-core/src/checkpoints/mod.rs[0m[2m:[0m[2m1326:[0m Creating checkpoint(s) for 1 transactions [3mnext_checkpoint_seq[0m[2m=[0m427 [3mcheckpoint_timestamp[0m[2m=[0m1742889356796
[2m2025-03-25T07:55:57.355155Z[0m [32m INFO[0m [1mnode[0m[1m{[0m[3mname[0m[2m=[0mk#8dcff6d1..[1m}[0m[2m:[0m [2msui_core::checkpoints[0m[2m:[0m [2mcrates/sui-core/src/checkpoints/mod.rs[0m[2m:[0m[2m1326:[0m Creating checkpoint(s) for 1 transactions [3mnext_checkpoint_seq[0m[2m=[0m427 [3mcheckpoint_timestamp[0m[2m=[0m1742889356796
[2m2025-03-25T07:55:57.355391Z[0m [32m INFO[0m [1mnode[0m[1m{[0m[3mname[0m[2m=[0mk#8dcff6d1..[1m}[0m[2m:[0m [2msui_core::checkpoints::checkpoint_output[0m[2m:[0m [2mcrates/sui-core/src/checkpoints/checkpoint_output.rs[0m[2m:[0m[2m149:[0m Creating checkpoint CheckpointDigest(BSKuz2uUDfJ8kFS2JCb36SCZ9ufb8XH1iE7jDBga4UFg) at epoch 1, sequence 427, previous digest Some(CheckpointDigest(BcCqHJUvrjUdAa3JVnERrNwWWH5WcvKPTL82FE6KPFg6)), transactions count 1, content digest CheckpointContentsDigest(DJLpsnux9YJRwnWJBpWURQYVbY5vhvqUN9ddqT6BxRjC), end_of_epoch_data None
[2m2025-03-25T07:55:57.355391Z[0m [32m INFO[0m [1mnode[0m[1m{[0m[3mname[0m[2m=[0mk#99f25ef6..[1m}[0m[2m:[0m [2msui_core::checkpoints::checkpoint_output[0m[2m:[0m [2mcrates/sui-core/src/checkpoints/checkpoint_output.rs[0m[2m:[0m[2m149:[0m Creating checkpoint CheckpointDigest(BSKuz2uUDfJ8kFS2JCb36SCZ9ufb8XH1iE7jDBga4UFg) at epoch 1, sequence 427, previous digest Some(CheckpointDigest(BcCqHJUvrjUdAa3JVnERrNwWWH5WcvKPTL82FE6KPFg6)), transactions count 1, content digest CheckpointContentsDigest(DJLpsnux9YJRwnWJBpWURQYVbY5vhvqUN9ddqT6BxRjC), end_of_epoch_data None
[2m2025-03-25T07:55:57.356177Z[0m [32m INFO[0m [1mnode[0m[1m{[0m[3mname[0m[2m=[0mk#99f25ef6..[1m}[0m[2m:[0m [2mconsensus_core::commit_syncer[0m[2m:[0m [2mconsensus/core/src/commit_syncer.rs[0m[2m:[0m[2m196:[0m Checking to schedule fetches: synced_commit_index=214, highest_handled_index=214, highest_scheduled_index=0, quorum_commit_index=212, unhandled_commits_threshold=3200
[2m2025-03-25T07:55:57.357296Z[0m [32m INFO[0m [1mnode[0m[1m{[0m[3mname[0m[2m=[0mk#addeef94..[1m}[0m[2m:[0m [2msui_core::checkpoints[0m[2m:[0m [2mcrates/sui-core/src/checkpoints/mod.rs[0m[2m:[0m[2m1326:[0m Creating checkpoint(s) for 1 transactions [3mnext_checkpoint_seq[0m[2m=[0m427 [3mcheckpoint_timestamp[0m[2m=[0m1742889356796
[2m2025-03-25T07:55:57.357468Z[0m [32m INFO[0m [1mnode[0m[1m{[0m[3mname[0m[2m=[0mk#addeef94..[1m}[0m[2m:[0m [2msui_core::checkpoints::checkpoint_output[0m[2m:[0m [2mcrates/sui-core/src/checkpoints/checkpoint_output.rs[0m[2m:[0m[2m149:[0m Creating checkpoint CheckpointDigest(BSKuz2uUDfJ8kFS2JCb36SCZ9ufb8XH1iE7jDBga4UFg) at epoch 1, sequence 427, previous digest Some(CheckpointDigest(BcCqHJUvrjUdAa3JVnERrNwWWH5WcvKPTL82FE6KPFg6)), transactions count 1, content digest CheckpointContentsDigest(DJLpsnux9YJRwnWJBpWURQYVbY5vhvqUN9ddqT6BxRjC), end_of_epoch_data None
[2m2025-03-25T07:55:57.358057Z[0m [32m INFO[0m [1mnode[0m[1m{[0m[3mname[0m[2m=[0mk#addeef94..[1m}[0m[2m:[0m [2mconsensus_core::commit_syncer[0m[2m:[0m [2mconsensus/core/src/commit_syncer.rs[0m[2m:[0m[2m196:[0m Checking to schedule fetches: synced_commit_index=214, highest_handled_index=214, highest_scheduled_index=0, quorum_commit_index=0, unhandled_commits_threshold=3200
[2m2025-03-25T07:55:57.358611Z[0m [32m INFO[0m [1mnode[0m[1m{[0m[3mname[0m[2m=[0mk#8dcff6d1..[1m}[0m[2m:[0m [2msui_core::checkpoints::checkpoint_output[0m[2m:[0m [2mcrates/sui-core/src/checkpoints/checkpoint_output.rs[0m[2m:[0m[2m196:[0m Certified checkpoint with sequence 426 and digest BcCqHJUvrjUdAa3JVnERrNwWWH5WcvKPTL82FE6KPFg6
[2m2025-03-25T07:55:57.358792Z[0m [32m INFO[0m [1mnode[0m[1m{[0m[3mname[0m[2m=[0mk#99f25ef6..[1m}[0m[2m:[0m [2msui_core::checkpoints::checkpoint_output[0m[2m:[0m [2mcrates/sui-core/src/checkpoints/checkpoint_output.rs[0m[2m:[0m[2m196:[0m Certified checkpoint with sequence 426 and digest BcCqHJUvrjUdAa3JVnERrNwWWH5WcvKPTL82FE6KPFg6
[2m2025-03-25T07:55:57.361942Z[0m [32m INFO[0m [1mnode[0m[1m{[0m[3mname[0m[2m=[0mk#8dcff6d1..[1m}[0m[2m:[0m [2msui_core::checkpoints::checkpoint_executor[0m[2m:[0m [2mcrates/sui-core/src/checkpoints/checkpoint_executor/mod.rs[0m[2m:[0m[2m332:[0m Received checkpoint summary from state sync [3msequence_number[0m[2m=[0m426
[2m2025-03-25T07:55:57.362117Z[0m [32m INFO[0m [1mnode[0m[1m{[0m[3mname[0m[2m=[0mk#99f25ef6..[1m}[0m[2m:[0m [2msui_core::checkpoints::checkpoint_executor[0m[2m:[0m [2mcrates/sui-core/src/checkpoints/checkpoint_executor/mod.rs[0m[2m:[0m[2m332:[0m Received checkpoint summary from state sync [3msequence_number[0m[2m=[0m426
[2m2025-03-25T07:55:57.381258Z[0m [32m INFO[0m [1mnode[0m[1m{[0m[3mname[0m[2m=[0mk#99f25ef6..[1m}[0m[2m:[0m [2msui_core::state_accumulator[0m[2m:[0m [2mcrates/sui-core/src/state_accumulator.rs[0m[2m:[0m[2m675:[0m accumulating running root for checkpoint 426
[2m2025-03-25T07:55:57.381258Z[0m [32m INFO[0m [1mnode[0m[1m{[0m[3mname[0m[2m=[0mk#8dcff6d1..[1m}[0m[2m:[0m [2msui_core::state_accumulator[0m[2m:[0m [2mcrates/sui-core/src/state_accumulator.rs[0m[2m:[0m[2m675:[0m accumulating running root for checkpoint 426
[2m2025-03-25T07:55:57.425608Z[0m [32m INFO[0m [1mnode[0m[1m{[0m[3mname[0m[2m=[0mk#addeef94..[1m}[0m[2m:[0m [2msui_core::checkpoints::checkpoint_executor[0m[2m:[0m [2mcrates/sui-core/src/checkpoints/checkpoint_executor/mod.rs[0m[2m:[0m[2m332:[0m Received checkpoint summary from state sync [3msequence_number[0m[2m=[0m426
[2m2025-03-25T07:55:57.426944Z[0m [32m INFO[0m [1mnode[0m[1m{[0m[3mname[0m[2m=[0mk#addeef94..[1m}[0m[2m:[0m [2msui_core::state_accumulator[0m[2m:[0m [2mcrates/sui-core/src/state_accumulator.rs[0m[2m:[0m[2m675:[0m accumulating running root for checkpoint 426
[2m2025-03-25T07:55:57.561581Z[0m [32m INFO[0m [1mnode[0m[1m{[0m[3mname[0m[2m=[0mk#99f25ef6..[1m}[0m[2m:[0m [2mconsensus_core::core[0m[2m:[0m [2mconsensus/core/src/core.rs[0m[2m:[0m[2m945:[0m Included 3 ancestors & excluded 0 ancestors for proposal in round 227
[2m2025-03-25T07:55:57.561704Z[0m [32m INFO[0m [1mnode[0m[1m{[0m[3mname[0m[2m=[0mk#8dcff6d1..[1m}[0m[2m:[0m [2mconsensus_core::core[0m[2m:[0m [2mconsensus/core/src/core.rs[0m[2m:[0m[2m945:[0m Included 3 ancestors & excluded 0 ancestors for proposal in round 227
[2m2025-03-25T07:55:57.561953Z[0m [32m INFO[0m [1mnode[0m[1m{[0m[3mname[0m[2m=[0mk#99f25ef6..[1m}[0m[2m:[0m [2mconsensus_core::core[0m[2m:[0m [2mconsensus/core/src/core.rs[0m[2m:[0m[2m531:[0m Created block B227(B,poMJacDodqoa7mvolhatlCrNwcIs1I/sicDHpupEY9o=)(1742889357561ms;[B226(B,5agELHoud6h9Zm882a+papafGthUO9uacFQi5ybw9yg=), B226(A,kJRCtX/5dqqjsxYwJ0GIKyiL83QN+rjfk0nhtIVAyUs=), B226(C,hq38IIXX+PqBYxRw2EuESw9Vxex3KcL6dc5TEjpkrW4=)];1t;1c) for round 227
[2m2025-03-25T07:55:57.562007Z[0m [32m INFO[0m [1mnode[0m[1m{[0m[3mname[0m[2m=[0mk#8dcff6d1..[1m}[0m[2m:[0m [2mconsensus_core::core[0m[2m:[0m [2mconsensus/core/src/core.rs[0m[2m:[0m[2m531:[0m Created block B227(A,zj+jgJym5ciSNJd2+kZihfi6Ow07OBzItBdma3ZNWk8=)(1742889357561ms;[B226(A,kJRCtX/5dqqjsxYwJ0GIKyiL83QN+rjfk0nhtIVAyUs=), B226(B,5agELHoud6h9Zm882a+papafGthUO9uacFQi5ybw9yg=), B226(C,hq38IIXX+PqBYxRw2EuESw9Vxex3KcL6dc5TEjpkrW4=)];1t;1c) for round 227
[2m2025-03-25T07:55:57.565200Z[0m [32m INFO[0m [1mnode[0m[1m{[0m[3mname[0m[2m=[0mk#addeef94..[1m}[0m[2m:[0m [2mconsensus_core::core[0m[2m:[0m [2mconsensus/core/src/core.rs[0m[2m:[0m[2m945:[0m Included 3 ancestors & excluded 0 ancestors for proposal in round 227
[2m2025-03-25T07:55:57.565501Z[0m [32m INFO[0m [1mnode[0m[1m{[0m[3mname[0m[2m=[0mk#addeef94..[1m}[0m[2m:[0m [2mconsensus_core::core[0m[2m:[0m [2mconsensus/core/src/core.rs[0m[2m:[0m[2m531:[0m Created block B227(C,1GQ892yPB1jIKM75Z74S/zfZ08+4cDmUtaqwoq7lzQs=)(1742889357565ms;[B226(C,hq38IIXX+PqBYxRw2EuESw9Vxex3KcL6dc5TEjpkrW4=), B226(A,kJRCtX/5dqqjsxYwJ0GIKyiL83QN+rjfk0nhtIVAyUs=), B226(B,5agELHoud6h9Zm882a+papafGthUO9uacFQi5ybw9yg=)];1t;1c) for round 227
[2m2025-03-25T07:55:57.565567Z[0m [32m INFO[0m [1mnode[0m[1m{[0m[3mname[0m[2m=[0mk#addeef94..[1m}[0m[2m:[0m [2mconsensus_core::core[0m[2m:[0m [2mconsensus/core/src/core.rs[0m[2m:[0m[2m630:[0m Committing 1 leaders: B225(A,76Q+)
[2m2025-03-25T07:55:57.565636Z[0m [32m INFO[0m [1mnode[0m[1m{[0m[3mname[0m[2m=[0mk#addeef94..[1m}[0m[2m:[0m [2mconsensus_core::commit_observer[0m[2m:[0m [2mconsensus/core/src/commit_observer.rs[0m[2m:[0m[2m173:[0m Consensus commit C215(f7H0) with leader B225(A,76Q+) has 3 blocks
[2m2025-03-25T07:55:57.565720Z[0m [32m INFO[0m [1mnode[0m[1m{[0m[3mname[0m[2m=[0mk#addeef94..[1m}[0m[2m:[0m [2msui_core::consensus_handler[0m[2m:[0m [2mcrates/sui-core/src/consensus_handler.rs[0m[2m:[0m[2m232:[0m Received consensus output [3mconsensus_commit[0m[2m=[0mCommittedSubDag(leader=B225(A,76Q+), ref=C215(f7H0), blocks=[S9ee, 41J1, 76Q+]) [3mepoch[0m[2m=[0m1
[2m2025-03-25T07:55:57.568717Z[0m [32m INFO[0m [1mnode[0m[1m{[0m[3mname[0m[2m=[0mk#99f25ef6..[1m}[0m[2m:[0m [2msui_core::checkpoints::checkpoint_output[0m[2m:[0m [2mcrates/sui-core/src/checkpoints/checkpoint_output.rs[0m[2m:[0m[2m196:[0m Certified checkpoint with sequence 427 and digest BSKuz2uUDfJ8kFS2JCb36SCZ9ufb8XH1iE7jDBga4UFg
[2m2025-03-25T07:55:57.568722Z[0m [32m INFO[0m [1mnode[0m[1m{[0m[3mname[0m[2m=[0mk#8dcff6d1..[1m}[0m[2m:[0m [2msui_core::checkpoints::checkpoint_output[0m[2m:[0m [2mcrates/sui-core/src/checkpoints/checkpoint_output.rs[0m[2m:[0m[2m196:[0m Certified checkpoint with sequence 427 and digest BSKuz2uUDfJ8kFS2JCb36SCZ9ufb8XH1iE7jDBga4UFg
[2m2025-03-25T07:55:57.568829Z[0m [32m INFO[0m [1mnode[0m[1m{[0m[3mname[0m[2m=[0mk#99f25ef6..[1m}[0m[2m:[0m [2mconsensus_core::core[0m[2m:[0m [2mconsensus/core/src/core.rs[0m[2m:[0m[2m630:[0m Committing 1 leaders: B225(A,76Q+)
[2m2025-03-25T07:55:57.568829Z[0m [32m INFO[0m [1mnode[0m[1m{[0m[3mname[0m[2m=[0mk#8dcff6d1..[1m}[0m[2m:[0m [2mconsensus_core::core[0m[2m:[0m [2mconsensus/core/src/core.rs[0m[2m:[0m[2m630:[0m Committing 1 leaders: B225(A,76Q+)
[2m2025-03-25T07:55:57.568932Z[0m [32m INFO[0m [1mnode[0m[1m{[0m[3mname[0m[2m=[0mk#99f25ef6..[1m}[0m[2m:[0m [2mconsensus_core::commit_observer[0m[2m:[0m [2mconsensus/core/src/commit_observer.rs[0m[2m:[0m[2m173:[0m Consensus commit C215(f7H0) with leader B225(A,76Q+) has 3 blocks
[2m2025-03-25T07:55:57.568933Z[0m [32m INFO[0m [1mnode[0m[1m{[0m[3mname[0m[2m=[0mk#8dcff6d1..[1m}[0m[2m:[0m [2mconsensus_core::commit_observer[0m[2m:[0m [2mconsensus/core/src/commit_observer.rs[0m[2m:[0m[2m173:[0m Consensus commit C215(f7H0) with leader B225(A,76Q+) has 3 blocks
[2m2025-03-25T07:55:57.569340Z[0m [32m INFO[0m [1mnode[0m[1m{[0m[3mname[0m[2m=[0mk#99f25ef6..[1m}[0m[2m:[0m [2msui_core::consensus_handler[0m[2m:[0m [2mcrates/sui-core/src/consensus_handler.rs[0m[2m:[0m[2m232:[0m Received consensus output [3mconsensus_commit[0m[2m=[0mCommittedSubDag(leader=B225(A,76Q+), ref=C215(f7H0), blocks=[S9ee, 41J1, 76Q+]) [3mepoch[0m[2m=[0m1
[2m2025-03-25T07:55:57.569340Z[0m [32m INFO[0m [1mnode[0m[1m{[0m[3mname[0m[2m=[0mk#8dcff6d1..[1m}[0m[2m:[0m [2msui_core::consensus_handler[0m[2m:[0m [2mcrates/sui-core/src/consensus_handler.rs[0m[2m:[0m[2m232:[0m Received consensus output [3mconsensus_commit[0m[2m=[0mCommittedSubDag(leader=B225(A,76Q+), ref=C215(f7H0), blocks=[S9ee, 41J1, 76Q+]) [3mepoch[0m[2m=[0m1
[2m2025-03-25T07:55:57.569909Z[0m [32m INFO[0m [1mnode[0m[1m{[0m[3mname[0m[2m=[0mk#99f25ef6..[1m}[0m[2m:[0m [2msui_core::checkpoints::checkpoint_executor[0m[2m:[0m [2mcrates/sui-core/src/checkpoints/checkpoint_executor/mod.rs[0m[2m:[0m[2m332:[0m Received checkpoint summary from state sync [3msequence_number[0m[2m=[0m427
[2m2025-03-25T07:55:57.569909Z[0m [32m INFO[0m [1mnode[0m[1m{[0m[3mname[0m[2m=[0mk#8dcff6d1..[1m}[0m[2m:[0m [2msui_core::checkpoints::checkpoint_executor[0m[2m:[0m [2mcrates/sui-core/src/checkpoints/checkpoint_executor/mod.rs[0m[2m:[0m[2m332:[0m Received checkpoint summary from state sync [3msequence_number[0m[2m=[0m427
[2m2025-03-25T07:55:57.571419Z[0m [32m INFO[0m [1mnode[0m[1m{[0m[3mname[0m[2m=[0mk#99f25ef6..[1m}[0m[2m:[0m [2msui_core::state_accumulator[0m[2m:[0m [2mcrates/sui-core/src/state_accumulator.rs[0m[2m:[0m[2m675:[0m accumulating running root for checkpoint 427
[2m2025-03-25T07:55:57.571419Z[0m [32m INFO[0m [1mnode[0m[1m{[0m[3mname[0m[2m=[0mk#8dcff6d1..[1m}[0m[2m:[0m [2msui_core::state_accumulator[0m[2m:[0m [2mcrates/sui-core/src/state_accumulator.rs[0m[2m:[0m[2m675:[0m accumulating running root for checkpoint 427
[2m2025-03-25T07:55:57.592299Z[0m [32m INFO[0m [1mnode[0m[1m{[0m[3mname[0m[2m=[0mk#addeef94..[1m}[0m[2m:[0m [2msui_core::checkpoints[0m[2m:[0m [2mcrates/sui-core/src/checkpoints/mod.rs[0m[2m:[0m[2m1326:[0m Creating checkpoint(s) for 2 transactions [3mnext_checkpoint_seq[0m[2m=[0m428 [3mcheckpoint_timestamp[0m[2m=[0m1742889357049
[2m2025-03-25T07:55:57.592606Z[0m [32m INFO[0m [1mnode[0m[1m{[0m[3mname[0m[2m=[0mk#addeef94..[1m}[0m[2m:[0m [2msui_core::checkpoints::checkpoint_output[0m[2m:[0m [2mcrates/sui-core/src/checkpoints/checkpoint_output.rs[0m[2m:[0m[2m149:[0m Creating checkpoint CheckpointDigest(2hKuJsR1xprfuL4hMkSE3RbnmHLD1A7QosPYwYU8hTWB) at epoch 1, sequence 428, previous digest Some(CheckpointDigest(BSKuz2uUDfJ8kFS2JCb36SCZ9ufb8XH1iE7jDBga4UFg)), transactions count 2, content digest CheckpointContentsDigest(3dp6yRXKiog8mbztZxWYbejXD9yLpUYQHWodwTmCNNzZ), end_of_epoch_data None
[2m2025-03-25T07:55:57.595239Z[0m [32m INFO[0m [1mnode[0m[1m{[0m[3mname[0m[2m=[0mk#addeef94..[1m}[0m[2m:[0m [2msui_core::checkpoints::checkpoint_executor[0m[2m:[0m [2mcrates/sui-core/src/checkpoints/checkpoint_executor/mod.rs[0m[2m:[0m[2m332:[0m Received checkpoint summary from state sync [3msequence_number[0m[2m=[0m427
[2m2025-03-25T07:55:57.596061Z[0m [32m INFO[0m [1mnode[0m[1m{[0m[3mname[0m[2m=[0mk#addeef94..[1m}[0m[2m:[0m [2msui_core::state_accumulator[0m[2m:[0m [2mcrates/sui-core/src/state_accumulator.rs[0m[2m:[0m[2m675:[0m accumulating running root for checkpoint 427
[2m2025-03-25T07:55:57.596842Z[0m [32m INFO[0m [1mnode[0m[1m{[0m[3mname[0m[2m=[0mk#99f25ef6..[1m}[0m[2m:[0m [2msui_core::checkpoints[0m[2m:[0m [2mcrates/sui-core/src/checkpoints/mod.rs[0m[2m:[0m[2m1326:[0m Creating checkpoint(s) for 2 transactions [3mnext_checkpoint_seq[0m[2m=[0m428 [3mcheckpoint_timestamp[0m[2m=[0m1742889357049
[2m2025-03-25T07:55:57.596845Z[0m [32m INFO[0m [1mnode[0m[1m{[0m[3mname[0m[2m=[0mk#8dcff6d1..[1m}[0m[2m:[0m [2msui_core::checkpoints[0m[2m:[0m [2mcrates/sui-core/src/checkpoints/mod.rs[0m[2m:[0m[2m1326:[0m Creating checkpoint(s) for 2 transactions [3mnext_checkpoint_seq[0m[2m=[0m428 [3mcheckpoint_timestamp[0m[2m=[0m1742889357049
[2m2025-03-25T07:55:57.597115Z[0m [32m INFO[0m [1mnode[0m[1m{[0m[3mname[0m[2m=[0mk#99f25ef6..[1m}[0m[2m:[0m [2msui_core::checkpoints::checkpoint_output[0m[2m:[0m [2mcrates/sui-core/src/checkpoints/checkpoint_output.rs[0m[2m:[0m[2m149:[0m Creating checkpoint CheckpointDigest(2hKuJsR1xprfuL4hMkSE3RbnmHLD1A7QosPYwYU8hTWB) at epoch 1, sequence 428, previous digest Some(CheckpointDigest(BSKuz2uUDfJ8kFS2JCb36SCZ9ufb8XH1iE7jDBga4UFg)), transactions count 2, content digest CheckpointContentsDigest(3dp6yRXKiog8mbztZxWYbejXD9yLpUYQHWodwTmCNNzZ), end_of_epoch_data None
[2m2025-03-25T07:55:57.597115Z[0m [32m INFO[0m [1mnode[0m[1m{[0m[3mname[0m[2m=[0mk#8dcff6d1..[1m}[0m[2m:[0m [2msui_core::checkpoints::checkpoint_output[0m[2m:[0m [2mcrates/sui-core/src/checkpoints/checkpoint_output.rs[0m[2m:[0m[2m149:[0m Creating checkpoint CheckpointDigest(2hKuJsR1xprfuL4hMkSE3RbnmHLD1A7QosPYwYU8hTWB) at epoch 1, sequence 428, previous digest Some(CheckpointDigest(BSKuz2uUDfJ8kFS2JCb36SCZ9ufb8XH1iE7jDBga4UFg)), transactions count 2, content digest CheckpointContentsDigest(3dp6yRXKiog8mbztZxWYbejXD9yLpUYQHWodwTmCNNzZ), end_of_epoch_data None
[2m2025-03-25T07:55:57.818156Z[0m [32m INFO[0m [1mnode[0m[1m{[0m[3mname[0m[2m=[0mk#addeef94..[1m}[0m[2m:[0m [2mconsensus_core::core[0m[2m:[0m [2mconsensus/core/src/core.rs[0m[2m:[0m[2m945:[0m Included 3 ancestors & excluded 0 ancestors for proposal in round 228
[2m2025-03-25T07:55:57.818508Z[0m [32m INFO[0m [1mnode[0m[1m{[0m[3mname[0m[2m=[0mk#addeef94..[1m}[0m[2m:[0m [2mconsensus_core::core[0m[2m:[0m [2mconsensus/core/src/core.rs[0m[2m:[0m[2m531:[0m Created block B228(C,uxOWtYp8AzRljhLCgr/SDF1MH3OEcQnzX0tbqu7bVws=)(1742889357818ms;[B227(C,1GQ892yPB1jIKM75Z74S/zfZ08+4cDmUtaqwoq7lzQs=), B227(A,zj+jgJym5ciSNJd2+kZihfi6Ow07OBzItBdma3ZNWk8=), B227(B,poMJacDodqoa7mvolhatlCrNwcIs1I/sicDHpupEY9o=)];1t;1c) for round 228
[2m2025-03-25T07:55:57.820408Z[0m [32m INFO[0m [1mnode[0m[1m{[0m[3mname[0m[2m=[0mk#99f25ef6..[1m}[0m[2m:[0m [2mconsensus_core::core[0m[2m:[0m [2mconsensus/core/src/core.rs[0m[2m:[0m[2m945:[0m Included 3 ancestors & excluded 0 ancestors for proposal in round 228
[2m2025-03-25T07:55:57.820410Z[0m [32m INFO[0m [1mnode[0m[1m{[0m[3mname[0m[2m=[0mk#8dcff6d1..[1m}[0m[2m:[0m [2mconsensus_core::core[0m[2m:[0m [2mconsensus/core/src/core.rs[0m[2m:[0m[2m945:[0m Included 3 ancestors & excluded 0 ancestors for proposal in round 228
[2m2025-03-25T07:55:57.820689Z[0m [32m INFO[0m [1mnode[0m[1m{[0m[3mname[0m[2m=[0mk#99f25ef6..[1m}[0m[2m:[0m [2mconsensus_core::core[0m[2m:[0m [2mconsensus/core/src/core.rs[0m[2m:[0m[2m531:[0m Created block B228(B,kGpsOiIKsntXGpidc82IGirYKqzb5lWtBHOov21vCOo=)(1742889357820ms;[B227(B,poMJacDodqoa7mvolhatlCrNwcIs1I/sicDHpupEY9o=), B227(A,zj+jgJym5ciSNJd2+kZihfi6Ow07OBzItBdma3ZNWk8=), B227(C,1GQ892yPB1jIKM75Z74S/zfZ08+4cDmUtaqwoq7lzQs=)];1t;1c) for round 228
[2m2025-03-25T07:55:57.820693Z[0m [32m INFO[0m [1mnode[0m[1m{[0m[3mname[0m[2m=[0mk#8dcff6d1..[1m}[0m[2m:[0m [2mconsensus_core::core[0m[2m:[0m [2mconsensus/core/src/core.rs[0m[2m:[0m[2m531:[0m Created block B228(A,hvwcvWsEQ8+viT7cXOo1BV4lH42BX+zc4P2L4osjDBA=)(1742889357820ms;[B227(A,zj+jgJym5ciSNJd2+kZihfi6Ow07OBzItBdma3ZNWk8=), B227(B,poMJacDodqoa7mvolhatlCrNwcIs1I/sicDHpupEY9o=), B227(C,1GQ892yPB1jIKM75Z74S/zfZ08+4cDmUtaqwoq7lzQs=)];1t;1c) for round 228
[2m2025-03-25T07:55:57.820757Z[0m [32m INFO[0m [1mnode[0m[1m{[0m[3mname[0m[2m=[0mk#99f25ef6..[1m}[0m[2m:[0m [2mconsensus_core::core[0m[2m:[0m [2mconsensus/core/src/core.rs[0m[2m:[0m[2m630:[0m Committing 1 leaders: B226(A,kJRC)
[2m2025-03-25T07:55:57.820757Z[0m [32m INFO[0m [1mnode[0m[1m{[0m[3mname[0m[2m=[0mk#8dcff6d1..[1m}[0m[2m:[0m [2mconsensus_core::core[0m[2m:[0m [2mconsensus/core/src/core.rs[0m[2m:[0m[2m630:[0m Committing 1 leaders: B226(A,kJRC)
[2m2025-03-25T07:55:57.820826Z[0m [32m INFO[0m [1mnode[0m[1m{[0m[3mname[0m[2m=[0mk#99f25ef6..[1m}[0m[2m:[0m [2mconsensus_core::commit_observer[0m[2m:[0m [2mconsensus/core/src/commit_observer.rs[0m[2m:[0m[2m173:[0m Consensus commit C216(TWTm) with leader B226(A,kJRC) has 3 blocks
[2m2025-03-25T07:55:57.820826Z[0m [32m INFO[0m [1mnode[0m[1m{[0m[3mname[0m[2m=[0mk#8dcff6d1..[1m}[0m[2m:[0m [2mconsensus_core::commit_observer[0m[2m:[0m [2mconsensus/core/src/commit_observer.rs[0m[2m:[0m[2m173:[0m Consensus commit C216(TWTm) with leader B226(A,kJRC) has 3 blocks
[2m2025-03-25T07:55:57.820915Z[0m [32m INFO[0m [1mnode[0m[1m{[0m[3mname[0m[2m=[0mk#8dcff6d1..[1m}[0m[2m:[0m [2msui_core::consensus_handler[0m[2m:[0m [2mcrates/sui-core/src/consensus_handler.rs[0m[2m:[0m[2m232:[0m Received consensus output [3mconsensus_commit[0m[2m=[0mCommittedSubDag(leader=B226(A,kJRC), ref=C216(TWTm), blocks=[TX6r, k6Hg, kJRC]) [3mepoch[0m[2m=[0m1
[2m2025-03-25T07:55:57.820915Z[0m [32m INFO[0m [1mnode[0m[1m{[0m[3mname[0m[2m=[0mk#99f25ef6..[1m}[0m[2m:[0m [2msui_core::consensus_handler[0m[2m:[0m [2mcrates/sui-core/src/consensus_handler.rs[0m[2m:[0m[2m232:[0m Received consensus output [3mconsensus_commit[0m[2m=[0mCommittedSubDag(leader=B226(A,kJRC), ref=C216(TWTm), blocks=[TX6r, k6Hg, kJRC]) [3mepoch[0m[2m=[0m1
[2m2025-03-25T07:55:57.824594Z[0m [32m INFO[0m [1mnode[0m[1m{[0m[3mname[0m[2m=[0mk#addeef94..[1m}[0m[2m:[0m [2mconsensus_core::core[0m[2m:[0m [2mconsensus/core/src/core.rs[0m[2m:[0m[2m630:[0m Committing 1 leaders: B226(A,kJRC)
[2m2025-03-25T07:55:57.824683Z[0m [32m INFO[0m [1mnode[0m[1m{[0m[3mname[0m[2m=[0mk#addeef94..[1m}[0m[2m:[0m [2mconsensus_core::commit_observer[0m[2m:[0m [2mconsensus/core/src/commit_observer.rs[0m[2m:[0m[2m173:[0m Consensus commit C216(TWTm) with leader B226(A,kJRC) has 3 blocks
[2m2025-03-25T07:55:57.824815Z[0m [32m INFO[0m [1mnode[0m[1m{[0m[3mname[0m[2m=[0mk#addeef94..[1m}[0m[2m:[0m [2msui_core::consensus_handler[0m[2m:[0m [2mcrates/sui-core/src/consensus_handler.rs[0m[2m:[0m[2m232:[0m Received consensus output [3mconsensus_commit[0m[2m=[0mCommittedSubDag(leader=B226(A,kJRC), ref=C216(TWTm), blocks=[TX6r, k6Hg, kJRC]) [3mepoch[0m[2m=[0m1
[2m2025-03-25T07:55:57.866229Z[0m [32m INFO[0m [1mnode[0m[1m{[0m[3mname[0m[2m=[0mk#8dcff6d1..[1m}[0m[2m:[0m [2msui_core::checkpoints[0m[2m:[0m [2mcrates/sui-core/src/checkpoints/mod.rs[0m[2m:[0m[2m1326:[0m Creating checkpoint(s) for 1 transactions [3mnext_checkpoint_seq[0m[2m=[0m429 [3mcheckpoint_timestamp[0m[2m=[0m1742889357308
[2m2025-03-25T07:55:57.866228Z[0m [32m INFO[0m [1mnode[0m[1m{[0m[3mname[0m[2m=[0mk#99f25ef6..[1m}[0m[2m:[0m [2msui_core::checkpoints[0m[2m:[0m [2mcrates/sui-core/src/checkpoints/mod.rs[0m[2m:[0m[2m1326:[0m Creating checkpoint(s) for 1 transactions [3mnext_checkpoint_seq[0m[2m=[0m429 [3mcheckpoint_timestamp[0m[2m=[0m1742889357308
[2m2025-03-25T07:55:57.866459Z[0m [32m INFO[0m [1mnode[0m[1m{[0m[3mname[0m[2m=[0mk#99f25ef6..[1m}[0m[2m:[0m [2msui_core::checkpoints::checkpoint_output[0m[2m:[0m [2mcrates/sui-core/src/checkpoints/checkpoint_output.rs[0m[2m:[0m[2m149:[0m Creating checkpoint CheckpointDigest(CkFc3ftpHC9PvUYsfSBEreSa1scdgjpJZbvimvQiwnyp) at epoch 1, sequence 429, previous digest Some(CheckpointDigest(2hKuJsR1xprfuL4hMkSE3RbnmHLD1A7QosPYwYU8hTWB)), transactions count 1, content digest CheckpointContentsDigest(ncnncnGS8jszqeRHMLA2rCMqkbHMAnLzMfiKXmECeAY), end_of_epoch_data None
[2m2025-03-25T07:55:57.866459Z[0m [32m INFO[0m [1mnode[0m[1m{[0m[3mname[0m[2m=[0mk#8dcff6d1..[1m}[0m[2m:[0m [2msui_core::checkpoints::checkpoint_output[0m[2m:[0m [2mcrates/sui-core/src/checkpoints/checkpoint_output.rs[0m[2m:[0m[2m149:[0m Creating checkpoint CheckpointDigest(CkFc3ftpHC9PvUYsfSBEreSa1scdgjpJZbvimvQiwnyp) at epoch 1, sequence 429, previous digest Some(CheckpointDigest(2hKuJsR1xprfuL4hMkSE3RbnmHLD1A7QosPYwYU8hTWB)), transactions count 1, content digest CheckpointContentsDigest(ncnncnGS8jszqeRHMLA2rCMqkbHMAnLzMfiKXmECeAY), end_of_epoch_data None
[2m2025-03-25T07:55:57.868960Z[0m [32m INFO[0m [1mnode[0m[1m{[0m[3mname[0m[2m=[0mk#addeef94..[1m}[0m[2m:[0m [2msui_core::checkpoints[0m[2m:[0m [2mcrates/sui-core/src/checkpoints/mod.rs[0m[2m:[0m[2m1326:[0m Creating checkpoint(s) for 1 transactions [3mnext_checkpoint_seq[0m[2m=[0m429 [3mcheckpoint_timestamp[0m[2m=[0m1742889357308
[2m2025-03-25T07:55:57.869135Z[0m [32m INFO[0m [1mnode[0m[1m{[0m[3mname[0m[2m=[0mk#addeef94..[1m}[0m[2m:[0m [2msui_core::checkpoints::checkpoint_output[0m[2m:[0m [2mcrates/sui-core/src/checkpoints/checkpoint_output.rs[0m[2m:[0m[2m149:[0m Creating checkpoint CheckpointDigest(CkFc3ftpHC9PvUYsfSBEreSa1scdgjpJZbvimvQiwnyp) at epoch 1, sequence 429, previous digest Some(CheckpointDigest(2hKuJsR1xprfuL4hMkSE3RbnmHLD1A7QosPYwYU8hTWB)), transactions count 1, content digest CheckpointContentsDigest(ncnncnGS8jszqeRHMLA2rCMqkbHMAnLzMfiKXmECeAY), end_of_epoch_data None
[2m2025-03-25T07:55:57.869622Z[0m [32m INFO[0m [1mnode[0m[1m{[0m[3mname[0m[2m=[0mk#8dcff6d1..[1m}[0m[2m:[0m [2msui_core::checkpoints::checkpoint_output[0m[2m:[0m [2mcrates/sui-core/src/checkpoints/checkpoint_output.rs[0m[2m:[0m[2m196:[0m Certified checkpoint with sequence 428 and digest 2hKuJsR1xprfuL4hMkSE3RbnmHLD1A7QosPYwYU8hTWB
[2m2025-03-25T07:55:57.869625Z[0m [32m INFO[0m [1mnode[0m[1m{[0m[3mname[0m[2m=[0mk#99f25ef6..[1m}[0m[2m:[0m [2msui_core::checkpoints::checkpoint_output[0m[2m:[0m [2mcrates/sui-core/src/checkpoints/checkpoint_output.rs[0m[2m:[0m[2m196:[0m Certified checkpoint with sequence 428 and digest 2hKuJsR1xprfuL4hMkSE3RbnmHLD1A7QosPYwYU8hTWB
[2m2025-03-25T07:55:57.872997Z[0m [32m INFO[0m [1mnode[0m[1m{[0m[3mname[0m[2m=[0mk#8dcff6d1..[1m}[0m[2m:[0m [2msui_core::checkpoints::checkpoint_executor[0m[2m:[0m [2mcrates/sui-core/src/checkpoints/checkpoint_executor/mod.rs[0m[2m:[0m[2m332:[0m Received checkpoint summary from state sync [3msequence_number[0m[2m=[0m428
[2m2025-03-25T07:55:57.873130Z[0m [32m INFO[0m [1mnode[0m[1m{[0m[3mname[0m[2m=[0mk#99f25ef6..[1m}[0m[2m:[0m [2msui_core::checkpoints::checkpoint_executor[0m[2m:[0m [2mcrates/sui-core/src/checkpoints/checkpoint_executor/mod.rs[0m[2m:[0m[2m332:[0m Received checkpoint summary from state sync [3msequence_number[0m[2m=[0m428
[2m2025-03-25T07:55:57.891619Z[0m [32m INFO[0m [1mnode[0m[1m{[0m[3mname[0m[2m=[0mk#8dcff6d1..[1m}[0m[2m:[0m [2msui_core::state_accumulator[0m[2m:[0m [2mcrates/sui-core/src/state_accumulator.rs[0m[2m:[0m[2m675:[0m accumulating running root for checkpoint 428
[2m2025-03-25T07:55:57.891619Z[0m [32m INFO[0m [1mnode[0m[1m{[0m[3mname[0m[2m=[0mk#99f25ef6..[1m}[0m[2m:[0m [2msui_core::state_accumulator[0m[2m:[0m [2mcrates/sui-core/src/state_accumulator.rs[0m[2m:[0m[2m675:[0m accumulating running root for checkpoint 428
[2m2025-03-25T07:55:57.936279Z[0m [32m INFO[0m [1mnode[0m[1m{[0m[3mname[0m[2m=[0mk#addeef94..[1m}[0m[2m:[0m [2msui_core::checkpoints::checkpoint_executor[0m[2m:[0m [2mcrates/sui-core/src/checkpoints/checkpoint_executor/mod.rs[0m[2m:[0m[2m332:[0m Received checkpoint summary from state sync [3msequence_number[0m[2m=[0m428
[2m2025-03-25T07:55:57.937610Z[0m [32m INFO[0m [1mnode[0m[1m{[0m[3mname[0m[2m=[0mk#addeef94..[1m}[0m[2m:[0m [2msui_core::state_accumulator[0m[2m:[0m [2mcrates/sui-core/src/state_accumulator.rs[0m[2m:[0m[2m675:[0m accumulating running root for checkpoint 428
[2m2025-03-25T07:55:58.072628Z[0m [32m INFO[0m [1mnode[0m[1m{[0m[3mname[0m[2m=[0mk#99f25ef6..[1m}[0m[2m:[0m [2mconsensus_core::core[0m[2m:[0m [2mconsensus/core/src/core.rs[0m[2m:[0m[2m945:[0m Included 3 ancestors & excluded 0 ancestors for proposal in round 229
[2m2025-03-25T07:55:58.073063Z[0m [32m INFO[0m [1mnode[0m[1m{[0m[3mname[0m[2m=[0mk#99f25ef6..[1m}[0m[2m:[0m [2mconsensus_core::core[0m[2m:[0m [2mconsensus/core/src/core.rs[0m[2m:[0m[2m531:[0m Created block B229(B,EBdhUqEGudP5kY5yROYZmmCMhWSyVgnhEtZ8GL/cRs8=)(1742889358072ms;[B228(B,kGpsOiIKsntXGpidc82IGirYKqzb5lWtBHOov21vCOo=), B228(A,hvwcvWsEQ8+viT7cXOo1BV4lH42BX+zc4P2L4osjDBA=), B228(C,uxOWtYp8AzRljhLCgr/SDF1MH3OEcQnzX0tbqu7bVws=)];1t;1c) for round 229
[2m2025-03-25T07:55:58.074823Z[0m [32m INFO[0m [1mnode[0m[1m{[0m[3mname[0m[2m=[0mk#8dcff6d1..[1m}[0m[2m:[0m [2mconsensus_core::core[0m[2m:[0m [2mconsensus/core/src/core.rs[0m[2m:[0m[2m945:[0m Included 3 ancestors & excluded 0 ancestors for proposal in round 229
[2m2025-03-25T07:55:58.075121Z[0m [32m INFO[0m [1mnode[0m[1m{[0m[3mname[0m[2m=[0mk#8dcff6d1..[1m}[0m[2m:[0m [2mconsensus_core::core[0m[2m:[0m [2mconsensus/core/src/core.rs[0m[2m:[0m[2m531:[0m Created block B229(A,67KDQbHK3lCQFSdOj9IlwC3s7Uzt4sVwvNFxGGBWydo=)(1742889358074ms;[B228(A,hvwcvWsEQ8+viT7cXOo1BV4lH42BX+zc4P2L4osjDBA=), B228(B,kGpsOiIKsntXGpidc82IGirYKqzb5lWtBHOov21vCOo=), B228(C,uxOWtYp8AzRljhLCgr/SDF1MH3OEcQnzX0tbqu7bVws=)];1t;1c) for round 229
[2m2025-03-25T07:55:58.076926Z[0m [32m INFO[0m [1mnode[0m[1m{[0m[3mname[0m[2m=[0mk#addeef94..[1m}[0m[2m:[0m [2mconsensus_core::core[0m[2m:[0m [2mconsensus/core/src/core.rs[0m[2m:[0m[2m945:[0m Included 3 ancestors & excluded 0 ancestors for proposal in round 229
[2m2025-03-25T07:55:58.077244Z[0m [32m INFO[0m [1mnode[0m[1m{[0m[3mname[0m[2m=[0mk#addeef94..[1m}[0m[2m:[0m [2mconsensus_core::core[0m[2m:[0m [2mconsensus/core/src/core.rs[0m[2m:[0m[2m531:[0m Created block B229(C,EOCqUj44/Mj/GAZ998YKNczLIAlMlpxm+Wd7bR47yVM=)(1742889358077ms;[B228(C,uxOWtYp8AzRljhLCgr/SDF1MH3OEcQnzX0tbqu7bVws=), B228(A,hvwcvWsEQ8+viT7cXOo1BV4lH42BX+zc4P2L4osjDBA=), B228(B,kGpsOiIKsntXGpidc82IGirYKqzb5lWtBHOov21vCOo=)];1t;1c) for round 229
[2m2025-03-25T07:55:58.077318Z[0m [32m INFO[0m [1mnode[0m[1m{[0m[3mname[0m[2m=[0mk#addeef94..[1m}[0m[2m:[0m [2mconsensus_core::core[0m[2m:[0m [2mconsensus/core/src/core.rs[0m[2m:[0m[2m630:[0m Committing 1 leaders: B227(B,poMJ)
[2m2025-03-25T07:55:58.077397Z[0m [32m INFO[0m [1mnode[0m[1m{[0m[3mname[0m[2m=[0mk#addeef94..[1m}[0m[2m:[0m [2mconsensus_core::commit_observer[0m[2m:[0m [2mconsensus/core/src/commit_observer.rs[0m[2m:[0m[2m173:[0m Consensus commit C217(6Rub) with leader B227(B,poMJ) has 3 blocks
[2m2025-03-25T07:55:58.077494Z[0m [32m INFO[0m [1mnode[0m[1m{[0m[3mname[0m[2m=[0mk#addeef94..[1m}[0m[2m:[0m [2msui_core::consensus_handler[0m[2m:[0m [2mcrates/sui-core/src/consensus_handler.rs[0m[2m:[0m[2m232:[0m Received consensus output [3mconsensus_commit[0m[2m=[0mCommittedSubDag(leader=B227(B,poMJ), ref=C217(6Rub), blocks=[5agE, hq38, poMJ]) [3mepoch[0m[2m=[0m1
[2m2025-03-25T07:55:58.080772Z[0m [32m INFO[0m [1mnode[0m[1m{[0m[3mname[0m[2m=[0mk#99f25ef6..[1m}[0m[2m:[0m [2msui_core::checkpoints::checkpoint_output[0m[2m:[0m [2mcrates/sui-core/src/checkpoints/checkpoint_output.rs[0m[2m:[0m[2m196:[0m Certified checkpoint with sequence 429 and digest CkFc3ftpHC9PvUYsfSBEreSa1scdgjpJZbvimvQiwnyp
[2m2025-03-25T07:55:58.080902Z[0m [32m INFO[0m [1mnode[0m[1m{[0m[3mname[0m[2m=[0mk#99f25ef6..[1m}[0m[2m:[0m [2mconsensus_core::core[0m[2m:[0m [2mconsensus/core/src/core.rs[0m[2m:[0m[2m630:[0m Committing 1 leaders: B227(B,poMJ)
[2m2025-03-25T07:55:58.081009Z[0m [32m INFO[0m [1mnode[0m[1m{[0m[3mname[0m[2m=[0mk#99f25ef6..[1m}[0m[2m:[0m [2mconsensus_core::commit_observer[0m[2m:[0m [2mconsensus/core/src/commit_observer.rs[0m[2m:[0m[2m173:[0m Consensus commit C217(6Rub) with leader B227(B,poMJ) has 3 blocks
[2m2025-03-25T07:55:58.081044Z[0m [32m INFO[0m [1mnode[0m[1m{[0m[3mname[0m[2m=[0mk#8dcff6d1..[1m}[0m[2m:[0m [2msui_core::checkpoints::checkpoint_output[0m[2m:[0m [2mcrates/sui-core/src/checkpoints/checkpoint_output.rs[0m[2m:[0m[2m196:[0m Certified checkpoint with sequence 429 and digest CkFc3ftpHC9PvUYsfSBEreSa1scdgjpJZbvimvQiwnyp
[2m2025-03-25T07:55:58.081145Z[0m [32m INFO[0m [1mnode[0m[1m{[0m[3mname[0m[2m=[0mk#8dcff6d1..[1m}[0m[2m:[0m [2mconsensus_core::core[0m[2m:[0m [2mconsensus/core/src/core.rs[0m[2m:[0m[2m630:[0m Committing 1 leaders: B227(B,poMJ)
[2m2025-03-25T07:55:58.081241Z[0m [32m INFO[0m [1mnode[0m[1m{[0m[3mname[0m[2m=[0mk#8dcff6d1..[1m}[0m[2m:[0m [2mconsensus_core::commit_observer[0m[2m:[0m [2mconsensus/core/src/commit_observer.rs[0m[2m:[0m[2m173:[0m Consensus commit C217(6Rub) with leader B227(B,poMJ) has 3 blocks
[2m2025-03-25T07:55:58.081424Z[0m [32m INFO[0m [1mnode[0m[1m{[0m[3mname[0m[2m=[0mk#99f25ef6..[1m}[0m[2m:[0m [2msui_core::consensus_handler[0m[2m:[0m [2mcrates/sui-core/src/consensus_handler.rs[0m[2m:[0m[2m232:[0m Received consensus output [3mconsensus_commit[0m[2m=[0mCommittedSubDag(leader=B227(B,poMJ), ref=C217(6Rub), blocks=[5agE, hq38, poMJ]) [3mepoch[0m[2m=[0m1
[2m2025-03-25T07:55:58.081605Z[0m [32m INFO[0m [1mnode[0m[1m{[0m[3mname[0m[2m=[0mk#8dcff6d1..[1m}[0m[2m:[0m [2msui_core::consensus_handler[0m[2m:[0m [2mcrates/sui-core/src/consensus_handler.rs[0m[2m:[0m[2m232:[0m Received consensus output [3mconsensus_commit[0m[2m=[0mCommittedSubDag(leader=B227(B,poMJ), ref=C217(6Rub), blocks=[5agE, hq38, poMJ]) [3mepoch[0m[2m=[0m1
[2m2025-03-25T07:55:58.082007Z[0m [32m INFO[0m [1mnode[0m[1m{[0m[3mname[0m[2m=[0mk#99f25ef6..[1m}[0m[2m:[0m [2msui_core::checkpoints::checkpoint_executor[0m[2m:[0m [2mcrates/sui-core/src/checkpoints/checkpoint_executor/mod.rs[0m[2m:[0m[2m332:[0m Received checkpoint summary from state sync [3msequence_number[0m[2m=[0m429
[2m2025-03-25T07:55:58.082118Z[0m [32m INFO[0m [1mnode[0m[1m{[0m[3mname[0m[2m=[0mk#8dcff6d1..[1m}[0m[2m:[0m [2msui_core::checkpoints::checkpoint_executor[0m[2m:[0m [2mcrates/sui-core/src/checkpoints/checkpoint_executor/mod.rs[0m[2m:[0m[2m332:[0m Received checkpoint summary from state sync [3msequence_number[0m[2m=[0m429
[2m2025-03-25T07:55:58.083542Z[0m [32m INFO[0m [1mnode[0m[1m{[0m[3mname[0m[2m=[0mk#99f25ef6..[1m}[0m[2m:[0m [2msui_core::state_accumulator[0m[2m:[0m [2mcrates/sui-core/src/state_accumulator.rs[0m[2m:[0m[2m675:[0m accumulating running root for checkpoint 429
[2m2025-03-25T07:55:58.083542Z[0m [32m INFO[0m [1mnode[0m[1m{[0m[3mname[0m[2m=[0mk#8dcff6d1..[1m}[0m[2m:[0m [2msui_core::state_accumulator[0m[2m:[0m [2mcrates/sui-core/src/state_accumulator.rs[0m[2m:[0m[2m675:[0m accumulating running root for checkpoint 429
[2m2025-03-25T07:55:58.104545Z[0m [32m INFO[0m [1mnode[0m[1m{[0m[3mname[0m[2m=[0mk#addeef94..[1m}[0m[2m:[0m [2msui_core::checkpoints[0m[2m:[0m [2mcrates/sui-core/src/checkpoints/mod.rs[0m[2m:[0m[2m1326:[0m Creating checkpoint(s) for 2 transactions [3mnext_checkpoint_seq[0m[2m=[0m430 [3mcheckpoint_timestamp[0m[2m=[0m1742889357561
[2m2025-03-25T07:55:58.104856Z[0m [32m INFO[0m [1mnode[0m[1m{[0m[3mname[0m[2m=[0mk#addeef94..[1m}[0m[2m:[0m [2msui_core::checkpoints::checkpoint_output[0m[2m:[0m [2mcrates/sui-core/src/checkpoints/checkpoint_output.rs[0m[2m:[0m[2m149:[0m Creating checkpoint CheckpointDigest(6KJn7WnrcCtn8i64nwrupsZBsHRVzAM6PDvNQj7MzzFf) at epoch 1, sequence 430, previous digest Some(CheckpointDigest(CkFc3ftpHC9PvUYsfSBEreSa1scdgjpJZbvimvQiwnyp)), transactions count 2, content digest CheckpointContentsDigest(DRYvU2zZY69WG16WRwEyoyGroSVN1cPAQBi4Amf3pbrk), end_of_epoch_data None
[2m2025-03-25T07:55:58.107575Z[0m [32m INFO[0m [1mnode[0m[1m{[0m[3mname[0m[2m=[0mk#addeef94..[1m}[0m[2m:[0m [2msui_core::checkpoints::checkpoint_executor[0m[2m:[0m [2mcrates/sui-core/src/checkpoints/checkpoint_executor/mod.rs[0m[2m:[0m[2m332:[0m Received checkpoint summary from state sync [3msequence_number[0m[2m=[0m429
[2m2025-03-25T07:55:58.108404Z[0m [32m INFO[0m [1mnode[0m[1m{[0m[3mname[0m[2m=[0mk#addeef94..[1m}[0m[2m:[0m [2msui_core::state_accumulator[0m[2m:[0m [2mcrates/sui-core/src/state_accumulator.rs[0m[2m:[0m[2m675:[0m accumulating running root for checkpoint 429
[2m2025-03-25T07:55:58.108953Z[0m [32m INFO[0m [1mnode[0m[1m{[0m[3mname[0m[2m=[0mk#99f25ef6..[1m}[0m[2m:[0m [2msui_core::checkpoints[0m[2m:[0m [2mcrates/sui-core/src/checkpoints/mod.rs[0m[2m:[0m[2m1326:[0m Creating checkpoint(s) for 2 transactions [3mnext_checkpoint_seq[0m[2m=[0m430 [3mcheckpoint_timestamp[0m[2m=[0m1742889357561
[2m2025-03-25T07:55:58.108957Z[0m [32m INFO[0m [1mnode[0m[1m{[0m[3mname[0m[2m=[0mk#8dcff6d1..[1m}[0m[2m:[0m [2msui_core::checkpoints[0m[2m:[0m [2mcrates/sui-core/src/checkpoints/mod.rs[0m[2m:[0m[2m1326:[0m Creating checkpoint(s) for 2 transactions [3mnext_checkpoint_seq[0m[2m=[0m430 [3mcheckpoint_timestamp[0m[2m=[0m1742889357561
[2m2025-03-25T07:55:58.109213Z[0m [32m INFO[0m [1mnode[0m[1m{[0m[3mname[0m[2m=[0mk#99f25ef6..[1m}[0m[2m:[0m [2msui_core::checkpoints::checkpoint_output[0m[2m:[0m [2mcrates/sui-core/src/checkpoints/checkpoint_output.rs[0m[2m:[0m[2m149:[0m Creating checkpoint CheckpointDigest(6KJn7WnrcCtn8i64nwrupsZBsHRVzAM6PDvNQj7MzzFf) at epoch 1, sequence 430, previous digest Some(CheckpointDigest(CkFc3ftpHC9PvUYsfSBEreSa1scdgjpJZbvimvQiwnyp)), transactions count 2, content digest CheckpointContentsDigest(DRYvU2zZY69WG16WRwEyoyGroSVN1cPAQBi4Amf3pbrk), end_of_epoch_data None
[2m2025-03-25T07:55:58.109214Z[0m [32m INFO[0m [1mnode[0m[1m{[0m[3mname[0m[2m=[0mk#8dcff6d1..[1m}[0m[2m:[0m [2msui_core::checkpoints::checkpoint_output[0m[2m:[0m [2mcrates/sui-core/src/checkpoints/checkpoint_output.rs[0m[2m:[0m[2m149:[0m Creating checkpoint CheckpointDigest(6KJn7WnrcCtn8i64nwrupsZBsHRVzAM6PDvNQj7MzzFf) at epoch 1, sequence 430, previous digest Some(CheckpointDigest(CkFc3ftpHC9PvUYsfSBEreSa1scdgjpJZbvimvQiwnyp)), transactions count 2, content digest CheckpointContentsDigest(DRYvU2zZY69WG16WRwEyoyGroSVN1cPAQBi4Amf3pbrk), end_of_epoch_data None
[2m2025-03-25T07:55:58.228691Z[0m [32m INFO[0m [1mnode[0m[1m{[0m[3mname[0m[2m=[0mk#b3f3cbb4..[1m}[0m[2m:[0m[1mjson-rpc-request[0m[2m:[0m[1mdev_inspect_transaction_block[0m[1m{[0m[3msender_address[0m[2m=[0m0x0000000000000000000000000000000000000000000000000000000000000000 [3mtx_bytes[0m[2m=[0mBase64("AAMBAQAAAAAAAAAAAAAAAAAAAAAAAAAAAAAAAAAAAAAAAAAJAQAAAAAAAAABAAEMAAgAAAAAAAAAAAEAAAAAAAAAAAAAAAAAAAAAAAAAAAAAAAAAAAAAAAAAAAsGYnJpZGdlIGdldF90b2tlbl90cmFuc2Zlcl9hY3Rpb25fc3RhdHVzAAMBAAABAQABAgA=") [3mgas_price[0m[2m=[0mNone [3m_epoch[0m[2m=[0mNone [3madditional_args[0m[2m=[0mNone[1m}[0m[2m:[0m [2msui_json_rpc::transaction_execution_api[0m[2m:[0m [2mcrates/sui-json-rpc/src/transaction_execution_api.rs[0m[2m:[0m[2m351:[0m RPC took longer than threshold to complete. [3melapsed[0m[2m=[0m1.532624708s
[2m2025-03-25T07:55:58.229588Z[0m [32m INFO[0m [1mhandle_execution_task[0m[1m{[0m[3maction_key[0m[2m=[0mBridgeActionKey(0,12,0) [3mattempt_times[0m[2m=[0m0[1m}[0m[2m:[0m [2msui_bridge::action_executor[0m[2m:[0m [2mcrates/sui-bridge/src/action_executor.rs[0m[2m:[0m[2m540:[0m Sending transaction to Sui [3mtx_digest[0m[2m=[0mTransactionDigest(7syEwMa8T1B6Eo2s1uVukZmTo2crkkhEyGFrNVd7KX3S) [3mgas_object_ref[0m[2m=[0m(0x059c5b653da3f627ad85b7947a1634ad3055f81b24125b7d9b23178b0146bfc6, SequenceNumber(114), o#2vwuYkEDZfDfJzSrnBRbwcupbzGN7wBVXMLdvX9KHs5g)
[2m2025-03-25T07:55:58.231387Z[0m [32m INFO[0m [1mnode[0m[1m{[0m[3mname[0m[2m=[0mk#b3f3cbb4..[1m}[0m[2m:[0m [2msui_core::state_accumulator[0m[2m:[0m [2mcrates/sui-core/src/state_accumulator.rs[0m[2m:[0m[2m675:[0m accumulating running root for checkpoint 394
[2m2025-03-25T07:55:58.313393Z[0m [32m INFO[0m [1mnode[0m[1m{[0m[3mname[0m[2m=[0mk#b3f3cbb4..[1m}[0m[2m:[0m [2msui_core::state_accumulator[0m[2m:[0m [2mcrates/sui-core/src/state_accumulator.rs[0m[2m:[0m[2m675:[0m accumulating running root for checkpoint 395
[2m2025-03-25T07:55:58.330705Z[0m [32m INFO[0m [1mnode[0m[1m{[0m[3mname[0m[2m=[0mk#addeef94..[1m}[0m[2m:[0m [2mconsensus_core::core[0m[2m:[0m [2mconsensus/core/src/core.rs[0m[2m:[0m[2m945:[0m Included 3 ancestors & excluded 0 ancestors for proposal in round 230
[2m2025-03-25T07:55:58.331074Z[0m [32m INFO[0m [1mnode[0m[1m{[0m[3mname[0m[2m=[0mk#addeef94..[1m}[0m[2m:[0m [2mconsensus_core::core[0m[2m:[0m [2mconsensus/core/src/core.rs[0m[2m:[0m[2m531:[0m Created block B230(C,G+8IAMHEiM5liIsprS3hhSCKxOT9t1+Lf4H+Vk0T65I=)(1742889358330ms;[B229(C,EOCqUj44/Mj/GAZ998YKNczLIAlMlpxm+Wd7bR47yVM=), B229(A,67KDQbHK3lCQFSdOj9IlwC3s7Uzt4sVwvNFxGGBWydo=), B229(B,EBdhUqEGudP5kY5yROYZmmCMhWSyVgnhEtZ8GL/cRs8=)];1t;1c) for round 230
[2m2025-03-25T07:55:58.332998Z[0m [32m INFO[0m [1mnode[0m[1m{[0m[3mname[0m[2m=[0mk#8dcff6d1..[1m}[0m[2m:[0m [2mconsensus_core::core[0m[2m:[0m [2mconsensus/core/src/core.rs[0m[2m:[0m[2m945:[0m Included 3 ancestors & excluded 0 ancestors for proposal in round 230
[2m2025-03-25T07:55:58.332998Z[0m [32m INFO[0m [1mnode[0m[1m{[0m[3mname[0m[2m=[0mk#99f25ef6..[1m}[0m[2m:[0m [2mconsensus_core::core[0m[2m:[0m [2mconsensus/core/src/core.rs[0m[2m:[0m[2m945:[0m Included 3 ancestors & excluded 0 ancestors for proposal in round 230
[2m2025-03-25T07:55:58.333292Z[0m [32m INFO[0m [1mnode[0m[1m{[0m[3mname[0m[2m=[0mk#8dcff6d1..[1m}[0m[2m:[0m [2mconsensus_core::core[0m[2m:[0m [2mconsensus/core/src/core.rs[0m[2m:[0m[2m531:[0m Created block B230(A,GCo0porIRHwTe+99Mw1rtjKDjPCYBBOW38l3omByEo0=)(1742889358333ms;[B229(A,67KDQbHK3lCQFSdOj9IlwC3s7Uzt4sVwvNFxGGBWydo=), B229(B,EBdhUqEGudP5kY5yROYZmmCMhWSyVgnhEtZ8GL/cRs8=), B229(C,EOCqUj44/Mj/GAZ998YKNczLIAlMlpxm+Wd7bR47yVM=)];1t;1c) for round 230
[2m2025-03-25T07:55:58.333296Z[0m [32m INFO[0m [1mnode[0m[1m{[0m[3mname[0m[2m=[0mk#99f25ef6..[1m}[0m[2m:[0m [2mconsensus_core::core[0m[2m:[0m [2mconsensus/core/src/core.rs[0m[2m:[0m[2m531:[0m Created block B230(B,rPVf9s/dRvM1GmI4Lk/oOnjMR2SJzHv1Dsp3Y2W6ye4=)(1742889358333ms;[B229(B,EBdhUqEGudP5kY5yROYZmmCMhWSyVgnhEtZ8GL/cRs8=), B229(A,67KDQbHK3lCQFSdOj9IlwC3s7Uzt4sVwvNFxGGBWydo=), B229(C,EOCqUj44/Mj/GAZ998YKNczLIAlMlpxm+Wd7bR47yVM=)];1t;1c) for round 230
[2m2025-03-25T07:55:58.333364Z[0m [32m INFO[0m [1mnode[0m[1m{[0m[3mname[0m[2m=[0mk#8dcff6d1..[1m}[0m[2m:[0m [2mconsensus_core::core[0m[2m:[0m [2mconsensus/core/src/core.rs[0m[2m:[0m[2m630:[0m Committing 1 leaders: B228(B,kGps)
[2m2025-03-25T07:55:58.333364Z[0m [32m INFO[0m [1mnode[0m[1m{[0m[3mname[0m[2m=[0mk#99f25ef6..[1m}[0m[2m:[0m [2mconsensus_core::core[0m[2m:[0m [2mconsensus/core/src/core.rs[0m[2m:[0m[2m630:[0m Committing 1 leaders: B228(B,kGps)
[2m2025-03-25T07:55:58.333436Z[0m [32m INFO[0m [1mnode[0m[1m{[0m[3mname[0m[2m=[0mk#8dcff6d1..[1m}[0m[2m:[0m [2mconsensus_core::commit_observer[0m[2m:[0m [2mconsensus/core/src/commit_observer.rs[0m[2m:[0m[2m173:[0m Consensus commit C218(4XuQ) with leader B228(B,kGps) has 3 blocks
[2m2025-03-25T07:55:58.333436Z[0m [32m INFO[0m [1mnode[0m[1m{[0m[3mname[0m[2m=[0mk#99f25ef6..[1m}[0m[2m:[0m [2mconsensus_core::commit_observer[0m[2m:[0m [2mconsensus/core/src/commit_observer.rs[0m[2m:[0m[2m173:[0m Consensus commit C218(4XuQ) with leader B228(B,kGps) has 3 blocks
[2m2025-03-25T07:55:58.333531Z[0m [32m INFO[0m [1mnode[0m[1m{[0m[3mname[0m[2m=[0mk#8dcff6d1..[1m}[0m[2m:[0m [2msui_core::consensus_handler[0m[2m:[0m [2mcrates/sui-core/src/consensus_handler.rs[0m[2m:[0m[2m232:[0m Received consensus output [3mconsensus_commit[0m[2m=[0mCommittedSubDag(leader=B228(B,kGps), ref=C218(4XuQ), blocks=[zj+j, 1GQ8, kGps]) [3mepoch[0m[2m=[0m1
[2m2025-03-25T07:55:58.333531Z[0m [32m INFO[0m [1mnode[0m[1m{[0m[3mname[0m[2m=[0mk#99f25ef6..[1m}[0m[2m:[0m [2msui_core::consensus_handler[0m[2m:[0m [2mcrates/sui-core/src/consensus_handler.rs[0m[2m:[0m[2m232:[0m Received consensus output [3mconsensus_commit[0m[2m=[0mCommittedSubDag(leader=B228(B,kGps), ref=C218(4XuQ), blocks=[zj+j, 1GQ8, kGps]) [3mepoch[0m[2m=[0m1
[2m2025-03-25T07:55:58.337327Z[0m [32m INFO[0m [1mnode[0m[1m{[0m[3mname[0m[2m=[0mk#addeef94..[1m}[0m[2m:[0m [2mconsensus_core::core[0m[2m:[0m [2mconsensus/core/src/core.rs[0m[2m:[0m[2m630:[0m Committing 1 leaders: B228(B,kGps)
[2m2025-03-25T07:55:58.337427Z[0m [32m INFO[0m [1mnode[0m[1m{[0m[3mname[0m[2m=[0mk#addeef94..[1m}[0m[2m:[0m [2mconsensus_core::commit_observer[0m[2m:[0m [2mconsensus/core/src/commit_observer.rs[0m[2m:[0m[2m173:[0m Consensus commit C218(4XuQ) with leader B228(B,kGps) has 3 blocks
[2m2025-03-25T07:55:58.337559Z[0m [32m INFO[0m [1mnode[0m[1m{[0m[3mname[0m[2m=[0mk#addeef94..[1m}[0m[2m:[0m [2msui_core::consensus_handler[0m[2m:[0m [2mcrates/sui-core/src/consensus_handler.rs[0m[2m:[0m[2m232:[0m Received consensus output [3mconsensus_commit[0m[2m=[0mCommittedSubDag(leader=B228(B,kGps), ref=C218(4XuQ), blocks=[zj+j, 1GQ8, kGps]) [3mepoch[0m[2m=[0m1
[2m2025-03-25T07:55:58.382432Z[0m [32m INFO[0m [1mnode[0m[1m{[0m[3mname[0m[2m=[0mk#8dcff6d1..[1m}[0m[2m:[0m [2msui_core::checkpoints[0m[2m:[0m [2mcrates/sui-core/src/checkpoints/mod.rs[0m[2m:[0m[2m1326:[0m Creating checkpoint(s) for 1 transactions [3mnext_checkpoint_seq[0m[2m=[0m431 [3mcheckpoint_timestamp[0m[2m=[0m1742889357820
[2m2025-03-25T07:55:58.382680Z[0m [32m INFO[0m [1mnode[0m[1m{[0m[3mname[0m[2m=[0mk#8dcff6d1..[1m}[0m[2m:[0m [2msui_core::checkpoints::checkpoint_output[0m[2m:[0m [2mcrates/sui-core/src/checkpoints/checkpoint_output.rs[0m[2m:[0m[2m149:[0m Creating checkpoint CheckpointDigest(4ayqDuGFVi8iQgz8EW8J3n6DLn1xTebKVunijBVCruKz) at epoch 1, sequence 431, previous digest Some(CheckpointDigest(6KJn7WnrcCtn8i64nwrupsZBsHRVzAM6PDvNQj7MzzFf)), transactions count 1, content digest CheckpointContentsDigest(J9bw8Q6mVSrW4GiWbKEjYj3TN6hQM8iaHzTBs7n1mh1U), end_of_epoch_data None
[2m2025-03-25T07:55:58.382847Z[0m [32m INFO[0m [1mnode[0m[1m{[0m[3mname[0m[2m=[0mk#99f25ef6..[1m}[0m[2m:[0m [2msui_core::checkpoints[0m[2m:[0m [2mcrates/sui-core/src/checkpoints/mod.rs[0m[2m:[0m[2m1326:[0m Creating checkpoint(s) for 1 transactions [3mnext_checkpoint_seq[0m[2m=[0m431 [3mcheckpoint_timestamp[0m[2m=[0m1742889357820
[2m2025-03-25T07:55:58.383016Z[0m [32m INFO[0m [1mnode[0m[1m{[0m[3mname[0m[2m=[0mk#99f25ef6..[1m}[0m[2m:[0m [2msui_core::checkpoints::checkpoint_output[0m[2m:[0m [2mcrates/sui-core/src/checkpoints/checkpoint_output.rs[0m[2m:[0m[2m149:[0m Creating checkpoint CheckpointDigest(4ayqDuGFVi8iQgz8EW8J3n6DLn1xTebKVunijBVCruKz) at epoch 1, sequence 431, previous digest Some(CheckpointDigest(6KJn7WnrcCtn8i64nwrupsZBsHRVzAM6PDvNQj7MzzFf)), transactions count 1, content digest CheckpointContentsDigest(J9bw8Q6mVSrW4GiWbKEjYj3TN6hQM8iaHzTBs7n1mh1U), end_of_epoch_data None
[2m2025-03-25T07:55:58.383427Z[0m [32m INFO[0m [1mnode[0m[1m{[0m[3mname[0m[2m=[0mk#addeef94..[1m}[0m[2m:[0m [2msui_core::checkpoints[0m[2m:[0m [2mcrates/sui-core/src/checkpoints/mod.rs[0m[2m:[0m[2m1326:[0m Creating checkpoint(s) for 1 transactions [3mnext_checkpoint_seq[0m[2m=[0m431 [3mcheckpoint_timestamp[0m[2m=[0m1742889357820
[2m2025-03-25T07:55:58.383592Z[0m [32m INFO[0m [1mnode[0m[1m{[0m[3mname[0m[2m=[0mk#addeef94..[1m}[0m[2m:[0m [2msui_core::checkpoints::checkpoint_output[0m[2m:[0m [2mcrates/sui-core/src/checkpoints/checkpoint_output.rs[0m[2m:[0m[2m149:[0m Creating checkpoint CheckpointDigest(4ayqDuGFVi8iQgz8EW8J3n6DLn1xTebKVunijBVCruKz) at epoch 1, sequence 431, previous digest Some(CheckpointDigest(6KJn7WnrcCtn8i64nwrupsZBsHRVzAM6PDvNQj7MzzFf)), transactions count 1, content digest CheckpointContentsDigest(J9bw8Q6mVSrW4GiWbKEjYj3TN6hQM8iaHzTBs7n1mh1U), end_of_epoch_data None
[2m2025-03-25T07:55:58.385981Z[0m [32m INFO[0m [1mnode[0m[1m{[0m[3mname[0m[2m=[0mk#99f25ef6..[1m}[0m[2m:[0m [2msui_core::checkpoints::checkpoint_output[0m[2m:[0m [2mcrates/sui-core/src/checkpoints/checkpoint_output.rs[0m[2m:[0m[2m196:[0m Certified checkpoint with sequence 430 and digest 6KJn7WnrcCtn8i64nwrupsZBsHRVzAM6PDvNQj7MzzFf
[2m2025-03-25T07:55:58.385987Z[0m [32m INFO[0m [1mnode[0m[1m{[0m[3mname[0m[2m=[0mk#8dcff6d1..[1m}[0m[2m:[0m [2msui_core::checkpoints::checkpoint_output[0m[2m:[0m [2mcrates/sui-core/src/checkpoints/checkpoint_output.rs[0m[2m:[0m[2m196:[0m Certified checkpoint with sequence 430 and digest 6KJn7WnrcCtn8i64nwrupsZBsHRVzAM6PDvNQj7MzzFf
[2m2025-03-25T07:55:58.388964Z[0m [32m INFO[0m [1mnode[0m[1m{[0m[3mname[0m[2m=[0mk#8dcff6d1..[1m}[0m[2m:[0m [2msui_core::checkpoints::checkpoint_executor[0m[2m:[0m [2mcrates/sui-core/src/checkpoints/checkpoint_executor/mod.rs[0m[2m:[0m[2m332:[0m Received checkpoint summary from state sync [3msequence_number[0m[2m=[0m430
[2m2025-03-25T07:55:58.388969Z[0m [32m INFO[0m [1mnode[0m[1m{[0m[3mname[0m[2m=[0mk#99f25ef6..[1m}[0m[2m:[0m [2msui_core::checkpoints::checkpoint_executor[0m[2m:[0m [2mcrates/sui-core/src/checkpoints/checkpoint_executor/mod.rs[0m[2m:[0m[2m332:[0m Received checkpoint summary from state sync [3msequence_number[0m[2m=[0m430
[2m2025-03-25T07:55:58.408458Z[0m [32m INFO[0m [1mnode[0m[1m{[0m[3mname[0m[2m=[0mk#8dcff6d1..[1m}[0m[2m:[0m [2msui_core::state_accumulator[0m[2m:[0m [2mcrates/sui-core/src/state_accumulator.rs[0m[2m:[0m[2m675:[0m accumulating running root for checkpoint 430
[2m2025-03-25T07:55:58.408457Z[0m [32m INFO[0m [1mnode[0m[1m{[0m[3mname[0m[2m=[0mk#99f25ef6..[1m}[0m[2m:[0m [2msui_core::state_accumulator[0m[2m:[0m [2mcrates/sui-core/src/state_accumulator.rs[0m[2m:[0m[2m675:[0m accumulating running root for checkpoint 430
[2m2025-03-25T07:55:58.450291Z[0m [32m INFO[0m [1mnode[0m[1m{[0m[3mname[0m[2m=[0mk#addeef94..[1m}[0m[2m:[0m [2msui_core::checkpoints::checkpoint_executor[0m[2m:[0m [2mcrates/sui-core/src/checkpoints/checkpoint_executor/mod.rs[0m[2m:[0m[2m332:[0m Received checkpoint summary from state sync [3msequence_number[0m[2m=[0m430
[2m2025-03-25T07:55:58.451603Z[0m [32m INFO[0m [1mnode[0m[1m{[0m[3mname[0m[2m=[0mk#addeef94..[1m}[0m[2m:[0m [2msui_core::state_accumulator[0m[2m:[0m [2mcrates/sui-core/src/state_accumulator.rs[0m[2m:[0m[2m675:[0m accumulating running root for checkpoint 430
[2m2025-03-25T07:55:58.585434Z[0m [32m INFO[0m [1mnode[0m[1m{[0m[3mname[0m[2m=[0mk#99f25ef6..[1m}[0m[2m:[0m [2mconsensus_core::core[0m[2m:[0m [2mconsensus/core/src/core.rs[0m[2m:[0m[2m945:[0m Included 3 ancestors & excluded 0 ancestors for proposal in round 231
[2m2025-03-25T07:55:58.585517Z[0m [32m INFO[0m [1mnode[0m[1m{[0m[3mname[0m[2m=[0mk#8dcff6d1..[1m}[0m[2m:[0m [2mconsensus_core::core[0m[2m:[0m [2mconsensus/core/src/core.rs[0m[2m:[0m[2m945:[0m Included 3 ancestors & excluded 0 ancestors for proposal in round 231
[2m2025-03-25T07:55:58.585843Z[0m [32m INFO[0m [1mnode[0m[1m{[0m[3mname[0m[2m=[0mk#8dcff6d1..[1m}[0m[2m:[0m [2mconsensus_core::core[0m[2m:[0m [2mconsensus/core/src/core.rs[0m[2m:[0m[2m531:[0m Created block B231(A,qBpdDWMQDdqElcBwz1cD8mb0mEwIqGB1yoR/LYu4zR8=)(1742889358585ms;[B230(A,GCo0porIRHwTe+99Mw1rtjKDjPCYBBOW38l3omByEo0=), B230(B,rPVf9s/dRvM1GmI4Lk/oOnjMR2SJzHv1Dsp3Y2W6ye4=), B230(C,G+8IAMHEiM5liIsprS3hhSCKxOT9t1+Lf4H+Vk0T65I=)];1t;1c) for round 231
[2m2025-03-25T07:55:58.585843Z[0m [32m INFO[0m [1mnode[0m[1m{[0m[3mname[0m[2m=[0mk#99f25ef6..[1m}[0m[2m:[0m [2mconsensus_core::core[0m[2m:[0m [2mconsensus/core/src/core.rs[0m[2m:[0m[2m531:[0m Created block B231(B,HM0jNAjfqPuUAveMatIYK36QTfFzFf+N2AuPX3neQHw=)(1742889358585ms;[B230(B,rPVf9s/dRvM1GmI4Lk/oOnjMR2SJzHv1Dsp3Y2W6ye4=), B230(A,GCo0porIRHwTe+99Mw1rtjKDjPCYBBOW38l3omByEo0=), B230(C,G+8IAMHEiM5liIsprS3hhSCKxOT9t1+Lf4H+Vk0T65I=)];1t;1c) for round 231
[2m2025-03-25T07:55:58.589275Z[0m [32m INFO[0m [1mnode[0m[1m{[0m[3mname[0m[2m=[0mk#addeef94..[1m}[0m[2m:[0m [2mconsensus_core::core[0m[2m:[0m [2mconsensus/core/src/core.rs[0m[2m:[0m[2m945:[0m Included 3 ancestors & excluded 0 ancestors for proposal in round 231
[2m2025-03-25T07:55:58.589577Z[0m [32m INFO[0m [1mnode[0m[1m{[0m[3mname[0m[2m=[0mk#addeef94..[1m}[0m[2m:[0m [2mconsensus_core::core[0m[2m:[0m [2mconsensus/core/src/core.rs[0m[2m:[0m[2m531:[0m Created block B231(C,4+EREYhrSApzDaiHdJjQujX1lbdApUaG8pVngRK1eT8=)(1742889358589ms;[B230(C,G+8IAMHEiM5liIsprS3hhSCKxOT9t1+Lf4H+Vk0T65I=), B230(A,GCo0porIRHwTe+99Mw1rtjKDjPCYBBOW38l3omByEo0=), B230(B,rPVf9s/dRvM1GmI4Lk/oOnjMR2SJzHv1Dsp3Y2W6ye4=)];1t;1c) for round 231
[2m2025-03-25T07:55:58.589645Z[0m [32m INFO[0m [1mnode[0m[1m{[0m[3mname[0m[2m=[0mk#addeef94..[1m}[0m[2m:[0m [2mconsensus_core::core[0m[2m:[0m [2mconsensus/core/src/core.rs[0m[2m:[0m[2m630:[0m Committing 1 leaders: B229(B,EBdh)
[2m2025-03-25T07:55:58.589713Z[0m [32m INFO[0m [1mnode[0m[1m{[0m[3mname[0m[2m=[0mk#addeef94..[1m}[0m[2m:[0m [2mconsensus_core::commit_observer[0m[2m:[0m [2mconsensus/core/src/commit_observer.rs[0m[2m:[0m[2m173:[0m Consensus commit C219(ajQ5) with leader B229(B,EBdh) has 3 blocks
[2m2025-03-25T07:55:58.589794Z[0m [32m INFO[0m [1mnode[0m[1m{[0m[3mname[0m[2m=[0mk#addeef94..[1m}[0m[2m:[0m [2msui_core::consensus_handler[0m[2m:[0m [2mcrates/sui-core/src/consensus_handler.rs[0m[2m:[0m[2m232:[0m Received consensus output [3mconsensus_commit[0m[2m=[0mCommittedSubDag(leader=B229(B,EBdh), ref=C219(ajQ5), blocks=[hvwc, uxOW, EBdh]) [3mepoch[0m[2m=[0m1
[2m2025-03-25T07:55:58.592820Z[0m [32m INFO[0m [1mnode[0m[1m{[0m[3mname[0m[2m=[0mk#99f25ef6..[1m}[0m[2m:[0m [2msui_core::checkpoints::checkpoint_output[0m[2m:[0m [2mcrates/sui-core/src/checkpoints/checkpoint_output.rs[0m[2m:[0m[2m196:[0m Certified checkpoint with sequence 431 and digest 4ayqDuGFVi8iQgz8EW8J3n6DLn1xTebKVunijBVCruKz
[2m2025-03-25T07:55:58.592839Z[0m [32m INFO[0m [1mnode[0m[1m{[0m[3mname[0m[2m=[0mk#8dcff6d1..[1m}[0m[2m:[0m [2msui_core::checkpoints::checkpoint_output[0m[2m:[0m [2mcrates/sui-core/src/checkpoints/checkpoint_output.rs[0m[2m:[0m[2m196:[0m Certified checkpoint with sequence 431 and digest 4ayqDuGFVi8iQgz8EW8J3n6DLn1xTebKVunijBVCruKz
[2m2025-03-25T07:55:58.592936Z[0m [32m INFO[0m [1mnode[0m[1m{[0m[3mname[0m[2m=[0mk#99f25ef6..[1m}[0m[2m:[0m [2mconsensus_core::core[0m[2m:[0m [2mconsensus/core/src/core.rs[0m[2m:[0m[2m630:[0m Committing 1 leaders: B229(B,EBdh)
[2m2025-03-25T07:55:58.592950Z[0m [32m INFO[0m [1mnode[0m[1m{[0m[3mname[0m[2m=[0mk#8dcff6d1..[1m}[0m[2m:[0m [2mconsensus_core::core[0m[2m:[0m [2mconsensus/core/src/core.rs[0m[2m:[0m[2m630:[0m Committing 1 leaders: B229(B,EBdh)
[2m2025-03-25T07:55:58.593042Z[0m [32m INFO[0m [1mnode[0m[1m{[0m[3mname[0m[2m=[0mk#99f25ef6..[1m}[0m[2m:[0m [2mconsensus_core::commit_observer[0m[2m:[0m [2mconsensus/core/src/commit_observer.rs[0m[2m:[0m[2m173:[0m Consensus commit C219(ajQ5) with leader B229(B,EBdh) has 3 blocks
[2m2025-03-25T07:55:58.593054Z[0m [32m INFO[0m [1mnode[0m[1m{[0m[3mname[0m[2m=[0mk#8dcff6d1..[1m}[0m[2m:[0m [2mconsensus_core::commit_observer[0m[2m:[0m [2mconsensus/core/src/commit_observer.rs[0m[2m:[0m[2m173:[0m Consensus commit C219(ajQ5) with leader B229(B,EBdh) has 3 blocks
[2m2025-03-25T07:55:58.593451Z[0m [32m INFO[0m [1mnode[0m[1m{[0m[3mname[0m[2m=[0mk#99f25ef6..[1m}[0m[2m:[0m [2msui_core::consensus_handler[0m[2m:[0m [2mcrates/sui-core/src/consensus_handler.rs[0m[2m:[0m[2m232:[0m Received consensus output [3mconsensus_commit[0m[2m=[0mCommittedSubDag(leader=B229(B,EBdh), ref=C219(ajQ5), blocks=[hvwc, uxOW, EBdh]) [3mepoch[0m[2m=[0m1
[2m2025-03-25T07:55:58.593451Z[0m [32m INFO[0m [1mnode[0m[1m{[0m[3mname[0m[2m=[0mk#8dcff6d1..[1m}[0m[2m:[0m [2msui_core::consensus_handler[0m[2m:[0m [2mcrates/sui-core/src/consensus_handler.rs[0m[2m:[0m[2m232:[0m Received consensus output [3mconsensus_commit[0m[2m=[0mCommittedSubDag(leader=B229(B,EBdh), ref=C219(ajQ5), blocks=[hvwc, uxOW, EBdh]) [3mepoch[0m[2m=[0m1
[2m2025-03-25T07:55:58.594033Z[0m [32m INFO[0m [1mnode[0m[1m{[0m[3mname[0m[2m=[0mk#99f25ef6..[1m}[0m[2m:[0m [2msui_core::checkpoints::checkpoint_executor[0m[2m:[0m [2mcrates/sui-core/src/checkpoints/checkpoint_executor/mod.rs[0m[2m:[0m[2m332:[0m Received checkpoint summary from state sync [3msequence_number[0m[2m=[0m431
[2m2025-03-25T07:55:58.594034Z[0m [32m INFO[0m [1mnode[0m[1m{[0m[3mname[0m[2m=[0mk#8dcff6d1..[1m}[0m[2m:[0m [2msui_core::checkpoints::checkpoint_executor[0m[2m:[0m [2mcrates/sui-core/src/checkpoints/checkpoint_executor/mod.rs[0m[2m:[0m[2m332:[0m Received checkpoint summary from state sync [3msequence_number[0m[2m=[0m431
[2m2025-03-25T07:55:58.595589Z[0m [32m INFO[0m [1mnode[0m[1m{[0m[3mname[0m[2m=[0mk#99f25ef6..[1m}[0m[2m:[0m [2msui_core::state_accumulator[0m[2m:[0m [2mcrates/sui-core/src/state_accumulator.rs[0m[2m:[0m[2m675:[0m accumulating running root for checkpoint 431
[2m2025-03-25T07:55:58.595592Z[0m [32m INFO[0m [1mnode[0m[1m{[0m[3mname[0m[2m=[0mk#8dcff6d1..[1m}[0m[2m:[0m [2msui_core::state_accumulator[0m[2m:[0m [2mcrates/sui-core/src/state_accumulator.rs[0m[2m:[0m[2m675:[0m accumulating running root for checkpoint 431
[2m2025-03-25T07:55:58.616543Z[0m [32m INFO[0m [1mnode[0m[1m{[0m[3mname[0m[2m=[0mk#addeef94..[1m}[0m[2m:[0m [2msui_core::checkpoints[0m[2m:[0m [2mcrates/sui-core/src/checkpoints/mod.rs[0m[2m:[0m[2m1326:[0m Creating checkpoint(s) for 2 transactions [3mnext_checkpoint_seq[0m[2m=[0m432 [3mcheckpoint_timestamp[0m[2m=[0m1742889358072
[2m2025-03-25T07:55:58.616851Z[0m [32m INFO[0m [1mnode[0m[1m{[0m[3mname[0m[2m=[0mk#addeef94..[1m}[0m[2m:[0m [2msui_core::checkpoints::checkpoint_output[0m[2m:[0m [2mcrates/sui-core/src/checkpoints/checkpoint_output.rs[0m[2m:[0m[2m149:[0m Creating checkpoint CheckpointDigest(8kdjJHmQDKaMGjqYe1pXJUZBg2uXFfLb3EgE3TxwpqAJ) at epoch 1, sequence 432, previous digest Some(CheckpointDigest(4ayqDuGFVi8iQgz8EW8J3n6DLn1xTebKVunijBVCruKz)), transactions count 2, content digest CheckpointContentsDigest(DvZ2zH7AGH5d12r5CpiMTLJo6ZTisUnPoHM29rU93bcW), end_of_epoch_data None
[2m2025-03-25T07:55:58.619526Z[0m [32m INFO[0m [1mnode[0m[1m{[0m[3mname[0m[2m=[0mk#addeef94..[1m}[0m[2m:[0m [2msui_core::checkpoints::checkpoint_executor[0m[2m:[0m [2mcrates/sui-core/src/checkpoints/checkpoint_executor/mod.rs[0m[2m:[0m[2m332:[0m Received checkpoint summary from state sync [3msequence_number[0m[2m=[0m431
[2m2025-03-25T07:55:58.620378Z[0m [32m INFO[0m [1mnode[0m[1m{[0m[3mname[0m[2m=[0mk#addeef94..[1m}[0m[2m:[0m [2msui_core::state_accumulator[0m[2m:[0m [2mcrates/sui-core/src/state_accumulator.rs[0m[2m:[0m[2m675:[0m accumulating running root for checkpoint 431
[2m2025-03-25T07:55:58.621042Z[0m [32m INFO[0m [1mnode[0m[1m{[0m[3mname[0m[2m=[0mk#99f25ef6..[1m}[0m[2m:[0m [2msui_core::checkpoints[0m[2m:[0m [2mcrates/sui-core/src/checkpoints/mod.rs[0m[2m:[0m[2m1326:[0m Creating checkpoint(s) for 2 transactions [3mnext_checkpoint_seq[0m[2m=[0m432 [3mcheckpoint_timestamp[0m[2m=[0m1742889358072
[2m2025-03-25T07:55:58.621045Z[0m [32m INFO[0m [1mnode[0m[1m{[0m[3mname[0m[2m=[0mk#8dcff6d1..[1m}[0m[2m:[0m [2msui_core::checkpoints[0m[2m:[0m [2mcrates/sui-core/src/checkpoints/mod.rs[0m[2m:[0m[2m1326:[0m Creating checkpoint(s) for 2 transactions [3mnext_checkpoint_seq[0m[2m=[0m432 [3mcheckpoint_timestamp[0m[2m=[0m1742889358072
[2m2025-03-25T07:55:58.621308Z[0m [32m INFO[0m [1mnode[0m[1m{[0m[3mname[0m[2m=[0mk#99f25ef6..[1m}[0m[2m:[0m [2msui_core::checkpoints::checkpoint_output[0m[2m:[0m [2mcrates/sui-core/src/checkpoints/checkpoint_output.rs[0m[2m:[0m[2m149:[0m Creating checkpoint CheckpointDigest(8kdjJHmQDKaMGjqYe1pXJUZBg2uXFfLb3EgE3TxwpqAJ) at epoch 1, sequence 432, previous digest Some(CheckpointDigest(4ayqDuGFVi8iQgz8EW8J3n6DLn1xTebKVunijBVCruKz)), transactions count 2, content digest CheckpointContentsDigest(DvZ2zH7AGH5d12r5CpiMTLJo6ZTisUnPoHM29rU93bcW), end_of_epoch_data None
[2m2025-03-25T07:55:58.621308Z[0m [32m INFO[0m [1mnode[0m[1m{[0m[3mname[0m[2m=[0mk#8dcff6d1..[1m}[0m[2m:[0m [2msui_core::checkpoints::checkpoint_output[0m[2m:[0m [2mcrates/sui-core/src/checkpoints/checkpoint_output.rs[0m[2m:[0m[2m149:[0m Creating checkpoint CheckpointDigest(8kdjJHmQDKaMGjqYe1pXJUZBg2uXFfLb3EgE3TxwpqAJ) at epoch 1, sequence 432, previous digest Some(CheckpointDigest(4ayqDuGFVi8iQgz8EW8J3n6DLn1xTebKVunijBVCruKz)), transactions count 2, content digest CheckpointContentsDigest(DvZ2zH7AGH5d12r5CpiMTLJo6ZTisUnPoHM29rU93bcW), end_of_epoch_data None
[2m2025-03-25T07:55:58.841866Z[0m [32m INFO[0m [1mnode[0m[1m{[0m[3mname[0m[2m=[0mk#addeef94..[1m}[0m[2m:[0m [2mconsensus_core::core[0m[2m:[0m [2mconsensus/core/src/core.rs[0m[2m:[0m[2m945:[0m Included 3 ancestors & excluded 0 ancestors for proposal in round 232
[2m2025-03-25T07:55:58.842275Z[0m [32m INFO[0m [1mnode[0m[1m{[0m[3mname[0m[2m=[0mk#addeef94..[1m}[0m[2m:[0m [2mconsensus_core::core[0m[2m:[0m [2mconsensus/core/src/core.rs[0m[2m:[0m[2m531:[0m Created block B232(C,GH/sKVbZmW1XClQe46hYxEYyUz1V3PbD80MbIuYcU8s=)(1742889358842ms;[B231(C,4+EREYhrSApzDaiHdJjQujX1lbdApUaG8pVngRK1eT8=), B231(A,qBpdDWMQDdqElcBwz1cD8mb0mEwIqGB1yoR/LYu4zR8=), B231(B,HM0jNAjfqPuUAveMatIYK36QTfFzFf+N2AuPX3neQHw=)];1t;1c) for round 232
[2m2025-03-25T07:55:58.844234Z[0m [32m INFO[0m [1mnode[0m[1m{[0m[3mname[0m[2m=[0mk#99f25ef6..[1m}[0m[2m:[0m [2mconsensus_core::core[0m[2m:[0m [2mconsensus/core/src/core.rs[0m[2m:[0m[2m945:[0m Included 3 ancestors & excluded 0 ancestors for proposal in round 232
[2m2025-03-25T07:55:58.844515Z[0m [32m INFO[0m [1mnode[0m[1m{[0m[3mname[0m[2m=[0mk#99f25ef6..[1m}[0m[2m:[0m [2mconsensus_core::core[0m[2m:[0m [2mconsensus/core/src/core.rs[0m[2m:[0m[2m531:[0m Created block B232(B,/08EPEjBDQl3bTsZX3agriLlEEF//ALWayyReW8g0YY=)(1742889358844ms;[B231(B,HM0jNAjfqPuUAveMatIYK36QTfFzFf+N2AuPX3neQHw=), B231(A,qBpdDWMQDdqElcBwz1cD8mb0mEwIqGB1yoR/LYu4zR8=), B231(C,4+EREYhrSApzDaiHdJjQujX1lbdApUaG8pVngRK1eT8=)];1t;1c) for round 232
[2m2025-03-25T07:55:58.844582Z[0m [32m INFO[0m [1mnode[0m[1m{[0m[3mname[0m[2m=[0mk#99f25ef6..[1m}[0m[2m:[0m [2mconsensus_core::core[0m[2m:[0m [2mconsensus/core/src/core.rs[0m[2m:[0m[2m630:[0m Committing 1 leaders: B230(B,rPVf)
[2m2025-03-25T07:55:58.844651Z[0m [32m INFO[0m [1mnode[0m[1m{[0m[3mname[0m[2m=[0mk#99f25ef6..[1m}[0m[2m:[0m [2mconsensus_core::commit_observer[0m[2m:[0m [2mconsensus/core/src/commit_observer.rs[0m[2m:[0m[2m173:[0m Consensus commit C220(6fQY) with leader B230(B,rPVf) has 3 blocks
[2m2025-03-25T07:55:58.844734Z[0m [32m INFO[0m [1mnode[0m[1m{[0m[3mname[0m[2m=[0mk#99f25ef6..[1m}[0m[2m:[0m [2msui_core::consensus_handler[0m[2m:[0m [2mcrates/sui-core/src/consensus_handler.rs[0m[2m:[0m[2m232:[0m Received consensus output [3mconsensus_commit[0m[2m=[0mCommittedSubDag(leader=B230(B,rPVf), ref=C220(6fQY), blocks=[67KD, EOCq, rPVf]) [3mepoch[0m[2m=[0m1
[2m2025-03-25T07:55:58.845352Z[0m [32m INFO[0m [1mnode[0m[1m{[0m[3mname[0m[2m=[0mk#8dcff6d1..[1m}[0m[2m:[0m [2mconsensus_core::core[0m[2m:[0m [2mconsensus/core/src/core.rs[0m[2m:[0m[2m945:[0m Included 3 ancestors & excluded 0 ancestors for proposal in round 232
[2m2025-03-25T07:55:58.845644Z[0m [32m INFO[0m [1mnode[0m[1m{[0m[3mname[0m[2m=[0mk#8dcff6d1..[1m}[0m[2m:[0m [2mconsensus_core::core[0m[2m:[0m [2mconsensus/core/src/core.rs[0m[2m:[0m[2m531:[0m Created block B232(A,i17zIIRqAvyaix+q7H534H4wREfSwzd+6vx5tMpYxlg=)(1742889358845ms;[B231(A,qBpdDWMQDdqElcBwz1cD8mb0mEwIqGB1yoR/LYu4zR8=), B231(B,HM0jNAjfqPuUAveMatIYK36QTfFzFf+N2AuPX3neQHw=), B231(C,4+EREYhrSApzDaiHdJjQujX1lbdApUaG8pVngRK1eT8=)];1t;1c) for round 232
[2m2025-03-25T07:55:58.845711Z[0m [32m INFO[0m [1mnode[0m[1m{[0m[3mname[0m[2m=[0mk#8dcff6d1..[1m}[0m[2m:[0m [2mconsensus_core::core[0m[2m:[0m [2mconsensus/core/src/core.rs[0m[2m:[0m[2m630:[0m Committing 1 leaders: B230(B,rPVf)
[2m2025-03-25T07:55:58.845776Z[0m [32m INFO[0m [1mnode[0m[1m{[0m[3mname[0m[2m=[0mk#8dcff6d1..[1m}[0m[2m:[0m [2mconsensus_core::commit_observer[0m[2m:[0m [2mconsensus/core/src/commit_observer.rs[0m[2m:[0m[2m173:[0m Consensus commit C220(6fQY) with leader B230(B,rPVf) has 3 blocks
[2m2025-03-25T07:55:58.845859Z[0m [32m INFO[0m [1mnode[0m[1m{[0m[3mname[0m[2m=[0mk#8dcff6d1..[1m}[0m[2m:[0m [2msui_core::consensus_handler[0m[2m:[0m [2mcrates/sui-core/src/consensus_handler.rs[0m[2m:[0m[2m232:[0m Received consensus output [3mconsensus_commit[0m[2m=[0mCommittedSubDag(leader=B230(B,rPVf), ref=C220(6fQY), blocks=[67KD, EOCq, rPVf]) [3mepoch[0m[2m=[0m1
[2m2025-03-25T07:55:58.847074Z[0m [32m INFO[0m [1mnode[0m[1m{[0m[3mname[0m[2m=[0mk#addeef94..[1m}[0m[2m:[0m [2mconsensus_core::core[0m[2m:[0m [2mconsensus/core/src/core.rs[0m[2m:[0m[2m630:[0m Committing 1 leaders: B230(B,rPVf)
[2m2025-03-25T07:55:58.847158Z[0m [32m INFO[0m [1mnode[0m[1m{[0m[3mname[0m[2m=[0mk#addeef94..[1m}[0m[2m:[0m [2mconsensus_core::commit_observer[0m[2m:[0m [2mconsensus/core/src/commit_observer.rs[0m[2m:[0m[2m173:[0m Consensus commit C220(6fQY) with leader B230(B,rPVf) has 3 blocks
[2m2025-03-25T07:55:58.847229Z[0m [32m INFO[0m [1mnode[0m[1m{[0m[3mname[0m[2m=[0mk#addeef94..[1m}[0m[2m:[0m [2msui_core::consensus_handler[0m[2m:[0m [2mcrates/sui-core/src/consensus_handler.rs[0m[2m:[0m[2m232:[0m Received consensus output [3mconsensus_commit[0m[2m=[0mCommittedSubDag(leader=B230(B,rPVf), ref=C220(6fQY), blocks=[67KD, EOCq, rPVf]) [3mepoch[0m[2m=[0m1
[2m2025-03-25T07:55:58.890657Z[0m [32m INFO[0m [1mnode[0m[1m{[0m[3mname[0m[2m=[0mk#8dcff6d1..[1m}[0m[2m:[0m [2msui_core::checkpoints[0m[2m:[0m [2mcrates/sui-core/src/checkpoints/mod.rs[0m[2m:[0m[2m1326:[0m Creating checkpoint(s) for 1 transactions [3mnext_checkpoint_seq[0m[2m=[0m433 [3mcheckpoint_timestamp[0m[2m=[0m1742889358333
[2m2025-03-25T07:55:58.890657Z[0m [32m INFO[0m [1mnode[0m[1m{[0m[3mname[0m[2m=[0mk#99f25ef6..[1m}[0m[2m:[0m [2msui_core::checkpoints[0m[2m:[0m [2mcrates/sui-core/src/checkpoints/mod.rs[0m[2m:[0m[2m1326:[0m Creating checkpoint(s) for 1 transactions [3mnext_checkpoint_seq[0m[2m=[0m433 [3mcheckpoint_timestamp[0m[2m=[0m1742889358333
[2m2025-03-25T07:55:58.890892Z[0m [32m INFO[0m [1mnode[0m[1m{[0m[3mname[0m[2m=[0mk#99f25ef6..[1m}[0m[2m:[0m [2msui_core::checkpoints::checkpoint_output[0m[2m:[0m [2mcrates/sui-core/src/checkpoints/checkpoint_output.rs[0m[2m:[0m[2m149:[0m Creating checkpoint CheckpointDigest(HRKNt3rrGPaqHs2Db94f23Ws7WtZUJZvpvW3g4DQBwh8) at epoch 1, sequence 433, previous digest Some(CheckpointDigest(8kdjJHmQDKaMGjqYe1pXJUZBg2uXFfLb3EgE3TxwpqAJ)), transactions count 1, content digest CheckpointContentsDigest(CaPxUJBMx7TbmVrnyDa6Ya8wruNqvL4hFg2tsX56Wbac), end_of_epoch_data None
[2m2025-03-25T07:55:58.890892Z[0m [32m INFO[0m [1mnode[0m[1m{[0m[3mname[0m[2m=[0mk#8dcff6d1..[1m}[0m[2m:[0m [2msui_core::checkpoints::checkpoint_output[0m[2m:[0m [2mcrates/sui-core/src/checkpoints/checkpoint_output.rs[0m[2m:[0m[2m149:[0m Creating checkpoint CheckpointDigest(HRKNt3rrGPaqHs2Db94f23Ws7WtZUJZvpvW3g4DQBwh8) at epoch 1, sequence 433, previous digest Some(CheckpointDigest(8kdjJHmQDKaMGjqYe1pXJUZBg2uXFfLb3EgE3TxwpqAJ)), transactions count 1, content digest CheckpointContentsDigest(CaPxUJBMx7TbmVrnyDa6Ya8wruNqvL4hFg2tsX56Wbac), end_of_epoch_data None
[2m2025-03-25T07:55:58.891311Z[0m [32m INFO[0m [1mnode[0m[1m{[0m[3mname[0m[2m=[0mk#addeef94..[1m}[0m[2m:[0m [2msui_core::checkpoints[0m[2m:[0m [2mcrates/sui-core/src/checkpoints/mod.rs[0m[2m:[0m[2m1326:[0m Creating checkpoint(s) for 1 transactions [3mnext_checkpoint_seq[0m[2m=[0m433 [3mcheckpoint_timestamp[0m[2m=[0m1742889358333
[2m2025-03-25T07:55:58.891474Z[0m [32m INFO[0m [1mnode[0m[1m{[0m[3mname[0m[2m=[0mk#addeef94..[1m}[0m[2m:[0m [2msui_core::checkpoints::checkpoint_output[0m[2m:[0m [2mcrates/sui-core/src/checkpoints/checkpoint_output.rs[0m[2m:[0m[2m149:[0m Creating checkpoint CheckpointDigest(HRKNt3rrGPaqHs2Db94f23Ws7WtZUJZvpvW3g4DQBwh8) at epoch 1, sequence 433, previous digest Some(CheckpointDigest(8kdjJHmQDKaMGjqYe1pXJUZBg2uXFfLb3EgE3TxwpqAJ)), transactions count 1, content digest CheckpointContentsDigest(CaPxUJBMx7TbmVrnyDa6Ya8wruNqvL4hFg2tsX56Wbac), end_of_epoch_data None
[2m2025-03-25T07:55:58.894109Z[0m [32m INFO[0m [1mnode[0m[1m{[0m[3mname[0m[2m=[0mk#8dcff6d1..[1m}[0m[2m:[0m [2msui_core::checkpoints::checkpoint_output[0m[2m:[0m [2mcrates/sui-core/src/checkpoints/checkpoint_output.rs[0m[2m:[0m[2m196:[0m Certified checkpoint with sequence 432 and digest 8kdjJHmQDKaMGjqYe1pXJUZBg2uXFfLb3EgE3TxwpqAJ
[2m2025-03-25T07:55:58.894112Z[0m [32m INFO[0m [1mnode[0m[1m{[0m[3mname[0m[2m=[0mk#99f25ef6..[1m}[0m[2m:[0m [2msui_core::checkpoints::checkpoint_output[0m[2m:[0m [2mcrates/sui-core/src/checkpoints/checkpoint_output.rs[0m[2m:[0m[2m196:[0m Certified checkpoint with sequence 432 and digest 8kdjJHmQDKaMGjqYe1pXJUZBg2uXFfLb3EgE3TxwpqAJ
[2m2025-03-25T07:55:58.897130Z[0m [32m INFO[0m [1mnode[0m[1m{[0m[3mname[0m[2m=[0mk#99f25ef6..[1m}[0m[2m:[0m [2msui_core::checkpoints::checkpoint_executor[0m[2m:[0m [2mcrates/sui-core/src/checkpoints/checkpoint_executor/mod.rs[0m[2m:[0m[2m332:[0m Received checkpoint summary from state sync [3msequence_number[0m[2m=[0m432
[2m2025-03-25T07:55:58.897147Z[0m [32m INFO[0m [1mnode[0m[1m{[0m[3mname[0m[2m=[0mk#8dcff6d1..[1m}[0m[2m:[0m [2msui_core::checkpoints::checkpoint_executor[0m[2m:[0m [2mcrates/sui-core/src/checkpoints/checkpoint_executor/mod.rs[0m[2m:[0m[2m332:[0m Received checkpoint summary from state sync [3msequence_number[0m[2m=[0m432
[2m2025-03-25T07:55:58.915678Z[0m [32m INFO[0m [1mnode[0m[1m{[0m[3mname[0m[2m=[0mk#8dcff6d1..[1m}[0m[2m:[0m [2msui_core::state_accumulator[0m[2m:[0m [2mcrates/sui-core/src/state_accumulator.rs[0m[2m:[0m[2m675:[0m accumulating running root for checkpoint 432
[2m2025-03-25T07:55:58.915714Z[0m [32m INFO[0m [1mnode[0m[1m{[0m[3mname[0m[2m=[0mk#99f25ef6..[1m}[0m[2m:[0m [2msui_core::state_accumulator[0m[2m:[0m [2mcrates/sui-core/src/state_accumulator.rs[0m[2m:[0m[2m675:[0m accumulating running root for checkpoint 432
[2m2025-03-25T07:55:58.961462Z[0m [32m INFO[0m [1mnode[0m[1m{[0m[3mname[0m[2m=[0mk#addeef94..[1m}[0m[2m:[0m [2msui_core::checkpoints::checkpoint_executor[0m[2m:[0m [2mcrates/sui-core/src/checkpoints/checkpoint_executor/mod.rs[0m[2m:[0m[2m332:[0m Received checkpoint summary from state sync [3msequence_number[0m[2m=[0m432
[2m2025-03-25T07:55:58.962788Z[0m [32m INFO[0m [1mnode[0m[1m{[0m[3mname[0m[2m=[0mk#addeef94..[1m}[0m[2m:[0m [2msui_core::state_accumulator[0m[2m:[0m [2mcrates/sui-core/src/state_accumulator.rs[0m[2m:[0m[2m675:[0m accumulating running root for checkpoint 432
[2m2025-03-25T07:55:59.096537Z[0m [32m INFO[0m [1mnode[0m[1m{[0m[3mname[0m[2m=[0mk#99f25ef6..[1m}[0m[2m:[0m [2mconsensus_core::core[0m[2m:[0m [2mconsensus/core/src/core.rs[0m[2m:[0m[2m945:[0m Included 3 ancestors & excluded 0 ancestors for proposal in round 233
[2m2025-03-25T07:55:59.096908Z[0m [32m INFO[0m [1mnode[0m[1m{[0m[3mname[0m[2m=[0mk#99f25ef6..[1m}[0m[2m:[0m [2mconsensus_core::core[0m[2m:[0m [2mconsensus/core/src/core.rs[0m[2m:[0m[2m531:[0m Created block B233(B,anKKs35sJJh/I00QNCWgscVTUsmecttbq05dGxzbdVY=)(1742889359096ms;[B232(B,/08EPEjBDQl3bTsZX3agriLlEEF//ALWayyReW8g0YY=), B232(A,i17zIIRqAvyaix+q7H534H4wREfSwzd+6vx5tMpYxlg=), B232(C,GH/sKVbZmW1XClQe46hYxEYyUz1V3PbD80MbIuYcU8s=)];1t;1c) for round 233
[2m2025-03-25T07:55:59.098823Z[0m [32m INFO[0m [1mnode[0m[1m{[0m[3mname[0m[2m=[0mk#8dcff6d1..[1m}[0m[2m:[0m [2mconsensus_core::core[0m[2m:[0m [2mconsensus/core/src/core.rs[0m[2m:[0m[2m945:[0m Included 3 ancestors & excluded 0 ancestors for proposal in round 233
[2m2025-03-25T07:55:59.098865Z[0m [32m INFO[0m [1mnode[0m[1m{[0m[3mname[0m[2m=[0mk#addeef94..[1m}[0m[2m:[0m [2mconsensus_core::core[0m[2m:[0m [2mconsensus/core/src/core.rs[0m[2m:[0m[2m945:[0m Included 3 ancestors & excluded 0 ancestors for proposal in round 233
[2m2025-03-25T07:55:59.099118Z[0m [32m INFO[0m [1mnode[0m[1m{[0m[3mname[0m[2m=[0mk#8dcff6d1..[1m}[0m[2m:[0m [2mconsensus_core::core[0m[2m:[0m [2mconsensus/core/src/core.rs[0m[2m:[0m[2m531:[0m Created block B233(A,CJmLt9Rg/F24lQT6azsnp5ZJZumCxiThpHC5K+5AOvQ=)(1742889359098ms;[B232(A,i17zIIRqAvyaix+q7H534H4wREfSwzd+6vx5tMpYxlg=), B232(B,/08EPEjBDQl3bTsZX3agriLlEEF//ALWayyReW8g0YY=), B232(C,GH/sKVbZmW1XClQe46hYxEYyUz1V3PbD80MbIuYcU8s=)];1t;1c) for round 233
[2m2025-03-25T07:55:59.099162Z[0m [32m INFO[0m [1mnode[0m[1m{[0m[3mname[0m[2m=[0mk#addeef94..[1m}[0m[2m:[0m [2mconsensus_core::core[0m[2m:[0m [2mconsensus/core/src/core.rs[0m[2m:[0m[2m531:[0m Created block B233(C,MBLEXatFhRErihzFy6y0/JLFHYfEQKZVD8TlqiPtKi8=)(1742889359098ms;[B232(C,GH/sKVbZmW1XClQe46hYxEYyUz1V3PbD80MbIuYcU8s=), B232(A,i17zIIRqAvyaix+q7H534H4wREfSwzd+6vx5tMpYxlg=), B232(B,/08EPEjBDQl3bTsZX3agriLlEEF//ALWayyReW8g0YY=)];1t;1c) for round 233
[2m2025-03-25T07:55:59.099234Z[0m [32m INFO[0m [1mnode[0m[1m{[0m[3mname[0m[2m=[0mk#addeef94..[1m}[0m[2m:[0m [2mconsensus_core::core[0m[2m:[0m [2mconsensus/core/src/core.rs[0m[2m:[0m[2m630:[0m Committing 1 leaders: B231(C,4+ER)
[2m2025-03-25T07:55:59.099308Z[0m [32m INFO[0m [1mnode[0m[1m{[0m[3mname[0m[2m=[0mk#addeef94..[1m}[0m[2m:[0m [2mconsensus_core::commit_observer[0m[2m:[0m [2mconsensus/core/src/commit_observer.rs[0m[2m:[0m[2m173:[0m Consensus commit C221(I9T+) with leader B231(C,4+ER) has 3 blocks
[2m2025-03-25T07:55:59.099393Z[0m [32m INFO[0m [1mnode[0m[1m{[0m[3mname[0m[2m=[0mk#addeef94..[1m}[0m[2m:[0m [2msui_core::consensus_handler[0m[2m:[0m [2mcrates/sui-core/src/consensus_handler.rs[0m[2m:[0m[2m232:[0m Received consensus output [3mconsensus_commit[0m[2m=[0mCommittedSubDag(leader=B231(C,4+ER), ref=C221(I9T+), blocks=[GCo0, G+8I, 4+ER]) [3mepoch[0m[2m=[0m1
[2m2025-03-25T07:55:59.102409Z[0m [32m INFO[0m [1mnode[0m[1m{[0m[3mname[0m[2m=[0mk#8dcff6d1..[1m}[0m[2m:[0m [2msui_core::checkpoints::checkpoint_output[0m[2m:[0m [2mcrates/sui-core/src/checkpoints/checkpoint_output.rs[0m[2m:[0m[2m196:[0m Certified checkpoint with sequence 433 and digest HRKNt3rrGPaqHs2Db94f23Ws7WtZUJZvpvW3g4DQBwh8
[2m2025-03-25T07:55:59.102514Z[0m [32m INFO[0m [1mnode[0m[1m{[0m[3mname[0m[2m=[0mk#8dcff6d1..[1m}[0m[2m:[0m [2mconsensus_core::core[0m[2m:[0m [2mconsensus/core/src/core.rs[0m[2m:[0m[2m630:[0m Committing 1 leaders: B231(C,4+ER)
[2m2025-03-25T07:55:59.102610Z[0m [32m INFO[0m [1mnode[0m[1m{[0m[3mname[0m[2m=[0mk#8dcff6d1..[1m}[0m[2m:[0m [2mconsensus_core::commit_observer[0m[2m:[0m [2mconsensus/core/src/commit_observer.rs[0m[2m:[0m[2m173:[0m Consensus commit C221(I9T+) with leader B231(C,4+ER) has 3 blocks
[2m2025-03-25T07:55:59.102911Z[0m [32m INFO[0m [1mnode[0m[1m{[0m[3mname[0m[2m=[0mk#99f25ef6..[1m}[0m[2m:[0m [2msui_core::checkpoints::checkpoint_output[0m[2m:[0m [2mcrates/sui-core/src/checkpoints/checkpoint_output.rs[0m[2m:[0m[2m196:[0m Certified checkpoint with sequence 433 and digest HRKNt3rrGPaqHs2Db94f23Ws7WtZUJZvpvW3g4DQBwh8
[2m2025-03-25T07:55:59.103008Z[0m [32m INFO[0m [1mnode[0m[1m{[0m[3mname[0m[2m=[0mk#99f25ef6..[1m}[0m[2m:[0m [2mconsensus_core::core[0m[2m:[0m [2mconsensus/core/src/core.rs[0m[2m:[0m[2m630:[0m Committing 1 leaders: B231(C,4+ER)
[2m2025-03-25T07:55:59.103009Z[0m [32m INFO[0m [1mnode[0m[1m{[0m[3mname[0m[2m=[0mk#8dcff6d1..[1m}[0m[2m:[0m [2msui_core::consensus_handler[0m[2m:[0m [2mcrates/sui-core/src/consensus_handler.rs[0m[2m:[0m[2m232:[0m Received consensus output [3mconsensus_commit[0m[2m=[0mCommittedSubDag(leader=B231(C,4+ER), ref=C221(I9T+), blocks=[GCo0, G+8I, 4+ER]) [3mepoch[0m[2m=[0m1
[2m2025-03-25T07:55:59.103106Z[0m [32m INFO[0m [1mnode[0m[1m{[0m[3mname[0m[2m=[0mk#99f25ef6..[1m}[0m[2m:[0m [2mconsensus_core::commit_observer[0m[2m:[0m [2mconsensus/core/src/commit_observer.rs[0m[2m:[0m[2m173:[0m Consensus commit C221(I9T+) with leader B231(C,4+ER) has 3 blocks
[2m2025-03-25T07:55:59.103460Z[0m [32m INFO[0m [1mnode[0m[1m{[0m[3mname[0m[2m=[0mk#99f25ef6..[1m}[0m[2m:[0m [2msui_core::consensus_handler[0m[2m:[0m [2mcrates/sui-core/src/consensus_handler.rs[0m[2m:[0m[2m232:[0m Received consensus output [3mconsensus_commit[0m[2m=[0mCommittedSubDag(leader=B231(C,4+ER), ref=C221(I9T+), blocks=[GCo0, G+8I, 4+ER]) [3mepoch[0m[2m=[0m1
[2m2025-03-25T07:55:59.103570Z[0m [32m INFO[0m [1mnode[0m[1m{[0m[3mname[0m[2m=[0mk#8dcff6d1..[1m}[0m[2m:[0m [2msui_core::checkpoints::checkpoint_executor[0m[2m:[0m [2mcrates/sui-core/src/checkpoints/checkpoint_executor/mod.rs[0m[2m:[0m[2m332:[0m Received checkpoint summary from state sync [3msequence_number[0m[2m=[0m433
[2m2025-03-25T07:55:59.103969Z[0m [32m INFO[0m [1mnode[0m[1m{[0m[3mname[0m[2m=[0mk#99f25ef6..[1m}[0m[2m:[0m [2msui_core::checkpoints::checkpoint_executor[0m[2m:[0m [2mcrates/sui-core/src/checkpoints/checkpoint_executor/mod.rs[0m[2m:[0m[2m332:[0m Received checkpoint summary from state sync [3msequence_number[0m[2m=[0m433
[2m2025-03-25T07:55:59.105034Z[0m [32m INFO[0m [1mnode[0m[1m{[0m[3mname[0m[2m=[0mk#8dcff6d1..[1m}[0m[2m:[0m [2msui_core::state_accumulator[0m[2m:[0m [2mcrates/sui-core/src/state_accumulator.rs[0m[2m:[0m[2m675:[0m accumulating running root for checkpoint 433
[2m2025-03-25T07:55:59.105181Z[0m [32m INFO[0m [1mnode[0m[1m{[0m[3mname[0m[2m=[0mk#99f25ef6..[1m}[0m[2m:[0m [2msui_core::state_accumulator[0m[2m:[0m [2mcrates/sui-core/src/state_accumulator.rs[0m[2m:[0m[2m675:[0m accumulating running root for checkpoint 433
[2m2025-03-25T07:55:59.126085Z[0m [32m INFO[0m [1mnode[0m[1m{[0m[3mname[0m[2m=[0mk#addeef94..[1m}[0m[2m:[0m [2msui_core::checkpoints[0m[2m:[0m [2mcrates/sui-core/src/checkpoints/mod.rs[0m[2m:[0m[2m1326:[0m Creating checkpoint(s) for 2 transactions [3mnext_checkpoint_seq[0m[2m=[0m434 [3mcheckpoint_timestamp[0m[2m=[0m1742889358589
[2m2025-03-25T07:55:59.126399Z[0m [32m INFO[0m [1mnode[0m[1m{[0m[3mname[0m[2m=[0mk#addeef94..[1m}[0m[2m:[0m [2msui_core::checkpoints::checkpoint_output[0m[2m:[0m [2mcrates/sui-core/src/checkpoints/checkpoint_output.rs[0m[2m:[0m[2m149:[0m Creating checkpoint CheckpointDigest(GNZPwwe6B9KwahFpzxGioHhQFER2XS1EdBmteRp1gUvd) at epoch 1, sequence 434, previous digest Some(CheckpointDigest(HRKNt3rrGPaqHs2Db94f23Ws7WtZUJZvpvW3g4DQBwh8)), transactions count 2, content digest CheckpointContentsDigest(9EcFaNEKXiTLqUZCZxhsE7EjXYUefx77zb3wGkBqiqHt), end_of_epoch_data None
[2m2025-03-25T07:55:59.130432Z[0m [32m INFO[0m [1mnode[0m[1m{[0m[3mname[0m[2m=[0mk#99f25ef6..[1m}[0m[2m:[0m [2msui_core::checkpoints[0m[2m:[0m [2mcrates/sui-core/src/checkpoints/mod.rs[0m[2m:[0m[2m1326:[0m Creating checkpoint(s) for 2 transactions [3mnext_checkpoint_seq[0m[2m=[0m434 [3mcheckpoint_timestamp[0m[2m=[0m1742889358589
[2m2025-03-25T07:55:59.130434Z[0m [32m INFO[0m [1mnode[0m[1m{[0m[3mname[0m[2m=[0mk#8dcff6d1..[1m}[0m[2m:[0m [2msui_core::checkpoints[0m[2m:[0m [2mcrates/sui-core/src/checkpoints/mod.rs[0m[2m:[0m[2m1326:[0m Creating checkpoint(s) for 2 transactions [3mnext_checkpoint_seq[0m[2m=[0m434 [3mcheckpoint_timestamp[0m[2m=[0m1742889358589
[2m2025-03-25T07:55:59.130694Z[0m [32m INFO[0m [1mnode[0m[1m{[0m[3mname[0m[2m=[0mk#addeef94..[1m}[0m[2m:[0m [2msui_core::checkpoints::checkpoint_executor[0m[2m:[0m [2mcrates/sui-core/src/checkpoints/checkpoint_executor/mod.rs[0m[2m:[0m[2m332:[0m Received checkpoint summary from state sync [3msequence_number[0m[2m=[0m433
[2m2025-03-25T07:55:59.130698Z[0m [32m INFO[0m [1mnode[0m[1m{[0m[3mname[0m[2m=[0mk#8dcff6d1..[1m}[0m[2m:[0m [2msui_core::checkpoints::checkpoint_output[0m[2m:[0m [2mcrates/sui-core/src/checkpoints/checkpoint_output.rs[0m[2m:[0m[2m149:[0m Creating checkpoint CheckpointDigest(GNZPwwe6B9KwahFpzxGioHhQFER2XS1EdBmteRp1gUvd) at epoch 1, sequence 434, previous digest Some(CheckpointDigest(HRKNt3rrGPaqHs2Db94f23Ws7WtZUJZvpvW3g4DQBwh8)), transactions count 2, content digest CheckpointContentsDigest(9EcFaNEKXiTLqUZCZxhsE7EjXYUefx77zb3wGkBqiqHt), end_of_epoch_data None
[2m2025-03-25T07:55:59.130699Z[0m [32m INFO[0m [1mnode[0m[1m{[0m[3mname[0m[2m=[0mk#99f25ef6..[1m}[0m[2m:[0m [2msui_core::checkpoints::checkpoint_output[0m[2m:[0m [2mcrates/sui-core/src/checkpoints/checkpoint_output.rs[0m[2m:[0m[2m149:[0m Creating checkpoint CheckpointDigest(GNZPwwe6B9KwahFpzxGioHhQFER2XS1EdBmteRp1gUvd) at epoch 1, sequence 434, previous digest Some(CheckpointDigest(HRKNt3rrGPaqHs2Db94f23Ws7WtZUJZvpvW3g4DQBwh8)), transactions count 2, content digest CheckpointContentsDigest(9EcFaNEKXiTLqUZCZxhsE7EjXYUefx77zb3wGkBqiqHt), end_of_epoch_data None
[2m2025-03-25T07:55:59.131574Z[0m [32m INFO[0m [1mnode[0m[1m{[0m[3mname[0m[2m=[0mk#addeef94..[1m}[0m[2m:[0m [2msui_core::state_accumulator[0m[2m:[0m [2mcrates/sui-core/src/state_accumulator.rs[0m[2m:[0m[2m675:[0m accumulating running root for checkpoint 433
[2m2025-03-25T07:55:59.178409Z[0m [32m INFO[0m [1mnode[0m[1m{[0m[3mname[0m[2m=[0mk#addeef94..[1m}[0m[2m:[0m [2mconsensus_core::core[0m[2m:[0m [2mconsensus/core/src/core.rs[0m[2m:[0m[2m694:[0m Received quorum round per authority in ancestor state manager set to: [(233, 233), (233, 233), (233, 233)]
[2m2025-03-25T07:55:59.178420Z[0m [32m INFO[0m [1mnode[0m[1m{[0m[3mname[0m[2m=[0mk#addeef94..[1m}[0m[2m:[0m [2mconsensus_core::core[0m[2m:[0m [2mconsensus/core/src/core.rs[0m[2m:[0m[2m695:[0m Accepted quorum round per authority in ancestor state manager set to: [(233, 233), (233, 233), (233, 233)]
[2m2025-03-25T07:55:59.178426Z[0m [32m INFO[0m [1mnode[0m[1m{[0m[3mname[0m[2m=[0mk#addeef94..[1m}[0m[2m:[0m [2mconsensus_core::core[0m[2m:[0m [2mconsensus/core/src/core.rs[0m[2m:[0m[2m698:[0m Propagation round delay set to: 0
[2m2025-03-25T07:55:59.182392Z[0m [32m INFO[0m [1mnode[0m[1m{[0m[3mname[0m[2m=[0mk#8dcff6d1..[1m}[0m[2m:[0m [2mconsensus_core::core[0m[2m:[0m [2mconsensus/core/src/core.rs[0m[2m:[0m[2m694:[0m Received quorum round per authority in ancestor state manager set to: [(233, 233), (233, 233), (233, 233)]
[2m2025-03-25T07:55:59.182399Z[0m [32m INFO[0m [1mnode[0m[1m{[0m[3mname[0m[2m=[0mk#8dcff6d1..[1m}[0m[2m:[0m [2mconsensus_core::core[0m[2m:[0m [2mconsensus/core/src/core.rs[0m[2m:[0m[2m695:[0m Accepted quorum round per authority in ancestor state manager set to: [(233, 233), (233, 233), (233, 233)]
[2m2025-03-25T07:55:59.182406Z[0m [32m INFO[0m [1mnode[0m[1m{[0m[3mname[0m[2m=[0mk#8dcff6d1..[1m}[0m[2m:[0m [2mconsensus_core::core[0m[2m:[0m [2mconsensus/core/src/core.rs[0m[2m:[0m[2m698:[0m Propagation round delay set to: 0
[2m2025-03-25T07:55:59.184186Z[0m [32m INFO[0m [1mnode[0m[1m{[0m[3mname[0m[2m=[0mk#99f25ef6..[1m}[0m[2m:[0m [2mconsensus_core::core[0m[2m:[0m [2mconsensus/core/src/core.rs[0m[2m:[0m[2m694:[0m Received quorum round per authority in ancestor state manager set to: [(233, 233), (233, 233), (233, 233)]
[2m2025-03-25T07:55:59.184195Z[0m [32m INFO[0m [1mnode[0m[1m{[0m[3mname[0m[2m=[0mk#99f25ef6..[1m}[0m[2m:[0m [2mconsensus_core::core[0m[2m:[0m [2mconsensus/core/src/core.rs[0m[2m:[0m[2m695:[0m Accepted quorum round per authority in ancestor state manager set to: [(233, 233), (233, 233), (233, 233)]
[2m2025-03-25T07:55:59.184201Z[0m [32m INFO[0m [1mnode[0m[1m{[0m[3mname[0m[2m=[0mk#99f25ef6..[1m}[0m[2m:[0m [2mconsensus_core::core[0m[2m:[0m [2mconsensus/core/src/core.rs[0m[2m:[0m[2m698:[0m Propagation round delay set to: 0
[2m2025-03-25T07:55:59.286349Z[0m [32m INFO[0m [1mnode[0m[1m{[0m[3mname[0m[2m=[0mk#99f25ef6..[1m}[0m[2m:[0m[1mjwk_updater_task[0m[1m{[0m[3mepoch[0m[2m=[0m1[1m}[0m[2m:[0m [2msui_node[0m[2m:[0m [2mcrates/sui-node/src/lib.rs[0m[2m:[0m[2m376:[0m fetching JWK for provider Arden
[2m2025-03-25T07:55:59.303727Z[0m [32m INFO[0m [1mnode[0m[1m{[0m[3mname[0m[2m=[0mk#8dcff6d1..[1m}[0m[2m:[0m [2mconsensus_core::commit_syncer[0m[2m:[0m [2mconsensus/core/src/commit_syncer.rs[0m[2m:[0m[2m196:[0m Checking to schedule fetches: synced_commit_index=221, highest_handled_index=221, highest_scheduled_index=0, quorum_commit_index=220, unhandled_commits_threshold=3200
[2m2025-03-25T07:55:59.328324Z[0m [32m INFO[0m [1mnode[0m[1m{[0m[3mname[0m[2m=[0mk#addeef94..[1m}[0m[2m:[0m [2mconsensus_core::commit_syncer[0m[2m:[0m [2mconsensus/core/src/commit_syncer.rs[0m[2m:[0m[2m196:[0m Checking to schedule fetches: synced_commit_index=221, highest_handled_index=221, highest_scheduled_index=0, quorum_commit_index=0, unhandled_commits_threshold=3200
[2m2025-03-25T07:55:59.352444Z[0m [32m INFO[0m [1mnode[0m[1m{[0m[3mname[0m[2m=[0mk#addeef94..[1m}[0m[2m:[0m [2mconsensus_core::core[0m[2m:[0m [2mconsensus/core/src/core.rs[0m[2m:[0m[2m945:[0m Included 3 ancestors & excluded 0 ancestors for proposal in round 234
[2m2025-03-25T07:55:59.352876Z[0m [32m INFO[0m [1mnode[0m[1m{[0m[3mname[0m[2m=[0mk#addeef94..[1m}[0m[2m:[0m [2mconsensus_core::core[0m[2m:[0m [2mconsensus/core/src/core.rs[0m[2m:[0m[2m531:[0m Created block B234(C,TMlgr3SOWIp+kogE76PcjLmoULvkfZP79/WkfmGxIXo=)(1742889359352ms;[B233(C,MBLEXatFhRErihzFy6y0/JLFHYfEQKZVD8TlqiPtKi8=), B233(A,CJmLt9Rg/F24lQT6azsnp5ZJZumCxiThpHC5K+5AOvQ=), B233(B,anKKs35sJJh/I00QNCWgscVTUsmecttbq05dGxzbdVY=)];1t;1c) for round 234
[2m2025-03-25T07:55:59.354976Z[0m [32m INFO[0m [1mnode[0m[1m{[0m[3mname[0m[2m=[0mk#8dcff6d1..[1m}[0m[2m:[0m [2mconsensus_core::core[0m[2m:[0m [2mconsensus/core/src/core.rs[0m[2m:[0m[2m945:[0m Included 3 ancestors & excluded 0 ancestors for proposal in round 234
[2m2025-03-25T07:55:59.355268Z[0m [32m INFO[0m [1mnode[0m[1m{[0m[3mname[0m[2m=[0mk#8dcff6d1..[1m}[0m[2m:[0m [2mconsensus_core::core[0m[2m:[0m [2mconsensus/core/src/core.rs[0m[2m:[0m[2m531:[0m Created block B234(A,DY/2JCcTKRdQqZ0rQCSyePlEHEql1o51cDxQ4IX0PAc=)(1742889359355ms;[B233(A,CJmLt9Rg/F24lQT6azsnp5ZJZumCxiThpHC5K+5AOvQ=), B233(B,anKKs35sJJh/I00QNCWgscVTUsmecttbq05dGxzbdVY=), B233(C,MBLEXatFhRErihzFy6y0/JLFHYfEQKZVD8TlqiPtKi8=)];1t;1c) for round 234
[2m2025-03-25T07:55:59.355341Z[0m [32m INFO[0m [1mnode[0m[1m{[0m[3mname[0m[2m=[0mk#8dcff6d1..[1m}[0m[2m:[0m [2mconsensus_core::core[0m[2m:[0m [2mconsensus/core/src/core.rs[0m[2m:[0m[2m630:[0m Committing 1 leaders: B232(A,i17z)
[2m2025-03-25T07:55:59.355415Z[0m [32m INFO[0m [1mnode[0m[1m{[0m[3mname[0m[2m=[0mk#8dcff6d1..[1m}[0m[2m:[0m [2mconsensus_core::commit_observer[0m[2m:[0m [2mconsensus/core/src/commit_observer.rs[0m[2m:[0m[2m173:[0m Consensus commit C222(IqNW) with leader B232(A,i17z) has 3 blocks
[2m2025-03-25T07:55:59.355506Z[0m [32m INFO[0m [1mnode[0m[1m{[0m[3mname[0m[2m=[0mk#8dcff6d1..[1m}[0m[2m:[0m [2msui_core::consensus_handler[0m[2m:[0m [2mcrates/sui-core/src/consensus_handler.rs[0m[2m:[0m[2m232:[0m Received consensus output [3mconsensus_commit[0m[2m=[0mCommittedSubDag(leader=B232(A,i17z), ref=C222(IqNW), blocks=[qBpd, HM0j, i17z]) [3mepoch[0m[2m=[0m1
[2m2025-03-25T07:55:59.357963Z[0m [32m INFO[0m [1mnode[0m[1m{[0m[3mname[0m[2m=[0mk#addeef94..[1m}[0m[2m:[0m [2mconsensus_core::core[0m[2m:[0m [2mconsensus/core/src/core.rs[0m[2m:[0m[2m630:[0m Committing 1 leaders: B232(A,i17z)
[2m2025-03-25T07:55:59.358055Z[0m [32m INFO[0m [1mnode[0m[1m{[0m[3mname[0m[2m=[0mk#addeef94..[1m}[0m[2m:[0m [2mconsensus_core::commit_observer[0m[2m:[0m [2mconsensus/core/src/commit_observer.rs[0m[2m:[0m[2m173:[0m Consensus commit C222(IqNW) with leader B232(A,i17z) has 3 blocks
[2m2025-03-25T07:55:59.358133Z[0m [32m INFO[0m [1mnode[0m[1m{[0m[3mname[0m[2m=[0mk#addeef94..[1m}[0m[2m:[0m [2msui_core::consensus_handler[0m[2m:[0m [2mcrates/sui-core/src/consensus_handler.rs[0m[2m:[0m[2m232:[0m Received consensus output [3mconsensus_commit[0m[2m=[0mCommittedSubDag(leader=B232(A,i17z), ref=C222(IqNW), blocks=[qBpd, HM0j, i17z]) [3mepoch[0m[2m=[0m1
[2m2025-03-25T07:55:59.399654Z[0m [32m INFO[0m [1mnode[0m[1m{[0m[3mname[0m[2m=[0mk#8dcff6d1..[1m}[0m[2m:[0m [2msui_core::checkpoints[0m[2m:[0m [2mcrates/sui-core/src/checkpoints/mod.rs[0m[2m:[0m[2m1326:[0m Creating checkpoint(s) for 1 transactions [3mnext_checkpoint_seq[0m[2m=[0m435 [3mcheckpoint_timestamp[0m[2m=[0m1742889358845
[2m2025-03-25T07:55:59.399886Z[0m [32m INFO[0m [1mnode[0m[1m{[0m[3mname[0m[2m=[0mk#8dcff6d1..[1m}[0m[2m:[0m [2msui_core::checkpoints::checkpoint_output[0m[2m:[0m [2mcrates/sui-core/src/checkpoints/checkpoint_output.rs[0m[2m:[0m[2m149:[0m Creating checkpoint CheckpointDigest(FZjnRZDsyZansePxa7NmQJ9hRHKjLjoQ7b9eeGrA8TQj) at epoch 1, sequence 435, previous digest Some(CheckpointDigest(GNZPwwe6B9KwahFpzxGioHhQFER2XS1EdBmteRp1gUvd)), transactions count 1, content digest CheckpointContentsDigest(DJ36bvY9MimcVXrZhYwCbUcJV7X4GCJShaWDNtJCYPV1), end_of_epoch_data None
[2m2025-03-25T07:55:59.401170Z[0m [32m INFO[0m [1mnode[0m[1m{[0m[3mname[0m[2m=[0mk#addeef94..[1m}[0m[2m:[0m [2msui_core::checkpoints[0m[2m:[0m [2mcrates/sui-core/src/checkpoints/mod.rs[0m[2m:[0m[2m1326:[0m Creating checkpoint(s) for 1 transactions [3mnext_checkpoint_seq[0m[2m=[0m435 [3mcheckpoint_timestamp[0m[2m=[0m1742889358845
[2m2025-03-25T07:55:59.401346Z[0m [32m INFO[0m [1mnode[0m[1m{[0m[3mname[0m[2m=[0mk#addeef94..[1m}[0m[2m:[0m [2msui_core::checkpoints::checkpoint_output[0m[2m:[0m [2mcrates/sui-core/src/checkpoints/checkpoint_output.rs[0m[2m:[0m[2m149:[0m Creating checkpoint CheckpointDigest(FZjnRZDsyZansePxa7NmQJ9hRHKjLjoQ7b9eeGrA8TQj) at epoch 1, sequence 435, previous digest Some(CheckpointDigest(GNZPwwe6B9KwahFpzxGioHhQFER2XS1EdBmteRp1gUvd)), transactions count 1, content digest CheckpointContentsDigest(DJ36bvY9MimcVXrZhYwCbUcJV7X4GCJShaWDNtJCYPV1), end_of_epoch_data None
[2m2025-03-25T07:55:59.409448Z[0m [32m INFO[0m [1mnode[0m[1m{[0m[3mname[0m[2m=[0mk#99f25ef6..[1m}[0m[2m:[0m [2mconsensus_core::commit_syncer[0m[2m:[0m [2mconsensus/core/src/commit_syncer.rs[0m[2m:[0m[2m196:[0m Checking to schedule fetches: synced_commit_index=221, highest_handled_index=221, highest_scheduled_index=0, quorum_commit_index=221, unhandled_commits_threshold=3200
[2m2025-03-25T07:55:59.412472Z[0m [32m INFO[0m [1mnode[0m[1m{[0m[3mname[0m[2m=[0mk#99f25ef6..[1m}[0m[2m:[0m [2msui_core::checkpoints::checkpoint_output[0m[2m:[0m [2mcrates/sui-core/src/checkpoints/checkpoint_output.rs[0m[2m:[0m[2m196:[0m Certified checkpoint with sequence 434 and digest GNZPwwe6B9KwahFpzxGioHhQFER2XS1EdBmteRp1gUvd
[2m2025-03-25T07:55:59.412786Z[0m [32m INFO[0m [1mnode[0m[1m{[0m[3mname[0m[2m=[0mk#99f25ef6..[1m}[0m[2m:[0m [2mconsensus_core::core[0m[2m:[0m [2mconsensus/core/src/core.rs[0m[2m:[0m[2m630:[0m Committing 1 leaders: B232(A,i17z)
[2m2025-03-25T07:55:59.412907Z[0m [32m INFO[0m [1mnode[0m[1m{[0m[3mname[0m[2m=[0mk#99f25ef6..[1m}[0m[2m:[0m [2mconsensus_core::commit_observer[0m[2m:[0m [2mconsensus/core/src/commit_observer.rs[0m[2m:[0m[2m173:[0m Consensus commit C222(IqNW) with leader B232(A,i17z) has 3 blocks
[2m2025-03-25T07:55:59.412999Z[0m [32m INFO[0m [1mnode[0m[1m{[0m[3mname[0m[2m=[0mk#99f25ef6..[1m}[0m[2m:[0m [2mconsensus_core::core[0m[2m:[0m [2mconsensus/core/src/core.rs[0m[2m:[0m[2m945:[0m Included 3 ancestors & excluded 0 ancestors for proposal in round 235
[2m2025-03-25T07:55:59.413272Z[0m [32m INFO[0m [1mnode[0m[1m{[0m[3mname[0m[2m=[0mk#99f25ef6..[1m}[0m[2m:[0m [2mconsensus_core::core[0m[2m:[0m [2mconsensus/core/src/core.rs[0m[2m:[0m[2m531:[0m Created block B235(B,hwKfvzXwDzFLAwQ+mFU7JV1l4jaWjBLDHhCw46O6ArA=)(1742889359413ms;[B233(B,anKKs35sJJh/I00QNCWgscVTUsmecttbq05dGxzbdVY=), B234(A,DY/2JCcTKRdQqZ0rQCSyePlEHEql1o51cDxQ4IX0PAc=), B234(C,TMlgr3SOWIp+kogE76PcjLmoULvkfZP79/WkfmGxIXo=)];1t;2c) for round 235
[2m2025-03-25T07:55:59.413798Z[0m [32m INFO[0m [1mnode[0m[1m{[0m[3mname[0m[2m=[0mk#99f25ef6..[1m}[0m[2m:[0m [2msui_core::consensus_handler[0m[2m:[0m [2mcrates/sui-core/src/consensus_handler.rs[0m[2m:[0m[2m232:[0m Received consensus output [3mconsensus_commit[0m[2m=[0mCommittedSubDag(leader=B232(A,i17z), ref=C222(IqNW), blocks=[qBpd, HM0j, i17z]) [3mepoch[0m[2m=[0m1
[2m2025-03-25T07:55:59.416850Z[0m [32m INFO[0m [1mnode[0m[1m{[0m[3mname[0m[2m=[0mk#99f25ef6..[1m}[0m[2m:[0m [2msui_core::checkpoints::checkpoint_executor[0m[2m:[0m [2mcrates/sui-core/src/checkpoints/checkpoint_executor/mod.rs[0m[2m:[0m[2m332:[0m Received checkpoint summary from state sync [3msequence_number[0m[2m=[0m434
[2m2025-03-25T07:55:59.446593Z[0m [32m INFO[0m [1mnode[0m[1m{[0m[3mname[0m[2m=[0mk#99f25ef6..[1m}[0m[2m:[0m [2msui_core::state_accumulator[0m[2m:[0m [2mcrates/sui-core/src/state_accumulator.rs[0m[2m:[0m[2m675:[0m accumulating running root for checkpoint 434
[2m2025-03-25T07:55:59.466248Z[0m [32m INFO[0m [1mnode[0m[1m{[0m[3mname[0m[2m=[0mk#addeef94..[1m}[0m[2m:[0m [2msui_core::checkpoints::checkpoint_executor[0m[2m:[0m [2mcrates/sui-core/src/checkpoints/checkpoint_executor/mod.rs[0m[2m:[0m[2m332:[0m Received checkpoint summary from state sync [3msequence_number[0m[2m=[0m434
[2m2025-03-25T07:55:59.466363Z[0m [32m INFO[0m [1mnode[0m[1m{[0m[3mname[0m[2m=[0mk#8dcff6d1..[1m}[0m[2m:[0m [2msui_core::checkpoints::checkpoint_output[0m[2m:[0m [2mcrates/sui-core/src/checkpoints/checkpoint_output.rs[0m[2m:[0m[2m196:[0m Certified checkpoint with sequence 434 and digest GNZPwwe6B9KwahFpzxGioHhQFER2XS1EdBmteRp1gUvd
[2m2025-03-25T07:55:59.467200Z[0m [32m INFO[0m [1mnode[0m[1m{[0m[3mname[0m[2m=[0mk#8dcff6d1..[1m}[0m[2m:[0m [2msui_core::checkpoints::checkpoint_executor[0m[2m:[0m [2mcrates/sui-core/src/checkpoints/checkpoint_executor/mod.rs[0m[2m:[0m[2m332:[0m Received checkpoint summary from state sync [3msequence_number[0m[2m=[0m434
[2m2025-03-25T07:55:59.467500Z[0m [32m INFO[0m [1mnode[0m[1m{[0m[3mname[0m[2m=[0mk#addeef94..[1m}[0m[2m:[0m [2msui_core::state_accumulator[0m[2m:[0m [2mcrates/sui-core/src/state_accumulator.rs[0m[2m:[0m[2m675:[0m accumulating running root for checkpoint 434
[2m2025-03-25T07:55:59.468496Z[0m [32m INFO[0m [1mnode[0m[1m{[0m[3mname[0m[2m=[0mk#8dcff6d1..[1m}[0m[2m:[0m [2msui_core::state_accumulator[0m[2m:[0m [2mcrates/sui-core/src/state_accumulator.rs[0m[2m:[0m[2m675:[0m accumulating running root for checkpoint 434
[2m2025-03-25T07:55:59.504086Z[0m [32m INFO[0m [1mnode[0m[1m{[0m[3mname[0m[2m=[0mk#8dcff6d1..[1m}[0m[2m:[0m[1mjwk_updater_task[0m[1m{[0m[3mepoch[0m[2m=[0m1[1m}[0m[2m:[0m [2msui_node[0m[2m:[0m [2mcrates/sui-node/src/lib.rs[0m[2m:[0m[2m376:[0m fetching JWK for provider Arden
[2m2025-03-25T07:55:59.505801Z[0m [32m INFO[0m [2msui_bridge::eth_syncer[0m[2m:[0m [2mcrates/sui-bridge/src/eth_syncer.rs[0m[2m:[0m[2m120:[0m Observed new finalized eth block: 121
[2m2025-03-25T07:55:59.517189Z[0m [32m INFO[0m [1mnode[0m[1m{[0m[3mname[0m[2m=[0mk#99f25ef6..[1m}[0m[2m:[0m [2msui_core::checkpoints[0m[2m:[0m [2mcrates/sui-core/src/checkpoints/mod.rs[0m[2m:[0m[2m1326:[0m Creating checkpoint(s) for 1 transactions [3mnext_checkpoint_seq[0m[2m=[0m435 [3mcheckpoint_timestamp[0m[2m=[0m1742889358845
[2m2025-03-25T07:55:59.517426Z[0m [32m INFO[0m [1mnode[0m[1m{[0m[3mname[0m[2m=[0mk#99f25ef6..[1m}[0m[2m:[0m [2msui_core::checkpoints::checkpoint_output[0m[2m:[0m [2mcrates/sui-core/src/checkpoints/checkpoint_output.rs[0m[2m:[0m[2m149:[0m Creating checkpoint CheckpointDigest(FZjnRZDsyZansePxa7NmQJ9hRHKjLjoQ7b9eeGrA8TQj) at epoch 1, sequence 435, previous digest Some(CheckpointDigest(GNZPwwe6B9KwahFpzxGioHhQFER2XS1EdBmteRp1gUvd)), transactions count 1, content digest CheckpointContentsDigest(DJ36bvY9MimcVXrZhYwCbUcJV7X4GCJShaWDNtJCYPV1), end_of_epoch_data None
[2m2025-03-25T07:55:59.518011Z[0m [32m INFO[0m [1mnode[0m[1m{[0m[3mname[0m[2m=[0mk#99f25ef6..[1m}[0m[2m:[0m[1mjwk_updater_task[0m[1m{[0m[3mepoch[0m[2m=[0m1[1m}[0m[2m:[0m [2msui_node[0m[2m:[0m [2mcrates/sui-node/src/lib.rs[0m[2m:[0m[2m376:[0m fetching JWK for provider AwsTenant(("us-east-1", "us-east-1_LPSLCkC3A"))
[2m2025-03-25T07:55:59.571985Z[0m [32m INFO[0m [1mnode[0m[1m{[0m[3mname[0m[2m=[0mk#addeef94..[1m}[0m[2m:[0m[1mjwk_updater_task[0m[1m{[0m[3mepoch[0m[2m=[0m1[1m}[0m[2m:[0m [2msui_node[0m[2m:[0m [2mcrates/sui-node/src/lib.rs[0m[2m:[0m[2m376:[0m fetching JWK for provider AwsTenant(("us-east-1", "us-east-1_LPSLCkC3A"))
[2m2025-03-25T07:55:59.616466Z[0m [32m INFO[0m [1mnode[0m[1m{[0m[3mname[0m[2m=[0mk#8dcff6d1..[1m}[0m[2m:[0m[1mjwk_updater_task[0m[1m{[0m[3mepoch[0m[2m=[0m1[1m}[0m[2m:[0m [2msui_node[0m[2m:[0m [2mcrates/sui-node/src/lib.rs[0m[2m:[0m[2m376:[0m fetching JWK for provider AwsTenant(("us-east-1", "us-east-1_LPSLCkC3A"))
[2m2025-03-25T07:55:59.696676Z[0m [32m INFO[0m [1mnode[0m[1m{[0m[3mname[0m[2m=[0mk#addeef94..[1m}[0m[2m:[0m[1mjwk_updater_task[0m[1m{[0m[3mepoch[0m[2m=[0m1[1m}[0m[2m:[0m [2msui_node[0m[2m:[0m [2mcrates/sui-node/src/lib.rs[0m[2m:[0m[2m376:[0m fetching JWK for provider Arden
[2m2025-03-25T07:55:59.734767Z[0m [32m INFO[0m [1mnode[0m[1m{[0m[3mname[0m[2m=[0mk#8dcff6d1..[1m}[0m[2m:[0m [2mconsensus_core::core[0m[2m:[0m [2mconsensus/core/src/core.rs[0m[2m:[0m[2m945:[0m Included 2 ancestors & excluded 0 ancestors for proposal in round 235
[2m2025-03-25T07:55:59.735190Z[0m [32m INFO[0m [1mnode[0m[1m{[0m[3mname[0m[2m=[0mk#8dcff6d1..[1m}[0m[2m:[0m [2mconsensus_core::core[0m[2m:[0m [2mconsensus/core/src/core.rs[0m[2m:[0m[2m531:[0m Created block B235(A,XlCOkX0cn/fpWDg0lX7Ij2lMWb3c+L6ppCleYxvJ8OU=)(1742889359734ms;[B234(A,DY/2JCcTKRdQqZ0rQCSyePlEHEql1o51cDxQ4IX0PAc=), B234(C,TMlgr3SOWIp+kogE76PcjLmoULvkfZP79/WkfmGxIXo=)];1t;1c) for round 235
[2m2025-03-25T07:55:59.807899Z[0m [32m INFO[0m [1mnode[0m[1m{[0m[3mname[0m[2m=[0mk#addeef94..[1m}[0m[2m:[0m [2mconsensus_core::core[0m[2m:[0m [2mconsensus/core/src/core.rs[0m[2m:[0m[2m945:[0m Included 2 ancestors & excluded 0 ancestors for proposal in round 235
[2m2025-03-25T07:55:59.808212Z[0m [32m INFO[0m [1mnode[0m[1m{[0m[3mname[0m[2m=[0mk#addeef94..[1m}[0m[2m:[0m [2mconsensus_core::core[0m[2m:[0m [2mconsensus/core/src/core.rs[0m[2m:[0m[2m531:[0m Created block B235(C,7M4kfAEPFu5WdSqDWPHqMKyftOgrAo0bcpqqURBb36A=)(1742889359808ms;[B234(C,TMlgr3SOWIp+kogE76PcjLmoULvkfZP79/WkfmGxIXo=), B234(A,DY/2JCcTKRdQqZ0rQCSyePlEHEql1o51cDxQ4IX0PAc=)];1t;1c) for round 235
[2m2025-03-25T07:55:59.808294Z[0m [32m INFO[0m [1mnode[0m[1m{[0m[3mname[0m[2m=[0mk#addeef94..[1m}[0m[2m:[0m [2mconsensus_core::core[0m[2m:[0m [2mconsensus/core/src/core.rs[0m[2m:[0m[2m630:[0m Committing 1 leaders: B233(B,anKK)
[2m2025-03-25T07:55:59.808366Z[0m [32m INFO[0m [1mnode[0m[1m{[0m[3mname[0m[2m=[0mk#addeef94..[1m}[0m[2m:[0m [2mconsensus_core::commit_observer[0m[2m:[0m [2mconsensus/core/src/commit_observer.rs[0m[2m:[0m[2m173:[0m Consensus commit C223(HE5h) with leader B233(B,anKK) has 3 blocks
[2m2025-03-25T07:55:59.808771Z[0m [32m INFO[0m [1mnode[0m[1m{[0m[3mname[0m[2m=[0mk#addeef94..[1m}[0m[2m:[0m [2msui_core::consensus_handler[0m[2m:[0m [2mcrates/sui-core/src/consensus_handler.rs[0m[2m:[0m[2m232:[0m Received consensus output [3mconsensus_commit[0m[2m=[0mCommittedSubDag(leader=B233(B,anKK), ref=C223(HE5h), blocks=[/08E, GH/s, anKK]) [3mepoch[0m[2m=[0m1
[2m2025-03-25T07:55:59.811294Z[0m [32m INFO[0m [1mnode[0m[1m{[0m[3mname[0m[2m=[0mk#8dcff6d1..[1m}[0m[2m:[0m [2mconsensus_core::core[0m[2m:[0m [2mconsensus/core/src/core.rs[0m[2m:[0m[2m630:[0m Committing 1 leaders: B233(B,anKK)
[2m2025-03-25T07:55:59.811394Z[0m [32m INFO[0m [1mnode[0m[1m{[0m[3mname[0m[2m=[0mk#8dcff6d1..[1m}[0m[2m:[0m [2mconsensus_core::commit_observer[0m[2m:[0m [2mconsensus/core/src/commit_observer.rs[0m[2m:[0m[2m173:[0m Consensus commit C223(HE5h) with leader B233(B,anKK) has 3 blocks
[2m2025-03-25T07:55:59.811473Z[0m [32m INFO[0m [1mnode[0m[1m{[0m[3mname[0m[2m=[0mk#8dcff6d1..[1m}[0m[2m:[0m [2msui_core::consensus_handler[0m[2m:[0m [2mcrates/sui-core/src/consensus_handler.rs[0m[2m:[0m[2m232:[0m Received consensus output [3mconsensus_commit[0m[2m=[0mCommittedSubDag(leader=B233(B,anKK), ref=C223(HE5h), blocks=[/08E, GH/s, anKK]) [3mepoch[0m[2m=[0m1
[2m2025-03-25T07:55:59.812087Z[0m [32m INFO[0m [1mnode[0m[1m{[0m[3mname[0m[2m=[0mk#99f25ef6..[1m}[0m[2m:[0m [2msui_core::checkpoints::checkpoint_output[0m[2m:[0m [2mcrates/sui-core/src/checkpoints/checkpoint_output.rs[0m[2m:[0m[2m196:[0m Certified checkpoint with sequence 435 and digest FZjnRZDsyZansePxa7NmQJ9hRHKjLjoQ7b9eeGrA8TQj
[2m2025-03-25T07:55:59.812201Z[0m [32m INFO[0m [1mnode[0m[1m{[0m[3mname[0m[2m=[0mk#99f25ef6..[1m}[0m[2m:[0m [2mconsensus_core::core[0m[2m:[0m [2mconsensus/core/src/core.rs[0m[2m:[0m[2m630:[0m Committing 1 leaders: B233(B,anKK)
[2m2025-03-25T07:55:59.812313Z[0m [32m INFO[0m [1mnode[0m[1m{[0m[3mname[0m[2m=[0mk#99f25ef6..[1m}[0m[2m:[0m [2mconsensus_core::commit_observer[0m[2m:[0m [2mconsensus/core/src/commit_observer.rs[0m[2m:[0m[2m173:[0m Consensus commit C223(HE5h) with leader B233(B,anKK) has 3 blocks
[2m2025-03-25T07:55:59.812730Z[0m [32m INFO[0m [1mnode[0m[1m{[0m[3mname[0m[2m=[0mk#99f25ef6..[1m}[0m[2m:[0m [2msui_core::consensus_handler[0m[2m:[0m [2mcrates/sui-core/src/consensus_handler.rs[0m[2m:[0m[2m232:[0m Received consensus output [3mconsensus_commit[0m[2m=[0mCommittedSubDag(leader=B233(B,anKK), ref=C223(HE5h), blocks=[/08E, GH/s, anKK]) [3mepoch[0m[2m=[0m1
[2m2025-03-25T07:55:59.813272Z[0m [32m INFO[0m [1mnode[0m[1m{[0m[3mname[0m[2m=[0mk#99f25ef6..[1m}[0m[2m:[0m [2msui_core::checkpoints::checkpoint_executor[0m[2m:[0m [2mcrates/sui-core/src/checkpoints/checkpoint_executor/mod.rs[0m[2m:[0m[2m332:[0m Received checkpoint summary from state sync [3msequence_number[0m[2m=[0m435
[2m2025-03-25T07:55:59.814779Z[0m [32m INFO[0m [1mnode[0m[1m{[0m[3mname[0m[2m=[0mk#99f25ef6..[1m}[0m[2m:[0m [2msui_core::state_accumulator[0m[2m:[0m [2mcrates/sui-core/src/state_accumulator.rs[0m[2m:[0m[2m675:[0m accumulating running root for checkpoint 435
[2m2025-03-25T07:55:59.835870Z[0m [32m INFO[0m [1mnode[0m[1m{[0m[3mname[0m[2m=[0mk#addeef94..[1m}[0m[2m:[0m [2msui_core::checkpoints[0m[2m:[0m [2mcrates/sui-core/src/checkpoints/mod.rs[0m[2m:[0m[2m1326:[0m Creating checkpoint(s) for 2 transactions [3mnext_checkpoint_seq[0m[2m=[0m436 [3mcheckpoint_timestamp[0m[2m=[0m1742889359096
[2m2025-03-25T07:55:59.836176Z[0m [32m INFO[0m [1mnode[0m[1m{[0m[3mname[0m[2m=[0mk#addeef94..[1m}[0m[2m:[0m [2msui_core::checkpoints::checkpoint_output[0m[2m:[0m [2mcrates/sui-core/src/checkpoints/checkpoint_output.rs[0m[2m:[0m[2m149:[0m Creating checkpoint CheckpointDigest(UX3njqfjL2PvWUGLetZZLtVVqS4gnQ24mtePZEpMCjP) at epoch 1, sequence 436, previous digest Some(CheckpointDigest(FZjnRZDsyZansePxa7NmQJ9hRHKjLjoQ7b9eeGrA8TQj)), transactions count 2, content digest CheckpointContentsDigest(C3FtrELGFz4YJt5fEeEAX9mvmg6g6ZA9yabeppmpFnke), end_of_epoch_data None
[2m2025-03-25T07:55:59.837614Z[0m [32m INFO[0m [1mnode[0m[1m{[0m[3mname[0m[2m=[0mk#8dcff6d1..[1m}[0m[2m:[0m [2msui_core::checkpoints[0m[2m:[0m [2mcrates/sui-core/src/checkpoints/mod.rs[0m[2m:[0m[2m1326:[0m Creating checkpoint(s) for 2 transactions [3mnext_checkpoint_seq[0m[2m=[0m436 [3mcheckpoint_timestamp[0m[2m=[0m1742889359096
[2m2025-03-25T07:55:59.837879Z[0m [32m INFO[0m [1mnode[0m[1m{[0m[3mname[0m[2m=[0mk#8dcff6d1..[1m}[0m[2m:[0m [2msui_core::checkpoints::checkpoint_output[0m[2m:[0m [2mcrates/sui-core/src/checkpoints/checkpoint_output.rs[0m[2m:[0m[2m149:[0m Creating checkpoint CheckpointDigest(UX3njqfjL2PvWUGLetZZLtVVqS4gnQ24mtePZEpMCjP) at epoch 1, sequence 436, previous digest Some(CheckpointDigest(FZjnRZDsyZansePxa7NmQJ9hRHKjLjoQ7b9eeGrA8TQj)), transactions count 2, content digest CheckpointContentsDigest(C3FtrELGFz4YJt5fEeEAX9mvmg6g6ZA9yabeppmpFnke), end_of_epoch_data None
[2m2025-03-25T07:55:59.838572Z[0m [32m INFO[0m [1mnode[0m[1m{[0m[3mname[0m[2m=[0mk#addeef94..[1m}[0m[2m:[0m [2msui_core::checkpoints::checkpoint_executor[0m[2m:[0m [2mcrates/sui-core/src/checkpoints/checkpoint_executor/mod.rs[0m[2m:[0m[2m332:[0m Received checkpoint summary from state sync [3msequence_number[0m[2m=[0m435
[2m2025-03-25T07:55:59.839416Z[0m [32m INFO[0m [1mnode[0m[1m{[0m[3mname[0m[2m=[0mk#addeef94..[1m}[0m[2m:[0m [2msui_core::state_accumulator[0m[2m:[0m [2mcrates/sui-core/src/state_accumulator.rs[0m[2m:[0m[2m675:[0m accumulating running root for checkpoint 435
[2m2025-03-25T07:55:59.840258Z[0m [32m INFO[0m [1mnode[0m[1m{[0m[3mname[0m[2m=[0mk#99f25ef6..[1m}[0m[2m:[0m [2msui_core::checkpoints[0m[2m:[0m [2mcrates/sui-core/src/checkpoints/mod.rs[0m[2m:[0m[2m1326:[0m Creating checkpoint(s) for 2 transactions [3mnext_checkpoint_seq[0m[2m=[0m436 [3mcheckpoint_timestamp[0m[2m=[0m1742889359096
[2m2025-03-25T07:55:59.840517Z[0m [32m INFO[0m [1mnode[0m[1m{[0m[3mname[0m[2m=[0mk#99f25ef6..[1m}[0m[2m:[0m [2msui_core::checkpoints::checkpoint_output[0m[2m:[0m [2mcrates/sui-core/src/checkpoints/checkpoint_output.rs[0m[2m:[0m[2m149:[0m Creating checkpoint CheckpointDigest(UX3njqfjL2PvWUGLetZZLtVVqS4gnQ24mtePZEpMCjP) at epoch 1, sequence 436, previous digest Some(CheckpointDigest(FZjnRZDsyZansePxa7NmQJ9hRHKjLjoQ7b9eeGrA8TQj)), transactions count 2, content digest CheckpointContentsDigest(C3FtrELGFz4YJt5fEeEAX9mvmg6g6ZA9yabeppmpFnke), end_of_epoch_data None
[2m2025-03-25T07:55:59.845503Z[0m [32m INFO[0m [1mnode[0m[1m{[0m[3mname[0m[2m=[0mk#8dcff6d1..[1m}[0m[2m:[0m [2msui_core::checkpoints::checkpoint_executor[0m[2m:[0m [2mcrates/sui-core/src/checkpoints/checkpoint_executor/mod.rs[0m[2m:[0m[2m332:[0m Received checkpoint summary from state sync [3msequence_number[0m[2m=[0m331
[2m2025-03-25T07:55:59.845588Z[0m [32m INFO[0m [1mnode[0m[1m{[0m[3mname[0m[2m=[0mk#8dcff6d1..[1m}[0m[2m:[0m [2msui_core::checkpoints::checkpoint_executor[0m[2m:[0m [2mcrates/sui-core/src/checkpoints/checkpoint_executor/mod.rs[0m[2m:[0m[2m332:[0m Received checkpoint summary from state sync [3msequence_number[0m[2m=[0m332
[2m2025-03-25T07:55:59.845633Z[0m [32m INFO[0m [1mnode[0m[1m{[0m[3mname[0m[2m=[0mk#8dcff6d1..[1m}[0m[2m:[0m [2msui_core::checkpoints::checkpoint_executor[0m[2m:[0m [2mcrates/sui-core/src/checkpoints/checkpoint_executor/mod.rs[0m[2m:[0m[2m332:[0m Received checkpoint summary from state sync [3msequence_number[0m[2m=[0m333
[2m2025-03-25T07:55:59.845674Z[0m [32m INFO[0m [1mnode[0m[1m{[0m[3mname[0m[2m=[0mk#8dcff6d1..[1m}[0m[2m:[0m [2msui_core::checkpoints::checkpoint_executor[0m[2m:[0m [2mcrates/sui-core/src/checkpoints/checkpoint_executor/mod.rs[0m[2m:[0m[2m332:[0m Received checkpoint summary from state sync [3msequence_number[0m[2m=[0m334
[2m2025-03-25T07:55:59.845713Z[0m [32m INFO[0m [1mnode[0m[1m{[0m[3mname[0m[2m=[0mk#8dcff6d1..[1m}[0m[2m:[0m [2msui_core::checkpoints::checkpoint_executor[0m[2m:[0m [2mcrates/sui-core/src/checkpoints/checkpoint_executor/mod.rs[0m[2m:[0m[2m332:[0m Received checkpoint summary from state sync [3msequence_number[0m[2m=[0m335
[2m2025-03-25T07:55:59.845751Z[0m [32m INFO[0m [1mnode[0m[1m{[0m[3mname[0m[2m=[0mk#8dcff6d1..[1m}[0m[2m:[0m [2msui_core::checkpoints::checkpoint_executor[0m[2m:[0m [2mcrates/sui-core/src/checkpoints/checkpoint_executor/mod.rs[0m[2m:[0m[2m332:[0m Received checkpoint summary from state sync [3msequence_number[0m[2m=[0m336
[2m2025-03-25T07:55:59.845791Z[0m [32m INFO[0m [1mnode[0m[1m{[0m[3mname[0m[2m=[0mk#8dcff6d1..[1m}[0m[2m:[0m [2msui_core::checkpoints::checkpoint_executor[0m[2m:[0m [2mcrates/sui-core/src/checkpoints/checkpoint_executor/mod.rs[0m[2m:[0m[2m332:[0m Received checkpoint summary from state sync [3msequence_number[0m[2m=[0m337
[2m2025-03-25T07:55:59.845829Z[0m [32m INFO[0m [1mnode[0m[1m{[0m[3mname[0m[2m=[0mk#8dcff6d1..[1m}[0m[2m:[0m [2msui_core::checkpoints::checkpoint_executor[0m[2m:[0m [2mcrates/sui-core/src/checkpoints/checkpoint_executor/mod.rs[0m[2m:[0m[2m332:[0m Received checkpoint summary from state sync [3msequence_number[0m[2m=[0m338
[2m2025-03-25T07:55:59.845866Z[0m [32m INFO[0m [1mnode[0m[1m{[0m[3mname[0m[2m=[0mk#8dcff6d1..[1m}[0m[2m:[0m [2msui_core::checkpoints::checkpoint_executor[0m[2m:[0m [2mcrates/sui-core/src/checkpoints/checkpoint_executor/mod.rs[0m[2m:[0m[2m332:[0m Received checkpoint summary from state sync [3msequence_number[0m[2m=[0m339
[2m2025-03-25T07:55:59.845904Z[0m [32m INFO[0m [1mnode[0m[1m{[0m[3mname[0m[2m=[0mk#8dcff6d1..[1m}[0m[2m:[0m [2msui_core::checkpoints::checkpoint_executor[0m[2m:[0m [2mcrates/sui-core/src/checkpoints/checkpoint_executor/mod.rs[0m[2m:[0m[2m332:[0m Received checkpoint summary from state sync [3msequence_number[0m[2m=[0m340
[2m2025-03-25T07:55:59.845942Z[0m [32m INFO[0m [1mnode[0m[1m{[0m[3mname[0m[2m=[0mk#8dcff6d1..[1m}[0m[2m:[0m [2msui_core::checkpoints::checkpoint_executor[0m[2m:[0m [2mcrates/sui-core/src/checkpoints/checkpoint_executor/mod.rs[0m[2m:[0m[2m332:[0m Received checkpoint summary from state sync [3msequence_number[0m[2m=[0m341
[2m2025-03-25T07:55:59.845980Z[0m [32m INFO[0m [1mnode[0m[1m{[0m[3mname[0m[2m=[0mk#8dcff6d1..[1m}[0m[2m:[0m [2msui_core::checkpoints::checkpoint_executor[0m[2m:[0m [2mcrates/sui-core/src/checkpoints/checkpoint_executor/mod.rs[0m[2m:[0m[2m332:[0m Received checkpoint summary from state sync [3msequence_number[0m[2m=[0m342
[2m2025-03-25T07:55:59.846017Z[0m [32m INFO[0m [1mnode[0m[1m{[0m[3mname[0m[2m=[0mk#8dcff6d1..[1m}[0m[2m:[0m [2msui_core::checkpoints::checkpoint_executor[0m[2m:[0m [2mcrates/sui-core/src/checkpoints/checkpoint_executor/mod.rs[0m[2m:[0m[2m332:[0m Received checkpoint summary from state sync [3msequence_number[0m[2m=[0m343
[2m2025-03-25T07:55:59.846054Z[0m [32m INFO[0m [1mnode[0m[1m{[0m[3mname[0m[2m=[0mk#8dcff6d1..[1m}[0m[2m:[0m [2msui_core::checkpoints::checkpoint_executor[0m[2m:[0m [2mcrates/sui-core/src/checkpoints/checkpoint_executor/mod.rs[0m[2m:[0m[2m332:[0m Received checkpoint summary from state sync [3msequence_number[0m[2m=[0m344
[2m2025-03-25T07:55:59.846091Z[0m [32m INFO[0m [1mnode[0m[1m{[0m[3mname[0m[2m=[0mk#8dcff6d1..[1m}[0m[2m:[0m [2msui_core::checkpoints::checkpoint_executor[0m[2m:[0m [2mcrates/sui-core/src/checkpoints/checkpoint_executor/mod.rs[0m[2m:[0m[2m332:[0m Received checkpoint summary from state sync [3msequence_number[0m[2m=[0m345
[2m2025-03-25T07:55:59.846129Z[0m [32m INFO[0m [1mnode[0m[1m{[0m[3mname[0m[2m=[0mk#8dcff6d1..[1m}[0m[2m:[0m [2msui_core::checkpoints::checkpoint_executor[0m[2m:[0m [2mcrates/sui-core/src/checkpoints/checkpoint_executor/mod.rs[0m[2m:[0m[2m332:[0m Received checkpoint summary from state sync [3msequence_number[0m[2m=[0m346
[2m2025-03-25T07:55:59.846167Z[0m [32m INFO[0m [1mnode[0m[1m{[0m[3mname[0m[2m=[0mk#8dcff6d1..[1m}[0m[2m:[0m [2msui_core::checkpoints::checkpoint_executor[0m[2m:[0m [2mcrates/sui-core/src/checkpoints/checkpoint_executor/mod.rs[0m[2m:[0m[2m332:[0m Received checkpoint summary from state sync [3msequence_number[0m[2m=[0m347
[2m2025-03-25T07:55:59.846206Z[0m [32m INFO[0m [1mnode[0m[1m{[0m[3mname[0m[2m=[0mk#8dcff6d1..[1m}[0m[2m:[0m [2msui_core::checkpoints::checkpoint_executor[0m[2m:[0m [2mcrates/sui-core/src/checkpoints/checkpoint_executor/mod.rs[0m[2m:[0m[2m332:[0m Received checkpoint summary from state sync [3msequence_number[0m[2m=[0m348
[2m2025-03-25T07:55:59.846243Z[0m [32m INFO[0m [1mnode[0m[1m{[0m[3mname[0m[2m=[0mk#8dcff6d1..[1m}[0m[2m:[0m [2msui_core::checkpoints::checkpoint_executor[0m[2m:[0m [2mcrates/sui-core/src/checkpoints/checkpoint_executor/mod.rs[0m[2m:[0m[2m332:[0m Received checkpoint summary from state sync [3msequence_number[0m[2m=[0m349
[2m2025-03-25T07:55:59.846282Z[0m [32m INFO[0m [1mnode[0m[1m{[0m[3mname[0m[2m=[0mk#8dcff6d1..[1m}[0m[2m:[0m [2msui_core::checkpoints::checkpoint_executor[0m[2m:[0m [2mcrates/sui-core/src/checkpoints/checkpoint_executor/mod.rs[0m[2m:[0m[2m332:[0m Received checkpoint summary from state sync [3msequence_number[0m[2m=[0m350
[2m2025-03-25T07:55:59.846319Z[0m [32m INFO[0m [1mnode[0m[1m{[0m[3mname[0m[2m=[0mk#8dcff6d1..[1m}[0m[2m:[0m [2msui_core::checkpoints::checkpoint_executor[0m[2m:[0m [2mcrates/sui-core/src/checkpoints/checkpoint_executor/mod.rs[0m[2m:[0m[2m332:[0m Received checkpoint summary from state sync [3msequence_number[0m[2m=[0m351
[2m2025-03-25T07:55:59.846358Z[0m [32m INFO[0m [1mnode[0m[1m{[0m[3mname[0m[2m=[0mk#8dcff6d1..[1m}[0m[2m:[0m [2msui_core::checkpoints::checkpoint_executor[0m[2m:[0m [2mcrates/sui-core/src/checkpoints/checkpoint_executor/mod.rs[0m[2m:[0m[2m332:[0m Received checkpoint summary from state sync [3msequence_number[0m[2m=[0m352
[2m2025-03-25T07:55:59.846396Z[0m [32m INFO[0m [1mnode[0m[1m{[0m[3mname[0m[2m=[0mk#8dcff6d1..[1m}[0m[2m:[0m [2msui_core::checkpoints::checkpoint_executor[0m[2m:[0m [2mcrates/sui-core/src/checkpoints/checkpoint_executor/mod.rs[0m[2m:[0m[2m332:[0m Received checkpoint summary from state sync [3msequence_number[0m[2m=[0m353
[2m2025-03-25T07:55:59.846434Z[0m [32m INFO[0m [1mnode[0m[1m{[0m[3mname[0m[2m=[0mk#8dcff6d1..[1m}[0m[2m:[0m [2msui_core::checkpoints::checkpoint_executor[0m[2m:[0m [2mcrates/sui-core/src/checkpoints/checkpoint_executor/mod.rs[0m[2m:[0m[2m332:[0m Received checkpoint summary from state sync [3msequence_number[0m[2m=[0m354
[2m2025-03-25T07:55:59.846471Z[0m [32m INFO[0m [1mnode[0m[1m{[0m[3mname[0m[2m=[0mk#8dcff6d1..[1m}[0m[2m:[0m [2msui_core::checkpoints::checkpoint_executor[0m[2m:[0m [2mcrates/sui-core/src/checkpoints/checkpoint_executor/mod.rs[0m[2m:[0m[2m332:[0m Received checkpoint summary from state sync [3msequence_number[0m[2m=[0m355
[2m2025-03-25T07:55:59.846508Z[0m [32m INFO[0m [1mnode[0m[1m{[0m[3mname[0m[2m=[0mk#8dcff6d1..[1m}[0m[2m:[0m [2msui_core::checkpoints::checkpoint_executor[0m[2m:[0m [2mcrates/sui-core/src/checkpoints/checkpoint_executor/mod.rs[0m[2m:[0m[2m332:[0m Received checkpoint summary from state sync [3msequence_number[0m[2m=[0m356
[2m2025-03-25T07:55:59.846545Z[0m [32m INFO[0m [1mnode[0m[1m{[0m[3mname[0m[2m=[0mk#8dcff6d1..[1m}[0m[2m:[0m [2msui_core::checkpoints::checkpoint_executor[0m[2m:[0m [2mcrates/sui-core/src/checkpoints/checkpoint_executor/mod.rs[0m[2m:[0m[2m332:[0m Received checkpoint summary from state sync [3msequence_number[0m[2m=[0m357
[2m2025-03-25T07:55:59.846584Z[0m [32m INFO[0m [1mnode[0m[1m{[0m[3mname[0m[2m=[0mk#8dcff6d1..[1m}[0m[2m:[0m [2msui_core::checkpoints::checkpoint_executor[0m[2m:[0m [2mcrates/sui-core/src/checkpoints/checkpoint_executor/mod.rs[0m[2m:[0m[2m332:[0m Received checkpoint summary from state sync [3msequence_number[0m[2m=[0m358
[2m2025-03-25T07:55:59.846623Z[0m [32m INFO[0m [1mnode[0m[1m{[0m[3mname[0m[2m=[0mk#8dcff6d1..[1m}[0m[2m:[0m [2msui_core::checkpoints::checkpoint_executor[0m[2m:[0m [2mcrates/sui-core/src/checkpoints/checkpoint_executor/mod.rs[0m[2m:[0m[2m332:[0m Received checkpoint summary from state sync [3msequence_number[0m[2m=[0m359
[2m2025-03-25T07:55:59.846660Z[0m [32m INFO[0m [1mnode[0m[1m{[0m[3mname[0m[2m=[0mk#8dcff6d1..[1m}[0m[2m:[0m [2msui_core::checkpoints::checkpoint_executor[0m[2m:[0m [2mcrates/sui-core/src/checkpoints/checkpoint_executor/mod.rs[0m[2m:[0m[2m332:[0m Received checkpoint summary from state sync [3msequence_number[0m[2m=[0m360
[2m2025-03-25T07:55:59.846697Z[0m [32m INFO[0m [1mnode[0m[1m{[0m[3mname[0m[2m=[0mk#8dcff6d1..[1m}[0m[2m:[0m [2msui_core::checkpoints::checkpoint_executor[0m[2m:[0m [2mcrates/sui-core/src/checkpoints/checkpoint_executor/mod.rs[0m[2m:[0m[2m332:[0m Received checkpoint summary from state sync [3msequence_number[0m[2m=[0m361
[2m2025-03-25T07:55:59.846736Z[0m [32m INFO[0m [1mnode[0m[1m{[0m[3mname[0m[2m=[0mk#8dcff6d1..[1m}[0m[2m:[0m [2msui_core::checkpoints::checkpoint_executor[0m[2m:[0m [2mcrates/sui-core/src/checkpoints/checkpoint_executor/mod.rs[0m[2m:[0m[2m332:[0m Received checkpoint summary from state sync [3msequence_number[0m[2m=[0m362
[2m2025-03-25T07:55:59.846773Z[0m [32m INFO[0m [1mnode[0m[1m{[0m[3mname[0m[2m=[0mk#8dcff6d1..[1m}[0m[2m:[0m [2msui_core::checkpoints::checkpoint_executor[0m[2m:[0m [2mcrates/sui-core/src/checkpoints/checkpoint_executor/mod.rs[0m[2m:[0m[2m332:[0m Received checkpoint summary from state sync [3msequence_number[0m[2m=[0m363
[2m2025-03-25T07:55:59.846810Z[0m [32m INFO[0m [1mnode[0m[1m{[0m[3mname[0m[2m=[0mk#8dcff6d1..[1m}[0m[2m:[0m [2msui_core::checkpoints::checkpoint_executor[0m[2m:[0m [2mcrates/sui-core/src/checkpoints/checkpoint_executor/mod.rs[0m[2m:[0m[2m332:[0m Received checkpoint summary from state sync [3msequence_number[0m[2m=[0m364
[2m2025-03-25T07:55:59.846847Z[0m [32m INFO[0m [1mnode[0m[1m{[0m[3mname[0m[2m=[0mk#8dcff6d1..[1m}[0m[2m:[0m [2msui_core::checkpoints::checkpoint_executor[0m[2m:[0m [2mcrates/sui-core/src/checkpoints/checkpoint_executor/mod.rs[0m[2m:[0m[2m332:[0m Received checkpoint summary from state sync [3msequence_number[0m[2m=[0m365
[2m2025-03-25T07:55:59.846884Z[0m [32m INFO[0m [1mnode[0m[1m{[0m[3mname[0m[2m=[0mk#8dcff6d1..[1m}[0m[2m:[0m [2msui_core::checkpoints::checkpoint_executor[0m[2m:[0m [2mcrates/sui-core/src/checkpoints/checkpoint_executor/mod.rs[0m[2m:[0m[2m332:[0m Received checkpoint summary from state sync [3msequence_number[0m[2m=[0m366
[2m2025-03-25T07:55:59.846922Z[0m [32m INFO[0m [1mnode[0m[1m{[0m[3mname[0m[2m=[0mk#8dcff6d1..[1m}[0m[2m:[0m [2msui_core::checkpoints::checkpoint_executor[0m[2m:[0m [2mcrates/sui-core/src/checkpoints/checkpoint_executor/mod.rs[0m[2m:[0m[2m332:[0m Received checkpoint summary from state sync [3msequence_number[0m[2m=[0m367
[2m2025-03-25T07:55:59.846959Z[0m [32m INFO[0m [1mnode[0m[1m{[0m[3mname[0m[2m=[0mk#8dcff6d1..[1m}[0m[2m:[0m [2msui_core::checkpoints::checkpoint_executor[0m[2m:[0m [2mcrates/sui-core/src/checkpoints/checkpoint_executor/mod.rs[0m[2m:[0m[2m332:[0m Received checkpoint summary from state sync [3msequence_number[0m[2m=[0m368
[2m2025-03-25T07:55:59.846996Z[0m [32m INFO[0m [1mnode[0m[1m{[0m[3mname[0m[2m=[0mk#8dcff6d1..[1m}[0m[2m:[0m [2msui_core::checkpoints::checkpoint_executor[0m[2m:[0m [2mcrates/sui-core/src/checkpoints/checkpoint_executor/mod.rs[0m[2m:[0m[2m332:[0m Received checkpoint summary from state sync [3msequence_number[0m[2m=[0m369
[2m2025-03-25T07:55:59.847033Z[0m [32m INFO[0m [1mnode[0m[1m{[0m[3mname[0m[2m=[0mk#8dcff6d1..[1m}[0m[2m:[0m [2msui_core::checkpoints::checkpoint_executor[0m[2m:[0m [2mcrates/sui-core/src/checkpoints/checkpoint_executor/mod.rs[0m[2m:[0m[2m332:[0m Received checkpoint summary from state sync [3msequence_number[0m[2m=[0m370
[2m2025-03-25T07:55:59.847070Z[0m [32m INFO[0m [1mnode[0m[1m{[0m[3mname[0m[2m=[0mk#8dcff6d1..[1m}[0m[2m:[0m [2msui_core::checkpoints::checkpoint_executor[0m[2m:[0m [2mcrates/sui-core/src/checkpoints/checkpoint_executor/mod.rs[0m[2m:[0m[2m332:[0m Received checkpoint summary from state sync [3msequence_number[0m[2m=[0m371
[2m2025-03-25T07:55:59.847107Z[0m [32m INFO[0m [1mnode[0m[1m{[0m[3mname[0m[2m=[0mk#8dcff6d1..[1m}[0m[2m:[0m [2msui_core::checkpoints::checkpoint_executor[0m[2m:[0m [2mcrates/sui-core/src/checkpoints/checkpoint_executor/mod.rs[0m[2m:[0m[2m332:[0m Received checkpoint summary from state sync [3msequence_number[0m[2m=[0m372
[2m2025-03-25T07:55:59.847144Z[0m [32m INFO[0m [1mnode[0m[1m{[0m[3mname[0m[2m=[0mk#8dcff6d1..[1m}[0m[2m:[0m [2msui_core::checkpoints::checkpoint_executor[0m[2m:[0m [2mcrates/sui-core/src/checkpoints/checkpoint_executor/mod.rs[0m[2m:[0m[2m332:[0m Received checkpoint summary from state sync [3msequence_number[0m[2m=[0m373
[2m2025-03-25T07:55:59.847184Z[0m [32m INFO[0m [1mnode[0m[1m{[0m[3mname[0m[2m=[0mk#8dcff6d1..[1m}[0m[2m:[0m [2msui_core::checkpoints::checkpoint_executor[0m[2m:[0m [2mcrates/sui-core/src/checkpoints/checkpoint_executor/mod.rs[0m[2m:[0m[2m332:[0m Received checkpoint summary from state sync [3msequence_number[0m[2m=[0m374
[2m2025-03-25T07:55:59.847221Z[0m [32m INFO[0m [1mnode[0m[1m{[0m[3mname[0m[2m=[0mk#8dcff6d1..[1m}[0m[2m:[0m [2msui_core::checkpoints::checkpoint_executor[0m[2m:[0m [2mcrates/sui-core/src/checkpoints/checkpoint_executor/mod.rs[0m[2m:[0m[2m332:[0m Received checkpoint summary from state sync [3msequence_number[0m[2m=[0m375
[2m2025-03-25T07:55:59.847258Z[0m [32m INFO[0m [1mnode[0m[1m{[0m[3mname[0m[2m=[0mk#8dcff6d1..[1m}[0m[2m:[0m [2msui_core::checkpoints::checkpoint_executor[0m[2m:[0m [2mcrates/sui-core/src/checkpoints/checkpoint_executor/mod.rs[0m[2m:[0m[2m332:[0m Received checkpoint summary from state sync [3msequence_number[0m[2m=[0m376
[2m2025-03-25T07:55:59.847296Z[0m [32m INFO[0m [1mnode[0m[1m{[0m[3mname[0m[2m=[0mk#8dcff6d1..[1m}[0m[2m:[0m [2msui_core::checkpoints::checkpoint_executor[0m[2m:[0m [2mcrates/sui-core/src/checkpoints/checkpoint_executor/mod.rs[0m[2m:[0m[2m332:[0m Received checkpoint summary from state sync [3msequence_number[0m[2m=[0m377
[2m2025-03-25T07:55:59.847333Z[0m [32m INFO[0m [1mnode[0m[1m{[0m[3mname[0m[2m=[0mk#8dcff6d1..[1m}[0m[2m:[0m [2msui_core::checkpoints::checkpoint_executor[0m[2m:[0m [2mcrates/sui-core/src/checkpoints/checkpoint_executor/mod.rs[0m[2m:[0m[2m332:[0m Received checkpoint summary from state sync [3msequence_number[0m[2m=[0m378
[2m2025-03-25T07:55:59.847371Z[0m [32m INFO[0m [1mnode[0m[1m{[0m[3mname[0m[2m=[0mk#8dcff6d1..[1m}[0m[2m:[0m [2msui_core::checkpoints::checkpoint_executor[0m[2m:[0m [2mcrates/sui-core/src/checkpoints/checkpoint_executor/mod.rs[0m[2m:[0m[2m332:[0m Received checkpoint summary from state sync [3msequence_number[0m[2m=[0m379
[2m2025-03-25T07:55:59.847408Z[0m [32m INFO[0m [1mnode[0m[1m{[0m[3mname[0m[2m=[0mk#8dcff6d1..[1m}[0m[2m:[0m [2msui_core::checkpoints::checkpoint_executor[0m[2m:[0m [2mcrates/sui-core/src/checkpoints/checkpoint_executor/mod.rs[0m[2m:[0m[2m332:[0m Received checkpoint summary from state sync [3msequence_number[0m[2m=[0m380
[2m2025-03-25T07:55:59.847445Z[0m [32m INFO[0m [1mnode[0m[1m{[0m[3mname[0m[2m=[0mk#8dcff6d1..[1m}[0m[2m:[0m [2msui_core::checkpoints::checkpoint_executor[0m[2m:[0m [2mcrates/sui-core/src/checkpoints/checkpoint_executor/mod.rs[0m[2m:[0m[2m332:[0m Received checkpoint summary from state sync [3msequence_number[0m[2m=[0m381
[2m2025-03-25T07:55:59.847482Z[0m [32m INFO[0m [1mnode[0m[1m{[0m[3mname[0m[2m=[0mk#8dcff6d1..[1m}[0m[2m:[0m [2msui_core::checkpoints::checkpoint_executor[0m[2m:[0m [2mcrates/sui-core/src/checkpoints/checkpoint_executor/mod.rs[0m[2m:[0m[2m332:[0m Received checkpoint summary from state sync [3msequence_number[0m[2m=[0m382
[2m2025-03-25T07:55:59.847521Z[0m [32m INFO[0m [1mnode[0m[1m{[0m[3mname[0m[2m=[0mk#8dcff6d1..[1m}[0m[2m:[0m [2msui_core::checkpoints::checkpoint_executor[0m[2m:[0m [2mcrates/sui-core/src/checkpoints/checkpoint_executor/mod.rs[0m[2m:[0m[2m332:[0m Received checkpoint summary from state sync [3msequence_number[0m[2m=[0m383
[2m2025-03-25T07:55:59.847559Z[0m [32m INFO[0m [1mnode[0m[1m{[0m[3mname[0m[2m=[0mk#8dcff6d1..[1m}[0m[2m:[0m [2msui_core::checkpoints::checkpoint_executor[0m[2m:[0m [2mcrates/sui-core/src/checkpoints/checkpoint_executor/mod.rs[0m[2m:[0m[2m332:[0m Received checkpoint summary from state sync [3msequence_number[0m[2m=[0m384
[2m2025-03-25T07:55:59.847597Z[0m [32m INFO[0m [1mnode[0m[1m{[0m[3mname[0m[2m=[0mk#8dcff6d1..[1m}[0m[2m:[0m [2msui_core::checkpoints::checkpoint_executor[0m[2m:[0m [2mcrates/sui-core/src/checkpoints/checkpoint_executor/mod.rs[0m[2m:[0m[2m332:[0m Received checkpoint summary from state sync [3msequence_number[0m[2m=[0m385
[2m2025-03-25T07:55:59.847634Z[0m [32m INFO[0m [1mnode[0m[1m{[0m[3mname[0m[2m=[0mk#8dcff6d1..[1m}[0m[2m:[0m [2msui_core::checkpoints::checkpoint_executor[0m[2m:[0m [2mcrates/sui-core/src/checkpoints/checkpoint_executor/mod.rs[0m[2m:[0m[2m332:[0m Received checkpoint summary from state sync [3msequence_number[0m[2m=[0m386
[2m2025-03-25T07:55:59.847671Z[0m [32m INFO[0m [1mnode[0m[1m{[0m[3mname[0m[2m=[0mk#8dcff6d1..[1m}[0m[2m:[0m [2msui_core::checkpoints::checkpoint_executor[0m[2m:[0m [2mcrates/sui-core/src/checkpoints/checkpoint_executor/mod.rs[0m[2m:[0m[2m332:[0m Received checkpoint summary from state sync [3msequence_number[0m[2m=[0m387
[2m2025-03-25T07:55:59.847710Z[0m [32m INFO[0m [1mnode[0m[1m{[0m[3mname[0m[2m=[0mk#8dcff6d1..[1m}[0m[2m:[0m [2msui_core::checkpoints::checkpoint_executor[0m[2m:[0m [2mcrates/sui-core/src/checkpoints/checkpoint_executor/mod.rs[0m[2m:[0m[2m332:[0m Received checkpoint summary from state sync [3msequence_number[0m[2m=[0m388
[2m2025-03-25T07:55:59.847748Z[0m [32m INFO[0m [1mnode[0m[1m{[0m[3mname[0m[2m=[0mk#8dcff6d1..[1m}[0m[2m:[0m [2msui_core::checkpoints::checkpoint_executor[0m[2m:[0m [2mcrates/sui-core/src/checkpoints/checkpoint_executor/mod.rs[0m[2m:[0m[2m332:[0m Received checkpoint summary from state sync [3msequence_number[0m[2m=[0m389
[2m2025-03-25T07:55:59.847785Z[0m [32m INFO[0m [1mnode[0m[1m{[0m[3mname[0m[2m=[0mk#8dcff6d1..[1m}[0m[2m:[0m [2msui_core::checkpoints::checkpoint_executor[0m[2m:[0m [2mcrates/sui-core/src/checkpoints/checkpoint_executor/mod.rs[0m[2m:[0m[2m332:[0m Received checkpoint summary from state sync [3msequence_number[0m[2m=[0m390
[2m2025-03-25T07:55:59.847822Z[0m [32m INFO[0m [1mnode[0m[1m{[0m[3mname[0m[2m=[0mk#8dcff6d1..[1m}[0m[2m:[0m [2msui_core::checkpoints::checkpoint_executor[0m[2m:[0m [2mcrates/sui-core/src/checkpoints/checkpoint_executor/mod.rs[0m[2m:[0m[2m332:[0m Received checkpoint summary from state sync [3msequence_number[0m[2m=[0m391
[2m2025-03-25T07:55:59.847859Z[0m [32m INFO[0m [1mnode[0m[1m{[0m[3mname[0m[2m=[0mk#8dcff6d1..[1m}[0m[2m:[0m [2msui_core::checkpoints::checkpoint_executor[0m[2m:[0m [2mcrates/sui-core/src/checkpoints/checkpoint_executor/mod.rs[0m[2m:[0m[2m332:[0m Received checkpoint summary from state sync [3msequence_number[0m[2m=[0m392
[2m2025-03-25T07:55:59.847897Z[0m [32m INFO[0m [1mnode[0m[1m{[0m[3mname[0m[2m=[0mk#8dcff6d1..[1m}[0m[2m:[0m [2msui_core::checkpoints::checkpoint_executor[0m[2m:[0m [2mcrates/sui-core/src/checkpoints/checkpoint_executor/mod.rs[0m[2m:[0m[2m332:[0m Received checkpoint summary from state sync [3msequence_number[0m[2m=[0m393
[2m2025-03-25T07:55:59.847934Z[0m [32m INFO[0m [1mnode[0m[1m{[0m[3mname[0m[2m=[0mk#8dcff6d1..[1m}[0m[2m:[0m [2msui_core::checkpoints::checkpoint_executor[0m[2m:[0m [2mcrates/sui-core/src/checkpoints/checkpoint_executor/mod.rs[0m[2m:[0m[2m332:[0m Received checkpoint summary from state sync [3msequence_number[0m[2m=[0m394
[2m2025-03-25T07:55:59.847972Z[0m [32m INFO[0m [1mnode[0m[1m{[0m[3mname[0m[2m=[0mk#8dcff6d1..[1m}[0m[2m:[0m [2msui_core::checkpoints::checkpoint_executor[0m[2m:[0m [2mcrates/sui-core/src/checkpoints/checkpoint_executor/mod.rs[0m[2m:[0m[2m332:[0m Received checkpoint summary from state sync [3msequence_number[0m[2m=[0m395
[2m2025-03-25T07:55:59.848009Z[0m [32m INFO[0m [1mnode[0m[1m{[0m[3mname[0m[2m=[0mk#8dcff6d1..[1m}[0m[2m:[0m [2msui_core::checkpoints::checkpoint_executor[0m[2m:[0m [2mcrates/sui-core/src/checkpoints/checkpoint_executor/mod.rs[0m[2m:[0m[2m332:[0m Received checkpoint summary from state sync [3msequence_number[0m[2m=[0m396
[2m2025-03-25T07:55:59.848046Z[0m [32m INFO[0m [1mnode[0m[1m{[0m[3mname[0m[2m=[0mk#8dcff6d1..[1m}[0m[2m:[0m [2msui_core::checkpoints::checkpoint_executor[0m[2m:[0m [2mcrates/sui-core/src/checkpoints/checkpoint_executor/mod.rs[0m[2m:[0m[2m332:[0m Received checkpoint summary from state sync [3msequence_number[0m[2m=[0m397
[2m2025-03-25T07:55:59.848083Z[0m [32m INFO[0m [1mnode[0m[1m{[0m[3mname[0m[2m=[0mk#8dcff6d1..[1m}[0m[2m:[0m [2msui_core::checkpoints::checkpoint_executor[0m[2m:[0m [2mcrates/sui-core/src/checkpoints/checkpoint_executor/mod.rs[0m[2m:[0m[2m332:[0m Received checkpoint summary from state sync [3msequence_number[0m[2m=[0m398
[2m2025-03-25T07:55:59.848120Z[0m [32m INFO[0m [1mnode[0m[1m{[0m[3mname[0m[2m=[0mk#8dcff6d1..[1m}[0m[2m:[0m [2msui_core::checkpoints::checkpoint_executor[0m[2m:[0m [2mcrates/sui-core/src/checkpoints/checkpoint_executor/mod.rs[0m[2m:[0m[2m332:[0m Received checkpoint summary from state sync [3msequence_number[0m[2m=[0m399
[2m2025-03-25T07:55:59.848159Z[0m [32m INFO[0m [1mnode[0m[1m{[0m[3mname[0m[2m=[0mk#8dcff6d1..[1m}[0m[2m:[0m [2msui_core::checkpoints::checkpoint_executor[0m[2m:[0m [2mcrates/sui-core/src/checkpoints/checkpoint_executor/mod.rs[0m[2m:[0m[2m332:[0m Received checkpoint summary from state sync [3msequence_number[0m[2m=[0m400
[2m2025-03-25T07:55:59.848196Z[0m [32m INFO[0m [1mnode[0m[1m{[0m[3mname[0m[2m=[0mk#8dcff6d1..[1m}[0m[2m:[0m [2msui_core::checkpoints::checkpoint_executor[0m[2m:[0m [2mcrates/sui-core/src/checkpoints/checkpoint_executor/mod.rs[0m[2m:[0m[2m332:[0m Received checkpoint summary from state sync [3msequence_number[0m[2m=[0m401
[2m2025-03-25T07:55:59.848234Z[0m [32m INFO[0m [1mnode[0m[1m{[0m[3mname[0m[2m=[0mk#8dcff6d1..[1m}[0m[2m:[0m [2msui_core::checkpoints::checkpoint_executor[0m[2m:[0m [2mcrates/sui-core/src/checkpoints/checkpoint_executor/mod.rs[0m[2m:[0m[2m332:[0m Received checkpoint summary from state sync [3msequence_number[0m[2m=[0m402
[2m2025-03-25T07:55:59.848272Z[0m [32m INFO[0m [1mnode[0m[1m{[0m[3mname[0m[2m=[0mk#8dcff6d1..[1m}[0m[2m:[0m [2msui_core::checkpoints::checkpoint_executor[0m[2m:[0m [2mcrates/sui-core/src/checkpoints/checkpoint_executor/mod.rs[0m[2m:[0m[2m332:[0m Received checkpoint summary from state sync [3msequence_number[0m[2m=[0m403
[2m2025-03-25T07:55:59.848308Z[0m [32m INFO[0m [1mnode[0m[1m{[0m[3mname[0m[2m=[0mk#8dcff6d1..[1m}[0m[2m:[0m [2msui_core::checkpoints::checkpoint_executor[0m[2m:[0m [2mcrates/sui-core/src/checkpoints/checkpoint_executor/mod.rs[0m[2m:[0m[2m332:[0m Received checkpoint summary from state sync [3msequence_number[0m[2m=[0m404
[2m2025-03-25T07:55:59.848346Z[0m [32m INFO[0m [1mnode[0m[1m{[0m[3mname[0m[2m=[0mk#8dcff6d1..[1m}[0m[2m:[0m [2msui_core::checkpoints::checkpoint_executor[0m[2m:[0m [2mcrates/sui-core/src/checkpoints/checkpoint_executor/mod.rs[0m[2m:[0m[2m332:[0m Received checkpoint summary from state sync [3msequence_number[0m[2m=[0m405
[2m2025-03-25T07:55:59.848383Z[0m [32m INFO[0m [1mnode[0m[1m{[0m[3mname[0m[2m=[0mk#8dcff6d1..[1m}[0m[2m:[0m [2msui_core::checkpoints::checkpoint_executor[0m[2m:[0m [2mcrates/sui-core/src/checkpoints/checkpoint_executor/mod.rs[0m[2m:[0m[2m332:[0m Received checkpoint summary from state sync [3msequence_number[0m[2m=[0m406
[2m2025-03-25T07:55:59.848422Z[0m [32m INFO[0m [1mnode[0m[1m{[0m[3mname[0m[2m=[0mk#8dcff6d1..[1m}[0m[2m:[0m [2msui_core::checkpoints::checkpoint_executor[0m[2m:[0m [2mcrates/sui-core/src/checkpoints/checkpoint_executor/mod.rs[0m[2m:[0m[2m332:[0m Received checkpoint summary from state sync [3msequence_number[0m[2m=[0m407
[2m2025-03-25T07:55:59.848459Z[0m [32m INFO[0m [1mnode[0m[1m{[0m[3mname[0m[2m=[0mk#8dcff6d1..[1m}[0m[2m:[0m [2msui_core::checkpoints::checkpoint_executor[0m[2m:[0m [2mcrates/sui-core/src/checkpoints/checkpoint_executor/mod.rs[0m[2m:[0m[2m332:[0m Received checkpoint summary from state sync [3msequence_number[0m[2m=[0m408
[2m2025-03-25T07:55:59.848498Z[0m [32m INFO[0m [1mnode[0m[1m{[0m[3mname[0m[2m=[0mk#8dcff6d1..[1m}[0m[2m:[0m [2msui_core::checkpoints::checkpoint_executor[0m[2m:[0m [2mcrates/sui-core/src/checkpoints/checkpoint_executor/mod.rs[0m[2m:[0m[2m332:[0m Received checkpoint summary from state sync [3msequence_number[0m[2m=[0m409
[2m2025-03-25T07:55:59.848535Z[0m [32m INFO[0m [1mnode[0m[1m{[0m[3mname[0m[2m=[0mk#8dcff6d1..[1m}[0m[2m:[0m [2msui_core::checkpoints::checkpoint_executor[0m[2m:[0m [2mcrates/sui-core/src/checkpoints/checkpoint_executor/mod.rs[0m[2m:[0m[2m332:[0m Received checkpoint summary from state sync [3msequence_number[0m[2m=[0m410
[2m2025-03-25T07:55:59.848572Z[0m [32m INFO[0m [1mnode[0m[1m{[0m[3mname[0m[2m=[0mk#8dcff6d1..[1m}[0m[2m:[0m [2msui_core::checkpoints::checkpoint_executor[0m[2m:[0m [2mcrates/sui-core/src/checkpoints/checkpoint_executor/mod.rs[0m[2m:[0m[2m332:[0m Received checkpoint summary from state sync [3msequence_number[0m[2m=[0m411
[2m2025-03-25T07:55:59.848609Z[0m [32m INFO[0m [1mnode[0m[1m{[0m[3mname[0m[2m=[0mk#8dcff6d1..[1m}[0m[2m:[0m [2msui_core::checkpoints::checkpoint_executor[0m[2m:[0m [2mcrates/sui-core/src/checkpoints/checkpoint_executor/mod.rs[0m[2m:[0m[2m332:[0m Received checkpoint summary from state sync [3msequence_number[0m[2m=[0m412
[2m2025-03-25T07:55:59.848646Z[0m [32m INFO[0m [1mnode[0m[1m{[0m[3mname[0m[2m=[0mk#8dcff6d1..[1m}[0m[2m:[0m [2msui_core::checkpoints::checkpoint_executor[0m[2m:[0m [2mcrates/sui-core/src/checkpoints/checkpoint_executor/mod.rs[0m[2m:[0m[2m332:[0m Received checkpoint summary from state sync [3msequence_number[0m[2m=[0m413
[2m2025-03-25T07:55:59.848684Z[0m [32m INFO[0m [1mnode[0m[1m{[0m[3mname[0m[2m=[0mk#8dcff6d1..[1m}[0m[2m:[0m [2msui_core::checkpoints::checkpoint_executor[0m[2m:[0m [2mcrates/sui-core/src/checkpoints/checkpoint_executor/mod.rs[0m[2m:[0m[2m332:[0m Received checkpoint summary from state sync [3msequence_number[0m[2m=[0m414
[2m2025-03-25T07:55:59.848721Z[0m [32m INFO[0m [1mnode[0m[1m{[0m[3mname[0m[2m=[0mk#8dcff6d1..[1m}[0m[2m:[0m [2msui_core::checkpoints::checkpoint_executor[0m[2m:[0m [2mcrates/sui-core/src/checkpoints/checkpoint_executor/mod.rs[0m[2m:[0m[2m332:[0m Received checkpoint summary from state sync [3msequence_number[0m[2m=[0m415
[2m2025-03-25T07:55:59.848759Z[0m [32m INFO[0m [1mnode[0m[1m{[0m[3mname[0m[2m=[0mk#8dcff6d1..[1m}[0m[2m:[0m [2msui_core::checkpoints::checkpoint_executor[0m[2m:[0m [2mcrates/sui-core/src/checkpoints/checkpoint_executor/mod.rs[0m[2m:[0m[2m332:[0m Received checkpoint summary from state sync [3msequence_number[0m[2m=[0m416
[2m2025-03-25T07:55:59.848796Z[0m [32m INFO[0m [1mnode[0m[1m{[0m[3mname[0m[2m=[0mk#8dcff6d1..[1m}[0m[2m:[0m [2msui_core::checkpoints::checkpoint_executor[0m[2m:[0m [2mcrates/sui-core/src/checkpoints/checkpoint_executor/mod.rs[0m[2m:[0m[2m332:[0m Received checkpoint summary from state sync [3msequence_number[0m[2m=[0m417
[2m2025-03-25T07:55:59.848833Z[0m [32m INFO[0m [1mnode[0m[1m{[0m[3mname[0m[2m=[0mk#8dcff6d1..[1m}[0m[2m:[0m [2msui_core::checkpoints::checkpoint_executor[0m[2m:[0m [2mcrates/sui-core/src/checkpoints/checkpoint_executor/mod.rs[0m[2m:[0m[2m332:[0m Received checkpoint summary from state sync [3msequence_number[0m[2m=[0m418
[2m2025-03-25T07:55:59.848870Z[0m [32m INFO[0m [1mnode[0m[1m{[0m[3mname[0m[2m=[0mk#8dcff6d1..[1m}[0m[2m:[0m [2msui_core::checkpoints::checkpoint_executor[0m[2m:[0m [2mcrates/sui-core/src/checkpoints/checkpoint_executor/mod.rs[0m[2m:[0m[2m332:[0m Received checkpoint summary from state sync [3msequence_number[0m[2m=[0m419
[2m2025-03-25T07:55:59.848908Z[0m [32m INFO[0m [1mnode[0m[1m{[0m[3mname[0m[2m=[0mk#8dcff6d1..[1m}[0m[2m:[0m [2msui_core::checkpoints::checkpoint_executor[0m[2m:[0m [2mcrates/sui-core/src/checkpoints/checkpoint_executor/mod.rs[0m[2m:[0m[2m332:[0m Received checkpoint summary from state sync [3msequence_number[0m[2m=[0m420
[2m2025-03-25T07:55:59.848945Z[0m [32m INFO[0m [1mnode[0m[1m{[0m[3mname[0m[2m=[0mk#8dcff6d1..[1m}[0m[2m:[0m [2msui_core::checkpoints::checkpoint_executor[0m[2m:[0m [2mcrates/sui-core/src/checkpoints/checkpoint_executor/mod.rs[0m[2m:[0m[2m332:[0m Received checkpoint summary from state sync [3msequence_number[0m[2m=[0m421
[2m2025-03-25T07:55:59.848982Z[0m [32m INFO[0m [1mnode[0m[1m{[0m[3mname[0m[2m=[0mk#8dcff6d1..[1m}[0m[2m:[0m [2msui_core::checkpoints::checkpoint_executor[0m[2m:[0m [2mcrates/sui-core/src/checkpoints/checkpoint_executor/mod.rs[0m[2m:[0m[2m332:[0m Received checkpoint summary from state sync [3msequence_number[0m[2m=[0m422
[2m2025-03-25T07:55:59.849018Z[0m [32m INFO[0m [1mnode[0m[1m{[0m[3mname[0m[2m=[0mk#8dcff6d1..[1m}[0m[2m:[0m [2msui_core::checkpoints::checkpoint_executor[0m[2m:[0m [2mcrates/sui-core/src/checkpoints/checkpoint_executor/mod.rs[0m[2m:[0m[2m332:[0m Received checkpoint summary from state sync [3msequence_number[0m[2m=[0m423
[2m2025-03-25T07:55:59.849057Z[0m [32m INFO[0m [1mnode[0m[1m{[0m[3mname[0m[2m=[0mk#8dcff6d1..[1m}[0m[2m:[0m [2msui_core::checkpoints::checkpoint_executor[0m[2m:[0m [2mcrates/sui-core/src/checkpoints/checkpoint_executor/mod.rs[0m[2m:[0m[2m332:[0m Received checkpoint summary from state sync [3msequence_number[0m[2m=[0m424
[2m2025-03-25T07:55:59.849094Z[0m [32m INFO[0m [1mnode[0m[1m{[0m[3mname[0m[2m=[0mk#8dcff6d1..[1m}[0m[2m:[0m [2msui_core::checkpoints::checkpoint_executor[0m[2m:[0m [2mcrates/sui-core/src/checkpoints/checkpoint_executor/mod.rs[0m[2m:[0m[2m332:[0m Received checkpoint summary from state sync [3msequence_number[0m[2m=[0m425
[2m2025-03-25T07:55:59.849131Z[0m [32m INFO[0m [1mnode[0m[1m{[0m[3mname[0m[2m=[0mk#8dcff6d1..[1m}[0m[2m:[0m [2msui_core::checkpoints::checkpoint_executor[0m[2m:[0m [2mcrates/sui-core/src/checkpoints/checkpoint_executor/mod.rs[0m[2m:[0m[2m332:[0m Received checkpoint summary from state sync [3msequence_number[0m[2m=[0m426
[2m2025-03-25T07:55:59.849169Z[0m [32m INFO[0m [1mnode[0m[1m{[0m[3mname[0m[2m=[0mk#8dcff6d1..[1m}[0m[2m:[0m [2msui_core::checkpoints::checkpoint_executor[0m[2m:[0m [2mcrates/sui-core/src/checkpoints/checkpoint_executor/mod.rs[0m[2m:[0m[2m332:[0m Received checkpoint summary from state sync [3msequence_number[0m[2m=[0m427
[2m2025-03-25T07:55:59.849207Z[0m [32m INFO[0m [1mnode[0m[1m{[0m[3mname[0m[2m=[0mk#8dcff6d1..[1m}[0m[2m:[0m [2msui_core::checkpoints::checkpoint_executor[0m[2m:[0m [2mcrates/sui-core/src/checkpoints/checkpoint_executor/mod.rs[0m[2m:[0m[2m332:[0m Received checkpoint summary from state sync [3msequence_number[0m[2m=[0m428
[2m2025-03-25T07:55:59.849243Z[0m [32m INFO[0m [1mnode[0m[1m{[0m[3mname[0m[2m=[0mk#8dcff6d1..[1m}[0m[2m:[0m [2msui_core::checkpoints::checkpoint_executor[0m[2m:[0m [2mcrates/sui-core/src/checkpoints/checkpoint_executor/mod.rs[0m[2m:[0m[2m332:[0m Received checkpoint summary from state sync [3msequence_number[0m[2m=[0m429
[2m2025-03-25T07:55:59.849280Z[0m [32m INFO[0m [1mnode[0m[1m{[0m[3mname[0m[2m=[0mk#8dcff6d1..[1m}[0m[2m:[0m [2msui_core::checkpoints::checkpoint_executor[0m[2m:[0m [2mcrates/sui-core/src/checkpoints/checkpoint_executor/mod.rs[0m[2m:[0m[2m332:[0m Received checkpoint summary from state sync [3msequence_number[0m[2m=[0m430
[2m2025-03-25T07:55:59.849317Z[0m [32m INFO[0m [1mnode[0m[1m{[0m[3mname[0m[2m=[0mk#8dcff6d1..[1m}[0m[2m:[0m [2msui_core::checkpoints::checkpoint_executor[0m[2m:[0m [2mcrates/sui-core/src/checkpoints/checkpoint_executor/mod.rs[0m[2m:[0m[2m332:[0m Received checkpoint summary from state sync [3msequence_number[0m[2m=[0m431
[2m2025-03-25T07:55:59.849353Z[0m [32m INFO[0m [1mnode[0m[1m{[0m[3mname[0m[2m=[0mk#8dcff6d1..[1m}[0m[2m:[0m [2msui_core::checkpoints::checkpoint_executor[0m[2m:[0m [2mcrates/sui-core/src/checkpoints/checkpoint_executor/mod.rs[0m[2m:[0m[2m332:[0m Received checkpoint summary from state sync [3msequence_number[0m[2m=[0m432
[2m2025-03-25T07:55:59.849390Z[0m [32m INFO[0m [1mnode[0m[1m{[0m[3mname[0m[2m=[0mk#8dcff6d1..[1m}[0m[2m:[0m [2msui_core::checkpoints::checkpoint_executor[0m[2m:[0m [2mcrates/sui-core/src/checkpoints/checkpoint_executor/mod.rs[0m[2m:[0m[2m332:[0m Received checkpoint summary from state sync [3msequence_number[0m[2m=[0m433
[2m2025-03-25T07:55:59.849428Z[0m [32m INFO[0m [1mnode[0m[1m{[0m[3mname[0m[2m=[0mk#8dcff6d1..[1m}[0m[2m:[0m [2msui_core::checkpoints::checkpoint_executor[0m[2m:[0m [2mcrates/sui-core/src/checkpoints/checkpoint_executor/mod.rs[0m[2m:[0m[2m332:[0m Received checkpoint summary from state sync [3msequence_number[0m[2m=[0m434
[2m2025-03-25T07:55:59.849466Z[0m [32m INFO[0m [1mnode[0m[1m{[0m[3mname[0m[2m=[0mk#8dcff6d1..[1m}[0m[2m:[0m [2msui_core::checkpoints::checkpoint_executor[0m[2m:[0m [2mcrates/sui-core/src/checkpoints/checkpoint_executor/mod.rs[0m[2m:[0m[2m332:[0m Received checkpoint summary from state sync [3msequence_number[0m[2m=[0m435
[2m2025-03-25T07:55:59.850342Z[0m [32m INFO[0m [1mnode[0m[1m{[0m[3mname[0m[2m=[0mk#8dcff6d1..[1m}[0m[2m:[0m [2msui_core::state_accumulator[0m[2m:[0m [2mcrates/sui-core/src/state_accumulator.rs[0m[2m:[0m[2m675:[0m accumulating running root for checkpoint 435
[2m2025-03-25T07:55:59.954528Z[0m [32m INFO[0m [1mnode[0m[1m{[0m[3mname[0m[2m=[0mk#b3f3cbb4..[1m}[0m[2m:[0m[1mjson-rpc-request[0m[2m:[0m[1mdev_inspect_transaction_block[0m[1m{[0m[3msender_address[0m[2m=[0m0x0000000000000000000000000000000000000000000000000000000000000000 [3mtx_bytes[0m[2m=[0mBase64("AAMBAQAAAAAAAAAAAAAAAAAAAAAAAAAAAAAAAAAAAAAAAAAJAQAAAAAAAAABAAEMAAgAAAAAAAAAAAEAAAAAAAAAAAAAAAAAAAAAAAAAAAAAAAAAAAAAAAAAAAsGYnJpZGdlIGdldF90b2tlbl90cmFuc2Zlcl9hY3Rpb25fc3RhdHVzAAMBAAABAQABAgA=") [3mgas_price[0m[2m=[0mNone [3m_epoch[0m[2m=[0mNone [3madditional_args[0m[2m=[0mNone[1m}[0m[2m:[0m [2msui_json_rpc::transaction_execution_api[0m[2m:[0m [2mcrates/sui-json-rpc/src/transaction_execution_api.rs[0m[2m:[0m[2m351:[0m RPC took longer than threshold to complete. [3melapsed[0m[2m=[0m1.5444625s
[2m2025-03-25T07:55:59.955384Z[0m [32m INFO[0m [2msui_bridge::e2e_tests::test_utils[0m[2m:[0m [2mcrates/sui-bridge/src/e2e_tests/test_utils.rs[0m[2m:[0m[2m1452:[0m get_token_transfer_action_onchain_status_until_success took 2.2742895s, status: NotFound
[2m2025-03-25T07:55:59.957564Z[0m [32m INFO[0m [1mnode[0m[1m{[0m[3mname[0m[2m=[0mk#b3f3cbb4..[1m}[0m[2m:[0m [2msui_core::state_accumulator[0m[2m:[0m [2mcrates/sui-core/src/state_accumulator.rs[0m[2m:[0m[2m675:[0m accumulating running root for checkpoint 396
[2m2025-03-25T07:55:59.957853Z[0m [32m INFO[0m [1mnode[0m[1m{[0m[3mname[0m[2m=[0mk#b3f3cbb4..[1m}[0m[2m:[0m [2msui_core::checkpoints::checkpoint_executor[0m[2m:[0m [2mcrates/sui-core/src/checkpoints/checkpoint_executor/mod.rs[0m[2m:[0m[2m332:[0m Received checkpoint summary from state sync [3msequence_number[0m[2m=[0m404
[2m2025-03-25T07:56:00.043679Z[0m [32m INFO[0m [1mnode[0m[1m{[0m[3mname[0m[2m=[0mk#b3f3cbb4..[1m}[0m[2m:[0m [2msui_core::checkpoints::checkpoint_executor[0m[2m:[0m [2mcrates/sui-core/src/checkpoints/checkpoint_executor/mod.rs[0m[2m:[0m[2m332:[0m Received checkpoint summary from state sync [3msequence_number[0m[2m=[0m405
[2m2025-03-25T07:56:00.050425Z[0m [32m INFO[0m [1mnode[0m[1m{[0m[3mname[0m[2m=[0mk#b3f3cbb4..[1m}[0m[2m:[0m [2msui_core::state_accumulator[0m[2m:[0m [2mcrates/sui-core/src/state_accumulator.rs[0m[2m:[0m[2m675:[0m accumulating running root for checkpoint 397
[2m2025-03-25T07:56:00.062406Z[0m [32m INFO[0m [1mnode[0m[1m{[0m[3mname[0m[2m=[0mk#addeef94..[1m}[0m[2m:[0m [2mconsensus_core::core[0m[2m:[0m [2mconsensus/core/src/core.rs[0m[2m:[0m[2m945:[0m Included 3 ancestors & excluded 0 ancestors for proposal in round 236
[2m2025-03-25T07:56:00.062759Z[0m [32m INFO[0m [1mnode[0m[1m{[0m[3mname[0m[2m=[0mk#addeef94..[1m}[0m[2m:[0m [2mconsensus_core::core[0m[2m:[0m [2mconsensus/core/src/core.rs[0m[2m:[0m[2m531:[0m Created block B236(C,NHbx8jpc5XL+LmZsvngJNpQvtH5BL3O/QoWCdPVNcgQ=)(1742889360062ms;[B235(C,7M4kfAEPFu5WdSqDWPHqMKyftOgrAo0bcpqqURBb36A=), B235(A,XlCOkX0cn/fpWDg0lX7Ij2lMWb3c+L6ppCleYxvJ8OU=), B235(B,hwKfvzXwDzFLAwQ+mFU7JV1l4jaWjBLDHhCw46O6ArA=)];1t;1c) for round 236
[2m2025-03-25T07:56:00.062950Z[0m [32m INFO[0m [1mnode[0m[1m{[0m[3mname[0m[2m=[0mk#99f25ef6..[1m}[0m[2m:[0m [2mconsensus_core::core[0m[2m:[0m [2mconsensus/core/src/core.rs[0m[2m:[0m[2m945:[0m Included 3 ancestors & excluded 0 ancestors for proposal in round 236
[2m2025-03-25T07:56:00.063258Z[0m [32m INFO[0m [1mnode[0m[1m{[0m[3mname[0m[2m=[0mk#99f25ef6..[1m}[0m[2m:[0m [2mconsensus_core::core[0m[2m:[0m [2mconsensus/core/src/core.rs[0m[2m:[0m[2m531:[0m Created block B236(B,A2M5aMLD16/anDvCFlwmHrF+1RPQAfFcj1bP4CEhdw0=)(1742889360063ms;[B235(B,hwKfvzXwDzFLAwQ+mFU7JV1l4jaWjBLDHhCw46O6ArA=), B235(A,XlCOkX0cn/fpWDg0lX7Ij2lMWb3c+L6ppCleYxvJ8OU=), B235(C,7M4kfAEPFu5WdSqDWPHqMKyftOgrAo0bcpqqURBb36A=)];2t;1c) for round 236
[2m2025-03-25T07:56:00.064357Z[0m [32m INFO[0m [1mnode[0m[1m{[0m[3mname[0m[2m=[0mk#8dcff6d1..[1m}[0m[2m:[0m [2mconsensus_core::core[0m[2m:[0m [2mconsensus/core/src/core.rs[0m[2m:[0m[2m945:[0m Included 3 ancestors & excluded 0 ancestors for proposal in round 236
[2m2025-03-25T07:56:00.064627Z[0m [32m INFO[0m [1mnode[0m[1m{[0m[3mname[0m[2m=[0mk#8dcff6d1..[1m}[0m[2m:[0m [2mconsensus_core::core[0m[2m:[0m [2mconsensus/core/src/core.rs[0m[2m:[0m[2m531:[0m Created block B236(A,JmMczGNOxO6P0qeQu2tCSgA0YKqs1GWrQdDQOsk2Rdw=)(1742889360064ms;[B235(A,XlCOkX0cn/fpWDg0lX7Ij2lMWb3c+L6ppCleYxvJ8OU=), B235(B,hwKfvzXwDzFLAwQ+mFU7JV1l4jaWjBLDHhCw46O6ArA=), B235(C,7M4kfAEPFu5WdSqDWPHqMKyftOgrAo0bcpqqURBb36A=)];1t;1c) for round 236
[2m2025-03-25T07:56:00.064768Z[0m [32m INFO[0m [1mnode[0m[1m{[0m[3mname[0m[2m=[0mk#8dcff6d1..[1m}[0m[2m:[0m [2mconsensus_core::core[0m[2m:[0m [2mconsensus/core/src/core.rs[0m[2m:[0m[2m630:[0m Committing 1 leaders: B234(C,TMlg)
[2m2025-03-25T07:56:00.064856Z[0m [32m INFO[0m [1mnode[0m[1m{[0m[3mname[0m[2m=[0mk#8dcff6d1..[1m}[0m[2m:[0m [2mconsensus_core::commit_observer[0m[2m:[0m [2mconsensus/core/src/commit_observer.rs[0m[2m:[0m[2m173:[0m Consensus commit C224(8q34) with leader B234(C,TMlg) has 3 blocks
[2m2025-03-25T07:56:00.064864Z[0m [32m INFO[0m [1mnode[0m[1m{[0m[3mname[0m[2m=[0mk#99f25ef6..[1m}[0m[2m:[0m [2mconsensus_core::core[0m[2m:[0m [2mconsensus/core/src/core.rs[0m[2m:[0m[2m630:[0m Committing 1 leaders: B234(C,TMlg)
[2m2025-03-25T07:56:00.064948Z[0m [32m INFO[0m [1mnode[0m[1m{[0m[3mname[0m[2m=[0mk#99f25ef6..[1m}[0m[2m:[0m [2mconsensus_core::commit_observer[0m[2m:[0m [2mconsensus/core/src/commit_observer.rs[0m[2m:[0m[2m173:[0m Consensus commit C224(8q34) with leader B234(C,TMlg) has 3 blocks
[2m2025-03-25T07:56:00.065023Z[0m [32m INFO[0m [1mnode[0m[1m{[0m[3mname[0m[2m=[0mk#99f25ef6..[1m}[0m[2m:[0m [2msui_core::consensus_handler[0m[2m:[0m [2mcrates/sui-core/src/consensus_handler.rs[0m[2m:[0m[2m232:[0m Received consensus output [3mconsensus_commit[0m[2m=[0mCommittedSubDag(leader=B234(C,TMlg), ref=C224(8q34), blocks=[CJmL, MBLE, TMlg]) [3mepoch[0m[2m=[0m1
[2m2025-03-25T07:56:00.065157Z[0m [32m INFO[0m [1mnode[0m[1m{[0m[3mname[0m[2m=[0mk#8dcff6d1..[1m}[0m[2m:[0m [2msui_core::consensus_handler[0m[2m:[0m [2mcrates/sui-core/src/consensus_handler.rs[0m[2m:[0m[2m232:[0m Received consensus output [3mconsensus_commit[0m[2m=[0mCommittedSubDag(leader=B234(C,TMlg), ref=C224(8q34), blocks=[CJmL, MBLE, TMlg]) [3mepoch[0m[2m=[0m1
[2m2025-03-25T07:56:00.065257Z[0m [32m INFO[0m [1mnode[0m[1m{[0m[3mname[0m[2m=[0mk#addeef94..[1m}[0m[2m:[0m [2mconsensus_core::core[0m[2m:[0m [2mconsensus/core/src/core.rs[0m[2m:[0m[2m630:[0m Committing 1 leaders: B234(C,TMlg)
[2m2025-03-25T07:56:00.065339Z[0m [32m INFO[0m [1mnode[0m[1m{[0m[3mname[0m[2m=[0mk#addeef94..[1m}[0m[2m:[0m [2mconsensus_core::commit_observer[0m[2m:[0m [2mconsensus/core/src/commit_observer.rs[0m[2m:[0m[2m173:[0m Consensus commit C224(8q34) with leader B234(C,TMlg) has 3 blocks
[2m2025-03-25T07:56:00.065411Z[0m [32m INFO[0m [1mnode[0m[1m{[0m[3mname[0m[2m=[0mk#addeef94..[1m}[0m[2m:[0m [2msui_core::consensus_handler[0m[2m:[0m [2mcrates/sui-core/src/consensus_handler.rs[0m[2m:[0m[2m232:[0m Received consensus output [3mconsensus_commit[0m[2m=[0mCommittedSubDag(leader=B234(C,TMlg), ref=C224(8q34), blocks=[CJmL, MBLE, TMlg]) [3mepoch[0m[2m=[0m1
[2m2025-03-25T07:56:00.109779Z[0m [32m INFO[0m [1mnode[0m[1m{[0m[3mname[0m[2m=[0mk#8dcff6d1..[1m}[0m[2m:[0m [2msui_core::checkpoints[0m[2m:[0m [2mcrates/sui-core/src/checkpoints/mod.rs[0m[2m:[0m[2m1326:[0m Creating checkpoint(s) for 1 transactions [3mnext_checkpoint_seq[0m[2m=[0m437 [3mcheckpoint_timestamp[0m[2m=[0m1742889359352
[2m2025-03-25T07:56:00.109894Z[0m [32m INFO[0m [1mnode[0m[1m{[0m[3mname[0m[2m=[0mk#addeef94..[1m}[0m[2m:[0m [2msui_core::checkpoints[0m[2m:[0m [2mcrates/sui-core/src/checkpoints/mod.rs[0m[2m:[0m[2m1326:[0m Creating checkpoint(s) for 1 transactions [3mnext_checkpoint_seq[0m[2m=[0m437 [3mcheckpoint_timestamp[0m[2m=[0m1742889359352
[2m2025-03-25T07:56:00.110020Z[0m [32m INFO[0m [1mnode[0m[1m{[0m[3mname[0m[2m=[0mk#8dcff6d1..[1m}[0m[2m:[0m [2msui_core::checkpoints::checkpoint_output[0m[2m:[0m [2mcrates/sui-core/src/checkpoints/checkpoint_output.rs[0m[2m:[0m[2m149:[0m Creating checkpoint CheckpointDigest(8qwrW4JntNmFw5nVz2Kd8GhCkJbFRKvGEgcjxN9GPY2j) at epoch 1, sequence 437, previous digest Some(CheckpointDigest(UX3njqfjL2PvWUGLetZZLtVVqS4gnQ24mtePZEpMCjP)), transactions count 1, content digest CheckpointContentsDigest(26k5HFN1Uo9maAaD6gtdtKLk5zxiiTHHbVXSRbrXsYJ5), end_of_epoch_data None
[2m2025-03-25T07:56:00.110066Z[0m [32m INFO[0m [1mnode[0m[1m{[0m[3mname[0m[2m=[0mk#addeef94..[1m}[0m[2m:[0m [2msui_core::checkpoints::checkpoint_output[0m[2m:[0m [2mcrates/sui-core/src/checkpoints/checkpoint_output.rs[0m[2m:[0m[2m149:[0m Creating checkpoint CheckpointDigest(8qwrW4JntNmFw5nVz2Kd8GhCkJbFRKvGEgcjxN9GPY2j) at epoch 1, sequence 437, previous digest Some(CheckpointDigest(UX3njqfjL2PvWUGLetZZLtVVqS4gnQ24mtePZEpMCjP)), transactions count 1, content digest CheckpointContentsDigest(26k5HFN1Uo9maAaD6gtdtKLk5zxiiTHHbVXSRbrXsYJ5), end_of_epoch_data None
[2m2025-03-25T07:56:00.110460Z[0m [32m INFO[0m [1mnode[0m[1m{[0m[3mname[0m[2m=[0mk#99f25ef6..[1m}[0m[2m:[0m [2msui_core::checkpoints[0m[2m:[0m [2mcrates/sui-core/src/checkpoints/mod.rs[0m[2m:[0m[2m1326:[0m Creating checkpoint(s) for 1 transactions [3mnext_checkpoint_seq[0m[2m=[0m437 [3mcheckpoint_timestamp[0m[2m=[0m1742889359352
[2m2025-03-25T07:56:00.110632Z[0m [32m INFO[0m [1mnode[0m[1m{[0m[3mname[0m[2m=[0mk#99f25ef6..[1m}[0m[2m:[0m [2msui_core::checkpoints::checkpoint_output[0m[2m:[0m [2mcrates/sui-core/src/checkpoints/checkpoint_output.rs[0m[2m:[0m[2m149:[0m Creating checkpoint CheckpointDigest(8qwrW4JntNmFw5nVz2Kd8GhCkJbFRKvGEgcjxN9GPY2j) at epoch 1, sequence 437, previous digest Some(CheckpointDigest(UX3njqfjL2PvWUGLetZZLtVVqS4gnQ24mtePZEpMCjP)), transactions count 1, content digest CheckpointContentsDigest(26k5HFN1Uo9maAaD6gtdtKLk5zxiiTHHbVXSRbrXsYJ5), end_of_epoch_data None
[2m2025-03-25T07:56:00.113601Z[0m [32m INFO[0m [1mnode[0m[1m{[0m[3mname[0m[2m=[0mk#8dcff6d1..[1m}[0m[2m:[0m [2msui_core::checkpoints::checkpoint_output[0m[2m:[0m [2mcrates/sui-core/src/checkpoints/checkpoint_output.rs[0m[2m:[0m[2m196:[0m Certified checkpoint with sequence 436 and digest UX3njqfjL2PvWUGLetZZLtVVqS4gnQ24mtePZEpMCjP
[2m2025-03-25T07:56:00.113701Z[0m [32m INFO[0m [1mnode[0m[1m{[0m[3mname[0m[2m=[0mk#99f25ef6..[1m}[0m[2m:[0m [2msui_core::checkpoints::checkpoint_output[0m[2m:[0m [2mcrates/sui-core/src/checkpoints/checkpoint_output.rs[0m[2m:[0m[2m196:[0m Certified checkpoint with sequence 436 and digest UX3njqfjL2PvWUGLetZZLtVVqS4gnQ24mtePZEpMCjP
[2m2025-03-25T07:56:00.116602Z[0m [32m INFO[0m [1mnode[0m[1m{[0m[3mname[0m[2m=[0mk#8dcff6d1..[1m}[0m[2m:[0m [2msui_core::checkpoints::checkpoint_executor[0m[2m:[0m [2mcrates/sui-core/src/checkpoints/checkpoint_executor/mod.rs[0m[2m:[0m[2m332:[0m Received checkpoint summary from state sync [3msequence_number[0m[2m=[0m436
[2m2025-03-25T07:56:00.116609Z[0m [32m INFO[0m [1mnode[0m[1m{[0m[3mname[0m[2m=[0mk#99f25ef6..[1m}[0m[2m:[0m [2msui_core::checkpoints::checkpoint_executor[0m[2m:[0m [2mcrates/sui-core/src/checkpoints/checkpoint_executor/mod.rs[0m[2m:[0m[2m332:[0m Received checkpoint summary from state sync [3msequence_number[0m[2m=[0m436
[2m2025-03-25T07:56:00.135880Z[0m [32m INFO[0m [1mnode[0m[1m{[0m[3mname[0m[2m=[0mk#8dcff6d1..[1m}[0m[2m:[0m [2msui_core::state_accumulator[0m[2m:[0m [2mcrates/sui-core/src/state_accumulator.rs[0m[2m:[0m[2m675:[0m accumulating running root for checkpoint 436
[2m2025-03-25T07:56:00.135880Z[0m [32m INFO[0m [1mnode[0m[1m{[0m[3mname[0m[2m=[0mk#99f25ef6..[1m}[0m[2m:[0m [2msui_core::state_accumulator[0m[2m:[0m [2mcrates/sui-core/src/state_accumulator.rs[0m[2m:[0m[2m675:[0m accumulating running root for checkpoint 436
[2m2025-03-25T07:56:00.147808Z[0m [32m INFO[0m [1mnode[0m[1m{[0m[3mname[0m[2m=[0mk#b3f3cbb4..[1m}[0m[2m:[0m [2msui_core::state_accumulator[0m[2m:[0m [2mcrates/sui-core/src/state_accumulator.rs[0m[2m:[0m[2m675:[0m accumulating running root for checkpoint 398
[2m2025-03-25T07:56:00.148163Z[0m [32m INFO[0m [1mnode[0m[1m{[0m[3mname[0m[2m=[0mk#b3f3cbb4..[1m}[0m[2m:[0m [2msui_core::checkpoints::checkpoint_executor[0m[2m:[0m [2mcrates/sui-core/src/checkpoints/checkpoint_executor/mod.rs[0m[2m:[0m[2m332:[0m Received checkpoint summary from state sync [3msequence_number[0m[2m=[0m406
[2m2025-03-25T07:56:00.148209Z[0m [32m INFO[0m [1mnode[0m[1m{[0m[3mname[0m[2m=[0mk#b3f3cbb4..[1m}[0m[2m:[0m [2msui_core::checkpoints::checkpoint_executor[0m[2m:[0m [2mcrates/sui-core/src/checkpoints/checkpoint_executor/mod.rs[0m[2m:[0m[2m332:[0m Received checkpoint summary from state sync [3msequence_number[0m[2m=[0m407
[2m2025-03-25T07:56:00.148251Z[0m [32m INFO[0m [1mnode[0m[1m{[0m[3mname[0m[2m=[0mk#b3f3cbb4..[1m}[0m[2m:[0m [2msui_core::checkpoints::checkpoint_executor[0m[2m:[0m [2mcrates/sui-core/src/checkpoints/checkpoint_executor/mod.rs[0m[2m:[0m[2m332:[0m Received checkpoint summary from state sync [3msequence_number[0m[2m=[0m408
[2m2025-03-25T07:56:00.180603Z[0m [32m INFO[0m [1mnode[0m[1m{[0m[3mname[0m[2m=[0mk#addeef94..[1m}[0m[2m:[0m [2msui_core::checkpoints::checkpoint_executor[0m[2m:[0m [2mcrates/sui-core/src/checkpoints/checkpoint_executor/mod.rs[0m[2m:[0m[2m332:[0m Received checkpoint summary from state sync [3msequence_number[0m[2m=[0m436
[2m2025-03-25T07:56:00.181883Z[0m [32m INFO[0m [1mnode[0m[1m{[0m[3mname[0m[2m=[0mk#addeef94..[1m}[0m[2m:[0m [2msui_core::state_accumulator[0m[2m:[0m [2mcrates/sui-core/src/state_accumulator.rs[0m[2m:[0m[2m675:[0m accumulating running root for checkpoint 436
[2m2025-03-25T07:56:00.187864Z[0m [32m INFO[0m [1mnode[0m[1m{[0m[3mname[0m[2m=[0mk#b3f3cbb4..[1m}[0m[2m:[0m [2msui_core::checkpoints::checkpoint_executor[0m[2m:[0m [2mcrates/sui-core/src/checkpoints/checkpoint_executor/mod.rs[0m[2m:[0m[2m332:[0m Received checkpoint summary from state sync [3msequence_number[0m[2m=[0m409
[2m2025-03-25T07:56:00.188251Z[0m [32m INFO[0m [1mnode[0m[1m{[0m[3mname[0m[2m=[0mk#b3f3cbb4..[1m}[0m[2m:[0m [2msui_core::state_accumulator[0m[2m:[0m [2mcrates/sui-core/src/state_accumulator.rs[0m[2m:[0m[2m675:[0m accumulating running root for checkpoint 399
[2m2025-03-25T07:56:00.188468Z[0m [32m INFO[0m [1mnode[0m[1m{[0m[3mname[0m[2m=[0mk#b3f3cbb4..[1m}[0m[2m:[0m [2msui_core::checkpoints::checkpoint_executor[0m[2m:[0m [2mcrates/sui-core/src/checkpoints/checkpoint_executor/mod.rs[0m[2m:[0m[2m332:[0m Received checkpoint summary from state sync [3msequence_number[0m[2m=[0m410
[2m2025-03-25T07:56:00.247306Z[0m [33m WARN[0m [1mnode[0m[1m{[0m[3mname[0m[2m=[0mk#99f25ef6..[1m}[0m[2m:[0m[1mjwk_updater_task[0m[1m{[0m[3mepoch[0m[2m=[0m1[1m}[0m[2m:[0m [2msui_node[0m[2m:[0m [2mcrates/sui-node/src/lib.rs[0m[2m:[0m[2m381:[0m Error when fetching JWK for provider Arden JWKRetrievalError
[2m2025-03-25T07:56:00.284263Z[0m [32m INFO[0m [1mnode[0m[1m{[0m[3mname[0m[2m=[0mk#b3f3cbb4..[1m}[0m[2m:[0m [2msui_core::state_accumulator[0m[2m:[0m [2mcrates/sui-core/src/state_accumulator.rs[0m[2m:[0m[2m675:[0m accumulating running root for checkpoint 400
[2m2025-03-25T07:56:00.316193Z[0m [32m INFO[0m [1mnode[0m[1m{[0m[3mname[0m[2m=[0mk#addeef94..[1m}[0m[2m:[0m [2mconsensus_core::core[0m[2m:[0m [2mconsensus/core/src/core.rs[0m[2m:[0m[2m945:[0m Included 3 ancestors & excluded 0 ancestors for proposal in round 237
[2m2025-03-25T07:56:00.316559Z[0m [32m INFO[0m [1mnode[0m[1m{[0m[3mname[0m[2m=[0mk#addeef94..[1m}[0m[2m:[0m [2mconsensus_core::core[0m[2m:[0m [2mconsensus/core/src/core.rs[0m[2m:[0m[2m531:[0m Created block B237(C,Nq0hdNML7JNBG5+qNuh88qNp7t0SuSMycJuSF/QFTgU=)(1742889360316ms;[B236(C,NHbx8jpc5XL+LmZsvngJNpQvtH5BL3O/QoWCdPVNcgQ=), B236(A,JmMczGNOxO6P0qeQu2tCSgA0YKqs1GWrQdDQOsk2Rdw=), B236(B,A2M5aMLD16/anDvCFlwmHrF+1RPQAfFcj1bP4CEhdw0=)];1t;1c) for round 237
[2m2025-03-25T07:56:00.316594Z[0m [32m INFO[0m [1mnode[0m[1m{[0m[3mname[0m[2m=[0mk#8dcff6d1..[1m}[0m[2m:[0m [2mconsensus_core::core[0m[2m:[0m [2mconsensus/core/src/core.rs[0m[2m:[0m[2m945:[0m Included 3 ancestors & excluded 0 ancestors for proposal in round 237
[2m2025-03-25T07:56:00.316902Z[0m [32m INFO[0m [1mnode[0m[1m{[0m[3mname[0m[2m=[0mk#8dcff6d1..[1m}[0m[2m:[0m [2mconsensus_core::core[0m[2m:[0m [2mconsensus/core/src/core.rs[0m[2m:[0m[2m531:[0m Created block B237(A,dqwT7MDhCLqp3wd8++01M2FzQy6RCfFOEnScxmQhNmY=)(1742889360316ms;[B236(A,JmMczGNOxO6P0qeQu2tCSgA0YKqs1GWrQdDQOsk2Rdw=), B236(B,A2M5aMLD16/anDvCFlwmHrF+1RPQAfFcj1bP4CEhdw0=), B236(C,NHbx8jpc5XL+LmZsvngJNpQvtH5BL3O/QoWCdPVNcgQ=)];1t;1c) for round 237
[2m2025-03-25T07:56:00.318171Z[0m [32m INFO[0m [1mnode[0m[1m{[0m[3mname[0m[2m=[0mk#99f25ef6..[1m}[0m[2m:[0m [2mconsensus_core::core[0m[2m:[0m [2mconsensus/core/src/core.rs[0m[2m:[0m[2m945:[0m Included 3 ancestors & excluded 0 ancestors for proposal in round 237
[2m2025-03-25T07:56:00.318464Z[0m [32m INFO[0m [1mnode[0m[1m{[0m[3mname[0m[2m=[0mk#99f25ef6..[1m}[0m[2m:[0m [2mconsensus_core::core[0m[2m:[0m [2mconsensus/core/src/core.rs[0m[2m:[0m[2m531:[0m Created block B237(B,47shZ9nQF8Nj1j5KOuh4pBwytba4BfJ0skneFj/PNbg=)(1742889360318ms;[B236(B,A2M5aMLD16/anDvCFlwmHrF+1RPQAfFcj1bP4CEhdw0=), B236(A,JmMczGNOxO6P0qeQu2tCSgA0YKqs1GWrQdDQOsk2Rdw=), B236(C,NHbx8jpc5XL+LmZsvngJNpQvtH5BL3O/QoWCdPVNcgQ=)];1t;1c) for round 237
[2m2025-03-25T07:56:00.318519Z[0m [32m INFO[0m [1mnode[0m[1m{[0m[3mname[0m[2m=[0mk#8dcff6d1..[1m}[0m[2m:[0m [2mconsensus_core::core[0m[2m:[0m [2mconsensus/core/src/core.rs[0m[2m:[0m[2m630:[0m Committing 1 leaders: B235(A,XlCO)
[2m2025-03-25T07:56:00.318569Z[0m [32m INFO[0m [1mnode[0m[1m{[0m[3mname[0m[2m=[0mk#addeef94..[1m}[0m[2m:[0m [2mconsensus_core::core[0m[2m:[0m [2mconsensus/core/src/core.rs[0m[2m:[0m[2m630:[0m Committing 1 leaders: B235(A,XlCO)
[2m2025-03-25T07:56:00.318599Z[0m [32m INFO[0m [1mnode[0m[1m{[0m[3mname[0m[2m=[0mk#99f25ef6..[1m}[0m[2m:[0m [2mconsensus_core::core[0m[2m:[0m [2mconsensus/core/src/core.rs[0m[2m:[0m[2m630:[0m Committing 1 leaders: B235(A,XlCO)
[2m2025-03-25T07:56:00.318610Z[0m [32m INFO[0m [1mnode[0m[1m{[0m[3mname[0m[2m=[0mk#8dcff6d1..[1m}[0m[2m:[0m [2mconsensus_core::commit_observer[0m[2m:[0m [2mconsensus/core/src/commit_observer.rs[0m[2m:[0m[2m173:[0m Consensus commit C225(7l3k) with leader B235(A,XlCO) has 2 blocks
[2m2025-03-25T07:56:00.318651Z[0m [32m INFO[0m [1mnode[0m[1m{[0m[3mname[0m[2m=[0mk#addeef94..[1m}[0m[2m:[0m [2mconsensus_core::commit_observer[0m[2m:[0m [2mconsensus/core/src/commit_observer.rs[0m[2m:[0m[2m173:[0m Consensus commit C225(7l3k) with leader B235(A,XlCO) has 2 blocks
[2m2025-03-25T07:56:00.318678Z[0m [32m INFO[0m [1mnode[0m[1m{[0m[3mname[0m[2m=[0mk#99f25ef6..[1m}[0m[2m:[0m [2mconsensus_core::commit_observer[0m[2m:[0m [2mconsensus/core/src/commit_observer.rs[0m[2m:[0m[2m173:[0m Consensus commit C225(7l3k) with leader B235(A,XlCO) has 2 blocks
[2m2025-03-25T07:56:00.318730Z[0m [32m INFO[0m [1mnode[0m[1m{[0m[3mname[0m[2m=[0mk#8dcff6d1..[1m}[0m[2m:[0m [2msui_core::consensus_handler[0m[2m:[0m [2mcrates/sui-core/src/consensus_handler.rs[0m[2m:[0m[2m232:[0m Received consensus output [3mconsensus_commit[0m[2m=[0mCommittedSubDag(leader=B235(A,XlCO), ref=C225(7l3k), blocks=[DY/2, XlCO]) [3mepoch[0m[2m=[0m1
[2m2025-03-25T07:56:00.318755Z[0m [32m INFO[0m [1mnode[0m[1m{[0m[3mname[0m[2m=[0mk#addeef94..[1m}[0m[2m:[0m [2msui_core::consensus_handler[0m[2m:[0m [2mcrates/sui-core/src/consensus_handler.rs[0m[2m:[0m[2m232:[0m Received consensus output [3mconsensus_commit[0m[2m=[0mCommittedSubDag(leader=B235(A,XlCO), ref=C225(7l3k), blocks=[DY/2, XlCO]) [3mepoch[0m[2m=[0m1
[2m2025-03-25T07:56:00.318941Z[0m [32m INFO[0m [1mnode[0m[1m{[0m[3mname[0m[2m=[0mk#99f25ef6..[1m}[0m[2m:[0m [2msui_core::consensus_handler[0m[2m:[0m [2mcrates/sui-core/src/consensus_handler.rs[0m[2m:[0m[2m232:[0m Received consensus output [3mconsensus_commit[0m[2m=[0mCommittedSubDag(leader=B235(A,XlCO), ref=C225(7l3k), blocks=[DY/2, XlCO]) [3mepoch[0m[2m=[0m1
[2m2025-03-25T07:56:00.345098Z[0m [32m INFO[0m [1mnode[0m[1m{[0m[3mname[0m[2m=[0mk#addeef94..[1m}[0m[2m:[0m [2msui_core::checkpoints[0m[2m:[0m [2mcrates/sui-core/src/checkpoints/mod.rs[0m[2m:[0m[2m1326:[0m Creating checkpoint(s) for 2 transactions [3mnext_checkpoint_seq[0m[2m=[0m438 [3mcheckpoint_timestamp[0m[2m=[0m1742889359734
[2m2025-03-25T07:56:00.345098Z[0m [32m INFO[0m [1mnode[0m[1m{[0m[3mname[0m[2m=[0mk#8dcff6d1..[1m}[0m[2m:[0m [2msui_core::checkpoints[0m[2m:[0m [2mcrates/sui-core/src/checkpoints/mod.rs[0m[2m:[0m[2m1326:[0m Creating checkpoint(s) for 2 transactions [3mnext_checkpoint_seq[0m[2m=[0m438 [3mcheckpoint_timestamp[0m[2m=[0m1742889359734
[2m2025-03-25T07:56:00.345098Z[0m [32m INFO[0m [1mnode[0m[1m{[0m[3mname[0m[2m=[0mk#99f25ef6..[1m}[0m[2m:[0m [2msui_core::checkpoints[0m[2m:[0m [2mcrates/sui-core/src/checkpoints/mod.rs[0m[2m:[0m[2m1326:[0m Creating checkpoint(s) for 2 transactions [3mnext_checkpoint_seq[0m[2m=[0m438 [3mcheckpoint_timestamp[0m[2m=[0m1742889359734
[2m2025-03-25T07:56:00.345416Z[0m [32m INFO[0m [1mnode[0m[1m{[0m[3mname[0m[2m=[0mk#8dcff6d1..[1m}[0m[2m:[0m [2msui_core::checkpoints::checkpoint_output[0m[2m:[0m [2mcrates/sui-core/src/checkpoints/checkpoint_output.rs[0m[2m:[0m[2m149:[0m Creating checkpoint CheckpointDigest(8ZArVbzWS21Qjgi93QwT2mfJ3V2jfGEfzsE5gDs3UftH) at epoch 1, sequence 438, previous digest Some(CheckpointDigest(8qwrW4JntNmFw5nVz2Kd8GhCkJbFRKvGEgcjxN9GPY2j)), transactions count 2, content digest CheckpointContentsDigest(8AhwcFQJs63A6BfhTc417KxAzChCTLWvfmokJfQYaKSY), end_of_epoch_data None
[2m2025-03-25T07:56:00.345416Z[0m [32m INFO[0m [1mnode[0m[1m{[0m[3mname[0m[2m=[0mk#addeef94..[1m}[0m[2m:[0m [2msui_core::checkpoints::checkpoint_output[0m[2m:[0m [2mcrates/sui-core/src/checkpoints/checkpoint_output.rs[0m[2m:[0m[2m149:[0m Creating checkpoint CheckpointDigest(8ZArVbzWS21Qjgi93QwT2mfJ3V2jfGEfzsE5gDs3UftH) at epoch 1, sequence 438, previous digest Some(CheckpointDigest(8qwrW4JntNmFw5nVz2Kd8GhCkJbFRKvGEgcjxN9GPY2j)), transactions count 2, content digest CheckpointContentsDigest(8AhwcFQJs63A6BfhTc417KxAzChCTLWvfmokJfQYaKSY), end_of_epoch_data None
[2m2025-03-25T07:56:00.345416Z[0m [32m INFO[0m [1mnode[0m[1m{[0m[3mname[0m[2m=[0mk#99f25ef6..[1m}[0m[2m:[0m [2msui_core::checkpoints::checkpoint_output[0m[2m:[0m [2mcrates/sui-core/src/checkpoints/checkpoint_output.rs[0m[2m:[0m[2m149:[0m Creating checkpoint CheckpointDigest(8ZArVbzWS21Qjgi93QwT2mfJ3V2jfGEfzsE5gDs3UftH) at epoch 1, sequence 438, previous digest Some(CheckpointDigest(8qwrW4JntNmFw5nVz2Kd8GhCkJbFRKvGEgcjxN9GPY2j)), transactions count 2, content digest CheckpointContentsDigest(8AhwcFQJs63A6BfhTc417KxAzChCTLWvfmokJfQYaKSY), end_of_epoch_data None
[2m2025-03-25T07:56:00.348507Z[0m [32m INFO[0m [1mnode[0m[1m{[0m[3mname[0m[2m=[0mk#8dcff6d1..[1m}[0m[2m:[0m [2msui_core::checkpoints::checkpoint_output[0m[2m:[0m [2mcrates/sui-core/src/checkpoints/checkpoint_output.rs[0m[2m:[0m[2m196:[0m Certified checkpoint with sequence 437 and digest 8qwrW4JntNmFw5nVz2Kd8GhCkJbFRKvGEgcjxN9GPY2j
[2m2025-03-25T07:56:00.348511Z[0m [32m INFO[0m [1mnode[0m[1m{[0m[3mname[0m[2m=[0mk#99f25ef6..[1m}[0m[2m:[0m [2msui_core::checkpoints::checkpoint_output[0m[2m:[0m [2mcrates/sui-core/src/checkpoints/checkpoint_output.rs[0m[2m:[0m[2m196:[0m Certified checkpoint with sequence 437 and digest 8qwrW4JntNmFw5nVz2Kd8GhCkJbFRKvGEgcjxN9GPY2j
[2m2025-03-25T07:56:00.348938Z[0m [32m INFO[0m [1mnode[0m[1m{[0m[3mname[0m[2m=[0mk#99f25ef6..[1m}[0m[2m:[0m [2msui_core::checkpoints::checkpoint_executor[0m[2m:[0m [2mcrates/sui-core/src/checkpoints/checkpoint_executor/mod.rs[0m[2m:[0m[2m332:[0m Received checkpoint summary from state sync [3msequence_number[0m[2m=[0m437
[2m2025-03-25T07:56:00.348938Z[0m [32m INFO[0m [1mnode[0m[1m{[0m[3mname[0m[2m=[0mk#8dcff6d1..[1m}[0m[2m:[0m [2msui_core::checkpoints::checkpoint_executor[0m[2m:[0m [2mcrates/sui-core/src/checkpoints/checkpoint_executor/mod.rs[0m[2m:[0m[2m332:[0m Received checkpoint summary from state sync [3msequence_number[0m[2m=[0m437
[2m2025-03-25T07:56:00.350111Z[0m [32m INFO[0m [1mnode[0m[1m{[0m[3mname[0m[2m=[0mk#99f25ef6..[1m}[0m[2m:[0m [2msui_core::state_accumulator[0m[2m:[0m [2mcrates/sui-core/src/state_accumulator.rs[0m[2m:[0m[2m675:[0m accumulating running root for checkpoint 437
[2m2025-03-25T07:56:00.350113Z[0m [32m INFO[0m [1mnode[0m[1m{[0m[3mname[0m[2m=[0mk#8dcff6d1..[1m}[0m[2m:[0m [2msui_core::state_accumulator[0m[2m:[0m [2mcrates/sui-core/src/state_accumulator.rs[0m[2m:[0m[2m675:[0m accumulating running root for checkpoint 437
[2m2025-03-25T07:56:00.352263Z[0m [32m INFO[0m [1mnode[0m[1m{[0m[3mname[0m[2m=[0mk#addeef94..[1m}[0m[2m:[0m [2msui_core::checkpoints::checkpoint_executor[0m[2m:[0m [2mcrates/sui-core/src/checkpoints/checkpoint_executor/mod.rs[0m[2m:[0m[2m332:[0m Received checkpoint summary from state sync [3msequence_number[0m[2m=[0m437
[2m2025-03-25T07:56:00.352961Z[0m [32m INFO[0m [1mnode[0m[1m{[0m[3mname[0m[2m=[0mk#addeef94..[1m}[0m[2m:[0m [2msui_core::state_accumulator[0m[2m:[0m [2mcrates/sui-core/src/state_accumulator.rs[0m[2m:[0m[2m675:[0m accumulating running root for checkpoint 437
[2m2025-03-25T07:56:00.373581Z[0m [32m INFO[0m [1mnode[0m[1m{[0m[3mname[0m[2m=[0mk#b3f3cbb4..[1m}[0m[2m:[0m [2msui_core::checkpoints::checkpoint_executor[0m[2m:[0m [2mcrates/sui-core/src/checkpoints/checkpoint_executor/mod.rs[0m[2m:[0m[2m332:[0m Received checkpoint summary from state sync [3msequence_number[0m[2m=[0m411
[2m2025-03-25T07:56:00.374015Z[0m [32m INFO[0m [1mnode[0m[1m{[0m[3mname[0m[2m=[0mk#b3f3cbb4..[1m}[0m[2m:[0m [2msui_core::state_accumulator[0m[2m:[0m [2mcrates/sui-core/src/state_accumulator.rs[0m[2m:[0m[2m675:[0m accumulating running root for checkpoint 401
[2m2025-03-25T07:56:00.374236Z[0m [32m INFO[0m [1mnode[0m[1m{[0m[3mname[0m[2m=[0mk#b3f3cbb4..[1m}[0m[2m:[0m [2msui_core::checkpoints::checkpoint_executor[0m[2m:[0m [2mcrates/sui-core/src/checkpoints/checkpoint_executor/mod.rs[0m[2m:[0m[2m332:[0m Received checkpoint summary from state sync [3msequence_number[0m[2m=[0m412
[2m2025-03-25T07:56:00.374277Z[0m [32m INFO[0m [1mnode[0m[1m{[0m[3mname[0m[2m=[0mk#b3f3cbb4..[1m}[0m[2m:[0m [2msui_core::checkpoints::checkpoint_executor[0m[2m:[0m [2mcrates/sui-core/src/checkpoints/checkpoint_executor/mod.rs[0m[2m:[0m[2m332:[0m Received checkpoint summary from state sync [3msequence_number[0m[2m=[0m413
[2m2025-03-25T07:56:00.463308Z[0m [33m WARN[0m [1mnode[0m[1m{[0m[3mname[0m[2m=[0mk#99f25ef6..[1m}[0m[2m:[0m[1mjwk_updater_task[0m[1m{[0m[3mepoch[0m[2m=[0m1[1m}[0m[2m:[0m [2msui_node[0m[2m:[0m [2mcrates/sui-node/src/lib.rs[0m[2m:[0m[2m381:[0m Error when fetching JWK for provider AwsTenant(("us-east-1", "us-east-1_LPSLCkC3A")) JWKRetrievalError
[2m2025-03-25T07:56:00.471387Z[0m [32m INFO[0m [1mnode[0m[1m{[0m[3mname[0m[2m=[0mk#b3f3cbb4..[1m}[0m[2m:[0m [2msui_core::state_accumulator[0m[2m:[0m [2mcrates/sui-core/src/state_accumulator.rs[0m[2m:[0m[2m675:[0m accumulating running root for checkpoint 402
[2m2025-03-25T07:56:00.471739Z[0m [32m INFO[0m [1mnode[0m[1m{[0m[3mname[0m[2m=[0mk#b3f3cbb4..[1m}[0m[2m:[0m [2msui_core::checkpoints::checkpoint_executor[0m[2m:[0m [2mcrates/sui-core/src/checkpoints/checkpoint_executor/mod.rs[0m[2m:[0m[2m332:[0m Received checkpoint summary from state sync [3msequence_number[0m[2m=[0m414
[2m2025-03-25T07:56:00.471782Z[0m [32m INFO[0m [1mnode[0m[1m{[0m[3mname[0m[2m=[0mk#b3f3cbb4..[1m}[0m[2m:[0m [2msui_core::checkpoints::checkpoint_executor[0m[2m:[0m [2mcrates/sui-core/src/checkpoints/checkpoint_executor/mod.rs[0m[2m:[0m[2m332:[0m Received checkpoint summary from state sync [3msequence_number[0m[2m=[0m415
[2m2025-03-25T07:56:00.471823Z[0m [32m INFO[0m [1mnode[0m[1m{[0m[3mname[0m[2m=[0mk#b3f3cbb4..[1m}[0m[2m:[0m [2msui_core::checkpoints::checkpoint_executor[0m[2m:[0m [2mcrates/sui-core/src/checkpoints/checkpoint_executor/mod.rs[0m[2m:[0m[2m332:[0m Received checkpoint summary from state sync [3msequence_number[0m[2m=[0m416
[2m2025-03-25T07:56:00.471861Z[0m [32m INFO[0m [1mnode[0m[1m{[0m[3mname[0m[2m=[0mk#b3f3cbb4..[1m}[0m[2m:[0m [2msui_core::checkpoints::checkpoint_executor[0m[2m:[0m [2mcrates/sui-core/src/checkpoints/checkpoint_executor/mod.rs[0m[2m:[0m[2m332:[0m Received checkpoint summary from state sync [3msequence_number[0m[2m=[0m417
[2m2025-03-25T07:56:00.555269Z[0m [32m INFO[0m [1mnode[0m[1m{[0m[3mname[0m[2m=[0mk#b3f3cbb4..[1m}[0m[2m:[0m [2msui_core::checkpoints::checkpoint_executor[0m[2m:[0m [2mcrates/sui-core/src/checkpoints/checkpoint_executor/mod.rs[0m[2m:[0m[2m332:[0m Received checkpoint summary from state sync [3msequence_number[0m[2m=[0m418
[2m2025-03-25T07:56:00.555469Z[0m [32m INFO[0m [1mnode[0m[1m{[0m[3mname[0m[2m=[0mk#b3f3cbb4..[1m}[0m[2m:[0m [2msui_core::checkpoints::checkpoint_executor[0m[2m:[0m [2mcrates/sui-core/src/checkpoints/checkpoint_executor/mod.rs[0m[2m:[0m[2m332:[0m Received checkpoint summary from state sync [3msequence_number[0m[2m=[0m419
[2m2025-03-25T07:56:00.555512Z[0m [32m INFO[0m [1mnode[0m[1m{[0m[3mname[0m[2m=[0mk#b3f3cbb4..[1m}[0m[2m:[0m [2msui_core::checkpoints::checkpoint_executor[0m[2m:[0m [2mcrates/sui-core/src/checkpoints/checkpoint_executor/mod.rs[0m[2m:[0m[2m332:[0m Received checkpoint summary from state sync [3msequence_number[0m[2m=[0m420
[2m2025-03-25T07:56:00.555552Z[0m [32m INFO[0m [1mnode[0m[1m{[0m[3mname[0m[2m=[0mk#b3f3cbb4..[1m}[0m[2m:[0m [2msui_core::checkpoints::checkpoint_executor[0m[2m:[0m [2mcrates/sui-core/src/checkpoints/checkpoint_executor/mod.rs[0m[2m:[0m[2m332:[0m Received checkpoint summary from state sync [3msequence_number[0m[2m=[0m421
[2m2025-03-25T07:56:00.560976Z[0m [32m INFO[0m [1mnode[0m[1m{[0m[3mname[0m[2m=[0mk#b3f3cbb4..[1m}[0m[2m:[0m [2msui_core::state_accumulator[0m[2m:[0m [2mcrates/sui-core/src/state_accumulator.rs[0m[2m:[0m[2m675:[0m accumulating running root for checkpoint 403
[2m2025-03-25T07:56:00.561351Z[0m [32m INFO[0m [1mnode[0m[1m{[0m[3mname[0m[2m=[0mk#b3f3cbb4..[1m}[0m[2m:[0m [2msui_core::checkpoints::checkpoint_executor[0m[2m:[0m [2mcrates/sui-core/src/checkpoints/checkpoint_executor/mod.rs[0m[2m:[0m[2m332:[0m Received checkpoint summary from state sync [3msequence_number[0m[2m=[0m422
[2m2025-03-25T07:56:00.561393Z[0m [32m INFO[0m [1mnode[0m[1m{[0m[3mname[0m[2m=[0mk#b3f3cbb4..[1m}[0m[2m:[0m [2msui_core::checkpoints::checkpoint_executor[0m[2m:[0m [2mcrates/sui-core/src/checkpoints/checkpoint_executor/mod.rs[0m[2m:[0m[2m332:[0m Received checkpoint summary from state sync [3msequence_number[0m[2m=[0m423
[2m2025-03-25T07:56:00.561433Z[0m [32m INFO[0m [1mnode[0m[1m{[0m[3mname[0m[2m=[0mk#b3f3cbb4..[1m}[0m[2m:[0m [2msui_core::checkpoints::checkpoint_executor[0m[2m:[0m [2mcrates/sui-core/src/checkpoints/checkpoint_executor/mod.rs[0m[2m:[0m[2m332:[0m Received checkpoint summary from state sync [3msequence_number[0m[2m=[0m424
[2m2025-03-25T07:56:00.561472Z[0m [32m INFO[0m [1mnode[0m[1m{[0m[3mname[0m[2m=[0mk#b3f3cbb4..[1m}[0m[2m:[0m [2msui_core::checkpoints::checkpoint_executor[0m[2m:[0m [2mcrates/sui-core/src/checkpoints/checkpoint_executor/mod.rs[0m[2m:[0m[2m332:[0m Received checkpoint summary from state sync [3msequence_number[0m[2m=[0m425
[2m2025-03-25T07:56:00.561512Z[0m [32m INFO[0m [1mnode[0m[1m{[0m[3mname[0m[2m=[0mk#b3f3cbb4..[1m}[0m[2m:[0m [2msui_core::checkpoints::checkpoint_executor[0m[2m:[0m [2mcrates/sui-core/src/checkpoints/checkpoint_executor/mod.rs[0m[2m:[0m[2m332:[0m Received checkpoint summary from state sync [3msequence_number[0m[2m=[0m426
[2m2025-03-25T07:56:00.569709Z[0m [32m INFO[0m [1mnode[0m[1m{[0m[3mname[0m[2m=[0mk#8dcff6d1..[1m}[0m[2m:[0m [2mconsensus_core::core[0m[2m:[0m [2mconsensus/core/src/core.rs[0m[2m:[0m[2m945:[0m Included 3 ancestors & excluded 0 ancestors for proposal in round 238
[2m2025-03-25T07:56:00.570063Z[0m [32m INFO[0m [1mnode[0m[1m{[0m[3mname[0m[2m=[0mk#8dcff6d1..[1m}[0m[2m:[0m [2mconsensus_core::core[0m[2m:[0m [2mconsensus/core/src/core.rs[0m[2m:[0m[2m531:[0m Created block B238(A,YxfdyTfh1571+wC/pgzT9/0fWROg6a1answdNUuuqiI=)(1742889360569ms;[B237(A,dqwT7MDhCLqp3wd8++01M2FzQy6RCfFOEnScxmQhNmY=), B237(B,47shZ9nQF8Nj1j5KOuh4pBwytba4BfJ0skneFj/PNbg=), B237(C,Nq0hdNML7JNBG5+qNuh88qNp7t0SuSMycJuSF/QFTgU=)];1t;1c) for round 238
[2m2025-03-25T07:56:00.571631Z[0m [32m INFO[0m [1mnode[0m[1m{[0m[3mname[0m[2m=[0mk#addeef94..[1m}[0m[2m:[0m [2mconsensus_core::core[0m[2m:[0m [2mconsensus/core/src/core.rs[0m[2m:[0m[2m945:[0m Included 3 ancestors & excluded 0 ancestors for proposal in round 238
[2m2025-03-25T07:56:00.571632Z[0m [32m INFO[0m [1mnode[0m[1m{[0m[3mname[0m[2m=[0mk#99f25ef6..[1m}[0m[2m:[0m [2mconsensus_core::core[0m[2m:[0m [2mconsensus/core/src/core.rs[0m[2m:[0m[2m945:[0m Included 3 ancestors & excluded 0 ancestors for proposal in round 238
[2m2025-03-25T07:56:00.571917Z[0m [32m INFO[0m [1mnode[0m[1m{[0m[3mname[0m[2m=[0mk#addeef94..[1m}[0m[2m:[0m [2mconsensus_core::core[0m[2m:[0m [2mconsensus/core/src/core.rs[0m[2m:[0m[2m531:[0m Created block B238(C,im5Z/4U0+uu8TlJwhOF7EBbLTFeHVX+QZ51u9BW9GKg=)(1742889360571ms;[B237(C,Nq0hdNML7JNBG5+qNuh88qNp7t0SuSMycJuSF/QFTgU=), B237(A,dqwT7MDhCLqp3wd8++01M2FzQy6RCfFOEnScxmQhNmY=), B237(B,47shZ9nQF8Nj1j5KOuh4pBwytba4BfJ0skneFj/PNbg=)];1t;1c) for round 238
[2m2025-03-25T07:56:00.571979Z[0m [32m INFO[0m [1mnode[0m[1m{[0m[3mname[0m[2m=[0mk#99f25ef6..[1m}[0m[2m:[0m [2mconsensus_core::core[0m[2m:[0m [2mconsensus/core/src/core.rs[0m[2m:[0m[2m531:[0m Created block B238(B,drDTl6U/nWcAFf5Atu3SeUZiquAy+YOVCFBtfB9N774=)(1742889360571ms;[B237(B,47shZ9nQF8Nj1j5KOuh4pBwytba4BfJ0skneFj/PNbg=), B237(A,dqwT7MDhCLqp3wd8++01M2FzQy6RCfFOEnScxmQhNmY=), B237(C,Nq0hdNML7JNBG5+qNuh88qNp7t0SuSMycJuSF/QFTgU=)];2t;1c) for round 238
[2m2025-03-25T07:56:00.572058Z[0m [32m INFO[0m [1mnode[0m[1m{[0m[3mname[0m[2m=[0mk#addeef94..[1m}[0m[2m:[0m [2mconsensus_core::core[0m[2m:[0m [2mconsensus/core/src/core.rs[0m[2m:[0m[2m630:[0m Committing 1 leaders: B236(C,NHbx)
[2m2025-03-25T07:56:00.572148Z[0m [32m INFO[0m [1mnode[0m[1m{[0m[3mname[0m[2m=[0mk#addeef94..[1m}[0m[2m:[0m [2mconsensus_core::commit_observer[0m[2m:[0m [2mconsensus/core/src/commit_observer.rs[0m[2m:[0m[2m173:[0m Consensus commit C226(qlmV) with leader B236(C,NHbx) has 3 blocks
[2m2025-03-25T07:56:00.572452Z[0m [32m INFO[0m [1mnode[0m[1m{[0m[3mname[0m[2m=[0mk#addeef94..[1m}[0m[2m:[0m [2msui_core::consensus_handler[0m[2m:[0m [2mcrates/sui-core/src/consensus_handler.rs[0m[2m:[0m[2m232:[0m Received consensus output [3mconsensus_commit[0m[2m=[0mCommittedSubDag(leader=B236(C,NHbx), ref=C226(qlmV), blocks=[hwKf, 7M4k, NHbx]) [3mepoch[0m[2m=[0m1
[2m2025-03-25T07:56:00.575460Z[0m [32m INFO[0m [1mnode[0m[1m{[0m[3mname[0m[2m=[0mk#99f25ef6..[1m}[0m[2m:[0m [2msui_core::checkpoints::checkpoint_output[0m[2m:[0m [2mcrates/sui-core/src/checkpoints/checkpoint_output.rs[0m[2m:[0m[2m196:[0m Certified checkpoint with sequence 438 and digest 8ZArVbzWS21Qjgi93QwT2mfJ3V2jfGEfzsE5gDs3UftH
[2m2025-03-25T07:56:00.575563Z[0m [32m INFO[0m [1mnode[0m[1m{[0m[3mname[0m[2m=[0mk#99f25ef6..[1m}[0m[2m:[0m [2mconsensus_core::core[0m[2m:[0m [2mconsensus/core/src/core.rs[0m[2m:[0m[2m630:[0m Committing 1 leaders: B236(C,NHbx)
[2m2025-03-25T07:56:00.575667Z[0m [32m INFO[0m [1mnode[0m[1m{[0m[3mname[0m[2m=[0mk#99f25ef6..[1m}[0m[2m:[0m [2mconsensus_core::commit_observer[0m[2m:[0m [2mconsensus/core/src/commit_observer.rs[0m[2m:[0m[2m173:[0m Consensus commit C226(qlmV) with leader B236(C,NHbx) has 3 blocks
[2m2025-03-25T07:56:00.576067Z[0m [32m INFO[0m [1mnode[0m[1m{[0m[3mname[0m[2m=[0mk#99f25ef6..[1m}[0m[2m:[0m [2msui_core::consensus_handler[0m[2m:[0m [2mcrates/sui-core/src/consensus_handler.rs[0m[2m:[0m[2m232:[0m Received consensus output [3mconsensus_commit[0m[2m=[0mCommittedSubDag(leader=B236(C,NHbx), ref=C226(qlmV), blocks=[hwKf, 7M4k, NHbx]) [3mepoch[0m[2m=[0m1
[2m2025-03-25T07:56:00.576250Z[0m [32m INFO[0m [1mnode[0m[1m{[0m[3mname[0m[2m=[0mk#8dcff6d1..[1m}[0m[2m:[0m [2msui_core::checkpoints::checkpoint_output[0m[2m:[0m [2mcrates/sui-core/src/checkpoints/checkpoint_output.rs[0m[2m:[0m[2m196:[0m Certified checkpoint with sequence 438 and digest 8ZArVbzWS21Qjgi93QwT2mfJ3V2jfGEfzsE5gDs3UftH
[2m2025-03-25T07:56:00.576354Z[0m [32m INFO[0m [1mnode[0m[1m{[0m[3mname[0m[2m=[0mk#8dcff6d1..[1m}[0m[2m:[0m [2mconsensus_core::core[0m[2m:[0m [2mconsensus/core/src/core.rs[0m[2m:[0m[2m630:[0m Committing 1 leaders: B236(C,NHbx)
[2m2025-03-25T07:56:00.576455Z[0m [32m INFO[0m [1mnode[0m[1m{[0m[3mname[0m[2m=[0mk#8dcff6d1..[1m}[0m[2m:[0m [2mconsensus_core::commit_observer[0m[2m:[0m [2mconsensus/core/src/commit_observer.rs[0m[2m:[0m[2m173:[0m Consensus commit C226(qlmV) with leader B236(C,NHbx) has 3 blocks
[2m2025-03-25T07:56:00.576669Z[0m [32m INFO[0m [1mnode[0m[1m{[0m[3mname[0m[2m=[0mk#99f25ef6..[1m}[0m[2m:[0m [2msui_core::checkpoints::checkpoint_executor[0m[2m:[0m [2mcrates/sui-core/src/checkpoints/checkpoint_executor/mod.rs[0m[2m:[0m[2m332:[0m Received checkpoint summary from state sync [3msequence_number[0m[2m=[0m438
[2m2025-03-25T07:56:00.576836Z[0m [32m INFO[0m [1mnode[0m[1m{[0m[3mname[0m[2m=[0mk#8dcff6d1..[1m}[0m[2m:[0m [2msui_core::consensus_handler[0m[2m:[0m [2mcrates/sui-core/src/consensus_handler.rs[0m[2m:[0m[2m232:[0m Received consensus output [3mconsensus_commit[0m[2m=[0mCommittedSubDag(leader=B236(C,NHbx), ref=C226(qlmV), blocks=[hwKf, 7M4k, NHbx]) [3mepoch[0m[2m=[0m1
[2m2025-03-25T07:56:00.577408Z[0m [32m INFO[0m [1mnode[0m[1m{[0m[3mname[0m[2m=[0mk#8dcff6d1..[1m}[0m[2m:[0m [2msui_core::checkpoints::checkpoint_executor[0m[2m:[0m [2mcrates/sui-core/src/checkpoints/checkpoint_executor/mod.rs[0m[2m:[0m[2m332:[0m Received checkpoint summary from state sync [3msequence_number[0m[2m=[0m438
[2m2025-03-25T07:56:00.590168Z[0m [32m INFO[0m [1mnode[0m[1m{[0m[3mname[0m[2m=[0mk#99f25ef6..[1m}[0m[2m:[0m [2msui_core::state_accumulator[0m[2m:[0m [2mcrates/sui-core/src/state_accumulator.rs[0m[2m:[0m[2m675:[0m accumulating running root for checkpoint 438
[2m2025-03-25T07:56:00.590634Z[0m [32m INFO[0m [1mnode[0m[1m{[0m[3mname[0m[2m=[0mk#8dcff6d1..[1m}[0m[2m:[0m [2msui_core::state_accumulator[0m[2m:[0m [2mcrates/sui-core/src/state_accumulator.rs[0m[2m:[0m[2m675:[0m accumulating running root for checkpoint 438
[2m2025-03-25T07:56:00.616652Z[0m [32m INFO[0m [1mnode[0m[1m{[0m[3mname[0m[2m=[0mk#addeef94..[1m}[0m[2m:[0m [2msui_core::checkpoints[0m[2m:[0m [2mcrates/sui-core/src/checkpoints/mod.rs[0m[2m:[0m[2m1326:[0m Creating checkpoint(s) for 1 transactions [3mnext_checkpoint_seq[0m[2m=[0m439 [3mcheckpoint_timestamp[0m[2m=[0m1742889360062
[2m2025-03-25T07:56:00.616881Z[0m [32m INFO[0m [1mnode[0m[1m{[0m[3mname[0m[2m=[0mk#addeef94..[1m}[0m[2m:[0m [2msui_core::checkpoints::checkpoint_output[0m[2m:[0m [2mcrates/sui-core/src/checkpoints/checkpoint_output.rs[0m[2m:[0m[2m149:[0m Creating checkpoint CheckpointDigest(EteqsRnqyw5fkAc5uaZ1LgHcMoCsJ5LrF4N1odVFewfr) at epoch 1, sequence 439, previous digest Some(CheckpointDigest(8ZArVbzWS21Qjgi93QwT2mfJ3V2jfGEfzsE5gDs3UftH)), transactions count 1, content digest CheckpointContentsDigest(FtDvrPDHsYKqYrPJbTMRnirofyRLMd6aoXnvKkBM9Z4s), end_of_epoch_data None
[2m2025-03-25T07:56:00.620297Z[0m [33m WARN[0m [1mnode[0m[1m{[0m[3mname[0m[2m=[0mk#addeef94..[1m}[0m[2m:[0m[1mjwk_updater_task[0m[1m{[0m[3mepoch[0m[2m=[0m1[1m}[0m[2m:[0m [2msui_node[0m[2m:[0m [2mcrates/sui-node/src/lib.rs[0m[2m:[0m[2m381:[0m Error when fetching JWK for provider Arden JWKRetrievalError
[2m2025-03-25T07:56:00.621897Z[0m [32m INFO[0m [1mnode[0m[1m{[0m[3mname[0m[2m=[0mk#99f25ef6..[1m}[0m[2m:[0m [2msui_core::checkpoints[0m[2m:[0m [2mcrates/sui-core/src/checkpoints/mod.rs[0m[2m:[0m[2m1326:[0m Creating checkpoint(s) for 1 transactions [3mnext_checkpoint_seq[0m[2m=[0m439 [3mcheckpoint_timestamp[0m[2m=[0m1742889360062
[2m2025-03-25T07:56:00.621992Z[0m [32m INFO[0m [1mnode[0m[1m{[0m[3mname[0m[2m=[0mk#8dcff6d1..[1m}[0m[2m:[0m [2msui_core::checkpoints[0m[2m:[0m [2mcrates/sui-core/src/checkpoints/mod.rs[0m[2m:[0m[2m1326:[0m Creating checkpoint(s) for 1 transactions [3mnext_checkpoint_seq[0m[2m=[0m439 [3mcheckpoint_timestamp[0m[2m=[0m1742889360062
[2m2025-03-25T07:56:00.622094Z[0m [32m INFO[0m [1mnode[0m[1m{[0m[3mname[0m[2m=[0mk#99f25ef6..[1m}[0m[2m:[0m [2msui_core::checkpoints::checkpoint_output[0m[2m:[0m [2mcrates/sui-core/src/checkpoints/checkpoint_output.rs[0m[2m:[0m[2m149:[0m Creating checkpoint CheckpointDigest(EteqsRnqyw5fkAc5uaZ1LgHcMoCsJ5LrF4N1odVFewfr) at epoch 1, sequence 439, previous digest Some(CheckpointDigest(8ZArVbzWS21Qjgi93QwT2mfJ3V2jfGEfzsE5gDs3UftH)), transactions count 1, content digest CheckpointContentsDigest(FtDvrPDHsYKqYrPJbTMRnirofyRLMd6aoXnvKkBM9Z4s), end_of_epoch_data None
[2m2025-03-25T07:56:00.622158Z[0m [32m INFO[0m [1mnode[0m[1m{[0m[3mname[0m[2m=[0mk#8dcff6d1..[1m}[0m[2m:[0m [2msui_core::checkpoints::checkpoint_output[0m[2m:[0m [2mcrates/sui-core/src/checkpoints/checkpoint_output.rs[0m[2m:[0m[2m149:[0m Creating checkpoint CheckpointDigest(EteqsRnqyw5fkAc5uaZ1LgHcMoCsJ5LrF4N1odVFewfr) at epoch 1, sequence 439, previous digest Some(CheckpointDigest(8ZArVbzWS21Qjgi93QwT2mfJ3V2jfGEfzsE5gDs3UftH)), transactions count 1, content digest CheckpointContentsDigest(FtDvrPDHsYKqYrPJbTMRnirofyRLMd6aoXnvKkBM9Z4s), end_of_epoch_data None
[2m2025-03-25T07:56:00.623470Z[0m [33m WARN[0m [1mnode[0m[1m{[0m[3mname[0m[2m=[0mk#8dcff6d1..[1m}[0m[2m:[0m[1mjwk_updater_task[0m[1m{[0m[3mepoch[0m[2m=[0m1[1m}[0m[2m:[0m [2msui_node[0m[2m:[0m [2mcrates/sui-node/src/lib.rs[0m[2m:[0m[2m381:[0m Error when fetching JWK for provider AwsTenant(("us-east-1", "us-east-1_LPSLCkC3A")) JWKRetrievalError
[2m2025-03-25T07:56:00.647321Z[0m [32m INFO[0m [1mnode[0m[1m{[0m[3mname[0m[2m=[0mk#b3f3cbb4..[1m}[0m[2m:[0m [2msui_core::checkpoints::checkpoint_executor[0m[2m:[0m [2mcrates/sui-core/src/checkpoints/checkpoint_executor/mod.rs[0m[2m:[0m[2m332:[0m Received checkpoint summary from state sync [3msequence_number[0m[2m=[0m427
[2m2025-03-25T07:56:00.647497Z[0m [32m INFO[0m [1mnode[0m[1m{[0m[3mname[0m[2m=[0mk#b3f3cbb4..[1m}[0m[2m:[0m [2msui_core::checkpoints::checkpoint_executor[0m[2m:[0m [2mcrates/sui-core/src/checkpoints/checkpoint_executor/mod.rs[0m[2m:[0m[2m332:[0m Received checkpoint summary from state sync [3msequence_number[0m[2m=[0m428
[2m2025-03-25T07:56:00.647540Z[0m [32m INFO[0m [1mnode[0m[1m{[0m[3mname[0m[2m=[0mk#b3f3cbb4..[1m}[0m[2m:[0m [2msui_core::checkpoints::checkpoint_executor[0m[2m:[0m [2mcrates/sui-core/src/checkpoints/checkpoint_executor/mod.rs[0m[2m:[0m[2m332:[0m Received checkpoint summary from state sync [3msequence_number[0m[2m=[0m429
[2m2025-03-25T07:56:00.663656Z[0m [32m INFO[0m [1mnode[0m[1m{[0m[3mname[0m[2m=[0mk#b3f3cbb4..[1m}[0m[2m:[0m [2msui_core::state_accumulator[0m[2m:[0m [2mcrates/sui-core/src/state_accumulator.rs[0m[2m:[0m[2m675:[0m accumulating running root for checkpoint 404
[2m2025-03-25T07:56:00.664082Z[0m [32m INFO[0m [1mnode[0m[1m{[0m[3mname[0m[2m=[0mk#b3f3cbb4..[1m}[0m[2m:[0m [2msui_core::checkpoints::checkpoint_executor[0m[2m:[0m [2mcrates/sui-core/src/checkpoints/checkpoint_executor/mod.rs[0m[2m:[0m[2m332:[0m Received checkpoint summary from state sync [3msequence_number[0m[2m=[0m430
[2m2025-03-25T07:56:00.664124Z[0m [32m INFO[0m [1mnode[0m[1m{[0m[3mname[0m[2m=[0mk#b3f3cbb4..[1m}[0m[2m:[0m [2msui_core::checkpoints::checkpoint_executor[0m[2m:[0m [2mcrates/sui-core/src/checkpoints/checkpoint_executor/mod.rs[0m[2m:[0m[2m332:[0m Received checkpoint summary from state sync [3msequence_number[0m[2m=[0m431
[2m2025-03-25T07:56:00.664165Z[0m [32m INFO[0m [1mnode[0m[1m{[0m[3mname[0m[2m=[0mk#b3f3cbb4..[1m}[0m[2m:[0m [2msui_core::checkpoints::checkpoint_executor[0m[2m:[0m [2mcrates/sui-core/src/checkpoints/checkpoint_executor/mod.rs[0m[2m:[0m[2m332:[0m Received checkpoint summary from state sync [3msequence_number[0m[2m=[0m432
[2m2025-03-25T07:56:00.664205Z[0m [32m INFO[0m [1mnode[0m[1m{[0m[3mname[0m[2m=[0mk#b3f3cbb4..[1m}[0m[2m:[0m [2msui_core::checkpoints::checkpoint_executor[0m[2m:[0m [2mcrates/sui-core/src/checkpoints/checkpoint_executor/mod.rs[0m[2m:[0m[2m332:[0m Received checkpoint summary from state sync [3msequence_number[0m[2m=[0m433
[2m2025-03-25T07:56:00.664244Z[0m [32m INFO[0m [1mnode[0m[1m{[0m[3mname[0m[2m=[0mk#b3f3cbb4..[1m}[0m[2m:[0m [2msui_core::checkpoints::checkpoint_executor[0m[2m:[0m [2mcrates/sui-core/src/checkpoints/checkpoint_executor/mod.rs[0m[2m:[0m[2m332:[0m Received checkpoint summary from state sync [3msequence_number[0m[2m=[0m434
[2m2025-03-25T07:56:00.664284Z[0m [32m INFO[0m [1mnode[0m[1m{[0m[3mname[0m[2m=[0mk#b3f3cbb4..[1m}[0m[2m:[0m [2msui_core::checkpoints::checkpoint_executor[0m[2m:[0m [2mcrates/sui-core/src/checkpoints/checkpoint_executor/mod.rs[0m[2m:[0m[2m332:[0m Received checkpoint summary from state sync [3msequence_number[0m[2m=[0m435
[2m2025-03-25T07:56:00.686627Z[0m [32m INFO[0m [1mnode[0m[1m{[0m[3mname[0m[2m=[0mk#addeef94..[1m}[0m[2m:[0m [2msui_core::checkpoints::checkpoint_executor[0m[2m:[0m [2mcrates/sui-core/src/checkpoints/checkpoint_executor/mod.rs[0m[2m:[0m[2m332:[0m Received checkpoint summary from state sync [3msequence_number[0m[2m=[0m438
[2m2025-03-25T07:56:00.687856Z[0m [33m WARN[0m [1mnode[0m[1m{[0m[3mname[0m[2m=[0mk#8dcff6d1..[1m}[0m[2m:[0m[1mjwk_updater_task[0m[1m{[0m[3mepoch[0m[2m=[0m1[1m}[0m[2m:[0m [2msui_node[0m[2m:[0m [2mcrates/sui-node/src/lib.rs[0m[2m:[0m[2m381:[0m Error when fetching JWK for provider Arden JWKRetrievalError
[2m2025-03-25T07:56:00.688000Z[0m [32m INFO[0m [1mnode[0m[1m{[0m[3mname[0m[2m=[0mk#addeef94..[1m}[0m[2m:[0m [2msui_core::state_accumulator[0m[2m:[0m [2mcrates/sui-core/src/state_accumulator.rs[0m[2m:[0m[2m675:[0m accumulating running root for checkpoint 438
[2m2025-03-25T07:56:00.689243Z[0m [33m WARN[0m [1mnode[0m[1m{[0m[3mname[0m[2m=[0mk#addeef94..[1m}[0m[2m:[0m[1mjwk_updater_task[0m[1m{[0m[3mepoch[0m[2m=[0m1[1m}[0m[2m:[0m [2msui_node[0m[2m:[0m [2mcrates/sui-node/src/lib.rs[0m[2m:[0m[2m381:[0m Error when fetching JWK for provider AwsTenant(("us-east-1", "us-east-1_LPSLCkC3A")) JWKRetrievalError
[2m2025-03-25T07:56:00.746460Z[0m [32m INFO[0m [1mnode[0m[1m{[0m[3mname[0m[2m=[0mk#b3f3cbb4..[1m}[0m[2m:[0m [2msui_core::state_accumulator[0m[2m:[0m [2mcrates/sui-core/src/state_accumulator.rs[0m[2m:[0m[2m675:[0m accumulating running root for checkpoint 405
[2m2025-03-25T07:56:00.823273Z[0m [32m INFO[0m [1mnode[0m[1m{[0m[3mname[0m[2m=[0mk#addeef94..[1m}[0m[2m:[0m [2mconsensus_core::core[0m[2m:[0m [2mconsensus/core/src/core.rs[0m[2m:[0m[2m945:[0m Included 3 ancestors & excluded 0 ancestors for proposal in round 239
[2m2025-03-25T07:56:00.823629Z[0m [32m INFO[0m [1mnode[0m[1m{[0m[3mname[0m[2m=[0mk#addeef94..[1m}[0m[2m:[0m [2mconsensus_core::core[0m[2m:[0m [2mconsensus/core/src/core.rs[0m[2m:[0m[2m531:[0m Created block B239(C,HnImoQZMrhAseba43gMH29qQk/POWqvHPhLokbVaqsg=)(1742889360823ms;[B238(C,im5Z/4U0+uu8TlJwhOF7EBbLTFeHVX+QZ51u9BW9GKg=), B238(A,YxfdyTfh1571+wC/pgzT9/0fWROg6a1answdNUuuqiI=), B238(B,drDTl6U/nWcAFf5Atu3SeUZiquAy+YOVCFBtfB9N774=)];1t;1c) for round 239
[2m2025-03-25T07:56:00.827077Z[0m [32m INFO[0m [1mnode[0m[1m{[0m[3mname[0m[2m=[0mk#99f25ef6..[1m}[0m[2m:[0m [2mconsensus_core::core[0m[2m:[0m [2mconsensus/core/src/core.rs[0m[2m:[0m[2m945:[0m Included 3 ancestors & excluded 0 ancestors for proposal in round 239
[2m2025-03-25T07:56:00.827358Z[0m [32m INFO[0m [1mnode[0m[1m{[0m[3mname[0m[2m=[0mk#99f25ef6..[1m}[0m[2m:[0m [2mconsensus_core::core[0m[2m:[0m [2mconsensus/core/src/core.rs[0m[2m:[0m[2m531:[0m Created block B239(B,jmZ2e4vzXmZs4TBuW6xJyOQsXu8hjrwcikMrAvLE4Lc=)(1742889360827ms;[B238(B,drDTl6U/nWcAFf5Atu3SeUZiquAy+YOVCFBtfB9N774=), B238(A,YxfdyTfh1571+wC/pgzT9/0fWROg6a1answdNUuuqiI=), B238(C,im5Z/4U0+uu8TlJwhOF7EBbLTFeHVX+QZ51u9BW9GKg=)];1t;1c) for round 239
[2m2025-03-25T07:56:00.827427Z[0m [32m INFO[0m [1mnode[0m[1m{[0m[3mname[0m[2m=[0mk#99f25ef6..[1m}[0m[2m:[0m [2mconsensus_core::core[0m[2m:[0m [2mconsensus/core/src/core.rs[0m[2m:[0m[2m630:[0m Committing 1 leaders: B237(B,47sh)
[2m2025-03-25T07:56:00.827497Z[0m [32m INFO[0m [1mnode[0m[1m{[0m[3mname[0m[2m=[0mk#99f25ef6..[1m}[0m[2m:[0m [2mconsensus_core::commit_observer[0m[2m:[0m [2mconsensus/core/src/commit_observer.rs[0m[2m:[0m[2m173:[0m Consensus commit C227(HLi+) with leader B237(B,47sh) has 3 blocks
[2m2025-03-25T07:56:00.827586Z[0m [32m INFO[0m [1mnode[0m[1m{[0m[3mname[0m[2m=[0mk#99f25ef6..[1m}[0m[2m:[0m [2msui_core::consensus_handler[0m[2m:[0m [2mcrates/sui-core/src/consensus_handler.rs[0m[2m:[0m[2m232:[0m Received consensus output [3mconsensus_commit[0m[2m=[0mCommittedSubDag(leader=B237(B,47sh), ref=C227(HLi+), blocks=[JmMc, A2M5, 47sh]) [3mepoch[0m[2m=[0m1
[2m2025-03-25T07:56:00.827772Z[0m [32m INFO[0m [1mnode[0m[1m{[0m[3mname[0m[2m=[0mk#8dcff6d1..[1m}[0m[2m:[0m [2mconsensus_core::core[0m[2m:[0m [2mconsensus/core/src/core.rs[0m[2m:[0m[2m945:[0m Included 3 ancestors & excluded 0 ancestors for proposal in round 239
[2m2025-03-25T07:56:00.828058Z[0m [32m INFO[0m [1mnode[0m[1m{[0m[3mname[0m[2m=[0mk#8dcff6d1..[1m}[0m[2m:[0m [2mconsensus_core::core[0m[2m:[0m [2mconsensus/core/src/core.rs[0m[2m:[0m[2m531:[0m Created block B239(A,CPmb57LJ7UqVcfdMr6I2I/MlD45MdcY347e0WN672f8=)(1742889360827ms;[B238(A,YxfdyTfh1571+wC/pgzT9/0fWROg6a1answdNUuuqiI=), B238(B,drDTl6U/nWcAFf5Atu3SeUZiquAy+YOVCFBtfB9N774=), B238(C,im5Z/4U0+uu8TlJwhOF7EBbLTFeHVX+QZ51u9BW9GKg=)];1t;1c) for round 239
[2m2025-03-25T07:56:00.828123Z[0m [32m INFO[0m [1mnode[0m[1m{[0m[3mname[0m[2m=[0mk#8dcff6d1..[1m}[0m[2m:[0m [2mconsensus_core::core[0m[2m:[0m [2mconsensus/core/src/core.rs[0m[2m:[0m[2m630:[0m Committing 1 leaders: B237(B,47sh)
[2m2025-03-25T07:56:00.828187Z[0m [32m INFO[0m [1mnode[0m[1m{[0m[3mname[0m[2m=[0mk#8dcff6d1..[1m}[0m[2m:[0m [2mconsensus_core::commit_observer[0m[2m:[0m [2mconsensus/core/src/commit_observer.rs[0m[2m:[0m[2m173:[0m Consensus commit C227(HLi+) with leader B237(B,47sh) has 3 blocks
[2m2025-03-25T07:56:00.828266Z[0m [32m INFO[0m [1mnode[0m[1m{[0m[3mname[0m[2m=[0mk#8dcff6d1..[1m}[0m[2m:[0m [2msui_core::consensus_handler[0m[2m:[0m [2mcrates/sui-core/src/consensus_handler.rs[0m[2m:[0m[2m232:[0m Received consensus output [3mconsensus_commit[0m[2m=[0mCommittedSubDag(leader=B237(B,47sh), ref=C227(HLi+), blocks=[JmMc, A2M5, 47sh]) [3mepoch[0m[2m=[0m1
[2m2025-03-25T07:56:00.829924Z[0m [32m INFO[0m [1mnode[0m[1m{[0m[3mname[0m[2m=[0mk#addeef94..[1m}[0m[2m:[0m [2mconsensus_core::core[0m[2m:[0m [2mconsensus/core/src/core.rs[0m[2m:[0m[2m630:[0m Committing 1 leaders: B237(B,47sh)
[2m2025-03-25T07:56:00.830013Z[0m [32m INFO[0m [1mnode[0m[1m{[0m[3mname[0m[2m=[0mk#addeef94..[1m}[0m[2m:[0m [2mconsensus_core::commit_observer[0m[2m:[0m [2mconsensus/core/src/commit_observer.rs[0m[2m:[0m[2m173:[0m Consensus commit C227(HLi+) with leader B237(B,47sh) has 3 blocks
[2m2025-03-25T07:56:00.830086Z[0m [32m INFO[0m [1mnode[0m[1m{[0m[3mname[0m[2m=[0mk#addeef94..[1m}[0m[2m:[0m [2msui_core::consensus_handler[0m[2m:[0m [2mcrates/sui-core/src/consensus_handler.rs[0m[2m:[0m[2m232:[0m Received consensus output [3mconsensus_commit[0m[2m=[0mCommittedSubDag(leader=B237(B,47sh), ref=C227(HLi+), blocks=[JmMc, A2M5, 47sh]) [3mepoch[0m[2m=[0m1
[2m2025-03-25T07:56:00.835373Z[0m [32m INFO[0m [1mnode[0m[1m{[0m[3mname[0m[2m=[0mk#b3f3cbb4..[1m}[0m[2m:[0m [2msui_core::state_accumulator[0m[2m:[0m [2mcrates/sui-core/src/state_accumulator.rs[0m[2m:[0m[2m675:[0m accumulating running root for checkpoint 406
[2m2025-03-25T07:56:00.835667Z[0m [32m INFO[0m [1mnode[0m[1m{[0m[3mname[0m[2m=[0mk#b3f3cbb4..[1m}[0m[2m:[0m [2msui_core::checkpoints::checkpoint_executor[0m[2m:[0m [2mcrates/sui-core/src/checkpoints/checkpoint_executor/mod.rs[0m[2m:[0m[2m332:[0m Received checkpoint summary from state sync [3msequence_number[0m[2m=[0m436
[2m2025-03-25T07:56:00.854185Z[0m [32m INFO[0m [1mnode[0m[1m{[0m[3mname[0m[2m=[0mk#99f25ef6..[1m}[0m[2m:[0m [2msui_core::checkpoints[0m[2m:[0m [2mcrates/sui-core/src/checkpoints/mod.rs[0m[2m:[0m[2m1326:[0m Creating checkpoint(s) for 2 transactions [3mnext_checkpoint_seq[0m[2m=[0m440 [3mcheckpoint_timestamp[0m[2m=[0m1742889360318
[2m2025-03-25T07:56:00.854323Z[0m [32m INFO[0m [1mnode[0m[1m{[0m[3mname[0m[2m=[0mk#8dcff6d1..[1m}[0m[2m:[0m [2msui_core::checkpoints[0m[2m:[0m [2mcrates/sui-core/src/checkpoints/mod.rs[0m[2m:[0m[2m1326:[0m Creating checkpoint(s) for 2 transactions [3mnext_checkpoint_seq[0m[2m=[0m440 [3mcheckpoint_timestamp[0m[2m=[0m1742889360318
[2m2025-03-25T07:56:00.854490Z[0m [32m INFO[0m [1mnode[0m[1m{[0m[3mname[0m[2m=[0mk#99f25ef6..[1m}[0m[2m:[0m [2msui_core::checkpoints::checkpoint_output[0m[2m:[0m [2mcrates/sui-core/src/checkpoints/checkpoint_output.rs[0m[2m:[0m[2m149:[0m Creating checkpoint CheckpointDigest(8m4YfjRfHXw6cWL14L1bRCMT8BwZ9rKbP6xK4rv7hNDW) at epoch 1, sequence 440, previous digest Some(CheckpointDigest(EteqsRnqyw5fkAc5uaZ1LgHcMoCsJ5LrF4N1odVFewfr)), transactions count 2, content digest CheckpointContentsDigest(D7fnynBD2WuNPKQppqwz7ouJwwbwuSexVzzUPAg4vbjM), end_of_epoch_data None
[2m2025-03-25T07:56:00.854572Z[0m [32m INFO[0m [1mnode[0m[1m{[0m[3mname[0m[2m=[0mk#8dcff6d1..[1m}[0m[2m:[0m [2msui_core::checkpoints::checkpoint_output[0m[2m:[0m [2mcrates/sui-core/src/checkpoints/checkpoint_output.rs[0m[2m:[0m[2m149:[0m Creating checkpoint CheckpointDigest(8m4YfjRfHXw6cWL14L1bRCMT8BwZ9rKbP6xK4rv7hNDW) at epoch 1, sequence 440, previous digest Some(CheckpointDigest(EteqsRnqyw5fkAc5uaZ1LgHcMoCsJ5LrF4N1odVFewfr)), transactions count 2, content digest CheckpointContentsDigest(D7fnynBD2WuNPKQppqwz7ouJwwbwuSexVzzUPAg4vbjM), end_of_epoch_data None
[2m2025-03-25T07:56:00.856050Z[0m [32m INFO[0m [1mnode[0m[1m{[0m[3mname[0m[2m=[0mk#addeef94..[1m}[0m[2m:[0m [2msui_core::checkpoints[0m[2m:[0m [2mcrates/sui-core/src/checkpoints/mod.rs[0m[2m:[0m[2m1326:[0m Creating checkpoint(s) for 2 transactions [3mnext_checkpoint_seq[0m[2m=[0m440 [3mcheckpoint_timestamp[0m[2m=[0m1742889360318
[2m2025-03-25T07:56:00.856294Z[0m [32m INFO[0m [1mnode[0m[1m{[0m[3mname[0m[2m=[0mk#addeef94..[1m}[0m[2m:[0m [2msui_core::checkpoints::checkpoint_output[0m[2m:[0m [2mcrates/sui-core/src/checkpoints/checkpoint_output.rs[0m[2m:[0m[2m149:[0m Creating checkpoint CheckpointDigest(8m4YfjRfHXw6cWL14L1bRCMT8BwZ9rKbP6xK4rv7hNDW) at epoch 1, sequence 440, previous digest Some(CheckpointDigest(EteqsRnqyw5fkAc5uaZ1LgHcMoCsJ5LrF4N1odVFewfr)), transactions count 2, content digest CheckpointContentsDigest(D7fnynBD2WuNPKQppqwz7ouJwwbwuSexVzzUPAg4vbjM), end_of_epoch_data None
[2m2025-03-25T07:56:00.857571Z[0m [32m INFO[0m [1mnode[0m[1m{[0m[3mname[0m[2m=[0mk#8dcff6d1..[1m}[0m[2m:[0m [2msui_core::checkpoints::checkpoint_output[0m[2m:[0m [2mcrates/sui-core/src/checkpoints/checkpoint_output.rs[0m[2m:[0m[2m196:[0m Certified checkpoint with sequence 439 and digest EteqsRnqyw5fkAc5uaZ1LgHcMoCsJ5LrF4N1odVFewfr
[2m2025-03-25T07:56:00.857599Z[0m [32m INFO[0m [1mnode[0m[1m{[0m[3mname[0m[2m=[0mk#99f25ef6..[1m}[0m[2m:[0m [2msui_core::checkpoints::checkpoint_output[0m[2m:[0m [2mcrates/sui-core/src/checkpoints/checkpoint_output.rs[0m[2m:[0m[2m196:[0m Certified checkpoint with sequence 439 and digest EteqsRnqyw5fkAc5uaZ1LgHcMoCsJ5LrF4N1odVFewfr
[2m2025-03-25T07:56:00.858010Z[0m [32m INFO[0m [1mnode[0m[1m{[0m[3mname[0m[2m=[0mk#8dcff6d1..[1m}[0m[2m:[0m [2msui_core::checkpoints::checkpoint_executor[0m[2m:[0m [2mcrates/sui-core/src/checkpoints/checkpoint_executor/mod.rs[0m[2m:[0m[2m332:[0m Received checkpoint summary from state sync [3msequence_number[0m[2m=[0m439
[2m2025-03-25T07:56:00.858099Z[0m [32m INFO[0m [1mnode[0m[1m{[0m[3mname[0m[2m=[0mk#99f25ef6..[1m}[0m[2m:[0m [2msui_core::checkpoints::checkpoint_executor[0m[2m:[0m [2mcrates/sui-core/src/checkpoints/checkpoint_executor/mod.rs[0m[2m:[0m[2m332:[0m Received checkpoint summary from state sync [3msequence_number[0m[2m=[0m439
[2m2025-03-25T07:56:00.859102Z[0m [32m INFO[0m [1mnode[0m[1m{[0m[3mname[0m[2m=[0mk#99f25ef6..[1m}[0m[2m:[0m [2msui_core::state_accumulator[0m[2m:[0m [2mcrates/sui-core/src/state_accumulator.rs[0m[2m:[0m[2m675:[0m accumulating running root for checkpoint 439
[2m2025-03-25T07:56:00.859114Z[0m [32m INFO[0m [1mnode[0m[1m{[0m[3mname[0m[2m=[0mk#8dcff6d1..[1m}[0m[2m:[0m [2msui_core::state_accumulator[0m[2m:[0m [2mcrates/sui-core/src/state_accumulator.rs[0m[2m:[0m[2m675:[0m accumulating running root for checkpoint 439
[2m2025-03-25T07:56:00.861194Z[0m [32m INFO[0m [1mnode[0m[1m{[0m[3mname[0m[2m=[0mk#addeef94..[1m}[0m[2m:[0m [2msui_core::checkpoints::checkpoint_executor[0m[2m:[0m [2mcrates/sui-core/src/checkpoints/checkpoint_executor/mod.rs[0m[2m:[0m[2m332:[0m Received checkpoint summary from state sync [3msequence_number[0m[2m=[0m439
[2m2025-03-25T07:56:00.861903Z[0m [32m INFO[0m [1mnode[0m[1m{[0m[3mname[0m[2m=[0mk#addeef94..[1m}[0m[2m:[0m [2msui_core::state_accumulator[0m[2m:[0m [2mcrates/sui-core/src/state_accumulator.rs[0m[2m:[0m[2m675:[0m accumulating running root for checkpoint 439
[2m2025-03-25T07:56:00.916952Z[0m [32m INFO[0m [1mnode[0m[1m{[0m[3mname[0m[2m=[0mk#b3f3cbb4..[1m}[0m[2m:[0m [2msui_core::state_accumulator[0m[2m:[0m [2mcrates/sui-core/src/state_accumulator.rs[0m[2m:[0m[2m675:[0m accumulating running root for checkpoint 407
[2m2025-03-25T07:56:01.004887Z[0m [32m INFO[0m [1mnode[0m[1m{[0m[3mname[0m[2m=[0mk#b3f3cbb4..[1m}[0m[2m:[0m [2msui_core::state_accumulator[0m[2m:[0m [2mcrates/sui-core/src/state_accumulator.rs[0m[2m:[0m[2m675:[0m accumulating running root for checkpoint 408
[2m2025-03-25T07:56:01.005148Z[0m [32m INFO[0m [1mnode[0m[1m{[0m[3mname[0m[2m=[0mk#b3f3cbb4..[1m}[0m[2m:[0m [2msui_core::checkpoints::checkpoint_executor[0m[2m:[0m [2mcrates/sui-core/src/checkpoints/checkpoint_executor/mod.rs[0m[2m:[0m[2m332:[0m Received checkpoint summary from state sync [3msequence_number[0m[2m=[0m437
[2m2025-03-25T07:56:01.080527Z[0m [32m INFO[0m [1mnode[0m[1m{[0m[3mname[0m[2m=[0mk#99f25ef6..[1m}[0m[2m:[0m [2mconsensus_core::core[0m[2m:[0m [2mconsensus/core/src/core.rs[0m[2m:[0m[2m945:[0m Included 3 ancestors & excluded 0 ancestors for proposal in round 240
[2m2025-03-25T07:56:01.080877Z[0m [32m INFO[0m [1mnode[0m[1m{[0m[3mname[0m[2m=[0mk#99f25ef6..[1m}[0m[2m:[0m [2mconsensus_core::core[0m[2m:[0m [2mconsensus/core/src/core.rs[0m[2m:[0m[2m531:[0m Created block B240(B,R6QIvC4J0tkZApJk37ZboJApAoNHOsFTd0xvxhQfyss=)(1742889361080ms;[B239(B,jmZ2e4vzXmZs4TBuW6xJyOQsXu8hjrwcikMrAvLE4Lc=), B239(A,CPmb57LJ7UqVcfdMr6I2I/MlD45MdcY347e0WN672f8=), B239(C,HnImoQZMrhAseba43gMH29qQk/POWqvHPhLokbVaqsg=)];1t;1c) for round 240
[2m2025-03-25T07:56:01.082468Z[0m [32m INFO[0m [1mnode[0m[1m{[0m[3mname[0m[2m=[0mk#addeef94..[1m}[0m[2m:[0m [2mconsensus_core::core[0m[2m:[0m [2mconsensus/core/src/core.rs[0m[2m:[0m[2m945:[0m Included 3 ancestors & excluded 0 ancestors for proposal in round 240
[2m2025-03-25T07:56:01.082468Z[0m [32m INFO[0m [1mnode[0m[1m{[0m[3mname[0m[2m=[0mk#8dcff6d1..[1m}[0m[2m:[0m [2mconsensus_core::core[0m[2m:[0m [2mconsensus/core/src/core.rs[0m[2m:[0m[2m945:[0m Included 3 ancestors & excluded 0 ancestors for proposal in round 240
[2m2025-03-25T07:56:01.082766Z[0m [32m INFO[0m [1mnode[0m[1m{[0m[3mname[0m[2m=[0mk#addeef94..[1m}[0m[2m:[0m [2mconsensus_core::core[0m[2m:[0m [2mconsensus/core/src/core.rs[0m[2m:[0m[2m531:[0m Created block B240(C,MVYcYD5JcZPv1DOg7LPQW3FiuFcWuxVnT17PjVZxrdU=)(1742889361082ms;[B239(C,HnImoQZMrhAseba43gMH29qQk/POWqvHPhLokbVaqsg=), B239(A,CPmb57LJ7UqVcfdMr6I2I/MlD45MdcY347e0WN672f8=), B239(B,jmZ2e4vzXmZs4TBuW6xJyOQsXu8hjrwcikMrAvLE4Lc=)];1t;1c) for round 240
[2m2025-03-25T07:56:01.082773Z[0m [32m INFO[0m [1mnode[0m[1m{[0m[3mname[0m[2m=[0mk#8dcff6d1..[1m}[0m[2m:[0m [2mconsensus_core::core[0m[2m:[0m [2mconsensus/core/src/core.rs[0m[2m:[0m[2m531:[0m Created block B240(A,QJHSFj4rGpExL1kT6hNk5438pEno07YpaZr6yL8KuBE=)(1742889361082ms;[B239(A,CPmb57LJ7UqVcfdMr6I2I/MlD45MdcY347e0WN672f8=), B239(B,jmZ2e4vzXmZs4TBuW6xJyOQsXu8hjrwcikMrAvLE4Lc=), B239(C,HnImoQZMrhAseba43gMH29qQk/POWqvHPhLokbVaqsg=)];1t;1c) for round 240
[2m2025-03-25T07:56:01.082903Z[0m [32m INFO[0m [1mnode[0m[1m{[0m[3mname[0m[2m=[0mk#addeef94..[1m}[0m[2m:[0m [2mconsensus_core::core[0m[2m:[0m [2mconsensus/core/src/core.rs[0m[2m:[0m[2m630:[0m Committing 1 leaders: B238(B,drDT)
[2m2025-03-25T07:56:01.082994Z[0m [32m INFO[0m [1mnode[0m[1m{[0m[3mname[0m[2m=[0mk#addeef94..[1m}[0m[2m:[0m [2mconsensus_core::commit_observer[0m[2m:[0m [2mconsensus/core/src/commit_observer.rs[0m[2m:[0m[2m173:[0m Consensus commit C228(HX3a) with leader B238(B,drDT) has 3 blocks
[2m2025-03-25T07:56:01.083292Z[0m [32m INFO[0m [1mnode[0m[1m{[0m[3mname[0m[2m=[0mk#addeef94..[1m}[0m[2m:[0m [2msui_core::consensus_handler[0m[2m:[0m [2mcrates/sui-core/src/consensus_handler.rs[0m[2m:[0m[2m232:[0m Received consensus output [3mconsensus_commit[0m[2m=[0mCommittedSubDag(leader=B238(B,drDT), ref=C228(HX3a), blocks=[dqwT, Nq0h, drDT]) [3mepoch[0m[2m=[0m1
[2m2025-03-25T07:56:01.084384Z[0m [32m INFO[0m [1mnode[0m[1m{[0m[3mname[0m[2m=[0mk#b3f3cbb4..[1m}[0m[2m:[0m [2msui_core::state_accumulator[0m[2m:[0m [2mcrates/sui-core/src/state_accumulator.rs[0m[2m:[0m[2m675:[0m accumulating running root for checkpoint 409
[2m2025-03-25T07:56:01.086634Z[0m [32m INFO[0m [1mnode[0m[1m{[0m[3mname[0m[2m=[0mk#8dcff6d1..[1m}[0m[2m:[0m [2msui_core::checkpoints::checkpoint_output[0m[2m:[0m [2mcrates/sui-core/src/checkpoints/checkpoint_output.rs[0m[2m:[0m[2m196:[0m Certified checkpoint with sequence 440 and digest 8m4YfjRfHXw6cWL14L1bRCMT8BwZ9rKbP6xK4rv7hNDW
[2m2025-03-25T07:56:01.086743Z[0m [32m INFO[0m [1mnode[0m[1m{[0m[3mname[0m[2m=[0mk#8dcff6d1..[1m}[0m[2m:[0m [2mconsensus_core::core[0m[2m:[0m [2mconsensus/core/src/core.rs[0m[2m:[0m[2m630:[0m Committing 1 leaders: B238(B,drDT)
[2m2025-03-25T07:56:01.086850Z[0m [32m INFO[0m [1mnode[0m[1m{[0m[3mname[0m[2m=[0mk#8dcff6d1..[1m}[0m[2m:[0m [2mconsensus_core::commit_observer[0m[2m:[0m [2mconsensus/core/src/commit_observer.rs[0m[2m:[0m[2m173:[0m Consensus commit C228(HX3a) with leader B238(B,drDT) has 3 blocks
[2m2025-03-25T07:56:01.086963Z[0m [32m INFO[0m [1mnode[0m[1m{[0m[3mname[0m[2m=[0mk#99f25ef6..[1m}[0m[2m:[0m [2msui_core::checkpoints::checkpoint_output[0m[2m:[0m [2mcrates/sui-core/src/checkpoints/checkpoint_output.rs[0m[2m:[0m[2m196:[0m Certified checkpoint with sequence 440 and digest 8m4YfjRfHXw6cWL14L1bRCMT8BwZ9rKbP6xK4rv7hNDW
[2m2025-03-25T07:56:01.087063Z[0m [32m INFO[0m [1mnode[0m[1m{[0m[3mname[0m[2m=[0mk#99f25ef6..[1m}[0m[2m:[0m [2mconsensus_core::core[0m[2m:[0m [2mconsensus/core/src/core.rs[0m[2m:[0m[2m630:[0m Committing 1 leaders: B238(B,drDT)
[2m2025-03-25T07:56:01.087176Z[0m [32m INFO[0m [1mnode[0m[1m{[0m[3mname[0m[2m=[0mk#99f25ef6..[1m}[0m[2m:[0m [2mconsensus_core::commit_observer[0m[2m:[0m [2mconsensus/core/src/commit_observer.rs[0m[2m:[0m[2m173:[0m Consensus commit C228(HX3a) with leader B238(B,drDT) has 3 blocks
[2m2025-03-25T07:56:01.087257Z[0m [32m INFO[0m [1mnode[0m[1m{[0m[3mname[0m[2m=[0mk#8dcff6d1..[1m}[0m[2m:[0m [2msui_core::consensus_handler[0m[2m:[0m [2mcrates/sui-core/src/consensus_handler.rs[0m[2m:[0m[2m232:[0m Received consensus output [3mconsensus_commit[0m[2m=[0mCommittedSubDag(leader=B238(B,drDT), ref=C228(HX3a), blocks=[dqwT, Nq0h, drDT]) [3mepoch[0m[2m=[0m1
[2m2025-03-25T07:56:01.087553Z[0m [32m INFO[0m [1mnode[0m[1m{[0m[3mname[0m[2m=[0mk#99f25ef6..[1m}[0m[2m:[0m [2msui_core::consensus_handler[0m[2m:[0m [2mcrates/sui-core/src/consensus_handler.rs[0m[2m:[0m[2m232:[0m Received consensus output [3mconsensus_commit[0m[2m=[0mCommittedSubDag(leader=B238(B,drDT), ref=C228(HX3a), blocks=[dqwT, Nq0h, drDT]) [3mepoch[0m[2m=[0m1
[2m2025-03-25T07:56:01.088190Z[0m [32m INFO[0m [1mnode[0m[1m{[0m[3mname[0m[2m=[0mk#8dcff6d1..[1m}[0m[2m:[0m [2msui_core::checkpoints::checkpoint_executor[0m[2m:[0m [2mcrates/sui-core/src/checkpoints/checkpoint_executor/mod.rs[0m[2m:[0m[2m332:[0m Received checkpoint summary from state sync [3msequence_number[0m[2m=[0m440
[2m2025-03-25T07:56:01.088390Z[0m [32m INFO[0m [1mnode[0m[1m{[0m[3mname[0m[2m=[0mk#99f25ef6..[1m}[0m[2m:[0m [2msui_core::checkpoints::checkpoint_executor[0m[2m:[0m [2mcrates/sui-core/src/checkpoints/checkpoint_executor/mod.rs[0m[2m:[0m[2m332:[0m Received checkpoint summary from state sync [3msequence_number[0m[2m=[0m440
[2m2025-03-25T07:56:01.101882Z[0m [32m INFO[0m [1mnode[0m[1m{[0m[3mname[0m[2m=[0mk#99f25ef6..[1m}[0m[2m:[0m [2msui_core::state_accumulator[0m[2m:[0m [2mcrates/sui-core/src/state_accumulator.rs[0m[2m:[0m[2m675:[0m accumulating running root for checkpoint 440
[2m2025-03-25T07:56:01.101883Z[0m [32m INFO[0m [1mnode[0m[1m{[0m[3mname[0m[2m=[0mk#8dcff6d1..[1m}[0m[2m:[0m [2msui_core::state_accumulator[0m[2m:[0m [2mcrates/sui-core/src/state_accumulator.rs[0m[2m:[0m[2m675:[0m accumulating running root for checkpoint 440
[2m2025-03-25T07:56:01.249883Z[0m [32m INFO[0m [1mnode[0m[1m{[0m[3mname[0m[2m=[0mk#addeef94..[1m}[0m[2m:[0m [2msui_core::checkpoints[0m[2m:[0m [2mcrates/sui-core/src/checkpoints/mod.rs[0m[2m:[0m[2m1326:[0m Creating checkpoint(s) for 2 transactions [3mnext_checkpoint_seq[0m[2m=[0m441 [3mcheckpoint_timestamp[0m[2m=[0m1742889360571
[2m2025-03-25T07:56:01.250440Z[0m [32m INFO[0m [1mnode[0m[1m{[0m[3mname[0m[2m=[0mk#addeef94..[1m}[0m[2m:[0m [2msui_core::checkpoints::checkpoint_output[0m[2m:[0m [2mcrates/sui-core/src/checkpoints/checkpoint_output.rs[0m[2m:[0m[2m149:[0m Creating checkpoint CheckpointDigest(4FfixtcBoKQEnn1CDmZgSpRPxXPXtmqoiZs451PHEFW8) at epoch 1, sequence 441, previous digest Some(CheckpointDigest(8m4YfjRfHXw6cWL14L1bRCMT8BwZ9rKbP6xK4rv7hNDW)), transactions count 2, content digest CheckpointContentsDigest(DxE6j5QJz8dJD23P8nRpeEDCbzno8VDusiv38eLcTYcz), end_of_epoch_data None
[2m2025-03-25T07:56:01.251875Z[0m [32m INFO[0m [1mnode[0m[1m{[0m[3mname[0m[2m=[0mk#8dcff6d1..[1m}[0m[2m:[0m [2msui_core::checkpoints[0m[2m:[0m [2mcrates/sui-core/src/checkpoints/mod.rs[0m[2m:[0m[2m1326:[0m Creating checkpoint(s) for 2 transactions [3mnext_checkpoint_seq[0m[2m=[0m441 [3mcheckpoint_timestamp[0m[2m=[0m1742889360571
[2m2025-03-25T07:56:01.252097Z[0m [32m INFO[0m [1mnode[0m[1m{[0m[3mname[0m[2m=[0mk#99f25ef6..[1m}[0m[2m:[0m [2msui_core::checkpoints[0m[2m:[0m [2mcrates/sui-core/src/checkpoints/mod.rs[0m[2m:[0m[2m1326:[0m Creating checkpoint(s) for 2 transactions [3mnext_checkpoint_seq[0m[2m=[0m441 [3mcheckpoint_timestamp[0m[2m=[0m1742889360571
[2m2025-03-25T07:56:01.252355Z[0m [32m INFO[0m [1mnode[0m[1m{[0m[3mname[0m[2m=[0mk#8dcff6d1..[1m}[0m[2m:[0m [2msui_core::checkpoints::checkpoint_output[0m[2m:[0m [2mcrates/sui-core/src/checkpoints/checkpoint_output.rs[0m[2m:[0m[2m149:[0m Creating checkpoint CheckpointDigest(4FfixtcBoKQEnn1CDmZgSpRPxXPXtmqoiZs451PHEFW8) at epoch 1, sequence 441, previous digest Some(CheckpointDigest(8m4YfjRfHXw6cWL14L1bRCMT8BwZ9rKbP6xK4rv7hNDW)), transactions count 2, content digest CheckpointContentsDigest(DxE6j5QJz8dJD23P8nRpeEDCbzno8VDusiv38eLcTYcz), end_of_epoch_data None
[2m2025-03-25T07:56:01.252557Z[0m [32m INFO[0m [1mnode[0m[1m{[0m[3mname[0m[2m=[0mk#99f25ef6..[1m}[0m[2m:[0m [2msui_core::checkpoints::checkpoint_output[0m[2m:[0m [2mcrates/sui-core/src/checkpoints/checkpoint_output.rs[0m[2m:[0m[2m149:[0m Creating checkpoint CheckpointDigest(4FfixtcBoKQEnn1CDmZgSpRPxXPXtmqoiZs451PHEFW8) at epoch 1, sequence 441, previous digest Some(CheckpointDigest(8m4YfjRfHXw6cWL14L1bRCMT8BwZ9rKbP6xK4rv7hNDW)), transactions count 2, content digest CheckpointContentsDigest(DxE6j5QJz8dJD23P8nRpeEDCbzno8VDusiv38eLcTYcz), end_of_epoch_data None
[2m2025-03-25T07:56:01.317847Z[0m [32m INFO[0m [1mnode[0m[1m{[0m[3mname[0m[2m=[0mk#8dcff6d1..[1m}[0m[2m:[0m [2mconsensus_core::commit_syncer[0m[2m:[0m [2mconsensus/core/src/commit_syncer.rs[0m[2m:[0m[2m196:[0m Checking to schedule fetches: synced_commit_index=228, highest_handled_index=228, highest_scheduled_index=0, quorum_commit_index=227, unhandled_commits_threshold=3200
[2m2025-03-25T07:56:01.319713Z[0m [32m INFO[0m [1mnode[0m[1m{[0m[3mname[0m[2m=[0mk#addeef94..[1m}[0m[2m:[0m [2msui_core::checkpoints::checkpoint_executor[0m[2m:[0m [2mcrates/sui-core/src/checkpoints/checkpoint_executor/mod.rs[0m[2m:[0m[2m332:[0m Received checkpoint summary from state sync [3msequence_number[0m[2m=[0m440
[2m2025-03-25T07:56:01.321153Z[0m [32m INFO[0m [1mnode[0m[1m{[0m[3mname[0m[2m=[0mk#addeef94..[1m}[0m[2m:[0m [2msui_core::state_accumulator[0m[2m:[0m [2mcrates/sui-core/src/state_accumulator.rs[0m[2m:[0m[2m675:[0m accumulating running root for checkpoint 440
[2m2025-03-25T07:56:01.327423Z[0m [32m INFO[0m [1mnode[0m[1m{[0m[3mname[0m[2m=[0mk#addeef94..[1m}[0m[2m:[0m [2mconsensus_core::commit_syncer[0m[2m:[0m [2mconsensus/core/src/commit_syncer.rs[0m[2m:[0m[2m196:[0m Checking to schedule fetches: synced_commit_index=228, highest_handled_index=228, highest_scheduled_index=0, quorum_commit_index=0, unhandled_commits_threshold=3200
[2m2025-03-25T07:56:01.331388Z[0m [32m INFO[0m [1mnode[0m[1m{[0m[3mname[0m[2m=[0mk#99f25ef6..[1m}[0m[2m:[0m [2mconsensus_core::commit_syncer[0m[2m:[0m [2mconsensus/core/src/commit_syncer.rs[0m[2m:[0m[2m196:[0m Checking to schedule fetches: synced_commit_index=228, highest_handled_index=228, highest_scheduled_index=0, quorum_commit_index=227, unhandled_commits_threshold=3200
[2m2025-03-25T07:56:01.335383Z[0m [32m INFO[0m [1mnode[0m[1m{[0m[3mname[0m[2m=[0mk#addeef94..[1m}[0m[2m:[0m [2mconsensus_core::core[0m[2m:[0m [2mconsensus/core/src/core.rs[0m[2m:[0m[2m945:[0m Included 3 ancestors & excluded 0 ancestors for proposal in round 241
[2m2025-03-25T07:56:01.335742Z[0m [32m INFO[0m [1mnode[0m[1m{[0m[3mname[0m[2m=[0mk#addeef94..[1m}[0m[2m:[0m [2mconsensus_core::core[0m[2m:[0m [2mconsensus/core/src/core.rs[0m[2m:[0m[2m531:[0m Created block B241(C,Ospj5DURniEeKBPxH8m5FG0THxpfeX07+0Oagzhi8Rw=)(1742889361335ms;[B240(C,MVYcYD5JcZPv1DOg7LPQW3FiuFcWuxVnT17PjVZxrdU=), B240(A,QJHSFj4rGpExL1kT6hNk5438pEno07YpaZr6yL8KuBE=), B240(B,R6QIvC4J0tkZApJk37ZboJApAoNHOsFTd0xvxhQfyss=)];1t;1c) for round 241
[2m2025-03-25T07:56:01.337657Z[0m [32m INFO[0m [1mnode[0m[1m{[0m[3mname[0m[2m=[0mk#8dcff6d1..[1m}[0m[2m:[0m [2mconsensus_core::core[0m[2m:[0m [2mconsensus/core/src/core.rs[0m[2m:[0m[2m945:[0m Included 3 ancestors & excluded 0 ancestors for proposal in round 241
[2m2025-03-25T07:56:01.337946Z[0m [32m INFO[0m [1mnode[0m[1m{[0m[3mname[0m[2m=[0mk#8dcff6d1..[1m}[0m[2m:[0m [2mconsensus_core::core[0m[2m:[0m [2mconsensus/core/src/core.rs[0m[2m:[0m[2m531:[0m Created block B241(A,Xr4ucOv4vrRyWRp69rD7AUMXFzor+XvmS2d3g87tZxk=)(1742889361337ms;[B240(A,QJHSFj4rGpExL1kT6hNk5438pEno07YpaZr6yL8KuBE=), B240(B,R6QIvC4J0tkZApJk37ZboJApAoNHOsFTd0xvxhQfyss=), B240(C,MVYcYD5JcZPv1DOg7LPQW3FiuFcWuxVnT17PjVZxrdU=)];1t;1c) for round 241
[2m2025-03-25T07:56:01.338018Z[0m [32m INFO[0m [1mnode[0m[1m{[0m[3mname[0m[2m=[0mk#8dcff6d1..[1m}[0m[2m:[0m [2mconsensus_core::core[0m[2m:[0m [2mconsensus/core/src/core.rs[0m[2m:[0m[2m630:[0m Committing 1 leaders: B239(C,HnIm)
[2m2025-03-25T07:56:01.338091Z[0m [32m INFO[0m [1mnode[0m[1m{[0m[3mname[0m[2m=[0mk#8dcff6d1..[1m}[0m[2m:[0m [2mconsensus_core::commit_observer[0m[2m:[0m [2mconsensus/core/src/commit_observer.rs[0m[2m:[0m[2m173:[0m Consensus commit C229(W/jd) with leader B239(C,HnIm) has 3 blocks
[2m2025-03-25T07:56:01.338183Z[0m [32m INFO[0m [1mnode[0m[1m{[0m[3mname[0m[2m=[0mk#8dcff6d1..[1m}[0m[2m:[0m [2msui_core::consensus_handler[0m[2m:[0m [2mcrates/sui-core/src/consensus_handler.rs[0m[2m:[0m[2m232:[0m Received consensus output [3mconsensus_commit[0m[2m=[0mCommittedSubDag(leader=B239(C,HnIm), ref=C229(W/jd), blocks=[Yxfd, im5Z, HnIm]) [3mepoch[0m[2m=[0m1
[2m2025-03-25T07:56:01.338766Z[0m [32m INFO[0m [1mnode[0m[1m{[0m[3mname[0m[2m=[0mk#99f25ef6..[1m}[0m[2m:[0m [2mconsensus_core::core[0m[2m:[0m [2mconsensus/core/src/core.rs[0m[2m:[0m[2m945:[0m Included 3 ancestors & excluded 0 ancestors for proposal in round 241
[2m2025-03-25T07:56:01.339047Z[0m [32m INFO[0m [1mnode[0m[1m{[0m[3mname[0m[2m=[0mk#99f25ef6..[1m}[0m[2m:[0m [2mconsensus_core::core[0m[2m:[0m [2mconsensus/core/src/core.rs[0m[2m:[0m[2m531:[0m Created block B241(B,rjWSDhfpJYok8uZb7WbKFCmQ1Qb0WIZk5U2TEU7W3y0=)(1742889361338ms;[B240(B,R6QIvC4J0tkZApJk37ZboJApAoNHOsFTd0xvxhQfyss=), B240(A,QJHSFj4rGpExL1kT6hNk5438pEno07YpaZr6yL8KuBE=), B240(C,MVYcYD5JcZPv1DOg7LPQW3FiuFcWuxVnT17PjVZxrdU=)];1t;1c) for round 241
[2m2025-03-25T07:56:01.339110Z[0m [32m INFO[0m [1mnode[0m[1m{[0m[3mname[0m[2m=[0mk#99f25ef6..[1m}[0m[2m:[0m [2mconsensus_core::core[0m[2m:[0m [2mconsensus/core/src/core.rs[0m[2m:[0m[2m630:[0m Committing 1 leaders: B239(C,HnIm)
[2m2025-03-25T07:56:01.339174Z[0m [32m INFO[0m [1mnode[0m[1m{[0m[3mname[0m[2m=[0mk#99f25ef6..[1m}[0m[2m:[0m [2mconsensus_core::commit_observer[0m[2m:[0m [2mconsensus/core/src/commit_observer.rs[0m[2m:[0m[2m173:[0m Consensus commit C229(W/jd) with leader B239(C,HnIm) has 3 blocks
[2m2025-03-25T07:56:01.339250Z[0m [32m INFO[0m [1mnode[0m[1m{[0m[3mname[0m[2m=[0mk#99f25ef6..[1m}[0m[2m:[0m [2msui_core::consensus_handler[0m[2m:[0m [2mcrates/sui-core/src/consensus_handler.rs[0m[2m:[0m[2m232:[0m Received consensus output [3mconsensus_commit[0m[2m=[0mCommittedSubDag(leader=B239(C,HnIm), ref=C229(W/jd), blocks=[Yxfd, im5Z, HnIm]) [3mepoch[0m[2m=[0m1
[2m2025-03-25T07:56:01.341449Z[0m [32m INFO[0m [1mnode[0m[1m{[0m[3mname[0m[2m=[0mk#addeef94..[1m}[0m[2m:[0m [2mconsensus_core::core[0m[2m:[0m [2mconsensus/core/src/core.rs[0m[2m:[0m[2m630:[0m Committing 1 leaders: B239(C,HnIm)
[2m2025-03-25T07:56:01.341558Z[0m [32m INFO[0m [1mnode[0m[1m{[0m[3mname[0m[2m=[0mk#addeef94..[1m}[0m[2m:[0m [2mconsensus_core::commit_observer[0m[2m:[0m [2mconsensus/core/src/commit_observer.rs[0m[2m:[0m[2m173:[0m Consensus commit C229(W/jd) with leader B239(C,HnIm) has 3 blocks
[2m2025-03-25T07:56:01.341638Z[0m [32m INFO[0m [1mnode[0m[1m{[0m[3mname[0m[2m=[0mk#addeef94..[1m}[0m[2m:[0m [2msui_core::consensus_handler[0m[2m:[0m [2mcrates/sui-core/src/consensus_handler.rs[0m[2m:[0m[2m232:[0m Received consensus output [3mconsensus_commit[0m[2m=[0mCommittedSubDag(leader=B239(C,HnIm), ref=C229(W/jd), blocks=[Yxfd, im5Z, HnIm]) [3mepoch[0m[2m=[0m1
[2m2025-03-25T07:56:01.364828Z[0m [32m INFO[0m [1mnode[0m[1m{[0m[3mname[0m[2m=[0mk#8dcff6d1..[1m}[0m[2m:[0m [2msui_core::checkpoints[0m[2m:[0m [2mcrates/sui-core/src/checkpoints/mod.rs[0m[2m:[0m[2m1326:[0m Creating checkpoint(s) for 2 transactions [3mnext_checkpoint_seq[0m[2m=[0m442 [3mcheckpoint_timestamp[0m[2m=[0m1742889360823
[2m2025-03-25T07:56:01.365141Z[0m [32m INFO[0m [1mnode[0m[1m{[0m[3mname[0m[2m=[0mk#8dcff6d1..[1m}[0m[2m:[0m [2msui_core::checkpoints::checkpoint_output[0m[2m:[0m [2mcrates/sui-core/src/checkpoints/checkpoint_output.rs[0m[2m:[0m[2m149:[0m Creating checkpoint CheckpointDigest(CwHrDWpC1EGUoi191gRF6wmjUscoysBCxzpzkZC36FFh) at epoch 1, sequence 442, previous digest Some(CheckpointDigest(4FfixtcBoKQEnn1CDmZgSpRPxXPXtmqoiZs451PHEFW8)), transactions count 2, content digest CheckpointContentsDigest(8HC5cTPSZ2brRLgfksDJRePZSFAxpkxrsewh6fyEQUJD), end_of_epoch_data None
[2m2025-03-25T07:56:01.365294Z[0m [32m INFO[0m [1mnode[0m[1m{[0m[3mname[0m[2m=[0mk#99f25ef6..[1m}[0m[2m:[0m [2msui_core::checkpoints[0m[2m:[0m [2mcrates/sui-core/src/checkpoints/mod.rs[0m[2m:[0m[2m1326:[0m Creating checkpoint(s) for 2 transactions [3mnext_checkpoint_seq[0m[2m=[0m442 [3mcheckpoint_timestamp[0m[2m=[0m1742889360823
[2m2025-03-25T07:56:01.365542Z[0m [32m INFO[0m [1mnode[0m[1m{[0m[3mname[0m[2m=[0mk#99f25ef6..[1m}[0m[2m:[0m [2msui_core::checkpoints::checkpoint_output[0m[2m:[0m [2mcrates/sui-core/src/checkpoints/checkpoint_output.rs[0m[2m:[0m[2m149:[0m Creating checkpoint CheckpointDigest(CwHrDWpC1EGUoi191gRF6wmjUscoysBCxzpzkZC36FFh) at epoch 1, sequence 442, previous digest Some(CheckpointDigest(4FfixtcBoKQEnn1CDmZgSpRPxXPXtmqoiZs451PHEFW8)), transactions count 2, content digest CheckpointContentsDigest(8HC5cTPSZ2brRLgfksDJRePZSFAxpkxrsewh6fyEQUJD), end_of_epoch_data None
[2m2025-03-25T07:56:01.367521Z[0m [32m INFO[0m [1mnode[0m[1m{[0m[3mname[0m[2m=[0mk#addeef94..[1m}[0m[2m:[0m [2msui_core::checkpoints[0m[2m:[0m [2mcrates/sui-core/src/checkpoints/mod.rs[0m[2m:[0m[2m1326:[0m Creating checkpoint(s) for 2 transactions [3mnext_checkpoint_seq[0m[2m=[0m442 [3mcheckpoint_timestamp[0m[2m=[0m1742889360823
[2m2025-03-25T07:56:01.367771Z[0m [32m INFO[0m [1mnode[0m[1m{[0m[3mname[0m[2m=[0mk#addeef94..[1m}[0m[2m:[0m [2msui_core::checkpoints::checkpoint_output[0m[2m:[0m [2mcrates/sui-core/src/checkpoints/checkpoint_output.rs[0m[2m:[0m[2m149:[0m Creating checkpoint CheckpointDigest(CwHrDWpC1EGUoi191gRF6wmjUscoysBCxzpzkZC36FFh) at epoch 1, sequence 442, previous digest Some(CheckpointDigest(4FfixtcBoKQEnn1CDmZgSpRPxXPXtmqoiZs451PHEFW8)), transactions count 2, content digest CheckpointContentsDigest(8HC5cTPSZ2brRLgfksDJRePZSFAxpkxrsewh6fyEQUJD), end_of_epoch_data None
[2m2025-03-25T07:56:01.368299Z[0m [32m INFO[0m [1mnode[0m[1m{[0m[3mname[0m[2m=[0mk#8dcff6d1..[1m}[0m[2m:[0m [2msui_core::checkpoints::checkpoint_output[0m[2m:[0m [2mcrates/sui-core/src/checkpoints/checkpoint_output.rs[0m[2m:[0m[2m196:[0m Certified checkpoint with sequence 441 and digest 4FfixtcBoKQEnn1CDmZgSpRPxXPXtmqoiZs451PHEFW8
[2m2025-03-25T07:56:01.368447Z[0m [32m INFO[0m [1mnode[0m[1m{[0m[3mname[0m[2m=[0mk#99f25ef6..[1m}[0m[2m:[0m [2msui_core::checkpoints::checkpoint_output[0m[2m:[0m [2mcrates/sui-core/src/checkpoints/checkpoint_output.rs[0m[2m:[0m[2m196:[0m Certified checkpoint with sequence 441 and digest 4FfixtcBoKQEnn1CDmZgSpRPxXPXtmqoiZs451PHEFW8
[2m2025-03-25T07:56:01.368785Z[0m [32m INFO[0m [1mnode[0m[1m{[0m[3mname[0m[2m=[0mk#8dcff6d1..[1m}[0m[2m:[0m [2msui_core::checkpoints::checkpoint_executor[0m[2m:[0m [2mcrates/sui-core/src/checkpoints/checkpoint_executor/mod.rs[0m[2m:[0m[2m332:[0m Received checkpoint summary from state sync [3msequence_number[0m[2m=[0m441
[2m2025-03-25T07:56:01.368851Z[0m [32m INFO[0m [1mnode[0m[1m{[0m[3mname[0m[2m=[0mk#99f25ef6..[1m}[0m[2m:[0m [2msui_core::checkpoints::checkpoint_executor[0m[2m:[0m [2mcrates/sui-core/src/checkpoints/checkpoint_executor/mod.rs[0m[2m:[0m[2m332:[0m Received checkpoint summary from state sync [3msequence_number[0m[2m=[0m441
[2m2025-03-25T07:56:01.371115Z[0m [32m INFO[0m [1mnode[0m[1m{[0m[3mname[0m[2m=[0mk#99f25ef6..[1m}[0m[2m:[0m [2msui_core::state_accumulator[0m[2m:[0m [2mcrates/sui-core/src/state_accumulator.rs[0m[2m:[0m[2m675:[0m accumulating running root for checkpoint 441
[2m2025-03-25T07:56:01.371115Z[0m [32m INFO[0m [1mnode[0m[1m{[0m[3mname[0m[2m=[0mk#8dcff6d1..[1m}[0m[2m:[0m [2msui_core::state_accumulator[0m[2m:[0m [2mcrates/sui-core/src/state_accumulator.rs[0m[2m:[0m[2m675:[0m accumulating running root for checkpoint 441
[2m2025-03-25T07:56:01.373353Z[0m [32m INFO[0m [1mnode[0m[1m{[0m[3mname[0m[2m=[0mk#addeef94..[1m}[0m[2m:[0m [2msui_core::checkpoints::checkpoint_executor[0m[2m:[0m [2mcrates/sui-core/src/checkpoints/checkpoint_executor/mod.rs[0m[2m:[0m[2m332:[0m Received checkpoint summary from state sync [3msequence_number[0m[2m=[0m441
[2m2025-03-25T07:56:01.375246Z[0m [32m INFO[0m [1mnode[0m[1m{[0m[3mname[0m[2m=[0mk#addeef94..[1m}[0m[2m:[0m [2msui_core::state_accumulator[0m[2m:[0m [2mcrates/sui-core/src/state_accumulator.rs[0m[2m:[0m[2m675:[0m accumulating running root for checkpoint 441
[2m2025-03-25T07:56:01.590618Z[0m [32m INFO[0m [1mnode[0m[1m{[0m[3mname[0m[2m=[0mk#8dcff6d1..[1m}[0m[2m:[0m [2mconsensus_core::core[0m[2m:[0m [2mconsensus/core/src/core.rs[0m[2m:[0m[2m945:[0m Included 3 ancestors & excluded 0 ancestors for proposal in round 242
[2m2025-03-25T07:56:01.590953Z[0m [32m INFO[0m [1mnode[0m[1m{[0m[3mname[0m[2m=[0mk#8dcff6d1..[1m}[0m[2m:[0m [2mconsensus_core::core[0m[2m:[0m [2mconsensus/core/src/core.rs[0m[2m:[0m[2m531:[0m Created block B242(A,aA8EEmz5F6dMegYMrTsRGqcOmEsuvtB1MGnEAXmQKcY=)(1742889361590ms;[B241(A,Xr4ucOv4vrRyWRp69rD7AUMXFzor+XvmS2d3g87tZxk=), B241(B,rjWSDhfpJYok8uZb7WbKFCmQ1Qb0WIZk5U2TEU7W3y0=), B241(C,Ospj5DURniEeKBPxH8m5FG0THxpfeX07+0Oagzhi8Rw=)];1t;1c) for round 242
[2m2025-03-25T07:56:01.592378Z[0m [32m INFO[0m [1mnode[0m[1m{[0m[3mname[0m[2m=[0mk#addeef94..[1m}[0m[2m:[0m [2mconsensus_core::core[0m[2m:[0m [2mconsensus/core/src/core.rs[0m[2m:[0m[2m945:[0m Included 3 ancestors & excluded 0 ancestors for proposal in round 242
[2m2025-03-25T07:56:01.592492Z[0m [32m INFO[0m [1mnode[0m[1m{[0m[3mname[0m[2m=[0mk#99f25ef6..[1m}[0m[2m:[0m [2mconsensus_core::core[0m[2m:[0m [2mconsensus/core/src/core.rs[0m[2m:[0m[2m945:[0m Included 3 ancestors & excluded 0 ancestors for proposal in round 242
[2m2025-03-25T07:56:01.592677Z[0m [32m INFO[0m [1mnode[0m[1m{[0m[3mname[0m[2m=[0mk#addeef94..[1m}[0m[2m:[0m [2mconsensus_core::core[0m[2m:[0m [2mconsensus/core/src/core.rs[0m[2m:[0m[2m531:[0m Created block B242(C,e3TM/7TxadOzzjkm58LhNNXVODbPYF2EFpNl4t+09tE=)(1742889361592ms;[B241(C,Ospj5DURniEeKBPxH8m5FG0THxpfeX07+0Oagzhi8Rw=), B241(A,Xr4ucOv4vrRyWRp69rD7AUMXFzor+XvmS2d3g87tZxk=), B241(B,rjWSDhfpJYok8uZb7WbKFCmQ1Qb0WIZk5U2TEU7W3y0=)];1t;1c) for round 242
[2m2025-03-25T07:56:01.592776Z[0m [32m INFO[0m [1mnode[0m[1m{[0m[3mname[0m[2m=[0mk#99f25ef6..[1m}[0m[2m:[0m [2mconsensus_core::core[0m[2m:[0m [2mconsensus/core/src/core.rs[0m[2m:[0m[2m531:[0m Created block B242(B,lUmyWIyKllyVk0QF42+Xkcx7lTWVekp98Vdxn9uRA9k=)(1742889361592ms;[B241(B,rjWSDhfpJYok8uZb7WbKFCmQ1Qb0WIZk5U2TEU7W3y0=), B241(A,Xr4ucOv4vrRyWRp69rD7AUMXFzor+XvmS2d3g87tZxk=), B241(C,Ospj5DURniEeKBPxH8m5FG0THxpfeX07+0Oagzhi8Rw=)];1t;1c) for round 242
[2m2025-03-25T07:56:01.594281Z[0m [32m INFO[0m [1mnode[0m[1m{[0m[3mname[0m[2m=[0mk#8dcff6d1..[1m}[0m[2m:[0m [2mconsensus_core::core[0m[2m:[0m [2mconsensus/core/src/core.rs[0m[2m:[0m[2m630:[0m Committing 1 leaders: B240(B,R6QI)
[2m2025-03-25T07:56:01.594371Z[0m [32m INFO[0m [1mnode[0m[1m{[0m[3mname[0m[2m=[0mk#8dcff6d1..[1m}[0m[2m:[0m [2mconsensus_core::commit_observer[0m[2m:[0m [2mconsensus/core/src/commit_observer.rs[0m[2m:[0m[2m173:[0m Consensus commit C230(ZHhu) with leader B240(B,R6QI) has 3 blocks
[2m2025-03-25T07:56:01.594454Z[0m [32m INFO[0m [1mnode[0m[1m{[0m[3mname[0m[2m=[0mk#8dcff6d1..[1m}[0m[2m:[0m [2msui_core::consensus_handler[0m[2m:[0m [2mcrates/sui-core/src/consensus_handler.rs[0m[2m:[0m[2m232:[0m Received consensus output [3mconsensus_commit[0m[2m=[0mCommittedSubDag(leader=B240(B,R6QI), ref=C230(ZHhu), blocks=[CPmb, jmZ2, R6QI]) [3mepoch[0m[2m=[0m1
[2m2025-03-25T07:56:01.594627Z[0m [32m INFO[0m [1mnode[0m[1m{[0m[3mname[0m[2m=[0mk#addeef94..[1m}[0m[2m:[0m [2mconsensus_core::core[0m[2m:[0m [2mconsensus/core/src/core.rs[0m[2m:[0m[2m630:[0m Committing 1 leaders: B240(B,R6QI)
[2m2025-03-25T07:56:01.594711Z[0m [32m INFO[0m [1mnode[0m[1m{[0m[3mname[0m[2m=[0mk#addeef94..[1m}[0m[2m:[0m [2mconsensus_core::commit_observer[0m[2m:[0m [2mconsensus/core/src/commit_observer.rs[0m[2m:[0m[2m173:[0m Consensus commit C230(ZHhu) with leader B240(B,R6QI) has 3 blocks
[2m2025-03-25T07:56:01.594784Z[0m [32m INFO[0m [1mnode[0m[1m{[0m[3mname[0m[2m=[0mk#addeef94..[1m}[0m[2m:[0m [2msui_core::consensus_handler[0m[2m:[0m [2mcrates/sui-core/src/consensus_handler.rs[0m[2m:[0m[2m232:[0m Received consensus output [3mconsensus_commit[0m[2m=[0mCommittedSubDag(leader=B240(B,R6QI), ref=C230(ZHhu), blocks=[CPmb, jmZ2, R6QI]) [3mepoch[0m[2m=[0m1
[2m2025-03-25T07:56:01.595357Z[0m [32m INFO[0m [1mnode[0m[1m{[0m[3mname[0m[2m=[0mk#99f25ef6..[1m}[0m[2m:[0m [2msui_core::checkpoints::checkpoint_output[0m[2m:[0m [2mcrates/sui-core/src/checkpoints/checkpoint_output.rs[0m[2m:[0m[2m196:[0m Certified checkpoint with sequence 442 and digest CwHrDWpC1EGUoi191gRF6wmjUscoysBCxzpzkZC36FFh
[2m2025-03-25T07:56:01.595460Z[0m [32m INFO[0m [1mnode[0m[1m{[0m[3mname[0m[2m=[0mk#99f25ef6..[1m}[0m[2m:[0m [2mconsensus_core::core[0m[2m:[0m [2mconsensus/core/src/core.rs[0m[2m:[0m[2m630:[0m Committing 1 leaders: B240(B,R6QI)
[2m2025-03-25T07:56:01.595556Z[0m [32m INFO[0m [1mnode[0m[1m{[0m[3mname[0m[2m=[0mk#99f25ef6..[1m}[0m[2m:[0m [2mconsensus_core::commit_observer[0m[2m:[0m [2mconsensus/core/src/commit_observer.rs[0m[2m:[0m[2m173:[0m Consensus commit C230(ZHhu) with leader B240(B,R6QI) has 3 blocks
[2m2025-03-25T07:56:01.595991Z[0m [32m INFO[0m [1mnode[0m[1m{[0m[3mname[0m[2m=[0mk#99f25ef6..[1m}[0m[2m:[0m [2msui_core::consensus_handler[0m[2m:[0m [2mcrates/sui-core/src/consensus_handler.rs[0m[2m:[0m[2m232:[0m Received consensus output [3mconsensus_commit[0m[2m=[0mCommittedSubDag(leader=B240(B,R6QI), ref=C230(ZHhu), blocks=[CPmb, jmZ2, R6QI]) [3mepoch[0m[2m=[0m1
[2m2025-03-25T07:56:01.596553Z[0m [32m INFO[0m [1mnode[0m[1m{[0m[3mname[0m[2m=[0mk#99f25ef6..[1m}[0m[2m:[0m [2msui_core::checkpoints::checkpoint_executor[0m[2m:[0m [2mcrates/sui-core/src/checkpoints/checkpoint_executor/mod.rs[0m[2m:[0m[2m332:[0m Received checkpoint summary from state sync [3msequence_number[0m[2m=[0m442
[2m2025-03-25T07:56:01.610098Z[0m [32m INFO[0m [1mnode[0m[1m{[0m[3mname[0m[2m=[0mk#99f25ef6..[1m}[0m[2m:[0m [2msui_core::state_accumulator[0m[2m:[0m [2mcrates/sui-core/src/state_accumulator.rs[0m[2m:[0m[2m675:[0m accumulating running root for checkpoint 442
[2m2025-03-25T07:56:01.639993Z[0m [32m INFO[0m [1mnode[0m[1m{[0m[3mname[0m[2m=[0mk#8dcff6d1..[1m}[0m[2m:[0m [2msui_core::checkpoints[0m[2m:[0m [2mcrates/sui-core/src/checkpoints/mod.rs[0m[2m:[0m[2m1326:[0m Creating checkpoint(s) for 1 transactions [3mnext_checkpoint_seq[0m[2m=[0m443 [3mcheckpoint_timestamp[0m[2m=[0m1742889361080
[2m2025-03-25T07:56:01.639993Z[0m [32m INFO[0m [1mnode[0m[1m{[0m[3mname[0m[2m=[0mk#addeef94..[1m}[0m[2m:[0m [2msui_core::checkpoints[0m[2m:[0m [2mcrates/sui-core/src/checkpoints/mod.rs[0m[2m:[0m[2m1326:[0m Creating checkpoint(s) for 1 transactions [3mnext_checkpoint_seq[0m[2m=[0m443 [3mcheckpoint_timestamp[0m[2m=[0m1742889361080
[2m2025-03-25T07:56:01.640233Z[0m [32m INFO[0m [1mnode[0m[1m{[0m[3mname[0m[2m=[0mk#8dcff6d1..[1m}[0m[2m:[0m [2msui_core::checkpoints::checkpoint_output[0m[2m:[0m [2mcrates/sui-core/src/checkpoints/checkpoint_output.rs[0m[2m:[0m[2m149:[0m Creating checkpoint CheckpointDigest(9u9ihayQMC17BkASwyWq7wEFBsFavoXSiVEBsVCyiDX9) at epoch 1, sequence 443, previous digest Some(CheckpointDigest(CwHrDWpC1EGUoi191gRF6wmjUscoysBCxzpzkZC36FFh)), transactions count 1, content digest CheckpointContentsDigest(EeQS4UAuLNoVXTLeSoZjU8QHtvGdctTH8Duh463DEbJy), end_of_epoch_data None
[2m2025-03-25T07:56:01.640233Z[0m [32m INFO[0m [1mnode[0m[1m{[0m[3mname[0m[2m=[0mk#addeef94..[1m}[0m[2m:[0m [2msui_core::checkpoints::checkpoint_output[0m[2m:[0m [2mcrates/sui-core/src/checkpoints/checkpoint_output.rs[0m[2m:[0m[2m149:[0m Creating checkpoint CheckpointDigest(9u9ihayQMC17BkASwyWq7wEFBsFavoXSiVEBsVCyiDX9) at epoch 1, sequence 443, previous digest Some(CheckpointDigest(CwHrDWpC1EGUoi191gRF6wmjUscoysBCxzpzkZC36FFh)), transactions count 1, content digest CheckpointContentsDigest(EeQS4UAuLNoVXTLeSoZjU8QHtvGdctTH8Duh463DEbJy), end_of_epoch_data None
[2m2025-03-25T07:56:01.641304Z[0m [32m INFO[0m [1mnode[0m[1m{[0m[3mname[0m[2m=[0mk#99f25ef6..[1m}[0m[2m:[0m [2msui_core::checkpoints[0m[2m:[0m [2mcrates/sui-core/src/checkpoints/mod.rs[0m[2m:[0m[2m1326:[0m Creating checkpoint(s) for 1 transactions [3mnext_checkpoint_seq[0m[2m=[0m443 [3mcheckpoint_timestamp[0m[2m=[0m1742889361080
[2m2025-03-25T07:56:01.641474Z[0m [32m INFO[0m [1mnode[0m[1m{[0m[3mname[0m[2m=[0mk#99f25ef6..[1m}[0m[2m:[0m [2msui_core::checkpoints::checkpoint_output[0m[2m:[0m [2mcrates/sui-core/src/checkpoints/checkpoint_output.rs[0m[2m:[0m[2m149:[0m Creating checkpoint CheckpointDigest(9u9ihayQMC17BkASwyWq7wEFBsFavoXSiVEBsVCyiDX9) at epoch 1, sequence 443, previous digest Some(CheckpointDigest(CwHrDWpC1EGUoi191gRF6wmjUscoysBCxzpzkZC36FFh)), transactions count 1, content digest CheckpointContentsDigest(EeQS4UAuLNoVXTLeSoZjU8QHtvGdctTH8Duh463DEbJy), end_of_epoch_data None
[2m2025-03-25T07:56:01.643461Z[0m [32m INFO[0m [1mnode[0m[1m{[0m[3mname[0m[2m=[0mk#8dcff6d1..[1m}[0m[2m:[0m [2msui_core::checkpoints::checkpoint_output[0m[2m:[0m [2mcrates/sui-core/src/checkpoints/checkpoint_output.rs[0m[2m:[0m[2m196:[0m Certified checkpoint with sequence 442 and digest CwHrDWpC1EGUoi191gRF6wmjUscoysBCxzpzkZC36FFh
[2m2025-03-25T07:56:01.646611Z[0m [32m INFO[0m [1mnode[0m[1m{[0m[3mname[0m[2m=[0mk#8dcff6d1..[1m}[0m[2m:[0m [2msui_core::checkpoints::checkpoint_executor[0m[2m:[0m [2mcrates/sui-core/src/checkpoints/checkpoint_executor/mod.rs[0m[2m:[0m[2m332:[0m Received checkpoint summary from state sync [3msequence_number[0m[2m=[0m442
[2m2025-03-25T07:56:01.663877Z[0m [32m INFO[0m [1mnode[0m[1m{[0m[3mname[0m[2m=[0mk#8dcff6d1..[1m}[0m[2m:[0m [2msui_core::state_accumulator[0m[2m:[0m [2mcrates/sui-core/src/state_accumulator.rs[0m[2m:[0m[2m675:[0m accumulating running root for checkpoint 442
[2m2025-03-25T07:56:01.707131Z[0m [32m INFO[0m [1mnode[0m[1m{[0m[3mname[0m[2m=[0mk#addeef94..[1m}[0m[2m:[0m [2msui_core::checkpoints::checkpoint_executor[0m[2m:[0m [2mcrates/sui-core/src/checkpoints/checkpoint_executor/mod.rs[0m[2m:[0m[2m332:[0m Received checkpoint summary from state sync [3msequence_number[0m[2m=[0m442
[2m2025-03-25T07:56:01.708758Z[0m [32m INFO[0m [1mnode[0m[1m{[0m[3mname[0m[2m=[0mk#addeef94..[1m}[0m[2m:[0m [2msui_core::state_accumulator[0m[2m:[0m [2mcrates/sui-core/src/state_accumulator.rs[0m[2m:[0m[2m675:[0m accumulating running root for checkpoint 442
[2m2025-03-25T07:56:01.845841Z[0m [32m INFO[0m [1mnode[0m[1m{[0m[3mname[0m[2m=[0mk#8dcff6d1..[1m}[0m[2m:[0m [2mconsensus_core::core[0m[2m:[0m [2mconsensus/core/src/core.rs[0m[2m:[0m[2m945:[0m Included 3 ancestors & excluded 0 ancestors for proposal in round 243
[2m2025-03-25T07:56:01.846711Z[0m [32m INFO[0m [1mnode[0m[1m{[0m[3mname[0m[2m=[0mk#8dcff6d1..[1m}[0m[2m:[0m [2mconsensus_core::core[0m[2m:[0m [2mconsensus/core/src/core.rs[0m[2m:[0m[2m531:[0m Created block B243(A,pl38/vk6TK4CDaKajc7d+q6JJYwsSU/8hsUwuSS7fYw=)(1742889361846ms;[B242(A,aA8EEmz5F6dMegYMrTsRGqcOmEsuvtB1MGnEAXmQKcY=), B242(B,lUmyWIyKllyVk0QF42+Xkcx7lTWVekp98Vdxn9uRA9k=), B242(C,e3TM/7TxadOzzjkm58LhNNXVODbPYF2EFpNl4t+09tE=)];1t;1c) for round 243
[2m2025-03-25T07:56:01.847156Z[0m [32m INFO[0m [1mnode[0m[1m{[0m[3mname[0m[2m=[0mk#addeef94..[1m}[0m[2m:[0m [2mconsensus_core::core[0m[2m:[0m [2mconsensus/core/src/core.rs[0m[2m:[0m[2m945:[0m Included 3 ancestors & excluded 0 ancestors for proposal in round 243
[2m2025-03-25T07:56:01.847716Z[0m [32m INFO[0m [1mnode[0m[1m{[0m[3mname[0m[2m=[0mk#addeef94..[1m}[0m[2m:[0m [2mconsensus_core::core[0m[2m:[0m [2mconsensus/core/src/core.rs[0m[2m:[0m[2m531:[0m Created block B243(C,egiVs+Ooe9fV1mfB/mk+RmyPHRfu/ASt6SGsFctsVL8=)(1742889361847ms;[B242(C,e3TM/7TxadOzzjkm58LhNNXVODbPYF2EFpNl4t+09tE=), B242(A,aA8EEmz5F6dMegYMrTsRGqcOmEsuvtB1MGnEAXmQKcY=), B242(B,lUmyWIyKllyVk0QF42+Xkcx7lTWVekp98Vdxn9uRA9k=)];1t;1c) for round 243
[2m2025-03-25T07:56:01.848570Z[0m [32m INFO[0m [1mnode[0m[1m{[0m[3mname[0m[2m=[0mk#99f25ef6..[1m}[0m[2m:[0m [2mconsensus_core::core[0m[2m:[0m [2mconsensus/core/src/core.rs[0m[2m:[0m[2m945:[0m Included 3 ancestors & excluded 0 ancestors for proposal in round 243
[2m2025-03-25T07:56:01.849023Z[0m [32m INFO[0m [1mnode[0m[1m{[0m[3mname[0m[2m=[0mk#99f25ef6..[1m}[0m[2m:[0m [2mconsensus_core::core[0m[2m:[0m [2mconsensus/core/src/core.rs[0m[2m:[0m[2m531:[0m Created block B243(B,2CA/siWWHtEGCapwNdWN+gkDx9NxQIAOqTbGK0fBFi0=)(1742889361848ms;[B242(B,lUmyWIyKllyVk0QF42+Xkcx7lTWVekp98Vdxn9uRA9k=), B242(A,aA8EEmz5F6dMegYMrTsRGqcOmEsuvtB1MGnEAXmQKcY=), B242(C,e3TM/7TxadOzzjkm58LhNNXVODbPYF2EFpNl4t+09tE=)];1t;1c) for round 243
[2m2025-03-25T07:56:01.849410Z[0m [32m INFO[0m [1mnode[0m[1m{[0m[3mname[0m[2m=[0mk#8dcff6d1..[1m}[0m[2m:[0m [2mconsensus_core::core[0m[2m:[0m [2mconsensus/core/src/core.rs[0m[2m:[0m[2m630:[0m Committing 1 leaders: B241(A,Xr4u)
[2m2025-03-25T07:56:01.849514Z[0m [32m INFO[0m [1mnode[0m[1m{[0m[3mname[0m[2m=[0mk#8dcff6d1..[1m}[0m[2m:[0m [2mconsensus_core::commit_observer[0m[2m:[0m [2mconsensus/core/src/commit_observer.rs[0m[2m:[0m[2m173:[0m Consensus commit C231(Nvs7) with leader B241(A,Xr4u) has 3 blocks
[2m2025-03-25T07:56:01.849603Z[0m [32m INFO[0m [1mnode[0m[1m{[0m[3mname[0m[2m=[0mk#8dcff6d1..[1m}[0m[2m:[0m [2msui_core::consensus_handler[0m[2m:[0m [2mcrates/sui-core/src/consensus_handler.rs[0m[2m:[0m[2m232:[0m Received consensus output [3mconsensus_commit[0m[2m=[0mCommittedSubDag(leader=B241(A,Xr4u), ref=C231(Nvs7), blocks=[QJHS, MVYc, Xr4u]) [3mepoch[0m[2m=[0m1
[2m2025-03-25T07:56:01.850901Z[0m [32m INFO[0m [1mnode[0m[1m{[0m[3mname[0m[2m=[0mk#addeef94..[1m}[0m[2m:[0m [2mconsensus_core::core[0m[2m:[0m [2mconsensus/core/src/core.rs[0m[2m:[0m[2m630:[0m Committing 1 leaders: B241(A,Xr4u)
[2m2025-03-25T07:56:01.850993Z[0m [32m INFO[0m [1mnode[0m[1m{[0m[3mname[0m[2m=[0mk#addeef94..[1m}[0m[2m:[0m [2mconsensus_core::commit_observer[0m[2m:[0m [2mconsensus/core/src/commit_observer.rs[0m[2m:[0m[2m173:[0m Consensus commit C231(Nvs7) with leader B241(A,Xr4u) has 3 blocks
[2m2025-03-25T07:56:01.851070Z[0m [32m INFO[0m [1mnode[0m[1m{[0m[3mname[0m[2m=[0mk#addeef94..[1m}[0m[2m:[0m [2msui_core::consensus_handler[0m[2m:[0m [2mcrates/sui-core/src/consensus_handler.rs[0m[2m:[0m[2m232:[0m Received consensus output [3mconsensus_commit[0m[2m=[0mCommittedSubDag(leader=B241(A,Xr4u), ref=C231(Nvs7), blocks=[QJHS, MVYc, Xr4u]) [3mepoch[0m[2m=[0m1
[2m2025-03-25T07:56:01.851818Z[0m [32m INFO[0m [1mnode[0m[1m{[0m[3mname[0m[2m=[0mk#99f25ef6..[1m}[0m[2m:[0m [2msui_core::checkpoints::checkpoint_output[0m[2m:[0m [2mcrates/sui-core/src/checkpoints/checkpoint_output.rs[0m[2m:[0m[2m196:[0m Certified checkpoint with sequence 443 and digest 9u9ihayQMC17BkASwyWq7wEFBsFavoXSiVEBsVCyiDX9
[2m2025-03-25T07:56:01.851928Z[0m [32m INFO[0m [1mnode[0m[1m{[0m[3mname[0m[2m=[0mk#99f25ef6..[1m}[0m[2m:[0m [2mconsensus_core::core[0m[2m:[0m [2mconsensus/core/src/core.rs[0m[2m:[0m[2m630:[0m Committing 1 leaders: B241(A,Xr4u)
[2m2025-03-25T07:56:01.852030Z[0m [32m INFO[0m [1mnode[0m[1m{[0m[3mname[0m[2m=[0mk#99f25ef6..[1m}[0m[2m:[0m [2mconsensus_core::commit_observer[0m[2m:[0m [2mconsensus/core/src/commit_observer.rs[0m[2m:[0m[2m173:[0m Consensus commit C231(Nvs7) with leader B241(A,Xr4u) has 3 blocks
[2m2025-03-25T07:56:01.852456Z[0m [32m INFO[0m [1mnode[0m[1m{[0m[3mname[0m[2m=[0mk#99f25ef6..[1m}[0m[2m:[0m [2msui_core::consensus_handler[0m[2m:[0m [2mcrates/sui-core/src/consensus_handler.rs[0m[2m:[0m[2m232:[0m Received consensus output [3mconsensus_commit[0m[2m=[0mCommittedSubDag(leader=B241(A,Xr4u), ref=C231(Nvs7), blocks=[QJHS, MVYc, Xr4u]) [3mepoch[0m[2m=[0m1
[2m2025-03-25T07:56:01.852990Z[0m [32m INFO[0m [1mnode[0m[1m{[0m[3mname[0m[2m=[0mk#99f25ef6..[1m}[0m[2m:[0m [2msui_core::checkpoints::checkpoint_executor[0m[2m:[0m [2mcrates/sui-core/src/checkpoints/checkpoint_executor/mod.rs[0m[2m:[0m[2m332:[0m Received checkpoint summary from state sync [3msequence_number[0m[2m=[0m443
[2m2025-03-25T07:56:01.854592Z[0m [32m INFO[0m [1mnode[0m[1m{[0m[3mname[0m[2m=[0mk#99f25ef6..[1m}[0m[2m:[0m [2msui_core::state_accumulator[0m[2m:[0m [2mcrates/sui-core/src/state_accumulator.rs[0m[2m:[0m[2m675:[0m accumulating running root for checkpoint 443
[2m2025-03-25T07:56:01.876485Z[0m [32m INFO[0m [1mnode[0m[1m{[0m[3mname[0m[2m=[0mk#8dcff6d1..[1m}[0m[2m:[0m [2msui_core::checkpoints[0m[2m:[0m [2mcrates/sui-core/src/checkpoints/mod.rs[0m[2m:[0m[2m1326:[0m Creating checkpoint(s) for 2 transactions [3mnext_checkpoint_seq[0m[2m=[0m444 [3mcheckpoint_timestamp[0m[2m=[0m1742889361337
[2m2025-03-25T07:56:01.876803Z[0m [32m INFO[0m [1mnode[0m[1m{[0m[3mname[0m[2m=[0mk#8dcff6d1..[1m}[0m[2m:[0m [2msui_core::checkpoints::checkpoint_output[0m[2m:[0m [2mcrates/sui-core/src/checkpoints/checkpoint_output.rs[0m[2m:[0m[2m149:[0m Creating checkpoint CheckpointDigest(HkKB7N87xHnhQTfNLHGy17EfxKuqg7VgvpZAdEg9RGPT) at epoch 1, sequence 444, previous digest Some(CheckpointDigest(9u9ihayQMC17BkASwyWq7wEFBsFavoXSiVEBsVCyiDX9)), transactions count 2, content digest CheckpointContentsDigest(EdJy3kWaVsWnaa8qW1w3dYQpmN15iZUF32goCGJsfKY8), end_of_epoch_data None
[2m2025-03-25T07:56:01.878747Z[0m [32m INFO[0m [1mnode[0m[1m{[0m[3mname[0m[2m=[0mk#addeef94..[1m}[0m[2m:[0m [2msui_core::checkpoints[0m[2m:[0m [2mcrates/sui-core/src/checkpoints/mod.rs[0m[2m:[0m[2m1326:[0m Creating checkpoint(s) for 2 transactions [3mnext_checkpoint_seq[0m[2m=[0m444 [3mcheckpoint_timestamp[0m[2m=[0m1742889361337
[2m2025-03-25T07:56:01.879001Z[0m [32m INFO[0m [1mnode[0m[1m{[0m[3mname[0m[2m=[0mk#addeef94..[1m}[0m[2m:[0m [2msui_core::checkpoints::checkpoint_output[0m[2m:[0m [2mcrates/sui-core/src/checkpoints/checkpoint_output.rs[0m[2m:[0m[2m149:[0m Creating checkpoint CheckpointDigest(HkKB7N87xHnhQTfNLHGy17EfxKuqg7VgvpZAdEg9RGPT) at epoch 1, sequence 444, previous digest Some(CheckpointDigest(9u9ihayQMC17BkASwyWq7wEFBsFavoXSiVEBsVCyiDX9)), transactions count 2, content digest CheckpointContentsDigest(EdJy3kWaVsWnaa8qW1w3dYQpmN15iZUF32goCGJsfKY8), end_of_epoch_data None
[2m2025-03-25T07:56:01.880055Z[0m [32m INFO[0m [1mnode[0m[1m{[0m[3mname[0m[2m=[0mk#99f25ef6..[1m}[0m[2m:[0m [2msui_core::checkpoints[0m[2m:[0m [2mcrates/sui-core/src/checkpoints/mod.rs[0m[2m:[0m[2m1326:[0m Creating checkpoint(s) for 2 transactions [3mnext_checkpoint_seq[0m[2m=[0m444 [3mcheckpoint_timestamp[0m[2m=[0m1742889361337
[2m2025-03-25T07:56:01.880305Z[0m [32m INFO[0m [1mnode[0m[1m{[0m[3mname[0m[2m=[0mk#99f25ef6..[1m}[0m[2m:[0m [2msui_core::checkpoints::checkpoint_output[0m[2m:[0m [2mcrates/sui-core/src/checkpoints/checkpoint_output.rs[0m[2m:[0m[2m149:[0m Creating checkpoint CheckpointDigest(HkKB7N87xHnhQTfNLHGy17EfxKuqg7VgvpZAdEg9RGPT) at epoch 1, sequence 444, previous digest Some(CheckpointDigest(9u9ihayQMC17BkASwyWq7wEFBsFavoXSiVEBsVCyiDX9)), transactions count 2, content digest CheckpointContentsDigest(EdJy3kWaVsWnaa8qW1w3dYQpmN15iZUF32goCGJsfKY8), end_of_epoch_data None
[2m2025-03-25T07:56:01.882190Z[0m [32m INFO[0m [1mnode[0m[1m{[0m[3mname[0m[2m=[0mk#8dcff6d1..[1m}[0m[2m:[0m [2msui_core::checkpoints::checkpoint_output[0m[2m:[0m [2mcrates/sui-core/src/checkpoints/checkpoint_output.rs[0m[2m:[0m[2m196:[0m Certified checkpoint with sequence 443 and digest 9u9ihayQMC17BkASwyWq7wEFBsFavoXSiVEBsVCyiDX9
[2m2025-03-25T07:56:01.882730Z[0m [32m INFO[0m [1mnode[0m[1m{[0m[3mname[0m[2m=[0mk#addeef94..[1m}[0m[2m:[0m [2msui_core::checkpoints::checkpoint_executor[0m[2m:[0m [2mcrates/sui-core/src/checkpoints/checkpoint_executor/mod.rs[0m[2m:[0m[2m332:[0m Received checkpoint summary from state sync [3msequence_number[0m[2m=[0m443
[2m2025-03-25T07:56:01.882866Z[0m [32m INFO[0m [1mnode[0m[1m{[0m[3mname[0m[2m=[0mk#8dcff6d1..[1m}[0m[2m:[0m [2msui_core::checkpoints::checkpoint_executor[0m[2m:[0m [2mcrates/sui-core/src/checkpoints/checkpoint_executor/mod.rs[0m[2m:[0m[2m332:[0m Received checkpoint summary from state sync [3msequence_number[0m[2m=[0m443
[2m2025-03-25T07:56:01.883584Z[0m [32m INFO[0m [1mnode[0m[1m{[0m[3mname[0m[2m=[0mk#addeef94..[1m}[0m[2m:[0m [2msui_core::state_accumulator[0m[2m:[0m [2mcrates/sui-core/src/state_accumulator.rs[0m[2m:[0m[2m675:[0m accumulating running root for checkpoint 443
[2m2025-03-25T07:56:01.883782Z[0m [32m INFO[0m [1mnode[0m[1m{[0m[3mname[0m[2m=[0mk#8dcff6d1..[1m}[0m[2m:[0m [2msui_core::state_accumulator[0m[2m:[0m [2mcrates/sui-core/src/state_accumulator.rs[0m[2m:[0m[2m675:[0m accumulating running root for checkpoint 443
[2m2025-03-25T07:56:02.101504Z[0m [32m INFO[0m [1mnode[0m[1m{[0m[3mname[0m[2m=[0mk#8dcff6d1..[1m}[0m[2m:[0m [2mconsensus_core::core[0m[2m:[0m [2mconsensus/core/src/core.rs[0m[2m:[0m[2m945:[0m Included 3 ancestors & excluded 0 ancestors for proposal in round 244
[2m2025-03-25T07:56:02.101859Z[0m [32m INFO[0m [1mnode[0m[1m{[0m[3mname[0m[2m=[0mk#8dcff6d1..[1m}[0m[2m:[0m [2mconsensus_core::core[0m[2m:[0m [2mconsensus/core/src/core.rs[0m[2m:[0m[2m531:[0m Created block B244(A,cf6wUwEqoH+V3Cbt/EZ9CjXQjjSJa8EULPlwhDhNZ3k=)(1742889362101ms;[B243(A,pl38/vk6TK4CDaKajc7d+q6JJYwsSU/8hsUwuSS7fYw=), B243(B,2CA/siWWHtEGCapwNdWN+gkDx9NxQIAOqTbGK0fBFi0=), B243(C,egiVs+Ooe9fV1mfB/mk+RmyPHRfu/ASt6SGsFctsVL8=)];1t;1c) for round 244
[2m2025-03-25T07:56:02.102201Z[0m [32m INFO[0m [1mnode[0m[1m{[0m[3mname[0m[2m=[0mk#addeef94..[1m}[0m[2m:[0m [2mconsensus_core::core[0m[2m:[0m [2mconsensus/core/src/core.rs[0m[2m:[0m[2m945:[0m Included 3 ancestors & excluded 0 ancestors for proposal in round 244
[2m2025-03-25T07:56:02.102497Z[0m [32m INFO[0m [1mnode[0m[1m{[0m[3mname[0m[2m=[0mk#addeef94..[1m}[0m[2m:[0m [2mconsensus_core::core[0m[2m:[0m [2mconsensus/core/src/core.rs[0m[2m:[0m[2m531:[0m Created block B244(C,s0bixW6DePSkJAoeeNkMuxgScaH5aJ9Z6cxLyuqMnyA=)(1742889362102ms;[B243(C,egiVs+Ooe9fV1mfB/mk+RmyPHRfu/ASt6SGsFctsVL8=), B243(A,pl38/vk6TK4CDaKajc7d+q6JJYwsSU/8hsUwuSS7fYw=), B243(B,2CA/siWWHtEGCapwNdWN+gkDx9NxQIAOqTbGK0fBFi0=)];1t;1c) for round 244
[2m2025-03-25T07:56:02.104091Z[0m [32m INFO[0m [1mnode[0m[1m{[0m[3mname[0m[2m=[0mk#8dcff6d1..[1m}[0m[2m:[0m [2mconsensus_core::core[0m[2m:[0m [2mconsensus/core/src/core.rs[0m[2m:[0m[2m630:[0m Committing 1 leaders: B242(C,e3TM)
[2m2025-03-25T07:56:02.104182Z[0m [32m INFO[0m [1mnode[0m[1m{[0m[3mname[0m[2m=[0mk#8dcff6d1..[1m}[0m[2m:[0m [2mconsensus_core::commit_observer[0m[2m:[0m [2mconsensus/core/src/commit_observer.rs[0m[2m:[0m[2m173:[0m Consensus commit C232(5K/+) with leader B242(C,e3TM) has 3 blocks
[2m2025-03-25T07:56:02.104261Z[0m [32m INFO[0m [1mnode[0m[1m{[0m[3mname[0m[2m=[0mk#8dcff6d1..[1m}[0m[2m:[0m [2msui_core::consensus_handler[0m[2m:[0m [2mcrates/sui-core/src/consensus_handler.rs[0m[2m:[0m[2m232:[0m Received consensus output [3mconsensus_commit[0m[2m=[0mCommittedSubDag(leader=B242(C,e3TM), ref=C232(5K/+), blocks=[rjWS, Ospj, e3TM]) [3mepoch[0m[2m=[0m1
[2m2025-03-25T07:56:02.104928Z[0m [32m INFO[0m [1mnode[0m[1m{[0m[3mname[0m[2m=[0mk#99f25ef6..[1m}[0m[2m:[0m [2mconsensus_core::core[0m[2m:[0m [2mconsensus/core/src/core.rs[0m[2m:[0m[2m945:[0m Included 3 ancestors & excluded 0 ancestors for proposal in round 244
[2m2025-03-25T07:56:02.105212Z[0m [32m INFO[0m [1mnode[0m[1m{[0m[3mname[0m[2m=[0mk#99f25ef6..[1m}[0m[2m:[0m [2mconsensus_core::core[0m[2m:[0m [2mconsensus/core/src/core.rs[0m[2m:[0m[2m531:[0m Created block B244(B,T5ssmUHqBtCspMDSVfEVYtH5oYs7Ab0+SvPyIXGLghY=)(1742889362105ms;[B243(B,2CA/siWWHtEGCapwNdWN+gkDx9NxQIAOqTbGK0fBFi0=), B243(A,pl38/vk6TK4CDaKajc7d+q6JJYwsSU/8hsUwuSS7fYw=), B243(C,egiVs+Ooe9fV1mfB/mk+RmyPHRfu/ASt6SGsFctsVL8=)];1t;1c) for round 244
[2m2025-03-25T07:56:02.105344Z[0m [32m INFO[0m [1mnode[0m[1m{[0m[3mname[0m[2m=[0mk#99f25ef6..[1m}[0m[2m:[0m [2mconsensus_core::core[0m[2m:[0m [2mconsensus/core/src/core.rs[0m[2m:[0m[2m630:[0m Committing 1 leaders: B242(C,e3TM)
[2m2025-03-25T07:56:02.105426Z[0m [32m INFO[0m [1mnode[0m[1m{[0m[3mname[0m[2m=[0mk#99f25ef6..[1m}[0m[2m:[0m [2mconsensus_core::commit_observer[0m[2m:[0m [2mconsensus/core/src/commit_observer.rs[0m[2m:[0m[2m173:[0m Consensus commit C232(5K/+) with leader B242(C,e3TM) has 3 blocks
[2m2025-03-25T07:56:02.106523Z[0m [32m INFO[0m [1mnode[0m[1m{[0m[3mname[0m[2m=[0mk#99f25ef6..[1m}[0m[2m:[0m [2msui_core::checkpoints::checkpoint_output[0m[2m:[0m [2mcrates/sui-core/src/checkpoints/checkpoint_output.rs[0m[2m:[0m[2m196:[0m Certified checkpoint with sequence 444 and digest HkKB7N87xHnhQTfNLHGy17EfxKuqg7VgvpZAdEg9RGPT
[2m2025-03-25T07:56:02.106592Z[0m [32m INFO[0m [1mnode[0m[1m{[0m[3mname[0m[2m=[0mk#99f25ef6..[1m}[0m[2m:[0m [2msui_core::consensus_handler[0m[2m:[0m [2mcrates/sui-core/src/consensus_handler.rs[0m[2m:[0m[2m232:[0m Received consensus output [3mconsensus_commit[0m[2m=[0mCommittedSubDag(leader=B242(C,e3TM), ref=C232(5K/+), blocks=[rjWS, Ospj, e3TM]) [3mepoch[0m[2m=[0m1
[2m2025-03-25T07:56:02.109115Z[0m [32m INFO[0m [1mnode[0m[1m{[0m[3mname[0m[2m=[0mk#addeef94..[1m}[0m[2m:[0m [2mconsensus_core::core[0m[2m:[0m [2mconsensus/core/src/core.rs[0m[2m:[0m[2m630:[0m Committing 1 leaders: B242(C,e3TM)
[2m2025-03-25T07:56:02.109200Z[0m [32m INFO[0m [1mnode[0m[1m{[0m[3mname[0m[2m=[0mk#addeef94..[1m}[0m[2m:[0m [2mconsensus_core::commit_observer[0m[2m:[0m [2mconsensus/core/src/commit_observer.rs[0m[2m:[0m[2m173:[0m Consensus commit C232(5K/+) with leader B242(C,e3TM) has 3 blocks
[2m2025-03-25T07:56:02.109272Z[0m [32m INFO[0m [1mnode[0m[1m{[0m[3mname[0m[2m=[0mk#addeef94..[1m}[0m[2m:[0m [2msui_core::consensus_handler[0m[2m:[0m [2mcrates/sui-core/src/consensus_handler.rs[0m[2m:[0m[2m232:[0m Received consensus output [3mconsensus_commit[0m[2m=[0mCommittedSubDag(leader=B242(C,e3TM), ref=C232(5K/+), blocks=[rjWS, Ospj, e3TM]) [3mepoch[0m[2m=[0m1
[2m2025-03-25T07:56:02.119478Z[0m [32m INFO[0m [1mnode[0m[1m{[0m[3mname[0m[2m=[0mk#99f25ef6..[1m}[0m[2m:[0m [2msui_core::checkpoints::checkpoint_executor[0m[2m:[0m [2mcrates/sui-core/src/checkpoints/checkpoint_executor/mod.rs[0m[2m:[0m[2m332:[0m Received checkpoint summary from state sync [3msequence_number[0m[2m=[0m444
[2m2025-03-25T07:56:02.127377Z[0m [32m INFO[0m [1mnode[0m[1m{[0m[3mname[0m[2m=[0mk#99f25ef6..[1m}[0m[2m:[0m [2msui_core::state_accumulator[0m[2m:[0m [2mcrates/sui-core/src/state_accumulator.rs[0m[2m:[0m[2m675:[0m accumulating running root for checkpoint 444
[2m2025-03-25T07:56:02.148714Z[0m [32m INFO[0m [1mnode[0m[1m{[0m[3mname[0m[2m=[0mk#8dcff6d1..[1m}[0m[2m:[0m [2msui_core::checkpoints[0m[2m:[0m [2mcrates/sui-core/src/checkpoints/mod.rs[0m[2m:[0m[2m1326:[0m Creating checkpoint(s) for 1 transactions [3mnext_checkpoint_seq[0m[2m=[0m445 [3mcheckpoint_timestamp[0m[2m=[0m1742889361592
[2m2025-03-25T07:56:02.148944Z[0m [32m INFO[0m [1mnode[0m[1m{[0m[3mname[0m[2m=[0mk#8dcff6d1..[1m}[0m[2m:[0m [2msui_core::checkpoints::checkpoint_output[0m[2m:[0m [2mcrates/sui-core/src/checkpoints/checkpoint_output.rs[0m[2m:[0m[2m149:[0m Creating checkpoint CheckpointDigest(3kWfnk8K6dCWCpggqxnRnopQMcdSXXYQMYDpobcX86CB) at epoch 1, sequence 445, previous digest Some(CheckpointDigest(HkKB7N87xHnhQTfNLHGy17EfxKuqg7VgvpZAdEg9RGPT)), transactions count 1, content digest CheckpointContentsDigest(79ajQUhDsAYuc2urfaXdxWX9KRsGe94kBb7pkhKTFrWe), end_of_epoch_data None
[2m2025-03-25T07:56:02.152155Z[0m [32m INFO[0m [1mnode[0m[1m{[0m[3mname[0m[2m=[0mk#8dcff6d1..[1m}[0m[2m:[0m [2msui_core::checkpoints::checkpoint_output[0m[2m:[0m [2mcrates/sui-core/src/checkpoints/checkpoint_output.rs[0m[2m:[0m[2m196:[0m Certified checkpoint with sequence 444 and digest HkKB7N87xHnhQTfNLHGy17EfxKuqg7VgvpZAdEg9RGPT
[2m2025-03-25T07:56:02.153042Z[0m [32m INFO[0m [1mnode[0m[1m{[0m[3mname[0m[2m=[0mk#99f25ef6..[1m}[0m[2m:[0m [2msui_core::checkpoints[0m[2m:[0m [2mcrates/sui-core/src/checkpoints/mod.rs[0m[2m:[0m[2m1326:[0m Creating checkpoint(s) for 1 transactions [3mnext_checkpoint_seq[0m[2m=[0m445 [3mcheckpoint_timestamp[0m[2m=[0m1742889361592
[2m2025-03-25T07:56:02.153102Z[0m [32m INFO[0m [1mnode[0m[1m{[0m[3mname[0m[2m=[0mk#addeef94..[1m}[0m[2m:[0m [2msui_core::checkpoints[0m[2m:[0m [2mcrates/sui-core/src/checkpoints/mod.rs[0m[2m:[0m[2m1326:[0m Creating checkpoint(s) for 1 transactions [3mnext_checkpoint_seq[0m[2m=[0m445 [3mcheckpoint_timestamp[0m[2m=[0m1742889361592
[2m2025-03-25T07:56:02.153228Z[0m [32m INFO[0m [1mnode[0m[1m{[0m[3mname[0m[2m=[0mk#99f25ef6..[1m}[0m[2m:[0m [2msui_core::checkpoints::checkpoint_output[0m[2m:[0m [2mcrates/sui-core/src/checkpoints/checkpoint_output.rs[0m[2m:[0m[2m149:[0m Creating checkpoint CheckpointDigest(3kWfnk8K6dCWCpggqxnRnopQMcdSXXYQMYDpobcX86CB) at epoch 1, sequence 445, previous digest Some(CheckpointDigest(HkKB7N87xHnhQTfNLHGy17EfxKuqg7VgvpZAdEg9RGPT)), transactions count 1, content digest CheckpointContentsDigest(79ajQUhDsAYuc2urfaXdxWX9KRsGe94kBb7pkhKTFrWe), end_of_epoch_data None
[2m2025-03-25T07:56:02.153267Z[0m [32m INFO[0m [1mnode[0m[1m{[0m[3mname[0m[2m=[0mk#addeef94..[1m}[0m[2m:[0m [2msui_core::checkpoints::checkpoint_output[0m[2m:[0m [2mcrates/sui-core/src/checkpoints/checkpoint_output.rs[0m[2m:[0m[2m149:[0m Creating checkpoint CheckpointDigest(3kWfnk8K6dCWCpggqxnRnopQMcdSXXYQMYDpobcX86CB) at epoch 1, sequence 445, previous digest Some(CheckpointDigest(HkKB7N87xHnhQTfNLHGy17EfxKuqg7VgvpZAdEg9RGPT)), transactions count 1, content digest CheckpointContentsDigest(79ajQUhDsAYuc2urfaXdxWX9KRsGe94kBb7pkhKTFrWe), end_of_epoch_data None
[2m2025-03-25T07:56:02.154997Z[0m [32m INFO[0m [1mnode[0m[1m{[0m[3mname[0m[2m=[0mk#8dcff6d1..[1m}[0m[2m:[0m [2msui_core::checkpoints::checkpoint_executor[0m[2m:[0m [2mcrates/sui-core/src/checkpoints/checkpoint_executor/mod.rs[0m[2m:[0m[2m332:[0m Received checkpoint summary from state sync [3msequence_number[0m[2m=[0m444
[2m2025-03-25T07:56:02.172900Z[0m [32m INFO[0m [1mnode[0m[1m{[0m[3mname[0m[2m=[0mk#8dcff6d1..[1m}[0m[2m:[0m [2msui_core::state_accumulator[0m[2m:[0m [2mcrates/sui-core/src/state_accumulator.rs[0m[2m:[0m[2m675:[0m accumulating running root for checkpoint 444
[2m2025-03-25T07:56:02.220361Z[0m [32m INFO[0m [1mnode[0m[1m{[0m[3mname[0m[2m=[0mk#addeef94..[1m}[0m[2m:[0m [2msui_core::checkpoints::checkpoint_executor[0m[2m:[0m [2mcrates/sui-core/src/checkpoints/checkpoint_executor/mod.rs[0m[2m:[0m[2m332:[0m Received checkpoint summary from state sync [3msequence_number[0m[2m=[0m444
[2m2025-03-25T07:56:02.221795Z[0m [32m INFO[0m [1mnode[0m[1m{[0m[3mname[0m[2m=[0mk#addeef94..[1m}[0m[2m:[0m [2msui_core::state_accumulator[0m[2m:[0m [2mcrates/sui-core/src/state_accumulator.rs[0m[2m:[0m[2m675:[0m accumulating running root for checkpoint 444
[2m2025-03-25T07:56:02.355073Z[0m [32m INFO[0m [1mnode[0m[1m{[0m[3mname[0m[2m=[0mk#8dcff6d1..[1m}[0m[2m:[0m [2mconsensus_core::core[0m[2m:[0m [2mconsensus/core/src/core.rs[0m[2m:[0m[2m945:[0m Included 3 ancestors & excluded 0 ancestors for proposal in round 245
[2m2025-03-25T07:56:02.355516Z[0m [32m INFO[0m [1mnode[0m[1m{[0m[3mname[0m[2m=[0mk#8dcff6d1..[1m}[0m[2m:[0m [2mconsensus_core::core[0m[2m:[0m [2mconsensus/core/src/core.rs[0m[2m:[0m[2m531:[0m Created block B245(A,Qhk/vN4cDKh/1GrRgA89QV76xp8/3J5kdeCTz7atNGs=)(1742889362355ms;[B244(A,cf6wUwEqoH+V3Cbt/EZ9CjXQjjSJa8EULPlwhDhNZ3k=), B244(B,T5ssmUHqBtCspMDSVfEVYtH5oYs7Ab0+SvPyIXGLghY=), B244(C,s0bixW6DePSkJAoeeNkMuxgScaH5aJ9Z6cxLyuqMnyA=)];1t;1c) for round 245
[2m2025-03-25T07:56:02.357583Z[0m [32m INFO[0m [1mnode[0m[1m{[0m[3mname[0m[2m=[0mk#99f25ef6..[1m}[0m[2m:[0m [2mconsensus_core::core[0m[2m:[0m [2mconsensus/core/src/core.rs[0m[2m:[0m[2m945:[0m Included 3 ancestors & excluded 0 ancestors for proposal in round 245
[2m2025-03-25T07:56:02.357868Z[0m [32m INFO[0m [1mnode[0m[1m{[0m[3mname[0m[2m=[0mk#99f25ef6..[1m}[0m[2m:[0m [2mconsensus_core::core[0m[2m:[0m [2mconsensus/core/src/core.rs[0m[2m:[0m[2m531:[0m Created block B245(B,eMQ5/yZKmG7qxTuCKW/RINDk9HF/DhjYQIljs/jBi/U=)(1742889362357ms;[B244(B,T5ssmUHqBtCspMDSVfEVYtH5oYs7Ab0+SvPyIXGLghY=), B244(A,cf6wUwEqoH+V3Cbt/EZ9CjXQjjSJa8EULPlwhDhNZ3k=), B244(C,s0bixW6DePSkJAoeeNkMuxgScaH5aJ9Z6cxLyuqMnyA=)];1t;1c) for round 245
[2m2025-03-25T07:56:02.360589Z[0m [32m INFO[0m [1mnode[0m[1m{[0m[3mname[0m[2m=[0mk#addeef94..[1m}[0m[2m:[0m [2mconsensus_core::core[0m[2m:[0m [2mconsensus/core/src/core.rs[0m[2m:[0m[2m945:[0m Included 3 ancestors & excluded 0 ancestors for proposal in round 245
[2m2025-03-25T07:56:02.360908Z[0m [32m INFO[0m [1mnode[0m[1m{[0m[3mname[0m[2m=[0mk#addeef94..[1m}[0m[2m:[0m [2mconsensus_core::core[0m[2m:[0m [2mconsensus/core/src/core.rs[0m[2m:[0m[2m531:[0m Created block B245(C,+ihQLmFQfccFsP5AtZRgTUaHAaFCp5dDBEDrd9T5jTQ=)(1742889362360ms;[B244(C,s0bixW6DePSkJAoeeNkMuxgScaH5aJ9Z6cxLyuqMnyA=), B244(A,cf6wUwEqoH+V3Cbt/EZ9CjXQjjSJa8EULPlwhDhNZ3k=), B244(B,T5ssmUHqBtCspMDSVfEVYtH5oYs7Ab0+SvPyIXGLghY=)];1t;1c) for round 245
[2m2025-03-25T07:56:02.360980Z[0m [32m INFO[0m [1mnode[0m[1m{[0m[3mname[0m[2m=[0mk#addeef94..[1m}[0m[2m:[0m [2mconsensus_core::core[0m[2m:[0m [2mconsensus/core/src/core.rs[0m[2m:[0m[2m630:[0m Committing 1 leaders: B243(C,egiV)
[2m2025-03-25T07:56:02.361052Z[0m [32m INFO[0m [1mnode[0m[1m{[0m[3mname[0m[2m=[0mk#addeef94..[1m}[0m[2m:[0m [2mconsensus_core::commit_observer[0m[2m:[0m [2mconsensus/core/src/commit_observer.rs[0m[2m:[0m[2m173:[0m Consensus commit C233(9bqE) with leader B243(C,egiV) has 3 blocks
[2m2025-03-25T07:56:02.361149Z[0m [32m INFO[0m [1mnode[0m[1m{[0m[3mname[0m[2m=[0mk#addeef94..[1m}[0m[2m:[0m [2msui_core::consensus_handler[0m[2m:[0m [2mcrates/sui-core/src/consensus_handler.rs[0m[2m:[0m[2m232:[0m Received consensus output [3mconsensus_commit[0m[2m=[0mCommittedSubDag(leader=B243(C,egiV), ref=C233(9bqE), blocks=[aA8E, lUmy, egiV]) [3mepoch[0m[2m=[0m1
[2m2025-03-25T07:56:02.364252Z[0m [32m INFO[0m [1mnode[0m[1m{[0m[3mname[0m[2m=[0mk#8dcff6d1..[1m}[0m[2m:[0m [2msui_core::checkpoints::checkpoint_output[0m[2m:[0m [2mcrates/sui-core/src/checkpoints/checkpoint_output.rs[0m[2m:[0m[2m196:[0m Certified checkpoint with sequence 445 and digest 3kWfnk8K6dCWCpggqxnRnopQMcdSXXYQMYDpobcX86CB
[2m2025-03-25T07:56:02.364248Z[0m [32m INFO[0m [1mnode[0m[1m{[0m[3mname[0m[2m=[0mk#99f25ef6..[1m}[0m[2m:[0m [2msui_core::checkpoints::checkpoint_output[0m[2m:[0m [2mcrates/sui-core/src/checkpoints/checkpoint_output.rs[0m[2m:[0m[2m196:[0m Certified checkpoint with sequence 445 and digest 3kWfnk8K6dCWCpggqxnRnopQMcdSXXYQMYDpobcX86CB
[2m2025-03-25T07:56:02.364365Z[0m [32m INFO[0m [1mnode[0m[1m{[0m[3mname[0m[2m=[0mk#8dcff6d1..[1m}[0m[2m:[0m [2mconsensus_core::core[0m[2m:[0m [2mconsensus/core/src/core.rs[0m[2m:[0m[2m630:[0m Committing 1 leaders: B243(C,egiV)
[2m2025-03-25T07:56:02.364365Z[0m [32m INFO[0m [1mnode[0m[1m{[0m[3mname[0m[2m=[0mk#99f25ef6..[1m}[0m[2m:[0m [2mconsensus_core::core[0m[2m:[0m [2mconsensus/core/src/core.rs[0m[2m:[0m[2m630:[0m Committing 1 leaders: B243(C,egiV)
[2m2025-03-25T07:56:02.364456Z[0m [32m INFO[0m [1mnode[0m[1m{[0m[3mname[0m[2m=[0mk#99f25ef6..[1m}[0m[2m:[0m [2mconsensus_core::commit_observer[0m[2m:[0m [2mconsensus/core/src/commit_observer.rs[0m[2m:[0m[2m173:[0m Consensus commit C233(9bqE) with leader B243(C,egiV) has 3 blocks
[2m2025-03-25T07:56:02.364468Z[0m [32m INFO[0m [1mnode[0m[1m{[0m[3mname[0m[2m=[0mk#8dcff6d1..[1m}[0m[2m:[0m [2mconsensus_core::commit_observer[0m[2m:[0m [2mconsensus/core/src/commit_observer.rs[0m[2m:[0m[2m173:[0m Consensus commit C233(9bqE) with leader B243(C,egiV) has 3 blocks
[2m2025-03-25T07:56:02.364883Z[0m [32m INFO[0m [1mnode[0m[1m{[0m[3mname[0m[2m=[0mk#8dcff6d1..[1m}[0m[2m:[0m [2msui_core::consensus_handler[0m[2m:[0m [2mcrates/sui-core/src/consensus_handler.rs[0m[2m:[0m[2m232:[0m Received consensus output [3mconsensus_commit[0m[2m=[0mCommittedSubDag(leader=B243(C,egiV), ref=C233(9bqE), blocks=[aA8E, lUmy, egiV]) [3mepoch[0m[2m=[0m1
[2m2025-03-25T07:56:02.364883Z[0m [32m INFO[0m [1mnode[0m[1m{[0m[3mname[0m[2m=[0mk#99f25ef6..[1m}[0m[2m:[0m [2msui_core::consensus_handler[0m[2m:[0m [2mcrates/sui-core/src/consensus_handler.rs[0m[2m:[0m[2m232:[0m Received consensus output [3mconsensus_commit[0m[2m=[0mCommittedSubDag(leader=B243(C,egiV), ref=C233(9bqE), blocks=[aA8E, lUmy, egiV]) [3mepoch[0m[2m=[0m1
[2m2025-03-25T07:56:02.365471Z[0m [32m INFO[0m [1mnode[0m[1m{[0m[3mname[0m[2m=[0mk#8dcff6d1..[1m}[0m[2m:[0m [2msui_core::checkpoints::checkpoint_executor[0m[2m:[0m [2mcrates/sui-core/src/checkpoints/checkpoint_executor/mod.rs[0m[2m:[0m[2m332:[0m Received checkpoint summary from state sync [3msequence_number[0m[2m=[0m445
[2m2025-03-25T07:56:02.365471Z[0m [32m INFO[0m [1mnode[0m[1m{[0m[3mname[0m[2m=[0mk#99f25ef6..[1m}[0m[2m:[0m [2msui_core::checkpoints::checkpoint_executor[0m[2m:[0m [2mcrates/sui-core/src/checkpoints/checkpoint_executor/mod.rs[0m[2m:[0m[2m332:[0m Received checkpoint summary from state sync [3msequence_number[0m[2m=[0m445
[2m2025-03-25T07:56:02.367067Z[0m [32m INFO[0m [1mnode[0m[1m{[0m[3mname[0m[2m=[0mk#99f25ef6..[1m}[0m[2m:[0m [2msui_core::state_accumulator[0m[2m:[0m [2mcrates/sui-core/src/state_accumulator.rs[0m[2m:[0m[2m675:[0m accumulating running root for checkpoint 445
[2m2025-03-25T07:56:02.367072Z[0m [32m INFO[0m [1mnode[0m[1m{[0m[3mname[0m[2m=[0mk#8dcff6d1..[1m}[0m[2m:[0m [2msui_core::state_accumulator[0m[2m:[0m [2mcrates/sui-core/src/state_accumulator.rs[0m[2m:[0m[2m675:[0m accumulating running root for checkpoint 445
[2m2025-03-25T07:56:02.387958Z[0m [32m INFO[0m [1mnode[0m[1m{[0m[3mname[0m[2m=[0mk#addeef94..[1m}[0m[2m:[0m [2msui_core::checkpoints[0m[2m:[0m [2mcrates/sui-core/src/checkpoints/mod.rs[0m[2m:[0m[2m1326:[0m Creating checkpoint(s) for 2 transactions [3mnext_checkpoint_seq[0m[2m=[0m446 [3mcheckpoint_timestamp[0m[2m=[0m1742889361847
[2m2025-03-25T07:56:02.388261Z[0m [32m INFO[0m [1mnode[0m[1m{[0m[3mname[0m[2m=[0mk#addeef94..[1m}[0m[2m:[0m [2msui_core::checkpoints::checkpoint_output[0m[2m:[0m [2mcrates/sui-core/src/checkpoints/checkpoint_output.rs[0m[2m:[0m[2m149:[0m Creating checkpoint CheckpointDigest(CX5J8vXZ7N2DVpD4mbrbADHguXEuMkVDXxKMLBSeaQPj) at epoch 1, sequence 446, previous digest Some(CheckpointDigest(3kWfnk8K6dCWCpggqxnRnopQMcdSXXYQMYDpobcX86CB)), transactions count 2, content digest CheckpointContentsDigest(EANBPwtC7FGNSMTe1or6uegdVwDUJzREaZCj9kv2GCUe), end_of_epoch_data None
[2m2025-03-25T07:56:02.390892Z[0m [32m INFO[0m [1mnode[0m[1m{[0m[3mname[0m[2m=[0mk#addeef94..[1m}[0m[2m:[0m [2msui_core::checkpoints::checkpoint_executor[0m[2m:[0m [2mcrates/sui-core/src/checkpoints/checkpoint_executor/mod.rs[0m[2m:[0m[2m332:[0m Received checkpoint summary from state sync [3msequence_number[0m[2m=[0m445
[2m2025-03-25T07:56:02.391706Z[0m [32m INFO[0m [1mnode[0m[1m{[0m[3mname[0m[2m=[0mk#addeef94..[1m}[0m[2m:[0m [2msui_core::state_accumulator[0m[2m:[0m [2mcrates/sui-core/src/state_accumulator.rs[0m[2m:[0m[2m675:[0m accumulating running root for checkpoint 445
[2m2025-03-25T07:56:02.392553Z[0m [32m INFO[0m [1mnode[0m[1m{[0m[3mname[0m[2m=[0mk#99f25ef6..[1m}[0m[2m:[0m [2msui_core::checkpoints[0m[2m:[0m [2mcrates/sui-core/src/checkpoints/mod.rs[0m[2m:[0m[2m1326:[0m Creating checkpoint(s) for 2 transactions [3mnext_checkpoint_seq[0m[2m=[0m446 [3mcheckpoint_timestamp[0m[2m=[0m1742889361847
[2m2025-03-25T07:56:02.392611Z[0m [32m INFO[0m [1mnode[0m[1m{[0m[3mname[0m[2m=[0mk#8dcff6d1..[1m}[0m[2m:[0m [2msui_core::checkpoints[0m[2m:[0m [2mcrates/sui-core/src/checkpoints/mod.rs[0m[2m:[0m[2m1326:[0m Creating checkpoint(s) for 2 transactions [3mnext_checkpoint_seq[0m[2m=[0m446 [3mcheckpoint_timestamp[0m[2m=[0m1742889361847
[2m2025-03-25T07:56:02.392813Z[0m [32m INFO[0m [1mnode[0m[1m{[0m[3mname[0m[2m=[0mk#99f25ef6..[1m}[0m[2m:[0m [2msui_core::checkpoints::checkpoint_output[0m[2m:[0m [2mcrates/sui-core/src/checkpoints/checkpoint_output.rs[0m[2m:[0m[2m149:[0m Creating checkpoint CheckpointDigest(CX5J8vXZ7N2DVpD4mbrbADHguXEuMkVDXxKMLBSeaQPj) at epoch 1, sequence 446, previous digest Some(CheckpointDigest(3kWfnk8K6dCWCpggqxnRnopQMcdSXXYQMYDpobcX86CB)), transactions count 2, content digest CheckpointContentsDigest(EANBPwtC7FGNSMTe1or6uegdVwDUJzREaZCj9kv2GCUe), end_of_epoch_data None
[2m2025-03-25T07:56:02.392864Z[0m [32m INFO[0m [1mnode[0m[1m{[0m[3mname[0m[2m=[0mk#8dcff6d1..[1m}[0m[2m:[0m [2msui_core::checkpoints::checkpoint_output[0m[2m:[0m [2mcrates/sui-core/src/checkpoints/checkpoint_output.rs[0m[2m:[0m[2m149:[0m Creating checkpoint CheckpointDigest(CX5J8vXZ7N2DVpD4mbrbADHguXEuMkVDXxKMLBSeaQPj) at epoch 1, sequence 446, previous digest Some(CheckpointDigest(3kWfnk8K6dCWCpggqxnRnopQMcdSXXYQMYDpobcX86CB)), transactions count 2, content digest CheckpointContentsDigest(EANBPwtC7FGNSMTe1or6uegdVwDUJzREaZCj9kv2GCUe), end_of_epoch_data None
[2m2025-03-25T07:56:02.613779Z[0m [32m INFO[0m [1mnode[0m[1m{[0m[3mname[0m[2m=[0mk#addeef94..[1m}[0m[2m:[0m [2mconsensus_core::core[0m[2m:[0m [2mconsensus/core/src/core.rs[0m[2m:[0m[2m945:[0m Included 3 ancestors & excluded 0 ancestors for proposal in round 246
[2m2025-03-25T07:56:02.614131Z[0m [32m INFO[0m [1mnode[0m[1m{[0m[3mname[0m[2m=[0mk#addeef94..[1m}[0m[2m:[0m [2mconsensus_core::core[0m[2m:[0m [2mconsensus/core/src/core.rs[0m[2m:[0m[2m531:[0m Created block B246(C,4PZijqjcRWFYW9T+8uNrscNcPFgOdIAl2Xrv/e/cH18=)(1742889362613ms;[B245(C,+ihQLmFQfccFsP5AtZRgTUaHAaFCp5dDBEDrd9T5jTQ=), B245(A,Qhk/vN4cDKh/1GrRgA89QV76xp8/3J5kdeCTz7atNGs=), B245(B,eMQ5/yZKmG7qxTuCKW/RINDk9HF/DhjYQIljs/jBi/U=)];1t;1c) for round 246
[2m2025-03-25T07:56:02.616027Z[0m [32m INFO[0m [1mnode[0m[1m{[0m[3mname[0m[2m=[0mk#99f25ef6..[1m}[0m[2m:[0m [2mconsensus_core::core[0m[2m:[0m [2mconsensus/core/src/core.rs[0m[2m:[0m[2m945:[0m Included 3 ancestors & excluded 0 ancestors for proposal in round 246
[2m2025-03-25T07:56:02.616027Z[0m [32m INFO[0m [1mnode[0m[1m{[0m[3mname[0m[2m=[0mk#8dcff6d1..[1m}[0m[2m:[0m [2mconsensus_core::core[0m[2m:[0m [2mconsensus/core/src/core.rs[0m[2m:[0m[2m945:[0m Included 3 ancestors & excluded 0 ancestors for proposal in round 246
[2m2025-03-25T07:56:02.616315Z[0m [32m INFO[0m [1mnode[0m[1m{[0m[3mname[0m[2m=[0mk#99f25ef6..[1m}[0m[2m:[0m [2mconsensus_core::core[0m[2m:[0m [2mconsensus/core/src/core.rs[0m[2m:[0m[2m531:[0m Created block B246(B,5a2XfhtihIKYxlHw+ZKxpurF3GedpCv57dN2SGiidmQ=)(1742889362616ms;[B245(B,eMQ5/yZKmG7qxTuCKW/RINDk9HF/DhjYQIljs/jBi/U=), B245(A,Qhk/vN4cDKh/1GrRgA89QV76xp8/3J5kdeCTz7atNGs=), B245(C,+ihQLmFQfccFsP5AtZRgTUaHAaFCp5dDBEDrd9T5jTQ=)];1t;1c) for round 246
[2m2025-03-25T07:56:02.616317Z[0m [32m INFO[0m [1mnode[0m[1m{[0m[3mname[0m[2m=[0mk#8dcff6d1..[1m}[0m[2m:[0m [2mconsensus_core::core[0m[2m:[0m [2mconsensus/core/src/core.rs[0m[2m:[0m[2m531:[0m Created block B246(A,OKnRnq8aREWzabw+voEjbu/8fpoG0Uo6Wnz7cnUd3B8=)(1742889362616ms;[B245(A,Qhk/vN4cDKh/1GrRgA89QV76xp8/3J5kdeCTz7atNGs=), B245(B,eMQ5/yZKmG7qxTuCKW/RINDk9HF/DhjYQIljs/jBi/U=), B245(C,+ihQLmFQfccFsP5AtZRgTUaHAaFCp5dDBEDrd9T5jTQ=)];1t;1c) for round 246
[2m2025-03-25T07:56:02.616384Z[0m [32m INFO[0m [1mnode[0m[1m{[0m[3mname[0m[2m=[0mk#99f25ef6..[1m}[0m[2m:[0m [2mconsensus_core::core[0m[2m:[0m [2mconsensus/core/src/core.rs[0m[2m:[0m[2m630:[0m Committing 1 leaders: B244(B,T5ss)
[2m2025-03-25T07:56:02.616384Z[0m [32m INFO[0m [1mnode[0m[1m{[0m[3mname[0m[2m=[0mk#8dcff6d1..[1m}[0m[2m:[0m [2mconsensus_core::core[0m[2m:[0m [2mconsensus/core/src/core.rs[0m[2m:[0m[2m630:[0m Committing 1 leaders: B244(B,T5ss)
[2m2025-03-25T07:56:02.616458Z[0m [32m INFO[0m [1mnode[0m[1m{[0m[3mname[0m[2m=[0mk#99f25ef6..[1m}[0m[2m:[0m [2mconsensus_core::commit_observer[0m[2m:[0m [2mconsensus/core/src/commit_observer.rs[0m[2m:[0m[2m173:[0m Consensus commit C234(soNh) with leader B244(B,T5ss) has 3 blocks
[2m2025-03-25T07:56:02.616458Z[0m [32m INFO[0m [1mnode[0m[1m{[0m[3mname[0m[2m=[0mk#8dcff6d1..[1m}[0m[2m:[0m [2mconsensus_core::commit_observer[0m[2m:[0m [2mconsensus/core/src/commit_observer.rs[0m[2m:[0m[2m173:[0m Consensus commit C234(soNh) with leader B244(B,T5ss) has 3 blocks
[2m2025-03-25T07:56:02.616544Z[0m [32m INFO[0m [1mnode[0m[1m{[0m[3mname[0m[2m=[0mk#99f25ef6..[1m}[0m[2m:[0m [2msui_core::consensus_handler[0m[2m:[0m [2mcrates/sui-core/src/consensus_handler.rs[0m[2m:[0m[2m232:[0m Received consensus output [3mconsensus_commit[0m[2m=[0mCommittedSubDag(leader=B244(B,T5ss), ref=C234(soNh), blocks=[pl38, 2CA/, T5ss]) [3mepoch[0m[2m=[0m1
[2m2025-03-25T07:56:02.616544Z[0m [32m INFO[0m [1mnode[0m[1m{[0m[3mname[0m[2m=[0mk#8dcff6d1..[1m}[0m[2m:[0m [2msui_core::consensus_handler[0m[2m:[0m [2mcrates/sui-core/src/consensus_handler.rs[0m[2m:[0m[2m232:[0m Received consensus output [3mconsensus_commit[0m[2m=[0mCommittedSubDag(leader=B244(B,T5ss), ref=C234(soNh), blocks=[pl38, 2CA/, T5ss]) [3mepoch[0m[2m=[0m1
[2m2025-03-25T07:56:02.618924Z[0m [32m INFO[0m [1mnode[0m[1m{[0m[3mname[0m[2m=[0mk#addeef94..[1m}[0m[2m:[0m [2mconsensus_core::core[0m[2m:[0m [2mconsensus/core/src/core.rs[0m[2m:[0m[2m630:[0m Committing 1 leaders: B244(B,T5ss)
[2m2025-03-25T07:56:02.619014Z[0m [32m INFO[0m [1mnode[0m[1m{[0m[3mname[0m[2m=[0mk#addeef94..[1m}[0m[2m:[0m [2mconsensus_core::commit_observer[0m[2m:[0m [2mconsensus/core/src/commit_observer.rs[0m[2m:[0m[2m173:[0m Consensus commit C234(soNh) with leader B244(B,T5ss) has 3 blocks
[2m2025-03-25T07:56:02.619083Z[0m [32m INFO[0m [1mnode[0m[1m{[0m[3mname[0m[2m=[0mk#addeef94..[1m}[0m[2m:[0m [2msui_core::consensus_handler[0m[2m:[0m [2mcrates/sui-core/src/consensus_handler.rs[0m[2m:[0m[2m232:[0m Received consensus output [3mconsensus_commit[0m[2m=[0mCommittedSubDag(leader=B244(B,T5ss), ref=C234(soNh), blocks=[pl38, 2CA/, T5ss]) [3mepoch[0m[2m=[0m1
[2m2025-03-25T07:56:02.661613Z[0m [32m INFO[0m [1mnode[0m[1m{[0m[3mname[0m[2m=[0mk#99f25ef6..[1m}[0m[2m:[0m [2msui_core::checkpoints[0m[2m:[0m [2mcrates/sui-core/src/checkpoints/mod.rs[0m[2m:[0m[2m1326:[0m Creating checkpoint(s) for 1 transactions [3mnext_checkpoint_seq[0m[2m=[0m447 [3mcheckpoint_timestamp[0m[2m=[0m1742889362105
[2m2025-03-25T07:56:02.661613Z[0m [32m INFO[0m [1mnode[0m[1m{[0m[3mname[0m[2m=[0mk#8dcff6d1..[1m}[0m[2m:[0m [2msui_core::checkpoints[0m[2m:[0m [2mcrates/sui-core/src/checkpoints/mod.rs[0m[2m:[0m[2m1326:[0m Creating checkpoint(s) for 1 transactions [3mnext_checkpoint_seq[0m[2m=[0m447 [3mcheckpoint_timestamp[0m[2m=[0m1742889362105
[2m2025-03-25T07:56:02.661851Z[0m [32m INFO[0m [1mnode[0m[1m{[0m[3mname[0m[2m=[0mk#99f25ef6..[1m}[0m[2m:[0m [2msui_core::checkpoints::checkpoint_output[0m[2m:[0m [2mcrates/sui-core/src/checkpoints/checkpoint_output.rs[0m[2m:[0m[2m149:[0m Creating checkpoint CheckpointDigest(GmFR9aWFv3BXwUES6bHMMX4A519RNMAaaBtB29hCG1Mw) at epoch 1, sequence 447, previous digest Some(CheckpointDigest(CX5J8vXZ7N2DVpD4mbrbADHguXEuMkVDXxKMLBSeaQPj)), transactions count 1, content digest CheckpointContentsDigest(6ffhhaDGnVhoSjVPbmTgjVgc4CtgRAfFEcTiGhAHDPe6), end_of_epoch_data None
[2m2025-03-25T07:56:02.661851Z[0m [32m INFO[0m [1mnode[0m[1m{[0m[3mname[0m[2m=[0mk#8dcff6d1..[1m}[0m[2m:[0m [2msui_core::checkpoints::checkpoint_output[0m[2m:[0m [2mcrates/sui-core/src/checkpoints/checkpoint_output.rs[0m[2m:[0m[2m149:[0m Creating checkpoint CheckpointDigest(GmFR9aWFv3BXwUES6bHMMX4A519RNMAaaBtB29hCG1Mw) at epoch 1, sequence 447, previous digest Some(CheckpointDigest(CX5J8vXZ7N2DVpD4mbrbADHguXEuMkVDXxKMLBSeaQPj)), transactions count 1, content digest CheckpointContentsDigest(6ffhhaDGnVhoSjVPbmTgjVgc4CtgRAfFEcTiGhAHDPe6), end_of_epoch_data None
[2m2025-03-25T07:56:02.663061Z[0m [32m INFO[0m [1mnode[0m[1m{[0m[3mname[0m[2m=[0mk#addeef94..[1m}[0m[2m:[0m [2msui_core::checkpoints[0m[2m:[0m [2mcrates/sui-core/src/checkpoints/mod.rs[0m[2m:[0m[2m1326:[0m Creating checkpoint(s) for 1 transactions [3mnext_checkpoint_seq[0m[2m=[0m447 [3mcheckpoint_timestamp[0m[2m=[0m1742889362105
[2m2025-03-25T07:56:02.663235Z[0m [32m INFO[0m [1mnode[0m[1m{[0m[3mname[0m[2m=[0mk#addeef94..[1m}[0m[2m:[0m [2msui_core::checkpoints::checkpoint_output[0m[2m:[0m [2mcrates/sui-core/src/checkpoints/checkpoint_output.rs[0m[2m:[0m[2m149:[0m Creating checkpoint CheckpointDigest(GmFR9aWFv3BXwUES6bHMMX4A519RNMAaaBtB29hCG1Mw) at epoch 1, sequence 447, previous digest Some(CheckpointDigest(CX5J8vXZ7N2DVpD4mbrbADHguXEuMkVDXxKMLBSeaQPj)), transactions count 1, content digest CheckpointContentsDigest(6ffhhaDGnVhoSjVPbmTgjVgc4CtgRAfFEcTiGhAHDPe6), end_of_epoch_data None
[2m2025-03-25T07:56:02.665080Z[0m [32m INFO[0m [1mnode[0m[1m{[0m[3mname[0m[2m=[0mk#8dcff6d1..[1m}[0m[2m:[0m [2msui_core::checkpoints::checkpoint_output[0m[2m:[0m [2mcrates/sui-core/src/checkpoints/checkpoint_output.rs[0m[2m:[0m[2m196:[0m Certified checkpoint with sequence 446 and digest CX5J8vXZ7N2DVpD4mbrbADHguXEuMkVDXxKMLBSeaQPj
[2m2025-03-25T07:56:02.665086Z[0m [32m INFO[0m [1mnode[0m[1m{[0m[3mname[0m[2m=[0mk#99f25ef6..[1m}[0m[2m:[0m [2msui_core::checkpoints::checkpoint_output[0m[2m:[0m [2mcrates/sui-core/src/checkpoints/checkpoint_output.rs[0m[2m:[0m[2m196:[0m Certified checkpoint with sequence 446 and digest CX5J8vXZ7N2DVpD4mbrbADHguXEuMkVDXxKMLBSeaQPj
[2m2025-03-25T07:56:02.668512Z[0m [32m INFO[0m [1mnode[0m[1m{[0m[3mname[0m[2m=[0mk#8dcff6d1..[1m}[0m[2m:[0m [2msui_core::checkpoints::checkpoint_executor[0m[2m:[0m [2mcrates/sui-core/src/checkpoints/checkpoint_executor/mod.rs[0m[2m:[0m[2m332:[0m Received checkpoint summary from state sync [3msequence_number[0m[2m=[0m446
[2m2025-03-25T07:56:02.668769Z[0m [32m INFO[0m [1mnode[0m[1m{[0m[3mname[0m[2m=[0mk#99f25ef6..[1m}[0m[2m:[0m [2msui_core::checkpoints::checkpoint_executor[0m[2m:[0m [2mcrates/sui-core/src/checkpoints/checkpoint_executor/mod.rs[0m[2m:[0m[2m332:[0m Received checkpoint summary from state sync [3msequence_number[0m[2m=[0m446
[2m2025-03-25T07:56:02.688465Z[0m [32m INFO[0m [1mnode[0m[1m{[0m[3mname[0m[2m=[0mk#8dcff6d1..[1m}[0m[2m:[0m [2msui_core::state_accumulator[0m[2m:[0m [2mcrates/sui-core/src/state_accumulator.rs[0m[2m:[0m[2m675:[0m accumulating running root for checkpoint 446
[2m2025-03-25T07:56:02.688655Z[0m [32m INFO[0m [1mnode[0m[1m{[0m[3mname[0m[2m=[0mk#99f25ef6..[1m}[0m[2m:[0m [2msui_core::state_accumulator[0m[2m:[0m [2mcrates/sui-core/src/state_accumulator.rs[0m[2m:[0m[2m675:[0m accumulating running root for checkpoint 446
[2m2025-03-25T07:56:02.717340Z[0m [32m INFO[0m [1mnode[0m[1m{[0m[3mname[0m[2m=[0mk#b3f3cbb4..[1m}[0m[2m:[0m[1mjson-rpc-request[0m[2m:[0m[1mdev_inspect_transaction_block[0m[1m{[0m[3msender_address[0m[2m=[0m0x0000000000000000000000000000000000000000000000000000000000000000 [3mtx_bytes[0m[2m=[0mBase64("AAMBAQAAAAAAAAAAAAAAAAAAAAAAAAAAAAAAAAAAAAAAAAAJAQAAAAAAAAABAAEMAAgAAAAAAAAAAAEAAAAAAAAAAAAAAAAAAAAAAAAAAAAAAAAAAAAAAAAAAAsGYnJpZGdlIGdldF90b2tlbl90cmFuc2Zlcl9hY3Rpb25fc3RhdHVzAAMBAAABAQABAgA=") [3mgas_price[0m[2m=[0mNone [3m_epoch[0m[2m=[0mNone [3madditional_args[0m[2m=[0mNone[1m}[0m[2m:[0m [2msui_json_rpc::transaction_execution_api[0m[2m:[0m [2mcrates/sui-json-rpc/src/transaction_execution_api.rs[0m[2m:[0m[2m351:[0m RPC took longer than threshold to complete. [3melapsed[0m[2m=[0m1.541303459s
[2m2025-03-25T07:56:02.718709Z[0m [32m INFO[0m [1mnode[0m[1m{[0m[3mname[0m[2m=[0mk#b3f3cbb4..[1m}[0m[2m:[0m [2msui_core::state_accumulator[0m[2m:[0m [2mcrates/sui-core/src/state_accumulator.rs[0m[2m:[0m[2m675:[0m accumulating running root for checkpoint 410
[2m2025-03-25T07:56:02.718798Z[0m [32m INFO[0m [2msui_bridge::e2e_tests::test_utils[0m[2m:[0m [2mcrates/sui-bridge/src/e2e_tests/test_utils.rs[0m[2m:[0m[2m1452:[0m get_token_transfer_action_onchain_status_until_success took 1.760988417s, status: NotFound
[2m2025-03-25T07:56:02.732879Z[0m [32m INFO[0m [1mnode[0m[1m{[0m[3mname[0m[2m=[0mk#addeef94..[1m}[0m[2m:[0m [2msui_core::checkpoints::checkpoint_executor[0m[2m:[0m [2mcrates/sui-core/src/checkpoints/checkpoint_executor/mod.rs[0m[2m:[0m[2m332:[0m Received checkpoint summary from state sync [3msequence_number[0m[2m=[0m446
[2m2025-03-25T07:56:02.734178Z[0m [32m INFO[0m [1mnode[0m[1m{[0m[3mname[0m[2m=[0mk#addeef94..[1m}[0m[2m:[0m [2msui_core::state_accumulator[0m[2m:[0m [2mcrates/sui-core/src/state_accumulator.rs[0m[2m:[0m[2m675:[0m accumulating running root for checkpoint 446
[2m2025-03-25T07:56:02.800084Z[0m [32m INFO[0m [1mnode[0m[1m{[0m[3mname[0m[2m=[0mk#b3f3cbb4..[1m}[0m[2m:[0m [2msui_core::state_accumulator[0m[2m:[0m [2mcrates/sui-core/src/state_accumulator.rs[0m[2m:[0m[2m675:[0m accumulating running root for checkpoint 411
[2m2025-03-25T07:56:02.800338Z[0m [32m INFO[0m [1mnode[0m[1m{[0m[3mname[0m[2m=[0mk#b3f3cbb4..[1m}[0m[2m:[0m [2msui_core::checkpoints::checkpoint_executor[0m[2m:[0m [2mcrates/sui-core/src/checkpoints/checkpoint_executor/mod.rs[0m[2m:[0m[2m332:[0m Received checkpoint summary from state sync [3msequence_number[0m[2m=[0m438
[2m2025-03-25T07:56:02.868554Z[0m [32m INFO[0m [1mnode[0m[1m{[0m[3mname[0m[2m=[0mk#99f25ef6..[1m}[0m[2m:[0m [2mconsensus_core::core[0m[2m:[0m [2mconsensus/core/src/core.rs[0m[2m:[0m[2m945:[0m Included 3 ancestors & excluded 0 ancestors for proposal in round 247
[2m2025-03-25T07:56:02.868909Z[0m [32m INFO[0m [1mnode[0m[1m{[0m[3mname[0m[2m=[0mk#99f25ef6..[1m}[0m[2m:[0m [2mconsensus_core::core[0m[2m:[0m [2mconsensus/core/src/core.rs[0m[2m:[0m[2m531:[0m Created block B247(B,cByclNR3O8ogmM8H3AHdVub8aySR5H2MIYDba9WFB6o=)(1742889362868ms;[B246(B,5a2XfhtihIKYxlHw+ZKxpurF3GedpCv57dN2SGiidmQ=), B246(A,OKnRnq8aREWzabw+voEjbu/8fpoG0Uo6Wnz7cnUd3B8=), B246(C,4PZijqjcRWFYW9T+8uNrscNcPFgOdIAl2Xrv/e/cH18=)];1t;1c) for round 247
[2m2025-03-25T07:56:02.870531Z[0m [32m INFO[0m [1mnode[0m[1m{[0m[3mname[0m[2m=[0mk#8dcff6d1..[1m}[0m[2m:[0m [2mconsensus_core::core[0m[2m:[0m [2mconsensus/core/src/core.rs[0m[2m:[0m[2m945:[0m Included 3 ancestors & excluded 0 ancestors for proposal in round 247
[2m2025-03-25T07:56:02.870826Z[0m [32m INFO[0m [1mnode[0m[1m{[0m[3mname[0m[2m=[0mk#8dcff6d1..[1m}[0m[2m:[0m [2mconsensus_core::core[0m[2m:[0m [2mconsensus/core/src/core.rs[0m[2m:[0m[2m531:[0m Created block B247(A,UHzwk3KMyVIBTc7G4Mum0k/9sXkSkYJsKAD2z0pg2oI=)(1742889362870ms;[B246(A,OKnRnq8aREWzabw+voEjbu/8fpoG0Uo6Wnz7cnUd3B8=), B246(B,5a2XfhtihIKYxlHw+ZKxpurF3GedpCv57dN2SGiidmQ=), B246(C,4PZijqjcRWFYW9T+8uNrscNcPFgOdIAl2Xrv/e/cH18=)];1t;1c) for round 247
[2m2025-03-25T07:56:02.870859Z[0m [32m INFO[0m [1mnode[0m[1m{[0m[3mname[0m[2m=[0mk#addeef94..[1m}[0m[2m:[0m [2mconsensus_core::core[0m[2m:[0m [2mconsensus/core/src/core.rs[0m[2m:[0m[2m945:[0m Included 3 ancestors & excluded 0 ancestors for proposal in round 247
[2m2025-03-25T07:56:02.871155Z[0m [32m INFO[0m [1mnode[0m[1m{[0m[3mname[0m[2m=[0mk#addeef94..[1m}[0m[2m:[0m [2mconsensus_core::core[0m[2m:[0m [2mconsensus/core/src/core.rs[0m[2m:[0m[2m531:[0m Created block B247(C,G0hjkKokzkL70egmClN6HAHs0YAM2EdDWp+F9iyt5hE=)(1742889362870ms;[B246(C,4PZijqjcRWFYW9T+8uNrscNcPFgOdIAl2Xrv/e/cH18=), B246(A,OKnRnq8aREWzabw+voEjbu/8fpoG0Uo6Wnz7cnUd3B8=), B246(B,5a2XfhtihIKYxlHw+ZKxpurF3GedpCv57dN2SGiidmQ=)];1t;1c) for round 247
[2m2025-03-25T07:56:02.871224Z[0m [32m INFO[0m [1mnode[0m[1m{[0m[3mname[0m[2m=[0mk#addeef94..[1m}[0m[2m:[0m [2mconsensus_core::core[0m[2m:[0m [2mconsensus/core/src/core.rs[0m[2m:[0m[2m630:[0m Committing 1 leaders: B245(A,Qhk/)
[2m2025-03-25T07:56:02.871295Z[0m [32m INFO[0m [1mnode[0m[1m{[0m[3mname[0m[2m=[0mk#addeef94..[1m}[0m[2m:[0m [2mconsensus_core::commit_observer[0m[2m:[0m [2mconsensus/core/src/commit_observer.rs[0m[2m:[0m[2m173:[0m Consensus commit C235(3Bdz) with leader B245(A,Qhk/) has 3 blocks
[2m2025-03-25T07:56:02.871377Z[0m [32m INFO[0m [1mnode[0m[1m{[0m[3mname[0m[2m=[0mk#addeef94..[1m}[0m[2m:[0m [2msui_core::consensus_handler[0m[2m:[0m [2mcrates/sui-core/src/consensus_handler.rs[0m[2m:[0m[2m232:[0m Received consensus output [3mconsensus_commit[0m[2m=[0mCommittedSubDag(leader=B245(A,Qhk/), ref=C235(3Bdz), blocks=[cf6w, s0bi, Qhk/]) [3mepoch[0m[2m=[0m1
[2m2025-03-25T07:56:02.874377Z[0m [32m INFO[0m [1mnode[0m[1m{[0m[3mname[0m[2m=[0mk#8dcff6d1..[1m}[0m[2m:[0m [2msui_core::checkpoints::checkpoint_output[0m[2m:[0m [2mcrates/sui-core/src/checkpoints/checkpoint_output.rs[0m[2m:[0m[2m196:[0m Certified checkpoint with sequence 447 and digest GmFR9aWFv3BXwUES6bHMMX4A519RNMAaaBtB29hCG1Mw
[2m2025-03-25T07:56:02.874486Z[0m [32m INFO[0m [1mnode[0m[1m{[0m[3mname[0m[2m=[0mk#8dcff6d1..[1m}[0m[2m:[0m [2mconsensus_core::core[0m[2m:[0m [2mconsensus/core/src/core.rs[0m[2m:[0m[2m630:[0m Committing 1 leaders: B245(A,Qhk/)
[2m2025-03-25T07:56:02.874589Z[0m [32m INFO[0m [1mnode[0m[1m{[0m[3mname[0m[2m=[0mk#8dcff6d1..[1m}[0m[2m:[0m [2mconsensus_core::commit_observer[0m[2m:[0m [2mconsensus/core/src/commit_observer.rs[0m[2m:[0m[2m173:[0m Consensus commit C235(3Bdz) with leader B245(A,Qhk/) has 3 blocks
[2m2025-03-25T07:56:02.874897Z[0m [32m INFO[0m [1mnode[0m[1m{[0m[3mname[0m[2m=[0mk#99f25ef6..[1m}[0m[2m:[0m [2msui_core::checkpoints::checkpoint_output[0m[2m:[0m [2mcrates/sui-core/src/checkpoints/checkpoint_output.rs[0m[2m:[0m[2m196:[0m Certified checkpoint with sequence 447 and digest GmFR9aWFv3BXwUES6bHMMX4A519RNMAaaBtB29hCG1Mw
[2m2025-03-25T07:56:02.875004Z[0m [32m INFO[0m [1mnode[0m[1m{[0m[3mname[0m[2m=[0mk#99f25ef6..[1m}[0m[2m:[0m [2mconsensus_core::core[0m[2m:[0m [2mconsensus/core/src/core.rs[0m[2m:[0m[2m630:[0m Committing 1 leaders: B245(A,Qhk/)
[2m2025-03-25T07:56:02.875004Z[0m [32m INFO[0m [1mnode[0m[1m{[0m[3mname[0m[2m=[0mk#8dcff6d1..[1m}[0m[2m:[0m [2msui_core::consensus_handler[0m[2m:[0m [2mcrates/sui-core/src/consensus_handler.rs[0m[2m:[0m[2m232:[0m Received consensus output [3mconsensus_commit[0m[2m=[0mCommittedSubDag(leader=B245(A,Qhk/), ref=C235(3Bdz), blocks=[cf6w, s0bi, Qhk/]) [3mepoch[0m[2m=[0m1
[2m2025-03-25T07:56:02.875107Z[0m [32m INFO[0m [1mnode[0m[1m{[0m[3mname[0m[2m=[0mk#99f25ef6..[1m}[0m[2m:[0m [2mconsensus_core::commit_observer[0m[2m:[0m [2mconsensus/core/src/commit_observer.rs[0m[2m:[0m[2m173:[0m Consensus commit C235(3Bdz) with leader B245(A,Qhk/) has 3 blocks
[2m2025-03-25T07:56:02.875484Z[0m [32m INFO[0m [1mnode[0m[1m{[0m[3mname[0m[2m=[0mk#99f25ef6..[1m}[0m[2m:[0m [2msui_core::consensus_handler[0m[2m:[0m [2mcrates/sui-core/src/consensus_handler.rs[0m[2m:[0m[2m232:[0m Received consensus output [3mconsensus_commit[0m[2m=[0mCommittedSubDag(leader=B245(A,Qhk/), ref=C235(3Bdz), blocks=[cf6w, s0bi, Qhk/]) [3mepoch[0m[2m=[0m1
[2m2025-03-25T07:56:02.875582Z[0m [32m INFO[0m [1mnode[0m[1m{[0m[3mname[0m[2m=[0mk#8dcff6d1..[1m}[0m[2m:[0m [2msui_core::checkpoints::checkpoint_executor[0m[2m:[0m [2mcrates/sui-core/src/checkpoints/checkpoint_executor/mod.rs[0m[2m:[0m[2m332:[0m Received checkpoint summary from state sync [3msequence_number[0m[2m=[0m447
[2m2025-03-25T07:56:02.876015Z[0m [32m INFO[0m [1mnode[0m[1m{[0m[3mname[0m[2m=[0mk#99f25ef6..[1m}[0m[2m:[0m [2msui_core::checkpoints::checkpoint_executor[0m[2m:[0m [2mcrates/sui-core/src/checkpoints/checkpoint_executor/mod.rs[0m[2m:[0m[2m332:[0m Received checkpoint summary from state sync [3msequence_number[0m[2m=[0m447
[2m2025-03-25T07:56:02.877150Z[0m [32m INFO[0m [1mnode[0m[1m{[0m[3mname[0m[2m=[0mk#8dcff6d1..[1m}[0m[2m:[0m [2msui_core::state_accumulator[0m[2m:[0m [2mcrates/sui-core/src/state_accumulator.rs[0m[2m:[0m[2m675:[0m accumulating running root for checkpoint 447
[2m2025-03-25T07:56:02.877333Z[0m [32m INFO[0m [1mnode[0m[1m{[0m[3mname[0m[2m=[0mk#99f25ef6..[1m}[0m[2m:[0m [2msui_core::state_accumulator[0m[2m:[0m [2mcrates/sui-core/src/state_accumulator.rs[0m[2m:[0m[2m675:[0m accumulating running root for checkpoint 447
[2m2025-03-25T07:56:02.889187Z[0m [32m INFO[0m [1mnode[0m[1m{[0m[3mname[0m[2m=[0mk#b3f3cbb4..[1m}[0m[2m:[0m [2msui_core::state_accumulator[0m[2m:[0m [2mcrates/sui-core/src/state_accumulator.rs[0m[2m:[0m[2m675:[0m accumulating running root for checkpoint 412
[2m2025-03-25T07:56:02.897893Z[0m [32m INFO[0m [1mnode[0m[1m{[0m[3mname[0m[2m=[0mk#addeef94..[1m}[0m[2m:[0m [2msui_core::checkpoints[0m[2m:[0m [2mcrates/sui-core/src/checkpoints/mod.rs[0m[2m:[0m[2m1326:[0m Creating checkpoint(s) for 2 transactions [3mnext_checkpoint_seq[0m[2m=[0m448 [3mcheckpoint_timestamp[0m[2m=[0m1742889362355
[2m2025-03-25T07:56:02.898196Z[0m [32m INFO[0m [1mnode[0m[1m{[0m[3mname[0m[2m=[0mk#addeef94..[1m}[0m[2m:[0m [2msui_core::checkpoints::checkpoint_output[0m[2m:[0m [2mcrates/sui-core/src/checkpoints/checkpoint_output.rs[0m[2m:[0m[2m149:[0m Creating checkpoint CheckpointDigest(E7EqUPugo6i7zAgWkzjtPdMfAfJvPr8yCSgy5g7M2CN6) at epoch 1, sequence 448, previous digest Some(CheckpointDigest(GmFR9aWFv3BXwUES6bHMMX4A519RNMAaaBtB29hCG1Mw)), transactions count 2, content digest CheckpointContentsDigest(4JweQSgrPPbKxqtPm3QJnMwh6LxA6fhcrWwhFdnBne27), end_of_epoch_data None
[2m2025-03-25T07:56:02.902364Z[0m [32m INFO[0m [1mnode[0m[1m{[0m[3mname[0m[2m=[0mk#addeef94..[1m}[0m[2m:[0m [2msui_core::checkpoints::checkpoint_executor[0m[2m:[0m [2mcrates/sui-core/src/checkpoints/checkpoint_executor/mod.rs[0m[2m:[0m[2m332:[0m Received checkpoint summary from state sync [3msequence_number[0m[2m=[0m447
[2m2025-03-25T07:56:02.902705Z[0m [32m INFO[0m [1mnode[0m[1m{[0m[3mname[0m[2m=[0mk#99f25ef6..[1m}[0m[2m:[0m [2msui_core::checkpoints[0m[2m:[0m [2mcrates/sui-core/src/checkpoints/mod.rs[0m[2m:[0m[2m1326:[0m Creating checkpoint(s) for 2 transactions [3mnext_checkpoint_seq[0m[2m=[0m448 [3mcheckpoint_timestamp[0m[2m=[0m1742889362355
[2m2025-03-25T07:56:02.902708Z[0m [32m INFO[0m [1mnode[0m[1m{[0m[3mname[0m[2m=[0mk#8dcff6d1..[1m}[0m[2m:[0m [2msui_core::checkpoints[0m[2m:[0m [2mcrates/sui-core/src/checkpoints/mod.rs[0m[2m:[0m[2m1326:[0m Creating checkpoint(s) for 2 transactions [3mnext_checkpoint_seq[0m[2m=[0m448 [3mcheckpoint_timestamp[0m[2m=[0m1742889362355
[2m2025-03-25T07:56:02.902975Z[0m [32m INFO[0m [1mnode[0m[1m{[0m[3mname[0m[2m=[0mk#8dcff6d1..[1m}[0m[2m:[0m [2msui_core::checkpoints::checkpoint_output[0m[2m:[0m [2mcrates/sui-core/src/checkpoints/checkpoint_output.rs[0m[2m:[0m[2m149:[0m Creating checkpoint CheckpointDigest(E7EqUPugo6i7zAgWkzjtPdMfAfJvPr8yCSgy5g7M2CN6) at epoch 1, sequence 448, previous digest Some(CheckpointDigest(GmFR9aWFv3BXwUES6bHMMX4A519RNMAaaBtB29hCG1Mw)), transactions count 2, content digest CheckpointContentsDigest(4JweQSgrPPbKxqtPm3QJnMwh6LxA6fhcrWwhFdnBne27), end_of_epoch_data None
[2m2025-03-25T07:56:02.902975Z[0m [32m INFO[0m [1mnode[0m[1m{[0m[3mname[0m[2m=[0mk#99f25ef6..[1m}[0m[2m:[0m [2msui_core::checkpoints::checkpoint_output[0m[2m:[0m [2mcrates/sui-core/src/checkpoints/checkpoint_output.rs[0m[2m:[0m[2m149:[0m Creating checkpoint CheckpointDigest(E7EqUPugo6i7zAgWkzjtPdMfAfJvPr8yCSgy5g7M2CN6) at epoch 1, sequence 448, previous digest Some(CheckpointDigest(GmFR9aWFv3BXwUES6bHMMX4A519RNMAaaBtB29hCG1Mw)), transactions count 2, content digest CheckpointContentsDigest(4JweQSgrPPbKxqtPm3QJnMwh6LxA6fhcrWwhFdnBne27), end_of_epoch_data None
[2m2025-03-25T07:56:02.903161Z[0m [32m INFO[0m [1mnode[0m[1m{[0m[3mname[0m[2m=[0mk#addeef94..[1m}[0m[2m:[0m [2msui_core::state_accumulator[0m[2m:[0m [2mcrates/sui-core/src/state_accumulator.rs[0m[2m:[0m[2m675:[0m accumulating running root for checkpoint 447
[2m2025-03-25T07:56:02.968418Z[0m [32m INFO[0m [1mnode[0m[1m{[0m[3mname[0m[2m=[0mk#b3f3cbb4..[1m}[0m[2m:[0m [2msui_core::state_accumulator[0m[2m:[0m [2mcrates/sui-core/src/state_accumulator.rs[0m[2m:[0m[2m675:[0m accumulating running root for checkpoint 413
[2m2025-03-25T07:56:03.057095Z[0m [32m INFO[0m [1mnode[0m[1m{[0m[3mname[0m[2m=[0mk#b3f3cbb4..[1m}[0m[2m:[0m [2msui_core::state_accumulator[0m[2m:[0m [2mcrates/sui-core/src/state_accumulator.rs[0m[2m:[0m[2m675:[0m accumulating running root for checkpoint 414
[2m2025-03-25T07:56:03.123736Z[0m [32m INFO[0m [1mnode[0m[1m{[0m[3mname[0m[2m=[0mk#addeef94..[1m}[0m[2m:[0m [2mconsensus_core::core[0m[2m:[0m [2mconsensus/core/src/core.rs[0m[2m:[0m[2m945:[0m Included 3 ancestors & excluded 0 ancestors for proposal in round 248
[2m2025-03-25T07:56:03.124091Z[0m [32m INFO[0m [1mnode[0m[1m{[0m[3mname[0m[2m=[0mk#addeef94..[1m}[0m[2m:[0m [2mconsensus_core::core[0m[2m:[0m [2mconsensus/core/src/core.rs[0m[2m:[0m[2m531:[0m Created block B248(C,E7iAVxvmn6DZT5E3KOc4jZsEVUo1hysfEu88hOU97LA=)(1742889363123ms;[B247(C,G0hjkKokzkL70egmClN6HAHs0YAM2EdDWp+F9iyt5hE=), B247(A,UHzwk3KMyVIBTc7G4Mum0k/9sXkSkYJsKAD2z0pg2oI=), B247(B,cByclNR3O8ogmM8H3AHdVub8aySR5H2MIYDba9WFB6o=)];1t;1c) for round 248
[2m2025-03-25T07:56:03.125997Z[0m [32m INFO[0m [1mnode[0m[1m{[0m[3mname[0m[2m=[0mk#99f25ef6..[1m}[0m[2m:[0m [2mconsensus_core::core[0m[2m:[0m [2mconsensus/core/src/core.rs[0m[2m:[0m[2m945:[0m Included 3 ancestors & excluded 0 ancestors for proposal in round 248
[2m2025-03-25T07:56:03.125997Z[0m [32m INFO[0m [1mnode[0m[1m{[0m[3mname[0m[2m=[0mk#8dcff6d1..[1m}[0m[2m:[0m [2mconsensus_core::core[0m[2m:[0m [2mconsensus/core/src/core.rs[0m[2m:[0m[2m945:[0m Included 3 ancestors & excluded 0 ancestors for proposal in round 248
[2m2025-03-25T07:56:03.126291Z[0m [32m INFO[0m [1mnode[0m[1m{[0m[3mname[0m[2m=[0mk#8dcff6d1..[1m}[0m[2m:[0m [2mconsensus_core::core[0m[2m:[0m [2mconsensus/core/src/core.rs[0m[2m:[0m[2m531:[0m Created block B248(A,JYefx6MUeHI7J7OJB7KBjq46infS4sZB8rlzEV/Zf7w=)(1742889363126ms;[B247(A,UHzwk3KMyVIBTc7G4Mum0k/9sXkSkYJsKAD2z0pg2oI=), B247(B,cByclNR3O8ogmM8H3AHdVub8aySR5H2MIYDba9WFB6o=), B247(C,G0hjkKokzkL70egmClN6HAHs0YAM2EdDWp+F9iyt5hE=)];1t;1c) for round 248
[2m2025-03-25T07:56:03.126291Z[0m [32m INFO[0m [1mnode[0m[1m{[0m[3mname[0m[2m=[0mk#99f25ef6..[1m}[0m[2m:[0m [2mconsensus_core::core[0m[2m:[0m [2mconsensus/core/src/core.rs[0m[2m:[0m[2m531:[0m Created block B248(B,P3Pu03Ah1h+BKwRG2VpDrui7Wcz33SIle6NbitYGc0E=)(1742889363126ms;[B247(B,cByclNR3O8ogmM8H3AHdVub8aySR5H2MIYDba9WFB6o=), B247(A,UHzwk3KMyVIBTc7G4Mum0k/9sXkSkYJsKAD2z0pg2oI=), B247(C,G0hjkKokzkL70egmClN6HAHs0YAM2EdDWp+F9iyt5hE=)];1t;1c) for round 248
[2m2025-03-25T07:56:03.126360Z[0m [32m INFO[0m [1mnode[0m[1m{[0m[3mname[0m[2m=[0mk#8dcff6d1..[1m}[0m[2m:[0m [2mconsensus_core::core[0m[2m:[0m [2mconsensus/core/src/core.rs[0m[2m:[0m[2m630:[0m Committing 1 leaders: B246(A,OKnR)
[2m2025-03-25T07:56:03.126360Z[0m [32m INFO[0m [1mnode[0m[1m{[0m[3mname[0m[2m=[0mk#99f25ef6..[1m}[0m[2m:[0m [2mconsensus_core::core[0m[2m:[0m [2mconsensus/core/src/core.rs[0m[2m:[0m[2m630:[0m Committing 1 leaders: B246(A,OKnR)
[2m2025-03-25T07:56:03.126434Z[0m [32m INFO[0m [1mnode[0m[1m{[0m[3mname[0m[2m=[0mk#8dcff6d1..[1m}[0m[2m:[0m [2mconsensus_core::commit_observer[0m[2m:[0m [2mconsensus/core/src/commit_observer.rs[0m[2m:[0m[2m173:[0m Consensus commit C236(i7FX) with leader B246(A,OKnR) has 3 blocks
[2m2025-03-25T07:56:03.126434Z[0m [32m INFO[0m [1mnode[0m[1m{[0m[3mname[0m[2m=[0mk#99f25ef6..[1m}[0m[2m:[0m [2mconsensus_core::commit_observer[0m[2m:[0m [2mconsensus/core/src/commit_observer.rs[0m[2m:[0m[2m173:[0m Consensus commit C236(i7FX) with leader B246(A,OKnR) has 3 blocks
[2m2025-03-25T07:56:03.126521Z[0m [32m INFO[0m [1mnode[0m[1m{[0m[3mname[0m[2m=[0mk#8dcff6d1..[1m}[0m[2m:[0m [2msui_core::consensus_handler[0m[2m:[0m [2mcrates/sui-core/src/consensus_handler.rs[0m[2m:[0m[2m232:[0m Received consensus output [3mconsensus_commit[0m[2m=[0mCommittedSubDag(leader=B246(A,OKnR), ref=C236(i7FX), blocks=[eMQ5, +ihQ, OKnR]) [3mepoch[0m[2m=[0m1
[2m2025-03-25T07:56:03.126521Z[0m [32m INFO[0m [1mnode[0m[1m{[0m[3mname[0m[2m=[0mk#99f25ef6..[1m}[0m[2m:[0m [2msui_core::consensus_handler[0m[2m:[0m [2mcrates/sui-core/src/consensus_handler.rs[0m[2m:[0m[2m232:[0m Received consensus output [3mconsensus_commit[0m[2m=[0mCommittedSubDag(leader=B246(A,OKnR), ref=C236(i7FX), blocks=[eMQ5, +ihQ, OKnR]) [3mepoch[0m[2m=[0m1
[2m2025-03-25T07:56:03.130188Z[0m [32m INFO[0m [1mnode[0m[1m{[0m[3mname[0m[2m=[0mk#addeef94..[1m}[0m[2m:[0m [2mconsensus_core::core[0m[2m:[0m [2mconsensus/core/src/core.rs[0m[2m:[0m[2m630:[0m Committing 1 leaders: B246(A,OKnR)
[2m2025-03-25T07:56:03.130281Z[0m [32m INFO[0m [1mnode[0m[1m{[0m[3mname[0m[2m=[0mk#addeef94..[1m}[0m[2m:[0m [2mconsensus_core::commit_observer[0m[2m:[0m [2mconsensus/core/src/commit_observer.rs[0m[2m:[0m[2m173:[0m Consensus commit C236(i7FX) with leader B246(A,OKnR) has 3 blocks
[2m2025-03-25T07:56:03.130406Z[0m [32m INFO[0m [1mnode[0m[1m{[0m[3mname[0m[2m=[0mk#addeef94..[1m}[0m[2m:[0m [2msui_core::consensus_handler[0m[2m:[0m [2mcrates/sui-core/src/consensus_handler.rs[0m[2m:[0m[2m232:[0m Received consensus output [3mconsensus_commit[0m[2m=[0mCommittedSubDag(leader=B246(A,OKnR), ref=C236(i7FX), blocks=[eMQ5, +ihQ, OKnR]) [3mepoch[0m[2m=[0m1
[2m2025-03-25T07:56:03.138434Z[0m [32m INFO[0m [1mnode[0m[1m{[0m[3mname[0m[2m=[0mk#b3f3cbb4..[1m}[0m[2m:[0m [2msui_core::state_accumulator[0m[2m:[0m [2mcrates/sui-core/src/state_accumulator.rs[0m[2m:[0m[2m675:[0m accumulating running root for checkpoint 415
[2m2025-03-25T07:56:03.175396Z[0m [32m INFO[0m [1mnode[0m[1m{[0m[3mname[0m[2m=[0mk#8dcff6d1..[1m}[0m[2m:[0m [2msui_core::checkpoints[0m[2m:[0m [2mcrates/sui-core/src/checkpoints/mod.rs[0m[2m:[0m[2m1326:[0m Creating checkpoint(s) for 1 transactions [3mnext_checkpoint_seq[0m[2m=[0m449 [3mcheckpoint_timestamp[0m[2m=[0m1742889362616
[2m2025-03-25T07:56:03.175680Z[0m [32m INFO[0m [1mnode[0m[1m{[0m[3mname[0m[2m=[0mk#8dcff6d1..[1m}[0m[2m:[0m [2msui_core::checkpoints::checkpoint_output[0m[2m:[0m [2mcrates/sui-core/src/checkpoints/checkpoint_output.rs[0m[2m:[0m[2m149:[0m Creating checkpoint CheckpointDigest(4EA2xe6Q8ShMxCUc1sNY1pphWrkSgaiP4aveTj9qNPQw) at epoch 1, sequence 449, previous digest Some(CheckpointDigest(E7EqUPugo6i7zAgWkzjtPdMfAfJvPr8yCSgy5g7M2CN6)), transactions count 1, content digest CheckpointContentsDigest(FoKNKmmiLee1nVgJQ1LyczBVcWrH6wxmx5rYWj5MqCj7), end_of_epoch_data None
[2m2025-03-25T07:56:03.176095Z[0m [32m INFO[0m [1mnode[0m[1m{[0m[3mname[0m[2m=[0mk#99f25ef6..[1m}[0m[2m:[0m [2msui_core::checkpoints[0m[2m:[0m [2mcrates/sui-core/src/checkpoints/mod.rs[0m[2m:[0m[2m1326:[0m Creating checkpoint(s) for 1 transactions [3mnext_checkpoint_seq[0m[2m=[0m449 [3mcheckpoint_timestamp[0m[2m=[0m1742889362616
[2m2025-03-25T07:56:03.176273Z[0m [32m INFO[0m [1mnode[0m[1m{[0m[3mname[0m[2m=[0mk#99f25ef6..[1m}[0m[2m:[0m [2msui_core::checkpoints::checkpoint_output[0m[2m:[0m [2mcrates/sui-core/src/checkpoints/checkpoint_output.rs[0m[2m:[0m[2m149:[0m Creating checkpoint CheckpointDigest(4EA2xe6Q8ShMxCUc1sNY1pphWrkSgaiP4aveTj9qNPQw) at epoch 1, sequence 449, previous digest Some(CheckpointDigest(E7EqUPugo6i7zAgWkzjtPdMfAfJvPr8yCSgy5g7M2CN6)), transactions count 1, content digest CheckpointContentsDigest(FoKNKmmiLee1nVgJQ1LyczBVcWrH6wxmx5rYWj5MqCj7), end_of_epoch_data None
[2m2025-03-25T07:56:03.177098Z[0m [32m INFO[0m [1mnode[0m[1m{[0m[3mname[0m[2m=[0mk#addeef94..[1m}[0m[2m:[0m [2msui_core::checkpoints[0m[2m:[0m [2mcrates/sui-core/src/checkpoints/mod.rs[0m[2m:[0m[2m1326:[0m Creating checkpoint(s) for 1 transactions [3mnext_checkpoint_seq[0m[2m=[0m449 [3mcheckpoint_timestamp[0m[2m=[0m1742889362616
[2m2025-03-25T07:56:03.177267Z[0m [32m INFO[0m [1mnode[0m[1m{[0m[3mname[0m[2m=[0mk#addeef94..[1m}[0m[2m:[0m [2msui_core::checkpoints::checkpoint_output[0m[2m:[0m [2mcrates/sui-core/src/checkpoints/checkpoint_output.rs[0m[2m:[0m[2m149:[0m Creating checkpoint CheckpointDigest(4EA2xe6Q8ShMxCUc1sNY1pphWrkSgaiP4aveTj9qNPQw) at epoch 1, sequence 449, previous digest Some(CheckpointDigest(E7EqUPugo6i7zAgWkzjtPdMfAfJvPr8yCSgy5g7M2CN6)), transactions count 1, content digest CheckpointContentsDigest(FoKNKmmiLee1nVgJQ1LyczBVcWrH6wxmx5rYWj5MqCj7), end_of_epoch_data None
[2m2025-03-25T07:56:03.179099Z[0m [32m INFO[0m [1mnode[0m[1m{[0m[3mname[0m[2m=[0mk#8dcff6d1..[1m}[0m[2m:[0m [2msui_core::checkpoints::checkpoint_output[0m[2m:[0m [2mcrates/sui-core/src/checkpoints/checkpoint_output.rs[0m[2m:[0m[2m196:[0m Certified checkpoint with sequence 448 and digest E7EqUPugo6i7zAgWkzjtPdMfAfJvPr8yCSgy5g7M2CN6
[2m2025-03-25T07:56:03.179294Z[0m [32m INFO[0m [1mnode[0m[1m{[0m[3mname[0m[2m=[0mk#99f25ef6..[1m}[0m[2m:[0m [2msui_core::checkpoints::checkpoint_output[0m[2m:[0m [2mcrates/sui-core/src/checkpoints/checkpoint_output.rs[0m[2m:[0m[2m196:[0m Certified checkpoint with sequence 448 and digest E7EqUPugo6i7zAgWkzjtPdMfAfJvPr8yCSgy5g7M2CN6
[2m2025-03-25T07:56:03.182169Z[0m [32m INFO[0m [1mnode[0m[1m{[0m[3mname[0m[2m=[0mk#8dcff6d1..[1m}[0m[2m:[0m [2msui_core::checkpoints::checkpoint_executor[0m[2m:[0m [2mcrates/sui-core/src/checkpoints/checkpoint_executor/mod.rs[0m[2m:[0m[2m332:[0m Received checkpoint summary from state sync [3msequence_number[0m[2m=[0m448
[2m2025-03-25T07:56:03.182244Z[0m [32m INFO[0m [1mnode[0m[1m{[0m[3mname[0m[2m=[0mk#99f25ef6..[1m}[0m[2m:[0m [2msui_core::checkpoints::checkpoint_executor[0m[2m:[0m [2mcrates/sui-core/src/checkpoints/checkpoint_executor/mod.rs[0m[2m:[0m[2m332:[0m Received checkpoint summary from state sync [3msequence_number[0m[2m=[0m448
[2m2025-03-25T07:56:03.201108Z[0m [32m INFO[0m [1mnode[0m[1m{[0m[3mname[0m[2m=[0mk#8dcff6d1..[1m}[0m[2m:[0m [2msui_core::state_accumulator[0m[2m:[0m [2mcrates/sui-core/src/state_accumulator.rs[0m[2m:[0m[2m675:[0m accumulating running root for checkpoint 448
[2m2025-03-25T07:56:03.201111Z[0m [32m INFO[0m [1mnode[0m[1m{[0m[3mname[0m[2m=[0mk#99f25ef6..[1m}[0m[2m:[0m [2msui_core::state_accumulator[0m[2m:[0m [2mcrates/sui-core/src/state_accumulator.rs[0m[2m:[0m[2m675:[0m accumulating running root for checkpoint 448
[2m2025-03-25T07:56:03.240135Z[0m [32m INFO[0m [1mhandle_execution_task[0m[1m{[0m[3maction_key[0m[2m=[0mBridgeActionKey(0,12,0) [3mattempt_times[0m[2m=[0m0[1m}[0m[2m:[0m [2msui_bridge::action_executor[0m[2m:[0m [2mcrates/sui-bridge/src/action_executor.rs[0m[2m:[0m[2m613:[0m Sui transaction executed successfully [3mtx_digest[0m[2m=[0mTransactionDigest(7syEwMa8T1B6Eo2s1uVukZmTo2crkkhEyGFrNVd7KX3S)
[2m2025-03-25T07:56:03.241571Z[0m [32m INFO[0m [1mnode[0m[1m{[0m[3mname[0m[2m=[0mk#b3f3cbb4..[1m}[0m[2m:[0m [2msui_core::state_accumulator[0m[2m:[0m [2mcrates/sui-core/src/state_accumulator.rs[0m[2m:[0m[2m675:[0m accumulating running root for checkpoint 416
[2m2025-03-25T07:56:03.241848Z[0m [32m INFO[0m [1mnode[0m[1m{[0m[3mname[0m[2m=[0mk#b3f3cbb4..[1m}[0m[2m:[0m [2msui_core::checkpoints::checkpoint_executor[0m[2m:[0m [2mcrates/sui-core/src/checkpoints/checkpoint_executor/mod.rs[0m[2m:[0m[2m332:[0m Received checkpoint summary from state sync [3msequence_number[0m[2m=[0m439
[2m2025-03-25T07:56:03.244073Z[0m [32m INFO[0m [1mnode[0m[1m{[0m[3mname[0m[2m=[0mk#addeef94..[1m}[0m[2m:[0m [2msui_core::checkpoints::checkpoint_executor[0m[2m:[0m [2mcrates/sui-core/src/checkpoints/checkpoint_executor/mod.rs[0m[2m:[0m[2m332:[0m Received checkpoint summary from state sync [3msequence_number[0m[2m=[0m448
[2m2025-03-25T07:56:03.245368Z[0m [32m INFO[0m [1mnode[0m[1m{[0m[3mname[0m[2m=[0mk#addeef94..[1m}[0m[2m:[0m [2msui_core::state_accumulator[0m[2m:[0m [2mcrates/sui-core/src/state_accumulator.rs[0m[2m:[0m[2m675:[0m accumulating running root for checkpoint 448
[2m2025-03-25T07:56:03.273207Z[0m [32m INFO[0m [1mnode[0m[1m{[0m[3mname[0m[2m=[0mk#b3f3cbb4..[1m}[0m[2m:[0m [2msui_core::state_accumulator[0m[2m:[0m [2mcrates/sui-core/src/state_accumulator.rs[0m[2m:[0m[2m675:[0m accumulating running root for checkpoint 417
[2m2025-03-25T07:56:03.273460Z[0m [32m INFO[0m [1mnode[0m[1m{[0m[3mname[0m[2m=[0mk#b3f3cbb4..[1m}[0m[2m:[0m [2msui_core::checkpoints::checkpoint_executor[0m[2m:[0m [2mcrates/sui-core/src/checkpoints/checkpoint_executor/mod.rs[0m[2m:[0m[2m332:[0m Received checkpoint summary from state sync [3msequence_number[0m[2m=[0m440
[2m2025-03-25T07:56:03.303759Z[0m [32m INFO[0m [1mnode[0m[1m{[0m[3mname[0m[2m=[0mk#8dcff6d1..[1m}[0m[2m:[0m [2mconsensus_core::commit_syncer[0m[2m:[0m [2mconsensus/core/src/commit_syncer.rs[0m[2m:[0m[2m196:[0m Checking to schedule fetches: synced_commit_index=236, highest_handled_index=236, highest_scheduled_index=0, quorum_commit_index=235, unhandled_commits_threshold=3200
[2m2025-03-25T07:56:03.313154Z[0m [32m INFO[0m [1mnode[0m[1m{[0m[3mname[0m[2m=[0mk#b3f3cbb4..[1m}[0m[2m:[0m [2msui_core::state_accumulator[0m[2m:[0m [2mcrates/sui-core/src/state_accumulator.rs[0m[2m:[0m[2m675:[0m accumulating running root for checkpoint 418
[2m2025-03-25T07:56:03.327241Z[0m [32m INFO[0m [1mnode[0m[1m{[0m[3mname[0m[2m=[0mk#addeef94..[1m}[0m[2m:[0m [2mconsensus_core::commit_syncer[0m[2m:[0m [2mconsensus/core/src/commit_syncer.rs[0m[2m:[0m[2m196:[0m Checking to schedule fetches: synced_commit_index=236, highest_handled_index=236, highest_scheduled_index=0, quorum_commit_index=0, unhandled_commits_threshold=3200
[2m2025-03-25T07:56:03.330572Z[0m [32m INFO[0m [1mnode[0m[1m{[0m[3mname[0m[2m=[0mk#99f25ef6..[1m}[0m[2m:[0m [2mconsensus_core::commit_syncer[0m[2m:[0m [2mconsensus/core/src/commit_syncer.rs[0m[2m:[0m[2m196:[0m Checking to schedule fetches: synced_commit_index=236, highest_handled_index=236, highest_scheduled_index=0, quorum_commit_index=235, unhandled_commits_threshold=3200
[2m2025-03-25T07:56:03.379015Z[0m [32m INFO[0m [1mnode[0m[1m{[0m[3mname[0m[2m=[0mk#8dcff6d1..[1m}[0m[2m:[0m [2mconsensus_core::core[0m[2m:[0m [2mconsensus/core/src/core.rs[0m[2m:[0m[2m945:[0m Included 3 ancestors & excluded 0 ancestors for proposal in round 249
[2m2025-03-25T07:56:03.379412Z[0m [32m INFO[0m [1mnode[0m[1m{[0m[3mname[0m[2m=[0mk#8dcff6d1..[1m}[0m[2m:[0m [2mconsensus_core::core[0m[2m:[0m [2mconsensus/core/src/core.rs[0m[2m:[0m[2m531:[0m Created block B249(A,wKcd327LRuzQHtJfDAkXllJbrRweyc/wWvvLVTBDeIE=)(1742889363379ms;[B248(A,JYefx6MUeHI7J7OJB7KBjq46infS4sZB8rlzEV/Zf7w=), B248(B,P3Pu03Ah1h+BKwRG2VpDrui7Wcz33SIle6NbitYGc0E=), B248(C,E7iAVxvmn6DZT5E3KOc4jZsEVUo1hysfEu88hOU97LA=)];1t;1c) for round 249
[2m2025-03-25T07:56:03.379634Z[0m [32m INFO[0m [1mnode[0m[1m{[0m[3mname[0m[2m=[0mk#99f25ef6..[1m}[0m[2m:[0m [2mconsensus_core::core[0m[2m:[0m [2mconsensus/core/src/core.rs[0m[2m:[0m[2m945:[0m Included 3 ancestors & excluded 0 ancestors for proposal in round 249
[2m2025-03-25T07:56:03.379954Z[0m [32m INFO[0m [1mnode[0m[1m{[0m[3mname[0m[2m=[0mk#99f25ef6..[1m}[0m[2m:[0m [2mconsensus_core::core[0m[2m:[0m [2mconsensus/core/src/core.rs[0m[2m:[0m[2m531:[0m Created block B249(B,qU+p4pYdWUTc2/gFdR+eukUzZyh6UQWvOWZvpPsTTZI=)(1742889363379ms;[B248(B,P3Pu03Ah1h+BKwRG2VpDrui7Wcz33SIle6NbitYGc0E=), B248(A,JYefx6MUeHI7J7OJB7KBjq46infS4sZB8rlzEV/Zf7w=), B248(C,E7iAVxvmn6DZT5E3KOc4jZsEVUo1hysfEu88hOU97LA=)];1t;1c) for round 249
[2m2025-03-25T07:56:03.382645Z[0m [32m INFO[0m [1mnode[0m[1m{[0m[3mname[0m[2m=[0mk#addeef94..[1m}[0m[2m:[0m [2mconsensus_core::core[0m[2m:[0m [2mconsensus/core/src/core.rs[0m[2m:[0m[2m945:[0m Included 3 ancestors & excluded 0 ancestors for proposal in round 249
[2m2025-03-25T07:56:03.382946Z[0m [32m INFO[0m [1mnode[0m[1m{[0m[3mname[0m[2m=[0mk#addeef94..[1m}[0m[2m:[0m [2mconsensus_core::core[0m[2m:[0m [2mconsensus/core/src/core.rs[0m[2m:[0m[2m531:[0m Created block B249(C,GaBmM8r5Xeote8vrkc99RDKtRoeCfrPg/R4U8geyNUs=)(1742889363382ms;[B248(C,E7iAVxvmn6DZT5E3KOc4jZsEVUo1hysfEu88hOU97LA=), B248(A,JYefx6MUeHI7J7OJB7KBjq46infS4sZB8rlzEV/Zf7w=), B248(B,P3Pu03Ah1h+BKwRG2VpDrui7Wcz33SIle6NbitYGc0E=)];1t;1c) for round 249
[2m2025-03-25T07:56:03.383015Z[0m [32m INFO[0m [1mnode[0m[1m{[0m[3mname[0m[2m=[0mk#addeef94..[1m}[0m[2m:[0m [2mconsensus_core::core[0m[2m:[0m [2mconsensus/core/src/core.rs[0m[2m:[0m[2m630:[0m Committing 1 leaders: B247(C,G0hj)
[2m2025-03-25T07:56:03.383086Z[0m [32m INFO[0m [1mnode[0m[1m{[0m[3mname[0m[2m=[0mk#addeef94..[1m}[0m[2m:[0m [2mconsensus_core::commit_observer[0m[2m:[0m [2mconsensus/core/src/commit_observer.rs[0m[2m:[0m[2m173:[0m Consensus commit C237(rSpD) with leader B247(C,G0hj) has 3 blocks
[2m2025-03-25T07:56:03.383329Z[0m [32m INFO[0m [1mnode[0m[1m{[0m[3mname[0m[2m=[0mk#addeef94..[1m}[0m[2m:[0m [2msui_core::consensus_handler[0m[2m:[0m [2mcrates/sui-core/src/consensus_handler.rs[0m[2m:[0m[2m232:[0m Received consensus output [3mconsensus_commit[0m[2m=[0mCommittedSubDag(leader=B247(C,G0hj), ref=C237(rSpD), blocks=[5a2X, 4PZi, G0hj]) [3mepoch[0m[2m=[0m1
[2m2025-03-25T07:56:03.386327Z[0m [32m INFO[0m [1mnode[0m[1m{[0m[3mname[0m[2m=[0mk#99f25ef6..[1m}[0m[2m:[0m [2msui_core::checkpoints::checkpoint_output[0m[2m:[0m [2mcrates/sui-core/src/checkpoints/checkpoint_output.rs[0m[2m:[0m[2m196:[0m Certified checkpoint with sequence 449 and digest 4EA2xe6Q8ShMxCUc1sNY1pphWrkSgaiP4aveTj9qNPQw
[2m2025-03-25T07:56:03.386325Z[0m [32m INFO[0m [1mnode[0m[1m{[0m[3mname[0m[2m=[0mk#8dcff6d1..[1m}[0m[2m:[0m [2msui_core::checkpoints::checkpoint_output[0m[2m:[0m [2mcrates/sui-core/src/checkpoints/checkpoint_output.rs[0m[2m:[0m[2m196:[0m Certified checkpoint with sequence 449 and digest 4EA2xe6Q8ShMxCUc1sNY1pphWrkSgaiP4aveTj9qNPQw
[2m2025-03-25T07:56:03.386438Z[0m [32m INFO[0m [1mnode[0m[1m{[0m[3mname[0m[2m=[0mk#99f25ef6..[1m}[0m[2m:[0m [2mconsensus_core::core[0m[2m:[0m [2mconsensus/core/src/core.rs[0m[2m:[0m[2m630:[0m Committing 1 leaders: B247(C,G0hj)
[2m2025-03-25T07:56:03.386439Z[0m [32m INFO[0m [1mnode[0m[1m{[0m[3mname[0m[2m=[0mk#8dcff6d1..[1m}[0m[2m:[0m [2mconsensus_core::core[0m[2m:[0m [2mconsensus/core/src/core.rs[0m[2m:[0m[2m630:[0m Committing 1 leaders: B247(C,G0hj)
[2m2025-03-25T07:56:03.386543Z[0m [32m INFO[0m [1mnode[0m[1m{[0m[3mname[0m[2m=[0mk#8dcff6d1..[1m}[0m[2m:[0m [2mconsensus_core::commit_observer[0m[2m:[0m [2mconsensus/core/src/commit_observer.rs[0m[2m:[0m[2m173:[0m Consensus commit C237(rSpD) with leader B247(C,G0hj) has 3 blocks
[2m2025-03-25T07:56:03.386545Z[0m [32m INFO[0m [1mnode[0m[1m{[0m[3mname[0m[2m=[0mk#99f25ef6..[1m}[0m[2m:[0m [2mconsensus_core::commit_observer[0m[2m:[0m [2mconsensus/core/src/commit_observer.rs[0m[2m:[0m[2m173:[0m Consensus commit C237(rSpD) with leader B247(C,G0hj) has 3 blocks
[2m2025-03-25T07:56:03.386949Z[0m [32m INFO[0m [1mnode[0m[1m{[0m[3mname[0m[2m=[0mk#99f25ef6..[1m}[0m[2m:[0m [2msui_core::consensus_handler[0m[2m:[0m [2mcrates/sui-core/src/consensus_handler.rs[0m[2m:[0m[2m232:[0m Received consensus output [3mconsensus_commit[0m[2m=[0mCommittedSubDag(leader=B247(C,G0hj), ref=C237(rSpD), blocks=[5a2X, 4PZi, G0hj]) [3mepoch[0m[2m=[0m1
[2m2025-03-25T07:56:03.386949Z[0m [32m INFO[0m [1mnode[0m[1m{[0m[3mname[0m[2m=[0mk#8dcff6d1..[1m}[0m[2m:[0m [2msui_core::consensus_handler[0m[2m:[0m [2mcrates/sui-core/src/consensus_handler.rs[0m[2m:[0m[2m232:[0m Received consensus output [3mconsensus_commit[0m[2m=[0mCommittedSubDag(leader=B247(C,G0hj), ref=C237(rSpD), blocks=[5a2X, 4PZi, G0hj]) [3mepoch[0m[2m=[0m1
[2m2025-03-25T07:56:03.387527Z[0m [32m INFO[0m [1mnode[0m[1m{[0m[3mname[0m[2m=[0mk#99f25ef6..[1m}[0m[2m:[0m [2msui_core::checkpoints::checkpoint_executor[0m[2m:[0m [2mcrates/sui-core/src/checkpoints/checkpoint_executor/mod.rs[0m[2m:[0m[2m332:[0m Received checkpoint summary from state sync [3msequence_number[0m[2m=[0m449
[2m2025-03-25T07:56:03.387527Z[0m [32m INFO[0m [1mnode[0m[1m{[0m[3mname[0m[2m=[0mk#8dcff6d1..[1m}[0m[2m:[0m [2msui_core::checkpoints::checkpoint_executor[0m[2m:[0m [2mcrates/sui-core/src/checkpoints/checkpoint_executor/mod.rs[0m[2m:[0m[2m332:[0m Received checkpoint summary from state sync [3msequence_number[0m[2m=[0m449
[2m2025-03-25T07:56:03.389099Z[0m [32m INFO[0m [1mnode[0m[1m{[0m[3mname[0m[2m=[0mk#99f25ef6..[1m}[0m[2m:[0m [2msui_core::state_accumulator[0m[2m:[0m [2mcrates/sui-core/src/state_accumulator.rs[0m[2m:[0m[2m675:[0m accumulating running root for checkpoint 449
[2m2025-03-25T07:56:03.389101Z[0m [32m INFO[0m [1mnode[0m[1m{[0m[3mname[0m[2m=[0mk#8dcff6d1..[1m}[0m[2m:[0m [2msui_core::state_accumulator[0m[2m:[0m [2mcrates/sui-core/src/state_accumulator.rs[0m[2m:[0m[2m675:[0m accumulating running root for checkpoint 449
[2m2025-03-25T07:56:03.395042Z[0m [32m INFO[0m [1mnode[0m[1m{[0m[3mname[0m[2m=[0mk#b3f3cbb4..[1m}[0m[2m:[0m [2msui_core::state_accumulator[0m[2m:[0m [2mcrates/sui-core/src/state_accumulator.rs[0m[2m:[0m[2m675:[0m accumulating running root for checkpoint 419
[2m2025-03-25T07:56:03.395290Z[0m [32m INFO[0m [1mnode[0m[1m{[0m[3mname[0m[2m=[0mk#b3f3cbb4..[1m}[0m[2m:[0m [2msui_core::checkpoints::checkpoint_executor[0m[2m:[0m [2mcrates/sui-core/src/checkpoints/checkpoint_executor/mod.rs[0m[2m:[0m[2m332:[0m Received checkpoint summary from state sync [3msequence_number[0m[2m=[0m441
[2m2025-03-25T07:56:03.409951Z[0m [32m INFO[0m [1mnode[0m[1m{[0m[3mname[0m[2m=[0mk#addeef94..[1m}[0m[2m:[0m [2msui_core::checkpoints[0m[2m:[0m [2mcrates/sui-core/src/checkpoints/mod.rs[0m[2m:[0m[2m1326:[0m Creating checkpoint(s) for 2 transactions [3mnext_checkpoint_seq[0m[2m=[0m450 [3mcheckpoint_timestamp[0m[2m=[0m1742889362870
[2m2025-03-25T07:56:03.410250Z[0m [32m INFO[0m [1mnode[0m[1m{[0m[3mname[0m[2m=[0mk#addeef94..[1m}[0m[2m:[0m [2msui_core::checkpoints::checkpoint_output[0m[2m:[0m [2mcrates/sui-core/src/checkpoints/checkpoint_output.rs[0m[2m:[0m[2m149:[0m Creating checkpoint CheckpointDigest(eQbeiMHDAzUcooi7LgTFTcKdvEC6ZjgeHTRrSUpYqRN) at epoch 1, sequence 450, previous digest Some(CheckpointDigest(4EA2xe6Q8ShMxCUc1sNY1pphWrkSgaiP4aveTj9qNPQw)), transactions count 2, content digest CheckpointContentsDigest(4oHKDpUufAhW1zEkFSF3YvWwV5oK3d8bS7xeNRaaccHv), end_of_epoch_data None
[2m2025-03-25T07:56:03.412892Z[0m [32m INFO[0m [1mnode[0m[1m{[0m[3mname[0m[2m=[0mk#addeef94..[1m}[0m[2m:[0m [2msui_core::checkpoints::checkpoint_executor[0m[2m:[0m [2mcrates/sui-core/src/checkpoints/checkpoint_executor/mod.rs[0m[2m:[0m[2m332:[0m Received checkpoint summary from state sync [3msequence_number[0m[2m=[0m449
[2m2025-03-25T07:56:03.413673Z[0m [32m INFO[0m [1mnode[0m[1m{[0m[3mname[0m[2m=[0mk#addeef94..[1m}[0m[2m:[0m [2msui_core::state_accumulator[0m[2m:[0m [2mcrates/sui-core/src/state_accumulator.rs[0m[2m:[0m[2m675:[0m accumulating running root for checkpoint 449
[2m2025-03-25T07:56:03.414628Z[0m [32m INFO[0m [1mnode[0m[1m{[0m[3mname[0m[2m=[0mk#99f25ef6..[1m}[0m[2m:[0m [2msui_core::checkpoints[0m[2m:[0m [2mcrates/sui-core/src/checkpoints/mod.rs[0m[2m:[0m[2m1326:[0m Creating checkpoint(s) for 2 transactions [3mnext_checkpoint_seq[0m[2m=[0m450 [3mcheckpoint_timestamp[0m[2m=[0m1742889362870
[2m2025-03-25T07:56:03.414636Z[0m [32m INFO[0m [1mnode[0m[1m{[0m[3mname[0m[2m=[0mk#8dcff6d1..[1m}[0m[2m:[0m [2msui_core::checkpoints[0m[2m:[0m [2mcrates/sui-core/src/checkpoints/mod.rs[0m[2m:[0m[2m1326:[0m Creating checkpoint(s) for 2 transactions [3mnext_checkpoint_seq[0m[2m=[0m450 [3mcheckpoint_timestamp[0m[2m=[0m1742889362870
[2m2025-03-25T07:56:03.414949Z[0m [32m INFO[0m [1mnode[0m[1m{[0m[3mname[0m[2m=[0mk#99f25ef6..[1m}[0m[2m:[0m [2msui_core::checkpoints::checkpoint_output[0m[2m:[0m [2mcrates/sui-core/src/checkpoints/checkpoint_output.rs[0m[2m:[0m[2m149:[0m Creating checkpoint CheckpointDigest(eQbeiMHDAzUcooi7LgTFTcKdvEC6ZjgeHTRrSUpYqRN) at epoch 1, sequence 450, previous digest Some(CheckpointDigest(4EA2xe6Q8ShMxCUc1sNY1pphWrkSgaiP4aveTj9qNPQw)), transactions count 2, content digest CheckpointContentsDigest(4oHKDpUufAhW1zEkFSF3YvWwV5oK3d8bS7xeNRaaccHv), end_of_epoch_data None
[2m2025-03-25T07:56:03.414898Z[0m [32m INFO[0m [1mnode[0m[1m{[0m[3mname[0m[2m=[0mk#8dcff6d1..[1m}[0m[2m:[0m [2msui_core::checkpoints::checkpoint_output[0m[2m:[0m [2mcrates/sui-core/src/checkpoints/checkpoint_output.rs[0m[2m:[0m[2m149:[0m Creating checkpoint CheckpointDigest(eQbeiMHDAzUcooi7LgTFTcKdvEC6ZjgeHTRrSUpYqRN) at epoch 1, sequence 450, previous digest Some(CheckpointDigest(4EA2xe6Q8ShMxCUc1sNY1pphWrkSgaiP4aveTj9qNPQw)), transactions count 2, content digest CheckpointContentsDigest(4oHKDpUufAhW1zEkFSF3YvWwV5oK3d8bS7xeNRaaccHv), end_of_epoch_data None
[2m2025-03-25T07:56:03.423651Z[0m [32m INFO[0m [1mnode[0m[1m{[0m[3mname[0m[2m=[0mk#b3f3cbb4..[1m}[0m[2m:[0m [2msui_core::checkpoints::checkpoint_executor[0m[2m:[0m [2mcrates/sui-core/src/checkpoints/checkpoint_executor/mod.rs[0m[2m:[0m[2m332:[0m Received checkpoint summary from state sync [3msequence_number[0m[2m=[0m442
[2m2025-03-25T07:56:03.423824Z[0m [32m INFO[0m [1mnode[0m[1m{[0m[3mname[0m[2m=[0mk#b3f3cbb4..[1m}[0m[2m:[0m [2msui_core::checkpoints::checkpoint_executor[0m[2m:[0m [2mcrates/sui-core/src/checkpoints/checkpoint_executor/mod.rs[0m[2m:[0m[2m332:[0m Received checkpoint summary from state sync [3msequence_number[0m[2m=[0m443
[2m2025-03-25T07:56:03.423867Z[0m [32m INFO[0m [1mnode[0m[1m{[0m[3mname[0m[2m=[0mk#b3f3cbb4..[1m}[0m[2m:[0m [2msui_core::checkpoints::checkpoint_executor[0m[2m:[0m [2mcrates/sui-core/src/checkpoints/checkpoint_executor/mod.rs[0m[2m:[0m[2m332:[0m Received checkpoint summary from state sync [3msequence_number[0m[2m=[0m444
[2m2025-03-25T07:56:03.436985Z[0m [32m INFO[0m [1mnode[0m[1m{[0m[3mname[0m[2m=[0mk#b3f3cbb4..[1m}[0m[2m:[0m [2msui_core::state_accumulator[0m[2m:[0m [2mcrates/sui-core/src/state_accumulator.rs[0m[2m:[0m[2m675:[0m accumulating running root for checkpoint 420
[2m2025-03-25T07:56:03.437296Z[0m [32m INFO[0m [1mnode[0m[1m{[0m[3mname[0m[2m=[0mk#b3f3cbb4..[1m}[0m[2m:[0m [2msui_core::checkpoints::checkpoint_executor[0m[2m:[0m [2mcrates/sui-core/src/checkpoints/checkpoint_executor/mod.rs[0m[2m:[0m[2m332:[0m Received checkpoint summary from state sync [3msequence_number[0m[2m=[0m445
[2m2025-03-25T07:56:03.437338Z[0m [32m INFO[0m [1mnode[0m[1m{[0m[3mname[0m[2m=[0mk#b3f3cbb4..[1m}[0m[2m:[0m [2msui_core::checkpoints::checkpoint_executor[0m[2m:[0m [2mcrates/sui-core/src/checkpoints/checkpoint_executor/mod.rs[0m[2m:[0m[2m332:[0m Received checkpoint summary from state sync [3msequence_number[0m[2m=[0m446
[2m2025-03-25T07:56:03.437379Z[0m [32m INFO[0m [1mnode[0m[1m{[0m[3mname[0m[2m=[0mk#b3f3cbb4..[1m}[0m[2m:[0m [2msui_core::checkpoints::checkpoint_executor[0m[2m:[0m [2mcrates/sui-core/src/checkpoints/checkpoint_executor/mod.rs[0m[2m:[0m[2m332:[0m Received checkpoint summary from state sync [3msequence_number[0m[2m=[0m447
[2m2025-03-25T07:56:03.541254Z[0m [32m INFO[0m [1mnode[0m[1m{[0m[3mname[0m[2m=[0mk#b3f3cbb4..[1m}[0m[2m:[0m [2msui_core::state_accumulator[0m[2m:[0m [2mcrates/sui-core/src/state_accumulator.rs[0m[2m:[0m[2m675:[0m accumulating running root for checkpoint 421
[2m2025-03-25T07:56:03.541523Z[0m [32m INFO[0m [1mnode[0m[1m{[0m[3mname[0m[2m=[0mk#b3f3cbb4..[1m}[0m[2m:[0m [2msui_core::checkpoints::checkpoint_executor[0m[2m:[0m [2mcrates/sui-core/src/checkpoints/checkpoint_executor/mod.rs[0m[2m:[0m[2m332:[0m Received checkpoint summary from state sync [3msequence_number[0m[2m=[0m448
[2m2025-03-25T07:56:03.630039Z[0m [32m INFO[0m [1mnode[0m[1m{[0m[3mname[0m[2m=[0mk#b3f3cbb4..[1m}[0m[2m:[0m [2msui_core::state_accumulator[0m[2m:[0m [2mcrates/sui-core/src/state_accumulator.rs[0m[2m:[0m[2m675:[0m accumulating running root for checkpoint 422
[2m2025-03-25T07:56:03.636201Z[0m [32m INFO[0m [1mnode[0m[1m{[0m[3mname[0m[2m=[0mk#addeef94..[1m}[0m[2m:[0m [2mconsensus_core::core[0m[2m:[0m [2mconsensus/core/src/core.rs[0m[2m:[0m[2m945:[0m Included 3 ancestors & excluded 0 ancestors for proposal in round 250
[2m2025-03-25T07:56:03.636563Z[0m [32m INFO[0m [1mnode[0m[1m{[0m[3mname[0m[2m=[0mk#addeef94..[1m}[0m[2m:[0m [2mconsensus_core::core[0m[2m:[0m [2mconsensus/core/src/core.rs[0m[2m:[0m[2m531:[0m Created block B250(C,FK755MGvR78uJltiXCIYsOxSVuaRipJKE9v6D5VIrpI=)(1742889363636ms;[B249(C,GaBmM8r5Xeote8vrkc99RDKtRoeCfrPg/R4U8geyNUs=), B249(A,wKcd327LRuzQHtJfDAkXllJbrRweyc/wWvvLVTBDeIE=), B249(B,qU+p4pYdWUTc2/gFdR+eukUzZyh6UQWvOWZvpPsTTZI=)];1t;1c) for round 250
[2m2025-03-25T07:56:03.638438Z[0m [32m INFO[0m [1mnode[0m[1m{[0m[3mname[0m[2m=[0mk#99f25ef6..[1m}[0m[2m:[0m [2mconsensus_core::core[0m[2m:[0m [2mconsensus/core/src/core.rs[0m[2m:[0m[2m945:[0m Included 3 ancestors & excluded 0 ancestors for proposal in round 250
[2m2025-03-25T07:56:03.638438Z[0m [32m INFO[0m [1mnode[0m[1m{[0m[3mname[0m[2m=[0mk#8dcff6d1..[1m}[0m[2m:[0m [2mconsensus_core::core[0m[2m:[0m [2mconsensus/core/src/core.rs[0m[2m:[0m[2m945:[0m Included 3 ancestors & excluded 0 ancestors for proposal in round 250
[2m2025-03-25T07:56:03.638724Z[0m [32m INFO[0m [1mnode[0m[1m{[0m[3mname[0m[2m=[0mk#99f25ef6..[1m}[0m[2m:[0m [2mconsensus_core::core[0m[2m:[0m [2mconsensus/core/src/core.rs[0m[2m:[0m[2m531:[0m Created block B250(B,iuHm/OTy3x36Pzoczu03MVZN9nCSftDPRCI/LXxCNlc=)(1742889363638ms;[B249(B,qU+p4pYdWUTc2/gFdR+eukUzZyh6UQWvOWZvpPsTTZI=), B249(A,wKcd327LRuzQHtJfDAkXllJbrRweyc/wWvvLVTBDeIE=), B249(C,GaBmM8r5Xeote8vrkc99RDKtRoeCfrPg/R4U8geyNUs=)];1t;1c) for round 250
[2m2025-03-25T07:56:03.638724Z[0m [32m INFO[0m [1mnode[0m[1m{[0m[3mname[0m[2m=[0mk#8dcff6d1..[1m}[0m[2m:[0m [2mconsensus_core::core[0m[2m:[0m [2mconsensus/core/src/core.rs[0m[2m:[0m[2m531:[0m Created block B250(A,ua4CX00gDtXL5k1Fq8s6A2OoED+sWvYRGy7eG17T7Bs=)(1742889363638ms;[B249(A,wKcd327LRuzQHtJfDAkXllJbrRweyc/wWvvLVTBDeIE=), B249(B,qU+p4pYdWUTc2/gFdR+eukUzZyh6UQWvOWZvpPsTTZI=), B249(C,GaBmM8r5Xeote8vrkc99RDKtRoeCfrPg/R4U8geyNUs=)];1t;1c) for round 250
[2m2025-03-25T07:56:03.638792Z[0m [32m INFO[0m [1mnode[0m[1m{[0m[3mname[0m[2m=[0mk#99f25ef6..[1m}[0m[2m:[0m [2mconsensus_core::core[0m[2m:[0m [2mconsensus/core/src/core.rs[0m[2m:[0m[2m630:[0m Committing 1 leaders: B248(B,P3Pu)
[2m2025-03-25T07:56:03.638792Z[0m [32m INFO[0m [1mnode[0m[1m{[0m[3mname[0m[2m=[0mk#8dcff6d1..[1m}[0m[2m:[0m [2mconsensus_core::core[0m[2m:[0m [2mconsensus/core/src/core.rs[0m[2m:[0m[2m630:[0m Committing 1 leaders: B248(B,P3Pu)
[2m2025-03-25T07:56:03.638865Z[0m [32m INFO[0m [1mnode[0m[1m{[0m[3mname[0m[2m=[0mk#8dcff6d1..[1m}[0m[2m:[0m [2mconsensus_core::commit_observer[0m[2m:[0m [2mconsensus/core/src/commit_observer.rs[0m[2m:[0m[2m173:[0m Consensus commit C238(e3IA) with leader B248(B,P3Pu) has 3 blocks
[2m2025-03-25T07:56:03.638864Z[0m [32m INFO[0m [1mnode[0m[1m{[0m[3mname[0m[2m=[0mk#99f25ef6..[1m}[0m[2m:[0m [2mconsensus_core::commit_observer[0m[2m:[0m [2mconsensus/core/src/commit_observer.rs[0m[2m:[0m[2m173:[0m Consensus commit C238(e3IA) with leader B248(B,P3Pu) has 3 blocks
[2m2025-03-25T07:56:03.638952Z[0m [32m INFO[0m [1mnode[0m[1m{[0m[3mname[0m[2m=[0mk#8dcff6d1..[1m}[0m[2m:[0m [2msui_core::consensus_handler[0m[2m:[0m [2mcrates/sui-core/src/consensus_handler.rs[0m[2m:[0m[2m232:[0m Received consensus output [3mconsensus_commit[0m[2m=[0mCommittedSubDag(leader=B248(B,P3Pu), ref=C238(e3IA), blocks=[UHzw, cByc, P3Pu]) [3mepoch[0m[2m=[0m1
[2m2025-03-25T07:56:03.638952Z[0m [32m INFO[0m [1mnode[0m[1m{[0m[3mname[0m[2m=[0mk#99f25ef6..[1m}[0m[2m:[0m [2msui_core::consensus_handler[0m[2m:[0m [2mcrates/sui-core/src/consensus_handler.rs[0m[2m:[0m[2m232:[0m Received consensus output [3mconsensus_commit[0m[2m=[0mCommittedSubDag(leader=B248(B,P3Pu), ref=C238(e3IA), blocks=[UHzw, cByc, P3Pu]) [3mepoch[0m[2m=[0m1
[2m2025-03-25T07:56:03.641291Z[0m [32m INFO[0m [1mnode[0m[1m{[0m[3mname[0m[2m=[0mk#addeef94..[1m}[0m[2m:[0m [2mconsensus_core::core[0m[2m:[0m [2mconsensus/core/src/core.rs[0m[2m:[0m[2m630:[0m Committing 1 leaders: B248(B,P3Pu)
[2m2025-03-25T07:56:03.641382Z[0m [32m INFO[0m [1mnode[0m[1m{[0m[3mname[0m[2m=[0mk#addeef94..[1m}[0m[2m:[0m [2mconsensus_core::commit_observer[0m[2m:[0m [2mconsensus/core/src/commit_observer.rs[0m[2m:[0m[2m173:[0m Consensus commit C238(e3IA) with leader B248(B,P3Pu) has 3 blocks
[2m2025-03-25T07:56:03.641457Z[0m [32m INFO[0m [1mnode[0m[1m{[0m[3mname[0m[2m=[0mk#addeef94..[1m}[0m[2m:[0m [2msui_core::consensus_handler[0m[2m:[0m [2mcrates/sui-core/src/consensus_handler.rs[0m[2m:[0m[2m232:[0m Received consensus output [3mconsensus_commit[0m[2m=[0mCommittedSubDag(leader=B248(B,P3Pu), ref=C238(e3IA), blocks=[UHzw, cByc, P3Pu]) [3mepoch[0m[2m=[0m1
[2m2025-03-25T07:56:03.684802Z[0m [32m INFO[0m [1mnode[0m[1m{[0m[3mname[0m[2m=[0mk#8dcff6d1..[1m}[0m[2m:[0m [2msui_core::checkpoints[0m[2m:[0m [2mcrates/sui-core/src/checkpoints/mod.rs[0m[2m:[0m[2m1326:[0m Creating checkpoint(s) for 1 transactions [3mnext_checkpoint_seq[0m[2m=[0m451 [3mcheckpoint_timestamp[0m[2m=[0m1742889363126
[2m2025-03-25T07:56:03.685047Z[0m [32m INFO[0m [1mnode[0m[1m{[0m[3mname[0m[2m=[0mk#8dcff6d1..[1m}[0m[2m:[0m [2msui_core::checkpoints::checkpoint_output[0m[2m:[0m [2mcrates/sui-core/src/checkpoints/checkpoint_output.rs[0m[2m:[0m[2m149:[0m Creating checkpoint CheckpointDigest(AnV9ZYUwghxWMXZbMyW3ANiteBAv7nMoV8v5wEKix6Mn) at epoch 1, sequence 451, previous digest Some(CheckpointDigest(eQbeiMHDAzUcooi7LgTFTcKdvEC6ZjgeHTRrSUpYqRN)), transactions count 1, content digest CheckpointContentsDigest(kY5j5CNepN3YQgVcG3r88JVHmKATZXrQvdcEjz2qXbq), end_of_epoch_data None
[2m2025-03-25T07:56:03.685453Z[0m [32m INFO[0m [1mnode[0m[1m{[0m[3mname[0m[2m=[0mk#99f25ef6..[1m}[0m[2m:[0m [2msui_core::checkpoints[0m[2m:[0m [2mcrates/sui-core/src/checkpoints/mod.rs[0m[2m:[0m[2m1326:[0m Creating checkpoint(s) for 1 transactions [3mnext_checkpoint_seq[0m[2m=[0m451 [3mcheckpoint_timestamp[0m[2m=[0m1742889363126
[2m2025-03-25T07:56:03.685637Z[0m [32m INFO[0m [1mnode[0m[1m{[0m[3mname[0m[2m=[0mk#99f25ef6..[1m}[0m[2m:[0m [2msui_core::checkpoints::checkpoint_output[0m[2m:[0m [2mcrates/sui-core/src/checkpoints/checkpoint_output.rs[0m[2m:[0m[2m149:[0m Creating checkpoint CheckpointDigest(AnV9ZYUwghxWMXZbMyW3ANiteBAv7nMoV8v5wEKix6Mn) at epoch 1, sequence 451, previous digest Some(CheckpointDigest(eQbeiMHDAzUcooi7LgTFTcKdvEC6ZjgeHTRrSUpYqRN)), transactions count 1, content digest CheckpointContentsDigest(kY5j5CNepN3YQgVcG3r88JVHmKATZXrQvdcEjz2qXbq), end_of_epoch_data None
[2m2025-03-25T07:56:03.686235Z[0m [32m INFO[0m [1mnode[0m[1m{[0m[3mname[0m[2m=[0mk#addeef94..[1m}[0m[2m:[0m [2msui_core::checkpoints[0m[2m:[0m [2mcrates/sui-core/src/checkpoints/mod.rs[0m[2m:[0m[2m1326:[0m Creating checkpoint(s) for 1 transactions [3mnext_checkpoint_seq[0m[2m=[0m451 [3mcheckpoint_timestamp[0m[2m=[0m1742889363126
[2m2025-03-25T07:56:03.686402Z[0m [32m INFO[0m [1mnode[0m[1m{[0m[3mname[0m[2m=[0mk#addeef94..[1m}[0m[2m:[0m [2msui_core::checkpoints::checkpoint_output[0m[2m:[0m [2mcrates/sui-core/src/checkpoints/checkpoint_output.rs[0m[2m:[0m[2m149:[0m Creating checkpoint CheckpointDigest(AnV9ZYUwghxWMXZbMyW3ANiteBAv7nMoV8v5wEKix6Mn) at epoch 1, sequence 451, previous digest Some(CheckpointDigest(eQbeiMHDAzUcooi7LgTFTcKdvEC6ZjgeHTRrSUpYqRN)), transactions count 1, content digest CheckpointContentsDigest(kY5j5CNepN3YQgVcG3r88JVHmKATZXrQvdcEjz2qXbq), end_of_epoch_data None
[2m2025-03-25T07:56:03.688476Z[0m [32m INFO[0m [1mnode[0m[1m{[0m[3mname[0m[2m=[0mk#8dcff6d1..[1m}[0m[2m:[0m [2msui_core::checkpoints::checkpoint_output[0m[2m:[0m [2mcrates/sui-core/src/checkpoints/checkpoint_output.rs[0m[2m:[0m[2m196:[0m Certified checkpoint with sequence 450 and digest eQbeiMHDAzUcooi7LgTFTcKdvEC6ZjgeHTRrSUpYqRN
[2m2025-03-25T07:56:03.688733Z[0m [32m INFO[0m [1mnode[0m[1m{[0m[3mname[0m[2m=[0mk#99f25ef6..[1m}[0m[2m:[0m [2msui_core::checkpoints::checkpoint_output[0m[2m:[0m [2mcrates/sui-core/src/checkpoints/checkpoint_output.rs[0m[2m:[0m[2m196:[0m Certified checkpoint with sequence 450 and digest eQbeiMHDAzUcooi7LgTFTcKdvEC6ZjgeHTRrSUpYqRN
[2m2025-03-25T07:56:03.691942Z[0m [32m INFO[0m [1mnode[0m[1m{[0m[3mname[0m[2m=[0mk#8dcff6d1..[1m}[0m[2m:[0m [2msui_core::checkpoints::checkpoint_executor[0m[2m:[0m [2mcrates/sui-core/src/checkpoints/checkpoint_executor/mod.rs[0m[2m:[0m[2m332:[0m Received checkpoint summary from state sync [3msequence_number[0m[2m=[0m450
[2m2025-03-25T07:56:03.692139Z[0m [32m INFO[0m [1mnode[0m[1m{[0m[3mname[0m[2m=[0mk#99f25ef6..[1m}[0m[2m:[0m [2msui_core::checkpoints::checkpoint_executor[0m[2m:[0m [2mcrates/sui-core/src/checkpoints/checkpoint_executor/mod.rs[0m[2m:[0m[2m332:[0m Received checkpoint summary from state sync [3msequence_number[0m[2m=[0m450
[2m2025-03-25T07:56:03.711246Z[0m [32m INFO[0m [1mnode[0m[1m{[0m[3mname[0m[2m=[0mk#99f25ef6..[1m}[0m[2m:[0m [2msui_core::state_accumulator[0m[2m:[0m [2mcrates/sui-core/src/state_accumulator.rs[0m[2m:[0m[2m675:[0m accumulating running root for checkpoint 450
[2m2025-03-25T07:56:03.711253Z[0m [32m INFO[0m [1mnode[0m[1m{[0m[3mname[0m[2m=[0mk#8dcff6d1..[1m}[0m[2m:[0m [2msui_core::state_accumulator[0m[2m:[0m [2mcrates/sui-core/src/state_accumulator.rs[0m[2m:[0m[2m675:[0m accumulating running root for checkpoint 450
[2m2025-03-25T07:56:03.711361Z[0m [32m INFO[0m [1mnode[0m[1m{[0m[3mname[0m[2m=[0mk#b3f3cbb4..[1m}[0m[2m:[0m [2msui_core::state_accumulator[0m[2m:[0m [2mcrates/sui-core/src/state_accumulator.rs[0m[2m:[0m[2m675:[0m accumulating running root for checkpoint 423
[2m2025-03-25T07:56:03.754983Z[0m [32m INFO[0m [1mnode[0m[1m{[0m[3mname[0m[2m=[0mk#addeef94..[1m}[0m[2m:[0m [2msui_core::checkpoints::checkpoint_executor[0m[2m:[0m [2mcrates/sui-core/src/checkpoints/checkpoint_executor/mod.rs[0m[2m:[0m[2m332:[0m Received checkpoint summary from state sync [3msequence_number[0m[2m=[0m450
[2m2025-03-25T07:56:03.756291Z[0m [32m INFO[0m [1mnode[0m[1m{[0m[3mname[0m[2m=[0mk#addeef94..[1m}[0m[2m:[0m [2msui_core::state_accumulator[0m[2m:[0m [2mcrates/sui-core/src/state_accumulator.rs[0m[2m:[0m[2m675:[0m accumulating running root for checkpoint 450
[2m2025-03-25T07:56:03.800176Z[0m [32m INFO[0m [1mnode[0m[1m{[0m[3mname[0m[2m=[0mk#b3f3cbb4..[1m}[0m[2m:[0m [2msui_core::state_accumulator[0m[2m:[0m [2mcrates/sui-core/src/state_accumulator.rs[0m[2m:[0m[2m675:[0m accumulating running root for checkpoint 424
[2m2025-03-25T07:56:03.801009Z[0m [32m INFO[0m [1mnode[0m[1m{[0m[3mname[0m[2m=[0mk#b3f3cbb4..[1m}[0m[2m:[0m [2msui_core::state_accumulator[0m[2m:[0m [2mcrates/sui-core/src/state_accumulator.rs[0m[2m:[0m[2m675:[0m accumulating running root for checkpoint 425
[2m2025-03-25T07:56:03.835412Z[0m [32m INFO[0m [1mnode[0m[1m{[0m[3mname[0m[2m=[0mk#b3f3cbb4..[1m}[0m[2m:[0m [2msui_core::state_accumulator[0m[2m:[0m [2mcrates/sui-core/src/state_accumulator.rs[0m[2m:[0m[2m675:[0m accumulating running root for checkpoint 426
[2m2025-03-25T07:56:03.860057Z[0m [32m INFO[0m [1mnode[0m[1m{[0m[3mname[0m[2m=[0mk#b3f3cbb4..[1m}[0m[2m:[0m [2msui_core::state_accumulator[0m[2m:[0m [2mcrates/sui-core/src/state_accumulator.rs[0m[2m:[0m[2m675:[0m accumulating running root for checkpoint 427
[2m2025-03-25T07:56:03.890619Z[0m [32m INFO[0m [1mnode[0m[1m{[0m[3mname[0m[2m=[0mk#99f25ef6..[1m}[0m[2m:[0m [2mconsensus_core::core[0m[2m:[0m [2mconsensus/core/src/core.rs[0m[2m:[0m[2m945:[0m Included 3 ancestors & excluded 0 ancestors for proposal in round 251
[2m2025-03-25T07:56:03.890979Z[0m [32m INFO[0m [1mnode[0m[1m{[0m[3mname[0m[2m=[0mk#99f25ef6..[1m}[0m[2m:[0m [2mconsensus_core::core[0m[2m:[0m [2mconsensus/core/src/core.rs[0m[2m:[0m[2m531:[0m Created block B251(B,vIDUC+cfuaU8MOgV1YDeHSGVbSPzppAkif0RojsG4bA=)(1742889363890ms;[B250(B,iuHm/OTy3x36Pzoczu03MVZN9nCSftDPRCI/LXxCNlc=), B250(A,ua4CX00gDtXL5k1Fq8s6A2OoED+sWvYRGy7eG17T7Bs=), B250(C,FK755MGvR78uJltiXCIYsOxSVuaRipJKE9v6D5VIrpI=)];1t;1c) for round 251
[2m2025-03-25T07:56:03.892621Z[0m [32m INFO[0m [1mnode[0m[1m{[0m[3mname[0m[2m=[0mk#8dcff6d1..[1m}[0m[2m:[0m [2mconsensus_core::core[0m[2m:[0m [2mconsensus/core/src/core.rs[0m[2m:[0m[2m945:[0m Included 3 ancestors & excluded 0 ancestors for proposal in round 251
[2m2025-03-25T07:56:03.892916Z[0m [32m INFO[0m [1mnode[0m[1m{[0m[3mname[0m[2m=[0mk#8dcff6d1..[1m}[0m[2m:[0m [2mconsensus_core::core[0m[2m:[0m [2mconsensus/core/src/core.rs[0m[2m:[0m[2m531:[0m Created block B251(A,k0icS4PiyR3G0G5WTmgNvsj8nDbeCUrqyc/ky9djS6I=)(1742889363892ms;[B250(A,ua4CX00gDtXL5k1Fq8s6A2OoED+sWvYRGy7eG17T7Bs=), B250(B,iuHm/OTy3x36Pzoczu03MVZN9nCSftDPRCI/LXxCNlc=), B250(C,FK755MGvR78uJltiXCIYsOxSVuaRipJKE9v6D5VIrpI=)];1t;1c) for round 251
[2m2025-03-25T07:56:03.892960Z[0m [32m INFO[0m [1mnode[0m[1m{[0m[3mname[0m[2m=[0mk#addeef94..[1m}[0m[2m:[0m [2mconsensus_core::core[0m[2m:[0m [2mconsensus/core/src/core.rs[0m[2m:[0m[2m945:[0m Included 3 ancestors & excluded 0 ancestors for proposal in round 251
[2m2025-03-25T07:56:03.893267Z[0m [32m INFO[0m [1mnode[0m[1m{[0m[3mname[0m[2m=[0mk#addeef94..[1m}[0m[2m:[0m [2mconsensus_core::core[0m[2m:[0m [2mconsensus/core/src/core.rs[0m[2m:[0m[2m531:[0m Created block B251(C,IjDc76q5o6++pEAys9UUj9f+lRUi8bVznwAk/w9EGcE=)(1742889363893ms;[B250(C,FK755MGvR78uJltiXCIYsOxSVuaRipJKE9v6D5VIrpI=), B250(A,ua4CX00gDtXL5k1Fq8s6A2OoED+sWvYRGy7eG17T7Bs=), B250(B,iuHm/OTy3x36Pzoczu03MVZN9nCSftDPRCI/LXxCNlc=)];1t;1c) for round 251
[2m2025-03-25T07:56:03.893339Z[0m [32m INFO[0m [1mnode[0m[1m{[0m[3mname[0m[2m=[0mk#addeef94..[1m}[0m[2m:[0m [2mconsensus_core::core[0m[2m:[0m [2mconsensus/core/src/core.rs[0m[2m:[0m[2m630:[0m Committing 1 leaders: B249(A,wKcd)
[2m2025-03-25T07:56:03.893410Z[0m [32m INFO[0m [1mnode[0m[1m{[0m[3mname[0m[2m=[0mk#addeef94..[1m}[0m[2m:[0m [2mconsensus_core::commit_observer[0m[2m:[0m [2mconsensus/core/src/commit_observer.rs[0m[2m:[0m[2m173:[0m Consensus commit C239(Arzg) with leader B249(A,wKcd) has 3 blocks
[2m2025-03-25T07:56:03.893498Z[0m [32m INFO[0m [1mnode[0m[1m{[0m[3mname[0m[2m=[0mk#addeef94..[1m}[0m[2m:[0m [2msui_core::consensus_handler[0m[2m:[0m [2mcrates/sui-core/src/consensus_handler.rs[0m[2m:[0m[2m232:[0m Received consensus output [3mconsensus_commit[0m[2m=[0mCommittedSubDag(leader=B249(A,wKcd), ref=C239(Arzg), blocks=[JYef, E7iA, wKcd]) [3mepoch[0m[2m=[0m1
[2m2025-03-25T07:56:03.896505Z[0m [32m INFO[0m [1mnode[0m[1m{[0m[3mname[0m[2m=[0mk#8dcff6d1..[1m}[0m[2m:[0m [2msui_core::checkpoints::checkpoint_output[0m[2m:[0m [2mcrates/sui-core/src/checkpoints/checkpoint_output.rs[0m[2m:[0m[2m196:[0m Certified checkpoint with sequence 451 and digest AnV9ZYUwghxWMXZbMyW3ANiteBAv7nMoV8v5wEKix6Mn
[2m2025-03-25T07:56:03.896611Z[0m [32m INFO[0m [1mnode[0m[1m{[0m[3mname[0m[2m=[0mk#8dcff6d1..[1m}[0m[2m:[0m [2mconsensus_core::core[0m[2m:[0m [2mconsensus/core/src/core.rs[0m[2m:[0m[2m630:[0m Committing 1 leaders: B249(A,wKcd)
[2m2025-03-25T07:56:03.896719Z[0m [32m INFO[0m [1mnode[0m[1m{[0m[3mname[0m[2m=[0mk#8dcff6d1..[1m}[0m[2m:[0m [2mconsensus_core::commit_observer[0m[2m:[0m [2mconsensus/core/src/commit_observer.rs[0m[2m:[0m[2m173:[0m Consensus commit C239(Arzg) with leader B249(A,wKcd) has 3 blocks
[2m2025-03-25T07:56:03.896941Z[0m [32m INFO[0m [1mnode[0m[1m{[0m[3mname[0m[2m=[0mk#99f25ef6..[1m}[0m[2m:[0m [2msui_core::checkpoints::checkpoint_output[0m[2m:[0m [2mcrates/sui-core/src/checkpoints/checkpoint_output.rs[0m[2m:[0m[2m196:[0m Certified checkpoint with sequence 451 and digest AnV9ZYUwghxWMXZbMyW3ANiteBAv7nMoV8v5wEKix6Mn
[2m2025-03-25T07:56:03.897040Z[0m [32m INFO[0m [1mnode[0m[1m{[0m[3mname[0m[2m=[0mk#99f25ef6..[1m}[0m[2m:[0m [2mconsensus_core::core[0m[2m:[0m [2mconsensus/core/src/core.rs[0m[2m:[0m[2m630:[0m Committing 1 leaders: B249(A,wKcd)
[2m2025-03-25T07:56:03.897127Z[0m [32m INFO[0m [1mnode[0m[1m{[0m[3mname[0m[2m=[0mk#8dcff6d1..[1m}[0m[2m:[0m [2msui_core::consensus_handler[0m[2m:[0m [2mcrates/sui-core/src/consensus_handler.rs[0m[2m:[0m[2m232:[0m Received consensus output [3mconsensus_commit[0m[2m=[0mCommittedSubDag(leader=B249(A,wKcd), ref=C239(Arzg), blocks=[JYef, E7iA, wKcd]) [3mepoch[0m[2m=[0m1
[2m2025-03-25T07:56:03.897145Z[0m [32m INFO[0m [1mnode[0m[1m{[0m[3mname[0m[2m=[0mk#99f25ef6..[1m}[0m[2m:[0m [2mconsensus_core::commit_observer[0m[2m:[0m [2mconsensus/core/src/commit_observer.rs[0m[2m:[0m[2m173:[0m Consensus commit C239(Arzg) with leader B249(A,wKcd) has 3 blocks
[2m2025-03-25T07:56:03.897516Z[0m [32m INFO[0m [1mnode[0m[1m{[0m[3mname[0m[2m=[0mk#99f25ef6..[1m}[0m[2m:[0m [2msui_core::consensus_handler[0m[2m:[0m [2mcrates/sui-core/src/consensus_handler.rs[0m[2m:[0m[2m232:[0m Received consensus output [3mconsensus_commit[0m[2m=[0mCommittedSubDag(leader=B249(A,wKcd), ref=C239(Arzg), blocks=[JYef, E7iA, wKcd]) [3mepoch[0m[2m=[0m1
[2m2025-03-25T07:56:03.897692Z[0m [32m INFO[0m [1mnode[0m[1m{[0m[3mname[0m[2m=[0mk#8dcff6d1..[1m}[0m[2m:[0m [2msui_core::checkpoints::checkpoint_executor[0m[2m:[0m [2mcrates/sui-core/src/checkpoints/checkpoint_executor/mod.rs[0m[2m:[0m[2m332:[0m Received checkpoint summary from state sync [3msequence_number[0m[2m=[0m451
[2m2025-03-25T07:56:03.898047Z[0m [32m INFO[0m [1mnode[0m[1m{[0m[3mname[0m[2m=[0mk#99f25ef6..[1m}[0m[2m:[0m [2msui_core::checkpoints::checkpoint_executor[0m[2m:[0m [2mcrates/sui-core/src/checkpoints/checkpoint_executor/mod.rs[0m[2m:[0m[2m332:[0m Received checkpoint summary from state sync [3msequence_number[0m[2m=[0m451
[2m2025-03-25T07:56:03.899182Z[0m [32m INFO[0m [1mnode[0m[1m{[0m[3mname[0m[2m=[0mk#8dcff6d1..[1m}[0m[2m:[0m [2msui_core::state_accumulator[0m[2m:[0m [2mcrates/sui-core/src/state_accumulator.rs[0m[2m:[0m[2m675:[0m accumulating running root for checkpoint 451
[2m2025-03-25T07:56:03.899324Z[0m [32m INFO[0m [1mnode[0m[1m{[0m[3mname[0m[2m=[0mk#99f25ef6..[1m}[0m[2m:[0m [2msui_core::state_accumulator[0m[2m:[0m [2mcrates/sui-core/src/state_accumulator.rs[0m[2m:[0m[2m675:[0m accumulating running root for checkpoint 451
[2m2025-03-25T07:56:03.920065Z[0m [32m INFO[0m [1mnode[0m[1m{[0m[3mname[0m[2m=[0mk#addeef94..[1m}[0m[2m:[0m [2msui_core::checkpoints[0m[2m:[0m [2mcrates/sui-core/src/checkpoints/mod.rs[0m[2m:[0m[2m1326:[0m Creating checkpoint(s) for 2 transactions [3mnext_checkpoint_seq[0m[2m=[0m452 [3mcheckpoint_timestamp[0m[2m=[0m1742889363379
[2m2025-03-25T07:56:03.920376Z[0m [32m INFO[0m [1mnode[0m[1m{[0m[3mname[0m[2m=[0mk#addeef94..[1m}[0m[2m:[0m [2msui_core::checkpoints::checkpoint_output[0m[2m:[0m [2mcrates/sui-core/src/checkpoints/checkpoint_output.rs[0m[2m:[0m[2m149:[0m Creating checkpoint CheckpointDigest(GYnNwaMP9nMNmn7nc8qwKjTo6oRNrstbJZ4gxmkQDu4g) at epoch 1, sequence 452, previous digest Some(CheckpointDigest(AnV9ZYUwghxWMXZbMyW3ANiteBAv7nMoV8v5wEKix6Mn)), transactions count 2, content digest CheckpointContentsDigest(2qKGvKETfYFr8ySHMH9QAqQNByH9raGrj17HFvbFXqru), end_of_epoch_data None
[2m2025-03-25T07:56:03.924837Z[0m [32m INFO[0m [1mnode[0m[1m{[0m[3mname[0m[2m=[0mk#addeef94..[1m}[0m[2m:[0m [2msui_core::checkpoints::checkpoint_executor[0m[2m:[0m [2mcrates/sui-core/src/checkpoints/checkpoint_executor/mod.rs[0m[2m:[0m[2m332:[0m Received checkpoint summary from state sync [3msequence_number[0m[2m=[0m451
[2m2025-03-25T07:56:03.924900Z[0m [32m INFO[0m [1mnode[0m[1m{[0m[3mname[0m[2m=[0mk#8dcff6d1..[1m}[0m[2m:[0m [2msui_core::checkpoints[0m[2m:[0m [2mcrates/sui-core/src/checkpoints/mod.rs[0m[2m:[0m[2m1326:[0m Creating checkpoint(s) for 2 transactions [3mnext_checkpoint_seq[0m[2m=[0m452 [3mcheckpoint_timestamp[0m[2m=[0m1742889363379
[2m2025-03-25T07:56:03.924901Z[0m [32m INFO[0m [1mnode[0m[1m{[0m[3mname[0m[2m=[0mk#99f25ef6..[1m}[0m[2m:[0m [2msui_core::checkpoints[0m[2m:[0m [2mcrates/sui-core/src/checkpoints/mod.rs[0m[2m:[0m[2m1326:[0m Creating checkpoint(s) for 2 transactions [3mnext_checkpoint_seq[0m[2m=[0m452 [3mcheckpoint_timestamp[0m[2m=[0m1742889363379
[2m2025-03-25T07:56:03.925174Z[0m [32m INFO[0m [1mnode[0m[1m{[0m[3mname[0m[2m=[0mk#8dcff6d1..[1m}[0m[2m:[0m [2msui_core::checkpoints::checkpoint_output[0m[2m:[0m [2mcrates/sui-core/src/checkpoints/checkpoint_output.rs[0m[2m:[0m[2m149:[0m Creating checkpoint CheckpointDigest(GYnNwaMP9nMNmn7nc8qwKjTo6oRNrstbJZ4gxmkQDu4g) at epoch 1, sequence 452, previous digest Some(CheckpointDigest(AnV9ZYUwghxWMXZbMyW3ANiteBAv7nMoV8v5wEKix6Mn)), transactions count 2, content digest CheckpointContentsDigest(2qKGvKETfYFr8ySHMH9QAqQNByH9raGrj17HFvbFXqru), end_of_epoch_data None
[2m2025-03-25T07:56:03.925174Z[0m [32m INFO[0m [1mnode[0m[1m{[0m[3mname[0m[2m=[0mk#99f25ef6..[1m}[0m[2m:[0m [2msui_core::checkpoints::checkpoint_output[0m[2m:[0m [2mcrates/sui-core/src/checkpoints/checkpoint_output.rs[0m[2m:[0m[2m149:[0m Creating checkpoint CheckpointDigest(GYnNwaMP9nMNmn7nc8qwKjTo6oRNrstbJZ4gxmkQDu4g) at epoch 1, sequence 452, previous digest Some(CheckpointDigest(AnV9ZYUwghxWMXZbMyW3ANiteBAv7nMoV8v5wEKix6Mn)), transactions count 2, content digest CheckpointContentsDigest(2qKGvKETfYFr8ySHMH9QAqQNByH9raGrj17HFvbFXqru), end_of_epoch_data None
[2m2025-03-25T07:56:03.925714Z[0m [32m INFO[0m [1mnode[0m[1m{[0m[3mname[0m[2m=[0mk#addeef94..[1m}[0m[2m:[0m [2msui_core::state_accumulator[0m[2m:[0m [2mcrates/sui-core/src/state_accumulator.rs[0m[2m:[0m[2m675:[0m accumulating running root for checkpoint 451
[2m2025-03-25T07:56:04.145956Z[0m [32m INFO[0m [1mnode[0m[1m{[0m[3mname[0m[2m=[0mk#addeef94..[1m}[0m[2m:[0m [2mconsensus_core::core[0m[2m:[0m [2mconsensus/core/src/core.rs[0m[2m:[0m[2m945:[0m Included 3 ancestors & excluded 0 ancestors for proposal in round 252
[2m2025-03-25T07:56:04.146368Z[0m [32m INFO[0m [1mnode[0m[1m{[0m[3mname[0m[2m=[0mk#addeef94..[1m}[0m[2m:[0m [2mconsensus_core::core[0m[2m:[0m [2mconsensus/core/src/core.rs[0m[2m:[0m[2m531:[0m Created block B252(C,05kmS7pe12BS5S95oslY0NdC3ehjTsH3D25WictrqSA=)(1742889364146ms;[B251(C,IjDc76q5o6++pEAys9UUj9f+lRUi8bVznwAk/w9EGcE=), B251(A,k0icS4PiyR3G0G5WTmgNvsj8nDbeCUrqyc/ky9djS6I=), B251(B,vIDUC+cfuaU8MOgV1YDeHSGVbSPzppAkif0RojsG4bA=)];1t;1c) for round 252
[2m2025-03-25T07:56:04.148388Z[0m [32m INFO[0m [1mnode[0m[1m{[0m[3mname[0m[2m=[0mk#99f25ef6..[1m}[0m[2m:[0m [2mconsensus_core::core[0m[2m:[0m [2mconsensus/core/src/core.rs[0m[2m:[0m[2m945:[0m Included 3 ancestors & excluded 0 ancestors for proposal in round 252
[2m2025-03-25T07:56:04.148388Z[0m [32m INFO[0m [1mnode[0m[1m{[0m[3mname[0m[2m=[0mk#8dcff6d1..[1m}[0m[2m:[0m [2mconsensus_core::core[0m[2m:[0m [2mconsensus/core/src/core.rs[0m[2m:[0m[2m945:[0m Included 3 ancestors & excluded 0 ancestors for proposal in round 252
[2m2025-03-25T07:56:04.148688Z[0m [32m INFO[0m [1mnode[0m[1m{[0m[3mname[0m[2m=[0mk#99f25ef6..[1m}[0m[2m:[0m [2mconsensus_core::core[0m[2m:[0m [2mconsensus/core/src/core.rs[0m[2m:[0m[2m531:[0m Created block B252(B,+ekwmgxheuKmyJyyCcEuWDlP+UTzizmvjfqL+5ctRnM=)(1742889364148ms;[B251(B,vIDUC+cfuaU8MOgV1YDeHSGVbSPzppAkif0RojsG4bA=), B251(A,k0icS4PiyR3G0G5WTmgNvsj8nDbeCUrqyc/ky9djS6I=), B251(C,IjDc76q5o6++pEAys9UUj9f+lRUi8bVznwAk/w9EGcE=)];1t;1c) for round 252
[2m2025-03-25T07:56:04.148690Z[0m [32m INFO[0m [1mnode[0m[1m{[0m[3mname[0m[2m=[0mk#8dcff6d1..[1m}[0m[2m:[0m [2mconsensus_core::core[0m[2m:[0m [2mconsensus/core/src/core.rs[0m[2m:[0m[2m531:[0m Created block B252(A,IcLR7X6Cbv2CCTJqAjUOgI4bzyfzEEQLWXrYj5zdJeA=)(1742889364148ms;[B251(A,k0icS4PiyR3G0G5WTmgNvsj8nDbeCUrqyc/ky9djS6I=), B251(B,vIDUC+cfuaU8MOgV1YDeHSGVbSPzppAkif0RojsG4bA=), B251(C,IjDc76q5o6++pEAys9UUj9f+lRUi8bVznwAk/w9EGcE=)];1t;1c) for round 252
[2m2025-03-25T07:56:04.148760Z[0m [32m INFO[0m [1mnode[0m[1m{[0m[3mname[0m[2m=[0mk#99f25ef6..[1m}[0m[2m:[0m [2mconsensus_core::core[0m[2m:[0m [2mconsensus/core/src/core.rs[0m[2m:[0m[2m630:[0m Committing 1 leaders: B250(B,iuHm)
[2m2025-03-25T07:56:04.148760Z[0m [32m INFO[0m [1mnode[0m[1m{[0m[3mname[0m[2m=[0mk#8dcff6d1..[1m}[0m[2m:[0m [2mconsensus_core::core[0m[2m:[0m [2mconsensus/core/src/core.rs[0m[2m:[0m[2m630:[0m Committing 1 leaders: B250(B,iuHm)
[2m2025-03-25T07:56:04.148834Z[0m [32m INFO[0m [1mnode[0m[1m{[0m[3mname[0m[2m=[0mk#99f25ef6..[1m}[0m[2m:[0m [2mconsensus_core::commit_observer[0m[2m:[0m [2mconsensus/core/src/commit_observer.rs[0m[2m:[0m[2m173:[0m Consensus commit C240(F+dq) with leader B250(B,iuHm) has 3 blocks
[2m2025-03-25T07:56:04.148835Z[0m [32m INFO[0m [1mnode[0m[1m{[0m[3mname[0m[2m=[0mk#8dcff6d1..[1m}[0m[2m:[0m [2mconsensus_core::commit_observer[0m[2m:[0m [2mconsensus/core/src/commit_observer.rs[0m[2m:[0m[2m173:[0m Consensus commit C240(F+dq) with leader B250(B,iuHm) has 3 blocks
[2m2025-03-25T07:56:04.148930Z[0m [32m INFO[0m [1mnode[0m[1m{[0m[3mname[0m[2m=[0mk#99f25ef6..[1m}[0m[2m:[0m [2msui_core::consensus_handler[0m[2m:[0m [2mcrates/sui-core/src/consensus_handler.rs[0m[2m:[0m[2m232:[0m Received consensus output [3mconsensus_commit[0m[2m=[0mCommittedSubDag(leader=B250(B,iuHm), ref=C240(F+dq), blocks=[qU+p, GaBm, iuHm]) [3mepoch[0m[2m=[0m1
[2m2025-03-25T07:56:04.148930Z[0m [32m INFO[0m [1mnode[0m[1m{[0m[3mname[0m[2m=[0mk#8dcff6d1..[1m}[0m[2m:[0m [2msui_core::consensus_handler[0m[2m:[0m [2mcrates/sui-core/src/consensus_handler.rs[0m[2m:[0m[2m232:[0m Received consensus output [3mconsensus_commit[0m[2m=[0mCommittedSubDag(leader=B250(B,iuHm), ref=C240(F+dq), blocks=[qU+p, GaBm, iuHm]) [3mepoch[0m[2m=[0m1
[2m2025-03-25T07:56:04.151430Z[0m [32m INFO[0m [1mnode[0m[1m{[0m[3mname[0m[2m=[0mk#addeef94..[1m}[0m[2m:[0m [2mconsensus_core::core[0m[2m:[0m [2mconsensus/core/src/core.rs[0m[2m:[0m[2m630:[0m Committing 1 leaders: B250(B,iuHm)
[2m2025-03-25T07:56:04.151522Z[0m [32m INFO[0m [1mnode[0m[1m{[0m[3mname[0m[2m=[0mk#addeef94..[1m}[0m[2m:[0m [2mconsensus_core::commit_observer[0m[2m:[0m [2mconsensus/core/src/commit_observer.rs[0m[2m:[0m[2m173:[0m Consensus commit C240(F+dq) with leader B250(B,iuHm) has 3 blocks
[2m2025-03-25T07:56:04.151597Z[0m [32m INFO[0m [1mnode[0m[1m{[0m[3mname[0m[2m=[0mk#addeef94..[1m}[0m[2m:[0m [2msui_core::consensus_handler[0m[2m:[0m [2mcrates/sui-core/src/consensus_handler.rs[0m[2m:[0m[2m232:[0m Received consensus output [3mconsensus_commit[0m[2m=[0mCommittedSubDag(leader=B250(B,iuHm), ref=C240(F+dq), blocks=[qU+p, GaBm, iuHm]) [3mepoch[0m[2m=[0m1
[2m2025-03-25T07:56:04.195373Z[0m [32m INFO[0m [1mnode[0m[1m{[0m[3mname[0m[2m=[0mk#8dcff6d1..[1m}[0m[2m:[0m [2msui_core::checkpoints[0m[2m:[0m [2mcrates/sui-core/src/checkpoints/mod.rs[0m[2m:[0m[2m1326:[0m Creating checkpoint(s) for 1 transactions [3mnext_checkpoint_seq[0m[2m=[0m453 [3mcheckpoint_timestamp[0m[2m=[0m1742889363638
[2m2025-03-25T07:56:04.195634Z[0m [32m INFO[0m [1mnode[0m[1m{[0m[3mname[0m[2m=[0mk#8dcff6d1..[1m}[0m[2m:[0m [2msui_core::checkpoints::checkpoint_output[0m[2m:[0m [2mcrates/sui-core/src/checkpoints/checkpoint_output.rs[0m[2m:[0m[2m149:[0m Creating checkpoint CheckpointDigest(8QVKzs6FQHM5oPB112rst2tKumjujCyknEUJESAX5yuV) at epoch 1, sequence 453, previous digest Some(CheckpointDigest(GYnNwaMP9nMNmn7nc8qwKjTo6oRNrstbJZ4gxmkQDu4g)), transactions count 1, content digest CheckpointContentsDigest(5q6VrPpmcmuuiU5ceW73ppkfn8JiahpYc85KFUFDbxTy), end_of_epoch_data None
[2m2025-03-25T07:56:04.196183Z[0m [32m INFO[0m [1mnode[0m[1m{[0m[3mname[0m[2m=[0mk#addeef94..[1m}[0m[2m:[0m [2msui_core::checkpoints[0m[2m:[0m [2mcrates/sui-core/src/checkpoints/mod.rs[0m[2m:[0m[2m1326:[0m Creating checkpoint(s) for 1 transactions [3mnext_checkpoint_seq[0m[2m=[0m453 [3mcheckpoint_timestamp[0m[2m=[0m1742889363638
[2m2025-03-25T07:56:04.196359Z[0m [32m INFO[0m [1mnode[0m[1m{[0m[3mname[0m[2m=[0mk#addeef94..[1m}[0m[2m:[0m [2msui_core::checkpoints::checkpoint_output[0m[2m:[0m [2mcrates/sui-core/src/checkpoints/checkpoint_output.rs[0m[2m:[0m[2m149:[0m Creating checkpoint CheckpointDigest(8QVKzs6FQHM5oPB112rst2tKumjujCyknEUJESAX5yuV) at epoch 1, sequence 453, previous digest Some(CheckpointDigest(GYnNwaMP9nMNmn7nc8qwKjTo6oRNrstbJZ4gxmkQDu4g)), transactions count 1, content digest CheckpointContentsDigest(5q6VrPpmcmuuiU5ceW73ppkfn8JiahpYc85KFUFDbxTy), end_of_epoch_data None
[2m2025-03-25T07:56:04.196991Z[0m [32m INFO[0m [1mnode[0m[1m{[0m[3mname[0m[2m=[0mk#99f25ef6..[1m}[0m[2m:[0m [2msui_core::checkpoints[0m[2m:[0m [2mcrates/sui-core/src/checkpoints/mod.rs[0m[2m:[0m[2m1326:[0m Creating checkpoint(s) for 1 transactions [3mnext_checkpoint_seq[0m[2m=[0m453 [3mcheckpoint_timestamp[0m[2m=[0m1742889363638
[2m2025-03-25T07:56:04.197165Z[0m [32m INFO[0m [1mnode[0m[1m{[0m[3mname[0m[2m=[0mk#99f25ef6..[1m}[0m[2m:[0m [2msui_core::checkpoints::checkpoint_output[0m[2m:[0m [2mcrates/sui-core/src/checkpoints/checkpoint_output.rs[0m[2m:[0m[2m149:[0m Creating checkpoint CheckpointDigest(8QVKzs6FQHM5oPB112rst2tKumjujCyknEUJESAX5yuV) at epoch 1, sequence 453, previous digest Some(CheckpointDigest(GYnNwaMP9nMNmn7nc8qwKjTo6oRNrstbJZ4gxmkQDu4g)), transactions count 1, content digest CheckpointContentsDigest(5q6VrPpmcmuuiU5ceW73ppkfn8JiahpYc85KFUFDbxTy), end_of_epoch_data None
[2m2025-03-25T07:56:04.199662Z[0m [32m INFO[0m [1mnode[0m[1m{[0m[3mname[0m[2m=[0mk#8dcff6d1..[1m}[0m[2m:[0m [2msui_core::checkpoints::checkpoint_output[0m[2m:[0m [2mcrates/sui-core/src/checkpoints/checkpoint_output.rs[0m[2m:[0m[2m196:[0m Certified checkpoint with sequence 452 and digest GYnNwaMP9nMNmn7nc8qwKjTo6oRNrstbJZ4gxmkQDu4g
[2m2025-03-25T07:56:04.200569Z[0m [32m INFO[0m [1mnode[0m[1m{[0m[3mname[0m[2m=[0mk#99f25ef6..[1m}[0m[2m:[0m [2msui_core::checkpoints::checkpoint_output[0m[2m:[0m [2mcrates/sui-core/src/checkpoints/checkpoint_output.rs[0m[2m:[0m[2m196:[0m Certified checkpoint with sequence 452 and digest GYnNwaMP9nMNmn7nc8qwKjTo6oRNrstbJZ4gxmkQDu4g
[2m2025-03-25T07:56:04.203151Z[0m [32m INFO[0m [1mnode[0m[1m{[0m[3mname[0m[2m=[0mk#8dcff6d1..[1m}[0m[2m:[0m [2msui_core::checkpoints::checkpoint_executor[0m[2m:[0m [2mcrates/sui-core/src/checkpoints/checkpoint_executor/mod.rs[0m[2m:[0m[2m332:[0m Received checkpoint summary from state sync [3msequence_number[0m[2m=[0m452
[2m2025-03-25T07:56:04.203895Z[0m [32m INFO[0m [1mnode[0m[1m{[0m[3mname[0m[2m=[0mk#99f25ef6..[1m}[0m[2m:[0m [2msui_core::checkpoints::checkpoint_executor[0m[2m:[0m [2mcrates/sui-core/src/checkpoints/checkpoint_executor/mod.rs[0m[2m:[0m[2m332:[0m Received checkpoint summary from state sync [3msequence_number[0m[2m=[0m452
[2m2025-03-25T07:56:04.222043Z[0m [32m INFO[0m [1mnode[0m[1m{[0m[3mname[0m[2m=[0mk#8dcff6d1..[1m}[0m[2m:[0m [2msui_core::state_accumulator[0m[2m:[0m [2mcrates/sui-core/src/state_accumulator.rs[0m[2m:[0m[2m675:[0m accumulating running root for checkpoint 452
[2m2025-03-25T07:56:04.222343Z[0m [32m INFO[0m [1mnode[0m[1m{[0m[3mname[0m[2m=[0mk#99f25ef6..[1m}[0m[2m:[0m [2msui_core::state_accumulator[0m[2m:[0m [2mcrates/sui-core/src/state_accumulator.rs[0m[2m:[0m[2m675:[0m accumulating running root for checkpoint 452
[2m2025-03-25T07:56:04.266465Z[0m [32m INFO[0m [1mnode[0m[1m{[0m[3mname[0m[2m=[0mk#addeef94..[1m}[0m[2m:[0m [2msui_core::checkpoints::checkpoint_executor[0m[2m:[0m [2mcrates/sui-core/src/checkpoints/checkpoint_executor/mod.rs[0m[2m:[0m[2m332:[0m Received checkpoint summary from state sync [3msequence_number[0m[2m=[0m452
[2m2025-03-25T07:56:04.267837Z[0m [32m INFO[0m [1mnode[0m[1m{[0m[3mname[0m[2m=[0mk#addeef94..[1m}[0m[2m:[0m [2msui_core::state_accumulator[0m[2m:[0m [2mcrates/sui-core/src/state_accumulator.rs[0m[2m:[0m[2m675:[0m accumulating running root for checkpoint 452
[2m2025-03-25T07:56:04.268560Z[0m [32m INFO[0m [1mnode[0m[1m{[0m[3mname[0m[2m=[0mk#8dcff6d1..[1m}[0m[2m:[0m [2mconsensus_core::core[0m[2m:[0m [2mconsensus/core/src/core.rs[0m[2m:[0m[2m694:[0m Received quorum round per authority in ancestor state manager set to: [(252, 252), (252, 252), (252, 252)]
[2m2025-03-25T07:56:04.268571Z[0m [32m INFO[0m [1mnode[0m[1m{[0m[3mname[0m[2m=[0mk#8dcff6d1..[1m}[0m[2m:[0m [2mconsensus_core::core[0m[2m:[0m [2mconsensus/core/src/core.rs[0m[2m:[0m[2m695:[0m Accepted quorum round per authority in ancestor state manager set to: [(252, 252), (252, 252), (252, 252)]
[2m2025-03-25T07:56:04.268578Z[0m [32m INFO[0m [1mnode[0m[1m{[0m[3mname[0m[2m=[0mk#8dcff6d1..[1m}[0m[2m:[0m [2mconsensus_core::core[0m[2m:[0m [2mconsensus/core/src/core.rs[0m[2m:[0m[2m698:[0m Propagation round delay set to: 0
[2m2025-03-25T07:56:04.268683Z[0m [32m INFO[0m [1mnode[0m[1m{[0m[3mname[0m[2m=[0mk#addeef94..[1m}[0m[2m:[0m [2mconsensus_core::core[0m[2m:[0m [2mconsensus/core/src/core.rs[0m[2m:[0m[2m694:[0m Received quorum round per authority in ancestor state manager set to: [(251, 252), (252, 252), (252, 252)]
[2m2025-03-25T07:56:04.268692Z[0m [32m INFO[0m [1mnode[0m[1m{[0m[3mname[0m[2m=[0mk#addeef94..[1m}[0m[2m:[0m [2mconsensus_core::core[0m[2m:[0m [2mconsensus/core/src/core.rs[0m[2m:[0m[2m695:[0m Accepted quorum round per authority in ancestor state manager set to: [(251, 252), (252, 252), (252, 252)]
[2m2025-03-25T07:56:04.268699Z[0m [32m INFO[0m [1mnode[0m[1m{[0m[3mname[0m[2m=[0mk#addeef94..[1m}[0m[2m:[0m [2mconsensus_core::core[0m[2m:[0m [2mconsensus/core/src/core.rs[0m[2m:[0m[2m698:[0m Propagation round delay set to: 0
[2m2025-03-25T07:56:04.268724Z[0m [32m INFO[0m [1mnode[0m[1m{[0m[3mname[0m[2m=[0mk#99f25ef6..[1m}[0m[2m:[0m [2mconsensus_core::core[0m[2m:[0m [2mconsensus/core/src/core.rs[0m[2m:[0m[2m694:[0m Received quorum round per authority in ancestor state manager set to: [(252, 252), (252, 252), (252, 252)]
[2m2025-03-25T07:56:04.268733Z[0m [32m INFO[0m [1mnode[0m[1m{[0m[3mname[0m[2m=[0mk#99f25ef6..[1m}[0m[2m:[0m [2mconsensus_core::core[0m[2m:[0m [2mconsensus/core/src/core.rs[0m[2m:[0m[2m695:[0m Accepted quorum round per authority in ancestor state manager set to: [(252, 252), (252, 252), (252, 252)]
[2m2025-03-25T07:56:04.268740Z[0m [32m INFO[0m [1mnode[0m[1m{[0m[3mname[0m[2m=[0mk#99f25ef6..[1m}[0m[2m:[0m [2mconsensus_core::core[0m[2m:[0m [2mconsensus/core/src/core.rs[0m[2m:[0m[2m698:[0m Propagation round delay set to: 0
[2m2025-03-25T07:56:04.400273Z[0m [32m INFO[0m [1mnode[0m[1m{[0m[3mname[0m[2m=[0mk#99f25ef6..[1m}[0m[2m:[0m [2mconsensus_core::core[0m[2m:[0m [2mconsensus/core/src/core.rs[0m[2m:[0m[2m945:[0m Included 3 ancestors & excluded 0 ancestors for proposal in round 253
[2m2025-03-25T07:56:04.400698Z[0m [32m INFO[0m [1mnode[0m[1m{[0m[3mname[0m[2m=[0mk#8dcff6d1..[1m}[0m[2m:[0m [2mconsensus_core::core[0m[2m:[0m [2mconsensus/core/src/core.rs[0m[2m:[0m[2m945:[0m Included 3 ancestors & excluded 0 ancestors for proposal in round 253
[2m2025-03-25T07:56:04.400756Z[0m [32m INFO[0m [1mnode[0m[1m{[0m[3mname[0m[2m=[0mk#99f25ef6..[1m}[0m[2m:[0m [2mconsensus_core::core[0m[2m:[0m [2mconsensus/core/src/core.rs[0m[2m:[0m[2m531:[0m Created block B253(B,RX7GNEk8bJYEgm7i2Qlm1CHp23oD6LApy0Q4FufIVK8=)(1742889364400ms;[B252(B,+ekwmgxheuKmyJyyCcEuWDlP+UTzizmvjfqL+5ctRnM=), B252(A,IcLR7X6Cbv2CCTJqAjUOgI4bzyfzEEQLWXrYj5zdJeA=), B252(C,05kmS7pe12BS5S95oslY0NdC3ehjTsH3D25WictrqSA=)];1t;1c) for round 253
[2m2025-03-25T07:56:04.401022Z[0m [32m INFO[0m [1mnode[0m[1m{[0m[3mname[0m[2m=[0mk#8dcff6d1..[1m}[0m[2m:[0m [2mconsensus_core::core[0m[2m:[0m [2mconsensus/core/src/core.rs[0m[2m:[0m[2m531:[0m Created block B253(A,DpL7YzIaKurKpf7wCZxrWU7obao5reJR+3X8OVRflx0=)(1742889364400ms;[B252(A,IcLR7X6Cbv2CCTJqAjUOgI4bzyfzEEQLWXrYj5zdJeA=), B252(B,+ekwmgxheuKmyJyyCcEuWDlP+UTzizmvjfqL+5ctRnM=), B252(C,05kmS7pe12BS5S95oslY0NdC3ehjTsH3D25WictrqSA=)];1t;1c) for round 253
[2m2025-03-25T07:56:04.404029Z[0m [32m INFO[0m [1mnode[0m[1m{[0m[3mname[0m[2m=[0mk#addeef94..[1m}[0m[2m:[0m [2mconsensus_core::core[0m[2m:[0m [2mconsensus/core/src/core.rs[0m[2m:[0m[2m945:[0m Included 3 ancestors & excluded 0 ancestors for proposal in round 253
[2m2025-03-25T07:56:04.404324Z[0m [32m INFO[0m [1mnode[0m[1m{[0m[3mname[0m[2m=[0mk#addeef94..[1m}[0m[2m:[0m [2mconsensus_core::core[0m[2m:[0m [2mconsensus/core/src/core.rs[0m[2m:[0m[2m531:[0m Created block B253(C,uMyayH8/yZRuQpX2QWGnAWoTnqKcZDiNajXHxRDXv3A=)(1742889364404ms;[B252(C,05kmS7pe12BS5S95oslY0NdC3ehjTsH3D25WictrqSA=), B252(A,IcLR7X6Cbv2CCTJqAjUOgI4bzyfzEEQLWXrYj5zdJeA=), B252(B,+ekwmgxheuKmyJyyCcEuWDlP+UTzizmvjfqL+5ctRnM=)];1t;1c) for round 253
[2m2025-03-25T07:56:04.404393Z[0m [32m INFO[0m [1mnode[0m[1m{[0m[3mname[0m[2m=[0mk#addeef94..[1m}[0m[2m:[0m [2mconsensus_core::core[0m[2m:[0m [2mconsensus/core/src/core.rs[0m[2m:[0m[2m630:[0m Committing 1 leaders: B251(B,vIDU)
[2m2025-03-25T07:56:04.404465Z[0m [32m INFO[0m [1mnode[0m[1m{[0m[3mname[0m[2m=[0mk#addeef94..[1m}[0m[2m:[0m [2mconsensus_core::commit_observer[0m[2m:[0m [2mconsensus/core/src/commit_observer.rs[0m[2m:[0m[2m173:[0m Consensus commit C241(/Aob) with leader B251(B,vIDU) has 3 blocks
[2m2025-03-25T07:56:04.404707Z[0m [32m INFO[0m [1mnode[0m[1m{[0m[3mname[0m[2m=[0mk#addeef94..[1m}[0m[2m:[0m [2msui_core::consensus_handler[0m[2m:[0m [2mcrates/sui-core/src/consensus_handler.rs[0m[2m:[0m[2m232:[0m Received consensus output [3mconsensus_commit[0m[2m=[0mCommittedSubDag(leader=B251(B,vIDU), ref=C241(/Aob), blocks=[ua4C, FK75, vIDU]) [3mepoch[0m[2m=[0m1
[2m2025-03-25T07:56:04.407757Z[0m [32m INFO[0m [1mnode[0m[1m{[0m[3mname[0m[2m=[0mk#99f25ef6..[1m}[0m[2m:[0m [2msui_core::checkpoints::checkpoint_output[0m[2m:[0m [2mcrates/sui-core/src/checkpoints/checkpoint_output.rs[0m[2m:[0m[2m196:[0m Certified checkpoint with sequence 453 and digest 8QVKzs6FQHM5oPB112rst2tKumjujCyknEUJESAX5yuV
[2m2025-03-25T07:56:04.407755Z[0m [32m INFO[0m [1mnode[0m[1m{[0m[3mname[0m[2m=[0mk#8dcff6d1..[1m}[0m[2m:[0m [2msui_core::checkpoints::checkpoint_output[0m[2m:[0m [2mcrates/sui-core/src/checkpoints/checkpoint_output.rs[0m[2m:[0m[2m196:[0m Certified checkpoint with sequence 453 and digest 8QVKzs6FQHM5oPB112rst2tKumjujCyknEUJESAX5yuV
[2m2025-03-25T07:56:04.407872Z[0m [32m INFO[0m [1mnode[0m[1m{[0m[3mname[0m[2m=[0mk#99f25ef6..[1m}[0m[2m:[0m [2mconsensus_core::core[0m[2m:[0m [2mconsensus/core/src/core.rs[0m[2m:[0m[2m630:[0m Committing 1 leaders: B251(B,vIDU)
[2m2025-03-25T07:56:04.407872Z[0m [32m INFO[0m [1mnode[0m[1m{[0m[3mname[0m[2m=[0mk#8dcff6d1..[1m}[0m[2m:[0m [2mconsensus_core::core[0m[2m:[0m [2mconsensus/core/src/core.rs[0m[2m:[0m[2m630:[0m Committing 1 leaders: B251(B,vIDU)
[2m2025-03-25T07:56:04.407977Z[0m [32m INFO[0m [1mnode[0m[1m{[0m[3mname[0m[2m=[0mk#8dcff6d1..[1m}[0m[2m:[0m [2mconsensus_core::commit_observer[0m[2m:[0m [2mconsensus/core/src/commit_observer.rs[0m[2m:[0m[2m173:[0m Consensus commit C241(/Aob) with leader B251(B,vIDU) has 3 blocks
[2m2025-03-25T07:56:04.407977Z[0m [32m INFO[0m [1mnode[0m[1m{[0m[3mname[0m[2m=[0mk#99f25ef6..[1m}[0m[2m:[0m [2mconsensus_core::commit_observer[0m[2m:[0m [2mconsensus/core/src/commit_observer.rs[0m[2m:[0m[2m173:[0m Consensus commit C241(/Aob) with leader B251(B,vIDU) has 3 blocks
[2m2025-03-25T07:56:04.408386Z[0m [32m INFO[0m [1mnode[0m[1m{[0m[3mname[0m[2m=[0mk#99f25ef6..[1m}[0m[2m:[0m [2msui_core::consensus_handler[0m[2m:[0m [2mcrates/sui-core/src/consensus_handler.rs[0m[2m:[0m[2m232:[0m Received consensus output [3mconsensus_commit[0m[2m=[0mCommittedSubDag(leader=B251(B,vIDU), ref=C241(/Aob), blocks=[ua4C, FK75, vIDU]) [3mepoch[0m[2m=[0m1
[2m2025-03-25T07:56:04.408386Z[0m [32m INFO[0m [1mnode[0m[1m{[0m[3mname[0m[2m=[0mk#8dcff6d1..[1m}[0m[2m:[0m [2msui_core::consensus_handler[0m[2m:[0m [2mcrates/sui-core/src/consensus_handler.rs[0m[2m:[0m[2m232:[0m Received consensus output [3mconsensus_commit[0m[2m=[0mCommittedSubDag(leader=B251(B,vIDU), ref=C241(/Aob), blocks=[ua4C, FK75, vIDU]) [3mepoch[0m[2m=[0m1
[2m2025-03-25T07:56:04.408960Z[0m [32m INFO[0m [1mnode[0m[1m{[0m[3mname[0m[2m=[0mk#99f25ef6..[1m}[0m[2m:[0m [2msui_core::checkpoints::checkpoint_executor[0m[2m:[0m [2mcrates/sui-core/src/checkpoints/checkpoint_executor/mod.rs[0m[2m:[0m[2m332:[0m Received checkpoint summary from state sync [3msequence_number[0m[2m=[0m453
[2m2025-03-25T07:56:04.408960Z[0m [32m INFO[0m [1mnode[0m[1m{[0m[3mname[0m[2m=[0mk#8dcff6d1..[1m}[0m[2m:[0m [2msui_core::checkpoints::checkpoint_executor[0m[2m:[0m [2mcrates/sui-core/src/checkpoints/checkpoint_executor/mod.rs[0m[2m:[0m[2m332:[0m Received checkpoint summary from state sync [3msequence_number[0m[2m=[0m453
[2m2025-03-25T07:56:04.410497Z[0m [32m INFO[0m [1mnode[0m[1m{[0m[3mname[0m[2m=[0mk#99f25ef6..[1m}[0m[2m:[0m [2msui_core::state_accumulator[0m[2m:[0m [2mcrates/sui-core/src/state_accumulator.rs[0m[2m:[0m[2m675:[0m accumulating running root for checkpoint 453
[2m2025-03-25T07:56:04.410498Z[0m [32m INFO[0m [1mnode[0m[1m{[0m[3mname[0m[2m=[0mk#8dcff6d1..[1m}[0m[2m:[0m [2msui_core::state_accumulator[0m[2m:[0m [2mcrates/sui-core/src/state_accumulator.rs[0m[2m:[0m[2m675:[0m accumulating running root for checkpoint 453
[2m2025-03-25T07:56:04.431658Z[0m [32m INFO[0m [1mnode[0m[1m{[0m[3mname[0m[2m=[0mk#addeef94..[1m}[0m[2m:[0m [2msui_core::checkpoints[0m[2m:[0m [2mcrates/sui-core/src/checkpoints/mod.rs[0m[2m:[0m[2m1326:[0m Creating checkpoint(s) for 2 transactions [3mnext_checkpoint_seq[0m[2m=[0m454 [3mcheckpoint_timestamp[0m[2m=[0m1742889363890
[2m2025-03-25T07:56:04.431970Z[0m [32m INFO[0m [1mnode[0m[1m{[0m[3mname[0m[2m=[0mk#addeef94..[1m}[0m[2m:[0m [2msui_core::checkpoints::checkpoint_output[0m[2m:[0m [2mcrates/sui-core/src/checkpoints/checkpoint_output.rs[0m[2m:[0m[2m149:[0m Creating checkpoint CheckpointDigest(EynAshBHDuNUpaZkVpxBUpWd3mfitDygQrvQ7ByyVcdC) at epoch 1, sequence 454, previous digest Some(CheckpointDigest(8QVKzs6FQHM5oPB112rst2tKumjujCyknEUJESAX5yuV)), transactions count 2, content digest CheckpointContentsDigest(5gvaR8ePMHrVySaH6oosZKEyhhWFtSUnvS97DVdwQEDh), end_of_epoch_data None
[2m2025-03-25T07:56:04.434650Z[0m [32m INFO[0m [1mnode[0m[1m{[0m[3mname[0m[2m=[0mk#addeef94..[1m}[0m[2m:[0m [2msui_core::checkpoints::checkpoint_executor[0m[2m:[0m [2mcrates/sui-core/src/checkpoints/checkpoint_executor/mod.rs[0m[2m:[0m[2m332:[0m Received checkpoint summary from state sync [3msequence_number[0m[2m=[0m453
[2m2025-03-25T07:56:04.435471Z[0m [32m INFO[0m [1mnode[0m[1m{[0m[3mname[0m[2m=[0mk#addeef94..[1m}[0m[2m:[0m [2msui_core::state_accumulator[0m[2m:[0m [2mcrates/sui-core/src/state_accumulator.rs[0m[2m:[0m[2m675:[0m accumulating running root for checkpoint 453
[2m2025-03-25T07:56:04.436223Z[0m [32m INFO[0m [1mnode[0m[1m{[0m[3mname[0m[2m=[0mk#99f25ef6..[1m}[0m[2m:[0m [2msui_core::checkpoints[0m[2m:[0m [2mcrates/sui-core/src/checkpoints/mod.rs[0m[2m:[0m[2m1326:[0m Creating checkpoint(s) for 2 transactions [3mnext_checkpoint_seq[0m[2m=[0m454 [3mcheckpoint_timestamp[0m[2m=[0m1742889363890
[2m2025-03-25T07:56:04.436240Z[0m [32m INFO[0m [1mnode[0m[1m{[0m[3mname[0m[2m=[0mk#8dcff6d1..[1m}[0m[2m:[0m [2msui_core::checkpoints[0m[2m:[0m [2mcrates/sui-core/src/checkpoints/mod.rs[0m[2m:[0m[2m1326:[0m Creating checkpoint(s) for 2 transactions [3mnext_checkpoint_seq[0m[2m=[0m454 [3mcheckpoint_timestamp[0m[2m=[0m1742889363890
[2m2025-03-25T07:56:04.436497Z[0m [32m INFO[0m [1mnode[0m[1m{[0m[3mname[0m[2m=[0mk#99f25ef6..[1m}[0m[2m:[0m [2msui_core::checkpoints::checkpoint_output[0m[2m:[0m [2mcrates/sui-core/src/checkpoints/checkpoint_output.rs[0m[2m:[0m[2m149:[0m Creating checkpoint CheckpointDigest(EynAshBHDuNUpaZkVpxBUpWd3mfitDygQrvQ7ByyVcdC) at epoch 1, sequence 454, previous digest Some(CheckpointDigest(8QVKzs6FQHM5oPB112rst2tKumjujCyknEUJESAX5yuV)), transactions count 2, content digest CheckpointContentsDigest(5gvaR8ePMHrVySaH6oosZKEyhhWFtSUnvS97DVdwQEDh), end_of_epoch_data None
[2m2025-03-25T07:56:04.436498Z[0m [32m INFO[0m [1mnode[0m[1m{[0m[3mname[0m[2m=[0mk#8dcff6d1..[1m}[0m[2m:[0m [2msui_core::checkpoints::checkpoint_output[0m[2m:[0m [2mcrates/sui-core/src/checkpoints/checkpoint_output.rs[0m[2m:[0m[2m149:[0m Creating checkpoint CheckpointDigest(EynAshBHDuNUpaZkVpxBUpWd3mfitDygQrvQ7ByyVcdC) at epoch 1, sequence 454, previous digest Some(CheckpointDigest(8QVKzs6FQHM5oPB112rst2tKumjujCyknEUJESAX5yuV)), transactions count 2, content digest CheckpointContentsDigest(5gvaR8ePMHrVySaH6oosZKEyhhWFtSUnvS97DVdwQEDh), end_of_epoch_data None
[2m2025-03-25T07:56:04.482614Z[0m [32m INFO[0m [2msui_bridge::sui_bridge_watchdog[0m[2m:[0m [2mcrates/sui-bridge/src/sui_bridge_watchdog/mod.rs[0m[2m:[0m[2m47:[0m Running observable EthBridgeStatus
[2m2025-03-25T07:56:04.482621Z[0m [32m INFO[0m [2msui_bridge::sui_bridge_watchdog[0m[2m:[0m [2mcrates/sui-bridge/src/sui_bridge_watchdog/mod.rs[0m[2m:[0m[2m47:[0m Running observable SuiBridgeStatus
[2m2025-03-25T07:56:04.482627Z[0m [32m INFO[0m [2msui_bridge::sui_bridge_watchdog[0m[2m:[0m [2mcrates/sui-bridge/src/sui_bridge_watchdog/mod.rs[0m[2m:[0m[2m47:[0m Running observable EthereumVaultBalance
[2m2025-03-25T07:56:04.482703Z[0m [32m INFO[0m [2msui_bridge::sui_bridge_watchdog[0m[2m:[0m [2mcrates/sui-bridge/src/sui_bridge_watchdog/mod.rs[0m[2m:[0m[2m47:[0m Running observable EthereumVaultBalance
[2m2025-03-25T07:56:04.483195Z[0m [32m INFO[0m [1mobservable[0m[1m{[0m[3mname[0m[2m=[0m"EthBridgeStatus"[1m}[0m[2m:[0m [2msui_bridge::sui_bridge_watchdog::eth_bridge_status[0m[2m:[0m [2mcrates/sui-bridge/src/sui_bridge_watchdog/eth_bridge_status.rs[0m[2m:[0m[2m47:[0m Eth Bridge Status: false
[2m2025-03-25T07:56:04.483201Z[0m [32m INFO[0m [1mobservable[0m[1m{[0m[3mname[0m[2m=[0m"EthereumVaultBalance"[1m}[0m[2m:[0m [2msui_bridge::sui_bridge_watchdog::eth_vault_balance[0m[2m:[0m [2mcrates/sui-bridge/src/sui_bridge_watchdog/eth_vault_balance.rs[0m[2m:[0m[2m98:[0m WETH Vault Balance: 0
[2m2025-03-25T07:56:04.483201Z[0m [32m INFO[0m [1mobservable[0m[1m{[0m[3mname[0m[2m=[0m"EthereumVaultBalance"[1m}[0m[2m:[0m [2msui_bridge::sui_bridge_watchdog::eth_vault_balance[0m[2m:[0m [2mcrates/sui-bridge/src/sui_bridge_watchdog/eth_vault_balance.rs[0m[2m:[0m[2m98:[0m USDT Vault Balance: 10000000000
[2m2025-03-25T07:56:04.504741Z[0m [32m INFO[0m [2msui_bridge::eth_syncer[0m[2m:[0m [2mcrates/sui-bridge/src/eth_syncer.rs[0m[2m:[0m[2m120:[0m Observed new finalized eth block: 126
[2m2025-03-25T07:56:04.656818Z[0m [32m INFO[0m [1mnode[0m[1m{[0m[3mname[0m[2m=[0mk#addeef94..[1m}[0m[2m:[0m [2mconsensus_core::core[0m[2m:[0m [2mconsensus/core/src/core.rs[0m[2m:[0m[2m945:[0m Included 3 ancestors & excluded 0 ancestors for proposal in round 254
[2m2025-03-25T07:56:04.657203Z[0m [32m INFO[0m [1mnode[0m[1m{[0m[3mname[0m[2m=[0mk#addeef94..[1m}[0m[2m:[0m [2mconsensus_core::core[0m[2m:[0m [2mconsensus/core/src/core.rs[0m[2m:[0m[2m531:[0m Created block B254(C,Y1zQZIzadAWPxHAhorrlnlLE1gHB2FpzcgOEWr9r8Y4=)(1742889364656ms;[B253(C,uMyayH8/yZRuQpX2QWGnAWoTnqKcZDiNajXHxRDXv3A=), B253(A,DpL7YzIaKurKpf7wCZxrWU7obao5reJR+3X8OVRflx0=), B253(B,RX7GNEk8bJYEgm7i2Qlm1CHp23oD6LApy0Q4FufIVK8=)];1t;1c) for round 254
[2m2025-03-25T07:56:04.659187Z[0m [32m INFO[0m [1mnode[0m[1m{[0m[3mname[0m[2m=[0mk#99f25ef6..[1m}[0m[2m:[0m [2mconsensus_core::core[0m[2m:[0m [2mconsensus/core/src/core.rs[0m[2m:[0m[2m945:[0m Included 3 ancestors & excluded 0 ancestors for proposal in round 254
[2m2025-03-25T07:56:04.659470Z[0m [32m INFO[0m [1mnode[0m[1m{[0m[3mname[0m[2m=[0mk#99f25ef6..[1m}[0m[2m:[0m [2mconsensus_core::core[0m[2m:[0m [2mconsensus/core/src/core.rs[0m[2m:[0m[2m531:[0m Created block B254(B,kHHA+/h3UCBJ/h1QZdiiswmGXy8Zn3HZ3AT/JbPWnz8=)(1742889364659ms;[B253(B,RX7GNEk8bJYEgm7i2Qlm1CHp23oD6LApy0Q4FufIVK8=), B253(A,DpL7YzIaKurKpf7wCZxrWU7obao5reJR+3X8OVRflx0=), B253(C,uMyayH8/yZRuQpX2QWGnAWoTnqKcZDiNajXHxRDXv3A=)];1t;1c) for round 254
[2m2025-03-25T07:56:04.659539Z[0m [32m INFO[0m [1mnode[0m[1m{[0m[3mname[0m[2m=[0mk#99f25ef6..[1m}[0m[2m:[0m [2mconsensus_core::core[0m[2m:[0m [2mconsensus/core/src/core.rs[0m[2m:[0m[2m630:[0m Committing 1 leaders: B252(A,IcLR)
[2m2025-03-25T07:56:04.659624Z[0m [32m INFO[0m [1mnode[0m[1m{[0m[3mname[0m[2m=[0mk#99f25ef6..[1m}[0m[2m:[0m [2mconsensus_core::commit_observer[0m[2m:[0m [2mconsensus/core/src/commit_observer.rs[0m[2m:[0m[2m173:[0m Consensus commit C242(PIY9) with leader B252(A,IcLR) has 3 blocks
[2m2025-03-25T07:56:04.659711Z[0m [32m INFO[0m [1mnode[0m[1m{[0m[3mname[0m[2m=[0mk#99f25ef6..[1m}[0m[2m:[0m [2msui_core::consensus_handler[0m[2m:[0m [2mcrates/sui-core/src/consensus_handler.rs[0m[2m:[0m[2m232:[0m Received consensus output [3mconsensus_commit[0m[2m=[0mCommittedSubDag(leader=B252(A,IcLR), ref=C242(PIY9), blocks=[k0ic, IjDc, IcLR]) [3mepoch[0m[2m=[0m1
[2m2025-03-25T07:56:04.660305Z[0m [32m INFO[0m [1mnode[0m[1m{[0m[3mname[0m[2m=[0mk#8dcff6d1..[1m}[0m[2m:[0m [2mconsensus_core::core[0m[2m:[0m [2mconsensus/core/src/core.rs[0m[2m:[0m[2m945:[0m Included 3 ancestors & excluded 0 ancestors for proposal in round 254
[2m2025-03-25T07:56:04.660595Z[0m [32m INFO[0m [1mnode[0m[1m{[0m[3mname[0m[2m=[0mk#8dcff6d1..[1m}[0m[2m:[0m [2mconsensus_core::core[0m[2m:[0m [2mconsensus/core/src/core.rs[0m[2m:[0m[2m531:[0m Created block B254(A,H+4/6aRMS3skfH4HAF7F66f6pJflwA20KO5k0ch4wtI=)(1742889364660ms;[B253(A,DpL7YzIaKurKpf7wCZxrWU7obao5reJR+3X8OVRflx0=), B253(B,RX7GNEk8bJYEgm7i2Qlm1CHp23oD6LApy0Q4FufIVK8=), B253(C,uMyayH8/yZRuQpX2QWGnAWoTnqKcZDiNajXHxRDXv3A=)];1t;1c) for round 254
[2m2025-03-25T07:56:04.660661Z[0m [32m INFO[0m [1mnode[0m[1m{[0m[3mname[0m[2m=[0mk#8dcff6d1..[1m}[0m[2m:[0m [2mconsensus_core::core[0m[2m:[0m [2mconsensus/core/src/core.rs[0m[2m:[0m[2m630:[0m Committing 1 leaders: B252(A,IcLR)
[2m2025-03-25T07:56:04.660726Z[0m [32m INFO[0m [1mnode[0m[1m{[0m[3mname[0m[2m=[0mk#8dcff6d1..[1m}[0m[2m:[0m [2mconsensus_core::commit_observer[0m[2m:[0m [2mconsensus/core/src/commit_observer.rs[0m[2m:[0m[2m173:[0m Consensus commit C242(PIY9) with leader B252(A,IcLR) has 3 blocks
[2m2025-03-25T07:56:04.660809Z[0m [32m INFO[0m [1mnode[0m[1m{[0m[3mname[0m[2m=[0mk#8dcff6d1..[1m}[0m[2m:[0m [2msui_core::consensus_handler[0m[2m:[0m [2mcrates/sui-core/src/consensus_handler.rs[0m[2m:[0m[2m232:[0m Received consensus output [3mconsensus_commit[0m[2m=[0mCommittedSubDag(leader=B252(A,IcLR), ref=C242(PIY9), blocks=[k0ic, IjDc, IcLR]) [3mepoch[0m[2m=[0m1
[2m2025-03-25T07:56:04.662099Z[0m [32m INFO[0m [1mnode[0m[1m{[0m[3mname[0m[2m=[0mk#addeef94..[1m}[0m[2m:[0m [2mconsensus_core::core[0m[2m:[0m [2mconsensus/core/src/core.rs[0m[2m:[0m[2m630:[0m Committing 1 leaders: B252(A,IcLR)
[2m2025-03-25T07:56:04.662184Z[0m [32m INFO[0m [1mnode[0m[1m{[0m[3mname[0m[2m=[0mk#addeef94..[1m}[0m[2m:[0m [2mconsensus_core::commit_observer[0m[2m:[0m [2mconsensus/core/src/commit_observer.rs[0m[2m:[0m[2m173:[0m Consensus commit C242(PIY9) with leader B252(A,IcLR) has 3 blocks
[2m2025-03-25T07:56:04.662256Z[0m [32m INFO[0m [1mnode[0m[1m{[0m[3mname[0m[2m=[0mk#addeef94..[1m}[0m[2m:[0m [2msui_core::consensus_handler[0m[2m:[0m [2mcrates/sui-core/src/consensus_handler.rs[0m[2m:[0m[2m232:[0m Received consensus output [3mconsensus_commit[0m[2m=[0mCommittedSubDag(leader=B252(A,IcLR), ref=C242(PIY9), blocks=[k0ic, IjDc, IcLR]) [3mepoch[0m[2m=[0m1
[2m2025-03-25T07:56:04.710405Z[0m [32m INFO[0m [1mnode[0m[1m{[0m[3mname[0m[2m=[0mk#99f25ef6..[1m}[0m[2m:[0m [2msui_core::checkpoints[0m[2m:[0m [2mcrates/sui-core/src/checkpoints/mod.rs[0m[2m:[0m[2m1326:[0m Creating checkpoint(s) for 1 transactions [3mnext_checkpoint_seq[0m[2m=[0m455 [3mcheckpoint_timestamp[0m[2m=[0m1742889364148
[2m2025-03-25T07:56:04.710405Z[0m [32m INFO[0m [1mnode[0m[1m{[0m[3mname[0m[2m=[0mk#addeef94..[1m}[0m[2m:[0m [2msui_core::checkpoints[0m[2m:[0m [2mcrates/sui-core/src/checkpoints/mod.rs[0m[2m:[0m[2m1326:[0m Creating checkpoint(s) for 1 transactions [3mnext_checkpoint_seq[0m[2m=[0m455 [3mcheckpoint_timestamp[0m[2m=[0m1742889364148
[2m2025-03-25T07:56:04.710405Z[0m [32m INFO[0m [1mnode[0m[1m{[0m[3mname[0m[2m=[0mk#8dcff6d1..[1m}[0m[2m:[0m [2msui_core::checkpoints[0m[2m:[0m [2mcrates/sui-core/src/checkpoints/mod.rs[0m[2m:[0m[2m1326:[0m Creating checkpoint(s) for 1 transactions [3mnext_checkpoint_seq[0m[2m=[0m455 [3mcheckpoint_timestamp[0m[2m=[0m1742889364148
[2m2025-03-25T07:56:04.710648Z[0m [32m INFO[0m [1mnode[0m[1m{[0m[3mname[0m[2m=[0mk#99f25ef6..[1m}[0m[2m:[0m [2msui_core::checkpoints::checkpoint_output[0m[2m:[0m [2mcrates/sui-core/src/checkpoints/checkpoint_output.rs[0m[2m:[0m[2m149:[0m Creating checkpoint CheckpointDigest(CvhmVZRiGaYEMerYvYSyZz2ZBiF9Y61QiEtTcdrtk8om) at epoch 1, sequence 455, previous digest Some(CheckpointDigest(EynAshBHDuNUpaZkVpxBUpWd3mfitDygQrvQ7ByyVcdC)), transactions count 1, content digest CheckpointContentsDigest(HpqN7CV7vGNczwTp3uGrU632a6EE9yv5fe4sZWZuXkp6), end_of_epoch_data None
[2m2025-03-25T07:56:04.710648Z[0m [32m INFO[0m [1mnode[0m[1m{[0m[3mname[0m[2m=[0mk#8dcff6d1..[1m}[0m[2m:[0m [2msui_core::checkpoints::checkpoint_output[0m[2m:[0m [2mcrates/sui-core/src/checkpoints/checkpoint_output.rs[0m[2m:[0m[2m149:[0m Creating checkpoint CheckpointDigest(CvhmVZRiGaYEMerYvYSyZz2ZBiF9Y61QiEtTcdrtk8om) at epoch 1, sequence 455, previous digest Some(CheckpointDigest(EynAshBHDuNUpaZkVpxBUpWd3mfitDygQrvQ7ByyVcdC)), transactions count 1, content digest CheckpointContentsDigest(HpqN7CV7vGNczwTp3uGrU632a6EE9yv5fe4sZWZuXkp6), end_of_epoch_data None
[2m2025-03-25T07:56:04.710648Z[0m [32m INFO[0m [1mnode[0m[1m{[0m[3mname[0m[2m=[0mk#addeef94..[1m}[0m[2m:[0m [2msui_core::checkpoints::checkpoint_output[0m[2m:[0m [2mcrates/sui-core/src/checkpoints/checkpoint_output.rs[0m[2m:[0m[2m149:[0m Creating checkpoint CheckpointDigest(CvhmVZRiGaYEMerYvYSyZz2ZBiF9Y61QiEtTcdrtk8om) at epoch 1, sequence 455, previous digest Some(CheckpointDigest(EynAshBHDuNUpaZkVpxBUpWd3mfitDygQrvQ7ByyVcdC)), transactions count 1, content digest CheckpointContentsDigest(HpqN7CV7vGNczwTp3uGrU632a6EE9yv5fe4sZWZuXkp6), end_of_epoch_data None
[2m2025-03-25T07:56:04.713954Z[0m [32m INFO[0m [1mnode[0m[1m{[0m[3mname[0m[2m=[0mk#99f25ef6..[1m}[0m[2m:[0m [2msui_core::checkpoints::checkpoint_output[0m[2m:[0m [2mcrates/sui-core/src/checkpoints/checkpoint_output.rs[0m[2m:[0m[2m196:[0m Certified checkpoint with sequence 454 and digest EynAshBHDuNUpaZkVpxBUpWd3mfitDygQrvQ7ByyVcdC
[2m2025-03-25T07:56:04.713959Z[0m [32m INFO[0m [1mnode[0m[1m{[0m[3mname[0m[2m=[0mk#8dcff6d1..[1m}[0m[2m:[0m [2msui_core::checkpoints::checkpoint_output[0m[2m:[0m [2mcrates/sui-core/src/checkpoints/checkpoint_output.rs[0m[2m:[0m[2m196:[0m Certified checkpoint with sequence 454 and digest EynAshBHDuNUpaZkVpxBUpWd3mfitDygQrvQ7ByyVcdC
[2m2025-03-25T07:56:04.717007Z[0m [32m INFO[0m [1mnode[0m[1m{[0m[3mname[0m[2m=[0mk#8dcff6d1..[1m}[0m[2m:[0m [2msui_core::checkpoints::checkpoint_executor[0m[2m:[0m [2mcrates/sui-core/src/checkpoints/checkpoint_executor/mod.rs[0m[2m:[0m[2m332:[0m Received checkpoint summary from state sync [3msequence_number[0m[2m=[0m454
[2m2025-03-25T07:56:04.719156Z[0m [32m INFO[0m [1mnode[0m[1m{[0m[3mname[0m[2m=[0mk#99f25ef6..[1m}[0m[2m:[0m [2msui_core::checkpoints::checkpoint_executor[0m[2m:[0m [2mcrates/sui-core/src/checkpoints/checkpoint_executor/mod.rs[0m[2m:[0m[2m332:[0m Received checkpoint summary from state sync [3msequence_number[0m[2m=[0m454
[2m2025-03-25T07:56:04.734650Z[0m [32m INFO[0m [1mnode[0m[1m{[0m[3mname[0m[2m=[0mk#99f25ef6..[1m}[0m[2m:[0m [2msui_core::state_accumulator[0m[2m:[0m [2mcrates/sui-core/src/state_accumulator.rs[0m[2m:[0m[2m675:[0m accumulating running root for checkpoint 454
[2m2025-03-25T07:56:04.734651Z[0m [32m INFO[0m [1mnode[0m[1m{[0m[3mname[0m[2m=[0mk#8dcff6d1..[1m}[0m[2m:[0m [2msui_core::state_accumulator[0m[2m:[0m [2mcrates/sui-core/src/state_accumulator.rs[0m[2m:[0m[2m675:[0m accumulating running root for checkpoint 454
[2m2025-03-25T07:56:04.779070Z[0m [32m INFO[0m [1mnode[0m[1m{[0m[3mname[0m[2m=[0mk#addeef94..[1m}[0m[2m:[0m [2msui_core::checkpoints::checkpoint_executor[0m[2m:[0m [2mcrates/sui-core/src/checkpoints/checkpoint_executor/mod.rs[0m[2m:[0m[2m332:[0m Received checkpoint summary from state sync [3msequence_number[0m[2m=[0m454
[2m2025-03-25T07:56:04.780383Z[0m [32m INFO[0m [1mnode[0m[1m{[0m[3mname[0m[2m=[0mk#addeef94..[1m}[0m[2m:[0m [2msui_core::state_accumulator[0m[2m:[0m [2mcrates/sui-core/src/state_accumulator.rs[0m[2m:[0m[2m675:[0m accumulating running root for checkpoint 454
[2m2025-03-25T07:56:04.912763Z[0m [32m INFO[0m [1mnode[0m[1m{[0m[3mname[0m[2m=[0mk#99f25ef6..[1m}[0m[2m:[0m [2mconsensus_core::core[0m[2m:[0m [2mconsensus/core/src/core.rs[0m[2m:[0m[2m945:[0m Included 3 ancestors & excluded 0 ancestors for proposal in round 255
[2m2025-03-25T07:56:04.912814Z[0m [32m INFO[0m [1mnode[0m[1m{[0m[3mname[0m[2m=[0mk#addeef94..[1m}[0m[2m:[0m [2mconsensus_core::core[0m[2m:[0m [2mconsensus/core/src/core.rs[0m[2m:[0m[2m945:[0m Included 3 ancestors & excluded 0 ancestors for proposal in round 255
[2m2025-03-25T07:56:04.913144Z[0m [32m INFO[0m [1mnode[0m[1m{[0m[3mname[0m[2m=[0mk#99f25ef6..[1m}[0m[2m:[0m [2mconsensus_core::core[0m[2m:[0m [2mconsensus/core/src/core.rs[0m[2m:[0m[2m531:[0m Created block B255(B,ElMHmhA+AgQf0al4P1ULTRzjrx7nfIMbrHBwAdw75u4=)(1742889364912ms;[B254(B,kHHA+/h3UCBJ/h1QZdiiswmGXy8Zn3HZ3AT/JbPWnz8=), B254(A,H+4/6aRMS3skfH4HAF7F66f6pJflwA20KO5k0ch4wtI=), B254(C,Y1zQZIzadAWPxHAhorrlnlLE1gHB2FpzcgOEWr9r8Y4=)];1t;1c) for round 255
[2m2025-03-25T07:56:04.913144Z[0m [32m INFO[0m [1mnode[0m[1m{[0m[3mname[0m[2m=[0mk#addeef94..[1m}[0m[2m:[0m [2mconsensus_core::core[0m[2m:[0m [2mconsensus/core/src/core.rs[0m[2m:[0m[2m531:[0m Created block B255(C,CsLXKuXt0SWd1+zUZxnXhlO+io6r+FLO2WioYRQv6G4=)(1742889364912ms;[B254(C,Y1zQZIzadAWPxHAhorrlnlLE1gHB2FpzcgOEWr9r8Y4=), B254(A,H+4/6aRMS3skfH4HAF7F66f6pJflwA20KO5k0ch4wtI=), B254(B,kHHA+/h3UCBJ/h1QZdiiswmGXy8Zn3HZ3AT/JbPWnz8=)];1t;1c) for round 255
[2m2025-03-25T07:56:04.915048Z[0m [32m INFO[0m [1mnode[0m[1m{[0m[3mname[0m[2m=[0mk#99f25ef6..[1m}[0m[2m:[0m [2mconsensus_core::core[0m[2m:[0m [2mconsensus/core/src/core.rs[0m[2m:[0m[2m630:[0m Committing 1 leaders: B253(B,RX7G)
[2m2025-03-25T07:56:04.915088Z[0m [32m INFO[0m [1mnode[0m[1m{[0m[3mname[0m[2m=[0mk#addeef94..[1m}[0m[2m:[0m [2mconsensus_core::core[0m[2m:[0m [2mconsensus/core/src/core.rs[0m[2m:[0m[2m630:[0m Committing 1 leaders: B253(B,RX7G)
[2m2025-03-25T07:56:04.915145Z[0m [32m INFO[0m [1mnode[0m[1m{[0m[3mname[0m[2m=[0mk#99f25ef6..[1m}[0m[2m:[0m [2mconsensus_core::commit_observer[0m[2m:[0m [2mconsensus/core/src/commit_observer.rs[0m[2m:[0m[2m173:[0m Consensus commit C243(F7Sx) with leader B253(B,RX7G) has 3 blocks
[2m2025-03-25T07:56:04.915172Z[0m [32m INFO[0m [1mnode[0m[1m{[0m[3mname[0m[2m=[0mk#addeef94..[1m}[0m[2m:[0m [2mconsensus_core::commit_observer[0m[2m:[0m [2mconsensus/core/src/commit_observer.rs[0m[2m:[0m[2m173:[0m Consensus commit C243(F7Sx) with leader B253(B,RX7G) has 3 blocks
[2m2025-03-25T07:56:04.915232Z[0m [32m INFO[0m [1mnode[0m[1m{[0m[3mname[0m[2m=[0mk#99f25ef6..[1m}[0m[2m:[0m [2msui_core::consensus_handler[0m[2m:[0m [2mcrates/sui-core/src/consensus_handler.rs[0m[2m:[0m[2m232:[0m Received consensus output [3mconsensus_commit[0m[2m=[0mCommittedSubDag(leader=B253(B,RX7G), ref=C243(F7Sx), blocks=[+ekw, 05km, RX7G]) [3mepoch[0m[2m=[0m1
[2m2025-03-25T07:56:04.915243Z[0m [32m INFO[0m [1mnode[0m[1m{[0m[3mname[0m[2m=[0mk#addeef94..[1m}[0m[2m:[0m [2msui_core::consensus_handler[0m[2m:[0m [2mcrates/sui-core/src/consensus_handler.rs[0m[2m:[0m[2m232:[0m Received consensus output [3mconsensus_commit[0m[2m=[0mCommittedSubDag(leader=B253(B,RX7G), ref=C243(F7Sx), blocks=[+ekw, 05km, RX7G]) [3mepoch[0m[2m=[0m1
[2m2025-03-25T07:56:04.916017Z[0m [32m INFO[0m [1mnode[0m[1m{[0m[3mname[0m[2m=[0mk#8dcff6d1..[1m}[0m[2m:[0m [2mconsensus_core::core[0m[2m:[0m [2mconsensus/core/src/core.rs[0m[2m:[0m[2m945:[0m Included 3 ancestors & excluded 0 ancestors for proposal in round 255
[2m2025-03-25T07:56:04.916316Z[0m [32m INFO[0m [1mnode[0m[1m{[0m[3mname[0m[2m=[0mk#8dcff6d1..[1m}[0m[2m:[0m [2mconsensus_core::core[0m[2m:[0m [2mconsensus/core/src/core.rs[0m[2m:[0m[2m531:[0m Created block B255(A,cc1IquKb4lyGCW53KSIfkCXYOJ4MtwBAitdMEEEsBKg=)(1742889364916ms;[B254(A,H+4/6aRMS3skfH4HAF7F66f6pJflwA20KO5k0ch4wtI=), B254(B,kHHA+/h3UCBJ/h1QZdiiswmGXy8Zn3HZ3AT/JbPWnz8=), B254(C,Y1zQZIzadAWPxHAhorrlnlLE1gHB2FpzcgOEWr9r8Y4=)];1t;1c) for round 255
[2m2025-03-25T07:56:04.916523Z[0m [32m INFO[0m [1mnode[0m[1m{[0m[3mname[0m[2m=[0mk#8dcff6d1..[1m}[0m[2m:[0m [2mconsensus_core::core[0m[2m:[0m [2mconsensus/core/src/core.rs[0m[2m:[0m[2m630:[0m Committing 1 leaders: B253(B,RX7G)
[2m2025-03-25T07:56:04.916620Z[0m [32m INFO[0m [1mnode[0m[1m{[0m[3mname[0m[2m=[0mk#8dcff6d1..[1m}[0m[2m:[0m [2mconsensus_core::commit_observer[0m[2m:[0m [2mconsensus/core/src/commit_observer.rs[0m[2m:[0m[2m173:[0m Consensus commit C243(F7Sx) with leader B253(B,RX7G) has 3 blocks
[2m2025-03-25T07:56:04.917793Z[0m [32m INFO[0m [1mnode[0m[1m{[0m[3mname[0m[2m=[0mk#8dcff6d1..[1m}[0m[2m:[0m [2msui_core::checkpoints::checkpoint_output[0m[2m:[0m [2mcrates/sui-core/src/checkpoints/checkpoint_output.rs[0m[2m:[0m[2m196:[0m Certified checkpoint with sequence 455 and digest CvhmVZRiGaYEMerYvYSyZz2ZBiF9Y61QiEtTcdrtk8om
[2m2025-03-25T07:56:04.917932Z[0m [32m INFO[0m [1mnode[0m[1m{[0m[3mname[0m[2m=[0mk#8dcff6d1..[1m}[0m[2m:[0m [2msui_core::consensus_handler[0m[2m:[0m [2mcrates/sui-core/src/consensus_handler.rs[0m[2m:[0m[2m232:[0m Received consensus output [3mconsensus_commit[0m[2m=[0mCommittedSubDag(leader=B253(B,RX7G), ref=C243(F7Sx), blocks=[+ekw, 05km, RX7G]) [3mepoch[0m[2m=[0m1
[2m2025-03-25T07:56:04.919347Z[0m [32m INFO[0m [1mnode[0m[1m{[0m[3mname[0m[2m=[0mk#8dcff6d1..[1m}[0m[2m:[0m [2msui_core::checkpoints::checkpoint_executor[0m[2m:[0m [2mcrates/sui-core/src/checkpoints/checkpoint_executor/mod.rs[0m[2m:[0m[2m332:[0m Received checkpoint summary from state sync [3msequence_number[0m[2m=[0m455
[2m2025-03-25T07:56:04.920309Z[0m [32m INFO[0m [2msui_bridge::sui_bridge_watchdog[0m[2m:[0m [2mcrates/sui-bridge/src/sui_bridge_watchdog/mod.rs[0m[2m:[0m[2m47:[0m Running observable SuiBridgeStatus
[2m2025-03-25T07:56:04.920309Z[0m [32m INFO[0m [2msui_bridge::sui_bridge_watchdog[0m[2m:[0m [2mcrates/sui-bridge/src/sui_bridge_watchdog/mod.rs[0m[2m:[0m[2m47:[0m Running observable EthBridgeStatus
[2m2025-03-25T07:56:04.920322Z[0m [32m INFO[0m [2msui_bridge::sui_bridge_watchdog[0m[2m:[0m [2mcrates/sui-bridge/src/sui_bridge_watchdog/mod.rs[0m[2m:[0m[2m47:[0m Running observable EthereumVaultBalance
[2m2025-03-25T07:56:04.920346Z[0m [32m INFO[0m [2msui_bridge::sui_bridge_watchdog[0m[2m:[0m [2mcrates/sui-bridge/src/sui_bridge_watchdog/mod.rs[0m[2m:[0m[2m47:[0m Running observable EthereumVaultBalance
[2m2025-03-25T07:56:04.920643Z[0m [32m INFO[0m [1mnode[0m[1m{[0m[3mname[0m[2m=[0mk#8dcff6d1..[1m}[0m[2m:[0m [2msui_core::state_accumulator[0m[2m:[0m [2mcrates/sui-core/src/state_accumulator.rs[0m[2m:[0m[2m675:[0m accumulating running root for checkpoint 455
[2m2025-03-25T07:56:04.921589Z[0m [32m INFO[0m [1mobservable[0m[1m{[0m[3mname[0m[2m=[0m"EthereumVaultBalance"[1m}[0m[2m:[0m [2msui_bridge::sui_bridge_watchdog::eth_vault_balance[0m[2m:[0m [2mcrates/sui-bridge/src/sui_bridge_watchdog/eth_vault_balance.rs[0m[2m:[0m[2m98:[0m WETH Vault Balance: 0
[2m2025-03-25T07:56:04.921589Z[0m [32m INFO[0m [1mobservable[0m[1m{[0m[3mname[0m[2m=[0m"EthereumVaultBalance"[1m}[0m[2m:[0m [2msui_bridge::sui_bridge_watchdog::eth_vault_balance[0m[2m:[0m [2mcrates/sui-bridge/src/sui_bridge_watchdog/eth_vault_balance.rs[0m[2m:[0m[2m98:[0m USDT Vault Balance: 10000000000
[2m2025-03-25T07:56:04.921583Z[0m [32m INFO[0m [1mobservable[0m[1m{[0m[3mname[0m[2m=[0m"EthBridgeStatus"[1m}[0m[2m:[0m [2msui_bridge::sui_bridge_watchdog::eth_bridge_status[0m[2m:[0m [2mcrates/sui-bridge/src/sui_bridge_watchdog/eth_bridge_status.rs[0m[2m:[0m[2m47:[0m Eth Bridge Status: false
[2m2025-03-25T07:56:04.942184Z[0m [32m INFO[0m [1mnode[0m[1m{[0m[3mname[0m[2m=[0mk#addeef94..[1m}[0m[2m:[0m [2msui_core::checkpoints[0m[2m:[0m [2mcrates/sui-core/src/checkpoints/mod.rs[0m[2m:[0m[2m1326:[0m Creating checkpoint(s) for 2 transactions [3mnext_checkpoint_seq[0m[2m=[0m456 [3mcheckpoint_timestamp[0m[2m=[0m1742889364400
[2m2025-03-25T07:56:04.942184Z[0m [32m INFO[0m [1mnode[0m[1m{[0m[3mname[0m[2m=[0mk#99f25ef6..[1m}[0m[2m:[0m [2msui_core::checkpoints[0m[2m:[0m [2mcrates/sui-core/src/checkpoints/mod.rs[0m[2m:[0m[2m1326:[0m Creating checkpoint(s) for 2 transactions [3mnext_checkpoint_seq[0m[2m=[0m456 [3mcheckpoint_timestamp[0m[2m=[0m1742889364400
[2m2025-03-25T07:56:04.942498Z[0m [32m INFO[0m [1mnode[0m[1m{[0m[3mname[0m[2m=[0mk#addeef94..[1m}[0m[2m:[0m [2msui_core::checkpoints::checkpoint_output[0m[2m:[0m [2mcrates/sui-core/src/checkpoints/checkpoint_output.rs[0m[2m:[0m[2m149:[0m Creating checkpoint CheckpointDigest(ELLPa7DasHenpZFLy7udq8nRMxT7c1LZoMUqsk3vDr7x) at epoch 1, sequence 456, previous digest Some(CheckpointDigest(CvhmVZRiGaYEMerYvYSyZz2ZBiF9Y61QiEtTcdrtk8om)), transactions count 2, content digest CheckpointContentsDigest(3oZSTRYYX8AQmEZHFTXrR8ALtk1LTLy78qKVrb3PCDRW), end_of_epoch_data None
[2m2025-03-25T07:56:04.942499Z[0m [32m INFO[0m [1mnode[0m[1m{[0m[3mname[0m[2m=[0mk#99f25ef6..[1m}[0m[2m:[0m [2msui_core::checkpoints::checkpoint_output[0m[2m:[0m [2mcrates/sui-core/src/checkpoints/checkpoint_output.rs[0m[2m:[0m[2m149:[0m Creating checkpoint CheckpointDigest(ELLPa7DasHenpZFLy7udq8nRMxT7c1LZoMUqsk3vDr7x) at epoch 1, sequence 456, previous digest Some(CheckpointDigest(CvhmVZRiGaYEMerYvYSyZz2ZBiF9Y61QiEtTcdrtk8om)), transactions count 2, content digest CheckpointContentsDigest(3oZSTRYYX8AQmEZHFTXrR8ALtk1LTLy78qKVrb3PCDRW), end_of_epoch_data None
[2m2025-03-25T07:56:04.943742Z[0m [32m INFO[0m [2msui_bridge::sui_bridge_watchdog[0m[2m:[0m [2mcrates/sui-bridge/src/sui_bridge_watchdog/mod.rs[0m[2m:[0m[2m47:[0m Running observable SuiBridgeStatus
[2m2025-03-25T07:56:04.943748Z[0m [32m INFO[0m [2msui_bridge::sui_bridge_watchdog[0m[2m:[0m [2mcrates/sui-bridge/src/sui_bridge_watchdog/mod.rs[0m[2m:[0m[2m47:[0m Running observable EthereumVaultBalance
[2m2025-03-25T07:56:04.943762Z[0m [32m INFO[0m [2msui_bridge::sui_bridge_watchdog[0m[2m:[0m [2mcrates/sui-bridge/src/sui_bridge_watchdog/mod.rs[0m[2m:[0m[2m47:[0m Running observable EthereumVaultBalance
[2m2025-03-25T07:56:04.943793Z[0m [32m INFO[0m [2msui_bridge::sui_bridge_watchdog[0m[2m:[0m [2mcrates/sui-bridge/src/sui_bridge_watchdog/mod.rs[0m[2m:[0m[2m47:[0m Running observable EthBridgeStatus
[2m2025-03-25T07:56:04.944719Z[0m [32m INFO[0m [1mobservable[0m[1m{[0m[3mname[0m[2m=[0m"EthBridgeStatus"[1m}[0m[2m:[0m [2msui_bridge::sui_bridge_watchdog::eth_bridge_status[0m[2m:[0m [2mcrates/sui-bridge/src/sui_bridge_watchdog/eth_bridge_status.rs[0m[2m:[0m[2m47:[0m Eth Bridge Status: false
[2m2025-03-25T07:56:04.944726Z[0m [32m INFO[0m [1mobservable[0m[1m{[0m[3mname[0m[2m=[0m"EthereumVaultBalance"[1m}[0m[2m:[0m [2msui_bridge::sui_bridge_watchdog::eth_vault_balance[0m[2m:[0m [2mcrates/sui-bridge/src/sui_bridge_watchdog/eth_vault_balance.rs[0m[2m:[0m[2m98:[0m USDT Vault Balance: 10000000000
[2m2025-03-25T07:56:04.944726Z[0m [32m INFO[0m [1mobservable[0m[1m{[0m[3mname[0m[2m=[0m"EthereumVaultBalance"[1m}[0m[2m:[0m [2msui_bridge::sui_bridge_watchdog::eth_vault_balance[0m[2m:[0m [2mcrates/sui-bridge/src/sui_bridge_watchdog/eth_vault_balance.rs[0m[2m:[0m[2m98:[0m WETH Vault Balance: 0
[2m2025-03-25T07:56:04.945704Z[0m [32m INFO[0m [1mnode[0m[1m{[0m[3mname[0m[2m=[0mk#99f25ef6..[1m}[0m[2m:[0m [2msui_core::checkpoints::checkpoint_output[0m[2m:[0m [2mcrates/sui-core/src/checkpoints/checkpoint_output.rs[0m[2m:[0m[2m196:[0m Certified checkpoint with sequence 455 and digest CvhmVZRiGaYEMerYvYSyZz2ZBiF9Y61QiEtTcdrtk8om
[2m2025-03-25T07:56:04.946271Z[0m [32m INFO[0m [1mnode[0m[1m{[0m[3mname[0m[2m=[0mk#8dcff6d1..[1m}[0m[2m:[0m [2msui_core::checkpoints[0m[2m:[0m [2mcrates/sui-core/src/checkpoints/mod.rs[0m[2m:[0m[2m1326:[0m Creating checkpoint(s) for 2 transactions [3mnext_checkpoint_seq[0m[2m=[0m456 [3mcheckpoint_timestamp[0m[2m=[0m1742889364400
[2m2025-03-25T07:56:04.946325Z[0m [32m INFO[0m [1mnode[0m[1m{[0m[3mname[0m[2m=[0mk#99f25ef6..[1m}[0m[2m:[0m [2msui_core::checkpoints::checkpoint_executor[0m[2m:[0m [2mcrates/sui-core/src/checkpoints/checkpoint_executor/mod.rs[0m[2m:[0m[2m332:[0m Received checkpoint summary from state sync [3msequence_number[0m[2m=[0m455
[2m2025-03-25T07:56:04.946510Z[0m [32m INFO[0m [1mnode[0m[1m{[0m[3mname[0m[2m=[0mk#addeef94..[1m}[0m[2m:[0m [2msui_core::checkpoints::checkpoint_executor[0m[2m:[0m [2mcrates/sui-core/src/checkpoints/checkpoint_executor/mod.rs[0m[2m:[0m[2m332:[0m Received checkpoint summary from state sync [3msequence_number[0m[2m=[0m455
[2m2025-03-25T07:56:04.946528Z[0m [32m INFO[0m [1mnode[0m[1m{[0m[3mname[0m[2m=[0mk#8dcff6d1..[1m}[0m[2m:[0m [2msui_core::checkpoints::checkpoint_output[0m[2m:[0m [2mcrates/sui-core/src/checkpoints/checkpoint_output.rs[0m[2m:[0m[2m149:[0m Creating checkpoint CheckpointDigest(ELLPa7DasHenpZFLy7udq8nRMxT7c1LZoMUqsk3vDr7x) at epoch 1, sequence 456, previous digest Some(CheckpointDigest(CvhmVZRiGaYEMerYvYSyZz2ZBiF9Y61QiEtTcdrtk8om)), transactions count 2, content digest CheckpointContentsDigest(3oZSTRYYX8AQmEZHFTXrR8ALtk1LTLy78qKVrb3PCDRW), end_of_epoch_data None
[2m2025-03-25T07:56:04.947357Z[0m [32m INFO[0m [1mnode[0m[1m{[0m[3mname[0m[2m=[0mk#addeef94..[1m}[0m[2m:[0m [2msui_core::state_accumulator[0m[2m:[0m [2mcrates/sui-core/src/state_accumulator.rs[0m[2m:[0m[2m675:[0m accumulating running root for checkpoint 455
[2m2025-03-25T07:56:04.947356Z[0m [32m INFO[0m [1mnode[0m[1m{[0m[3mname[0m[2m=[0mk#99f25ef6..[1m}[0m[2m:[0m [2msui_core::state_accumulator[0m[2m:[0m [2mcrates/sui-core/src/state_accumulator.rs[0m[2m:[0m[2m675:[0m accumulating running root for checkpoint 455
[2m2025-03-25T07:56:05.167156Z[0m [32m INFO[0m [1mnode[0m[1m{[0m[3mname[0m[2m=[0mk#99f25ef6..[1m}[0m[2m:[0m [2mconsensus_core::core[0m[2m:[0m [2mconsensus/core/src/core.rs[0m[2m:[0m[2m945:[0m Included 3 ancestors & excluded 0 ancestors for proposal in round 256
[2m2025-03-25T07:56:05.167163Z[0m [32m INFO[0m [1mnode[0m[1m{[0m[3mname[0m[2m=[0mk#addeef94..[1m}[0m[2m:[0m [2mconsensus_core::core[0m[2m:[0m [2mconsensus/core/src/core.rs[0m[2m:[0m[2m945:[0m Included 3 ancestors & excluded 0 ancestors for proposal in round 256
[2m2025-03-25T07:56:05.167516Z[0m [32m INFO[0m [1mnode[0m[1m{[0m[3mname[0m[2m=[0mk#addeef94..[1m}[0m[2m:[0m [2mconsensus_core::core[0m[2m:[0m [2mconsensus/core/src/core.rs[0m[2m:[0m[2m531:[0m Created block B256(C,G13bqKQgDgc99J7AqItnCSj37vNVVwJ9payvxNTbMqU=)(1742889365167ms;[B255(C,CsLXKuXt0SWd1+zUZxnXhlO+io6r+FLO2WioYRQv6G4=), B255(A,cc1IquKb4lyGCW53KSIfkCXYOJ4MtwBAitdMEEEsBKg=), B255(B,ElMHmhA+AgQf0al4P1ULTRzjrx7nfIMbrHBwAdw75u4=)];1t;1c) for round 256
[2m2025-03-25T07:56:05.167516Z[0m [32m INFO[0m [1mnode[0m[1m{[0m[3mname[0m[2m=[0mk#99f25ef6..[1m}[0m[2m:[0m [2mconsensus_core::core[0m[2m:[0m [2mconsensus/core/src/core.rs[0m[2m:[0m[2m531:[0m Created block B256(B,BznUEyuQIFsq1MMsLbIFsTORTwSsO8khdsPHQU6DV/A=)(1742889365167ms;[B255(B,ElMHmhA+AgQf0al4P1ULTRzjrx7nfIMbrHBwAdw75u4=), B255(A,cc1IquKb4lyGCW53KSIfkCXYOJ4MtwBAitdMEEEsBKg=), B255(C,CsLXKuXt0SWd1+zUZxnXhlO+io6r+FLO2WioYRQv6G4=)];1t;1c) for round 256
[2m2025-03-25T07:56:05.169307Z[0m [32m INFO[0m [1mnode[0m[1m{[0m[3mname[0m[2m=[0mk#99f25ef6..[1m}[0m[2m:[0m [2mconsensus_core::core[0m[2m:[0m [2mconsensus/core/src/core.rs[0m[2m:[0m[2m630:[0m Committing 1 leaders: B254(A,H+4/)
[2m2025-03-25T07:56:05.169361Z[0m [32m INFO[0m [1mnode[0m[1m{[0m[3mname[0m[2m=[0mk#addeef94..[1m}[0m[2m:[0m [2mconsensus_core::core[0m[2m:[0m [2mconsensus/core/src/core.rs[0m[2m:[0m[2m630:[0m Committing 1 leaders: B254(A,H+4/)
[2m2025-03-25T07:56:05.169397Z[0m [32m INFO[0m [1mnode[0m[1m{[0m[3mname[0m[2m=[0mk#99f25ef6..[1m}[0m[2m:[0m [2mconsensus_core::commit_observer[0m[2m:[0m [2mconsensus/core/src/commit_observer.rs[0m[2m:[0m[2m173:[0m Consensus commit C244(5TiW) with leader B254(A,H+4/) has 3 blocks
[2m2025-03-25T07:56:05.169444Z[0m [32m INFO[0m [1mnode[0m[1m{[0m[3mname[0m[2m=[0mk#addeef94..[1m}[0m[2m:[0m [2mconsensus_core::commit_observer[0m[2m:[0m [2mconsensus/core/src/commit_observer.rs[0m[2m:[0m[2m173:[0m Consensus commit C244(5TiW) with leader B254(A,H+4/) has 3 blocks
[2m2025-03-25T07:56:05.169480Z[0m [32m INFO[0m [1mnode[0m[1m{[0m[3mname[0m[2m=[0mk#99f25ef6..[1m}[0m[2m:[0m [2msui_core::consensus_handler[0m[2m:[0m [2mcrates/sui-core/src/consensus_handler.rs[0m[2m:[0m[2m232:[0m Received consensus output [3mconsensus_commit[0m[2m=[0mCommittedSubDag(leader=B254(A,H+4/), ref=C244(5TiW), blocks=[DpL7, uMya, H+4/]) [3mepoch[0m[2m=[0m1
[2m2025-03-25T07:56:05.169518Z[0m [32m INFO[0m [1mnode[0m[1m{[0m[3mname[0m[2m=[0mk#addeef94..[1m}[0m[2m:[0m [2msui_core::consensus_handler[0m[2m:[0m [2mcrates/sui-core/src/consensus_handler.rs[0m[2m:[0m[2m232:[0m Received consensus output [3mconsensus_commit[0m[2m=[0mCommittedSubDag(leader=B254(A,H+4/), ref=C244(5TiW), blocks=[DpL7, uMya, H+4/]) [3mepoch[0m[2m=[0m1
[2m2025-03-25T07:56:05.171326Z[0m [32m INFO[0m [1mnode[0m[1m{[0m[3mname[0m[2m=[0mk#8dcff6d1..[1m}[0m[2m:[0m [2msui_core::checkpoints::checkpoint_output[0m[2m:[0m [2mcrates/sui-core/src/checkpoints/checkpoint_output.rs[0m[2m:[0m[2m196:[0m Certified checkpoint with sequence 456 and digest ELLPa7DasHenpZFLy7udq8nRMxT7c1LZoMUqsk3vDr7x
[2m2025-03-25T07:56:05.171571Z[0m [32m INFO[0m [1mnode[0m[1m{[0m[3mname[0m[2m=[0mk#8dcff6d1..[1m}[0m[2m:[0m [2mconsensus_core::core[0m[2m:[0m [2mconsensus/core/src/core.rs[0m[2m:[0m[2m630:[0m Committing 1 leaders: B254(A,H+4/)
[2m2025-03-25T07:56:05.171675Z[0m [32m INFO[0m [1mnode[0m[1m{[0m[3mname[0m[2m=[0mk#8dcff6d1..[1m}[0m[2m:[0m [2mconsensus_core::commit_observer[0m[2m:[0m [2mconsensus/core/src/commit_observer.rs[0m[2m:[0m[2m173:[0m Consensus commit C244(5TiW) with leader B254(A,H+4/) has 3 blocks
[2m2025-03-25T07:56:05.172123Z[0m [32m INFO[0m [1mnode[0m[1m{[0m[3mname[0m[2m=[0mk#8dcff6d1..[1m}[0m[2m:[0m [2msui_core::consensus_handler[0m[2m:[0m [2mcrates/sui-core/src/consensus_handler.rs[0m[2m:[0m[2m232:[0m Received consensus output [3mconsensus_commit[0m[2m=[0mCommittedSubDag(leader=B254(A,H+4/), ref=C244(5TiW), blocks=[DpL7, uMya, H+4/]) [3mepoch[0m[2m=[0m1
[2m2025-03-25T07:56:05.172689Z[0m [32m INFO[0m [1mnode[0m[1m{[0m[3mname[0m[2m=[0mk#8dcff6d1..[1m}[0m[2m:[0m [2msui_core::checkpoints::checkpoint_executor[0m[2m:[0m [2mcrates/sui-core/src/checkpoints/checkpoint_executor/mod.rs[0m[2m:[0m[2m332:[0m Received checkpoint summary from state sync [3msequence_number[0m[2m=[0m456
[2m2025-03-25T07:56:05.186370Z[0m [32m INFO[0m [1mnode[0m[1m{[0m[3mname[0m[2m=[0mk#8dcff6d1..[1m}[0m[2m:[0m [2msui_core::state_accumulator[0m[2m:[0m [2mcrates/sui-core/src/state_accumulator.rs[0m[2m:[0m[2m675:[0m accumulating running root for checkpoint 456
[2m2025-03-25T07:56:05.218168Z[0m [32m INFO[0m [1mnode[0m[1m{[0m[3mname[0m[2m=[0mk#addeef94..[1m}[0m[2m:[0m [2msui_core::checkpoints[0m[2m:[0m [2mcrates/sui-core/src/checkpoints/mod.rs[0m[2m:[0m[2m1326:[0m Creating checkpoint(s) for 1 transactions [3mnext_checkpoint_seq[0m[2m=[0m457 [3mcheckpoint_timestamp[0m[2m=[0m1742889364660
[2m2025-03-25T07:56:05.218168Z[0m [32m INFO[0m [1mnode[0m[1m{[0m[3mname[0m[2m=[0mk#99f25ef6..[1m}[0m[2m:[0m [2msui_core::checkpoints[0m[2m:[0m [2mcrates/sui-core/src/checkpoints/mod.rs[0m[2m:[0m[2m1326:[0m Creating checkpoint(s) for 1 transactions [3mnext_checkpoint_seq[0m[2m=[0m457 [3mcheckpoint_timestamp[0m[2m=[0m1742889364660
[2m2025-03-25T07:56:05.218413Z[0m [32m INFO[0m [1mnode[0m[1m{[0m[3mname[0m[2m=[0mk#addeef94..[1m}[0m[2m:[0m [2msui_core::checkpoints::checkpoint_output[0m[2m:[0m [2mcrates/sui-core/src/checkpoints/checkpoint_output.rs[0m[2m:[0m[2m149:[0m Creating checkpoint CheckpointDigest(BNX6iX13MfpaBFiTcbQ96HYn3LprG8mBpfQF1pQBqpeX) at epoch 1, sequence 457, previous digest Some(CheckpointDigest(ELLPa7DasHenpZFLy7udq8nRMxT7c1LZoMUqsk3vDr7x)), transactions count 1, content digest CheckpointContentsDigest(6GqqqG95nMzoQSfUweKBYkrFwZFEChUvJY2FrUPjsnYu), end_of_epoch_data None
[2m2025-03-25T07:56:05.218413Z[0m [32m INFO[0m [1mnode[0m[1m{[0m[3mname[0m[2m=[0mk#99f25ef6..[1m}[0m[2m:[0m [2msui_core::checkpoints::checkpoint_output[0m[2m:[0m [2mcrates/sui-core/src/checkpoints/checkpoint_output.rs[0m[2m:[0m[2m149:[0m Creating checkpoint CheckpointDigest(BNX6iX13MfpaBFiTcbQ96HYn3LprG8mBpfQF1pQBqpeX) at epoch 1, sequence 457, previous digest Some(CheckpointDigest(ELLPa7DasHenpZFLy7udq8nRMxT7c1LZoMUqsk3vDr7x)), transactions count 1, content digest CheckpointContentsDigest(6GqqqG95nMzoQSfUweKBYkrFwZFEChUvJY2FrUPjsnYu), end_of_epoch_data None
[2m2025-03-25T07:56:05.218575Z[0m [32m INFO[0m [1mnode[0m[1m{[0m[3mname[0m[2m=[0mk#8dcff6d1..[1m}[0m[2m:[0m [2msui_core::checkpoints[0m[2m:[0m [2mcrates/sui-core/src/checkpoints/mod.rs[0m[2m:[0m[2m1326:[0m Creating checkpoint(s) for 1 transactions [3mnext_checkpoint_seq[0m[2m=[0m457 [3mcheckpoint_timestamp[0m[2m=[0m1742889364660
[2m2025-03-25T07:56:05.218739Z[0m [32m INFO[0m [1mnode[0m[1m{[0m[3mname[0m[2m=[0mk#8dcff6d1..[1m}[0m[2m:[0m [2msui_core::checkpoints::checkpoint_output[0m[2m:[0m [2mcrates/sui-core/src/checkpoints/checkpoint_output.rs[0m[2m:[0m[2m149:[0m Creating checkpoint CheckpointDigest(BNX6iX13MfpaBFiTcbQ96HYn3LprG8mBpfQF1pQBqpeX) at epoch 1, sequence 457, previous digest Some(CheckpointDigest(ELLPa7DasHenpZFLy7udq8nRMxT7c1LZoMUqsk3vDr7x)), transactions count 1, content digest CheckpointContentsDigest(6GqqqG95nMzoQSfUweKBYkrFwZFEChUvJY2FrUPjsnYu), end_of_epoch_data None
[2m2025-03-25T07:56:05.284857Z[0m [32m INFO[0m [1mnode[0m[1m{[0m[3mname[0m[2m=[0mk#addeef94..[1m}[0m[2m:[0m [2msui_core::checkpoints::checkpoint_executor[0m[2m:[0m [2mcrates/sui-core/src/checkpoints/checkpoint_executor/mod.rs[0m[2m:[0m[2m332:[0m Received checkpoint summary from state sync [3msequence_number[0m[2m=[0m456
[2m2025-03-25T07:56:05.286284Z[0m [32m INFO[0m [1mnode[0m[1m{[0m[3mname[0m[2m=[0mk#addeef94..[1m}[0m[2m:[0m [2msui_core::state_accumulator[0m[2m:[0m [2mcrates/sui-core/src/state_accumulator.rs[0m[2m:[0m[2m675:[0m accumulating running root for checkpoint 456
[2m2025-03-25T07:56:05.290627Z[0m [32m INFO[0m [1mnode[0m[1m{[0m[3mname[0m[2m=[0mk#99f25ef6..[1m}[0m[2m:[0m [2msui_core::checkpoints::checkpoint_executor[0m[2m:[0m [2mcrates/sui-core/src/checkpoints/checkpoint_executor/mod.rs[0m[2m:[0m[2m332:[0m Received checkpoint summary from state sync [3msequence_number[0m[2m=[0m338
[2m2025-03-25T07:56:05.290729Z[0m [32m INFO[0m [1mnode[0m[1m{[0m[3mname[0m[2m=[0mk#99f25ef6..[1m}[0m[2m:[0m [2msui_core::checkpoints::checkpoint_executor[0m[2m:[0m [2mcrates/sui-core/src/checkpoints/checkpoint_executor/mod.rs[0m[2m:[0m[2m332:[0m Received checkpoint summary from state sync [3msequence_number[0m[2m=[0m339
[2m2025-03-25T07:56:05.290772Z[0m [32m INFO[0m [1mnode[0m[1m{[0m[3mname[0m[2m=[0mk#99f25ef6..[1m}[0m[2m:[0m [2msui_core::checkpoints::checkpoint_executor[0m[2m:[0m [2mcrates/sui-core/src/checkpoints/checkpoint_executor/mod.rs[0m[2m:[0m[2m332:[0m Received checkpoint summary from state sync [3msequence_number[0m[2m=[0m340
[2m2025-03-25T07:56:05.290815Z[0m [32m INFO[0m [1mnode[0m[1m{[0m[3mname[0m[2m=[0mk#99f25ef6..[1m}[0m[2m:[0m [2msui_core::checkpoints::checkpoint_executor[0m[2m:[0m [2mcrates/sui-core/src/checkpoints/checkpoint_executor/mod.rs[0m[2m:[0m[2m332:[0m Received checkpoint summary from state sync [3msequence_number[0m[2m=[0m341
[2m2025-03-25T07:56:05.290858Z[0m [32m INFO[0m [1mnode[0m[1m{[0m[3mname[0m[2m=[0mk#99f25ef6..[1m}[0m[2m:[0m [2msui_core::checkpoints::checkpoint_executor[0m[2m:[0m [2mcrates/sui-core/src/checkpoints/checkpoint_executor/mod.rs[0m[2m:[0m[2m332:[0m Received checkpoint summary from state sync [3msequence_number[0m[2m=[0m342
[2m2025-03-25T07:56:05.290899Z[0m [32m INFO[0m [1mnode[0m[1m{[0m[3mname[0m[2m=[0mk#99f25ef6..[1m}[0m[2m:[0m [2msui_core::checkpoints::checkpoint_executor[0m[2m:[0m [2mcrates/sui-core/src/checkpoints/checkpoint_executor/mod.rs[0m[2m:[0m[2m332:[0m Received checkpoint summary from state sync [3msequence_number[0m[2m=[0m343
[2m2025-03-25T07:56:05.290939Z[0m [32m INFO[0m [1mnode[0m[1m{[0m[3mname[0m[2m=[0mk#99f25ef6..[1m}[0m[2m:[0m [2msui_core::checkpoints::checkpoint_executor[0m[2m:[0m [2mcrates/sui-core/src/checkpoints/checkpoint_executor/mod.rs[0m[2m:[0m[2m332:[0m Received checkpoint summary from state sync [3msequence_number[0m[2m=[0m344
[2m2025-03-25T07:56:05.290979Z[0m [32m INFO[0m [1mnode[0m[1m{[0m[3mname[0m[2m=[0mk#99f25ef6..[1m}[0m[2m:[0m [2msui_core::checkpoints::checkpoint_executor[0m[2m:[0m [2mcrates/sui-core/src/checkpoints/checkpoint_executor/mod.rs[0m[2m:[0m[2m332:[0m Received checkpoint summary from state sync [3msequence_number[0m[2m=[0m345
[2m2025-03-25T07:56:05.291018Z[0m [32m INFO[0m [1mnode[0m[1m{[0m[3mname[0m[2m=[0mk#99f25ef6..[1m}[0m[2m:[0m [2msui_core::checkpoints::checkpoint_executor[0m[2m:[0m [2mcrates/sui-core/src/checkpoints/checkpoint_executor/mod.rs[0m[2m:[0m[2m332:[0m Received checkpoint summary from state sync [3msequence_number[0m[2m=[0m346
[2m2025-03-25T07:56:05.291058Z[0m [32m INFO[0m [1mnode[0m[1m{[0m[3mname[0m[2m=[0mk#99f25ef6..[1m}[0m[2m:[0m [2msui_core::checkpoints::checkpoint_executor[0m[2m:[0m [2mcrates/sui-core/src/checkpoints/checkpoint_executor/mod.rs[0m[2m:[0m[2m332:[0m Received checkpoint summary from state sync [3msequence_number[0m[2m=[0m347
[2m2025-03-25T07:56:05.291099Z[0m [32m INFO[0m [1mnode[0m[1m{[0m[3mname[0m[2m=[0mk#99f25ef6..[1m}[0m[2m:[0m [2msui_core::checkpoints::checkpoint_executor[0m[2m:[0m [2mcrates/sui-core/src/checkpoints/checkpoint_executor/mod.rs[0m[2m:[0m[2m332:[0m Received checkpoint summary from state sync [3msequence_number[0m[2m=[0m348
[2m2025-03-25T07:56:05.291139Z[0m [32m INFO[0m [1mnode[0m[1m{[0m[3mname[0m[2m=[0mk#99f25ef6..[1m}[0m[2m:[0m [2msui_core::checkpoints::checkpoint_executor[0m[2m:[0m [2mcrates/sui-core/src/checkpoints/checkpoint_executor/mod.rs[0m[2m:[0m[2m332:[0m Received checkpoint summary from state sync [3msequence_number[0m[2m=[0m349
[2m2025-03-25T07:56:05.291178Z[0m [32m INFO[0m [1mnode[0m[1m{[0m[3mname[0m[2m=[0mk#99f25ef6..[1m}[0m[2m:[0m [2msui_core::checkpoints::checkpoint_executor[0m[2m:[0m [2mcrates/sui-core/src/checkpoints/checkpoint_executor/mod.rs[0m[2m:[0m[2m332:[0m Received checkpoint summary from state sync [3msequence_number[0m[2m=[0m350
[2m2025-03-25T07:56:05.291216Z[0m [32m INFO[0m [1mnode[0m[1m{[0m[3mname[0m[2m=[0mk#99f25ef6..[1m}[0m[2m:[0m [2msui_core::checkpoints::checkpoint_executor[0m[2m:[0m [2mcrates/sui-core/src/checkpoints/checkpoint_executor/mod.rs[0m[2m:[0m[2m332:[0m Received checkpoint summary from state sync [3msequence_number[0m[2m=[0m351
[2m2025-03-25T07:56:05.291254Z[0m [32m INFO[0m [1mnode[0m[1m{[0m[3mname[0m[2m=[0mk#99f25ef6..[1m}[0m[2m:[0m [2msui_core::checkpoints::checkpoint_executor[0m[2m:[0m [2mcrates/sui-core/src/checkpoints/checkpoint_executor/mod.rs[0m[2m:[0m[2m332:[0m Received checkpoint summary from state sync [3msequence_number[0m[2m=[0m352
[2m2025-03-25T07:56:05.291292Z[0m [32m INFO[0m [1mnode[0m[1m{[0m[3mname[0m[2m=[0mk#99f25ef6..[1m}[0m[2m:[0m [2msui_core::checkpoints::checkpoint_executor[0m[2m:[0m [2mcrates/sui-core/src/checkpoints/checkpoint_executor/mod.rs[0m[2m:[0m[2m332:[0m Received checkpoint summary from state sync [3msequence_number[0m[2m=[0m353
[2m2025-03-25T07:56:05.291331Z[0m [32m INFO[0m [1mnode[0m[1m{[0m[3mname[0m[2m=[0mk#99f25ef6..[1m}[0m[2m:[0m [2msui_core::checkpoints::checkpoint_executor[0m[2m:[0m [2mcrates/sui-core/src/checkpoints/checkpoint_executor/mod.rs[0m[2m:[0m[2m332:[0m Received checkpoint summary from state sync [3msequence_number[0m[2m=[0m354
[2m2025-03-25T07:56:05.291371Z[0m [32m INFO[0m [1mnode[0m[1m{[0m[3mname[0m[2m=[0mk#99f25ef6..[1m}[0m[2m:[0m [2msui_core::checkpoints::checkpoint_executor[0m[2m:[0m [2mcrates/sui-core/src/checkpoints/checkpoint_executor/mod.rs[0m[2m:[0m[2m332:[0m Received checkpoint summary from state sync [3msequence_number[0m[2m=[0m355
[2m2025-03-25T07:56:05.291409Z[0m [32m INFO[0m [1mnode[0m[1m{[0m[3mname[0m[2m=[0mk#99f25ef6..[1m}[0m[2m:[0m [2msui_core::checkpoints::checkpoint_executor[0m[2m:[0m [2mcrates/sui-core/src/checkpoints/checkpoint_executor/mod.rs[0m[2m:[0m[2m332:[0m Received checkpoint summary from state sync [3msequence_number[0m[2m=[0m356
[2m2025-03-25T07:56:05.291447Z[0m [32m INFO[0m [1mnode[0m[1m{[0m[3mname[0m[2m=[0mk#99f25ef6..[1m}[0m[2m:[0m [2msui_core::checkpoints::checkpoint_executor[0m[2m:[0m [2mcrates/sui-core/src/checkpoints/checkpoint_executor/mod.rs[0m[2m:[0m[2m332:[0m Received checkpoint summary from state sync [3msequence_number[0m[2m=[0m357
[2m2025-03-25T07:56:05.291486Z[0m [32m INFO[0m [1mnode[0m[1m{[0m[3mname[0m[2m=[0mk#99f25ef6..[1m}[0m[2m:[0m [2msui_core::checkpoints::checkpoint_executor[0m[2m:[0m [2mcrates/sui-core/src/checkpoints/checkpoint_executor/mod.rs[0m[2m:[0m[2m332:[0m Received checkpoint summary from state sync [3msequence_number[0m[2m=[0m358
[2m2025-03-25T07:56:05.291524Z[0m [32m INFO[0m [1mnode[0m[1m{[0m[3mname[0m[2m=[0mk#99f25ef6..[1m}[0m[2m:[0m [2msui_core::checkpoints::checkpoint_executor[0m[2m:[0m [2mcrates/sui-core/src/checkpoints/checkpoint_executor/mod.rs[0m[2m:[0m[2m332:[0m Received checkpoint summary from state sync [3msequence_number[0m[2m=[0m359
[2m2025-03-25T07:56:05.291562Z[0m [32m INFO[0m [1mnode[0m[1m{[0m[3mname[0m[2m=[0mk#99f25ef6..[1m}[0m[2m:[0m [2msui_core::checkpoints::checkpoint_executor[0m[2m:[0m [2mcrates/sui-core/src/checkpoints/checkpoint_executor/mod.rs[0m[2m:[0m[2m332:[0m Received checkpoint summary from state sync [3msequence_number[0m[2m=[0m360
[2m2025-03-25T07:56:05.291600Z[0m [32m INFO[0m [1mnode[0m[1m{[0m[3mname[0m[2m=[0mk#99f25ef6..[1m}[0m[2m:[0m [2msui_core::checkpoints::checkpoint_executor[0m[2m:[0m [2mcrates/sui-core/src/checkpoints/checkpoint_executor/mod.rs[0m[2m:[0m[2m332:[0m Received checkpoint summary from state sync [3msequence_number[0m[2m=[0m361
[2m2025-03-25T07:56:05.291637Z[0m [32m INFO[0m [1mnode[0m[1m{[0m[3mname[0m[2m=[0mk#99f25ef6..[1m}[0m[2m:[0m [2msui_core::checkpoints::checkpoint_executor[0m[2m:[0m [2mcrates/sui-core/src/checkpoints/checkpoint_executor/mod.rs[0m[2m:[0m[2m332:[0m Received checkpoint summary from state sync [3msequence_number[0m[2m=[0m362
[2m2025-03-25T07:56:05.291676Z[0m [32m INFO[0m [1mnode[0m[1m{[0m[3mname[0m[2m=[0mk#99f25ef6..[1m}[0m[2m:[0m [2msui_core::checkpoints::checkpoint_executor[0m[2m:[0m [2mcrates/sui-core/src/checkpoints/checkpoint_executor/mod.rs[0m[2m:[0m[2m332:[0m Received checkpoint summary from state sync [3msequence_number[0m[2m=[0m363
[2m2025-03-25T07:56:05.291715Z[0m [32m INFO[0m [1mnode[0m[1m{[0m[3mname[0m[2m=[0mk#99f25ef6..[1m}[0m[2m:[0m [2msui_core::checkpoints::checkpoint_executor[0m[2m:[0m [2mcrates/sui-core/src/checkpoints/checkpoint_executor/mod.rs[0m[2m:[0m[2m332:[0m Received checkpoint summary from state sync [3msequence_number[0m[2m=[0m364
[2m2025-03-25T07:56:05.291755Z[0m [32m INFO[0m [1mnode[0m[1m{[0m[3mname[0m[2m=[0mk#99f25ef6..[1m}[0m[2m:[0m [2msui_core::checkpoints::checkpoint_executor[0m[2m:[0m [2mcrates/sui-core/src/checkpoints/checkpoint_executor/mod.rs[0m[2m:[0m[2m332:[0m Received checkpoint summary from state sync [3msequence_number[0m[2m=[0m365
[2m2025-03-25T07:56:05.291794Z[0m [32m INFO[0m [1mnode[0m[1m{[0m[3mname[0m[2m=[0mk#99f25ef6..[1m}[0m[2m:[0m [2msui_core::checkpoints::checkpoint_executor[0m[2m:[0m [2mcrates/sui-core/src/checkpoints/checkpoint_executor/mod.rs[0m[2m:[0m[2m332:[0m Received checkpoint summary from state sync [3msequence_number[0m[2m=[0m366
[2m2025-03-25T07:56:05.291832Z[0m [32m INFO[0m [1mnode[0m[1m{[0m[3mname[0m[2m=[0mk#99f25ef6..[1m}[0m[2m:[0m [2msui_core::checkpoints::checkpoint_executor[0m[2m:[0m [2mcrates/sui-core/src/checkpoints/checkpoint_executor/mod.rs[0m[2m:[0m[2m332:[0m Received checkpoint summary from state sync [3msequence_number[0m[2m=[0m367
[2m2025-03-25T07:56:05.291869Z[0m [32m INFO[0m [1mnode[0m[1m{[0m[3mname[0m[2m=[0mk#99f25ef6..[1m}[0m[2m:[0m [2msui_core::checkpoints::checkpoint_executor[0m[2m:[0m [2mcrates/sui-core/src/checkpoints/checkpoint_executor/mod.rs[0m[2m:[0m[2m332:[0m Received checkpoint summary from state sync [3msequence_number[0m[2m=[0m368
[2m2025-03-25T07:56:05.291907Z[0m [32m INFO[0m [1mnode[0m[1m{[0m[3mname[0m[2m=[0mk#99f25ef6..[1m}[0m[2m:[0m [2msui_core::checkpoints::checkpoint_executor[0m[2m:[0m [2mcrates/sui-core/src/checkpoints/checkpoint_executor/mod.rs[0m[2m:[0m[2m332:[0m Received checkpoint summary from state sync [3msequence_number[0m[2m=[0m369
[2m2025-03-25T07:56:05.291944Z[0m [32m INFO[0m [1mnode[0m[1m{[0m[3mname[0m[2m=[0mk#99f25ef6..[1m}[0m[2m:[0m [2msui_core::checkpoints::checkpoint_executor[0m[2m:[0m [2mcrates/sui-core/src/checkpoints/checkpoint_executor/mod.rs[0m[2m:[0m[2m332:[0m Received checkpoint summary from state sync [3msequence_number[0m[2m=[0m370
[2m2025-03-25T07:56:05.291982Z[0m [32m INFO[0m [1mnode[0m[1m{[0m[3mname[0m[2m=[0mk#99f25ef6..[1m}[0m[2m:[0m [2msui_core::checkpoints::checkpoint_executor[0m[2m:[0m [2mcrates/sui-core/src/checkpoints/checkpoint_executor/mod.rs[0m[2m:[0m[2m332:[0m Received checkpoint summary from state sync [3msequence_number[0m[2m=[0m371
[2m2025-03-25T07:56:05.292019Z[0m [32m INFO[0m [1mnode[0m[1m{[0m[3mname[0m[2m=[0mk#99f25ef6..[1m}[0m[2m:[0m [2msui_core::checkpoints::checkpoint_executor[0m[2m:[0m [2mcrates/sui-core/src/checkpoints/checkpoint_executor/mod.rs[0m[2m:[0m[2m332:[0m Received checkpoint summary from state sync [3msequence_number[0m[2m=[0m372
[2m2025-03-25T07:56:05.292057Z[0m [32m INFO[0m [1mnode[0m[1m{[0m[3mname[0m[2m=[0mk#99f25ef6..[1m}[0m[2m:[0m [2msui_core::checkpoints::checkpoint_executor[0m[2m:[0m [2mcrates/sui-core/src/checkpoints/checkpoint_executor/mod.rs[0m[2m:[0m[2m332:[0m Received checkpoint summary from state sync [3msequence_number[0m[2m=[0m373
[2m2025-03-25T07:56:05.292096Z[0m [32m INFO[0m [1mnode[0m[1m{[0m[3mname[0m[2m=[0mk#99f25ef6..[1m}[0m[2m:[0m [2msui_core::checkpoints::checkpoint_executor[0m[2m:[0m [2mcrates/sui-core/src/checkpoints/checkpoint_executor/mod.rs[0m[2m:[0m[2m332:[0m Received checkpoint summary from state sync [3msequence_number[0m[2m=[0m374
[2m2025-03-25T07:56:05.292134Z[0m [32m INFO[0m [1mnode[0m[1m{[0m[3mname[0m[2m=[0mk#99f25ef6..[1m}[0m[2m:[0m [2msui_core::checkpoints::checkpoint_executor[0m[2m:[0m [2mcrates/sui-core/src/checkpoints/checkpoint_executor/mod.rs[0m[2m:[0m[2m332:[0m Received checkpoint summary from state sync [3msequence_number[0m[2m=[0m375
[2m2025-03-25T07:56:05.292171Z[0m [32m INFO[0m [1mnode[0m[1m{[0m[3mname[0m[2m=[0mk#99f25ef6..[1m}[0m[2m:[0m [2msui_core::checkpoints::checkpoint_executor[0m[2m:[0m [2mcrates/sui-core/src/checkpoints/checkpoint_executor/mod.rs[0m[2m:[0m[2m332:[0m Received checkpoint summary from state sync [3msequence_number[0m[2m=[0m376
[2m2025-03-25T07:56:05.292209Z[0m [32m INFO[0m [1mnode[0m[1m{[0m[3mname[0m[2m=[0mk#99f25ef6..[1m}[0m[2m:[0m [2msui_core::checkpoints::checkpoint_executor[0m[2m:[0m [2mcrates/sui-core/src/checkpoints/checkpoint_executor/mod.rs[0m[2m:[0m[2m332:[0m Received checkpoint summary from state sync [3msequence_number[0m[2m=[0m377
[2m2025-03-25T07:56:05.292246Z[0m [32m INFO[0m [1mnode[0m[1m{[0m[3mname[0m[2m=[0mk#99f25ef6..[1m}[0m[2m:[0m [2msui_core::checkpoints::checkpoint_executor[0m[2m:[0m [2mcrates/sui-core/src/checkpoints/checkpoint_executor/mod.rs[0m[2m:[0m[2m332:[0m Received checkpoint summary from state sync [3msequence_number[0m[2m=[0m378
[2m2025-03-25T07:56:05.292283Z[0m [32m INFO[0m [1mnode[0m[1m{[0m[3mname[0m[2m=[0mk#99f25ef6..[1m}[0m[2m:[0m [2msui_core::checkpoints::checkpoint_executor[0m[2m:[0m [2mcrates/sui-core/src/checkpoints/checkpoint_executor/mod.rs[0m[2m:[0m[2m332:[0m Received checkpoint summary from state sync [3msequence_number[0m[2m=[0m379
[2m2025-03-25T07:56:05.292322Z[0m [32m INFO[0m [1mnode[0m[1m{[0m[3mname[0m[2m=[0mk#99f25ef6..[1m}[0m[2m:[0m [2msui_core::checkpoints::checkpoint_executor[0m[2m:[0m [2mcrates/sui-core/src/checkpoints/checkpoint_executor/mod.rs[0m[2m:[0m[2m332:[0m Received checkpoint summary from state sync [3msequence_number[0m[2m=[0m380
[2m2025-03-25T07:56:05.292359Z[0m [32m INFO[0m [1mnode[0m[1m{[0m[3mname[0m[2m=[0mk#99f25ef6..[1m}[0m[2m:[0m [2msui_core::checkpoints::checkpoint_executor[0m[2m:[0m [2mcrates/sui-core/src/checkpoints/checkpoint_executor/mod.rs[0m[2m:[0m[2m332:[0m Received checkpoint summary from state sync [3msequence_number[0m[2m=[0m381
[2m2025-03-25T07:56:05.292397Z[0m [32m INFO[0m [1mnode[0m[1m{[0m[3mname[0m[2m=[0mk#99f25ef6..[1m}[0m[2m:[0m [2msui_core::checkpoints::checkpoint_executor[0m[2m:[0m [2mcrates/sui-core/src/checkpoints/checkpoint_executor/mod.rs[0m[2m:[0m[2m332:[0m Received checkpoint summary from state sync [3msequence_number[0m[2m=[0m382
[2m2025-03-25T07:56:05.292434Z[0m [32m INFO[0m [1mnode[0m[1m{[0m[3mname[0m[2m=[0mk#99f25ef6..[1m}[0m[2m:[0m [2msui_core::checkpoints::checkpoint_executor[0m[2m:[0m [2mcrates/sui-core/src/checkpoints/checkpoint_executor/mod.rs[0m[2m:[0m[2m332:[0m Received checkpoint summary from state sync [3msequence_number[0m[2m=[0m383
[2m2025-03-25T07:56:05.292471Z[0m [32m INFO[0m [1mnode[0m[1m{[0m[3mname[0m[2m=[0mk#99f25ef6..[1m}[0m[2m:[0m [2msui_core::checkpoints::checkpoint_executor[0m[2m:[0m [2mcrates/sui-core/src/checkpoints/checkpoint_executor/mod.rs[0m[2m:[0m[2m332:[0m Received checkpoint summary from state sync [3msequence_number[0m[2m=[0m384
[2m2025-03-25T07:56:05.292509Z[0m [32m INFO[0m [1mnode[0m[1m{[0m[3mname[0m[2m=[0mk#99f25ef6..[1m}[0m[2m:[0m [2msui_core::checkpoints::checkpoint_executor[0m[2m:[0m [2mcrates/sui-core/src/checkpoints/checkpoint_executor/mod.rs[0m[2m:[0m[2m332:[0m Received checkpoint summary from state sync [3msequence_number[0m[2m=[0m385
[2m2025-03-25T07:56:05.292546Z[0m [32m INFO[0m [1mnode[0m[1m{[0m[3mname[0m[2m=[0mk#99f25ef6..[1m}[0m[2m:[0m [2msui_core::checkpoints::checkpoint_executor[0m[2m:[0m [2mcrates/sui-core/src/checkpoints/checkpoint_executor/mod.rs[0m[2m:[0m[2m332:[0m Received checkpoint summary from state sync [3msequence_number[0m[2m=[0m386
[2m2025-03-25T07:56:05.292583Z[0m [32m INFO[0m [1mnode[0m[1m{[0m[3mname[0m[2m=[0mk#99f25ef6..[1m}[0m[2m:[0m [2msui_core::checkpoints::checkpoint_executor[0m[2m:[0m [2mcrates/sui-core/src/checkpoints/checkpoint_executor/mod.rs[0m[2m:[0m[2m332:[0m Received checkpoint summary from state sync [3msequence_number[0m[2m=[0m387
[2m2025-03-25T07:56:05.292621Z[0m [32m INFO[0m [1mnode[0m[1m{[0m[3mname[0m[2m=[0mk#99f25ef6..[1m}[0m[2m:[0m [2msui_core::checkpoints::checkpoint_executor[0m[2m:[0m [2mcrates/sui-core/src/checkpoints/checkpoint_executor/mod.rs[0m[2m:[0m[2m332:[0m Received checkpoint summary from state sync [3msequence_number[0m[2m=[0m388
[2m2025-03-25T07:56:05.292658Z[0m [32m INFO[0m [1mnode[0m[1m{[0m[3mname[0m[2m=[0mk#99f25ef6..[1m}[0m[2m:[0m [2msui_core::checkpoints::checkpoint_executor[0m[2m:[0m [2mcrates/sui-core/src/checkpoints/checkpoint_executor/mod.rs[0m[2m:[0m[2m332:[0m Received checkpoint summary from state sync [3msequence_number[0m[2m=[0m389
[2m2025-03-25T07:56:05.292697Z[0m [32m INFO[0m [1mnode[0m[1m{[0m[3mname[0m[2m=[0mk#99f25ef6..[1m}[0m[2m:[0m [2msui_core::checkpoints::checkpoint_executor[0m[2m:[0m [2mcrates/sui-core/src/checkpoints/checkpoint_executor/mod.rs[0m[2m:[0m[2m332:[0m Received checkpoint summary from state sync [3msequence_number[0m[2m=[0m390
[2m2025-03-25T07:56:05.292735Z[0m [32m INFO[0m [1mnode[0m[1m{[0m[3mname[0m[2m=[0mk#99f25ef6..[1m}[0m[2m:[0m [2msui_core::checkpoints::checkpoint_executor[0m[2m:[0m [2mcrates/sui-core/src/checkpoints/checkpoint_executor/mod.rs[0m[2m:[0m[2m332:[0m Received checkpoint summary from state sync [3msequence_number[0m[2m=[0m391
[2m2025-03-25T07:56:05.292772Z[0m [32m INFO[0m [1mnode[0m[1m{[0m[3mname[0m[2m=[0mk#99f25ef6..[1m}[0m[2m:[0m [2msui_core::checkpoints::checkpoint_executor[0m[2m:[0m [2mcrates/sui-core/src/checkpoints/checkpoint_executor/mod.rs[0m[2m:[0m[2m332:[0m Received checkpoint summary from state sync [3msequence_number[0m[2m=[0m392
[2m2025-03-25T07:56:05.292811Z[0m [32m INFO[0m [1mnode[0m[1m{[0m[3mname[0m[2m=[0mk#99f25ef6..[1m}[0m[2m:[0m [2msui_core::checkpoints::checkpoint_executor[0m[2m:[0m [2mcrates/sui-core/src/checkpoints/checkpoint_executor/mod.rs[0m[2m:[0m[2m332:[0m Received checkpoint summary from state sync [3msequence_number[0m[2m=[0m393
[2m2025-03-25T07:56:05.292849Z[0m [32m INFO[0m [1mnode[0m[1m{[0m[3mname[0m[2m=[0mk#99f25ef6..[1m}[0m[2m:[0m [2msui_core::checkpoints::checkpoint_executor[0m[2m:[0m [2mcrates/sui-core/src/checkpoints/checkpoint_executor/mod.rs[0m[2m:[0m[2m332:[0m Received checkpoint summary from state sync [3msequence_number[0m[2m=[0m394
[2m2025-03-25T07:56:05.292886Z[0m [32m INFO[0m [1mnode[0m[1m{[0m[3mname[0m[2m=[0mk#99f25ef6..[1m}[0m[2m:[0m [2msui_core::checkpoints::checkpoint_executor[0m[2m:[0m [2mcrates/sui-core/src/checkpoints/checkpoint_executor/mod.rs[0m[2m:[0m[2m332:[0m Received checkpoint summary from state sync [3msequence_number[0m[2m=[0m395
[2m2025-03-25T07:56:05.292923Z[0m [32m INFO[0m [1mnode[0m[1m{[0m[3mname[0m[2m=[0mk#99f25ef6..[1m}[0m[2m:[0m [2msui_core::checkpoints::checkpoint_executor[0m[2m:[0m [2mcrates/sui-core/src/checkpoints/checkpoint_executor/mod.rs[0m[2m:[0m[2m332:[0m Received checkpoint summary from state sync [3msequence_number[0m[2m=[0m396
[2m2025-03-25T07:56:05.292960Z[0m [32m INFO[0m [1mnode[0m[1m{[0m[3mname[0m[2m=[0mk#99f25ef6..[1m}[0m[2m:[0m [2msui_core::checkpoints::checkpoint_executor[0m[2m:[0m [2mcrates/sui-core/src/checkpoints/checkpoint_executor/mod.rs[0m[2m:[0m[2m332:[0m Received checkpoint summary from state sync [3msequence_number[0m[2m=[0m397
[2m2025-03-25T07:56:05.292997Z[0m [32m INFO[0m [1mnode[0m[1m{[0m[3mname[0m[2m=[0mk#99f25ef6..[1m}[0m[2m:[0m [2msui_core::checkpoints::checkpoint_executor[0m[2m:[0m [2mcrates/sui-core/src/checkpoints/checkpoint_executor/mod.rs[0m[2m:[0m[2m332:[0m Received checkpoint summary from state sync [3msequence_number[0m[2m=[0m398
[2m2025-03-25T07:56:05.293034Z[0m [32m INFO[0m [1mnode[0m[1m{[0m[3mname[0m[2m=[0mk#99f25ef6..[1m}[0m[2m:[0m [2msui_core::checkpoints::checkpoint_executor[0m[2m:[0m [2mcrates/sui-core/src/checkpoints/checkpoint_executor/mod.rs[0m[2m:[0m[2m332:[0m Received checkpoint summary from state sync [3msequence_number[0m[2m=[0m399
[2m2025-03-25T07:56:05.293071Z[0m [32m INFO[0m [1mnode[0m[1m{[0m[3mname[0m[2m=[0mk#99f25ef6..[1m}[0m[2m:[0m [2msui_core::checkpoints::checkpoint_executor[0m[2m:[0m [2mcrates/sui-core/src/checkpoints/checkpoint_executor/mod.rs[0m[2m:[0m[2m332:[0m Received checkpoint summary from state sync [3msequence_number[0m[2m=[0m400
[2m2025-03-25T07:56:05.293109Z[0m [32m INFO[0m [1mnode[0m[1m{[0m[3mname[0m[2m=[0mk#99f25ef6..[1m}[0m[2m:[0m [2msui_core::checkpoints::checkpoint_executor[0m[2m:[0m [2mcrates/sui-core/src/checkpoints/checkpoint_executor/mod.rs[0m[2m:[0m[2m332:[0m Received checkpoint summary from state sync [3msequence_number[0m[2m=[0m401
[2m2025-03-25T07:56:05.293146Z[0m [32m INFO[0m [1mnode[0m[1m{[0m[3mname[0m[2m=[0mk#99f25ef6..[1m}[0m[2m:[0m [2msui_core::checkpoints::checkpoint_executor[0m[2m:[0m [2mcrates/sui-core/src/checkpoints/checkpoint_executor/mod.rs[0m[2m:[0m[2m332:[0m Received checkpoint summary from state sync [3msequence_number[0m[2m=[0m402
[2m2025-03-25T07:56:05.293183Z[0m [32m INFO[0m [1mnode[0m[1m{[0m[3mname[0m[2m=[0mk#99f25ef6..[1m}[0m[2m:[0m [2msui_core::checkpoints::checkpoint_executor[0m[2m:[0m [2mcrates/sui-core/src/checkpoints/checkpoint_executor/mod.rs[0m[2m:[0m[2m332:[0m Received checkpoint summary from state sync [3msequence_number[0m[2m=[0m403
[2m2025-03-25T07:56:05.293220Z[0m [32m INFO[0m [1mnode[0m[1m{[0m[3mname[0m[2m=[0mk#99f25ef6..[1m}[0m[2m:[0m [2msui_core::checkpoints::checkpoint_executor[0m[2m:[0m [2mcrates/sui-core/src/checkpoints/checkpoint_executor/mod.rs[0m[2m:[0m[2m332:[0m Received checkpoint summary from state sync [3msequence_number[0m[2m=[0m404
[2m2025-03-25T07:56:05.293258Z[0m [32m INFO[0m [1mnode[0m[1m{[0m[3mname[0m[2m=[0mk#99f25ef6..[1m}[0m[2m:[0m [2msui_core::checkpoints::checkpoint_executor[0m[2m:[0m [2mcrates/sui-core/src/checkpoints/checkpoint_executor/mod.rs[0m[2m:[0m[2m332:[0m Received checkpoint summary from state sync [3msequence_number[0m[2m=[0m405
[2m2025-03-25T07:56:05.293295Z[0m [32m INFO[0m [1mnode[0m[1m{[0m[3mname[0m[2m=[0mk#99f25ef6..[1m}[0m[2m:[0m [2msui_core::checkpoints::checkpoint_executor[0m[2m:[0m [2mcrates/sui-core/src/checkpoints/checkpoint_executor/mod.rs[0m[2m:[0m[2m332:[0m Received checkpoint summary from state sync [3msequence_number[0m[2m=[0m406
[2m2025-03-25T07:56:05.293332Z[0m [32m INFO[0m [1mnode[0m[1m{[0m[3mname[0m[2m=[0mk#99f25ef6..[1m}[0m[2m:[0m [2msui_core::checkpoints::checkpoint_executor[0m[2m:[0m [2mcrates/sui-core/src/checkpoints/checkpoint_executor/mod.rs[0m[2m:[0m[2m332:[0m Received checkpoint summary from state sync [3msequence_number[0m[2m=[0m407
[2m2025-03-25T07:56:05.293371Z[0m [32m INFO[0m [1mnode[0m[1m{[0m[3mname[0m[2m=[0mk#99f25ef6..[1m}[0m[2m:[0m [2msui_core::checkpoints::checkpoint_executor[0m[2m:[0m [2mcrates/sui-core/src/checkpoints/checkpoint_executor/mod.rs[0m[2m:[0m[2m332:[0m Received checkpoint summary from state sync [3msequence_number[0m[2m=[0m408
[2m2025-03-25T07:56:05.293408Z[0m [32m INFO[0m [1mnode[0m[1m{[0m[3mname[0m[2m=[0mk#99f25ef6..[1m}[0m[2m:[0m [2msui_core::checkpoints::checkpoint_executor[0m[2m:[0m [2mcrates/sui-core/src/checkpoints/checkpoint_executor/mod.rs[0m[2m:[0m[2m332:[0m Received checkpoint summary from state sync [3msequence_number[0m[2m=[0m409
[2m2025-03-25T07:56:05.293445Z[0m [32m INFO[0m [1mnode[0m[1m{[0m[3mname[0m[2m=[0mk#99f25ef6..[1m}[0m[2m:[0m [2msui_core::checkpoints::checkpoint_executor[0m[2m:[0m [2mcrates/sui-core/src/checkpoints/checkpoint_executor/mod.rs[0m[2m:[0m[2m332:[0m Received checkpoint summary from state sync [3msequence_number[0m[2m=[0m410
[2m2025-03-25T07:56:05.293485Z[0m [32m INFO[0m [1mnode[0m[1m{[0m[3mname[0m[2m=[0mk#99f25ef6..[1m}[0m[2m:[0m [2msui_core::checkpoints::checkpoint_executor[0m[2m:[0m [2mcrates/sui-core/src/checkpoints/checkpoint_executor/mod.rs[0m[2m:[0m[2m332:[0m Received checkpoint summary from state sync [3msequence_number[0m[2m=[0m411
[2m2025-03-25T07:56:05.293523Z[0m [32m INFO[0m [1mnode[0m[1m{[0m[3mname[0m[2m=[0mk#99f25ef6..[1m}[0m[2m:[0m [2msui_core::checkpoints::checkpoint_executor[0m[2m:[0m [2mcrates/sui-core/src/checkpoints/checkpoint_executor/mod.rs[0m[2m:[0m[2m332:[0m Received checkpoint summary from state sync [3msequence_number[0m[2m=[0m412
[2m2025-03-25T07:56:05.293561Z[0m [32m INFO[0m [1mnode[0m[1m{[0m[3mname[0m[2m=[0mk#99f25ef6..[1m}[0m[2m:[0m [2msui_core::checkpoints::checkpoint_executor[0m[2m:[0m [2mcrates/sui-core/src/checkpoints/checkpoint_executor/mod.rs[0m[2m:[0m[2m332:[0m Received checkpoint summary from state sync [3msequence_number[0m[2m=[0m413
[2m2025-03-25T07:56:05.293597Z[0m [32m INFO[0m [1mnode[0m[1m{[0m[3mname[0m[2m=[0mk#99f25ef6..[1m}[0m[2m:[0m [2msui_core::checkpoints::checkpoint_executor[0m[2m:[0m [2mcrates/sui-core/src/checkpoints/checkpoint_executor/mod.rs[0m[2m:[0m[2m332:[0m Received checkpoint summary from state sync [3msequence_number[0m[2m=[0m414
[2m2025-03-25T07:56:05.293634Z[0m [32m INFO[0m [1mnode[0m[1m{[0m[3mname[0m[2m=[0mk#99f25ef6..[1m}[0m[2m:[0m [2msui_core::checkpoints::checkpoint_executor[0m[2m:[0m [2mcrates/sui-core/src/checkpoints/checkpoint_executor/mod.rs[0m[2m:[0m[2m332:[0m Received checkpoint summary from state sync [3msequence_number[0m[2m=[0m415
[2m2025-03-25T07:56:05.293671Z[0m [32m INFO[0m [1mnode[0m[1m{[0m[3mname[0m[2m=[0mk#99f25ef6..[1m}[0m[2m:[0m [2msui_core::checkpoints::checkpoint_executor[0m[2m:[0m [2mcrates/sui-core/src/checkpoints/checkpoint_executor/mod.rs[0m[2m:[0m[2m332:[0m Received checkpoint summary from state sync [3msequence_number[0m[2m=[0m416
[2m2025-03-25T07:56:05.293710Z[0m [32m INFO[0m [1mnode[0m[1m{[0m[3mname[0m[2m=[0mk#99f25ef6..[1m}[0m[2m:[0m [2msui_core::checkpoints::checkpoint_executor[0m[2m:[0m [2mcrates/sui-core/src/checkpoints/checkpoint_executor/mod.rs[0m[2m:[0m[2m332:[0m Received checkpoint summary from state sync [3msequence_number[0m[2m=[0m417
[2m2025-03-25T07:56:05.293748Z[0m [32m INFO[0m [1mnode[0m[1m{[0m[3mname[0m[2m=[0mk#99f25ef6..[1m}[0m[2m:[0m [2msui_core::checkpoints::checkpoint_executor[0m[2m:[0m [2mcrates/sui-core/src/checkpoints/checkpoint_executor/mod.rs[0m[2m:[0m[2m332:[0m Received checkpoint summary from state sync [3msequence_number[0m[2m=[0m418
[2m2025-03-25T07:56:05.293788Z[0m [32m INFO[0m [1mnode[0m[1m{[0m[3mname[0m[2m=[0mk#99f25ef6..[1m}[0m[2m:[0m [2msui_core::checkpoints::checkpoint_executor[0m[2m:[0m [2mcrates/sui-core/src/checkpoints/checkpoint_executor/mod.rs[0m[2m:[0m[2m332:[0m Received checkpoint summary from state sync [3msequence_number[0m[2m=[0m419
[2m2025-03-25T07:56:05.293825Z[0m [32m INFO[0m [1mnode[0m[1m{[0m[3mname[0m[2m=[0mk#99f25ef6..[1m}[0m[2m:[0m [2msui_core::checkpoints::checkpoint_executor[0m[2m:[0m [2mcrates/sui-core/src/checkpoints/checkpoint_executor/mod.rs[0m[2m:[0m[2m332:[0m Received checkpoint summary from state sync [3msequence_number[0m[2m=[0m420
[2m2025-03-25T07:56:05.293862Z[0m [32m INFO[0m [1mnode[0m[1m{[0m[3mname[0m[2m=[0mk#99f25ef6..[1m}[0m[2m:[0m [2msui_core::checkpoints::checkpoint_executor[0m[2m:[0m [2mcrates/sui-core/src/checkpoints/checkpoint_executor/mod.rs[0m[2m:[0m[2m332:[0m Received checkpoint summary from state sync [3msequence_number[0m[2m=[0m421
[2m2025-03-25T07:56:05.293899Z[0m [32m INFO[0m [1mnode[0m[1m{[0m[3mname[0m[2m=[0mk#99f25ef6..[1m}[0m[2m:[0m [2msui_core::checkpoints::checkpoint_executor[0m[2m:[0m [2mcrates/sui-core/src/checkpoints/checkpoint_executor/mod.rs[0m[2m:[0m[2m332:[0m Received checkpoint summary from state sync [3msequence_number[0m[2m=[0m422
[2m2025-03-25T07:56:05.293936Z[0m [32m INFO[0m [1mnode[0m[1m{[0m[3mname[0m[2m=[0mk#99f25ef6..[1m}[0m[2m:[0m [2msui_core::checkpoints::checkpoint_executor[0m[2m:[0m [2mcrates/sui-core/src/checkpoints/checkpoint_executor/mod.rs[0m[2m:[0m[2m332:[0m Received checkpoint summary from state sync [3msequence_number[0m[2m=[0m423
[2m2025-03-25T07:56:05.293974Z[0m [32m INFO[0m [1mnode[0m[1m{[0m[3mname[0m[2m=[0mk#99f25ef6..[1m}[0m[2m:[0m [2msui_core::checkpoints::checkpoint_executor[0m[2m:[0m [2mcrates/sui-core/src/checkpoints/checkpoint_executor/mod.rs[0m[2m:[0m[2m332:[0m Received checkpoint summary from state sync [3msequence_number[0m[2m=[0m424
[2m2025-03-25T07:56:05.294012Z[0m [32m INFO[0m [1mnode[0m[1m{[0m[3mname[0m[2m=[0mk#99f25ef6..[1m}[0m[2m:[0m [2msui_core::checkpoints::checkpoint_executor[0m[2m:[0m [2mcrates/sui-core/src/checkpoints/checkpoint_executor/mod.rs[0m[2m:[0m[2m332:[0m Received checkpoint summary from state sync [3msequence_number[0m[2m=[0m425
[2m2025-03-25T07:56:05.294050Z[0m [32m INFO[0m [1mnode[0m[1m{[0m[3mname[0m[2m=[0mk#99f25ef6..[1m}[0m[2m:[0m [2msui_core::checkpoints::checkpoint_executor[0m[2m:[0m [2mcrates/sui-core/src/checkpoints/checkpoint_executor/mod.rs[0m[2m:[0m[2m332:[0m Received checkpoint summary from state sync [3msequence_number[0m[2m=[0m426
[2m2025-03-25T07:56:05.294087Z[0m [32m INFO[0m [1mnode[0m[1m{[0m[3mname[0m[2m=[0mk#99f25ef6..[1m}[0m[2m:[0m [2msui_core::checkpoints::checkpoint_executor[0m[2m:[0m [2mcrates/sui-core/src/checkpoints/checkpoint_executor/mod.rs[0m[2m:[0m[2m332:[0m Received checkpoint summary from state sync [3msequence_number[0m[2m=[0m427
[2m2025-03-25T07:56:05.294124Z[0m [32m INFO[0m [1mnode[0m[1m{[0m[3mname[0m[2m=[0mk#99f25ef6..[1m}[0m[2m:[0m [2msui_core::checkpoints::checkpoint_executor[0m[2m:[0m [2mcrates/sui-core/src/checkpoints/checkpoint_executor/mod.rs[0m[2m:[0m[2m332:[0m Received checkpoint summary from state sync [3msequence_number[0m[2m=[0m428
[2m2025-03-25T07:56:05.294161Z[0m [32m INFO[0m [1mnode[0m[1m{[0m[3mname[0m[2m=[0mk#99f25ef6..[1m}[0m[2m:[0m [2msui_core::checkpoints::checkpoint_executor[0m[2m:[0m [2mcrates/sui-core/src/checkpoints/checkpoint_executor/mod.rs[0m[2m:[0m[2m332:[0m Received checkpoint summary from state sync [3msequence_number[0m[2m=[0m429
[2m2025-03-25T07:56:05.294199Z[0m [32m INFO[0m [1mnode[0m[1m{[0m[3mname[0m[2m=[0mk#99f25ef6..[1m}[0m[2m:[0m [2msui_core::checkpoints::checkpoint_executor[0m[2m:[0m [2mcrates/sui-core/src/checkpoints/checkpoint_executor/mod.rs[0m[2m:[0m[2m332:[0m Received checkpoint summary from state sync [3msequence_number[0m[2m=[0m430
[2m2025-03-25T07:56:05.294236Z[0m [32m INFO[0m [1mnode[0m[1m{[0m[3mname[0m[2m=[0mk#99f25ef6..[1m}[0m[2m:[0m [2msui_core::checkpoints::checkpoint_executor[0m[2m:[0m [2mcrates/sui-core/src/checkpoints/checkpoint_executor/mod.rs[0m[2m:[0m[2m332:[0m Received checkpoint summary from state sync [3msequence_number[0m[2m=[0m431
[2m2025-03-25T07:56:05.294273Z[0m [32m INFO[0m [1mnode[0m[1m{[0m[3mname[0m[2m=[0mk#99f25ef6..[1m}[0m[2m:[0m [2msui_core::checkpoints::checkpoint_executor[0m[2m:[0m [2mcrates/sui-core/src/checkpoints/checkpoint_executor/mod.rs[0m[2m:[0m[2m332:[0m Received checkpoint summary from state sync [3msequence_number[0m[2m=[0m432
[2m2025-03-25T07:56:05.294312Z[0m [32m INFO[0m [1mnode[0m[1m{[0m[3mname[0m[2m=[0mk#99f25ef6..[1m}[0m[2m:[0m [2msui_core::checkpoints::checkpoint_executor[0m[2m:[0m [2mcrates/sui-core/src/checkpoints/checkpoint_executor/mod.rs[0m[2m:[0m[2m332:[0m Received checkpoint summary from state sync [3msequence_number[0m[2m=[0m433
[2m2025-03-25T07:56:05.294353Z[0m [32m INFO[0m [1mnode[0m[1m{[0m[3mname[0m[2m=[0mk#99f25ef6..[1m}[0m[2m:[0m [2msui_core::checkpoints::checkpoint_executor[0m[2m:[0m [2mcrates/sui-core/src/checkpoints/checkpoint_executor/mod.rs[0m[2m:[0m[2m332:[0m Received checkpoint summary from state sync [3msequence_number[0m[2m=[0m434
[2m2025-03-25T07:56:05.294390Z[0m [32m INFO[0m [1mnode[0m[1m{[0m[3mname[0m[2m=[0mk#99f25ef6..[1m}[0m[2m:[0m [2msui_core::checkpoints::checkpoint_executor[0m[2m:[0m [2mcrates/sui-core/src/checkpoints/checkpoint_executor/mod.rs[0m[2m:[0m[2m332:[0m Received checkpoint summary from state sync [3msequence_number[0m[2m=[0m435
[2m2025-03-25T07:56:05.294428Z[0m [32m INFO[0m [1mnode[0m[1m{[0m[3mname[0m[2m=[0mk#99f25ef6..[1m}[0m[2m:[0m [2msui_core::checkpoints::checkpoint_executor[0m[2m:[0m [2mcrates/sui-core/src/checkpoints/checkpoint_executor/mod.rs[0m[2m:[0m[2m332:[0m Received checkpoint summary from state sync [3msequence_number[0m[2m=[0m436
[2m2025-03-25T07:56:05.294467Z[0m [32m INFO[0m [1mnode[0m[1m{[0m[3mname[0m[2m=[0mk#99f25ef6..[1m}[0m[2m:[0m [2msui_core::checkpoints::checkpoint_executor[0m[2m:[0m [2mcrates/sui-core/src/checkpoints/checkpoint_executor/mod.rs[0m[2m:[0m[2m332:[0m Received checkpoint summary from state sync [3msequence_number[0m[2m=[0m437
[2m2025-03-25T07:56:05.294504Z[0m [32m INFO[0m [1mnode[0m[1m{[0m[3mname[0m[2m=[0mk#99f25ef6..[1m}[0m[2m:[0m [2msui_core::checkpoints::checkpoint_executor[0m[2m:[0m [2mcrates/sui-core/src/checkpoints/checkpoint_executor/mod.rs[0m[2m:[0m[2m332:[0m Received checkpoint summary from state sync [3msequence_number[0m[2m=[0m438
[2m2025-03-25T07:56:05.294540Z[0m [32m INFO[0m [1mnode[0m[1m{[0m[3mname[0m[2m=[0mk#99f25ef6..[1m}[0m[2m:[0m [2msui_core::checkpoints::checkpoint_executor[0m[2m:[0m [2mcrates/sui-core/src/checkpoints/checkpoint_executor/mod.rs[0m[2m:[0m[2m332:[0m Received checkpoint summary from state sync [3msequence_number[0m[2m=[0m439
[2m2025-03-25T07:56:05.294578Z[0m [32m INFO[0m [1mnode[0m[1m{[0m[3mname[0m[2m=[0mk#99f25ef6..[1m}[0m[2m:[0m [2msui_core::checkpoints::checkpoint_executor[0m[2m:[0m [2mcrates/sui-core/src/checkpoints/checkpoint_executor/mod.rs[0m[2m:[0m[2m332:[0m Received checkpoint summary from state sync [3msequence_number[0m[2m=[0m440
[2m2025-03-25T07:56:05.294615Z[0m [32m INFO[0m [1mnode[0m[1m{[0m[3mname[0m[2m=[0mk#99f25ef6..[1m}[0m[2m:[0m [2msui_core::checkpoints::checkpoint_executor[0m[2m:[0m [2mcrates/sui-core/src/checkpoints/checkpoint_executor/mod.rs[0m[2m:[0m[2m332:[0m Received checkpoint summary from state sync [3msequence_number[0m[2m=[0m441
[2m2025-03-25T07:56:05.294652Z[0m [32m INFO[0m [1mnode[0m[1m{[0m[3mname[0m[2m=[0mk#99f25ef6..[1m}[0m[2m:[0m [2msui_core::checkpoints::checkpoint_executor[0m[2m:[0m [2mcrates/sui-core/src/checkpoints/checkpoint_executor/mod.rs[0m[2m:[0m[2m332:[0m Received checkpoint summary from state sync [3msequence_number[0m[2m=[0m442
[2m2025-03-25T07:56:05.294689Z[0m [32m INFO[0m [1mnode[0m[1m{[0m[3mname[0m[2m=[0mk#99f25ef6..[1m}[0m[2m:[0m [2msui_core::checkpoints::checkpoint_executor[0m[2m:[0m [2mcrates/sui-core/src/checkpoints/checkpoint_executor/mod.rs[0m[2m:[0m[2m332:[0m Received checkpoint summary from state sync [3msequence_number[0m[2m=[0m443
[2m2025-03-25T07:56:05.294725Z[0m [32m INFO[0m [1mnode[0m[1m{[0m[3mname[0m[2m=[0mk#99f25ef6..[1m}[0m[2m:[0m [2msui_core::checkpoints::checkpoint_executor[0m[2m:[0m [2mcrates/sui-core/src/checkpoints/checkpoint_executor/mod.rs[0m[2m:[0m[2m332:[0m Received checkpoint summary from state sync [3msequence_number[0m[2m=[0m444
[2m2025-03-25T07:56:05.294763Z[0m [32m INFO[0m [1mnode[0m[1m{[0m[3mname[0m[2m=[0mk#99f25ef6..[1m}[0m[2m:[0m [2msui_core::checkpoints::checkpoint_executor[0m[2m:[0m [2mcrates/sui-core/src/checkpoints/checkpoint_executor/mod.rs[0m[2m:[0m[2m332:[0m Received checkpoint summary from state sync [3msequence_number[0m[2m=[0m445
[2m2025-03-25T07:56:05.294801Z[0m [32m INFO[0m [1mnode[0m[1m{[0m[3mname[0m[2m=[0mk#99f25ef6..[1m}[0m[2m:[0m [2msui_core::checkpoints::checkpoint_executor[0m[2m:[0m [2mcrates/sui-core/src/checkpoints/checkpoint_executor/mod.rs[0m[2m:[0m[2m332:[0m Received checkpoint summary from state sync [3msequence_number[0m[2m=[0m446
[2m2025-03-25T07:56:05.294838Z[0m [32m INFO[0m [1mnode[0m[1m{[0m[3mname[0m[2m=[0mk#99f25ef6..[1m}[0m[2m:[0m [2msui_core::checkpoints::checkpoint_executor[0m[2m:[0m [2mcrates/sui-core/src/checkpoints/checkpoint_executor/mod.rs[0m[2m:[0m[2m332:[0m Received checkpoint summary from state sync [3msequence_number[0m[2m=[0m447
[2m2025-03-25T07:56:05.294875Z[0m [32m INFO[0m [1mnode[0m[1m{[0m[3mname[0m[2m=[0mk#99f25ef6..[1m}[0m[2m:[0m [2msui_core::checkpoints::checkpoint_executor[0m[2m:[0m [2mcrates/sui-core/src/checkpoints/checkpoint_executor/mod.rs[0m[2m:[0m[2m332:[0m Received checkpoint summary from state sync [3msequence_number[0m[2m=[0m448
[2m2025-03-25T07:56:05.294912Z[0m [32m INFO[0m [1mnode[0m[1m{[0m[3mname[0m[2m=[0mk#99f25ef6..[1m}[0m[2m:[0m [2msui_core::checkpoints::checkpoint_executor[0m[2m:[0m [2mcrates/sui-core/src/checkpoints/checkpoint_executor/mod.rs[0m[2m:[0m[2m332:[0m Received checkpoint summary from state sync [3msequence_number[0m[2m=[0m449
[2m2025-03-25T07:56:05.294950Z[0m [32m INFO[0m [1mnode[0m[1m{[0m[3mname[0m[2m=[0mk#99f25ef6..[1m}[0m[2m:[0m [2msui_core::checkpoints::checkpoint_executor[0m[2m:[0m [2mcrates/sui-core/src/checkpoints/checkpoint_executor/mod.rs[0m[2m:[0m[2m332:[0m Received checkpoint summary from state sync [3msequence_number[0m[2m=[0m450
[2m2025-03-25T07:56:05.294987Z[0m [32m INFO[0m [1mnode[0m[1m{[0m[3mname[0m[2m=[0mk#99f25ef6..[1m}[0m[2m:[0m [2msui_core::checkpoints::checkpoint_executor[0m[2m:[0m [2mcrates/sui-core/src/checkpoints/checkpoint_executor/mod.rs[0m[2m:[0m[2m332:[0m Received checkpoint summary from state sync [3msequence_number[0m[2m=[0m451
[2m2025-03-25T07:56:05.295026Z[0m [32m INFO[0m [1mnode[0m[1m{[0m[3mname[0m[2m=[0mk#99f25ef6..[1m}[0m[2m:[0m [2msui_core::checkpoints::checkpoint_executor[0m[2m:[0m [2mcrates/sui-core/src/checkpoints/checkpoint_executor/mod.rs[0m[2m:[0m[2m332:[0m Received checkpoint summary from state sync [3msequence_number[0m[2m=[0m452
[2m2025-03-25T07:56:05.295063Z[0m [32m INFO[0m [1mnode[0m[1m{[0m[3mname[0m[2m=[0mk#99f25ef6..[1m}[0m[2m:[0m [2msui_core::checkpoints::checkpoint_executor[0m[2m:[0m [2mcrates/sui-core/src/checkpoints/checkpoint_executor/mod.rs[0m[2m:[0m[2m332:[0m Received checkpoint summary from state sync [3msequence_number[0m[2m=[0m453
[2m2025-03-25T07:56:05.295100Z[0m [32m INFO[0m [1mnode[0m[1m{[0m[3mname[0m[2m=[0mk#99f25ef6..[1m}[0m[2m:[0m [2msui_core::checkpoints::checkpoint_executor[0m[2m:[0m [2mcrates/sui-core/src/checkpoints/checkpoint_executor/mod.rs[0m[2m:[0m[2m332:[0m Received checkpoint summary from state sync [3msequence_number[0m[2m=[0m454
[2m2025-03-25T07:56:05.295137Z[0m [32m INFO[0m [1mnode[0m[1m{[0m[3mname[0m[2m=[0mk#99f25ef6..[1m}[0m[2m:[0m [2msui_core::checkpoints::checkpoint_executor[0m[2m:[0m [2mcrates/sui-core/src/checkpoints/checkpoint_executor/mod.rs[0m[2m:[0m[2m332:[0m Received checkpoint summary from state sync [3msequence_number[0m[2m=[0m455
[2m2025-03-25T07:56:05.295175Z[0m [32m INFO[0m [1mnode[0m[1m{[0m[3mname[0m[2m=[0mk#99f25ef6..[1m}[0m[2m:[0m [2msui_core::checkpoints::checkpoint_executor[0m[2m:[0m [2mcrates/sui-core/src/checkpoints/checkpoint_executor/mod.rs[0m[2m:[0m[2m332:[0m Received checkpoint summary from state sync [3msequence_number[0m[2m=[0m456
[2m2025-03-25T07:56:05.296539Z[0m [32m INFO[0m [1mnode[0m[1m{[0m[3mname[0m[2m=[0mk#99f25ef6..[1m}[0m[2m:[0m [2msui_core::state_accumulator[0m[2m:[0m [2mcrates/sui-core/src/state_accumulator.rs[0m[2m:[0m[2m675:[0m accumulating running root for checkpoint 456
[2m2025-03-25T07:56:05.305021Z[0m [32m INFO[0m [1mnode[0m[1m{[0m[3mname[0m[2m=[0mk#8dcff6d1..[1m}[0m[2m:[0m [2mconsensus_core::commit_syncer[0m[2m:[0m [2mconsensus/core/src/commit_syncer.rs[0m[2m:[0m[2m196:[0m Checking to schedule fetches: synced_commit_index=244, highest_handled_index=244, highest_scheduled_index=0, quorum_commit_index=243, unhandled_commits_threshold=3200
[2m2025-03-25T07:56:05.328031Z[0m [32m INFO[0m [1mnode[0m[1m{[0m[3mname[0m[2m=[0mk#addeef94..[1m}[0m[2m:[0m [2mconsensus_core::commit_syncer[0m[2m:[0m [2mconsensus/core/src/commit_syncer.rs[0m[2m:[0m[2m196:[0m Checking to schedule fetches: synced_commit_index=244, highest_handled_index=244, highest_scheduled_index=0, quorum_commit_index=0, unhandled_commits_threshold=3200
[2m2025-03-25T07:56:05.330785Z[0m [32m INFO[0m [1mnode[0m[1m{[0m[3mname[0m[2m=[0mk#99f25ef6..[1m}[0m[2m:[0m [2mconsensus_core::commit_syncer[0m[2m:[0m [2mconsensus/core/src/commit_syncer.rs[0m[2m:[0m[2m196:[0m Checking to schedule fetches: synced_commit_index=244, highest_handled_index=244, highest_scheduled_index=0, quorum_commit_index=242, unhandled_commits_threshold=3200
[2m2025-03-25T07:56:05.420797Z[0m [32m INFO[0m [1mnode[0m[1m{[0m[3mname[0m[2m=[0mk#addeef94..[1m}[0m[2m:[0m [2mconsensus_core::core[0m[2m:[0m [2mconsensus/core/src/core.rs[0m[2m:[0m[2m945:[0m Included 2 ancestors & excluded 0 ancestors for proposal in round 257
[2m2025-03-25T07:56:05.421175Z[0m [32m INFO[0m [1mnode[0m[1m{[0m[3mname[0m[2m=[0mk#addeef94..[1m}[0m[2m:[0m [2mconsensus_core::core[0m[2m:[0m [2mconsensus/core/src/core.rs[0m[2m:[0m[2m531:[0m Created block B257(C,KxPQV/M5+aaVjPuDXMSQQTAppGNfNduBgkKhrjbvURc=)(1742889365420ms;[B256(C,G13bqKQgDgc99J7AqItnCSj37vNVVwJ9payvxNTbMqU=), B256(B,BznUEyuQIFsq1MMsLbIFsTORTwSsO8khdsPHQU6DV/A=)];1t;1c) for round 257
[2m2025-03-25T07:56:05.421223Z[0m [32m INFO[0m [1mnode[0m[1m{[0m[3mname[0m[2m=[0mk#99f25ef6..[1m}[0m[2m:[0m [2mconsensus_core::core[0m[2m:[0m [2mconsensus/core/src/core.rs[0m[2m:[0m[2m945:[0m Included 2 ancestors & excluded 0 ancestors for proposal in round 257
[2m2025-03-25T07:56:05.421509Z[0m [32m INFO[0m [1mnode[0m[1m{[0m[3mname[0m[2m=[0mk#99f25ef6..[1m}[0m[2m:[0m [2mconsensus_core::core[0m[2m:[0m [2mconsensus/core/src/core.rs[0m[2m:[0m[2m531:[0m Created block B257(B,yiYUrpNTRF5/x7LrOjOtxxg2UXrNlNAaKS/k3JxzdOc=)(1742889365421ms;[B256(B,BznUEyuQIFsq1MMsLbIFsTORTwSsO8khdsPHQU6DV/A=), B256(C,G13bqKQgDgc99J7AqItnCSj37vNVVwJ9payvxNTbMqU=)];1t;1c) for round 257
[2m2025-03-25T07:56:05.421560Z[0m [32m INFO[0m [1mnode[0m[1m{[0m[3mname[0m[2m=[0mk#b3f3cbb4..[1m}[0m[2m:[0m[1mjson-rpc-request[0m[2m:[0m[1mdev_inspect_transaction_block[0m[1m{[0m[3msender_address[0m[2m=[0m0x0000000000000000000000000000000000000000000000000000000000000000 [3mtx_bytes[0m[2m=[0mBase64("AAMBAQAAAAAAAAAAAAAAAAAAAAAAAAAAAAAAAAAAAAAAAAAJAQAAAAAAAAABAAEMAAgAAAAAAAAAAAEAAAAAAAAAAAAAAAAAAAAAAAAAAAAAAAAAAAAAAAAAAAsGYnJpZGdlIGdldF90b2tlbl90cmFuc2Zlcl9hY3Rpb25fc3RhdHVzAAMBAAABAQABAgA=") [3mgas_price[0m[2m=[0mNone [3m_epoch[0m[2m=[0mNone [3madditional_args[0m[2m=[0mNone[1m}[0m[2m:[0m [2msui_json_rpc::transaction_execution_api[0m[2m:[0m [2mcrates/sui-json-rpc/src/transaction_execution_api.rs[0m[2m:[0m[2m351:[0m RPC took longer than threshold to complete. [3melapsed[0m[2m=[0m1.536969292s
[2m2025-03-25T07:56:05.422951Z[0m [32m INFO[0m [2msui_bridge::e2e_tests::test_utils[0m[2m:[0m [2mcrates/sui-bridge/src/e2e_tests/test_utils.rs[0m[2m:[0m[2m1452:[0m get_token_transfer_action_onchain_status_until_success took 1.702581208s, status: NotFound
[2m2025-03-25T07:56:05.423140Z[0m [32m INFO[0m [1mnode[0m[1m{[0m[3mname[0m[2m=[0mk#8dcff6d1..[1m}[0m[2m:[0m [2mconsensus_core::core[0m[2m:[0m [2mconsensus/core/src/core.rs[0m[2m:[0m[2m945:[0m Included 3 ancestors & excluded 0 ancestors for proposal in round 257
[2m2025-03-25T07:56:05.423187Z[0m [32m INFO[0m [1mnode[0m[1m{[0m[3mname[0m[2m=[0mk#addeef94..[1m}[0m[2m:[0m [2mconsensus_core::core[0m[2m:[0m [2mconsensus/core/src/core.rs[0m[2m:[0m[2m630:[0m Committing 1 leaders: B255(B,ElMH)
[2m2025-03-25T07:56:05.423286Z[0m [32m INFO[0m [1mnode[0m[1m{[0m[3mname[0m[2m=[0mk#addeef94..[1m}[0m[2m:[0m [2mconsensus_core::commit_observer[0m[2m:[0m [2mconsensus/core/src/commit_observer.rs[0m[2m:[0m[2m173:[0m Consensus commit C245(xFpR) with leader B255(B,ElMH) has 3 blocks
[2m2025-03-25T07:56:05.423368Z[0m [32m INFO[0m [1mnode[0m[1m{[0m[3mname[0m[2m=[0mk#addeef94..[1m}[0m[2m:[0m [2msui_core::consensus_handler[0m[2m:[0m [2mcrates/sui-core/src/consensus_handler.rs[0m[2m:[0m[2m232:[0m Received consensus output [3mconsensus_commit[0m[2m=[0mCommittedSubDag(leader=B255(B,ElMH), ref=C245(xFpR), blocks=[kHHA, Y1zQ, ElMH]) [3mepoch[0m[2m=[0m1
[2m2025-03-25T07:56:05.423379Z[0m [32m INFO[0m [1mnode[0m[1m{[0m[3mname[0m[2m=[0mk#99f25ef6..[1m}[0m[2m:[0m [2mconsensus_core::core[0m[2m:[0m [2mconsensus/core/src/core.rs[0m[2m:[0m[2m630:[0m Committing 1 leaders: B255(B,ElMH)
[2m2025-03-25T07:56:05.423463Z[0m [32m INFO[0m [1mnode[0m[1m{[0m[3mname[0m[2m=[0mk#99f25ef6..[1m}[0m[2m:[0m [2mconsensus_core::commit_observer[0m[2m:[0m [2mconsensus/core/src/commit_observer.rs[0m[2m:[0m[2m173:[0m Consensus commit C245(xFpR) with leader B255(B,ElMH) has 3 blocks
[2m2025-03-25T07:56:05.423470Z[0m [32m INFO[0m [1mnode[0m[1m{[0m[3mname[0m[2m=[0mk#8dcff6d1..[1m}[0m[2m:[0m [2mconsensus_core::core[0m[2m:[0m [2mconsensus/core/src/core.rs[0m[2m:[0m[2m531:[0m Created block B257(A,HJpy2Z1C8ClZOXYpcOb3I8cqhKHNOx7E0dIOTMPHJrk=)(1742889365423ms;[B255(A,cc1IquKb4lyGCW53KSIfkCXYOJ4MtwBAitdMEEEsBKg=), B256(B,BznUEyuQIFsq1MMsLbIFsTORTwSsO8khdsPHQU6DV/A=), B256(C,G13bqKQgDgc99J7AqItnCSj37vNVVwJ9payvxNTbMqU=)];2t;2c) for round 257
[2m2025-03-25T07:56:05.423534Z[0m [32m INFO[0m [1mnode[0m[1m{[0m[3mname[0m[2m=[0mk#8dcff6d1..[1m}[0m[2m:[0m [2mconsensus_core::core[0m[2m:[0m [2mconsensus/core/src/core.rs[0m[2m:[0m[2m630:[0m Committing 1 leaders: B255(B,ElMH)
[2m2025-03-25T07:56:05.423533Z[0m [32m INFO[0m [1mnode[0m[1m{[0m[3mname[0m[2m=[0mk#99f25ef6..[1m}[0m[2m:[0m [2msui_core::consensus_handler[0m[2m:[0m [2mcrates/sui-core/src/consensus_handler.rs[0m[2m:[0m[2m232:[0m Received consensus output [3mconsensus_commit[0m[2m=[0mCommittedSubDag(leader=B255(B,ElMH), ref=C245(xFpR), blocks=[kHHA, Y1zQ, ElMH]) [3mepoch[0m[2m=[0m1
[2m2025-03-25T07:56:05.423600Z[0m [32m INFO[0m [1mnode[0m[1m{[0m[3mname[0m[2m=[0mk#8dcff6d1..[1m}[0m[2m:[0m [2mconsensus_core::commit_observer[0m[2m:[0m [2mconsensus/core/src/commit_observer.rs[0m[2m:[0m[2m173:[0m Consensus commit C245(xFpR) with leader B255(B,ElMH) has 3 blocks
[2m2025-03-25T07:56:05.423686Z[0m [32m INFO[0m [1mnode[0m[1m{[0m[3mname[0m[2m=[0mk#8dcff6d1..[1m}[0m[2m:[0m [2msui_core::consensus_handler[0m[2m:[0m [2mcrates/sui-core/src/consensus_handler.rs[0m[2m:[0m[2m232:[0m Received consensus output [3mconsensus_commit[0m[2m=[0mCommittedSubDag(leader=B255(B,ElMH), ref=C245(xFpR), blocks=[kHHA, Y1zQ, ElMH]) [3mepoch[0m[2m=[0m1
[2m2025-03-25T07:56:05.435511Z[0m [32m INFO[0m [1mnode[0m[1m{[0m[3mname[0m[2m=[0mk#b3f3cbb4..[1m}[0m[2m:[0m [2msui_core::state_accumulator[0m[2m:[0m [2mcrates/sui-core/src/state_accumulator.rs[0m[2m:[0m[2m675:[0m accumulating running root for checkpoint 428
[2m2025-03-25T07:56:05.450144Z[0m [32m INFO[0m [1mnode[0m[1m{[0m[3mname[0m[2m=[0mk#99f25ef6..[1m}[0m[2m:[0m [2msui_core::checkpoints[0m[2m:[0m [2mcrates/sui-core/src/checkpoints/mod.rs[0m[2m:[0m[2m1326:[0m Creating checkpoint(s) for 2 transactions [3mnext_checkpoint_seq[0m[2m=[0m458 [3mcheckpoint_timestamp[0m[2m=[0m1742889364912
[2m2025-03-25T07:56:05.450144Z[0m [32m INFO[0m [1mnode[0m[1m{[0m[3mname[0m[2m=[0mk#8dcff6d1..[1m}[0m[2m:[0m [2msui_core::checkpoints[0m[2m:[0m [2mcrates/sui-core/src/checkpoints/mod.rs[0m[2m:[0m[2m1326:[0m Creating checkpoint(s) for 2 transactions [3mnext_checkpoint_seq[0m[2m=[0m458 [3mcheckpoint_timestamp[0m[2m=[0m1742889364912
[2m2025-03-25T07:56:05.450149Z[0m [32m INFO[0m [1mnode[0m[1m{[0m[3mname[0m[2m=[0mk#addeef94..[1m}[0m[2m:[0m [2msui_core::checkpoints[0m[2m:[0m [2mcrates/sui-core/src/checkpoints/mod.rs[0m[2m:[0m[2m1326:[0m Creating checkpoint(s) for 2 transactions [3mnext_checkpoint_seq[0m[2m=[0m458 [3mcheckpoint_timestamp[0m[2m=[0m1742889364912
[2m2025-03-25T07:56:05.450459Z[0m [32m INFO[0m [1mnode[0m[1m{[0m[3mname[0m[2m=[0mk#addeef94..[1m}[0m[2m:[0m [2msui_core::checkpoints::checkpoint_output[0m[2m:[0m [2mcrates/sui-core/src/checkpoints/checkpoint_output.rs[0m[2m:[0m[2m149:[0m Creating checkpoint CheckpointDigest(9dpxfwFGczSzh8PMPetKVxL1kfaH3AE571jJAMiebs9H) at epoch 1, sequence 458, previous digest Some(CheckpointDigest(BNX6iX13MfpaBFiTcbQ96HYn3LprG8mBpfQF1pQBqpeX)), transactions count 2, content digest CheckpointContentsDigest(4AEmdXifbbGf9rtUNAiH5HQZNLun1Wrpkyfg45HaVbdQ), end_of_epoch_data None
[2m2025-03-25T07:56:05.450459Z[0m [32m INFO[0m [1mnode[0m[1m{[0m[3mname[0m[2m=[0mk#8dcff6d1..[1m}[0m[2m:[0m [2msui_core::checkpoints::checkpoint_output[0m[2m:[0m [2mcrates/sui-core/src/checkpoints/checkpoint_output.rs[0m[2m:[0m[2m149:[0m Creating checkpoint CheckpointDigest(9dpxfwFGczSzh8PMPetKVxL1kfaH3AE571jJAMiebs9H) at epoch 1, sequence 458, previous digest Some(CheckpointDigest(BNX6iX13MfpaBFiTcbQ96HYn3LprG8mBpfQF1pQBqpeX)), transactions count 2, content digest CheckpointContentsDigest(4AEmdXifbbGf9rtUNAiH5HQZNLun1Wrpkyfg45HaVbdQ), end_of_epoch_data None
[2m2025-03-25T07:56:05.450459Z[0m [32m INFO[0m [1mnode[0m[1m{[0m[3mname[0m[2m=[0mk#99f25ef6..[1m}[0m[2m:[0m [2msui_core::checkpoints::checkpoint_output[0m[2m:[0m [2mcrates/sui-core/src/checkpoints/checkpoint_output.rs[0m[2m:[0m[2m149:[0m Creating checkpoint CheckpointDigest(9dpxfwFGczSzh8PMPetKVxL1kfaH3AE571jJAMiebs9H) at epoch 1, sequence 458, previous digest Some(CheckpointDigest(BNX6iX13MfpaBFiTcbQ96HYn3LprG8mBpfQF1pQBqpeX)), transactions count 2, content digest CheckpointContentsDigest(4AEmdXifbbGf9rtUNAiH5HQZNLun1Wrpkyfg45HaVbdQ), end_of_epoch_data None
[2m2025-03-25T07:56:05.453641Z[0m [32m INFO[0m [1mnode[0m[1m{[0m[3mname[0m[2m=[0mk#8dcff6d1..[1m}[0m[2m:[0m [2msui_core::checkpoints::checkpoint_output[0m[2m:[0m [2mcrates/sui-core/src/checkpoints/checkpoint_output.rs[0m[2m:[0m[2m196:[0m Certified checkpoint with sequence 457 and digest BNX6iX13MfpaBFiTcbQ96HYn3LprG8mBpfQF1pQBqpeX
[2m2025-03-25T07:56:05.453886Z[0m [32m INFO[0m [1mnode[0m[1m{[0m[3mname[0m[2m=[0mk#99f25ef6..[1m}[0m[2m:[0m [2msui_core::checkpoints::checkpoint_output[0m[2m:[0m [2mcrates/sui-core/src/checkpoints/checkpoint_output.rs[0m[2m:[0m[2m196:[0m Certified checkpoint with sequence 457 and digest BNX6iX13MfpaBFiTcbQ96HYn3LprG8mBpfQF1pQBqpeX
[2m2025-03-25T07:56:05.454069Z[0m [32m INFO[0m [1mnode[0m[1m{[0m[3mname[0m[2m=[0mk#8dcff6d1..[1m}[0m[2m:[0m [2msui_core::checkpoints::checkpoint_executor[0m[2m:[0m [2mcrates/sui-core/src/checkpoints/checkpoint_executor/mod.rs[0m[2m:[0m[2m332:[0m Received checkpoint summary from state sync [3msequence_number[0m[2m=[0m457
[2m2025-03-25T07:56:05.454274Z[0m [32m INFO[0m [1mnode[0m[1m{[0m[3mname[0m[2m=[0mk#99f25ef6..[1m}[0m[2m:[0m [2msui_core::checkpoints::checkpoint_executor[0m[2m:[0m [2mcrates/sui-core/src/checkpoints/checkpoint_executor/mod.rs[0m[2m:[0m[2m332:[0m Received checkpoint summary from state sync [3msequence_number[0m[2m=[0m457
[2m2025-03-25T07:56:05.455222Z[0m [32m INFO[0m [1mnode[0m[1m{[0m[3mname[0m[2m=[0mk#99f25ef6..[1m}[0m[2m:[0m [2msui_core::state_accumulator[0m[2m:[0m [2mcrates/sui-core/src/state_accumulator.rs[0m[2m:[0m[2m675:[0m accumulating running root for checkpoint 457
[2m2025-03-25T07:56:05.455222Z[0m [32m INFO[0m [1mnode[0m[1m{[0m[3mname[0m[2m=[0mk#8dcff6d1..[1m}[0m[2m:[0m [2msui_core::state_accumulator[0m[2m:[0m [2mcrates/sui-core/src/state_accumulator.rs[0m[2m:[0m[2m675:[0m accumulating running root for checkpoint 457
[2m2025-03-25T07:56:05.457369Z[0m [32m INFO[0m [1mnode[0m[1m{[0m[3mname[0m[2m=[0mk#addeef94..[1m}[0m[2m:[0m [2msui_core::checkpoints::checkpoint_executor[0m[2m:[0m [2mcrates/sui-core/src/checkpoints/checkpoint_executor/mod.rs[0m[2m:[0m[2m332:[0m Received checkpoint summary from state sync [3msequence_number[0m[2m=[0m457
[2m2025-03-25T07:56:05.458092Z[0m [32m INFO[0m [1mnode[0m[1m{[0m[3mname[0m[2m=[0mk#addeef94..[1m}[0m[2m:[0m [2msui_core::state_accumulator[0m[2m:[0m [2mcrates/sui-core/src/state_accumulator.rs[0m[2m:[0m[2m675:[0m accumulating running root for checkpoint 457
[2m2025-03-25T07:56:05.462530Z[0m [32m INFO[0m [1mnode[0m[1m{[0m[3mname[0m[2m=[0mk#b3f3cbb4..[1m}[0m[2m:[0m [2msui_core::state_accumulator[0m[2m:[0m [2mcrates/sui-core/src/state_accumulator.rs[0m[2m:[0m[2m675:[0m accumulating running root for checkpoint 429
[2m2025-03-25T07:56:05.462762Z[0m [32m INFO[0m [1mnode[0m[1m{[0m[3mname[0m[2m=[0mk#b3f3cbb4..[1m}[0m[2m:[0m [2msui_core::checkpoints::checkpoint_executor[0m[2m:[0m [2mcrates/sui-core/src/checkpoints/checkpoint_executor/mod.rs[0m[2m:[0m[2m332:[0m Received checkpoint summary from state sync [3msequence_number[0m[2m=[0m449
[2m2025-03-25T07:56:05.499401Z[0m [32m INFO[0m [1mnode[0m[1m{[0m[3mname[0m[2m=[0mk#b3f3cbb4..[1m}[0m[2m:[0m [2msui_core::state_accumulator[0m[2m:[0m [2mcrates/sui-core/src/state_accumulator.rs[0m[2m:[0m[2m675:[0m accumulating running root for checkpoint 430
[2m2025-03-25T07:56:05.525268Z[0m [32m INFO[0m [1mobservable[0m[1m{[0m[3mname[0m[2m=[0m"SuiBridgeStatus"[1m}[0m[2m:[0m [2msui_bridge::sui_bridge_watchdog::sui_bridge_status[0m[2m:[0m [2mcrates/sui-bridge/src/sui_bridge_watchdog/sui_bridge_status.rs[0m[2m:[0m[2m37:[0m Sui Bridge Status: false
[2m2025-03-25T07:56:05.526769Z[0m [32m INFO[0m [1mobservable[0m[1m{[0m[3mname[0m[2m=[0m"SuiBridgeStatus"[1m}[0m[2m:[0m [2msui_bridge::sui_bridge_watchdog::sui_bridge_status[0m[2m:[0m [2mcrates/sui-bridge/src/sui_bridge_watchdog/sui_bridge_status.rs[0m[2m:[0m[2m37:[0m Sui Bridge Status: false
[2m2025-03-25T07:56:05.527147Z[0m [32m INFO[0m [1mobservable[0m[1m{[0m[3mname[0m[2m=[0m"SuiBridgeStatus"[1m}[0m[2m:[0m [2msui_bridge::sui_bridge_watchdog::sui_bridge_status[0m[2m:[0m [2mcrates/sui-bridge/src/sui_bridge_watchdog/sui_bridge_status.rs[0m[2m:[0m[2m37:[0m Sui Bridge Status: false
[2m2025-03-25T07:56:05.527338Z[0m [32m INFO[0m [1mnode[0m[1m{[0m[3mname[0m[2m=[0mk#b3f3cbb4..[1m}[0m[2m:[0m [2msui_core::state_accumulator[0m[2m:[0m [2mcrates/sui-core/src/state_accumulator.rs[0m[2m:[0m[2m675:[0m accumulating running root for checkpoint 431
[2m2025-03-25T07:56:05.563278Z[0m [32m INFO[0m [1mnode[0m[1m{[0m[3mname[0m[2m=[0mk#b3f3cbb4..[1m}[0m[2m:[0m [2msui_core::state_accumulator[0m[2m:[0m [2mcrates/sui-core/src/state_accumulator.rs[0m[2m:[0m[2m675:[0m accumulating running root for checkpoint 432
[2m2025-03-25T07:56:05.593362Z[0m [32m INFO[0m [1mnode[0m[1m{[0m[3mname[0m[2m=[0mk#b3f3cbb4..[1m}[0m[2m:[0m [2msui_core::state_accumulator[0m[2m:[0m [2mcrates/sui-core/src/state_accumulator.rs[0m[2m:[0m[2m675:[0m accumulating running root for checkpoint 433
[2m2025-03-25T07:56:05.635037Z[0m [32m INFO[0m [1mnode[0m[1m{[0m[3mname[0m[2m=[0mk#b3f3cbb4..[1m}[0m[2m:[0m [2msui_core::state_accumulator[0m[2m:[0m [2mcrates/sui-core/src/state_accumulator.rs[0m[2m:[0m[2m675:[0m accumulating running root for checkpoint 434
[2m2025-03-25T07:56:05.635287Z[0m [32m INFO[0m [1mnode[0m[1m{[0m[3mname[0m[2m=[0mk#b3f3cbb4..[1m}[0m[2m:[0m [2msui_core::checkpoints::checkpoint_executor[0m[2m:[0m [2mcrates/sui-core/src/checkpoints/checkpoint_executor/mod.rs[0m[2m:[0m[2m332:[0m Received checkpoint summary from state sync [3msequence_number[0m[2m=[0m450
[2m2025-03-25T07:56:05.663052Z[0m [32m INFO[0m [1mnode[0m[1m{[0m[3mname[0m[2m=[0mk#b3f3cbb4..[1m}[0m[2m:[0m [2msui_core::state_accumulator[0m[2m:[0m [2mcrates/sui-core/src/state_accumulator.rs[0m[2m:[0m[2m675:[0m accumulating running root for checkpoint 435
[2m2025-03-25T07:56:05.675152Z[0m [32m INFO[0m [1mnode[0m[1m{[0m[3mname[0m[2m=[0mk#99f25ef6..[1m}[0m[2m:[0m [2mconsensus_core::core[0m[2m:[0m [2mconsensus/core/src/core.rs[0m[2m:[0m[2m945:[0m Included 3 ancestors & excluded 0 ancestors for proposal in round 258
[2m2025-03-25T07:56:05.675170Z[0m [32m INFO[0m [1mnode[0m[1m{[0m[3mname[0m[2m=[0mk#addeef94..[1m}[0m[2m:[0m [2mconsensus_core::core[0m[2m:[0m [2mconsensus/core/src/core.rs[0m[2m:[0m[2m945:[0m Included 3 ancestors & excluded 0 ancestors for proposal in round 258
[2m2025-03-25T07:56:05.675343Z[0m [32m INFO[0m [1mnode[0m[1m{[0m[3mname[0m[2m=[0mk#8dcff6d1..[1m}[0m[2m:[0m [2mconsensus_core::core[0m[2m:[0m [2mconsensus/core/src/core.rs[0m[2m:[0m[2m945:[0m Included 3 ancestors & excluded 0 ancestors for proposal in round 258
[2m2025-03-25T07:56:05.675520Z[0m [32m INFO[0m [1mnode[0m[1m{[0m[3mname[0m[2m=[0mk#addeef94..[1m}[0m[2m:[0m [2mconsensus_core::core[0m[2m:[0m [2mconsensus/core/src/core.rs[0m[2m:[0m[2m531:[0m Created block B258(C,nIQmY4hYidIYt/H/JsRZjoOdhl2o9bJiQGkcgcEdF2E=)(1742889365675ms;[B257(C,KxPQV/M5+aaVjPuDXMSQQTAppGNfNduBgkKhrjbvURc=), B257(A,HJpy2Z1C8ClZOXYpcOb3I8cqhKHNOx7E0dIOTMPHJrk=), B257(B,yiYUrpNTRF5/x7LrOjOtxxg2UXrNlNAaKS/k3JxzdOc=)];1t;1c) for round 258
[2m2025-03-25T07:56:05.675520Z[0m [32m INFO[0m [1mnode[0m[1m{[0m[3mname[0m[2m=[0mk#99f25ef6..[1m}[0m[2m:[0m [2mconsensus_core::core[0m[2m:[0m [2mconsensus/core/src/core.rs[0m[2m:[0m[2m531:[0m Created block B258(B,dfVnMD584nkuOvGC3fOPfP/YLNl8LL8brS+2XSg+DJM=)(1742889365675ms;[B257(B,yiYUrpNTRF5/x7LrOjOtxxg2UXrNlNAaKS/k3JxzdOc=), B257(A,HJpy2Z1C8ClZOXYpcOb3I8cqhKHNOx7E0dIOTMPHJrk=), B257(C,KxPQV/M5+aaVjPuDXMSQQTAppGNfNduBgkKhrjbvURc=)];1t;1c) for round 258
[2m2025-03-25T07:56:05.675641Z[0m [32m INFO[0m [1mnode[0m[1m{[0m[3mname[0m[2m=[0mk#8dcff6d1..[1m}[0m[2m:[0m [2mconsensus_core::core[0m[2m:[0m [2mconsensus/core/src/core.rs[0m[2m:[0m[2m531:[0m Created block B258(A,YDIQTvASc5uGIIua8dwf70eTR3OdFe8PjuuHQYtzllU=)(1742889365675ms;[B257(A,HJpy2Z1C8ClZOXYpcOb3I8cqhKHNOx7E0dIOTMPHJrk=), B257(B,yiYUrpNTRF5/x7LrOjOtxxg2UXrNlNAaKS/k3JxzdOc=), B257(C,KxPQV/M5+aaVjPuDXMSQQTAppGNfNduBgkKhrjbvURc=)];1t;1c) for round 258
[2m2025-03-25T07:56:05.677443Z[0m [32m INFO[0m [1mnode[0m[1m{[0m[3mname[0m[2m=[0mk#8dcff6d1..[1m}[0m[2m:[0m [2mconsensus_core::core[0m[2m:[0m [2mconsensus/core/src/core.rs[0m[2m:[0m[2m630:[0m Committing 1 leaders: B256(B,BznU)
[2m2025-03-25T07:56:05.677495Z[0m [32m INFO[0m [1mnode[0m[1m{[0m[3mname[0m[2m=[0mk#addeef94..[1m}[0m[2m:[0m [2mconsensus_core::core[0m[2m:[0m [2mconsensus/core/src/core.rs[0m[2m:[0m[2m630:[0m Committing 1 leaders: B256(B,BznU)
[2m2025-03-25T07:56:05.677539Z[0m [32m INFO[0m [1mnode[0m[1m{[0m[3mname[0m[2m=[0mk#8dcff6d1..[1m}[0m[2m:[0m [2mconsensus_core::commit_observer[0m[2m:[0m [2mconsensus/core/src/commit_observer.rs[0m[2m:[0m[2m173:[0m Consensus commit C246(5O9p) with leader B256(B,BznU) has 3 blocks
[2m2025-03-25T07:56:05.677586Z[0m [32m INFO[0m [1mnode[0m[1m{[0m[3mname[0m[2m=[0mk#addeef94..[1m}[0m[2m:[0m [2mconsensus_core::commit_observer[0m[2m:[0m [2mconsensus/core/src/commit_observer.rs[0m[2m:[0m[2m173:[0m Consensus commit C246(5O9p) with leader B256(B,BznU) has 3 blocks
[2m2025-03-25T07:56:05.677621Z[0m [32m INFO[0m [1mnode[0m[1m{[0m[3mname[0m[2m=[0mk#8dcff6d1..[1m}[0m[2m:[0m [2msui_core::consensus_handler[0m[2m:[0m [2mcrates/sui-core/src/consensus_handler.rs[0m[2m:[0m[2m232:[0m Received consensus output [3mconsensus_commit[0m[2m=[0mCommittedSubDag(leader=B256(B,BznU), ref=C246(5O9p), blocks=[cc1I, CsLX, BznU]) [3mepoch[0m[2m=[0m1
[2m2025-03-25T07:56:05.677661Z[0m [32m INFO[0m [1mnode[0m[1m{[0m[3mname[0m[2m=[0mk#addeef94..[1m}[0m[2m:[0m [2msui_core::consensus_handler[0m[2m:[0m [2mcrates/sui-core/src/consensus_handler.rs[0m[2m:[0m[2m232:[0m Received consensus output [3mconsensus_commit[0m[2m=[0mCommittedSubDag(leader=B256(B,BznU), ref=C246(5O9p), blocks=[cc1I, CsLX, BznU]) [3mepoch[0m[2m=[0m1
[2m2025-03-25T07:56:05.679593Z[0m [32m INFO[0m [1mnode[0m[1m{[0m[3mname[0m[2m=[0mk#99f25ef6..[1m}[0m[2m:[0m [2msui_core::checkpoints::checkpoint_output[0m[2m:[0m [2mcrates/sui-core/src/checkpoints/checkpoint_output.rs[0m[2m:[0m[2m196:[0m Certified checkpoint with sequence 458 and digest 9dpxfwFGczSzh8PMPetKVxL1kfaH3AE571jJAMiebs9H
[2m2025-03-25T07:56:05.679760Z[0m [32m INFO[0m [1mnode[0m[1m{[0m[3mname[0m[2m=[0mk#99f25ef6..[1m}[0m[2m:[0m [2mconsensus_core::core[0m[2m:[0m [2mconsensus/core/src/core.rs[0m[2m:[0m[2m630:[0m Committing 1 leaders: B256(B,BznU)
[2m2025-03-25T07:56:05.679847Z[0m [32m INFO[0m [1mnode[0m[1m{[0m[3mname[0m[2m=[0mk#99f25ef6..[1m}[0m[2m:[0m [2mconsensus_core::commit_observer[0m[2m:[0m [2mconsensus/core/src/commit_observer.rs[0m[2m:[0m[2m173:[0m Consensus commit C246(5O9p) with leader B256(B,BznU) has 3 blocks
[2m2025-03-25T07:56:05.680324Z[0m [32m INFO[0m [1mnode[0m[1m{[0m[3mname[0m[2m=[0mk#99f25ef6..[1m}[0m[2m:[0m [2msui_core::consensus_handler[0m[2m:[0m [2mcrates/sui-core/src/consensus_handler.rs[0m[2m:[0m[2m232:[0m Received consensus output [3mconsensus_commit[0m[2m=[0mCommittedSubDag(leader=B256(B,BznU), ref=C246(5O9p), blocks=[cc1I, CsLX, BznU]) [3mepoch[0m[2m=[0m1
[2m2025-03-25T07:56:05.680898Z[0m [32m INFO[0m [1mnode[0m[1m{[0m[3mname[0m[2m=[0mk#99f25ef6..[1m}[0m[2m:[0m [2msui_core::checkpoints::checkpoint_executor[0m[2m:[0m [2mcrates/sui-core/src/checkpoints/checkpoint_executor/mod.rs[0m[2m:[0m[2m332:[0m Received checkpoint summary from state sync [3msequence_number[0m[2m=[0m458
[2m2025-03-25T07:56:05.694657Z[0m [32m INFO[0m [1mnode[0m[1m{[0m[3mname[0m[2m=[0mk#99f25ef6..[1m}[0m[2m:[0m [2msui_core::state_accumulator[0m[2m:[0m [2mcrates/sui-core/src/state_accumulator.rs[0m[2m:[0m[2m675:[0m accumulating running root for checkpoint 458
[2m2025-03-25T07:56:05.726605Z[0m [32m INFO[0m [1mnode[0m[1m{[0m[3mname[0m[2m=[0mk#addeef94..[1m}[0m[2m:[0m [2msui_core::checkpoints[0m[2m:[0m [2mcrates/sui-core/src/checkpoints/mod.rs[0m[2m:[0m[2m1326:[0m Creating checkpoint(s) for 1 transactions [3mnext_checkpoint_seq[0m[2m=[0m459 [3mcheckpoint_timestamp[0m[2m=[0m1742889365167
[2m2025-03-25T07:56:05.726845Z[0m [32m INFO[0m [1mnode[0m[1m{[0m[3mname[0m[2m=[0mk#addeef94..[1m}[0m[2m:[0m [2msui_core::checkpoints::checkpoint_output[0m[2m:[0m [2mcrates/sui-core/src/checkpoints/checkpoint_output.rs[0m[2m:[0m[2m149:[0m Creating checkpoint CheckpointDigest(4Cb17RMqLsZP3QFGMKHWDy8xkcPx3Nhwz7PxqPUDePuY) at epoch 1, sequence 459, previous digest Some(CheckpointDigest(9dpxfwFGczSzh8PMPetKVxL1kfaH3AE571jJAMiebs9H)), transactions count 1, content digest CheckpointContentsDigest(75DtFocrapYM8SSP1EEyBJbEnmWzJBgN9B8cMnHtZZKb), end_of_epoch_data None
[2m2025-03-25T07:56:05.727199Z[0m [32m INFO[0m [1mnode[0m[1m{[0m[3mname[0m[2m=[0mk#8dcff6d1..[1m}[0m[2m:[0m [2msui_core::checkpoints[0m[2m:[0m [2mcrates/sui-core/src/checkpoints/mod.rs[0m[2m:[0m[2m1326:[0m Creating checkpoint(s) for 1 transactions [3mnext_checkpoint_seq[0m[2m=[0m459 [3mcheckpoint_timestamp[0m[2m=[0m1742889365167
[2m2025-03-25T07:56:05.727371Z[0m [32m INFO[0m [1mnode[0m[1m{[0m[3mname[0m[2m=[0mk#8dcff6d1..[1m}[0m[2m:[0m [2msui_core::checkpoints::checkpoint_output[0m[2m:[0m [2mcrates/sui-core/src/checkpoints/checkpoint_output.rs[0m[2m:[0m[2m149:[0m Creating checkpoint CheckpointDigest(4Cb17RMqLsZP3QFGMKHWDy8xkcPx3Nhwz7PxqPUDePuY) at epoch 1, sequence 459, previous digest Some(CheckpointDigest(9dpxfwFGczSzh8PMPetKVxL1kfaH3AE571jJAMiebs9H)), transactions count 1, content digest CheckpointContentsDigest(75DtFocrapYM8SSP1EEyBJbEnmWzJBgN9B8cMnHtZZKb), end_of_epoch_data None
[2m2025-03-25T07:56:05.729344Z[0m [32m INFO[0m [1mnode[0m[1m{[0m[3mname[0m[2m=[0mk#99f25ef6..[1m}[0m[2m:[0m [2msui_core::checkpoints[0m[2m:[0m [2mcrates/sui-core/src/checkpoints/mod.rs[0m[2m:[0m[2m1326:[0m Creating checkpoint(s) for 1 transactions [3mnext_checkpoint_seq[0m[2m=[0m459 [3mcheckpoint_timestamp[0m[2m=[0m1742889365167
[2m2025-03-25T07:56:05.729517Z[0m [32m INFO[0m [1mnode[0m[1m{[0m[3mname[0m[2m=[0mk#99f25ef6..[1m}[0m[2m:[0m [2msui_core::checkpoints::checkpoint_output[0m[2m:[0m [2mcrates/sui-core/src/checkpoints/checkpoint_output.rs[0m[2m:[0m[2m149:[0m Creating checkpoint CheckpointDigest(4Cb17RMqLsZP3QFGMKHWDy8xkcPx3Nhwz7PxqPUDePuY) at epoch 1, sequence 459, previous digest Some(CheckpointDigest(9dpxfwFGczSzh8PMPetKVxL1kfaH3AE571jJAMiebs9H)), transactions count 1, content digest CheckpointContentsDigest(75DtFocrapYM8SSP1EEyBJbEnmWzJBgN9B8cMnHtZZKb), end_of_epoch_data None
[2m2025-03-25T07:56:05.730342Z[0m [32m INFO[0m [1mnode[0m[1m{[0m[3mname[0m[2m=[0mk#8dcff6d1..[1m}[0m[2m:[0m [2msui_core::checkpoints::checkpoint_output[0m[2m:[0m [2mcrates/sui-core/src/checkpoints/checkpoint_output.rs[0m[2m:[0m[2m196:[0m Certified checkpoint with sequence 458 and digest 9dpxfwFGczSzh8PMPetKVxL1kfaH3AE571jJAMiebs9H
[2m2025-03-25T07:56:05.733492Z[0m [32m INFO[0m [1mnode[0m[1m{[0m[3mname[0m[2m=[0mk#8dcff6d1..[1m}[0m[2m:[0m [2msui_core::checkpoints::checkpoint_executor[0m[2m:[0m [2mcrates/sui-core/src/checkpoints/checkpoint_executor/mod.rs[0m[2m:[0m[2m332:[0m Received checkpoint summary from state sync [3msequence_number[0m[2m=[0m458
[2m2025-03-25T07:56:05.752556Z[0m [32m INFO[0m [1mnode[0m[1m{[0m[3mname[0m[2m=[0mk#8dcff6d1..[1m}[0m[2m:[0m [2msui_core::state_accumulator[0m[2m:[0m [2mcrates/sui-core/src/state_accumulator.rs[0m[2m:[0m[2m675:[0m accumulating running root for checkpoint 458
[2m2025-03-25T07:56:05.756544Z[0m [32m INFO[0m [1mnode[0m[1m{[0m[3mname[0m[2m=[0mk#b3f3cbb4..[1m}[0m[2m:[0m [2msui_core::state_accumulator[0m[2m:[0m [2mcrates/sui-core/src/state_accumulator.rs[0m[2m:[0m[2m675:[0m accumulating running root for checkpoint 436
[2m2025-03-25T07:56:05.756871Z[0m [32m INFO[0m [1mnode[0m[1m{[0m[3mname[0m[2m=[0mk#b3f3cbb4..[1m}[0m[2m:[0m [2msui_core::checkpoints::checkpoint_executor[0m[2m:[0m [2mcrates/sui-core/src/checkpoints/checkpoint_executor/mod.rs[0m[2m:[0m[2m332:[0m Received checkpoint summary from state sync [3msequence_number[0m[2m=[0m451
[2m2025-03-25T07:56:05.756919Z[0m [32m INFO[0m [1mnode[0m[1m{[0m[3mname[0m[2m=[0mk#b3f3cbb4..[1m}[0m[2m:[0m [2msui_core::checkpoints::checkpoint_executor[0m[2m:[0m [2mcrates/sui-core/src/checkpoints/checkpoint_executor/mod.rs[0m[2m:[0m[2m332:[0m Received checkpoint summary from state sync [3msequence_number[0m[2m=[0m452
[2m2025-03-25T07:56:05.756961Z[0m [32m INFO[0m [1mnode[0m[1m{[0m[3mname[0m[2m=[0mk#b3f3cbb4..[1m}[0m[2m:[0m [2msui_core::checkpoints::checkpoint_executor[0m[2m:[0m [2mcrates/sui-core/src/checkpoints/checkpoint_executor/mod.rs[0m[2m:[0m[2m332:[0m Received checkpoint summary from state sync [3msequence_number[0m[2m=[0m453
[2m2025-03-25T07:56:05.783906Z[0m [32m INFO[0m [1mnode[0m[1m{[0m[3mname[0m[2m=[0mk#b3f3cbb4..[1m}[0m[2m:[0m [2msui_core::state_accumulator[0m[2m:[0m [2mcrates/sui-core/src/state_accumulator.rs[0m[2m:[0m[2m675:[0m accumulating running root for checkpoint 437
[2m2025-03-25T07:56:05.796158Z[0m [32m INFO[0m [1mnode[0m[1m{[0m[3mname[0m[2m=[0mk#addeef94..[1m}[0m[2m:[0m [2msui_core::checkpoints::checkpoint_executor[0m[2m:[0m [2mcrates/sui-core/src/checkpoints/checkpoint_executor/mod.rs[0m[2m:[0m[2m332:[0m Received checkpoint summary from state sync [3msequence_number[0m[2m=[0m458
[2m2025-03-25T07:56:05.797460Z[0m [32m INFO[0m [1mnode[0m[1m{[0m[3mname[0m[2m=[0mk#addeef94..[1m}[0m[2m:[0m [2msui_core::state_accumulator[0m[2m:[0m [2mcrates/sui-core/src/state_accumulator.rs[0m[2m:[0m[2m675:[0m accumulating running root for checkpoint 458
[2m2025-03-25T07:56:05.873456Z[0m [32m INFO[0m [1mnode[0m[1m{[0m[3mname[0m[2m=[0mk#b3f3cbb4..[1m}[0m[2m:[0m [2msui_core::state_accumulator[0m[2m:[0m [2mcrates/sui-core/src/state_accumulator.rs[0m[2m:[0m[2m675:[0m accumulating running root for checkpoint 438
[2m2025-03-25T07:56:05.873751Z[0m [32m INFO[0m [1mnode[0m[1m{[0m[3mname[0m[2m=[0mk#b3f3cbb4..[1m}[0m[2m:[0m [2msui_core::checkpoints::checkpoint_executor[0m[2m:[0m [2mcrates/sui-core/src/checkpoints/checkpoint_executor/mod.rs[0m[2m:[0m[2m332:[0m Received checkpoint summary from state sync [3msequence_number[0m[2m=[0m454
[2m2025-03-25T07:56:05.873794Z[0m [32m INFO[0m [1mnode[0m[1m{[0m[3mname[0m[2m=[0mk#b3f3cbb4..[1m}[0m[2m:[0m [2msui_core::checkpoints::checkpoint_executor[0m[2m:[0m [2mcrates/sui-core/src/checkpoints/checkpoint_executor/mod.rs[0m[2m:[0m[2m332:[0m Received checkpoint summary from state sync [3msequence_number[0m[2m=[0m455
[2m2025-03-25T07:56:05.900627Z[0m [32m INFO[0m [1mnode[0m[1m{[0m[3mname[0m[2m=[0mk#b3f3cbb4..[1m}[0m[2m:[0m [2msui_core::state_accumulator[0m[2m:[0m [2mcrates/sui-core/src/state_accumulator.rs[0m[2m:[0m[2m675:[0m accumulating running root for checkpoint 439
[2m2025-03-25T07:56:05.929273Z[0m [32m INFO[0m [1mnode[0m[1m{[0m[3mname[0m[2m=[0mk#8dcff6d1..[1m}[0m[2m:[0m [2mconsensus_core::core[0m[2m:[0m [2mconsensus/core/src/core.rs[0m[2m:[0m[2m945:[0m Included 3 ancestors & excluded 0 ancestors for proposal in round 259
[2m2025-03-25T07:56:05.929627Z[0m [32m INFO[0m [1mnode[0m[1m{[0m[3mname[0m[2m=[0mk#8dcff6d1..[1m}[0m[2m:[0m [2mconsensus_core::core[0m[2m:[0m [2mconsensus/core/src/core.rs[0m[2m:[0m[2m531:[0m Created block B259(A,IMO+U45qGxJh+DOs6Rp7x6oBzlJdCuv1WhngKkELHwU=)(1742889365929ms;[B258(A,YDIQTvASc5uGIIua8dwf70eTR3OdFe8PjuuHQYtzllU=), B258(B,dfVnMD584nkuOvGC3fOPfP/YLNl8LL8brS+2XSg+DJM=), B258(C,nIQmY4hYidIYt/H/JsRZjoOdhl2o9bJiQGkcgcEdF2E=)];1t;1c) for round 259
[2m2025-03-25T07:56:05.929691Z[0m [32m INFO[0m [1mnode[0m[1m{[0m[3mname[0m[2m=[0mk#addeef94..[1m}[0m[2m:[0m [2mconsensus_core::core[0m[2m:[0m [2mconsensus/core/src/core.rs[0m[2m:[0m[2m945:[0m Included 3 ancestors & excluded 0 ancestors for proposal in round 259
[2m2025-03-25T07:56:05.929996Z[0m [32m INFO[0m [1mnode[0m[1m{[0m[3mname[0m[2m=[0mk#addeef94..[1m}[0m[2m:[0m [2mconsensus_core::core[0m[2m:[0m [2mconsensus/core/src/core.rs[0m[2m:[0m[2m531:[0m Created block B259(C,OtN0Rd8xEBcxmPH0I9bENh7p3fH0mgkU5r8rFCGD5LY=)(1742889365929ms;[B258(C,nIQmY4hYidIYt/H/JsRZjoOdhl2o9bJiQGkcgcEdF2E=), B258(A,YDIQTvASc5uGIIua8dwf70eTR3OdFe8PjuuHQYtzllU=), B258(B,dfVnMD584nkuOvGC3fOPfP/YLNl8LL8brS+2XSg+DJM=)];1t;1c) for round 259
[2m2025-03-25T07:56:05.931607Z[0m [32m INFO[0m [1mnode[0m[1m{[0m[3mname[0m[2m=[0mk#8dcff6d1..[1m}[0m[2m:[0m [2mconsensus_core::core[0m[2m:[0m [2mconsensus/core/src/core.rs[0m[2m:[0m[2m630:[0m Committing 1 leaders: B257(A,HJpy)
[2m2025-03-25T07:56:05.931659Z[0m [32m INFO[0m [1mnode[0m[1m{[0m[3mname[0m[2m=[0mk#addeef94..[1m}[0m[2m:[0m [2mconsensus_core::core[0m[2m:[0m [2mconsensus/core/src/core.rs[0m[2m:[0m[2m630:[0m Committing 1 leaders: B257(A,HJpy)
[2m2025-03-25T07:56:05.931695Z[0m [32m INFO[0m [1mnode[0m[1m{[0m[3mname[0m[2m=[0mk#8dcff6d1..[1m}[0m[2m:[0m [2mconsensus_core::commit_observer[0m[2m:[0m [2mconsensus/core/src/commit_observer.rs[0m[2m:[0m[2m173:[0m Consensus commit C247(e+4m) with leader B257(A,HJpy) has 2 blocks
[2m2025-03-25T07:56:05.931739Z[0m [32m INFO[0m [1mnode[0m[1m{[0m[3mname[0m[2m=[0mk#addeef94..[1m}[0m[2m:[0m [2mconsensus_core::commit_observer[0m[2m:[0m [2mconsensus/core/src/commit_observer.rs[0m[2m:[0m[2m173:[0m Consensus commit C247(e+4m) with leader B257(A,HJpy) has 2 blocks
[2m2025-03-25T07:56:05.931773Z[0m [32m INFO[0m [1mnode[0m[1m{[0m[3mname[0m[2m=[0mk#8dcff6d1..[1m}[0m[2m:[0m [2msui_core::consensus_handler[0m[2m:[0m [2mcrates/sui-core/src/consensus_handler.rs[0m[2m:[0m[2m232:[0m Received consensus output [3mconsensus_commit[0m[2m=[0mCommittedSubDag(leader=B257(A,HJpy), ref=C247(e+4m), blocks=[G13b, HJpy]) [3mepoch[0m[2m=[0m1
[2m2025-03-25T07:56:05.931808Z[0m [32m INFO[0m [1mnode[0m[1m{[0m[3mname[0m[2m=[0mk#addeef94..[1m}[0m[2m:[0m [2msui_core::consensus_handler[0m[2m:[0m [2mcrates/sui-core/src/consensus_handler.rs[0m[2m:[0m[2m232:[0m Received consensus output [3mconsensus_commit[0m[2m=[0mCommittedSubDag(leader=B257(A,HJpy), ref=C247(e+4m), blocks=[G13b, HJpy]) [3mepoch[0m[2m=[0m1
[2m2025-03-25T07:56:05.932694Z[0m [32m INFO[0m [1mnode[0m[1m{[0m[3mname[0m[2m=[0mk#99f25ef6..[1m}[0m[2m:[0m [2mconsensus_core::core[0m[2m:[0m [2mconsensus/core/src/core.rs[0m[2m:[0m[2m945:[0m Included 3 ancestors & excluded 0 ancestors for proposal in round 259
[2m2025-03-25T07:56:05.932991Z[0m [32m INFO[0m [1mnode[0m[1m{[0m[3mname[0m[2m=[0mk#99f25ef6..[1m}[0m[2m:[0m [2mconsensus_core::core[0m[2m:[0m [2mconsensus/core/src/core.rs[0m[2m:[0m[2m531:[0m Created block B259(B,7No6KXBE+fXs76+rjUrweJAvZNTEoiXT6oxJXJ7Bwbg=)(1742889365932ms;[B258(B,dfVnMD584nkuOvGC3fOPfP/YLNl8LL8brS+2XSg+DJM=), B258(A,YDIQTvASc5uGIIua8dwf70eTR3OdFe8PjuuHQYtzllU=), B258(C,nIQmY4hYidIYt/H/JsRZjoOdhl2o9bJiQGkcgcEdF2E=)];1t;1c) for round 259
[2m2025-03-25T07:56:05.933122Z[0m [32m INFO[0m [1mnode[0m[1m{[0m[3mname[0m[2m=[0mk#99f25ef6..[1m}[0m[2m:[0m [2mconsensus_core::core[0m[2m:[0m [2mconsensus/core/src/core.rs[0m[2m:[0m[2m630:[0m Committing 1 leaders: B257(A,HJpy)
[2m2025-03-25T07:56:05.933197Z[0m [32m INFO[0m [1mnode[0m[1m{[0m[3mname[0m[2m=[0mk#99f25ef6..[1m}[0m[2m:[0m [2mconsensus_core::commit_observer[0m[2m:[0m [2mconsensus/core/src/commit_observer.rs[0m[2m:[0m[2m173:[0m Consensus commit C247(e+4m) with leader B257(A,HJpy) has 2 blocks
[2m2025-03-25T07:56:05.934286Z[0m [32m INFO[0m [1mnode[0m[1m{[0m[3mname[0m[2m=[0mk#99f25ef6..[1m}[0m[2m:[0m [2msui_core::checkpoints::checkpoint_output[0m[2m:[0m [2mcrates/sui-core/src/checkpoints/checkpoint_output.rs[0m[2m:[0m[2m196:[0m Certified checkpoint with sequence 459 and digest 4Cb17RMqLsZP3QFGMKHWDy8xkcPx3Nhwz7PxqPUDePuY
[2m2025-03-25T07:56:05.934359Z[0m [32m INFO[0m [1mnode[0m[1m{[0m[3mname[0m[2m=[0mk#99f25ef6..[1m}[0m[2m:[0m [2msui_core::consensus_handler[0m[2m:[0m [2mcrates/sui-core/src/consensus_handler.rs[0m[2m:[0m[2m232:[0m Received consensus output [3mconsensus_commit[0m[2m=[0mCommittedSubDag(leader=B257(A,HJpy), ref=C247(e+4m), blocks=[G13b, HJpy]) [3mepoch[0m[2m=[0m1
[2m2025-03-25T07:56:05.935627Z[0m [32m INFO[0m [1mnode[0m[1m{[0m[3mname[0m[2m=[0mk#99f25ef6..[1m}[0m[2m:[0m [2msui_core::checkpoints::checkpoint_executor[0m[2m:[0m [2mcrates/sui-core/src/checkpoints/checkpoint_executor/mod.rs[0m[2m:[0m[2m332:[0m Received checkpoint summary from state sync [3msequence_number[0m[2m=[0m459
[2m2025-03-25T07:56:05.936733Z[0m [32m INFO[0m [1mnode[0m[1m{[0m[3mname[0m[2m=[0mk#99f25ef6..[1m}[0m[2m:[0m [2msui_core::state_accumulator[0m[2m:[0m [2mcrates/sui-core/src/state_accumulator.rs[0m[2m:[0m[2m675:[0m accumulating running root for checkpoint 459
[2m2025-03-25T07:56:05.958118Z[0m [32m INFO[0m [1mnode[0m[1m{[0m[3mname[0m[2m=[0mk#8dcff6d1..[1m}[0m[2m:[0m [2msui_core::checkpoints[0m[2m:[0m [2mcrates/sui-core/src/checkpoints/mod.rs[0m[2m:[0m[2m1326:[0m Creating checkpoint(s) for 2 transactions [3mnext_checkpoint_seq[0m[2m=[0m460 [3mcheckpoint_timestamp[0m[2m=[0m1742889365423
[2m2025-03-25T07:56:05.958180Z[0m [32m INFO[0m [1mnode[0m[1m{[0m[3mname[0m[2m=[0mk#addeef94..[1m}[0m[2m:[0m [2msui_core::checkpoints[0m[2m:[0m [2mcrates/sui-core/src/checkpoints/mod.rs[0m[2m:[0m[2m1326:[0m Creating checkpoint(s) for 2 transactions [3mnext_checkpoint_seq[0m[2m=[0m460 [3mcheckpoint_timestamp[0m[2m=[0m1742889365423
[2m2025-03-25T07:56:05.958424Z[0m [32m INFO[0m [1mnode[0m[1m{[0m[3mname[0m[2m=[0mk#addeef94..[1m}[0m[2m:[0m [2msui_core::checkpoints::checkpoint_output[0m[2m:[0m [2mcrates/sui-core/src/checkpoints/checkpoint_output.rs[0m[2m:[0m[2m149:[0m Creating checkpoint CheckpointDigest(EpydyZq6NGrD7ofDV1VVzb5FtwvfCHvunGmd4uyJpyyn) at epoch 1, sequence 460, previous digest Some(CheckpointDigest(4Cb17RMqLsZP3QFGMKHWDy8xkcPx3Nhwz7PxqPUDePuY)), transactions count 2, content digest CheckpointContentsDigest(5CCppp6CQ9wH5cw2W3fhiw3XWXzeZGBW8iFkc2y5Ntj5), end_of_epoch_data None
[2m2025-03-25T07:56:05.958423Z[0m [32m INFO[0m [1mnode[0m[1m{[0m[3mname[0m[2m=[0mk#8dcff6d1..[1m}[0m[2m:[0m [2msui_core::checkpoints::checkpoint_output[0m[2m:[0m [2mcrates/sui-core/src/checkpoints/checkpoint_output.rs[0m[2m:[0m[2m149:[0m Creating checkpoint CheckpointDigest(EpydyZq6NGrD7ofDV1VVzb5FtwvfCHvunGmd4uyJpyyn) at epoch 1, sequence 460, previous digest Some(CheckpointDigest(4Cb17RMqLsZP3QFGMKHWDy8xkcPx3Nhwz7PxqPUDePuY)), transactions count 2, content digest CheckpointContentsDigest(5CCppp6CQ9wH5cw2W3fhiw3XWXzeZGBW8iFkc2y5Ntj5), end_of_epoch_data None
[2m2025-03-25T07:56:05.961496Z[0m [32m INFO[0m [1mnode[0m[1m{[0m[3mname[0m[2m=[0mk#8dcff6d1..[1m}[0m[2m:[0m [2msui_core::checkpoints::checkpoint_output[0m[2m:[0m [2mcrates/sui-core/src/checkpoints/checkpoint_output.rs[0m[2m:[0m[2m196:[0m Certified checkpoint with sequence 459 and digest 4Cb17RMqLsZP3QFGMKHWDy8xkcPx3Nhwz7PxqPUDePuY
[2m2025-03-25T07:56:05.962079Z[0m [32m INFO[0m [1mnode[0m[1m{[0m[3mname[0m[2m=[0mk#8dcff6d1..[1m}[0m[2m:[0m [2msui_core::checkpoints::checkpoint_executor[0m[2m:[0m [2mcrates/sui-core/src/checkpoints/checkpoint_executor/mod.rs[0m[2m:[0m[2m332:[0m Received checkpoint summary from state sync [3msequence_number[0m[2m=[0m459
[2m2025-03-25T07:56:05.962256Z[0m [32m INFO[0m [1mnode[0m[1m{[0m[3mname[0m[2m=[0mk#addeef94..[1m}[0m[2m:[0m [2msui_core::checkpoints::checkpoint_executor[0m[2m:[0m [2mcrates/sui-core/src/checkpoints/checkpoint_executor/mod.rs[0m[2m:[0m[2m332:[0m Received checkpoint summary from state sync [3msequence_number[0m[2m=[0m459
[2m2025-03-25T07:56:05.962367Z[0m [32m INFO[0m [1mnode[0m[1m{[0m[3mname[0m[2m=[0mk#99f25ef6..[1m}[0m[2m:[0m [2msui_core::checkpoints[0m[2m:[0m [2mcrates/sui-core/src/checkpoints/mod.rs[0m[2m:[0m[2m1326:[0m Creating checkpoint(s) for 2 transactions [3mnext_checkpoint_seq[0m[2m=[0m460 [3mcheckpoint_timestamp[0m[2m=[0m1742889365423
[2m2025-03-25T07:56:05.962630Z[0m [32m INFO[0m [1mnode[0m[1m{[0m[3mname[0m[2m=[0mk#99f25ef6..[1m}[0m[2m:[0m [2msui_core::checkpoints::checkpoint_output[0m[2m:[0m [2mcrates/sui-core/src/checkpoints/checkpoint_output.rs[0m[2m:[0m[2m149:[0m Creating checkpoint CheckpointDigest(EpydyZq6NGrD7ofDV1VVzb5FtwvfCHvunGmd4uyJpyyn) at epoch 1, sequence 460, previous digest Some(CheckpointDigest(4Cb17RMqLsZP3QFGMKHWDy8xkcPx3Nhwz7PxqPUDePuY)), transactions count 2, content digest CheckpointContentsDigest(5CCppp6CQ9wH5cw2W3fhiw3XWXzeZGBW8iFkc2y5Ntj5), end_of_epoch_data None
[2m2025-03-25T07:56:05.963030Z[0m [32m INFO[0m [1mnode[0m[1m{[0m[3mname[0m[2m=[0mk#addeef94..[1m}[0m[2m:[0m [2msui_core::state_accumulator[0m[2m:[0m [2mcrates/sui-core/src/state_accumulator.rs[0m[2m:[0m[2m675:[0m accumulating running root for checkpoint 459
[2m2025-03-25T07:56:05.963036Z[0m [32m INFO[0m [1mnode[0m[1m{[0m[3mname[0m[2m=[0mk#8dcff6d1..[1m}[0m[2m:[0m [2msui_core::state_accumulator[0m[2m:[0m [2mcrates/sui-core/src/state_accumulator.rs[0m[2m:[0m[2m675:[0m accumulating running root for checkpoint 459
[2m2025-03-25T07:56:05.989297Z[0m [32m INFO[0m [1mnode[0m[1m{[0m[3mname[0m[2m=[0mk#b3f3cbb4..[1m}[0m[2m:[0m [2msui_core::state_accumulator[0m[2m:[0m [2mcrates/sui-core/src/state_accumulator.rs[0m[2m:[0m[2m675:[0m accumulating running root for checkpoint 440
[2m2025-03-25T07:56:06.183962Z[0m [32m INFO[0m [1mnode[0m[1m{[0m[3mname[0m[2m=[0mk#addeef94..[1m}[0m[2m:[0m [2mconsensus_core::core[0m[2m:[0m [2mconsensus/core/src/core.rs[0m[2m:[0m[2m945:[0m Included 3 ancestors & excluded 0 ancestors for proposal in round 260
[2m2025-03-25T07:56:06.184225Z[0m [32m INFO[0m [1mnode[0m[1m{[0m[3mname[0m[2m=[0mk#8dcff6d1..[1m}[0m[2m:[0m [2mconsensus_core::core[0m[2m:[0m [2mconsensus/core/src/core.rs[0m[2m:[0m[2m945:[0m Included 3 ancestors & excluded 0 ancestors for proposal in round 260
[2m2025-03-25T07:56:06.184322Z[0m [32m INFO[0m [1mnode[0m[1m{[0m[3mname[0m[2m=[0mk#addeef94..[1m}[0m[2m:[0m [2mconsensus_core::core[0m[2m:[0m [2mconsensus/core/src/core.rs[0m[2m:[0m[2m531:[0m Created block B260(C,ztny6O3kRGwng0dBurfAOGaE+mnHdhcfRlfptQab+bk=)(1742889366184ms;[B259(C,OtN0Rd8xEBcxmPH0I9bENh7p3fH0mgkU5r8rFCGD5LY=), B259(A,IMO+U45qGxJh+DOs6Rp7x6oBzlJdCuv1WhngKkELHwU=), B259(B,7No6KXBE+fXs76+rjUrweJAvZNTEoiXT6oxJXJ7Bwbg=)];1t;1c) for round 260
[2m2025-03-25T07:56:06.184527Z[0m [32m INFO[0m [1mnode[0m[1m{[0m[3mname[0m[2m=[0mk#8dcff6d1..[1m}[0m[2m:[0m [2mconsensus_core::core[0m[2m:[0m [2mconsensus/core/src/core.rs[0m[2m:[0m[2m531:[0m Created block B260(A,FCFhXI5FbzWRcVWd50VWLeV/b5JOMKRnWbDyOwn5Dk0=)(1742889366184ms;[B259(A,IMO+U45qGxJh+DOs6Rp7x6oBzlJdCuv1WhngKkELHwU=), B259(B,7No6KXBE+fXs76+rjUrweJAvZNTEoiXT6oxJXJ7Bwbg=), B259(C,OtN0Rd8xEBcxmPH0I9bENh7p3fH0mgkU5r8rFCGD5LY=)];1t;1c) for round 260
[2m2025-03-25T07:56:06.186163Z[0m [32m INFO[0m [1mnode[0m[1m{[0m[3mname[0m[2m=[0mk#8dcff6d1..[1m}[0m[2m:[0m [2mconsensus_core::core[0m[2m:[0m [2mconsensus/core/src/core.rs[0m[2m:[0m[2m630:[0m Committing 1 leaders: B258(B,dfVn)
[2m2025-03-25T07:56:06.186255Z[0m [32m INFO[0m [1mnode[0m[1m{[0m[3mname[0m[2m=[0mk#8dcff6d1..[1m}[0m[2m:[0m [2mconsensus_core::commit_observer[0m[2m:[0m [2mconsensus/core/src/commit_observer.rs[0m[2m:[0m[2m173:[0m Consensus commit C248(Ni5N) with leader B258(B,dfVn) has 3 blocks
[2m2025-03-25T07:56:06.186320Z[0m [32m INFO[0m [1mnode[0m[1m{[0m[3mname[0m[2m=[0mk#addeef94..[1m}[0m[2m:[0m [2mconsensus_core::core[0m[2m:[0m [2mconsensus/core/src/core.rs[0m[2m:[0m[2m630:[0m Committing 1 leaders: B258(B,dfVn)
[2m2025-03-25T07:56:06.186330Z[0m [32m INFO[0m [1mnode[0m[1m{[0m[3mname[0m[2m=[0mk#8dcff6d1..[1m}[0m[2m:[0m [2msui_core::consensus_handler[0m[2m:[0m [2mcrates/sui-core/src/consensus_handler.rs[0m[2m:[0m[2m232:[0m Received consensus output [3mconsensus_commit[0m[2m=[0mCommittedSubDag(leader=B258(B,dfVn), ref=C248(Ni5N), blocks=[yiYU, KxPQ, dfVn]) [3mepoch[0m[2m=[0m1
[2m2025-03-25T07:56:06.186412Z[0m [32m INFO[0m [1mnode[0m[1m{[0m[3mname[0m[2m=[0mk#addeef94..[1m}[0m[2m:[0m [2mconsensus_core::commit_observer[0m[2m:[0m [2mconsensus/core/src/commit_observer.rs[0m[2m:[0m[2m173:[0m Consensus commit C248(Ni5N) with leader B258(B,dfVn) has 3 blocks
[2m2025-03-25T07:56:06.186487Z[0m [32m INFO[0m [1mnode[0m[1m{[0m[3mname[0m[2m=[0mk#addeef94..[1m}[0m[2m:[0m [2msui_core::consensus_handler[0m[2m:[0m [2mcrates/sui-core/src/consensus_handler.rs[0m[2m:[0m[2m232:[0m Received consensus output [3mconsensus_commit[0m[2m=[0mCommittedSubDag(leader=B258(B,dfVn), ref=C248(Ni5N), blocks=[yiYU, KxPQ, dfVn]) [3mepoch[0m[2m=[0m1
[2m2025-03-25T07:56:06.187432Z[0m [32m INFO[0m [1mnode[0m[1m{[0m[3mname[0m[2m=[0mk#99f25ef6..[1m}[0m[2m:[0m [2mconsensus_core::core[0m[2m:[0m [2mconsensus/core/src/core.rs[0m[2m:[0m[2m945:[0m Included 3 ancestors & excluded 0 ancestors for proposal in round 260
[2m2025-03-25T07:56:06.187712Z[0m [32m INFO[0m [1mnode[0m[1m{[0m[3mname[0m[2m=[0mk#99f25ef6..[1m}[0m[2m:[0m [2mconsensus_core::core[0m[2m:[0m [2mconsensus/core/src/core.rs[0m[2m:[0m[2m531:[0m Created block B260(B,BzOk8WO5+WD6IchmNMd3nJTj3AzDES9vD525HhLSQjY=)(1742889366187ms;[B259(B,7No6KXBE+fXs76+rjUrweJAvZNTEoiXT6oxJXJ7Bwbg=), B259(A,IMO+U45qGxJh+DOs6Rp7x6oBzlJdCuv1WhngKkELHwU=), B259(C,OtN0Rd8xEBcxmPH0I9bENh7p3fH0mgkU5r8rFCGD5LY=)];1t;1c) for round 260
[2m2025-03-25T07:56:06.187776Z[0m [32m INFO[0m [1mnode[0m[1m{[0m[3mname[0m[2m=[0mk#99f25ef6..[1m}[0m[2m:[0m [2mconsensus_core::core[0m[2m:[0m [2mconsensus/core/src/core.rs[0m[2m:[0m[2m630:[0m Committing 1 leaders: B258(B,dfVn)
[2m2025-03-25T07:56:06.187836Z[0m [32m INFO[0m [1mnode[0m[1m{[0m[3mname[0m[2m=[0mk#99f25ef6..[1m}[0m[2m:[0m [2mconsensus_core::commit_observer[0m[2m:[0m [2mconsensus/core/src/commit_observer.rs[0m[2m:[0m[2m173:[0m Consensus commit C248(Ni5N) with leader B258(B,dfVn) has 3 blocks
[2m2025-03-25T07:56:06.188965Z[0m [32m INFO[0m [1mnode[0m[1m{[0m[3mname[0m[2m=[0mk#99f25ef6..[1m}[0m[2m:[0m [2msui_core::checkpoints::checkpoint_output[0m[2m:[0m [2mcrates/sui-core/src/checkpoints/checkpoint_output.rs[0m[2m:[0m[2m196:[0m Certified checkpoint with sequence 460 and digest EpydyZq6NGrD7ofDV1VVzb5FtwvfCHvunGmd4uyJpyyn
[2m2025-03-25T07:56:06.189034Z[0m [32m INFO[0m [1mnode[0m[1m{[0m[3mname[0m[2m=[0mk#99f25ef6..[1m}[0m[2m:[0m [2msui_core::consensus_handler[0m[2m:[0m [2mcrates/sui-core/src/consensus_handler.rs[0m[2m:[0m[2m232:[0m Received consensus output [3mconsensus_commit[0m[2m=[0mCommittedSubDag(leader=B258(B,dfVn), ref=C248(Ni5N), blocks=[yiYU, KxPQ, dfVn]) [3mepoch[0m[2m=[0m1
[2m2025-03-25T07:56:06.201987Z[0m [32m INFO[0m [1mnode[0m[1m{[0m[3mname[0m[2m=[0mk#99f25ef6..[1m}[0m[2m:[0m [2msui_core::checkpoints::checkpoint_executor[0m[2m:[0m [2mcrates/sui-core/src/checkpoints/checkpoint_executor/mod.rs[0m[2m:[0m[2m332:[0m Received checkpoint summary from state sync [3msequence_number[0m[2m=[0m460
[2m2025-03-25T07:56:06.214587Z[0m [32m INFO[0m [1mnode[0m[1m{[0m[3mname[0m[2m=[0mk#99f25ef6..[1m}[0m[2m:[0m [2msui_core::state_accumulator[0m[2m:[0m [2mcrates/sui-core/src/state_accumulator.rs[0m[2m:[0m[2m675:[0m accumulating running root for checkpoint 460
[2m2025-03-25T07:56:06.221067Z[0m [32m INFO[0m [1mnode[0m[1m{[0m[3mname[0m[2m=[0mk#b3f3cbb4..[1m}[0m[2m:[0m [2msui_core::state_accumulator[0m[2m:[0m [2mcrates/sui-core/src/state_accumulator.rs[0m[2m:[0m[2m675:[0m accumulating running root for checkpoint 441
[2m2025-03-25T07:56:06.221643Z[0m [32m INFO[0m [1mnode[0m[1m{[0m[3mname[0m[2m=[0mk#b3f3cbb4..[1m}[0m[2m:[0m [2msui_core::state_accumulator[0m[2m:[0m [2mcrates/sui-core/src/state_accumulator.rs[0m[2m:[0m[2m675:[0m accumulating running root for checkpoint 442
[2m2025-03-25T07:56:06.235498Z[0m [32m INFO[0m [1mnode[0m[1m{[0m[3mname[0m[2m=[0mk#addeef94..[1m}[0m[2m:[0m [2msui_core::checkpoints[0m[2m:[0m [2mcrates/sui-core/src/checkpoints/mod.rs[0m[2m:[0m[2m1326:[0m Creating checkpoint(s) for 1 transactions [3mnext_checkpoint_seq[0m[2m=[0m461 [3mcheckpoint_timestamp[0m[2m=[0m1742889365675
[2m2025-03-25T07:56:06.235499Z[0m [32m INFO[0m [1mnode[0m[1m{[0m[3mname[0m[2m=[0mk#8dcff6d1..[1m}[0m[2m:[0m [2msui_core::checkpoints[0m[2m:[0m [2mcrates/sui-core/src/checkpoints/mod.rs[0m[2m:[0m[2m1326:[0m Creating checkpoint(s) for 1 transactions [3mnext_checkpoint_seq[0m[2m=[0m461 [3mcheckpoint_timestamp[0m[2m=[0m1742889365675
[2m2025-03-25T07:56:06.235720Z[0m [32m INFO[0m [1mnode[0m[1m{[0m[3mname[0m[2m=[0mk#8dcff6d1..[1m}[0m[2m:[0m [2msui_core::checkpoints::checkpoint_output[0m[2m:[0m [2mcrates/sui-core/src/checkpoints/checkpoint_output.rs[0m[2m:[0m[2m149:[0m Creating checkpoint CheckpointDigest(7MuM5erUiDtAtGEQiwQ2dm1Ry6TFwSMt38QVWVQqvWV2) at epoch 1, sequence 461, previous digest Some(CheckpointDigest(EpydyZq6NGrD7ofDV1VVzb5FtwvfCHvunGmd4uyJpyyn)), transactions count 1, content digest CheckpointContentsDigest(2F5sigb45UU2RCEp46QA1qytAE5dC9GEDLx1FKx6Qd8s), end_of_epoch_data None
[2m2025-03-25T07:56:06.235720Z[0m [32m INFO[0m [1mnode[0m[1m{[0m[3mname[0m[2m=[0mk#addeef94..[1m}[0m[2m:[0m [2msui_core::checkpoints::checkpoint_output[0m[2m:[0m [2mcrates/sui-core/src/checkpoints/checkpoint_output.rs[0m[2m:[0m[2m149:[0m Creating checkpoint CheckpointDigest(7MuM5erUiDtAtGEQiwQ2dm1Ry6TFwSMt38QVWVQqvWV2) at epoch 1, sequence 461, previous digest Some(CheckpointDigest(EpydyZq6NGrD7ofDV1VVzb5FtwvfCHvunGmd4uyJpyyn)), transactions count 1, content digest CheckpointContentsDigest(2F5sigb45UU2RCEp46QA1qytAE5dC9GEDLx1FKx6Qd8s), end_of_epoch_data None
[2m2025-03-25T07:56:06.238958Z[0m [32m INFO[0m [1mnode[0m[1m{[0m[3mname[0m[2m=[0mk#8dcff6d1..[1m}[0m[2m:[0m [2msui_core::checkpoints::checkpoint_output[0m[2m:[0m [2mcrates/sui-core/src/checkpoints/checkpoint_output.rs[0m[2m:[0m[2m196:[0m Certified checkpoint with sequence 460 and digest EpydyZq6NGrD7ofDV1VVzb5FtwvfCHvunGmd4uyJpyyn
[2m2025-03-25T07:56:06.240229Z[0m [32m INFO[0m [1mnode[0m[1m{[0m[3mname[0m[2m=[0mk#99f25ef6..[1m}[0m[2m:[0m [2msui_core::checkpoints[0m[2m:[0m [2mcrates/sui-core/src/checkpoints/mod.rs[0m[2m:[0m[2m1326:[0m Creating checkpoint(s) for 1 transactions [3mnext_checkpoint_seq[0m[2m=[0m461 [3mcheckpoint_timestamp[0m[2m=[0m1742889365675
[2m2025-03-25T07:56:06.240416Z[0m [32m INFO[0m [1mnode[0m[1m{[0m[3mname[0m[2m=[0mk#99f25ef6..[1m}[0m[2m:[0m [2msui_core::checkpoints::checkpoint_output[0m[2m:[0m [2mcrates/sui-core/src/checkpoints/checkpoint_output.rs[0m[2m:[0m[2m149:[0m Creating checkpoint CheckpointDigest(7MuM5erUiDtAtGEQiwQ2dm1Ry6TFwSMt38QVWVQqvWV2) at epoch 1, sequence 461, previous digest Some(CheckpointDigest(EpydyZq6NGrD7ofDV1VVzb5FtwvfCHvunGmd4uyJpyyn)), transactions count 1, content digest CheckpointContentsDigest(2F5sigb45UU2RCEp46QA1qytAE5dC9GEDLx1FKx6Qd8s), end_of_epoch_data None
[2m2025-03-25T07:56:06.241923Z[0m [32m INFO[0m [1mnode[0m[1m{[0m[3mname[0m[2m=[0mk#8dcff6d1..[1m}[0m[2m:[0m [2msui_core::checkpoints::checkpoint_executor[0m[2m:[0m [2mcrates/sui-core/src/checkpoints/checkpoint_executor/mod.rs[0m[2m:[0m[2m332:[0m Received checkpoint summary from state sync [3msequence_number[0m[2m=[0m460
[2m2025-03-25T07:56:06.247841Z[0m [32m INFO[0m [1mnode[0m[1m{[0m[3mname[0m[2m=[0mk#b3f3cbb4..[1m}[0m[2m:[0m [2msui_core::state_accumulator[0m[2m:[0m [2mcrates/sui-core/src/state_accumulator.rs[0m[2m:[0m[2m675:[0m accumulating running root for checkpoint 443
[2m2025-03-25T07:56:06.260712Z[0m [32m INFO[0m [1mnode[0m[1m{[0m[3mname[0m[2m=[0mk#8dcff6d1..[1m}[0m[2m:[0m [2msui_core::state_accumulator[0m[2m:[0m [2mcrates/sui-core/src/state_accumulator.rs[0m[2m:[0m[2m675:[0m accumulating running root for checkpoint 460
[2m2025-03-25T07:56:06.285750Z[0m [32m INFO[0m [1mnode[0m[1m{[0m[3mname[0m[2m=[0mk#b3f3cbb4..[1m}[0m[2m:[0m [2msui_core::state_accumulator[0m[2m:[0m [2mcrates/sui-core/src/state_accumulator.rs[0m[2m:[0m[2m675:[0m accumulating running root for checkpoint 444
[2m2025-03-25T07:56:06.286055Z[0m [32m INFO[0m [1mnode[0m[1m{[0m[3mname[0m[2m=[0mk#b3f3cbb4..[1m}[0m[2m:[0m [2msui_core::checkpoints::checkpoint_executor[0m[2m:[0m [2mcrates/sui-core/src/checkpoints/checkpoint_executor/mod.rs[0m[2m:[0m[2m332:[0m Received checkpoint summary from state sync [3msequence_number[0m[2m=[0m456
[2m2025-03-25T07:56:06.286101Z[0m [32m INFO[0m [1mnode[0m[1m{[0m[3mname[0m[2m=[0mk#b3f3cbb4..[1m}[0m[2m:[0m [2msui_core::checkpoints::checkpoint_executor[0m[2m:[0m [2mcrates/sui-core/src/checkpoints/checkpoint_executor/mod.rs[0m[2m:[0m[2m332:[0m Received checkpoint summary from state sync [3msequence_number[0m[2m=[0m457
[2m2025-03-25T07:56:06.303667Z[0m [32m INFO[0m [1mnode[0m[1m{[0m[3mname[0m[2m=[0mk#addeef94..[1m}[0m[2m:[0m [2msui_core::checkpoints::checkpoint_executor[0m[2m:[0m [2mcrates/sui-core/src/checkpoints/checkpoint_executor/mod.rs[0m[2m:[0m[2m332:[0m Received checkpoint summary from state sync [3msequence_number[0m[2m=[0m460
[2m2025-03-25T07:56:06.304913Z[0m [32m INFO[0m [1mnode[0m[1m{[0m[3mname[0m[2m=[0mk#addeef94..[1m}[0m[2m:[0m [2msui_core::state_accumulator[0m[2m:[0m [2mcrates/sui-core/src/state_accumulator.rs[0m[2m:[0m[2m675:[0m accumulating running root for checkpoint 460
[2m2025-03-25T07:56:06.314564Z[0m [32m INFO[0m [1mnode[0m[1m{[0m[3mname[0m[2m=[0mk#b3f3cbb4..[1m}[0m[2m:[0m [2msui_core::state_accumulator[0m[2m:[0m [2mcrates/sui-core/src/state_accumulator.rs[0m[2m:[0m[2m675:[0m accumulating running root for checkpoint 445
[2m2025-03-25T07:56:06.314807Z[0m [32m INFO[0m [1mnode[0m[1m{[0m[3mname[0m[2m=[0mk#b3f3cbb4..[1m}[0m[2m:[0m [2msui_core::checkpoints::checkpoint_executor[0m[2m:[0m [2mcrates/sui-core/src/checkpoints/checkpoint_executor/mod.rs[0m[2m:[0m[2m332:[0m Received checkpoint summary from state sync [3msequence_number[0m[2m=[0m458
[2m2025-03-25T07:56:06.405144Z[0m [32m INFO[0m [1mnode[0m[1m{[0m[3mname[0m[2m=[0mk#b3f3cbb4..[1m}[0m[2m:[0m [2msui_core::state_accumulator[0m[2m:[0m [2mcrates/sui-core/src/state_accumulator.rs[0m[2m:[0m[2m675:[0m accumulating running root for checkpoint 446
[2m2025-03-25T07:56:06.437999Z[0m [32m INFO[0m [1mnode[0m[1m{[0m[3mname[0m[2m=[0mk#addeef94..[1m}[0m[2m:[0m [2mconsensus_core::core[0m[2m:[0m [2mconsensus/core/src/core.rs[0m[2m:[0m[2m945:[0m Included 3 ancestors & excluded 0 ancestors for proposal in round 261
[2m2025-03-25T07:56:06.438346Z[0m [32m INFO[0m [1mnode[0m[1m{[0m[3mname[0m[2m=[0mk#addeef94..[1m}[0m[2m:[0m [2mconsensus_core::core[0m[2m:[0m [2mconsensus/core/src/core.rs[0m[2m:[0m[2m531:[0m Created block B261(C,7YUmnwXY2tDDAMOdC87bd8RVjZC1pfNXZrLeIGLmSuA=)(1742889366438ms;[B260(C,ztny6O3kRGwng0dBurfAOGaE+mnHdhcfRlfptQab+bk=), B260(A,FCFhXI5FbzWRcVWd50VWLeV/b5JOMKRnWbDyOwn5Dk0=), B260(B,BzOk8WO5+WD6IchmNMd3nJTj3AzDES9vD525HhLSQjY=)];1t;1c) for round 261
[2m2025-03-25T07:56:06.439949Z[0m [32m INFO[0m [1mnode[0m[1m{[0m[3mname[0m[2m=[0mk#8dcff6d1..[1m}[0m[2m:[0m [2mconsensus_core::core[0m[2m:[0m [2mconsensus/core/src/core.rs[0m[2m:[0m[2m945:[0m Included 3 ancestors & excluded 0 ancestors for proposal in round 261
[2m2025-03-25T07:56:06.440212Z[0m [32m INFO[0m [1mnode[0m[1m{[0m[3mname[0m[2m=[0mk#99f25ef6..[1m}[0m[2m:[0m [2mconsensus_core::core[0m[2m:[0m [2mconsensus/core/src/core.rs[0m[2m:[0m[2m945:[0m Included 3 ancestors & excluded 0 ancestors for proposal in round 261
[2m2025-03-25T07:56:06.440244Z[0m [32m INFO[0m [1mnode[0m[1m{[0m[3mname[0m[2m=[0mk#8dcff6d1..[1m}[0m[2m:[0m [2mconsensus_core::core[0m[2m:[0m [2mconsensus/core/src/core.rs[0m[2m:[0m[2m531:[0m Created block B261(A,XY4JyDlarzuS6zkw35cF/h6Oyym9hvTSwfDUAdgmShs=)(1742889366440ms;[B260(A,FCFhXI5FbzWRcVWd50VWLeV/b5JOMKRnWbDyOwn5Dk0=), B260(B,BzOk8WO5+WD6IchmNMd3nJTj3AzDES9vD525HhLSQjY=), B260(C,ztny6O3kRGwng0dBurfAOGaE+mnHdhcfRlfptQab+bk=)];1t;1c) for round 261
[2m2025-03-25T07:56:06.440385Z[0m [32m INFO[0m [1mnode[0m[1m{[0m[3mname[0m[2m=[0mk#8dcff6d1..[1m}[0m[2m:[0m [2mconsensus_core::core[0m[2m:[0m [2mconsensus/core/src/core.rs[0m[2m:[0m[2m630:[0m Committing 1 leaders: B259(C,OtN0)
[2m2025-03-25T07:56:06.440474Z[0m [32m INFO[0m [1mnode[0m[1m{[0m[3mname[0m[2m=[0mk#8dcff6d1..[1m}[0m[2m:[0m [2mconsensus_core::commit_observer[0m[2m:[0m [2mconsensus/core/src/commit_observer.rs[0m[2m:[0m[2m173:[0m Consensus commit C249(IV5V) with leader B259(C,OtN0) has 3 blocks
[2m2025-03-25T07:56:06.440508Z[0m [32m INFO[0m [1mnode[0m[1m{[0m[3mname[0m[2m=[0mk#99f25ef6..[1m}[0m[2m:[0m [2mconsensus_core::core[0m[2m:[0m [2mconsensus/core/src/core.rs[0m[2m:[0m[2m531:[0m Created block B261(B,KGk+tbEiV7XK/qspAKANjT2/TRibvl7bDaMYa6+eMxA=)(1742889366440ms;[B260(B,BzOk8WO5+WD6IchmNMd3nJTj3AzDES9vD525HhLSQjY=), B260(A,FCFhXI5FbzWRcVWd50VWLeV/b5JOMKRnWbDyOwn5Dk0=), B260(C,ztny6O3kRGwng0dBurfAOGaE+mnHdhcfRlfptQab+bk=)];1t;1c) for round 261
[2m2025-03-25T07:56:06.440569Z[0m [32m INFO[0m [1mnode[0m[1m{[0m[3mname[0m[2m=[0mk#99f25ef6..[1m}[0m[2m:[0m [2mconsensus_core::core[0m[2m:[0m [2mconsensus/core/src/core.rs[0m[2m:[0m[2m630:[0m Committing 1 leaders: B259(C,OtN0)
[2m2025-03-25T07:56:06.440630Z[0m [32m INFO[0m [1mnode[0m[1m{[0m[3mname[0m[2m=[0mk#99f25ef6..[1m}[0m[2m:[0m [2mconsensus_core::commit_observer[0m[2m:[0m [2mconsensus/core/src/commit_observer.rs[0m[2m:[0m[2m173:[0m Consensus commit C249(IV5V) with leader B259(C,OtN0) has 3 blocks
[2m2025-03-25T07:56:06.440712Z[0m [32m INFO[0m [1mnode[0m[1m{[0m[3mname[0m[2m=[0mk#99f25ef6..[1m}[0m[2m:[0m [2msui_core::consensus_handler[0m[2m:[0m [2mcrates/sui-core/src/consensus_handler.rs[0m[2m:[0m[2m232:[0m Received consensus output [3mconsensus_commit[0m[2m=[0mCommittedSubDag(leader=B259(C,OtN0), ref=C249(IV5V), blocks=[YDIQ, nIQm, OtN0]) [3mepoch[0m[2m=[0m1
[2m2025-03-25T07:56:06.440712Z[0m [32m INFO[0m [1mnode[0m[1m{[0m[3mname[0m[2m=[0mk#8dcff6d1..[1m}[0m[2m:[0m [2msui_core::consensus_handler[0m[2m:[0m [2mcrates/sui-core/src/consensus_handler.rs[0m[2m:[0m[2m232:[0m Received consensus output [3mconsensus_commit[0m[2m=[0mCommittedSubDag(leader=B259(C,OtN0), ref=C249(IV5V), blocks=[YDIQ, nIQm, OtN0]) [3mepoch[0m[2m=[0m1
[2m2025-03-25T07:56:06.444276Z[0m [32m INFO[0m [1mnode[0m[1m{[0m[3mname[0m[2m=[0mk#addeef94..[1m}[0m[2m:[0m [2mconsensus_core::core[0m[2m:[0m [2mconsensus/core/src/core.rs[0m[2m:[0m[2m630:[0m Committing 1 leaders: B259(C,OtN0)
[2m2025-03-25T07:56:06.444367Z[0m [32m INFO[0m [1mnode[0m[1m{[0m[3mname[0m[2m=[0mk#addeef94..[1m}[0m[2m:[0m [2mconsensus_core::commit_observer[0m[2m:[0m [2mconsensus/core/src/commit_observer.rs[0m[2m:[0m[2m173:[0m Consensus commit C249(IV5V) with leader B259(C,OtN0) has 3 blocks
[2m2025-03-25T07:56:06.444494Z[0m [32m INFO[0m [1mnode[0m[1m{[0m[3mname[0m[2m=[0mk#addeef94..[1m}[0m[2m:[0m [2msui_core::consensus_handler[0m[2m:[0m [2mcrates/sui-core/src/consensus_handler.rs[0m[2m:[0m[2m232:[0m Received consensus output [3mconsensus_commit[0m[2m=[0mCommittedSubDag(leader=B259(C,OtN0), ref=C249(IV5V), blocks=[YDIQ, nIQm, OtN0]) [3mepoch[0m[2m=[0m1
[2m2025-03-25T07:56:06.467182Z[0m [32m INFO[0m [1mnode[0m[1m{[0m[3mname[0m[2m=[0mk#8dcff6d1..[1m}[0m[2m:[0m [2msui_core::checkpoints[0m[2m:[0m [2mcrates/sui-core/src/checkpoints/mod.rs[0m[2m:[0m[2m1326:[0m Creating checkpoint(s) for 2 transactions [3mnext_checkpoint_seq[0m[2m=[0m462 [3mcheckpoint_timestamp[0m[2m=[0m1742889365929
[2m2025-03-25T07:56:06.467306Z[0m [32m INFO[0m [1mnode[0m[1m{[0m[3mname[0m[2m=[0mk#99f25ef6..[1m}[0m[2m:[0m [2msui_core::checkpoints[0m[2m:[0m [2mcrates/sui-core/src/checkpoints/mod.rs[0m[2m:[0m[2m1326:[0m Creating checkpoint(s) for 2 transactions [3mnext_checkpoint_seq[0m[2m=[0m462 [3mcheckpoint_timestamp[0m[2m=[0m1742889365929
[2m2025-03-25T07:56:06.467498Z[0m [32m INFO[0m [1mnode[0m[1m{[0m[3mname[0m[2m=[0mk#8dcff6d1..[1m}[0m[2m:[0m [2msui_core::checkpoints::checkpoint_output[0m[2m:[0m [2mcrates/sui-core/src/checkpoints/checkpoint_output.rs[0m[2m:[0m[2m149:[0m Creating checkpoint CheckpointDigest(JB5Ednm9xMBf67zSvoo5LPcnGv836ngthdCk3MzXehHn) at epoch 1, sequence 462, previous digest Some(CheckpointDigest(7MuM5erUiDtAtGEQiwQ2dm1Ry6TFwSMt38QVWVQqvWV2)), transactions count 2, content digest CheckpointContentsDigest(Dt2zTT4RHEvqYSGW9Xh3SCAV4ppGMmL5e6C9ttyW26iK), end_of_epoch_data None
[2m2025-03-25T07:56:06.467548Z[0m [32m INFO[0m [1mnode[0m[1m{[0m[3mname[0m[2m=[0mk#99f25ef6..[1m}[0m[2m:[0m [2msui_core::checkpoints::checkpoint_output[0m[2m:[0m [2mcrates/sui-core/src/checkpoints/checkpoint_output.rs[0m[2m:[0m[2m149:[0m Creating checkpoint CheckpointDigest(JB5Ednm9xMBf67zSvoo5LPcnGv836ngthdCk3MzXehHn) at epoch 1, sequence 462, previous digest Some(CheckpointDigest(7MuM5erUiDtAtGEQiwQ2dm1Ry6TFwSMt38QVWVQqvWV2)), transactions count 2, content digest CheckpointContentsDigest(Dt2zTT4RHEvqYSGW9Xh3SCAV4ppGMmL5e6C9ttyW26iK), end_of_epoch_data None
[2m2025-03-25T07:56:06.470491Z[0m [32m INFO[0m [1mnode[0m[1m{[0m[3mname[0m[2m=[0mk#addeef94..[1m}[0m[2m:[0m [2msui_core::checkpoints[0m[2m:[0m [2mcrates/sui-core/src/checkpoints/mod.rs[0m[2m:[0m[2m1326:[0m Creating checkpoint(s) for 2 transactions [3mnext_checkpoint_seq[0m[2m=[0m462 [3mcheckpoint_timestamp[0m[2m=[0m1742889365929
[2m2025-03-25T07:56:06.470623Z[0m [32m INFO[0m [1mnode[0m[1m{[0m[3mname[0m[2m=[0mk#8dcff6d1..[1m}[0m[2m:[0m [2msui_core::checkpoints::checkpoint_output[0m[2m:[0m [2mcrates/sui-core/src/checkpoints/checkpoint_output.rs[0m[2m:[0m[2m196:[0m Certified checkpoint with sequence 461 and digest 7MuM5erUiDtAtGEQiwQ2dm1Ry6TFwSMt38QVWVQqvWV2
[2m2025-03-25T07:56:06.470626Z[0m [32m INFO[0m [1mnode[0m[1m{[0m[3mname[0m[2m=[0mk#99f25ef6..[1m}[0m[2m:[0m [2msui_core::checkpoints::checkpoint_output[0m[2m:[0m [2mcrates/sui-core/src/checkpoints/checkpoint_output.rs[0m[2m:[0m[2m196:[0m Certified checkpoint with sequence 461 and digest 7MuM5erUiDtAtGEQiwQ2dm1Ry6TFwSMt38QVWVQqvWV2
[2m2025-03-25T07:56:06.470741Z[0m [32m INFO[0m [1mnode[0m[1m{[0m[3mname[0m[2m=[0mk#addeef94..[1m}[0m[2m:[0m [2msui_core::checkpoints::checkpoint_output[0m[2m:[0m [2mcrates/sui-core/src/checkpoints/checkpoint_output.rs[0m[2m:[0m[2m149:[0m Creating checkpoint CheckpointDigest(JB5Ednm9xMBf67zSvoo5LPcnGv836ngthdCk3MzXehHn) at epoch 1, sequence 462, previous digest Some(CheckpointDigest(7MuM5erUiDtAtGEQiwQ2dm1Ry6TFwSMt38QVWVQqvWV2)), transactions count 2, content digest CheckpointContentsDigest(Dt2zTT4RHEvqYSGW9Xh3SCAV4ppGMmL5e6C9ttyW26iK), end_of_epoch_data None
[2m2025-03-25T07:56:06.471089Z[0m [32m INFO[0m [1mnode[0m[1m{[0m[3mname[0m[2m=[0mk#99f25ef6..[1m}[0m[2m:[0m [2msui_core::checkpoints::checkpoint_executor[0m[2m:[0m [2mcrates/sui-core/src/checkpoints/checkpoint_executor/mod.rs[0m[2m:[0m[2m332:[0m Received checkpoint summary from state sync [3msequence_number[0m[2m=[0m461
[2m2025-03-25T07:56:06.471089Z[0m [32m INFO[0m [1mnode[0m[1m{[0m[3mname[0m[2m=[0mk#8dcff6d1..[1m}[0m[2m:[0m [2msui_core::checkpoints::checkpoint_executor[0m[2m:[0m [2mcrates/sui-core/src/checkpoints/checkpoint_executor/mod.rs[0m[2m:[0m[2m332:[0m Received checkpoint summary from state sync [3msequence_number[0m[2m=[0m461
[2m2025-03-25T07:56:06.472269Z[0m [32m INFO[0m [1mnode[0m[1m{[0m[3mname[0m[2m=[0mk#99f25ef6..[1m}[0m[2m:[0m [2msui_core::state_accumulator[0m[2m:[0m [2mcrates/sui-core/src/state_accumulator.rs[0m[2m:[0m[2m675:[0m accumulating running root for checkpoint 461
[2m2025-03-25T07:56:06.472273Z[0m [32m INFO[0m [1mnode[0m[1m{[0m[3mname[0m[2m=[0mk#8dcff6d1..[1m}[0m[2m:[0m [2msui_core::state_accumulator[0m[2m:[0m [2mcrates/sui-core/src/state_accumulator.rs[0m[2m:[0m[2m675:[0m accumulating running root for checkpoint 461
[2m2025-03-25T07:56:06.474431Z[0m [32m INFO[0m [1mnode[0m[1m{[0m[3mname[0m[2m=[0mk#addeef94..[1m}[0m[2m:[0m [2msui_core::checkpoints::checkpoint_executor[0m[2m:[0m [2mcrates/sui-core/src/checkpoints/checkpoint_executor/mod.rs[0m[2m:[0m[2m332:[0m Received checkpoint summary from state sync [3msequence_number[0m[2m=[0m461
[2m2025-03-25T07:56:06.475134Z[0m [32m INFO[0m [1mnode[0m[1m{[0m[3mname[0m[2m=[0mk#addeef94..[1m}[0m[2m:[0m [2msui_core::state_accumulator[0m[2m:[0m [2mcrates/sui-core/src/state_accumulator.rs[0m[2m:[0m[2m675:[0m accumulating running root for checkpoint 461
[2m2025-03-25T07:56:06.484721Z[0m [32m INFO[0m [1mnode[0m[1m{[0m[3mname[0m[2m=[0mk#b3f3cbb4..[1m}[0m[2m:[0m [2msui_core::state_accumulator[0m[2m:[0m [2mcrates/sui-core/src/state_accumulator.rs[0m[2m:[0m[2m675:[0m accumulating running root for checkpoint 447
[2m2025-03-25T07:56:06.520915Z[0m [32m INFO[0m [1mnode[0m[1m{[0m[3mname[0m[2m=[0mk#b3f3cbb4..[1m}[0m[2m:[0m [2msui_core::state_accumulator[0m[2m:[0m [2mcrates/sui-core/src/state_accumulator.rs[0m[2m:[0m[2m675:[0m accumulating running root for checkpoint 448
[2m2025-03-25T07:56:06.521172Z[0m [32m INFO[0m [1mnode[0m[1m{[0m[3mname[0m[2m=[0mk#b3f3cbb4..[1m}[0m[2m:[0m [2msui_core::checkpoints::checkpoint_executor[0m[2m:[0m [2mcrates/sui-core/src/checkpoints/checkpoint_executor/mod.rs[0m[2m:[0m[2m332:[0m Received checkpoint summary from state sync [3msequence_number[0m[2m=[0m459
[2m2025-03-25T07:56:06.547767Z[0m [32m INFO[0m [1mnode[0m[1m{[0m[3mname[0m[2m=[0mk#b3f3cbb4..[1m}[0m[2m:[0m [2msui_core::state_accumulator[0m[2m:[0m [2mcrates/sui-core/src/state_accumulator.rs[0m[2m:[0m[2m675:[0m accumulating running root for checkpoint 449
[2m2025-03-25T07:56:06.692954Z[0m [32m INFO[0m [1mnode[0m[1m{[0m[3mname[0m[2m=[0mk#8dcff6d1..[1m}[0m[2m:[0m [2mconsensus_core::core[0m[2m:[0m [2mconsensus/core/src/core.rs[0m[2m:[0m[2m945:[0m Included 3 ancestors & excluded 0 ancestors for proposal in round 262
[2m2025-03-25T07:56:06.693294Z[0m [32m INFO[0m [1mnode[0m[1m{[0m[3mname[0m[2m=[0mk#99f25ef6..[1m}[0m[2m:[0m [2mconsensus_core::core[0m[2m:[0m [2mconsensus/core/src/core.rs[0m[2m:[0m[2m945:[0m Included 3 ancestors & excluded 0 ancestors for proposal in round 262
[2m2025-03-25T07:56:06.693336Z[0m [32m INFO[0m [1mnode[0m[1m{[0m[3mname[0m[2m=[0mk#8dcff6d1..[1m}[0m[2m:[0m [2mconsensus_core::core[0m[2m:[0m [2mconsensus/core/src/core.rs[0m[2m:[0m[2m531:[0m Created block B262(A,QP7l9uyO4vBmdEe7WrV7g5gwr9zZ4/AbdUh+kwuU68g=)(1742889366693ms;[B261(A,XY4JyDlarzuS6zkw35cF/h6Oyym9hvTSwfDUAdgmShs=), B261(B,KGk+tbEiV7XK/qspAKANjT2/TRibvl7bDaMYa6+eMxA=), B261(C,7YUmnwXY2tDDAMOdC87bd8RVjZC1pfNXZrLeIGLmSuA=)];1t;1c) for round 262
[2m2025-03-25T07:56:06.693596Z[0m [32m INFO[0m [1mnode[0m[1m{[0m[3mname[0m[2m=[0mk#99f25ef6..[1m}[0m[2m:[0m [2mconsensus_core::core[0m[2m:[0m [2mconsensus/core/src/core.rs[0m[2m:[0m[2m531:[0m Created block B262(B,uBlmc6cUzzB5CtMbbdvOTtvegQv6I/2sXyzis2jqef0=)(1742889366693ms;[B261(B,KGk+tbEiV7XK/qspAKANjT2/TRibvl7bDaMYa6+eMxA=), B261(A,XY4JyDlarzuS6zkw35cF/h6Oyym9hvTSwfDUAdgmShs=), B261(C,7YUmnwXY2tDDAMOdC87bd8RVjZC1pfNXZrLeIGLmSuA=)];1t;1c) for round 262
[2m2025-03-25T07:56:06.696499Z[0m [32m INFO[0m [1mnode[0m[1m{[0m[3mname[0m[2m=[0mk#addeef94..[1m}[0m[2m:[0m [2mconsensus_core::core[0m[2m:[0m [2mconsensus/core/src/core.rs[0m[2m:[0m[2m945:[0m Included 3 ancestors & excluded 0 ancestors for proposal in round 262
[2m2025-03-25T07:56:06.696790Z[0m [32m INFO[0m [1mnode[0m[1m{[0m[3mname[0m[2m=[0mk#addeef94..[1m}[0m[2m:[0m [2mconsensus_core::core[0m[2m:[0m [2mconsensus/core/src/core.rs[0m[2m:[0m[2m531:[0m Created block B262(C,gCWqUq5ZJRoAzXXN6pzgFd8fsT7yztSR0yhDYPhKovU=)(1742889366696ms;[B261(C,7YUmnwXY2tDDAMOdC87bd8RVjZC1pfNXZrLeIGLmSuA=), B261(A,XY4JyDlarzuS6zkw35cF/h6Oyym9hvTSwfDUAdgmShs=), B261(B,KGk+tbEiV7XK/qspAKANjT2/TRibvl7bDaMYa6+eMxA=)];1t;1c) for round 262
[2m2025-03-25T07:56:06.696858Z[0m [32m INFO[0m [1mnode[0m[1m{[0m[3mname[0m[2m=[0mk#addeef94..[1m}[0m[2m:[0m [2mconsensus_core::core[0m[2m:[0m [2mconsensus/core/src/core.rs[0m[2m:[0m[2m630:[0m Committing 1 leaders: B260(B,BzOk)
[2m2025-03-25T07:56:06.696929Z[0m [32m INFO[0m [1mnode[0m[1m{[0m[3mname[0m[2m=[0mk#addeef94..[1m}[0m[2m:[0m [2mconsensus_core::commit_observer[0m[2m:[0m [2mconsensus/core/src/commit_observer.rs[0m[2m:[0m[2m173:[0m Consensus commit C250(MLti) with leader B260(B,BzOk) has 3 blocks
[2m2025-03-25T07:56:06.697169Z[0m [32m INFO[0m [1mnode[0m[1m{[0m[3mname[0m[2m=[0mk#addeef94..[1m}[0m[2m:[0m [2msui_core::consensus_handler[0m[2m:[0m [2mcrates/sui-core/src/consensus_handler.rs[0m[2m:[0m[2m232:[0m Received consensus output [3mconsensus_commit[0m[2m=[0mCommittedSubDag(leader=B260(B,BzOk), ref=C250(MLti), blocks=[IMO+, 7No6, BzOk]) [3mepoch[0m[2m=[0m1
[2m2025-03-25T07:56:06.700234Z[0m [32m INFO[0m [1mnode[0m[1m{[0m[3mname[0m[2m=[0mk#99f25ef6..[1m}[0m[2m:[0m [2msui_core::checkpoints::checkpoint_output[0m[2m:[0m [2mcrates/sui-core/src/checkpoints/checkpoint_output.rs[0m[2m:[0m[2m196:[0m Certified checkpoint with sequence 462 and digest JB5Ednm9xMBf67zSvoo5LPcnGv836ngthdCk3MzXehHn
[2m2025-03-25T07:56:06.700312Z[0m [32m INFO[0m [1mnode[0m[1m{[0m[3mname[0m[2m=[0mk#8dcff6d1..[1m}[0m[2m:[0m [2msui_core::checkpoints::checkpoint_output[0m[2m:[0m [2mcrates/sui-core/src/checkpoints/checkpoint_output.rs[0m[2m:[0m[2m196:[0m Certified checkpoint with sequence 462 and digest JB5Ednm9xMBf67zSvoo5LPcnGv836ngthdCk3MzXehHn
[2m2025-03-25T07:56:06.700340Z[0m [32m INFO[0m [1mnode[0m[1m{[0m[3mname[0m[2m=[0mk#99f25ef6..[1m}[0m[2m:[0m [2mconsensus_core::core[0m[2m:[0m [2mconsensus/core/src/core.rs[0m[2m:[0m[2m630:[0m Committing 1 leaders: B260(B,BzOk)
[2m2025-03-25T07:56:06.700431Z[0m [32m INFO[0m [1mnode[0m[1m{[0m[3mname[0m[2m=[0mk#8dcff6d1..[1m}[0m[2m:[0m [2mconsensus_core::core[0m[2m:[0m [2mconsensus/core/src/core.rs[0m[2m:[0m[2m630:[0m Committing 1 leaders: B260(B,BzOk)
[2m2025-03-25T07:56:06.700447Z[0m [32m INFO[0m [1mnode[0m[1m{[0m[3mname[0m[2m=[0mk#99f25ef6..[1m}[0m[2m:[0m [2mconsensus_core::commit_observer[0m[2m:[0m [2mconsensus/core/src/commit_observer.rs[0m[2m:[0m[2m173:[0m Consensus commit C250(MLti) with leader B260(B,BzOk) has 3 blocks
[2m2025-03-25T07:56:06.700537Z[0m [32m INFO[0m [1mnode[0m[1m{[0m[3mname[0m[2m=[0mk#8dcff6d1..[1m}[0m[2m:[0m [2mconsensus_core::commit_observer[0m[2m:[0m [2mconsensus/core/src/commit_observer.rs[0m[2m:[0m[2m173:[0m Consensus commit C250(MLti) with leader B260(B,BzOk) has 3 blocks
[2m2025-03-25T07:56:06.700884Z[0m [32m INFO[0m [1mnode[0m[1m{[0m[3mname[0m[2m=[0mk#99f25ef6..[1m}[0m[2m:[0m [2msui_core::consensus_handler[0m[2m:[0m [2mcrates/sui-core/src/consensus_handler.rs[0m[2m:[0m[2m232:[0m Received consensus output [3mconsensus_commit[0m[2m=[0mCommittedSubDag(leader=B260(B,BzOk), ref=C250(MLti), blocks=[IMO+, 7No6, BzOk]) [3mepoch[0m[2m=[0m1
[2m2025-03-25T07:56:06.700955Z[0m [32m INFO[0m [1mnode[0m[1m{[0m[3mname[0m[2m=[0mk#8dcff6d1..[1m}[0m[2m:[0m [2msui_core::consensus_handler[0m[2m:[0m [2mcrates/sui-core/src/consensus_handler.rs[0m[2m:[0m[2m232:[0m Received consensus output [3mconsensus_commit[0m[2m=[0mCommittedSubDag(leader=B260(B,BzOk), ref=C250(MLti), blocks=[IMO+, 7No6, BzOk]) [3mepoch[0m[2m=[0m1
[2m2025-03-25T07:56:06.701486Z[0m [32m INFO[0m [1mnode[0m[1m{[0m[3mname[0m[2m=[0mk#99f25ef6..[1m}[0m[2m:[0m [2msui_core::checkpoints::checkpoint_executor[0m[2m:[0m [2mcrates/sui-core/src/checkpoints/checkpoint_executor/mod.rs[0m[2m:[0m[2m332:[0m Received checkpoint summary from state sync [3msequence_number[0m[2m=[0m462
[2m2025-03-25T07:56:06.701535Z[0m [32m INFO[0m [1mnode[0m[1m{[0m[3mname[0m[2m=[0mk#8dcff6d1..[1m}[0m[2m:[0m [2msui_core::checkpoints::checkpoint_executor[0m[2m:[0m [2mcrates/sui-core/src/checkpoints/checkpoint_executor/mod.rs[0m[2m:[0m[2m332:[0m Received checkpoint summary from state sync [3msequence_number[0m[2m=[0m462
[2m2025-03-25T07:56:06.715192Z[0m [32m INFO[0m [1mnode[0m[1m{[0m[3mname[0m[2m=[0mk#99f25ef6..[1m}[0m[2m:[0m [2msui_core::state_accumulator[0m[2m:[0m [2mcrates/sui-core/src/state_accumulator.rs[0m[2m:[0m[2m675:[0m accumulating running root for checkpoint 462
[2m2025-03-25T07:56:06.715242Z[0m [32m INFO[0m [1mnode[0m[1m{[0m[3mname[0m[2m=[0mk#8dcff6d1..[1m}[0m[2m:[0m [2msui_core::state_accumulator[0m[2m:[0m [2mcrates/sui-core/src/state_accumulator.rs[0m[2m:[0m[2m675:[0m accumulating running root for checkpoint 462
[2m2025-03-25T07:56:06.741618Z[0m [32m INFO[0m [1mnode[0m[1m{[0m[3mname[0m[2m=[0mk#addeef94..[1m}[0m[2m:[0m [2msui_core::checkpoints[0m[2m:[0m [2mcrates/sui-core/src/checkpoints/mod.rs[0m[2m:[0m[2m1326:[0m Creating checkpoint(s) for 1 transactions [3mnext_checkpoint_seq[0m[2m=[0m463 [3mcheckpoint_timestamp[0m[2m=[0m1742889366187
[2m2025-03-25T07:56:06.741852Z[0m [32m INFO[0m [1mnode[0m[1m{[0m[3mname[0m[2m=[0mk#addeef94..[1m}[0m[2m:[0m [2msui_core::checkpoints::checkpoint_output[0m[2m:[0m [2mcrates/sui-core/src/checkpoints/checkpoint_output.rs[0m[2m:[0m[2m149:[0m Creating checkpoint CheckpointDigest(3te6jHdY13YsBQhP966LhNS1t5MsqmXaLc2E48A2FYiR) at epoch 1, sequence 463, previous digest Some(CheckpointDigest(JB5Ednm9xMBf67zSvoo5LPcnGv836ngthdCk3MzXehHn)), transactions count 1, content digest CheckpointContentsDigest(CUk9ZvCopfjvdnR3n4sZZsbXjjxV6jtNRnNbAPxbQEtG), end_of_epoch_data None
[2m2025-03-25T07:56:06.747807Z[0m [32m INFO[0m [1mnode[0m[1m{[0m[3mname[0m[2m=[0mk#8dcff6d1..[1m}[0m[2m:[0m [2msui_core::checkpoints[0m[2m:[0m [2mcrates/sui-core/src/checkpoints/mod.rs[0m[2m:[0m[2m1326:[0m Creating checkpoint(s) for 1 transactions [3mnext_checkpoint_seq[0m[2m=[0m463 [3mcheckpoint_timestamp[0m[2m=[0m1742889366187
[2m2025-03-25T07:56:06.747966Z[0m [32m INFO[0m [1mnode[0m[1m{[0m[3mname[0m[2m=[0mk#99f25ef6..[1m}[0m[2m:[0m [2msui_core::checkpoints[0m[2m:[0m [2mcrates/sui-core/src/checkpoints/mod.rs[0m[2m:[0m[2m1326:[0m Creating checkpoint(s) for 1 transactions [3mnext_checkpoint_seq[0m[2m=[0m463 [3mcheckpoint_timestamp[0m[2m=[0m1742889366187
[2m2025-03-25T07:56:06.747990Z[0m [32m INFO[0m [1mnode[0m[1m{[0m[3mname[0m[2m=[0mk#8dcff6d1..[1m}[0m[2m:[0m [2msui_core::checkpoints::checkpoint_output[0m[2m:[0m [2mcrates/sui-core/src/checkpoints/checkpoint_output.rs[0m[2m:[0m[2m149:[0m Creating checkpoint CheckpointDigest(3te6jHdY13YsBQhP966LhNS1t5MsqmXaLc2E48A2FYiR) at epoch 1, sequence 463, previous digest Some(CheckpointDigest(JB5Ednm9xMBf67zSvoo5LPcnGv836ngthdCk3MzXehHn)), transactions count 1, content digest CheckpointContentsDigest(CUk9ZvCopfjvdnR3n4sZZsbXjjxV6jtNRnNbAPxbQEtG), end_of_epoch_data None
[2m2025-03-25T07:56:06.748132Z[0m [32m INFO[0m [1mnode[0m[1m{[0m[3mname[0m[2m=[0mk#99f25ef6..[1m}[0m[2m:[0m [2msui_core::checkpoints::checkpoint_output[0m[2m:[0m [2mcrates/sui-core/src/checkpoints/checkpoint_output.rs[0m[2m:[0m[2m149:[0m Creating checkpoint CheckpointDigest(3te6jHdY13YsBQhP966LhNS1t5MsqmXaLc2E48A2FYiR) at epoch 1, sequence 463, previous digest Some(CheckpointDigest(JB5Ednm9xMBf67zSvoo5LPcnGv836ngthdCk3MzXehHn)), transactions count 1, content digest CheckpointContentsDigest(CUk9ZvCopfjvdnR3n4sZZsbXjjxV6jtNRnNbAPxbQEtG), end_of_epoch_data None
[2m2025-03-25T07:56:06.808264Z[0m [32m INFO[0m [1mnode[0m[1m{[0m[3mname[0m[2m=[0mk#addeef94..[1m}[0m[2m:[0m [2msui_core::checkpoints::checkpoint_executor[0m[2m:[0m [2mcrates/sui-core/src/checkpoints/checkpoint_executor/mod.rs[0m[2m:[0m[2m332:[0m Received checkpoint summary from state sync [3msequence_number[0m[2m=[0m462
[2m2025-03-25T07:56:06.809758Z[0m [32m INFO[0m [1mnode[0m[1m{[0m[3mname[0m[2m=[0mk#addeef94..[1m}[0m[2m:[0m [2msui_core::state_accumulator[0m[2m:[0m [2mcrates/sui-core/src/state_accumulator.rs[0m[2m:[0m[2m675:[0m accumulating running root for checkpoint 462
[2m2025-03-25T07:56:06.950138Z[0m [32m INFO[0m [1mnode[0m[1m{[0m[3mname[0m[2m=[0mk#addeef94..[1m}[0m[2m:[0m [2mconsensus_core::core[0m[2m:[0m [2mconsensus/core/src/core.rs[0m[2m:[0m[2m945:[0m Included 3 ancestors & excluded 0 ancestors for proposal in round 263
[2m2025-03-25T07:56:06.950536Z[0m [32m INFO[0m [1mnode[0m[1m{[0m[3mname[0m[2m=[0mk#addeef94..[1m}[0m[2m:[0m [2mconsensus_core::core[0m[2m:[0m [2mconsensus/core/src/core.rs[0m[2m:[0m[2m531:[0m Created block B263(C,SRIYgn1ehmx+b5Ql+tTKNLHhY1Fj/Ejow3Nx93Fjan4=)(1742889366950ms;[B262(C,gCWqUq5ZJRoAzXXN6pzgFd8fsT7yztSR0yhDYPhKovU=), B262(A,QP7l9uyO4vBmdEe7WrV7g5gwr9zZ4/AbdUh+kwuU68g=), B262(B,uBlmc6cUzzB5CtMbbdvOTtvegQv6I/2sXyzis2jqef0=)];1t;1c) for round 263
[2m2025-03-25T07:56:06.952555Z[0m [32m INFO[0m [1mnode[0m[1m{[0m[3mname[0m[2m=[0mk#8dcff6d1..[1m}[0m[2m:[0m [2mconsensus_core::core[0m[2m:[0m [2mconsensus/core/src/core.rs[0m[2m:[0m[2m945:[0m Included 3 ancestors & excluded 0 ancestors for proposal in round 263
[2m2025-03-25T07:56:06.952555Z[0m [32m INFO[0m [1mnode[0m[1m{[0m[3mname[0m[2m=[0mk#99f25ef6..[1m}[0m[2m:[0m [2mconsensus_core::core[0m[2m:[0m [2mconsensus/core/src/core.rs[0m[2m:[0m[2m945:[0m Included 3 ancestors & excluded 0 ancestors for proposal in round 263
[2m2025-03-25T07:56:06.952850Z[0m [32m INFO[0m [1mnode[0m[1m{[0m[3mname[0m[2m=[0mk#8dcff6d1..[1m}[0m[2m:[0m [2mconsensus_core::core[0m[2m:[0m [2mconsensus/core/src/core.rs[0m[2m:[0m[2m531:[0m Created block B263(A,cBdVTCFtexNye19ptUBlg4yOy2Ma/vHECa28Piua3SQ=)(1742889366952ms;[B262(A,QP7l9uyO4vBmdEe7WrV7g5gwr9zZ4/AbdUh+kwuU68g=), B262(B,uBlmc6cUzzB5CtMbbdvOTtvegQv6I/2sXyzis2jqef0=), B262(C,gCWqUq5ZJRoAzXXN6pzgFd8fsT7yztSR0yhDYPhKovU=)];1t;1c) for round 263
[2m2025-03-25T07:56:06.952849Z[0m [32m INFO[0m [1mnode[0m[1m{[0m[3mname[0m[2m=[0mk#99f25ef6..[1m}[0m[2m:[0m [2mconsensus_core::core[0m[2m:[0m [2mconsensus/core/src/core.rs[0m[2m:[0m[2m531:[0m Created block B263(B,73LfuUDLGTQRMxVdXVRbpYYG7Vea5lX+ueaHOB7PA88=)(1742889366952ms;[B262(B,uBlmc6cUzzB5CtMbbdvOTtvegQv6I/2sXyzis2jqef0=), B262(A,QP7l9uyO4vBmdEe7WrV7g5gwr9zZ4/AbdUh+kwuU68g=), B262(C,gCWqUq5ZJRoAzXXN6pzgFd8fsT7yztSR0yhDYPhKovU=)];1t;1c) for round 263
[2m2025-03-25T07:56:06.952922Z[0m [32m INFO[0m [1mnode[0m[1m{[0m[3mname[0m[2m=[0mk#8dcff6d1..[1m}[0m[2m:[0m [2mconsensus_core::core[0m[2m:[0m [2mconsensus/core/src/core.rs[0m[2m:[0m[2m630:[0m Committing 1 leaders: B261(B,KGk+)
[2m2025-03-25T07:56:06.952922Z[0m [32m INFO[0m [1mnode[0m[1m{[0m[3mname[0m[2m=[0mk#99f25ef6..[1m}[0m[2m:[0m [2mconsensus_core::core[0m[2m:[0m [2mconsensus/core/src/core.rs[0m[2m:[0m[2m630:[0m Committing 1 leaders: B261(B,KGk+)
[2m2025-03-25T07:56:06.952998Z[0m [32m INFO[0m [1mnode[0m[1m{[0m[3mname[0m[2m=[0mk#8dcff6d1..[1m}[0m[2m:[0m [2mconsensus_core::commit_observer[0m[2m:[0m [2mconsensus/core/src/commit_observer.rs[0m[2m:[0m[2m173:[0m Consensus commit C251(aAU7) with leader B261(B,KGk+) has 3 blocks
[2m2025-03-25T07:56:06.952998Z[0m [32m INFO[0m [1mnode[0m[1m{[0m[3mname[0m[2m=[0mk#99f25ef6..[1m}[0m[2m:[0m [2mconsensus_core::commit_observer[0m[2m:[0m [2mconsensus/core/src/commit_observer.rs[0m[2m:[0m[2m173:[0m Consensus commit C251(aAU7) with leader B261(B,KGk+) has 3 blocks
[2m2025-03-25T07:56:06.953089Z[0m [32m INFO[0m [1mnode[0m[1m{[0m[3mname[0m[2m=[0mk#99f25ef6..[1m}[0m[2m:[0m [2msui_core::consensus_handler[0m[2m:[0m [2mcrates/sui-core/src/consensus_handler.rs[0m[2m:[0m[2m232:[0m Received consensus output [3mconsensus_commit[0m[2m=[0mCommittedSubDag(leader=B261(B,KGk+), ref=C251(aAU7), blocks=[FCFh, ztny, KGk+]) [3mepoch[0m[2m=[0m1
[2m2025-03-25T07:56:06.953089Z[0m [32m INFO[0m [1mnode[0m[1m{[0m[3mname[0m[2m=[0mk#8dcff6d1..[1m}[0m[2m:[0m [2msui_core::consensus_handler[0m[2m:[0m [2mcrates/sui-core/src/consensus_handler.rs[0m[2m:[0m[2m232:[0m Received consensus output [3mconsensus_commit[0m[2m=[0mCommittedSubDag(leader=B261(B,KGk+), ref=C251(aAU7), blocks=[FCFh, ztny, KGk+]) [3mepoch[0m[2m=[0m1
[2m2025-03-25T07:56:06.956838Z[0m [32m INFO[0m [1mnode[0m[1m{[0m[3mname[0m[2m=[0mk#addeef94..[1m}[0m[2m:[0m [2mconsensus_core::core[0m[2m:[0m [2mconsensus/core/src/core.rs[0m[2m:[0m[2m630:[0m Committing 1 leaders: B261(B,KGk+)
[2m2025-03-25T07:56:06.956941Z[0m [32m INFO[0m [1mnode[0m[1m{[0m[3mname[0m[2m=[0mk#addeef94..[1m}[0m[2m:[0m [2mconsensus_core::commit_observer[0m[2m:[0m [2mconsensus/core/src/commit_observer.rs[0m[2m:[0m[2m173:[0m Consensus commit C251(aAU7) with leader B261(B,KGk+) has 3 blocks
[2m2025-03-25T07:56:06.957073Z[0m [32m INFO[0m [1mnode[0m[1m{[0m[3mname[0m[2m=[0mk#addeef94..[1m}[0m[2m:[0m [2msui_core::consensus_handler[0m[2m:[0m [2mcrates/sui-core/src/consensus_handler.rs[0m[2m:[0m[2m232:[0m Received consensus output [3mconsensus_commit[0m[2m=[0mCommittedSubDag(leader=B261(B,KGk+), ref=C251(aAU7), blocks=[FCFh, ztny, KGk+]) [3mepoch[0m[2m=[0m1
[2m2025-03-25T07:56:06.979910Z[0m [32m INFO[0m [1mnode[0m[1m{[0m[3mname[0m[2m=[0mk#99f25ef6..[1m}[0m[2m:[0m [2msui_core::checkpoints[0m[2m:[0m [2mcrates/sui-core/src/checkpoints/mod.rs[0m[2m:[0m[2m1326:[0m Creating checkpoint(s) for 2 transactions [3mnext_checkpoint_seq[0m[2m=[0m464 [3mcheckpoint_timestamp[0m[2m=[0m1742889366440
[2m2025-03-25T07:56:06.979910Z[0m [32m INFO[0m [1mnode[0m[1m{[0m[3mname[0m[2m=[0mk#8dcff6d1..[1m}[0m[2m:[0m [2msui_core::checkpoints[0m[2m:[0m [2mcrates/sui-core/src/checkpoints/mod.rs[0m[2m:[0m[2m1326:[0m Creating checkpoint(s) for 2 transactions [3mnext_checkpoint_seq[0m[2m=[0m464 [3mcheckpoint_timestamp[0m[2m=[0m1742889366440
[2m2025-03-25T07:56:06.980231Z[0m [32m INFO[0m [1mnode[0m[1m{[0m[3mname[0m[2m=[0mk#8dcff6d1..[1m}[0m[2m:[0m [2msui_core::checkpoints::checkpoint_output[0m[2m:[0m [2mcrates/sui-core/src/checkpoints/checkpoint_output.rs[0m[2m:[0m[2m149:[0m Creating checkpoint CheckpointDigest(CDw8BQcTYCh1VhSB8yyEEwUJkbCumzLrSiKAGnyP3sM) at epoch 1, sequence 464, previous digest Some(CheckpointDigest(3te6jHdY13YsBQhP966LhNS1t5MsqmXaLc2E48A2FYiR)), transactions count 2, content digest CheckpointContentsDigest(7oUcpzmFM3TdKBssVgPdX2h7sds9oxQ816Azf7UtJV3Z), end_of_epoch_data None
[2m2025-03-25T07:56:06.980231Z[0m [32m INFO[0m [1mnode[0m[1m{[0m[3mname[0m[2m=[0mk#99f25ef6..[1m}[0m[2m:[0m [2msui_core::checkpoints::checkpoint_output[0m[2m:[0m [2mcrates/sui-core/src/checkpoints/checkpoint_output.rs[0m[2m:[0m[2m149:[0m Creating checkpoint CheckpointDigest(CDw8BQcTYCh1VhSB8yyEEwUJkbCumzLrSiKAGnyP3sM) at epoch 1, sequence 464, previous digest Some(CheckpointDigest(3te6jHdY13YsBQhP966LhNS1t5MsqmXaLc2E48A2FYiR)), transactions count 2, content digest CheckpointContentsDigest(7oUcpzmFM3TdKBssVgPdX2h7sds9oxQ816Azf7UtJV3Z), end_of_epoch_data None
[2m2025-03-25T07:56:06.983153Z[0m [32m INFO[0m [1mnode[0m[1m{[0m[3mname[0m[2m=[0mk#addeef94..[1m}[0m[2m:[0m [2msui_core::checkpoints[0m[2m:[0m [2mcrates/sui-core/src/checkpoints/mod.rs[0m[2m:[0m[2m1326:[0m Creating checkpoint(s) for 2 transactions [3mnext_checkpoint_seq[0m[2m=[0m464 [3mcheckpoint_timestamp[0m[2m=[0m1742889366440
[2m2025-03-25T07:56:06.983349Z[0m [32m INFO[0m [1mnode[0m[1m{[0m[3mname[0m[2m=[0mk#8dcff6d1..[1m}[0m[2m:[0m [2msui_core::checkpoints::checkpoint_output[0m[2m:[0m [2mcrates/sui-core/src/checkpoints/checkpoint_output.rs[0m[2m:[0m[2m196:[0m Certified checkpoint with sequence 463 and digest 3te6jHdY13YsBQhP966LhNS1t5MsqmXaLc2E48A2FYiR
[2m2025-03-25T07:56:06.983353Z[0m [32m INFO[0m [1mnode[0m[1m{[0m[3mname[0m[2m=[0mk#99f25ef6..[1m}[0m[2m:[0m [2msui_core::checkpoints::checkpoint_output[0m[2m:[0m [2mcrates/sui-core/src/checkpoints/checkpoint_output.rs[0m[2m:[0m[2m196:[0m Certified checkpoint with sequence 463 and digest 3te6jHdY13YsBQhP966LhNS1t5MsqmXaLc2E48A2FYiR
[2m2025-03-25T07:56:06.983406Z[0m [32m INFO[0m [1mnode[0m[1m{[0m[3mname[0m[2m=[0mk#addeef94..[1m}[0m[2m:[0m [2msui_core::checkpoints::checkpoint_output[0m[2m:[0m [2mcrates/sui-core/src/checkpoints/checkpoint_output.rs[0m[2m:[0m[2m149:[0m Creating checkpoint CheckpointDigest(CDw8BQcTYCh1VhSB8yyEEwUJkbCumzLrSiKAGnyP3sM) at epoch 1, sequence 464, previous digest Some(CheckpointDigest(3te6jHdY13YsBQhP966LhNS1t5MsqmXaLc2E48A2FYiR)), transactions count 2, content digest CheckpointContentsDigest(7oUcpzmFM3TdKBssVgPdX2h7sds9oxQ816Azf7UtJV3Z), end_of_epoch_data None
[2m2025-03-25T07:56:06.983816Z[0m [32m INFO[0m [1mnode[0m[1m{[0m[3mname[0m[2m=[0mk#8dcff6d1..[1m}[0m[2m:[0m [2msui_core::checkpoints::checkpoint_executor[0m[2m:[0m [2mcrates/sui-core/src/checkpoints/checkpoint_executor/mod.rs[0m[2m:[0m[2m332:[0m Received checkpoint summary from state sync [3msequence_number[0m[2m=[0m463
[2m2025-03-25T07:56:06.983816Z[0m [32m INFO[0m [1mnode[0m[1m{[0m[3mname[0m[2m=[0mk#99f25ef6..[1m}[0m[2m:[0m [2msui_core::checkpoints::checkpoint_executor[0m[2m:[0m [2mcrates/sui-core/src/checkpoints/checkpoint_executor/mod.rs[0m[2m:[0m[2m332:[0m Received checkpoint summary from state sync [3msequence_number[0m[2m=[0m463
[2m2025-03-25T07:56:06.985000Z[0m [32m INFO[0m [1mnode[0m[1m{[0m[3mname[0m[2m=[0mk#99f25ef6..[1m}[0m[2m:[0m [2msui_core::state_accumulator[0m[2m:[0m [2mcrates/sui-core/src/state_accumulator.rs[0m[2m:[0m[2m675:[0m accumulating running root for checkpoint 463
[2m2025-03-25T07:56:06.985001Z[0m [32m INFO[0m [1mnode[0m[1m{[0m[3mname[0m[2m=[0mk#8dcff6d1..[1m}[0m[2m:[0m [2msui_core::state_accumulator[0m[2m:[0m [2mcrates/sui-core/src/state_accumulator.rs[0m[2m:[0m[2m675:[0m accumulating running root for checkpoint 463
[2m2025-03-25T07:56:06.987169Z[0m [32m INFO[0m [1mnode[0m[1m{[0m[3mname[0m[2m=[0mk#addeef94..[1m}[0m[2m:[0m [2msui_core::checkpoints::checkpoint_executor[0m[2m:[0m [2mcrates/sui-core/src/checkpoints/checkpoint_executor/mod.rs[0m[2m:[0m[2m332:[0m Received checkpoint summary from state sync [3msequence_number[0m[2m=[0m463
[2m2025-03-25T07:56:06.987873Z[0m [32m INFO[0m [1mnode[0m[1m{[0m[3mname[0m[2m=[0mk#addeef94..[1m}[0m[2m:[0m [2msui_core::state_accumulator[0m[2m:[0m [2mcrates/sui-core/src/state_accumulator.rs[0m[2m:[0m[2m675:[0m accumulating running root for checkpoint 463
[2m2025-03-25T07:56:07.206094Z[0m [32m INFO[0m [1mnode[0m[1m{[0m[3mname[0m[2m=[0mk#8dcff6d1..[1m}[0m[2m:[0m [2mconsensus_core::core[0m[2m:[0m [2mconsensus/core/src/core.rs[0m[2m:[0m[2m945:[0m Included 3 ancestors & excluded 0 ancestors for proposal in round 264
[2m2025-03-25T07:56:07.206465Z[0m [32m INFO[0m [1mnode[0m[1m{[0m[3mname[0m[2m=[0mk#8dcff6d1..[1m}[0m[2m:[0m [2mconsensus_core::core[0m[2m:[0m [2mconsensus/core/src/core.rs[0m[2m:[0m[2m531:[0m Created block B264(A,vgeUAfF0MTbFVsPcsaFRTnKHmz6lwzBcMFXIu/3ioHE=)(1742889367206ms;[B263(A,cBdVTCFtexNye19ptUBlg4yOy2Ma/vHECa28Piua3SQ=), B263(B,73LfuUDLGTQRMxVdXVRbpYYG7Vea5lX+ueaHOB7PA88=), B263(C,SRIYgn1ehmx+b5Ql+tTKNLHhY1Fj/Ejow3Nx93Fjan4=)];1t;1c) for round 264
[2m2025-03-25T07:56:07.206687Z[0m [32m INFO[0m [1mnode[0m[1m{[0m[3mname[0m[2m=[0mk#99f25ef6..[1m}[0m[2m:[0m [2mconsensus_core::core[0m[2m:[0m [2mconsensus/core/src/core.rs[0m[2m:[0m[2m945:[0m Included 3 ancestors & excluded 0 ancestors for proposal in round 264
[2m2025-03-25T07:56:07.206991Z[0m [32m INFO[0m [1mnode[0m[1m{[0m[3mname[0m[2m=[0mk#99f25ef6..[1m}[0m[2m:[0m [2mconsensus_core::core[0m[2m:[0m [2mconsensus/core/src/core.rs[0m[2m:[0m[2m531:[0m Created block B264(B,qOio21ZP/f8YTQHo0bRbrzLkcPthqafyPTPjNFKFfCU=)(1742889367206ms;[B263(B,73LfuUDLGTQRMxVdXVRbpYYG7Vea5lX+ueaHOB7PA88=), B263(A,cBdVTCFtexNye19ptUBlg4yOy2Ma/vHECa28Piua3SQ=), B263(C,SRIYgn1ehmx+b5Ql+tTKNLHhY1Fj/Ejow3Nx93Fjan4=)];1t;1c) for round 264
[2m2025-03-25T07:56:07.209628Z[0m [32m INFO[0m [1mnode[0m[1m{[0m[3mname[0m[2m=[0mk#addeef94..[1m}[0m[2m:[0m [2mconsensus_core::core[0m[2m:[0m [2mconsensus/core/src/core.rs[0m[2m:[0m[2m945:[0m Included 3 ancestors & excluded 0 ancestors for proposal in round 264
[2m2025-03-25T07:56:07.209921Z[0m [32m INFO[0m [1mnode[0m[1m{[0m[3mname[0m[2m=[0mk#addeef94..[1m}[0m[2m:[0m [2mconsensus_core::core[0m[2m:[0m [2mconsensus/core/src/core.rs[0m[2m:[0m[2m531:[0m Created block B264(C,HpU/44bnENJLhMTc/g67rAanY+0OjJS6FyTzq2kSfgQ=)(1742889367209ms;[B263(C,SRIYgn1ehmx+b5Ql+tTKNLHhY1Fj/Ejow3Nx93Fjan4=), B263(A,cBdVTCFtexNye19ptUBlg4yOy2Ma/vHECa28Piua3SQ=), B263(B,73LfuUDLGTQRMxVdXVRbpYYG7Vea5lX+ueaHOB7PA88=)];1t;1c) for round 264
[2m2025-03-25T07:56:07.209988Z[0m [32m INFO[0m [1mnode[0m[1m{[0m[3mname[0m[2m=[0mk#addeef94..[1m}[0m[2m:[0m [2mconsensus_core::core[0m[2m:[0m [2mconsensus/core/src/core.rs[0m[2m:[0m[2m630:[0m Committing 1 leaders: B262(B,uBlm)
[2m2025-03-25T07:56:07.210058Z[0m [32m INFO[0m [1mnode[0m[1m{[0m[3mname[0m[2m=[0mk#addeef94..[1m}[0m[2m:[0m [2mconsensus_core::commit_observer[0m[2m:[0m [2mconsensus/core/src/commit_observer.rs[0m[2m:[0m[2m173:[0m Consensus commit C252(fPWY) with leader B262(B,uBlm) has 3 blocks
[2m2025-03-25T07:56:07.210289Z[0m [32m INFO[0m [1mnode[0m[1m{[0m[3mname[0m[2m=[0mk#addeef94..[1m}[0m[2m:[0m [2msui_core::consensus_handler[0m[2m:[0m [2mcrates/sui-core/src/consensus_handler.rs[0m[2m:[0m[2m232:[0m Received consensus output [3mconsensus_commit[0m[2m=[0mCommittedSubDag(leader=B262(B,uBlm), ref=C252(fPWY), blocks=[XY4J, 7YUm, uBlm]) [3mepoch[0m[2m=[0m1
[2m2025-03-25T07:56:07.213351Z[0m [32m INFO[0m [1mnode[0m[1m{[0m[3mname[0m[2m=[0mk#99f25ef6..[1m}[0m[2m:[0m [2msui_core::checkpoints::checkpoint_output[0m[2m:[0m [2mcrates/sui-core/src/checkpoints/checkpoint_output.rs[0m[2m:[0m[2m196:[0m Certified checkpoint with sequence 464 and digest CDw8BQcTYCh1VhSB8yyEEwUJkbCumzLrSiKAGnyP3sM
[2m2025-03-25T07:56:07.213378Z[0m [32m INFO[0m [1mnode[0m[1m{[0m[3mname[0m[2m=[0mk#8dcff6d1..[1m}[0m[2m:[0m [2msui_core::checkpoints::checkpoint_output[0m[2m:[0m [2mcrates/sui-core/src/checkpoints/checkpoint_output.rs[0m[2m:[0m[2m196:[0m Certified checkpoint with sequence 464 and digest CDw8BQcTYCh1VhSB8yyEEwUJkbCumzLrSiKAGnyP3sM
[2m2025-03-25T07:56:07.213460Z[0m [32m INFO[0m [1mnode[0m[1m{[0m[3mname[0m[2m=[0mk#99f25ef6..[1m}[0m[2m:[0m [2mconsensus_core::core[0m[2m:[0m [2mconsensus/core/src/core.rs[0m[2m:[0m[2m630:[0m Committing 1 leaders: B262(B,uBlm)
[2m2025-03-25T07:56:07.213490Z[0m [32m INFO[0m [1mnode[0m[1m{[0m[3mname[0m[2m=[0mk#8dcff6d1..[1m}[0m[2m:[0m [2mconsensus_core::core[0m[2m:[0m [2mconsensus/core/src/core.rs[0m[2m:[0m[2m630:[0m Committing 1 leaders: B262(B,uBlm)
[2m2025-03-25T07:56:07.213561Z[0m [32m INFO[0m [1mnode[0m[1m{[0m[3mname[0m[2m=[0mk#99f25ef6..[1m}[0m[2m:[0m [2mconsensus_core::commit_observer[0m[2m:[0m [2mconsensus/core/src/commit_observer.rs[0m[2m:[0m[2m173:[0m Consensus commit C252(fPWY) with leader B262(B,uBlm) has 3 blocks
[2m2025-03-25T07:56:07.213597Z[0m [32m INFO[0m [1mnode[0m[1m{[0m[3mname[0m[2m=[0mk#8dcff6d1..[1m}[0m[2m:[0m [2mconsensus_core::commit_observer[0m[2m:[0m [2mconsensus/core/src/commit_observer.rs[0m[2m:[0m[2m173:[0m Consensus commit C252(fPWY) with leader B262(B,uBlm) has 3 blocks
[2m2025-03-25T07:56:07.214005Z[0m [32m INFO[0m [1mnode[0m[1m{[0m[3mname[0m[2m=[0mk#99f25ef6..[1m}[0m[2m:[0m [2msui_core::consensus_handler[0m[2m:[0m [2mcrates/sui-core/src/consensus_handler.rs[0m[2m:[0m[2m232:[0m Received consensus output [3mconsensus_commit[0m[2m=[0mCommittedSubDag(leader=B262(B,uBlm), ref=C252(fPWY), blocks=[XY4J, 7YUm, uBlm]) [3mepoch[0m[2m=[0m1
[2m2025-03-25T07:56:07.214016Z[0m [32m INFO[0m [1mnode[0m[1m{[0m[3mname[0m[2m=[0mk#8dcff6d1..[1m}[0m[2m:[0m [2msui_core::consensus_handler[0m[2m:[0m [2mcrates/sui-core/src/consensus_handler.rs[0m[2m:[0m[2m232:[0m Received consensus output [3mconsensus_commit[0m[2m=[0mCommittedSubDag(leader=B262(B,uBlm), ref=C252(fPWY), blocks=[XY4J, 7YUm, uBlm]) [3mepoch[0m[2m=[0m1
[2m2025-03-25T07:56:07.214620Z[0m [32m INFO[0m [1mnode[0m[1m{[0m[3mname[0m[2m=[0mk#99f25ef6..[1m}[0m[2m:[0m [2msui_core::checkpoints::checkpoint_executor[0m[2m:[0m [2mcrates/sui-core/src/checkpoints/checkpoint_executor/mod.rs[0m[2m:[0m[2m332:[0m Received checkpoint summary from state sync [3msequence_number[0m[2m=[0m464
[2m2025-03-25T07:56:07.214620Z[0m [32m INFO[0m [1mnode[0m[1m{[0m[3mname[0m[2m=[0mk#8dcff6d1..[1m}[0m[2m:[0m [2msui_core::checkpoints::checkpoint_executor[0m[2m:[0m [2mcrates/sui-core/src/checkpoints/checkpoint_executor/mod.rs[0m[2m:[0m[2m332:[0m Received checkpoint summary from state sync [3msequence_number[0m[2m=[0m464
[2m2025-03-25T07:56:07.228411Z[0m [32m INFO[0m [1mnode[0m[1m{[0m[3mname[0m[2m=[0mk#99f25ef6..[1m}[0m[2m:[0m [2msui_core::state_accumulator[0m[2m:[0m [2mcrates/sui-core/src/state_accumulator.rs[0m[2m:[0m[2m675:[0m accumulating running root for checkpoint 464
[2m2025-03-25T07:56:07.228412Z[0m [32m INFO[0m [1mnode[0m[1m{[0m[3mname[0m[2m=[0mk#8dcff6d1..[1m}[0m[2m:[0m [2msui_core::state_accumulator[0m[2m:[0m [2mcrates/sui-core/src/state_accumulator.rs[0m[2m:[0m[2m675:[0m accumulating running root for checkpoint 464
[2m2025-03-25T07:56:07.255094Z[0m [32m INFO[0m [1mnode[0m[1m{[0m[3mname[0m[2m=[0mk#addeef94..[1m}[0m[2m:[0m [2msui_core::checkpoints[0m[2m:[0m [2mcrates/sui-core/src/checkpoints/mod.rs[0m[2m:[0m[2m1326:[0m Creating checkpoint(s) for 1 transactions [3mnext_checkpoint_seq[0m[2m=[0m465 [3mcheckpoint_timestamp[0m[2m=[0m1742889366693
[2m2025-03-25T07:56:07.255322Z[0m [32m INFO[0m [1mnode[0m[1m{[0m[3mname[0m[2m=[0mk#addeef94..[1m}[0m[2m:[0m [2msui_core::checkpoints::checkpoint_output[0m[2m:[0m [2mcrates/sui-core/src/checkpoints/checkpoint_output.rs[0m[2m:[0m[2m149:[0m Creating checkpoint CheckpointDigest(DEXGF28M2vRCH676zeWrniTFXDp71dWLt7nq9f5SsTm5) at epoch 1, sequence 465, previous digest Some(CheckpointDigest(CDw8BQcTYCh1VhSB8yyEEwUJkbCumzLrSiKAGnyP3sM)), transactions count 1, content digest CheckpointContentsDigest(BVumkGvR6xVWTGABgFRa6x8CgSke4TAXSunmhViQ1mW7), end_of_epoch_data None
[2m2025-03-25T07:56:07.260851Z[0m [32m INFO[0m [1mnode[0m[1m{[0m[3mname[0m[2m=[0mk#99f25ef6..[1m}[0m[2m:[0m [2msui_core::checkpoints[0m[2m:[0m [2mcrates/sui-core/src/checkpoints/mod.rs[0m[2m:[0m[2m1326:[0m Creating checkpoint(s) for 1 transactions [3mnext_checkpoint_seq[0m[2m=[0m465 [3mcheckpoint_timestamp[0m[2m=[0m1742889366693
[2m2025-03-25T07:56:07.260853Z[0m [32m INFO[0m [1mnode[0m[1m{[0m[3mname[0m[2m=[0mk#8dcff6d1..[1m}[0m[2m:[0m [2msui_core::checkpoints[0m[2m:[0m [2mcrates/sui-core/src/checkpoints/mod.rs[0m[2m:[0m[2m1326:[0m Creating checkpoint(s) for 1 transactions [3mnext_checkpoint_seq[0m[2m=[0m465 [3mcheckpoint_timestamp[0m[2m=[0m1742889366693
[2m2025-03-25T07:56:07.261042Z[0m [32m INFO[0m [1mnode[0m[1m{[0m[3mname[0m[2m=[0mk#8dcff6d1..[1m}[0m[2m:[0m [2msui_core::checkpoints::checkpoint_output[0m[2m:[0m [2mcrates/sui-core/src/checkpoints/checkpoint_output.rs[0m[2m:[0m[2m149:[0m Creating checkpoint CheckpointDigest(DEXGF28M2vRCH676zeWrniTFXDp71dWLt7nq9f5SsTm5) at epoch 1, sequence 465, previous digest Some(CheckpointDigest(CDw8BQcTYCh1VhSB8yyEEwUJkbCumzLrSiKAGnyP3sM)), transactions count 1, content digest CheckpointContentsDigest(BVumkGvR6xVWTGABgFRa6x8CgSke4TAXSunmhViQ1mW7), end_of_epoch_data None
[2m2025-03-25T07:56:07.261049Z[0m [32m INFO[0m [1mnode[0m[1m{[0m[3mname[0m[2m=[0mk#99f25ef6..[1m}[0m[2m:[0m [2msui_core::checkpoints::checkpoint_output[0m[2m:[0m [2mcrates/sui-core/src/checkpoints/checkpoint_output.rs[0m[2m:[0m[2m149:[0m Creating checkpoint CheckpointDigest(DEXGF28M2vRCH676zeWrniTFXDp71dWLt7nq9f5SsTm5) at epoch 1, sequence 465, previous digest Some(CheckpointDigest(CDw8BQcTYCh1VhSB8yyEEwUJkbCumzLrSiKAGnyP3sM)), transactions count 1, content digest CheckpointContentsDigest(BVumkGvR6xVWTGABgFRa6x8CgSke4TAXSunmhViQ1mW7), end_of_epoch_data None
[2m2025-03-25T07:56:07.276921Z[0m [32m INFO[0m [1mnode[0m[1m{[0m[3mname[0m[2m=[0mk#addeef94..[1m}[0m[2m:[0m [2msui_core::checkpoints::checkpoint_executor[0m[2m:[0m [2mcrates/sui-core/src/checkpoints/checkpoint_executor/mod.rs[0m[2m:[0m[2m332:[0m Received checkpoint summary from state sync [3msequence_number[0m[2m=[0m464
[2m2025-03-25T07:56:07.323136Z[0m [32m INFO[0m [1mnode[0m[1m{[0m[3mname[0m[2m=[0mk#addeef94..[1m}[0m[2m:[0m [2msui_core::state_accumulator[0m[2m:[0m [2mcrates/sui-core/src/state_accumulator.rs[0m[2m:[0m[2m675:[0m accumulating running root for checkpoint 464
[2m2025-03-25T07:56:07.326206Z[0m [32m INFO[0m [1mnode[0m[1m{[0m[3mname[0m[2m=[0mk#8dcff6d1..[1m}[0m[2m:[0m [2mconsensus_core::commit_syncer[0m[2m:[0m [2mconsensus/core/src/commit_syncer.rs[0m[2m:[0m[2m196:[0m Checking to schedule fetches: synced_commit_index=252, highest_handled_index=252, highest_scheduled_index=0, quorum_commit_index=251, unhandled_commits_threshold=3200
[2m2025-03-25T07:56:07.327372Z[0m [32m INFO[0m [1mnode[0m[1m{[0m[3mname[0m[2m=[0mk#addeef94..[1m}[0m[2m:[0m [2mconsensus_core::commit_syncer[0m[2m:[0m [2mconsensus/core/src/commit_syncer.rs[0m[2m:[0m[2m196:[0m Checking to schedule fetches: synced_commit_index=252, highest_handled_index=252, highest_scheduled_index=0, quorum_commit_index=0, unhandled_commits_threshold=3200
[2m2025-03-25T07:56:07.330955Z[0m [32m INFO[0m [1mnode[0m[1m{[0m[3mname[0m[2m=[0mk#99f25ef6..[1m}[0m[2m:[0m [2mconsensus_core::commit_syncer[0m[2m:[0m [2mconsensus/core/src/commit_syncer.rs[0m[2m:[0m[2m196:[0m Checking to schedule fetches: synced_commit_index=252, highest_handled_index=252, highest_scheduled_index=0, quorum_commit_index=251, unhandled_commits_threshold=3200
[2m2025-03-25T07:56:07.463281Z[0m [32m INFO[0m [1mnode[0m[1m{[0m[3mname[0m[2m=[0mk#addeef94..[1m}[0m[2m:[0m [2mconsensus_core::core[0m[2m:[0m [2mconsensus/core/src/core.rs[0m[2m:[0m[2m945:[0m Included 3 ancestors & excluded 0 ancestors for proposal in round 265
[2m2025-03-25T07:56:07.463727Z[0m [32m INFO[0m [1mnode[0m[1m{[0m[3mname[0m[2m=[0mk#addeef94..[1m}[0m[2m:[0m [2mconsensus_core::core[0m[2m:[0m [2mconsensus/core/src/core.rs[0m[2m:[0m[2m531:[0m Created block B265(C,zjWdSgBrc3GRUO4pVSdOqahTcT6IVxZbyvg/KcXKYn4=)(1742889367463ms;[B264(C,HpU/44bnENJLhMTc/g67rAanY+0OjJS6FyTzq2kSfgQ=), B264(A,vgeUAfF0MTbFVsPcsaFRTnKHmz6lwzBcMFXIu/3ioHE=), B264(B,qOio21ZP/f8YTQHo0bRbrzLkcPthqafyPTPjNFKFfCU=)];1t;1c) for round 265
[2m2025-03-25T07:56:07.465821Z[0m [32m INFO[0m [1mnode[0m[1m{[0m[3mname[0m[2m=[0mk#99f25ef6..[1m}[0m[2m:[0m [2mconsensus_core::core[0m[2m:[0m [2mconsensus/core/src/core.rs[0m[2m:[0m[2m945:[0m Included 3 ancestors & excluded 0 ancestors for proposal in round 265
[2m2025-03-25T07:56:07.465821Z[0m [32m INFO[0m [1mnode[0m[1m{[0m[3mname[0m[2m=[0mk#8dcff6d1..[1m}[0m[2m:[0m [2mconsensus_core::core[0m[2m:[0m [2mconsensus/core/src/core.rs[0m[2m:[0m[2m945:[0m Included 3 ancestors & excluded 0 ancestors for proposal in round 265
[2m2025-03-25T07:56:07.466111Z[0m [32m INFO[0m [1mnode[0m[1m{[0m[3mname[0m[2m=[0mk#99f25ef6..[1m}[0m[2m:[0m [2mconsensus_core::core[0m[2m:[0m [2mconsensus/core/src/core.rs[0m[2m:[0m[2m531:[0m Created block B265(B,t+Cst5BCuRs2BinECe1Q0NPeK9TRcJqvOE/bD1XybJM=)(1742889367465ms;[B264(B,qOio21ZP/f8YTQHo0bRbrzLkcPthqafyPTPjNFKFfCU=), B264(A,vgeUAfF0MTbFVsPcsaFRTnKHmz6lwzBcMFXIu/3ioHE=), B264(C,HpU/44bnENJLhMTc/g67rAanY+0OjJS6FyTzq2kSfgQ=)];1t;1c) for round 265
[2m2025-03-25T07:56:07.466118Z[0m [32m INFO[0m [1mnode[0m[1m{[0m[3mname[0m[2m=[0mk#8dcff6d1..[1m}[0m[2m:[0m [2mconsensus_core::core[0m[2m:[0m [2mconsensus/core/src/core.rs[0m[2m:[0m[2m531:[0m Created block B265(A,AvfJNlQc+ix7I0n0Q7pmYMPcdCggBxkM8smD+Ef9cy4=)(1742889367465ms;[B264(A,vgeUAfF0MTbFVsPcsaFRTnKHmz6lwzBcMFXIu/3ioHE=), B264(B,qOio21ZP/f8YTQHo0bRbrzLkcPthqafyPTPjNFKFfCU=), B264(C,HpU/44bnENJLhMTc/g67rAanY+0OjJS6FyTzq2kSfgQ=)];1t;1c) for round 265
[2m2025-03-25T07:56:07.466183Z[0m [32m INFO[0m [1mnode[0m[1m{[0m[3mname[0m[2m=[0mk#99f25ef6..[1m}[0m[2m:[0m [2mconsensus_core::core[0m[2m:[0m [2mconsensus/core/src/core.rs[0m[2m:[0m[2m630:[0m Committing 1 leaders: B263(C,SRIY)
[2m2025-03-25T07:56:07.466183Z[0m [32m INFO[0m [1mnode[0m[1m{[0m[3mname[0m[2m=[0mk#8dcff6d1..[1m}[0m[2m:[0m [2mconsensus_core::core[0m[2m:[0m [2mconsensus/core/src/core.rs[0m[2m:[0m[2m630:[0m Committing 1 leaders: B263(C,SRIY)
[2m2025-03-25T07:56:07.466257Z[0m [32m INFO[0m [1mnode[0m[1m{[0m[3mname[0m[2m=[0mk#99f25ef6..[1m}[0m[2m:[0m [2mconsensus_core::commit_observer[0m[2m:[0m [2mconsensus/core/src/commit_observer.rs[0m[2m:[0m[2m173:[0m Consensus commit C253(guQV) with leader B263(C,SRIY) has 3 blocks
[2m2025-03-25T07:56:07.466260Z[0m [32m INFO[0m [1mnode[0m[1m{[0m[3mname[0m[2m=[0mk#8dcff6d1..[1m}[0m[2m:[0m [2mconsensus_core::commit_observer[0m[2m:[0m [2mconsensus/core/src/commit_observer.rs[0m[2m:[0m[2m173:[0m Consensus commit C253(guQV) with leader B263(C,SRIY) has 3 blocks
[2m2025-03-25T07:56:07.466345Z[0m [32m INFO[0m [1mnode[0m[1m{[0m[3mname[0m[2m=[0mk#8dcff6d1..[1m}[0m[2m:[0m [2msui_core::consensus_handler[0m[2m:[0m [2mcrates/sui-core/src/consensus_handler.rs[0m[2m:[0m[2m232:[0m Received consensus output [3mconsensus_commit[0m[2m=[0mCommittedSubDag(leader=B263(C,SRIY), ref=C253(guQV), blocks=[QP7l, gCWq, SRIY]) [3mepoch[0m[2m=[0m1
[2m2025-03-25T07:56:07.466345Z[0m [32m INFO[0m [1mnode[0m[1m{[0m[3mname[0m[2m=[0mk#99f25ef6..[1m}[0m[2m:[0m [2msui_core::consensus_handler[0m[2m:[0m [2mcrates/sui-core/src/consensus_handler.rs[0m[2m:[0m[2m232:[0m Received consensus output [3mconsensus_commit[0m[2m=[0mCommittedSubDag(leader=B263(C,SRIY), ref=C253(guQV), blocks=[QP7l, gCWq, SRIY]) [3mepoch[0m[2m=[0m1
[2m2025-03-25T07:56:07.470559Z[0m [32m INFO[0m [1mnode[0m[1m{[0m[3mname[0m[2m=[0mk#addeef94..[1m}[0m[2m:[0m [2mconsensus_core::core[0m[2m:[0m [2mconsensus/core/src/core.rs[0m[2m:[0m[2m630:[0m Committing 1 leaders: B263(C,SRIY)
[2m2025-03-25T07:56:07.470660Z[0m [32m INFO[0m [1mnode[0m[1m{[0m[3mname[0m[2m=[0mk#addeef94..[1m}[0m[2m:[0m [2mconsensus_core::commit_observer[0m[2m:[0m [2mconsensus/core/src/commit_observer.rs[0m[2m:[0m[2m173:[0m Consensus commit C253(guQV) with leader B263(C,SRIY) has 3 blocks
[2m2025-03-25T07:56:07.470788Z[0m [32m INFO[0m [1mnode[0m[1m{[0m[3mname[0m[2m=[0mk#addeef94..[1m}[0m[2m:[0m [2msui_core::consensus_handler[0m[2m:[0m [2mcrates/sui-core/src/consensus_handler.rs[0m[2m:[0m[2m232:[0m Received consensus output [3mconsensus_commit[0m[2m=[0mCommittedSubDag(leader=B263(C,SRIY), ref=C253(guQV), blocks=[QP7l, gCWq, SRIY]) [3mepoch[0m[2m=[0m1
[2m2025-03-25T07:56:07.493232Z[0m [32m INFO[0m [1mnode[0m[1m{[0m[3mname[0m[2m=[0mk#8dcff6d1..[1m}[0m[2m:[0m [2msui_core::checkpoints[0m[2m:[0m [2mcrates/sui-core/src/checkpoints/mod.rs[0m[2m:[0m[2m1326:[0m Creating checkpoint(s) for 2 transactions [3mnext_checkpoint_seq[0m[2m=[0m466 [3mcheckpoint_timestamp[0m[2m=[0m1742889366950
[2m2025-03-25T07:56:07.493240Z[0m [32m INFO[0m [1mnode[0m[1m{[0m[3mname[0m[2m=[0mk#99f25ef6..[1m}[0m[2m:[0m [2msui_core::checkpoints[0m[2m:[0m [2mcrates/sui-core/src/checkpoints/mod.rs[0m[2m:[0m[2m1326:[0m Creating checkpoint(s) for 2 transactions [3mnext_checkpoint_seq[0m[2m=[0m466 [3mcheckpoint_timestamp[0m[2m=[0m1742889366950
[2m2025-03-25T07:56:07.493547Z[0m [32m INFO[0m [1mnode[0m[1m{[0m[3mname[0m[2m=[0mk#8dcff6d1..[1m}[0m[2m:[0m [2msui_core::checkpoints::checkpoint_output[0m[2m:[0m [2mcrates/sui-core/src/checkpoints/checkpoint_output.rs[0m[2m:[0m[2m149:[0m Creating checkpoint CheckpointDigest(BGrVeaLHZxenxYziUCxDoATejKFpq1x5LTDCMkXjZbPh) at epoch 1, sequence 466, previous digest Some(CheckpointDigest(DEXGF28M2vRCH676zeWrniTFXDp71dWLt7nq9f5SsTm5)), transactions count 2, content digest CheckpointContentsDigest(EBtTmj7yPjzeStJbGAWCGbdnVFyAYzQbN3zRiUQYRY6q), end_of_epoch_data None
[2m2025-03-25T07:56:07.493548Z[0m [32m INFO[0m [1mnode[0m[1m{[0m[3mname[0m[2m=[0mk#99f25ef6..[1m}[0m[2m:[0m [2msui_core::checkpoints::checkpoint_output[0m[2m:[0m [2mcrates/sui-core/src/checkpoints/checkpoint_output.rs[0m[2m:[0m[2m149:[0m Creating checkpoint CheckpointDigest(BGrVeaLHZxenxYziUCxDoATejKFpq1x5LTDCMkXjZbPh) at epoch 1, sequence 466, previous digest Some(CheckpointDigest(DEXGF28M2vRCH676zeWrniTFXDp71dWLt7nq9f5SsTm5)), transactions count 2, content digest CheckpointContentsDigest(EBtTmj7yPjzeStJbGAWCGbdnVFyAYzQbN3zRiUQYRY6q), end_of_epoch_data None
[2m2025-03-25T07:56:07.496764Z[0m [32m INFO[0m [1mnode[0m[1m{[0m[3mname[0m[2m=[0mk#addeef94..[1m}[0m[2m:[0m [2msui_core::checkpoints[0m[2m:[0m [2mcrates/sui-core/src/checkpoints/mod.rs[0m[2m:[0m[2m1326:[0m Creating checkpoint(s) for 2 transactions [3mnext_checkpoint_seq[0m[2m=[0m466 [3mcheckpoint_timestamp[0m[2m=[0m1742889366950
[2m2025-03-25T07:56:07.496904Z[0m [32m INFO[0m [1mnode[0m[1m{[0m[3mname[0m[2m=[0mk#99f25ef6..[1m}[0m[2m:[0m [2msui_core::checkpoints::checkpoint_output[0m[2m:[0m [2mcrates/sui-core/src/checkpoints/checkpoint_output.rs[0m[2m:[0m[2m196:[0m Certified checkpoint with sequence 465 and digest DEXGF28M2vRCH676zeWrniTFXDp71dWLt7nq9f5SsTm5
[2m2025-03-25T07:56:07.496962Z[0m [32m INFO[0m [1mnode[0m[1m{[0m[3mname[0m[2m=[0mk#8dcff6d1..[1m}[0m[2m:[0m [2msui_core::checkpoints::checkpoint_output[0m[2m:[0m [2mcrates/sui-core/src/checkpoints/checkpoint_output.rs[0m[2m:[0m[2m196:[0m Certified checkpoint with sequence 465 and digest DEXGF28M2vRCH676zeWrniTFXDp71dWLt7nq9f5SsTm5
[2m2025-03-25T07:56:07.497014Z[0m [32m INFO[0m [1mnode[0m[1m{[0m[3mname[0m[2m=[0mk#addeef94..[1m}[0m[2m:[0m [2msui_core::checkpoints::checkpoint_output[0m[2m:[0m [2mcrates/sui-core/src/checkpoints/checkpoint_output.rs[0m[2m:[0m[2m149:[0m Creating checkpoint CheckpointDigest(BGrVeaLHZxenxYziUCxDoATejKFpq1x5LTDCMkXjZbPh) at epoch 1, sequence 466, previous digest Some(CheckpointDigest(DEXGF28M2vRCH676zeWrniTFXDp71dWLt7nq9f5SsTm5)), transactions count 2, content digest CheckpointContentsDigest(EBtTmj7yPjzeStJbGAWCGbdnVFyAYzQbN3zRiUQYRY6q), end_of_epoch_data None
[2m2025-03-25T07:56:07.497325Z[0m [32m INFO[0m [1mnode[0m[1m{[0m[3mname[0m[2m=[0mk#8dcff6d1..[1m}[0m[2m:[0m [2msui_core::checkpoints::checkpoint_executor[0m[2m:[0m [2mcrates/sui-core/src/checkpoints/checkpoint_executor/mod.rs[0m[2m:[0m[2m332:[0m Received checkpoint summary from state sync [3msequence_number[0m[2m=[0m465
[2m2025-03-25T07:56:07.497325Z[0m [32m INFO[0m [1mnode[0m[1m{[0m[3mname[0m[2m=[0mk#99f25ef6..[1m}[0m[2m:[0m [2msui_core::checkpoints::checkpoint_executor[0m[2m:[0m [2mcrates/sui-core/src/checkpoints/checkpoint_executor/mod.rs[0m[2m:[0m[2m332:[0m Received checkpoint summary from state sync [3msequence_number[0m[2m=[0m465
[2m2025-03-25T07:56:07.498490Z[0m [32m INFO[0m [1mnode[0m[1m{[0m[3mname[0m[2m=[0mk#8dcff6d1..[1m}[0m[2m:[0m [2msui_core::state_accumulator[0m[2m:[0m [2mcrates/sui-core/src/state_accumulator.rs[0m[2m:[0m[2m675:[0m accumulating running root for checkpoint 465
[2m2025-03-25T07:56:07.498491Z[0m [32m INFO[0m [1mnode[0m[1m{[0m[3mname[0m[2m=[0mk#99f25ef6..[1m}[0m[2m:[0m [2msui_core::state_accumulator[0m[2m:[0m [2mcrates/sui-core/src/state_accumulator.rs[0m[2m:[0m[2m675:[0m accumulating running root for checkpoint 465
[2m2025-03-25T07:56:07.500648Z[0m [32m INFO[0m [1mnode[0m[1m{[0m[3mname[0m[2m=[0mk#addeef94..[1m}[0m[2m:[0m [2msui_core::checkpoints::checkpoint_executor[0m[2m:[0m [2mcrates/sui-core/src/checkpoints/checkpoint_executor/mod.rs[0m[2m:[0m[2m332:[0m Received checkpoint summary from state sync [3msequence_number[0m[2m=[0m465
[2m2025-03-25T07:56:07.501343Z[0m [32m INFO[0m [1mnode[0m[1m{[0m[3mname[0m[2m=[0mk#addeef94..[1m}[0m[2m:[0m [2msui_core::state_accumulator[0m[2m:[0m [2mcrates/sui-core/src/state_accumulator.rs[0m[2m:[0m[2m675:[0m accumulating running root for checkpoint 465
[2m2025-03-25T07:56:07.718786Z[0m [32m INFO[0m [1mnode[0m[1m{[0m[3mname[0m[2m=[0mk#8dcff6d1..[1m}[0m[2m:[0m [2mconsensus_core::core[0m[2m:[0m [2mconsensus/core/src/core.rs[0m[2m:[0m[2m945:[0m Included 3 ancestors & excluded 0 ancestors for proposal in round 266
[2m2025-03-25T07:56:07.718786Z[0m [32m INFO[0m [1mnode[0m[1m{[0m[3mname[0m[2m=[0mk#99f25ef6..[1m}[0m[2m:[0m [2mconsensus_core::core[0m[2m:[0m [2mconsensus/core/src/core.rs[0m[2m:[0m[2m945:[0m Included 3 ancestors & excluded 0 ancestors for proposal in round 266
[2m2025-03-25T07:56:07.719159Z[0m [32m INFO[0m [1mnode[0m[1m{[0m[3mname[0m[2m=[0mk#8dcff6d1..[1m}[0m[2m:[0m [2mconsensus_core::core[0m[2m:[0m [2mconsensus/core/src/core.rs[0m[2m:[0m[2m531:[0m Created block B266(A,2vTwG6GqL3S6fflSWcFOsrXIM1+Gvx2TrR1cRXp/sDw=)(1742889367718ms;[B265(A,AvfJNlQc+ix7I0n0Q7pmYMPcdCggBxkM8smD+Ef9cy4=), B265(B,t+Cst5BCuRs2BinECe1Q0NPeK9TRcJqvOE/bD1XybJM=), B265(C,zjWdSgBrc3GRUO4pVSdOqahTcT6IVxZbyvg/KcXKYn4=)];1t;1c) for round 266
[2m2025-03-25T07:56:07.719159Z[0m [32m INFO[0m [1mnode[0m[1m{[0m[3mname[0m[2m=[0mk#99f25ef6..[1m}[0m[2m:[0m [2mconsensus_core::core[0m[2m:[0m [2mconsensus/core/src/core.rs[0m[2m:[0m[2m531:[0m Created block B266(B,ug4buXptHsu5aB4WPeIL0KezMIOm9rU9TZ6jTdOoepc=)(1742889367718ms;[B265(B,t+Cst5BCuRs2BinECe1Q0NPeK9TRcJqvOE/bD1XybJM=), B265(A,AvfJNlQc+ix7I0n0Q7pmYMPcdCggBxkM8smD+Ef9cy4=), B265(C,zjWdSgBrc3GRUO4pVSdOqahTcT6IVxZbyvg/KcXKYn4=)];1t;1c) for round 266
[2m2025-03-25T07:56:07.722437Z[0m [32m INFO[0m [1mnode[0m[1m{[0m[3mname[0m[2m=[0mk#addeef94..[1m}[0m[2m:[0m [2mconsensus_core::core[0m[2m:[0m [2mconsensus/core/src/core.rs[0m[2m:[0m[2m945:[0m Included 3 ancestors & excluded 0 ancestors for proposal in round 266
[2m2025-03-25T07:56:07.722752Z[0m [32m INFO[0m [1mnode[0m[1m{[0m[3mname[0m[2m=[0mk#addeef94..[1m}[0m[2m:[0m [2mconsensus_core::core[0m[2m:[0m [2mconsensus/core/src/core.rs[0m[2m:[0m[2m531:[0m Created block B266(C,uuECxWMj1lFKk8s8inYGLOBMW8lkLJU5/cVnUyqkcug=)(1742889367722ms;[B265(C,zjWdSgBrc3GRUO4pVSdOqahTcT6IVxZbyvg/KcXKYn4=), B265(A,AvfJNlQc+ix7I0n0Q7pmYMPcdCggBxkM8smD+Ef9cy4=), B265(B,t+Cst5BCuRs2BinECe1Q0NPeK9TRcJqvOE/bD1XybJM=)];1t;1c) for round 266
[2m2025-03-25T07:56:07.722820Z[0m [32m INFO[0m [1mnode[0m[1m{[0m[3mname[0m[2m=[0mk#addeef94..[1m}[0m[2m:[0m [2mconsensus_core::core[0m[2m:[0m [2mconsensus/core/src/core.rs[0m[2m:[0m[2m630:[0m Committing 1 leaders: B264(A,vgeU)
[2m2025-03-25T07:56:07.722892Z[0m [32m INFO[0m [1mnode[0m[1m{[0m[3mname[0m[2m=[0mk#addeef94..[1m}[0m[2m:[0m [2mconsensus_core::commit_observer[0m[2m:[0m [2mconsensus/core/src/commit_observer.rs[0m[2m:[0m[2m173:[0m Consensus commit C254(l0qc) with leader B264(A,vgeU) has 3 blocks
[2m2025-03-25T07:56:07.722977Z[0m [32m INFO[0m [1mnode[0m[1m{[0m[3mname[0m[2m=[0mk#addeef94..[1m}[0m[2m:[0m [2msui_core::consensus_handler[0m[2m:[0m [2mcrates/sui-core/src/consensus_handler.rs[0m[2m:[0m[2m232:[0m Received consensus output [3mconsensus_commit[0m[2m=[0mCommittedSubDag(leader=B264(A,vgeU), ref=C254(l0qc), blocks=[cBdV, 73Lf, vgeU]) [3mepoch[0m[2m=[0m1
[2m2025-03-25T07:56:07.726101Z[0m [32m INFO[0m [1mnode[0m[1m{[0m[3mname[0m[2m=[0mk#99f25ef6..[1m}[0m[2m:[0m [2msui_core::checkpoints::checkpoint_output[0m[2m:[0m [2mcrates/sui-core/src/checkpoints/checkpoint_output.rs[0m[2m:[0m[2m196:[0m Certified checkpoint with sequence 466 and digest BGrVeaLHZxenxYziUCxDoATejKFpq1x5LTDCMkXjZbPh
[2m2025-03-25T07:56:07.726104Z[0m [32m INFO[0m [1mnode[0m[1m{[0m[3mname[0m[2m=[0mk#8dcff6d1..[1m}[0m[2m:[0m [2msui_core::checkpoints::checkpoint_output[0m[2m:[0m [2mcrates/sui-core/src/checkpoints/checkpoint_output.rs[0m[2m:[0m[2m196:[0m Certified checkpoint with sequence 466 and digest BGrVeaLHZxenxYziUCxDoATejKFpq1x5LTDCMkXjZbPh
[2m2025-03-25T07:56:07.726223Z[0m [32m INFO[0m [1mnode[0m[1m{[0m[3mname[0m[2m=[0mk#99f25ef6..[1m}[0m[2m:[0m [2mconsensus_core::core[0m[2m:[0m [2mconsensus/core/src/core.rs[0m[2m:[0m[2m630:[0m Committing 1 leaders: B264(A,vgeU)
[2m2025-03-25T07:56:07.726224Z[0m [32m INFO[0m [1mnode[0m[1m{[0m[3mname[0m[2m=[0mk#8dcff6d1..[1m}[0m[2m:[0m [2mconsensus_core::core[0m[2m:[0m [2mconsensus/core/src/core.rs[0m[2m:[0m[2m630:[0m Committing 1 leaders: B264(A,vgeU)
[2m2025-03-25T07:56:07.726327Z[0m [32m INFO[0m [1mnode[0m[1m{[0m[3mname[0m[2m=[0mk#8dcff6d1..[1m}[0m[2m:[0m [2mconsensus_core::commit_observer[0m[2m:[0m [2mconsensus/core/src/commit_observer.rs[0m[2m:[0m[2m173:[0m Consensus commit C254(l0qc) with leader B264(A,vgeU) has 3 blocks
[2m2025-03-25T07:56:07.726330Z[0m [32m INFO[0m [1mnode[0m[1m{[0m[3mname[0m[2m=[0mk#99f25ef6..[1m}[0m[2m:[0m [2mconsensus_core::commit_observer[0m[2m:[0m [2mconsensus/core/src/commit_observer.rs[0m[2m:[0m[2m173:[0m Consensus commit C254(l0qc) with leader B264(A,vgeU) has 3 blocks
[2m2025-03-25T07:56:07.726783Z[0m [32m INFO[0m [1mnode[0m[1m{[0m[3mname[0m[2m=[0mk#99f25ef6..[1m}[0m[2m:[0m [2msui_core::consensus_handler[0m[2m:[0m [2mcrates/sui-core/src/consensus_handler.rs[0m[2m:[0m[2m232:[0m Received consensus output [3mconsensus_commit[0m[2m=[0mCommittedSubDag(leader=B264(A,vgeU), ref=C254(l0qc), blocks=[cBdV, 73Lf, vgeU]) [3mepoch[0m[2m=[0m1
[2m2025-03-25T07:56:07.726783Z[0m [32m INFO[0m [1mnode[0m[1m{[0m[3mname[0m[2m=[0mk#8dcff6d1..[1m}[0m[2m:[0m [2msui_core::consensus_handler[0m[2m:[0m [2mcrates/sui-core/src/consensus_handler.rs[0m[2m:[0m[2m232:[0m Received consensus output [3mconsensus_commit[0m[2m=[0mCommittedSubDag(leader=B264(A,vgeU), ref=C254(l0qc), blocks=[cBdV, 73Lf, vgeU]) [3mepoch[0m[2m=[0m1
[2m2025-03-25T07:56:07.727408Z[0m [32m INFO[0m [1mnode[0m[1m{[0m[3mname[0m[2m=[0mk#99f25ef6..[1m}[0m[2m:[0m [2msui_core::checkpoints::checkpoint_executor[0m[2m:[0m [2mcrates/sui-core/src/checkpoints/checkpoint_executor/mod.rs[0m[2m:[0m[2m332:[0m Received checkpoint summary from state sync [3msequence_number[0m[2m=[0m466
[2m2025-03-25T07:56:07.727408Z[0m [32m INFO[0m [1mnode[0m[1m{[0m[3mname[0m[2m=[0mk#8dcff6d1..[1m}[0m[2m:[0m [2msui_core::checkpoints::checkpoint_executor[0m[2m:[0m [2mcrates/sui-core/src/checkpoints/checkpoint_executor/mod.rs[0m[2m:[0m[2m332:[0m Received checkpoint summary from state sync [3msequence_number[0m[2m=[0m466
[2m2025-03-25T07:56:07.741043Z[0m [32m INFO[0m [1mnode[0m[1m{[0m[3mname[0m[2m=[0mk#99f25ef6..[1m}[0m[2m:[0m [2msui_core::state_accumulator[0m[2m:[0m [2mcrates/sui-core/src/state_accumulator.rs[0m[2m:[0m[2m675:[0m accumulating running root for checkpoint 466
[2m2025-03-25T07:56:07.741043Z[0m [32m INFO[0m [1mnode[0m[1m{[0m[3mname[0m[2m=[0mk#8dcff6d1..[1m}[0m[2m:[0m [2msui_core::state_accumulator[0m[2m:[0m [2mcrates/sui-core/src/state_accumulator.rs[0m[2m:[0m[2m675:[0m accumulating running root for checkpoint 466
[2m2025-03-25T07:56:07.767376Z[0m [32m INFO[0m [1mnode[0m[1m{[0m[3mname[0m[2m=[0mk#addeef94..[1m}[0m[2m:[0m [2msui_core::checkpoints[0m[2m:[0m [2mcrates/sui-core/src/checkpoints/mod.rs[0m[2m:[0m[2m1326:[0m Creating checkpoint(s) for 1 transactions [3mnext_checkpoint_seq[0m[2m=[0m467 [3mcheckpoint_timestamp[0m[2m=[0m1742889367206
[2m2025-03-25T07:56:07.767615Z[0m [32m INFO[0m [1mnode[0m[1m{[0m[3mname[0m[2m=[0mk#addeef94..[1m}[0m[2m:[0m [2msui_core::checkpoints::checkpoint_output[0m[2m:[0m [2mcrates/sui-core/src/checkpoints/checkpoint_output.rs[0m[2m:[0m[2m149:[0m Creating checkpoint CheckpointDigest(8wp9HKikrApEc7GDAmyJHHW5VNnF49UpPKZdsNpGadkF) at epoch 1, sequence 467, previous digest Some(CheckpointDigest(BGrVeaLHZxenxYziUCxDoATejKFpq1x5LTDCMkXjZbPh)), transactions count 1, content digest CheckpointContentsDigest(4gzaHL8nrhBA7ACLsom9LA3gR8SLeXEgezUtTE65R77h), end_of_epoch_data None
[2m2025-03-25T07:56:07.772389Z[0m [32m INFO[0m [1mnode[0m[1m{[0m[3mname[0m[2m=[0mk#8dcff6d1..[1m}[0m[2m:[0m [2msui_core::checkpoints[0m[2m:[0m [2mcrates/sui-core/src/checkpoints/mod.rs[0m[2m:[0m[2m1326:[0m Creating checkpoint(s) for 1 transactions [3mnext_checkpoint_seq[0m[2m=[0m467 [3mcheckpoint_timestamp[0m[2m=[0m1742889367206
[2m2025-03-25T07:56:07.772573Z[0m [32m INFO[0m [1mnode[0m[1m{[0m[3mname[0m[2m=[0mk#8dcff6d1..[1m}[0m[2m:[0m [2msui_core::checkpoints::checkpoint_output[0m[2m:[0m [2mcrates/sui-core/src/checkpoints/checkpoint_output.rs[0m[2m:[0m[2m149:[0m Creating checkpoint CheckpointDigest(8wp9HKikrApEc7GDAmyJHHW5VNnF49UpPKZdsNpGadkF) at epoch 1, sequence 467, previous digest Some(CheckpointDigest(BGrVeaLHZxenxYziUCxDoATejKFpq1x5LTDCMkXjZbPh)), transactions count 1, content digest CheckpointContentsDigest(4gzaHL8nrhBA7ACLsom9LA3gR8SLeXEgezUtTE65R77h), end_of_epoch_data None
[2m2025-03-25T07:56:07.774013Z[0m [32m INFO[0m [1mnode[0m[1m{[0m[3mname[0m[2m=[0mk#99f25ef6..[1m}[0m[2m:[0m [2msui_core::checkpoints[0m[2m:[0m [2mcrates/sui-core/src/checkpoints/mod.rs[0m[2m:[0m[2m1326:[0m Creating checkpoint(s) for 1 transactions [3mnext_checkpoint_seq[0m[2m=[0m467 [3mcheckpoint_timestamp[0m[2m=[0m1742889367206
[2m2025-03-25T07:56:07.774180Z[0m [32m INFO[0m [1mnode[0m[1m{[0m[3mname[0m[2m=[0mk#99f25ef6..[1m}[0m[2m:[0m [2msui_core::checkpoints::checkpoint_output[0m[2m:[0m [2mcrates/sui-core/src/checkpoints/checkpoint_output.rs[0m[2m:[0m[2m149:[0m Creating checkpoint CheckpointDigest(8wp9HKikrApEc7GDAmyJHHW5VNnF49UpPKZdsNpGadkF) at epoch 1, sequence 467, previous digest Some(CheckpointDigest(BGrVeaLHZxenxYziUCxDoATejKFpq1x5LTDCMkXjZbPh)), transactions count 1, content digest CheckpointContentsDigest(4gzaHL8nrhBA7ACLsom9LA3gR8SLeXEgezUtTE65R77h), end_of_epoch_data None
[2m2025-03-25T07:56:07.789615Z[0m [32m INFO[0m [1mnode[0m[1m{[0m[3mname[0m[2m=[0mk#addeef94..[1m}[0m[2m:[0m [2msui_core::checkpoints::checkpoint_executor[0m[2m:[0m [2mcrates/sui-core/src/checkpoints/checkpoint_executor/mod.rs[0m[2m:[0m[2m332:[0m Received checkpoint summary from state sync [3msequence_number[0m[2m=[0m466
[2m2025-03-25T07:56:07.838950Z[0m [32m INFO[0m [1mnode[0m[1m{[0m[3mname[0m[2m=[0mk#addeef94..[1m}[0m[2m:[0m [2msui_core::state_accumulator[0m[2m:[0m [2mcrates/sui-core/src/state_accumulator.rs[0m[2m:[0m[2m675:[0m accumulating running root for checkpoint 466
[2m2025-03-25T07:56:07.976183Z[0m [32m INFO[0m [1mnode[0m[1m{[0m[3mname[0m[2m=[0mk#addeef94..[1m}[0m[2m:[0m [2mconsensus_core::core[0m[2m:[0m [2mconsensus/core/src/core.rs[0m[2m:[0m[2m945:[0m Included 3 ancestors & excluded 0 ancestors for proposal in round 267
[2m2025-03-25T07:56:07.976606Z[0m [32m INFO[0m [1mnode[0m[1m{[0m[3mname[0m[2m=[0mk#addeef94..[1m}[0m[2m:[0m [2mconsensus_core::core[0m[2m:[0m [2mconsensus/core/src/core.rs[0m[2m:[0m[2m531:[0m Created block B267(C,uK3gnZpXDvznQe4NRjsSYAw256vYrqqKPL8pFiWhUeo=)(1742889367976ms;[B266(C,uuECxWMj1lFKk8s8inYGLOBMW8lkLJU5/cVnUyqkcug=), B266(A,2vTwG6GqL3S6fflSWcFOsrXIM1+Gvx2TrR1cRXp/sDw=), B266(B,ug4buXptHsu5aB4WPeIL0KezMIOm9rU9TZ6jTdOoepc=)];1t;1c) for round 267
[2m2025-03-25T07:56:07.978377Z[0m [32m INFO[0m [1mnode[0m[1m{[0m[3mname[0m[2m=[0mk#99f25ef6..[1m}[0m[2m:[0m [2mconsensus_core::core[0m[2m:[0m [2mconsensus/core/src/core.rs[0m[2m:[0m[2m945:[0m Included 3 ancestors & excluded 0 ancestors for proposal in round 267
[2m2025-03-25T07:56:07.978658Z[0m [32m INFO[0m [1mnode[0m[1m{[0m[3mname[0m[2m=[0mk#99f25ef6..[1m}[0m[2m:[0m [2mconsensus_core::core[0m[2m:[0m [2mconsensus/core/src/core.rs[0m[2m:[0m[2m531:[0m Created block B267(B,Ohn4kMYc1Sw+sN0btHGdwly3hx6koHQ1YTMk+jugUVY=)(1742889367978ms;[B266(B,ug4buXptHsu5aB4WPeIL0KezMIOm9rU9TZ6jTdOoepc=), B266(A,2vTwG6GqL3S6fflSWcFOsrXIM1+Gvx2TrR1cRXp/sDw=), B266(C,uuECxWMj1lFKk8s8inYGLOBMW8lkLJU5/cVnUyqkcug=)];1t;1c) for round 267
[2m2025-03-25T07:56:07.978717Z[0m [32m INFO[0m [1mnode[0m[1m{[0m[3mname[0m[2m=[0mk#8dcff6d1..[1m}[0m[2m:[0m [2mconsensus_core::core[0m[2m:[0m [2mconsensus/core/src/core.rs[0m[2m:[0m[2m945:[0m Included 3 ancestors & excluded 0 ancestors for proposal in round 267
[2m2025-03-25T07:56:07.978804Z[0m [32m INFO[0m [1mnode[0m[1m{[0m[3mname[0m[2m=[0mk#99f25ef6..[1m}[0m[2m:[0m [2mconsensus_core::core[0m[2m:[0m [2mconsensus/core/src/core.rs[0m[2m:[0m[2m630:[0m Committing 1 leaders: B265(A,AvfJ)
[2m2025-03-25T07:56:07.978902Z[0m [32m INFO[0m [1mnode[0m[1m{[0m[3mname[0m[2m=[0mk#99f25ef6..[1m}[0m[2m:[0m [2mconsensus_core::commit_observer[0m[2m:[0m [2mconsensus/core/src/commit_observer.rs[0m[2m:[0m[2m173:[0m Consensus commit C255(lBu9) with leader B265(A,AvfJ) has 3 blocks
[2m2025-03-25T07:56:07.979012Z[0m [32m INFO[0m [1mnode[0m[1m{[0m[3mname[0m[2m=[0mk#8dcff6d1..[1m}[0m[2m:[0m [2mconsensus_core::core[0m[2m:[0m [2mconsensus/core/src/core.rs[0m[2m:[0m[2m531:[0m Created block B267(A,XqSgkPVnRvCWXdD/y770S6M4dTzY4PYbTgr6XrHrGZI=)(1742889367978ms;[B266(A,2vTwG6GqL3S6fflSWcFOsrXIM1+Gvx2TrR1cRXp/sDw=), B266(B,ug4buXptHsu5aB4WPeIL0KezMIOm9rU9TZ6jTdOoepc=), B266(C,uuECxWMj1lFKk8s8inYGLOBMW8lkLJU5/cVnUyqkcug=)];1t;1c) for round 267
[2m2025-03-25T07:56:07.979078Z[0m [32m INFO[0m [1mnode[0m[1m{[0m[3mname[0m[2m=[0mk#8dcff6d1..[1m}[0m[2m:[0m [2mconsensus_core::core[0m[2m:[0m [2mconsensus/core/src/core.rs[0m[2m:[0m[2m630:[0m Committing 1 leaders: B265(A,AvfJ)
[2m2025-03-25T07:56:07.979145Z[0m [32m INFO[0m [1mnode[0m[1m{[0m[3mname[0m[2m=[0mk#8dcff6d1..[1m}[0m[2m:[0m [2mconsensus_core::commit_observer[0m[2m:[0m [2mconsensus/core/src/commit_observer.rs[0m[2m:[0m[2m173:[0m Consensus commit C255(lBu9) with leader B265(A,AvfJ) has 3 blocks
[2m2025-03-25T07:56:07.979149Z[0m [32m INFO[0m [1mnode[0m[1m{[0m[3mname[0m[2m=[0mk#99f25ef6..[1m}[0m[2m:[0m [2msui_core::consensus_handler[0m[2m:[0m [2mcrates/sui-core/src/consensus_handler.rs[0m[2m:[0m[2m232:[0m Received consensus output [3mconsensus_commit[0m[2m=[0mCommittedSubDag(leader=B265(A,AvfJ), ref=C255(lBu9), blocks=[qOio, HpU/, AvfJ]) [3mepoch[0m[2m=[0m1
[2m2025-03-25T07:56:07.979226Z[0m [32m INFO[0m [1mnode[0m[1m{[0m[3mname[0m[2m=[0mk#8dcff6d1..[1m}[0m[2m:[0m [2msui_core::consensus_handler[0m[2m:[0m [2mcrates/sui-core/src/consensus_handler.rs[0m[2m:[0m[2m232:[0m Received consensus output [3mconsensus_commit[0m[2m=[0mCommittedSubDag(leader=B265(A,AvfJ), ref=C255(lBu9), blocks=[qOio, HpU/, AvfJ]) [3mepoch[0m[2m=[0m1
[2m2025-03-25T07:56:07.982904Z[0m [32m INFO[0m [1mnode[0m[1m{[0m[3mname[0m[2m=[0mk#addeef94..[1m}[0m[2m:[0m [2mconsensus_core::core[0m[2m:[0m [2mconsensus/core/src/core.rs[0m[2m:[0m[2m630:[0m Committing 1 leaders: B265(A,AvfJ)
[2m2025-03-25T07:56:07.983001Z[0m [32m INFO[0m [1mnode[0m[1m{[0m[3mname[0m[2m=[0mk#addeef94..[1m}[0m[2m:[0m [2mconsensus_core::commit_observer[0m[2m:[0m [2mconsensus/core/src/commit_observer.rs[0m[2m:[0m[2m173:[0m Consensus commit C255(lBu9) with leader B265(A,AvfJ) has 3 blocks
[2m2025-03-25T07:56:07.983129Z[0m [32m INFO[0m [1mnode[0m[1m{[0m[3mname[0m[2m=[0mk#addeef94..[1m}[0m[2m:[0m [2msui_core::consensus_handler[0m[2m:[0m [2mcrates/sui-core/src/consensus_handler.rs[0m[2m:[0m[2m232:[0m Received consensus output [3mconsensus_commit[0m[2m=[0mCommittedSubDag(leader=B265(A,AvfJ), ref=C255(lBu9), blocks=[qOio, HpU/, AvfJ]) [3mepoch[0m[2m=[0m1
[2m2025-03-25T07:56:08.006077Z[0m [32m INFO[0m [1mnode[0m[1m{[0m[3mname[0m[2m=[0mk#8dcff6d1..[1m}[0m[2m:[0m [2msui_core::checkpoints[0m[2m:[0m [2mcrates/sui-core/src/checkpoints/mod.rs[0m[2m:[0m[2m1326:[0m Creating checkpoint(s) for 2 transactions [3mnext_checkpoint_seq[0m[2m=[0m468 [3mcheckpoint_timestamp[0m[2m=[0m1742889367465
[2m2025-03-25T07:56:08.006078Z[0m [32m INFO[0m [1mnode[0m[1m{[0m[3mname[0m[2m=[0mk#99f25ef6..[1m}[0m[2m:[0m [2msui_core::checkpoints[0m[2m:[0m [2mcrates/sui-core/src/checkpoints/mod.rs[0m[2m:[0m[2m1326:[0m Creating checkpoint(s) for 2 transactions [3mnext_checkpoint_seq[0m[2m=[0m468 [3mcheckpoint_timestamp[0m[2m=[0m1742889367465
[2m2025-03-25T07:56:08.006395Z[0m [32m INFO[0m [1mnode[0m[1m{[0m[3mname[0m[2m=[0mk#8dcff6d1..[1m}[0m[2m:[0m [2msui_core::checkpoints::checkpoint_output[0m[2m:[0m [2mcrates/sui-core/src/checkpoints/checkpoint_output.rs[0m[2m:[0m[2m149:[0m Creating checkpoint CheckpointDigest(126mTW5xdCL6YFEmj85JFsgWxfEfXYYifzABnX6dod4A) at epoch 1, sequence 468, previous digest Some(CheckpointDigest(8wp9HKikrApEc7GDAmyJHHW5VNnF49UpPKZdsNpGadkF)), transactions count 2, content digest CheckpointContentsDigest(D2URAtAcAowF2XyrAg4JNFzPxMoQXYGmgXLK38uqip92), end_of_epoch_data None
[2m2025-03-25T07:56:08.006395Z[0m [32m INFO[0m [1mnode[0m[1m{[0m[3mname[0m[2m=[0mk#99f25ef6..[1m}[0m[2m:[0m [2msui_core::checkpoints::checkpoint_output[0m[2m:[0m [2mcrates/sui-core/src/checkpoints/checkpoint_output.rs[0m[2m:[0m[2m149:[0m Creating checkpoint CheckpointDigest(126mTW5xdCL6YFEmj85JFsgWxfEfXYYifzABnX6dod4A) at epoch 1, sequence 468, previous digest Some(CheckpointDigest(8wp9HKikrApEc7GDAmyJHHW5VNnF49UpPKZdsNpGadkF)), transactions count 2, content digest CheckpointContentsDigest(D2URAtAcAowF2XyrAg4JNFzPxMoQXYGmgXLK38uqip92), end_of_epoch_data None
[2m2025-03-25T07:56:08.009035Z[0m [32m INFO[0m [1mnode[0m[1m{[0m[3mname[0m[2m=[0mk#addeef94..[1m}[0m[2m:[0m [2msui_core::checkpoints[0m[2m:[0m [2mcrates/sui-core/src/checkpoints/mod.rs[0m[2m:[0m[2m1326:[0m Creating checkpoint(s) for 2 transactions [3mnext_checkpoint_seq[0m[2m=[0m468 [3mcheckpoint_timestamp[0m[2m=[0m1742889367465
[2m2025-03-25T07:56:08.009283Z[0m [32m INFO[0m [1mnode[0m[1m{[0m[3mname[0m[2m=[0mk#addeef94..[1m}[0m[2m:[0m [2msui_core::checkpoints::checkpoint_output[0m[2m:[0m [2mcrates/sui-core/src/checkpoints/checkpoint_output.rs[0m[2m:[0m[2m149:[0m Creating checkpoint CheckpointDigest(126mTW5xdCL6YFEmj85JFsgWxfEfXYYifzABnX6dod4A) at epoch 1, sequence 468, previous digest Some(CheckpointDigest(8wp9HKikrApEc7GDAmyJHHW5VNnF49UpPKZdsNpGadkF)), transactions count 2, content digest CheckpointContentsDigest(D2URAtAcAowF2XyrAg4JNFzPxMoQXYGmgXLK38uqip92), end_of_epoch_data None
[2m2025-03-25T07:56:08.009490Z[0m [32m INFO[0m [1mnode[0m[1m{[0m[3mname[0m[2m=[0mk#99f25ef6..[1m}[0m[2m:[0m [2msui_core::checkpoints::checkpoint_output[0m[2m:[0m [2mcrates/sui-core/src/checkpoints/checkpoint_output.rs[0m[2m:[0m[2m196:[0m Certified checkpoint with sequence 467 and digest 8wp9HKikrApEc7GDAmyJHHW5VNnF49UpPKZdsNpGadkF
[2m2025-03-25T07:56:08.009565Z[0m [32m INFO[0m [1mnode[0m[1m{[0m[3mname[0m[2m=[0mk#8dcff6d1..[1m}[0m[2m:[0m [2msui_core::checkpoints::checkpoint_output[0m[2m:[0m [2mcrates/sui-core/src/checkpoints/checkpoint_output.rs[0m[2m:[0m[2m196:[0m Certified checkpoint with sequence 467 and digest 8wp9HKikrApEc7GDAmyJHHW5VNnF49UpPKZdsNpGadkF
[2m2025-03-25T07:56:08.009932Z[0m [32m INFO[0m [1mnode[0m[1m{[0m[3mname[0m[2m=[0mk#8dcff6d1..[1m}[0m[2m:[0m [2msui_core::checkpoints::checkpoint_executor[0m[2m:[0m [2mcrates/sui-core/src/checkpoints/checkpoint_executor/mod.rs[0m[2m:[0m[2m332:[0m Received checkpoint summary from state sync [3msequence_number[0m[2m=[0m467
[2m2025-03-25T07:56:08.009932Z[0m [32m INFO[0m [1mnode[0m[1m{[0m[3mname[0m[2m=[0mk#99f25ef6..[1m}[0m[2m:[0m [2msui_core::checkpoints::checkpoint_executor[0m[2m:[0m [2mcrates/sui-core/src/checkpoints/checkpoint_executor/mod.rs[0m[2m:[0m[2m332:[0m Received checkpoint summary from state sync [3msequence_number[0m[2m=[0m467
[2m2025-03-25T07:56:08.011135Z[0m [32m INFO[0m [1mnode[0m[1m{[0m[3mname[0m[2m=[0mk#99f25ef6..[1m}[0m[2m:[0m [2msui_core::state_accumulator[0m[2m:[0m [2mcrates/sui-core/src/state_accumulator.rs[0m[2m:[0m[2m675:[0m accumulating running root for checkpoint 467
[2m2025-03-25T07:56:08.011135Z[0m [32m INFO[0m [1mnode[0m[1m{[0m[3mname[0m[2m=[0mk#8dcff6d1..[1m}[0m[2m:[0m [2msui_core::state_accumulator[0m[2m:[0m [2mcrates/sui-core/src/state_accumulator.rs[0m[2m:[0m[2m675:[0m accumulating running root for checkpoint 467
[2m2025-03-25T07:56:08.013319Z[0m [32m INFO[0m [1mnode[0m[1m{[0m[3mname[0m[2m=[0mk#addeef94..[1m}[0m[2m:[0m [2msui_core::checkpoints::checkpoint_executor[0m[2m:[0m [2mcrates/sui-core/src/checkpoints/checkpoint_executor/mod.rs[0m[2m:[0m[2m332:[0m Received checkpoint summary from state sync [3msequence_number[0m[2m=[0m467
[2m2025-03-25T07:56:08.014019Z[0m [32m INFO[0m [1mnode[0m[1m{[0m[3mname[0m[2m=[0mk#addeef94..[1m}[0m[2m:[0m [2msui_core::state_accumulator[0m[2m:[0m [2mcrates/sui-core/src/state_accumulator.rs[0m[2m:[0m[2m675:[0m accumulating running root for checkpoint 467
[2m2025-03-25T07:56:08.110540Z[0m [32m INFO[0m [1mnode[0m[1m{[0m[3mname[0m[2m=[0mk#b3f3cbb4..[1m}[0m[2m:[0m[1mjson-rpc-request[0m[2m:[0m[1mdev_inspect_transaction_block[0m[1m{[0m[3msender_address[0m[2m=[0m0x0000000000000000000000000000000000000000000000000000000000000000 [3mtx_bytes[0m[2m=[0mBase64("AAMBAQAAAAAAAAAAAAAAAAAAAAAAAAAAAAAAAAAAAAAAAAAJAQAAAAAAAAABAAEMAAgAAAAAAAAAAAEAAAAAAAAAAAAAAAAAAAAAAAAAAAAAAAAAAAAAAAAAAAsGYnJpZGdlIGdldF90b2tlbl90cmFuc2Zlcl9hY3Rpb25fc3RhdHVzAAMBAAABAQABAgA=") [3mgas_price[0m[2m=[0mNone [3m_epoch[0m[2m=[0mNone [3madditional_args[0m[2m=[0mNone[1m}[0m[2m:[0m [2msui_json_rpc::transaction_execution_api[0m[2m:[0m [2mcrates/sui-json-rpc/src/transaction_execution_api.rs[0m[2m:[0m[2m351:[0m RPC took longer than threshold to complete. [3melapsed[0m[2m=[0m1.537918209s
[2m2025-03-25T07:56:08.111410Z[0m [32m INFO[0m [2msui_bridge::e2e_tests::test_utils[0m[2m:[0m [2mcrates/sui-bridge/src/e2e_tests/test_utils.rs[0m[2m:[0m[2m1452:[0m get_token_transfer_action_onchain_status_until_success took 1.686207041s, status: Claimed
[2m2025-03-25T07:56:08.111419Z[0m [32m INFO[0m [2msui_bridge::e2e_tests::test_utils[0m[2m:[0m [2mcrates/sui-bridge/src/e2e_tests/test_utils.rs[0m[2m:[0m[2m1459:[0m detected on chain status Claimed. chain: 12, nonce: 0
[2m2025-03-25T07:56:08.111424Z[0m [32m INFO[0m [2msui_bridge::e2e_tests::test_utils[0m[2m:[0m [2mcrates/sui-bridge/src/e2e_tests/test_utils.rs[0m[2m:[0m[2m1649:[0m Eth to Sui bridge transfer claimed [3mnonce[0m[2m=[0m0 [3mtoken_id[0m[2m=[0m4 [3mamount_u64[0m[2m=[0m100
[2m2025-03-25T07:56:08.118365Z[0m [32m INFO[0m [2msui_bridge::sui_syncer[0m[2m:[0m [2mcrates/sui-bridge/src/sui_syncer.rs[0m[2m:[0m[2m149:[0m Observed 2 new Sui events [3mmodule[0m[2m=[0mIdentifier("bridge") [3mcursor[0m[2m=[0mSome(EventID { tx_digest: TransactionDigest(7syEwMa8T1B6Eo2s1uVukZmTo2crkkhEyGFrNVd7KX3S), event_seq: 1 })
[2m2025-03-25T07:56:08.118391Z[0m [32m INFO[0m [2msui_bridge::orchestrator[0m[2m:[0m [2mcrates/sui-bridge/src/orchestrator.rs[0m[2m:[0m[2m138:[0m Received 2 Sui events: [SuiEvent { id: EventID { tx_digest: TransactionDigest(7syEwMa8T1B6Eo2s1uVukZmTo2crkkhEyGFrNVd7KX3S), event_seq: 0 }, package_id: 0x000000000000000000000000000000000000000000000000000000000000000b, transaction_module: Identifier("bridge"), sender: 0x4ff42dd92612b14f109397416c3e5d362aee65d7d3459db1b80164f1f84a59c3, type_: StructTag { address: 000000000000000000000000000000000000000000000000000000000000000b, module: Identifier("bridge"), name: Identifier("TokenTransferApproved"), type_params: [] }, parsed_json: Object {"message_key": Object {"bridge_seq_num": String("0"), "message_type": Number(0), "source_chain": Number(12)}}, bcs: Base64 { bcs: [12, 0, 0, 0, 0, 0, 0, 0, 0, 0] }, timestamp_ms: Some(1742889366151) }, SuiEvent { id: EventID { tx_digest: TransactionDigest(7syEwMa8T1B6Eo2s1uVukZmTo2crkkhEyGFrNVd7KX3S), event_seq: 1 }, package_id: 0x000000000000000000000000000000000000000000000000000000000000000b, transaction_module: Identifier("bridge"), sender: 0x4ff42dd92612b14f109397416c3e5d362aee65d7d3459db1b80164f1f84a59c3, type_: StructTag { address: 000000000000000000000000000000000000000000000000000000000000000b, module: Identifier("bridge"), name: Identifier("TokenTransferClaimed"), type_params: [] }, parsed_json: Object {"message_key": Object {"bridge_seq_num": String("0"), "message_type": Number(0), "source_chain": Number(12)}}, bcs: Base64 { bcs: [12, 0, 0, 0, 0, 0, 0, 0, 0, 0] }, timestamp_ms: Some(1742889366151) }]
[2m2025-03-25T07:56:08.118446Z[0m [32m INFO[0m [2msui_bridge::orchestrator[0m[2m:[0m [2mcrates/sui-bridge/src/orchestrator.rs[0m[2m:[0m[2m172:[0m Observed Sui bridge event: TokenTransferApproved(TokenTransferApproved { nonce: 0, source_chain: EthCustom })
[2m2025-03-25T07:56:08.118458Z[0m [32m INFO[0m [2msui_bridge::orchestrator[0m[2m:[0m [2mcrates/sui-bridge/src/orchestrator.rs[0m[2m:[0m[2m172:[0m Observed Sui bridge event: TokenTransferClaimed(TokenTransferClaimed { nonce: 0, source_chain: EthCustom })
[2m2025-03-25T07:56:08.118511Z[0m [32m INFO[0m [2msui_bridge::monitor[0m[2m:[0m [2mcrates/sui-bridge/src/monitor.rs[0m[2m:[0m[2m113:[0m Received SuiBridgeEvent: TokenTransferApproved(TokenTransferApproved { nonce: 0, source_chain: EthCustom })
[2m2025-03-25T07:56:08.118519Z[0m [32m INFO[0m [2msui_bridge::monitor[0m[2m:[0m [2mcrates/sui-bridge/src/monitor.rs[0m[2m:[0m[2m113:[0m Received SuiBridgeEvent: TokenTransferClaimed(TokenTransferClaimed { nonce: 0, source_chain: EthCustom })
[2m2025-03-25T07:56:08.129298Z[0m [32m INFO[0m [1mnode[0m[1m{[0m[3mname[0m[2m=[0mk#b3f3cbb4..[1m}[0m[2m:[0m [2msui_core::state_accumulator[0m[2m:[0m [2mcrates/sui-core/src/state_accumulator.rs[0m[2m:[0m[2m675:[0m accumulating running root for checkpoint 450
[2m2025-03-25T07:56:08.155290Z[0m [32m INFO[0m [1mnode[0m[1m{[0m[3mname[0m[2m=[0mk#b3f3cbb4..[1m}[0m[2m:[0m [2msui_core::checkpoints::checkpoint_executor[0m[2m:[0m [2mcrates/sui-core/src/checkpoints/checkpoint_executor/mod.rs[0m[2m:[0m[2m332:[0m Received checkpoint summary from state sync [3msequence_number[0m[2m=[0m460
[2m2025-03-25T07:56:08.155572Z[0m [32m INFO[0m [1mnode[0m[1m{[0m[3mname[0m[2m=[0mk#b3f3cbb4..[1m}[0m[2m:[0m [2msui_core::state_accumulator[0m[2m:[0m [2mcrates/sui-core/src/state_accumulator.rs[0m[2m:[0m[2m675:[0m accumulating running root for checkpoint 451
[2m2025-03-25T07:56:08.190829Z[0m [32m INFO[0m [1mnode[0m[1m{[0m[3mname[0m[2m=[0mk#b3f3cbb4..[1m}[0m[2m:[0m [2msui_core::state_accumulator[0m[2m:[0m [2mcrates/sui-core/src/state_accumulator.rs[0m[2m:[0m[2m675:[0m accumulating running root for checkpoint 452
[2m2025-03-25T07:56:08.231189Z[0m [32m INFO[0m [1mnode[0m[1m{[0m[3mname[0m[2m=[0mk#99f25ef6..[1m}[0m[2m:[0m [2mconsensus_core::core[0m[2m:[0m [2mconsensus/core/src/core.rs[0m[2m:[0m[2m945:[0m Included 3 ancestors & excluded 0 ancestors for proposal in round 268
[2m2025-03-25T07:56:08.231193Z[0m [32m INFO[0m [1mnode[0m[1m{[0m[3mname[0m[2m=[0mk#8dcff6d1..[1m}[0m[2m:[0m [2mconsensus_core::core[0m[2m:[0m [2mconsensus/core/src/core.rs[0m[2m:[0m[2m945:[0m Included 3 ancestors & excluded 0 ancestors for proposal in round 268
[2m2025-03-25T07:56:08.231577Z[0m [32m INFO[0m [1mnode[0m[1m{[0m[3mname[0m[2m=[0mk#8dcff6d1..[1m}[0m[2m:[0m [2mconsensus_core::core[0m[2m:[0m [2mconsensus/core/src/core.rs[0m[2m:[0m[2m531:[0m Created block B268(A,6std3/47C2deo44tUiN5YThcUkKZ+hg+LqpsnXZVc1Q=)(1742889368231ms;[B267(A,XqSgkPVnRvCWXdD/y770S6M4dTzY4PYbTgr6XrHrGZI=), B267(B,Ohn4kMYc1Sw+sN0btHGdwly3hx6koHQ1YTMk+jugUVY=), B267(C,uK3gnZpXDvznQe4NRjsSYAw256vYrqqKPL8pFiWhUeo=)];1t;1c) for round 268
[2m2025-03-25T07:56:08.231663Z[0m [32m INFO[0m [1mnode[0m[1m{[0m[3mname[0m[2m=[0mk#99f25ef6..[1m}[0m[2m:[0m [2mconsensus_core::core[0m[2m:[0m [2mconsensus/core/src/core.rs[0m[2m:[0m[2m531:[0m Created block B268(B,ub9ybE9ekZ1NSoNR4GRbQ7OpzYuOwsGJUp0aTx4B9bM=)(1742889368231ms;[B267(B,Ohn4kMYc1Sw+sN0btHGdwly3hx6koHQ1YTMk+jugUVY=), B267(A,XqSgkPVnRvCWXdD/y770S6M4dTzY4PYbTgr6XrHrGZI=), B267(C,uK3gnZpXDvznQe4NRjsSYAw256vYrqqKPL8pFiWhUeo=)];1t;1c) for round 268
[2m2025-03-25T07:56:08.234840Z[0m [32m INFO[0m [1mnode[0m[1m{[0m[3mname[0m[2m=[0mk#addeef94..[1m}[0m[2m:[0m [2mconsensus_core::core[0m[2m:[0m [2mconsensus/core/src/core.rs[0m[2m:[0m[2m945:[0m Included 3 ancestors & excluded 0 ancestors for proposal in round 268
[2m2025-03-25T07:56:08.235152Z[0m [32m INFO[0m [1mnode[0m[1m{[0m[3mname[0m[2m=[0mk#addeef94..[1m}[0m[2m:[0m [2mconsensus_core::core[0m[2m:[0m [2mconsensus/core/src/core.rs[0m[2m:[0m[2m531:[0m Created block B268(C,GRUkEqXyFpIA9IGmuFVVogYl/zQwod81PpWb7ooxCOw=)(1742889368234ms;[B267(C,uK3gnZpXDvznQe4NRjsSYAw256vYrqqKPL8pFiWhUeo=), B267(A,XqSgkPVnRvCWXdD/y770S6M4dTzY4PYbTgr6XrHrGZI=), B267(B,Ohn4kMYc1Sw+sN0btHGdwly3hx6koHQ1YTMk+jugUVY=)];1t;1c) for round 268
[2m2025-03-25T07:56:08.235219Z[0m [32m INFO[0m [1mnode[0m[1m{[0m[3mname[0m[2m=[0mk#addeef94..[1m}[0m[2m:[0m [2mconsensus_core::core[0m[2m:[0m [2mconsensus/core/src/core.rs[0m[2m:[0m[2m630:[0m Committing 1 leaders: B266(B,ug4b)
[2m2025-03-25T07:56:08.235287Z[0m [32m INFO[0m [1mnode[0m[1m{[0m[3mname[0m[2m=[0mk#addeef94..[1m}[0m[2m:[0m [2mconsensus_core::commit_observer[0m[2m:[0m [2mconsensus/core/src/commit_observer.rs[0m[2m:[0m[2m173:[0m Consensus commit C256(2y+z) with leader B266(B,ug4b) has 3 blocks
[2m2025-03-25T07:56:08.235371Z[0m [32m INFO[0m [1mnode[0m[1m{[0m[3mname[0m[2m=[0mk#addeef94..[1m}[0m[2m:[0m [2msui_core::consensus_handler[0m[2m:[0m [2mcrates/sui-core/src/consensus_handler.rs[0m[2m:[0m[2m232:[0m Received consensus output [3mconsensus_commit[0m[2m=[0mCommittedSubDag(leader=B266(B,ug4b), ref=C256(2y+z), blocks=[t+Cs, zjWd, ug4b]) [3mepoch[0m[2m=[0m1
[2m2025-03-25T07:56:08.238426Z[0m [32m INFO[0m [1mnode[0m[1m{[0m[3mname[0m[2m=[0mk#8dcff6d1..[1m}[0m[2m:[0m [2msui_core::checkpoints::checkpoint_output[0m[2m:[0m [2mcrates/sui-core/src/checkpoints/checkpoint_output.rs[0m[2m:[0m[2m196:[0m Certified checkpoint with sequence 468 and digest 126mTW5xdCL6YFEmj85JFsgWxfEfXYYifzABnX6dod4A
[2m2025-03-25T07:56:08.238427Z[0m [32m INFO[0m [1mnode[0m[1m{[0m[3mname[0m[2m=[0mk#99f25ef6..[1m}[0m[2m:[0m [2msui_core::checkpoints::checkpoint_output[0m[2m:[0m [2mcrates/sui-core/src/checkpoints/checkpoint_output.rs[0m[2m:[0m[2m196:[0m Certified checkpoint with sequence 468 and digest 126mTW5xdCL6YFEmj85JFsgWxfEfXYYifzABnX6dod4A
[2m2025-03-25T07:56:08.238536Z[0m [32m INFO[0m [1mnode[0m[1m{[0m[3mname[0m[2m=[0mk#99f25ef6..[1m}[0m[2m:[0m [2mconsensus_core::core[0m[2m:[0m [2mconsensus/core/src/core.rs[0m[2m:[0m[2m630:[0m Committing 1 leaders: B266(B,ug4b)
[2m2025-03-25T07:56:08.238536Z[0m [32m INFO[0m [1mnode[0m[1m{[0m[3mname[0m[2m=[0mk#8dcff6d1..[1m}[0m[2m:[0m [2mconsensus_core::core[0m[2m:[0m [2mconsensus/core/src/core.rs[0m[2m:[0m[2m630:[0m Committing 1 leaders: B266(B,ug4b)
[2m2025-03-25T07:56:08.238639Z[0m [32m INFO[0m [1mnode[0m[1m{[0m[3mname[0m[2m=[0mk#8dcff6d1..[1m}[0m[2m:[0m [2mconsensus_core::commit_observer[0m[2m:[0m [2mconsensus/core/src/commit_observer.rs[0m[2m:[0m[2m173:[0m Consensus commit C256(2y+z) with leader B266(B,ug4b) has 3 blocks
[2m2025-03-25T07:56:08.238640Z[0m [32m INFO[0m [1mnode[0m[1m{[0m[3mname[0m[2m=[0mk#99f25ef6..[1m}[0m[2m:[0m [2mconsensus_core::commit_observer[0m[2m:[0m [2mconsensus/core/src/commit_observer.rs[0m[2m:[0m[2m173:[0m Consensus commit C256(2y+z) with leader B266(B,ug4b) has 3 blocks
[2m2025-03-25T07:56:08.239088Z[0m [32m INFO[0m [1mnode[0m[1m{[0m[3mname[0m[2m=[0mk#8dcff6d1..[1m}[0m[2m:[0m [2msui_core::consensus_handler[0m[2m:[0m [2mcrates/sui-core/src/consensus_handler.rs[0m[2m:[0m[2m232:[0m Received consensus output [3mconsensus_commit[0m[2m=[0mCommittedSubDag(leader=B266(B,ug4b), ref=C256(2y+z), blocks=[t+Cs, zjWd, ug4b]) [3mepoch[0m[2m=[0m1
[2m2025-03-25T07:56:08.239088Z[0m [32m INFO[0m [1mnode[0m[1m{[0m[3mname[0m[2m=[0mk#99f25ef6..[1m}[0m[2m:[0m [2msui_core::consensus_handler[0m[2m:[0m [2mcrates/sui-core/src/consensus_handler.rs[0m[2m:[0m[2m232:[0m Received consensus output [3mconsensus_commit[0m[2m=[0mCommittedSubDag(leader=B266(B,ug4b), ref=C256(2y+z), blocks=[t+Cs, zjWd, ug4b]) [3mepoch[0m[2m=[0m1
[2m2025-03-25T07:56:08.239717Z[0m [32m INFO[0m [1mnode[0m[1m{[0m[3mname[0m[2m=[0mk#99f25ef6..[1m}[0m[2m:[0m [2msui_core::checkpoints::checkpoint_executor[0m[2m:[0m [2mcrates/sui-core/src/checkpoints/checkpoint_executor/mod.rs[0m[2m:[0m[2m332:[0m Received checkpoint summary from state sync [3msequence_number[0m[2m=[0m468
[2m2025-03-25T07:56:08.239717Z[0m [32m INFO[0m [1mnode[0m[1m{[0m[3mname[0m[2m=[0mk#8dcff6d1..[1m}[0m[2m:[0m [2msui_core::checkpoints::checkpoint_executor[0m[2m:[0m [2mcrates/sui-core/src/checkpoints/checkpoint_executor/mod.rs[0m[2m:[0m[2m332:[0m Received checkpoint summary from state sync [3msequence_number[0m[2m=[0m468
[2m2025-03-25T07:56:08.253308Z[0m [32m INFO[0m [1mnode[0m[1m{[0m[3mname[0m[2m=[0mk#8dcff6d1..[1m}[0m[2m:[0m [2msui_core::state_accumulator[0m[2m:[0m [2mcrates/sui-core/src/state_accumulator.rs[0m[2m:[0m[2m675:[0m accumulating running root for checkpoint 468
[2m2025-03-25T07:56:08.253313Z[0m [32m INFO[0m [1mnode[0m[1m{[0m[3mname[0m[2m=[0mk#99f25ef6..[1m}[0m[2m:[0m [2msui_core::state_accumulator[0m[2m:[0m [2mcrates/sui-core/src/state_accumulator.rs[0m[2m:[0m[2m675:[0m accumulating running root for checkpoint 468
[2m2025-03-25T07:56:08.269659Z[0m [32m INFO[0m [1mnode[0m[1m{[0m[3mname[0m[2m=[0mk#b3f3cbb4..[1m}[0m[2m:[0m [2msui_core::state_accumulator[0m[2m:[0m [2mcrates/sui-core/src/state_accumulator.rs[0m[2m:[0m[2m675:[0m accumulating running root for checkpoint 453
[2m2025-03-25T07:56:08.279112Z[0m [32m INFO[0m [1mnode[0m[1m{[0m[3mname[0m[2m=[0mk#addeef94..[1m}[0m[2m:[0m [2msui_core::checkpoints[0m[2m:[0m [2mcrates/sui-core/src/checkpoints/mod.rs[0m[2m:[0m[2m1326:[0m Creating checkpoint(s) for 1 transactions [3mnext_checkpoint_seq[0m[2m=[0m469 [3mcheckpoint_timestamp[0m[2m=[0m1742889367718
[2m2025-03-25T07:56:08.279329Z[0m [32m INFO[0m [1mnode[0m[1m{[0m[3mname[0m[2m=[0mk#addeef94..[1m}[0m[2m:[0m [2msui_core::checkpoints::checkpoint_output[0m[2m:[0m [2mcrates/sui-core/src/checkpoints/checkpoint_output.rs[0m[2m:[0m[2m149:[0m Creating checkpoint CheckpointDigest(4NHURooUm9BxtecoRVYcp5DEhZjj9uYZybbW4Z2DmcfM) at epoch 1, sequence 469, previous digest Some(CheckpointDigest(126mTW5xdCL6YFEmj85JFsgWxfEfXYYifzABnX6dod4A)), transactions count 1, content digest CheckpointContentsDigest(A2ryemEcrXpLj74Jt519CrEZ5z7ARFj7rtirrHJYuZ7i), end_of_epoch_data None
[2m2025-03-25T07:56:08.284926Z[0m [32m INFO[0m [1mnode[0m[1m{[0m[3mname[0m[2m=[0mk#8dcff6d1..[1m}[0m[2m:[0m [2msui_core::checkpoints[0m[2m:[0m [2mcrates/sui-core/src/checkpoints/mod.rs[0m[2m:[0m[2m1326:[0m Creating checkpoint(s) for 1 transactions [3mnext_checkpoint_seq[0m[2m=[0m469 [3mcheckpoint_timestamp[0m[2m=[0m1742889367718
[2m2025-03-25T07:56:08.285034Z[0m [32m INFO[0m [1mnode[0m[1m{[0m[3mname[0m[2m=[0mk#99f25ef6..[1m}[0m[2m:[0m [2msui_core::checkpoints[0m[2m:[0m [2mcrates/sui-core/src/checkpoints/mod.rs[0m[2m:[0m[2m1326:[0m Creating checkpoint(s) for 1 transactions [3mnext_checkpoint_seq[0m[2m=[0m469 [3mcheckpoint_timestamp[0m[2m=[0m1742889367718
[2m2025-03-25T07:56:08.285113Z[0m [32m INFO[0m [1mnode[0m[1m{[0m[3mname[0m[2m=[0mk#8dcff6d1..[1m}[0m[2m:[0m [2msui_core::checkpoints::checkpoint_output[0m[2m:[0m [2mcrates/sui-core/src/checkpoints/checkpoint_output.rs[0m[2m:[0m[2m149:[0m Creating checkpoint CheckpointDigest(4NHURooUm9BxtecoRVYcp5DEhZjj9uYZybbW4Z2DmcfM) at epoch 1, sequence 469, previous digest Some(CheckpointDigest(126mTW5xdCL6YFEmj85JFsgWxfEfXYYifzABnX6dod4A)), transactions count 1, content digest CheckpointContentsDigest(A2ryemEcrXpLj74Jt519CrEZ5z7ARFj7rtirrHJYuZ7i), end_of_epoch_data None
[2m2025-03-25T07:56:08.285204Z[0m [32m INFO[0m [1mnode[0m[1m{[0m[3mname[0m[2m=[0mk#99f25ef6..[1m}[0m[2m:[0m [2msui_core::checkpoints::checkpoint_output[0m[2m:[0m [2mcrates/sui-core/src/checkpoints/checkpoint_output.rs[0m[2m:[0m[2m149:[0m Creating checkpoint CheckpointDigest(4NHURooUm9BxtecoRVYcp5DEhZjj9uYZybbW4Z2DmcfM) at epoch 1, sequence 469, previous digest Some(CheckpointDigest(126mTW5xdCL6YFEmj85JFsgWxfEfXYYifzABnX6dod4A)), transactions count 1, content digest CheckpointContentsDigest(A2ryemEcrXpLj74Jt519CrEZ5z7ARFj7rtirrHJYuZ7i), end_of_epoch_data None
[2m2025-03-25T07:56:08.305711Z[0m [32m INFO[0m [1mnode[0m[1m{[0m[3mname[0m[2m=[0mk#b3f3cbb4..[1m}[0m[2m:[0m [2msui_core::state_accumulator[0m[2m:[0m [2mcrates/sui-core/src/state_accumulator.rs[0m[2m:[0m[2m675:[0m accumulating running root for checkpoint 454
[2m2025-03-25T07:56:08.345735Z[0m [32m INFO[0m [1mnode[0m[1m{[0m[3mname[0m[2m=[0mk#addeef94..[1m}[0m[2m:[0m [2msui_core::checkpoints::checkpoint_executor[0m[2m:[0m [2mcrates/sui-core/src/checkpoints/checkpoint_executor/mod.rs[0m[2m:[0m[2m332:[0m Received checkpoint summary from state sync [3msequence_number[0m[2m=[0m468
[2m2025-03-25T07:56:08.347180Z[0m [32m INFO[0m [1mnode[0m[1m{[0m[3mname[0m[2m=[0mk#addeef94..[1m}[0m[2m:[0m [2msui_core::state_accumulator[0m[2m:[0m [2mcrates/sui-core/src/state_accumulator.rs[0m[2m:[0m[2m675:[0m accumulating running root for checkpoint 468
[2m2025-03-25T07:56:08.487725Z[0m [32m INFO[0m [1mnode[0m[1m{[0m[3mname[0m[2m=[0mk#addeef94..[1m}[0m[2m:[0m [2mconsensus_core::core[0m[2m:[0m [2mconsensus/core/src/core.rs[0m[2m:[0m[2m945:[0m Included 3 ancestors & excluded 0 ancestors for proposal in round 269
[2m2025-03-25T07:56:08.488101Z[0m [32m INFO[0m [1mnode[0m[1m{[0m[3mname[0m[2m=[0mk#addeef94..[1m}[0m[2m:[0m [2mconsensus_core::core[0m[2m:[0m [2mconsensus/core/src/core.rs[0m[2m:[0m[2m531:[0m Created block B269(C,3sDVCO5yY52WLhHflzJV8WbgxEW5qrlCej7JPo/+rx0=)(1742889368487ms;[B268(C,GRUkEqXyFpIA9IGmuFVVogYl/zQwod81PpWb7ooxCOw=), B268(A,6std3/47C2deo44tUiN5YThcUkKZ+hg+LqpsnXZVc1Q=), B268(B,ub9ybE9ekZ1NSoNR4GRbQ7OpzYuOwsGJUp0aTx4B9bM=)];1t;1c) for round 269
[2m2025-03-25T07:56:08.490057Z[0m [32m INFO[0m [1mnode[0m[1m{[0m[3mname[0m[2m=[0mk#99f25ef6..[1m}[0m[2m:[0m [2mconsensus_core::core[0m[2m:[0m [2mconsensus/core/src/core.rs[0m[2m:[0m[2m945:[0m Included 3 ancestors & excluded 0 ancestors for proposal in round 269
[2m2025-03-25T07:56:08.490057Z[0m [32m INFO[0m [1mnode[0m[1m{[0m[3mname[0m[2m=[0mk#8dcff6d1..[1m}[0m[2m:[0m [2mconsensus_core::core[0m[2m:[0m [2mconsensus/core/src/core.rs[0m[2m:[0m[2m945:[0m Included 3 ancestors & excluded 0 ancestors for proposal in round 269
[2m2025-03-25T07:56:08.490347Z[0m [32m INFO[0m [1mnode[0m[1m{[0m[3mname[0m[2m=[0mk#99f25ef6..[1m}[0m[2m:[0m [2mconsensus_core::core[0m[2m:[0m [2mconsensus/core/src/core.rs[0m[2m:[0m[2m531:[0m Created block B269(B,bjiqeTgVsSPzQSMvn8jmjdHcgNFegJ0eL8lwVX0sJ7k=)(1742889368490ms;[B268(B,ub9ybE9ekZ1NSoNR4GRbQ7OpzYuOwsGJUp0aTx4B9bM=), B268(A,6std3/47C2deo44tUiN5YThcUkKZ+hg+LqpsnXZVc1Q=), B268(C,GRUkEqXyFpIA9IGmuFVVogYl/zQwod81PpWb7ooxCOw=)];1t;1c) for round 269
[2m2025-03-25T07:56:08.490349Z[0m [32m INFO[0m [1mnode[0m[1m{[0m[3mname[0m[2m=[0mk#8dcff6d1..[1m}[0m[2m:[0m [2mconsensus_core::core[0m[2m:[0m [2mconsensus/core/src/core.rs[0m[2m:[0m[2m531:[0m Created block B269(A,MvNAFkVT0OYjHDzHf4iq4zJb22zOfwGfii0hVBoLydA=)(1742889368490ms;[B268(A,6std3/47C2deo44tUiN5YThcUkKZ+hg+LqpsnXZVc1Q=), B268(B,ub9ybE9ekZ1NSoNR4GRbQ7OpzYuOwsGJUp0aTx4B9bM=), B268(C,GRUkEqXyFpIA9IGmuFVVogYl/zQwod81PpWb7ooxCOw=)];1t;1c) for round 269
[2m2025-03-25T07:56:08.490416Z[0m [32m INFO[0m [1mnode[0m[1m{[0m[3mname[0m[2m=[0mk#8dcff6d1..[1m}[0m[2m:[0m [2mconsensus_core::core[0m[2m:[0m [2mconsensus/core/src/core.rs[0m[2m:[0m[2m630:[0m Committing 1 leaders: B267(A,XqSg)
[2m2025-03-25T07:56:08.490416Z[0m [32m INFO[0m [1mnode[0m[1m{[0m[3mname[0m[2m=[0mk#99f25ef6..[1m}[0m[2m:[0m [2mconsensus_core::core[0m[2m:[0m [2mconsensus/core/src/core.rs[0m[2m:[0m[2m630:[0m Committing 1 leaders: B267(A,XqSg)
[2m2025-03-25T07:56:08.490489Z[0m [32m INFO[0m [1mnode[0m[1m{[0m[3mname[0m[2m=[0mk#99f25ef6..[1m}[0m[2m:[0m [2mconsensus_core::commit_observer[0m[2m:[0m [2mconsensus/core/src/commit_observer.rs[0m[2m:[0m[2m173:[0m Consensus commit C257(eHGo) with leader B267(A,XqSg) has 3 blocks
[2m2025-03-25T07:56:08.490489Z[0m [32m INFO[0m [1mnode[0m[1m{[0m[3mname[0m[2m=[0mk#8dcff6d1..[1m}[0m[2m:[0m [2mconsensus_core::commit_observer[0m[2m:[0m [2mconsensus/core/src/commit_observer.rs[0m[2m:[0m[2m173:[0m Consensus commit C257(eHGo) with leader B267(A,XqSg) has 3 blocks
[2m2025-03-25T07:56:08.490575Z[0m [32m INFO[0m [1mnode[0m[1m{[0m[3mname[0m[2m=[0mk#99f25ef6..[1m}[0m[2m:[0m [2msui_core::consensus_handler[0m[2m:[0m [2mcrates/sui-core/src/consensus_handler.rs[0m[2m:[0m[2m232:[0m Received consensus output [3mconsensus_commit[0m[2m=[0mCommittedSubDag(leader=B267(A,XqSg), ref=C257(eHGo), blocks=[2vTw, uuEC, XqSg]) [3mepoch[0m[2m=[0m1
[2m2025-03-25T07:56:08.490575Z[0m [32m INFO[0m [1mnode[0m[1m{[0m[3mname[0m[2m=[0mk#8dcff6d1..[1m}[0m[2m:[0m [2msui_core::consensus_handler[0m[2m:[0m [2mcrates/sui-core/src/consensus_handler.rs[0m[2m:[0m[2m232:[0m Received consensus output [3mconsensus_commit[0m[2m=[0mCommittedSubDag(leader=B267(A,XqSg), ref=C257(eHGo), blocks=[2vTw, uuEC, XqSg]) [3mepoch[0m[2m=[0m1
[2m2025-03-25T07:56:08.494244Z[0m [32m INFO[0m [1mnode[0m[1m{[0m[3mname[0m[2m=[0mk#addeef94..[1m}[0m[2m:[0m [2mconsensus_core::core[0m[2m:[0m [2mconsensus/core/src/core.rs[0m[2m:[0m[2m630:[0m Committing 1 leaders: B267(A,XqSg)
[2m2025-03-25T07:56:08.494343Z[0m [32m INFO[0m [1mnode[0m[1m{[0m[3mname[0m[2m=[0mk#addeef94..[1m}[0m[2m:[0m [2mconsensus_core::commit_observer[0m[2m:[0m [2mconsensus/core/src/commit_observer.rs[0m[2m:[0m[2m173:[0m Consensus commit C257(eHGo) with leader B267(A,XqSg) has 3 blocks
[2m2025-03-25T07:56:08.494470Z[0m [32m INFO[0m [1mnode[0m[1m{[0m[3mname[0m[2m=[0mk#addeef94..[1m}[0m[2m:[0m [2msui_core::consensus_handler[0m[2m:[0m [2mcrates/sui-core/src/consensus_handler.rs[0m[2m:[0m[2m232:[0m Received consensus output [3mconsensus_commit[0m[2m=[0mCommittedSubDag(leader=B267(A,XqSg), ref=C257(eHGo), blocks=[2vTw, uuEC, XqSg]) [3mepoch[0m[2m=[0m1
[2m2025-03-25T07:56:08.517268Z[0m [32m INFO[0m [1mnode[0m[1m{[0m[3mname[0m[2m=[0mk#99f25ef6..[1m}[0m[2m:[0m [2msui_core::checkpoints[0m[2m:[0m [2mcrates/sui-core/src/checkpoints/mod.rs[0m[2m:[0m[2m1326:[0m Creating checkpoint(s) for 2 transactions [3mnext_checkpoint_seq[0m[2m=[0m470 [3mcheckpoint_timestamp[0m[2m=[0m1742889367978
[2m2025-03-25T07:56:08.517269Z[0m [32m INFO[0m [1mnode[0m[1m{[0m[3mname[0m[2m=[0mk#8dcff6d1..[1m}[0m[2m:[0m [2msui_core::checkpoints[0m[2m:[0m [2mcrates/sui-core/src/checkpoints/mod.rs[0m[2m:[0m[2m1326:[0m Creating checkpoint(s) for 2 transactions [3mnext_checkpoint_seq[0m[2m=[0m470 [3mcheckpoint_timestamp[0m[2m=[0m1742889367978
[2m2025-03-25T07:56:08.517590Z[0m [32m INFO[0m [1mnode[0m[1m{[0m[3mname[0m[2m=[0mk#99f25ef6..[1m}[0m[2m:[0m [2msui_core::checkpoints::checkpoint_output[0m[2m:[0m [2mcrates/sui-core/src/checkpoints/checkpoint_output.rs[0m[2m:[0m[2m149:[0m Creating checkpoint CheckpointDigest(F69M4ztU2dDQ7ZamHQieCdSwrKCcgjK16b8Zryt3PrNL) at epoch 1, sequence 470, previous digest Some(CheckpointDigest(4NHURooUm9BxtecoRVYcp5DEhZjj9uYZybbW4Z2DmcfM)), transactions count 2, content digest CheckpointContentsDigest(A8TLjnSQmr8YrhxVXVgPbG3HDHhJyTcyb2yh6qkgoSF3), end_of_epoch_data None
[2m2025-03-25T07:56:08.517590Z[0m [32m INFO[0m [1mnode[0m[1m{[0m[3mname[0m[2m=[0mk#8dcff6d1..[1m}[0m[2m:[0m [2msui_core::checkpoints::checkpoint_output[0m[2m:[0m [2mcrates/sui-core/src/checkpoints/checkpoint_output.rs[0m[2m:[0m[2m149:[0m Creating checkpoint CheckpointDigest(F69M4ztU2dDQ7ZamHQieCdSwrKCcgjK16b8Zryt3PrNL) at epoch 1, sequence 470, previous digest Some(CheckpointDigest(4NHURooUm9BxtecoRVYcp5DEhZjj9uYZybbW4Z2DmcfM)), transactions count 2, content digest CheckpointContentsDigest(A8TLjnSQmr8YrhxVXVgPbG3HDHhJyTcyb2yh6qkgoSF3), end_of_epoch_data None
[2m2025-03-25T07:56:08.520433Z[0m [32m INFO[0m [1mnode[0m[1m{[0m[3mname[0m[2m=[0mk#addeef94..[1m}[0m[2m:[0m [2msui_core::checkpoints[0m[2m:[0m [2mcrates/sui-core/src/checkpoints/mod.rs[0m[2m:[0m[2m1326:[0m Creating checkpoint(s) for 2 transactions [3mnext_checkpoint_seq[0m[2m=[0m470 [3mcheckpoint_timestamp[0m[2m=[0m1742889367978
[2m2025-03-25T07:56:08.520661Z[0m [32m INFO[0m [1mnode[0m[1m{[0m[3mname[0m[2m=[0mk#99f25ef6..[1m}[0m[2m:[0m [2msui_core::checkpoints::checkpoint_output[0m[2m:[0m [2mcrates/sui-core/src/checkpoints/checkpoint_output.rs[0m[2m:[0m[2m196:[0m Certified checkpoint with sequence 469 and digest 4NHURooUm9BxtecoRVYcp5DEhZjj9uYZybbW4Z2DmcfM
[2m2025-03-25T07:56:08.520684Z[0m [32m INFO[0m [1mnode[0m[1m{[0m[3mname[0m[2m=[0mk#addeef94..[1m}[0m[2m:[0m [2msui_core::checkpoints::checkpoint_output[0m[2m:[0m [2mcrates/sui-core/src/checkpoints/checkpoint_output.rs[0m[2m:[0m[2m149:[0m Creating checkpoint CheckpointDigest(F69M4ztU2dDQ7ZamHQieCdSwrKCcgjK16b8Zryt3PrNL) at epoch 1, sequence 470, previous digest Some(CheckpointDigest(4NHURooUm9BxtecoRVYcp5DEhZjj9uYZybbW4Z2DmcfM)), transactions count 2, content digest CheckpointContentsDigest(A8TLjnSQmr8YrhxVXVgPbG3HDHhJyTcyb2yh6qkgoSF3), end_of_epoch_data None
[2m2025-03-25T07:56:08.520727Z[0m [32m INFO[0m [1mnode[0m[1m{[0m[3mname[0m[2m=[0mk#8dcff6d1..[1m}[0m[2m:[0m [2msui_core::checkpoints::checkpoint_output[0m[2m:[0m [2mcrates/sui-core/src/checkpoints/checkpoint_output.rs[0m[2m:[0m[2m196:[0m Certified checkpoint with sequence 469 and digest 4NHURooUm9BxtecoRVYcp5DEhZjj9uYZybbW4Z2DmcfM
[2m2025-03-25T07:56:08.521092Z[0m [32m INFO[0m [1mnode[0m[1m{[0m[3mname[0m[2m=[0mk#8dcff6d1..[1m}[0m[2m:[0m [2msui_core::checkpoints::checkpoint_executor[0m[2m:[0m [2mcrates/sui-core/src/checkpoints/checkpoint_executor/mod.rs[0m[2m:[0m[2m332:[0m Received checkpoint summary from state sync [3msequence_number[0m[2m=[0m469
[2m2025-03-25T07:56:08.521093Z[0m [32m INFO[0m [1mnode[0m[1m{[0m[3mname[0m[2m=[0mk#99f25ef6..[1m}[0m[2m:[0m [2msui_core::checkpoints::checkpoint_executor[0m[2m:[0m [2mcrates/sui-core/src/checkpoints/checkpoint_executor/mod.rs[0m[2m:[0m[2m332:[0m Received checkpoint summary from state sync [3msequence_number[0m[2m=[0m469
[2m2025-03-25T07:56:08.522284Z[0m [32m INFO[0m [1mnode[0m[1m{[0m[3mname[0m[2m=[0mk#8dcff6d1..[1m}[0m[2m:[0m [2msui_core::state_accumulator[0m[2m:[0m [2mcrates/sui-core/src/state_accumulator.rs[0m[2m:[0m[2m675:[0m accumulating running root for checkpoint 469
[2m2025-03-25T07:56:08.522285Z[0m [32m INFO[0m [1mnode[0m[1m{[0m[3mname[0m[2m=[0mk#99f25ef6..[1m}[0m[2m:[0m [2msui_core::state_accumulator[0m[2m:[0m [2mcrates/sui-core/src/state_accumulator.rs[0m[2m:[0m[2m675:[0m accumulating running root for checkpoint 469
[2m2025-03-25T07:56:08.524458Z[0m [32m INFO[0m [1mnode[0m[1m{[0m[3mname[0m[2m=[0mk#addeef94..[1m}[0m[2m:[0m [2msui_core::checkpoints::checkpoint_executor[0m[2m:[0m [2mcrates/sui-core/src/checkpoints/checkpoint_executor/mod.rs[0m[2m:[0m[2m332:[0m Received checkpoint summary from state sync [3msequence_number[0m[2m=[0m469
[2m2025-03-25T07:56:08.525155Z[0m [32m INFO[0m [1mnode[0m[1m{[0m[3mname[0m[2m=[0mk#addeef94..[1m}[0m[2m:[0m [2msui_core::state_accumulator[0m[2m:[0m [2mcrates/sui-core/src/state_accumulator.rs[0m[2m:[0m[2m675:[0m accumulating running root for checkpoint 469
[2m2025-03-25T07:56:08.743715Z[0m [32m INFO[0m [1mnode[0m[1m{[0m[3mname[0m[2m=[0mk#99f25ef6..[1m}[0m[2m:[0m [2mconsensus_core::core[0m[2m:[0m [2mconsensus/core/src/core.rs[0m[2m:[0m[2m945:[0m Included 3 ancestors & excluded 0 ancestors for proposal in round 270
[2m2025-03-25T07:56:08.744101Z[0m [32m INFO[0m [1mnode[0m[1m{[0m[3mname[0m[2m=[0mk#99f25ef6..[1m}[0m[2m:[0m [2mconsensus_core::core[0m[2m:[0m [2mconsensus/core/src/core.rs[0m[2m:[0m[2m531:[0m Created block B270(B,Vru6BG04eaQneg9G3/D4O5gb1u5R0BmJQ52hovelntU=)(1742889368743ms;[B269(B,bjiqeTgVsSPzQSMvn8jmjdHcgNFegJ0eL8lwVX0sJ7k=), B269(A,MvNAFkVT0OYjHDzHf4iq4zJb22zOfwGfii0hVBoLydA=), B269(C,3sDVCO5yY52WLhHflzJV8WbgxEW5qrlCej7JPo/+rx0=)];1t;1c) for round 270
[2m2025-03-25T07:56:08.744315Z[0m [32m INFO[0m [1mnode[0m[1m{[0m[3mname[0m[2m=[0mk#8dcff6d1..[1m}[0m[2m:[0m [2mconsensus_core::core[0m[2m:[0m [2mconsensus/core/src/core.rs[0m[2m:[0m[2m945:[0m Included 3 ancestors & excluded 0 ancestors for proposal in round 270
[2m2025-03-25T07:56:08.744624Z[0m [32m INFO[0m [1mnode[0m[1m{[0m[3mname[0m[2m=[0mk#8dcff6d1..[1m}[0m[2m:[0m [2mconsensus_core::core[0m[2m:[0m [2mconsensus/core/src/core.rs[0m[2m:[0m[2m531:[0m Created block B270(A,C7BfF8GaNk7sCl2bDXcfvwXmHP4J5ZY0WjBlH6dmjbg=)(1742889368744ms;[B269(A,MvNAFkVT0OYjHDzHf4iq4zJb22zOfwGfii0hVBoLydA=), B269(B,bjiqeTgVsSPzQSMvn8jmjdHcgNFegJ0eL8lwVX0sJ7k=), B269(C,3sDVCO5yY52WLhHflzJV8WbgxEW5qrlCej7JPo/+rx0=)];1t;1c) for round 270
[2m2025-03-25T07:56:08.747283Z[0m [32m INFO[0m [1mnode[0m[1m{[0m[3mname[0m[2m=[0mk#addeef94..[1m}[0m[2m:[0m [2mconsensus_core::core[0m[2m:[0m [2mconsensus/core/src/core.rs[0m[2m:[0m[2m945:[0m Included 3 ancestors & excluded 0 ancestors for proposal in round 270
[2m2025-03-25T07:56:08.747579Z[0m [32m INFO[0m [1mnode[0m[1m{[0m[3mname[0m[2m=[0mk#addeef94..[1m}[0m[2m:[0m [2mconsensus_core::core[0m[2m:[0m [2mconsensus/core/src/core.rs[0m[2m:[0m[2m531:[0m Created block B270(C,h3AaJ2X0u2b5zhcQBmsgtLhI/GBomQ6mQFQTAcIErqE=)(1742889368747ms;[B269(C,3sDVCO5yY52WLhHflzJV8WbgxEW5qrlCej7JPo/+rx0=), B269(A,MvNAFkVT0OYjHDzHf4iq4zJb22zOfwGfii0hVBoLydA=), B269(B,bjiqeTgVsSPzQSMvn8jmjdHcgNFegJ0eL8lwVX0sJ7k=)];1t;1c) for round 270
[2m2025-03-25T07:56:08.747647Z[0m [32m INFO[0m [1mnode[0m[1m{[0m[3mname[0m[2m=[0mk#addeef94..[1m}[0m[2m:[0m [2mconsensus_core::core[0m[2m:[0m [2mconsensus/core/src/core.rs[0m[2m:[0m[2m630:[0m Committing 1 leaders: B268(C,GRUk)
[2m2025-03-25T07:56:08.747716Z[0m [32m INFO[0m [1mnode[0m[1m{[0m[3mname[0m[2m=[0mk#addeef94..[1m}[0m[2m:[0m [2mconsensus_core::commit_observer[0m[2m:[0m [2mconsensus/core/src/commit_observer.rs[0m[2m:[0m[2m173:[0m Consensus commit C258(Nadw) with leader B268(C,GRUk) has 3 blocks
[2m2025-03-25T07:56:08.747953Z[0m [32m INFO[0m [1mnode[0m[1m{[0m[3mname[0m[2m=[0mk#addeef94..[1m}[0m[2m:[0m [2msui_core::consensus_handler[0m[2m:[0m [2mcrates/sui-core/src/consensus_handler.rs[0m[2m:[0m[2m232:[0m Received consensus output [3mconsensus_commit[0m[2m=[0mCommittedSubDag(leader=B268(C,GRUk), ref=C258(Nadw), blocks=[Ohn4, uK3g, GRUk]) [3mepoch[0m[2m=[0m1
[2m2025-03-25T07:56:08.751033Z[0m [32m INFO[0m [1mnode[0m[1m{[0m[3mname[0m[2m=[0mk#99f25ef6..[1m}[0m[2m:[0m [2msui_core::checkpoints::checkpoint_output[0m[2m:[0m [2mcrates/sui-core/src/checkpoints/checkpoint_output.rs[0m[2m:[0m[2m196:[0m Certified checkpoint with sequence 470 and digest F69M4ztU2dDQ7ZamHQieCdSwrKCcgjK16b8Zryt3PrNL
[2m2025-03-25T07:56:08.751037Z[0m [32m INFO[0m [1mnode[0m[1m{[0m[3mname[0m[2m=[0mk#8dcff6d1..[1m}[0m[2m:[0m [2msui_core::checkpoints::checkpoint_output[0m[2m:[0m [2mcrates/sui-core/src/checkpoints/checkpoint_output.rs[0m[2m:[0m[2m196:[0m Certified checkpoint with sequence 470 and digest F69M4ztU2dDQ7ZamHQieCdSwrKCcgjK16b8Zryt3PrNL
[2m2025-03-25T07:56:08.751141Z[0m [32m INFO[0m [1mnode[0m[1m{[0m[3mname[0m[2m=[0mk#8dcff6d1..[1m}[0m[2m:[0m [2mconsensus_core::core[0m[2m:[0m [2mconsensus/core/src/core.rs[0m[2m:[0m[2m630:[0m Committing 1 leaders: B268(C,GRUk)
[2m2025-03-25T07:56:08.751141Z[0m [32m INFO[0m [1mnode[0m[1m{[0m[3mname[0m[2m=[0mk#99f25ef6..[1m}[0m[2m:[0m [2mconsensus_core::core[0m[2m:[0m [2mconsensus/core/src/core.rs[0m[2m:[0m[2m630:[0m Committing 1 leaders: B268(C,GRUk)
[2m2025-03-25T07:56:08.751239Z[0m [32m INFO[0m [1mnode[0m[1m{[0m[3mname[0m[2m=[0mk#8dcff6d1..[1m}[0m[2m:[0m [2mconsensus_core::commit_observer[0m[2m:[0m [2mconsensus/core/src/commit_observer.rs[0m[2m:[0m[2m173:[0m Consensus commit C258(Nadw) with leader B268(C,GRUk) has 3 blocks
[2m2025-03-25T07:56:08.751242Z[0m [32m INFO[0m [1mnode[0m[1m{[0m[3mname[0m[2m=[0mk#99f25ef6..[1m}[0m[2m:[0m [2mconsensus_core::commit_observer[0m[2m:[0m [2mconsensus/core/src/commit_observer.rs[0m[2m:[0m[2m173:[0m Consensus commit C258(Nadw) with leader B268(C,GRUk) has 3 blocks
[2m2025-03-25T07:56:08.751676Z[0m [32m INFO[0m [1mnode[0m[1m{[0m[3mname[0m[2m=[0mk#99f25ef6..[1m}[0m[2m:[0m [2msui_core::consensus_handler[0m[2m:[0m [2mcrates/sui-core/src/consensus_handler.rs[0m[2m:[0m[2m232:[0m Received consensus output [3mconsensus_commit[0m[2m=[0mCommittedSubDag(leader=B268(C,GRUk), ref=C258(Nadw), blocks=[Ohn4, uK3g, GRUk]) [3mepoch[0m[2m=[0m1
[2m2025-03-25T07:56:08.751676Z[0m [32m INFO[0m [1mnode[0m[1m{[0m[3mname[0m[2m=[0mk#8dcff6d1..[1m}[0m[2m:[0m [2msui_core::consensus_handler[0m[2m:[0m [2mcrates/sui-core/src/consensus_handler.rs[0m[2m:[0m[2m232:[0m Received consensus output [3mconsensus_commit[0m[2m=[0mCommittedSubDag(leader=B268(C,GRUk), ref=C258(Nadw), blocks=[Ohn4, uK3g, GRUk]) [3mepoch[0m[2m=[0m1
[2m2025-03-25T07:56:08.752285Z[0m [32m INFO[0m [1mnode[0m[1m{[0m[3mname[0m[2m=[0mk#8dcff6d1..[1m}[0m[2m:[0m [2msui_core::checkpoints::checkpoint_executor[0m[2m:[0m [2mcrates/sui-core/src/checkpoints/checkpoint_executor/mod.rs[0m[2m:[0m[2m332:[0m Received checkpoint summary from state sync [3msequence_number[0m[2m=[0m470
[2m2025-03-25T07:56:08.752285Z[0m [32m INFO[0m [1mnode[0m[1m{[0m[3mname[0m[2m=[0mk#99f25ef6..[1m}[0m[2m:[0m [2msui_core::checkpoints::checkpoint_executor[0m[2m:[0m [2mcrates/sui-core/src/checkpoints/checkpoint_executor/mod.rs[0m[2m:[0m[2m332:[0m Received checkpoint summary from state sync [3msequence_number[0m[2m=[0m470
[2m2025-03-25T07:56:08.765888Z[0m [32m INFO[0m [1mnode[0m[1m{[0m[3mname[0m[2m=[0mk#8dcff6d1..[1m}[0m[2m:[0m [2msui_core::state_accumulator[0m[2m:[0m [2mcrates/sui-core/src/state_accumulator.rs[0m[2m:[0m[2m675:[0m accumulating running root for checkpoint 470
[2m2025-03-25T07:56:08.765888Z[0m [32m INFO[0m [1mnode[0m[1m{[0m[3mname[0m[2m=[0mk#99f25ef6..[1m}[0m[2m:[0m [2msui_core::state_accumulator[0m[2m:[0m [2mcrates/sui-core/src/state_accumulator.rs[0m[2m:[0m[2m675:[0m accumulating running root for checkpoint 470
[2m2025-03-25T07:56:08.792398Z[0m [32m INFO[0m [1mnode[0m[1m{[0m[3mname[0m[2m=[0mk#addeef94..[1m}[0m[2m:[0m [2msui_core::checkpoints[0m[2m:[0m [2mcrates/sui-core/src/checkpoints/mod.rs[0m[2m:[0m[2m1326:[0m Creating checkpoint(s) for 1 transactions [3mnext_checkpoint_seq[0m[2m=[0m471 [3mcheckpoint_timestamp[0m[2m=[0m1742889368234
[2m2025-03-25T07:56:08.792626Z[0m [32m INFO[0m [1mnode[0m[1m{[0m[3mname[0m[2m=[0mk#addeef94..[1m}[0m[2m:[0m [2msui_core::checkpoints::checkpoint_output[0m[2m:[0m [2mcrates/sui-core/src/checkpoints/checkpoint_output.rs[0m[2m:[0m[2m149:[0m Creating checkpoint CheckpointDigest(6aMLDBKBDT3qt7pSAMcSjWkLizJEc6Bo7mNRjwyXFwyz) at epoch 1, sequence 471, previous digest Some(CheckpointDigest(F69M4ztU2dDQ7ZamHQieCdSwrKCcgjK16b8Zryt3PrNL)), transactions count 1, content digest CheckpointContentsDigest(BMxnhc59iKKnASpo2QXPZZjLSn4V4bEDfXQaT8WVZFVp), end_of_epoch_data None
[2m2025-03-25T07:56:08.797456Z[0m [32m INFO[0m [1mnode[0m[1m{[0m[3mname[0m[2m=[0mk#99f25ef6..[1m}[0m[2m:[0m [2msui_core::checkpoints[0m[2m:[0m [2mcrates/sui-core/src/checkpoints/mod.rs[0m[2m:[0m[2m1326:[0m Creating checkpoint(s) for 1 transactions [3mnext_checkpoint_seq[0m[2m=[0m471 [3mcheckpoint_timestamp[0m[2m=[0m1742889368234
[2m2025-03-25T07:56:08.797549Z[0m [32m INFO[0m [1mnode[0m[1m{[0m[3mname[0m[2m=[0mk#8dcff6d1..[1m}[0m[2m:[0m [2msui_core::checkpoints[0m[2m:[0m [2mcrates/sui-core/src/checkpoints/mod.rs[0m[2m:[0m[2m1326:[0m Creating checkpoint(s) for 1 transactions [3mnext_checkpoint_seq[0m[2m=[0m471 [3mcheckpoint_timestamp[0m[2m=[0m1742889368234
[2m2025-03-25T07:56:08.797636Z[0m [32m INFO[0m [1mnode[0m[1m{[0m[3mname[0m[2m=[0mk#99f25ef6..[1m}[0m[2m:[0m [2msui_core::checkpoints::checkpoint_output[0m[2m:[0m [2mcrates/sui-core/src/checkpoints/checkpoint_output.rs[0m[2m:[0m[2m149:[0m Creating checkpoint CheckpointDigest(6aMLDBKBDT3qt7pSAMcSjWkLizJEc6Bo7mNRjwyXFwyz) at epoch 1, sequence 471, previous digest Some(CheckpointDigest(F69M4ztU2dDQ7ZamHQieCdSwrKCcgjK16b8Zryt3PrNL)), transactions count 1, content digest CheckpointContentsDigest(BMxnhc59iKKnASpo2QXPZZjLSn4V4bEDfXQaT8WVZFVp), end_of_epoch_data None
[2m2025-03-25T07:56:08.797717Z[0m [32m INFO[0m [1mnode[0m[1m{[0m[3mname[0m[2m=[0mk#8dcff6d1..[1m}[0m[2m:[0m [2msui_core::checkpoints::checkpoint_output[0m[2m:[0m [2mcrates/sui-core/src/checkpoints/checkpoint_output.rs[0m[2m:[0m[2m149:[0m Creating checkpoint CheckpointDigest(6aMLDBKBDT3qt7pSAMcSjWkLizJEc6Bo7mNRjwyXFwyz) at epoch 1, sequence 471, previous digest Some(CheckpointDigest(F69M4ztU2dDQ7ZamHQieCdSwrKCcgjK16b8Zryt3PrNL)), transactions count 1, content digest CheckpointContentsDigest(BMxnhc59iKKnASpo2QXPZZjLSn4V4bEDfXQaT8WVZFVp), end_of_epoch_data None
[2m2025-03-25T07:56:08.858970Z[0m [32m INFO[0m [1mnode[0m[1m{[0m[3mname[0m[2m=[0mk#addeef94..[1m}[0m[2m:[0m [2msui_core::checkpoints::checkpoint_executor[0m[2m:[0m [2mcrates/sui-core/src/checkpoints/checkpoint_executor/mod.rs[0m[2m:[0m[2m332:[0m Received checkpoint summary from state sync [3msequence_number[0m[2m=[0m470
[2m2025-03-25T07:56:08.860429Z[0m [32m INFO[0m [1mnode[0m[1m{[0m[3mname[0m[2m=[0mk#addeef94..[1m}[0m[2m:[0m [2msui_core::state_accumulator[0m[2m:[0m [2mcrates/sui-core/src/state_accumulator.rs[0m[2m:[0m[2m675:[0m accumulating running root for checkpoint 470
[2m2025-03-25T07:56:08.971144Z[0m [32m INFO[0m [1mnode[0m[1m{[0m[3mname[0m[2m=[0mk#b3f3cbb4..[1m}[0m[2m:[0m [2msui_core::state_accumulator[0m[2m:[0m [2mcrates/sui-core/src/state_accumulator.rs[0m[2m:[0m[2m675:[0m accumulating running root for checkpoint 455
[2m2025-03-25T07:56:09.000535Z[0m [32m INFO[0m [1mnode[0m[1m{[0m[3mname[0m[2m=[0mk#addeef94..[1m}[0m[2m:[0m [2mconsensus_core::core[0m[2m:[0m [2mconsensus/core/src/core.rs[0m[2m:[0m[2m945:[0m Included 3 ancestors & excluded 0 ancestors for proposal in round 271
[2m2025-03-25T07:56:09.000900Z[0m [32m INFO[0m [1mnode[0m[1m{[0m[3mname[0m[2m=[0mk#addeef94..[1m}[0m[2m:[0m [2mconsensus_core::core[0m[2m:[0m [2mconsensus/core/src/core.rs[0m[2m:[0m[2m531:[0m Created block B271(C,3W1YOCfEtzbLj5HmlMJlMvg7K1IZS1ta86sFPDfdy74=)(1742889369000ms;[B270(C,h3AaJ2X0u2b5zhcQBmsgtLhI/GBomQ6mQFQTAcIErqE=), B270(A,C7BfF8GaNk7sCl2bDXcfvwXmHP4J5ZY0WjBlH6dmjbg=), B270(B,Vru6BG04eaQneg9G3/D4O5gb1u5R0BmJQ52hovelntU=)];1t;1c) for round 271
[2m2025-03-25T07:56:09.002806Z[0m [32m INFO[0m [1mnode[0m[1m{[0m[3mname[0m[2m=[0mk#99f25ef6..[1m}[0m[2m:[0m [2mconsensus_core::core[0m[2m:[0m [2mconsensus/core/src/core.rs[0m[2m:[0m[2m945:[0m Included 3 ancestors & excluded 0 ancestors for proposal in round 271
[2m2025-03-25T07:56:09.002808Z[0m [32m INFO[0m [1mnode[0m[1m{[0m[3mname[0m[2m=[0mk#8dcff6d1..[1m}[0m[2m:[0m [2mconsensus_core::core[0m[2m:[0m [2mconsensus/core/src/core.rs[0m[2m:[0m[2m945:[0m Included 3 ancestors & excluded 0 ancestors for proposal in round 271
[2m2025-03-25T07:56:09.003093Z[0m [32m INFO[0m [1mnode[0m[1m{[0m[3mname[0m[2m=[0mk#99f25ef6..[1m}[0m[2m:[0m [2mconsensus_core::core[0m[2m:[0m [2mconsensus/core/src/core.rs[0m[2m:[0m[2m531:[0m Created block B271(B,xeFFhyqQhU5oyxBxk7tndsEXbjymH9BoD9CbAPph2mY=)(1742889369002ms;[B270(B,Vru6BG04eaQneg9G3/D4O5gb1u5R0BmJQ52hovelntU=), B270(A,C7BfF8GaNk7sCl2bDXcfvwXmHP4J5ZY0WjBlH6dmjbg=), B270(C,h3AaJ2X0u2b5zhcQBmsgtLhI/GBomQ6mQFQTAcIErqE=)];1t;1c) for round 271
[2m2025-03-25T07:56:09.003096Z[0m [32m INFO[0m [1mnode[0m[1m{[0m[3mname[0m[2m=[0mk#8dcff6d1..[1m}[0m[2m:[0m [2mconsensus_core::core[0m[2m:[0m [2mconsensus/core/src/core.rs[0m[2m:[0m[2m531:[0m Created block B271(A,Yo61IGrI+wO2XZt7ZaAIAtz9972GIaBbtxR+R9jEnIk=)(1742889369002ms;[B270(A,C7BfF8GaNk7sCl2bDXcfvwXmHP4J5ZY0WjBlH6dmjbg=), B270(B,Vru6BG04eaQneg9G3/D4O5gb1u5R0BmJQ52hovelntU=), B270(C,h3AaJ2X0u2b5zhcQBmsgtLhI/GBomQ6mQFQTAcIErqE=)];1t;1c) for round 271
[2m2025-03-25T07:56:09.003162Z[0m [32m INFO[0m [1mnode[0m[1m{[0m[3mname[0m[2m=[0mk#99f25ef6..[1m}[0m[2m:[0m [2mconsensus_core::core[0m[2m:[0m [2mconsensus/core/src/core.rs[0m[2m:[0m[2m630:[0m Committing 1 leaders: B269(C,3sDV)
[2m2025-03-25T07:56:09.003162Z[0m [32m INFO[0m [1mnode[0m[1m{[0m[3mname[0m[2m=[0mk#8dcff6d1..[1m}[0m[2m:[0m [2mconsensus_core::core[0m[2m:[0m [2mconsensus/core/src/core.rs[0m[2m:[0m[2m630:[0m Committing 1 leaders: B269(C,3sDV)
[2m2025-03-25T07:56:09.003233Z[0m [32m INFO[0m [1mnode[0m[1m{[0m[3mname[0m[2m=[0mk#99f25ef6..[1m}[0m[2m:[0m [2mconsensus_core::commit_observer[0m[2m:[0m [2mconsensus/core/src/commit_observer.rs[0m[2m:[0m[2m173:[0m Consensus commit C259(9ePJ) with leader B269(C,3sDV) has 3 blocks
[2m2025-03-25T07:56:09.003233Z[0m [32m INFO[0m [1mnode[0m[1m{[0m[3mname[0m[2m=[0mk#8dcff6d1..[1m}[0m[2m:[0m [2mconsensus_core::commit_observer[0m[2m:[0m [2mconsensus/core/src/commit_observer.rs[0m[2m:[0m[2m173:[0m Consensus commit C259(9ePJ) with leader B269(C,3sDV) has 3 blocks
[2m2025-03-25T07:56:09.003322Z[0m [32m INFO[0m [1mnode[0m[1m{[0m[3mname[0m[2m=[0mk#99f25ef6..[1m}[0m[2m:[0m [2msui_core::consensus_handler[0m[2m:[0m [2mcrates/sui-core/src/consensus_handler.rs[0m[2m:[0m[2m232:[0m Received consensus output [3mconsensus_commit[0m[2m=[0mCommittedSubDag(leader=B269(C,3sDV), ref=C259(9ePJ), blocks=[6std, ub9y, 3sDV]) [3mepoch[0m[2m=[0m1
[2m2025-03-25T07:56:09.003322Z[0m [32m INFO[0m [1mnode[0m[1m{[0m[3mname[0m[2m=[0mk#8dcff6d1..[1m}[0m[2m:[0m [2msui_core::consensus_handler[0m[2m:[0m [2mcrates/sui-core/src/consensus_handler.rs[0m[2m:[0m[2m232:[0m Received consensus output [3mconsensus_commit[0m[2m=[0mCommittedSubDag(leader=B269(C,3sDV), ref=C259(9ePJ), blocks=[6std, ub9y, 3sDV]) [3mepoch[0m[2m=[0m1
[2m2025-03-25T07:56:09.006997Z[0m [32m INFO[0m [1mnode[0m[1m{[0m[3mname[0m[2m=[0mk#addeef94..[1m}[0m[2m:[0m [2mconsensus_core::core[0m[2m:[0m [2mconsensus/core/src/core.rs[0m[2m:[0m[2m630:[0m Committing 1 leaders: B269(C,3sDV)
[2m2025-03-25T07:56:09.007098Z[0m [32m INFO[0m [1mnode[0m[1m{[0m[3mname[0m[2m=[0mk#addeef94..[1m}[0m[2m:[0m [2mconsensus_core::commit_observer[0m[2m:[0m [2mconsensus/core/src/commit_observer.rs[0m[2m:[0m[2m173:[0m Consensus commit C259(9ePJ) with leader B269(C,3sDV) has 3 blocks
[2m2025-03-25T07:56:09.007232Z[0m [32m INFO[0m [1mnode[0m[1m{[0m[3mname[0m[2m=[0mk#addeef94..[1m}[0m[2m:[0m [2msui_core::consensus_handler[0m[2m:[0m [2mcrates/sui-core/src/consensus_handler.rs[0m[2m:[0m[2m232:[0m Received consensus output [3mconsensus_commit[0m[2m=[0mCommittedSubDag(leader=B269(C,3sDV), ref=C259(9ePJ), blocks=[6std, ub9y, 3sDV]) [3mepoch[0m[2m=[0m1
[2m2025-03-25T07:56:09.029924Z[0m [32m INFO[0m [1mnode[0m[1m{[0m[3mname[0m[2m=[0mk#99f25ef6..[1m}[0m[2m:[0m [2msui_core::checkpoints[0m[2m:[0m [2mcrates/sui-core/src/checkpoints/mod.rs[0m[2m:[0m[2m1326:[0m Creating checkpoint(s) for 2 transactions [3mnext_checkpoint_seq[0m[2m=[0m472 [3mcheckpoint_timestamp[0m[2m=[0m1742889368487
[2m2025-03-25T07:56:09.029923Z[0m [32m INFO[0m [1mnode[0m[1m{[0m[3mname[0m[2m=[0mk#8dcff6d1..[1m}[0m[2m:[0m [2msui_core::checkpoints[0m[2m:[0m [2mcrates/sui-core/src/checkpoints/mod.rs[0m[2m:[0m[2m1326:[0m Creating checkpoint(s) for 2 transactions [3mnext_checkpoint_seq[0m[2m=[0m472 [3mcheckpoint_timestamp[0m[2m=[0m1742889368487
[2m2025-03-25T07:56:09.030237Z[0m [32m INFO[0m [1mnode[0m[1m{[0m[3mname[0m[2m=[0mk#8dcff6d1..[1m}[0m[2m:[0m [2msui_core::checkpoints::checkpoint_output[0m[2m:[0m [2mcrates/sui-core/src/checkpoints/checkpoint_output.rs[0m[2m:[0m[2m149:[0m Creating checkpoint CheckpointDigest(BcyiX3f76Eq9VofHDv4NMRde7E85ii6BwgVSVaaaGSGS) at epoch 1, sequence 472, previous digest Some(CheckpointDigest(6aMLDBKBDT3qt7pSAMcSjWkLizJEc6Bo7mNRjwyXFwyz)), transactions count 2, content digest CheckpointContentsDigest(3L8EdEAF9kvur7oNJpzHsP9fDDkQqap9gXXzpBkmu4AP), end_of_epoch_data None
[2m2025-03-25T07:56:09.030237Z[0m [32m INFO[0m [1mnode[0m[1m{[0m[3mname[0m[2m=[0mk#99f25ef6..[1m}[0m[2m:[0m [2msui_core::checkpoints::checkpoint_output[0m[2m:[0m [2mcrates/sui-core/src/checkpoints/checkpoint_output.rs[0m[2m:[0m[2m149:[0m Creating checkpoint CheckpointDigest(BcyiX3f76Eq9VofHDv4NMRde7E85ii6BwgVSVaaaGSGS) at epoch 1, sequence 472, previous digest Some(CheckpointDigest(6aMLDBKBDT3qt7pSAMcSjWkLizJEc6Bo7mNRjwyXFwyz)), transactions count 2, content digest CheckpointContentsDigest(3L8EdEAF9kvur7oNJpzHsP9fDDkQqap9gXXzpBkmu4AP), end_of_epoch_data None
[2m2025-03-25T07:56:09.033203Z[0m [32m INFO[0m [1mnode[0m[1m{[0m[3mname[0m[2m=[0mk#addeef94..[1m}[0m[2m:[0m [2msui_core::checkpoints[0m[2m:[0m [2mcrates/sui-core/src/checkpoints/mod.rs[0m[2m:[0m[2m1326:[0m Creating checkpoint(s) for 2 transactions [3mnext_checkpoint_seq[0m[2m=[0m472 [3mcheckpoint_timestamp[0m[2m=[0m1742889368487
[2m2025-03-25T07:56:09.033324Z[0m [32m INFO[0m [1mnode[0m[1m{[0m[3mname[0m[2m=[0mk#99f25ef6..[1m}[0m[2m:[0m [2msui_core::checkpoints::checkpoint_output[0m[2m:[0m [2mcrates/sui-core/src/checkpoints/checkpoint_output.rs[0m[2m:[0m[2m196:[0m Certified checkpoint with sequence 471 and digest 6aMLDBKBDT3qt7pSAMcSjWkLizJEc6Bo7mNRjwyXFwyz
[2m2025-03-25T07:56:09.033396Z[0m [32m INFO[0m [1mnode[0m[1m{[0m[3mname[0m[2m=[0mk#8dcff6d1..[1m}[0m[2m:[0m [2msui_core::checkpoints::checkpoint_output[0m[2m:[0m [2mcrates/sui-core/src/checkpoints/checkpoint_output.rs[0m[2m:[0m[2m196:[0m Certified checkpoint with sequence 471 and digest 6aMLDBKBDT3qt7pSAMcSjWkLizJEc6Bo7mNRjwyXFwyz
[2m2025-03-25T07:56:09.033457Z[0m [32m INFO[0m [1mnode[0m[1m{[0m[3mname[0m[2m=[0mk#addeef94..[1m}[0m[2m:[0m [2msui_core::checkpoints::checkpoint_output[0m[2m:[0m [2mcrates/sui-core/src/checkpoints/checkpoint_output.rs[0m[2m:[0m[2m149:[0m Creating checkpoint CheckpointDigest(BcyiX3f76Eq9VofHDv4NMRde7E85ii6BwgVSVaaaGSGS) at epoch 1, sequence 472, previous digest Some(CheckpointDigest(6aMLDBKBDT3qt7pSAMcSjWkLizJEc6Bo7mNRjwyXFwyz)), transactions count 2, content digest CheckpointContentsDigest(3L8EdEAF9kvur7oNJpzHsP9fDDkQqap9gXXzpBkmu4AP), end_of_epoch_data None
[2m2025-03-25T07:56:09.033750Z[0m [32m INFO[0m [1mnode[0m[1m{[0m[3mname[0m[2m=[0mk#99f25ef6..[1m}[0m[2m:[0m [2msui_core::checkpoints::checkpoint_executor[0m[2m:[0m [2mcrates/sui-core/src/checkpoints/checkpoint_executor/mod.rs[0m[2m:[0m[2m332:[0m Received checkpoint summary from state sync [3msequence_number[0m[2m=[0m471
[2m2025-03-25T07:56:09.033750Z[0m [32m INFO[0m [1mnode[0m[1m{[0m[3mname[0m[2m=[0mk#8dcff6d1..[1m}[0m[2m:[0m [2msui_core::checkpoints::checkpoint_executor[0m[2m:[0m [2mcrates/sui-core/src/checkpoints/checkpoint_executor/mod.rs[0m[2m:[0m[2m332:[0m Received checkpoint summary from state sync [3msequence_number[0m[2m=[0m471
[2m2025-03-25T07:56:09.034918Z[0m [32m INFO[0m [1mnode[0m[1m{[0m[3mname[0m[2m=[0mk#99f25ef6..[1m}[0m[2m:[0m [2msui_core::state_accumulator[0m[2m:[0m [2mcrates/sui-core/src/state_accumulator.rs[0m[2m:[0m[2m675:[0m accumulating running root for checkpoint 471
[2m2025-03-25T07:56:09.034922Z[0m [32m INFO[0m [1mnode[0m[1m{[0m[3mname[0m[2m=[0mk#8dcff6d1..[1m}[0m[2m:[0m [2msui_core::state_accumulator[0m[2m:[0m [2mcrates/sui-core/src/state_accumulator.rs[0m[2m:[0m[2m675:[0m accumulating running root for checkpoint 471
[2m2025-03-25T07:56:09.037630Z[0m [32m INFO[0m [1mnode[0m[1m{[0m[3mname[0m[2m=[0mk#addeef94..[1m}[0m[2m:[0m [2msui_core::checkpoints::checkpoint_executor[0m[2m:[0m [2mcrates/sui-core/src/checkpoints/checkpoint_executor/mod.rs[0m[2m:[0m[2m332:[0m Received checkpoint summary from state sync [3msequence_number[0m[2m=[0m471
[2m2025-03-25T07:56:09.038347Z[0m [32m INFO[0m [1mnode[0m[1m{[0m[3mname[0m[2m=[0mk#addeef94..[1m}[0m[2m:[0m [2msui_core::state_accumulator[0m[2m:[0m [2mcrates/sui-core/src/state_accumulator.rs[0m[2m:[0m[2m675:[0m accumulating running root for checkpoint 471
[2m2025-03-25T07:56:09.200228Z[0m [32m INFO[0m [1mnode[0m[1m{[0m[3mname[0m[2m=[0mk#8dcff6d1..[1m}[0m[2m:[0m [2mconsensus_core::core[0m[2m:[0m [2mconsensus/core/src/core.rs[0m[2m:[0m[2m694:[0m Received quorum round per authority in ancestor state manager set to: [(271, 271), (271, 271), (271, 271)]
[2m2025-03-25T07:56:09.200242Z[0m [32m INFO[0m [1mnode[0m[1m{[0m[3mname[0m[2m=[0mk#8dcff6d1..[1m}[0m[2m:[0m [2mconsensus_core::core[0m[2m:[0m [2mconsensus/core/src/core.rs[0m[2m:[0m[2m695:[0m Accepted quorum round per authority in ancestor state manager set to: [(271, 271), (271, 271), (271, 271)]
[2m2025-03-25T07:56:09.200241Z[0m [32m INFO[0m [1mnode[0m[1m{[0m[3mname[0m[2m=[0mk#addeef94..[1m}[0m[2m:[0m [2mconsensus_core::core[0m[2m:[0m [2mconsensus/core/src/core.rs[0m[2m:[0m[2m694:[0m Received quorum round per authority in ancestor state manager set to: [(271, 271), (271, 271), (271, 271)]
[2m2025-03-25T07:56:09.200249Z[0m [32m INFO[0m [1mnode[0m[1m{[0m[3mname[0m[2m=[0mk#8dcff6d1..[1m}[0m[2m:[0m [2mconsensus_core::core[0m[2m:[0m [2mconsensus/core/src/core.rs[0m[2m:[0m[2m698:[0m Propagation round delay set to: 0
[2m2025-03-25T07:56:09.200249Z[0m [32m INFO[0m [1mnode[0m[1m{[0m[3mname[0m[2m=[0mk#addeef94..[1m}[0m[2m:[0m [2mconsensus_core::core[0m[2m:[0m [2mconsensus/core/src/core.rs[0m[2m:[0m[2m695:[0m Accepted quorum round per authority in ancestor state manager set to: [(271, 271), (271, 271), (271, 271)]
[2m2025-03-25T07:56:09.200256Z[0m [32m INFO[0m [1mnode[0m[1m{[0m[3mname[0m[2m=[0mk#addeef94..[1m}[0m[2m:[0m [2mconsensus_core::core[0m[2m:[0m [2mconsensus/core/src/core.rs[0m[2m:[0m[2m698:[0m Propagation round delay set to: 0
[2m2025-03-25T07:56:09.200355Z[0m [32m INFO[0m [1mnode[0m[1m{[0m[3mname[0m[2m=[0mk#99f25ef6..[1m}[0m[2m:[0m [2mconsensus_core::core[0m[2m:[0m [2mconsensus/core/src/core.rs[0m[2m:[0m[2m694:[0m Received quorum round per authority in ancestor state manager set to: [(271, 271), (271, 271), (271, 271)]
[2m2025-03-25T07:56:09.200365Z[0m [32m INFO[0m [1mnode[0m[1m{[0m[3mname[0m[2m=[0mk#99f25ef6..[1m}[0m[2m:[0m [2mconsensus_core::core[0m[2m:[0m [2mconsensus/core/src/core.rs[0m[2m:[0m[2m695:[0m Accepted quorum round per authority in ancestor state manager set to: [(271, 271), (271, 271), (271, 271)]
[2m2025-03-25T07:56:09.200371Z[0m [32m INFO[0m [1mnode[0m[1m{[0m[3mname[0m[2m=[0mk#99f25ef6..[1m}[0m[2m:[0m [2mconsensus_core::core[0m[2m:[0m [2mconsensus/core/src/core.rs[0m[2m:[0m[2m698:[0m Propagation round delay set to: 0
[2m2025-03-25T07:56:09.255499Z[0m [32m INFO[0m [1mnode[0m[1m{[0m[3mname[0m[2m=[0mk#8dcff6d1..[1m}[0m[2m:[0m [2mconsensus_core::core[0m[2m:[0m [2mconsensus/core/src/core.rs[0m[2m:[0m[2m945:[0m Included 3 ancestors & excluded 0 ancestors for proposal in round 272
[2m2025-03-25T07:56:09.255868Z[0m [32m INFO[0m [1mnode[0m[1m{[0m[3mname[0m[2m=[0mk#8dcff6d1..[1m}[0m[2m:[0m [2mconsensus_core::core[0m[2m:[0m [2mconsensus/core/src/core.rs[0m[2m:[0m[2m531:[0m Created block B272(A,TszifDpA6lBaqxZJ3YREt8sK4vi0iiYOshVa5qfISKY=)(1742889369255ms;[B271(A,Yo61IGrI+wO2XZt7ZaAIAtz9972GIaBbtxR+R9jEnIk=), B271(B,xeFFhyqQhU5oyxBxk7tndsEXbjymH9BoD9CbAPph2mY=), B271(C,3W1YOCfEtzbLj5HmlMJlMvg7K1IZS1ta86sFPDfdy74=)];1t;1c) for round 272
[2m2025-03-25T07:56:09.255959Z[0m [32m INFO[0m [1mnode[0m[1m{[0m[3mname[0m[2m=[0mk#99f25ef6..[1m}[0m[2m:[0m [2mconsensus_core::core[0m[2m:[0m [2mconsensus/core/src/core.rs[0m[2m:[0m[2m945:[0m Included 3 ancestors & excluded 0 ancestors for proposal in round 272
[2m2025-03-25T07:56:09.256267Z[0m [32m INFO[0m [1mnode[0m[1m{[0m[3mname[0m[2m=[0mk#99f25ef6..[1m}[0m[2m:[0m [2mconsensus_core::core[0m[2m:[0m [2mconsensus/core/src/core.rs[0m[2m:[0m[2m531:[0m Created block B272(B,ZGIKtLDD8zsMnXx0QAFK+Jy0EynvsSTPP2tSj154hX4=)(1742889369256ms;[B271(B,xeFFhyqQhU5oyxBxk7tndsEXbjymH9BoD9CbAPph2mY=), B271(A,Yo61IGrI+wO2XZt7ZaAIAtz9972GIaBbtxR+R9jEnIk=), B271(C,3W1YOCfEtzbLj5HmlMJlMvg7K1IZS1ta86sFPDfdy74=)];1t;1c) for round 272
[2m2025-03-25T07:56:09.258956Z[0m [32m INFO[0m [1mnode[0m[1m{[0m[3mname[0m[2m=[0mk#addeef94..[1m}[0m[2m:[0m [2mconsensus_core::core[0m[2m:[0m [2mconsensus/core/src/core.rs[0m[2m:[0m[2m945:[0m Included 3 ancestors & excluded 0 ancestors for proposal in round 272
[2m2025-03-25T07:56:09.259253Z[0m [32m INFO[0m [1mnode[0m[1m{[0m[3mname[0m[2m=[0mk#addeef94..[1m}[0m[2m:[0m [2mconsensus_core::core[0m[2m:[0m [2mconsensus/core/src/core.rs[0m[2m:[0m[2m531:[0m Created block B272(C,pC3DDomm6ytGkxS4we3K9l1rreMYxNt3MRr4EtJ6zjk=)(1742889369259ms;[B271(C,3W1YOCfEtzbLj5HmlMJlMvg7K1IZS1ta86sFPDfdy74=), B271(A,Yo61IGrI+wO2XZt7ZaAIAtz9972GIaBbtxR+R9jEnIk=), B271(B,xeFFhyqQhU5oyxBxk7tndsEXbjymH9BoD9CbAPph2mY=)];1t;1c) for round 272
[2m2025-03-25T07:56:09.259322Z[0m [32m INFO[0m [1mnode[0m[1m{[0m[3mname[0m[2m=[0mk#addeef94..[1m}[0m[2m:[0m [2mconsensus_core::core[0m[2m:[0m [2mconsensus/core/src/core.rs[0m[2m:[0m[2m630:[0m Committing 1 leaders: B270(A,C7Bf)
[2m2025-03-25T07:56:09.259395Z[0m [32m INFO[0m [1mnode[0m[1m{[0m[3mname[0m[2m=[0mk#addeef94..[1m}[0m[2m:[0m [2mconsensus_core::commit_observer[0m[2m:[0m [2mconsensus/core/src/commit_observer.rs[0m[2m:[0m[2m173:[0m Consensus commit C260(LrYA) with leader B270(A,C7Bf) has 3 blocks
[2m2025-03-25T07:56:09.259634Z[0m [32m INFO[0m [1mnode[0m[1m{[0m[3mname[0m[2m=[0mk#addeef94..[1m}[0m[2m:[0m [2msui_core::consensus_handler[0m[2m:[0m [2mcrates/sui-core/src/consensus_handler.rs[0m[2m:[0m[2m232:[0m Received consensus output [3mconsensus_commit[0m[2m=[0mCommittedSubDag(leader=B270(A,C7Bf), ref=C260(LrYA), blocks=[MvNA, bjiq, C7Bf]) [3mepoch[0m[2m=[0m1
[2m2025-03-25T07:56:09.262733Z[0m [32m INFO[0m [1mnode[0m[1m{[0m[3mname[0m[2m=[0mk#99f25ef6..[1m}[0m[2m:[0m [2msui_core::checkpoints::checkpoint_output[0m[2m:[0m [2mcrates/sui-core/src/checkpoints/checkpoint_output.rs[0m[2m:[0m[2m196:[0m Certified checkpoint with sequence 472 and digest BcyiX3f76Eq9VofHDv4NMRde7E85ii6BwgVSVaaaGSGS
[2m2025-03-25T07:56:09.262730Z[0m [32m INFO[0m [1mnode[0m[1m{[0m[3mname[0m[2m=[0mk#8dcff6d1..[1m}[0m[2m:[0m [2msui_core::checkpoints::checkpoint_output[0m[2m:[0m [2mcrates/sui-core/src/checkpoints/checkpoint_output.rs[0m[2m:[0m[2m196:[0m Certified checkpoint with sequence 472 and digest BcyiX3f76Eq9VofHDv4NMRde7E85ii6BwgVSVaaaGSGS
[2m2025-03-25T07:56:09.262843Z[0m [32m INFO[0m [1mnode[0m[1m{[0m[3mname[0m[2m=[0mk#8dcff6d1..[1m}[0m[2m:[0m [2mconsensus_core::core[0m[2m:[0m [2mconsensus/core/src/core.rs[0m[2m:[0m[2m630:[0m Committing 1 leaders: B270(A,C7Bf)
[2m2025-03-25T07:56:09.262843Z[0m [32m INFO[0m [1mnode[0m[1m{[0m[3mname[0m[2m=[0mk#99f25ef6..[1m}[0m[2m:[0m [2mconsensus_core::core[0m[2m:[0m [2mconsensus/core/src/core.rs[0m[2m:[0m[2m630:[0m Committing 1 leaders: B270(A,C7Bf)
[2m2025-03-25T07:56:09.262947Z[0m [32m INFO[0m [1mnode[0m[1m{[0m[3mname[0m[2m=[0mk#8dcff6d1..[1m}[0m[2m:[0m [2mconsensus_core::commit_observer[0m[2m:[0m [2mconsensus/core/src/commit_observer.rs[0m[2m:[0m[2m173:[0m Consensus commit C260(LrYA) with leader B270(A,C7Bf) has 3 blocks
[2m2025-03-25T07:56:09.262947Z[0m [32m INFO[0m [1mnode[0m[1m{[0m[3mname[0m[2m=[0mk#99f25ef6..[1m}[0m[2m:[0m [2mconsensus_core::commit_observer[0m[2m:[0m [2mconsensus/core/src/commit_observer.rs[0m[2m:[0m[2m173:[0m Consensus commit C260(LrYA) with leader B270(A,C7Bf) has 3 blocks
[2m2025-03-25T07:56:09.263410Z[0m [32m INFO[0m [1mnode[0m[1m{[0m[3mname[0m[2m=[0mk#8dcff6d1..[1m}[0m[2m:[0m [2msui_core::consensus_handler[0m[2m:[0m [2mcrates/sui-core/src/consensus_handler.rs[0m[2m:[0m[2m232:[0m Received consensus output [3mconsensus_commit[0m[2m=[0mCommittedSubDag(leader=B270(A,C7Bf), ref=C260(LrYA), blocks=[MvNA, bjiq, C7Bf]) [3mepoch[0m[2m=[0m1
[2m2025-03-25T07:56:09.263410Z[0m [32m INFO[0m [1mnode[0m[1m{[0m[3mname[0m[2m=[0mk#99f25ef6..[1m}[0m[2m:[0m [2msui_core::consensus_handler[0m[2m:[0m [2mcrates/sui-core/src/consensus_handler.rs[0m[2m:[0m[2m232:[0m Received consensus output [3mconsensus_commit[0m[2m=[0mCommittedSubDag(leader=B270(A,C7Bf), ref=C260(LrYA), blocks=[MvNA, bjiq, C7Bf]) [3mepoch[0m[2m=[0m1
[2m2025-03-25T07:56:09.264040Z[0m [32m INFO[0m [1mnode[0m[1m{[0m[3mname[0m[2m=[0mk#8dcff6d1..[1m}[0m[2m:[0m [2msui_core::checkpoints::checkpoint_executor[0m[2m:[0m [2mcrates/sui-core/src/checkpoints/checkpoint_executor/mod.rs[0m[2m:[0m[2m332:[0m Received checkpoint summary from state sync [3msequence_number[0m[2m=[0m472
[2m2025-03-25T07:56:09.264040Z[0m [32m INFO[0m [1mnode[0m[1m{[0m[3mname[0m[2m=[0mk#99f25ef6..[1m}[0m[2m:[0m [2msui_core::checkpoints::checkpoint_executor[0m[2m:[0m [2mcrates/sui-core/src/checkpoints/checkpoint_executor/mod.rs[0m[2m:[0m[2m332:[0m Received checkpoint summary from state sync [3msequence_number[0m[2m=[0m472
[2m2025-03-25T07:56:09.277646Z[0m [32m INFO[0m [1mnode[0m[1m{[0m[3mname[0m[2m=[0mk#99f25ef6..[1m}[0m[2m:[0m [2msui_core::state_accumulator[0m[2m:[0m [2mcrates/sui-core/src/state_accumulator.rs[0m[2m:[0m[2m675:[0m accumulating running root for checkpoint 472
[2m2025-03-25T07:56:09.277648Z[0m [32m INFO[0m [1mnode[0m[1m{[0m[3mname[0m[2m=[0mk#8dcff6d1..[1m}[0m[2m:[0m [2msui_core::state_accumulator[0m[2m:[0m [2mcrates/sui-core/src/state_accumulator.rs[0m[2m:[0m[2m675:[0m accumulating running root for checkpoint 472
[2m2025-03-25T07:56:09.303889Z[0m [32m INFO[0m [1mnode[0m[1m{[0m[3mname[0m[2m=[0mk#addeef94..[1m}[0m[2m:[0m [2msui_core::checkpoints[0m[2m:[0m [2mcrates/sui-core/src/checkpoints/mod.rs[0m[2m:[0m[2m1326:[0m Creating checkpoint(s) for 1 transactions [3mnext_checkpoint_seq[0m[2m=[0m473 [3mcheckpoint_timestamp[0m[2m=[0m1742889368744
[2m2025-03-25T07:56:09.304123Z[0m [32m INFO[0m [1mnode[0m[1m{[0m[3mname[0m[2m=[0mk#addeef94..[1m}[0m[2m:[0m [2msui_core::checkpoints::checkpoint_output[0m[2m:[0m [2mcrates/sui-core/src/checkpoints/checkpoint_output.rs[0m[2m:[0m[2m149:[0m Creating checkpoint CheckpointDigest(2QwK4KSkWtY8ZoNBCUVvmusDSKxs11p7JS8SPZoVwgFJ) at epoch 1, sequence 473, previous digest Some(CheckpointDigest(BcyiX3f76Eq9VofHDv4NMRde7E85ii6BwgVSVaaaGSGS)), transactions count 1, content digest CheckpointContentsDigest(97f5CsnLdmJmkbqoR4cnE3yUiiG8hV9CNMJmmwvLQosq), end_of_epoch_data None
[2m2025-03-25T07:56:09.309045Z[0m [32m INFO[0m [1mnode[0m[1m{[0m[3mname[0m[2m=[0mk#8dcff6d1..[1m}[0m[2m:[0m [2msui_core::checkpoints[0m[2m:[0m [2mcrates/sui-core/src/checkpoints/mod.rs[0m[2m:[0m[2m1326:[0m Creating checkpoint(s) for 1 transactions [3mnext_checkpoint_seq[0m[2m=[0m473 [3mcheckpoint_timestamp[0m[2m=[0m1742889368744
[2m2025-03-25T07:56:09.309113Z[0m [32m INFO[0m [1mnode[0m[1m{[0m[3mname[0m[2m=[0mk#99f25ef6..[1m}[0m[2m:[0m [2msui_core::checkpoints[0m[2m:[0m [2mcrates/sui-core/src/checkpoints/mod.rs[0m[2m:[0m[2m1326:[0m Creating checkpoint(s) for 1 transactions [3mnext_checkpoint_seq[0m[2m=[0m473 [3mcheckpoint_timestamp[0m[2m=[0m1742889368744
[2m2025-03-25T07:56:09.309238Z[0m [32m INFO[0m [1mnode[0m[1m{[0m[3mname[0m[2m=[0mk#8dcff6d1..[1m}[0m[2m:[0m [2msui_core::checkpoints::checkpoint_output[0m[2m:[0m [2mcrates/sui-core/src/checkpoints/checkpoint_output.rs[0m[2m:[0m[2m149:[0m Creating checkpoint CheckpointDigest(2QwK4KSkWtY8ZoNBCUVvmusDSKxs11p7JS8SPZoVwgFJ) at epoch 1, sequence 473, previous digest Some(CheckpointDigest(BcyiX3f76Eq9VofHDv4NMRde7E85ii6BwgVSVaaaGSGS)), transactions count 1, content digest CheckpointContentsDigest(97f5CsnLdmJmkbqoR4cnE3yUiiG8hV9CNMJmmwvLQosq), end_of_epoch_data None
[2m2025-03-25T07:56:09.309281Z[0m [32m INFO[0m [1mnode[0m[1m{[0m[3mname[0m[2m=[0mk#99f25ef6..[1m}[0m[2m:[0m [2msui_core::checkpoints::checkpoint_output[0m[2m:[0m [2mcrates/sui-core/src/checkpoints/checkpoint_output.rs[0m[2m:[0m[2m149:[0m Creating checkpoint CheckpointDigest(2QwK4KSkWtY8ZoNBCUVvmusDSKxs11p7JS8SPZoVwgFJ) at epoch 1, sequence 473, previous digest Some(CheckpointDigest(BcyiX3f76Eq9VofHDv4NMRde7E85ii6BwgVSVaaaGSGS)), transactions count 1, content digest CheckpointContentsDigest(97f5CsnLdmJmkbqoR4cnE3yUiiG8hV9CNMJmmwvLQosq), end_of_epoch_data None
[2m2025-03-25T07:56:09.309952Z[0m [32m INFO[0m [1mnode[0m[1m{[0m[3mname[0m[2m=[0mk#8dcff6d1..[1m}[0m[2m:[0m [2mconsensus_core::commit_syncer[0m[2m:[0m [2mconsensus/core/src/commit_syncer.rs[0m[2m:[0m[2m196:[0m Checking to schedule fetches: synced_commit_index=260, highest_handled_index=260, highest_scheduled_index=0, quorum_commit_index=259, unhandled_commits_threshold=3200
[2m2025-03-25T07:56:09.325682Z[0m [32m INFO[0m [1mnode[0m[1m{[0m[3mname[0m[2m=[0mk#addeef94..[1m}[0m[2m:[0m [2msui_core::checkpoints::checkpoint_executor[0m[2m:[0m [2mcrates/sui-core/src/checkpoints/checkpoint_executor/mod.rs[0m[2m:[0m[2m332:[0m Received checkpoint summary from state sync [3msequence_number[0m[2m=[0m472
[2m2025-03-25T07:56:09.371982Z[0m [32m INFO[0m [1mnode[0m[1m{[0m[3mname[0m[2m=[0mk#addeef94..[1m}[0m[2m:[0m [2msui_core::state_accumulator[0m[2m:[0m [2mcrates/sui-core/src/state_accumulator.rs[0m[2m:[0m[2m675:[0m accumulating running root for checkpoint 472
[2m2025-03-25T07:56:09.372612Z[0m [32m INFO[0m [1mnode[0m[1m{[0m[3mname[0m[2m=[0mk#addeef94..[1m}[0m[2m:[0m [2mconsensus_core::commit_syncer[0m[2m:[0m [2mconsensus/core/src/commit_syncer.rs[0m[2m:[0m[2m196:[0m Checking to schedule fetches: synced_commit_index=260, highest_handled_index=260, highest_scheduled_index=0, quorum_commit_index=0, unhandled_commits_threshold=3200
[2m2025-03-25T07:56:09.374082Z[0m [32m INFO[0m [1mnode[0m[1m{[0m[3mname[0m[2m=[0mk#99f25ef6..[1m}[0m[2m:[0m [2mconsensus_core::commit_syncer[0m[2m:[0m [2mconsensus/core/src/commit_syncer.rs[0m[2m:[0m[2m196:[0m Checking to schedule fetches: synced_commit_index=260, highest_handled_index=260, highest_scheduled_index=0, quorum_commit_index=259, unhandled_commits_threshold=3200
[2m2025-03-25T07:56:09.505757Z[0m [32m INFO[0m [2msui_bridge::eth_syncer[0m[2m:[0m [2mcrates/sui-bridge/src/eth_syncer.rs[0m[2m:[0m[2m120:[0m Observed new finalized eth block: 131
[2m2025-03-25T07:56:09.512368Z[0m [32m INFO[0m [1mnode[0m[1m{[0m[3mname[0m[2m=[0mk#addeef94..[1m}[0m[2m:[0m [2mconsensus_core::core[0m[2m:[0m [2mconsensus/core/src/core.rs[0m[2m:[0m[2m945:[0m Included 3 ancestors & excluded 0 ancestors for proposal in round 273
[2m2025-03-25T07:56:09.512736Z[0m [32m INFO[0m [1mnode[0m[1m{[0m[3mname[0m[2m=[0mk#addeef94..[1m}[0m[2m:[0m [2mconsensus_core::core[0m[2m:[0m [2mconsensus/core/src/core.rs[0m[2m:[0m[2m531:[0m Created block B273(C,3TOdIiL6+J/ol6YhiV54FA4a6d8ktqk254tnoj6jZRw=)(1742889369512ms;[B272(C,pC3DDomm6ytGkxS4we3K9l1rreMYxNt3MRr4EtJ6zjk=), B272(A,TszifDpA6lBaqxZJ3YREt8sK4vi0iiYOshVa5qfISKY=), B272(B,ZGIKtLDD8zsMnXx0QAFK+Jy0EynvsSTPP2tSj154hX4=)];1t;1c) for round 273
[2m2025-03-25T07:56:09.514664Z[0m [32m INFO[0m [1mnode[0m[1m{[0m[3mname[0m[2m=[0mk#99f25ef6..[1m}[0m[2m:[0m [2mconsensus_core::core[0m[2m:[0m [2mconsensus/core/src/core.rs[0m[2m:[0m[2m945:[0m Included 3 ancestors & excluded 0 ancestors for proposal in round 273
[2m2025-03-25T07:56:09.514664Z[0m [32m INFO[0m [1mnode[0m[1m{[0m[3mname[0m[2m=[0mk#8dcff6d1..[1m}[0m[2m:[0m [2mconsensus_core::core[0m[2m:[0m [2mconsensus/core/src/core.rs[0m[2m:[0m[2m945:[0m Included 3 ancestors & excluded 0 ancestors for proposal in round 273
[2m2025-03-25T07:56:09.514948Z[0m [32m INFO[0m [1mnode[0m[1m{[0m[3mname[0m[2m=[0mk#99f25ef6..[1m}[0m[2m:[0m [2mconsensus_core::core[0m[2m:[0m [2mconsensus/core/src/core.rs[0m[2m:[0m[2m531:[0m Created block B273(B,/Z1PpqajBA4C1Rk16nVMisfVXu1zjDxJfMvjZNCOh5Y=)(1742889369514ms;[B272(B,ZGIKtLDD8zsMnXx0QAFK+Jy0EynvsSTPP2tSj154hX4=), B272(A,TszifDpA6lBaqxZJ3YREt8sK4vi0iiYOshVa5qfISKY=), B272(C,pC3DDomm6ytGkxS4we3K9l1rreMYxNt3MRr4EtJ6zjk=)];1t;1c) for round 273
[2m2025-03-25T07:56:09.514954Z[0m [32m INFO[0m [1mnode[0m[1m{[0m[3mname[0m[2m=[0mk#8dcff6d1..[1m}[0m[2m:[0m [2mconsensus_core::core[0m[2m:[0m [2mconsensus/core/src/core.rs[0m[2m:[0m[2m531:[0m Created block B273(A,/uCc1dVM3SnrRyaQDacJHFStmssHJB7THTGEtnsCGpE=)(1742889369514ms;[B272(A,TszifDpA6lBaqxZJ3YREt8sK4vi0iiYOshVa5qfISKY=), B272(B,ZGIKtLDD8zsMnXx0QAFK+Jy0EynvsSTPP2tSj154hX4=), B272(C,pC3DDomm6ytGkxS4we3K9l1rreMYxNt3MRr4EtJ6zjk=)];1t;1c) for round 273
[2m2025-03-25T07:56:09.515018Z[0m [32m INFO[0m [1mnode[0m[1m{[0m[3mname[0m[2m=[0mk#8dcff6d1..[1m}[0m[2m:[0m [2mconsensus_core::core[0m[2m:[0m [2mconsensus/core/src/core.rs[0m[2m:[0m[2m630:[0m Committing 1 leaders: B271(C,3W1Y)
[2m2025-03-25T07:56:09.515018Z[0m [32m INFO[0m [1mnode[0m[1m{[0m[3mname[0m[2m=[0mk#99f25ef6..[1m}[0m[2m:[0m [2mconsensus_core::core[0m[2m:[0m [2mconsensus/core/src/core.rs[0m[2m:[0m[2m630:[0m Committing 1 leaders: B271(C,3W1Y)
[2m2025-03-25T07:56:09.515088Z[0m [32m INFO[0m [1mnode[0m[1m{[0m[3mname[0m[2m=[0mk#8dcff6d1..[1m}[0m[2m:[0m [2mconsensus_core::commit_observer[0m[2m:[0m [2mconsensus/core/src/commit_observer.rs[0m[2m:[0m[2m173:[0m Consensus commit C261(d4zw) with leader B271(C,3W1Y) has 3 blocks
[2m2025-03-25T07:56:09.515088Z[0m [32m INFO[0m [1mnode[0m[1m{[0m[3mname[0m[2m=[0mk#99f25ef6..[1m}[0m[2m:[0m [2mconsensus_core::commit_observer[0m[2m:[0m [2mconsensus/core/src/commit_observer.rs[0m[2m:[0m[2m173:[0m Consensus commit C261(d4zw) with leader B271(C,3W1Y) has 3 blocks
[2m2025-03-25T07:56:09.515176Z[0m [32m INFO[0m [1mnode[0m[1m{[0m[3mname[0m[2m=[0mk#8dcff6d1..[1m}[0m[2m:[0m [2msui_core::consensus_handler[0m[2m:[0m [2mcrates/sui-core/src/consensus_handler.rs[0m[2m:[0m[2m232:[0m Received consensus output [3mconsensus_commit[0m[2m=[0mCommittedSubDag(leader=B271(C,3W1Y), ref=C261(d4zw), blocks=[Vru6, h3Aa, 3W1Y]) [3mepoch[0m[2m=[0m1
[2m2025-03-25T07:56:09.515176Z[0m [32m INFO[0m [1mnode[0m[1m{[0m[3mname[0m[2m=[0mk#99f25ef6..[1m}[0m[2m:[0m [2msui_core::consensus_handler[0m[2m:[0m [2mcrates/sui-core/src/consensus_handler.rs[0m[2m:[0m[2m232:[0m Received consensus output [3mconsensus_commit[0m[2m=[0mCommittedSubDag(leader=B271(C,3W1Y), ref=C261(d4zw), blocks=[Vru6, h3Aa, 3W1Y]) [3mepoch[0m[2m=[0m1
[2m2025-03-25T07:56:09.518869Z[0m [32m INFO[0m [1mnode[0m[1m{[0m[3mname[0m[2m=[0mk#addeef94..[1m}[0m[2m:[0m [2mconsensus_core::core[0m[2m:[0m [2mconsensus/core/src/core.rs[0m[2m:[0m[2m630:[0m Committing 1 leaders: B271(C,3W1Y)
[2m2025-03-25T07:56:09.518973Z[0m [32m INFO[0m [1mnode[0m[1m{[0m[3mname[0m[2m=[0mk#addeef94..[1m}[0m[2m:[0m [2mconsensus_core::commit_observer[0m[2m:[0m [2mconsensus/core/src/commit_observer.rs[0m[2m:[0m[2m173:[0m Consensus commit C261(d4zw) with leader B271(C,3W1Y) has 3 blocks
[2m2025-03-25T07:56:09.519110Z[0m [32m INFO[0m [1mnode[0m[1m{[0m[3mname[0m[2m=[0mk#addeef94..[1m}[0m[2m:[0m [2msui_core::consensus_handler[0m[2m:[0m [2mcrates/sui-core/src/consensus_handler.rs[0m[2m:[0m[2m232:[0m Received consensus output [3mconsensus_commit[0m[2m=[0mCommittedSubDag(leader=B271(C,3W1Y), ref=C261(d4zw), blocks=[Vru6, h3Aa, 3W1Y]) [3mepoch[0m[2m=[0m1
[2m2025-03-25T07:56:09.541774Z[0m [32m INFO[0m [1mnode[0m[1m{[0m[3mname[0m[2m=[0mk#99f25ef6..[1m}[0m[2m:[0m [2msui_core::checkpoints[0m[2m:[0m [2mcrates/sui-core/src/checkpoints/mod.rs[0m[2m:[0m[2m1326:[0m Creating checkpoint(s) for 2 transactions [3mnext_checkpoint_seq[0m[2m=[0m474 [3mcheckpoint_timestamp[0m[2m=[0m1742889369000
[2m2025-03-25T07:56:09.541772Z[0m [32m INFO[0m [1mnode[0m[1m{[0m[3mname[0m[2m=[0mk#8dcff6d1..[1m}[0m[2m:[0m [2msui_core::checkpoints[0m[2m:[0m [2mcrates/sui-core/src/checkpoints/mod.rs[0m[2m:[0m[2m1326:[0m Creating checkpoint(s) for 2 transactions [3mnext_checkpoint_seq[0m[2m=[0m474 [3mcheckpoint_timestamp[0m[2m=[0m1742889369000
[2m2025-03-25T07:56:09.542086Z[0m [32m INFO[0m [1mnode[0m[1m{[0m[3mname[0m[2m=[0mk#99f25ef6..[1m}[0m[2m:[0m [2msui_core::checkpoints::checkpoint_output[0m[2m:[0m [2mcrates/sui-core/src/checkpoints/checkpoint_output.rs[0m[2m:[0m[2m149:[0m Creating checkpoint CheckpointDigest(CjcWvat2ZXPYGErXSEvnqK9qz8hL67V7xAVDGD2LWySs) at epoch 1, sequence 474, previous digest Some(CheckpointDigest(2QwK4KSkWtY8ZoNBCUVvmusDSKxs11p7JS8SPZoVwgFJ)), transactions count 2, content digest CheckpointContentsDigest(8ANLRdaw95sN8hBRc8Kiv9voyNPF5WzfeWuMFYmZc4Dh), end_of_epoch_data None
[2m2025-03-25T07:56:09.542086Z[0m [32m INFO[0m [1mnode[0m[1m{[0m[3mname[0m[2m=[0mk#8dcff6d1..[1m}[0m[2m:[0m [2msui_core::checkpoints::checkpoint_output[0m[2m:[0m [2mcrates/sui-core/src/checkpoints/checkpoint_output.rs[0m[2m:[0m[2m149:[0m Creating checkpoint CheckpointDigest(CjcWvat2ZXPYGErXSEvnqK9qz8hL67V7xAVDGD2LWySs) at epoch 1, sequence 474, previous digest Some(CheckpointDigest(2QwK4KSkWtY8ZoNBCUVvmusDSKxs11p7JS8SPZoVwgFJ)), transactions count 2, content digest CheckpointContentsDigest(8ANLRdaw95sN8hBRc8Kiv9voyNPF5WzfeWuMFYmZc4Dh), end_of_epoch_data None
[2m2025-03-25T07:56:09.545136Z[0m [32m INFO[0m [1mnode[0m[1m{[0m[3mname[0m[2m=[0mk#addeef94..[1m}[0m[2m:[0m [2msui_core::checkpoints[0m[2m:[0m [2mcrates/sui-core/src/checkpoints/mod.rs[0m[2m:[0m[2m1326:[0m Creating checkpoint(s) for 2 transactions [3mnext_checkpoint_seq[0m[2m=[0m474 [3mcheckpoint_timestamp[0m[2m=[0m1742889369000
[2m2025-03-25T07:56:09.545387Z[0m [32m INFO[0m [1mnode[0m[1m{[0m[3mname[0m[2m=[0mk#addeef94..[1m}[0m[2m:[0m [2msui_core::checkpoints::checkpoint_output[0m[2m:[0m [2mcrates/sui-core/src/checkpoints/checkpoint_output.rs[0m[2m:[0m[2m149:[0m Creating checkpoint CheckpointDigest(CjcWvat2ZXPYGErXSEvnqK9qz8hL67V7xAVDGD2LWySs) at epoch 1, sequence 474, previous digest Some(CheckpointDigest(2QwK4KSkWtY8ZoNBCUVvmusDSKxs11p7JS8SPZoVwgFJ)), transactions count 2, content digest CheckpointContentsDigest(8ANLRdaw95sN8hBRc8Kiv9voyNPF5WzfeWuMFYmZc4Dh), end_of_epoch_data None
[2m2025-03-25T07:56:09.546870Z[0m [32m INFO[0m [1mnode[0m[1m{[0m[3mname[0m[2m=[0mk#99f25ef6..[1m}[0m[2m:[0m [2msui_core::checkpoints::checkpoint_output[0m[2m:[0m [2mcrates/sui-core/src/checkpoints/checkpoint_output.rs[0m[2m:[0m[2m196:[0m Certified checkpoint with sequence 473 and digest 2QwK4KSkWtY8ZoNBCUVvmusDSKxs11p7JS8SPZoVwgFJ
[2m2025-03-25T07:56:09.546934Z[0m [32m INFO[0m [1mnode[0m[1m{[0m[3mname[0m[2m=[0mk#8dcff6d1..[1m}[0m[2m:[0m [2msui_core::checkpoints::checkpoint_output[0m[2m:[0m [2mcrates/sui-core/src/checkpoints/checkpoint_output.rs[0m[2m:[0m[2m196:[0m Certified checkpoint with sequence 473 and digest 2QwK4KSkWtY8ZoNBCUVvmusDSKxs11p7JS8SPZoVwgFJ
[2m2025-03-25T07:56:09.547295Z[0m [32m INFO[0m [1mnode[0m[1m{[0m[3mname[0m[2m=[0mk#99f25ef6..[1m}[0m[2m:[0m [2msui_core::checkpoints::checkpoint_executor[0m[2m:[0m [2mcrates/sui-core/src/checkpoints/checkpoint_executor/mod.rs[0m[2m:[0m[2m332:[0m Received checkpoint summary from state sync [3msequence_number[0m[2m=[0m473
[2m2025-03-25T07:56:09.547295Z[0m [32m INFO[0m [1mnode[0m[1m{[0m[3mname[0m[2m=[0mk#8dcff6d1..[1m}[0m[2m:[0m [2msui_core::checkpoints::checkpoint_executor[0m[2m:[0m [2mcrates/sui-core/src/checkpoints/checkpoint_executor/mod.rs[0m[2m:[0m[2m332:[0m Received checkpoint summary from state sync [3msequence_number[0m[2m=[0m473
[2m2025-03-25T07:56:09.548470Z[0m [32m INFO[0m [1mnode[0m[1m{[0m[3mname[0m[2m=[0mk#8dcff6d1..[1m}[0m[2m:[0m [2msui_core::state_accumulator[0m[2m:[0m [2mcrates/sui-core/src/state_accumulator.rs[0m[2m:[0m[2m675:[0m accumulating running root for checkpoint 473
[2m2025-03-25T07:56:09.548470Z[0m [32m INFO[0m [1mnode[0m[1m{[0m[3mname[0m[2m=[0mk#99f25ef6..[1m}[0m[2m:[0m [2msui_core::state_accumulator[0m[2m:[0m [2mcrates/sui-core/src/state_accumulator.rs[0m[2m:[0m[2m675:[0m accumulating running root for checkpoint 473
[2m2025-03-25T07:56:09.550690Z[0m [32m INFO[0m [1mnode[0m[1m{[0m[3mname[0m[2m=[0mk#addeef94..[1m}[0m[2m:[0m [2msui_core::checkpoints::checkpoint_executor[0m[2m:[0m [2mcrates/sui-core/src/checkpoints/checkpoint_executor/mod.rs[0m[2m:[0m[2m332:[0m Received checkpoint summary from state sync [3msequence_number[0m[2m=[0m473
[2m2025-03-25T07:56:09.551415Z[0m [32m INFO[0m [1mnode[0m[1m{[0m[3mname[0m[2m=[0mk#addeef94..[1m}[0m[2m:[0m [2msui_core::state_accumulator[0m[2m:[0m [2mcrates/sui-core/src/state_accumulator.rs[0m[2m:[0m[2m675:[0m accumulating running root for checkpoint 473
[2m2025-03-25T07:56:09.767970Z[0m [32m INFO[0m [1mnode[0m[1m{[0m[3mname[0m[2m=[0mk#8dcff6d1..[1m}[0m[2m:[0m [2mconsensus_core::core[0m[2m:[0m [2mconsensus/core/src/core.rs[0m[2m:[0m[2m945:[0m Included 3 ancestors & excluded 0 ancestors for proposal in round 274
[2m2025-03-25T07:56:09.768361Z[0m [32m INFO[0m [1mnode[0m[1m{[0m[3mname[0m[2m=[0mk#8dcff6d1..[1m}[0m[2m:[0m [2mconsensus_core::core[0m[2m:[0m [2mconsensus/core/src/core.rs[0m[2m:[0m[2m531:[0m Created block B274(A,IWDSLE9Zs0Ma18s4Z1HHLewj0Y2FGfRmp+KKrZ87JOg=)(1742889369768ms;[B273(A,/uCc1dVM3SnrRyaQDacJHFStmssHJB7THTGEtnsCGpE=), B273(B,/Z1PpqajBA4C1Rk16nVMisfVXu1zjDxJfMvjZNCOh5Y=), B273(C,3TOdIiL6+J/ol6YhiV54FA4a6d8ktqk254tnoj6jZRw=)];1t;1c) for round 274
[2m2025-03-25T07:56:09.768477Z[0m [32m INFO[0m [1mnode[0m[1m{[0m[3mname[0m[2m=[0mk#99f25ef6..[1m}[0m[2m:[0m [2mconsensus_core::core[0m[2m:[0m [2mconsensus/core/src/core.rs[0m[2m:[0m[2m945:[0m Included 3 ancestors & excluded 0 ancestors for proposal in round 274
[2m2025-03-25T07:56:09.768783Z[0m [32m INFO[0m [1mnode[0m[1m{[0m[3mname[0m[2m=[0mk#99f25ef6..[1m}[0m[2m:[0m [2mconsensus_core::core[0m[2m:[0m [2mconsensus/core/src/core.rs[0m[2m:[0m[2m531:[0m Created block B274(B,BkkrDPLpEp8wG25VREXBHX3VjNvwemZdcE8M5La7E/c=)(1742889369768ms;[B273(B,/Z1PpqajBA4C1Rk16nVMisfVXu1zjDxJfMvjZNCOh5Y=), B273(A,/uCc1dVM3SnrRyaQDacJHFStmssHJB7THTGEtnsCGpE=), B273(C,3TOdIiL6+J/ol6YhiV54FA4a6d8ktqk254tnoj6jZRw=)];1t;1c) for round 274
[2m2025-03-25T07:56:09.771541Z[0m [32m INFO[0m [1mnode[0m[1m{[0m[3mname[0m[2m=[0mk#addeef94..[1m}[0m[2m:[0m [2mconsensus_core::core[0m[2m:[0m [2mconsensus/core/src/core.rs[0m[2m:[0m[2m945:[0m Included 3 ancestors & excluded 0 ancestors for proposal in round 274
[2m2025-03-25T07:56:09.771839Z[0m [32m INFO[0m [1mnode[0m[1m{[0m[3mname[0m[2m=[0mk#addeef94..[1m}[0m[2m:[0m [2mconsensus_core::core[0m[2m:[0m [2mconsensus/core/src/core.rs[0m[2m:[0m[2m531:[0m Created block B274(C,H910PgXq1AekQUWOXF4p49DyxpW7C+TpT2oeY0W4F7w=)(1742889369771ms;[B273(C,3TOdIiL6+J/ol6YhiV54FA4a6d8ktqk254tnoj6jZRw=), B273(A,/uCc1dVM3SnrRyaQDacJHFStmssHJB7THTGEtnsCGpE=), B273(B,/Z1PpqajBA4C1Rk16nVMisfVXu1zjDxJfMvjZNCOh5Y=)];1t;1c) for round 274
[2m2025-03-25T07:56:09.771909Z[0m [32m INFO[0m [1mnode[0m[1m{[0m[3mname[0m[2m=[0mk#addeef94..[1m}[0m[2m:[0m [2mconsensus_core::core[0m[2m:[0m [2mconsensus/core/src/core.rs[0m[2m:[0m[2m630:[0m Committing 1 leaders: B272(B,ZGIK)
[2m2025-03-25T07:56:09.771979Z[0m [32m INFO[0m [1mnode[0m[1m{[0m[3mname[0m[2m=[0mk#addeef94..[1m}[0m[2m:[0m [2mconsensus_core::commit_observer[0m[2m:[0m [2mconsensus/core/src/commit_observer.rs[0m[2m:[0m[2m173:[0m Consensus commit C262(J1Aw) with leader B272(B,ZGIK) has 3 blocks
[2m2025-03-25T07:56:09.772224Z[0m [32m INFO[0m [1mnode[0m[1m{[0m[3mname[0m[2m=[0mk#addeef94..[1m}[0m[2m:[0m [2msui_core::consensus_handler[0m[2m:[0m [2mcrates/sui-core/src/consensus_handler.rs[0m[2m:[0m[2m232:[0m Received consensus output [3mconsensus_commit[0m[2m=[0mCommittedSubDag(leader=B272(B,ZGIK), ref=C262(J1Aw), blocks=[Yo61, xeFF, ZGIK]) [3mepoch[0m[2m=[0m1
[2m2025-03-25T07:56:09.775343Z[0m [32m INFO[0m [1mnode[0m[1m{[0m[3mname[0m[2m=[0mk#8dcff6d1..[1m}[0m[2m:[0m [2msui_core::checkpoints::checkpoint_output[0m[2m:[0m [2mcrates/sui-core/src/checkpoints/checkpoint_output.rs[0m[2m:[0m[2m196:[0m Certified checkpoint with sequence 474 and digest CjcWvat2ZXPYGErXSEvnqK9qz8hL67V7xAVDGD2LWySs
[2m2025-03-25T07:56:09.775357Z[0m [32m INFO[0m [1mnode[0m[1m{[0m[3mname[0m[2m=[0mk#99f25ef6..[1m}[0m[2m:[0m [2msui_core::checkpoints::checkpoint_output[0m[2m:[0m [2mcrates/sui-core/src/checkpoints/checkpoint_output.rs[0m[2m:[0m[2m196:[0m Certified checkpoint with sequence 474 and digest CjcWvat2ZXPYGErXSEvnqK9qz8hL67V7xAVDGD2LWySs
[2m2025-03-25T07:56:09.775455Z[0m [32m INFO[0m [1mnode[0m[1m{[0m[3mname[0m[2m=[0mk#8dcff6d1..[1m}[0m[2m:[0m [2mconsensus_core::core[0m[2m:[0m [2mconsensus/core/src/core.rs[0m[2m:[0m[2m630:[0m Committing 1 leaders: B272(B,ZGIK)
[2m2025-03-25T07:56:09.775457Z[0m [32m INFO[0m [1mnode[0m[1m{[0m[3mname[0m[2m=[0mk#99f25ef6..[1m}[0m[2m:[0m [2mconsensus_core::core[0m[2m:[0m [2mconsensus/core/src/core.rs[0m[2m:[0m[2m630:[0m Committing 1 leaders: B272(B,ZGIK)
[2m2025-03-25T07:56:09.775561Z[0m [32m INFO[0m [1mnode[0m[1m{[0m[3mname[0m[2m=[0mk#99f25ef6..[1m}[0m[2m:[0m [2mconsensus_core::commit_observer[0m[2m:[0m [2mconsensus/core/src/commit_observer.rs[0m[2m:[0m[2m173:[0m Consensus commit C262(J1Aw) with leader B272(B,ZGIK) has 3 blocks
[2m2025-03-25T07:56:09.775562Z[0m [32m INFO[0m [1mnode[0m[1m{[0m[3mname[0m[2m=[0mk#8dcff6d1..[1m}[0m[2m:[0m [2mconsensus_core::commit_observer[0m[2m:[0m [2mconsensus/core/src/commit_observer.rs[0m[2m:[0m[2m173:[0m Consensus commit C262(J1Aw) with leader B272(B,ZGIK) has 3 blocks
[2m2025-03-25T07:56:09.776025Z[0m [32m INFO[0m [1mnode[0m[1m{[0m[3mname[0m[2m=[0mk#8dcff6d1..[1m}[0m[2m:[0m [2msui_core::consensus_handler[0m[2m:[0m [2mcrates/sui-core/src/consensus_handler.rs[0m[2m:[0m[2m232:[0m Received consensus output [3mconsensus_commit[0m[2m=[0mCommittedSubDag(leader=B272(B,ZGIK), ref=C262(J1Aw), blocks=[Yo61, xeFF, ZGIK]) [3mepoch[0m[2m=[0m1
[2m2025-03-25T07:56:09.776031Z[0m [32m INFO[0m [1mnode[0m[1m{[0m[3mname[0m[2m=[0mk#99f25ef6..[1m}[0m[2m:[0m [2msui_core::consensus_handler[0m[2m:[0m [2mcrates/sui-core/src/consensus_handler.rs[0m[2m:[0m[2m232:[0m Received consensus output [3mconsensus_commit[0m[2m=[0mCommittedSubDag(leader=B272(B,ZGIK), ref=C262(J1Aw), blocks=[Yo61, xeFF, ZGIK]) [3mepoch[0m[2m=[0m1
[2m2025-03-25T07:56:09.776645Z[0m [32m INFO[0m [1mnode[0m[1m{[0m[3mname[0m[2m=[0mk#8dcff6d1..[1m}[0m[2m:[0m [2msui_core::checkpoints::checkpoint_executor[0m[2m:[0m [2mcrates/sui-core/src/checkpoints/checkpoint_executor/mod.rs[0m[2m:[0m[2m332:[0m Received checkpoint summary from state sync [3msequence_number[0m[2m=[0m474
[2m2025-03-25T07:56:09.776645Z[0m [32m INFO[0m [1mnode[0m[1m{[0m[3mname[0m[2m=[0mk#99f25ef6..[1m}[0m[2m:[0m [2msui_core::checkpoints::checkpoint_executor[0m[2m:[0m [2mcrates/sui-core/src/checkpoints/checkpoint_executor/mod.rs[0m[2m:[0m[2m332:[0m Received checkpoint summary from state sync [3msequence_number[0m[2m=[0m474
[2m2025-03-25T07:56:09.790226Z[0m [32m INFO[0m [1mnode[0m[1m{[0m[3mname[0m[2m=[0mk#8dcff6d1..[1m}[0m[2m:[0m [2msui_core::state_accumulator[0m[2m:[0m [2mcrates/sui-core/src/state_accumulator.rs[0m[2m:[0m[2m675:[0m accumulating running root for checkpoint 474
[2m2025-03-25T07:56:09.790225Z[0m [32m INFO[0m [1mnode[0m[1m{[0m[3mname[0m[2m=[0mk#99f25ef6..[1m}[0m[2m:[0m [2msui_core::state_accumulator[0m[2m:[0m [2mcrates/sui-core/src/state_accumulator.rs[0m[2m:[0m[2m675:[0m accumulating running root for checkpoint 474
[2m2025-03-25T07:56:09.816601Z[0m [32m INFO[0m [1mnode[0m[1m{[0m[3mname[0m[2m=[0mk#addeef94..[1m}[0m[2m:[0m [2msui_core::checkpoints[0m[2m:[0m [2mcrates/sui-core/src/checkpoints/mod.rs[0m[2m:[0m[2m1326:[0m Creating checkpoint(s) for 1 transactions [3mnext_checkpoint_seq[0m[2m=[0m475 [3mcheckpoint_timestamp[0m[2m=[0m1742889369256
[2m2025-03-25T07:56:09.816836Z[0m [32m INFO[0m [1mnode[0m[1m{[0m[3mname[0m[2m=[0mk#addeef94..[1m}[0m[2m:[0m [2msui_core::checkpoints::checkpoint_output[0m[2m:[0m [2mcrates/sui-core/src/checkpoints/checkpoint_output.rs[0m[2m:[0m[2m149:[0m Creating checkpoint CheckpointDigest(FpvUysnrqP43wHthqMWxhVhi4DwwvvsyJjnEcQziUho8) at epoch 1, sequence 475, previous digest Some(CheckpointDigest(CjcWvat2ZXPYGErXSEvnqK9qz8hL67V7xAVDGD2LWySs)), transactions count 1, content digest CheckpointContentsDigest(9PgSZ1ZTFLvK9AuJdWGXk6FvN4r8vGojNjkqyLsaBkPh), end_of_epoch_data None
[2m2025-03-25T07:56:09.821853Z[0m [32m INFO[0m [1mnode[0m[1m{[0m[3mname[0m[2m=[0mk#8dcff6d1..[1m}[0m[2m:[0m [2msui_core::checkpoints[0m[2m:[0m [2mcrates/sui-core/src/checkpoints/mod.rs[0m[2m:[0m[2m1326:[0m Creating checkpoint(s) for 1 transactions [3mnext_checkpoint_seq[0m[2m=[0m475 [3mcheckpoint_timestamp[0m[2m=[0m1742889369256
[2m2025-03-25T07:56:09.822037Z[0m [32m INFO[0m [1mnode[0m[1m{[0m[3mname[0m[2m=[0mk#8dcff6d1..[1m}[0m[2m:[0m [2msui_core::checkpoints::checkpoint_output[0m[2m:[0m [2mcrates/sui-core/src/checkpoints/checkpoint_output.rs[0m[2m:[0m[2m149:[0m Creating checkpoint CheckpointDigest(FpvUysnrqP43wHthqMWxhVhi4DwwvvsyJjnEcQziUho8) at epoch 1, sequence 475, previous digest Some(CheckpointDigest(CjcWvat2ZXPYGErXSEvnqK9qz8hL67V7xAVDGD2LWySs)), transactions count 1, content digest CheckpointContentsDigest(9PgSZ1ZTFLvK9AuJdWGXk6FvN4r8vGojNjkqyLsaBkPh), end_of_epoch_data None
[2m2025-03-25T07:56:09.822802Z[0m [32m INFO[0m [1mnode[0m[1m{[0m[3mname[0m[2m=[0mk#99f25ef6..[1m}[0m[2m:[0m [2msui_core::checkpoints[0m[2m:[0m [2mcrates/sui-core/src/checkpoints/mod.rs[0m[2m:[0m[2m1326:[0m Creating checkpoint(s) for 1 transactions [3mnext_checkpoint_seq[0m[2m=[0m475 [3mcheckpoint_timestamp[0m[2m=[0m1742889369256
[2m2025-03-25T07:56:09.822974Z[0m [32m INFO[0m [1mnode[0m[1m{[0m[3mname[0m[2m=[0mk#99f25ef6..[1m}[0m[2m:[0m [2msui_core::checkpoints::checkpoint_output[0m[2m:[0m [2mcrates/sui-core/src/checkpoints/checkpoint_output.rs[0m[2m:[0m[2m149:[0m Creating checkpoint CheckpointDigest(FpvUysnrqP43wHthqMWxhVhi4DwwvvsyJjnEcQziUho8) at epoch 1, sequence 475, previous digest Some(CheckpointDigest(CjcWvat2ZXPYGErXSEvnqK9qz8hL67V7xAVDGD2LWySs)), transactions count 1, content digest CheckpointContentsDigest(9PgSZ1ZTFLvK9AuJdWGXk6FvN4r8vGojNjkqyLsaBkPh), end_of_epoch_data None
[2m2025-03-25T07:56:09.883257Z[0m [32m INFO[0m [1mnode[0m[1m{[0m[3mname[0m[2m=[0mk#addeef94..[1m}[0m[2m:[0m [2msui_core::checkpoints::checkpoint_executor[0m[2m:[0m [2mcrates/sui-core/src/checkpoints/checkpoint_executor/mod.rs[0m[2m:[0m[2m332:[0m Received checkpoint summary from state sync [3msequence_number[0m[2m=[0m474
[2m2025-03-25T07:56:09.884702Z[0m [32m INFO[0m [1mnode[0m[1m{[0m[3mname[0m[2m=[0mk#addeef94..[1m}[0m[2m:[0m [2msui_core::state_accumulator[0m[2m:[0m [2mcrates/sui-core/src/state_accumulator.rs[0m[2m:[0m[2m675:[0m accumulating running root for checkpoint 474
[2m2025-03-25T07:56:10.025091Z[0m [32m INFO[0m [1mnode[0m[1m{[0m[3mname[0m[2m=[0mk#addeef94..[1m}[0m[2m:[0m [2mconsensus_core::core[0m[2m:[0m [2mconsensus/core/src/core.rs[0m[2m:[0m[2m945:[0m Included 3 ancestors & excluded 0 ancestors for proposal in round 275
[2m2025-03-25T07:56:10.025468Z[0m [32m INFO[0m [1mnode[0m[1m{[0m[3mname[0m[2m=[0mk#addeef94..[1m}[0m[2m:[0m [2mconsensus_core::core[0m[2m:[0m [2mconsensus/core/src/core.rs[0m[2m:[0m[2m531:[0m Created block B275(C,GylQvMIz5MeYxEkpirjB5pDs7dYEPJZ/Ox/MahCpjNg=)(1742889370025ms;[B274(C,H910PgXq1AekQUWOXF4p49DyxpW7C+TpT2oeY0W4F7w=), B274(A,IWDSLE9Zs0Ma18s4Z1HHLewj0Y2FGfRmp+KKrZ87JOg=), B274(B,BkkrDPLpEp8wG25VREXBHX3VjNvwemZdcE8M5La7E/c=)];1t;1c) for round 275
[2m2025-03-25T07:56:10.027401Z[0m [32m INFO[0m [1mnode[0m[1m{[0m[3mname[0m[2m=[0mk#8dcff6d1..[1m}[0m[2m:[0m [2mconsensus_core::core[0m[2m:[0m [2mconsensus/core/src/core.rs[0m[2m:[0m[2m945:[0m Included 3 ancestors & excluded 0 ancestors for proposal in round 275
[2m2025-03-25T07:56:10.027401Z[0m [32m INFO[0m [1mnode[0m[1m{[0m[3mname[0m[2m=[0mk#99f25ef6..[1m}[0m[2m:[0m [2mconsensus_core::core[0m[2m:[0m [2mconsensus/core/src/core.rs[0m[2m:[0m[2m945:[0m Included 3 ancestors & excluded 0 ancestors for proposal in round 275
[2m2025-03-25T07:56:10.027696Z[0m [32m INFO[0m [1mnode[0m[1m{[0m[3mname[0m[2m=[0mk#99f25ef6..[1m}[0m[2m:[0m [2mconsensus_core::core[0m[2m:[0m [2mconsensus/core/src/core.rs[0m[2m:[0m[2m531:[0m Created block B275(B,BJaCRw2xSouYJpzi5tkUwbiQNsRJvSUcJzm6Dg+1K8I=)(1742889370027ms;[B274(B,BkkrDPLpEp8wG25VREXBHX3VjNvwemZdcE8M5La7E/c=), B274(A,IWDSLE9Zs0Ma18s4Z1HHLewj0Y2FGfRmp+KKrZ87JOg=), B274(C,H910PgXq1AekQUWOXF4p49DyxpW7C+TpT2oeY0W4F7w=)];1t;1c) for round 275
[2m2025-03-25T07:56:10.027696Z[0m [32m INFO[0m [1mnode[0m[1m{[0m[3mname[0m[2m=[0mk#8dcff6d1..[1m}[0m[2m:[0m [2mconsensus_core::core[0m[2m:[0m [2mconsensus/core/src/core.rs[0m[2m:[0m[2m531:[0m Created block B275(A,vauAiukW+TP7a/ZpC7Lk1JSCoAX0s1x6CQrUB4k19PU=)(1742889370027ms;[B274(A,IWDSLE9Zs0Ma18s4Z1HHLewj0Y2FGfRmp+KKrZ87JOg=), B274(B,BkkrDPLpEp8wG25VREXBHX3VjNvwemZdcE8M5La7E/c=), B274(C,H910PgXq1AekQUWOXF4p49DyxpW7C+TpT2oeY0W4F7w=)];1t;1c) for round 275
[2m2025-03-25T07:56:10.027767Z[0m [32m INFO[0m [1mnode[0m[1m{[0m[3mname[0m[2m=[0mk#99f25ef6..[1m}[0m[2m:[0m [2mconsensus_core::core[0m[2m:[0m [2mconsensus/core/src/core.rs[0m[2m:[0m[2m630:[0m Committing 1 leaders: B273(B,/Z1P)
[2m2025-03-25T07:56:10.027767Z[0m [32m INFO[0m [1mnode[0m[1m{[0m[3mname[0m[2m=[0mk#8dcff6d1..[1m}[0m[2m:[0m [2mconsensus_core::core[0m[2m:[0m [2mconsensus/core/src/core.rs[0m[2m:[0m[2m630:[0m Committing 1 leaders: B273(B,/Z1P)
[2m2025-03-25T07:56:10.027839Z[0m [32m INFO[0m [1mnode[0m[1m{[0m[3mname[0m[2m=[0mk#8dcff6d1..[1m}[0m[2m:[0m [2mconsensus_core::commit_observer[0m[2m:[0m [2mconsensus/core/src/commit_observer.rs[0m[2m:[0m[2m173:[0m Consensus commit C263(rXGE) with leader B273(B,/Z1P) has 3 blocks
[2m2025-03-25T07:56:10.027839Z[0m [32m INFO[0m [1mnode[0m[1m{[0m[3mname[0m[2m=[0mk#99f25ef6..[1m}[0m[2m:[0m [2mconsensus_core::commit_observer[0m[2m:[0m [2mconsensus/core/src/commit_observer.rs[0m[2m:[0m[2m173:[0m Consensus commit C263(rXGE) with leader B273(B,/Z1P) has 3 blocks
[2m2025-03-25T07:56:10.027929Z[0m [32m INFO[0m [1mnode[0m[1m{[0m[3mname[0m[2m=[0mk#99f25ef6..[1m}[0m[2m:[0m [2msui_core::consensus_handler[0m[2m:[0m [2mcrates/sui-core/src/consensus_handler.rs[0m[2m:[0m[2m232:[0m Received consensus output [3mconsensus_commit[0m[2m=[0mCommittedSubDag(leader=B273(B,/Z1P), ref=C263(rXGE), blocks=[Tszi, pC3D, /Z1P]) [3mepoch[0m[2m=[0m1
[2m2025-03-25T07:56:10.027929Z[0m [32m INFO[0m [1mnode[0m[1m{[0m[3mname[0m[2m=[0mk#8dcff6d1..[1m}[0m[2m:[0m [2msui_core::consensus_handler[0m[2m:[0m [2mcrates/sui-core/src/consensus_handler.rs[0m[2m:[0m[2m232:[0m Received consensus output [3mconsensus_commit[0m[2m=[0mCommittedSubDag(leader=B273(B,/Z1P), ref=C263(rXGE), blocks=[Tszi, pC3D, /Z1P]) [3mepoch[0m[2m=[0m1
[2m2025-03-25T07:56:10.031562Z[0m [32m INFO[0m [1mnode[0m[1m{[0m[3mname[0m[2m=[0mk#addeef94..[1m}[0m[2m:[0m [2mconsensus_core::core[0m[2m:[0m [2mconsensus/core/src/core.rs[0m[2m:[0m[2m630:[0m Committing 1 leaders: B273(B,/Z1P)
[2m2025-03-25T07:56:10.031656Z[0m [32m INFO[0m [1mnode[0m[1m{[0m[3mname[0m[2m=[0mk#addeef94..[1m}[0m[2m:[0m [2mconsensus_core::commit_observer[0m[2m:[0m [2mconsensus/core/src/commit_observer.rs[0m[2m:[0m[2m173:[0m Consensus commit C263(rXGE) with leader B273(B,/Z1P) has 3 blocks
[2m2025-03-25T07:56:10.031785Z[0m [32m INFO[0m [1mnode[0m[1m{[0m[3mname[0m[2m=[0mk#addeef94..[1m}[0m[2m:[0m [2msui_core::consensus_handler[0m[2m:[0m [2mcrates/sui-core/src/consensus_handler.rs[0m[2m:[0m[2m232:[0m Received consensus output [3mconsensus_commit[0m[2m=[0mCommittedSubDag(leader=B273(B,/Z1P), ref=C263(rXGE), blocks=[Tszi, pC3D, /Z1P]) [3mepoch[0m[2m=[0m1
[2m2025-03-25T07:56:10.054453Z[0m [32m INFO[0m [1mnode[0m[1m{[0m[3mname[0m[2m=[0mk#99f25ef6..[1m}[0m[2m:[0m [2msui_core::checkpoints[0m[2m:[0m [2mcrates/sui-core/src/checkpoints/mod.rs[0m[2m:[0m[2m1326:[0m Creating checkpoint(s) for 2 transactions [3mnext_checkpoint_seq[0m[2m=[0m476 [3mcheckpoint_timestamp[0m[2m=[0m1742889369514
[2m2025-03-25T07:56:10.054452Z[0m [32m INFO[0m [1mnode[0m[1m{[0m[3mname[0m[2m=[0mk#8dcff6d1..[1m}[0m[2m:[0m [2msui_core::checkpoints[0m[2m:[0m [2mcrates/sui-core/src/checkpoints/mod.rs[0m[2m:[0m[2m1326:[0m Creating checkpoint(s) for 2 transactions [3mnext_checkpoint_seq[0m[2m=[0m476 [3mcheckpoint_timestamp[0m[2m=[0m1742889369514
[2m2025-03-25T07:56:10.054757Z[0m [32m INFO[0m [1mnode[0m[1m{[0m[3mname[0m[2m=[0mk#8dcff6d1..[1m}[0m[2m:[0m [2msui_core::checkpoints::checkpoint_output[0m[2m:[0m [2mcrates/sui-core/src/checkpoints/checkpoint_output.rs[0m[2m:[0m[2m149:[0m Creating checkpoint CheckpointDigest(EMGfmhhLaR2m8VCT9m9GwsiVjd5Tv4QZGCnFWX86j36u) at epoch 1, sequence 476, previous digest Some(CheckpointDigest(FpvUysnrqP43wHthqMWxhVhi4DwwvvsyJjnEcQziUho8)), transactions count 2, content digest CheckpointContentsDigest(ECn2bHhnJMjDk3pb6eUCRbopL1iQkEvwJfYCCJ6DY3Ba), end_of_epoch_data None
[2m2025-03-25T07:56:10.054757Z[0m [32m INFO[0m [1mnode[0m[1m{[0m[3mname[0m[2m=[0mk#99f25ef6..[1m}[0m[2m:[0m [2msui_core::checkpoints::checkpoint_output[0m[2m:[0m [2mcrates/sui-core/src/checkpoints/checkpoint_output.rs[0m[2m:[0m[2m149:[0m Creating checkpoint CheckpointDigest(EMGfmhhLaR2m8VCT9m9GwsiVjd5Tv4QZGCnFWX86j36u) at epoch 1, sequence 476, previous digest Some(CheckpointDigest(FpvUysnrqP43wHthqMWxhVhi4DwwvvsyJjnEcQziUho8)), transactions count 2, content digest CheckpointContentsDigest(ECn2bHhnJMjDk3pb6eUCRbopL1iQkEvwJfYCCJ6DY3Ba), end_of_epoch_data None
[2m2025-03-25T07:56:10.057758Z[0m [32m INFO[0m [1mnode[0m[1m{[0m[3mname[0m[2m=[0mk#addeef94..[1m}[0m[2m:[0m [2msui_core::checkpoints[0m[2m:[0m [2mcrates/sui-core/src/checkpoints/mod.rs[0m[2m:[0m[2m1326:[0m Creating checkpoint(s) for 2 transactions [3mnext_checkpoint_seq[0m[2m=[0m476 [3mcheckpoint_timestamp[0m[2m=[0m1742889369514
[2m2025-03-25T07:56:10.057782Z[0m [32m INFO[0m [1mnode[0m[1m{[0m[3mname[0m[2m=[0mk#99f25ef6..[1m}[0m[2m:[0m [2msui_core::checkpoints::checkpoint_output[0m[2m:[0m [2mcrates/sui-core/src/checkpoints/checkpoint_output.rs[0m[2m:[0m[2m196:[0m Certified checkpoint with sequence 475 and digest FpvUysnrqP43wHthqMWxhVhi4DwwvvsyJjnEcQziUho8
[2m2025-03-25T07:56:10.057837Z[0m [32m INFO[0m [1mnode[0m[1m{[0m[3mname[0m[2m=[0mk#8dcff6d1..[1m}[0m[2m:[0m [2msui_core::checkpoints::checkpoint_output[0m[2m:[0m [2mcrates/sui-core/src/checkpoints/checkpoint_output.rs[0m[2m:[0m[2m196:[0m Certified checkpoint with sequence 475 and digest FpvUysnrqP43wHthqMWxhVhi4DwwvvsyJjnEcQziUho8
[2m2025-03-25T07:56:10.058014Z[0m [32m INFO[0m [1mnode[0m[1m{[0m[3mname[0m[2m=[0mk#addeef94..[1m}[0m[2m:[0m [2msui_core::checkpoints::checkpoint_output[0m[2m:[0m [2mcrates/sui-core/src/checkpoints/checkpoint_output.rs[0m[2m:[0m[2m149:[0m Creating checkpoint CheckpointDigest(EMGfmhhLaR2m8VCT9m9GwsiVjd5Tv4QZGCnFWX86j36u) at epoch 1, sequence 476, previous digest Some(CheckpointDigest(FpvUysnrqP43wHthqMWxhVhi4DwwvvsyJjnEcQziUho8)), transactions count 2, content digest CheckpointContentsDigest(ECn2bHhnJMjDk3pb6eUCRbopL1iQkEvwJfYCCJ6DY3Ba), end_of_epoch_data None
[2m2025-03-25T07:56:10.058203Z[0m [32m INFO[0m [1mnode[0m[1m{[0m[3mname[0m[2m=[0mk#8dcff6d1..[1m}[0m[2m:[0m [2msui_core::checkpoints::checkpoint_executor[0m[2m:[0m [2mcrates/sui-core/src/checkpoints/checkpoint_executor/mod.rs[0m[2m:[0m[2m332:[0m Received checkpoint summary from state sync [3msequence_number[0m[2m=[0m475
[2m2025-03-25T07:56:10.058203Z[0m [32m INFO[0m [1mnode[0m[1m{[0m[3mname[0m[2m=[0mk#99f25ef6..[1m}[0m[2m:[0m [2msui_core::checkpoints::checkpoint_executor[0m[2m:[0m [2mcrates/sui-core/src/checkpoints/checkpoint_executor/mod.rs[0m[2m:[0m[2m332:[0m Received checkpoint summary from state sync [3msequence_number[0m[2m=[0m475
[2m2025-03-25T07:56:10.059366Z[0m [32m INFO[0m [1mnode[0m[1m{[0m[3mname[0m[2m=[0mk#8dcff6d1..[1m}[0m[2m:[0m [2msui_core::state_accumulator[0m[2m:[0m [2mcrates/sui-core/src/state_accumulator.rs[0m[2m:[0m[2m675:[0m accumulating running root for checkpoint 475
[2m2025-03-25T07:56:10.059366Z[0m [32m INFO[0m [1mnode[0m[1m{[0m[3mname[0m[2m=[0mk#99f25ef6..[1m}[0m[2m:[0m [2msui_core::state_accumulator[0m[2m:[0m [2mcrates/sui-core/src/state_accumulator.rs[0m[2m:[0m[2m675:[0m accumulating running root for checkpoint 475
[2m2025-03-25T07:56:10.061550Z[0m [32m INFO[0m [1mnode[0m[1m{[0m[3mname[0m[2m=[0mk#addeef94..[1m}[0m[2m:[0m [2msui_core::checkpoints::checkpoint_executor[0m[2m:[0m [2mcrates/sui-core/src/checkpoints/checkpoint_executor/mod.rs[0m[2m:[0m[2m332:[0m Received checkpoint summary from state sync [3msequence_number[0m[2m=[0m475
[2m2025-03-25T07:56:10.062273Z[0m [32m INFO[0m [1mnode[0m[1m{[0m[3mname[0m[2m=[0mk#addeef94..[1m}[0m[2m:[0m [2msui_core::state_accumulator[0m[2m:[0m [2mcrates/sui-core/src/state_accumulator.rs[0m[2m:[0m[2m675:[0m accumulating running root for checkpoint 475
[2m2025-03-25T07:56:10.279995Z[0m [32m INFO[0m [1mnode[0m[1m{[0m[3mname[0m[2m=[0mk#99f25ef6..[1m}[0m[2m:[0m [2mconsensus_core::core[0m[2m:[0m [2mconsensus/core/src/core.rs[0m[2m:[0m[2m945:[0m Included 3 ancestors & excluded 0 ancestors for proposal in round 276
[2m2025-03-25T07:56:10.280417Z[0m [32m INFO[0m [1mnode[0m[1m{[0m[3mname[0m[2m=[0mk#99f25ef6..[1m}[0m[2m:[0m [2mconsensus_core::core[0m[2m:[0m [2mconsensus/core/src/core.rs[0m[2m:[0m[2m531:[0m Created block B276(B,dyJUntAM/D/vQPHC8vCvKM62vDXrrrRJKV+GcoKtCeM=)(1742889370280ms;[B275(B,BJaCRw2xSouYJpzi5tkUwbiQNsRJvSUcJzm6Dg+1K8I=), B275(A,vauAiukW+TP7a/ZpC7Lk1JSCoAX0s1x6CQrUB4k19PU=), B275(C,GylQvMIz5MeYxEkpirjB5pDs7dYEPJZ/Ox/MahCpjNg=)];1t;1c) for round 276
[2m2025-03-25T07:56:10.280708Z[0m [32m INFO[0m [1mnode[0m[1m{[0m[3mname[0m[2m=[0mk#8dcff6d1..[1m}[0m[2m:[0m [2mconsensus_core::core[0m[2m:[0m [2mconsensus/core/src/core.rs[0m[2m:[0m[2m945:[0m Included 3 ancestors & excluded 0 ancestors for proposal in round 276
[2m2025-03-25T07:56:10.281033Z[0m [32m INFO[0m [1mnode[0m[1m{[0m[3mname[0m[2m=[0mk#8dcff6d1..[1m}[0m[2m:[0m [2mconsensus_core::core[0m[2m:[0m [2mconsensus/core/src/core.rs[0m[2m:[0m[2m531:[0m Created block B276(A,b+1PmY6Lh1ofMvkrTSPSq9ozQyieF/+jfSXZyDlbqls=)(1742889370280ms;[B275(A,vauAiukW+TP7a/ZpC7Lk1JSCoAX0s1x6CQrUB4k19PU=), B275(B,BJaCRw2xSouYJpzi5tkUwbiQNsRJvSUcJzm6Dg+1K8I=), B275(C,GylQvMIz5MeYxEkpirjB5pDs7dYEPJZ/Ox/MahCpjNg=)];1t;1c) for round 276
[2m2025-03-25T07:56:10.283968Z[0m [32m INFO[0m [1mnode[0m[1m{[0m[3mname[0m[2m=[0mk#addeef94..[1m}[0m[2m:[0m [2mconsensus_core::core[0m[2m:[0m [2mconsensus/core/src/core.rs[0m[2m:[0m[2m945:[0m Included 3 ancestors & excluded 0 ancestors for proposal in round 276
[2m2025-03-25T07:56:10.284289Z[0m [32m INFO[0m [1mnode[0m[1m{[0m[3mname[0m[2m=[0mk#addeef94..[1m}[0m[2m:[0m [2mconsensus_core::core[0m[2m:[0m [2mconsensus/core/src/core.rs[0m[2m:[0m[2m531:[0m Created block B276(C,mXQ5PIHl93helNCanPAijV2KqP8wlmtYjbXWqPu7oyU=)(1742889370284ms;[B275(C,GylQvMIz5MeYxEkpirjB5pDs7dYEPJZ/Ox/MahCpjNg=), B275(A,vauAiukW+TP7a/ZpC7Lk1JSCoAX0s1x6CQrUB4k19PU=), B275(B,BJaCRw2xSouYJpzi5tkUwbiQNsRJvSUcJzm6Dg+1K8I=)];1t;1c) for round 276
[2m2025-03-25T07:56:10.284361Z[0m [32m INFO[0m [1mnode[0m[1m{[0m[3mname[0m[2m=[0mk#addeef94..[1m}[0m[2m:[0m [2mconsensus_core::core[0m[2m:[0m [2mconsensus/core/src/core.rs[0m[2m:[0m[2m630:[0m Committing 1 leaders: B274(B,Bkkr)
[2m2025-03-25T07:56:10.284433Z[0m [32m INFO[0m [1mnode[0m[1m{[0m[3mname[0m[2m=[0mk#addeef94..[1m}[0m[2m:[0m [2mconsensus_core::commit_observer[0m[2m:[0m [2mconsensus/core/src/commit_observer.rs[0m[2m:[0m[2m173:[0m Consensus commit C264(FyGN) with leader B274(B,Bkkr) has 3 blocks
[2m2025-03-25T07:56:10.284519Z[0m [32m INFO[0m [1mnode[0m[1m{[0m[3mname[0m[2m=[0mk#addeef94..[1m}[0m[2m:[0m [2msui_core::consensus_handler[0m[2m:[0m [2mcrates/sui-core/src/consensus_handler.rs[0m[2m:[0m[2m232:[0m Received consensus output [3mconsensus_commit[0m[2m=[0mCommittedSubDag(leader=B274(B,Bkkr), ref=C264(FyGN), blocks=[/uCc, 3TOd, Bkkr]) [3mepoch[0m[2m=[0m1
[2m2025-03-25T07:56:10.287617Z[0m [32m INFO[0m [1mnode[0m[1m{[0m[3mname[0m[2m=[0mk#99f25ef6..[1m}[0m[2m:[0m [2msui_core::checkpoints::checkpoint_output[0m[2m:[0m [2mcrates/sui-core/src/checkpoints/checkpoint_output.rs[0m[2m:[0m[2m196:[0m Certified checkpoint with sequence 476 and digest EMGfmhhLaR2m8VCT9m9GwsiVjd5Tv4QZGCnFWX86j36u
[2m2025-03-25T07:56:10.287734Z[0m [32m INFO[0m [1mnode[0m[1m{[0m[3mname[0m[2m=[0mk#99f25ef6..[1m}[0m[2m:[0m [2mconsensus_core::core[0m[2m:[0m [2mconsensus/core/src/core.rs[0m[2m:[0m[2m630:[0m Committing 1 leaders: B274(B,Bkkr)
[2m2025-03-25T07:56:10.287840Z[0m [32m INFO[0m [1mnode[0m[1m{[0m[3mname[0m[2m=[0mk#99f25ef6..[1m}[0m[2m:[0m [2mconsensus_core::commit_observer[0m[2m:[0m [2mconsensus/core/src/commit_observer.rs[0m[2m:[0m[2m173:[0m Consensus commit C264(FyGN) with leader B274(B,Bkkr) has 3 blocks
[2m2025-03-25T07:56:10.287999Z[0m [32m INFO[0m [1mnode[0m[1m{[0m[3mname[0m[2m=[0mk#8dcff6d1..[1m}[0m[2m:[0m [2msui_core::checkpoints::checkpoint_output[0m[2m:[0m [2mcrates/sui-core/src/checkpoints/checkpoint_output.rs[0m[2m:[0m[2m196:[0m Certified checkpoint with sequence 476 and digest EMGfmhhLaR2m8VCT9m9GwsiVjd5Tv4QZGCnFWX86j36u
[2m2025-03-25T07:56:10.288096Z[0m [32m INFO[0m [1mnode[0m[1m{[0m[3mname[0m[2m=[0mk#8dcff6d1..[1m}[0m[2m:[0m [2mconsensus_core::core[0m[2m:[0m [2mconsensus/core/src/core.rs[0m[2m:[0m[2m630:[0m Committing 1 leaders: B274(B,Bkkr)
[2m2025-03-25T07:56:10.288190Z[0m [32m INFO[0m [1mnode[0m[1m{[0m[3mname[0m[2m=[0mk#8dcff6d1..[1m}[0m[2m:[0m [2mconsensus_core::commit_observer[0m[2m:[0m [2mconsensus/core/src/commit_observer.rs[0m[2m:[0m[2m173:[0m Consensus commit C264(FyGN) with leader B274(B,Bkkr) has 3 blocks
[2m2025-03-25T07:56:10.288315Z[0m [32m INFO[0m [1mnode[0m[1m{[0m[3mname[0m[2m=[0mk#99f25ef6..[1m}[0m[2m:[0m [2msui_core::consensus_handler[0m[2m:[0m [2mcrates/sui-core/src/consensus_handler.rs[0m[2m:[0m[2m232:[0m Received consensus output [3mconsensus_commit[0m[2m=[0mCommittedSubDag(leader=B274(B,Bkkr), ref=C264(FyGN), blocks=[/uCc, 3TOd, Bkkr]) [3mepoch[0m[2m=[0m1
[2m2025-03-25T07:56:10.288582Z[0m [32m INFO[0m [1mnode[0m[1m{[0m[3mname[0m[2m=[0mk#8dcff6d1..[1m}[0m[2m:[0m [2msui_core::consensus_handler[0m[2m:[0m [2mcrates/sui-core/src/consensus_handler.rs[0m[2m:[0m[2m232:[0m Received consensus output [3mconsensus_commit[0m[2m=[0mCommittedSubDag(leader=B274(B,Bkkr), ref=C264(FyGN), blocks=[/uCc, 3TOd, Bkkr]) [3mepoch[0m[2m=[0m1
[2m2025-03-25T07:56:10.288944Z[0m [32m INFO[0m [1mnode[0m[1m{[0m[3mname[0m[2m=[0mk#99f25ef6..[1m}[0m[2m:[0m [2msui_core::checkpoints::checkpoint_executor[0m[2m:[0m [2mcrates/sui-core/src/checkpoints/checkpoint_executor/mod.rs[0m[2m:[0m[2m332:[0m Received checkpoint summary from state sync [3msequence_number[0m[2m=[0m476
[2m2025-03-25T07:56:10.289136Z[0m [32m INFO[0m [1mnode[0m[1m{[0m[3mname[0m[2m=[0mk#8dcff6d1..[1m}[0m[2m:[0m [2msui_core::checkpoints::checkpoint_executor[0m[2m:[0m [2mcrates/sui-core/src/checkpoints/checkpoint_executor/mod.rs[0m[2m:[0m[2m332:[0m Received checkpoint summary from state sync [3msequence_number[0m[2m=[0m476
[2m2025-03-25T07:56:10.302479Z[0m [32m INFO[0m [1mnode[0m[1m{[0m[3mname[0m[2m=[0mk#8dcff6d1..[1m}[0m[2m:[0m [2msui_core::state_accumulator[0m[2m:[0m [2mcrates/sui-core/src/state_accumulator.rs[0m[2m:[0m[2m675:[0m accumulating running root for checkpoint 476
[2m2025-03-25T07:56:10.302479Z[0m [32m INFO[0m [1mnode[0m[1m{[0m[3mname[0m[2m=[0mk#99f25ef6..[1m}[0m[2m:[0m [2msui_core::state_accumulator[0m[2m:[0m [2mcrates/sui-core/src/state_accumulator.rs[0m[2m:[0m[2m675:[0m accumulating running root for checkpoint 476
[2m2025-03-25T07:56:10.328239Z[0m [32m INFO[0m [1mnode[0m[1m{[0m[3mname[0m[2m=[0mk#addeef94..[1m}[0m[2m:[0m [2msui_core::checkpoints[0m[2m:[0m [2mcrates/sui-core/src/checkpoints/mod.rs[0m[2m:[0m[2m1326:[0m Creating checkpoint(s) for 1 transactions [3mnext_checkpoint_seq[0m[2m=[0m477 [3mcheckpoint_timestamp[0m[2m=[0m1742889369768
[2m2025-03-25T07:56:10.328464Z[0m [32m INFO[0m [1mnode[0m[1m{[0m[3mname[0m[2m=[0mk#addeef94..[1m}[0m[2m:[0m [2msui_core::checkpoints::checkpoint_output[0m[2m:[0m [2mcrates/sui-core/src/checkpoints/checkpoint_output.rs[0m[2m:[0m[2m149:[0m Creating checkpoint CheckpointDigest(HQ8vSghT5sLUDQ9rq7LabV2BcKpTZQJp1ufgEZGSmo1E) at epoch 1, sequence 477, previous digest Some(CheckpointDigest(EMGfmhhLaR2m8VCT9m9GwsiVjd5Tv4QZGCnFWX86j36u)), transactions count 1, content digest CheckpointContentsDigest(AdqUnA2cns8cJ3JYHVWzJDM167VQX8A5YsCB91He1yeT), end_of_epoch_data None
[2m2025-03-25T07:56:10.333252Z[0m [32m INFO[0m [1mnode[0m[1m{[0m[3mname[0m[2m=[0mk#8dcff6d1..[1m}[0m[2m:[0m [2msui_core::checkpoints[0m[2m:[0m [2mcrates/sui-core/src/checkpoints/mod.rs[0m[2m:[0m[2m1326:[0m Creating checkpoint(s) for 1 transactions [3mnext_checkpoint_seq[0m[2m=[0m477 [3mcheckpoint_timestamp[0m[2m=[0m1742889369768
[2m2025-03-25T07:56:10.333318Z[0m [32m INFO[0m [1mnode[0m[1m{[0m[3mname[0m[2m=[0mk#99f25ef6..[1m}[0m[2m:[0m [2msui_core::checkpoints[0m[2m:[0m [2mcrates/sui-core/src/checkpoints/mod.rs[0m[2m:[0m[2m1326:[0m Creating checkpoint(s) for 1 transactions [3mnext_checkpoint_seq[0m[2m=[0m477 [3mcheckpoint_timestamp[0m[2m=[0m1742889369768
[2m2025-03-25T07:56:10.333432Z[0m [32m INFO[0m [1mnode[0m[1m{[0m[3mname[0m[2m=[0mk#8dcff6d1..[1m}[0m[2m:[0m [2msui_core::checkpoints::checkpoint_output[0m[2m:[0m [2mcrates/sui-core/src/checkpoints/checkpoint_output.rs[0m[2m:[0m[2m149:[0m Creating checkpoint CheckpointDigest(HQ8vSghT5sLUDQ9rq7LabV2BcKpTZQJp1ufgEZGSmo1E) at epoch 1, sequence 477, previous digest Some(CheckpointDigest(EMGfmhhLaR2m8VCT9m9GwsiVjd5Tv4QZGCnFWX86j36u)), transactions count 1, content digest CheckpointContentsDigest(AdqUnA2cns8cJ3JYHVWzJDM167VQX8A5YsCB91He1yeT), end_of_epoch_data None
[2m2025-03-25T07:56:10.333488Z[0m [32m INFO[0m [1mnode[0m[1m{[0m[3mname[0m[2m=[0mk#99f25ef6..[1m}[0m[2m:[0m [2msui_core::checkpoints::checkpoint_output[0m[2m:[0m [2mcrates/sui-core/src/checkpoints/checkpoint_output.rs[0m[2m:[0m[2m149:[0m Creating checkpoint CheckpointDigest(HQ8vSghT5sLUDQ9rq7LabV2BcKpTZQJp1ufgEZGSmo1E) at epoch 1, sequence 477, previous digest Some(CheckpointDigest(EMGfmhhLaR2m8VCT9m9GwsiVjd5Tv4QZGCnFWX86j36u)), transactions count 1, content digest CheckpointContentsDigest(AdqUnA2cns8cJ3JYHVWzJDM167VQX8A5YsCB91He1yeT), end_of_epoch_data None
[2m2025-03-25T07:56:10.394975Z[0m [32m INFO[0m [1mnode[0m[1m{[0m[3mname[0m[2m=[0mk#addeef94..[1m}[0m[2m:[0m [2msui_core::checkpoints::checkpoint_executor[0m[2m:[0m [2mcrates/sui-core/src/checkpoints/checkpoint_executor/mod.rs[0m[2m:[0m[2m332:[0m Received checkpoint summary from state sync [3msequence_number[0m[2m=[0m476
[2m2025-03-25T07:56:10.396459Z[0m [32m INFO[0m [1mnode[0m[1m{[0m[3mname[0m[2m=[0mk#addeef94..[1m}[0m[2m:[0m [2msui_core::state_accumulator[0m[2m:[0m [2mcrates/sui-core/src/state_accumulator.rs[0m[2m:[0m[2m675:[0m accumulating running root for checkpoint 476
[2m2025-03-25T07:56:10.537084Z[0m [32m INFO[0m [1mnode[0m[1m{[0m[3mname[0m[2m=[0mk#addeef94..[1m}[0m[2m:[0m [2mconsensus_core::core[0m[2m:[0m [2mconsensus/core/src/core.rs[0m[2m:[0m[2m945:[0m Included 3 ancestors & excluded 0 ancestors for proposal in round 277
[2m2025-03-25T07:56:10.537468Z[0m [32m INFO[0m [1mnode[0m[1m{[0m[3mname[0m[2m=[0mk#addeef94..[1m}[0m[2m:[0m [2mconsensus_core::core[0m[2m:[0m [2mconsensus/core/src/core.rs[0m[2m:[0m[2m531:[0m Created block B277(C,voSMrS1JVIbHYyeWIQQvMPCGVsLcVY5iewpjV0uznvI=)(1742889370537ms;[B276(C,mXQ5PIHl93helNCanPAijV2KqP8wlmtYjbXWqPu7oyU=), B276(A,b+1PmY6Lh1ofMvkrTSPSq9ozQyieF/+jfSXZyDlbqls=), B276(B,dyJUntAM/D/vQPHC8vCvKM62vDXrrrRJKV+GcoKtCeM=)];1t;1c) for round 277
[2m2025-03-25T07:56:10.539401Z[0m [32m INFO[0m [1mnode[0m[1m{[0m[3mname[0m[2m=[0mk#99f25ef6..[1m}[0m[2m:[0m [2mconsensus_core::core[0m[2m:[0m [2mconsensus/core/src/core.rs[0m[2m:[0m[2m945:[0m Included 3 ancestors & excluded 0 ancestors for proposal in round 277
[2m2025-03-25T07:56:10.539401Z[0m [32m INFO[0m [1mnode[0m[1m{[0m[3mname[0m[2m=[0mk#8dcff6d1..[1m}[0m[2m:[0m [2mconsensus_core::core[0m[2m:[0m [2mconsensus/core/src/core.rs[0m[2m:[0m[2m945:[0m Included 3 ancestors & excluded 0 ancestors for proposal in round 277
[2m2025-03-25T07:56:10.539695Z[0m [32m INFO[0m [1mnode[0m[1m{[0m[3mname[0m[2m=[0mk#8dcff6d1..[1m}[0m[2m:[0m [2mconsensus_core::core[0m[2m:[0m [2mconsensus/core/src/core.rs[0m[2m:[0m[2m531:[0m Created block B277(A,XrWCu9KhzEqvyjWCeDWnTTXspCX5GHuYnj0KMMTRg4Q=)(1742889370539ms;[B276(A,b+1PmY6Lh1ofMvkrTSPSq9ozQyieF/+jfSXZyDlbqls=), B276(B,dyJUntAM/D/vQPHC8vCvKM62vDXrrrRJKV+GcoKtCeM=), B276(C,mXQ5PIHl93helNCanPAijV2KqP8wlmtYjbXWqPu7oyU=)];1t;1c) for round 277
[2m2025-03-25T07:56:10.539697Z[0m [32m INFO[0m [1mnode[0m[1m{[0m[3mname[0m[2m=[0mk#99f25ef6..[1m}[0m[2m:[0m [2mconsensus_core::core[0m[2m:[0m [2mconsensus/core/src/core.rs[0m[2m:[0m[2m531:[0m Created block B277(B,2oPzU7diJG785wy+u7sLUE8XI5g1FzawmwgPiM/ayWc=)(1742889370539ms;[B276(B,dyJUntAM/D/vQPHC8vCvKM62vDXrrrRJKV+GcoKtCeM=), B276(A,b+1PmY6Lh1ofMvkrTSPSq9ozQyieF/+jfSXZyDlbqls=), B276(C,mXQ5PIHl93helNCanPAijV2KqP8wlmtYjbXWqPu7oyU=)];1t;1c) for round 277
[2m2025-03-25T07:56:10.539766Z[0m [32m INFO[0m [1mnode[0m[1m{[0m[3mname[0m[2m=[0mk#8dcff6d1..[1m}[0m[2m:[0m [2mconsensus_core::core[0m[2m:[0m [2mconsensus/core/src/core.rs[0m[2m:[0m[2m630:[0m Committing 1 leaders: B275(A,vauA)
[2m2025-03-25T07:56:10.539766Z[0m [32m INFO[0m [1mnode[0m[1m{[0m[3mname[0m[2m=[0mk#99f25ef6..[1m}[0m[2m:[0m [2mconsensus_core::core[0m[2m:[0m [2mconsensus/core/src/core.rs[0m[2m:[0m[2m630:[0m Committing 1 leaders: B275(A,vauA)
[2m2025-03-25T07:56:10.539846Z[0m [32m INFO[0m [1mnode[0m[1m{[0m[3mname[0m[2m=[0mk#8dcff6d1..[1m}[0m[2m:[0m [2mconsensus_core::commit_observer[0m[2m:[0m [2mconsensus/core/src/commit_observer.rs[0m[2m:[0m[2m173:[0m Consensus commit C265(d0ZY) with leader B275(A,vauA) has 3 blocks
[2m2025-03-25T07:56:10.539846Z[0m [32m INFO[0m [1mnode[0m[1m{[0m[3mname[0m[2m=[0mk#99f25ef6..[1m}[0m[2m:[0m [2mconsensus_core::commit_observer[0m[2m:[0m [2mconsensus/core/src/commit_observer.rs[0m[2m:[0m[2m173:[0m Consensus commit C265(d0ZY) with leader B275(A,vauA) has 3 blocks
[2m2025-03-25T07:56:10.539932Z[0m [32m INFO[0m [1mnode[0m[1m{[0m[3mname[0m[2m=[0mk#99f25ef6..[1m}[0m[2m:[0m [2msui_core::consensus_handler[0m[2m:[0m [2mcrates/sui-core/src/consensus_handler.rs[0m[2m:[0m[2m232:[0m Received consensus output [3mconsensus_commit[0m[2m=[0mCommittedSubDag(leader=B275(A,vauA), ref=C265(d0ZY), blocks=[IWDS, H910, vauA]) [3mepoch[0m[2m=[0m1
[2m2025-03-25T07:56:10.539932Z[0m [32m INFO[0m [1mnode[0m[1m{[0m[3mname[0m[2m=[0mk#8dcff6d1..[1m}[0m[2m:[0m [2msui_core::consensus_handler[0m[2m:[0m [2mcrates/sui-core/src/consensus_handler.rs[0m[2m:[0m[2m232:[0m Received consensus output [3mconsensus_commit[0m[2m=[0mCommittedSubDag(leader=B275(A,vauA), ref=C265(d0ZY), blocks=[IWDS, H910, vauA]) [3mepoch[0m[2m=[0m1
[2m2025-03-25T07:56:10.543605Z[0m [32m INFO[0m [1mnode[0m[1m{[0m[3mname[0m[2m=[0mk#addeef94..[1m}[0m[2m:[0m [2mconsensus_core::core[0m[2m:[0m [2mconsensus/core/src/core.rs[0m[2m:[0m[2m630:[0m Committing 1 leaders: B275(A,vauA)
[2m2025-03-25T07:56:10.543702Z[0m [32m INFO[0m [1mnode[0m[1m{[0m[3mname[0m[2m=[0mk#addeef94..[1m}[0m[2m:[0m [2mconsensus_core::commit_observer[0m[2m:[0m [2mconsensus/core/src/commit_observer.rs[0m[2m:[0m[2m173:[0m Consensus commit C265(d0ZY) with leader B275(A,vauA) has 3 blocks
[2m2025-03-25T07:56:10.543833Z[0m [32m INFO[0m [1mnode[0m[1m{[0m[3mname[0m[2m=[0mk#addeef94..[1m}[0m[2m:[0m [2msui_core::consensus_handler[0m[2m:[0m [2mcrates/sui-core/src/consensus_handler.rs[0m[2m:[0m[2m232:[0m Received consensus output [3mconsensus_commit[0m[2m=[0mCommittedSubDag(leader=B275(A,vauA), ref=C265(d0ZY), blocks=[IWDS, H910, vauA]) [3mepoch[0m[2m=[0m1
[2m2025-03-25T07:56:10.566699Z[0m [32m INFO[0m [1mnode[0m[1m{[0m[3mname[0m[2m=[0mk#99f25ef6..[1m}[0m[2m:[0m [2msui_core::checkpoints[0m[2m:[0m [2mcrates/sui-core/src/checkpoints/mod.rs[0m[2m:[0m[2m1326:[0m Creating checkpoint(s) for 2 transactions [3mnext_checkpoint_seq[0m[2m=[0m478 [3mcheckpoint_timestamp[0m[2m=[0m1742889370027
[2m2025-03-25T07:56:10.566697Z[0m [32m INFO[0m [1mnode[0m[1m{[0m[3mname[0m[2m=[0mk#8dcff6d1..[1m}[0m[2m:[0m [2msui_core::checkpoints[0m[2m:[0m [2mcrates/sui-core/src/checkpoints/mod.rs[0m[2m:[0m[2m1326:[0m Creating checkpoint(s) for 2 transactions [3mnext_checkpoint_seq[0m[2m=[0m478 [3mcheckpoint_timestamp[0m[2m=[0m1742889370027
[2m2025-03-25T07:56:10.567018Z[0m [32m INFO[0m [1mnode[0m[1m{[0m[3mname[0m[2m=[0mk#8dcff6d1..[1m}[0m[2m:[0m [2msui_core::checkpoints::checkpoint_output[0m[2m:[0m [2mcrates/sui-core/src/checkpoints/checkpoint_output.rs[0m[2m:[0m[2m149:[0m Creating checkpoint CheckpointDigest(4XiMakrUXoQC4yMTFTUrVcmLxs6EtwjhCbRr39DMyvbx) at epoch 1, sequence 478, previous digest Some(CheckpointDigest(HQ8vSghT5sLUDQ9rq7LabV2BcKpTZQJp1ufgEZGSmo1E)), transactions count 2, content digest CheckpointContentsDigest(4HLpJ3TygazcXpNrdo2ZePupfFvoXKASJCBWBiymB1f5), end_of_epoch_data None
[2m2025-03-25T07:56:10.567018Z[0m [32m INFO[0m [1mnode[0m[1m{[0m[3mname[0m[2m=[0mk#99f25ef6..[1m}[0m[2m:[0m [2msui_core::checkpoints::checkpoint_output[0m[2m:[0m [2mcrates/sui-core/src/checkpoints/checkpoint_output.rs[0m[2m:[0m[2m149:[0m Creating checkpoint CheckpointDigest(4XiMakrUXoQC4yMTFTUrVcmLxs6EtwjhCbRr39DMyvbx) at epoch 1, sequence 478, previous digest Some(CheckpointDigest(HQ8vSghT5sLUDQ9rq7LabV2BcKpTZQJp1ufgEZGSmo1E)), transactions count 2, content digest CheckpointContentsDigest(4HLpJ3TygazcXpNrdo2ZePupfFvoXKASJCBWBiymB1f5), end_of_epoch_data None
[2m2025-03-25T07:56:10.569721Z[0m [32m INFO[0m [1mnode[0m[1m{[0m[3mname[0m[2m=[0mk#addeef94..[1m}[0m[2m:[0m [2msui_core::checkpoints[0m[2m:[0m [2mcrates/sui-core/src/checkpoints/mod.rs[0m[2m:[0m[2m1326:[0m Creating checkpoint(s) for 2 transactions [3mnext_checkpoint_seq[0m[2m=[0m478 [3mcheckpoint_timestamp[0m[2m=[0m1742889370027
[2m2025-03-25T07:56:10.569969Z[0m [32m INFO[0m [1mnode[0m[1m{[0m[3mname[0m[2m=[0mk#addeef94..[1m}[0m[2m:[0m [2msui_core::checkpoints::checkpoint_output[0m[2m:[0m [2mcrates/sui-core/src/checkpoints/checkpoint_output.rs[0m[2m:[0m[2m149:[0m Creating checkpoint CheckpointDigest(4XiMakrUXoQC4yMTFTUrVcmLxs6EtwjhCbRr39DMyvbx) at epoch 1, sequence 478, previous digest Some(CheckpointDigest(HQ8vSghT5sLUDQ9rq7LabV2BcKpTZQJp1ufgEZGSmo1E)), transactions count 2, content digest CheckpointContentsDigest(4HLpJ3TygazcXpNrdo2ZePupfFvoXKASJCBWBiymB1f5), end_of_epoch_data None
[2m2025-03-25T07:56:10.570148Z[0m [32m INFO[0m [1mnode[0m[1m{[0m[3mname[0m[2m=[0mk#99f25ef6..[1m}[0m[2m:[0m [2msui_core::checkpoints::checkpoint_output[0m[2m:[0m [2mcrates/sui-core/src/checkpoints/checkpoint_output.rs[0m[2m:[0m[2m196:[0m Certified checkpoint with sequence 477 and digest HQ8vSghT5sLUDQ9rq7LabV2BcKpTZQJp1ufgEZGSmo1E
[2m2025-03-25T07:56:10.570235Z[0m [32m INFO[0m [1mnode[0m[1m{[0m[3mname[0m[2m=[0mk#8dcff6d1..[1m}[0m[2m:[0m [2msui_core::checkpoints::checkpoint_output[0m[2m:[0m [2mcrates/sui-core/src/checkpoints/checkpoint_output.rs[0m[2m:[0m[2m196:[0m Certified checkpoint with sequence 477 and digest HQ8vSghT5sLUDQ9rq7LabV2BcKpTZQJp1ufgEZGSmo1E
[2m2025-03-25T07:56:10.570592Z[0m [32m INFO[0m [1mnode[0m[1m{[0m[3mname[0m[2m=[0mk#99f25ef6..[1m}[0m[2m:[0m [2msui_core::checkpoints::checkpoint_executor[0m[2m:[0m [2mcrates/sui-core/src/checkpoints/checkpoint_executor/mod.rs[0m[2m:[0m[2m332:[0m Received checkpoint summary from state sync [3msequence_number[0m[2m=[0m477
[2m2025-03-25T07:56:10.570605Z[0m [32m INFO[0m [1mnode[0m[1m{[0m[3mname[0m[2m=[0mk#8dcff6d1..[1m}[0m[2m:[0m [2msui_core::checkpoints::checkpoint_executor[0m[2m:[0m [2mcrates/sui-core/src/checkpoints/checkpoint_executor/mod.rs[0m[2m:[0m[2m332:[0m Received checkpoint summary from state sync [3msequence_number[0m[2m=[0m477
[2m2025-03-25T07:56:10.571779Z[0m [32m INFO[0m [1mnode[0m[1m{[0m[3mname[0m[2m=[0mk#99f25ef6..[1m}[0m[2m:[0m [2msui_core::state_accumulator[0m[2m:[0m [2mcrates/sui-core/src/state_accumulator.rs[0m[2m:[0m[2m675:[0m accumulating running root for checkpoint 477
[2m2025-03-25T07:56:10.571781Z[0m [32m INFO[0m [1mnode[0m[1m{[0m[3mname[0m[2m=[0mk#8dcff6d1..[1m}[0m[2m:[0m [2msui_core::state_accumulator[0m[2m:[0m [2mcrates/sui-core/src/state_accumulator.rs[0m[2m:[0m[2m675:[0m accumulating running root for checkpoint 477
[2m2025-03-25T07:56:10.573687Z[0m [32m INFO[0m [1mnode[0m[1m{[0m[3mname[0m[2m=[0mk#addeef94..[1m}[0m[2m:[0m [2msui_core::checkpoints::checkpoint_executor[0m[2m:[0m [2mcrates/sui-core/src/checkpoints/checkpoint_executor/mod.rs[0m[2m:[0m[2m332:[0m Received checkpoint summary from state sync [3msequence_number[0m[2m=[0m477
[2m2025-03-25T07:56:10.574389Z[0m [32m INFO[0m [1mnode[0m[1m{[0m[3mname[0m[2m=[0mk#addeef94..[1m}[0m[2m:[0m [2msui_core::state_accumulator[0m[2m:[0m [2mcrates/sui-core/src/state_accumulator.rs[0m[2m:[0m[2m675:[0m accumulating running root for checkpoint 477
[2m2025-03-25T07:56:10.714814Z[0m [32m INFO[0m [1mnode[0m[1m{[0m[3mname[0m[2m=[0mk#b3f3cbb4..[1m}[0m[2m:[0m [2msui_core::state_accumulator[0m[2m:[0m [2mcrates/sui-core/src/state_accumulator.rs[0m[2m:[0m[2m675:[0m accumulating running root for checkpoint 456
[2m2025-03-25T07:56:10.792481Z[0m [32m INFO[0m [1mnode[0m[1m{[0m[3mname[0m[2m=[0mk#8dcff6d1..[1m}[0m[2m:[0m [2mconsensus_core::core[0m[2m:[0m [2mconsensus/core/src/core.rs[0m[2m:[0m[2m945:[0m Included 3 ancestors & excluded 0 ancestors for proposal in round 278
[2m2025-03-25T07:56:10.792773Z[0m [32m INFO[0m [1mnode[0m[1m{[0m[3mname[0m[2m=[0mk#99f25ef6..[1m}[0m[2m:[0m [2mconsensus_core::core[0m[2m:[0m [2mconsensus/core/src/core.rs[0m[2m:[0m[2m945:[0m Included 3 ancestors & excluded 0 ancestors for proposal in round 278
[2m2025-03-25T07:56:10.792860Z[0m [32m INFO[0m [1mnode[0m[1m{[0m[3mname[0m[2m=[0mk#8dcff6d1..[1m}[0m[2m:[0m [2mconsensus_core::core[0m[2m:[0m [2mconsensus/core/src/core.rs[0m[2m:[0m[2m531:[0m Created block B278(A,8obDjIJ669bBbZoOOwn3KmQJbBqoqMtBWgKdK213Sks=)(1742889370792ms;[B277(A,XrWCu9KhzEqvyjWCeDWnTTXspCX5GHuYnj0KMMTRg4Q=), B277(B,2oPzU7diJG785wy+u7sLUE8XI5g1FzawmwgPiM/ayWc=), B277(C,voSMrS1JVIbHYyeWIQQvMPCGVsLcVY5iewpjV0uznvI=)];1t;1c) for round 278
[2m2025-03-25T07:56:10.793066Z[0m [32m INFO[0m [1mnode[0m[1m{[0m[3mname[0m[2m=[0mk#99f25ef6..[1m}[0m[2m:[0m [2mconsensus_core::core[0m[2m:[0m [2mconsensus/core/src/core.rs[0m[2m:[0m[2m531:[0m Created block B278(B,FtljnjKaDejkgD8OZher4fhF4pwY3/Tprf/LKTvorXE=)(1742889370792ms;[B277(B,2oPzU7diJG785wy+u7sLUE8XI5g1FzawmwgPiM/ayWc=), B277(A,XrWCu9KhzEqvyjWCeDWnTTXspCX5GHuYnj0KMMTRg4Q=), B277(C,voSMrS1JVIbHYyeWIQQvMPCGVsLcVY5iewpjV0uznvI=)];1t;1c) for round 278
[2m2025-03-25T07:56:10.795975Z[0m [32m INFO[0m [1mnode[0m[1m{[0m[3mname[0m[2m=[0mk#addeef94..[1m}[0m[2m:[0m [2mconsensus_core::core[0m[2m:[0m [2mconsensus/core/src/core.rs[0m[2m:[0m[2m945:[0m Included 3 ancestors & excluded 0 ancestors for proposal in round 278
[2m2025-03-25T07:56:10.796273Z[0m [32m INFO[0m [1mnode[0m[1m{[0m[3mname[0m[2m=[0mk#addeef94..[1m}[0m[2m:[0m [2mconsensus_core::core[0m[2m:[0m [2mconsensus/core/src/core.rs[0m[2m:[0m[2m531:[0m Created block B278(C,A9Pb6/EnFwTaFREznrZRhdxL2F9SxLIIqOQ5JboD5PQ=)(1742889370796ms;[B277(C,voSMrS1JVIbHYyeWIQQvMPCGVsLcVY5iewpjV0uznvI=), B277(A,XrWCu9KhzEqvyjWCeDWnTTXspCX5GHuYnj0KMMTRg4Q=), B277(B,2oPzU7diJG785wy+u7sLUE8XI5g1FzawmwgPiM/ayWc=)];1t;1c) for round 278
[2m2025-03-25T07:56:10.796343Z[0m [32m INFO[0m [1mnode[0m[1m{[0m[3mname[0m[2m=[0mk#addeef94..[1m}[0m[2m:[0m [2mconsensus_core::core[0m[2m:[0m [2mconsensus/core/src/core.rs[0m[2m:[0m[2m630:[0m Committing 1 leaders: B276(A,b+1P)
[2m2025-03-25T07:56:10.796413Z[0m [32m INFO[0m [1mnode[0m[1m{[0m[3mname[0m[2m=[0mk#addeef94..[1m}[0m[2m:[0m [2mconsensus_core::commit_observer[0m[2m:[0m [2mconsensus/core/src/commit_observer.rs[0m[2m:[0m[2m173:[0m Consensus commit C266(SRyi) with leader B276(A,b+1P) has 3 blocks
[2m2025-03-25T07:56:10.796658Z[0m [32m INFO[0m [1mnode[0m[1m{[0m[3mname[0m[2m=[0mk#addeef94..[1m}[0m[2m:[0m [2msui_core::consensus_handler[0m[2m:[0m [2mcrates/sui-core/src/consensus_handler.rs[0m[2m:[0m[2m232:[0m Received consensus output [3mconsensus_commit[0m[2m=[0mCommittedSubDag(leader=B276(A,b+1P), ref=C266(SRyi), blocks=[BJaC, GylQ, b+1P]) [3mepoch[0m[2m=[0m1
[2m2025-03-25T07:56:10.799726Z[0m [32m INFO[0m [1mnode[0m[1m{[0m[3mname[0m[2m=[0mk#99f25ef6..[1m}[0m[2m:[0m [2msui_core::checkpoints::checkpoint_output[0m[2m:[0m [2mcrates/sui-core/src/checkpoints/checkpoint_output.rs[0m[2m:[0m[2m196:[0m Certified checkpoint with sequence 478 and digest 4XiMakrUXoQC4yMTFTUrVcmLxs6EtwjhCbRr39DMyvbx
[2m2025-03-25T07:56:10.799736Z[0m [32m INFO[0m [1mnode[0m[1m{[0m[3mname[0m[2m=[0mk#8dcff6d1..[1m}[0m[2m:[0m [2msui_core::checkpoints::checkpoint_output[0m[2m:[0m [2mcrates/sui-core/src/checkpoints/checkpoint_output.rs[0m[2m:[0m[2m196:[0m Certified checkpoint with sequence 478 and digest 4XiMakrUXoQC4yMTFTUrVcmLxs6EtwjhCbRr39DMyvbx
[2m2025-03-25T07:56:10.799836Z[0m [32m INFO[0m [1mnode[0m[1m{[0m[3mname[0m[2m=[0mk#99f25ef6..[1m}[0m[2m:[0m [2mconsensus_core::core[0m[2m:[0m [2mconsensus/core/src/core.rs[0m[2m:[0m[2m630:[0m Committing 1 leaders: B276(A,b+1P)
[2m2025-03-25T07:56:10.799836Z[0m [32m INFO[0m [1mnode[0m[1m{[0m[3mname[0m[2m=[0mk#8dcff6d1..[1m}[0m[2m:[0m [2mconsensus_core::core[0m[2m:[0m [2mconsensus/core/src/core.rs[0m[2m:[0m[2m630:[0m Committing 1 leaders: B276(A,b+1P)
[2m2025-03-25T07:56:10.799936Z[0m [32m INFO[0m [1mnode[0m[1m{[0m[3mname[0m[2m=[0mk#8dcff6d1..[1m}[0m[2m:[0m [2mconsensus_core::commit_observer[0m[2m:[0m [2mconsensus/core/src/commit_observer.rs[0m[2m:[0m[2m173:[0m Consensus commit C266(SRyi) with leader B276(A,b+1P) has 3 blocks
[2m2025-03-25T07:56:10.799936Z[0m [32m INFO[0m [1mnode[0m[1m{[0m[3mname[0m[2m=[0mk#99f25ef6..[1m}[0m[2m:[0m [2mconsensus_core::commit_observer[0m[2m:[0m [2mconsensus/core/src/commit_observer.rs[0m[2m:[0m[2m173:[0m Consensus commit C266(SRyi) with leader B276(A,b+1P) has 3 blocks
[2m2025-03-25T07:56:10.800372Z[0m [32m INFO[0m [1mnode[0m[1m{[0m[3mname[0m[2m=[0mk#99f25ef6..[1m}[0m[2m:[0m [2msui_core::consensus_handler[0m[2m:[0m [2mcrates/sui-core/src/consensus_handler.rs[0m[2m:[0m[2m232:[0m Received consensus output [3mconsensus_commit[0m[2m=[0mCommittedSubDag(leader=B276(A,b+1P), ref=C266(SRyi), blocks=[BJaC, GylQ, b+1P]) [3mepoch[0m[2m=[0m1
[2m2025-03-25T07:56:10.800372Z[0m [32m INFO[0m [1mnode[0m[1m{[0m[3mname[0m[2m=[0mk#8dcff6d1..[1m}[0m[2m:[0m [2msui_core::consensus_handler[0m[2m:[0m [2mcrates/sui-core/src/consensus_handler.rs[0m[2m:[0m[2m232:[0m Received consensus output [3mconsensus_commit[0m[2m=[0mCommittedSubDag(leader=B276(A,b+1P), ref=C266(SRyi), blocks=[BJaC, GylQ, b+1P]) [3mepoch[0m[2m=[0m1
[2m2025-03-25T07:56:10.800987Z[0m [32m INFO[0m [1mnode[0m[1m{[0m[3mname[0m[2m=[0mk#99f25ef6..[1m}[0m[2m:[0m [2msui_core::checkpoints::checkpoint_executor[0m[2m:[0m [2mcrates/sui-core/src/checkpoints/checkpoint_executor/mod.rs[0m[2m:[0m[2m332:[0m Received checkpoint summary from state sync [3msequence_number[0m[2m=[0m478
[2m2025-03-25T07:56:10.800987Z[0m [32m INFO[0m [1mnode[0m[1m{[0m[3mname[0m[2m=[0mk#8dcff6d1..[1m}[0m[2m:[0m [2msui_core::checkpoints::checkpoint_executor[0m[2m:[0m [2mcrates/sui-core/src/checkpoints/checkpoint_executor/mod.rs[0m[2m:[0m[2m332:[0m Received checkpoint summary from state sync [3msequence_number[0m[2m=[0m478
[2m2025-03-25T07:56:10.814558Z[0m [32m INFO[0m [1mnode[0m[1m{[0m[3mname[0m[2m=[0mk#99f25ef6..[1m}[0m[2m:[0m [2msui_core::state_accumulator[0m[2m:[0m [2mcrates/sui-core/src/state_accumulator.rs[0m[2m:[0m[2m675:[0m accumulating running root for checkpoint 478
[2m2025-03-25T07:56:10.814558Z[0m [32m INFO[0m [1mnode[0m[1m{[0m[3mname[0m[2m=[0mk#8dcff6d1..[1m}[0m[2m:[0m [2msui_core::state_accumulator[0m[2m:[0m [2mcrates/sui-core/src/state_accumulator.rs[0m[2m:[0m[2m675:[0m accumulating running root for checkpoint 478
[2m2025-03-25T07:56:10.840817Z[0m [32m INFO[0m [1mnode[0m[1m{[0m[3mname[0m[2m=[0mk#addeef94..[1m}[0m[2m:[0m [2msui_core::checkpoints[0m[2m:[0m [2mcrates/sui-core/src/checkpoints/mod.rs[0m[2m:[0m[2m1326:[0m Creating checkpoint(s) for 1 transactions [3mnext_checkpoint_seq[0m[2m=[0m479 [3mcheckpoint_timestamp[0m[2m=[0m1742889370280
[2m2025-03-25T07:56:10.841046Z[0m [32m INFO[0m [1mnode[0m[1m{[0m[3mname[0m[2m=[0mk#addeef94..[1m}[0m[2m:[0m [2msui_core::checkpoints::checkpoint_output[0m[2m:[0m [2mcrates/sui-core/src/checkpoints/checkpoint_output.rs[0m[2m:[0m[2m149:[0m Creating checkpoint CheckpointDigest(BJnUSBaWjp9BsTxB7Kc73ZfRBNjc47yTJABpAApffgzP) at epoch 1, sequence 479, previous digest Some(CheckpointDigest(4XiMakrUXoQC4yMTFTUrVcmLxs6EtwjhCbRr39DMyvbx)), transactions count 1, content digest CheckpointContentsDigest(3tBdWhVKhncQBFyb5wkqxPMb5kL5d5P3Xg5HT4Yn4Exh), end_of_epoch_data None
[2m2025-03-25T07:56:10.845809Z[0m [32m INFO[0m [1mnode[0m[1m{[0m[3mname[0m[2m=[0mk#99f25ef6..[1m}[0m[2m:[0m [2msui_core::checkpoints[0m[2m:[0m [2mcrates/sui-core/src/checkpoints/mod.rs[0m[2m:[0m[2m1326:[0m Creating checkpoint(s) for 1 transactions [3mnext_checkpoint_seq[0m[2m=[0m479 [3mcheckpoint_timestamp[0m[2m=[0m1742889370280
[2m2025-03-25T07:56:10.845811Z[0m [32m INFO[0m [1mnode[0m[1m{[0m[3mname[0m[2m=[0mk#8dcff6d1..[1m}[0m[2m:[0m [2msui_core::checkpoints[0m[2m:[0m [2mcrates/sui-core/src/checkpoints/mod.rs[0m[2m:[0m[2m1326:[0m Creating checkpoint(s) for 1 transactions [3mnext_checkpoint_seq[0m[2m=[0m479 [3mcheckpoint_timestamp[0m[2m=[0m1742889370280
[2m2025-03-25T07:56:10.845989Z[0m [32m INFO[0m [1mnode[0m[1m{[0m[3mname[0m[2m=[0mk#99f25ef6..[1m}[0m[2m:[0m [2msui_core::checkpoints::checkpoint_output[0m[2m:[0m [2mcrates/sui-core/src/checkpoints/checkpoint_output.rs[0m[2m:[0m[2m149:[0m Creating checkpoint CheckpointDigest(BJnUSBaWjp9BsTxB7Kc73ZfRBNjc47yTJABpAApffgzP) at epoch 1, sequence 479, previous digest Some(CheckpointDigest(4XiMakrUXoQC4yMTFTUrVcmLxs6EtwjhCbRr39DMyvbx)), transactions count 1, content digest CheckpointContentsDigest(3tBdWhVKhncQBFyb5wkqxPMb5kL5d5P3Xg5HT4Yn4Exh), end_of_epoch_data None
[2m2025-03-25T07:56:10.845989Z[0m [32m INFO[0m [1mnode[0m[1m{[0m[3mname[0m[2m=[0mk#8dcff6d1..[1m}[0m[2m:[0m [2msui_core::checkpoints::checkpoint_output[0m[2m:[0m [2mcrates/sui-core/src/checkpoints/checkpoint_output.rs[0m[2m:[0m[2m149:[0m Creating checkpoint CheckpointDigest(BJnUSBaWjp9BsTxB7Kc73ZfRBNjc47yTJABpAApffgzP) at epoch 1, sequence 479, previous digest Some(CheckpointDigest(4XiMakrUXoQC4yMTFTUrVcmLxs6EtwjhCbRr39DMyvbx)), transactions count 1, content digest CheckpointContentsDigest(3tBdWhVKhncQBFyb5wkqxPMb5kL5d5P3Xg5HT4Yn4Exh), end_of_epoch_data None
[2m2025-03-25T07:56:10.907429Z[0m [32m INFO[0m [1mnode[0m[1m{[0m[3mname[0m[2m=[0mk#addeef94..[1m}[0m[2m:[0m [2msui_core::checkpoints::checkpoint_executor[0m[2m:[0m [2mcrates/sui-core/src/checkpoints/checkpoint_executor/mod.rs[0m[2m:[0m[2m332:[0m Received checkpoint summary from state sync [3msequence_number[0m[2m=[0m478
[2m2025-03-25T07:56:10.908865Z[0m [32m INFO[0m [1mnode[0m[1m{[0m[3mname[0m[2m=[0mk#addeef94..[1m}[0m[2m:[0m [2msui_core::state_accumulator[0m[2m:[0m [2mcrates/sui-core/src/state_accumulator.rs[0m[2m:[0m[2m675:[0m accumulating running root for checkpoint 478
[2m2025-03-25T07:56:11.049538Z[0m [32m INFO[0m [1mnode[0m[1m{[0m[3mname[0m[2m=[0mk#addeef94..[1m}[0m[2m:[0m [2mconsensus_core::core[0m[2m:[0m [2mconsensus/core/src/core.rs[0m[2m:[0m[2m945:[0m Included 3 ancestors & excluded 0 ancestors for proposal in round 279
[2m2025-03-25T07:56:11.049905Z[0m [32m INFO[0m [1mnode[0m[1m{[0m[3mname[0m[2m=[0mk#addeef94..[1m}[0m[2m:[0m [2mconsensus_core::core[0m[2m:[0m [2mconsensus/core/src/core.rs[0m[2m:[0m[2m531:[0m Created block B279(C,6fYBe3FrpqkhkHRqsFe2IQWYYBPvDQA7X9dDUUcTwl0=)(1742889371049ms;[B278(C,A9Pb6/EnFwTaFREznrZRhdxL2F9SxLIIqOQ5JboD5PQ=), B278(A,8obDjIJ669bBbZoOOwn3KmQJbBqoqMtBWgKdK213Sks=), B278(B,FtljnjKaDejkgD8OZher4fhF4pwY3/Tprf/LKTvorXE=)];1t;1c) for round 279
[2m2025-03-25T07:56:11.051833Z[0m [32m INFO[0m [1mnode[0m[1m{[0m[3mname[0m[2m=[0mk#8dcff6d1..[1m}[0m[2m:[0m [2mconsensus_core::core[0m[2m:[0m [2mconsensus/core/src/core.rs[0m[2m:[0m[2m945:[0m Included 3 ancestors & excluded 0 ancestors for proposal in round 279
[2m2025-03-25T07:56:11.051833Z[0m [32m INFO[0m [1mnode[0m[1m{[0m[3mname[0m[2m=[0mk#99f25ef6..[1m}[0m[2m:[0m [2mconsensus_core::core[0m[2m:[0m [2mconsensus/core/src/core.rs[0m[2m:[0m[2m945:[0m Included 3 ancestors & excluded 0 ancestors for proposal in round 279
[2m2025-03-25T07:56:11.052124Z[0m [32m INFO[0m [1mnode[0m[1m{[0m[3mname[0m[2m=[0mk#8dcff6d1..[1m}[0m[2m:[0m [2mconsensus_core::core[0m[2m:[0m [2mconsensus/core/src/core.rs[0m[2m:[0m[2m531:[0m Created block B279(A,aReB5xxNnm3+G1zlk67VAfOJRX/sk+fcY3hhyk+NffM=)(1742889371051ms;[B278(A,8obDjIJ669bBbZoOOwn3KmQJbBqoqMtBWgKdK213Sks=), B278(B,FtljnjKaDejkgD8OZher4fhF4pwY3/Tprf/LKTvorXE=), B278(C,A9Pb6/EnFwTaFREznrZRhdxL2F9SxLIIqOQ5JboD5PQ=)];1t;1c) for round 279
[2m2025-03-25T07:56:11.052124Z[0m [32m INFO[0m [1mnode[0m[1m{[0m[3mname[0m[2m=[0mk#99f25ef6..[1m}[0m[2m:[0m [2mconsensus_core::core[0m[2m:[0m [2mconsensus/core/src/core.rs[0m[2m:[0m[2m531:[0m Created block B279(B,sxC1wFmrEyToUsNtXO/YsrXH6HTCt2wggxKU7xo/lO8=)(1742889371051ms;[B278(B,FtljnjKaDejkgD8OZher4fhF4pwY3/Tprf/LKTvorXE=), B278(A,8obDjIJ669bBbZoOOwn3KmQJbBqoqMtBWgKdK213Sks=), B278(C,A9Pb6/EnFwTaFREznrZRhdxL2F9SxLIIqOQ5JboD5PQ=)];1t;1c) for round 279
[2m2025-03-25T07:56:11.052198Z[0m [32m INFO[0m [1mnode[0m[1m{[0m[3mname[0m[2m=[0mk#8dcff6d1..[1m}[0m[2m:[0m [2mconsensus_core::core[0m[2m:[0m [2mconsensus/core/src/core.rs[0m[2m:[0m[2m630:[0m Committing 1 leaders: B277(C,voSM)
[2m2025-03-25T07:56:11.052198Z[0m [32m INFO[0m [1mnode[0m[1m{[0m[3mname[0m[2m=[0mk#99f25ef6..[1m}[0m[2m:[0m [2mconsensus_core::core[0m[2m:[0m [2mconsensus/core/src/core.rs[0m[2m:[0m[2m630:[0m Committing 1 leaders: B277(C,voSM)
[2m2025-03-25T07:56:11.052271Z[0m [32m INFO[0m [1mnode[0m[1m{[0m[3mname[0m[2m=[0mk#8dcff6d1..[1m}[0m[2m:[0m [2mconsensus_core::commit_observer[0m[2m:[0m [2mconsensus/core/src/commit_observer.rs[0m[2m:[0m[2m173:[0m Consensus commit C267(yfJv) with leader B277(C,voSM) has 3 blocks
[2m2025-03-25T07:56:11.052271Z[0m [32m INFO[0m [1mnode[0m[1m{[0m[3mname[0m[2m=[0mk#99f25ef6..[1m}[0m[2m:[0m [2mconsensus_core::commit_observer[0m[2m:[0m [2mconsensus/core/src/commit_observer.rs[0m[2m:[0m[2m173:[0m Consensus commit C267(yfJv) with leader B277(C,voSM) has 3 blocks
[2m2025-03-25T07:56:11.052357Z[0m [32m INFO[0m [1mnode[0m[1m{[0m[3mname[0m[2m=[0mk#99f25ef6..[1m}[0m[2m:[0m [2msui_core::consensus_handler[0m[2m:[0m [2mcrates/sui-core/src/consensus_handler.rs[0m[2m:[0m[2m232:[0m Received consensus output [3mconsensus_commit[0m[2m=[0mCommittedSubDag(leader=B277(C,voSM), ref=C267(yfJv), blocks=[dyJU, mXQ5, voSM]) [3mepoch[0m[2m=[0m1
[2m2025-03-25T07:56:11.052357Z[0m [32m INFO[0m [1mnode[0m[1m{[0m[3mname[0m[2m=[0mk#8dcff6d1..[1m}[0m[2m:[0m [2msui_core::consensus_handler[0m[2m:[0m [2mcrates/sui-core/src/consensus_handler.rs[0m[2m:[0m[2m232:[0m Received consensus output [3mconsensus_commit[0m[2m=[0mCommittedSubDag(leader=B277(C,voSM), ref=C267(yfJv), blocks=[dyJU, mXQ5, voSM]) [3mepoch[0m[2m=[0m1
[2m2025-03-25T07:56:11.056011Z[0m [32m INFO[0m [1mnode[0m[1m{[0m[3mname[0m[2m=[0mk#addeef94..[1m}[0m[2m:[0m [2mconsensus_core::core[0m[2m:[0m [2mconsensus/core/src/core.rs[0m[2m:[0m[2m630:[0m Committing 1 leaders: B277(C,voSM)
[2m2025-03-25T07:56:11.056111Z[0m [32m INFO[0m [1mnode[0m[1m{[0m[3mname[0m[2m=[0mk#addeef94..[1m}[0m[2m:[0m [2mconsensus_core::commit_observer[0m[2m:[0m [2mconsensus/core/src/commit_observer.rs[0m[2m:[0m[2m173:[0m Consensus commit C267(yfJv) with leader B277(C,voSM) has 3 blocks
[2m2025-03-25T07:56:11.056244Z[0m [32m INFO[0m [1mnode[0m[1m{[0m[3mname[0m[2m=[0mk#addeef94..[1m}[0m[2m:[0m [2msui_core::consensus_handler[0m[2m:[0m [2mcrates/sui-core/src/consensus_handler.rs[0m[2m:[0m[2m232:[0m Received consensus output [3mconsensus_commit[0m[2m=[0mCommittedSubDag(leader=B277(C,voSM), ref=C267(yfJv), blocks=[dyJU, mXQ5, voSM]) [3mepoch[0m[2m=[0m1
[2m2025-03-25T07:56:11.078912Z[0m [32m INFO[0m [1mnode[0m[1m{[0m[3mname[0m[2m=[0mk#99f25ef6..[1m}[0m[2m:[0m [2msui_core::checkpoints[0m[2m:[0m [2mcrates/sui-core/src/checkpoints/mod.rs[0m[2m:[0m[2m1326:[0m Creating checkpoint(s) for 2 transactions [3mnext_checkpoint_seq[0m[2m=[0m480 [3mcheckpoint_timestamp[0m[2m=[0m1742889370537
[2m2025-03-25T07:56:11.078911Z[0m [32m INFO[0m [1mnode[0m[1m{[0m[3mname[0m[2m=[0mk#8dcff6d1..[1m}[0m[2m:[0m [2msui_core::checkpoints[0m[2m:[0m [2mcrates/sui-core/src/checkpoints/mod.rs[0m[2m:[0m[2m1326:[0m Creating checkpoint(s) for 2 transactions [3mnext_checkpoint_seq[0m[2m=[0m480 [3mcheckpoint_timestamp[0m[2m=[0m1742889370537
[2m2025-03-25T07:56:11.079221Z[0m [32m INFO[0m [1mnode[0m[1m{[0m[3mname[0m[2m=[0mk#99f25ef6..[1m}[0m[2m:[0m [2msui_core::checkpoints::checkpoint_output[0m[2m:[0m [2mcrates/sui-core/src/checkpoints/checkpoint_output.rs[0m[2m:[0m[2m149:[0m Creating checkpoint CheckpointDigest(9mwEr11G2Uz2huRoh4ETB1myMG7bRPcnJN196NFjJTMP) at epoch 1, sequence 480, previous digest Some(CheckpointDigest(BJnUSBaWjp9BsTxB7Kc73ZfRBNjc47yTJABpAApffgzP)), transactions count 2, content digest CheckpointContentsDigest(CP3PwUbxLxwCBXYDkAdRmZmtVTYM1mSXRU64EXxZcNtc), end_of_epoch_data None
[2m2025-03-25T07:56:11.079221Z[0m [32m INFO[0m [1mnode[0m[1m{[0m[3mname[0m[2m=[0mk#8dcff6d1..[1m}[0m[2m:[0m [2msui_core::checkpoints::checkpoint_output[0m[2m:[0m [2mcrates/sui-core/src/checkpoints/checkpoint_output.rs[0m[2m:[0m[2m149:[0m Creating checkpoint CheckpointDigest(9mwEr11G2Uz2huRoh4ETB1myMG7bRPcnJN196NFjJTMP) at epoch 1, sequence 480, previous digest Some(CheckpointDigest(BJnUSBaWjp9BsTxB7Kc73ZfRBNjc47yTJABpAApffgzP)), transactions count 2, content digest CheckpointContentsDigest(CP3PwUbxLxwCBXYDkAdRmZmtVTYM1mSXRU64EXxZcNtc), end_of_epoch_data None
[2m2025-03-25T07:56:11.082245Z[0m [32m INFO[0m [1mnode[0m[1m{[0m[3mname[0m[2m=[0mk#addeef94..[1m}[0m[2m:[0m [2msui_core::checkpoints[0m[2m:[0m [2mcrates/sui-core/src/checkpoints/mod.rs[0m[2m:[0m[2m1326:[0m Creating checkpoint(s) for 2 transactions [3mnext_checkpoint_seq[0m[2m=[0m480 [3mcheckpoint_timestamp[0m[2m=[0m1742889370537
[2m2025-03-25T07:56:11.082257Z[0m [32m INFO[0m [1mnode[0m[1m{[0m[3mname[0m[2m=[0mk#99f25ef6..[1m}[0m[2m:[0m [2msui_core::checkpoints::checkpoint_output[0m[2m:[0m [2mcrates/sui-core/src/checkpoints/checkpoint_output.rs[0m[2m:[0m[2m196:[0m Certified checkpoint with sequence 479 and digest BJnUSBaWjp9BsTxB7Kc73ZfRBNjc47yTJABpAApffgzP
[2m2025-03-25T07:56:11.082317Z[0m [32m INFO[0m [1mnode[0m[1m{[0m[3mname[0m[2m=[0mk#8dcff6d1..[1m}[0m[2m:[0m [2msui_core::checkpoints::checkpoint_output[0m[2m:[0m [2mcrates/sui-core/src/checkpoints/checkpoint_output.rs[0m[2m:[0m[2m196:[0m Certified checkpoint with sequence 479 and digest BJnUSBaWjp9BsTxB7Kc73ZfRBNjc47yTJABpAApffgzP
[2m2025-03-25T07:56:11.082497Z[0m [32m INFO[0m [1mnode[0m[1m{[0m[3mname[0m[2m=[0mk#addeef94..[1m}[0m[2m:[0m [2msui_core::checkpoints::checkpoint_output[0m[2m:[0m [2mcrates/sui-core/src/checkpoints/checkpoint_output.rs[0m[2m:[0m[2m149:[0m Creating checkpoint CheckpointDigest(9mwEr11G2Uz2huRoh4ETB1myMG7bRPcnJN196NFjJTMP) at epoch 1, sequence 480, previous digest Some(CheckpointDigest(BJnUSBaWjp9BsTxB7Kc73ZfRBNjc47yTJABpAApffgzP)), transactions count 2, content digest CheckpointContentsDigest(CP3PwUbxLxwCBXYDkAdRmZmtVTYM1mSXRU64EXxZcNtc), end_of_epoch_data None
[2m2025-03-25T07:56:11.082676Z[0m [32m INFO[0m [1mnode[0m[1m{[0m[3mname[0m[2m=[0mk#8dcff6d1..[1m}[0m[2m:[0m [2msui_core::checkpoints::checkpoint_executor[0m[2m:[0m [2mcrates/sui-core/src/checkpoints/checkpoint_executor/mod.rs[0m[2m:[0m[2m332:[0m Received checkpoint summary from state sync [3msequence_number[0m[2m=[0m479
[2m2025-03-25T07:56:11.082676Z[0m [32m INFO[0m [1mnode[0m[1m{[0m[3mname[0m[2m=[0mk#99f25ef6..[1m}[0m[2m:[0m [2msui_core::checkpoints::checkpoint_executor[0m[2m:[0m [2mcrates/sui-core/src/checkpoints/checkpoint_executor/mod.rs[0m[2m:[0m[2m332:[0m Received checkpoint summary from state sync [3msequence_number[0m[2m=[0m479
[2m2025-03-25T07:56:11.083818Z[0m [32m INFO[0m [1mnode[0m[1m{[0m[3mname[0m[2m=[0mk#8dcff6d1..[1m}[0m[2m:[0m [2msui_core::state_accumulator[0m[2m:[0m [2mcrates/sui-core/src/state_accumulator.rs[0m[2m:[0m[2m675:[0m accumulating running root for checkpoint 479
[2m2025-03-25T07:56:11.083818Z[0m [32m INFO[0m [1mnode[0m[1m{[0m[3mname[0m[2m=[0mk#99f25ef6..[1m}[0m[2m:[0m [2msui_core::state_accumulator[0m[2m:[0m [2mcrates/sui-core/src/state_accumulator.rs[0m[2m:[0m[2m675:[0m accumulating running root for checkpoint 479
[2m2025-03-25T07:56:11.086003Z[0m [32m INFO[0m [1mnode[0m[1m{[0m[3mname[0m[2m=[0mk#addeef94..[1m}[0m[2m:[0m [2msui_core::checkpoints::checkpoint_executor[0m[2m:[0m [2mcrates/sui-core/src/checkpoints/checkpoint_executor/mod.rs[0m[2m:[0m[2m332:[0m Received checkpoint summary from state sync [3msequence_number[0m[2m=[0m479
[2m2025-03-25T07:56:11.086718Z[0m [32m INFO[0m [1mnode[0m[1m{[0m[3mname[0m[2m=[0mk#addeef94..[1m}[0m[2m:[0m [2msui_core::state_accumulator[0m[2m:[0m [2mcrates/sui-core/src/state_accumulator.rs[0m[2m:[0m[2m675:[0m accumulating running root for checkpoint 479
[2m2025-03-25T07:56:11.304619Z[0m [32m INFO[0m [1mnode[0m[1m{[0m[3mname[0m[2m=[0mk#8dcff6d1..[1m}[0m[2m:[0m [2mconsensus_core::commit_syncer[0m[2m:[0m [2mconsensus/core/src/commit_syncer.rs[0m[2m:[0m[2m196:[0m Checking to schedule fetches: synced_commit_index=267, highest_handled_index=267, highest_scheduled_index=0, quorum_commit_index=266, unhandled_commits_threshold=3200
[2m2025-03-25T07:56:11.304714Z[0m [32m INFO[0m [1mnode[0m[1m{[0m[3mname[0m[2m=[0mk#8dcff6d1..[1m}[0m[2m:[0m [2mconsensus_core::core[0m[2m:[0m [2mconsensus/core/src/core.rs[0m[2m:[0m[2m945:[0m Included 3 ancestors & excluded 0 ancestors for proposal in round 280
[2m2025-03-25T07:56:11.305101Z[0m [32m INFO[0m [1mnode[0m[1m{[0m[3mname[0m[2m=[0mk#8dcff6d1..[1m}[0m[2m:[0m [2mconsensus_core::core[0m[2m:[0m [2mconsensus/core/src/core.rs[0m[2m:[0m[2m531:[0m Created block B280(A,0gBXp+nK/35Nh8/3S5rT/j8Mr123oku3K2dnBTwUUYs=)(1742889371304ms;[B279(A,aReB5xxNnm3+G1zlk67VAfOJRX/sk+fcY3hhyk+NffM=), B279(B,sxC1wFmrEyToUsNtXO/YsrXH6HTCt2wggxKU7xo/lO8=), B279(C,6fYBe3FrpqkhkHRqsFe2IQWYYBPvDQA7X9dDUUcTwl0=)];1t;1c) for round 280
[2m2025-03-25T07:56:11.306773Z[0m [32m INFO[0m [1mnode[0m[1m{[0m[3mname[0m[2m=[0mk#99f25ef6..[1m}[0m[2m:[0m [2mconsensus_core::core[0m[2m:[0m [2mconsensus/core/src/core.rs[0m[2m:[0m[2m945:[0m Included 3 ancestors & excluded 0 ancestors for proposal in round 280
[2m2025-03-25T07:56:11.307063Z[0m [32m INFO[0m [1mnode[0m[1m{[0m[3mname[0m[2m=[0mk#99f25ef6..[1m}[0m[2m:[0m [2mconsensus_core::core[0m[2m:[0m [2mconsensus/core/src/core.rs[0m[2m:[0m[2m531:[0m Created block B280(B,WNUHlORxwfQQlc2z7Wn9+hm+jJZ7A0ZYIbJTa8NMUJE=)(1742889371306ms;[B279(B,sxC1wFmrEyToUsNtXO/YsrXH6HTCt2wggxKU7xo/lO8=), B279(A,aReB5xxNnm3+G1zlk67VAfOJRX/sk+fcY3hhyk+NffM=), B279(C,6fYBe3FrpqkhkHRqsFe2IQWYYBPvDQA7X9dDUUcTwl0=)];1t;1c) for round 280
[2m2025-03-25T07:56:11.307121Z[0m [32m INFO[0m [1mnode[0m[1m{[0m[3mname[0m[2m=[0mk#addeef94..[1m}[0m[2m:[0m [2mconsensus_core::core[0m[2m:[0m [2mconsensus/core/src/core.rs[0m[2m:[0m[2m945:[0m Included 3 ancestors & excluded 0 ancestors for proposal in round 280
[2m2025-03-25T07:56:11.307420Z[0m [32m INFO[0m [1mnode[0m[1m{[0m[3mname[0m[2m=[0mk#addeef94..[1m}[0m[2m:[0m [2mconsensus_core::core[0m[2m:[0m [2mconsensus/core/src/core.rs[0m[2m:[0m[2m531:[0m Created block B280(C,Rm8eB20vMkbEK/CFw1en3SHD/vZBH8inE/b218dqMWo=)(1742889371307ms;[B279(C,6fYBe3FrpqkhkHRqsFe2IQWYYBPvDQA7X9dDUUcTwl0=), B279(A,aReB5xxNnm3+G1zlk67VAfOJRX/sk+fcY3hhyk+NffM=), B279(B,sxC1wFmrEyToUsNtXO/YsrXH6HTCt2wggxKU7xo/lO8=)];1t;1c) for round 280
[2m2025-03-25T07:56:11.307492Z[0m [32m INFO[0m [1mnode[0m[1m{[0m[3mname[0m[2m=[0mk#addeef94..[1m}[0m[2m:[0m [2mconsensus_core::core[0m[2m:[0m [2mconsensus/core/src/core.rs[0m[2m:[0m[2m630:[0m Committing 1 leaders: B278(B,Ftlj)
[2m2025-03-25T07:56:11.307566Z[0m [32m INFO[0m [1mnode[0m[1m{[0m[3mname[0m[2m=[0mk#addeef94..[1m}[0m[2m:[0m [2mconsensus_core::commit_observer[0m[2m:[0m [2mconsensus/core/src/commit_observer.rs[0m[2m:[0m[2m173:[0m Consensus commit C268(51Qq) with leader B278(B,Ftlj) has 3 blocks
[2m2025-03-25T07:56:11.307652Z[0m [32m INFO[0m [1mnode[0m[1m{[0m[3mname[0m[2m=[0mk#addeef94..[1m}[0m[2m:[0m [2msui_core::consensus_handler[0m[2m:[0m [2mcrates/sui-core/src/consensus_handler.rs[0m[2m:[0m[2m232:[0m Received consensus output [3mconsensus_commit[0m[2m=[0mCommittedSubDag(leader=B278(B,Ftlj), ref=C268(51Qq), blocks=[XrWC, 2oPz, Ftlj]) [3mepoch[0m[2m=[0m1
[2m2025-03-25T07:56:11.310745Z[0m [32m INFO[0m [1mnode[0m[1m{[0m[3mname[0m[2m=[0mk#99f25ef6..[1m}[0m[2m:[0m [2msui_core::checkpoints::checkpoint_output[0m[2m:[0m [2mcrates/sui-core/src/checkpoints/checkpoint_output.rs[0m[2m:[0m[2m196:[0m Certified checkpoint with sequence 480 and digest 9mwEr11G2Uz2huRoh4ETB1myMG7bRPcnJN196NFjJTMP
[2m2025-03-25T07:56:11.310851Z[0m [32m INFO[0m [1mnode[0m[1m{[0m[3mname[0m[2m=[0mk#99f25ef6..[1m}[0m[2m:[0m [2mconsensus_core::core[0m[2m:[0m [2mconsensus/core/src/core.rs[0m[2m:[0m[2m630:[0m Committing 1 leaders: B278(B,Ftlj)
[2m2025-03-25T07:56:11.310957Z[0m [32m INFO[0m [1mnode[0m[1m{[0m[3mname[0m[2m=[0mk#99f25ef6..[1m}[0m[2m:[0m [2mconsensus_core::commit_observer[0m[2m:[0m [2mconsensus/core/src/commit_observer.rs[0m[2m:[0m[2m173:[0m Consensus commit C268(51Qq) with leader B278(B,Ftlj) has 3 blocks
[2m2025-03-25T07:56:11.311035Z[0m [32m INFO[0m [1mnode[0m[1m{[0m[3mname[0m[2m=[0mk#8dcff6d1..[1m}[0m[2m:[0m [2msui_core::checkpoints::checkpoint_output[0m[2m:[0m [2mcrates/sui-core/src/checkpoints/checkpoint_output.rs[0m[2m:[0m[2m196:[0m Certified checkpoint with sequence 480 and digest 9mwEr11G2Uz2huRoh4ETB1myMG7bRPcnJN196NFjJTMP
[2m2025-03-25T07:56:11.311133Z[0m [32m INFO[0m [1mnode[0m[1m{[0m[3mname[0m[2m=[0mk#8dcff6d1..[1m}[0m[2m:[0m [2mconsensus_core::core[0m[2m:[0m [2mconsensus/core/src/core.rs[0m[2m:[0m[2m630:[0m Committing 1 leaders: B278(B,Ftlj)
[2m2025-03-25T07:56:11.311230Z[0m [32m INFO[0m [1mnode[0m[1m{[0m[3mname[0m[2m=[0mk#8dcff6d1..[1m}[0m[2m:[0m [2mconsensus_core::commit_observer[0m[2m:[0m [2mconsensus/core/src/commit_observer.rs[0m[2m:[0m[2m173:[0m Consensus commit C268(51Qq) with leader B278(B,Ftlj) has 3 blocks
[2m2025-03-25T07:56:11.311404Z[0m [32m INFO[0m [1mnode[0m[1m{[0m[3mname[0m[2m=[0mk#99f25ef6..[1m}[0m[2m:[0m [2msui_core::consensus_handler[0m[2m:[0m [2mcrates/sui-core/src/consensus_handler.rs[0m[2m:[0m[2m232:[0m Received consensus output [3mconsensus_commit[0m[2m=[0mCommittedSubDag(leader=B278(B,Ftlj), ref=C268(51Qq), blocks=[XrWC, 2oPz, Ftlj]) [3mepoch[0m[2m=[0m1
[2m2025-03-25T07:56:11.311616Z[0m [32m INFO[0m [1mnode[0m[1m{[0m[3mname[0m[2m=[0mk#8dcff6d1..[1m}[0m[2m:[0m [2msui_core::consensus_handler[0m[2m:[0m [2mcrates/sui-core/src/consensus_handler.rs[0m[2m:[0m[2m232:[0m Received consensus output [3mconsensus_commit[0m[2m=[0mCommittedSubDag(leader=B278(B,Ftlj), ref=C268(51Qq), blocks=[XrWC, 2oPz, Ftlj]) [3mepoch[0m[2m=[0m1
[2m2025-03-25T07:56:11.312019Z[0m [32m INFO[0m [1mnode[0m[1m{[0m[3mname[0m[2m=[0mk#99f25ef6..[1m}[0m[2m:[0m [2msui_core::checkpoints::checkpoint_executor[0m[2m:[0m [2mcrates/sui-core/src/checkpoints/checkpoint_executor/mod.rs[0m[2m:[0m[2m332:[0m Received checkpoint summary from state sync [3msequence_number[0m[2m=[0m480
[2m2025-03-25T07:56:11.312175Z[0m [32m INFO[0m [1mnode[0m[1m{[0m[3mname[0m[2m=[0mk#8dcff6d1..[1m}[0m[2m:[0m [2msui_core::checkpoints::checkpoint_executor[0m[2m:[0m [2mcrates/sui-core/src/checkpoints/checkpoint_executor/mod.rs[0m[2m:[0m[2m332:[0m Received checkpoint summary from state sync [3msequence_number[0m[2m=[0m480
[2m2025-03-25T07:56:11.325552Z[0m [32m INFO[0m [1mnode[0m[1m{[0m[3mname[0m[2m=[0mk#99f25ef6..[1m}[0m[2m:[0m [2msui_core::state_accumulator[0m[2m:[0m [2mcrates/sui-core/src/state_accumulator.rs[0m[2m:[0m[2m675:[0m accumulating running root for checkpoint 480
[2m2025-03-25T07:56:11.325554Z[0m [32m INFO[0m [1mnode[0m[1m{[0m[3mname[0m[2m=[0mk#8dcff6d1..[1m}[0m[2m:[0m [2msui_core::state_accumulator[0m[2m:[0m [2mcrates/sui-core/src/state_accumulator.rs[0m[2m:[0m[2m675:[0m accumulating running root for checkpoint 480
[2m2025-03-25T07:56:11.352145Z[0m [32m INFO[0m [1mnode[0m[1m{[0m[3mname[0m[2m=[0mk#addeef94..[1m}[0m[2m:[0m [2msui_core::checkpoints[0m[2m:[0m [2mcrates/sui-core/src/checkpoints/mod.rs[0m[2m:[0m[2m1326:[0m Creating checkpoint(s) for 1 transactions [3mnext_checkpoint_seq[0m[2m=[0m481 [3mcheckpoint_timestamp[0m[2m=[0m1742889370792
[2m2025-03-25T07:56:11.352380Z[0m [32m INFO[0m [1mnode[0m[1m{[0m[3mname[0m[2m=[0mk#addeef94..[1m}[0m[2m:[0m [2msui_core::checkpoints::checkpoint_output[0m[2m:[0m [2mcrates/sui-core/src/checkpoints/checkpoint_output.rs[0m[2m:[0m[2m149:[0m Creating checkpoint CheckpointDigest(8SJoi75vmLjBVUvVV3313Wq4Z5bG2CgATQiPhGPJpsHg) at epoch 1, sequence 481, previous digest Some(CheckpointDigest(9mwEr11G2Uz2huRoh4ETB1myMG7bRPcnJN196NFjJTMP)), transactions count 1, content digest CheckpointContentsDigest(9jVHq5NcCC8KAsCHMQnxVT2wpKrqXBzurBWsmhZyrXZj), end_of_epoch_data None
[2m2025-03-25T07:56:11.353212Z[0m [32m INFO[0m [1mnode[0m[1m{[0m[3mname[0m[2m=[0mk#addeef94..[1m}[0m[2m:[0m [2mconsensus_core::commit_syncer[0m[2m:[0m [2mconsensus/core/src/commit_syncer.rs[0m[2m:[0m[2m196:[0m Checking to schedule fetches: synced_commit_index=268, highest_handled_index=268, highest_scheduled_index=0, quorum_commit_index=0, unhandled_commits_threshold=3200
[2m2025-03-25T07:56:11.357875Z[0m [32m INFO[0m [1mnode[0m[1m{[0m[3mname[0m[2m=[0mk#99f25ef6..[1m}[0m[2m:[0m [2msui_core::checkpoints[0m[2m:[0m [2mcrates/sui-core/src/checkpoints/mod.rs[0m[2m:[0m[2m1326:[0m Creating checkpoint(s) for 1 transactions [3mnext_checkpoint_seq[0m[2m=[0m481 [3mcheckpoint_timestamp[0m[2m=[0m1742889370792
[2m2025-03-25T07:56:11.358037Z[0m [32m INFO[0m [1mnode[0m[1m{[0m[3mname[0m[2m=[0mk#8dcff6d1..[1m}[0m[2m:[0m [2msui_core::checkpoints[0m[2m:[0m [2mcrates/sui-core/src/checkpoints/mod.rs[0m[2m:[0m[2m1326:[0m Creating checkpoint(s) for 1 transactions [3mnext_checkpoint_seq[0m[2m=[0m481 [3mcheckpoint_timestamp[0m[2m=[0m1742889370792
[2m2025-03-25T07:56:11.358059Z[0m [32m INFO[0m [1mnode[0m[1m{[0m[3mname[0m[2m=[0mk#99f25ef6..[1m}[0m[2m:[0m [2msui_core::checkpoints::checkpoint_output[0m[2m:[0m [2mcrates/sui-core/src/checkpoints/checkpoint_output.rs[0m[2m:[0m[2m149:[0m Creating checkpoint CheckpointDigest(8SJoi75vmLjBVUvVV3313Wq4Z5bG2CgATQiPhGPJpsHg) at epoch 1, sequence 481, previous digest Some(CheckpointDigest(9mwEr11G2Uz2huRoh4ETB1myMG7bRPcnJN196NFjJTMP)), transactions count 1, content digest CheckpointContentsDigest(9jVHq5NcCC8KAsCHMQnxVT2wpKrqXBzurBWsmhZyrXZj), end_of_epoch_data None
[2m2025-03-25T07:56:11.358209Z[0m [32m INFO[0m [1mnode[0m[1m{[0m[3mname[0m[2m=[0mk#8dcff6d1..[1m}[0m[2m:[0m [2msui_core::checkpoints::checkpoint_output[0m[2m:[0m [2mcrates/sui-core/src/checkpoints/checkpoint_output.rs[0m[2m:[0m[2m149:[0m Creating checkpoint CheckpointDigest(8SJoi75vmLjBVUvVV3313Wq4Z5bG2CgATQiPhGPJpsHg) at epoch 1, sequence 481, previous digest Some(CheckpointDigest(9mwEr11G2Uz2huRoh4ETB1myMG7bRPcnJN196NFjJTMP)), transactions count 1, content digest CheckpointContentsDigest(9jVHq5NcCC8KAsCHMQnxVT2wpKrqXBzurBWsmhZyrXZj), end_of_epoch_data None
[2m2025-03-25T07:56:11.358717Z[0m [32m INFO[0m [1mnode[0m[1m{[0m[3mname[0m[2m=[0mk#99f25ef6..[1m}[0m[2m:[0m [2mconsensus_core::commit_syncer[0m[2m:[0m [2mconsensus/core/src/commit_syncer.rs[0m[2m:[0m[2m196:[0m Checking to schedule fetches: synced_commit_index=268, highest_handled_index=268, highest_scheduled_index=0, quorum_commit_index=267, unhandled_commits_threshold=3200
[2m2025-03-25T07:56:11.420412Z[0m [32m INFO[0m [1mnode[0m[1m{[0m[3mname[0m[2m=[0mk#addeef94..[1m}[0m[2m:[0m [2msui_core::checkpoints::checkpoint_executor[0m[2m:[0m [2mcrates/sui-core/src/checkpoints/checkpoint_executor/mod.rs[0m[2m:[0m[2m332:[0m Received checkpoint summary from state sync [3msequence_number[0m[2m=[0m480
[2m2025-03-25T07:56:11.421879Z[0m [32m INFO[0m [1mnode[0m[1m{[0m[3mname[0m[2m=[0mk#addeef94..[1m}[0m[2m:[0m [2msui_core::state_accumulator[0m[2m:[0m [2mcrates/sui-core/src/state_accumulator.rs[0m[2m:[0m[2m675:[0m accumulating running root for checkpoint 480
[2m2025-03-25T07:56:11.554924Z[0m [32m INFO[0m [1mnode[0m[1m{[0m[3mname[0m[2m=[0mk#b3f3cbb4..[1m}[0m[2m:[0m [2msui_core::checkpoints::checkpoint_executor[0m[2m:[0m [2mcrates/sui-core/src/checkpoints/checkpoint_executor/mod.rs[0m[2m:[0m[2m332:[0m Received checkpoint summary from state sync [3msequence_number[0m[2m=[0m461
[2m2025-03-25T07:56:11.555303Z[0m [32m INFO[0m [1mnode[0m[1m{[0m[3mname[0m[2m=[0mk#b3f3cbb4..[1m}[0m[2m:[0m [2msui_core::state_accumulator[0m[2m:[0m [2mcrates/sui-core/src/state_accumulator.rs[0m[2m:[0m[2m675:[0m accumulating running root for checkpoint 457
[2m2025-03-25T07:56:11.559847Z[0m [32m INFO[0m [1mnode[0m[1m{[0m[3mname[0m[2m=[0mk#addeef94..[1m}[0m[2m:[0m [2mconsensus_core::core[0m[2m:[0m [2mconsensus/core/src/core.rs[0m[2m:[0m[2m945:[0m Included 3 ancestors & excluded 0 ancestors for proposal in round 281
[2m2025-03-25T07:56:11.560235Z[0m [32m INFO[0m [1mnode[0m[1m{[0m[3mname[0m[2m=[0mk#addeef94..[1m}[0m[2m:[0m [2mconsensus_core::core[0m[2m:[0m [2mconsensus/core/src/core.rs[0m[2m:[0m[2m531:[0m Created block B281(C,toxveEpaYPH8IFUTKW3H24VEUoYpcxpkwbdnIpE8ErY=)(1742889371560ms;[B280(C,Rm8eB20vMkbEK/CFw1en3SHD/vZBH8inE/b218dqMWo=), B280(A,0gBXp+nK/35Nh8/3S5rT/j8Mr123oku3K2dnBTwUUYs=), B280(B,WNUHlORxwfQQlc2z7Wn9+hm+jJZ7A0ZYIbJTa8NMUJE=)];1t;1c) for round 281
[2m2025-03-25T07:56:11.562155Z[0m [32m INFO[0m [1mnode[0m[1m{[0m[3mname[0m[2m=[0mk#99f25ef6..[1m}[0m[2m:[0m [2mconsensus_core::core[0m[2m:[0m [2mconsensus/core/src/core.rs[0m[2m:[0m[2m945:[0m Included 3 ancestors & excluded 0 ancestors for proposal in round 281
[2m2025-03-25T07:56:11.562449Z[0m [32m INFO[0m [1mnode[0m[1m{[0m[3mname[0m[2m=[0mk#99f25ef6..[1m}[0m[2m:[0m [2mconsensus_core::core[0m[2m:[0m [2mconsensus/core/src/core.rs[0m[2m:[0m[2m531:[0m Created block B281(B,PmTQ4O9dTn1Z/JZN0c1dYitc8+lpzkIVz2ate1+ohm4=)(1742889371562ms;[B280(B,WNUHlORxwfQQlc2z7Wn9+hm+jJZ7A0ZYIbJTa8NMUJE=), B280(A,0gBXp+nK/35Nh8/3S5rT/j8Mr123oku3K2dnBTwUUYs=), B280(C,Rm8eB20vMkbEK/CFw1en3SHD/vZBH8inE/b218dqMWo=)];1t;1c) for round 281
[2m2025-03-25T07:56:11.562522Z[0m [32m INFO[0m [1mnode[0m[1m{[0m[3mname[0m[2m=[0mk#99f25ef6..[1m}[0m[2m:[0m [2mconsensus_core::core[0m[2m:[0m [2mconsensus/core/src/core.rs[0m[2m:[0m[2m630:[0m Committing 1 leaders: B279(C,6fYB)
[2m2025-03-25T07:56:11.562597Z[0m [32m INFO[0m [1mnode[0m[1m{[0m[3mname[0m[2m=[0mk#99f25ef6..[1m}[0m[2m:[0m [2mconsensus_core::commit_observer[0m[2m:[0m [2mconsensus/core/src/commit_observer.rs[0m[2m:[0m[2m173:[0m Consensus commit C269(aiMp) with leader B279(C,6fYB) has 3 blocks
[2m2025-03-25T07:56:11.562684Z[0m [32m INFO[0m [1mnode[0m[1m{[0m[3mname[0m[2m=[0mk#99f25ef6..[1m}[0m[2m:[0m [2msui_core::consensus_handler[0m[2m:[0m [2mcrates/sui-core/src/consensus_handler.rs[0m[2m:[0m[2m232:[0m Received consensus output [3mconsensus_commit[0m[2m=[0mCommittedSubDag(leader=B279(C,6fYB), ref=C269(aiMp), blocks=[8obD, A9Pb, 6fYB]) [3mepoch[0m[2m=[0m1
[2m2025-03-25T07:56:11.563325Z[0m [32m INFO[0m [1mnode[0m[1m{[0m[3mname[0m[2m=[0mk#8dcff6d1..[1m}[0m[2m:[0m [2mconsensus_core::core[0m[2m:[0m [2mconsensus/core/src/core.rs[0m[2m:[0m[2m945:[0m Included 3 ancestors & excluded 0 ancestors for proposal in round 281
[2m2025-03-25T07:56:11.563609Z[0m [32m INFO[0m [1mnode[0m[1m{[0m[3mname[0m[2m=[0mk#8dcff6d1..[1m}[0m[2m:[0m [2mconsensus_core::core[0m[2m:[0m [2mconsensus/core/src/core.rs[0m[2m:[0m[2m531:[0m Created block B281(A,F3XlQMuxsIek6SCAiqf7wLlHK6un1yuoppHbYmkG9gM=)(1742889371563ms;[B280(A,0gBXp+nK/35Nh8/3S5rT/j8Mr123oku3K2dnBTwUUYs=), B280(B,WNUHlORxwfQQlc2z7Wn9+hm+jJZ7A0ZYIbJTa8NMUJE=), B280(C,Rm8eB20vMkbEK/CFw1en3SHD/vZBH8inE/b218dqMWo=)];1t;1c) for round 281
[2m2025-03-25T07:56:11.563672Z[0m [32m INFO[0m [1mnode[0m[1m{[0m[3mname[0m[2m=[0mk#8dcff6d1..[1m}[0m[2m:[0m [2mconsensus_core::core[0m[2m:[0m [2mconsensus/core/src/core.rs[0m[2m:[0m[2m630:[0m Committing 1 leaders: B279(C,6fYB)
[2m2025-03-25T07:56:11.563736Z[0m [32m INFO[0m [1mnode[0m[1m{[0m[3mname[0m[2m=[0mk#8dcff6d1..[1m}[0m[2m:[0m [2mconsensus_core::commit_observer[0m[2m:[0m [2mconsensus/core/src/commit_observer.rs[0m[2m:[0m[2m173:[0m Consensus commit C269(aiMp) with leader B279(C,6fYB) has 3 blocks
[2m2025-03-25T07:56:11.563815Z[0m [32m INFO[0m [1mnode[0m[1m{[0m[3mname[0m[2m=[0mk#8dcff6d1..[1m}[0m[2m:[0m [2msui_core::consensus_handler[0m[2m:[0m [2mcrates/sui-core/src/consensus_handler.rs[0m[2m:[0m[2m232:[0m Received consensus output [3mconsensus_commit[0m[2m=[0mCommittedSubDag(leader=B279(C,6fYB), ref=C269(aiMp), blocks=[8obD, A9Pb, 6fYB]) [3mepoch[0m[2m=[0m1
[2m2025-03-25T07:56:11.564979Z[0m [32m INFO[0m [1mnode[0m[1m{[0m[3mname[0m[2m=[0mk#addeef94..[1m}[0m[2m:[0m [2mconsensus_core::core[0m[2m:[0m [2mconsensus/core/src/core.rs[0m[2m:[0m[2m630:[0m Committing 1 leaders: B279(C,6fYB)
[2m2025-03-25T07:56:11.565067Z[0m [32m INFO[0m [1mnode[0m[1m{[0m[3mname[0m[2m=[0mk#addeef94..[1m}[0m[2m:[0m [2mconsensus_core::commit_observer[0m[2m:[0m [2mconsensus/core/src/commit_observer.rs[0m[2m:[0m[2m173:[0m Consensus commit C269(aiMp) with leader B279(C,6fYB) has 3 blocks
[2m2025-03-25T07:56:11.565140Z[0m [32m INFO[0m [1mnode[0m[1m{[0m[3mname[0m[2m=[0mk#addeef94..[1m}[0m[2m:[0m [2msui_core::consensus_handler[0m[2m:[0m [2mcrates/sui-core/src/consensus_handler.rs[0m[2m:[0m[2m232:[0m Received consensus output [3mconsensus_commit[0m[2m=[0mCommittedSubDag(leader=B279(C,6fYB), ref=C269(aiMp), blocks=[8obD, A9Pb, 6fYB]) [3mepoch[0m[2m=[0m1
[2m2025-03-25T07:56:11.589430Z[0m [32m INFO[0m [1mnode[0m[1m{[0m[3mname[0m[2m=[0mk#99f25ef6..[1m}[0m[2m:[0m [2msui_core::checkpoints[0m[2m:[0m [2mcrates/sui-core/src/checkpoints/mod.rs[0m[2m:[0m[2m1326:[0m Creating checkpoint(s) for 2 transactions [3mnext_checkpoint_seq[0m[2m=[0m482 [3mcheckpoint_timestamp[0m[2m=[0m1742889371049
[2m2025-03-25T07:56:11.589746Z[0m [32m INFO[0m [1mnode[0m[1m{[0m[3mname[0m[2m=[0mk#99f25ef6..[1m}[0m[2m:[0m [2msui_core::checkpoints::checkpoint_output[0m[2m:[0m [2mcrates/sui-core/src/checkpoints/checkpoint_output.rs[0m[2m:[0m[2m149:[0m Creating checkpoint CheckpointDigest(8vX9vZ3kizdpzV64iUmqdAyrh5YWNg59quHisB9AeEEE) at epoch 1, sequence 482, previous digest Some(CheckpointDigest(8SJoi75vmLjBVUvVV3313Wq4Z5bG2CgATQiPhGPJpsHg)), transactions count 2, content digest CheckpointContentsDigest(SYTMXsQ63b879ue9TE1w5s49zgDkokwPqTWJSXj44Es), end_of_epoch_data None
[2m2025-03-25T07:56:11.589833Z[0m [32m INFO[0m [1mnode[0m[1m{[0m[3mname[0m[2m=[0mk#8dcff6d1..[1m}[0m[2m:[0m [2msui_core::checkpoints[0m[2m:[0m [2mcrates/sui-core/src/checkpoints/mod.rs[0m[2m:[0m[2m1326:[0m Creating checkpoint(s) for 2 transactions [3mnext_checkpoint_seq[0m[2m=[0m482 [3mcheckpoint_timestamp[0m[2m=[0m1742889371049
[2m2025-03-25T07:56:11.590078Z[0m [32m INFO[0m [1mnode[0m[1m{[0m[3mname[0m[2m=[0mk#8dcff6d1..[1m}[0m[2m:[0m [2msui_core::checkpoints::checkpoint_output[0m[2m:[0m [2mcrates/sui-core/src/checkpoints/checkpoint_output.rs[0m[2m:[0m[2m149:[0m Creating checkpoint CheckpointDigest(8vX9vZ3kizdpzV64iUmqdAyrh5YWNg59quHisB9AeEEE) at epoch 1, sequence 482, previous digest Some(CheckpointDigest(8SJoi75vmLjBVUvVV3313Wq4Z5bG2CgATQiPhGPJpsHg)), transactions count 2, content digest CheckpointContentsDigest(SYTMXsQ63b879ue9TE1w5s49zgDkokwPqTWJSXj44Es), end_of_epoch_data None
[2m2025-03-25T07:56:11.591028Z[0m [32m INFO[0m [1mnode[0m[1m{[0m[3mname[0m[2m=[0mk#addeef94..[1m}[0m[2m:[0m [2msui_core::checkpoints[0m[2m:[0m [2mcrates/sui-core/src/checkpoints/mod.rs[0m[2m:[0m[2m1326:[0m Creating checkpoint(s) for 2 transactions [3mnext_checkpoint_seq[0m[2m=[0m482 [3mcheckpoint_timestamp[0m[2m=[0m1742889371049
[2m2025-03-25T07:56:11.591272Z[0m [32m INFO[0m [1mnode[0m[1m{[0m[3mname[0m[2m=[0mk#addeef94..[1m}[0m[2m:[0m [2msui_core::checkpoints::checkpoint_output[0m[2m:[0m [2mcrates/sui-core/src/checkpoints/checkpoint_output.rs[0m[2m:[0m[2m149:[0m Creating checkpoint CheckpointDigest(8vX9vZ3kizdpzV64iUmqdAyrh5YWNg59quHisB9AeEEE) at epoch 1, sequence 482, previous digest Some(CheckpointDigest(8SJoi75vmLjBVUvVV3313Wq4Z5bG2CgATQiPhGPJpsHg)), transactions count 2, content digest CheckpointContentsDigest(SYTMXsQ63b879ue9TE1w5s49zgDkokwPqTWJSXj44Es), end_of_epoch_data None
[2m2025-03-25T07:56:11.592946Z[0m [32m INFO[0m [1mnode[0m[1m{[0m[3mname[0m[2m=[0mk#99f25ef6..[1m}[0m[2m:[0m [2msui_core::checkpoints::checkpoint_output[0m[2m:[0m [2mcrates/sui-core/src/checkpoints/checkpoint_output.rs[0m[2m:[0m[2m196:[0m Certified checkpoint with sequence 481 and digest 8SJoi75vmLjBVUvVV3313Wq4Z5bG2CgATQiPhGPJpsHg
[2m2025-03-25T07:56:11.593096Z[0m [32m INFO[0m [1mnode[0m[1m{[0m[3mname[0m[2m=[0mk#8dcff6d1..[1m}[0m[2m:[0m [2msui_core::checkpoints::checkpoint_output[0m[2m:[0m [2mcrates/sui-core/src/checkpoints/checkpoint_output.rs[0m[2m:[0m[2m196:[0m Certified checkpoint with sequence 481 and digest 8SJoi75vmLjBVUvVV3313Wq4Z5bG2CgATQiPhGPJpsHg
[2m2025-03-25T07:56:11.593385Z[0m [32m INFO[0m [1mnode[0m[1m{[0m[3mname[0m[2m=[0mk#99f25ef6..[1m}[0m[2m:[0m [2msui_core::checkpoints::checkpoint_executor[0m[2m:[0m [2mcrates/sui-core/src/checkpoints/checkpoint_executor/mod.rs[0m[2m:[0m[2m332:[0m Received checkpoint summary from state sync [3msequence_number[0m[2m=[0m481
[2m2025-03-25T07:56:11.593415Z[0m [32m INFO[0m [1mnode[0m[1m{[0m[3mname[0m[2m=[0mk#8dcff6d1..[1m}[0m[2m:[0m [2msui_core::checkpoints::checkpoint_executor[0m[2m:[0m [2mcrates/sui-core/src/checkpoints/checkpoint_executor/mod.rs[0m[2m:[0m[2m332:[0m Received checkpoint summary from state sync [3msequence_number[0m[2m=[0m481
[2m2025-03-25T07:56:11.594539Z[0m [32m INFO[0m [1mnode[0m[1m{[0m[3mname[0m[2m=[0mk#8dcff6d1..[1m}[0m[2m:[0m [2msui_core::state_accumulator[0m[2m:[0m [2mcrates/sui-core/src/state_accumulator.rs[0m[2m:[0m[2m675:[0m accumulating running root for checkpoint 481
[2m2025-03-25T07:56:11.594540Z[0m [32m INFO[0m [1mnode[0m[1m{[0m[3mname[0m[2m=[0mk#99f25ef6..[1m}[0m[2m:[0m [2msui_core::state_accumulator[0m[2m:[0m [2mcrates/sui-core/src/state_accumulator.rs[0m[2m:[0m[2m675:[0m accumulating running root for checkpoint 481
[2m2025-03-25T07:56:11.596663Z[0m [32m INFO[0m [1mnode[0m[1m{[0m[3mname[0m[2m=[0mk#addeef94..[1m}[0m[2m:[0m [2msui_core::checkpoints::checkpoint_executor[0m[2m:[0m [2mcrates/sui-core/src/checkpoints/checkpoint_executor/mod.rs[0m[2m:[0m[2m332:[0m Received checkpoint summary from state sync [3msequence_number[0m[2m=[0m481
[2m2025-03-25T07:56:11.597358Z[0m [32m INFO[0m [1mnode[0m[1m{[0m[3mname[0m[2m=[0mk#addeef94..[1m}[0m[2m:[0m [2msui_core::state_accumulator[0m[2m:[0m [2mcrates/sui-core/src/state_accumulator.rs[0m[2m:[0m[2m675:[0m accumulating running root for checkpoint 481
[2m2025-03-25T07:56:11.815142Z[0m [32m INFO[0m [1mnode[0m[1m{[0m[3mname[0m[2m=[0mk#99f25ef6..[1m}[0m[2m:[0m [2mconsensus_core::core[0m[2m:[0m [2mconsensus/core/src/core.rs[0m[2m:[0m[2m945:[0m Included 3 ancestors & excluded 0 ancestors for proposal in round 282
[2m2025-03-25T07:56:11.815512Z[0m [32m INFO[0m [1mnode[0m[1m{[0m[3mname[0m[2m=[0mk#99f25ef6..[1m}[0m[2m:[0m [2mconsensus_core::core[0m[2m:[0m [2mconsensus/core/src/core.rs[0m[2m:[0m[2m531:[0m Created block B282(B,uoIyZQukYOI1vOe2md/mp4Cn1MYGDvdVu/FH+zWmxL0=)(1742889371815ms;[B281(B,PmTQ4O9dTn1Z/JZN0c1dYitc8+lpzkIVz2ate1+ohm4=), B281(A,F3XlQMuxsIek6SCAiqf7wLlHK6un1yuoppHbYmkG9gM=), B281(C,toxveEpaYPH8IFUTKW3H24VEUoYpcxpkwbdnIpE8ErY=)];1t;1c) for round 282
[2m2025-03-25T07:56:11.817169Z[0m [32m INFO[0m [1mnode[0m[1m{[0m[3mname[0m[2m=[0mk#addeef94..[1m}[0m[2m:[0m [2mconsensus_core::core[0m[2m:[0m [2mconsensus/core/src/core.rs[0m[2m:[0m[2m945:[0m Included 3 ancestors & excluded 0 ancestors for proposal in round 282
[2m2025-03-25T07:56:11.817169Z[0m [32m INFO[0m [1mnode[0m[1m{[0m[3mname[0m[2m=[0mk#8dcff6d1..[1m}[0m[2m:[0m [2mconsensus_core::core[0m[2m:[0m [2mconsensus/core/src/core.rs[0m[2m:[0m[2m945:[0m Included 3 ancestors & excluded 0 ancestors for proposal in round 282
[2m2025-03-25T07:56:11.817461Z[0m [32m INFO[0m [1mnode[0m[1m{[0m[3mname[0m[2m=[0mk#addeef94..[1m}[0m[2m:[0m [2mconsensus_core::core[0m[2m:[0m [2mconsensus/core/src/core.rs[0m[2m:[0m[2m531:[0m Created block B282(C,b+z13osVBhlzw9FHlPXCYMXWBd1Wd3hTDqb9r5BfTSE=)(1742889371817ms;[B281(C,toxveEpaYPH8IFUTKW3H24VEUoYpcxpkwbdnIpE8ErY=), B281(A,F3XlQMuxsIek6SCAiqf7wLlHK6un1yuoppHbYmkG9gM=), B281(B,PmTQ4O9dTn1Z/JZN0c1dYitc8+lpzkIVz2ate1+ohm4=)];1t;1c) for round 282
[2m2025-03-25T07:56:11.817459Z[0m [32m INFO[0m [1mnode[0m[1m{[0m[3mname[0m[2m=[0mk#8dcff6d1..[1m}[0m[2m:[0m [2mconsensus_core::core[0m[2m:[0m [2mconsensus/core/src/core.rs[0m[2m:[0m[2m531:[0m Created block B282(A,dRK86EHANUWT9PgiO8rzebFHgrXSgMhI6uwM5Ou6cog=)(1742889371817ms;[B281(A,F3XlQMuxsIek6SCAiqf7wLlHK6un1yuoppHbYmkG9gM=), B281(B,PmTQ4O9dTn1Z/JZN0c1dYitc8+lpzkIVz2ate1+ohm4=), B281(C,toxveEpaYPH8IFUTKW3H24VEUoYpcxpkwbdnIpE8ErY=)];1t;1c) for round 282
[2m2025-03-25T07:56:11.817602Z[0m [32m INFO[0m [1mnode[0m[1m{[0m[3mname[0m[2m=[0mk#addeef94..[1m}[0m[2m:[0m [2mconsensus_core::core[0m[2m:[0m [2mconsensus/core/src/core.rs[0m[2m:[0m[2m630:[0m Committing 1 leaders: B280(C,Rm8e)
[2m2025-03-25T07:56:11.817692Z[0m [32m INFO[0m [1mnode[0m[1m{[0m[3mname[0m[2m=[0mk#addeef94..[1m}[0m[2m:[0m [2mconsensus_core::commit_observer[0m[2m:[0m [2mconsensus/core/src/commit_observer.rs[0m[2m:[0m[2m173:[0m Consensus commit C270(kget) with leader B280(C,Rm8e) has 3 blocks
[2m2025-03-25T07:56:11.817993Z[0m [32m INFO[0m [1mnode[0m[1m{[0m[3mname[0m[2m=[0mk#addeef94..[1m}[0m[2m:[0m [2msui_core::consensus_handler[0m[2m:[0m [2mcrates/sui-core/src/consensus_handler.rs[0m[2m:[0m[2m232:[0m Received consensus output [3mconsensus_commit[0m[2m=[0mCommittedSubDag(leader=B280(C,Rm8e), ref=C270(kget), blocks=[aReB, sxC1, Rm8e]) [3mepoch[0m[2m=[0m1
[2m2025-03-25T07:56:11.821076Z[0m [32m INFO[0m [1mnode[0m[1m{[0m[3mname[0m[2m=[0mk#8dcff6d1..[1m}[0m[2m:[0m [2msui_core::checkpoints::checkpoint_output[0m[2m:[0m [2mcrates/sui-core/src/checkpoints/checkpoint_output.rs[0m[2m:[0m[2m196:[0m Certified checkpoint with sequence 482 and digest 8vX9vZ3kizdpzV64iUmqdAyrh5YWNg59quHisB9AeEEE
[2m2025-03-25T07:56:11.821184Z[0m [32m INFO[0m [1mnode[0m[1m{[0m[3mname[0m[2m=[0mk#8dcff6d1..[1m}[0m[2m:[0m [2mconsensus_core::core[0m[2m:[0m [2mconsensus/core/src/core.rs[0m[2m:[0m[2m630:[0m Committing 1 leaders: B280(C,Rm8e)
[2m2025-03-25T07:56:11.821281Z[0m [32m INFO[0m [1mnode[0m[1m{[0m[3mname[0m[2m=[0mk#8dcff6d1..[1m}[0m[2m:[0m [2mconsensus_core::commit_observer[0m[2m:[0m [2mconsensus/core/src/commit_observer.rs[0m[2m:[0m[2m173:[0m Consensus commit C270(kget) with leader B280(C,Rm8e) has 3 blocks
[2m2025-03-25T07:56:11.821553Z[0m [32m INFO[0m [1mnode[0m[1m{[0m[3mname[0m[2m=[0mk#99f25ef6..[1m}[0m[2m:[0m [2msui_core::checkpoints::checkpoint_output[0m[2m:[0m [2mcrates/sui-core/src/checkpoints/checkpoint_output.rs[0m[2m:[0m[2m196:[0m Certified checkpoint with sequence 482 and digest 8vX9vZ3kizdpzV64iUmqdAyrh5YWNg59quHisB9AeEEE
[2m2025-03-25T07:56:11.821661Z[0m [32m INFO[0m [1mnode[0m[1m{[0m[3mname[0m[2m=[0mk#99f25ef6..[1m}[0m[2m:[0m [2mconsensus_core::core[0m[2m:[0m [2mconsensus/core/src/core.rs[0m[2m:[0m[2m630:[0m Committing 1 leaders: B280(C,Rm8e)
[2m2025-03-25T07:56:11.821722Z[0m [32m INFO[0m [1mnode[0m[1m{[0m[3mname[0m[2m=[0mk#8dcff6d1..[1m}[0m[2m:[0m [2msui_core::consensus_handler[0m[2m:[0m [2mcrates/sui-core/src/consensus_handler.rs[0m[2m:[0m[2m232:[0m Received consensus output [3mconsensus_commit[0m[2m=[0mCommittedSubDag(leader=B280(C,Rm8e), ref=C270(kget), blocks=[aReB, sxC1, Rm8e]) [3mepoch[0m[2m=[0m1
[2m2025-03-25T07:56:11.821768Z[0m [32m INFO[0m [1mnode[0m[1m{[0m[3mname[0m[2m=[0mk#99f25ef6..[1m}[0m[2m:[0m [2mconsensus_core::commit_observer[0m[2m:[0m [2mconsensus/core/src/commit_observer.rs[0m[2m:[0m[2m173:[0m Consensus commit C270(kget) with leader B280(C,Rm8e) has 3 blocks
[2m2025-03-25T07:56:11.822178Z[0m [32m INFO[0m [1mnode[0m[1m{[0m[3mname[0m[2m=[0mk#99f25ef6..[1m}[0m[2m:[0m [2msui_core::consensus_handler[0m[2m:[0m [2mcrates/sui-core/src/consensus_handler.rs[0m[2m:[0m[2m232:[0m Received consensus output [3mconsensus_commit[0m[2m=[0mCommittedSubDag(leader=B280(C,Rm8e), ref=C270(kget), blocks=[aReB, sxC1, Rm8e]) [3mepoch[0m[2m=[0m1
[2m2025-03-25T07:56:11.822333Z[0m [32m INFO[0m [1mnode[0m[1m{[0m[3mname[0m[2m=[0mk#8dcff6d1..[1m}[0m[2m:[0m [2msui_core::checkpoints::checkpoint_executor[0m[2m:[0m [2mcrates/sui-core/src/checkpoints/checkpoint_executor/mod.rs[0m[2m:[0m[2m332:[0m Received checkpoint summary from state sync [3msequence_number[0m[2m=[0m482
[2m2025-03-25T07:56:11.822767Z[0m [32m INFO[0m [1mnode[0m[1m{[0m[3mname[0m[2m=[0mk#99f25ef6..[1m}[0m[2m:[0m [2msui_core::checkpoints::checkpoint_executor[0m[2m:[0m [2mcrates/sui-core/src/checkpoints/checkpoint_executor/mod.rs[0m[2m:[0m[2m332:[0m Received checkpoint summary from state sync [3msequence_number[0m[2m=[0m482
[2m2025-03-25T07:56:11.835888Z[0m [32m INFO[0m [1mnode[0m[1m{[0m[3mname[0m[2m=[0mk#8dcff6d1..[1m}[0m[2m:[0m [2msui_core::state_accumulator[0m[2m:[0m [2mcrates/sui-core/src/state_accumulator.rs[0m[2m:[0m[2m675:[0m accumulating running root for checkpoint 482
[2m2025-03-25T07:56:11.836018Z[0m [32m INFO[0m [1mnode[0m[1m{[0m[3mname[0m[2m=[0mk#99f25ef6..[1m}[0m[2m:[0m [2msui_core::state_accumulator[0m[2m:[0m [2mcrates/sui-core/src/state_accumulator.rs[0m[2m:[0m[2m675:[0m accumulating running root for checkpoint 482
[2m2025-03-25T07:56:11.862122Z[0m [32m INFO[0m [1mnode[0m[1m{[0m[3mname[0m[2m=[0mk#addeef94..[1m}[0m[2m:[0m [2msui_core::checkpoints[0m[2m:[0m [2mcrates/sui-core/src/checkpoints/mod.rs[0m[2m:[0m[2m1326:[0m Creating checkpoint(s) for 1 transactions [3mnext_checkpoint_seq[0m[2m=[0m483 [3mcheckpoint_timestamp[0m[2m=[0m1742889371307
[2m2025-03-25T07:56:11.862354Z[0m [32m INFO[0m [1mnode[0m[1m{[0m[3mname[0m[2m=[0mk#addeef94..[1m}[0m[2m:[0m [2msui_core::checkpoints::checkpoint_output[0m[2m:[0m [2mcrates/sui-core/src/checkpoints/checkpoint_output.rs[0m[2m:[0m[2m149:[0m Creating checkpoint CheckpointDigest(2LhsMXpfphwMgmD9294oYBGb5Mak7SnJvRvZdsY68ebh) at epoch 1, sequence 483, previous digest Some(CheckpointDigest(8vX9vZ3kizdpzV64iUmqdAyrh5YWNg59quHisB9AeEEE)), transactions count 1, content digest CheckpointContentsDigest(57kUcPHi7NifvRQDrLScdHFLb1ggVRgzx4jN8eZLBvjw), end_of_epoch_data None
[2m2025-03-25T07:56:11.866909Z[0m [32m INFO[0m [1mnode[0m[1m{[0m[3mname[0m[2m=[0mk#8dcff6d1..[1m}[0m[2m:[0m [2msui_core::checkpoints[0m[2m:[0m [2mcrates/sui-core/src/checkpoints/mod.rs[0m[2m:[0m[2m1326:[0m Creating checkpoint(s) for 1 transactions [3mnext_checkpoint_seq[0m[2m=[0m483 [3mcheckpoint_timestamp[0m[2m=[0m1742889371307
[2m2025-03-25T07:56:11.867028Z[0m [32m INFO[0m [1mnode[0m[1m{[0m[3mname[0m[2m=[0mk#99f25ef6..[1m}[0m[2m:[0m [2msui_core::checkpoints[0m[2m:[0m [2mcrates/sui-core/src/checkpoints/mod.rs[0m[2m:[0m[2m1326:[0m Creating checkpoint(s) for 1 transactions [3mnext_checkpoint_seq[0m[2m=[0m483 [3mcheckpoint_timestamp[0m[2m=[0m1742889371307
[2m2025-03-25T07:56:11.867092Z[0m [32m INFO[0m [1mnode[0m[1m{[0m[3mname[0m[2m=[0mk#8dcff6d1..[1m}[0m[2m:[0m [2msui_core::checkpoints::checkpoint_output[0m[2m:[0m [2mcrates/sui-core/src/checkpoints/checkpoint_output.rs[0m[2m:[0m[2m149:[0m Creating checkpoint CheckpointDigest(2LhsMXpfphwMgmD9294oYBGb5Mak7SnJvRvZdsY68ebh) at epoch 1, sequence 483, previous digest Some(CheckpointDigest(8vX9vZ3kizdpzV64iUmqdAyrh5YWNg59quHisB9AeEEE)), transactions count 1, content digest CheckpointContentsDigest(57kUcPHi7NifvRQDrLScdHFLb1ggVRgzx4jN8eZLBvjw), end_of_epoch_data None
[2m2025-03-25T07:56:11.867198Z[0m [32m INFO[0m [1mnode[0m[1m{[0m[3mname[0m[2m=[0mk#99f25ef6..[1m}[0m[2m:[0m [2msui_core::checkpoints::checkpoint_output[0m[2m:[0m [2mcrates/sui-core/src/checkpoints/checkpoint_output.rs[0m[2m:[0m[2m149:[0m Creating checkpoint CheckpointDigest(2LhsMXpfphwMgmD9294oYBGb5Mak7SnJvRvZdsY68ebh) at epoch 1, sequence 483, previous digest Some(CheckpointDigest(8vX9vZ3kizdpzV64iUmqdAyrh5YWNg59quHisB9AeEEE)), transactions count 1, content digest CheckpointContentsDigest(57kUcPHi7NifvRQDrLScdHFLb1ggVRgzx4jN8eZLBvjw), end_of_epoch_data None
[2m2025-03-25T07:56:11.930290Z[0m [32m INFO[0m [1mnode[0m[1m{[0m[3mname[0m[2m=[0mk#addeef94..[1m}[0m[2m:[0m [2msui_core::checkpoints::checkpoint_executor[0m[2m:[0m [2mcrates/sui-core/src/checkpoints/checkpoint_executor/mod.rs[0m[2m:[0m[2m332:[0m Received checkpoint summary from state sync [3msequence_number[0m[2m=[0m482
[2m2025-03-25T07:56:11.931772Z[0m [32m INFO[0m [1mnode[0m[1m{[0m[3mname[0m[2m=[0mk#addeef94..[1m}[0m[2m:[0m [2msui_core::state_accumulator[0m[2m:[0m [2mcrates/sui-core/src/state_accumulator.rs[0m[2m:[0m[2m675:[0m accumulating running root for checkpoint 482
[2m2025-03-25T07:56:11.995632Z[0m [32m INFO[0m [1mnode[0m[1m{[0m[3mname[0m[2m=[0mk#b3f3cbb4..[1m}[0m[2m:[0m [2msui_core::state_accumulator[0m[2m:[0m [2mcrates/sui-core/src/state_accumulator.rs[0m[2m:[0m[2m675:[0m accumulating running root for checkpoint 458
[2m2025-03-25T07:56:12.024691Z[0m [32m INFO[0m [1mnode[0m[1m{[0m[3mname[0m[2m=[0mk#b3f3cbb4..[1m}[0m[2m:[0m[1mjson-rpc-request[0m[2m:[0m[1mquery_transaction_blocks[0m[1m{[0m[3mquery[0m[2m=[0mSuiTransactionBlockResponseQuery { filter: Some(InputObject(0x0000000000000000000000000000000000000000000000000000000000000009)), options: Some(SuiTransactionBlockResponseOptions { show_input: true, show_raw_input: true, show_effects: true, show_events: true, show_object_changes: true, show_balance_changes: true, show_raw_effects: false }) } [3mcursor[0m[2m=[0mNone [3mlimit[0m[2m=[0mNone [3mdescending_order[0m[2m=[0mSome(false)[1m}[0m[2m:[0m[1mmulti_get_transaction_blocks[0m[1m{[0m[3mdigests[0m[2m=[0m[TransactionDigest(HmJumD9Cs74Ha5kH459s957FZZTfeqHYPc2c4T5vMcqC), TransactionDigest(7KDGKp2U4z3Q6tNCFr66LU3KkeMf85Hn7he7UPimudM1), TransactionDigest(5PJnRU85kVz4ZjUsqa1JkNkd3oxS3ahKT2F1qcxZ3LyT), TransactionDigest(3fn4LrtKUi7kWoFVGixZGHewCtDLiFPF8V1LKnQZp2bQ), TransactionDigest(2vemm15iiyNMyTJLPL4NHbDSsWUkT5YQw4LteTgeHbaR), TransactionDigest(93wvFyRBiwaspR1S3374bgH9Huw5r1Mn97BA676mvnmz), TransactionDigest(2AWUvmtUddz9BkaccL8PzbNv9Xh5fdMMwitzDpypz688), TransactionDigest(cShBDD7ZBbi7LkyBGB7VWpLkUh7fQcawXWX3xRMegWS), TransactionDigest(CZjVMajkjNeXkGbaU9Qh53fY16SGcTTLrfPAMkNjAa2G), TransactionDigest(EBG9YJbXHxx435mnJkskPLwCybauGBwVK5cX2y9kCo5z), TransactionDigest(7syEwMa8T1B6Eo2s1uVukZmTo2crkkhEyGFrNVd7KX3S)] [3mopts[0m[2m=[0mSome(SuiTransactionBlockResponseOptions { show_input: true, show_raw_input: true, show_effects: true, show_events: true, show_object_changes: true, show_balance_changes: true, show_raw_effects: false })[1m}[0m[2m:[0m [2msui_json_rpc::read_api[0m[2m:[0m [2mcrates/sui-json-rpc/src/read_api.rs[0m[2m:[0m[2m880:[0m RPC took longer than threshold to complete. [3melapsed[0m[2m=[0m3.692871625s
[2m2025-03-25T07:56:12.024719Z[0m [32m INFO[0m [1mnode[0m[1m{[0m[3mname[0m[2m=[0mk#b3f3cbb4..[1m}[0m[2m:[0m[1mjson-rpc-request[0m[2m:[0m[1mquery_transaction_blocks[0m[1m{[0m[3mquery[0m[2m=[0mSuiTransactionBlockResponseQuery { filter: Some(InputObject(0x0000000000000000000000000000000000000000000000000000000000000009)), options: Some(SuiTransactionBlockResponseOptions { show_input: true, show_raw_input: true, show_effects: true, show_events: true, show_object_changes: true, show_balance_changes: true, show_raw_effects: false }) } [3mcursor[0m[2m=[0mNone [3mlimit[0m[2m=[0mNone [3mdescending_order[0m[2m=[0mSome(false)[1m}[0m[2m:[0m [2msui_json_rpc::indexer_api[0m[2m:[0m [2mcrates/sui-json-rpc/src/indexer_api.rs[0m[2m:[0m[2m203:[0m RPC took longer than threshold to complete. [3melapsed[0m[2m=[0m3.693254833s
[2m2025-03-25T07:56:12.066493Z[0m [32m INFO[0m [1mnode[0m[1m{[0m[3mname[0m[2m=[0mk#b3f3cbb4..[1m}[0m[2m:[0m [2msui_core::state_accumulator[0m[2m:[0m [2mcrates/sui-core/src/state_accumulator.rs[0m[2m:[0m[2m675:[0m accumulating running root for checkpoint 459
[2m2025-03-25T07:56:12.069503Z[0m [32m INFO[0m [1mnode[0m[1m{[0m[3mname[0m[2m=[0mk#addeef94..[1m}[0m[2m:[0m [2mconsensus_core::core[0m[2m:[0m [2mconsensus/core/src/core.rs[0m[2m:[0m[2m945:[0m Included 3 ancestors & excluded 0 ancestors for proposal in round 283
[2m2025-03-25T07:56:12.069935Z[0m [32m INFO[0m [1mnode[0m[1m{[0m[3mname[0m[2m=[0mk#addeef94..[1m}[0m[2m:[0m [2mconsensus_core::core[0m[2m:[0m [2mconsensus/core/src/core.rs[0m[2m:[0m[2m531:[0m Created block B283(C,/1YP3ECp8HoweafpUINmCvBEpBiNqQERggGz416ofVg=)(1742889372069ms;[B282(C,b+z13osVBhlzw9FHlPXCYMXWBd1Wd3hTDqb9r5BfTSE=), B282(A,dRK86EHANUWT9PgiO8rzebFHgrXSgMhI6uwM5Ou6cog=), B282(B,uoIyZQukYOI1vOe2md/mp4Cn1MYGDvdVu/FH+zWmxL0=)];1t;1c) for round 283
[2m2025-03-25T07:56:12.072927Z[0m [32m INFO[0m [1mnode[0m[1m{[0m[3mname[0m[2m=[0mk#8dcff6d1..[1m}[0m[2m:[0m [2mconsensus_core::core[0m[2m:[0m [2mconsensus/core/src/core.rs[0m[2m:[0m[2m945:[0m Included 3 ancestors & excluded 0 ancestors for proposal in round 283
[2m2025-03-25T07:56:12.073216Z[0m [32m INFO[0m [1mnode[0m[1m{[0m[3mname[0m[2m=[0mk#8dcff6d1..[1m}[0m[2m:[0m [2mconsensus_core::core[0m[2m:[0m [2mconsensus/core/src/core.rs[0m[2m:[0m[2m531:[0m Created block B283(A,aIjo5V3Ri5QTtimRvPEZHW8lK/3x1Zn/rWJLjX188oI=)(1742889372073ms;[B282(A,dRK86EHANUWT9PgiO8rzebFHgrXSgMhI6uwM5Ou6cog=), B282(B,uoIyZQukYOI1vOe2md/mp4Cn1MYGDvdVu/FH+zWmxL0=), B282(C,b+z13osVBhlzw9FHlPXCYMXWBd1Wd3hTDqb9r5BfTSE=)];1t;1c) for round 283
[2m2025-03-25T07:56:12.073284Z[0m [32m INFO[0m [1mnode[0m[1m{[0m[3mname[0m[2m=[0mk#8dcff6d1..[1m}[0m[2m:[0m [2mconsensus_core::core[0m[2m:[0m [2mconsensus/core/src/core.rs[0m[2m:[0m[2m630:[0m Committing 1 leaders: B281(B,PmTQ)
[2m2025-03-25T07:56:12.073354Z[0m [32m INFO[0m [1mnode[0m[1m{[0m[3mname[0m[2m=[0mk#8dcff6d1..[1m}[0m[2m:[0m [2mconsensus_core::commit_observer[0m[2m:[0m [2mconsensus/core/src/commit_observer.rs[0m[2m:[0m[2m173:[0m Consensus commit C271(fETo) with leader B281(B,PmTQ) has 3 blocks
[2m2025-03-25T07:56:12.073441Z[0m [32m INFO[0m [1mnode[0m[1m{[0m[3mname[0m[2m=[0mk#8dcff6d1..[1m}[0m[2m:[0m [2msui_core::consensus_handler[0m[2m:[0m [2mcrates/sui-core/src/consensus_handler.rs[0m[2m:[0m[2m232:[0m Received consensus output [3mconsensus_commit[0m[2m=[0mCommittedSubDag(leader=B281(B,PmTQ), ref=C271(fETo), blocks=[0gBX, WNUH, PmTQ]) [3mepoch[0m[2m=[0m1
[2m2025-03-25T07:56:12.074052Z[0m [32m INFO[0m [1mnode[0m[1m{[0m[3mname[0m[2m=[0mk#99f25ef6..[1m}[0m[2m:[0m [2mconsensus_core::core[0m[2m:[0m [2mconsensus/core/src/core.rs[0m[2m:[0m[2m945:[0m Included 3 ancestors & excluded 0 ancestors for proposal in round 283
[2m2025-03-25T07:56:12.074344Z[0m [32m INFO[0m [1mnode[0m[1m{[0m[3mname[0m[2m=[0mk#99f25ef6..[1m}[0m[2m:[0m [2mconsensus_core::core[0m[2m:[0m [2mconsensus/core/src/core.rs[0m[2m:[0m[2m531:[0m Created block B283(B,bZTzad8P6hU6KvO95ofPif0VOtKH5EwyiR/uLzrqn/o=)(1742889372074ms;[B282(B,uoIyZQukYOI1vOe2md/mp4Cn1MYGDvdVu/FH+zWmxL0=), B282(A,dRK86EHANUWT9PgiO8rzebFHgrXSgMhI6uwM5Ou6cog=), B282(C,b+z13osVBhlzw9FHlPXCYMXWBd1Wd3hTDqb9r5BfTSE=)];1t;1c) for round 283
[2m2025-03-25T07:56:12.074410Z[0m [32m INFO[0m [1mnode[0m[1m{[0m[3mname[0m[2m=[0mk#99f25ef6..[1m}[0m[2m:[0m [2mconsensus_core::core[0m[2m:[0m [2mconsensus/core/src/core.rs[0m[2m:[0m[2m630:[0m Committing 1 leaders: B281(B,PmTQ)
[2m2025-03-25T07:56:12.074476Z[0m [32m INFO[0m [1mnode[0m[1m{[0m[3mname[0m[2m=[0mk#99f25ef6..[1m}[0m[2m:[0m [2mconsensus_core::commit_observer[0m[2m:[0m [2mconsensus/core/src/commit_observer.rs[0m[2m:[0m[2m173:[0m Consensus commit C271(fETo) with leader B281(B,PmTQ) has 3 blocks
[2m2025-03-25T07:56:12.074561Z[0m [32m INFO[0m [1mnode[0m[1m{[0m[3mname[0m[2m=[0mk#99f25ef6..[1m}[0m[2m:[0m [2msui_core::consensus_handler[0m[2m:[0m [2mcrates/sui-core/src/consensus_handler.rs[0m[2m:[0m[2m232:[0m Received consensus output [3mconsensus_commit[0m[2m=[0mCommittedSubDag(leader=B281(B,PmTQ), ref=C271(fETo), blocks=[0gBX, WNUH, PmTQ]) [3mepoch[0m[2m=[0m1
[2m2025-03-25T07:56:12.075703Z[0m [32m INFO[0m [1mnode[0m[1m{[0m[3mname[0m[2m=[0mk#addeef94..[1m}[0m[2m:[0m [2mconsensus_core::core[0m[2m:[0m [2mconsensus/core/src/core.rs[0m[2m:[0m[2m630:[0m Committing 1 leaders: B281(B,PmTQ)
[2m2025-03-25T07:56:12.075794Z[0m [32m INFO[0m [1mnode[0m[1m{[0m[3mname[0m[2m=[0mk#addeef94..[1m}[0m[2m:[0m [2mconsensus_core::commit_observer[0m[2m:[0m [2mconsensus/core/src/commit_observer.rs[0m[2m:[0m[2m173:[0m Consensus commit C271(fETo) with leader B281(B,PmTQ) has 3 blocks
[2m2025-03-25T07:56:12.075868Z[0m [32m INFO[0m [1mnode[0m[1m{[0m[3mname[0m[2m=[0mk#addeef94..[1m}[0m[2m:[0m [2msui_core::consensus_handler[0m[2m:[0m [2mcrates/sui-core/src/consensus_handler.rs[0m[2m:[0m[2m232:[0m Received consensus output [3mconsensus_commit[0m[2m=[0mCommittedSubDag(leader=B281(B,PmTQ), ref=C271(fETo), blocks=[0gBX, WNUH, PmTQ]) [3mepoch[0m[2m=[0m1
[2m2025-03-25T07:56:12.099791Z[0m [32m INFO[0m [1mnode[0m[1m{[0m[3mname[0m[2m=[0mk#8dcff6d1..[1m}[0m[2m:[0m [2msui_core::checkpoints[0m[2m:[0m [2mcrates/sui-core/src/checkpoints/mod.rs[0m[2m:[0m[2m1326:[0m Creating checkpoint(s) for 2 transactions [3mnext_checkpoint_seq[0m[2m=[0m484 [3mcheckpoint_timestamp[0m[2m=[0m1742889371562
[2m2025-03-25T07:56:12.100095Z[0m [32m INFO[0m [1mnode[0m[1m{[0m[3mname[0m[2m=[0mk#8dcff6d1..[1m}[0m[2m:[0m [2msui_core::checkpoints::checkpoint_output[0m[2m:[0m [2mcrates/sui-core/src/checkpoints/checkpoint_output.rs[0m[2m:[0m[2m149:[0m Creating checkpoint CheckpointDigest(7T5gQkmDSrNwPb4Z4WAoeqiovq8YFgjn2B349aHX48zv) at epoch 1, sequence 484, previous digest Some(CheckpointDigest(2LhsMXpfphwMgmD9294oYBGb5Mak7SnJvRvZdsY68ebh)), transactions count 2, content digest CheckpointContentsDigest(FvZJHj3RnJaeXwyf1UqqFe3iu7UMVvw7vneANnkW5z11), end_of_epoch_data None
[2m2025-03-25T07:56:12.100603Z[0m [32m INFO[0m [1mnode[0m[1m{[0m[3mname[0m[2m=[0mk#99f25ef6..[1m}[0m[2m:[0m [2msui_core::checkpoints[0m[2m:[0m [2mcrates/sui-core/src/checkpoints/mod.rs[0m[2m:[0m[2m1326:[0m Creating checkpoint(s) for 2 transactions [3mnext_checkpoint_seq[0m[2m=[0m484 [3mcheckpoint_timestamp[0m[2m=[0m1742889371562
[2m2025-03-25T07:56:12.100859Z[0m [32m INFO[0m [1mnode[0m[1m{[0m[3mname[0m[2m=[0mk#99f25ef6..[1m}[0m[2m:[0m [2msui_core::checkpoints::checkpoint_output[0m[2m:[0m [2mcrates/sui-core/src/checkpoints/checkpoint_output.rs[0m[2m:[0m[2m149:[0m Creating checkpoint CheckpointDigest(7T5gQkmDSrNwPb4Z4WAoeqiovq8YFgjn2B349aHX48zv) at epoch 1, sequence 484, previous digest Some(CheckpointDigest(2LhsMXpfphwMgmD9294oYBGb5Mak7SnJvRvZdsY68ebh)), transactions count 2, content digest CheckpointContentsDigest(FvZJHj3RnJaeXwyf1UqqFe3iu7UMVvw7vneANnkW5z11), end_of_epoch_data None
[2m2025-03-25T07:56:12.101836Z[0m [32m INFO[0m [1mnode[0m[1m{[0m[3mname[0m[2m=[0mk#addeef94..[1m}[0m[2m:[0m [2msui_core::checkpoints[0m[2m:[0m [2mcrates/sui-core/src/checkpoints/mod.rs[0m[2m:[0m[2m1326:[0m Creating checkpoint(s) for 2 transactions [3mnext_checkpoint_seq[0m[2m=[0m484 [3mcheckpoint_timestamp[0m[2m=[0m1742889371562
[2m2025-03-25T07:56:12.102085Z[0m [32m INFO[0m [1mnode[0m[1m{[0m[3mname[0m[2m=[0mk#addeef94..[1m}[0m[2m:[0m [2msui_core::checkpoints::checkpoint_output[0m[2m:[0m [2mcrates/sui-core/src/checkpoints/checkpoint_output.rs[0m[2m:[0m[2m149:[0m Creating checkpoint CheckpointDigest(7T5gQkmDSrNwPb4Z4WAoeqiovq8YFgjn2B349aHX48zv) at epoch 1, sequence 484, previous digest Some(CheckpointDigest(2LhsMXpfphwMgmD9294oYBGb5Mak7SnJvRvZdsY68ebh)), transactions count 2, content digest CheckpointContentsDigest(FvZJHj3RnJaeXwyf1UqqFe3iu7UMVvw7vneANnkW5z11), end_of_epoch_data None
[2m2025-03-25T07:56:12.103391Z[0m [32m INFO[0m [1mnode[0m[1m{[0m[3mname[0m[2m=[0mk#8dcff6d1..[1m}[0m[2m:[0m [2msui_core::checkpoints::checkpoint_output[0m[2m:[0m [2mcrates/sui-core/src/checkpoints/checkpoint_output.rs[0m[2m:[0m[2m196:[0m Certified checkpoint with sequence 483 and digest 2LhsMXpfphwMgmD9294oYBGb5Mak7SnJvRvZdsY68ebh
[2m2025-03-25T07:56:12.103845Z[0m [32m INFO[0m [1mnode[0m[1m{[0m[3mname[0m[2m=[0mk#99f25ef6..[1m}[0m[2m:[0m [2msui_core::checkpoints::checkpoint_output[0m[2m:[0m [2mcrates/sui-core/src/checkpoints/checkpoint_output.rs[0m[2m:[0m[2m196:[0m Certified checkpoint with sequence 483 and digest 2LhsMXpfphwMgmD9294oYBGb5Mak7SnJvRvZdsY68ebh
[2m2025-03-25T07:56:12.103901Z[0m [32m INFO[0m [1mnode[0m[1m{[0m[3mname[0m[2m=[0mk#8dcff6d1..[1m}[0m[2m:[0m [2msui_core::checkpoints::checkpoint_executor[0m[2m:[0m [2mcrates/sui-core/src/checkpoints/checkpoint_executor/mod.rs[0m[2m:[0m[2m332:[0m Received checkpoint summary from state sync [3msequence_number[0m[2m=[0m483
[2m2025-03-25T07:56:12.104326Z[0m [32m INFO[0m [1mnode[0m[1m{[0m[3mname[0m[2m=[0mk#99f25ef6..[1m}[0m[2m:[0m [2msui_core::checkpoints::checkpoint_executor[0m[2m:[0m [2mcrates/sui-core/src/checkpoints/checkpoint_executor/mod.rs[0m[2m:[0m[2m332:[0m Received checkpoint summary from state sync [3msequence_number[0m[2m=[0m483
[2m2025-03-25T07:56:12.104996Z[0m [32m INFO[0m [1mnode[0m[1m{[0m[3mname[0m[2m=[0mk#8dcff6d1..[1m}[0m[2m:[0m [2msui_core::state_accumulator[0m[2m:[0m [2mcrates/sui-core/src/state_accumulator.rs[0m[2m:[0m[2m675:[0m accumulating running root for checkpoint 483
[2m2025-03-25T07:56:12.105287Z[0m [32m INFO[0m [1mnode[0m[1m{[0m[3mname[0m[2m=[0mk#99f25ef6..[1m}[0m[2m:[0m [2msui_core::state_accumulator[0m[2m:[0m [2mcrates/sui-core/src/state_accumulator.rs[0m[2m:[0m[2m675:[0m accumulating running root for checkpoint 483
[2m2025-03-25T07:56:12.106916Z[0m [32m INFO[0m [1mnode[0m[1m{[0m[3mname[0m[2m=[0mk#addeef94..[1m}[0m[2m:[0m [2msui_core::checkpoints::checkpoint_executor[0m[2m:[0m [2mcrates/sui-core/src/checkpoints/checkpoint_executor/mod.rs[0m[2m:[0m[2m332:[0m Received checkpoint summary from state sync [3msequence_number[0m[2m=[0m483
[2m2025-03-25T07:56:12.107630Z[0m [32m INFO[0m [1mnode[0m[1m{[0m[3mname[0m[2m=[0mk#addeef94..[1m}[0m[2m:[0m [2msui_core::state_accumulator[0m[2m:[0m [2mcrates/sui-core/src/state_accumulator.rs[0m[2m:[0m[2m675:[0m accumulating running root for checkpoint 483
[2m2025-03-25T07:56:12.110882Z[0m [32m INFO[0m [1mnode[0m[1m{[0m[3mname[0m[2m=[0mk#b3f3cbb4..[1m}[0m[2m:[0m [2msui_core::state_accumulator[0m[2m:[0m [2mcrates/sui-core/src/state_accumulator.rs[0m[2m:[0m[2m675:[0m accumulating running root for checkpoint 460
[2m2025-03-25T07:56:12.145579Z[0m [32m INFO[0m [1mnode[0m[1m{[0m[3mname[0m[2m=[0mk#b3f3cbb4..[1m}[0m[2m:[0m [2msui_core::state_accumulator[0m[2m:[0m [2mcrates/sui-core/src/state_accumulator.rs[0m[2m:[0m[2m675:[0m accumulating running root for checkpoint 461
[2m2025-03-25T07:56:12.146038Z[0m [32m INFO[0m [1mnode[0m[1m{[0m[3mname[0m[2m=[0mk#b3f3cbb4..[1m}[0m[2m:[0m [2msui_core::checkpoints::checkpoint_executor[0m[2m:[0m [2mcrates/sui-core/src/checkpoints/checkpoint_executor/mod.rs[0m[2m:[0m[2m332:[0m Received checkpoint summary from state sync [3msequence_number[0m[2m=[0m462
[2m2025-03-25T07:56:12.146081Z[0m [32m INFO[0m [1mnode[0m[1m{[0m[3mname[0m[2m=[0mk#b3f3cbb4..[1m}[0m[2m:[0m [2msui_core::checkpoints::checkpoint_executor[0m[2m:[0m [2mcrates/sui-core/src/checkpoints/checkpoint_executor/mod.rs[0m[2m:[0m[2m332:[0m Received checkpoint summary from state sync [3msequence_number[0m[2m=[0m463
[2m2025-03-25T07:56:12.146120Z[0m [32m INFO[0m [1mnode[0m[1m{[0m[3mname[0m[2m=[0mk#b3f3cbb4..[1m}[0m[2m:[0m [2msui_core::checkpoints::checkpoint_executor[0m[2m:[0m [2mcrates/sui-core/src/checkpoints/checkpoint_executor/mod.rs[0m[2m:[0m[2m332:[0m Received checkpoint summary from state sync [3msequence_number[0m[2m=[0m464
[2m2025-03-25T07:56:12.146159Z[0m [32m INFO[0m [1mnode[0m[1m{[0m[3mname[0m[2m=[0mk#b3f3cbb4..[1m}[0m[2m:[0m [2msui_core::checkpoints::checkpoint_executor[0m[2m:[0m [2mcrates/sui-core/src/checkpoints/checkpoint_executor/mod.rs[0m[2m:[0m[2m332:[0m Received checkpoint summary from state sync [3msequence_number[0m[2m=[0m465
[2m2025-03-25T07:56:12.146197Z[0m [32m INFO[0m [1mnode[0m[1m{[0m[3mname[0m[2m=[0mk#b3f3cbb4..[1m}[0m[2m:[0m [2msui_core::checkpoints::checkpoint_executor[0m[2m:[0m [2mcrates/sui-core/src/checkpoints/checkpoint_executor/mod.rs[0m[2m:[0m[2m332:[0m Received checkpoint summary from state sync [3msequence_number[0m[2m=[0m466
[2m2025-03-25T07:56:12.146235Z[0m [32m INFO[0m [1mnode[0m[1m{[0m[3mname[0m[2m=[0mk#b3f3cbb4..[1m}[0m[2m:[0m [2msui_core::checkpoints::checkpoint_executor[0m[2m:[0m [2mcrates/sui-core/src/checkpoints/checkpoint_executor/mod.rs[0m[2m:[0m[2m332:[0m Received checkpoint summary from state sync [3msequence_number[0m[2m=[0m467
[2m2025-03-25T07:56:12.146272Z[0m [32m INFO[0m [1mnode[0m[1m{[0m[3mname[0m[2m=[0mk#b3f3cbb4..[1m}[0m[2m:[0m [2msui_core::checkpoints::checkpoint_executor[0m[2m:[0m [2mcrates/sui-core/src/checkpoints/checkpoint_executor/mod.rs[0m[2m:[0m[2m332:[0m Received checkpoint summary from state sync [3msequence_number[0m[2m=[0m468
[2m2025-03-25T07:56:12.154265Z[0m [32m INFO[0m [1mnode[0m[1m{[0m[3mname[0m[2m=[0mk#b3f3cbb4..[1m}[0m[2m:[0m [2msui_core::checkpoints::checkpoint_executor[0m[2m:[0m [2mcrates/sui-core/src/checkpoints/checkpoint_executor/mod.rs[0m[2m:[0m[2m332:[0m Received checkpoint summary from state sync [3msequence_number[0m[2m=[0m469
[2m2025-03-25T07:56:12.154424Z[0m [32m INFO[0m [1mnode[0m[1m{[0m[3mname[0m[2m=[0mk#b3f3cbb4..[1m}[0m[2m:[0m [2msui_core::checkpoints::checkpoint_executor[0m[2m:[0m [2mcrates/sui-core/src/checkpoints/checkpoint_executor/mod.rs[0m[2m:[0m[2m332:[0m Received checkpoint summary from state sync [3msequence_number[0m[2m=[0m470
[2m2025-03-25T07:56:12.154468Z[0m [32m INFO[0m [1mnode[0m[1m{[0m[3mname[0m[2m=[0mk#b3f3cbb4..[1m}[0m[2m:[0m [2msui_core::checkpoints::checkpoint_executor[0m[2m:[0m [2mcrates/sui-core/src/checkpoints/checkpoint_executor/mod.rs[0m[2m:[0m[2m332:[0m Received checkpoint summary from state sync [3msequence_number[0m[2m=[0m471
[2m2025-03-25T07:56:12.158448Z[0m [32m INFO[0m [1mnode[0m[1m{[0m[3mname[0m[2m=[0mk#b3f3cbb4..[1m}[0m[2m:[0m [2msui_core::checkpoints::checkpoint_executor[0m[2m:[0m [2mcrates/sui-core/src/checkpoints/checkpoint_executor/mod.rs[0m[2m:[0m[2m332:[0m Received checkpoint summary from state sync [3msequence_number[0m[2m=[0m472
[2m2025-03-25T07:56:12.158629Z[0m [32m INFO[0m [1mnode[0m[1m{[0m[3mname[0m[2m=[0mk#b3f3cbb4..[1m}[0m[2m:[0m [2msui_core::checkpoints::checkpoint_executor[0m[2m:[0m [2mcrates/sui-core/src/checkpoints/checkpoint_executor/mod.rs[0m[2m:[0m[2m332:[0m Received checkpoint summary from state sync [3msequence_number[0m[2m=[0m473
[2m2025-03-25T07:56:12.158677Z[0m [32m INFO[0m [1mnode[0m[1m{[0m[3mname[0m[2m=[0mk#b3f3cbb4..[1m}[0m[2m:[0m [2msui_core::checkpoints::checkpoint_executor[0m[2m:[0m [2mcrates/sui-core/src/checkpoints/checkpoint_executor/mod.rs[0m[2m:[0m[2m332:[0m Received checkpoint summary from state sync [3msequence_number[0m[2m=[0m474
[2m2025-03-25T07:56:12.158719Z[0m [32m INFO[0m [1mnode[0m[1m{[0m[3mname[0m[2m=[0mk#b3f3cbb4..[1m}[0m[2m:[0m [2msui_core::checkpoints::checkpoint_executor[0m[2m:[0m [2mcrates/sui-core/src/checkpoints/checkpoint_executor/mod.rs[0m[2m:[0m[2m332:[0m Received checkpoint summary from state sync [3msequence_number[0m[2m=[0m475
[2m2025-03-25T07:56:12.240470Z[0m [32m INFO[0m [1mnode[0m[1m{[0m[3mname[0m[2m=[0mk#b3f3cbb4..[1m}[0m[2m:[0m [2msui_core::checkpoints::checkpoint_executor[0m[2m:[0m [2mcrates/sui-core/src/checkpoints/checkpoint_executor/mod.rs[0m[2m:[0m[2m332:[0m Received checkpoint summary from state sync [3msequence_number[0m[2m=[0m476
[2m2025-03-25T07:56:12.240620Z[0m [32m INFO[0m [1mnode[0m[1m{[0m[3mname[0m[2m=[0mk#b3f3cbb4..[1m}[0m[2m:[0m [2msui_core::checkpoints::checkpoint_executor[0m[2m:[0m [2mcrates/sui-core/src/checkpoints/checkpoint_executor/mod.rs[0m[2m:[0m[2m332:[0m Received checkpoint summary from state sync [3msequence_number[0m[2m=[0m477
[2m2025-03-25T07:56:12.240830Z[0m [32m INFO[0m [2msui_bridge::e2e_tests::basic[0m[2m:[0m [2mcrates/sui-bridge/src/e2e_tests/basic.rs[0m[2m:[0m[2m711:[0m [Timer] Eth to Sui bridge transfer finished in 37.288195667s
[2m2025-03-25T07:56:12.253604Z[0m [32m INFO[0m [1mnode[0m[1m{[0m[3mname[0m[2m=[0mk#b3f3cbb4..[1m}[0m[2m:[0m [2msui_core::checkpoints::checkpoint_executor[0m[2m:[0m [2mcrates/sui-core/src/checkpoints/checkpoint_executor/mod.rs[0m[2m:[0m[2m332:[0m Received checkpoint summary from state sync [3msequence_number[0m[2m=[0m478
[2m2025-03-25T07:56:12.254161Z[0m [32m INFO[0m [1mnode[0m[1m{[0m[3mname[0m[2m=[0mk#b3f3cbb4..[1m}[0m[2m:[0m [2msui_core::state_accumulator[0m[2m:[0m [2mcrates/sui-core/src/state_accumulator.rs[0m[2m:[0m[2m675:[0m accumulating running root for checkpoint 462
[2m2025-03-25T07:56:12.254380Z[0m [32m INFO[0m [1mnode[0m[1m{[0m[3mname[0m[2m=[0mk#b3f3cbb4..[1m}[0m[2m:[0m [2msui_core::checkpoints::checkpoint_executor[0m[2m:[0m [2mcrates/sui-core/src/checkpoints/checkpoint_executor/mod.rs[0m[2m:[0m[2m332:[0m Received checkpoint summary from state sync [3msequence_number[0m[2m=[0m479
[2m2025-03-25T07:56:12.325368Z[0m [32m INFO[0m [1mnode[0m[1m{[0m[3mname[0m[2m=[0mk#8dcff6d1..[1m}[0m[2m:[0m [2mconsensus_core::core[0m[2m:[0m [2mconsensus/core/src/core.rs[0m[2m:[0m[2m945:[0m Included 3 ancestors & excluded 0 ancestors for proposal in round 284
[2m2025-03-25T07:56:12.325725Z[0m [32m INFO[0m [1mnode[0m[1m{[0m[3mname[0m[2m=[0mk#8dcff6d1..[1m}[0m[2m:[0m [2mconsensus_core::core[0m[2m:[0m [2mconsensus/core/src/core.rs[0m[2m:[0m[2m531:[0m Created block B284(A,/rcvURoqgTqdrQVcdCMaIZOC6bEqWfvCm+x6TeITc5k=)(1742889372325ms;[B283(A,aIjo5V3Ri5QTtimRvPEZHW8lK/3x1Zn/rWJLjX188oI=), B283(B,bZTzad8P6hU6KvO95ofPif0VOtKH5EwyiR/uLzrqn/o=), B283(C,/1YP3ECp8HoweafpUINmCvBEpBiNqQERggGz416ofVg=)];1t;1c) for round 284
[2m2025-03-25T07:56:12.327364Z[0m [32m INFO[0m [1mnode[0m[1m{[0m[3mname[0m[2m=[0mk#99f25ef6..[1m}[0m[2m:[0m [2mconsensus_core::core[0m[2m:[0m [2mconsensus/core/src/core.rs[0m[2m:[0m[2m945:[0m Included 3 ancestors & excluded 0 ancestors for proposal in round 284
[2m2025-03-25T07:56:12.327665Z[0m [32m INFO[0m [1mnode[0m[1m{[0m[3mname[0m[2m=[0mk#99f25ef6..[1m}[0m[2m:[0m [2mconsensus_core::core[0m[2m:[0m [2mconsensus/core/src/core.rs[0m[2m:[0m[2m531:[0m Created block B284(B,UzTsjKJWP3NJtBWHmveOi+AF7etsh8VH3a0Ns0MMyGs=)(1742889372327ms;[B283(B,bZTzad8P6hU6KvO95ofPif0VOtKH5EwyiR/uLzrqn/o=), B283(A,aIjo5V3Ri5QTtimRvPEZHW8lK/3x1Zn/rWJLjX188oI=), B283(C,/1YP3ECp8HoweafpUINmCvBEpBiNqQERggGz416ofVg=)];1t;1c) for round 284
[2m2025-03-25T07:56:12.327690Z[0m [32m INFO[0m [1mnode[0m[1m{[0m[3mname[0m[2m=[0mk#addeef94..[1m}[0m[2m:[0m [2mconsensus_core::core[0m[2m:[0m [2mconsensus/core/src/core.rs[0m[2m:[0m[2m945:[0m Included 3 ancestors & excluded 0 ancestors for proposal in round 284
[2m2025-03-25T07:56:12.327983Z[0m [32m INFO[0m [1mnode[0m[1m{[0m[3mname[0m[2m=[0mk#addeef94..[1m}[0m[2m:[0m [2mconsensus_core::core[0m[2m:[0m [2mconsensus/core/src/core.rs[0m[2m:[0m[2m531:[0m Created block B284(C,KxE1srOV5qH39rTHxOzodZdBzKkxkwFe3Cq0F3wfmCw=)(1742889372327ms;[B283(C,/1YP3ECp8HoweafpUINmCvBEpBiNqQERggGz416ofVg=), B283(A,aIjo5V3Ri5QTtimRvPEZHW8lK/3x1Zn/rWJLjX188oI=), B283(B,bZTzad8P6hU6KvO95ofPif0VOtKH5EwyiR/uLzrqn/o=)];1t;1c) for round 284
[2m2025-03-25T07:56:12.328052Z[0m [32m INFO[0m [1mnode[0m[1m{[0m[3mname[0m[2m=[0mk#addeef94..[1m}[0m[2m:[0m [2mconsensus_core::core[0m[2m:[0m [2mconsensus/core/src/core.rs[0m[2m:[0m[2m630:[0m Committing 1 leaders: B282(A,dRK8)
[2m2025-03-25T07:56:12.328122Z[0m [32m INFO[0m [1mnode[0m[1m{[0m[3mname[0m[2m=[0mk#addeef94..[1m}[0m[2m:[0m [2mconsensus_core::commit_observer[0m[2m:[0m [2mconsensus/core/src/commit_observer.rs[0m[2m:[0m[2m173:[0m Consensus commit C272(BQ/H) with leader B282(A,dRK8) has 3 blocks
[2m2025-03-25T07:56:12.328203Z[0m [32m INFO[0m [1mnode[0m[1m{[0m[3mname[0m[2m=[0mk#addeef94..[1m}[0m[2m:[0m [2msui_core::consensus_handler[0m[2m:[0m [2mcrates/sui-core/src/consensus_handler.rs[0m[2m:[0m[2m232:[0m Received consensus output [3mconsensus_commit[0m[2m=[0mCommittedSubDag(leader=B282(A,dRK8), ref=C272(BQ/H), blocks=[F3Xl, toxv, dRK8]) [3mepoch[0m[2m=[0m1
[2m2025-03-25T07:56:12.331237Z[0m [32m INFO[0m [1mnode[0m[1m{[0m[3mname[0m[2m=[0mk#99f25ef6..[1m}[0m[2m:[0m [2msui_core::checkpoints::checkpoint_output[0m[2m:[0m [2mcrates/sui-core/src/checkpoints/checkpoint_output.rs[0m[2m:[0m[2m196:[0m Certified checkpoint with sequence 484 and digest 7T5gQkmDSrNwPb4Z4WAoeqiovq8YFgjn2B349aHX48zv
[2m2025-03-25T07:56:12.331343Z[0m [32m INFO[0m [1mnode[0m[1m{[0m[3mname[0m[2m=[0mk#99f25ef6..[1m}[0m[2m:[0m [2mconsensus_core::core[0m[2m:[0m [2mconsensus/core/src/core.rs[0m[2m:[0m[2m630:[0m Committing 1 leaders: B282(A,dRK8)
[2m2025-03-25T07:56:12.331446Z[0m [32m INFO[0m [1mnode[0m[1m{[0m[3mname[0m[2m=[0mk#99f25ef6..[1m}[0m[2m:[0m [2mconsensus_core::commit_observer[0m[2m:[0m [2mconsensus/core/src/commit_observer.rs[0m[2m:[0m[2m173:[0m Consensus commit C272(BQ/H) with leader B282(A,dRK8) has 3 blocks
[2m2025-03-25T07:56:12.331715Z[0m [32m INFO[0m [1mnode[0m[1m{[0m[3mname[0m[2m=[0mk#8dcff6d1..[1m}[0m[2m:[0m [2msui_core::checkpoints::checkpoint_output[0m[2m:[0m [2mcrates/sui-core/src/checkpoints/checkpoint_output.rs[0m[2m:[0m[2m196:[0m Certified checkpoint with sequence 484 and digest 7T5gQkmDSrNwPb4Z4WAoeqiovq8YFgjn2B349aHX48zv
[2m2025-03-25T07:56:12.331821Z[0m [32m INFO[0m [1mnode[0m[1m{[0m[3mname[0m[2m=[0mk#8dcff6d1..[1m}[0m[2m:[0m [2mconsensus_core::core[0m[2m:[0m [2mconsensus/core/src/core.rs[0m[2m:[0m[2m630:[0m Committing 1 leaders: B282(A,dRK8)
[2m2025-03-25T07:56:12.331865Z[0m [32m INFO[0m [1mnode[0m[1m{[0m[3mname[0m[2m=[0mk#99f25ef6..[1m}[0m[2m:[0m [2msui_core::consensus_handler[0m[2m:[0m [2mcrates/sui-core/src/consensus_handler.rs[0m[2m:[0m[2m232:[0m Received consensus output [3mconsensus_commit[0m[2m=[0mCommittedSubDag(leader=B282(A,dRK8), ref=C272(BQ/H), blocks=[F3Xl, toxv, dRK8]) [3mepoch[0m[2m=[0m1
[2m2025-03-25T07:56:12.331923Z[0m [32m INFO[0m [1mnode[0m[1m{[0m[3mname[0m[2m=[0mk#8dcff6d1..[1m}[0m[2m:[0m [2mconsensus_core::commit_observer[0m[2m:[0m [2mconsensus/core/src/commit_observer.rs[0m[2m:[0m[2m173:[0m Consensus commit C272(BQ/H) with leader B282(A,dRK8) has 3 blocks
[2m2025-03-25T07:56:12.332317Z[0m [32m INFO[0m [1mnode[0m[1m{[0m[3mname[0m[2m=[0mk#8dcff6d1..[1m}[0m[2m:[0m [2msui_core::consensus_handler[0m[2m:[0m [2mcrates/sui-core/src/consensus_handler.rs[0m[2m:[0m[2m232:[0m Received consensus output [3mconsensus_commit[0m[2m=[0mCommittedSubDag(leader=B282(A,dRK8), ref=C272(BQ/H), blocks=[F3Xl, toxv, dRK8]) [3mepoch[0m[2m=[0m1
[2m2025-03-25T07:56:12.332486Z[0m [32m INFO[0m [1mnode[0m[1m{[0m[3mname[0m[2m=[0mk#99f25ef6..[1m}[0m[2m:[0m [2msui_core::checkpoints::checkpoint_executor[0m[2m:[0m [2mcrates/sui-core/src/checkpoints/checkpoint_executor/mod.rs[0m[2m:[0m[2m332:[0m Received checkpoint summary from state sync [3msequence_number[0m[2m=[0m484
[2m2025-03-25T07:56:12.332904Z[0m [32m INFO[0m [1mnode[0m[1m{[0m[3mname[0m[2m=[0mk#8dcff6d1..[1m}[0m[2m:[0m [2msui_core::checkpoints::checkpoint_executor[0m[2m:[0m [2mcrates/sui-core/src/checkpoints/checkpoint_executor/mod.rs[0m[2m:[0m[2m332:[0m Received checkpoint summary from state sync [3msequence_number[0m[2m=[0m484
[2m2025-03-25T07:56:12.346078Z[0m [32m INFO[0m [1mnode[0m[1m{[0m[3mname[0m[2m=[0mk#99f25ef6..[1m}[0m[2m:[0m [2msui_core::state_accumulator[0m[2m:[0m [2mcrates/sui-core/src/state_accumulator.rs[0m[2m:[0m[2m675:[0m accumulating running root for checkpoint 484
[2m2025-03-25T07:56:12.346200Z[0m [32m INFO[0m [1mnode[0m[1m{[0m[3mname[0m[2m=[0mk#8dcff6d1..[1m}[0m[2m:[0m [2msui_core::state_accumulator[0m[2m:[0m [2mcrates/sui-core/src/state_accumulator.rs[0m[2m:[0m[2m675:[0m accumulating running root for checkpoint 484
[2m2025-03-25T07:56:12.373004Z[0m [32m INFO[0m [1mnode[0m[1m{[0m[3mname[0m[2m=[0mk#addeef94..[1m}[0m[2m:[0m [2msui_core::checkpoints[0m[2m:[0m [2mcrates/sui-core/src/checkpoints/mod.rs[0m[2m:[0m[2m1326:[0m Creating checkpoint(s) for 1 transactions [3mnext_checkpoint_seq[0m[2m=[0m485 [3mcheckpoint_timestamp[0m[2m=[0m1742889371817
[2m2025-03-25T07:56:12.373237Z[0m [32m INFO[0m [1mnode[0m[1m{[0m[3mname[0m[2m=[0mk#addeef94..[1m}[0m[2m:[0m [2msui_core::checkpoints::checkpoint_output[0m[2m:[0m [2mcrates/sui-core/src/checkpoints/checkpoint_output.rs[0m[2m:[0m[2m149:[0m Creating checkpoint CheckpointDigest(en3hVHZymN7RatmKypC39GRzaQqAXRdHgSgVTqYPkxE) at epoch 1, sequence 485, previous digest Some(CheckpointDigest(7T5gQkmDSrNwPb4Z4WAoeqiovq8YFgjn2B349aHX48zv)), transactions count 1, content digest CheckpointContentsDigest(4WkUbyjABEGfVxgwvExPGWeEhe3gGggJQkm8zfT87njs), end_of_epoch_data None
[2m2025-03-25T07:56:12.377749Z[0m [32m INFO[0m [1mnode[0m[1m{[0m[3mname[0m[2m=[0mk#8dcff6d1..[1m}[0m[2m:[0m [2msui_core::checkpoints[0m[2m:[0m [2mcrates/sui-core/src/checkpoints/mod.rs[0m[2m:[0m[2m1326:[0m Creating checkpoint(s) for 1 transactions [3mnext_checkpoint_seq[0m[2m=[0m485 [3mcheckpoint_timestamp[0m[2m=[0m1742889371817
[2m2025-03-25T07:56:12.377775Z[0m [32m INFO[0m [1mnode[0m[1m{[0m[3mname[0m[2m=[0mk#99f25ef6..[1m}[0m[2m:[0m [2msui_core::checkpoints[0m[2m:[0m [2mcrates/sui-core/src/checkpoints/mod.rs[0m[2m:[0m[2m1326:[0m Creating checkpoint(s) for 1 transactions [3mnext_checkpoint_seq[0m[2m=[0m485 [3mcheckpoint_timestamp[0m[2m=[0m1742889371817
[2m2025-03-25T07:56:12.377937Z[0m [32m INFO[0m [1mnode[0m[1m{[0m[3mname[0m[2m=[0mk#8dcff6d1..[1m}[0m[2m:[0m [2msui_core::checkpoints::checkpoint_output[0m[2m:[0m [2mcrates/sui-core/src/checkpoints/checkpoint_output.rs[0m[2m:[0m[2m149:[0m Creating checkpoint CheckpointDigest(en3hVHZymN7RatmKypC39GRzaQqAXRdHgSgVTqYPkxE) at epoch 1, sequence 485, previous digest Some(CheckpointDigest(7T5gQkmDSrNwPb4Z4WAoeqiovq8YFgjn2B349aHX48zv)), transactions count 1, content digest CheckpointContentsDigest(4WkUbyjABEGfVxgwvExPGWeEhe3gGggJQkm8zfT87njs), end_of_epoch_data None
[2m2025-03-25T07:56:12.377945Z[0m [32m INFO[0m [1mnode[0m[1m{[0m[3mname[0m[2m=[0mk#99f25ef6..[1m}[0m[2m:[0m [2msui_core::checkpoints::checkpoint_output[0m[2m:[0m [2mcrates/sui-core/src/checkpoints/checkpoint_output.rs[0m[2m:[0m[2m149:[0m Creating checkpoint CheckpointDigest(en3hVHZymN7RatmKypC39GRzaQqAXRdHgSgVTqYPkxE) at epoch 1, sequence 485, previous digest Some(CheckpointDigest(7T5gQkmDSrNwPb4Z4WAoeqiovq8YFgjn2B349aHX48zv)), transactions count 1, content digest CheckpointContentsDigest(4WkUbyjABEGfVxgwvExPGWeEhe3gGggJQkm8zfT87njs), end_of_epoch_data None
[2m2025-03-25T07:56:12.396406Z[0m [32m INFO[0m [1mnode[0m[1m{[0m[3mname[0m[2m=[0mk#addeef94..[1m}[0m[2m:[0m [2msui_core::checkpoints::checkpoint_executor[0m[2m:[0m [2mcrates/sui-core/src/checkpoints/checkpoint_executor/mod.rs[0m[2m:[0m[2m332:[0m Received checkpoint summary from state sync [3msequence_number[0m[2m=[0m484
[2m2025-03-25T07:56:12.414239Z[0m [32m INFO[0m [1mnode[0m[1m{[0m[3mname[0m[2m=[0mk#b3f3cbb4..[1m}[0m[2m:[0m [2msui_core::state_accumulator[0m[2m:[0m [2mcrates/sui-core/src/state_accumulator.rs[0m[2m:[0m[2m675:[0m accumulating running root for checkpoint 463
[2m2025-03-25T07:56:12.442319Z[0m [32m INFO[0m [1mnode[0m[1m{[0m[3mname[0m[2m=[0mk#addeef94..[1m}[0m[2m:[0m [2msui_core::state_accumulator[0m[2m:[0m [2mcrates/sui-core/src/state_accumulator.rs[0m[2m:[0m[2m675:[0m accumulating running root for checkpoint 484
[2m2025-03-25T07:56:12.504571Z[0m [32m INFO[0m [1mnode[0m[1m{[0m[3mname[0m[2m=[0mk#b3f3cbb4..[1m}[0m[2m:[0m [2msui_core::checkpoints::checkpoint_executor[0m[2m:[0m [2mcrates/sui-core/src/checkpoints/checkpoint_executor/mod.rs[0m[2m:[0m[2m332:[0m Received checkpoint summary from state sync [3msequence_number[0m[2m=[0m480
[2m2025-03-25T07:56:12.505180Z[0m [32m INFO[0m [1mnode[0m[1m{[0m[3mname[0m[2m=[0mk#b3f3cbb4..[1m}[0m[2m:[0m [2msui_core::state_accumulator[0m[2m:[0m [2mcrates/sui-core/src/state_accumulator.rs[0m[2m:[0m[2m675:[0m accumulating running root for checkpoint 464
[2m2025-03-25T07:56:12.505402Z[0m [32m INFO[0m [1mnode[0m[1m{[0m[3mname[0m[2m=[0mk#b3f3cbb4..[1m}[0m[2m:[0m [2msui_core::checkpoints::checkpoint_executor[0m[2m:[0m [2mcrates/sui-core/src/checkpoints/checkpoint_executor/mod.rs[0m[2m:[0m[2m332:[0m Received checkpoint summary from state sync [3msequence_number[0m[2m=[0m481
[2m2025-03-25T07:56:12.505449Z[0m [32m INFO[0m [1mnode[0m[1m{[0m[3mname[0m[2m=[0mk#b3f3cbb4..[1m}[0m[2m:[0m [2msui_core::checkpoints::checkpoint_executor[0m[2m:[0m [2mcrates/sui-core/src/checkpoints/checkpoint_executor/mod.rs[0m[2m:[0m[2m332:[0m Received checkpoint summary from state sync [3msequence_number[0m[2m=[0m482
[2m2025-03-25T07:56:12.580549Z[0m [32m INFO[0m [1mnode[0m[1m{[0m[3mname[0m[2m=[0mk#addeef94..[1m}[0m[2m:[0m [2mconsensus_core::core[0m[2m:[0m [2mconsensus/core/src/core.rs[0m[2m:[0m[2m945:[0m Included 3 ancestors & excluded 0 ancestors for proposal in round 285
[2m2025-03-25T07:56:12.580921Z[0m [32m INFO[0m [1mnode[0m[1m{[0m[3mname[0m[2m=[0mk#addeef94..[1m}[0m[2m:[0m [2mconsensus_core::core[0m[2m:[0m [2mconsensus/core/src/core.rs[0m[2m:[0m[2m531:[0m Created block B285(C,EGK9sitAubmIkS/by0uiCXWAxmlrnFqTgir9ZPDEL5Q=)(1742889372580ms;[B284(C,KxE1srOV5qH39rTHxOzodZdBzKkxkwFe3Cq0F3wfmCw=), B284(A,/rcvURoqgTqdrQVcdCMaIZOC6bEqWfvCm+x6TeITc5k=), B284(B,UzTsjKJWP3NJtBWHmveOi+AF7etsh8VH3a0Ns0MMyGs=)];1t;1c) for round 285
[2m2025-03-25T07:56:12.583965Z[0m [32m INFO[0m [1mnode[0m[1m{[0m[3mname[0m[2m=[0mk#8dcff6d1..[1m}[0m[2m:[0m [2mconsensus_core::core[0m[2m:[0m [2mconsensus/core/src/core.rs[0m[2m:[0m[2m945:[0m Included 3 ancestors & excluded 0 ancestors for proposal in round 285
[2m2025-03-25T07:56:12.583966Z[0m [32m INFO[0m [1mnode[0m[1m{[0m[3mname[0m[2m=[0mk#99f25ef6..[1m}[0m[2m:[0m [2mconsensus_core::core[0m[2m:[0m [2mconsensus/core/src/core.rs[0m[2m:[0m[2m945:[0m Included 3 ancestors & excluded 0 ancestors for proposal in round 285
[2m2025-03-25T07:56:12.584255Z[0m [32m INFO[0m [1mnode[0m[1m{[0m[3mname[0m[2m=[0mk#8dcff6d1..[1m}[0m[2m:[0m [2mconsensus_core::core[0m[2m:[0m [2mconsensus/core/src/core.rs[0m[2m:[0m[2m531:[0m Created block B285(A,x/epMHwvNWEuLnDeBDOPcbBuv81LB5XF/FKu0m5nLa8=)(1742889372584ms;[B284(A,/rcvURoqgTqdrQVcdCMaIZOC6bEqWfvCm+x6TeITc5k=), B284(B,UzTsjKJWP3NJtBWHmveOi+AF7etsh8VH3a0Ns0MMyGs=), B284(C,KxE1srOV5qH39rTHxOzodZdBzKkxkwFe3Cq0F3wfmCw=)];1t;1c) for round 285
[2m2025-03-25T07:56:12.584255Z[0m [32m INFO[0m [1mnode[0m[1m{[0m[3mname[0m[2m=[0mk#99f25ef6..[1m}[0m[2m:[0m [2mconsensus_core::core[0m[2m:[0m [2mconsensus/core/src/core.rs[0m[2m:[0m[2m531:[0m Created block B285(B,1cwu/j8mdxcpB2/SJ1O0Cfamqall2skiioJhVMDIm9g=)(1742889372584ms;[B284(B,UzTsjKJWP3NJtBWHmveOi+AF7etsh8VH3a0Ns0MMyGs=), B284(A,/rcvURoqgTqdrQVcdCMaIZOC6bEqWfvCm+x6TeITc5k=), B284(C,KxE1srOV5qH39rTHxOzodZdBzKkxkwFe3Cq0F3wfmCw=)];1t;1c) for round 285
[2m2025-03-25T07:56:12.584325Z[0m [32m INFO[0m [1mnode[0m[1m{[0m[3mname[0m[2m=[0mk#8dcff6d1..[1m}[0m[2m:[0m [2mconsensus_core::core[0m[2m:[0m [2mconsensus/core/src/core.rs[0m[2m:[0m[2m630:[0m Committing 1 leaders: B283(C,/1YP)
[2m2025-03-25T07:56:12.584325Z[0m [32m INFO[0m [1mnode[0m[1m{[0m[3mname[0m[2m=[0mk#99f25ef6..[1m}[0m[2m:[0m [2mconsensus_core::core[0m[2m:[0m [2mconsensus/core/src/core.rs[0m[2m:[0m[2m630:[0m Committing 1 leaders: B283(C,/1YP)
[2m2025-03-25T07:56:12.584395Z[0m [32m INFO[0m [1mnode[0m[1m{[0m[3mname[0m[2m=[0mk#99f25ef6..[1m}[0m[2m:[0m [2mconsensus_core::commit_observer[0m[2m:[0m [2mconsensus/core/src/commit_observer.rs[0m[2m:[0m[2m173:[0m Consensus commit C273(/rY+) with leader B283(C,/1YP) has 3 blocks
[2m2025-03-25T07:56:12.584395Z[0m [32m INFO[0m [1mnode[0m[1m{[0m[3mname[0m[2m=[0mk#8dcff6d1..[1m}[0m[2m:[0m [2mconsensus_core::commit_observer[0m[2m:[0m [2mconsensus/core/src/commit_observer.rs[0m[2m:[0m[2m173:[0m Consensus commit C273(/rY+) with leader B283(C,/1YP) has 3 blocks
[2m2025-03-25T07:56:12.584487Z[0m [32m INFO[0m [1mnode[0m[1m{[0m[3mname[0m[2m=[0mk#8dcff6d1..[1m}[0m[2m:[0m [2msui_core::consensus_handler[0m[2m:[0m [2mcrates/sui-core/src/consensus_handler.rs[0m[2m:[0m[2m232:[0m Received consensus output [3mconsensus_commit[0m[2m=[0mCommittedSubDag(leader=B283(C,/1YP), ref=C273(/rY+), blocks=[uoIy, b+z1, /1YP]) [3mepoch[0m[2m=[0m1
[2m2025-03-25T07:56:12.584487Z[0m [32m INFO[0m [1mnode[0m[1m{[0m[3mname[0m[2m=[0mk#99f25ef6..[1m}[0m[2m:[0m [2msui_core::consensus_handler[0m[2m:[0m [2mcrates/sui-core/src/consensus_handler.rs[0m[2m:[0m[2m232:[0m Received consensus output [3mconsensus_commit[0m[2m=[0mCommittedSubDag(leader=B283(C,/1YP), ref=C273(/rY+), blocks=[uoIy, b+z1, /1YP]) [3mepoch[0m[2m=[0m1
[2m2025-03-25T07:56:12.584741Z[0m [32m INFO[0m [1mnode[0m[1m{[0m[3mname[0m[2m=[0mk#b3f3cbb4..[1m}[0m[2m:[0m [2msui_core::state_accumulator[0m[2m:[0m [2mcrates/sui-core/src/state_accumulator.rs[0m[2m:[0m[2m675:[0m accumulating running root for checkpoint 465
[2m2025-03-25T07:56:12.588116Z[0m [32m INFO[0m [1mnode[0m[1m{[0m[3mname[0m[2m=[0mk#addeef94..[1m}[0m[2m:[0m [2mconsensus_core::core[0m[2m:[0m [2mconsensus/core/src/core.rs[0m[2m:[0m[2m630:[0m Committing 1 leaders: B283(C,/1YP)
[2m2025-03-25T07:56:12.588215Z[0m [32m INFO[0m [1mnode[0m[1m{[0m[3mname[0m[2m=[0mk#addeef94..[1m}[0m[2m:[0m [2mconsensus_core::commit_observer[0m[2m:[0m [2mconsensus/core/src/commit_observer.rs[0m[2m:[0m[2m173:[0m Consensus commit C273(/rY+) with leader B283(C,/1YP) has 3 blocks
[2m2025-03-25T07:56:12.588347Z[0m [32m INFO[0m [1mnode[0m[1m{[0m[3mname[0m[2m=[0mk#addeef94..[1m}[0m[2m:[0m [2msui_core::consensus_handler[0m[2m:[0m [2mcrates/sui-core/src/consensus_handler.rs[0m[2m:[0m[2m232:[0m Received consensus output [3mconsensus_commit[0m[2m=[0mCommittedSubDag(leader=B283(C,/1YP), ref=C273(/rY+), blocks=[uoIy, b+z1, /1YP]) [3mepoch[0m[2m=[0m1
[2m2025-03-25T07:56:12.610908Z[0m [32m INFO[0m [1mnode[0m[1m{[0m[3mname[0m[2m=[0mk#8dcff6d1..[1m}[0m[2m:[0m [2msui_core::checkpoints[0m[2m:[0m [2mcrates/sui-core/src/checkpoints/mod.rs[0m[2m:[0m[2m1326:[0m Creating checkpoint(s) for 2 transactions [3mnext_checkpoint_seq[0m[2m=[0m486 [3mcheckpoint_timestamp[0m[2m=[0m1742889372069
[2m2025-03-25T07:56:12.610908Z[0m [32m INFO[0m [1mnode[0m[1m{[0m[3mname[0m[2m=[0mk#99f25ef6..[1m}[0m[2m:[0m [2msui_core::checkpoints[0m[2m:[0m [2mcrates/sui-core/src/checkpoints/mod.rs[0m[2m:[0m[2m1326:[0m Creating checkpoint(s) for 2 transactions [3mnext_checkpoint_seq[0m[2m=[0m486 [3mcheckpoint_timestamp[0m[2m=[0m1742889372069
[2m2025-03-25T07:56:12.611222Z[0m [32m INFO[0m [1mnode[0m[1m{[0m[3mname[0m[2m=[0mk#8dcff6d1..[1m}[0m[2m:[0m [2msui_core::checkpoints::checkpoint_output[0m[2m:[0m [2mcrates/sui-core/src/checkpoints/checkpoint_output.rs[0m[2m:[0m[2m149:[0m Creating checkpoint CheckpointDigest(E6qCzDBQo2hcV8e2QCMNhunJe88hwWU2jY3F7sYWhaKK) at epoch 1, sequence 486, previous digest Some(CheckpointDigest(en3hVHZymN7RatmKypC39GRzaQqAXRdHgSgVTqYPkxE)), transactions count 2, content digest CheckpointContentsDigest(CNMrZZaFUES9z2TRRjBLx24xDRYL7Ed9Fzb8bm4bNkax), end_of_epoch_data None
[2m2025-03-25T07:56:12.611222Z[0m [32m INFO[0m [1mnode[0m[1m{[0m[3mname[0m[2m=[0mk#99f25ef6..[1m}[0m[2m:[0m [2msui_core::checkpoints::checkpoint_output[0m[2m:[0m [2mcrates/sui-core/src/checkpoints/checkpoint_output.rs[0m[2m:[0m[2m149:[0m Creating checkpoint CheckpointDigest(E6qCzDBQo2hcV8e2QCMNhunJe88hwWU2jY3F7sYWhaKK) at epoch 1, sequence 486, previous digest Some(CheckpointDigest(en3hVHZymN7RatmKypC39GRzaQqAXRdHgSgVTqYPkxE)), transactions count 2, content digest CheckpointContentsDigest(CNMrZZaFUES9z2TRRjBLx24xDRYL7Ed9Fzb8bm4bNkax), end_of_epoch_data None
[2m2025-03-25T07:56:12.614331Z[0m [32m INFO[0m [1mnode[0m[1m{[0m[3mname[0m[2m=[0mk#addeef94..[1m}[0m[2m:[0m [2msui_core::checkpoints[0m[2m:[0m [2mcrates/sui-core/src/checkpoints/mod.rs[0m[2m:[0m[2m1326:[0m Creating checkpoint(s) for 2 transactions [3mnext_checkpoint_seq[0m[2m=[0m486 [3mcheckpoint_timestamp[0m[2m=[0m1742889372069
[2m2025-03-25T07:56:12.614370Z[0m [32m INFO[0m [1mnode[0m[1m{[0m[3mname[0m[2m=[0mk#99f25ef6..[1m}[0m[2m:[0m [2msui_core::checkpoints::checkpoint_output[0m[2m:[0m [2mcrates/sui-core/src/checkpoints/checkpoint_output.rs[0m[2m:[0m[2m196:[0m Certified checkpoint with sequence 485 and digest en3hVHZymN7RatmKypC39GRzaQqAXRdHgSgVTqYPkxE
[2m2025-03-25T07:56:12.614592Z[0m [32m INFO[0m [1mnode[0m[1m{[0m[3mname[0m[2m=[0mk#8dcff6d1..[1m}[0m[2m:[0m [2msui_core::checkpoints::checkpoint_output[0m[2m:[0m [2mcrates/sui-core/src/checkpoints/checkpoint_output.rs[0m[2m:[0m[2m196:[0m Certified checkpoint with sequence 485 and digest en3hVHZymN7RatmKypC39GRzaQqAXRdHgSgVTqYPkxE
[2m2025-03-25T07:56:12.614595Z[0m [32m INFO[0m [1mnode[0m[1m{[0m[3mname[0m[2m=[0mk#addeef94..[1m}[0m[2m:[0m [2msui_core::checkpoints::checkpoint_output[0m[2m:[0m [2mcrates/sui-core/src/checkpoints/checkpoint_output.rs[0m[2m:[0m[2m149:[0m Creating checkpoint CheckpointDigest(E6qCzDBQo2hcV8e2QCMNhunJe88hwWU2jY3F7sYWhaKK) at epoch 1, sequence 486, previous digest Some(CheckpointDigest(en3hVHZymN7RatmKypC39GRzaQqAXRdHgSgVTqYPkxE)), transactions count 2, content digest CheckpointContentsDigest(CNMrZZaFUES9z2TRRjBLx24xDRYL7Ed9Fzb8bm4bNkax), end_of_epoch_data None
[2m2025-03-25T07:56:12.614797Z[0m [32m INFO[0m [1mnode[0m[1m{[0m[3mname[0m[2m=[0mk#99f25ef6..[1m}[0m[2m:[0m [2msui_core::checkpoints::checkpoint_executor[0m[2m:[0m [2mcrates/sui-core/src/checkpoints/checkpoint_executor/mod.rs[0m[2m:[0m[2m332:[0m Received checkpoint summary from state sync [3msequence_number[0m[2m=[0m485
[2m2025-03-25T07:56:12.615046Z[0m [32m INFO[0m [1mnode[0m[1m{[0m[3mname[0m[2m=[0mk#8dcff6d1..[1m}[0m[2m:[0m [2msui_core::checkpoints::checkpoint_executor[0m[2m:[0m [2mcrates/sui-core/src/checkpoints/checkpoint_executor/mod.rs[0m[2m:[0m[2m332:[0m Received checkpoint summary from state sync [3msequence_number[0m[2m=[0m485
[2m2025-03-25T07:56:12.615951Z[0m [32m INFO[0m [1mnode[0m[1m{[0m[3mname[0m[2m=[0mk#99f25ef6..[1m}[0m[2m:[0m [2msui_core::state_accumulator[0m[2m:[0m [2mcrates/sui-core/src/state_accumulator.rs[0m[2m:[0m[2m675:[0m accumulating running root for checkpoint 485
[2m2025-03-25T07:56:12.615952Z[0m [32m INFO[0m [1mnode[0m[1m{[0m[3mname[0m[2m=[0mk#8dcff6d1..[1m}[0m[2m:[0m [2msui_core::state_accumulator[0m[2m:[0m [2mcrates/sui-core/src/state_accumulator.rs[0m[2m:[0m[2m675:[0m accumulating running root for checkpoint 485
[2m2025-03-25T07:56:12.618121Z[0m [32m INFO[0m [1mnode[0m[1m{[0m[3mname[0m[2m=[0mk#addeef94..[1m}[0m[2m:[0m [2msui_core::checkpoints::checkpoint_executor[0m[2m:[0m [2mcrates/sui-core/src/checkpoints/checkpoint_executor/mod.rs[0m[2m:[0m[2m332:[0m Received checkpoint summary from state sync [3msequence_number[0m[2m=[0m485
[2m2025-03-25T07:56:12.618843Z[0m [32m INFO[0m [1mnode[0m[1m{[0m[3mname[0m[2m=[0mk#addeef94..[1m}[0m[2m:[0m [2msui_core::state_accumulator[0m[2m:[0m [2mcrates/sui-core/src/state_accumulator.rs[0m[2m:[0m[2m675:[0m accumulating running root for checkpoint 485
[2m2025-03-25T07:56:12.674433Z[0m [32m INFO[0m [1mnode[0m[1m{[0m[3mname[0m[2m=[0mk#b3f3cbb4..[1m}[0m[2m:[0m [2msui_core::state_accumulator[0m[2m:[0m [2mcrates/sui-core/src/state_accumulator.rs[0m[2m:[0m[2m675:[0m accumulating running root for checkpoint 466
[2m2025-03-25T07:56:12.764476Z[0m [32m INFO[0m [1mnode[0m[1m{[0m[3mname[0m[2m=[0mk#b3f3cbb4..[1m}[0m[2m:[0m [2msui_core::state_accumulator[0m[2m:[0m [2mcrates/sui-core/src/state_accumulator.rs[0m[2m:[0m[2m675:[0m accumulating running root for checkpoint 467
[2m2025-03-25T07:56:12.775797Z[0m [32m INFO[0m [1mnode[0m[1m{[0m[3mname[0m[2m=[0mk#b3f3cbb4..[1m}[0m[2m:[0m [2msui_core::checkpoints::checkpoint_executor[0m[2m:[0m [2mcrates/sui-core/src/checkpoints/checkpoint_executor/mod.rs[0m[2m:[0m[2m332:[0m Received checkpoint summary from state sync [3msequence_number[0m[2m=[0m483
[2m2025-03-25T07:56:12.776268Z[0m [32m INFO[0m [1mnode[0m[1m{[0m[3mname[0m[2m=[0mk#b3f3cbb4..[1m}[0m[2m:[0m [2msui_core::state_accumulator[0m[2m:[0m [2mcrates/sui-core/src/state_accumulator.rs[0m[2m:[0m[2m675:[0m accumulating running root for checkpoint 468
[2m2025-03-25T07:56:12.836945Z[0m [32m INFO[0m [1mnode[0m[1m{[0m[3mname[0m[2m=[0mk#8dcff6d1..[1m}[0m[2m:[0m [2mconsensus_core::core[0m[2m:[0m [2mconsensus/core/src/core.rs[0m[2m:[0m[2m945:[0m Included 3 ancestors & excluded 0 ancestors for proposal in round 286
[2m2025-03-25T07:56:12.837308Z[0m [32m INFO[0m [1mnode[0m[1m{[0m[3mname[0m[2m=[0mk#8dcff6d1..[1m}[0m[2m:[0m [2mconsensus_core::core[0m[2m:[0m [2mconsensus/core/src/core.rs[0m[2m:[0m[2m531:[0m Created block B286(A,V1Cwc/0jC428vsD1R5mlLzKOmt0iLeMymWws/V/1SMs=)(1742889372837ms;[B285(A,x/epMHwvNWEuLnDeBDOPcbBuv81LB5XF/FKu0m5nLa8=), B285(B,1cwu/j8mdxcpB2/SJ1O0Cfamqall2skiioJhVMDIm9g=), B285(C,EGK9sitAubmIkS/by0uiCXWAxmlrnFqTgir9ZPDEL5Q=)];1t;1c) for round 286
[2m2025-03-25T07:56:12.837413Z[0m [32m INFO[0m [1mnode[0m[1m{[0m[3mname[0m[2m=[0mk#99f25ef6..[1m}[0m[2m:[0m [2mconsensus_core::core[0m[2m:[0m [2mconsensus/core/src/core.rs[0m[2m:[0m[2m945:[0m Included 3 ancestors & excluded 0 ancestors for proposal in round 286
[2m2025-03-25T07:56:12.837710Z[0m [33m WARN[0m [1mnode[0m[1m{[0m[3mname[0m[2m=[0mk#8dcff6d1..[1m}[0m[2m:[0m[1mjwk_updater_task[0m[1m{[0m[3mepoch[0m[2m=[0m1[1m}[0m[2m:[0m [2msui_node[0m[2m:[0m [2mcrates/sui-node/src/lib.rs[0m[2m:[0m[2m381:[0m Error when fetching JWK for provider Facebook JWKRetrievalError
[2m2025-03-25T07:56:12.837718Z[0m [32m INFO[0m [1mnode[0m[1m{[0m[3mname[0m[2m=[0mk#99f25ef6..[1m}[0m[2m:[0m [2mconsensus_core::core[0m[2m:[0m [2mconsensus/core/src/core.rs[0m[2m:[0m[2m531:[0m Created block B286(B,jbMAK/E4QLvTnvgD9NjHLhSZYYXVmOuCNkayBAsZUKg=)(1742889372837ms;[B285(B,1cwu/j8mdxcpB2/SJ1O0Cfamqall2skiioJhVMDIm9g=), B285(A,x/epMHwvNWEuLnDeBDOPcbBuv81LB5XF/FKu0m5nLa8=), B285(C,EGK9sitAubmIkS/by0uiCXWAxmlrnFqTgir9ZPDEL5Q=)];1t;1c) for round 286
[2m2025-03-25T07:56:12.840450Z[0m [32m INFO[0m [1mnode[0m[1m{[0m[3mname[0m[2m=[0mk#addeef94..[1m}[0m[2m:[0m [2mconsensus_core::core[0m[2m:[0m [2mconsensus/core/src/core.rs[0m[2m:[0m[2m945:[0m Included 3 ancestors & excluded 0 ancestors for proposal in round 286
[2m2025-03-25T07:56:12.840739Z[0m [32m INFO[0m [1mnode[0m[1m{[0m[3mname[0m[2m=[0mk#addeef94..[1m}[0m[2m:[0m [2mconsensus_core::core[0m[2m:[0m [2mconsensus/core/src/core.rs[0m[2m:[0m[2m531:[0m Created block B286(C,3AguRjASfzIYS4b/4PV9ur7Vw3xAHaG6xA3y+W0cT9k=)(1742889372840ms;[B285(C,EGK9sitAubmIkS/by0uiCXWAxmlrnFqTgir9ZPDEL5Q=), B285(A,x/epMHwvNWEuLnDeBDOPcbBuv81LB5XF/FKu0m5nLa8=), B285(B,1cwu/j8mdxcpB2/SJ1O0Cfamqall2skiioJhVMDIm9g=)];1t;1c) for round 286
[2m2025-03-25T07:56:12.840806Z[0m [32m INFO[0m [1mnode[0m[1m{[0m[3mname[0m[2m=[0mk#addeef94..[1m}[0m[2m:[0m [2mconsensus_core::core[0m[2m:[0m [2mconsensus/core/src/core.rs[0m[2m:[0m[2m630:[0m Committing 1 leaders: B284(C,KxE1)
[2m2025-03-25T07:56:12.840875Z[0m [32m INFO[0m [1mnode[0m[1m{[0m[3mname[0m[2m=[0mk#addeef94..[1m}[0m[2m:[0m [2mconsensus_core::commit_observer[0m[2m:[0m [2mconsensus/core/src/commit_observer.rs[0m[2m:[0m[2m173:[0m Consensus commit C274(uQ0D) with leader B284(C,KxE1) has 3 blocks
[2m2025-03-25T07:56:12.841110Z[0m [32m INFO[0m [1mnode[0m[1m{[0m[3mname[0m[2m=[0mk#addeef94..[1m}[0m[2m:[0m [2msui_core::consensus_handler[0m[2m:[0m [2mcrates/sui-core/src/consensus_handler.rs[0m[2m:[0m[2m232:[0m Received consensus output [3mconsensus_commit[0m[2m=[0mCommittedSubDag(leader=B284(C,KxE1), ref=C274(uQ0D), blocks=[aIjo, bZTz, KxE1]) [3mepoch[0m[2m=[0m1
[2m2025-03-25T07:56:12.844161Z[0m [32m INFO[0m [1mnode[0m[1m{[0m[3mname[0m[2m=[0mk#8dcff6d1..[1m}[0m[2m:[0m [2msui_core::checkpoints::checkpoint_output[0m[2m:[0m [2mcrates/sui-core/src/checkpoints/checkpoint_output.rs[0m[2m:[0m[2m196:[0m Certified checkpoint with sequence 486 and digest E6qCzDBQo2hcV8e2QCMNhunJe88hwWU2jY3F7sYWhaKK
[2m2025-03-25T07:56:12.844159Z[0m [32m INFO[0m [1mnode[0m[1m{[0m[3mname[0m[2m=[0mk#99f25ef6..[1m}[0m[2m:[0m [2msui_core::checkpoints::checkpoint_output[0m[2m:[0m [2mcrates/sui-core/src/checkpoints/checkpoint_output.rs[0m[2m:[0m[2m196:[0m Certified checkpoint with sequence 486 and digest E6qCzDBQo2hcV8e2QCMNhunJe88hwWU2jY3F7sYWhaKK
[2m2025-03-25T07:56:12.844264Z[0m [32m INFO[0m [1mnode[0m[1m{[0m[3mname[0m[2m=[0mk#8dcff6d1..[1m}[0m[2m:[0m [2mconsensus_core::core[0m[2m:[0m [2mconsensus/core/src/core.rs[0m[2m:[0m[2m630:[0m Committing 1 leaders: B284(C,KxE1)
[2m2025-03-25T07:56:12.844264Z[0m [32m INFO[0m [1mnode[0m[1m{[0m[3mname[0m[2m=[0mk#99f25ef6..[1m}[0m[2m:[0m [2mconsensus_core::core[0m[2m:[0m [2mconsensus/core/src/core.rs[0m[2m:[0m[2m630:[0m Committing 1 leaders: B284(C,KxE1)
[2m2025-03-25T07:56:12.844363Z[0m [32m INFO[0m [1mnode[0m[1m{[0m[3mname[0m[2m=[0mk#8dcff6d1..[1m}[0m[2m:[0m [2mconsensus_core::commit_observer[0m[2m:[0m [2mconsensus/core/src/commit_observer.rs[0m[2m:[0m[2m173:[0m Consensus commit C274(uQ0D) with leader B284(C,KxE1) has 3 blocks
[2m2025-03-25T07:56:12.844366Z[0m [32m INFO[0m [1mnode[0m[1m{[0m[3mname[0m[2m=[0mk#99f25ef6..[1m}[0m[2m:[0m [2mconsensus_core::commit_observer[0m[2m:[0m [2mconsensus/core/src/commit_observer.rs[0m[2m:[0m[2m173:[0m Consensus commit C274(uQ0D) with leader B284(C,KxE1) has 3 blocks
[2m2025-03-25T07:56:12.844785Z[0m [32m INFO[0m [1mnode[0m[1m{[0m[3mname[0m[2m=[0mk#99f25ef6..[1m}[0m[2m:[0m [2msui_core::consensus_handler[0m[2m:[0m [2mcrates/sui-core/src/consensus_handler.rs[0m[2m:[0m[2m232:[0m Received consensus output [3mconsensus_commit[0m[2m=[0mCommittedSubDag(leader=B284(C,KxE1), ref=C274(uQ0D), blocks=[aIjo, bZTz, KxE1]) [3mepoch[0m[2m=[0m1
[2m2025-03-25T07:56:12.844785Z[0m [32m INFO[0m [1mnode[0m[1m{[0m[3mname[0m[2m=[0mk#8dcff6d1..[1m}[0m[2m:[0m [2msui_core::consensus_handler[0m[2m:[0m [2mcrates/sui-core/src/consensus_handler.rs[0m[2m:[0m[2m232:[0m Received consensus output [3mconsensus_commit[0m[2m=[0mCommittedSubDag(leader=B284(C,KxE1), ref=C274(uQ0D), blocks=[aIjo, bZTz, KxE1]) [3mepoch[0m[2m=[0m1
[2m2025-03-25T07:56:12.845407Z[0m [32m INFO[0m [1mnode[0m[1m{[0m[3mname[0m[2m=[0mk#99f25ef6..[1m}[0m[2m:[0m [2msui_core::checkpoints::checkpoint_executor[0m[2m:[0m [2mcrates/sui-core/src/checkpoints/checkpoint_executor/mod.rs[0m[2m:[0m[2m332:[0m Received checkpoint summary from state sync [3msequence_number[0m[2m=[0m486
[2m2025-03-25T07:56:12.845406Z[0m [32m INFO[0m [1mnode[0m[1m{[0m[3mname[0m[2m=[0mk#8dcff6d1..[1m}[0m[2m:[0m [2msui_core::checkpoints::checkpoint_executor[0m[2m:[0m [2mcrates/sui-core/src/checkpoints/checkpoint_executor/mod.rs[0m[2m:[0m[2m332:[0m Received checkpoint summary from state sync [3msequence_number[0m[2m=[0m486
[2m2025-03-25T07:56:12.858911Z[0m [32m INFO[0m [1mnode[0m[1m{[0m[3mname[0m[2m=[0mk#99f25ef6..[1m}[0m[2m:[0m [2msui_core::state_accumulator[0m[2m:[0m [2mcrates/sui-core/src/state_accumulator.rs[0m[2m:[0m[2m675:[0m accumulating running root for checkpoint 486
[2m2025-03-25T07:56:12.858911Z[0m [32m INFO[0m [1mnode[0m[1m{[0m[3mname[0m[2m=[0mk#8dcff6d1..[1m}[0m[2m:[0m [2msui_core::state_accumulator[0m[2m:[0m [2mcrates/sui-core/src/state_accumulator.rs[0m[2m:[0m[2m675:[0m accumulating running root for checkpoint 486
[2m2025-03-25T07:56:12.885745Z[0m [32m INFO[0m [1mnode[0m[1m{[0m[3mname[0m[2m=[0mk#addeef94..[1m}[0m[2m:[0m [2msui_core::checkpoints[0m[2m:[0m [2mcrates/sui-core/src/checkpoints/mod.rs[0m[2m:[0m[2m1326:[0m Creating checkpoint(s) for 1 transactions [3mnext_checkpoint_seq[0m[2m=[0m487 [3mcheckpoint_timestamp[0m[2m=[0m1742889372327
[2m2025-03-25T07:56:12.885970Z[0m [32m INFO[0m [1mnode[0m[1m{[0m[3mname[0m[2m=[0mk#addeef94..[1m}[0m[2m:[0m [2msui_core::checkpoints::checkpoint_output[0m[2m:[0m [2mcrates/sui-core/src/checkpoints/checkpoint_output.rs[0m[2m:[0m[2m149:[0m Creating checkpoint CheckpointDigest(CJr3kZRWWw117XBk4kPEfT4GezMnGAfXnaUQumQvV2Rd) at epoch 1, sequence 487, previous digest Some(CheckpointDigest(E6qCzDBQo2hcV8e2QCMNhunJe88hwWU2jY3F7sYWhaKK)), transactions count 1, content digest CheckpointContentsDigest(5GVRaaQxHQiXeSvTCr49gcb4AJWKzHKtro61bCTCpLMc), end_of_epoch_data None
[2m2025-03-25T07:56:12.889917Z[0m [32m INFO[0m [1mnode[0m[1m{[0m[3mname[0m[2m=[0mk#8dcff6d1..[1m}[0m[2m:[0m [2msui_core::checkpoints[0m[2m:[0m [2mcrates/sui-core/src/checkpoints/mod.rs[0m[2m:[0m[2m1326:[0m Creating checkpoint(s) for 1 transactions [3mnext_checkpoint_seq[0m[2m=[0m487 [3mcheckpoint_timestamp[0m[2m=[0m1742889372327
[2m2025-03-25T07:56:12.889981Z[0m [32m INFO[0m [1mnode[0m[1m{[0m[3mname[0m[2m=[0mk#99f25ef6..[1m}[0m[2m:[0m [2msui_core::checkpoints[0m[2m:[0m [2mcrates/sui-core/src/checkpoints/mod.rs[0m[2m:[0m[2m1326:[0m Creating checkpoint(s) for 1 transactions [3mnext_checkpoint_seq[0m[2m=[0m487 [3mcheckpoint_timestamp[0m[2m=[0m1742889372327
[2m2025-03-25T07:56:12.890098Z[0m [32m INFO[0m [1mnode[0m[1m{[0m[3mname[0m[2m=[0mk#8dcff6d1..[1m}[0m[2m:[0m [2msui_core::checkpoints::checkpoint_output[0m[2m:[0m [2mcrates/sui-core/src/checkpoints/checkpoint_output.rs[0m[2m:[0m[2m149:[0m Creating checkpoint CheckpointDigest(CJr3kZRWWw117XBk4kPEfT4GezMnGAfXnaUQumQvV2Rd) at epoch 1, sequence 487, previous digest Some(CheckpointDigest(E6qCzDBQo2hcV8e2QCMNhunJe88hwWU2jY3F7sYWhaKK)), transactions count 1, content digest CheckpointContentsDigest(5GVRaaQxHQiXeSvTCr49gcb4AJWKzHKtro61bCTCpLMc), end_of_epoch_data None
[2m2025-03-25T07:56:12.890149Z[0m [32m INFO[0m [1mnode[0m[1m{[0m[3mname[0m[2m=[0mk#99f25ef6..[1m}[0m[2m:[0m [2msui_core::checkpoints::checkpoint_output[0m[2m:[0m [2mcrates/sui-core/src/checkpoints/checkpoint_output.rs[0m[2m:[0m[2m149:[0m Creating checkpoint CheckpointDigest(CJr3kZRWWw117XBk4kPEfT4GezMnGAfXnaUQumQvV2Rd) at epoch 1, sequence 487, previous digest Some(CheckpointDigest(E6qCzDBQo2hcV8e2QCMNhunJe88hwWU2jY3F7sYWhaKK)), transactions count 1, content digest CheckpointContentsDigest(5GVRaaQxHQiXeSvTCr49gcb4AJWKzHKtro61bCTCpLMc), end_of_epoch_data None
[2m2025-03-25T07:56:12.937139Z[0m [32m INFO[0m [1mnode[0m[1m{[0m[3mname[0m[2m=[0mk#b3f3cbb4..[1m}[0m[2m:[0m [2msui_core::state_accumulator[0m[2m:[0m [2mcrates/sui-core/src/state_accumulator.rs[0m[2m:[0m[2m675:[0m accumulating running root for checkpoint 469
[2m2025-03-25T07:56:12.949232Z[0m [32m INFO[0m [1mnode[0m[1m{[0m[3mname[0m[2m=[0mk#b3f3cbb4..[1m}[0m[2m:[0m [2msui_core::state_accumulator[0m[2m:[0m [2mcrates/sui-core/src/state_accumulator.rs[0m[2m:[0m[2m675:[0m accumulating running root for checkpoint 470
[2m2025-03-25T07:56:12.949491Z[0m [32m INFO[0m [1mnode[0m[1m{[0m[3mname[0m[2m=[0mk#b3f3cbb4..[1m}[0m[2m:[0m [2msui_core::checkpoints::checkpoint_executor[0m[2m:[0m [2mcrates/sui-core/src/checkpoints/checkpoint_executor/mod.rs[0m[2m:[0m[2m332:[0m Received checkpoint summary from state sync [3msequence_number[0m[2m=[0m484
[2m2025-03-25T07:56:12.952229Z[0m [32m INFO[0m [1mnode[0m[1m{[0m[3mname[0m[2m=[0mk#addeef94..[1m}[0m[2m:[0m [2msui_core::checkpoints::checkpoint_executor[0m[2m:[0m [2mcrates/sui-core/src/checkpoints/checkpoint_executor/mod.rs[0m[2m:[0m[2m332:[0m Received checkpoint summary from state sync [3msequence_number[0m[2m=[0m486
[2m2025-03-25T07:56:12.953512Z[0m [32m INFO[0m [1mnode[0m[1m{[0m[3mname[0m[2m=[0mk#addeef94..[1m}[0m[2m:[0m [2msui_core::state_accumulator[0m[2m:[0m [2mcrates/sui-core/src/state_accumulator.rs[0m[2m:[0m[2m675:[0m accumulating running root for checkpoint 486
[2m2025-03-25T07:56:12.954142Z[0m [33m WARN[0m [1mnode[0m[1m{[0m[3mname[0m[2m=[0mk#addeef94..[1m}[0m[2m:[0m[1mjwk_updater_task[0m[1m{[0m[3mepoch[0m[2m=[0m1[1m}[0m[2m:[0m [2msui_node[0m[2m:[0m [2mcrates/sui-node/src/lib.rs[0m[2m:[0m[2m381:[0m Error when fetching JWK for provider Facebook JWKRetrievalError
[2m2025-03-25T07:56:12.954231Z[0m [33m WARN[0m [1mnode[0m[1m{[0m[3mname[0m[2m=[0mk#addeef94..[1m}[0m[2m:[0m[1mjwk_updater_task[0m[1m{[0m[3mepoch[0m[2m=[0m1[1m}[0m[2m:[0m [2msui_node[0m[2m:[0m [2mcrates/sui-node/src/lib.rs[0m[2m:[0m[2m381:[0m Error when fetching JWK for provider Twitch JWKRetrievalError
[2m2025-03-25T07:56:12.954313Z[0m [33m WARN[0m [1mnode[0m[1m{[0m[3mname[0m[2m=[0mk#addeef94..[1m}[0m[2m:[0m[1mjwk_updater_task[0m[1m{[0m[3mepoch[0m[2m=[0m1[1m}[0m[2m:[0m [2msui_node[0m[2m:[0m [2mcrates/sui-node/src/lib.rs[0m[2m:[0m[2m381:[0m Error when fetching JWK for provider Kakao JWKRetrievalError
[2m2025-03-25T07:56:12.954400Z[0m [33m WARN[0m [1mnode[0m[1m{[0m[3mname[0m[2m=[0mk#8dcff6d1..[1m}[0m[2m:[0m[1mjwk_updater_task[0m[1m{[0m[3mepoch[0m[2m=[0m1[1m}[0m[2m:[0m [2msui_node[0m[2m:[0m [2mcrates/sui-node/src/lib.rs[0m[2m:[0m[2m381:[0m Error when fetching JWK for provider Kakao JWKRetrievalError
[2m2025-03-25T07:56:12.954470Z[0m [33m WARN[0m [1mnode[0m[1m{[0m[3mname[0m[2m=[0mk#8dcff6d1..[1m}[0m[2m:[0m[1mjwk_updater_task[0m[1m{[0m[3mepoch[0m[2m=[0m1[1m}[0m[2m:[0m [2msui_node[0m[2m:[0m [2mcrates/sui-node/src/lib.rs[0m[2m:[0m[2m381:[0m Error when fetching JWK for provider Twitch JWKRetrievalError
[2m2025-03-25T07:56:12.954537Z[0m [33m WARN[0m [1mnode[0m[1m{[0m[3mname[0m[2m=[0mk#99f25ef6..[1m}[0m[2m:[0m[1mjwk_updater_task[0m[1m{[0m[3mepoch[0m[2m=[0m1[1m}[0m[2m:[0m [2msui_node[0m[2m:[0m [2mcrates/sui-node/src/lib.rs[0m[2m:[0m[2m381:[0m Error when fetching JWK for provider Facebook JWKRetrievalError
[2m2025-03-25T07:56:12.972735Z[0m [33m WARN[0m [1mnode[0m[1m{[0m[3mname[0m[2m=[0mk#99f25ef6..[1m}[0m[2m:[0m[1mjwk_updater_task[0m[1m{[0m[3mepoch[0m[2m=[0m1[1m}[0m[2m:[0m [2msui_node[0m[2m:[0m [2mcrates/sui-node/src/lib.rs[0m[2m:[0m[2m381:[0m Error when fetching JWK for provider Twitch JWKRetrievalError
[2m2025-03-25T07:56:12.972816Z[0m [33m WARN[0m [1mnode[0m[1m{[0m[3mname[0m[2m=[0mk#99f25ef6..[1m}[0m[2m:[0m[1mjwk_updater_task[0m[1m{[0m[3mepoch[0m[2m=[0m1[1m}[0m[2m:[0m [2msui_node[0m[2m:[0m [2mcrates/sui-node/src/lib.rs[0m[2m:[0m[2m381:[0m Error when fetching JWK for provider Kakao JWKRetrievalError
[2m2025-03-25T07:56:13.094600Z[0m [32m INFO[0m [1mnode[0m[1m{[0m[3mname[0m[2m=[0mk#addeef94..[1m}[0m[2m:[0m [2mconsensus_core::core[0m[2m:[0m [2mconsensus/core/src/core.rs[0m[2m:[0m[2m945:[0m Included 3 ancestors & excluded 0 ancestors for proposal in round 287
[2m2025-03-25T07:56:13.094967Z[0m [32m INFO[0m [1mnode[0m[1m{[0m[3mname[0m[2m=[0mk#addeef94..[1m}[0m[2m:[0m [2mconsensus_core::core[0m[2m:[0m [2mconsensus/core/src/core.rs[0m[2m:[0m[2m531:[0m Created block B287(C,5WDH73uu2Zh7WxDoZUzVW/z/Vh5KwiHrr8jczM2Oq70=)(1742889373094ms;[B286(C,3AguRjASfzIYS4b/4PV9ur7Vw3xAHaG6xA3y+W0cT9k=), B286(A,V1Cwc/0jC428vsD1R5mlLzKOmt0iLeMymWws/V/1SMs=), B286(B,jbMAK/E4QLvTnvgD9NjHLhSZYYXVmOuCNkayBAsZUKg=)];1t;1c) for round 287
[2m2025-03-25T07:56:13.096631Z[0m [32m INFO[0m [1mnode[0m[1m{[0m[3mname[0m[2m=[0mk#99f25ef6..[1m}[0m[2m:[0m [2mconsensus_core::core[0m[2m:[0m [2mconsensus/core/src/core.rs[0m[2m:[0m[2m945:[0m Included 3 ancestors & excluded 0 ancestors for proposal in round 287
[2m2025-03-25T07:56:13.096894Z[0m [32m INFO[0m [1mnode[0m[1m{[0m[3mname[0m[2m=[0mk#8dcff6d1..[1m}[0m[2m:[0m [2mconsensus_core::core[0m[2m:[0m [2mconsensus/core/src/core.rs[0m[2m:[0m[2m945:[0m Included 3 ancestors & excluded 0 ancestors for proposal in round 287
[2m2025-03-25T07:56:13.096901Z[0m [32m INFO[0m [1mnode[0m[1m{[0m[3mname[0m[2m=[0mk#99f25ef6..[1m}[0m[2m:[0m [2mconsensus_core::core[0m[2m:[0m [2mconsensus/core/src/core.rs[0m[2m:[0m[2m531:[0m Created block B287(B,52VYPJMwoRygyl42XH2Ux1DNOPd8sDO/hc6mE6eYuMY=)(1742889373096ms;[B286(B,jbMAK/E4QLvTnvgD9NjHLhSZYYXVmOuCNkayBAsZUKg=), B286(A,V1Cwc/0jC428vsD1R5mlLzKOmt0iLeMymWws/V/1SMs=), B286(C,3AguRjASfzIYS4b/4PV9ur7Vw3xAHaG6xA3y+W0cT9k=)];1t;1c) for round 287
[2m2025-03-25T07:56:13.097041Z[0m [32m INFO[0m [1mnode[0m[1m{[0m[3mname[0m[2m=[0mk#99f25ef6..[1m}[0m[2m:[0m [2mconsensus_core::core[0m[2m:[0m [2mconsensus/core/src/core.rs[0m[2m:[0m[2m630:[0m Committing 1 leaders: B285(B,1cwu)
[2m2025-03-25T07:56:13.097130Z[0m [32m INFO[0m [1mnode[0m[1m{[0m[3mname[0m[2m=[0mk#99f25ef6..[1m}[0m[2m:[0m [2mconsensus_core::commit_observer[0m[2m:[0m [2mconsensus/core/src/commit_observer.rs[0m[2m:[0m[2m173:[0m Consensus commit C275(qEwU) with leader B285(B,1cwu) has 3 blocks
[2m2025-03-25T07:56:13.097180Z[0m [32m INFO[0m [1mnode[0m[1m{[0m[3mname[0m[2m=[0mk#8dcff6d1..[1m}[0m[2m:[0m [2mconsensus_core::core[0m[2m:[0m [2mconsensus/core/src/core.rs[0m[2m:[0m[2m531:[0m Created block B287(A,WKjS52DXitos44AWdkI5f3KfGqi9d93fsMUs2vOlQhs=)(1742889373097ms;[B286(A,V1Cwc/0jC428vsD1R5mlLzKOmt0iLeMymWws/V/1SMs=), B286(B,jbMAK/E4QLvTnvgD9NjHLhSZYYXVmOuCNkayBAsZUKg=), B286(C,3AguRjASfzIYS4b/4PV9ur7Vw3xAHaG6xA3y+W0cT9k=)];1t;1c) for round 287
[2m2025-03-25T07:56:13.097241Z[0m [32m INFO[0m [1mnode[0m[1m{[0m[3mname[0m[2m=[0mk#8dcff6d1..[1m}[0m[2m:[0m [2mconsensus_core::core[0m[2m:[0m [2mconsensus/core/src/core.rs[0m[2m:[0m[2m630:[0m Committing 1 leaders: B285(B,1cwu)
[2m2025-03-25T07:56:13.097303Z[0m [32m INFO[0m [1mnode[0m[1m{[0m[3mname[0m[2m=[0mk#8dcff6d1..[1m}[0m[2m:[0m [2mconsensus_core::commit_observer[0m[2m:[0m [2mconsensus/core/src/commit_observer.rs[0m[2m:[0m[2m173:[0m Consensus commit C275(qEwU) with leader B285(B,1cwu) has 3 blocks
[2m2025-03-25T07:56:13.097364Z[0m [32m INFO[0m [1mnode[0m[1m{[0m[3mname[0m[2m=[0mk#99f25ef6..[1m}[0m[2m:[0m [2msui_core::consensus_handler[0m[2m:[0m [2mcrates/sui-core/src/consensus_handler.rs[0m[2m:[0m[2m232:[0m Received consensus output [3mconsensus_commit[0m[2m=[0mCommittedSubDag(leader=B285(B,1cwu), ref=C275(qEwU), blocks=[/rcv, UzTs, 1cwu]) [3mepoch[0m[2m=[0m1
[2m2025-03-25T07:56:13.097378Z[0m [32m INFO[0m [1mnode[0m[1m{[0m[3mname[0m[2m=[0mk#8dcff6d1..[1m}[0m[2m:[0m [2msui_core::consensus_handler[0m[2m:[0m [2mcrates/sui-core/src/consensus_handler.rs[0m[2m:[0m[2m232:[0m Received consensus output [3mconsensus_commit[0m[2m=[0mCommittedSubDag(leader=B285(B,1cwu), ref=C275(qEwU), blocks=[/rcv, UzTs, 1cwu]) [3mepoch[0m[2m=[0m1
[2m2025-03-25T07:56:13.100957Z[0m [32m INFO[0m [1mnode[0m[1m{[0m[3mname[0m[2m=[0mk#addeef94..[1m}[0m[2m:[0m [2mconsensus_core::core[0m[2m:[0m [2mconsensus/core/src/core.rs[0m[2m:[0m[2m630:[0m Committing 1 leaders: B285(B,1cwu)
[2m2025-03-25T07:56:13.101048Z[0m [32m INFO[0m [1mnode[0m[1m{[0m[3mname[0m[2m=[0mk#addeef94..[1m}[0m[2m:[0m [2mconsensus_core::commit_observer[0m[2m:[0m [2mconsensus/core/src/commit_observer.rs[0m[2m:[0m[2m173:[0m Consensus commit C275(qEwU) with leader B285(B,1cwu) has 3 blocks
[2m2025-03-25T07:56:13.101180Z[0m [32m INFO[0m [1mnode[0m[1m{[0m[3mname[0m[2m=[0mk#addeef94..[1m}[0m[2m:[0m [2msui_core::consensus_handler[0m[2m:[0m [2mcrates/sui-core/src/consensus_handler.rs[0m[2m:[0m[2m232:[0m Received consensus output [3mconsensus_commit[0m[2m=[0mCommittedSubDag(leader=B285(B,1cwu), ref=C275(qEwU), blocks=[/rcv, UzTs, 1cwu]) [3mepoch[0m[2m=[0m1
[2m2025-03-25T07:56:13.104785Z[0m [32m INFO[0m [1mnode[0m[1m{[0m[3mname[0m[2m=[0mk#b3f3cbb4..[1m}[0m[2m:[0m [2msui_core::state_accumulator[0m[2m:[0m [2mcrates/sui-core/src/state_accumulator.rs[0m[2m:[0m[2m675:[0m accumulating running root for checkpoint 471
[2m2025-03-25T07:56:13.123767Z[0m [32m INFO[0m [1mnode[0m[1m{[0m[3mname[0m[2m=[0mk#99f25ef6..[1m}[0m[2m:[0m [2msui_core::checkpoints[0m[2m:[0m [2mcrates/sui-core/src/checkpoints/mod.rs[0m[2m:[0m[2m1326:[0m Creating checkpoint(s) for 2 transactions [3mnext_checkpoint_seq[0m[2m=[0m488 [3mcheckpoint_timestamp[0m[2m=[0m1742889372584
[2m2025-03-25T07:56:13.123767Z[0m [32m INFO[0m [1mnode[0m[1m{[0m[3mname[0m[2m=[0mk#8dcff6d1..[1m}[0m[2m:[0m [2msui_core::checkpoints[0m[2m:[0m [2mcrates/sui-core/src/checkpoints/mod.rs[0m[2m:[0m[2m1326:[0m Creating checkpoint(s) for 2 transactions [3mnext_checkpoint_seq[0m[2m=[0m488 [3mcheckpoint_timestamp[0m[2m=[0m1742889372584
[2m2025-03-25T07:56:13.124076Z[0m [32m INFO[0m [1mnode[0m[1m{[0m[3mname[0m[2m=[0mk#8dcff6d1..[1m}[0m[2m:[0m [2msui_core::checkpoints::checkpoint_output[0m[2m:[0m [2mcrates/sui-core/src/checkpoints/checkpoint_output.rs[0m[2m:[0m[2m149:[0m Creating checkpoint CheckpointDigest(BVXVnw1haTPMNDVFi1GrH3Rxjfyu6C7ZTsZrfJNdEk1u) at epoch 1, sequence 488, previous digest Some(CheckpointDigest(CJr3kZRWWw117XBk4kPEfT4GezMnGAfXnaUQumQvV2Rd)), transactions count 2, content digest CheckpointContentsDigest(664sCWB4hvDey8N4kcjEhnCsvpMgdhQwUgqNUT2wnM3L), end_of_epoch_data None
[2m2025-03-25T07:56:13.124076Z[0m [32m INFO[0m [1mnode[0m[1m{[0m[3mname[0m[2m=[0mk#99f25ef6..[1m}[0m[2m:[0m [2msui_core::checkpoints::checkpoint_output[0m[2m:[0m [2mcrates/sui-core/src/checkpoints/checkpoint_output.rs[0m[2m:[0m[2m149:[0m Creating checkpoint CheckpointDigest(BVXVnw1haTPMNDVFi1GrH3Rxjfyu6C7ZTsZrfJNdEk1u) at epoch 1, sequence 488, previous digest Some(CheckpointDigest(CJr3kZRWWw117XBk4kPEfT4GezMnGAfXnaUQumQvV2Rd)), transactions count 2, content digest CheckpointContentsDigest(664sCWB4hvDey8N4kcjEhnCsvpMgdhQwUgqNUT2wnM3L), end_of_epoch_data None
[2m2025-03-25T07:56:13.127153Z[0m [32m INFO[0m [1mnode[0m[1m{[0m[3mname[0m[2m=[0mk#addeef94..[1m}[0m[2m:[0m [2msui_core::checkpoints[0m[2m:[0m [2mcrates/sui-core/src/checkpoints/mod.rs[0m[2m:[0m[2m1326:[0m Creating checkpoint(s) for 2 transactions [3mnext_checkpoint_seq[0m[2m=[0m488 [3mcheckpoint_timestamp[0m[2m=[0m1742889372584
[2m2025-03-25T07:56:13.127183Z[0m [32m INFO[0m [1mnode[0m[1m{[0m[3mname[0m[2m=[0mk#99f25ef6..[1m}[0m[2m:[0m [2msui_core::checkpoints::checkpoint_output[0m[2m:[0m [2mcrates/sui-core/src/checkpoints/checkpoint_output.rs[0m[2m:[0m[2m196:[0m Certified checkpoint with sequence 487 and digest CJr3kZRWWw117XBk4kPEfT4GezMnGAfXnaUQumQvV2Rd
[2m2025-03-25T07:56:13.127252Z[0m [32m INFO[0m [1mnode[0m[1m{[0m[3mname[0m[2m=[0mk#8dcff6d1..[1m}[0m[2m:[0m [2msui_core::checkpoints::checkpoint_output[0m[2m:[0m [2mcrates/sui-core/src/checkpoints/checkpoint_output.rs[0m[2m:[0m[2m196:[0m Certified checkpoint with sequence 487 and digest CJr3kZRWWw117XBk4kPEfT4GezMnGAfXnaUQumQvV2Rd
[2m2025-03-25T07:56:13.127403Z[0m [32m INFO[0m [1mnode[0m[1m{[0m[3mname[0m[2m=[0mk#addeef94..[1m}[0m[2m:[0m [2msui_core::checkpoints::checkpoint_output[0m[2m:[0m [2mcrates/sui-core/src/checkpoints/checkpoint_output.rs[0m[2m:[0m[2m149:[0m Creating checkpoint CheckpointDigest(BVXVnw1haTPMNDVFi1GrH3Rxjfyu6C7ZTsZrfJNdEk1u) at epoch 1, sequence 488, previous digest Some(CheckpointDigest(CJr3kZRWWw117XBk4kPEfT4GezMnGAfXnaUQumQvV2Rd)), transactions count 2, content digest CheckpointContentsDigest(664sCWB4hvDey8N4kcjEhnCsvpMgdhQwUgqNUT2wnM3L), end_of_epoch_data None
[2m2025-03-25T07:56:13.127609Z[0m [32m INFO[0m [1mnode[0m[1m{[0m[3mname[0m[2m=[0mk#8dcff6d1..[1m}[0m[2m:[0m [2msui_core::checkpoints::checkpoint_executor[0m[2m:[0m [2mcrates/sui-core/src/checkpoints/checkpoint_executor/mod.rs[0m[2m:[0m[2m332:[0m Received checkpoint summary from state sync [3msequence_number[0m[2m=[0m487
[2m2025-03-25T07:56:13.127609Z[0m [32m INFO[0m [1mnode[0m[1m{[0m[3mname[0m[2m=[0mk#99f25ef6..[1m}[0m[2m:[0m [2msui_core::checkpoints::checkpoint_executor[0m[2m:[0m [2mcrates/sui-core/src/checkpoints/checkpoint_executor/mod.rs[0m[2m:[0m[2m332:[0m Received checkpoint summary from state sync [3msequence_number[0m[2m=[0m487
[2m2025-03-25T07:56:13.128746Z[0m [32m INFO[0m [1mnode[0m[1m{[0m[3mname[0m[2m=[0mk#8dcff6d1..[1m}[0m[2m:[0m [2msui_core::state_accumulator[0m[2m:[0m [2mcrates/sui-core/src/state_accumulator.rs[0m[2m:[0m[2m675:[0m accumulating running root for checkpoint 487
[2m2025-03-25T07:56:13.128746Z[0m [32m INFO[0m [1mnode[0m[1m{[0m[3mname[0m[2m=[0mk#99f25ef6..[1m}[0m[2m:[0m [2msui_core::state_accumulator[0m[2m:[0m [2mcrates/sui-core/src/state_accumulator.rs[0m[2m:[0m[2m675:[0m accumulating running root for checkpoint 487
[2m2025-03-25T07:56:13.130910Z[0m [32m INFO[0m [1mnode[0m[1m{[0m[3mname[0m[2m=[0mk#addeef94..[1m}[0m[2m:[0m [2msui_core::checkpoints::checkpoint_executor[0m[2m:[0m [2mcrates/sui-core/src/checkpoints/checkpoint_executor/mod.rs[0m[2m:[0m[2m332:[0m Received checkpoint summary from state sync [3msequence_number[0m[2m=[0m487
[2m2025-03-25T07:56:13.131616Z[0m [32m INFO[0m [1mnode[0m[1m{[0m[3mname[0m[2m=[0mk#addeef94..[1m}[0m[2m:[0m [2msui_core::state_accumulator[0m[2m:[0m [2mcrates/sui-core/src/state_accumulator.rs[0m[2m:[0m[2m675:[0m accumulating running root for checkpoint 487
[2m2025-03-25T07:56:13.193264Z[0m [32m INFO[0m [1mnode[0m[1m{[0m[3mname[0m[2m=[0mk#b3f3cbb4..[1m}[0m[2m:[0m [2msui_core::state_accumulator[0m[2m:[0m [2mcrates/sui-core/src/state_accumulator.rs[0m[2m:[0m[2m675:[0m accumulating running root for checkpoint 472
[2m2025-03-25T07:56:13.194160Z[0m [32m INFO[0m [1mnode[0m[1m{[0m[3mname[0m[2m=[0mk#b3f3cbb4..[1m}[0m[2m:[0m [2msui_core::state_accumulator[0m[2m:[0m [2mcrates/sui-core/src/state_accumulator.rs[0m[2m:[0m[2m675:[0m accumulating running root for checkpoint 473
[2m2025-03-25T07:56:13.231648Z[0m [32m INFO[0m [1mnode[0m[1m{[0m[3mname[0m[2m=[0mk#b3f3cbb4..[1m}[0m[2m:[0m [2msui_core::state_accumulator[0m[2m:[0m [2mcrates/sui-core/src/state_accumulator.rs[0m[2m:[0m[2m675:[0m accumulating running root for checkpoint 474
[2m2025-03-25T07:56:13.231913Z[0m [32m INFO[0m [1mnode[0m[1m{[0m[3mname[0m[2m=[0mk#b3f3cbb4..[1m}[0m[2m:[0m [2msui_core::checkpoints::checkpoint_executor[0m[2m:[0m [2mcrates/sui-core/src/checkpoints/checkpoint_executor/mod.rs[0m[2m:[0m[2m332:[0m Received checkpoint summary from state sync [3msequence_number[0m[2m=[0m485
[2m2025-03-25T07:56:13.262024Z[0m [32m INFO[0m [1mnode[0m[1m{[0m[3mname[0m[2m=[0mk#b3f3cbb4..[1m}[0m[2m:[0m [2msui_core::state_accumulator[0m[2m:[0m [2mcrates/sui-core/src/state_accumulator.rs[0m[2m:[0m[2m675:[0m accumulating running root for checkpoint 475
[2m2025-03-25T07:56:13.297881Z[0m [32m INFO[0m [1mnode[0m[1m{[0m[3mname[0m[2m=[0mk#b3f3cbb4..[1m}[0m[2m:[0m [2msui_core::state_accumulator[0m[2m:[0m [2mcrates/sui-core/src/state_accumulator.rs[0m[2m:[0m[2m675:[0m accumulating running root for checkpoint 476
[2m2025-03-25T07:56:13.303866Z[0m [32m INFO[0m [1mnode[0m[1m{[0m[3mname[0m[2m=[0mk#8dcff6d1..[1m}[0m[2m:[0m [2mconsensus_core::commit_syncer[0m[2m:[0m [2mconsensus/core/src/commit_syncer.rs[0m[2m:[0m[2m196:[0m Checking to schedule fetches: synced_commit_index=275, highest_handled_index=275, highest_scheduled_index=0, quorum_commit_index=274, unhandled_commits_threshold=3200
[2m2025-03-25T07:56:13.324623Z[0m [32m INFO[0m [1mnode[0m[1m{[0m[3mname[0m[2m=[0mk#b3f3cbb4..[1m}[0m[2m:[0m [2msui_core::state_accumulator[0m[2m:[0m [2mcrates/sui-core/src/state_accumulator.rs[0m[2m:[0m[2m675:[0m accumulating running root for checkpoint 477
[2m2025-03-25T07:56:13.324900Z[0m [32m INFO[0m [1mnode[0m[1m{[0m[3mname[0m[2m=[0mk#b3f3cbb4..[1m}[0m[2m:[0m [2msui_core::checkpoints::checkpoint_executor[0m[2m:[0m [2mcrates/sui-core/src/checkpoints/checkpoint_executor/mod.rs[0m[2m:[0m[2m332:[0m Received checkpoint summary from state sync [3msequence_number[0m[2m=[0m486
[2m2025-03-25T07:56:13.328554Z[0m [32m INFO[0m [1mnode[0m[1m{[0m[3mname[0m[2m=[0mk#addeef94..[1m}[0m[2m:[0m [2mconsensus_core::commit_syncer[0m[2m:[0m [2mconsensus/core/src/commit_syncer.rs[0m[2m:[0m[2m196:[0m Checking to schedule fetches: synced_commit_index=275, highest_handled_index=275, highest_scheduled_index=0, quorum_commit_index=0, unhandled_commits_threshold=3200
[2m2025-03-25T07:56:13.330937Z[0m [32m INFO[0m [1mnode[0m[1m{[0m[3mname[0m[2m=[0mk#99f25ef6..[1m}[0m[2m:[0m [2mconsensus_core::commit_syncer[0m[2m:[0m [2mconsensus/core/src/commit_syncer.rs[0m[2m:[0m[2m196:[0m Checking to schedule fetches: synced_commit_index=275, highest_handled_index=275, highest_scheduled_index=0, quorum_commit_index=274, unhandled_commits_threshold=3200
[2m2025-03-25T07:56:13.349049Z[0m [32m INFO[0m [1mnode[0m[1m{[0m[3mname[0m[2m=[0mk#99f25ef6..[1m}[0m[2m:[0m [2mconsensus_core::core[0m[2m:[0m [2mconsensus/core/src/core.rs[0m[2m:[0m[2m945:[0m Included 3 ancestors & excluded 0 ancestors for proposal in round 288
[2m2025-03-25T07:56:13.349457Z[0m [32m INFO[0m [1mnode[0m[1m{[0m[3mname[0m[2m=[0mk#99f25ef6..[1m}[0m[2m:[0m [2mconsensus_core::core[0m[2m:[0m [2mconsensus/core/src/core.rs[0m[2m:[0m[2m531:[0m Created block B288(B,4ttVcQX04+9KJTEq6yz+DwdCOksXP7xS+XAu57JXYrs=)(1742889373349ms;[B287(B,52VYPJMwoRygyl42XH2Ux1DNOPd8sDO/hc6mE6eYuMY=), B287(A,WKjS52DXitos44AWdkI5f3KfGqi9d93fsMUs2vOlQhs=), B287(C,5WDH73uu2Zh7WxDoZUzVW/z/Vh5KwiHrr8jczM2Oq70=)];1t;1c) for round 288
[2m2025-03-25T07:56:13.349752Z[0m [32m INFO[0m [1mnode[0m[1m{[0m[3mname[0m[2m=[0mk#8dcff6d1..[1m}[0m[2m:[0m [2mconsensus_core::core[0m[2m:[0m [2mconsensus/core/src/core.rs[0m[2m:[0m[2m945:[0m Included 3 ancestors & excluded 0 ancestors for proposal in round 288
[2m2025-03-25T07:56:13.350070Z[0m [32m INFO[0m [1mnode[0m[1m{[0m[3mname[0m[2m=[0mk#8dcff6d1..[1m}[0m[2m:[0m [2mconsensus_core::core[0m[2m:[0m [2mconsensus/core/src/core.rs[0m[2m:[0m[2m531:[0m Created block B288(A,tExarXqUTlL56vMU+gKplux+CG1EhGWMiNUrut5e1U8=)(1742889373349ms;[B287(A,WKjS52DXitos44AWdkI5f3KfGqi9d93fsMUs2vOlQhs=), B287(B,52VYPJMwoRygyl42XH2Ux1DNOPd8sDO/hc6mE6eYuMY=), B287(C,5WDH73uu2Zh7WxDoZUzVW/z/Vh5KwiHrr8jczM2Oq70=)];1t;1c) for round 288
[2m2025-03-25T07:56:13.352874Z[0m [32m INFO[0m [1mnode[0m[1m{[0m[3mname[0m[2m=[0mk#addeef94..[1m}[0m[2m:[0m [2mconsensus_core::core[0m[2m:[0m [2mconsensus/core/src/core.rs[0m[2m:[0m[2m945:[0m Included 3 ancestors & excluded 0 ancestors for proposal in round 288
[2m2025-03-25T07:56:13.353186Z[0m [32m INFO[0m [1mnode[0m[1m{[0m[3mname[0m[2m=[0mk#addeef94..[1m}[0m[2m:[0m [2mconsensus_core::core[0m[2m:[0m [2mconsensus/core/src/core.rs[0m[2m:[0m[2m531:[0m Created block B288(C,RjHc53SorALLreKIulxNJHz7TJBG8vTQRuxqho+R6Ww=)(1742889373353ms;[B287(C,5WDH73uu2Zh7WxDoZUzVW/z/Vh5KwiHrr8jczM2Oq70=), B287(A,WKjS52DXitos44AWdkI5f3KfGqi9d93fsMUs2vOlQhs=), B287(B,52VYPJMwoRygyl42XH2Ux1DNOPd8sDO/hc6mE6eYuMY=)];1t;1c) for round 288
[2m2025-03-25T07:56:13.353255Z[0m [32m INFO[0m [1mnode[0m[1m{[0m[3mname[0m[2m=[0mk#addeef94..[1m}[0m[2m:[0m [2mconsensus_core::core[0m[2m:[0m [2mconsensus/core/src/core.rs[0m[2m:[0m[2m630:[0m Committing 1 leaders: B286(C,3Agu)
[2m2025-03-25T07:56:13.353325Z[0m [32m INFO[0m [1mnode[0m[1m{[0m[3mname[0m[2m=[0mk#addeef94..[1m}[0m[2m:[0m [2mconsensus_core::commit_observer[0m[2m:[0m [2mconsensus/core/src/commit_observer.rs[0m[2m:[0m[2m173:[0m Consensus commit C276(YN4K) with leader B286(C,3Agu) has 3 blocks
[2m2025-03-25T07:56:13.353411Z[0m [32m INFO[0m [1mnode[0m[1m{[0m[3mname[0m[2m=[0mk#addeef94..[1m}[0m[2m:[0m [2msui_core::consensus_handler[0m[2m:[0m [2mcrates/sui-core/src/consensus_handler.rs[0m[2m:[0m[2m232:[0m Received consensus output [3mconsensus_commit[0m[2m=[0mCommittedSubDag(leader=B286(C,3Agu), ref=C276(YN4K), blocks=[x/ep, EGK9, 3Agu]) [3mepoch[0m[2m=[0m1
[2m2025-03-25T07:56:13.356407Z[0m [32m INFO[0m [1mnode[0m[1m{[0m[3mname[0m[2m=[0mk#8dcff6d1..[1m}[0m[2m:[0m [2msui_core::checkpoints::checkpoint_output[0m[2m:[0m [2mcrates/sui-core/src/checkpoints/checkpoint_output.rs[0m[2m:[0m[2m196:[0m Certified checkpoint with sequence 488 and digest BVXVnw1haTPMNDVFi1GrH3Rxjfyu6C7ZTsZrfJNdEk1u
[2m2025-03-25T07:56:13.356410Z[0m [32m INFO[0m [1mnode[0m[1m{[0m[3mname[0m[2m=[0mk#99f25ef6..[1m}[0m[2m:[0m [2msui_core::checkpoints::checkpoint_output[0m[2m:[0m [2mcrates/sui-core/src/checkpoints/checkpoint_output.rs[0m[2m:[0m[2m196:[0m Certified checkpoint with sequence 488 and digest BVXVnw1haTPMNDVFi1GrH3Rxjfyu6C7ZTsZrfJNdEk1u
[2m2025-03-25T07:56:13.356522Z[0m [32m INFO[0m [1mnode[0m[1m{[0m[3mname[0m[2m=[0mk#99f25ef6..[1m}[0m[2m:[0m [2mconsensus_core::core[0m[2m:[0m [2mconsensus/core/src/core.rs[0m[2m:[0m[2m630:[0m Committing 1 leaders: B286(C,3Agu)
[2m2025-03-25T07:56:13.356522Z[0m [32m INFO[0m [1mnode[0m[1m{[0m[3mname[0m[2m=[0mk#8dcff6d1..[1m}[0m[2m:[0m [2mconsensus_core::core[0m[2m:[0m [2mconsensus/core/src/core.rs[0m[2m:[0m[2m630:[0m Committing 1 leaders: B286(C,3Agu)
[2m2025-03-25T07:56:13.356626Z[0m [32m INFO[0m [1mnode[0m[1m{[0m[3mname[0m[2m=[0mk#8dcff6d1..[1m}[0m[2m:[0m [2mconsensus_core::commit_observer[0m[2m:[0m [2mconsensus/core/src/commit_observer.rs[0m[2m:[0m[2m173:[0m Consensus commit C276(YN4K) with leader B286(C,3Agu) has 3 blocks
[2m2025-03-25T07:56:13.356627Z[0m [32m INFO[0m [1mnode[0m[1m{[0m[3mname[0m[2m=[0mk#99f25ef6..[1m}[0m[2m:[0m [2mconsensus_core::commit_observer[0m[2m:[0m [2mconsensus/core/src/commit_observer.rs[0m[2m:[0m[2m173:[0m Consensus commit C276(YN4K) with leader B286(C,3Agu) has 3 blocks
[2m2025-03-25T07:56:13.357049Z[0m [32m INFO[0m [1mnode[0m[1m{[0m[3mname[0m[2m=[0mk#99f25ef6..[1m}[0m[2m:[0m [2msui_core::consensus_handler[0m[2m:[0m [2mcrates/sui-core/src/consensus_handler.rs[0m[2m:[0m[2m232:[0m Received consensus output [3mconsensus_commit[0m[2m=[0mCommittedSubDag(leader=B286(C,3Agu), ref=C276(YN4K), blocks=[x/ep, EGK9, 3Agu]) [3mepoch[0m[2m=[0m1
[2m2025-03-25T07:56:13.357049Z[0m [32m INFO[0m [1mnode[0m[1m{[0m[3mname[0m[2m=[0mk#8dcff6d1..[1m}[0m[2m:[0m [2msui_core::consensus_handler[0m[2m:[0m [2mcrates/sui-core/src/consensus_handler.rs[0m[2m:[0m[2m232:[0m Received consensus output [3mconsensus_commit[0m[2m=[0mCommittedSubDag(leader=B286(C,3Agu), ref=C276(YN4K), blocks=[x/ep, EGK9, 3Agu]) [3mepoch[0m[2m=[0m1
[2m2025-03-25T07:56:13.357663Z[0m [32m INFO[0m [1mnode[0m[1m{[0m[3mname[0m[2m=[0mk#99f25ef6..[1m}[0m[2m:[0m [2msui_core::checkpoints::checkpoint_executor[0m[2m:[0m [2mcrates/sui-core/src/checkpoints/checkpoint_executor/mod.rs[0m[2m:[0m[2m332:[0m Received checkpoint summary from state sync [3msequence_number[0m[2m=[0m488
[2m2025-03-25T07:56:13.357663Z[0m [32m INFO[0m [1mnode[0m[1m{[0m[3mname[0m[2m=[0mk#8dcff6d1..[1m}[0m[2m:[0m [2msui_core::checkpoints::checkpoint_executor[0m[2m:[0m [2mcrates/sui-core/src/checkpoints/checkpoint_executor/mod.rs[0m[2m:[0m[2m332:[0m Received checkpoint summary from state sync [3msequence_number[0m[2m=[0m488
[2m2025-03-25T07:56:13.361398Z[0m [32m INFO[0m [1mnode[0m[1m{[0m[3mname[0m[2m=[0mk#b3f3cbb4..[1m}[0m[2m:[0m [2msui_core::state_accumulator[0m[2m:[0m [2mcrates/sui-core/src/state_accumulator.rs[0m[2m:[0m[2m675:[0m accumulating running root for checkpoint 478
[2m2025-03-25T07:56:13.371113Z[0m [32m INFO[0m [1mnode[0m[1m{[0m[3mname[0m[2m=[0mk#8dcff6d1..[1m}[0m[2m:[0m [2msui_core::state_accumulator[0m[2m:[0m [2mcrates/sui-core/src/state_accumulator.rs[0m[2m:[0m[2m675:[0m accumulating running root for checkpoint 488
[2m2025-03-25T07:56:13.371136Z[0m [32m INFO[0m [1mnode[0m[1m{[0m[3mname[0m[2m=[0mk#99f25ef6..[1m}[0m[2m:[0m [2msui_core::state_accumulator[0m[2m:[0m [2mcrates/sui-core/src/state_accumulator.rs[0m[2m:[0m[2m675:[0m accumulating running root for checkpoint 488
[2m2025-03-25T07:56:13.397211Z[0m [32m INFO[0m [1mnode[0m[1m{[0m[3mname[0m[2m=[0mk#addeef94..[1m}[0m[2m:[0m [2msui_core::checkpoints[0m[2m:[0m [2mcrates/sui-core/src/checkpoints/mod.rs[0m[2m:[0m[2m1326:[0m Creating checkpoint(s) for 1 transactions [3mnext_checkpoint_seq[0m[2m=[0m489 [3mcheckpoint_timestamp[0m[2m=[0m1742889372840
[2m2025-03-25T07:56:13.397438Z[0m [32m INFO[0m [1mnode[0m[1m{[0m[3mname[0m[2m=[0mk#addeef94..[1m}[0m[2m:[0m [2msui_core::checkpoints::checkpoint_output[0m[2m:[0m [2mcrates/sui-core/src/checkpoints/checkpoint_output.rs[0m[2m:[0m[2m149:[0m Creating checkpoint CheckpointDigest(F8J2WyWA2k6mFoL4iZvgMxx1bCPapsyBsMxWj9wUwm5n) at epoch 1, sequence 489, previous digest Some(CheckpointDigest(BVXVnw1haTPMNDVFi1GrH3Rxjfyu6C7ZTsZrfJNdEk1u)), transactions count 1, content digest CheckpointContentsDigest(5MQcCfbfirCYWHwpoTLd2e1g8wN3GJGRMHNL1C46RHZY), end_of_epoch_data None
[2m2025-03-25T07:56:13.402820Z[0m [32m INFO[0m [1mnode[0m[1m{[0m[3mname[0m[2m=[0mk#8dcff6d1..[1m}[0m[2m:[0m [2msui_core::checkpoints[0m[2m:[0m [2mcrates/sui-core/src/checkpoints/mod.rs[0m[2m:[0m[2m1326:[0m Creating checkpoint(s) for 1 transactions [3mnext_checkpoint_seq[0m[2m=[0m489 [3mcheckpoint_timestamp[0m[2m=[0m1742889372840
[2m2025-03-25T07:56:13.403003Z[0m [32m INFO[0m [1mnode[0m[1m{[0m[3mname[0m[2m=[0mk#8dcff6d1..[1m}[0m[2m:[0m [2msui_core::checkpoints::checkpoint_output[0m[2m:[0m [2mcrates/sui-core/src/checkpoints/checkpoint_output.rs[0m[2m:[0m[2m149:[0m Creating checkpoint CheckpointDigest(F8J2WyWA2k6mFoL4iZvgMxx1bCPapsyBsMxWj9wUwm5n) at epoch 1, sequence 489, previous digest Some(CheckpointDigest(BVXVnw1haTPMNDVFi1GrH3Rxjfyu6C7ZTsZrfJNdEk1u)), transactions count 1, content digest CheckpointContentsDigest(5MQcCfbfirCYWHwpoTLd2e1g8wN3GJGRMHNL1C46RHZY), end_of_epoch_data None
[2m2025-03-25T07:56:13.403852Z[0m [32m INFO[0m [1mnode[0m[1m{[0m[3mname[0m[2m=[0mk#99f25ef6..[1m}[0m[2m:[0m [2msui_core::checkpoints[0m[2m:[0m [2mcrates/sui-core/src/checkpoints/mod.rs[0m[2m:[0m[2m1326:[0m Creating checkpoint(s) for 1 transactions [3mnext_checkpoint_seq[0m[2m=[0m489 [3mcheckpoint_timestamp[0m[2m=[0m1742889372840
[2m2025-03-25T07:56:13.404018Z[0m [32m INFO[0m [1mnode[0m[1m{[0m[3mname[0m[2m=[0mk#99f25ef6..[1m}[0m[2m:[0m [2msui_core::checkpoints::checkpoint_output[0m[2m:[0m [2mcrates/sui-core/src/checkpoints/checkpoint_output.rs[0m[2m:[0m[2m149:[0m Creating checkpoint CheckpointDigest(F8J2WyWA2k6mFoL4iZvgMxx1bCPapsyBsMxWj9wUwm5n) at epoch 1, sequence 489, previous digest Some(CheckpointDigest(BVXVnw1haTPMNDVFi1GrH3Rxjfyu6C7ZTsZrfJNdEk1u)), transactions count 1, content digest CheckpointContentsDigest(5MQcCfbfirCYWHwpoTLd2e1g8wN3GJGRMHNL1C46RHZY), end_of_epoch_data None
[2m2025-03-25T07:56:13.442381Z[0m [32m INFO[0m [1mnode[0m[1m{[0m[3mname[0m[2m=[0mk#b3f3cbb4..[1m}[0m[2m:[0m [2msui_core::state_accumulator[0m[2m:[0m [2mcrates/sui-core/src/state_accumulator.rs[0m[2m:[0m[2m675:[0m accumulating running root for checkpoint 479
[2m2025-03-25T07:56:13.463344Z[0m [32m INFO[0m [1mnode[0m[1m{[0m[3mname[0m[2m=[0mk#addeef94..[1m}[0m[2m:[0m [2msui_core::checkpoints::checkpoint_executor[0m[2m:[0m [2mcrates/sui-core/src/checkpoints/checkpoint_executor/mod.rs[0m[2m:[0m[2m332:[0m Received checkpoint summary from state sync [3msequence_number[0m[2m=[0m488
[2m2025-03-25T07:56:13.464637Z[0m [32m INFO[0m [1mnode[0m[1m{[0m[3mname[0m[2m=[0mk#addeef94..[1m}[0m[2m:[0m [2msui_core::state_accumulator[0m[2m:[0m [2mcrates/sui-core/src/state_accumulator.rs[0m[2m:[0m[2m675:[0m accumulating running root for checkpoint 488
[2m2025-03-25T07:56:13.478289Z[0m [32m INFO[0m [1mnode[0m[1m{[0m[3mname[0m[2m=[0mk#b3f3cbb4..[1m}[0m[2m:[0m [2msui_core::state_accumulator[0m[2m:[0m [2mcrates/sui-core/src/state_accumulator.rs[0m[2m:[0m[2m675:[0m accumulating running root for checkpoint 480
[2m2025-03-25T07:56:13.506075Z[0m [32m INFO[0m [1mnode[0m[1m{[0m[3mname[0m[2m=[0mk#b3f3cbb4..[1m}[0m[2m:[0m [2msui_core::state_accumulator[0m[2m:[0m [2mcrates/sui-core/src/state_accumulator.rs[0m[2m:[0m[2m675:[0m accumulating running root for checkpoint 481
[2m2025-03-25T07:56:13.506322Z[0m [32m INFO[0m [1mnode[0m[1m{[0m[3mname[0m[2m=[0mk#b3f3cbb4..[1m}[0m[2m:[0m [2msui_core::checkpoints::checkpoint_executor[0m[2m:[0m [2mcrates/sui-core/src/checkpoints/checkpoint_executor/mod.rs[0m[2m:[0m[2m332:[0m Received checkpoint summary from state sync [3msequence_number[0m[2m=[0m487
[2m2025-03-25T07:56:13.543362Z[0m [32m INFO[0m [1mnode[0m[1m{[0m[3mname[0m[2m=[0mk#b3f3cbb4..[1m}[0m[2m:[0m [2msui_core::state_accumulator[0m[2m:[0m [2mcrates/sui-core/src/state_accumulator.rs[0m[2m:[0m[2m675:[0m accumulating running root for checkpoint 482
[2m2025-03-25T07:56:13.568743Z[0m [32m INFO[0m [1mnode[0m[1m{[0m[3mname[0m[2m=[0mk#b3f3cbb4..[1m}[0m[2m:[0m [2msui_core::state_accumulator[0m[2m:[0m [2mcrates/sui-core/src/state_accumulator.rs[0m[2m:[0m[2m675:[0m accumulating running root for checkpoint 483
[2m2025-03-25T07:56:13.603786Z[0m [32m INFO[0m [1mnode[0m[1m{[0m[3mname[0m[2m=[0mk#b3f3cbb4..[1m}[0m[2m:[0m [2msui_core::state_accumulator[0m[2m:[0m [2mcrates/sui-core/src/state_accumulator.rs[0m[2m:[0m[2m675:[0m accumulating running root for checkpoint 484
[2m2025-03-25T07:56:13.606035Z[0m [32m INFO[0m [1mnode[0m[1m{[0m[3mname[0m[2m=[0mk#addeef94..[1m}[0m[2m:[0m [2mconsensus_core::core[0m[2m:[0m [2mconsensus/core/src/core.rs[0m[2m:[0m[2m945:[0m Included 3 ancestors & excluded 0 ancestors for proposal in round 289
[2m2025-03-25T07:56:13.606400Z[0m [32m INFO[0m [1mnode[0m[1m{[0m[3mname[0m[2m=[0mk#addeef94..[1m}[0m[2m:[0m [2mconsensus_core::core[0m[2m:[0m [2mconsensus/core/src/core.rs[0m[2m:[0m[2m531:[0m Created block B289(C,pllxDl3zYfaV+zGYX80kRm1Q5Z/G6M4qN4GVyV6qqvI=)(1742889373606ms;[B288(C,RjHc53SorALLreKIulxNJHz7TJBG8vTQRuxqho+R6Ww=), B288(A,tExarXqUTlL56vMU+gKplux+CG1EhGWMiNUrut5e1U8=), B288(B,4ttVcQX04+9KJTEq6yz+DwdCOksXP7xS+XAu57JXYrs=)];2t;1c) for round 289
[2m2025-03-25T07:56:13.608453Z[0m [32m INFO[0m [1mnode[0m[1m{[0m[3mname[0m[2m=[0mk#99f25ef6..[1m}[0m[2m:[0m [2mconsensus_core::core[0m[2m:[0m [2mconsensus/core/src/core.rs[0m[2m:[0m[2m945:[0m Included 3 ancestors & excluded 0 ancestors for proposal in round 289
[2m2025-03-25T07:56:13.608453Z[0m [32m INFO[0m [1mnode[0m[1m{[0m[3mname[0m[2m=[0mk#8dcff6d1..[1m}[0m[2m:[0m [2mconsensus_core::core[0m[2m:[0m [2mconsensus/core/src/core.rs[0m[2m:[0m[2m945:[0m Included 3 ancestors & excluded 0 ancestors for proposal in round 289
[2m2025-03-25T07:56:13.608742Z[0m [32m INFO[0m [1mnode[0m[1m{[0m[3mname[0m[2m=[0mk#8dcff6d1..[1m}[0m[2m:[0m [2mconsensus_core::core[0m[2m:[0m [2mconsensus/core/src/core.rs[0m[2m:[0m[2m531:[0m Created block B289(A,D7kGy9cosx6ZNPZfTSSXNgABoFh2U+N4YGKvtCP+w6U=)(1742889373608ms;[B288(A,tExarXqUTlL56vMU+gKplux+CG1EhGWMiNUrut5e1U8=), B288(B,4ttVcQX04+9KJTEq6yz+DwdCOksXP7xS+XAu57JXYrs=), B288(C,RjHc53SorALLreKIulxNJHz7TJBG8vTQRuxqho+R6Ww=)];1t;1c) for round 289
[2m2025-03-25T07:56:13.608741Z[0m [32m INFO[0m [1mnode[0m[1m{[0m[3mname[0m[2m=[0mk#99f25ef6..[1m}[0m[2m:[0m [2mconsensus_core::core[0m[2m:[0m [2mconsensus/core/src/core.rs[0m[2m:[0m[2m531:[0m Created block B289(B,HxH+R9ZZkGUc/8Qdh7AX/bTtZimNszFFNsmKS7W5+6k=)(1742889373608ms;[B288(B,4ttVcQX04+9KJTEq6yz+DwdCOksXP7xS+XAu57JXYrs=), B288(A,tExarXqUTlL56vMU+gKplux+CG1EhGWMiNUrut5e1U8=), B288(C,RjHc53SorALLreKIulxNJHz7TJBG8vTQRuxqho+R6Ww=)];1t;1c) for round 289
[2m2025-03-25T07:56:13.608811Z[0m [32m INFO[0m [1mnode[0m[1m{[0m[3mname[0m[2m=[0mk#99f25ef6..[1m}[0m[2m:[0m [2mconsensus_core::core[0m[2m:[0m [2mconsensus/core/src/core.rs[0m[2m:[0m[2m630:[0m Committing 1 leaders: B287(C,5WDH)
[2m2025-03-25T07:56:13.608811Z[0m [32m INFO[0m [1mnode[0m[1m{[0m[3mname[0m[2m=[0mk#8dcff6d1..[1m}[0m[2m:[0m [2mconsensus_core::core[0m[2m:[0m [2mconsensus/core/src/core.rs[0m[2m:[0m[2m630:[0m Committing 1 leaders: B287(C,5WDH)
[2m2025-03-25T07:56:13.608881Z[0m [32m INFO[0m [1mnode[0m[1m{[0m[3mname[0m[2m=[0mk#99f25ef6..[1m}[0m[2m:[0m [2mconsensus_core::commit_observer[0m[2m:[0m [2mconsensus/core/src/commit_observer.rs[0m[2m:[0m[2m173:[0m Consensus commit C277(yxYV) with leader B287(C,5WDH) has 3 blocks
[2m2025-03-25T07:56:13.608881Z[0m [32m INFO[0m [1mnode[0m[1m{[0m[3mname[0m[2m=[0mk#8dcff6d1..[1m}[0m[2m:[0m [2mconsensus_core::commit_observer[0m[2m:[0m [2mconsensus/core/src/commit_observer.rs[0m[2m:[0m[2m173:[0m Consensus commit C277(yxYV) with leader B287(C,5WDH) has 3 blocks
[2m2025-03-25T07:56:13.608972Z[0m [32m INFO[0m [1mnode[0m[1m{[0m[3mname[0m[2m=[0mk#99f25ef6..[1m}[0m[2m:[0m [2msui_core::consensus_handler[0m[2m:[0m [2mcrates/sui-core/src/consensus_handler.rs[0m[2m:[0m[2m232:[0m Received consensus output [3mconsensus_commit[0m[2m=[0mCommittedSubDag(leader=B287(C,5WDH), ref=C277(yxYV), blocks=[V1Cw, jbMA, 5WDH]) [3mepoch[0m[2m=[0m1
[2m2025-03-25T07:56:13.608972Z[0m [32m INFO[0m [1mnode[0m[1m{[0m[3mname[0m[2m=[0mk#8dcff6d1..[1m}[0m[2m:[0m [2msui_core::consensus_handler[0m[2m:[0m [2mcrates/sui-core/src/consensus_handler.rs[0m[2m:[0m[2m232:[0m Received consensus output [3mconsensus_commit[0m[2m=[0mCommittedSubDag(leader=B287(C,5WDH), ref=C277(yxYV), blocks=[V1Cw, jbMA, 5WDH]) [3mepoch[0m[2m=[0m1
[2m2025-03-25T07:56:13.612570Z[0m [32m INFO[0m [1mnode[0m[1m{[0m[3mname[0m[2m=[0mk#addeef94..[1m}[0m[2m:[0m [2mconsensus_core::core[0m[2m:[0m [2mconsensus/core/src/core.rs[0m[2m:[0m[2m630:[0m Committing 1 leaders: B287(C,5WDH)
[2m2025-03-25T07:56:13.612666Z[0m [32m INFO[0m [1mnode[0m[1m{[0m[3mname[0m[2m=[0mk#addeef94..[1m}[0m[2m:[0m [2mconsensus_core::commit_observer[0m[2m:[0m [2mconsensus/core/src/commit_observer.rs[0m[2m:[0m[2m173:[0m Consensus commit C277(yxYV) with leader B287(C,5WDH) has 3 blocks
[2m2025-03-25T07:56:13.612798Z[0m [32m INFO[0m [1mnode[0m[1m{[0m[3mname[0m[2m=[0mk#addeef94..[1m}[0m[2m:[0m [2msui_core::consensus_handler[0m[2m:[0m [2mcrates/sui-core/src/consensus_handler.rs[0m[2m:[0m[2m232:[0m Received consensus output [3mconsensus_commit[0m[2m=[0mCommittedSubDag(leader=B287(C,5WDH), ref=C277(yxYV), blocks=[V1Cw, jbMA, 5WDH]) [3mepoch[0m[2m=[0m1
[2m2025-03-25T07:56:13.629890Z[0m [32m INFO[0m [1mnode[0m[1m{[0m[3mname[0m[2m=[0mk#b3f3cbb4..[1m}[0m[2m:[0m [2msui_core::state_accumulator[0m[2m:[0m [2mcrates/sui-core/src/state_accumulator.rs[0m[2m:[0m[2m675:[0m accumulating running root for checkpoint 485
[2m2025-03-25T07:56:13.635330Z[0m [32m INFO[0m [1mnode[0m[1m{[0m[3mname[0m[2m=[0mk#99f25ef6..[1m}[0m[2m:[0m [2msui_core::checkpoints[0m[2m:[0m [2mcrates/sui-core/src/checkpoints/mod.rs[0m[2m:[0m[2m1326:[0m Creating checkpoint(s) for 2 transactions [3mnext_checkpoint_seq[0m[2m=[0m490 [3mcheckpoint_timestamp[0m[2m=[0m1742889373094
[2m2025-03-25T07:56:13.635329Z[0m [32m INFO[0m [1mnode[0m[1m{[0m[3mname[0m[2m=[0mk#8dcff6d1..[1m}[0m[2m:[0m [2msui_core::checkpoints[0m[2m:[0m [2mcrates/sui-core/src/checkpoints/mod.rs[0m[2m:[0m[2m1326:[0m Creating checkpoint(s) for 2 transactions [3mnext_checkpoint_seq[0m[2m=[0m490 [3mcheckpoint_timestamp[0m[2m=[0m1742889373094
[2m2025-03-25T07:56:13.635635Z[0m [32m INFO[0m [1mnode[0m[1m{[0m[3mname[0m[2m=[0mk#8dcff6d1..[1m}[0m[2m:[0m [2msui_core::checkpoints::checkpoint_output[0m[2m:[0m [2mcrates/sui-core/src/checkpoints/checkpoint_output.rs[0m[2m:[0m[2m149:[0m Creating checkpoint CheckpointDigest(CfesfReTZsbndjXBeHLejrXjVSMvNZ45ud7cxENFPQTn) at epoch 1, sequence 490, previous digest Some(CheckpointDigest(F8J2WyWA2k6mFoL4iZvgMxx1bCPapsyBsMxWj9wUwm5n)), transactions count 2, content digest CheckpointContentsDigest(GeYzqCTFWCWi6TtAgp3DD1S58so6WnWA4qxiFwL2YvX1), end_of_epoch_data None
[2m2025-03-25T07:56:13.635634Z[0m [32m INFO[0m [1mnode[0m[1m{[0m[3mname[0m[2m=[0mk#99f25ef6..[1m}[0m[2m:[0m [2msui_core::checkpoints::checkpoint_output[0m[2m:[0m [2mcrates/sui-core/src/checkpoints/checkpoint_output.rs[0m[2m:[0m[2m149:[0m Creating checkpoint CheckpointDigest(CfesfReTZsbndjXBeHLejrXjVSMvNZ45ud7cxENFPQTn) at epoch 1, sequence 490, previous digest Some(CheckpointDigest(F8J2WyWA2k6mFoL4iZvgMxx1bCPapsyBsMxWj9wUwm5n)), transactions count 2, content digest CheckpointContentsDigest(GeYzqCTFWCWi6TtAgp3DD1S58so6WnWA4qxiFwL2YvX1), end_of_epoch_data None
[2m2025-03-25T07:56:13.638729Z[0m [32m INFO[0m [1mnode[0m[1m{[0m[3mname[0m[2m=[0mk#99f25ef6..[1m}[0m[2m:[0m [2msui_core::checkpoints::checkpoint_output[0m[2m:[0m [2mcrates/sui-core/src/checkpoints/checkpoint_output.rs[0m[2m:[0m[2m196:[0m Certified checkpoint with sequence 489 and digest F8J2WyWA2k6mFoL4iZvgMxx1bCPapsyBsMxWj9wUwm5n
[2m2025-03-25T07:56:13.638807Z[0m [32m INFO[0m [1mnode[0m[1m{[0m[3mname[0m[2m=[0mk#8dcff6d1..[1m}[0m[2m:[0m [2msui_core::checkpoints::checkpoint_output[0m[2m:[0m [2mcrates/sui-core/src/checkpoints/checkpoint_output.rs[0m[2m:[0m[2m196:[0m Certified checkpoint with sequence 489 and digest F8J2WyWA2k6mFoL4iZvgMxx1bCPapsyBsMxWj9wUwm5n
[2m2025-03-25T07:56:13.638847Z[0m [32m INFO[0m [1mnode[0m[1m{[0m[3mname[0m[2m=[0mk#addeef94..[1m}[0m[2m:[0m [2msui_core::checkpoints[0m[2m:[0m [2mcrates/sui-core/src/checkpoints/mod.rs[0m[2m:[0m[2m1326:[0m Creating checkpoint(s) for 2 transactions [3mnext_checkpoint_seq[0m[2m=[0m490 [3mcheckpoint_timestamp[0m[2m=[0m1742889373094
[2m2025-03-25T07:56:13.639100Z[0m [32m INFO[0m [1mnode[0m[1m{[0m[3mname[0m[2m=[0mk#addeef94..[1m}[0m[2m:[0m [2msui_core::checkpoints::checkpoint_output[0m[2m:[0m [2mcrates/sui-core/src/checkpoints/checkpoint_output.rs[0m[2m:[0m[2m149:[0m Creating checkpoint CheckpointDigest(CfesfReTZsbndjXBeHLejrXjVSMvNZ45ud7cxENFPQTn) at epoch 1, sequence 490, previous digest Some(CheckpointDigest(F8J2WyWA2k6mFoL4iZvgMxx1bCPapsyBsMxWj9wUwm5n)), transactions count 2, content digest CheckpointContentsDigest(GeYzqCTFWCWi6TtAgp3DD1S58so6WnWA4qxiFwL2YvX1), end_of_epoch_data None
[2m2025-03-25T07:56:13.639140Z[0m [32m INFO[0m [1mnode[0m[1m{[0m[3mname[0m[2m=[0mk#8dcff6d1..[1m}[0m[2m:[0m [2msui_core::checkpoints::checkpoint_executor[0m[2m:[0m [2mcrates/sui-core/src/checkpoints/checkpoint_executor/mod.rs[0m[2m:[0m[2m332:[0m Received checkpoint summary from state sync [3msequence_number[0m[2m=[0m489
[2m2025-03-25T07:56:13.639140Z[0m [32m INFO[0m [1mnode[0m[1m{[0m[3mname[0m[2m=[0mk#99f25ef6..[1m}[0m[2m:[0m [2msui_core::checkpoints::checkpoint_executor[0m[2m:[0m [2mcrates/sui-core/src/checkpoints/checkpoint_executor/mod.rs[0m[2m:[0m[2m332:[0m Received checkpoint summary from state sync [3msequence_number[0m[2m=[0m489
[2m2025-03-25T07:56:13.640256Z[0m [32m INFO[0m [1mnode[0m[1m{[0m[3mname[0m[2m=[0mk#8dcff6d1..[1m}[0m[2m:[0m [2msui_core::state_accumulator[0m[2m:[0m [2mcrates/sui-core/src/state_accumulator.rs[0m[2m:[0m[2m675:[0m accumulating running root for checkpoint 489
[2m2025-03-25T07:56:13.640256Z[0m [32m INFO[0m [1mnode[0m[1m{[0m[3mname[0m[2m=[0mk#99f25ef6..[1m}[0m[2m:[0m [2msui_core::state_accumulator[0m[2m:[0m [2mcrates/sui-core/src/state_accumulator.rs[0m[2m:[0m[2m675:[0m accumulating running root for checkpoint 489
[2m2025-03-25T07:56:13.642448Z[0m [32m INFO[0m [1mnode[0m[1m{[0m[3mname[0m[2m=[0mk#addeef94..[1m}[0m[2m:[0m [2msui_core::checkpoints::checkpoint_executor[0m[2m:[0m [2mcrates/sui-core/src/checkpoints/checkpoint_executor/mod.rs[0m[2m:[0m[2m332:[0m Received checkpoint summary from state sync [3msequence_number[0m[2m=[0m489
[2m2025-03-25T07:56:13.643181Z[0m [32m INFO[0m [1mnode[0m[1m{[0m[3mname[0m[2m=[0mk#addeef94..[1m}[0m[2m:[0m [2msui_core::state_accumulator[0m[2m:[0m [2mcrates/sui-core/src/state_accumulator.rs[0m[2m:[0m[2m675:[0m accumulating running root for checkpoint 489
[2m2025-03-25T07:56:13.665081Z[0m [32m INFO[0m [1mnode[0m[1m{[0m[3mname[0m[2m=[0mk#b3f3cbb4..[1m}[0m[2m:[0m [2msui_core::state_accumulator[0m[2m:[0m [2mcrates/sui-core/src/state_accumulator.rs[0m[2m:[0m[2m675:[0m accumulating running root for checkpoint 486
[2m2025-03-25T07:56:13.690165Z[0m [32m INFO[0m [1mnode[0m[1m{[0m[3mname[0m[2m=[0mk#b3f3cbb4..[1m}[0m[2m:[0m [2msui_core::state_accumulator[0m[2m:[0m [2mcrates/sui-core/src/state_accumulator.rs[0m[2m:[0m[2m675:[0m accumulating running root for checkpoint 487
[2m2025-03-25T07:56:13.692187Z[0m [32m INFO[0m [1mnode[0m[1m{[0m[3mname[0m[2m=[0mk#b3f3cbb4..[1m}[0m[2m:[0m [2msui_core::checkpoints::checkpoint_executor[0m[2m:[0m [2mcrates/sui-core/src/checkpoints/checkpoint_executor/mod.rs[0m[2m:[0m[2m332:[0m Received checkpoint summary from state sync [3msequence_number[0m[2m=[0m488
[2m2025-03-25T07:56:13.781555Z[0m [32m INFO[0m [1mnode[0m[1m{[0m[3mname[0m[2m=[0mk#b3f3cbb4..[1m}[0m[2m:[0m [2msui_core::state_accumulator[0m[2m:[0m [2mcrates/sui-core/src/state_accumulator.rs[0m[2m:[0m[2m675:[0m accumulating running root for checkpoint 488
[2m2025-03-25T07:56:13.783052Z[0m [32m INFO[0m [1mnode[0m[1m{[0m[3mname[0m[2m=[0mk#b3f3cbb4..[1m}[0m[2m:[0m [2msui_core::checkpoints::checkpoint_executor[0m[2m:[0m [2mcrates/sui-core/src/checkpoints/checkpoint_executor/mod.rs[0m[2m:[0m[2m332:[0m Received checkpoint summary from state sync [3msequence_number[0m[2m=[0m489
[2m2025-03-25T07:56:13.808549Z[0m [32m INFO[0m [1mnode[0m[1m{[0m[3mname[0m[2m=[0mk#b3f3cbb4..[1m}[0m[2m:[0m [2msui_core::state_accumulator[0m[2m:[0m [2mcrates/sui-core/src/state_accumulator.rs[0m[2m:[0m[2m675:[0m accumulating running root for checkpoint 489
[2m2025-03-25T07:56:13.861836Z[0m [32m INFO[0m [1mnode[0m[1m{[0m[3mname[0m[2m=[0mk#8dcff6d1..[1m}[0m[2m:[0m [2mconsensus_core::core[0m[2m:[0m [2mconsensus/core/src/core.rs[0m[2m:[0m[2m945:[0m Included 3 ancestors & excluded 0 ancestors for proposal in round 290
[2m2025-03-25T07:56:13.861899Z[0m [32m INFO[0m [1mnode[0m[1m{[0m[3mname[0m[2m=[0mk#99f25ef6..[1m}[0m[2m:[0m [2mconsensus_core::core[0m[2m:[0m [2mconsensus/core/src/core.rs[0m[2m:[0m[2m945:[0m Included 3 ancestors & excluded 0 ancestors for proposal in round 290
[2m2025-03-25T07:56:13.862314Z[0m [32m INFO[0m [1mnode[0m[1m{[0m[3mname[0m[2m=[0mk#8dcff6d1..[1m}[0m[2m:[0m [2mconsensus_core::core[0m[2m:[0m [2mconsensus/core/src/core.rs[0m[2m:[0m[2m531:[0m Created block B290(A,xDjLHIrGky2SeKKkOrwdELDDXNleOPSQ9GnZFMd+Wwg=)(1742889373862ms;[B289(A,D7kGy9cosx6ZNPZfTSSXNgABoFh2U+N4YGKvtCP+w6U=), B289(B,HxH+R9ZZkGUc/8Qdh7AX/bTtZimNszFFNsmKS7W5+6k=), B289(C,pllxDl3zYfaV+zGYX80kRm1Q5Z/G6M4qN4GVyV6qqvI=)];1t;1c) for round 290
[2m2025-03-25T07:56:13.862314Z[0m [32m INFO[0m [1mnode[0m[1m{[0m[3mname[0m[2m=[0mk#99f25ef6..[1m}[0m[2m:[0m [2mconsensus_core::core[0m[2m:[0m [2mconsensus/core/src/core.rs[0m[2m:[0m[2m531:[0m Created block B290(B,k+/ADuKfzI3B8YOy1Fu3C204vdcjn8Miv2933dcWzSA=)(1742889373862ms;[B289(B,HxH+R9ZZkGUc/8Qdh7AX/bTtZimNszFFNsmKS7W5+6k=), B289(A,D7kGy9cosx6ZNPZfTSSXNgABoFh2U+N4YGKvtCP+w6U=), B289(C,pllxDl3zYfaV+zGYX80kRm1Q5Z/G6M4qN4GVyV6qqvI=)];1t;1c) for round 290
[2m2025-03-25T07:56:13.866081Z[0m [32m INFO[0m [1mnode[0m[1m{[0m[3mname[0m[2m=[0mk#addeef94..[1m}[0m[2m:[0m [2mconsensus_core::core[0m[2m:[0m [2mconsensus/core/src/core.rs[0m[2m:[0m[2m945:[0m Included 3 ancestors & excluded 0 ancestors for proposal in round 290
[2m2025-03-25T07:56:13.866438Z[0m [32m INFO[0m [1mnode[0m[1m{[0m[3mname[0m[2m=[0mk#addeef94..[1m}[0m[2m:[0m [2mconsensus_core::core[0m[2m:[0m [2mconsensus/core/src/core.rs[0m[2m:[0m[2m531:[0m Created block B290(C,uuVWGpW55IQvIEwazimluGmiAoK5p3tj8Z/fxYzlEMs=)(1742889373866ms;[B289(C,pllxDl3zYfaV+zGYX80kRm1Q5Z/G6M4qN4GVyV6qqvI=), B289(A,D7kGy9cosx6ZNPZfTSSXNgABoFh2U+N4YGKvtCP+w6U=), B289(B,HxH+R9ZZkGUc/8Qdh7AX/bTtZimNszFFNsmKS7W5+6k=)];1t;1c) for round 290
[2m2025-03-25T07:56:13.866514Z[0m [32m INFO[0m [1mnode[0m[1m{[0m[3mname[0m[2m=[0mk#addeef94..[1m}[0m[2m:[0m [2mconsensus_core::core[0m[2m:[0m [2mconsensus/core/src/core.rs[0m[2m:[0m[2m630:[0m Committing 1 leaders: B288(B,4ttV)
[2m2025-03-25T07:56:13.866589Z[0m [32m INFO[0m [1mnode[0m[1m{[0m[3mname[0m[2m=[0mk#addeef94..[1m}[0m[2m:[0m [2mconsensus_core::commit_observer[0m[2m:[0m [2mconsensus/core/src/commit_observer.rs[0m[2m:[0m[2m173:[0m Consensus commit C278(Fm88) with leader B288(B,4ttV) has 3 blocks
[2m2025-03-25T07:56:13.866682Z[0m [32m INFO[0m [1mnode[0m[1m{[0m[3mname[0m[2m=[0mk#addeef94..[1m}[0m[2m:[0m [2msui_core::consensus_handler[0m[2m:[0m [2mcrates/sui-core/src/consensus_handler.rs[0m[2m:[0m[2m232:[0m Received consensus output [3mconsensus_commit[0m[2m=[0mCommittedSubDag(leader=B288(B,4ttV), ref=C278(Fm88), blocks=[WKjS, 52VY, 4ttV]) [3mepoch[0m[2m=[0m1
[2m2025-03-25T07:56:13.870010Z[0m [32m INFO[0m [1mnode[0m[1m{[0m[3mname[0m[2m=[0mk#99f25ef6..[1m}[0m[2m:[0m [2msui_core::checkpoints::checkpoint_output[0m[2m:[0m [2mcrates/sui-core/src/checkpoints/checkpoint_output.rs[0m[2m:[0m[2m196:[0m Certified checkpoint with sequence 490 and digest CfesfReTZsbndjXBeHLejrXjVSMvNZ45ud7cxENFPQTn
[2m2025-03-25T07:56:13.870016Z[0m [32m INFO[0m [1mnode[0m[1m{[0m[3mname[0m[2m=[0mk#8dcff6d1..[1m}[0m[2m:[0m [2msui_core::checkpoints::checkpoint_output[0m[2m:[0m [2mcrates/sui-core/src/checkpoints/checkpoint_output.rs[0m[2m:[0m[2m196:[0m Certified checkpoint with sequence 490 and digest CfesfReTZsbndjXBeHLejrXjVSMvNZ45ud7cxENFPQTn
[2m2025-03-25T07:56:13.870123Z[0m [32m INFO[0m [1mnode[0m[1m{[0m[3mname[0m[2m=[0mk#99f25ef6..[1m}[0m[2m:[0m [2mconsensus_core::core[0m[2m:[0m [2mconsensus/core/src/core.rs[0m[2m:[0m[2m630:[0m Committing 1 leaders: B288(B,4ttV)
[2m2025-03-25T07:56:13.870128Z[0m [32m INFO[0m [1mnode[0m[1m{[0m[3mname[0m[2m=[0mk#8dcff6d1..[1m}[0m[2m:[0m [2mconsensus_core::core[0m[2m:[0m [2mconsensus/core/src/core.rs[0m[2m:[0m[2m630:[0m Committing 1 leaders: B288(B,4ttV)
[2m2025-03-25T07:56:13.870238Z[0m [32m INFO[0m [1mnode[0m[1m{[0m[3mname[0m[2m=[0mk#99f25ef6..[1m}[0m[2m:[0m [2mconsensus_core::commit_observer[0m[2m:[0m [2mconsensus/core/src/commit_observer.rs[0m[2m:[0m[2m173:[0m Consensus commit C278(Fm88) with leader B288(B,4ttV) has 3 blocks
[2m2025-03-25T07:56:13.870241Z[0m [32m INFO[0m [1mnode[0m[1m{[0m[3mname[0m[2m=[0mk#8dcff6d1..[1m}[0m[2m:[0m [2mconsensus_core::commit_observer[0m[2m:[0m [2mconsensus/core/src/commit_observer.rs[0m[2m:[0m[2m173:[0m Consensus commit C278(Fm88) with leader B288(B,4ttV) has 3 blocks
[2m2025-03-25T07:56:13.870692Z[0m [32m INFO[0m [1mnode[0m[1m{[0m[3mname[0m[2m=[0mk#99f25ef6..[1m}[0m[2m:[0m [2msui_core::consensus_handler[0m[2m:[0m [2mcrates/sui-core/src/consensus_handler.rs[0m[2m:[0m[2m232:[0m Received consensus output [3mconsensus_commit[0m[2m=[0mCommittedSubDag(leader=B288(B,4ttV), ref=C278(Fm88), blocks=[WKjS, 52VY, 4ttV]) [3mepoch[0m[2m=[0m1
[2m2025-03-25T07:56:13.870697Z[0m [32m INFO[0m [1mnode[0m[1m{[0m[3mname[0m[2m=[0mk#8dcff6d1..[1m}[0m[2m:[0m [2msui_core::consensus_handler[0m[2m:[0m [2mcrates/sui-core/src/consensus_handler.rs[0m[2m:[0m[2m232:[0m Received consensus output [3mconsensus_commit[0m[2m=[0mCommittedSubDag(leader=B288(B,4ttV), ref=C278(Fm88), blocks=[WKjS, 52VY, 4ttV]) [3mepoch[0m[2m=[0m1
[2m2025-03-25T07:56:13.871344Z[0m [32m INFO[0m [1mnode[0m[1m{[0m[3mname[0m[2m=[0mk#99f25ef6..[1m}[0m[2m:[0m [2msui_core::checkpoints::checkpoint_executor[0m[2m:[0m [2mcrates/sui-core/src/checkpoints/checkpoint_executor/mod.rs[0m[2m:[0m[2m332:[0m Received checkpoint summary from state sync [3msequence_number[0m[2m=[0m490
[2m2025-03-25T07:56:13.871344Z[0m [32m INFO[0m [1mnode[0m[1m{[0m[3mname[0m[2m=[0mk#8dcff6d1..[1m}[0m[2m:[0m [2msui_core::checkpoints::checkpoint_executor[0m[2m:[0m [2mcrates/sui-core/src/checkpoints/checkpoint_executor/mod.rs[0m[2m:[0m[2m332:[0m Received checkpoint summary from state sync [3msequence_number[0m[2m=[0m490
[2m2025-03-25T07:56:13.885349Z[0m [32m INFO[0m [1mnode[0m[1m{[0m[3mname[0m[2m=[0mk#8dcff6d1..[1m}[0m[2m:[0m [2msui_core::state_accumulator[0m[2m:[0m [2mcrates/sui-core/src/state_accumulator.rs[0m[2m:[0m[2m675:[0m accumulating running root for checkpoint 490
[2m2025-03-25T07:56:13.885354Z[0m [32m INFO[0m [1mnode[0m[1m{[0m[3mname[0m[2m=[0mk#99f25ef6..[1m}[0m[2m:[0m [2msui_core::state_accumulator[0m[2m:[0m [2mcrates/sui-core/src/state_accumulator.rs[0m[2m:[0m[2m675:[0m accumulating running root for checkpoint 490
[2m2025-03-25T07:56:13.911586Z[0m [32m INFO[0m [1mnode[0m[1m{[0m[3mname[0m[2m=[0mk#addeef94..[1m}[0m[2m:[0m [2msui_core::checkpoints[0m[2m:[0m [2mcrates/sui-core/src/checkpoints/mod.rs[0m[2m:[0m[2m1326:[0m Creating checkpoint(s) for 1 transactions [3mnext_checkpoint_seq[0m[2m=[0m491 [3mcheckpoint_timestamp[0m[2m=[0m1742889373349
[2m2025-03-25T07:56:13.911809Z[0m [32m INFO[0m [1mnode[0m[1m{[0m[3mname[0m[2m=[0mk#addeef94..[1m}[0m[2m:[0m [2msui_core::checkpoints::checkpoint_output[0m[2m:[0m [2mcrates/sui-core/src/checkpoints/checkpoint_output.rs[0m[2m:[0m[2m149:[0m Creating checkpoint CheckpointDigest(AcUNSCJbS1DQWxBVLhGwKqw8VZiVybmgYf4MsmpeVFXq) at epoch 1, sequence 491, previous digest Some(CheckpointDigest(CfesfReTZsbndjXBeHLejrXjVSMvNZ45ud7cxENFPQTn)), transactions count 1, content digest CheckpointContentsDigest(489PxBvvUViUrWLCHixUTM7xaPrhedG7oQyh2UaWwJoi), end_of_epoch_data None
[2m2025-03-25T07:56:13.917323Z[0m [32m INFO[0m [1mnode[0m[1m{[0m[3mname[0m[2m=[0mk#99f25ef6..[1m}[0m[2m:[0m [2msui_core::checkpoints[0m[2m:[0m [2mcrates/sui-core/src/checkpoints/mod.rs[0m[2m:[0m[2m1326:[0m Creating checkpoint(s) for 1 transactions [3mnext_checkpoint_seq[0m[2m=[0m491 [3mcheckpoint_timestamp[0m[2m=[0m1742889373349
[2m2025-03-25T07:56:13.917353Z[0m [32m INFO[0m [1mnode[0m[1m{[0m[3mname[0m[2m=[0mk#8dcff6d1..[1m}[0m[2m:[0m [2msui_core::checkpoints[0m[2m:[0m [2mcrates/sui-core/src/checkpoints/mod.rs[0m[2m:[0m[2m1326:[0m Creating checkpoint(s) for 1 transactions [3mnext_checkpoint_seq[0m[2m=[0m491 [3mcheckpoint_timestamp[0m[2m=[0m1742889373349
[2m2025-03-25T07:56:13.917502Z[0m [32m INFO[0m [1mnode[0m[1m{[0m[3mname[0m[2m=[0mk#99f25ef6..[1m}[0m[2m:[0m [2msui_core::checkpoints::checkpoint_output[0m[2m:[0m [2mcrates/sui-core/src/checkpoints/checkpoint_output.rs[0m[2m:[0m[2m149:[0m Creating checkpoint CheckpointDigest(AcUNSCJbS1DQWxBVLhGwKqw8VZiVybmgYf4MsmpeVFXq) at epoch 1, sequence 491, previous digest Some(CheckpointDigest(CfesfReTZsbndjXBeHLejrXjVSMvNZ45ud7cxENFPQTn)), transactions count 1, content digest CheckpointContentsDigest(489PxBvvUViUrWLCHixUTM7xaPrhedG7oQyh2UaWwJoi), end_of_epoch_data None
[2m2025-03-25T07:56:13.917524Z[0m [32m INFO[0m [1mnode[0m[1m{[0m[3mname[0m[2m=[0mk#8dcff6d1..[1m}[0m[2m:[0m [2msui_core::checkpoints::checkpoint_output[0m[2m:[0m [2mcrates/sui-core/src/checkpoints/checkpoint_output.rs[0m[2m:[0m[2m149:[0m Creating checkpoint CheckpointDigest(AcUNSCJbS1DQWxBVLhGwKqw8VZiVybmgYf4MsmpeVFXq) at epoch 1, sequence 491, previous digest Some(CheckpointDigest(CfesfReTZsbndjXBeHLejrXjVSMvNZ45ud7cxENFPQTn)), transactions count 1, content digest CheckpointContentsDigest(489PxBvvUViUrWLCHixUTM7xaPrhedG7oQyh2UaWwJoi), end_of_epoch_data None
[2m2025-03-25T07:56:13.939103Z[0m [32m INFO[0m [1mnode[0m[1m{[0m[3mname[0m[2m=[0mk#b3f3cbb4..[1m}[0m[2m:[0m [2msui_core::checkpoints::checkpoint_executor[0m[2m:[0m [2mcrates/sui-core/src/checkpoints/checkpoint_executor/mod.rs[0m[2m:[0m[2m332:[0m Received checkpoint summary from state sync [3msequence_number[0m[2m=[0m490
[2m2025-03-25T07:56:13.977987Z[0m [32m INFO[0m [1mnode[0m[1m{[0m[3mname[0m[2m=[0mk#addeef94..[1m}[0m[2m:[0m [2msui_core::checkpoints::checkpoint_executor[0m[2m:[0m [2mcrates/sui-core/src/checkpoints/checkpoint_executor/mod.rs[0m[2m:[0m[2m332:[0m Received checkpoint summary from state sync [3msequence_number[0m[2m=[0m490
[2m2025-03-25T07:56:13.979380Z[0m [32m INFO[0m [1mnode[0m[1m{[0m[3mname[0m[2m=[0mk#addeef94..[1m}[0m[2m:[0m [2msui_core::state_accumulator[0m[2m:[0m [2mcrates/sui-core/src/state_accumulator.rs[0m[2m:[0m[2m675:[0m accumulating running root for checkpoint 490
[2m2025-03-25T07:56:14.028607Z[0m [32m INFO[0m [1mnode[0m[1m{[0m[3mname[0m[2m=[0mk#b3f3cbb4..[1m}[0m[2m:[0m [2msui_core::state_accumulator[0m[2m:[0m [2mcrates/sui-core/src/state_accumulator.rs[0m[2m:[0m[2m675:[0m accumulating running root for checkpoint 490
[2m2025-03-25T07:56:14.119420Z[0m [32m INFO[0m [1mnode[0m[1m{[0m[3mname[0m[2m=[0mk#addeef94..[1m}[0m[2m:[0m [2mconsensus_core::core[0m[2m:[0m [2mconsensus/core/src/core.rs[0m[2m:[0m[2m945:[0m Included 3 ancestors & excluded 0 ancestors for proposal in round 291
[2m2025-03-25T07:56:14.119970Z[0m [32m INFO[0m [1mnode[0m[1m{[0m[3mname[0m[2m=[0mk#addeef94..[1m}[0m[2m:[0m [2mconsensus_core::core[0m[2m:[0m [2mconsensus/core/src/core.rs[0m[2m:[0m[2m531:[0m Created block B291(C,RjZy9q57eQPeeQEBIKiZRJY8DXYCEYsgUSKIW6cwMuk=)(1742889374119ms;[B290(C,uuVWGpW55IQvIEwazimluGmiAoK5p3tj8Z/fxYzlEMs=), B290(A,xDjLHIrGky2SeKKkOrwdELDDXNleOPSQ9GnZFMd+Wwg=), B290(B,k+/ADuKfzI3B8YOy1Fu3C204vdcjn8Miv2933dcWzSA=)];1t;1c) for round 291
[2m2025-03-25T07:56:14.122785Z[0m [32m INFO[0m [1mnode[0m[1m{[0m[3mname[0m[2m=[0mk#8dcff6d1..[1m}[0m[2m:[0m [2mconsensus_core::core[0m[2m:[0m [2mconsensus/core/src/core.rs[0m[2m:[0m[2m945:[0m Included 3 ancestors & excluded 0 ancestors for proposal in round 291
[2m2025-03-25T07:56:14.122786Z[0m [32m INFO[0m [1mnode[0m[1m{[0m[3mname[0m[2m=[0mk#99f25ef6..[1m}[0m[2m:[0m [2mconsensus_core::core[0m[2m:[0m [2mconsensus/core/src/core.rs[0m[2m:[0m[2m945:[0m Included 3 ancestors & excluded 0 ancestors for proposal in round 291
[2m2025-03-25T07:56:14.123225Z[0m [32m INFO[0m [1mnode[0m[1m{[0m[3mname[0m[2m=[0mk#99f25ef6..[1m}[0m[2m:[0m [2mconsensus_core::core[0m[2m:[0m [2mconsensus/core/src/core.rs[0m[2m:[0m[2m531:[0m Created block B291(B,6VeAgBby3OFfE3L4AvhSMobr+QMMZz4Ntixd+VAggH4=)(1742889374122ms;[B290(B,k+/ADuKfzI3B8YOy1Fu3C204vdcjn8Miv2933dcWzSA=), B290(A,xDjLHIrGky2SeKKkOrwdELDDXNleOPSQ9GnZFMd+Wwg=), B290(C,uuVWGpW55IQvIEwazimluGmiAoK5p3tj8Z/fxYzlEMs=)];1t;1c) for round 291
[2m2025-03-25T07:56:14.123230Z[0m [32m INFO[0m [1mnode[0m[1m{[0m[3mname[0m[2m=[0mk#8dcff6d1..[1m}[0m[2m:[0m [2mconsensus_core::core[0m[2m:[0m [2mconsensus/core/src/core.rs[0m[2m:[0m[2m531:[0m Created block B291(A,+4eeEWAZ8y+hdCgepCnZEtVQHVBLIBK0IHD9SMDOJlc=)(1742889374122ms;[B290(A,xDjLHIrGky2SeKKkOrwdELDDXNleOPSQ9GnZFMd+Wwg=), B290(B,k+/ADuKfzI3B8YOy1Fu3C204vdcjn8Miv2933dcWzSA=), B290(C,uuVWGpW55IQvIEwazimluGmiAoK5p3tj8Z/fxYzlEMs=)];1t;1c) for round 291
[2m2025-03-25T07:56:14.123332Z[0m [32m INFO[0m [1mnode[0m[1m{[0m[3mname[0m[2m=[0mk#99f25ef6..[1m}[0m[2m:[0m [2mconsensus_core::core[0m[2m:[0m [2mconsensus/core/src/core.rs[0m[2m:[0m[2m630:[0m Committing 1 leaders: B289(A,D7kG)
[2m2025-03-25T07:56:14.123332Z[0m [32m INFO[0m [1mnode[0m[1m{[0m[3mname[0m[2m=[0mk#8dcff6d1..[1m}[0m[2m:[0m [2mconsensus_core::core[0m[2m:[0m [2mconsensus/core/src/core.rs[0m[2m:[0m[2m630:[0m Committing 1 leaders: B289(A,D7kG)
[2m2025-03-25T07:56:14.123432Z[0m [32m INFO[0m [1mnode[0m[1m{[0m[3mname[0m[2m=[0mk#8dcff6d1..[1m}[0m[2m:[0m [2mconsensus_core::commit_observer[0m[2m:[0m [2mconsensus/core/src/commit_observer.rs[0m[2m:[0m[2m173:[0m Consensus commit C279(KLw5) with leader B289(A,D7kG) has 3 blocks
[2m2025-03-25T07:56:14.123432Z[0m [32m INFO[0m [1mnode[0m[1m{[0m[3mname[0m[2m=[0mk#99f25ef6..[1m}[0m[2m:[0m [2mconsensus_core::commit_observer[0m[2m:[0m [2mconsensus/core/src/commit_observer.rs[0m[2m:[0m[2m173:[0m Consensus commit C279(KLw5) with leader B289(A,D7kG) has 3 blocks
[2m2025-03-25T07:56:14.123558Z[0m [32m INFO[0m [1mnode[0m[1m{[0m[3mname[0m[2m=[0mk#8dcff6d1..[1m}[0m[2m:[0m [2msui_core::consensus_handler[0m[2m:[0m [2mcrates/sui-core/src/consensus_handler.rs[0m[2m:[0m[2m232:[0m Received consensus output [3mconsensus_commit[0m[2m=[0mCommittedSubDag(leader=B289(A,D7kG), ref=C279(KLw5), blocks=[tExa, RjHc, D7kG]) [3mepoch[0m[2m=[0m1
[2m2025-03-25T07:56:14.123558Z[0m [32m INFO[0m [1mnode[0m[1m{[0m[3mname[0m[2m=[0mk#99f25ef6..[1m}[0m[2m:[0m [2msui_core::consensus_handler[0m[2m:[0m [2mcrates/sui-core/src/consensus_handler.rs[0m[2m:[0m[2m232:[0m Received consensus output [3mconsensus_commit[0m[2m=[0mCommittedSubDag(leader=B289(A,D7kG), ref=C279(KLw5), blocks=[tExa, RjHc, D7kG]) [3mepoch[0m[2m=[0m1
[2m2025-03-25T07:56:14.128530Z[0m [32m INFO[0m [1mnode[0m[1m{[0m[3mname[0m[2m=[0mk#addeef94..[1m}[0m[2m:[0m [2mconsensus_core::core[0m[2m:[0m [2mconsensus/core/src/core.rs[0m[2m:[0m[2m630:[0m Committing 1 leaders: B289(A,D7kG)
[2m2025-03-25T07:56:14.128664Z[0m [32m INFO[0m [1mnode[0m[1m{[0m[3mname[0m[2m=[0mk#addeef94..[1m}[0m[2m:[0m [2mconsensus_core::commit_observer[0m[2m:[0m [2mconsensus/core/src/commit_observer.rs[0m[2m:[0m[2m173:[0m Consensus commit C279(KLw5) with leader B289(A,D7kG) has 3 blocks
[2m2025-03-25T07:56:14.128842Z[0m [32m INFO[0m [1mnode[0m[1m{[0m[3mname[0m[2m=[0mk#addeef94..[1m}[0m[2m:[0m [2msui_core::consensus_handler[0m[2m:[0m [2mcrates/sui-core/src/consensus_handler.rs[0m[2m:[0m[2m232:[0m Received consensus output [3mconsensus_commit[0m[2m=[0mCommittedSubDag(leader=B289(A,D7kG), ref=C279(KLw5), blocks=[tExa, RjHc, D7kG]) [3mepoch[0m[2m=[0m1
[2m2025-03-25T07:56:14.155601Z[0m [32m INFO[0m [1mnode[0m[1m{[0m[3mname[0m[2m=[0mk#8dcff6d1..[1m}[0m[2m:[0m [2msui_core::checkpoints[0m[2m:[0m [2mcrates/sui-core/src/checkpoints/mod.rs[0m[2m:[0m[2m1326:[0m Creating checkpoint(s) for 2 transactions [3mnext_checkpoint_seq[0m[2m=[0m492 [3mcheckpoint_timestamp[0m[2m=[0m1742889373608
[2m2025-03-25T07:56:14.155603Z[0m [32m INFO[0m [1mnode[0m[1m{[0m[3mname[0m[2m=[0mk#99f25ef6..[1m}[0m[2m:[0m [2msui_core::checkpoints[0m[2m:[0m [2mcrates/sui-core/src/checkpoints/mod.rs[0m[2m:[0m[2m1326:[0m Creating checkpoint(s) for 2 transactions [3mnext_checkpoint_seq[0m[2m=[0m492 [3mcheckpoint_timestamp[0m[2m=[0m1742889373608
[2m2025-03-25T07:56:14.155922Z[0m [32m INFO[0m [1mnode[0m[1m{[0m[3mname[0m[2m=[0mk#99f25ef6..[1m}[0m[2m:[0m [2msui_core::checkpoints::checkpoint_output[0m[2m:[0m [2mcrates/sui-core/src/checkpoints/checkpoint_output.rs[0m[2m:[0m[2m149:[0m Creating checkpoint CheckpointDigest(5ARPHsMM7uatYEjCYwmKppcF7n3uQ4N2MfHEDEb1xvNs) at epoch 1, sequence 492, previous digest Some(CheckpointDigest(AcUNSCJbS1DQWxBVLhGwKqw8VZiVybmgYf4MsmpeVFXq)), transactions count 2, content digest CheckpointContentsDigest(6jJhYAktmDTMTy1gNjDVGc6NAWzQ5WjAEmesVx6QjYFk), end_of_epoch_data None
[2m2025-03-25T07:56:14.155922Z[0m [32m INFO[0m [1mnode[0m[1m{[0m[3mname[0m[2m=[0mk#8dcff6d1..[1m}[0m[2m:[0m [2msui_core::checkpoints::checkpoint_output[0m[2m:[0m [2mcrates/sui-core/src/checkpoints/checkpoint_output.rs[0m[2m:[0m[2m149:[0m Creating checkpoint CheckpointDigest(5ARPHsMM7uatYEjCYwmKppcF7n3uQ4N2MfHEDEb1xvNs) at epoch 1, sequence 492, previous digest Some(CheckpointDigest(AcUNSCJbS1DQWxBVLhGwKqw8VZiVybmgYf4MsmpeVFXq)), transactions count 2, content digest CheckpointContentsDigest(6jJhYAktmDTMTy1gNjDVGc6NAWzQ5WjAEmesVx6QjYFk), end_of_epoch_data None
[2m2025-03-25T07:56:14.159026Z[0m [32m INFO[0m [1mnode[0m[1m{[0m[3mname[0m[2m=[0mk#addeef94..[1m}[0m[2m:[0m [2msui_core::checkpoints[0m[2m:[0m [2mcrates/sui-core/src/checkpoints/mod.rs[0m[2m:[0m[2m1326:[0m Creating checkpoint(s) for 2 transactions [3mnext_checkpoint_seq[0m[2m=[0m492 [3mcheckpoint_timestamp[0m[2m=[0m1742889373608
[2m2025-03-25T07:56:14.159144Z[0m [32m INFO[0m [1mnode[0m[1m{[0m[3mname[0m[2m=[0mk#99f25ef6..[1m}[0m[2m:[0m [2msui_core::checkpoints::checkpoint_output[0m[2m:[0m [2mcrates/sui-core/src/checkpoints/checkpoint_output.rs[0m[2m:[0m[2m196:[0m Certified checkpoint with sequence 491 and digest AcUNSCJbS1DQWxBVLhGwKqw8VZiVybmgYf4MsmpeVFXq
[2m2025-03-25T07:56:14.159207Z[0m [32m INFO[0m [1mnode[0m[1m{[0m[3mname[0m[2m=[0mk#8dcff6d1..[1m}[0m[2m:[0m [2msui_core::checkpoints::checkpoint_output[0m[2m:[0m [2mcrates/sui-core/src/checkpoints/checkpoint_output.rs[0m[2m:[0m[2m196:[0m Certified checkpoint with sequence 491 and digest AcUNSCJbS1DQWxBVLhGwKqw8VZiVybmgYf4MsmpeVFXq
[2m2025-03-25T07:56:14.159286Z[0m [32m INFO[0m [1mnode[0m[1m{[0m[3mname[0m[2m=[0mk#addeef94..[1m}[0m[2m:[0m [2msui_core::checkpoints::checkpoint_output[0m[2m:[0m [2mcrates/sui-core/src/checkpoints/checkpoint_output.rs[0m[2m:[0m[2m149:[0m Creating checkpoint CheckpointDigest(5ARPHsMM7uatYEjCYwmKppcF7n3uQ4N2MfHEDEb1xvNs) at epoch 1, sequence 492, previous digest Some(CheckpointDigest(AcUNSCJbS1DQWxBVLhGwKqw8VZiVybmgYf4MsmpeVFXq)), transactions count 2, content digest CheckpointContentsDigest(6jJhYAktmDTMTy1gNjDVGc6NAWzQ5WjAEmesVx6QjYFk), end_of_epoch_data None
[2m2025-03-25T07:56:14.159574Z[0m [32m INFO[0m [1mnode[0m[1m{[0m[3mname[0m[2m=[0mk#8dcff6d1..[1m}[0m[2m:[0m [2msui_core::checkpoints::checkpoint_executor[0m[2m:[0m [2mcrates/sui-core/src/checkpoints/checkpoint_executor/mod.rs[0m[2m:[0m[2m332:[0m Received checkpoint summary from state sync [3msequence_number[0m[2m=[0m491
[2m2025-03-25T07:56:14.159574Z[0m [32m INFO[0m [1mnode[0m[1m{[0m[3mname[0m[2m=[0mk#99f25ef6..[1m}[0m[2m:[0m [2msui_core::checkpoints::checkpoint_executor[0m[2m:[0m [2mcrates/sui-core/src/checkpoints/checkpoint_executor/mod.rs[0m[2m:[0m[2m332:[0m Received checkpoint summary from state sync [3msequence_number[0m[2m=[0m491
[2m2025-03-25T07:56:14.160736Z[0m [32m INFO[0m [1mnode[0m[1m{[0m[3mname[0m[2m=[0mk#8dcff6d1..[1m}[0m[2m:[0m [2msui_core::state_accumulator[0m[2m:[0m [2mcrates/sui-core/src/state_accumulator.rs[0m[2m:[0m[2m675:[0m accumulating running root for checkpoint 491
[2m2025-03-25T07:56:14.160738Z[0m [32m INFO[0m [1mnode[0m[1m{[0m[3mname[0m[2m=[0mk#99f25ef6..[1m}[0m[2m:[0m [2msui_core::state_accumulator[0m[2m:[0m [2mcrates/sui-core/src/state_accumulator.rs[0m[2m:[0m[2m675:[0m accumulating running root for checkpoint 491
[2m2025-03-25T07:56:14.163021Z[0m [32m INFO[0m [1mnode[0m[1m{[0m[3mname[0m[2m=[0mk#addeef94..[1m}[0m[2m:[0m [2msui_core::checkpoints::checkpoint_executor[0m[2m:[0m [2mcrates/sui-core/src/checkpoints/checkpoint_executor/mod.rs[0m[2m:[0m[2m332:[0m Received checkpoint summary from state sync [3msequence_number[0m[2m=[0m491
[2m2025-03-25T07:56:14.163763Z[0m [32m INFO[0m [1mnode[0m[1m{[0m[3mname[0m[2m=[0mk#addeef94..[1m}[0m[2m:[0m [2msui_core::state_accumulator[0m[2m:[0m [2mcrates/sui-core/src/state_accumulator.rs[0m[2m:[0m[2m675:[0m accumulating running root for checkpoint 491
[2m2025-03-25T07:56:14.163973Z[0m [32m INFO[0m [1mnode[0m[1m{[0m[3mname[0m[2m=[0mk#b3f3cbb4..[1m}[0m[2m:[0m [2msui_core::checkpoints::checkpoint_executor[0m[2m:[0m [2mcrates/sui-core/src/checkpoints/checkpoint_executor/mod.rs[0m[2m:[0m[2m332:[0m Received checkpoint summary from state sync [3msequence_number[0m[2m=[0m491
[2m2025-03-25T07:56:14.190095Z[0m [32m INFO[0m [1mnode[0m[1m{[0m[3mname[0m[2m=[0mk#b3f3cbb4..[1m}[0m[2m:[0m [2msui_core::state_accumulator[0m[2m:[0m [2mcrates/sui-core/src/state_accumulator.rs[0m[2m:[0m[2m675:[0m accumulating running root for checkpoint 491
[2m2025-03-25T07:56:14.199958Z[0m [32m INFO[0m [1mnode[0m[1m{[0m[3mname[0m[2m=[0mk#8dcff6d1..[1m}[0m[2m:[0m [2mconsensus_core::core[0m[2m:[0m [2mconsensus/core/src/core.rs[0m[2m:[0m[2m694:[0m Received quorum round per authority in ancestor state manager set to: [(291, 291), (291, 291), (291, 291)]
[2m2025-03-25T07:56:14.199971Z[0m [32m INFO[0m [1mnode[0m[1m{[0m[3mname[0m[2m=[0mk#8dcff6d1..[1m}[0m[2m:[0m [2mconsensus_core::core[0m[2m:[0m [2mconsensus/core/src/core.rs[0m[2m:[0m[2m695:[0m Accepted quorum round per authority in ancestor state manager set to: [(291, 291), (291, 291), (291, 291)]
[2m2025-03-25T07:56:14.199978Z[0m [32m INFO[0m [1mnode[0m[1m{[0m[3mname[0m[2m=[0mk#8dcff6d1..[1m}[0m[2m:[0m [2mconsensus_core::core[0m[2m:[0m [2mconsensus/core/src/core.rs[0m[2m:[0m[2m698:[0m Propagation round delay set to: 0
[2m2025-03-25T07:56:14.200235Z[0m [32m INFO[0m [1mnode[0m[1m{[0m[3mname[0m[2m=[0mk#addeef94..[1m}[0m[2m:[0m [2mconsensus_core::core[0m[2m:[0m [2mconsensus/core/src/core.rs[0m[2m:[0m[2m694:[0m Received quorum round per authority in ancestor state manager set to: [(291, 291), (291, 291), (291, 291)]
[2m2025-03-25T07:56:14.200244Z[0m [32m INFO[0m [1mnode[0m[1m{[0m[3mname[0m[2m=[0mk#addeef94..[1m}[0m[2m:[0m [2mconsensus_core::core[0m[2m:[0m [2mconsensus/core/src/core.rs[0m[2m:[0m[2m695:[0m Accepted quorum round per authority in ancestor state manager set to: [(291, 291), (291, 291), (291, 291)]
[2m2025-03-25T07:56:14.200252Z[0m [32m INFO[0m [1mnode[0m[1m{[0m[3mname[0m[2m=[0mk#addeef94..[1m}[0m[2m:[0m [2mconsensus_core::core[0m[2m:[0m [2mconsensus/core/src/core.rs[0m[2m:[0m[2m698:[0m Propagation round delay set to: 0
[2m2025-03-25T07:56:14.200348Z[0m [32m INFO[0m [1mnode[0m[1m{[0m[3mname[0m[2m=[0mk#99f25ef6..[1m}[0m[2m:[0m [2mconsensus_core::core[0m[2m:[0m [2mconsensus/core/src/core.rs[0m[2m:[0m[2m694:[0m Received quorum round per authority in ancestor state manager set to: [(291, 291), (291, 291), (291, 291)]
[2m2025-03-25T07:56:14.200356Z[0m [32m INFO[0m [1mnode[0m[1m{[0m[3mname[0m[2m=[0mk#99f25ef6..[1m}[0m[2m:[0m [2mconsensus_core::core[0m[2m:[0m [2mconsensus/core/src/core.rs[0m[2m:[0m[2m695:[0m Accepted quorum round per authority in ancestor state manager set to: [(291, 291), (291, 291), (291, 291)]
[2m2025-03-25T07:56:14.200363Z[0m [32m INFO[0m [1mnode[0m[1m{[0m[3mname[0m[2m=[0mk#99f25ef6..[1m}[0m[2m:[0m [2mconsensus_core::core[0m[2m:[0m [2mconsensus/core/src/core.rs[0m[2m:[0m[2m698:[0m Propagation round delay set to: 0
[2m2025-03-25T07:56:14.376873Z[0m [32m INFO[0m [1mnode[0m[1m{[0m[3mname[0m[2m=[0mk#99f25ef6..[1m}[0m[2m:[0m [2mconsensus_core::core[0m[2m:[0m [2mconsensus/core/src/core.rs[0m[2m:[0m[2m945:[0m Included 3 ancestors & excluded 0 ancestors for proposal in round 292
[2m2025-03-25T07:56:14.377425Z[0m [32m INFO[0m [1mnode[0m[1m{[0m[3mname[0m[2m=[0mk#8dcff6d1..[1m}[0m[2m:[0m [2mconsensus_core::core[0m[2m:[0m [2mconsensus/core/src/core.rs[0m[2m:[0m[2m945:[0m Included 3 ancestors & excluded 0 ancestors for proposal in round 292
[2m2025-03-25T07:56:14.378555Z[0m [32m INFO[0m [1mnode[0m[1m{[0m[3mname[0m[2m=[0mk#8dcff6d1..[1m}[0m[2m:[0m [2mconsensus_core::core[0m[2m:[0m [2mconsensus/core/src/core.rs[0m[2m:[0m[2m531:[0m Created block B292(A,PBljasIUK/4LoaiMX0xm8Y4oGIqIbtMT7Fm+4UFj/KQ=)(1742889374377ms;[B291(A,+4eeEWAZ8y+hdCgepCnZEtVQHVBLIBK0IHD9SMDOJlc=), B291(B,6VeAgBby3OFfE3L4AvhSMobr+QMMZz4Ntixd+VAggH4=), B291(C,RjZy9q57eQPeeQEBIKiZRJY8DXYCEYsgUSKIW6cwMuk=)];1t;1c) for round 292
[2m2025-03-25T07:56:14.378527Z[0m [32m INFO[0m [1mnode[0m[1m{[0m[3mname[0m[2m=[0mk#99f25ef6..[1m}[0m[2m:[0m [2mconsensus_core::core[0m[2m:[0m [2mconsensus/core/src/core.rs[0m[2m:[0m[2m531:[0m Created block B292(B,zvWfX64u4Qc86vmdxkPkhYC1Sok4C3IUhTaa3iCefgU=)(1742889374377ms;[B291(B,6VeAgBby3OFfE3L4AvhSMobr+QMMZz4Ntixd+VAggH4=), B291(A,+4eeEWAZ8y+hdCgepCnZEtVQHVBLIBK0IHD9SMDOJlc=), B291(C,RjZy9q57eQPeeQEBIKiZRJY8DXYCEYsgUSKIW6cwMuk=)];1t;1c) for round 292
[2m2025-03-25T07:56:14.388128Z[0m [32m INFO[0m [1mnode[0m[1m{[0m[3mname[0m[2m=[0mk#addeef94..[1m}[0m[2m:[0m [2mconsensus_core::core[0m[2m:[0m [2mconsensus/core/src/core.rs[0m[2m:[0m[2m945:[0m Included 3 ancestors & excluded 0 ancestors for proposal in round 292
[2m2025-03-25T07:56:14.388887Z[0m [32m INFO[0m [1mnode[0m[1m{[0m[3mname[0m[2m=[0mk#addeef94..[1m}[0m[2m:[0m [2mconsensus_core::core[0m[2m:[0m [2mconsensus/core/src/core.rs[0m[2m:[0m[2m531:[0m Created block B292(C,mr9cOSHM9+9/SS+cAuZi5XAB01LqUcdAlIN3bMc5wIY=)(1742889374388ms;[B291(C,RjZy9q57eQPeeQEBIKiZRJY8DXYCEYsgUSKIW6cwMuk=), B291(A,+4eeEWAZ8y+hdCgepCnZEtVQHVBLIBK0IHD9SMDOJlc=), B291(B,6VeAgBby3OFfE3L4AvhSMobr+QMMZz4Ntixd+VAggH4=)];1t;1c) for round 292
[2m2025-03-25T07:56:14.389064Z[0m [32m INFO[0m [1mnode[0m[1m{[0m[3mname[0m[2m=[0mk#addeef94..[1m}[0m[2m:[0m [2mconsensus_core::core[0m[2m:[0m [2mconsensus/core/src/core.rs[0m[2m:[0m[2m630:[0m Committing 1 leaders: B290(B,k+/A)
[2m2025-03-25T07:56:14.389229Z[0m [32m INFO[0m [1mnode[0m[1m{[0m[3mname[0m[2m=[0mk#addeef94..[1m}[0m[2m:[0m [2mconsensus_core::commit_observer[0m[2m:[0m [2mconsensus/core/src/commit_observer.rs[0m[2m:[0m[2m173:[0m Consensus commit C280(BbKF) with leader B290(B,k+/A) has 3 blocks
[2m2025-03-25T07:56:14.389457Z[0m [32m INFO[0m [1mnode[0m[1m{[0m[3mname[0m[2m=[0mk#addeef94..[1m}[0m[2m:[0m [2msui_core::consensus_handler[0m[2m:[0m [2mcrates/sui-core/src/consensus_handler.rs[0m[2m:[0m[2m232:[0m Received consensus output [3mconsensus_commit[0m[2m=[0mCommittedSubDag(leader=B290(B,k+/A), ref=C280(BbKF), blocks=[HxH+, pllx, k+/A]) [3mepoch[0m[2m=[0m1
[2m2025-03-25T07:56:14.396298Z[0m [32m INFO[0m [1mnode[0m[1m{[0m[3mname[0m[2m=[0mk#99f25ef6..[1m}[0m[2m:[0m [2msui_core::checkpoints::checkpoint_output[0m[2m:[0m [2mcrates/sui-core/src/checkpoints/checkpoint_output.rs[0m[2m:[0m[2m196:[0m Certified checkpoint with sequence 492 and digest 5ARPHsMM7uatYEjCYwmKppcF7n3uQ4N2MfHEDEb1xvNs
[2m2025-03-25T07:56:14.396308Z[0m [32m INFO[0m [1mnode[0m[1m{[0m[3mname[0m[2m=[0mk#8dcff6d1..[1m}[0m[2m:[0m [2msui_core::checkpoints::checkpoint_output[0m[2m:[0m [2mcrates/sui-core/src/checkpoints/checkpoint_output.rs[0m[2m:[0m[2m196:[0m Certified checkpoint with sequence 492 and digest 5ARPHsMM7uatYEjCYwmKppcF7n3uQ4N2MfHEDEb1xvNs
[2m2025-03-25T07:56:14.396487Z[0m [32m INFO[0m [1mnode[0m[1m{[0m[3mname[0m[2m=[0mk#99f25ef6..[1m}[0m[2m:[0m [2mconsensus_core::core[0m[2m:[0m [2mconsensus/core/src/core.rs[0m[2m:[0m[2m630:[0m Committing 1 leaders: B290(B,k+/A)
[2m2025-03-25T07:56:14.396487Z[0m [32m INFO[0m [1mnode[0m[1m{[0m[3mname[0m[2m=[0mk#8dcff6d1..[1m}[0m[2m:[0m [2mconsensus_core::core[0m[2m:[0m [2mconsensus/core/src/core.rs[0m[2m:[0m[2m630:[0m Committing 1 leaders: B290(B,k+/A)
[2m2025-03-25T07:56:14.396662Z[0m [32m INFO[0m [1mnode[0m[1m{[0m[3mname[0m[2m=[0mk#99f25ef6..[1m}[0m[2m:[0m [2mconsensus_core::commit_observer[0m[2m:[0m [2mconsensus/core/src/commit_observer.rs[0m[2m:[0m[2m173:[0m Consensus commit C280(BbKF) with leader B290(B,k+/A) has 3 blocks
[2m2025-03-25T07:56:14.396665Z[0m [32m INFO[0m [1mnode[0m[1m{[0m[3mname[0m[2m=[0mk#8dcff6d1..[1m}[0m[2m:[0m [2mconsensus_core::commit_observer[0m[2m:[0m [2mconsensus/core/src/commit_observer.rs[0m[2m:[0m[2m173:[0m Consensus commit C280(BbKF) with leader B290(B,k+/A) has 3 blocks
[2m2025-03-25T07:56:14.397383Z[0m [32m INFO[0m [1mnode[0m[1m{[0m[3mname[0m[2m=[0mk#99f25ef6..[1m}[0m[2m:[0m [2msui_core::consensus_handler[0m[2m:[0m [2mcrates/sui-core/src/consensus_handler.rs[0m[2m:[0m[2m232:[0m Received consensus output [3mconsensus_commit[0m[2m=[0mCommittedSubDag(leader=B290(B,k+/A), ref=C280(BbKF), blocks=[HxH+, pllx, k+/A]) [3mepoch[0m[2m=[0m1
[2m2025-03-25T07:56:14.397384Z[0m [32m INFO[0m [1mnode[0m[1m{[0m[3mname[0m[2m=[0mk#8dcff6d1..[1m}[0m[2m:[0m [2msui_core::consensus_handler[0m[2m:[0m [2mcrates/sui-core/src/consensus_handler.rs[0m[2m:[0m[2m232:[0m Received consensus output [3mconsensus_commit[0m[2m=[0mCommittedSubDag(leader=B290(B,k+/A), ref=C280(BbKF), blocks=[HxH+, pllx, k+/A]) [3mepoch[0m[2m=[0m1
[2m2025-03-25T07:56:14.398742Z[0m [32m INFO[0m [1mnode[0m[1m{[0m[3mname[0m[2m=[0mk#8dcff6d1..[1m}[0m[2m:[0m [2msui_core::checkpoints::checkpoint_executor[0m[2m:[0m [2mcrates/sui-core/src/checkpoints/checkpoint_executor/mod.rs[0m[2m:[0m[2m332:[0m Received checkpoint summary from state sync [3msequence_number[0m[2m=[0m492
[2m2025-03-25T07:56:14.398742Z[0m [32m INFO[0m [1mnode[0m[1m{[0m[3mname[0m[2m=[0mk#99f25ef6..[1m}[0m[2m:[0m [2msui_core::checkpoints::checkpoint_executor[0m[2m:[0m [2mcrates/sui-core/src/checkpoints/checkpoint_executor/mod.rs[0m[2m:[0m[2m332:[0m Received checkpoint summary from state sync [3msequence_number[0m[2m=[0m492
[2m2025-03-25T07:56:14.418687Z[0m [32m INFO[0m [1mnode[0m[1m{[0m[3mname[0m[2m=[0mk#8dcff6d1..[1m}[0m[2m:[0m [2msui_core::state_accumulator[0m[2m:[0m [2mcrates/sui-core/src/state_accumulator.rs[0m[2m:[0m[2m675:[0m accumulating running root for checkpoint 492
[2m2025-03-25T07:56:14.418686Z[0m [32m INFO[0m [1mnode[0m[1m{[0m[3mname[0m[2m=[0mk#99f25ef6..[1m}[0m[2m:[0m [2msui_core::state_accumulator[0m[2m:[0m [2mcrates/sui-core/src/state_accumulator.rs[0m[2m:[0m[2m675:[0m accumulating running root for checkpoint 492
[2m2025-03-25T07:56:14.482808Z[0m [32m INFO[0m [2msui_bridge::sui_bridge_watchdog[0m[2m:[0m [2mcrates/sui-bridge/src/sui_bridge_watchdog/mod.rs[0m[2m:[0m[2m47:[0m Running observable EthBridgeStatus
[2m2025-03-25T07:56:14.482873Z[0m [32m INFO[0m [2msui_bridge::sui_bridge_watchdog[0m[2m:[0m [2mcrates/sui-bridge/src/sui_bridge_watchdog/mod.rs[0m[2m:[0m[2m47:[0m Running observable SuiBridgeStatus
[2m2025-03-25T07:56:14.482873Z[0m [32m INFO[0m [2msui_bridge::sui_bridge_watchdog[0m[2m:[0m [2mcrates/sui-bridge/src/sui_bridge_watchdog/mod.rs[0m[2m:[0m[2m47:[0m Running observable EthereumVaultBalance
[2m2025-03-25T07:56:14.482891Z[0m [32m INFO[0m [2msui_bridge::sui_bridge_watchdog[0m[2m:[0m [2mcrates/sui-bridge/src/sui_bridge_watchdog/mod.rs[0m[2m:[0m[2m47:[0m Running observable EthereumVaultBalance
[2m2025-03-25T07:56:14.483745Z[0m [32m INFO[0m [1mobservable[0m[1m{[0m[3mname[0m[2m=[0m"EthBridgeStatus"[1m}[0m[2m:[0m [2msui_bridge::sui_bridge_watchdog::eth_bridge_status[0m[2m:[0m [2mcrates/sui-bridge/src/sui_bridge_watchdog/eth_bridge_status.rs[0m[2m:[0m[2m47:[0m Eth Bridge Status: false
[2m2025-03-25T07:56:14.483949Z[0m [32m INFO[0m [1mobservable[0m[1m{[0m[3mname[0m[2m=[0m"EthereumVaultBalance"[1m}[0m[2m:[0m [2msui_bridge::sui_bridge_watchdog::eth_vault_balance[0m[2m:[0m [2mcrates/sui-bridge/src/sui_bridge_watchdog/eth_vault_balance.rs[0m[2m:[0m[2m98:[0m WETH Vault Balance: 0
[2m2025-03-25T07:56:14.483949Z[0m [32m INFO[0m [1mobservable[0m[1m{[0m[3mname[0m[2m=[0m"EthereumVaultBalance"[1m}[0m[2m:[0m [2msui_bridge::sui_bridge_watchdog::eth_vault_balance[0m[2m:[0m [2mcrates/sui-bridge/src/sui_bridge_watchdog/eth_vault_balance.rs[0m[2m:[0m[2m98:[0m USDT Vault Balance: 10000000000
[2m2025-03-25T07:56:14.484376Z[0m [32m INFO[0m [1mobservable[0m[1m{[0m[3mname[0m[2m=[0m"SuiBridgeStatus"[1m}[0m[2m:[0m [2msui_bridge::sui_bridge_watchdog::sui_bridge_status[0m[2m:[0m [2mcrates/sui-bridge/src/sui_bridge_watchdog/sui_bridge_status.rs[0m[2m:[0m[2m37:[0m Sui Bridge Status: false
[2m2025-03-25T07:56:14.505814Z[0m [32m INFO[0m [2msui_bridge::eth_syncer[0m[2m:[0m [2mcrates/sui-bridge/src/eth_syncer.rs[0m[2m:[0m[2m120:[0m Observed new finalized eth block: 136
[2m2025-03-25T07:56:14.563843Z[0m [32m INFO[0m [1mnode[0m[1m{[0m[3mname[0m[2m=[0mk#addeef94..[1m}[0m[2m:[0m [2msui_core::checkpoints[0m[2m:[0m [2mcrates/sui-core/src/checkpoints/mod.rs[0m[2m:[0m[2m1326:[0m Creating checkpoint(s) for 2 transactions [3mnext_checkpoint_seq[0m[2m=[0m493 [3mcheckpoint_timestamp[0m[2m=[0m1742889373862
[2m2025-03-25T07:56:14.564370Z[0m [32m INFO[0m [1mnode[0m[1m{[0m[3mname[0m[2m=[0mk#addeef94..[1m}[0m[2m:[0m [2msui_core::checkpoints::checkpoint_output[0m[2m:[0m [2mcrates/sui-core/src/checkpoints/checkpoint_output.rs[0m[2m:[0m[2m149:[0m Creating checkpoint CheckpointDigest(AFss3KNAq18B4YaEbzkReLz46njCrc6Edrut73uNtLDK) at epoch 1, sequence 493, previous digest Some(CheckpointDigest(5ARPHsMM7uatYEjCYwmKppcF7n3uQ4N2MfHEDEb1xvNs)), transactions count 2, content digest CheckpointContentsDigest(2yhiFeY8TScXcDZJB8Q1TczFmNUrtyRZJoQcrDriFKy7), end_of_epoch_data None
[2m2025-03-25T07:56:14.568660Z[0m [32m INFO[0m [1mnode[0m[1m{[0m[3mname[0m[2m=[0mk#99f25ef6..[1m}[0m[2m:[0m [2msui_core::checkpoints[0m[2m:[0m [2mcrates/sui-core/src/checkpoints/mod.rs[0m[2m:[0m[2m1326:[0m Creating checkpoint(s) for 2 transactions [3mnext_checkpoint_seq[0m[2m=[0m493 [3mcheckpoint_timestamp[0m[2m=[0m1742889373862
[2m2025-03-25T07:56:14.569114Z[0m [32m INFO[0m [1mnode[0m[1m{[0m[3mname[0m[2m=[0mk#99f25ef6..[1m}[0m[2m:[0m [2msui_core::checkpoints::checkpoint_output[0m[2m:[0m [2mcrates/sui-core/src/checkpoints/checkpoint_output.rs[0m[2m:[0m[2m149:[0m Creating checkpoint CheckpointDigest(AFss3KNAq18B4YaEbzkReLz46njCrc6Edrut73uNtLDK) at epoch 1, sequence 493, previous digest Some(CheckpointDigest(5ARPHsMM7uatYEjCYwmKppcF7n3uQ4N2MfHEDEb1xvNs)), transactions count 2, content digest CheckpointContentsDigest(2yhiFeY8TScXcDZJB8Q1TczFmNUrtyRZJoQcrDriFKy7), end_of_epoch_data None
[2m2025-03-25T07:56:14.569214Z[0m [32m INFO[0m [1mnode[0m[1m{[0m[3mname[0m[2m=[0mk#8dcff6d1..[1m}[0m[2m:[0m [2msui_core::checkpoints[0m[2m:[0m [2mcrates/sui-core/src/checkpoints/mod.rs[0m[2m:[0m[2m1326:[0m Creating checkpoint(s) for 2 transactions [3mnext_checkpoint_seq[0m[2m=[0m493 [3mcheckpoint_timestamp[0m[2m=[0m1742889373862
[2m2025-03-25T07:56:14.569648Z[0m [32m INFO[0m [1mnode[0m[1m{[0m[3mname[0m[2m=[0mk#8dcff6d1..[1m}[0m[2m:[0m [2msui_core::checkpoints::checkpoint_output[0m[2m:[0m [2mcrates/sui-core/src/checkpoints/checkpoint_output.rs[0m[2m:[0m[2m149:[0m Creating checkpoint CheckpointDigest(AFss3KNAq18B4YaEbzkReLz46njCrc6Edrut73uNtLDK) at epoch 1, sequence 493, previous digest Some(CheckpointDigest(5ARPHsMM7uatYEjCYwmKppcF7n3uQ4N2MfHEDEb1xvNs)), transactions count 2, content digest CheckpointContentsDigest(2yhiFeY8TScXcDZJB8Q1TczFmNUrtyRZJoQcrDriFKy7), end_of_epoch_data None
[2m2025-03-25T07:56:14.587174Z[0m [32m INFO[0m [1mnode[0m[1m{[0m[3mname[0m[2m=[0mk#addeef94..[1m}[0m[2m:[0m [2msui_core::checkpoints::checkpoint_executor[0m[2m:[0m [2mcrates/sui-core/src/checkpoints/checkpoint_executor/mod.rs[0m[2m:[0m[2m332:[0m Received checkpoint summary from state sync [3msequence_number[0m[2m=[0m492
[2m2025-03-25T07:56:14.590237Z[0m [32m INFO[0m [1mnode[0m[1m{[0m[3mname[0m[2m=[0mk#b3f3cbb4..[1m}[0m[2m:[0m [2msui_core::checkpoints::checkpoint_executor[0m[2m:[0m [2mcrates/sui-core/src/checkpoints/checkpoint_executor/mod.rs[0m[2m:[0m[2m332:[0m Received checkpoint summary from state sync [3msequence_number[0m[2m=[0m492
[2m2025-03-25T07:56:14.634012Z[0m [32m INFO[0m [1mnode[0m[1m{[0m[3mname[0m[2m=[0mk#addeef94..[1m}[0m[2m:[0m [2msui_core::state_accumulator[0m[2m:[0m [2mcrates/sui-core/src/state_accumulator.rs[0m[2m:[0m[2m675:[0m accumulating running root for checkpoint 492
[2m2025-03-25T07:56:14.644315Z[0m [32m INFO[0m [1mnode[0m[1m{[0m[3mname[0m[2m=[0mk#addeef94..[1m}[0m[2m:[0m [2mconsensus_core::core[0m[2m:[0m [2mconsensus/core/src/core.rs[0m[2m:[0m[2m945:[0m Included 3 ancestors & excluded 0 ancestors for proposal in round 293
[2m2025-03-25T07:56:14.644646Z[0m [32m INFO[0m [1mnode[0m[1m{[0m[3mname[0m[2m=[0mk#addeef94..[1m}[0m[2m:[0m [2mconsensus_core::core[0m[2m:[0m [2mconsensus/core/src/core.rs[0m[2m:[0m[2m531:[0m Created block B293(C,ytN6kSj45ljL0Ib//fWwxweTOWT/4n50k5EoF/xr+CY=)(1742889374644ms;[B292(C,mr9cOSHM9+9/SS+cAuZi5XAB01LqUcdAlIN3bMc5wIY=), B292(A,PBljasIUK/4LoaiMX0xm8Y4oGIqIbtMT7Fm+4UFj/KQ=), B292(B,zvWfX64u4Qc86vmdxkPkhYC1Sok4C3IUhTaa3iCefgU=)];1t;1c) for round 293
[2m2025-03-25T07:56:14.648787Z[0m [32m INFO[0m [1mnode[0m[1m{[0m[3mname[0m[2m=[0mk#99f25ef6..[1m}[0m[2m:[0m [2mconsensus_core::core[0m[2m:[0m [2mconsensus/core/src/core.rs[0m[2m:[0m[2m945:[0m Included 3 ancestors & excluded 0 ancestors for proposal in round 293
[2m2025-03-25T07:56:14.648787Z[0m [32m INFO[0m [1mnode[0m[1m{[0m[3mname[0m[2m=[0mk#8dcff6d1..[1m}[0m[2m:[0m [2mconsensus_core::core[0m[2m:[0m [2mconsensus/core/src/core.rs[0m[2m:[0m[2m945:[0m Included 3 ancestors & excluded 0 ancestors for proposal in round 293
[2m2025-03-25T07:56:14.649083Z[0m [32m INFO[0m [1mnode[0m[1m{[0m[3mname[0m[2m=[0mk#8dcff6d1..[1m}[0m[2m:[0m [2mconsensus_core::core[0m[2m:[0m [2mconsensus/core/src/core.rs[0m[2m:[0m[2m531:[0m Created block B293(A,Vuuwe+Cpxhim94eqDvEOeYyzRdK3ZshfOhYtfADU4q0=)(1742889374648ms;[B292(A,PBljasIUK/4LoaiMX0xm8Y4oGIqIbtMT7Fm+4UFj/KQ=), B292(B,zvWfX64u4Qc86vmdxkPkhYC1Sok4C3IUhTaa3iCefgU=), B292(C,mr9cOSHM9+9/SS+cAuZi5XAB01LqUcdAlIN3bMc5wIY=)];1t;1c) for round 293
[2m2025-03-25T07:56:14.649083Z[0m [32m INFO[0m [1mnode[0m[1m{[0m[3mname[0m[2m=[0mk#99f25ef6..[1m}[0m[2m:[0m [2mconsensus_core::core[0m[2m:[0m [2mconsensus/core/src/core.rs[0m[2m:[0m[2m531:[0m Created block B293(B,SNg+956d9AHlyCzrtkn67nCd+uyvnzW4dy1rsXhLLEo=)(1742889374648ms;[B292(B,zvWfX64u4Qc86vmdxkPkhYC1Sok4C3IUhTaa3iCefgU=), B292(A,PBljasIUK/4LoaiMX0xm8Y4oGIqIbtMT7Fm+4UFj/KQ=), B292(C,mr9cOSHM9+9/SS+cAuZi5XAB01LqUcdAlIN3bMc5wIY=)];1t;1c) for round 293
[2m2025-03-25T07:56:14.649156Z[0m [32m INFO[0m [1mnode[0m[1m{[0m[3mname[0m[2m=[0mk#99f25ef6..[1m}[0m[2m:[0m [2mconsensus_core::core[0m[2m:[0m [2mconsensus/core/src/core.rs[0m[2m:[0m[2m630:[0m Committing 1 leaders: B291(B,6VeA)
[2m2025-03-25T07:56:14.649156Z[0m [32m INFO[0m [1mnode[0m[1m{[0m[3mname[0m[2m=[0mk#8dcff6d1..[1m}[0m[2m:[0m [2mconsensus_core::core[0m[2m:[0m [2mconsensus/core/src/core.rs[0m[2m:[0m[2m630:[0m Committing 1 leaders: B291(B,6VeA)
[2m2025-03-25T07:56:14.649233Z[0m [32m INFO[0m [1mnode[0m[1m{[0m[3mname[0m[2m=[0mk#8dcff6d1..[1m}[0m[2m:[0m [2mconsensus_core::commit_observer[0m[2m:[0m [2mconsensus/core/src/commit_observer.rs[0m[2m:[0m[2m173:[0m Consensus commit C281(8EdS) with leader B291(B,6VeA) has 3 blocks
[2m2025-03-25T07:56:14.649233Z[0m [32m INFO[0m [1mnode[0m[1m{[0m[3mname[0m[2m=[0mk#99f25ef6..[1m}[0m[2m:[0m [2mconsensus_core::commit_observer[0m[2m:[0m [2mconsensus/core/src/commit_observer.rs[0m[2m:[0m[2m173:[0m Consensus commit C281(8EdS) with leader B291(B,6VeA) has 3 blocks
[2m2025-03-25T07:56:14.649327Z[0m [32m INFO[0m [1mnode[0m[1m{[0m[3mname[0m[2m=[0mk#99f25ef6..[1m}[0m[2m:[0m [2msui_core::consensus_handler[0m[2m:[0m [2mcrates/sui-core/src/consensus_handler.rs[0m[2m:[0m[2m232:[0m Received consensus output [3mconsensus_commit[0m[2m=[0mCommittedSubDag(leader=B291(B,6VeA), ref=C281(8EdS), blocks=[xDjL, uuVW, 6VeA]) [3mepoch[0m[2m=[0m1
[2m2025-03-25T07:56:14.649327Z[0m [32m INFO[0m [1mnode[0m[1m{[0m[3mname[0m[2m=[0mk#8dcff6d1..[1m}[0m[2m:[0m [2msui_core::consensus_handler[0m[2m:[0m [2mcrates/sui-core/src/consensus_handler.rs[0m[2m:[0m[2m232:[0m Received consensus output [3mconsensus_commit[0m[2m=[0mCommittedSubDag(leader=B291(B,6VeA), ref=C281(8EdS), blocks=[xDjL, uuVW, 6VeA]) [3mepoch[0m[2m=[0m1
[2m2025-03-25T07:56:14.652974Z[0m [32m INFO[0m [1mnode[0m[1m{[0m[3mname[0m[2m=[0mk#addeef94..[1m}[0m[2m:[0m [2mconsensus_core::core[0m[2m:[0m [2mconsensus/core/src/core.rs[0m[2m:[0m[2m630:[0m Committing 1 leaders: B291(B,6VeA)
[2m2025-03-25T07:56:14.653076Z[0m [32m INFO[0m [1mnode[0m[1m{[0m[3mname[0m[2m=[0mk#addeef94..[1m}[0m[2m:[0m [2mconsensus_core::commit_observer[0m[2m:[0m [2mconsensus/core/src/commit_observer.rs[0m[2m:[0m[2m173:[0m Consensus commit C281(8EdS) with leader B291(B,6VeA) has 3 blocks
[2m2025-03-25T07:56:14.653205Z[0m [32m INFO[0m [1mnode[0m[1m{[0m[3mname[0m[2m=[0mk#addeef94..[1m}[0m[2m:[0m [2msui_core::consensus_handler[0m[2m:[0m [2mcrates/sui-core/src/consensus_handler.rs[0m[2m:[0m[2m232:[0m Received consensus output [3mconsensus_commit[0m[2m=[0mCommittedSubDag(leader=B291(B,6VeA), ref=C281(8EdS), blocks=[xDjL, uuVW, 6VeA]) [3mepoch[0m[2m=[0m1
[2m2025-03-25T07:56:14.675924Z[0m [32m INFO[0m [1mnode[0m[1m{[0m[3mname[0m[2m=[0mk#99f25ef6..[1m}[0m[2m:[0m [2msui_core::checkpoints[0m[2m:[0m [2mcrates/sui-core/src/checkpoints/mod.rs[0m[2m:[0m[2m1326:[0m Creating checkpoint(s) for 2 transactions [3mnext_checkpoint_seq[0m[2m=[0m494 [3mcheckpoint_timestamp[0m[2m=[0m1742889374122
[2m2025-03-25T07:56:14.675969Z[0m [32m INFO[0m [1mnode[0m[1m{[0m[3mname[0m[2m=[0mk#8dcff6d1..[1m}[0m[2m:[0m [2msui_core::checkpoints[0m[2m:[0m [2mcrates/sui-core/src/checkpoints/mod.rs[0m[2m:[0m[2m1326:[0m Creating checkpoint(s) for 2 transactions [3mnext_checkpoint_seq[0m[2m=[0m494 [3mcheckpoint_timestamp[0m[2m=[0m1742889374122
[2m2025-03-25T07:56:14.676249Z[0m [32m INFO[0m [1mnode[0m[1m{[0m[3mname[0m[2m=[0mk#8dcff6d1..[1m}[0m[2m:[0m [2msui_core::checkpoints::checkpoint_output[0m[2m:[0m [2mcrates/sui-core/src/checkpoints/checkpoint_output.rs[0m[2m:[0m[2m149:[0m Creating checkpoint CheckpointDigest(7H5yEZ8kxJJhdbhqDA8QqTtUpcQhSpiNii5Kw6CpinF8) at epoch 1, sequence 494, previous digest Some(CheckpointDigest(AFss3KNAq18B4YaEbzkReLz46njCrc6Edrut73uNtLDK)), transactions count 2, content digest CheckpointContentsDigest(EL5AwHSAbXCsLBz1DHenkcKhzZ4Ef7dnj1UtJYBtiND7), end_of_epoch_data None
[2m2025-03-25T07:56:14.676249Z[0m [32m INFO[0m [1mnode[0m[1m{[0m[3mname[0m[2m=[0mk#99f25ef6..[1m}[0m[2m:[0m [2msui_core::checkpoints::checkpoint_output[0m[2m:[0m [2mcrates/sui-core/src/checkpoints/checkpoint_output.rs[0m[2m:[0m[2m149:[0m Creating checkpoint CheckpointDigest(7H5yEZ8kxJJhdbhqDA8QqTtUpcQhSpiNii5Kw6CpinF8) at epoch 1, sequence 494, previous digest Some(CheckpointDigest(AFss3KNAq18B4YaEbzkReLz46njCrc6Edrut73uNtLDK)), transactions count 2, content digest CheckpointContentsDigest(EL5AwHSAbXCsLBz1DHenkcKhzZ4Ef7dnj1UtJYBtiND7), end_of_epoch_data None
[2m2025-03-25T07:56:14.679345Z[0m [32m INFO[0m [1mnode[0m[1m{[0m[3mname[0m[2m=[0mk#addeef94..[1m}[0m[2m:[0m [2msui_core::checkpoints[0m[2m:[0m [2mcrates/sui-core/src/checkpoints/mod.rs[0m[2m:[0m[2m1326:[0m Creating checkpoint(s) for 2 transactions [3mnext_checkpoint_seq[0m[2m=[0m494 [3mcheckpoint_timestamp[0m[2m=[0m1742889374122
[2m2025-03-25T07:56:14.679509Z[0m [32m INFO[0m [1mnode[0m[1m{[0m[3mname[0m[2m=[0mk#99f25ef6..[1m}[0m[2m:[0m [2msui_core::checkpoints::checkpoint_output[0m[2m:[0m [2mcrates/sui-core/src/checkpoints/checkpoint_output.rs[0m[2m:[0m[2m196:[0m Certified checkpoint with sequence 493 and digest AFss3KNAq18B4YaEbzkReLz46njCrc6Edrut73uNtLDK
[2m2025-03-25T07:56:14.679566Z[0m [32m INFO[0m [1mnode[0m[1m{[0m[3mname[0m[2m=[0mk#8dcff6d1..[1m}[0m[2m:[0m [2msui_core::checkpoints::checkpoint_output[0m[2m:[0m [2mcrates/sui-core/src/checkpoints/checkpoint_output.rs[0m[2m:[0m[2m196:[0m Certified checkpoint with sequence 493 and digest AFss3KNAq18B4YaEbzkReLz46njCrc6Edrut73uNtLDK
[2m2025-03-25T07:56:14.679610Z[0m [32m INFO[0m [1mnode[0m[1m{[0m[3mname[0m[2m=[0mk#addeef94..[1m}[0m[2m:[0m [2msui_core::checkpoints::checkpoint_output[0m[2m:[0m [2mcrates/sui-core/src/checkpoints/checkpoint_output.rs[0m[2m:[0m[2m149:[0m Creating checkpoint CheckpointDigest(7H5yEZ8kxJJhdbhqDA8QqTtUpcQhSpiNii5Kw6CpinF8) at epoch 1, sequence 494, previous digest Some(CheckpointDigest(AFss3KNAq18B4YaEbzkReLz46njCrc6Edrut73uNtLDK)), transactions count 2, content digest CheckpointContentsDigest(EL5AwHSAbXCsLBz1DHenkcKhzZ4Ef7dnj1UtJYBtiND7), end_of_epoch_data None
[2m2025-03-25T07:56:14.679963Z[0m [32m INFO[0m [1mnode[0m[1m{[0m[3mname[0m[2m=[0mk#8dcff6d1..[1m}[0m[2m:[0m [2msui_core::checkpoints::checkpoint_executor[0m[2m:[0m [2mcrates/sui-core/src/checkpoints/checkpoint_executor/mod.rs[0m[2m:[0m[2m332:[0m Received checkpoint summary from state sync [3msequence_number[0m[2m=[0m493
[2m2025-03-25T07:56:14.679963Z[0m [32m INFO[0m [1mnode[0m[1m{[0m[3mname[0m[2m=[0mk#99f25ef6..[1m}[0m[2m:[0m [2msui_core::checkpoints::checkpoint_executor[0m[2m:[0m [2mcrates/sui-core/src/checkpoints/checkpoint_executor/mod.rs[0m[2m:[0m[2m332:[0m Received checkpoint summary from state sync [3msequence_number[0m[2m=[0m493
[2m2025-03-25T07:56:14.681895Z[0m [32m INFO[0m [1mnode[0m[1m{[0m[3mname[0m[2m=[0mk#b3f3cbb4..[1m}[0m[2m:[0m [2msui_core::state_accumulator[0m[2m:[0m [2mcrates/sui-core/src/state_accumulator.rs[0m[2m:[0m[2m675:[0m accumulating running root for checkpoint 492
[2m2025-03-25T07:56:14.682222Z[0m [32m INFO[0m [1mnode[0m[1m{[0m[3mname[0m[2m=[0mk#99f25ef6..[1m}[0m[2m:[0m [2msui_core::state_accumulator[0m[2m:[0m [2mcrates/sui-core/src/state_accumulator.rs[0m[2m:[0m[2m675:[0m accumulating running root for checkpoint 493
[2m2025-03-25T07:56:14.682225Z[0m [32m INFO[0m [1mnode[0m[1m{[0m[3mname[0m[2m=[0mk#8dcff6d1..[1m}[0m[2m:[0m [2msui_core::state_accumulator[0m[2m:[0m [2mcrates/sui-core/src/state_accumulator.rs[0m[2m:[0m[2m675:[0m accumulating running root for checkpoint 493
[2m2025-03-25T07:56:14.684384Z[0m [32m INFO[0m [1mnode[0m[1m{[0m[3mname[0m[2m=[0mk#addeef94..[1m}[0m[2m:[0m [2msui_core::checkpoints::checkpoint_executor[0m[2m:[0m [2mcrates/sui-core/src/checkpoints/checkpoint_executor/mod.rs[0m[2m:[0m[2m332:[0m Received checkpoint summary from state sync [3msequence_number[0m[2m=[0m493
[2m2025-03-25T07:56:14.686255Z[0m [32m INFO[0m [1mnode[0m[1m{[0m[3mname[0m[2m=[0mk#addeef94..[1m}[0m[2m:[0m [2msui_core::state_accumulator[0m[2m:[0m [2mcrates/sui-core/src/state_accumulator.rs[0m[2m:[0m[2m675:[0m accumulating running root for checkpoint 493
[2m2025-03-25T07:56:14.686794Z[0m [32m INFO[0m [1mnode[0m[1m{[0m[3mname[0m[2m=[0mk#b3f3cbb4..[1m}[0m[2m:[0m [2msui_core::checkpoints::checkpoint_executor[0m[2m:[0m [2mcrates/sui-core/src/checkpoints/checkpoint_executor/mod.rs[0m[2m:[0m[2m332:[0m Received checkpoint summary from state sync [3msequence_number[0m[2m=[0m493
[2m2025-03-25T07:56:14.900874Z[0m [32m INFO[0m [1mnode[0m[1m{[0m[3mname[0m[2m=[0mk#8dcff6d1..[1m}[0m[2m:[0m [2mconsensus_core::core[0m[2m:[0m [2mconsensus/core/src/core.rs[0m[2m:[0m[2m945:[0m Included 3 ancestors & excluded 0 ancestors for proposal in round 294
[2m2025-03-25T07:56:14.901252Z[0m [32m INFO[0m [1mnode[0m[1m{[0m[3mname[0m[2m=[0mk#8dcff6d1..[1m}[0m[2m:[0m [2mconsensus_core::core[0m[2m:[0m [2mconsensus/core/src/core.rs[0m[2m:[0m[2m531:[0m Created block B294(A,Kmw9EGmnfodLZZnN3Se2lPVedmZ3msxT1vINrBpmLmc=)(1742889374901ms;[B293(A,Vuuwe+Cpxhim94eqDvEOeYyzRdK3ZshfOhYtfADU4q0=), B293(B,SNg+956d9AHlyCzrtkn67nCd+uyvnzW4dy1rsXhLLEo=), B293(C,ytN6kSj45ljL0Ib//fWwxweTOWT/4n50k5EoF/xr+CY=)];1t;1c) for round 294
[2m2025-03-25T07:56:14.902916Z[0m [32m INFO[0m [1mnode[0m[1m{[0m[3mname[0m[2m=[0mk#99f25ef6..[1m}[0m[2m:[0m [2mconsensus_core::core[0m[2m:[0m [2mconsensus/core/src/core.rs[0m[2m:[0m[2m945:[0m Included 3 ancestors & excluded 0 ancestors for proposal in round 294
[2m2025-03-25T07:56:14.903207Z[0m [32m INFO[0m [1mnode[0m[1m{[0m[3mname[0m[2m=[0mk#99f25ef6..[1m}[0m[2m:[0m [2mconsensus_core::core[0m[2m:[0m [2mconsensus/core/src/core.rs[0m[2m:[0m[2m531:[0m Created block B294(B,zGvQ6FaoEZw+sxXgAwao9wFgpNGaxKKduJi0IjNPQlw=)(1742889374903ms;[B293(B,SNg+956d9AHlyCzrtkn67nCd+uyvnzW4dy1rsXhLLEo=), B293(A,Vuuwe+Cpxhim94eqDvEOeYyzRdK3ZshfOhYtfADU4q0=), B293(C,ytN6kSj45ljL0Ib//fWwxweTOWT/4n50k5EoF/xr+CY=)];1t;1c) for round 294
[2m2025-03-25T07:56:14.904999Z[0m [32m INFO[0m [1mnode[0m[1m{[0m[3mname[0m[2m=[0mk#addeef94..[1m}[0m[2m:[0m [2mconsensus_core::core[0m[2m:[0m [2mconsensus/core/src/core.rs[0m[2m:[0m[2m945:[0m Included 3 ancestors & excluded 0 ancestors for proposal in round 294
[2m2025-03-25T07:56:14.905306Z[0m [32m INFO[0m [1mnode[0m[1m{[0m[3mname[0m[2m=[0mk#addeef94..[1m}[0m[2m:[0m [2mconsensus_core::core[0m[2m:[0m [2mconsensus/core/src/core.rs[0m[2m:[0m[2m531:[0m Created block B294(C,DA3ZTj8/g22BfGffOHw9VJvkSdcG9zSf5qOyaz9DeGg=)(1742889374905ms;[B293(C,ytN6kSj45ljL0Ib//fWwxweTOWT/4n50k5EoF/xr+CY=), B293(A,Vuuwe+Cpxhim94eqDvEOeYyzRdK3ZshfOhYtfADU4q0=), B293(B,SNg+956d9AHlyCzrtkn67nCd+uyvnzW4dy1rsXhLLEo=)];1t;1c) for round 294
[2m2025-03-25T07:56:14.905374Z[0m [32m INFO[0m [1mnode[0m[1m{[0m[3mname[0m[2m=[0mk#addeef94..[1m}[0m[2m:[0m [2mconsensus_core::core[0m[2m:[0m [2mconsensus/core/src/core.rs[0m[2m:[0m[2m630:[0m Committing 1 leaders: B292(B,zvWf)
[2m2025-03-25T07:56:14.905445Z[0m [32m INFO[0m [1mnode[0m[1m{[0m[3mname[0m[2m=[0mk#addeef94..[1m}[0m[2m:[0m [2mconsensus_core::commit_observer[0m[2m:[0m [2mconsensus/core/src/commit_observer.rs[0m[2m:[0m[2m173:[0m Consensus commit C282(XxuS) with leader B292(B,zvWf) has 3 blocks
[2m2025-03-25T07:56:14.905529Z[0m [32m INFO[0m [1mnode[0m[1m{[0m[3mname[0m[2m=[0mk#addeef94..[1m}[0m[2m:[0m [2msui_core::consensus_handler[0m[2m:[0m [2mcrates/sui-core/src/consensus_handler.rs[0m[2m:[0m[2m232:[0m Received consensus output [3mconsensus_commit[0m[2m=[0mCommittedSubDag(leader=B292(B,zvWf), ref=C282(XxuS), blocks=[+4ee, RjZy, zvWf]) [3mepoch[0m[2m=[0m1
[2m2025-03-25T07:56:14.908598Z[0m [32m INFO[0m [1mnode[0m[1m{[0m[3mname[0m[2m=[0mk#99f25ef6..[1m}[0m[2m:[0m [2msui_core::checkpoints::checkpoint_output[0m[2m:[0m [2mcrates/sui-core/src/checkpoints/checkpoint_output.rs[0m[2m:[0m[2m196:[0m Certified checkpoint with sequence 494 and digest 7H5yEZ8kxJJhdbhqDA8QqTtUpcQhSpiNii5Kw6CpinF8
[2m2025-03-25T07:56:14.908609Z[0m [32m INFO[0m [1mnode[0m[1m{[0m[3mname[0m[2m=[0mk#8dcff6d1..[1m}[0m[2m:[0m [2msui_core::checkpoints::checkpoint_output[0m[2m:[0m [2mcrates/sui-core/src/checkpoints/checkpoint_output.rs[0m[2m:[0m[2m196:[0m Certified checkpoint with sequence 494 and digest 7H5yEZ8kxJJhdbhqDA8QqTtUpcQhSpiNii5Kw6CpinF8
[2m2025-03-25T07:56:14.908715Z[0m [32m INFO[0m [1mnode[0m[1m{[0m[3mname[0m[2m=[0mk#99f25ef6..[1m}[0m[2m:[0m [2mconsensus_core::core[0m[2m:[0m [2mconsensus/core/src/core.rs[0m[2m:[0m[2m630:[0m Committing 1 leaders: B292(B,zvWf)
[2m2025-03-25T07:56:14.908720Z[0m [32m INFO[0m [1mnode[0m[1m{[0m[3mname[0m[2m=[0mk#8dcff6d1..[1m}[0m[2m:[0m [2mconsensus_core::core[0m[2m:[0m [2mconsensus/core/src/core.rs[0m[2m:[0m[2m630:[0m Committing 1 leaders: B292(B,zvWf)
[2m2025-03-25T07:56:14.908823Z[0m [32m INFO[0m [1mnode[0m[1m{[0m[3mname[0m[2m=[0mk#99f25ef6..[1m}[0m[2m:[0m [2mconsensus_core::commit_observer[0m[2m:[0m [2mconsensus/core/src/commit_observer.rs[0m[2m:[0m[2m173:[0m Consensus commit C282(XxuS) with leader B292(B,zvWf) has 3 blocks
[2m2025-03-25T07:56:14.908825Z[0m [32m INFO[0m [1mnode[0m[1m{[0m[3mname[0m[2m=[0mk#8dcff6d1..[1m}[0m[2m:[0m [2mconsensus_core::commit_observer[0m[2m:[0m [2mconsensus/core/src/commit_observer.rs[0m[2m:[0m[2m173:[0m Consensus commit C282(XxuS) with leader B292(B,zvWf) has 3 blocks
[2m2025-03-25T07:56:14.909270Z[0m [32m INFO[0m [1mnode[0m[1m{[0m[3mname[0m[2m=[0mk#99f25ef6..[1m}[0m[2m:[0m [2msui_core::consensus_handler[0m[2m:[0m [2mcrates/sui-core/src/consensus_handler.rs[0m[2m:[0m[2m232:[0m Received consensus output [3mconsensus_commit[0m[2m=[0mCommittedSubDag(leader=B292(B,zvWf), ref=C282(XxuS), blocks=[+4ee, RjZy, zvWf]) [3mepoch[0m[2m=[0m1
[2m2025-03-25T07:56:14.909271Z[0m [32m INFO[0m [1mnode[0m[1m{[0m[3mname[0m[2m=[0mk#8dcff6d1..[1m}[0m[2m:[0m [2msui_core::consensus_handler[0m[2m:[0m [2mcrates/sui-core/src/consensus_handler.rs[0m[2m:[0m[2m232:[0m Received consensus output [3mconsensus_commit[0m[2m=[0mCommittedSubDag(leader=B292(B,zvWf), ref=C282(XxuS), blocks=[+4ee, RjZy, zvWf]) [3mepoch[0m[2m=[0m1
[2m2025-03-25T07:56:14.909892Z[0m [32m INFO[0m [1mnode[0m[1m{[0m[3mname[0m[2m=[0mk#99f25ef6..[1m}[0m[2m:[0m [2msui_core::checkpoints::checkpoint_executor[0m[2m:[0m [2mcrates/sui-core/src/checkpoints/checkpoint_executor/mod.rs[0m[2m:[0m[2m332:[0m Received checkpoint summary from state sync [3msequence_number[0m[2m=[0m494
[2m2025-03-25T07:56:14.909892Z[0m [32m INFO[0m [1mnode[0m[1m{[0m[3mname[0m[2m=[0mk#8dcff6d1..[1m}[0m[2m:[0m [2msui_core::checkpoints::checkpoint_executor[0m[2m:[0m [2mcrates/sui-core/src/checkpoints/checkpoint_executor/mod.rs[0m[2m:[0m[2m332:[0m Received checkpoint summary from state sync [3msequence_number[0m[2m=[0m494
[2m2025-03-25T07:56:14.918042Z[0m [32m INFO[0m [1mnode[0m[1m{[0m[3mname[0m[2m=[0mk#b3f3cbb4..[1m}[0m[2m:[0m [2msui_core::state_accumulator[0m[2m:[0m [2mcrates/sui-core/src/state_accumulator.rs[0m[2m:[0m[2m675:[0m accumulating running root for checkpoint 493
[2m2025-03-25T07:56:14.920644Z[0m [32m INFO[0m [2msui_bridge::sui_bridge_watchdog[0m[2m:[0m [2mcrates/sui-bridge/src/sui_bridge_watchdog/mod.rs[0m[2m:[0m[2m47:[0m Running observable EthereumVaultBalance
[2m2025-03-25T07:56:14.920636Z[0m [32m INFO[0m [2msui_bridge::sui_bridge_watchdog[0m[2m:[0m [2mcrates/sui-bridge/src/sui_bridge_watchdog/mod.rs[0m[2m:[0m[2m47:[0m Running observable EthereumVaultBalance
[2m2025-03-25T07:56:14.920673Z[0m [32m INFO[0m [2msui_bridge::sui_bridge_watchdog[0m[2m:[0m [2mcrates/sui-bridge/src/sui_bridge_watchdog/mod.rs[0m[2m:[0m[2m47:[0m Running observable SuiBridgeStatus
[2m2025-03-25T07:56:14.920658Z[0m [32m INFO[0m [2msui_bridge::sui_bridge_watchdog[0m[2m:[0m [2mcrates/sui-bridge/src/sui_bridge_watchdog/mod.rs[0m[2m:[0m[2m47:[0m Running observable EthBridgeStatus
[2m2025-03-25T07:56:14.921795Z[0m [32m INFO[0m [1mobservable[0m[1m{[0m[3mname[0m[2m=[0m"EthBridgeStatus"[1m}[0m[2m:[0m [2msui_bridge::sui_bridge_watchdog::eth_bridge_status[0m[2m:[0m [2mcrates/sui-bridge/src/sui_bridge_watchdog/eth_bridge_status.rs[0m[2m:[0m[2m47:[0m Eth Bridge Status: false
[2m2025-03-25T07:56:14.921793Z[0m [32m INFO[0m [1mobservable[0m[1m{[0m[3mname[0m[2m=[0m"EthereumVaultBalance"[1m}[0m[2m:[0m [2msui_bridge::sui_bridge_watchdog::eth_vault_balance[0m[2m:[0m [2mcrates/sui-bridge/src/sui_bridge_watchdog/eth_vault_balance.rs[0m[2m:[0m[2m98:[0m WETH Vault Balance: 0
[2m2025-03-25T07:56:14.921793Z[0m [32m INFO[0m [1mobservable[0m[1m{[0m[3mname[0m[2m=[0m"EthereumVaultBalance"[1m}[0m[2m:[0m [2msui_bridge::sui_bridge_watchdog::eth_vault_balance[0m[2m:[0m [2mcrates/sui-bridge/src/sui_bridge_watchdog/eth_vault_balance.rs[0m[2m:[0m[2m98:[0m USDT Vault Balance: 10000000000
[2m2025-03-25T07:56:14.923403Z[0m [32m INFO[0m [1mnode[0m[1m{[0m[3mname[0m[2m=[0mk#99f25ef6..[1m}[0m[2m:[0m [2msui_core::state_accumulator[0m[2m:[0m [2mcrates/sui-core/src/state_accumulator.rs[0m[2m:[0m[2m675:[0m accumulating running root for checkpoint 494
[2m2025-03-25T07:56:14.923406Z[0m [32m INFO[0m [1mnode[0m[1m{[0m[3mname[0m[2m=[0mk#8dcff6d1..[1m}[0m[2m:[0m [2msui_core::state_accumulator[0m[2m:[0m [2mcrates/sui-core/src/state_accumulator.rs[0m[2m:[0m[2m675:[0m accumulating running root for checkpoint 494
[2m2025-03-25T07:56:14.942924Z[0m [32m INFO[0m [2msui_bridge::sui_bridge_watchdog[0m[2m:[0m [2mcrates/sui-bridge/src/sui_bridge_watchdog/mod.rs[0m[2m:[0m[2m47:[0m Running observable SuiBridgeStatus
[2m2025-03-25T07:56:14.942924Z[0m [32m INFO[0m [2msui_bridge::sui_bridge_watchdog[0m[2m:[0m [2mcrates/sui-bridge/src/sui_bridge_watchdog/mod.rs[0m[2m:[0m[2m47:[0m Running observable EthereumVaultBalance
[2m2025-03-25T07:56:14.942953Z[0m [32m INFO[0m [2msui_bridge::sui_bridge_watchdog[0m[2m:[0m [2mcrates/sui-bridge/src/sui_bridge_watchdog/mod.rs[0m[2m:[0m[2m47:[0m Running observable EthBridgeStatus
[2m2025-03-25T07:56:14.942941Z[0m [32m INFO[0m [2msui_bridge::sui_bridge_watchdog[0m[2m:[0m [2mcrates/sui-bridge/src/sui_bridge_watchdog/mod.rs[0m[2m:[0m[2m47:[0m Running observable EthereumVaultBalance
[2m2025-03-25T07:56:14.943991Z[0m [32m INFO[0m [1mobservable[0m[1m{[0m[3mname[0m[2m=[0m"EthereumVaultBalance"[1m}[0m[2m:[0m [2msui_bridge::sui_bridge_watchdog::eth_vault_balance[0m[2m:[0m [2mcrates/sui-bridge/src/sui_bridge_watchdog/eth_vault_balance.rs[0m[2m:[0m[2m98:[0m USDT Vault Balance: 10000000000
[2m2025-03-25T07:56:14.944245Z[0m [32m INFO[0m [1mobservable[0m[1m{[0m[3mname[0m[2m=[0m"EthereumVaultBalance"[1m}[0m[2m:[0m [2msui_bridge::sui_bridge_watchdog::eth_vault_balance[0m[2m:[0m [2mcrates/sui-bridge/src/sui_bridge_watchdog/eth_vault_balance.rs[0m[2m:[0m[2m98:[0m WETH Vault Balance: 0
[2m2025-03-25T07:56:14.944217Z[0m [32m INFO[0m [1mobservable[0m[1m{[0m[3mname[0m[2m=[0m"EthBridgeStatus"[1m}[0m[2m:[0m [2msui_bridge::sui_bridge_watchdog::eth_bridge_status[0m[2m:[0m [2mcrates/sui-bridge/src/sui_bridge_watchdog/eth_bridge_status.rs[0m[2m:[0m[2m47:[0m Eth Bridge Status: false
[2m2025-03-25T07:56:14.950170Z[0m [32m INFO[0m [1mnode[0m[1m{[0m[3mname[0m[2m=[0mk#addeef94..[1m}[0m[2m:[0m [2msui_core::checkpoints[0m[2m:[0m [2mcrates/sui-core/src/checkpoints/mod.rs[0m[2m:[0m[2m1326:[0m Creating checkpoint(s) for 1 transactions [3mnext_checkpoint_seq[0m[2m=[0m495 [3mcheckpoint_timestamp[0m[2m=[0m1742889374377
[2m2025-03-25T07:56:14.950405Z[0m [32m INFO[0m [1mnode[0m[1m{[0m[3mname[0m[2m=[0mk#addeef94..[1m}[0m[2m:[0m [2msui_core::checkpoints::checkpoint_output[0m[2m:[0m [2mcrates/sui-core/src/checkpoints/checkpoint_output.rs[0m[2m:[0m[2m149:[0m Creating checkpoint CheckpointDigest(BZttPpzgd3acpYXfujxar2E38DeQJDdL4y4QhP2VdPaw) at epoch 1, sequence 495, previous digest Some(CheckpointDigest(7H5yEZ8kxJJhdbhqDA8QqTtUpcQhSpiNii5Kw6CpinF8)), transactions count 1, content digest CheckpointContentsDigest(EeE8xa9mDaSSq7tve3GeuTTf2AD2JTEoUNrNnJBqt1rC), end_of_epoch_data None
[2m2025-03-25T07:56:14.954437Z[0m [32m INFO[0m [1mnode[0m[1m{[0m[3mname[0m[2m=[0mk#99f25ef6..[1m}[0m[2m:[0m [2msui_core::checkpoints[0m[2m:[0m [2mcrates/sui-core/src/checkpoints/mod.rs[0m[2m:[0m[2m1326:[0m Creating checkpoint(s) for 1 transactions [3mnext_checkpoint_seq[0m[2m=[0m495 [3mcheckpoint_timestamp[0m[2m=[0m1742889374377
[2m2025-03-25T07:56:14.954618Z[0m [32m INFO[0m [1mnode[0m[1m{[0m[3mname[0m[2m=[0mk#99f25ef6..[1m}[0m[2m:[0m [2msui_core::checkpoints::checkpoint_output[0m[2m:[0m [2mcrates/sui-core/src/checkpoints/checkpoint_output.rs[0m[2m:[0m[2m149:[0m Creating checkpoint CheckpointDigest(BZttPpzgd3acpYXfujxar2E38DeQJDdL4y4QhP2VdPaw) at epoch 1, sequence 495, previous digest Some(CheckpointDigest(7H5yEZ8kxJJhdbhqDA8QqTtUpcQhSpiNii5Kw6CpinF8)), transactions count 1, content digest CheckpointContentsDigest(EeE8xa9mDaSSq7tve3GeuTTf2AD2JTEoUNrNnJBqt1rC), end_of_epoch_data None
[2m2025-03-25T07:56:14.954729Z[0m [32m INFO[0m [1mnode[0m[1m{[0m[3mname[0m[2m=[0mk#8dcff6d1..[1m}[0m[2m:[0m [2msui_core::checkpoints[0m[2m:[0m [2mcrates/sui-core/src/checkpoints/mod.rs[0m[2m:[0m[2m1326:[0m Creating checkpoint(s) for 1 transactions [3mnext_checkpoint_seq[0m[2m=[0m495 [3mcheckpoint_timestamp[0m[2m=[0m1742889374377
[2m2025-03-25T07:56:14.954902Z[0m [32m INFO[0m [1mnode[0m[1m{[0m[3mname[0m[2m=[0mk#8dcff6d1..[1m}[0m[2m:[0m [2msui_core::checkpoints::checkpoint_output[0m[2m:[0m [2mcrates/sui-core/src/checkpoints/checkpoint_output.rs[0m[2m:[0m[2m149:[0m Creating checkpoint CheckpointDigest(BZttPpzgd3acpYXfujxar2E38DeQJDdL4y4QhP2VdPaw) at epoch 1, sequence 495, previous digest Some(CheckpointDigest(7H5yEZ8kxJJhdbhqDA8QqTtUpcQhSpiNii5Kw6CpinF8)), transactions count 1, content digest CheckpointContentsDigest(EeE8xa9mDaSSq7tve3GeuTTf2AD2JTEoUNrNnJBqt1rC), end_of_epoch_data None
[2m2025-03-25T07:56:14.972440Z[0m [32m INFO[0m [1mnode[0m[1m{[0m[3mname[0m[2m=[0mk#addeef94..[1m}[0m[2m:[0m [2msui_core::checkpoints::checkpoint_executor[0m[2m:[0m [2mcrates/sui-core/src/checkpoints/checkpoint_executor/mod.rs[0m[2m:[0m[2m332:[0m Received checkpoint summary from state sync [3msequence_number[0m[2m=[0m494
[2m2025-03-25T07:56:15.019179Z[0m [32m INFO[0m [1mnode[0m[1m{[0m[3mname[0m[2m=[0mk#addeef94..[1m}[0m[2m:[0m [2msui_core::state_accumulator[0m[2m:[0m [2mcrates/sui-core/src/state_accumulator.rs[0m[2m:[0m[2m675:[0m accumulating running root for checkpoint 494
[2m2025-03-25T07:56:15.035787Z[0m [32m INFO[0m [1mobservable[0m[1m{[0m[3mname[0m[2m=[0m"SuiBridgeStatus"[1m}[0m[2m:[0m [2msui_bridge::sui_bridge_watchdog::sui_bridge_status[0m[2m:[0m [2mcrates/sui-bridge/src/sui_bridge_watchdog/sui_bridge_status.rs[0m[2m:[0m[2m37:[0m Sui Bridge Status: false
[2m2025-03-25T07:56:15.036209Z[0m [32m INFO[0m [1mobservable[0m[1m{[0m[3mname[0m[2m=[0m"SuiBridgeStatus"[1m}[0m[2m:[0m [2msui_bridge::sui_bridge_watchdog::sui_bridge_status[0m[2m:[0m [2mcrates/sui-bridge/src/sui_bridge_watchdog/sui_bridge_status.rs[0m[2m:[0m[2m37:[0m Sui Bridge Status: false
[2m2025-03-25T07:56:15.036241Z[0m [32m INFO[0m [2msui_bridge::e2e_tests::test_utils[0m[2m:[0m [2mcrates/sui-bridge/src/e2e_tests/test_utils.rs[0m[2m:[0m[2m1368:[0m Sui resp: SuiTransactionBlockResponse { digest: TransactionDigest(JDYZWo7pouDfQMZQ1svXm7rFiHM4Wx8n49TtVZxwEGXL), transaction: Some(SuiTransactionBlock { data: V1(SuiTransactionBlockDataV1 { transaction: ProgrammableTransaction(SuiProgrammableTransactionBlock { inputs: [Pure(SuiPureValue { value_type: Some(U8), value: 12 }), Pure(SuiPureValue { value_type: Some(Vector(U8)), value: [249,81,14,181,207,148,205,250,64,123,165,252,91,242,249,208,225,136,122,176] }), Object(ImmOrOwnedObject { object_id: 0x4e4b068fba4632b10809ef30fb40a3d55ca61e80043b4720f4459c5d8ae9abd1, version: SequenceNumber(341), digest: o#CPHiqLGdBps6eebFXkN819xoMswTYETksNi53wPqDJ9o }), Object(SharedObject { object_id: 0x0000000000000000000000000000000000000000000000000000000000000009, initial_shared_version: SequenceNumber(1), mutable: true }), Pure(SuiPureValue { value_type: Some(U64), value: "4" })], commands: [MoveCall(SuiProgrammableMoveCall { package: 0x000000000000000000000000000000000000000000000000000000000000000b, module: "bridge", function: "send_token", type_arguments: ["0x2e9a316b330144172afa74732fc9f7586de83d73090b27c7556584fb5f348c90::busd::BUSD"], arguments: [Input(3), Input(0), Input(1), Input(2), Input(4)] })] }), sender: 0x04a92ab35c30447220964695cc04dfdb26d007c17bf50c178f19eacb981afca1, gas_data: SuiGasData { payment: [SuiObjectRef { object_id: 0x2aa1eedea80147d4d3c8aa85f153a91e7cf196a083d643f2448894fec8b4b72b, version: SequenceNumber(113), digest: o#r6Dbn3XrK2dUnbKsYLVdJcoFBbFT56nR2GbYUkEYNGA }], owner: 0x04a92ab35c30447220964695cc04dfdb26d007c17bf50c178f19eacb981afca1, price: 100, budget: 500000000 } }), tx_signatures: [Signature(Ed25519SuiSignature(Ed25519SuiSignature([0, 247, 106, 15, 183, 53, 158, 124, 244, 255, 7, 94, 229, 19, 39, 35, 16, 14, 152, 8, 124, 252, 3, 201, 173, 243, 126, 21, 57, 58, 113, 156, 209, 139, 34, 30, 148, 101, 102, 168, 190, 245, 238, 144, 165, 14, 63, 144, 203, 65, 209, 177, 220, 163, 71, 160, 97, 116, 208, 48, 24, 153, 20, 162, 1, 201, 180, 92, 16, 128, 193, 89, 98, 210, 178, 217, 178, 26, 213, 87, 142, 56, 123, 118, 178, 105, 250, 102, 132, 63, 124, 197, 157, 221, 195, 134, 65])))] }), raw_transaction: [], effects: Some(V1(SuiTransactionBlockEffectsV1 { status: Success, executed_epoch: 1, gas_used: SuiGasCostSummary { computation_cost: 100000, storage_cost: 29868000, storage_rebate: 26913348, non_refundable_storage_fee: 271852 }, modified_at_versions: [SuiTransactionBlockEffectsModifiedAtVersions { object_id: 0x0000000000000000000000000000000000000000000000000000000000000009, sequence_number: SequenceNumber(341) }, SuiTransactionBlockEffectsModifiedAtVersions { object_id: 0x2aa1eedea80147d4d3c8aa85f153a91e7cf196a083d643f2448894fec8b4b72b, sequence_number: SequenceNumber(113) }, SuiTransactionBlockEffectsModifiedAtVersions { object_id: 0x3bfd25c101db9e0f8b629f4811f820aa49e3cd6a38470db87467efb9650ba278, sequence_number: SequenceNumber(341) }, SuiTransactionBlockEffectsModifiedAtVersions { object_id: 0x3ea5bba6a117c1f542b39acc9caf9d39e3416873071cccacd0c804cd0b0cc0d6, sequence_number: SequenceNumber(341) }, SuiTransactionBlockEffectsModifiedAtVersions { object_id: 0x4e4b068fba4632b10809ef30fb40a3d55ca61e80043b4720f4459c5d8ae9abd1, sequence_number: SequenceNumber(341) }, SuiTransactionBlockEffectsModifiedAtVersions { object_id: 0x897803f02d17ae9edf7e8b68f14c6e379fd92f4e2995150363d17285bec9abf2, sequence_number: SequenceNumber(341) }], shared_objects: [SuiObjectRef { object_id: 0x0000000000000000000000000000000000000000000000000000000000000009, version: SequenceNumber(341), digest: o#79k6PZLqUL9vdwxAeJHJyWasVsFTKiJ4rHhbmaXULjSc }], transaction_digest: TransactionDigest(JDYZWo7pouDfQMZQ1svXm7rFiHM4Wx8n49TtVZxwEGXL), created: [OwnedObjectRef { owner: ObjectOwner(0xba44e5431f53ecac0e50f412f64c7ed9dcd3e20323dc3a79bf32b9a89b4060c3), reference: SuiObjectRef { object_id: 0x825713304821b2b8fd5541550c859a825a810c68ce128d279d394d6a41dfea34, version: SequenceNumber(342), digest: o#ENcduJU1iuxbxLrFukktMPsFdnDCBpKTz543JchSyHKL } }], mutated: [OwnedObjectRef { owner: Shared { initial_shared_version: SequenceNumber(1) }, reference: SuiObjectRef { object_id: 0x0000000000000000000000000000000000000000000000000000000000000009, version: SequenceNumber(342), digest: o#96VqYT2Bp26YSk5N3EYLDqou1WdySdB8fhG8nuKYD32A } }, OwnedObjectRef { owner: AddressOwner(0x04a92ab35c30447220964695cc04dfdb26d007c17bf50c178f19eacb981afca1), reference: SuiObjectRef { object_id: 0x2aa1eedea80147d4d3c8aa85f153a91e7cf196a083d643f2448894fec8b4b72b, version: SequenceNumber(342), digest: o#AaVMk1PLbg7vLEwsY4vfBBUkvduNCAtGuiuDp8AHTj7i } }, OwnedObjectRef { owner: ObjectOwner(0x7f0f9f5930292d9470cb8bf61e8f3afd3f27d30a920dfa8d5a081927870f80a5), reference: SuiObjectRef { object_id: 0x3bfd25c101db9e0f8b629f4811f820aa49e3cd6a38470db87467efb9650ba278, version: SequenceNumber(342), digest: o#GbbBSEs54o79Mu6bYwSUVgQ8hH6a8A2Z2r3vTu17SnzM } }, OwnedObjectRef { owner: ObjectOwner(0xba44e5431f53ecac0e50f412f64c7ed9dcd3e20323dc3a79bf32b9a89b4060c3), reference: SuiObjectRef { object_id: 0x3ea5bba6a117c1f542b39acc9caf9d39e3416873071cccacd0c804cd0b0cc0d6, version: SequenceNumber(342), digest: o#DDYiaQLQFpfnsus7UipHsFTXw5p11tGargxP88rAkWHi } }, OwnedObjectRef { owner: ObjectOwner(0x57b7cc4faa994e165a1dd21eb223921cb353eab248e20173079e0f9981d69e46), reference: SuiObjectRef { object_id: 0x897803f02d17ae9edf7e8b68f14c6e379fd92f4e2995150363d17285bec9abf2, version: SequenceNumber(342), digest: o#6xWBCiYcE21KZUSzY1cbhwbpo848zuKFPnW14PKRehRj } }], unwrapped: [], deleted: [SuiObjectRef { object_id: 0x4e4b068fba4632b10809ef30fb40a3d55ca61e80043b4720f4459c5d8ae9abd1, version: SequenceNumber(342), digest: o#7gyGAp71YXQRoxmFBaHxofQXAipvgHyBKPyxmdSJxyvz }], unwrapped_then_deleted: [], wrapped: [], gas_object: OwnedObjectRef { owner: AddressOwner(0x04a92ab35c30447220964695cc04dfdb26d007c17bf50c178f19eacb981afca1), reference: SuiObjectRef { object_id: 0x2aa1eedea80147d4d3c8aa85f153a91e7cf196a083d643f2448894fec8b4b72b, version: SequenceNumber(342), digest: o#AaVMk1PLbg7vLEwsY4vfBBUkvduNCAtGuiuDp8AHTj7i } }, events_digest: Some(TransactionEventsDigest(2UnepHjtHe6kMLqEy4r1Er62wfaAcyRycBVj1wFufJQT)), dependencies: [TransactionDigest(7syEwMa8T1B6Eo2s1uVukZmTo2crkkhEyGFrNVd7KX3S), TransactionDigest(CDoJKHHERVvLVrgPXcyGGMTxwnSiMsL9mT35ueFcqzVX), TransactionDigest(CZjVMajkjNeXkGbaU9Qh53fY16SGcTTLrfPAMkNjAa2G), TransactionDigest(EBG9YJbXHxx435mnJkskPLwCybauGBwVK5cX2y9kCo5z)] })), events: Some(SuiTransactionBlockEvents { data: [SuiEvent { id: EventID { tx_digest: TransactionDigest(JDYZWo7pouDfQMZQ1svXm7rFiHM4Wx8n49TtVZxwEGXL), event_seq: 0 }, package_id: 0x000000000000000000000000000000000000000000000000000000000000000b, transaction_module: Identifier("bridge"), sender: 0x04a92ab35c30447220964695cc04dfdb26d007c17bf50c178f19eacb981afca1, type_: StructTag { address: 000000000000000000000000000000000000000000000000000000000000000b, module: Identifier("bridge"), name: Identifier("TokenDepositedEvent"), type_params: [] }, parsed_json: Object {"amount": String("100000000000000"), "sender_address": Array [Number(4), Number(169), Number(42), Number(179), Number(92), Number(48), Number(68), Number(114), Number(32), Number(150), Number(70), Number(149), Number(204), Number(4), Number(223), Number(219), Number(38), Number(208), Number(7), Number(193), Number(123), Number(245), Number(12), Number(23), Number(143), Number(25), Number(234), Number(203), Number(152), Number(26), Number(252), Number(161)], "seq_num": String("0"), "source_chain": Number(2), "target_address": Array [Number(249), Number(81), Number(14), Number(181), Number(207), Number(148), Number(205), Number(250), Number(64), Number(123), Number(165), Number(252), Number(91), Number(242), Number(249), Number(208), Number(225), Number(136), Number(122), Number(176)], "target_chain": Number(12), "token_type": String("4")}, bcs: Base64 { bcs: [0, 0, 0, 0, 0, 0, 0, 0, 2, 32, 4, 169, 42, 179, 92, 48, 68, 114, 32, 150, 70, 149, 204, 4, 223, 219, 38, 208, 7, 193, 123, 245, 12, 23, 143, 25, 234, 203, 152, 26, 252, 161, 12, 20, 249, 81, 14, 181, 207, 148, 205, 250, 64, 123, 165, 252, 91, 242, 249, 208, 225, 136, 122, 176, 4, 0, 0, 0, 0, 0, 0, 0, 0, 64, 122, 16, 243, 90, 0, 0] }, timestamp_ms: None }] }), object_changes: Some([Mutated { sender: 0x04a92ab35c30447220964695cc04dfdb26d007c17bf50c178f19eacb981afca1, owner: Shared { initial_shared_version: SequenceNumber(1) }, object_type: StructTag { address: 000000000000000000000000000000000000000000000000000000000000000b, module: Identifier("bridge"), name: Identifier("Bridge"), type_params: [] }, object_id: 0x0000000000000000000000000000000000000000000000000000000000000009, version: SequenceNumber(342), previous_version: SequenceNumber(341), digest: o#96VqYT2Bp26YSk5N3EYLDqou1WdySdB8fhG8nuKYD32A }, Mutated { sender: 0x04a92ab35c30447220964695cc04dfdb26d007c17bf50c178f19eacb981afca1, owner: AddressOwner(0x04a92ab35c30447220964695cc04dfdb26d007c17bf50c178f19eacb981afca1), object_type: StructTag { address: 0000000000000000000000000000000000000000000000000000000000000002, module: Identifier("coin"), name: Identifier("Coin"), type_params: [Struct(StructTag { address: 0000000000000000000000000000000000000000000000000000000000000002, module: Identifier("bfc"), name: Identifier("BFC"), type_params: [] })] }, object_id: 0x2aa1eedea80147d4d3c8aa85f153a91e7cf196a083d643f2448894fec8b4b72b, version: SequenceNumber(342), previous_version: SequenceNumber(113), digest: o#AaVMk1PLbg7vLEwsY4vfBBUkvduNCAtGuiuDp8AHTj7i }, Mutated { sender: 0x04a92ab35c30447220964695cc04dfdb26d007c17bf50c178f19eacb981afca1, owner: ObjectOwner(0x7f0f9f5930292d9470cb8bf61e8f3afd3f27d30a920dfa8d5a081927870f80a5), object_type: StructTag { address: 0000000000000000000000000000000000000000000000000000000000000002, module: Identifier("coin"), name: Identifier("TreasuryCap"), type_params: [Struct(StructTag { address: 2e9a316b330144172afa74732fc9f7586de83d73090b27c7556584fb5f348c90, module: Identifier("busd"), name: Identifier("BUSD"), type_params: [] })] }, object_id: 0x3bfd25c101db9e0f8b629f4811f820aa49e3cd6a38470db87467efb9650ba278, version: SequenceNumber(342), previous_version: SequenceNumber(341), digest: o#GbbBSEs54o79Mu6bYwSUVgQ8hH6a8A2Z2r3vTu17SnzM }, Mutated { sender: 0x04a92ab35c30447220964695cc04dfdb26d007c17bf50c178f19eacb981afca1, owner: ObjectOwner(0xba44e5431f53ecac0e50f412f64c7ed9dcd3e20323dc3a79bf32b9a89b4060c3), object_type: StructTag { address: 0000000000000000000000000000000000000000000000000000000000000002, module: Identifier("dynamic_field"), name: Identifier("Field"), type_params: [Struct(StructTag { address: 000000000000000000000000000000000000000000000000000000000000000b, module: Identifier("message"), name: Identifier("BridgeMessageKey"), type_params: [] }), Struct(StructTag { address: 0000000000000000000000000000000000000000000000000000000000000002, module: Identifier("linked_table"), name: Identifier("Node"), type_params: [Struct(StructTag { address: 000000000000000000000000000000000000000000000000000000000000000b, module: Identifier("message"), name: Identifier("BridgeMessageKey"), type_params: [] }), Struct(StructTag { address: 000000000000000000000000000000000000000000000000000000000000000b, module: Identifier("bridge"), name: Identifier("BridgeRecord"), type_params: [] })] })] }, object_id: 0x3ea5bba6a117c1f542b39acc9caf9d39e3416873071cccacd0c804cd0b0cc0d6, version: SequenceNumber(342), previous_version: SequenceNumber(341), digest: o#DDYiaQLQFpfnsus7UipHsFTXw5p11tGargxP88rAkWHi }, Mutated { sender: 0x04a92ab35c30447220964695cc04dfdb26d007c17bf50c178f19eacb981afca1, owner: ObjectOwner(0x57b7cc4faa994e165a1dd21eb223921cb353eab248e20173079e0f9981d69e46), object_type: StructTag { address: 0000000000000000000000000000000000000000000000000000000000000002, module: Identifier("dynamic_field"), name: Identifier("Field"), type_params: [U64, Struct(StructTag { address: 000000000000000000000000000000000000000000000000000000000000000b, module: Identifier("bridge"), name: Identifier("BridgeInner"), type_params: [] })] }, object_id: 0x897803f02d17ae9edf7e8b68f14c6e379fd92f4e2995150363d17285bec9abf2, version: SequenceNumber(342), previous_version: SequenceNumber(341), digest: o#6xWBCiYcE21KZUSzY1cbhwbpo848zuKFPnW14PKRehRj }, Created { sender: 0x04a92ab35c30447220964695cc04dfdb26d007c17bf50c178f19eacb981afca1, owner: ObjectOwner(0xba44e5431f53ecac0e50f412f64c7ed9dcd3e20323dc3a79bf32b9a89b4060c3), object_type: StructTag { address: 0000000000000000000000000000000000000000000000000000000000000002, module: Identifier("dynamic_field"), name: Identifier("Field"), type_params: [Struct(StructTag { address: 000000000000000000000000000000000000000000000000000000000000000b, module: Identifier("message"), name: Identifier("BridgeMessageKey"), type_params: [] }), Struct(StructTag { address: 0000000000000000000000000000000000000000000000000000000000000002, module: Identifier("linked_table"), name: Identifier("Node"), type_params: [Struct(StructTag { address: 000000000000000000000000000000000000000000000000000000000000000b, module: Identifier("message"), name: Identifier("BridgeMessageKey"), type_params: [] }), Struct(StructTag { address: 000000000000000000000000000000000000000000000000000000000000000b, module: Identifier("bridge"), name: Identifier("BridgeRecord"), type_params: [] })] })] }, object_id: 0x825713304821b2b8fd5541550c859a825a810c68ce128d279d394d6a41dfea34, version: SequenceNumber(342), digest: o#ENcduJU1iuxbxLrFukktMPsFdnDCBpKTz543JchSyHKL }]), balance_changes: Some([BalanceChange { owner: AddressOwner(0x04a92ab35c30447220964695cc04dfdb26d007c17bf50c178f19eacb981afca1), coin_type: Struct(StructTag { address: 0000000000000000000000000000000000000000000000000000000000000002, module: Identifier("bfc"), name: Identifier("BFC"), type_params: [] }), amount: -3054652 }, BalanceChange { owner: AddressOwner(0x04a92ab35c30447220964695cc04dfdb26d007c17bf50c178f19eacb981afca1), coin_type: Struct(StructTag { address: 2e9a316b330144172afa74732fc9f7586de83d73090b27c7556584fb5f348c90, module: Identifier("busd"), name: Identifier("BUSD"), type_params: [] }), amount: -100000000000 }]), timestamp_ms: Some(1742889373862), confirmed_local_execution: Some(true), checkpoint: Some(493), errors: [], raw_effects: [] }
[2m2025-03-25T07:56:15.036600Z[0m [32m INFO[0m [2msui_bridge::e2e_tests::test_utils[0m[2m:[0m [2mcrates/sui-bridge/src/e2e_tests/test_utils.rs[0m[2m:[0m[2m1394:[0m Deposited Eth to move package
[2m2025-03-25T07:56:15.036606Z[0m [32m INFO[0m [2msui_bridge::e2e_tests::test_utils[0m[2m:[0m [2mcrates/sui-bridge/src/e2e_tests/test_utils.rs[0m[2m:[0m[2m1443:[0m Waiting for onchain status Approved. chain: 2, nonce: 0
[2m2025-03-25T07:56:15.158656Z[0m [32m INFO[0m [1mnode[0m[1m{[0m[3mname[0m[2m=[0mk#addeef94..[1m}[0m[2m:[0m [2mconsensus_core::core[0m[2m:[0m [2mconsensus/core/src/core.rs[0m[2m:[0m[2m945:[0m Included 3 ancestors & excluded 0 ancestors for proposal in round 295
[2m2025-03-25T07:56:15.159036Z[0m [32m INFO[0m [1mnode[0m[1m{[0m[3mname[0m[2m=[0mk#addeef94..[1m}[0m[2m:[0m [2mconsensus_core::core[0m[2m:[0m [2mconsensus/core/src/core.rs[0m[2m:[0m[2m531:[0m Created block B295(C,GytVBY2Kh3HkFtBm+oqAU01mA2JnuMF6cof6RAS3hlI=)(1742889375158ms;[B294(C,DA3ZTj8/g22BfGffOHw9VJvkSdcG9zSf5qOyaz9DeGg=), B294(A,Kmw9EGmnfodLZZnN3Se2lPVedmZ3msxT1vINrBpmLmc=), B294(B,zGvQ6FaoEZw+sxXgAwao9wFgpNGaxKKduJi0IjNPQlw=)];1t;1c) for round 295
[2m2025-03-25T07:56:15.160708Z[0m [32m INFO[0m [1mnode[0m[1m{[0m[3mname[0m[2m=[0mk#8dcff6d1..[1m}[0m[2m:[0m [2mconsensus_core::core[0m[2m:[0m [2mconsensus/core/src/core.rs[0m[2m:[0m[2m945:[0m Included 3 ancestors & excluded 0 ancestors for proposal in round 295
[2m2025-03-25T07:56:15.160973Z[0m [32m INFO[0m [1mnode[0m[1m{[0m[3mname[0m[2m=[0mk#99f25ef6..[1m}[0m[2m:[0m [2mconsensus_core::core[0m[2m:[0m [2mconsensus/core/src/core.rs[0m[2m:[0m[2m945:[0m Included 3 ancestors & excluded 0 ancestors for proposal in round 295
[2m2025-03-25T07:56:15.160988Z[0m [32m INFO[0m [1mnode[0m[1m{[0m[3mname[0m[2m=[0mk#8dcff6d1..[1m}[0m[2m:[0m [2mconsensus_core::core[0m[2m:[0m [2mconsensus/core/src/core.rs[0m[2m:[0m[2m531:[0m Created block B295(A,idGcSvrLeuG0lnWYrqS85SWUhcIdGopYA+J+MhW1Chk=)(1742889375160ms;[B294(A,Kmw9EGmnfodLZZnN3Se2lPVedmZ3msxT1vINrBpmLmc=), B294(B,zGvQ6FaoEZw+sxXgAwao9wFgpNGaxKKduJi0IjNPQlw=), B294(C,DA3ZTj8/g22BfGffOHw9VJvkSdcG9zSf5qOyaz9DeGg=)];1t;1c) for round 295
[2m2025-03-25T07:56:15.161135Z[0m [32m INFO[0m [1mnode[0m[1m{[0m[3mname[0m[2m=[0mk#8dcff6d1..[1m}[0m[2m:[0m [2mconsensus_core::core[0m[2m:[0m [2mconsensus/core/src/core.rs[0m[2m:[0m[2m630:[0m Committing 1 leaders: B293(C,ytN6)
[2m2025-03-25T07:56:15.161227Z[0m [32m INFO[0m [1mnode[0m[1m{[0m[3mname[0m[2m=[0mk#8dcff6d1..[1m}[0m[2m:[0m [2mconsensus_core::commit_observer[0m[2m:[0m [2mconsensus/core/src/commit_observer.rs[0m[2m:[0m[2m173:[0m Consensus commit C283(xCov) with leader B293(C,ytN6) has 3 blocks
[2m2025-03-25T07:56:15.161254Z[0m [32m INFO[0m [1mnode[0m[1m{[0m[3mname[0m[2m=[0mk#99f25ef6..[1m}[0m[2m:[0m [2mconsensus_core::core[0m[2m:[0m [2mconsensus/core/src/core.rs[0m[2m:[0m[2m531:[0m Created block B295(B,wIcbJupET8o/vFko0LTZy/0akF/xNy9TtA6Ip5eQ7GM=)(1742889375161ms;[B294(B,zGvQ6FaoEZw+sxXgAwao9wFgpNGaxKKduJi0IjNPQlw=), B294(A,Kmw9EGmnfodLZZnN3Se2lPVedmZ3msxT1vINrBpmLmc=), B294(C,DA3ZTj8/g22BfGffOHw9VJvkSdcG9zSf5qOyaz9DeGg=)];1t;1c) for round 295
[2m2025-03-25T07:56:15.161324Z[0m [32m INFO[0m [1mnode[0m[1m{[0m[3mname[0m[2m=[0mk#99f25ef6..[1m}[0m[2m:[0m [2mconsensus_core::core[0m[2m:[0m [2mconsensus/core/src/core.rs[0m[2m:[0m[2m630:[0m Committing 1 leaders: B293(C,ytN6)
[2m2025-03-25T07:56:15.161388Z[0m [32m INFO[0m [1mnode[0m[1m{[0m[3mname[0m[2m=[0mk#99f25ef6..[1m}[0m[2m:[0m [2mconsensus_core::commit_observer[0m[2m:[0m [2mconsensus/core/src/commit_observer.rs[0m[2m:[0m[2m173:[0m Consensus commit C283(xCov) with leader B293(C,ytN6) has 3 blocks
[2m2025-03-25T07:56:15.161465Z[0m [32m INFO[0m [1mnode[0m[1m{[0m[3mname[0m[2m=[0mk#99f25ef6..[1m}[0m[2m:[0m [2msui_core::consensus_handler[0m[2m:[0m [2mcrates/sui-core/src/consensus_handler.rs[0m[2m:[0m[2m232:[0m Received consensus output [3mconsensus_commit[0m[2m=[0mCommittedSubDag(leader=B293(C,ytN6), ref=C283(xCov), blocks=[PBlj, mr9c, ytN6]) [3mepoch[0m[2m=[0m1
[2m2025-03-25T07:56:15.161465Z[0m [32m INFO[0m [1mnode[0m[1m{[0m[3mname[0m[2m=[0mk#8dcff6d1..[1m}[0m[2m:[0m [2msui_core::consensus_handler[0m[2m:[0m [2mcrates/sui-core/src/consensus_handler.rs[0m[2m:[0m[2m232:[0m Received consensus output [3mconsensus_commit[0m[2m=[0mCommittedSubDag(leader=B293(C,ytN6), ref=C283(xCov), blocks=[PBlj, mr9c, ytN6]) [3mepoch[0m[2m=[0m1
[2m2025-03-25T07:56:15.165160Z[0m [32m INFO[0m [1mnode[0m[1m{[0m[3mname[0m[2m=[0mk#addeef94..[1m}[0m[2m:[0m [2mconsensus_core::core[0m[2m:[0m [2mconsensus/core/src/core.rs[0m[2m:[0m[2m630:[0m Committing 1 leaders: B293(C,ytN6)
[2m2025-03-25T07:56:15.165263Z[0m [32m INFO[0m [1mnode[0m[1m{[0m[3mname[0m[2m=[0mk#addeef94..[1m}[0m[2m:[0m [2mconsensus_core::commit_observer[0m[2m:[0m [2mconsensus/core/src/commit_observer.rs[0m[2m:[0m[2m173:[0m Consensus commit C283(xCov) with leader B293(C,ytN6) has 3 blocks
[2m2025-03-25T07:56:15.165394Z[0m [32m INFO[0m [1mnode[0m[1m{[0m[3mname[0m[2m=[0mk#addeef94..[1m}[0m[2m:[0m [2msui_core::consensus_handler[0m[2m:[0m [2mcrates/sui-core/src/consensus_handler.rs[0m[2m:[0m[2m232:[0m Received consensus output [3mconsensus_commit[0m[2m=[0mCommittedSubDag(leader=B293(C,ytN6), ref=C283(xCov), blocks=[PBlj, mr9c, ytN6]) [3mepoch[0m[2m=[0m1
[2m2025-03-25T07:56:15.188558Z[0m [32m INFO[0m [1mnode[0m[1m{[0m[3mname[0m[2m=[0mk#8dcff6d1..[1m}[0m[2m:[0m [2msui_core::checkpoints[0m[2m:[0m [2mcrates/sui-core/src/checkpoints/mod.rs[0m[2m:[0m[2m1326:[0m Creating checkpoint(s) for 2 transactions [3mnext_checkpoint_seq[0m[2m=[0m496 [3mcheckpoint_timestamp[0m[2m=[0m1742889374644
[2m2025-03-25T07:56:15.188558Z[0m [32m INFO[0m [1mnode[0m[1m{[0m[3mname[0m[2m=[0mk#99f25ef6..[1m}[0m[2m:[0m [2msui_core::checkpoints[0m[2m:[0m [2mcrates/sui-core/src/checkpoints/mod.rs[0m[2m:[0m[2m1326:[0m Creating checkpoint(s) for 2 transactions [3mnext_checkpoint_seq[0m[2m=[0m496 [3mcheckpoint_timestamp[0m[2m=[0m1742889374644
[2m2025-03-25T07:56:15.188888Z[0m [32m INFO[0m [1mnode[0m[1m{[0m[3mname[0m[2m=[0mk#8dcff6d1..[1m}[0m[2m:[0m [2msui_core::checkpoints::checkpoint_output[0m[2m:[0m [2mcrates/sui-core/src/checkpoints/checkpoint_output.rs[0m[2m:[0m[2m149:[0m Creating checkpoint CheckpointDigest(DxZGQ5hVr6wvmfuAEjhcPghdESJiPTQw2sZ2emVxEhxh) at epoch 1, sequence 496, previous digest Some(CheckpointDigest(BZttPpzgd3acpYXfujxar2E38DeQJDdL4y4QhP2VdPaw)), transactions count 2, content digest CheckpointContentsDigest(5QVfJoahR6iJXrfvV96YdVYP48NaFvqrtduS4b8hHamT), end_of_epoch_data None
[2m2025-03-25T07:56:15.188888Z[0m [32m INFO[0m [1mnode[0m[1m{[0m[3mname[0m[2m=[0mk#99f25ef6..[1m}[0m[2m:[0m [2msui_core::checkpoints::checkpoint_output[0m[2m:[0m [2mcrates/sui-core/src/checkpoints/checkpoint_output.rs[0m[2m:[0m[2m149:[0m Creating checkpoint CheckpointDigest(DxZGQ5hVr6wvmfuAEjhcPghdESJiPTQw2sZ2emVxEhxh) at epoch 1, sequence 496, previous digest Some(CheckpointDigest(BZttPpzgd3acpYXfujxar2E38DeQJDdL4y4QhP2VdPaw)), transactions count 2, content digest CheckpointContentsDigest(5QVfJoahR6iJXrfvV96YdVYP48NaFvqrtduS4b8hHamT), end_of_epoch_data None
[2m2025-03-25T07:56:15.191521Z[0m [32m INFO[0m [1mnode[0m[1m{[0m[3mname[0m[2m=[0mk#addeef94..[1m}[0m[2m:[0m [2msui_core::checkpoints[0m[2m:[0m [2mcrates/sui-core/src/checkpoints/mod.rs[0m[2m:[0m[2m1326:[0m Creating checkpoint(s) for 2 transactions [3mnext_checkpoint_seq[0m[2m=[0m496 [3mcheckpoint_timestamp[0m[2m=[0m1742889374644
[2m2025-03-25T07:56:15.191774Z[0m [32m INFO[0m [1mnode[0m[1m{[0m[3mname[0m[2m=[0mk#addeef94..[1m}[0m[2m:[0m [2msui_core::checkpoints::checkpoint_output[0m[2m:[0m [2mcrates/sui-core/src/checkpoints/checkpoint_output.rs[0m[2m:[0m[2m149:[0m Creating checkpoint CheckpointDigest(DxZGQ5hVr6wvmfuAEjhcPghdESJiPTQw2sZ2emVxEhxh) at epoch 1, sequence 496, previous digest Some(CheckpointDigest(BZttPpzgd3acpYXfujxar2E38DeQJDdL4y4QhP2VdPaw)), transactions count 2, content digest CheckpointContentsDigest(5QVfJoahR6iJXrfvV96YdVYP48NaFvqrtduS4b8hHamT), end_of_epoch_data None
[2m2025-03-25T07:56:15.192081Z[0m [32m INFO[0m [1mnode[0m[1m{[0m[3mname[0m[2m=[0mk#99f25ef6..[1m}[0m[2m:[0m [2msui_core::checkpoints::checkpoint_output[0m[2m:[0m [2mcrates/sui-core/src/checkpoints/checkpoint_output.rs[0m[2m:[0m[2m196:[0m Certified checkpoint with sequence 495 and digest BZttPpzgd3acpYXfujxar2E38DeQJDdL4y4QhP2VdPaw
[2m2025-03-25T07:56:15.192154Z[0m [32m INFO[0m [1mnode[0m[1m{[0m[3mname[0m[2m=[0mk#8dcff6d1..[1m}[0m[2m:[0m [2msui_core::checkpoints::checkpoint_output[0m[2m:[0m [2mcrates/sui-core/src/checkpoints/checkpoint_output.rs[0m[2m:[0m[2m196:[0m Certified checkpoint with sequence 495 and digest BZttPpzgd3acpYXfujxar2E38DeQJDdL4y4QhP2VdPaw
[2m2025-03-25T07:56:15.192522Z[0m [32m INFO[0m [1mnode[0m[1m{[0m[3mname[0m[2m=[0mk#8dcff6d1..[1m}[0m[2m:[0m [2msui_core::checkpoints::checkpoint_executor[0m[2m:[0m [2mcrates/sui-core/src/checkpoints/checkpoint_executor/mod.rs[0m[2m:[0m[2m332:[0m Received checkpoint summary from state sync [3msequence_number[0m[2m=[0m495
[2m2025-03-25T07:56:15.192522Z[0m [32m INFO[0m [1mnode[0m[1m{[0m[3mname[0m[2m=[0mk#99f25ef6..[1m}[0m[2m:[0m [2msui_core::checkpoints::checkpoint_executor[0m[2m:[0m [2mcrates/sui-core/src/checkpoints/checkpoint_executor/mod.rs[0m[2m:[0m[2m332:[0m Received checkpoint summary from state sync [3msequence_number[0m[2m=[0m495
[2m2025-03-25T07:56:15.193711Z[0m [32m INFO[0m [1mnode[0m[1m{[0m[3mname[0m[2m=[0mk#8dcff6d1..[1m}[0m[2m:[0m [2msui_core::state_accumulator[0m[2m:[0m [2mcrates/sui-core/src/state_accumulator.rs[0m[2m:[0m[2m675:[0m accumulating running root for checkpoint 495
[2m2025-03-25T07:56:15.193711Z[0m [32m INFO[0m [1mnode[0m[1m{[0m[3mname[0m[2m=[0mk#99f25ef6..[1m}[0m[2m:[0m [2msui_core::state_accumulator[0m[2m:[0m [2mcrates/sui-core/src/state_accumulator.rs[0m[2m:[0m[2m675:[0m accumulating running root for checkpoint 495
[2m2025-03-25T07:56:15.195986Z[0m [32m INFO[0m [1mnode[0m[1m{[0m[3mname[0m[2m=[0mk#addeef94..[1m}[0m[2m:[0m [2msui_core::checkpoints::checkpoint_executor[0m[2m:[0m [2mcrates/sui-core/src/checkpoints/checkpoint_executor/mod.rs[0m[2m:[0m[2m332:[0m Received checkpoint summary from state sync [3msequence_number[0m[2m=[0m495
[2m2025-03-25T07:56:15.196714Z[0m [32m INFO[0m [1mnode[0m[1m{[0m[3mname[0m[2m=[0mk#addeef94..[1m}[0m[2m:[0m [2msui_core::state_accumulator[0m[2m:[0m [2mcrates/sui-core/src/state_accumulator.rs[0m[2m:[0m[2m675:[0m accumulating running root for checkpoint 495
[2m2025-03-25T07:56:15.305252Z[0m [32m INFO[0m [1mnode[0m[1m{[0m[3mname[0m[2m=[0mk#8dcff6d1..[1m}[0m[2m:[0m [2mconsensus_core::commit_syncer[0m[2m:[0m [2mconsensus/core/src/commit_syncer.rs[0m[2m:[0m[2m196:[0m Checking to schedule fetches: synced_commit_index=283, highest_handled_index=283, highest_scheduled_index=0, quorum_commit_index=282, unhandled_commits_threshold=3200
[2m2025-03-25T07:56:15.328394Z[0m [32m INFO[0m [1mnode[0m[1m{[0m[3mname[0m[2m=[0mk#addeef94..[1m}[0m[2m:[0m [2mconsensus_core::commit_syncer[0m[2m:[0m [2mconsensus/core/src/commit_syncer.rs[0m[2m:[0m[2m196:[0m Checking to schedule fetches: synced_commit_index=283, highest_handled_index=283, highest_scheduled_index=0, quorum_commit_index=0, unhandled_commits_threshold=3200
[2m2025-03-25T07:56:15.330990Z[0m [32m INFO[0m [1mnode[0m[1m{[0m[3mname[0m[2m=[0mk#99f25ef6..[1m}[0m[2m:[0m [2mconsensus_core::commit_syncer[0m[2m:[0m [2mconsensus/core/src/commit_syncer.rs[0m[2m:[0m[2m196:[0m Checking to schedule fetches: synced_commit_index=283, highest_handled_index=283, highest_scheduled_index=0, quorum_commit_index=282, unhandled_commits_threshold=3200
[2m2025-03-25T07:56:15.413063Z[0m [32m INFO[0m [1mnode[0m[1m{[0m[3mname[0m[2m=[0mk#99f25ef6..[1m}[0m[2m:[0m [2mconsensus_core::core[0m[2m:[0m [2mconsensus/core/src/core.rs[0m[2m:[0m[2m945:[0m Included 3 ancestors & excluded 0 ancestors for proposal in round 296
[2m2025-03-25T07:56:15.413152Z[0m [32m INFO[0m [1mnode[0m[1m{[0m[3mname[0m[2m=[0mk#8dcff6d1..[1m}[0m[2m:[0m [2mconsensus_core::core[0m[2m:[0m [2mconsensus/core/src/core.rs[0m[2m:[0m[2m945:[0m Included 3 ancestors & excluded 0 ancestors for proposal in round 296
[2m2025-03-25T07:56:15.413449Z[0m [32m INFO[0m [1mnode[0m[1m{[0m[3mname[0m[2m=[0mk#99f25ef6..[1m}[0m[2m:[0m [2mconsensus_core::core[0m[2m:[0m [2mconsensus/core/src/core.rs[0m[2m:[0m[2m531:[0m Created block B296(B,cVNB0JBx1UqlHPqbO0ueZFnYCs8AEFeVisgPCu4/COc=)(1742889375413ms;[B295(B,wIcbJupET8o/vFko0LTZy/0akF/xNy9TtA6Ip5eQ7GM=), B295(A,idGcSvrLeuG0lnWYrqS85SWUhcIdGopYA+J+MhW1Chk=), B295(C,GytVBY2Kh3HkFtBm+oqAU01mA2JnuMF6cof6RAS3hlI=)];1t;1c) for round 296
[2m2025-03-25T07:56:15.413462Z[0m [32m INFO[0m [1mnode[0m[1m{[0m[3mname[0m[2m=[0mk#8dcff6d1..[1m}[0m[2m:[0m [2mconsensus_core::core[0m[2m:[0m [2mconsensus/core/src/core.rs[0m[2m:[0m[2m531:[0m Created block B296(A,xQkwoOJFDA0bdBHljxya4zu7i6PaMcnbxf6x7qTgxN8=)(1742889375413ms;[B295(A,idGcSvrLeuG0lnWYrqS85SWUhcIdGopYA+J+MhW1Chk=), B295(B,wIcbJupET8o/vFko0LTZy/0akF/xNy9TtA6Ip5eQ7GM=), B295(C,GytVBY2Kh3HkFtBm+oqAU01mA2JnuMF6cof6RAS3hlI=)];1t;1c) for round 296
[2m2025-03-25T07:56:15.416744Z[0m [32m INFO[0m [1mnode[0m[1m{[0m[3mname[0m[2m=[0mk#addeef94..[1m}[0m[2m:[0m [2mconsensus_core::core[0m[2m:[0m [2mconsensus/core/src/core.rs[0m[2m:[0m[2m945:[0m Included 3 ancestors & excluded 0 ancestors for proposal in round 296
[2m2025-03-25T07:56:15.417060Z[0m [32m INFO[0m [1mnode[0m[1m{[0m[3mname[0m[2m=[0mk#addeef94..[1m}[0m[2m:[0m [2mconsensus_core::core[0m[2m:[0m [2mconsensus/core/src/core.rs[0m[2m:[0m[2m531:[0m Created block B296(C,VoC5oJS9WVczOAMJ/QB+OI8QX07tFoWrtUV3FyjoSBM=)(1742889375416ms;[B295(C,GytVBY2Kh3HkFtBm+oqAU01mA2JnuMF6cof6RAS3hlI=), B295(A,idGcSvrLeuG0lnWYrqS85SWUhcIdGopYA+J+MhW1Chk=), B295(B,wIcbJupET8o/vFko0LTZy/0akF/xNy9TtA6Ip5eQ7GM=)];1t;1c) for round 296
[2m2025-03-25T07:56:15.417129Z[0m [32m INFO[0m [1mnode[0m[1m{[0m[3mname[0m[2m=[0mk#addeef94..[1m}[0m[2m:[0m [2mconsensus_core::core[0m[2m:[0m [2mconsensus/core/src/core.rs[0m[2m:[0m[2m630:[0m Committing 1 leaders: B294(A,Kmw9)
[2m2025-03-25T07:56:15.417201Z[0m [32m INFO[0m [1mnode[0m[1m{[0m[3mname[0m[2m=[0mk#addeef94..[1m}[0m[2m:[0m [2mconsensus_core::commit_observer[0m[2m:[0m [2mconsensus/core/src/commit_observer.rs[0m[2m:[0m[2m173:[0m Consensus commit C284(ej3Z) with leader B294(A,Kmw9) has 3 blocks
[2m2025-03-25T07:56:15.417287Z[0m [32m INFO[0m [1mnode[0m[1m{[0m[3mname[0m[2m=[0mk#addeef94..[1m}[0m[2m:[0m [2msui_core::consensus_handler[0m[2m:[0m [2mcrates/sui-core/src/consensus_handler.rs[0m[2m:[0m[2m232:[0m Received consensus output [3mconsensus_commit[0m[2m=[0mCommittedSubDag(leader=B294(A,Kmw9), ref=C284(ej3Z), blocks=[Vuuw, SNg+, Kmw9]) [3mepoch[0m[2m=[0m1
[2m2025-03-25T07:56:15.420403Z[0m [32m INFO[0m [1mnode[0m[1m{[0m[3mname[0m[2m=[0mk#99f25ef6..[1m}[0m[2m:[0m [2msui_core::checkpoints::checkpoint_output[0m[2m:[0m [2mcrates/sui-core/src/checkpoints/checkpoint_output.rs[0m[2m:[0m[2m196:[0m Certified checkpoint with sequence 496 and digest DxZGQ5hVr6wvmfuAEjhcPghdESJiPTQw2sZ2emVxEhxh
[2m2025-03-25T07:56:15.420410Z[0m [32m INFO[0m [1mnode[0m[1m{[0m[3mname[0m[2m=[0mk#8dcff6d1..[1m}[0m[2m:[0m [2msui_core::checkpoints::checkpoint_output[0m[2m:[0m [2mcrates/sui-core/src/checkpoints/checkpoint_output.rs[0m[2m:[0m[2m196:[0m Certified checkpoint with sequence 496 and digest DxZGQ5hVr6wvmfuAEjhcPghdESJiPTQw2sZ2emVxEhxh
[2m2025-03-25T07:56:15.420513Z[0m [32m INFO[0m [1mnode[0m[1m{[0m[3mname[0m[2m=[0mk#99f25ef6..[1m}[0m[2m:[0m [2mconsensus_core::core[0m[2m:[0m [2mconsensus/core/src/core.rs[0m[2m:[0m[2m630:[0m Committing 1 leaders: B294(A,Kmw9)
[2m2025-03-25T07:56:15.420516Z[0m [32m INFO[0m [1mnode[0m[1m{[0m[3mname[0m[2m=[0mk#8dcff6d1..[1m}[0m[2m:[0m [2mconsensus_core::core[0m[2m:[0m [2mconsensus/core/src/core.rs[0m[2m:[0m[2m630:[0m Committing 1 leaders: B294(A,Kmw9)
[2m2025-03-25T07:56:15.420617Z[0m [32m INFO[0m [1mnode[0m[1m{[0m[3mname[0m[2m=[0mk#99f25ef6..[1m}[0m[2m:[0m [2mconsensus_core::commit_observer[0m[2m:[0m [2mconsensus/core/src/commit_observer.rs[0m[2m:[0m[2m173:[0m Consensus commit C284(ej3Z) with leader B294(A,Kmw9) has 3 blocks
[2m2025-03-25T07:56:15.420621Z[0m [32m INFO[0m [1mnode[0m[1m{[0m[3mname[0m[2m=[0mk#8dcff6d1..[1m}[0m[2m:[0m [2mconsensus_core::commit_observer[0m[2m:[0m [2mconsensus/core/src/commit_observer.rs[0m[2m:[0m[2m173:[0m Consensus commit C284(ej3Z) with leader B294(A,Kmw9) has 3 blocks
[2m2025-03-25T07:56:15.421060Z[0m [32m INFO[0m [1mnode[0m[1m{[0m[3mname[0m[2m=[0mk#99f25ef6..[1m}[0m[2m:[0m [2msui_core::consensus_handler[0m[2m:[0m [2mcrates/sui-core/src/consensus_handler.rs[0m[2m:[0m[2m232:[0m Received consensus output [3mconsensus_commit[0m[2m=[0mCommittedSubDag(leader=B294(A,Kmw9), ref=C284(ej3Z), blocks=[Vuuw, SNg+, Kmw9]) [3mepoch[0m[2m=[0m1
[2m2025-03-25T07:56:15.421060Z[0m [32m INFO[0m [1mnode[0m[1m{[0m[3mname[0m[2m=[0mk#8dcff6d1..[1m}[0m[2m:[0m [2msui_core::consensus_handler[0m[2m:[0m [2mcrates/sui-core/src/consensus_handler.rs[0m[2m:[0m[2m232:[0m Received consensus output [3mconsensus_commit[0m[2m=[0mCommittedSubDag(leader=B294(A,Kmw9), ref=C284(ej3Z), blocks=[Vuuw, SNg+, Kmw9]) [3mepoch[0m[2m=[0m1
[2m2025-03-25T07:56:15.421664Z[0m [32m INFO[0m [1mnode[0m[1m{[0m[3mname[0m[2m=[0mk#99f25ef6..[1m}[0m[2m:[0m [2msui_core::checkpoints::checkpoint_executor[0m[2m:[0m [2mcrates/sui-core/src/checkpoints/checkpoint_executor/mod.rs[0m[2m:[0m[2m332:[0m Received checkpoint summary from state sync [3msequence_number[0m[2m=[0m496
[2m2025-03-25T07:56:15.421664Z[0m [32m INFO[0m [1mnode[0m[1m{[0m[3mname[0m[2m=[0mk#8dcff6d1..[1m}[0m[2m:[0m [2msui_core::checkpoints::checkpoint_executor[0m[2m:[0m [2mcrates/sui-core/src/checkpoints/checkpoint_executor/mod.rs[0m[2m:[0m[2m332:[0m Received checkpoint summary from state sync [3msequence_number[0m[2m=[0m496
[2m2025-03-25T07:56:15.435267Z[0m [32m INFO[0m [1mnode[0m[1m{[0m[3mname[0m[2m=[0mk#99f25ef6..[1m}[0m[2m:[0m [2msui_core::state_accumulator[0m[2m:[0m [2mcrates/sui-core/src/state_accumulator.rs[0m[2m:[0m[2m675:[0m accumulating running root for checkpoint 496
[2m2025-03-25T07:56:15.435267Z[0m [32m INFO[0m [1mnode[0m[1m{[0m[3mname[0m[2m=[0mk#8dcff6d1..[1m}[0m[2m:[0m [2msui_core::state_accumulator[0m[2m:[0m [2mcrates/sui-core/src/state_accumulator.rs[0m[2m:[0m[2m675:[0m accumulating running root for checkpoint 496
[2m2025-03-25T07:56:15.461645Z[0m [32m INFO[0m [1mnode[0m[1m{[0m[3mname[0m[2m=[0mk#addeef94..[1m}[0m[2m:[0m [2msui_core::checkpoints[0m[2m:[0m [2mcrates/sui-core/src/checkpoints/mod.rs[0m[2m:[0m[2m1326:[0m Creating checkpoint(s) for 1 transactions [3mnext_checkpoint_seq[0m[2m=[0m497 [3mcheckpoint_timestamp[0m[2m=[0m1742889374901
[2m2025-03-25T07:56:15.461874Z[0m [32m INFO[0m [1mnode[0m[1m{[0m[3mname[0m[2m=[0mk#addeef94..[1m}[0m[2m:[0m [2msui_core::checkpoints::checkpoint_output[0m[2m:[0m [2mcrates/sui-core/src/checkpoints/checkpoint_output.rs[0m[2m:[0m[2m149:[0m Creating checkpoint CheckpointDigest(CUjnYDygD5GixWVreUmPsLwz6wv2inKHjxQbjbteMidA) at epoch 1, sequence 497, previous digest Some(CheckpointDigest(DxZGQ5hVr6wvmfuAEjhcPghdESJiPTQw2sZ2emVxEhxh)), transactions count 1, content digest CheckpointContentsDigest(9BsDsbaakiswJLJtVDGqcfNzV3r7sDHvN3NfXV5kcVsi), end_of_epoch_data None
[2m2025-03-25T07:56:15.466521Z[0m [32m INFO[0m [1mnode[0m[1m{[0m[3mname[0m[2m=[0mk#99f25ef6..[1m}[0m[2m:[0m [2msui_core::checkpoints[0m[2m:[0m [2mcrates/sui-core/src/checkpoints/mod.rs[0m[2m:[0m[2m1326:[0m Creating checkpoint(s) for 1 transactions [3mnext_checkpoint_seq[0m[2m=[0m497 [3mcheckpoint_timestamp[0m[2m=[0m1742889374901
[2m2025-03-25T07:56:15.466618Z[0m [32m INFO[0m [1mnode[0m[1m{[0m[3mname[0m[2m=[0mk#8dcff6d1..[1m}[0m[2m:[0m [2msui_core::checkpoints[0m[2m:[0m [2mcrates/sui-core/src/checkpoints/mod.rs[0m[2m:[0m[2m1326:[0m Creating checkpoint(s) for 1 transactions [3mnext_checkpoint_seq[0m[2m=[0m497 [3mcheckpoint_timestamp[0m[2m=[0m1742889374901
[2m2025-03-25T07:56:15.466699Z[0m [32m INFO[0m [1mnode[0m[1m{[0m[3mname[0m[2m=[0mk#99f25ef6..[1m}[0m[2m:[0m [2msui_core::checkpoints::checkpoint_output[0m[2m:[0m [2mcrates/sui-core/src/checkpoints/checkpoint_output.rs[0m[2m:[0m[2m149:[0m Creating checkpoint CheckpointDigest(CUjnYDygD5GixWVreUmPsLwz6wv2inKHjxQbjbteMidA) at epoch 1, sequence 497, previous digest Some(CheckpointDigest(DxZGQ5hVr6wvmfuAEjhcPghdESJiPTQw2sZ2emVxEhxh)), transactions count 1, content digest CheckpointContentsDigest(9BsDsbaakiswJLJtVDGqcfNzV3r7sDHvN3NfXV5kcVsi), end_of_epoch_data None
[2m2025-03-25T07:56:15.466789Z[0m [32m INFO[0m [1mnode[0m[1m{[0m[3mname[0m[2m=[0mk#8dcff6d1..[1m}[0m[2m:[0m [2msui_core::checkpoints::checkpoint_output[0m[2m:[0m [2mcrates/sui-core/src/checkpoints/checkpoint_output.rs[0m[2m:[0m[2m149:[0m Creating checkpoint CheckpointDigest(CUjnYDygD5GixWVreUmPsLwz6wv2inKHjxQbjbteMidA) at epoch 1, sequence 497, previous digest Some(CheckpointDigest(DxZGQ5hVr6wvmfuAEjhcPghdESJiPTQw2sZ2emVxEhxh)), transactions count 1, content digest CheckpointContentsDigest(9BsDsbaakiswJLJtVDGqcfNzV3r7sDHvN3NfXV5kcVsi), end_of_epoch_data None
[2m2025-03-25T07:56:15.483389Z[0m [32m INFO[0m [1mnode[0m[1m{[0m[3mname[0m[2m=[0mk#addeef94..[1m}[0m[2m:[0m [2msui_core::checkpoints::checkpoint_executor[0m[2m:[0m [2mcrates/sui-core/src/checkpoints/checkpoint_executor/mod.rs[0m[2m:[0m[2m332:[0m Received checkpoint summary from state sync [3msequence_number[0m[2m=[0m496
[2m2025-03-25T07:56:15.529490Z[0m [32m INFO[0m [1mnode[0m[1m{[0m[3mname[0m[2m=[0mk#addeef94..[1m}[0m[2m:[0m [2msui_core::state_accumulator[0m[2m:[0m [2mcrates/sui-core/src/state_accumulator.rs[0m[2m:[0m[2m675:[0m accumulating running root for checkpoint 496
[2m2025-03-25T07:56:15.670392Z[0m [32m INFO[0m [1mnode[0m[1m{[0m[3mname[0m[2m=[0mk#addeef94..[1m}[0m[2m:[0m [2mconsensus_core::core[0m[2m:[0m [2mconsensus/core/src/core.rs[0m[2m:[0m[2m945:[0m Included 3 ancestors & excluded 0 ancestors for proposal in round 297
[2m2025-03-25T07:56:15.670754Z[0m [32m INFO[0m [1mnode[0m[1m{[0m[3mname[0m[2m=[0mk#addeef94..[1m}[0m[2m:[0m [2mconsensus_core::core[0m[2m:[0m [2mconsensus/core/src/core.rs[0m[2m:[0m[2m531:[0m Created block B297(C,6HhW581dG/HzV3t+ihIunO45Iw+GY5Ejf2XVudxRwkI=)(1742889375670ms;[B296(C,VoC5oJS9WVczOAMJ/QB+OI8QX07tFoWrtUV3FyjoSBM=), B296(A,xQkwoOJFDA0bdBHljxya4zu7i6PaMcnbxf6x7qTgxN8=), B296(B,cVNB0JBx1UqlHPqbO0ueZFnYCs8AEFeVisgPCu4/COc=)];1t;1c) for round 297
[2m2025-03-25T07:56:15.672689Z[0m [32m INFO[0m [1mnode[0m[1m{[0m[3mname[0m[2m=[0mk#99f25ef6..[1m}[0m[2m:[0m [2mconsensus_core::core[0m[2m:[0m [2mconsensus/core/src/core.rs[0m[2m:[0m[2m945:[0m Included 3 ancestors & excluded 0 ancestors for proposal in round 297
[2m2025-03-25T07:56:15.672693Z[0m [32m INFO[0m [1mnode[0m[1m{[0m[3mname[0m[2m=[0mk#8dcff6d1..[1m}[0m[2m:[0m [2mconsensus_core::core[0m[2m:[0m [2mconsensus/core/src/core.rs[0m[2m:[0m[2m945:[0m Included 3 ancestors & excluded 0 ancestors for proposal in round 297
[2m2025-03-25T07:56:15.672974Z[0m [32m INFO[0m [1mnode[0m[1m{[0m[3mname[0m[2m=[0mk#99f25ef6..[1m}[0m[2m:[0m [2mconsensus_core::core[0m[2m:[0m [2mconsensus/core/src/core.rs[0m[2m:[0m[2m531:[0m Created block B297(B,PUd42gdm5t7sfIwalj/QX8ist4VseJUO64zBmPRxmv4=)(1742889375672ms;[B296(B,cVNB0JBx1UqlHPqbO0ueZFnYCs8AEFeVisgPCu4/COc=), B296(A,xQkwoOJFDA0bdBHljxya4zu7i6PaMcnbxf6x7qTgxN8=), B296(C,VoC5oJS9WVczOAMJ/QB+OI8QX07tFoWrtUV3FyjoSBM=)];1t;1c) for round 297
[2m2025-03-25T07:56:15.672980Z[0m [32m INFO[0m [1mnode[0m[1m{[0m[3mname[0m[2m=[0mk#8dcff6d1..[1m}[0m[2m:[0m [2mconsensus_core::core[0m[2m:[0m [2mconsensus/core/src/core.rs[0m[2m:[0m[2m531:[0m Created block B297(A,tB2AxmOwJMDQpBfyBhqHVVFoLVKPJRchy3OF1MCGeyg=)(1742889375672ms;[B296(A,xQkwoOJFDA0bdBHljxya4zu7i6PaMcnbxf6x7qTgxN8=), B296(B,cVNB0JBx1UqlHPqbO0ueZFnYCs8AEFeVisgPCu4/COc=), B296(C,VoC5oJS9WVczOAMJ/QB+OI8QX07tFoWrtUV3FyjoSBM=)];1t;1c) for round 297
[2m2025-03-25T07:56:15.673045Z[0m [32m INFO[0m [1mnode[0m[1m{[0m[3mname[0m[2m=[0mk#99f25ef6..[1m}[0m[2m:[0m [2mconsensus_core::core[0m[2m:[0m [2mconsensus/core/src/core.rs[0m[2m:[0m[2m630:[0m Committing 1 leaders: B295(A,idGc)
[2m2025-03-25T07:56:15.673045Z[0m [32m INFO[0m [1mnode[0m[1m{[0m[3mname[0m[2m=[0mk#8dcff6d1..[1m}[0m[2m:[0m [2mconsensus_core::core[0m[2m:[0m [2mconsensus/core/src/core.rs[0m[2m:[0m[2m630:[0m Committing 1 leaders: B295(A,idGc)
[2m2025-03-25T07:56:15.673115Z[0m [32m INFO[0m [1mnode[0m[1m{[0m[3mname[0m[2m=[0mk#99f25ef6..[1m}[0m[2m:[0m [2mconsensus_core::commit_observer[0m[2m:[0m [2mconsensus/core/src/commit_observer.rs[0m[2m:[0m[2m173:[0m Consensus commit C285(UNVX) with leader B295(A,idGc) has 3 blocks
[2m2025-03-25T07:56:15.673115Z[0m [32m INFO[0m [1mnode[0m[1m{[0m[3mname[0m[2m=[0mk#8dcff6d1..[1m}[0m[2m:[0m [2mconsensus_core::commit_observer[0m[2m:[0m [2mconsensus/core/src/commit_observer.rs[0m[2m:[0m[2m173:[0m Consensus commit C285(UNVX) with leader B295(A,idGc) has 3 blocks
[2m2025-03-25T07:56:15.673200Z[0m [32m INFO[0m [1mnode[0m[1m{[0m[3mname[0m[2m=[0mk#99f25ef6..[1m}[0m[2m:[0m [2msui_core::consensus_handler[0m[2m:[0m [2mcrates/sui-core/src/consensus_handler.rs[0m[2m:[0m[2m232:[0m Received consensus output [3mconsensus_commit[0m[2m=[0mCommittedSubDag(leader=B295(A,idGc), ref=C285(UNVX), blocks=[zGvQ, DA3Z, idGc]) [3mepoch[0m[2m=[0m1
[2m2025-03-25T07:56:15.673200Z[0m [32m INFO[0m [1mnode[0m[1m{[0m[3mname[0m[2m=[0mk#8dcff6d1..[1m}[0m[2m:[0m [2msui_core::consensus_handler[0m[2m:[0m [2mcrates/sui-core/src/consensus_handler.rs[0m[2m:[0m[2m232:[0m Received consensus output [3mconsensus_commit[0m[2m=[0mCommittedSubDag(leader=B295(A,idGc), ref=C285(UNVX), blocks=[zGvQ, DA3Z, idGc]) [3mepoch[0m[2m=[0m1
[2m2025-03-25T07:56:15.677130Z[0m [32m INFO[0m [1mnode[0m[1m{[0m[3mname[0m[2m=[0mk#addeef94..[1m}[0m[2m:[0m [2mconsensus_core::core[0m[2m:[0m [2mconsensus/core/src/core.rs[0m[2m:[0m[2m630:[0m Committing 1 leaders: B295(A,idGc)
[2m2025-03-25T07:56:15.677232Z[0m [32m INFO[0m [1mnode[0m[1m{[0m[3mname[0m[2m=[0mk#addeef94..[1m}[0m[2m:[0m [2mconsensus_core::commit_observer[0m[2m:[0m [2mconsensus/core/src/commit_observer.rs[0m[2m:[0m[2m173:[0m Consensus commit C285(UNVX) with leader B295(A,idGc) has 3 blocks
[2m2025-03-25T07:56:15.677364Z[0m [32m INFO[0m [1mnode[0m[1m{[0m[3mname[0m[2m=[0mk#addeef94..[1m}[0m[2m:[0m [2msui_core::consensus_handler[0m[2m:[0m [2mcrates/sui-core/src/consensus_handler.rs[0m[2m:[0m[2m232:[0m Received consensus output [3mconsensus_commit[0m[2m=[0mCommittedSubDag(leader=B295(A,idGc), ref=C285(UNVX), blocks=[zGvQ, DA3Z, idGc]) [3mepoch[0m[2m=[0m1
[2m2025-03-25T07:56:15.700059Z[0m [32m INFO[0m [1mnode[0m[1m{[0m[3mname[0m[2m=[0mk#99f25ef6..[1m}[0m[2m:[0m [2msui_core::checkpoints[0m[2m:[0m [2mcrates/sui-core/src/checkpoints/mod.rs[0m[2m:[0m[2m1326:[0m Creating checkpoint(s) for 2 transactions [3mnext_checkpoint_seq[0m[2m=[0m498 [3mcheckpoint_timestamp[0m[2m=[0m1742889375160
[2m2025-03-25T07:56:15.700058Z[0m [32m INFO[0m [1mnode[0m[1m{[0m[3mname[0m[2m=[0mk#8dcff6d1..[1m}[0m[2m:[0m [2msui_core::checkpoints[0m[2m:[0m [2mcrates/sui-core/src/checkpoints/mod.rs[0m[2m:[0m[2m1326:[0m Creating checkpoint(s) for 2 transactions [3mnext_checkpoint_seq[0m[2m=[0m498 [3mcheckpoint_timestamp[0m[2m=[0m1742889375160
[2m2025-03-25T07:56:15.700375Z[0m [32m INFO[0m [1mnode[0m[1m{[0m[3mname[0m[2m=[0mk#8dcff6d1..[1m}[0m[2m:[0m [2msui_core::checkpoints::checkpoint_output[0m[2m:[0m [2mcrates/sui-core/src/checkpoints/checkpoint_output.rs[0m[2m:[0m[2m149:[0m Creating checkpoint CheckpointDigest(DF1Qz4bSfPUScNxHTs5ZDAZyR1VM3vL4XVDMDZiinzP) at epoch 1, sequence 498, previous digest Some(CheckpointDigest(CUjnYDygD5GixWVreUmPsLwz6wv2inKHjxQbjbteMidA)), transactions count 2, content digest CheckpointContentsDigest(86zZ3kHfV5Vm3ek6iBuomFnzEqRT389baTX83xa17nWc), end_of_epoch_data None
[2m2025-03-25T07:56:15.700375Z[0m [32m INFO[0m [1mnode[0m[1m{[0m[3mname[0m[2m=[0mk#99f25ef6..[1m}[0m[2m:[0m [2msui_core::checkpoints::checkpoint_output[0m[2m:[0m [2mcrates/sui-core/src/checkpoints/checkpoint_output.rs[0m[2m:[0m[2m149:[0m Creating checkpoint CheckpointDigest(DF1Qz4bSfPUScNxHTs5ZDAZyR1VM3vL4XVDMDZiinzP) at epoch 1, sequence 498, previous digest Some(CheckpointDigest(CUjnYDygD5GixWVreUmPsLwz6wv2inKHjxQbjbteMidA)), transactions count 2, content digest CheckpointContentsDigest(86zZ3kHfV5Vm3ek6iBuomFnzEqRT389baTX83xa17nWc), end_of_epoch_data None
[2m2025-03-25T07:56:15.703460Z[0m [32m INFO[0m [1mnode[0m[1m{[0m[3mname[0m[2m=[0mk#99f25ef6..[1m}[0m[2m:[0m [2msui_core::checkpoints::checkpoint_output[0m[2m:[0m [2mcrates/sui-core/src/checkpoints/checkpoint_output.rs[0m[2m:[0m[2m196:[0m Certified checkpoint with sequence 497 and digest CUjnYDygD5GixWVreUmPsLwz6wv2inKHjxQbjbteMidA
[2m2025-03-25T07:56:15.703522Z[0m [32m INFO[0m [1mnode[0m[1m{[0m[3mname[0m[2m=[0mk#8dcff6d1..[1m}[0m[2m:[0m [2msui_core::checkpoints::checkpoint_output[0m[2m:[0m [2mcrates/sui-core/src/checkpoints/checkpoint_output.rs[0m[2m:[0m[2m196:[0m Certified checkpoint with sequence 497 and digest CUjnYDygD5GixWVreUmPsLwz6wv2inKHjxQbjbteMidA
[2m2025-03-25T07:56:15.703574Z[0m [32m INFO[0m [1mnode[0m[1m{[0m[3mname[0m[2m=[0mk#addeef94..[1m}[0m[2m:[0m [2msui_core::checkpoints[0m[2m:[0m [2mcrates/sui-core/src/checkpoints/mod.rs[0m[2m:[0m[2m1326:[0m Creating checkpoint(s) for 2 transactions [3mnext_checkpoint_seq[0m[2m=[0m498 [3mcheckpoint_timestamp[0m[2m=[0m1742889375160
[2m2025-03-25T07:56:15.703829Z[0m [32m INFO[0m [1mnode[0m[1m{[0m[3mname[0m[2m=[0mk#addeef94..[1m}[0m[2m:[0m [2msui_core::checkpoints::checkpoint_output[0m[2m:[0m [2mcrates/sui-core/src/checkpoints/checkpoint_output.rs[0m[2m:[0m[2m149:[0m Creating checkpoint CheckpointDigest(DF1Qz4bSfPUScNxHTs5ZDAZyR1VM3vL4XVDMDZiinzP) at epoch 1, sequence 498, previous digest Some(CheckpointDigest(CUjnYDygD5GixWVreUmPsLwz6wv2inKHjxQbjbteMidA)), transactions count 2, content digest CheckpointContentsDigest(86zZ3kHfV5Vm3ek6iBuomFnzEqRT389baTX83xa17nWc), end_of_epoch_data None
[2m2025-03-25T07:56:15.703882Z[0m [32m INFO[0m [1mnode[0m[1m{[0m[3mname[0m[2m=[0mk#8dcff6d1..[1m}[0m[2m:[0m [2msui_core::checkpoints::checkpoint_executor[0m[2m:[0m [2mcrates/sui-core/src/checkpoints/checkpoint_executor/mod.rs[0m[2m:[0m[2m332:[0m Received checkpoint summary from state sync [3msequence_number[0m[2m=[0m497
[2m2025-03-25T07:56:15.703882Z[0m [32m INFO[0m [1mnode[0m[1m{[0m[3mname[0m[2m=[0mk#99f25ef6..[1m}[0m[2m:[0m [2msui_core::checkpoints::checkpoint_executor[0m[2m:[0m [2mcrates/sui-core/src/checkpoints/checkpoint_executor/mod.rs[0m[2m:[0m[2m332:[0m Received checkpoint summary from state sync [3msequence_number[0m[2m=[0m497
[2m2025-03-25T07:56:15.705053Z[0m [32m INFO[0m [1mnode[0m[1m{[0m[3mname[0m[2m=[0mk#8dcff6d1..[1m}[0m[2m:[0m [2msui_core::state_accumulator[0m[2m:[0m [2mcrates/sui-core/src/state_accumulator.rs[0m[2m:[0m[2m675:[0m accumulating running root for checkpoint 497
[2m2025-03-25T07:56:15.705054Z[0m [32m INFO[0m [1mnode[0m[1m{[0m[3mname[0m[2m=[0mk#99f25ef6..[1m}[0m[2m:[0m [2msui_core::state_accumulator[0m[2m:[0m [2mcrates/sui-core/src/state_accumulator.rs[0m[2m:[0m[2m675:[0m accumulating running root for checkpoint 497
[2m2025-03-25T07:56:15.707246Z[0m [32m INFO[0m [1mnode[0m[1m{[0m[3mname[0m[2m=[0mk#addeef94..[1m}[0m[2m:[0m [2msui_core::checkpoints::checkpoint_executor[0m[2m:[0m [2mcrates/sui-core/src/checkpoints/checkpoint_executor/mod.rs[0m[2m:[0m[2m332:[0m Received checkpoint summary from state sync [3msequence_number[0m[2m=[0m497
[2m2025-03-25T07:56:15.707969Z[0m [32m INFO[0m [1mnode[0m[1m{[0m[3mname[0m[2m=[0mk#addeef94..[1m}[0m[2m:[0m [2msui_core::state_accumulator[0m[2m:[0m [2mcrates/sui-core/src/state_accumulator.rs[0m[2m:[0m[2m675:[0m accumulating running root for checkpoint 497
[2m2025-03-25T07:56:15.925771Z[0m [32m INFO[0m [1mnode[0m[1m{[0m[3mname[0m[2m=[0mk#8dcff6d1..[1m}[0m[2m:[0m [2mconsensus_core::core[0m[2m:[0m [2mconsensus/core/src/core.rs[0m[2m:[0m[2m945:[0m Included 3 ancestors & excluded 0 ancestors for proposal in round 298
[2m2025-03-25T07:56:15.926026Z[0m [32m INFO[0m [1mnode[0m[1m{[0m[3mname[0m[2m=[0mk#99f25ef6..[1m}[0m[2m:[0m [2mconsensus_core::core[0m[2m:[0m [2mconsensus/core/src/core.rs[0m[2m:[0m[2m945:[0m Included 3 ancestors & excluded 0 ancestors for proposal in round 298
[2m2025-03-25T07:56:15.926138Z[0m [32m INFO[0m [1mnode[0m[1m{[0m[3mname[0m[2m=[0mk#8dcff6d1..[1m}[0m[2m:[0m [2mconsensus_core::core[0m[2m:[0m [2mconsensus/core/src/core.rs[0m[2m:[0m[2m531:[0m Created block B298(A,fXCvJP28TFBZSnYKRTjbDEvq5W8mMEmYzOFjJZWviUo=)(1742889375925ms;[B297(A,tB2AxmOwJMDQpBfyBhqHVVFoLVKPJRchy3OF1MCGeyg=), B297(B,PUd42gdm5t7sfIwalj/QX8ist4VseJUO64zBmPRxmv4=), B297(C,6HhW581dG/HzV3t+ihIunO45Iw+GY5Ejf2XVudxRwkI=)];1t;1c) for round 298
[2m2025-03-25T07:56:15.926323Z[0m [32m INFO[0m [1mnode[0m[1m{[0m[3mname[0m[2m=[0mk#99f25ef6..[1m}[0m[2m:[0m [2mconsensus_core::core[0m[2m:[0m [2mconsensus/core/src/core.rs[0m[2m:[0m[2m531:[0m Created block B298(B,bkKIeOsyhlm52II7o+YZS3RFqPEewFUTKRjIDlIqw00=)(1742889375926ms;[B297(B,PUd42gdm5t7sfIwalj/QX8ist4VseJUO64zBmPRxmv4=), B297(A,tB2AxmOwJMDQpBfyBhqHVVFoLVKPJRchy3OF1MCGeyg=), B297(C,6HhW581dG/HzV3t+ihIunO45Iw+GY5Ejf2XVudxRwkI=)];1t;1c) for round 298
[2m2025-03-25T07:56:15.929274Z[0m [32m INFO[0m [1mnode[0m[1m{[0m[3mname[0m[2m=[0mk#addeef94..[1m}[0m[2m:[0m [2mconsensus_core::core[0m[2m:[0m [2mconsensus/core/src/core.rs[0m[2m:[0m[2m945:[0m Included 3 ancestors & excluded 0 ancestors for proposal in round 298
[2m2025-03-25T07:56:15.929567Z[0m [32m INFO[0m [1mnode[0m[1m{[0m[3mname[0m[2m=[0mk#addeef94..[1m}[0m[2m:[0m [2mconsensus_core::core[0m[2m:[0m [2mconsensus/core/src/core.rs[0m[2m:[0m[2m531:[0m Created block B298(C,OX6WfBYfwdG96fxiT5N1F3emOnUVTeYwhsBlzri1Zio=)(1742889375929ms;[B297(C,6HhW581dG/HzV3t+ihIunO45Iw+GY5Ejf2XVudxRwkI=), B297(A,tB2AxmOwJMDQpBfyBhqHVVFoLVKPJRchy3OF1MCGeyg=), B297(B,PUd42gdm5t7sfIwalj/QX8ist4VseJUO64zBmPRxmv4=)];1t;1c) for round 298
[2m2025-03-25T07:56:15.929635Z[0m [32m INFO[0m [1mnode[0m[1m{[0m[3mname[0m[2m=[0mk#addeef94..[1m}[0m[2m:[0m [2mconsensus_core::core[0m[2m:[0m [2mconsensus/core/src/core.rs[0m[2m:[0m[2m630:[0m Committing 1 leaders: B296(C,VoC5)
[2m2025-03-25T07:56:15.929703Z[0m [32m INFO[0m [1mnode[0m[1m{[0m[3mname[0m[2m=[0mk#addeef94..[1m}[0m[2m:[0m [2mconsensus_core::commit_observer[0m[2m:[0m [2mconsensus/core/src/commit_observer.rs[0m[2m:[0m[2m173:[0m Consensus commit C286(yXtV) with leader B296(C,VoC5) has 3 blocks
[2m2025-03-25T07:56:15.929942Z[0m [32m INFO[0m [1mnode[0m[1m{[0m[3mname[0m[2m=[0mk#addeef94..[1m}[0m[2m:[0m [2msui_core::consensus_handler[0m[2m:[0m [2mcrates/sui-core/src/consensus_handler.rs[0m[2m:[0m[2m232:[0m Received consensus output [3mconsensus_commit[0m[2m=[0mCommittedSubDag(leader=B296(C,VoC5), ref=C286(yXtV), blocks=[wIcb, GytV, VoC5]) [3mepoch[0m[2m=[0m1
[2m2025-03-25T07:56:15.933015Z[0m [32m INFO[0m [1mnode[0m[1m{[0m[3mname[0m[2m=[0mk#8dcff6d1..[1m}[0m[2m:[0m [2msui_core::checkpoints::checkpoint_output[0m[2m:[0m [2mcrates/sui-core/src/checkpoints/checkpoint_output.rs[0m[2m:[0m[2m196:[0m Certified checkpoint with sequence 498 and digest DF1Qz4bSfPUScNxHTs5ZDAZyR1VM3vL4XVDMDZiinzP
[2m2025-03-25T07:56:15.933013Z[0m [32m INFO[0m [1mnode[0m[1m{[0m[3mname[0m[2m=[0mk#99f25ef6..[1m}[0m[2m:[0m [2msui_core::checkpoints::checkpoint_output[0m[2m:[0m [2mcrates/sui-core/src/checkpoints/checkpoint_output.rs[0m[2m:[0m[2m196:[0m Certified checkpoint with sequence 498 and digest DF1Qz4bSfPUScNxHTs5ZDAZyR1VM3vL4XVDMDZiinzP
[2m2025-03-25T07:56:15.933122Z[0m [32m INFO[0m [1mnode[0m[1m{[0m[3mname[0m[2m=[0mk#8dcff6d1..[1m}[0m[2m:[0m [2mconsensus_core::core[0m[2m:[0m [2mconsensus/core/src/core.rs[0m[2m:[0m[2m630:[0m Committing 1 leaders: B296(C,VoC5)
[2m2025-03-25T07:56:15.933122Z[0m [32m INFO[0m [1mnode[0m[1m{[0m[3mname[0m[2m=[0mk#99f25ef6..[1m}[0m[2m:[0m [2mconsensus_core::core[0m[2m:[0m [2mconsensus/core/src/core.rs[0m[2m:[0m[2m630:[0m Committing 1 leaders: B296(C,VoC5)
[2m2025-03-25T07:56:15.933221Z[0m [32m INFO[0m [1mnode[0m[1m{[0m[3mname[0m[2m=[0mk#8dcff6d1..[1m}[0m[2m:[0m [2mconsensus_core::commit_observer[0m[2m:[0m [2mconsensus/core/src/commit_observer.rs[0m[2m:[0m[2m173:[0m Consensus commit C286(yXtV) with leader B296(C,VoC5) has 3 blocks
[2m2025-03-25T07:56:15.933223Z[0m [32m INFO[0m [1mnode[0m[1m{[0m[3mname[0m[2m=[0mk#99f25ef6..[1m}[0m[2m:[0m [2mconsensus_core::commit_observer[0m[2m:[0m [2mconsensus/core/src/commit_observer.rs[0m[2m:[0m[2m173:[0m Consensus commit C286(yXtV) with leader B296(C,VoC5) has 3 blocks
[2m2025-03-25T07:56:15.933657Z[0m [32m INFO[0m [1mnode[0m[1m{[0m[3mname[0m[2m=[0mk#8dcff6d1..[1m}[0m[2m:[0m [2msui_core::consensus_handler[0m[2m:[0m [2mcrates/sui-core/src/consensus_handler.rs[0m[2m:[0m[2m232:[0m Received consensus output [3mconsensus_commit[0m[2m=[0mCommittedSubDag(leader=B296(C,VoC5), ref=C286(yXtV), blocks=[wIcb, GytV, VoC5]) [3mepoch[0m[2m=[0m1
[2m2025-03-25T07:56:15.933657Z[0m [32m INFO[0m [1mnode[0m[1m{[0m[3mname[0m[2m=[0mk#99f25ef6..[1m}[0m[2m:[0m [2msui_core::consensus_handler[0m[2m:[0m [2mcrates/sui-core/src/consensus_handler.rs[0m[2m:[0m[2m232:[0m Received consensus output [3mconsensus_commit[0m[2m=[0mCommittedSubDag(leader=B296(C,VoC5), ref=C286(yXtV), blocks=[wIcb, GytV, VoC5]) [3mepoch[0m[2m=[0m1
[2m2025-03-25T07:56:15.934266Z[0m [32m INFO[0m [1mnode[0m[1m{[0m[3mname[0m[2m=[0mk#8dcff6d1..[1m}[0m[2m:[0m [2msui_core::checkpoints::checkpoint_executor[0m[2m:[0m [2mcrates/sui-core/src/checkpoints/checkpoint_executor/mod.rs[0m[2m:[0m[2m332:[0m Received checkpoint summary from state sync [3msequence_number[0m[2m=[0m498
[2m2025-03-25T07:56:15.934266Z[0m [32m INFO[0m [1mnode[0m[1m{[0m[3mname[0m[2m=[0mk#99f25ef6..[1m}[0m[2m:[0m [2msui_core::checkpoints::checkpoint_executor[0m[2m:[0m [2mcrates/sui-core/src/checkpoints/checkpoint_executor/mod.rs[0m[2m:[0m[2m332:[0m Received checkpoint summary from state sync [3msequence_number[0m[2m=[0m498
[2m2025-03-25T07:56:15.947800Z[0m [32m INFO[0m [1mnode[0m[1m{[0m[3mname[0m[2m=[0mk#99f25ef6..[1m}[0m[2m:[0m [2msui_core::state_accumulator[0m[2m:[0m [2mcrates/sui-core/src/state_accumulator.rs[0m[2m:[0m[2m675:[0m accumulating running root for checkpoint 498
[2m2025-03-25T07:56:15.947800Z[0m [32m INFO[0m [1mnode[0m[1m{[0m[3mname[0m[2m=[0mk#8dcff6d1..[1m}[0m[2m:[0m [2msui_core::state_accumulator[0m[2m:[0m [2mcrates/sui-core/src/state_accumulator.rs[0m[2m:[0m[2m675:[0m accumulating running root for checkpoint 498
[2m2025-03-25T07:56:15.974019Z[0m [32m INFO[0m [1mnode[0m[1m{[0m[3mname[0m[2m=[0mk#addeef94..[1m}[0m[2m:[0m [2msui_core::checkpoints[0m[2m:[0m [2mcrates/sui-core/src/checkpoints/mod.rs[0m[2m:[0m[2m1326:[0m Creating checkpoint(s) for 1 transactions [3mnext_checkpoint_seq[0m[2m=[0m499 [3mcheckpoint_timestamp[0m[2m=[0m1742889375416
[2m2025-03-25T07:56:15.974246Z[0m [32m INFO[0m [1mnode[0m[1m{[0m[3mname[0m[2m=[0mk#addeef94..[1m}[0m[2m:[0m [2msui_core::checkpoints::checkpoint_output[0m[2m:[0m [2mcrates/sui-core/src/checkpoints/checkpoint_output.rs[0m[2m:[0m[2m149:[0m Creating checkpoint CheckpointDigest(3DXmHfsggkmaeJjPA1mAsSJLLfhwKx19d5MJi3R6URSv) at epoch 1, sequence 499, previous digest Some(CheckpointDigest(DF1Qz4bSfPUScNxHTs5ZDAZyR1VM3vL4XVDMDZiinzP)), transactions count 1, content digest CheckpointContentsDigest(Fa44hYio2qLdjKKAq9aQtmdVNCHLPDgrXHoh1jRN6dwo), end_of_epoch_data None
[2m2025-03-25T07:56:15.978637Z[0m [32m INFO[0m [1mnode[0m[1m{[0m[3mname[0m[2m=[0mk#8dcff6d1..[1m}[0m[2m:[0m [2msui_core::checkpoints[0m[2m:[0m [2mcrates/sui-core/src/checkpoints/mod.rs[0m[2m:[0m[2m1326:[0m Creating checkpoint(s) for 1 transactions [3mnext_checkpoint_seq[0m[2m=[0m499 [3mcheckpoint_timestamp[0m[2m=[0m1742889375416
[2m2025-03-25T07:56:15.978814Z[0m [32m INFO[0m [1mnode[0m[1m{[0m[3mname[0m[2m=[0mk#8dcff6d1..[1m}[0m[2m:[0m [2msui_core::checkpoints::checkpoint_output[0m[2m:[0m [2mcrates/sui-core/src/checkpoints/checkpoint_output.rs[0m[2m:[0m[2m149:[0m Creating checkpoint CheckpointDigest(3DXmHfsggkmaeJjPA1mAsSJLLfhwKx19d5MJi3R6URSv) at epoch 1, sequence 499, previous digest Some(CheckpointDigest(DF1Qz4bSfPUScNxHTs5ZDAZyR1VM3vL4XVDMDZiinzP)), transactions count 1, content digest CheckpointContentsDigest(Fa44hYio2qLdjKKAq9aQtmdVNCHLPDgrXHoh1jRN6dwo), end_of_epoch_data None
[2m2025-03-25T07:56:15.978869Z[0m [32m INFO[0m [1mnode[0m[1m{[0m[3mname[0m[2m=[0mk#99f25ef6..[1m}[0m[2m:[0m [2msui_core::checkpoints[0m[2m:[0m [2mcrates/sui-core/src/checkpoints/mod.rs[0m[2m:[0m[2m1326:[0m Creating checkpoint(s) for 1 transactions [3mnext_checkpoint_seq[0m[2m=[0m499 [3mcheckpoint_timestamp[0m[2m=[0m1742889375416
[2m2025-03-25T07:56:15.979037Z[0m [32m INFO[0m [1mnode[0m[1m{[0m[3mname[0m[2m=[0mk#99f25ef6..[1m}[0m[2m:[0m [2msui_core::checkpoints::checkpoint_output[0m[2m:[0m [2mcrates/sui-core/src/checkpoints/checkpoint_output.rs[0m[2m:[0m[2m149:[0m Creating checkpoint CheckpointDigest(3DXmHfsggkmaeJjPA1mAsSJLLfhwKx19d5MJi3R6URSv) at epoch 1, sequence 499, previous digest Some(CheckpointDigest(DF1Qz4bSfPUScNxHTs5ZDAZyR1VM3vL4XVDMDZiinzP)), transactions count 1, content digest CheckpointContentsDigest(Fa44hYio2qLdjKKAq9aQtmdVNCHLPDgrXHoh1jRN6dwo), end_of_epoch_data None
[2m2025-03-25T07:56:16.040367Z[0m [32m INFO[0m [1mnode[0m[1m{[0m[3mname[0m[2m=[0mk#addeef94..[1m}[0m[2m:[0m [2msui_core::checkpoints::checkpoint_executor[0m[2m:[0m [2mcrates/sui-core/src/checkpoints/checkpoint_executor/mod.rs[0m[2m:[0m[2m332:[0m Received checkpoint summary from state sync [3msequence_number[0m[2m=[0m498
[2m2025-03-25T07:56:16.041782Z[0m [32m INFO[0m [1mnode[0m[1m{[0m[3mname[0m[2m=[0mk#addeef94..[1m}[0m[2m:[0m [2msui_core::state_accumulator[0m[2m:[0m [2mcrates/sui-core/src/state_accumulator.rs[0m[2m:[0m[2m675:[0m accumulating running root for checkpoint 498
[2m2025-03-25T07:56:16.183576Z[0m [32m INFO[0m [1mnode[0m[1m{[0m[3mname[0m[2m=[0mk#addeef94..[1m}[0m[2m:[0m [2mconsensus_core::core[0m[2m:[0m [2mconsensus/core/src/core.rs[0m[2m:[0m[2m945:[0m Included 3 ancestors & excluded 0 ancestors for proposal in round 299
[2m2025-03-25T07:56:16.183952Z[0m [32m INFO[0m [1mnode[0m[1m{[0m[3mname[0m[2m=[0mk#addeef94..[1m}[0m[2m:[0m [2mconsensus_core::core[0m[2m:[0m [2mconsensus/core/src/core.rs[0m[2m:[0m[2m531:[0m Created block B299(C,0PF7JULwEos5qe7lzS2jtcJwq2hW7cWxyhhAJ+m0cTg=)(1742889376183ms;[B298(C,OX6WfBYfwdG96fxiT5N1F3emOnUVTeYwhsBlzri1Zio=), B298(A,fXCvJP28TFBZSnYKRTjbDEvq5W8mMEmYzOFjJZWviUo=), B298(B,bkKIeOsyhlm52II7o+YZS3RFqPEewFUTKRjIDlIqw00=)];1t;1c) for round 299
[2m2025-03-25T07:56:16.185578Z[0m [32m INFO[0m [1mnode[0m[1m{[0m[3mname[0m[2m=[0mk#99f25ef6..[1m}[0m[2m:[0m [2mconsensus_core::core[0m[2m:[0m [2mconsensus/core/src/core.rs[0m[2m:[0m[2m945:[0m Included 3 ancestors & excluded 0 ancestors for proposal in round 299
[2m2025-03-25T07:56:16.185845Z[0m [32m INFO[0m [1mnode[0m[1m{[0m[3mname[0m[2m=[0mk#99f25ef6..[1m}[0m[2m:[0m [2mconsensus_core::core[0m[2m:[0m [2mconsensus/core/src/core.rs[0m[2m:[0m[2m531:[0m Created block B299(B,MbqUaWLB8nokQ7GkyuQNYC6kV838lwB70hG7KznhvGc=)(1742889376185ms;[B298(B,bkKIeOsyhlm52II7o+YZS3RFqPEewFUTKRjIDlIqw00=), B298(A,fXCvJP28TFBZSnYKRTjbDEvq5W8mMEmYzOFjJZWviUo=), B298(C,OX6WfBYfwdG96fxiT5N1F3emOnUVTeYwhsBlzri1Zio=)];1t;1c) for round 299
[2m2025-03-25T07:56:16.185903Z[0m [32m INFO[0m [1mnode[0m[1m{[0m[3mname[0m[2m=[0mk#8dcff6d1..[1m}[0m[2m:[0m [2mconsensus_core::core[0m[2m:[0m [2mconsensus/core/src/core.rs[0m[2m:[0m[2m945:[0m Included 3 ancestors & excluded 0 ancestors for proposal in round 299
[2m2025-03-25T07:56:16.185982Z[0m [32m INFO[0m [1mnode[0m[1m{[0m[3mname[0m[2m=[0mk#99f25ef6..[1m}[0m[2m:[0m [2mconsensus_core::core[0m[2m:[0m [2mconsensus/core/src/core.rs[0m[2m:[0m[2m630:[0m Committing 1 leaders: B297(C,6HhW)
[2m2025-03-25T07:56:16.186068Z[0m [32m INFO[0m [1mnode[0m[1m{[0m[3mname[0m[2m=[0mk#99f25ef6..[1m}[0m[2m:[0m [2mconsensus_core::commit_observer[0m[2m:[0m [2mconsensus/core/src/commit_observer.rs[0m[2m:[0m[2m173:[0m Consensus commit C287(p+El) with leader B297(C,6HhW) has 3 blocks
[2m2025-03-25T07:56:16.186186Z[0m [32m INFO[0m [1mnode[0m[1m{[0m[3mname[0m[2m=[0mk#8dcff6d1..[1m}[0m[2m:[0m [2mconsensus_core::core[0m[2m:[0m [2mconsensus/core/src/core.rs[0m[2m:[0m[2m531:[0m Created block B299(A,Yk1El1gKNvir7ZhcmkawEr6iD68K5umGg3w51WJdDNA=)(1742889376186ms;[B298(A,fXCvJP28TFBZSnYKRTjbDEvq5W8mMEmYzOFjJZWviUo=), B298(B,bkKIeOsyhlm52II7o+YZS3RFqPEewFUTKRjIDlIqw00=), B298(C,OX6WfBYfwdG96fxiT5N1F3emOnUVTeYwhsBlzri1Zio=)];1t;1c) for round 299
[2m2025-03-25T07:56:16.186249Z[0m [32m INFO[0m [1mnode[0m[1m{[0m[3mname[0m[2m=[0mk#8dcff6d1..[1m}[0m[2m:[0m [2mconsensus_core::core[0m[2m:[0m [2mconsensus/core/src/core.rs[0m[2m:[0m[2m630:[0m Committing 1 leaders: B297(C,6HhW)
[2m2025-03-25T07:56:16.186295Z[0m [32m INFO[0m [1mnode[0m[1m{[0m[3mname[0m[2m=[0mk#99f25ef6..[1m}[0m[2m:[0m [2msui_core::consensus_handler[0m[2m:[0m [2mcrates/sui-core/src/consensus_handler.rs[0m[2m:[0m[2m232:[0m Received consensus output [3mconsensus_commit[0m[2m=[0mCommittedSubDag(leader=B297(C,6HhW), ref=C287(p+El), blocks=[xQkw, cVNB, 6HhW]) [3mepoch[0m[2m=[0m1
[2m2025-03-25T07:56:16.186313Z[0m [32m INFO[0m [1mnode[0m[1m{[0m[3mname[0m[2m=[0mk#8dcff6d1..[1m}[0m[2m:[0m [2mconsensus_core::commit_observer[0m[2m:[0m [2mconsensus/core/src/commit_observer.rs[0m[2m:[0m[2m173:[0m Consensus commit C287(p+El) with leader B297(C,6HhW) has 3 blocks
[2m2025-03-25T07:56:16.186390Z[0m [32m INFO[0m [1mnode[0m[1m{[0m[3mname[0m[2m=[0mk#8dcff6d1..[1m}[0m[2m:[0m [2msui_core::consensus_handler[0m[2m:[0m [2mcrates/sui-core/src/consensus_handler.rs[0m[2m:[0m[2m232:[0m Received consensus output [3mconsensus_commit[0m[2m=[0mCommittedSubDag(leader=B297(C,6HhW), ref=C287(p+El), blocks=[xQkw, cVNB, 6HhW]) [3mepoch[0m[2m=[0m1
[2m2025-03-25T07:56:16.189942Z[0m [32m INFO[0m [1mnode[0m[1m{[0m[3mname[0m[2m=[0mk#addeef94..[1m}[0m[2m:[0m [2mconsensus_core::core[0m[2m:[0m [2mconsensus/core/src/core.rs[0m[2m:[0m[2m630:[0m Committing 1 leaders: B297(C,6HhW)
[2m2025-03-25T07:56:16.190038Z[0m [32m INFO[0m [1mnode[0m[1m{[0m[3mname[0m[2m=[0mk#addeef94..[1m}[0m[2m:[0m [2mconsensus_core::commit_observer[0m[2m:[0m [2mconsensus/core/src/commit_observer.rs[0m[2m:[0m[2m173:[0m Consensus commit C287(p+El) with leader B297(C,6HhW) has 3 blocks
[2m2025-03-25T07:56:16.190168Z[0m [32m INFO[0m [1mnode[0m[1m{[0m[3mname[0m[2m=[0mk#addeef94..[1m}[0m[2m:[0m [2msui_core::consensus_handler[0m[2m:[0m [2mcrates/sui-core/src/consensus_handler.rs[0m[2m:[0m[2m232:[0m Received consensus output [3mconsensus_commit[0m[2m=[0mCommittedSubDag(leader=B297(C,6HhW), ref=C287(p+El), blocks=[xQkw, cVNB, 6HhW]) [3mepoch[0m[2m=[0m1
[2m2025-03-25T07:56:16.212915Z[0m [32m INFO[0m [1mnode[0m[1m{[0m[3mname[0m[2m=[0mk#8dcff6d1..[1m}[0m[2m:[0m [2msui_core::checkpoints[0m[2m:[0m [2mcrates/sui-core/src/checkpoints/mod.rs[0m[2m:[0m[2m1326:[0m Creating checkpoint(s) for 2 transactions [3mnext_checkpoint_seq[0m[2m=[0m500 [3mcheckpoint_timestamp[0m[2m=[0m1742889375670
[2m2025-03-25T07:56:16.212915Z[0m [32m INFO[0m [1mnode[0m[1m{[0m[3mname[0m[2m=[0mk#99f25ef6..[1m}[0m[2m:[0m [2msui_core::checkpoints[0m[2m:[0m [2mcrates/sui-core/src/checkpoints/mod.rs[0m[2m:[0m[2m1326:[0m Creating checkpoint(s) for 2 transactions [3mnext_checkpoint_seq[0m[2m=[0m500 [3mcheckpoint_timestamp[0m[2m=[0m1742889375670
[2m2025-03-25T07:56:16.213233Z[0m [32m INFO[0m [1mnode[0m[1m{[0m[3mname[0m[2m=[0mk#8dcff6d1..[1m}[0m[2m:[0m [2msui_core::checkpoints::checkpoint_output[0m[2m:[0m [2mcrates/sui-core/src/checkpoints/checkpoint_output.rs[0m[2m:[0m[2m149:[0m Creating checkpoint CheckpointDigest(GqyrXsmC5ZvzXPERZrpKA15iGnPBWUCPCeC39DQy2QF1) at epoch 1, sequence 500, previous digest Some(CheckpointDigest(3DXmHfsggkmaeJjPA1mAsSJLLfhwKx19d5MJi3R6URSv)), transactions count 2, content digest CheckpointContentsDigest(DAwcDioaPYYRKtbaeUTqw2W2ehSzRaiFNz4bsRAvk6qT), end_of_epoch_data None
[2m2025-03-25T07:56:16.213233Z[0m [32m INFO[0m [1mnode[0m[1m{[0m[3mname[0m[2m=[0mk#99f25ef6..[1m}[0m[2m:[0m [2msui_core::checkpoints::checkpoint_output[0m[2m:[0m [2mcrates/sui-core/src/checkpoints/checkpoint_output.rs[0m[2m:[0m[2m149:[0m Creating checkpoint CheckpointDigest(GqyrXsmC5ZvzXPERZrpKA15iGnPBWUCPCeC39DQy2QF1) at epoch 1, sequence 500, previous digest Some(CheckpointDigest(3DXmHfsggkmaeJjPA1mAsSJLLfhwKx19d5MJi3R6URSv)), transactions count 2, content digest CheckpointContentsDigest(DAwcDioaPYYRKtbaeUTqw2W2ehSzRaiFNz4bsRAvk6qT), end_of_epoch_data None
[2m2025-03-25T07:56:16.216221Z[0m [32m INFO[0m [1mnode[0m[1m{[0m[3mname[0m[2m=[0mk#addeef94..[1m}[0m[2m:[0m [2msui_core::checkpoints[0m[2m:[0m [2mcrates/sui-core/src/checkpoints/mod.rs[0m[2m:[0m[2m1326:[0m Creating checkpoint(s) for 2 transactions [3mnext_checkpoint_seq[0m[2m=[0m500 [3mcheckpoint_timestamp[0m[2m=[0m1742889375670
[2m2025-03-25T07:56:16.216341Z[0m [32m INFO[0m [1mnode[0m[1m{[0m[3mname[0m[2m=[0mk#99f25ef6..[1m}[0m[2m:[0m [2msui_core::checkpoints::checkpoint_output[0m[2m:[0m [2mcrates/sui-core/src/checkpoints/checkpoint_output.rs[0m[2m:[0m[2m196:[0m Certified checkpoint with sequence 499 and digest 3DXmHfsggkmaeJjPA1mAsSJLLfhwKx19d5MJi3R6URSv
[2m2025-03-25T07:56:16.216416Z[0m [32m INFO[0m [1mnode[0m[1m{[0m[3mname[0m[2m=[0mk#8dcff6d1..[1m}[0m[2m:[0m [2msui_core::checkpoints::checkpoint_output[0m[2m:[0m [2mcrates/sui-core/src/checkpoints/checkpoint_output.rs[0m[2m:[0m[2m196:[0m Certified checkpoint with sequence 499 and digest 3DXmHfsggkmaeJjPA1mAsSJLLfhwKx19d5MJi3R6URSv
[2m2025-03-25T07:56:16.216471Z[0m [32m INFO[0m [1mnode[0m[1m{[0m[3mname[0m[2m=[0mk#addeef94..[1m}[0m[2m:[0m [2msui_core::checkpoints::checkpoint_output[0m[2m:[0m [2mcrates/sui-core/src/checkpoints/checkpoint_output.rs[0m[2m:[0m[2m149:[0m Creating checkpoint CheckpointDigest(GqyrXsmC5ZvzXPERZrpKA15iGnPBWUCPCeC39DQy2QF1) at epoch 1, sequence 500, previous digest Some(CheckpointDigest(3DXmHfsggkmaeJjPA1mAsSJLLfhwKx19d5MJi3R6URSv)), transactions count 2, content digest CheckpointContentsDigest(DAwcDioaPYYRKtbaeUTqw2W2ehSzRaiFNz4bsRAvk6qT), end_of_epoch_data None
[2m2025-03-25T07:56:16.216769Z[0m [32m INFO[0m [1mnode[0m[1m{[0m[3mname[0m[2m=[0mk#8dcff6d1..[1m}[0m[2m:[0m [2msui_core::checkpoints::checkpoint_executor[0m[2m:[0m [2mcrates/sui-core/src/checkpoints/checkpoint_executor/mod.rs[0m[2m:[0m[2m332:[0m Received checkpoint summary from state sync [3msequence_number[0m[2m=[0m499
[2m2025-03-25T07:56:16.216769Z[0m [32m INFO[0m [1mnode[0m[1m{[0m[3mname[0m[2m=[0mk#99f25ef6..[1m}[0m[2m:[0m [2msui_core::checkpoints::checkpoint_executor[0m[2m:[0m [2mcrates/sui-core/src/checkpoints/checkpoint_executor/mod.rs[0m[2m:[0m[2m332:[0m Received checkpoint summary from state sync [3msequence_number[0m[2m=[0m499
[2m2025-03-25T07:56:16.217926Z[0m [32m INFO[0m [1mnode[0m[1m{[0m[3mname[0m[2m=[0mk#8dcff6d1..[1m}[0m[2m:[0m [2msui_core::state_accumulator[0m[2m:[0m [2mcrates/sui-core/src/state_accumulator.rs[0m[2m:[0m[2m675:[0m accumulating running root for checkpoint 499
[2m2025-03-25T07:56:16.217927Z[0m [32m INFO[0m [1mnode[0m[1m{[0m[3mname[0m[2m=[0mk#99f25ef6..[1m}[0m[2m:[0m [2msui_core::state_accumulator[0m[2m:[0m [2mcrates/sui-core/src/state_accumulator.rs[0m[2m:[0m[2m675:[0m accumulating running root for checkpoint 499
[2m2025-03-25T07:56:16.221009Z[0m [32m INFO[0m [1mnode[0m[1m{[0m[3mname[0m[2m=[0mk#addeef94..[1m}[0m[2m:[0m [2msui_core::checkpoints::checkpoint_executor[0m[2m:[0m [2mcrates/sui-core/src/checkpoints/checkpoint_executor/mod.rs[0m[2m:[0m[2m332:[0m Received checkpoint summary from state sync [3msequence_number[0m[2m=[0m499
[2m2025-03-25T07:56:16.221740Z[0m [32m INFO[0m [1mnode[0m[1m{[0m[3mname[0m[2m=[0mk#addeef94..[1m}[0m[2m:[0m [2msui_core::state_accumulator[0m[2m:[0m [2mcrates/sui-core/src/state_accumulator.rs[0m[2m:[0m[2m675:[0m accumulating running root for checkpoint 499
[2m2025-03-25T07:56:16.438682Z[0m [32m INFO[0m [1mnode[0m[1m{[0m[3mname[0m[2m=[0mk#8dcff6d1..[1m}[0m[2m:[0m [2mconsensus_core::core[0m[2m:[0m [2mconsensus/core/src/core.rs[0m[2m:[0m[2m945:[0m Included 3 ancestors & excluded 0 ancestors for proposal in round 300
[2m2025-03-25T07:56:16.438887Z[0m [32m INFO[0m [1mnode[0m[1m{[0m[3mname[0m[2m=[0mk#99f25ef6..[1m}[0m[2m:[0m [2mconsensus_core::core[0m[2m:[0m [2mconsensus/core/src/core.rs[0m[2m:[0m[2m945:[0m Included 3 ancestors & excluded 0 ancestors for proposal in round 300
[2m2025-03-25T07:56:16.439055Z[0m [32m INFO[0m [1mnode[0m[1m{[0m[3mname[0m[2m=[0mk#8dcff6d1..[1m}[0m[2m:[0m [2mconsensus_core::core[0m[2m:[0m [2mconsensus/core/src/core.rs[0m[2m:[0m[2m531:[0m Created block B300(A,fyhwXa115eMzDLOCrVTNPFFnhHGhitiVntneM3UNHWc=)(1742889376438ms;[B299(A,Yk1El1gKNvir7ZhcmkawEr6iD68K5umGg3w51WJdDNA=), B299(B,MbqUaWLB8nokQ7GkyuQNYC6kV838lwB70hG7KznhvGc=), B299(C,0PF7JULwEos5qe7lzS2jtcJwq2hW7cWxyhhAJ+m0cTg=)];1t;1c) for round 300
[2m2025-03-25T07:56:16.439180Z[0m [32m INFO[0m [1mnode[0m[1m{[0m[3mname[0m[2m=[0mk#99f25ef6..[1m}[0m[2m:[0m [2mconsensus_core::core[0m[2m:[0m [2mconsensus/core/src/core.rs[0m[2m:[0m[2m531:[0m Created block B300(B,EjYyqr/WPGnsOwn983hNgM+6i7NyEmTQlnn65v9DXTA=)(1742889376439ms;[B299(B,MbqUaWLB8nokQ7GkyuQNYC6kV838lwB70hG7KznhvGc=), B299(A,Yk1El1gKNvir7ZhcmkawEr6iD68K5umGg3w51WJdDNA=), B299(C,0PF7JULwEos5qe7lzS2jtcJwq2hW7cWxyhhAJ+m0cTg=)];1t;1c) for round 300
[2m2025-03-25T07:56:16.442226Z[0m [32m INFO[0m [1mnode[0m[1m{[0m[3mname[0m[2m=[0mk#addeef94..[1m}[0m[2m:[0m [2mconsensus_core::core[0m[2m:[0m [2mconsensus/core/src/core.rs[0m[2m:[0m[2m945:[0m Included 3 ancestors & excluded 0 ancestors for proposal in round 300
[2m2025-03-25T07:56:16.442536Z[0m [32m INFO[0m [1mnode[0m[1m{[0m[3mname[0m[2m=[0mk#addeef94..[1m}[0m[2m:[0m [2mconsensus_core::core[0m[2m:[0m [2mconsensus/core/src/core.rs[0m[2m:[0m[2m531:[0m Created block B300(C,U+IfN/kIDTp9Vs6bLVv/3ApmZnHZrxnz3tXwE3W1k8E=)(1742889376442ms;[B299(C,0PF7JULwEos5qe7lzS2jtcJwq2hW7cWxyhhAJ+m0cTg=), B299(A,Yk1El1gKNvir7ZhcmkawEr6iD68K5umGg3w51WJdDNA=), B299(B,MbqUaWLB8nokQ7GkyuQNYC6kV838lwB70hG7KznhvGc=)];1t;1c) for round 300
[2m2025-03-25T07:56:16.442610Z[0m [32m INFO[0m [1mnode[0m[1m{[0m[3mname[0m[2m=[0mk#addeef94..[1m}[0m[2m:[0m [2mconsensus_core::core[0m[2m:[0m [2mconsensus/core/src/core.rs[0m[2m:[0m[2m630:[0m Committing 1 leaders: B298(C,OX6W)
[2m2025-03-25T07:56:16.442683Z[0m [32m INFO[0m [1mnode[0m[1m{[0m[3mname[0m[2m=[0mk#addeef94..[1m}[0m[2m:[0m [2mconsensus_core::commit_observer[0m[2m:[0m [2mconsensus/core/src/commit_observer.rs[0m[2m:[0m[2m173:[0m Consensus commit C288(86NR) with leader B298(C,OX6W) has 3 blocks
[2m2025-03-25T07:56:16.442937Z[0m [32m INFO[0m [1mnode[0m[1m{[0m[3mname[0m[2m=[0mk#addeef94..[1m}[0m[2m:[0m [2msui_core::consensus_handler[0m[2m:[0m [2mcrates/sui-core/src/consensus_handler.rs[0m[2m:[0m[2m232:[0m Received consensus output [3mconsensus_commit[0m[2m=[0mCommittedSubDag(leader=B298(C,OX6W), ref=C288(86NR), blocks=[tB2A, PUd4, OX6W]) [3mepoch[0m[2m=[0m1
[2m2025-03-25T07:56:16.446025Z[0m [32m INFO[0m [1mnode[0m[1m{[0m[3mname[0m[2m=[0mk#99f25ef6..[1m}[0m[2m:[0m [2msui_core::checkpoints::checkpoint_output[0m[2m:[0m [2mcrates/sui-core/src/checkpoints/checkpoint_output.rs[0m[2m:[0m[2m196:[0m Certified checkpoint with sequence 500 and digest GqyrXsmC5ZvzXPERZrpKA15iGnPBWUCPCeC39DQy2QF1
[2m2025-03-25T07:56:16.446030Z[0m [32m INFO[0m [1mnode[0m[1m{[0m[3mname[0m[2m=[0mk#8dcff6d1..[1m}[0m[2m:[0m [2msui_core::checkpoints::checkpoint_output[0m[2m:[0m [2mcrates/sui-core/src/checkpoints/checkpoint_output.rs[0m[2m:[0m[2m196:[0m Certified checkpoint with sequence 500 and digest GqyrXsmC5ZvzXPERZrpKA15iGnPBWUCPCeC39DQy2QF1
[2m2025-03-25T07:56:16.446131Z[0m [32m INFO[0m [1mnode[0m[1m{[0m[3mname[0m[2m=[0mk#8dcff6d1..[1m}[0m[2m:[0m [2mconsensus_core::core[0m[2m:[0m [2mconsensus/core/src/core.rs[0m[2m:[0m[2m630:[0m Committing 1 leaders: B298(C,OX6W)
[2m2025-03-25T07:56:16.446131Z[0m [32m INFO[0m [1mnode[0m[1m{[0m[3mname[0m[2m=[0mk#99f25ef6..[1m}[0m[2m:[0m [2mconsensus_core::core[0m[2m:[0m [2mconsensus/core/src/core.rs[0m[2m:[0m[2m630:[0m Committing 1 leaders: B298(C,OX6W)
[2m2025-03-25T07:56:16.446228Z[0m [32m INFO[0m [1mnode[0m[1m{[0m[3mname[0m[2m=[0mk#8dcff6d1..[1m}[0m[2m:[0m [2mconsensus_core::commit_observer[0m[2m:[0m [2mconsensus/core/src/commit_observer.rs[0m[2m:[0m[2m173:[0m Consensus commit C288(86NR) with leader B298(C,OX6W) has 3 blocks
[2m2025-03-25T07:56:16.446232Z[0m [32m INFO[0m [1mnode[0m[1m{[0m[3mname[0m[2m=[0mk#99f25ef6..[1m}[0m[2m:[0m [2mconsensus_core::commit_observer[0m[2m:[0m [2mconsensus/core/src/commit_observer.rs[0m[2m:[0m[2m173:[0m Consensus commit C288(86NR) with leader B298(C,OX6W) has 3 blocks
[2m2025-03-25T07:56:16.446661Z[0m [32m INFO[0m [1mnode[0m[1m{[0m[3mname[0m[2m=[0mk#8dcff6d1..[1m}[0m[2m:[0m [2msui_core::consensus_handler[0m[2m:[0m [2mcrates/sui-core/src/consensus_handler.rs[0m[2m:[0m[2m232:[0m Received consensus output [3mconsensus_commit[0m[2m=[0mCommittedSubDag(leader=B298(C,OX6W), ref=C288(86NR), blocks=[tB2A, PUd4, OX6W]) [3mepoch[0m[2m=[0m1
[2m2025-03-25T07:56:16.446661Z[0m [32m INFO[0m [1mnode[0m[1m{[0m[3mname[0m[2m=[0mk#99f25ef6..[1m}[0m[2m:[0m [2msui_core::consensus_handler[0m[2m:[0m [2mcrates/sui-core/src/consensus_handler.rs[0m[2m:[0m[2m232:[0m Received consensus output [3mconsensus_commit[0m[2m=[0mCommittedSubDag(leader=B298(C,OX6W), ref=C288(86NR), blocks=[tB2A, PUd4, OX6W]) [3mepoch[0m[2m=[0m1
[2m2025-03-25T07:56:16.447261Z[0m [32m INFO[0m [1mnode[0m[1m{[0m[3mname[0m[2m=[0mk#8dcff6d1..[1m}[0m[2m:[0m [2msui_core::checkpoints::checkpoint_executor[0m[2m:[0m [2mcrates/sui-core/src/checkpoints/checkpoint_executor/mod.rs[0m[2m:[0m[2m332:[0m Received checkpoint summary from state sync [3msequence_number[0m[2m=[0m500
[2m2025-03-25T07:56:16.447261Z[0m [32m INFO[0m [1mnode[0m[1m{[0m[3mname[0m[2m=[0mk#99f25ef6..[1m}[0m[2m:[0m [2msui_core::checkpoints::checkpoint_executor[0m[2m:[0m [2mcrates/sui-core/src/checkpoints/checkpoint_executor/mod.rs[0m[2m:[0m[2m332:[0m Received checkpoint summary from state sync [3msequence_number[0m[2m=[0m500
[2m2025-03-25T07:56:16.460825Z[0m [32m INFO[0m [1mnode[0m[1m{[0m[3mname[0m[2m=[0mk#99f25ef6..[1m}[0m[2m:[0m [2msui_core::state_accumulator[0m[2m:[0m [2mcrates/sui-core/src/state_accumulator.rs[0m[2m:[0m[2m675:[0m accumulating running root for checkpoint 500
[2m2025-03-25T07:56:16.460826Z[0m [32m INFO[0m [1mnode[0m[1m{[0m[3mname[0m[2m=[0mk#8dcff6d1..[1m}[0m[2m:[0m [2msui_core::state_accumulator[0m[2m:[0m [2mcrates/sui-core/src/state_accumulator.rs[0m[2m:[0m[2m675:[0m accumulating running root for checkpoint 500
[2m2025-03-25T07:56:16.487062Z[0m [32m INFO[0m [1mnode[0m[1m{[0m[3mname[0m[2m=[0mk#addeef94..[1m}[0m[2m:[0m [2msui_core::checkpoints[0m[2m:[0m [2mcrates/sui-core/src/checkpoints/mod.rs[0m[2m:[0m[2m1326:[0m Creating checkpoint(s) for 1 transactions [3mnext_checkpoint_seq[0m[2m=[0m501 [3mcheckpoint_timestamp[0m[2m=[0m1742889375929
[2m2025-03-25T07:56:16.487292Z[0m [32m INFO[0m [1mnode[0m[1m{[0m[3mname[0m[2m=[0mk#addeef94..[1m}[0m[2m:[0m [2msui_core::checkpoints::checkpoint_output[0m[2m:[0m [2mcrates/sui-core/src/checkpoints/checkpoint_output.rs[0m[2m:[0m[2m149:[0m Creating checkpoint CheckpointDigest(AS4H6pvfyRwAuBy6MBXCSMTDJdXqWUrrRx34y4HEhAa3) at epoch 1, sequence 501, previous digest Some(CheckpointDigest(GqyrXsmC5ZvzXPERZrpKA15iGnPBWUCPCeC39DQy2QF1)), transactions count 1, content digest CheckpointContentsDigest(AFNEsJ2GHvEfjSvKfwfdQcoNZVjkH5wbYbZLfVJ2MVsK), end_of_epoch_data None
[2m2025-03-25T07:56:16.491838Z[0m [32m INFO[0m [1mnode[0m[1m{[0m[3mname[0m[2m=[0mk#8dcff6d1..[1m}[0m[2m:[0m [2msui_core::checkpoints[0m[2m:[0m [2mcrates/sui-core/src/checkpoints/mod.rs[0m[2m:[0m[2m1326:[0m Creating checkpoint(s) for 1 transactions [3mnext_checkpoint_seq[0m[2m=[0m501 [3mcheckpoint_timestamp[0m[2m=[0m1742889375929
[2m2025-03-25T07:56:16.492014Z[0m [32m INFO[0m [1mnode[0m[1m{[0m[3mname[0m[2m=[0mk#8dcff6d1..[1m}[0m[2m:[0m [2msui_core::checkpoints::checkpoint_output[0m[2m:[0m [2mcrates/sui-core/src/checkpoints/checkpoint_output.rs[0m[2m:[0m[2m149:[0m Creating checkpoint CheckpointDigest(AS4H6pvfyRwAuBy6MBXCSMTDJdXqWUrrRx34y4HEhAa3) at epoch 1, sequence 501, previous digest Some(CheckpointDigest(GqyrXsmC5ZvzXPERZrpKA15iGnPBWUCPCeC39DQy2QF1)), transactions count 1, content digest CheckpointContentsDigest(AFNEsJ2GHvEfjSvKfwfdQcoNZVjkH5wbYbZLfVJ2MVsK), end_of_epoch_data None
[2m2025-03-25T07:56:16.492057Z[0m [32m INFO[0m [1mnode[0m[1m{[0m[3mname[0m[2m=[0mk#99f25ef6..[1m}[0m[2m:[0m [2msui_core::checkpoints[0m[2m:[0m [2mcrates/sui-core/src/checkpoints/mod.rs[0m[2m:[0m[2m1326:[0m Creating checkpoint(s) for 1 transactions [3mnext_checkpoint_seq[0m[2m=[0m501 [3mcheckpoint_timestamp[0m[2m=[0m1742889375929
[2m2025-03-25T07:56:16.492224Z[0m [32m INFO[0m [1mnode[0m[1m{[0m[3mname[0m[2m=[0mk#99f25ef6..[1m}[0m[2m:[0m [2msui_core::checkpoints::checkpoint_output[0m[2m:[0m [2mcrates/sui-core/src/checkpoints/checkpoint_output.rs[0m[2m:[0m[2m149:[0m Creating checkpoint CheckpointDigest(AS4H6pvfyRwAuBy6MBXCSMTDJdXqWUrrRx34y4HEhAa3) at epoch 1, sequence 501, previous digest Some(CheckpointDigest(GqyrXsmC5ZvzXPERZrpKA15iGnPBWUCPCeC39DQy2QF1)), transactions count 1, content digest CheckpointContentsDigest(AFNEsJ2GHvEfjSvKfwfdQcoNZVjkH5wbYbZLfVJ2MVsK), end_of_epoch_data None
[2m2025-03-25T07:56:16.553691Z[0m [32m INFO[0m [1mnode[0m[1m{[0m[3mname[0m[2m=[0mk#addeef94..[1m}[0m[2m:[0m [2msui_core::checkpoints::checkpoint_executor[0m[2m:[0m [2mcrates/sui-core/src/checkpoints/checkpoint_executor/mod.rs[0m[2m:[0m[2m332:[0m Received checkpoint summary from state sync [3msequence_number[0m[2m=[0m500
[2m2025-03-25T07:56:16.555160Z[0m [32m INFO[0m [1mnode[0m[1m{[0m[3mname[0m[2m=[0mk#addeef94..[1m}[0m[2m:[0m [2msui_core::state_accumulator[0m[2m:[0m [2mcrates/sui-core/src/state_accumulator.rs[0m[2m:[0m[2m675:[0m accumulating running root for checkpoint 500
[2m2025-03-25T07:56:16.572591Z[0m [32m INFO[0m [1mnode[0m[1m{[0m[3mname[0m[2m=[0mk#b3f3cbb4..[1m}[0m[2m:[0m[1mjson-rpc-request[0m[2m:[0m[1mdev_inspect_transaction_block[0m[1m{[0m[3msender_address[0m[2m=[0m0x0000000000000000000000000000000000000000000000000000000000000000 [3mtx_bytes[0m[2m=[0mBase64("AAMBAQAAAAAAAAAAAAAAAAAAAAAAAAAAAAAAAAAAAAAAAAAJAQAAAAAAAAABAAECAAgAAAAAAAAAAAEAAAAAAAAAAAAAAAAAAAAAAAAAAAAAAAAAAAAAAAAAAAsGYnJpZGdlIGdldF90b2tlbl90cmFuc2Zlcl9hY3Rpb25fc3RhdHVzAAMBAAABAQABAgA=") [3mgas_price[0m[2m=[0mNone [3m_epoch[0m[2m=[0mNone [3madditional_args[0m[2m=[0mNone[1m}[0m[2m:[0m [2msui_json_rpc::transaction_execution_api[0m[2m:[0m [2mcrates/sui-json-rpc/src/transaction_execution_api.rs[0m[2m:[0m[2m351:[0m RPC took longer than threshold to complete. [3melapsed[0m[2m=[0m1.534125959s
[2m2025-03-25T07:56:16.573489Z[0m [32m INFO[0m [2msui_bridge::e2e_tests::test_utils[0m[2m:[0m [2mcrates/sui-bridge/src/e2e_tests/test_utils.rs[0m[2m:[0m[2m1452:[0m get_token_transfer_action_onchain_status_until_success took 1.536881584s, status: Pending
[2m2025-03-25T07:56:16.574537Z[0m [32m INFO[0m [1mnode[0m[1m{[0m[3mname[0m[2m=[0mk#b3f3cbb4..[1m}[0m[2m:[0m [2msui_core::checkpoints::checkpoint_executor[0m[2m:[0m [2mcrates/sui-core/src/checkpoints/checkpoint_executor/mod.rs[0m[2m:[0m[2m332:[0m Received checkpoint summary from state sync [3msequence_number[0m[2m=[0m494
[2m2025-03-25T07:56:16.663818Z[0m [32m INFO[0m [2msui_bridge::sui_syncer[0m[2m:[0m [2mcrates/sui-bridge/src/sui_syncer.rs[0m[2m:[0m[2m149:[0m Observed 1 new Sui events [3mmodule[0m[2m=[0mIdentifier("bridge") [3mcursor[0m[2m=[0mSome(EventID { tx_digest: TransactionDigest(JDYZWo7pouDfQMZQ1svXm7rFiHM4Wx8n49TtVZxwEGXL), event_seq: 0 })
[2m2025-03-25T07:56:16.663848Z[0m [32m INFO[0m [2msui_bridge::orchestrator[0m[2m:[0m [2mcrates/sui-bridge/src/orchestrator.rs[0m[2m:[0m[2m138:[0m Received 1 Sui events: [SuiEvent { id: EventID { tx_digest: TransactionDigest(JDYZWo7pouDfQMZQ1svXm7rFiHM4Wx8n49TtVZxwEGXL), event_seq: 0 }, package_id: 0x000000000000000000000000000000000000000000000000000000000000000b, transaction_module: Identifier("bridge"), sender: 0x04a92ab35c30447220964695cc04dfdb26d007c17bf50c178f19eacb981afca1, type_: StructTag { address: 000000000000000000000000000000000000000000000000000000000000000b, module: Identifier("bridge"), name: Identifier("TokenDepositedEvent"), type_params: [] }, parsed_json: Object {"amount": String("100000000000000"), "sender_address": Array [Number(4), Number(169), Number(42), Number(179), Number(92), Number(48), Number(68), Number(114), Number(32), Number(150), Number(70), Number(149), Number(204), Number(4), Number(223), Number(219), Number(38), Number(208), Number(7), Number(193), Number(123), Number(245), Number(12), Number(23), Number(143), Number(25), Number(234), Number(203), Number(152), Number(26), Number(252), Number(161)], "seq_num": String("0"), "source_chain": Number(2), "target_address": Array [Number(249), Number(81), Number(14), Number(181), Number(207), Number(148), Number(205), Number(250), Number(64), Number(123), Number(165), Number(252), Number(91), Number(242), Number(249), Number(208), Number(225), Number(136), Number(122), Number(176)], "target_chain": Number(12), "token_type": String("4")}, bcs: Base64 { bcs: [0, 0, 0, 0, 0, 0, 0, 0, 2, 32, 4, 169, 42, 179, 92, 48, 68, 114, 32, 150, 70, 149, 204, 4, 223, 219, 38, 208, 7, 193, 123, 245, 12, 23, 143, 25, 234, 203, 152, 26, 252, 161, 12, 20, 249, 81, 14, 181, 207, 148, 205, 250, 64, 123, 165, 252, 91, 242, 249, 208, 225, 136, 122, 176, 4, 0, 0, 0, 0, 0, 0, 0, 0, 64, 122, 16, 243, 90, 0, 0] }, timestamp_ms: Some(1742889374827) }]
[2m2025-03-25T07:56:16.663905Z[0m [32m INFO[0m [2msui_bridge::orchestrator[0m[2m:[0m [2mcrates/sui-bridge/src/orchestrator.rs[0m[2m:[0m[2m172:[0m Observed Sui bridge event: SuiToEthTokenBridgeV1(EmittedSuiToEthTokenBridgeV1 { nonce: 0, sui_chain_id: SuiCustom, eth_chain_id: EthCustom, sui_address: 0x04a92ab35c30447220964695cc04dfdb26d007c17bf50c178f19eacb981afca1, eth_address: 0xf9510eb5cf94cdfa407ba5fc5bf2f9d0e1887ab0, token_id: 4, amount_sui_adjusted: 100000000000000, tx_hash: [], event_idx: 0 })
[2m2025-03-25T07:56:16.663957Z[0m [32m INFO[0m [2msui_bridge::orchestrator[0m[2m:[0m [2mcrates/sui-bridge/src/orchestrator.rs[0m[2m:[0m[2m192:[0m Received 1 actions from Sui: [SuiToEthBridgeAction(SuiToEthBridgeAction { sui_tx_digest: TransactionDigest(JDYZWo7pouDfQMZQ1svXm7rFiHM4Wx8n49TtVZxwEGXL), sui_tx_event_index: 0, sui_bridge_event: EmittedSuiToEthTokenBridgeV1 { nonce: 0, sui_chain_id: SuiCustom, eth_chain_id: EthCustom, sui_address: 0x04a92ab35c30447220964695cc04dfdb26d007c17bf50c178f19eacb981afca1, eth_address: 0xf9510eb5cf94cdfa407ba5fc5bf2f9d0e1887ab0, token_id: 4, amount_sui_adjusted: 100000000000000, tx_hash: [], event_idx: 0 } })]
[2m2025-03-25T07:56:16.664055Z[0m [32m INFO[0m [2msui_bridge::action_executor[0m[2m:[0m [2mcrates/sui-bridge/src/action_executor.rs[0m[2m:[0m[2m660:[0m bbking 325 action2: SuiToEthBridgeAction(SuiToEthBridgeAction { sui_tx_digest: TransactionDigest(JDYZWo7pouDfQMZQ1svXm7rFiHM4Wx8n49TtVZxwEGXL), sui_tx_event_index: 0, sui_bridge_event: EmittedSuiToEthTokenBridgeV1 { nonce: 0, sui_chain_id: SuiCustom, eth_chain_id: EthCustom, sui_address: 0x04a92ab35c30447220964695cc04dfdb26d007c17bf50c178f19eacb981afca1, eth_address: 0xf9510eb5cf94cdfa407ba5fc5bf2f9d0e1887ab0, token_id: 4, amount_sui_adjusted: 100000000000000, tx_hash: [], event_idx: 0 } })
[2m2025-03-25T07:56:16.664096Z[0m [32m INFO[0m [2msui_bridge::monitor[0m[2m:[0m [2mcrates/sui-bridge/src/monitor.rs[0m[2m:[0m[2m113:[0m Received SuiBridgeEvent: SuiToEthTokenBridgeV1(EmittedSuiToEthTokenBridgeV1 { nonce: 0, sui_chain_id: SuiCustom, eth_chain_id: EthCustom, sui_address: 0x04a92ab35c30447220964695cc04dfdb26d007c17bf50c178f19eacb981afca1, eth_address: 0xf9510eb5cf94cdfa407ba5fc5bf2f9d0e1887ab0, token_id: 4, amount_sui_adjusted: 100000000000000, tx_hash: [], event_idx: 0 })
[2m2025-03-25T07:56:16.664126Z[0m [32m INFO[0m [1mhandle_signing_task[0m[1m{[0m[3maction_key[0m[2m=[0mBridgeActionKey(0,2,0) [3mattempt_times[0m[2m=[0m0[1m}[0m[2m:[0m [2msui_bridge::action_executor[0m[2m:[0m [2mcrates/sui-bridge/src/action_executor.rs[0m[2m:[0m[2m264:[0m Received action for signing: SuiToEthBridgeAction(SuiToEthBridgeAction { sui_tx_digest: TransactionDigest(JDYZWo7pouDfQMZQ1svXm7rFiHM4Wx8n49TtVZxwEGXL), sui_tx_event_index: 0, sui_bridge_event: EmittedSuiToEthTokenBridgeV1 { nonce: 0, sui_chain_id: SuiCustom, eth_chain_id: EthCustom, sui_address: 0x04a92ab35c30447220964695cc04dfdb26d007c17bf50c178f19eacb981afca1, eth_address: 0xf9510eb5cf94cdfa407ba5fc5bf2f9d0e1887ab0, token_id: 4, amount_sui_adjusted: 100000000000000, tx_hash: [], event_idx: 0 } })
[2m2025-03-25T07:56:16.680075Z[0m [32m INFO[0m [1mnode[0m[1m{[0m[3mname[0m[2m=[0mk#b3f3cbb4..[1m}[0m[2m:[0m [2msui_core::state_accumulator[0m[2m:[0m [2mcrates/sui-core/src/state_accumulator.rs[0m[2m:[0m[2m675:[0m accumulating running root for checkpoint 494
[2m2025-03-25T07:56:16.682163Z[0m [32m INFO[0m [2msui_bridge::action_executor[0m[2m:[0m [2mcrates/sui-bridge/src/action_executor.rs[0m[2m:[0m[2m284:[0m Spawning future crates/sui-bridge/src/action_executor.rs:request_signatures
[2m2025-03-25T07:56:16.682172Z[0m [32m INFO[0m [2msui_bridge::action_executor[0m[2m:[0m [2mcrates/sui-bridge/src/action_executor.rs[0m[2m:[0m[2m353:[0m requesting signatures
[2m2025-03-25T07:56:16.683698Z[0m [32m INFO[0m [1mnode[0m[1m{[0m[3mname[0m[2m=[0mk#b3f3cbb4..[1m}[0m[2m:[0m [2msui_core::checkpoints::checkpoint_executor[0m[2m:[0m [2mcrates/sui-core/src/checkpoints/checkpoint_executor/mod.rs[0m[2m:[0m[2m332:[0m Received checkpoint summary from state sync [3msequence_number[0m[2m=[0m495
[2m2025-03-25T07:56:16.683858Z[0m [32m INFO[0m [1mnode[0m[1m{[0m[3mname[0m[2m=[0mk#b3f3cbb4..[1m}[0m[2m:[0m [2msui_core::checkpoints::checkpoint_executor[0m[2m:[0m [2mcrates/sui-core/src/checkpoints/checkpoint_executor/mod.rs[0m[2m:[0m[2m332:[0m Received checkpoint summary from state sync [3msequence_number[0m[2m=[0m496
[2m2025-03-25T07:56:16.683900Z[0m [32m INFO[0m [1mnode[0m[1m{[0m[3mname[0m[2m=[0mk#b3f3cbb4..[1m}[0m[2m:[0m [2msui_core::checkpoints::checkpoint_executor[0m[2m:[0m [2mcrates/sui-core/src/checkpoints/checkpoint_executor/mod.rs[0m[2m:[0m[2m332:[0m Received checkpoint summary from state sync [3msequence_number[0m[2m=[0m497
[2m2025-03-25T07:56:16.696010Z[0m [32m INFO[0m [1mnode[0m[1m{[0m[3mname[0m[2m=[0mk#addeef94..[1m}[0m[2m:[0m [2mconsensus_core::core[0m[2m:[0m [2mconsensus/core/src/core.rs[0m[2m:[0m[2m945:[0m Included 3 ancestors & excluded 0 ancestors for proposal in round 301
[2m2025-03-25T07:56:16.696364Z[0m [32m INFO[0m [1mnode[0m[1m{[0m[3mname[0m[2m=[0mk#addeef94..[1m}[0m[2m:[0m [2mconsensus_core::core[0m[2m:[0m [2mconsensus/core/src/core.rs[0m[2m:[0m[2m531:[0m Created block B301(C,1GNu9rGUZ8Us91dkMJQH0e5Z9mqbGb+S4NmvFm6W5dQ=)(1742889376696ms;[B300(C,U+IfN/kIDTp9Vs6bLVv/3ApmZnHZrxnz3tXwE3W1k8E=), B300(A,fyhwXa115eMzDLOCrVTNPFFnhHGhitiVntneM3UNHWc=), B300(B,EjYyqr/WPGnsOwn983hNgM+6i7NyEmTQlnn65v9DXTA=)];1t;1c) for round 301
[2m2025-03-25T07:56:16.698244Z[0m [32m INFO[0m [1mnode[0m[1m{[0m[3mname[0m[2m=[0mk#8dcff6d1..[1m}[0m[2m:[0m [2mconsensus_core::core[0m[2m:[0m [2mconsensus/core/src/core.rs[0m[2m:[0m[2m945:[0m Included 3 ancestors & excluded 0 ancestors for proposal in round 301
[2m2025-03-25T07:56:16.698244Z[0m [32m INFO[0m [1mnode[0m[1m{[0m[3mname[0m[2m=[0mk#99f25ef6..[1m}[0m[2m:[0m [2mconsensus_core::core[0m[2m:[0m [2mconsensus/core/src/core.rs[0m[2m:[0m[2m945:[0m Included 3 ancestors & excluded 0 ancestors for proposal in round 301
[2m2025-03-25T07:56:16.698530Z[0m [32m INFO[0m [1mnode[0m[1m{[0m[3mname[0m[2m=[0mk#8dcff6d1..[1m}[0m[2m:[0m [2mconsensus_core::core[0m[2m:[0m [2mconsensus/core/src/core.rs[0m[2m:[0m[2m531:[0m Created block B301(A,Tbyr6RT6qJm89e/hd1IdS23vCo/asDlqu+YmEJZGbfM=)(1742889376698ms;[B300(A,fyhwXa115eMzDLOCrVTNPFFnhHGhitiVntneM3UNHWc=), B300(B,EjYyqr/WPGnsOwn983hNgM+6i7NyEmTQlnn65v9DXTA=), B300(C,U+IfN/kIDTp9Vs6bLVv/3ApmZnHZrxnz3tXwE3W1k8E=)];1t;1c) for round 301
[2m2025-03-25T07:56:16.698528Z[0m [32m INFO[0m [1mnode[0m[1m{[0m[3mname[0m[2m=[0mk#99f25ef6..[1m}[0m[2m:[0m [2mconsensus_core::core[0m[2m:[0m [2mconsensus/core/src/core.rs[0m[2m:[0m[2m531:[0m Created block B301(B,WedXkvUPC9mAQzHDy31Mpppu3l2FfocI6UCRRqsPDFw=)(1742889376698ms;[B300(B,EjYyqr/WPGnsOwn983hNgM+6i7NyEmTQlnn65v9DXTA=), B300(A,fyhwXa115eMzDLOCrVTNPFFnhHGhitiVntneM3UNHWc=), B300(C,U+IfN/kIDTp9Vs6bLVv/3ApmZnHZrxnz3tXwE3W1k8E=)];1t;1c) for round 301
[2m2025-03-25T07:56:16.698596Z[0m [32m INFO[0m [1mnode[0m[1m{[0m[3mname[0m[2m=[0mk#8dcff6d1..[1m}[0m[2m:[0m [2mconsensus_core::core[0m[2m:[0m [2mconsensus/core/src/core.rs[0m[2m:[0m[2m630:[0m Committing 1 leaders: B299(B,MbqU)
[2m2025-03-25T07:56:16.698596Z[0m [32m INFO[0m [1mnode[0m[1m{[0m[3mname[0m[2m=[0mk#99f25ef6..[1m}[0m[2m:[0m [2mconsensus_core::core[0m[2m:[0m [2mconsensus/core/src/core.rs[0m[2m:[0m[2m630:[0m Committing 1 leaders: B299(B,MbqU)
[2m2025-03-25T07:56:16.698665Z[0m [32m INFO[0m [1mnode[0m[1m{[0m[3mname[0m[2m=[0mk#8dcff6d1..[1m}[0m[2m:[0m [2mconsensus_core::commit_observer[0m[2m:[0m [2mconsensus/core/src/commit_observer.rs[0m[2m:[0m[2m173:[0m Consensus commit C289(51x4) with leader B299(B,MbqU) has 3 blocks
[2m2025-03-25T07:56:16.698666Z[0m [32m INFO[0m [1mnode[0m[1m{[0m[3mname[0m[2m=[0mk#99f25ef6..[1m}[0m[2m:[0m [2mconsensus_core::commit_observer[0m[2m:[0m [2mconsensus/core/src/commit_observer.rs[0m[2m:[0m[2m173:[0m Consensus commit C289(51x4) with leader B299(B,MbqU) has 3 blocks
[2m2025-03-25T07:56:16.698751Z[0m [32m INFO[0m [1mnode[0m[1m{[0m[3mname[0m[2m=[0mk#8dcff6d1..[1m}[0m[2m:[0m [2msui_core::consensus_handler[0m[2m:[0m [2mcrates/sui-core/src/consensus_handler.rs[0m[2m:[0m[2m232:[0m Received consensus output [3mconsensus_commit[0m[2m=[0mCommittedSubDag(leader=B299(B,MbqU), ref=C289(51x4), blocks=[fXCv, bkKI, MbqU]) [3mepoch[0m[2m=[0m1
[2m2025-03-25T07:56:16.698751Z[0m [32m INFO[0m [1mnode[0m[1m{[0m[3mname[0m[2m=[0mk#99f25ef6..[1m}[0m[2m:[0m [2msui_core::consensus_handler[0m[2m:[0m [2mcrates/sui-core/src/consensus_handler.rs[0m[2m:[0m[2m232:[0m Received consensus output [3mconsensus_commit[0m[2m=[0mCommittedSubDag(leader=B299(B,MbqU), ref=C289(51x4), blocks=[fXCv, bkKI, MbqU]) [3mepoch[0m[2m=[0m1
[2m2025-03-25T07:56:16.702327Z[0m [32m INFO[0m [1mnode[0m[1m{[0m[3mname[0m[2m=[0mk#addeef94..[1m}[0m[2m:[0m [2mconsensus_core::core[0m[2m:[0m [2mconsensus/core/src/core.rs[0m[2m:[0m[2m630:[0m Committing 1 leaders: B299(B,MbqU)
[2m2025-03-25T07:56:16.702426Z[0m [32m INFO[0m [1mnode[0m[1m{[0m[3mname[0m[2m=[0mk#addeef94..[1m}[0m[2m:[0m [2mconsensus_core::commit_observer[0m[2m:[0m [2mconsensus/core/src/commit_observer.rs[0m[2m:[0m[2m173:[0m Consensus commit C289(51x4) with leader B299(B,MbqU) has 3 blocks
[2m2025-03-25T07:56:16.702561Z[0m [32m INFO[0m [1mnode[0m[1m{[0m[3mname[0m[2m=[0mk#addeef94..[1m}[0m[2m:[0m [2msui_core::consensus_handler[0m[2m:[0m [2mcrates/sui-core/src/consensus_handler.rs[0m[2m:[0m[2m232:[0m Received consensus output [3mconsensus_commit[0m[2m=[0mCommittedSubDag(leader=B299(B,MbqU), ref=C289(51x4), blocks=[fXCv, bkKI, MbqU]) [3mepoch[0m[2m=[0m1
[2m2025-03-25T07:56:16.725023Z[0m [32m INFO[0m [1mnode[0m[1m{[0m[3mname[0m[2m=[0mk#8dcff6d1..[1m}[0m[2m:[0m [2msui_core::checkpoints[0m[2m:[0m [2mcrates/sui-core/src/checkpoints/mod.rs[0m[2m:[0m[2m1326:[0m Creating checkpoint(s) for 2 transactions [3mnext_checkpoint_seq[0m[2m=[0m502 [3mcheckpoint_timestamp[0m[2m=[0m1742889376185
[2m2025-03-25T07:56:16.725024Z[0m [32m INFO[0m [1mnode[0m[1m{[0m[3mname[0m[2m=[0mk#99f25ef6..[1m}[0m[2m:[0m [2msui_core::checkpoints[0m[2m:[0m [2mcrates/sui-core/src/checkpoints/mod.rs[0m[2m:[0m[2m1326:[0m Creating checkpoint(s) for 2 transactions [3mnext_checkpoint_seq[0m[2m=[0m502 [3mcheckpoint_timestamp[0m[2m=[0m1742889376185
[2m2025-03-25T07:56:16.725338Z[0m [32m INFO[0m [1mnode[0m[1m{[0m[3mname[0m[2m=[0mk#8dcff6d1..[1m}[0m[2m:[0m [2msui_core::checkpoints::checkpoint_output[0m[2m:[0m [2mcrates/sui-core/src/checkpoints/checkpoint_output.rs[0m[2m:[0m[2m149:[0m Creating checkpoint CheckpointDigest(9de6r6hdpiRGbWZkjEVPuSaKEkVoob1FHRxYvCB2ncfw) at epoch 1, sequence 502, previous digest Some(CheckpointDigest(AS4H6pvfyRwAuBy6MBXCSMTDJdXqWUrrRx34y4HEhAa3)), transactions count 2, content digest CheckpointContentsDigest(4h7dJ1WWiyJM1WHiuxN1ZYkoKjeWibpcnC6zaGxgTxdZ), end_of_epoch_data None
[2m2025-03-25T07:56:16.725338Z[0m [32m INFO[0m [1mnode[0m[1m{[0m[3mname[0m[2m=[0mk#99f25ef6..[1m}[0m[2m:[0m [2msui_core::checkpoints::checkpoint_output[0m[2m:[0m [2mcrates/sui-core/src/checkpoints/checkpoint_output.rs[0m[2m:[0m[2m149:[0m Creating checkpoint CheckpointDigest(9de6r6hdpiRGbWZkjEVPuSaKEkVoob1FHRxYvCB2ncfw) at epoch 1, sequence 502, previous digest Some(CheckpointDigest(AS4H6pvfyRwAuBy6MBXCSMTDJdXqWUrrRx34y4HEhAa3)), transactions count 2, content digest CheckpointContentsDigest(4h7dJ1WWiyJM1WHiuxN1ZYkoKjeWibpcnC6zaGxgTxdZ), end_of_epoch_data None
[2m2025-03-25T07:56:16.728425Z[0m [32m INFO[0m [1mnode[0m[1m{[0m[3mname[0m[2m=[0mk#99f25ef6..[1m}[0m[2m:[0m [2msui_core::checkpoints::checkpoint_output[0m[2m:[0m [2mcrates/sui-core/src/checkpoints/checkpoint_output.rs[0m[2m:[0m[2m196:[0m Certified checkpoint with sequence 501 and digest AS4H6pvfyRwAuBy6MBXCSMTDJdXqWUrrRx34y4HEhAa3
[2m2025-03-25T07:56:16.728544Z[0m [32m INFO[0m [1mnode[0m[1m{[0m[3mname[0m[2m=[0mk#8dcff6d1..[1m}[0m[2m:[0m [2msui_core::checkpoints::checkpoint_output[0m[2m:[0m [2mcrates/sui-core/src/checkpoints/checkpoint_output.rs[0m[2m:[0m[2m196:[0m Certified checkpoint with sequence 501 and digest AS4H6pvfyRwAuBy6MBXCSMTDJdXqWUrrRx34y4HEhAa3
[2m2025-03-25T07:56:16.728649Z[0m [32m INFO[0m [1mnode[0m[1m{[0m[3mname[0m[2m=[0mk#addeef94..[1m}[0m[2m:[0m [2msui_core::checkpoints[0m[2m:[0m [2mcrates/sui-core/src/checkpoints/mod.rs[0m[2m:[0m[2m1326:[0m Creating checkpoint(s) for 2 transactions [3mnext_checkpoint_seq[0m[2m=[0m502 [3mcheckpoint_timestamp[0m[2m=[0m1742889376185
[2m2025-03-25T07:56:16.728857Z[0m [32m INFO[0m [1mnode[0m[1m{[0m[3mname[0m[2m=[0mk#99f25ef6..[1m}[0m[2m:[0m [2msui_core::checkpoints::checkpoint_executor[0m[2m:[0m [2mcrates/sui-core/src/checkpoints/checkpoint_executor/mod.rs[0m[2m:[0m[2m332:[0m Received checkpoint summary from state sync [3msequence_number[0m[2m=[0m501
[2m2025-03-25T07:56:16.728860Z[0m [32m INFO[0m [1mnode[0m[1m{[0m[3mname[0m[2m=[0mk#8dcff6d1..[1m}[0m[2m:[0m [2msui_core::checkpoints::checkpoint_executor[0m[2m:[0m [2mcrates/sui-core/src/checkpoints/checkpoint_executor/mod.rs[0m[2m:[0m[2m332:[0m Received checkpoint summary from state sync [3msequence_number[0m[2m=[0m501
[2m2025-03-25T07:56:16.728908Z[0m [32m INFO[0m [1mnode[0m[1m{[0m[3mname[0m[2m=[0mk#addeef94..[1m}[0m[2m:[0m [2msui_core::checkpoints::checkpoint_output[0m[2m:[0m [2mcrates/sui-core/src/checkpoints/checkpoint_output.rs[0m[2m:[0m[2m149:[0m Creating checkpoint CheckpointDigest(9de6r6hdpiRGbWZkjEVPuSaKEkVoob1FHRxYvCB2ncfw) at epoch 1, sequence 502, previous digest Some(CheckpointDigest(AS4H6pvfyRwAuBy6MBXCSMTDJdXqWUrrRx34y4HEhAa3)), transactions count 2, content digest CheckpointContentsDigest(4h7dJ1WWiyJM1WHiuxN1ZYkoKjeWibpcnC6zaGxgTxdZ), end_of_epoch_data None
[2m2025-03-25T07:56:16.729991Z[0m [32m INFO[0m [1mnode[0m[1m{[0m[3mname[0m[2m=[0mk#8dcff6d1..[1m}[0m[2m:[0m [2msui_core::state_accumulator[0m[2m:[0m [2mcrates/sui-core/src/state_accumulator.rs[0m[2m:[0m[2m675:[0m accumulating running root for checkpoint 501
[2m2025-03-25T07:56:16.729992Z[0m [32m INFO[0m [1mnode[0m[1m{[0m[3mname[0m[2m=[0mk#99f25ef6..[1m}[0m[2m:[0m [2msui_core::state_accumulator[0m[2m:[0m [2mcrates/sui-core/src/state_accumulator.rs[0m[2m:[0m[2m675:[0m accumulating running root for checkpoint 501
[2m2025-03-25T07:56:16.732185Z[0m [32m INFO[0m [1mnode[0m[1m{[0m[3mname[0m[2m=[0mk#addeef94..[1m}[0m[2m:[0m [2msui_core::checkpoints::checkpoint_executor[0m[2m:[0m [2mcrates/sui-core/src/checkpoints/checkpoint_executor/mod.rs[0m[2m:[0m[2m332:[0m Received checkpoint summary from state sync [3msequence_number[0m[2m=[0m501
[2m2025-03-25T07:56:16.732908Z[0m [32m INFO[0m [1mnode[0m[1m{[0m[3mname[0m[2m=[0mk#addeef94..[1m}[0m[2m:[0m [2msui_core::state_accumulator[0m[2m:[0m [2mcrates/sui-core/src/state_accumulator.rs[0m[2m:[0m[2m675:[0m accumulating running root for checkpoint 501
[2m2025-03-25T07:56:16.764487Z[0m [32m INFO[0m [1mnode[0m[1m{[0m[3mname[0m[2m=[0mk#b3f3cbb4..[1m}[0m[2m:[0m [2msui_core::state_accumulator[0m[2m:[0m [2mcrates/sui-core/src/state_accumulator.rs[0m[2m:[0m[2m675:[0m accumulating running root for checkpoint 495
[2m2025-03-25T07:56:16.799234Z[0m [32m INFO[0m [1mnode[0m[1m{[0m[3mname[0m[2m=[0mk#b3f3cbb4..[1m}[0m[2m:[0m [2msui_core::state_accumulator[0m[2m:[0m [2mcrates/sui-core/src/state_accumulator.rs[0m[2m:[0m[2m675:[0m accumulating running root for checkpoint 496
[2m2025-03-25T07:56:16.823959Z[0m [32m INFO[0m [1mnode[0m[1m{[0m[3mname[0m[2m=[0mk#b3f3cbb4..[1m}[0m[2m:[0m [2msui_core::state_accumulator[0m[2m:[0m [2mcrates/sui-core/src/state_accumulator.rs[0m[2m:[0m[2m675:[0m accumulating running root for checkpoint 497
[2m2025-03-25T07:56:16.951051Z[0m [32m INFO[0m [1mnode[0m[1m{[0m[3mname[0m[2m=[0mk#99f25ef6..[1m}[0m[2m:[0m [2mconsensus_core::core[0m[2m:[0m [2mconsensus/core/src/core.rs[0m[2m:[0m[2m945:[0m Included 3 ancestors & excluded 0 ancestors for proposal in round 302
[2m2025-03-25T07:56:16.951409Z[0m [32m INFO[0m [1mnode[0m[1m{[0m[3mname[0m[2m=[0mk#99f25ef6..[1m}[0m[2m:[0m [2mconsensus_core::core[0m[2m:[0m [2mconsensus/core/src/core.rs[0m[2m:[0m[2m531:[0m Created block B302(B,a+q9ftJWbwRgN/MGrrcp2tyzd0o7O6IWSufzFRneu6I=)(1742889376951ms;[B301(B,WedXkvUPC9mAQzHDy31Mpppu3l2FfocI6UCRRqsPDFw=), B301(A,Tbyr6RT6qJm89e/hd1IdS23vCo/asDlqu+YmEJZGbfM=), B301(C,1GNu9rGUZ8Us91dkMJQH0e5Z9mqbGb+S4NmvFm6W5dQ=)];1t;1c) for round 302
[2m2025-03-25T07:56:16.953038Z[0m [32m INFO[0m [1mnode[0m[1m{[0m[3mname[0m[2m=[0mk#8dcff6d1..[1m}[0m[2m:[0m [2mconsensus_core::core[0m[2m:[0m [2mconsensus/core/src/core.rs[0m[2m:[0m[2m945:[0m Included 3 ancestors & excluded 0 ancestors for proposal in round 302
[2m2025-03-25T07:56:16.953323Z[0m [32m INFO[0m [1mnode[0m[1m{[0m[3mname[0m[2m=[0mk#8dcff6d1..[1m}[0m[2m:[0m [2mconsensus_core::core[0m[2m:[0m [2mconsensus/core/src/core.rs[0m[2m:[0m[2m531:[0m Created block B302(A,IM7VnN6X3yPeWJnoliwB86jPOwdZ0MddVXvgoUVviKI=)(1742889376953ms;[B301(A,Tbyr6RT6qJm89e/hd1IdS23vCo/asDlqu+YmEJZGbfM=), B301(B,WedXkvUPC9mAQzHDy31Mpppu3l2FfocI6UCRRqsPDFw=), B301(C,1GNu9rGUZ8Us91dkMJQH0e5Z9mqbGb+S4NmvFm6W5dQ=)];1t;1c) for round 302
[2m2025-03-25T07:56:16.953374Z[0m [32m INFO[0m [1mnode[0m[1m{[0m[3mname[0m[2m=[0mk#addeef94..[1m}[0m[2m:[0m [2mconsensus_core::core[0m[2m:[0m [2mconsensus/core/src/core.rs[0m[2m:[0m[2m945:[0m Included 3 ancestors & excluded 0 ancestors for proposal in round 302
[2m2025-03-25T07:56:16.953674Z[0m [32m INFO[0m [1mnode[0m[1m{[0m[3mname[0m[2m=[0mk#addeef94..[1m}[0m[2m:[0m [2mconsensus_core::core[0m[2m:[0m [2mconsensus/core/src/core.rs[0m[2m:[0m[2m531:[0m Created block B302(C,6LRTZd917yhf8MRdFKdAWe8xGhZhnMICTTYZfFVqbSI=)(1742889376953ms;[B301(C,1GNu9rGUZ8Us91dkMJQH0e5Z9mqbGb+S4NmvFm6W5dQ=), B301(A,Tbyr6RT6qJm89e/hd1IdS23vCo/asDlqu+YmEJZGbfM=), B301(B,WedXkvUPC9mAQzHDy31Mpppu3l2FfocI6UCRRqsPDFw=)];1t;1c) for round 302
[2m2025-03-25T07:56:16.953744Z[0m [32m INFO[0m [1mnode[0m[1m{[0m[3mname[0m[2m=[0mk#addeef94..[1m}[0m[2m:[0m [2mconsensus_core::core[0m[2m:[0m [2mconsensus/core/src/core.rs[0m[2m:[0m[2m630:[0m Committing 1 leaders: B300(A,fyhw)
[2m2025-03-25T07:56:16.953814Z[0m [32m INFO[0m [1mnode[0m[1m{[0m[3mname[0m[2m=[0mk#addeef94..[1m}[0m[2m:[0m [2mconsensus_core::commit_observer[0m[2m:[0m [2mconsensus/core/src/commit_observer.rs[0m[2m:[0m[2m173:[0m Consensus commit C290(+kCK) with leader B300(A,fyhw) has 3 blocks
[2m2025-03-25T07:56:16.953900Z[0m [32m INFO[0m [1mnode[0m[1m{[0m[3mname[0m[2m=[0mk#addeef94..[1m}[0m[2m:[0m [2msui_core::consensus_handler[0m[2m:[0m [2mcrates/sui-core/src/consensus_handler.rs[0m[2m:[0m[2m232:[0m Received consensus output [3mconsensus_commit[0m[2m=[0mCommittedSubDag(leader=B300(A,fyhw), ref=C290(+kCK), blocks=[Yk1E, 0PF7, fyhw]) [3mepoch[0m[2m=[0m1
[2m2025-03-25T07:56:16.956960Z[0m [32m INFO[0m [1mnode[0m[1m{[0m[3mname[0m[2m=[0mk#8dcff6d1..[1m}[0m[2m:[0m [2msui_core::checkpoints::checkpoint_output[0m[2m:[0m [2mcrates/sui-core/src/checkpoints/checkpoint_output.rs[0m[2m:[0m[2m196:[0m Certified checkpoint with sequence 502 and digest 9de6r6hdpiRGbWZkjEVPuSaKEkVoob1FHRxYvCB2ncfw
[2m2025-03-25T07:56:16.957063Z[0m [32m INFO[0m [1mnode[0m[1m{[0m[3mname[0m[2m=[0mk#8dcff6d1..[1m}[0m[2m:[0m [2mconsensus_core::core[0m[2m:[0m [2mconsensus/core/src/core.rs[0m[2m:[0m[2m630:[0m Committing 1 leaders: B300(A,fyhw)
[2m2025-03-25T07:56:16.957159Z[0m [32m INFO[0m [1mnode[0m[1m{[0m[3mname[0m[2m=[0mk#8dcff6d1..[1m}[0m[2m:[0m [2mconsensus_core::commit_observer[0m[2m:[0m [2mconsensus/core/src/commit_observer.rs[0m[2m:[0m[2m173:[0m Consensus commit C290(+kCK) with leader B300(A,fyhw) has 3 blocks
[2m2025-03-25T07:56:16.957276Z[0m [32m INFO[0m [1mnode[0m[1m{[0m[3mname[0m[2m=[0mk#99f25ef6..[1m}[0m[2m:[0m [2msui_core::checkpoints::checkpoint_output[0m[2m:[0m [2mcrates/sui-core/src/checkpoints/checkpoint_output.rs[0m[2m:[0m[2m196:[0m Certified checkpoint with sequence 502 and digest 9de6r6hdpiRGbWZkjEVPuSaKEkVoob1FHRxYvCB2ncfw
[2m2025-03-25T07:56:16.957371Z[0m [32m INFO[0m [1mnode[0m[1m{[0m[3mname[0m[2m=[0mk#99f25ef6..[1m}[0m[2m:[0m [2mconsensus_core::core[0m[2m:[0m [2mconsensus/core/src/core.rs[0m[2m:[0m[2m630:[0m Committing 1 leaders: B300(A,fyhw)
[2m2025-03-25T07:56:16.957469Z[0m [32m INFO[0m [1mnode[0m[1m{[0m[3mname[0m[2m=[0mk#99f25ef6..[1m}[0m[2m:[0m [2mconsensus_core::commit_observer[0m[2m:[0m [2mconsensus/core/src/commit_observer.rs[0m[2m:[0m[2m173:[0m Consensus commit C290(+kCK) with leader B300(A,fyhw) has 3 blocks
[2m2025-03-25T07:56:16.957592Z[0m [32m INFO[0m [1mnode[0m[1m{[0m[3mname[0m[2m=[0mk#8dcff6d1..[1m}[0m[2m:[0m [2msui_core::consensus_handler[0m[2m:[0m [2mcrates/sui-core/src/consensus_handler.rs[0m[2m:[0m[2m232:[0m Received consensus output [3mconsensus_commit[0m[2m=[0mCommittedSubDag(leader=B300(A,fyhw), ref=C290(+kCK), blocks=[Yk1E, 0PF7, fyhw]) [3mepoch[0m[2m=[0m1
[2m2025-03-25T07:56:16.957844Z[0m [32m INFO[0m [1mnode[0m[1m{[0m[3mname[0m[2m=[0mk#99f25ef6..[1m}[0m[2m:[0m [2msui_core::consensus_handler[0m[2m:[0m [2mcrates/sui-core/src/consensus_handler.rs[0m[2m:[0m[2m232:[0m Received consensus output [3mconsensus_commit[0m[2m=[0mCommittedSubDag(leader=B300(A,fyhw), ref=C290(+kCK), blocks=[Yk1E, 0PF7, fyhw]) [3mepoch[0m[2m=[0m1
[2m2025-03-25T07:56:16.958191Z[0m [32m INFO[0m [1mnode[0m[1m{[0m[3mname[0m[2m=[0mk#8dcff6d1..[1m}[0m[2m:[0m [2msui_core::checkpoints::checkpoint_executor[0m[2m:[0m [2mcrates/sui-core/src/checkpoints/checkpoint_executor/mod.rs[0m[2m:[0m[2m332:[0m Received checkpoint summary from state sync [3msequence_number[0m[2m=[0m502
[2m2025-03-25T07:56:16.958406Z[0m [32m INFO[0m [1mnode[0m[1m{[0m[3mname[0m[2m=[0mk#99f25ef6..[1m}[0m[2m:[0m [2msui_core::checkpoints::checkpoint_executor[0m[2m:[0m [2mcrates/sui-core/src/checkpoints/checkpoint_executor/mod.rs[0m[2m:[0m[2m332:[0m Received checkpoint summary from state sync [3msequence_number[0m[2m=[0m502
[2m2025-03-25T07:56:16.971771Z[0m [32m INFO[0m [1mnode[0m[1m{[0m[3mname[0m[2m=[0mk#8dcff6d1..[1m}[0m[2m:[0m [2msui_core::state_accumulator[0m[2m:[0m [2mcrates/sui-core/src/state_accumulator.rs[0m[2m:[0m[2m675:[0m accumulating running root for checkpoint 502
[2m2025-03-25T07:56:16.971772Z[0m [32m INFO[0m [1mnode[0m[1m{[0m[3mname[0m[2m=[0mk#99f25ef6..[1m}[0m[2m:[0m [2msui_core::state_accumulator[0m[2m:[0m [2mcrates/sui-core/src/state_accumulator.rs[0m[2m:[0m[2m675:[0m accumulating running root for checkpoint 502
[2m2025-03-25T07:56:16.998111Z[0m [32m INFO[0m [1mnode[0m[1m{[0m[3mname[0m[2m=[0mk#addeef94..[1m}[0m[2m:[0m [2msui_core::checkpoints[0m[2m:[0m [2mcrates/sui-core/src/checkpoints/mod.rs[0m[2m:[0m[2m1326:[0m Creating checkpoint(s) for 1 transactions [3mnext_checkpoint_seq[0m[2m=[0m503 [3mcheckpoint_timestamp[0m[2m=[0m1742889376438
[2m2025-03-25T07:56:16.998339Z[0m [32m INFO[0m [1mnode[0m[1m{[0m[3mname[0m[2m=[0mk#addeef94..[1m}[0m[2m:[0m [2msui_core::checkpoints::checkpoint_output[0m[2m:[0m [2mcrates/sui-core/src/checkpoints/checkpoint_output.rs[0m[2m:[0m[2m149:[0m Creating checkpoint CheckpointDigest(4kyJG4mBM19BCqS5dUV31k1pHBZcHw74b9mFq4ohbH8a) at epoch 1, sequence 503, previous digest Some(CheckpointDigest(9de6r6hdpiRGbWZkjEVPuSaKEkVoob1FHRxYvCB2ncfw)), transactions count 1, content digest CheckpointContentsDigest(CeYfNaZHxkvohbLpzYMBTtJBWftPa5u62VH9pQRdkwLj), end_of_epoch_data None
[2m2025-03-25T07:56:17.002892Z[0m [32m INFO[0m [1mnode[0m[1m{[0m[3mname[0m[2m=[0mk#99f25ef6..[1m}[0m[2m:[0m [2msui_core::checkpoints[0m[2m:[0m [2mcrates/sui-core/src/checkpoints/mod.rs[0m[2m:[0m[2m1326:[0m Creating checkpoint(s) for 1 transactions [3mnext_checkpoint_seq[0m[2m=[0m503 [3mcheckpoint_timestamp[0m[2m=[0m1742889376438
[2m2025-03-25T07:56:17.002895Z[0m [32m INFO[0m [1mnode[0m[1m{[0m[3mname[0m[2m=[0mk#8dcff6d1..[1m}[0m[2m:[0m [2msui_core::checkpoints[0m[2m:[0m [2mcrates/sui-core/src/checkpoints/mod.rs[0m[2m:[0m[2m1326:[0m Creating checkpoint(s) for 1 transactions [3mnext_checkpoint_seq[0m[2m=[0m503 [3mcheckpoint_timestamp[0m[2m=[0m1742889376438
[2m2025-03-25T07:56:17.003081Z[0m [32m INFO[0m [1mnode[0m[1m{[0m[3mname[0m[2m=[0mk#8dcff6d1..[1m}[0m[2m:[0m [2msui_core::checkpoints::checkpoint_output[0m[2m:[0m [2mcrates/sui-core/src/checkpoints/checkpoint_output.rs[0m[2m:[0m[2m149:[0m Creating checkpoint CheckpointDigest(4kyJG4mBM19BCqS5dUV31k1pHBZcHw74b9mFq4ohbH8a) at epoch 1, sequence 503, previous digest Some(CheckpointDigest(9de6r6hdpiRGbWZkjEVPuSaKEkVoob1FHRxYvCB2ncfw)), transactions count 1, content digest CheckpointContentsDigest(CeYfNaZHxkvohbLpzYMBTtJBWftPa5u62VH9pQRdkwLj), end_of_epoch_data None
[2m2025-03-25T07:56:17.003081Z[0m [32m INFO[0m [1mnode[0m[1m{[0m[3mname[0m[2m=[0mk#99f25ef6..[1m}[0m[2m:[0m [2msui_core::checkpoints::checkpoint_output[0m[2m:[0m [2mcrates/sui-core/src/checkpoints/checkpoint_output.rs[0m[2m:[0m[2m149:[0m Creating checkpoint CheckpointDigest(4kyJG4mBM19BCqS5dUV31k1pHBZcHw74b9mFq4ohbH8a) at epoch 1, sequence 503, previous digest Some(CheckpointDigest(9de6r6hdpiRGbWZkjEVPuSaKEkVoob1FHRxYvCB2ncfw)), transactions count 1, content digest CheckpointContentsDigest(CeYfNaZHxkvohbLpzYMBTtJBWftPa5u62VH9pQRdkwLj), end_of_epoch_data None
[2m2025-03-25T07:56:17.066818Z[0m [32m INFO[0m [1mnode[0m[1m{[0m[3mname[0m[2m=[0mk#addeef94..[1m}[0m[2m:[0m [2msui_core::checkpoints::checkpoint_executor[0m[2m:[0m [2mcrates/sui-core/src/checkpoints/checkpoint_executor/mod.rs[0m[2m:[0m[2m332:[0m Received checkpoint summary from state sync [3msequence_number[0m[2m=[0m502
[2m2025-03-25T07:56:17.068314Z[0m [32m INFO[0m [1mnode[0m[1m{[0m[3mname[0m[2m=[0mk#addeef94..[1m}[0m[2m:[0m [2msui_core::state_accumulator[0m[2m:[0m [2mcrates/sui-core/src/state_accumulator.rs[0m[2m:[0m[2m675:[0m accumulating running root for checkpoint 502
[2m2025-03-25T07:56:17.206558Z[0m [32m INFO[0m [1mnode[0m[1m{[0m[3mname[0m[2m=[0mk#addeef94..[1m}[0m[2m:[0m [2mconsensus_core::core[0m[2m:[0m [2mconsensus/core/src/core.rs[0m[2m:[0m[2m945:[0m Included 3 ancestors & excluded 0 ancestors for proposal in round 303
[2m2025-03-25T07:56:17.206942Z[0m [32m INFO[0m [1mnode[0m[1m{[0m[3mname[0m[2m=[0mk#addeef94..[1m}[0m[2m:[0m [2mconsensus_core::core[0m[2m:[0m [2mconsensus/core/src/core.rs[0m[2m:[0m[2m531:[0m Created block B303(C,MPrCksEzSST0e5biDkbkfTeSBMwcH1cBs5ep01k/qSY=)(1742889377206ms;[B302(C,6LRTZd917yhf8MRdFKdAWe8xGhZhnMICTTYZfFVqbSI=), B302(A,IM7VnN6X3yPeWJnoliwB86jPOwdZ0MddVXvgoUVviKI=), B302(B,a+q9ftJWbwRgN/MGrrcp2tyzd0o7O6IWSufzFRneu6I=)];1t;1c) for round 303
[2m2025-03-25T07:56:17.208894Z[0m [32m INFO[0m [1mnode[0m[1m{[0m[3mname[0m[2m=[0mk#8dcff6d1..[1m}[0m[2m:[0m [2mconsensus_core::core[0m[2m:[0m [2mconsensus/core/src/core.rs[0m[2m:[0m[2m945:[0m Included 3 ancestors & excluded 0 ancestors for proposal in round 303
[2m2025-03-25T07:56:17.208894Z[0m [32m INFO[0m [1mnode[0m[1m{[0m[3mname[0m[2m=[0mk#99f25ef6..[1m}[0m[2m:[0m [2mconsensus_core::core[0m[2m:[0m [2mconsensus/core/src/core.rs[0m[2m:[0m[2m945:[0m Included 3 ancestors & excluded 0 ancestors for proposal in round 303
[2m2025-03-25T07:56:17.209186Z[0m [32m INFO[0m [1mnode[0m[1m{[0m[3mname[0m[2m=[0mk#8dcff6d1..[1m}[0m[2m:[0m [2mconsensus_core::core[0m[2m:[0m [2mconsensus/core/src/core.rs[0m[2m:[0m[2m531:[0m Created block B303(A,aWs+Plx4vlO638ZxHhPutpKvoQuRe0wt5UucAFDPeYU=)(1742889377209ms;[B302(A,IM7VnN6X3yPeWJnoliwB86jPOwdZ0MddVXvgoUVviKI=), B302(B,a+q9ftJWbwRgN/MGrrcp2tyzd0o7O6IWSufzFRneu6I=), B302(C,6LRTZd917yhf8MRdFKdAWe8xGhZhnMICTTYZfFVqbSI=)];1t;1c) for round 303
[2m2025-03-25T07:56:17.209186Z[0m [32m INFO[0m [1mnode[0m[1m{[0m[3mname[0m[2m=[0mk#99f25ef6..[1m}[0m[2m:[0m [2mconsensus_core::core[0m[2m:[0m [2mconsensus/core/src/core.rs[0m[2m:[0m[2m531:[0m Created block B303(B,3EVcWAi4E/8d/GVjOYlkn+e2kqFShQJRYaTuCBkFU94=)(1742889377209ms;[B302(B,a+q9ftJWbwRgN/MGrrcp2tyzd0o7O6IWSufzFRneu6I=), B302(A,IM7VnN6X3yPeWJnoliwB86jPOwdZ0MddVXvgoUVviKI=), B302(C,6LRTZd917yhf8MRdFKdAWe8xGhZhnMICTTYZfFVqbSI=)];1t;1c) for round 303
[2m2025-03-25T07:56:17.209255Z[0m [32m INFO[0m [1mnode[0m[1m{[0m[3mname[0m[2m=[0mk#8dcff6d1..[1m}[0m[2m:[0m [2mconsensus_core::core[0m[2m:[0m [2mconsensus/core/src/core.rs[0m[2m:[0m[2m630:[0m Committing 1 leaders: B301(C,1GNu)
[2m2025-03-25T07:56:17.209255Z[0m [32m INFO[0m [1mnode[0m[1m{[0m[3mname[0m[2m=[0mk#99f25ef6..[1m}[0m[2m:[0m [2mconsensus_core::core[0m[2m:[0m [2mconsensus/core/src/core.rs[0m[2m:[0m[2m630:[0m Committing 1 leaders: B301(C,1GNu)
[2m2025-03-25T07:56:17.209327Z[0m [32m INFO[0m [1mnode[0m[1m{[0m[3mname[0m[2m=[0mk#8dcff6d1..[1m}[0m[2m:[0m [2mconsensus_core::commit_observer[0m[2m:[0m [2mconsensus/core/src/commit_observer.rs[0m[2m:[0m[2m173:[0m Consensus commit C291(UEW6) with leader B301(C,1GNu) has 3 blocks
[2m2025-03-25T07:56:17.209327Z[0m [32m INFO[0m [1mnode[0m[1m{[0m[3mname[0m[2m=[0mk#99f25ef6..[1m}[0m[2m:[0m [2mconsensus_core::commit_observer[0m[2m:[0m [2mconsensus/core/src/commit_observer.rs[0m[2m:[0m[2m173:[0m Consensus commit C291(UEW6) with leader B301(C,1GNu) has 3 blocks
[2m2025-03-25T07:56:17.209413Z[0m [32m INFO[0m [1mnode[0m[1m{[0m[3mname[0m[2m=[0mk#99f25ef6..[1m}[0m[2m:[0m [2msui_core::consensus_handler[0m[2m:[0m [2mcrates/sui-core/src/consensus_handler.rs[0m[2m:[0m[2m232:[0m Received consensus output [3mconsensus_commit[0m[2m=[0mCommittedSubDag(leader=B301(C,1GNu), ref=C291(UEW6), blocks=[EjYy, U+If, 1GNu]) [3mepoch[0m[2m=[0m1
[2m2025-03-25T07:56:17.209413Z[0m [32m INFO[0m [1mnode[0m[1m{[0m[3mname[0m[2m=[0mk#8dcff6d1..[1m}[0m[2m:[0m [2msui_core::consensus_handler[0m[2m:[0m [2mcrates/sui-core/src/consensus_handler.rs[0m[2m:[0m[2m232:[0m Received consensus output [3mconsensus_commit[0m[2m=[0mCommittedSubDag(leader=B301(C,1GNu), ref=C291(UEW6), blocks=[EjYy, U+If, 1GNu]) [3mepoch[0m[2m=[0m1
[2m2025-03-25T07:56:17.213098Z[0m [32m INFO[0m [1mnode[0m[1m{[0m[3mname[0m[2m=[0mk#addeef94..[1m}[0m[2m:[0m [2mconsensus_core::core[0m[2m:[0m [2mconsensus/core/src/core.rs[0m[2m:[0m[2m630:[0m Committing 1 leaders: B301(C,1GNu)
[2m2025-03-25T07:56:17.213206Z[0m [32m INFO[0m [1mnode[0m[1m{[0m[3mname[0m[2m=[0mk#addeef94..[1m}[0m[2m:[0m [2mconsensus_core::commit_observer[0m[2m:[0m [2mconsensus/core/src/commit_observer.rs[0m[2m:[0m[2m173:[0m Consensus commit C291(UEW6) with leader B301(C,1GNu) has 3 blocks
[2m2025-03-25T07:56:17.213340Z[0m [32m INFO[0m [1mnode[0m[1m{[0m[3mname[0m[2m=[0mk#addeef94..[1m}[0m[2m:[0m [2msui_core::consensus_handler[0m[2m:[0m [2mcrates/sui-core/src/consensus_handler.rs[0m[2m:[0m[2m232:[0m Received consensus output [3mconsensus_commit[0m[2m=[0mCommittedSubDag(leader=B301(C,1GNu), ref=C291(UEW6), blocks=[EjYy, U+If, 1GNu]) [3mepoch[0m[2m=[0m1
[2m2025-03-25T07:56:17.236097Z[0m [32m INFO[0m [1mnode[0m[1m{[0m[3mname[0m[2m=[0mk#8dcff6d1..[1m}[0m[2m:[0m [2msui_core::checkpoints[0m[2m:[0m [2mcrates/sui-core/src/checkpoints/mod.rs[0m[2m:[0m[2m1326:[0m Creating checkpoint(s) for 2 transactions [3mnext_checkpoint_seq[0m[2m=[0m504 [3mcheckpoint_timestamp[0m[2m=[0m1742889376696
[2m2025-03-25T07:56:17.236098Z[0m [32m INFO[0m [1mnode[0m[1m{[0m[3mname[0m[2m=[0mk#99f25ef6..[1m}[0m[2m:[0m [2msui_core::checkpoints[0m[2m:[0m [2mcrates/sui-core/src/checkpoints/mod.rs[0m[2m:[0m[2m1326:[0m Creating checkpoint(s) for 2 transactions [3mnext_checkpoint_seq[0m[2m=[0m504 [3mcheckpoint_timestamp[0m[2m=[0m1742889376696
[2m2025-03-25T07:56:17.236412Z[0m [32m INFO[0m [1mnode[0m[1m{[0m[3mname[0m[2m=[0mk#8dcff6d1..[1m}[0m[2m:[0m [2msui_core::checkpoints::checkpoint_output[0m[2m:[0m [2mcrates/sui-core/src/checkpoints/checkpoint_output.rs[0m[2m:[0m[2m149:[0m Creating checkpoint CheckpointDigest(HhcKAc8USiEUHmL9FFquwsnb4qFxWai3cLUNdpB5NrkH) at epoch 1, sequence 504, previous digest Some(CheckpointDigest(4kyJG4mBM19BCqS5dUV31k1pHBZcHw74b9mFq4ohbH8a)), transactions count 2, content digest CheckpointContentsDigest(BerdsNwE8CnXURCjzRQzukAi4gUoNugTdbAxYTSDAZDr), end_of_epoch_data None
[2m2025-03-25T07:56:17.236412Z[0m [32m INFO[0m [1mnode[0m[1m{[0m[3mname[0m[2m=[0mk#99f25ef6..[1m}[0m[2m:[0m [2msui_core::checkpoints::checkpoint_output[0m[2m:[0m [2mcrates/sui-core/src/checkpoints/checkpoint_output.rs[0m[2m:[0m[2m149:[0m Creating checkpoint CheckpointDigest(HhcKAc8USiEUHmL9FFquwsnb4qFxWai3cLUNdpB5NrkH) at epoch 1, sequence 504, previous digest Some(CheckpointDigest(4kyJG4mBM19BCqS5dUV31k1pHBZcHw74b9mFq4ohbH8a)), transactions count 2, content digest CheckpointContentsDigest(BerdsNwE8CnXURCjzRQzukAi4gUoNugTdbAxYTSDAZDr), end_of_epoch_data None
[2m2025-03-25T07:56:17.239250Z[0m [32m INFO[0m [1mnode[0m[1m{[0m[3mname[0m[2m=[0mk#addeef94..[1m}[0m[2m:[0m [2msui_core::checkpoints[0m[2m:[0m [2mcrates/sui-core/src/checkpoints/mod.rs[0m[2m:[0m[2m1326:[0m Creating checkpoint(s) for 2 transactions [3mnext_checkpoint_seq[0m[2m=[0m504 [3mcheckpoint_timestamp[0m[2m=[0m1742889376696
[2m2025-03-25T07:56:17.239496Z[0m [32m INFO[0m [1mnode[0m[1m{[0m[3mname[0m[2m=[0mk#99f25ef6..[1m}[0m[2m:[0m [2msui_core::checkpoints::checkpoint_output[0m[2m:[0m [2mcrates/sui-core/src/checkpoints/checkpoint_output.rs[0m[2m:[0m[2m196:[0m Certified checkpoint with sequence 503 and digest 4kyJG4mBM19BCqS5dUV31k1pHBZcHw74b9mFq4ohbH8a
[2m2025-03-25T07:56:17.239493Z[0m [32m INFO[0m [1mnode[0m[1m{[0m[3mname[0m[2m=[0mk#addeef94..[1m}[0m[2m:[0m [2msui_core::checkpoints::checkpoint_output[0m[2m:[0m [2mcrates/sui-core/src/checkpoints/checkpoint_output.rs[0m[2m:[0m[2m149:[0m Creating checkpoint CheckpointDigest(HhcKAc8USiEUHmL9FFquwsnb4qFxWai3cLUNdpB5NrkH) at epoch 1, sequence 504, previous digest Some(CheckpointDigest(4kyJG4mBM19BCqS5dUV31k1pHBZcHw74b9mFq4ohbH8a)), transactions count 2, content digest CheckpointContentsDigest(BerdsNwE8CnXURCjzRQzukAi4gUoNugTdbAxYTSDAZDr), end_of_epoch_data None
[2m2025-03-25T07:56:17.239557Z[0m [32m INFO[0m [1mnode[0m[1m{[0m[3mname[0m[2m=[0mk#8dcff6d1..[1m}[0m[2m:[0m [2msui_core::checkpoints::checkpoint_output[0m[2m:[0m [2mcrates/sui-core/src/checkpoints/checkpoint_output.rs[0m[2m:[0m[2m196:[0m Certified checkpoint with sequence 503 and digest 4kyJG4mBM19BCqS5dUV31k1pHBZcHw74b9mFq4ohbH8a
[2m2025-03-25T07:56:17.239918Z[0m [32m INFO[0m [1mnode[0m[1m{[0m[3mname[0m[2m=[0mk#8dcff6d1..[1m}[0m[2m:[0m [2msui_core::checkpoints::checkpoint_executor[0m[2m:[0m [2mcrates/sui-core/src/checkpoints/checkpoint_executor/mod.rs[0m[2m:[0m[2m332:[0m Received checkpoint summary from state sync [3msequence_number[0m[2m=[0m503
[2m2025-03-25T07:56:17.239918Z[0m [32m INFO[0m [1mnode[0m[1m{[0m[3mname[0m[2m=[0mk#99f25ef6..[1m}[0m[2m:[0m [2msui_core::checkpoints::checkpoint_executor[0m[2m:[0m [2mcrates/sui-core/src/checkpoints/checkpoint_executor/mod.rs[0m[2m:[0m[2m332:[0m Received checkpoint summary from state sync [3msequence_number[0m[2m=[0m503
[2m2025-03-25T07:56:17.241089Z[0m [32m INFO[0m [1mnode[0m[1m{[0m[3mname[0m[2m=[0mk#8dcff6d1..[1m}[0m[2m:[0m [2msui_core::state_accumulator[0m[2m:[0m [2mcrates/sui-core/src/state_accumulator.rs[0m[2m:[0m[2m675:[0m accumulating running root for checkpoint 503
[2m2025-03-25T07:56:17.241090Z[0m [32m INFO[0m [1mnode[0m[1m{[0m[3mname[0m[2m=[0mk#99f25ef6..[1m}[0m[2m:[0m [2msui_core::state_accumulator[0m[2m:[0m [2mcrates/sui-core/src/state_accumulator.rs[0m[2m:[0m[2m675:[0m accumulating running root for checkpoint 503
[2m2025-03-25T07:56:17.243264Z[0m [32m INFO[0m [1mnode[0m[1m{[0m[3mname[0m[2m=[0mk#addeef94..[1m}[0m[2m:[0m [2msui_core::checkpoints::checkpoint_executor[0m[2m:[0m [2mcrates/sui-core/src/checkpoints/checkpoint_executor/mod.rs[0m[2m:[0m[2m332:[0m Received checkpoint summary from state sync [3msequence_number[0m[2m=[0m503
[2m2025-03-25T07:56:17.243954Z[0m [32m INFO[0m [1mnode[0m[1m{[0m[3mname[0m[2m=[0mk#addeef94..[1m}[0m[2m:[0m [2msui_core::state_accumulator[0m[2m:[0m [2mcrates/sui-core/src/state_accumulator.rs[0m[2m:[0m[2m675:[0m accumulating running root for checkpoint 503
[2m2025-03-25T07:56:17.304543Z[0m [32m INFO[0m [1mnode[0m[1m{[0m[3mname[0m[2m=[0mk#8dcff6d1..[1m}[0m[2m:[0m [2mconsensus_core::commit_syncer[0m[2m:[0m [2mconsensus/core/src/commit_syncer.rs[0m[2m:[0m[2m196:[0m Checking to schedule fetches: synced_commit_index=291, highest_handled_index=291, highest_scheduled_index=0, quorum_commit_index=290, unhandled_commits_threshold=3200
[2m2025-03-25T07:56:17.328437Z[0m [32m INFO[0m [1mnode[0m[1m{[0m[3mname[0m[2m=[0mk#addeef94..[1m}[0m[2m:[0m [2mconsensus_core::commit_syncer[0m[2m:[0m [2mconsensus/core/src/commit_syncer.rs[0m[2m:[0m[2m196:[0m Checking to schedule fetches: synced_commit_index=291, highest_handled_index=291, highest_scheduled_index=0, quorum_commit_index=0, unhandled_commits_threshold=3200
[2m2025-03-25T07:56:17.331518Z[0m [32m INFO[0m [1mnode[0m[1m{[0m[3mname[0m[2m=[0mk#99f25ef6..[1m}[0m[2m:[0m [2mconsensus_core::commit_syncer[0m[2m:[0m [2mconsensus/core/src/commit_syncer.rs[0m[2m:[0m[2m196:[0m Checking to schedule fetches: synced_commit_index=291, highest_handled_index=291, highest_scheduled_index=0, quorum_commit_index=290, unhandled_commits_threshold=3200
[2m2025-03-25T07:56:17.461976Z[0m [32m INFO[0m [1mnode[0m[1m{[0m[3mname[0m[2m=[0mk#8dcff6d1..[1m}[0m[2m:[0m [2mconsensus_core::core[0m[2m:[0m [2mconsensus/core/src/core.rs[0m[2m:[0m[2m945:[0m Included 3 ancestors & excluded 0 ancestors for proposal in round 304
[2m2025-03-25T07:56:17.462286Z[0m [32m INFO[0m [1mnode[0m[1m{[0m[3mname[0m[2m=[0mk#99f25ef6..[1m}[0m[2m:[0m [2mconsensus_core::core[0m[2m:[0m [2mconsensus/core/src/core.rs[0m[2m:[0m[2m945:[0m Included 3 ancestors & excluded 0 ancestors for proposal in round 304
[2m2025-03-25T07:56:17.462374Z[0m [32m INFO[0m [1mnode[0m[1m{[0m[3mname[0m[2m=[0mk#8dcff6d1..[1m}[0m[2m:[0m [2mconsensus_core::core[0m[2m:[0m [2mconsensus/core/src/core.rs[0m[2m:[0m[2m531:[0m Created block B304(A,Gq+mniV5UEd5FaZz6OIXotUjzEUTqrLwQBYVuPygtP8=)(1742889377462ms;[B303(A,aWs+Plx4vlO638ZxHhPutpKvoQuRe0wt5UucAFDPeYU=), B303(B,3EVcWAi4E/8d/GVjOYlkn+e2kqFShQJRYaTuCBkFU94=), B303(C,MPrCksEzSST0e5biDkbkfTeSBMwcH1cBs5ep01k/qSY=)];1t;1c) for round 304
[2m2025-03-25T07:56:17.462581Z[0m [32m INFO[0m [1mnode[0m[1m{[0m[3mname[0m[2m=[0mk#99f25ef6..[1m}[0m[2m:[0m [2mconsensus_core::core[0m[2m:[0m [2mconsensus/core/src/core.rs[0m[2m:[0m[2m531:[0m Created block B304(B,jEsXQb32LiZJcKCrxIeHKP8ZjfqU8iC5M60S+Zs+DZs=)(1742889377462ms;[B303(B,3EVcWAi4E/8d/GVjOYlkn+e2kqFShQJRYaTuCBkFU94=), B303(A,aWs+Plx4vlO638ZxHhPutpKvoQuRe0wt5UucAFDPeYU=), B303(C,MPrCksEzSST0e5biDkbkfTeSBMwcH1cBs5ep01k/qSY=)];1t;1c) for round 304
[2m2025-03-25T07:56:17.465580Z[0m [32m INFO[0m [1mnode[0m[1m{[0m[3mname[0m[2m=[0mk#addeef94..[1m}[0m[2m:[0m [2mconsensus_core::core[0m[2m:[0m [2mconsensus/core/src/core.rs[0m[2m:[0m[2m945:[0m Included 3 ancestors & excluded 0 ancestors for proposal in round 304
[2m2025-03-25T07:56:17.465875Z[0m [32m INFO[0m [1mnode[0m[1m{[0m[3mname[0m[2m=[0mk#addeef94..[1m}[0m[2m:[0m [2mconsensus_core::core[0m[2m:[0m [2mconsensus/core/src/core.rs[0m[2m:[0m[2m531:[0m Created block B304(C,p5Kmy2YffASdGxi+hWXsReh8++vwh2RkkQYpNNZhT9Q=)(1742889377465ms;[B303(C,MPrCksEzSST0e5biDkbkfTeSBMwcH1cBs5ep01k/qSY=), B303(A,aWs+Plx4vlO638ZxHhPutpKvoQuRe0wt5UucAFDPeYU=), B303(B,3EVcWAi4E/8d/GVjOYlkn+e2kqFShQJRYaTuCBkFU94=)];1t;1c) for round 304
[2m2025-03-25T07:56:17.465946Z[0m [32m INFO[0m [1mnode[0m[1m{[0m[3mname[0m[2m=[0mk#addeef94..[1m}[0m[2m:[0m [2mconsensus_core::core[0m[2m:[0m [2mconsensus/core/src/core.rs[0m[2m:[0m[2m630:[0m Committing 1 leaders: B302(A,IM7V)
[2m2025-03-25T07:56:17.466018Z[0m [32m INFO[0m [1mnode[0m[1m{[0m[3mname[0m[2m=[0mk#addeef94..[1m}[0m[2m:[0m [2mconsensus_core::commit_observer[0m[2m:[0m [2mconsensus/core/src/commit_observer.rs[0m[2m:[0m[2m173:[0m Consensus commit C292(LW9Z) with leader B302(A,IM7V) has 3 blocks
[2m2025-03-25T07:56:17.466263Z[0m [32m INFO[0m [1mnode[0m[1m{[0m[3mname[0m[2m=[0mk#addeef94..[1m}[0m[2m:[0m [2msui_core::consensus_handler[0m[2m:[0m [2mcrates/sui-core/src/consensus_handler.rs[0m[2m:[0m[2m232:[0m Received consensus output [3mconsensus_commit[0m[2m=[0mCommittedSubDag(leader=B302(A,IM7V), ref=C292(LW9Z), blocks=[Tbyr, WedX, IM7V]) [3mepoch[0m[2m=[0m1
[2m2025-03-25T07:56:17.469369Z[0m [32m INFO[0m [1mnode[0m[1m{[0m[3mname[0m[2m=[0mk#99f25ef6..[1m}[0m[2m:[0m [2msui_core::checkpoints::checkpoint_output[0m[2m:[0m [2mcrates/sui-core/src/checkpoints/checkpoint_output.rs[0m[2m:[0m[2m196:[0m Certified checkpoint with sequence 504 and digest HhcKAc8USiEUHmL9FFquwsnb4qFxWai3cLUNdpB5NrkH
[2m2025-03-25T07:56:17.469374Z[0m [32m INFO[0m [1mnode[0m[1m{[0m[3mname[0m[2m=[0mk#8dcff6d1..[1m}[0m[2m:[0m [2msui_core::checkpoints::checkpoint_output[0m[2m:[0m [2mcrates/sui-core/src/checkpoints/checkpoint_output.rs[0m[2m:[0m[2m196:[0m Certified checkpoint with sequence 504 and digest HhcKAc8USiEUHmL9FFquwsnb4qFxWai3cLUNdpB5NrkH
[2m2025-03-25T07:56:17.469476Z[0m [32m INFO[0m [1mnode[0m[1m{[0m[3mname[0m[2m=[0mk#99f25ef6..[1m}[0m[2m:[0m [2mconsensus_core::core[0m[2m:[0m [2mconsensus/core/src/core.rs[0m[2m:[0m[2m630:[0m Committing 1 leaders: B302(A,IM7V)
[2m2025-03-25T07:56:17.469476Z[0m [32m INFO[0m [1mnode[0m[1m{[0m[3mname[0m[2m=[0mk#8dcff6d1..[1m}[0m[2m:[0m [2mconsensus_core::core[0m[2m:[0m [2mconsensus/core/src/core.rs[0m[2m:[0m[2m630:[0m Committing 1 leaders: B302(A,IM7V)
[2m2025-03-25T07:56:17.469578Z[0m [32m INFO[0m [1mnode[0m[1m{[0m[3mname[0m[2m=[0mk#99f25ef6..[1m}[0m[2m:[0m [2mconsensus_core::commit_observer[0m[2m:[0m [2mconsensus/core/src/commit_observer.rs[0m[2m:[0m[2m173:[0m Consensus commit C292(LW9Z) with leader B302(A,IM7V) has 3 blocks
[2m2025-03-25T07:56:17.469577Z[0m [32m INFO[0m [1mnode[0m[1m{[0m[3mname[0m[2m=[0mk#8dcff6d1..[1m}[0m[2m:[0m [2mconsensus_core::commit_observer[0m[2m:[0m [2mconsensus/core/src/commit_observer.rs[0m[2m:[0m[2m173:[0m Consensus commit C292(LW9Z) with leader B302(A,IM7V) has 3 blocks
[2m2025-03-25T07:56:17.470017Z[0m [32m INFO[0m [1mnode[0m[1m{[0m[3mname[0m[2m=[0mk#99f25ef6..[1m}[0m[2m:[0m [2msui_core::consensus_handler[0m[2m:[0m [2mcrates/sui-core/src/consensus_handler.rs[0m[2m:[0m[2m232:[0m Received consensus output [3mconsensus_commit[0m[2m=[0mCommittedSubDag(leader=B302(A,IM7V), ref=C292(LW9Z), blocks=[Tbyr, WedX, IM7V]) [3mepoch[0m[2m=[0m1
[2m2025-03-25T07:56:17.470017Z[0m [32m INFO[0m [1mnode[0m[1m{[0m[3mname[0m[2m=[0mk#8dcff6d1..[1m}[0m[2m:[0m [2msui_core::consensus_handler[0m[2m:[0m [2mcrates/sui-core/src/consensus_handler.rs[0m[2m:[0m[2m232:[0m Received consensus output [3mconsensus_commit[0m[2m=[0mCommittedSubDag(leader=B302(A,IM7V), ref=C292(LW9Z), blocks=[Tbyr, WedX, IM7V]) [3mepoch[0m[2m=[0m1
[2m2025-03-25T07:56:17.470638Z[0m [32m INFO[0m [1mnode[0m[1m{[0m[3mname[0m[2m=[0mk#99f25ef6..[1m}[0m[2m:[0m [2msui_core::checkpoints::checkpoint_executor[0m[2m:[0m [2mcrates/sui-core/src/checkpoints/checkpoint_executor/mod.rs[0m[2m:[0m[2m332:[0m Received checkpoint summary from state sync [3msequence_number[0m[2m=[0m504
[2m2025-03-25T07:56:17.470638Z[0m [32m INFO[0m [1mnode[0m[1m{[0m[3mname[0m[2m=[0mk#8dcff6d1..[1m}[0m[2m:[0m [2msui_core::checkpoints::checkpoint_executor[0m[2m:[0m [2mcrates/sui-core/src/checkpoints/checkpoint_executor/mod.rs[0m[2m:[0m[2m332:[0m Received checkpoint summary from state sync [3msequence_number[0m[2m=[0m504
[2m2025-03-25T07:56:17.484243Z[0m [32m INFO[0m [1mnode[0m[1m{[0m[3mname[0m[2m=[0mk#8dcff6d1..[1m}[0m[2m:[0m [2msui_core::state_accumulator[0m[2m:[0m [2mcrates/sui-core/src/state_accumulator.rs[0m[2m:[0m[2m675:[0m accumulating running root for checkpoint 504
[2m2025-03-25T07:56:17.484243Z[0m [32m INFO[0m [1mnode[0m[1m{[0m[3mname[0m[2m=[0mk#99f25ef6..[1m}[0m[2m:[0m [2msui_core::state_accumulator[0m[2m:[0m [2mcrates/sui-core/src/state_accumulator.rs[0m[2m:[0m[2m675:[0m accumulating running root for checkpoint 504
[2m2025-03-25T07:56:17.510806Z[0m [32m INFO[0m [1mnode[0m[1m{[0m[3mname[0m[2m=[0mk#addeef94..[1m}[0m[2m:[0m [2msui_core::checkpoints[0m[2m:[0m [2mcrates/sui-core/src/checkpoints/mod.rs[0m[2m:[0m[2m1326:[0m Creating checkpoint(s) for 1 transactions [3mnext_checkpoint_seq[0m[2m=[0m505 [3mcheckpoint_timestamp[0m[2m=[0m1742889376953
[2m2025-03-25T07:56:17.511046Z[0m [32m INFO[0m [1mnode[0m[1m{[0m[3mname[0m[2m=[0mk#addeef94..[1m}[0m[2m:[0m [2msui_core::checkpoints::checkpoint_output[0m[2m:[0m [2mcrates/sui-core/src/checkpoints/checkpoint_output.rs[0m[2m:[0m[2m149:[0m Creating checkpoint CheckpointDigest(9HfzefXHSWz48vpHCLWR4AV78G2jeBfCSQfYsHYPfrN5) at epoch 1, sequence 505, previous digest Some(CheckpointDigest(HhcKAc8USiEUHmL9FFquwsnb4qFxWai3cLUNdpB5NrkH)), transactions count 1, content digest CheckpointContentsDigest(7bYfhBBmmDtue9Q2oCxAvKmVAWXzXATKMqjFcFo995fZ), end_of_epoch_data None
[2m2025-03-25T07:56:17.515747Z[0m [32m INFO[0m [1mnode[0m[1m{[0m[3mname[0m[2m=[0mk#99f25ef6..[1m}[0m[2m:[0m [2msui_core::checkpoints[0m[2m:[0m [2mcrates/sui-core/src/checkpoints/mod.rs[0m[2m:[0m[2m1326:[0m Creating checkpoint(s) for 1 transactions [3mnext_checkpoint_seq[0m[2m=[0m505 [3mcheckpoint_timestamp[0m[2m=[0m1742889376953
[2m2025-03-25T07:56:17.515749Z[0m [32m INFO[0m [1mnode[0m[1m{[0m[3mname[0m[2m=[0mk#8dcff6d1..[1m}[0m[2m:[0m [2msui_core::checkpoints[0m[2m:[0m [2mcrates/sui-core/src/checkpoints/mod.rs[0m[2m:[0m[2m1326:[0m Creating checkpoint(s) for 1 transactions [3mnext_checkpoint_seq[0m[2m=[0m505 [3mcheckpoint_timestamp[0m[2m=[0m1742889376953
[2m2025-03-25T07:56:17.515929Z[0m [32m INFO[0m [1mnode[0m[1m{[0m[3mname[0m[2m=[0mk#99f25ef6..[1m}[0m[2m:[0m [2msui_core::checkpoints::checkpoint_output[0m[2m:[0m [2mcrates/sui-core/src/checkpoints/checkpoint_output.rs[0m[2m:[0m[2m149:[0m Creating checkpoint CheckpointDigest(9HfzefXHSWz48vpHCLWR4AV78G2jeBfCSQfYsHYPfrN5) at epoch 1, sequence 505, previous digest Some(CheckpointDigest(HhcKAc8USiEUHmL9FFquwsnb4qFxWai3cLUNdpB5NrkH)), transactions count 1, content digest CheckpointContentsDigest(7bYfhBBmmDtue9Q2oCxAvKmVAWXzXATKMqjFcFo995fZ), end_of_epoch_data None
[2m2025-03-25T07:56:17.515929Z[0m [32m INFO[0m [1mnode[0m[1m{[0m[3mname[0m[2m=[0mk#8dcff6d1..[1m}[0m[2m:[0m [2msui_core::checkpoints::checkpoint_output[0m[2m:[0m [2mcrates/sui-core/src/checkpoints/checkpoint_output.rs[0m[2m:[0m[2m149:[0m Creating checkpoint CheckpointDigest(9HfzefXHSWz48vpHCLWR4AV78G2jeBfCSQfYsHYPfrN5) at epoch 1, sequence 505, previous digest Some(CheckpointDigest(HhcKAc8USiEUHmL9FFquwsnb4qFxWai3cLUNdpB5NrkH)), transactions count 1, content digest CheckpointContentsDigest(7bYfhBBmmDtue9Q2oCxAvKmVAWXzXATKMqjFcFo995fZ), end_of_epoch_data None
[2m2025-03-25T07:56:17.577587Z[0m [32m INFO[0m [1mnode[0m[1m{[0m[3mname[0m[2m=[0mk#addeef94..[1m}[0m[2m:[0m [2msui_core::checkpoints::checkpoint_executor[0m[2m:[0m [2mcrates/sui-core/src/checkpoints/checkpoint_executor/mod.rs[0m[2m:[0m[2m332:[0m Received checkpoint summary from state sync [3msequence_number[0m[2m=[0m504
[2m2025-03-25T07:56:17.579065Z[0m [32m INFO[0m [1mnode[0m[1m{[0m[3mname[0m[2m=[0mk#addeef94..[1m}[0m[2m:[0m [2msui_core::state_accumulator[0m[2m:[0m [2mcrates/sui-core/src/state_accumulator.rs[0m[2m:[0m[2m675:[0m accumulating running root for checkpoint 504
[2m2025-03-25T07:56:17.719589Z[0m [32m INFO[0m [1mnode[0m[1m{[0m[3mname[0m[2m=[0mk#addeef94..[1m}[0m[2m:[0m [2mconsensus_core::core[0m[2m:[0m [2mconsensus/core/src/core.rs[0m[2m:[0m[2m945:[0m Included 3 ancestors & excluded 0 ancestors for proposal in round 305
[2m2025-03-25T07:56:17.720011Z[0m [32m INFO[0m [1mnode[0m[1m{[0m[3mname[0m[2m=[0mk#addeef94..[1m}[0m[2m:[0m [2mconsensus_core::core[0m[2m:[0m [2mconsensus/core/src/core.rs[0m[2m:[0m[2m531:[0m Created block B305(C,QZwT5oSCO4GZ16RgeMnJp/vLcypIPvP5nj9rKOJIZaY=)(1742889377719ms;[B304(C,p5Kmy2YffASdGxi+hWXsReh8++vwh2RkkQYpNNZhT9Q=), B304(A,Gq+mniV5UEd5FaZz6OIXotUjzEUTqrLwQBYVuPygtP8=), B304(B,jEsXQb32LiZJcKCrxIeHKP8ZjfqU8iC5M60S+Zs+DZs=)];1t;1c) for round 305
[2m2025-03-25T07:56:17.721748Z[0m [32m INFO[0m [1mnode[0m[1m{[0m[3mname[0m[2m=[0mk#8dcff6d1..[1m}[0m[2m:[0m [2mconsensus_core::core[0m[2m:[0m [2mconsensus/core/src/core.rs[0m[2m:[0m[2m945:[0m Included 3 ancestors & excluded 0 ancestors for proposal in round 305
[2m2025-03-25T07:56:17.722021Z[0m [32m INFO[0m [1mnode[0m[1m{[0m[3mname[0m[2m=[0mk#8dcff6d1..[1m}[0m[2m:[0m [2mconsensus_core::core[0m[2m:[0m [2mconsensus/core/src/core.rs[0m[2m:[0m[2m531:[0m Created block B305(A,hkV6p54rjM4UiVFPvAnc5xX6FGDGAGMgz9V8rujpl8g=)(1742889377721ms;[B304(A,Gq+mniV5UEd5FaZz6OIXotUjzEUTqrLwQBYVuPygtP8=), B304(B,jEsXQb32LiZJcKCrxIeHKP8ZjfqU8iC5M60S+Zs+DZs=), B304(C,p5Kmy2YffASdGxi+hWXsReh8++vwh2RkkQYpNNZhT9Q=)];1t;1c) for round 305
[2m2025-03-25T07:56:17.722038Z[0m [32m INFO[0m [1mnode[0m[1m{[0m[3mname[0m[2m=[0mk#99f25ef6..[1m}[0m[2m:[0m [2mconsensus_core::core[0m[2m:[0m [2mconsensus/core/src/core.rs[0m[2m:[0m[2m945:[0m Included 3 ancestors & excluded 0 ancestors for proposal in round 305
[2m2025-03-25T07:56:17.722163Z[0m [32m INFO[0m [1mnode[0m[1m{[0m[3mname[0m[2m=[0mk#8dcff6d1..[1m}[0m[2m:[0m [2mconsensus_core::core[0m[2m:[0m [2mconsensus/core/src/core.rs[0m[2m:[0m[2m630:[0m Committing 1 leaders: B303(B,3EVc)
[2m2025-03-25T07:56:17.722253Z[0m [32m INFO[0m [1mnode[0m[1m{[0m[3mname[0m[2m=[0mk#8dcff6d1..[1m}[0m[2m:[0m [2mconsensus_core::commit_observer[0m[2m:[0m [2mconsensus/core/src/commit_observer.rs[0m[2m:[0m[2m173:[0m Consensus commit C293(Phn0) with leader B303(B,3EVc) has 3 blocks
[2m2025-03-25T07:56:17.722327Z[0m [32m INFO[0m [1mnode[0m[1m{[0m[3mname[0m[2m=[0mk#99f25ef6..[1m}[0m[2m:[0m [2mconsensus_core::core[0m[2m:[0m [2mconsensus/core/src/core.rs[0m[2m:[0m[2m531:[0m Created block B305(B,kwmg6L6qyXl7j/+HngGGAL6z7uuxKHBRQbtG+viV2kE=)(1742889377722ms;[B304(B,jEsXQb32LiZJcKCrxIeHKP8ZjfqU8iC5M60S+Zs+DZs=), B304(A,Gq+mniV5UEd5FaZz6OIXotUjzEUTqrLwQBYVuPygtP8=), B304(C,p5Kmy2YffASdGxi+hWXsReh8++vwh2RkkQYpNNZhT9Q=)];1t;1c) for round 305
[2m2025-03-25T07:56:17.722391Z[0m [32m INFO[0m [1mnode[0m[1m{[0m[3mname[0m[2m=[0mk#99f25ef6..[1m}[0m[2m:[0m [2mconsensus_core::core[0m[2m:[0m [2mconsensus/core/src/core.rs[0m[2m:[0m[2m630:[0m Committing 1 leaders: B303(B,3EVc)
[2m2025-03-25T07:56:17.722455Z[0m [32m INFO[0m [1mnode[0m[1m{[0m[3mname[0m[2m=[0mk#99f25ef6..[1m}[0m[2m:[0m [2mconsensus_core::commit_observer[0m[2m:[0m [2mconsensus/core/src/commit_observer.rs[0m[2m:[0m[2m173:[0m Consensus commit C293(Phn0) with leader B303(B,3EVc) has 3 blocks
[2m2025-03-25T07:56:17.722493Z[0m [32m INFO[0m [1mnode[0m[1m{[0m[3mname[0m[2m=[0mk#8dcff6d1..[1m}[0m[2m:[0m [2msui_core::consensus_handler[0m[2m:[0m [2mcrates/sui-core/src/consensus_handler.rs[0m[2m:[0m[2m232:[0m Received consensus output [3mconsensus_commit[0m[2m=[0mCommittedSubDag(leader=B303(B,3EVc), ref=C293(Phn0), blocks=[a+q9, 6LRT, 3EVc]) [3mepoch[0m[2m=[0m1
[2m2025-03-25T07:56:17.722534Z[0m [32m INFO[0m [1mnode[0m[1m{[0m[3mname[0m[2m=[0mk#99f25ef6..[1m}[0m[2m:[0m [2msui_core::consensus_handler[0m[2m:[0m [2mcrates/sui-core/src/consensus_handler.rs[0m[2m:[0m[2m232:[0m Received consensus output [3mconsensus_commit[0m[2m=[0mCommittedSubDag(leader=B303(B,3EVc), ref=C293(Phn0), blocks=[a+q9, 6LRT, 3EVc]) [3mepoch[0m[2m=[0m1
[2m2025-03-25T07:56:17.726196Z[0m [32m INFO[0m [1mnode[0m[1m{[0m[3mname[0m[2m=[0mk#addeef94..[1m}[0m[2m:[0m [2mconsensus_core::core[0m[2m:[0m [2mconsensus/core/src/core.rs[0m[2m:[0m[2m630:[0m Committing 1 leaders: B303(B,3EVc)
[2m2025-03-25T07:56:17.726296Z[0m [32m INFO[0m [1mnode[0m[1m{[0m[3mname[0m[2m=[0mk#addeef94..[1m}[0m[2m:[0m [2mconsensus_core::commit_observer[0m[2m:[0m [2mconsensus/core/src/commit_observer.rs[0m[2m:[0m[2m173:[0m Consensus commit C293(Phn0) with leader B303(B,3EVc) has 3 blocks
[2m2025-03-25T07:56:17.726430Z[0m [32m INFO[0m [1mnode[0m[1m{[0m[3mname[0m[2m=[0mk#addeef94..[1m}[0m[2m:[0m [2msui_core::consensus_handler[0m[2m:[0m [2mcrates/sui-core/src/consensus_handler.rs[0m[2m:[0m[2m232:[0m Received consensus output [3mconsensus_commit[0m[2m=[0mCommittedSubDag(leader=B303(B,3EVc), ref=C293(Phn0), blocks=[a+q9, 6LRT, 3EVc]) [3mepoch[0m[2m=[0m1
[2m2025-03-25T07:56:17.749210Z[0m [32m INFO[0m [1mnode[0m[1m{[0m[3mname[0m[2m=[0mk#99f25ef6..[1m}[0m[2m:[0m [2msui_core::checkpoints[0m[2m:[0m [2mcrates/sui-core/src/checkpoints/mod.rs[0m[2m:[0m[2m1326:[0m Creating checkpoint(s) for 2 transactions [3mnext_checkpoint_seq[0m[2m=[0m506 [3mcheckpoint_timestamp[0m[2m=[0m1742889377209
[2m2025-03-25T07:56:17.749213Z[0m [32m INFO[0m [1mnode[0m[1m{[0m[3mname[0m[2m=[0mk#8dcff6d1..[1m}[0m[2m:[0m [2msui_core::checkpoints[0m[2m:[0m [2mcrates/sui-core/src/checkpoints/mod.rs[0m[2m:[0m[2m1326:[0m Creating checkpoint(s) for 2 transactions [3mnext_checkpoint_seq[0m[2m=[0m506 [3mcheckpoint_timestamp[0m[2m=[0m1742889377209
[2m2025-03-25T07:56:17.749524Z[0m [32m INFO[0m [1mnode[0m[1m{[0m[3mname[0m[2m=[0mk#99f25ef6..[1m}[0m[2m:[0m [2msui_core::checkpoints::checkpoint_output[0m[2m:[0m [2mcrates/sui-core/src/checkpoints/checkpoint_output.rs[0m[2m:[0m[2m149:[0m Creating checkpoint CheckpointDigest(DFS8Fftyz3KKCyAKGvvCf1sLhkgChPDBAdqndZGBLCko) at epoch 1, sequence 506, previous digest Some(CheckpointDigest(9HfzefXHSWz48vpHCLWR4AV78G2jeBfCSQfYsHYPfrN5)), transactions count 2, content digest CheckpointContentsDigest(CNeMvxeAs6SaTAqnMApxSp88JAixUXnBdbntYiDR1dDR), end_of_epoch_data None
[2m2025-03-25T07:56:17.749524Z[0m [32m INFO[0m [1mnode[0m[1m{[0m[3mname[0m[2m=[0mk#8dcff6d1..[1m}[0m[2m:[0m [2msui_core::checkpoints::checkpoint_output[0m[2m:[0m [2mcrates/sui-core/src/checkpoints/checkpoint_output.rs[0m[2m:[0m[2m149:[0m Creating checkpoint CheckpointDigest(DFS8Fftyz3KKCyAKGvvCf1sLhkgChPDBAdqndZGBLCko) at epoch 1, sequence 506, previous digest Some(CheckpointDigest(9HfzefXHSWz48vpHCLWR4AV78G2jeBfCSQfYsHYPfrN5)), transactions count 2, content digest CheckpointContentsDigest(CNeMvxeAs6SaTAqnMApxSp88JAixUXnBdbntYiDR1dDR), end_of_epoch_data None
[2m2025-03-25T07:56:17.752468Z[0m [32m INFO[0m [1mnode[0m[1m{[0m[3mname[0m[2m=[0mk#addeef94..[1m}[0m[2m:[0m [2msui_core::checkpoints[0m[2m:[0m [2mcrates/sui-core/src/checkpoints/mod.rs[0m[2m:[0m[2m1326:[0m Creating checkpoint(s) for 2 transactions [3mnext_checkpoint_seq[0m[2m=[0m506 [3mcheckpoint_timestamp[0m[2m=[0m1742889377209
[2m2025-03-25T07:56:17.752603Z[0m [32m INFO[0m [1mnode[0m[1m{[0m[3mname[0m[2m=[0mk#99f25ef6..[1m}[0m[2m:[0m [2msui_core::checkpoints::checkpoint_output[0m[2m:[0m [2mcrates/sui-core/src/checkpoints/checkpoint_output.rs[0m[2m:[0m[2m196:[0m Certified checkpoint with sequence 505 and digest 9HfzefXHSWz48vpHCLWR4AV78G2jeBfCSQfYsHYPfrN5
[2m2025-03-25T07:56:17.752686Z[0m [32m INFO[0m [1mnode[0m[1m{[0m[3mname[0m[2m=[0mk#8dcff6d1..[1m}[0m[2m:[0m [2msui_core::checkpoints::checkpoint_output[0m[2m:[0m [2mcrates/sui-core/src/checkpoints/checkpoint_output.rs[0m[2m:[0m[2m196:[0m Certified checkpoint with sequence 505 and digest 9HfzefXHSWz48vpHCLWR4AV78G2jeBfCSQfYsHYPfrN5
[2m2025-03-25T07:56:17.752735Z[0m [32m INFO[0m [1mnode[0m[1m{[0m[3mname[0m[2m=[0mk#addeef94..[1m}[0m[2m:[0m [2msui_core::checkpoints::checkpoint_output[0m[2m:[0m [2mcrates/sui-core/src/checkpoints/checkpoint_output.rs[0m[2m:[0m[2m149:[0m Creating checkpoint CheckpointDigest(DFS8Fftyz3KKCyAKGvvCf1sLhkgChPDBAdqndZGBLCko) at epoch 1, sequence 506, previous digest Some(CheckpointDigest(9HfzefXHSWz48vpHCLWR4AV78G2jeBfCSQfYsHYPfrN5)), transactions count 2, content digest CheckpointContentsDigest(CNeMvxeAs6SaTAqnMApxSp88JAixUXnBdbntYiDR1dDR), end_of_epoch_data None
[2m2025-03-25T07:56:17.753036Z[0m [32m INFO[0m [1mnode[0m[1m{[0m[3mname[0m[2m=[0mk#99f25ef6..[1m}[0m[2m:[0m [2msui_core::checkpoints::checkpoint_executor[0m[2m:[0m [2mcrates/sui-core/src/checkpoints/checkpoint_executor/mod.rs[0m[2m:[0m[2m332:[0m Received checkpoint summary from state sync [3msequence_number[0m[2m=[0m505
[2m2025-03-25T07:56:17.753036Z[0m [32m INFO[0m [1mnode[0m[1m{[0m[3mname[0m[2m=[0mk#8dcff6d1..[1m}[0m[2m:[0m [2msui_core::checkpoints::checkpoint_executor[0m[2m:[0m [2mcrates/sui-core/src/checkpoints/checkpoint_executor/mod.rs[0m[2m:[0m[2m332:[0m Received checkpoint summary from state sync [3msequence_number[0m[2m=[0m505
[2m2025-03-25T07:56:17.754233Z[0m [32m INFO[0m [1mnode[0m[1m{[0m[3mname[0m[2m=[0mk#99f25ef6..[1m}[0m[2m:[0m [2msui_core::state_accumulator[0m[2m:[0m [2mcrates/sui-core/src/state_accumulator.rs[0m[2m:[0m[2m675:[0m accumulating running root for checkpoint 505
[2m2025-03-25T07:56:17.754233Z[0m [32m INFO[0m [1mnode[0m[1m{[0m[3mname[0m[2m=[0mk#8dcff6d1..[1m}[0m[2m:[0m [2msui_core::state_accumulator[0m[2m:[0m [2mcrates/sui-core/src/state_accumulator.rs[0m[2m:[0m[2m675:[0m accumulating running root for checkpoint 505
[2m2025-03-25T07:56:17.756452Z[0m [32m INFO[0m [1mnode[0m[1m{[0m[3mname[0m[2m=[0mk#addeef94..[1m}[0m[2m:[0m [2msui_core::checkpoints::checkpoint_executor[0m[2m:[0m [2mcrates/sui-core/src/checkpoints/checkpoint_executor/mod.rs[0m[2m:[0m[2m332:[0m Received checkpoint summary from state sync [3msequence_number[0m[2m=[0m505
[2m2025-03-25T07:56:17.757180Z[0m [32m INFO[0m [1mnode[0m[1m{[0m[3mname[0m[2m=[0mk#addeef94..[1m}[0m[2m:[0m [2msui_core::state_accumulator[0m[2m:[0m [2mcrates/sui-core/src/state_accumulator.rs[0m[2m:[0m[2m675:[0m accumulating running root for checkpoint 505
[2m2025-03-25T07:56:17.974996Z[0m [32m INFO[0m [1mnode[0m[1m{[0m[3mname[0m[2m=[0mk#8dcff6d1..[1m}[0m[2m:[0m [2mconsensus_core::core[0m[2m:[0m [2mconsensus/core/src/core.rs[0m[2m:[0m[2m945:[0m Included 3 ancestors & excluded 0 ancestors for proposal in round 306
[2m2025-03-25T07:56:17.975351Z[0m [32m INFO[0m [1mnode[0m[1m{[0m[3mname[0m[2m=[0mk#8dcff6d1..[1m}[0m[2m:[0m [2mconsensus_core::core[0m[2m:[0m [2mconsensus/core/src/core.rs[0m[2m:[0m[2m531:[0m Created block B306(A,AZY88xoVFdLXolZ7AqN99YPuUUqi67O8DMeRcsrFNrs=)(1742889377975ms;[B305(A,hkV6p54rjM4UiVFPvAnc5xX6FGDGAGMgz9V8rujpl8g=), B305(B,kwmg6L6qyXl7j/+HngGGAL6z7uuxKHBRQbtG+viV2kE=), B305(C,QZwT5oSCO4GZ16RgeMnJp/vLcypIPvP5nj9rKOJIZaY=)];1t;1c) for round 306
[2m2025-03-25T07:56:17.976948Z[0m [32m INFO[0m [1mnode[0m[1m{[0m[3mname[0m[2m=[0mk#99f25ef6..[1m}[0m[2m:[0m [2mconsensus_core::core[0m[2m:[0m [2mconsensus/core/src/core.rs[0m[2m:[0m[2m945:[0m Included 3 ancestors & excluded 0 ancestors for proposal in round 306
[2m2025-03-25T07:56:17.977237Z[0m [32m INFO[0m [1mnode[0m[1m{[0m[3mname[0m[2m=[0mk#99f25ef6..[1m}[0m[2m:[0m [2mconsensus_core::core[0m[2m:[0m [2mconsensus/core/src/core.rs[0m[2m:[0m[2m531:[0m Created block B306(B,ZH+8yZIfgM1/Hvyd0iuTonvfRwc1anETPctOAG1Og9E=)(1742889377977ms;[B305(B,kwmg6L6qyXl7j/+HngGGAL6z7uuxKHBRQbtG+viV2kE=), B305(A,hkV6p54rjM4UiVFPvAnc5xX6FGDGAGMgz9V8rujpl8g=), B305(C,QZwT5oSCO4GZ16RgeMnJp/vLcypIPvP5nj9rKOJIZaY=)];1t;1c) for round 306
[2m2025-03-25T07:56:17.977280Z[0m [32m INFO[0m [1mnode[0m[1m{[0m[3mname[0m[2m=[0mk#addeef94..[1m}[0m[2m:[0m [2mconsensus_core::core[0m[2m:[0m [2mconsensus/core/src/core.rs[0m[2m:[0m[2m945:[0m Included 3 ancestors & excluded 0 ancestors for proposal in round 306
[2m2025-03-25T07:56:17.977583Z[0m [32m INFO[0m [1mnode[0m[1m{[0m[3mname[0m[2m=[0mk#addeef94..[1m}[0m[2m:[0m [2mconsensus_core::core[0m[2m:[0m [2mconsensus/core/src/core.rs[0m[2m:[0m[2m531:[0m Created block B306(C,SrBs249WYyzwv3q5mzNe95MTkTje2uHorsfcUXkV1qg=)(1742889377977ms;[B305(C,QZwT5oSCO4GZ16RgeMnJp/vLcypIPvP5nj9rKOJIZaY=), B305(A,hkV6p54rjM4UiVFPvAnc5xX6FGDGAGMgz9V8rujpl8g=), B305(B,kwmg6L6qyXl7j/+HngGGAL6z7uuxKHBRQbtG+viV2kE=)];1t;1c) for round 306
[2m2025-03-25T07:56:17.977655Z[0m [32m INFO[0m [1mnode[0m[1m{[0m[3mname[0m[2m=[0mk#addeef94..[1m}[0m[2m:[0m [2mconsensus_core::core[0m[2m:[0m [2mconsensus/core/src/core.rs[0m[2m:[0m[2m630:[0m Committing 1 leaders: B304(C,p5Km)
[2m2025-03-25T07:56:17.977725Z[0m [32m INFO[0m [1mnode[0m[1m{[0m[3mname[0m[2m=[0mk#addeef94..[1m}[0m[2m:[0m [2mconsensus_core::commit_observer[0m[2m:[0m [2mconsensus/core/src/commit_observer.rs[0m[2m:[0m[2m173:[0m Consensus commit C294(uhjM) with leader B304(C,p5Km) has 3 blocks
[2m2025-03-25T07:56:17.977814Z[0m [32m INFO[0m [1mnode[0m[1m{[0m[3mname[0m[2m=[0mk#addeef94..[1m}[0m[2m:[0m [2msui_core::consensus_handler[0m[2m:[0m [2mcrates/sui-core/src/consensus_handler.rs[0m[2m:[0m[2m232:[0m Received consensus output [3mconsensus_commit[0m[2m=[0mCommittedSubDag(leader=B304(C,p5Km), ref=C294(uhjM), blocks=[aWs+, MPrC, p5Km]) [3mepoch[0m[2m=[0m1
[2m2025-03-25T07:56:17.980851Z[0m [32m INFO[0m [1mnode[0m[1m{[0m[3mname[0m[2m=[0mk#99f25ef6..[1m}[0m[2m:[0m [2msui_core::checkpoints::checkpoint_output[0m[2m:[0m [2mcrates/sui-core/src/checkpoints/checkpoint_output.rs[0m[2m:[0m[2m196:[0m Certified checkpoint with sequence 506 and digest DFS8Fftyz3KKCyAKGvvCf1sLhkgChPDBAdqndZGBLCko
[2m2025-03-25T07:56:17.980955Z[0m [32m INFO[0m [1mnode[0m[1m{[0m[3mname[0m[2m=[0mk#99f25ef6..[1m}[0m[2m:[0m [2mconsensus_core::core[0m[2m:[0m [2mconsensus/core/src/core.rs[0m[2m:[0m[2m630:[0m Committing 1 leaders: B304(C,p5Km)
[2m2025-03-25T07:56:17.981061Z[0m [32m INFO[0m [1mnode[0m[1m{[0m[3mname[0m[2m=[0mk#99f25ef6..[1m}[0m[2m:[0m [2mconsensus_core::commit_observer[0m[2m:[0m [2mconsensus/core/src/commit_observer.rs[0m[2m:[0m[2m173:[0m Consensus commit C294(uhjM) with leader B304(C,p5Km) has 3 blocks
[2m2025-03-25T07:56:17.981217Z[0m [32m INFO[0m [1mnode[0m[1m{[0m[3mname[0m[2m=[0mk#8dcff6d1..[1m}[0m[2m:[0m [2msui_core::checkpoints::checkpoint_output[0m[2m:[0m [2mcrates/sui-core/src/checkpoints/checkpoint_output.rs[0m[2m:[0m[2m196:[0m Certified checkpoint with sequence 506 and digest DFS8Fftyz3KKCyAKGvvCf1sLhkgChPDBAdqndZGBLCko
[2m2025-03-25T07:56:17.981315Z[0m [32m INFO[0m [1mnode[0m[1m{[0m[3mname[0m[2m=[0mk#8dcff6d1..[1m}[0m[2m:[0m [2mconsensus_core::core[0m[2m:[0m [2mconsensus/core/src/core.rs[0m[2m:[0m[2m630:[0m Committing 1 leaders: B304(C,p5Km)
[2m2025-03-25T07:56:17.981413Z[0m [32m INFO[0m [1mnode[0m[1m{[0m[3mname[0m[2m=[0mk#8dcff6d1..[1m}[0m[2m:[0m [2mconsensus_core::commit_observer[0m[2m:[0m [2mconsensus/core/src/commit_observer.rs[0m[2m:[0m[2m173:[0m Consensus commit C294(uhjM) with leader B304(C,p5Km) has 3 blocks
[2m2025-03-25T07:56:17.981484Z[0m [32m INFO[0m [1mnode[0m[1m{[0m[3mname[0m[2m=[0mk#99f25ef6..[1m}[0m[2m:[0m [2msui_core::consensus_handler[0m[2m:[0m [2mcrates/sui-core/src/consensus_handler.rs[0m[2m:[0m[2m232:[0m Received consensus output [3mconsensus_commit[0m[2m=[0mCommittedSubDag(leader=B304(C,p5Km), ref=C294(uhjM), blocks=[aWs+, MPrC, p5Km]) [3mepoch[0m[2m=[0m1
[2m2025-03-25T07:56:17.981802Z[0m [32m INFO[0m [1mnode[0m[1m{[0m[3mname[0m[2m=[0mk#8dcff6d1..[1m}[0m[2m:[0m [2msui_core::consensus_handler[0m[2m:[0m [2mcrates/sui-core/src/consensus_handler.rs[0m[2m:[0m[2m232:[0m Received consensus output [3mconsensus_commit[0m[2m=[0mCommittedSubDag(leader=B304(C,p5Km), ref=C294(uhjM), blocks=[aWs+, MPrC, p5Km]) [3mepoch[0m[2m=[0m1
[2m2025-03-25T07:56:17.982079Z[0m [32m INFO[0m [1mnode[0m[1m{[0m[3mname[0m[2m=[0mk#99f25ef6..[1m}[0m[2m:[0m [2msui_core::checkpoints::checkpoint_executor[0m[2m:[0m [2mcrates/sui-core/src/checkpoints/checkpoint_executor/mod.rs[0m[2m:[0m[2m332:[0m Received checkpoint summary from state sync [3msequence_number[0m[2m=[0m506
[2m2025-03-25T07:56:17.982386Z[0m [32m INFO[0m [1mnode[0m[1m{[0m[3mname[0m[2m=[0mk#8dcff6d1..[1m}[0m[2m:[0m [2msui_core::checkpoints::checkpoint_executor[0m[2m:[0m [2mcrates/sui-core/src/checkpoints/checkpoint_executor/mod.rs[0m[2m:[0m[2m332:[0m Received checkpoint summary from state sync [3msequence_number[0m[2m=[0m506
[2m2025-03-25T07:56:17.995569Z[0m [32m INFO[0m [1mnode[0m[1m{[0m[3mname[0m[2m=[0mk#99f25ef6..[1m}[0m[2m:[0m [2msui_core::state_accumulator[0m[2m:[0m [2mcrates/sui-core/src/state_accumulator.rs[0m[2m:[0m[2m675:[0m accumulating running root for checkpoint 506
[2m2025-03-25T07:56:17.995637Z[0m [32m INFO[0m [1mnode[0m[1m{[0m[3mname[0m[2m=[0mk#8dcff6d1..[1m}[0m[2m:[0m [2msui_core::state_accumulator[0m[2m:[0m [2mcrates/sui-core/src/state_accumulator.rs[0m[2m:[0m[2m675:[0m accumulating running root for checkpoint 506
[2m2025-03-25T07:56:18.022394Z[0m [32m INFO[0m [1mnode[0m[1m{[0m[3mname[0m[2m=[0mk#addeef94..[1m}[0m[2m:[0m [2msui_core::checkpoints[0m[2m:[0m [2mcrates/sui-core/src/checkpoints/mod.rs[0m[2m:[0m[2m1326:[0m Creating checkpoint(s) for 1 transactions [3mnext_checkpoint_seq[0m[2m=[0m507 [3mcheckpoint_timestamp[0m[2m=[0m1742889377465
[2m2025-03-25T07:56:18.022633Z[0m [32m INFO[0m [1mnode[0m[1m{[0m[3mname[0m[2m=[0mk#addeef94..[1m}[0m[2m:[0m [2msui_core::checkpoints::checkpoint_output[0m[2m:[0m [2mcrates/sui-core/src/checkpoints/checkpoint_output.rs[0m[2m:[0m[2m149:[0m Creating checkpoint CheckpointDigest(ABzmywJbNf355iAsxyhfKkeUaAXu7ERrte87RkuyVKkT) at epoch 1, sequence 507, previous digest Some(CheckpointDigest(DFS8Fftyz3KKCyAKGvvCf1sLhkgChPDBAdqndZGBLCko)), transactions count 1, content digest CheckpointContentsDigest(FUPnfd3zXxtXtCEB53NppBhE3sFndccFW7sc56FiY6jA), end_of_epoch_data None
[2m2025-03-25T07:56:18.026582Z[0m [32m INFO[0m [1mnode[0m[1m{[0m[3mname[0m[2m=[0mk#8dcff6d1..[1m}[0m[2m:[0m [2msui_core::checkpoints[0m[2m:[0m [2mcrates/sui-core/src/checkpoints/mod.rs[0m[2m:[0m[2m1326:[0m Creating checkpoint(s) for 1 transactions [3mnext_checkpoint_seq[0m[2m=[0m507 [3mcheckpoint_timestamp[0m[2m=[0m1742889377465
[2m2025-03-25T07:56:18.026767Z[0m [32m INFO[0m [1mnode[0m[1m{[0m[3mname[0m[2m=[0mk#8dcff6d1..[1m}[0m[2m:[0m [2msui_core::checkpoints::checkpoint_output[0m[2m:[0m [2mcrates/sui-core/src/checkpoints/checkpoint_output.rs[0m[2m:[0m[2m149:[0m Creating checkpoint CheckpointDigest(ABzmywJbNf355iAsxyhfKkeUaAXu7ERrte87RkuyVKkT) at epoch 1, sequence 507, previous digest Some(CheckpointDigest(DFS8Fftyz3KKCyAKGvvCf1sLhkgChPDBAdqndZGBLCko)), transactions count 1, content digest CheckpointContentsDigest(FUPnfd3zXxtXtCEB53NppBhE3sFndccFW7sc56FiY6jA), end_of_epoch_data None
[2m2025-03-25T07:56:18.026992Z[0m [32m INFO[0m [1mnode[0m[1m{[0m[3mname[0m[2m=[0mk#99f25ef6..[1m}[0m[2m:[0m [2msui_core::checkpoints[0m[2m:[0m [2mcrates/sui-core/src/checkpoints/mod.rs[0m[2m:[0m[2m1326:[0m Creating checkpoint(s) for 1 transactions [3mnext_checkpoint_seq[0m[2m=[0m507 [3mcheckpoint_timestamp[0m[2m=[0m1742889377465
[2m2025-03-25T07:56:18.027165Z[0m [32m INFO[0m [1mnode[0m[1m{[0m[3mname[0m[2m=[0mk#99f25ef6..[1m}[0m[2m:[0m [2msui_core::checkpoints::checkpoint_output[0m[2m:[0m [2mcrates/sui-core/src/checkpoints/checkpoint_output.rs[0m[2m:[0m[2m149:[0m Creating checkpoint CheckpointDigest(ABzmywJbNf355iAsxyhfKkeUaAXu7ERrte87RkuyVKkT) at epoch 1, sequence 507, previous digest Some(CheckpointDigest(DFS8Fftyz3KKCyAKGvvCf1sLhkgChPDBAdqndZGBLCko)), transactions count 1, content digest CheckpointContentsDigest(FUPnfd3zXxtXtCEB53NppBhE3sFndccFW7sc56FiY6jA), end_of_epoch_data None
[2m2025-03-25T07:56:18.045675Z[0m [32m INFO[0m [1mnode[0m[1m{[0m[3mname[0m[2m=[0mk#addeef94..[1m}[0m[2m:[0m [2msui_core::checkpoints::checkpoint_executor[0m[2m:[0m [2mcrates/sui-core/src/checkpoints/checkpoint_executor/mod.rs[0m[2m:[0m[2m332:[0m Received checkpoint summary from state sync [3msequence_number[0m[2m=[0m506
[2m2025-03-25T07:56:18.091902Z[0m [32m INFO[0m [1mnode[0m[1m{[0m[3mname[0m[2m=[0mk#addeef94..[1m}[0m[2m:[0m [2msui_core::state_accumulator[0m[2m:[0m [2mcrates/sui-core/src/state_accumulator.rs[0m[2m:[0m[2m675:[0m accumulating running root for checkpoint 506
[2m2025-03-25T07:56:18.229534Z[0m [32m INFO[0m [1mnode[0m[1m{[0m[3mname[0m[2m=[0mk#addeef94..[1m}[0m[2m:[0m [2mconsensus_core::core[0m[2m:[0m [2mconsensus/core/src/core.rs[0m[2m:[0m[2m945:[0m Included 3 ancestors & excluded 0 ancestors for proposal in round 307
[2m2025-03-25T07:56:18.229906Z[0m [32m INFO[0m [1mnode[0m[1m{[0m[3mname[0m[2m=[0mk#addeef94..[1m}[0m[2m:[0m [2mconsensus_core::core[0m[2m:[0m [2mconsensus/core/src/core.rs[0m[2m:[0m[2m531:[0m Created block B307(C,UgUIm5Tko40i0LiTgxIQdqP/SpqWb1NpVUzj6j3vi2c=)(1742889378229ms;[B306(C,SrBs249WYyzwv3q5mzNe95MTkTje2uHorsfcUXkV1qg=), B306(A,AZY88xoVFdLXolZ7AqN99YPuUUqi67O8DMeRcsrFNrs=), B306(B,ZH+8yZIfgM1/Hvyd0iuTonvfRwc1anETPctOAG1Og9E=)];1t;1c) for round 307
[2m2025-03-25T07:56:18.232966Z[0m [32m INFO[0m [1mnode[0m[1m{[0m[3mname[0m[2m=[0mk#99f25ef6..[1m}[0m[2m:[0m [2mconsensus_core::core[0m[2m:[0m [2mconsensus/core/src/core.rs[0m[2m:[0m[2m945:[0m Included 3 ancestors & excluded 0 ancestors for proposal in round 307
[2m2025-03-25T07:56:18.232966Z[0m [32m INFO[0m [1mnode[0m[1m{[0m[3mname[0m[2m=[0mk#8dcff6d1..[1m}[0m[2m:[0m [2mconsensus_core::core[0m[2m:[0m [2mconsensus/core/src/core.rs[0m[2m:[0m[2m945:[0m Included 3 ancestors & excluded 0 ancestors for proposal in round 307
[2m2025-03-25T07:56:18.233260Z[0m [32m INFO[0m [1mnode[0m[1m{[0m[3mname[0m[2m=[0mk#99f25ef6..[1m}[0m[2m:[0m [2mconsensus_core::core[0m[2m:[0m [2mconsensus/core/src/core.rs[0m[2m:[0m[2m531:[0m Created block B307(B,nblQcg8l6VnTvTrX9TBFxtHl65bmnWIFqTJRgmA0ePE=)(1742889378233ms;[B306(B,ZH+8yZIfgM1/Hvyd0iuTonvfRwc1anETPctOAG1Og9E=), B306(A,AZY88xoVFdLXolZ7AqN99YPuUUqi67O8DMeRcsrFNrs=), B306(C,SrBs249WYyzwv3q5mzNe95MTkTje2uHorsfcUXkV1qg=)];1t;1c) for round 307
[2m2025-03-25T07:56:18.233261Z[0m [32m INFO[0m [1mnode[0m[1m{[0m[3mname[0m[2m=[0mk#8dcff6d1..[1m}[0m[2m:[0m [2mconsensus_core::core[0m[2m:[0m [2mconsensus/core/src/core.rs[0m[2m:[0m[2m531:[0m Created block B307(A,JwsRpP8Jged3u7D2wwXVRWRSPiRK8/4MbunkETLk5zs=)(1742889378233ms;[B306(A,AZY88xoVFdLXolZ7AqN99YPuUUqi67O8DMeRcsrFNrs=), B306(B,ZH+8yZIfgM1/Hvyd0iuTonvfRwc1anETPctOAG1Og9E=), B306(C,SrBs249WYyzwv3q5mzNe95MTkTje2uHorsfcUXkV1qg=)];1t;1c) for round 307
[2m2025-03-25T07:56:18.233331Z[0m [32m INFO[0m [1mnode[0m[1m{[0m[3mname[0m[2m=[0mk#8dcff6d1..[1m}[0m[2m:[0m [2mconsensus_core::core[0m[2m:[0m [2mconsensus/core/src/core.rs[0m[2m:[0m[2m630:[0m Committing 1 leaders: B305(A,hkV6)
[2m2025-03-25T07:56:18.233331Z[0m [32m INFO[0m [1mnode[0m[1m{[0m[3mname[0m[2m=[0mk#99f25ef6..[1m}[0m[2m:[0m [2mconsensus_core::core[0m[2m:[0m [2mconsensus/core/src/core.rs[0m[2m:[0m[2m630:[0m Committing 1 leaders: B305(A,hkV6)
[2m2025-03-25T07:56:18.233405Z[0m [32m INFO[0m [1mnode[0m[1m{[0m[3mname[0m[2m=[0mk#8dcff6d1..[1m}[0m[2m:[0m [2mconsensus_core::commit_observer[0m[2m:[0m [2mconsensus/core/src/commit_observer.rs[0m[2m:[0m[2m173:[0m Consensus commit C295(2n9t) with leader B305(A,hkV6) has 3 blocks
[2m2025-03-25T07:56:18.233405Z[0m [32m INFO[0m [1mnode[0m[1m{[0m[3mname[0m[2m=[0mk#99f25ef6..[1m}[0m[2m:[0m [2mconsensus_core::commit_observer[0m[2m:[0m [2mconsensus/core/src/commit_observer.rs[0m[2m:[0m[2m173:[0m Consensus commit C295(2n9t) with leader B305(A,hkV6) has 3 blocks
[2m2025-03-25T07:56:18.233495Z[0m [32m INFO[0m [1mnode[0m[1m{[0m[3mname[0m[2m=[0mk#8dcff6d1..[1m}[0m[2m:[0m [2msui_core::consensus_handler[0m[2m:[0m [2mcrates/sui-core/src/consensus_handler.rs[0m[2m:[0m[2m232:[0m Received consensus output [3mconsensus_commit[0m[2m=[0mCommittedSubDag(leader=B305(A,hkV6), ref=C295(2n9t), blocks=[Gq+m, jEsX, hkV6]) [3mepoch[0m[2m=[0m1
[2m2025-03-25T07:56:18.233495Z[0m [32m INFO[0m [1mnode[0m[1m{[0m[3mname[0m[2m=[0mk#99f25ef6..[1m}[0m[2m:[0m [2msui_core::consensus_handler[0m[2m:[0m [2mcrates/sui-core/src/consensus_handler.rs[0m[2m:[0m[2m232:[0m Received consensus output [3mconsensus_commit[0m[2m=[0mCommittedSubDag(leader=B305(A,hkV6), ref=C295(2n9t), blocks=[Gq+m, jEsX, hkV6]) [3mepoch[0m[2m=[0m1
[2m2025-03-25T07:56:18.237158Z[0m [32m INFO[0m [1mnode[0m[1m{[0m[3mname[0m[2m=[0mk#addeef94..[1m}[0m[2m:[0m [2mconsensus_core::core[0m[2m:[0m [2mconsensus/core/src/core.rs[0m[2m:[0m[2m630:[0m Committing 1 leaders: B305(A,hkV6)
[2m2025-03-25T07:56:18.237248Z[0m [32m INFO[0m [1mnode[0m[1m{[0m[3mname[0m[2m=[0mk#addeef94..[1m}[0m[2m:[0m [2mconsensus_core::commit_observer[0m[2m:[0m [2mconsensus/core/src/commit_observer.rs[0m[2m:[0m[2m173:[0m Consensus commit C295(2n9t) with leader B305(A,hkV6) has 3 blocks
[2m2025-03-25T07:56:18.237375Z[0m [32m INFO[0m [1mnode[0m[1m{[0m[3mname[0m[2m=[0mk#addeef94..[1m}[0m[2m:[0m [2msui_core::consensus_handler[0m[2m:[0m [2mcrates/sui-core/src/consensus_handler.rs[0m[2m:[0m[2m232:[0m Received consensus output [3mconsensus_commit[0m[2m=[0mCommittedSubDag(leader=B305(A,hkV6), ref=C295(2n9t), blocks=[Gq+m, jEsX, hkV6]) [3mepoch[0m[2m=[0m1
[2m2025-03-25T07:56:18.260088Z[0m [32m INFO[0m [1mnode[0m[1m{[0m[3mname[0m[2m=[0mk#8dcff6d1..[1m}[0m[2m:[0m [2msui_core::checkpoints[0m[2m:[0m [2mcrates/sui-core/src/checkpoints/mod.rs[0m[2m:[0m[2m1326:[0m Creating checkpoint(s) for 2 transactions [3mnext_checkpoint_seq[0m[2m=[0m508 [3mcheckpoint_timestamp[0m[2m=[0m1742889377721
[2m2025-03-25T07:56:18.260090Z[0m [32m INFO[0m [1mnode[0m[1m{[0m[3mname[0m[2m=[0mk#99f25ef6..[1m}[0m[2m:[0m [2msui_core::checkpoints[0m[2m:[0m [2mcrates/sui-core/src/checkpoints/mod.rs[0m[2m:[0m[2m1326:[0m Creating checkpoint(s) for 2 transactions [3mnext_checkpoint_seq[0m[2m=[0m508 [3mcheckpoint_timestamp[0m[2m=[0m1742889377721
[2m2025-03-25T07:56:18.260402Z[0m [32m INFO[0m [1mnode[0m[1m{[0m[3mname[0m[2m=[0mk#99f25ef6..[1m}[0m[2m:[0m [2msui_core::checkpoints::checkpoint_output[0m[2m:[0m [2mcrates/sui-core/src/checkpoints/checkpoint_output.rs[0m[2m:[0m[2m149:[0m Creating checkpoint CheckpointDigest(CpJAdYA4Gxjqjnmx6sraXHFAYuMyfNnnDG3dMjUr6SD3) at epoch 1, sequence 508, previous digest Some(CheckpointDigest(ABzmywJbNf355iAsxyhfKkeUaAXu7ERrte87RkuyVKkT)), transactions count 2, content digest CheckpointContentsDigest(EWeNzmFMeEsNQWNuzBCpG7aNEMQFwyDAvsnCNp6ymFg1), end_of_epoch_data None
[2m2025-03-25T07:56:18.260403Z[0m [32m INFO[0m [1mnode[0m[1m{[0m[3mname[0m[2m=[0mk#8dcff6d1..[1m}[0m[2m:[0m [2msui_core::checkpoints::checkpoint_output[0m[2m:[0m [2mcrates/sui-core/src/checkpoints/checkpoint_output.rs[0m[2m:[0m[2m149:[0m Creating checkpoint CheckpointDigest(CpJAdYA4Gxjqjnmx6sraXHFAYuMyfNnnDG3dMjUr6SD3) at epoch 1, sequence 508, previous digest Some(CheckpointDigest(ABzmywJbNf355iAsxyhfKkeUaAXu7ERrte87RkuyVKkT)), transactions count 2, content digest CheckpointContentsDigest(EWeNzmFMeEsNQWNuzBCpG7aNEMQFwyDAvsnCNp6ymFg1), end_of_epoch_data None
[2m2025-03-25T07:56:18.263296Z[0m [32m INFO[0m [1mnode[0m[1m{[0m[3mname[0m[2m=[0mk#addeef94..[1m}[0m[2m:[0m [2msui_core::checkpoints[0m[2m:[0m [2mcrates/sui-core/src/checkpoints/mod.rs[0m[2m:[0m[2m1326:[0m Creating checkpoint(s) for 2 transactions [3mnext_checkpoint_seq[0m[2m=[0m508 [3mcheckpoint_timestamp[0m[2m=[0m1742889377721
[2m2025-03-25T07:56:18.263471Z[0m [32m INFO[0m [1mnode[0m[1m{[0m[3mname[0m[2m=[0mk#99f25ef6..[1m}[0m[2m:[0m [2msui_core::checkpoints::checkpoint_output[0m[2m:[0m [2mcrates/sui-core/src/checkpoints/checkpoint_output.rs[0m[2m:[0m[2m196:[0m Certified checkpoint with sequence 507 and digest ABzmywJbNf355iAsxyhfKkeUaAXu7ERrte87RkuyVKkT
[2m2025-03-25T07:56:18.263536Z[0m [32m INFO[0m [1mnode[0m[1m{[0m[3mname[0m[2m=[0mk#8dcff6d1..[1m}[0m[2m:[0m [2msui_core::checkpoints::checkpoint_output[0m[2m:[0m [2mcrates/sui-core/src/checkpoints/checkpoint_output.rs[0m[2m:[0m[2m196:[0m Certified checkpoint with sequence 507 and digest ABzmywJbNf355iAsxyhfKkeUaAXu7ERrte87RkuyVKkT
[2m2025-03-25T07:56:18.263541Z[0m [32m INFO[0m [1mnode[0m[1m{[0m[3mname[0m[2m=[0mk#addeef94..[1m}[0m[2m:[0m [2msui_core::checkpoints::checkpoint_output[0m[2m:[0m [2mcrates/sui-core/src/checkpoints/checkpoint_output.rs[0m[2m:[0m[2m149:[0m Creating checkpoint CheckpointDigest(CpJAdYA4Gxjqjnmx6sraXHFAYuMyfNnnDG3dMjUr6SD3) at epoch 1, sequence 508, previous digest Some(CheckpointDigest(ABzmywJbNf355iAsxyhfKkeUaAXu7ERrte87RkuyVKkT)), transactions count 2, content digest CheckpointContentsDigest(EWeNzmFMeEsNQWNuzBCpG7aNEMQFwyDAvsnCNp6ymFg1), end_of_epoch_data None
[2m2025-03-25T07:56:18.263899Z[0m [32m INFO[0m [1mnode[0m[1m{[0m[3mname[0m[2m=[0mk#8dcff6d1..[1m}[0m[2m:[0m [2msui_core::checkpoints::checkpoint_executor[0m[2m:[0m [2mcrates/sui-core/src/checkpoints/checkpoint_executor/mod.rs[0m[2m:[0m[2m332:[0m Received checkpoint summary from state sync [3msequence_number[0m[2m=[0m507
[2m2025-03-25T07:56:18.263899Z[0m [32m INFO[0m [1mnode[0m[1m{[0m[3mname[0m[2m=[0mk#99f25ef6..[1m}[0m[2m:[0m [2msui_core::checkpoints::checkpoint_executor[0m[2m:[0m [2mcrates/sui-core/src/checkpoints/checkpoint_executor/mod.rs[0m[2m:[0m[2m332:[0m Received checkpoint summary from state sync [3msequence_number[0m[2m=[0m507
[2m2025-03-25T07:56:18.265066Z[0m [32m INFO[0m [1mnode[0m[1m{[0m[3mname[0m[2m=[0mk#99f25ef6..[1m}[0m[2m:[0m [2msui_core::state_accumulator[0m[2m:[0m [2mcrates/sui-core/src/state_accumulator.rs[0m[2m:[0m[2m675:[0m accumulating running root for checkpoint 507
[2m2025-03-25T07:56:18.265067Z[0m [32m INFO[0m [1mnode[0m[1m{[0m[3mname[0m[2m=[0mk#8dcff6d1..[1m}[0m[2m:[0m [2msui_core::state_accumulator[0m[2m:[0m [2mcrates/sui-core/src/state_accumulator.rs[0m[2m:[0m[2m675:[0m accumulating running root for checkpoint 507
[2m2025-03-25T07:56:18.267228Z[0m [32m INFO[0m [1mnode[0m[1m{[0m[3mname[0m[2m=[0mk#addeef94..[1m}[0m[2m:[0m [2msui_core::checkpoints::checkpoint_executor[0m[2m:[0m [2mcrates/sui-core/src/checkpoints/checkpoint_executor/mod.rs[0m[2m:[0m[2m332:[0m Received checkpoint summary from state sync [3msequence_number[0m[2m=[0m507
[2m2025-03-25T07:56:18.267938Z[0m [32m INFO[0m [1mnode[0m[1m{[0m[3mname[0m[2m=[0mk#addeef94..[1m}[0m[2m:[0m [2msui_core::state_accumulator[0m[2m:[0m [2mcrates/sui-core/src/state_accumulator.rs[0m[2m:[0m[2m675:[0m accumulating running root for checkpoint 507
[2m2025-03-25T07:56:18.359282Z[0m [32m INFO[0m [1mnode[0m[1m{[0m[3mname[0m[2m=[0mk#b3f3cbb4..[1m}[0m[2m:[0m[1mjson-rpc-request[0m[2m:[0m[1mdev_inspect_transaction_block[0m[1m{[0m[3msender_address[0m[2m=[0m0x0000000000000000000000000000000000000000000000000000000000000000 [3mtx_bytes[0m[2m=[0mBase64("AAMBAQAAAAAAAAAAAAAAAAAAAAAAAAAAAAAAAAAAAAAAAAAJAQAAAAAAAAABAAECAAgAAAAAAAAAAAEAAAAAAAAAAAAAAAAAAAAAAAAAAAAAAAAAAAAAAAAAAAsGYnJpZGdlIGdldF90b2tlbl90cmFuc2Zlcl9hY3Rpb25fc3RhdHVzAAMBAAABAQABAgA=") [3mgas_price[0m[2m=[0mNone [3m_epoch[0m[2m=[0mNone [3madditional_args[0m[2m=[0mNone[1m}[0m[2m:[0m [2msui_json_rpc::transaction_execution_api[0m[2m:[0m [2mcrates/sui-json-rpc/src/transaction_execution_api.rs[0m[2m:[0m[2m351:[0m RPC took longer than threshold to complete. [3melapsed[0m[2m=[0m1.534681875s
[2m2025-03-25T07:56:18.360649Z[0m [32m INFO[0m [1mhandle_sui_tx_digest[0m[1m{[0m[3mtx_digest_base58[0m[2m=[0m"JDYZWo7pouDfQMZQ1svXm7rFiHM4Wx8n49TtVZxwEGXL" [3mevent_idx[0m[2m=[0m0[1m}[0m[2m:[0m [2msui_bridge::server[0m[2m:[0m [2mcrates/sui-bridge/src/server/mod.rs[0m[2m:[0m[2m225:[0m Received handle_sui_tx_digest request
[2m2025-03-25T07:56:18.360900Z[0m [32m INFO[0m [1mhandle_sui_tx_digest[0m[1m{[0m[3mtx_digest_base58[0m[2m=[0m"JDYZWo7pouDfQMZQ1svXm7rFiHM4Wx8n49TtVZxwEGXL" [3mevent_idx[0m[2m=[0m0[1m}[0m[2m:[0m [2msui_bridge::server[0m[2m:[0m [2mcrates/sui-bridge/src/server/mod.rs[0m[2m:[0m[2m225:[0m Received handle_sui_tx_digest request
[2m2025-03-25T07:56:18.360916Z[0m [32m INFO[0m [1mhandle_sui_tx_digest[0m[1m{[0m[3mtx_digest_base58[0m[2m=[0m"JDYZWo7pouDfQMZQ1svXm7rFiHM4Wx8n49TtVZxwEGXL" [3mevent_idx[0m[2m=[0m0[1m}[0m[2m:[0m [2msui_bridge::server[0m[2m:[0m [2mcrates/sui-bridge/src/server/mod.rs[0m[2m:[0m[2m225:[0m Received handle_sui_tx_digest request
[2m2025-03-25T07:56:18.362800Z[0m [32m INFO[0m [1mnode[0m[1m{[0m[3mname[0m[2m=[0mk#b3f3cbb4..[1m}[0m[2m:[0m [2msui_core::checkpoints::checkpoint_executor[0m[2m:[0m [2mcrates/sui-core/src/checkpoints/checkpoint_executor/mod.rs[0m[2m:[0m[2m332:[0m Received checkpoint summary from state sync [3msequence_number[0m[2m=[0m498
[2m2025-03-25T07:56:18.362986Z[0m [32m INFO[0m [1mnode[0m[1m{[0m[3mname[0m[2m=[0mk#b3f3cbb4..[1m}[0m[2m:[0m [2msui_core::checkpoints::checkpoint_executor[0m[2m:[0m [2mcrates/sui-core/src/checkpoints/checkpoint_executor/mod.rs[0m[2m:[0m[2m332:[0m Received checkpoint summary from state sync [3msequence_number[0m[2m=[0m499
[2m2025-03-25T07:56:18.363031Z[0m [32m INFO[0m [1mnode[0m[1m{[0m[3mname[0m[2m=[0mk#b3f3cbb4..[1m}[0m[2m:[0m [2msui_core::checkpoints::checkpoint_executor[0m[2m:[0m [2mcrates/sui-core/src/checkpoints/checkpoint_executor/mod.rs[0m[2m:[0m[2m332:[0m Received checkpoint summary from state sync [3msequence_number[0m[2m=[0m500
[2m2025-03-25T07:56:18.486204Z[0m [32m INFO[0m [1mnode[0m[1m{[0m[3mname[0m[2m=[0mk#8dcff6d1..[1m}[0m[2m:[0m [2mconsensus_core::core[0m[2m:[0m [2mconsensus/core/src/core.rs[0m[2m:[0m[2m945:[0m Included 3 ancestors & excluded 0 ancestors for proposal in round 308
[2m2025-03-25T07:56:18.486530Z[0m [32m INFO[0m [1mnode[0m[1m{[0m[3mname[0m[2m=[0mk#99f25ef6..[1m}[0m[2m:[0m [2mconsensus_core::core[0m[2m:[0m [2mconsensus/core/src/core.rs[0m[2m:[0m[2m945:[0m Included 3 ancestors & excluded 0 ancestors for proposal in round 308
[2m2025-03-25T07:56:18.486582Z[0m [32m INFO[0m [1mnode[0m[1m{[0m[3mname[0m[2m=[0mk#8dcff6d1..[1m}[0m[2m:[0m [2mconsensus_core::core[0m[2m:[0m [2mconsensus/core/src/core.rs[0m[2m:[0m[2m531:[0m Created block B308(A,2o1836zkImvsa6ph+rc6Csix8Q8d/Z8gB/Z98Js7+io=)(1742889378486ms;[B307(A,JwsRpP8Jged3u7D2wwXVRWRSPiRK8/4MbunkETLk5zs=), B307(B,nblQcg8l6VnTvTrX9TBFxtHl65bmnWIFqTJRgmA0ePE=), B307(C,UgUIm5Tko40i0LiTgxIQdqP/SpqWb1NpVUzj6j3vi2c=)];1t;1c) for round 308
[2m2025-03-25T07:56:18.486830Z[0m [32m INFO[0m [1mnode[0m[1m{[0m[3mname[0m[2m=[0mk#99f25ef6..[1m}[0m[2m:[0m [2mconsensus_core::core[0m[2m:[0m [2mconsensus/core/src/core.rs[0m[2m:[0m[2m531:[0m Created block B308(B,EQdVOLn3Ap9gZmXktwekI572ni6QYDrEiJZ4nyG0Fn0=)(1742889378486ms;[B307(B,nblQcg8l6VnTvTrX9TBFxtHl65bmnWIFqTJRgmA0ePE=), B307(A,JwsRpP8Jged3u7D2wwXVRWRSPiRK8/4MbunkETLk5zs=), B307(C,UgUIm5Tko40i0LiTgxIQdqP/SpqWb1NpVUzj6j3vi2c=)];1t;1c) for round 308
[2m2025-03-25T07:56:18.489680Z[0m [32m INFO[0m [1mnode[0m[1m{[0m[3mname[0m[2m=[0mk#addeef94..[1m}[0m[2m:[0m [2mconsensus_core::core[0m[2m:[0m [2mconsensus/core/src/core.rs[0m[2m:[0m[2m945:[0m Included 3 ancestors & excluded 0 ancestors for proposal in round 308
[2m2025-03-25T07:56:18.489972Z[0m [32m INFO[0m [1mnode[0m[1m{[0m[3mname[0m[2m=[0mk#addeef94..[1m}[0m[2m:[0m [2mconsensus_core::core[0m[2m:[0m [2mconsensus/core/src/core.rs[0m[2m:[0m[2m531:[0m Created block B308(C,UJxR113uOSdpF/hHULqjo1l/ue4MQdfeGyrrQIJg7Q4=)(1742889378489ms;[B307(C,UgUIm5Tko40i0LiTgxIQdqP/SpqWb1NpVUzj6j3vi2c=), B307(A,JwsRpP8Jged3u7D2wwXVRWRSPiRK8/4MbunkETLk5zs=), B307(B,nblQcg8l6VnTvTrX9TBFxtHl65bmnWIFqTJRgmA0ePE=)];1t;1c) for round 308
[2m2025-03-25T07:56:18.490042Z[0m [32m INFO[0m [1mnode[0m[1m{[0m[3mname[0m[2m=[0mk#addeef94..[1m}[0m[2m:[0m [2mconsensus_core::core[0m[2m:[0m [2mconsensus/core/src/core.rs[0m[2m:[0m[2m630:[0m Committing 1 leaders: B306(C,SrBs)
[2m2025-03-25T07:56:18.490112Z[0m [32m INFO[0m [1mnode[0m[1m{[0m[3mname[0m[2m=[0mk#addeef94..[1m}[0m[2m:[0m [2mconsensus_core::commit_observer[0m[2m:[0m [2mconsensus/core/src/commit_observer.rs[0m[2m:[0m[2m173:[0m Consensus commit C296(zjCA) with leader B306(C,SrBs) has 3 blocks
[2m2025-03-25T07:56:18.490356Z[0m [32m INFO[0m [1mnode[0m[1m{[0m[3mname[0m[2m=[0mk#addeef94..[1m}[0m[2m:[0m [2msui_core::consensus_handler[0m[2m:[0m [2mcrates/sui-core/src/consensus_handler.rs[0m[2m:[0m[2m232:[0m Received consensus output [3mconsensus_commit[0m[2m=[0mCommittedSubDag(leader=B306(C,SrBs), ref=C296(zjCA), blocks=[kwmg, QZwT, SrBs]) [3mepoch[0m[2m=[0m1
[2m2025-03-25T07:56:18.493427Z[0m [32m INFO[0m [1mnode[0m[1m{[0m[3mname[0m[2m=[0mk#99f25ef6..[1m}[0m[2m:[0m [2msui_core::checkpoints::checkpoint_output[0m[2m:[0m [2mcrates/sui-core/src/checkpoints/checkpoint_output.rs[0m[2m:[0m[2m196:[0m Certified checkpoint with sequence 508 and digest CpJAdYA4Gxjqjnmx6sraXHFAYuMyfNnnDG3dMjUr6SD3
[2m2025-03-25T07:56:18.493433Z[0m [32m INFO[0m [1mnode[0m[1m{[0m[3mname[0m[2m=[0mk#8dcff6d1..[1m}[0m[2m:[0m [2msui_core::checkpoints::checkpoint_output[0m[2m:[0m [2mcrates/sui-core/src/checkpoints/checkpoint_output.rs[0m[2m:[0m[2m196:[0m Certified checkpoint with sequence 508 and digest CpJAdYA4Gxjqjnmx6sraXHFAYuMyfNnnDG3dMjUr6SD3
[2m2025-03-25T07:56:18.493536Z[0m [32m INFO[0m [1mnode[0m[1m{[0m[3mname[0m[2m=[0mk#99f25ef6..[1m}[0m[2m:[0m [2mconsensus_core::core[0m[2m:[0m [2mconsensus/core/src/core.rs[0m[2m:[0m[2m630:[0m Committing 1 leaders: B306(C,SrBs)
[2m2025-03-25T07:56:18.493536Z[0m [32m INFO[0m [1mnode[0m[1m{[0m[3mname[0m[2m=[0mk#8dcff6d1..[1m}[0m[2m:[0m [2mconsensus_core::core[0m[2m:[0m [2mconsensus/core/src/core.rs[0m[2m:[0m[2m630:[0m Committing 1 leaders: B306(C,SrBs)
[2m2025-03-25T07:56:18.493643Z[0m [32m INFO[0m [1mnode[0m[1m{[0m[3mname[0m[2m=[0mk#99f25ef6..[1m}[0m[2m:[0m [2mconsensus_core::commit_observer[0m[2m:[0m [2mconsensus/core/src/commit_observer.rs[0m[2m:[0m[2m173:[0m Consensus commit C296(zjCA) with leader B306(C,SrBs) has 3 blocks
[2m2025-03-25T07:56:18.493644Z[0m [32m INFO[0m [1mnode[0m[1m{[0m[3mname[0m[2m=[0mk#8dcff6d1..[1m}[0m[2m:[0m [2mconsensus_core::commit_observer[0m[2m:[0m [2mconsensus/core/src/commit_observer.rs[0m[2m:[0m[2m173:[0m Consensus commit C296(zjCA) with leader B306(C,SrBs) has 3 blocks
[2m2025-03-25T07:56:18.494076Z[0m [32m INFO[0m [1mnode[0m[1m{[0m[3mname[0m[2m=[0mk#99f25ef6..[1m}[0m[2m:[0m [2msui_core::consensus_handler[0m[2m:[0m [2mcrates/sui-core/src/consensus_handler.rs[0m[2m:[0m[2m232:[0m Received consensus output [3mconsensus_commit[0m[2m=[0mCommittedSubDag(leader=B306(C,SrBs), ref=C296(zjCA), blocks=[kwmg, QZwT, SrBs]) [3mepoch[0m[2m=[0m1
[2m2025-03-25T07:56:18.494077Z[0m [32m INFO[0m [1mnode[0m[1m{[0m[3mname[0m[2m=[0mk#8dcff6d1..[1m}[0m[2m:[0m [2msui_core::consensus_handler[0m[2m:[0m [2mcrates/sui-core/src/consensus_handler.rs[0m[2m:[0m[2m232:[0m Received consensus output [3mconsensus_commit[0m[2m=[0mCommittedSubDag(leader=B306(C,SrBs), ref=C296(zjCA), blocks=[kwmg, QZwT, SrBs]) [3mepoch[0m[2m=[0m1
[2m2025-03-25T07:56:18.494685Z[0m [32m INFO[0m [1mnode[0m[1m{[0m[3mname[0m[2m=[0mk#8dcff6d1..[1m}[0m[2m:[0m [2msui_core::checkpoints::checkpoint_executor[0m[2m:[0m [2mcrates/sui-core/src/checkpoints/checkpoint_executor/mod.rs[0m[2m:[0m[2m332:[0m Received checkpoint summary from state sync [3msequence_number[0m[2m=[0m508
[2m2025-03-25T07:56:18.494685Z[0m [32m INFO[0m [1mnode[0m[1m{[0m[3mname[0m[2m=[0mk#99f25ef6..[1m}[0m[2m:[0m [2msui_core::checkpoints::checkpoint_executor[0m[2m:[0m [2mcrates/sui-core/src/checkpoints/checkpoint_executor/mod.rs[0m[2m:[0m[2m332:[0m Received checkpoint summary from state sync [3msequence_number[0m[2m=[0m508
[2m2025-03-25T07:56:18.508272Z[0m [32m INFO[0m [1mnode[0m[1m{[0m[3mname[0m[2m=[0mk#8dcff6d1..[1m}[0m[2m:[0m [2msui_core::state_accumulator[0m[2m:[0m [2mcrates/sui-core/src/state_accumulator.rs[0m[2m:[0m[2m675:[0m accumulating running root for checkpoint 508
[2m2025-03-25T07:56:18.508276Z[0m [32m INFO[0m [1mnode[0m[1m{[0m[3mname[0m[2m=[0mk#99f25ef6..[1m}[0m[2m:[0m [2msui_core::state_accumulator[0m[2m:[0m [2mcrates/sui-core/src/state_accumulator.rs[0m[2m:[0m[2m675:[0m accumulating running root for checkpoint 508
[2m2025-03-25T07:56:18.534701Z[0m [32m INFO[0m [1mnode[0m[1m{[0m[3mname[0m[2m=[0mk#addeef94..[1m}[0m[2m:[0m [2msui_core::checkpoints[0m[2m:[0m [2mcrates/sui-core/src/checkpoints/mod.rs[0m[2m:[0m[2m1326:[0m Creating checkpoint(s) for 1 transactions [3mnext_checkpoint_seq[0m[2m=[0m509 [3mcheckpoint_timestamp[0m[2m=[0m1742889377977
[2m2025-03-25T07:56:18.534932Z[0m [32m INFO[0m [1mnode[0m[1m{[0m[3mname[0m[2m=[0mk#addeef94..[1m}[0m[2m:[0m [2msui_core::checkpoints::checkpoint_output[0m[2m:[0m [2mcrates/sui-core/src/checkpoints/checkpoint_output.rs[0m[2m:[0m[2m149:[0m Creating checkpoint CheckpointDigest(HSjWtAdRWzKQWErchVbbi2fbezZGoHwzMzziezuUS6Py) at epoch 1, sequence 509, previous digest Some(CheckpointDigest(CpJAdYA4Gxjqjnmx6sraXHFAYuMyfNnnDG3dMjUr6SD3)), transactions count 1, content digest CheckpointContentsDigest(AHbhAUGU5RMBS6oNqm3nMe8ic1UX56aSpgDL3TrdGKHG), end_of_epoch_data None
[2m2025-03-25T07:56:18.540322Z[0m [32m INFO[0m [1mnode[0m[1m{[0m[3mname[0m[2m=[0mk#99f25ef6..[1m}[0m[2m:[0m [2msui_core::checkpoints[0m[2m:[0m [2mcrates/sui-core/src/checkpoints/mod.rs[0m[2m:[0m[2m1326:[0m Creating checkpoint(s) for 1 transactions [3mnext_checkpoint_seq[0m[2m=[0m509 [3mcheckpoint_timestamp[0m[2m=[0m1742889377977
[2m2025-03-25T07:56:18.540326Z[0m [32m INFO[0m [1mnode[0m[1m{[0m[3mname[0m[2m=[0mk#8dcff6d1..[1m}[0m[2m:[0m [2msui_core::checkpoints[0m[2m:[0m [2mcrates/sui-core/src/checkpoints/mod.rs[0m[2m:[0m[2m1326:[0m Creating checkpoint(s) for 1 transactions [3mnext_checkpoint_seq[0m[2m=[0m509 [3mcheckpoint_timestamp[0m[2m=[0m1742889377977
[2m2025-03-25T07:56:18.540502Z[0m [32m INFO[0m [1mnode[0m[1m{[0m[3mname[0m[2m=[0mk#99f25ef6..[1m}[0m[2m:[0m [2msui_core::checkpoints::checkpoint_output[0m[2m:[0m [2mcrates/sui-core/src/checkpoints/checkpoint_output.rs[0m[2m:[0m[2m149:[0m Creating checkpoint CheckpointDigest(HSjWtAdRWzKQWErchVbbi2fbezZGoHwzMzziezuUS6Py) at epoch 1, sequence 509, previous digest Some(CheckpointDigest(CpJAdYA4Gxjqjnmx6sraXHFAYuMyfNnnDG3dMjUr6SD3)), transactions count 1, content digest CheckpointContentsDigest(AHbhAUGU5RMBS6oNqm3nMe8ic1UX56aSpgDL3TrdGKHG), end_of_epoch_data None
[2m2025-03-25T07:56:18.540502Z[0m [32m INFO[0m [1mnode[0m[1m{[0m[3mname[0m[2m=[0mk#8dcff6d1..[1m}[0m[2m:[0m [2msui_core::checkpoints::checkpoint_output[0m[2m:[0m [2mcrates/sui-core/src/checkpoints/checkpoint_output.rs[0m[2m:[0m[2m149:[0m Creating checkpoint CheckpointDigest(HSjWtAdRWzKQWErchVbbi2fbezZGoHwzMzziezuUS6Py) at epoch 1, sequence 509, previous digest Some(CheckpointDigest(CpJAdYA4Gxjqjnmx6sraXHFAYuMyfNnnDG3dMjUr6SD3)), transactions count 1, content digest CheckpointContentsDigest(AHbhAUGU5RMBS6oNqm3nMe8ic1UX56aSpgDL3TrdGKHG), end_of_epoch_data None
[2m2025-03-25T07:56:18.601219Z[0m [32m INFO[0m [1mnode[0m[1m{[0m[3mname[0m[2m=[0mk#addeef94..[1m}[0m[2m:[0m [2msui_core::checkpoints::checkpoint_executor[0m[2m:[0m [2mcrates/sui-core/src/checkpoints/checkpoint_executor/mod.rs[0m[2m:[0m[2m332:[0m Received checkpoint summary from state sync [3msequence_number[0m[2m=[0m508
[2m2025-03-25T07:56:18.602700Z[0m [32m INFO[0m [1mnode[0m[1m{[0m[3mname[0m[2m=[0mk#addeef94..[1m}[0m[2m:[0m [2msui_core::state_accumulator[0m[2m:[0m [2mcrates/sui-core/src/state_accumulator.rs[0m[2m:[0m[2m675:[0m accumulating running root for checkpoint 508
[2m2025-03-25T07:56:18.743106Z[0m [32m INFO[0m [1mnode[0m[1m{[0m[3mname[0m[2m=[0mk#addeef94..[1m}[0m[2m:[0m [2mconsensus_core::core[0m[2m:[0m [2mconsensus/core/src/core.rs[0m[2m:[0m[2m945:[0m Included 3 ancestors & excluded 0 ancestors for proposal in round 309
[2m2025-03-25T07:56:18.743525Z[0m [32m INFO[0m [1mnode[0m[1m{[0m[3mname[0m[2m=[0mk#addeef94..[1m}[0m[2m:[0m [2mconsensus_core::core[0m[2m:[0m [2mconsensus/core/src/core.rs[0m[2m:[0m[2m531:[0m Created block B309(C,9Rqp5jEFuUW3QaQkHCgcRDTEh+DQk0FONhJHq3R0HIk=)(1742889378743ms;[B308(C,UJxR113uOSdpF/hHULqjo1l/ue4MQdfeGyrrQIJg7Q4=), B308(A,2o1836zkImvsa6ph+rc6Csix8Q8d/Z8gB/Z98Js7+io=), B308(B,EQdVOLn3Ap9gZmXktwekI572ni6QYDrEiJZ4nyG0Fn0=)];1t;1c) for round 309
[2m2025-03-25T07:56:18.745536Z[0m [32m INFO[0m [1mnode[0m[1m{[0m[3mname[0m[2m=[0mk#8dcff6d1..[1m}[0m[2m:[0m [2mconsensus_core::core[0m[2m:[0m [2mconsensus/core/src/core.rs[0m[2m:[0m[2m945:[0m Included 3 ancestors & excluded 0 ancestors for proposal in round 309
[2m2025-03-25T07:56:18.745536Z[0m [32m INFO[0m [1mnode[0m[1m{[0m[3mname[0m[2m=[0mk#99f25ef6..[1m}[0m[2m:[0m [2mconsensus_core::core[0m[2m:[0m [2mconsensus/core/src/core.rs[0m[2m:[0m[2m945:[0m Included 3 ancestors & excluded 0 ancestors for proposal in round 309
[2m2025-03-25T07:56:18.745825Z[0m [32m INFO[0m [1mnode[0m[1m{[0m[3mname[0m[2m=[0mk#99f25ef6..[1m}[0m[2m:[0m [2mconsensus_core::core[0m[2m:[0m [2mconsensus/core/src/core.rs[0m[2m:[0m[2m531:[0m Created block B309(B,csitI9tS7BMmCqFUkGwjC0d+QTnq0LFPgm1i095qfqY=)(1742889378745ms;[B308(B,EQdVOLn3Ap9gZmXktwekI572ni6QYDrEiJZ4nyG0Fn0=), B308(A,2o1836zkImvsa6ph+rc6Csix8Q8d/Z8gB/Z98Js7+io=), B308(C,UJxR113uOSdpF/hHULqjo1l/ue4MQdfeGyrrQIJg7Q4=)];1t;1c) for round 309
[2m2025-03-25T07:56:18.745827Z[0m [32m INFO[0m [1mnode[0m[1m{[0m[3mname[0m[2m=[0mk#8dcff6d1..[1m}[0m[2m:[0m [2mconsensus_core::core[0m[2m:[0m [2mconsensus/core/src/core.rs[0m[2m:[0m[2m531:[0m Created block B309(A,g3rZqp7EanV2s1c4mxZRwM6o/zCej9dw2oAoQ0hgUqQ=)(1742889378745ms;[B308(A,2o1836zkImvsa6ph+rc6Csix8Q8d/Z8gB/Z98Js7+io=), B308(B,EQdVOLn3Ap9gZmXktwekI572ni6QYDrEiJZ4nyG0Fn0=), B308(C,UJxR113uOSdpF/hHULqjo1l/ue4MQdfeGyrrQIJg7Q4=)];1t;1c) for round 309
[2m2025-03-25T07:56:18.745897Z[0m [32m INFO[0m [1mnode[0m[1m{[0m[3mname[0m[2m=[0mk#99f25ef6..[1m}[0m[2m:[0m [2mconsensus_core::core[0m[2m:[0m [2mconsensus/core/src/core.rs[0m[2m:[0m[2m630:[0m Committing 1 leaders: B307(C,UgUI)
[2m2025-03-25T07:56:18.745897Z[0m [32m INFO[0m [1mnode[0m[1m{[0m[3mname[0m[2m=[0mk#8dcff6d1..[1m}[0m[2m:[0m [2mconsensus_core::core[0m[2m:[0m [2mconsensus/core/src/core.rs[0m[2m:[0m[2m630:[0m Committing 1 leaders: B307(C,UgUI)
[2m2025-03-25T07:56:18.745969Z[0m [32m INFO[0m [1mnode[0m[1m{[0m[3mname[0m[2m=[0mk#99f25ef6..[1m}[0m[2m:[0m [2mconsensus_core::commit_observer[0m[2m:[0m [2mconsensus/core/src/commit_observer.rs[0m[2m:[0m[2m173:[0m Consensus commit C297(XcGr) with leader B307(C,UgUI) has 3 blocks
[2m2025-03-25T07:56:18.745969Z[0m [32m INFO[0m [1mnode[0m[1m{[0m[3mname[0m[2m=[0mk#8dcff6d1..[1m}[0m[2m:[0m [2mconsensus_core::commit_observer[0m[2m:[0m [2mconsensus/core/src/commit_observer.rs[0m[2m:[0m[2m173:[0m Consensus commit C297(XcGr) with leader B307(C,UgUI) has 3 blocks
[2m2025-03-25T07:56:18.746061Z[0m [32m INFO[0m [1mnode[0m[1m{[0m[3mname[0m[2m=[0mk#99f25ef6..[1m}[0m[2m:[0m [2msui_core::consensus_handler[0m[2m:[0m [2mcrates/sui-core/src/consensus_handler.rs[0m[2m:[0m[2m232:[0m Received consensus output [3mconsensus_commit[0m[2m=[0mCommittedSubDag(leader=B307(C,UgUI), ref=C297(XcGr), blocks=[AZY8, ZH+8, UgUI]) [3mepoch[0m[2m=[0m1
[2m2025-03-25T07:56:18.746061Z[0m [32m INFO[0m [1mnode[0m[1m{[0m[3mname[0m[2m=[0mk#8dcff6d1..[1m}[0m[2m:[0m [2msui_core::consensus_handler[0m[2m:[0m [2mcrates/sui-core/src/consensus_handler.rs[0m[2m:[0m[2m232:[0m Received consensus output [3mconsensus_commit[0m[2m=[0mCommittedSubDag(leader=B307(C,UgUI), ref=C297(XcGr), blocks=[AZY8, ZH+8, UgUI]) [3mepoch[0m[2m=[0m1
[2m2025-03-25T07:56:18.749836Z[0m [32m INFO[0m [1mnode[0m[1m{[0m[3mname[0m[2m=[0mk#addeef94..[1m}[0m[2m:[0m [2mconsensus_core::core[0m[2m:[0m [2mconsensus/core/src/core.rs[0m[2m:[0m[2m630:[0m Committing 1 leaders: B307(C,UgUI)
[2m2025-03-25T07:56:18.749942Z[0m [32m INFO[0m [1mnode[0m[1m{[0m[3mname[0m[2m=[0mk#addeef94..[1m}[0m[2m:[0m [2mconsensus_core::commit_observer[0m[2m:[0m [2mconsensus/core/src/commit_observer.rs[0m[2m:[0m[2m173:[0m Consensus commit C297(XcGr) with leader B307(C,UgUI) has 3 blocks
[2m2025-03-25T07:56:18.750083Z[0m [32m INFO[0m [1mnode[0m[1m{[0m[3mname[0m[2m=[0mk#addeef94..[1m}[0m[2m:[0m [2msui_core::consensus_handler[0m[2m:[0m [2mcrates/sui-core/src/consensus_handler.rs[0m[2m:[0m[2m232:[0m Received consensus output [3mconsensus_commit[0m[2m=[0mCommittedSubDag(leader=B307(C,UgUI), ref=C297(XcGr), blocks=[AZY8, ZH+8, UgUI]) [3mepoch[0m[2m=[0m1
[2m2025-03-25T07:56:18.772883Z[0m [32m INFO[0m [1mnode[0m[1m{[0m[3mname[0m[2m=[0mk#99f25ef6..[1m}[0m[2m:[0m [2msui_core::checkpoints[0m[2m:[0m [2mcrates/sui-core/src/checkpoints/mod.rs[0m[2m:[0m[2m1326:[0m Creating checkpoint(s) for 2 transactions [3mnext_checkpoint_seq[0m[2m=[0m510 [3mcheckpoint_timestamp[0m[2m=[0m1742889378229
[2m2025-03-25T07:56:18.772883Z[0m [32m INFO[0m [1mnode[0m[1m{[0m[3mname[0m[2m=[0mk#8dcff6d1..[1m}[0m[2m:[0m [2msui_core::checkpoints[0m[2m:[0m [2mcrates/sui-core/src/checkpoints/mod.rs[0m[2m:[0m[2m1326:[0m Creating checkpoint(s) for 2 transactions [3mnext_checkpoint_seq[0m[2m=[0m510 [3mcheckpoint_timestamp[0m[2m=[0m1742889378229
[2m2025-03-25T07:56:18.773205Z[0m [32m INFO[0m [1mnode[0m[1m{[0m[3mname[0m[2m=[0mk#8dcff6d1..[1m}[0m[2m:[0m [2msui_core::checkpoints::checkpoint_output[0m[2m:[0m [2mcrates/sui-core/src/checkpoints/checkpoint_output.rs[0m[2m:[0m[2m149:[0m Creating checkpoint CheckpointDigest(3zLsFqAkTah629W96d1H2pqrLa7fUnbBN4PsYL5Fhdxn) at epoch 1, sequence 510, previous digest Some(CheckpointDigest(HSjWtAdRWzKQWErchVbbi2fbezZGoHwzMzziezuUS6Py)), transactions count 2, content digest CheckpointContentsDigest(9TwU11U7Q4ajdom1AgC6ctPhZF7eZ29m5sD4qdeGDyDS), end_of_epoch_data None
[2m2025-03-25T07:56:18.773205Z[0m [32m INFO[0m [1mnode[0m[1m{[0m[3mname[0m[2m=[0mk#99f25ef6..[1m}[0m[2m:[0m [2msui_core::checkpoints::checkpoint_output[0m[2m:[0m [2mcrates/sui-core/src/checkpoints/checkpoint_output.rs[0m[2m:[0m[2m149:[0m Creating checkpoint CheckpointDigest(3zLsFqAkTah629W96d1H2pqrLa7fUnbBN4PsYL5Fhdxn) at epoch 1, sequence 510, previous digest Some(CheckpointDigest(HSjWtAdRWzKQWErchVbbi2fbezZGoHwzMzziezuUS6Py)), transactions count 2, content digest CheckpointContentsDigest(9TwU11U7Q4ajdom1AgC6ctPhZF7eZ29m5sD4qdeGDyDS), end_of_epoch_data None
[2m2025-03-25T07:56:18.776352Z[0m [32m INFO[0m [1mnode[0m[1m{[0m[3mname[0m[2m=[0mk#99f25ef6..[1m}[0m[2m:[0m [2msui_core::checkpoints::checkpoint_output[0m[2m:[0m [2mcrates/sui-core/src/checkpoints/checkpoint_output.rs[0m[2m:[0m[2m196:[0m Certified checkpoint with sequence 509 and digest HSjWtAdRWzKQWErchVbbi2fbezZGoHwzMzziezuUS6Py
[2m2025-03-25T07:56:18.776430Z[0m [32m INFO[0m [1mnode[0m[1m{[0m[3mname[0m[2m=[0mk#8dcff6d1..[1m}[0m[2m:[0m [2msui_core::checkpoints::checkpoint_output[0m[2m:[0m [2mcrates/sui-core/src/checkpoints/checkpoint_output.rs[0m[2m:[0m[2m196:[0m Certified checkpoint with sequence 509 and digest HSjWtAdRWzKQWErchVbbi2fbezZGoHwzMzziezuUS6Py
[2m2025-03-25T07:56:18.776518Z[0m [32m INFO[0m [1mnode[0m[1m{[0m[3mname[0m[2m=[0mk#addeef94..[1m}[0m[2m:[0m [2msui_core::checkpoints[0m[2m:[0m [2mcrates/sui-core/src/checkpoints/mod.rs[0m[2m:[0m[2m1326:[0m Creating checkpoint(s) for 2 transactions [3mnext_checkpoint_seq[0m[2m=[0m510 [3mcheckpoint_timestamp[0m[2m=[0m1742889378229
[2m2025-03-25T07:56:18.776781Z[0m [32m INFO[0m [1mnode[0m[1m{[0m[3mname[0m[2m=[0mk#8dcff6d1..[1m}[0m[2m:[0m [2msui_core::checkpoints::checkpoint_executor[0m[2m:[0m [2mcrates/sui-core/src/checkpoints/checkpoint_executor/mod.rs[0m[2m:[0m[2m332:[0m Received checkpoint summary from state sync [3msequence_number[0m[2m=[0m509
[2m2025-03-25T07:56:18.776781Z[0m [32m INFO[0m [1mnode[0m[1m{[0m[3mname[0m[2m=[0mk#99f25ef6..[1m}[0m[2m:[0m [2msui_core::checkpoints::checkpoint_executor[0m[2m:[0m [2mcrates/sui-core/src/checkpoints/checkpoint_executor/mod.rs[0m[2m:[0m[2m332:[0m Received checkpoint summary from state sync [3msequence_number[0m[2m=[0m509
[2m2025-03-25T07:56:18.776777Z[0m [32m INFO[0m [1mnode[0m[1m{[0m[3mname[0m[2m=[0mk#addeef94..[1m}[0m[2m:[0m [2msui_core::checkpoints::checkpoint_output[0m[2m:[0m [2mcrates/sui-core/src/checkpoints/checkpoint_output.rs[0m[2m:[0m[2m149:[0m Creating checkpoint CheckpointDigest(3zLsFqAkTah629W96d1H2pqrLa7fUnbBN4PsYL5Fhdxn) at epoch 1, sequence 510, previous digest Some(CheckpointDigest(HSjWtAdRWzKQWErchVbbi2fbezZGoHwzMzziezuUS6Py)), transactions count 2, content digest CheckpointContentsDigest(9TwU11U7Q4ajdom1AgC6ctPhZF7eZ29m5sD4qdeGDyDS), end_of_epoch_data None
[2m2025-03-25T07:56:18.777989Z[0m [32m INFO[0m [1mnode[0m[1m{[0m[3mname[0m[2m=[0mk#99f25ef6..[1m}[0m[2m:[0m [2msui_core::state_accumulator[0m[2m:[0m [2mcrates/sui-core/src/state_accumulator.rs[0m[2m:[0m[2m675:[0m accumulating running root for checkpoint 509
[2m2025-03-25T07:56:18.777990Z[0m [32m INFO[0m [1mnode[0m[1m{[0m[3mname[0m[2m=[0mk#8dcff6d1..[1m}[0m[2m:[0m [2msui_core::state_accumulator[0m[2m:[0m [2mcrates/sui-core/src/state_accumulator.rs[0m[2m:[0m[2m675:[0m accumulating running root for checkpoint 509
[2m2025-03-25T07:56:18.780213Z[0m [32m INFO[0m [1mnode[0m[1m{[0m[3mname[0m[2m=[0mk#addeef94..[1m}[0m[2m:[0m [2msui_core::checkpoints::checkpoint_executor[0m[2m:[0m [2mcrates/sui-core/src/checkpoints/checkpoint_executor/mod.rs[0m[2m:[0m[2m332:[0m Received checkpoint summary from state sync [3msequence_number[0m[2m=[0m509
[2m2025-03-25T07:56:18.780954Z[0m [32m INFO[0m [1mnode[0m[1m{[0m[3mname[0m[2m=[0mk#addeef94..[1m}[0m[2m:[0m [2msui_core::state_accumulator[0m[2m:[0m [2mcrates/sui-core/src/state_accumulator.rs[0m[2m:[0m[2m675:[0m accumulating running root for checkpoint 509
[2m2025-03-25T07:56:18.998390Z[0m [32m INFO[0m [1mnode[0m[1m{[0m[3mname[0m[2m=[0mk#8dcff6d1..[1m}[0m[2m:[0m [2mconsensus_core::core[0m[2m:[0m [2mconsensus/core/src/core.rs[0m[2m:[0m[2m945:[0m Included 3 ancestors & excluded 0 ancestors for proposal in round 310
[2m2025-03-25T07:56:18.998754Z[0m [32m INFO[0m [1mnode[0m[1m{[0m[3mname[0m[2m=[0mk#8dcff6d1..[1m}[0m[2m:[0m [2mconsensus_core::core[0m[2m:[0m [2mconsensus/core/src/core.rs[0m[2m:[0m[2m531:[0m Created block B310(A,gPBOdFKepnFqBebYr1OFtZ8glFMRO3RtR4D6KBHv844=)(1742889378998ms;[B309(A,g3rZqp7EanV2s1c4mxZRwM6o/zCej9dw2oAoQ0hgUqQ=), B309(B,csitI9tS7BMmCqFUkGwjC0d+QTnq0LFPgm1i095qfqY=), B309(C,9Rqp5jEFuUW3QaQkHCgcRDTEh+DQk0FONhJHq3R0HIk=)];1t;1c) for round 310
[2m2025-03-25T07:56:18.998842Z[0m [32m INFO[0m [1mnode[0m[1m{[0m[3mname[0m[2m=[0mk#99f25ef6..[1m}[0m[2m:[0m [2mconsensus_core::core[0m[2m:[0m [2mconsensus/core/src/core.rs[0m[2m:[0m[2m945:[0m Included 3 ancestors & excluded 0 ancestors for proposal in round 310
[2m2025-03-25T07:56:18.999143Z[0m [32m INFO[0m [1mnode[0m[1m{[0m[3mname[0m[2m=[0mk#99f25ef6..[1m}[0m[2m:[0m [2mconsensus_core::core[0m[2m:[0m [2mconsensus/core/src/core.rs[0m[2m:[0m[2m531:[0m Created block B310(B,nvJFdMgtGRSpTPwkwxOSio25YwaZFBiNA0EOnhsBm8w=)(1742889378999ms;[B309(B,csitI9tS7BMmCqFUkGwjC0d+QTnq0LFPgm1i095qfqY=), B309(A,g3rZqp7EanV2s1c4mxZRwM6o/zCej9dw2oAoQ0hgUqQ=), B309(C,9Rqp5jEFuUW3QaQkHCgcRDTEh+DQk0FONhJHq3R0HIk=)];1t;1c) for round 310
[2m2025-03-25T07:56:19.001862Z[0m [32m INFO[0m [1mnode[0m[1m{[0m[3mname[0m[2m=[0mk#addeef94..[1m}[0m[2m:[0m [2mconsensus_core::core[0m[2m:[0m [2mconsensus/core/src/core.rs[0m[2m:[0m[2m945:[0m Included 3 ancestors & excluded 0 ancestors for proposal in round 310
[2m2025-03-25T07:56:19.002154Z[0m [32m INFO[0m [1mnode[0m[1m{[0m[3mname[0m[2m=[0mk#addeef94..[1m}[0m[2m:[0m [2mconsensus_core::core[0m[2m:[0m [2mconsensus/core/src/core.rs[0m[2m:[0m[2m531:[0m Created block B310(C,pzJ/xzElEPoSsB7uqfzrlyiA8sz5PKDcOTle3Wa9bY0=)(1742889379002ms;[B309(C,9Rqp5jEFuUW3QaQkHCgcRDTEh+DQk0FONhJHq3R0HIk=), B309(A,g3rZqp7EanV2s1c4mxZRwM6o/zCej9dw2oAoQ0hgUqQ=), B309(B,csitI9tS7BMmCqFUkGwjC0d+QTnq0LFPgm1i095qfqY=)];1t;1c) for round 310
[2m2025-03-25T07:56:19.002222Z[0m [32m INFO[0m [1mnode[0m[1m{[0m[3mname[0m[2m=[0mk#addeef94..[1m}[0m[2m:[0m [2mconsensus_core::core[0m[2m:[0m [2mconsensus/core/src/core.rs[0m[2m:[0m[2m630:[0m Committing 1 leaders: B308(C,UJxR)
[2m2025-03-25T07:56:19.002290Z[0m [32m INFO[0m [1mnode[0m[1m{[0m[3mname[0m[2m=[0mk#addeef94..[1m}[0m[2m:[0m [2mconsensus_core::commit_observer[0m[2m:[0m [2mconsensus/core/src/commit_observer.rs[0m[2m:[0m[2m173:[0m Consensus commit C298(0eSt) with leader B308(C,UJxR) has 3 blocks
[2m2025-03-25T07:56:19.002527Z[0m [32m INFO[0m [1mnode[0m[1m{[0m[3mname[0m[2m=[0mk#addeef94..[1m}[0m[2m:[0m [2msui_core::consensus_handler[0m[2m:[0m [2mcrates/sui-core/src/consensus_handler.rs[0m[2m:[0m[2m232:[0m Received consensus output [3mconsensus_commit[0m[2m=[0mCommittedSubDag(leader=B308(C,UJxR), ref=C298(0eSt), blocks=[JwsR, nblQ, UJxR]) [3mepoch[0m[2m=[0m1
[2m2025-03-25T07:56:19.005592Z[0m [32m INFO[0m [1mnode[0m[1m{[0m[3mname[0m[2m=[0mk#99f25ef6..[1m}[0m[2m:[0m [2msui_core::checkpoints::checkpoint_output[0m[2m:[0m [2mcrates/sui-core/src/checkpoints/checkpoint_output.rs[0m[2m:[0m[2m196:[0m Certified checkpoint with sequence 510 and digest 3zLsFqAkTah629W96d1H2pqrLa7fUnbBN4PsYL5Fhdxn
[2m2025-03-25T07:56:19.005597Z[0m [32m INFO[0m [1mnode[0m[1m{[0m[3mname[0m[2m=[0mk#8dcff6d1..[1m}[0m[2m:[0m [2msui_core::checkpoints::checkpoint_output[0m[2m:[0m [2mcrates/sui-core/src/checkpoints/checkpoint_output.rs[0m[2m:[0m[2m196:[0m Certified checkpoint with sequence 510 and digest 3zLsFqAkTah629W96d1H2pqrLa7fUnbBN4PsYL5Fhdxn
[2m2025-03-25T07:56:19.005703Z[0m [32m INFO[0m [1mnode[0m[1m{[0m[3mname[0m[2m=[0mk#99f25ef6..[1m}[0m[2m:[0m [2mconsensus_core::core[0m[2m:[0m [2mconsensus/core/src/core.rs[0m[2m:[0m[2m630:[0m Committing 1 leaders: B308(C,UJxR)
[2m2025-03-25T07:56:19.005705Z[0m [32m INFO[0m [1mnode[0m[1m{[0m[3mname[0m[2m=[0mk#8dcff6d1..[1m}[0m[2m:[0m [2mconsensus_core::core[0m[2m:[0m [2mconsensus/core/src/core.rs[0m[2m:[0m[2m630:[0m Committing 1 leaders: B308(C,UJxR)
[2m2025-03-25T07:56:19.005807Z[0m [32m INFO[0m [1mnode[0m[1m{[0m[3mname[0m[2m=[0mk#8dcff6d1..[1m}[0m[2m:[0m [2mconsensus_core::commit_observer[0m[2m:[0m [2mconsensus/core/src/commit_observer.rs[0m[2m:[0m[2m173:[0m Consensus commit C298(0eSt) with leader B308(C,UJxR) has 3 blocks
[2m2025-03-25T07:56:19.005808Z[0m [32m INFO[0m [1mnode[0m[1m{[0m[3mname[0m[2m=[0mk#99f25ef6..[1m}[0m[2m:[0m [2mconsensus_core::commit_observer[0m[2m:[0m [2mconsensus/core/src/commit_observer.rs[0m[2m:[0m[2m173:[0m Consensus commit C298(0eSt) with leader B308(C,UJxR) has 3 blocks
[2m2025-03-25T07:56:19.006249Z[0m [32m INFO[0m [1mnode[0m[1m{[0m[3mname[0m[2m=[0mk#99f25ef6..[1m}[0m[2m:[0m [2msui_core::consensus_handler[0m[2m:[0m [2mcrates/sui-core/src/consensus_handler.rs[0m[2m:[0m[2m232:[0m Received consensus output [3mconsensus_commit[0m[2m=[0mCommittedSubDag(leader=B308(C,UJxR), ref=C298(0eSt), blocks=[JwsR, nblQ, UJxR]) [3mepoch[0m[2m=[0m1
[2m2025-03-25T07:56:19.006249Z[0m [32m INFO[0m [1mnode[0m[1m{[0m[3mname[0m[2m=[0mk#8dcff6d1..[1m}[0m[2m:[0m [2msui_core::consensus_handler[0m[2m:[0m [2mcrates/sui-core/src/consensus_handler.rs[0m[2m:[0m[2m232:[0m Received consensus output [3mconsensus_commit[0m[2m=[0mCommittedSubDag(leader=B308(C,UJxR), ref=C298(0eSt), blocks=[JwsR, nblQ, UJxR]) [3mepoch[0m[2m=[0m1
[2m2025-03-25T07:56:19.006883Z[0m [32m INFO[0m [1mnode[0m[1m{[0m[3mname[0m[2m=[0mk#8dcff6d1..[1m}[0m[2m:[0m [2msui_core::checkpoints::checkpoint_executor[0m[2m:[0m [2mcrates/sui-core/src/checkpoints/checkpoint_executor/mod.rs[0m[2m:[0m[2m332:[0m Received checkpoint summary from state sync [3msequence_number[0m[2m=[0m510
[2m2025-03-25T07:56:19.006883Z[0m [32m INFO[0m [1mnode[0m[1m{[0m[3mname[0m[2m=[0mk#99f25ef6..[1m}[0m[2m:[0m [2msui_core::checkpoints::checkpoint_executor[0m[2m:[0m [2mcrates/sui-core/src/checkpoints/checkpoint_executor/mod.rs[0m[2m:[0m[2m332:[0m Received checkpoint summary from state sync [3msequence_number[0m[2m=[0m510
[2m2025-03-25T07:56:19.020477Z[0m [32m INFO[0m [1mnode[0m[1m{[0m[3mname[0m[2m=[0mk#8dcff6d1..[1m}[0m[2m:[0m [2msui_core::state_accumulator[0m[2m:[0m [2mcrates/sui-core/src/state_accumulator.rs[0m[2m:[0m[2m675:[0m accumulating running root for checkpoint 510
[2m2025-03-25T07:56:19.020481Z[0m [32m INFO[0m [1mnode[0m[1m{[0m[3mname[0m[2m=[0mk#99f25ef6..[1m}[0m[2m:[0m [2msui_core::state_accumulator[0m[2m:[0m [2mcrates/sui-core/src/state_accumulator.rs[0m[2m:[0m[2m675:[0m accumulating running root for checkpoint 510
[2m2025-03-25T07:56:19.046783Z[0m [32m INFO[0m [1mnode[0m[1m{[0m[3mname[0m[2m=[0mk#addeef94..[1m}[0m[2m:[0m [2msui_core::checkpoints[0m[2m:[0m [2mcrates/sui-core/src/checkpoints/mod.rs[0m[2m:[0m[2m1326:[0m Creating checkpoint(s) for 1 transactions [3mnext_checkpoint_seq[0m[2m=[0m511 [3mcheckpoint_timestamp[0m[2m=[0m1742889378489
[2m2025-03-25T07:56:19.047012Z[0m [32m INFO[0m [1mnode[0m[1m{[0m[3mname[0m[2m=[0mk#addeef94..[1m}[0m[2m:[0m [2msui_core::checkpoints::checkpoint_output[0m[2m:[0m [2mcrates/sui-core/src/checkpoints/checkpoint_output.rs[0m[2m:[0m[2m149:[0m Creating checkpoint CheckpointDigest(EGFq95ixCXbpFjBEN86EfNo3i86LPMYqqMdBkQXp1bUe) at epoch 1, sequence 511, previous digest Some(CheckpointDigest(3zLsFqAkTah629W96d1H2pqrLa7fUnbBN4PsYL5Fhdxn)), transactions count 1, content digest CheckpointContentsDigest(8tqnKbzkGr2rrWpfKsvQcNeFYGDZLHAbQ6udm6sgAKfj), end_of_epoch_data None
[2m2025-03-25T07:56:19.051563Z[0m [32m INFO[0m [1mnode[0m[1m{[0m[3mname[0m[2m=[0mk#8dcff6d1..[1m}[0m[2m:[0m [2msui_core::checkpoints[0m[2m:[0m [2mcrates/sui-core/src/checkpoints/mod.rs[0m[2m:[0m[2m1326:[0m Creating checkpoint(s) for 1 transactions [3mnext_checkpoint_seq[0m[2m=[0m511 [3mcheckpoint_timestamp[0m[2m=[0m1742889378489
[2m2025-03-25T07:56:19.051687Z[0m [32m INFO[0m [1mnode[0m[1m{[0m[3mname[0m[2m=[0mk#99f25ef6..[1m}[0m[2m:[0m [2msui_core::checkpoints[0m[2m:[0m [2mcrates/sui-core/src/checkpoints/mod.rs[0m[2m:[0m[2m1326:[0m Creating checkpoint(s) for 1 transactions [3mnext_checkpoint_seq[0m[2m=[0m511 [3mcheckpoint_timestamp[0m[2m=[0m1742889378489
[2m2025-03-25T07:56:19.051749Z[0m [32m INFO[0m [1mnode[0m[1m{[0m[3mname[0m[2m=[0mk#8dcff6d1..[1m}[0m[2m:[0m [2msui_core::checkpoints::checkpoint_output[0m[2m:[0m [2mcrates/sui-core/src/checkpoints/checkpoint_output.rs[0m[2m:[0m[2m149:[0m Creating checkpoint CheckpointDigest(EGFq95ixCXbpFjBEN86EfNo3i86LPMYqqMdBkQXp1bUe) at epoch 1, sequence 511, previous digest Some(CheckpointDigest(3zLsFqAkTah629W96d1H2pqrLa7fUnbBN4PsYL5Fhdxn)), transactions count 1, content digest CheckpointContentsDigest(8tqnKbzkGr2rrWpfKsvQcNeFYGDZLHAbQ6udm6sgAKfj), end_of_epoch_data None
[2m2025-03-25T07:56:19.051855Z[0m [32m INFO[0m [1mnode[0m[1m{[0m[3mname[0m[2m=[0mk#99f25ef6..[1m}[0m[2m:[0m [2msui_core::checkpoints::checkpoint_output[0m[2m:[0m [2mcrates/sui-core/src/checkpoints/checkpoint_output.rs[0m[2m:[0m[2m149:[0m Creating checkpoint CheckpointDigest(EGFq95ixCXbpFjBEN86EfNo3i86LPMYqqMdBkQXp1bUe) at epoch 1, sequence 511, previous digest Some(CheckpointDigest(3zLsFqAkTah629W96d1H2pqrLa7fUnbBN4PsYL5Fhdxn)), transactions count 1, content digest CheckpointContentsDigest(8tqnKbzkGr2rrWpfKsvQcNeFYGDZLHAbQ6udm6sgAKfj), end_of_epoch_data None
[2m2025-03-25T07:56:19.114472Z[0m [32m INFO[0m [1mnode[0m[1m{[0m[3mname[0m[2m=[0mk#addeef94..[1m}[0m[2m:[0m [2msui_core::checkpoints::checkpoint_executor[0m[2m:[0m [2mcrates/sui-core/src/checkpoints/checkpoint_executor/mod.rs[0m[2m:[0m[2m332:[0m Received checkpoint summary from state sync [3msequence_number[0m[2m=[0m510
[2m2025-03-25T07:56:19.115985Z[0m [32m INFO[0m [1mnode[0m[1m{[0m[3mname[0m[2m=[0mk#addeef94..[1m}[0m[2m:[0m [2msui_core::state_accumulator[0m[2m:[0m [2mcrates/sui-core/src/state_accumulator.rs[0m[2m:[0m[2m675:[0m accumulating running root for checkpoint 510
[2m2025-03-25T07:56:19.199890Z[0m [32m INFO[0m [1mnode[0m[1m{[0m[3mname[0m[2m=[0mk#8dcff6d1..[1m}[0m[2m:[0m [2mconsensus_core::core[0m[2m:[0m [2mconsensus/core/src/core.rs[0m[2m:[0m[2m694:[0m Received quorum round per authority in ancestor state manager set to: [(310, 310), (310, 310), (310, 310)]
[2m2025-03-25T07:56:19.199913Z[0m [32m INFO[0m [1mnode[0m[1m{[0m[3mname[0m[2m=[0mk#8dcff6d1..[1m}[0m[2m:[0m [2mconsensus_core::core[0m[2m:[0m [2mconsensus/core/src/core.rs[0m[2m:[0m[2m695:[0m Accepted quorum round per authority in ancestor state manager set to: [(310, 310), (310, 310), (310, 310)]
[2m2025-03-25T07:56:19.199920Z[0m [32m INFO[0m [1mnode[0m[1m{[0m[3mname[0m[2m=[0mk#8dcff6d1..[1m}[0m[2m:[0m [2mconsensus_core::core[0m[2m:[0m [2mconsensus/core/src/core.rs[0m[2m:[0m[2m698:[0m Propagation round delay set to: 0
[2m2025-03-25T07:56:19.200181Z[0m [32m INFO[0m [1mnode[0m[1m{[0m[3mname[0m[2m=[0mk#addeef94..[1m}[0m[2m:[0m [2mconsensus_core::core[0m[2m:[0m [2mconsensus/core/src/core.rs[0m[2m:[0m[2m694:[0m Received quorum round per authority in ancestor state manager set to: [(310, 310), (310, 310), (310, 310)]
[2m2025-03-25T07:56:19.200191Z[0m [32m INFO[0m [1mnode[0m[1m{[0m[3mname[0m[2m=[0mk#addeef94..[1m}[0m[2m:[0m [2mconsensus_core::core[0m[2m:[0m [2mconsensus/core/src/core.rs[0m[2m:[0m[2m695:[0m Accepted quorum round per authority in ancestor state manager set to: [(310, 310), (310, 310), (310, 310)]
[2m2025-03-25T07:56:19.200198Z[0m [32m INFO[0m [1mnode[0m[1m{[0m[3mname[0m[2m=[0mk#addeef94..[1m}[0m[2m:[0m [2mconsensus_core::core[0m[2m:[0m [2mconsensus/core/src/core.rs[0m[2m:[0m[2m698:[0m Propagation round delay set to: 0
[2m2025-03-25T07:56:19.200319Z[0m [32m INFO[0m [1mnode[0m[1m{[0m[3mname[0m[2m=[0mk#99f25ef6..[1m}[0m[2m:[0m [2mconsensus_core::core[0m[2m:[0m [2mconsensus/core/src/core.rs[0m[2m:[0m[2m694:[0m Received quorum round per authority in ancestor state manager set to: [(310, 310), (310, 310), (310, 310)]
[2m2025-03-25T07:56:19.200329Z[0m [32m INFO[0m [1mnode[0m[1m{[0m[3mname[0m[2m=[0mk#99f25ef6..[1m}[0m[2m:[0m [2mconsensus_core::core[0m[2m:[0m [2mconsensus/core/src/core.rs[0m[2m:[0m[2m695:[0m Accepted quorum round per authority in ancestor state manager set to: [(310, 310), (310, 310), (310, 310)]
[2m2025-03-25T07:56:19.200336Z[0m [32m INFO[0m [1mnode[0m[1m{[0m[3mname[0m[2m=[0mk#99f25ef6..[1m}[0m[2m:[0m [2mconsensus_core::core[0m[2m:[0m [2mconsensus/core/src/core.rs[0m[2m:[0m[2m698:[0m Propagation round delay set to: 0
[2m2025-03-25T07:56:19.254689Z[0m [32m INFO[0m [1mnode[0m[1m{[0m[3mname[0m[2m=[0mk#addeef94..[1m}[0m[2m:[0m [2mconsensus_core::core[0m[2m:[0m [2mconsensus/core/src/core.rs[0m[2m:[0m[2m945:[0m Included 3 ancestors & excluded 0 ancestors for proposal in round 311
[2m2025-03-25T07:56:19.255086Z[0m [32m INFO[0m [1mnode[0m[1m{[0m[3mname[0m[2m=[0mk#addeef94..[1m}[0m[2m:[0m [2mconsensus_core::core[0m[2m:[0m [2mconsensus/core/src/core.rs[0m[2m:[0m[2m531:[0m Created block B311(C,5SxmJaspi3QLBnO+2k3kkAfSQ98rkQmUMc80yoYV+eM=)(1742889379254ms;[B310(C,pzJ/xzElEPoSsB7uqfzrlyiA8sz5PKDcOTle3Wa9bY0=), B310(A,gPBOdFKepnFqBebYr1OFtZ8glFMRO3RtR4D6KBHv844=), B310(B,nvJFdMgtGRSpTPwkwxOSio25YwaZFBiNA0EOnhsBm8w=)];1t;1c) for round 311
[2m2025-03-25T07:56:19.256968Z[0m [32m INFO[0m [1mnode[0m[1m{[0m[3mname[0m[2m=[0mk#8dcff6d1..[1m}[0m[2m:[0m [2mconsensus_core::core[0m[2m:[0m [2mconsensus/core/src/core.rs[0m[2m:[0m[2m945:[0m Included 3 ancestors & excluded 0 ancestors for proposal in round 311
[2m2025-03-25T07:56:19.256971Z[0m [32m INFO[0m [1mnode[0m[1m{[0m[3mname[0m[2m=[0mk#99f25ef6..[1m}[0m[2m:[0m [2mconsensus_core::core[0m[2m:[0m [2mconsensus/core/src/core.rs[0m[2m:[0m[2m945:[0m Included 3 ancestors & excluded 0 ancestors for proposal in round 311
[2m2025-03-25T07:56:19.257259Z[0m [32m INFO[0m [1mnode[0m[1m{[0m[3mname[0m[2m=[0mk#8dcff6d1..[1m}[0m[2m:[0m [2mconsensus_core::core[0m[2m:[0m [2mconsensus/core/src/core.rs[0m[2m:[0m[2m531:[0m Created block B311(A,sCJ+flToSZ38ERL1ngUo/obAJA+P+ghGwB67lUeyqXo=)(1742889379257ms;[B310(A,gPBOdFKepnFqBebYr1OFtZ8glFMRO3RtR4D6KBHv844=), B310(B,nvJFdMgtGRSpTPwkwxOSio25YwaZFBiNA0EOnhsBm8w=), B310(C,pzJ/xzElEPoSsB7uqfzrlyiA8sz5PKDcOTle3Wa9bY0=)];1t;1c) for round 311
[2m2025-03-25T07:56:19.257262Z[0m [32m INFO[0m [1mnode[0m[1m{[0m[3mname[0m[2m=[0mk#99f25ef6..[1m}[0m[2m:[0m [2mconsensus_core::core[0m[2m:[0m [2mconsensus/core/src/core.rs[0m[2m:[0m[2m531:[0m Created block B311(B,EjZFsjUUnxEP6JWJDn6tvouNEMp+l3JqCJwmF0zT9Ig=)(1742889379257ms;[B310(B,nvJFdMgtGRSpTPwkwxOSio25YwaZFBiNA0EOnhsBm8w=), B310(A,gPBOdFKepnFqBebYr1OFtZ8glFMRO3RtR4D6KBHv844=), B310(C,pzJ/xzElEPoSsB7uqfzrlyiA8sz5PKDcOTle3Wa9bY0=)];1t;1c) for round 311
[2m2025-03-25T07:56:19.257332Z[0m [32m INFO[0m [1mnode[0m[1m{[0m[3mname[0m[2m=[0mk#8dcff6d1..[1m}[0m[2m:[0m [2mconsensus_core::core[0m[2m:[0m [2mconsensus/core/src/core.rs[0m[2m:[0m[2m630:[0m Committing 1 leaders: B309(A,g3rZ)
[2m2025-03-25T07:56:19.257332Z[0m [32m INFO[0m [1mnode[0m[1m{[0m[3mname[0m[2m=[0mk#99f25ef6..[1m}[0m[2m:[0m [2mconsensus_core::core[0m[2m:[0m [2mconsensus/core/src/core.rs[0m[2m:[0m[2m630:[0m Committing 1 leaders: B309(A,g3rZ)
[2m2025-03-25T07:56:19.257407Z[0m [32m INFO[0m [1mnode[0m[1m{[0m[3mname[0m[2m=[0mk#99f25ef6..[1m}[0m[2m:[0m [2mconsensus_core::commit_observer[0m[2m:[0m [2mconsensus/core/src/commit_observer.rs[0m[2m:[0m[2m173:[0m Consensus commit C299(C/NT) with leader B309(A,g3rZ) has 3 blocks
[2m2025-03-25T07:56:19.257411Z[0m [32m INFO[0m [1mnode[0m[1m{[0m[3mname[0m[2m=[0mk#8dcff6d1..[1m}[0m[2m:[0m [2mconsensus_core::commit_observer[0m[2m:[0m [2mconsensus/core/src/commit_observer.rs[0m[2m:[0m[2m173:[0m Consensus commit C299(C/NT) with leader B309(A,g3rZ) has 3 blocks
[2m2025-03-25T07:56:19.257495Z[0m [32m INFO[0m [1mnode[0m[1m{[0m[3mname[0m[2m=[0mk#8dcff6d1..[1m}[0m[2m:[0m [2msui_core::consensus_handler[0m[2m:[0m [2mcrates/sui-core/src/consensus_handler.rs[0m[2m:[0m[2m232:[0m Received consensus output [3mconsensus_commit[0m[2m=[0mCommittedSubDag(leader=B309(A,g3rZ), ref=C299(C/NT), blocks=[2o18, EQdV, g3rZ]) [3mepoch[0m[2m=[0m1
[2m2025-03-25T07:56:19.257495Z[0m [32m INFO[0m [1mnode[0m[1m{[0m[3mname[0m[2m=[0mk#99f25ef6..[1m}[0m[2m:[0m [2msui_core::consensus_handler[0m[2m:[0m [2mcrates/sui-core/src/consensus_handler.rs[0m[2m:[0m[2m232:[0m Received consensus output [3mconsensus_commit[0m[2m=[0mCommittedSubDag(leader=B309(A,g3rZ), ref=C299(C/NT), blocks=[2o18, EQdV, g3rZ]) [3mepoch[0m[2m=[0m1
[2m2025-03-25T07:56:19.261254Z[0m [32m INFO[0m [1mnode[0m[1m{[0m[3mname[0m[2m=[0mk#addeef94..[1m}[0m[2m:[0m [2mconsensus_core::core[0m[2m:[0m [2mconsensus/core/src/core.rs[0m[2m:[0m[2m630:[0m Committing 1 leaders: B309(A,g3rZ)
[2m2025-03-25T07:56:19.261365Z[0m [32m INFO[0m [1mnode[0m[1m{[0m[3mname[0m[2m=[0mk#addeef94..[1m}[0m[2m:[0m [2mconsensus_core::commit_observer[0m[2m:[0m [2mconsensus/core/src/commit_observer.rs[0m[2m:[0m[2m173:[0m Consensus commit C299(C/NT) with leader B309(A,g3rZ) has 3 blocks
[2m2025-03-25T07:56:19.261501Z[0m [32m INFO[0m [1mnode[0m[1m{[0m[3mname[0m[2m=[0mk#addeef94..[1m}[0m[2m:[0m [2msui_core::consensus_handler[0m[2m:[0m [2mcrates/sui-core/src/consensus_handler.rs[0m[2m:[0m[2m232:[0m Received consensus output [3mconsensus_commit[0m[2m=[0mCommittedSubDag(leader=B309(A,g3rZ), ref=C299(C/NT), blocks=[2o18, EQdV, g3rZ]) [3mepoch[0m[2m=[0m1
[2m2025-03-25T07:56:19.284312Z[0m [32m INFO[0m [1mnode[0m[1m{[0m[3mname[0m[2m=[0mk#99f25ef6..[1m}[0m[2m:[0m [2msui_core::checkpoints[0m[2m:[0m [2mcrates/sui-core/src/checkpoints/mod.rs[0m[2m:[0m[2m1326:[0m Creating checkpoint(s) for 2 transactions [3mnext_checkpoint_seq[0m[2m=[0m512 [3mcheckpoint_timestamp[0m[2m=[0m1742889378745
[2m2025-03-25T07:56:19.284392Z[0m [32m INFO[0m [1mnode[0m[1m{[0m[3mname[0m[2m=[0mk#8dcff6d1..[1m}[0m[2m:[0m [2msui_core::checkpoints[0m[2m:[0m [2mcrates/sui-core/src/checkpoints/mod.rs[0m[2m:[0m[2m1326:[0m Creating checkpoint(s) for 2 transactions [3mnext_checkpoint_seq[0m[2m=[0m512 [3mcheckpoint_timestamp[0m[2m=[0m1742889378745
[2m2025-03-25T07:56:19.284629Z[0m [32m INFO[0m [1mnode[0m[1m{[0m[3mname[0m[2m=[0mk#99f25ef6..[1m}[0m[2m:[0m [2msui_core::checkpoints::checkpoint_output[0m[2m:[0m [2mcrates/sui-core/src/checkpoints/checkpoint_output.rs[0m[2m:[0m[2m149:[0m Creating checkpoint CheckpointDigest(8nxH3vaejq6Fk4yKMoHXUVU22FyRE74MHvc8w3VbW3iR) at epoch 1, sequence 512, previous digest Some(CheckpointDigest(EGFq95ixCXbpFjBEN86EfNo3i86LPMYqqMdBkQXp1bUe)), transactions count 2, content digest CheckpointContentsDigest(34xFRPHGX8o72ZjWVZwYhP7kFz4QmV6ET5c4c9pAnFQw), end_of_epoch_data None
[2m2025-03-25T07:56:19.284647Z[0m [32m INFO[0m [1mnode[0m[1m{[0m[3mname[0m[2m=[0mk#8dcff6d1..[1m}[0m[2m:[0m [2msui_core::checkpoints::checkpoint_output[0m[2m:[0m [2mcrates/sui-core/src/checkpoints/checkpoint_output.rs[0m[2m:[0m[2m149:[0m Creating checkpoint CheckpointDigest(8nxH3vaejq6Fk4yKMoHXUVU22FyRE74MHvc8w3VbW3iR) at epoch 1, sequence 512, previous digest Some(CheckpointDigest(EGFq95ixCXbpFjBEN86EfNo3i86LPMYqqMdBkQXp1bUe)), transactions count 2, content digest CheckpointContentsDigest(34xFRPHGX8o72ZjWVZwYhP7kFz4QmV6ET5c4c9pAnFQw), end_of_epoch_data None
[2m2025-03-25T07:56:19.287512Z[0m [32m INFO[0m [1mnode[0m[1m{[0m[3mname[0m[2m=[0mk#addeef94..[1m}[0m[2m:[0m [2msui_core::checkpoints[0m[2m:[0m [2mcrates/sui-core/src/checkpoints/mod.rs[0m[2m:[0m[2m1326:[0m Creating checkpoint(s) for 2 transactions [3mnext_checkpoint_seq[0m[2m=[0m512 [3mcheckpoint_timestamp[0m[2m=[0m1742889378745
[2m2025-03-25T07:56:19.287712Z[0m [32m INFO[0m [1mnode[0m[1m{[0m[3mname[0m[2m=[0mk#99f25ef6..[1m}[0m[2m:[0m [2msui_core::checkpoints::checkpoint_output[0m[2m:[0m [2mcrates/sui-core/src/checkpoints/checkpoint_output.rs[0m[2m:[0m[2m196:[0m Certified checkpoint with sequence 511 and digest EGFq95ixCXbpFjBEN86EfNo3i86LPMYqqMdBkQXp1bUe
[2m2025-03-25T07:56:19.287774Z[0m [32m INFO[0m [1mnode[0m[1m{[0m[3mname[0m[2m=[0mk#8dcff6d1..[1m}[0m[2m:[0m [2msui_core::checkpoints::checkpoint_output[0m[2m:[0m [2mcrates/sui-core/src/checkpoints/checkpoint_output.rs[0m[2m:[0m[2m196:[0m Certified checkpoint with sequence 511 and digest EGFq95ixCXbpFjBEN86EfNo3i86LPMYqqMdBkQXp1bUe
[2m2025-03-25T07:56:19.287765Z[0m [32m INFO[0m [1mnode[0m[1m{[0m[3mname[0m[2m=[0mk#addeef94..[1m}[0m[2m:[0m [2msui_core::checkpoints::checkpoint_output[0m[2m:[0m [2mcrates/sui-core/src/checkpoints/checkpoint_output.rs[0m[2m:[0m[2m149:[0m Creating checkpoint CheckpointDigest(8nxH3vaejq6Fk4yKMoHXUVU22FyRE74MHvc8w3VbW3iR) at epoch 1, sequence 512, previous digest Some(CheckpointDigest(EGFq95ixCXbpFjBEN86EfNo3i86LPMYqqMdBkQXp1bUe)), transactions count 2, content digest CheckpointContentsDigest(34xFRPHGX8o72ZjWVZwYhP7kFz4QmV6ET5c4c9pAnFQw), end_of_epoch_data None
[2m2025-03-25T07:56:19.288145Z[0m [32m INFO[0m [1mnode[0m[1m{[0m[3mname[0m[2m=[0mk#8dcff6d1..[1m}[0m[2m:[0m [2msui_core::checkpoints::checkpoint_executor[0m[2m:[0m [2mcrates/sui-core/src/checkpoints/checkpoint_executor/mod.rs[0m[2m:[0m[2m332:[0m Received checkpoint summary from state sync [3msequence_number[0m[2m=[0m511
[2m2025-03-25T07:56:19.288145Z[0m [32m INFO[0m [1mnode[0m[1m{[0m[3mname[0m[2m=[0mk#99f25ef6..[1m}[0m[2m:[0m [2msui_core::checkpoints::checkpoint_executor[0m[2m:[0m [2mcrates/sui-core/src/checkpoints/checkpoint_executor/mod.rs[0m[2m:[0m[2m332:[0m Received checkpoint summary from state sync [3msequence_number[0m[2m=[0m511
[2m2025-03-25T07:56:19.289349Z[0m [32m INFO[0m [1mnode[0m[1m{[0m[3mname[0m[2m=[0mk#99f25ef6..[1m}[0m[2m:[0m [2msui_core::state_accumulator[0m[2m:[0m [2mcrates/sui-core/src/state_accumulator.rs[0m[2m:[0m[2m675:[0m accumulating running root for checkpoint 511
[2m2025-03-25T07:56:19.289349Z[0m [32m INFO[0m [1mnode[0m[1m{[0m[3mname[0m[2m=[0mk#8dcff6d1..[1m}[0m[2m:[0m [2msui_core::state_accumulator[0m[2m:[0m [2mcrates/sui-core/src/state_accumulator.rs[0m[2m:[0m[2m675:[0m accumulating running root for checkpoint 511
[2m2025-03-25T07:56:19.291538Z[0m [32m INFO[0m [1mnode[0m[1m{[0m[3mname[0m[2m=[0mk#addeef94..[1m}[0m[2m:[0m [2msui_core::checkpoints::checkpoint_executor[0m[2m:[0m [2mcrates/sui-core/src/checkpoints/checkpoint_executor/mod.rs[0m[2m:[0m[2m332:[0m Received checkpoint summary from state sync [3msequence_number[0m[2m=[0m511
[2m2025-03-25T07:56:19.292259Z[0m [32m INFO[0m [1mnode[0m[1m{[0m[3mname[0m[2m=[0mk#addeef94..[1m}[0m[2m:[0m [2msui_core::state_accumulator[0m[2m:[0m [2mcrates/sui-core/src/state_accumulator.rs[0m[2m:[0m[2m675:[0m accumulating running root for checkpoint 511
[2m2025-03-25T07:56:19.304712Z[0m [32m INFO[0m [1mnode[0m[1m{[0m[3mname[0m[2m=[0mk#8dcff6d1..[1m}[0m[2m:[0m [2mconsensus_core::commit_syncer[0m[2m:[0m [2mconsensus/core/src/commit_syncer.rs[0m[2m:[0m[2m196:[0m Checking to schedule fetches: synced_commit_index=299, highest_handled_index=299, highest_scheduled_index=0, quorum_commit_index=298, unhandled_commits_threshold=3200
[2m2025-03-25T07:56:19.326858Z[0m [32m INFO[0m [1mnode[0m[1m{[0m[3mname[0m[2m=[0mk#addeef94..[1m}[0m[2m:[0m [2mconsensus_core::commit_syncer[0m[2m:[0m [2mconsensus/core/src/commit_syncer.rs[0m[2m:[0m[2m196:[0m Checking to schedule fetches: synced_commit_index=299, highest_handled_index=299, highest_scheduled_index=0, quorum_commit_index=0, unhandled_commits_threshold=3200
[2m2025-03-25T07:56:19.330255Z[0m [32m INFO[0m [1mnode[0m[1m{[0m[3mname[0m[2m=[0mk#99f25ef6..[1m}[0m[2m:[0m [2mconsensus_core::commit_syncer[0m[2m:[0m [2mconsensus/core/src/commit_syncer.rs[0m[2m:[0m[2m196:[0m Checking to schedule fetches: synced_commit_index=299, highest_handled_index=299, highest_scheduled_index=0, quorum_commit_index=298, unhandled_commits_threshold=3200
[2m2025-03-25T07:56:19.505938Z[0m [32m INFO[0m [2msui_bridge::eth_syncer[0m[2m:[0m [2mcrates/sui-bridge/src/eth_syncer.rs[0m[2m:[0m[2m120:[0m Observed new finalized eth block: 141
[2m2025-03-25T07:56:19.510783Z[0m [32m INFO[0m [1mnode[0m[1m{[0m[3mname[0m[2m=[0mk#99f25ef6..[1m}[0m[2m:[0m [2mconsensus_core::core[0m[2m:[0m [2mconsensus/core/src/core.rs[0m[2m:[0m[2m945:[0m Included 3 ancestors & excluded 0 ancestors for proposal in round 312
[2m2025-03-25T07:56:19.511044Z[0m [32m INFO[0m [1mnode[0m[1m{[0m[3mname[0m[2m=[0mk#8dcff6d1..[1m}[0m[2m:[0m [2mconsensus_core::core[0m[2m:[0m [2mconsensus/core/src/core.rs[0m[2m:[0m[2m945:[0m Included 3 ancestors & excluded 0 ancestors for proposal in round 312
[2m2025-03-25T07:56:19.511164Z[0m [32m INFO[0m [1mnode[0m[1m{[0m[3mname[0m[2m=[0mk#99f25ef6..[1m}[0m[2m:[0m [2mconsensus_core::core[0m[2m:[0m [2mconsensus/core/src/core.rs[0m[2m:[0m[2m531:[0m Created block B312(B,Xsg9R1XW2bUHUPqUkCmADwyxx/0BH75KTLFzyQTYhcI=)(1742889379510ms;[B311(B,EjZFsjUUnxEP6JWJDn6tvouNEMp+l3JqCJwmF0zT9Ig=), B311(A,sCJ+flToSZ38ERL1ngUo/obAJA+P+ghGwB67lUeyqXo=), B311(C,5SxmJaspi3QLBnO+2k3kkAfSQ98rkQmUMc80yoYV+eM=)];1t;1c) for round 312
[2m2025-03-25T07:56:19.511343Z[0m [32m INFO[0m [1mnode[0m[1m{[0m[3mname[0m[2m=[0mk#8dcff6d1..[1m}[0m[2m:[0m [2mconsensus_core::core[0m[2m:[0m [2mconsensus/core/src/core.rs[0m[2m:[0m[2m531:[0m Created block B312(A,zEZMV7Kgkw8sBfw+SIpl5Ng0wGhSXCTFjx3VW7lC3Gs=)(1742889379511ms;[B311(A,sCJ+flToSZ38ERL1ngUo/obAJA+P+ghGwB67lUeyqXo=), B311(B,EjZFsjUUnxEP6JWJDn6tvouNEMp+l3JqCJwmF0zT9Ig=), B311(C,5SxmJaspi3QLBnO+2k3kkAfSQ98rkQmUMc80yoYV+eM=)];1t;1c) for round 312
[2m2025-03-25T07:56:19.514315Z[0m [32m INFO[0m [1mnode[0m[1m{[0m[3mname[0m[2m=[0mk#addeef94..[1m}[0m[2m:[0m [2mconsensus_core::core[0m[2m:[0m [2mconsensus/core/src/core.rs[0m[2m:[0m[2m945:[0m Included 3 ancestors & excluded 0 ancestors for proposal in round 312
[2m2025-03-25T07:56:19.514606Z[0m [32m INFO[0m [1mnode[0m[1m{[0m[3mname[0m[2m=[0mk#addeef94..[1m}[0m[2m:[0m [2mconsensus_core::core[0m[2m:[0m [2mconsensus/core/src/core.rs[0m[2m:[0m[2m531:[0m Created block B312(C,BjfMhQPXrwRM4DUS6tzoj18HaQywRqmqSIpFPkso6m4=)(1742889379514ms;[B311(C,5SxmJaspi3QLBnO+2k3kkAfSQ98rkQmUMc80yoYV+eM=), B311(A,sCJ+flToSZ38ERL1ngUo/obAJA+P+ghGwB67lUeyqXo=), B311(B,EjZFsjUUnxEP6JWJDn6tvouNEMp+l3JqCJwmF0zT9Ig=)];1t;1c) for round 312
[2m2025-03-25T07:56:19.514674Z[0m [32m INFO[0m [1mnode[0m[1m{[0m[3mname[0m[2m=[0mk#addeef94..[1m}[0m[2m:[0m [2mconsensus_core::core[0m[2m:[0m [2mconsensus/core/src/core.rs[0m[2m:[0m[2m630:[0m Committing 1 leaders: B310(B,nvJF)
[2m2025-03-25T07:56:19.514743Z[0m [32m INFO[0m [1mnode[0m[1m{[0m[3mname[0m[2m=[0mk#addeef94..[1m}[0m[2m:[0m [2mconsensus_core::commit_observer[0m[2m:[0m [2mconsensus/core/src/commit_observer.rs[0m[2m:[0m[2m173:[0m Consensus commit C300(YuQX) with leader B310(B,nvJF) has 3 blocks
[2m2025-03-25T07:56:19.514780Z[0m [32m INFO[0m [1mnode[0m[1m{[0m[3mname[0m[2m=[0mk#addeef94..[1m}[0m[2m:[0m [2mconsensus_core::core[0m[2m:[0m [2mconsensus/core/src/core.rs[0m[2m:[0m[2m565:[0m Leader schedule change triggered at commit index 300
[2m2025-03-25T07:56:19.515259Z[0m [32m INFO[0m [1mnode[0m[1m{[0m[3mname[0m[2m=[0mk#addeef94..[1m}[0m[2m:[0m [2mconsensus_core::leader_schedule[0m[2m:[0m [2mconsensus/core/src/leader_schedule.rs[0m[2m:[0m[2m401:[0m Scores used for new LeaderSwapTable: ReputationScores { scores_per_authority: [2790003, 2850006, 2913339], commit_range: CommitRange(1..=300) }
[2m2025-03-25T07:56:19.515498Z[0m [32m INFO[0m [1mnode[0m[1m{[0m[3mname[0m[2m=[0mk#addeef94..[1m}[0m[2m:[0m [2msui_core::consensus_handler[0m[2m:[0m [2mcrates/sui-core/src/consensus_handler.rs[0m[2m:[0m[2m232:[0m Received consensus output [3mconsensus_commit[0m[2m=[0mCommittedSubDag(leader=B310(B,nvJF), ref=C300(YuQX), blocks=[csit, 9Rqp, nvJF]) [3mepoch[0m[2m=[0m1
[2m2025-03-25T07:56:19.518600Z[0m [32m INFO[0m [1mnode[0m[1m{[0m[3mname[0m[2m=[0mk#99f25ef6..[1m}[0m[2m:[0m [2msui_core::checkpoints::checkpoint_output[0m[2m:[0m [2mcrates/sui-core/src/checkpoints/checkpoint_output.rs[0m[2m:[0m[2m196:[0m Certified checkpoint with sequence 512 and digest 8nxH3vaejq6Fk4yKMoHXUVU22FyRE74MHvc8w3VbW3iR
[2m2025-03-25T07:56:19.518606Z[0m [32m INFO[0m [1mnode[0m[1m{[0m[3mname[0m[2m=[0mk#8dcff6d1..[1m}[0m[2m:[0m [2msui_core::checkpoints::checkpoint_output[0m[2m:[0m [2mcrates/sui-core/src/checkpoints/checkpoint_output.rs[0m[2m:[0m[2m196:[0m Certified checkpoint with sequence 512 and digest 8nxH3vaejq6Fk4yKMoHXUVU22FyRE74MHvc8w3VbW3iR
[2m2025-03-25T07:56:19.518714Z[0m [32m INFO[0m [1mnode[0m[1m{[0m[3mname[0m[2m=[0mk#8dcff6d1..[1m}[0m[2m:[0m [2mconsensus_core::core[0m[2m:[0m [2mconsensus/core/src/core.rs[0m[2m:[0m[2m630:[0m Committing 1 leaders: B310(B,nvJF)
[2m2025-03-25T07:56:19.518714Z[0m [32m INFO[0m [1mnode[0m[1m{[0m[3mname[0m[2m=[0mk#99f25ef6..[1m}[0m[2m:[0m [2mconsensus_core::core[0m[2m:[0m [2mconsensus/core/src/core.rs[0m[2m:[0m[2m630:[0m Committing 1 leaders: B310(B,nvJF)
[2m2025-03-25T07:56:19.518815Z[0m [32m INFO[0m [1mnode[0m[1m{[0m[3mname[0m[2m=[0mk#8dcff6d1..[1m}[0m[2m:[0m [2mconsensus_core::commit_observer[0m[2m:[0m [2mconsensus/core/src/commit_observer.rs[0m[2m:[0m[2m173:[0m Consensus commit C300(YuQX) with leader B310(B,nvJF) has 3 blocks
[2m2025-03-25T07:56:19.518817Z[0m [32m INFO[0m [1mnode[0m[1m{[0m[3mname[0m[2m=[0mk#99f25ef6..[1m}[0m[2m:[0m [2mconsensus_core::commit_observer[0m[2m:[0m [2mconsensus/core/src/commit_observer.rs[0m[2m:[0m[2m173:[0m Consensus commit C300(YuQX) with leader B310(B,nvJF) has 3 blocks
[2m2025-03-25T07:56:19.518847Z[0m [32m INFO[0m [1mnode[0m[1m{[0m[3mname[0m[2m=[0mk#8dcff6d1..[1m}[0m[2m:[0m [2mconsensus_core::core[0m[2m:[0m [2mconsensus/core/src/core.rs[0m[2m:[0m[2m565:[0m Leader schedule change triggered at commit index 300
[2m2025-03-25T07:56:19.518847Z[0m [32m INFO[0m [1mnode[0m[1m{[0m[3mname[0m[2m=[0mk#99f25ef6..[1m}[0m[2m:[0m [2mconsensus_core::core[0m[2m:[0m [2mconsensus/core/src/core.rs[0m[2m:[0m[2m565:[0m Leader schedule change triggered at commit index 300
[2m2025-03-25T07:56:19.519333Z[0m [32m INFO[0m [1mnode[0m[1m{[0m[3mname[0m[2m=[0mk#99f25ef6..[1m}[0m[2m:[0m [2mconsensus_core::leader_schedule[0m[2m:[0m [2mconsensus/core/src/leader_schedule.rs[0m[2m:[0m[2m401:[0m Scores used for new LeaderSwapTable: ReputationScores { scores_per_authority: [2790003, 2850006, 2913339], commit_range: CommitRange(1..=300) }
[2m2025-03-25T07:56:19.519335Z[0m [32m INFO[0m [1mnode[0m[1m{[0m[3mname[0m[2m=[0mk#8dcff6d1..[1m}[0m[2m:[0m [2mconsensus_core::leader_schedule[0m[2m:[0m [2mconsensus/core/src/leader_schedule.rs[0m[2m:[0m[2m401:[0m Scores used for new LeaderSwapTable: ReputationScores { scores_per_authority: [2790003, 2850006, 2913339], commit_range: CommitRange(1..=300) }
[2m2025-03-25T07:56:19.519794Z[0m [32m INFO[0m [1mnode[0m[1m{[0m[3mname[0m[2m=[0mk#99f25ef6..[1m}[0m[2m:[0m [2msui_core::consensus_handler[0m[2m:[0m [2mcrates/sui-core/src/consensus_handler.rs[0m[2m:[0m[2m232:[0m Received consensus output [3mconsensus_commit[0m[2m=[0mCommittedSubDag(leader=B310(B,nvJF), ref=C300(YuQX), blocks=[csit, 9Rqp, nvJF]) [3mepoch[0m[2m=[0m1
[2m2025-03-25T07:56:19.519794Z[0m [32m INFO[0m [1mnode[0m[1m{[0m[3mname[0m[2m=[0mk#8dcff6d1..[1m}[0m[2m:[0m [2msui_core::consensus_handler[0m[2m:[0m [2mcrates/sui-core/src/consensus_handler.rs[0m[2m:[0m[2m232:[0m Received consensus output [3mconsensus_commit[0m[2m=[0mCommittedSubDag(leader=B310(B,nvJF), ref=C300(YuQX), blocks=[csit, 9Rqp, nvJF]) [3mepoch[0m[2m=[0m1
[2m2025-03-25T07:56:19.520434Z[0m [32m INFO[0m [1mnode[0m[1m{[0m[3mname[0m[2m=[0mk#99f25ef6..[1m}[0m[2m:[0m [2msui_core::checkpoints::checkpoint_executor[0m[2m:[0m [2mcrates/sui-core/src/checkpoints/checkpoint_executor/mod.rs[0m[2m:[0m[2m332:[0m Received checkpoint summary from state sync [3msequence_number[0m[2m=[0m512
[2m2025-03-25T07:56:19.520437Z[0m [32m INFO[0m [1mnode[0m[1m{[0m[3mname[0m[2m=[0mk#8dcff6d1..[1m}[0m[2m:[0m [2msui_core::checkpoints::checkpoint_executor[0m[2m:[0m [2mcrates/sui-core/src/checkpoints/checkpoint_executor/mod.rs[0m[2m:[0m[2m332:[0m Received checkpoint summary from state sync [3msequence_number[0m[2m=[0m512
[2m2025-03-25T07:56:19.534057Z[0m [32m INFO[0m [1mnode[0m[1m{[0m[3mname[0m[2m=[0mk#8dcff6d1..[1m}[0m[2m:[0m [2msui_core::state_accumulator[0m[2m:[0m [2mcrates/sui-core/src/state_accumulator.rs[0m[2m:[0m[2m675:[0m accumulating running root for checkpoint 512
[2m2025-03-25T07:56:19.534058Z[0m [32m INFO[0m [1mnode[0m[1m{[0m[3mname[0m[2m=[0mk#99f25ef6..[1m}[0m[2m:[0m [2msui_core::state_accumulator[0m[2m:[0m [2mcrates/sui-core/src/state_accumulator.rs[0m[2m:[0m[2m675:[0m accumulating running root for checkpoint 512
[2m2025-03-25T07:56:19.560080Z[0m [32m INFO[0m [1mnode[0m[1m{[0m[3mname[0m[2m=[0mk#addeef94..[1m}[0m[2m:[0m [2msui_core::checkpoints[0m[2m:[0m [2mcrates/sui-core/src/checkpoints/mod.rs[0m[2m:[0m[2m1326:[0m Creating checkpoint(s) for 1 transactions [3mnext_checkpoint_seq[0m[2m=[0m513 [3mcheckpoint_timestamp[0m[2m=[0m1742889378999
[2m2025-03-25T07:56:19.560320Z[0m [32m INFO[0m [1mnode[0m[1m{[0m[3mname[0m[2m=[0mk#addeef94..[1m}[0m[2m:[0m [2msui_core::checkpoints::checkpoint_output[0m[2m:[0m [2mcrates/sui-core/src/checkpoints/checkpoint_output.rs[0m[2m:[0m[2m149:[0m Creating checkpoint CheckpointDigest(6quKUvTt6UYhNRrTKB2awda9f1t8pnxZKX7rmXF8ripY) at epoch 1, sequence 513, previous digest Some(CheckpointDigest(8nxH3vaejq6Fk4yKMoHXUVU22FyRE74MHvc8w3VbW3iR)), transactions count 1, content digest CheckpointContentsDigest(CGJMFoEREb4ProEG3pVeNWY9rZSKqAhKMZqWSaHeeeuD), end_of_epoch_data None
[2m2025-03-25T07:56:19.565689Z[0m [32m INFO[0m [1mnode[0m[1m{[0m[3mname[0m[2m=[0mk#99f25ef6..[1m}[0m[2m:[0m [2msui_core::checkpoints[0m[2m:[0m [2mcrates/sui-core/src/checkpoints/mod.rs[0m[2m:[0m[2m1326:[0m Creating checkpoint(s) for 1 transactions [3mnext_checkpoint_seq[0m[2m=[0m513 [3mcheckpoint_timestamp[0m[2m=[0m1742889378999
[2m2025-03-25T07:56:19.565693Z[0m [32m INFO[0m [1mnode[0m[1m{[0m[3mname[0m[2m=[0mk#8dcff6d1..[1m}[0m[2m:[0m [2msui_core::checkpoints[0m[2m:[0m [2mcrates/sui-core/src/checkpoints/mod.rs[0m[2m:[0m[2m1326:[0m Creating checkpoint(s) for 1 transactions [3mnext_checkpoint_seq[0m[2m=[0m513 [3mcheckpoint_timestamp[0m[2m=[0m1742889378999
[2m2025-03-25T07:56:19.565871Z[0m [32m INFO[0m [1mnode[0m[1m{[0m[3mname[0m[2m=[0mk#99f25ef6..[1m}[0m[2m:[0m [2msui_core::checkpoints::checkpoint_output[0m[2m:[0m [2mcrates/sui-core/src/checkpoints/checkpoint_output.rs[0m[2m:[0m[2m149:[0m Creating checkpoint CheckpointDigest(6quKUvTt6UYhNRrTKB2awda9f1t8pnxZKX7rmXF8ripY) at epoch 1, sequence 513, previous digest Some(CheckpointDigest(8nxH3vaejq6Fk4yKMoHXUVU22FyRE74MHvc8w3VbW3iR)), transactions count 1, content digest CheckpointContentsDigest(CGJMFoEREb4ProEG3pVeNWY9rZSKqAhKMZqWSaHeeeuD), end_of_epoch_data None
[2m2025-03-25T07:56:19.565871Z[0m [32m INFO[0m [1mnode[0m[1m{[0m[3mname[0m[2m=[0mk#8dcff6d1..[1m}[0m[2m:[0m [2msui_core::checkpoints::checkpoint_output[0m[2m:[0m [2mcrates/sui-core/src/checkpoints/checkpoint_output.rs[0m[2m:[0m[2m149:[0m Creating checkpoint CheckpointDigest(6quKUvTt6UYhNRrTKB2awda9f1t8pnxZKX7rmXF8ripY) at epoch 1, sequence 513, previous digest Some(CheckpointDigest(8nxH3vaejq6Fk4yKMoHXUVU22FyRE74MHvc8w3VbW3iR)), transactions count 1, content digest CheckpointContentsDigest(CGJMFoEREb4ProEG3pVeNWY9rZSKqAhKMZqWSaHeeeuD), end_of_epoch_data None
[2m2025-03-25T07:56:19.626913Z[0m [32m INFO[0m [1mnode[0m[1m{[0m[3mname[0m[2m=[0mk#addeef94..[1m}[0m[2m:[0m [2msui_core::checkpoints::checkpoint_executor[0m[2m:[0m [2mcrates/sui-core/src/checkpoints/checkpoint_executor/mod.rs[0m[2m:[0m[2m332:[0m Received checkpoint summary from state sync [3msequence_number[0m[2m=[0m512
[2m2025-03-25T07:56:19.628399Z[0m [32m INFO[0m [1mnode[0m[1m{[0m[3mname[0m[2m=[0mk#addeef94..[1m}[0m[2m:[0m [2msui_core::state_accumulator[0m[2m:[0m [2mcrates/sui-core/src/state_accumulator.rs[0m[2m:[0m[2m675:[0m accumulating running root for checkpoint 512
[2m2025-03-25T07:56:19.767739Z[0m [32m INFO[0m [1mnode[0m[1m{[0m[3mname[0m[2m=[0mk#addeef94..[1m}[0m[2m:[0m [2mconsensus_core::core[0m[2m:[0m [2mconsensus/core/src/core.rs[0m[2m:[0m[2m945:[0m Included 3 ancestors & excluded 0 ancestors for proposal in round 313
[2m2025-03-25T07:56:19.768156Z[0m [32m INFO[0m [1mnode[0m[1m{[0m[3mname[0m[2m=[0mk#addeef94..[1m}[0m[2m:[0m [2mconsensus_core::core[0m[2m:[0m [2mconsensus/core/src/core.rs[0m[2m:[0m[2m531:[0m Created block B313(C,7SK7RiMcExxvOaUa8DuyYPQ9D+Pw025AeGUlOyFc6oQ=)(1742889379767ms;[B312(C,BjfMhQPXrwRM4DUS6tzoj18HaQywRqmqSIpFPkso6m4=), B312(A,zEZMV7Kgkw8sBfw+SIpl5Ng0wGhSXCTFjx3VW7lC3Gs=), B312(B,Xsg9R1XW2bUHUPqUkCmADwyxx/0BH75KTLFzyQTYhcI=)];1t;1c) for round 313
[2m2025-03-25T07:56:19.770102Z[0m [32m INFO[0m [1mnode[0m[1m{[0m[3mname[0m[2m=[0mk#99f25ef6..[1m}[0m[2m:[0m [2mconsensus_core::core[0m[2m:[0m [2mconsensus/core/src/core.rs[0m[2m:[0m[2m945:[0m Included 3 ancestors & excluded 0 ancestors for proposal in round 313
[2m2025-03-25T07:56:19.770399Z[0m [32m INFO[0m [1mnode[0m[1m{[0m[3mname[0m[2m=[0mk#99f25ef6..[1m}[0m[2m:[0m [2mconsensus_core::core[0m[2m:[0m [2mconsensus/core/src/core.rs[0m[2m:[0m[2m531:[0m Created block B313(B,ArstRTv5cEsX14BsuRPqgoK1vnFD7s3StEoOr945TI8=)(1742889379770ms;[B312(B,Xsg9R1XW2bUHUPqUkCmADwyxx/0BH75KTLFzyQTYhcI=), B312(A,zEZMV7Kgkw8sBfw+SIpl5Ng0wGhSXCTFjx3VW7lC3Gs=), B312(C,BjfMhQPXrwRM4DUS6tzoj18HaQywRqmqSIpFPkso6m4=)];1t;1c) for round 313
[2m2025-03-25T07:56:19.770470Z[0m [32m INFO[0m [1mnode[0m[1m{[0m[3mname[0m[2m=[0mk#99f25ef6..[1m}[0m[2m:[0m [2mconsensus_core::core[0m[2m:[0m [2mconsensus/core/src/core.rs[0m[2m:[0m[2m630:[0m Committing 1 leaders: B311(B,EjZF)
[2m2025-03-25T07:56:19.770542Z[0m [32m INFO[0m [1mnode[0m[1m{[0m[3mname[0m[2m=[0mk#99f25ef6..[1m}[0m[2m:[0m [2mconsensus_core::commit_observer[0m[2m:[0m [2mconsensus/core/src/commit_observer.rs[0m[2m:[0m[2m173:[0m Consensus commit C301(RPEd) with leader B311(B,EjZF) has 3 blocks
[2m2025-03-25T07:56:19.770621Z[0m [32m INFO[0m [1mnode[0m[1m{[0m[3mname[0m[2m=[0mk#99f25ef6..[1m}[0m[2m:[0m [2msui_core::consensus_handler[0m[2m:[0m [2mcrates/sui-core/src/consensus_handler.rs[0m[2m:[0m[2m232:[0m Received consensus output [3mconsensus_commit[0m[2m=[0mCommittedSubDag(leader=B311(B,EjZF), ref=C301(RPEd), blocks=[gPBO, pzJ/, EjZF]) [3mepoch[0m[2m=[0m1
[2m2025-03-25T07:56:19.771215Z[0m [32m INFO[0m [1mnode[0m[1m{[0m[3mname[0m[2m=[0mk#8dcff6d1..[1m}[0m[2m:[0m [2mconsensus_core::core[0m[2m:[0m [2mconsensus/core/src/core.rs[0m[2m:[0m[2m945:[0m Included 3 ancestors & excluded 0 ancestors for proposal in round 313
[2m2025-03-25T07:56:19.771509Z[0m [32m INFO[0m [1mnode[0m[1m{[0m[3mname[0m[2m=[0mk#8dcff6d1..[1m}[0m[2m:[0m [2mconsensus_core::core[0m[2m:[0m [2mconsensus/core/src/core.rs[0m[2m:[0m[2m531:[0m Created block B313(A,BMokzwog8nySTJdPFUzMAD2qIgZuMBVzfNq9LEQ0t4c=)(1742889379771ms;[B312(A,zEZMV7Kgkw8sBfw+SIpl5Ng0wGhSXCTFjx3VW7lC3Gs=), B312(B,Xsg9R1XW2bUHUPqUkCmADwyxx/0BH75KTLFzyQTYhcI=), B312(C,BjfMhQPXrwRM4DUS6tzoj18HaQywRqmqSIpFPkso6m4=)];1t;1c) for round 313
[2m2025-03-25T07:56:19.771574Z[0m [32m INFO[0m [1mnode[0m[1m{[0m[3mname[0m[2m=[0mk#8dcff6d1..[1m}[0m[2m:[0m [2mconsensus_core::core[0m[2m:[0m [2mconsensus/core/src/core.rs[0m[2m:[0m[2m630:[0m Committing 1 leaders: B311(B,EjZF)
[2m2025-03-25T07:56:19.771640Z[0m [32m INFO[0m [1mnode[0m[1m{[0m[3mname[0m[2m=[0mk#8dcff6d1..[1m}[0m[2m:[0m [2mconsensus_core::commit_observer[0m[2m:[0m [2mconsensus/core/src/commit_observer.rs[0m[2m:[0m[2m173:[0m Consensus commit C301(RPEd) with leader B311(B,EjZF) has 3 blocks
[2m2025-03-25T07:56:19.771709Z[0m [32m INFO[0m [1mnode[0m[1m{[0m[3mname[0m[2m=[0mk#8dcff6d1..[1m}[0m[2m:[0m [2msui_core::consensus_handler[0m[2m:[0m [2mcrates/sui-core/src/consensus_handler.rs[0m[2m:[0m[2m232:[0m Received consensus output [3mconsensus_commit[0m[2m=[0mCommittedSubDag(leader=B311(B,EjZF), ref=C301(RPEd), blocks=[gPBO, pzJ/, EjZF]) [3mepoch[0m[2m=[0m1
[2m2025-03-25T07:56:19.772990Z[0m [32m INFO[0m [1mnode[0m[1m{[0m[3mname[0m[2m=[0mk#addeef94..[1m}[0m[2m:[0m [2mconsensus_core::core[0m[2m:[0m [2mconsensus/core/src/core.rs[0m[2m:[0m[2m630:[0m Committing 1 leaders: B311(B,EjZF)
[2m2025-03-25T07:56:19.773079Z[0m [32m INFO[0m [1mnode[0m[1m{[0m[3mname[0m[2m=[0mk#addeef94..[1m}[0m[2m:[0m [2mconsensus_core::commit_observer[0m[2m:[0m [2mconsensus/core/src/commit_observer.rs[0m[2m:[0m[2m173:[0m Consensus commit C301(RPEd) with leader B311(B,EjZF) has 3 blocks
[2m2025-03-25T07:56:19.773144Z[0m [32m INFO[0m [1mnode[0m[1m{[0m[3mname[0m[2m=[0mk#addeef94..[1m}[0m[2m:[0m [2msui_core::consensus_handler[0m[2m:[0m [2mcrates/sui-core/src/consensus_handler.rs[0m[2m:[0m[2m232:[0m Received consensus output [3mconsensus_commit[0m[2m=[0mCommittedSubDag(leader=B311(B,EjZF), ref=C301(RPEd), blocks=[gPBO, pzJ/, EjZF]) [3mepoch[0m[2m=[0m1
[2m2025-03-25T07:56:19.797561Z[0m [32m INFO[0m [1mnode[0m[1m{[0m[3mname[0m[2m=[0mk#99f25ef6..[1m}[0m[2m:[0m [2msui_core::checkpoints[0m[2m:[0m [2mcrates/sui-core/src/checkpoints/mod.rs[0m[2m:[0m[2m1326:[0m Creating checkpoint(s) for 2 transactions [3mnext_checkpoint_seq[0m[2m=[0m514 [3mcheckpoint_timestamp[0m[2m=[0m1742889379257
[2m2025-03-25T07:56:19.797712Z[0m [32m INFO[0m [1mnode[0m[1m{[0m[3mname[0m[2m=[0mk#8dcff6d1..[1m}[0m[2m:[0m [2msui_core::checkpoints[0m[2m:[0m [2mcrates/sui-core/src/checkpoints/mod.rs[0m[2m:[0m[2m1326:[0m Creating checkpoint(s) for 2 transactions [3mnext_checkpoint_seq[0m[2m=[0m514 [3mcheckpoint_timestamp[0m[2m=[0m1742889379257
[2m2025-03-25T07:56:19.797884Z[0m [32m INFO[0m [1mnode[0m[1m{[0m[3mname[0m[2m=[0mk#99f25ef6..[1m}[0m[2m:[0m [2msui_core::checkpoints::checkpoint_output[0m[2m:[0m [2mcrates/sui-core/src/checkpoints/checkpoint_output.rs[0m[2m:[0m[2m149:[0m Creating checkpoint CheckpointDigest(4BRXTs3n6a6PzDcrjxiDuhmjTZzefAG44WtBGD2QQN6E) at epoch 1, sequence 514, previous digest Some(CheckpointDigest(6quKUvTt6UYhNRrTKB2awda9f1t8pnxZKX7rmXF8ripY)), transactions count 2, content digest CheckpointContentsDigest(HRhxq6nVZiPb5ifZNy5HNKJMiG9RLrtUAt9TcUiL68Wa), end_of_epoch_data None
[2m2025-03-25T07:56:19.797959Z[0m [32m INFO[0m [1mnode[0m[1m{[0m[3mname[0m[2m=[0mk#8dcff6d1..[1m}[0m[2m:[0m [2msui_core::checkpoints::checkpoint_output[0m[2m:[0m [2mcrates/sui-core/src/checkpoints/checkpoint_output.rs[0m[2m:[0m[2m149:[0m Creating checkpoint CheckpointDigest(4BRXTs3n6a6PzDcrjxiDuhmjTZzefAG44WtBGD2QQN6E) at epoch 1, sequence 514, previous digest Some(CheckpointDigest(6quKUvTt6UYhNRrTKB2awda9f1t8pnxZKX7rmXF8ripY)), transactions count 2, content digest CheckpointContentsDigest(HRhxq6nVZiPb5ifZNy5HNKJMiG9RLrtUAt9TcUiL68Wa), end_of_epoch_data None
[2m2025-03-25T07:56:19.799249Z[0m [32m INFO[0m [1mnode[0m[1m{[0m[3mname[0m[2m=[0mk#addeef94..[1m}[0m[2m:[0m [2msui_core::checkpoints[0m[2m:[0m [2mcrates/sui-core/src/checkpoints/mod.rs[0m[2m:[0m[2m1326:[0m Creating checkpoint(s) for 2 transactions [3mnext_checkpoint_seq[0m[2m=[0m514 [3mcheckpoint_timestamp[0m[2m=[0m1742889379257
[2m2025-03-25T07:56:19.799501Z[0m [32m INFO[0m [1mnode[0m[1m{[0m[3mname[0m[2m=[0mk#addeef94..[1m}[0m[2m:[0m [2msui_core::checkpoints::checkpoint_output[0m[2m:[0m [2mcrates/sui-core/src/checkpoints/checkpoint_output.rs[0m[2m:[0m[2m149:[0m Creating checkpoint CheckpointDigest(4BRXTs3n6a6PzDcrjxiDuhmjTZzefAG44WtBGD2QQN6E) at epoch 1, sequence 514, previous digest Some(CheckpointDigest(6quKUvTt6UYhNRrTKB2awda9f1t8pnxZKX7rmXF8ripY)), transactions count 2, content digest CheckpointContentsDigest(HRhxq6nVZiPb5ifZNy5HNKJMiG9RLrtUAt9TcUiL68Wa), end_of_epoch_data None
[2m2025-03-25T07:56:19.801099Z[0m [32m INFO[0m [1mnode[0m[1m{[0m[3mname[0m[2m=[0mk#99f25ef6..[1m}[0m[2m:[0m [2msui_core::checkpoints::checkpoint_output[0m[2m:[0m [2mcrates/sui-core/src/checkpoints/checkpoint_output.rs[0m[2m:[0m[2m196:[0m Certified checkpoint with sequence 513 and digest 6quKUvTt6UYhNRrTKB2awda9f1t8pnxZKX7rmXF8ripY
[2m2025-03-25T07:56:19.801111Z[0m [32m INFO[0m [1mnode[0m[1m{[0m[3mname[0m[2m=[0mk#8dcff6d1..[1m}[0m[2m:[0m [2msui_core::checkpoints::checkpoint_output[0m[2m:[0m [2mcrates/sui-core/src/checkpoints/checkpoint_output.rs[0m[2m:[0m[2m196:[0m Certified checkpoint with sequence 513 and digest 6quKUvTt6UYhNRrTKB2awda9f1t8pnxZKX7rmXF8ripY
[2m2025-03-25T07:56:19.801480Z[0m [32m INFO[0m [1mnode[0m[1m{[0m[3mname[0m[2m=[0mk#8dcff6d1..[1m}[0m[2m:[0m [2msui_core::checkpoints::checkpoint_executor[0m[2m:[0m [2mcrates/sui-core/src/checkpoints/checkpoint_executor/mod.rs[0m[2m:[0m[2m332:[0m Received checkpoint summary from state sync [3msequence_number[0m[2m=[0m513
[2m2025-03-25T07:56:19.801495Z[0m [32m INFO[0m [1mnode[0m[1m{[0m[3mname[0m[2m=[0mk#99f25ef6..[1m}[0m[2m:[0m [2msui_core::checkpoints::checkpoint_executor[0m[2m:[0m [2mcrates/sui-core/src/checkpoints/checkpoint_executor/mod.rs[0m[2m:[0m[2m332:[0m Received checkpoint summary from state sync [3msequence_number[0m[2m=[0m513
[2m2025-03-25T07:56:19.802652Z[0m [32m INFO[0m [1mnode[0m[1m{[0m[3mname[0m[2m=[0mk#8dcff6d1..[1m}[0m[2m:[0m [2msui_core::state_accumulator[0m[2m:[0m [2mcrates/sui-core/src/state_accumulator.rs[0m[2m:[0m[2m675:[0m accumulating running root for checkpoint 513
[2m2025-03-25T07:56:19.802653Z[0m [32m INFO[0m [1mnode[0m[1m{[0m[3mname[0m[2m=[0mk#99f25ef6..[1m}[0m[2m:[0m [2msui_core::state_accumulator[0m[2m:[0m [2mcrates/sui-core/src/state_accumulator.rs[0m[2m:[0m[2m675:[0m accumulating running root for checkpoint 513
[2m2025-03-25T07:56:19.804804Z[0m [32m INFO[0m [1mnode[0m[1m{[0m[3mname[0m[2m=[0mk#addeef94..[1m}[0m[2m:[0m [2msui_core::checkpoints::checkpoint_executor[0m[2m:[0m [2mcrates/sui-core/src/checkpoints/checkpoint_executor/mod.rs[0m[2m:[0m[2m332:[0m Received checkpoint summary from state sync [3msequence_number[0m[2m=[0m513
[2m2025-03-25T07:56:19.805522Z[0m [32m INFO[0m [1mnode[0m[1m{[0m[3mname[0m[2m=[0mk#addeef94..[1m}[0m[2m:[0m [2msui_core::state_accumulator[0m[2m:[0m [2mcrates/sui-core/src/state_accumulator.rs[0m[2m:[0m[2m675:[0m accumulating running root for checkpoint 513
[2m2025-03-25T07:56:19.985866Z[0m [32m INFO[0m [1mnode[0m[1m{[0m[3mname[0m[2m=[0mk#b3f3cbb4..[1m}[0m[2m:[0m[1mjson-rpc-request[0m[2m:[0m[1mdev_inspect_transaction_block[0m[1m{[0m[3msender_address[0m[2m=[0m0x0000000000000000000000000000000000000000000000000000000000000000 [3mtx_bytes[0m[2m=[0mBase64("AAMBAQAAAAAAAAAAAAAAAAAAAAAAAAAAAAAAAAAAAAAAAAAJAQAAAAAAAAABAAECAAgAAAAAAAAAAAEAAAAAAAAAAAAAAAAAAAAAAAAAAAAAAAAAAAAAAAAAAAsGYnJpZGdlIGdldF90b2tlbl90cmFuc2Zlcl9hY3Rpb25fc3RhdHVzAAMBAAABAQABAgA=") [3mgas_price[0m[2m=[0mNone [3m_epoch[0m[2m=[0mNone [3madditional_args[0m[2m=[0mNone[1m}[0m[2m:[0m [2msui_json_rpc::transaction_execution_api[0m[2m:[0m [2mcrates/sui-json-rpc/src/transaction_execution_api.rs[0m[2m:[0m[2m351:[0m RPC took longer than threshold to complete. [3melapsed[0m[2m=[0m1.535291209s
[2m2025-03-25T07:56:19.986758Z[0m [32m INFO[0m [2msui_bridge::e2e_tests::test_utils[0m[2m:[0m [2mcrates/sui-bridge/src/e2e_tests/test_utils.rs[0m[2m:[0m[2m1452:[0m get_token_transfer_action_onchain_status_until_success took 2.4118605s, status: Pending
[2m2025-03-25T07:56:20.004423Z[0m [32m INFO[0m [2msui_bridge::server::handler[0m[2m:[0m [2mcrates/sui-bridge/src/server/handler.rs[0m[2m:[0m[2m94:[0m Sui action found: SuiToEthBridgeAction(SuiToEthBridgeAction { sui_tx_digest: TransactionDigest(JDYZWo7pouDfQMZQ1svXm7rFiHM4Wx8n49TtVZxwEGXL), sui_tx_event_index: 0, sui_bridge_event: EmittedSuiToEthTokenBridgeV1 { nonce: 0, sui_chain_id: SuiCustom, eth_chain_id: EthCustom, sui_address: 0x04a92ab35c30447220964695cc04dfdb26d007c17bf50c178f19eacb981afca1, eth_address: 0xf9510eb5cf94cdfa407ba5fc5bf2f9d0e1887ab0, token_id: 4, amount_sui_adjusted: 100000000000000, tx_hash: [], event_idx: 0 } })
[2m2025-03-25T07:56:20.004447Z[0m [32m INFO[0m [2msui_bridge::server::handler[0m[2m:[0m [2mcrates/sui-bridge/src/server/handler.rs[0m[2m:[0m[2m263:[0m bbking 3251 bridge_action: SuiToEthBridgeAction(SuiToEthBridgeAction { sui_tx_digest: TransactionDigest(JDYZWo7pouDfQMZQ1svXm7rFiHM4Wx8n49TtVZxwEGXL), sui_tx_event_index: 0, sui_bridge_event: EmittedSuiToEthTokenBridgeV1 { nonce: 0, sui_chain_id: SuiCustom, eth_chain_id: EthCustom, sui_address: 0x04a92ab35c30447220964695cc04dfdb26d007c17bf50c178f19eacb981afca1, eth_address: 0xf9510eb5cf94cdfa407ba5fc5bf2f9d0e1887ab0, token_id: 4, amount_sui_adjusted: 100000000000000, tx_hash: [], event_idx: 0 } })
[2m2025-03-25T07:56:20.004973Z[0m [32m INFO[0m [1mhandle_sui_tx_digest[0m[1m{[0m[3mtx_digest_base58[0m[2m=[0m"JDYZWo7pouDfQMZQ1svXm7rFiHM4Wx8n49TtVZxwEGXL" [3mevent_idx[0m[2m=[0m0[1m}[0m[2m:[0m [2msui_bridge::server[0m[2m:[0m [2mcrates/sui-bridge/src/server/mod.rs[0m[2m:[0m[2m225:[0m handle_sui_tx_digest request succeeded
[2m2025-03-25T07:56:20.005985Z[0m [32m INFO[0m [2msui_bridge::client::bridge_authority_aggregator[0m[2m:[0m [2mcrates/sui-bridge/src/client/bridge_authority_aggregator.rs[0m[2m:[0m[2m143:[0m Got signatures from k#030f0881.., stake: 3334
[2m2025-03-25T07:56:20.005996Z[0m [32m INFO[0m [2msui_bridge::client::bridge_authority_aggregator[0m[2m:[0m [2mcrates/sui-bridge/src/client/bridge_authority_aggregator.rs[0m[2m:[0m[2m165:[0m Got enough signatures from 1 validators with total_ok_stake 3334
[2m2025-03-25T07:56:20.006030Z[0m [32m INFO[0m [2msui_bridge::action_executor[0m[2m:[0m [2mcrates/sui-bridge/src/action_executor.rs[0m[2m:[0m[2m379:[0m Sending certificate to execution
[2m2025-03-25T07:56:20.006053Z[0m [32m INFO[0m [2msui_bridge::action_executor[0m[2m:[0m [2mcrates/sui-bridge/src/action_executor.rs[0m[2m:[0m[2m284:[0m Future crates/sui-bridge/src/action_executor.rs:request_signatures completed
[2m2025-03-25T07:56:20.006085Z[0m [32m INFO[0m [1mhandle_execution_task[0m[1m{[0m[3maction_key[0m[2m=[0mBridgeActionKey(0,2,0) [3mattempt_times[0m[2m=[0m0[1m}[0m[2m:[0m [2msui_bridge::action_executor[0m[2m:[0m [2mcrates/sui-bridge/src/action_executor.rs[0m[2m:[0m[2m481:[0m Received certified action for execution: SuiToEthBridgeAction(SuiToEthBridgeAction { sui_tx_digest: TransactionDigest(JDYZWo7pouDfQMZQ1svXm7rFiHM4Wx8n49TtVZxwEGXL), sui_tx_event_index: 0, sui_bridge_event: EmittedSuiToEthTokenBridgeV1 { nonce: 0, sui_chain_id: SuiCustom, eth_chain_id: EthCustom, sui_address: 0x04a92ab35c30447220964695cc04dfdb26d007c17bf50c178f19eacb981afca1, eth_address: 0xf9510eb5cf94cdfa407ba5fc5bf2f9d0e1887ab0, token_id: 4, amount_sui_adjusted: 100000000000000, tx_hash: [], event_idx: 0 } })
[2m2025-03-25T07:56:20.007427Z[0m [32m INFO[0m [2msui_bridge::server::handler[0m[2m:[0m [2mcrates/sui-bridge/src/server/handler.rs[0m[2m:[0m[2m94:[0m Sui action found: SuiToEthBridgeAction(SuiToEthBridgeAction { sui_tx_digest: TransactionDigest(JDYZWo7pouDfQMZQ1svXm7rFiHM4Wx8n49TtVZxwEGXL), sui_tx_event_index: 0, sui_bridge_event: EmittedSuiToEthTokenBridgeV1 { nonce: 0, sui_chain_id: SuiCustom, eth_chain_id: EthCustom, sui_address: 0x04a92ab35c30447220964695cc04dfdb26d007c17bf50c178f19eacb981afca1, eth_address: 0xf9510eb5cf94cdfa407ba5fc5bf2f9d0e1887ab0, token_id: 4, amount_sui_adjusted: 100000000000000, tx_hash: [], event_idx: 0 } })
[2m2025-03-25T07:56:20.007443Z[0m [32m INFO[0m [2msui_bridge::server::handler[0m[2m:[0m [2mcrates/sui-bridge/src/server/handler.rs[0m[2m:[0m[2m263:[0m bbking 3251 bridge_action: SuiToEthBridgeAction(SuiToEthBridgeAction { sui_tx_digest: TransactionDigest(JDYZWo7pouDfQMZQ1svXm7rFiHM4Wx8n49TtVZxwEGXL), sui_tx_event_index: 0, sui_bridge_event: EmittedSuiToEthTokenBridgeV1 { nonce: 0, sui_chain_id: SuiCustom, eth_chain_id: EthCustom, sui_address: 0x04a92ab35c30447220964695cc04dfdb26d007c17bf50c178f19eacb981afca1, eth_address: 0xf9510eb5cf94cdfa407ba5fc5bf2f9d0e1887ab0, token_id: 4, amount_sui_adjusted: 100000000000000, tx_hash: [], event_idx: 0 } })
[2m2025-03-25T07:56:20.010414Z[0m [32m INFO[0m [2msui_bridge::server::handler[0m[2m:[0m [2mcrates/sui-bridge/src/server/handler.rs[0m[2m:[0m[2m94:[0m Sui action found: SuiToEthBridgeAction(SuiToEthBridgeAction { sui_tx_digest: TransactionDigest(JDYZWo7pouDfQMZQ1svXm7rFiHM4Wx8n49TtVZxwEGXL), sui_tx_event_index: 0, sui_bridge_event: EmittedSuiToEthTokenBridgeV1 { nonce: 0, sui_chain_id: SuiCustom, eth_chain_id: EthCustom, sui_address: 0x04a92ab35c30447220964695cc04dfdb26d007c17bf50c178f19eacb981afca1, eth_address: 0xf9510eb5cf94cdfa407ba5fc5bf2f9d0e1887ab0, token_id: 4, amount_sui_adjusted: 100000000000000, tx_hash: [], event_idx: 0 } })
[2m2025-03-25T07:56:20.010430Z[0m [32m INFO[0m [2msui_bridge::server::handler[0m[2m:[0m [2mcrates/sui-bridge/src/server/handler.rs[0m[2m:[0m[2m263:[0m bbking 3251 bridge_action: SuiToEthBridgeAction(SuiToEthBridgeAction { sui_tx_digest: TransactionDigest(JDYZWo7pouDfQMZQ1svXm7rFiHM4Wx8n49TtVZxwEGXL), sui_tx_event_index: 0, sui_bridge_event: EmittedSuiToEthTokenBridgeV1 { nonce: 0, sui_chain_id: SuiCustom, eth_chain_id: EthCustom, sui_address: 0x04a92ab35c30447220964695cc04dfdb26d007c17bf50c178f19eacb981afca1, eth_address: 0xf9510eb5cf94cdfa407ba5fc5bf2f9d0e1887ab0, token_id: 4, amount_sui_adjusted: 100000000000000, tx_hash: [], event_idx: 0 } })
[2m2025-03-25T07:56:20.011063Z[0m [32m INFO[0m [1mnode[0m[1m{[0m[3mname[0m[2m=[0mk#b3f3cbb4..[1m}[0m[2m:[0m [2msui_core::state_accumulator[0m[2m:[0m [2mcrates/sui-core/src/state_accumulator.rs[0m[2m:[0m[2m675:[0m accumulating running root for checkpoint 498
[2m2025-03-25T07:56:20.023029Z[0m [32m INFO[0m [1mnode[0m[1m{[0m[3mname[0m[2m=[0mk#99f25ef6..[1m}[0m[2m:[0m [2mconsensus_core::core[0m[2m:[0m [2mconsensus/core/src/core.rs[0m[2m:[0m[2m945:[0m Included 3 ancestors & excluded 0 ancestors for proposal in round 314
[2m2025-03-25T07:56:20.023384Z[0m [32m INFO[0m [1mnode[0m[1m{[0m[3mname[0m[2m=[0mk#99f25ef6..[1m}[0m[2m:[0m [2mconsensus_core::core[0m[2m:[0m [2mconsensus/core/src/core.rs[0m[2m:[0m[2m531:[0m Created block B314(B,o8KFeyOAkO2Ygb6x8AW3ZvqjqXNGjZ0ILwTfiCl9OHw=)(1742889380023ms;[B313(B,ArstRTv5cEsX14BsuRPqgoK1vnFD7s3StEoOr945TI8=), B313(A,BMokzwog8nySTJdPFUzMAD2qIgZuMBVzfNq9LEQ0t4c=), B313(C,7SK7RiMcExxvOaUa8DuyYPQ9D+Pw025AeGUlOyFc6oQ=)];1t;1c) for round 314
[2m2025-03-25T07:56:20.025007Z[0m [32m INFO[0m [1mnode[0m[1m{[0m[3mname[0m[2m=[0mk#8dcff6d1..[1m}[0m[2m:[0m [2mconsensus_core::core[0m[2m:[0m [2mconsensus/core/src/core.rs[0m[2m:[0m[2m945:[0m Included 3 ancestors & excluded 0 ancestors for proposal in round 314
[2m2025-03-25T07:56:20.025007Z[0m [32m INFO[0m [1mnode[0m[1m{[0m[3mname[0m[2m=[0mk#addeef94..[1m}[0m[2m:[0m [2mconsensus_core::core[0m[2m:[0m [2mconsensus/core/src/core.rs[0m[2m:[0m[2m945:[0m Included 3 ancestors & excluded 0 ancestors for proposal in round 314
[2m2025-03-25T07:56:20.025304Z[0m [32m INFO[0m [1mnode[0m[1m{[0m[3mname[0m[2m=[0mk#8dcff6d1..[1m}[0m[2m:[0m [2mconsensus_core::core[0m[2m:[0m [2mconsensus/core/src/core.rs[0m[2m:[0m[2m531:[0m Created block B314(A,8sJBwqddCi77YrGKH2pdWT30LonfHPx+Q7v8G8WepyU=)(1742889380025ms;[B313(A,BMokzwog8nySTJdPFUzMAD2qIgZuMBVzfNq9LEQ0t4c=), B313(B,ArstRTv5cEsX14BsuRPqgoK1vnFD7s3StEoOr945TI8=), B313(C,7SK7RiMcExxvOaUa8DuyYPQ9D+Pw025AeGUlOyFc6oQ=)];1t;1c) for round 314
[2m2025-03-25T07:56:20.025307Z[0m [32m INFO[0m [1mnode[0m[1m{[0m[3mname[0m[2m=[0mk#addeef94..[1m}[0m[2m:[0m [2mconsensus_core::core[0m[2m:[0m [2mconsensus/core/src/core.rs[0m[2m:[0m[2m531:[0m Created block B314(C,Dh/bnCrO2/U4ympmyXdlL/LOxuLAkDeaVW9eA1nLyWE=)(1742889380025ms;[B313(C,7SK7RiMcExxvOaUa8DuyYPQ9D+Pw025AeGUlOyFc6oQ=), B313(A,BMokzwog8nySTJdPFUzMAD2qIgZuMBVzfNq9LEQ0t4c=), B313(B,ArstRTv5cEsX14BsuRPqgoK1vnFD7s3StEoOr945TI8=)];1t;1c) for round 314
[2m2025-03-25T07:56:20.025455Z[0m [32m INFO[0m [1mnode[0m[1m{[0m[3mname[0m[2m=[0mk#addeef94..[1m}[0m[2m:[0m [2mconsensus_core::core[0m[2m:[0m [2mconsensus/core/src/core.rs[0m[2m:[0m[2m630:[0m Committing 1 leaders: B312(A,zEZM)
[2m2025-03-25T07:56:20.025545Z[0m [32m INFO[0m [1mnode[0m[1m{[0m[3mname[0m[2m=[0mk#addeef94..[1m}[0m[2m:[0m [2mconsensus_core::commit_observer[0m[2m:[0m [2mconsensus/core/src/commit_observer.rs[0m[2m:[0m[2m173:[0m Consensus commit C302(iHsA) with leader B312(A,zEZM) has 3 blocks
[2m2025-03-25T07:56:20.025845Z[0m [32m INFO[0m [1mnode[0m[1m{[0m[3mname[0m[2m=[0mk#addeef94..[1m}[0m[2m:[0m [2msui_core::consensus_handler[0m[2m:[0m [2mcrates/sui-core/src/consensus_handler.rs[0m[2m:[0m[2m232:[0m Received consensus output [3mconsensus_commit[0m[2m=[0mCommittedSubDag(leader=B312(A,zEZM), ref=C302(iHsA), blocks=[sCJ+, 5Sxm, zEZM]) [3mepoch[0m[2m=[0m1
[2m2025-03-25T07:56:20.028976Z[0m [32m INFO[0m [1mnode[0m[1m{[0m[3mname[0m[2m=[0mk#8dcff6d1..[1m}[0m[2m:[0m [2msui_core::checkpoints::checkpoint_output[0m[2m:[0m [2mcrates/sui-core/src/checkpoints/checkpoint_output.rs[0m[2m:[0m[2m196:[0m Certified checkpoint with sequence 514 and digest 4BRXTs3n6a6PzDcrjxiDuhmjTZzefAG44WtBGD2QQN6E
[2m2025-03-25T07:56:20.029080Z[0m [32m INFO[0m [1mnode[0m[1m{[0m[3mname[0m[2m=[0mk#8dcff6d1..[1m}[0m[2m:[0m [2mconsensus_core::core[0m[2m:[0m [2mconsensus/core/src/core.rs[0m[2m:[0m[2m630:[0m Committing 1 leaders: B312(A,zEZM)
[2m2025-03-25T07:56:20.029179Z[0m [32m INFO[0m [1mnode[0m[1m{[0m[3mname[0m[2m=[0mk#8dcff6d1..[1m}[0m[2m:[0m [2mconsensus_core::commit_observer[0m[2m:[0m [2mconsensus/core/src/commit_observer.rs[0m[2m:[0m[2m173:[0m Consensus commit C302(iHsA) with leader B312(A,zEZM) has 3 blocks
[2m2025-03-25T07:56:20.029380Z[0m [32m INFO[0m [1mnode[0m[1m{[0m[3mname[0m[2m=[0mk#99f25ef6..[1m}[0m[2m:[0m [2msui_core::checkpoints::checkpoint_output[0m[2m:[0m [2mcrates/sui-core/src/checkpoints/checkpoint_output.rs[0m[2m:[0m[2m196:[0m Certified checkpoint with sequence 514 and digest 4BRXTs3n6a6PzDcrjxiDuhmjTZzefAG44WtBGD2QQN6E
[2m2025-03-25T07:56:20.029480Z[0m [32m INFO[0m [1mnode[0m[1m{[0m[3mname[0m[2m=[0mk#99f25ef6..[1m}[0m[2m:[0m [2mconsensus_core::core[0m[2m:[0m [2mconsensus/core/src/core.rs[0m[2m:[0m[2m630:[0m Committing 1 leaders: B312(A,zEZM)
[2m2025-03-25T07:56:20.029581Z[0m [32m INFO[0m [1mnode[0m[1m{[0m[3mname[0m[2m=[0mk#99f25ef6..[1m}[0m[2m:[0m [2mconsensus_core::commit_observer[0m[2m:[0m [2mconsensus/core/src/commit_observer.rs[0m[2m:[0m[2m173:[0m Consensus commit C302(iHsA) with leader B312(A,zEZM) has 3 blocks
[2m2025-03-25T07:56:20.029589Z[0m [32m INFO[0m [1mnode[0m[1m{[0m[3mname[0m[2m=[0mk#8dcff6d1..[1m}[0m[2m:[0m [2msui_core::consensus_handler[0m[2m:[0m [2mcrates/sui-core/src/consensus_handler.rs[0m[2m:[0m[2m232:[0m Received consensus output [3mconsensus_commit[0m[2m=[0mCommittedSubDag(leader=B312(A,zEZM), ref=C302(iHsA), blocks=[sCJ+, 5Sxm, zEZM]) [3mepoch[0m[2m=[0m1
[2m2025-03-25T07:56:20.029960Z[0m [32m INFO[0m [1mnode[0m[1m{[0m[3mname[0m[2m=[0mk#99f25ef6..[1m}[0m[2m:[0m [2msui_core::consensus_handler[0m[2m:[0m [2mcrates/sui-core/src/consensus_handler.rs[0m[2m:[0m[2m232:[0m Received consensus output [3mconsensus_commit[0m[2m=[0mCommittedSubDag(leader=B312(A,zEZM), ref=C302(iHsA), blocks=[sCJ+, 5Sxm, zEZM]) [3mepoch[0m[2m=[0m1
[2m2025-03-25T07:56:20.030196Z[0m [32m INFO[0m [1mnode[0m[1m{[0m[3mname[0m[2m=[0mk#8dcff6d1..[1m}[0m[2m:[0m [2msui_core::checkpoints::checkpoint_executor[0m[2m:[0m [2mcrates/sui-core/src/checkpoints/checkpoint_executor/mod.rs[0m[2m:[0m[2m332:[0m Received checkpoint summary from state sync [3msequence_number[0m[2m=[0m514
[2m2025-03-25T07:56:20.030540Z[0m [32m INFO[0m [1mnode[0m[1m{[0m[3mname[0m[2m=[0mk#99f25ef6..[1m}[0m[2m:[0m [2msui_core::checkpoints::checkpoint_executor[0m[2m:[0m [2mcrates/sui-core/src/checkpoints/checkpoint_executor/mod.rs[0m[2m:[0m[2m332:[0m Received checkpoint summary from state sync [3msequence_number[0m[2m=[0m514
[2m2025-03-25T07:56:20.043972Z[0m [32m INFO[0m [1mnode[0m[1m{[0m[3mname[0m[2m=[0mk#8dcff6d1..[1m}[0m[2m:[0m [2msui_core::state_accumulator[0m[2m:[0m [2mcrates/sui-core/src/state_accumulator.rs[0m[2m:[0m[2m675:[0m accumulating running root for checkpoint 514
[2m2025-03-25T07:56:20.044165Z[0m [32m INFO[0m [1mnode[0m[1m{[0m[3mname[0m[2m=[0mk#99f25ef6..[1m}[0m[2m:[0m [2msui_core::state_accumulator[0m[2m:[0m [2mcrates/sui-core/src/state_accumulator.rs[0m[2m:[0m[2m675:[0m accumulating running root for checkpoint 514
[2m2025-03-25T07:56:20.071302Z[0m [32m INFO[0m [1mnode[0m[1m{[0m[3mname[0m[2m=[0mk#addeef94..[1m}[0m[2m:[0m [2msui_core::checkpoints[0m[2m:[0m [2mcrates/sui-core/src/checkpoints/mod.rs[0m[2m:[0m[2m1326:[0m Creating checkpoint(s) for 1 transactions [3mnext_checkpoint_seq[0m[2m=[0m515 [3mcheckpoint_timestamp[0m[2m=[0m1742889379511
[2m2025-03-25T07:56:20.071530Z[0m [32m INFO[0m [1mnode[0m[1m{[0m[3mname[0m[2m=[0mk#addeef94..[1m}[0m[2m:[0m [2msui_core::checkpoints::checkpoint_output[0m[2m:[0m [2mcrates/sui-core/src/checkpoints/checkpoint_output.rs[0m[2m:[0m[2m149:[0m Creating checkpoint CheckpointDigest(B2spzNgF6674g4mtfehB6pGjin1Zt2K5A9EfQhWGG7Kd) at epoch 1, sequence 515, previous digest Some(CheckpointDigest(4BRXTs3n6a6PzDcrjxiDuhmjTZzefAG44WtBGD2QQN6E)), transactions count 1, content digest CheckpointContentsDigest(ANzHhjGPar9ZYqGbMh2H8nztEDPHQPu7YkL5n87NkT1S), end_of_epoch_data None
[2m2025-03-25T07:56:20.075979Z[0m [32m INFO[0m [1mnode[0m[1m{[0m[3mname[0m[2m=[0mk#8dcff6d1..[1m}[0m[2m:[0m [2msui_core::checkpoints[0m[2m:[0m [2mcrates/sui-core/src/checkpoints/mod.rs[0m[2m:[0m[2m1326:[0m Creating checkpoint(s) for 1 transactions [3mnext_checkpoint_seq[0m[2m=[0m515 [3mcheckpoint_timestamp[0m[2m=[0m1742889379511
[2m2025-03-25T07:56:20.076097Z[0m [32m INFO[0m [1mnode[0m[1m{[0m[3mname[0m[2m=[0mk#99f25ef6..[1m}[0m[2m:[0m [2msui_core::checkpoints[0m[2m:[0m [2mcrates/sui-core/src/checkpoints/mod.rs[0m[2m:[0m[2m1326:[0m Creating checkpoint(s) for 1 transactions [3mnext_checkpoint_seq[0m[2m=[0m515 [3mcheckpoint_timestamp[0m[2m=[0m1742889379511
[2m2025-03-25T07:56:20.076164Z[0m [32m INFO[0m [1mnode[0m[1m{[0m[3mname[0m[2m=[0mk#8dcff6d1..[1m}[0m[2m:[0m [2msui_core::checkpoints::checkpoint_output[0m[2m:[0m [2mcrates/sui-core/src/checkpoints/checkpoint_output.rs[0m[2m:[0m[2m149:[0m Creating checkpoint CheckpointDigest(B2spzNgF6674g4mtfehB6pGjin1Zt2K5A9EfQhWGG7Kd) at epoch 1, sequence 515, previous digest Some(CheckpointDigest(4BRXTs3n6a6PzDcrjxiDuhmjTZzefAG44WtBGD2QQN6E)), transactions count 1, content digest CheckpointContentsDigest(ANzHhjGPar9ZYqGbMh2H8nztEDPHQPu7YkL5n87NkT1S), end_of_epoch_data None
[2m2025-03-25T07:56:20.076270Z[0m [32m INFO[0m [1mnode[0m[1m{[0m[3mname[0m[2m=[0mk#99f25ef6..[1m}[0m[2m:[0m [2msui_core::checkpoints::checkpoint_output[0m[2m:[0m [2mcrates/sui-core/src/checkpoints/checkpoint_output.rs[0m[2m:[0m[2m149:[0m Creating checkpoint CheckpointDigest(B2spzNgF6674g4mtfehB6pGjin1Zt2K5A9EfQhWGG7Kd) at epoch 1, sequence 515, previous digest Some(CheckpointDigest(4BRXTs3n6a6PzDcrjxiDuhmjTZzefAG44WtBGD2QQN6E)), transactions count 1, content digest CheckpointContentsDigest(ANzHhjGPar9ZYqGbMh2H8nztEDPHQPu7YkL5n87NkT1S), end_of_epoch_data None
[2m2025-03-25T07:56:20.093390Z[0m [32m INFO[0m [1mnode[0m[1m{[0m[3mname[0m[2m=[0mk#b3f3cbb4..[1m}[0m[2m:[0m [2msui_core::checkpoints::checkpoint_executor[0m[2m:[0m [2mcrates/sui-core/src/checkpoints/checkpoint_executor/mod.rs[0m[2m:[0m[2m332:[0m Received checkpoint summary from state sync [3msequence_number[0m[2m=[0m501
[2m2025-03-25T07:56:20.093796Z[0m [32m INFO[0m [1mnode[0m[1m{[0m[3mname[0m[2m=[0mk#b3f3cbb4..[1m}[0m[2m:[0m [2msui_core::state_accumulator[0m[2m:[0m [2mcrates/sui-core/src/state_accumulator.rs[0m[2m:[0m[2m675:[0m accumulating running root for checkpoint 499
[2m2025-03-25T07:56:20.139673Z[0m [32m INFO[0m [1mnode[0m[1m{[0m[3mname[0m[2m=[0mk#addeef94..[1m}[0m[2m:[0m [2msui_core::checkpoints::checkpoint_executor[0m[2m:[0m [2mcrates/sui-core/src/checkpoints/checkpoint_executor/mod.rs[0m[2m:[0m[2m332:[0m Received checkpoint summary from state sync [3msequence_number[0m[2m=[0m514
[2m2025-03-25T07:56:20.141075Z[0m [32m INFO[0m [1mnode[0m[1m{[0m[3mname[0m[2m=[0mk#addeef94..[1m}[0m[2m:[0m [2msui_core::state_accumulator[0m[2m:[0m [2mcrates/sui-core/src/state_accumulator.rs[0m[2m:[0m[2m675:[0m accumulating running root for checkpoint 514
[2m2025-03-25T07:56:20.146258Z[0m [32m INFO[0m [1mnode[0m[1m{[0m[3mname[0m[2m=[0mk#b3f3cbb4..[1m}[0m[2m:[0m [2msui_core::state_accumulator[0m[2m:[0m [2mcrates/sui-core/src/state_accumulator.rs[0m[2m:[0m[2m675:[0m accumulating running root for checkpoint 500
[2m2025-03-25T07:56:20.277210Z[0m [32m INFO[0m [1mnode[0m[1m{[0m[3mname[0m[2m=[0mk#addeef94..[1m}[0m[2m:[0m [2mconsensus_core::core[0m[2m:[0m [2mconsensus/core/src/core.rs[0m[2m:[0m[2m945:[0m Included 3 ancestors & excluded 0 ancestors for proposal in round 315
[2m2025-03-25T07:56:20.277600Z[0m [32m INFO[0m [1mnode[0m[1m{[0m[3mname[0m[2m=[0mk#addeef94..[1m}[0m[2m:[0m [2mconsensus_core::core[0m[2m:[0m [2mconsensus/core/src/core.rs[0m[2m:[0m[2m531:[0m Created block B315(C,Zdocd4K4Oe1te5qtjyfPu+oHfmO9L9+wSc5XYUsj7C0=)(1742889380277ms;[B314(C,Dh/bnCrO2/U4ympmyXdlL/LOxuLAkDeaVW9eA1nLyWE=), B314(A,8sJBwqddCi77YrGKH2pdWT30LonfHPx+Q7v8G8WepyU=), B314(B,o8KFeyOAkO2Ygb6x8AW3ZvqjqXNGjZ0ILwTfiCl9OHw=)];1t;1c) for round 315
[2m2025-03-25T07:56:20.280676Z[0m [32m INFO[0m [1mnode[0m[1m{[0m[3mname[0m[2m=[0mk#8dcff6d1..[1m}[0m[2m:[0m [2mconsensus_core::core[0m[2m:[0m [2mconsensus/core/src/core.rs[0m[2m:[0m[2m945:[0m Included 3 ancestors & excluded 0 ancestors for proposal in round 315
[2m2025-03-25T07:56:20.280968Z[0m [32m INFO[0m [1mnode[0m[1m{[0m[3mname[0m[2m=[0mk#8dcff6d1..[1m}[0m[2m:[0m [2mconsensus_core::core[0m[2m:[0m [2mconsensus/core/src/core.rs[0m[2m:[0m[2m531:[0m Created block B315(A,y4Gnq7rULDEMO7zatXSRWk0H7rleLi7T1oWZv+86RDU=)(1742889380280ms;[B314(A,8sJBwqddCi77YrGKH2pdWT30LonfHPx+Q7v8G8WepyU=), B314(B,o8KFeyOAkO2Ygb6x8AW3ZvqjqXNGjZ0ILwTfiCl9OHw=), B314(C,Dh/bnCrO2/U4ympmyXdlL/LOxuLAkDeaVW9eA1nLyWE=)];1t;1c) for round 315
[2m2025-03-25T07:56:20.281037Z[0m [32m INFO[0m [1mnode[0m[1m{[0m[3mname[0m[2m=[0mk#8dcff6d1..[1m}[0m[2m:[0m [2mconsensus_core::core[0m[2m:[0m [2mconsensus/core/src/core.rs[0m[2m:[0m[2m630:[0m Committing 1 leaders: B313(A,BMok)
[2m2025-03-25T07:56:20.281107Z[0m [32m INFO[0m [1mnode[0m[1m{[0m[3mname[0m[2m=[0mk#8dcff6d1..[1m}[0m[2m:[0m [2mconsensus_core::commit_observer[0m[2m:[0m [2mconsensus/core/src/commit_observer.rs[0m[2m:[0m[2m173:[0m Consensus commit C303(DuKC) with leader B313(A,BMok) has 3 blocks
[2m2025-03-25T07:56:20.281187Z[0m [32m INFO[0m [1mnode[0m[1m{[0m[3mname[0m[2m=[0mk#8dcff6d1..[1m}[0m[2m:[0m [2msui_core::consensus_handler[0m[2m:[0m [2mcrates/sui-core/src/consensus_handler.rs[0m[2m:[0m[2m232:[0m Received consensus output [3mconsensus_commit[0m[2m=[0mCommittedSubDag(leader=B313(A,BMok), ref=C303(DuKC), blocks=[Xsg9, BjfM, BMok]) [3mepoch[0m[2m=[0m1
[2m2025-03-25T07:56:20.281800Z[0m [32m INFO[0m [1mnode[0m[1m{[0m[3mname[0m[2m=[0mk#99f25ef6..[1m}[0m[2m:[0m [2mconsensus_core::core[0m[2m:[0m [2mconsensus/core/src/core.rs[0m[2m:[0m[2m945:[0m Included 3 ancestors & excluded 0 ancestors for proposal in round 315
[2m2025-03-25T07:56:20.282086Z[0m [32m INFO[0m [1mnode[0m[1m{[0m[3mname[0m[2m=[0mk#99f25ef6..[1m}[0m[2m:[0m [2mconsensus_core::core[0m[2m:[0m [2mconsensus/core/src/core.rs[0m[2m:[0m[2m531:[0m Created block B315(B,AEe+y6gXeb/JOL3fp+y6rPpNZy/pMBd9pBrBUmNfR8c=)(1742889380281ms;[B314(B,o8KFeyOAkO2Ygb6x8AW3ZvqjqXNGjZ0ILwTfiCl9OHw=), B314(A,8sJBwqddCi77YrGKH2pdWT30LonfHPx+Q7v8G8WepyU=), B314(C,Dh/bnCrO2/U4ympmyXdlL/LOxuLAkDeaVW9eA1nLyWE=)];1t;1c) for round 315
[2m2025-03-25T07:56:20.282151Z[0m [32m INFO[0m [1mnode[0m[1m{[0m[3mname[0m[2m=[0mk#99f25ef6..[1m}[0m[2m:[0m [2mconsensus_core::core[0m[2m:[0m [2mconsensus/core/src/core.rs[0m[2m:[0m[2m630:[0m Committing 1 leaders: B313(A,BMok)
[2m2025-03-25T07:56:20.282216Z[0m [32m INFO[0m [1mnode[0m[1m{[0m[3mname[0m[2m=[0mk#99f25ef6..[1m}[0m[2m:[0m [2mconsensus_core::commit_observer[0m[2m:[0m [2mconsensus/core/src/commit_observer.rs[0m[2m:[0m[2m173:[0m Consensus commit C303(DuKC) with leader B313(A,BMok) has 3 blocks
[2m2025-03-25T07:56:20.282291Z[0m [32m INFO[0m [1mnode[0m[1m{[0m[3mname[0m[2m=[0mk#99f25ef6..[1m}[0m[2m:[0m [2msui_core::consensus_handler[0m[2m:[0m [2mcrates/sui-core/src/consensus_handler.rs[0m[2m:[0m[2m232:[0m Received consensus output [3mconsensus_commit[0m[2m=[0mCommittedSubDag(leader=B313(A,BMok), ref=C303(DuKC), blocks=[Xsg9, BjfM, BMok]) [3mepoch[0m[2m=[0m1
[2m2025-03-25T07:56:20.283514Z[0m [32m INFO[0m [1mnode[0m[1m{[0m[3mname[0m[2m=[0mk#addeef94..[1m}[0m[2m:[0m [2mconsensus_core::core[0m[2m:[0m [2mconsensus/core/src/core.rs[0m[2m:[0m[2m630:[0m Committing 1 leaders: B313(A,BMok)
[2m2025-03-25T07:56:20.283607Z[0m [32m INFO[0m [1mnode[0m[1m{[0m[3mname[0m[2m=[0mk#addeef94..[1m}[0m[2m:[0m [2mconsensus_core::commit_observer[0m[2m:[0m [2mconsensus/core/src/commit_observer.rs[0m[2m:[0m[2m173:[0m Consensus commit C303(DuKC) with leader B313(A,BMok) has 3 blocks
[2m2025-03-25T07:56:20.283675Z[0m [32m INFO[0m [1mnode[0m[1m{[0m[3mname[0m[2m=[0mk#addeef94..[1m}[0m[2m:[0m [2msui_core::consensus_handler[0m[2m:[0m [2mcrates/sui-core/src/consensus_handler.rs[0m[2m:[0m[2m232:[0m Received consensus output [3mconsensus_commit[0m[2m=[0mCommittedSubDag(leader=B313(A,BMok), ref=C303(DuKC), blocks=[Xsg9, BjfM, BMok]) [3mepoch[0m[2m=[0m1
[2m2025-03-25T07:56:20.308014Z[0m [32m INFO[0m [1mnode[0m[1m{[0m[3mname[0m[2m=[0mk#8dcff6d1..[1m}[0m[2m:[0m [2msui_core::checkpoints[0m[2m:[0m [2mcrates/sui-core/src/checkpoints/mod.rs[0m[2m:[0m[2m1326:[0m Creating checkpoint(s) for 2 transactions [3mnext_checkpoint_seq[0m[2m=[0m516 [3mcheckpoint_timestamp[0m[2m=[0m1742889379771
[2m2025-03-25T07:56:20.308347Z[0m [32m INFO[0m [1mnode[0m[1m{[0m[3mname[0m[2m=[0mk#99f25ef6..[1m}[0m[2m:[0m [2msui_core::checkpoints[0m[2m:[0m [2mcrates/sui-core/src/checkpoints/mod.rs[0m[2m:[0m[2m1326:[0m Creating checkpoint(s) for 2 transactions [3mnext_checkpoint_seq[0m[2m=[0m516 [3mcheckpoint_timestamp[0m[2m=[0m1742889379771
[2m2025-03-25T07:56:20.308330Z[0m [32m INFO[0m [1mnode[0m[1m{[0m[3mname[0m[2m=[0mk#8dcff6d1..[1m}[0m[2m:[0m [2msui_core::checkpoints::checkpoint_output[0m[2m:[0m [2mcrates/sui-core/src/checkpoints/checkpoint_output.rs[0m[2m:[0m[2m149:[0m Creating checkpoint CheckpointDigest(5VKxdCsRfPGHx83f4PrKqFkAqga22uoZsTvaCbWiWcDS) at epoch 1, sequence 516, previous digest Some(CheckpointDigest(B2spzNgF6674g4mtfehB6pGjin1Zt2K5A9EfQhWGG7Kd)), transactions count 2, content digest CheckpointContentsDigest(7hHMYoKZHW9AL94KufbLG76y8YbFbUm4kd99xpBnMXuA), end_of_epoch_data None
[2m2025-03-25T07:56:20.308593Z[0m [32m INFO[0m [1mnode[0m[1m{[0m[3mname[0m[2m=[0mk#99f25ef6..[1m}[0m[2m:[0m [2msui_core::checkpoints::checkpoint_output[0m[2m:[0m [2mcrates/sui-core/src/checkpoints/checkpoint_output.rs[0m[2m:[0m[2m149:[0m Creating checkpoint CheckpointDigest(5VKxdCsRfPGHx83f4PrKqFkAqga22uoZsTvaCbWiWcDS) at epoch 1, sequence 516, previous digest Some(CheckpointDigest(B2spzNgF6674g4mtfehB6pGjin1Zt2K5A9EfQhWGG7Kd)), transactions count 2, content digest CheckpointContentsDigest(7hHMYoKZHW9AL94KufbLG76y8YbFbUm4kd99xpBnMXuA), end_of_epoch_data None
[2m2025-03-25T07:56:20.309710Z[0m [32m INFO[0m [1mnode[0m[1m{[0m[3mname[0m[2m=[0mk#addeef94..[1m}[0m[2m:[0m [2msui_core::checkpoints[0m[2m:[0m [2mcrates/sui-core/src/checkpoints/mod.rs[0m[2m:[0m[2m1326:[0m Creating checkpoint(s) for 2 transactions [3mnext_checkpoint_seq[0m[2m=[0m516 [3mcheckpoint_timestamp[0m[2m=[0m1742889379771
[2m2025-03-25T07:56:20.309962Z[0m [32m INFO[0m [1mnode[0m[1m{[0m[3mname[0m[2m=[0mk#addeef94..[1m}[0m[2m:[0m [2msui_core::checkpoints::checkpoint_output[0m[2m:[0m [2mcrates/sui-core/src/checkpoints/checkpoint_output.rs[0m[2m:[0m[2m149:[0m Creating checkpoint CheckpointDigest(5VKxdCsRfPGHx83f4PrKqFkAqga22uoZsTvaCbWiWcDS) at epoch 1, sequence 516, previous digest Some(CheckpointDigest(B2spzNgF6674g4mtfehB6pGjin1Zt2K5A9EfQhWGG7Kd)), transactions count 2, content digest CheckpointContentsDigest(7hHMYoKZHW9AL94KufbLG76y8YbFbUm4kd99xpBnMXuA), end_of_epoch_data None
[2m2025-03-25T07:56:20.311495Z[0m [32m INFO[0m [1mnode[0m[1m{[0m[3mname[0m[2m=[0mk#99f25ef6..[1m}[0m[2m:[0m [2msui_core::checkpoints::checkpoint_output[0m[2m:[0m [2mcrates/sui-core/src/checkpoints/checkpoint_output.rs[0m[2m:[0m[2m196:[0m Certified checkpoint with sequence 515 and digest B2spzNgF6674g4mtfehB6pGjin1Zt2K5A9EfQhWGG7Kd
[2m2025-03-25T07:56:20.311533Z[0m [32m INFO[0m [1mnode[0m[1m{[0m[3mname[0m[2m=[0mk#8dcff6d1..[1m}[0m[2m:[0m [2msui_core::checkpoints::checkpoint_output[0m[2m:[0m [2mcrates/sui-core/src/checkpoints/checkpoint_output.rs[0m[2m:[0m[2m196:[0m Certified checkpoint with sequence 515 and digest B2spzNgF6674g4mtfehB6pGjin1Zt2K5A9EfQhWGG7Kd
[2m2025-03-25T07:56:20.311896Z[0m [32m INFO[0m [1mnode[0m[1m{[0m[3mname[0m[2m=[0mk#99f25ef6..[1m}[0m[2m:[0m [2msui_core::checkpoints::checkpoint_executor[0m[2m:[0m [2mcrates/sui-core/src/checkpoints/checkpoint_executor/mod.rs[0m[2m:[0m[2m332:[0m Received checkpoint summary from state sync [3msequence_number[0m[2m=[0m515
[2m2025-03-25T07:56:20.311896Z[0m [32m INFO[0m [1mnode[0m[1m{[0m[3mname[0m[2m=[0mk#8dcff6d1..[1m}[0m[2m:[0m [2msui_core::checkpoints::checkpoint_executor[0m[2m:[0m [2mcrates/sui-core/src/checkpoints/checkpoint_executor/mod.rs[0m[2m:[0m[2m332:[0m Received checkpoint summary from state sync [3msequence_number[0m[2m=[0m515
[2m2025-03-25T07:56:20.313077Z[0m [32m INFO[0m [1mnode[0m[1m{[0m[3mname[0m[2m=[0mk#99f25ef6..[1m}[0m[2m:[0m [2msui_core::state_accumulator[0m[2m:[0m [2mcrates/sui-core/src/state_accumulator.rs[0m[2m:[0m[2m675:[0m accumulating running root for checkpoint 515
[2m2025-03-25T07:56:20.313080Z[0m [32m INFO[0m [1mnode[0m[1m{[0m[3mname[0m[2m=[0mk#8dcff6d1..[1m}[0m[2m:[0m [2msui_core::state_accumulator[0m[2m:[0m [2mcrates/sui-core/src/state_accumulator.rs[0m[2m:[0m[2m675:[0m accumulating running root for checkpoint 515
[2m2025-03-25T07:56:20.315253Z[0m [32m INFO[0m [1mnode[0m[1m{[0m[3mname[0m[2m=[0mk#addeef94..[1m}[0m[2m:[0m [2msui_core::checkpoints::checkpoint_executor[0m[2m:[0m [2mcrates/sui-core/src/checkpoints/checkpoint_executor/mod.rs[0m[2m:[0m[2m332:[0m Received checkpoint summary from state sync [3msequence_number[0m[2m=[0m515
[2m2025-03-25T07:56:20.315996Z[0m [32m INFO[0m [1mnode[0m[1m{[0m[3mname[0m[2m=[0mk#addeef94..[1m}[0m[2m:[0m [2msui_core::state_accumulator[0m[2m:[0m [2mcrates/sui-core/src/state_accumulator.rs[0m[2m:[0m[2m675:[0m accumulating running root for checkpoint 515
[2m2025-03-25T07:56:20.533448Z[0m [32m INFO[0m [1mnode[0m[1m{[0m[3mname[0m[2m=[0mk#8dcff6d1..[1m}[0m[2m:[0m [2mconsensus_core::core[0m[2m:[0m [2mconsensus/core/src/core.rs[0m[2m:[0m[2m945:[0m Included 3 ancestors & excluded 0 ancestors for proposal in round 316
[2m2025-03-25T07:56:20.533842Z[0m [32m INFO[0m [1mnode[0m[1m{[0m[3mname[0m[2m=[0mk#8dcff6d1..[1m}[0m[2m:[0m [2mconsensus_core::core[0m[2m:[0m [2mconsensus/core/src/core.rs[0m[2m:[0m[2m531:[0m Created block B316(A,TcXWp9A61+9RuEEgLzk74NbBcL5nlN4gNQ05PQw6944=)(1742889380533ms;[B315(A,y4Gnq7rULDEMO7zatXSRWk0H7rleLi7T1oWZv+86RDU=), B315(B,AEe+y6gXeb/JOL3fp+y6rPpNZy/pMBd9pBrBUmNfR8c=), B315(C,Zdocd4K4Oe1te5qtjyfPu+oHfmO9L9+wSc5XYUsj7C0=)];1t;1c) for round 316
[2m2025-03-25T07:56:20.535490Z[0m [32m INFO[0m [1mnode[0m[1m{[0m[3mname[0m[2m=[0mk#99f25ef6..[1m}[0m[2m:[0m [2mconsensus_core::core[0m[2m:[0m [2mconsensus/core/src/core.rs[0m[2m:[0m[2m945:[0m Included 3 ancestors & excluded 0 ancestors for proposal in round 316
[2m2025-03-25T07:56:20.535781Z[0m [32m INFO[0m [1mnode[0m[1m{[0m[3mname[0m[2m=[0mk#99f25ef6..[1m}[0m[2m:[0m [2mconsensus_core::core[0m[2m:[0m [2mconsensus/core/src/core.rs[0m[2m:[0m[2m531:[0m Created block B316(B,u6q9vGhNJaKzYAr8GhyX94FUcHOaB/zHfRAclZ95p3A=)(1742889380535ms;[B315(B,AEe+y6gXeb/JOL3fp+y6rPpNZy/pMBd9pBrBUmNfR8c=), B315(A,y4Gnq7rULDEMO7zatXSRWk0H7rleLi7T1oWZv+86RDU=), B315(C,Zdocd4K4Oe1te5qtjyfPu+oHfmO9L9+wSc5XYUsj7C0=)];1t;1c) for round 316
[2m2025-03-25T07:56:20.535831Z[0m [32m INFO[0m [1mnode[0m[1m{[0m[3mname[0m[2m=[0mk#addeef94..[1m}[0m[2m:[0m [2mconsensus_core::core[0m[2m:[0m [2mconsensus/core/src/core.rs[0m[2m:[0m[2m945:[0m Included 3 ancestors & excluded 0 ancestors for proposal in round 316
[2m2025-03-25T07:56:20.536135Z[0m [32m INFO[0m [1mnode[0m[1m{[0m[3mname[0m[2m=[0mk#addeef94..[1m}[0m[2m:[0m [2mconsensus_core::core[0m[2m:[0m [2mconsensus/core/src/core.rs[0m[2m:[0m[2m531:[0m Created block B316(C,k+KEpqOEg17148TWWisDoBeeuSwI7RtZoF1KOEGCaok=)(1742889380535ms;[B315(C,Zdocd4K4Oe1te5qtjyfPu+oHfmO9L9+wSc5XYUsj7C0=), B315(A,y4Gnq7rULDEMO7zatXSRWk0H7rleLi7T1oWZv+86RDU=), B315(B,AEe+y6gXeb/JOL3fp+y6rPpNZy/pMBd9pBrBUmNfR8c=)];1t;1c) for round 316
[2m2025-03-25T07:56:20.536208Z[0m [32m INFO[0m [1mnode[0m[1m{[0m[3mname[0m[2m=[0mk#addeef94..[1m}[0m[2m:[0m [2mconsensus_core::core[0m[2m:[0m [2mconsensus/core/src/core.rs[0m[2m:[0m[2m630:[0m Committing 1 leaders: B314(C,Dh/b)
[2m2025-03-25T07:56:20.536279Z[0m [32m INFO[0m [1mnode[0m[1m{[0m[3mname[0m[2m=[0mk#addeef94..[1m}[0m[2m:[0m [2mconsensus_core::commit_observer[0m[2m:[0m [2mconsensus/core/src/commit_observer.rs[0m[2m:[0m[2m173:[0m Consensus commit C304(tTJN) with leader B314(C,Dh/b) has 3 blocks
[2m2025-03-25T07:56:20.536361Z[0m [32m INFO[0m [1mnode[0m[1m{[0m[3mname[0m[2m=[0mk#addeef94..[1m}[0m[2m:[0m [2msui_core::consensus_handler[0m[2m:[0m [2mcrates/sui-core/src/consensus_handler.rs[0m[2m:[0m[2m232:[0m Received consensus output [3mconsensus_commit[0m[2m=[0mCommittedSubDag(leader=B314(C,Dh/b), ref=C304(tTJN), blocks=[Arst, 7SK7, Dh/b]) [3mepoch[0m[2m=[0m1
[2m2025-03-25T07:56:20.539456Z[0m [32m INFO[0m [1mnode[0m[1m{[0m[3mname[0m[2m=[0mk#99f25ef6..[1m}[0m[2m:[0m [2msui_core::checkpoints::checkpoint_output[0m[2m:[0m [2mcrates/sui-core/src/checkpoints/checkpoint_output.rs[0m[2m:[0m[2m196:[0m Certified checkpoint with sequence 516 and digest 5VKxdCsRfPGHx83f4PrKqFkAqga22uoZsTvaCbWiWcDS
[2m2025-03-25T07:56:20.539560Z[0m [32m INFO[0m [1mnode[0m[1m{[0m[3mname[0m[2m=[0mk#99f25ef6..[1m}[0m[2m:[0m [2mconsensus_core::core[0m[2m:[0m [2mconsensus/core/src/core.rs[0m[2m:[0m[2m630:[0m Committing 1 leaders: B314(C,Dh/b)
[2m2025-03-25T07:56:20.539664Z[0m [32m INFO[0m [1mnode[0m[1m{[0m[3mname[0m[2m=[0mk#99f25ef6..[1m}[0m[2m:[0m [2mconsensus_core::commit_observer[0m[2m:[0m [2mconsensus/core/src/commit_observer.rs[0m[2m:[0m[2m173:[0m Consensus commit C304(tTJN) with leader B314(C,Dh/b) has 3 blocks
[2m2025-03-25T07:56:20.539767Z[0m [32m INFO[0m [1mnode[0m[1m{[0m[3mname[0m[2m=[0mk#8dcff6d1..[1m}[0m[2m:[0m [2msui_core::checkpoints::checkpoint_output[0m[2m:[0m [2mcrates/sui-core/src/checkpoints/checkpoint_output.rs[0m[2m:[0m[2m196:[0m Certified checkpoint with sequence 516 and digest 5VKxdCsRfPGHx83f4PrKqFkAqga22uoZsTvaCbWiWcDS
[2m2025-03-25T07:56:20.539863Z[0m [32m INFO[0m [1mnode[0m[1m{[0m[3mname[0m[2m=[0mk#8dcff6d1..[1m}[0m[2m:[0m [2mconsensus_core::core[0m[2m:[0m [2mconsensus/core/src/core.rs[0m[2m:[0m[2m630:[0m Committing 1 leaders: B314(C,Dh/b)
[2m2025-03-25T07:56:20.539963Z[0m [32m INFO[0m [1mnode[0m[1m{[0m[3mname[0m[2m=[0mk#8dcff6d1..[1m}[0m[2m:[0m [2mconsensus_core::commit_observer[0m[2m:[0m [2mconsensus/core/src/commit_observer.rs[0m[2m:[0m[2m173:[0m Consensus commit C304(tTJN) with leader B314(C,Dh/b) has 3 blocks
[2m2025-03-25T07:56:20.540111Z[0m [32m INFO[0m [1mnode[0m[1m{[0m[3mname[0m[2m=[0mk#99f25ef6..[1m}[0m[2m:[0m [2msui_core::consensus_handler[0m[2m:[0m [2mcrates/sui-core/src/consensus_handler.rs[0m[2m:[0m[2m232:[0m Received consensus output [3mconsensus_commit[0m[2m=[0mCommittedSubDag(leader=B314(C,Dh/b), ref=C304(tTJN), blocks=[Arst, 7SK7, Dh/b]) [3mepoch[0m[2m=[0m1
[2m2025-03-25T07:56:20.540340Z[0m [32m INFO[0m [1mnode[0m[1m{[0m[3mname[0m[2m=[0mk#8dcff6d1..[1m}[0m[2m:[0m [2msui_core::consensus_handler[0m[2m:[0m [2mcrates/sui-core/src/consensus_handler.rs[0m[2m:[0m[2m232:[0m Received consensus output [3mconsensus_commit[0m[2m=[0mCommittedSubDag(leader=B314(C,Dh/b), ref=C304(tTJN), blocks=[Arst, 7SK7, Dh/b]) [3mepoch[0m[2m=[0m1
[2m2025-03-25T07:56:20.540728Z[0m [32m INFO[0m [1mnode[0m[1m{[0m[3mname[0m[2m=[0mk#99f25ef6..[1m}[0m[2m:[0m [2msui_core::checkpoints::checkpoint_executor[0m[2m:[0m [2mcrates/sui-core/src/checkpoints/checkpoint_executor/mod.rs[0m[2m:[0m[2m332:[0m Received checkpoint summary from state sync [3msequence_number[0m[2m=[0m516
[2m2025-03-25T07:56:20.540905Z[0m [32m INFO[0m [1mnode[0m[1m{[0m[3mname[0m[2m=[0mk#8dcff6d1..[1m}[0m[2m:[0m [2msui_core::checkpoints::checkpoint_executor[0m[2m:[0m [2mcrates/sui-core/src/checkpoints/checkpoint_executor/mod.rs[0m[2m:[0m[2m332:[0m Received checkpoint summary from state sync [3msequence_number[0m[2m=[0m516
[2m2025-03-25T07:56:20.554353Z[0m [32m INFO[0m [1mnode[0m[1m{[0m[3mname[0m[2m=[0mk#99f25ef6..[1m}[0m[2m:[0m [2msui_core::state_accumulator[0m[2m:[0m [2mcrates/sui-core/src/state_accumulator.rs[0m[2m:[0m[2m675:[0m accumulating running root for checkpoint 516
[2m2025-03-25T07:56:20.554354Z[0m [32m INFO[0m [1mnode[0m[1m{[0m[3mname[0m[2m=[0mk#8dcff6d1..[1m}[0m[2m:[0m [2msui_core::state_accumulator[0m[2m:[0m [2mcrates/sui-core/src/state_accumulator.rs[0m[2m:[0m[2m675:[0m accumulating running root for checkpoint 516
[2m2025-03-25T07:56:20.580787Z[0m [32m INFO[0m [1mnode[0m[1m{[0m[3mname[0m[2m=[0mk#addeef94..[1m}[0m[2m:[0m [2msui_core::checkpoints[0m[2m:[0m [2mcrates/sui-core/src/checkpoints/mod.rs[0m[2m:[0m[2m1326:[0m Creating checkpoint(s) for 1 transactions [3mnext_checkpoint_seq[0m[2m=[0m517 [3mcheckpoint_timestamp[0m[2m=[0m1742889380025
[2m2025-03-25T07:56:20.581020Z[0m [32m INFO[0m [1mnode[0m[1m{[0m[3mname[0m[2m=[0mk#addeef94..[1m}[0m[2m:[0m [2msui_core::checkpoints::checkpoint_output[0m[2m:[0m [2mcrates/sui-core/src/checkpoints/checkpoint_output.rs[0m[2m:[0m[2m149:[0m Creating checkpoint CheckpointDigest(9nLHZG11Bg3u98D48Q1cvjJh4ZpFKz8Rx6qai3bHmTDy) at epoch 1, sequence 517, previous digest Some(CheckpointDigest(5VKxdCsRfPGHx83f4PrKqFkAqga22uoZsTvaCbWiWcDS)), transactions count 1, content digest CheckpointContentsDigest(DxCasYjTT2RqrBwwbd1osAqUXpVFpvH8wB83bP3VRM4U), end_of_epoch_data None
[2m2025-03-25T07:56:20.586048Z[0m [32m INFO[0m [1mnode[0m[1m{[0m[3mname[0m[2m=[0mk#8dcff6d1..[1m}[0m[2m:[0m [2msui_core::checkpoints[0m[2m:[0m [2mcrates/sui-core/src/checkpoints/mod.rs[0m[2m:[0m[2m1326:[0m Creating checkpoint(s) for 1 transactions [3mnext_checkpoint_seq[0m[2m=[0m517 [3mcheckpoint_timestamp[0m[2m=[0m1742889380025
[2m2025-03-25T07:56:20.586240Z[0m [32m INFO[0m [1mnode[0m[1m{[0m[3mname[0m[2m=[0mk#8dcff6d1..[1m}[0m[2m:[0m [2msui_core::checkpoints::checkpoint_output[0m[2m:[0m [2mcrates/sui-core/src/checkpoints/checkpoint_output.rs[0m[2m:[0m[2m149:[0m Creating checkpoint CheckpointDigest(9nLHZG11Bg3u98D48Q1cvjJh4ZpFKz8Rx6qai3bHmTDy) at epoch 1, sequence 517, previous digest Some(CheckpointDigest(5VKxdCsRfPGHx83f4PrKqFkAqga22uoZsTvaCbWiWcDS)), transactions count 1, content digest CheckpointContentsDigest(DxCasYjTT2RqrBwwbd1osAqUXpVFpvH8wB83bP3VRM4U), end_of_epoch_data None
[2m2025-03-25T07:56:20.586281Z[0m [32m INFO[0m [1mnode[0m[1m{[0m[3mname[0m[2m=[0mk#99f25ef6..[1m}[0m[2m:[0m [2msui_core::checkpoints[0m[2m:[0m [2mcrates/sui-core/src/checkpoints/mod.rs[0m[2m:[0m[2m1326:[0m Creating checkpoint(s) for 1 transactions [3mnext_checkpoint_seq[0m[2m=[0m517 [3mcheckpoint_timestamp[0m[2m=[0m1742889380025
[2m2025-03-25T07:56:20.586447Z[0m [32m INFO[0m [1mnode[0m[1m{[0m[3mname[0m[2m=[0mk#99f25ef6..[1m}[0m[2m:[0m [2msui_core::checkpoints::checkpoint_output[0m[2m:[0m [2mcrates/sui-core/src/checkpoints/checkpoint_output.rs[0m[2m:[0m[2m149:[0m Creating checkpoint CheckpointDigest(9nLHZG11Bg3u98D48Q1cvjJh4ZpFKz8Rx6qai3bHmTDy) at epoch 1, sequence 517, previous digest Some(CheckpointDigest(5VKxdCsRfPGHx83f4PrKqFkAqga22uoZsTvaCbWiWcDS)), transactions count 1, content digest CheckpointContentsDigest(DxCasYjTT2RqrBwwbd1osAqUXpVFpvH8wB83bP3VRM4U), end_of_epoch_data None
[2m2025-03-25T07:56:20.649235Z[0m [32m INFO[0m [1mnode[0m[1m{[0m[3mname[0m[2m=[0mk#addeef94..[1m}[0m[2m:[0m [2msui_core::checkpoints::checkpoint_executor[0m[2m:[0m [2mcrates/sui-core/src/checkpoints/checkpoint_executor/mod.rs[0m[2m:[0m[2m332:[0m Received checkpoint summary from state sync [3msequence_number[0m[2m=[0m516
[2m2025-03-25T07:56:20.650722Z[0m [32m INFO[0m [1mnode[0m[1m{[0m[3mname[0m[2m=[0mk#addeef94..[1m}[0m[2m:[0m [2msui_core::state_accumulator[0m[2m:[0m [2mcrates/sui-core/src/state_accumulator.rs[0m[2m:[0m[2m675:[0m accumulating running root for checkpoint 516
[2m2025-03-25T07:56:20.788979Z[0m [32m INFO[0m [1mnode[0m[1m{[0m[3mname[0m[2m=[0mk#addeef94..[1m}[0m[2m:[0m [2mconsensus_core::core[0m[2m:[0m [2mconsensus/core/src/core.rs[0m[2m:[0m[2m945:[0m Included 3 ancestors & excluded 0 ancestors for proposal in round 317
[2m2025-03-25T07:56:20.789378Z[0m [32m INFO[0m [1mnode[0m[1m{[0m[3mname[0m[2m=[0mk#addeef94..[1m}[0m[2m:[0m [2mconsensus_core::core[0m[2m:[0m [2mconsensus/core/src/core.rs[0m[2m:[0m[2m531:[0m Created block B317(C,Xwg44CNRLV5CLzDxzLByeGsdmnWIoZMVwlAznQOwT3Y=)(1742889380789ms;[B316(C,k+KEpqOEg17148TWWisDoBeeuSwI7RtZoF1KOEGCaok=), B316(A,TcXWp9A61+9RuEEgLzk74NbBcL5nlN4gNQ05PQw6944=), B316(B,u6q9vGhNJaKzYAr8GhyX94FUcHOaB/zHfRAclZ95p3A=)];1t;1c) for round 317
[2m2025-03-25T07:56:20.791354Z[0m [32m INFO[0m [1mnode[0m[1m{[0m[3mname[0m[2m=[0mk#99f25ef6..[1m}[0m[2m:[0m [2mconsensus_core::core[0m[2m:[0m [2mconsensus/core/src/core.rs[0m[2m:[0m[2m945:[0m Included 3 ancestors & excluded 0 ancestors for proposal in round 317
[2m2025-03-25T07:56:20.791354Z[0m [32m INFO[0m [1mnode[0m[1m{[0m[3mname[0m[2m=[0mk#8dcff6d1..[1m}[0m[2m:[0m [2mconsensus_core::core[0m[2m:[0m [2mconsensus/core/src/core.rs[0m[2m:[0m[2m945:[0m Included 3 ancestors & excluded 0 ancestors for proposal in round 317
[2m2025-03-25T07:56:20.791646Z[0m [32m INFO[0m [1mnode[0m[1m{[0m[3mname[0m[2m=[0mk#99f25ef6..[1m}[0m[2m:[0m [2mconsensus_core::core[0m[2m:[0m [2mconsensus/core/src/core.rs[0m[2m:[0m[2m531:[0m Created block B317(B,k8O8M1Y1MWFXmHqFmYp+nzX738oNrMs+0ht+hcuyTZc=)(1742889380791ms;[B316(B,u6q9vGhNJaKzYAr8GhyX94FUcHOaB/zHfRAclZ95p3A=), B316(A,TcXWp9A61+9RuEEgLzk74NbBcL5nlN4gNQ05PQw6944=), B316(C,k+KEpqOEg17148TWWisDoBeeuSwI7RtZoF1KOEGCaok=)];1t;1c) for round 317
[2m2025-03-25T07:56:20.791651Z[0m [32m INFO[0m [1mnode[0m[1m{[0m[3mname[0m[2m=[0mk#8dcff6d1..[1m}[0m[2m:[0m [2mconsensus_core::core[0m[2m:[0m [2mconsensus/core/src/core.rs[0m[2m:[0m[2m531:[0m Created block B317(A,q/gJpUu/BWxCEA+goRikyPUO/35YGzYHX7rkd0m6ov0=)(1742889380791ms;[B316(A,TcXWp9A61+9RuEEgLzk74NbBcL5nlN4gNQ05PQw6944=), B316(B,u6q9vGhNJaKzYAr8GhyX94FUcHOaB/zHfRAclZ95p3A=), B316(C,k+KEpqOEg17148TWWisDoBeeuSwI7RtZoF1KOEGCaok=)];1t;1c) for round 317
[2m2025-03-25T07:56:20.791721Z[0m [32m INFO[0m [1mnode[0m[1m{[0m[3mname[0m[2m=[0mk#99f25ef6..[1m}[0m[2m:[0m [2mconsensus_core::core[0m[2m:[0m [2mconsensus/core/src/core.rs[0m[2m:[0m[2m630:[0m Committing 1 leaders: B315(B,AEe+)
[2m2025-03-25T07:56:20.791721Z[0m [32m INFO[0m [1mnode[0m[1m{[0m[3mname[0m[2m=[0mk#8dcff6d1..[1m}[0m[2m:[0m [2mconsensus_core::core[0m[2m:[0m [2mconsensus/core/src/core.rs[0m[2m:[0m[2m630:[0m Committing 1 leaders: B315(B,AEe+)
[2m2025-03-25T07:56:20.791792Z[0m [32m INFO[0m [1mnode[0m[1m{[0m[3mname[0m[2m=[0mk#99f25ef6..[1m}[0m[2m:[0m [2mconsensus_core::commit_observer[0m[2m:[0m [2mconsensus/core/src/commit_observer.rs[0m[2m:[0m[2m173:[0m Consensus commit C305(uEA0) with leader B315(B,AEe+) has 3 blocks
[2m2025-03-25T07:56:20.791793Z[0m [32m INFO[0m [1mnode[0m[1m{[0m[3mname[0m[2m=[0mk#8dcff6d1..[1m}[0m[2m:[0m [2mconsensus_core::commit_observer[0m[2m:[0m [2mconsensus/core/src/commit_observer.rs[0m[2m:[0m[2m173:[0m Consensus commit C305(uEA0) with leader B315(B,AEe+) has 3 blocks
[2m2025-03-25T07:56:20.791876Z[0m [32m INFO[0m [1mnode[0m[1m{[0m[3mname[0m[2m=[0mk#99f25ef6..[1m}[0m[2m:[0m [2msui_core::consensus_handler[0m[2m:[0m [2mcrates/sui-core/src/consensus_handler.rs[0m[2m:[0m[2m232:[0m Received consensus output [3mconsensus_commit[0m[2m=[0mCommittedSubDag(leader=B315(B,AEe+), ref=C305(uEA0), blocks=[8sJB, o8KF, AEe+]) [3mepoch[0m[2m=[0m1
[2m2025-03-25T07:56:20.791876Z[0m [32m INFO[0m [1mnode[0m[1m{[0m[3mname[0m[2m=[0mk#8dcff6d1..[1m}[0m[2m:[0m [2msui_core::consensus_handler[0m[2m:[0m [2mcrates/sui-core/src/consensus_handler.rs[0m[2m:[0m[2m232:[0m Received consensus output [3mconsensus_commit[0m[2m=[0mCommittedSubDag(leader=B315(B,AEe+), ref=C305(uEA0), blocks=[8sJB, o8KF, AEe+]) [3mepoch[0m[2m=[0m1
[2m2025-03-25T07:56:20.795656Z[0m [32m INFO[0m [1mnode[0m[1m{[0m[3mname[0m[2m=[0mk#addeef94..[1m}[0m[2m:[0m [2mconsensus_core::core[0m[2m:[0m [2mconsensus/core/src/core.rs[0m[2m:[0m[2m630:[0m Committing 1 leaders: B315(B,AEe+)
[2m2025-03-25T07:56:20.795767Z[0m [32m INFO[0m [1mnode[0m[1m{[0m[3mname[0m[2m=[0mk#addeef94..[1m}[0m[2m:[0m [2mconsensus_core::commit_observer[0m[2m:[0m [2mconsensus/core/src/commit_observer.rs[0m[2m:[0m[2m173:[0m Consensus commit C305(uEA0) with leader B315(B,AEe+) has 3 blocks
[2m2025-03-25T07:56:20.795902Z[0m [32m INFO[0m [1mnode[0m[1m{[0m[3mname[0m[2m=[0mk#addeef94..[1m}[0m[2m:[0m [2msui_core::consensus_handler[0m[2m:[0m [2mcrates/sui-core/src/consensus_handler.rs[0m[2m:[0m[2m232:[0m Received consensus output [3mconsensus_commit[0m[2m=[0mCommittedSubDag(leader=B315(B,AEe+), ref=C305(uEA0), blocks=[8sJB, o8KF, AEe+]) [3mepoch[0m[2m=[0m1
[2m2025-03-25T07:56:20.818675Z[0m [32m INFO[0m [1mnode[0m[1m{[0m[3mname[0m[2m=[0mk#99f25ef6..[1m}[0m[2m:[0m [2msui_core::checkpoints[0m[2m:[0m [2mcrates/sui-core/src/checkpoints/mod.rs[0m[2m:[0m[2m1326:[0m Creating checkpoint(s) for 2 transactions [3mnext_checkpoint_seq[0m[2m=[0m518 [3mcheckpoint_timestamp[0m[2m=[0m1742889380281
[2m2025-03-25T07:56:20.818676Z[0m [32m INFO[0m [1mnode[0m[1m{[0m[3mname[0m[2m=[0mk#8dcff6d1..[1m}[0m[2m:[0m [2msui_core::checkpoints[0m[2m:[0m [2mcrates/sui-core/src/checkpoints/mod.rs[0m[2m:[0m[2m1326:[0m Creating checkpoint(s) for 2 transactions [3mnext_checkpoint_seq[0m[2m=[0m518 [3mcheckpoint_timestamp[0m[2m=[0m1742889380281
[2m2025-03-25T07:56:20.818995Z[0m [32m INFO[0m [1mnode[0m[1m{[0m[3mname[0m[2m=[0mk#8dcff6d1..[1m}[0m[2m:[0m [2msui_core::checkpoints::checkpoint_output[0m[2m:[0m [2mcrates/sui-core/src/checkpoints/checkpoint_output.rs[0m[2m:[0m[2m149:[0m Creating checkpoint CheckpointDigest(EwbvANXs1Q38MreJkZskYDAh5gDVQ84cy444w8VNnQ7p) at epoch 1, sequence 518, previous digest Some(CheckpointDigest(9nLHZG11Bg3u98D48Q1cvjJh4ZpFKz8Rx6qai3bHmTDy)), transactions count 2, content digest CheckpointContentsDigest(Db2jFw79CzCUVc8tdaQq1z6sKbZoUFDxgzSSTKj1NsXw), end_of_epoch_data None
[2m2025-03-25T07:56:20.818995Z[0m [32m INFO[0m [1mnode[0m[1m{[0m[3mname[0m[2m=[0mk#99f25ef6..[1m}[0m[2m:[0m [2msui_core::checkpoints::checkpoint_output[0m[2m:[0m [2mcrates/sui-core/src/checkpoints/checkpoint_output.rs[0m[2m:[0m[2m149:[0m Creating checkpoint CheckpointDigest(EwbvANXs1Q38MreJkZskYDAh5gDVQ84cy444w8VNnQ7p) at epoch 1, sequence 518, previous digest Some(CheckpointDigest(9nLHZG11Bg3u98D48Q1cvjJh4ZpFKz8Rx6qai3bHmTDy)), transactions count 2, content digest CheckpointContentsDigest(Db2jFw79CzCUVc8tdaQq1z6sKbZoUFDxgzSSTKj1NsXw), end_of_epoch_data None
[2m2025-03-25T07:56:20.821946Z[0m [32m INFO[0m [1mnode[0m[1m{[0m[3mname[0m[2m=[0mk#addeef94..[1m}[0m[2m:[0m [2msui_core::checkpoints[0m[2m:[0m [2mcrates/sui-core/src/checkpoints/mod.rs[0m[2m:[0m[2m1326:[0m Creating checkpoint(s) for 2 transactions [3mnext_checkpoint_seq[0m[2m=[0m518 [3mcheckpoint_timestamp[0m[2m=[0m1742889380281
[2m2025-03-25T07:56:20.822099Z[0m [32m INFO[0m [1mnode[0m[1m{[0m[3mname[0m[2m=[0mk#99f25ef6..[1m}[0m[2m:[0m [2msui_core::checkpoints::checkpoint_output[0m[2m:[0m [2mcrates/sui-core/src/checkpoints/checkpoint_output.rs[0m[2m:[0m[2m196:[0m Certified checkpoint with sequence 517 and digest 9nLHZG11Bg3u98D48Q1cvjJh4ZpFKz8Rx6qai3bHmTDy
[2m2025-03-25T07:56:20.822183Z[0m [32m INFO[0m [1mnode[0m[1m{[0m[3mname[0m[2m=[0mk#8dcff6d1..[1m}[0m[2m:[0m [2msui_core::checkpoints::checkpoint_output[0m[2m:[0m [2mcrates/sui-core/src/checkpoints/checkpoint_output.rs[0m[2m:[0m[2m196:[0m Certified checkpoint with sequence 517 and digest 9nLHZG11Bg3u98D48Q1cvjJh4ZpFKz8Rx6qai3bHmTDy
[2m2025-03-25T07:56:20.822203Z[0m [32m INFO[0m [1mnode[0m[1m{[0m[3mname[0m[2m=[0mk#addeef94..[1m}[0m[2m:[0m [2msui_core::checkpoints::checkpoint_output[0m[2m:[0m [2mcrates/sui-core/src/checkpoints/checkpoint_output.rs[0m[2m:[0m[2m149:[0m Creating checkpoint CheckpointDigest(EwbvANXs1Q38MreJkZskYDAh5gDVQ84cy444w8VNnQ7p) at epoch 1, sequence 518, previous digest Some(CheckpointDigest(9nLHZG11Bg3u98D48Q1cvjJh4ZpFKz8Rx6qai3bHmTDy)), transactions count 2, content digest CheckpointContentsDigest(Db2jFw79CzCUVc8tdaQq1z6sKbZoUFDxgzSSTKj1NsXw), end_of_epoch_data None
[2m2025-03-25T07:56:20.822525Z[0m [32m INFO[0m [1mnode[0m[1m{[0m[3mname[0m[2m=[0mk#99f25ef6..[1m}[0m[2m:[0m [2msui_core::checkpoints::checkpoint_executor[0m[2m:[0m [2mcrates/sui-core/src/checkpoints/checkpoint_executor/mod.rs[0m[2m:[0m[2m332:[0m Received checkpoint summary from state sync [3msequence_number[0m[2m=[0m517
[2m2025-03-25T07:56:20.822525Z[0m [32m INFO[0m [1mnode[0m[1m{[0m[3mname[0m[2m=[0mk#8dcff6d1..[1m}[0m[2m:[0m [2msui_core::checkpoints::checkpoint_executor[0m[2m:[0m [2mcrates/sui-core/src/checkpoints/checkpoint_executor/mod.rs[0m[2m:[0m[2m332:[0m Received checkpoint summary from state sync [3msequence_number[0m[2m=[0m517
[2m2025-03-25T07:56:20.823716Z[0m [32m INFO[0m [1mnode[0m[1m{[0m[3mname[0m[2m=[0mk#99f25ef6..[1m}[0m[2m:[0m [2msui_core::state_accumulator[0m[2m:[0m [2mcrates/sui-core/src/state_accumulator.rs[0m[2m:[0m[2m675:[0m accumulating running root for checkpoint 517
[2m2025-03-25T07:56:20.823718Z[0m [32m INFO[0m [1mnode[0m[1m{[0m[3mname[0m[2m=[0mk#8dcff6d1..[1m}[0m[2m:[0m [2msui_core::state_accumulator[0m[2m:[0m [2mcrates/sui-core/src/state_accumulator.rs[0m[2m:[0m[2m675:[0m accumulating running root for checkpoint 517
[2m2025-03-25T07:56:20.825943Z[0m [32m INFO[0m [1mnode[0m[1m{[0m[3mname[0m[2m=[0mk#addeef94..[1m}[0m[2m:[0m [2msui_core::checkpoints::checkpoint_executor[0m[2m:[0m [2mcrates/sui-core/src/checkpoints/checkpoint_executor/mod.rs[0m[2m:[0m[2m332:[0m Received checkpoint summary from state sync [3msequence_number[0m[2m=[0m517
[2m2025-03-25T07:56:20.826691Z[0m [32m INFO[0m [1mnode[0m[1m{[0m[3mname[0m[2m=[0mk#addeef94..[1m}[0m[2m:[0m [2msui_core::state_accumulator[0m[2m:[0m [2mcrates/sui-core/src/state_accumulator.rs[0m[2m:[0m[2m675:[0m accumulating running root for checkpoint 517
[2m2025-03-25T07:56:21.044077Z[0m [32m INFO[0m [1mnode[0m[1m{[0m[3mname[0m[2m=[0mk#99f25ef6..[1m}[0m[2m:[0m [2mconsensus_core::core[0m[2m:[0m [2mconsensus/core/src/core.rs[0m[2m:[0m[2m945:[0m Included 3 ancestors & excluded 0 ancestors for proposal in round 318
[2m2025-03-25T07:56:21.044448Z[0m [32m INFO[0m [1mnode[0m[1m{[0m[3mname[0m[2m=[0mk#99f25ef6..[1m}[0m[2m:[0m [2mconsensus_core::core[0m[2m:[0m [2mconsensus/core/src/core.rs[0m[2m:[0m[2m531:[0m Created block B318(B,1KunFjcI2APbAPBj3pqkl0UIDYffPJwD4N5Z1iqRqPA=)(1742889381044ms;[B317(B,k8O8M1Y1MWFXmHqFmYp+nzX738oNrMs+0ht+hcuyTZc=), B317(A,q/gJpUu/BWxCEA+goRikyPUO/35YGzYHX7rkd0m6ov0=), B317(C,Xwg44CNRLV5CLzDxzLByeGsdmnWIoZMVwlAznQOwT3Y=)];1t;1c) for round 318
[2m2025-03-25T07:56:21.046087Z[0m [32m INFO[0m [1mnode[0m[1m{[0m[3mname[0m[2m=[0mk#8dcff6d1..[1m}[0m[2m:[0m [2mconsensus_core::core[0m[2m:[0m [2mconsensus/core/src/core.rs[0m[2m:[0m[2m945:[0m Included 3 ancestors & excluded 0 ancestors for proposal in round 318
[2m2025-03-25T07:56:21.046383Z[0m [32m INFO[0m [1mnode[0m[1m{[0m[3mname[0m[2m=[0mk#8dcff6d1..[1m}[0m[2m:[0m [2mconsensus_core::core[0m[2m:[0m [2mconsensus/core/src/core.rs[0m[2m:[0m[2m531:[0m Created block B318(A,mqeYFICZvpeC1drgKlB9E+xAFxhncFpqyFsAUMRDkmE=)(1742889381046ms;[B317(A,q/gJpUu/BWxCEA+goRikyPUO/35YGzYHX7rkd0m6ov0=), B317(B,k8O8M1Y1MWFXmHqFmYp+nzX738oNrMs+0ht+hcuyTZc=), B317(C,Xwg44CNRLV5CLzDxzLByeGsdmnWIoZMVwlAznQOwT3Y=)];1t;1c) for round 318
[2m2025-03-25T07:56:21.047963Z[0m [32m INFO[0m [1mnode[0m[1m{[0m[3mname[0m[2m=[0mk#addeef94..[1m}[0m[2m:[0m [2mconsensus_core::core[0m[2m:[0m [2mconsensus/core/src/core.rs[0m[2m:[0m[2m945:[0m Included 3 ancestors & excluded 0 ancestors for proposal in round 318
[2m2025-03-25T07:56:21.048264Z[0m [32m INFO[0m [1mnode[0m[1m{[0m[3mname[0m[2m=[0mk#addeef94..[1m}[0m[2m:[0m [2mconsensus_core::core[0m[2m:[0m [2mconsensus/core/src/core.rs[0m[2m:[0m[2m531:[0m Created block B318(C,53ZmjsBJmy+So7KGVD0GL1k64zbSVToFbfq54+rMRTY=)(1742889381048ms;[B317(C,Xwg44CNRLV5CLzDxzLByeGsdmnWIoZMVwlAznQOwT3Y=), B317(A,q/gJpUu/BWxCEA+goRikyPUO/35YGzYHX7rkd0m6ov0=), B317(B,k8O8M1Y1MWFXmHqFmYp+nzX738oNrMs+0ht+hcuyTZc=)];1t;1c) for round 318
[2m2025-03-25T07:56:21.048335Z[0m [32m INFO[0m [1mnode[0m[1m{[0m[3mname[0m[2m=[0mk#addeef94..[1m}[0m[2m:[0m [2mconsensus_core::core[0m[2m:[0m [2mconsensus/core/src/core.rs[0m[2m:[0m[2m630:[0m Committing 1 leaders: B316(C,k+KE)
[2m2025-03-25T07:56:21.048405Z[0m [32m INFO[0m [1mnode[0m[1m{[0m[3mname[0m[2m=[0mk#addeef94..[1m}[0m[2m:[0m [2mconsensus_core::commit_observer[0m[2m:[0m [2mconsensus/core/src/commit_observer.rs[0m[2m:[0m[2m173:[0m Consensus commit C306(LAW5) with leader B316(C,k+KE) has 3 blocks
[2m2025-03-25T07:56:21.048647Z[0m [32m INFO[0m [1mnode[0m[1m{[0m[3mname[0m[2m=[0mk#addeef94..[1m}[0m[2m:[0m [2msui_core::consensus_handler[0m[2m:[0m [2mcrates/sui-core/src/consensus_handler.rs[0m[2m:[0m[2m232:[0m Received consensus output [3mconsensus_commit[0m[2m=[0mCommittedSubDag(leader=B316(C,k+KE), ref=C306(LAW5), blocks=[y4Gn, Zdoc, k+KE]) [3mepoch[0m[2m=[0m1
[2m2025-03-25T07:56:21.051732Z[0m [32m INFO[0m [1mnode[0m[1m{[0m[3mname[0m[2m=[0mk#99f25ef6..[1m}[0m[2m:[0m [2msui_core::checkpoints::checkpoint_output[0m[2m:[0m [2mcrates/sui-core/src/checkpoints/checkpoint_output.rs[0m[2m:[0m[2m196:[0m Certified checkpoint with sequence 518 and digest EwbvANXs1Q38MreJkZskYDAh5gDVQ84cy444w8VNnQ7p
[2m2025-03-25T07:56:21.051738Z[0m [32m INFO[0m [1mnode[0m[1m{[0m[3mname[0m[2m=[0mk#8dcff6d1..[1m}[0m[2m:[0m [2msui_core::checkpoints::checkpoint_output[0m[2m:[0m [2mcrates/sui-core/src/checkpoints/checkpoint_output.rs[0m[2m:[0m[2m196:[0m Certified checkpoint with sequence 518 and digest EwbvANXs1Q38MreJkZskYDAh5gDVQ84cy444w8VNnQ7p
[2m2025-03-25T07:56:21.051838Z[0m [32m INFO[0m [1mnode[0m[1m{[0m[3mname[0m[2m=[0mk#99f25ef6..[1m}[0m[2m:[0m [2mconsensus_core::core[0m[2m:[0m [2mconsensus/core/src/core.rs[0m[2m:[0m[2m630:[0m Committing 1 leaders: B316(C,k+KE)
[2m2025-03-25T07:56:21.051838Z[0m [32m INFO[0m [1mnode[0m[1m{[0m[3mname[0m[2m=[0mk#8dcff6d1..[1m}[0m[2m:[0m [2mconsensus_core::core[0m[2m:[0m [2mconsensus/core/src/core.rs[0m[2m:[0m[2m630:[0m Committing 1 leaders: B316(C,k+KE)
[2m2025-03-25T07:56:21.051936Z[0m [32m INFO[0m [1mnode[0m[1m{[0m[3mname[0m[2m=[0mk#99f25ef6..[1m}[0m[2m:[0m [2mconsensus_core::commit_observer[0m[2m:[0m [2mconsensus/core/src/commit_observer.rs[0m[2m:[0m[2m173:[0m Consensus commit C306(LAW5) with leader B316(C,k+KE) has 3 blocks
[2m2025-03-25T07:56:21.051937Z[0m [32m INFO[0m [1mnode[0m[1m{[0m[3mname[0m[2m=[0mk#8dcff6d1..[1m}[0m[2m:[0m [2mconsensus_core::commit_observer[0m[2m:[0m [2mconsensus/core/src/commit_observer.rs[0m[2m:[0m[2m173:[0m Consensus commit C306(LAW5) with leader B316(C,k+KE) has 3 blocks
[2m2025-03-25T07:56:21.052374Z[0m [32m INFO[0m [1mnode[0m[1m{[0m[3mname[0m[2m=[0mk#99f25ef6..[1m}[0m[2m:[0m [2msui_core::consensus_handler[0m[2m:[0m [2mcrates/sui-core/src/consensus_handler.rs[0m[2m:[0m[2m232:[0m Received consensus output [3mconsensus_commit[0m[2m=[0mCommittedSubDag(leader=B316(C,k+KE), ref=C306(LAW5), blocks=[y4Gn, Zdoc, k+KE]) [3mepoch[0m[2m=[0m1
[2m2025-03-25T07:56:21.052374Z[0m [32m INFO[0m [1mnode[0m[1m{[0m[3mname[0m[2m=[0mk#8dcff6d1..[1m}[0m[2m:[0m [2msui_core::consensus_handler[0m[2m:[0m [2mcrates/sui-core/src/consensus_handler.rs[0m[2m:[0m[2m232:[0m Received consensus output [3mconsensus_commit[0m[2m=[0mCommittedSubDag(leader=B316(C,k+KE), ref=C306(LAW5), blocks=[y4Gn, Zdoc, k+KE]) [3mepoch[0m[2m=[0m1
[2m2025-03-25T07:56:21.052992Z[0m [32m INFO[0m [1mnode[0m[1m{[0m[3mname[0m[2m=[0mk#99f25ef6..[1m}[0m[2m:[0m [2msui_core::checkpoints::checkpoint_executor[0m[2m:[0m [2mcrates/sui-core/src/checkpoints/checkpoint_executor/mod.rs[0m[2m:[0m[2m332:[0m Received checkpoint summary from state sync [3msequence_number[0m[2m=[0m518
[2m2025-03-25T07:56:21.052992Z[0m [32m INFO[0m [1mnode[0m[1m{[0m[3mname[0m[2m=[0mk#8dcff6d1..[1m}[0m[2m:[0m [2msui_core::checkpoints::checkpoint_executor[0m[2m:[0m [2mcrates/sui-core/src/checkpoints/checkpoint_executor/mod.rs[0m[2m:[0m[2m332:[0m Received checkpoint summary from state sync [3msequence_number[0m[2m=[0m518
[2m2025-03-25T07:56:21.066534Z[0m [32m INFO[0m [1mnode[0m[1m{[0m[3mname[0m[2m=[0mk#99f25ef6..[1m}[0m[2m:[0m [2msui_core::state_accumulator[0m[2m:[0m [2mcrates/sui-core/src/state_accumulator.rs[0m[2m:[0m[2m675:[0m accumulating running root for checkpoint 518
[2m2025-03-25T07:56:21.066536Z[0m [32m INFO[0m [1mnode[0m[1m{[0m[3mname[0m[2m=[0mk#8dcff6d1..[1m}[0m[2m:[0m [2msui_core::state_accumulator[0m[2m:[0m [2mcrates/sui-core/src/state_accumulator.rs[0m[2m:[0m[2m675:[0m accumulating running root for checkpoint 518
[2m2025-03-25T07:56:21.092864Z[0m [32m INFO[0m [1mnode[0m[1m{[0m[3mname[0m[2m=[0mk#addeef94..[1m}[0m[2m:[0m [2msui_core::checkpoints[0m[2m:[0m [2mcrates/sui-core/src/checkpoints/mod.rs[0m[2m:[0m[2m1326:[0m Creating checkpoint(s) for 1 transactions [3mnext_checkpoint_seq[0m[2m=[0m519 [3mcheckpoint_timestamp[0m[2m=[0m1742889380535
[2m2025-03-25T07:56:21.093109Z[0m [32m INFO[0m [1mnode[0m[1m{[0m[3mname[0m[2m=[0mk#addeef94..[1m}[0m[2m:[0m [2msui_core::checkpoints::checkpoint_output[0m[2m:[0m [2mcrates/sui-core/src/checkpoints/checkpoint_output.rs[0m[2m:[0m[2m149:[0m Creating checkpoint CheckpointDigest(T1AcTXWwSupc45DPj6wWGTBEnnnTzFm3FCBLnTLrnRX) at epoch 1, sequence 519, previous digest Some(CheckpointDigest(EwbvANXs1Q38MreJkZskYDAh5gDVQ84cy444w8VNnQ7p)), transactions count 1, content digest CheckpointContentsDigest(H2sBzpa2yg8LYkZNZqv7YeceKbrxFGWdopk7cHsLz9vo), end_of_epoch_data None
[2m2025-03-25T07:56:21.097741Z[0m [32m INFO[0m [1mnode[0m[1m{[0m[3mname[0m[2m=[0mk#99f25ef6..[1m}[0m[2m:[0m [2msui_core::checkpoints[0m[2m:[0m [2mcrates/sui-core/src/checkpoints/mod.rs[0m[2m:[0m[2m1326:[0m Creating checkpoint(s) for 1 transactions [3mnext_checkpoint_seq[0m[2m=[0m519 [3mcheckpoint_timestamp[0m[2m=[0m1742889380535
[2m2025-03-25T07:56:21.097750Z[0m [32m INFO[0m [1mnode[0m[1m{[0m[3mname[0m[2m=[0mk#8dcff6d1..[1m}[0m[2m:[0m [2msui_core::checkpoints[0m[2m:[0m [2mcrates/sui-core/src/checkpoints/mod.rs[0m[2m:[0m[2m1326:[0m Creating checkpoint(s) for 1 transactions [3mnext_checkpoint_seq[0m[2m=[0m519 [3mcheckpoint_timestamp[0m[2m=[0m1742889380535
[2m2025-03-25T07:56:21.097920Z[0m [32m INFO[0m [1mnode[0m[1m{[0m[3mname[0m[2m=[0mk#99f25ef6..[1m}[0m[2m:[0m [2msui_core::checkpoints::checkpoint_output[0m[2m:[0m [2mcrates/sui-core/src/checkpoints/checkpoint_output.rs[0m[2m:[0m[2m149:[0m Creating checkpoint CheckpointDigest(T1AcTXWwSupc45DPj6wWGTBEnnnTzFm3FCBLnTLrnRX) at epoch 1, sequence 519, previous digest Some(CheckpointDigest(EwbvANXs1Q38MreJkZskYDAh5gDVQ84cy444w8VNnQ7p)), transactions count 1, content digest CheckpointContentsDigest(H2sBzpa2yg8LYkZNZqv7YeceKbrxFGWdopk7cHsLz9vo), end_of_epoch_data None
[2m2025-03-25T07:56:21.097922Z[0m [32m INFO[0m [1mnode[0m[1m{[0m[3mname[0m[2m=[0mk#8dcff6d1..[1m}[0m[2m:[0m [2msui_core::checkpoints::checkpoint_output[0m[2m:[0m [2mcrates/sui-core/src/checkpoints/checkpoint_output.rs[0m[2m:[0m[2m149:[0m Creating checkpoint CheckpointDigest(T1AcTXWwSupc45DPj6wWGTBEnnnTzFm3FCBLnTLrnRX) at epoch 1, sequence 519, previous digest Some(CheckpointDigest(EwbvANXs1Q38MreJkZskYDAh5gDVQ84cy444w8VNnQ7p)), transactions count 1, content digest CheckpointContentsDigest(H2sBzpa2yg8LYkZNZqv7YeceKbrxFGWdopk7cHsLz9vo), end_of_epoch_data None
[2m2025-03-25T07:56:21.159427Z[0m [32m INFO[0m [1mnode[0m[1m{[0m[3mname[0m[2m=[0mk#addeef94..[1m}[0m[2m:[0m [2msui_core::checkpoints::checkpoint_executor[0m[2m:[0m [2mcrates/sui-core/src/checkpoints/checkpoint_executor/mod.rs[0m[2m:[0m[2m332:[0m Received checkpoint summary from state sync [3msequence_number[0m[2m=[0m518
[2m2025-03-25T07:56:21.160893Z[0m [32m INFO[0m [1mnode[0m[1m{[0m[3mname[0m[2m=[0mk#addeef94..[1m}[0m[2m:[0m [2msui_core::state_accumulator[0m[2m:[0m [2mcrates/sui-core/src/state_accumulator.rs[0m[2m:[0m[2m675:[0m accumulating running root for checkpoint 518
[2m2025-03-25T07:56:21.301207Z[0m [32m INFO[0m [1mnode[0m[1m{[0m[3mname[0m[2m=[0mk#addeef94..[1m}[0m[2m:[0m [2mconsensus_core::core[0m[2m:[0m [2mconsensus/core/src/core.rs[0m[2m:[0m[2m945:[0m Included 3 ancestors & excluded 0 ancestors for proposal in round 319
[2m2025-03-25T07:56:21.301587Z[0m [32m INFO[0m [1mnode[0m[1m{[0m[3mname[0m[2m=[0mk#addeef94..[1m}[0m[2m:[0m [2mconsensus_core::core[0m[2m:[0m [2mconsensus/core/src/core.rs[0m[2m:[0m[2m531:[0m Created block B319(C,xMp6MN9cTPvUZXFGS/EnLzBAgEEvw4DZK4B+GLtcGp4=)(1742889381301ms;[B318(C,53ZmjsBJmy+So7KGVD0GL1k64zbSVToFbfq54+rMRTY=), B318(A,mqeYFICZvpeC1drgKlB9E+xAFxhncFpqyFsAUMRDkmE=), B318(B,1KunFjcI2APbAPBj3pqkl0UIDYffPJwD4N5Z1iqRqPA=)];1t;1c) for round 319
[2m2025-03-25T07:56:21.303524Z[0m [32m INFO[0m [1mnode[0m[1m{[0m[3mname[0m[2m=[0mk#8dcff6d1..[1m}[0m[2m:[0m [2mconsensus_core::commit_syncer[0m[2m:[0m [2mconsensus/core/src/commit_syncer.rs[0m[2m:[0m[2m196:[0m Checking to schedule fetches: synced_commit_index=306, highest_handled_index=306, highest_scheduled_index=0, quorum_commit_index=305, unhandled_commits_threshold=3200
[2m2025-03-25T07:56:21.303547Z[0m [32m INFO[0m [1mnode[0m[1m{[0m[3mname[0m[2m=[0mk#99f25ef6..[1m}[0m[2m:[0m [2mconsensus_core::core[0m[2m:[0m [2mconsensus/core/src/core.rs[0m[2m:[0m[2m945:[0m Included 3 ancestors & excluded 0 ancestors for proposal in round 319
[2m2025-03-25T07:56:21.303561Z[0m [32m INFO[0m [1mnode[0m[1m{[0m[3mname[0m[2m=[0mk#8dcff6d1..[1m}[0m[2m:[0m [2mconsensus_core::core[0m[2m:[0m [2mconsensus/core/src/core.rs[0m[2m:[0m[2m945:[0m Included 3 ancestors & excluded 0 ancestors for proposal in round 319
[2m2025-03-25T07:56:21.303844Z[0m [32m INFO[0m [1mnode[0m[1m{[0m[3mname[0m[2m=[0mk#8dcff6d1..[1m}[0m[2m:[0m [2mconsensus_core::core[0m[2m:[0m [2mconsensus/core/src/core.rs[0m[2m:[0m[2m531:[0m Created block B319(A,SbSxKzJOPKmInm6XvWXmtYYN961kFzNX0eLwBgHNNjA=)(1742889381303ms;[B318(A,mqeYFICZvpeC1drgKlB9E+xAFxhncFpqyFsAUMRDkmE=), B318(B,1KunFjcI2APbAPBj3pqkl0UIDYffPJwD4N5Z1iqRqPA=), B318(C,53ZmjsBJmy+So7KGVD0GL1k64zbSVToFbfq54+rMRTY=)];1t;1c) for round 319
[2m2025-03-25T07:56:21.303842Z[0m [32m INFO[0m [1mnode[0m[1m{[0m[3mname[0m[2m=[0mk#99f25ef6..[1m}[0m[2m:[0m [2mconsensus_core::core[0m[2m:[0m [2mconsensus/core/src/core.rs[0m[2m:[0m[2m531:[0m Created block B319(B,yDUz6FssxU/Cm3NnZAjhxV3nLD/aCjfcoQcT5p+T9Es=)(1742889381303ms;[B318(B,1KunFjcI2APbAPBj3pqkl0UIDYffPJwD4N5Z1iqRqPA=), B318(A,mqeYFICZvpeC1drgKlB9E+xAFxhncFpqyFsAUMRDkmE=), B318(C,53ZmjsBJmy+So7KGVD0GL1k64zbSVToFbfq54+rMRTY=)];1t;1c) for round 319
[2m2025-03-25T07:56:21.303912Z[0m [32m INFO[0m [1mnode[0m[1m{[0m[3mname[0m[2m=[0mk#8dcff6d1..[1m}[0m[2m:[0m [2mconsensus_core::core[0m[2m:[0m [2mconsensus/core/src/core.rs[0m[2m:[0m[2m630:[0m Committing 1 leaders: B317(A,q/gJ)
[2m2025-03-25T07:56:21.303912Z[0m [32m INFO[0m [1mnode[0m[1m{[0m[3mname[0m[2m=[0mk#99f25ef6..[1m}[0m[2m:[0m [2mconsensus_core::core[0m[2m:[0m [2mconsensus/core/src/core.rs[0m[2m:[0m[2m630:[0m Committing 1 leaders: B317(A,q/gJ)
[2m2025-03-25T07:56:21.303982Z[0m [32m INFO[0m [1mnode[0m[1m{[0m[3mname[0m[2m=[0mk#8dcff6d1..[1m}[0m[2m:[0m [2mconsensus_core::commit_observer[0m[2m:[0m [2mconsensus/core/src/commit_observer.rs[0m[2m:[0m[2m173:[0m Consensus commit C307(Clla) with leader B317(A,q/gJ) has 3 blocks
[2m2025-03-25T07:56:21.303982Z[0m [32m INFO[0m [1mnode[0m[1m{[0m[3mname[0m[2m=[0mk#99f25ef6..[1m}[0m[2m:[0m [2mconsensus_core::commit_observer[0m[2m:[0m [2mconsensus/core/src/commit_observer.rs[0m[2m:[0m[2m173:[0m Consensus commit C307(Clla) with leader B317(A,q/gJ) has 3 blocks
[2m2025-03-25T07:56:21.304062Z[0m [32m INFO[0m [1mnode[0m[1m{[0m[3mname[0m[2m=[0mk#8dcff6d1..[1m}[0m[2m:[0m [2msui_core::consensus_handler[0m[2m:[0m [2mcrates/sui-core/src/consensus_handler.rs[0m[2m:[0m[2m232:[0m Received consensus output [3mconsensus_commit[0m[2m=[0mCommittedSubDag(leader=B317(A,q/gJ), ref=C307(Clla), blocks=[TcXW, u6q9, q/gJ]) [3mepoch[0m[2m=[0m1
[2m2025-03-25T07:56:21.304062Z[0m [32m INFO[0m [1mnode[0m[1m{[0m[3mname[0m[2m=[0mk#99f25ef6..[1m}[0m[2m:[0m [2msui_core::consensus_handler[0m[2m:[0m [2mcrates/sui-core/src/consensus_handler.rs[0m[2m:[0m[2m232:[0m Received consensus output [3mconsensus_commit[0m[2m=[0mCommittedSubDag(leader=B317(A,q/gJ), ref=C307(Clla), blocks=[TcXW, u6q9, q/gJ]) [3mepoch[0m[2m=[0m1
[2m2025-03-25T07:56:21.307721Z[0m [32m INFO[0m [1mnode[0m[1m{[0m[3mname[0m[2m=[0mk#addeef94..[1m}[0m[2m:[0m [2mconsensus_core::core[0m[2m:[0m [2mconsensus/core/src/core.rs[0m[2m:[0m[2m630:[0m Committing 1 leaders: B317(A,q/gJ)
[2m2025-03-25T07:56:21.307824Z[0m [32m INFO[0m [1mnode[0m[1m{[0m[3mname[0m[2m=[0mk#addeef94..[1m}[0m[2m:[0m [2mconsensus_core::commit_observer[0m[2m:[0m [2mconsensus/core/src/commit_observer.rs[0m[2m:[0m[2m173:[0m Consensus commit C307(Clla) with leader B317(A,q/gJ) has 3 blocks
[2m2025-03-25T07:56:21.307953Z[0m [32m INFO[0m [1mnode[0m[1m{[0m[3mname[0m[2m=[0mk#addeef94..[1m}[0m[2m:[0m [2msui_core::consensus_handler[0m[2m:[0m [2mcrates/sui-core/src/consensus_handler.rs[0m[2m:[0m[2m232:[0m Received consensus output [3mconsensus_commit[0m[2m=[0mCommittedSubDag(leader=B317(A,q/gJ), ref=C307(Clla), blocks=[TcXW, u6q9, q/gJ]) [3mepoch[0m[2m=[0m1
[2m2025-03-25T07:56:21.330932Z[0m [32m INFO[0m [1mnode[0m[1m{[0m[3mname[0m[2m=[0mk#99f25ef6..[1m}[0m[2m:[0m [2msui_core::checkpoints[0m[2m:[0m [2mcrates/sui-core/src/checkpoints/mod.rs[0m[2m:[0m[2m1326:[0m Creating checkpoint(s) for 2 transactions [3mnext_checkpoint_seq[0m[2m=[0m520 [3mcheckpoint_timestamp[0m[2m=[0m1742889380791
[2m2025-03-25T07:56:21.330943Z[0m [32m INFO[0m [1mnode[0m[1m{[0m[3mname[0m[2m=[0mk#8dcff6d1..[1m}[0m[2m:[0m [2msui_core::checkpoints[0m[2m:[0m [2mcrates/sui-core/src/checkpoints/mod.rs[0m[2m:[0m[2m1326:[0m Creating checkpoint(s) for 2 transactions [3mnext_checkpoint_seq[0m[2m=[0m520 [3mcheckpoint_timestamp[0m[2m=[0m1742889380791
[2m2025-03-25T07:56:21.331257Z[0m [32m INFO[0m [1mnode[0m[1m{[0m[3mname[0m[2m=[0mk#99f25ef6..[1m}[0m[2m:[0m [2msui_core::checkpoints::checkpoint_output[0m[2m:[0m [2mcrates/sui-core/src/checkpoints/checkpoint_output.rs[0m[2m:[0m[2m149:[0m Creating checkpoint CheckpointDigest(5kejzx5MCvVMf831fjs8ZxdJss43FwE3L82G87ZZ1775) at epoch 1, sequence 520, previous digest Some(CheckpointDigest(T1AcTXWwSupc45DPj6wWGTBEnnnTzFm3FCBLnTLrnRX)), transactions count 2, content digest CheckpointContentsDigest(8eSEQyFkVKzvM98NNKjy7zbiumM9eNb2tuvf5Q3xbgGZ), end_of_epoch_data None
[2m2025-03-25T07:56:21.331257Z[0m [32m INFO[0m [1mnode[0m[1m{[0m[3mname[0m[2m=[0mk#8dcff6d1..[1m}[0m[2m:[0m [2msui_core::checkpoints::checkpoint_output[0m[2m:[0m [2mcrates/sui-core/src/checkpoints/checkpoint_output.rs[0m[2m:[0m[2m149:[0m Creating checkpoint CheckpointDigest(5kejzx5MCvVMf831fjs8ZxdJss43FwE3L82G87ZZ1775) at epoch 1, sequence 520, previous digest Some(CheckpointDigest(T1AcTXWwSupc45DPj6wWGTBEnnnTzFm3FCBLnTLrnRX)), transactions count 2, content digest CheckpointContentsDigest(8eSEQyFkVKzvM98NNKjy7zbiumM9eNb2tuvf5Q3xbgGZ), end_of_epoch_data None
[2m2025-03-25T07:56:21.332063Z[0m [32m INFO[0m [1mnode[0m[1m{[0m[3mname[0m[2m=[0mk#99f25ef6..[1m}[0m[2m:[0m [2mconsensus_core::commit_syncer[0m[2m:[0m [2mconsensus/core/src/commit_syncer.rs[0m[2m:[0m[2m196:[0m Checking to schedule fetches: synced_commit_index=307, highest_handled_index=307, highest_scheduled_index=0, quorum_commit_index=305, unhandled_commits_threshold=3200
[2m2025-03-25T07:56:21.333954Z[0m [32m INFO[0m [1mnode[0m[1m{[0m[3mname[0m[2m=[0mk#addeef94..[1m}[0m[2m:[0m [2msui_core::checkpoints[0m[2m:[0m [2mcrates/sui-core/src/checkpoints/mod.rs[0m[2m:[0m[2m1326:[0m Creating checkpoint(s) for 2 transactions [3mnext_checkpoint_seq[0m[2m=[0m520 [3mcheckpoint_timestamp[0m[2m=[0m1742889380791
[2m2025-03-25T07:56:21.334203Z[0m [32m INFO[0m [1mnode[0m[1m{[0m[3mname[0m[2m=[0mk#addeef94..[1m}[0m[2m:[0m [2msui_core::checkpoints::checkpoint_output[0m[2m:[0m [2mcrates/sui-core/src/checkpoints/checkpoint_output.rs[0m[2m:[0m[2m149:[0m Creating checkpoint CheckpointDigest(5kejzx5MCvVMf831fjs8ZxdJss43FwE3L82G87ZZ1775) at epoch 1, sequence 520, previous digest Some(CheckpointDigest(T1AcTXWwSupc45DPj6wWGTBEnnnTzFm3FCBLnTLrnRX)), transactions count 2, content digest CheckpointContentsDigest(8eSEQyFkVKzvM98NNKjy7zbiumM9eNb2tuvf5Q3xbgGZ), end_of_epoch_data None
[2m2025-03-25T07:56:21.334416Z[0m [32m INFO[0m [1mnode[0m[1m{[0m[3mname[0m[2m=[0mk#99f25ef6..[1m}[0m[2m:[0m [2msui_core::checkpoints::checkpoint_output[0m[2m:[0m [2mcrates/sui-core/src/checkpoints/checkpoint_output.rs[0m[2m:[0m[2m196:[0m Certified checkpoint with sequence 519 and digest T1AcTXWwSupc45DPj6wWGTBEnnnTzFm3FCBLnTLrnRX
[2m2025-03-25T07:56:21.334494Z[0m [32m INFO[0m [1mnode[0m[1m{[0m[3mname[0m[2m=[0mk#8dcff6d1..[1m}[0m[2m:[0m [2msui_core::checkpoints::checkpoint_output[0m[2m:[0m [2mcrates/sui-core/src/checkpoints/checkpoint_output.rs[0m[2m:[0m[2m196:[0m Certified checkpoint with sequence 519 and digest T1AcTXWwSupc45DPj6wWGTBEnnnTzFm3FCBLnTLrnRX
[2m2025-03-25T07:56:21.334847Z[0m [32m INFO[0m [1mnode[0m[1m{[0m[3mname[0m[2m=[0mk#addeef94..[1m}[0m[2m:[0m [2mconsensus_core::commit_syncer[0m[2m:[0m [2mconsensus/core/src/commit_syncer.rs[0m[2m:[0m[2m196:[0m Checking to schedule fetches: synced_commit_index=307, highest_handled_index=307, highest_scheduled_index=0, quorum_commit_index=0, unhandled_commits_threshold=3200
[2m2025-03-25T07:56:21.334862Z[0m [32m INFO[0m [1mnode[0m[1m{[0m[3mname[0m[2m=[0mk#8dcff6d1..[1m}[0m[2m:[0m [2msui_core::checkpoints::checkpoint_executor[0m[2m:[0m [2mcrates/sui-core/src/checkpoints/checkpoint_executor/mod.rs[0m[2m:[0m[2m332:[0m Received checkpoint summary from state sync [3msequence_number[0m[2m=[0m519
[2m2025-03-25T07:56:21.334862Z[0m [32m INFO[0m [1mnode[0m[1m{[0m[3mname[0m[2m=[0mk#99f25ef6..[1m}[0m[2m:[0m [2msui_core::checkpoints::checkpoint_executor[0m[2m:[0m [2mcrates/sui-core/src/checkpoints/checkpoint_executor/mod.rs[0m[2m:[0m[2m332:[0m Received checkpoint summary from state sync [3msequence_number[0m[2m=[0m519
[2m2025-03-25T07:56:21.336120Z[0m [32m INFO[0m [1mnode[0m[1m{[0m[3mname[0m[2m=[0mk#8dcff6d1..[1m}[0m[2m:[0m [2msui_core::state_accumulator[0m[2m:[0m [2mcrates/sui-core/src/state_accumulator.rs[0m[2m:[0m[2m675:[0m accumulating running root for checkpoint 519
[2m2025-03-25T07:56:21.336122Z[0m [32m INFO[0m [1mnode[0m[1m{[0m[3mname[0m[2m=[0mk#99f25ef6..[1m}[0m[2m:[0m [2msui_core::state_accumulator[0m[2m:[0m [2mcrates/sui-core/src/state_accumulator.rs[0m[2m:[0m[2m675:[0m accumulating running root for checkpoint 519
[2m2025-03-25T07:56:21.338127Z[0m [32m INFO[0m [1mnode[0m[1m{[0m[3mname[0m[2m=[0mk#addeef94..[1m}[0m[2m:[0m [2msui_core::checkpoints::checkpoint_executor[0m[2m:[0m [2mcrates/sui-core/src/checkpoints/checkpoint_executor/mod.rs[0m[2m:[0m[2m332:[0m Received checkpoint summary from state sync [3msequence_number[0m[2m=[0m519
[2m2025-03-25T07:56:21.338930Z[0m [32m INFO[0m [1mnode[0m[1m{[0m[3mname[0m[2m=[0mk#addeef94..[1m}[0m[2m:[0m [2msui_core::state_accumulator[0m[2m:[0m [2mcrates/sui-core/src/state_accumulator.rs[0m[2m:[0m[2m675:[0m accumulating running root for checkpoint 519
[2m2025-03-25T07:56:21.556349Z[0m [32m INFO[0m [1mnode[0m[1m{[0m[3mname[0m[2m=[0mk#8dcff6d1..[1m}[0m[2m:[0m [2mconsensus_core::core[0m[2m:[0m [2mconsensus/core/src/core.rs[0m[2m:[0m[2m945:[0m Included 3 ancestors & excluded 0 ancestors for proposal in round 320
[2m2025-03-25T07:56:21.556349Z[0m [32m INFO[0m [1mnode[0m[1m{[0m[3mname[0m[2m=[0mk#99f25ef6..[1m}[0m[2m:[0m [2mconsensus_core::core[0m[2m:[0m [2mconsensus/core/src/core.rs[0m[2m:[0m[2m945:[0m Included 3 ancestors & excluded 0 ancestors for proposal in round 320
[2m2025-03-25T07:56:21.556753Z[0m [32m INFO[0m [1mnode[0m[1m{[0m[3mname[0m[2m=[0mk#8dcff6d1..[1m}[0m[2m:[0m [2mconsensus_core::core[0m[2m:[0m [2mconsensus/core/src/core.rs[0m[2m:[0m[2m531:[0m Created block B320(A,xq/og/Q0m5WneAzMjYstYZ8Jz93kaUnNea4Vv5Q23Ms=)(1742889381556ms;[B319(A,SbSxKzJOPKmInm6XvWXmtYYN961kFzNX0eLwBgHNNjA=), B319(B,yDUz6FssxU/Cm3NnZAjhxV3nLD/aCjfcoQcT5p+T9Es=), B319(C,xMp6MN9cTPvUZXFGS/EnLzBAgEEvw4DZK4B+GLtcGp4=)];1t;1c) for round 320
[2m2025-03-25T07:56:21.556753Z[0m [32m INFO[0m [1mnode[0m[1m{[0m[3mname[0m[2m=[0mk#99f25ef6..[1m}[0m[2m:[0m [2mconsensus_core::core[0m[2m:[0m [2mconsensus/core/src/core.rs[0m[2m:[0m[2m531:[0m Created block B320(B,8xUgpFqwtkR7fn5j+EtVqKoyJ6l9Lg/k9Ff+sU3fyg0=)(1742889381556ms;[B319(B,yDUz6FssxU/Cm3NnZAjhxV3nLD/aCjfcoQcT5p+T9Es=), B319(A,SbSxKzJOPKmInm6XvWXmtYYN961kFzNX0eLwBgHNNjA=), B319(C,xMp6MN9cTPvUZXFGS/EnLzBAgEEvw4DZK4B+GLtcGp4=)];1t;1c) for round 320
[2m2025-03-25T07:56:21.560053Z[0m [32m INFO[0m [1mnode[0m[1m{[0m[3mname[0m[2m=[0mk#addeef94..[1m}[0m[2m:[0m [2mconsensus_core::core[0m[2m:[0m [2mconsensus/core/src/core.rs[0m[2m:[0m[2m945:[0m Included 3 ancestors & excluded 0 ancestors for proposal in round 320
[2m2025-03-25T07:56:21.560353Z[0m [32m INFO[0m [1mnode[0m[1m{[0m[3mname[0m[2m=[0mk#addeef94..[1m}[0m[2m:[0m [2mconsensus_core::core[0m[2m:[0m [2mconsensus/core/src/core.rs[0m[2m:[0m[2m531:[0m Created block B320(C,JD+9RMTXkB31LmbzB9m1Ug6dcOdmmGN62IDJWs8CejY=)(1742889381560ms;[B319(C,xMp6MN9cTPvUZXFGS/EnLzBAgEEvw4DZK4B+GLtcGp4=), B319(A,SbSxKzJOPKmInm6XvWXmtYYN961kFzNX0eLwBgHNNjA=), B319(B,yDUz6FssxU/Cm3NnZAjhxV3nLD/aCjfcoQcT5p+T9Es=)];1t;1c) for round 320
[2m2025-03-25T07:56:21.560421Z[0m [32m INFO[0m [1mnode[0m[1m{[0m[3mname[0m[2m=[0mk#addeef94..[1m}[0m[2m:[0m [2mconsensus_core::core[0m[2m:[0m [2mconsensus/core/src/core.rs[0m[2m:[0m[2m630:[0m Committing 1 leaders: B318(A,mqeY)
[2m2025-03-25T07:56:21.560488Z[0m [32m INFO[0m [1mnode[0m[1m{[0m[3mname[0m[2m=[0mk#addeef94..[1m}[0m[2m:[0m [2mconsensus_core::commit_observer[0m[2m:[0m [2mconsensus/core/src/commit_observer.rs[0m[2m:[0m[2m173:[0m Consensus commit C308(wxR3) with leader B318(A,mqeY) has 3 blocks
[2m2025-03-25T07:56:21.560568Z[0m [32m INFO[0m [1mnode[0m[1m{[0m[3mname[0m[2m=[0mk#addeef94..[1m}[0m[2m:[0m [2msui_core::consensus_handler[0m[2m:[0m [2mcrates/sui-core/src/consensus_handler.rs[0m[2m:[0m[2m232:[0m Received consensus output [3mconsensus_commit[0m[2m=[0mCommittedSubDag(leader=B318(A,mqeY), ref=C308(wxR3), blocks=[k8O8, Xwg4, mqeY]) [3mepoch[0m[2m=[0m1
[2m2025-03-25T07:56:21.563651Z[0m [32m INFO[0m [1mnode[0m[1m{[0m[3mname[0m[2m=[0mk#8dcff6d1..[1m}[0m[2m:[0m [2msui_core::checkpoints::checkpoint_output[0m[2m:[0m [2mcrates/sui-core/src/checkpoints/checkpoint_output.rs[0m[2m:[0m[2m196:[0m Certified checkpoint with sequence 520 and digest 5kejzx5MCvVMf831fjs8ZxdJss43FwE3L82G87ZZ1775
[2m2025-03-25T07:56:21.563656Z[0m [32m INFO[0m [1mnode[0m[1m{[0m[3mname[0m[2m=[0mk#99f25ef6..[1m}[0m[2m:[0m [2msui_core::checkpoints::checkpoint_output[0m[2m:[0m [2mcrates/sui-core/src/checkpoints/checkpoint_output.rs[0m[2m:[0m[2m196:[0m Certified checkpoint with sequence 520 and digest 5kejzx5MCvVMf831fjs8ZxdJss43FwE3L82G87ZZ1775
[2m2025-03-25T07:56:21.563759Z[0m [32m INFO[0m [1mnode[0m[1m{[0m[3mname[0m[2m=[0mk#8dcff6d1..[1m}[0m[2m:[0m [2mconsensus_core::core[0m[2m:[0m [2mconsensus/core/src/core.rs[0m[2m:[0m[2m630:[0m Committing 1 leaders: B318(A,mqeY)
[2m2025-03-25T07:56:21.563760Z[0m [32m INFO[0m [1mnode[0m[1m{[0m[3mname[0m[2m=[0mk#99f25ef6..[1m}[0m[2m:[0m [2mconsensus_core::core[0m[2m:[0m [2mconsensus/core/src/core.rs[0m[2m:[0m[2m630:[0m Committing 1 leaders: B318(A,mqeY)
[2m2025-03-25T07:56:21.563855Z[0m [32m INFO[0m [1mnode[0m[1m{[0m[3mname[0m[2m=[0mk#8dcff6d1..[1m}[0m[2m:[0m [2mconsensus_core::commit_observer[0m[2m:[0m [2mconsensus/core/src/commit_observer.rs[0m[2m:[0m[2m173:[0m Consensus commit C308(wxR3) with leader B318(A,mqeY) has 3 blocks
[2m2025-03-25T07:56:21.563861Z[0m [32m INFO[0m [1mnode[0m[1m{[0m[3mname[0m[2m=[0mk#99f25ef6..[1m}[0m[2m:[0m [2mconsensus_core::commit_observer[0m[2m:[0m [2mconsensus/core/src/commit_observer.rs[0m[2m:[0m[2m173:[0m Consensus commit C308(wxR3) with leader B318(A,mqeY) has 3 blocks
[2m2025-03-25T07:56:21.564296Z[0m [32m INFO[0m [1mnode[0m[1m{[0m[3mname[0m[2m=[0mk#8dcff6d1..[1m}[0m[2m:[0m [2msui_core::consensus_handler[0m[2m:[0m [2mcrates/sui-core/src/consensus_handler.rs[0m[2m:[0m[2m232:[0m Received consensus output [3mconsensus_commit[0m[2m=[0mCommittedSubDag(leader=B318(A,mqeY), ref=C308(wxR3), blocks=[k8O8, Xwg4, mqeY]) [3mepoch[0m[2m=[0m1
[2m2025-03-25T07:56:21.564296Z[0m [32m INFO[0m [1mnode[0m[1m{[0m[3mname[0m[2m=[0mk#99f25ef6..[1m}[0m[2m:[0m [2msui_core::consensus_handler[0m[2m:[0m [2mcrates/sui-core/src/consensus_handler.rs[0m[2m:[0m[2m232:[0m Received consensus output [3mconsensus_commit[0m[2m=[0mCommittedSubDag(leader=B318(A,mqeY), ref=C308(wxR3), blocks=[k8O8, Xwg4, mqeY]) [3mepoch[0m[2m=[0m1
[2m2025-03-25T07:56:21.564902Z[0m [32m INFO[0m [1mnode[0m[1m{[0m[3mname[0m[2m=[0mk#8dcff6d1..[1m}[0m[2m:[0m [2msui_core::checkpoints::checkpoint_executor[0m[2m:[0m [2mcrates/sui-core/src/checkpoints/checkpoint_executor/mod.rs[0m[2m:[0m[2m332:[0m Received checkpoint summary from state sync [3msequence_number[0m[2m=[0m520
[2m2025-03-25T07:56:21.564902Z[0m [32m INFO[0m [1mnode[0m[1m{[0m[3mname[0m[2m=[0mk#99f25ef6..[1m}[0m[2m:[0m [2msui_core::checkpoints::checkpoint_executor[0m[2m:[0m [2mcrates/sui-core/src/checkpoints/checkpoint_executor/mod.rs[0m[2m:[0m[2m332:[0m Received checkpoint summary from state sync [3msequence_number[0m[2m=[0m520
[2m2025-03-25T07:56:21.578457Z[0m [32m INFO[0m [1mnode[0m[1m{[0m[3mname[0m[2m=[0mk#99f25ef6..[1m}[0m[2m:[0m [2msui_core::state_accumulator[0m[2m:[0m [2mcrates/sui-core/src/state_accumulator.rs[0m[2m:[0m[2m675:[0m accumulating running root for checkpoint 520
[2m2025-03-25T07:56:21.578457Z[0m [32m INFO[0m [1mnode[0m[1m{[0m[3mname[0m[2m=[0mk#8dcff6d1..[1m}[0m[2m:[0m [2msui_core::state_accumulator[0m[2m:[0m [2mcrates/sui-core/src/state_accumulator.rs[0m[2m:[0m[2m675:[0m accumulating running root for checkpoint 520
[2m2025-03-25T07:56:21.604603Z[0m [32m INFO[0m [1mnode[0m[1m{[0m[3mname[0m[2m=[0mk#addeef94..[1m}[0m[2m:[0m [2msui_core::checkpoints[0m[2m:[0m [2mcrates/sui-core/src/checkpoints/mod.rs[0m[2m:[0m[2m1326:[0m Creating checkpoint(s) for 1 transactions [3mnext_checkpoint_seq[0m[2m=[0m521 [3mcheckpoint_timestamp[0m[2m=[0m1742889381046
[2m2025-03-25T07:56:21.604831Z[0m [32m INFO[0m [1mnode[0m[1m{[0m[3mname[0m[2m=[0mk#addeef94..[1m}[0m[2m:[0m [2msui_core::checkpoints::checkpoint_output[0m[2m:[0m [2mcrates/sui-core/src/checkpoints/checkpoint_output.rs[0m[2m:[0m[2m149:[0m Creating checkpoint CheckpointDigest(Ekh9dZkGy1cG7tEVzQPsQoPqDKv1qK2rSFt6BnfdqQR5) at epoch 1, sequence 521, previous digest Some(CheckpointDigest(5kejzx5MCvVMf831fjs8ZxdJss43FwE3L82G87ZZ1775)), transactions count 1, content digest CheckpointContentsDigest(Cfpr65vFAYVGcfQCUCvSBWjgoQ1Vd4Bqgpajp7MX8JEh), end_of_epoch_data None
[2m2025-03-25T07:56:21.609807Z[0m [32m INFO[0m [1mnode[0m[1m{[0m[3mname[0m[2m=[0mk#8dcff6d1..[1m}[0m[2m:[0m [2msui_core::checkpoints[0m[2m:[0m [2mcrates/sui-core/src/checkpoints/mod.rs[0m[2m:[0m[2m1326:[0m Creating checkpoint(s) for 1 transactions [3mnext_checkpoint_seq[0m[2m=[0m521 [3mcheckpoint_timestamp[0m[2m=[0m1742889381046
[2m2025-03-25T07:56:21.609985Z[0m [32m INFO[0m [1mnode[0m[1m{[0m[3mname[0m[2m=[0mk#8dcff6d1..[1m}[0m[2m:[0m [2msui_core::checkpoints::checkpoint_output[0m[2m:[0m [2mcrates/sui-core/src/checkpoints/checkpoint_output.rs[0m[2m:[0m[2m149:[0m Creating checkpoint CheckpointDigest(Ekh9dZkGy1cG7tEVzQPsQoPqDKv1qK2rSFt6BnfdqQR5) at epoch 1, sequence 521, previous digest Some(CheckpointDigest(5kejzx5MCvVMf831fjs8ZxdJss43FwE3L82G87ZZ1775)), transactions count 1, content digest CheckpointContentsDigest(Cfpr65vFAYVGcfQCUCvSBWjgoQ1Vd4Bqgpajp7MX8JEh), end_of_epoch_data None
[2m2025-03-25T07:56:21.610065Z[0m [32m INFO[0m [1mnode[0m[1m{[0m[3mname[0m[2m=[0mk#99f25ef6..[1m}[0m[2m:[0m [2msui_core::checkpoints[0m[2m:[0m [2mcrates/sui-core/src/checkpoints/mod.rs[0m[2m:[0m[2m1326:[0m Creating checkpoint(s) for 1 transactions [3mnext_checkpoint_seq[0m[2m=[0m521 [3mcheckpoint_timestamp[0m[2m=[0m1742889381046
[2m2025-03-25T07:56:21.610233Z[0m [32m INFO[0m [1mnode[0m[1m{[0m[3mname[0m[2m=[0mk#99f25ef6..[1m}[0m[2m:[0m [2msui_core::checkpoints::checkpoint_output[0m[2m:[0m [2mcrates/sui-core/src/checkpoints/checkpoint_output.rs[0m[2m:[0m[2m149:[0m Creating checkpoint CheckpointDigest(Ekh9dZkGy1cG7tEVzQPsQoPqDKv1qK2rSFt6BnfdqQR5) at epoch 1, sequence 521, previous digest Some(CheckpointDigest(5kejzx5MCvVMf831fjs8ZxdJss43FwE3L82G87ZZ1775)), transactions count 1, content digest CheckpointContentsDigest(Cfpr65vFAYVGcfQCUCvSBWjgoQ1Vd4Bqgpajp7MX8JEh), end_of_epoch_data None
[2m2025-03-25T07:56:21.670954Z[0m [32m INFO[0m [1mnode[0m[1m{[0m[3mname[0m[2m=[0mk#addeef94..[1m}[0m[2m:[0m [2msui_core::checkpoints::checkpoint_executor[0m[2m:[0m [2mcrates/sui-core/src/checkpoints/checkpoint_executor/mod.rs[0m[2m:[0m[2m332:[0m Received checkpoint summary from state sync [3msequence_number[0m[2m=[0m520
[2m2025-03-25T07:56:21.672393Z[0m [32m INFO[0m [1mnode[0m[1m{[0m[3mname[0m[2m=[0mk#addeef94..[1m}[0m[2m:[0m [2msui_core::state_accumulator[0m[2m:[0m [2mcrates/sui-core/src/state_accumulator.rs[0m[2m:[0m[2m675:[0m accumulating running root for checkpoint 520
[2m2025-03-25T07:56:21.708666Z[0m [32m INFO[0m [1mnode[0m[1m{[0m[3mname[0m[2m=[0mk#b3f3cbb4..[1m}[0m[2m:[0m[1mjson-rpc-request[0m[2m:[0m[1mdev_inspect_transaction_block[0m[1m{[0m[3msender_address[0m[2m=[0m0x0000000000000000000000000000000000000000000000000000000000000000 [3mtx_bytes[0m[2m=[0mBase64("AAMBAQAAAAAAAAAAAAAAAAAAAAAAAAAAAAAAAAAAAAAAAAAJAQAAAAAAAAABAAECAAgAAAAAAAAAAAEAAAAAAAAAAAAAAAAAAAAAAAAAAAAAAAAAAAAAAAAAAAsGYnJpZGdlIGdldF90b2tlbl90cmFuc2Zlcl9hY3Rpb25fc3RhdHVzAAMBAAABAQABAgA=") [3mgas_price[0m[2m=[0mNone [3m_epoch[0m[2m=[0mNone [3madditional_args[0m[2m=[0mNone[1m}[0m[2m:[0m [2msui_json_rpc::transaction_execution_api[0m[2m:[0m [2mcrates/sui-json-rpc/src/transaction_execution_api.rs[0m[2m:[0m[2m351:[0m RPC took longer than threshold to complete. [3melapsed[0m[2m=[0m1.53537675s
[2m2025-03-25T07:56:21.709571Z[0m [32m INFO[0m [1mhandle_execution_task[0m[1m{[0m[3maction_key[0m[2m=[0mBridgeActionKey(0,2,0) [3mattempt_times[0m[2m=[0m0[1m}[0m[2m:[0m [2msui_bridge::action_executor[0m[2m:[0m [2mcrates/sui-bridge/src/action_executor.rs[0m[2m:[0m[2m500:[0m Building Sui transaction
[2m2025-03-25T07:56:21.713835Z[0m [32m INFO[0m [1mnode[0m[1m{[0m[3mname[0m[2m=[0mk#b3f3cbb4..[1m}[0m[2m:[0m [2msui_core::state_accumulator[0m[2m:[0m [2mcrates/sui-core/src/state_accumulator.rs[0m[2m:[0m[2m675:[0m accumulating running root for checkpoint 501
[2m2025-03-25T07:56:21.720648Z[0m [32m INFO[0m [1mnode[0m[1m{[0m[3mname[0m[2m=[0mk#b3f3cbb4..[1m}[0m[2m:[0m [2msui_core::checkpoints::checkpoint_executor[0m[2m:[0m [2mcrates/sui-core/src/checkpoints/checkpoint_executor/mod.rs[0m[2m:[0m[2m332:[0m Received checkpoint summary from state sync [3msequence_number[0m[2m=[0m502
[2m2025-03-25T07:56:21.720805Z[0m [32m INFO[0m [1mnode[0m[1m{[0m[3mname[0m[2m=[0mk#b3f3cbb4..[1m}[0m[2m:[0m [2msui_core::checkpoints::checkpoint_executor[0m[2m:[0m [2mcrates/sui-core/src/checkpoints/checkpoint_executor/mod.rs[0m[2m:[0m[2m332:[0m Received checkpoint summary from state sync [3msequence_number[0m[2m=[0m503
[2m2025-03-25T07:56:21.720846Z[0m [32m INFO[0m [1mnode[0m[1m{[0m[3mname[0m[2m=[0mk#b3f3cbb4..[1m}[0m[2m:[0m [2msui_core::checkpoints::checkpoint_executor[0m[2m:[0m [2mcrates/sui-core/src/checkpoints/checkpoint_executor/mod.rs[0m[2m:[0m[2m332:[0m Received checkpoint summary from state sync [3msequence_number[0m[2m=[0m504
[2m2025-03-25T07:56:21.725758Z[0m [32m INFO[0m [1mnode[0m[1m{[0m[3mname[0m[2m=[0mk#b3f3cbb4..[1m}[0m[2m:[0m [2msui_core::checkpoints::checkpoint_executor[0m[2m:[0m [2mcrates/sui-core/src/checkpoints/checkpoint_executor/mod.rs[0m[2m:[0m[2m332:[0m Received checkpoint summary from state sync [3msequence_number[0m[2m=[0m505
[2m2025-03-25T07:56:21.725908Z[0m [32m INFO[0m [1mnode[0m[1m{[0m[3mname[0m[2m=[0mk#b3f3cbb4..[1m}[0m[2m:[0m [2msui_core::checkpoints::checkpoint_executor[0m[2m:[0m [2mcrates/sui-core/src/checkpoints/checkpoint_executor/mod.rs[0m[2m:[0m[2m332:[0m Received checkpoint summary from state sync [3msequence_number[0m[2m=[0m506
[2m2025-03-25T07:56:21.725950Z[0m [32m INFO[0m [1mnode[0m[1m{[0m[3mname[0m[2m=[0mk#b3f3cbb4..[1m}[0m[2m:[0m [2msui_core::checkpoints::checkpoint_executor[0m[2m:[0m [2mcrates/sui-core/src/checkpoints/checkpoint_executor/mod.rs[0m[2m:[0m[2m332:[0m Received checkpoint summary from state sync [3msequence_number[0m[2m=[0m507
[2m2025-03-25T07:56:21.813070Z[0m [32m INFO[0m [1mnode[0m[1m{[0m[3mname[0m[2m=[0mk#addeef94..[1m}[0m[2m:[0m [2mconsensus_core::core[0m[2m:[0m [2mconsensus/core/src/core.rs[0m[2m:[0m[2m945:[0m Included 3 ancestors & excluded 0 ancestors for proposal in round 321
[2m2025-03-25T07:56:21.813431Z[0m [32m INFO[0m [1mnode[0m[1m{[0m[3mname[0m[2m=[0mk#addeef94..[1m}[0m[2m:[0m [2mconsensus_core::core[0m[2m:[0m [2mconsensus/core/src/core.rs[0m[2m:[0m[2m531:[0m Created block B321(C,YrkpaAwL5GsGxF03UsIPaaQIlmEYgaGhTcYfeigbHDE=)(1742889381813ms;[B320(C,JD+9RMTXkB31LmbzB9m1Ug6dcOdmmGN62IDJWs8CejY=), B320(A,xq/og/Q0m5WneAzMjYstYZ8Jz93kaUnNea4Vv5Q23Ms=), B320(B,8xUgpFqwtkR7fn5j+EtVqKoyJ6l9Lg/k9Ff+sU3fyg0=)];1t;1c) for round 321
[2m2025-03-25T07:56:21.815345Z[0m [32m INFO[0m [1mnode[0m[1m{[0m[3mname[0m[2m=[0mk#8dcff6d1..[1m}[0m[2m:[0m [2mconsensus_core::core[0m[2m:[0m [2mconsensus/core/src/core.rs[0m[2m:[0m[2m945:[0m Included 3 ancestors & excluded 0 ancestors for proposal in round 321
[2m2025-03-25T07:56:21.815345Z[0m [32m INFO[0m [1mnode[0m[1m{[0m[3mname[0m[2m=[0mk#99f25ef6..[1m}[0m[2m:[0m [2mconsensus_core::core[0m[2m:[0m [2mconsensus/core/src/core.rs[0m[2m:[0m[2m945:[0m Included 3 ancestors & excluded 0 ancestors for proposal in round 321
[2m2025-03-25T07:56:21.815633Z[0m [32m INFO[0m [1mnode[0m[1m{[0m[3mname[0m[2m=[0mk#8dcff6d1..[1m}[0m[2m:[0m [2mconsensus_core::core[0m[2m:[0m [2mconsensus/core/src/core.rs[0m[2m:[0m[2m531:[0m Created block B321(A,kPteTPyKSf6cg7oS69JM1jiKZ9duNq+6szxLdpQT/sg=)(1742889381815ms;[B320(A,xq/og/Q0m5WneAzMjYstYZ8Jz93kaUnNea4Vv5Q23Ms=), B320(B,8xUgpFqwtkR7fn5j+EtVqKoyJ6l9Lg/k9Ff+sU3fyg0=), B320(C,JD+9RMTXkB31LmbzB9m1Ug6dcOdmmGN62IDJWs8CejY=)];1t;1c) for round 321
[2m2025-03-25T07:56:21.815633Z[0m [32m INFO[0m [1mnode[0m[1m{[0m[3mname[0m[2m=[0mk#99f25ef6..[1m}[0m[2m:[0m [2mconsensus_core::core[0m[2m:[0m [2mconsensus/core/src/core.rs[0m[2m:[0m[2m531:[0m Created block B321(B,UGtlasTC4t2JfaNblgPAbsBT3pquqbWQ3YT/HieWmDc=)(1742889381815ms;[B320(B,8xUgpFqwtkR7fn5j+EtVqKoyJ6l9Lg/k9Ff+sU3fyg0=), B320(A,xq/og/Q0m5WneAzMjYstYZ8Jz93kaUnNea4Vv5Q23Ms=), B320(C,JD+9RMTXkB31LmbzB9m1Ug6dcOdmmGN62IDJWs8CejY=)];1t;1c) for round 321
[2m2025-03-25T07:56:21.815702Z[0m [32m INFO[0m [1mnode[0m[1m{[0m[3mname[0m[2m=[0mk#8dcff6d1..[1m}[0m[2m:[0m [2mconsensus_core::core[0m[2m:[0m [2mconsensus/core/src/core.rs[0m[2m:[0m[2m630:[0m Committing 1 leaders: B319(A,SbSx)
[2m2025-03-25T07:56:21.815702Z[0m [32m INFO[0m [1mnode[0m[1m{[0m[3mname[0m[2m=[0mk#99f25ef6..[1m}[0m[2m:[0m [2mconsensus_core::core[0m[2m:[0m [2mconsensus/core/src/core.rs[0m[2m:[0m[2m630:[0m Committing 1 leaders: B319(A,SbSx)
[2m2025-03-25T07:56:21.815774Z[0m [32m INFO[0m [1mnode[0m[1m{[0m[3mname[0m[2m=[0mk#99f25ef6..[1m}[0m[2m:[0m [2mconsensus_core::commit_observer[0m[2m:[0m [2mconsensus/core/src/commit_observer.rs[0m[2m:[0m[2m173:[0m Consensus commit C309(Pc98) with leader B319(A,SbSx) has 3 blocks
[2m2025-03-25T07:56:21.815774Z[0m [32m INFO[0m [1mnode[0m[1m{[0m[3mname[0m[2m=[0mk#8dcff6d1..[1m}[0m[2m:[0m [2mconsensus_core::commit_observer[0m[2m:[0m [2mconsensus/core/src/commit_observer.rs[0m[2m:[0m[2m173:[0m Consensus commit C309(Pc98) with leader B319(A,SbSx) has 3 blocks
[2m2025-03-25T07:56:21.815860Z[0m [32m INFO[0m [1mnode[0m[1m{[0m[3mname[0m[2m=[0mk#8dcff6d1..[1m}[0m[2m:[0m [2msui_core::consensus_handler[0m[2m:[0m [2mcrates/sui-core/src/consensus_handler.rs[0m[2m:[0m[2m232:[0m Received consensus output [3mconsensus_commit[0m[2m=[0mCommittedSubDag(leader=B319(A,SbSx), ref=C309(Pc98), blocks=[1Kun, 53Zm, SbSx]) [3mepoch[0m[2m=[0m1
[2m2025-03-25T07:56:21.815860Z[0m [32m INFO[0m [1mnode[0m[1m{[0m[3mname[0m[2m=[0mk#99f25ef6..[1m}[0m[2m:[0m [2msui_core::consensus_handler[0m[2m:[0m [2mcrates/sui-core/src/consensus_handler.rs[0m[2m:[0m[2m232:[0m Received consensus output [3mconsensus_commit[0m[2m=[0mCommittedSubDag(leader=B319(A,SbSx), ref=C309(Pc98), blocks=[1Kun, 53Zm, SbSx]) [3mepoch[0m[2m=[0m1
[2m2025-03-25T07:56:21.819478Z[0m [32m INFO[0m [1mnode[0m[1m{[0m[3mname[0m[2m=[0mk#addeef94..[1m}[0m[2m:[0m [2mconsensus_core::core[0m[2m:[0m [2mconsensus/core/src/core.rs[0m[2m:[0m[2m630:[0m Committing 1 leaders: B319(A,SbSx)
[2m2025-03-25T07:56:21.819569Z[0m [32m INFO[0m [1mnode[0m[1m{[0m[3mname[0m[2m=[0mk#addeef94..[1m}[0m[2m:[0m [2mconsensus_core::commit_observer[0m[2m:[0m [2mconsensus/core/src/commit_observer.rs[0m[2m:[0m[2m173:[0m Consensus commit C309(Pc98) with leader B319(A,SbSx) has 3 blocks
[2m2025-03-25T07:56:21.819691Z[0m [32m INFO[0m [1mnode[0m[1m{[0m[3mname[0m[2m=[0mk#addeef94..[1m}[0m[2m:[0m [2msui_core::consensus_handler[0m[2m:[0m [2mcrates/sui-core/src/consensus_handler.rs[0m[2m:[0m[2m232:[0m Received consensus output [3mconsensus_commit[0m[2m=[0mCommittedSubDag(leader=B319(A,SbSx), ref=C309(Pc98), blocks=[1Kun, 53Zm, SbSx]) [3mepoch[0m[2m=[0m1
[2m2025-03-25T07:56:21.842545Z[0m [32m INFO[0m [1mnode[0m[1m{[0m[3mname[0m[2m=[0mk#99f25ef6..[1m}[0m[2m:[0m [2msui_core::checkpoints[0m[2m:[0m [2mcrates/sui-core/src/checkpoints/mod.rs[0m[2m:[0m[2m1326:[0m Creating checkpoint(s) for 2 transactions [3mnext_checkpoint_seq[0m[2m=[0m522 [3mcheckpoint_timestamp[0m[2m=[0m1742889381303
[2m2025-03-25T07:56:21.842544Z[0m [32m INFO[0m [1mnode[0m[1m{[0m[3mname[0m[2m=[0mk#8dcff6d1..[1m}[0m[2m:[0m [2msui_core::checkpoints[0m[2m:[0m [2mcrates/sui-core/src/checkpoints/mod.rs[0m[2m:[0m[2m1326:[0m Creating checkpoint(s) for 2 transactions [3mnext_checkpoint_seq[0m[2m=[0m522 [3mcheckpoint_timestamp[0m[2m=[0m1742889381303
[2m2025-03-25T07:56:21.842858Z[0m [32m INFO[0m [1mnode[0m[1m{[0m[3mname[0m[2m=[0mk#8dcff6d1..[1m}[0m[2m:[0m [2msui_core::checkpoints::checkpoint_output[0m[2m:[0m [2mcrates/sui-core/src/checkpoints/checkpoint_output.rs[0m[2m:[0m[2m149:[0m Creating checkpoint CheckpointDigest(6JwmPrvTcYtgFwG9e9aQfTAswv5XbKNrEgJrnxwY5Uks) at epoch 1, sequence 522, previous digest Some(CheckpointDigest(Ekh9dZkGy1cG7tEVzQPsQoPqDKv1qK2rSFt6BnfdqQR5)), transactions count 2, content digest CheckpointContentsDigest(2EJajLdx3CjhTqaqMRDr4RzJUga5eHqDs7NEwwpakcpT), end_of_epoch_data None
[2m2025-03-25T07:56:21.842858Z[0m [32m INFO[0m [1mnode[0m[1m{[0m[3mname[0m[2m=[0mk#99f25ef6..[1m}[0m[2m:[0m [2msui_core::checkpoints::checkpoint_output[0m[2m:[0m [2mcrates/sui-core/src/checkpoints/checkpoint_output.rs[0m[2m:[0m[2m149:[0m Creating checkpoint CheckpointDigest(6JwmPrvTcYtgFwG9e9aQfTAswv5XbKNrEgJrnxwY5Uks) at epoch 1, sequence 522, previous digest Some(CheckpointDigest(Ekh9dZkGy1cG7tEVzQPsQoPqDKv1qK2rSFt6BnfdqQR5)), transactions count 2, content digest CheckpointContentsDigest(2EJajLdx3CjhTqaqMRDr4RzJUga5eHqDs7NEwwpakcpT), end_of_epoch_data None
[2m2025-03-25T07:56:21.845667Z[0m [32m INFO[0m [1mnode[0m[1m{[0m[3mname[0m[2m=[0mk#addeef94..[1m}[0m[2m:[0m [2msui_core::checkpoints[0m[2m:[0m [2mcrates/sui-core/src/checkpoints/mod.rs[0m[2m:[0m[2m1326:[0m Creating checkpoint(s) for 2 transactions [3mnext_checkpoint_seq[0m[2m=[0m522 [3mcheckpoint_timestamp[0m[2m=[0m1742889381303
[2m2025-03-25T07:56:21.845913Z[0m [32m INFO[0m [1mnode[0m[1m{[0m[3mname[0m[2m=[0mk#addeef94..[1m}[0m[2m:[0m [2msui_core::checkpoints::checkpoint_output[0m[2m:[0m [2mcrates/sui-core/src/checkpoints/checkpoint_output.rs[0m[2m:[0m[2m149:[0m Creating checkpoint CheckpointDigest(6JwmPrvTcYtgFwG9e9aQfTAswv5XbKNrEgJrnxwY5Uks) at epoch 1, sequence 522, previous digest Some(CheckpointDigest(Ekh9dZkGy1cG7tEVzQPsQoPqDKv1qK2rSFt6BnfdqQR5)), transactions count 2, content digest CheckpointContentsDigest(2EJajLdx3CjhTqaqMRDr4RzJUga5eHqDs7NEwwpakcpT), end_of_epoch_data None
[2m2025-03-25T07:56:21.845954Z[0m [32m INFO[0m [1mnode[0m[1m{[0m[3mname[0m[2m=[0mk#99f25ef6..[1m}[0m[2m:[0m [2msui_core::checkpoints::checkpoint_output[0m[2m:[0m [2mcrates/sui-core/src/checkpoints/checkpoint_output.rs[0m[2m:[0m[2m196:[0m Certified checkpoint with sequence 521 and digest Ekh9dZkGy1cG7tEVzQPsQoPqDKv1qK2rSFt6BnfdqQR5
[2m2025-03-25T07:56:21.846014Z[0m [32m INFO[0m [1mnode[0m[1m{[0m[3mname[0m[2m=[0mk#8dcff6d1..[1m}[0m[2m:[0m [2msui_core::checkpoints::checkpoint_output[0m[2m:[0m [2mcrates/sui-core/src/checkpoints/checkpoint_output.rs[0m[2m:[0m[2m196:[0m Certified checkpoint with sequence 521 and digest Ekh9dZkGy1cG7tEVzQPsQoPqDKv1qK2rSFt6BnfdqQR5
[2m2025-03-25T07:56:21.846366Z[0m [32m INFO[0m [1mnode[0m[1m{[0m[3mname[0m[2m=[0mk#8dcff6d1..[1m}[0m[2m:[0m [2msui_core::checkpoints::checkpoint_executor[0m[2m:[0m [2mcrates/sui-core/src/checkpoints/checkpoint_executor/mod.rs[0m[2m:[0m[2m332:[0m Received checkpoint summary from state sync [3msequence_number[0m[2m=[0m521
[2m2025-03-25T07:56:21.846366Z[0m [32m INFO[0m [1mnode[0m[1m{[0m[3mname[0m[2m=[0mk#99f25ef6..[1m}[0m[2m:[0m [2msui_core::checkpoints::checkpoint_executor[0m[2m:[0m [2mcrates/sui-core/src/checkpoints/checkpoint_executor/mod.rs[0m[2m:[0m[2m332:[0m Received checkpoint summary from state sync [3msequence_number[0m[2m=[0m521
[2m2025-03-25T07:56:21.847509Z[0m [32m INFO[0m [1mnode[0m[1m{[0m[3mname[0m[2m=[0mk#8dcff6d1..[1m}[0m[2m:[0m [2msui_core::state_accumulator[0m[2m:[0m [2mcrates/sui-core/src/state_accumulator.rs[0m[2m:[0m[2m675:[0m accumulating running root for checkpoint 521
[2m2025-03-25T07:56:21.847508Z[0m [32m INFO[0m [1mnode[0m[1m{[0m[3mname[0m[2m=[0mk#99f25ef6..[1m}[0m[2m:[0m [2msui_core::state_accumulator[0m[2m:[0m [2mcrates/sui-core/src/state_accumulator.rs[0m[2m:[0m[2m675:[0m accumulating running root for checkpoint 521
[2m2025-03-25T07:56:21.849634Z[0m [32m INFO[0m [1mnode[0m[1m{[0m[3mname[0m[2m=[0mk#addeef94..[1m}[0m[2m:[0m [2msui_core::checkpoints::checkpoint_executor[0m[2m:[0m [2mcrates/sui-core/src/checkpoints/checkpoint_executor/mod.rs[0m[2m:[0m[2m332:[0m Received checkpoint summary from state sync [3msequence_number[0m[2m=[0m521
[2m2025-03-25T07:56:21.850347Z[0m [32m INFO[0m [1mnode[0m[1m{[0m[3mname[0m[2m=[0mk#addeef94..[1m}[0m[2m:[0m [2msui_core::state_accumulator[0m[2m:[0m [2mcrates/sui-core/src/state_accumulator.rs[0m[2m:[0m[2m675:[0m accumulating running root for checkpoint 521
[2m2025-03-25T07:56:22.068154Z[0m [32m INFO[0m [1mnode[0m[1m{[0m[3mname[0m[2m=[0mk#99f25ef6..[1m}[0m[2m:[0m [2mconsensus_core::core[0m[2m:[0m [2mconsensus/core/src/core.rs[0m[2m:[0m[2m945:[0m Included 3 ancestors & excluded 0 ancestors for proposal in round 322
[2m2025-03-25T07:56:22.068513Z[0m [32m INFO[0m [1mnode[0m[1m{[0m[3mname[0m[2m=[0mk#99f25ef6..[1m}[0m[2m:[0m [2mconsensus_core::core[0m[2m:[0m [2mconsensus/core/src/core.rs[0m[2m:[0m[2m531:[0m Created block B322(B,ZU+1WgBPIOHu7tdnZ1IGI5gIwBTWC/oN6/dOVueKfh8=)(1742889382068ms;[B321(B,UGtlasTC4t2JfaNblgPAbsBT3pquqbWQ3YT/HieWmDc=), B321(A,kPteTPyKSf6cg7oS69JM1jiKZ9duNq+6szxLdpQT/sg=), B321(C,YrkpaAwL5GsGxF03UsIPaaQIlmEYgaGhTcYfeigbHDE=)];1t;1c) for round 322
[2m2025-03-25T07:56:22.070130Z[0m [32m INFO[0m [1mnode[0m[1m{[0m[3mname[0m[2m=[0mk#8dcff6d1..[1m}[0m[2m:[0m [2mconsensus_core::core[0m[2m:[0m [2mconsensus/core/src/core.rs[0m[2m:[0m[2m945:[0m Included 3 ancestors & excluded 0 ancestors for proposal in round 322
[2m2025-03-25T07:56:22.070425Z[0m [32m INFO[0m [1mnode[0m[1m{[0m[3mname[0m[2m=[0mk#8dcff6d1..[1m}[0m[2m:[0m [2mconsensus_core::core[0m[2m:[0m [2mconsensus/core/src/core.rs[0m[2m:[0m[2m531:[0m Created block B322(A,ttf9DWGQdZixdu80fnmVzozdNAb87285x9B/OoQdyC8=)(1742889382070ms;[B321(A,kPteTPyKSf6cg7oS69JM1jiKZ9duNq+6szxLdpQT/sg=), B321(B,UGtlasTC4t2JfaNblgPAbsBT3pquqbWQ3YT/HieWmDc=), B321(C,YrkpaAwL5GsGxF03UsIPaaQIlmEYgaGhTcYfeigbHDE=)];1t;1c) for round 322
[2m2025-03-25T07:56:22.072008Z[0m [32m INFO[0m [1mnode[0m[1m{[0m[3mname[0m[2m=[0mk#addeef94..[1m}[0m[2m:[0m [2mconsensus_core::core[0m[2m:[0m [2mconsensus/core/src/core.rs[0m[2m:[0m[2m945:[0m Included 3 ancestors & excluded 0 ancestors for proposal in round 322
[2m2025-03-25T07:56:22.072300Z[0m [32m INFO[0m [1mnode[0m[1m{[0m[3mname[0m[2m=[0mk#addeef94..[1m}[0m[2m:[0m [2mconsensus_core::core[0m[2m:[0m [2mconsensus/core/src/core.rs[0m[2m:[0m[2m531:[0m Created block B322(C,WrEAburEnwvY96maN3UPij3pwxnS06PzJasK5HgmoeY=)(1742889382072ms;[B321(C,YrkpaAwL5GsGxF03UsIPaaQIlmEYgaGhTcYfeigbHDE=), B321(A,kPteTPyKSf6cg7oS69JM1jiKZ9duNq+6szxLdpQT/sg=), B321(B,UGtlasTC4t2JfaNblgPAbsBT3pquqbWQ3YT/HieWmDc=)];1t;1c) for round 322
[2m2025-03-25T07:56:22.072367Z[0m [32m INFO[0m [1mnode[0m[1m{[0m[3mname[0m[2m=[0mk#addeef94..[1m}[0m[2m:[0m [2mconsensus_core::core[0m[2m:[0m [2mconsensus/core/src/core.rs[0m[2m:[0m[2m630:[0m Committing 1 leaders: B320(A,xq/o)
[2m2025-03-25T07:56:22.072434Z[0m [32m INFO[0m [1mnode[0m[1m{[0m[3mname[0m[2m=[0mk#addeef94..[1m}[0m[2m:[0m [2mconsensus_core::commit_observer[0m[2m:[0m [2mconsensus/core/src/commit_observer.rs[0m[2m:[0m[2m173:[0m Consensus commit C310(TAco) with leader B320(A,xq/o) has 3 blocks
[2m2025-03-25T07:56:22.072667Z[0m [32m INFO[0m [1mnode[0m[1m{[0m[3mname[0m[2m=[0mk#addeef94..[1m}[0m[2m:[0m [2msui_core::consensus_handler[0m[2m:[0m [2mcrates/sui-core/src/consensus_handler.rs[0m[2m:[0m[2m232:[0m Received consensus output [3mconsensus_commit[0m[2m=[0mCommittedSubDag(leader=B320(A,xq/o), ref=C310(TAco), blocks=[yDUz, xMp6, xq/o]) [3mepoch[0m[2m=[0m1
[2m2025-03-25T07:56:22.075718Z[0m [32m INFO[0m [1mnode[0m[1m{[0m[3mname[0m[2m=[0mk#99f25ef6..[1m}[0m[2m:[0m [2msui_core::checkpoints::checkpoint_output[0m[2m:[0m [2mcrates/sui-core/src/checkpoints/checkpoint_output.rs[0m[2m:[0m[2m196:[0m Certified checkpoint with sequence 522 and digest 6JwmPrvTcYtgFwG9e9aQfTAswv5XbKNrEgJrnxwY5Uks
[2m2025-03-25T07:56:22.075722Z[0m [32m INFO[0m [1mnode[0m[1m{[0m[3mname[0m[2m=[0mk#8dcff6d1..[1m}[0m[2m:[0m [2msui_core::checkpoints::checkpoint_output[0m[2m:[0m [2mcrates/sui-core/src/checkpoints/checkpoint_output.rs[0m[2m:[0m[2m196:[0m Certified checkpoint with sequence 522 and digest 6JwmPrvTcYtgFwG9e9aQfTAswv5XbKNrEgJrnxwY5Uks
[2m2025-03-25T07:56:22.075825Z[0m [32m INFO[0m [1mnode[0m[1m{[0m[3mname[0m[2m=[0mk#99f25ef6..[1m}[0m[2m:[0m [2mconsensus_core::core[0m[2m:[0m [2mconsensus/core/src/core.rs[0m[2m:[0m[2m630:[0m Committing 1 leaders: B320(A,xq/o)
[2m2025-03-25T07:56:22.075825Z[0m [32m INFO[0m [1mnode[0m[1m{[0m[3mname[0m[2m=[0mk#8dcff6d1..[1m}[0m[2m:[0m [2mconsensus_core::core[0m[2m:[0m [2mconsensus/core/src/core.rs[0m[2m:[0m[2m630:[0m Committing 1 leaders: B320(A,xq/o)
[2m2025-03-25T07:56:22.075923Z[0m [32m INFO[0m [1mnode[0m[1m{[0m[3mname[0m[2m=[0mk#8dcff6d1..[1m}[0m[2m:[0m [2mconsensus_core::commit_observer[0m[2m:[0m [2mconsensus/core/src/commit_observer.rs[0m[2m:[0m[2m173:[0m Consensus commit C310(TAco) with leader B320(A,xq/o) has 3 blocks
[2m2025-03-25T07:56:22.075927Z[0m [32m INFO[0m [1mnode[0m[1m{[0m[3mname[0m[2m=[0mk#99f25ef6..[1m}[0m[2m:[0m [2mconsensus_core::commit_observer[0m[2m:[0m [2mconsensus/core/src/commit_observer.rs[0m[2m:[0m[2m173:[0m Consensus commit C310(TAco) with leader B320(A,xq/o) has 3 blocks
[2m2025-03-25T07:56:22.076342Z[0m [32m INFO[0m [1mnode[0m[1m{[0m[3mname[0m[2m=[0mk#99f25ef6..[1m}[0m[2m:[0m [2msui_core::consensus_handler[0m[2m:[0m [2mcrates/sui-core/src/consensus_handler.rs[0m[2m:[0m[2m232:[0m Received consensus output [3mconsensus_commit[0m[2m=[0mCommittedSubDag(leader=B320(A,xq/o), ref=C310(TAco), blocks=[yDUz, xMp6, xq/o]) [3mepoch[0m[2m=[0m1
[2m2025-03-25T07:56:22.076342Z[0m [32m INFO[0m [1mnode[0m[1m{[0m[3mname[0m[2m=[0mk#8dcff6d1..[1m}[0m[2m:[0m [2msui_core::consensus_handler[0m[2m:[0m [2mcrates/sui-core/src/consensus_handler.rs[0m[2m:[0m[2m232:[0m Received consensus output [3mconsensus_commit[0m[2m=[0mCommittedSubDag(leader=B320(A,xq/o), ref=C310(TAco), blocks=[yDUz, xMp6, xq/o]) [3mepoch[0m[2m=[0m1
[2m2025-03-25T07:56:22.076954Z[0m [32m INFO[0m [1mnode[0m[1m{[0m[3mname[0m[2m=[0mk#8dcff6d1..[1m}[0m[2m:[0m [2msui_core::checkpoints::checkpoint_executor[0m[2m:[0m [2mcrates/sui-core/src/checkpoints/checkpoint_executor/mod.rs[0m[2m:[0m[2m332:[0m Received checkpoint summary from state sync [3msequence_number[0m[2m=[0m522
[2m2025-03-25T07:56:22.076954Z[0m [32m INFO[0m [1mnode[0m[1m{[0m[3mname[0m[2m=[0mk#99f25ef6..[1m}[0m[2m:[0m [2msui_core::checkpoints::checkpoint_executor[0m[2m:[0m [2mcrates/sui-core/src/checkpoints/checkpoint_executor/mod.rs[0m[2m:[0m[2m332:[0m Received checkpoint summary from state sync [3msequence_number[0m[2m=[0m522
[2m2025-03-25T07:56:22.090510Z[0m [32m INFO[0m [1mnode[0m[1m{[0m[3mname[0m[2m=[0mk#99f25ef6..[1m}[0m[2m:[0m [2msui_core::state_accumulator[0m[2m:[0m [2mcrates/sui-core/src/state_accumulator.rs[0m[2m:[0m[2m675:[0m accumulating running root for checkpoint 522
[2m2025-03-25T07:56:22.090515Z[0m [32m INFO[0m [1mnode[0m[1m{[0m[3mname[0m[2m=[0mk#8dcff6d1..[1m}[0m[2m:[0m [2msui_core::state_accumulator[0m[2m:[0m [2mcrates/sui-core/src/state_accumulator.rs[0m[2m:[0m[2m675:[0m accumulating running root for checkpoint 522
[2m2025-03-25T07:56:22.116927Z[0m [32m INFO[0m [1mnode[0m[1m{[0m[3mname[0m[2m=[0mk#addeef94..[1m}[0m[2m:[0m [2msui_core::checkpoints[0m[2m:[0m [2mcrates/sui-core/src/checkpoints/mod.rs[0m[2m:[0m[2m1326:[0m Creating checkpoint(s) for 1 transactions [3mnext_checkpoint_seq[0m[2m=[0m523 [3mcheckpoint_timestamp[0m[2m=[0m1742889381556
[2m2025-03-25T07:56:22.117152Z[0m [32m INFO[0m [1mnode[0m[1m{[0m[3mname[0m[2m=[0mk#addeef94..[1m}[0m[2m:[0m [2msui_core::checkpoints::checkpoint_output[0m[2m:[0m [2mcrates/sui-core/src/checkpoints/checkpoint_output.rs[0m[2m:[0m[2m149:[0m Creating checkpoint CheckpointDigest(FEMpJyrQMx7gwp3vyDgMfb4cQ6ucMqRMWdPsfRPxGSQB) at epoch 1, sequence 523, previous digest Some(CheckpointDigest(6JwmPrvTcYtgFwG9e9aQfTAswv5XbKNrEgJrnxwY5Uks)), transactions count 1, content digest CheckpointContentsDigest(6vLUci56d9DTdMnYSxVZhRoYqzAtFJz9Y4gJDcntNHdW), end_of_epoch_data None
[2m2025-03-25T07:56:22.122536Z[0m [32m INFO[0m [1mnode[0m[1m{[0m[3mname[0m[2m=[0mk#99f25ef6..[1m}[0m[2m:[0m [2msui_core::checkpoints[0m[2m:[0m [2mcrates/sui-core/src/checkpoints/mod.rs[0m[2m:[0m[2m1326:[0m Creating checkpoint(s) for 1 transactions [3mnext_checkpoint_seq[0m[2m=[0m523 [3mcheckpoint_timestamp[0m[2m=[0m1742889381556
[2m2025-03-25T07:56:22.122566Z[0m [32m INFO[0m [1mnode[0m[1m{[0m[3mname[0m[2m=[0mk#8dcff6d1..[1m}[0m[2m:[0m [2msui_core::checkpoints[0m[2m:[0m [2mcrates/sui-core/src/checkpoints/mod.rs[0m[2m:[0m[2m1326:[0m Creating checkpoint(s) for 1 transactions [3mnext_checkpoint_seq[0m[2m=[0m523 [3mcheckpoint_timestamp[0m[2m=[0m1742889381556
[2m2025-03-25T07:56:22.122715Z[0m [32m INFO[0m [1mnode[0m[1m{[0m[3mname[0m[2m=[0mk#99f25ef6..[1m}[0m[2m:[0m [2msui_core::checkpoints::checkpoint_output[0m[2m:[0m [2mcrates/sui-core/src/checkpoints/checkpoint_output.rs[0m[2m:[0m[2m149:[0m Creating checkpoint CheckpointDigest(FEMpJyrQMx7gwp3vyDgMfb4cQ6ucMqRMWdPsfRPxGSQB) at epoch 1, sequence 523, previous digest Some(CheckpointDigest(6JwmPrvTcYtgFwG9e9aQfTAswv5XbKNrEgJrnxwY5Uks)), transactions count 1, content digest CheckpointContentsDigest(6vLUci56d9DTdMnYSxVZhRoYqzAtFJz9Y4gJDcntNHdW), end_of_epoch_data None
[2m2025-03-25T07:56:22.122735Z[0m [32m INFO[0m [1mnode[0m[1m{[0m[3mname[0m[2m=[0mk#8dcff6d1..[1m}[0m[2m:[0m [2msui_core::checkpoints::checkpoint_output[0m[2m:[0m [2mcrates/sui-core/src/checkpoints/checkpoint_output.rs[0m[2m:[0m[2m149:[0m Creating checkpoint CheckpointDigest(FEMpJyrQMx7gwp3vyDgMfb4cQ6ucMqRMWdPsfRPxGSQB) at epoch 1, sequence 523, previous digest Some(CheckpointDigest(6JwmPrvTcYtgFwG9e9aQfTAswv5XbKNrEgJrnxwY5Uks)), transactions count 1, content digest CheckpointContentsDigest(6vLUci56d9DTdMnYSxVZhRoYqzAtFJz9Y4gJDcntNHdW), end_of_epoch_data None
[2m2025-03-25T07:56:22.184162Z[0m [32m INFO[0m [1mnode[0m[1m{[0m[3mname[0m[2m=[0mk#addeef94..[1m}[0m[2m:[0m [2msui_core::checkpoints::checkpoint_executor[0m[2m:[0m [2mcrates/sui-core/src/checkpoints/checkpoint_executor/mod.rs[0m[2m:[0m[2m332:[0m Received checkpoint summary from state sync [3msequence_number[0m[2m=[0m522
[2m2025-03-25T07:56:22.185719Z[0m [32m INFO[0m [1mnode[0m[1m{[0m[3mname[0m[2m=[0mk#addeef94..[1m}[0m[2m:[0m [2msui_core::state_accumulator[0m[2m:[0m [2mcrates/sui-core/src/state_accumulator.rs[0m[2m:[0m[2m675:[0m accumulating running root for checkpoint 522
[2m2025-03-25T07:56:22.325431Z[0m [32m INFO[0m [1mnode[0m[1m{[0m[3mname[0m[2m=[0mk#addeef94..[1m}[0m[2m:[0m [2mconsensus_core::core[0m[2m:[0m [2mconsensus/core/src/core.rs[0m[2m:[0m[2m945:[0m Included 3 ancestors & excluded 0 ancestors for proposal in round 323
[2m2025-03-25T07:56:22.325817Z[0m [32m INFO[0m [1mnode[0m[1m{[0m[3mname[0m[2m=[0mk#addeef94..[1m}[0m[2m:[0m [2mconsensus_core::core[0m[2m:[0m [2mconsensus/core/src/core.rs[0m[2m:[0m[2m531:[0m Created block B323(C,+85sANqiYRozCToM6mRAH8UP0Et3VAjrFtuXSiERTEI=)(1742889382325ms;[B322(C,WrEAburEnwvY96maN3UPij3pwxnS06PzJasK5HgmoeY=), B322(A,ttf9DWGQdZixdu80fnmVzozdNAb87285x9B/OoQdyC8=), B322(B,ZU+1WgBPIOHu7tdnZ1IGI5gIwBTWC/oN6/dOVueKfh8=)];1t;1c) for round 323
[2m2025-03-25T07:56:22.327880Z[0m [32m INFO[0m [1mnode[0m[1m{[0m[3mname[0m[2m=[0mk#8dcff6d1..[1m}[0m[2m:[0m [2mconsensus_core::core[0m[2m:[0m [2mconsensus/core/src/core.rs[0m[2m:[0m[2m945:[0m Included 3 ancestors & excluded 0 ancestors for proposal in round 323
[2m2025-03-25T07:56:22.327880Z[0m [32m INFO[0m [1mnode[0m[1m{[0m[3mname[0m[2m=[0mk#99f25ef6..[1m}[0m[2m:[0m [2mconsensus_core::core[0m[2m:[0m [2mconsensus/core/src/core.rs[0m[2m:[0m[2m945:[0m Included 3 ancestors & excluded 0 ancestors for proposal in round 323
[2m2025-03-25T07:56:22.328176Z[0m [32m INFO[0m [1mnode[0m[1m{[0m[3mname[0m[2m=[0mk#8dcff6d1..[1m}[0m[2m:[0m [2mconsensus_core::core[0m[2m:[0m [2mconsensus/core/src/core.rs[0m[2m:[0m[2m531:[0m Created block B323(A,iKk+Q2wPiWQ4aehQyTpvfU26sb05W2juvncAQ0pTfxc=)(1742889382328ms;[B322(A,ttf9DWGQdZixdu80fnmVzozdNAb87285x9B/OoQdyC8=), B322(B,ZU+1WgBPIOHu7tdnZ1IGI5gIwBTWC/oN6/dOVueKfh8=), B322(C,WrEAburEnwvY96maN3UPij3pwxnS06PzJasK5HgmoeY=)];1t;1c) for round 323
[2m2025-03-25T07:56:22.328176Z[0m [32m INFO[0m [1mnode[0m[1m{[0m[3mname[0m[2m=[0mk#99f25ef6..[1m}[0m[2m:[0m [2mconsensus_core::core[0m[2m:[0m [2mconsensus/core/src/core.rs[0m[2m:[0m[2m531:[0m Created block B323(B,s2kCARtaDy/n8o6ZSC+z4PMJ/B7Al9M+JiG1WQyStq4=)(1742889382328ms;[B322(B,ZU+1WgBPIOHu7tdnZ1IGI5gIwBTWC/oN6/dOVueKfh8=), B322(A,ttf9DWGQdZixdu80fnmVzozdNAb87285x9B/OoQdyC8=), B322(C,WrEAburEnwvY96maN3UPij3pwxnS06PzJasK5HgmoeY=)];1t;1c) for round 323
[2m2025-03-25T07:56:22.328250Z[0m [32m INFO[0m [1mnode[0m[1m{[0m[3mname[0m[2m=[0mk#8dcff6d1..[1m}[0m[2m:[0m [2mconsensus_core::core[0m[2m:[0m [2mconsensus/core/src/core.rs[0m[2m:[0m[2m630:[0m Committing 1 leaders: B321(C,Yrkp)
[2m2025-03-25T07:56:22.328250Z[0m [32m INFO[0m [1mnode[0m[1m{[0m[3mname[0m[2m=[0mk#99f25ef6..[1m}[0m[2m:[0m [2mconsensus_core::core[0m[2m:[0m [2mconsensus/core/src/core.rs[0m[2m:[0m[2m630:[0m Committing 1 leaders: B321(C,Yrkp)
[2m2025-03-25T07:56:22.328322Z[0m [32m INFO[0m [1mnode[0m[1m{[0m[3mname[0m[2m=[0mk#8dcff6d1..[1m}[0m[2m:[0m [2mconsensus_core::commit_observer[0m[2m:[0m [2mconsensus/core/src/commit_observer.rs[0m[2m:[0m[2m173:[0m Consensus commit C311(xaiE) with leader B321(C,Yrkp) has 3 blocks
[2m2025-03-25T07:56:22.328324Z[0m [32m INFO[0m [1mnode[0m[1m{[0m[3mname[0m[2m=[0mk#99f25ef6..[1m}[0m[2m:[0m [2mconsensus_core::commit_observer[0m[2m:[0m [2mconsensus/core/src/commit_observer.rs[0m[2m:[0m[2m173:[0m Consensus commit C311(xaiE) with leader B321(C,Yrkp) has 3 blocks
[2m2025-03-25T07:56:22.328413Z[0m [32m INFO[0m [1mnode[0m[1m{[0m[3mname[0m[2m=[0mk#8dcff6d1..[1m}[0m[2m:[0m [2msui_core::consensus_handler[0m[2m:[0m [2mcrates/sui-core/src/consensus_handler.rs[0m[2m:[0m[2m232:[0m Received consensus output [3mconsensus_commit[0m[2m=[0mCommittedSubDag(leader=B321(C,Yrkp), ref=C311(xaiE), blocks=[8xUg, JD+9, Yrkp]) [3mepoch[0m[2m=[0m1
[2m2025-03-25T07:56:22.328413Z[0m [32m INFO[0m [1mnode[0m[1m{[0m[3mname[0m[2m=[0mk#99f25ef6..[1m}[0m[2m:[0m [2msui_core::consensus_handler[0m[2m:[0m [2mcrates/sui-core/src/consensus_handler.rs[0m[2m:[0m[2m232:[0m Received consensus output [3mconsensus_commit[0m[2m=[0mCommittedSubDag(leader=B321(C,Yrkp), ref=C311(xaiE), blocks=[8xUg, JD+9, Yrkp]) [3mepoch[0m[2m=[0m1
[2m2025-03-25T07:56:22.332114Z[0m [32m INFO[0m [1mnode[0m[1m{[0m[3mname[0m[2m=[0mk#addeef94..[1m}[0m[2m:[0m [2mconsensus_core::core[0m[2m:[0m [2mconsensus/core/src/core.rs[0m[2m:[0m[2m630:[0m Committing 1 leaders: B321(C,Yrkp)
[2m2025-03-25T07:56:22.332210Z[0m [32m INFO[0m [1mnode[0m[1m{[0m[3mname[0m[2m=[0mk#addeef94..[1m}[0m[2m:[0m [2mconsensus_core::commit_observer[0m[2m:[0m [2mconsensus/core/src/commit_observer.rs[0m[2m:[0m[2m173:[0m Consensus commit C311(xaiE) with leader B321(C,Yrkp) has 3 blocks
[2m2025-03-25T07:56:22.332341Z[0m [32m INFO[0m [1mnode[0m[1m{[0m[3mname[0m[2m=[0mk#addeef94..[1m}[0m[2m:[0m [2msui_core::consensus_handler[0m[2m:[0m [2mcrates/sui-core/src/consensus_handler.rs[0m[2m:[0m[2m232:[0m Received consensus output [3mconsensus_commit[0m[2m=[0mCommittedSubDag(leader=B321(C,Yrkp), ref=C311(xaiE), blocks=[8xUg, JD+9, Yrkp]) [3mepoch[0m[2m=[0m1
[2m2025-03-25T07:56:22.355284Z[0m [32m INFO[0m [1mnode[0m[1m{[0m[3mname[0m[2m=[0mk#99f25ef6..[1m}[0m[2m:[0m [2msui_core::checkpoints[0m[2m:[0m [2mcrates/sui-core/src/checkpoints/mod.rs[0m[2m:[0m[2m1326:[0m Creating checkpoint(s) for 2 transactions [3mnext_checkpoint_seq[0m[2m=[0m524 [3mcheckpoint_timestamp[0m[2m=[0m1742889381813
[2m2025-03-25T07:56:22.355284Z[0m [32m INFO[0m [1mnode[0m[1m{[0m[3mname[0m[2m=[0mk#8dcff6d1..[1m}[0m[2m:[0m [2msui_core::checkpoints[0m[2m:[0m [2mcrates/sui-core/src/checkpoints/mod.rs[0m[2m:[0m[2m1326:[0m Creating checkpoint(s) for 2 transactions [3mnext_checkpoint_seq[0m[2m=[0m524 [3mcheckpoint_timestamp[0m[2m=[0m1742889381813
[2m2025-03-25T07:56:22.355609Z[0m [32m INFO[0m [1mnode[0m[1m{[0m[3mname[0m[2m=[0mk#99f25ef6..[1m}[0m[2m:[0m [2msui_core::checkpoints::checkpoint_output[0m[2m:[0m [2mcrates/sui-core/src/checkpoints/checkpoint_output.rs[0m[2m:[0m[2m149:[0m Creating checkpoint CheckpointDigest(8rHPoSQisPxb3kJfR3yhv3bxFgwbUaegNUP6cFKBXWrq) at epoch 1, sequence 524, previous digest Some(CheckpointDigest(FEMpJyrQMx7gwp3vyDgMfb4cQ6ucMqRMWdPsfRPxGSQB)), transactions count 2, content digest CheckpointContentsDigest(7szaB2goeqRrTzWYNke5YtJKEVeMaTGvik2f6WmV3AjG), end_of_epoch_data None
[2m2025-03-25T07:56:22.355609Z[0m [32m INFO[0m [1mnode[0m[1m{[0m[3mname[0m[2m=[0mk#8dcff6d1..[1m}[0m[2m:[0m [2msui_core::checkpoints::checkpoint_output[0m[2m:[0m [2mcrates/sui-core/src/checkpoints/checkpoint_output.rs[0m[2m:[0m[2m149:[0m Creating checkpoint CheckpointDigest(8rHPoSQisPxb3kJfR3yhv3bxFgwbUaegNUP6cFKBXWrq) at epoch 1, sequence 524, previous digest Some(CheckpointDigest(FEMpJyrQMx7gwp3vyDgMfb4cQ6ucMqRMWdPsfRPxGSQB)), transactions count 2, content digest CheckpointContentsDigest(7szaB2goeqRrTzWYNke5YtJKEVeMaTGvik2f6WmV3AjG), end_of_epoch_data None
[2m2025-03-25T07:56:22.358382Z[0m [32m INFO[0m [1mnode[0m[1m{[0m[3mname[0m[2m=[0mk#addeef94..[1m}[0m[2m:[0m [2msui_core::checkpoints[0m[2m:[0m [2mcrates/sui-core/src/checkpoints/mod.rs[0m[2m:[0m[2m1326:[0m Creating checkpoint(s) for 2 transactions [3mnext_checkpoint_seq[0m[2m=[0m524 [3mcheckpoint_timestamp[0m[2m=[0m1742889381813
[2m2025-03-25T07:56:22.358639Z[0m [32m INFO[0m [1mnode[0m[1m{[0m[3mname[0m[2m=[0mk#addeef94..[1m}[0m[2m:[0m [2msui_core::checkpoints::checkpoint_output[0m[2m:[0m [2mcrates/sui-core/src/checkpoints/checkpoint_output.rs[0m[2m:[0m[2m149:[0m Creating checkpoint CheckpointDigest(8rHPoSQisPxb3kJfR3yhv3bxFgwbUaegNUP6cFKBXWrq) at epoch 1, sequence 524, previous digest Some(CheckpointDigest(FEMpJyrQMx7gwp3vyDgMfb4cQ6ucMqRMWdPsfRPxGSQB)), transactions count 2, content digest CheckpointContentsDigest(7szaB2goeqRrTzWYNke5YtJKEVeMaTGvik2f6WmV3AjG), end_of_epoch_data None
[2m2025-03-25T07:56:22.358781Z[0m [32m INFO[0m [1mnode[0m[1m{[0m[3mname[0m[2m=[0mk#99f25ef6..[1m}[0m[2m:[0m [2msui_core::checkpoints::checkpoint_output[0m[2m:[0m [2mcrates/sui-core/src/checkpoints/checkpoint_output.rs[0m[2m:[0m[2m196:[0m Certified checkpoint with sequence 523 and digest FEMpJyrQMx7gwp3vyDgMfb4cQ6ucMqRMWdPsfRPxGSQB
[2m2025-03-25T07:56:22.358861Z[0m [32m INFO[0m [1mnode[0m[1m{[0m[3mname[0m[2m=[0mk#8dcff6d1..[1m}[0m[2m:[0m [2msui_core::checkpoints::checkpoint_output[0m[2m:[0m [2mcrates/sui-core/src/checkpoints/checkpoint_output.rs[0m[2m:[0m[2m196:[0m Certified checkpoint with sequence 523 and digest FEMpJyrQMx7gwp3vyDgMfb4cQ6ucMqRMWdPsfRPxGSQB
[2m2025-03-25T07:56:22.359224Z[0m [32m INFO[0m [1mnode[0m[1m{[0m[3mname[0m[2m=[0mk#99f25ef6..[1m}[0m[2m:[0m [2msui_core::checkpoints::checkpoint_executor[0m[2m:[0m [2mcrates/sui-core/src/checkpoints/checkpoint_executor/mod.rs[0m[2m:[0m[2m332:[0m Received checkpoint summary from state sync [3msequence_number[0m[2m=[0m523
[2m2025-03-25T07:56:22.359224Z[0m [32m INFO[0m [1mnode[0m[1m{[0m[3mname[0m[2m=[0mk#8dcff6d1..[1m}[0m[2m:[0m [2msui_core::checkpoints::checkpoint_executor[0m[2m:[0m [2mcrates/sui-core/src/checkpoints/checkpoint_executor/mod.rs[0m[2m:[0m[2m332:[0m Received checkpoint summary from state sync [3msequence_number[0m[2m=[0m523
[2m2025-03-25T07:56:22.360455Z[0m [32m INFO[0m [1mnode[0m[1m{[0m[3mname[0m[2m=[0mk#99f25ef6..[1m}[0m[2m:[0m [2msui_core::state_accumulator[0m[2m:[0m [2mcrates/sui-core/src/state_accumulator.rs[0m[2m:[0m[2m675:[0m accumulating running root for checkpoint 523
[2m2025-03-25T07:56:22.360457Z[0m [32m INFO[0m [1mnode[0m[1m{[0m[3mname[0m[2m=[0mk#8dcff6d1..[1m}[0m[2m:[0m [2msui_core::state_accumulator[0m[2m:[0m [2mcrates/sui-core/src/state_accumulator.rs[0m[2m:[0m[2m675:[0m accumulating running root for checkpoint 523
[2m2025-03-25T07:56:22.362658Z[0m [32m INFO[0m [1mnode[0m[1m{[0m[3mname[0m[2m=[0mk#addeef94..[1m}[0m[2m:[0m [2msui_core::checkpoints::checkpoint_executor[0m[2m:[0m [2mcrates/sui-core/src/checkpoints/checkpoint_executor/mod.rs[0m[2m:[0m[2m332:[0m Received checkpoint summary from state sync [3msequence_number[0m[2m=[0m523
[2m2025-03-25T07:56:22.363375Z[0m [32m INFO[0m [1mnode[0m[1m{[0m[3mname[0m[2m=[0mk#addeef94..[1m}[0m[2m:[0m [2msui_core::state_accumulator[0m[2m:[0m [2mcrates/sui-core/src/state_accumulator.rs[0m[2m:[0m[2m675:[0m accumulating running root for checkpoint 523
[2m2025-03-25T07:56:22.581185Z[0m [32m INFO[0m [1mnode[0m[1m{[0m[3mname[0m[2m=[0mk#8dcff6d1..[1m}[0m[2m:[0m [2mconsensus_core::core[0m[2m:[0m [2mconsensus/core/src/core.rs[0m[2m:[0m[2m945:[0m Included 3 ancestors & excluded 0 ancestors for proposal in round 324
[2m2025-03-25T07:56:22.581289Z[0m [32m INFO[0m [1mnode[0m[1m{[0m[3mname[0m[2m=[0mk#99f25ef6..[1m}[0m[2m:[0m [2mconsensus_core::core[0m[2m:[0m [2mconsensus/core/src/core.rs[0m[2m:[0m[2m945:[0m Included 3 ancestors & excluded 0 ancestors for proposal in round 324
[2m2025-03-25T07:56:22.581570Z[0m [32m INFO[0m [1mnode[0m[1m{[0m[3mname[0m[2m=[0mk#8dcff6d1..[1m}[0m[2m:[0m [2mconsensus_core::core[0m[2m:[0m [2mconsensus/core/src/core.rs[0m[2m:[0m[2m531:[0m Created block B324(A,QTYzmqF3Ldcsteq9sWtwZjkeclROMWFPCrsiQd9X04o=)(1742889382581ms;[B323(A,iKk+Q2wPiWQ4aehQyTpvfU26sb05W2juvncAQ0pTfxc=), B323(B,s2kCARtaDy/n8o6ZSC+z4PMJ/B7Al9M+JiG1WQyStq4=), B323(C,+85sANqiYRozCToM6mRAH8UP0Et3VAjrFtuXSiERTEI=)];1t;1c) for round 324
[2m2025-03-25T07:56:22.581583Z[0m [32m INFO[0m [1mnode[0m[1m{[0m[3mname[0m[2m=[0mk#99f25ef6..[1m}[0m[2m:[0m [2mconsensus_core::core[0m[2m:[0m [2mconsensus/core/src/core.rs[0m[2m:[0m[2m531:[0m Created block B324(B,A7Lks3iootX8GhHVHdw9/ONOmX9ZTCkJ6MkmAs5jdqg=)(1742889382581ms;[B323(B,s2kCARtaDy/n8o6ZSC+z4PMJ/B7Al9M+JiG1WQyStq4=), B323(A,iKk+Q2wPiWQ4aehQyTpvfU26sb05W2juvncAQ0pTfxc=), B323(C,+85sANqiYRozCToM6mRAH8UP0Et3VAjrFtuXSiERTEI=)];1t;1c) for round 324
[2m2025-03-25T07:56:22.584849Z[0m [32m INFO[0m [1mnode[0m[1m{[0m[3mname[0m[2m=[0mk#addeef94..[1m}[0m[2m:[0m [2mconsensus_core::core[0m[2m:[0m [2mconsensus/core/src/core.rs[0m[2m:[0m[2m945:[0m Included 3 ancestors & excluded 0 ancestors for proposal in round 324
[2m2025-03-25T07:56:22.585153Z[0m [32m INFO[0m [1mnode[0m[1m{[0m[3mname[0m[2m=[0mk#addeef94..[1m}[0m[2m:[0m [2mconsensus_core::core[0m[2m:[0m [2mconsensus/core/src/core.rs[0m[2m:[0m[2m531:[0m Created block B324(C,Z3FaBhA7382fJjWmwSnxMltDswJdjvK+ljSR2RQxhr8=)(1742889382585ms;[B323(C,+85sANqiYRozCToM6mRAH8UP0Et3VAjrFtuXSiERTEI=), B323(A,iKk+Q2wPiWQ4aehQyTpvfU26sb05W2juvncAQ0pTfxc=), B323(B,s2kCARtaDy/n8o6ZSC+z4PMJ/B7Al9M+JiG1WQyStq4=)];1t;1c) for round 324
[2m2025-03-25T07:56:22.585221Z[0m [32m INFO[0m [1mnode[0m[1m{[0m[3mname[0m[2m=[0mk#addeef94..[1m}[0m[2m:[0m [2mconsensus_core::core[0m[2m:[0m [2mconsensus/core/src/core.rs[0m[2m:[0m[2m630:[0m Committing 1 leaders: B322(B,ZU+1)
[2m2025-03-25T07:56:22.585298Z[0m [32m INFO[0m [1mnode[0m[1m{[0m[3mname[0m[2m=[0mk#addeef94..[1m}[0m[2m:[0m [2mconsensus_core::commit_observer[0m[2m:[0m [2mconsensus/core/src/commit_observer.rs[0m[2m:[0m[2m173:[0m Consensus commit C312(924d) with leader B322(B,ZU+1) has 3 blocks
[2m2025-03-25T07:56:22.585380Z[0m [32m INFO[0m [1mnode[0m[1m{[0m[3mname[0m[2m=[0mk#addeef94..[1m}[0m[2m:[0m [2msui_core::consensus_handler[0m[2m:[0m [2mcrates/sui-core/src/consensus_handler.rs[0m[2m:[0m[2m232:[0m Received consensus output [3mconsensus_commit[0m[2m=[0mCommittedSubDag(leader=B322(B,ZU+1), ref=C312(924d), blocks=[kPte, UGtl, ZU+1]) [3mepoch[0m[2m=[0m1
[2m2025-03-25T07:56:22.588481Z[0m [32m INFO[0m [1mnode[0m[1m{[0m[3mname[0m[2m=[0mk#99f25ef6..[1m}[0m[2m:[0m [2msui_core::checkpoints::checkpoint_output[0m[2m:[0m [2mcrates/sui-core/src/checkpoints/checkpoint_output.rs[0m[2m:[0m[2m196:[0m Certified checkpoint with sequence 524 and digest 8rHPoSQisPxb3kJfR3yhv3bxFgwbUaegNUP6cFKBXWrq
[2m2025-03-25T07:56:22.588483Z[0m [32m INFO[0m [1mnode[0m[1m{[0m[3mname[0m[2m=[0mk#8dcff6d1..[1m}[0m[2m:[0m [2msui_core::checkpoints::checkpoint_output[0m[2m:[0m [2mcrates/sui-core/src/checkpoints/checkpoint_output.rs[0m[2m:[0m[2m196:[0m Certified checkpoint with sequence 524 and digest 8rHPoSQisPxb3kJfR3yhv3bxFgwbUaegNUP6cFKBXWrq
[2m2025-03-25T07:56:22.588592Z[0m [32m INFO[0m [1mnode[0m[1m{[0m[3mname[0m[2m=[0mk#8dcff6d1..[1m}[0m[2m:[0m [2mconsensus_core::core[0m[2m:[0m [2mconsensus/core/src/core.rs[0m[2m:[0m[2m630:[0m Committing 1 leaders: B322(B,ZU+1)
[2m2025-03-25T07:56:22.588592Z[0m [32m INFO[0m [1mnode[0m[1m{[0m[3mname[0m[2m=[0mk#99f25ef6..[1m}[0m[2m:[0m [2mconsensus_core::core[0m[2m:[0m [2mconsensus/core/src/core.rs[0m[2m:[0m[2m630:[0m Committing 1 leaders: B322(B,ZU+1)
[2m2025-03-25T07:56:22.588700Z[0m [32m INFO[0m [1mnode[0m[1m{[0m[3mname[0m[2m=[0mk#8dcff6d1..[1m}[0m[2m:[0m [2mconsensus_core::commit_observer[0m[2m:[0m [2mconsensus/core/src/commit_observer.rs[0m[2m:[0m[2m173:[0m Consensus commit C312(924d) with leader B322(B,ZU+1) has 3 blocks
[2m2025-03-25T07:56:22.588712Z[0m [32m INFO[0m [1mnode[0m[1m{[0m[3mname[0m[2m=[0mk#99f25ef6..[1m}[0m[2m:[0m [2mconsensus_core::commit_observer[0m[2m:[0m [2mconsensus/core/src/commit_observer.rs[0m[2m:[0m[2m173:[0m Consensus commit C312(924d) with leader B322(B,ZU+1) has 3 blocks
[2m2025-03-25T07:56:22.589150Z[0m [32m INFO[0m [1mnode[0m[1m{[0m[3mname[0m[2m=[0mk#8dcff6d1..[1m}[0m[2m:[0m [2msui_core::consensus_handler[0m[2m:[0m [2mcrates/sui-core/src/consensus_handler.rs[0m[2m:[0m[2m232:[0m Received consensus output [3mconsensus_commit[0m[2m=[0mCommittedSubDag(leader=B322(B,ZU+1), ref=C312(924d), blocks=[kPte, UGtl, ZU+1]) [3mepoch[0m[2m=[0m1
[2m2025-03-25T07:56:22.589150Z[0m [32m INFO[0m [1mnode[0m[1m{[0m[3mname[0m[2m=[0mk#99f25ef6..[1m}[0m[2m:[0m [2msui_core::consensus_handler[0m[2m:[0m [2mcrates/sui-core/src/consensus_handler.rs[0m[2m:[0m[2m232:[0m Received consensus output [3mconsensus_commit[0m[2m=[0mCommittedSubDag(leader=B322(B,ZU+1), ref=C312(924d), blocks=[kPte, UGtl, ZU+1]) [3mepoch[0m[2m=[0m1
[2m2025-03-25T07:56:22.589767Z[0m [32m INFO[0m [1mnode[0m[1m{[0m[3mname[0m[2m=[0mk#8dcff6d1..[1m}[0m[2m:[0m [2msui_core::checkpoints::checkpoint_executor[0m[2m:[0m [2mcrates/sui-core/src/checkpoints/checkpoint_executor/mod.rs[0m[2m:[0m[2m332:[0m Received checkpoint summary from state sync [3msequence_number[0m[2m=[0m524
[2m2025-03-25T07:56:22.589767Z[0m [32m INFO[0m [1mnode[0m[1m{[0m[3mname[0m[2m=[0mk#99f25ef6..[1m}[0m[2m:[0m [2msui_core::checkpoints::checkpoint_executor[0m[2m:[0m [2mcrates/sui-core/src/checkpoints/checkpoint_executor/mod.rs[0m[2m:[0m[2m332:[0m Received checkpoint summary from state sync [3msequence_number[0m[2m=[0m524
[2m2025-03-25T07:56:22.603368Z[0m [32m INFO[0m [1mnode[0m[1m{[0m[3mname[0m[2m=[0mk#8dcff6d1..[1m}[0m[2m:[0m [2msui_core::state_accumulator[0m[2m:[0m [2mcrates/sui-core/src/state_accumulator.rs[0m[2m:[0m[2m675:[0m accumulating running root for checkpoint 524
[2m2025-03-25T07:56:22.603368Z[0m [32m INFO[0m [1mnode[0m[1m{[0m[3mname[0m[2m=[0mk#99f25ef6..[1m}[0m[2m:[0m [2msui_core::state_accumulator[0m[2m:[0m [2mcrates/sui-core/src/state_accumulator.rs[0m[2m:[0m[2m675:[0m accumulating running root for checkpoint 524
[2m2025-03-25T07:56:22.629561Z[0m [32m INFO[0m [1mnode[0m[1m{[0m[3mname[0m[2m=[0mk#addeef94..[1m}[0m[2m:[0m [2msui_core::checkpoints[0m[2m:[0m [2mcrates/sui-core/src/checkpoints/mod.rs[0m[2m:[0m[2m1326:[0m Creating checkpoint(s) for 1 transactions [3mnext_checkpoint_seq[0m[2m=[0m525 [3mcheckpoint_timestamp[0m[2m=[0m1742889382068
[2m2025-03-25T07:56:22.629790Z[0m [32m INFO[0m [1mnode[0m[1m{[0m[3mname[0m[2m=[0mk#addeef94..[1m}[0m[2m:[0m [2msui_core::checkpoints::checkpoint_output[0m[2m:[0m [2mcrates/sui-core/src/checkpoints/checkpoint_output.rs[0m[2m:[0m[2m149:[0m Creating checkpoint CheckpointDigest(ESSCWgxKNt9AhsE1RoJVhzsjxL795J8zLP1aqFYdTAKS) at epoch 1, sequence 525, previous digest Some(CheckpointDigest(8rHPoSQisPxb3kJfR3yhv3bxFgwbUaegNUP6cFKBXWrq)), transactions count 1, content digest CheckpointContentsDigest(DKmSt7ioFuCJ2BySnBze7FQxRKy4bf8ThpdMYGb6FCKs), end_of_epoch_data None
[2m2025-03-25T07:56:22.634560Z[0m [32m INFO[0m [1mnode[0m[1m{[0m[3mname[0m[2m=[0mk#8dcff6d1..[1m}[0m[2m:[0m [2msui_core::checkpoints[0m[2m:[0m [2mcrates/sui-core/src/checkpoints/mod.rs[0m[2m:[0m[2m1326:[0m Creating checkpoint(s) for 1 transactions [3mnext_checkpoint_seq[0m[2m=[0m525 [3mcheckpoint_timestamp[0m[2m=[0m1742889382068
[2m2025-03-25T07:56:22.634735Z[0m [32m INFO[0m [1mnode[0m[1m{[0m[3mname[0m[2m=[0mk#8dcff6d1..[1m}[0m[2m:[0m [2msui_core::checkpoints::checkpoint_output[0m[2m:[0m [2mcrates/sui-core/src/checkpoints/checkpoint_output.rs[0m[2m:[0m[2m149:[0m Creating checkpoint CheckpointDigest(ESSCWgxKNt9AhsE1RoJVhzsjxL795J8zLP1aqFYdTAKS) at epoch 1, sequence 525, previous digest Some(CheckpointDigest(8rHPoSQisPxb3kJfR3yhv3bxFgwbUaegNUP6cFKBXWrq)), transactions count 1, content digest CheckpointContentsDigest(DKmSt7ioFuCJ2BySnBze7FQxRKy4bf8ThpdMYGb6FCKs), end_of_epoch_data None
[2m2025-03-25T07:56:22.634756Z[0m [32m INFO[0m [1mnode[0m[1m{[0m[3mname[0m[2m=[0mk#99f25ef6..[1m}[0m[2m:[0m [2msui_core::checkpoints[0m[2m:[0m [2mcrates/sui-core/src/checkpoints/mod.rs[0m[2m:[0m[2m1326:[0m Creating checkpoint(s) for 1 transactions [3mnext_checkpoint_seq[0m[2m=[0m525 [3mcheckpoint_timestamp[0m[2m=[0m1742889382068
[2m2025-03-25T07:56:22.634926Z[0m [32m INFO[0m [1mnode[0m[1m{[0m[3mname[0m[2m=[0mk#99f25ef6..[1m}[0m[2m:[0m [2msui_core::checkpoints::checkpoint_output[0m[2m:[0m [2mcrates/sui-core/src/checkpoints/checkpoint_output.rs[0m[2m:[0m[2m149:[0m Creating checkpoint CheckpointDigest(ESSCWgxKNt9AhsE1RoJVhzsjxL795J8zLP1aqFYdTAKS) at epoch 1, sequence 525, previous digest Some(CheckpointDigest(8rHPoSQisPxb3kJfR3yhv3bxFgwbUaegNUP6cFKBXWrq)), transactions count 1, content digest CheckpointContentsDigest(DKmSt7ioFuCJ2BySnBze7FQxRKy4bf8ThpdMYGb6FCKs), end_of_epoch_data None
[2m2025-03-25T07:56:22.696438Z[0m [32m INFO[0m [1mnode[0m[1m{[0m[3mname[0m[2m=[0mk#addeef94..[1m}[0m[2m:[0m [2msui_core::checkpoints::checkpoint_executor[0m[2m:[0m [2mcrates/sui-core/src/checkpoints/checkpoint_executor/mod.rs[0m[2m:[0m[2m332:[0m Received checkpoint summary from state sync [3msequence_number[0m[2m=[0m524
[2m2025-03-25T07:56:22.697898Z[0m [32m INFO[0m [1mnode[0m[1m{[0m[3mname[0m[2m=[0mk#addeef94..[1m}[0m[2m:[0m [2msui_core::state_accumulator[0m[2m:[0m [2mcrates/sui-core/src/state_accumulator.rs[0m[2m:[0m[2m675:[0m accumulating running root for checkpoint 524
[2m2025-03-25T07:56:22.838330Z[0m [32m INFO[0m [1mnode[0m[1m{[0m[3mname[0m[2m=[0mk#addeef94..[1m}[0m[2m:[0m [2mconsensus_core::core[0m[2m:[0m [2mconsensus/core/src/core.rs[0m[2m:[0m[2m945:[0m Included 3 ancestors & excluded 0 ancestors for proposal in round 325
[2m2025-03-25T07:56:22.838695Z[0m [32m INFO[0m [1mnode[0m[1m{[0m[3mname[0m[2m=[0mk#addeef94..[1m}[0m[2m:[0m [2mconsensus_core::core[0m[2m:[0m [2mconsensus/core/src/core.rs[0m[2m:[0m[2m531:[0m Created block B325(C,Tyn8+4eTj/5S7zTrjyOONUQhlKQe4SL0RJelBvavqgA=)(1742889382838ms;[B324(C,Z3FaBhA7382fJjWmwSnxMltDswJdjvK+ljSR2RQxhr8=), B324(A,QTYzmqF3Ldcsteq9sWtwZjkeclROMWFPCrsiQd9X04o=), B324(B,A7Lks3iootX8GhHVHdw9/ONOmX9ZTCkJ6MkmAs5jdqg=)];1t;1c) for round 325
[2m2025-03-25T07:56:22.840632Z[0m [32m INFO[0m [1mnode[0m[1m{[0m[3mname[0m[2m=[0mk#99f25ef6..[1m}[0m[2m:[0m [2mconsensus_core::core[0m[2m:[0m [2mconsensus/core/src/core.rs[0m[2m:[0m[2m945:[0m Included 3 ancestors & excluded 0 ancestors for proposal in round 325
[2m2025-03-25T07:56:22.840632Z[0m [32m INFO[0m [1mnode[0m[1m{[0m[3mname[0m[2m=[0mk#8dcff6d1..[1m}[0m[2m:[0m [2mconsensus_core::core[0m[2m:[0m [2mconsensus/core/src/core.rs[0m[2m:[0m[2m945:[0m Included 3 ancestors & excluded 0 ancestors for proposal in round 325
[2m2025-03-25T07:56:22.840920Z[0m [32m INFO[0m [1mnode[0m[1m{[0m[3mname[0m[2m=[0mk#99f25ef6..[1m}[0m[2m:[0m [2mconsensus_core::core[0m[2m:[0m [2mconsensus/core/src/core.rs[0m[2m:[0m[2m531:[0m Created block B325(B,0N+sv9EAn8kITMJEGhXKwcyRIwHCIZY77DhtaajYb9o=)(1742889382840ms;[B324(B,A7Lks3iootX8GhHVHdw9/ONOmX9ZTCkJ6MkmAs5jdqg=), B324(A,QTYzmqF3Ldcsteq9sWtwZjkeclROMWFPCrsiQd9X04o=), B324(C,Z3FaBhA7382fJjWmwSnxMltDswJdjvK+ljSR2RQxhr8=)];1t;1c) for round 325
[2m2025-03-25T07:56:22.840929Z[0m [32m INFO[0m [1mnode[0m[1m{[0m[3mname[0m[2m=[0mk#8dcff6d1..[1m}[0m[2m:[0m [2mconsensus_core::core[0m[2m:[0m [2mconsensus/core/src/core.rs[0m[2m:[0m[2m531:[0m Created block B325(A,LSY85wZASMdwcHpQtOiv51xvJpJBtqvINqYQaR16xII=)(1742889382840ms;[B324(A,QTYzmqF3Ldcsteq9sWtwZjkeclROMWFPCrsiQd9X04o=), B324(B,A7Lks3iootX8GhHVHdw9/ONOmX9ZTCkJ6MkmAs5jdqg=), B324(C,Z3FaBhA7382fJjWmwSnxMltDswJdjvK+ljSR2RQxhr8=)];1t;1c) for round 325
[2m2025-03-25T07:56:22.840990Z[0m [32m INFO[0m [1mnode[0m[1m{[0m[3mname[0m[2m=[0mk#99f25ef6..[1m}[0m[2m:[0m [2mconsensus_core::core[0m[2m:[0m [2mconsensus/core/src/core.rs[0m[2m:[0m[2m630:[0m Committing 1 leaders: B323(C,+85s)
[2m2025-03-25T07:56:22.840993Z[0m [32m INFO[0m [1mnode[0m[1m{[0m[3mname[0m[2m=[0mk#8dcff6d1..[1m}[0m[2m:[0m [2mconsensus_core::core[0m[2m:[0m [2mconsensus/core/src/core.rs[0m[2m:[0m[2m630:[0m Committing 1 leaders: B323(C,+85s)
[2m2025-03-25T07:56:22.841060Z[0m [32m INFO[0m [1mnode[0m[1m{[0m[3mname[0m[2m=[0mk#99f25ef6..[1m}[0m[2m:[0m [2mconsensus_core::commit_observer[0m[2m:[0m [2mconsensus/core/src/commit_observer.rs[0m[2m:[0m[2m173:[0m Consensus commit C313(MW7p) with leader B323(C,+85s) has 3 blocks
[2m2025-03-25T07:56:22.841060Z[0m [32m INFO[0m [1mnode[0m[1m{[0m[3mname[0m[2m=[0mk#8dcff6d1..[1m}[0m[2m:[0m [2mconsensus_core::commit_observer[0m[2m:[0m [2mconsensus/core/src/commit_observer.rs[0m[2m:[0m[2m173:[0m Consensus commit C313(MW7p) with leader B323(C,+85s) has 3 blocks
[2m2025-03-25T07:56:22.841144Z[0m [32m INFO[0m [1mnode[0m[1m{[0m[3mname[0m[2m=[0mk#99f25ef6..[1m}[0m[2m:[0m [2msui_core::consensus_handler[0m[2m:[0m [2mcrates/sui-core/src/consensus_handler.rs[0m[2m:[0m[2m232:[0m Received consensus output [3mconsensus_commit[0m[2m=[0mCommittedSubDag(leader=B323(C,+85s), ref=C313(MW7p), blocks=[ttf9, WrEA, +85s]) [3mepoch[0m[2m=[0m1
[2m2025-03-25T07:56:22.841144Z[0m [32m INFO[0m [1mnode[0m[1m{[0m[3mname[0m[2m=[0mk#8dcff6d1..[1m}[0m[2m:[0m [2msui_core::consensus_handler[0m[2m:[0m [2mcrates/sui-core/src/consensus_handler.rs[0m[2m:[0m[2m232:[0m Received consensus output [3mconsensus_commit[0m[2m=[0mCommittedSubDag(leader=B323(C,+85s), ref=C313(MW7p), blocks=[ttf9, WrEA, +85s]) [3mepoch[0m[2m=[0m1
[2m2025-03-25T07:56:22.844829Z[0m [32m INFO[0m [1mnode[0m[1m{[0m[3mname[0m[2m=[0mk#addeef94..[1m}[0m[2m:[0m [2mconsensus_core::core[0m[2m:[0m [2mconsensus/core/src/core.rs[0m[2m:[0m[2m630:[0m Committing 1 leaders: B323(C,+85s)
[2m2025-03-25T07:56:22.844930Z[0m [32m INFO[0m [1mnode[0m[1m{[0m[3mname[0m[2m=[0mk#addeef94..[1m}[0m[2m:[0m [2mconsensus_core::commit_observer[0m[2m:[0m [2mconsensus/core/src/commit_observer.rs[0m[2m:[0m[2m173:[0m Consensus commit C313(MW7p) with leader B323(C,+85s) has 3 blocks
[2m2025-03-25T07:56:22.845056Z[0m [32m INFO[0m [1mnode[0m[1m{[0m[3mname[0m[2m=[0mk#addeef94..[1m}[0m[2m:[0m [2msui_core::consensus_handler[0m[2m:[0m [2mcrates/sui-core/src/consensus_handler.rs[0m[2m:[0m[2m232:[0m Received consensus output [3mconsensus_commit[0m[2m=[0mCommittedSubDag(leader=B323(C,+85s), ref=C313(MW7p), blocks=[ttf9, WrEA, +85s]) [3mepoch[0m[2m=[0m1
[2m2025-03-25T07:56:22.867800Z[0m [32m INFO[0m [1mnode[0m[1m{[0m[3mname[0m[2m=[0mk#99f25ef6..[1m}[0m[2m:[0m [2msui_core::checkpoints[0m[2m:[0m [2mcrates/sui-core/src/checkpoints/mod.rs[0m[2m:[0m[2m1326:[0m Creating checkpoint(s) for 2 transactions [3mnext_checkpoint_seq[0m[2m=[0m526 [3mcheckpoint_timestamp[0m[2m=[0m1742889382325
[2m2025-03-25T07:56:22.867802Z[0m [32m INFO[0m [1mnode[0m[1m{[0m[3mname[0m[2m=[0mk#8dcff6d1..[1m}[0m[2m:[0m [2msui_core::checkpoints[0m[2m:[0m [2mcrates/sui-core/src/checkpoints/mod.rs[0m[2m:[0m[2m1326:[0m Creating checkpoint(s) for 2 transactions [3mnext_checkpoint_seq[0m[2m=[0m526 [3mcheckpoint_timestamp[0m[2m=[0m1742889382325
[2m2025-03-25T07:56:22.868109Z[0m [32m INFO[0m [1mnode[0m[1m{[0m[3mname[0m[2m=[0mk#99f25ef6..[1m}[0m[2m:[0m [2msui_core::checkpoints::checkpoint_output[0m[2m:[0m [2mcrates/sui-core/src/checkpoints/checkpoint_output.rs[0m[2m:[0m[2m149:[0m Creating checkpoint CheckpointDigest(9PTWdeVdsUVqEM1adiTdrU7mjSxsdH5To7RcdhoJQFgH) at epoch 1, sequence 526, previous digest Some(CheckpointDigest(ESSCWgxKNt9AhsE1RoJVhzsjxL795J8zLP1aqFYdTAKS)), transactions count 2, content digest CheckpointContentsDigest(39rAevxwiywq3se4LFrKuyPP32P9vpsbPRbCdX4REXcV), end_of_epoch_data None
[2m2025-03-25T07:56:22.868109Z[0m [32m INFO[0m [1mnode[0m[1m{[0m[3mname[0m[2m=[0mk#8dcff6d1..[1m}[0m[2m:[0m [2msui_core::checkpoints::checkpoint_output[0m[2m:[0m [2mcrates/sui-core/src/checkpoints/checkpoint_output.rs[0m[2m:[0m[2m149:[0m Creating checkpoint CheckpointDigest(9PTWdeVdsUVqEM1adiTdrU7mjSxsdH5To7RcdhoJQFgH) at epoch 1, sequence 526, previous digest Some(CheckpointDigest(ESSCWgxKNt9AhsE1RoJVhzsjxL795J8zLP1aqFYdTAKS)), transactions count 2, content digest CheckpointContentsDigest(39rAevxwiywq3se4LFrKuyPP32P9vpsbPRbCdX4REXcV), end_of_epoch_data None
[2m2025-03-25T07:56:22.870986Z[0m [32m INFO[0m [1mnode[0m[1m{[0m[3mname[0m[2m=[0mk#addeef94..[1m}[0m[2m:[0m [2msui_core::checkpoints[0m[2m:[0m [2mcrates/sui-core/src/checkpoints/mod.rs[0m[2m:[0m[2m1326:[0m Creating checkpoint(s) for 2 transactions [3mnext_checkpoint_seq[0m[2m=[0m526 [3mcheckpoint_timestamp[0m[2m=[0m1742889382325
[2m2025-03-25T07:56:22.871159Z[0m [32m INFO[0m [1mnode[0m[1m{[0m[3mname[0m[2m=[0mk#99f25ef6..[1m}[0m[2m:[0m [2msui_core::checkpoints::checkpoint_output[0m[2m:[0m [2mcrates/sui-core/src/checkpoints/checkpoint_output.rs[0m[2m:[0m[2m196:[0m Certified checkpoint with sequence 525 and digest ESSCWgxKNt9AhsE1RoJVhzsjxL795J8zLP1aqFYdTAKS
[2m2025-03-25T07:56:22.871227Z[0m [32m INFO[0m [1mnode[0m[1m{[0m[3mname[0m[2m=[0mk#8dcff6d1..[1m}[0m[2m:[0m [2msui_core::checkpoints::checkpoint_output[0m[2m:[0m [2mcrates/sui-core/src/checkpoints/checkpoint_output.rs[0m[2m:[0m[2m196:[0m Certified checkpoint with sequence 525 and digest ESSCWgxKNt9AhsE1RoJVhzsjxL795J8zLP1aqFYdTAKS
[2m2025-03-25T07:56:22.871237Z[0m [32m INFO[0m [1mnode[0m[1m{[0m[3mname[0m[2m=[0mk#addeef94..[1m}[0m[2m:[0m [2msui_core::checkpoints::checkpoint_output[0m[2m:[0m [2mcrates/sui-core/src/checkpoints/checkpoint_output.rs[0m[2m:[0m[2m149:[0m Creating checkpoint CheckpointDigest(9PTWdeVdsUVqEM1adiTdrU7mjSxsdH5To7RcdhoJQFgH) at epoch 1, sequence 526, previous digest Some(CheckpointDigest(ESSCWgxKNt9AhsE1RoJVhzsjxL795J8zLP1aqFYdTAKS)), transactions count 2, content digest CheckpointContentsDigest(39rAevxwiywq3se4LFrKuyPP32P9vpsbPRbCdX4REXcV), end_of_epoch_data None
[2m2025-03-25T07:56:22.871584Z[0m [32m INFO[0m [1mnode[0m[1m{[0m[3mname[0m[2m=[0mk#8dcff6d1..[1m}[0m[2m:[0m [2msui_core::checkpoints::checkpoint_executor[0m[2m:[0m [2mcrates/sui-core/src/checkpoints/checkpoint_executor/mod.rs[0m[2m:[0m[2m332:[0m Received checkpoint summary from state sync [3msequence_number[0m[2m=[0m525
[2m2025-03-25T07:56:22.871584Z[0m [32m INFO[0m [1mnode[0m[1m{[0m[3mname[0m[2m=[0mk#99f25ef6..[1m}[0m[2m:[0m [2msui_core::checkpoints::checkpoint_executor[0m[2m:[0m [2mcrates/sui-core/src/checkpoints/checkpoint_executor/mod.rs[0m[2m:[0m[2m332:[0m Received checkpoint summary from state sync [3msequence_number[0m[2m=[0m525
[2m2025-03-25T07:56:22.872743Z[0m [32m INFO[0m [1mnode[0m[1m{[0m[3mname[0m[2m=[0mk#99f25ef6..[1m}[0m[2m:[0m [2msui_core::state_accumulator[0m[2m:[0m [2mcrates/sui-core/src/state_accumulator.rs[0m[2m:[0m[2m675:[0m accumulating running root for checkpoint 525
[2m2025-03-25T07:56:22.872743Z[0m [32m INFO[0m [1mnode[0m[1m{[0m[3mname[0m[2m=[0mk#8dcff6d1..[1m}[0m[2m:[0m [2msui_core::state_accumulator[0m[2m:[0m [2mcrates/sui-core/src/state_accumulator.rs[0m[2m:[0m[2m675:[0m accumulating running root for checkpoint 525
[2m2025-03-25T07:56:22.874911Z[0m [32m INFO[0m [1mnode[0m[1m{[0m[3mname[0m[2m=[0mk#addeef94..[1m}[0m[2m:[0m [2msui_core::checkpoints::checkpoint_executor[0m[2m:[0m [2mcrates/sui-core/src/checkpoints/checkpoint_executor/mod.rs[0m[2m:[0m[2m332:[0m Received checkpoint summary from state sync [3msequence_number[0m[2m=[0m525
[2m2025-03-25T07:56:22.875612Z[0m [32m INFO[0m [1mnode[0m[1m{[0m[3mname[0m[2m=[0mk#addeef94..[1m}[0m[2m:[0m [2msui_core::state_accumulator[0m[2m:[0m [2mcrates/sui-core/src/state_accumulator.rs[0m[2m:[0m[2m675:[0m accumulating running root for checkpoint 525
[2m2025-03-25T07:56:23.093786Z[0m [32m INFO[0m [1mnode[0m[1m{[0m[3mname[0m[2m=[0mk#8dcff6d1..[1m}[0m[2m:[0m [2mconsensus_core::core[0m[2m:[0m [2mconsensus/core/src/core.rs[0m[2m:[0m[2m945:[0m Included 3 ancestors & excluded 0 ancestors for proposal in round 326
[2m2025-03-25T07:56:23.094147Z[0m [32m INFO[0m [1mnode[0m[1m{[0m[3mname[0m[2m=[0mk#8dcff6d1..[1m}[0m[2m:[0m [2mconsensus_core::core[0m[2m:[0m [2mconsensus/core/src/core.rs[0m[2m:[0m[2m531:[0m Created block B326(A,2mpjOy1rOXoOjxh6u+aLHnfrGUrv/ivgYU8ki7jy2os=)(1742889383093ms;[B325(A,LSY85wZASMdwcHpQtOiv51xvJpJBtqvINqYQaR16xII=), B325(B,0N+sv9EAn8kITMJEGhXKwcyRIwHCIZY77DhtaajYb9o=), B325(C,Tyn8+4eTj/5S7zTrjyOONUQhlKQe4SL0RJelBvavqgA=)];1t;1c) for round 326
[2m2025-03-25T07:56:23.095736Z[0m [32m INFO[0m [1mnode[0m[1m{[0m[3mname[0m[2m=[0mk#99f25ef6..[1m}[0m[2m:[0m [2mconsensus_core::core[0m[2m:[0m [2mconsensus/core/src/core.rs[0m[2m:[0m[2m945:[0m Included 3 ancestors & excluded 0 ancestors for proposal in round 326
[2m2025-03-25T07:56:23.096032Z[0m [32m INFO[0m [1mnode[0m[1m{[0m[3mname[0m[2m=[0mk#99f25ef6..[1m}[0m[2m:[0m [2mconsensus_core::core[0m[2m:[0m [2mconsensus/core/src/core.rs[0m[2m:[0m[2m531:[0m Created block B326(B,FujeSmC52aEXXHai9A9ycuEHHMK1+vUNannx7smU3Uo=)(1742889383095ms;[B325(B,0N+sv9EAn8kITMJEGhXKwcyRIwHCIZY77DhtaajYb9o=), B325(A,LSY85wZASMdwcHpQtOiv51xvJpJBtqvINqYQaR16xII=), B325(C,Tyn8+4eTj/5S7zTrjyOONUQhlKQe4SL0RJelBvavqgA=)];1t;1c) for round 326
[2m2025-03-25T07:56:23.096067Z[0m [32m INFO[0m [1mnode[0m[1m{[0m[3mname[0m[2m=[0mk#addeef94..[1m}[0m[2m:[0m [2mconsensus_core::core[0m[2m:[0m [2mconsensus/core/src/core.rs[0m[2m:[0m[2m945:[0m Included 3 ancestors & excluded 0 ancestors for proposal in round 326
[2m2025-03-25T07:56:23.096364Z[0m [32m INFO[0m [1mnode[0m[1m{[0m[3mname[0m[2m=[0mk#addeef94..[1m}[0m[2m:[0m [2mconsensus_core::core[0m[2m:[0m [2mconsensus/core/src/core.rs[0m[2m:[0m[2m531:[0m Created block B326(C,vnASoqGsFgmuE1SVk12UNxZyCcxcZOjDzGTmRN5V+E8=)(1742889383096ms;[B325(C,Tyn8+4eTj/5S7zTrjyOONUQhlKQe4SL0RJelBvavqgA=), B325(A,LSY85wZASMdwcHpQtOiv51xvJpJBtqvINqYQaR16xII=), B325(B,0N+sv9EAn8kITMJEGhXKwcyRIwHCIZY77DhtaajYb9o=)];1t;1c) for round 326
[2m2025-03-25T07:56:23.096434Z[0m [32m INFO[0m [1mnode[0m[1m{[0m[3mname[0m[2m=[0mk#addeef94..[1m}[0m[2m:[0m [2mconsensus_core::core[0m[2m:[0m [2mconsensus/core/src/core.rs[0m[2m:[0m[2m630:[0m Committing 1 leaders: B324(B,A7Lk)
[2m2025-03-25T07:56:23.096504Z[0m [32m INFO[0m [1mnode[0m[1m{[0m[3mname[0m[2m=[0mk#addeef94..[1m}[0m[2m:[0m [2mconsensus_core::commit_observer[0m[2m:[0m [2mconsensus/core/src/commit_observer.rs[0m[2m:[0m[2m173:[0m Consensus commit C314(E8po) with leader B324(B,A7Lk) has 3 blocks
[2m2025-03-25T07:56:23.096582Z[0m [32m INFO[0m [1mnode[0m[1m{[0m[3mname[0m[2m=[0mk#addeef94..[1m}[0m[2m:[0m [2msui_core::consensus_handler[0m[2m:[0m [2mcrates/sui-core/src/consensus_handler.rs[0m[2m:[0m[2m232:[0m Received consensus output [3mconsensus_commit[0m[2m=[0mCommittedSubDag(leader=B324(B,A7Lk), ref=C314(E8po), blocks=[iKk+, s2kC, A7Lk]) [3mepoch[0m[2m=[0m1
[2m2025-03-25T07:56:23.099652Z[0m [32m INFO[0m [1mnode[0m[1m{[0m[3mname[0m[2m=[0mk#99f25ef6..[1m}[0m[2m:[0m [2msui_core::checkpoints::checkpoint_output[0m[2m:[0m [2mcrates/sui-core/src/checkpoints/checkpoint_output.rs[0m[2m:[0m[2m196:[0m Certified checkpoint with sequence 526 and digest 9PTWdeVdsUVqEM1adiTdrU7mjSxsdH5To7RcdhoJQFgH
[2m2025-03-25T07:56:23.099756Z[0m [32m INFO[0m [1mnode[0m[1m{[0m[3mname[0m[2m=[0mk#99f25ef6..[1m}[0m[2m:[0m [2mconsensus_core::core[0m[2m:[0m [2mconsensus/core/src/core.rs[0m[2m:[0m[2m630:[0m Committing 1 leaders: B324(B,A7Lk)
[2m2025-03-25T07:56:23.099856Z[0m [32m INFO[0m [1mnode[0m[1m{[0m[3mname[0m[2m=[0mk#99f25ef6..[1m}[0m[2m:[0m [2mconsensus_core::commit_observer[0m[2m:[0m [2mconsensus/core/src/commit_observer.rs[0m[2m:[0m[2m173:[0m Consensus commit C314(E8po) with leader B324(B,A7Lk) has 3 blocks
[2m2025-03-25T07:56:23.099993Z[0m [32m INFO[0m [1mnode[0m[1m{[0m[3mname[0m[2m=[0mk#8dcff6d1..[1m}[0m[2m:[0m [2msui_core::checkpoints::checkpoint_output[0m[2m:[0m [2mcrates/sui-core/src/checkpoints/checkpoint_output.rs[0m[2m:[0m[2m196:[0m Certified checkpoint with sequence 526 and digest 9PTWdeVdsUVqEM1adiTdrU7mjSxsdH5To7RcdhoJQFgH
[2m2025-03-25T07:56:23.100093Z[0m [32m INFO[0m [1mnode[0m[1m{[0m[3mname[0m[2m=[0mk#8dcff6d1..[1m}[0m[2m:[0m [2mconsensus_core::core[0m[2m:[0m [2mconsensus/core/src/core.rs[0m[2m:[0m[2m630:[0m Committing 1 leaders: B324(B,A7Lk)
[2m2025-03-25T07:56:23.100189Z[0m [32m INFO[0m [1mnode[0m[1m{[0m[3mname[0m[2m=[0mk#8dcff6d1..[1m}[0m[2m:[0m [2mconsensus_core::commit_observer[0m[2m:[0m [2mconsensus/core/src/commit_observer.rs[0m[2m:[0m[2m173:[0m Consensus commit C314(E8po) with leader B324(B,A7Lk) has 3 blocks
[2m2025-03-25T07:56:23.100285Z[0m [32m INFO[0m [1mnode[0m[1m{[0m[3mname[0m[2m=[0mk#99f25ef6..[1m}[0m[2m:[0m [2msui_core::consensus_handler[0m[2m:[0m [2mcrates/sui-core/src/consensus_handler.rs[0m[2m:[0m[2m232:[0m Received consensus output [3mconsensus_commit[0m[2m=[0mCommittedSubDag(leader=B324(B,A7Lk), ref=C314(E8po), blocks=[iKk+, s2kC, A7Lk]) [3mepoch[0m[2m=[0m1
[2m2025-03-25T07:56:23.100566Z[0m [32m INFO[0m [1mnode[0m[1m{[0m[3mname[0m[2m=[0mk#8dcff6d1..[1m}[0m[2m:[0m [2msui_core::consensus_handler[0m[2m:[0m [2mcrates/sui-core/src/consensus_handler.rs[0m[2m:[0m[2m232:[0m Received consensus output [3mconsensus_commit[0m[2m=[0mCommittedSubDag(leader=B324(B,A7Lk), ref=C314(E8po), blocks=[iKk+, s2kC, A7Lk]) [3mepoch[0m[2m=[0m1
[2m2025-03-25T07:56:23.100891Z[0m [32m INFO[0m [1mnode[0m[1m{[0m[3mname[0m[2m=[0mk#99f25ef6..[1m}[0m[2m:[0m [2msui_core::checkpoints::checkpoint_executor[0m[2m:[0m [2mcrates/sui-core/src/checkpoints/checkpoint_executor/mod.rs[0m[2m:[0m[2m332:[0m Received checkpoint summary from state sync [3msequence_number[0m[2m=[0m526
[2m2025-03-25T07:56:23.101125Z[0m [32m INFO[0m [1mnode[0m[1m{[0m[3mname[0m[2m=[0mk#8dcff6d1..[1m}[0m[2m:[0m [2msui_core::checkpoints::checkpoint_executor[0m[2m:[0m [2mcrates/sui-core/src/checkpoints/checkpoint_executor/mod.rs[0m[2m:[0m[2m332:[0m Received checkpoint summary from state sync [3msequence_number[0m[2m=[0m526
[2m2025-03-25T07:56:23.114422Z[0m [32m INFO[0m [1mnode[0m[1m{[0m[3mname[0m[2m=[0mk#99f25ef6..[1m}[0m[2m:[0m [2msui_core::state_accumulator[0m[2m:[0m [2mcrates/sui-core/src/state_accumulator.rs[0m[2m:[0m[2m675:[0m accumulating running root for checkpoint 526
[2m2025-03-25T07:56:23.114426Z[0m [32m INFO[0m [1mnode[0m[1m{[0m[3mname[0m[2m=[0mk#8dcff6d1..[1m}[0m[2m:[0m [2msui_core::state_accumulator[0m[2m:[0m [2mcrates/sui-core/src/state_accumulator.rs[0m[2m:[0m[2m675:[0m accumulating running root for checkpoint 526
[2m2025-03-25T07:56:23.140855Z[0m [32m INFO[0m [1mnode[0m[1m{[0m[3mname[0m[2m=[0mk#addeef94..[1m}[0m[2m:[0m [2msui_core::checkpoints[0m[2m:[0m [2mcrates/sui-core/src/checkpoints/mod.rs[0m[2m:[0m[2m1326:[0m Creating checkpoint(s) for 1 transactions [3mnext_checkpoint_seq[0m[2m=[0m527 [3mcheckpoint_timestamp[0m[2m=[0m1742889382581
[2m2025-03-25T07:56:23.141088Z[0m [32m INFO[0m [1mnode[0m[1m{[0m[3mname[0m[2m=[0mk#addeef94..[1m}[0m[2m:[0m [2msui_core::checkpoints::checkpoint_output[0m[2m:[0m [2mcrates/sui-core/src/checkpoints/checkpoint_output.rs[0m[2m:[0m[2m149:[0m Creating checkpoint CheckpointDigest(84Gwqesf5PDnzCzsFk6oWS43bwZV9A9yiRycXdrG7JUQ) at epoch 1, sequence 527, previous digest Some(CheckpointDigest(9PTWdeVdsUVqEM1adiTdrU7mjSxsdH5To7RcdhoJQFgH)), transactions count 1, content digest CheckpointContentsDigest(5Ja69DteQp33KUob9rqjNCyewV2qhj3UEeZnnZG3P3Rq), end_of_epoch_data None
[2m2025-03-25T07:56:23.145552Z[0m [32m INFO[0m [1mnode[0m[1m{[0m[3mname[0m[2m=[0mk#8dcff6d1..[1m}[0m[2m:[0m [2msui_core::checkpoints[0m[2m:[0m [2mcrates/sui-core/src/checkpoints/mod.rs[0m[2m:[0m[2m1326:[0m Creating checkpoint(s) for 1 transactions [3mnext_checkpoint_seq[0m[2m=[0m527 [3mcheckpoint_timestamp[0m[2m=[0m1742889382581
[2m2025-03-25T07:56:23.145587Z[0m [32m INFO[0m [1mnode[0m[1m{[0m[3mname[0m[2m=[0mk#99f25ef6..[1m}[0m[2m:[0m [2msui_core::checkpoints[0m[2m:[0m [2mcrates/sui-core/src/checkpoints/mod.rs[0m[2m:[0m[2m1326:[0m Creating checkpoint(s) for 1 transactions [3mnext_checkpoint_seq[0m[2m=[0m527 [3mcheckpoint_timestamp[0m[2m=[0m1742889382581
[2m2025-03-25T07:56:23.145735Z[0m [32m INFO[0m [1mnode[0m[1m{[0m[3mname[0m[2m=[0mk#8dcff6d1..[1m}[0m[2m:[0m [2msui_core::checkpoints::checkpoint_output[0m[2m:[0m [2mcrates/sui-core/src/checkpoints/checkpoint_output.rs[0m[2m:[0m[2m149:[0m Creating checkpoint CheckpointDigest(84Gwqesf5PDnzCzsFk6oWS43bwZV9A9yiRycXdrG7JUQ) at epoch 1, sequence 527, previous digest Some(CheckpointDigest(9PTWdeVdsUVqEM1adiTdrU7mjSxsdH5To7RcdhoJQFgH)), transactions count 1, content digest CheckpointContentsDigest(5Ja69DteQp33KUob9rqjNCyewV2qhj3UEeZnnZG3P3Rq), end_of_epoch_data None
[2m2025-03-25T07:56:23.145753Z[0m [32m INFO[0m [1mnode[0m[1m{[0m[3mname[0m[2m=[0mk#99f25ef6..[1m}[0m[2m:[0m [2msui_core::checkpoints::checkpoint_output[0m[2m:[0m [2mcrates/sui-core/src/checkpoints/checkpoint_output.rs[0m[2m:[0m[2m149:[0m Creating checkpoint CheckpointDigest(84Gwqesf5PDnzCzsFk6oWS43bwZV9A9yiRycXdrG7JUQ) at epoch 1, sequence 527, previous digest Some(CheckpointDigest(9PTWdeVdsUVqEM1adiTdrU7mjSxsdH5To7RcdhoJQFgH)), transactions count 1, content digest CheckpointContentsDigest(5Ja69DteQp33KUob9rqjNCyewV2qhj3UEeZnnZG3P3Rq), end_of_epoch_data None
[2m2025-03-25T07:56:23.209329Z[0m [32m INFO[0m [1mnode[0m[1m{[0m[3mname[0m[2m=[0mk#addeef94..[1m}[0m[2m:[0m [2msui_core::checkpoints::checkpoint_executor[0m[2m:[0m [2mcrates/sui-core/src/checkpoints/checkpoint_executor/mod.rs[0m[2m:[0m[2m332:[0m Received checkpoint summary from state sync [3msequence_number[0m[2m=[0m526
[2m2025-03-25T07:56:23.210839Z[0m [32m INFO[0m [1mnode[0m[1m{[0m[3mname[0m[2m=[0mk#addeef94..[1m}[0m[2m:[0m [2msui_core::state_accumulator[0m[2m:[0m [2mcrates/sui-core/src/state_accumulator.rs[0m[2m:[0m[2m675:[0m accumulating running root for checkpoint 526
[2m2025-03-25T07:56:23.262417Z[0m [32m INFO[0m [1mnode[0m[1m{[0m[3mname[0m[2m=[0mk#b3f3cbb4..[1m}[0m[2m:[0m[1mjson-rpc-request[0m[2m:[0m[1mdev_inspect_transaction_block[0m[1m{[0m[3msender_address[0m[2m=[0m0x0000000000000000000000000000000000000000000000000000000000000000 [3mtx_bytes[0m[2m=[0mBase64("AAMBAQAAAAAAAAAAAAAAAAAAAAAAAAAAAAAAAAAAAAAAAAAJAQAAAAAAAAABAAECAAgAAAAAAAAAAAEAAAAAAAAAAAAAAAAAAAAAAAAAAAAAAAAAAAAAAAAAAAsGYnJpZGdlIGdldF90b2tlbl90cmFuc2Zlcl9hY3Rpb25fc3RhdHVzAAMBAAABAQABAgA=") [3mgas_price[0m[2m=[0mNone [3m_epoch[0m[2m=[0mNone [3madditional_args[0m[2m=[0mNone[1m}[0m[2m:[0m [2msui_json_rpc::transaction_execution_api[0m[2m:[0m [2mcrates/sui-json-rpc/src/transaction_execution_api.rs[0m[2m:[0m[2m351:[0m RPC took longer than threshold to complete. [3melapsed[0m[2m=[0m1.534521708s
[2m2025-03-25T07:56:23.263328Z[0m [32m INFO[0m [2msui_bridge::e2e_tests::test_utils[0m[2m:[0m [2mcrates/sui-bridge/src/e2e_tests/test_utils.rs[0m[2m:[0m[2m1452:[0m get_token_transfer_action_onchain_status_until_success took 2.274960125s, status: Pending
[2m2025-03-25T07:56:23.263943Z[0m [32m INFO[0m [1mhandle_execution_task[0m[1m{[0m[3maction_key[0m[2m=[0mBridgeActionKey(0,2,0) [3mattempt_times[0m[2m=[0m0[1m}[0m[2m:[0m [2msui_bridge::action_executor[0m[2m:[0m [2mcrates/sui-bridge/src/action_executor.rs[0m[2m:[0m[2m529:[0m bbking 325 signed_tx: Envelope { digest: OnceCell(TransactionDigest(GDSurpEu2x2PVvpwcUqP5MTXTQ8jWoYdMxzexGq3UM9X)), data: SenderSignedData(SizeOneVec { e: SenderSignedTransaction { intent_message: IntentMessage { intent: Intent { scope: TransactionData, version: V0, app_id: Sui }, value: V1(TransactionDataV1 { kind: ProgrammableTransaction(ProgrammableTransaction { inputs: [Pure([2]), Pure([0, 0, 0, 0, 0, 0, 0, 0]), Pure([32, 4, 169, 42, 179, 92, 48, 68, 114, 32, 150, 70, 149, 204, 4, 223, 219, 38, 208, 7, 193, 123, 245, 12, 23, 143, 25, 234, 203, 152, 26, 252, 161]), Pure([12]), Pure([20, 249, 81, 14, 181, 207, 148, 205, 250, 64, 123, 165, 252, 91, 242, 249, 208, 225, 136, 122, 176]), Pure([4, 0, 0, 0, 0, 0, 0, 0]), Pure([0, 64, 122, 16, 243, 90, 0, 0]), Pure([0]), Object(SharedObject { id: 0x0000000000000000000000000000000000000000000000000000000000000009, initial_shared_version: SequenceNumber(1), mutable: true }), Object(SharedObject { id: 0x0000000000000000000000000000000000000000000000000000000000000006, initial_shared_version: SequenceNumber(1), mutable: false }), Object(ImmOrOwnedObject((0xd7d7820b1d5a3802a2c50420aa60d9072814fcfac9e333ae55536bce5ecc4924, SequenceNumber(114), o#G6tFPuFyAAWMEecgda16xEPfTgTnxE2mborPfAPjqm3W))), Pure([1, 65, 31, 247, 80, 204, 97, 207, 90, 104, 153, 149, 206, 126, 213, 104, 24, 88, 148, 238, 206, 247, 66, 30, 125, 205, 54, 173, 37, 137, 110, 109, 56, 80, 28, 16, 120, 47, 68, 236, 45, 236, 116, 5, 210, 6, 35, 170, 125, 231, 3, 182, 5, 138, 168, 242, 53, 190, 106, 10, 96, 97, 183, 243, 116, 149, 1])], commands: [MoveCall(ProgrammableMoveCall { package: 0x000000000000000000000000000000000000000000000000000000000000000b, module: "message", function: "create_token_bridge_message", type_arguments: [], arguments: [Input(0), Input(1), Input(2), Input(3), Input(4), Input(5), Input(6), Input(7), Input(7)] }), MoveCall(ProgrammableMoveCall { package: 0x000000000000000000000000000000000000000000000000000000000000000b, module: "bridge", function: "approve_token_transfer", type_arguments: [], arguments: [Input(8), Result(0), Input(11)] })] }), sender: 0x4ff42dd92612b14f109397416c3e5d362aee65d7d3459db1b80164f1f84a59c3, gas_data: GasData { payment: [(0x059c5b653da3f627ad85b7947a1634ad3055f81b24125b7d9b23178b0146bfc6, SequenceNumber(341), o#4ep4K212yQtPC23ghtw73sJ44qmqyajoXRf4wvuKq6mQ)], owner: 0x4ff42dd92612b14f109397416c3e5d362aee65d7d3459db1b80164f1f84a59c3, price: 100, budget: 100000000 }, expiration: None }) }, tx_signatures: [Signature(Secp256k1SuiSignature(Secp256k1SuiSignature([1, 248, 48, 245, 114, 141, 252, 29, 145, 101, 134, 185, 170, 246, 13, 46, 93, 163, 185, 83, 212, 83, 83, 211, 117, 13, 84, 185, 16, 211, 110, 21, 213, 28, 223, 52, 126, 172, 102, 85, 99, 136, 5, 84, 81, 40, 77, 173, 15, 132, 117, 170, 133, 187, 110, 34, 123, 222, 241, 101, 30, 106, 238, 34, 77, 2, 120, 6, 36, 213, 27, 112, 125, 170, 163, 53, 236, 91, 128, 136, 52, 208, 253, 102, 241, 38, 217, 67, 27, 199, 74, 95, 51, 179, 151, 41, 149, 140])))] } }), auth_signature: EmptySignInfo }
[2m2025-03-25T07:56:23.304520Z[0m [32m INFO[0m [1mnode[0m[1m{[0m[3mname[0m[2m=[0mk#8dcff6d1..[1m}[0m[2m:[0m [2mconsensus_core::commit_syncer[0m[2m:[0m [2mconsensus/core/src/commit_syncer.rs[0m[2m:[0m[2m196:[0m Checking to schedule fetches: synced_commit_index=314, highest_handled_index=314, highest_scheduled_index=0, quorum_commit_index=313, unhandled_commits_threshold=3200
[2m2025-03-25T07:56:23.327795Z[0m [32m INFO[0m [1mnode[0m[1m{[0m[3mname[0m[2m=[0mk#addeef94..[1m}[0m[2m:[0m [2mconsensus_core::commit_syncer[0m[2m:[0m [2mconsensus/core/src/commit_syncer.rs[0m[2m:[0m[2m196:[0m Checking to schedule fetches: synced_commit_index=314, highest_handled_index=314, highest_scheduled_index=0, quorum_commit_index=0, unhandled_commits_threshold=3200
[2m2025-03-25T07:56:23.330913Z[0m [32m INFO[0m [1mnode[0m[1m{[0m[3mname[0m[2m=[0mk#99f25ef6..[1m}[0m[2m:[0m [2mconsensus_core::commit_syncer[0m[2m:[0m [2mconsensus/core/src/commit_syncer.rs[0m[2m:[0m[2m196:[0m Checking to schedule fetches: synced_commit_index=314, highest_handled_index=314, highest_scheduled_index=0, quorum_commit_index=313, unhandled_commits_threshold=3200
[2m2025-03-25T07:56:23.348414Z[0m [32m INFO[0m [1mnode[0m[1m{[0m[3mname[0m[2m=[0mk#addeef94..[1m}[0m[2m:[0m [2mconsensus_core::core[0m[2m:[0m [2mconsensus/core/src/core.rs[0m[2m:[0m[2m945:[0m Included 3 ancestors & excluded 0 ancestors for proposal in round 327
[2m2025-03-25T07:56:23.348788Z[0m [32m INFO[0m [1mnode[0m[1m{[0m[3mname[0m[2m=[0mk#addeef94..[1m}[0m[2m:[0m [2mconsensus_core::core[0m[2m:[0m [2mconsensus/core/src/core.rs[0m[2m:[0m[2m531:[0m Created block B327(C,Rf2xrXX+vPR1q7uyrFBks0cdahNHOrbMjl0XV2SQXes=)(1742889383348ms;[B326(C,vnASoqGsFgmuE1SVk12UNxZyCcxcZOjDzGTmRN5V+E8=), B326(A,2mpjOy1rOXoOjxh6u+aLHnfrGUrv/ivgYU8ki7jy2os=), B326(B,FujeSmC52aEXXHai9A9ycuEHHMK1+vUNannx7smU3Uo=)];1t;1c) for round 327
[2m2025-03-25T07:56:23.351849Z[0m [32m INFO[0m [1mnode[0m[1m{[0m[3mname[0m[2m=[0mk#8dcff6d1..[1m}[0m[2m:[0m [2mconsensus_core::core[0m[2m:[0m [2mconsensus/core/src/core.rs[0m[2m:[0m[2m945:[0m Included 3 ancestors & excluded 0 ancestors for proposal in round 327
[2m2025-03-25T07:56:23.351849Z[0m [32m INFO[0m [1mnode[0m[1m{[0m[3mname[0m[2m=[0mk#99f25ef6..[1m}[0m[2m:[0m [2mconsensus_core::core[0m[2m:[0m [2mconsensus/core/src/core.rs[0m[2m:[0m[2m945:[0m Included 3 ancestors & excluded 0 ancestors for proposal in round 327
[2m2025-03-25T07:56:23.352140Z[0m [32m INFO[0m [1mnode[0m[1m{[0m[3mname[0m[2m=[0mk#8dcff6d1..[1m}[0m[2m:[0m [2mconsensus_core::core[0m[2m:[0m [2mconsensus/core/src/core.rs[0m[2m:[0m[2m531:[0m Created block B327(A,tKDdDMkmY5M+dJrpLf3/F+3DvdAOThKhBlZqunVFgOw=)(1742889383352ms;[B326(A,2mpjOy1rOXoOjxh6u+aLHnfrGUrv/ivgYU8ki7jy2os=), B326(B,FujeSmC52aEXXHai9A9ycuEHHMK1+vUNannx7smU3Uo=), B326(C,vnASoqGsFgmuE1SVk12UNxZyCcxcZOjDzGTmRN5V+E8=)];1t;1c) for round 327
[2m2025-03-25T07:56:23.352140Z[0m [32m INFO[0m [1mnode[0m[1m{[0m[3mname[0m[2m=[0mk#99f25ef6..[1m}[0m[2m:[0m [2mconsensus_core::core[0m[2m:[0m [2mconsensus/core/src/core.rs[0m[2m:[0m[2m531:[0m Created block B327(B,ttkS/SssIj+bfqlMYOqAqRoFTOnRFjPiA1LMsTZeO38=)(1742889383352ms;[B326(B,FujeSmC52aEXXHai9A9ycuEHHMK1+vUNannx7smU3Uo=), B326(A,2mpjOy1rOXoOjxh6u+aLHnfrGUrv/ivgYU8ki7jy2os=), B326(C,vnASoqGsFgmuE1SVk12UNxZyCcxcZOjDzGTmRN5V+E8=)];1t;1c) for round 327
[2m2025-03-25T07:56:23.352212Z[0m [32m INFO[0m [1mnode[0m[1m{[0m[3mname[0m[2m=[0mk#8dcff6d1..[1m}[0m[2m:[0m [2mconsensus_core::core[0m[2m:[0m [2mconsensus/core/src/core.rs[0m[2m:[0m[2m630:[0m Committing 1 leaders: B325(A,LSY8)
[2m2025-03-25T07:56:23.352212Z[0m [32m INFO[0m [1mnode[0m[1m{[0m[3mname[0m[2m=[0mk#99f25ef6..[1m}[0m[2m:[0m [2mconsensus_core::core[0m[2m:[0m [2mconsensus/core/src/core.rs[0m[2m:[0m[2m630:[0m Committing 1 leaders: B325(A,LSY8)
[2m2025-03-25T07:56:23.352284Z[0m [32m INFO[0m [1mnode[0m[1m{[0m[3mname[0m[2m=[0mk#99f25ef6..[1m}[0m[2m:[0m [2mconsensus_core::commit_observer[0m[2m:[0m [2mconsensus/core/src/commit_observer.rs[0m[2m:[0m[2m173:[0m Consensus commit C315(V6sf) with leader B325(A,LSY8) has 3 blocks
[2m2025-03-25T07:56:23.352284Z[0m [32m INFO[0m [1mnode[0m[1m{[0m[3mname[0m[2m=[0mk#8dcff6d1..[1m}[0m[2m:[0m [2mconsensus_core::commit_observer[0m[2m:[0m [2mconsensus/core/src/commit_observer.rs[0m[2m:[0m[2m173:[0m Consensus commit C315(V6sf) with leader B325(A,LSY8) has 3 blocks
[2m2025-03-25T07:56:23.352372Z[0m [32m INFO[0m [1mnode[0m[1m{[0m[3mname[0m[2m=[0mk#8dcff6d1..[1m}[0m[2m:[0m [2msui_core::consensus_handler[0m[2m:[0m [2mcrates/sui-core/src/consensus_handler.rs[0m[2m:[0m[2m232:[0m Received consensus output [3mconsensus_commit[0m[2m=[0mCommittedSubDag(leader=B325(A,LSY8), ref=C315(V6sf), blocks=[QTYz, Z3Fa, LSY8]) [3mepoch[0m[2m=[0m1
[2m2025-03-25T07:56:23.352372Z[0m [32m INFO[0m [1mnode[0m[1m{[0m[3mname[0m[2m=[0mk#99f25ef6..[1m}[0m[2m:[0m [2msui_core::consensus_handler[0m[2m:[0m [2mcrates/sui-core/src/consensus_handler.rs[0m[2m:[0m[2m232:[0m Received consensus output [3mconsensus_commit[0m[2m=[0mCommittedSubDag(leader=B325(A,LSY8), ref=C315(V6sf), blocks=[QTYz, Z3Fa, LSY8]) [3mepoch[0m[2m=[0m1
[2m2025-03-25T07:56:23.356094Z[0m [32m INFO[0m [1mnode[0m[1m{[0m[3mname[0m[2m=[0mk#addeef94..[1m}[0m[2m:[0m [2mconsensus_core::core[0m[2m:[0m [2mconsensus/core/src/core.rs[0m[2m:[0m[2m630:[0m Committing 1 leaders: B325(A,LSY8)
[2m2025-03-25T07:56:23.356199Z[0m [32m INFO[0m [1mnode[0m[1m{[0m[3mname[0m[2m=[0mk#addeef94..[1m}[0m[2m:[0m [2mconsensus_core::commit_observer[0m[2m:[0m [2mconsensus/core/src/commit_observer.rs[0m[2m:[0m[2m173:[0m Consensus commit C315(V6sf) with leader B325(A,LSY8) has 3 blocks
[2m2025-03-25T07:56:23.356330Z[0m [32m INFO[0m [1mnode[0m[1m{[0m[3mname[0m[2m=[0mk#addeef94..[1m}[0m[2m:[0m [2msui_core::consensus_handler[0m[2m:[0m [2mcrates/sui-core/src/consensus_handler.rs[0m[2m:[0m[2m232:[0m Received consensus output [3mconsensus_commit[0m[2m=[0mCommittedSubDag(leader=B325(A,LSY8), ref=C315(V6sf), blocks=[QTYz, Z3Fa, LSY8]) [3mepoch[0m[2m=[0m1
[2m2025-03-25T07:56:23.379075Z[0m [32m INFO[0m [1mnode[0m[1m{[0m[3mname[0m[2m=[0mk#8dcff6d1..[1m}[0m[2m:[0m [2msui_core::checkpoints[0m[2m:[0m [2mcrates/sui-core/src/checkpoints/mod.rs[0m[2m:[0m[2m1326:[0m Creating checkpoint(s) for 2 transactions [3mnext_checkpoint_seq[0m[2m=[0m528 [3mcheckpoint_timestamp[0m[2m=[0m1742889382840
[2m2025-03-25T07:56:23.379075Z[0m [32m INFO[0m [1mnode[0m[1m{[0m[3mname[0m[2m=[0mk#99f25ef6..[1m}[0m[2m:[0m [2msui_core::checkpoints[0m[2m:[0m [2mcrates/sui-core/src/checkpoints/mod.rs[0m[2m:[0m[2m1326:[0m Creating checkpoint(s) for 2 transactions [3mnext_checkpoint_seq[0m[2m=[0m528 [3mcheckpoint_timestamp[0m[2m=[0m1742889382840
[2m2025-03-25T07:56:23.379391Z[0m [32m INFO[0m [1mnode[0m[1m{[0m[3mname[0m[2m=[0mk#99f25ef6..[1m}[0m[2m:[0m [2msui_core::checkpoints::checkpoint_output[0m[2m:[0m [2mcrates/sui-core/src/checkpoints/checkpoint_output.rs[0m[2m:[0m[2m149:[0m Creating checkpoint CheckpointDigest(38T8s8VbpmrtsVmoiWv1XKBpPStbRJPow7GXYti9Yu7y) at epoch 1, sequence 528, previous digest Some(CheckpointDigest(84Gwqesf5PDnzCzsFk6oWS43bwZV9A9yiRycXdrG7JUQ)), transactions count 2, content digest CheckpointContentsDigest(3DWpHq5SJBbzPhZphvHZvyTZDK3Yonnno7N1DJXm7mh5), end_of_epoch_data None
[2m2025-03-25T07:56:23.379391Z[0m [32m INFO[0m [1mnode[0m[1m{[0m[3mname[0m[2m=[0mk#8dcff6d1..[1m}[0m[2m:[0m [2msui_core::checkpoints::checkpoint_output[0m[2m:[0m [2mcrates/sui-core/src/checkpoints/checkpoint_output.rs[0m[2m:[0m[2m149:[0m Creating checkpoint CheckpointDigest(38T8s8VbpmrtsVmoiWv1XKBpPStbRJPow7GXYti9Yu7y) at epoch 1, sequence 528, previous digest Some(CheckpointDigest(84Gwqesf5PDnzCzsFk6oWS43bwZV9A9yiRycXdrG7JUQ)), transactions count 2, content digest CheckpointContentsDigest(3DWpHq5SJBbzPhZphvHZvyTZDK3Yonnno7N1DJXm7mh5), end_of_epoch_data None
[2m2025-03-25T07:56:23.382455Z[0m [32m INFO[0m [1mnode[0m[1m{[0m[3mname[0m[2m=[0mk#addeef94..[1m}[0m[2m:[0m [2msui_core::checkpoints[0m[2m:[0m [2mcrates/sui-core/src/checkpoints/mod.rs[0m[2m:[0m[2m1326:[0m Creating checkpoint(s) for 2 transactions [3mnext_checkpoint_seq[0m[2m=[0m528 [3mcheckpoint_timestamp[0m[2m=[0m1742889382840
[2m2025-03-25T07:56:23.382484Z[0m [32m INFO[0m [1mnode[0m[1m{[0m[3mname[0m[2m=[0mk#99f25ef6..[1m}[0m[2m:[0m [2msui_core::checkpoints::checkpoint_output[0m[2m:[0m [2mcrates/sui-core/src/checkpoints/checkpoint_output.rs[0m[2m:[0m[2m196:[0m Certified checkpoint with sequence 527 and digest 84Gwqesf5PDnzCzsFk6oWS43bwZV9A9yiRycXdrG7JUQ
[2m2025-03-25T07:56:23.382551Z[0m [32m INFO[0m [1mnode[0m[1m{[0m[3mname[0m[2m=[0mk#8dcff6d1..[1m}[0m[2m:[0m [2msui_core::checkpoints::checkpoint_output[0m[2m:[0m [2mcrates/sui-core/src/checkpoints/checkpoint_output.rs[0m[2m:[0m[2m196:[0m Certified checkpoint with sequence 527 and digest 84Gwqesf5PDnzCzsFk6oWS43bwZV9A9yiRycXdrG7JUQ
[2m2025-03-25T07:56:23.382713Z[0m [32m INFO[0m [1mnode[0m[1m{[0m[3mname[0m[2m=[0mk#addeef94..[1m}[0m[2m:[0m [2msui_core::checkpoints::checkpoint_output[0m[2m:[0m [2mcrates/sui-core/src/checkpoints/checkpoint_output.rs[0m[2m:[0m[2m149:[0m Creating checkpoint CheckpointDigest(38T8s8VbpmrtsVmoiWv1XKBpPStbRJPow7GXYti9Yu7y) at epoch 1, sequence 528, previous digest Some(CheckpointDigest(84Gwqesf5PDnzCzsFk6oWS43bwZV9A9yiRycXdrG7JUQ)), transactions count 2, content digest CheckpointContentsDigest(3DWpHq5SJBbzPhZphvHZvyTZDK3Yonnno7N1DJXm7mh5), end_of_epoch_data None
[2m2025-03-25T07:56:23.382909Z[0m [32m INFO[0m [1mnode[0m[1m{[0m[3mname[0m[2m=[0mk#99f25ef6..[1m}[0m[2m:[0m [2msui_core::checkpoints::checkpoint_executor[0m[2m:[0m [2mcrates/sui-core/src/checkpoints/checkpoint_executor/mod.rs[0m[2m:[0m[2m332:[0m Received checkpoint summary from state sync [3msequence_number[0m[2m=[0m527
[2m2025-03-25T07:56:23.382909Z[0m [32m INFO[0m [1mnode[0m[1m{[0m[3mname[0m[2m=[0mk#8dcff6d1..[1m}[0m[2m:[0m [2msui_core::checkpoints::checkpoint_executor[0m[2m:[0m [2mcrates/sui-core/src/checkpoints/checkpoint_executor/mod.rs[0m[2m:[0m[2m332:[0m Received checkpoint summary from state sync [3msequence_number[0m[2m=[0m527
[2m2025-03-25T07:56:23.384090Z[0m [32m INFO[0m [1mnode[0m[1m{[0m[3mname[0m[2m=[0mk#99f25ef6..[1m}[0m[2m:[0m [2msui_core::state_accumulator[0m[2m:[0m [2mcrates/sui-core/src/state_accumulator.rs[0m[2m:[0m[2m675:[0m accumulating running root for checkpoint 527
[2m2025-03-25T07:56:23.384091Z[0m [32m INFO[0m [1mnode[0m[1m{[0m[3mname[0m[2m=[0mk#8dcff6d1..[1m}[0m[2m:[0m [2msui_core::state_accumulator[0m[2m:[0m [2mcrates/sui-core/src/state_accumulator.rs[0m[2m:[0m[2m675:[0m accumulating running root for checkpoint 527
[2m2025-03-25T07:56:23.386327Z[0m [32m INFO[0m [1mnode[0m[1m{[0m[3mname[0m[2m=[0mk#addeef94..[1m}[0m[2m:[0m [2msui_core::checkpoints::checkpoint_executor[0m[2m:[0m [2mcrates/sui-core/src/checkpoints/checkpoint_executor/mod.rs[0m[2m:[0m[2m332:[0m Received checkpoint summary from state sync [3msequence_number[0m[2m=[0m527
[2m2025-03-25T07:56:23.387073Z[0m [32m INFO[0m [1mnode[0m[1m{[0m[3mname[0m[2m=[0mk#addeef94..[1m}[0m[2m:[0m [2msui_core::state_accumulator[0m[2m:[0m [2mcrates/sui-core/src/state_accumulator.rs[0m[2m:[0m[2m675:[0m accumulating running root for checkpoint 527
[2m2025-03-25T07:56:23.604482Z[0m [32m INFO[0m [1mnode[0m[1m{[0m[3mname[0m[2m=[0mk#8dcff6d1..[1m}[0m[2m:[0m [2mconsensus_core::core[0m[2m:[0m [2mconsensus/core/src/core.rs[0m[2m:[0m[2m945:[0m Included 3 ancestors & excluded 0 ancestors for proposal in round 328
[2m2025-03-25T07:56:23.604883Z[0m [32m INFO[0m [1mnode[0m[1m{[0m[3mname[0m[2m=[0mk#8dcff6d1..[1m}[0m[2m:[0m [2mconsensus_core::core[0m[2m:[0m [2mconsensus/core/src/core.rs[0m[2m:[0m[2m531:[0m Created block B328(A,VpyC8GC32dEPJ8GYAbSgQYzZ4PJZN9/EVxgDDg2bx1E=)(1742889383604ms;[B327(A,tKDdDMkmY5M+dJrpLf3/F+3DvdAOThKhBlZqunVFgOw=), B327(B,ttkS/SssIj+bfqlMYOqAqRoFTOnRFjPiA1LMsTZeO38=), B327(C,Rf2xrXX+vPR1q7uyrFBks0cdahNHOrbMjl0XV2SQXes=)];1t;1c) for round 328
[2m2025-03-25T07:56:23.604991Z[0m [32m INFO[0m [1mnode[0m[1m{[0m[3mname[0m[2m=[0mk#99f25ef6..[1m}[0m[2m:[0m [2mconsensus_core::core[0m[2m:[0m [2mconsensus/core/src/core.rs[0m[2m:[0m[2m945:[0m Included 3 ancestors & excluded 0 ancestors for proposal in round 328
[2m2025-03-25T07:56:23.605300Z[0m [32m INFO[0m [1mnode[0m[1m{[0m[3mname[0m[2m=[0mk#99f25ef6..[1m}[0m[2m:[0m [2mconsensus_core::core[0m[2m:[0m [2mconsensus/core/src/core.rs[0m[2m:[0m[2m531:[0m Created block B328(B,HUwRUWYUFxxrqavQCclYyR6Cut84KKvFH3S1AG9hQhk=)(1742889383605ms;[B327(B,ttkS/SssIj+bfqlMYOqAqRoFTOnRFjPiA1LMsTZeO38=), B327(A,tKDdDMkmY5M+dJrpLf3/F+3DvdAOThKhBlZqunVFgOw=), B327(C,Rf2xrXX+vPR1q7uyrFBks0cdahNHOrbMjl0XV2SQXes=)];1t;1c) for round 328
[2m2025-03-25T07:56:23.608147Z[0m [32m INFO[0m [1mnode[0m[1m{[0m[3mname[0m[2m=[0mk#addeef94..[1m}[0m[2m:[0m [2mconsensus_core::core[0m[2m:[0m [2mconsensus/core/src/core.rs[0m[2m:[0m[2m945:[0m Included 3 ancestors & excluded 0 ancestors for proposal in round 328
[2m2025-03-25T07:56:23.608439Z[0m [32m INFO[0m [1mnode[0m[1m{[0m[3mname[0m[2m=[0mk#addeef94..[1m}[0m[2m:[0m [2mconsensus_core::core[0m[2m:[0m [2mconsensus/core/src/core.rs[0m[2m:[0m[2m531:[0m Created block B328(C,aHFAwuxAn7RTnP1YYrZhtFADyptKtJoxB1uxDVhUBos=)(1742889383608ms;[B327(C,Rf2xrXX+vPR1q7uyrFBks0cdahNHOrbMjl0XV2SQXes=), B327(A,tKDdDMkmY5M+dJrpLf3/F+3DvdAOThKhBlZqunVFgOw=), B327(B,ttkS/SssIj+bfqlMYOqAqRoFTOnRFjPiA1LMsTZeO38=)];1t;1c) for round 328
[2m2025-03-25T07:56:23.608507Z[0m [32m INFO[0m [1mnode[0m[1m{[0m[3mname[0m[2m=[0mk#addeef94..[1m}[0m[2m:[0m [2mconsensus_core::core[0m[2m:[0m [2mconsensus/core/src/core.rs[0m[2m:[0m[2m630:[0m Committing 1 leaders: B326(B,Fuje)
[2m2025-03-25T07:56:23.608576Z[0m [32m INFO[0m [1mnode[0m[1m{[0m[3mname[0m[2m=[0mk#addeef94..[1m}[0m[2m:[0m [2mconsensus_core::commit_observer[0m[2m:[0m [2mconsensus/core/src/commit_observer.rs[0m[2m:[0m[2m173:[0m Consensus commit C316(Q2GC) with leader B326(B,Fuje) has 3 blocks
[2m2025-03-25T07:56:23.608811Z[0m [32m INFO[0m [1mnode[0m[1m{[0m[3mname[0m[2m=[0mk#addeef94..[1m}[0m[2m:[0m [2msui_core::consensus_handler[0m[2m:[0m [2mcrates/sui-core/src/consensus_handler.rs[0m[2m:[0m[2m232:[0m Received consensus output [3mconsensus_commit[0m[2m=[0mCommittedSubDag(leader=B326(B,Fuje), ref=C316(Q2GC), blocks=[0N+s, Tyn8, Fuje]) [3mepoch[0m[2m=[0m1
[2m2025-03-25T07:56:23.611883Z[0m [32m INFO[0m [1mnode[0m[1m{[0m[3mname[0m[2m=[0mk#99f25ef6..[1m}[0m[2m:[0m [2msui_core::checkpoints::checkpoint_output[0m[2m:[0m [2mcrates/sui-core/src/checkpoints/checkpoint_output.rs[0m[2m:[0m[2m196:[0m Certified checkpoint with sequence 528 and digest 38T8s8VbpmrtsVmoiWv1XKBpPStbRJPow7GXYti9Yu7y
[2m2025-03-25T07:56:23.611886Z[0m [32m INFO[0m [1mnode[0m[1m{[0m[3mname[0m[2m=[0mk#8dcff6d1..[1m}[0m[2m:[0m [2msui_core::checkpoints::checkpoint_output[0m[2m:[0m [2mcrates/sui-core/src/checkpoints/checkpoint_output.rs[0m[2m:[0m[2m196:[0m Certified checkpoint with sequence 528 and digest 38T8s8VbpmrtsVmoiWv1XKBpPStbRJPow7GXYti9Yu7y
[2m2025-03-25T07:56:23.611993Z[0m [32m INFO[0m [1mnode[0m[1m{[0m[3mname[0m[2m=[0mk#8dcff6d1..[1m}[0m[2m:[0m [2mconsensus_core::core[0m[2m:[0m [2mconsensus/core/src/core.rs[0m[2m:[0m[2m630:[0m Committing 1 leaders: B326(B,Fuje)
[2m2025-03-25T07:56:23.611993Z[0m [32m INFO[0m [1mnode[0m[1m{[0m[3mname[0m[2m=[0mk#99f25ef6..[1m}[0m[2m:[0m [2mconsensus_core::core[0m[2m:[0m [2mconsensus/core/src/core.rs[0m[2m:[0m[2m630:[0m Committing 1 leaders: B326(B,Fuje)
[2m2025-03-25T07:56:23.612092Z[0m [32m INFO[0m [1mnode[0m[1m{[0m[3mname[0m[2m=[0mk#8dcff6d1..[1m}[0m[2m:[0m [2mconsensus_core::commit_observer[0m[2m:[0m [2mconsensus/core/src/commit_observer.rs[0m[2m:[0m[2m173:[0m Consensus commit C316(Q2GC) with leader B326(B,Fuje) has 3 blocks
[2m2025-03-25T07:56:23.612094Z[0m [32m INFO[0m [1mnode[0m[1m{[0m[3mname[0m[2m=[0mk#99f25ef6..[1m}[0m[2m:[0m [2mconsensus_core::commit_observer[0m[2m:[0m [2mconsensus/core/src/commit_observer.rs[0m[2m:[0m[2m173:[0m Consensus commit C316(Q2GC) with leader B326(B,Fuje) has 3 blocks
[2m2025-03-25T07:56:23.612534Z[0m [32m INFO[0m [1mnode[0m[1m{[0m[3mname[0m[2m=[0mk#99f25ef6..[1m}[0m[2m:[0m [2msui_core::consensus_handler[0m[2m:[0m [2mcrates/sui-core/src/consensus_handler.rs[0m[2m:[0m[2m232:[0m Received consensus output [3mconsensus_commit[0m[2m=[0mCommittedSubDag(leader=B326(B,Fuje), ref=C316(Q2GC), blocks=[0N+s, Tyn8, Fuje]) [3mepoch[0m[2m=[0m1
[2m2025-03-25T07:56:23.612534Z[0m [32m INFO[0m [1mnode[0m[1m{[0m[3mname[0m[2m=[0mk#8dcff6d1..[1m}[0m[2m:[0m [2msui_core::consensus_handler[0m[2m:[0m [2mcrates/sui-core/src/consensus_handler.rs[0m[2m:[0m[2m232:[0m Received consensus output [3mconsensus_commit[0m[2m=[0mCommittedSubDag(leader=B326(B,Fuje), ref=C316(Q2GC), blocks=[0N+s, Tyn8, Fuje]) [3mepoch[0m[2m=[0m1
[2m2025-03-25T07:56:23.613148Z[0m [32m INFO[0m [1mnode[0m[1m{[0m[3mname[0m[2m=[0mk#99f25ef6..[1m}[0m[2m:[0m [2msui_core::checkpoints::checkpoint_executor[0m[2m:[0m [2mcrates/sui-core/src/checkpoints/checkpoint_executor/mod.rs[0m[2m:[0m[2m332:[0m Received checkpoint summary from state sync [3msequence_number[0m[2m=[0m528
[2m2025-03-25T07:56:23.613148Z[0m [32m INFO[0m [1mnode[0m[1m{[0m[3mname[0m[2m=[0mk#8dcff6d1..[1m}[0m[2m:[0m [2msui_core::checkpoints::checkpoint_executor[0m[2m:[0m [2mcrates/sui-core/src/checkpoints/checkpoint_executor/mod.rs[0m[2m:[0m[2m332:[0m Received checkpoint summary from state sync [3msequence_number[0m[2m=[0m528
[2m2025-03-25T07:56:23.626734Z[0m [32m INFO[0m [1mnode[0m[1m{[0m[3mname[0m[2m=[0mk#99f25ef6..[1m}[0m[2m:[0m [2msui_core::state_accumulator[0m[2m:[0m [2mcrates/sui-core/src/state_accumulator.rs[0m[2m:[0m[2m675:[0m accumulating running root for checkpoint 528
[2m2025-03-25T07:56:23.626735Z[0m [32m INFO[0m [1mnode[0m[1m{[0m[3mname[0m[2m=[0mk#8dcff6d1..[1m}[0m[2m:[0m [2msui_core::state_accumulator[0m[2m:[0m [2mcrates/sui-core/src/state_accumulator.rs[0m[2m:[0m[2m675:[0m accumulating running root for checkpoint 528
[2m2025-03-25T07:56:23.653251Z[0m [32m INFO[0m [1mnode[0m[1m{[0m[3mname[0m[2m=[0mk#addeef94..[1m}[0m[2m:[0m [2msui_core::checkpoints[0m[2m:[0m [2mcrates/sui-core/src/checkpoints/mod.rs[0m[2m:[0m[2m1326:[0m Creating checkpoint(s) for 1 transactions [3mnext_checkpoint_seq[0m[2m=[0m529 [3mcheckpoint_timestamp[0m[2m=[0m1742889383095
[2m2025-03-25T07:56:23.653485Z[0m [32m INFO[0m [1mnode[0m[1m{[0m[3mname[0m[2m=[0mk#addeef94..[1m}[0m[2m:[0m [2msui_core::checkpoints::checkpoint_output[0m[2m:[0m [2mcrates/sui-core/src/checkpoints/checkpoint_output.rs[0m[2m:[0m[2m149:[0m Creating checkpoint CheckpointDigest(8misfB6ZH3vdA3P8nAFjBmfB7QTu4SESk6B4ucmTzoKv) at epoch 1, sequence 529, previous digest Some(CheckpointDigest(38T8s8VbpmrtsVmoiWv1XKBpPStbRJPow7GXYti9Yu7y)), transactions count 1, content digest CheckpointContentsDigest(AAtZjKYsty3GdDU9dPPCwpuYyEQrYGisvdrY3tXYdZ7W), end_of_epoch_data None
[2m2025-03-25T07:56:23.658295Z[0m [32m INFO[0m [1mnode[0m[1m{[0m[3mname[0m[2m=[0mk#8dcff6d1..[1m}[0m[2m:[0m [2msui_core::checkpoints[0m[2m:[0m [2mcrates/sui-core/src/checkpoints/mod.rs[0m[2m:[0m[2m1326:[0m Creating checkpoint(s) for 1 transactions [3mnext_checkpoint_seq[0m[2m=[0m529 [3mcheckpoint_timestamp[0m[2m=[0m1742889383095
[2m2025-03-25T07:56:23.658347Z[0m [32m INFO[0m [1mnode[0m[1m{[0m[3mname[0m[2m=[0mk#99f25ef6..[1m}[0m[2m:[0m [2msui_core::checkpoints[0m[2m:[0m [2mcrates/sui-core/src/checkpoints/mod.rs[0m[2m:[0m[2m1326:[0m Creating checkpoint(s) for 1 transactions [3mnext_checkpoint_seq[0m[2m=[0m529 [3mcheckpoint_timestamp[0m[2m=[0m1742889383095
[2m2025-03-25T07:56:23.658478Z[0m [32m INFO[0m [1mnode[0m[1m{[0m[3mname[0m[2m=[0mk#8dcff6d1..[1m}[0m[2m:[0m [2msui_core::checkpoints::checkpoint_output[0m[2m:[0m [2mcrates/sui-core/src/checkpoints/checkpoint_output.rs[0m[2m:[0m[2m149:[0m Creating checkpoint CheckpointDigest(8misfB6ZH3vdA3P8nAFjBmfB7QTu4SESk6B4ucmTzoKv) at epoch 1, sequence 529, previous digest Some(CheckpointDigest(38T8s8VbpmrtsVmoiWv1XKBpPStbRJPow7GXYti9Yu7y)), transactions count 1, content digest CheckpointContentsDigest(AAtZjKYsty3GdDU9dPPCwpuYyEQrYGisvdrY3tXYdZ7W), end_of_epoch_data None
[2m2025-03-25T07:56:23.658517Z[0m [32m INFO[0m [1mnode[0m[1m{[0m[3mname[0m[2m=[0mk#99f25ef6..[1m}[0m[2m:[0m [2msui_core::checkpoints::checkpoint_output[0m[2m:[0m [2mcrates/sui-core/src/checkpoints/checkpoint_output.rs[0m[2m:[0m[2m149:[0m Creating checkpoint CheckpointDigest(8misfB6ZH3vdA3P8nAFjBmfB7QTu4SESk6B4ucmTzoKv) at epoch 1, sequence 529, previous digest Some(CheckpointDigest(38T8s8VbpmrtsVmoiWv1XKBpPStbRJPow7GXYti9Yu7y)), transactions count 1, content digest CheckpointContentsDigest(AAtZjKYsty3GdDU9dPPCwpuYyEQrYGisvdrY3tXYdZ7W), end_of_epoch_data None
[2m2025-03-25T07:56:23.720296Z[0m [32m INFO[0m [1mnode[0m[1m{[0m[3mname[0m[2m=[0mk#addeef94..[1m}[0m[2m:[0m [2msui_core::checkpoints::checkpoint_executor[0m[2m:[0m [2mcrates/sui-core/src/checkpoints/checkpoint_executor/mod.rs[0m[2m:[0m[2m332:[0m Received checkpoint summary from state sync [3msequence_number[0m[2m=[0m528
[2m2025-03-25T07:56:23.721871Z[0m [32m INFO[0m [1mnode[0m[1m{[0m[3mname[0m[2m=[0mk#addeef94..[1m}[0m[2m:[0m [2msui_core::state_accumulator[0m[2m:[0m [2mcrates/sui-core/src/state_accumulator.rs[0m[2m:[0m[2m675:[0m accumulating running root for checkpoint 528
[2m2025-03-25T07:56:23.861573Z[0m [32m INFO[0m [1mnode[0m[1m{[0m[3mname[0m[2m=[0mk#addeef94..[1m}[0m[2m:[0m [2mconsensus_core::core[0m[2m:[0m [2mconsensus/core/src/core.rs[0m[2m:[0m[2m945:[0m Included 3 ancestors & excluded 0 ancestors for proposal in round 329
[2m2025-03-25T07:56:23.861956Z[0m [32m INFO[0m [1mnode[0m[1m{[0m[3mname[0m[2m=[0mk#addeef94..[1m}[0m[2m:[0m [2mconsensus_core::core[0m[2m:[0m [2mconsensus/core/src/core.rs[0m[2m:[0m[2m531:[0m Created block B329(C,ZXEO/BPjW/1t3LPuVLyv4LzNcQME+F+ucibGkDu9lTI=)(1742889383861ms;[B328(C,aHFAwuxAn7RTnP1YYrZhtFADyptKtJoxB1uxDVhUBos=), B328(A,VpyC8GC32dEPJ8GYAbSgQYzZ4PJZN9/EVxgDDg2bx1E=), B328(B,HUwRUWYUFxxrqavQCclYyR6Cut84KKvFH3S1AG9hQhk=)];1t;1c) for round 329
[2m2025-03-25T07:56:23.863898Z[0m [32m INFO[0m [1mnode[0m[1m{[0m[3mname[0m[2m=[0mk#99f25ef6..[1m}[0m[2m:[0m [2mconsensus_core::core[0m[2m:[0m [2mconsensus/core/src/core.rs[0m[2m:[0m[2m945:[0m Included 3 ancestors & excluded 0 ancestors for proposal in round 329
[2m2025-03-25T07:56:23.863898Z[0m [32m INFO[0m [1mnode[0m[1m{[0m[3mname[0m[2m=[0mk#8dcff6d1..[1m}[0m[2m:[0m [2mconsensus_core::core[0m[2m:[0m [2mconsensus/core/src/core.rs[0m[2m:[0m[2m945:[0m Included 3 ancestors & excluded 0 ancestors for proposal in round 329
[2m2025-03-25T07:56:23.864185Z[0m [32m INFO[0m [1mnode[0m[1m{[0m[3mname[0m[2m=[0mk#99f25ef6..[1m}[0m[2m:[0m [2mconsensus_core::core[0m[2m:[0m [2mconsensus/core/src/core.rs[0m[2m:[0m[2m531:[0m Created block B329(B,5687KsIZ+cDTvqMJJxatLmYudItIXPERTnzqn72vOWY=)(1742889383864ms;[B328(B,HUwRUWYUFxxrqavQCclYyR6Cut84KKvFH3S1AG9hQhk=), B328(A,VpyC8GC32dEPJ8GYAbSgQYzZ4PJZN9/EVxgDDg2bx1E=), B328(C,aHFAwuxAn7RTnP1YYrZhtFADyptKtJoxB1uxDVhUBos=)];1t;1c) for round 329
[2m2025-03-25T07:56:23.864191Z[0m [32m INFO[0m [1mnode[0m[1m{[0m[3mname[0m[2m=[0mk#8dcff6d1..[1m}[0m[2m:[0m [2mconsensus_core::core[0m[2m:[0m [2mconsensus/core/src/core.rs[0m[2m:[0m[2m531:[0m Created block B329(A,WpWmv6AMCCEtO7hK+e4M3dP7/QDJQw0uvgZhArteWgo=)(1742889383864ms;[B328(A,VpyC8GC32dEPJ8GYAbSgQYzZ4PJZN9/EVxgDDg2bx1E=), B328(B,HUwRUWYUFxxrqavQCclYyR6Cut84KKvFH3S1AG9hQhk=), B328(C,aHFAwuxAn7RTnP1YYrZhtFADyptKtJoxB1uxDVhUBos=)];1t;1c) for round 329
[2m2025-03-25T07:56:23.864257Z[0m [32m INFO[0m [1mnode[0m[1m{[0m[3mname[0m[2m=[0mk#99f25ef6..[1m}[0m[2m:[0m [2mconsensus_core::core[0m[2m:[0m [2mconsensus/core/src/core.rs[0m[2m:[0m[2m630:[0m Committing 1 leaders: B327(A,tKDd)
[2m2025-03-25T07:56:23.864257Z[0m [32m INFO[0m [1mnode[0m[1m{[0m[3mname[0m[2m=[0mk#8dcff6d1..[1m}[0m[2m:[0m [2mconsensus_core::core[0m[2m:[0m [2mconsensus/core/src/core.rs[0m[2m:[0m[2m630:[0m Committing 1 leaders: B327(A,tKDd)
[2m2025-03-25T07:56:23.864327Z[0m [32m INFO[0m [1mnode[0m[1m{[0m[3mname[0m[2m=[0mk#99f25ef6..[1m}[0m[2m:[0m [2mconsensus_core::commit_observer[0m[2m:[0m [2mconsensus/core/src/commit_observer.rs[0m[2m:[0m[2m173:[0m Consensus commit C317(EdnV) with leader B327(A,tKDd) has 3 blocks
[2m2025-03-25T07:56:23.864327Z[0m [32m INFO[0m [1mnode[0m[1m{[0m[3mname[0m[2m=[0mk#8dcff6d1..[1m}[0m[2m:[0m [2mconsensus_core::commit_observer[0m[2m:[0m [2mconsensus/core/src/commit_observer.rs[0m[2m:[0m[2m173:[0m Consensus commit C317(EdnV) with leader B327(A,tKDd) has 3 blocks
[2m2025-03-25T07:56:23.864408Z[0m [32m INFO[0m [1mnode[0m[1m{[0m[3mname[0m[2m=[0mk#99f25ef6..[1m}[0m[2m:[0m [2msui_core::consensus_handler[0m[2m:[0m [2mcrates/sui-core/src/consensus_handler.rs[0m[2m:[0m[2m232:[0m Received consensus output [3mconsensus_commit[0m[2m=[0mCommittedSubDag(leader=B327(A,tKDd), ref=C317(EdnV), blocks=[2mpj, vnAS, tKDd]) [3mepoch[0m[2m=[0m1
[2m2025-03-25T07:56:23.864408Z[0m [32m INFO[0m [1mnode[0m[1m{[0m[3mname[0m[2m=[0mk#8dcff6d1..[1m}[0m[2m:[0m [2msui_core::consensus_handler[0m[2m:[0m [2mcrates/sui-core/src/consensus_handler.rs[0m[2m:[0m[2m232:[0m Received consensus output [3mconsensus_commit[0m[2m=[0mCommittedSubDag(leader=B327(A,tKDd), ref=C317(EdnV), blocks=[2mpj, vnAS, tKDd]) [3mepoch[0m[2m=[0m1
[2m2025-03-25T07:56:23.868076Z[0m [32m INFO[0m [1mnode[0m[1m{[0m[3mname[0m[2m=[0mk#addeef94..[1m}[0m[2m:[0m [2mconsensus_core::core[0m[2m:[0m [2mconsensus/core/src/core.rs[0m[2m:[0m[2m630:[0m Committing 1 leaders: B327(A,tKDd)
[2m2025-03-25T07:56:23.868178Z[0m [32m INFO[0m [1mnode[0m[1m{[0m[3mname[0m[2m=[0mk#addeef94..[1m}[0m[2m:[0m [2mconsensus_core::commit_observer[0m[2m:[0m [2mconsensus/core/src/commit_observer.rs[0m[2m:[0m[2m173:[0m Consensus commit C317(EdnV) with leader B327(A,tKDd) has 3 blocks
[2m2025-03-25T07:56:23.868312Z[0m [32m INFO[0m [1mnode[0m[1m{[0m[3mname[0m[2m=[0mk#addeef94..[1m}[0m[2m:[0m [2msui_core::consensus_handler[0m[2m:[0m [2mcrates/sui-core/src/consensus_handler.rs[0m[2m:[0m[2m232:[0m Received consensus output [3mconsensus_commit[0m[2m=[0mCommittedSubDag(leader=B327(A,tKDd), ref=C317(EdnV), blocks=[2mpj, vnAS, tKDd]) [3mepoch[0m[2m=[0m1
[2m2025-03-25T07:56:23.891036Z[0m [32m INFO[0m [1mnode[0m[1m{[0m[3mname[0m[2m=[0mk#8dcff6d1..[1m}[0m[2m:[0m [2msui_core::checkpoints[0m[2m:[0m [2mcrates/sui-core/src/checkpoints/mod.rs[0m[2m:[0m[2m1326:[0m Creating checkpoint(s) for 2 transactions [3mnext_checkpoint_seq[0m[2m=[0m530 [3mcheckpoint_timestamp[0m[2m=[0m1742889383352
[2m2025-03-25T07:56:23.891036Z[0m [32m INFO[0m [1mnode[0m[1m{[0m[3mname[0m[2m=[0mk#99f25ef6..[1m}[0m[2m:[0m [2msui_core::checkpoints[0m[2m:[0m [2mcrates/sui-core/src/checkpoints/mod.rs[0m[2m:[0m[2m1326:[0m Creating checkpoint(s) for 2 transactions [3mnext_checkpoint_seq[0m[2m=[0m530 [3mcheckpoint_timestamp[0m[2m=[0m1742889383352
[2m2025-03-25T07:56:23.891354Z[0m [32m INFO[0m [1mnode[0m[1m{[0m[3mname[0m[2m=[0mk#99f25ef6..[1m}[0m[2m:[0m [2msui_core::checkpoints::checkpoint_output[0m[2m:[0m [2mcrates/sui-core/src/checkpoints/checkpoint_output.rs[0m[2m:[0m[2m149:[0m Creating checkpoint CheckpointDigest(8UtCpL44R843JrTpCevecgWdHhVsfZXiyMiqwjsCvuPq) at epoch 1, sequence 530, previous digest Some(CheckpointDigest(8misfB6ZH3vdA3P8nAFjBmfB7QTu4SESk6B4ucmTzoKv)), transactions count 2, content digest CheckpointContentsDigest(J87mDGf1K8Gs7EFnvFrYwSxkr3v6yAHpkfLr4gJve9Bb), end_of_epoch_data None
[2m2025-03-25T07:56:23.891354Z[0m [32m INFO[0m [1mnode[0m[1m{[0m[3mname[0m[2m=[0mk#8dcff6d1..[1m}[0m[2m:[0m [2msui_core::checkpoints::checkpoint_output[0m[2m:[0m [2mcrates/sui-core/src/checkpoints/checkpoint_output.rs[0m[2m:[0m[2m149:[0m Creating checkpoint CheckpointDigest(8UtCpL44R843JrTpCevecgWdHhVsfZXiyMiqwjsCvuPq) at epoch 1, sequence 530, previous digest Some(CheckpointDigest(8misfB6ZH3vdA3P8nAFjBmfB7QTu4SESk6B4ucmTzoKv)), transactions count 2, content digest CheckpointContentsDigest(J87mDGf1K8Gs7EFnvFrYwSxkr3v6yAHpkfLr4gJve9Bb), end_of_epoch_data None
[2m2025-03-25T07:56:23.894369Z[0m [32m INFO[0m [1mnode[0m[1m{[0m[3mname[0m[2m=[0mk#addeef94..[1m}[0m[2m:[0m [2msui_core::checkpoints[0m[2m:[0m [2mcrates/sui-core/src/checkpoints/mod.rs[0m[2m:[0m[2m1326:[0m Creating checkpoint(s) for 2 transactions [3mnext_checkpoint_seq[0m[2m=[0m530 [3mcheckpoint_timestamp[0m[2m=[0m1742889383352
[2m2025-03-25T07:56:23.894455Z[0m [32m INFO[0m [1mnode[0m[1m{[0m[3mname[0m[2m=[0mk#99f25ef6..[1m}[0m[2m:[0m [2msui_core::checkpoints::checkpoint_output[0m[2m:[0m [2mcrates/sui-core/src/checkpoints/checkpoint_output.rs[0m[2m:[0m[2m196:[0m Certified checkpoint with sequence 529 and digest 8misfB6ZH3vdA3P8nAFjBmfB7QTu4SESk6B4ucmTzoKv
[2m2025-03-25T07:56:23.894521Z[0m [32m INFO[0m [1mnode[0m[1m{[0m[3mname[0m[2m=[0mk#8dcff6d1..[1m}[0m[2m:[0m [2msui_core::checkpoints::checkpoint_output[0m[2m:[0m [2mcrates/sui-core/src/checkpoints/checkpoint_output.rs[0m[2m:[0m[2m196:[0m Certified checkpoint with sequence 529 and digest 8misfB6ZH3vdA3P8nAFjBmfB7QTu4SESk6B4ucmTzoKv
[2m2025-03-25T07:56:23.894624Z[0m [32m INFO[0m [1mnode[0m[1m{[0m[3mname[0m[2m=[0mk#addeef94..[1m}[0m[2m:[0m [2msui_core::checkpoints::checkpoint_output[0m[2m:[0m [2mcrates/sui-core/src/checkpoints/checkpoint_output.rs[0m[2m:[0m[2m149:[0m Creating checkpoint CheckpointDigest(8UtCpL44R843JrTpCevecgWdHhVsfZXiyMiqwjsCvuPq) at epoch 1, sequence 530, previous digest Some(CheckpointDigest(8misfB6ZH3vdA3P8nAFjBmfB7QTu4SESk6B4ucmTzoKv)), transactions count 2, content digest CheckpointContentsDigest(J87mDGf1K8Gs7EFnvFrYwSxkr3v6yAHpkfLr4gJve9Bb), end_of_epoch_data None
[2m2025-03-25T07:56:23.894888Z[0m [32m INFO[0m [1mnode[0m[1m{[0m[3mname[0m[2m=[0mk#99f25ef6..[1m}[0m[2m:[0m [2msui_core::checkpoints::checkpoint_executor[0m[2m:[0m [2mcrates/sui-core/src/checkpoints/checkpoint_executor/mod.rs[0m[2m:[0m[2m332:[0m Received checkpoint summary from state sync [3msequence_number[0m[2m=[0m529
[2m2025-03-25T07:56:23.894888Z[0m [32m INFO[0m [1mnode[0m[1m{[0m[3mname[0m[2m=[0mk#8dcff6d1..[1m}[0m[2m:[0m [2msui_core::checkpoints::checkpoint_executor[0m[2m:[0m [2mcrates/sui-core/src/checkpoints/checkpoint_executor/mod.rs[0m[2m:[0m[2m332:[0m Received checkpoint summary from state sync [3msequence_number[0m[2m=[0m529
[2m2025-03-25T07:56:23.896060Z[0m [32m INFO[0m [1mnode[0m[1m{[0m[3mname[0m[2m=[0mk#99f25ef6..[1m}[0m[2m:[0m [2msui_core::state_accumulator[0m[2m:[0m [2mcrates/sui-core/src/state_accumulator.rs[0m[2m:[0m[2m675:[0m accumulating running root for checkpoint 529
[2m2025-03-25T07:56:23.896060Z[0m [32m INFO[0m [1mnode[0m[1m{[0m[3mname[0m[2m=[0mk#8dcff6d1..[1m}[0m[2m:[0m [2msui_core::state_accumulator[0m[2m:[0m [2mcrates/sui-core/src/state_accumulator.rs[0m[2m:[0m[2m675:[0m accumulating running root for checkpoint 529
[2m2025-03-25T07:56:23.898266Z[0m [32m INFO[0m [1mnode[0m[1m{[0m[3mname[0m[2m=[0mk#addeef94..[1m}[0m[2m:[0m [2msui_core::checkpoints::checkpoint_executor[0m[2m:[0m [2mcrates/sui-core/src/checkpoints/checkpoint_executor/mod.rs[0m[2m:[0m[2m332:[0m Received checkpoint summary from state sync [3msequence_number[0m[2m=[0m529
[2m2025-03-25T07:56:23.898994Z[0m [32m INFO[0m [1mnode[0m[1m{[0m[3mname[0m[2m=[0mk#addeef94..[1m}[0m[2m:[0m [2msui_core::state_accumulator[0m[2m:[0m [2mcrates/sui-core/src/state_accumulator.rs[0m[2m:[0m[2m675:[0m accumulating running root for checkpoint 529
[2m2025-03-25T07:56:24.116770Z[0m [32m INFO[0m [1mnode[0m[1m{[0m[3mname[0m[2m=[0mk#8dcff6d1..[1m}[0m[2m:[0m [2mconsensus_core::core[0m[2m:[0m [2mconsensus/core/src/core.rs[0m[2m:[0m[2m945:[0m Included 3 ancestors & excluded 0 ancestors for proposal in round 330
[2m2025-03-25T07:56:24.116900Z[0m [32m INFO[0m [1mnode[0m[1m{[0m[3mname[0m[2m=[0mk#99f25ef6..[1m}[0m[2m:[0m [2mconsensus_core::core[0m[2m:[0m [2mconsensus/core/src/core.rs[0m[2m:[0m[2m945:[0m Included 3 ancestors & excluded 0 ancestors for proposal in round 330
[2m2025-03-25T07:56:24.117141Z[0m [32m INFO[0m [1mnode[0m[1m{[0m[3mname[0m[2m=[0mk#8dcff6d1..[1m}[0m[2m:[0m [2mconsensus_core::core[0m[2m:[0m [2mconsensus/core/src/core.rs[0m[2m:[0m[2m531:[0m Created block B330(A,qpKoca8q8BuDDS+RCpGD46ZOz7oRBMnO5fqfZlu/T5U=)(1742889384116ms;[B329(A,WpWmv6AMCCEtO7hK+e4M3dP7/QDJQw0uvgZhArteWgo=), B329(B,5687KsIZ+cDTvqMJJxatLmYudItIXPERTnzqn72vOWY=), B329(C,ZXEO/BPjW/1t3LPuVLyv4LzNcQME+F+ucibGkDu9lTI=)];1t;1c) for round 330
[2m2025-03-25T07:56:24.117189Z[0m [32m INFO[0m [1mnode[0m[1m{[0m[3mname[0m[2m=[0mk#99f25ef6..[1m}[0m[2m:[0m [2mconsensus_core::core[0m[2m:[0m [2mconsensus/core/src/core.rs[0m[2m:[0m[2m531:[0m Created block B330(B,Vb0DieN0KF33v9di6YeIlvRevF2OXlYTHxf364feAss=)(1742889384117ms;[B329(B,5687KsIZ+cDTvqMJJxatLmYudItIXPERTnzqn72vOWY=), B329(A,WpWmv6AMCCEtO7hK+e4M3dP7/QDJQw0uvgZhArteWgo=), B329(C,ZXEO/BPjW/1t3LPuVLyv4LzNcQME+F+ucibGkDu9lTI=)];1t;1c) for round 330
[2m2025-03-25T07:56:24.120400Z[0m [32m INFO[0m [1mnode[0m[1m{[0m[3mname[0m[2m=[0mk#addeef94..[1m}[0m[2m:[0m [2mconsensus_core::core[0m[2m:[0m [2mconsensus/core/src/core.rs[0m[2m:[0m[2m945:[0m Included 3 ancestors & excluded 0 ancestors for proposal in round 330
[2m2025-03-25T07:56:24.120699Z[0m [32m INFO[0m [1mnode[0m[1m{[0m[3mname[0m[2m=[0mk#addeef94..[1m}[0m[2m:[0m [2mconsensus_core::core[0m[2m:[0m [2mconsensus/core/src/core.rs[0m[2m:[0m[2m531:[0m Created block B330(C,UxmG7qishUEAD2Ii2AJjmhhcAxdyzYstI3DY0nrgYYw=)(1742889384120ms;[B329(C,ZXEO/BPjW/1t3LPuVLyv4LzNcQME+F+ucibGkDu9lTI=), B329(A,WpWmv6AMCCEtO7hK+e4M3dP7/QDJQw0uvgZhArteWgo=), B329(B,5687KsIZ+cDTvqMJJxatLmYudItIXPERTnzqn72vOWY=)];1t;1c) for round 330
[2m2025-03-25T07:56:24.120766Z[0m [32m INFO[0m [1mnode[0m[1m{[0m[3mname[0m[2m=[0mk#addeef94..[1m}[0m[2m:[0m [2mconsensus_core::core[0m[2m:[0m [2mconsensus/core/src/core.rs[0m[2m:[0m[2m630:[0m Committing 1 leaders: B328(A,VpyC)
[2m2025-03-25T07:56:24.120834Z[0m [32m INFO[0m [1mnode[0m[1m{[0m[3mname[0m[2m=[0mk#addeef94..[1m}[0m[2m:[0m [2mconsensus_core::commit_observer[0m[2m:[0m [2mconsensus/core/src/commit_observer.rs[0m[2m:[0m[2m173:[0m Consensus commit C318(MhnG) with leader B328(A,VpyC) has 3 blocks
[2m2025-03-25T07:56:24.120914Z[0m [32m INFO[0m [1mnode[0m[1m{[0m[3mname[0m[2m=[0mk#addeef94..[1m}[0m[2m:[0m [2msui_core::consensus_handler[0m[2m:[0m [2mcrates/sui-core/src/consensus_handler.rs[0m[2m:[0m[2m232:[0m Received consensus output [3mconsensus_commit[0m[2m=[0mCommittedSubDag(leader=B328(A,VpyC), ref=C318(MhnG), blocks=[ttkS, Rf2x, VpyC]) [3mepoch[0m[2m=[0m1
[2m2025-03-25T07:56:24.123994Z[0m [32m INFO[0m [1mnode[0m[1m{[0m[3mname[0m[2m=[0mk#99f25ef6..[1m}[0m[2m:[0m [2msui_core::checkpoints::checkpoint_output[0m[2m:[0m [2mcrates/sui-core/src/checkpoints/checkpoint_output.rs[0m[2m:[0m[2m196:[0m Certified checkpoint with sequence 530 and digest 8UtCpL44R843JrTpCevecgWdHhVsfZXiyMiqwjsCvuPq
[2m2025-03-25T07:56:24.124005Z[0m [32m INFO[0m [1mnode[0m[1m{[0m[3mname[0m[2m=[0mk#8dcff6d1..[1m}[0m[2m:[0m [2msui_core::checkpoints::checkpoint_output[0m[2m:[0m [2mcrates/sui-core/src/checkpoints/checkpoint_output.rs[0m[2m:[0m[2m196:[0m Certified checkpoint with sequence 530 and digest 8UtCpL44R843JrTpCevecgWdHhVsfZXiyMiqwjsCvuPq
[2m2025-03-25T07:56:24.124101Z[0m [32m INFO[0m [1mnode[0m[1m{[0m[3mname[0m[2m=[0mk#99f25ef6..[1m}[0m[2m:[0m [2mconsensus_core::core[0m[2m:[0m [2mconsensus/core/src/core.rs[0m[2m:[0m[2m630:[0m Committing 1 leaders: B328(A,VpyC)
[2m2025-03-25T07:56:24.124118Z[0m [32m INFO[0m [1mnode[0m[1m{[0m[3mname[0m[2m=[0mk#8dcff6d1..[1m}[0m[2m:[0m [2mconsensus_core::core[0m[2m:[0m [2mconsensus/core/src/core.rs[0m[2m:[0m[2m630:[0m Committing 1 leaders: B328(A,VpyC)
[2m2025-03-25T07:56:24.124203Z[0m [32m INFO[0m [1mnode[0m[1m{[0m[3mname[0m[2m=[0mk#99f25ef6..[1m}[0m[2m:[0m [2mconsensus_core::commit_observer[0m[2m:[0m [2mconsensus/core/src/commit_observer.rs[0m[2m:[0m[2m173:[0m Consensus commit C318(MhnG) with leader B328(A,VpyC) has 3 blocks
[2m2025-03-25T07:56:24.124224Z[0m [32m INFO[0m [1mnode[0m[1m{[0m[3mname[0m[2m=[0mk#8dcff6d1..[1m}[0m[2m:[0m [2mconsensus_core::commit_observer[0m[2m:[0m [2mconsensus/core/src/commit_observer.rs[0m[2m:[0m[2m173:[0m Consensus commit C318(MhnG) with leader B328(A,VpyC) has 3 blocks
[2m2025-03-25T07:56:24.124645Z[0m [32m INFO[0m [1mnode[0m[1m{[0m[3mname[0m[2m=[0mk#99f25ef6..[1m}[0m[2m:[0m [2msui_core::consensus_handler[0m[2m:[0m [2mcrates/sui-core/src/consensus_handler.rs[0m[2m:[0m[2m232:[0m Received consensus output [3mconsensus_commit[0m[2m=[0mCommittedSubDag(leader=B328(A,VpyC), ref=C318(MhnG), blocks=[ttkS, Rf2x, VpyC]) [3mepoch[0m[2m=[0m1
[2m2025-03-25T07:56:24.124646Z[0m [32m INFO[0m [1mnode[0m[1m{[0m[3mname[0m[2m=[0mk#8dcff6d1..[1m}[0m[2m:[0m [2msui_core::consensus_handler[0m[2m:[0m [2mcrates/sui-core/src/consensus_handler.rs[0m[2m:[0m[2m232:[0m Received consensus output [3mconsensus_commit[0m[2m=[0mCommittedSubDag(leader=B328(A,VpyC), ref=C318(MhnG), blocks=[ttkS, Rf2x, VpyC]) [3mepoch[0m[2m=[0m1
[2m2025-03-25T07:56:24.125258Z[0m [32m INFO[0m [1mnode[0m[1m{[0m[3mname[0m[2m=[0mk#99f25ef6..[1m}[0m[2m:[0m [2msui_core::checkpoints::checkpoint_executor[0m[2m:[0m [2mcrates/sui-core/src/checkpoints/checkpoint_executor/mod.rs[0m[2m:[0m[2m332:[0m Received checkpoint summary from state sync [3msequence_number[0m[2m=[0m530
[2m2025-03-25T07:56:24.125259Z[0m [32m INFO[0m [1mnode[0m[1m{[0m[3mname[0m[2m=[0mk#8dcff6d1..[1m}[0m[2m:[0m [2msui_core::checkpoints::checkpoint_executor[0m[2m:[0m [2mcrates/sui-core/src/checkpoints/checkpoint_executor/mod.rs[0m[2m:[0m[2m332:[0m Received checkpoint summary from state sync [3msequence_number[0m[2m=[0m530
[2m2025-03-25T07:56:24.138830Z[0m [32m INFO[0m [1mnode[0m[1m{[0m[3mname[0m[2m=[0mk#99f25ef6..[1m}[0m[2m:[0m [2msui_core::state_accumulator[0m[2m:[0m [2mcrates/sui-core/src/state_accumulator.rs[0m[2m:[0m[2m675:[0m accumulating running root for checkpoint 530
[2m2025-03-25T07:56:24.138832Z[0m [32m INFO[0m [1mnode[0m[1m{[0m[3mname[0m[2m=[0mk#8dcff6d1..[1m}[0m[2m:[0m [2msui_core::state_accumulator[0m[2m:[0m [2mcrates/sui-core/src/state_accumulator.rs[0m[2m:[0m[2m675:[0m accumulating running root for checkpoint 530
[2m2025-03-25T07:56:24.164768Z[0m [32m INFO[0m [1mnode[0m[1m{[0m[3mname[0m[2m=[0mk#addeef94..[1m}[0m[2m:[0m [2msui_core::checkpoints[0m[2m:[0m [2mcrates/sui-core/src/checkpoints/mod.rs[0m[2m:[0m[2m1326:[0m Creating checkpoint(s) for 1 transactions [3mnext_checkpoint_seq[0m[2m=[0m531 [3mcheckpoint_timestamp[0m[2m=[0m1742889383604
[2m2025-03-25T07:56:24.164993Z[0m [32m INFO[0m [1mnode[0m[1m{[0m[3mname[0m[2m=[0mk#addeef94..[1m}[0m[2m:[0m [2msui_core::checkpoints::checkpoint_output[0m[2m:[0m [2mcrates/sui-core/src/checkpoints/checkpoint_output.rs[0m[2m:[0m[2m149:[0m Creating checkpoint CheckpointDigest(7TyLNgehTSsxAzFmJgqkk48SX3RbDFWXsHYxpHgR8Ebd) at epoch 1, sequence 531, previous digest Some(CheckpointDigest(8UtCpL44R843JrTpCevecgWdHhVsfZXiyMiqwjsCvuPq)), transactions count 1, content digest CheckpointContentsDigest(Denvn4bEcK18Wr9uoqg1tPLx4vfzn8K9aqoDmSVnt37n), end_of_epoch_data None
[2m2025-03-25T07:56:24.170093Z[0m [32m INFO[0m [1mnode[0m[1m{[0m[3mname[0m[2m=[0mk#99f25ef6..[1m}[0m[2m:[0m [2msui_core::checkpoints[0m[2m:[0m [2mcrates/sui-core/src/checkpoints/mod.rs[0m[2m:[0m[2m1326:[0m Creating checkpoint(s) for 1 transactions [3mnext_checkpoint_seq[0m[2m=[0m531 [3mcheckpoint_timestamp[0m[2m=[0m1742889383604
[2m2025-03-25T07:56:24.170098Z[0m [32m INFO[0m [1mnode[0m[1m{[0m[3mname[0m[2m=[0mk#8dcff6d1..[1m}[0m[2m:[0m [2msui_core::checkpoints[0m[2m:[0m [2mcrates/sui-core/src/checkpoints/mod.rs[0m[2m:[0m[2m1326:[0m Creating checkpoint(s) for 1 transactions [3mnext_checkpoint_seq[0m[2m=[0m531 [3mcheckpoint_timestamp[0m[2m=[0m1742889383604
[2m2025-03-25T07:56:24.170275Z[0m [32m INFO[0m [1mnode[0m[1m{[0m[3mname[0m[2m=[0mk#99f25ef6..[1m}[0m[2m:[0m [2msui_core::checkpoints::checkpoint_output[0m[2m:[0m [2mcrates/sui-core/src/checkpoints/checkpoint_output.rs[0m[2m:[0m[2m149:[0m Creating checkpoint CheckpointDigest(7TyLNgehTSsxAzFmJgqkk48SX3RbDFWXsHYxpHgR8Ebd) at epoch 1, sequence 531, previous digest Some(CheckpointDigest(8UtCpL44R843JrTpCevecgWdHhVsfZXiyMiqwjsCvuPq)), transactions count 1, content digest CheckpointContentsDigest(Denvn4bEcK18Wr9uoqg1tPLx4vfzn8K9aqoDmSVnt37n), end_of_epoch_data None
[2m2025-03-25T07:56:24.170276Z[0m [32m INFO[0m [1mnode[0m[1m{[0m[3mname[0m[2m=[0mk#8dcff6d1..[1m}[0m[2m:[0m [2msui_core::checkpoints::checkpoint_output[0m[2m:[0m [2mcrates/sui-core/src/checkpoints/checkpoint_output.rs[0m[2m:[0m[2m149:[0m Creating checkpoint CheckpointDigest(7TyLNgehTSsxAzFmJgqkk48SX3RbDFWXsHYxpHgR8Ebd) at epoch 1, sequence 531, previous digest Some(CheckpointDigest(8UtCpL44R843JrTpCevecgWdHhVsfZXiyMiqwjsCvuPq)), transactions count 1, content digest CheckpointContentsDigest(Denvn4bEcK18Wr9uoqg1tPLx4vfzn8K9aqoDmSVnt37n), end_of_epoch_data None
[2m2025-03-25T07:56:24.186713Z[0m [32m INFO[0m [1mnode[0m[1m{[0m[3mname[0m[2m=[0mk#addeef94..[1m}[0m[2m:[0m [2msui_core::checkpoints::checkpoint_executor[0m[2m:[0m [2mcrates/sui-core/src/checkpoints/checkpoint_executor/mod.rs[0m[2m:[0m[2m332:[0m Received checkpoint summary from state sync [3msequence_number[0m[2m=[0m530
[2m2025-03-25T07:56:24.233143Z[0m [32m INFO[0m [1mnode[0m[1m{[0m[3mname[0m[2m=[0mk#addeef94..[1m}[0m[2m:[0m [2msui_core::state_accumulator[0m[2m:[0m [2mcrates/sui-core/src/state_accumulator.rs[0m[2m:[0m[2m675:[0m accumulating running root for checkpoint 530
[2m2025-03-25T07:56:24.239473Z[0m [32m INFO[0m [1mnode[0m[1m{[0m[3mname[0m[2m=[0mk#addeef94..[1m}[0m[2m:[0m [2mconsensus_core::core[0m[2m:[0m [2mconsensus/core/src/core.rs[0m[2m:[0m[2m694:[0m Received quorum round per authority in ancestor state manager set to: [(330, 330), (330, 330), (330, 330)]
[2m2025-03-25T07:56:24.239486Z[0m [32m INFO[0m [1mnode[0m[1m{[0m[3mname[0m[2m=[0mk#addeef94..[1m}[0m[2m:[0m [2mconsensus_core::core[0m[2m:[0m [2mconsensus/core/src/core.rs[0m[2m:[0m[2m695:[0m Accepted quorum round per authority in ancestor state manager set to: [(330, 330), (330, 330), (330, 330)]
[2m2025-03-25T07:56:24.239494Z[0m [32m INFO[0m [1mnode[0m[1m{[0m[3mname[0m[2m=[0mk#addeef94..[1m}[0m[2m:[0m [2mconsensus_core::core[0m[2m:[0m [2mconsensus/core/src/core.rs[0m[2m:[0m[2m698:[0m Propagation round delay set to: 0
[2m2025-03-25T07:56:24.239529Z[0m [32m INFO[0m [1mnode[0m[1m{[0m[3mname[0m[2m=[0mk#8dcff6d1..[1m}[0m[2m:[0m [2mconsensus_core::core[0m[2m:[0m [2mconsensus/core/src/core.rs[0m[2m:[0m[2m694:[0m Received quorum round per authority in ancestor state manager set to: [(330, 330), (330, 330), (330, 330)]
[2m2025-03-25T07:56:24.239538Z[0m [32m INFO[0m [1mnode[0m[1m{[0m[3mname[0m[2m=[0mk#8dcff6d1..[1m}[0m[2m:[0m [2mconsensus_core::core[0m[2m:[0m [2mconsensus/core/src/core.rs[0m[2m:[0m[2m695:[0m Accepted quorum round per authority in ancestor state manager set to: [(330, 330), (330, 330), (330, 330)]
[2m2025-03-25T07:56:24.239545Z[0m [32m INFO[0m [1mnode[0m[1m{[0m[3mname[0m[2m=[0mk#8dcff6d1..[1m}[0m[2m:[0m [2mconsensus_core::core[0m[2m:[0m [2mconsensus/core/src/core.rs[0m[2m:[0m[2m698:[0m Propagation round delay set to: 0
[2m2025-03-25T07:56:24.240078Z[0m [32m INFO[0m [1mnode[0m[1m{[0m[3mname[0m[2m=[0mk#99f25ef6..[1m}[0m[2m:[0m [2mconsensus_core::core[0m[2m:[0m [2mconsensus/core/src/core.rs[0m[2m:[0m[2m694:[0m Received quorum round per authority in ancestor state manager set to: [(330, 330), (330, 330), (330, 330)]
[2m2025-03-25T07:56:24.240087Z[0m [32m INFO[0m [1mnode[0m[1m{[0m[3mname[0m[2m=[0mk#99f25ef6..[1m}[0m[2m:[0m [2mconsensus_core::core[0m[2m:[0m [2mconsensus/core/src/core.rs[0m[2m:[0m[2m695:[0m Accepted quorum round per authority in ancestor state manager set to: [(330, 330), (330, 330), (330, 330)]
[2m2025-03-25T07:56:24.240094Z[0m [32m INFO[0m [1mnode[0m[1m{[0m[3mname[0m[2m=[0mk#99f25ef6..[1m}[0m[2m:[0m [2mconsensus_core::core[0m[2m:[0m [2mconsensus/core/src/core.rs[0m[2m:[0m[2m698:[0m Propagation round delay set to: 0
[2m2025-03-25T07:56:24.374065Z[0m [32m INFO[0m [1mnode[0m[1m{[0m[3mname[0m[2m=[0mk#addeef94..[1m}[0m[2m:[0m [2mconsensus_core::core[0m[2m:[0m [2mconsensus/core/src/core.rs[0m[2m:[0m[2m945:[0m Included 3 ancestors & excluded 0 ancestors for proposal in round 331
[2m2025-03-25T07:56:24.374480Z[0m [32m INFO[0m [1mnode[0m[1m{[0m[3mname[0m[2m=[0mk#addeef94..[1m}[0m[2m:[0m [2mconsensus_core::core[0m[2m:[0m [2mconsensus/core/src/core.rs[0m[2m:[0m[2m531:[0m Created block B331(C,DcSUT9oFEN+JoW9BnFo1bd7OWNtu/uMmFhTkUWf1ffI=)(1742889384374ms;[B330(C,UxmG7qishUEAD2Ii2AJjmhhcAxdyzYstI3DY0nrgYYw=), B330(A,qpKoca8q8BuDDS+RCpGD46ZOz7oRBMnO5fqfZlu/T5U=), B330(B,Vb0DieN0KF33v9di6YeIlvRevF2OXlYTHxf364feAss=)];1t;1c) for round 331
[2m2025-03-25T07:56:24.376519Z[0m [32m INFO[0m [1mnode[0m[1m{[0m[3mname[0m[2m=[0mk#99f25ef6..[1m}[0m[2m:[0m [2mconsensus_core::core[0m[2m:[0m [2mconsensus/core/src/core.rs[0m[2m:[0m[2m945:[0m Included 3 ancestors & excluded 0 ancestors for proposal in round 331
[2m2025-03-25T07:56:24.376520Z[0m [32m INFO[0m [1mnode[0m[1m{[0m[3mname[0m[2m=[0mk#8dcff6d1..[1m}[0m[2m:[0m [2mconsensus_core::core[0m[2m:[0m [2mconsensus/core/src/core.rs[0m[2m:[0m[2m945:[0m Included 3 ancestors & excluded 0 ancestors for proposal in round 331
[2m2025-03-25T07:56:24.376808Z[0m [32m INFO[0m [1mnode[0m[1m{[0m[3mname[0m[2m=[0mk#99f25ef6..[1m}[0m[2m:[0m [2mconsensus_core::core[0m[2m:[0m [2mconsensus/core/src/core.rs[0m[2m:[0m[2m531:[0m Created block B331(B,ej37v3/3BvHNGWFoogwbT+OhqsE1a3X7rKGEwfeLxNA=)(1742889384376ms;[B330(B,Vb0DieN0KF33v9di6YeIlvRevF2OXlYTHxf364feAss=), B330(A,qpKoca8q8BuDDS+RCpGD46ZOz7oRBMnO5fqfZlu/T5U=), B330(C,UxmG7qishUEAD2Ii2AJjmhhcAxdyzYstI3DY0nrgYYw=)];1t;1c) for round 331
[2m2025-03-25T07:56:24.376811Z[0m [32m INFO[0m [1mnode[0m[1m{[0m[3mname[0m[2m=[0mk#8dcff6d1..[1m}[0m[2m:[0m [2mconsensus_core::core[0m[2m:[0m [2mconsensus/core/src/core.rs[0m[2m:[0m[2m531:[0m Created block B331(A,CNDgSP+Qd1yDUtcb/feNUEJ0IVtx9Drrwcx72IEV3ME=)(1742889384376ms;[B330(A,qpKoca8q8BuDDS+RCpGD46ZOz7oRBMnO5fqfZlu/T5U=), B330(B,Vb0DieN0KF33v9di6YeIlvRevF2OXlYTHxf364feAss=), B330(C,UxmG7qishUEAD2Ii2AJjmhhcAxdyzYstI3DY0nrgYYw=)];1t;1c) for round 331
[2m2025-03-25T07:56:24.376879Z[0m [32m INFO[0m [1mnode[0m[1m{[0m[3mname[0m[2m=[0mk#99f25ef6..[1m}[0m[2m:[0m [2mconsensus_core::core[0m[2m:[0m [2mconsensus/core/src/core.rs[0m[2m:[0m[2m630:[0m Committing 1 leaders: B329(B,5687)
[2m2025-03-25T07:56:24.376879Z[0m [32m INFO[0m [1mnode[0m[1m{[0m[3mname[0m[2m=[0mk#8dcff6d1..[1m}[0m[2m:[0m [2mconsensus_core::core[0m[2m:[0m [2mconsensus/core/src/core.rs[0m[2m:[0m[2m630:[0m Committing 1 leaders: B329(B,5687)
[2m2025-03-25T07:56:24.376951Z[0m [32m INFO[0m [1mnode[0m[1m{[0m[3mname[0m[2m=[0mk#8dcff6d1..[1m}[0m[2m:[0m [2mconsensus_core::commit_observer[0m[2m:[0m [2mconsensus/core/src/commit_observer.rs[0m[2m:[0m[2m173:[0m Consensus commit C319(FdKE) with leader B329(B,5687) has 3 blocks
[2m2025-03-25T07:56:24.376951Z[0m [32m INFO[0m [1mnode[0m[1m{[0m[3mname[0m[2m=[0mk#99f25ef6..[1m}[0m[2m:[0m [2mconsensus_core::commit_observer[0m[2m:[0m [2mconsensus/core/src/commit_observer.rs[0m[2m:[0m[2m173:[0m Consensus commit C319(FdKE) with leader B329(B,5687) has 3 blocks
[2m2025-03-25T07:56:24.377035Z[0m [32m INFO[0m [1mnode[0m[1m{[0m[3mname[0m[2m=[0mk#99f25ef6..[1m}[0m[2m:[0m [2msui_core::consensus_handler[0m[2m:[0m [2mcrates/sui-core/src/consensus_handler.rs[0m[2m:[0m[2m232:[0m Received consensus output [3mconsensus_commit[0m[2m=[0mCommittedSubDag(leader=B329(B,5687), ref=C319(FdKE), blocks=[HUwR, aHFA, 5687]) [3mepoch[0m[2m=[0m1
[2m2025-03-25T07:56:24.377035Z[0m [32m INFO[0m [1mnode[0m[1m{[0m[3mname[0m[2m=[0mk#8dcff6d1..[1m}[0m[2m:[0m [2msui_core::consensus_handler[0m[2m:[0m [2mcrates/sui-core/src/consensus_handler.rs[0m[2m:[0m[2m232:[0m Received consensus output [3mconsensus_commit[0m[2m=[0mCommittedSubDag(leader=B329(B,5687), ref=C319(FdKE), blocks=[HUwR, aHFA, 5687]) [3mepoch[0m[2m=[0m1
[2m2025-03-25T07:56:24.380735Z[0m [32m INFO[0m [1mnode[0m[1m{[0m[3mname[0m[2m=[0mk#addeef94..[1m}[0m[2m:[0m [2mconsensus_core::core[0m[2m:[0m [2mconsensus/core/src/core.rs[0m[2m:[0m[2m630:[0m Committing 1 leaders: B329(B,5687)
[2m2025-03-25T07:56:24.380836Z[0m [32m INFO[0m [1mnode[0m[1m{[0m[3mname[0m[2m=[0mk#addeef94..[1m}[0m[2m:[0m [2mconsensus_core::commit_observer[0m[2m:[0m [2mconsensus/core/src/commit_observer.rs[0m[2m:[0m[2m173:[0m Consensus commit C319(FdKE) with leader B329(B,5687) has 3 blocks
[2m2025-03-25T07:56:24.380967Z[0m [32m INFO[0m [1mnode[0m[1m{[0m[3mname[0m[2m=[0mk#addeef94..[1m}[0m[2m:[0m [2msui_core::consensus_handler[0m[2m:[0m [2mcrates/sui-core/src/consensus_handler.rs[0m[2m:[0m[2m232:[0m Received consensus output [3mconsensus_commit[0m[2m=[0mCommittedSubDag(leader=B329(B,5687), ref=C319(FdKE), blocks=[HUwR, aHFA, 5687]) [3mepoch[0m[2m=[0m1
[2m2025-03-25T07:56:24.403775Z[0m [32m INFO[0m [1mnode[0m[1m{[0m[3mname[0m[2m=[0mk#99f25ef6..[1m}[0m[2m:[0m [2msui_core::checkpoints[0m[2m:[0m [2mcrates/sui-core/src/checkpoints/mod.rs[0m[2m:[0m[2m1326:[0m Creating checkpoint(s) for 2 transactions [3mnext_checkpoint_seq[0m[2m=[0m532 [3mcheckpoint_timestamp[0m[2m=[0m1742889383864
[2m2025-03-25T07:56:24.403774Z[0m [32m INFO[0m [1mnode[0m[1m{[0m[3mname[0m[2m=[0mk#8dcff6d1..[1m}[0m[2m:[0m [2msui_core::checkpoints[0m[2m:[0m [2mcrates/sui-core/src/checkpoints/mod.rs[0m[2m:[0m[2m1326:[0m Creating checkpoint(s) for 2 transactions [3mnext_checkpoint_seq[0m[2m=[0m532 [3mcheckpoint_timestamp[0m[2m=[0m1742889383864
[2m2025-03-25T07:56:24.404085Z[0m [32m INFO[0m [1mnode[0m[1m{[0m[3mname[0m[2m=[0mk#8dcff6d1..[1m}[0m[2m:[0m [2msui_core::checkpoints::checkpoint_output[0m[2m:[0m [2mcrates/sui-core/src/checkpoints/checkpoint_output.rs[0m[2m:[0m[2m149:[0m Creating checkpoint CheckpointDigest(85eSxTUVFmZ3dUJ23jesaLEkoAUPKJ3H6qXQHVF7wVTu) at epoch 1, sequence 532, previous digest Some(CheckpointDigest(7TyLNgehTSsxAzFmJgqkk48SX3RbDFWXsHYxpHgR8Ebd)), transactions count 2, content digest CheckpointContentsDigest(GCP8o8bbJ3svZsLrnemxN9JmceYoxadYgbuGFdQ7UihK), end_of_epoch_data None
[2m2025-03-25T07:56:24.404085Z[0m [32m INFO[0m [1mnode[0m[1m{[0m[3mname[0m[2m=[0mk#99f25ef6..[1m}[0m[2m:[0m [2msui_core::checkpoints::checkpoint_output[0m[2m:[0m [2mcrates/sui-core/src/checkpoints/checkpoint_output.rs[0m[2m:[0m[2m149:[0m Creating checkpoint CheckpointDigest(85eSxTUVFmZ3dUJ23jesaLEkoAUPKJ3H6qXQHVF7wVTu) at epoch 1, sequence 532, previous digest Some(CheckpointDigest(7TyLNgehTSsxAzFmJgqkk48SX3RbDFWXsHYxpHgR8Ebd)), transactions count 2, content digest CheckpointContentsDigest(GCP8o8bbJ3svZsLrnemxN9JmceYoxadYgbuGFdQ7UihK), end_of_epoch_data None
[2m2025-03-25T07:56:24.407028Z[0m [32m INFO[0m [1mnode[0m[1m{[0m[3mname[0m[2m=[0mk#addeef94..[1m}[0m[2m:[0m [2msui_core::checkpoints[0m[2m:[0m [2mcrates/sui-core/src/checkpoints/mod.rs[0m[2m:[0m[2m1326:[0m Creating checkpoint(s) for 2 transactions [3mnext_checkpoint_seq[0m[2m=[0m532 [3mcheckpoint_timestamp[0m[2m=[0m1742889383864
[2m2025-03-25T07:56:24.407133Z[0m [32m INFO[0m [1mnode[0m[1m{[0m[3mname[0m[2m=[0mk#99f25ef6..[1m}[0m[2m:[0m [2msui_core::checkpoints::checkpoint_output[0m[2m:[0m [2mcrates/sui-core/src/checkpoints/checkpoint_output.rs[0m[2m:[0m[2m196:[0m Certified checkpoint with sequence 531 and digest 7TyLNgehTSsxAzFmJgqkk48SX3RbDFWXsHYxpHgR8Ebd
[2m2025-03-25T07:56:24.407199Z[0m [32m INFO[0m [1mnode[0m[1m{[0m[3mname[0m[2m=[0mk#8dcff6d1..[1m}[0m[2m:[0m [2msui_core::checkpoints::checkpoint_output[0m[2m:[0m [2mcrates/sui-core/src/checkpoints/checkpoint_output.rs[0m[2m:[0m[2m196:[0m Certified checkpoint with sequence 531 and digest 7TyLNgehTSsxAzFmJgqkk48SX3RbDFWXsHYxpHgR8Ebd
[2m2025-03-25T07:56:24.407283Z[0m [32m INFO[0m [1mnode[0m[1m{[0m[3mname[0m[2m=[0mk#addeef94..[1m}[0m[2m:[0m [2msui_core::checkpoints::checkpoint_output[0m[2m:[0m [2mcrates/sui-core/src/checkpoints/checkpoint_output.rs[0m[2m:[0m[2m149:[0m Creating checkpoint CheckpointDigest(85eSxTUVFmZ3dUJ23jesaLEkoAUPKJ3H6qXQHVF7wVTu) at epoch 1, sequence 532, previous digest Some(CheckpointDigest(7TyLNgehTSsxAzFmJgqkk48SX3RbDFWXsHYxpHgR8Ebd)), transactions count 2, content digest CheckpointContentsDigest(GCP8o8bbJ3svZsLrnemxN9JmceYoxadYgbuGFdQ7UihK), end_of_epoch_data None
[2m2025-03-25T07:56:24.407558Z[0m [32m INFO[0m [1mnode[0m[1m{[0m[3mname[0m[2m=[0mk#8dcff6d1..[1m}[0m[2m:[0m [2msui_core::checkpoints::checkpoint_executor[0m[2m:[0m [2mcrates/sui-core/src/checkpoints/checkpoint_executor/mod.rs[0m[2m:[0m[2m332:[0m Received checkpoint summary from state sync [3msequence_number[0m[2m=[0m531
[2m2025-03-25T07:56:24.407558Z[0m [32m INFO[0m [1mnode[0m[1m{[0m[3mname[0m[2m=[0mk#99f25ef6..[1m}[0m[2m:[0m [2msui_core::checkpoints::checkpoint_executor[0m[2m:[0m [2mcrates/sui-core/src/checkpoints/checkpoint_executor/mod.rs[0m[2m:[0m[2m332:[0m Received checkpoint summary from state sync [3msequence_number[0m[2m=[0m531
[2m2025-03-25T07:56:24.408732Z[0m [32m INFO[0m [1mnode[0m[1m{[0m[3mname[0m[2m=[0mk#99f25ef6..[1m}[0m[2m:[0m [2msui_core::state_accumulator[0m[2m:[0m [2mcrates/sui-core/src/state_accumulator.rs[0m[2m:[0m[2m675:[0m accumulating running root for checkpoint 531
[2m2025-03-25T07:56:24.408733Z[0m [32m INFO[0m [1mnode[0m[1m{[0m[3mname[0m[2m=[0mk#8dcff6d1..[1m}[0m[2m:[0m [2msui_core::state_accumulator[0m[2m:[0m [2mcrates/sui-core/src/state_accumulator.rs[0m[2m:[0m[2m675:[0m accumulating running root for checkpoint 531
[2m2025-03-25T07:56:24.410948Z[0m [32m INFO[0m [1mnode[0m[1m{[0m[3mname[0m[2m=[0mk#addeef94..[1m}[0m[2m:[0m [2msui_core::checkpoints::checkpoint_executor[0m[2m:[0m [2mcrates/sui-core/src/checkpoints/checkpoint_executor/mod.rs[0m[2m:[0m[2m332:[0m Received checkpoint summary from state sync [3msequence_number[0m[2m=[0m531
[2m2025-03-25T07:56:24.411677Z[0m [32m INFO[0m [1mnode[0m[1m{[0m[3mname[0m[2m=[0mk#addeef94..[1m}[0m[2m:[0m [2msui_core::state_accumulator[0m[2m:[0m [2mcrates/sui-core/src/state_accumulator.rs[0m[2m:[0m[2m675:[0m accumulating running root for checkpoint 531
[2m2025-03-25T07:56:24.482016Z[0m [32m INFO[0m [2msui_bridge::sui_bridge_watchdog[0m[2m:[0m [2mcrates/sui-bridge/src/sui_bridge_watchdog/mod.rs[0m[2m:[0m[2m47:[0m Running observable SuiBridgeStatus
[2m2025-03-25T07:56:24.482022Z[0m [32m INFO[0m [2msui_bridge::sui_bridge_watchdog[0m[2m:[0m [2mcrates/sui-bridge/src/sui_bridge_watchdog/mod.rs[0m[2m:[0m[2m47:[0m Running observable EthBridgeStatus
[2m2025-03-25T07:56:24.482033Z[0m [32m INFO[0m [2msui_bridge::sui_bridge_watchdog[0m[2m:[0m [2mcrates/sui-bridge/src/sui_bridge_watchdog/mod.rs[0m[2m:[0m[2m47:[0m Running observable EthereumVaultBalance
[2m2025-03-25T07:56:24.482159Z[0m [32m INFO[0m [2msui_bridge::sui_bridge_watchdog[0m[2m:[0m [2mcrates/sui-bridge/src/sui_bridge_watchdog/mod.rs[0m[2m:[0m[2m47:[0m Running observable EthereumVaultBalance
[2m2025-03-25T07:56:24.482579Z[0m [32m INFO[0m [1mobservable[0m[1m{[0m[3mname[0m[2m=[0m"EthBridgeStatus"[1m}[0m[2m:[0m [2msui_bridge::sui_bridge_watchdog::eth_bridge_status[0m[2m:[0m [2mcrates/sui-bridge/src/sui_bridge_watchdog/eth_bridge_status.rs[0m[2m:[0m[2m47:[0m Eth Bridge Status: false
[2m2025-03-25T07:56:24.482584Z[0m [32m INFO[0m [1mobservable[0m[1m{[0m[3mname[0m[2m=[0m"EthereumVaultBalance"[1m}[0m[2m:[0m [2msui_bridge::sui_bridge_watchdog::eth_vault_balance[0m[2m:[0m [2mcrates/sui-bridge/src/sui_bridge_watchdog/eth_vault_balance.rs[0m[2m:[0m[2m98:[0m WETH Vault Balance: 0
[2m2025-03-25T07:56:24.482584Z[0m [32m INFO[0m [1mobservable[0m[1m{[0m[3mname[0m[2m=[0m"EthereumVaultBalance"[1m}[0m[2m:[0m [2msui_bridge::sui_bridge_watchdog::eth_vault_balance[0m[2m:[0m [2mcrates/sui-bridge/src/sui_bridge_watchdog/eth_vault_balance.rs[0m[2m:[0m[2m98:[0m USDT Vault Balance: 10000000000
[2m2025-03-25T07:56:24.506073Z[0m [32m INFO[0m [2msui_bridge::eth_syncer[0m[2m:[0m [2mcrates/sui-bridge/src/eth_syncer.rs[0m[2m:[0m[2m120:[0m Observed new finalized eth block: 146
[2m2025-03-25T07:56:24.629398Z[0m [32m INFO[0m [1mnode[0m[1m{[0m[3mname[0m[2m=[0mk#8dcff6d1..[1m}[0m[2m:[0m [2mconsensus_core::core[0m[2m:[0m [2mconsensus/core/src/core.rs[0m[2m:[0m[2m945:[0m Included 3 ancestors & excluded 0 ancestors for proposal in round 332
[2m2025-03-25T07:56:24.629761Z[0m [32m INFO[0m [1mnode[0m[1m{[0m[3mname[0m[2m=[0mk#8dcff6d1..[1m}[0m[2m:[0m [2mconsensus_core::core[0m[2m:[0m [2mconsensus/core/src/core.rs[0m[2m:[0m[2m531:[0m Created block B332(A,/G+LqKXNLv2TSdxbJuEzd+GwVcMsfFYhHAat9JqAmTE=)(1742889384629ms;[B331(A,CNDgSP+Qd1yDUtcb/feNUEJ0IVtx9Drrwcx72IEV3ME=), B331(B,ej37v3/3BvHNGWFoogwbT+OhqsE1a3X7rKGEwfeLxNA=), B331(C,DcSUT9oFEN+JoW9BnFo1bd7OWNtu/uMmFhTkUWf1ffI=)];1t;1c) for round 332
[2m2025-03-25T07:56:24.629791Z[0m [32m INFO[0m [1mnode[0m[1m{[0m[3mname[0m[2m=[0mk#99f25ef6..[1m}[0m[2m:[0m [2mconsensus_core::core[0m[2m:[0m [2mconsensus/core/src/core.rs[0m[2m:[0m[2m945:[0m Included 3 ancestors & excluded 0 ancestors for proposal in round 332
[2m2025-03-25T07:56:24.630092Z[0m [32m INFO[0m [1mnode[0m[1m{[0m[3mname[0m[2m=[0mk#99f25ef6..[1m}[0m[2m:[0m [2mconsensus_core::core[0m[2m:[0m [2mconsensus/core/src/core.rs[0m[2m:[0m[2m531:[0m Created block B332(B,vWGjsK/Z5XvS/06zZ+yqH7Jd/dgMDPHpqKRk4vN43hU=)(1742889384629ms;[B331(B,ej37v3/3BvHNGWFoogwbT+OhqsE1a3X7rKGEwfeLxNA=), B331(A,CNDgSP+Qd1yDUtcb/feNUEJ0IVtx9Drrwcx72IEV3ME=), B331(C,DcSUT9oFEN+JoW9BnFo1bd7OWNtu/uMmFhTkUWf1ffI=)];1t;1c) for round 332
[2m2025-03-25T07:56:24.632970Z[0m [32m INFO[0m [1mnode[0m[1m{[0m[3mname[0m[2m=[0mk#addeef94..[1m}[0m[2m:[0m [2mconsensus_core::core[0m[2m:[0m [2mconsensus/core/src/core.rs[0m[2m:[0m[2m945:[0m Included 3 ancestors & excluded 0 ancestors for proposal in round 332
[2m2025-03-25T07:56:24.633269Z[0m [32m INFO[0m [1mnode[0m[1m{[0m[3mname[0m[2m=[0mk#addeef94..[1m}[0m[2m:[0m [2mconsensus_core::core[0m[2m:[0m [2mconsensus/core/src/core.rs[0m[2m:[0m[2m531:[0m Created block B332(C,BP6O6rRA+VIqfp8Qb11QYqay+Y0W4k4aMJIo6DEcveM=)(1742889384633ms;[B331(C,DcSUT9oFEN+JoW9BnFo1bd7OWNtu/uMmFhTkUWf1ffI=), B331(A,CNDgSP+Qd1yDUtcb/feNUEJ0IVtx9Drrwcx72IEV3ME=), B331(B,ej37v3/3BvHNGWFoogwbT+OhqsE1a3X7rKGEwfeLxNA=)];1t;1c) for round 332
[2m2025-03-25T07:56:24.633340Z[0m [32m INFO[0m [1mnode[0m[1m{[0m[3mname[0m[2m=[0mk#addeef94..[1m}[0m[2m:[0m [2mconsensus_core::core[0m[2m:[0m [2mconsensus/core/src/core.rs[0m[2m:[0m[2m630:[0m Committing 1 leaders: B330(B,Vb0D)
[2m2025-03-25T07:56:24.633409Z[0m [32m INFO[0m [1mnode[0m[1m{[0m[3mname[0m[2m=[0mk#addeef94..[1m}[0m[2m:[0m [2mconsensus_core::commit_observer[0m[2m:[0m [2mconsensus/core/src/commit_observer.rs[0m[2m:[0m[2m173:[0m Consensus commit C320(Yj19) with leader B330(B,Vb0D) has 3 blocks
[2m2025-03-25T07:56:24.633654Z[0m [32m INFO[0m [1mnode[0m[1m{[0m[3mname[0m[2m=[0mk#addeef94..[1m}[0m[2m:[0m [2msui_core::consensus_handler[0m[2m:[0m [2mcrates/sui-core/src/consensus_handler.rs[0m[2m:[0m[2m232:[0m Received consensus output [3mconsensus_commit[0m[2m=[0mCommittedSubDag(leader=B330(B,Vb0D), ref=C320(Yj19), blocks=[WpWm, ZXEO, Vb0D]) [3mepoch[0m[2m=[0m1
[2m2025-03-25T07:56:24.636756Z[0m [32m INFO[0m [1mnode[0m[1m{[0m[3mname[0m[2m=[0mk#99f25ef6..[1m}[0m[2m:[0m [2msui_core::checkpoints::checkpoint_output[0m[2m:[0m [2mcrates/sui-core/src/checkpoints/checkpoint_output.rs[0m[2m:[0m[2m196:[0m Certified checkpoint with sequence 532 and digest 85eSxTUVFmZ3dUJ23jesaLEkoAUPKJ3H6qXQHVF7wVTu
[2m2025-03-25T07:56:24.636754Z[0m [32m INFO[0m [1mnode[0m[1m{[0m[3mname[0m[2m=[0mk#8dcff6d1..[1m}[0m[2m:[0m [2msui_core::checkpoints::checkpoint_output[0m[2m:[0m [2mcrates/sui-core/src/checkpoints/checkpoint_output.rs[0m[2m:[0m[2m196:[0m Certified checkpoint with sequence 532 and digest 85eSxTUVFmZ3dUJ23jesaLEkoAUPKJ3H6qXQHVF7wVTu
[2m2025-03-25T07:56:24.636862Z[0m [32m INFO[0m [1mnode[0m[1m{[0m[3mname[0m[2m=[0mk#99f25ef6..[1m}[0m[2m:[0m [2mconsensus_core::core[0m[2m:[0m [2mconsensus/core/src/core.rs[0m[2m:[0m[2m630:[0m Committing 1 leaders: B330(B,Vb0D)
[2m2025-03-25T07:56:24.636862Z[0m [32m INFO[0m [1mnode[0m[1m{[0m[3mname[0m[2m=[0mk#8dcff6d1..[1m}[0m[2m:[0m [2mconsensus_core::core[0m[2m:[0m [2mconsensus/core/src/core.rs[0m[2m:[0m[2m630:[0m Committing 1 leaders: B330(B,Vb0D)
[2m2025-03-25T07:56:24.636960Z[0m [32m INFO[0m [1mnode[0m[1m{[0m[3mname[0m[2m=[0mk#8dcff6d1..[1m}[0m[2m:[0m [2mconsensus_core::commit_observer[0m[2m:[0m [2mconsensus/core/src/commit_observer.rs[0m[2m:[0m[2m173:[0m Consensus commit C320(Yj19) with leader B330(B,Vb0D) has 3 blocks
[2m2025-03-25T07:56:24.636972Z[0m [32m INFO[0m [1mnode[0m[1m{[0m[3mname[0m[2m=[0mk#99f25ef6..[1m}[0m[2m:[0m [2mconsensus_core::commit_observer[0m[2m:[0m [2mconsensus/core/src/commit_observer.rs[0m[2m:[0m[2m173:[0m Consensus commit C320(Yj19) with leader B330(B,Vb0D) has 3 blocks
[2m2025-03-25T07:56:24.637410Z[0m [32m INFO[0m [1mnode[0m[1m{[0m[3mname[0m[2m=[0mk#99f25ef6..[1m}[0m[2m:[0m [2msui_core::consensus_handler[0m[2m:[0m [2mcrates/sui-core/src/consensus_handler.rs[0m[2m:[0m[2m232:[0m Received consensus output [3mconsensus_commit[0m[2m=[0mCommittedSubDag(leader=B330(B,Vb0D), ref=C320(Yj19), blocks=[WpWm, ZXEO, Vb0D]) [3mepoch[0m[2m=[0m1
[2m2025-03-25T07:56:24.637410Z[0m [32m INFO[0m [1mnode[0m[1m{[0m[3mname[0m[2m=[0mk#8dcff6d1..[1m}[0m[2m:[0m [2msui_core::consensus_handler[0m[2m:[0m [2mcrates/sui-core/src/consensus_handler.rs[0m[2m:[0m[2m232:[0m Received consensus output [3mconsensus_commit[0m[2m=[0mCommittedSubDag(leader=B330(B,Vb0D), ref=C320(Yj19), blocks=[WpWm, ZXEO, Vb0D]) [3mepoch[0m[2m=[0m1
[2m2025-03-25T07:56:24.638025Z[0m [32m INFO[0m [1mnode[0m[1m{[0m[3mname[0m[2m=[0mk#8dcff6d1..[1m}[0m[2m:[0m [2msui_core::checkpoints::checkpoint_executor[0m[2m:[0m [2mcrates/sui-core/src/checkpoints/checkpoint_executor/mod.rs[0m[2m:[0m[2m332:[0m Received checkpoint summary from state sync [3msequence_number[0m[2m=[0m532
[2m2025-03-25T07:56:24.638025Z[0m [32m INFO[0m [1mnode[0m[1m{[0m[3mname[0m[2m=[0mk#99f25ef6..[1m}[0m[2m:[0m [2msui_core::checkpoints::checkpoint_executor[0m[2m:[0m [2mcrates/sui-core/src/checkpoints/checkpoint_executor/mod.rs[0m[2m:[0m[2m332:[0m Received checkpoint summary from state sync [3msequence_number[0m[2m=[0m532
[2m2025-03-25T07:56:24.651603Z[0m [32m INFO[0m [1mnode[0m[1m{[0m[3mname[0m[2m=[0mk#8dcff6d1..[1m}[0m[2m:[0m [2msui_core::state_accumulator[0m[2m:[0m [2mcrates/sui-core/src/state_accumulator.rs[0m[2m:[0m[2m675:[0m accumulating running root for checkpoint 532
[2m2025-03-25T07:56:24.651603Z[0m [32m INFO[0m [1mnode[0m[1m{[0m[3mname[0m[2m=[0mk#99f25ef6..[1m}[0m[2m:[0m [2msui_core::state_accumulator[0m[2m:[0m [2mcrates/sui-core/src/state_accumulator.rs[0m[2m:[0m[2m675:[0m accumulating running root for checkpoint 532
[2m2025-03-25T07:56:24.678280Z[0m [32m INFO[0m [1mnode[0m[1m{[0m[3mname[0m[2m=[0mk#addeef94..[1m}[0m[2m:[0m [2msui_core::checkpoints[0m[2m:[0m [2mcrates/sui-core/src/checkpoints/mod.rs[0m[2m:[0m[2m1326:[0m Creating checkpoint(s) for 1 transactions [3mnext_checkpoint_seq[0m[2m=[0m533 [3mcheckpoint_timestamp[0m[2m=[0m1742889384117
[2m2025-03-25T07:56:24.678514Z[0m [32m INFO[0m [1mnode[0m[1m{[0m[3mname[0m[2m=[0mk#addeef94..[1m}[0m[2m:[0m [2msui_core::checkpoints::checkpoint_output[0m[2m:[0m [2mcrates/sui-core/src/checkpoints/checkpoint_output.rs[0m[2m:[0m[2m149:[0m Creating checkpoint CheckpointDigest(epUMMKCv5UMFx3S3mT8dQKddQPMeMp67zvWU1voorDf) at epoch 1, sequence 533, previous digest Some(CheckpointDigest(85eSxTUVFmZ3dUJ23jesaLEkoAUPKJ3H6qXQHVF7wVTu)), transactions count 1, content digest CheckpointContentsDigest(26qYMr9P7FyCiEu5kdpGGpnrbvN4LPMtbrB1H4tRfhFz), end_of_epoch_data None
[2m2025-03-25T07:56:24.682695Z[0m [32m INFO[0m [1mnode[0m[1m{[0m[3mname[0m[2m=[0mk#8dcff6d1..[1m}[0m[2m:[0m [2msui_core::checkpoints[0m[2m:[0m [2mcrates/sui-core/src/checkpoints/mod.rs[0m[2m:[0m[2m1326:[0m Creating checkpoint(s) for 1 transactions [3mnext_checkpoint_seq[0m[2m=[0m533 [3mcheckpoint_timestamp[0m[2m=[0m1742889384117
[2m2025-03-25T07:56:24.682744Z[0m [32m INFO[0m [1mnode[0m[1m{[0m[3mname[0m[2m=[0mk#99f25ef6..[1m}[0m[2m:[0m [2msui_core::checkpoints[0m[2m:[0m [2mcrates/sui-core/src/checkpoints/mod.rs[0m[2m:[0m[2m1326:[0m Creating checkpoint(s) for 1 transactions [3mnext_checkpoint_seq[0m[2m=[0m533 [3mcheckpoint_timestamp[0m[2m=[0m1742889384117
[2m2025-03-25T07:56:24.682885Z[0m [32m INFO[0m [1mnode[0m[1m{[0m[3mname[0m[2m=[0mk#8dcff6d1..[1m}[0m[2m:[0m [2msui_core::checkpoints::checkpoint_output[0m[2m:[0m [2mcrates/sui-core/src/checkpoints/checkpoint_output.rs[0m[2m:[0m[2m149:[0m Creating checkpoint CheckpointDigest(epUMMKCv5UMFx3S3mT8dQKddQPMeMp67zvWU1voorDf) at epoch 1, sequence 533, previous digest Some(CheckpointDigest(85eSxTUVFmZ3dUJ23jesaLEkoAUPKJ3H6qXQHVF7wVTu)), transactions count 1, content digest CheckpointContentsDigest(26qYMr9P7FyCiEu5kdpGGpnrbvN4LPMtbrB1H4tRfhFz), end_of_epoch_data None
[2m2025-03-25T07:56:24.682917Z[0m [32m INFO[0m [1mnode[0m[1m{[0m[3mname[0m[2m=[0mk#99f25ef6..[1m}[0m[2m:[0m [2msui_core::checkpoints::checkpoint_output[0m[2m:[0m [2mcrates/sui-core/src/checkpoints/checkpoint_output.rs[0m[2m:[0m[2m149:[0m Creating checkpoint CheckpointDigest(epUMMKCv5UMFx3S3mT8dQKddQPMeMp67zvWU1voorDf) at epoch 1, sequence 533, previous digest Some(CheckpointDigest(85eSxTUVFmZ3dUJ23jesaLEkoAUPKJ3H6qXQHVF7wVTu)), transactions count 1, content digest CheckpointContentsDigest(26qYMr9P7FyCiEu5kdpGGpnrbvN4LPMtbrB1H4tRfhFz), end_of_epoch_data None
[2m2025-03-25T07:56:24.745112Z[0m [32m INFO[0m [1mnode[0m[1m{[0m[3mname[0m[2m=[0mk#addeef94..[1m}[0m[2m:[0m [2msui_core::checkpoints::checkpoint_executor[0m[2m:[0m [2mcrates/sui-core/src/checkpoints/checkpoint_executor/mod.rs[0m[2m:[0m[2m332:[0m Received checkpoint summary from state sync [3msequence_number[0m[2m=[0m532
[2m2025-03-25T07:56:24.746574Z[0m [32m INFO[0m [1mnode[0m[1m{[0m[3mname[0m[2m=[0mk#addeef94..[1m}[0m[2m:[0m [2msui_core::state_accumulator[0m[2m:[0m [2mcrates/sui-core/src/state_accumulator.rs[0m[2m:[0m[2m675:[0m accumulating running root for checkpoint 532
[2m2025-03-25T07:56:24.884301Z[0m [32m INFO[0m [1mnode[0m[1m{[0m[3mname[0m[2m=[0mk#b3f3cbb4..[1m}[0m[2m:[0m[1mjson-rpc-request[0m[2m:[0m[1mdev_inspect_transaction_block[0m[1m{[0m[3msender_address[0m[2m=[0m0x0000000000000000000000000000000000000000000000000000000000000000 [3mtx_bytes[0m[2m=[0mBase64("AAMBAQAAAAAAAAAAAAAAAAAAAAAAAAAAAAAAAAAAAAAAAAAJAQAAAAAAAAABAAECAAgAAAAAAAAAAAEAAAAAAAAAAAAAAAAAAAAAAAAAAAAAAAAAAAAAAAAAAAsGYnJpZGdlIGdldF90b2tlbl90cmFuc2Zlcl9hY3Rpb25fc3RhdHVzAAMBAAABAQABAgA=") [3mgas_price[0m[2m=[0mNone [3m_epoch[0m[2m=[0mNone [3madditional_args[0m[2m=[0mNone[1m}[0m[2m:[0m [2msui_json_rpc::transaction_execution_api[0m[2m:[0m [2mcrates/sui-json-rpc/src/transaction_execution_api.rs[0m[2m:[0m[2m351:[0m RPC took longer than threshold to complete. [3melapsed[0m[2m=[0m1.535863041s
[2m2025-03-25T07:56:24.885178Z[0m [32m INFO[0m [1mhandle_execution_task[0m[1m{[0m[3maction_key[0m[2m=[0mBridgeActionKey(0,2,0) [3mattempt_times[0m[2m=[0m0[1m}[0m[2m:[0m [2msui_bridge::action_executor[0m[2m:[0m [2mcrates/sui-bridge/src/action_executor.rs[0m[2m:[0m[2m540:[0m Sending transaction to Sui [3mtx_digest[0m[2m=[0mTransactionDigest(GDSurpEu2x2PVvpwcUqP5MTXTQ8jWoYdMxzexGq3UM9X) [3mgas_object_ref[0m[2m=[0m(0x059c5b653da3f627ad85b7947a1634ad3055f81b24125b7d9b23178b0146bfc6, SequenceNumber(341), o#4ep4K212yQtPC23ghtw73sJ44qmqyajoXRf4wvuKq6mQ)
[2m2025-03-25T07:56:24.885785Z[0m [32m INFO[0m [1mnode[0m[1m{[0m[3mname[0m[2m=[0mk#addeef94..[1m}[0m[2m:[0m [2mconsensus_core::core[0m[2m:[0m [2mconsensus/core/src/core.rs[0m[2m:[0m[2m945:[0m Included 3 ancestors & excluded 0 ancestors for proposal in round 333
[2m2025-03-25T07:56:24.886168Z[0m [32m INFO[0m [1mnode[0m[1m{[0m[3mname[0m[2m=[0mk#addeef94..[1m}[0m[2m:[0m [2mconsensus_core::core[0m[2m:[0m [2mconsensus/core/src/core.rs[0m[2m:[0m[2m531:[0m Created block B333(C,Aq97EJVWmX+5vn6L92sFHOz6g0UKANjyTHAJbH0awOs=)(1742889384885ms;[B332(C,BP6O6rRA+VIqfp8Qb11QYqay+Y0W4k4aMJIo6DEcveM=), B332(A,/G+LqKXNLv2TSdxbJuEzd+GwVcMsfFYhHAat9JqAmTE=), B332(B,vWGjsK/Z5XvS/06zZ+yqH7Jd/dgMDPHpqKRk4vN43hU=)];1t;1c) for round 333
[2m2025-03-25T07:56:24.888239Z[0m [32m INFO[0m [1mnode[0m[1m{[0m[3mname[0m[2m=[0mk#99f25ef6..[1m}[0m[2m:[0m [2mconsensus_core::core[0m[2m:[0m [2mconsensus/core/src/core.rs[0m[2m:[0m[2m945:[0m Included 3 ancestors & excluded 0 ancestors for proposal in round 333
[2m2025-03-25T07:56:24.888356Z[0m [32m INFO[0m [1mnode[0m[1m{[0m[3mname[0m[2m=[0mk#8dcff6d1..[1m}[0m[2m:[0m [2mconsensus_core::core[0m[2m:[0m [2mconsensus/core/src/core.rs[0m[2m:[0m[2m945:[0m Included 3 ancestors & excluded 0 ancestors for proposal in round 333
[2m2025-03-25T07:56:24.888535Z[0m [32m INFO[0m [1mnode[0m[1m{[0m[3mname[0m[2m=[0mk#99f25ef6..[1m}[0m[2m:[0m [2mconsensus_core::core[0m[2m:[0m [2mconsensus/core/src/core.rs[0m[2m:[0m[2m531:[0m Created block B333(B,GoV2AAe22EjOzwCNLw94jsY8KN9Ax6i1nHOJVJxoVsg=)(1742889384888ms;[B332(B,vWGjsK/Z5XvS/06zZ+yqH7Jd/dgMDPHpqKRk4vN43hU=), B332(A,/G+LqKXNLv2TSdxbJuEzd+GwVcMsfFYhHAat9JqAmTE=), B332(C,BP6O6rRA+VIqfp8Qb11QYqay+Y0W4k4aMJIo6DEcveM=)];1t;1c) for round 333
[2m2025-03-25T07:56:24.888608Z[0m [32m INFO[0m [1mnode[0m[1m{[0m[3mname[0m[2m=[0mk#99f25ef6..[1m}[0m[2m:[0m [2mconsensus_core::core[0m[2m:[0m [2mconsensus/core/src/core.rs[0m[2m:[0m[2m630:[0m Committing 1 leaders: B331(B,ej37)
[2m2025-03-25T07:56:24.888639Z[0m [32m INFO[0m [1mnode[0m[1m{[0m[3mname[0m[2m=[0mk#8dcff6d1..[1m}[0m[2m:[0m [2mconsensus_core::core[0m[2m:[0m [2mconsensus/core/src/core.rs[0m[2m:[0m[2m531:[0m Created block B333(A,xKBME2yvvh5XPVECa9KG2HJ/KFOGWK+NUAwo8fU1r1w=)(1742889384888ms;[B332(A,/G+LqKXNLv2TSdxbJuEzd+GwVcMsfFYhHAat9JqAmTE=), B332(B,vWGjsK/Z5XvS/06zZ+yqH7Jd/dgMDPHpqKRk4vN43hU=), B332(C,BP6O6rRA+VIqfp8Qb11QYqay+Y0W4k4aMJIo6DEcveM=)];1t;1c) for round 333
[2m2025-03-25T07:56:24.888680Z[0m [32m INFO[0m [1mnode[0m[1m{[0m[3mname[0m[2m=[0mk#99f25ef6..[1m}[0m[2m:[0m [2mconsensus_core::commit_observer[0m[2m:[0m [2mconsensus/core/src/commit_observer.rs[0m[2m:[0m[2m173:[0m Consensus commit C321(X1yS) with leader B331(B,ej37) has 3 blocks
[2m2025-03-25T07:56:24.888701Z[0m [32m INFO[0m [1mnode[0m[1m{[0m[3mname[0m[2m=[0mk#8dcff6d1..[1m}[0m[2m:[0m [2mconsensus_core::core[0m[2m:[0m [2mconsensus/core/src/core.rs[0m[2m:[0m[2m630:[0m Committing 1 leaders: B331(B,ej37)
[2m2025-03-25T07:56:24.888765Z[0m [32m INFO[0m [1mnode[0m[1m{[0m[3mname[0m[2m=[0mk#8dcff6d1..[1m}[0m[2m:[0m [2mconsensus_core::commit_observer[0m[2m:[0m [2mconsensus/core/src/commit_observer.rs[0m[2m:[0m[2m173:[0m Consensus commit C321(X1yS) with leader B331(B,ej37) has 3 blocks
[2m2025-03-25T07:56:24.888769Z[0m [32m INFO[0m [1mnode[0m[1m{[0m[3mname[0m[2m=[0mk#99f25ef6..[1m}[0m[2m:[0m [2msui_core::consensus_handler[0m[2m:[0m [2mcrates/sui-core/src/consensus_handler.rs[0m[2m:[0m[2m232:[0m Received consensus output [3mconsensus_commit[0m[2m=[0mCommittedSubDag(leader=B331(B,ej37), ref=C321(X1yS), blocks=[qpKo, UxmG, ej37]) [3mepoch[0m[2m=[0m1
[2m2025-03-25T07:56:24.888837Z[0m [32m INFO[0m [1mnode[0m[1m{[0m[3mname[0m[2m=[0mk#8dcff6d1..[1m}[0m[2m:[0m [2msui_core::consensus_handler[0m[2m:[0m [2mcrates/sui-core/src/consensus_handler.rs[0m[2m:[0m[2m232:[0m Received consensus output [3mconsensus_commit[0m[2m=[0mCommittedSubDag(leader=B331(B,ej37), ref=C321(X1yS), blocks=[qpKo, UxmG, ej37]) [3mepoch[0m[2m=[0m1
[2m2025-03-25T07:56:24.892364Z[0m [32m INFO[0m [1mnode[0m[1m{[0m[3mname[0m[2m=[0mk#addeef94..[1m}[0m[2m:[0m [2mconsensus_core::core[0m[2m:[0m [2mconsensus/core/src/core.rs[0m[2m:[0m[2m630:[0m Committing 1 leaders: B331(B,ej37)
[2m2025-03-25T07:56:24.892460Z[0m [32m INFO[0m [1mnode[0m[1m{[0m[3mname[0m[2m=[0mk#addeef94..[1m}[0m[2m:[0m [2mconsensus_core::commit_observer[0m[2m:[0m [2mconsensus/core/src/commit_observer.rs[0m[2m:[0m[2m173:[0m Consensus commit C321(X1yS) with leader B331(B,ej37) has 3 blocks
[2m2025-03-25T07:56:24.892586Z[0m [32m INFO[0m [1mnode[0m[1m{[0m[3mname[0m[2m=[0mk#addeef94..[1m}[0m[2m:[0m [2msui_core::consensus_handler[0m[2m:[0m [2mcrates/sui-core/src/consensus_handler.rs[0m[2m:[0m[2m232:[0m Received consensus output [3mconsensus_commit[0m[2m=[0mCommittedSubDag(leader=B331(B,ej37), ref=C321(X1yS), blocks=[qpKo, UxmG, ej37]) [3mepoch[0m[2m=[0m1
[2m2025-03-25T07:56:24.903808Z[0m [32m INFO[0m [1mnode[0m[1m{[0m[3mname[0m[2m=[0mk#b3f3cbb4..[1m}[0m[2m:[0m [2msui_core::state_accumulator[0m[2m:[0m [2mcrates/sui-core/src/state_accumulator.rs[0m[2m:[0m[2m675:[0m accumulating running root for checkpoint 502
[2m2025-03-25T07:56:24.904220Z[0m [32m INFO[0m [1mnode[0m[1m{[0m[3mname[0m[2m=[0mk#b3f3cbb4..[1m}[0m[2m:[0m [2msui_core::checkpoints::checkpoint_executor[0m[2m:[0m [2mcrates/sui-core/src/checkpoints/checkpoint_executor/mod.rs[0m[2m:[0m[2m332:[0m Received checkpoint summary from state sync [3msequence_number[0m[2m=[0m508
[2m2025-03-25T07:56:24.904266Z[0m [32m INFO[0m [1mnode[0m[1m{[0m[3mname[0m[2m=[0mk#b3f3cbb4..[1m}[0m[2m:[0m [2msui_core::checkpoints::checkpoint_executor[0m[2m:[0m [2mcrates/sui-core/src/checkpoints/checkpoint_executor/mod.rs[0m[2m:[0m[2m332:[0m Received checkpoint summary from state sync [3msequence_number[0m[2m=[0m509
[2m2025-03-25T07:56:24.904307Z[0m [32m INFO[0m [1mnode[0m[1m{[0m[3mname[0m[2m=[0mk#b3f3cbb4..[1m}[0m[2m:[0m [2msui_core::checkpoints::checkpoint_executor[0m[2m:[0m [2mcrates/sui-core/src/checkpoints/checkpoint_executor/mod.rs[0m[2m:[0m[2m332:[0m Received checkpoint summary from state sync [3msequence_number[0m[2m=[0m510
[2m2025-03-25T07:56:24.904349Z[0m [32m INFO[0m [1mnode[0m[1m{[0m[3mname[0m[2m=[0mk#b3f3cbb4..[1m}[0m[2m:[0m [2msui_core::checkpoints::checkpoint_executor[0m[2m:[0m [2mcrates/sui-core/src/checkpoints/checkpoint_executor/mod.rs[0m[2m:[0m[2m332:[0m Received checkpoint summary from state sync [3msequence_number[0m[2m=[0m511
[2m2025-03-25T07:56:24.904390Z[0m [32m INFO[0m [1mnode[0m[1m{[0m[3mname[0m[2m=[0mk#b3f3cbb4..[1m}[0m[2m:[0m [2msui_core::checkpoints::checkpoint_executor[0m[2m:[0m [2mcrates/sui-core/src/checkpoints/checkpoint_executor/mod.rs[0m[2m:[0m[2m332:[0m Received checkpoint summary from state sync [3msequence_number[0m[2m=[0m512
[2m2025-03-25T07:56:24.915403Z[0m [32m INFO[0m [1mnode[0m[1m{[0m[3mname[0m[2m=[0mk#8dcff6d1..[1m}[0m[2m:[0m [2msui_core::checkpoints[0m[2m:[0m [2mcrates/sui-core/src/checkpoints/mod.rs[0m[2m:[0m[2m1326:[0m Creating checkpoint(s) for 2 transactions [3mnext_checkpoint_seq[0m[2m=[0m534 [3mcheckpoint_timestamp[0m[2m=[0m1742889384376
[2m2025-03-25T07:56:24.915404Z[0m [32m INFO[0m [1mnode[0m[1m{[0m[3mname[0m[2m=[0mk#99f25ef6..[1m}[0m[2m:[0m [2msui_core::checkpoints[0m[2m:[0m [2mcrates/sui-core/src/checkpoints/mod.rs[0m[2m:[0m[2m1326:[0m Creating checkpoint(s) for 2 transactions [3mnext_checkpoint_seq[0m[2m=[0m534 [3mcheckpoint_timestamp[0m[2m=[0m1742889384376
[2m2025-03-25T07:56:24.915703Z[0m [32m INFO[0m [1mnode[0m[1m{[0m[3mname[0m[2m=[0mk#99f25ef6..[1m}[0m[2m:[0m [2msui_core::checkpoints::checkpoint_output[0m[2m:[0m [2mcrates/sui-core/src/checkpoints/checkpoint_output.rs[0m[2m:[0m[2m149:[0m Creating checkpoint CheckpointDigest(xHenTyJWag8Cj6K8V3MtDuSWa1pvquV9x66hVSKDoTu) at epoch 1, sequence 534, previous digest Some(CheckpointDigest(epUMMKCv5UMFx3S3mT8dQKddQPMeMp67zvWU1voorDf)), transactions count 2, content digest CheckpointContentsDigest(8dSgiDRbSaooF4AfsNcmhk21V2fyU5gewvHkKybyhF33), end_of_epoch_data None
[2m2025-03-25T07:56:24.915703Z[0m [32m INFO[0m [1mnode[0m[1m{[0m[3mname[0m[2m=[0mk#8dcff6d1..[1m}[0m[2m:[0m [2msui_core::checkpoints::checkpoint_output[0m[2m:[0m [2mcrates/sui-core/src/checkpoints/checkpoint_output.rs[0m[2m:[0m[2m149:[0m Creating checkpoint CheckpointDigest(xHenTyJWag8Cj6K8V3MtDuSWa1pvquV9x66hVSKDoTu) at epoch 1, sequence 534, previous digest Some(CheckpointDigest(epUMMKCv5UMFx3S3mT8dQKddQPMeMp67zvWU1voorDf)), transactions count 2, content digest CheckpointContentsDigest(8dSgiDRbSaooF4AfsNcmhk21V2fyU5gewvHkKybyhF33), end_of_epoch_data None
[2m2025-03-25T07:56:24.918653Z[0m [32m INFO[0m [1mnode[0m[1m{[0m[3mname[0m[2m=[0mk#addeef94..[1m}[0m[2m:[0m [2msui_core::checkpoints[0m[2m:[0m [2mcrates/sui-core/src/checkpoints/mod.rs[0m[2m:[0m[2m1326:[0m Creating checkpoint(s) for 2 transactions [3mnext_checkpoint_seq[0m[2m=[0m534 [3mcheckpoint_timestamp[0m[2m=[0m1742889384376
[2m2025-03-25T07:56:24.918913Z[0m [32m INFO[0m [1mnode[0m[1m{[0m[3mname[0m[2m=[0mk#addeef94..[1m}[0m[2m:[0m [2msui_core::checkpoints::checkpoint_output[0m[2m:[0m [2mcrates/sui-core/src/checkpoints/checkpoint_output.rs[0m[2m:[0m[2m149:[0m Creating checkpoint CheckpointDigest(xHenTyJWag8Cj6K8V3MtDuSWa1pvquV9x66hVSKDoTu) at epoch 1, sequence 534, previous digest Some(CheckpointDigest(epUMMKCv5UMFx3S3mT8dQKddQPMeMp67zvWU1voorDf)), transactions count 2, content digest CheckpointContentsDigest(8dSgiDRbSaooF4AfsNcmhk21V2fyU5gewvHkKybyhF33), end_of_epoch_data None
[2m2025-03-25T07:56:24.919015Z[0m [32m INFO[0m [1mnode[0m[1m{[0m[3mname[0m[2m=[0mk#99f25ef6..[1m}[0m[2m:[0m [2msui_core::checkpoints::checkpoint_output[0m[2m:[0m [2mcrates/sui-core/src/checkpoints/checkpoint_output.rs[0m[2m:[0m[2m196:[0m Certified checkpoint with sequence 533 and digest epUMMKCv5UMFx3S3mT8dQKddQPMeMp67zvWU1voorDf
[2m2025-03-25T07:56:24.919066Z[0m [32m INFO[0m [1mnode[0m[1m{[0m[3mname[0m[2m=[0mk#8dcff6d1..[1m}[0m[2m:[0m [2msui_core::checkpoints::checkpoint_output[0m[2m:[0m [2mcrates/sui-core/src/checkpoints/checkpoint_output.rs[0m[2m:[0m[2m196:[0m Certified checkpoint with sequence 533 and digest epUMMKCv5UMFx3S3mT8dQKddQPMeMp67zvWU1voorDf
[2m2025-03-25T07:56:24.919687Z[0m [32m INFO[0m [1mnode[0m[1m{[0m[3mname[0m[2m=[0mk#99f25ef6..[1m}[0m[2m:[0m [2msui_core::checkpoints::checkpoint_executor[0m[2m:[0m [2mcrates/sui-core/src/checkpoints/checkpoint_executor/mod.rs[0m[2m:[0m[2m332:[0m Received checkpoint summary from state sync [3msequence_number[0m[2m=[0m533
[2m2025-03-25T07:56:24.919964Z[0m [32m INFO[0m [1mnode[0m[1m{[0m[3mname[0m[2m=[0mk#8dcff6d1..[1m}[0m[2m:[0m [2msui_core::checkpoints::checkpoint_executor[0m[2m:[0m [2mcrates/sui-core/src/checkpoints/checkpoint_executor/mod.rs[0m[2m:[0m[2m332:[0m Received checkpoint summary from state sync [3msequence_number[0m[2m=[0m533
[2m2025-03-25T07:56:24.920500Z[0m [32m INFO[0m [2msui_bridge::sui_bridge_watchdog[0m[2m:[0m [2mcrates/sui-bridge/src/sui_bridge_watchdog/mod.rs[0m[2m:[0m[2m47:[0m Running observable SuiBridgeStatus
[2m2025-03-25T07:56:24.920567Z[0m [32m INFO[0m [2msui_bridge::sui_bridge_watchdog[0m[2m:[0m [2mcrates/sui-bridge/src/sui_bridge_watchdog/mod.rs[0m[2m:[0m[2m47:[0m Running observable EthBridgeStatus
[2m2025-03-25T07:56:24.920579Z[0m [32m INFO[0m [2msui_bridge::sui_bridge_watchdog[0m[2m:[0m [2mcrates/sui-bridge/src/sui_bridge_watchdog/mod.rs[0m[2m:[0m[2m47:[0m Running observable EthereumVaultBalance
[2m2025-03-25T07:56:24.920598Z[0m [32m INFO[0m [2msui_bridge::sui_bridge_watchdog[0m[2m:[0m [2mcrates/sui-bridge/src/sui_bridge_watchdog/mod.rs[0m[2m:[0m[2m47:[0m Running observable EthereumVaultBalance
[2m2025-03-25T07:56:24.920827Z[0m [32m INFO[0m [1mnode[0m[1m{[0m[3mname[0m[2m=[0mk#99f25ef6..[1m}[0m[2m:[0m [2msui_core::state_accumulator[0m[2m:[0m [2mcrates/sui-core/src/state_accumulator.rs[0m[2m:[0m[2m675:[0m accumulating running root for checkpoint 533
[2m2025-03-25T07:56:24.920877Z[0m [32m INFO[0m [1mnode[0m[1m{[0m[3mname[0m[2m=[0mk#8dcff6d1..[1m}[0m[2m:[0m [2msui_core::state_accumulator[0m[2m:[0m [2mcrates/sui-core/src/state_accumulator.rs[0m[2m:[0m[2m675:[0m accumulating running root for checkpoint 533
[2m2025-03-25T07:56:24.921358Z[0m [32m INFO[0m [1mobservable[0m[1m{[0m[3mname[0m[2m=[0m"EthBridgeStatus"[1m}[0m[2m:[0m [2msui_bridge::sui_bridge_watchdog::eth_bridge_status[0m[2m:[0m [2mcrates/sui-bridge/src/sui_bridge_watchdog/eth_bridge_status.rs[0m[2m:[0m[2m47:[0m Eth Bridge Status: false
[2m2025-03-25T07:56:24.921508Z[0m [32m INFO[0m [1mobservable[0m[1m{[0m[3mname[0m[2m=[0m"EthereumVaultBalance"[1m}[0m[2m:[0m [2msui_bridge::sui_bridge_watchdog::eth_vault_balance[0m[2m:[0m [2mcrates/sui-bridge/src/sui_bridge_watchdog/eth_vault_balance.rs[0m[2m:[0m[2m98:[0m USDT Vault Balance: 10000000000
[2m2025-03-25T07:56:24.921552Z[0m [32m INFO[0m [1mobservable[0m[1m{[0m[3mname[0m[2m=[0m"EthereumVaultBalance"[1m}[0m[2m:[0m [2msui_bridge::sui_bridge_watchdog::eth_vault_balance[0m[2m:[0m [2mcrates/sui-bridge/src/sui_bridge_watchdog/eth_vault_balance.rs[0m[2m:[0m[2m98:[0m WETH Vault Balance: 0
[2m2025-03-25T07:56:24.922725Z[0m [32m INFO[0m [1mnode[0m[1m{[0m[3mname[0m[2m=[0mk#addeef94..[1m}[0m[2m:[0m [2msui_core::checkpoints::checkpoint_executor[0m[2m:[0m [2mcrates/sui-core/src/checkpoints/checkpoint_executor/mod.rs[0m[2m:[0m[2m332:[0m Received checkpoint summary from state sync [3msequence_number[0m[2m=[0m533
[2m2025-03-25T07:56:24.923474Z[0m [32m INFO[0m [1mnode[0m[1m{[0m[3mname[0m[2m=[0mk#addeef94..[1m}[0m[2m:[0m [2msui_core::state_accumulator[0m[2m:[0m [2mcrates/sui-core/src/state_accumulator.rs[0m[2m:[0m[2m675:[0m accumulating running root for checkpoint 533
[2m2025-03-25T07:56:24.942926Z[0m [32m INFO[0m [2msui_bridge::sui_bridge_watchdog[0m[2m:[0m [2mcrates/sui-bridge/src/sui_bridge_watchdog/mod.rs[0m[2m:[0m[2m47:[0m Running observable SuiBridgeStatus
[2m2025-03-25T07:56:24.942939Z[0m [32m INFO[0m [2msui_bridge::sui_bridge_watchdog[0m[2m:[0m [2mcrates/sui-bridge/src/sui_bridge_watchdog/mod.rs[0m[2m:[0m[2m47:[0m Running observable EthBridgeStatus
[2m2025-03-25T07:56:24.942949Z[0m [32m INFO[0m [2msui_bridge::sui_bridge_watchdog[0m[2m:[0m [2mcrates/sui-bridge/src/sui_bridge_watchdog/mod.rs[0m[2m:[0m[2m47:[0m Running observable EthereumVaultBalance
[2m2025-03-25T07:56:24.942998Z[0m [32m INFO[0m [2msui_bridge::sui_bridge_watchdog[0m[2m:[0m [2mcrates/sui-bridge/src/sui_bridge_watchdog/mod.rs[0m[2m:[0m[2m47:[0m Running observable EthereumVaultBalance
[2m2025-03-25T07:56:24.943357Z[0m [32m INFO[0m [1mobservable[0m[1m{[0m[3mname[0m[2m=[0m"EthereumVaultBalance"[1m}[0m[2m:[0m [2msui_bridge::sui_bridge_watchdog::eth_vault_balance[0m[2m:[0m [2mcrates/sui-bridge/src/sui_bridge_watchdog/eth_vault_balance.rs[0m[2m:[0m[2m98:[0m WETH Vault Balance: 0
[2m2025-03-25T07:56:24.943356Z[0m [32m INFO[0m [1mobservable[0m[1m{[0m[3mname[0m[2m=[0m"EthereumVaultBalance"[1m}[0m[2m:[0m [2msui_bridge::sui_bridge_watchdog::eth_vault_balance[0m[2m:[0m [2mcrates/sui-bridge/src/sui_bridge_watchdog/eth_vault_balance.rs[0m[2m:[0m[2m98:[0m USDT Vault Balance: 10000000000
[2m2025-03-25T07:56:24.943363Z[0m [32m INFO[0m [1mobservable[0m[1m{[0m[3mname[0m[2m=[0m"EthBridgeStatus"[1m}[0m[2m:[0m [2msui_bridge::sui_bridge_watchdog::eth_bridge_status[0m[2m:[0m [2mcrates/sui-bridge/src/sui_bridge_watchdog/eth_bridge_status.rs[0m[2m:[0m[2m47:[0m Eth Bridge Status: false
[2m2025-03-25T07:56:25.141768Z[0m [32m INFO[0m [1mnode[0m[1m{[0m[3mname[0m[2m=[0mk#8dcff6d1..[1m}[0m[2m:[0m [2mconsensus_core::core[0m[2m:[0m [2mconsensus/core/src/core.rs[0m[2m:[0m[2m945:[0m Included 3 ancestors & excluded 0 ancestors for proposal in round 334
[2m2025-03-25T07:56:25.141768Z[0m [32m INFO[0m [1mnode[0m[1m{[0m[3mname[0m[2m=[0mk#99f25ef6..[1m}[0m[2m:[0m [2mconsensus_core::core[0m[2m:[0m [2mconsensus/core/src/core.rs[0m[2m:[0m[2m945:[0m Included 3 ancestors & excluded 0 ancestors for proposal in round 334
[2m2025-03-25T07:56:25.142152Z[0m [32m INFO[0m [1mnode[0m[1m{[0m[3mname[0m[2m=[0mk#99f25ef6..[1m}[0m[2m:[0m [2mconsensus_core::core[0m[2m:[0m [2mconsensus/core/src/core.rs[0m[2m:[0m[2m531:[0m Created block B334(B,YifFNjEABZWw2uNQmDqPRhIeKIzdV1yWeJhZoG2tnhk=)(1742889385141ms;[B333(B,GoV2AAe22EjOzwCNLw94jsY8KN9Ax6i1nHOJVJxoVsg=), B333(A,xKBME2yvvh5XPVECa9KG2HJ/KFOGWK+NUAwo8fU1r1w=), B333(C,Aq97EJVWmX+5vn6L92sFHOz6g0UKANjyTHAJbH0awOs=)];1t;1c) for round 334
[2m2025-03-25T07:56:25.142156Z[0m [32m INFO[0m [1mnode[0m[1m{[0m[3mname[0m[2m=[0mk#8dcff6d1..[1m}[0m[2m:[0m [2mconsensus_core::core[0m[2m:[0m [2mconsensus/core/src/core.rs[0m[2m:[0m[2m531:[0m Created block B334(A,6LkJUv4eOFzRpghOsvNYGvkoN3tvHlOIZrxrEl+fdJk=)(1742889385141ms;[B333(A,xKBME2yvvh5XPVECa9KG2HJ/KFOGWK+NUAwo8fU1r1w=), B333(B,GoV2AAe22EjOzwCNLw94jsY8KN9Ax6i1nHOJVJxoVsg=), B333(C,Aq97EJVWmX+5vn6L92sFHOz6g0UKANjyTHAJbH0awOs=)];1t;1c) for round 334
[2m2025-03-25T07:56:25.145457Z[0m [32m INFO[0m [1mnode[0m[1m{[0m[3mname[0m[2m=[0mk#addeef94..[1m}[0m[2m:[0m [2mconsensus_core::core[0m[2m:[0m [2mconsensus/core/src/core.rs[0m[2m:[0m[2m945:[0m Included 3 ancestors & excluded 0 ancestors for proposal in round 334
[2m2025-03-25T07:56:25.145774Z[0m [32m INFO[0m [1mnode[0m[1m{[0m[3mname[0m[2m=[0mk#addeef94..[1m}[0m[2m:[0m [2mconsensus_core::core[0m[2m:[0m [2mconsensus/core/src/core.rs[0m[2m:[0m[2m531:[0m Created block B334(C,RfCN3gmRbYw+lESewEutr6lAkQyV5JMAYegDakhKNy8=)(1742889385145ms;[B333(C,Aq97EJVWmX+5vn6L92sFHOz6g0UKANjyTHAJbH0awOs=), B333(A,xKBME2yvvh5XPVECa9KG2HJ/KFOGWK+NUAwo8fU1r1w=), B333(B,GoV2AAe22EjOzwCNLw94jsY8KN9Ax6i1nHOJVJxoVsg=)];1t;1c) for round 334
[2m2025-03-25T07:56:25.145845Z[0m [32m INFO[0m [1mnode[0m[1m{[0m[3mname[0m[2m=[0mk#addeef94..[1m}[0m[2m:[0m [2mconsensus_core::core[0m[2m:[0m [2mconsensus/core/src/core.rs[0m[2m:[0m[2m630:[0m Committing 1 leaders: B332(A,/G+L)
[2m2025-03-25T07:56:25.145913Z[0m [32m INFO[0m [1mnode[0m[1m{[0m[3mname[0m[2m=[0mk#addeef94..[1m}[0m[2m:[0m [2mconsensus_core::commit_observer[0m[2m:[0m [2mconsensus/core/src/commit_observer.rs[0m[2m:[0m[2m173:[0m Consensus commit C322(eLcm) with leader B332(A,/G+L) has 3 blocks
[2m2025-03-25T07:56:25.146000Z[0m [32m INFO[0m [1mnode[0m[1m{[0m[3mname[0m[2m=[0mk#addeef94..[1m}[0m[2m:[0m [2msui_core::consensus_handler[0m[2m:[0m [2mcrates/sui-core/src/consensus_handler.rs[0m[2m:[0m[2m232:[0m Received consensus output [3mconsensus_commit[0m[2m=[0mCommittedSubDag(leader=B332(A,/G+L), ref=C322(eLcm), blocks=[CNDg, DcSU, /G+L]) [3mepoch[0m[2m=[0m1
[2m2025-03-25T07:56:25.149075Z[0m [32m INFO[0m [1mnode[0m[1m{[0m[3mname[0m[2m=[0mk#99f25ef6..[1m}[0m[2m:[0m [2msui_core::checkpoints::checkpoint_output[0m[2m:[0m [2mcrates/sui-core/src/checkpoints/checkpoint_output.rs[0m[2m:[0m[2m196:[0m Certified checkpoint with sequence 534 and digest xHenTyJWag8Cj6K8V3MtDuSWa1pvquV9x66hVSKDoTu
[2m2025-03-25T07:56:25.149083Z[0m [32m INFO[0m [1mnode[0m[1m{[0m[3mname[0m[2m=[0mk#8dcff6d1..[1m}[0m[2m:[0m [2msui_core::checkpoints::checkpoint_output[0m[2m:[0m [2mcrates/sui-core/src/checkpoints/checkpoint_output.rs[0m[2m:[0m[2m196:[0m Certified checkpoint with sequence 534 and digest xHenTyJWag8Cj6K8V3MtDuSWa1pvquV9x66hVSKDoTu
[2m2025-03-25T07:56:25.149184Z[0m [32m INFO[0m [1mnode[0m[1m{[0m[3mname[0m[2m=[0mk#99f25ef6..[1m}[0m[2m:[0m [2mconsensus_core::core[0m[2m:[0m [2mconsensus/core/src/core.rs[0m[2m:[0m[2m630:[0m Committing 1 leaders: B332(A,/G+L)
[2m2025-03-25T07:56:25.149185Z[0m [32m INFO[0m [1mnode[0m[1m{[0m[3mname[0m[2m=[0mk#8dcff6d1..[1m}[0m[2m:[0m [2mconsensus_core::core[0m[2m:[0m [2mconsensus/core/src/core.rs[0m[2m:[0m[2m630:[0m Committing 1 leaders: B332(A,/G+L)
[2m2025-03-25T07:56:25.149284Z[0m [32m INFO[0m [1mnode[0m[1m{[0m[3mname[0m[2m=[0mk#8dcff6d1..[1m}[0m[2m:[0m [2mconsensus_core::commit_observer[0m[2m:[0m [2mconsensus/core/src/commit_observer.rs[0m[2m:[0m[2m173:[0m Consensus commit C322(eLcm) with leader B332(A,/G+L) has 3 blocks
[2m2025-03-25T07:56:25.149289Z[0m [32m INFO[0m [1mnode[0m[1m{[0m[3mname[0m[2m=[0mk#99f25ef6..[1m}[0m[2m:[0m [2mconsensus_core::commit_observer[0m[2m:[0m [2mconsensus/core/src/commit_observer.rs[0m[2m:[0m[2m173:[0m Consensus commit C322(eLcm) with leader B332(A,/G+L) has 3 blocks
[2m2025-03-25T07:56:25.149720Z[0m [32m INFO[0m [1mnode[0m[1m{[0m[3mname[0m[2m=[0mk#99f25ef6..[1m}[0m[2m:[0m [2msui_core::consensus_handler[0m[2m:[0m [2mcrates/sui-core/src/consensus_handler.rs[0m[2m:[0m[2m232:[0m Received consensus output [3mconsensus_commit[0m[2m=[0mCommittedSubDag(leader=B332(A,/G+L), ref=C322(eLcm), blocks=[CNDg, DcSU, /G+L]) [3mepoch[0m[2m=[0m1
[2m2025-03-25T07:56:25.149720Z[0m [32m INFO[0m [1mnode[0m[1m{[0m[3mname[0m[2m=[0mk#8dcff6d1..[1m}[0m[2m:[0m [2msui_core::consensus_handler[0m[2m:[0m [2mcrates/sui-core/src/consensus_handler.rs[0m[2m:[0m[2m232:[0m Received consensus output [3mconsensus_commit[0m[2m=[0mCommittedSubDag(leader=B332(A,/G+L), ref=C322(eLcm), blocks=[CNDg, DcSU, /G+L]) [3mepoch[0m[2m=[0m1
[2m2025-03-25T07:56:25.150335Z[0m [32m INFO[0m [1mnode[0m[1m{[0m[3mname[0m[2m=[0mk#8dcff6d1..[1m}[0m[2m:[0m [2msui_core::checkpoints::checkpoint_executor[0m[2m:[0m [2mcrates/sui-core/src/checkpoints/checkpoint_executor/mod.rs[0m[2m:[0m[2m332:[0m Received checkpoint summary from state sync [3msequence_number[0m[2m=[0m534
[2m2025-03-25T07:56:25.150335Z[0m [32m INFO[0m [1mnode[0m[1m{[0m[3mname[0m[2m=[0mk#99f25ef6..[1m}[0m[2m:[0m [2msui_core::checkpoints::checkpoint_executor[0m[2m:[0m [2mcrates/sui-core/src/checkpoints/checkpoint_executor/mod.rs[0m[2m:[0m[2m332:[0m Received checkpoint summary from state sync [3msequence_number[0m[2m=[0m534
[2m2025-03-25T07:56:25.163951Z[0m [32m INFO[0m [1mnode[0m[1m{[0m[3mname[0m[2m=[0mk#99f25ef6..[1m}[0m[2m:[0m [2msui_core::state_accumulator[0m[2m:[0m [2mcrates/sui-core/src/state_accumulator.rs[0m[2m:[0m[2m675:[0m accumulating running root for checkpoint 534
[2m2025-03-25T07:56:25.163951Z[0m [32m INFO[0m [1mnode[0m[1m{[0m[3mname[0m[2m=[0mk#8dcff6d1..[1m}[0m[2m:[0m [2msui_core::state_accumulator[0m[2m:[0m [2mcrates/sui-core/src/state_accumulator.rs[0m[2m:[0m[2m675:[0m accumulating running root for checkpoint 534
[2m2025-03-25T07:56:25.190643Z[0m [32m INFO[0m [1mnode[0m[1m{[0m[3mname[0m[2m=[0mk#addeef94..[1m}[0m[2m:[0m [2msui_core::checkpoints[0m[2m:[0m [2mcrates/sui-core/src/checkpoints/mod.rs[0m[2m:[0m[2m1326:[0m Creating checkpoint(s) for 1 transactions [3mnext_checkpoint_seq[0m[2m=[0m535 [3mcheckpoint_timestamp[0m[2m=[0m1742889384629
[2m2025-03-25T07:56:25.190890Z[0m [32m INFO[0m [1mnode[0m[1m{[0m[3mname[0m[2m=[0mk#addeef94..[1m}[0m[2m:[0m [2msui_core::checkpoints::checkpoint_output[0m[2m:[0m [2mcrates/sui-core/src/checkpoints/checkpoint_output.rs[0m[2m:[0m[2m149:[0m Creating checkpoint CheckpointDigest(HQEWmk2LkyPwXbNz9dbjSudbbtG5ZHHfLAdeYJp11CwX) at epoch 1, sequence 535, previous digest Some(CheckpointDigest(xHenTyJWag8Cj6K8V3MtDuSWa1pvquV9x66hVSKDoTu)), transactions count 1, content digest CheckpointContentsDigest(7WvEVpwx2Y8uZGREfcfANwQSaFmybrDmWEXe9WpUr8E5), end_of_epoch_data None
[2m2025-03-25T07:56:25.196186Z[0m [32m INFO[0m [1mnode[0m[1m{[0m[3mname[0m[2m=[0mk#8dcff6d1..[1m}[0m[2m:[0m [2msui_core::checkpoints[0m[2m:[0m [2mcrates/sui-core/src/checkpoints/mod.rs[0m[2m:[0m[2m1326:[0m Creating checkpoint(s) for 1 transactions [3mnext_checkpoint_seq[0m[2m=[0m535 [3mcheckpoint_timestamp[0m[2m=[0m1742889384629
[2m2025-03-25T07:56:25.196188Z[0m [32m INFO[0m [1mnode[0m[1m{[0m[3mname[0m[2m=[0mk#99f25ef6..[1m}[0m[2m:[0m [2msui_core::checkpoints[0m[2m:[0m [2mcrates/sui-core/src/checkpoints/mod.rs[0m[2m:[0m[2m1326:[0m Creating checkpoint(s) for 1 transactions [3mnext_checkpoint_seq[0m[2m=[0m535 [3mcheckpoint_timestamp[0m[2m=[0m1742889384629
[2m2025-03-25T07:56:25.196383Z[0m [32m INFO[0m [1mnode[0m[1m{[0m[3mname[0m[2m=[0mk#8dcff6d1..[1m}[0m[2m:[0m [2msui_core::checkpoints::checkpoint_output[0m[2m:[0m [2mcrates/sui-core/src/checkpoints/checkpoint_output.rs[0m[2m:[0m[2m149:[0m Creating checkpoint CheckpointDigest(HQEWmk2LkyPwXbNz9dbjSudbbtG5ZHHfLAdeYJp11CwX) at epoch 1, sequence 535, previous digest Some(CheckpointDigest(xHenTyJWag8Cj6K8V3MtDuSWa1pvquV9x66hVSKDoTu)), transactions count 1, content digest CheckpointContentsDigest(7WvEVpwx2Y8uZGREfcfANwQSaFmybrDmWEXe9WpUr8E5), end_of_epoch_data None
[2m2025-03-25T07:56:25.196383Z[0m [32m INFO[0m [1mnode[0m[1m{[0m[3mname[0m[2m=[0mk#99f25ef6..[1m}[0m[2m:[0m [2msui_core::checkpoints::checkpoint_output[0m[2m:[0m [2mcrates/sui-core/src/checkpoints/checkpoint_output.rs[0m[2m:[0m[2m149:[0m Creating checkpoint CheckpointDigest(HQEWmk2LkyPwXbNz9dbjSudbbtG5ZHHfLAdeYJp11CwX) at epoch 1, sequence 535, previous digest Some(CheckpointDigest(xHenTyJWag8Cj6K8V3MtDuSWa1pvquV9x66hVSKDoTu)), transactions count 1, content digest CheckpointContentsDigest(7WvEVpwx2Y8uZGREfcfANwQSaFmybrDmWEXe9WpUr8E5), end_of_epoch_data None
[2m2025-03-25T07:56:25.258497Z[0m [32m INFO[0m [1mnode[0m[1m{[0m[3mname[0m[2m=[0mk#addeef94..[1m}[0m[2m:[0m [2msui_core::checkpoints::checkpoint_executor[0m[2m:[0m [2mcrates/sui-core/src/checkpoints/checkpoint_executor/mod.rs[0m[2m:[0m[2m332:[0m Received checkpoint summary from state sync [3msequence_number[0m[2m=[0m534
[2m2025-03-25T07:56:25.260033Z[0m [32m INFO[0m [1mnode[0m[1m{[0m[3mname[0m[2m=[0mk#addeef94..[1m}[0m[2m:[0m [2msui_core::state_accumulator[0m[2m:[0m [2mcrates/sui-core/src/state_accumulator.rs[0m[2m:[0m[2m675:[0m accumulating running root for checkpoint 534
[2m2025-03-25T07:56:25.304289Z[0m [32m INFO[0m [1mnode[0m[1m{[0m[3mname[0m[2m=[0mk#8dcff6d1..[1m}[0m[2m:[0m [2mconsensus_core::commit_syncer[0m[2m:[0m [2mconsensus/core/src/commit_syncer.rs[0m[2m:[0m[2m196:[0m Checking to schedule fetches: synced_commit_index=322, highest_handled_index=322, highest_scheduled_index=0, quorum_commit_index=321, unhandled_commits_threshold=3200
[2m2025-03-25T07:56:25.327000Z[0m [32m INFO[0m [1mnode[0m[1m{[0m[3mname[0m[2m=[0mk#addeef94..[1m}[0m[2m:[0m [2mconsensus_core::commit_syncer[0m[2m:[0m [2mconsensus/core/src/commit_syncer.rs[0m[2m:[0m[2m196:[0m Checking to schedule fetches: synced_commit_index=322, highest_handled_index=322, highest_scheduled_index=0, quorum_commit_index=0, unhandled_commits_threshold=3200
[2m2025-03-25T07:56:25.330897Z[0m [32m INFO[0m [1mnode[0m[1m{[0m[3mname[0m[2m=[0mk#99f25ef6..[1m}[0m[2m:[0m [2mconsensus_core::commit_syncer[0m[2m:[0m [2mconsensus/core/src/commit_syncer.rs[0m[2m:[0m[2m196:[0m Checking to schedule fetches: synced_commit_index=322, highest_handled_index=322, highest_scheduled_index=0, quorum_commit_index=321, unhandled_commits_threshold=3200
[2m2025-03-25T07:56:25.398996Z[0m [32m INFO[0m [1mnode[0m[1m{[0m[3mname[0m[2m=[0mk#addeef94..[1m}[0m[2m:[0m [2mconsensus_core::core[0m[2m:[0m [2mconsensus/core/src/core.rs[0m[2m:[0m[2m945:[0m Included 3 ancestors & excluded 0 ancestors for proposal in round 335
[2m2025-03-25T07:56:25.399368Z[0m [32m INFO[0m [1mnode[0m[1m{[0m[3mname[0m[2m=[0mk#addeef94..[1m}[0m[2m:[0m [2mconsensus_core::core[0m[2m:[0m [2mconsensus/core/src/core.rs[0m[2m:[0m[2m531:[0m Created block B335(C,ND1Z4kbgT+riKwAWaSwR411S68llgq3sutTAcpmwxjA=)(1742889385399ms;[B334(C,RfCN3gmRbYw+lESewEutr6lAkQyV5JMAYegDakhKNy8=), B334(A,6LkJUv4eOFzRpghOsvNYGvkoN3tvHlOIZrxrEl+fdJk=), B334(B,YifFNjEABZWw2uNQmDqPRhIeKIzdV1yWeJhZoG2tnhk=)];1t;1c) for round 335
[2m2025-03-25T07:56:25.401370Z[0m [32m INFO[0m [1mnode[0m[1m{[0m[3mname[0m[2m=[0mk#8dcff6d1..[1m}[0m[2m:[0m [2mconsensus_core::core[0m[2m:[0m [2mconsensus/core/src/core.rs[0m[2m:[0m[2m945:[0m Included 3 ancestors & excluded 0 ancestors for proposal in round 335
[2m2025-03-25T07:56:25.401370Z[0m [32m INFO[0m [1mnode[0m[1m{[0m[3mname[0m[2m=[0mk#99f25ef6..[1m}[0m[2m:[0m [2mconsensus_core::core[0m[2m:[0m [2mconsensus/core/src/core.rs[0m[2m:[0m[2m945:[0m Included 3 ancestors & excluded 0 ancestors for proposal in round 335
[2m2025-03-25T07:56:25.401659Z[0m [32m INFO[0m [1mnode[0m[1m{[0m[3mname[0m[2m=[0mk#99f25ef6..[1m}[0m[2m:[0m [2mconsensus_core::core[0m[2m:[0m [2mconsensus/core/src/core.rs[0m[2m:[0m[2m531:[0m Created block B335(B,3PVcbK4wpDe96XEMDahu6+arjHBNO5vLDFWcSdqJTHs=)(1742889385401ms;[B334(B,YifFNjEABZWw2uNQmDqPRhIeKIzdV1yWeJhZoG2tnhk=), B334(A,6LkJUv4eOFzRpghOsvNYGvkoN3tvHlOIZrxrEl+fdJk=), B334(C,RfCN3gmRbYw+lESewEutr6lAkQyV5JMAYegDakhKNy8=)];1t;1c) for round 335
[2m2025-03-25T07:56:25.401660Z[0m [32m INFO[0m [1mnode[0m[1m{[0m[3mname[0m[2m=[0mk#8dcff6d1..[1m}[0m[2m:[0m [2mconsensus_core::core[0m[2m:[0m [2mconsensus/core/src/core.rs[0m[2m:[0m[2m531:[0m Created block B335(A,itQBcM2EiO4oo1W9b1HcGjIXP3LvsqvN8dN2h7A/PwY=)(1742889385401ms;[B334(A,6LkJUv4eOFzRpghOsvNYGvkoN3tvHlOIZrxrEl+fdJk=), B334(B,YifFNjEABZWw2uNQmDqPRhIeKIzdV1yWeJhZoG2tnhk=), B334(C,RfCN3gmRbYw+lESewEutr6lAkQyV5JMAYegDakhKNy8=)];1t;1c) for round 335
[2m2025-03-25T07:56:25.401731Z[0m [32m INFO[0m [1mnode[0m[1m{[0m[3mname[0m[2m=[0mk#8dcff6d1..[1m}[0m[2m:[0m [2mconsensus_core::core[0m[2m:[0m [2mconsensus/core/src/core.rs[0m[2m:[0m[2m630:[0m Committing 1 leaders: B333(B,GoV2)
[2m2025-03-25T07:56:25.401731Z[0m [32m INFO[0m [1mnode[0m[1m{[0m[3mname[0m[2m=[0mk#99f25ef6..[1m}[0m[2m:[0m [2mconsensus_core::core[0m[2m:[0m [2mconsensus/core/src/core.rs[0m[2m:[0m[2m630:[0m Committing 1 leaders: B333(B,GoV2)
[2m2025-03-25T07:56:25.401806Z[0m [32m INFO[0m [1mnode[0m[1m{[0m[3mname[0m[2m=[0mk#8dcff6d1..[1m}[0m[2m:[0m [2mconsensus_core::commit_observer[0m[2m:[0m [2mconsensus/core/src/commit_observer.rs[0m[2m:[0m[2m173:[0m Consensus commit C323(mWJw) with leader B333(B,GoV2) has 3 blocks
[2m2025-03-25T07:56:25.401806Z[0m [32m INFO[0m [1mnode[0m[1m{[0m[3mname[0m[2m=[0mk#99f25ef6..[1m}[0m[2m:[0m [2mconsensus_core::commit_observer[0m[2m:[0m [2mconsensus/core/src/commit_observer.rs[0m[2m:[0m[2m173:[0m Consensus commit C323(mWJw) with leader B333(B,GoV2) has 3 blocks
[2m2025-03-25T07:56:25.401890Z[0m [32m INFO[0m [1mnode[0m[1m{[0m[3mname[0m[2m=[0mk#99f25ef6..[1m}[0m[2m:[0m [2msui_core::consensus_handler[0m[2m:[0m [2mcrates/sui-core/src/consensus_handler.rs[0m[2m:[0m[2m232:[0m Received consensus output [3mconsensus_commit[0m[2m=[0mCommittedSubDag(leader=B333(B,GoV2), ref=C323(mWJw), blocks=[vWGj, BP6O, GoV2]) [3mepoch[0m[2m=[0m1
[2m2025-03-25T07:56:25.401890Z[0m [32m INFO[0m [1mnode[0m[1m{[0m[3mname[0m[2m=[0mk#8dcff6d1..[1m}[0m[2m:[0m [2msui_core::consensus_handler[0m[2m:[0m [2mcrates/sui-core/src/consensus_handler.rs[0m[2m:[0m[2m232:[0m Received consensus output [3mconsensus_commit[0m[2m=[0mCommittedSubDag(leader=B333(B,GoV2), ref=C323(mWJw), blocks=[vWGj, BP6O, GoV2]) [3mepoch[0m[2m=[0m1
[2m2025-03-25T07:56:25.405557Z[0m [32m INFO[0m [1mnode[0m[1m{[0m[3mname[0m[2m=[0mk#addeef94..[1m}[0m[2m:[0m [2mconsensus_core::core[0m[2m:[0m [2mconsensus/core/src/core.rs[0m[2m:[0m[2m630:[0m Committing 1 leaders: B333(B,GoV2)
[2m2025-03-25T07:56:25.405654Z[0m [32m INFO[0m [1mnode[0m[1m{[0m[3mname[0m[2m=[0mk#addeef94..[1m}[0m[2m:[0m [2mconsensus_core::commit_observer[0m[2m:[0m [2mconsensus/core/src/commit_observer.rs[0m[2m:[0m[2m173:[0m Consensus commit C323(mWJw) with leader B333(B,GoV2) has 3 blocks
[2m2025-03-25T07:56:25.405780Z[0m [32m INFO[0m [1mnode[0m[1m{[0m[3mname[0m[2m=[0mk#addeef94..[1m}[0m[2m:[0m [2msui_core::consensus_handler[0m[2m:[0m [2mcrates/sui-core/src/consensus_handler.rs[0m[2m:[0m[2m232:[0m Received consensus output [3mconsensus_commit[0m[2m=[0mCommittedSubDag(leader=B333(B,GoV2), ref=C323(mWJw), blocks=[vWGj, BP6O, GoV2]) [3mepoch[0m[2m=[0m1
[2m2025-03-25T07:56:25.428566Z[0m [32m INFO[0m [1mnode[0m[1m{[0m[3mname[0m[2m=[0mk#99f25ef6..[1m}[0m[2m:[0m [2msui_core::checkpoints[0m[2m:[0m [2mcrates/sui-core/src/checkpoints/mod.rs[0m[2m:[0m[2m1326:[0m Creating checkpoint(s) for 2 transactions [3mnext_checkpoint_seq[0m[2m=[0m536 [3mcheckpoint_timestamp[0m[2m=[0m1742889384888
[2m2025-03-25T07:56:25.428566Z[0m [32m INFO[0m [1mnode[0m[1m{[0m[3mname[0m[2m=[0mk#8dcff6d1..[1m}[0m[2m:[0m [2msui_core::checkpoints[0m[2m:[0m [2mcrates/sui-core/src/checkpoints/mod.rs[0m[2m:[0m[2m1326:[0m Creating checkpoint(s) for 2 transactions [3mnext_checkpoint_seq[0m[2m=[0m536 [3mcheckpoint_timestamp[0m[2m=[0m1742889384888
[2m2025-03-25T07:56:25.428878Z[0m [32m INFO[0m [1mnode[0m[1m{[0m[3mname[0m[2m=[0mk#8dcff6d1..[1m}[0m[2m:[0m [2msui_core::checkpoints::checkpoint_output[0m[2m:[0m [2mcrates/sui-core/src/checkpoints/checkpoint_output.rs[0m[2m:[0m[2m149:[0m Creating checkpoint CheckpointDigest(2fjyjGT15rpQvAMzGNoGcw9yibMjiGuAoVRMWbPRBM6K) at epoch 1, sequence 536, previous digest Some(CheckpointDigest(HQEWmk2LkyPwXbNz9dbjSudbbtG5ZHHfLAdeYJp11CwX)), transactions count 2, content digest CheckpointContentsDigest(3xn45oK2qDu3Ht8Qt9wsCkaZ6kFXEokPijawo2DXT9ch), end_of_epoch_data None
[2m2025-03-25T07:56:25.428878Z[0m [32m INFO[0m [1mnode[0m[1m{[0m[3mname[0m[2m=[0mk#99f25ef6..[1m}[0m[2m:[0m [2msui_core::checkpoints::checkpoint_output[0m[2m:[0m [2mcrates/sui-core/src/checkpoints/checkpoint_output.rs[0m[2m:[0m[2m149:[0m Creating checkpoint CheckpointDigest(2fjyjGT15rpQvAMzGNoGcw9yibMjiGuAoVRMWbPRBM6K) at epoch 1, sequence 536, previous digest Some(CheckpointDigest(HQEWmk2LkyPwXbNz9dbjSudbbtG5ZHHfLAdeYJp11CwX)), transactions count 2, content digest CheckpointContentsDigest(3xn45oK2qDu3Ht8Qt9wsCkaZ6kFXEokPijawo2DXT9ch), end_of_epoch_data None
[2m2025-03-25T07:56:25.431963Z[0m [32m INFO[0m [1mnode[0m[1m{[0m[3mname[0m[2m=[0mk#99f25ef6..[1m}[0m[2m:[0m [2msui_core::checkpoints::checkpoint_output[0m[2m:[0m [2mcrates/sui-core/src/checkpoints/checkpoint_output.rs[0m[2m:[0m[2m196:[0m Certified checkpoint with sequence 535 and digest HQEWmk2LkyPwXbNz9dbjSudbbtG5ZHHfLAdeYJp11CwX
[2m2025-03-25T07:56:25.431983Z[0m [32m INFO[0m [1mnode[0m[1m{[0m[3mname[0m[2m=[0mk#addeef94..[1m}[0m[2m:[0m [2msui_core::checkpoints[0m[2m:[0m [2mcrates/sui-core/src/checkpoints/mod.rs[0m[2m:[0m[2m1326:[0m Creating checkpoint(s) for 2 transactions [3mnext_checkpoint_seq[0m[2m=[0m536 [3mcheckpoint_timestamp[0m[2m=[0m1742889384888
[2m2025-03-25T07:56:25.432240Z[0m [32m INFO[0m [1mnode[0m[1m{[0m[3mname[0m[2m=[0mk#addeef94..[1m}[0m[2m:[0m [2msui_core::checkpoints::checkpoint_output[0m[2m:[0m [2mcrates/sui-core/src/checkpoints/checkpoint_output.rs[0m[2m:[0m[2m149:[0m Creating checkpoint CheckpointDigest(2fjyjGT15rpQvAMzGNoGcw9yibMjiGuAoVRMWbPRBM6K) at epoch 1, sequence 536, previous digest Some(CheckpointDigest(HQEWmk2LkyPwXbNz9dbjSudbbtG5ZHHfLAdeYJp11CwX)), transactions count 2, content digest CheckpointContentsDigest(3xn45oK2qDu3Ht8Qt9wsCkaZ6kFXEokPijawo2DXT9ch), end_of_epoch_data None
[2m2025-03-25T07:56:25.432373Z[0m [32m INFO[0m [1mnode[0m[1m{[0m[3mname[0m[2m=[0mk#99f25ef6..[1m}[0m[2m:[0m [2msui_core::checkpoints::checkpoint_executor[0m[2m:[0m [2mcrates/sui-core/src/checkpoints/checkpoint_executor/mod.rs[0m[2m:[0m[2m332:[0m Received checkpoint summary from state sync [3msequence_number[0m[2m=[0m535
[2m2025-03-25T07:56:25.432502Z[0m [32m INFO[0m [1mnode[0m[1m{[0m[3mname[0m[2m=[0mk#8dcff6d1..[1m}[0m[2m:[0m [2msui_core::checkpoints::checkpoint_output[0m[2m:[0m [2mcrates/sui-core/src/checkpoints/checkpoint_output.rs[0m[2m:[0m[2m196:[0m Certified checkpoint with sequence 535 and digest HQEWmk2LkyPwXbNz9dbjSudbbtG5ZHHfLAdeYJp11CwX
[2m2025-03-25T07:56:25.432932Z[0m [32m INFO[0m [1mnode[0m[1m{[0m[3mname[0m[2m=[0mk#8dcff6d1..[1m}[0m[2m:[0m [2msui_core::checkpoints::checkpoint_executor[0m[2m:[0m [2mcrates/sui-core/src/checkpoints/checkpoint_executor/mod.rs[0m[2m:[0m[2m332:[0m Received checkpoint summary from state sync [3msequence_number[0m[2m=[0m535
[2m2025-03-25T07:56:25.433473Z[0m [32m INFO[0m [1mnode[0m[1m{[0m[3mname[0m[2m=[0mk#99f25ef6..[1m}[0m[2m:[0m [2msui_core::state_accumulator[0m[2m:[0m [2mcrates/sui-core/src/state_accumulator.rs[0m[2m:[0m[2m675:[0m accumulating running root for checkpoint 535
[2m2025-03-25T07:56:25.433845Z[0m [32m INFO[0m [1mnode[0m[1m{[0m[3mname[0m[2m=[0mk#8dcff6d1..[1m}[0m[2m:[0m [2msui_core::state_accumulator[0m[2m:[0m [2mcrates/sui-core/src/state_accumulator.rs[0m[2m:[0m[2m675:[0m accumulating running root for checkpoint 535
[2m2025-03-25T07:56:25.435326Z[0m [32m INFO[0m [1mnode[0m[1m{[0m[3mname[0m[2m=[0mk#addeef94..[1m}[0m[2m:[0m [2msui_core::checkpoints::checkpoint_executor[0m[2m:[0m [2mcrates/sui-core/src/checkpoints/checkpoint_executor/mod.rs[0m[2m:[0m[2m332:[0m Received checkpoint summary from state sync [3msequence_number[0m[2m=[0m535
[2m2025-03-25T07:56:25.436048Z[0m [32m INFO[0m [1mnode[0m[1m{[0m[3mname[0m[2m=[0mk#addeef94..[1m}[0m[2m:[0m [2msui_core::state_accumulator[0m[2m:[0m [2mcrates/sui-core/src/state_accumulator.rs[0m[2m:[0m[2m675:[0m accumulating running root for checkpoint 535
[2m2025-03-25T07:56:25.654281Z[0m [32m INFO[0m [1mnode[0m[1m{[0m[3mname[0m[2m=[0mk#99f25ef6..[1m}[0m[2m:[0m [2mconsensus_core::core[0m[2m:[0m [2mconsensus/core/src/core.rs[0m[2m:[0m[2m945:[0m Included 3 ancestors & excluded 0 ancestors for proposal in round 336
[2m2025-03-25T07:56:25.654654Z[0m [32m INFO[0m [1mnode[0m[1m{[0m[3mname[0m[2m=[0mk#99f25ef6..[1m}[0m[2m:[0m [2mconsensus_core::core[0m[2m:[0m [2mconsensus/core/src/core.rs[0m[2m:[0m[2m531:[0m Created block B336(B,PoX7CiIC76qpEEquXh6yV4avDptfHEfXTFvuCIC7BsU=)(1742889385654ms;[B335(B,3PVcbK4wpDe96XEMDahu6+arjHBNO5vLDFWcSdqJTHs=), B335(A,itQBcM2EiO4oo1W9b1HcGjIXP3LvsqvN8dN2h7A/PwY=), B335(C,ND1Z4kbgT+riKwAWaSwR411S68llgq3sutTAcpmwxjA=)];1t;1c) for round 336
[2m2025-03-25T07:56:25.656303Z[0m [32m INFO[0m [1mnode[0m[1m{[0m[3mname[0m[2m=[0mk#8dcff6d1..[1m}[0m[2m:[0m [2mconsensus_core::core[0m[2m:[0m [2mconsensus/core/src/core.rs[0m[2m:[0m[2m945:[0m Included 3 ancestors & excluded 0 ancestors for proposal in round 336
[2m2025-03-25T07:56:25.656599Z[0m [32m INFO[0m [1mnode[0m[1m{[0m[3mname[0m[2m=[0mk#8dcff6d1..[1m}[0m[2m:[0m [2mconsensus_core::core[0m[2m:[0m [2mconsensus/core/src/core.rs[0m[2m:[0m[2m531:[0m Created block B336(A,x+PLxY1yFrXEE0E+VJTb1ShKxp2Z6RJT+rv3ApVXLMA=)(1742889385656ms;[B335(A,itQBcM2EiO4oo1W9b1HcGjIXP3LvsqvN8dN2h7A/PwY=), B335(B,3PVcbK4wpDe96XEMDahu6+arjHBNO5vLDFWcSdqJTHs=), B335(C,ND1Z4kbgT+riKwAWaSwR411S68llgq3sutTAcpmwxjA=)];1t;1c) for round 336
[2m2025-03-25T07:56:25.658192Z[0m [32m INFO[0m [1mnode[0m[1m{[0m[3mname[0m[2m=[0mk#addeef94..[1m}[0m[2m:[0m [2mconsensus_core::core[0m[2m:[0m [2mconsensus/core/src/core.rs[0m[2m:[0m[2m945:[0m Included 3 ancestors & excluded 0 ancestors for proposal in round 336
[2m2025-03-25T07:56:25.658492Z[0m [32m INFO[0m [1mnode[0m[1m{[0m[3mname[0m[2m=[0mk#addeef94..[1m}[0m[2m:[0m [2mconsensus_core::core[0m[2m:[0m [2mconsensus/core/src/core.rs[0m[2m:[0m[2m531:[0m Created block B336(C,GoKiip1R2yQ/WreQGAMB81gPnJRL64hBDAVzBUPrx9c=)(1742889385658ms;[B335(C,ND1Z4kbgT+riKwAWaSwR411S68llgq3sutTAcpmwxjA=), B335(A,itQBcM2EiO4oo1W9b1HcGjIXP3LvsqvN8dN2h7A/PwY=), B335(B,3PVcbK4wpDe96XEMDahu6+arjHBNO5vLDFWcSdqJTHs=)];1t;1c) for round 336
[2m2025-03-25T07:56:25.658560Z[0m [32m INFO[0m [1mnode[0m[1m{[0m[3mname[0m[2m=[0mk#addeef94..[1m}[0m[2m:[0m [2mconsensus_core::core[0m[2m:[0m [2mconsensus/core/src/core.rs[0m[2m:[0m[2m630:[0m Committing 1 leaders: B334(C,RfCN)
[2m2025-03-25T07:56:25.658627Z[0m [32m INFO[0m [1mnode[0m[1m{[0m[3mname[0m[2m=[0mk#addeef94..[1m}[0m[2m:[0m [2mconsensus_core::commit_observer[0m[2m:[0m [2mconsensus/core/src/commit_observer.rs[0m[2m:[0m[2m173:[0m Consensus commit C324(KPGD) with leader B334(C,RfCN) has 3 blocks
[2m2025-03-25T07:56:25.658862Z[0m [32m INFO[0m [1mnode[0m[1m{[0m[3mname[0m[2m=[0mk#addeef94..[1m}[0m[2m:[0m [2msui_core::consensus_handler[0m[2m:[0m [2mcrates/sui-core/src/consensus_handler.rs[0m[2m:[0m[2m232:[0m Received consensus output [3mconsensus_commit[0m[2m=[0mCommittedSubDag(leader=B334(C,RfCN), ref=C324(KPGD), blocks=[xKBM, Aq97, RfCN]) [3mepoch[0m[2m=[0m1
[2m2025-03-25T07:56:25.661927Z[0m [32m INFO[0m [1mnode[0m[1m{[0m[3mname[0m[2m=[0mk#8dcff6d1..[1m}[0m[2m:[0m [2msui_core::checkpoints::checkpoint_output[0m[2m:[0m [2mcrates/sui-core/src/checkpoints/checkpoint_output.rs[0m[2m:[0m[2m196:[0m Certified checkpoint with sequence 536 and digest 2fjyjGT15rpQvAMzGNoGcw9yibMjiGuAoVRMWbPRBM6K
[2m2025-03-25T07:56:25.661929Z[0m [32m INFO[0m [1mnode[0m[1m{[0m[3mname[0m[2m=[0mk#99f25ef6..[1m}[0m[2m:[0m [2msui_core::checkpoints::checkpoint_output[0m[2m:[0m [2mcrates/sui-core/src/checkpoints/checkpoint_output.rs[0m[2m:[0m[2m196:[0m Certified checkpoint with sequence 536 and digest 2fjyjGT15rpQvAMzGNoGcw9yibMjiGuAoVRMWbPRBM6K
[2m2025-03-25T07:56:25.662037Z[0m [32m INFO[0m [1mnode[0m[1m{[0m[3mname[0m[2m=[0mk#99f25ef6..[1m}[0m[2m:[0m [2mconsensus_core::core[0m[2m:[0m [2mconsensus/core/src/core.rs[0m[2m:[0m[2m630:[0m Committing 1 leaders: B334(C,RfCN)
[2m2025-03-25T07:56:25.662037Z[0m [32m INFO[0m [1mnode[0m[1m{[0m[3mname[0m[2m=[0mk#8dcff6d1..[1m}[0m[2m:[0m [2mconsensus_core::core[0m[2m:[0m [2mconsensus/core/src/core.rs[0m[2m:[0m[2m630:[0m Committing 1 leaders: B334(C,RfCN)
[2m2025-03-25T07:56:25.662138Z[0m [32m INFO[0m [1mnode[0m[1m{[0m[3mname[0m[2m=[0mk#99f25ef6..[1m}[0m[2m:[0m [2mconsensus_core::commit_observer[0m[2m:[0m [2mconsensus/core/src/commit_observer.rs[0m[2m:[0m[2m173:[0m Consensus commit C324(KPGD) with leader B334(C,RfCN) has 3 blocks
[2m2025-03-25T07:56:25.662141Z[0m [32m INFO[0m [1mnode[0m[1m{[0m[3mname[0m[2m=[0mk#8dcff6d1..[1m}[0m[2m:[0m [2mconsensus_core::commit_observer[0m[2m:[0m [2mconsensus/core/src/commit_observer.rs[0m[2m:[0m[2m173:[0m Consensus commit C324(KPGD) with leader B334(C,RfCN) has 3 blocks
[2m2025-03-25T07:56:25.662574Z[0m [32m INFO[0m [1mnode[0m[1m{[0m[3mname[0m[2m=[0mk#99f25ef6..[1m}[0m[2m:[0m [2msui_core::consensus_handler[0m[2m:[0m [2mcrates/sui-core/src/consensus_handler.rs[0m[2m:[0m[2m232:[0m Received consensus output [3mconsensus_commit[0m[2m=[0mCommittedSubDag(leader=B334(C,RfCN), ref=C324(KPGD), blocks=[xKBM, Aq97, RfCN]) [3mepoch[0m[2m=[0m1
[2m2025-03-25T07:56:25.662574Z[0m [32m INFO[0m [1mnode[0m[1m{[0m[3mname[0m[2m=[0mk#8dcff6d1..[1m}[0m[2m:[0m [2msui_core::consensus_handler[0m[2m:[0m [2mcrates/sui-core/src/consensus_handler.rs[0m[2m:[0m[2m232:[0m Received consensus output [3mconsensus_commit[0m[2m=[0mCommittedSubDag(leader=B334(C,RfCN), ref=C324(KPGD), blocks=[xKBM, Aq97, RfCN]) [3mepoch[0m[2m=[0m1
[2m2025-03-25T07:56:25.663189Z[0m [32m INFO[0m [1mnode[0m[1m{[0m[3mname[0m[2m=[0mk#99f25ef6..[1m}[0m[2m:[0m [2msui_core::checkpoints::checkpoint_executor[0m[2m:[0m [2mcrates/sui-core/src/checkpoints/checkpoint_executor/mod.rs[0m[2m:[0m[2m332:[0m Received checkpoint summary from state sync [3msequence_number[0m[2m=[0m536
[2m2025-03-25T07:56:25.663189Z[0m [32m INFO[0m [1mnode[0m[1m{[0m[3mname[0m[2m=[0mk#8dcff6d1..[1m}[0m[2m:[0m [2msui_core::checkpoints::checkpoint_executor[0m[2m:[0m [2mcrates/sui-core/src/checkpoints/checkpoint_executor/mod.rs[0m[2m:[0m[2m332:[0m Received checkpoint summary from state sync [3msequence_number[0m[2m=[0m536
[2m2025-03-25T07:56:25.676966Z[0m [32m INFO[0m [1mnode[0m[1m{[0m[3mname[0m[2m=[0mk#99f25ef6..[1m}[0m[2m:[0m [2msui_core::state_accumulator[0m[2m:[0m [2mcrates/sui-core/src/state_accumulator.rs[0m[2m:[0m[2m675:[0m accumulating running root for checkpoint 536
[2m2025-03-25T07:56:25.676973Z[0m [32m INFO[0m [1mnode[0m[1m{[0m[3mname[0m[2m=[0mk#8dcff6d1..[1m}[0m[2m:[0m [2msui_core::state_accumulator[0m[2m:[0m [2mcrates/sui-core/src/state_accumulator.rs[0m[2m:[0m[2m675:[0m accumulating running root for checkpoint 536
[2m2025-03-25T07:56:25.703821Z[0m [32m INFO[0m [1mnode[0m[1m{[0m[3mname[0m[2m=[0mk#addeef94..[1m}[0m[2m:[0m [2msui_core::checkpoints[0m[2m:[0m [2mcrates/sui-core/src/checkpoints/mod.rs[0m[2m:[0m[2m1326:[0m Creating checkpoint(s) for 1 transactions [3mnext_checkpoint_seq[0m[2m=[0m537 [3mcheckpoint_timestamp[0m[2m=[0m1742889385145
[2m2025-03-25T07:56:25.704052Z[0m [32m INFO[0m [1mnode[0m[1m{[0m[3mname[0m[2m=[0mk#addeef94..[1m}[0m[2m:[0m [2msui_core::checkpoints::checkpoint_output[0m[2m:[0m [2mcrates/sui-core/src/checkpoints/checkpoint_output.rs[0m[2m:[0m[2m149:[0m Creating checkpoint CheckpointDigest(9JkLKPYLiGh6jHwEhEHwqJDnHepWVFPDmiDAo6ZGCyjv) at epoch 1, sequence 537, previous digest Some(CheckpointDigest(2fjyjGT15rpQvAMzGNoGcw9yibMjiGuAoVRMWbPRBM6K)), transactions count 1, content digest CheckpointContentsDigest(7ctKzp9KH21i6sAHFBLGX8wwiB5EiG7WgajLgT7LwBgU), end_of_epoch_data None
[2m2025-03-25T07:56:25.709260Z[0m [32m INFO[0m [1mnode[0m[1m{[0m[3mname[0m[2m=[0mk#8dcff6d1..[1m}[0m[2m:[0m [2msui_core::checkpoints[0m[2m:[0m [2mcrates/sui-core/src/checkpoints/mod.rs[0m[2m:[0m[2m1326:[0m Creating checkpoint(s) for 1 transactions [3mnext_checkpoint_seq[0m[2m=[0m537 [3mcheckpoint_timestamp[0m[2m=[0m1742889385145
[2m2025-03-25T07:56:25.709280Z[0m [32m INFO[0m [1mnode[0m[1m{[0m[3mname[0m[2m=[0mk#99f25ef6..[1m}[0m[2m:[0m [2msui_core::checkpoints[0m[2m:[0m [2mcrates/sui-core/src/checkpoints/mod.rs[0m[2m:[0m[2m1326:[0m Creating checkpoint(s) for 1 transactions [3mnext_checkpoint_seq[0m[2m=[0m537 [3mcheckpoint_timestamp[0m[2m=[0m1742889385145
[2m2025-03-25T07:56:25.709444Z[0m [32m INFO[0m [1mnode[0m[1m{[0m[3mname[0m[2m=[0mk#8dcff6d1..[1m}[0m[2m:[0m [2msui_core::checkpoints::checkpoint_output[0m[2m:[0m [2mcrates/sui-core/src/checkpoints/checkpoint_output.rs[0m[2m:[0m[2m149:[0m Creating checkpoint CheckpointDigest(9JkLKPYLiGh6jHwEhEHwqJDnHepWVFPDmiDAo6ZGCyjv) at epoch 1, sequence 537, previous digest Some(CheckpointDigest(2fjyjGT15rpQvAMzGNoGcw9yibMjiGuAoVRMWbPRBM6K)), transactions count 1, content digest CheckpointContentsDigest(7ctKzp9KH21i6sAHFBLGX8wwiB5EiG7WgajLgT7LwBgU), end_of_epoch_data None
[2m2025-03-25T07:56:25.709461Z[0m [32m INFO[0m [1mnode[0m[1m{[0m[3mname[0m[2m=[0mk#99f25ef6..[1m}[0m[2m:[0m [2msui_core::checkpoints::checkpoint_output[0m[2m:[0m [2mcrates/sui-core/src/checkpoints/checkpoint_output.rs[0m[2m:[0m[2m149:[0m Creating checkpoint CheckpointDigest(9JkLKPYLiGh6jHwEhEHwqJDnHepWVFPDmiDAo6ZGCyjv) at epoch 1, sequence 537, previous digest Some(CheckpointDigest(2fjyjGT15rpQvAMzGNoGcw9yibMjiGuAoVRMWbPRBM6K)), transactions count 1, content digest CheckpointContentsDigest(7ctKzp9KH21i6sAHFBLGX8wwiB5EiG7WgajLgT7LwBgU), end_of_epoch_data None
[2m2025-03-25T07:56:25.770495Z[0m [32m INFO[0m [1mnode[0m[1m{[0m[3mname[0m[2m=[0mk#addeef94..[1m}[0m[2m:[0m [2msui_core::checkpoints::checkpoint_executor[0m[2m:[0m [2mcrates/sui-core/src/checkpoints/checkpoint_executor/mod.rs[0m[2m:[0m[2m332:[0m Received checkpoint summary from state sync [3msequence_number[0m[2m=[0m536
[2m2025-03-25T07:56:25.771925Z[0m [32m INFO[0m [1mnode[0m[1m{[0m[3mname[0m[2m=[0mk#addeef94..[1m}[0m[2m:[0m [2msui_core::state_accumulator[0m[2m:[0m [2mcrates/sui-core/src/state_accumulator.rs[0m[2m:[0m[2m675:[0m accumulating running root for checkpoint 536
[2m2025-03-25T07:56:25.911815Z[0m [32m INFO[0m [1mnode[0m[1m{[0m[3mname[0m[2m=[0mk#addeef94..[1m}[0m[2m:[0m [2mconsensus_core::core[0m[2m:[0m [2mconsensus/core/src/core.rs[0m[2m:[0m[2m945:[0m Included 3 ancestors & excluded 0 ancestors for proposal in round 337
[2m2025-03-25T07:56:25.912183Z[0m [32m INFO[0m [1mnode[0m[1m{[0m[3mname[0m[2m=[0mk#addeef94..[1m}[0m[2m:[0m [2mconsensus_core::core[0m[2m:[0m [2mconsensus/core/src/core.rs[0m[2m:[0m[2m531:[0m Created block B337(C,oZxQltVZUGb/xyDc4pL19zyjyEwHEAdlkIcWmqPAD7g=)(1742889385912ms;[B336(C,GoKiip1R2yQ/WreQGAMB81gPnJRL64hBDAVzBUPrx9c=), B336(A,x+PLxY1yFrXEE0E+VJTb1ShKxp2Z6RJT+rv3ApVXLMA=), B336(B,PoX7CiIC76qpEEquXh6yV4avDptfHEfXTFvuCIC7BsU=)];1t;1c) for round 337
[2m2025-03-25T07:56:25.914092Z[0m [32m INFO[0m [1mnode[0m[1m{[0m[3mname[0m[2m=[0mk#8dcff6d1..[1m}[0m[2m:[0m [2mconsensus_core::core[0m[2m:[0m [2mconsensus/core/src/core.rs[0m[2m:[0m[2m945:[0m Included 3 ancestors & excluded 0 ancestors for proposal in round 337
[2m2025-03-25T07:56:25.914092Z[0m [32m INFO[0m [1mnode[0m[1m{[0m[3mname[0m[2m=[0mk#99f25ef6..[1m}[0m[2m:[0m [2mconsensus_core::core[0m[2m:[0m [2mconsensus/core/src/core.rs[0m[2m:[0m[2m945:[0m Included 3 ancestors & excluded 0 ancestors for proposal in round 337
[2m2025-03-25T07:56:25.914380Z[0m [32m INFO[0m [1mnode[0m[1m{[0m[3mname[0m[2m=[0mk#8dcff6d1..[1m}[0m[2m:[0m [2mconsensus_core::core[0m[2m:[0m [2mconsensus/core/src/core.rs[0m[2m:[0m[2m531:[0m Created block B337(A,7Z2UkmaYRXSLWRX4w1rXbaAcdQu4aCBFKtRTvnd+JQg=)(1742889385914ms;[B336(A,x+PLxY1yFrXEE0E+VJTb1ShKxp2Z6RJT+rv3ApVXLMA=), B336(B,PoX7CiIC76qpEEquXh6yV4avDptfHEfXTFvuCIC7BsU=), B336(C,GoKiip1R2yQ/WreQGAMB81gPnJRL64hBDAVzBUPrx9c=)];1t;1c) for round 337
[2m2025-03-25T07:56:25.914381Z[0m [32m INFO[0m [1mnode[0m[1m{[0m[3mname[0m[2m=[0mk#99f25ef6..[1m}[0m[2m:[0m [2mconsensus_core::core[0m[2m:[0m [2mconsensus/core/src/core.rs[0m[2m:[0m[2m531:[0m Created block B337(B,pmfBIQQ2D/sUxFPg7Q9/ONVimRNy7YC34VizWZFlxNY=)(1742889385914ms;[B336(B,PoX7CiIC76qpEEquXh6yV4avDptfHEfXTFvuCIC7BsU=), B336(A,x+PLxY1yFrXEE0E+VJTb1ShKxp2Z6RJT+rv3ApVXLMA=), B336(C,GoKiip1R2yQ/WreQGAMB81gPnJRL64hBDAVzBUPrx9c=)];1t;1c) for round 337
[2m2025-03-25T07:56:25.914449Z[0m [32m INFO[0m [1mnode[0m[1m{[0m[3mname[0m[2m=[0mk#8dcff6d1..[1m}[0m[2m:[0m [2mconsensus_core::core[0m[2m:[0m [2mconsensus/core/src/core.rs[0m[2m:[0m[2m630:[0m Committing 1 leaders: B335(B,3PVc)
[2m2025-03-25T07:56:25.914449Z[0m [32m INFO[0m [1mnode[0m[1m{[0m[3mname[0m[2m=[0mk#99f25ef6..[1m}[0m[2m:[0m [2mconsensus_core::core[0m[2m:[0m [2mconsensus/core/src/core.rs[0m[2m:[0m[2m630:[0m Committing 1 leaders: B335(B,3PVc)
[2m2025-03-25T07:56:25.914522Z[0m [32m INFO[0m [1mnode[0m[1m{[0m[3mname[0m[2m=[0mk#99f25ef6..[1m}[0m[2m:[0m [2mconsensus_core::commit_observer[0m[2m:[0m [2mconsensus/core/src/commit_observer.rs[0m[2m:[0m[2m173:[0m Consensus commit C325(SSpJ) with leader B335(B,3PVc) has 3 blocks
[2m2025-03-25T07:56:25.914526Z[0m [32m INFO[0m [1mnode[0m[1m{[0m[3mname[0m[2m=[0mk#8dcff6d1..[1m}[0m[2m:[0m [2mconsensus_core::commit_observer[0m[2m:[0m [2mconsensus/core/src/commit_observer.rs[0m[2m:[0m[2m173:[0m Consensus commit C325(SSpJ) with leader B335(B,3PVc) has 3 blocks
[2m2025-03-25T07:56:25.914609Z[0m [32m INFO[0m [1mnode[0m[1m{[0m[3mname[0m[2m=[0mk#8dcff6d1..[1m}[0m[2m:[0m [2msui_core::consensus_handler[0m[2m:[0m [2mcrates/sui-core/src/consensus_handler.rs[0m[2m:[0m[2m232:[0m Received consensus output [3mconsensus_commit[0m[2m=[0mCommittedSubDag(leader=B335(B,3PVc), ref=C325(SSpJ), blocks=[6LkJ, YifF, 3PVc]) [3mepoch[0m[2m=[0m1
[2m2025-03-25T07:56:25.914609Z[0m [32m INFO[0m [1mnode[0m[1m{[0m[3mname[0m[2m=[0mk#99f25ef6..[1m}[0m[2m:[0m [2msui_core::consensus_handler[0m[2m:[0m [2mcrates/sui-core/src/consensus_handler.rs[0m[2m:[0m[2m232:[0m Received consensus output [3mconsensus_commit[0m[2m=[0mCommittedSubDag(leader=B335(B,3PVc), ref=C325(SSpJ), blocks=[6LkJ, YifF, 3PVc]) [3mepoch[0m[2m=[0m1
[2m2025-03-25T07:56:25.918227Z[0m [32m INFO[0m [1mnode[0m[1m{[0m[3mname[0m[2m=[0mk#addeef94..[1m}[0m[2m:[0m [2mconsensus_core::core[0m[2m:[0m [2mconsensus/core/src/core.rs[0m[2m:[0m[2m630:[0m Committing 1 leaders: B335(B,3PVc)
[2m2025-03-25T07:56:25.918322Z[0m [32m INFO[0m [1mnode[0m[1m{[0m[3mname[0m[2m=[0mk#addeef94..[1m}[0m[2m:[0m [2mconsensus_core::commit_observer[0m[2m:[0m [2mconsensus/core/src/commit_observer.rs[0m[2m:[0m[2m173:[0m Consensus commit C325(SSpJ) with leader B335(B,3PVc) has 3 blocks
[2m2025-03-25T07:56:25.918445Z[0m [32m INFO[0m [1mnode[0m[1m{[0m[3mname[0m[2m=[0mk#addeef94..[1m}[0m[2m:[0m [2msui_core::consensus_handler[0m[2m:[0m [2mcrates/sui-core/src/consensus_handler.rs[0m[2m:[0m[2m232:[0m Received consensus output [3mconsensus_commit[0m[2m=[0mCommittedSubDag(leader=B335(B,3PVc), ref=C325(SSpJ), blocks=[6LkJ, YifF, 3PVc]) [3mepoch[0m[2m=[0m1
[2m2025-03-25T07:56:25.941225Z[0m [32m INFO[0m [1mnode[0m[1m{[0m[3mname[0m[2m=[0mk#8dcff6d1..[1m}[0m[2m:[0m [2msui_core::checkpoints[0m[2m:[0m [2mcrates/sui-core/src/checkpoints/mod.rs[0m[2m:[0m[2m1326:[0m Creating checkpoint(s) for 2 transactions [3mnext_checkpoint_seq[0m[2m=[0m538 [3mcheckpoint_timestamp[0m[2m=[0m1742889385401
[2m2025-03-25T07:56:25.941227Z[0m [32m INFO[0m [1mnode[0m[1m{[0m[3mname[0m[2m=[0mk#99f25ef6..[1m}[0m[2m:[0m [2msui_core::checkpoints[0m[2m:[0m [2mcrates/sui-core/src/checkpoints/mod.rs[0m[2m:[0m[2m1326:[0m Creating checkpoint(s) for 2 transactions [3mnext_checkpoint_seq[0m[2m=[0m538 [3mcheckpoint_timestamp[0m[2m=[0m1742889385401
[2m2025-03-25T07:56:25.941536Z[0m [32m INFO[0m [1mnode[0m[1m{[0m[3mname[0m[2m=[0mk#99f25ef6..[1m}[0m[2m:[0m [2msui_core::checkpoints::checkpoint_output[0m[2m:[0m [2mcrates/sui-core/src/checkpoints/checkpoint_output.rs[0m[2m:[0m[2m149:[0m Creating checkpoint CheckpointDigest(cbMvDRvBRBSzP5Gr16USoRqfWSjau6f6M48u4jSNc1C) at epoch 1, sequence 538, previous digest Some(CheckpointDigest(9JkLKPYLiGh6jHwEhEHwqJDnHepWVFPDmiDAo6ZGCyjv)), transactions count 2, content digest CheckpointContentsDigest(5HXrFrqLCx9X4mca6xwRDi2Qof1segY8B8XMfbaxk7Fp), end_of_epoch_data None
[2m2025-03-25T07:56:25.941536Z[0m [32m INFO[0m [1mnode[0m[1m{[0m[3mname[0m[2m=[0mk#8dcff6d1..[1m}[0m[2m:[0m [2msui_core::checkpoints::checkpoint_output[0m[2m:[0m [2mcrates/sui-core/src/checkpoints/checkpoint_output.rs[0m[2m:[0m[2m149:[0m Creating checkpoint CheckpointDigest(cbMvDRvBRBSzP5Gr16USoRqfWSjau6f6M48u4jSNc1C) at epoch 1, sequence 538, previous digest Some(CheckpointDigest(9JkLKPYLiGh6jHwEhEHwqJDnHepWVFPDmiDAo6ZGCyjv)), transactions count 2, content digest CheckpointContentsDigest(5HXrFrqLCx9X4mca6xwRDi2Qof1segY8B8XMfbaxk7Fp), end_of_epoch_data None
[2m2025-03-25T07:56:25.944352Z[0m [32m INFO[0m [1mnode[0m[1m{[0m[3mname[0m[2m=[0mk#addeef94..[1m}[0m[2m:[0m [2msui_core::checkpoints[0m[2m:[0m [2mcrates/sui-core/src/checkpoints/mod.rs[0m[2m:[0m[2m1326:[0m Creating checkpoint(s) for 2 transactions [3mnext_checkpoint_seq[0m[2m=[0m538 [3mcheckpoint_timestamp[0m[2m=[0m1742889385401
[2m2025-03-25T07:56:25.944602Z[0m [32m INFO[0m [1mnode[0m[1m{[0m[3mname[0m[2m=[0mk#99f25ef6..[1m}[0m[2m:[0m [2msui_core::checkpoints::checkpoint_output[0m[2m:[0m [2mcrates/sui-core/src/checkpoints/checkpoint_output.rs[0m[2m:[0m[2m196:[0m Certified checkpoint with sequence 537 and digest 9JkLKPYLiGh6jHwEhEHwqJDnHepWVFPDmiDAo6ZGCyjv
[2m2025-03-25T07:56:25.944596Z[0m [32m INFO[0m [1mnode[0m[1m{[0m[3mname[0m[2m=[0mk#addeef94..[1m}[0m[2m:[0m [2msui_core::checkpoints::checkpoint_output[0m[2m:[0m [2mcrates/sui-core/src/checkpoints/checkpoint_output.rs[0m[2m:[0m[2m149:[0m Creating checkpoint CheckpointDigest(cbMvDRvBRBSzP5Gr16USoRqfWSjau6f6M48u4jSNc1C) at epoch 1, sequence 538, previous digest Some(CheckpointDigest(9JkLKPYLiGh6jHwEhEHwqJDnHepWVFPDmiDAo6ZGCyjv)), transactions count 2, content digest CheckpointContentsDigest(5HXrFrqLCx9X4mca6xwRDi2Qof1segY8B8XMfbaxk7Fp), end_of_epoch_data None
[2m2025-03-25T07:56:25.944660Z[0m [32m INFO[0m [1mnode[0m[1m{[0m[3mname[0m[2m=[0mk#8dcff6d1..[1m}[0m[2m:[0m [2msui_core::checkpoints::checkpoint_output[0m[2m:[0m [2mcrates/sui-core/src/checkpoints/checkpoint_output.rs[0m[2m:[0m[2m196:[0m Certified checkpoint with sequence 537 and digest 9JkLKPYLiGh6jHwEhEHwqJDnHepWVFPDmiDAo6ZGCyjv
[2m2025-03-25T07:56:25.945021Z[0m [32m INFO[0m [1mnode[0m[1m{[0m[3mname[0m[2m=[0mk#8dcff6d1..[1m}[0m[2m:[0m [2msui_core::checkpoints::checkpoint_executor[0m[2m:[0m [2mcrates/sui-core/src/checkpoints/checkpoint_executor/mod.rs[0m[2m:[0m[2m332:[0m Received checkpoint summary from state sync [3msequence_number[0m[2m=[0m537
[2m2025-03-25T07:56:25.945021Z[0m [32m INFO[0m [1mnode[0m[1m{[0m[3mname[0m[2m=[0mk#99f25ef6..[1m}[0m[2m:[0m [2msui_core::checkpoints::checkpoint_executor[0m[2m:[0m [2mcrates/sui-core/src/checkpoints/checkpoint_executor/mod.rs[0m[2m:[0m[2m332:[0m Received checkpoint summary from state sync [3msequence_number[0m[2m=[0m537
[2m2025-03-25T07:56:25.946188Z[0m [32m INFO[0m [1mnode[0m[1m{[0m[3mname[0m[2m=[0mk#8dcff6d1..[1m}[0m[2m:[0m [2msui_core::state_accumulator[0m[2m:[0m [2mcrates/sui-core/src/state_accumulator.rs[0m[2m:[0m[2m675:[0m accumulating running root for checkpoint 537
[2m2025-03-25T07:56:25.946188Z[0m [32m INFO[0m [1mnode[0m[1m{[0m[3mname[0m[2m=[0mk#99f25ef6..[1m}[0m[2m:[0m [2msui_core::state_accumulator[0m[2m:[0m [2mcrates/sui-core/src/state_accumulator.rs[0m[2m:[0m[2m675:[0m accumulating running root for checkpoint 537
[2m2025-03-25T07:56:25.948318Z[0m [32m INFO[0m [1mnode[0m[1m{[0m[3mname[0m[2m=[0mk#addeef94..[1m}[0m[2m:[0m [2msui_core::checkpoints::checkpoint_executor[0m[2m:[0m [2mcrates/sui-core/src/checkpoints/checkpoint_executor/mod.rs[0m[2m:[0m[2m332:[0m Received checkpoint summary from state sync [3msequence_number[0m[2m=[0m537
[2m2025-03-25T07:56:25.949019Z[0m [32m INFO[0m [1mnode[0m[1m{[0m[3mname[0m[2m=[0mk#addeef94..[1m}[0m[2m:[0m [2msui_core::state_accumulator[0m[2m:[0m [2mcrates/sui-core/src/state_accumulator.rs[0m[2m:[0m[2m675:[0m accumulating running root for checkpoint 537
[2m2025-03-25T07:56:26.167158Z[0m [32m INFO[0m [1mnode[0m[1m{[0m[3mname[0m[2m=[0mk#99f25ef6..[1m}[0m[2m:[0m [2mconsensus_core::core[0m[2m:[0m [2mconsensus/core/src/core.rs[0m[2m:[0m[2m945:[0m Included 3 ancestors & excluded 0 ancestors for proposal in round 338
[2m2025-03-25T07:56:26.167536Z[0m [32m INFO[0m [1mnode[0m[1m{[0m[3mname[0m[2m=[0mk#99f25ef6..[1m}[0m[2m:[0m [2mconsensus_core::core[0m[2m:[0m [2mconsensus/core/src/core.rs[0m[2m:[0m[2m531:[0m Created block B338(B,glc/jUEwEAvwt1MOXZ6/WNOsNJv66tZLQGfHterXaoE=)(1742889386167ms;[B337(B,pmfBIQQ2D/sUxFPg7Q9/ONVimRNy7YC34VizWZFlxNY=), B337(A,7Z2UkmaYRXSLWRX4w1rXbaAcdQu4aCBFKtRTvnd+JQg=), B337(C,oZxQltVZUGb/xyDc4pL19zyjyEwHEAdlkIcWmqPAD7g=)];1t;1c) for round 338
[2m2025-03-25T07:56:26.167751Z[0m [32m INFO[0m [1mnode[0m[1m{[0m[3mname[0m[2m=[0mk#8dcff6d1..[1m}[0m[2m:[0m [2mconsensus_core::core[0m[2m:[0m [2mconsensus/core/src/core.rs[0m[2m:[0m[2m945:[0m Included 3 ancestors & excluded 0 ancestors for proposal in round 338
[2m2025-03-25T07:56:26.168052Z[0m [32m INFO[0m [1mnode[0m[1m{[0m[3mname[0m[2m=[0mk#8dcff6d1..[1m}[0m[2m:[0m [2mconsensus_core::core[0m[2m:[0m [2mconsensus/core/src/core.rs[0m[2m:[0m[2m531:[0m Created block B338(A,U1V6kqrOIcSF2Dw7DdF6IK91OkM6Yv952/flc80qNS0=)(1742889386167ms;[B337(A,7Z2UkmaYRXSLWRX4w1rXbaAcdQu4aCBFKtRTvnd+JQg=), B337(B,pmfBIQQ2D/sUxFPg7Q9/ONVimRNy7YC34VizWZFlxNY=), B337(C,oZxQltVZUGb/xyDc4pL19zyjyEwHEAdlkIcWmqPAD7g=)];1t;1c) for round 338
[2m2025-03-25T07:56:26.170726Z[0m [32m INFO[0m [1mnode[0m[1m{[0m[3mname[0m[2m=[0mk#addeef94..[1m}[0m[2m:[0m [2mconsensus_core::core[0m[2m:[0m [2mconsensus/core/src/core.rs[0m[2m:[0m[2m945:[0m Included 3 ancestors & excluded 0 ancestors for proposal in round 338
[2m2025-03-25T07:56:26.171017Z[0m [32m INFO[0m [1mnode[0m[1m{[0m[3mname[0m[2m=[0mk#addeef94..[1m}[0m[2m:[0m [2mconsensus_core::core[0m[2m:[0m [2mconsensus/core/src/core.rs[0m[2m:[0m[2m531:[0m Created block B338(C,GNkl8L9+dwGl9hh3Z1/kNQj/AI+D+nvuS+cn6kPyCZ4=)(1742889386170ms;[B337(C,oZxQltVZUGb/xyDc4pL19zyjyEwHEAdlkIcWmqPAD7g=), B337(A,7Z2UkmaYRXSLWRX4w1rXbaAcdQu4aCBFKtRTvnd+JQg=), B337(B,pmfBIQQ2D/sUxFPg7Q9/ONVimRNy7YC34VizWZFlxNY=)];1t;1c) for round 338
[2m2025-03-25T07:56:26.171086Z[0m [32m INFO[0m [1mnode[0m[1m{[0m[3mname[0m[2m=[0mk#addeef94..[1m}[0m[2m:[0m [2mconsensus_core::core[0m[2m:[0m [2mconsensus/core/src/core.rs[0m[2m:[0m[2m630:[0m Committing 1 leaders: B336(C,GoKi)
[2m2025-03-25T07:56:26.171156Z[0m [32m INFO[0m [1mnode[0m[1m{[0m[3mname[0m[2m=[0mk#addeef94..[1m}[0m[2m:[0m [2mconsensus_core::commit_observer[0m[2m:[0m [2mconsensus/core/src/commit_observer.rs[0m[2m:[0m[2m173:[0m Consensus commit C326(mCSc) with leader B336(C,GoKi) has 3 blocks
[2m2025-03-25T07:56:26.171393Z[0m [32m INFO[0m [1mnode[0m[1m{[0m[3mname[0m[2m=[0mk#addeef94..[1m}[0m[2m:[0m [2msui_core::consensus_handler[0m[2m:[0m [2mcrates/sui-core/src/consensus_handler.rs[0m[2m:[0m[2m232:[0m Received consensus output [3mconsensus_commit[0m[2m=[0mCommittedSubDag(leader=B336(C,GoKi), ref=C326(mCSc), blocks=[itQB, ND1Z, GoKi]) [3mepoch[0m[2m=[0m1
[2m2025-03-25T07:56:26.174458Z[0m [32m INFO[0m [1mnode[0m[1m{[0m[3mname[0m[2m=[0mk#8dcff6d1..[1m}[0m[2m:[0m [2msui_core::checkpoints::checkpoint_output[0m[2m:[0m [2mcrates/sui-core/src/checkpoints/checkpoint_output.rs[0m[2m:[0m[2m196:[0m Certified checkpoint with sequence 538 and digest cbMvDRvBRBSzP5Gr16USoRqfWSjau6f6M48u4jSNc1C
[2m2025-03-25T07:56:26.174461Z[0m [32m INFO[0m [1mnode[0m[1m{[0m[3mname[0m[2m=[0mk#99f25ef6..[1m}[0m[2m:[0m [2msui_core::checkpoints::checkpoint_output[0m[2m:[0m [2mcrates/sui-core/src/checkpoints/checkpoint_output.rs[0m[2m:[0m[2m196:[0m Certified checkpoint with sequence 538 and digest cbMvDRvBRBSzP5Gr16USoRqfWSjau6f6M48u4jSNc1C
[2m2025-03-25T07:56:26.174563Z[0m [32m INFO[0m [1mnode[0m[1m{[0m[3mname[0m[2m=[0mk#8dcff6d1..[1m}[0m[2m:[0m [2mconsensus_core::core[0m[2m:[0m [2mconsensus/core/src/core.rs[0m[2m:[0m[2m630:[0m Committing 1 leaders: B336(C,GoKi)
[2m2025-03-25T07:56:26.174563Z[0m [32m INFO[0m [1mnode[0m[1m{[0m[3mname[0m[2m=[0mk#99f25ef6..[1m}[0m[2m:[0m [2mconsensus_core::core[0m[2m:[0m [2mconsensus/core/src/core.rs[0m[2m:[0m[2m630:[0m Committing 1 leaders: B336(C,GoKi)
[2m2025-03-25T07:56:26.174661Z[0m [32m INFO[0m [1mnode[0m[1m{[0m[3mname[0m[2m=[0mk#8dcff6d1..[1m}[0m[2m:[0m [2mconsensus_core::commit_observer[0m[2m:[0m [2mconsensus/core/src/commit_observer.rs[0m[2m:[0m[2m173:[0m Consensus commit C326(mCSc) with leader B336(C,GoKi) has 3 blocks
[2m2025-03-25T07:56:26.174663Z[0m [32m INFO[0m [1mnode[0m[1m{[0m[3mname[0m[2m=[0mk#99f25ef6..[1m}[0m[2m:[0m [2mconsensus_core::commit_observer[0m[2m:[0m [2mconsensus/core/src/commit_observer.rs[0m[2m:[0m[2m173:[0m Consensus commit C326(mCSc) with leader B336(C,GoKi) has 3 blocks
[2m2025-03-25T07:56:26.175086Z[0m [32m INFO[0m [1mnode[0m[1m{[0m[3mname[0m[2m=[0mk#8dcff6d1..[1m}[0m[2m:[0m [2msui_core::consensus_handler[0m[2m:[0m [2mcrates/sui-core/src/consensus_handler.rs[0m[2m:[0m[2m232:[0m Received consensus output [3mconsensus_commit[0m[2m=[0mCommittedSubDag(leader=B336(C,GoKi), ref=C326(mCSc), blocks=[itQB, ND1Z, GoKi]) [3mepoch[0m[2m=[0m1
[2m2025-03-25T07:56:26.175086Z[0m [32m INFO[0m [1mnode[0m[1m{[0m[3mname[0m[2m=[0mk#99f25ef6..[1m}[0m[2m:[0m [2msui_core::consensus_handler[0m[2m:[0m [2mcrates/sui-core/src/consensus_handler.rs[0m[2m:[0m[2m232:[0m Received consensus output [3mconsensus_commit[0m[2m=[0mCommittedSubDag(leader=B336(C,GoKi), ref=C326(mCSc), blocks=[itQB, ND1Z, GoKi]) [3mepoch[0m[2m=[0m1
[2m2025-03-25T07:56:26.175687Z[0m [32m INFO[0m [1mnode[0m[1m{[0m[3mname[0m[2m=[0mk#99f25ef6..[1m}[0m[2m:[0m [2msui_core::checkpoints::checkpoint_executor[0m[2m:[0m [2mcrates/sui-core/src/checkpoints/checkpoint_executor/mod.rs[0m[2m:[0m[2m332:[0m Received checkpoint summary from state sync [3msequence_number[0m[2m=[0m538
[2m2025-03-25T07:56:26.175687Z[0m [32m INFO[0m [1mnode[0m[1m{[0m[3mname[0m[2m=[0mk#8dcff6d1..[1m}[0m[2m:[0m [2msui_core::checkpoints::checkpoint_executor[0m[2m:[0m [2mcrates/sui-core/src/checkpoints/checkpoint_executor/mod.rs[0m[2m:[0m[2m332:[0m Received checkpoint summary from state sync [3msequence_number[0m[2m=[0m538
[2m2025-03-25T07:56:26.189299Z[0m [32m INFO[0m [1mnode[0m[1m{[0m[3mname[0m[2m=[0mk#99f25ef6..[1m}[0m[2m:[0m [2msui_core::state_accumulator[0m[2m:[0m [2mcrates/sui-core/src/state_accumulator.rs[0m[2m:[0m[2m675:[0m accumulating running root for checkpoint 538
[2m2025-03-25T07:56:26.189303Z[0m [32m INFO[0m [1mnode[0m[1m{[0m[3mname[0m[2m=[0mk#8dcff6d1..[1m}[0m[2m:[0m [2msui_core::state_accumulator[0m[2m:[0m [2mcrates/sui-core/src/state_accumulator.rs[0m[2m:[0m[2m675:[0m accumulating running root for checkpoint 538
[2m2025-03-25T07:56:26.216710Z[0m [32m INFO[0m [1mnode[0m[1m{[0m[3mname[0m[2m=[0mk#addeef94..[1m}[0m[2m:[0m [2msui_core::checkpoints[0m[2m:[0m [2mcrates/sui-core/src/checkpoints/mod.rs[0m[2m:[0m[2m1326:[0m Creating checkpoint(s) for 1 transactions [3mnext_checkpoint_seq[0m[2m=[0m539 [3mcheckpoint_timestamp[0m[2m=[0m1742889385658
[2m2025-03-25T07:56:26.216952Z[0m [32m INFO[0m [1mnode[0m[1m{[0m[3mname[0m[2m=[0mk#addeef94..[1m}[0m[2m:[0m [2msui_core::checkpoints::checkpoint_output[0m[2m:[0m [2mcrates/sui-core/src/checkpoints/checkpoint_output.rs[0m[2m:[0m[2m149:[0m Creating checkpoint CheckpointDigest(iCtAufM1GFyvZTA7HXZGcRZqLjXHTaBSHitRxdbEk3w) at epoch 1, sequence 539, previous digest Some(CheckpointDigest(cbMvDRvBRBSzP5Gr16USoRqfWSjau6f6M48u4jSNc1C)), transactions count 1, content digest CheckpointContentsDigest(5iXBTSueXx57rDnecYpaXMzAjTjmSLHWsM7gqnVGPNS2), end_of_epoch_data None
[2m2025-03-25T07:56:26.220872Z[0m [32m INFO[0m [1mnode[0m[1m{[0m[3mname[0m[2m=[0mk#99f25ef6..[1m}[0m[2m:[0m [2msui_core::checkpoints[0m[2m:[0m [2mcrates/sui-core/src/checkpoints/mod.rs[0m[2m:[0m[2m1326:[0m Creating checkpoint(s) for 1 transactions [3mnext_checkpoint_seq[0m[2m=[0m539 [3mcheckpoint_timestamp[0m[2m=[0m1742889385658
[2m2025-03-25T07:56:26.220874Z[0m [32m INFO[0m [1mnode[0m[1m{[0m[3mname[0m[2m=[0mk#8dcff6d1..[1m}[0m[2m:[0m [2msui_core::checkpoints[0m[2m:[0m [2mcrates/sui-core/src/checkpoints/mod.rs[0m[2m:[0m[2m1326:[0m Creating checkpoint(s) for 1 transactions [3mnext_checkpoint_seq[0m[2m=[0m539 [3mcheckpoint_timestamp[0m[2m=[0m1742889385658
[2m2025-03-25T07:56:26.221053Z[0m [32m INFO[0m [1mnode[0m[1m{[0m[3mname[0m[2m=[0mk#99f25ef6..[1m}[0m[2m:[0m [2msui_core::checkpoints::checkpoint_output[0m[2m:[0m [2mcrates/sui-core/src/checkpoints/checkpoint_output.rs[0m[2m:[0m[2m149:[0m Creating checkpoint CheckpointDigest(iCtAufM1GFyvZTA7HXZGcRZqLjXHTaBSHitRxdbEk3w) at epoch 1, sequence 539, previous digest Some(CheckpointDigest(cbMvDRvBRBSzP5Gr16USoRqfWSjau6f6M48u4jSNc1C)), transactions count 1, content digest CheckpointContentsDigest(5iXBTSueXx57rDnecYpaXMzAjTjmSLHWsM7gqnVGPNS2), end_of_epoch_data None
[2m2025-03-25T07:56:26.221053Z[0m [32m INFO[0m [1mnode[0m[1m{[0m[3mname[0m[2m=[0mk#8dcff6d1..[1m}[0m[2m:[0m [2msui_core::checkpoints::checkpoint_output[0m[2m:[0m [2mcrates/sui-core/src/checkpoints/checkpoint_output.rs[0m[2m:[0m[2m149:[0m Creating checkpoint CheckpointDigest(iCtAufM1GFyvZTA7HXZGcRZqLjXHTaBSHitRxdbEk3w) at epoch 1, sequence 539, previous digest Some(CheckpointDigest(cbMvDRvBRBSzP5Gr16USoRqfWSjau6f6M48u4jSNc1C)), transactions count 1, content digest CheckpointContentsDigest(5iXBTSueXx57rDnecYpaXMzAjTjmSLHWsM7gqnVGPNS2), end_of_epoch_data None
[2m2025-03-25T07:56:26.238460Z[0m [32m INFO[0m [1mnode[0m[1m{[0m[3mname[0m[2m=[0mk#addeef94..[1m}[0m[2m:[0m [2msui_core::checkpoints::checkpoint_executor[0m[2m:[0m [2mcrates/sui-core/src/checkpoints/checkpoint_executor/mod.rs[0m[2m:[0m[2m332:[0m Received checkpoint summary from state sync [3msequence_number[0m[2m=[0m538
[2m2025-03-25T07:56:26.284722Z[0m [32m INFO[0m [1mnode[0m[1m{[0m[3mname[0m[2m=[0mk#addeef94..[1m}[0m[2m:[0m [2msui_core::state_accumulator[0m[2m:[0m [2mcrates/sui-core/src/state_accumulator.rs[0m[2m:[0m[2m675:[0m accumulating running root for checkpoint 538
[2m2025-03-25T07:56:26.423737Z[0m [32m INFO[0m [1mnode[0m[1m{[0m[3mname[0m[2m=[0mk#addeef94..[1m}[0m[2m:[0m [2mconsensus_core::core[0m[2m:[0m [2mconsensus/core/src/core.rs[0m[2m:[0m[2m945:[0m Included 3 ancestors & excluded 0 ancestors for proposal in round 339
[2m2025-03-25T07:56:26.424156Z[0m [32m INFO[0m [1mnode[0m[1m{[0m[3mname[0m[2m=[0mk#addeef94..[1m}[0m[2m:[0m [2mconsensus_core::core[0m[2m:[0m [2mconsensus/core/src/core.rs[0m[2m:[0m[2m531:[0m Created block B339(C,aqIV+f4K0YTtPfG402g3mZ18evq+ut4WJXRHZ8tOk+w=)(1742889386423ms;[B338(C,GNkl8L9+dwGl9hh3Z1/kNQj/AI+D+nvuS+cn6kPyCZ4=), B338(A,U1V6kqrOIcSF2Dw7DdF6IK91OkM6Yv952/flc80qNS0=), B338(B,glc/jUEwEAvwt1MOXZ6/WNOsNJv66tZLQGfHterXaoE=)];1t;1c) for round 339
[2m2025-03-25T07:56:26.426186Z[0m [32m INFO[0m [1mnode[0m[1m{[0m[3mname[0m[2m=[0mk#8dcff6d1..[1m}[0m[2m:[0m [2mconsensus_core::core[0m[2m:[0m [2mconsensus/core/src/core.rs[0m[2m:[0m[2m945:[0m Included 3 ancestors & excluded 0 ancestors for proposal in round 339
[2m2025-03-25T07:56:26.426187Z[0m [32m INFO[0m [1mnode[0m[1m{[0m[3mname[0m[2m=[0mk#99f25ef6..[1m}[0m[2m:[0m [2mconsensus_core::core[0m[2m:[0m [2mconsensus/core/src/core.rs[0m[2m:[0m[2m945:[0m Included 3 ancestors & excluded 0 ancestors for proposal in round 339
[2m2025-03-25T07:56:26.426480Z[0m [32m INFO[0m [1mnode[0m[1m{[0m[3mname[0m[2m=[0mk#8dcff6d1..[1m}[0m[2m:[0m [2mconsensus_core::core[0m[2m:[0m [2mconsensus/core/src/core.rs[0m[2m:[0m[2m531:[0m Created block B339(A,1NqKAnnOU/5kv0p6M0svA1uxYyhOwMsQRP/YYY/Vduc=)(1742889386426ms;[B338(A,U1V6kqrOIcSF2Dw7DdF6IK91OkM6Yv952/flc80qNS0=), B338(B,glc/jUEwEAvwt1MOXZ6/WNOsNJv66tZLQGfHterXaoE=), B338(C,GNkl8L9+dwGl9hh3Z1/kNQj/AI+D+nvuS+cn6kPyCZ4=)];1t;1c) for round 339
[2m2025-03-25T07:56:26.426479Z[0m [32m INFO[0m [1mnode[0m[1m{[0m[3mname[0m[2m=[0mk#99f25ef6..[1m}[0m[2m:[0m [2mconsensus_core::core[0m[2m:[0m [2mconsensus/core/src/core.rs[0m[2m:[0m[2m531:[0m Created block B339(B,bC/3GOrCDIgs046MlKxpXGRZrC+88UtZkUV4JYvNg/Y=)(1742889386426ms;[B338(B,glc/jUEwEAvwt1MOXZ6/WNOsNJv66tZLQGfHterXaoE=), B338(A,U1V6kqrOIcSF2Dw7DdF6IK91OkM6Yv952/flc80qNS0=), B338(C,GNkl8L9+dwGl9hh3Z1/kNQj/AI+D+nvuS+cn6kPyCZ4=)];1t;1c) for round 339
[2m2025-03-25T07:56:26.426551Z[0m [32m INFO[0m [1mnode[0m[1m{[0m[3mname[0m[2m=[0mk#8dcff6d1..[1m}[0m[2m:[0m [2mconsensus_core::core[0m[2m:[0m [2mconsensus/core/src/core.rs[0m[2m:[0m[2m630:[0m Committing 1 leaders: B337(B,pmfB)
[2m2025-03-25T07:56:26.426551Z[0m [32m INFO[0m [1mnode[0m[1m{[0m[3mname[0m[2m=[0mk#99f25ef6..[1m}[0m[2m:[0m [2mconsensus_core::core[0m[2m:[0m [2mconsensus/core/src/core.rs[0m[2m:[0m[2m630:[0m Committing 1 leaders: B337(B,pmfB)
[2m2025-03-25T07:56:26.426624Z[0m [32m INFO[0m [1mnode[0m[1m{[0m[3mname[0m[2m=[0mk#8dcff6d1..[1m}[0m[2m:[0m [2mconsensus_core::commit_observer[0m[2m:[0m [2mconsensus/core/src/commit_observer.rs[0m[2m:[0m[2m173:[0m Consensus commit C327(0eFT) with leader B337(B,pmfB) has 3 blocks
[2m2025-03-25T07:56:26.426624Z[0m [32m INFO[0m [1mnode[0m[1m{[0m[3mname[0m[2m=[0mk#99f25ef6..[1m}[0m[2m:[0m [2mconsensus_core::commit_observer[0m[2m:[0m [2mconsensus/core/src/commit_observer.rs[0m[2m:[0m[2m173:[0m Consensus commit C327(0eFT) with leader B337(B,pmfB) has 3 blocks
[2m2025-03-25T07:56:26.426719Z[0m [32m INFO[0m [1mnode[0m[1m{[0m[3mname[0m[2m=[0mk#8dcff6d1..[1m}[0m[2m:[0m [2msui_core::consensus_handler[0m[2m:[0m [2mcrates/sui-core/src/consensus_handler.rs[0m[2m:[0m[2m232:[0m Received consensus output [3mconsensus_commit[0m[2m=[0mCommittedSubDag(leader=B337(B,pmfB), ref=C327(0eFT), blocks=[x+PL, PoX7, pmfB]) [3mepoch[0m[2m=[0m1
[2m2025-03-25T07:56:26.426719Z[0m [32m INFO[0m [1mnode[0m[1m{[0m[3mname[0m[2m=[0mk#99f25ef6..[1m}[0m[2m:[0m [2msui_core::consensus_handler[0m[2m:[0m [2mcrates/sui-core/src/consensus_handler.rs[0m[2m:[0m[2m232:[0m Received consensus output [3mconsensus_commit[0m[2m=[0mCommittedSubDag(leader=B337(B,pmfB), ref=C327(0eFT), blocks=[x+PL, PoX7, pmfB]) [3mepoch[0m[2m=[0m1
[2m2025-03-25T07:56:26.430432Z[0m [32m INFO[0m [1mnode[0m[1m{[0m[3mname[0m[2m=[0mk#addeef94..[1m}[0m[2m:[0m [2mconsensus_core::core[0m[2m:[0m [2mconsensus/core/src/core.rs[0m[2m:[0m[2m630:[0m Committing 1 leaders: B337(B,pmfB)
[2m2025-03-25T07:56:26.430527Z[0m [32m INFO[0m [1mnode[0m[1m{[0m[3mname[0m[2m=[0mk#addeef94..[1m}[0m[2m:[0m [2mconsensus_core::commit_observer[0m[2m:[0m [2mconsensus/core/src/commit_observer.rs[0m[2m:[0m[2m173:[0m Consensus commit C327(0eFT) with leader B337(B,pmfB) has 3 blocks
[2m2025-03-25T07:56:26.430655Z[0m [32m INFO[0m [1mnode[0m[1m{[0m[3mname[0m[2m=[0mk#addeef94..[1m}[0m[2m:[0m [2msui_core::consensus_handler[0m[2m:[0m [2mcrates/sui-core/src/consensus_handler.rs[0m[2m:[0m[2m232:[0m Received consensus output [3mconsensus_commit[0m[2m=[0mCommittedSubDag(leader=B337(B,pmfB), ref=C327(0eFT), blocks=[x+PL, PoX7, pmfB]) [3mepoch[0m[2m=[0m1
[2m2025-03-25T07:56:26.453374Z[0m [32m INFO[0m [1mnode[0m[1m{[0m[3mname[0m[2m=[0mk#8dcff6d1..[1m}[0m[2m:[0m [2msui_core::checkpoints[0m[2m:[0m [2mcrates/sui-core/src/checkpoints/mod.rs[0m[2m:[0m[2m1326:[0m Creating checkpoint(s) for 2 transactions [3mnext_checkpoint_seq[0m[2m=[0m540 [3mcheckpoint_timestamp[0m[2m=[0m1742889385914
[2m2025-03-25T07:56:26.453465Z[0m [32m INFO[0m [1mnode[0m[1m{[0m[3mname[0m[2m=[0mk#99f25ef6..[1m}[0m[2m:[0m [2msui_core::checkpoints[0m[2m:[0m [2mcrates/sui-core/src/checkpoints/mod.rs[0m[2m:[0m[2m1326:[0m Creating checkpoint(s) for 2 transactions [3mnext_checkpoint_seq[0m[2m=[0m540 [3mcheckpoint_timestamp[0m[2m=[0m1742889385914
[2m2025-03-25T07:56:26.453679Z[0m [32m INFO[0m [1mnode[0m[1m{[0m[3mname[0m[2m=[0mk#8dcff6d1..[1m}[0m[2m:[0m [2msui_core::checkpoints::checkpoint_output[0m[2m:[0m [2mcrates/sui-core/src/checkpoints/checkpoint_output.rs[0m[2m:[0m[2m149:[0m Creating checkpoint CheckpointDigest(7RzFFK3fT4o8km8ac2P2P11Jnk7Qch6WPq1Jfa6wpt3G) at epoch 1, sequence 540, previous digest Some(CheckpointDigest(iCtAufM1GFyvZTA7HXZGcRZqLjXHTaBSHitRxdbEk3w)), transactions count 2, content digest CheckpointContentsDigest(6NpMs44qhP8dRCSqGXBR4X8FrK3KLnKKL796RmVRgEzt), end_of_epoch_data None
[2m2025-03-25T07:56:26.453710Z[0m [32m INFO[0m [1mnode[0m[1m{[0m[3mname[0m[2m=[0mk#99f25ef6..[1m}[0m[2m:[0m [2msui_core::checkpoints::checkpoint_output[0m[2m:[0m [2mcrates/sui-core/src/checkpoints/checkpoint_output.rs[0m[2m:[0m[2m149:[0m Creating checkpoint CheckpointDigest(7RzFFK3fT4o8km8ac2P2P11Jnk7Qch6WPq1Jfa6wpt3G) at epoch 1, sequence 540, previous digest Some(CheckpointDigest(iCtAufM1GFyvZTA7HXZGcRZqLjXHTaBSHitRxdbEk3w)), transactions count 2, content digest CheckpointContentsDigest(6NpMs44qhP8dRCSqGXBR4X8FrK3KLnKKL796RmVRgEzt), end_of_epoch_data None
[2m2025-03-25T07:56:26.456613Z[0m [32m INFO[0m [1mnode[0m[1m{[0m[3mname[0m[2m=[0mk#addeef94..[1m}[0m[2m:[0m [2msui_core::checkpoints[0m[2m:[0m [2mcrates/sui-core/src/checkpoints/mod.rs[0m[2m:[0m[2m1326:[0m Creating checkpoint(s) for 2 transactions [3mnext_checkpoint_seq[0m[2m=[0m540 [3mcheckpoint_timestamp[0m[2m=[0m1742889385914
[2m2025-03-25T07:56:26.456704Z[0m [32m INFO[0m [1mnode[0m[1m{[0m[3mname[0m[2m=[0mk#99f25ef6..[1m}[0m[2m:[0m [2msui_core::checkpoints::checkpoint_output[0m[2m:[0m [2mcrates/sui-core/src/checkpoints/checkpoint_output.rs[0m[2m:[0m[2m196:[0m Certified checkpoint with sequence 539 and digest iCtAufM1GFyvZTA7HXZGcRZqLjXHTaBSHitRxdbEk3w
[2m2025-03-25T07:56:26.456768Z[0m [32m INFO[0m [1mnode[0m[1m{[0m[3mname[0m[2m=[0mk#8dcff6d1..[1m}[0m[2m:[0m [2msui_core::checkpoints::checkpoint_output[0m[2m:[0m [2mcrates/sui-core/src/checkpoints/checkpoint_output.rs[0m[2m:[0m[2m196:[0m Certified checkpoint with sequence 539 and digest iCtAufM1GFyvZTA7HXZGcRZqLjXHTaBSHitRxdbEk3w
[2m2025-03-25T07:56:26.456865Z[0m [32m INFO[0m [1mnode[0m[1m{[0m[3mname[0m[2m=[0mk#addeef94..[1m}[0m[2m:[0m [2msui_core::checkpoints::checkpoint_output[0m[2m:[0m [2mcrates/sui-core/src/checkpoints/checkpoint_output.rs[0m[2m:[0m[2m149:[0m Creating checkpoint CheckpointDigest(7RzFFK3fT4o8km8ac2P2P11Jnk7Qch6WPq1Jfa6wpt3G) at epoch 1, sequence 540, previous digest Some(CheckpointDigest(iCtAufM1GFyvZTA7HXZGcRZqLjXHTaBSHitRxdbEk3w)), transactions count 2, content digest CheckpointContentsDigest(6NpMs44qhP8dRCSqGXBR4X8FrK3KLnKKL796RmVRgEzt), end_of_epoch_data None
[2m2025-03-25T07:56:26.457118Z[0m [32m INFO[0m [1mnode[0m[1m{[0m[3mname[0m[2m=[0mk#8dcff6d1..[1m}[0m[2m:[0m [2msui_core::checkpoints::checkpoint_executor[0m[2m:[0m [2mcrates/sui-core/src/checkpoints/checkpoint_executor/mod.rs[0m[2m:[0m[2m332:[0m Received checkpoint summary from state sync [3msequence_number[0m[2m=[0m539
[2m2025-03-25T07:56:26.457118Z[0m [32m INFO[0m [1mnode[0m[1m{[0m[3mname[0m[2m=[0mk#99f25ef6..[1m}[0m[2m:[0m [2msui_core::checkpoints::checkpoint_executor[0m[2m:[0m [2mcrates/sui-core/src/checkpoints/checkpoint_executor/mod.rs[0m[2m:[0m[2m332:[0m Received checkpoint summary from state sync [3msequence_number[0m[2m=[0m539
[2m2025-03-25T07:56:26.458265Z[0m [32m INFO[0m [1mnode[0m[1m{[0m[3mname[0m[2m=[0mk#99f25ef6..[1m}[0m[2m:[0m [2msui_core::state_accumulator[0m[2m:[0m [2mcrates/sui-core/src/state_accumulator.rs[0m[2m:[0m[2m675:[0m accumulating running root for checkpoint 539
[2m2025-03-25T07:56:26.458266Z[0m [32m INFO[0m [1mnode[0m[1m{[0m[3mname[0m[2m=[0mk#8dcff6d1..[1m}[0m[2m:[0m [2msui_core::state_accumulator[0m[2m:[0m [2mcrates/sui-core/src/state_accumulator.rs[0m[2m:[0m[2m675:[0m accumulating running root for checkpoint 539
[2m2025-03-25T07:56:26.460426Z[0m [32m INFO[0m [1mnode[0m[1m{[0m[3mname[0m[2m=[0mk#addeef94..[1m}[0m[2m:[0m [2msui_core::checkpoints::checkpoint_executor[0m[2m:[0m [2mcrates/sui-core/src/checkpoints/checkpoint_executor/mod.rs[0m[2m:[0m[2m332:[0m Received checkpoint summary from state sync [3msequence_number[0m[2m=[0m539
[2m2025-03-25T07:56:26.461150Z[0m [32m INFO[0m [1mnode[0m[1m{[0m[3mname[0m[2m=[0mk#addeef94..[1m}[0m[2m:[0m [2msui_core::state_accumulator[0m[2m:[0m [2mcrates/sui-core/src/state_accumulator.rs[0m[2m:[0m[2m675:[0m accumulating running root for checkpoint 539
[2m2025-03-25T07:56:26.521623Z[0m [32m INFO[0m [1mnode[0m[1m{[0m[3mname[0m[2m=[0mk#b3f3cbb4..[1m}[0m[2m:[0m[1mjson-rpc-request[0m[2m:[0m[1mdev_inspect_transaction_block[0m[1m{[0m[3msender_address[0m[2m=[0m0x0000000000000000000000000000000000000000000000000000000000000000 [3mtx_bytes[0m[2m=[0mBase64("AAMBAQAAAAAAAAAAAAAAAAAAAAAAAAAAAAAAAAAAAAAAAAAJAQAAAAAAAAABAAECAAgAAAAAAAAAAAEAAAAAAAAAAAAAAAAAAAAAAAAAAAAAAAAAAAAAAAAAAAsGYnJpZGdlIGdldF90b2tlbl90cmFuc2Zlcl9hY3Rpb25fc3RhdHVzAAMBAAABAQABAgA=") [3mgas_price[0m[2m=[0mNone [3m_epoch[0m[2m=[0mNone [3madditional_args[0m[2m=[0mNone[1m}[0m[2m:[0m [2msui_json_rpc::transaction_execution_api[0m[2m:[0m [2mcrates/sui-json-rpc/src/transaction_execution_api.rs[0m[2m:[0m[2m351:[0m RPC took longer than threshold to complete. [3melapsed[0m[2m=[0m1.535644625s
[2m2025-03-25T07:56:26.522554Z[0m [32m INFO[0m [2msui_bridge::e2e_tests::test_utils[0m[2m:[0m [2mcrates/sui-bridge/src/e2e_tests/test_utils.rs[0m[2m:[0m[2m1452:[0m get_token_transfer_action_onchain_status_until_success took 2.257852542s, status: Pending
[2m2025-03-25T07:56:26.523073Z[0m [32m INFO[0m [1mobservable[0m[1m{[0m[3mname[0m[2m=[0m"SuiBridgeStatus"[1m}[0m[2m:[0m [2msui_bridge::sui_bridge_watchdog::sui_bridge_status[0m[2m:[0m [2mcrates/sui-bridge/src/sui_bridge_watchdog/sui_bridge_status.rs[0m[2m:[0m[2m37:[0m Sui Bridge Status: false
[2m2025-03-25T07:56:26.611737Z[0m [32m INFO[0m [1mnode[0m[1m{[0m[3mname[0m[2m=[0mk#b3f3cbb4..[1m}[0m[2m:[0m [2msui_core::state_accumulator[0m[2m:[0m [2mcrates/sui-core/src/state_accumulator.rs[0m[2m:[0m[2m675:[0m accumulating running root for checkpoint 503
[2m2025-03-25T07:56:26.614212Z[0m [32m INFO[0m [1mobservable[0m[1m{[0m[3mname[0m[2m=[0m"SuiBridgeStatus"[1m}[0m[2m:[0m [2msui_bridge::sui_bridge_watchdog::sui_bridge_status[0m[2m:[0m [2mcrates/sui-bridge/src/sui_bridge_watchdog/sui_bridge_status.rs[0m[2m:[0m[2m37:[0m Sui Bridge Status: false
[2m2025-03-25T07:56:26.614568Z[0m [32m INFO[0m [1mobservable[0m[1m{[0m[3mname[0m[2m=[0m"SuiBridgeStatus"[1m}[0m[2m:[0m [2msui_bridge::sui_bridge_watchdog::sui_bridge_status[0m[2m:[0m [2mcrates/sui-bridge/src/sui_bridge_watchdog/sui_bridge_status.rs[0m[2m:[0m[2m37:[0m Sui Bridge Status: false
[2m2025-03-25T07:56:26.626470Z[0m [32m INFO[0m [1mnode[0m[1m{[0m[3mname[0m[2m=[0mk#b3f3cbb4..[1m}[0m[2m:[0m [2msui_core::state_accumulator[0m[2m:[0m [2mcrates/sui-core/src/state_accumulator.rs[0m[2m:[0m[2m675:[0m accumulating running root for checkpoint 504
[2m2025-03-25T07:56:26.626728Z[0m [32m INFO[0m [1mnode[0m[1m{[0m[3mname[0m[2m=[0mk#b3f3cbb4..[1m}[0m[2m:[0m [2msui_core::checkpoints::checkpoint_executor[0m[2m:[0m [2mcrates/sui-core/src/checkpoints/checkpoint_executor/mod.rs[0m[2m:[0m[2m332:[0m Received checkpoint summary from state sync [3msequence_number[0m[2m=[0m513
[2m2025-03-25T07:56:26.679311Z[0m [32m INFO[0m [1mnode[0m[1m{[0m[3mname[0m[2m=[0mk#99f25ef6..[1m}[0m[2m:[0m [2mconsensus_core::core[0m[2m:[0m [2mconsensus/core/src/core.rs[0m[2m:[0m[2m945:[0m Included 3 ancestors & excluded 0 ancestors for proposal in round 340
[2m2025-03-25T07:56:26.679681Z[0m [32m INFO[0m [1mnode[0m[1m{[0m[3mname[0m[2m=[0mk#99f25ef6..[1m}[0m[2m:[0m [2mconsensus_core::core[0m[2m:[0m [2mconsensus/core/src/core.rs[0m[2m:[0m[2m531:[0m Created block B340(B,8v0cCcaJZUfs98dQjawQaN/wmb7UUg6qhzN+fSqLyZg=)(1742889386679ms;[B339(B,bC/3GOrCDIgs046MlKxpXGRZrC+88UtZkUV4JYvNg/Y=), B339(A,1NqKAnnOU/5kv0p6M0svA1uxYyhOwMsQRP/YYY/Vduc=), B339(C,aqIV+f4K0YTtPfG402g3mZ18evq+ut4WJXRHZ8tOk+w=)];1t;1c) for round 340
[2m2025-03-25T07:56:26.679868Z[0m [32m INFO[0m [1mnode[0m[1m{[0m[3mname[0m[2m=[0mk#8dcff6d1..[1m}[0m[2m:[0m [2mconsensus_core::core[0m[2m:[0m [2mconsensus/core/src/core.rs[0m[2m:[0m[2m945:[0m Included 3 ancestors & excluded 0 ancestors for proposal in round 340
[2m2025-03-25T07:56:26.680174Z[0m [32m INFO[0m [1mnode[0m[1m{[0m[3mname[0m[2m=[0mk#8dcff6d1..[1m}[0m[2m:[0m [2mconsensus_core::core[0m[2m:[0m [2mconsensus/core/src/core.rs[0m[2m:[0m[2m531:[0m Created block B340(A,VxQkfa742QxOKpZiwevx3K4Vw7eCFGhATTqkOrfkCDE=)(1742889386680ms;[B339(A,1NqKAnnOU/5kv0p6M0svA1uxYyhOwMsQRP/YYY/Vduc=), B339(B,bC/3GOrCDIgs046MlKxpXGRZrC+88UtZkUV4JYvNg/Y=), B339(C,aqIV+f4K0YTtPfG402g3mZ18evq+ut4WJXRHZ8tOk+w=)];1t;1c) for round 340
[2m2025-03-25T07:56:26.683011Z[0m [32m INFO[0m [1mnode[0m[1m{[0m[3mname[0m[2m=[0mk#addeef94..[1m}[0m[2m:[0m [2mconsensus_core::core[0m[2m:[0m [2mconsensus/core/src/core.rs[0m[2m:[0m[2m945:[0m Included 3 ancestors & excluded 0 ancestors for proposal in round 340
[2m2025-03-25T07:56:26.683324Z[0m [32m INFO[0m [1mnode[0m[1m{[0m[3mname[0m[2m=[0mk#addeef94..[1m}[0m[2m:[0m [2mconsensus_core::core[0m[2m:[0m [2mconsensus/core/src/core.rs[0m[2m:[0m[2m531:[0m Created block B340(C,KOg75gf+N4S3CZsHyVbbd0nflPwW2TVuvGA/0XXTMDs=)(1742889386683ms;[B339(C,aqIV+f4K0YTtPfG402g3mZ18evq+ut4WJXRHZ8tOk+w=), B339(A,1NqKAnnOU/5kv0p6M0svA1uxYyhOwMsQRP/YYY/Vduc=), B339(B,bC/3GOrCDIgs046MlKxpXGRZrC+88UtZkUV4JYvNg/Y=)];1t;1c) for round 340
[2m2025-03-25T07:56:26.683393Z[0m [32m INFO[0m [1mnode[0m[1m{[0m[3mname[0m[2m=[0mk#addeef94..[1m}[0m[2m:[0m [2mconsensus_core::core[0m[2m:[0m [2mconsensus/core/src/core.rs[0m[2m:[0m[2m630:[0m Committing 1 leaders: B338(A,U1V6)
[2m2025-03-25T07:56:26.683464Z[0m [32m INFO[0m [1mnode[0m[1m{[0m[3mname[0m[2m=[0mk#addeef94..[1m}[0m[2m:[0m [2mconsensus_core::commit_observer[0m[2m:[0m [2mconsensus/core/src/commit_observer.rs[0m[2m:[0m[2m173:[0m Consensus commit C328(ILjl) with leader B338(A,U1V6) has 3 blocks
[2m2025-03-25T07:56:26.683549Z[0m [32m INFO[0m [1mnode[0m[1m{[0m[3mname[0m[2m=[0mk#addeef94..[1m}[0m[2m:[0m [2msui_core::consensus_handler[0m[2m:[0m [2mcrates/sui-core/src/consensus_handler.rs[0m[2m:[0m[2m232:[0m Received consensus output [3mconsensus_commit[0m[2m=[0mCommittedSubDag(leader=B338(A,U1V6), ref=C328(ILjl), blocks=[7Z2U, oZxQ, U1V6]) [3mepoch[0m[2m=[0m1
[2m2025-03-25T07:56:26.686581Z[0m [32m INFO[0m [1mnode[0m[1m{[0m[3mname[0m[2m=[0mk#99f25ef6..[1m}[0m[2m:[0m [2msui_core::checkpoints::checkpoint_output[0m[2m:[0m [2mcrates/sui-core/src/checkpoints/checkpoint_output.rs[0m[2m:[0m[2m196:[0m Certified checkpoint with sequence 540 and digest 7RzFFK3fT4o8km8ac2P2P11Jnk7Qch6WPq1Jfa6wpt3G
[2m2025-03-25T07:56:26.686612Z[0m [32m INFO[0m [1mnode[0m[1m{[0m[3mname[0m[2m=[0mk#8dcff6d1..[1m}[0m[2m:[0m [2msui_core::checkpoints::checkpoint_output[0m[2m:[0m [2mcrates/sui-core/src/checkpoints/checkpoint_output.rs[0m[2m:[0m[2m196:[0m Certified checkpoint with sequence 540 and digest 7RzFFK3fT4o8km8ac2P2P11Jnk7Qch6WPq1Jfa6wpt3G
[2m2025-03-25T07:56:26.686685Z[0m [32m INFO[0m [1mnode[0m[1m{[0m[3mname[0m[2m=[0mk#99f25ef6..[1m}[0m[2m:[0m [2mconsensus_core::core[0m[2m:[0m [2mconsensus/core/src/core.rs[0m[2m:[0m[2m630:[0m Committing 1 leaders: B338(A,U1V6)
[2m2025-03-25T07:56:26.686710Z[0m [32m INFO[0m [1mnode[0m[1m{[0m[3mname[0m[2m=[0mk#8dcff6d1..[1m}[0m[2m:[0m [2mconsensus_core::core[0m[2m:[0m [2mconsensus/core/src/core.rs[0m[2m:[0m[2m630:[0m Committing 1 leaders: B338(A,U1V6)
[2m2025-03-25T07:56:26.686786Z[0m [32m INFO[0m [1mnode[0m[1m{[0m[3mname[0m[2m=[0mk#99f25ef6..[1m}[0m[2m:[0m [2mconsensus_core::commit_observer[0m[2m:[0m [2mconsensus/core/src/commit_observer.rs[0m[2m:[0m[2m173:[0m Consensus commit C328(ILjl) with leader B338(A,U1V6) has 3 blocks
[2m2025-03-25T07:56:26.686805Z[0m [32m INFO[0m [1mnode[0m[1m{[0m[3mname[0m[2m=[0mk#8dcff6d1..[1m}[0m[2m:[0m [2mconsensus_core::commit_observer[0m[2m:[0m [2mconsensus/core/src/commit_observer.rs[0m[2m:[0m[2m173:[0m Consensus commit C328(ILjl) with leader B338(A,U1V6) has 3 blocks
[2m2025-03-25T07:56:26.687194Z[0m [32m INFO[0m [1mnode[0m[1m{[0m[3mname[0m[2m=[0mk#99f25ef6..[1m}[0m[2m:[0m [2msui_core::consensus_handler[0m[2m:[0m [2mcrates/sui-core/src/consensus_handler.rs[0m[2m:[0m[2m232:[0m Received consensus output [3mconsensus_commit[0m[2m=[0mCommittedSubDag(leader=B338(A,U1V6), ref=C328(ILjl), blocks=[7Z2U, oZxQ, U1V6]) [3mepoch[0m[2m=[0m1
[2m2025-03-25T07:56:26.687195Z[0m [32m INFO[0m [1mnode[0m[1m{[0m[3mname[0m[2m=[0mk#8dcff6d1..[1m}[0m[2m:[0m [2msui_core::consensus_handler[0m[2m:[0m [2mcrates/sui-core/src/consensus_handler.rs[0m[2m:[0m[2m232:[0m Received consensus output [3mconsensus_commit[0m[2m=[0mCommittedSubDag(leader=B338(A,U1V6), ref=C328(ILjl), blocks=[7Z2U, oZxQ, U1V6]) [3mepoch[0m[2m=[0m1
[2m2025-03-25T07:56:26.687791Z[0m [32m INFO[0m [1mnode[0m[1m{[0m[3mname[0m[2m=[0mk#8dcff6d1..[1m}[0m[2m:[0m [2msui_core::checkpoints::checkpoint_executor[0m[2m:[0m [2mcrates/sui-core/src/checkpoints/checkpoint_executor/mod.rs[0m[2m:[0m[2m332:[0m Received checkpoint summary from state sync [3msequence_number[0m[2m=[0m540
[2m2025-03-25T07:56:26.687791Z[0m [32m INFO[0m [1mnode[0m[1m{[0m[3mname[0m[2m=[0mk#99f25ef6..[1m}[0m[2m:[0m [2msui_core::checkpoints::checkpoint_executor[0m[2m:[0m [2mcrates/sui-core/src/checkpoints/checkpoint_executor/mod.rs[0m[2m:[0m[2m332:[0m Received checkpoint summary from state sync [3msequence_number[0m[2m=[0m540
[2m2025-03-25T07:56:26.701351Z[0m [32m INFO[0m [1mnode[0m[1m{[0m[3mname[0m[2m=[0mk#99f25ef6..[1m}[0m[2m:[0m [2msui_core::state_accumulator[0m[2m:[0m [2mcrates/sui-core/src/state_accumulator.rs[0m[2m:[0m[2m675:[0m accumulating running root for checkpoint 540
[2m2025-03-25T07:56:26.701406Z[0m [32m INFO[0m [1mnode[0m[1m{[0m[3mname[0m[2m=[0mk#8dcff6d1..[1m}[0m[2m:[0m [2msui_core::state_accumulator[0m[2m:[0m [2mcrates/sui-core/src/state_accumulator.rs[0m[2m:[0m[2m675:[0m accumulating running root for checkpoint 540
[2m2025-03-25T07:56:26.727314Z[0m [32m INFO[0m [1mnode[0m[1m{[0m[3mname[0m[2m=[0mk#addeef94..[1m}[0m[2m:[0m [2msui_core::checkpoints[0m[2m:[0m [2mcrates/sui-core/src/checkpoints/mod.rs[0m[2m:[0m[2m1326:[0m Creating checkpoint(s) for 1 transactions [3mnext_checkpoint_seq[0m[2m=[0m541 [3mcheckpoint_timestamp[0m[2m=[0m1742889386167
[2m2025-03-25T07:56:26.727546Z[0m [32m INFO[0m [1mnode[0m[1m{[0m[3mname[0m[2m=[0mk#addeef94..[1m}[0m[2m:[0m [2msui_core::checkpoints::checkpoint_output[0m[2m:[0m [2mcrates/sui-core/src/checkpoints/checkpoint_output.rs[0m[2m:[0m[2m149:[0m Creating checkpoint CheckpointDigest(CAPuVz3TXdzWDo4UPjmj5rdP3naNaPtPBjECMVcbDG2j) at epoch 1, sequence 541, previous digest Some(CheckpointDigest(7RzFFK3fT4o8km8ac2P2P11Jnk7Qch6WPq1Jfa6wpt3G)), transactions count 1, content digest CheckpointContentsDigest(6RRKo3vVTJCQ3Zyi1avMwfZivwnP1nbwXuYwQVr7sGx5), end_of_epoch_data None
[2m2025-03-25T07:56:26.732266Z[0m [32m INFO[0m [1mnode[0m[1m{[0m[3mname[0m[2m=[0mk#99f25ef6..[1m}[0m[2m:[0m [2msui_core::checkpoints[0m[2m:[0m [2mcrates/sui-core/src/checkpoints/mod.rs[0m[2m:[0m[2m1326:[0m Creating checkpoint(s) for 1 transactions [3mnext_checkpoint_seq[0m[2m=[0m541 [3mcheckpoint_timestamp[0m[2m=[0m1742889386167
[2m2025-03-25T07:56:26.732294Z[0m [32m INFO[0m [1mnode[0m[1m{[0m[3mname[0m[2m=[0mk#8dcff6d1..[1m}[0m[2m:[0m [2msui_core::checkpoints[0m[2m:[0m [2mcrates/sui-core/src/checkpoints/mod.rs[0m[2m:[0m[2m1326:[0m Creating checkpoint(s) for 1 transactions [3mnext_checkpoint_seq[0m[2m=[0m541 [3mcheckpoint_timestamp[0m[2m=[0m1742889386167
[2m2025-03-25T07:56:26.732444Z[0m [32m INFO[0m [1mnode[0m[1m{[0m[3mname[0m[2m=[0mk#99f25ef6..[1m}[0m[2m:[0m [2msui_core::checkpoints::checkpoint_output[0m[2m:[0m [2mcrates/sui-core/src/checkpoints/checkpoint_output.rs[0m[2m:[0m[2m149:[0m Creating checkpoint CheckpointDigest(CAPuVz3TXdzWDo4UPjmj5rdP3naNaPtPBjECMVcbDG2j) at epoch 1, sequence 541, previous digest Some(CheckpointDigest(7RzFFK3fT4o8km8ac2P2P11Jnk7Qch6WPq1Jfa6wpt3G)), transactions count 1, content digest CheckpointContentsDigest(6RRKo3vVTJCQ3Zyi1avMwfZivwnP1nbwXuYwQVr7sGx5), end_of_epoch_data None
[2m2025-03-25T07:56:26.732464Z[0m [32m INFO[0m [1mnode[0m[1m{[0m[3mname[0m[2m=[0mk#8dcff6d1..[1m}[0m[2m:[0m [2msui_core::checkpoints::checkpoint_output[0m[2m:[0m [2mcrates/sui-core/src/checkpoints/checkpoint_output.rs[0m[2m:[0m[2m149:[0m Creating checkpoint CheckpointDigest(CAPuVz3TXdzWDo4UPjmj5rdP3naNaPtPBjECMVcbDG2j) at epoch 1, sequence 541, previous digest Some(CheckpointDigest(7RzFFK3fT4o8km8ac2P2P11Jnk7Qch6WPq1Jfa6wpt3G)), transactions count 1, content digest CheckpointContentsDigest(6RRKo3vVTJCQ3Zyi1avMwfZivwnP1nbwXuYwQVr7sGx5), end_of_epoch_data None
[2m2025-03-25T07:56:26.795831Z[0m [32m INFO[0m [1mnode[0m[1m{[0m[3mname[0m[2m=[0mk#addeef94..[1m}[0m[2m:[0m [2msui_core::checkpoints::checkpoint_executor[0m[2m:[0m [2mcrates/sui-core/src/checkpoints/checkpoint_executor/mod.rs[0m[2m:[0m[2m332:[0m Received checkpoint summary from state sync [3msequence_number[0m[2m=[0m540
[2m2025-03-25T07:56:26.797268Z[0m [32m INFO[0m [1mnode[0m[1m{[0m[3mname[0m[2m=[0mk#addeef94..[1m}[0m[2m:[0m [2msui_core::state_accumulator[0m[2m:[0m [2mcrates/sui-core/src/state_accumulator.rs[0m[2m:[0m[2m675:[0m accumulating running root for checkpoint 540
[2m2025-03-25T07:56:26.798856Z[0m [32m INFO[0m [1mnode[0m[1m{[0m[3mname[0m[2m=[0mk#b3f3cbb4..[1m}[0m[2m:[0m [2msui_core::checkpoints::checkpoint_executor[0m[2m:[0m [2mcrates/sui-core/src/checkpoints/checkpoint_executor/mod.rs[0m[2m:[0m[2m332:[0m Received checkpoint summary from state sync [3msequence_number[0m[2m=[0m514
[2m2025-03-25T07:56:26.799189Z[0m [32m INFO[0m [1mnode[0m[1m{[0m[3mname[0m[2m=[0mk#b3f3cbb4..[1m}[0m[2m:[0m [2msui_core::state_accumulator[0m[2m:[0m [2mcrates/sui-core/src/state_accumulator.rs[0m[2m:[0m[2m675:[0m accumulating running root for checkpoint 505
[2m2025-03-25T07:56:26.799388Z[0m [32m INFO[0m [1mnode[0m[1m{[0m[3mname[0m[2m=[0mk#b3f3cbb4..[1m}[0m[2m:[0m [2msui_core::checkpoints::checkpoint_executor[0m[2m:[0m [2mcrates/sui-core/src/checkpoints/checkpoint_executor/mod.rs[0m[2m:[0m[2m332:[0m Received checkpoint summary from state sync [3msequence_number[0m[2m=[0m515
[2m2025-03-25T07:56:26.899192Z[0m [32m INFO[0m [1mnode[0m[1m{[0m[3mname[0m[2m=[0mk#b3f3cbb4..[1m}[0m[2m:[0m [2msui_core::state_accumulator[0m[2m:[0m [2mcrates/sui-core/src/state_accumulator.rs[0m[2m:[0m[2m675:[0m accumulating running root for checkpoint 506
[2m2025-03-25T07:56:26.935968Z[0m [32m INFO[0m [1mnode[0m[1m{[0m[3mname[0m[2m=[0mk#addeef94..[1m}[0m[2m:[0m [2mconsensus_core::core[0m[2m:[0m [2mconsensus/core/src/core.rs[0m[2m:[0m[2m945:[0m Included 3 ancestors & excluded 0 ancestors for proposal in round 341
[2m2025-03-25T07:56:26.936305Z[0m [32m INFO[0m [1mnode[0m[1m{[0m[3mname[0m[2m=[0mk#addeef94..[1m}[0m[2m:[0m [2mconsensus_core::core[0m[2m:[0m [2mconsensus/core/src/core.rs[0m[2m:[0m[2m531:[0m Created block B341(C,6zlPgxerWnDB0Tt3RgnX/5PEY6XIasMmOElw1tS9YxA=)(1742889386936ms;[B340(C,KOg75gf+N4S3CZsHyVbbd0nflPwW2TVuvGA/0XXTMDs=), B340(A,VxQkfa742QxOKpZiwevx3K4Vw7eCFGhATTqkOrfkCDE=), B340(B,8v0cCcaJZUfs98dQjawQaN/wmb7UUg6qhzN+fSqLyZg=)];1t;1c) for round 341
[2m2025-03-25T07:56:26.938174Z[0m [32m INFO[0m [1mnode[0m[1m{[0m[3mname[0m[2m=[0mk#99f25ef6..[1m}[0m[2m:[0m [2mconsensus_core::core[0m[2m:[0m [2mconsensus/core/src/core.rs[0m[2m:[0m[2m945:[0m Included 3 ancestors & excluded 0 ancestors for proposal in round 341
[2m2025-03-25T07:56:26.938174Z[0m [32m INFO[0m [1mnode[0m[1m{[0m[3mname[0m[2m=[0mk#8dcff6d1..[1m}[0m[2m:[0m [2mconsensus_core::core[0m[2m:[0m [2mconsensus/core/src/core.rs[0m[2m:[0m[2m945:[0m Included 3 ancestors & excluded 0 ancestors for proposal in round 341
[2m2025-03-25T07:56:26.938464Z[0m [32m INFO[0m [1mnode[0m[1m{[0m[3mname[0m[2m=[0mk#99f25ef6..[1m}[0m[2m:[0m [2mconsensus_core::core[0m[2m:[0m [2mconsensus/core/src/core.rs[0m[2m:[0m[2m531:[0m Created block B341(B,jxDFhuTg0Uzsv0S/m0dDIF6JooCdobhFiExAvXRvQa0=)(1742889386938ms;[B340(B,8v0cCcaJZUfs98dQjawQaN/wmb7UUg6qhzN+fSqLyZg=), B340(A,VxQkfa742QxOKpZiwevx3K4Vw7eCFGhATTqkOrfkCDE=), B340(C,KOg75gf+N4S3CZsHyVbbd0nflPwW2TVuvGA/0XXTMDs=)];1t;1c) for round 341
[2m2025-03-25T07:56:26.938465Z[0m [32m INFO[0m [1mnode[0m[1m{[0m[3mname[0m[2m=[0mk#8dcff6d1..[1m}[0m[2m:[0m [2mconsensus_core::core[0m[2m:[0m [2mconsensus/core/src/core.rs[0m[2m:[0m[2m531:[0m Created block B341(A,QctbzRnRxlJqPOwzu2b2sSl9hdLj4/jZb7ekelBz/LA=)(1742889386938ms;[B340(A,VxQkfa742QxOKpZiwevx3K4Vw7eCFGhATTqkOrfkCDE=), B340(B,8v0cCcaJZUfs98dQjawQaN/wmb7UUg6qhzN+fSqLyZg=), B340(C,KOg75gf+N4S3CZsHyVbbd0nflPwW2TVuvGA/0XXTMDs=)];1t;1c) for round 341
[2m2025-03-25T07:56:26.938539Z[0m [32m INFO[0m [1mnode[0m[1m{[0m[3mname[0m[2m=[0mk#8dcff6d1..[1m}[0m[2m:[0m [2mconsensus_core::core[0m[2m:[0m [2mconsensus/core/src/core.rs[0m[2m:[0m[2m630:[0m Committing 1 leaders: B339(B,bC/3)
[2m2025-03-25T07:56:26.938539Z[0m [32m INFO[0m [1mnode[0m[1m{[0m[3mname[0m[2m=[0mk#99f25ef6..[1m}[0m[2m:[0m [2mconsensus_core::core[0m[2m:[0m [2mconsensus/core/src/core.rs[0m[2m:[0m[2m630:[0m Committing 1 leaders: B339(B,bC/3)
[2m2025-03-25T07:56:26.938611Z[0m [32m INFO[0m [1mnode[0m[1m{[0m[3mname[0m[2m=[0mk#8dcff6d1..[1m}[0m[2m:[0m [2mconsensus_core::commit_observer[0m[2m:[0m [2mconsensus/core/src/commit_observer.rs[0m[2m:[0m[2m173:[0m Consensus commit C329(DXbY) with leader B339(B,bC/3) has 3 blocks
[2m2025-03-25T07:56:26.938611Z[0m [32m INFO[0m [1mnode[0m[1m{[0m[3mname[0m[2m=[0mk#99f25ef6..[1m}[0m[2m:[0m [2mconsensus_core::commit_observer[0m[2m:[0m [2mconsensus/core/src/commit_observer.rs[0m[2m:[0m[2m173:[0m Consensus commit C329(DXbY) with leader B339(B,bC/3) has 3 blocks
[2m2025-03-25T07:56:26.938697Z[0m [32m INFO[0m [1mnode[0m[1m{[0m[3mname[0m[2m=[0mk#8dcff6d1..[1m}[0m[2m:[0m [2msui_core::consensus_handler[0m[2m:[0m [2mcrates/sui-core/src/consensus_handler.rs[0m[2m:[0m[2m232:[0m Received consensus output [3mconsensus_commit[0m[2m=[0mCommittedSubDag(leader=B339(B,bC/3), ref=C329(DXbY), blocks=[glc/, GNkl, bC/3]) [3mepoch[0m[2m=[0m1
[2m2025-03-25T07:56:26.938697Z[0m [32m INFO[0m [1mnode[0m[1m{[0m[3mname[0m[2m=[0mk#99f25ef6..[1m}[0m[2m:[0m [2msui_core::consensus_handler[0m[2m:[0m [2mcrates/sui-core/src/consensus_handler.rs[0m[2m:[0m[2m232:[0m Received consensus output [3mconsensus_commit[0m[2m=[0mCommittedSubDag(leader=B339(B,bC/3), ref=C329(DXbY), blocks=[glc/, GNkl, bC/3]) [3mepoch[0m[2m=[0m1
[2m2025-03-25T07:56:26.942279Z[0m [32m INFO[0m [1mnode[0m[1m{[0m[3mname[0m[2m=[0mk#addeef94..[1m}[0m[2m:[0m [2mconsensus_core::core[0m[2m:[0m [2mconsensus/core/src/core.rs[0m[2m:[0m[2m630:[0m Committing 1 leaders: B339(B,bC/3)
[2m2025-03-25T07:56:26.942371Z[0m [32m INFO[0m [1mnode[0m[1m{[0m[3mname[0m[2m=[0mk#addeef94..[1m}[0m[2m:[0m [2mconsensus_core::commit_observer[0m[2m:[0m [2mconsensus/core/src/commit_observer.rs[0m[2m:[0m[2m173:[0m Consensus commit C329(DXbY) with leader B339(B,bC/3) has 3 blocks
[2m2025-03-25T07:56:26.942493Z[0m [32m INFO[0m [1mnode[0m[1m{[0m[3mname[0m[2m=[0mk#addeef94..[1m}[0m[2m:[0m [2msui_core::consensus_handler[0m[2m:[0m [2mcrates/sui-core/src/consensus_handler.rs[0m[2m:[0m[2m232:[0m Received consensus output [3mconsensus_commit[0m[2m=[0mCommittedSubDag(leader=B339(B,bC/3), ref=C329(DXbY), blocks=[glc/, GNkl, bC/3]) [3mepoch[0m[2m=[0m1
[2m2025-03-25T07:56:26.965071Z[0m [32m INFO[0m [1mnode[0m[1m{[0m[3mname[0m[2m=[0mk#99f25ef6..[1m}[0m[2m:[0m [2msui_core::checkpoints[0m[2m:[0m [2mcrates/sui-core/src/checkpoints/mod.rs[0m[2m:[0m[2m1326:[0m Creating checkpoint(s) for 2 transactions [3mnext_checkpoint_seq[0m[2m=[0m542 [3mcheckpoint_timestamp[0m[2m=[0m1742889386426
[2m2025-03-25T07:56:26.965070Z[0m [32m INFO[0m [1mnode[0m[1m{[0m[3mname[0m[2m=[0mk#8dcff6d1..[1m}[0m[2m:[0m [2msui_core::checkpoints[0m[2m:[0m [2mcrates/sui-core/src/checkpoints/mod.rs[0m[2m:[0m[2m1326:[0m Creating checkpoint(s) for 2 transactions [3mnext_checkpoint_seq[0m[2m=[0m542 [3mcheckpoint_timestamp[0m[2m=[0m1742889386426
[2m2025-03-25T07:56:26.965378Z[0m [32m INFO[0m [1mnode[0m[1m{[0m[3mname[0m[2m=[0mk#99f25ef6..[1m}[0m[2m:[0m [2msui_core::checkpoints::checkpoint_output[0m[2m:[0m [2mcrates/sui-core/src/checkpoints/checkpoint_output.rs[0m[2m:[0m[2m149:[0m Creating checkpoint CheckpointDigest(2NHirk6hdmiHT197cJSPcyJnbbtzQkvhkQXs6qUUASCW) at epoch 1, sequence 542, previous digest Some(CheckpointDigest(CAPuVz3TXdzWDo4UPjmj5rdP3naNaPtPBjECMVcbDG2j)), transactions count 2, content digest CheckpointContentsDigest(FodbeLqWWA9gmNGkkAurP1DR8ZHhTyfcSLAS9F8cx1Pc), end_of_epoch_data None
[2m2025-03-25T07:56:26.965378Z[0m [32m INFO[0m [1mnode[0m[1m{[0m[3mname[0m[2m=[0mk#8dcff6d1..[1m}[0m[2m:[0m [2msui_core::checkpoints::checkpoint_output[0m[2m:[0m [2mcrates/sui-core/src/checkpoints/checkpoint_output.rs[0m[2m:[0m[2m149:[0m Creating checkpoint CheckpointDigest(2NHirk6hdmiHT197cJSPcyJnbbtzQkvhkQXs6qUUASCW) at epoch 1, sequence 542, previous digest Some(CheckpointDigest(CAPuVz3TXdzWDo4UPjmj5rdP3naNaPtPBjECMVcbDG2j)), transactions count 2, content digest CheckpointContentsDigest(FodbeLqWWA9gmNGkkAurP1DR8ZHhTyfcSLAS9F8cx1Pc), end_of_epoch_data None
[2m2025-03-25T07:56:26.968437Z[0m [32m INFO[0m [1mnode[0m[1m{[0m[3mname[0m[2m=[0mk#addeef94..[1m}[0m[2m:[0m [2msui_core::checkpoints[0m[2m:[0m [2mcrates/sui-core/src/checkpoints/mod.rs[0m[2m:[0m[2m1326:[0m Creating checkpoint(s) for 2 transactions [3mnext_checkpoint_seq[0m[2m=[0m542 [3mcheckpoint_timestamp[0m[2m=[0m1742889386426
[2m2025-03-25T07:56:26.968475Z[0m [32m INFO[0m [1mnode[0m[1m{[0m[3mname[0m[2m=[0mk#99f25ef6..[1m}[0m[2m:[0m [2msui_core::checkpoints::checkpoint_output[0m[2m:[0m [2mcrates/sui-core/src/checkpoints/checkpoint_output.rs[0m[2m:[0m[2m196:[0m Certified checkpoint with sequence 541 and digest CAPuVz3TXdzWDo4UPjmj5rdP3naNaPtPBjECMVcbDG2j
[2m2025-03-25T07:56:26.968548Z[0m [32m INFO[0m [1mnode[0m[1m{[0m[3mname[0m[2m=[0mk#8dcff6d1..[1m}[0m[2m:[0m [2msui_core::checkpoints::checkpoint_output[0m[2m:[0m [2mcrates/sui-core/src/checkpoints/checkpoint_output.rs[0m[2m:[0m[2m196:[0m Certified checkpoint with sequence 541 and digest CAPuVz3TXdzWDo4UPjmj5rdP3naNaPtPBjECMVcbDG2j
[2m2025-03-25T07:56:26.968684Z[0m [32m INFO[0m [1mnode[0m[1m{[0m[3mname[0m[2m=[0mk#addeef94..[1m}[0m[2m:[0m [2msui_core::checkpoints::checkpoint_output[0m[2m:[0m [2mcrates/sui-core/src/checkpoints/checkpoint_output.rs[0m[2m:[0m[2m149:[0m Creating checkpoint CheckpointDigest(2NHirk6hdmiHT197cJSPcyJnbbtzQkvhkQXs6qUUASCW) at epoch 1, sequence 542, previous digest Some(CheckpointDigest(CAPuVz3TXdzWDo4UPjmj5rdP3naNaPtPBjECMVcbDG2j)), transactions count 2, content digest CheckpointContentsDigest(FodbeLqWWA9gmNGkkAurP1DR8ZHhTyfcSLAS9F8cx1Pc), end_of_epoch_data None
[2m2025-03-25T07:56:26.968894Z[0m [32m INFO[0m [1mnode[0m[1m{[0m[3mname[0m[2m=[0mk#8dcff6d1..[1m}[0m[2m:[0m [2msui_core::checkpoints::checkpoint_executor[0m[2m:[0m [2mcrates/sui-core/src/checkpoints/checkpoint_executor/mod.rs[0m[2m:[0m[2m332:[0m Received checkpoint summary from state sync [3msequence_number[0m[2m=[0m541
[2m2025-03-25T07:56:26.968894Z[0m [32m INFO[0m [1mnode[0m[1m{[0m[3mname[0m[2m=[0mk#99f25ef6..[1m}[0m[2m:[0m [2msui_core::checkpoints::checkpoint_executor[0m[2m:[0m [2mcrates/sui-core/src/checkpoints/checkpoint_executor/mod.rs[0m[2m:[0m[2m332:[0m Received checkpoint summary from state sync [3msequence_number[0m[2m=[0m541
[2m2025-03-25T07:56:26.970035Z[0m [32m INFO[0m [1mnode[0m[1m{[0m[3mname[0m[2m=[0mk#8dcff6d1..[1m}[0m[2m:[0m [2msui_core::state_accumulator[0m[2m:[0m [2mcrates/sui-core/src/state_accumulator.rs[0m[2m:[0m[2m675:[0m accumulating running root for checkpoint 541
[2m2025-03-25T07:56:26.970035Z[0m [32m INFO[0m [1mnode[0m[1m{[0m[3mname[0m[2m=[0mk#99f25ef6..[1m}[0m[2m:[0m [2msui_core::state_accumulator[0m[2m:[0m [2mcrates/sui-core/src/state_accumulator.rs[0m[2m:[0m[2m675:[0m accumulating running root for checkpoint 541
[2m2025-03-25T07:56:26.972182Z[0m [32m INFO[0m [1mnode[0m[1m{[0m[3mname[0m[2m=[0mk#addeef94..[1m}[0m[2m:[0m [2msui_core::checkpoints::checkpoint_executor[0m[2m:[0m [2mcrates/sui-core/src/checkpoints/checkpoint_executor/mod.rs[0m[2m:[0m[2m332:[0m Received checkpoint summary from state sync [3msequence_number[0m[2m=[0m541
[2m2025-03-25T07:56:26.972885Z[0m [32m INFO[0m [1mnode[0m[1m{[0m[3mname[0m[2m=[0mk#addeef94..[1m}[0m[2m:[0m [2msui_core::state_accumulator[0m[2m:[0m [2mcrates/sui-core/src/state_accumulator.rs[0m[2m:[0m[2m675:[0m accumulating running root for checkpoint 541
[2m2025-03-25T07:56:26.989326Z[0m [32m INFO[0m [1mnode[0m[1m{[0m[3mname[0m[2m=[0mk#b3f3cbb4..[1m}[0m[2m:[0m [2msui_core::state_accumulator[0m[2m:[0m [2mcrates/sui-core/src/state_accumulator.rs[0m[2m:[0m[2m675:[0m accumulating running root for checkpoint 507
[2m2025-03-25T07:56:26.989697Z[0m [32m INFO[0m [1mnode[0m[1m{[0m[3mname[0m[2m=[0mk#b3f3cbb4..[1m}[0m[2m:[0m [2msui_core::checkpoints::checkpoint_executor[0m[2m:[0m [2mcrates/sui-core/src/checkpoints/checkpoint_executor/mod.rs[0m[2m:[0m[2m332:[0m Received checkpoint summary from state sync [3msequence_number[0m[2m=[0m516
[2m2025-03-25T07:56:26.989743Z[0m [32m INFO[0m [1mnode[0m[1m{[0m[3mname[0m[2m=[0mk#b3f3cbb4..[1m}[0m[2m:[0m [2msui_core::checkpoints::checkpoint_executor[0m[2m:[0m [2mcrates/sui-core/src/checkpoints/checkpoint_executor/mod.rs[0m[2m:[0m[2m332:[0m Received checkpoint summary from state sync [3msequence_number[0m[2m=[0m517
[2m2025-03-25T07:56:26.989784Z[0m [32m INFO[0m [1mnode[0m[1m{[0m[3mname[0m[2m=[0mk#b3f3cbb4..[1m}[0m[2m:[0m [2msui_core::checkpoints::checkpoint_executor[0m[2m:[0m [2mcrates/sui-core/src/checkpoints/checkpoint_executor/mod.rs[0m[2m:[0m[2m332:[0m Received checkpoint summary from state sync [3msequence_number[0m[2m=[0m518
[2m2025-03-25T07:56:26.989823Z[0m [32m INFO[0m [1mnode[0m[1m{[0m[3mname[0m[2m=[0mk#b3f3cbb4..[1m}[0m[2m:[0m [2msui_core::checkpoints::checkpoint_executor[0m[2m:[0m [2mcrates/sui-core/src/checkpoints/checkpoint_executor/mod.rs[0m[2m:[0m[2m332:[0m Received checkpoint summary from state sync [3msequence_number[0m[2m=[0m519
[2m2025-03-25T07:56:26.989867Z[0m [32m INFO[0m [1mnode[0m[1m{[0m[3mname[0m[2m=[0mk#b3f3cbb4..[1m}[0m[2m:[0m [2msui_core::checkpoints::checkpoint_executor[0m[2m:[0m [2mcrates/sui-core/src/checkpoints/checkpoint_executor/mod.rs[0m[2m:[0m[2m332:[0m Received checkpoint summary from state sync [3msequence_number[0m[2m=[0m520
[2m2025-03-25T07:56:26.990020Z[0m [31mERROR[0m [1mnode[0m[1m{[0m[3mname[0m[2m=[0mk#b3f3cbb4..[1m}[0m[2m:[0m [2msui_core::transaction_orchestrator[0m[2m:[0m [2mcrates/sui-core/src/transaction_orchestrator.rs[0m[2m:[0m[2m138:[0m [3merror[0m[2m=[0mTransaction has non recoverable errors from at least 1/3 of validators: [(UserInputError { error: ObjectVersionUnavailableForConsumption { provided_obj_ref: (0xd7d7820b1d5a3802a2c50420aa60d9072814fcfac9e333ae55536bce5ecc4924, SequenceNumber(114), o#G6tFPuFyAAWMEecgda16xEPfTgTnxE2mborPfAPjqm3W), current_version: SequenceNumber(341) } }, 3334, [k#addeef94..])].
[2m2025-03-25T07:56:27.006387Z[0m [31mERROR[0m [1mnode[0m[1m{[0m[3mname[0m[2m=[0mk#b3f3cbb4..[1m}[0m[2m:[0m[1mjson-rpc-request[0m[2m:[0m[1mexecute_transaction_block[0m[1m{[0m[3mtx_bytes[0m[2m=[0mBase64("AAAMAAECAAgAAAAAAAAAAAAhIASpKrNcMERyIJZGlcwE39sm0AfBe/UMF48Z6suYGvyhAAEMABUU+VEOtc+UzfpAe6X8W/L50OGIerAACAQAAAAAAAAAAAgAQHoQ81oAAAABAAEBAAAAAAAAAAAAAAAAAAAAAAAAAAAAAAAAAAAAAAAAAAkBAAAAAAAAAAEBAQAAAAAAAAAAAAAAAAAAAAAAAAAAAAAAAAAAAAAAAAAGAQAAAAAAAAAAAQDX14ILHVo4AqLFBCCqYNkHKBT8+snjM65VU2vOXsxJJHIAAAAAAAAAIOBhJ4oP/L/MeEv6iLQL4aZc4ZWwUnnKxr98iBo4POnhAEMBQR/3UMxhz1pomZXOftVoGFiU7s73Qh59zTatJYlubThQHBB4L0TsLex0BdIGI6p95wO2BYqo8jW+agpgYbfzdJUBAgAAAAAAAAAAAAAAAAAAAAAAAAAAAAAAAAAAAAAAAAAACwdtZXNzYWdlG2NyZWF0ZV90b2tlbl9icmlkZ2VfbWVzc2FnZQAJAQAAAQEAAQIAAQMAAQQAAQUAAQYAAQcAAQcAAAAAAAAAAAAAAAAAAAAAAAAAAAAAAAAAAAAAAAAAAAALBmJyaWRnZRZhcHByb3ZlX3Rva2VuX3RyYW5zZmVyAAMBCAACAAABCwBP9C3ZJhKxTxCTl0FsPl02Ku5l19NFnbG4AWTx+EpZwwEFnFtlPaP2J62Ft5R6FjStMFX4GyQSW32bIxeLAUa/xlUBAAAAAAAAIDZCwiGUBBRO86kq7aAUBrawEt3oQwHtrnMk32sGJ5QjT/Qt2SYSsU8Qk5dBbD5dNiruZdfTRZ2xuAFk8fhKWcNkAAAAAAAAAADh9QUAAAAAAA==") [3msignatures[0m[2m=[0m[Base64("Afgw9XKN/B2RZYa5qvYNLl2juVPUU1PTdQ1UuRDTbhXVHN80fqxmVWOIBVRRKE2tD4R1qoW7biJ73vFlHmruIk0CeAYk1RtwfaqjNexbgIg00P1m8SbZQxvHSl8zs5cplYw=")] [3mopts[0m[2m=[0mSome(SuiTransactionBlockResponseOptions { show_input: false, show_raw_input: false, show_effects: true, show_events: true, show_object_changes: false, show_balance_changes: false, show_raw_effects: false }) [3mrequest_type[0m[2m=[0mNone[1m}[0m[2m:[0m [2msui_json_rpc::transaction_execution_api[0m[2m:[0m [2mcrates/sui-json-rpc/src/transaction_execution_api.rs[0m[2m:[0m[2m334:[0m [3merror[0m[2m=[0mQuorumDriverError(NonRecoverableTransactionError { errors: [(UserInputError { error: ObjectVersionUnavailableForConsumption { provided_obj_ref: (0xd7d7820b1d5a3802a2c50420aa60d9072814fcfac9e333ae55536bce5ecc4924, SequenceNumber(114), o#G6tFPuFyAAWMEecgda16xEPfTgTnxE2mborPfAPjqm3W), current_version: SequenceNumber(341) } }, 3334, [k#addeef94..])] })
[2m2025-03-25T07:56:27.006818Z[0m [31mERROR[0m [1mhandle_execution_task[0m[1m{[0m[3maction_key[0m[2m=[0mBridgeActionKey(0,2,0) [3mattempt_times[0m[2m=[0m0[1m}[0m[2m:[0m [2msui_bridge::action_executor[0m[2m:[0m [2mcrates/sui-bridge/src/action_executor.rs[0m[2m:[0m[2m551:[0m Sui transaction failed at signing: SuiTxFailureGeneric("RPC call failed: ErrorObject { code: ServerError(-32002), message: \"Transaction validator signing failed due to issues with transaction inputs, please review the errors and try again:\\n- Object BFCd7d7820b1d5a3802a2c50420aa60d9072814fcfac9e333ae55536bce5ecc49245409 SequenceNumber(114) o#G6tFPuFyAAWMEecgda16xEPfTgTnxE2mborPfAPjqm3W is not available for consumption, its current version: SequenceNumber(341).\", data: None }") [3maction_key[0m[2m=[0mBridgeActionKey(0,2,0) [3mtx_digest[0m[2m=[0mTransactionDigest(GDSurpEu2x2PVvpwcUqP5MTXTQ8jWoYdMxzexGq3UM9X)
[2m2025-03-25T07:56:27.006893Z[0m [32m INFO[0m [2msui_bridge::action_executor[0m[2m:[0m [2mcrates/sui-bridge/src/action_executor.rs[0m[2m:[0m[2m560:[0m Spawning future crates/sui-bridge/src/action_executor.rs:560
[2m2025-03-25T07:56:27.012563Z[0m [32m INFO[0m [1mnode[0m[1m{[0m[3mname[0m[2m=[0mk#b3f3cbb4..[1m}[0m[2m:[0m [2msui_core::state_accumulator[0m[2m:[0m [2mcrates/sui-core/src/state_accumulator.rs[0m[2m:[0m[2m675:[0m accumulating running root for checkpoint 508
[2m2025-03-25T07:56:27.012972Z[0m [32m INFO[0m [1mnode[0m[1m{[0m[3mname[0m[2m=[0mk#b3f3cbb4..[1m}[0m[2m:[0m [2msui_core::checkpoints::checkpoint_executor[0m[2m:[0m [2mcrates/sui-core/src/checkpoints/checkpoint_executor/mod.rs[0m[2m:[0m[2m332:[0m Received checkpoint summary from state sync [3msequence_number[0m[2m=[0m521
[2m2025-03-25T07:56:27.013016Z[0m [32m INFO[0m [1mnode[0m[1m{[0m[3mname[0m[2m=[0mk#b3f3cbb4..[1m}[0m[2m:[0m [2msui_core::checkpoints::checkpoint_executor[0m[2m:[0m [2mcrates/sui-core/src/checkpoints/checkpoint_executor/mod.rs[0m[2m:[0m[2m332:[0m Received checkpoint summary from state sync [3msequence_number[0m[2m=[0m522
[2m2025-03-25T07:56:27.013056Z[0m [32m INFO[0m [1mnode[0m[1m{[0m[3mname[0m[2m=[0mk#b3f3cbb4..[1m}[0m[2m:[0m [2msui_core::checkpoints::checkpoint_executor[0m[2m:[0m [2mcrates/sui-core/src/checkpoints/checkpoint_executor/mod.rs[0m[2m:[0m[2m332:[0m Received checkpoint summary from state sync [3msequence_number[0m[2m=[0m523
[2m2025-03-25T07:56:27.013094Z[0m [32m INFO[0m [1mnode[0m[1m{[0m[3mname[0m[2m=[0mk#b3f3cbb4..[1m}[0m[2m:[0m [2msui_core::checkpoints::checkpoint_executor[0m[2m:[0m [2mcrates/sui-core/src/checkpoints/checkpoint_executor/mod.rs[0m[2m:[0m[2m332:[0m Received checkpoint summary from state sync [3msequence_number[0m[2m=[0m524
[2m2025-03-25T07:56:27.013132Z[0m [32m INFO[0m [1mnode[0m[1m{[0m[3mname[0m[2m=[0mk#b3f3cbb4..[1m}[0m[2m:[0m [2msui_core::checkpoints::checkpoint_executor[0m[2m:[0m [2mcrates/sui-core/src/checkpoints/checkpoint_executor/mod.rs[0m[2m:[0m[2m332:[0m Received checkpoint summary from state sync [3msequence_number[0m[2m=[0m525
[2m2025-03-25T07:56:27.013170Z[0m [32m INFO[0m [1mnode[0m[1m{[0m[3mname[0m[2m=[0mk#b3f3cbb4..[1m}[0m[2m:[0m [2msui_core::checkpoints::checkpoint_executor[0m[2m:[0m [2mcrates/sui-core/src/checkpoints/checkpoint_executor/mod.rs[0m[2m:[0m[2m332:[0m Received checkpoint summary from state sync [3msequence_number[0m[2m=[0m526
[2m2025-03-25T07:56:27.123329Z[0m [32m INFO[0m [1mnode[0m[1m{[0m[3mname[0m[2m=[0mk#b3f3cbb4..[1m}[0m[2m:[0m [2msui_core::state_accumulator[0m[2m:[0m [2mcrates/sui-core/src/state_accumulator.rs[0m[2m:[0m[2m675:[0m accumulating running root for checkpoint 509
[2m2025-03-25T07:56:27.123811Z[0m [32m INFO[0m [1mnode[0m[1m{[0m[3mname[0m[2m=[0mk#b3f3cbb4..[1m}[0m[2m:[0m [2msui_core::checkpoints::checkpoint_executor[0m[2m:[0m [2mcrates/sui-core/src/checkpoints/checkpoint_executor/mod.rs[0m[2m:[0m[2m332:[0m Received checkpoint summary from state sync [3msequence_number[0m[2m=[0m527
[2m2025-03-25T07:56:27.123853Z[0m [32m INFO[0m [1mnode[0m[1m{[0m[3mname[0m[2m=[0mk#b3f3cbb4..[1m}[0m[2m:[0m [2msui_core::checkpoints::checkpoint_executor[0m[2m:[0m [2mcrates/sui-core/src/checkpoints/checkpoint_executor/mod.rs[0m[2m:[0m[2m332:[0m Received checkpoint summary from state sync [3msequence_number[0m[2m=[0m528
[2m2025-03-25T07:56:27.123894Z[0m [32m INFO[0m [1mnode[0m[1m{[0m[3mname[0m[2m=[0mk#b3f3cbb4..[1m}[0m[2m:[0m [2msui_core::checkpoints::checkpoint_executor[0m[2m:[0m [2mcrates/sui-core/src/checkpoints/checkpoint_executor/mod.rs[0m[2m:[0m[2m332:[0m Received checkpoint summary from state sync [3msequence_number[0m[2m=[0m529
[2m2025-03-25T07:56:27.123934Z[0m [32m INFO[0m [1mnode[0m[1m{[0m[3mname[0m[2m=[0mk#b3f3cbb4..[1m}[0m[2m:[0m [2msui_core::checkpoints::checkpoint_executor[0m[2m:[0m [2mcrates/sui-core/src/checkpoints/checkpoint_executor/mod.rs[0m[2m:[0m[2m332:[0m Received checkpoint summary from state sync [3msequence_number[0m[2m=[0m530
[2m2025-03-25T07:56:27.123973Z[0m [32m INFO[0m [1mnode[0m[1m{[0m[3mname[0m[2m=[0mk#b3f3cbb4..[1m}[0m[2m:[0m [2msui_core::checkpoints::checkpoint_executor[0m[2m:[0m [2mcrates/sui-core/src/checkpoints/checkpoint_executor/mod.rs[0m[2m:[0m[2m332:[0m Received checkpoint summary from state sync [3msequence_number[0m[2m=[0m531
[2m2025-03-25T07:56:27.124011Z[0m [32m INFO[0m [1mnode[0m[1m{[0m[3mname[0m[2m=[0mk#b3f3cbb4..[1m}[0m[2m:[0m [2msui_core::checkpoints::checkpoint_executor[0m[2m:[0m [2mcrates/sui-core/src/checkpoints/checkpoint_executor/mod.rs[0m[2m:[0m[2m332:[0m Received checkpoint summary from state sync [3msequence_number[0m[2m=[0m532
[2m2025-03-25T07:56:27.124049Z[0m [32m INFO[0m [1mnode[0m[1m{[0m[3mname[0m[2m=[0mk#b3f3cbb4..[1m}[0m[2m:[0m [2msui_core::checkpoints::checkpoint_executor[0m[2m:[0m [2mcrates/sui-core/src/checkpoints/checkpoint_executor/mod.rs[0m[2m:[0m[2m332:[0m Received checkpoint summary from state sync [3msequence_number[0m[2m=[0m533
[2m2025-03-25T07:56:27.124086Z[0m [32m INFO[0m [1mnode[0m[1m{[0m[3mname[0m[2m=[0mk#b3f3cbb4..[1m}[0m[2m:[0m [2msui_core::checkpoints::checkpoint_executor[0m[2m:[0m [2mcrates/sui-core/src/checkpoints/checkpoint_executor/mod.rs[0m[2m:[0m[2m332:[0m Received checkpoint summary from state sync [3msequence_number[0m[2m=[0m534
[2m2025-03-25T07:56:27.139518Z[0m [32m INFO[0m [1mnode[0m[1m{[0m[3mname[0m[2m=[0mk#b3f3cbb4..[1m}[0m[2m:[0m [2msui_core::state_accumulator[0m[2m:[0m [2mcrates/sui-core/src/state_accumulator.rs[0m[2m:[0m[2m675:[0m accumulating running root for checkpoint 510
[2m2025-03-25T07:56:27.139820Z[0m [32m INFO[0m [1mnode[0m[1m{[0m[3mname[0m[2m=[0mk#b3f3cbb4..[1m}[0m[2m:[0m [2msui_core::checkpoints::checkpoint_executor[0m[2m:[0m [2mcrates/sui-core/src/checkpoints/checkpoint_executor/mod.rs[0m[2m:[0m[2m332:[0m Received checkpoint summary from state sync [3msequence_number[0m[2m=[0m535
[2m2025-03-25T07:56:27.139862Z[0m [32m INFO[0m [1mnode[0m[1m{[0m[3mname[0m[2m=[0mk#b3f3cbb4..[1m}[0m[2m:[0m [2msui_core::checkpoints::checkpoint_executor[0m[2m:[0m [2mcrates/sui-core/src/checkpoints/checkpoint_executor/mod.rs[0m[2m:[0m[2m332:[0m Received checkpoint summary from state sync [3msequence_number[0m[2m=[0m536
[2m2025-03-25T07:56:27.139905Z[0m [32m INFO[0m [1mnode[0m[1m{[0m[3mname[0m[2m=[0mk#b3f3cbb4..[1m}[0m[2m:[0m [2msui_core::checkpoints::checkpoint_executor[0m[2m:[0m [2mcrates/sui-core/src/checkpoints/checkpoint_executor/mod.rs[0m[2m:[0m[2m332:[0m Received checkpoint summary from state sync [3msequence_number[0m[2m=[0m537
[2m2025-03-25T07:56:27.190959Z[0m [32m INFO[0m [1mnode[0m[1m{[0m[3mname[0m[2m=[0mk#99f25ef6..[1m}[0m[2m:[0m [2mconsensus_core::core[0m[2m:[0m [2mconsensus/core/src/core.rs[0m[2m:[0m[2m945:[0m Included 3 ancestors & excluded 0 ancestors for proposal in round 342
[2m2025-03-25T07:56:27.191312Z[0m [32m INFO[0m [1mnode[0m[1m{[0m[3mname[0m[2m=[0mk#99f25ef6..[1m}[0m[2m:[0m [2mconsensus_core::core[0m[2m:[0m [2mconsensus/core/src/core.rs[0m[2m:[0m[2m531:[0m Created block B342(B,q29IT3Yi3KHeE2f+lIkP7PDHb6N/xfviaslkOCoAAG8=)(1742889387191ms;[B341(B,jxDFhuTg0Uzsv0S/m0dDIF6JooCdobhFiExAvXRvQa0=), B341(A,QctbzRnRxlJqPOwzu2b2sSl9hdLj4/jZb7ekelBz/LA=), B341(C,6zlPgxerWnDB0Tt3RgnX/5PEY6XIasMmOElw1tS9YxA=)];1t;1c) for round 342
[2m2025-03-25T07:56:27.192925Z[0m [32m INFO[0m [1mnode[0m[1m{[0m[3mname[0m[2m=[0mk#8dcff6d1..[1m}[0m[2m:[0m [2mconsensus_core::core[0m[2m:[0m [2mconsensus/core/src/core.rs[0m[2m:[0m[2m945:[0m Included 3 ancestors & excluded 0 ancestors for proposal in round 342
[2m2025-03-25T07:56:27.193219Z[0m [32m INFO[0m [1mnode[0m[1m{[0m[3mname[0m[2m=[0mk#8dcff6d1..[1m}[0m[2m:[0m [2mconsensus_core::core[0m[2m:[0m [2mconsensus/core/src/core.rs[0m[2m:[0m[2m531:[0m Created block B342(A,Acs+ry6DeAM4PIAkjAadlUwQ2V8TdRmdo/MX+sYVDGo=)(1742889387193ms;[B341(A,QctbzRnRxlJqPOwzu2b2sSl9hdLj4/jZb7ekelBz/LA=), B341(B,jxDFhuTg0Uzsv0S/m0dDIF6JooCdobhFiExAvXRvQa0=), B341(C,6zlPgxerWnDB0Tt3RgnX/5PEY6XIasMmOElw1tS9YxA=)];1t;1c) for round 342
[2m2025-03-25T07:56:27.193250Z[0m [32m INFO[0m [1mnode[0m[1m{[0m[3mname[0m[2m=[0mk#addeef94..[1m}[0m[2m:[0m [2mconsensus_core::core[0m[2m:[0m [2mconsensus/core/src/core.rs[0m[2m:[0m[2m945:[0m Included 3 ancestors & excluded 0 ancestors for proposal in round 342
[2m2025-03-25T07:56:27.193542Z[0m [32m INFO[0m [1mnode[0m[1m{[0m[3mname[0m[2m=[0mk#addeef94..[1m}[0m[2m:[0m [2mconsensus_core::core[0m[2m:[0m [2mconsensus/core/src/core.rs[0m[2m:[0m[2m531:[0m Created block B342(C,Pb/Rd9O8W9f4wZ+PUjDqvW2XMWjGIv5Akt6VdiYSWi4=)(1742889387193ms;[B341(C,6zlPgxerWnDB0Tt3RgnX/5PEY6XIasMmOElw1tS9YxA=), B341(A,QctbzRnRxlJqPOwzu2b2sSl9hdLj4/jZb7ekelBz/LA=), B341(B,jxDFhuTg0Uzsv0S/m0dDIF6JooCdobhFiExAvXRvQa0=)];1t;1c) for round 342
[2m2025-03-25T07:56:27.193612Z[0m [32m INFO[0m [1mnode[0m[1m{[0m[3mname[0m[2m=[0mk#addeef94..[1m}[0m[2m:[0m [2mconsensus_core::core[0m[2m:[0m [2mconsensus/core/src/core.rs[0m[2m:[0m[2m630:[0m Committing 1 leaders: B340(B,8v0c)
[2m2025-03-25T07:56:27.193680Z[0m [32m INFO[0m [1mnode[0m[1m{[0m[3mname[0m[2m=[0mk#addeef94..[1m}[0m[2m:[0m [2mconsensus_core::commit_observer[0m[2m:[0m [2mconsensus/core/src/commit_observer.rs[0m[2m:[0m[2m173:[0m Consensus commit C330(z9V1) with leader B340(B,8v0c) has 3 blocks
[2m2025-03-25T07:56:27.193758Z[0m [32m INFO[0m [1mnode[0m[1m{[0m[3mname[0m[2m=[0mk#addeef94..[1m}[0m[2m:[0m [2msui_core::consensus_handler[0m[2m:[0m [2mcrates/sui-core/src/consensus_handler.rs[0m[2m:[0m[2m232:[0m Received consensus output [3mconsensus_commit[0m[2m=[0mCommittedSubDag(leader=B340(B,8v0c), ref=C330(z9V1), blocks=[1NqK, aqIV, 8v0c]) [3mepoch[0m[2m=[0m1
[2m2025-03-25T07:56:27.196863Z[0m [32m INFO[0m [1mnode[0m[1m{[0m[3mname[0m[2m=[0mk#8dcff6d1..[1m}[0m[2m:[0m [2msui_core::checkpoints::checkpoint_output[0m[2m:[0m [2mcrates/sui-core/src/checkpoints/checkpoint_output.rs[0m[2m:[0m[2m196:[0m Certified checkpoint with sequence 542 and digest 2NHirk6hdmiHT197cJSPcyJnbbtzQkvhkQXs6qUUASCW
[2m2025-03-25T07:56:27.196966Z[0m [32m INFO[0m [1mnode[0m[1m{[0m[3mname[0m[2m=[0mk#8dcff6d1..[1m}[0m[2m:[0m [2mconsensus_core::core[0m[2m:[0m [2mconsensus/core/src/core.rs[0m[2m:[0m[2m630:[0m Committing 1 leaders: B340(B,8v0c)
[2m2025-03-25T07:56:27.197071Z[0m [32m INFO[0m [1mnode[0m[1m{[0m[3mname[0m[2m=[0mk#8dcff6d1..[1m}[0m[2m:[0m [2mconsensus_core::commit_observer[0m[2m:[0m [2mconsensus/core/src/commit_observer.rs[0m[2m:[0m[2m173:[0m Consensus commit C330(z9V1) with leader B340(B,8v0c) has 3 blocks
[2m2025-03-25T07:56:27.197244Z[0m [32m INFO[0m [1mnode[0m[1m{[0m[3mname[0m[2m=[0mk#99f25ef6..[1m}[0m[2m:[0m [2msui_core::checkpoints::checkpoint_output[0m[2m:[0m [2mcrates/sui-core/src/checkpoints/checkpoint_output.rs[0m[2m:[0m[2m196:[0m Certified checkpoint with sequence 542 and digest 2NHirk6hdmiHT197cJSPcyJnbbtzQkvhkQXs6qUUASCW
[2m2025-03-25T07:56:27.197338Z[0m [32m INFO[0m [1mnode[0m[1m{[0m[3mname[0m[2m=[0mk#99f25ef6..[1m}[0m[2m:[0m [2mconsensus_core::core[0m[2m:[0m [2mconsensus/core/src/core.rs[0m[2m:[0m[2m630:[0m Committing 1 leaders: B340(B,8v0c)
[2m2025-03-25T07:56:27.197440Z[0m [32m INFO[0m [1mnode[0m[1m{[0m[3mname[0m[2m=[0mk#99f25ef6..[1m}[0m[2m:[0m [2mconsensus_core::commit_observer[0m[2m:[0m [2mconsensus/core/src/commit_observer.rs[0m[2m:[0m[2m173:[0m Consensus commit C330(z9V1) with leader B340(B,8v0c) has 3 blocks
[2m2025-03-25T07:56:27.197474Z[0m [32m INFO[0m [1mnode[0m[1m{[0m[3mname[0m[2m=[0mk#8dcff6d1..[1m}[0m[2m:[0m [2msui_core::consensus_handler[0m[2m:[0m [2mcrates/sui-core/src/consensus_handler.rs[0m[2m:[0m[2m232:[0m Received consensus output [3mconsensus_commit[0m[2m=[0mCommittedSubDag(leader=B340(B,8v0c), ref=C330(z9V1), blocks=[1NqK, aqIV, 8v0c]) [3mepoch[0m[2m=[0m1
[2m2025-03-25T07:56:27.197815Z[0m [32m INFO[0m [1mnode[0m[1m{[0m[3mname[0m[2m=[0mk#99f25ef6..[1m}[0m[2m:[0m [2msui_core::consensus_handler[0m[2m:[0m [2mcrates/sui-core/src/consensus_handler.rs[0m[2m:[0m[2m232:[0m Received consensus output [3mconsensus_commit[0m[2m=[0mCommittedSubDag(leader=B340(B,8v0c), ref=C330(z9V1), blocks=[1NqK, aqIV, 8v0c]) [3mepoch[0m[2m=[0m1
[2m2025-03-25T07:56:27.198072Z[0m [32m INFO[0m [1mnode[0m[1m{[0m[3mname[0m[2m=[0mk#8dcff6d1..[1m}[0m[2m:[0m [2msui_core::checkpoints::checkpoint_executor[0m[2m:[0m [2mcrates/sui-core/src/checkpoints/checkpoint_executor/mod.rs[0m[2m:[0m[2m332:[0m Received checkpoint summary from state sync [3msequence_number[0m[2m=[0m542
[2m2025-03-25T07:56:27.198363Z[0m [32m INFO[0m [1mnode[0m[1m{[0m[3mname[0m[2m=[0mk#99f25ef6..[1m}[0m[2m:[0m [2msui_core::checkpoints::checkpoint_executor[0m[2m:[0m [2mcrates/sui-core/src/checkpoints/checkpoint_executor/mod.rs[0m[2m:[0m[2m332:[0m Received checkpoint summary from state sync [3msequence_number[0m[2m=[0m542
[2m2025-03-25T07:56:27.209031Z[0m [32m INFO[0m [2msui_bridge::action_executor[0m[2m:[0m [2mcrates/sui-bridge/src/action_executor.rs[0m[2m:[0m[2m579:[0m Re-enqueued certificate for execution
[2m2025-03-25T07:56:27.209058Z[0m [32m INFO[0m [2msui_bridge::action_executor[0m[2m:[0m [2mcrates/sui-bridge/src/action_executor.rs[0m[2m:[0m[2m560:[0m Future crates/sui-bridge/src/action_executor.rs:560 completed
[2m2025-03-25T07:56:27.209189Z[0m [32m INFO[0m [1mhandle_execution_task[0m[1m{[0m[3maction_key[0m[2m=[0mBridgeActionKey(0,2,0) [3mattempt_times[0m[2m=[0m1[1m}[0m[2m:[0m [2msui_bridge::action_executor[0m[2m:[0m [2mcrates/sui-bridge/src/action_executor.rs[0m[2m:[0m[2m481:[0m Received certified action for execution: SuiToEthBridgeAction(SuiToEthBridgeAction { sui_tx_digest: TransactionDigest(JDYZWo7pouDfQMZQ1svXm7rFiHM4Wx8n49TtVZxwEGXL), sui_tx_event_index: 0, sui_bridge_event: EmittedSuiToEthTokenBridgeV1 { nonce: 0, sui_chain_id: SuiCustom, eth_chain_id: EthCustom, sui_address: 0x04a92ab35c30447220964695cc04dfdb26d007c17bf50c178f19eacb981afca1, eth_address: 0xf9510eb5cf94cdfa407ba5fc5bf2f9d0e1887ab0, token_id: 4, amount_sui_adjusted: 100000000000000, tx_hash: [], event_idx: 0 } })
[2m2025-03-25T07:56:27.211662Z[0m [32m INFO[0m [1mnode[0m[1m{[0m[3mname[0m[2m=[0mk#99f25ef6..[1m}[0m[2m:[0m [2msui_core::state_accumulator[0m[2m:[0m [2mcrates/sui-core/src/state_accumulator.rs[0m[2m:[0m[2m675:[0m accumulating running root for checkpoint 542
[2m2025-03-25T07:56:27.211665Z[0m [32m INFO[0m [1mnode[0m[1m{[0m[3mname[0m[2m=[0mk#8dcff6d1..[1m}[0m[2m:[0m [2msui_core::state_accumulator[0m[2m:[0m [2mcrates/sui-core/src/state_accumulator.rs[0m[2m:[0m[2m675:[0m accumulating running root for checkpoint 542
[2m2025-03-25T07:56:27.222600Z[0m [32m INFO[0m [1mnode[0m[1m{[0m[3mname[0m[2m=[0mk#b3f3cbb4..[1m}[0m[2m:[0m [2msui_core::state_accumulator[0m[2m:[0m [2mcrates/sui-core/src/state_accumulator.rs[0m[2m:[0m[2m675:[0m accumulating running root for checkpoint 511
[2m2025-03-25T07:56:27.222894Z[0m [32m INFO[0m [1mnode[0m[1m{[0m[3mname[0m[2m=[0mk#b3f3cbb4..[1m}[0m[2m:[0m [2msui_core::checkpoints::checkpoint_executor[0m[2m:[0m [2mcrates/sui-core/src/checkpoints/checkpoint_executor/mod.rs[0m[2m:[0m[2m332:[0m Received checkpoint summary from state sync [3msequence_number[0m[2m=[0m538
[2m2025-03-25T07:56:27.222938Z[0m [32m INFO[0m [1mnode[0m[1m{[0m[3mname[0m[2m=[0mk#b3f3cbb4..[1m}[0m[2m:[0m [2msui_core::checkpoints::checkpoint_executor[0m[2m:[0m [2mcrates/sui-core/src/checkpoints/checkpoint_executor/mod.rs[0m[2m:[0m[2m332:[0m Received checkpoint summary from state sync [3msequence_number[0m[2m=[0m539
[2m2025-03-25T07:56:27.237437Z[0m [32m INFO[0m [1mnode[0m[1m{[0m[3mname[0m[2m=[0mk#addeef94..[1m}[0m[2m:[0m [2msui_core::checkpoints[0m[2m:[0m [2mcrates/sui-core/src/checkpoints/mod.rs[0m[2m:[0m[2m1326:[0m Creating checkpoint(s) for 1 transactions [3mnext_checkpoint_seq[0m[2m=[0m543 [3mcheckpoint_timestamp[0m[2m=[0m1742889386679
[2m2025-03-25T07:56:27.237657Z[0m [32m INFO[0m [1mnode[0m[1m{[0m[3mname[0m[2m=[0mk#addeef94..[1m}[0m[2m:[0m [2msui_core::checkpoints::checkpoint_output[0m[2m:[0m [2mcrates/sui-core/src/checkpoints/checkpoint_output.rs[0m[2m:[0m[2m149:[0m Creating checkpoint CheckpointDigest(5pDcwwE8nG6Sw4opEDmhdZzGc22iwuPXePxe2T3uNSw5) at epoch 1, sequence 543, previous digest Some(CheckpointDigest(2NHirk6hdmiHT197cJSPcyJnbbtzQkvhkQXs6qUUASCW)), transactions count 1, content digest CheckpointContentsDigest(AWLiwx4EC3dX5xEYNQ4a2XAwYhJEK7vD9PdD1AiUaHkW), end_of_epoch_data None
[2m2025-03-25T07:56:27.242492Z[0m [32m INFO[0m [1mnode[0m[1m{[0m[3mname[0m[2m=[0mk#99f25ef6..[1m}[0m[2m:[0m [2msui_core::checkpoints[0m[2m:[0m [2mcrates/sui-core/src/checkpoints/mod.rs[0m[2m:[0m[2m1326:[0m Creating checkpoint(s) for 1 transactions [3mnext_checkpoint_seq[0m[2m=[0m543 [3mcheckpoint_timestamp[0m[2m=[0m1742889386679
[2m2025-03-25T07:56:27.242528Z[0m [32m INFO[0m [1mnode[0m[1m{[0m[3mname[0m[2m=[0mk#8dcff6d1..[1m}[0m[2m:[0m [2msui_core::checkpoints[0m[2m:[0m [2mcrates/sui-core/src/checkpoints/mod.rs[0m[2m:[0m[2m1326:[0m Creating checkpoint(s) for 1 transactions [3mnext_checkpoint_seq[0m[2m=[0m543 [3mcheckpoint_timestamp[0m[2m=[0m1742889386679
[2m2025-03-25T07:56:27.242670Z[0m [32m INFO[0m [1mnode[0m[1m{[0m[3mname[0m[2m=[0mk#99f25ef6..[1m}[0m[2m:[0m [2msui_core::checkpoints::checkpoint_output[0m[2m:[0m [2mcrates/sui-core/src/checkpoints/checkpoint_output.rs[0m[2m:[0m[2m149:[0m Creating checkpoint CheckpointDigest(5pDcwwE8nG6Sw4opEDmhdZzGc22iwuPXePxe2T3uNSw5) at epoch 1, sequence 543, previous digest Some(CheckpointDigest(2NHirk6hdmiHT197cJSPcyJnbbtzQkvhkQXs6qUUASCW)), transactions count 1, content digest CheckpointContentsDigest(AWLiwx4EC3dX5xEYNQ4a2XAwYhJEK7vD9PdD1AiUaHkW), end_of_epoch_data None
[2m2025-03-25T07:56:27.242694Z[0m [32m INFO[0m [1mnode[0m[1m{[0m[3mname[0m[2m=[0mk#8dcff6d1..[1m}[0m[2m:[0m [2msui_core::checkpoints::checkpoint_output[0m[2m:[0m [2mcrates/sui-core/src/checkpoints/checkpoint_output.rs[0m[2m:[0m[2m149:[0m Creating checkpoint CheckpointDigest(5pDcwwE8nG6Sw4opEDmhdZzGc22iwuPXePxe2T3uNSw5) at epoch 1, sequence 543, previous digest Some(CheckpointDigest(2NHirk6hdmiHT197cJSPcyJnbbtzQkvhkQXs6qUUASCW)), transactions count 1, content digest CheckpointContentsDigest(AWLiwx4EC3dX5xEYNQ4a2XAwYhJEK7vD9PdD1AiUaHkW), end_of_epoch_data None
[2m2025-03-25T07:56:27.260751Z[0m [32m INFO[0m [1mnode[0m[1m{[0m[3mname[0m[2m=[0mk#addeef94..[1m}[0m[2m:[0m [2msui_core::checkpoints::checkpoint_executor[0m[2m:[0m [2mcrates/sui-core/src/checkpoints/checkpoint_executor/mod.rs[0m[2m:[0m[2m332:[0m Received checkpoint summary from state sync [3msequence_number[0m[2m=[0m542
[2m2025-03-25T07:56:27.307239Z[0m [32m INFO[0m [1mnode[0m[1m{[0m[3mname[0m[2m=[0mk#addeef94..[1m}[0m[2m:[0m [2msui_core::state_accumulator[0m[2m:[0m [2mcrates/sui-core/src/state_accumulator.rs[0m[2m:[0m[2m675:[0m accumulating running root for checkpoint 542
[2m2025-03-25T07:56:27.307343Z[0m [32m INFO[0m [1mnode[0m[1m{[0m[3mname[0m[2m=[0mk#8dcff6d1..[1m}[0m[2m:[0m [2mconsensus_core::commit_syncer[0m[2m:[0m [2mconsensus/core/src/commit_syncer.rs[0m[2m:[0m[2m196:[0m Checking to schedule fetches: synced_commit_index=330, highest_handled_index=330, highest_scheduled_index=0, quorum_commit_index=329, unhandled_commits_threshold=3200
[2m2025-03-25T07:56:27.314980Z[0m [32m INFO[0m [1mnode[0m[1m{[0m[3mname[0m[2m=[0mk#b3f3cbb4..[1m}[0m[2m:[0m [2msui_core::checkpoints::checkpoint_executor[0m[2m:[0m [2mcrates/sui-core/src/checkpoints/checkpoint_executor/mod.rs[0m[2m:[0m[2m332:[0m Received checkpoint summary from state sync [3msequence_number[0m[2m=[0m540
[2m2025-03-25T07:56:27.315497Z[0m [32m INFO[0m [1mnode[0m[1m{[0m[3mname[0m[2m=[0mk#b3f3cbb4..[1m}[0m[2m:[0m [2msui_core::state_accumulator[0m[2m:[0m [2mcrates/sui-core/src/state_accumulator.rs[0m[2m:[0m[2m675:[0m accumulating running root for checkpoint 512
[2m2025-03-25T07:56:27.327312Z[0m [32m INFO[0m [1mnode[0m[1m{[0m[3mname[0m[2m=[0mk#addeef94..[1m}[0m[2m:[0m [2mconsensus_core::commit_syncer[0m[2m:[0m [2mconsensus/core/src/commit_syncer.rs[0m[2m:[0m[2m196:[0m Checking to schedule fetches: synced_commit_index=330, highest_handled_index=330, highest_scheduled_index=0, quorum_commit_index=0, unhandled_commits_threshold=3200
[2m2025-03-25T07:56:27.330532Z[0m [32m INFO[0m [1mnode[0m[1m{[0m[3mname[0m[2m=[0mk#99f25ef6..[1m}[0m[2m:[0m [2mconsensus_core::commit_syncer[0m[2m:[0m [2mconsensus/core/src/commit_syncer.rs[0m[2m:[0m[2m196:[0m Checking to schedule fetches: synced_commit_index=330, highest_handled_index=330, highest_scheduled_index=0, quorum_commit_index=329, unhandled_commits_threshold=3200
[2m2025-03-25T07:56:27.446010Z[0m [32m INFO[0m [1mnode[0m[1m{[0m[3mname[0m[2m=[0mk#addeef94..[1m}[0m[2m:[0m [2mconsensus_core::core[0m[2m:[0m [2mconsensus/core/src/core.rs[0m[2m:[0m[2m945:[0m Included 3 ancestors & excluded 0 ancestors for proposal in round 343
[2m2025-03-25T07:56:27.446391Z[0m [32m INFO[0m [1mnode[0m[1m{[0m[3mname[0m[2m=[0mk#addeef94..[1m}[0m[2m:[0m [2mconsensus_core::core[0m[2m:[0m [2mconsensus/core/src/core.rs[0m[2m:[0m[2m531:[0m Created block B343(C,Zq+Vx9Q7tadmjCEKpajoOSM7CkEFSormISrBBDm0sgs=)(1742889387446ms;[B342(C,Pb/Rd9O8W9f4wZ+PUjDqvW2XMWjGIv5Akt6VdiYSWi4=), B342(A,Acs+ry6DeAM4PIAkjAadlUwQ2V8TdRmdo/MX+sYVDGo=), B342(B,q29IT3Yi3KHeE2f+lIkP7PDHb6N/xfviaslkOCoAAG8=)];1t;1c) for round 343
[2m2025-03-25T07:56:27.448285Z[0m [32m INFO[0m [1mnode[0m[1m{[0m[3mname[0m[2m=[0mk#99f25ef6..[1m}[0m[2m:[0m [2mconsensus_core::core[0m[2m:[0m [2mconsensus/core/src/core.rs[0m[2m:[0m[2m945:[0m Included 3 ancestors & excluded 0 ancestors for proposal in round 343
[2m2025-03-25T07:56:27.448563Z[0m [32m INFO[0m [1mnode[0m[1m{[0m[3mname[0m[2m=[0mk#99f25ef6..[1m}[0m[2m:[0m [2mconsensus_core::core[0m[2m:[0m [2mconsensus/core/src/core.rs[0m[2m:[0m[2m531:[0m Created block B343(B,6JFS0p+Ol6d1ie1cpubZi3FIr1f9JP1iAM7YbfK9IZY=)(1742889387448ms;[B342(B,q29IT3Yi3KHeE2f+lIkP7PDHb6N/xfviaslkOCoAAG8=), B342(A,Acs+ry6DeAM4PIAkjAadlUwQ2V8TdRmdo/MX+sYVDGo=), B342(C,Pb/Rd9O8W9f4wZ+PUjDqvW2XMWjGIv5Akt6VdiYSWi4=)];1t;1c) for round 343
[2m2025-03-25T07:56:27.448631Z[0m [32m INFO[0m [1mnode[0m[1m{[0m[3mname[0m[2m=[0mk#99f25ef6..[1m}[0m[2m:[0m [2mconsensus_core::core[0m[2m:[0m [2mconsensus/core/src/core.rs[0m[2m:[0m[2m630:[0m Committing 1 leaders: B341(C,6zlP)
[2m2025-03-25T07:56:27.448701Z[0m [32m INFO[0m [1mnode[0m[1m{[0m[3mname[0m[2m=[0mk#99f25ef6..[1m}[0m[2m:[0m [2mconsensus_core::commit_observer[0m[2m:[0m [2mconsensus/core/src/commit_observer.rs[0m[2m:[0m[2m173:[0m Consensus commit C331(uGzH) with leader B341(C,6zlP) has 3 blocks
[2m2025-03-25T07:56:27.448783Z[0m [32m INFO[0m [1mnode[0m[1m{[0m[3mname[0m[2m=[0mk#99f25ef6..[1m}[0m[2m:[0m [2msui_core::consensus_handler[0m[2m:[0m [2mcrates/sui-core/src/consensus_handler.rs[0m[2m:[0m[2m232:[0m Received consensus output [3mconsensus_commit[0m[2m=[0mCommittedSubDag(leader=B341(C,6zlP), ref=C331(uGzH), blocks=[VxQk, KOg7, 6zlP]) [3mepoch[0m[2m=[0m1
[2m2025-03-25T07:56:27.449404Z[0m [32m INFO[0m [1mnode[0m[1m{[0m[3mname[0m[2m=[0mk#8dcff6d1..[1m}[0m[2m:[0m [2mconsensus_core::core[0m[2m:[0m [2mconsensus/core/src/core.rs[0m[2m:[0m[2m945:[0m Included 3 ancestors & excluded 0 ancestors for proposal in round 343
[2m2025-03-25T07:56:27.449700Z[0m [32m INFO[0m [1mnode[0m[1m{[0m[3mname[0m[2m=[0mk#8dcff6d1..[1m}[0m[2m:[0m [2mconsensus_core::core[0m[2m:[0m [2mconsensus/core/src/core.rs[0m[2m:[0m[2m531:[0m Created block B343(A,o3gKsnzK+2raVR4NPIk1RbDMfna/gLwThNSqvGJ47fc=)(1742889387449ms;[B342(A,Acs+ry6DeAM4PIAkjAadlUwQ2V8TdRmdo/MX+sYVDGo=), B342(B,q29IT3Yi3KHeE2f+lIkP7PDHb6N/xfviaslkOCoAAG8=), B342(C,Pb/Rd9O8W9f4wZ+PUjDqvW2XMWjGIv5Akt6VdiYSWi4=)];1t;1c) for round 343
[2m2025-03-25T07:56:27.449765Z[0m [32m INFO[0m [1mnode[0m[1m{[0m[3mname[0m[2m=[0mk#8dcff6d1..[1m}[0m[2m:[0m [2mconsensus_core::core[0m[2m:[0m [2mconsensus/core/src/core.rs[0m[2m:[0m[2m630:[0m Committing 1 leaders: B341(C,6zlP)
[2m2025-03-25T07:56:27.449830Z[0m [32m INFO[0m [1mnode[0m[1m{[0m[3mname[0m[2m=[0mk#8dcff6d1..[1m}[0m[2m:[0m [2mconsensus_core::commit_observer[0m[2m:[0m [2mconsensus/core/src/commit_observer.rs[0m[2m:[0m[2m173:[0m Consensus commit C331(uGzH) with leader B341(C,6zlP) has 3 blocks
[2m2025-03-25T07:56:27.449911Z[0m [32m INFO[0m [1mnode[0m[1m{[0m[3mname[0m[2m=[0mk#8dcff6d1..[1m}[0m[2m:[0m [2msui_core::consensus_handler[0m[2m:[0m [2mcrates/sui-core/src/consensus_handler.rs[0m[2m:[0m[2m232:[0m Received consensus output [3mconsensus_commit[0m[2m=[0mCommittedSubDag(leader=B341(C,6zlP), ref=C331(uGzH), blocks=[VxQk, KOg7, 6zlP]) [3mepoch[0m[2m=[0m1
[2m2025-03-25T07:56:27.451056Z[0m [32m INFO[0m [1mnode[0m[1m{[0m[3mname[0m[2m=[0mk#addeef94..[1m}[0m[2m:[0m [2mconsensus_core::core[0m[2m:[0m [2mconsensus/core/src/core.rs[0m[2m:[0m[2m630:[0m Committing 1 leaders: B341(C,6zlP)
[2m2025-03-25T07:56:27.451145Z[0m [32m INFO[0m [1mnode[0m[1m{[0m[3mname[0m[2m=[0mk#addeef94..[1m}[0m[2m:[0m [2mconsensus_core::commit_observer[0m[2m:[0m [2mconsensus/core/src/commit_observer.rs[0m[2m:[0m[2m173:[0m Consensus commit C331(uGzH) with leader B341(C,6zlP) has 3 blocks
[2m2025-03-25T07:56:27.451217Z[0m [32m INFO[0m [1mnode[0m[1m{[0m[3mname[0m[2m=[0mk#addeef94..[1m}[0m[2m:[0m [2msui_core::consensus_handler[0m[2m:[0m [2mcrates/sui-core/src/consensus_handler.rs[0m[2m:[0m[2m232:[0m Received consensus output [3mconsensus_commit[0m[2m=[0mCommittedSubDag(leader=B341(C,6zlP), ref=C331(uGzH), blocks=[VxQk, KOg7, 6zlP]) [3mepoch[0m[2m=[0m1
[2m2025-03-25T07:56:27.474059Z[0m [32m INFO[0m [1mnode[0m[1m{[0m[3mname[0m[2m=[0mk#b3f3cbb4..[1m}[0m[2m:[0m [2msui_core::state_accumulator[0m[2m:[0m [2mcrates/sui-core/src/state_accumulator.rs[0m[2m:[0m[2m675:[0m accumulating running root for checkpoint 513
[2m2025-03-25T07:56:27.475068Z[0m [32m INFO[0m [1mnode[0m[1m{[0m[3mname[0m[2m=[0mk#99f25ef6..[1m}[0m[2m:[0m [2msui_core::checkpoints[0m[2m:[0m [2mcrates/sui-core/src/checkpoints/mod.rs[0m[2m:[0m[2m1326:[0m Creating checkpoint(s) for 2 transactions [3mnext_checkpoint_seq[0m[2m=[0m544 [3mcheckpoint_timestamp[0m[2m=[0m1742889386936
[2m2025-03-25T07:56:27.475368Z[0m [32m INFO[0m [1mnode[0m[1m{[0m[3mname[0m[2m=[0mk#99f25ef6..[1m}[0m[2m:[0m [2msui_core::checkpoints::checkpoint_output[0m[2m:[0m [2mcrates/sui-core/src/checkpoints/checkpoint_output.rs[0m[2m:[0m[2m149:[0m Creating checkpoint CheckpointDigest(EHY5daQRkToWoxyx1NbwciXXFuJ46Hs9b2H49crra4HR) at epoch 1, sequence 544, previous digest Some(CheckpointDigest(5pDcwwE8nG6Sw4opEDmhdZzGc22iwuPXePxe2T3uNSw5)), transactions count 2, content digest CheckpointContentsDigest(2VRXuskmw2ssTraUxHtG1pqnnfYtkYLMQHxB73nnJ12j), end_of_epoch_data None
[2m2025-03-25T07:56:27.476196Z[0m [32m INFO[0m [1mnode[0m[1m{[0m[3mname[0m[2m=[0mk#8dcff6d1..[1m}[0m[2m:[0m [2msui_core::checkpoints[0m[2m:[0m [2mcrates/sui-core/src/checkpoints/mod.rs[0m[2m:[0m[2m1326:[0m Creating checkpoint(s) for 2 transactions [3mnext_checkpoint_seq[0m[2m=[0m544 [3mcheckpoint_timestamp[0m[2m=[0m1742889386936
[2m2025-03-25T07:56:27.476460Z[0m [32m INFO[0m [1mnode[0m[1m{[0m[3mname[0m[2m=[0mk#8dcff6d1..[1m}[0m[2m:[0m [2msui_core::checkpoints::checkpoint_output[0m[2m:[0m [2mcrates/sui-core/src/checkpoints/checkpoint_output.rs[0m[2m:[0m[2m149:[0m Creating checkpoint CheckpointDigest(EHY5daQRkToWoxyx1NbwciXXFuJ46Hs9b2H49crra4HR) at epoch 1, sequence 544, previous digest Some(CheckpointDigest(5pDcwwE8nG6Sw4opEDmhdZzGc22iwuPXePxe2T3uNSw5)), transactions count 2, content digest CheckpointContentsDigest(2VRXuskmw2ssTraUxHtG1pqnnfYtkYLMQHxB73nnJ12j), end_of_epoch_data None
[2m2025-03-25T07:56:27.477055Z[0m [32m INFO[0m [1mnode[0m[1m{[0m[3mname[0m[2m=[0mk#addeef94..[1m}[0m[2m:[0m [2msui_core::checkpoints[0m[2m:[0m [2mcrates/sui-core/src/checkpoints/mod.rs[0m[2m:[0m[2m1326:[0m Creating checkpoint(s) for 2 transactions [3mnext_checkpoint_seq[0m[2m=[0m544 [3mcheckpoint_timestamp[0m[2m=[0m1742889386936
[2m2025-03-25T07:56:27.477298Z[0m [32m INFO[0m [1mnode[0m[1m{[0m[3mname[0m[2m=[0mk#addeef94..[1m}[0m[2m:[0m [2msui_core::checkpoints::checkpoint_output[0m[2m:[0m [2mcrates/sui-core/src/checkpoints/checkpoint_output.rs[0m[2m:[0m[2m149:[0m Creating checkpoint CheckpointDigest(EHY5daQRkToWoxyx1NbwciXXFuJ46Hs9b2H49crra4HR) at epoch 1, sequence 544, previous digest Some(CheckpointDigest(5pDcwwE8nG6Sw4opEDmhdZzGc22iwuPXePxe2T3uNSw5)), transactions count 2, content digest CheckpointContentsDigest(2VRXuskmw2ssTraUxHtG1pqnnfYtkYLMQHxB73nnJ12j), end_of_epoch_data None
[2m2025-03-25T07:56:27.478492Z[0m [32m INFO[0m [1mnode[0m[1m{[0m[3mname[0m[2m=[0mk#99f25ef6..[1m}[0m[2m:[0m [2msui_core::checkpoints::checkpoint_output[0m[2m:[0m [2mcrates/sui-core/src/checkpoints/checkpoint_output.rs[0m[2m:[0m[2m196:[0m Certified checkpoint with sequence 543 and digest 5pDcwwE8nG6Sw4opEDmhdZzGc22iwuPXePxe2T3uNSw5
[2m2025-03-25T07:56:27.478891Z[0m [32m INFO[0m [1mnode[0m[1m{[0m[3mname[0m[2m=[0mk#99f25ef6..[1m}[0m[2m:[0m [2msui_core::checkpoints::checkpoint_executor[0m[2m:[0m [2mcrates/sui-core/src/checkpoints/checkpoint_executor/mod.rs[0m[2m:[0m[2m332:[0m Received checkpoint summary from state sync [3msequence_number[0m[2m=[0m543
[2m2025-03-25T07:56:27.479487Z[0m [32m INFO[0m [1mnode[0m[1m{[0m[3mname[0m[2m=[0mk#8dcff6d1..[1m}[0m[2m:[0m [2msui_core::checkpoints::checkpoint_output[0m[2m:[0m [2mcrates/sui-core/src/checkpoints/checkpoint_output.rs[0m[2m:[0m[2m196:[0m Certified checkpoint with sequence 543 and digest 5pDcwwE8nG6Sw4opEDmhdZzGc22iwuPXePxe2T3uNSw5
[2m2025-03-25T07:56:27.479806Z[0m [32m INFO[0m [1mnode[0m[1m{[0m[3mname[0m[2m=[0mk#8dcff6d1..[1m}[0m[2m:[0m [2msui_core::checkpoints::checkpoint_executor[0m[2m:[0m [2mcrates/sui-core/src/checkpoints/checkpoint_executor/mod.rs[0m[2m:[0m[2m332:[0m Received checkpoint summary from state sync [3msequence_number[0m[2m=[0m543
[2m2025-03-25T07:56:27.479984Z[0m [32m INFO[0m [1mnode[0m[1m{[0m[3mname[0m[2m=[0mk#99f25ef6..[1m}[0m[2m:[0m [2msui_core::state_accumulator[0m[2m:[0m [2mcrates/sui-core/src/state_accumulator.rs[0m[2m:[0m[2m675:[0m accumulating running root for checkpoint 543
[2m2025-03-25T07:56:27.480762Z[0m [32m INFO[0m [1mnode[0m[1m{[0m[3mname[0m[2m=[0mk#8dcff6d1..[1m}[0m[2m:[0m [2msui_core::state_accumulator[0m[2m:[0m [2mcrates/sui-core/src/state_accumulator.rs[0m[2m:[0m[2m675:[0m accumulating running root for checkpoint 543
[2m2025-03-25T07:56:27.481843Z[0m [32m INFO[0m [1mnode[0m[1m{[0m[3mname[0m[2m=[0mk#addeef94..[1m}[0m[2m:[0m [2msui_core::checkpoints::checkpoint_executor[0m[2m:[0m [2mcrates/sui-core/src/checkpoints/checkpoint_executor/mod.rs[0m[2m:[0m[2m332:[0m Received checkpoint summary from state sync [3msequence_number[0m[2m=[0m543
[2m2025-03-25T07:56:27.482529Z[0m [32m INFO[0m [1mnode[0m[1m{[0m[3mname[0m[2m=[0mk#addeef94..[1m}[0m[2m:[0m [2msui_core::state_accumulator[0m[2m:[0m [2mcrates/sui-core/src/state_accumulator.rs[0m[2m:[0m[2m675:[0m accumulating running root for checkpoint 543
[2m2025-03-25T07:56:27.572317Z[0m [32m INFO[0m [1mnode[0m[1m{[0m[3mname[0m[2m=[0mk#b3f3cbb4..[1m}[0m[2m:[0m [2msui_core::state_accumulator[0m[2m:[0m [2mcrates/sui-core/src/state_accumulator.rs[0m[2m:[0m[2m675:[0m accumulating running root for checkpoint 514
[2m2025-03-25T07:56:27.572597Z[0m [32m INFO[0m [1mnode[0m[1m{[0m[3mname[0m[2m=[0mk#b3f3cbb4..[1m}[0m[2m:[0m [2msui_core::checkpoints::checkpoint_executor[0m[2m:[0m [2mcrates/sui-core/src/checkpoints/checkpoint_executor/mod.rs[0m[2m:[0m[2m332:[0m Received checkpoint summary from state sync [3msequence_number[0m[2m=[0m541
[2m2025-03-25T07:56:27.650845Z[0m [32m INFO[0m [1mnode[0m[1m{[0m[3mname[0m[2m=[0mk#b3f3cbb4..[1m}[0m[2m:[0m [2msui_core::state_accumulator[0m[2m:[0m [2mcrates/sui-core/src/state_accumulator.rs[0m[2m:[0m[2m675:[0m accumulating running root for checkpoint 515
[2m2025-03-25T07:56:27.700015Z[0m [32m INFO[0m [1mnode[0m[1m{[0m[3mname[0m[2m=[0mk#99f25ef6..[1m}[0m[2m:[0m [2mconsensus_core::core[0m[2m:[0m [2mconsensus/core/src/core.rs[0m[2m:[0m[2m945:[0m Included 3 ancestors & excluded 0 ancestors for proposal in round 344
[2m2025-03-25T07:56:27.700370Z[0m [32m INFO[0m [1mnode[0m[1m{[0m[3mname[0m[2m=[0mk#99f25ef6..[1m}[0m[2m:[0m [2mconsensus_core::core[0m[2m:[0m [2mconsensus/core/src/core.rs[0m[2m:[0m[2m531:[0m Created block B344(B,RBSnsYszNwuqpDlW25emtBjX3Dfaicrq3Kmt1MaC2ts=)(1742889387700ms;[B343(B,6JFS0p+Ol6d1ie1cpubZi3FIr1f9JP1iAM7YbfK9IZY=), B343(A,o3gKsnzK+2raVR4NPIk1RbDMfna/gLwThNSqvGJ47fc=), B343(C,Zq+Vx9Q7tadmjCEKpajoOSM7CkEFSormISrBBDm0sgs=)];1t;1c) for round 344
[2m2025-03-25T07:56:27.702256Z[0m [32m INFO[0m [1mnode[0m[1m{[0m[3mname[0m[2m=[0mk#8dcff6d1..[1m}[0m[2m:[0m [2mconsensus_core::core[0m[2m:[0m [2mconsensus/core/src/core.rs[0m[2m:[0m[2m945:[0m Included 3 ancestors & excluded 0 ancestors for proposal in round 344
[2m2025-03-25T07:56:27.702281Z[0m [32m INFO[0m [1mnode[0m[1m{[0m[3mname[0m[2m=[0mk#addeef94..[1m}[0m[2m:[0m [2mconsensus_core::core[0m[2m:[0m [2mconsensus/core/src/core.rs[0m[2m:[0m[2m945:[0m Included 3 ancestors & excluded 0 ancestors for proposal in round 344
[2m2025-03-25T07:56:27.702560Z[0m [32m INFO[0m [1mnode[0m[1m{[0m[3mname[0m[2m=[0mk#8dcff6d1..[1m}[0m[2m:[0m [2mconsensus_core::core[0m[2m:[0m [2mconsensus/core/src/core.rs[0m[2m:[0m[2m531:[0m Created block B344(A,tMrkt01mo6ZwLZLT3iPeqtJ6Lr7JMnui44jFOeI7Pxs=)(1742889387702ms;[B343(A,o3gKsnzK+2raVR4NPIk1RbDMfna/gLwThNSqvGJ47fc=), B343(B,6JFS0p+Ol6d1ie1cpubZi3FIr1f9JP1iAM7YbfK9IZY=), B343(C,Zq+Vx9Q7tadmjCEKpajoOSM7CkEFSormISrBBDm0sgs=)];1t;1c) for round 344
[2m2025-03-25T07:56:27.702571Z[0m [32m INFO[0m [1mnode[0m[1m{[0m[3mname[0m[2m=[0mk#addeef94..[1m}[0m[2m:[0m [2mconsensus_core::core[0m[2m:[0m [2mconsensus/core/src/core.rs[0m[2m:[0m[2m531:[0m Created block B344(C,tgWexmRVirMhAZdWPXvwSto2AQ9uB9yzUavr9hQ5+5w=)(1742889387702ms;[B343(C,Zq+Vx9Q7tadmjCEKpajoOSM7CkEFSormISrBBDm0sgs=), B343(A,o3gKsnzK+2raVR4NPIk1RbDMfna/gLwThNSqvGJ47fc=), B343(B,6JFS0p+Ol6d1ie1cpubZi3FIr1f9JP1iAM7YbfK9IZY=)];1t;1c) for round 344
[2m2025-03-25T07:56:27.702638Z[0m [32m INFO[0m [1mnode[0m[1m{[0m[3mname[0m[2m=[0mk#addeef94..[1m}[0m[2m:[0m [2mconsensus_core::core[0m[2m:[0m [2mconsensus/core/src/core.rs[0m[2m:[0m[2m630:[0m Committing 1 leaders: B342(A,Acs+)
[2m2025-03-25T07:56:27.702707Z[0m [32m INFO[0m [1mnode[0m[1m{[0m[3mname[0m[2m=[0mk#addeef94..[1m}[0m[2m:[0m [2mconsensus_core::commit_observer[0m[2m:[0m [2mconsensus/core/src/commit_observer.rs[0m[2m:[0m[2m173:[0m Consensus commit C332(TAiG) with leader B342(A,Acs+) has 3 blocks
[2m2025-03-25T07:56:27.702793Z[0m [32m INFO[0m [1mnode[0m[1m{[0m[3mname[0m[2m=[0mk#addeef94..[1m}[0m[2m:[0m [2msui_core::consensus_handler[0m[2m:[0m [2mcrates/sui-core/src/consensus_handler.rs[0m[2m:[0m[2m232:[0m Received consensus output [3mconsensus_commit[0m[2m=[0mCommittedSubDag(leader=B342(A,Acs+), ref=C332(TAiG), blocks=[Qctb, jxDF, Acs+]) [3mepoch[0m[2m=[0m1
[2m2025-03-25T07:56:27.705885Z[0m [32m INFO[0m [1mnode[0m[1m{[0m[3mname[0m[2m=[0mk#8dcff6d1..[1m}[0m[2m:[0m [2msui_core::checkpoints::checkpoint_output[0m[2m:[0m [2mcrates/sui-core/src/checkpoints/checkpoint_output.rs[0m[2m:[0m[2m196:[0m Certified checkpoint with sequence 544 and digest EHY5daQRkToWoxyx1NbwciXXFuJ46Hs9b2H49crra4HR
[2m2025-03-25T07:56:27.705992Z[0m [32m INFO[0m [1mnode[0m[1m{[0m[3mname[0m[2m=[0mk#8dcff6d1..[1m}[0m[2m:[0m [2mconsensus_core::core[0m[2m:[0m [2mconsensus/core/src/core.rs[0m[2m:[0m[2m630:[0m Committing 1 leaders: B342(A,Acs+)
[2m2025-03-25T07:56:27.706080Z[0m [32m INFO[0m [1mnode[0m[1m{[0m[3mname[0m[2m=[0mk#8dcff6d1..[1m}[0m[2m:[0m [2mconsensus_core::commit_observer[0m[2m:[0m [2mconsensus/core/src/commit_observer.rs[0m[2m:[0m[2m173:[0m Consensus commit C332(TAiG) with leader B342(A,Acs+) has 3 blocks
[2m2025-03-25T07:56:27.706362Z[0m [32m INFO[0m [1mnode[0m[1m{[0m[3mname[0m[2m=[0mk#99f25ef6..[1m}[0m[2m:[0m [2msui_core::checkpoints::checkpoint_output[0m[2m:[0m [2mcrates/sui-core/src/checkpoints/checkpoint_output.rs[0m[2m:[0m[2m196:[0m Certified checkpoint with sequence 544 and digest EHY5daQRkToWoxyx1NbwciXXFuJ46Hs9b2H49crra4HR
[2m2025-03-25T07:56:27.706460Z[0m [32m INFO[0m [1mnode[0m[1m{[0m[3mname[0m[2m=[0mk#99f25ef6..[1m}[0m[2m:[0m [2mconsensus_core::core[0m[2m:[0m [2mconsensus/core/src/core.rs[0m[2m:[0m[2m630:[0m Committing 1 leaders: B342(A,Acs+)
[2m2025-03-25T07:56:27.706510Z[0m [32m INFO[0m [1mnode[0m[1m{[0m[3mname[0m[2m=[0mk#8dcff6d1..[1m}[0m[2m:[0m [2msui_core::consensus_handler[0m[2m:[0m [2mcrates/sui-core/src/consensus_handler.rs[0m[2m:[0m[2m232:[0m Received consensus output [3mconsensus_commit[0m[2m=[0mCommittedSubDag(leader=B342(A,Acs+), ref=C332(TAiG), blocks=[Qctb, jxDF, Acs+]) [3mepoch[0m[2m=[0m1
[2m2025-03-25T07:56:27.706561Z[0m [32m INFO[0m [1mnode[0m[1m{[0m[3mname[0m[2m=[0mk#99f25ef6..[1m}[0m[2m:[0m [2mconsensus_core::commit_observer[0m[2m:[0m [2mconsensus/core/src/commit_observer.rs[0m[2m:[0m[2m173:[0m Consensus commit C332(TAiG) with leader B342(A,Acs+) has 3 blocks
[2m2025-03-25T07:56:27.706936Z[0m [32m INFO[0m [1mnode[0m[1m{[0m[3mname[0m[2m=[0mk#99f25ef6..[1m}[0m[2m:[0m [2msui_core::consensus_handler[0m[2m:[0m [2mcrates/sui-core/src/consensus_handler.rs[0m[2m:[0m[2m232:[0m Received consensus output [3mconsensus_commit[0m[2m=[0mCommittedSubDag(leader=B342(A,Acs+), ref=C332(TAiG), blocks=[Qctb, jxDF, Acs+]) [3mepoch[0m[2m=[0m1
[2m2025-03-25T07:56:27.707142Z[0m [32m INFO[0m [1mnode[0m[1m{[0m[3mname[0m[2m=[0mk#8dcff6d1..[1m}[0m[2m:[0m [2msui_core::checkpoints::checkpoint_executor[0m[2m:[0m [2mcrates/sui-core/src/checkpoints/checkpoint_executor/mod.rs[0m[2m:[0m[2m332:[0m Received checkpoint summary from state sync [3msequence_number[0m[2m=[0m544
[2m2025-03-25T07:56:27.707505Z[0m [32m INFO[0m [1mnode[0m[1m{[0m[3mname[0m[2m=[0mk#99f25ef6..[1m}[0m[2m:[0m [2msui_core::checkpoints::checkpoint_executor[0m[2m:[0m [2mcrates/sui-core/src/checkpoints/checkpoint_executor/mod.rs[0m[2m:[0m[2m332:[0m Received checkpoint summary from state sync [3msequence_number[0m[2m=[0m544
[2m2025-03-25T07:56:27.720727Z[0m [32m INFO[0m [1mnode[0m[1m{[0m[3mname[0m[2m=[0mk#8dcff6d1..[1m}[0m[2m:[0m [2msui_core::state_accumulator[0m[2m:[0m [2mcrates/sui-core/src/state_accumulator.rs[0m[2m:[0m[2m675:[0m accumulating running root for checkpoint 544
[2m2025-03-25T07:56:27.720726Z[0m [32m INFO[0m [1mnode[0m[1m{[0m[3mname[0m[2m=[0mk#99f25ef6..[1m}[0m[2m:[0m [2msui_core::state_accumulator[0m[2m:[0m [2mcrates/sui-core/src/state_accumulator.rs[0m[2m:[0m[2m675:[0m accumulating running root for checkpoint 544
[2m2025-03-25T07:56:27.741483Z[0m [32m INFO[0m [1mnode[0m[1m{[0m[3mname[0m[2m=[0mk#b3f3cbb4..[1m}[0m[2m:[0m [2msui_core::state_accumulator[0m[2m:[0m [2mcrates/sui-core/src/state_accumulator.rs[0m[2m:[0m[2m675:[0m accumulating running root for checkpoint 516
[2m2025-03-25T07:56:27.746747Z[0m [32m INFO[0m [1mnode[0m[1m{[0m[3mname[0m[2m=[0mk#addeef94..[1m}[0m[2m:[0m [2msui_core::checkpoints[0m[2m:[0m [2mcrates/sui-core/src/checkpoints/mod.rs[0m[2m:[0m[2m1326:[0m Creating checkpoint(s) for 1 transactions [3mnext_checkpoint_seq[0m[2m=[0m545 [3mcheckpoint_timestamp[0m[2m=[0m1742889387193
[2m2025-03-25T07:56:27.746968Z[0m [32m INFO[0m [1mnode[0m[1m{[0m[3mname[0m[2m=[0mk#addeef94..[1m}[0m[2m:[0m [2msui_core::checkpoints::checkpoint_output[0m[2m:[0m [2mcrates/sui-core/src/checkpoints/checkpoint_output.rs[0m[2m:[0m[2m149:[0m Creating checkpoint CheckpointDigest(EjCLNooJFPAmdjt5bBdg4q5tL5bCoQzyBd1og9DEJcyi) at epoch 1, sequence 545, previous digest Some(CheckpointDigest(EHY5daQRkToWoxyx1NbwciXXFuJ46Hs9b2H49crra4HR)), transactions count 1, content digest CheckpointContentsDigest(79cr7NwgQkKtEVN2mow2SWh4teapoS6NmtcVYkURSFGL), end_of_epoch_data None
[2m2025-03-25T07:56:27.752340Z[0m [32m INFO[0m [1mnode[0m[1m{[0m[3mname[0m[2m=[0mk#99f25ef6..[1m}[0m[2m:[0m [2msui_core::checkpoints[0m[2m:[0m [2mcrates/sui-core/src/checkpoints/mod.rs[0m[2m:[0m[2m1326:[0m Creating checkpoint(s) for 1 transactions [3mnext_checkpoint_seq[0m[2m=[0m545 [3mcheckpoint_timestamp[0m[2m=[0m1742889387193
[2m2025-03-25T07:56:27.752376Z[0m [32m INFO[0m [1mnode[0m[1m{[0m[3mname[0m[2m=[0mk#8dcff6d1..[1m}[0m[2m:[0m [2msui_core::checkpoints[0m[2m:[0m [2mcrates/sui-core/src/checkpoints/mod.rs[0m[2m:[0m[2m1326:[0m Creating checkpoint(s) for 1 transactions [3mnext_checkpoint_seq[0m[2m=[0m545 [3mcheckpoint_timestamp[0m[2m=[0m1742889387193
[2m2025-03-25T07:56:27.752532Z[0m [32m INFO[0m [1mnode[0m[1m{[0m[3mname[0m[2m=[0mk#99f25ef6..[1m}[0m[2m:[0m [2msui_core::checkpoints::checkpoint_output[0m[2m:[0m [2mcrates/sui-core/src/checkpoints/checkpoint_output.rs[0m[2m:[0m[2m149:[0m Creating checkpoint CheckpointDigest(EjCLNooJFPAmdjt5bBdg4q5tL5bCoQzyBd1og9DEJcyi) at epoch 1, sequence 545, previous digest Some(CheckpointDigest(EHY5daQRkToWoxyx1NbwciXXFuJ46Hs9b2H49crra4HR)), transactions count 1, content digest CheckpointContentsDigest(79cr7NwgQkKtEVN2mow2SWh4teapoS6NmtcVYkURSFGL), end_of_epoch_data None
[2m2025-03-25T07:56:27.752549Z[0m [32m INFO[0m [1mnode[0m[1m{[0m[3mname[0m[2m=[0mk#8dcff6d1..[1m}[0m[2m:[0m [2msui_core::checkpoints::checkpoint_output[0m[2m:[0m [2mcrates/sui-core/src/checkpoints/checkpoint_output.rs[0m[2m:[0m[2m149:[0m Creating checkpoint CheckpointDigest(EjCLNooJFPAmdjt5bBdg4q5tL5bCoQzyBd1og9DEJcyi) at epoch 1, sequence 545, previous digest Some(CheckpointDigest(EHY5daQRkToWoxyx1NbwciXXFuJ46Hs9b2H49crra4HR)), transactions count 1, content digest CheckpointContentsDigest(79cr7NwgQkKtEVN2mow2SWh4teapoS6NmtcVYkURSFGL), end_of_epoch_data None
[2m2025-03-25T07:56:27.770028Z[0m [32m INFO[0m [1mnode[0m[1m{[0m[3mname[0m[2m=[0mk#addeef94..[1m}[0m[2m:[0m [2msui_core::checkpoints::checkpoint_executor[0m[2m:[0m [2mcrates/sui-core/src/checkpoints/checkpoint_executor/mod.rs[0m[2m:[0m[2m332:[0m Received checkpoint summary from state sync [3msequence_number[0m[2m=[0m544
[2m2025-03-25T07:56:27.816314Z[0m [32m INFO[0m [1mnode[0m[1m{[0m[3mname[0m[2m=[0mk#addeef94..[1m}[0m[2m:[0m [2msui_core::state_accumulator[0m[2m:[0m [2mcrates/sui-core/src/state_accumulator.rs[0m[2m:[0m[2m675:[0m accumulating running root for checkpoint 544
[2m2025-03-25T07:56:27.954477Z[0m [32m INFO[0m [1mnode[0m[1m{[0m[3mname[0m[2m=[0mk#addeef94..[1m}[0m[2m:[0m [2mconsensus_core::core[0m[2m:[0m [2mconsensus/core/src/core.rs[0m[2m:[0m[2m945:[0m Included 3 ancestors & excluded 0 ancestors for proposal in round 345
[2m2025-03-25T07:56:27.954855Z[0m [32m INFO[0m [1mnode[0m[1m{[0m[3mname[0m[2m=[0mk#addeef94..[1m}[0m[2m:[0m [2mconsensus_core::core[0m[2m:[0m [2mconsensus/core/src/core.rs[0m[2m:[0m[2m531:[0m Created block B345(C,JBvmoFnC7PhFDwUNUPhQT08/Lxgi4HiIwoThg0jZqAE=)(1742889387954ms;[B344(C,tgWexmRVirMhAZdWPXvwSto2AQ9uB9yzUavr9hQ5+5w=), B344(A,tMrkt01mo6ZwLZLT3iPeqtJ6Lr7JMnui44jFOeI7Pxs=), B344(B,RBSnsYszNwuqpDlW25emtBjX3Dfaicrq3Kmt1MaC2ts=)];1t;1c) for round 345
[2m2025-03-25T07:56:27.957978Z[0m [32m INFO[0m [1mnode[0m[1m{[0m[3mname[0m[2m=[0mk#8dcff6d1..[1m}[0m[2m:[0m [2mconsensus_core::core[0m[2m:[0m [2mconsensus/core/src/core.rs[0m[2m:[0m[2m945:[0m Included 3 ancestors & excluded 0 ancestors for proposal in round 345
[2m2025-03-25T07:56:27.958275Z[0m [32m INFO[0m [1mnode[0m[1m{[0m[3mname[0m[2m=[0mk#8dcff6d1..[1m}[0m[2m:[0m [2mconsensus_core::core[0m[2m:[0m [2mconsensus/core/src/core.rs[0m[2m:[0m[2m531:[0m Created block B345(A,i+SopeiFZ6doL3HH83rkPMVHK4yJpd5MhquqYWjNwrA=)(1742889387958ms;[B344(A,tMrkt01mo6ZwLZLT3iPeqtJ6Lr7JMnui44jFOeI7Pxs=), B344(B,RBSnsYszNwuqpDlW25emtBjX3Dfaicrq3Kmt1MaC2ts=), B344(C,tgWexmRVirMhAZdWPXvwSto2AQ9uB9yzUavr9hQ5+5w=)];1t;1c) for round 345
[2m2025-03-25T07:56:27.958349Z[0m [32m INFO[0m [1mnode[0m[1m{[0m[3mname[0m[2m=[0mk#8dcff6d1..[1m}[0m[2m:[0m [2mconsensus_core::core[0m[2m:[0m [2mconsensus/core/src/core.rs[0m[2m:[0m[2m630:[0m Committing 1 leaders: B343(B,6JFS)
[2m2025-03-25T07:56:27.958424Z[0m [32m INFO[0m [1mnode[0m[1m{[0m[3mname[0m[2m=[0mk#8dcff6d1..[1m}[0m[2m:[0m [2mconsensus_core::commit_observer[0m[2m:[0m [2mconsensus/core/src/commit_observer.rs[0m[2m:[0m[2m173:[0m Consensus commit C333(JVa7) with leader B343(B,6JFS) has 3 blocks
[2m2025-03-25T07:56:27.958514Z[0m [32m INFO[0m [1mnode[0m[1m{[0m[3mname[0m[2m=[0mk#8dcff6d1..[1m}[0m[2m:[0m [2msui_core::consensus_handler[0m[2m:[0m [2mcrates/sui-core/src/consensus_handler.rs[0m[2m:[0m[2m232:[0m Received consensus output [3mconsensus_commit[0m[2m=[0mCommittedSubDag(leader=B343(B,6JFS), ref=C333(JVa7), blocks=[q29I, Pb/R, 6JFS]) [3mepoch[0m[2m=[0m1
[2m2025-03-25T07:56:27.959053Z[0m [32m INFO[0m [1mnode[0m[1m{[0m[3mname[0m[2m=[0mk#99f25ef6..[1m}[0m[2m:[0m [2mconsensus_core::core[0m[2m:[0m [2mconsensus/core/src/core.rs[0m[2m:[0m[2m945:[0m Included 3 ancestors & excluded 0 ancestors for proposal in round 345
[2m2025-03-25T07:56:27.959336Z[0m [32m INFO[0m [1mnode[0m[1m{[0m[3mname[0m[2m=[0mk#99f25ef6..[1m}[0m[2m:[0m [2mconsensus_core::core[0m[2m:[0m [2mconsensus/core/src/core.rs[0m[2m:[0m[2m531:[0m Created block B345(B,0PIRSFsjHfKcsEbvM1DKaoMY5n5Z8gVeSZwg1e9zjFQ=)(1742889387959ms;[B344(B,RBSnsYszNwuqpDlW25emtBjX3Dfaicrq3Kmt1MaC2ts=), B344(A,tMrkt01mo6ZwLZLT3iPeqtJ6Lr7JMnui44jFOeI7Pxs=), B344(C,tgWexmRVirMhAZdWPXvwSto2AQ9uB9yzUavr9hQ5+5w=)];1t;1c) for round 345
[2m2025-03-25T07:56:27.959400Z[0m [32m INFO[0m [1mnode[0m[1m{[0m[3mname[0m[2m=[0mk#99f25ef6..[1m}[0m[2m:[0m [2mconsensus_core::core[0m[2m:[0m [2mconsensus/core/src/core.rs[0m[2m:[0m[2m630:[0m Committing 1 leaders: B343(B,6JFS)
[2m2025-03-25T07:56:27.959465Z[0m [32m INFO[0m [1mnode[0m[1m{[0m[3mname[0m[2m=[0mk#99f25ef6..[1m}[0m[2m:[0m [2mconsensus_core::commit_observer[0m[2m:[0m [2mconsensus/core/src/commit_observer.rs[0m[2m:[0m[2m173:[0m Consensus commit C333(JVa7) with leader B343(B,6JFS) has 3 blocks
[2m2025-03-25T07:56:27.959542Z[0m [32m INFO[0m [1mnode[0m[1m{[0m[3mname[0m[2m=[0mk#99f25ef6..[1m}[0m[2m:[0m [2msui_core::consensus_handler[0m[2m:[0m [2mcrates/sui-core/src/consensus_handler.rs[0m[2m:[0m[2m232:[0m Received consensus output [3mconsensus_commit[0m[2m=[0mCommittedSubDag(leader=B343(B,6JFS), ref=C333(JVa7), blocks=[q29I, Pb/R, 6JFS]) [3mepoch[0m[2m=[0m1
[2m2025-03-25T07:56:27.960903Z[0m [32m INFO[0m [1mnode[0m[1m{[0m[3mname[0m[2m=[0mk#addeef94..[1m}[0m[2m:[0m [2mconsensus_core::core[0m[2m:[0m [2mconsensus/core/src/core.rs[0m[2m:[0m[2m630:[0m Committing 1 leaders: B343(B,6JFS)
[2m2025-03-25T07:56:27.960991Z[0m [32m INFO[0m [1mnode[0m[1m{[0m[3mname[0m[2m=[0mk#addeef94..[1m}[0m[2m:[0m [2mconsensus_core::commit_observer[0m[2m:[0m [2mconsensus/core/src/commit_observer.rs[0m[2m:[0m[2m173:[0m Consensus commit C333(JVa7) with leader B343(B,6JFS) has 3 blocks
[2m2025-03-25T07:56:27.961062Z[0m [32m INFO[0m [1mnode[0m[1m{[0m[3mname[0m[2m=[0mk#addeef94..[1m}[0m[2m:[0m [2msui_core::consensus_handler[0m[2m:[0m [2mcrates/sui-core/src/consensus_handler.rs[0m[2m:[0m[2m232:[0m Received consensus output [3mconsensus_commit[0m[2m=[0mCommittedSubDag(leader=B343(B,6JFS), ref=C333(JVa7), blocks=[q29I, Pb/R, 6JFS]) [3mepoch[0m[2m=[0m1
[2m2025-03-25T07:56:27.985395Z[0m [32m INFO[0m [1mnode[0m[1m{[0m[3mname[0m[2m=[0mk#8dcff6d1..[1m}[0m[2m:[0m [2msui_core::checkpoints[0m[2m:[0m [2mcrates/sui-core/src/checkpoints/mod.rs[0m[2m:[0m[2m1326:[0m Creating checkpoint(s) for 2 transactions [3mnext_checkpoint_seq[0m[2m=[0m546 [3mcheckpoint_timestamp[0m[2m=[0m1742889387448
[2m2025-03-25T07:56:27.985529Z[0m [32m INFO[0m [1mnode[0m[1m{[0m[3mname[0m[2m=[0mk#99f25ef6..[1m}[0m[2m:[0m [2msui_core::checkpoints[0m[2m:[0m [2mcrates/sui-core/src/checkpoints/mod.rs[0m[2m:[0m[2m1326:[0m Creating checkpoint(s) for 2 transactions [3mnext_checkpoint_seq[0m[2m=[0m546 [3mcheckpoint_timestamp[0m[2m=[0m1742889387448
[2m2025-03-25T07:56:27.985712Z[0m [32m INFO[0m [1mnode[0m[1m{[0m[3mname[0m[2m=[0mk#8dcff6d1..[1m}[0m[2m:[0m [2msui_core::checkpoints::checkpoint_output[0m[2m:[0m [2mcrates/sui-core/src/checkpoints/checkpoint_output.rs[0m[2m:[0m[2m149:[0m Creating checkpoint CheckpointDigest(6Z7dbnj1C6BSuKd8CuTgY1JvX1SMVvtvkSvVLD2gG44n) at epoch 1, sequence 546, previous digest Some(CheckpointDigest(EjCLNooJFPAmdjt5bBdg4q5tL5bCoQzyBd1og9DEJcyi)), transactions count 2, content digest CheckpointContentsDigest(Dkw3JCwLrrod4vWLCK5vZuxXo5VFx6WYURCG8mU5kdkR), end_of_epoch_data None
[2m2025-03-25T07:56:27.985771Z[0m [32m INFO[0m [1mnode[0m[1m{[0m[3mname[0m[2m=[0mk#99f25ef6..[1m}[0m[2m:[0m [2msui_core::checkpoints::checkpoint_output[0m[2m:[0m [2mcrates/sui-core/src/checkpoints/checkpoint_output.rs[0m[2m:[0m[2m149:[0m Creating checkpoint CheckpointDigest(6Z7dbnj1C6BSuKd8CuTgY1JvX1SMVvtvkSvVLD2gG44n) at epoch 1, sequence 546, previous digest Some(CheckpointDigest(EjCLNooJFPAmdjt5bBdg4q5tL5bCoQzyBd1og9DEJcyi)), transactions count 2, content digest CheckpointContentsDigest(Dkw3JCwLrrod4vWLCK5vZuxXo5VFx6WYURCG8mU5kdkR), end_of_epoch_data None
[2m2025-03-25T07:56:27.986928Z[0m [32m INFO[0m [1mnode[0m[1m{[0m[3mname[0m[2m=[0mk#addeef94..[1m}[0m[2m:[0m [2msui_core::checkpoints[0m[2m:[0m [2mcrates/sui-core/src/checkpoints/mod.rs[0m[2m:[0m[2m1326:[0m Creating checkpoint(s) for 2 transactions [3mnext_checkpoint_seq[0m[2m=[0m546 [3mcheckpoint_timestamp[0m[2m=[0m1742889387448
[2m2025-03-25T07:56:27.987173Z[0m [32m INFO[0m [1mnode[0m[1m{[0m[3mname[0m[2m=[0mk#addeef94..[1m}[0m[2m:[0m [2msui_core::checkpoints::checkpoint_output[0m[2m:[0m [2mcrates/sui-core/src/checkpoints/checkpoint_output.rs[0m[2m:[0m[2m149:[0m Creating checkpoint CheckpointDigest(6Z7dbnj1C6BSuKd8CuTgY1JvX1SMVvtvkSvVLD2gG44n) at epoch 1, sequence 546, previous digest Some(CheckpointDigest(EjCLNooJFPAmdjt5bBdg4q5tL5bCoQzyBd1og9DEJcyi)), transactions count 2, content digest CheckpointContentsDigest(Dkw3JCwLrrod4vWLCK5vZuxXo5VFx6WYURCG8mU5kdkR), end_of_epoch_data None
[2m2025-03-25T07:56:27.988800Z[0m [32m INFO[0m [1mnode[0m[1m{[0m[3mname[0m[2m=[0mk#99f25ef6..[1m}[0m[2m:[0m [2msui_core::checkpoints::checkpoint_output[0m[2m:[0m [2mcrates/sui-core/src/checkpoints/checkpoint_output.rs[0m[2m:[0m[2m196:[0m Certified checkpoint with sequence 545 and digest EjCLNooJFPAmdjt5bBdg4q5tL5bCoQzyBd1og9DEJcyi
[2m2025-03-25T07:56:27.988905Z[0m [32m INFO[0m [1mnode[0m[1m{[0m[3mname[0m[2m=[0mk#8dcff6d1..[1m}[0m[2m:[0m [2msui_core::checkpoints::checkpoint_output[0m[2m:[0m [2mcrates/sui-core/src/checkpoints/checkpoint_output.rs[0m[2m:[0m[2m196:[0m Certified checkpoint with sequence 545 and digest EjCLNooJFPAmdjt5bBdg4q5tL5bCoQzyBd1og9DEJcyi
[2m2025-03-25T07:56:27.989220Z[0m [32m INFO[0m [1mnode[0m[1m{[0m[3mname[0m[2m=[0mk#99f25ef6..[1m}[0m[2m:[0m [2msui_core::checkpoints::checkpoint_executor[0m[2m:[0m [2mcrates/sui-core/src/checkpoints/checkpoint_executor/mod.rs[0m[2m:[0m[2m332:[0m Received checkpoint summary from state sync [3msequence_number[0m[2m=[0m545
[2m2025-03-25T07:56:27.989232Z[0m [32m INFO[0m [1mnode[0m[1m{[0m[3mname[0m[2m=[0mk#8dcff6d1..[1m}[0m[2m:[0m [2msui_core::checkpoints::checkpoint_executor[0m[2m:[0m [2mcrates/sui-core/src/checkpoints/checkpoint_executor/mod.rs[0m[2m:[0m[2m332:[0m Received checkpoint summary from state sync [3msequence_number[0m[2m=[0m545
[2m2025-03-25T07:56:27.990389Z[0m [32m INFO[0m [1mnode[0m[1m{[0m[3mname[0m[2m=[0mk#99f25ef6..[1m}[0m[2m:[0m [2msui_core::state_accumulator[0m[2m:[0m [2mcrates/sui-core/src/state_accumulator.rs[0m[2m:[0m[2m675:[0m accumulating running root for checkpoint 545
[2m2025-03-25T07:56:27.990398Z[0m [32m INFO[0m [1mnode[0m[1m{[0m[3mname[0m[2m=[0mk#8dcff6d1..[1m}[0m[2m:[0m [2msui_core::state_accumulator[0m[2m:[0m [2mcrates/sui-core/src/state_accumulator.rs[0m[2m:[0m[2m675:[0m accumulating running root for checkpoint 545
[2m2025-03-25T07:56:27.992576Z[0m [32m INFO[0m [1mnode[0m[1m{[0m[3mname[0m[2m=[0mk#addeef94..[1m}[0m[2m:[0m [2msui_core::checkpoints::checkpoint_executor[0m[2m:[0m [2mcrates/sui-core/src/checkpoints/checkpoint_executor/mod.rs[0m[2m:[0m[2m332:[0m Received checkpoint summary from state sync [3msequence_number[0m[2m=[0m545
[2m2025-03-25T07:56:27.993285Z[0m [32m INFO[0m [1mnode[0m[1m{[0m[3mname[0m[2m=[0mk#addeef94..[1m}[0m[2m:[0m [2msui_core::state_accumulator[0m[2m:[0m [2mcrates/sui-core/src/state_accumulator.rs[0m[2m:[0m[2m675:[0m accumulating running root for checkpoint 545
[2m2025-03-25T07:56:28.211966Z[0m [32m INFO[0m [1mnode[0m[1m{[0m[3mname[0m[2m=[0mk#8dcff6d1..[1m}[0m[2m:[0m [2mconsensus_core::core[0m[2m:[0m [2mconsensus/core/src/core.rs[0m[2m:[0m[2m945:[0m Included 3 ancestors & excluded 0 ancestors for proposal in round 346
[2m2025-03-25T07:56:28.212072Z[0m [32m INFO[0m [1mnode[0m[1m{[0m[3mname[0m[2m=[0mk#99f25ef6..[1m}[0m[2m:[0m [2mconsensus_core::core[0m[2m:[0m [2mconsensus/core/src/core.rs[0m[2m:[0m[2m945:[0m Included 3 ancestors & excluded 0 ancestors for proposal in round 346
[2m2025-03-25T07:56:28.212347Z[0m [32m INFO[0m [1mnode[0m[1m{[0m[3mname[0m[2m=[0mk#8dcff6d1..[1m}[0m[2m:[0m [2mconsensus_core::core[0m[2m:[0m [2mconsensus/core/src/core.rs[0m[2m:[0m[2m531:[0m Created block B346(A,WEnOmwiLCjNxRmPrlan4H0ToyrJsLacUwa30WnsAFMo=)(1742889388212ms;[B345(A,i+SopeiFZ6doL3HH83rkPMVHK4yJpd5MhquqYWjNwrA=), B345(B,0PIRSFsjHfKcsEbvM1DKaoMY5n5Z8gVeSZwg1e9zjFQ=), B345(C,JBvmoFnC7PhFDwUNUPhQT08/Lxgi4HiIwoThg0jZqAE=)];1t;1c) for round 346
[2m2025-03-25T07:56:28.212375Z[0m [32m INFO[0m [1mnode[0m[1m{[0m[3mname[0m[2m=[0mk#99f25ef6..[1m}[0m[2m:[0m [2mconsensus_core::core[0m[2m:[0m [2mconsensus/core/src/core.rs[0m[2m:[0m[2m531:[0m Created block B346(B,/i+itx4ie0X0VKIzWxPRWbbQpTvdcMxUW9SchFKlaao=)(1742889388212ms;[B345(B,0PIRSFsjHfKcsEbvM1DKaoMY5n5Z8gVeSZwg1e9zjFQ=), B345(A,i+SopeiFZ6doL3HH83rkPMVHK4yJpd5MhquqYWjNwrA=), B345(C,JBvmoFnC7PhFDwUNUPhQT08/Lxgi4HiIwoThg0jZqAE=)];1t;1c) for round 346
[2m2025-03-25T07:56:28.215162Z[0m [32m INFO[0m [1mnode[0m[1m{[0m[3mname[0m[2m=[0mk#addeef94..[1m}[0m[2m:[0m [2mconsensus_core::core[0m[2m:[0m [2mconsensus/core/src/core.rs[0m[2m:[0m[2m945:[0m Included 3 ancestors & excluded 0 ancestors for proposal in round 346
[2m2025-03-25T07:56:28.215443Z[0m [32m INFO[0m [1mnode[0m[1m{[0m[3mname[0m[2m=[0mk#addeef94..[1m}[0m[2m:[0m [2mconsensus_core::core[0m[2m:[0m [2mconsensus/core/src/core.rs[0m[2m:[0m[2m531:[0m Created block B346(C,YYTjUUrZfHp4FOXtugYJCCadNiurO4fW14igDPnH/ec=)(1742889388215ms;[B345(C,JBvmoFnC7PhFDwUNUPhQT08/Lxgi4HiIwoThg0jZqAE=), B345(A,i+SopeiFZ6doL3HH83rkPMVHK4yJpd5MhquqYWjNwrA=), B345(B,0PIRSFsjHfKcsEbvM1DKaoMY5n5Z8gVeSZwg1e9zjFQ=)];1t;1c) for round 346
[2m2025-03-25T07:56:28.215573Z[0m [32m INFO[0m [1mnode[0m[1m{[0m[3mname[0m[2m=[0mk#addeef94..[1m}[0m[2m:[0m [2mconsensus_core::core[0m[2m:[0m [2mconsensus/core/src/core.rs[0m[2m:[0m[2m630:[0m Committing 1 leaders: B344(A,tMrk)
[2m2025-03-25T07:56:28.215657Z[0m [32m INFO[0m [1mnode[0m[1m{[0m[3mname[0m[2m=[0mk#addeef94..[1m}[0m[2m:[0m [2mconsensus_core::commit_observer[0m[2m:[0m [2mconsensus/core/src/commit_observer.rs[0m[2m:[0m[2m173:[0m Consensus commit C334(KoSR) with leader B344(A,tMrk) has 3 blocks
[2m2025-03-25T07:56:28.216092Z[0m [32m INFO[0m [1mnode[0m[1m{[0m[3mname[0m[2m=[0mk#addeef94..[1m}[0m[2m:[0m [2msui_core::consensus_handler[0m[2m:[0m [2mcrates/sui-core/src/consensus_handler.rs[0m[2m:[0m[2m232:[0m Received consensus output [3mconsensus_commit[0m[2m=[0mCommittedSubDag(leader=B344(A,tMrk), ref=C334(KoSR), blocks=[o3gK, Zq+V, tMrk]) [3mepoch[0m[2m=[0m1
[2m2025-03-25T07:56:28.219189Z[0m [32m INFO[0m [1mnode[0m[1m{[0m[3mname[0m[2m=[0mk#99f25ef6..[1m}[0m[2m:[0m [2msui_core::checkpoints::checkpoint_output[0m[2m:[0m [2mcrates/sui-core/src/checkpoints/checkpoint_output.rs[0m[2m:[0m[2m196:[0m Certified checkpoint with sequence 546 and digest 6Z7dbnj1C6BSuKd8CuTgY1JvX1SMVvtvkSvVLD2gG44n
[2m2025-03-25T07:56:28.219199Z[0m [32m INFO[0m [1mnode[0m[1m{[0m[3mname[0m[2m=[0mk#8dcff6d1..[1m}[0m[2m:[0m [2msui_core::checkpoints::checkpoint_output[0m[2m:[0m [2mcrates/sui-core/src/checkpoints/checkpoint_output.rs[0m[2m:[0m[2m196:[0m Certified checkpoint with sequence 546 and digest 6Z7dbnj1C6BSuKd8CuTgY1JvX1SMVvtvkSvVLD2gG44n
[2m2025-03-25T07:56:28.219301Z[0m [32m INFO[0m [1mnode[0m[1m{[0m[3mname[0m[2m=[0mk#99f25ef6..[1m}[0m[2m:[0m [2mconsensus_core::core[0m[2m:[0m [2mconsensus/core/src/core.rs[0m[2m:[0m[2m630:[0m Committing 1 leaders: B344(A,tMrk)
[2m2025-03-25T07:56:28.219311Z[0m [32m INFO[0m [1mnode[0m[1m{[0m[3mname[0m[2m=[0mk#8dcff6d1..[1m}[0m[2m:[0m [2mconsensus_core::core[0m[2m:[0m [2mconsensus/core/src/core.rs[0m[2m:[0m[2m630:[0m Committing 1 leaders: B344(A,tMrk)
[2m2025-03-25T07:56:28.219408Z[0m [32m INFO[0m [1mnode[0m[1m{[0m[3mname[0m[2m=[0mk#99f25ef6..[1m}[0m[2m:[0m [2mconsensus_core::commit_observer[0m[2m:[0m [2mconsensus/core/src/commit_observer.rs[0m[2m:[0m[2m173:[0m Consensus commit C334(KoSR) with leader B344(A,tMrk) has 3 blocks
[2m2025-03-25T07:56:28.219418Z[0m [32m INFO[0m [1mnode[0m[1m{[0m[3mname[0m[2m=[0mk#8dcff6d1..[1m}[0m[2m:[0m [2mconsensus_core::commit_observer[0m[2m:[0m [2mconsensus/core/src/commit_observer.rs[0m[2m:[0m[2m173:[0m Consensus commit C334(KoSR) with leader B344(A,tMrk) has 3 blocks
[2m2025-03-25T07:56:28.219885Z[0m [32m INFO[0m [1mnode[0m[1m{[0m[3mname[0m[2m=[0mk#99f25ef6..[1m}[0m[2m:[0m [2msui_core::consensus_handler[0m[2m:[0m [2mcrates/sui-core/src/consensus_handler.rs[0m[2m:[0m[2m232:[0m Received consensus output [3mconsensus_commit[0m[2m=[0mCommittedSubDag(leader=B344(A,tMrk), ref=C334(KoSR), blocks=[o3gK, Zq+V, tMrk]) [3mepoch[0m[2m=[0m1
[2m2025-03-25T07:56:28.219885Z[0m [32m INFO[0m [1mnode[0m[1m{[0m[3mname[0m[2m=[0mk#8dcff6d1..[1m}[0m[2m:[0m [2msui_core::consensus_handler[0m[2m:[0m [2mcrates/sui-core/src/consensus_handler.rs[0m[2m:[0m[2m232:[0m Received consensus output [3mconsensus_commit[0m[2m=[0mCommittedSubDag(leader=B344(A,tMrk), ref=C334(KoSR), blocks=[o3gK, Zq+V, tMrk]) [3mepoch[0m[2m=[0m1
[2m2025-03-25T07:56:28.220521Z[0m [32m INFO[0m [1mnode[0m[1m{[0m[3mname[0m[2m=[0mk#99f25ef6..[1m}[0m[2m:[0m [2msui_core::checkpoints::checkpoint_executor[0m[2m:[0m [2mcrates/sui-core/src/checkpoints/checkpoint_executor/mod.rs[0m[2m:[0m[2m332:[0m Received checkpoint summary from state sync [3msequence_number[0m[2m=[0m546
[2m2025-03-25T07:56:28.220521Z[0m [32m INFO[0m [1mnode[0m[1m{[0m[3mname[0m[2m=[0mk#8dcff6d1..[1m}[0m[2m:[0m [2msui_core::checkpoints::checkpoint_executor[0m[2m:[0m [2mcrates/sui-core/src/checkpoints/checkpoint_executor/mod.rs[0m[2m:[0m[2m332:[0m Received checkpoint summary from state sync [3msequence_number[0m[2m=[0m546
[2m2025-03-25T07:56:28.234167Z[0m [32m INFO[0m [1mnode[0m[1m{[0m[3mname[0m[2m=[0mk#8dcff6d1..[1m}[0m[2m:[0m [2msui_core::state_accumulator[0m[2m:[0m [2mcrates/sui-core/src/state_accumulator.rs[0m[2m:[0m[2m675:[0m accumulating running root for checkpoint 546
[2m2025-03-25T07:56:28.234170Z[0m [32m INFO[0m [1mnode[0m[1m{[0m[3mname[0m[2m=[0mk#99f25ef6..[1m}[0m[2m:[0m [2msui_core::state_accumulator[0m[2m:[0m [2mcrates/sui-core/src/state_accumulator.rs[0m[2m:[0m[2m675:[0m accumulating running root for checkpoint 546
[2m2025-03-25T07:56:28.260436Z[0m [32m INFO[0m [1mnode[0m[1m{[0m[3mname[0m[2m=[0mk#addeef94..[1m}[0m[2m:[0m [2msui_core::checkpoints[0m[2m:[0m [2mcrates/sui-core/src/checkpoints/mod.rs[0m[2m:[0m[2m1326:[0m Creating checkpoint(s) for 1 transactions [3mnext_checkpoint_seq[0m[2m=[0m547 [3mcheckpoint_timestamp[0m[2m=[0m1742889387702
[2m2025-03-25T07:56:28.260674Z[0m [32m INFO[0m [1mnode[0m[1m{[0m[3mname[0m[2m=[0mk#addeef94..[1m}[0m[2m:[0m [2msui_core::checkpoints::checkpoint_output[0m[2m:[0m [2mcrates/sui-core/src/checkpoints/checkpoint_output.rs[0m[2m:[0m[2m149:[0m Creating checkpoint CheckpointDigest(8hjAEcnGfJgwivvitAu3HSwyHv3cR4frtAutpo5ZcUrN) at epoch 1, sequence 547, previous digest Some(CheckpointDigest(6Z7dbnj1C6BSuKd8CuTgY1JvX1SMVvtvkSvVLD2gG44n)), transactions count 1, content digest CheckpointContentsDigest(AHQJiCYRaEchxGXdUwtidTpZmNxVoGHhtz8BAjrtNLF6), end_of_epoch_data None
[2m2025-03-25T07:56:28.265905Z[0m [32m INFO[0m [1mnode[0m[1m{[0m[3mname[0m[2m=[0mk#99f25ef6..[1m}[0m[2m:[0m [2msui_core::checkpoints[0m[2m:[0m [2mcrates/sui-core/src/checkpoints/mod.rs[0m[2m:[0m[2m1326:[0m Creating checkpoint(s) for 1 transactions [3mnext_checkpoint_seq[0m[2m=[0m547 [3mcheckpoint_timestamp[0m[2m=[0m1742889387702
[2m2025-03-25T07:56:28.265915Z[0m [32m INFO[0m [1mnode[0m[1m{[0m[3mname[0m[2m=[0mk#8dcff6d1..[1m}[0m[2m:[0m [2msui_core::checkpoints[0m[2m:[0m [2mcrates/sui-core/src/checkpoints/mod.rs[0m[2m:[0m[2m1326:[0m Creating checkpoint(s) for 1 transactions [3mnext_checkpoint_seq[0m[2m=[0m547 [3mcheckpoint_timestamp[0m[2m=[0m1742889387702
[2m2025-03-25T07:56:28.266094Z[0m [32m INFO[0m [1mnode[0m[1m{[0m[3mname[0m[2m=[0mk#99f25ef6..[1m}[0m[2m:[0m [2msui_core::checkpoints::checkpoint_output[0m[2m:[0m [2mcrates/sui-core/src/checkpoints/checkpoint_output.rs[0m[2m:[0m[2m149:[0m Creating checkpoint CheckpointDigest(8hjAEcnGfJgwivvitAu3HSwyHv3cR4frtAutpo5ZcUrN) at epoch 1, sequence 547, previous digest Some(CheckpointDigest(6Z7dbnj1C6BSuKd8CuTgY1JvX1SMVvtvkSvVLD2gG44n)), transactions count 1, content digest CheckpointContentsDigest(AHQJiCYRaEchxGXdUwtidTpZmNxVoGHhtz8BAjrtNLF6), end_of_epoch_data None
[2m2025-03-25T07:56:28.266094Z[0m [32m INFO[0m [1mnode[0m[1m{[0m[3mname[0m[2m=[0mk#8dcff6d1..[1m}[0m[2m:[0m [2msui_core::checkpoints::checkpoint_output[0m[2m:[0m [2mcrates/sui-core/src/checkpoints/checkpoint_output.rs[0m[2m:[0m[2m149:[0m Creating checkpoint CheckpointDigest(8hjAEcnGfJgwivvitAu3HSwyHv3cR4frtAutpo5ZcUrN) at epoch 1, sequence 547, previous digest Some(CheckpointDigest(6Z7dbnj1C6BSuKd8CuTgY1JvX1SMVvtvkSvVLD2gG44n)), transactions count 1, content digest CheckpointContentsDigest(AHQJiCYRaEchxGXdUwtidTpZmNxVoGHhtz8BAjrtNLF6), end_of_epoch_data None
[2m2025-03-25T07:56:28.282306Z[0m [32m INFO[0m [1mnode[0m[1m{[0m[3mname[0m[2m=[0mk#addeef94..[1m}[0m[2m:[0m [2msui_core::checkpoints::checkpoint_executor[0m[2m:[0m [2mcrates/sui-core/src/checkpoints/checkpoint_executor/mod.rs[0m[2m:[0m[2m332:[0m Received checkpoint summary from state sync [3msequence_number[0m[2m=[0m546
[2m2025-03-25T07:56:28.328599Z[0m [32m INFO[0m [1mnode[0m[1m{[0m[3mname[0m[2m=[0mk#addeef94..[1m}[0m[2m:[0m [2msui_core::state_accumulator[0m[2m:[0m [2mcrates/sui-core/src/state_accumulator.rs[0m[2m:[0m[2m675:[0m accumulating running root for checkpoint 546
[2m2025-03-25T07:56:28.468609Z[0m [32m INFO[0m [1mnode[0m[1m{[0m[3mname[0m[2m=[0mk#addeef94..[1m}[0m[2m:[0m [2mconsensus_core::core[0m[2m:[0m [2mconsensus/core/src/core.rs[0m[2m:[0m[2m945:[0m Included 3 ancestors & excluded 0 ancestors for proposal in round 347
[2m2025-03-25T07:56:28.469054Z[0m [32m INFO[0m [1mnode[0m[1m{[0m[3mname[0m[2m=[0mk#addeef94..[1m}[0m[2m:[0m [2mconsensus_core::core[0m[2m:[0m [2mconsensus/core/src/core.rs[0m[2m:[0m[2m531:[0m Created block B347(C,LtkoqynrsU0Kv4aWJ0ZgJTH6+/pr/ACENF4dxAT5WE0=)(1742889388468ms;[B346(C,YYTjUUrZfHp4FOXtugYJCCadNiurO4fW14igDPnH/ec=), B346(A,WEnOmwiLCjNxRmPrlan4H0ToyrJsLacUwa30WnsAFMo=), B346(B,/i+itx4ie0X0VKIzWxPRWbbQpTvdcMxUW9SchFKlaao=)];1t;1c) for round 347
[2m2025-03-25T07:56:28.471171Z[0m [32m INFO[0m [1mnode[0m[1m{[0m[3mname[0m[2m=[0mk#99f25ef6..[1m}[0m[2m:[0m [2mconsensus_core::core[0m[2m:[0m [2mconsensus/core/src/core.rs[0m[2m:[0m[2m945:[0m Included 3 ancestors & excluded 0 ancestors for proposal in round 347
[2m2025-03-25T07:56:28.471171Z[0m [32m INFO[0m [1mnode[0m[1m{[0m[3mname[0m[2m=[0mk#8dcff6d1..[1m}[0m[2m:[0m [2mconsensus_core::core[0m[2m:[0m [2mconsensus/core/src/core.rs[0m[2m:[0m[2m945:[0m Included 3 ancestors & excluded 0 ancestors for proposal in round 347
[2m2025-03-25T07:56:28.471463Z[0m [32m INFO[0m [1mnode[0m[1m{[0m[3mname[0m[2m=[0mk#99f25ef6..[1m}[0m[2m:[0m [2mconsensus_core::core[0m[2m:[0m [2mconsensus/core/src/core.rs[0m[2m:[0m[2m531:[0m Created block B347(B,TDbntM5kYG83jV5MNCuaTZf0bRvyxbVTfQtvmYL470A=)(1742889388471ms;[B346(B,/i+itx4ie0X0VKIzWxPRWbbQpTvdcMxUW9SchFKlaao=), B346(A,WEnOmwiLCjNxRmPrlan4H0ToyrJsLacUwa30WnsAFMo=), B346(C,YYTjUUrZfHp4FOXtugYJCCadNiurO4fW14igDPnH/ec=)];1t;1c) for round 347
[2m2025-03-25T07:56:28.471468Z[0m [32m INFO[0m [1mnode[0m[1m{[0m[3mname[0m[2m=[0mk#8dcff6d1..[1m}[0m[2m:[0m [2mconsensus_core::core[0m[2m:[0m [2mconsensus/core/src/core.rs[0m[2m:[0m[2m531:[0m Created block B347(A,I7W/JbX2u1DIqVjgsutj8H3MYjN9Jz0qPBslcCpyydg=)(1742889388471ms;[B346(A,WEnOmwiLCjNxRmPrlan4H0ToyrJsLacUwa30WnsAFMo=), B346(B,/i+itx4ie0X0VKIzWxPRWbbQpTvdcMxUW9SchFKlaao=), B346(C,YYTjUUrZfHp4FOXtugYJCCadNiurO4fW14igDPnH/ec=)];1t;1c) for round 347
[2m2025-03-25T07:56:28.471537Z[0m [32m INFO[0m [1mnode[0m[1m{[0m[3mname[0m[2m=[0mk#99f25ef6..[1m}[0m[2m:[0m [2mconsensus_core::core[0m[2m:[0m [2mconsensus/core/src/core.rs[0m[2m:[0m[2m630:[0m Committing 1 leaders: B345(C,JBvm)
[2m2025-03-25T07:56:28.471537Z[0m [32m INFO[0m [1mnode[0m[1m{[0m[3mname[0m[2m=[0mk#8dcff6d1..[1m}[0m[2m:[0m [2mconsensus_core::core[0m[2m:[0m [2mconsensus/core/src/core.rs[0m[2m:[0m[2m630:[0m Committing 1 leaders: B345(C,JBvm)
[2m2025-03-25T07:56:28.471611Z[0m [32m INFO[0m [1mnode[0m[1m{[0m[3mname[0m[2m=[0mk#99f25ef6..[1m}[0m[2m:[0m [2mconsensus_core::commit_observer[0m[2m:[0m [2mconsensus/core/src/commit_observer.rs[0m[2m:[0m[2m173:[0m Consensus commit C335(Aj2P) with leader B345(C,JBvm) has 3 blocks
[2m2025-03-25T07:56:28.471611Z[0m [32m INFO[0m [1mnode[0m[1m{[0m[3mname[0m[2m=[0mk#8dcff6d1..[1m}[0m[2m:[0m [2mconsensus_core::commit_observer[0m[2m:[0m [2mconsensus/core/src/commit_observer.rs[0m[2m:[0m[2m173:[0m Consensus commit C335(Aj2P) with leader B345(C,JBvm) has 3 blocks
[2m2025-03-25T07:56:28.471700Z[0m [32m INFO[0m [1mnode[0m[1m{[0m[3mname[0m[2m=[0mk#99f25ef6..[1m}[0m[2m:[0m [2msui_core::consensus_handler[0m[2m:[0m [2mcrates/sui-core/src/consensus_handler.rs[0m[2m:[0m[2m232:[0m Received consensus output [3mconsensus_commit[0m[2m=[0mCommittedSubDag(leader=B345(C,JBvm), ref=C335(Aj2P), blocks=[RBSn, tgWe, JBvm]) [3mepoch[0m[2m=[0m1
[2m2025-03-25T07:56:28.471700Z[0m [32m INFO[0m [1mnode[0m[1m{[0m[3mname[0m[2m=[0mk#8dcff6d1..[1m}[0m[2m:[0m [2msui_core::consensus_handler[0m[2m:[0m [2mcrates/sui-core/src/consensus_handler.rs[0m[2m:[0m[2m232:[0m Received consensus output [3mconsensus_commit[0m[2m=[0mCommittedSubDag(leader=B345(C,JBvm), ref=C335(Aj2P), blocks=[RBSn, tgWe, JBvm]) [3mepoch[0m[2m=[0m1
[2m2025-03-25T07:56:28.475532Z[0m [32m INFO[0m [1mnode[0m[1m{[0m[3mname[0m[2m=[0mk#addeef94..[1m}[0m[2m:[0m [2mconsensus_core::core[0m[2m:[0m [2mconsensus/core/src/core.rs[0m[2m:[0m[2m630:[0m Committing 1 leaders: B345(C,JBvm)
[2m2025-03-25T07:56:28.475634Z[0m [32m INFO[0m [1mnode[0m[1m{[0m[3mname[0m[2m=[0mk#addeef94..[1m}[0m[2m:[0m [2mconsensus_core::commit_observer[0m[2m:[0m [2mconsensus/core/src/commit_observer.rs[0m[2m:[0m[2m173:[0m Consensus commit C335(Aj2P) with leader B345(C,JBvm) has 3 blocks
[2m2025-03-25T07:56:28.475768Z[0m [32m INFO[0m [1mnode[0m[1m{[0m[3mname[0m[2m=[0mk#addeef94..[1m}[0m[2m:[0m [2msui_core::consensus_handler[0m[2m:[0m [2mcrates/sui-core/src/consensus_handler.rs[0m[2m:[0m[2m232:[0m Received consensus output [3mconsensus_commit[0m[2m=[0mCommittedSubDag(leader=B345(C,JBvm), ref=C335(Aj2P), blocks=[RBSn, tgWe, JBvm]) [3mepoch[0m[2m=[0m1
[2m2025-03-25T07:56:28.498578Z[0m [32m INFO[0m [1mnode[0m[1m{[0m[3mname[0m[2m=[0mk#99f25ef6..[1m}[0m[2m:[0m [2msui_core::checkpoints[0m[2m:[0m [2mcrates/sui-core/src/checkpoints/mod.rs[0m[2m:[0m[2m1326:[0m Creating checkpoint(s) for 2 transactions [3mnext_checkpoint_seq[0m[2m=[0m548 [3mcheckpoint_timestamp[0m[2m=[0m1742889387954
[2m2025-03-25T07:56:28.498579Z[0m [32m INFO[0m [1mnode[0m[1m{[0m[3mname[0m[2m=[0mk#8dcff6d1..[1m}[0m[2m:[0m [2msui_core::checkpoints[0m[2m:[0m [2mcrates/sui-core/src/checkpoints/mod.rs[0m[2m:[0m[2m1326:[0m Creating checkpoint(s) for 2 transactions [3mnext_checkpoint_seq[0m[2m=[0m548 [3mcheckpoint_timestamp[0m[2m=[0m1742889387954
[2m2025-03-25T07:56:28.498893Z[0m [32m INFO[0m [1mnode[0m[1m{[0m[3mname[0m[2m=[0mk#99f25ef6..[1m}[0m[2m:[0m [2msui_core::checkpoints::checkpoint_output[0m[2m:[0m [2mcrates/sui-core/src/checkpoints/checkpoint_output.rs[0m[2m:[0m[2m149:[0m Creating checkpoint CheckpointDigest(Frj4sAzK5Q52SDCcMesQuBuhGNfSWVYUhnkNkfdNe1eS) at epoch 1, sequence 548, previous digest Some(CheckpointDigest(8hjAEcnGfJgwivvitAu3HSwyHv3cR4frtAutpo5ZcUrN)), transactions count 2, content digest CheckpointContentsDigest(DCCULDbXdWK1iF1WbQCtox78P2EtpgiuxEK3MNgy8bzy), end_of_epoch_data None
[2m2025-03-25T07:56:28.498893Z[0m [32m INFO[0m [1mnode[0m[1m{[0m[3mname[0m[2m=[0mk#8dcff6d1..[1m}[0m[2m:[0m [2msui_core::checkpoints::checkpoint_output[0m[2m:[0m [2mcrates/sui-core/src/checkpoints/checkpoint_output.rs[0m[2m:[0m[2m149:[0m Creating checkpoint CheckpointDigest(Frj4sAzK5Q52SDCcMesQuBuhGNfSWVYUhnkNkfdNe1eS) at epoch 1, sequence 548, previous digest Some(CheckpointDigest(8hjAEcnGfJgwivvitAu3HSwyHv3cR4frtAutpo5ZcUrN)), transactions count 2, content digest CheckpointContentsDigest(DCCULDbXdWK1iF1WbQCtox78P2EtpgiuxEK3MNgy8bzy), end_of_epoch_data None
[2m2025-03-25T07:56:28.501823Z[0m [32m INFO[0m [1mnode[0m[1m{[0m[3mname[0m[2m=[0mk#addeef94..[1m}[0m[2m:[0m [2msui_core::checkpoints[0m[2m:[0m [2mcrates/sui-core/src/checkpoints/mod.rs[0m[2m:[0m[2m1326:[0m Creating checkpoint(s) for 2 transactions [3mnext_checkpoint_seq[0m[2m=[0m548 [3mcheckpoint_timestamp[0m[2m=[0m1742889387954
[2m2025-03-25T07:56:28.501969Z[0m [32m INFO[0m [1mnode[0m[1m{[0m[3mname[0m[2m=[0mk#99f25ef6..[1m}[0m[2m:[0m [2msui_core::checkpoints::checkpoint_output[0m[2m:[0m [2mcrates/sui-core/src/checkpoints/checkpoint_output.rs[0m[2m:[0m[2m196:[0m Certified checkpoint with sequence 547 and digest 8hjAEcnGfJgwivvitAu3HSwyHv3cR4frtAutpo5ZcUrN
[2m2025-03-25T07:56:28.502060Z[0m [32m INFO[0m [1mnode[0m[1m{[0m[3mname[0m[2m=[0mk#8dcff6d1..[1m}[0m[2m:[0m [2msui_core::checkpoints::checkpoint_output[0m[2m:[0m [2mcrates/sui-core/src/checkpoints/checkpoint_output.rs[0m[2m:[0m[2m196:[0m Certified checkpoint with sequence 547 and digest 8hjAEcnGfJgwivvitAu3HSwyHv3cR4frtAutpo5ZcUrN
[2m2025-03-25T07:56:28.502078Z[0m [32m INFO[0m [1mnode[0m[1m{[0m[3mname[0m[2m=[0mk#addeef94..[1m}[0m[2m:[0m [2msui_core::checkpoints::checkpoint_output[0m[2m:[0m [2mcrates/sui-core/src/checkpoints/checkpoint_output.rs[0m[2m:[0m[2m149:[0m Creating checkpoint CheckpointDigest(Frj4sAzK5Q52SDCcMesQuBuhGNfSWVYUhnkNkfdNe1eS) at epoch 1, sequence 548, previous digest Some(CheckpointDigest(8hjAEcnGfJgwivvitAu3HSwyHv3cR4frtAutpo5ZcUrN)), transactions count 2, content digest CheckpointContentsDigest(DCCULDbXdWK1iF1WbQCtox78P2EtpgiuxEK3MNgy8bzy), end_of_epoch_data None
[2m2025-03-25T07:56:28.502392Z[0m [32m INFO[0m [1mnode[0m[1m{[0m[3mname[0m[2m=[0mk#99f25ef6..[1m}[0m[2m:[0m [2msui_core::checkpoints::checkpoint_executor[0m[2m:[0m [2mcrates/sui-core/src/checkpoints/checkpoint_executor/mod.rs[0m[2m:[0m[2m332:[0m Received checkpoint summary from state sync [3msequence_number[0m[2m=[0m547
[2m2025-03-25T07:56:28.502392Z[0m [32m INFO[0m [1mnode[0m[1m{[0m[3mname[0m[2m=[0mk#8dcff6d1..[1m}[0m[2m:[0m [2msui_core::checkpoints::checkpoint_executor[0m[2m:[0m [2mcrates/sui-core/src/checkpoints/checkpoint_executor/mod.rs[0m[2m:[0m[2m332:[0m Received checkpoint summary from state sync [3msequence_number[0m[2m=[0m547
[2m2025-03-25T07:56:28.503572Z[0m [32m INFO[0m [1mnode[0m[1m{[0m[3mname[0m[2m=[0mk#8dcff6d1..[1m}[0m[2m:[0m [2msui_core::state_accumulator[0m[2m:[0m [2mcrates/sui-core/src/state_accumulator.rs[0m[2m:[0m[2m675:[0m accumulating running root for checkpoint 547
[2m2025-03-25T07:56:28.503573Z[0m [32m INFO[0m [1mnode[0m[1m{[0m[3mname[0m[2m=[0mk#99f25ef6..[1m}[0m[2m:[0m [2msui_core::state_accumulator[0m[2m:[0m [2mcrates/sui-core/src/state_accumulator.rs[0m[2m:[0m[2m675:[0m accumulating running root for checkpoint 547
[2m2025-03-25T07:56:28.505783Z[0m [32m INFO[0m [1mnode[0m[1m{[0m[3mname[0m[2m=[0mk#addeef94..[1m}[0m[2m:[0m [2msui_core::checkpoints::checkpoint_executor[0m[2m:[0m [2mcrates/sui-core/src/checkpoints/checkpoint_executor/mod.rs[0m[2m:[0m[2m332:[0m Received checkpoint summary from state sync [3msequence_number[0m[2m=[0m547
[2m2025-03-25T07:56:28.506522Z[0m [32m INFO[0m [1mnode[0m[1m{[0m[3mname[0m[2m=[0mk#addeef94..[1m}[0m[2m:[0m [2msui_core::state_accumulator[0m[2m:[0m [2mcrates/sui-core/src/state_accumulator.rs[0m[2m:[0m[2m675:[0m accumulating running root for checkpoint 547
[2m2025-03-25T07:56:28.724373Z[0m [32m INFO[0m [1mnode[0m[1m{[0m[3mname[0m[2m=[0mk#99f25ef6..[1m}[0m[2m:[0m [2mconsensus_core::core[0m[2m:[0m [2mconsensus/core/src/core.rs[0m[2m:[0m[2m945:[0m Included 3 ancestors & excluded 0 ancestors for proposal in round 348
[2m2025-03-25T07:56:28.724739Z[0m [32m INFO[0m [1mnode[0m[1m{[0m[3mname[0m[2m=[0mk#99f25ef6..[1m}[0m[2m:[0m [2mconsensus_core::core[0m[2m:[0m [2mconsensus/core/src/core.rs[0m[2m:[0m[2m531:[0m Created block B348(B,I7J0ZLH3JcF3sPClYFh/8dNjLfyCcUTnJeSaYgdU260=)(1742889388724ms;[B347(B,TDbntM5kYG83jV5MNCuaTZf0bRvyxbVTfQtvmYL470A=), B347(A,I7W/JbX2u1DIqVjgsutj8H3MYjN9Jz0qPBslcCpyydg=), B347(C,LtkoqynrsU0Kv4aWJ0ZgJTH6+/pr/ACENF4dxAT5WE0=)];1t;1c) for round 348
[2m2025-03-25T07:56:28.726386Z[0m [32m INFO[0m [1mnode[0m[1m{[0m[3mname[0m[2m=[0mk#8dcff6d1..[1m}[0m[2m:[0m [2mconsensus_core::core[0m[2m:[0m [2mconsensus/core/src/core.rs[0m[2m:[0m[2m945:[0m Included 3 ancestors & excluded 0 ancestors for proposal in round 348
[2m2025-03-25T07:56:28.726689Z[0m [32m INFO[0m [1mnode[0m[1m{[0m[3mname[0m[2m=[0mk#8dcff6d1..[1m}[0m[2m:[0m [2mconsensus_core::core[0m[2m:[0m [2mconsensus/core/src/core.rs[0m[2m:[0m[2m531:[0m Created block B348(A,cWtFiAklpWeBMf8bo1/857N9tPu+ZUwwfM6FmQMWlZY=)(1742889388726ms;[B347(A,I7W/JbX2u1DIqVjgsutj8H3MYjN9Jz0qPBslcCpyydg=), B347(B,TDbntM5kYG83jV5MNCuaTZf0bRvyxbVTfQtvmYL470A=), B347(C,LtkoqynrsU0Kv4aWJ0ZgJTH6+/pr/ACENF4dxAT5WE0=)];1t;1c) for round 348
[2m2025-03-25T07:56:28.726713Z[0m [32m INFO[0m [1mnode[0m[1m{[0m[3mname[0m[2m=[0mk#addeef94..[1m}[0m[2m:[0m [2mconsensus_core::core[0m[2m:[0m [2mconsensus/core/src/core.rs[0m[2m:[0m[2m945:[0m Included 3 ancestors & excluded 0 ancestors for proposal in round 348
[2m2025-03-25T07:56:28.727009Z[0m [32m INFO[0m [1mnode[0m[1m{[0m[3mname[0m[2m=[0mk#addeef94..[1m}[0m[2m:[0m [2mconsensus_core::core[0m[2m:[0m [2mconsensus/core/src/core.rs[0m[2m:[0m[2m531:[0m Created block B348(C,JJusBVbGroKY+TVPVYqdeZGlTt7heehobe2S3NN1ehk=)(1742889388726ms;[B347(C,LtkoqynrsU0Kv4aWJ0ZgJTH6+/pr/ACENF4dxAT5WE0=), B347(A,I7W/JbX2u1DIqVjgsutj8H3MYjN9Jz0qPBslcCpyydg=), B347(B,TDbntM5kYG83jV5MNCuaTZf0bRvyxbVTfQtvmYL470A=)];1t;1c) for round 348
[2m2025-03-25T07:56:28.727078Z[0m [32m INFO[0m [1mnode[0m[1m{[0m[3mname[0m[2m=[0mk#addeef94..[1m}[0m[2m:[0m [2mconsensus_core::core[0m[2m:[0m [2mconsensus/core/src/core.rs[0m[2m:[0m[2m630:[0m Committing 1 leaders: B346(B,/i+i)
[2m2025-03-25T07:56:28.727147Z[0m [32m INFO[0m [1mnode[0m[1m{[0m[3mname[0m[2m=[0mk#addeef94..[1m}[0m[2m:[0m [2mconsensus_core::commit_observer[0m[2m:[0m [2mconsensus/core/src/commit_observer.rs[0m[2m:[0m[2m173:[0m Consensus commit C336(YuK+) with leader B346(B,/i+i) has 3 blocks
[2m2025-03-25T07:56:28.727227Z[0m [32m INFO[0m [1mnode[0m[1m{[0m[3mname[0m[2m=[0mk#addeef94..[1m}[0m[2m:[0m [2msui_core::consensus_handler[0m[2m:[0m [2mcrates/sui-core/src/consensus_handler.rs[0m[2m:[0m[2m232:[0m Received consensus output [3mconsensus_commit[0m[2m=[0mCommittedSubDag(leader=B346(B,/i+i), ref=C336(YuK+), blocks=[i+So, 0PIR, /i+i]) [3mepoch[0m[2m=[0m1
[2m2025-03-25T07:56:28.730325Z[0m [32m INFO[0m [1mnode[0m[1m{[0m[3mname[0m[2m=[0mk#8dcff6d1..[1m}[0m[2m:[0m [2msui_core::checkpoints::checkpoint_output[0m[2m:[0m [2mcrates/sui-core/src/checkpoints/checkpoint_output.rs[0m[2m:[0m[2m196:[0m Certified checkpoint with sequence 548 and digest Frj4sAzK5Q52SDCcMesQuBuhGNfSWVYUhnkNkfdNe1eS
[2m2025-03-25T07:56:28.730432Z[0m [32m INFO[0m [1mnode[0m[1m{[0m[3mname[0m[2m=[0mk#8dcff6d1..[1m}[0m[2m:[0m [2mconsensus_core::core[0m[2m:[0m [2mconsensus/core/src/core.rs[0m[2m:[0m[2m630:[0m Committing 1 leaders: B346(B,/i+i)
[2m2025-03-25T07:56:28.730536Z[0m [32m INFO[0m [1mnode[0m[1m{[0m[3mname[0m[2m=[0mk#8dcff6d1..[1m}[0m[2m:[0m [2mconsensus_core::commit_observer[0m[2m:[0m [2mconsensus/core/src/commit_observer.rs[0m[2m:[0m[2m173:[0m Consensus commit C336(YuK+) with leader B346(B,/i+i) has 3 blocks
[2m2025-03-25T07:56:28.730703Z[0m [32m INFO[0m [1mnode[0m[1m{[0m[3mname[0m[2m=[0mk#99f25ef6..[1m}[0m[2m:[0m [2msui_core::checkpoints::checkpoint_output[0m[2m:[0m [2mcrates/sui-core/src/checkpoints/checkpoint_output.rs[0m[2m:[0m[2m196:[0m Certified checkpoint with sequence 548 and digest Frj4sAzK5Q52SDCcMesQuBuhGNfSWVYUhnkNkfdNe1eS
[2m2025-03-25T07:56:28.730806Z[0m [32m INFO[0m [1mnode[0m[1m{[0m[3mname[0m[2m=[0mk#99f25ef6..[1m}[0m[2m:[0m [2mconsensus_core::core[0m[2m:[0m [2mconsensus/core/src/core.rs[0m[2m:[0m[2m630:[0m Committing 1 leaders: B346(B,/i+i)
[2m2025-03-25T07:56:28.730908Z[0m [32m INFO[0m [1mnode[0m[1m{[0m[3mname[0m[2m=[0mk#99f25ef6..[1m}[0m[2m:[0m [2mconsensus_core::commit_observer[0m[2m:[0m [2mconsensus/core/src/commit_observer.rs[0m[2m:[0m[2m173:[0m Consensus commit C336(YuK+) with leader B346(B,/i+i) has 3 blocks
[2m2025-03-25T07:56:28.730985Z[0m [32m INFO[0m [1mnode[0m[1m{[0m[3mname[0m[2m=[0mk#8dcff6d1..[1m}[0m[2m:[0m [2msui_core::consensus_handler[0m[2m:[0m [2mcrates/sui-core/src/consensus_handler.rs[0m[2m:[0m[2m232:[0m Received consensus output [3mconsensus_commit[0m[2m=[0mCommittedSubDag(leader=B346(B,/i+i), ref=C336(YuK+), blocks=[i+So, 0PIR, /i+i]) [3mepoch[0m[2m=[0m1
[2m2025-03-25T07:56:28.731293Z[0m [32m INFO[0m [1mnode[0m[1m{[0m[3mname[0m[2m=[0mk#99f25ef6..[1m}[0m[2m:[0m [2msui_core::consensus_handler[0m[2m:[0m [2mcrates/sui-core/src/consensus_handler.rs[0m[2m:[0m[2m232:[0m Received consensus output [3mconsensus_commit[0m[2m=[0mCommittedSubDag(leader=B346(B,/i+i), ref=C336(YuK+), blocks=[i+So, 0PIR, /i+i]) [3mepoch[0m[2m=[0m1
[2m2025-03-25T07:56:28.731603Z[0m [32m INFO[0m [1mnode[0m[1m{[0m[3mname[0m[2m=[0mk#8dcff6d1..[1m}[0m[2m:[0m [2msui_core::checkpoints::checkpoint_executor[0m[2m:[0m [2mcrates/sui-core/src/checkpoints/checkpoint_executor/mod.rs[0m[2m:[0m[2m332:[0m Received checkpoint summary from state sync [3msequence_number[0m[2m=[0m548
[2m2025-03-25T07:56:28.731866Z[0m [32m INFO[0m [1mnode[0m[1m{[0m[3mname[0m[2m=[0mk#99f25ef6..[1m}[0m[2m:[0m [2msui_core::checkpoints::checkpoint_executor[0m[2m:[0m [2mcrates/sui-core/src/checkpoints/checkpoint_executor/mod.rs[0m[2m:[0m[2m332:[0m Received checkpoint summary from state sync [3msequence_number[0m[2m=[0m548
[2m2025-03-25T07:56:28.745157Z[0m [32m INFO[0m [1mnode[0m[1m{[0m[3mname[0m[2m=[0mk#8dcff6d1..[1m}[0m[2m:[0m [2msui_core::state_accumulator[0m[2m:[0m [2mcrates/sui-core/src/state_accumulator.rs[0m[2m:[0m[2m675:[0m accumulating running root for checkpoint 548
[2m2025-03-25T07:56:28.745157Z[0m [32m INFO[0m [1mnode[0m[1m{[0m[3mname[0m[2m=[0mk#99f25ef6..[1m}[0m[2m:[0m [2msui_core::state_accumulator[0m[2m:[0m [2mcrates/sui-core/src/state_accumulator.rs[0m[2m:[0m[2m675:[0m accumulating running root for checkpoint 548
[2m2025-03-25T07:56:28.771263Z[0m [32m INFO[0m [1mnode[0m[1m{[0m[3mname[0m[2m=[0mk#addeef94..[1m}[0m[2m:[0m [2msui_core::checkpoints[0m[2m:[0m [2mcrates/sui-core/src/checkpoints/mod.rs[0m[2m:[0m[2m1326:[0m Creating checkpoint(s) for 1 transactions [3mnext_checkpoint_seq[0m[2m=[0m549 [3mcheckpoint_timestamp[0m[2m=[0m1742889388212
[2m2025-03-25T07:56:28.771486Z[0m [32m INFO[0m [1mnode[0m[1m{[0m[3mname[0m[2m=[0mk#addeef94..[1m}[0m[2m:[0m [2msui_core::checkpoints::checkpoint_output[0m[2m:[0m [2mcrates/sui-core/src/checkpoints/checkpoint_output.rs[0m[2m:[0m[2m149:[0m Creating checkpoint CheckpointDigest(5Wvc96JfCokGf5onPv3iNY9BrAfEgtSZxyQTZpwypzM1) at epoch 1, sequence 549, previous digest Some(CheckpointDigest(Frj4sAzK5Q52SDCcMesQuBuhGNfSWVYUhnkNkfdNe1eS)), transactions count 1, content digest CheckpointContentsDigest(zBhCG5XzeHKeMihp86v2BYkbt3tM9Np3R4QAErev5Zc), end_of_epoch_data None
[2m2025-03-25T07:56:28.776223Z[0m [32m INFO[0m [1mnode[0m[1m{[0m[3mname[0m[2m=[0mk#99f25ef6..[1m}[0m[2m:[0m [2msui_core::checkpoints[0m[2m:[0m [2mcrates/sui-core/src/checkpoints/mod.rs[0m[2m:[0m[2m1326:[0m Creating checkpoint(s) for 1 transactions [3mnext_checkpoint_seq[0m[2m=[0m549 [3mcheckpoint_timestamp[0m[2m=[0m1742889388212
[2m2025-03-25T07:56:28.776226Z[0m [32m INFO[0m [1mnode[0m[1m{[0m[3mname[0m[2m=[0mk#8dcff6d1..[1m}[0m[2m:[0m [2msui_core::checkpoints[0m[2m:[0m [2mcrates/sui-core/src/checkpoints/mod.rs[0m[2m:[0m[2m1326:[0m Creating checkpoint(s) for 1 transactions [3mnext_checkpoint_seq[0m[2m=[0m549 [3mcheckpoint_timestamp[0m[2m=[0m1742889388212
[2m2025-03-25T07:56:28.776408Z[0m [32m INFO[0m [1mnode[0m[1m{[0m[3mname[0m[2m=[0mk#99f25ef6..[1m}[0m[2m:[0m [2msui_core::checkpoints::checkpoint_output[0m[2m:[0m [2mcrates/sui-core/src/checkpoints/checkpoint_output.rs[0m[2m:[0m[2m149:[0m Creating checkpoint CheckpointDigest(5Wvc96JfCokGf5onPv3iNY9BrAfEgtSZxyQTZpwypzM1) at epoch 1, sequence 549, previous digest Some(CheckpointDigest(Frj4sAzK5Q52SDCcMesQuBuhGNfSWVYUhnkNkfdNe1eS)), transactions count 1, content digest CheckpointContentsDigest(zBhCG5XzeHKeMihp86v2BYkbt3tM9Np3R4QAErev5Zc), end_of_epoch_data None
[2m2025-03-25T07:56:28.776409Z[0m [32m INFO[0m [1mnode[0m[1m{[0m[3mname[0m[2m=[0mk#8dcff6d1..[1m}[0m[2m:[0m [2msui_core::checkpoints::checkpoint_output[0m[2m:[0m [2mcrates/sui-core/src/checkpoints/checkpoint_output.rs[0m[2m:[0m[2m149:[0m Creating checkpoint CheckpointDigest(5Wvc96JfCokGf5onPv3iNY9BrAfEgtSZxyQTZpwypzM1) at epoch 1, sequence 549, previous digest Some(CheckpointDigest(Frj4sAzK5Q52SDCcMesQuBuhGNfSWVYUhnkNkfdNe1eS)), transactions count 1, content digest CheckpointContentsDigest(zBhCG5XzeHKeMihp86v2BYkbt3tM9Np3R4QAErev5Zc), end_of_epoch_data None
[2m2025-03-25T07:56:28.794476Z[0m [32m INFO[0m [1mnode[0m[1m{[0m[3mname[0m[2m=[0mk#addeef94..[1m}[0m[2m:[0m [2msui_core::checkpoints::checkpoint_executor[0m[2m:[0m [2mcrates/sui-core/src/checkpoints/checkpoint_executor/mod.rs[0m[2m:[0m[2m332:[0m Received checkpoint summary from state sync [3msequence_number[0m[2m=[0m548
[2m2025-03-25T07:56:28.840728Z[0m [32m INFO[0m [1mnode[0m[1m{[0m[3mname[0m[2m=[0mk#addeef94..[1m}[0m[2m:[0m [2msui_core::state_accumulator[0m[2m:[0m [2mcrates/sui-core/src/state_accumulator.rs[0m[2m:[0m[2m675:[0m accumulating running root for checkpoint 548
[2m2025-03-25T07:56:28.980058Z[0m [32m INFO[0m [1mnode[0m[1m{[0m[3mname[0m[2m=[0mk#addeef94..[1m}[0m[2m:[0m [2mconsensus_core::core[0m[2m:[0m [2mconsensus/core/src/core.rs[0m[2m:[0m[2m945:[0m Included 3 ancestors & excluded 0 ancestors for proposal in round 349
[2m2025-03-25T07:56:28.980447Z[0m [32m INFO[0m [1mnode[0m[1m{[0m[3mname[0m[2m=[0mk#addeef94..[1m}[0m[2m:[0m [2mconsensus_core::core[0m[2m:[0m [2mconsensus/core/src/core.rs[0m[2m:[0m[2m531:[0m Created block B349(C,x5QUBpMsTkA68+1ILHmNtDCGyDI9E1Ge44jjloHtW/0=)(1742889388980ms;[B348(C,JJusBVbGroKY+TVPVYqdeZGlTt7heehobe2S3NN1ehk=), B348(A,cWtFiAklpWeBMf8bo1/857N9tPu+ZUwwfM6FmQMWlZY=), B348(B,I7J0ZLH3JcF3sPClYFh/8dNjLfyCcUTnJeSaYgdU260=)];1t;1c) for round 349
[2m2025-03-25T07:56:28.982472Z[0m [32m INFO[0m [1mnode[0m[1m{[0m[3mname[0m[2m=[0mk#99f25ef6..[1m}[0m[2m:[0m [2mconsensus_core::core[0m[2m:[0m [2mconsensus/core/src/core.rs[0m[2m:[0m[2m945:[0m Included 3 ancestors & excluded 0 ancestors for proposal in round 349
[2m2025-03-25T07:56:28.982472Z[0m [32m INFO[0m [1mnode[0m[1m{[0m[3mname[0m[2m=[0mk#8dcff6d1..[1m}[0m[2m:[0m [2mconsensus_core::core[0m[2m:[0m [2mconsensus/core/src/core.rs[0m[2m:[0m[2m945:[0m Included 3 ancestors & excluded 0 ancestors for proposal in round 349
[2m2025-03-25T07:56:28.982772Z[0m [32m INFO[0m [1mnode[0m[1m{[0m[3mname[0m[2m=[0mk#8dcff6d1..[1m}[0m[2m:[0m [2mconsensus_core::core[0m[2m:[0m [2mconsensus/core/src/core.rs[0m[2m:[0m[2m531:[0m Created block B349(A,5eq9LZaKsQUX3Pj6AmHfk1OMzTLnuOpZh/S4QPu+MS4=)(1742889388982ms;[B348(A,cWtFiAklpWeBMf8bo1/857N9tPu+ZUwwfM6FmQMWlZY=), B348(B,I7J0ZLH3JcF3sPClYFh/8dNjLfyCcUTnJeSaYgdU260=), B348(C,JJusBVbGroKY+TVPVYqdeZGlTt7heehobe2S3NN1ehk=)];1t;1c) for round 349
[2m2025-03-25T07:56:28.982772Z[0m [32m INFO[0m [1mnode[0m[1m{[0m[3mname[0m[2m=[0mk#99f25ef6..[1m}[0m[2m:[0m [2mconsensus_core::core[0m[2m:[0m [2mconsensus/core/src/core.rs[0m[2m:[0m[2m531:[0m Created block B349(B,llwT/30CDsngv8qfASDWhDD3i3iL0+Way7H8ISpmDWQ=)(1742889388982ms;[B348(B,I7J0ZLH3JcF3sPClYFh/8dNjLfyCcUTnJeSaYgdU260=), B348(A,cWtFiAklpWeBMf8bo1/857N9tPu+ZUwwfM6FmQMWlZY=), B348(C,JJusBVbGroKY+TVPVYqdeZGlTt7heehobe2S3NN1ehk=)];1t;1c) for round 349
[2m2025-03-25T07:56:28.982846Z[0m [32m INFO[0m [1mnode[0m[1m{[0m[3mname[0m[2m=[0mk#99f25ef6..[1m}[0m[2m:[0m [2mconsensus_core::core[0m[2m:[0m [2mconsensus/core/src/core.rs[0m[2m:[0m[2m630:[0m Committing 1 leaders: B347(B,TDbn)
[2m2025-03-25T07:56:28.982846Z[0m [32m INFO[0m [1mnode[0m[1m{[0m[3mname[0m[2m=[0mk#8dcff6d1..[1m}[0m[2m:[0m [2mconsensus_core::core[0m[2m:[0m [2mconsensus/core/src/core.rs[0m[2m:[0m[2m630:[0m Committing 1 leaders: B347(B,TDbn)
[2m2025-03-25T07:56:28.982926Z[0m [32m INFO[0m [1mnode[0m[1m{[0m[3mname[0m[2m=[0mk#8dcff6d1..[1m}[0m[2m:[0m [2mconsensus_core::commit_observer[0m[2m:[0m [2mconsensus/core/src/commit_observer.rs[0m[2m:[0m[2m173:[0m Consensus commit C337(qbwO) with leader B347(B,TDbn) has 3 blocks
[2m2025-03-25T07:56:28.982926Z[0m [32m INFO[0m [1mnode[0m[1m{[0m[3mname[0m[2m=[0mk#99f25ef6..[1m}[0m[2m:[0m [2mconsensus_core::commit_observer[0m[2m:[0m [2mconsensus/core/src/commit_observer.rs[0m[2m:[0m[2m173:[0m Consensus commit C337(qbwO) with leader B347(B,TDbn) has 3 blocks
[2m2025-03-25T07:56:28.983018Z[0m [32m INFO[0m [1mnode[0m[1m{[0m[3mname[0m[2m=[0mk#8dcff6d1..[1m}[0m[2m:[0m [2msui_core::consensus_handler[0m[2m:[0m [2mcrates/sui-core/src/consensus_handler.rs[0m[2m:[0m[2m232:[0m Received consensus output [3mconsensus_commit[0m[2m=[0mCommittedSubDag(leader=B347(B,TDbn), ref=C337(qbwO), blocks=[WEnO, YYTj, TDbn]) [3mepoch[0m[2m=[0m1
[2m2025-03-25T07:56:28.983018Z[0m [32m INFO[0m [1mnode[0m[1m{[0m[3mname[0m[2m=[0mk#99f25ef6..[1m}[0m[2m:[0m [2msui_core::consensus_handler[0m[2m:[0m [2mcrates/sui-core/src/consensus_handler.rs[0m[2m:[0m[2m232:[0m Received consensus output [3mconsensus_commit[0m[2m=[0mCommittedSubDag(leader=B347(B,TDbn), ref=C337(qbwO), blocks=[WEnO, YYTj, TDbn]) [3mepoch[0m[2m=[0m1
[2m2025-03-25T07:56:28.986660Z[0m [32m INFO[0m [1mnode[0m[1m{[0m[3mname[0m[2m=[0mk#addeef94..[1m}[0m[2m:[0m [2mconsensus_core::core[0m[2m:[0m [2mconsensus/core/src/core.rs[0m[2m:[0m[2m630:[0m Committing 1 leaders: B347(B,TDbn)
[2m2025-03-25T07:56:28.986751Z[0m [32m INFO[0m [1mnode[0m[1m{[0m[3mname[0m[2m=[0mk#addeef94..[1m}[0m[2m:[0m [2mconsensus_core::commit_observer[0m[2m:[0m [2mconsensus/core/src/commit_observer.rs[0m[2m:[0m[2m173:[0m Consensus commit C337(qbwO) with leader B347(B,TDbn) has 3 blocks
[2m2025-03-25T07:56:28.986875Z[0m [32m INFO[0m [1mnode[0m[1m{[0m[3mname[0m[2m=[0mk#addeef94..[1m}[0m[2m:[0m [2msui_core::consensus_handler[0m[2m:[0m [2mcrates/sui-core/src/consensus_handler.rs[0m[2m:[0m[2m232:[0m Received consensus output [3mconsensus_commit[0m[2m=[0mCommittedSubDag(leader=B347(B,TDbn), ref=C337(qbwO), blocks=[WEnO, YYTj, TDbn]) [3mepoch[0m[2m=[0m1
[2m2025-03-25T07:56:29.009659Z[0m [32m INFO[0m [1mnode[0m[1m{[0m[3mname[0m[2m=[0mk#8dcff6d1..[1m}[0m[2m:[0m [2msui_core::checkpoints[0m[2m:[0m [2mcrates/sui-core/src/checkpoints/mod.rs[0m[2m:[0m[2m1326:[0m Creating checkpoint(s) for 2 transactions [3mnext_checkpoint_seq[0m[2m=[0m550 [3mcheckpoint_timestamp[0m[2m=[0m1742889388471
[2m2025-03-25T07:56:29.009658Z[0m [32m INFO[0m [1mnode[0m[1m{[0m[3mname[0m[2m=[0mk#99f25ef6..[1m}[0m[2m:[0m [2msui_core::checkpoints[0m[2m:[0m [2mcrates/sui-core/src/checkpoints/mod.rs[0m[2m:[0m[2m1326:[0m Creating checkpoint(s) for 2 transactions [3mnext_checkpoint_seq[0m[2m=[0m550 [3mcheckpoint_timestamp[0m[2m=[0m1742889388471
[2m2025-03-25T07:56:29.009972Z[0m [32m INFO[0m [1mnode[0m[1m{[0m[3mname[0m[2m=[0mk#99f25ef6..[1m}[0m[2m:[0m [2msui_core::checkpoints::checkpoint_output[0m[2m:[0m [2mcrates/sui-core/src/checkpoints/checkpoint_output.rs[0m[2m:[0m[2m149:[0m Creating checkpoint CheckpointDigest(2VaHsMfy5zAiTboL12fxoGJiZ7uGG3do2MQfJgNYa1xN) at epoch 1, sequence 550, previous digest Some(CheckpointDigest(5Wvc96JfCokGf5onPv3iNY9BrAfEgtSZxyQTZpwypzM1)), transactions count 2, content digest CheckpointContentsDigest(DsGS6BNa9oTaKC3DGZXSeTWuzikEUoQeZ9dYM46iNukJ), end_of_epoch_data None
[2m2025-03-25T07:56:29.009972Z[0m [32m INFO[0m [1mnode[0m[1m{[0m[3mname[0m[2m=[0mk#8dcff6d1..[1m}[0m[2m:[0m [2msui_core::checkpoints::checkpoint_output[0m[2m:[0m [2mcrates/sui-core/src/checkpoints/checkpoint_output.rs[0m[2m:[0m[2m149:[0m Creating checkpoint CheckpointDigest(2VaHsMfy5zAiTboL12fxoGJiZ7uGG3do2MQfJgNYa1xN) at epoch 1, sequence 550, previous digest Some(CheckpointDigest(5Wvc96JfCokGf5onPv3iNY9BrAfEgtSZxyQTZpwypzM1)), transactions count 2, content digest CheckpointContentsDigest(DsGS6BNa9oTaKC3DGZXSeTWuzikEUoQeZ9dYM46iNukJ), end_of_epoch_data None
[2m2025-03-25T07:56:29.012800Z[0m [32m INFO[0m [1mnode[0m[1m{[0m[3mname[0m[2m=[0mk#addeef94..[1m}[0m[2m:[0m [2msui_core::checkpoints[0m[2m:[0m [2mcrates/sui-core/src/checkpoints/mod.rs[0m[2m:[0m[2m1326:[0m Creating checkpoint(s) for 2 transactions [3mnext_checkpoint_seq[0m[2m=[0m550 [3mcheckpoint_timestamp[0m[2m=[0m1742889388471
[2m2025-03-25T07:56:29.013045Z[0m [32m INFO[0m [1mnode[0m[1m{[0m[3mname[0m[2m=[0mk#addeef94..[1m}[0m[2m:[0m [2msui_core::checkpoints::checkpoint_output[0m[2m:[0m [2mcrates/sui-core/src/checkpoints/checkpoint_output.rs[0m[2m:[0m[2m149:[0m Creating checkpoint CheckpointDigest(2VaHsMfy5zAiTboL12fxoGJiZ7uGG3do2MQfJgNYa1xN) at epoch 1, sequence 550, previous digest Some(CheckpointDigest(5Wvc96JfCokGf5onPv3iNY9BrAfEgtSZxyQTZpwypzM1)), transactions count 2, content digest CheckpointContentsDigest(DsGS6BNa9oTaKC3DGZXSeTWuzikEUoQeZ9dYM46iNukJ), end_of_epoch_data None
[2m2025-03-25T07:56:29.013083Z[0m [32m INFO[0m [1mnode[0m[1m{[0m[3mname[0m[2m=[0mk#99f25ef6..[1m}[0m[2m:[0m [2msui_core::checkpoints::checkpoint_output[0m[2m:[0m [2mcrates/sui-core/src/checkpoints/checkpoint_output.rs[0m[2m:[0m[2m196:[0m Certified checkpoint with sequence 549 and digest 5Wvc96JfCokGf5onPv3iNY9BrAfEgtSZxyQTZpwypzM1
[2m2025-03-25T07:56:29.013157Z[0m [32m INFO[0m [1mnode[0m[1m{[0m[3mname[0m[2m=[0mk#8dcff6d1..[1m}[0m[2m:[0m [2msui_core::checkpoints::checkpoint_output[0m[2m:[0m [2mcrates/sui-core/src/checkpoints/checkpoint_output.rs[0m[2m:[0m[2m196:[0m Certified checkpoint with sequence 549 and digest 5Wvc96JfCokGf5onPv3iNY9BrAfEgtSZxyQTZpwypzM1
[2m2025-03-25T07:56:29.013516Z[0m [32m INFO[0m [1mnode[0m[1m{[0m[3mname[0m[2m=[0mk#8dcff6d1..[1m}[0m[2m:[0m [2msui_core::checkpoints::checkpoint_executor[0m[2m:[0m [2mcrates/sui-core/src/checkpoints/checkpoint_executor/mod.rs[0m[2m:[0m[2m332:[0m Received checkpoint summary from state sync [3msequence_number[0m[2m=[0m549
[2m2025-03-25T07:56:29.013516Z[0m [32m INFO[0m [1mnode[0m[1m{[0m[3mname[0m[2m=[0mk#99f25ef6..[1m}[0m[2m:[0m [2msui_core::checkpoints::checkpoint_executor[0m[2m:[0m [2mcrates/sui-core/src/checkpoints/checkpoint_executor/mod.rs[0m[2m:[0m[2m332:[0m Received checkpoint summary from state sync [3msequence_number[0m[2m=[0m549
[2m2025-03-25T07:56:29.014692Z[0m [32m INFO[0m [1mnode[0m[1m{[0m[3mname[0m[2m=[0mk#99f25ef6..[1m}[0m[2m:[0m [2msui_core::state_accumulator[0m[2m:[0m [2mcrates/sui-core/src/state_accumulator.rs[0m[2m:[0m[2m675:[0m accumulating running root for checkpoint 549
[2m2025-03-25T07:56:29.014694Z[0m [32m INFO[0m [1mnode[0m[1m{[0m[3mname[0m[2m=[0mk#8dcff6d1..[1m}[0m[2m:[0m [2msui_core::state_accumulator[0m[2m:[0m [2mcrates/sui-core/src/state_accumulator.rs[0m[2m:[0m[2m675:[0m accumulating running root for checkpoint 549
[2m2025-03-25T07:56:29.016858Z[0m [32m INFO[0m [1mnode[0m[1m{[0m[3mname[0m[2m=[0mk#addeef94..[1m}[0m[2m:[0m [2msui_core::checkpoints::checkpoint_executor[0m[2m:[0m [2mcrates/sui-core/src/checkpoints/checkpoint_executor/mod.rs[0m[2m:[0m[2m332:[0m Received checkpoint summary from state sync [3msequence_number[0m[2m=[0m549
[2m2025-03-25T07:56:29.017561Z[0m [32m INFO[0m [1mnode[0m[1m{[0m[3mname[0m[2m=[0mk#addeef94..[1m}[0m[2m:[0m [2msui_core::state_accumulator[0m[2m:[0m [2mcrates/sui-core/src/state_accumulator.rs[0m[2m:[0m[2m675:[0m accumulating running root for checkpoint 549
[2m2025-03-25T07:56:29.235543Z[0m [32m INFO[0m [1mnode[0m[1m{[0m[3mname[0m[2m=[0mk#99f25ef6..[1m}[0m[2m:[0m [2mconsensus_core::core[0m[2m:[0m [2mconsensus/core/src/core.rs[0m[2m:[0m[2m945:[0m Included 3 ancestors & excluded 0 ancestors for proposal in round 350
[2m2025-03-25T07:56:29.235943Z[0m [32m INFO[0m [1mnode[0m[1m{[0m[3mname[0m[2m=[0mk#99f25ef6..[1m}[0m[2m:[0m [2mconsensus_core::core[0m[2m:[0m [2mconsensus/core/src/core.rs[0m[2m:[0m[2m531:[0m Created block B350(B,fvoAVaekfFYRN9OdOxct6OPirOZx0Y/015JhWKdehb4=)(1742889389235ms;[B349(B,llwT/30CDsngv8qfASDWhDD3i3iL0+Way7H8ISpmDWQ=), B349(A,5eq9LZaKsQUX3Pj6AmHfk1OMzTLnuOpZh/S4QPu+MS4=), B349(C,x5QUBpMsTkA68+1ILHmNtDCGyDI9E1Ge44jjloHtW/0=)];1t;1c) for round 350
[2m2025-03-25T07:56:29.236376Z[0m [32m INFO[0m [1mnode[0m[1m{[0m[3mname[0m[2m=[0mk#8dcff6d1..[1m}[0m[2m:[0m [2mconsensus_core::core[0m[2m:[0m [2mconsensus/core/src/core.rs[0m[2m:[0m[2m945:[0m Included 3 ancestors & excluded 0 ancestors for proposal in round 350
[2m2025-03-25T07:56:29.236688Z[0m [32m INFO[0m [1mnode[0m[1m{[0m[3mname[0m[2m=[0mk#8dcff6d1..[1m}[0m[2m:[0m [2mconsensus_core::core[0m[2m:[0m [2mconsensus/core/src/core.rs[0m[2m:[0m[2m531:[0m Created block B350(A,yjxki7QZN91IuLJy5t31swWvPmqtt/UZaP5tTnpC6HE=)(1742889389236ms;[B349(A,5eq9LZaKsQUX3Pj6AmHfk1OMzTLnuOpZh/S4QPu+MS4=), B349(B,llwT/30CDsngv8qfASDWhDD3i3iL0+Way7H8ISpmDWQ=), B349(C,x5QUBpMsTkA68+1ILHmNtDCGyDI9E1Ge44jjloHtW/0=)];1t;1c) for round 350
[2m2025-03-25T07:56:29.239503Z[0m [32m INFO[0m [1mnode[0m[1m{[0m[3mname[0m[2m=[0mk#addeef94..[1m}[0m[2m:[0m [2mconsensus_core::core[0m[2m:[0m [2mconsensus/core/src/core.rs[0m[2m:[0m[2m945:[0m Included 3 ancestors & excluded 0 ancestors for proposal in round 350
[2m2025-03-25T07:56:29.239663Z[0m [32m INFO[0m [1mnode[0m[1m{[0m[3mname[0m[2m=[0mk#8dcff6d1..[1m}[0m[2m:[0m [2mconsensus_core::core[0m[2m:[0m [2mconsensus/core/src/core.rs[0m[2m:[0m[2m694:[0m Received quorum round per authority in ancestor state manager set to: [(350, 350), (350, 350), (349, 349)]
[2m2025-03-25T07:56:29.239673Z[0m [32m INFO[0m [1mnode[0m[1m{[0m[3mname[0m[2m=[0mk#8dcff6d1..[1m}[0m[2m:[0m [2mconsensus_core::core[0m[2m:[0m [2mconsensus/core/src/core.rs[0m[2m:[0m[2m695:[0m Accepted quorum round per authority in ancestor state manager set to: [(349, 349), (350, 350), (349, 349)]
[2m2025-03-25T07:56:29.239679Z[0m [32m INFO[0m [1mnode[0m[1m{[0m[3mname[0m[2m=[0mk#8dcff6d1..[1m}[0m[2m:[0m [2mconsensus_core::core[0m[2m:[0m [2mconsensus/core/src/core.rs[0m[2m:[0m[2m698:[0m Propagation round delay set to: 0
[2m2025-03-25T07:56:29.239810Z[0m [32m INFO[0m [1mnode[0m[1m{[0m[3mname[0m[2m=[0mk#addeef94..[1m}[0m[2m:[0m [2mconsensus_core::core[0m[2m:[0m [2mconsensus/core/src/core.rs[0m[2m:[0m[2m531:[0m Created block B350(C,dX2Ae5dcpHbzgewtayUEbf9hGOCxWnjIRWLPPrSFc8A=)(1742889389239ms;[B349(C,x5QUBpMsTkA68+1ILHmNtDCGyDI9E1Ge44jjloHtW/0=), B349(A,5eq9LZaKsQUX3Pj6AmHfk1OMzTLnuOpZh/S4QPu+MS4=), B349(B,llwT/30CDsngv8qfASDWhDD3i3iL0+Way7H8ISpmDWQ=)];1t;1c) for round 350
[2m2025-03-25T07:56:29.239878Z[0m [32m INFO[0m [1mnode[0m[1m{[0m[3mname[0m[2m=[0mk#addeef94..[1m}[0m[2m:[0m [2mconsensus_core::core[0m[2m:[0m [2mconsensus/core/src/core.rs[0m[2m:[0m[2m630:[0m Committing 1 leaders: B348(A,cWtF)
[2m2025-03-25T07:56:29.239948Z[0m [32m INFO[0m [1mnode[0m[1m{[0m[3mname[0m[2m=[0mk#addeef94..[1m}[0m[2m:[0m [2mconsensus_core::commit_observer[0m[2m:[0m [2mconsensus/core/src/commit_observer.rs[0m[2m:[0m[2m173:[0m Consensus commit C338(N7T8) with leader B348(A,cWtF) has 3 blocks
[2m2025-03-25T07:56:29.240212Z[0m [32m INFO[0m [1mnode[0m[1m{[0m[3mname[0m[2m=[0mk#addeef94..[1m}[0m[2m:[0m [2msui_core::consensus_handler[0m[2m:[0m [2mcrates/sui-core/src/consensus_handler.rs[0m[2m:[0m[2m232:[0m Received consensus output [3mconsensus_commit[0m[2m=[0mCommittedSubDag(leader=B348(A,cWtF), ref=C338(N7T8), blocks=[I7W/, Ltko, cWtF]) [3mepoch[0m[2m=[0m1
[2m2025-03-25T07:56:29.243308Z[0m [32m INFO[0m [1mnode[0m[1m{[0m[3mname[0m[2m=[0mk#8dcff6d1..[1m}[0m[2m:[0m [2msui_core::checkpoints::checkpoint_output[0m[2m:[0m [2mcrates/sui-core/src/checkpoints/checkpoint_output.rs[0m[2m:[0m[2m196:[0m Certified checkpoint with sequence 550 and digest 2VaHsMfy5zAiTboL12fxoGJiZ7uGG3do2MQfJgNYa1xN
[2m2025-03-25T07:56:29.243419Z[0m [32m INFO[0m [1mnode[0m[1m{[0m[3mname[0m[2m=[0mk#8dcff6d1..[1m}[0m[2m:[0m [2mconsensus_core::core[0m[2m:[0m [2mconsensus/core/src/core.rs[0m[2m:[0m[2m630:[0m Committing 1 leaders: B348(A,cWtF)
[2m2025-03-25T07:56:29.243519Z[0m [32m INFO[0m [1mnode[0m[1m{[0m[3mname[0m[2m=[0mk#8dcff6d1..[1m}[0m[2m:[0m [2mconsensus_core::commit_observer[0m[2m:[0m [2mconsensus/core/src/commit_observer.rs[0m[2m:[0m[2m173:[0m Consensus commit C338(N7T8) with leader B348(A,cWtF) has 3 blocks
[2m2025-03-25T07:56:29.243595Z[0m [32m INFO[0m [1mnode[0m[1m{[0m[3mname[0m[2m=[0mk#99f25ef6..[1m}[0m[2m:[0m [2msui_core::checkpoints::checkpoint_output[0m[2m:[0m [2mcrates/sui-core/src/checkpoints/checkpoint_output.rs[0m[2m:[0m[2m196:[0m Certified checkpoint with sequence 550 and digest 2VaHsMfy5zAiTboL12fxoGJiZ7uGG3do2MQfJgNYa1xN
[2m2025-03-25T07:56:29.243699Z[0m [32m INFO[0m [1mnode[0m[1m{[0m[3mname[0m[2m=[0mk#99f25ef6..[1m}[0m[2m:[0m [2mconsensus_core::core[0m[2m:[0m [2mconsensus/core/src/core.rs[0m[2m:[0m[2m630:[0m Committing 1 leaders: B348(A,cWtF)
[2m2025-03-25T07:56:29.243806Z[0m [32m INFO[0m [1mnode[0m[1m{[0m[3mname[0m[2m=[0mk#99f25ef6..[1m}[0m[2m:[0m [2mconsensus_core::commit_observer[0m[2m:[0m [2mconsensus/core/src/commit_observer.rs[0m[2m:[0m[2m173:[0m Consensus commit C338(N7T8) with leader B348(A,cWtF) has 3 blocks
[2m2025-03-25T07:56:29.243967Z[0m [32m INFO[0m [1mnode[0m[1m{[0m[3mname[0m[2m=[0mk#8dcff6d1..[1m}[0m[2m:[0m [2msui_core::consensus_handler[0m[2m:[0m [2mcrates/sui-core/src/consensus_handler.rs[0m[2m:[0m[2m232:[0m Received consensus output [3mconsensus_commit[0m[2m=[0mCommittedSubDag(leader=B348(A,cWtF), ref=C338(N7T8), blocks=[I7W/, Ltko, cWtF]) [3mepoch[0m[2m=[0m1
[2m2025-03-25T07:56:29.244198Z[0m [32m INFO[0m [1mnode[0m[1m{[0m[3mname[0m[2m=[0mk#99f25ef6..[1m}[0m[2m:[0m [2msui_core::consensus_handler[0m[2m:[0m [2mcrates/sui-core/src/consensus_handler.rs[0m[2m:[0m[2m232:[0m Received consensus output [3mconsensus_commit[0m[2m=[0mCommittedSubDag(leader=B348(A,cWtF), ref=C338(N7T8), blocks=[I7W/, Ltko, cWtF]) [3mepoch[0m[2m=[0m1
[2m2025-03-25T07:56:29.244605Z[0m [32m INFO[0m [1mnode[0m[1m{[0m[3mname[0m[2m=[0mk#8dcff6d1..[1m}[0m[2m:[0m [2msui_core::checkpoints::checkpoint_executor[0m[2m:[0m [2mcrates/sui-core/src/checkpoints/checkpoint_executor/mod.rs[0m[2m:[0m[2m332:[0m Received checkpoint summary from state sync [3msequence_number[0m[2m=[0m550
[2m2025-03-25T07:56:29.244771Z[0m [32m INFO[0m [1mnode[0m[1m{[0m[3mname[0m[2m=[0mk#99f25ef6..[1m}[0m[2m:[0m [2msui_core::checkpoints::checkpoint_executor[0m[2m:[0m [2mcrates/sui-core/src/checkpoints/checkpoint_executor/mod.rs[0m[2m:[0m[2m332:[0m Received checkpoint summary from state sync [3msequence_number[0m[2m=[0m550
[2m2025-03-25T07:56:29.258231Z[0m [32m INFO[0m [1mnode[0m[1m{[0m[3mname[0m[2m=[0mk#99f25ef6..[1m}[0m[2m:[0m [2msui_core::state_accumulator[0m[2m:[0m [2mcrates/sui-core/src/state_accumulator.rs[0m[2m:[0m[2m675:[0m accumulating running root for checkpoint 550
[2m2025-03-25T07:56:29.258231Z[0m [32m INFO[0m [1mnode[0m[1m{[0m[3mname[0m[2m=[0mk#8dcff6d1..[1m}[0m[2m:[0m [2msui_core::state_accumulator[0m[2m:[0m [2mcrates/sui-core/src/state_accumulator.rs[0m[2m:[0m[2m675:[0m accumulating running root for checkpoint 550
[2m2025-03-25T07:56:29.274706Z[0m [32m INFO[0m [1mnode[0m[1m{[0m[3mname[0m[2m=[0mk#b3f3cbb4..[1m}[0m[2m:[0m[1mjson-rpc-request[0m[2m:[0m[1mdev_inspect_transaction_block[0m[1m{[0m[3msender_address[0m[2m=[0m0x0000000000000000000000000000000000000000000000000000000000000000 [3mtx_bytes[0m[2m=[0mBase64("AAMBAQAAAAAAAAAAAAAAAAAAAAAAAAAAAAAAAAAAAAAAAAAJAQAAAAAAAAABAAECAAgAAAAAAAAAAAEAAAAAAAAAAAAAAAAAAAAAAAAAAAAAAAAAAAAAAAAAAAsGYnJpZGdlIGdldF90b2tlbl90cmFuc2Zlcl9hY3Rpb25fc3RhdHVzAAMBAAABAQABAgA=") [3mgas_price[0m[2m=[0mNone [3m_epoch[0m[2m=[0mNone [3madditional_args[0m[2m=[0mNone[1m}[0m[2m:[0m [2msui_json_rpc::transaction_execution_api[0m[2m:[0m [2mcrates/sui-json-rpc/src/transaction_execution_api.rs[0m[2m:[0m[2m351:[0m RPC took longer than threshold to complete. [3melapsed[0m[2m=[0m1.532544917s
[2m2025-03-25T07:56:29.276107Z[0m [32m INFO[0m [1mhandle_execution_task[0m[1m{[0m[3maction_key[0m[2m=[0mBridgeActionKey(0,2,0) [3mattempt_times[0m[2m=[0m1[1m}[0m[2m:[0m [2msui_bridge::action_executor[0m[2m:[0m [2mcrates/sui-bridge/src/action_executor.rs[0m[2m:[0m[2m500:[0m Building Sui transaction
[2m2025-03-25T07:56:29.284573Z[0m [32m INFO[0m [1mnode[0m[1m{[0m[3mname[0m[2m=[0mk#addeef94..[1m}[0m[2m:[0m [2msui_core::checkpoints[0m[2m:[0m [2mcrates/sui-core/src/checkpoints/mod.rs[0m[2m:[0m[2m1326:[0m Creating checkpoint(s) for 1 transactions [3mnext_checkpoint_seq[0m[2m=[0m551 [3mcheckpoint_timestamp[0m[2m=[0m1742889388726
[2m2025-03-25T07:56:29.284802Z[0m [32m INFO[0m [1mnode[0m[1m{[0m[3mname[0m[2m=[0mk#addeef94..[1m}[0m[2m:[0m [2msui_core::checkpoints::checkpoint_output[0m[2m:[0m [2mcrates/sui-core/src/checkpoints/checkpoint_output.rs[0m[2m:[0m[2m149:[0m Creating checkpoint CheckpointDigest(DEtMZUHd76LuN9vx5fDnh2wZm78bBFMDSifRr2wxkxJQ) at epoch 1, sequence 551, previous digest Some(CheckpointDigest(2VaHsMfy5zAiTboL12fxoGJiZ7uGG3do2MQfJgNYa1xN)), transactions count 1, content digest CheckpointContentsDigest(6v7rUhrsfZf7mAdQjTYJrm8CDeDLBLhg9fh6Th46nmxS), end_of_epoch_data None
[2m2025-03-25T07:56:29.286384Z[0m [32m INFO[0m [1mnode[0m[1m{[0m[3mname[0m[2m=[0mk#addeef94..[1m}[0m[2m:[0m [2mconsensus_core::core[0m[2m:[0m [2mconsensus/core/src/core.rs[0m[2m:[0m[2m694:[0m Received quorum round per authority in ancestor state manager set to: [(349, 349), (349, 350), (349, 349)]
[2m2025-03-25T07:56:29.286392Z[0m [32m INFO[0m [1mnode[0m[1m{[0m[3mname[0m[2m=[0mk#addeef94..[1m}[0m[2m:[0m [2mconsensus_core::core[0m[2m:[0m [2mconsensus/core/src/core.rs[0m[2m:[0m[2m695:[0m Accepted quorum round per authority in ancestor state manager set to: [(349, 349), (349, 349), (349, 349)]
[2m2025-03-25T07:56:29.286399Z[0m [32m INFO[0m [1mnode[0m[1m{[0m[3mname[0m[2m=[0mk#addeef94..[1m}[0m[2m:[0m [2mconsensus_core::core[0m[2m:[0m [2mconsensus/core/src/core.rs[0m[2m:[0m[2m698:[0m Propagation round delay set to: 0
[2m2025-03-25T07:56:29.290177Z[0m [32m INFO[0m [1mnode[0m[1m{[0m[3mname[0m[2m=[0mk#99f25ef6..[1m}[0m[2m:[0m [2msui_core::checkpoints[0m[2m:[0m [2mcrates/sui-core/src/checkpoints/mod.rs[0m[2m:[0m[2m1326:[0m Creating checkpoint(s) for 1 transactions [3mnext_checkpoint_seq[0m[2m=[0m551 [3mcheckpoint_timestamp[0m[2m=[0m1742889388726
[2m2025-03-25T07:56:29.290207Z[0m [32m INFO[0m [1mnode[0m[1m{[0m[3mname[0m[2m=[0mk#8dcff6d1..[1m}[0m[2m:[0m [2msui_core::checkpoints[0m[2m:[0m [2mcrates/sui-core/src/checkpoints/mod.rs[0m[2m:[0m[2m1326:[0m Creating checkpoint(s) for 1 transactions [3mnext_checkpoint_seq[0m[2m=[0m551 [3mcheckpoint_timestamp[0m[2m=[0m1742889388726
[2m2025-03-25T07:56:29.290371Z[0m [32m INFO[0m [1mnode[0m[1m{[0m[3mname[0m[2m=[0mk#99f25ef6..[1m}[0m[2m:[0m [2msui_core::checkpoints::checkpoint_output[0m[2m:[0m [2mcrates/sui-core/src/checkpoints/checkpoint_output.rs[0m[2m:[0m[2m149:[0m Creating checkpoint CheckpointDigest(DEtMZUHd76LuN9vx5fDnh2wZm78bBFMDSifRr2wxkxJQ) at epoch 1, sequence 551, previous digest Some(CheckpointDigest(2VaHsMfy5zAiTboL12fxoGJiZ7uGG3do2MQfJgNYa1xN)), transactions count 1, content digest CheckpointContentsDigest(6v7rUhrsfZf7mAdQjTYJrm8CDeDLBLhg9fh6Th46nmxS), end_of_epoch_data None
[2m2025-03-25T07:56:29.290381Z[0m [32m INFO[0m [1mnode[0m[1m{[0m[3mname[0m[2m=[0mk#8dcff6d1..[1m}[0m[2m:[0m [2msui_core::checkpoints::checkpoint_output[0m[2m:[0m [2mcrates/sui-core/src/checkpoints/checkpoint_output.rs[0m[2m:[0m[2m149:[0m Creating checkpoint CheckpointDigest(DEtMZUHd76LuN9vx5fDnh2wZm78bBFMDSifRr2wxkxJQ) at epoch 1, sequence 551, previous digest Some(CheckpointDigest(2VaHsMfy5zAiTboL12fxoGJiZ7uGG3do2MQfJgNYa1xN)), transactions count 1, content digest CheckpointContentsDigest(6v7rUhrsfZf7mAdQjTYJrm8CDeDLBLhg9fh6Th46nmxS), end_of_epoch_data None
[2m2025-03-25T07:56:29.307033Z[0m [32m INFO[0m [1mnode[0m[1m{[0m[3mname[0m[2m=[0mk#addeef94..[1m}[0m[2m:[0m [2msui_core::checkpoints::checkpoint_executor[0m[2m:[0m [2mcrates/sui-core/src/checkpoints/checkpoint_executor/mod.rs[0m[2m:[0m[2m332:[0m Received checkpoint summary from state sync [3msequence_number[0m[2m=[0m550
[2m2025-03-25T07:56:29.353721Z[0m [32m INFO[0m [1mnode[0m[1m{[0m[3mname[0m[2m=[0mk#addeef94..[1m}[0m[2m:[0m [2msui_core::state_accumulator[0m[2m:[0m [2mcrates/sui-core/src/state_accumulator.rs[0m[2m:[0m[2m675:[0m accumulating running root for checkpoint 550
[2m2025-03-25T07:56:29.354436Z[0m [32m INFO[0m [1mnode[0m[1m{[0m[3mname[0m[2m=[0mk#addeef94..[1m}[0m[2m:[0m [2mconsensus_core::commit_syncer[0m[2m:[0m [2mconsensus/core/src/commit_syncer.rs[0m[2m:[0m[2m196:[0m Checking to schedule fetches: synced_commit_index=338, highest_handled_index=338, highest_scheduled_index=0, quorum_commit_index=0, unhandled_commits_threshold=3200
[2m2025-03-25T07:56:29.356166Z[0m [32m INFO[0m [1mnode[0m[1m{[0m[3mname[0m[2m=[0mk#99f25ef6..[1m}[0m[2m:[0m [2mconsensus_core::commit_syncer[0m[2m:[0m [2mconsensus/core/src/commit_syncer.rs[0m[2m:[0m[2m196:[0m Checking to schedule fetches: synced_commit_index=338, highest_handled_index=338, highest_scheduled_index=0, quorum_commit_index=337, unhandled_commits_threshold=3200
[2m2025-03-25T07:56:29.356228Z[0m [32m INFO[0m [1mnode[0m[1m{[0m[3mname[0m[2m=[0mk#8dcff6d1..[1m}[0m[2m:[0m [2mconsensus_core::commit_syncer[0m[2m:[0m [2mconsensus/core/src/commit_syncer.rs[0m[2m:[0m[2m196:[0m Checking to schedule fetches: synced_commit_index=338, highest_handled_index=338, highest_scheduled_index=0, quorum_commit_index=337, unhandled_commits_threshold=3200
[2m2025-03-25T07:56:29.356460Z[0m [32m INFO[0m [1mnode[0m[1m{[0m[3mname[0m[2m=[0mk#99f25ef6..[1m}[0m[2m:[0m [2mconsensus_core::core[0m[2m:[0m [2mconsensus/core/src/core.rs[0m[2m:[0m[2m694:[0m Received quorum round per authority in ancestor state manager set to: [(350, 350), (350, 350), (350, 350)]
[2m2025-03-25T07:56:29.356469Z[0m [32m INFO[0m [1mnode[0m[1m{[0m[3mname[0m[2m=[0mk#99f25ef6..[1m}[0m[2m:[0m [2mconsensus_core::core[0m[2m:[0m [2mconsensus/core/src/core.rs[0m[2m:[0m[2m695:[0m Accepted quorum round per authority in ancestor state manager set to: [(350, 350), (350, 350), (350, 350)]
[2m2025-03-25T07:56:29.356476Z[0m [32m INFO[0m [1mnode[0m[1m{[0m[3mname[0m[2m=[0mk#99f25ef6..[1m}[0m[2m:[0m [2mconsensus_core::core[0m[2m:[0m [2mconsensus/core/src/core.rs[0m[2m:[0m[2m698:[0m Propagation round delay set to: 0
[2m2025-03-25T07:56:29.492897Z[0m [32m INFO[0m [1mnode[0m[1m{[0m[3mname[0m[2m=[0mk#addeef94..[1m}[0m[2m:[0m [2mconsensus_core::core[0m[2m:[0m [2mconsensus/core/src/core.rs[0m[2m:[0m[2m945:[0m Included 3 ancestors & excluded 0 ancestors for proposal in round 351
[2m2025-03-25T07:56:29.493337Z[0m [32m INFO[0m [1mnode[0m[1m{[0m[3mname[0m[2m=[0mk#addeef94..[1m}[0m[2m:[0m [2mconsensus_core::core[0m[2m:[0m [2mconsensus/core/src/core.rs[0m[2m:[0m[2m531:[0m Created block B351(C,DBB3g18V7w9lT2423+4XaIHQ7g0B8hG7v/0WqISdASI=)(1742889389493ms;[B350(C,dX2Ae5dcpHbzgewtayUEbf9hGOCxWnjIRWLPPrSFc8A=), B350(A,yjxki7QZN91IuLJy5t31swWvPmqtt/UZaP5tTnpC6HE=), B350(B,fvoAVaekfFYRN9OdOxct6OPirOZx0Y/015JhWKdehb4=)];1t;1c) for round 351
[2m2025-03-25T07:56:29.495398Z[0m [32m INFO[0m [1mnode[0m[1m{[0m[3mname[0m[2m=[0mk#8dcff6d1..[1m}[0m[2m:[0m [2mconsensus_core::core[0m[2m:[0m [2mconsensus/core/src/core.rs[0m[2m:[0m[2m945:[0m Included 3 ancestors & excluded 0 ancestors for proposal in round 351
[2m2025-03-25T07:56:29.495398Z[0m [32m INFO[0m [1mnode[0m[1m{[0m[3mname[0m[2m=[0mk#99f25ef6..[1m}[0m[2m:[0m [2mconsensus_core::core[0m[2m:[0m [2mconsensus/core/src/core.rs[0m[2m:[0m[2m945:[0m Included 3 ancestors & excluded 0 ancestors for proposal in round 351
[2m2025-03-25T07:56:29.495701Z[0m [32m INFO[0m [1mnode[0m[1m{[0m[3mname[0m[2m=[0mk#99f25ef6..[1m}[0m[2m:[0m [2mconsensus_core::core[0m[2m:[0m [2mconsensus/core/src/core.rs[0m[2m:[0m[2m531:[0m Created block B351(B,APPH1LpyY6vHpQT00sj7tdxFz15AyY3keh9PJ/3OCwo=)(1742889389495ms;[B350(B,fvoAVaekfFYRN9OdOxct6OPirOZx0Y/015JhWKdehb4=), B350(A,yjxki7QZN91IuLJy5t31swWvPmqtt/UZaP5tTnpC6HE=), B350(C,dX2Ae5dcpHbzgewtayUEbf9hGOCxWnjIRWLPPrSFc8A=)];1t;1c) for round 351
[2m2025-03-25T07:56:29.495707Z[0m [32m INFO[0m [1mnode[0m[1m{[0m[3mname[0m[2m=[0mk#8dcff6d1..[1m}[0m[2m:[0m [2mconsensus_core::core[0m[2m:[0m [2mconsensus/core/src/core.rs[0m[2m:[0m[2m531:[0m Created block B351(A,shslNsm/Koi8VHc5rYpTlDrEPUwvQ5s3eGyOAvAEaoY=)(1742889389495ms;[B350(A,yjxki7QZN91IuLJy5t31swWvPmqtt/UZaP5tTnpC6HE=), B350(B,fvoAVaekfFYRN9OdOxct6OPirOZx0Y/015JhWKdehb4=), B350(C,dX2Ae5dcpHbzgewtayUEbf9hGOCxWnjIRWLPPrSFc8A=)];1t;1c) for round 351
[2m2025-03-25T07:56:29.495774Z[0m [32m INFO[0m [1mnode[0m[1m{[0m[3mname[0m[2m=[0mk#8dcff6d1..[1m}[0m[2m:[0m [2mconsensus_core::core[0m[2m:[0m [2mconsensus/core/src/core.rs[0m[2m:[0m[2m630:[0m Committing 1 leaders: B349(B,llwT)
[2m2025-03-25T07:56:29.495774Z[0m [32m INFO[0m [1mnode[0m[1m{[0m[3mname[0m[2m=[0mk#99f25ef6..[1m}[0m[2m:[0m [2mconsensus_core::core[0m[2m:[0m [2mconsensus/core/src/core.rs[0m[2m:[0m[2m630:[0m Committing 1 leaders: B349(B,llwT)
[2m2025-03-25T07:56:29.495847Z[0m [32m INFO[0m [1mnode[0m[1m{[0m[3mname[0m[2m=[0mk#99f25ef6..[1m}[0m[2m:[0m [2mconsensus_core::commit_observer[0m[2m:[0m [2mconsensus/core/src/commit_observer.rs[0m[2m:[0m[2m173:[0m Consensus commit C339(QxVz) with leader B349(B,llwT) has 3 blocks
[2m2025-03-25T07:56:29.495847Z[0m [32m INFO[0m [1mnode[0m[1m{[0m[3mname[0m[2m=[0mk#8dcff6d1..[1m}[0m[2m:[0m [2mconsensus_core::commit_observer[0m[2m:[0m [2mconsensus/core/src/commit_observer.rs[0m[2m:[0m[2m173:[0m Consensus commit C339(QxVz) with leader B349(B,llwT) has 3 blocks
[2m2025-03-25T07:56:29.495939Z[0m [32m INFO[0m [1mnode[0m[1m{[0m[3mname[0m[2m=[0mk#99f25ef6..[1m}[0m[2m:[0m [2msui_core::consensus_handler[0m[2m:[0m [2mcrates/sui-core/src/consensus_handler.rs[0m[2m:[0m[2m232:[0m Received consensus output [3mconsensus_commit[0m[2m=[0mCommittedSubDag(leader=B349(B,llwT), ref=C339(QxVz), blocks=[I7J0, JJus, llwT]) [3mepoch[0m[2m=[0m1
[2m2025-03-25T07:56:29.495939Z[0m [32m INFO[0m [1mnode[0m[1m{[0m[3mname[0m[2m=[0mk#8dcff6d1..[1m}[0m[2m:[0m [2msui_core::consensus_handler[0m[2m:[0m [2mcrates/sui-core/src/consensus_handler.rs[0m[2m:[0m[2m232:[0m Received consensus output [3mconsensus_commit[0m[2m=[0mCommittedSubDag(leader=B349(B,llwT), ref=C339(QxVz), blocks=[I7J0, JJus, llwT]) [3mepoch[0m[2m=[0m1
[2m2025-03-25T07:56:29.498451Z[0m [32m INFO[0m [1mnode[0m[1m{[0m[3mname[0m[2m=[0mk#addeef94..[1m}[0m[2m:[0m [2mconsensus_core::core[0m[2m:[0m [2mconsensus/core/src/core.rs[0m[2m:[0m[2m630:[0m Committing 1 leaders: B349(B,llwT)
[2m2025-03-25T07:56:29.498563Z[0m [32m INFO[0m [1mnode[0m[1m{[0m[3mname[0m[2m=[0mk#addeef94..[1m}[0m[2m:[0m [2mconsensus_core::commit_observer[0m[2m:[0m [2mconsensus/core/src/commit_observer.rs[0m[2m:[0m[2m173:[0m Consensus commit C339(QxVz) with leader B349(B,llwT) has 3 blocks
[2m2025-03-25T07:56:29.498647Z[0m [32m INFO[0m [1mnode[0m[1m{[0m[3mname[0m[2m=[0mk#addeef94..[1m}[0m[2m:[0m [2msui_core::consensus_handler[0m[2m:[0m [2mcrates/sui-core/src/consensus_handler.rs[0m[2m:[0m[2m232:[0m Received consensus output [3mconsensus_commit[0m[2m=[0mCommittedSubDag(leader=B349(B,llwT), ref=C339(QxVz), blocks=[I7J0, JJus, llwT]) [3mepoch[0m[2m=[0m1
[2m2025-03-25T07:56:29.505883Z[0m [32m INFO[0m [2msui_bridge::eth_syncer[0m[2m:[0m [2mcrates/sui-bridge/src/eth_syncer.rs[0m[2m:[0m[2m120:[0m Observed new finalized eth block: 151
[2m2025-03-25T07:56:29.522877Z[0m [32m INFO[0m [1mnode[0m[1m{[0m[3mname[0m[2m=[0mk#99f25ef6..[1m}[0m[2m:[0m [2msui_core::checkpoints[0m[2m:[0m [2mcrates/sui-core/src/checkpoints/mod.rs[0m[2m:[0m[2m1326:[0m Creating checkpoint(s) for 2 transactions [3mnext_checkpoint_seq[0m[2m=[0m552 [3mcheckpoint_timestamp[0m[2m=[0m1742889388982
[2m2025-03-25T07:56:29.522909Z[0m [32m INFO[0m [1mnode[0m[1m{[0m[3mname[0m[2m=[0mk#8dcff6d1..[1m}[0m[2m:[0m [2msui_core::checkpoints[0m[2m:[0m [2mcrates/sui-core/src/checkpoints/mod.rs[0m[2m:[0m[2m1326:[0m Creating checkpoint(s) for 2 transactions [3mnext_checkpoint_seq[0m[2m=[0m552 [3mcheckpoint_timestamp[0m[2m=[0m1742889388982
[2m2025-03-25T07:56:29.523197Z[0m [32m INFO[0m [1mnode[0m[1m{[0m[3mname[0m[2m=[0mk#8dcff6d1..[1m}[0m[2m:[0m [2msui_core::checkpoints::checkpoint_output[0m[2m:[0m [2mcrates/sui-core/src/checkpoints/checkpoint_output.rs[0m[2m:[0m[2m149:[0m Creating checkpoint CheckpointDigest(61F6oexbQMn1ZoNHdikEs9S7Lc1XZTiarMR1R6FgPS6V) at epoch 1, sequence 552, previous digest Some(CheckpointDigest(DEtMZUHd76LuN9vx5fDnh2wZm78bBFMDSifRr2wxkxJQ)), transactions count 2, content digest CheckpointContentsDigest(ErPFRxVDaEtQ5XaBaNtT4UNQhRkCGV1SHmmjngAC72nv), end_of_epoch_data None
[2m2025-03-25T07:56:29.523197Z[0m [32m INFO[0m [1mnode[0m[1m{[0m[3mname[0m[2m=[0mk#99f25ef6..[1m}[0m[2m:[0m [2msui_core::checkpoints::checkpoint_output[0m[2m:[0m [2mcrates/sui-core/src/checkpoints/checkpoint_output.rs[0m[2m:[0m[2m149:[0m Creating checkpoint CheckpointDigest(61F6oexbQMn1ZoNHdikEs9S7Lc1XZTiarMR1R6FgPS6V) at epoch 1, sequence 552, previous digest Some(CheckpointDigest(DEtMZUHd76LuN9vx5fDnh2wZm78bBFMDSifRr2wxkxJQ)), transactions count 2, content digest CheckpointContentsDigest(ErPFRxVDaEtQ5XaBaNtT4UNQhRkCGV1SHmmjngAC72nv), end_of_epoch_data None
[2m2025-03-25T07:56:29.524851Z[0m [32m INFO[0m [1mnode[0m[1m{[0m[3mname[0m[2m=[0mk#addeef94..[1m}[0m[2m:[0m [2msui_core::checkpoints[0m[2m:[0m [2mcrates/sui-core/src/checkpoints/mod.rs[0m[2m:[0m[2m1326:[0m Creating checkpoint(s) for 2 transactions [3mnext_checkpoint_seq[0m[2m=[0m552 [3mcheckpoint_timestamp[0m[2m=[0m1742889388982
[2m2025-03-25T07:56:29.525107Z[0m [32m INFO[0m [1mnode[0m[1m{[0m[3mname[0m[2m=[0mk#addeef94..[1m}[0m[2m:[0m [2msui_core::checkpoints::checkpoint_output[0m[2m:[0m [2mcrates/sui-core/src/checkpoints/checkpoint_output.rs[0m[2m:[0m[2m149:[0m Creating checkpoint CheckpointDigest(61F6oexbQMn1ZoNHdikEs9S7Lc1XZTiarMR1R6FgPS6V) at epoch 1, sequence 552, previous digest Some(CheckpointDigest(DEtMZUHd76LuN9vx5fDnh2wZm78bBFMDSifRr2wxkxJQ)), transactions count 2, content digest CheckpointContentsDigest(ErPFRxVDaEtQ5XaBaNtT4UNQhRkCGV1SHmmjngAC72nv), end_of_epoch_data None
[2m2025-03-25T07:56:29.526372Z[0m [32m INFO[0m [1mnode[0m[1m{[0m[3mname[0m[2m=[0mk#99f25ef6..[1m}[0m[2m:[0m [2msui_core::checkpoints::checkpoint_output[0m[2m:[0m [2mcrates/sui-core/src/checkpoints/checkpoint_output.rs[0m[2m:[0m[2m196:[0m Certified checkpoint with sequence 551 and digest DEtMZUHd76LuN9vx5fDnh2wZm78bBFMDSifRr2wxkxJQ
[2m2025-03-25T07:56:29.526464Z[0m [32m INFO[0m [1mnode[0m[1m{[0m[3mname[0m[2m=[0mk#8dcff6d1..[1m}[0m[2m:[0m [2msui_core::checkpoints::checkpoint_output[0m[2m:[0m [2mcrates/sui-core/src/checkpoints/checkpoint_output.rs[0m[2m:[0m[2m196:[0m Certified checkpoint with sequence 551 and digest DEtMZUHd76LuN9vx5fDnh2wZm78bBFMDSifRr2wxkxJQ
[2m2025-03-25T07:56:29.526798Z[0m [32m INFO[0m [1mnode[0m[1m{[0m[3mname[0m[2m=[0mk#99f25ef6..[1m}[0m[2m:[0m [2msui_core::checkpoints::checkpoint_executor[0m[2m:[0m [2mcrates/sui-core/src/checkpoints/checkpoint_executor/mod.rs[0m[2m:[0m[2m332:[0m Received checkpoint summary from state sync [3msequence_number[0m[2m=[0m551
[2m2025-03-25T07:56:29.526798Z[0m [32m INFO[0m [1mnode[0m[1m{[0m[3mname[0m[2m=[0mk#8dcff6d1..[1m}[0m[2m:[0m [2msui_core::checkpoints::checkpoint_executor[0m[2m:[0m [2mcrates/sui-core/src/checkpoints/checkpoint_executor/mod.rs[0m[2m:[0m[2m332:[0m Received checkpoint summary from state sync [3msequence_number[0m[2m=[0m551
[2m2025-03-25T07:56:29.527992Z[0m [32m INFO[0m [1mnode[0m[1m{[0m[3mname[0m[2m=[0mk#99f25ef6..[1m}[0m[2m:[0m [2msui_core::state_accumulator[0m[2m:[0m [2mcrates/sui-core/src/state_accumulator.rs[0m[2m:[0m[2m675:[0m accumulating running root for checkpoint 551
[2m2025-03-25T07:56:29.527992Z[0m [32m INFO[0m [1mnode[0m[1m{[0m[3mname[0m[2m=[0mk#8dcff6d1..[1m}[0m[2m:[0m [2msui_core::state_accumulator[0m[2m:[0m [2mcrates/sui-core/src/state_accumulator.rs[0m[2m:[0m[2m675:[0m accumulating running root for checkpoint 551
[2m2025-03-25T07:56:29.530187Z[0m [32m INFO[0m [1mnode[0m[1m{[0m[3mname[0m[2m=[0mk#addeef94..[1m}[0m[2m:[0m [2msui_core::checkpoints::checkpoint_executor[0m[2m:[0m [2mcrates/sui-core/src/checkpoints/checkpoint_executor/mod.rs[0m[2m:[0m[2m332:[0m Received checkpoint summary from state sync [3msequence_number[0m[2m=[0m551
[2m2025-03-25T07:56:29.530917Z[0m [32m INFO[0m [1mnode[0m[1m{[0m[3mname[0m[2m=[0mk#addeef94..[1m}[0m[2m:[0m [2msui_core::state_accumulator[0m[2m:[0m [2mcrates/sui-core/src/state_accumulator.rs[0m[2m:[0m[2m675:[0m accumulating running root for checkpoint 551
[2m2025-03-25T07:56:29.747127Z[0m [32m INFO[0m [1mnode[0m[1m{[0m[3mname[0m[2m=[0mk#99f25ef6..[1m}[0m[2m:[0m [2mconsensus_core::core[0m[2m:[0m [2mconsensus/core/src/core.rs[0m[2m:[0m[2m945:[0m Included 3 ancestors & excluded 0 ancestors for proposal in round 352
[2m2025-03-25T07:56:29.747494Z[0m [32m INFO[0m [1mnode[0m[1m{[0m[3mname[0m[2m=[0mk#99f25ef6..[1m}[0m[2m:[0m [2mconsensus_core::core[0m[2m:[0m [2mconsensus/core/src/core.rs[0m[2m:[0m[2m531:[0m Created block B352(B,2zlYY47zVMwpFLgcjIk1sPRQQ0sqOe7ipg9WmVqaaa4=)(1742889389747ms;[B351(B,APPH1LpyY6vHpQT00sj7tdxFz15AyY3keh9PJ/3OCwo=), B351(A,shslNsm/Koi8VHc5rYpTlDrEPUwvQ5s3eGyOAvAEaoY=), B351(C,DBB3g18V7w9lT2423+4XaIHQ7g0B8hG7v/0WqISdASI=)];1t;1c) for round 352
[2m2025-03-25T07:56:29.749120Z[0m [32m INFO[0m [1mnode[0m[1m{[0m[3mname[0m[2m=[0mk#8dcff6d1..[1m}[0m[2m:[0m [2mconsensus_core::core[0m[2m:[0m [2mconsensus/core/src/core.rs[0m[2m:[0m[2m945:[0m Included 3 ancestors & excluded 0 ancestors for proposal in round 352
[2m2025-03-25T07:56:29.749416Z[0m [32m INFO[0m [1mnode[0m[1m{[0m[3mname[0m[2m=[0mk#8dcff6d1..[1m}[0m[2m:[0m [2mconsensus_core::core[0m[2m:[0m [2mconsensus/core/src/core.rs[0m[2m:[0m[2m531:[0m Created block B352(A,2TKZeMwfPHevURiSzpgso/qSHbOhHQVEl1XLe4UKo2c=)(1742889389749ms;[B351(A,shslNsm/Koi8VHc5rYpTlDrEPUwvQ5s3eGyOAvAEaoY=), B351(B,APPH1LpyY6vHpQT00sj7tdxFz15AyY3keh9PJ/3OCwo=), B351(C,DBB3g18V7w9lT2423+4XaIHQ7g0B8hG7v/0WqISdASI=)];1t;1c) for round 352
[2m2025-03-25T07:56:29.751019Z[0m [32m INFO[0m [1mnode[0m[1m{[0m[3mname[0m[2m=[0mk#addeef94..[1m}[0m[2m:[0m [2mconsensus_core::core[0m[2m:[0m [2mconsensus/core/src/core.rs[0m[2m:[0m[2m945:[0m Included 3 ancestors & excluded 0 ancestors for proposal in round 352
[2m2025-03-25T07:56:29.751317Z[0m [32m INFO[0m [1mnode[0m[1m{[0m[3mname[0m[2m=[0mk#addeef94..[1m}[0m[2m:[0m [2mconsensus_core::core[0m[2m:[0m [2mconsensus/core/src/core.rs[0m[2m:[0m[2m531:[0m Created block B352(C,CfoiuBBKWmI4ILbWYqVq6z0n17ch89t/FDx8SuPUx6c=)(1742889389751ms;[B351(C,DBB3g18V7w9lT2423+4XaIHQ7g0B8hG7v/0WqISdASI=), B351(A,shslNsm/Koi8VHc5rYpTlDrEPUwvQ5s3eGyOAvAEaoY=), B351(B,APPH1LpyY6vHpQT00sj7tdxFz15AyY3keh9PJ/3OCwo=)];1t;1c) for round 352
[2m2025-03-25T07:56:29.751394Z[0m [32m INFO[0m [1mnode[0m[1m{[0m[3mname[0m[2m=[0mk#addeef94..[1m}[0m[2m:[0m [2mconsensus_core::core[0m[2m:[0m [2mconsensus/core/src/core.rs[0m[2m:[0m[2m630:[0m Committing 1 leaders: B350(B,fvoA)
[2m2025-03-25T07:56:29.751463Z[0m [32m INFO[0m [1mnode[0m[1m{[0m[3mname[0m[2m=[0mk#addeef94..[1m}[0m[2m:[0m [2mconsensus_core::commit_observer[0m[2m:[0m [2mconsensus/core/src/commit_observer.rs[0m[2m:[0m[2m173:[0m Consensus commit C340(qQ62) with leader B350(B,fvoA) has 3 blocks
[2m2025-03-25T07:56:29.751702Z[0m [32m INFO[0m [1mnode[0m[1m{[0m[3mname[0m[2m=[0mk#addeef94..[1m}[0m[2m:[0m [2msui_core::consensus_handler[0m[2m:[0m [2mcrates/sui-core/src/consensus_handler.rs[0m[2m:[0m[2m232:[0m Received consensus output [3mconsensus_commit[0m[2m=[0mCommittedSubDag(leader=B350(B,fvoA), ref=C340(qQ62), blocks=[5eq9, x5QU, fvoA]) [3mepoch[0m[2m=[0m1
[2m2025-03-25T07:56:29.754782Z[0m [32m INFO[0m [1mnode[0m[1m{[0m[3mname[0m[2m=[0mk#99f25ef6..[1m}[0m[2m:[0m [2msui_core::checkpoints::checkpoint_output[0m[2m:[0m [2mcrates/sui-core/src/checkpoints/checkpoint_output.rs[0m[2m:[0m[2m196:[0m Certified checkpoint with sequence 552 and digest 61F6oexbQMn1ZoNHdikEs9S7Lc1XZTiarMR1R6FgPS6V
[2m2025-03-25T07:56:29.754799Z[0m [32m INFO[0m [1mnode[0m[1m{[0m[3mname[0m[2m=[0mk#8dcff6d1..[1m}[0m[2m:[0m [2msui_core::checkpoints::checkpoint_output[0m[2m:[0m [2mcrates/sui-core/src/checkpoints/checkpoint_output.rs[0m[2m:[0m[2m196:[0m Certified checkpoint with sequence 552 and digest 61F6oexbQMn1ZoNHdikEs9S7Lc1XZTiarMR1R6FgPS6V
[2m2025-03-25T07:56:29.754890Z[0m [32m INFO[0m [1mnode[0m[1m{[0m[3mname[0m[2m=[0mk#99f25ef6..[1m}[0m[2m:[0m [2mconsensus_core::core[0m[2m:[0m [2mconsensus/core/src/core.rs[0m[2m:[0m[2m630:[0m Committing 1 leaders: B350(B,fvoA)
[2m2025-03-25T07:56:29.754904Z[0m [32m INFO[0m [1mnode[0m[1m{[0m[3mname[0m[2m=[0mk#8dcff6d1..[1m}[0m[2m:[0m [2mconsensus_core::core[0m[2m:[0m [2mconsensus/core/src/core.rs[0m[2m:[0m[2m630:[0m Committing 1 leaders: B350(B,fvoA)
[2m2025-03-25T07:56:29.754994Z[0m [32m INFO[0m [1mnode[0m[1m{[0m[3mname[0m[2m=[0mk#99f25ef6..[1m}[0m[2m:[0m [2mconsensus_core::commit_observer[0m[2m:[0m [2mconsensus/core/src/commit_observer.rs[0m[2m:[0m[2m173:[0m Consensus commit C340(qQ62) with leader B350(B,fvoA) has 3 blocks
[2m2025-03-25T07:56:29.755003Z[0m [32m INFO[0m [1mnode[0m[1m{[0m[3mname[0m[2m=[0mk#8dcff6d1..[1m}[0m[2m:[0m [2mconsensus_core::commit_observer[0m[2m:[0m [2mconsensus/core/src/commit_observer.rs[0m[2m:[0m[2m173:[0m Consensus commit C340(qQ62) with leader B350(B,fvoA) has 3 blocks
[2m2025-03-25T07:56:29.755437Z[0m [32m INFO[0m [1mnode[0m[1m{[0m[3mname[0m[2m=[0mk#99f25ef6..[1m}[0m[2m:[0m [2msui_core::consensus_handler[0m[2m:[0m [2mcrates/sui-core/src/consensus_handler.rs[0m[2m:[0m[2m232:[0m Received consensus output [3mconsensus_commit[0m[2m=[0mCommittedSubDag(leader=B350(B,fvoA), ref=C340(qQ62), blocks=[5eq9, x5QU, fvoA]) [3mepoch[0m[2m=[0m1
[2m2025-03-25T07:56:29.755438Z[0m [32m INFO[0m [1mnode[0m[1m{[0m[3mname[0m[2m=[0mk#8dcff6d1..[1m}[0m[2m:[0m [2msui_core::consensus_handler[0m[2m:[0m [2mcrates/sui-core/src/consensus_handler.rs[0m[2m:[0m[2m232:[0m Received consensus output [3mconsensus_commit[0m[2m=[0mCommittedSubDag(leader=B350(B,fvoA), ref=C340(qQ62), blocks=[5eq9, x5QU, fvoA]) [3mepoch[0m[2m=[0m1
[2m2025-03-25T07:56:29.756055Z[0m [32m INFO[0m [1mnode[0m[1m{[0m[3mname[0m[2m=[0mk#8dcff6d1..[1m}[0m[2m:[0m [2msui_core::checkpoints::checkpoint_executor[0m[2m:[0m [2mcrates/sui-core/src/checkpoints/checkpoint_executor/mod.rs[0m[2m:[0m[2m332:[0m Received checkpoint summary from state sync [3msequence_number[0m[2m=[0m552
[2m2025-03-25T07:56:29.756055Z[0m [32m INFO[0m [1mnode[0m[1m{[0m[3mname[0m[2m=[0mk#99f25ef6..[1m}[0m[2m:[0m [2msui_core::checkpoints::checkpoint_executor[0m[2m:[0m [2mcrates/sui-core/src/checkpoints/checkpoint_executor/mod.rs[0m[2m:[0m[2m332:[0m Received checkpoint summary from state sync [3msequence_number[0m[2m=[0m552
[2m2025-03-25T07:56:29.769643Z[0m [32m INFO[0m [1mnode[0m[1m{[0m[3mname[0m[2m=[0mk#99f25ef6..[1m}[0m[2m:[0m [2msui_core::state_accumulator[0m[2m:[0m [2mcrates/sui-core/src/state_accumulator.rs[0m[2m:[0m[2m675:[0m accumulating running root for checkpoint 552
[2m2025-03-25T07:56:29.769643Z[0m [32m INFO[0m [1mnode[0m[1m{[0m[3mname[0m[2m=[0mk#8dcff6d1..[1m}[0m[2m:[0m [2msui_core::state_accumulator[0m[2m:[0m [2mcrates/sui-core/src/state_accumulator.rs[0m[2m:[0m[2m675:[0m accumulating running root for checkpoint 552
[2m2025-03-25T07:56:29.795961Z[0m [32m INFO[0m [1mnode[0m[1m{[0m[3mname[0m[2m=[0mk#addeef94..[1m}[0m[2m:[0m [2msui_core::checkpoints[0m[2m:[0m [2mcrates/sui-core/src/checkpoints/mod.rs[0m[2m:[0m[2m1326:[0m Creating checkpoint(s) for 1 transactions [3mnext_checkpoint_seq[0m[2m=[0m553 [3mcheckpoint_timestamp[0m[2m=[0m1742889389235
[2m2025-03-25T07:56:29.796197Z[0m [32m INFO[0m [1mnode[0m[1m{[0m[3mname[0m[2m=[0mk#addeef94..[1m}[0m[2m:[0m [2msui_core::checkpoints::checkpoint_output[0m[2m:[0m [2mcrates/sui-core/src/checkpoints/checkpoint_output.rs[0m[2m:[0m[2m149:[0m Creating checkpoint CheckpointDigest(EWoVTbF1AwDRqVR5i4csJddBFsee3xcfXrtrShnm5sgH) at epoch 1, sequence 553, previous digest Some(CheckpointDigest(61F6oexbQMn1ZoNHdikEs9S7Lc1XZTiarMR1R6FgPS6V)), transactions count 1, content digest CheckpointContentsDigest(cKKDWPEbrZUJknMRpr7E9ftdYz43wiC1KEZuH9P5cFw), end_of_epoch_data None
[2m2025-03-25T07:56:29.801003Z[0m [32m INFO[0m [1mnode[0m[1m{[0m[3mname[0m[2m=[0mk#8dcff6d1..[1m}[0m[2m:[0m [2msui_core::checkpoints[0m[2m:[0m [2mcrates/sui-core/src/checkpoints/mod.rs[0m[2m:[0m[2m1326:[0m Creating checkpoint(s) for 1 transactions [3mnext_checkpoint_seq[0m[2m=[0m553 [3mcheckpoint_timestamp[0m[2m=[0m1742889389235
[2m2025-03-25T07:56:29.801165Z[0m [32m INFO[0m [1mnode[0m[1m{[0m[3mname[0m[2m=[0mk#99f25ef6..[1m}[0m[2m:[0m [2msui_core::checkpoints[0m[2m:[0m [2mcrates/sui-core/src/checkpoints/mod.rs[0m[2m:[0m[2m1326:[0m Creating checkpoint(s) for 1 transactions [3mnext_checkpoint_seq[0m[2m=[0m553 [3mcheckpoint_timestamp[0m[2m=[0m1742889389235
[2m2025-03-25T07:56:29.801183Z[0m [32m INFO[0m [1mnode[0m[1m{[0m[3mname[0m[2m=[0mk#8dcff6d1..[1m}[0m[2m:[0m [2msui_core::checkpoints::checkpoint_output[0m[2m:[0m [2mcrates/sui-core/src/checkpoints/checkpoint_output.rs[0m[2m:[0m[2m149:[0m Creating checkpoint CheckpointDigest(EWoVTbF1AwDRqVR5i4csJddBFsee3xcfXrtrShnm5sgH) at epoch 1, sequence 553, previous digest Some(CheckpointDigest(61F6oexbQMn1ZoNHdikEs9S7Lc1XZTiarMR1R6FgPS6V)), transactions count 1, content digest CheckpointContentsDigest(cKKDWPEbrZUJknMRpr7E9ftdYz43wiC1KEZuH9P5cFw), end_of_epoch_data None
[2m2025-03-25T07:56:29.801333Z[0m [32m INFO[0m [1mnode[0m[1m{[0m[3mname[0m[2m=[0mk#99f25ef6..[1m}[0m[2m:[0m [2msui_core::checkpoints::checkpoint_output[0m[2m:[0m [2mcrates/sui-core/src/checkpoints/checkpoint_output.rs[0m[2m:[0m[2m149:[0m Creating checkpoint CheckpointDigest(EWoVTbF1AwDRqVR5i4csJddBFsee3xcfXrtrShnm5sgH) at epoch 1, sequence 553, previous digest Some(CheckpointDigest(61F6oexbQMn1ZoNHdikEs9S7Lc1XZTiarMR1R6FgPS6V)), transactions count 1, content digest CheckpointContentsDigest(cKKDWPEbrZUJknMRpr7E9ftdYz43wiC1KEZuH9P5cFw), end_of_epoch_data None
[2m2025-03-25T07:56:29.862612Z[0m [32m INFO[0m [1mnode[0m[1m{[0m[3mname[0m[2m=[0mk#addeef94..[1m}[0m[2m:[0m [2msui_core::checkpoints::checkpoint_executor[0m[2m:[0m [2mcrates/sui-core/src/checkpoints/checkpoint_executor/mod.rs[0m[2m:[0m[2m332:[0m Received checkpoint summary from state sync [3msequence_number[0m[2m=[0m552
[2m2025-03-25T07:56:29.864098Z[0m [32m INFO[0m [1mnode[0m[1m{[0m[3mname[0m[2m=[0mk#addeef94..[1m}[0m[2m:[0m [2msui_core::state_accumulator[0m[2m:[0m [2mcrates/sui-core/src/state_accumulator.rs[0m[2m:[0m[2m675:[0m accumulating running root for checkpoint 552
[2m2025-03-25T07:56:30.004219Z[0m [32m INFO[0m [1mnode[0m[1m{[0m[3mname[0m[2m=[0mk#addeef94..[1m}[0m[2m:[0m [2mconsensus_core::core[0m[2m:[0m [2mconsensus/core/src/core.rs[0m[2m:[0m[2m945:[0m Included 3 ancestors & excluded 0 ancestors for proposal in round 353
[2m2025-03-25T07:56:30.004645Z[0m [32m INFO[0m [1mnode[0m[1m{[0m[3mname[0m[2m=[0mk#addeef94..[1m}[0m[2m:[0m [2mconsensus_core::core[0m[2m:[0m [2mconsensus/core/src/core.rs[0m[2m:[0m[2m531:[0m Created block B353(C,g41D9406oej1/Uv2n0ZuZoRtzGX4W1eJ2loKfuZs7H8=)(1742889390004ms;[B352(C,CfoiuBBKWmI4ILbWYqVq6z0n17ch89t/FDx8SuPUx6c=), B352(A,2TKZeMwfPHevURiSzpgso/qSHbOhHQVEl1XLe4UKo2c=), B352(B,2zlYY47zVMwpFLgcjIk1sPRQQ0sqOe7ipg9WmVqaaa4=)];1t;1c) for round 353
[2m2025-03-25T07:56:30.006738Z[0m [32m INFO[0m [1mnode[0m[1m{[0m[3mname[0m[2m=[0mk#99f25ef6..[1m}[0m[2m:[0m [2mconsensus_core::core[0m[2m:[0m [2mconsensus/core/src/core.rs[0m[2m:[0m[2m945:[0m Included 3 ancestors & excluded 0 ancestors for proposal in round 353
[2m2025-03-25T07:56:30.006738Z[0m [32m INFO[0m [1mnode[0m[1m{[0m[3mname[0m[2m=[0mk#8dcff6d1..[1m}[0m[2m:[0m [2mconsensus_core::core[0m[2m:[0m [2mconsensus/core/src/core.rs[0m[2m:[0m[2m945:[0m Included 3 ancestors & excluded 0 ancestors for proposal in round 353
[2m2025-03-25T07:56:30.007036Z[0m [32m INFO[0m [1mnode[0m[1m{[0m[3mname[0m[2m=[0mk#8dcff6d1..[1m}[0m[2m:[0m [2mconsensus_core::core[0m[2m:[0m [2mconsensus/core/src/core.rs[0m[2m:[0m[2m531:[0m Created block B353(A,FPLiUKZtnRLg+9wPKLjyKr/DC0VyyGowV98sNACDw+I=)(1742889390006ms;[B352(A,2TKZeMwfPHevURiSzpgso/qSHbOhHQVEl1XLe4UKo2c=), B352(B,2zlYY47zVMwpFLgcjIk1sPRQQ0sqOe7ipg9WmVqaaa4=), B352(C,CfoiuBBKWmI4ILbWYqVq6z0n17ch89t/FDx8SuPUx6c=)];1t;1c) for round 353
[2m2025-03-25T07:56:30.007034Z[0m [32m INFO[0m [1mnode[0m[1m{[0m[3mname[0m[2m=[0mk#99f25ef6..[1m}[0m[2m:[0m [2mconsensus_core::core[0m[2m:[0m [2mconsensus/core/src/core.rs[0m[2m:[0m[2m531:[0m Created block B353(B,lTB0+8RNIUVs9WfRwUMOMIl3gVadp+mCGR2EVjcA7to=)(1742889390006ms;[B352(B,2zlYY47zVMwpFLgcjIk1sPRQQ0sqOe7ipg9WmVqaaa4=), B352(A,2TKZeMwfPHevURiSzpgso/qSHbOhHQVEl1XLe4UKo2c=), B352(C,CfoiuBBKWmI4ILbWYqVq6z0n17ch89t/FDx8SuPUx6c=)];1t;1c) for round 353
[2m2025-03-25T07:56:30.007109Z[0m [32m INFO[0m [1mnode[0m[1m{[0m[3mname[0m[2m=[0mk#99f25ef6..[1m}[0m[2m:[0m [2mconsensus_core::core[0m[2m:[0m [2mconsensus/core/src/core.rs[0m[2m:[0m[2m630:[0m Committing 1 leaders: B351(C,DBB3)
[2m2025-03-25T07:56:30.007109Z[0m [32m INFO[0m [1mnode[0m[1m{[0m[3mname[0m[2m=[0mk#8dcff6d1..[1m}[0m[2m:[0m [2mconsensus_core::core[0m[2m:[0m [2mconsensus/core/src/core.rs[0m[2m:[0m[2m630:[0m Committing 1 leaders: B351(C,DBB3)
[2m2025-03-25T07:56:30.007184Z[0m [32m INFO[0m [1mnode[0m[1m{[0m[3mname[0m[2m=[0mk#8dcff6d1..[1m}[0m[2m:[0m [2mconsensus_core::commit_observer[0m[2m:[0m [2mconsensus/core/src/commit_observer.rs[0m[2m:[0m[2m173:[0m Consensus commit C341(US0s) with leader B351(C,DBB3) has 3 blocks
[2m2025-03-25T07:56:30.007184Z[0m [32m INFO[0m [1mnode[0m[1m{[0m[3mname[0m[2m=[0mk#99f25ef6..[1m}[0m[2m:[0m [2mconsensus_core::commit_observer[0m[2m:[0m [2mconsensus/core/src/commit_observer.rs[0m[2m:[0m[2m173:[0m Consensus commit C341(US0s) with leader B351(C,DBB3) has 3 blocks
[2m2025-03-25T07:56:30.007282Z[0m [32m INFO[0m [1mnode[0m[1m{[0m[3mname[0m[2m=[0mk#8dcff6d1..[1m}[0m[2m:[0m [2msui_core::consensus_handler[0m[2m:[0m [2mcrates/sui-core/src/consensus_handler.rs[0m[2m:[0m[2m232:[0m Received consensus output [3mconsensus_commit[0m[2m=[0mCommittedSubDag(leader=B351(C,DBB3), ref=C341(US0s), blocks=[yjxk, dX2A, DBB3]) [3mepoch[0m[2m=[0m1
[2m2025-03-25T07:56:30.007282Z[0m [32m INFO[0m [1mnode[0m[1m{[0m[3mname[0m[2m=[0mk#99f25ef6..[1m}[0m[2m:[0m [2msui_core::consensus_handler[0m[2m:[0m [2mcrates/sui-core/src/consensus_handler.rs[0m[2m:[0m[2m232:[0m Received consensus output [3mconsensus_commit[0m[2m=[0mCommittedSubDag(leader=B351(C,DBB3), ref=C341(US0s), blocks=[yjxk, dX2A, DBB3]) [3mepoch[0m[2m=[0m1
[2m2025-03-25T07:56:30.009738Z[0m [32m INFO[0m [1mnode[0m[1m{[0m[3mname[0m[2m=[0mk#addeef94..[1m}[0m[2m:[0m [2mconsensus_core::core[0m[2m:[0m [2mconsensus/core/src/core.rs[0m[2m:[0m[2m630:[0m Committing 1 leaders: B351(C,DBB3)
[2m2025-03-25T07:56:30.009833Z[0m [32m INFO[0m [1mnode[0m[1m{[0m[3mname[0m[2m=[0mk#addeef94..[1m}[0m[2m:[0m [2mconsensus_core::commit_observer[0m[2m:[0m [2mconsensus/core/src/commit_observer.rs[0m[2m:[0m[2m173:[0m Consensus commit C341(US0s) with leader B351(C,DBB3) has 3 blocks
[2m2025-03-25T07:56:30.009911Z[0m [32m INFO[0m [1mnode[0m[1m{[0m[3mname[0m[2m=[0mk#addeef94..[1m}[0m[2m:[0m [2msui_core::consensus_handler[0m[2m:[0m [2mcrates/sui-core/src/consensus_handler.rs[0m[2m:[0m[2m232:[0m Received consensus output [3mconsensus_commit[0m[2m=[0mCommittedSubDag(leader=B351(C,DBB3), ref=C341(US0s), blocks=[yjxk, dX2A, DBB3]) [3mepoch[0m[2m=[0m1
[2m2025-03-25T07:56:30.033965Z[0m [32m INFO[0m [1mnode[0m[1m{[0m[3mname[0m[2m=[0mk#8dcff6d1..[1m}[0m[2m:[0m [2msui_core::checkpoints[0m[2m:[0m [2mcrates/sui-core/src/checkpoints/mod.rs[0m[2m:[0m[2m1326:[0m Creating checkpoint(s) for 2 transactions [3mnext_checkpoint_seq[0m[2m=[0m554 [3mcheckpoint_timestamp[0m[2m=[0m1742889389493
[2m2025-03-25T07:56:30.033966Z[0m [32m INFO[0m [1mnode[0m[1m{[0m[3mname[0m[2m=[0mk#99f25ef6..[1m}[0m[2m:[0m [2msui_core::checkpoints[0m[2m:[0m [2mcrates/sui-core/src/checkpoints/mod.rs[0m[2m:[0m[2m1326:[0m Creating checkpoint(s) for 2 transactions [3mnext_checkpoint_seq[0m[2m=[0m554 [3mcheckpoint_timestamp[0m[2m=[0m1742889389493
[2m2025-03-25T07:56:30.034277Z[0m [32m INFO[0m [1mnode[0m[1m{[0m[3mname[0m[2m=[0mk#99f25ef6..[1m}[0m[2m:[0m [2msui_core::checkpoints::checkpoint_output[0m[2m:[0m [2mcrates/sui-core/src/checkpoints/checkpoint_output.rs[0m[2m:[0m[2m149:[0m Creating checkpoint CheckpointDigest(Hpw9LMZrGeUNpaPxqwhxs3TFbqsJAuBm2opgacmf2N3S) at epoch 1, sequence 554, previous digest Some(CheckpointDigest(EWoVTbF1AwDRqVR5i4csJddBFsee3xcfXrtrShnm5sgH)), transactions count 2, content digest CheckpointContentsDigest(7TyX8mWKXcAKtnyZadJwvoSNkKkDapvCpe2NqS32L9tA), end_of_epoch_data None
[2m2025-03-25T07:56:30.034277Z[0m [32m INFO[0m [1mnode[0m[1m{[0m[3mname[0m[2m=[0mk#8dcff6d1..[1m}[0m[2m:[0m [2msui_core::checkpoints::checkpoint_output[0m[2m:[0m [2mcrates/sui-core/src/checkpoints/checkpoint_output.rs[0m[2m:[0m[2m149:[0m Creating checkpoint CheckpointDigest(Hpw9LMZrGeUNpaPxqwhxs3TFbqsJAuBm2opgacmf2N3S) at epoch 1, sequence 554, previous digest Some(CheckpointDigest(EWoVTbF1AwDRqVR5i4csJddBFsee3xcfXrtrShnm5sgH)), transactions count 2, content digest CheckpointContentsDigest(7TyX8mWKXcAKtnyZadJwvoSNkKkDapvCpe2NqS32L9tA), end_of_epoch_data None
[2m2025-03-25T07:56:30.035851Z[0m [32m INFO[0m [1mnode[0m[1m{[0m[3mname[0m[2m=[0mk#addeef94..[1m}[0m[2m:[0m [2msui_core::checkpoints[0m[2m:[0m [2mcrates/sui-core/src/checkpoints/mod.rs[0m[2m:[0m[2m1326:[0m Creating checkpoint(s) for 2 transactions [3mnext_checkpoint_seq[0m[2m=[0m554 [3mcheckpoint_timestamp[0m[2m=[0m1742889389493
[2m2025-03-25T07:56:30.036099Z[0m [32m INFO[0m [1mnode[0m[1m{[0m[3mname[0m[2m=[0mk#addeef94..[1m}[0m[2m:[0m [2msui_core::checkpoints::checkpoint_output[0m[2m:[0m [2mcrates/sui-core/src/checkpoints/checkpoint_output.rs[0m[2m:[0m[2m149:[0m Creating checkpoint CheckpointDigest(Hpw9LMZrGeUNpaPxqwhxs3TFbqsJAuBm2opgacmf2N3S) at epoch 1, sequence 554, previous digest Some(CheckpointDigest(EWoVTbF1AwDRqVR5i4csJddBFsee3xcfXrtrShnm5sgH)), transactions count 2, content digest CheckpointContentsDigest(7TyX8mWKXcAKtnyZadJwvoSNkKkDapvCpe2NqS32L9tA), end_of_epoch_data None
[2m2025-03-25T07:56:30.037372Z[0m [32m INFO[0m [1mnode[0m[1m{[0m[3mname[0m[2m=[0mk#99f25ef6..[1m}[0m[2m:[0m [2msui_core::checkpoints::checkpoint_output[0m[2m:[0m [2mcrates/sui-core/src/checkpoints/checkpoint_output.rs[0m[2m:[0m[2m196:[0m Certified checkpoint with sequence 553 and digest EWoVTbF1AwDRqVR5i4csJddBFsee3xcfXrtrShnm5sgH
[2m2025-03-25T07:56:30.037435Z[0m [32m INFO[0m [1mnode[0m[1m{[0m[3mname[0m[2m=[0mk#8dcff6d1..[1m}[0m[2m:[0m [2msui_core::checkpoints::checkpoint_output[0m[2m:[0m [2mcrates/sui-core/src/checkpoints/checkpoint_output.rs[0m[2m:[0m[2m196:[0m Certified checkpoint with sequence 553 and digest EWoVTbF1AwDRqVR5i4csJddBFsee3xcfXrtrShnm5sgH
[2m2025-03-25T07:56:30.037797Z[0m [32m INFO[0m [1mnode[0m[1m{[0m[3mname[0m[2m=[0mk#8dcff6d1..[1m}[0m[2m:[0m [2msui_core::checkpoints::checkpoint_executor[0m[2m:[0m [2mcrates/sui-core/src/checkpoints/checkpoint_executor/mod.rs[0m[2m:[0m[2m332:[0m Received checkpoint summary from state sync [3msequence_number[0m[2m=[0m553
[2m2025-03-25T07:56:30.037797Z[0m [32m INFO[0m [1mnode[0m[1m{[0m[3mname[0m[2m=[0mk#99f25ef6..[1m}[0m[2m:[0m [2msui_core::checkpoints::checkpoint_executor[0m[2m:[0m [2mcrates/sui-core/src/checkpoints/checkpoint_executor/mod.rs[0m[2m:[0m[2m332:[0m Received checkpoint summary from state sync [3msequence_number[0m[2m=[0m553
[2m2025-03-25T07:56:30.038963Z[0m [32m INFO[0m [1mnode[0m[1m{[0m[3mname[0m[2m=[0mk#99f25ef6..[1m}[0m[2m:[0m [2msui_core::state_accumulator[0m[2m:[0m [2mcrates/sui-core/src/state_accumulator.rs[0m[2m:[0m[2m675:[0m accumulating running root for checkpoint 553
[2m2025-03-25T07:56:30.038963Z[0m [32m INFO[0m [1mnode[0m[1m{[0m[3mname[0m[2m=[0mk#8dcff6d1..[1m}[0m[2m:[0m [2msui_core::state_accumulator[0m[2m:[0m [2mcrates/sui-core/src/state_accumulator.rs[0m[2m:[0m[2m675:[0m accumulating running root for checkpoint 553
[2m2025-03-25T07:56:30.041144Z[0m [32m INFO[0m [1mnode[0m[1m{[0m[3mname[0m[2m=[0mk#addeef94..[1m}[0m[2m:[0m [2msui_core::checkpoints::checkpoint_executor[0m[2m:[0m [2mcrates/sui-core/src/checkpoints/checkpoint_executor/mod.rs[0m[2m:[0m[2m332:[0m Received checkpoint summary from state sync [3msequence_number[0m[2m=[0m553
[2m2025-03-25T07:56:30.041862Z[0m [32m INFO[0m [1mnode[0m[1m{[0m[3mname[0m[2m=[0mk#addeef94..[1m}[0m[2m:[0m [2msui_core::state_accumulator[0m[2m:[0m [2mcrates/sui-core/src/state_accumulator.rs[0m[2m:[0m[2m675:[0m accumulating running root for checkpoint 553
[2m2025-03-25T07:56:30.249597Z[0m [32m INFO[0m [1mnode[0m[1m{[0m[3mname[0m[2m=[0mk#99f25ef6..[1m}[0m[2m:[0m[1mjwk_updater_task[0m[1m{[0m[3mepoch[0m[2m=[0m1[1m}[0m[2m:[0m [2msui_node[0m[2m:[0m [2mcrates/sui-node/src/lib.rs[0m[2m:[0m[2m376:[0m fetching JWK for provider Arden
[2m2025-03-25T07:56:30.260182Z[0m [32m INFO[0m [1mnode[0m[1m{[0m[3mname[0m[2m=[0mk#8dcff6d1..[1m}[0m[2m:[0m [2mconsensus_core::core[0m[2m:[0m [2mconsensus/core/src/core.rs[0m[2m:[0m[2m945:[0m Included 3 ancestors & excluded 0 ancestors for proposal in round 354
[2m2025-03-25T07:56:30.260574Z[0m [32m INFO[0m [1mnode[0m[1m{[0m[3mname[0m[2m=[0mk#8dcff6d1..[1m}[0m[2m:[0m [2mconsensus_core::core[0m[2m:[0m [2mconsensus/core/src/core.rs[0m[2m:[0m[2m531:[0m Created block B354(A,oImLJmA3C3dJAUn8fV4i8hH5onPGUCUGQ6ZViCIgy6g=)(1742889390260ms;[B353(A,FPLiUKZtnRLg+9wPKLjyKr/DC0VyyGowV98sNACDw+I=), B353(B,lTB0+8RNIUVs9WfRwUMOMIl3gVadp+mCGR2EVjcA7to=), B353(C,g41D9406oej1/Uv2n0ZuZoRtzGX4W1eJ2loKfuZs7H8=)];1t;1c) for round 354
[2m2025-03-25T07:56:30.262289Z[0m [32m INFO[0m [1mnode[0m[1m{[0m[3mname[0m[2m=[0mk#addeef94..[1m}[0m[2m:[0m [2mconsensus_core::core[0m[2m:[0m [2mconsensus/core/src/core.rs[0m[2m:[0m[2m945:[0m Included 3 ancestors & excluded 0 ancestors for proposal in round 354
[2m2025-03-25T07:56:30.262594Z[0m [32m INFO[0m [1mnode[0m[1m{[0m[3mname[0m[2m=[0mk#addeef94..[1m}[0m[2m:[0m [2mconsensus_core::core[0m[2m:[0m [2mconsensus/core/src/core.rs[0m[2m:[0m[2m531:[0m Created block B354(C,Hnd7Dj5ZbcaeNBLG0d/GQE35VtAb9S07AYpRpKzvqpk=)(1742889390262ms;[B353(C,g41D9406oej1/Uv2n0ZuZoRtzGX4W1eJ2loKfuZs7H8=), B353(A,FPLiUKZtnRLg+9wPKLjyKr/DC0VyyGowV98sNACDw+I=), B353(B,lTB0+8RNIUVs9WfRwUMOMIl3gVadp+mCGR2EVjcA7to=)];1t;1c) for round 354
[2m2025-03-25T07:56:30.262739Z[0m [32m INFO[0m [1mnode[0m[1m{[0m[3mname[0m[2m=[0mk#addeef94..[1m}[0m[2m:[0m [2mconsensus_core::core[0m[2m:[0m [2mconsensus/core/src/core.rs[0m[2m:[0m[2m630:[0m Committing 1 leaders: B352(B,2zlY)
[2m2025-03-25T07:56:30.262829Z[0m [32m INFO[0m [1mnode[0m[1m{[0m[3mname[0m[2m=[0mk#addeef94..[1m}[0m[2m:[0m [2mconsensus_core::commit_observer[0m[2m:[0m [2mconsensus/core/src/commit_observer.rs[0m[2m:[0m[2m173:[0m Consensus commit C342(e+l8) with leader B352(B,2zlY) has 3 blocks
[2m2025-03-25T07:56:30.263171Z[0m [32m INFO[0m [1mnode[0m[1m{[0m[3mname[0m[2m=[0mk#addeef94..[1m}[0m[2m:[0m [2msui_core::consensus_handler[0m[2m:[0m [2mcrates/sui-core/src/consensus_handler.rs[0m[2m:[0m[2m232:[0m Received consensus output [3mconsensus_commit[0m[2m=[0mCommittedSubDag(leader=B352(B,2zlY), ref=C342(e+l8), blocks=[shsl, APPH, 2zlY]) [3mepoch[0m[2m=[0m1
[2m2025-03-25T07:56:30.265580Z[0m [32m INFO[0m [1mnode[0m[1m{[0m[3mname[0m[2m=[0mk#8dcff6d1..[1m}[0m[2m:[0m [2mconsensus_core::core[0m[2m:[0m [2mconsensus/core/src/core.rs[0m[2m:[0m[2m630:[0m Committing 1 leaders: B352(B,2zlY)
[2m2025-03-25T07:56:30.265671Z[0m [32m INFO[0m [1mnode[0m[1m{[0m[3mname[0m[2m=[0mk#8dcff6d1..[1m}[0m[2m:[0m [2mconsensus_core::commit_observer[0m[2m:[0m [2mconsensus/core/src/commit_observer.rs[0m[2m:[0m[2m173:[0m Consensus commit C342(e+l8) with leader B352(B,2zlY) has 3 blocks
[2m2025-03-25T07:56:30.265746Z[0m [32m INFO[0m [1mnode[0m[1m{[0m[3mname[0m[2m=[0mk#8dcff6d1..[1m}[0m[2m:[0m [2msui_core::consensus_handler[0m[2m:[0m [2mcrates/sui-core/src/consensus_handler.rs[0m[2m:[0m[2m232:[0m Received consensus output [3mconsensus_commit[0m[2m=[0mCommittedSubDag(leader=B352(B,2zlY), ref=C342(e+l8), blocks=[shsl, APPH, 2zlY]) [3mepoch[0m[2m=[0m1
[2m2025-03-25T07:56:30.307988Z[0m [32m INFO[0m [1mnode[0m[1m{[0m[3mname[0m[2m=[0mk#addeef94..[1m}[0m[2m:[0m [2msui_core::checkpoints[0m[2m:[0m [2mcrates/sui-core/src/checkpoints/mod.rs[0m[2m:[0m[2m1326:[0m Creating checkpoint(s) for 1 transactions [3mnext_checkpoint_seq[0m[2m=[0m555 [3mcheckpoint_timestamp[0m[2m=[0m1742889389747
[2m2025-03-25T07:56:30.308224Z[0m [32m INFO[0m [1mnode[0m[1m{[0m[3mname[0m[2m=[0mk#addeef94..[1m}[0m[2m:[0m [2msui_core::checkpoints::checkpoint_output[0m[2m:[0m [2mcrates/sui-core/src/checkpoints/checkpoint_output.rs[0m[2m:[0m[2m149:[0m Creating checkpoint CheckpointDigest(6cbViZrHupssEydoq2FhNyAcyomhVbfoLtuChvFzTVX5) at epoch 1, sequence 555, previous digest Some(CheckpointDigest(Hpw9LMZrGeUNpaPxqwhxs3TFbqsJAuBm2opgacmf2N3S)), transactions count 1, content digest CheckpointContentsDigest(5sMryVKJv6ESHeDmASnEXsvnBZQphVxqRUhu7i6uAG2R), end_of_epoch_data None
[2m2025-03-25T07:56:30.309203Z[0m [32m INFO[0m [1mnode[0m[1m{[0m[3mname[0m[2m=[0mk#8dcff6d1..[1m}[0m[2m:[0m [2msui_core::checkpoints[0m[2m:[0m [2mcrates/sui-core/src/checkpoints/mod.rs[0m[2m:[0m[2m1326:[0m Creating checkpoint(s) for 1 transactions [3mnext_checkpoint_seq[0m[2m=[0m555 [3mcheckpoint_timestamp[0m[2m=[0m1742889389747
[2m2025-03-25T07:56:30.309380Z[0m [32m INFO[0m [1mnode[0m[1m{[0m[3mname[0m[2m=[0mk#8dcff6d1..[1m}[0m[2m:[0m [2msui_core::checkpoints::checkpoint_output[0m[2m:[0m [2mcrates/sui-core/src/checkpoints/checkpoint_output.rs[0m[2m:[0m[2m149:[0m Creating checkpoint CheckpointDigest(6cbViZrHupssEydoq2FhNyAcyomhVbfoLtuChvFzTVX5) at epoch 1, sequence 555, previous digest Some(CheckpointDigest(Hpw9LMZrGeUNpaPxqwhxs3TFbqsJAuBm2opgacmf2N3S)), transactions count 1, content digest CheckpointContentsDigest(5sMryVKJv6ESHeDmASnEXsvnBZQphVxqRUhu7i6uAG2R), end_of_epoch_data None
[2m2025-03-25T07:56:30.374124Z[0m [32m INFO[0m [1mnode[0m[1m{[0m[3mname[0m[2m=[0mk#99f25ef6..[1m}[0m[2m:[0m [2mconsensus_core::core[0m[2m:[0m [2mconsensus/core/src/core.rs[0m[2m:[0m[2m945:[0m Included 3 ancestors & excluded 0 ancestors for proposal in round 354
[2m2025-03-25T07:56:30.374463Z[0m [32m INFO[0m [1mnode[0m[1m{[0m[3mname[0m[2m=[0mk#99f25ef6..[1m}[0m[2m:[0m [2mconsensus_core::core[0m[2m:[0m [2mconsensus/core/src/core.rs[0m[2m:[0m[2m531:[0m Created block B354(B,hAk/U/FXeDODvN35+uRA60cfg/FakYwd0dx5upVsww8=)(1742889390374ms;[B353(B,lTB0+8RNIUVs9WfRwUMOMIl3gVadp+mCGR2EVjcA7to=), B353(A,FPLiUKZtnRLg+9wPKLjyKr/DC0VyyGowV98sNACDw+I=), B353(C,g41D9406oej1/Uv2n0ZuZoRtzGX4W1eJ2loKfuZs7H8=)];1t;1c) for round 354
[2m2025-03-25T07:56:30.374686Z[0m [32m INFO[0m [1mnode[0m[1m{[0m[3mname[0m[2m=[0mk#99f25ef6..[1m}[0m[2m:[0m [2mconsensus_core::core[0m[2m:[0m [2mconsensus/core/src/core.rs[0m[2m:[0m[2m630:[0m Committing 1 leaders: B352(B,2zlY)
[2m2025-03-25T07:56:30.374786Z[0m [32m INFO[0m [1mnode[0m[1m{[0m[3mname[0m[2m=[0mk#99f25ef6..[1m}[0m[2m:[0m [2mconsensus_core::commit_observer[0m[2m:[0m [2mconsensus/core/src/commit_observer.rs[0m[2m:[0m[2m173:[0m Consensus commit C342(e+l8) with leader B352(B,2zlY) has 3 blocks
[2m2025-03-25T07:56:30.375940Z[0m [32m INFO[0m [1mnode[0m[1m{[0m[3mname[0m[2m=[0mk#99f25ef6..[1m}[0m[2m:[0m [2msui_core::checkpoints::checkpoint_output[0m[2m:[0m [2mcrates/sui-core/src/checkpoints/checkpoint_output.rs[0m[2m:[0m[2m196:[0m Certified checkpoint with sequence 554 and digest Hpw9LMZrGeUNpaPxqwhxs3TFbqsJAuBm2opgacmf2N3S
[2m2025-03-25T07:56:30.376270Z[0m [32m INFO[0m [1mnode[0m[1m{[0m[3mname[0m[2m=[0mk#99f25ef6..[1m}[0m[2m:[0m [2msui_core::consensus_handler[0m[2m:[0m [2mcrates/sui-core/src/consensus_handler.rs[0m[2m:[0m[2m232:[0m Received consensus output [3mconsensus_commit[0m[2m=[0mCommittedSubDag(leader=B352(B,2zlY), ref=C342(e+l8), blocks=[shsl, APPH, 2zlY]) [3mepoch[0m[2m=[0m1
[2m2025-03-25T07:56:30.382027Z[0m [32m INFO[0m [1mnode[0m[1m{[0m[3mname[0m[2m=[0mk#8dcff6d1..[1m}[0m[2m:[0m [2msui_core::checkpoints::checkpoint_output[0m[2m:[0m [2mcrates/sui-core/src/checkpoints/checkpoint_output.rs[0m[2m:[0m[2m196:[0m Certified checkpoint with sequence 554 and digest Hpw9LMZrGeUNpaPxqwhxs3TFbqsJAuBm2opgacmf2N3S
[2m2025-03-25T07:56:30.382471Z[0m [32m INFO[0m [1mnode[0m[1m{[0m[3mname[0m[2m=[0mk#8dcff6d1..[1m}[0m[2m:[0m [2msui_core::checkpoints::checkpoint_executor[0m[2m:[0m [2mcrates/sui-core/src/checkpoints/checkpoint_executor/mod.rs[0m[2m:[0m[2m332:[0m Received checkpoint summary from state sync [3msequence_number[0m[2m=[0m554
[2m2025-03-25T07:56:30.384096Z[0m [32m INFO[0m [1mnode[0m[1m{[0m[3mname[0m[2m=[0mk#8dcff6d1..[1m}[0m[2m:[0m [2msui_core::state_accumulator[0m[2m:[0m [2mcrates/sui-core/src/state_accumulator.rs[0m[2m:[0m[2m675:[0m accumulating running root for checkpoint 554
[2m2025-03-25T07:56:30.385981Z[0m [32m INFO[0m [1mnode[0m[1m{[0m[3mname[0m[2m=[0mk#addeef94..[1m}[0m[2m:[0m [2msui_core::checkpoints::checkpoint_executor[0m[2m:[0m [2mcrates/sui-core/src/checkpoints/checkpoint_executor/mod.rs[0m[2m:[0m[2m332:[0m Received checkpoint summary from state sync [3msequence_number[0m[2m=[0m554
[2m2025-03-25T07:56:30.387146Z[0m [32m INFO[0m [1mnode[0m[1m{[0m[3mname[0m[2m=[0mk#addeef94..[1m}[0m[2m:[0m [2msui_core::state_accumulator[0m[2m:[0m [2mcrates/sui-core/src/state_accumulator.rs[0m[2m:[0m[2m675:[0m accumulating running root for checkpoint 554
[2m2025-03-25T07:56:30.405260Z[0m [32m INFO[0m [1mnode[0m[1m{[0m[3mname[0m[2m=[0mk#99f25ef6..[1m}[0m[2m:[0m [2msui_core::checkpoints::checkpoint_executor[0m[2m:[0m [2mcrates/sui-core/src/checkpoints/checkpoint_executor/mod.rs[0m[2m:[0m[2m332:[0m Received checkpoint summary from state sync [3msequence_number[0m[2m=[0m554
[2m2025-03-25T07:56:30.409632Z[0m [32m INFO[0m [1mnode[0m[1m{[0m[3mname[0m[2m=[0mk#99f25ef6..[1m}[0m[2m:[0m [2msui_core::state_accumulator[0m[2m:[0m [2mcrates/sui-core/src/state_accumulator.rs[0m[2m:[0m[2m675:[0m accumulating running root for checkpoint 554
[2m2025-03-25T07:56:30.478277Z[0m [32m INFO[0m [1mnode[0m[1m{[0m[3mname[0m[2m=[0mk#99f25ef6..[1m}[0m[2m:[0m [2msui_core::checkpoints[0m[2m:[0m [2mcrates/sui-core/src/checkpoints/mod.rs[0m[2m:[0m[2m1326:[0m Creating checkpoint(s) for 1 transactions [3mnext_checkpoint_seq[0m[2m=[0m555 [3mcheckpoint_timestamp[0m[2m=[0m1742889389747
[2m2025-03-25T07:56:30.478493Z[0m [32m INFO[0m [1mnode[0m[1m{[0m[3mname[0m[2m=[0mk#99f25ef6..[1m}[0m[2m:[0m [2msui_core::checkpoints::checkpoint_output[0m[2m:[0m [2mcrates/sui-core/src/checkpoints/checkpoint_output.rs[0m[2m:[0m[2m149:[0m Creating checkpoint CheckpointDigest(6cbViZrHupssEydoq2FhNyAcyomhVbfoLtuChvFzTVX5) at epoch 1, sequence 555, previous digest Some(CheckpointDigest(Hpw9LMZrGeUNpaPxqwhxs3TFbqsJAuBm2opgacmf2N3S)), transactions count 1, content digest CheckpointContentsDigest(5sMryVKJv6ESHeDmASnEXsvnBZQphVxqRUhu7i6uAG2R), end_of_epoch_data None
[2m2025-03-25T07:56:30.479220Z[0m [32m INFO[0m [1mnode[0m[1m{[0m[3mname[0m[2m=[0mk#99f25ef6..[1m}[0m[2m:[0m[1mjwk_updater_task[0m[1m{[0m[3mepoch[0m[2m=[0m1[1m}[0m[2m:[0m [2msui_node[0m[2m:[0m [2mcrates/sui-node/src/lib.rs[0m[2m:[0m[2m376:[0m fetching JWK for provider AwsTenant(("us-east-1", "us-east-1_LPSLCkC3A"))
[2m2025-03-25T07:56:30.515607Z[0m [32m INFO[0m [1mnode[0m[1m{[0m[3mname[0m[2m=[0mk#addeef94..[1m}[0m[2m:[0m [2mconsensus_core::core[0m[2m:[0m [2mconsensus/core/src/core.rs[0m[2m:[0m[2m945:[0m Included 3 ancestors & excluded 0 ancestors for proposal in round 355
[2m2025-03-25T07:56:30.515982Z[0m [32m INFO[0m [1mnode[0m[1m{[0m[3mname[0m[2m=[0mk#addeef94..[1m}[0m[2m:[0m [2mconsensus_core::core[0m[2m:[0m [2mconsensus/core/src/core.rs[0m[2m:[0m[2m531:[0m Created block B355(C,bvvITRoBgcZUC10a4sWAFWyiW/HvwalSTMVIsCuX0mo=)(1742889390515ms;[B354(C,Hnd7Dj5ZbcaeNBLG0d/GQE35VtAb9S07AYpRpKzvqpk=), B354(A,oImLJmA3C3dJAUn8fV4i8hH5onPGUCUGQ6ZViCIgy6g=), B354(B,hAk/U/FXeDODvN35+uRA60cfg/FakYwd0dx5upVsww8=)];1t;1c) for round 355
[2m2025-03-25T07:56:30.517677Z[0m [32m INFO[0m [1mnode[0m[1m{[0m[3mname[0m[2m=[0mk#8dcff6d1..[1m}[0m[2m:[0m [2mconsensus_core::core[0m[2m:[0m [2mconsensus/core/src/core.rs[0m[2m:[0m[2m945:[0m Included 3 ancestors & excluded 0 ancestors for proposal in round 355
[2m2025-03-25T07:56:30.517974Z[0m [32m INFO[0m [1mnode[0m[1m{[0m[3mname[0m[2m=[0mk#8dcff6d1..[1m}[0m[2m:[0m [2mconsensus_core::core[0m[2m:[0m [2mconsensus/core/src/core.rs[0m[2m:[0m[2m531:[0m Created block B355(A,gfVR67dfCmKNcGzfTBmSP43zw5FrHDNSLxLmpPYCXM4=)(1742889390517ms;[B354(A,oImLJmA3C3dJAUn8fV4i8hH5onPGUCUGQ6ZViCIgy6g=), B354(B,hAk/U/FXeDODvN35+uRA60cfg/FakYwd0dx5upVsww8=), B354(C,Hnd7Dj5ZbcaeNBLG0d/GQE35VtAb9S07AYpRpKzvqpk=)];1t;1c) for round 355
[2m2025-03-25T07:56:30.518119Z[0m [32m INFO[0m [1mnode[0m[1m{[0m[3mname[0m[2m=[0mk#8dcff6d1..[1m}[0m[2m:[0m [2mconsensus_core::core[0m[2m:[0m [2mconsensus/core/src/core.rs[0m[2m:[0m[2m630:[0m Committing 1 leaders: B353(C,g41D)
[2m2025-03-25T07:56:30.518210Z[0m [32m INFO[0m [1mnode[0m[1m{[0m[3mname[0m[2m=[0mk#8dcff6d1..[1m}[0m[2m:[0m [2mconsensus_core::commit_observer[0m[2m:[0m [2mconsensus/core/src/commit_observer.rs[0m[2m:[0m[2m173:[0m Consensus commit C343(yikc) with leader B353(C,g41D) has 3 blocks
[2m2025-03-25T07:56:30.518460Z[0m [32m INFO[0m [1mnode[0m[1m{[0m[3mname[0m[2m=[0mk#8dcff6d1..[1m}[0m[2m:[0m [2msui_core::consensus_handler[0m[2m:[0m [2mcrates/sui-core/src/consensus_handler.rs[0m[2m:[0m[2m232:[0m Received consensus output [3mconsensus_commit[0m[2m=[0mCommittedSubDag(leader=B353(C,g41D), ref=C343(yikc), blocks=[2TKZ, Cfoi, g41D]) [3mepoch[0m[2m=[0m1
[2m2025-03-25T07:56:30.520793Z[0m [32m INFO[0m [1mnode[0m[1m{[0m[3mname[0m[2m=[0mk#addeef94..[1m}[0m[2m:[0m [2mconsensus_core::core[0m[2m:[0m [2mconsensus/core/src/core.rs[0m[2m:[0m[2m630:[0m Committing 1 leaders: B353(C,g41D)
[2m2025-03-25T07:56:30.520893Z[0m [32m INFO[0m [1mnode[0m[1m{[0m[3mname[0m[2m=[0mk#addeef94..[1m}[0m[2m:[0m [2mconsensus_core::commit_observer[0m[2m:[0m [2mconsensus/core/src/commit_observer.rs[0m[2m:[0m[2m173:[0m Consensus commit C343(yikc) with leader B353(C,g41D) has 3 blocks
[2m2025-03-25T07:56:30.520973Z[0m [32m INFO[0m [1mnode[0m[1m{[0m[3mname[0m[2m=[0mk#addeef94..[1m}[0m[2m:[0m [2msui_core::consensus_handler[0m[2m:[0m [2mcrates/sui-core/src/consensus_handler.rs[0m[2m:[0m[2m232:[0m Received consensus output [3mconsensus_commit[0m[2m=[0mCommittedSubDag(leader=B353(C,g41D), ref=C343(yikc), blocks=[2TKZ, Cfoi, g41D]) [3mepoch[0m[2m=[0m1
[2m2025-03-25T07:56:30.545086Z[0m [32m INFO[0m [1mnode[0m[1m{[0m[3mname[0m[2m=[0mk#8dcff6d1..[1m}[0m[2m:[0m [2msui_core::checkpoints[0m[2m:[0m [2mcrates/sui-core/src/checkpoints/mod.rs[0m[2m:[0m[2m1326:[0m Creating checkpoint(s) for 2 transactions [3mnext_checkpoint_seq[0m[2m=[0m556 [3mcheckpoint_timestamp[0m[2m=[0m1742889390004
[2m2025-03-25T07:56:30.545392Z[0m [32m INFO[0m [1mnode[0m[1m{[0m[3mname[0m[2m=[0mk#8dcff6d1..[1m}[0m[2m:[0m [2msui_core::checkpoints::checkpoint_output[0m[2m:[0m [2mcrates/sui-core/src/checkpoints/checkpoint_output.rs[0m[2m:[0m[2m149:[0m Creating checkpoint CheckpointDigest(q2DL1uVFg5KCdBi97tKQt9qdYPcSjwXJZGwB3vUaFiG) at epoch 1, sequence 556, previous digest Some(CheckpointDigest(6cbViZrHupssEydoq2FhNyAcyomhVbfoLtuChvFzTVX5)), transactions count 2, content digest CheckpointContentsDigest(AxUBp7whc36Y8oJzrVRUrxFYT1jhhyQ8EEdyDvARjYgN), end_of_epoch_data None
[2m2025-03-25T07:56:30.547102Z[0m [32m INFO[0m [1mnode[0m[1m{[0m[3mname[0m[2m=[0mk#addeef94..[1m}[0m[2m:[0m [2msui_core::checkpoints[0m[2m:[0m [2mcrates/sui-core/src/checkpoints/mod.rs[0m[2m:[0m[2m1326:[0m Creating checkpoint(s) for 2 transactions [3mnext_checkpoint_seq[0m[2m=[0m556 [3mcheckpoint_timestamp[0m[2m=[0m1742889390004
[2m2025-03-25T07:56:30.547350Z[0m [32m INFO[0m [1mnode[0m[1m{[0m[3mname[0m[2m=[0mk#addeef94..[1m}[0m[2m:[0m [2msui_core::checkpoints::checkpoint_output[0m[2m:[0m [2mcrates/sui-core/src/checkpoints/checkpoint_output.rs[0m[2m:[0m[2m149:[0m Creating checkpoint CheckpointDigest(q2DL1uVFg5KCdBi97tKQt9qdYPcSjwXJZGwB3vUaFiG) at epoch 1, sequence 556, previous digest Some(CheckpointDigest(6cbViZrHupssEydoq2FhNyAcyomhVbfoLtuChvFzTVX5)), transactions count 2, content digest CheckpointContentsDigest(AxUBp7whc36Y8oJzrVRUrxFYT1jhhyQ8EEdyDvARjYgN), end_of_epoch_data None
[2m2025-03-25T07:56:30.598797Z[0m [32m INFO[0m [1mnode[0m[1m{[0m[3mname[0m[2m=[0mk#99f25ef6..[1m}[0m[2m:[0m [2msui_core::checkpoints::checkpoint_output[0m[2m:[0m [2mcrates/sui-core/src/checkpoints/checkpoint_output.rs[0m[2m:[0m[2m196:[0m Certified checkpoint with sequence 555 and digest 6cbViZrHupssEydoq2FhNyAcyomhVbfoLtuChvFzTVX5
[2m2025-03-25T07:56:30.599110Z[0m [32m INFO[0m [1mnode[0m[1m{[0m[3mname[0m[2m=[0mk#99f25ef6..[1m}[0m[2m:[0m [2mconsensus_core::core[0m[2m:[0m [2mconsensus/core/src/core.rs[0m[2m:[0m[2m630:[0m Committing 1 leaders: B353(C,g41D)
[2m2025-03-25T07:56:30.599236Z[0m [32m INFO[0m [1mnode[0m[1m{[0m[3mname[0m[2m=[0mk#99f25ef6..[1m}[0m[2m:[0m [2mconsensus_core::commit_observer[0m[2m:[0m [2mconsensus/core/src/commit_observer.rs[0m[2m:[0m[2m173:[0m Consensus commit C343(yikc) with leader B353(C,g41D) has 3 blocks
[2m2025-03-25T07:56:30.599680Z[0m [32m INFO[0m [1mnode[0m[1m{[0m[3mname[0m[2m=[0mk#99f25ef6..[1m}[0m[2m:[0m [2msui_core::consensus_handler[0m[2m:[0m [2mcrates/sui-core/src/consensus_handler.rs[0m[2m:[0m[2m232:[0m Received consensus output [3mconsensus_commit[0m[2m=[0mCommittedSubDag(leader=B353(C,g41D), ref=C343(yikc), blocks=[2TKZ, Cfoi, g41D]) [3mepoch[0m[2m=[0m1
[2m2025-03-25T07:56:30.600360Z[0m [32m INFO[0m [1mnode[0m[1m{[0m[3mname[0m[2m=[0mk#99f25ef6..[1m}[0m[2m:[0m [2msui_core::checkpoints::checkpoint_executor[0m[2m:[0m [2mcrates/sui-core/src/checkpoints/checkpoint_executor/mod.rs[0m[2m:[0m[2m332:[0m Received checkpoint summary from state sync [3msequence_number[0m[2m=[0m555
[2m2025-03-25T07:56:30.601922Z[0m [32m INFO[0m [1mnode[0m[1m{[0m[3mname[0m[2m=[0mk#99f25ef6..[1m}[0m[2m:[0m [2msui_core::state_accumulator[0m[2m:[0m [2mcrates/sui-core/src/state_accumulator.rs[0m[2m:[0m[2m675:[0m accumulating running root for checkpoint 555
[2m2025-03-25T07:56:30.603792Z[0m [32m INFO[0m [1mnode[0m[1m{[0m[3mname[0m[2m=[0mk#addeef94..[1m}[0m[2m:[0m [2msui_core::checkpoints::checkpoint_executor[0m[2m:[0m [2mcrates/sui-core/src/checkpoints/checkpoint_executor/mod.rs[0m[2m:[0m[2m332:[0m Received checkpoint summary from state sync [3msequence_number[0m[2m=[0m555
[2m2025-03-25T07:56:30.604558Z[0m [32m INFO[0m [1mnode[0m[1m{[0m[3mname[0m[2m=[0mk#addeef94..[1m}[0m[2m:[0m [2msui_core::state_accumulator[0m[2m:[0m [2mcrates/sui-core/src/state_accumulator.rs[0m[2m:[0m[2m675:[0m accumulating running root for checkpoint 555
[2m2025-03-25T07:56:30.610017Z[0m [32m INFO[0m [1mnode[0m[1m{[0m[3mname[0m[2m=[0mk#8dcff6d1..[1m}[0m[2m:[0m [2msui_core::checkpoints::checkpoint_executor[0m[2m:[0m [2mcrates/sui-core/src/checkpoints/checkpoint_executor/mod.rs[0m[2m:[0m[2m332:[0m Received checkpoint summary from state sync [3msequence_number[0m[2m=[0m436
[2m2025-03-25T07:56:30.610106Z[0m [32m INFO[0m [1mnode[0m[1m{[0m[3mname[0m[2m=[0mk#8dcff6d1..[1m}[0m[2m:[0m [2msui_core::checkpoints::checkpoint_executor[0m[2m:[0m [2mcrates/sui-core/src/checkpoints/checkpoint_executor/mod.rs[0m[2m:[0m[2m332:[0m Received checkpoint summary from state sync [3msequence_number[0m[2m=[0m437
[2m2025-03-25T07:56:30.610150Z[0m [32m INFO[0m [1mnode[0m[1m{[0m[3mname[0m[2m=[0mk#8dcff6d1..[1m}[0m[2m:[0m [2msui_core::checkpoints::checkpoint_executor[0m[2m:[0m [2mcrates/sui-core/src/checkpoints/checkpoint_executor/mod.rs[0m[2m:[0m[2m332:[0m Received checkpoint summary from state sync [3msequence_number[0m[2m=[0m438
[2m2025-03-25T07:56:30.610192Z[0m [32m INFO[0m [1mnode[0m[1m{[0m[3mname[0m[2m=[0mk#8dcff6d1..[1m}[0m[2m:[0m [2msui_core::checkpoints::checkpoint_executor[0m[2m:[0m [2mcrates/sui-core/src/checkpoints/checkpoint_executor/mod.rs[0m[2m:[0m[2m332:[0m Received checkpoint summary from state sync [3msequence_number[0m[2m=[0m439
[2m2025-03-25T07:56:30.610232Z[0m [32m INFO[0m [1mnode[0m[1m{[0m[3mname[0m[2m=[0mk#8dcff6d1..[1m}[0m[2m:[0m [2msui_core::checkpoints::checkpoint_executor[0m[2m:[0m [2mcrates/sui-core/src/checkpoints/checkpoint_executor/mod.rs[0m[2m:[0m[2m332:[0m Received checkpoint summary from state sync [3msequence_number[0m[2m=[0m440
[2m2025-03-25T07:56:30.610274Z[0m [32m INFO[0m [1mnode[0m[1m{[0m[3mname[0m[2m=[0mk#8dcff6d1..[1m}[0m[2m:[0m [2msui_core::checkpoints::checkpoint_executor[0m[2m:[0m [2mcrates/sui-core/src/checkpoints/checkpoint_executor/mod.rs[0m[2m:[0m[2m332:[0m Received checkpoint summary from state sync [3msequence_number[0m[2m=[0m441
[2m2025-03-25T07:56:30.610313Z[0m [32m INFO[0m [1mnode[0m[1m{[0m[3mname[0m[2m=[0mk#8dcff6d1..[1m}[0m[2m:[0m [2msui_core::checkpoints::checkpoint_executor[0m[2m:[0m [2mcrates/sui-core/src/checkpoints/checkpoint_executor/mod.rs[0m[2m:[0m[2m332:[0m Received checkpoint summary from state sync [3msequence_number[0m[2m=[0m442
[2m2025-03-25T07:56:30.610352Z[0m [32m INFO[0m [1mnode[0m[1m{[0m[3mname[0m[2m=[0mk#8dcff6d1..[1m}[0m[2m:[0m [2msui_core::checkpoints::checkpoint_executor[0m[2m:[0m [2mcrates/sui-core/src/checkpoints/checkpoint_executor/mod.rs[0m[2m:[0m[2m332:[0m Received checkpoint summary from state sync [3msequence_number[0m[2m=[0m443
[2m2025-03-25T07:56:30.610391Z[0m [32m INFO[0m [1mnode[0m[1m{[0m[3mname[0m[2m=[0mk#8dcff6d1..[1m}[0m[2m:[0m [2msui_core::checkpoints::checkpoint_executor[0m[2m:[0m [2mcrates/sui-core/src/checkpoints/checkpoint_executor/mod.rs[0m[2m:[0m[2m332:[0m Received checkpoint summary from state sync [3msequence_number[0m[2m=[0m444
[2m2025-03-25T07:56:30.610431Z[0m [32m INFO[0m [1mnode[0m[1m{[0m[3mname[0m[2m=[0mk#8dcff6d1..[1m}[0m[2m:[0m [2msui_core::checkpoints::checkpoint_executor[0m[2m:[0m [2mcrates/sui-core/src/checkpoints/checkpoint_executor/mod.rs[0m[2m:[0m[2m332:[0m Received checkpoint summary from state sync [3msequence_number[0m[2m=[0m445
[2m2025-03-25T07:56:30.610470Z[0m [32m INFO[0m [1mnode[0m[1m{[0m[3mname[0m[2m=[0mk#8dcff6d1..[1m}[0m[2m:[0m [2msui_core::checkpoints::checkpoint_executor[0m[2m:[0m [2mcrates/sui-core/src/checkpoints/checkpoint_executor/mod.rs[0m[2m:[0m[2m332:[0m Received checkpoint summary from state sync [3msequence_number[0m[2m=[0m446
[2m2025-03-25T07:56:30.610510Z[0m [32m INFO[0m [1mnode[0m[1m{[0m[3mname[0m[2m=[0mk#8dcff6d1..[1m}[0m[2m:[0m [2msui_core::checkpoints::checkpoint_executor[0m[2m:[0m [2mcrates/sui-core/src/checkpoints/checkpoint_executor/mod.rs[0m[2m:[0m[2m332:[0m Received checkpoint summary from state sync [3msequence_number[0m[2m=[0m447
[2m2025-03-25T07:56:30.610549Z[0m [32m INFO[0m [1mnode[0m[1m{[0m[3mname[0m[2m=[0mk#8dcff6d1..[1m}[0m[2m:[0m [2msui_core::checkpoints::checkpoint_executor[0m[2m:[0m [2mcrates/sui-core/src/checkpoints/checkpoint_executor/mod.rs[0m[2m:[0m[2m332:[0m Received checkpoint summary from state sync [3msequence_number[0m[2m=[0m448
[2m2025-03-25T07:56:30.610587Z[0m [32m INFO[0m [1mnode[0m[1m{[0m[3mname[0m[2m=[0mk#8dcff6d1..[1m}[0m[2m:[0m [2msui_core::checkpoints::checkpoint_executor[0m[2m:[0m [2mcrates/sui-core/src/checkpoints/checkpoint_executor/mod.rs[0m[2m:[0m[2m332:[0m Received checkpoint summary from state sync [3msequence_number[0m[2m=[0m449
[2m2025-03-25T07:56:30.610626Z[0m [32m INFO[0m [1mnode[0m[1m{[0m[3mname[0m[2m=[0mk#8dcff6d1..[1m}[0m[2m:[0m [2msui_core::checkpoints::checkpoint_executor[0m[2m:[0m [2mcrates/sui-core/src/checkpoints/checkpoint_executor/mod.rs[0m[2m:[0m[2m332:[0m Received checkpoint summary from state sync [3msequence_number[0m[2m=[0m450
[2m2025-03-25T07:56:30.610665Z[0m [32m INFO[0m [1mnode[0m[1m{[0m[3mname[0m[2m=[0mk#8dcff6d1..[1m}[0m[2m:[0m [2msui_core::checkpoints::checkpoint_executor[0m[2m:[0m [2mcrates/sui-core/src/checkpoints/checkpoint_executor/mod.rs[0m[2m:[0m[2m332:[0m Received checkpoint summary from state sync [3msequence_number[0m[2m=[0m451
[2m2025-03-25T07:56:30.610703Z[0m [32m INFO[0m [1mnode[0m[1m{[0m[3mname[0m[2m=[0mk#8dcff6d1..[1m}[0m[2m:[0m [2msui_core::checkpoints::checkpoint_executor[0m[2m:[0m [2mcrates/sui-core/src/checkpoints/checkpoint_executor/mod.rs[0m[2m:[0m[2m332:[0m Received checkpoint summary from state sync [3msequence_number[0m[2m=[0m452
[2m2025-03-25T07:56:30.610743Z[0m [32m INFO[0m [1mnode[0m[1m{[0m[3mname[0m[2m=[0mk#8dcff6d1..[1m}[0m[2m:[0m [2msui_core::checkpoints::checkpoint_executor[0m[2m:[0m [2mcrates/sui-core/src/checkpoints/checkpoint_executor/mod.rs[0m[2m:[0m[2m332:[0m Received checkpoint summary from state sync [3msequence_number[0m[2m=[0m453
[2m2025-03-25T07:56:30.610782Z[0m [32m INFO[0m [1mnode[0m[1m{[0m[3mname[0m[2m=[0mk#8dcff6d1..[1m}[0m[2m:[0m [2msui_core::checkpoints::checkpoint_executor[0m[2m:[0m [2mcrates/sui-core/src/checkpoints/checkpoint_executor/mod.rs[0m[2m:[0m[2m332:[0m Received checkpoint summary from state sync [3msequence_number[0m[2m=[0m454
[2m2025-03-25T07:56:30.610820Z[0m [32m INFO[0m [1mnode[0m[1m{[0m[3mname[0m[2m=[0mk#8dcff6d1..[1m}[0m[2m:[0m [2msui_core::checkpoints::checkpoint_executor[0m[2m:[0m [2mcrates/sui-core/src/checkpoints/checkpoint_executor/mod.rs[0m[2m:[0m[2m332:[0m Received checkpoint summary from state sync [3msequence_number[0m[2m=[0m455
[2m2025-03-25T07:56:30.610859Z[0m [32m INFO[0m [1mnode[0m[1m{[0m[3mname[0m[2m=[0mk#8dcff6d1..[1m}[0m[2m:[0m [2msui_core::checkpoints::checkpoint_executor[0m[2m:[0m [2mcrates/sui-core/src/checkpoints/checkpoint_executor/mod.rs[0m[2m:[0m[2m332:[0m Received checkpoint summary from state sync [3msequence_number[0m[2m=[0m456
[2m2025-03-25T07:56:30.610898Z[0m [32m INFO[0m [1mnode[0m[1m{[0m[3mname[0m[2m=[0mk#8dcff6d1..[1m}[0m[2m:[0m [2msui_core::checkpoints::checkpoint_executor[0m[2m:[0m [2mcrates/sui-core/src/checkpoints/checkpoint_executor/mod.rs[0m[2m:[0m[2m332:[0m Received checkpoint summary from state sync [3msequence_number[0m[2m=[0m457
[2m2025-03-25T07:56:30.610938Z[0m [32m INFO[0m [1mnode[0m[1m{[0m[3mname[0m[2m=[0mk#8dcff6d1..[1m}[0m[2m:[0m [2msui_core::checkpoints::checkpoint_executor[0m[2m:[0m [2mcrates/sui-core/src/checkpoints/checkpoint_executor/mod.rs[0m[2m:[0m[2m332:[0m Received checkpoint summary from state sync [3msequence_number[0m[2m=[0m458
[2m2025-03-25T07:56:30.610977Z[0m [32m INFO[0m [1mnode[0m[1m{[0m[3mname[0m[2m=[0mk#8dcff6d1..[1m}[0m[2m:[0m [2msui_core::checkpoints::checkpoint_executor[0m[2m:[0m [2mcrates/sui-core/src/checkpoints/checkpoint_executor/mod.rs[0m[2m:[0m[2m332:[0m Received checkpoint summary from state sync [3msequence_number[0m[2m=[0m459
[2m2025-03-25T07:56:30.611016Z[0m [32m INFO[0m [1mnode[0m[1m{[0m[3mname[0m[2m=[0mk#8dcff6d1..[1m}[0m[2m:[0m [2msui_core::checkpoints::checkpoint_executor[0m[2m:[0m [2mcrates/sui-core/src/checkpoints/checkpoint_executor/mod.rs[0m[2m:[0m[2m332:[0m Received checkpoint summary from state sync [3msequence_number[0m[2m=[0m460
[2m2025-03-25T07:56:30.611055Z[0m [32m INFO[0m [1mnode[0m[1m{[0m[3mname[0m[2m=[0mk#8dcff6d1..[1m}[0m[2m:[0m [2msui_core::checkpoints::checkpoint_executor[0m[2m:[0m [2mcrates/sui-core/src/checkpoints/checkpoint_executor/mod.rs[0m[2m:[0m[2m332:[0m Received checkpoint summary from state sync [3msequence_number[0m[2m=[0m461
[2m2025-03-25T07:56:30.611093Z[0m [32m INFO[0m [1mnode[0m[1m{[0m[3mname[0m[2m=[0mk#8dcff6d1..[1m}[0m[2m:[0m [2msui_core::checkpoints::checkpoint_executor[0m[2m:[0m [2mcrates/sui-core/src/checkpoints/checkpoint_executor/mod.rs[0m[2m:[0m[2m332:[0m Received checkpoint summary from state sync [3msequence_number[0m[2m=[0m462
[2m2025-03-25T07:56:30.611133Z[0m [32m INFO[0m [1mnode[0m[1m{[0m[3mname[0m[2m=[0mk#8dcff6d1..[1m}[0m[2m:[0m [2msui_core::checkpoints::checkpoint_executor[0m[2m:[0m [2mcrates/sui-core/src/checkpoints/checkpoint_executor/mod.rs[0m[2m:[0m[2m332:[0m Received checkpoint summary from state sync [3msequence_number[0m[2m=[0m463
[2m2025-03-25T07:56:30.611171Z[0m [32m INFO[0m [1mnode[0m[1m{[0m[3mname[0m[2m=[0mk#8dcff6d1..[1m}[0m[2m:[0m [2msui_core::checkpoints::checkpoint_executor[0m[2m:[0m [2mcrates/sui-core/src/checkpoints/checkpoint_executor/mod.rs[0m[2m:[0m[2m332:[0m Received checkpoint summary from state sync [3msequence_number[0m[2m=[0m464
[2m2025-03-25T07:56:30.611210Z[0m [32m INFO[0m [1mnode[0m[1m{[0m[3mname[0m[2m=[0mk#8dcff6d1..[1m}[0m[2m:[0m [2msui_core::checkpoints::checkpoint_executor[0m[2m:[0m [2mcrates/sui-core/src/checkpoints/checkpoint_executor/mod.rs[0m[2m:[0m[2m332:[0m Received checkpoint summary from state sync [3msequence_number[0m[2m=[0m465
[2m2025-03-25T07:56:30.611257Z[0m [32m INFO[0m [1mnode[0m[1m{[0m[3mname[0m[2m=[0mk#8dcff6d1..[1m}[0m[2m:[0m [2msui_core::checkpoints::checkpoint_executor[0m[2m:[0m [2mcrates/sui-core/src/checkpoints/checkpoint_executor/mod.rs[0m[2m:[0m[2m332:[0m Received checkpoint summary from state sync [3msequence_number[0m[2m=[0m466
[2m2025-03-25T07:56:30.611295Z[0m [32m INFO[0m [1mnode[0m[1m{[0m[3mname[0m[2m=[0mk#8dcff6d1..[1m}[0m[2m:[0m [2msui_core::checkpoints::checkpoint_executor[0m[2m:[0m [2mcrates/sui-core/src/checkpoints/checkpoint_executor/mod.rs[0m[2m:[0m[2m332:[0m Received checkpoint summary from state sync [3msequence_number[0m[2m=[0m467
[2m2025-03-25T07:56:30.611334Z[0m [32m INFO[0m [1mnode[0m[1m{[0m[3mname[0m[2m=[0mk#8dcff6d1..[1m}[0m[2m:[0m [2msui_core::checkpoints::checkpoint_executor[0m[2m:[0m [2mcrates/sui-core/src/checkpoints/checkpoint_executor/mod.rs[0m[2m:[0m[2m332:[0m Received checkpoint summary from state sync [3msequence_number[0m[2m=[0m468
[2m2025-03-25T07:56:30.611372Z[0m [32m INFO[0m [1mnode[0m[1m{[0m[3mname[0m[2m=[0mk#8dcff6d1..[1m}[0m[2m:[0m [2msui_core::checkpoints::checkpoint_executor[0m[2m:[0m [2mcrates/sui-core/src/checkpoints/checkpoint_executor/mod.rs[0m[2m:[0m[2m332:[0m Received checkpoint summary from state sync [3msequence_number[0m[2m=[0m469
[2m2025-03-25T07:56:30.611411Z[0m [32m INFO[0m [1mnode[0m[1m{[0m[3mname[0m[2m=[0mk#8dcff6d1..[1m}[0m[2m:[0m [2msui_core::checkpoints::checkpoint_executor[0m[2m:[0m [2mcrates/sui-core/src/checkpoints/checkpoint_executor/mod.rs[0m[2m:[0m[2m332:[0m Received checkpoint summary from state sync [3msequence_number[0m[2m=[0m470
[2m2025-03-25T07:56:30.611449Z[0m [32m INFO[0m [1mnode[0m[1m{[0m[3mname[0m[2m=[0mk#8dcff6d1..[1m}[0m[2m:[0m [2msui_core::checkpoints::checkpoint_executor[0m[2m:[0m [2mcrates/sui-core/src/checkpoints/checkpoint_executor/mod.rs[0m[2m:[0m[2m332:[0m Received checkpoint summary from state sync [3msequence_number[0m[2m=[0m471
[2m2025-03-25T07:56:30.611487Z[0m [32m INFO[0m [1mnode[0m[1m{[0m[3mname[0m[2m=[0mk#8dcff6d1..[1m}[0m[2m:[0m [2msui_core::checkpoints::checkpoint_executor[0m[2m:[0m [2mcrates/sui-core/src/checkpoints/checkpoint_executor/mod.rs[0m[2m:[0m[2m332:[0m Received checkpoint summary from state sync [3msequence_number[0m[2m=[0m472
[2m2025-03-25T07:56:30.611525Z[0m [32m INFO[0m [1mnode[0m[1m{[0m[3mname[0m[2m=[0mk#8dcff6d1..[1m}[0m[2m:[0m [2msui_core::checkpoints::checkpoint_executor[0m[2m:[0m [2mcrates/sui-core/src/checkpoints/checkpoint_executor/mod.rs[0m[2m:[0m[2m332:[0m Received checkpoint summary from state sync [3msequence_number[0m[2m=[0m473
[2m2025-03-25T07:56:30.611564Z[0m [32m INFO[0m [1mnode[0m[1m{[0m[3mname[0m[2m=[0mk#8dcff6d1..[1m}[0m[2m:[0m [2msui_core::checkpoints::checkpoint_executor[0m[2m:[0m [2mcrates/sui-core/src/checkpoints/checkpoint_executor/mod.rs[0m[2m:[0m[2m332:[0m Received checkpoint summary from state sync [3msequence_number[0m[2m=[0m474
[2m2025-03-25T07:56:30.611602Z[0m [32m INFO[0m [1mnode[0m[1m{[0m[3mname[0m[2m=[0mk#8dcff6d1..[1m}[0m[2m:[0m [2msui_core::checkpoints::checkpoint_executor[0m[2m:[0m [2mcrates/sui-core/src/checkpoints/checkpoint_executor/mod.rs[0m[2m:[0m[2m332:[0m Received checkpoint summary from state sync [3msequence_number[0m[2m=[0m475
[2m2025-03-25T07:56:30.611641Z[0m [32m INFO[0m [1mnode[0m[1m{[0m[3mname[0m[2m=[0mk#8dcff6d1..[1m}[0m[2m:[0m [2msui_core::checkpoints::checkpoint_executor[0m[2m:[0m [2mcrates/sui-core/src/checkpoints/checkpoint_executor/mod.rs[0m[2m:[0m[2m332:[0m Received checkpoint summary from state sync [3msequence_number[0m[2m=[0m476
[2m2025-03-25T07:56:30.611679Z[0m [32m INFO[0m [1mnode[0m[1m{[0m[3mname[0m[2m=[0mk#8dcff6d1..[1m}[0m[2m:[0m [2msui_core::checkpoints::checkpoint_executor[0m[2m:[0m [2mcrates/sui-core/src/checkpoints/checkpoint_executor/mod.rs[0m[2m:[0m[2m332:[0m Received checkpoint summary from state sync [3msequence_number[0m[2m=[0m477
[2m2025-03-25T07:56:30.611718Z[0m [32m INFO[0m [1mnode[0m[1m{[0m[3mname[0m[2m=[0mk#8dcff6d1..[1m}[0m[2m:[0m [2msui_core::checkpoints::checkpoint_executor[0m[2m:[0m [2mcrates/sui-core/src/checkpoints/checkpoint_executor/mod.rs[0m[2m:[0m[2m332:[0m Received checkpoint summary from state sync [3msequence_number[0m[2m=[0m478
[2m2025-03-25T07:56:30.611756Z[0m [32m INFO[0m [1mnode[0m[1m{[0m[3mname[0m[2m=[0mk#8dcff6d1..[1m}[0m[2m:[0m [2msui_core::checkpoints::checkpoint_executor[0m[2m:[0m [2mcrates/sui-core/src/checkpoints/checkpoint_executor/mod.rs[0m[2m:[0m[2m332:[0m Received checkpoint summary from state sync [3msequence_number[0m[2m=[0m479
[2m2025-03-25T07:56:30.611794Z[0m [32m INFO[0m [1mnode[0m[1m{[0m[3mname[0m[2m=[0mk#8dcff6d1..[1m}[0m[2m:[0m [2msui_core::checkpoints::checkpoint_executor[0m[2m:[0m [2mcrates/sui-core/src/checkpoints/checkpoint_executor/mod.rs[0m[2m:[0m[2m332:[0m Received checkpoint summary from state sync [3msequence_number[0m[2m=[0m480
[2m2025-03-25T07:56:30.611832Z[0m [32m INFO[0m [1mnode[0m[1m{[0m[3mname[0m[2m=[0mk#8dcff6d1..[1m}[0m[2m:[0m [2msui_core::checkpoints::checkpoint_executor[0m[2m:[0m [2mcrates/sui-core/src/checkpoints/checkpoint_executor/mod.rs[0m[2m:[0m[2m332:[0m Received checkpoint summary from state sync [3msequence_number[0m[2m=[0m481
[2m2025-03-25T07:56:30.611870Z[0m [32m INFO[0m [1mnode[0m[1m{[0m[3mname[0m[2m=[0mk#8dcff6d1..[1m}[0m[2m:[0m [2msui_core::checkpoints::checkpoint_executor[0m[2m:[0m [2mcrates/sui-core/src/checkpoints/checkpoint_executor/mod.rs[0m[2m:[0m[2m332:[0m Received checkpoint summary from state sync [3msequence_number[0m[2m=[0m482
[2m2025-03-25T07:56:30.611908Z[0m [32m INFO[0m [1mnode[0m[1m{[0m[3mname[0m[2m=[0mk#8dcff6d1..[1m}[0m[2m:[0m [2msui_core::checkpoints::checkpoint_executor[0m[2m:[0m [2mcrates/sui-core/src/checkpoints/checkpoint_executor/mod.rs[0m[2m:[0m[2m332:[0m Received checkpoint summary from state sync [3msequence_number[0m[2m=[0m483
[2m2025-03-25T07:56:30.611948Z[0m [32m INFO[0m [1mnode[0m[1m{[0m[3mname[0m[2m=[0mk#8dcff6d1..[1m}[0m[2m:[0m [2msui_core::checkpoints::checkpoint_executor[0m[2m:[0m [2mcrates/sui-core/src/checkpoints/checkpoint_executor/mod.rs[0m[2m:[0m[2m332:[0m Received checkpoint summary from state sync [3msequence_number[0m[2m=[0m484
[2m2025-03-25T07:56:30.611987Z[0m [32m INFO[0m [1mnode[0m[1m{[0m[3mname[0m[2m=[0mk#8dcff6d1..[1m}[0m[2m:[0m [2msui_core::checkpoints::checkpoint_executor[0m[2m:[0m [2mcrates/sui-core/src/checkpoints/checkpoint_executor/mod.rs[0m[2m:[0m[2m332:[0m Received checkpoint summary from state sync [3msequence_number[0m[2m=[0m485
[2m2025-03-25T07:56:30.612026Z[0m [32m INFO[0m [1mnode[0m[1m{[0m[3mname[0m[2m=[0mk#8dcff6d1..[1m}[0m[2m:[0m [2msui_core::checkpoints::checkpoint_executor[0m[2m:[0m [2mcrates/sui-core/src/checkpoints/checkpoint_executor/mod.rs[0m[2m:[0m[2m332:[0m Received checkpoint summary from state sync [3msequence_number[0m[2m=[0m486
[2m2025-03-25T07:56:30.612064Z[0m [32m INFO[0m [1mnode[0m[1m{[0m[3mname[0m[2m=[0mk#8dcff6d1..[1m}[0m[2m:[0m [2msui_core::checkpoints::checkpoint_executor[0m[2m:[0m [2mcrates/sui-core/src/checkpoints/checkpoint_executor/mod.rs[0m[2m:[0m[2m332:[0m Received checkpoint summary from state sync [3msequence_number[0m[2m=[0m487
[2m2025-03-25T07:56:30.612103Z[0m [32m INFO[0m [1mnode[0m[1m{[0m[3mname[0m[2m=[0mk#8dcff6d1..[1m}[0m[2m:[0m [2msui_core::checkpoints::checkpoint_executor[0m[2m:[0m [2mcrates/sui-core/src/checkpoints/checkpoint_executor/mod.rs[0m[2m:[0m[2m332:[0m Received checkpoint summary from state sync [3msequence_number[0m[2m=[0m488
[2m2025-03-25T07:56:30.612141Z[0m [32m INFO[0m [1mnode[0m[1m{[0m[3mname[0m[2m=[0mk#8dcff6d1..[1m}[0m[2m:[0m [2msui_core::checkpoints::checkpoint_executor[0m[2m:[0m [2mcrates/sui-core/src/checkpoints/checkpoint_executor/mod.rs[0m[2m:[0m[2m332:[0m Received checkpoint summary from state sync [3msequence_number[0m[2m=[0m489
[2m2025-03-25T07:56:30.612181Z[0m [32m INFO[0m [1mnode[0m[1m{[0m[3mname[0m[2m=[0mk#8dcff6d1..[1m}[0m[2m:[0m [2msui_core::checkpoints::checkpoint_executor[0m[2m:[0m [2mcrates/sui-core/src/checkpoints/checkpoint_executor/mod.rs[0m[2m:[0m[2m332:[0m Received checkpoint summary from state sync [3msequence_number[0m[2m=[0m490
[2m2025-03-25T07:56:30.612222Z[0m [32m INFO[0m [1mnode[0m[1m{[0m[3mname[0m[2m=[0mk#8dcff6d1..[1m}[0m[2m:[0m [2msui_core::checkpoints::checkpoint_executor[0m[2m:[0m [2mcrates/sui-core/src/checkpoints/checkpoint_executor/mod.rs[0m[2m:[0m[2m332:[0m Received checkpoint summary from state sync [3msequence_number[0m[2m=[0m491
[2m2025-03-25T07:56:30.612261Z[0m [32m INFO[0m [1mnode[0m[1m{[0m[3mname[0m[2m=[0mk#8dcff6d1..[1m}[0m[2m:[0m [2msui_core::checkpoints::checkpoint_executor[0m[2m:[0m [2mcrates/sui-core/src/checkpoints/checkpoint_executor/mod.rs[0m[2m:[0m[2m332:[0m Received checkpoint summary from state sync [3msequence_number[0m[2m=[0m492
[2m2025-03-25T07:56:30.612299Z[0m [32m INFO[0m [1mnode[0m[1m{[0m[3mname[0m[2m=[0mk#8dcff6d1..[1m}[0m[2m:[0m [2msui_core::checkpoints::checkpoint_executor[0m[2m:[0m [2mcrates/sui-core/src/checkpoints/checkpoint_executor/mod.rs[0m[2m:[0m[2m332:[0m Received checkpoint summary from state sync [3msequence_number[0m[2m=[0m493
[2m2025-03-25T07:56:30.612337Z[0m [32m INFO[0m [1mnode[0m[1m{[0m[3mname[0m[2m=[0mk#8dcff6d1..[1m}[0m[2m:[0m [2msui_core::checkpoints::checkpoint_executor[0m[2m:[0m [2mcrates/sui-core/src/checkpoints/checkpoint_executor/mod.rs[0m[2m:[0m[2m332:[0m Received checkpoint summary from state sync [3msequence_number[0m[2m=[0m494
[2m2025-03-25T07:56:30.612375Z[0m [32m INFO[0m [1mnode[0m[1m{[0m[3mname[0m[2m=[0mk#8dcff6d1..[1m}[0m[2m:[0m [2msui_core::checkpoints::checkpoint_executor[0m[2m:[0m [2mcrates/sui-core/src/checkpoints/checkpoint_executor/mod.rs[0m[2m:[0m[2m332:[0m Received checkpoint summary from state sync [3msequence_number[0m[2m=[0m495
[2m2025-03-25T07:56:30.612415Z[0m [32m INFO[0m [1mnode[0m[1m{[0m[3mname[0m[2m=[0mk#8dcff6d1..[1m}[0m[2m:[0m [2msui_core::checkpoints::checkpoint_executor[0m[2m:[0m [2mcrates/sui-core/src/checkpoints/checkpoint_executor/mod.rs[0m[2m:[0m[2m332:[0m Received checkpoint summary from state sync [3msequence_number[0m[2m=[0m496
[2m2025-03-25T07:56:30.612453Z[0m [32m INFO[0m [1mnode[0m[1m{[0m[3mname[0m[2m=[0mk#8dcff6d1..[1m}[0m[2m:[0m [2msui_core::checkpoints::checkpoint_executor[0m[2m:[0m [2mcrates/sui-core/src/checkpoints/checkpoint_executor/mod.rs[0m[2m:[0m[2m332:[0m Received checkpoint summary from state sync [3msequence_number[0m[2m=[0m497
[2m2025-03-25T07:56:30.612491Z[0m [32m INFO[0m [1mnode[0m[1m{[0m[3mname[0m[2m=[0mk#8dcff6d1..[1m}[0m[2m:[0m [2msui_core::checkpoints::checkpoint_executor[0m[2m:[0m [2mcrates/sui-core/src/checkpoints/checkpoint_executor/mod.rs[0m[2m:[0m[2m332:[0m Received checkpoint summary from state sync [3msequence_number[0m[2m=[0m498
[2m2025-03-25T07:56:30.612529Z[0m [32m INFO[0m [1mnode[0m[1m{[0m[3mname[0m[2m=[0mk#8dcff6d1..[1m}[0m[2m:[0m [2msui_core::checkpoints::checkpoint_executor[0m[2m:[0m [2mcrates/sui-core/src/checkpoints/checkpoint_executor/mod.rs[0m[2m:[0m[2m332:[0m Received checkpoint summary from state sync [3msequence_number[0m[2m=[0m499
[2m2025-03-25T07:56:30.612568Z[0m [32m INFO[0m [1mnode[0m[1m{[0m[3mname[0m[2m=[0mk#8dcff6d1..[1m}[0m[2m:[0m [2msui_core::checkpoints::checkpoint_executor[0m[2m:[0m [2mcrates/sui-core/src/checkpoints/checkpoint_executor/mod.rs[0m[2m:[0m[2m332:[0m Received checkpoint summary from state sync [3msequence_number[0m[2m=[0m500
[2m2025-03-25T07:56:30.612607Z[0m [32m INFO[0m [1mnode[0m[1m{[0m[3mname[0m[2m=[0mk#8dcff6d1..[1m}[0m[2m:[0m [2msui_core::checkpoints::checkpoint_executor[0m[2m:[0m [2mcrates/sui-core/src/checkpoints/checkpoint_executor/mod.rs[0m[2m:[0m[2m332:[0m Received checkpoint summary from state sync [3msequence_number[0m[2m=[0m501
[2m2025-03-25T07:56:30.612646Z[0m [32m INFO[0m [1mnode[0m[1m{[0m[3mname[0m[2m=[0mk#8dcff6d1..[1m}[0m[2m:[0m [2msui_core::checkpoints::checkpoint_executor[0m[2m:[0m [2mcrates/sui-core/src/checkpoints/checkpoint_executor/mod.rs[0m[2m:[0m[2m332:[0m Received checkpoint summary from state sync [3msequence_number[0m[2m=[0m502
[2m2025-03-25T07:56:30.612685Z[0m [32m INFO[0m [1mnode[0m[1m{[0m[3mname[0m[2m=[0mk#8dcff6d1..[1m}[0m[2m:[0m [2msui_core::checkpoints::checkpoint_executor[0m[2m:[0m [2mcrates/sui-core/src/checkpoints/checkpoint_executor/mod.rs[0m[2m:[0m[2m332:[0m Received checkpoint summary from state sync [3msequence_number[0m[2m=[0m503
[2m2025-03-25T07:56:30.612724Z[0m [32m INFO[0m [1mnode[0m[1m{[0m[3mname[0m[2m=[0mk#8dcff6d1..[1m}[0m[2m:[0m [2msui_core::checkpoints::checkpoint_executor[0m[2m:[0m [2mcrates/sui-core/src/checkpoints/checkpoint_executor/mod.rs[0m[2m:[0m[2m332:[0m Received checkpoint summary from state sync [3msequence_number[0m[2m=[0m504
[2m2025-03-25T07:56:30.612763Z[0m [32m INFO[0m [1mnode[0m[1m{[0m[3mname[0m[2m=[0mk#8dcff6d1..[1m}[0m[2m:[0m [2msui_core::checkpoints::checkpoint_executor[0m[2m:[0m [2mcrates/sui-core/src/checkpoints/checkpoint_executor/mod.rs[0m[2m:[0m[2m332:[0m Received checkpoint summary from state sync [3msequence_number[0m[2m=[0m505
[2m2025-03-25T07:56:30.612803Z[0m [32m INFO[0m [1mnode[0m[1m{[0m[3mname[0m[2m=[0mk#8dcff6d1..[1m}[0m[2m:[0m [2msui_core::checkpoints::checkpoint_executor[0m[2m:[0m [2mcrates/sui-core/src/checkpoints/checkpoint_executor/mod.rs[0m[2m:[0m[2m332:[0m Received checkpoint summary from state sync [3msequence_number[0m[2m=[0m506
[2m2025-03-25T07:56:30.612841Z[0m [32m INFO[0m [1mnode[0m[1m{[0m[3mname[0m[2m=[0mk#8dcff6d1..[1m}[0m[2m:[0m [2msui_core::checkpoints::checkpoint_executor[0m[2m:[0m [2mcrates/sui-core/src/checkpoints/checkpoint_executor/mod.rs[0m[2m:[0m[2m332:[0m Received checkpoint summary from state sync [3msequence_number[0m[2m=[0m507
[2m2025-03-25T07:56:30.612880Z[0m [32m INFO[0m [1mnode[0m[1m{[0m[3mname[0m[2m=[0mk#8dcff6d1..[1m}[0m[2m:[0m [2msui_core::checkpoints::checkpoint_executor[0m[2m:[0m [2mcrates/sui-core/src/checkpoints/checkpoint_executor/mod.rs[0m[2m:[0m[2m332:[0m Received checkpoint summary from state sync [3msequence_number[0m[2m=[0m508
[2m2025-03-25T07:56:30.612918Z[0m [32m INFO[0m [1mnode[0m[1m{[0m[3mname[0m[2m=[0mk#8dcff6d1..[1m}[0m[2m:[0m [2msui_core::checkpoints::checkpoint_executor[0m[2m:[0m [2mcrates/sui-core/src/checkpoints/checkpoint_executor/mod.rs[0m[2m:[0m[2m332:[0m Received checkpoint summary from state sync [3msequence_number[0m[2m=[0m509
[2m2025-03-25T07:56:30.612956Z[0m [32m INFO[0m [1mnode[0m[1m{[0m[3mname[0m[2m=[0mk#8dcff6d1..[1m}[0m[2m:[0m [2msui_core::checkpoints::checkpoint_executor[0m[2m:[0m [2mcrates/sui-core/src/checkpoints/checkpoint_executor/mod.rs[0m[2m:[0m[2m332:[0m Received checkpoint summary from state sync [3msequence_number[0m[2m=[0m510
[2m2025-03-25T07:56:30.612995Z[0m [32m INFO[0m [1mnode[0m[1m{[0m[3mname[0m[2m=[0mk#8dcff6d1..[1m}[0m[2m:[0m [2msui_core::checkpoints::checkpoint_executor[0m[2m:[0m [2mcrates/sui-core/src/checkpoints/checkpoint_executor/mod.rs[0m[2m:[0m[2m332:[0m Received checkpoint summary from state sync [3msequence_number[0m[2m=[0m511
[2m2025-03-25T07:56:30.613033Z[0m [32m INFO[0m [1mnode[0m[1m{[0m[3mname[0m[2m=[0mk#8dcff6d1..[1m}[0m[2m:[0m [2msui_core::checkpoints::checkpoint_executor[0m[2m:[0m [2mcrates/sui-core/src/checkpoints/checkpoint_executor/mod.rs[0m[2m:[0m[2m332:[0m Received checkpoint summary from state sync [3msequence_number[0m[2m=[0m512
[2m2025-03-25T07:56:30.613075Z[0m [32m INFO[0m [1mnode[0m[1m{[0m[3mname[0m[2m=[0mk#8dcff6d1..[1m}[0m[2m:[0m [2msui_core::checkpoints::checkpoint_executor[0m[2m:[0m [2mcrates/sui-core/src/checkpoints/checkpoint_executor/mod.rs[0m[2m:[0m[2m332:[0m Received checkpoint summary from state sync [3msequence_number[0m[2m=[0m513
[2m2025-03-25T07:56:30.613115Z[0m [32m INFO[0m [1mnode[0m[1m{[0m[3mname[0m[2m=[0mk#8dcff6d1..[1m}[0m[2m:[0m [2msui_core::checkpoints::checkpoint_executor[0m[2m:[0m [2mcrates/sui-core/src/checkpoints/checkpoint_executor/mod.rs[0m[2m:[0m[2m332:[0m Received checkpoint summary from state sync [3msequence_number[0m[2m=[0m514
[2m2025-03-25T07:56:30.613153Z[0m [32m INFO[0m [1mnode[0m[1m{[0m[3mname[0m[2m=[0mk#8dcff6d1..[1m}[0m[2m:[0m [2msui_core::checkpoints::checkpoint_executor[0m[2m:[0m [2mcrates/sui-core/src/checkpoints/checkpoint_executor/mod.rs[0m[2m:[0m[2m332:[0m Received checkpoint summary from state sync [3msequence_number[0m[2m=[0m515
[2m2025-03-25T07:56:30.613191Z[0m [32m INFO[0m [1mnode[0m[1m{[0m[3mname[0m[2m=[0mk#8dcff6d1..[1m}[0m[2m:[0m [2msui_core::checkpoints::checkpoint_executor[0m[2m:[0m [2mcrates/sui-core/src/checkpoints/checkpoint_executor/mod.rs[0m[2m:[0m[2m332:[0m Received checkpoint summary from state sync [3msequence_number[0m[2m=[0m516
[2m2025-03-25T07:56:30.613229Z[0m [32m INFO[0m [1mnode[0m[1m{[0m[3mname[0m[2m=[0mk#8dcff6d1..[1m}[0m[2m:[0m [2msui_core::checkpoints::checkpoint_executor[0m[2m:[0m [2mcrates/sui-core/src/checkpoints/checkpoint_executor/mod.rs[0m[2m:[0m[2m332:[0m Received checkpoint summary from state sync [3msequence_number[0m[2m=[0m517
[2m2025-03-25T07:56:30.613268Z[0m [32m INFO[0m [1mnode[0m[1m{[0m[3mname[0m[2m=[0mk#8dcff6d1..[1m}[0m[2m:[0m [2msui_core::checkpoints::checkpoint_executor[0m[2m:[0m [2mcrates/sui-core/src/checkpoints/checkpoint_executor/mod.rs[0m[2m:[0m[2m332:[0m Received checkpoint summary from state sync [3msequence_number[0m[2m=[0m518
[2m2025-03-25T07:56:30.613307Z[0m [32m INFO[0m [1mnode[0m[1m{[0m[3mname[0m[2m=[0mk#8dcff6d1..[1m}[0m[2m:[0m [2msui_core::checkpoints::checkpoint_executor[0m[2m:[0m [2mcrates/sui-core/src/checkpoints/checkpoint_executor/mod.rs[0m[2m:[0m[2m332:[0m Received checkpoint summary from state sync [3msequence_number[0m[2m=[0m519
[2m2025-03-25T07:56:30.613347Z[0m [32m INFO[0m [1mnode[0m[1m{[0m[3mname[0m[2m=[0mk#8dcff6d1..[1m}[0m[2m:[0m [2msui_core::checkpoints::checkpoint_executor[0m[2m:[0m [2mcrates/sui-core/src/checkpoints/checkpoint_executor/mod.rs[0m[2m:[0m[2m332:[0m Received checkpoint summary from state sync [3msequence_number[0m[2m=[0m520
[2m2025-03-25T07:56:30.613385Z[0m [32m INFO[0m [1mnode[0m[1m{[0m[3mname[0m[2m=[0mk#8dcff6d1..[1m}[0m[2m:[0m [2msui_core::checkpoints::checkpoint_executor[0m[2m:[0m [2mcrates/sui-core/src/checkpoints/checkpoint_executor/mod.rs[0m[2m:[0m[2m332:[0m Received checkpoint summary from state sync [3msequence_number[0m[2m=[0m521
[2m2025-03-25T07:56:30.613424Z[0m [32m INFO[0m [1mnode[0m[1m{[0m[3mname[0m[2m=[0mk#8dcff6d1..[1m}[0m[2m:[0m [2msui_core::checkpoints::checkpoint_executor[0m[2m:[0m [2mcrates/sui-core/src/checkpoints/checkpoint_executor/mod.rs[0m[2m:[0m[2m332:[0m Received checkpoint summary from state sync [3msequence_number[0m[2m=[0m522
[2m2025-03-25T07:56:30.613462Z[0m [32m INFO[0m [1mnode[0m[1m{[0m[3mname[0m[2m=[0mk#8dcff6d1..[1m}[0m[2m:[0m [2msui_core::checkpoints::checkpoint_executor[0m[2m:[0m [2mcrates/sui-core/src/checkpoints/checkpoint_executor/mod.rs[0m[2m:[0m[2m332:[0m Received checkpoint summary from state sync [3msequence_number[0m[2m=[0m523
[2m2025-03-25T07:56:30.613500Z[0m [32m INFO[0m [1mnode[0m[1m{[0m[3mname[0m[2m=[0mk#8dcff6d1..[1m}[0m[2m:[0m [2msui_core::checkpoints::checkpoint_executor[0m[2m:[0m [2mcrates/sui-core/src/checkpoints/checkpoint_executor/mod.rs[0m[2m:[0m[2m332:[0m Received checkpoint summary from state sync [3msequence_number[0m[2m=[0m524
[2m2025-03-25T07:56:30.613538Z[0m [32m INFO[0m [1mnode[0m[1m{[0m[3mname[0m[2m=[0mk#8dcff6d1..[1m}[0m[2m:[0m [2msui_core::checkpoints::checkpoint_executor[0m[2m:[0m [2mcrates/sui-core/src/checkpoints/checkpoint_executor/mod.rs[0m[2m:[0m[2m332:[0m Received checkpoint summary from state sync [3msequence_number[0m[2m=[0m525
[2m2025-03-25T07:56:30.613576Z[0m [32m INFO[0m [1mnode[0m[1m{[0m[3mname[0m[2m=[0mk#8dcff6d1..[1m}[0m[2m:[0m [2msui_core::checkpoints::checkpoint_executor[0m[2m:[0m [2mcrates/sui-core/src/checkpoints/checkpoint_executor/mod.rs[0m[2m:[0m[2m332:[0m Received checkpoint summary from state sync [3msequence_number[0m[2m=[0m526
[2m2025-03-25T07:56:30.613614Z[0m [32m INFO[0m [1mnode[0m[1m{[0m[3mname[0m[2m=[0mk#8dcff6d1..[1m}[0m[2m:[0m [2msui_core::checkpoints::checkpoint_executor[0m[2m:[0m [2mcrates/sui-core/src/checkpoints/checkpoint_executor/mod.rs[0m[2m:[0m[2m332:[0m Received checkpoint summary from state sync [3msequence_number[0m[2m=[0m527
[2m2025-03-25T07:56:30.613653Z[0m [32m INFO[0m [1mnode[0m[1m{[0m[3mname[0m[2m=[0mk#8dcff6d1..[1m}[0m[2m:[0m [2msui_core::checkpoints::checkpoint_executor[0m[2m:[0m [2mcrates/sui-core/src/checkpoints/checkpoint_executor/mod.rs[0m[2m:[0m[2m332:[0m Received checkpoint summary from state sync [3msequence_number[0m[2m=[0m528
[2m2025-03-25T07:56:30.613691Z[0m [32m INFO[0m [1mnode[0m[1m{[0m[3mname[0m[2m=[0mk#8dcff6d1..[1m}[0m[2m:[0m [2msui_core::checkpoints::checkpoint_executor[0m[2m:[0m [2mcrates/sui-core/src/checkpoints/checkpoint_executor/mod.rs[0m[2m:[0m[2m332:[0m Received checkpoint summary from state sync [3msequence_number[0m[2m=[0m529
[2m2025-03-25T07:56:30.613729Z[0m [32m INFO[0m [1mnode[0m[1m{[0m[3mname[0m[2m=[0mk#8dcff6d1..[1m}[0m[2m:[0m [2msui_core::checkpoints::checkpoint_executor[0m[2m:[0m [2mcrates/sui-core/src/checkpoints/checkpoint_executor/mod.rs[0m[2m:[0m[2m332:[0m Received checkpoint summary from state sync [3msequence_number[0m[2m=[0m530
[2m2025-03-25T07:56:30.613767Z[0m [32m INFO[0m [1mnode[0m[1m{[0m[3mname[0m[2m=[0mk#8dcff6d1..[1m}[0m[2m:[0m [2msui_core::checkpoints::checkpoint_executor[0m[2m:[0m [2mcrates/sui-core/src/checkpoints/checkpoint_executor/mod.rs[0m[2m:[0m[2m332:[0m Received checkpoint summary from state sync [3msequence_number[0m[2m=[0m531
[2m2025-03-25T07:56:30.613805Z[0m [32m INFO[0m [1mnode[0m[1m{[0m[3mname[0m[2m=[0mk#8dcff6d1..[1m}[0m[2m:[0m [2msui_core::checkpoints::checkpoint_executor[0m[2m:[0m [2mcrates/sui-core/src/checkpoints/checkpoint_executor/mod.rs[0m[2m:[0m[2m332:[0m Received checkpoint summary from state sync [3msequence_number[0m[2m=[0m532
[2m2025-03-25T07:56:30.613844Z[0m [32m INFO[0m [1mnode[0m[1m{[0m[3mname[0m[2m=[0mk#8dcff6d1..[1m}[0m[2m:[0m [2msui_core::checkpoints::checkpoint_executor[0m[2m:[0m [2mcrates/sui-core/src/checkpoints/checkpoint_executor/mod.rs[0m[2m:[0m[2m332:[0m Received checkpoint summary from state sync [3msequence_number[0m[2m=[0m533
[2m2025-03-25T07:56:30.613883Z[0m [32m INFO[0m [1mnode[0m[1m{[0m[3mname[0m[2m=[0mk#8dcff6d1..[1m}[0m[2m:[0m [2msui_core::checkpoints::checkpoint_executor[0m[2m:[0m [2mcrates/sui-core/src/checkpoints/checkpoint_executor/mod.rs[0m[2m:[0m[2m332:[0m Received checkpoint summary from state sync [3msequence_number[0m[2m=[0m534
[2m2025-03-25T07:56:30.613922Z[0m [32m INFO[0m [1mnode[0m[1m{[0m[3mname[0m[2m=[0mk#8dcff6d1..[1m}[0m[2m:[0m [2msui_core::checkpoints::checkpoint_executor[0m[2m:[0m [2mcrates/sui-core/src/checkpoints/checkpoint_executor/mod.rs[0m[2m:[0m[2m332:[0m Received checkpoint summary from state sync [3msequence_number[0m[2m=[0m535
[2m2025-03-25T07:56:30.613961Z[0m [32m INFO[0m [1mnode[0m[1m{[0m[3mname[0m[2m=[0mk#8dcff6d1..[1m}[0m[2m:[0m [2msui_core::checkpoints::checkpoint_executor[0m[2m:[0m [2mcrates/sui-core/src/checkpoints/checkpoint_executor/mod.rs[0m[2m:[0m[2m332:[0m Received checkpoint summary from state sync [3msequence_number[0m[2m=[0m536
[2m2025-03-25T07:56:30.614000Z[0m [32m INFO[0m [1mnode[0m[1m{[0m[3mname[0m[2m=[0mk#8dcff6d1..[1m}[0m[2m:[0m [2msui_core::checkpoints::checkpoint_executor[0m[2m:[0m [2mcrates/sui-core/src/checkpoints/checkpoint_executor/mod.rs[0m[2m:[0m[2m332:[0m Received checkpoint summary from state sync [3msequence_number[0m[2m=[0m537
[2m2025-03-25T07:56:30.614038Z[0m [32m INFO[0m [1mnode[0m[1m{[0m[3mname[0m[2m=[0mk#8dcff6d1..[1m}[0m[2m:[0m [2msui_core::checkpoints::checkpoint_executor[0m[2m:[0m [2mcrates/sui-core/src/checkpoints/checkpoint_executor/mod.rs[0m[2m:[0m[2m332:[0m Received checkpoint summary from state sync [3msequence_number[0m[2m=[0m538
[2m2025-03-25T07:56:30.614076Z[0m [32m INFO[0m [1mnode[0m[1m{[0m[3mname[0m[2m=[0mk#8dcff6d1..[1m}[0m[2m:[0m [2msui_core::checkpoints::checkpoint_executor[0m[2m:[0m [2mcrates/sui-core/src/checkpoints/checkpoint_executor/mod.rs[0m[2m:[0m[2m332:[0m Received checkpoint summary from state sync [3msequence_number[0m[2m=[0m539
[2m2025-03-25T07:56:30.614114Z[0m [32m INFO[0m [1mnode[0m[1m{[0m[3mname[0m[2m=[0mk#8dcff6d1..[1m}[0m[2m:[0m [2msui_core::checkpoints::checkpoint_executor[0m[2m:[0m [2mcrates/sui-core/src/checkpoints/checkpoint_executor/mod.rs[0m[2m:[0m[2m332:[0m Received checkpoint summary from state sync [3msequence_number[0m[2m=[0m540
[2m2025-03-25T07:56:30.614152Z[0m [32m INFO[0m [1mnode[0m[1m{[0m[3mname[0m[2m=[0mk#8dcff6d1..[1m}[0m[2m:[0m [2msui_core::checkpoints::checkpoint_executor[0m[2m:[0m [2mcrates/sui-core/src/checkpoints/checkpoint_executor/mod.rs[0m[2m:[0m[2m332:[0m Received checkpoint summary from state sync [3msequence_number[0m[2m=[0m541
[2m2025-03-25T07:56:30.614190Z[0m [32m INFO[0m [1mnode[0m[1m{[0m[3mname[0m[2m=[0mk#8dcff6d1..[1m}[0m[2m:[0m [2msui_core::checkpoints::checkpoint_executor[0m[2m:[0m [2mcrates/sui-core/src/checkpoints/checkpoint_executor/mod.rs[0m[2m:[0m[2m332:[0m Received checkpoint summary from state sync [3msequence_number[0m[2m=[0m542
[2m2025-03-25T07:56:30.614228Z[0m [32m INFO[0m [1mnode[0m[1m{[0m[3mname[0m[2m=[0mk#8dcff6d1..[1m}[0m[2m:[0m [2msui_core::checkpoints::checkpoint_executor[0m[2m:[0m [2mcrates/sui-core/src/checkpoints/checkpoint_executor/mod.rs[0m[2m:[0m[2m332:[0m Received checkpoint summary from state sync [3msequence_number[0m[2m=[0m543
[2m2025-03-25T07:56:30.614267Z[0m [32m INFO[0m [1mnode[0m[1m{[0m[3mname[0m[2m=[0mk#8dcff6d1..[1m}[0m[2m:[0m [2msui_core::checkpoints::checkpoint_executor[0m[2m:[0m [2mcrates/sui-core/src/checkpoints/checkpoint_executor/mod.rs[0m[2m:[0m[2m332:[0m Received checkpoint summary from state sync [3msequence_number[0m[2m=[0m544
[2m2025-03-25T07:56:30.614305Z[0m [32m INFO[0m [1mnode[0m[1m{[0m[3mname[0m[2m=[0mk#8dcff6d1..[1m}[0m[2m:[0m [2msui_core::checkpoints::checkpoint_executor[0m[2m:[0m [2mcrates/sui-core/src/checkpoints/checkpoint_executor/mod.rs[0m[2m:[0m[2m332:[0m Received checkpoint summary from state sync [3msequence_number[0m[2m=[0m545
[2m2025-03-25T07:56:30.614345Z[0m [32m INFO[0m [1mnode[0m[1m{[0m[3mname[0m[2m=[0mk#8dcff6d1..[1m}[0m[2m:[0m [2msui_core::checkpoints::checkpoint_executor[0m[2m:[0m [2mcrates/sui-core/src/checkpoints/checkpoint_executor/mod.rs[0m[2m:[0m[2m332:[0m Received checkpoint summary from state sync [3msequence_number[0m[2m=[0m546
[2m2025-03-25T07:56:30.614384Z[0m [32m INFO[0m [1mnode[0m[1m{[0m[3mname[0m[2m=[0mk#8dcff6d1..[1m}[0m[2m:[0m [2msui_core::checkpoints::checkpoint_executor[0m[2m:[0m [2mcrates/sui-core/src/checkpoints/checkpoint_executor/mod.rs[0m[2m:[0m[2m332:[0m Received checkpoint summary from state sync [3msequence_number[0m[2m=[0m547
[2m2025-03-25T07:56:30.614422Z[0m [32m INFO[0m [1mnode[0m[1m{[0m[3mname[0m[2m=[0mk#8dcff6d1..[1m}[0m[2m:[0m [2msui_core::checkpoints::checkpoint_executor[0m[2m:[0m [2mcrates/sui-core/src/checkpoints/checkpoint_executor/mod.rs[0m[2m:[0m[2m332:[0m Received checkpoint summary from state sync [3msequence_number[0m[2m=[0m548
[2m2025-03-25T07:56:30.614461Z[0m [32m INFO[0m [1mnode[0m[1m{[0m[3mname[0m[2m=[0mk#8dcff6d1..[1m}[0m[2m:[0m [2msui_core::checkpoints::checkpoint_executor[0m[2m:[0m [2mcrates/sui-core/src/checkpoints/checkpoint_executor/mod.rs[0m[2m:[0m[2m332:[0m Received checkpoint summary from state sync [3msequence_number[0m[2m=[0m549
[2m2025-03-25T07:56:30.614498Z[0m [32m INFO[0m [1mnode[0m[1m{[0m[3mname[0m[2m=[0mk#8dcff6d1..[1m}[0m[2m:[0m [2msui_core::checkpoints::checkpoint_executor[0m[2m:[0m [2mcrates/sui-core/src/checkpoints/checkpoint_executor/mod.rs[0m[2m:[0m[2m332:[0m Received checkpoint summary from state sync [3msequence_number[0m[2m=[0m550
[2m2025-03-25T07:56:30.614536Z[0m [32m INFO[0m [1mnode[0m[1m{[0m[3mname[0m[2m=[0mk#8dcff6d1..[1m}[0m[2m:[0m [2msui_core::checkpoints::checkpoint_executor[0m[2m:[0m [2mcrates/sui-core/src/checkpoints/checkpoint_executor/mod.rs[0m[2m:[0m[2m332:[0m Received checkpoint summary from state sync [3msequence_number[0m[2m=[0m551
[2m2025-03-25T07:56:30.614574Z[0m [32m INFO[0m [1mnode[0m[1m{[0m[3mname[0m[2m=[0mk#8dcff6d1..[1m}[0m[2m:[0m [2msui_core::checkpoints::checkpoint_executor[0m[2m:[0m [2mcrates/sui-core/src/checkpoints/checkpoint_executor/mod.rs[0m[2m:[0m[2m332:[0m Received checkpoint summary from state sync [3msequence_number[0m[2m=[0m552
[2m2025-03-25T07:56:30.614612Z[0m [32m INFO[0m [1mnode[0m[1m{[0m[3mname[0m[2m=[0mk#8dcff6d1..[1m}[0m[2m:[0m [2msui_core::checkpoints::checkpoint_executor[0m[2m:[0m [2mcrates/sui-core/src/checkpoints/checkpoint_executor/mod.rs[0m[2m:[0m[2m332:[0m Received checkpoint summary from state sync [3msequence_number[0m[2m=[0m553
[2m2025-03-25T07:56:30.614653Z[0m [32m INFO[0m [1mnode[0m[1m{[0m[3mname[0m[2m=[0mk#8dcff6d1..[1m}[0m[2m:[0m [2msui_core::checkpoints::checkpoint_executor[0m[2m:[0m [2mcrates/sui-core/src/checkpoints/checkpoint_executor/mod.rs[0m[2m:[0m[2m332:[0m Received checkpoint summary from state sync [3msequence_number[0m[2m=[0m554
[2m2025-03-25T07:56:30.614692Z[0m [32m INFO[0m [1mnode[0m[1m{[0m[3mname[0m[2m=[0mk#8dcff6d1..[1m}[0m[2m:[0m [2msui_core::checkpoints::checkpoint_executor[0m[2m:[0m [2mcrates/sui-core/src/checkpoints/checkpoint_executor/mod.rs[0m[2m:[0m[2m332:[0m Received checkpoint summary from state sync [3msequence_number[0m[2m=[0m555
[2m2025-03-25T07:56:30.615510Z[0m [32m INFO[0m [1mnode[0m[1m{[0m[3mname[0m[2m=[0mk#8dcff6d1..[1m}[0m[2m:[0m [2msui_core::state_accumulator[0m[2m:[0m [2mcrates/sui-core/src/state_accumulator.rs[0m[2m:[0m[2m675:[0m accumulating running root for checkpoint 555
[2m2025-03-25T07:56:30.621699Z[0m [32m INFO[0m [1mnode[0m[1m{[0m[3mname[0m[2m=[0mk#addeef94..[1m}[0m[2m:[0m[1mjwk_updater_task[0m[1m{[0m[3mepoch[0m[2m=[0m1[1m}[0m[2m:[0m [2msui_node[0m[2m:[0m [2mcrates/sui-node/src/lib.rs[0m[2m:[0m[2m376:[0m fetching JWK for provider Arden
[2m2025-03-25T07:56:30.625418Z[0m [32m INFO[0m [1mnode[0m[1m{[0m[3mname[0m[2m=[0mk#8dcff6d1..[1m}[0m[2m:[0m[1mjwk_updater_task[0m[1m{[0m[3mepoch[0m[2m=[0m1[1m}[0m[2m:[0m [2msui_node[0m[2m:[0m [2mcrates/sui-node/src/lib.rs[0m[2m:[0m[2m376:[0m fetching JWK for provider AwsTenant(("us-east-1", "us-east-1_LPSLCkC3A"))
[2m2025-03-25T07:56:30.627615Z[0m [32m INFO[0m [1mnode[0m[1m{[0m[3mname[0m[2m=[0mk#99f25ef6..[1m}[0m[2m:[0m [2msui_core::checkpoints[0m[2m:[0m [2mcrates/sui-core/src/checkpoints/mod.rs[0m[2m:[0m[2m1326:[0m Creating checkpoint(s) for 2 transactions [3mnext_checkpoint_seq[0m[2m=[0m556 [3mcheckpoint_timestamp[0m[2m=[0m1742889390004
[2m2025-03-25T07:56:30.627923Z[0m [32m INFO[0m [1mnode[0m[1m{[0m[3mname[0m[2m=[0mk#99f25ef6..[1m}[0m[2m:[0m [2msui_core::checkpoints::checkpoint_output[0m[2m:[0m [2mcrates/sui-core/src/checkpoints/checkpoint_output.rs[0m[2m:[0m[2m149:[0m Creating checkpoint CheckpointDigest(q2DL1uVFg5KCdBi97tKQt9qdYPcSjwXJZGwB3vUaFiG) at epoch 1, sequence 556, previous digest Some(CheckpointDigest(6cbViZrHupssEydoq2FhNyAcyomhVbfoLtuChvFzTVX5)), transactions count 2, content digest CheckpointContentsDigest(AxUBp7whc36Y8oJzrVRUrxFYT1jhhyQ8EEdyDvARjYgN), end_of_epoch_data None
[2m2025-03-25T07:56:30.736655Z[0m [32m INFO[0m [1mnode[0m[1m{[0m[3mname[0m[2m=[0mk#addeef94..[1m}[0m[2m:[0m[1mjwk_updater_task[0m[1m{[0m[3mepoch[0m[2m=[0m1[1m}[0m[2m:[0m [2msui_node[0m[2m:[0m [2mcrates/sui-node/src/lib.rs[0m[2m:[0m[2m376:[0m fetching JWK for provider AwsTenant(("us-east-1", "us-east-1_LPSLCkC3A"))
[2m2025-03-25T07:56:30.772249Z[0m [32m INFO[0m [1mnode[0m[1m{[0m[3mname[0m[2m=[0mk#8dcff6d1..[1m}[0m[2m:[0m[1mjwk_updater_task[0m[1m{[0m[3mepoch[0m[2m=[0m1[1m}[0m[2m:[0m [2msui_node[0m[2m:[0m [2mcrates/sui-node/src/lib.rs[0m[2m:[0m[2m376:[0m fetching JWK for provider Arden
[2m2025-03-25T07:56:30.822574Z[0m [32m INFO[0m [1mnode[0m[1m{[0m[3mname[0m[2m=[0mk#b3f3cbb4..[1m}[0m[2m:[0m[1mjson-rpc-request[0m[2m:[0m[1mdev_inspect_transaction_block[0m[1m{[0m[3msender_address[0m[2m=[0m0x0000000000000000000000000000000000000000000000000000000000000000 [3mtx_bytes[0m[2m=[0mBase64("AAMBAQAAAAAAAAAAAAAAAAAAAAAAAAAAAAAAAAAAAAAAAAAJAQAAAAAAAAABAAECAAgAAAAAAAAAAAEAAAAAAAAAAAAAAAAAAAAAAAAAAAAAAAAAAAAAAAAAAAsGYnJpZGdlIGdldF90b2tlbl90cmFuc2Zlcl9hY3Rpb25fc3RhdHVzAAMBAAABAQABAgA=") [3mgas_price[0m[2m=[0mNone [3m_epoch[0m[2m=[0mNone [3madditional_args[0m[2m=[0mNone[1m}[0m[2m:[0m [2msui_json_rpc::transaction_execution_api[0m[2m:[0m [2mcrates/sui-json-rpc/src/transaction_execution_api.rs[0m[2m:[0m[2m351:[0m RPC took longer than threshold to complete. [3melapsed[0m[2m=[0m1.547121041s
[2m2025-03-25T07:56:30.823522Z[0m [32m INFO[0m [2msui_bridge::e2e_tests::test_utils[0m[2m:[0m [2mcrates/sui-bridge/src/e2e_tests/test_utils.rs[0m[2m:[0m[2m1452:[0m get_token_transfer_action_onchain_status_until_success took 3.29924625s, status: Pending
[2m2025-03-25T07:56:30.850471Z[0m [32m INFO[0m [1mnode[0m[1m{[0m[3mname[0m[2m=[0mk#99f25ef6..[1m}[0m[2m:[0m [2mconsensus_core::core[0m[2m:[0m [2mconsensus/core/src/core.rs[0m[2m:[0m[2m945:[0m Included 3 ancestors & excluded 0 ancestors for proposal in round 356
[2m2025-03-25T07:56:30.850879Z[0m [32m INFO[0m [1mnode[0m[1m{[0m[3mname[0m[2m=[0mk#99f25ef6..[1m}[0m[2m:[0m [2mconsensus_core::core[0m[2m:[0m [2mconsensus/core/src/core.rs[0m[2m:[0m[2m531:[0m Created block B356(B,bKj8+MHcCHGe7EQEkw28Q1dm9yROhsGUe94V5LjnJBI=)(1742889390850ms;[B354(B,hAk/U/FXeDODvN35+uRA60cfg/FakYwd0dx5upVsww8=), B355(A,gfVR67dfCmKNcGzfTBmSP43zw5FrHDNSLxLmpPYCXM4=), B355(C,bvvITRoBgcZUC10a4sWAFWyiW/HvwalSTMVIsCuX0mo=)];2t;2c) for round 356
[2m2025-03-25T07:56:30.853569Z[0m [32m INFO[0m [1mnode[0m[1m{[0m[3mname[0m[2m=[0mk#addeef94..[1m}[0m[2m:[0m [2mconsensus_core::core[0m[2m:[0m [2mconsensus/core/src/core.rs[0m[2m:[0m[2m945:[0m Included 2 ancestors & excluded 0 ancestors for proposal in round 356
[2m2025-03-25T07:56:30.853862Z[0m [32m INFO[0m [1mnode[0m[1m{[0m[3mname[0m[2m=[0mk#addeef94..[1m}[0m[2m:[0m [2mconsensus_core::core[0m[2m:[0m [2mconsensus/core/src/core.rs[0m[2m:[0m[2m531:[0m Created block B356(C,RKwQfbIh8AkIbYOmEmA263T+8KNyeQt2Ks0/MIAWvrU=)(1742889390853ms;[B355(C,bvvITRoBgcZUC10a4sWAFWyiW/HvwalSTMVIsCuX0mo=), B355(A,gfVR67dfCmKNcGzfTBmSP43zw5FrHDNSLxLmpPYCXM4=)];1t;1c) for round 356
[2m2025-03-25T07:56:30.854010Z[0m [32m INFO[0m [1mnode[0m[1m{[0m[3mname[0m[2m=[0mk#addeef94..[1m}[0m[2m:[0m [2mconsensus_core::core[0m[2m:[0m [2mconsensus/core/src/core.rs[0m[2m:[0m[2m630:[0m Committing 1 leaders: B354(A,oImL)
[2m2025-03-25T07:56:30.854112Z[0m [32m INFO[0m [1mnode[0m[1m{[0m[3mname[0m[2m=[0mk#addeef94..[1m}[0m[2m:[0m [2mconsensus_core::commit_observer[0m[2m:[0m [2mconsensus/core/src/commit_observer.rs[0m[2m:[0m[2m173:[0m Consensus commit C344(O5Kn) with leader B354(A,oImL) has 3 blocks
[2m2025-03-25T07:56:30.854504Z[0m [32m INFO[0m [1mnode[0m[1m{[0m[3mname[0m[2m=[0mk#addeef94..[1m}[0m[2m:[0m [2msui_core::consensus_handler[0m[2m:[0m [2mcrates/sui-core/src/consensus_handler.rs[0m[2m:[0m[2m232:[0m Received consensus output [3mconsensus_commit[0m[2m=[0mCommittedSubDag(leader=B354(A,oImL), ref=C344(O5Kn), blocks=[FPLi, lTB0, oImL]) [3mepoch[0m[2m=[0m1
[2m2025-03-25T07:56:30.856876Z[0m [32m INFO[0m [1mnode[0m[1m{[0m[3mname[0m[2m=[0mk#99f25ef6..[1m}[0m[2m:[0m [2mconsensus_core::core[0m[2m:[0m [2mconsensus/core/src/core.rs[0m[2m:[0m[2m630:[0m Committing 1 leaders: B354(A,oImL)
[2m2025-03-25T07:56:30.856969Z[0m [32m INFO[0m [1mnode[0m[1m{[0m[3mname[0m[2m=[0mk#99f25ef6..[1m}[0m[2m:[0m [2mconsensus_core::commit_observer[0m[2m:[0m [2mconsensus/core/src/commit_observer.rs[0m[2m:[0m[2m173:[0m Consensus commit C344(O5Kn) with leader B354(A,oImL) has 3 blocks
[2m2025-03-25T07:56:30.857045Z[0m [32m INFO[0m [1mnode[0m[1m{[0m[3mname[0m[2m=[0mk#99f25ef6..[1m}[0m[2m:[0m [2msui_core::consensus_handler[0m[2m:[0m [2mcrates/sui-core/src/consensus_handler.rs[0m[2m:[0m[2m232:[0m Received consensus output [3mconsensus_commit[0m[2m=[0mCommittedSubDag(leader=B354(A,oImL), ref=C344(O5Kn), blocks=[FPLi, lTB0, oImL]) [3mepoch[0m[2m=[0m1
[2m2025-03-25T07:56:30.889462Z[0m [32m INFO[0m [1mnode[0m[1m{[0m[3mname[0m[2m=[0mk#8dcff6d1..[1m}[0m[2m:[0m [2mconsensus_core::core[0m[2m:[0m [2mconsensus/core/src/core.rs[0m[2m:[0m[2m945:[0m Included 2 ancestors & excluded 0 ancestors for proposal in round 356
[2m2025-03-25T07:56:30.889817Z[0m [32m INFO[0m [1mnode[0m[1m{[0m[3mname[0m[2m=[0mk#8dcff6d1..[1m}[0m[2m:[0m [2mconsensus_core::core[0m[2m:[0m [2mconsensus/core/src/core.rs[0m[2m:[0m[2m531:[0m Created block B356(A,aMOguv8Zuz0epGZCufy+CbgNrGSH6wqiInsyc/3pF+8=)(1742889390889ms;[B355(A,gfVR67dfCmKNcGzfTBmSP43zw5FrHDNSLxLmpPYCXM4=), B355(C,bvvITRoBgcZUC10a4sWAFWyiW/HvwalSTMVIsCuX0mo=)];1t;1c) for round 356
[2m2025-03-25T07:56:30.894674Z[0m [32m INFO[0m [1mnode[0m[1m{[0m[3mname[0m[2m=[0mk#8dcff6d1..[1m}[0m[2m:[0m [2msui_core::checkpoints::checkpoint_output[0m[2m:[0m [2mcrates/sui-core/src/checkpoints/checkpoint_output.rs[0m[2m:[0m[2m196:[0m Certified checkpoint with sequence 556 and digest q2DL1uVFg5KCdBi97tKQt9qdYPcSjwXJZGwB3vUaFiG
[2m2025-03-25T07:56:30.894928Z[0m [32m INFO[0m [1mnode[0m[1m{[0m[3mname[0m[2m=[0mk#8dcff6d1..[1m}[0m[2m:[0m [2mconsensus_core::core[0m[2m:[0m [2mconsensus/core/src/core.rs[0m[2m:[0m[2m630:[0m Committing 1 leaders: B354(A,oImL)
[2m2025-03-25T07:56:30.895046Z[0m [32m INFO[0m [1mnode[0m[1m{[0m[3mname[0m[2m=[0mk#8dcff6d1..[1m}[0m[2m:[0m [2mconsensus_core::commit_observer[0m[2m:[0m [2mconsensus/core/src/commit_observer.rs[0m[2m:[0m[2m173:[0m Consensus commit C344(O5Kn) with leader B354(A,oImL) has 3 blocks
[2m2025-03-25T07:56:30.898049Z[0m [32m INFO[0m [1mnode[0m[1m{[0m[3mname[0m[2m=[0mk#8dcff6d1..[1m}[0m[2m:[0m [2msui_core::consensus_handler[0m[2m:[0m [2mcrates/sui-core/src/consensus_handler.rs[0m[2m:[0m[2m232:[0m Received consensus output [3mconsensus_commit[0m[2m=[0mCommittedSubDag(leader=B354(A,oImL), ref=C344(O5Kn), blocks=[FPLi, lTB0, oImL]) [3mepoch[0m[2m=[0m1
[2m2025-03-25T07:56:30.898345Z[0m [32m INFO[0m [1mnode[0m[1m{[0m[3mname[0m[2m=[0mk#addeef94..[1m}[0m[2m:[0m [2msui_core::checkpoints[0m[2m:[0m [2mcrates/sui-core/src/checkpoints/mod.rs[0m[2m:[0m[2m1326:[0m Creating checkpoint(s) for 1 transactions [3mnext_checkpoint_seq[0m[2m=[0m557 [3mcheckpoint_timestamp[0m[2m=[0m1742889390260
[2m2025-03-25T07:56:30.898563Z[0m [32m INFO[0m [1mnode[0m[1m{[0m[3mname[0m[2m=[0mk#addeef94..[1m}[0m[2m:[0m [2msui_core::checkpoints::checkpoint_output[0m[2m:[0m [2mcrates/sui-core/src/checkpoints/checkpoint_output.rs[0m[2m:[0m[2m149:[0m Creating checkpoint CheckpointDigest(ARFy4SMFKe7UcumH9Jh2WQ6fUbM4xciB2FCZqgYR1qD6) at epoch 1, sequence 557, previous digest Some(CheckpointDigest(q2DL1uVFg5KCdBi97tKQt9qdYPcSjwXJZGwB3vUaFiG)), transactions count 1, content digest CheckpointContentsDigest(8SZcDeS5itvKd2F7PYa7RKwQkpgMCNNs2FadYLvTxwAf), end_of_epoch_data None
[2m2025-03-25T07:56:30.900357Z[0m [32m INFO[0m [1mnode[0m[1m{[0m[3mname[0m[2m=[0mk#99f25ef6..[1m}[0m[2m:[0m [2msui_core::checkpoints[0m[2m:[0m [2mcrates/sui-core/src/checkpoints/mod.rs[0m[2m:[0m[2m1326:[0m Creating checkpoint(s) for 1 transactions [3mnext_checkpoint_seq[0m[2m=[0m557 [3mcheckpoint_timestamp[0m[2m=[0m1742889390260
[2m2025-03-25T07:56:30.900536Z[0m [32m INFO[0m [1mnode[0m[1m{[0m[3mname[0m[2m=[0mk#99f25ef6..[1m}[0m[2m:[0m [2msui_core::checkpoints::checkpoint_output[0m[2m:[0m [2mcrates/sui-core/src/checkpoints/checkpoint_output.rs[0m[2m:[0m[2m149:[0m Creating checkpoint CheckpointDigest(ARFy4SMFKe7UcumH9Jh2WQ6fUbM4xciB2FCZqgYR1qD6) at epoch 1, sequence 557, previous digest Some(CheckpointDigest(q2DL1uVFg5KCdBi97tKQt9qdYPcSjwXJZGwB3vUaFiG)), transactions count 1, content digest CheckpointContentsDigest(8SZcDeS5itvKd2F7PYa7RKwQkpgMCNNs2FadYLvTxwAf), end_of_epoch_data None
[2m2025-03-25T07:56:30.903745Z[0m [32m INFO[0m [1mnode[0m[1m{[0m[3mname[0m[2m=[0mk#99f25ef6..[1m}[0m[2m:[0m [2msui_core::checkpoints::checkpoint_output[0m[2m:[0m [2mcrates/sui-core/src/checkpoints/checkpoint_output.rs[0m[2m:[0m[2m196:[0m Certified checkpoint with sequence 556 and digest q2DL1uVFg5KCdBi97tKQt9qdYPcSjwXJZGwB3vUaFiG
[2m2025-03-25T07:56:30.907599Z[0m [32m INFO[0m [1mnode[0m[1m{[0m[3mname[0m[2m=[0mk#b3f3cbb4..[1m}[0m[2m:[0m [2msui_core::state_accumulator[0m[2m:[0m [2mcrates/sui-core/src/state_accumulator.rs[0m[2m:[0m[2m675:[0m accumulating running root for checkpoint 517
[2m2025-03-25T07:56:30.907884Z[0m [32m INFO[0m [1mnode[0m[1m{[0m[3mname[0m[2m=[0mk#b3f3cbb4..[1m}[0m[2m:[0m [2msui_core::checkpoints::checkpoint_executor[0m[2m:[0m [2mcrates/sui-core/src/checkpoints/checkpoint_executor/mod.rs[0m[2m:[0m[2m332:[0m Received checkpoint summary from state sync [3msequence_number[0m[2m=[0m542
[2m2025-03-25T07:56:30.920497Z[0m [32m INFO[0m [1mnode[0m[1m{[0m[3mname[0m[2m=[0mk#99f25ef6..[1m}[0m[2m:[0m [2msui_core::checkpoints::checkpoint_executor[0m[2m:[0m [2mcrates/sui-core/src/checkpoints/checkpoint_executor/mod.rs[0m[2m:[0m[2m332:[0m Received checkpoint summary from state sync [3msequence_number[0m[2m=[0m556
[2m2025-03-25T07:56:30.922105Z[0m [32m INFO[0m [1mnode[0m[1m{[0m[3mname[0m[2m=[0mk#99f25ef6..[1m}[0m[2m:[0m [2msui_core::state_accumulator[0m[2m:[0m [2mcrates/sui-core/src/state_accumulator.rs[0m[2m:[0m[2m675:[0m accumulating running root for checkpoint 556
[2m2025-03-25T07:56:30.926004Z[0m [32m INFO[0m [1mnode[0m[1m{[0m[3mname[0m[2m=[0mk#8dcff6d1..[1m}[0m[2m:[0m [2msui_core::checkpoints::checkpoint_executor[0m[2m:[0m [2mcrates/sui-core/src/checkpoints/checkpoint_executor/mod.rs[0m[2m:[0m[2m332:[0m Received checkpoint summary from state sync [3msequence_number[0m[2m=[0m556
[2m2025-03-25T07:56:30.928677Z[0m [32m INFO[0m [1mnode[0m[1m{[0m[3mname[0m[2m=[0mk#8dcff6d1..[1m}[0m[2m:[0m [2msui_core::state_accumulator[0m[2m:[0m [2mcrates/sui-core/src/state_accumulator.rs[0m[2m:[0m[2m675:[0m accumulating running root for checkpoint 556
[2m2025-03-25T07:56:30.964990Z[0m [32m INFO[0m [1mnode[0m[1m{[0m[3mname[0m[2m=[0mk#addeef94..[1m}[0m[2m:[0m [2msui_core::checkpoints::checkpoint_executor[0m[2m:[0m [2mcrates/sui-core/src/checkpoints/checkpoint_executor/mod.rs[0m[2m:[0m[2m332:[0m Received checkpoint summary from state sync [3msequence_number[0m[2m=[0m556
[2m2025-03-25T07:56:30.966235Z[0m [32m INFO[0m [1mnode[0m[1m{[0m[3mname[0m[2m=[0mk#addeef94..[1m}[0m[2m:[0m [2msui_core::state_accumulator[0m[2m:[0m [2mcrates/sui-core/src/state_accumulator.rs[0m[2m:[0m[2m675:[0m accumulating running root for checkpoint 556
[2m2025-03-25T07:56:30.998022Z[0m [32m INFO[0m [1mnode[0m[1m{[0m[3mname[0m[2m=[0mk#8dcff6d1..[1m}[0m[2m:[0m [2msui_core::checkpoints[0m[2m:[0m [2mcrates/sui-core/src/checkpoints/mod.rs[0m[2m:[0m[2m1326:[0m Creating checkpoint(s) for 1 transactions [3mnext_checkpoint_seq[0m[2m=[0m557 [3mcheckpoint_timestamp[0m[2m=[0m1742889390260
[2m2025-03-25T07:56:30.998241Z[0m [32m INFO[0m [1mnode[0m[1m{[0m[3mname[0m[2m=[0mk#8dcff6d1..[1m}[0m[2m:[0m [2msui_core::checkpoints::checkpoint_output[0m[2m:[0m [2mcrates/sui-core/src/checkpoints/checkpoint_output.rs[0m[2m:[0m[2m149:[0m Creating checkpoint CheckpointDigest(ARFy4SMFKe7UcumH9Jh2WQ6fUbM4xciB2FCZqgYR1qD6) at epoch 1, sequence 557, previous digest Some(CheckpointDigest(q2DL1uVFg5KCdBi97tKQt9qdYPcSjwXJZGwB3vUaFiG)), transactions count 1, content digest CheckpointContentsDigest(8SZcDeS5itvKd2F7PYa7RKwQkpgMCNNs2FadYLvTxwAf), end_of_epoch_data None
[2m2025-03-25T07:56:30.999390Z[0m [32m INFO[0m [1mnode[0m[1m{[0m[3mname[0m[2m=[0mk#b3f3cbb4..[1m}[0m[2m:[0m [2msui_core::state_accumulator[0m[2m:[0m [2mcrates/sui-core/src/state_accumulator.rs[0m[2m:[0m[2m675:[0m accumulating running root for checkpoint 518
[2m2025-03-25T07:56:31.004242Z[0m [32m INFO[0m [1mhandle_execution_task[0m[1m{[0m[3maction_key[0m[2m=[0mBridgeActionKey(0,2,0) [3mattempt_times[0m[2m=[0m1[1m}[0m[2m:[0m [2msui_bridge::action_executor[0m[2m:[0m [2mcrates/sui-bridge/src/action_executor.rs[0m[2m:[0m[2m529:[0m bbking 325 signed_tx: Envelope { digest: OnceCell(TransactionDigest(GDSurpEu2x2PVvpwcUqP5MTXTQ8jWoYdMxzexGq3UM9X)), data: SenderSignedData(SizeOneVec { e: SenderSignedTransaction { intent_message: IntentMessage { intent: Intent { scope: TransactionData, version: V0, app_id: Sui }, value: V1(TransactionDataV1 { kind: ProgrammableTransaction(ProgrammableTransaction { inputs: [Pure([2]), Pure([0, 0, 0, 0, 0, 0, 0, 0]), Pure([32, 4, 169, 42, 179, 92, 48, 68, 114, 32, 150, 70, 149, 204, 4, 223, 219, 38, 208, 7, 193, 123, 245, 12, 23, 143, 25, 234, 203, 152, 26, 252, 161]), Pure([12]), Pure([20, 249, 81, 14, 181, 207, 148, 205, 250, 64, 123, 165, 252, 91, 242, 249, 208, 225, 136, 122, 176]), Pure([4, 0, 0, 0, 0, 0, 0, 0]), Pure([0, 64, 122, 16, 243, 90, 0, 0]), Pure([0]), Object(SharedObject { id: 0x0000000000000000000000000000000000000000000000000000000000000009, initial_shared_version: SequenceNumber(1), mutable: true }), Object(SharedObject { id: 0x0000000000000000000000000000000000000000000000000000000000000006, initial_shared_version: SequenceNumber(1), mutable: false }), Object(ImmOrOwnedObject((0xd7d7820b1d5a3802a2c50420aa60d9072814fcfac9e333ae55536bce5ecc4924, SequenceNumber(114), o#G6tFPuFyAAWMEecgda16xEPfTgTnxE2mborPfAPjqm3W))), Pure([1, 65, 31, 247, 80, 204, 97, 207, 90, 104, 153, 149, 206, 126, 213, 104, 24, 88, 148, 238, 206, 247, 66, 30, 125, 205, 54, 173, 37, 137, 110, 109, 56, 80, 28, 16, 120, 47, 68, 236, 45, 236, 116, 5, 210, 6, 35, 170, 125, 231, 3, 182, 5, 138, 168, 242, 53, 190, 106, 10, 96, 97, 183, 243, 116, 149, 1])], commands: [MoveCall(ProgrammableMoveCall { package: 0x000000000000000000000000000000000000000000000000000000000000000b, module: "message", function: "create_token_bridge_message", type_arguments: [], arguments: [Input(0), Input(1), Input(2), Input(3), Input(4), Input(5), Input(6), Input(7), Input(7)] }), MoveCall(ProgrammableMoveCall { package: 0x000000000000000000000000000000000000000000000000000000000000000b, module: "bridge", function: "approve_token_transfer", type_arguments: [], arguments: [Input(8), Result(0), Input(11)] })] }), sender: 0x4ff42dd92612b14f109397416c3e5d362aee65d7d3459db1b80164f1f84a59c3, gas_data: GasData { payment: [(0x059c5b653da3f627ad85b7947a1634ad3055f81b24125b7d9b23178b0146bfc6, SequenceNumber(341), o#4ep4K212yQtPC23ghtw73sJ44qmqyajoXRf4wvuKq6mQ)], owner: 0x4ff42dd92612b14f109397416c3e5d362aee65d7d3459db1b80164f1f84a59c3, price: 100, budget: 100000000 }, expiration: None }) }, tx_signatures: [Signature(Secp256k1SuiSignature(Secp256k1SuiSignature([1, 248, 48, 245, 114, 141, 252, 29, 145, 101, 134, 185, 170, 246, 13, 46, 93, 163, 185, 83, 212, 83, 83, 211, 117, 13, 84, 185, 16, 211, 110, 21, 213, 28, 223, 52, 126, 172, 102, 85, 99, 136, 5, 84, 81, 40, 77, 173, 15, 132, 117, 170, 133, 187, 110, 34, 123, 222, 241, 101, 30, 106, 238, 34, 77, 2, 120, 6, 36, 213, 27, 112, 125, 170, 163, 53, 236, 91, 128, 136, 52, 208, 253, 102, 241, 38, 217, 67, 27, 199, 74, 95, 51, 179, 151, 41, 149, 140])))] } }), auth_signature: EmptySignInfo }
[2m2025-03-25T07:56:31.086424Z[0m [32m INFO[0m [1mnode[0m[1m{[0m[3mname[0m[2m=[0mk#b3f3cbb4..[1m}[0m[2m:[0m [2msui_core::state_accumulator[0m[2m:[0m [2mcrates/sui-core/src/state_accumulator.rs[0m[2m:[0m[2m675:[0m accumulating running root for checkpoint 519
[2m2025-03-25T07:56:31.105924Z[0m [32m INFO[0m [1mnode[0m[1m{[0m[3mname[0m[2m=[0mk#addeef94..[1m}[0m[2m:[0m [2mconsensus_core::core[0m[2m:[0m [2mconsensus/core/src/core.rs[0m[2m:[0m[2m945:[0m Included 3 ancestors & excluded 0 ancestors for proposal in round 357
[2m2025-03-25T07:56:31.106295Z[0m [32m INFO[0m [1mnode[0m[1m{[0m[3mname[0m[2m=[0mk#addeef94..[1m}[0m[2m:[0m [2mconsensus_core::core[0m[2m:[0m [2mconsensus/core/src/core.rs[0m[2m:[0m[2m531:[0m Created block B357(C,DOtQv56Nfx4ivC/UqRWwERpEacsYE0KtcanW3TQDUB8=)(1742889391106ms;[B356(C,RKwQfbIh8AkIbYOmEmA263T+8KNyeQt2Ks0/MIAWvrU=), B356(A,aMOguv8Zuz0epGZCufy+CbgNrGSH6wqiInsyc/3pF+8=), B356(B,bKj8+MHcCHGe7EQEkw28Q1dm9yROhsGUe94V5LjnJBI=)];1t;1c) for round 357
[2m2025-03-25T07:56:31.108182Z[0m [32m INFO[0m [1mnode[0m[1m{[0m[3mname[0m[2m=[0mk#99f25ef6..[1m}[0m[2m:[0m [2mconsensus_core::core[0m[2m:[0m [2mconsensus/core/src/core.rs[0m[2m:[0m[2m945:[0m Included 3 ancestors & excluded 0 ancestors for proposal in round 357
[2m2025-03-25T07:56:31.108483Z[0m [32m INFO[0m [1mnode[0m[1m{[0m[3mname[0m[2m=[0mk#99f25ef6..[1m}[0m[2m:[0m [2mconsensus_core::core[0m[2m:[0m [2mconsensus/core/src/core.rs[0m[2m:[0m[2m531:[0m Created block B357(B,Okf2V7Tkwkck2/OxGj22eflCh4gLw/bgyEqOtiII+K0=)(1742889391108ms;[B356(B,bKj8+MHcCHGe7EQEkw28Q1dm9yROhsGUe94V5LjnJBI=), B356(A,aMOguv8Zuz0epGZCufy+CbgNrGSH6wqiInsyc/3pF+8=), B356(C,RKwQfbIh8AkIbYOmEmA263T+8KNyeQt2Ks0/MIAWvrU=)];1t;1c) for round 357
[2m2025-03-25T07:56:31.108551Z[0m [32m INFO[0m [1mnode[0m[1m{[0m[3mname[0m[2m=[0mk#99f25ef6..[1m}[0m[2m:[0m [2mconsensus_core::core[0m[2m:[0m [2mconsensus/core/src/core.rs[0m[2m:[0m[2m630:[0m Committing 1 leaders: B355(A,gfVR)
[2m2025-03-25T07:56:31.108620Z[0m [32m INFO[0m [1mnode[0m[1m{[0m[3mname[0m[2m=[0mk#99f25ef6..[1m}[0m[2m:[0m [2mconsensus_core::commit_observer[0m[2m:[0m [2mconsensus/core/src/commit_observer.rs[0m[2m:[0m[2m173:[0m Consensus commit C345(9ElO) with leader B355(A,gfVR) has 3 blocks
[2m2025-03-25T07:56:31.108704Z[0m [32m INFO[0m [1mnode[0m[1m{[0m[3mname[0m[2m=[0mk#99f25ef6..[1m}[0m[2m:[0m [2msui_core::consensus_handler[0m[2m:[0m [2mcrates/sui-core/src/consensus_handler.rs[0m[2m:[0m[2m232:[0m Received consensus output [3mconsensus_commit[0m[2m=[0mCommittedSubDag(leader=B355(A,gfVR), ref=C345(9ElO), blocks=[hAk/, Hnd7, gfVR]) [3mepoch[0m[2m=[0m1
[2m2025-03-25T07:56:31.110959Z[0m [32m INFO[0m [1mnode[0m[1m{[0m[3mname[0m[2m=[0mk#addeef94..[1m}[0m[2m:[0m [2mconsensus_core::core[0m[2m:[0m [2mconsensus/core/src/core.rs[0m[2m:[0m[2m630:[0m Committing 1 leaders: B355(A,gfVR)
[2m2025-03-25T07:56:31.111048Z[0m [32m INFO[0m [1mnode[0m[1m{[0m[3mname[0m[2m=[0mk#addeef94..[1m}[0m[2m:[0m [2mconsensus_core::commit_observer[0m[2m:[0m [2mconsensus/core/src/commit_observer.rs[0m[2m:[0m[2m173:[0m Consensus commit C345(9ElO) with leader B355(A,gfVR) has 3 blocks
[2m2025-03-25T07:56:31.111121Z[0m [32m INFO[0m [1mnode[0m[1m{[0m[3mname[0m[2m=[0mk#addeef94..[1m}[0m[2m:[0m [2msui_core::consensus_handler[0m[2m:[0m [2mcrates/sui-core/src/consensus_handler.rs[0m[2m:[0m[2m232:[0m Received consensus output [3mconsensus_commit[0m[2m=[0mCommittedSubDag(leader=B355(A,gfVR), ref=C345(9ElO), blocks=[hAk/, Hnd7, gfVR]) [3mepoch[0m[2m=[0m1
[2m2025-03-25T07:56:31.111707Z[0m [32m INFO[0m [1mnode[0m[1m{[0m[3mname[0m[2m=[0mk#8dcff6d1..[1m}[0m[2m:[0m [2msui_core::checkpoints::checkpoint_output[0m[2m:[0m [2mcrates/sui-core/src/checkpoints/checkpoint_output.rs[0m[2m:[0m[2m196:[0m Certified checkpoint with sequence 557 and digest ARFy4SMFKe7UcumH9Jh2WQ6fUbM4xciB2FCZqgYR1qD6
[2m2025-03-25T07:56:31.111813Z[0m [32m INFO[0m [1mnode[0m[1m{[0m[3mname[0m[2m=[0mk#8dcff6d1..[1m}[0m[2m:[0m [2mconsensus_core::core[0m[2m:[0m [2mconsensus/core/src/core.rs[0m[2m:[0m[2m630:[0m Committing 1 leaders: B355(A,gfVR)
[2m2025-03-25T07:56:31.111922Z[0m [32m INFO[0m [1mnode[0m[1m{[0m[3mname[0m[2m=[0mk#8dcff6d1..[1m}[0m[2m:[0m [2mconsensus_core::commit_observer[0m[2m:[0m [2mconsensus/core/src/commit_observer.rs[0m[2m:[0m[2m173:[0m Consensus commit C345(9ElO) with leader B355(A,gfVR) has 3 blocks
[2m2025-03-25T07:56:31.112305Z[0m [32m INFO[0m [1mnode[0m[1m{[0m[3mname[0m[2m=[0mk#8dcff6d1..[1m}[0m[2m:[0m [2msui_core::consensus_handler[0m[2m:[0m [2mcrates/sui-core/src/consensus_handler.rs[0m[2m:[0m[2m232:[0m Received consensus output [3mconsensus_commit[0m[2m=[0mCommittedSubDag(leader=B355(A,gfVR), ref=C345(9ElO), blocks=[hAk/, Hnd7, gfVR]) [3mepoch[0m[2m=[0m1
[2m2025-03-25T07:56:31.112839Z[0m [32m INFO[0m [1mnode[0m[1m{[0m[3mname[0m[2m=[0mk#8dcff6d1..[1m}[0m[2m:[0m [2msui_core::checkpoints::checkpoint_executor[0m[2m:[0m [2mcrates/sui-core/src/checkpoints/checkpoint_executor/mod.rs[0m[2m:[0m[2m332:[0m Received checkpoint summary from state sync [3msequence_number[0m[2m=[0m557
[2m2025-03-25T07:56:31.114292Z[0m [32m INFO[0m [1mnode[0m[1m{[0m[3mname[0m[2m=[0mk#8dcff6d1..[1m}[0m[2m:[0m [2msui_core::state_accumulator[0m[2m:[0m [2mcrates/sui-core/src/state_accumulator.rs[0m[2m:[0m[2m675:[0m accumulating running root for checkpoint 557
[2m2025-03-25T07:56:31.135260Z[0m [32m INFO[0m [1mnode[0m[1m{[0m[3mname[0m[2m=[0mk#99f25ef6..[1m}[0m[2m:[0m [2msui_core::checkpoints[0m[2m:[0m [2mcrates/sui-core/src/checkpoints/mod.rs[0m[2m:[0m[2m1326:[0m Creating checkpoint(s) for 2 transactions [3mnext_checkpoint_seq[0m[2m=[0m558 [3mcheckpoint_timestamp[0m[2m=[0m1742889390517
[2m2025-03-25T07:56:31.135564Z[0m [32m INFO[0m [1mnode[0m[1m{[0m[3mname[0m[2m=[0mk#99f25ef6..[1m}[0m[2m:[0m [2msui_core::checkpoints::checkpoint_output[0m[2m:[0m [2mcrates/sui-core/src/checkpoints/checkpoint_output.rs[0m[2m:[0m[2m149:[0m Creating checkpoint CheckpointDigest(7nKVACwzwiHQvUU7LE6qTusZfVs5qCfjSMzD1UzBFVw3) at epoch 1, sequence 558, previous digest Some(CheckpointDigest(ARFy4SMFKe7UcumH9Jh2WQ6fUbM4xciB2FCZqgYR1qD6)), transactions count 2, content digest CheckpointContentsDigest(29Zsvn6ZuQ8Hpe9stZDZkN2i4ED1bwuWB5zSqdfzm5Fm), end_of_epoch_data None
[2m2025-03-25T07:56:31.137206Z[0m [32m INFO[0m [1mnode[0m[1m{[0m[3mname[0m[2m=[0mk#addeef94..[1m}[0m[2m:[0m [2msui_core::checkpoints[0m[2m:[0m [2mcrates/sui-core/src/checkpoints/mod.rs[0m[2m:[0m[2m1326:[0m Creating checkpoint(s) for 2 transactions [3mnext_checkpoint_seq[0m[2m=[0m558 [3mcheckpoint_timestamp[0m[2m=[0m1742889390517
[2m2025-03-25T07:56:31.137475Z[0m [32m INFO[0m [1mnode[0m[1m{[0m[3mname[0m[2m=[0mk#addeef94..[1m}[0m[2m:[0m [2msui_core::checkpoints::checkpoint_output[0m[2m:[0m [2mcrates/sui-core/src/checkpoints/checkpoint_output.rs[0m[2m:[0m[2m149:[0m Creating checkpoint CheckpointDigest(7nKVACwzwiHQvUU7LE6qTusZfVs5qCfjSMzD1UzBFVw3) at epoch 1, sequence 558, previous digest Some(CheckpointDigest(ARFy4SMFKe7UcumH9Jh2WQ6fUbM4xciB2FCZqgYR1qD6)), transactions count 2, content digest CheckpointContentsDigest(29Zsvn6ZuQ8Hpe9stZDZkN2i4ED1bwuWB5zSqdfzm5Fm), end_of_epoch_data None
[2m2025-03-25T07:56:31.139728Z[0m [32m INFO[0m [1mnode[0m[1m{[0m[3mname[0m[2m=[0mk#8dcff6d1..[1m}[0m[2m:[0m [2msui_core::checkpoints[0m[2m:[0m [2mcrates/sui-core/src/checkpoints/mod.rs[0m[2m:[0m[2m1326:[0m Creating checkpoint(s) for 2 transactions [3mnext_checkpoint_seq[0m[2m=[0m558 [3mcheckpoint_timestamp[0m[2m=[0m1742889390517
[2m2025-03-25T07:56:31.139802Z[0m [32m INFO[0m [1mnode[0m[1m{[0m[3mname[0m[2m=[0mk#addeef94..[1m}[0m[2m:[0m [2msui_core::checkpoints::checkpoint_executor[0m[2m:[0m [2mcrates/sui-core/src/checkpoints/checkpoint_executor/mod.rs[0m[2m:[0m[2m332:[0m Received checkpoint summary from state sync [3msequence_number[0m[2m=[0m557
[2m2025-03-25T07:56:31.139987Z[0m [32m INFO[0m [1mnode[0m[1m{[0m[3mname[0m[2m=[0mk#8dcff6d1..[1m}[0m[2m:[0m [2msui_core::checkpoints::checkpoint_output[0m[2m:[0m [2mcrates/sui-core/src/checkpoints/checkpoint_output.rs[0m[2m:[0m[2m149:[0m Creating checkpoint CheckpointDigest(7nKVACwzwiHQvUU7LE6qTusZfVs5qCfjSMzD1UzBFVw3) at epoch 1, sequence 558, previous digest Some(CheckpointDigest(ARFy4SMFKe7UcumH9Jh2WQ6fUbM4xciB2FCZqgYR1qD6)), transactions count 2, content digest CheckpointContentsDigest(29Zsvn6ZuQ8Hpe9stZDZkN2i4ED1bwuWB5zSqdfzm5Fm), end_of_epoch_data None
[2m2025-03-25T07:56:31.140687Z[0m [32m INFO[0m [1mnode[0m[1m{[0m[3mname[0m[2m=[0mk#addeef94..[1m}[0m[2m:[0m [2msui_core::state_accumulator[0m[2m:[0m [2mcrates/sui-core/src/state_accumulator.rs[0m[2m:[0m[2m675:[0m accumulating running root for checkpoint 557
[2m2025-03-25T07:56:31.143179Z[0m [32m INFO[0m [1mnode[0m[1m{[0m[3mname[0m[2m=[0mk#99f25ef6..[1m}[0m[2m:[0m [2msui_core::checkpoints::checkpoint_executor[0m[2m:[0m [2mcrates/sui-core/src/checkpoints/checkpoint_executor/mod.rs[0m[2m:[0m[2m332:[0m Received checkpoint summary from state sync [3msequence_number[0m[2m=[0m457
[2m2025-03-25T07:56:31.143262Z[0m [32m INFO[0m [1mnode[0m[1m{[0m[3mname[0m[2m=[0mk#99f25ef6..[1m}[0m[2m:[0m [2msui_core::checkpoints::checkpoint_executor[0m[2m:[0m [2mcrates/sui-core/src/checkpoints/checkpoint_executor/mod.rs[0m[2m:[0m[2m332:[0m Received checkpoint summary from state sync [3msequence_number[0m[2m=[0m458
[2m2025-03-25T07:56:31.143302Z[0m [32m INFO[0m [1mnode[0m[1m{[0m[3mname[0m[2m=[0mk#99f25ef6..[1m}[0m[2m:[0m [2msui_core::checkpoints::checkpoint_executor[0m[2m:[0m [2mcrates/sui-core/src/checkpoints/checkpoint_executor/mod.rs[0m[2m:[0m[2m332:[0m Received checkpoint summary from state sync [3msequence_number[0m[2m=[0m459
[2m2025-03-25T07:56:31.143341Z[0m [32m INFO[0m [1mnode[0m[1m{[0m[3mname[0m[2m=[0mk#99f25ef6..[1m}[0m[2m:[0m [2msui_core::checkpoints::checkpoint_executor[0m[2m:[0m [2mcrates/sui-core/src/checkpoints/checkpoint_executor/mod.rs[0m[2m:[0m[2m332:[0m Received checkpoint summary from state sync [3msequence_number[0m[2m=[0m460
[2m2025-03-25T07:56:31.143379Z[0m [32m INFO[0m [1mnode[0m[1m{[0m[3mname[0m[2m=[0mk#99f25ef6..[1m}[0m[2m:[0m [2msui_core::checkpoints::checkpoint_executor[0m[2m:[0m [2mcrates/sui-core/src/checkpoints/checkpoint_executor/mod.rs[0m[2m:[0m[2m332:[0m Received checkpoint summary from state sync [3msequence_number[0m[2m=[0m461
[2m2025-03-25T07:56:31.143418Z[0m [32m INFO[0m [1mnode[0m[1m{[0m[3mname[0m[2m=[0mk#99f25ef6..[1m}[0m[2m:[0m [2msui_core::checkpoints::checkpoint_executor[0m[2m:[0m [2mcrates/sui-core/src/checkpoints/checkpoint_executor/mod.rs[0m[2m:[0m[2m332:[0m Received checkpoint summary from state sync [3msequence_number[0m[2m=[0m462
[2m2025-03-25T07:56:31.143455Z[0m [32m INFO[0m [1mnode[0m[1m{[0m[3mname[0m[2m=[0mk#99f25ef6..[1m}[0m[2m:[0m [2msui_core::checkpoints::checkpoint_executor[0m[2m:[0m [2mcrates/sui-core/src/checkpoints/checkpoint_executor/mod.rs[0m[2m:[0m[2m332:[0m Received checkpoint summary from state sync [3msequence_number[0m[2m=[0m463
[2m2025-03-25T07:56:31.143493Z[0m [32m INFO[0m [1mnode[0m[1m{[0m[3mname[0m[2m=[0mk#99f25ef6..[1m}[0m[2m:[0m [2msui_core::checkpoints::checkpoint_executor[0m[2m:[0m [2mcrates/sui-core/src/checkpoints/checkpoint_executor/mod.rs[0m[2m:[0m[2m332:[0m Received checkpoint summary from state sync [3msequence_number[0m[2m=[0m464
[2m2025-03-25T07:56:31.143533Z[0m [32m INFO[0m [1mnode[0m[1m{[0m[3mname[0m[2m=[0mk#99f25ef6..[1m}[0m[2m:[0m [2msui_core::checkpoints::checkpoint_executor[0m[2m:[0m [2mcrates/sui-core/src/checkpoints/checkpoint_executor/mod.rs[0m[2m:[0m[2m332:[0m Received checkpoint summary from state sync [3msequence_number[0m[2m=[0m465
[2m2025-03-25T07:56:31.143571Z[0m [32m INFO[0m [1mnode[0m[1m{[0m[3mname[0m[2m=[0mk#99f25ef6..[1m}[0m[2m:[0m [2msui_core::checkpoints::checkpoint_executor[0m[2m:[0m [2mcrates/sui-core/src/checkpoints/checkpoint_executor/mod.rs[0m[2m:[0m[2m332:[0m Received checkpoint summary from state sync [3msequence_number[0m[2m=[0m466
[2m2025-03-25T07:56:31.143608Z[0m [32m INFO[0m [1mnode[0m[1m{[0m[3mname[0m[2m=[0mk#99f25ef6..[1m}[0m[2m:[0m [2msui_core::checkpoints::checkpoint_executor[0m[2m:[0m [2mcrates/sui-core/src/checkpoints/checkpoint_executor/mod.rs[0m[2m:[0m[2m332:[0m Received checkpoint summary from state sync [3msequence_number[0m[2m=[0m467
[2m2025-03-25T07:56:31.143646Z[0m [32m INFO[0m [1mnode[0m[1m{[0m[3mname[0m[2m=[0mk#99f25ef6..[1m}[0m[2m:[0m [2msui_core::checkpoints::checkpoint_executor[0m[2m:[0m [2mcrates/sui-core/src/checkpoints/checkpoint_executor/mod.rs[0m[2m:[0m[2m332:[0m Received checkpoint summary from state sync [3msequence_number[0m[2m=[0m468
[2m2025-03-25T07:56:31.143683Z[0m [32m INFO[0m [1mnode[0m[1m{[0m[3mname[0m[2m=[0mk#99f25ef6..[1m}[0m[2m:[0m [2msui_core::checkpoints::checkpoint_executor[0m[2m:[0m [2mcrates/sui-core/src/checkpoints/checkpoint_executor/mod.rs[0m[2m:[0m[2m332:[0m Received checkpoint summary from state sync [3msequence_number[0m[2m=[0m469
[2m2025-03-25T07:56:31.143720Z[0m [32m INFO[0m [1mnode[0m[1m{[0m[3mname[0m[2m=[0mk#99f25ef6..[1m}[0m[2m:[0m [2msui_core::checkpoints::checkpoint_executor[0m[2m:[0m [2mcrates/sui-core/src/checkpoints/checkpoint_executor/mod.rs[0m[2m:[0m[2m332:[0m Received checkpoint summary from state sync [3msequence_number[0m[2m=[0m470
[2m2025-03-25T07:56:31.143757Z[0m [32m INFO[0m [1mnode[0m[1m{[0m[3mname[0m[2m=[0mk#99f25ef6..[1m}[0m[2m:[0m [2msui_core::checkpoints::checkpoint_executor[0m[2m:[0m [2mcrates/sui-core/src/checkpoints/checkpoint_executor/mod.rs[0m[2m:[0m[2m332:[0m Received checkpoint summary from state sync [3msequence_number[0m[2m=[0m471
[2m2025-03-25T07:56:31.143794Z[0m [32m INFO[0m [1mnode[0m[1m{[0m[3mname[0m[2m=[0mk#99f25ef6..[1m}[0m[2m:[0m [2msui_core::checkpoints::checkpoint_executor[0m[2m:[0m [2mcrates/sui-core/src/checkpoints/checkpoint_executor/mod.rs[0m[2m:[0m[2m332:[0m Received checkpoint summary from state sync [3msequence_number[0m[2m=[0m472
[2m2025-03-25T07:56:31.143833Z[0m [32m INFO[0m [1mnode[0m[1m{[0m[3mname[0m[2m=[0mk#99f25ef6..[1m}[0m[2m:[0m [2msui_core::checkpoints::checkpoint_executor[0m[2m:[0m [2mcrates/sui-core/src/checkpoints/checkpoint_executor/mod.rs[0m[2m:[0m[2m332:[0m Received checkpoint summary from state sync [3msequence_number[0m[2m=[0m473
[2m2025-03-25T07:56:31.143878Z[0m [32m INFO[0m [1mnode[0m[1m{[0m[3mname[0m[2m=[0mk#99f25ef6..[1m}[0m[2m:[0m [2msui_core::checkpoints::checkpoint_executor[0m[2m:[0m [2mcrates/sui-core/src/checkpoints/checkpoint_executor/mod.rs[0m[2m:[0m[2m332:[0m Received checkpoint summary from state sync [3msequence_number[0m[2m=[0m474
[2m2025-03-25T07:56:31.143915Z[0m [32m INFO[0m [1mnode[0m[1m{[0m[3mname[0m[2m=[0mk#99f25ef6..[1m}[0m[2m:[0m [2msui_core::checkpoints::checkpoint_executor[0m[2m:[0m [2mcrates/sui-core/src/checkpoints/checkpoint_executor/mod.rs[0m[2m:[0m[2m332:[0m Received checkpoint summary from state sync [3msequence_number[0m[2m=[0m475
[2m2025-03-25T07:56:31.143952Z[0m [32m INFO[0m [1mnode[0m[1m{[0m[3mname[0m[2m=[0mk#99f25ef6..[1m}[0m[2m:[0m [2msui_core::checkpoints::checkpoint_executor[0m[2m:[0m [2mcrates/sui-core/src/checkpoints/checkpoint_executor/mod.rs[0m[2m:[0m[2m332:[0m Received checkpoint summary from state sync [3msequence_number[0m[2m=[0m476
[2m2025-03-25T07:56:31.143990Z[0m [32m INFO[0m [1mnode[0m[1m{[0m[3mname[0m[2m=[0mk#99f25ef6..[1m}[0m[2m:[0m [2msui_core::checkpoints::checkpoint_executor[0m[2m:[0m [2mcrates/sui-core/src/checkpoints/checkpoint_executor/mod.rs[0m[2m:[0m[2m332:[0m Received checkpoint summary from state sync [3msequence_number[0m[2m=[0m477
[2m2025-03-25T07:56:31.144028Z[0m [32m INFO[0m [1mnode[0m[1m{[0m[3mname[0m[2m=[0mk#99f25ef6..[1m}[0m[2m:[0m [2msui_core::checkpoints::checkpoint_executor[0m[2m:[0m [2mcrates/sui-core/src/checkpoints/checkpoint_executor/mod.rs[0m[2m:[0m[2m332:[0m Received checkpoint summary from state sync [3msequence_number[0m[2m=[0m478
[2m2025-03-25T07:56:31.144068Z[0m [32m INFO[0m [1mnode[0m[1m{[0m[3mname[0m[2m=[0mk#99f25ef6..[1m}[0m[2m:[0m [2msui_core::checkpoints::checkpoint_executor[0m[2m:[0m [2mcrates/sui-core/src/checkpoints/checkpoint_executor/mod.rs[0m[2m:[0m[2m332:[0m Received checkpoint summary from state sync [3msequence_number[0m[2m=[0m479
[2m2025-03-25T07:56:31.144106Z[0m [32m INFO[0m [1mnode[0m[1m{[0m[3mname[0m[2m=[0mk#99f25ef6..[1m}[0m[2m:[0m [2msui_core::checkpoints::checkpoint_executor[0m[2m:[0m [2mcrates/sui-core/src/checkpoints/checkpoint_executor/mod.rs[0m[2m:[0m[2m332:[0m Received checkpoint summary from state sync [3msequence_number[0m[2m=[0m480
[2m2025-03-25T07:56:31.144144Z[0m [32m INFO[0m [1mnode[0m[1m{[0m[3mname[0m[2m=[0mk#99f25ef6..[1m}[0m[2m:[0m [2msui_core::checkpoints::checkpoint_executor[0m[2m:[0m [2mcrates/sui-core/src/checkpoints/checkpoint_executor/mod.rs[0m[2m:[0m[2m332:[0m Received checkpoint summary from state sync [3msequence_number[0m[2m=[0m481
[2m2025-03-25T07:56:31.144182Z[0m [32m INFO[0m [1mnode[0m[1m{[0m[3mname[0m[2m=[0mk#99f25ef6..[1m}[0m[2m:[0m [2msui_core::checkpoints::checkpoint_executor[0m[2m:[0m [2mcrates/sui-core/src/checkpoints/checkpoint_executor/mod.rs[0m[2m:[0m[2m332:[0m Received checkpoint summary from state sync [3msequence_number[0m[2m=[0m482
[2m2025-03-25T07:56:31.144220Z[0m [32m INFO[0m [1mnode[0m[1m{[0m[3mname[0m[2m=[0mk#99f25ef6..[1m}[0m[2m:[0m [2msui_core::checkpoints::checkpoint_executor[0m[2m:[0m [2mcrates/sui-core/src/checkpoints/checkpoint_executor/mod.rs[0m[2m:[0m[2m332:[0m Received checkpoint summary from state sync [3msequence_number[0m[2m=[0m483
[2m2025-03-25T07:56:31.144258Z[0m [32m INFO[0m [1mnode[0m[1m{[0m[3mname[0m[2m=[0mk#99f25ef6..[1m}[0m[2m:[0m [2msui_core::checkpoints::checkpoint_executor[0m[2m:[0m [2mcrates/sui-core/src/checkpoints/checkpoint_executor/mod.rs[0m[2m:[0m[2m332:[0m Received checkpoint summary from state sync [3msequence_number[0m[2m=[0m484
[2m2025-03-25T07:56:31.144295Z[0m [32m INFO[0m [1mnode[0m[1m{[0m[3mname[0m[2m=[0mk#99f25ef6..[1m}[0m[2m:[0m [2msui_core::checkpoints::checkpoint_executor[0m[2m:[0m [2mcrates/sui-core/src/checkpoints/checkpoint_executor/mod.rs[0m[2m:[0m[2m332:[0m Received checkpoint summary from state sync [3msequence_number[0m[2m=[0m485
[2m2025-03-25T07:56:31.144332Z[0m [32m INFO[0m [1mnode[0m[1m{[0m[3mname[0m[2m=[0mk#99f25ef6..[1m}[0m[2m:[0m [2msui_core::checkpoints::checkpoint_executor[0m[2m:[0m [2mcrates/sui-core/src/checkpoints/checkpoint_executor/mod.rs[0m[2m:[0m[2m332:[0m Received checkpoint summary from state sync [3msequence_number[0m[2m=[0m486
[2m2025-03-25T07:56:31.144369Z[0m [32m INFO[0m [1mnode[0m[1m{[0m[3mname[0m[2m=[0mk#99f25ef6..[1m}[0m[2m:[0m [2msui_core::checkpoints::checkpoint_executor[0m[2m:[0m [2mcrates/sui-core/src/checkpoints/checkpoint_executor/mod.rs[0m[2m:[0m[2m332:[0m Received checkpoint summary from state sync [3msequence_number[0m[2m=[0m487
[2m2025-03-25T07:56:31.144406Z[0m [32m INFO[0m [1mnode[0m[1m{[0m[3mname[0m[2m=[0mk#99f25ef6..[1m}[0m[2m:[0m [2msui_core::checkpoints::checkpoint_executor[0m[2m:[0m [2mcrates/sui-core/src/checkpoints/checkpoint_executor/mod.rs[0m[2m:[0m[2m332:[0m Received checkpoint summary from state sync [3msequence_number[0m[2m=[0m488
[2m2025-03-25T07:56:31.144445Z[0m [32m INFO[0m [1mnode[0m[1m{[0m[3mname[0m[2m=[0mk#99f25ef6..[1m}[0m[2m:[0m [2msui_core::checkpoints::checkpoint_executor[0m[2m:[0m [2mcrates/sui-core/src/checkpoints/checkpoint_executor/mod.rs[0m[2m:[0m[2m332:[0m Received checkpoint summary from state sync [3msequence_number[0m[2m=[0m489
[2m2025-03-25T07:56:31.144482Z[0m [32m INFO[0m [1mnode[0m[1m{[0m[3mname[0m[2m=[0mk#99f25ef6..[1m}[0m[2m:[0m [2msui_core::checkpoints::checkpoint_executor[0m[2m:[0m [2mcrates/sui-core/src/checkpoints/checkpoint_executor/mod.rs[0m[2m:[0m[2m332:[0m Received checkpoint summary from state sync [3msequence_number[0m[2m=[0m490
[2m2025-03-25T07:56:31.144519Z[0m [32m INFO[0m [1mnode[0m[1m{[0m[3mname[0m[2m=[0mk#99f25ef6..[1m}[0m[2m:[0m [2msui_core::checkpoints::checkpoint_executor[0m[2m:[0m [2mcrates/sui-core/src/checkpoints/checkpoint_executor/mod.rs[0m[2m:[0m[2m332:[0m Received checkpoint summary from state sync [3msequence_number[0m[2m=[0m491
[2m2025-03-25T07:56:31.144557Z[0m [32m INFO[0m [1mnode[0m[1m{[0m[3mname[0m[2m=[0mk#99f25ef6..[1m}[0m[2m:[0m [2msui_core::checkpoints::checkpoint_executor[0m[2m:[0m [2mcrates/sui-core/src/checkpoints/checkpoint_executor/mod.rs[0m[2m:[0m[2m332:[0m Received checkpoint summary from state sync [3msequence_number[0m[2m=[0m492
[2m2025-03-25T07:56:31.144594Z[0m [32m INFO[0m [1mnode[0m[1m{[0m[3mname[0m[2m=[0mk#99f25ef6..[1m}[0m[2m:[0m [2msui_core::checkpoints::checkpoint_executor[0m[2m:[0m [2mcrates/sui-core/src/checkpoints/checkpoint_executor/mod.rs[0m[2m:[0m[2m332:[0m Received checkpoint summary from state sync [3msequence_number[0m[2m=[0m493
[2m2025-03-25T07:56:31.144632Z[0m [32m INFO[0m [1mnode[0m[1m{[0m[3mname[0m[2m=[0mk#99f25ef6..[1m}[0m[2m:[0m [2msui_core::checkpoints::checkpoint_executor[0m[2m:[0m [2mcrates/sui-core/src/checkpoints/checkpoint_executor/mod.rs[0m[2m:[0m[2m332:[0m Received checkpoint summary from state sync [3msequence_number[0m[2m=[0m494
[2m2025-03-25T07:56:31.144669Z[0m [32m INFO[0m [1mnode[0m[1m{[0m[3mname[0m[2m=[0mk#99f25ef6..[1m}[0m[2m:[0m [2msui_core::checkpoints::checkpoint_executor[0m[2m:[0m [2mcrates/sui-core/src/checkpoints/checkpoint_executor/mod.rs[0m[2m:[0m[2m332:[0m Received checkpoint summary from state sync [3msequence_number[0m[2m=[0m495
[2m2025-03-25T07:56:31.144707Z[0m [32m INFO[0m [1mnode[0m[1m{[0m[3mname[0m[2m=[0mk#99f25ef6..[1m}[0m[2m:[0m [2msui_core::checkpoints::checkpoint_executor[0m[2m:[0m [2mcrates/sui-core/src/checkpoints/checkpoint_executor/mod.rs[0m[2m:[0m[2m332:[0m Received checkpoint summary from state sync [3msequence_number[0m[2m=[0m496
[2m2025-03-25T07:56:31.144744Z[0m [32m INFO[0m [1mnode[0m[1m{[0m[3mname[0m[2m=[0mk#99f25ef6..[1m}[0m[2m:[0m [2msui_core::checkpoints::checkpoint_executor[0m[2m:[0m [2mcrates/sui-core/src/checkpoints/checkpoint_executor/mod.rs[0m[2m:[0m[2m332:[0m Received checkpoint summary from state sync [3msequence_number[0m[2m=[0m497
[2m2025-03-25T07:56:31.144781Z[0m [32m INFO[0m [1mnode[0m[1m{[0m[3mname[0m[2m=[0mk#99f25ef6..[1m}[0m[2m:[0m [2msui_core::checkpoints::checkpoint_executor[0m[2m:[0m [2mcrates/sui-core/src/checkpoints/checkpoint_executor/mod.rs[0m[2m:[0m[2m332:[0m Received checkpoint summary from state sync [3msequence_number[0m[2m=[0m498
[2m2025-03-25T07:56:31.144818Z[0m [32m INFO[0m [1mnode[0m[1m{[0m[3mname[0m[2m=[0mk#99f25ef6..[1m}[0m[2m:[0m [2msui_core::checkpoints::checkpoint_executor[0m[2m:[0m [2mcrates/sui-core/src/checkpoints/checkpoint_executor/mod.rs[0m[2m:[0m[2m332:[0m Received checkpoint summary from state sync [3msequence_number[0m[2m=[0m499
[2m2025-03-25T07:56:31.144855Z[0m [32m INFO[0m [1mnode[0m[1m{[0m[3mname[0m[2m=[0mk#99f25ef6..[1m}[0m[2m:[0m [2msui_core::checkpoints::checkpoint_executor[0m[2m:[0m [2mcrates/sui-core/src/checkpoints/checkpoint_executor/mod.rs[0m[2m:[0m[2m332:[0m Received checkpoint summary from state sync [3msequence_number[0m[2m=[0m500
[2m2025-03-25T07:56:31.144892Z[0m [32m INFO[0m [1mnode[0m[1m{[0m[3mname[0m[2m=[0mk#99f25ef6..[1m}[0m[2m:[0m [2msui_core::checkpoints::checkpoint_executor[0m[2m:[0m [2mcrates/sui-core/src/checkpoints/checkpoint_executor/mod.rs[0m[2m:[0m[2m332:[0m Received checkpoint summary from state sync [3msequence_number[0m[2m=[0m501
[2m2025-03-25T07:56:31.144929Z[0m [32m INFO[0m [1mnode[0m[1m{[0m[3mname[0m[2m=[0mk#99f25ef6..[1m}[0m[2m:[0m [2msui_core::checkpoints::checkpoint_executor[0m[2m:[0m [2mcrates/sui-core/src/checkpoints/checkpoint_executor/mod.rs[0m[2m:[0m[2m332:[0m Received checkpoint summary from state sync [3msequence_number[0m[2m=[0m502
[2m2025-03-25T07:56:31.144966Z[0m [32m INFO[0m [1mnode[0m[1m{[0m[3mname[0m[2m=[0mk#99f25ef6..[1m}[0m[2m:[0m [2msui_core::checkpoints::checkpoint_executor[0m[2m:[0m [2mcrates/sui-core/src/checkpoints/checkpoint_executor/mod.rs[0m[2m:[0m[2m332:[0m Received checkpoint summary from state sync [3msequence_number[0m[2m=[0m503
[2m2025-03-25T07:56:31.145003Z[0m [32m INFO[0m [1mnode[0m[1m{[0m[3mname[0m[2m=[0mk#99f25ef6..[1m}[0m[2m:[0m [2msui_core::checkpoints::checkpoint_executor[0m[2m:[0m [2mcrates/sui-core/src/checkpoints/checkpoint_executor/mod.rs[0m[2m:[0m[2m332:[0m Received checkpoint summary from state sync [3msequence_number[0m[2m=[0m504
[2m2025-03-25T07:56:31.145039Z[0m [32m INFO[0m [1mnode[0m[1m{[0m[3mname[0m[2m=[0mk#99f25ef6..[1m}[0m[2m:[0m [2msui_core::checkpoints::checkpoint_executor[0m[2m:[0m [2mcrates/sui-core/src/checkpoints/checkpoint_executor/mod.rs[0m[2m:[0m[2m332:[0m Received checkpoint summary from state sync [3msequence_number[0m[2m=[0m505
[2m2025-03-25T07:56:31.145077Z[0m [32m INFO[0m [1mnode[0m[1m{[0m[3mname[0m[2m=[0mk#99f25ef6..[1m}[0m[2m:[0m [2msui_core::checkpoints::checkpoint_executor[0m[2m:[0m [2mcrates/sui-core/src/checkpoints/checkpoint_executor/mod.rs[0m[2m:[0m[2m332:[0m Received checkpoint summary from state sync [3msequence_number[0m[2m=[0m506
[2m2025-03-25T07:56:31.145113Z[0m [32m INFO[0m [1mnode[0m[1m{[0m[3mname[0m[2m=[0mk#99f25ef6..[1m}[0m[2m:[0m [2msui_core::checkpoints::checkpoint_executor[0m[2m:[0m [2mcrates/sui-core/src/checkpoints/checkpoint_executor/mod.rs[0m[2m:[0m[2m332:[0m Received checkpoint summary from state sync [3msequence_number[0m[2m=[0m507
[2m2025-03-25T07:56:31.145150Z[0m [32m INFO[0m [1mnode[0m[1m{[0m[3mname[0m[2m=[0mk#99f25ef6..[1m}[0m[2m:[0m [2msui_core::checkpoints::checkpoint_executor[0m[2m:[0m [2mcrates/sui-core/src/checkpoints/checkpoint_executor/mod.rs[0m[2m:[0m[2m332:[0m Received checkpoint summary from state sync [3msequence_number[0m[2m=[0m508
[2m2025-03-25T07:56:31.145187Z[0m [32m INFO[0m [1mnode[0m[1m{[0m[3mname[0m[2m=[0mk#99f25ef6..[1m}[0m[2m:[0m [2msui_core::checkpoints::checkpoint_executor[0m[2m:[0m [2mcrates/sui-core/src/checkpoints/checkpoint_executor/mod.rs[0m[2m:[0m[2m332:[0m Received checkpoint summary from state sync [3msequence_number[0m[2m=[0m509
[2m2025-03-25T07:56:31.145224Z[0m [32m INFO[0m [1mnode[0m[1m{[0m[3mname[0m[2m=[0mk#99f25ef6..[1m}[0m[2m:[0m [2msui_core::checkpoints::checkpoint_executor[0m[2m:[0m [2mcrates/sui-core/src/checkpoints/checkpoint_executor/mod.rs[0m[2m:[0m[2m332:[0m Received checkpoint summary from state sync [3msequence_number[0m[2m=[0m510
[2m2025-03-25T07:56:31.145261Z[0m [32m INFO[0m [1mnode[0m[1m{[0m[3mname[0m[2m=[0mk#99f25ef6..[1m}[0m[2m:[0m [2msui_core::checkpoints::checkpoint_executor[0m[2m:[0m [2mcrates/sui-core/src/checkpoints/checkpoint_executor/mod.rs[0m[2m:[0m[2m332:[0m Received checkpoint summary from state sync [3msequence_number[0m[2m=[0m511
[2m2025-03-25T07:56:31.145298Z[0m [32m INFO[0m [1mnode[0m[1m{[0m[3mname[0m[2m=[0mk#99f25ef6..[1m}[0m[2m:[0m [2msui_core::checkpoints::checkpoint_executor[0m[2m:[0m [2mcrates/sui-core/src/checkpoints/checkpoint_executor/mod.rs[0m[2m:[0m[2m332:[0m Received checkpoint summary from state sync [3msequence_number[0m[2m=[0m512
[2m2025-03-25T07:56:31.145335Z[0m [32m INFO[0m [1mnode[0m[1m{[0m[3mname[0m[2m=[0mk#99f25ef6..[1m}[0m[2m:[0m [2msui_core::checkpoints::checkpoint_executor[0m[2m:[0m [2mcrates/sui-core/src/checkpoints/checkpoint_executor/mod.rs[0m[2m:[0m[2m332:[0m Received checkpoint summary from state sync [3msequence_number[0m[2m=[0m513
[2m2025-03-25T07:56:31.145372Z[0m [32m INFO[0m [1mnode[0m[1m{[0m[3mname[0m[2m=[0mk#99f25ef6..[1m}[0m[2m:[0m [2msui_core::checkpoints::checkpoint_executor[0m[2m:[0m [2mcrates/sui-core/src/checkpoints/checkpoint_executor/mod.rs[0m[2m:[0m[2m332:[0m Received checkpoint summary from state sync [3msequence_number[0m[2m=[0m514
[2m2025-03-25T07:56:31.145410Z[0m [32m INFO[0m [1mnode[0m[1m{[0m[3mname[0m[2m=[0mk#99f25ef6..[1m}[0m[2m:[0m [2msui_core::checkpoints::checkpoint_executor[0m[2m:[0m [2mcrates/sui-core/src/checkpoints/checkpoint_executor/mod.rs[0m[2m:[0m[2m332:[0m Received checkpoint summary from state sync [3msequence_number[0m[2m=[0m515
[2m2025-03-25T07:56:31.145447Z[0m [32m INFO[0m [1mnode[0m[1m{[0m[3mname[0m[2m=[0mk#99f25ef6..[1m}[0m[2m:[0m [2msui_core::checkpoints::checkpoint_executor[0m[2m:[0m [2mcrates/sui-core/src/checkpoints/checkpoint_executor/mod.rs[0m[2m:[0m[2m332:[0m Received checkpoint summary from state sync [3msequence_number[0m[2m=[0m516
[2m2025-03-25T07:56:31.145484Z[0m [32m INFO[0m [1mnode[0m[1m{[0m[3mname[0m[2m=[0mk#99f25ef6..[1m}[0m[2m:[0m [2msui_core::checkpoints::checkpoint_executor[0m[2m:[0m [2mcrates/sui-core/src/checkpoints/checkpoint_executor/mod.rs[0m[2m:[0m[2m332:[0m Received checkpoint summary from state sync [3msequence_number[0m[2m=[0m517
[2m2025-03-25T07:56:31.145522Z[0m [32m INFO[0m [1mnode[0m[1m{[0m[3mname[0m[2m=[0mk#99f25ef6..[1m}[0m[2m:[0m [2msui_core::checkpoints::checkpoint_executor[0m[2m:[0m [2mcrates/sui-core/src/checkpoints/checkpoint_executor/mod.rs[0m[2m:[0m[2m332:[0m Received checkpoint summary from state sync [3msequence_number[0m[2m=[0m518
[2m2025-03-25T07:56:31.145559Z[0m [32m INFO[0m [1mnode[0m[1m{[0m[3mname[0m[2m=[0mk#99f25ef6..[1m}[0m[2m:[0m [2msui_core::checkpoints::checkpoint_executor[0m[2m:[0m [2mcrates/sui-core/src/checkpoints/checkpoint_executor/mod.rs[0m[2m:[0m[2m332:[0m Received checkpoint summary from state sync [3msequence_number[0m[2m=[0m519
[2m2025-03-25T07:56:31.145595Z[0m [32m INFO[0m [1mnode[0m[1m{[0m[3mname[0m[2m=[0mk#99f25ef6..[1m}[0m[2m:[0m [2msui_core::checkpoints::checkpoint_executor[0m[2m:[0m [2mcrates/sui-core/src/checkpoints/checkpoint_executor/mod.rs[0m[2m:[0m[2m332:[0m Received checkpoint summary from state sync [3msequence_number[0m[2m=[0m520
[2m2025-03-25T07:56:31.145638Z[0m [32m INFO[0m [1mnode[0m[1m{[0m[3mname[0m[2m=[0mk#99f25ef6..[1m}[0m[2m:[0m [2msui_core::checkpoints::checkpoint_executor[0m[2m:[0m [2mcrates/sui-core/src/checkpoints/checkpoint_executor/mod.rs[0m[2m:[0m[2m332:[0m Received checkpoint summary from state sync [3msequence_number[0m[2m=[0m521
[2m2025-03-25T07:56:31.145675Z[0m [32m INFO[0m [1mnode[0m[1m{[0m[3mname[0m[2m=[0mk#99f25ef6..[1m}[0m[2m:[0m [2msui_core::checkpoints::checkpoint_executor[0m[2m:[0m [2mcrates/sui-core/src/checkpoints/checkpoint_executor/mod.rs[0m[2m:[0m[2m332:[0m Received checkpoint summary from state sync [3msequence_number[0m[2m=[0m522
[2m2025-03-25T07:56:31.145711Z[0m [32m INFO[0m [1mnode[0m[1m{[0m[3mname[0m[2m=[0mk#99f25ef6..[1m}[0m[2m:[0m [2msui_core::checkpoints::checkpoint_executor[0m[2m:[0m [2mcrates/sui-core/src/checkpoints/checkpoint_executor/mod.rs[0m[2m:[0m[2m332:[0m Received checkpoint summary from state sync [3msequence_number[0m[2m=[0m523
[2m2025-03-25T07:56:31.145748Z[0m [32m INFO[0m [1mnode[0m[1m{[0m[3mname[0m[2m=[0mk#99f25ef6..[1m}[0m[2m:[0m [2msui_core::checkpoints::checkpoint_executor[0m[2m:[0m [2mcrates/sui-core/src/checkpoints/checkpoint_executor/mod.rs[0m[2m:[0m[2m332:[0m Received checkpoint summary from state sync [3msequence_number[0m[2m=[0m524
[2m2025-03-25T07:56:31.145785Z[0m [32m INFO[0m [1mnode[0m[1m{[0m[3mname[0m[2m=[0mk#99f25ef6..[1m}[0m[2m:[0m [2msui_core::checkpoints::checkpoint_executor[0m[2m:[0m [2mcrates/sui-core/src/checkpoints/checkpoint_executor/mod.rs[0m[2m:[0m[2m332:[0m Received checkpoint summary from state sync [3msequence_number[0m[2m=[0m525
[2m2025-03-25T07:56:31.145823Z[0m [32m INFO[0m [1mnode[0m[1m{[0m[3mname[0m[2m=[0mk#99f25ef6..[1m}[0m[2m:[0m [2msui_core::checkpoints::checkpoint_executor[0m[2m:[0m [2mcrates/sui-core/src/checkpoints/checkpoint_executor/mod.rs[0m[2m:[0m[2m332:[0m Received checkpoint summary from state sync [3msequence_number[0m[2m=[0m526
[2m2025-03-25T07:56:31.145860Z[0m [32m INFO[0m [1mnode[0m[1m{[0m[3mname[0m[2m=[0mk#99f25ef6..[1m}[0m[2m:[0m [2msui_core::checkpoints::checkpoint_executor[0m[2m:[0m [2mcrates/sui-core/src/checkpoints/checkpoint_executor/mod.rs[0m[2m:[0m[2m332:[0m Received checkpoint summary from state sync [3msequence_number[0m[2m=[0m527
[2m2025-03-25T07:56:31.145897Z[0m [32m INFO[0m [1mnode[0m[1m{[0m[3mname[0m[2m=[0mk#99f25ef6..[1m}[0m[2m:[0m [2msui_core::checkpoints::checkpoint_executor[0m[2m:[0m [2mcrates/sui-core/src/checkpoints/checkpoint_executor/mod.rs[0m[2m:[0m[2m332:[0m Received checkpoint summary from state sync [3msequence_number[0m[2m=[0m528
[2m2025-03-25T07:56:31.145934Z[0m [32m INFO[0m [1mnode[0m[1m{[0m[3mname[0m[2m=[0mk#99f25ef6..[1m}[0m[2m:[0m [2msui_core::checkpoints::checkpoint_executor[0m[2m:[0m [2mcrates/sui-core/src/checkpoints/checkpoint_executor/mod.rs[0m[2m:[0m[2m332:[0m Received checkpoint summary from state sync [3msequence_number[0m[2m=[0m529
[2m2025-03-25T07:56:31.145971Z[0m [32m INFO[0m [1mnode[0m[1m{[0m[3mname[0m[2m=[0mk#99f25ef6..[1m}[0m[2m:[0m [2msui_core::checkpoints::checkpoint_executor[0m[2m:[0m [2mcrates/sui-core/src/checkpoints/checkpoint_executor/mod.rs[0m[2m:[0m[2m332:[0m Received checkpoint summary from state sync [3msequence_number[0m[2m=[0m530
[2m2025-03-25T07:56:31.146009Z[0m [32m INFO[0m [1mnode[0m[1m{[0m[3mname[0m[2m=[0mk#99f25ef6..[1m}[0m[2m:[0m [2msui_core::checkpoints::checkpoint_executor[0m[2m:[0m [2mcrates/sui-core/src/checkpoints/checkpoint_executor/mod.rs[0m[2m:[0m[2m332:[0m Received checkpoint summary from state sync [3msequence_number[0m[2m=[0m531
[2m2025-03-25T07:56:31.146047Z[0m [32m INFO[0m [1mnode[0m[1m{[0m[3mname[0m[2m=[0mk#99f25ef6..[1m}[0m[2m:[0m [2msui_core::checkpoints::checkpoint_executor[0m[2m:[0m [2mcrates/sui-core/src/checkpoints/checkpoint_executor/mod.rs[0m[2m:[0m[2m332:[0m Received checkpoint summary from state sync [3msequence_number[0m[2m=[0m532
[2m2025-03-25T07:56:31.146085Z[0m [32m INFO[0m [1mnode[0m[1m{[0m[3mname[0m[2m=[0mk#99f25ef6..[1m}[0m[2m:[0m [2msui_core::checkpoints::checkpoint_executor[0m[2m:[0m [2mcrates/sui-core/src/checkpoints/checkpoint_executor/mod.rs[0m[2m:[0m[2m332:[0m Received checkpoint summary from state sync [3msequence_number[0m[2m=[0m533
[2m2025-03-25T07:56:31.146124Z[0m [32m INFO[0m [1mnode[0m[1m{[0m[3mname[0m[2m=[0mk#99f25ef6..[1m}[0m[2m:[0m [2msui_core::checkpoints::checkpoint_executor[0m[2m:[0m [2mcrates/sui-core/src/checkpoints/checkpoint_executor/mod.rs[0m[2m:[0m[2m332:[0m Received checkpoint summary from state sync [3msequence_number[0m[2m=[0m534
[2m2025-03-25T07:56:31.146162Z[0m [32m INFO[0m [1mnode[0m[1m{[0m[3mname[0m[2m=[0mk#99f25ef6..[1m}[0m[2m:[0m [2msui_core::checkpoints::checkpoint_executor[0m[2m:[0m [2mcrates/sui-core/src/checkpoints/checkpoint_executor/mod.rs[0m[2m:[0m[2m332:[0m Received checkpoint summary from state sync [3msequence_number[0m[2m=[0m535
[2m2025-03-25T07:56:31.146200Z[0m [32m INFO[0m [1mnode[0m[1m{[0m[3mname[0m[2m=[0mk#99f25ef6..[1m}[0m[2m:[0m [2msui_core::checkpoints::checkpoint_executor[0m[2m:[0m [2mcrates/sui-core/src/checkpoints/checkpoint_executor/mod.rs[0m[2m:[0m[2m332:[0m Received checkpoint summary from state sync [3msequence_number[0m[2m=[0m536
[2m2025-03-25T07:56:31.146237Z[0m [32m INFO[0m [1mnode[0m[1m{[0m[3mname[0m[2m=[0mk#99f25ef6..[1m}[0m[2m:[0m [2msui_core::checkpoints::checkpoint_executor[0m[2m:[0m [2mcrates/sui-core/src/checkpoints/checkpoint_executor/mod.rs[0m[2m:[0m[2m332:[0m Received checkpoint summary from state sync [3msequence_number[0m[2m=[0m537
[2m2025-03-25T07:56:31.146277Z[0m [32m INFO[0m [1mnode[0m[1m{[0m[3mname[0m[2m=[0mk#99f25ef6..[1m}[0m[2m:[0m [2msui_core::checkpoints::checkpoint_executor[0m[2m:[0m [2mcrates/sui-core/src/checkpoints/checkpoint_executor/mod.rs[0m[2m:[0m[2m332:[0m Received checkpoint summary from state sync [3msequence_number[0m[2m=[0m538
[2m2025-03-25T07:56:31.146314Z[0m [32m INFO[0m [1mnode[0m[1m{[0m[3mname[0m[2m=[0mk#99f25ef6..[1m}[0m[2m:[0m [2msui_core::checkpoints::checkpoint_executor[0m[2m:[0m [2mcrates/sui-core/src/checkpoints/checkpoint_executor/mod.rs[0m[2m:[0m[2m332:[0m Received checkpoint summary from state sync [3msequence_number[0m[2m=[0m539
[2m2025-03-25T07:56:31.146353Z[0m [32m INFO[0m [1mnode[0m[1m{[0m[3mname[0m[2m=[0mk#99f25ef6..[1m}[0m[2m:[0m [2msui_core::checkpoints::checkpoint_executor[0m[2m:[0m [2mcrates/sui-core/src/checkpoints/checkpoint_executor/mod.rs[0m[2m:[0m[2m332:[0m Received checkpoint summary from state sync [3msequence_number[0m[2m=[0m540
[2m2025-03-25T07:56:31.146391Z[0m [32m INFO[0m [1mnode[0m[1m{[0m[3mname[0m[2m=[0mk#99f25ef6..[1m}[0m[2m:[0m [2msui_core::checkpoints::checkpoint_executor[0m[2m:[0m [2mcrates/sui-core/src/checkpoints/checkpoint_executor/mod.rs[0m[2m:[0m[2m332:[0m Received checkpoint summary from state sync [3msequence_number[0m[2m=[0m541
[2m2025-03-25T07:56:31.146430Z[0m [32m INFO[0m [1mnode[0m[1m{[0m[3mname[0m[2m=[0mk#99f25ef6..[1m}[0m[2m:[0m [2msui_core::checkpoints::checkpoint_executor[0m[2m:[0m [2mcrates/sui-core/src/checkpoints/checkpoint_executor/mod.rs[0m[2m:[0m[2m332:[0m Received checkpoint summary from state sync [3msequence_number[0m[2m=[0m542
[2m2025-03-25T07:56:31.146467Z[0m [32m INFO[0m [1mnode[0m[1m{[0m[3mname[0m[2m=[0mk#99f25ef6..[1m}[0m[2m:[0m [2msui_core::checkpoints::checkpoint_executor[0m[2m:[0m [2mcrates/sui-core/src/checkpoints/checkpoint_executor/mod.rs[0m[2m:[0m[2m332:[0m Received checkpoint summary from state sync [3msequence_number[0m[2m=[0m543
[2m2025-03-25T07:56:31.146505Z[0m [32m INFO[0m [1mnode[0m[1m{[0m[3mname[0m[2m=[0mk#99f25ef6..[1m}[0m[2m:[0m [2msui_core::checkpoints::checkpoint_executor[0m[2m:[0m [2mcrates/sui-core/src/checkpoints/checkpoint_executor/mod.rs[0m[2m:[0m[2m332:[0m Received checkpoint summary from state sync [3msequence_number[0m[2m=[0m544
[2m2025-03-25T07:56:31.146543Z[0m [32m INFO[0m [1mnode[0m[1m{[0m[3mname[0m[2m=[0mk#99f25ef6..[1m}[0m[2m:[0m [2msui_core::checkpoints::checkpoint_executor[0m[2m:[0m [2mcrates/sui-core/src/checkpoints/checkpoint_executor/mod.rs[0m[2m:[0m[2m332:[0m Received checkpoint summary from state sync [3msequence_number[0m[2m=[0m545
[2m2025-03-25T07:56:31.146580Z[0m [32m INFO[0m [1mnode[0m[1m{[0m[3mname[0m[2m=[0mk#99f25ef6..[1m}[0m[2m:[0m [2msui_core::checkpoints::checkpoint_executor[0m[2m:[0m [2mcrates/sui-core/src/checkpoints/checkpoint_executor/mod.rs[0m[2m:[0m[2m332:[0m Received checkpoint summary from state sync [3msequence_number[0m[2m=[0m546
[2m2025-03-25T07:56:31.146618Z[0m [32m INFO[0m [1mnode[0m[1m{[0m[3mname[0m[2m=[0mk#99f25ef6..[1m}[0m[2m:[0m [2msui_core::checkpoints::checkpoint_executor[0m[2m:[0m [2mcrates/sui-core/src/checkpoints/checkpoint_executor/mod.rs[0m[2m:[0m[2m332:[0m Received checkpoint summary from state sync [3msequence_number[0m[2m=[0m547
[2m2025-03-25T07:56:31.146656Z[0m [32m INFO[0m [1mnode[0m[1m{[0m[3mname[0m[2m=[0mk#99f25ef6..[1m}[0m[2m:[0m [2msui_core::checkpoints::checkpoint_executor[0m[2m:[0m [2mcrates/sui-core/src/checkpoints/checkpoint_executor/mod.rs[0m[2m:[0m[2m332:[0m Received checkpoint summary from state sync [3msequence_number[0m[2m=[0m548
[2m2025-03-25T07:56:31.146693Z[0m [32m INFO[0m [1mnode[0m[1m{[0m[3mname[0m[2m=[0mk#99f25ef6..[1m}[0m[2m:[0m [2msui_core::checkpoints::checkpoint_executor[0m[2m:[0m [2mcrates/sui-core/src/checkpoints/checkpoint_executor/mod.rs[0m[2m:[0m[2m332:[0m Received checkpoint summary from state sync [3msequence_number[0m[2m=[0m549
[2m2025-03-25T07:56:31.146730Z[0m [32m INFO[0m [1mnode[0m[1m{[0m[3mname[0m[2m=[0mk#99f25ef6..[1m}[0m[2m:[0m [2msui_core::checkpoints::checkpoint_executor[0m[2m:[0m [2mcrates/sui-core/src/checkpoints/checkpoint_executor/mod.rs[0m[2m:[0m[2m332:[0m Received checkpoint summary from state sync [3msequence_number[0m[2m=[0m550
[2m2025-03-25T07:56:31.146768Z[0m [32m INFO[0m [1mnode[0m[1m{[0m[3mname[0m[2m=[0mk#99f25ef6..[1m}[0m[2m:[0m [2msui_core::checkpoints::checkpoint_executor[0m[2m:[0m [2mcrates/sui-core/src/checkpoints/checkpoint_executor/mod.rs[0m[2m:[0m[2m332:[0m Received checkpoint summary from state sync [3msequence_number[0m[2m=[0m551
[2m2025-03-25T07:56:31.146807Z[0m [32m INFO[0m [1mnode[0m[1m{[0m[3mname[0m[2m=[0mk#99f25ef6..[1m}[0m[2m:[0m [2msui_core::checkpoints::checkpoint_executor[0m[2m:[0m [2mcrates/sui-core/src/checkpoints/checkpoint_executor/mod.rs[0m[2m:[0m[2m332:[0m Received checkpoint summary from state sync [3msequence_number[0m[2m=[0m552
[2m2025-03-25T07:56:31.146845Z[0m [32m INFO[0m [1mnode[0m[1m{[0m[3mname[0m[2m=[0mk#99f25ef6..[1m}[0m[2m:[0m [2msui_core::checkpoints::checkpoint_executor[0m[2m:[0m [2mcrates/sui-core/src/checkpoints/checkpoint_executor/mod.rs[0m[2m:[0m[2m332:[0m Received checkpoint summary from state sync [3msequence_number[0m[2m=[0m553
[2m2025-03-25T07:56:31.146883Z[0m [32m INFO[0m [1mnode[0m[1m{[0m[3mname[0m[2m=[0mk#99f25ef6..[1m}[0m[2m:[0m [2msui_core::checkpoints::checkpoint_executor[0m[2m:[0m [2mcrates/sui-core/src/checkpoints/checkpoint_executor/mod.rs[0m[2m:[0m[2m332:[0m Received checkpoint summary from state sync [3msequence_number[0m[2m=[0m554
[2m2025-03-25T07:56:31.146921Z[0m [32m INFO[0m [1mnode[0m[1m{[0m[3mname[0m[2m=[0mk#99f25ef6..[1m}[0m[2m:[0m [2msui_core::checkpoints::checkpoint_executor[0m[2m:[0m [2mcrates/sui-core/src/checkpoints/checkpoint_executor/mod.rs[0m[2m:[0m[2m332:[0m Received checkpoint summary from state sync [3msequence_number[0m[2m=[0m555
[2m2025-03-25T07:56:31.146958Z[0m [32m INFO[0m [1mnode[0m[1m{[0m[3mname[0m[2m=[0mk#99f25ef6..[1m}[0m[2m:[0m [2msui_core::checkpoints::checkpoint_executor[0m[2m:[0m [2mcrates/sui-core/src/checkpoints/checkpoint_executor/mod.rs[0m[2m:[0m[2m332:[0m Received checkpoint summary from state sync [3msequence_number[0m[2m=[0m556
[2m2025-03-25T07:56:31.146995Z[0m [32m INFO[0m [1mnode[0m[1m{[0m[3mname[0m[2m=[0mk#99f25ef6..[1m}[0m[2m:[0m [2msui_core::checkpoints::checkpoint_executor[0m[2m:[0m [2mcrates/sui-core/src/checkpoints/checkpoint_executor/mod.rs[0m[2m:[0m[2m332:[0m Received checkpoint summary from state sync [3msequence_number[0m[2m=[0m557
[2m2025-03-25T07:56:31.147764Z[0m [32m INFO[0m [1mnode[0m[1m{[0m[3mname[0m[2m=[0mk#99f25ef6..[1m}[0m[2m:[0m [2msui_core::state_accumulator[0m[2m:[0m [2mcrates/sui-core/src/state_accumulator.rs[0m[2m:[0m[2m675:[0m accumulating running root for checkpoint 557
[2m2025-03-25T07:56:31.215085Z[0m [33m WARN[0m [1mnode[0m[1m{[0m[3mname[0m[2m=[0mk#99f25ef6..[1m}[0m[2m:[0m[1mjwk_updater_task[0m[1m{[0m[3mepoch[0m[2m=[0m1[1m}[0m[2m:[0m [2msui_node[0m[2m:[0m [2mcrates/sui-node/src/lib.rs[0m[2m:[0m[2m381:[0m Error when fetching JWK for provider Arden JWKRetrievalError
[2m2025-03-25T07:56:31.305031Z[0m [32m INFO[0m [1mnode[0m[1m{[0m[3mname[0m[2m=[0mk#8dcff6d1..[1m}[0m[2m:[0m [2mconsensus_core::commit_syncer[0m[2m:[0m [2mconsensus/core/src/commit_syncer.rs[0m[2m:[0m[2m196:[0m Checking to schedule fetches: synced_commit_index=345, highest_handled_index=345, highest_scheduled_index=0, quorum_commit_index=344, unhandled_commits_threshold=3200
[2m2025-03-25T07:56:31.328207Z[0m [32m INFO[0m [1mnode[0m[1m{[0m[3mname[0m[2m=[0mk#addeef94..[1m}[0m[2m:[0m [2mconsensus_core::commit_syncer[0m[2m:[0m [2mconsensus/core/src/commit_syncer.rs[0m[2m:[0m[2m196:[0m Checking to schedule fetches: synced_commit_index=345, highest_handled_index=345, highest_scheduled_index=0, quorum_commit_index=0, unhandled_commits_threshold=3200
[2m2025-03-25T07:56:31.331073Z[0m [32m INFO[0m [1mnode[0m[1m{[0m[3mname[0m[2m=[0mk#99f25ef6..[1m}[0m[2m:[0m [2mconsensus_core::commit_syncer[0m[2m:[0m [2mconsensus/core/src/commit_syncer.rs[0m[2m:[0m[2m196:[0m Checking to schedule fetches: synced_commit_index=345, highest_handled_index=345, highest_scheduled_index=0, quorum_commit_index=343, unhandled_commits_threshold=3200
[2m2025-03-25T07:56:31.360296Z[0m [32m INFO[0m [1mnode[0m[1m{[0m[3mname[0m[2m=[0mk#99f25ef6..[1m}[0m[2m:[0m [2mconsensus_core::core[0m[2m:[0m [2mconsensus/core/src/core.rs[0m[2m:[0m[2m945:[0m Included 2 ancestors & excluded 0 ancestors for proposal in round 358
[2m2025-03-25T07:56:31.360663Z[0m [32m INFO[0m [1mnode[0m[1m{[0m[3mname[0m[2m=[0mk#99f25ef6..[1m}[0m[2m:[0m [2mconsensus_core::core[0m[2m:[0m [2mconsensus/core/src/core.rs[0m[2m:[0m[2m531:[0m Created block B358(B,xb0zMlnQbK+DvEvkxEmhMSku/YvNuBJdgkUzfDLVRY8=)(1742889391360ms;[B357(B,Okf2V7Tkwkck2/OxGj22eflCh4gLw/bgyEqOtiII+K0=), B357(C,DOtQv56Nfx4ivC/UqRWwERpEacsYE0KtcanW3TQDUB8=)];1t;1c) for round 358
[2m2025-03-25T07:56:31.362590Z[0m [32m INFO[0m [1mnode[0m[1m{[0m[3mname[0m[2m=[0mk#8dcff6d1..[1m}[0m[2m:[0m [2mconsensus_core::core[0m[2m:[0m [2mconsensus/core/src/core.rs[0m[2m:[0m[2m945:[0m Included 3 ancestors & excluded 0 ancestors for proposal in round 358
[2m2025-03-25T07:56:31.362667Z[0m [32m INFO[0m [1mnode[0m[1m{[0m[3mname[0m[2m=[0mk#addeef94..[1m}[0m[2m:[0m [2mconsensus_core::core[0m[2m:[0m [2mconsensus/core/src/core.rs[0m[2m:[0m[2m945:[0m Included 2 ancestors & excluded 0 ancestors for proposal in round 358
[2m2025-03-25T07:56:31.362918Z[0m [32m INFO[0m [1mnode[0m[1m{[0m[3mname[0m[2m=[0mk#8dcff6d1..[1m}[0m[2m:[0m [2mconsensus_core::core[0m[2m:[0m [2mconsensus/core/src/core.rs[0m[2m:[0m[2m531:[0m Created block B358(A,pZDxW3lsHUFii4bBgJl+65Z7geg25+B/rQtG2gkLFbY=)(1742889391362ms;[B356(A,aMOguv8Zuz0epGZCufy+CbgNrGSH6wqiInsyc/3pF+8=), B357(B,Okf2V7Tkwkck2/OxGj22eflCh4gLw/bgyEqOtiII+K0=), B357(C,DOtQv56Nfx4ivC/UqRWwERpEacsYE0KtcanW3TQDUB8=)];2t;2c) for round 358
[2m2025-03-25T07:56:31.362949Z[0m [32m INFO[0m [1mnode[0m[1m{[0m[3mname[0m[2m=[0mk#addeef94..[1m}[0m[2m:[0m [2mconsensus_core::core[0m[2m:[0m [2mconsensus/core/src/core.rs[0m[2m:[0m[2m531:[0m Created block B358(C,fYN3qENEnTaIJi1f22qTBnbr0+foPQn03rEQNFRtXiM=)(1742889391362ms;[B357(C,DOtQv56Nfx4ivC/UqRWwERpEacsYE0KtcanW3TQDUB8=), B357(B,Okf2V7Tkwkck2/OxGj22eflCh4gLw/bgyEqOtiII+K0=)];1t;1c) for round 358
[2m2025-03-25T07:56:31.363019Z[0m [32m INFO[0m [1mnode[0m[1m{[0m[3mname[0m[2m=[0mk#addeef94..[1m}[0m[2m:[0m [2mconsensus_core::core[0m[2m:[0m [2mconsensus/core/src/core.rs[0m[2m:[0m[2m630:[0m Committing 1 leaders: B356(B,bKj8)
[2m2025-03-25T07:56:31.363087Z[0m [32m INFO[0m [1mnode[0m[1m{[0m[3mname[0m[2m=[0mk#addeef94..[1m}[0m[2m:[0m [2mconsensus_core::commit_observer[0m[2m:[0m [2mconsensus/core/src/commit_observer.rs[0m[2m:[0m[2m173:[0m Consensus commit C346(Yqlf) with leader B356(B,bKj8) has 2 blocks
[2m2025-03-25T07:56:31.363174Z[0m [32m INFO[0m [1mnode[0m[1m{[0m[3mname[0m[2m=[0mk#addeef94..[1m}[0m[2m:[0m [2msui_core::consensus_handler[0m[2m:[0m [2mcrates/sui-core/src/consensus_handler.rs[0m[2m:[0m[2m232:[0m Received consensus output [3mconsensus_commit[0m[2m=[0mCommittedSubDag(leader=B356(B,bKj8), ref=C346(Yqlf), blocks=[bvvI, bKj8]) [3mepoch[0m[2m=[0m1
[2m2025-03-25T07:56:31.365378Z[0m [32m INFO[0m [1mnode[0m[1m{[0m[3mname[0m[2m=[0mk#8dcff6d1..[1m}[0m[2m:[0m [2mconsensus_core::core[0m[2m:[0m [2mconsensus/core/src/core.rs[0m[2m:[0m[2m630:[0m Committing 1 leaders: B356(B,bKj8)
[2m2025-03-25T07:56:31.365464Z[0m [32m INFO[0m [1mnode[0m[1m{[0m[3mname[0m[2m=[0mk#8dcff6d1..[1m}[0m[2m:[0m [2mconsensus_core::commit_observer[0m[2m:[0m [2mconsensus/core/src/commit_observer.rs[0m[2m:[0m[2m173:[0m Consensus commit C346(Yqlf) with leader B356(B,bKj8) has 2 blocks
[2m2025-03-25T07:56:31.366558Z[0m [32m INFO[0m [1mnode[0m[1m{[0m[3mname[0m[2m=[0mk#8dcff6d1..[1m}[0m[2m:[0m [2msui_core::checkpoints::checkpoint_output[0m[2m:[0m [2mcrates/sui-core/src/checkpoints/checkpoint_output.rs[0m[2m:[0m[2m196:[0m Certified checkpoint with sequence 558 and digest 7nKVACwzwiHQvUU7LE6qTusZfVs5qCfjSMzD1UzBFVw3
[2m2025-03-25T07:56:31.366596Z[0m [32m INFO[0m [1mnode[0m[1m{[0m[3mname[0m[2m=[0mk#8dcff6d1..[1m}[0m[2m:[0m [2msui_core::consensus_handler[0m[2m:[0m [2mcrates/sui-core/src/consensus_handler.rs[0m[2m:[0m[2m232:[0m Received consensus output [3mconsensus_commit[0m[2m=[0mCommittedSubDag(leader=B356(B,bKj8), ref=C346(Yqlf), blocks=[bvvI, bKj8]) [3mepoch[0m[2m=[0m1
[2m2025-03-25T07:56:31.367166Z[0m [32m INFO[0m [1mnode[0m[1m{[0m[3mname[0m[2m=[0mk#99f25ef6..[1m}[0m[2m:[0m [2msui_core::checkpoints::checkpoint_output[0m[2m:[0m [2mcrates/sui-core/src/checkpoints/checkpoint_output.rs[0m[2m:[0m[2m196:[0m Certified checkpoint with sequence 558 and digest 7nKVACwzwiHQvUU7LE6qTusZfVs5qCfjSMzD1UzBFVw3
[2m2025-03-25T07:56:31.367263Z[0m [32m INFO[0m [1mnode[0m[1m{[0m[3mname[0m[2m=[0mk#99f25ef6..[1m}[0m[2m:[0m [2mconsensus_core::core[0m[2m:[0m [2mconsensus/core/src/core.rs[0m[2m:[0m[2m630:[0m Committing 1 leaders: B356(B,bKj8)
[2m2025-03-25T07:56:31.367366Z[0m [32m INFO[0m [1mnode[0m[1m{[0m[3mname[0m[2m=[0mk#99f25ef6..[1m}[0m[2m:[0m [2mconsensus_core::commit_observer[0m[2m:[0m [2mconsensus/core/src/commit_observer.rs[0m[2m:[0m[2m173:[0m Consensus commit C346(Yqlf) with leader B356(B,bKj8) has 2 blocks
[2m2025-03-25T07:56:31.367742Z[0m [32m INFO[0m [1mnode[0m[1m{[0m[3mname[0m[2m=[0mk#99f25ef6..[1m}[0m[2m:[0m [2msui_core::consensus_handler[0m[2m:[0m [2mcrates/sui-core/src/consensus_handler.rs[0m[2m:[0m[2m232:[0m Received consensus output [3mconsensus_commit[0m[2m=[0mCommittedSubDag(leader=B356(B,bKj8), ref=C346(Yqlf), blocks=[bvvI, bKj8]) [3mepoch[0m[2m=[0m1
[2m2025-03-25T07:56:31.368315Z[0m [32m INFO[0m [1mnode[0m[1m{[0m[3mname[0m[2m=[0mk#99f25ef6..[1m}[0m[2m:[0m [2msui_core::checkpoints::checkpoint_executor[0m[2m:[0m [2mcrates/sui-core/src/checkpoints/checkpoint_executor/mod.rs[0m[2m:[0m[2m332:[0m Received checkpoint summary from state sync [3msequence_number[0m[2m=[0m558
[2m2025-03-25T07:56:31.379425Z[0m [32m INFO[0m [1mnode[0m[1m{[0m[3mname[0m[2m=[0mk#8dcff6d1..[1m}[0m[2m:[0m [2msui_core::checkpoints::checkpoint_executor[0m[2m:[0m [2mcrates/sui-core/src/checkpoints/checkpoint_executor/mod.rs[0m[2m:[0m[2m332:[0m Received checkpoint summary from state sync [3msequence_number[0m[2m=[0m558
[2m2025-03-25T07:56:31.381925Z[0m [32m INFO[0m [1mnode[0m[1m{[0m[3mname[0m[2m=[0mk#99f25ef6..[1m}[0m[2m:[0m [2msui_core::state_accumulator[0m[2m:[0m [2mcrates/sui-core/src/state_accumulator.rs[0m[2m:[0m[2m675:[0m accumulating running root for checkpoint 558
[2m2025-03-25T07:56:31.386734Z[0m [32m INFO[0m [1mnode[0m[1m{[0m[3mname[0m[2m=[0mk#8dcff6d1..[1m}[0m[2m:[0m [2msui_core::state_accumulator[0m[2m:[0m [2mcrates/sui-core/src/state_accumulator.rs[0m[2m:[0m[2m675:[0m accumulating running root for checkpoint 558
[2m2025-03-25T07:56:31.407902Z[0m [32m INFO[0m [1mnode[0m[1m{[0m[3mname[0m[2m=[0mk#addeef94..[1m}[0m[2m:[0m [2msui_core::checkpoints[0m[2m:[0m [2mcrates/sui-core/src/checkpoints/mod.rs[0m[2m:[0m[2m1326:[0m Creating checkpoint(s) for 1 transactions [3mnext_checkpoint_seq[0m[2m=[0m559 [3mcheckpoint_timestamp[0m[2m=[0m1742889390850
[2m2025-03-25T07:56:31.408134Z[0m [32m INFO[0m [1mnode[0m[1m{[0m[3mname[0m[2m=[0mk#addeef94..[1m}[0m[2m:[0m [2msui_core::checkpoints::checkpoint_output[0m[2m:[0m [2mcrates/sui-core/src/checkpoints/checkpoint_output.rs[0m[2m:[0m[2m149:[0m Creating checkpoint CheckpointDigest(4hfykDrYZ5Hzg2HFYMwoMGkoNq8wMZJX9os9jg534N6N) at epoch 1, sequence 559, previous digest Some(CheckpointDigest(7nKVACwzwiHQvUU7LE6qTusZfVs5qCfjSMzD1UzBFVw3)), transactions count 1, content digest CheckpointContentsDigest(GM4vJCegXtKuk2gC9NcLtoJeisu7yXEu5bkFnMZH698E), end_of_epoch_data None
[2m2025-03-25T07:56:31.412338Z[0m [32m INFO[0m [1mnode[0m[1m{[0m[3mname[0m[2m=[0mk#8dcff6d1..[1m}[0m[2m:[0m [2msui_core::checkpoints[0m[2m:[0m [2mcrates/sui-core/src/checkpoints/mod.rs[0m[2m:[0m[2m1326:[0m Creating checkpoint(s) for 1 transactions [3mnext_checkpoint_seq[0m[2m=[0m559 [3mcheckpoint_timestamp[0m[2m=[0m1742889390850
[2m2025-03-25T07:56:31.412522Z[0m [32m INFO[0m [1mnode[0m[1m{[0m[3mname[0m[2m=[0mk#8dcff6d1..[1m}[0m[2m:[0m [2msui_core::checkpoints::checkpoint_output[0m[2m:[0m [2mcrates/sui-core/src/checkpoints/checkpoint_output.rs[0m[2m:[0m[2m149:[0m Creating checkpoint CheckpointDigest(4hfykDrYZ5Hzg2HFYMwoMGkoNq8wMZJX9os9jg534N6N) at epoch 1, sequence 559, previous digest Some(CheckpointDigest(7nKVACwzwiHQvUU7LE6qTusZfVs5qCfjSMzD1UzBFVw3)), transactions count 1, content digest CheckpointContentsDigest(GM4vJCegXtKuk2gC9NcLtoJeisu7yXEu5bkFnMZH698E), end_of_epoch_data None
[2m2025-03-25T07:56:31.412904Z[0m [32m INFO[0m [1mnode[0m[1m{[0m[3mname[0m[2m=[0mk#99f25ef6..[1m}[0m[2m:[0m [2msui_core::checkpoints[0m[2m:[0m [2mcrates/sui-core/src/checkpoints/mod.rs[0m[2m:[0m[2m1326:[0m Creating checkpoint(s) for 1 transactions [3mnext_checkpoint_seq[0m[2m=[0m559 [3mcheckpoint_timestamp[0m[2m=[0m1742889390850
[2m2025-03-25T07:56:31.413071Z[0m [32m INFO[0m [1mnode[0m[1m{[0m[3mname[0m[2m=[0mk#99f25ef6..[1m}[0m[2m:[0m [2msui_core::checkpoints::checkpoint_output[0m[2m:[0m [2mcrates/sui-core/src/checkpoints/checkpoint_output.rs[0m[2m:[0m[2m149:[0m Creating checkpoint CheckpointDigest(4hfykDrYZ5Hzg2HFYMwoMGkoNq8wMZJX9os9jg534N6N) at epoch 1, sequence 559, previous digest Some(CheckpointDigest(7nKVACwzwiHQvUU7LE6qTusZfVs5qCfjSMzD1UzBFVw3)), transactions count 1, content digest CheckpointContentsDigest(GM4vJCegXtKuk2gC9NcLtoJeisu7yXEu5bkFnMZH698E), end_of_epoch_data None
[2m2025-03-25T07:56:31.476911Z[0m [32m INFO[0m [1mnode[0m[1m{[0m[3mname[0m[2m=[0mk#addeef94..[1m}[0m[2m:[0m [2msui_core::checkpoints::checkpoint_executor[0m[2m:[0m [2mcrates/sui-core/src/checkpoints/checkpoint_executor/mod.rs[0m[2m:[0m[2m332:[0m Received checkpoint summary from state sync [3msequence_number[0m[2m=[0m558
[2m2025-03-25T07:56:31.478378Z[0m [32m INFO[0m [1mnode[0m[1m{[0m[3mname[0m[2m=[0mk#addeef94..[1m}[0m[2m:[0m [2msui_core::state_accumulator[0m[2m:[0m [2mcrates/sui-core/src/state_accumulator.rs[0m[2m:[0m[2m675:[0m accumulating running root for checkpoint 558
[2m2025-03-25T07:56:31.525640Z[0m [33m WARN[0m [1mnode[0m[1m{[0m[3mname[0m[2m=[0mk#99f25ef6..[1m}[0m[2m:[0m[1mjwk_updater_task[0m[1m{[0m[3mepoch[0m[2m=[0m1[1m}[0m[2m:[0m [2msui_node[0m[2m:[0m [2mcrates/sui-node/src/lib.rs[0m[2m:[0m[2m381:[0m Error when fetching JWK for provider AwsTenant(("us-east-1", "us-east-1_LPSLCkC3A")) JWKRetrievalError
[2m2025-03-25T07:56:31.615653Z[0m [32m INFO[0m [1mnode[0m[1m{[0m[3mname[0m[2m=[0mk#addeef94..[1m}[0m[2m:[0m [2mconsensus_core::core[0m[2m:[0m [2mconsensus/core/src/core.rs[0m[2m:[0m[2m945:[0m Included 3 ancestors & excluded 0 ancestors for proposal in round 359
[2m2025-03-25T07:56:31.616024Z[0m [32m INFO[0m [1mnode[0m[1m{[0m[3mname[0m[2m=[0mk#addeef94..[1m}[0m[2m:[0m [2mconsensus_core::core[0m[2m:[0m [2mconsensus/core/src/core.rs[0m[2m:[0m[2m531:[0m Created block B359(C,IpX7ycdo6Hp/RkUzGsPWenqAz6zEXeagA6UUloC/fSw=)(1742889391615ms;[B358(C,fYN3qENEnTaIJi1f22qTBnbr0+foPQn03rEQNFRtXiM=), B358(A,pZDxW3lsHUFii4bBgJl+65Z7geg25+B/rQtG2gkLFbY=), B358(B,xb0zMlnQbK+DvEvkxEmhMSku/YvNuBJdgkUzfDLVRY8=)];1t;1c) for round 359
[2m2025-03-25T07:56:31.617972Z[0m [32m INFO[0m [1mnode[0m[1m{[0m[3mname[0m[2m=[0mk#99f25ef6..[1m}[0m[2m:[0m [2mconsensus_core::core[0m[2m:[0m [2mconsensus/core/src/core.rs[0m[2m:[0m[2m945:[0m Included 3 ancestors & excluded 0 ancestors for proposal in round 359
[2m2025-03-25T07:56:31.617972Z[0m [32m INFO[0m [1mnode[0m[1m{[0m[3mname[0m[2m=[0mk#8dcff6d1..[1m}[0m[2m:[0m [2mconsensus_core::core[0m[2m:[0m [2mconsensus/core/src/core.rs[0m[2m:[0m[2m945:[0m Included 3 ancestors & excluded 0 ancestors for proposal in round 359
[2m2025-03-25T07:56:31.618263Z[0m [32m INFO[0m [1mnode[0m[1m{[0m[3mname[0m[2m=[0mk#8dcff6d1..[1m}[0m[2m:[0m [2mconsensus_core::core[0m[2m:[0m [2mconsensus/core/src/core.rs[0m[2m:[0m[2m531:[0m Created block B359(A,rm9Kgi4F7Uhm+Uf6uVxpNMrVVzlyW4WkXcsxow2D82c=)(1742889391618ms;[B358(A,pZDxW3lsHUFii4bBgJl+65Z7geg25+B/rQtG2gkLFbY=), B358(B,xb0zMlnQbK+DvEvkxEmhMSku/YvNuBJdgkUzfDLVRY8=), B358(C,fYN3qENEnTaIJi1f22qTBnbr0+foPQn03rEQNFRtXiM=)];1t;1c) for round 359
[2m2025-03-25T07:56:31.618271Z[0m [32m INFO[0m [1mnode[0m[1m{[0m[3mname[0m[2m=[0mk#99f25ef6..[1m}[0m[2m:[0m [2mconsensus_core::core[0m[2m:[0m [2mconsensus/core/src/core.rs[0m[2m:[0m[2m531:[0m Created block B359(B,rF7YrhephwcmDW7xZMKGNUnZL8kEGUcj3Ku/sfOwdfA=)(1742889391618ms;[B358(B,xb0zMlnQbK+DvEvkxEmhMSku/YvNuBJdgkUzfDLVRY8=), B358(A,pZDxW3lsHUFii4bBgJl+65Z7geg25+B/rQtG2gkLFbY=), B358(C,fYN3qENEnTaIJi1f22qTBnbr0+foPQn03rEQNFRtXiM=)];1t;1c) for round 359
[2m2025-03-25T07:56:31.618335Z[0m [32m INFO[0m [1mnode[0m[1m{[0m[3mname[0m[2m=[0mk#8dcff6d1..[1m}[0m[2m:[0m [2mconsensus_core::core[0m[2m:[0m [2mconsensus/core/src/core.rs[0m[2m:[0m[2m630:[0m Committing 1 leaders: B357(B,Okf2)
[2m2025-03-25T07:56:31.618336Z[0m [32m INFO[0m [1mnode[0m[1m{[0m[3mname[0m[2m=[0mk#99f25ef6..[1m}[0m[2m:[0m [2mconsensus_core::core[0m[2m:[0m [2mconsensus/core/src/core.rs[0m[2m:[0m[2m630:[0m Committing 1 leaders: B357(B,Okf2)
[2m2025-03-25T07:56:31.618405Z[0m [32m INFO[0m [1mnode[0m[1m{[0m[3mname[0m[2m=[0mk#8dcff6d1..[1m}[0m[2m:[0m [2mconsensus_core::commit_observer[0m[2m:[0m [2mconsensus/core/src/commit_observer.rs[0m[2m:[0m[2m173:[0m Consensus commit C347(jpAL) with leader B357(B,Okf2) has 3 blocks
[2m2025-03-25T07:56:31.618406Z[0m [32m INFO[0m [1mnode[0m[1m{[0m[3mname[0m[2m=[0mk#99f25ef6..[1m}[0m[2m:[0m [2mconsensus_core::commit_observer[0m[2m:[0m [2mconsensus/core/src/commit_observer.rs[0m[2m:[0m[2m173:[0m Consensus commit C347(jpAL) with leader B357(B,Okf2) has 3 blocks
[2m2025-03-25T07:56:31.618491Z[0m [32m INFO[0m [1mnode[0m[1m{[0m[3mname[0m[2m=[0mk#8dcff6d1..[1m}[0m[2m:[0m [2msui_core::consensus_handler[0m[2m:[0m [2mcrates/sui-core/src/consensus_handler.rs[0m[2m:[0m[2m232:[0m Received consensus output [3mconsensus_commit[0m[2m=[0mCommittedSubDag(leader=B357(B,Okf2), ref=C347(jpAL), blocks=[aMOg, RKwQ, Okf2]) [3mepoch[0m[2m=[0m1
[2m2025-03-25T07:56:31.618491Z[0m [32m INFO[0m [1mnode[0m[1m{[0m[3mname[0m[2m=[0mk#99f25ef6..[1m}[0m[2m:[0m [2msui_core::consensus_handler[0m[2m:[0m [2mcrates/sui-core/src/consensus_handler.rs[0m[2m:[0m[2m232:[0m Received consensus output [3mconsensus_commit[0m[2m=[0mCommittedSubDag(leader=B357(B,Okf2), ref=C347(jpAL), blocks=[aMOg, RKwQ, Okf2]) [3mepoch[0m[2m=[0m1
[2m2025-03-25T07:56:31.622159Z[0m [32m INFO[0m [1mnode[0m[1m{[0m[3mname[0m[2m=[0mk#addeef94..[1m}[0m[2m:[0m [2mconsensus_core::core[0m[2m:[0m [2mconsensus/core/src/core.rs[0m[2m:[0m[2m630:[0m Committing 1 leaders: B357(B,Okf2)
[2m2025-03-25T07:56:31.622249Z[0m [32m INFO[0m [1mnode[0m[1m{[0m[3mname[0m[2m=[0mk#addeef94..[1m}[0m[2m:[0m [2mconsensus_core::commit_observer[0m[2m:[0m [2mconsensus/core/src/commit_observer.rs[0m[2m:[0m[2m173:[0m Consensus commit C347(jpAL) with leader B357(B,Okf2) has 3 blocks
[2m2025-03-25T07:56:31.622372Z[0m [32m INFO[0m [1mnode[0m[1m{[0m[3mname[0m[2m=[0mk#addeef94..[1m}[0m[2m:[0m [2msui_core::consensus_handler[0m[2m:[0m [2mcrates/sui-core/src/consensus_handler.rs[0m[2m:[0m[2m232:[0m Received consensus output [3mconsensus_commit[0m[2m=[0mCommittedSubDag(leader=B357(B,Okf2), ref=C347(jpAL), blocks=[aMOg, RKwQ, Okf2]) [3mepoch[0m[2m=[0m1
[2m2025-03-25T07:56:31.645208Z[0m [32m INFO[0m [1mnode[0m[1m{[0m[3mname[0m[2m=[0mk#8dcff6d1..[1m}[0m[2m:[0m [2msui_core::checkpoints[0m[2m:[0m [2mcrates/sui-core/src/checkpoints/mod.rs[0m[2m:[0m[2m1326:[0m Creating checkpoint(s) for 2 transactions [3mnext_checkpoint_seq[0m[2m=[0m560 [3mcheckpoint_timestamp[0m[2m=[0m1742889391108
[2m2025-03-25T07:56:31.645207Z[0m [32m INFO[0m [1mnode[0m[1m{[0m[3mname[0m[2m=[0mk#99f25ef6..[1m}[0m[2m:[0m [2msui_core::checkpoints[0m[2m:[0m [2mcrates/sui-core/src/checkpoints/mod.rs[0m[2m:[0m[2m1326:[0m Creating checkpoint(s) for 2 transactions [3mnext_checkpoint_seq[0m[2m=[0m560 [3mcheckpoint_timestamp[0m[2m=[0m1742889391108
[2m2025-03-25T07:56:31.645527Z[0m [32m INFO[0m [1mnode[0m[1m{[0m[3mname[0m[2m=[0mk#99f25ef6..[1m}[0m[2m:[0m [2msui_core::checkpoints::checkpoint_output[0m[2m:[0m [2mcrates/sui-core/src/checkpoints/checkpoint_output.rs[0m[2m:[0m[2m149:[0m Creating checkpoint CheckpointDigest(7tNRaZycXghhg3BNfDZtfVeKbZ3gf1TvkFtM7amggHFx) at epoch 1, sequence 560, previous digest Some(CheckpointDigest(4hfykDrYZ5Hzg2HFYMwoMGkoNq8wMZJX9os9jg534N6N)), transactions count 2, content digest CheckpointContentsDigest(A8ma5pb1i1Hiv6EGf4aBTNVDGNGQpcJ5jVpPfK6Mbx2j), end_of_epoch_data None
[2m2025-03-25T07:56:31.645527Z[0m [32m INFO[0m [1mnode[0m[1m{[0m[3mname[0m[2m=[0mk#8dcff6d1..[1m}[0m[2m:[0m [2msui_core::checkpoints::checkpoint_output[0m[2m:[0m [2mcrates/sui-core/src/checkpoints/checkpoint_output.rs[0m[2m:[0m[2m149:[0m Creating checkpoint CheckpointDigest(7tNRaZycXghhg3BNfDZtfVeKbZ3gf1TvkFtM7amggHFx) at epoch 1, sequence 560, previous digest Some(CheckpointDigest(4hfykDrYZ5Hzg2HFYMwoMGkoNq8wMZJX9os9jg534N6N)), transactions count 2, content digest CheckpointContentsDigest(A8ma5pb1i1Hiv6EGf4aBTNVDGNGQpcJ5jVpPfK6Mbx2j), end_of_epoch_data None
[2m2025-03-25T07:56:31.648288Z[0m [32m INFO[0m [1mnode[0m[1m{[0m[3mname[0m[2m=[0mk#addeef94..[1m}[0m[2m:[0m [2msui_core::checkpoints[0m[2m:[0m [2mcrates/sui-core/src/checkpoints/mod.rs[0m[2m:[0m[2m1326:[0m Creating checkpoint(s) for 2 transactions [3mnext_checkpoint_seq[0m[2m=[0m560 [3mcheckpoint_timestamp[0m[2m=[0m1742889391108
[2m2025-03-25T07:56:31.648533Z[0m [32m INFO[0m [1mnode[0m[1m{[0m[3mname[0m[2m=[0mk#addeef94..[1m}[0m[2m:[0m [2msui_core::checkpoints::checkpoint_output[0m[2m:[0m [2mcrates/sui-core/src/checkpoints/checkpoint_output.rs[0m[2m:[0m[2m149:[0m Creating checkpoint CheckpointDigest(7tNRaZycXghhg3BNfDZtfVeKbZ3gf1TvkFtM7amggHFx) at epoch 1, sequence 560, previous digest Some(CheckpointDigest(4hfykDrYZ5Hzg2HFYMwoMGkoNq8wMZJX9os9jg534N6N)), transactions count 2, content digest CheckpointContentsDigest(A8ma5pb1i1Hiv6EGf4aBTNVDGNGQpcJ5jVpPfK6Mbx2j), end_of_epoch_data None
[2m2025-03-25T07:56:31.648657Z[0m [32m INFO[0m [1mnode[0m[1m{[0m[3mname[0m[2m=[0mk#8dcff6d1..[1m}[0m[2m:[0m [2msui_core::checkpoints::checkpoint_output[0m[2m:[0m [2mcrates/sui-core/src/checkpoints/checkpoint_output.rs[0m[2m:[0m[2m196:[0m Certified checkpoint with sequence 559 and digest 4hfykDrYZ5Hzg2HFYMwoMGkoNq8wMZJX9os9jg534N6N
[2m2025-03-25T07:56:31.648663Z[0m [32m INFO[0m [1mnode[0m[1m{[0m[3mname[0m[2m=[0mk#99f25ef6..[1m}[0m[2m:[0m [2msui_core::checkpoints::checkpoint_output[0m[2m:[0m [2mcrates/sui-core/src/checkpoints/checkpoint_output.rs[0m[2m:[0m[2m196:[0m Certified checkpoint with sequence 559 and digest 4hfykDrYZ5Hzg2HFYMwoMGkoNq8wMZJX9os9jg534N6N
[2m2025-03-25T07:56:31.649117Z[0m [32m INFO[0m [1mnode[0m[1m{[0m[3mname[0m[2m=[0mk#8dcff6d1..[1m}[0m[2m:[0m [2msui_core::checkpoints::checkpoint_executor[0m[2m:[0m [2mcrates/sui-core/src/checkpoints/checkpoint_executor/mod.rs[0m[2m:[0m[2m332:[0m Received checkpoint summary from state sync [3msequence_number[0m[2m=[0m559
[2m2025-03-25T07:56:31.649117Z[0m [32m INFO[0m [1mnode[0m[1m{[0m[3mname[0m[2m=[0mk#99f25ef6..[1m}[0m[2m:[0m [2msui_core::checkpoints::checkpoint_executor[0m[2m:[0m [2mcrates/sui-core/src/checkpoints/checkpoint_executor/mod.rs[0m[2m:[0m[2m332:[0m Received checkpoint summary from state sync [3msequence_number[0m[2m=[0m559
[2m2025-03-25T07:56:31.650307Z[0m [32m INFO[0m [1mnode[0m[1m{[0m[3mname[0m[2m=[0mk#8dcff6d1..[1m}[0m[2m:[0m [2msui_core::state_accumulator[0m[2m:[0m [2mcrates/sui-core/src/state_accumulator.rs[0m[2m:[0m[2m675:[0m accumulating running root for checkpoint 559
[2m2025-03-25T07:56:31.650307Z[0m [32m INFO[0m [1mnode[0m[1m{[0m[3mname[0m[2m=[0mk#99f25ef6..[1m}[0m[2m:[0m [2msui_core::state_accumulator[0m[2m:[0m [2mcrates/sui-core/src/state_accumulator.rs[0m[2m:[0m[2m675:[0m accumulating running root for checkpoint 559
[2m2025-03-25T07:56:31.652452Z[0m [32m INFO[0m [1mnode[0m[1m{[0m[3mname[0m[2m=[0mk#addeef94..[1m}[0m[2m:[0m [2msui_core::checkpoints::checkpoint_executor[0m[2m:[0m [2mcrates/sui-core/src/checkpoints/checkpoint_executor/mod.rs[0m[2m:[0m[2m332:[0m Received checkpoint summary from state sync [3msequence_number[0m[2m=[0m559
[2m2025-03-25T07:56:31.653151Z[0m [32m INFO[0m [1mnode[0m[1m{[0m[3mname[0m[2m=[0mk#addeef94..[1m}[0m[2m:[0m [2msui_core::state_accumulator[0m[2m:[0m [2mcrates/sui-core/src/state_accumulator.rs[0m[2m:[0m[2m675:[0m accumulating running root for checkpoint 559
[2m2025-03-25T07:56:31.656553Z[0m [33m WARN[0m [1mnode[0m[1m{[0m[3mname[0m[2m=[0mk#addeef94..[1m}[0m[2m:[0m[1mjwk_updater_task[0m[1m{[0m[3mepoch[0m[2m=[0m1[1m}[0m[2m:[0m [2msui_node[0m[2m:[0m [2mcrates/sui-node/src/lib.rs[0m[2m:[0m[2m381:[0m Error when fetching JWK for provider Arden JWKRetrievalError
[2m2025-03-25T07:56:31.700929Z[0m [33m WARN[0m [1mnode[0m[1m{[0m[3mname[0m[2m=[0mk#8dcff6d1..[1m}[0m[2m:[0m[1mjwk_updater_task[0m[1m{[0m[3mepoch[0m[2m=[0m1[1m}[0m[2m:[0m [2msui_node[0m[2m:[0m [2mcrates/sui-node/src/lib.rs[0m[2m:[0m[2m381:[0m Error when fetching JWK for provider Arden JWKRetrievalError
[2m2025-03-25T07:56:31.769589Z[0m [33m WARN[0m [1mnode[0m[1m{[0m[3mname[0m[2m=[0mk#8dcff6d1..[1m}[0m[2m:[0m[1mjwk_updater_task[0m[1m{[0m[3mepoch[0m[2m=[0m1[1m}[0m[2m:[0m [2msui_node[0m[2m:[0m [2mcrates/sui-node/src/lib.rs[0m[2m:[0m[2m381:[0m Error when fetching JWK for provider AwsTenant(("us-east-1", "us-east-1_LPSLCkC3A")) JWKRetrievalError
[2m2025-03-25T07:56:31.769643Z[0m [33m WARN[0m [1mnode[0m[1m{[0m[3mname[0m[2m=[0mk#addeef94..[1m}[0m[2m:[0m[1mjwk_updater_task[0m[1m{[0m[3mepoch[0m[2m=[0m1[1m}[0m[2m:[0m [2msui_node[0m[2m:[0m [2mcrates/sui-node/src/lib.rs[0m[2m:[0m[2m381:[0m Error when fetching JWK for provider AwsTenant(("us-east-1", "us-east-1_LPSLCkC3A")) JWKRetrievalError
[2m2025-03-25T07:56:31.870881Z[0m [32m INFO[0m [1mnode[0m[1m{[0m[3mname[0m[2m=[0mk#8dcff6d1..[1m}[0m[2m:[0m [2mconsensus_core::core[0m[2m:[0m [2mconsensus/core/src/core.rs[0m[2m:[0m[2m945:[0m Included 3 ancestors & excluded 0 ancestors for proposal in round 360
[2m2025-03-25T07:56:31.870881Z[0m [32m INFO[0m [1mnode[0m[1m{[0m[3mname[0m[2m=[0mk#99f25ef6..[1m}[0m[2m:[0m [2mconsensus_core::core[0m[2m:[0m [2mconsensus/core/src/core.rs[0m[2m:[0m[2m945:[0m Included 3 ancestors & excluded 0 ancestors for proposal in round 360
[2m2025-03-25T07:56:31.871289Z[0m [32m INFO[0m [1mnode[0m[1m{[0m[3mname[0m[2m=[0mk#8dcff6d1..[1m}[0m[2m:[0m [2mconsensus_core::core[0m[2m:[0m [2mconsensus/core/src/core.rs[0m[2m:[0m[2m531:[0m Created block B360(A,8xA4Gt43JEdOqXG22kY6e6uH7ju+CKeSIB0Yf3xtu7U=)(1742889391871ms;[B359(A,rm9Kgi4F7Uhm+Uf6uVxpNMrVVzlyW4WkXcsxow2D82c=), B359(B,rF7YrhephwcmDW7xZMKGNUnZL8kEGUcj3Ku/sfOwdfA=), B359(C,IpX7ycdo6Hp/RkUzGsPWenqAz6zEXeagA6UUloC/fSw=)];1t;1c) for round 360
[2m2025-03-25T07:56:31.871289Z[0m [32m INFO[0m [1mnode[0m[1m{[0m[3mname[0m[2m=[0mk#99f25ef6..[1m}[0m[2m:[0m [2mconsensus_core::core[0m[2m:[0m [2mconsensus/core/src/core.rs[0m[2m:[0m[2m531:[0m Created block B360(B,ILoXwjpxIOa+/V3O0BZVgrZ1JY7JYpTyYJJt0TazGvw=)(1742889391871ms;[B359(B,rF7YrhephwcmDW7xZMKGNUnZL8kEGUcj3Ku/sfOwdfA=), B359(A,rm9Kgi4F7Uhm+Uf6uVxpNMrVVzlyW4WkXcsxow2D82c=), B359(C,IpX7ycdo6Hp/RkUzGsPWenqAz6zEXeagA6UUloC/fSw=)];1t;1c) for round 360
[2m2025-03-25T07:56:31.874398Z[0m [32m INFO[0m [1mnode[0m[1m{[0m[3mname[0m[2m=[0mk#addeef94..[1m}[0m[2m:[0m [2mconsensus_core::core[0m[2m:[0m [2mconsensus/core/src/core.rs[0m[2m:[0m[2m945:[0m Included 3 ancestors & excluded 0 ancestors for proposal in round 360
[2m2025-03-25T07:56:31.874690Z[0m [32m INFO[0m [1mnode[0m[1m{[0m[3mname[0m[2m=[0mk#addeef94..[1m}[0m[2m:[0m [2mconsensus_core::core[0m[2m:[0m [2mconsensus/core/src/core.rs[0m[2m:[0m[2m531:[0m Created block B360(C,WbdKX+QBZuxOimaAlTCMZgWDMloTa0dvmInJBrnHZs0=)(1742889391874ms;[B359(C,IpX7ycdo6Hp/RkUzGsPWenqAz6zEXeagA6UUloC/fSw=), B359(A,rm9Kgi4F7Uhm+Uf6uVxpNMrVVzlyW4WkXcsxow2D82c=), B359(B,rF7YrhephwcmDW7xZMKGNUnZL8kEGUcj3Ku/sfOwdfA=)];1t;1c) for round 360
[2m2025-03-25T07:56:31.874758Z[0m [32m INFO[0m [1mnode[0m[1m{[0m[3mname[0m[2m=[0mk#addeef94..[1m}[0m[2m:[0m [2mconsensus_core::core[0m[2m:[0m [2mconsensus/core/src/core.rs[0m[2m:[0m[2m630:[0m Committing 1 leaders: B358(A,pZDx)
[2m2025-03-25T07:56:31.874823Z[0m [32m INFO[0m [1mnode[0m[1m{[0m[3mname[0m[2m=[0mk#addeef94..[1m}[0m[2m:[0m [2mconsensus_core::commit_observer[0m[2m:[0m [2mconsensus/core/src/commit_observer.rs[0m[2m:[0m[2m173:[0m Consensus commit C348(xQ36) with leader B358(A,pZDx) has 2 blocks
[2m2025-03-25T07:56:31.875054Z[0m [32m INFO[0m [1mnode[0m[1m{[0m[3mname[0m[2m=[0mk#addeef94..[1m}[0m[2m:[0m [2msui_core::consensus_handler[0m[2m:[0m [2mcrates/sui-core/src/consensus_handler.rs[0m[2m:[0m[2m232:[0m Received consensus output [3mconsensus_commit[0m[2m=[0mCommittedSubDag(leader=B358(A,pZDx), ref=C348(xQ36), blocks=[DOtQ, pZDx]) [3mepoch[0m[2m=[0m1
[2m2025-03-25T07:56:31.878143Z[0m [32m INFO[0m [1mnode[0m[1m{[0m[3mname[0m[2m=[0mk#8dcff6d1..[1m}[0m[2m:[0m [2msui_core::checkpoints::checkpoint_output[0m[2m:[0m [2mcrates/sui-core/src/checkpoints/checkpoint_output.rs[0m[2m:[0m[2m196:[0m Certified checkpoint with sequence 560 and digest 7tNRaZycXghhg3BNfDZtfVeKbZ3gf1TvkFtM7amggHFx
[2m2025-03-25T07:56:31.878149Z[0m [32m INFO[0m [1mnode[0m[1m{[0m[3mname[0m[2m=[0mk#99f25ef6..[1m}[0m[2m:[0m [2msui_core::checkpoints::checkpoint_output[0m[2m:[0m [2mcrates/sui-core/src/checkpoints/checkpoint_output.rs[0m[2m:[0m[2m196:[0m Certified checkpoint with sequence 560 and digest 7tNRaZycXghhg3BNfDZtfVeKbZ3gf1TvkFtM7amggHFx
[2m2025-03-25T07:56:31.878252Z[0m [32m INFO[0m [1mnode[0m[1m{[0m[3mname[0m[2m=[0mk#8dcff6d1..[1m}[0m[2m:[0m [2mconsensus_core::core[0m[2m:[0m [2mconsensus/core/src/core.rs[0m[2m:[0m[2m630:[0m Committing 1 leaders: B358(A,pZDx)
[2m2025-03-25T07:56:31.878256Z[0m [32m INFO[0m [1mnode[0m[1m{[0m[3mname[0m[2m=[0mk#99f25ef6..[1m}[0m[2m:[0m [2mconsensus_core::core[0m[2m:[0m [2mconsensus/core/src/core.rs[0m[2m:[0m[2m630:[0m Committing 1 leaders: B358(A,pZDx)
[2m2025-03-25T07:56:31.878348Z[0m [32m INFO[0m [1mnode[0m[1m{[0m[3mname[0m[2m=[0mk#8dcff6d1..[1m}[0m[2m:[0m [2mconsensus_core::commit_observer[0m[2m:[0m [2mconsensus/core/src/commit_observer.rs[0m[2m:[0m[2m173:[0m Consensus commit C348(xQ36) with leader B358(A,pZDx) has 2 blocks
[2m2025-03-25T07:56:31.878361Z[0m [32m INFO[0m [1mnode[0m[1m{[0m[3mname[0m[2m=[0mk#99f25ef6..[1m}[0m[2m:[0m [2mconsensus_core::commit_observer[0m[2m:[0m [2mconsensus/core/src/commit_observer.rs[0m[2m:[0m[2m173:[0m Consensus commit C348(xQ36) with leader B358(A,pZDx) has 2 blocks
[2m2025-03-25T07:56:31.878804Z[0m [32m INFO[0m [1mnode[0m[1m{[0m[3mname[0m[2m=[0mk#8dcff6d1..[1m}[0m[2m:[0m [2msui_core::consensus_handler[0m[2m:[0m [2mcrates/sui-core/src/consensus_handler.rs[0m[2m:[0m[2m232:[0m Received consensus output [3mconsensus_commit[0m[2m=[0mCommittedSubDag(leader=B358(A,pZDx), ref=C348(xQ36), blocks=[DOtQ, pZDx]) [3mepoch[0m[2m=[0m1
[2m2025-03-25T07:56:31.878805Z[0m [32m INFO[0m [1mnode[0m[1m{[0m[3mname[0m[2m=[0mk#99f25ef6..[1m}[0m[2m:[0m [2msui_core::consensus_handler[0m[2m:[0m [2mcrates/sui-core/src/consensus_handler.rs[0m[2m:[0m[2m232:[0m Received consensus output [3mconsensus_commit[0m[2m=[0mCommittedSubDag(leader=B358(A,pZDx), ref=C348(xQ36), blocks=[DOtQ, pZDx]) [3mepoch[0m[2m=[0m1
[2m2025-03-25T07:56:31.879424Z[0m [32m INFO[0m [1mnode[0m[1m{[0m[3mname[0m[2m=[0mk#8dcff6d1..[1m}[0m[2m:[0m [2msui_core::checkpoints::checkpoint_executor[0m[2m:[0m [2mcrates/sui-core/src/checkpoints/checkpoint_executor/mod.rs[0m[2m:[0m[2m332:[0m Received checkpoint summary from state sync [3msequence_number[0m[2m=[0m560
[2m2025-03-25T07:56:31.879425Z[0m [32m INFO[0m [1mnode[0m[1m{[0m[3mname[0m[2m=[0mk#99f25ef6..[1m}[0m[2m:[0m [2msui_core::checkpoints::checkpoint_executor[0m[2m:[0m [2mcrates/sui-core/src/checkpoints/checkpoint_executor/mod.rs[0m[2m:[0m[2m332:[0m Received checkpoint summary from state sync [3msequence_number[0m[2m=[0m560
[2m2025-03-25T07:56:31.893025Z[0m [32m INFO[0m [1mnode[0m[1m{[0m[3mname[0m[2m=[0mk#8dcff6d1..[1m}[0m[2m:[0m [2msui_core::state_accumulator[0m[2m:[0m [2mcrates/sui-core/src/state_accumulator.rs[0m[2m:[0m[2m675:[0m accumulating running root for checkpoint 560
[2m2025-03-25T07:56:31.893026Z[0m [32m INFO[0m [1mnode[0m[1m{[0m[3mname[0m[2m=[0mk#99f25ef6..[1m}[0m[2m:[0m [2msui_core::state_accumulator[0m[2m:[0m [2mcrates/sui-core/src/state_accumulator.rs[0m[2m:[0m[2m675:[0m accumulating running root for checkpoint 560
[2m2025-03-25T07:56:31.919120Z[0m [32m INFO[0m [1mnode[0m[1m{[0m[3mname[0m[2m=[0mk#addeef94..[1m}[0m[2m:[0m [2msui_core::checkpoints[0m[2m:[0m [2mcrates/sui-core/src/checkpoints/mod.rs[0m[2m:[0m[2m1326:[0m Creating checkpoint(s) for 1 transactions [3mnext_checkpoint_seq[0m[2m=[0m561 [3mcheckpoint_timestamp[0m[2m=[0m1742889391362
[2m2025-03-25T07:56:31.919343Z[0m [32m INFO[0m [1mnode[0m[1m{[0m[3mname[0m[2m=[0mk#addeef94..[1m}[0m[2m:[0m [2msui_core::checkpoints::checkpoint_output[0m[2m:[0m [2mcrates/sui-core/src/checkpoints/checkpoint_output.rs[0m[2m:[0m[2m149:[0m Creating checkpoint CheckpointDigest(4drmzb9GfsTiSkyXQj5WVypchgxDiL25iNd855W29AHT) at epoch 1, sequence 561, previous digest Some(CheckpointDigest(7tNRaZycXghhg3BNfDZtfVeKbZ3gf1TvkFtM7amggHFx)), transactions count 1, content digest CheckpointContentsDigest(46KNRcWNFjxYPndFj7VaBNYxoSsj3yMUaz9nhcQs8YcE), end_of_epoch_data None
[2m2025-03-25T07:56:31.923967Z[0m [32m INFO[0m [1mnode[0m[1m{[0m[3mname[0m[2m=[0mk#8dcff6d1..[1m}[0m[2m:[0m [2msui_core::checkpoints[0m[2m:[0m [2mcrates/sui-core/src/checkpoints/mod.rs[0m[2m:[0m[2m1326:[0m Creating checkpoint(s) for 1 transactions [3mnext_checkpoint_seq[0m[2m=[0m561 [3mcheckpoint_timestamp[0m[2m=[0m1742889391362
[2m2025-03-25T07:56:31.924135Z[0m [32m INFO[0m [1mnode[0m[1m{[0m[3mname[0m[2m=[0mk#99f25ef6..[1m}[0m[2m:[0m [2msui_core::checkpoints[0m[2m:[0m [2mcrates/sui-core/src/checkpoints/mod.rs[0m[2m:[0m[2m1326:[0m Creating checkpoint(s) for 1 transactions [3mnext_checkpoint_seq[0m[2m=[0m561 [3mcheckpoint_timestamp[0m[2m=[0m1742889391362
[2m2025-03-25T07:56:31.924143Z[0m [32m INFO[0m [1mnode[0m[1m{[0m[3mname[0m[2m=[0mk#8dcff6d1..[1m}[0m[2m:[0m [2msui_core::checkpoints::checkpoint_output[0m[2m:[0m [2mcrates/sui-core/src/checkpoints/checkpoint_output.rs[0m[2m:[0m[2m149:[0m Creating checkpoint CheckpointDigest(4drmzb9GfsTiSkyXQj5WVypchgxDiL25iNd855W29AHT) at epoch 1, sequence 561, previous digest Some(CheckpointDigest(7tNRaZycXghhg3BNfDZtfVeKbZ3gf1TvkFtM7amggHFx)), transactions count 1, content digest CheckpointContentsDigest(46KNRcWNFjxYPndFj7VaBNYxoSsj3yMUaz9nhcQs8YcE), end_of_epoch_data None
[2m2025-03-25T07:56:31.924307Z[0m [32m INFO[0m [1mnode[0m[1m{[0m[3mname[0m[2m=[0mk#99f25ef6..[1m}[0m[2m:[0m [2msui_core::checkpoints::checkpoint_output[0m[2m:[0m [2mcrates/sui-core/src/checkpoints/checkpoint_output.rs[0m[2m:[0m[2m149:[0m Creating checkpoint CheckpointDigest(4drmzb9GfsTiSkyXQj5WVypchgxDiL25iNd855W29AHT) at epoch 1, sequence 561, previous digest Some(CheckpointDigest(7tNRaZycXghhg3BNfDZtfVeKbZ3gf1TvkFtM7amggHFx)), transactions count 1, content digest CheckpointContentsDigest(46KNRcWNFjxYPndFj7VaBNYxoSsj3yMUaz9nhcQs8YcE), end_of_epoch_data None
[2m2025-03-25T07:56:31.985765Z[0m [32m INFO[0m [1mnode[0m[1m{[0m[3mname[0m[2m=[0mk#addeef94..[1m}[0m[2m:[0m [2msui_core::checkpoints::checkpoint_executor[0m[2m:[0m [2mcrates/sui-core/src/checkpoints/checkpoint_executor/mod.rs[0m[2m:[0m[2m332:[0m Received checkpoint summary from state sync [3msequence_number[0m[2m=[0m560
[2m2025-03-25T07:56:31.987239Z[0m [32m INFO[0m [1mnode[0m[1m{[0m[3mname[0m[2m=[0mk#addeef94..[1m}[0m[2m:[0m [2msui_core::state_accumulator[0m[2m:[0m [2mcrates/sui-core/src/state_accumulator.rs[0m[2m:[0m[2m675:[0m accumulating running root for checkpoint 560
[2m2025-03-25T07:56:32.127648Z[0m [32m INFO[0m [1mnode[0m[1m{[0m[3mname[0m[2m=[0mk#addeef94..[1m}[0m[2m:[0m [2mconsensus_core::core[0m[2m:[0m [2mconsensus/core/src/core.rs[0m[2m:[0m[2m945:[0m Included 3 ancestors & excluded 0 ancestors for proposal in round 361
[2m2025-03-25T07:56:32.128049Z[0m [32m INFO[0m [1mnode[0m[1m{[0m[3mname[0m[2m=[0mk#addeef94..[1m}[0m[2m:[0m [2mconsensus_core::core[0m[2m:[0m [2mconsensus/core/src/core.rs[0m[2m:[0m[2m531:[0m Created block B361(C,h2jtJVBwh3nA4i1pSuh4CtqsfEPSB8dqlPFOOfqnjhs=)(1742889392127ms;[B360(C,WbdKX+QBZuxOimaAlTCMZgWDMloTa0dvmInJBrnHZs0=), B360(A,8xA4Gt43JEdOqXG22kY6e6uH7ju+CKeSIB0Yf3xtu7U=), B360(B,ILoXwjpxIOa+/V3O0BZVgrZ1JY7JYpTyYJJt0TazGvw=)];1t;1c) for round 361
[2m2025-03-25T07:56:32.130097Z[0m [32m INFO[0m [1mnode[0m[1m{[0m[3mname[0m[2m=[0mk#99f25ef6..[1m}[0m[2m:[0m [2mconsensus_core::core[0m[2m:[0m [2mconsensus/core/src/core.rs[0m[2m:[0m[2m945:[0m Included 3 ancestors & excluded 0 ancestors for proposal in round 361
[2m2025-03-25T07:56:32.130097Z[0m [32m INFO[0m [1mnode[0m[1m{[0m[3mname[0m[2m=[0mk#8dcff6d1..[1m}[0m[2m:[0m [2mconsensus_core::core[0m[2m:[0m [2mconsensus/core/src/core.rs[0m[2m:[0m[2m945:[0m Included 3 ancestors & excluded 0 ancestors for proposal in round 361
[2m2025-03-25T07:56:32.130396Z[0m [32m INFO[0m [1mnode[0m[1m{[0m[3mname[0m[2m=[0mk#99f25ef6..[1m}[0m[2m:[0m [2mconsensus_core::core[0m[2m:[0m [2mconsensus/core/src/core.rs[0m[2m:[0m[2m531:[0m Created block B361(B,N4gerOtRgq4JKWUM7sMQXvmoLMeU/KTREZOZ0Ch+FzU=)(1742889392130ms;[B360(B,ILoXwjpxIOa+/V3O0BZVgrZ1JY7JYpTyYJJt0TazGvw=), B360(A,8xA4Gt43JEdOqXG22kY6e6uH7ju+CKeSIB0Yf3xtu7U=), B360(C,WbdKX+QBZuxOimaAlTCMZgWDMloTa0dvmInJBrnHZs0=)];1t;1c) for round 361
[2m2025-03-25T07:56:32.130399Z[0m [32m INFO[0m [1mnode[0m[1m{[0m[3mname[0m[2m=[0mk#8dcff6d1..[1m}[0m[2m:[0m [2mconsensus_core::core[0m[2m:[0m [2mconsensus/core/src/core.rs[0m[2m:[0m[2m531:[0m Created block B361(A,tD54pNh8dq6rp2y2GV3Sa/a+IJfCm3R6UCTLkLdbBC4=)(1742889392130ms;[B360(A,8xA4Gt43JEdOqXG22kY6e6uH7ju+CKeSIB0Yf3xtu7U=), B360(B,ILoXwjpxIOa+/V3O0BZVgrZ1JY7JYpTyYJJt0TazGvw=), B360(C,WbdKX+QBZuxOimaAlTCMZgWDMloTa0dvmInJBrnHZs0=)];1t;1c) for round 361
[2m2025-03-25T07:56:32.130469Z[0m [32m INFO[0m [1mnode[0m[1m{[0m[3mname[0m[2m=[0mk#99f25ef6..[1m}[0m[2m:[0m [2mconsensus_core::core[0m[2m:[0m [2mconsensus/core/src/core.rs[0m[2m:[0m[2m630:[0m Committing 1 leaders: B359(A,rm9K)
[2m2025-03-25T07:56:32.130469Z[0m [32m INFO[0m [1mnode[0m[1m{[0m[3mname[0m[2m=[0mk#8dcff6d1..[1m}[0m[2m:[0m [2mconsensus_core::core[0m[2m:[0m [2mconsensus/core/src/core.rs[0m[2m:[0m[2m630:[0m Committing 1 leaders: B359(A,rm9K)
[2m2025-03-25T07:56:32.130545Z[0m [32m INFO[0m [1mnode[0m[1m{[0m[3mname[0m[2m=[0mk#8dcff6d1..[1m}[0m[2m:[0m [2mconsensus_core::commit_observer[0m[2m:[0m [2mconsensus/core/src/commit_observer.rs[0m[2m:[0m[2m173:[0m Consensus commit C349(vkHf) with leader B359(A,rm9K) has 3 blocks
[2m2025-03-25T07:56:32.130545Z[0m [32m INFO[0m [1mnode[0m[1m{[0m[3mname[0m[2m=[0mk#99f25ef6..[1m}[0m[2m:[0m [2mconsensus_core::commit_observer[0m[2m:[0m [2mconsensus/core/src/commit_observer.rs[0m[2m:[0m[2m173:[0m Consensus commit C349(vkHf) with leader B359(A,rm9K) has 3 blocks
[2m2025-03-25T07:56:32.130640Z[0m [32m INFO[0m [1mnode[0m[1m{[0m[3mname[0m[2m=[0mk#99f25ef6..[1m}[0m[2m:[0m [2msui_core::consensus_handler[0m[2m:[0m [2mcrates/sui-core/src/consensus_handler.rs[0m[2m:[0m[2m232:[0m Received consensus output [3mconsensus_commit[0m[2m=[0mCommittedSubDag(leader=B359(A,rm9K), ref=C349(vkHf), blocks=[xb0z, fYN3, rm9K]) [3mepoch[0m[2m=[0m1
[2m2025-03-25T07:56:32.130640Z[0m [32m INFO[0m [1mnode[0m[1m{[0m[3mname[0m[2m=[0mk#8dcff6d1..[1m}[0m[2m:[0m [2msui_core::consensus_handler[0m[2m:[0m [2mcrates/sui-core/src/consensus_handler.rs[0m[2m:[0m[2m232:[0m Received consensus output [3mconsensus_commit[0m[2m=[0mCommittedSubDag(leader=B359(A,rm9K), ref=C349(vkHf), blocks=[xb0z, fYN3, rm9K]) [3mepoch[0m[2m=[0m1
[2m2025-03-25T07:56:32.134394Z[0m [32m INFO[0m [1mnode[0m[1m{[0m[3mname[0m[2m=[0mk#addeef94..[1m}[0m[2m:[0m [2mconsensus_core::core[0m[2m:[0m [2mconsensus/core/src/core.rs[0m[2m:[0m[2m630:[0m Committing 1 leaders: B359(A,rm9K)
[2m2025-03-25T07:56:32.134494Z[0m [32m INFO[0m [1mnode[0m[1m{[0m[3mname[0m[2m=[0mk#addeef94..[1m}[0m[2m:[0m [2mconsensus_core::commit_observer[0m[2m:[0m [2mconsensus/core/src/commit_observer.rs[0m[2m:[0m[2m173:[0m Consensus commit C349(vkHf) with leader B359(A,rm9K) has 3 blocks
[2m2025-03-25T07:56:32.134625Z[0m [32m INFO[0m [1mnode[0m[1m{[0m[3mname[0m[2m=[0mk#addeef94..[1m}[0m[2m:[0m [2msui_core::consensus_handler[0m[2m:[0m [2mcrates/sui-core/src/consensus_handler.rs[0m[2m:[0m[2m232:[0m Received consensus output [3mconsensus_commit[0m[2m=[0mCommittedSubDag(leader=B359(A,rm9K), ref=C349(vkHf), blocks=[xb0z, fYN3, rm9K]) [3mepoch[0m[2m=[0m1
[2m2025-03-25T07:56:32.157262Z[0m [32m INFO[0m [1mnode[0m[1m{[0m[3mname[0m[2m=[0mk#8dcff6d1..[1m}[0m[2m:[0m [2msui_core::checkpoints[0m[2m:[0m [2mcrates/sui-core/src/checkpoints/mod.rs[0m[2m:[0m[2m1326:[0m Creating checkpoint(s) for 2 transactions [3mnext_checkpoint_seq[0m[2m=[0m562 [3mcheckpoint_timestamp[0m[2m=[0m1742889391618
[2m2025-03-25T07:56:32.157263Z[0m [32m INFO[0m [1mnode[0m[1m{[0m[3mname[0m[2m=[0mk#99f25ef6..[1m}[0m[2m:[0m [2msui_core::checkpoints[0m[2m:[0m [2mcrates/sui-core/src/checkpoints/mod.rs[0m[2m:[0m[2m1326:[0m Creating checkpoint(s) for 2 transactions [3mnext_checkpoint_seq[0m[2m=[0m562 [3mcheckpoint_timestamp[0m[2m=[0m1742889391618
[2m2025-03-25T07:56:32.157572Z[0m [32m INFO[0m [1mnode[0m[1m{[0m[3mname[0m[2m=[0mk#99f25ef6..[1m}[0m[2m:[0m [2msui_core::checkpoints::checkpoint_output[0m[2m:[0m [2mcrates/sui-core/src/checkpoints/checkpoint_output.rs[0m[2m:[0m[2m149:[0m Creating checkpoint CheckpointDigest(3hsq6VUAetkrs8y8ttfx9K7UxWsYHq2675ipYQ7jEy46) at epoch 1, sequence 562, previous digest Some(CheckpointDigest(4drmzb9GfsTiSkyXQj5WVypchgxDiL25iNd855W29AHT)), transactions count 2, content digest CheckpointContentsDigest(8Fd8J42qf2hoyWW6SSXHUeq1GHd17RTVp8v1XqX4xCuS), end_of_epoch_data None
[2m2025-03-25T07:56:32.157572Z[0m [32m INFO[0m [1mnode[0m[1m{[0m[3mname[0m[2m=[0mk#8dcff6d1..[1m}[0m[2m:[0m [2msui_core::checkpoints::checkpoint_output[0m[2m:[0m [2mcrates/sui-core/src/checkpoints/checkpoint_output.rs[0m[2m:[0m[2m149:[0m Creating checkpoint CheckpointDigest(3hsq6VUAetkrs8y8ttfx9K7UxWsYHq2675ipYQ7jEy46) at epoch 1, sequence 562, previous digest Some(CheckpointDigest(4drmzb9GfsTiSkyXQj5WVypchgxDiL25iNd855W29AHT)), transactions count 2, content digest CheckpointContentsDigest(8Fd8J42qf2hoyWW6SSXHUeq1GHd17RTVp8v1XqX4xCuS), end_of_epoch_data None
[2m2025-03-25T07:56:32.160650Z[0m [32m INFO[0m [1mnode[0m[1m{[0m[3mname[0m[2m=[0mk#8dcff6d1..[1m}[0m[2m:[0m [2msui_core::checkpoints::checkpoint_output[0m[2m:[0m [2mcrates/sui-core/src/checkpoints/checkpoint_output.rs[0m[2m:[0m[2m196:[0m Certified checkpoint with sequence 561 and digest 4drmzb9GfsTiSkyXQj5WVypchgxDiL25iNd855W29AHT
[2m2025-03-25T07:56:32.160653Z[0m [32m INFO[0m [1mnode[0m[1m{[0m[3mname[0m[2m=[0mk#99f25ef6..[1m}[0m[2m:[0m [2msui_core::checkpoints::checkpoint_output[0m[2m:[0m [2mcrates/sui-core/src/checkpoints/checkpoint_output.rs[0m[2m:[0m[2m196:[0m Certified checkpoint with sequence 561 and digest 4drmzb9GfsTiSkyXQj5WVypchgxDiL25iNd855W29AHT
[2m2025-03-25T07:56:32.160689Z[0m [32m INFO[0m [1mnode[0m[1m{[0m[3mname[0m[2m=[0mk#addeef94..[1m}[0m[2m:[0m [2msui_core::checkpoints[0m[2m:[0m [2mcrates/sui-core/src/checkpoints/mod.rs[0m[2m:[0m[2m1326:[0m Creating checkpoint(s) for 2 transactions [3mnext_checkpoint_seq[0m[2m=[0m562 [3mcheckpoint_timestamp[0m[2m=[0m1742889391618
[2m2025-03-25T07:56:32.160943Z[0m [32m INFO[0m [1mnode[0m[1m{[0m[3mname[0m[2m=[0mk#addeef94..[1m}[0m[2m:[0m [2msui_core::checkpoints::checkpoint_output[0m[2m:[0m [2mcrates/sui-core/src/checkpoints/checkpoint_output.rs[0m[2m:[0m[2m149:[0m Creating checkpoint CheckpointDigest(3hsq6VUAetkrs8y8ttfx9K7UxWsYHq2675ipYQ7jEy46) at epoch 1, sequence 562, previous digest Some(CheckpointDigest(4drmzb9GfsTiSkyXQj5WVypchgxDiL25iNd855W29AHT)), transactions count 2, content digest CheckpointContentsDigest(8Fd8J42qf2hoyWW6SSXHUeq1GHd17RTVp8v1XqX4xCuS), end_of_epoch_data None
[2m2025-03-25T07:56:32.161099Z[0m [32m INFO[0m [1mnode[0m[1m{[0m[3mname[0m[2m=[0mk#99f25ef6..[1m}[0m[2m:[0m [2msui_core::checkpoints::checkpoint_executor[0m[2m:[0m [2mcrates/sui-core/src/checkpoints/checkpoint_executor/mod.rs[0m[2m:[0m[2m332:[0m Received checkpoint summary from state sync [3msequence_number[0m[2m=[0m561
[2m2025-03-25T07:56:32.161099Z[0m [32m INFO[0m [1mnode[0m[1m{[0m[3mname[0m[2m=[0mk#8dcff6d1..[1m}[0m[2m:[0m [2msui_core::checkpoints::checkpoint_executor[0m[2m:[0m [2mcrates/sui-core/src/checkpoints/checkpoint_executor/mod.rs[0m[2m:[0m[2m332:[0m Received checkpoint summary from state sync [3msequence_number[0m[2m=[0m561
[2m2025-03-25T07:56:32.162244Z[0m [32m INFO[0m [1mnode[0m[1m{[0m[3mname[0m[2m=[0mk#99f25ef6..[1m}[0m[2m:[0m [2msui_core::state_accumulator[0m[2m:[0m [2mcrates/sui-core/src/state_accumulator.rs[0m[2m:[0m[2m675:[0m accumulating running root for checkpoint 561
[2m2025-03-25T07:56:32.162244Z[0m [32m INFO[0m [1mnode[0m[1m{[0m[3mname[0m[2m=[0mk#8dcff6d1..[1m}[0m[2m:[0m [2msui_core::state_accumulator[0m[2m:[0m [2mcrates/sui-core/src/state_accumulator.rs[0m[2m:[0m[2m675:[0m accumulating running root for checkpoint 561
[2m2025-03-25T07:56:32.164420Z[0m [32m INFO[0m [1mnode[0m[1m{[0m[3mname[0m[2m=[0mk#addeef94..[1m}[0m[2m:[0m [2msui_core::checkpoints::checkpoint_executor[0m[2m:[0m [2mcrates/sui-core/src/checkpoints/checkpoint_executor/mod.rs[0m[2m:[0m[2m332:[0m Received checkpoint summary from state sync [3msequence_number[0m[2m=[0m561
[2m2025-03-25T07:56:32.165114Z[0m [32m INFO[0m [1mnode[0m[1m{[0m[3mname[0m[2m=[0mk#addeef94..[1m}[0m[2m:[0m [2msui_core::state_accumulator[0m[2m:[0m [2mcrates/sui-core/src/state_accumulator.rs[0m[2m:[0m[2m675:[0m accumulating running root for checkpoint 561
[2m2025-03-25T07:56:32.383217Z[0m [32m INFO[0m [1mnode[0m[1m{[0m[3mname[0m[2m=[0mk#99f25ef6..[1m}[0m[2m:[0m [2mconsensus_core::core[0m[2m:[0m [2mconsensus/core/src/core.rs[0m[2m:[0m[2m945:[0m Included 3 ancestors & excluded 0 ancestors for proposal in round 362
[2m2025-03-25T07:56:32.383544Z[0m [32m INFO[0m [1mnode[0m[1m{[0m[3mname[0m[2m=[0mk#8dcff6d1..[1m}[0m[2m:[0m [2mconsensus_core::core[0m[2m:[0m [2mconsensus/core/src/core.rs[0m[2m:[0m[2m945:[0m Included 3 ancestors & excluded 0 ancestors for proposal in round 362
[2m2025-03-25T07:56:32.383647Z[0m [32m INFO[0m [1mnode[0m[1m{[0m[3mname[0m[2m=[0mk#99f25ef6..[1m}[0m[2m:[0m [2mconsensus_core::core[0m[2m:[0m [2mconsensus/core/src/core.rs[0m[2m:[0m[2m531:[0m Created block B362(B,zVgmnMffAxI+TeQlGqaqZ1Xk+cRSZ2KztKTUNhFnR9I=)(1742889392383ms;[B361(B,N4gerOtRgq4JKWUM7sMQXvmoLMeU/KTREZOZ0Ch+FzU=), B361(A,tD54pNh8dq6rp2y2GV3Sa/a+IJfCm3R6UCTLkLdbBC4=), B361(C,h2jtJVBwh3nA4i1pSuh4CtqsfEPSB8dqlPFOOfqnjhs=)];1t;1c) for round 362
[2m2025-03-25T07:56:32.383872Z[0m [32m INFO[0m [1mnode[0m[1m{[0m[3mname[0m[2m=[0mk#8dcff6d1..[1m}[0m[2m:[0m [2mconsensus_core::core[0m[2m:[0m [2mconsensus/core/src/core.rs[0m[2m:[0m[2m531:[0m Created block B362(A,9cdUIK0yKBIvA/pKdPfbeVnjaULVQttwYD5i/Y9Xdkg=)(1742889392383ms;[B361(A,tD54pNh8dq6rp2y2GV3Sa/a+IJfCm3R6UCTLkLdbBC4=), B361(B,N4gerOtRgq4JKWUM7sMQXvmoLMeU/KTREZOZ0Ch+FzU=), B361(C,h2jtJVBwh3nA4i1pSuh4CtqsfEPSB8dqlPFOOfqnjhs=)];1t;1c) for round 362
[2m2025-03-25T07:56:32.386885Z[0m [32m INFO[0m [1mnode[0m[1m{[0m[3mname[0m[2m=[0mk#addeef94..[1m}[0m[2m:[0m [2mconsensus_core::core[0m[2m:[0m [2mconsensus/core/src/core.rs[0m[2m:[0m[2m945:[0m Included 3 ancestors & excluded 0 ancestors for proposal in round 362
[2m2025-03-25T07:56:32.387182Z[0m [32m INFO[0m [1mnode[0m[1m{[0m[3mname[0m[2m=[0mk#addeef94..[1m}[0m[2m:[0m [2mconsensus_core::core[0m[2m:[0m [2mconsensus/core/src/core.rs[0m[2m:[0m[2m531:[0m Created block B362(C,xTSLhq7jy3FCIoqmEbyybfKYeNUCZQkVEs7PRZNHap4=)(1742889392387ms;[B361(C,h2jtJVBwh3nA4i1pSuh4CtqsfEPSB8dqlPFOOfqnjhs=), B361(A,tD54pNh8dq6rp2y2GV3Sa/a+IJfCm3R6UCTLkLdbBC4=), B361(B,N4gerOtRgq4JKWUM7sMQXvmoLMeU/KTREZOZ0Ch+FzU=)];1t;1c) for round 362
[2m2025-03-25T07:56:32.387252Z[0m [32m INFO[0m [1mnode[0m[1m{[0m[3mname[0m[2m=[0mk#addeef94..[1m}[0m[2m:[0m [2mconsensus_core::core[0m[2m:[0m [2mconsensus/core/src/core.rs[0m[2m:[0m[2m630:[0m Committing 1 leaders: B360(C,WbdK)
[2m2025-03-25T07:56:32.387324Z[0m [32m INFO[0m [1mnode[0m[1m{[0m[3mname[0m[2m=[0mk#addeef94..[1m}[0m[2m:[0m [2mconsensus_core::commit_observer[0m[2m:[0m [2mconsensus/core/src/commit_observer.rs[0m[2m:[0m[2m173:[0m Consensus commit C350(1Pb0) with leader B360(C,WbdK) has 3 blocks
[2m2025-03-25T07:56:32.387562Z[0m [32m INFO[0m [1mnode[0m[1m{[0m[3mname[0m[2m=[0mk#addeef94..[1m}[0m[2m:[0m [2msui_core::consensus_handler[0m[2m:[0m [2mcrates/sui-core/src/consensus_handler.rs[0m[2m:[0m[2m232:[0m Received consensus output [3mconsensus_commit[0m[2m=[0mCommittedSubDag(leader=B360(C,WbdK), ref=C350(1Pb0), blocks=[rF7Y, IpX7, WbdK]) [3mepoch[0m[2m=[0m1
[2m2025-03-25T07:56:32.390728Z[0m [32m INFO[0m [1mnode[0m[1m{[0m[3mname[0m[2m=[0mk#99f25ef6..[1m}[0m[2m:[0m [2msui_core::checkpoints::checkpoint_output[0m[2m:[0m [2mcrates/sui-core/src/checkpoints/checkpoint_output.rs[0m[2m:[0m[2m196:[0m Certified checkpoint with sequence 562 and digest 3hsq6VUAetkrs8y8ttfx9K7UxWsYHq2675ipYQ7jEy46
[2m2025-03-25T07:56:32.390763Z[0m [32m INFO[0m [1mnode[0m[1m{[0m[3mname[0m[2m=[0mk#8dcff6d1..[1m}[0m[2m:[0m [2msui_core::checkpoints::checkpoint_output[0m[2m:[0m [2mcrates/sui-core/src/checkpoints/checkpoint_output.rs[0m[2m:[0m[2m196:[0m Certified checkpoint with sequence 562 and digest 3hsq6VUAetkrs8y8ttfx9K7UxWsYHq2675ipYQ7jEy46
[2m2025-03-25T07:56:32.390835Z[0m [32m INFO[0m [1mnode[0m[1m{[0m[3mname[0m[2m=[0mk#99f25ef6..[1m}[0m[2m:[0m [2mconsensus_core::core[0m[2m:[0m [2mconsensus/core/src/core.rs[0m[2m:[0m[2m630:[0m Committing 1 leaders: B360(C,WbdK)
[2m2025-03-25T07:56:32.390873Z[0m [32m INFO[0m [1mnode[0m[1m{[0m[3mname[0m[2m=[0mk#8dcff6d1..[1m}[0m[2m:[0m [2mconsensus_core::core[0m[2m:[0m [2mconsensus/core/src/core.rs[0m[2m:[0m[2m630:[0m Committing 1 leaders: B360(C,WbdK)
[2m2025-03-25T07:56:32.390938Z[0m [32m INFO[0m [1mnode[0m[1m{[0m[3mname[0m[2m=[0mk#99f25ef6..[1m}[0m[2m:[0m [2mconsensus_core::commit_observer[0m[2m:[0m [2mconsensus/core/src/commit_observer.rs[0m[2m:[0m[2m173:[0m Consensus commit C350(1Pb0) with leader B360(C,WbdK) has 3 blocks
[2m2025-03-25T07:56:32.390978Z[0m [32m INFO[0m [1mnode[0m[1m{[0m[3mname[0m[2m=[0mk#8dcff6d1..[1m}[0m[2m:[0m [2mconsensus_core::commit_observer[0m[2m:[0m [2mconsensus/core/src/commit_observer.rs[0m[2m:[0m[2m173:[0m Consensus commit C350(1Pb0) with leader B360(C,WbdK) has 3 blocks
[2m2025-03-25T07:56:32.391377Z[0m [32m INFO[0m [1mnode[0m[1m{[0m[3mname[0m[2m=[0mk#99f25ef6..[1m}[0m[2m:[0m [2msui_core::consensus_handler[0m[2m:[0m [2mcrates/sui-core/src/consensus_handler.rs[0m[2m:[0m[2m232:[0m Received consensus output [3mconsensus_commit[0m[2m=[0mCommittedSubDag(leader=B360(C,WbdK), ref=C350(1Pb0), blocks=[rF7Y, IpX7, WbdK]) [3mepoch[0m[2m=[0m1
[2m2025-03-25T07:56:32.391392Z[0m [32m INFO[0m [1mnode[0m[1m{[0m[3mname[0m[2m=[0mk#8dcff6d1..[1m}[0m[2m:[0m [2msui_core::consensus_handler[0m[2m:[0m [2mcrates/sui-core/src/consensus_handler.rs[0m[2m:[0m[2m232:[0m Received consensus output [3mconsensus_commit[0m[2m=[0mCommittedSubDag(leader=B360(C,WbdK), ref=C350(1Pb0), blocks=[rF7Y, IpX7, WbdK]) [3mepoch[0m[2m=[0m1
[2m2025-03-25T07:56:32.391976Z[0m [32m INFO[0m [1mnode[0m[1m{[0m[3mname[0m[2m=[0mk#99f25ef6..[1m}[0m[2m:[0m [2msui_core::checkpoints::checkpoint_executor[0m[2m:[0m [2mcrates/sui-core/src/checkpoints/checkpoint_executor/mod.rs[0m[2m:[0m[2m332:[0m Received checkpoint summary from state sync [3msequence_number[0m[2m=[0m562
[2m2025-03-25T07:56:32.391979Z[0m [32m INFO[0m [1mnode[0m[1m{[0m[3mname[0m[2m=[0mk#8dcff6d1..[1m}[0m[2m:[0m [2msui_core::checkpoints::checkpoint_executor[0m[2m:[0m [2mcrates/sui-core/src/checkpoints/checkpoint_executor/mod.rs[0m[2m:[0m[2m332:[0m Received checkpoint summary from state sync [3msequence_number[0m[2m=[0m562
[2m2025-03-25T07:56:32.405527Z[0m [32m INFO[0m [1mnode[0m[1m{[0m[3mname[0m[2m=[0mk#99f25ef6..[1m}[0m[2m:[0m [2msui_core::state_accumulator[0m[2m:[0m [2mcrates/sui-core/src/state_accumulator.rs[0m[2m:[0m[2m675:[0m accumulating running root for checkpoint 562
[2m2025-03-25T07:56:32.405529Z[0m [32m INFO[0m [1mnode[0m[1m{[0m[3mname[0m[2m=[0mk#8dcff6d1..[1m}[0m[2m:[0m [2msui_core::state_accumulator[0m[2m:[0m [2mcrates/sui-core/src/state_accumulator.rs[0m[2m:[0m[2m675:[0m accumulating running root for checkpoint 562
[2m2025-03-25T07:56:32.431765Z[0m [32m INFO[0m [1mnode[0m[1m{[0m[3mname[0m[2m=[0mk#addeef94..[1m}[0m[2m:[0m [2msui_core::checkpoints[0m[2m:[0m [2mcrates/sui-core/src/checkpoints/mod.rs[0m[2m:[0m[2m1326:[0m Creating checkpoint(s) for 1 transactions [3mnext_checkpoint_seq[0m[2m=[0m563 [3mcheckpoint_timestamp[0m[2m=[0m1742889391874
[2m2025-03-25T07:56:32.431994Z[0m [32m INFO[0m [1mnode[0m[1m{[0m[3mname[0m[2m=[0mk#addeef94..[1m}[0m[2m:[0m [2msui_core::checkpoints::checkpoint_output[0m[2m:[0m [2mcrates/sui-core/src/checkpoints/checkpoint_output.rs[0m[2m:[0m[2m149:[0m Creating checkpoint CheckpointDigest(G1ejwQ6aXZ3vgtQgX7uSyTmLcJFboekAVdGVbhFDxwRn) at epoch 1, sequence 563, previous digest Some(CheckpointDigest(3hsq6VUAetkrs8y8ttfx9K7UxWsYHq2675ipYQ7jEy46)), transactions count 1, content digest CheckpointContentsDigest(72patYqMPV47hMgzjbj5SB7Scp3HMdzxSWsWWgGeV1Bc), end_of_epoch_data None
[2m2025-03-25T07:56:32.436576Z[0m [32m INFO[0m [1mnode[0m[1m{[0m[3mname[0m[2m=[0mk#8dcff6d1..[1m}[0m[2m:[0m [2msui_core::checkpoints[0m[2m:[0m [2mcrates/sui-core/src/checkpoints/mod.rs[0m[2m:[0m[2m1326:[0m Creating checkpoint(s) for 1 transactions [3mnext_checkpoint_seq[0m[2m=[0m563 [3mcheckpoint_timestamp[0m[2m=[0m1742889391874
[2m2025-03-25T07:56:32.436632Z[0m [32m INFO[0m [1mnode[0m[1m{[0m[3mname[0m[2m=[0mk#99f25ef6..[1m}[0m[2m:[0m [2msui_core::checkpoints[0m[2m:[0m [2mcrates/sui-core/src/checkpoints/mod.rs[0m[2m:[0m[2m1326:[0m Creating checkpoint(s) for 1 transactions [3mnext_checkpoint_seq[0m[2m=[0m563 [3mcheckpoint_timestamp[0m[2m=[0m1742889391874
[2m2025-03-25T07:56:32.436766Z[0m [32m INFO[0m [1mnode[0m[1m{[0m[3mname[0m[2m=[0mk#8dcff6d1..[1m}[0m[2m:[0m [2msui_core::checkpoints::checkpoint_output[0m[2m:[0m [2mcrates/sui-core/src/checkpoints/checkpoint_output.rs[0m[2m:[0m[2m149:[0m Creating checkpoint CheckpointDigest(G1ejwQ6aXZ3vgtQgX7uSyTmLcJFboekAVdGVbhFDxwRn) at epoch 1, sequence 563, previous digest Some(CheckpointDigest(3hsq6VUAetkrs8y8ttfx9K7UxWsYHq2675ipYQ7jEy46)), transactions count 1, content digest CheckpointContentsDigest(72patYqMPV47hMgzjbj5SB7Scp3HMdzxSWsWWgGeV1Bc), end_of_epoch_data None
[2m2025-03-25T07:56:32.436808Z[0m [32m INFO[0m [1mnode[0m[1m{[0m[3mname[0m[2m=[0mk#99f25ef6..[1m}[0m[2m:[0m [2msui_core::checkpoints::checkpoint_output[0m[2m:[0m [2mcrates/sui-core/src/checkpoints/checkpoint_output.rs[0m[2m:[0m[2m149:[0m Creating checkpoint CheckpointDigest(G1ejwQ6aXZ3vgtQgX7uSyTmLcJFboekAVdGVbhFDxwRn) at epoch 1, sequence 563, previous digest Some(CheckpointDigest(3hsq6VUAetkrs8y8ttfx9K7UxWsYHq2675ipYQ7jEy46)), transactions count 1, content digest CheckpointContentsDigest(72patYqMPV47hMgzjbj5SB7Scp3HMdzxSWsWWgGeV1Bc), end_of_epoch_data None
[2m2025-03-25T07:56:32.453622Z[0m [32m INFO[0m [1mnode[0m[1m{[0m[3mname[0m[2m=[0mk#addeef94..[1m}[0m[2m:[0m [2msui_core::checkpoints::checkpoint_executor[0m[2m:[0m [2mcrates/sui-core/src/checkpoints/checkpoint_executor/mod.rs[0m[2m:[0m[2m332:[0m Received checkpoint summary from state sync [3msequence_number[0m[2m=[0m562
[2m2025-03-25T07:56:32.499708Z[0m [32m INFO[0m [1mnode[0m[1m{[0m[3mname[0m[2m=[0mk#addeef94..[1m}[0m[2m:[0m [2msui_core::state_accumulator[0m[2m:[0m [2mcrates/sui-core/src/state_accumulator.rs[0m[2m:[0m[2m675:[0m accumulating running root for checkpoint 562
[2m2025-03-25T07:56:32.627038Z[0m [32m INFO[0m [1mnode[0m[1m{[0m[3mname[0m[2m=[0mk#b3f3cbb4..[1m}[0m[2m:[0m[1mjson-rpc-request[0m[2m:[0m[1mdev_inspect_transaction_block[0m[1m{[0m[3msender_address[0m[2m=[0m0x0000000000000000000000000000000000000000000000000000000000000000 [3mtx_bytes[0m[2m=[0mBase64("AAMBAQAAAAAAAAAAAAAAAAAAAAAAAAAAAAAAAAAAAAAAAAAJAQAAAAAAAAABAAECAAgAAAAAAAAAAAEAAAAAAAAAAAAAAAAAAAAAAAAAAAAAAAAAAAAAAAAAAAsGYnJpZGdlIGdldF90b2tlbl90cmFuc2Zlcl9hY3Rpb25fc3RhdHVzAAMBAAABAQABAgA=") [3mgas_price[0m[2m=[0mNone [3m_epoch[0m[2m=[0mNone [3madditional_args[0m[2m=[0mNone[1m}[0m[2m:[0m [2msui_json_rpc::transaction_execution_api[0m[2m:[0m [2mcrates/sui-json-rpc/src/transaction_execution_api.rs[0m[2m:[0m[2m351:[0m RPC took longer than threshold to complete. [3melapsed[0m[2m=[0m1.536458042s
[2m2025-03-25T07:56:32.627892Z[0m [32m INFO[0m [1mhandle_execution_task[0m[1m{[0m[3maction_key[0m[2m=[0mBridgeActionKey(0,2,0) [3mattempt_times[0m[2m=[0m1[1m}[0m[2m:[0m [2msui_bridge::action_executor[0m[2m:[0m [2mcrates/sui-bridge/src/action_executor.rs[0m[2m:[0m[2m540:[0m Sending transaction to Sui [3mtx_digest[0m[2m=[0mTransactionDigest(GDSurpEu2x2PVvpwcUqP5MTXTQ8jWoYdMxzexGq3UM9X) [3mgas_object_ref[0m[2m=[0m(0x059c5b653da3f627ad85b7947a1634ad3055f81b24125b7d9b23178b0146bfc6, SequenceNumber(341), o#4ep4K212yQtPC23ghtw73sJ44qmqyajoXRf4wvuKq6mQ)
[2m2025-03-25T07:56:32.639106Z[0m [32m INFO[0m [1mnode[0m[1m{[0m[3mname[0m[2m=[0mk#addeef94..[1m}[0m[2m:[0m [2mconsensus_core::core[0m[2m:[0m [2mconsensus/core/src/core.rs[0m[2m:[0m[2m945:[0m Included 3 ancestors & excluded 0 ancestors for proposal in round 363
[2m2025-03-25T07:56:32.639463Z[0m [32m INFO[0m [1mnode[0m[1m{[0m[3mname[0m[2m=[0mk#addeef94..[1m}[0m[2m:[0m [2mconsensus_core::core[0m[2m:[0m [2mconsensus/core/src/core.rs[0m[2m:[0m[2m531:[0m Created block B363(C,t282oXferQR3QQB4ie8DgMxlefKiqDO8TBqs7oV02NU=)(1742889392639ms;[B362(C,xTSLhq7jy3FCIoqmEbyybfKYeNUCZQkVEs7PRZNHap4=), B362(A,9cdUIK0yKBIvA/pKdPfbeVnjaULVQttwYD5i/Y9Xdkg=), B362(B,zVgmnMffAxI+TeQlGqaqZ1Xk+cRSZ2KztKTUNhFnR9I=)];1t;1c) for round 363
[2m2025-03-25T07:56:32.642194Z[0m [32m INFO[0m [1mnode[0m[1m{[0m[3mname[0m[2m=[0mk#99f25ef6..[1m}[0m[2m:[0m [2mconsensus_core::core[0m[2m:[0m [2mconsensus/core/src/core.rs[0m[2m:[0m[2m945:[0m Included 3 ancestors & excluded 0 ancestors for proposal in round 363
[2m2025-03-25T07:56:32.642500Z[0m [32m INFO[0m [1mnode[0m[1m{[0m[3mname[0m[2m=[0mk#99f25ef6..[1m}[0m[2m:[0m [2mconsensus_core::core[0m[2m:[0m [2mconsensus/core/src/core.rs[0m[2m:[0m[2m531:[0m Created block B363(B,iJ5TSD7NpW4f8GqPCfz7efhBtB3th6cIZ0ffIuhPLqc=)(1742889392642ms;[B362(B,zVgmnMffAxI+TeQlGqaqZ1Xk+cRSZ2KztKTUNhFnR9I=), B362(A,9cdUIK0yKBIvA/pKdPfbeVnjaULVQttwYD5i/Y9Xdkg=), B362(C,xTSLhq7jy3FCIoqmEbyybfKYeNUCZQkVEs7PRZNHap4=)];1t;1c) for round 363
[2m2025-03-25T07:56:32.642579Z[0m [32m INFO[0m [1mnode[0m[1m{[0m[3mname[0m[2m=[0mk#99f25ef6..[1m}[0m[2m:[0m [2mconsensus_core::core[0m[2m:[0m [2mconsensus/core/src/core.rs[0m[2m:[0m[2m630:[0m Committing 1 leaders: B361(B,N4ge)
[2m2025-03-25T07:56:32.642663Z[0m [32m INFO[0m [1mnode[0m[1m{[0m[3mname[0m[2m=[0mk#99f25ef6..[1m}[0m[2m:[0m [2mconsensus_core::commit_observer[0m[2m:[0m [2mconsensus/core/src/commit_observer.rs[0m[2m:[0m[2m173:[0m Consensus commit C351(GpQQ) with leader B361(B,N4ge) has 3 blocks
[2m2025-03-25T07:56:32.642834Z[0m [32m INFO[0m [1mnode[0m[1m{[0m[3mname[0m[2m=[0mk#99f25ef6..[1m}[0m[2m:[0m [2msui_core::consensus_handler[0m[2m:[0m [2mcrates/sui-core/src/consensus_handler.rs[0m[2m:[0m[2m232:[0m Received consensus output [3mconsensus_commit[0m[2m=[0mCommittedSubDag(leader=B361(B,N4ge), ref=C351(GpQQ), blocks=[8xA4, ILoX, N4ge]) [3mepoch[0m[2m=[0m1
[2m2025-03-25T07:56:32.643356Z[0m [32m INFO[0m [1mnode[0m[1m{[0m[3mname[0m[2m=[0mk#8dcff6d1..[1m}[0m[2m:[0m [2mconsensus_core::core[0m[2m:[0m [2mconsensus/core/src/core.rs[0m[2m:[0m[2m945:[0m Included 3 ancestors & excluded 0 ancestors for proposal in round 363
[2m2025-03-25T07:56:32.643645Z[0m [32m INFO[0m [1mnode[0m[1m{[0m[3mname[0m[2m=[0mk#8dcff6d1..[1m}[0m[2m:[0m [2mconsensus_core::core[0m[2m:[0m [2mconsensus/core/src/core.rs[0m[2m:[0m[2m531:[0m Created block B363(A,hNzpptwtPY+zXoMwwMAuYP1CcxmlJqZz75TtjiUyr1w=)(1742889392643ms;[B362(A,9cdUIK0yKBIvA/pKdPfbeVnjaULVQttwYD5i/Y9Xdkg=), B362(B,zVgmnMffAxI+TeQlGqaqZ1Xk+cRSZ2KztKTUNhFnR9I=), B362(C,xTSLhq7jy3FCIoqmEbyybfKYeNUCZQkVEs7PRZNHap4=)];1t;1c) for round 363
[2m2025-03-25T07:56:32.643708Z[0m [32m INFO[0m [1mnode[0m[1m{[0m[3mname[0m[2m=[0mk#8dcff6d1..[1m}[0m[2m:[0m [2mconsensus_core::core[0m[2m:[0m [2mconsensus/core/src/core.rs[0m[2m:[0m[2m630:[0m Committing 1 leaders: B361(B,N4ge)
[2m2025-03-25T07:56:32.643771Z[0m [32m INFO[0m [1mnode[0m[1m{[0m[3mname[0m[2m=[0mk#8dcff6d1..[1m}[0m[2m:[0m [2mconsensus_core::commit_observer[0m[2m:[0m [2mconsensus/core/src/commit_observer.rs[0m[2m:[0m[2m173:[0m Consensus commit C351(GpQQ) with leader B361(B,N4ge) has 3 blocks
[2m2025-03-25T07:56:32.643846Z[0m [32m INFO[0m [1mnode[0m[1m{[0m[3mname[0m[2m=[0mk#8dcff6d1..[1m}[0m[2m:[0m [2msui_core::consensus_handler[0m[2m:[0m [2mcrates/sui-core/src/consensus_handler.rs[0m[2m:[0m[2m232:[0m Received consensus output [3mconsensus_commit[0m[2m=[0mCommittedSubDag(leader=B361(B,N4ge), ref=C351(GpQQ), blocks=[8xA4, ILoX, N4ge]) [3mepoch[0m[2m=[0m1
[2m2025-03-25T07:56:32.645370Z[0m [32m INFO[0m [1mnode[0m[1m{[0m[3mname[0m[2m=[0mk#addeef94..[1m}[0m[2m:[0m [2mconsensus_core::core[0m[2m:[0m [2mconsensus/core/src/core.rs[0m[2m:[0m[2m630:[0m Committing 1 leaders: B361(B,N4ge)
[2m2025-03-25T07:56:32.645460Z[0m [32m INFO[0m [1mnode[0m[1m{[0m[3mname[0m[2m=[0mk#addeef94..[1m}[0m[2m:[0m [2mconsensus_core::commit_observer[0m[2m:[0m [2mconsensus/core/src/commit_observer.rs[0m[2m:[0m[2m173:[0m Consensus commit C351(GpQQ) with leader B361(B,N4ge) has 3 blocks
[2m2025-03-25T07:56:32.645529Z[0m [32m INFO[0m [1mnode[0m[1m{[0m[3mname[0m[2m=[0mk#addeef94..[1m}[0m[2m:[0m [2msui_core::consensus_handler[0m[2m:[0m [2mcrates/sui-core/src/consensus_handler.rs[0m[2m:[0m[2m232:[0m Received consensus output [3mconsensus_commit[0m[2m=[0mCommittedSubDag(leader=B361(B,N4ge), ref=C351(GpQQ), blocks=[8xA4, ILoX, N4ge]) [3mepoch[0m[2m=[0m1
[2m2025-03-25T07:56:32.669505Z[0m [32m INFO[0m [1mnode[0m[1m{[0m[3mname[0m[2m=[0mk#99f25ef6..[1m}[0m[2m:[0m [2msui_core::checkpoints[0m[2m:[0m [2mcrates/sui-core/src/checkpoints/mod.rs[0m[2m:[0m[2m1326:[0m Creating checkpoint(s) for 2 transactions [3mnext_checkpoint_seq[0m[2m=[0m564 [3mcheckpoint_timestamp[0m[2m=[0m1742889392130
[2m2025-03-25T07:56:32.669717Z[0m [32m INFO[0m [1mnode[0m[1m{[0m[3mname[0m[2m=[0mk#8dcff6d1..[1m}[0m[2m:[0m [2msui_core::checkpoints[0m[2m:[0m [2mcrates/sui-core/src/checkpoints/mod.rs[0m[2m:[0m[2m1326:[0m Creating checkpoint(s) for 2 transactions [3mnext_checkpoint_seq[0m[2m=[0m564 [3mcheckpoint_timestamp[0m[2m=[0m1742889392130
[2m2025-03-25T07:56:32.669815Z[0m [32m INFO[0m [1mnode[0m[1m{[0m[3mname[0m[2m=[0mk#99f25ef6..[1m}[0m[2m:[0m [2msui_core::checkpoints::checkpoint_output[0m[2m:[0m [2mcrates/sui-core/src/checkpoints/checkpoint_output.rs[0m[2m:[0m[2m149:[0m Creating checkpoint CheckpointDigest(BF5NogMUMxZk3qnhn1f4Q14HfJrpcbfnsZmJ5Vk2B4BB) at epoch 1, sequence 564, previous digest Some(CheckpointDigest(G1ejwQ6aXZ3vgtQgX7uSyTmLcJFboekAVdGVbhFDxwRn)), transactions count 2, content digest CheckpointContentsDigest(kcvi862w7me8kBi22XtWLY6UNEHMfiJhnYQtAK94Yd8), end_of_epoch_data None
[2m2025-03-25T07:56:32.669959Z[0m [32m INFO[0m [1mnode[0m[1m{[0m[3mname[0m[2m=[0mk#8dcff6d1..[1m}[0m[2m:[0m [2msui_core::checkpoints::checkpoint_output[0m[2m:[0m [2mcrates/sui-core/src/checkpoints/checkpoint_output.rs[0m[2m:[0m[2m149:[0m Creating checkpoint CheckpointDigest(BF5NogMUMxZk3qnhn1f4Q14HfJrpcbfnsZmJ5Vk2B4BB) at epoch 1, sequence 564, previous digest Some(CheckpointDigest(G1ejwQ6aXZ3vgtQgX7uSyTmLcJFboekAVdGVbhFDxwRn)), transactions count 2, content digest CheckpointContentsDigest(kcvi862w7me8kBi22XtWLY6UNEHMfiJhnYQtAK94Yd8), end_of_epoch_data None
[2m2025-03-25T07:56:32.671353Z[0m [32m INFO[0m [1mnode[0m[1m{[0m[3mname[0m[2m=[0mk#addeef94..[1m}[0m[2m:[0m [2msui_core::checkpoints[0m[2m:[0m [2mcrates/sui-core/src/checkpoints/mod.rs[0m[2m:[0m[2m1326:[0m Creating checkpoint(s) for 2 transactions [3mnext_checkpoint_seq[0m[2m=[0m564 [3mcheckpoint_timestamp[0m[2m=[0m1742889392130
[2m2025-03-25T07:56:32.671593Z[0m [32m INFO[0m [1mnode[0m[1m{[0m[3mname[0m[2m=[0mk#addeef94..[1m}[0m[2m:[0m [2msui_core::checkpoints::checkpoint_output[0m[2m:[0m [2mcrates/sui-core/src/checkpoints/checkpoint_output.rs[0m[2m:[0m[2m149:[0m Creating checkpoint CheckpointDigest(BF5NogMUMxZk3qnhn1f4Q14HfJrpcbfnsZmJ5Vk2B4BB) at epoch 1, sequence 564, previous digest Some(CheckpointDigest(G1ejwQ6aXZ3vgtQgX7uSyTmLcJFboekAVdGVbhFDxwRn)), transactions count 2, content digest CheckpointContentsDigest(kcvi862w7me8kBi22XtWLY6UNEHMfiJhnYQtAK94Yd8), end_of_epoch_data None
[2m2025-03-25T07:56:32.672938Z[0m [32m INFO[0m [1mnode[0m[1m{[0m[3mname[0m[2m=[0mk#99f25ef6..[1m}[0m[2m:[0m [2msui_core::checkpoints::checkpoint_output[0m[2m:[0m [2mcrates/sui-core/src/checkpoints/checkpoint_output.rs[0m[2m:[0m[2m196:[0m Certified checkpoint with sequence 563 and digest G1ejwQ6aXZ3vgtQgX7uSyTmLcJFboekAVdGVbhFDxwRn
[2m2025-03-25T07:56:32.672941Z[0m [32m INFO[0m [1mnode[0m[1m{[0m[3mname[0m[2m=[0mk#8dcff6d1..[1m}[0m[2m:[0m [2msui_core::checkpoints::checkpoint_output[0m[2m:[0m [2mcrates/sui-core/src/checkpoints/checkpoint_output.rs[0m[2m:[0m[2m196:[0m Certified checkpoint with sequence 563 and digest G1ejwQ6aXZ3vgtQgX7uSyTmLcJFboekAVdGVbhFDxwRn
[2m2025-03-25T07:56:32.673376Z[0m [32m INFO[0m [1mnode[0m[1m{[0m[3mname[0m[2m=[0mk#8dcff6d1..[1m}[0m[2m:[0m [2msui_core::checkpoints::checkpoint_executor[0m[2m:[0m [2mcrates/sui-core/src/checkpoints/checkpoint_executor/mod.rs[0m[2m:[0m[2m332:[0m Received checkpoint summary from state sync [3msequence_number[0m[2m=[0m563
[2m2025-03-25T07:56:32.673376Z[0m [32m INFO[0m [1mnode[0m[1m{[0m[3mname[0m[2m=[0mk#99f25ef6..[1m}[0m[2m:[0m [2msui_core::checkpoints::checkpoint_executor[0m[2m:[0m [2mcrates/sui-core/src/checkpoints/checkpoint_executor/mod.rs[0m[2m:[0m[2m332:[0m Received checkpoint summary from state sync [3msequence_number[0m[2m=[0m563
[2m2025-03-25T07:56:32.674524Z[0m [32m INFO[0m [1mnode[0m[1m{[0m[3mname[0m[2m=[0mk#8dcff6d1..[1m}[0m[2m:[0m [2msui_core::state_accumulator[0m[2m:[0m [2mcrates/sui-core/src/state_accumulator.rs[0m[2m:[0m[2m675:[0m accumulating running root for checkpoint 563
[2m2025-03-25T07:56:32.674526Z[0m [32m INFO[0m [1mnode[0m[1m{[0m[3mname[0m[2m=[0mk#99f25ef6..[1m}[0m[2m:[0m [2msui_core::state_accumulator[0m[2m:[0m [2mcrates/sui-core/src/state_accumulator.rs[0m[2m:[0m[2m675:[0m accumulating running root for checkpoint 563
[2m2025-03-25T07:56:32.676699Z[0m [32m INFO[0m [1mnode[0m[1m{[0m[3mname[0m[2m=[0mk#addeef94..[1m}[0m[2m:[0m [2msui_core::checkpoints::checkpoint_executor[0m[2m:[0m [2mcrates/sui-core/src/checkpoints/checkpoint_executor/mod.rs[0m[2m:[0m[2m332:[0m Received checkpoint summary from state sync [3msequence_number[0m[2m=[0m563
[2m2025-03-25T07:56:32.677451Z[0m [32m INFO[0m [1mnode[0m[1m{[0m[3mname[0m[2m=[0mk#addeef94..[1m}[0m[2m:[0m [2msui_core::state_accumulator[0m[2m:[0m [2mcrates/sui-core/src/state_accumulator.rs[0m[2m:[0m[2m675:[0m accumulating running root for checkpoint 563
[2m2025-03-25T07:56:32.721483Z[0m [32m INFO[0m [1mnode[0m[1m{[0m[3mname[0m[2m=[0mk#b3f3cbb4..[1m}[0m[2m:[0m [2msui_core::state_accumulator[0m[2m:[0m [2mcrates/sui-core/src/state_accumulator.rs[0m[2m:[0m[2m675:[0m accumulating running root for checkpoint 520
[2m2025-03-25T07:56:32.895481Z[0m [32m INFO[0m [1mnode[0m[1m{[0m[3mname[0m[2m=[0mk#99f25ef6..[1m}[0m[2m:[0m [2mconsensus_core::core[0m[2m:[0m [2mconsensus/core/src/core.rs[0m[2m:[0m[2m945:[0m Included 3 ancestors & excluded 0 ancestors for proposal in round 364
[2m2025-03-25T07:56:32.895606Z[0m [32m INFO[0m [1mnode[0m[1m{[0m[3mname[0m[2m=[0mk#8dcff6d1..[1m}[0m[2m:[0m [2mconsensus_core::core[0m[2m:[0m [2mconsensus/core/src/core.rs[0m[2m:[0m[2m945:[0m Included 3 ancestors & excluded 0 ancestors for proposal in round 364
[2m2025-03-25T07:56:32.895846Z[0m [32m INFO[0m [1mnode[0m[1m{[0m[3mname[0m[2m=[0mk#addeef94..[1m}[0m[2m:[0m [2mconsensus_core::core[0m[2m:[0m [2mconsensus/core/src/core.rs[0m[2m:[0m[2m945:[0m Included 3 ancestors & excluded 0 ancestors for proposal in round 364
[2m2025-03-25T07:56:32.895932Z[0m [32m INFO[0m [1mnode[0m[1m{[0m[3mname[0m[2m=[0mk#8dcff6d1..[1m}[0m[2m:[0m [2mconsensus_core::core[0m[2m:[0m [2mconsensus/core/src/core.rs[0m[2m:[0m[2m531:[0m Created block B364(A,VJ5BMo2OeCWEyqalYk/QnYWqZLVqFqhubncSw+9QMSQ=)(1742889392895ms;[B363(A,hNzpptwtPY+zXoMwwMAuYP1CcxmlJqZz75TtjiUyr1w=), B363(B,iJ5TSD7NpW4f8GqPCfz7efhBtB3th6cIZ0ffIuhPLqc=), B363(C,t282oXferQR3QQB4ie8DgMxlefKiqDO8TBqs7oV02NU=)];1t;1c) for round 364
[2m2025-03-25T07:56:32.895932Z[0m [32m INFO[0m [1mnode[0m[1m{[0m[3mname[0m[2m=[0mk#99f25ef6..[1m}[0m[2m:[0m [2mconsensus_core::core[0m[2m:[0m [2mconsensus/core/src/core.rs[0m[2m:[0m[2m531:[0m Created block B364(B,FEfeckIPXAVaZHo2OZZt4sDUJ4YWpAEHjoz8if0T2qU=)(1742889392895ms;[B363(B,iJ5TSD7NpW4f8GqPCfz7efhBtB3th6cIZ0ffIuhPLqc=), B363(A,hNzpptwtPY+zXoMwwMAuYP1CcxmlJqZz75TtjiUyr1w=), B363(C,t282oXferQR3QQB4ie8DgMxlefKiqDO8TBqs7oV02NU=)];1t;1c) for round 364
[2m2025-03-25T07:56:32.896159Z[0m [32m INFO[0m [1mnode[0m[1m{[0m[3mname[0m[2m=[0mk#addeef94..[1m}[0m[2m:[0m [2mconsensus_core::core[0m[2m:[0m [2mconsensus/core/src/core.rs[0m[2m:[0m[2m531:[0m Created block B364(C,wC3+DJ6/6csUdyULyeBvyBtaUt41E4hN7tjz+ZXMjqo=)(1742889392896ms;[B363(C,t282oXferQR3QQB4ie8DgMxlefKiqDO8TBqs7oV02NU=), B363(A,hNzpptwtPY+zXoMwwMAuYP1CcxmlJqZz75TtjiUyr1w=), B363(B,iJ5TSD7NpW4f8GqPCfz7efhBtB3th6cIZ0ffIuhPLqc=)];1t;1c) for round 364
[2m2025-03-25T07:56:32.899201Z[0m [32m INFO[0m [1mnode[0m[1m{[0m[3mname[0m[2m=[0mk#addeef94..[1m}[0m[2m:[0m [2mconsensus_core::core[0m[2m:[0m [2mconsensus/core/src/core.rs[0m[2m:[0m[2m630:[0m Committing 1 leaders: B362(C,xTSL)
[2m2025-03-25T07:56:32.899301Z[0m [32m INFO[0m [1mnode[0m[1m{[0m[3mname[0m[2m=[0mk#addeef94..[1m}[0m[2m:[0m [2mconsensus_core::commit_observer[0m[2m:[0m [2mconsensus/core/src/commit_observer.rs[0m[2m:[0m[2m173:[0m Consensus commit C352(nfI5) with leader B362(C,xTSL) has 3 blocks
[2m2025-03-25T07:56:32.899440Z[0m [32m INFO[0m [1mnode[0m[1m{[0m[3mname[0m[2m=[0mk#addeef94..[1m}[0m[2m:[0m [2msui_core::consensus_handler[0m[2m:[0m [2mcrates/sui-core/src/consensus_handler.rs[0m[2m:[0m[2m232:[0m Received consensus output [3mconsensus_commit[0m[2m=[0mCommittedSubDag(leader=B362(C,xTSL), ref=C352(nfI5), blocks=[tD54, h2jt, xTSL]) [3mepoch[0m[2m=[0m1
[2m2025-03-25T07:56:32.900116Z[0m [32m INFO[0m [1mnode[0m[1m{[0m[3mname[0m[2m=[0mk#8dcff6d1..[1m}[0m[2m:[0m [2msui_core::checkpoints::checkpoint_output[0m[2m:[0m [2mcrates/sui-core/src/checkpoints/checkpoint_output.rs[0m[2m:[0m[2m196:[0m Certified checkpoint with sequence 564 and digest BF5NogMUMxZk3qnhn1f4Q14HfJrpcbfnsZmJ5Vk2B4BB
[2m2025-03-25T07:56:32.900121Z[0m [32m INFO[0m [1mnode[0m[1m{[0m[3mname[0m[2m=[0mk#99f25ef6..[1m}[0m[2m:[0m [2msui_core::checkpoints::checkpoint_output[0m[2m:[0m [2mcrates/sui-core/src/checkpoints/checkpoint_output.rs[0m[2m:[0m[2m196:[0m Certified checkpoint with sequence 564 and digest BF5NogMUMxZk3qnhn1f4Q14HfJrpcbfnsZmJ5Vk2B4BB
[2m2025-03-25T07:56:32.900222Z[0m [32m INFO[0m [1mnode[0m[1m{[0m[3mname[0m[2m=[0mk#8dcff6d1..[1m}[0m[2m:[0m [2mconsensus_core::core[0m[2m:[0m [2mconsensus/core/src/core.rs[0m[2m:[0m[2m630:[0m Committing 1 leaders: B362(C,xTSL)
[2m2025-03-25T07:56:32.900226Z[0m [32m INFO[0m [1mnode[0m[1m{[0m[3mname[0m[2m=[0mk#99f25ef6..[1m}[0m[2m:[0m [2mconsensus_core::core[0m[2m:[0m [2mconsensus/core/src/core.rs[0m[2m:[0m[2m630:[0m Committing 1 leaders: B362(C,xTSL)
[2m2025-03-25T07:56:32.900321Z[0m [32m INFO[0m [1mnode[0m[1m{[0m[3mname[0m[2m=[0mk#8dcff6d1..[1m}[0m[2m:[0m [2mconsensus_core::commit_observer[0m[2m:[0m [2mconsensus/core/src/commit_observer.rs[0m[2m:[0m[2m173:[0m Consensus commit C352(nfI5) with leader B362(C,xTSL) has 3 blocks
[2m2025-03-25T07:56:32.900333Z[0m [32m INFO[0m [1mnode[0m[1m{[0m[3mname[0m[2m=[0mk#99f25ef6..[1m}[0m[2m:[0m [2mconsensus_core::commit_observer[0m[2m:[0m [2mconsensus/core/src/commit_observer.rs[0m[2m:[0m[2m173:[0m Consensus commit C352(nfI5) with leader B362(C,xTSL) has 3 blocks
[2m2025-03-25T07:56:32.900750Z[0m [32m INFO[0m [1mnode[0m[1m{[0m[3mname[0m[2m=[0mk#8dcff6d1..[1m}[0m[2m:[0m [2msui_core::consensus_handler[0m[2m:[0m [2mcrates/sui-core/src/consensus_handler.rs[0m[2m:[0m[2m232:[0m Received consensus output [3mconsensus_commit[0m[2m=[0mCommittedSubDag(leader=B362(C,xTSL), ref=C352(nfI5), blocks=[tD54, h2jt, xTSL]) [3mepoch[0m[2m=[0m1
[2m2025-03-25T07:56:32.900752Z[0m [32m INFO[0m [1mnode[0m[1m{[0m[3mname[0m[2m=[0mk#99f25ef6..[1m}[0m[2m:[0m [2msui_core::consensus_handler[0m[2m:[0m [2mcrates/sui-core/src/consensus_handler.rs[0m[2m:[0m[2m232:[0m Received consensus output [3mconsensus_commit[0m[2m=[0mCommittedSubDag(leader=B362(C,xTSL), ref=C352(nfI5), blocks=[tD54, h2jt, xTSL]) [3mepoch[0m[2m=[0m1
[2m2025-03-25T07:56:32.901371Z[0m [32m INFO[0m [1mnode[0m[1m{[0m[3mname[0m[2m=[0mk#8dcff6d1..[1m}[0m[2m:[0m [2msui_core::checkpoints::checkpoint_executor[0m[2m:[0m [2mcrates/sui-core/src/checkpoints/checkpoint_executor/mod.rs[0m[2m:[0m[2m332:[0m Received checkpoint summary from state sync [3msequence_number[0m[2m=[0m564
[2m2025-03-25T07:56:32.901371Z[0m [32m INFO[0m [1mnode[0m[1m{[0m[3mname[0m[2m=[0mk#99f25ef6..[1m}[0m[2m:[0m [2msui_core::checkpoints::checkpoint_executor[0m[2m:[0m [2mcrates/sui-core/src/checkpoints/checkpoint_executor/mod.rs[0m[2m:[0m[2m332:[0m Received checkpoint summary from state sync [3msequence_number[0m[2m=[0m564
[2m2025-03-25T07:56:32.914928Z[0m [32m INFO[0m [1mnode[0m[1m{[0m[3mname[0m[2m=[0mk#8dcff6d1..[1m}[0m[2m:[0m [2msui_core::state_accumulator[0m[2m:[0m [2mcrates/sui-core/src/state_accumulator.rs[0m[2m:[0m[2m675:[0m accumulating running root for checkpoint 564
[2m2025-03-25T07:56:32.914928Z[0m [32m INFO[0m [1mnode[0m[1m{[0m[3mname[0m[2m=[0mk#99f25ef6..[1m}[0m[2m:[0m [2msui_core::state_accumulator[0m[2m:[0m [2mcrates/sui-core/src/state_accumulator.rs[0m[2m:[0m[2m675:[0m accumulating running root for checkpoint 564
[2m2025-03-25T07:56:32.945157Z[0m [32m INFO[0m [1mnode[0m[1m{[0m[3mname[0m[2m=[0mk#addeef94..[1m}[0m[2m:[0m [2msui_core::checkpoints[0m[2m:[0m [2mcrates/sui-core/src/checkpoints/mod.rs[0m[2m:[0m[2m1326:[0m Creating checkpoint(s) for 1 transactions [3mnext_checkpoint_seq[0m[2m=[0m565 [3mcheckpoint_timestamp[0m[2m=[0m1742889392387
[2m2025-03-25T07:56:32.945400Z[0m [32m INFO[0m [1mnode[0m[1m{[0m[3mname[0m[2m=[0mk#addeef94..[1m}[0m[2m:[0m [2msui_core::checkpoints::checkpoint_output[0m[2m:[0m [2mcrates/sui-core/src/checkpoints/checkpoint_output.rs[0m[2m:[0m[2m149:[0m Creating checkpoint CheckpointDigest(4hAuT1L268FySeg6btEa6dYjLKbnVjdwQTZKZupNzZ3j) at epoch 1, sequence 565, previous digest Some(CheckpointDigest(BF5NogMUMxZk3qnhn1f4Q14HfJrpcbfnsZmJ5Vk2B4BB)), transactions count 1, content digest CheckpointContentsDigest(2cjKuxMRMjG1mPxXBn3NLaedRLZ4VEnmuLxteD2URP9L), end_of_epoch_data None
[2m2025-03-25T07:56:32.946760Z[0m [32m INFO[0m [1mnode[0m[1m{[0m[3mname[0m[2m=[0mk#8dcff6d1..[1m}[0m[2m:[0m [2msui_core::checkpoints[0m[2m:[0m [2mcrates/sui-core/src/checkpoints/mod.rs[0m[2m:[0m[2m1326:[0m Creating checkpoint(s) for 1 transactions [3mnext_checkpoint_seq[0m[2m=[0m565 [3mcheckpoint_timestamp[0m[2m=[0m1742889392387
[2m2025-03-25T07:56:32.946940Z[0m [32m INFO[0m [1mnode[0m[1m{[0m[3mname[0m[2m=[0mk#8dcff6d1..[1m}[0m[2m:[0m [2msui_core::checkpoints::checkpoint_output[0m[2m:[0m [2mcrates/sui-core/src/checkpoints/checkpoint_output.rs[0m[2m:[0m[2m149:[0m Creating checkpoint CheckpointDigest(4hAuT1L268FySeg6btEa6dYjLKbnVjdwQTZKZupNzZ3j) at epoch 1, sequence 565, previous digest Some(CheckpointDigest(BF5NogMUMxZk3qnhn1f4Q14HfJrpcbfnsZmJ5Vk2B4BB)), transactions count 1, content digest CheckpointContentsDigest(2cjKuxMRMjG1mPxXBn3NLaedRLZ4VEnmuLxteD2URP9L), end_of_epoch_data None
[2m2025-03-25T07:56:32.947211Z[0m [32m INFO[0m [1mnode[0m[1m{[0m[3mname[0m[2m=[0mk#99f25ef6..[1m}[0m[2m:[0m [2msui_core::checkpoints[0m[2m:[0m [2mcrates/sui-core/src/checkpoints/mod.rs[0m[2m:[0m[2m1326:[0m Creating checkpoint(s) for 1 transactions [3mnext_checkpoint_seq[0m[2m=[0m565 [3mcheckpoint_timestamp[0m[2m=[0m1742889392387
[2m2025-03-25T07:56:32.947383Z[0m [32m INFO[0m [1mnode[0m[1m{[0m[3mname[0m[2m=[0mk#99f25ef6..[1m}[0m[2m:[0m [2msui_core::checkpoints::checkpoint_output[0m[2m:[0m [2mcrates/sui-core/src/checkpoints/checkpoint_output.rs[0m[2m:[0m[2m149:[0m Creating checkpoint CheckpointDigest(4hAuT1L268FySeg6btEa6dYjLKbnVjdwQTZKZupNzZ3j) at epoch 1, sequence 565, previous digest Some(CheckpointDigest(BF5NogMUMxZk3qnhn1f4Q14HfJrpcbfnsZmJ5Vk2B4BB)), transactions count 1, content digest CheckpointContentsDigest(2cjKuxMRMjG1mPxXBn3NLaedRLZ4VEnmuLxteD2URP9L), end_of_epoch_data None
[2m2025-03-25T07:56:33.011614Z[0m [32m INFO[0m [1mnode[0m[1m{[0m[3mname[0m[2m=[0mk#addeef94..[1m}[0m[2m:[0m [2msui_core::checkpoints::checkpoint_executor[0m[2m:[0m [2mcrates/sui-core/src/checkpoints/checkpoint_executor/mod.rs[0m[2m:[0m[2m332:[0m Received checkpoint summary from state sync [3msequence_number[0m[2m=[0m564
[2m2025-03-25T07:56:33.013104Z[0m [32m INFO[0m [1mnode[0m[1m{[0m[3mname[0m[2m=[0mk#addeef94..[1m}[0m[2m:[0m [2msui_core::state_accumulator[0m[2m:[0m [2mcrates/sui-core/src/state_accumulator.rs[0m[2m:[0m[2m675:[0m accumulating running root for checkpoint 564
[2m2025-03-25T07:56:33.150989Z[0m [32m INFO[0m [1mnode[0m[1m{[0m[3mname[0m[2m=[0mk#addeef94..[1m}[0m[2m:[0m [2mconsensus_core::core[0m[2m:[0m [2mconsensus/core/src/core.rs[0m[2m:[0m[2m945:[0m Included 3 ancestors & excluded 0 ancestors for proposal in round 365
[2m2025-03-25T07:56:33.151377Z[0m [32m INFO[0m [1mnode[0m[1m{[0m[3mname[0m[2m=[0mk#addeef94..[1m}[0m[2m:[0m [2mconsensus_core::core[0m[2m:[0m [2mconsensus/core/src/core.rs[0m[2m:[0m[2m531:[0m Created block B365(C,dcVOopaCHjUoYE/p8yhX1F3I3hPUYuNRiqO1QU7+WCY=)(1742889393151ms;[B364(C,wC3+DJ6/6csUdyULyeBvyBtaUt41E4hN7tjz+ZXMjqo=), B364(A,VJ5BMo2OeCWEyqalYk/QnYWqZLVqFqhubncSw+9QMSQ=), B364(B,FEfeckIPXAVaZHo2OZZt4sDUJ4YWpAEHjoz8if0T2qU=)];1t;1c) for round 365
[2m2025-03-25T07:56:33.153104Z[0m [32m INFO[0m [1mnode[0m[1m{[0m[3mname[0m[2m=[0mk#8dcff6d1..[1m}[0m[2m:[0m [2mconsensus_core::core[0m[2m:[0m [2mconsensus/core/src/core.rs[0m[2m:[0m[2m945:[0m Included 3 ancestors & excluded 0 ancestors for proposal in round 365
[2m2025-03-25T07:56:33.153104Z[0m [32m INFO[0m [1mnode[0m[1m{[0m[3mname[0m[2m=[0mk#99f25ef6..[1m}[0m[2m:[0m [2mconsensus_core::core[0m[2m:[0m [2mconsensus/core/src/core.rs[0m[2m:[0m[2m945:[0m Included 3 ancestors & excluded 0 ancestors for proposal in round 365
[2m2025-03-25T07:56:33.153393Z[0m [32m INFO[0m [1mnode[0m[1m{[0m[3mname[0m[2m=[0mk#8dcff6d1..[1m}[0m[2m:[0m [2mconsensus_core::core[0m[2m:[0m [2mconsensus/core/src/core.rs[0m[2m:[0m[2m531:[0m Created block B365(A,ekgVUapNwlk15iCHdYhST9262zzT1gdkKqGHA5xIMcw=)(1742889393153ms;[B364(A,VJ5BMo2OeCWEyqalYk/QnYWqZLVqFqhubncSw+9QMSQ=), B364(B,FEfeckIPXAVaZHo2OZZt4sDUJ4YWpAEHjoz8if0T2qU=), B364(C,wC3+DJ6/6csUdyULyeBvyBtaUt41E4hN7tjz+ZXMjqo=)];1t;1c) for round 365
[2m2025-03-25T07:56:33.153391Z[0m [32m INFO[0m [1mnode[0m[1m{[0m[3mname[0m[2m=[0mk#99f25ef6..[1m}[0m[2m:[0m [2mconsensus_core::core[0m[2m:[0m [2mconsensus/core/src/core.rs[0m[2m:[0m[2m531:[0m Created block B365(B,ZRR92Z6M94oMqXlLBtCIHDzwoKgguWaqmE/aTK1MtRI=)(1742889393153ms;[B364(B,FEfeckIPXAVaZHo2OZZt4sDUJ4YWpAEHjoz8if0T2qU=), B364(A,VJ5BMo2OeCWEyqalYk/QnYWqZLVqFqhubncSw+9QMSQ=), B364(C,wC3+DJ6/6csUdyULyeBvyBtaUt41E4hN7tjz+ZXMjqo=)];1t;1c) for round 365
[2m2025-03-25T07:56:33.153536Z[0m [32m INFO[0m [1mnode[0m[1m{[0m[3mname[0m[2m=[0mk#8dcff6d1..[1m}[0m[2m:[0m [2mconsensus_core::core[0m[2m:[0m [2mconsensus/core/src/core.rs[0m[2m:[0m[2m630:[0m Committing 1 leaders: B363(A,hNzp)
[2m2025-03-25T07:56:33.153536Z[0m [32m INFO[0m [1mnode[0m[1m{[0m[3mname[0m[2m=[0mk#99f25ef6..[1m}[0m[2m:[0m [2mconsensus_core::core[0m[2m:[0m [2mconsensus/core/src/core.rs[0m[2m:[0m[2m630:[0m Committing 1 leaders: B363(A,hNzp)
[2m2025-03-25T07:56:33.153627Z[0m [32m INFO[0m [1mnode[0m[1m{[0m[3mname[0m[2m=[0mk#8dcff6d1..[1m}[0m[2m:[0m [2mconsensus_core::commit_observer[0m[2m:[0m [2mconsensus/core/src/commit_observer.rs[0m[2m:[0m[2m173:[0m Consensus commit C353(T/Jl) with leader B363(A,hNzp) has 3 blocks
[2m2025-03-25T07:56:33.153627Z[0m [32m INFO[0m [1mnode[0m[1m{[0m[3mname[0m[2m=[0mk#99f25ef6..[1m}[0m[2m:[0m [2mconsensus_core::commit_observer[0m[2m:[0m [2mconsensus/core/src/commit_observer.rs[0m[2m:[0m[2m173:[0m Consensus commit C353(T/Jl) with leader B363(A,hNzp) has 3 blocks
[2m2025-03-25T07:56:33.153901Z[0m [32m INFO[0m [1mnode[0m[1m{[0m[3mname[0m[2m=[0mk#8dcff6d1..[1m}[0m[2m:[0m [2msui_core::consensus_handler[0m[2m:[0m [2mcrates/sui-core/src/consensus_handler.rs[0m[2m:[0m[2m232:[0m Received consensus output [3mconsensus_commit[0m[2m=[0mCommittedSubDag(leader=B363(A,hNzp), ref=C353(T/Jl), blocks=[9cdU, zVgm, hNzp]) [3mepoch[0m[2m=[0m1
[2m2025-03-25T07:56:33.153901Z[0m [32m INFO[0m [1mnode[0m[1m{[0m[3mname[0m[2m=[0mk#99f25ef6..[1m}[0m[2m:[0m [2msui_core::consensus_handler[0m[2m:[0m [2mcrates/sui-core/src/consensus_handler.rs[0m[2m:[0m[2m232:[0m Received consensus output [3mconsensus_commit[0m[2m=[0mCommittedSubDag(leader=B363(A,hNzp), ref=C353(T/Jl), blocks=[9cdU, zVgm, hNzp]) [3mepoch[0m[2m=[0m1
[2m2025-03-25T07:56:33.157648Z[0m [32m INFO[0m [1mnode[0m[1m{[0m[3mname[0m[2m=[0mk#addeef94..[1m}[0m[2m:[0m [2mconsensus_core::core[0m[2m:[0m [2mconsensus/core/src/core.rs[0m[2m:[0m[2m630:[0m Committing 1 leaders: B363(A,hNzp)
[2m2025-03-25T07:56:33.157750Z[0m [32m INFO[0m [1mnode[0m[1m{[0m[3mname[0m[2m=[0mk#addeef94..[1m}[0m[2m:[0m [2mconsensus_core::commit_observer[0m[2m:[0m [2mconsensus/core/src/commit_observer.rs[0m[2m:[0m[2m173:[0m Consensus commit C353(T/Jl) with leader B363(A,hNzp) has 3 blocks
[2m2025-03-25T07:56:33.157882Z[0m [32m INFO[0m [1mnode[0m[1m{[0m[3mname[0m[2m=[0mk#addeef94..[1m}[0m[2m:[0m [2msui_core::consensus_handler[0m[2m:[0m [2mcrates/sui-core/src/consensus_handler.rs[0m[2m:[0m[2m232:[0m Received consensus output [3mconsensus_commit[0m[2m=[0mCommittedSubDag(leader=B363(A,hNzp), ref=C353(T/Jl), blocks=[9cdU, zVgm, hNzp]) [3mepoch[0m[2m=[0m1
[2m2025-03-25T07:56:33.180906Z[0m [32m INFO[0m [1mnode[0m[1m{[0m[3mname[0m[2m=[0mk#8dcff6d1..[1m}[0m[2m:[0m [2msui_core::checkpoints[0m[2m:[0m [2mcrates/sui-core/src/checkpoints/mod.rs[0m[2m:[0m[2m1326:[0m Creating checkpoint(s) for 2 transactions [3mnext_checkpoint_seq[0m[2m=[0m566 [3mcheckpoint_timestamp[0m[2m=[0m1742889392643
[2m2025-03-25T07:56:33.180905Z[0m [32m INFO[0m [1mnode[0m[1m{[0m[3mname[0m[2m=[0mk#99f25ef6..[1m}[0m[2m:[0m [2msui_core::checkpoints[0m[2m:[0m [2mcrates/sui-core/src/checkpoints/mod.rs[0m[2m:[0m[2m1326:[0m Creating checkpoint(s) for 2 transactions [3mnext_checkpoint_seq[0m[2m=[0m566 [3mcheckpoint_timestamp[0m[2m=[0m1742889392643
[2m2025-03-25T07:56:33.181238Z[0m [32m INFO[0m [1mnode[0m[1m{[0m[3mname[0m[2m=[0mk#99f25ef6..[1m}[0m[2m:[0m [2msui_core::checkpoints::checkpoint_output[0m[2m:[0m [2mcrates/sui-core/src/checkpoints/checkpoint_output.rs[0m[2m:[0m[2m149:[0m Creating checkpoint CheckpointDigest(92dbQB8aoWp9Bv8CJno6DbHXm7tfdiwReP3Jk8nhgKEp) at epoch 1, sequence 566, previous digest Some(CheckpointDigest(4hAuT1L268FySeg6btEa6dYjLKbnVjdwQTZKZupNzZ3j)), transactions count 2, content digest CheckpointContentsDigest(7xvyUNdarZ9DUBeaJciu6TEykE3ukbAvi5NPNCPLBFCY), end_of_epoch_data None
[2m2025-03-25T07:56:33.181238Z[0m [32m INFO[0m [1mnode[0m[1m{[0m[3mname[0m[2m=[0mk#8dcff6d1..[1m}[0m[2m:[0m [2msui_core::checkpoints::checkpoint_output[0m[2m:[0m [2mcrates/sui-core/src/checkpoints/checkpoint_output.rs[0m[2m:[0m[2m149:[0m Creating checkpoint CheckpointDigest(92dbQB8aoWp9Bv8CJno6DbHXm7tfdiwReP3Jk8nhgKEp) at epoch 1, sequence 566, previous digest Some(CheckpointDigest(4hAuT1L268FySeg6btEa6dYjLKbnVjdwQTZKZupNzZ3j)), transactions count 2, content digest CheckpointContentsDigest(7xvyUNdarZ9DUBeaJciu6TEykE3ukbAvi5NPNCPLBFCY), end_of_epoch_data None
[2m2025-03-25T07:56:33.184212Z[0m [32m INFO[0m [1mnode[0m[1m{[0m[3mname[0m[2m=[0mk#addeef94..[1m}[0m[2m:[0m [2msui_core::checkpoints[0m[2m:[0m [2mcrates/sui-core/src/checkpoints/mod.rs[0m[2m:[0m[2m1326:[0m Creating checkpoint(s) for 2 transactions [3mnext_checkpoint_seq[0m[2m=[0m566 [3mcheckpoint_timestamp[0m[2m=[0m1742889392643
[2m2025-03-25T07:56:33.184425Z[0m [32m INFO[0m [1mnode[0m[1m{[0m[3mname[0m[2m=[0mk#8dcff6d1..[1m}[0m[2m:[0m [2msui_core::checkpoints::checkpoint_output[0m[2m:[0m [2mcrates/sui-core/src/checkpoints/checkpoint_output.rs[0m[2m:[0m[2m196:[0m Certified checkpoint with sequence 565 and digest 4hAuT1L268FySeg6btEa6dYjLKbnVjdwQTZKZupNzZ3j
[2m2025-03-25T07:56:33.184429Z[0m [32m INFO[0m [1mnode[0m[1m{[0m[3mname[0m[2m=[0mk#99f25ef6..[1m}[0m[2m:[0m [2msui_core::checkpoints::checkpoint_output[0m[2m:[0m [2mcrates/sui-core/src/checkpoints/checkpoint_output.rs[0m[2m:[0m[2m196:[0m Certified checkpoint with sequence 565 and digest 4hAuT1L268FySeg6btEa6dYjLKbnVjdwQTZKZupNzZ3j
[2m2025-03-25T07:56:33.184471Z[0m [32m INFO[0m [1mnode[0m[1m{[0m[3mname[0m[2m=[0mk#addeef94..[1m}[0m[2m:[0m [2msui_core::checkpoints::checkpoint_output[0m[2m:[0m [2mcrates/sui-core/src/checkpoints/checkpoint_output.rs[0m[2m:[0m[2m149:[0m Creating checkpoint CheckpointDigest(92dbQB8aoWp9Bv8CJno6DbHXm7tfdiwReP3Jk8nhgKEp) at epoch 1, sequence 566, previous digest Some(CheckpointDigest(4hAuT1L268FySeg6btEa6dYjLKbnVjdwQTZKZupNzZ3j)), transactions count 2, content digest CheckpointContentsDigest(7xvyUNdarZ9DUBeaJciu6TEykE3ukbAvi5NPNCPLBFCY), end_of_epoch_data None
[2m2025-03-25T07:56:33.184909Z[0m [32m INFO[0m [1mnode[0m[1m{[0m[3mname[0m[2m=[0mk#99f25ef6..[1m}[0m[2m:[0m [2msui_core::checkpoints::checkpoint_executor[0m[2m:[0m [2mcrates/sui-core/src/checkpoints/checkpoint_executor/mod.rs[0m[2m:[0m[2m332:[0m Received checkpoint summary from state sync [3msequence_number[0m[2m=[0m565
[2m2025-03-25T07:56:33.184909Z[0m [32m INFO[0m [1mnode[0m[1m{[0m[3mname[0m[2m=[0mk#8dcff6d1..[1m}[0m[2m:[0m [2msui_core::checkpoints::checkpoint_executor[0m[2m:[0m [2mcrates/sui-core/src/checkpoints/checkpoint_executor/mod.rs[0m[2m:[0m[2m332:[0m Received checkpoint summary from state sync [3msequence_number[0m[2m=[0m565
[2m2025-03-25T07:56:33.186129Z[0m [32m INFO[0m [1mnode[0m[1m{[0m[3mname[0m[2m=[0mk#8dcff6d1..[1m}[0m[2m:[0m [2msui_core::state_accumulator[0m[2m:[0m [2mcrates/sui-core/src/state_accumulator.rs[0m[2m:[0m[2m675:[0m accumulating running root for checkpoint 565
[2m2025-03-25T07:56:33.186150Z[0m [32m INFO[0m [1mnode[0m[1m{[0m[3mname[0m[2m=[0mk#99f25ef6..[1m}[0m[2m:[0m [2msui_core::state_accumulator[0m[2m:[0m [2mcrates/sui-core/src/state_accumulator.rs[0m[2m:[0m[2m675:[0m accumulating running root for checkpoint 565
[2m2025-03-25T07:56:33.188103Z[0m [32m INFO[0m [1mnode[0m[1m{[0m[3mname[0m[2m=[0mk#addeef94..[1m}[0m[2m:[0m [2msui_core::checkpoints::checkpoint_executor[0m[2m:[0m [2mcrates/sui-core/src/checkpoints/checkpoint_executor/mod.rs[0m[2m:[0m[2m332:[0m Received checkpoint summary from state sync [3msequence_number[0m[2m=[0m565
[2m2025-03-25T07:56:33.188819Z[0m [32m INFO[0m [1mnode[0m[1m{[0m[3mname[0m[2m=[0mk#addeef94..[1m}[0m[2m:[0m [2msui_core::state_accumulator[0m[2m:[0m [2mcrates/sui-core/src/state_accumulator.rs[0m[2m:[0m[2m675:[0m accumulating running root for checkpoint 565
[2m2025-03-25T07:56:33.304646Z[0m [32m INFO[0m [1mnode[0m[1m{[0m[3mname[0m[2m=[0mk#8dcff6d1..[1m}[0m[2m:[0m [2mconsensus_core::commit_syncer[0m[2m:[0m [2mconsensus/core/src/commit_syncer.rs[0m[2m:[0m[2m196:[0m Checking to schedule fetches: synced_commit_index=353, highest_handled_index=353, highest_scheduled_index=0, quorum_commit_index=352, unhandled_commits_threshold=3200
[2m2025-03-25T07:56:33.328059Z[0m [32m INFO[0m [1mnode[0m[1m{[0m[3mname[0m[2m=[0mk#addeef94..[1m}[0m[2m:[0m [2mconsensus_core::commit_syncer[0m[2m:[0m [2mconsensus/core/src/commit_syncer.rs[0m[2m:[0m[2m196:[0m Checking to schedule fetches: synced_commit_index=353, highest_handled_index=353, highest_scheduled_index=0, quorum_commit_index=0, unhandled_commits_threshold=3200
[2m2025-03-25T07:56:33.331786Z[0m [32m INFO[0m [1mnode[0m[1m{[0m[3mname[0m[2m=[0mk#99f25ef6..[1m}[0m[2m:[0m [2mconsensus_core::commit_syncer[0m[2m:[0m [2mconsensus/core/src/commit_syncer.rs[0m[2m:[0m[2m196:[0m Checking to schedule fetches: synced_commit_index=353, highest_handled_index=353, highest_scheduled_index=0, quorum_commit_index=352, unhandled_commits_threshold=3200
[2m2025-03-25T07:56:33.406185Z[0m [32m INFO[0m [1mnode[0m[1m{[0m[3mname[0m[2m=[0mk#8dcff6d1..[1m}[0m[2m:[0m [2mconsensus_core::core[0m[2m:[0m [2mconsensus/core/src/core.rs[0m[2m:[0m[2m945:[0m Included 3 ancestors & excluded 0 ancestors for proposal in round 366
[2m2025-03-25T07:56:33.406185Z[0m [32m INFO[0m [1mnode[0m[1m{[0m[3mname[0m[2m=[0mk#99f25ef6..[1m}[0m[2m:[0m [2mconsensus_core::core[0m[2m:[0m [2mconsensus/core/src/core.rs[0m[2m:[0m[2m945:[0m Included 3 ancestors & excluded 0 ancestors for proposal in round 366
[2m2025-03-25T07:56:33.406597Z[0m [32m INFO[0m [1mnode[0m[1m{[0m[3mname[0m[2m=[0mk#8dcff6d1..[1m}[0m[2m:[0m [2mconsensus_core::core[0m[2m:[0m [2mconsensus/core/src/core.rs[0m[2m:[0m[2m531:[0m Created block B366(A,NGYUqVE2mu5kUXzqeBNcnFoVoOZSC51mt1SIGCeZnw0=)(1742889393406ms;[B365(A,ekgVUapNwlk15iCHdYhST9262zzT1gdkKqGHA5xIMcw=), B365(B,ZRR92Z6M94oMqXlLBtCIHDzwoKgguWaqmE/aTK1MtRI=), B365(C,dcVOopaCHjUoYE/p8yhX1F3I3hPUYuNRiqO1QU7+WCY=)];1t;1c) for round 366
[2m2025-03-25T07:56:33.406597Z[0m [32m INFO[0m [1mnode[0m[1m{[0m[3mname[0m[2m=[0mk#99f25ef6..[1m}[0m[2m:[0m [2mconsensus_core::core[0m[2m:[0m [2mconsensus/core/src/core.rs[0m[2m:[0m[2m531:[0m Created block B366(B,bJEOatLnx1crRWhXnx0gz9zw/pOYvQVPLPOz/mE4prg=)(1742889393406ms;[B365(B,ZRR92Z6M94oMqXlLBtCIHDzwoKgguWaqmE/aTK1MtRI=), B365(A,ekgVUapNwlk15iCHdYhST9262zzT1gdkKqGHA5xIMcw=), B365(C,dcVOopaCHjUoYE/p8yhX1F3I3hPUYuNRiqO1QU7+WCY=)];1t;1c) for round 366
[2m2025-03-25T07:56:33.409913Z[0m [32m INFO[0m [1mnode[0m[1m{[0m[3mname[0m[2m=[0mk#addeef94..[1m}[0m[2m:[0m [2mconsensus_core::core[0m[2m:[0m [2mconsensus/core/src/core.rs[0m[2m:[0m[2m945:[0m Included 3 ancestors & excluded 0 ancestors for proposal in round 366
[2m2025-03-25T07:56:33.410219Z[0m [32m INFO[0m [1mnode[0m[1m{[0m[3mname[0m[2m=[0mk#addeef94..[1m}[0m[2m:[0m [2mconsensus_core::core[0m[2m:[0m [2mconsensus/core/src/core.rs[0m[2m:[0m[2m531:[0m Created block B366(C,DyEEQfwCi9E5FPckDEvatWKAlZ7rKqQvgSc2bIGEcM0=)(1742889393410ms;[B365(C,dcVOopaCHjUoYE/p8yhX1F3I3hPUYuNRiqO1QU7+WCY=), B365(A,ekgVUapNwlk15iCHdYhST9262zzT1gdkKqGHA5xIMcw=), B365(B,ZRR92Z6M94oMqXlLBtCIHDzwoKgguWaqmE/aTK1MtRI=)];1t;1c) for round 366
[2m2025-03-25T07:56:33.410287Z[0m [32m INFO[0m [1mnode[0m[1m{[0m[3mname[0m[2m=[0mk#addeef94..[1m}[0m[2m:[0m [2mconsensus_core::core[0m[2m:[0m [2mconsensus/core/src/core.rs[0m[2m:[0m[2m630:[0m Committing 1 leaders: B364(A,VJ5B)
[2m2025-03-25T07:56:33.410356Z[0m [32m INFO[0m [1mnode[0m[1m{[0m[3mname[0m[2m=[0mk#addeef94..[1m}[0m[2m:[0m [2mconsensus_core::commit_observer[0m[2m:[0m [2mconsensus/core/src/commit_observer.rs[0m[2m:[0m[2m173:[0m Consensus commit C354(rzRh) with leader B364(A,VJ5B) has 3 blocks
[2m2025-03-25T07:56:33.410438Z[0m [32m INFO[0m [1mnode[0m[1m{[0m[3mname[0m[2m=[0mk#addeef94..[1m}[0m[2m:[0m [2msui_core::consensus_handler[0m[2m:[0m [2mcrates/sui-core/src/consensus_handler.rs[0m[2m:[0m[2m232:[0m Received consensus output [3mconsensus_commit[0m[2m=[0mCommittedSubDag(leader=B364(A,VJ5B), ref=C354(rzRh), blocks=[iJ5T, t282, VJ5B]) [3mepoch[0m[2m=[0m1
[2m2025-03-25T07:56:33.413577Z[0m [32m INFO[0m [1mnode[0m[1m{[0m[3mname[0m[2m=[0mk#8dcff6d1..[1m}[0m[2m:[0m [2msui_core::checkpoints::checkpoint_output[0m[2m:[0m [2mcrates/sui-core/src/checkpoints/checkpoint_output.rs[0m[2m:[0m[2m196:[0m Certified checkpoint with sequence 566 and digest 92dbQB8aoWp9Bv8CJno6DbHXm7tfdiwReP3Jk8nhgKEp
[2m2025-03-25T07:56:33.413634Z[0m [32m INFO[0m [1mnode[0m[1m{[0m[3mname[0m[2m=[0mk#99f25ef6..[1m}[0m[2m:[0m [2msui_core::checkpoints::checkpoint_output[0m[2m:[0m [2mcrates/sui-core/src/checkpoints/checkpoint_output.rs[0m[2m:[0m[2m196:[0m Certified checkpoint with sequence 566 and digest 92dbQB8aoWp9Bv8CJno6DbHXm7tfdiwReP3Jk8nhgKEp
[2m2025-03-25T07:56:33.413690Z[0m [32m INFO[0m [1mnode[0m[1m{[0m[3mname[0m[2m=[0mk#8dcff6d1..[1m}[0m[2m:[0m [2mconsensus_core::core[0m[2m:[0m [2mconsensus/core/src/core.rs[0m[2m:[0m[2m630:[0m Committing 1 leaders: B364(A,VJ5B)
[2m2025-03-25T07:56:33.413734Z[0m [32m INFO[0m [1mnode[0m[1m{[0m[3mname[0m[2m=[0mk#99f25ef6..[1m}[0m[2m:[0m [2mconsensus_core::core[0m[2m:[0m [2mconsensus/core/src/core.rs[0m[2m:[0m[2m630:[0m Committing 1 leaders: B364(A,VJ5B)
[2m2025-03-25T07:56:33.413794Z[0m [32m INFO[0m [1mnode[0m[1m{[0m[3mname[0m[2m=[0mk#8dcff6d1..[1m}[0m[2m:[0m [2mconsensus_core::commit_observer[0m[2m:[0m [2mconsensus/core/src/commit_observer.rs[0m[2m:[0m[2m173:[0m Consensus commit C354(rzRh) with leader B364(A,VJ5B) has 3 blocks
[2m2025-03-25T07:56:33.413835Z[0m [32m INFO[0m [1mnode[0m[1m{[0m[3mname[0m[2m=[0mk#99f25ef6..[1m}[0m[2m:[0m [2mconsensus_core::commit_observer[0m[2m:[0m [2mconsensus/core/src/commit_observer.rs[0m[2m:[0m[2m173:[0m Consensus commit C354(rzRh) with leader B364(A,VJ5B) has 3 blocks
[2m2025-03-25T07:56:33.414256Z[0m [32m INFO[0m [1mnode[0m[1m{[0m[3mname[0m[2m=[0mk#8dcff6d1..[1m}[0m[2m:[0m [2msui_core::consensus_handler[0m[2m:[0m [2mcrates/sui-core/src/consensus_handler.rs[0m[2m:[0m[2m232:[0m Received consensus output [3mconsensus_commit[0m[2m=[0mCommittedSubDag(leader=B364(A,VJ5B), ref=C354(rzRh), blocks=[iJ5T, t282, VJ5B]) [3mepoch[0m[2m=[0m1
[2m2025-03-25T07:56:33.414256Z[0m [32m INFO[0m [1mnode[0m[1m{[0m[3mname[0m[2m=[0mk#99f25ef6..[1m}[0m[2m:[0m [2msui_core::consensus_handler[0m[2m:[0m [2mcrates/sui-core/src/consensus_handler.rs[0m[2m:[0m[2m232:[0m Received consensus output [3mconsensus_commit[0m[2m=[0mCommittedSubDag(leader=B364(A,VJ5B), ref=C354(rzRh), blocks=[iJ5T, t282, VJ5B]) [3mepoch[0m[2m=[0m1
[2m2025-03-25T07:56:33.414880Z[0m [32m INFO[0m [1mnode[0m[1m{[0m[3mname[0m[2m=[0mk#99f25ef6..[1m}[0m[2m:[0m [2msui_core::checkpoints::checkpoint_executor[0m[2m:[0m [2mcrates/sui-core/src/checkpoints/checkpoint_executor/mod.rs[0m[2m:[0m[2m332:[0m Received checkpoint summary from state sync [3msequence_number[0m[2m=[0m566
[2m2025-03-25T07:56:33.414880Z[0m [32m INFO[0m [1mnode[0m[1m{[0m[3mname[0m[2m=[0mk#8dcff6d1..[1m}[0m[2m:[0m [2msui_core::checkpoints::checkpoint_executor[0m[2m:[0m [2mcrates/sui-core/src/checkpoints/checkpoint_executor/mod.rs[0m[2m:[0m[2m332:[0m Received checkpoint summary from state sync [3msequence_number[0m[2m=[0m566
[2m2025-03-25T07:56:33.428536Z[0m [32m INFO[0m [1mnode[0m[1m{[0m[3mname[0m[2m=[0mk#99f25ef6..[1m}[0m[2m:[0m [2msui_core::state_accumulator[0m[2m:[0m [2mcrates/sui-core/src/state_accumulator.rs[0m[2m:[0m[2m675:[0m accumulating running root for checkpoint 566
[2m2025-03-25T07:56:33.428536Z[0m [32m INFO[0m [1mnode[0m[1m{[0m[3mname[0m[2m=[0mk#8dcff6d1..[1m}[0m[2m:[0m [2msui_core::state_accumulator[0m[2m:[0m [2mcrates/sui-core/src/state_accumulator.rs[0m[2m:[0m[2m675:[0m accumulating running root for checkpoint 566
[2m2025-03-25T07:56:33.454903Z[0m [32m INFO[0m [1mnode[0m[1m{[0m[3mname[0m[2m=[0mk#addeef94..[1m}[0m[2m:[0m [2msui_core::checkpoints[0m[2m:[0m [2mcrates/sui-core/src/checkpoints/mod.rs[0m[2m:[0m[2m1326:[0m Creating checkpoint(s) for 1 transactions [3mnext_checkpoint_seq[0m[2m=[0m567 [3mcheckpoint_timestamp[0m[2m=[0m1742889392895
[2m2025-03-25T07:56:33.455154Z[0m [32m INFO[0m [1mnode[0m[1m{[0m[3mname[0m[2m=[0mk#addeef94..[1m}[0m[2m:[0m [2msui_core::checkpoints::checkpoint_output[0m[2m:[0m [2mcrates/sui-core/src/checkpoints/checkpoint_output.rs[0m[2m:[0m[2m149:[0m Creating checkpoint CheckpointDigest(DLoiJ7ysiJMDJYCEoDE11d9Ffxo65Ps4XzaTXJVgj22z) at epoch 1, sequence 567, previous digest Some(CheckpointDigest(92dbQB8aoWp9Bv8CJno6DbHXm7tfdiwReP3Jk8nhgKEp)), transactions count 1, content digest CheckpointContentsDigest(CHW7X6rj66ybkAqVjY3YgUp52df8YQ6fZoGPqjar1nam), end_of_epoch_data None
[2m2025-03-25T07:56:33.460306Z[0m [32m INFO[0m [1mnode[0m[1m{[0m[3mname[0m[2m=[0mk#8dcff6d1..[1m}[0m[2m:[0m [2msui_core::checkpoints[0m[2m:[0m [2mcrates/sui-core/src/checkpoints/mod.rs[0m[2m:[0m[2m1326:[0m Creating checkpoint(s) for 1 transactions [3mnext_checkpoint_seq[0m[2m=[0m567 [3mcheckpoint_timestamp[0m[2m=[0m1742889392895
[2m2025-03-25T07:56:33.460490Z[0m [32m INFO[0m [1mnode[0m[1m{[0m[3mname[0m[2m=[0mk#99f25ef6..[1m}[0m[2m:[0m [2msui_core::checkpoints[0m[2m:[0m [2mcrates/sui-core/src/checkpoints/mod.rs[0m[2m:[0m[2m1326:[0m Creating checkpoint(s) for 1 transactions [3mnext_checkpoint_seq[0m[2m=[0m567 [3mcheckpoint_timestamp[0m[2m=[0m1742889392895
[2m2025-03-25T07:56:33.460492Z[0m [32m INFO[0m [1mnode[0m[1m{[0m[3mname[0m[2m=[0mk#8dcff6d1..[1m}[0m[2m:[0m [2msui_core::checkpoints::checkpoint_output[0m[2m:[0m [2mcrates/sui-core/src/checkpoints/checkpoint_output.rs[0m[2m:[0m[2m149:[0m Creating checkpoint CheckpointDigest(DLoiJ7ysiJMDJYCEoDE11d9Ffxo65Ps4XzaTXJVgj22z) at epoch 1, sequence 567, previous digest Some(CheckpointDigest(92dbQB8aoWp9Bv8CJno6DbHXm7tfdiwReP3Jk8nhgKEp)), transactions count 1, content digest CheckpointContentsDigest(CHW7X6rj66ybkAqVjY3YgUp52df8YQ6fZoGPqjar1nam), end_of_epoch_data None
[2m2025-03-25T07:56:33.460655Z[0m [32m INFO[0m [1mnode[0m[1m{[0m[3mname[0m[2m=[0mk#99f25ef6..[1m}[0m[2m:[0m [2msui_core::checkpoints::checkpoint_output[0m[2m:[0m [2mcrates/sui-core/src/checkpoints/checkpoint_output.rs[0m[2m:[0m[2m149:[0m Creating checkpoint CheckpointDigest(DLoiJ7ysiJMDJYCEoDE11d9Ffxo65Ps4XzaTXJVgj22z) at epoch 1, sequence 567, previous digest Some(CheckpointDigest(92dbQB8aoWp9Bv8CJno6DbHXm7tfdiwReP3Jk8nhgKEp)), transactions count 1, content digest CheckpointContentsDigest(CHW7X6rj66ybkAqVjY3YgUp52df8YQ6fZoGPqjar1nam), end_of_epoch_data None
[2m2025-03-25T07:56:33.521819Z[0m [32m INFO[0m [1mnode[0m[1m{[0m[3mname[0m[2m=[0mk#addeef94..[1m}[0m[2m:[0m [2msui_core::checkpoints::checkpoint_executor[0m[2m:[0m [2mcrates/sui-core/src/checkpoints/checkpoint_executor/mod.rs[0m[2m:[0m[2m332:[0m Received checkpoint summary from state sync [3msequence_number[0m[2m=[0m566
[2m2025-03-25T07:56:33.523256Z[0m [32m INFO[0m [1mnode[0m[1m{[0m[3mname[0m[2m=[0mk#addeef94..[1m}[0m[2m:[0m [2msui_core::state_accumulator[0m[2m:[0m [2mcrates/sui-core/src/state_accumulator.rs[0m[2m:[0m[2m675:[0m accumulating running root for checkpoint 566
[2m2025-03-25T07:56:33.662870Z[0m [32m INFO[0m [1mnode[0m[1m{[0m[3mname[0m[2m=[0mk#addeef94..[1m}[0m[2m:[0m [2mconsensus_core::core[0m[2m:[0m [2mconsensus/core/src/core.rs[0m[2m:[0m[2m945:[0m Included 3 ancestors & excluded 0 ancestors for proposal in round 367
[2m2025-03-25T07:56:33.663246Z[0m [32m INFO[0m [1mnode[0m[1m{[0m[3mname[0m[2m=[0mk#addeef94..[1m}[0m[2m:[0m [2mconsensus_core::core[0m[2m:[0m [2mconsensus/core/src/core.rs[0m[2m:[0m[2m531:[0m Created block B367(C,fZqQH5woXcDvFijx7Fp6Ee9JNwJGKoGDWK/8iSXuPQc=)(1742889393663ms;[B366(C,DyEEQfwCi9E5FPckDEvatWKAlZ7rKqQvgSc2bIGEcM0=), B366(A,NGYUqVE2mu5kUXzqeBNcnFoVoOZSC51mt1SIGCeZnw0=), B366(B,bJEOatLnx1crRWhXnx0gz9zw/pOYvQVPLPOz/mE4prg=)];1t;1c) for round 367
[2m2025-03-25T07:56:33.665271Z[0m [32m INFO[0m [1mnode[0m[1m{[0m[3mname[0m[2m=[0mk#99f25ef6..[1m}[0m[2m:[0m [2mconsensus_core::core[0m[2m:[0m [2mconsensus/core/src/core.rs[0m[2m:[0m[2m945:[0m Included 3 ancestors & excluded 0 ancestors for proposal in round 367
[2m2025-03-25T07:56:33.665559Z[0m [32m INFO[0m [1mnode[0m[1m{[0m[3mname[0m[2m=[0mk#99f25ef6..[1m}[0m[2m:[0m [2mconsensus_core::core[0m[2m:[0m [2mconsensus/core/src/core.rs[0m[2m:[0m[2m531:[0m Created block B367(B,ua0a03192VfcUv2SYWiUNCZYm0iDbhmeBcoP1YWirac=)(1742889393665ms;[B366(B,bJEOatLnx1crRWhXnx0gz9zw/pOYvQVPLPOz/mE4prg=), B366(A,NGYUqVE2mu5kUXzqeBNcnFoVoOZSC51mt1SIGCeZnw0=), B366(C,DyEEQfwCi9E5FPckDEvatWKAlZ7rKqQvgSc2bIGEcM0=)];1t;1c) for round 367
[2m2025-03-25T07:56:33.665629Z[0m [32m INFO[0m [1mnode[0m[1m{[0m[3mname[0m[2m=[0mk#99f25ef6..[1m}[0m[2m:[0m [2mconsensus_core::core[0m[2m:[0m [2mconsensus/core/src/core.rs[0m[2m:[0m[2m630:[0m Committing 1 leaders: B365(A,ekgV)
[2m2025-03-25T07:56:33.665703Z[0m [32m INFO[0m [1mnode[0m[1m{[0m[3mname[0m[2m=[0mk#99f25ef6..[1m}[0m[2m:[0m [2mconsensus_core::commit_observer[0m[2m:[0m [2mconsensus/core/src/commit_observer.rs[0m[2m:[0m[2m173:[0m Consensus commit C355(rpv5) with leader B365(A,ekgV) has 3 blocks
[2m2025-03-25T07:56:33.665791Z[0m [32m INFO[0m [1mnode[0m[1m{[0m[3mname[0m[2m=[0mk#99f25ef6..[1m}[0m[2m:[0m [2msui_core::consensus_handler[0m[2m:[0m [2mcrates/sui-core/src/consensus_handler.rs[0m[2m:[0m[2m232:[0m Received consensus output [3mconsensus_commit[0m[2m=[0mCommittedSubDag(leader=B365(A,ekgV), ref=C355(rpv5), blocks=[FEfe, wC3+, ekgV]) [3mepoch[0m[2m=[0m1
[2m2025-03-25T07:56:33.666385Z[0m [32m INFO[0m [1mnode[0m[1m{[0m[3mname[0m[2m=[0mk#8dcff6d1..[1m}[0m[2m:[0m [2mconsensus_core::core[0m[2m:[0m [2mconsensus/core/src/core.rs[0m[2m:[0m[2m945:[0m Included 3 ancestors & excluded 0 ancestors for proposal in round 367
[2m2025-03-25T07:56:33.666675Z[0m [32m INFO[0m [1mnode[0m[1m{[0m[3mname[0m[2m=[0mk#8dcff6d1..[1m}[0m[2m:[0m [2mconsensus_core::core[0m[2m:[0m [2mconsensus/core/src/core.rs[0m[2m:[0m[2m531:[0m Created block B367(A,GwOjz4omImg7H8x0RS47FYvBIqV5PnktEQZJ3XSOXao=)(1742889393666ms;[B366(A,NGYUqVE2mu5kUXzqeBNcnFoVoOZSC51mt1SIGCeZnw0=), B366(B,bJEOatLnx1crRWhXnx0gz9zw/pOYvQVPLPOz/mE4prg=), B366(C,DyEEQfwCi9E5FPckDEvatWKAlZ7rKqQvgSc2bIGEcM0=)];1t;1c) for round 367
[2m2025-03-25T07:56:33.666738Z[0m [32m INFO[0m [1mnode[0m[1m{[0m[3mname[0m[2m=[0mk#8dcff6d1..[1m}[0m[2m:[0m [2mconsensus_core::core[0m[2m:[0m [2mconsensus/core/src/core.rs[0m[2m:[0m[2m630:[0m Committing 1 leaders: B365(A,ekgV)
[2m2025-03-25T07:56:33.666802Z[0m [32m INFO[0m [1mnode[0m[1m{[0m[3mname[0m[2m=[0mk#8dcff6d1..[1m}[0m[2m:[0m [2mconsensus_core::commit_observer[0m[2m:[0m [2mconsensus/core/src/commit_observer.rs[0m[2m:[0m[2m173:[0m Consensus commit C355(rpv5) with leader B365(A,ekgV) has 3 blocks
[2m2025-03-25T07:56:33.666877Z[0m [32m INFO[0m [1mnode[0m[1m{[0m[3mname[0m[2m=[0mk#8dcff6d1..[1m}[0m[2m:[0m [2msui_core::consensus_handler[0m[2m:[0m [2mcrates/sui-core/src/consensus_handler.rs[0m[2m:[0m[2m232:[0m Received consensus output [3mconsensus_commit[0m[2m=[0mCommittedSubDag(leader=B365(A,ekgV), ref=C355(rpv5), blocks=[FEfe, wC3+, ekgV]) [3mepoch[0m[2m=[0m1
[2m2025-03-25T07:56:33.668204Z[0m [32m INFO[0m [1mnode[0m[1m{[0m[3mname[0m[2m=[0mk#addeef94..[1m}[0m[2m:[0m [2mconsensus_core::core[0m[2m:[0m [2mconsensus/core/src/core.rs[0m[2m:[0m[2m630:[0m Committing 1 leaders: B365(A,ekgV)
[2m2025-03-25T07:56:33.668302Z[0m [32m INFO[0m [1mnode[0m[1m{[0m[3mname[0m[2m=[0mk#addeef94..[1m}[0m[2m:[0m [2mconsensus_core::commit_observer[0m[2m:[0m [2mconsensus/core/src/commit_observer.rs[0m[2m:[0m[2m173:[0m Consensus commit C355(rpv5) with leader B365(A,ekgV) has 3 blocks
[2m2025-03-25T07:56:33.668377Z[0m [32m INFO[0m [1mnode[0m[1m{[0m[3mname[0m[2m=[0mk#addeef94..[1m}[0m[2m:[0m [2msui_core::consensus_handler[0m[2m:[0m [2mcrates/sui-core/src/consensus_handler.rs[0m[2m:[0m[2m232:[0m Received consensus output [3mconsensus_commit[0m[2m=[0mCommittedSubDag(leader=B365(A,ekgV), ref=C355(rpv5), blocks=[FEfe, wC3+, ekgV]) [3mepoch[0m[2m=[0m1
[2m2025-03-25T07:56:33.692825Z[0m [32m INFO[0m [1mnode[0m[1m{[0m[3mname[0m[2m=[0mk#99f25ef6..[1m}[0m[2m:[0m [2msui_core::checkpoints[0m[2m:[0m [2mcrates/sui-core/src/checkpoints/mod.rs[0m[2m:[0m[2m1326:[0m Creating checkpoint(s) for 2 transactions [3mnext_checkpoint_seq[0m[2m=[0m568 [3mcheckpoint_timestamp[0m[2m=[0m1742889393153
[2m2025-03-25T07:56:33.693044Z[0m [32m INFO[0m [1mnode[0m[1m{[0m[3mname[0m[2m=[0mk#8dcff6d1..[1m}[0m[2m:[0m [2msui_core::checkpoints[0m[2m:[0m [2mcrates/sui-core/src/checkpoints/mod.rs[0m[2m:[0m[2m1326:[0m Creating checkpoint(s) for 2 transactions [3mnext_checkpoint_seq[0m[2m=[0m568 [3mcheckpoint_timestamp[0m[2m=[0m1742889393153
[2m2025-03-25T07:56:33.693138Z[0m [32m INFO[0m [1mnode[0m[1m{[0m[3mname[0m[2m=[0mk#99f25ef6..[1m}[0m[2m:[0m [2msui_core::checkpoints::checkpoint_output[0m[2m:[0m [2mcrates/sui-core/src/checkpoints/checkpoint_output.rs[0m[2m:[0m[2m149:[0m Creating checkpoint CheckpointDigest(2TPkxZCyZfFpo6G3hrw9udCi2yRBa3AS3GPtvt384ug1) at epoch 1, sequence 568, previous digest Some(CheckpointDigest(DLoiJ7ysiJMDJYCEoDE11d9Ffxo65Ps4XzaTXJVgj22z)), transactions count 2, content digest CheckpointContentsDigest(E5CqU7TnbKcHJxiw67wgQpAGNF2vYshH3Ts85jkWgVGk), end_of_epoch_data None
[2m2025-03-25T07:56:33.693286Z[0m [32m INFO[0m [1mnode[0m[1m{[0m[3mname[0m[2m=[0mk#8dcff6d1..[1m}[0m[2m:[0m [2msui_core::checkpoints::checkpoint_output[0m[2m:[0m [2mcrates/sui-core/src/checkpoints/checkpoint_output.rs[0m[2m:[0m[2m149:[0m Creating checkpoint CheckpointDigest(2TPkxZCyZfFpo6G3hrw9udCi2yRBa3AS3GPtvt384ug1) at epoch 1, sequence 568, previous digest Some(CheckpointDigest(DLoiJ7ysiJMDJYCEoDE11d9Ffxo65Ps4XzaTXJVgj22z)), transactions count 2, content digest CheckpointContentsDigest(E5CqU7TnbKcHJxiw67wgQpAGNF2vYshH3Ts85jkWgVGk), end_of_epoch_data None
[2m2025-03-25T07:56:33.694462Z[0m [32m INFO[0m [1mnode[0m[1m{[0m[3mname[0m[2m=[0mk#addeef94..[1m}[0m[2m:[0m [2msui_core::checkpoints[0m[2m:[0m [2mcrates/sui-core/src/checkpoints/mod.rs[0m[2m:[0m[2m1326:[0m Creating checkpoint(s) for 2 transactions [3mnext_checkpoint_seq[0m[2m=[0m568 [3mcheckpoint_timestamp[0m[2m=[0m1742889393153
[2m2025-03-25T07:56:33.694712Z[0m [32m INFO[0m [1mnode[0m[1m{[0m[3mname[0m[2m=[0mk#addeef94..[1m}[0m[2m:[0m [2msui_core::checkpoints::checkpoint_output[0m[2m:[0m [2mcrates/sui-core/src/checkpoints/checkpoint_output.rs[0m[2m:[0m[2m149:[0m Creating checkpoint CheckpointDigest(2TPkxZCyZfFpo6G3hrw9udCi2yRBa3AS3GPtvt384ug1) at epoch 1, sequence 568, previous digest Some(CheckpointDigest(DLoiJ7ysiJMDJYCEoDE11d9Ffxo65Ps4XzaTXJVgj22z)), transactions count 2, content digest CheckpointContentsDigest(E5CqU7TnbKcHJxiw67wgQpAGNF2vYshH3Ts85jkWgVGk), end_of_epoch_data None
[2m2025-03-25T07:56:33.696328Z[0m [32m INFO[0m [1mnode[0m[1m{[0m[3mname[0m[2m=[0mk#99f25ef6..[1m}[0m[2m:[0m [2msui_core::checkpoints::checkpoint_output[0m[2m:[0m [2mcrates/sui-core/src/checkpoints/checkpoint_output.rs[0m[2m:[0m[2m196:[0m Certified checkpoint with sequence 567 and digest DLoiJ7ysiJMDJYCEoDE11d9Ffxo65Ps4XzaTXJVgj22z
[2m2025-03-25T07:56:33.696336Z[0m [32m INFO[0m [1mnode[0m[1m{[0m[3mname[0m[2m=[0mk#8dcff6d1..[1m}[0m[2m:[0m [2msui_core::checkpoints::checkpoint_output[0m[2m:[0m [2mcrates/sui-core/src/checkpoints/checkpoint_output.rs[0m[2m:[0m[2m196:[0m Certified checkpoint with sequence 567 and digest DLoiJ7ysiJMDJYCEoDE11d9Ffxo65Ps4XzaTXJVgj22z
[2m2025-03-25T07:56:33.696784Z[0m [32m INFO[0m [1mnode[0m[1m{[0m[3mname[0m[2m=[0mk#99f25ef6..[1m}[0m[2m:[0m [2msui_core::checkpoints::checkpoint_executor[0m[2m:[0m [2mcrates/sui-core/src/checkpoints/checkpoint_executor/mod.rs[0m[2m:[0m[2m332:[0m Received checkpoint summary from state sync [3msequence_number[0m[2m=[0m567
[2m2025-03-25T07:56:33.696785Z[0m [32m INFO[0m [1mnode[0m[1m{[0m[3mname[0m[2m=[0mk#8dcff6d1..[1m}[0m[2m:[0m [2msui_core::checkpoints::checkpoint_executor[0m[2m:[0m [2mcrates/sui-core/src/checkpoints/checkpoint_executor/mod.rs[0m[2m:[0m[2m332:[0m Received checkpoint summary from state sync [3msequence_number[0m[2m=[0m567
[2m2025-03-25T07:56:33.697960Z[0m [32m INFO[0m [1mnode[0m[1m{[0m[3mname[0m[2m=[0mk#99f25ef6..[1m}[0m[2m:[0m [2msui_core::state_accumulator[0m[2m:[0m [2mcrates/sui-core/src/state_accumulator.rs[0m[2m:[0m[2m675:[0m accumulating running root for checkpoint 567
[2m2025-03-25T07:56:33.697961Z[0m [32m INFO[0m [1mnode[0m[1m{[0m[3mname[0m[2m=[0mk#8dcff6d1..[1m}[0m[2m:[0m [2msui_core::state_accumulator[0m[2m:[0m [2mcrates/sui-core/src/state_accumulator.rs[0m[2m:[0m[2m675:[0m accumulating running root for checkpoint 567
[2m2025-03-25T07:56:33.700127Z[0m [32m INFO[0m [1mnode[0m[1m{[0m[3mname[0m[2m=[0mk#addeef94..[1m}[0m[2m:[0m [2msui_core::checkpoints::checkpoint_executor[0m[2m:[0m [2mcrates/sui-core/src/checkpoints/checkpoint_executor/mod.rs[0m[2m:[0m[2m332:[0m Received checkpoint summary from state sync [3msequence_number[0m[2m=[0m567
[2m2025-03-25T07:56:33.700848Z[0m [32m INFO[0m [1mnode[0m[1m{[0m[3mname[0m[2m=[0mk#addeef94..[1m}[0m[2m:[0m [2msui_core::state_accumulator[0m[2m:[0m [2mcrates/sui-core/src/state_accumulator.rs[0m[2m:[0m[2m675:[0m accumulating running root for checkpoint 567
[2m2025-03-25T07:56:33.918657Z[0m [32m INFO[0m [1mnode[0m[1m{[0m[3mname[0m[2m=[0mk#99f25ef6..[1m}[0m[2m:[0m [2mconsensus_core::core[0m[2m:[0m [2mconsensus/core/src/core.rs[0m[2m:[0m[2m945:[0m Included 3 ancestors & excluded 0 ancestors for proposal in round 368
[2m2025-03-25T07:56:33.918742Z[0m [32m INFO[0m [1mnode[0m[1m{[0m[3mname[0m[2m=[0mk#addeef94..[1m}[0m[2m:[0m [2mconsensus_core::core[0m[2m:[0m [2mconsensus/core/src/core.rs[0m[2m:[0m[2m945:[0m Included 3 ancestors & excluded 0 ancestors for proposal in round 368
[2m2025-03-25T07:56:33.919074Z[0m [32m INFO[0m [1mnode[0m[1m{[0m[3mname[0m[2m=[0mk#addeef94..[1m}[0m[2m:[0m [2mconsensus_core::core[0m[2m:[0m [2mconsensus/core/src/core.rs[0m[2m:[0m[2m531:[0m Created block B368(C,JpjkJkmyktvmZyW5pFsqpVSzrPvCAQaTN5tCSnOnWYo=)(1742889393918ms;[B367(C,fZqQH5woXcDvFijx7Fp6Ee9JNwJGKoGDWK/8iSXuPQc=), B367(A,GwOjz4omImg7H8x0RS47FYvBIqV5PnktEQZJ3XSOXao=), B367(B,ua0a03192VfcUv2SYWiUNCZYm0iDbhmeBcoP1YWirac=)];1t;1c) for round 368
[2m2025-03-25T07:56:33.919074Z[0m [32m INFO[0m [1mnode[0m[1m{[0m[3mname[0m[2m=[0mk#99f25ef6..[1m}[0m[2m:[0m [2mconsensus_core::core[0m[2m:[0m [2mconsensus/core/src/core.rs[0m[2m:[0m[2m531:[0m Created block B368(B,RCMujkDPB4OSi43l0+K44riCjwKHgTxdSbdaZ6Yz6G8=)(1742889393918ms;[B367(B,ua0a03192VfcUv2SYWiUNCZYm0iDbhmeBcoP1YWirac=), B367(A,GwOjz4omImg7H8x0RS47FYvBIqV5PnktEQZJ3XSOXao=), B367(C,fZqQH5woXcDvFijx7Fp6Ee9JNwJGKoGDWK/8iSXuPQc=)];1t;1c) for round 368
[2m2025-03-25T07:56:33.921051Z[0m [32m INFO[0m [1mnode[0m[1m{[0m[3mname[0m[2m=[0mk#99f25ef6..[1m}[0m[2m:[0m [2mconsensus_core::core[0m[2m:[0m [2mconsensus/core/src/core.rs[0m[2m:[0m[2m630:[0m Committing 1 leaders: B366(A,NGYU)
[2m2025-03-25T07:56:33.921096Z[0m [32m INFO[0m [1mnode[0m[1m{[0m[3mname[0m[2m=[0mk#addeef94..[1m}[0m[2m:[0m [2mconsensus_core::core[0m[2m:[0m [2mconsensus/core/src/core.rs[0m[2m:[0m[2m630:[0m Committing 1 leaders: B366(A,NGYU)
[2m2025-03-25T07:56:33.921147Z[0m [32m INFO[0m [1mnode[0m[1m{[0m[3mname[0m[2m=[0mk#99f25ef6..[1m}[0m[2m:[0m [2mconsensus_core::commit_observer[0m[2m:[0m [2mconsensus/core/src/commit_observer.rs[0m[2m:[0m[2m173:[0m Consensus commit C356(pdgN) with leader B366(A,NGYU) has 3 blocks
[2m2025-03-25T07:56:33.921183Z[0m [32m INFO[0m [1mnode[0m[1m{[0m[3mname[0m[2m=[0mk#addeef94..[1m}[0m[2m:[0m [2mconsensus_core::commit_observer[0m[2m:[0m [2mconsensus/core/src/commit_observer.rs[0m[2m:[0m[2m173:[0m Consensus commit C356(pdgN) with leader B366(A,NGYU) has 3 blocks
[2m2025-03-25T07:56:33.921236Z[0m [32m INFO[0m [1mnode[0m[1m{[0m[3mname[0m[2m=[0mk#99f25ef6..[1m}[0m[2m:[0m [2msui_core::consensus_handler[0m[2m:[0m [2mcrates/sui-core/src/consensus_handler.rs[0m[2m:[0m[2m232:[0m Received consensus output [3mconsensus_commit[0m[2m=[0mCommittedSubDag(leader=B366(A,NGYU), ref=C356(pdgN), blocks=[ZRR9, dcVO, NGYU]) [3mepoch[0m[2m=[0m1
[2m2025-03-25T07:56:33.921255Z[0m [32m INFO[0m [1mnode[0m[1m{[0m[3mname[0m[2m=[0mk#addeef94..[1m}[0m[2m:[0m [2msui_core::consensus_handler[0m[2m:[0m [2mcrates/sui-core/src/consensus_handler.rs[0m[2m:[0m[2m232:[0m Received consensus output [3mconsensus_commit[0m[2m=[0mCommittedSubDag(leader=B366(A,NGYU), ref=C356(pdgN), blocks=[ZRR9, dcVO, NGYU]) [3mepoch[0m[2m=[0m1
[2m2025-03-25T07:56:33.922021Z[0m [32m INFO[0m [1mnode[0m[1m{[0m[3mname[0m[2m=[0mk#8dcff6d1..[1m}[0m[2m:[0m [2mconsensus_core::core[0m[2m:[0m [2mconsensus/core/src/core.rs[0m[2m:[0m[2m945:[0m Included 3 ancestors & excluded 0 ancestors for proposal in round 368
[2m2025-03-25T07:56:33.922323Z[0m [32m INFO[0m [1mnode[0m[1m{[0m[3mname[0m[2m=[0mk#8dcff6d1..[1m}[0m[2m:[0m [2mconsensus_core::core[0m[2m:[0m [2mconsensus/core/src/core.rs[0m[2m:[0m[2m531:[0m Created block B368(A,EeIfw/G39y//dRm7ql6nk1hGKhw7pA1d5l1tOuKouWM=)(1742889393922ms;[B367(A,GwOjz4omImg7H8x0RS47FYvBIqV5PnktEQZJ3XSOXao=), B367(B,ua0a03192VfcUv2SYWiUNCZYm0iDbhmeBcoP1YWirac=), B367(C,fZqQH5woXcDvFijx7Fp6Ee9JNwJGKoGDWK/8iSXuPQc=)];1t;1c) for round 368
[2m2025-03-25T07:56:33.922526Z[0m [32m INFO[0m [1mnode[0m[1m{[0m[3mname[0m[2m=[0mk#8dcff6d1..[1m}[0m[2m:[0m [2mconsensus_core::core[0m[2m:[0m [2mconsensus/core/src/core.rs[0m[2m:[0m[2m630:[0m Committing 1 leaders: B366(A,NGYU)
[2m2025-03-25T07:56:33.922643Z[0m [32m INFO[0m [1mnode[0m[1m{[0m[3mname[0m[2m=[0mk#8dcff6d1..[1m}[0m[2m:[0m [2mconsensus_core::commit_observer[0m[2m:[0m [2mconsensus/core/src/commit_observer.rs[0m[2m:[0m[2m173:[0m Consensus commit C356(pdgN) with leader B366(A,NGYU) has 3 blocks
[2m2025-03-25T07:56:33.923801Z[0m [32m INFO[0m [1mnode[0m[1m{[0m[3mname[0m[2m=[0mk#8dcff6d1..[1m}[0m[2m:[0m [2msui_core::checkpoints::checkpoint_output[0m[2m:[0m [2mcrates/sui-core/src/checkpoints/checkpoint_output.rs[0m[2m:[0m[2m196:[0m Certified checkpoint with sequence 568 and digest 2TPkxZCyZfFpo6G3hrw9udCi2yRBa3AS3GPtvt384ug1
[2m2025-03-25T07:56:33.923933Z[0m [32m INFO[0m [1mnode[0m[1m{[0m[3mname[0m[2m=[0mk#8dcff6d1..[1m}[0m[2m:[0m [2msui_core::consensus_handler[0m[2m:[0m [2mcrates/sui-core/src/consensus_handler.rs[0m[2m:[0m[2m232:[0m Received consensus output [3mconsensus_commit[0m[2m=[0mCommittedSubDag(leader=B366(A,NGYU), ref=C356(pdgN), blocks=[ZRR9, dcVO, NGYU]) [3mepoch[0m[2m=[0m1
[2m2025-03-25T07:56:33.936854Z[0m [32m INFO[0m [1mnode[0m[1m{[0m[3mname[0m[2m=[0mk#8dcff6d1..[1m}[0m[2m:[0m [2msui_core::checkpoints::checkpoint_executor[0m[2m:[0m [2mcrates/sui-core/src/checkpoints/checkpoint_executor/mod.rs[0m[2m:[0m[2m332:[0m Received checkpoint summary from state sync [3msequence_number[0m[2m=[0m568
[2m2025-03-25T07:56:33.944861Z[0m [32m INFO[0m [1mnode[0m[1m{[0m[3mname[0m[2m=[0mk#8dcff6d1..[1m}[0m[2m:[0m [2msui_core::state_accumulator[0m[2m:[0m [2mcrates/sui-core/src/state_accumulator.rs[0m[2m:[0m[2m675:[0m accumulating running root for checkpoint 568
[2m2025-03-25T07:56:33.967355Z[0m [32m INFO[0m [1mnode[0m[1m{[0m[3mname[0m[2m=[0mk#addeef94..[1m}[0m[2m:[0m [2msui_core::checkpoints[0m[2m:[0m [2mcrates/sui-core/src/checkpoints/mod.rs[0m[2m:[0m[2m1326:[0m Creating checkpoint(s) for 1 transactions [3mnext_checkpoint_seq[0m[2m=[0m569 [3mcheckpoint_timestamp[0m[2m=[0m1742889393406
[2m2025-03-25T07:56:33.967355Z[0m [32m INFO[0m [1mnode[0m[1m{[0m[3mname[0m[2m=[0mk#99f25ef6..[1m}[0m[2m:[0m [2msui_core::checkpoints[0m[2m:[0m [2mcrates/sui-core/src/checkpoints/mod.rs[0m[2m:[0m[2m1326:[0m Creating checkpoint(s) for 1 transactions [3mnext_checkpoint_seq[0m[2m=[0m569 [3mcheckpoint_timestamp[0m[2m=[0m1742889393406
[2m2025-03-25T07:56:33.967593Z[0m [32m INFO[0m [1mnode[0m[1m{[0m[3mname[0m[2m=[0mk#99f25ef6..[1m}[0m[2m:[0m [2msui_core::checkpoints::checkpoint_output[0m[2m:[0m [2mcrates/sui-core/src/checkpoints/checkpoint_output.rs[0m[2m:[0m[2m149:[0m Creating checkpoint CheckpointDigest(7nQUnCtSki9xVFdRCbLQZxopgHfescvSSANaZxztaUZu) at epoch 1, sequence 569, previous digest Some(CheckpointDigest(2TPkxZCyZfFpo6G3hrw9udCi2yRBa3AS3GPtvt384ug1)), transactions count 1, content digest CheckpointContentsDigest(GUXgTiLcfcmHMwKmUptNEUTtdDYSL4RBGkMD53c6pD5m), end_of_epoch_data None
[2m2025-03-25T07:56:33.967593Z[0m [32m INFO[0m [1mnode[0m[1m{[0m[3mname[0m[2m=[0mk#addeef94..[1m}[0m[2m:[0m [2msui_core::checkpoints::checkpoint_output[0m[2m:[0m [2mcrates/sui-core/src/checkpoints/checkpoint_output.rs[0m[2m:[0m[2m149:[0m Creating checkpoint CheckpointDigest(7nQUnCtSki9xVFdRCbLQZxopgHfescvSSANaZxztaUZu) at epoch 1, sequence 569, previous digest Some(CheckpointDigest(2TPkxZCyZfFpo6G3hrw9udCi2yRBa3AS3GPtvt384ug1)), transactions count 1, content digest CheckpointContentsDigest(GUXgTiLcfcmHMwKmUptNEUTtdDYSL4RBGkMD53c6pD5m), end_of_epoch_data None
[2m2025-03-25T07:56:33.970609Z[0m [32m INFO[0m [1mnode[0m[1m{[0m[3mname[0m[2m=[0mk#8dcff6d1..[1m}[0m[2m:[0m [2msui_core::checkpoints[0m[2m:[0m [2mcrates/sui-core/src/checkpoints/mod.rs[0m[2m:[0m[2m1326:[0m Creating checkpoint(s) for 1 transactions [3mnext_checkpoint_seq[0m[2m=[0m569 [3mcheckpoint_timestamp[0m[2m=[0m1742889393406
[2m2025-03-25T07:56:33.970789Z[0m [32m INFO[0m [1mnode[0m[1m{[0m[3mname[0m[2m=[0mk#8dcff6d1..[1m}[0m[2m:[0m [2msui_core::checkpoints::checkpoint_output[0m[2m:[0m [2mcrates/sui-core/src/checkpoints/checkpoint_output.rs[0m[2m:[0m[2m149:[0m Creating checkpoint CheckpointDigest(7nQUnCtSki9xVFdRCbLQZxopgHfescvSSANaZxztaUZu) at epoch 1, sequence 569, previous digest Some(CheckpointDigest(2TPkxZCyZfFpo6G3hrw9udCi2yRBa3AS3GPtvt384ug1)), transactions count 1, content digest CheckpointContentsDigest(GUXgTiLcfcmHMwKmUptNEUTtdDYSL4RBGkMD53c6pD5m), end_of_epoch_data None
[2m2025-03-25T07:56:33.971005Z[0m [32m INFO[0m [1mnode[0m[1m{[0m[3mname[0m[2m=[0mk#99f25ef6..[1m}[0m[2m:[0m [2msui_core::checkpoints::checkpoint_output[0m[2m:[0m [2mcrates/sui-core/src/checkpoints/checkpoint_output.rs[0m[2m:[0m[2m196:[0m Certified checkpoint with sequence 568 and digest 2TPkxZCyZfFpo6G3hrw9udCi2yRBa3AS3GPtvt384ug1
[2m2025-03-25T07:56:33.974270Z[0m [32m INFO[0m [1mnode[0m[1m{[0m[3mname[0m[2m=[0mk#99f25ef6..[1m}[0m[2m:[0m [2msui_core::checkpoints::checkpoint_executor[0m[2m:[0m [2mcrates/sui-core/src/checkpoints/checkpoint_executor/mod.rs[0m[2m:[0m[2m332:[0m Received checkpoint summary from state sync [3msequence_number[0m[2m=[0m568
[2m2025-03-25T07:56:33.992492Z[0m [32m INFO[0m [1mnode[0m[1m{[0m[3mname[0m[2m=[0mk#99f25ef6..[1m}[0m[2m:[0m [2msui_core::state_accumulator[0m[2m:[0m [2mcrates/sui-core/src/state_accumulator.rs[0m[2m:[0m[2m675:[0m accumulating running root for checkpoint 568
[2m2025-03-25T07:56:34.035346Z[0m [32m INFO[0m [1mnode[0m[1m{[0m[3mname[0m[2m=[0mk#addeef94..[1m}[0m[2m:[0m [2msui_core::checkpoints::checkpoint_executor[0m[2m:[0m [2mcrates/sui-core/src/checkpoints/checkpoint_executor/mod.rs[0m[2m:[0m[2m332:[0m Received checkpoint summary from state sync [3msequence_number[0m[2m=[0m568
[2m2025-03-25T07:56:34.036627Z[0m [32m INFO[0m [1mnode[0m[1m{[0m[3mname[0m[2m=[0mk#addeef94..[1m}[0m[2m:[0m [2msui_core::state_accumulator[0m[2m:[0m [2mcrates/sui-core/src/state_accumulator.rs[0m[2m:[0m[2m675:[0m accumulating running root for checkpoint 568
[2m2025-03-25T07:56:34.172225Z[0m [32m INFO[0m [1mnode[0m[1m{[0m[3mname[0m[2m=[0mk#99f25ef6..[1m}[0m[2m:[0m [2mconsensus_core::core[0m[2m:[0m [2mconsensus/core/src/core.rs[0m[2m:[0m[2m945:[0m Included 3 ancestors & excluded 0 ancestors for proposal in round 369
[2m2025-03-25T07:56:34.172225Z[0m [32m INFO[0m [1mnode[0m[1m{[0m[3mname[0m[2m=[0mk#addeef94..[1m}[0m[2m:[0m [2mconsensus_core::core[0m[2m:[0m [2mconsensus/core/src/core.rs[0m[2m:[0m[2m945:[0m Included 3 ancestors & excluded 0 ancestors for proposal in round 369
[2m2025-03-25T07:56:34.172630Z[0m [32m INFO[0m [1mnode[0m[1m{[0m[3mname[0m[2m=[0mk#addeef94..[1m}[0m[2m:[0m [2mconsensus_core::core[0m[2m:[0m [2mconsensus/core/src/core.rs[0m[2m:[0m[2m531:[0m Created block B369(C,KOIVLeGC5ryvsA4hpN3HMd2H69xE0ds6zvPBF6IhJzM=)(1742889394172ms;[B368(C,JpjkJkmyktvmZyW5pFsqpVSzrPvCAQaTN5tCSnOnWYo=), B368(A,EeIfw/G39y//dRm7ql6nk1hGKhw7pA1d5l1tOuKouWM=), B368(B,RCMujkDPB4OSi43l0+K44riCjwKHgTxdSbdaZ6Yz6G8=)];1t;1c) for round 369
[2m2025-03-25T07:56:34.172630Z[0m [32m INFO[0m [1mnode[0m[1m{[0m[3mname[0m[2m=[0mk#99f25ef6..[1m}[0m[2m:[0m [2mconsensus_core::core[0m[2m:[0m [2mconsensus/core/src/core.rs[0m[2m:[0m[2m531:[0m Created block B369(B,KY/ml1aUZIKx8nADiSHqr+DCe3JeZxgK6IFw53+Owow=)(1742889394172ms;[B368(B,RCMujkDPB4OSi43l0+K44riCjwKHgTxdSbdaZ6Yz6G8=), B368(A,EeIfw/G39y//dRm7ql6nk1hGKhw7pA1d5l1tOuKouWM=), B368(C,JpjkJkmyktvmZyW5pFsqpVSzrPvCAQaTN5tCSnOnWYo=)];1t;1c) for round 369
[2m2025-03-25T07:56:34.174533Z[0m [32m INFO[0m [1mnode[0m[1m{[0m[3mname[0m[2m=[0mk#99f25ef6..[1m}[0m[2m:[0m [2mconsensus_core::core[0m[2m:[0m [2mconsensus/core/src/core.rs[0m[2m:[0m[2m630:[0m Committing 1 leaders: B367(B,ua0a)
[2m2025-03-25T07:56:34.174582Z[0m [32m INFO[0m [1mnode[0m[1m{[0m[3mname[0m[2m=[0mk#addeef94..[1m}[0m[2m:[0m [2mconsensus_core::core[0m[2m:[0m [2mconsensus/core/src/core.rs[0m[2m:[0m[2m630:[0m Committing 1 leaders: B367(B,ua0a)
[2m2025-03-25T07:56:34.174630Z[0m [32m INFO[0m [1mnode[0m[1m{[0m[3mname[0m[2m=[0mk#99f25ef6..[1m}[0m[2m:[0m [2mconsensus_core::commit_observer[0m[2m:[0m [2mconsensus/core/src/commit_observer.rs[0m[2m:[0m[2m173:[0m Consensus commit C357(rcuK) with leader B367(B,ua0a) has 3 blocks
[2m2025-03-25T07:56:34.174672Z[0m [32m INFO[0m [1mnode[0m[1m{[0m[3mname[0m[2m=[0mk#addeef94..[1m}[0m[2m:[0m [2mconsensus_core::commit_observer[0m[2m:[0m [2mconsensus/core/src/commit_observer.rs[0m[2m:[0m[2m173:[0m Consensus commit C357(rcuK) with leader B367(B,ua0a) has 3 blocks
[2m2025-03-25T07:56:34.174716Z[0m [32m INFO[0m [1mnode[0m[1m{[0m[3mname[0m[2m=[0mk#99f25ef6..[1m}[0m[2m:[0m [2msui_core::consensus_handler[0m[2m:[0m [2mcrates/sui-core/src/consensus_handler.rs[0m[2m:[0m[2m232:[0m Received consensus output [3mconsensus_commit[0m[2m=[0mCommittedSubDag(leader=B367(B,ua0a), ref=C357(rcuK), blocks=[bJEO, DyEE, ua0a]) [3mepoch[0m[2m=[0m1
[2m2025-03-25T07:56:34.174744Z[0m [32m INFO[0m [1mnode[0m[1m{[0m[3mname[0m[2m=[0mk#addeef94..[1m}[0m[2m:[0m [2msui_core::consensus_handler[0m[2m:[0m [2mcrates/sui-core/src/consensus_handler.rs[0m[2m:[0m[2m232:[0m Received consensus output [3mconsensus_commit[0m[2m=[0mCommittedSubDag(leader=B367(B,ua0a), ref=C357(rcuK), blocks=[bJEO, DyEE, ua0a]) [3mepoch[0m[2m=[0m1
[2m2025-03-25T07:56:34.176672Z[0m [32m INFO[0m [1mnode[0m[1m{[0m[3mname[0m[2m=[0mk#8dcff6d1..[1m}[0m[2m:[0m [2msui_core::checkpoints::checkpoint_output[0m[2m:[0m [2mcrates/sui-core/src/checkpoints/checkpoint_output.rs[0m[2m:[0m[2m196:[0m Certified checkpoint with sequence 569 and digest 7nQUnCtSki9xVFdRCbLQZxopgHfescvSSANaZxztaUZu
[2m2025-03-25T07:56:34.176950Z[0m [32m INFO[0m [1mnode[0m[1m{[0m[3mname[0m[2m=[0mk#8dcff6d1..[1m}[0m[2m:[0m [2mconsensus_core::core[0m[2m:[0m [2mconsensus/core/src/core.rs[0m[2m:[0m[2m630:[0m Committing 1 leaders: B367(B,ua0a)
[2m2025-03-25T07:56:34.177070Z[0m [32m INFO[0m [1mnode[0m[1m{[0m[3mname[0m[2m=[0mk#8dcff6d1..[1m}[0m[2m:[0m [2mconsensus_core::commit_observer[0m[2m:[0m [2mconsensus/core/src/commit_observer.rs[0m[2m:[0m[2m173:[0m Consensus commit C357(rcuK) with leader B367(B,ua0a) has 3 blocks
[2m2025-03-25T07:56:34.177491Z[0m [32m INFO[0m [1mnode[0m[1m{[0m[3mname[0m[2m=[0mk#8dcff6d1..[1m}[0m[2m:[0m [2msui_core::consensus_handler[0m[2m:[0m [2mcrates/sui-core/src/consensus_handler.rs[0m[2m:[0m[2m232:[0m Received consensus output [3mconsensus_commit[0m[2m=[0mCommittedSubDag(leader=B367(B,ua0a), ref=C357(rcuK), blocks=[bJEO, DyEE, ua0a]) [3mepoch[0m[2m=[0m1
[2m2025-03-25T07:56:34.178052Z[0m [32m INFO[0m [1mnode[0m[1m{[0m[3mname[0m[2m=[0mk#8dcff6d1..[1m}[0m[2m:[0m [2msui_core::checkpoints::checkpoint_executor[0m[2m:[0m [2mcrates/sui-core/src/checkpoints/checkpoint_executor/mod.rs[0m[2m:[0m[2m332:[0m Received checkpoint summary from state sync [3msequence_number[0m[2m=[0m569
[2m2025-03-25T07:56:34.179472Z[0m [32m INFO[0m [1mnode[0m[1m{[0m[3mname[0m[2m=[0mk#8dcff6d1..[1m}[0m[2m:[0m [2msui_core::state_accumulator[0m[2m:[0m [2mcrates/sui-core/src/state_accumulator.rs[0m[2m:[0m[2m675:[0m accumulating running root for checkpoint 569
[2m2025-03-25T07:56:34.201727Z[0m [32m INFO[0m [1mnode[0m[1m{[0m[3mname[0m[2m=[0mk#addeef94..[1m}[0m[2m:[0m [2msui_core::checkpoints[0m[2m:[0m [2mcrates/sui-core/src/checkpoints/mod.rs[0m[2m:[0m[2m1326:[0m Creating checkpoint(s) for 2 transactions [3mnext_checkpoint_seq[0m[2m=[0m570 [3mcheckpoint_timestamp[0m[2m=[0m1742889393665
[2m2025-03-25T07:56:34.201728Z[0m [32m INFO[0m [1mnode[0m[1m{[0m[3mname[0m[2m=[0mk#99f25ef6..[1m}[0m[2m:[0m [2msui_core::checkpoints[0m[2m:[0m [2mcrates/sui-core/src/checkpoints/mod.rs[0m[2m:[0m[2m1326:[0m Creating checkpoint(s) for 2 transactions [3mnext_checkpoint_seq[0m[2m=[0m570 [3mcheckpoint_timestamp[0m[2m=[0m1742889393665
[2m2025-03-25T07:56:34.202030Z[0m [32m INFO[0m [1mnode[0m[1m{[0m[3mname[0m[2m=[0mk#addeef94..[1m}[0m[2m:[0m [2msui_core::checkpoints::checkpoint_output[0m[2m:[0m [2mcrates/sui-core/src/checkpoints/checkpoint_output.rs[0m[2m:[0m[2m149:[0m Creating checkpoint CheckpointDigest(4SER8VoVBZ7KmhweigmiUyZPk5HGv6jnYfBGeFSxRXhv) at epoch 1, sequence 570, previous digest Some(CheckpointDigest(7nQUnCtSki9xVFdRCbLQZxopgHfescvSSANaZxztaUZu)), transactions count 2, content digest CheckpointContentsDigest(7GbX7cyDFZuN298ewbbVfufFZcxmCdrYFUHxnvQFAd5T), end_of_epoch_data None
[2m2025-03-25T07:56:34.202030Z[0m [32m INFO[0m [1mnode[0m[1m{[0m[3mname[0m[2m=[0mk#99f25ef6..[1m}[0m[2m:[0m [2msui_core::checkpoints::checkpoint_output[0m[2m:[0m [2mcrates/sui-core/src/checkpoints/checkpoint_output.rs[0m[2m:[0m[2m149:[0m Creating checkpoint CheckpointDigest(4SER8VoVBZ7KmhweigmiUyZPk5HGv6jnYfBGeFSxRXhv) at epoch 1, sequence 570, previous digest Some(CheckpointDigest(7nQUnCtSki9xVFdRCbLQZxopgHfescvSSANaZxztaUZu)), transactions count 2, content digest CheckpointContentsDigest(7GbX7cyDFZuN298ewbbVfufFZcxmCdrYFUHxnvQFAd5T), end_of_epoch_data None
[2m2025-03-25T07:56:34.204402Z[0m [32m INFO[0m [1mnode[0m[1m{[0m[3mname[0m[2m=[0mk#addeef94..[1m}[0m[2m:[0m [2msui_core::checkpoints::checkpoint_executor[0m[2m:[0m [2mcrates/sui-core/src/checkpoints/checkpoint_executor/mod.rs[0m[2m:[0m[2m332:[0m Received checkpoint summary from state sync [3msequence_number[0m[2m=[0m569
[2m2025-03-25T07:56:34.204949Z[0m [32m INFO[0m [1mnode[0m[1m{[0m[3mname[0m[2m=[0mk#8dcff6d1..[1m}[0m[2m:[0m [2msui_core::checkpoints[0m[2m:[0m [2mcrates/sui-core/src/checkpoints/mod.rs[0m[2m:[0m[2m1326:[0m Creating checkpoint(s) for 2 transactions [3mnext_checkpoint_seq[0m[2m=[0m570 [3mcheckpoint_timestamp[0m[2m=[0m1742889393665
[2m2025-03-25T07:56:34.204988Z[0m [32m INFO[0m [1mnode[0m[1m{[0m[3mname[0m[2m=[0mk#99f25ef6..[1m}[0m[2m:[0m [2msui_core::checkpoints::checkpoint_executor[0m[2m:[0m [2mcrates/sui-core/src/checkpoints/checkpoint_executor/mod.rs[0m[2m:[0m[2m332:[0m Received checkpoint summary from state sync [3msequence_number[0m[2m=[0m558
[2m2025-03-25T07:56:34.205073Z[0m [32m INFO[0m [1mnode[0m[1m{[0m[3mname[0m[2m=[0mk#99f25ef6..[1m}[0m[2m:[0m [2msui_core::checkpoints::checkpoint_executor[0m[2m:[0m [2mcrates/sui-core/src/checkpoints/checkpoint_executor/mod.rs[0m[2m:[0m[2m332:[0m Received checkpoint summary from state sync [3msequence_number[0m[2m=[0m559
[2m2025-03-25T07:56:34.205115Z[0m [32m INFO[0m [1mnode[0m[1m{[0m[3mname[0m[2m=[0mk#99f25ef6..[1m}[0m[2m:[0m [2msui_core::checkpoints::checkpoint_executor[0m[2m:[0m [2mcrates/sui-core/src/checkpoints/checkpoint_executor/mod.rs[0m[2m:[0m[2m332:[0m Received checkpoint summary from state sync [3msequence_number[0m[2m=[0m560
[2m2025-03-25T07:56:34.205155Z[0m [32m INFO[0m [1mnode[0m[1m{[0m[3mname[0m[2m=[0mk#99f25ef6..[1m}[0m[2m:[0m [2msui_core::checkpoints::checkpoint_executor[0m[2m:[0m [2mcrates/sui-core/src/checkpoints/checkpoint_executor/mod.rs[0m[2m:[0m[2m332:[0m Received checkpoint summary from state sync [3msequence_number[0m[2m=[0m561
[2m2025-03-25T07:56:34.205193Z[0m [32m INFO[0m [1mnode[0m[1m{[0m[3mname[0m[2m=[0mk#addeef94..[1m}[0m[2m:[0m [2msui_core::state_accumulator[0m[2m:[0m [2mcrates/sui-core/src/state_accumulator.rs[0m[2m:[0m[2m675:[0m accumulating running root for checkpoint 569
[2m2025-03-25T07:56:34.205195Z[0m [32m INFO[0m [1mnode[0m[1m{[0m[3mname[0m[2m=[0mk#99f25ef6..[1m}[0m[2m:[0m [2msui_core::checkpoints::checkpoint_executor[0m[2m:[0m [2mcrates/sui-core/src/checkpoints/checkpoint_executor/mod.rs[0m[2m:[0m[2m332:[0m Received checkpoint summary from state sync [3msequence_number[0m[2m=[0m562
[2m2025-03-25T07:56:34.205208Z[0m [32m INFO[0m [1mnode[0m[1m{[0m[3mname[0m[2m=[0mk#8dcff6d1..[1m}[0m[2m:[0m [2msui_core::checkpoints::checkpoint_output[0m[2m:[0m [2mcrates/sui-core/src/checkpoints/checkpoint_output.rs[0m[2m:[0m[2m149:[0m Creating checkpoint CheckpointDigest(4SER8VoVBZ7KmhweigmiUyZPk5HGv6jnYfBGeFSxRXhv) at epoch 1, sequence 570, previous digest Some(CheckpointDigest(7nQUnCtSki9xVFdRCbLQZxopgHfescvSSANaZxztaUZu)), transactions count 2, content digest CheckpointContentsDigest(7GbX7cyDFZuN298ewbbVfufFZcxmCdrYFUHxnvQFAd5T), end_of_epoch_data None
[2m2025-03-25T07:56:34.205234Z[0m [32m INFO[0m [1mnode[0m[1m{[0m[3mname[0m[2m=[0mk#99f25ef6..[1m}[0m[2m:[0m [2msui_core::checkpoints::checkpoint_executor[0m[2m:[0m [2mcrates/sui-core/src/checkpoints/checkpoint_executor/mod.rs[0m[2m:[0m[2m332:[0m Received checkpoint summary from state sync [3msequence_number[0m[2m=[0m563
[2m2025-03-25T07:56:34.205284Z[0m [32m INFO[0m [1mnode[0m[1m{[0m[3mname[0m[2m=[0mk#99f25ef6..[1m}[0m[2m:[0m [2msui_core::checkpoints::checkpoint_executor[0m[2m:[0m [2mcrates/sui-core/src/checkpoints/checkpoint_executor/mod.rs[0m[2m:[0m[2m332:[0m Received checkpoint summary from state sync [3msequence_number[0m[2m=[0m564
[2m2025-03-25T07:56:34.205323Z[0m [32m INFO[0m [1mnode[0m[1m{[0m[3mname[0m[2m=[0mk#99f25ef6..[1m}[0m[2m:[0m [2msui_core::checkpoints::checkpoint_executor[0m[2m:[0m [2mcrates/sui-core/src/checkpoints/checkpoint_executor/mod.rs[0m[2m:[0m[2m332:[0m Received checkpoint summary from state sync [3msequence_number[0m[2m=[0m565
[2m2025-03-25T07:56:34.205361Z[0m [32m INFO[0m [1mnode[0m[1m{[0m[3mname[0m[2m=[0mk#99f25ef6..[1m}[0m[2m:[0m [2msui_core::checkpoints::checkpoint_executor[0m[2m:[0m [2mcrates/sui-core/src/checkpoints/checkpoint_executor/mod.rs[0m[2m:[0m[2m332:[0m Received checkpoint summary from state sync [3msequence_number[0m[2m=[0m566
[2m2025-03-25T07:56:34.205402Z[0m [32m INFO[0m [1mnode[0m[1m{[0m[3mname[0m[2m=[0mk#99f25ef6..[1m}[0m[2m:[0m [2msui_core::checkpoints::checkpoint_executor[0m[2m:[0m [2mcrates/sui-core/src/checkpoints/checkpoint_executor/mod.rs[0m[2m:[0m[2m332:[0m Received checkpoint summary from state sync [3msequence_number[0m[2m=[0m567
[2m2025-03-25T07:56:34.205440Z[0m [32m INFO[0m [1mnode[0m[1m{[0m[3mname[0m[2m=[0mk#99f25ef6..[1m}[0m[2m:[0m [2msui_core::checkpoints::checkpoint_executor[0m[2m:[0m [2mcrates/sui-core/src/checkpoints/checkpoint_executor/mod.rs[0m[2m:[0m[2m332:[0m Received checkpoint summary from state sync [3msequence_number[0m[2m=[0m568
[2m2025-03-25T07:56:34.205478Z[0m [32m INFO[0m [1mnode[0m[1m{[0m[3mname[0m[2m=[0mk#99f25ef6..[1m}[0m[2m:[0m [2msui_core::checkpoints::checkpoint_executor[0m[2m:[0m [2mcrates/sui-core/src/checkpoints/checkpoint_executor/mod.rs[0m[2m:[0m[2m332:[0m Received checkpoint summary from state sync [3msequence_number[0m[2m=[0m569
[2m2025-03-25T07:56:34.206167Z[0m [32m INFO[0m [1mnode[0m[1m{[0m[3mname[0m[2m=[0mk#99f25ef6..[1m}[0m[2m:[0m [2msui_core::state_accumulator[0m[2m:[0m [2mcrates/sui-core/src/state_accumulator.rs[0m[2m:[0m[2m675:[0m accumulating running root for checkpoint 569
[2m2025-03-25T07:56:34.236590Z[0m [32m INFO[0m [1mnode[0m[1m{[0m[3mname[0m[2m=[0mk#addeef94..[1m}[0m[2m:[0m [2mconsensus_core::core[0m[2m:[0m [2mconsensus/core/src/core.rs[0m[2m:[0m[2m694:[0m Received quorum round per authority in ancestor state manager set to: [(368, 368), (369, 369), (369, 369)]
[2m2025-03-25T07:56:34.236602Z[0m [32m INFO[0m [1mnode[0m[1m{[0m[3mname[0m[2m=[0mk#addeef94..[1m}[0m[2m:[0m [2mconsensus_core::core[0m[2m:[0m [2mconsensus/core/src/core.rs[0m[2m:[0m[2m695:[0m Accepted quorum round per authority in ancestor state manager set to: [(368, 368), (369, 369), (369, 369)]
[2m2025-03-25T07:56:34.236608Z[0m [32m INFO[0m [1mnode[0m[1m{[0m[3mname[0m[2m=[0mk#addeef94..[1m}[0m[2m:[0m [2mconsensus_core::core[0m[2m:[0m [2mconsensus/core/src/core.rs[0m[2m:[0m[2m698:[0m Propagation round delay set to: 0
[2m2025-03-25T07:56:34.236990Z[0m [32m INFO[0m [1mnode[0m[1m{[0m[3mname[0m[2m=[0mk#8dcff6d1..[1m}[0m[2m:[0m [2mconsensus_core::core[0m[2m:[0m [2mconsensus/core/src/core.rs[0m[2m:[0m[2m694:[0m Received quorum round per authority in ancestor state manager set to: [(368, 368), (369, 369), (369, 369)]
[2m2025-03-25T07:56:34.236998Z[0m [32m INFO[0m [1mnode[0m[1m{[0m[3mname[0m[2m=[0mk#8dcff6d1..[1m}[0m[2m:[0m [2mconsensus_core::core[0m[2m:[0m [2mconsensus/core/src/core.rs[0m[2m:[0m[2m695:[0m Accepted quorum round per authority in ancestor state manager set to: [(368, 368), (369, 369), (369, 369)]
[2m2025-03-25T07:56:34.237005Z[0m [32m INFO[0m [1mnode[0m[1m{[0m[3mname[0m[2m=[0mk#8dcff6d1..[1m}[0m[2m:[0m [2mconsensus_core::core[0m[2m:[0m [2mconsensus/core/src/core.rs[0m[2m:[0m[2m698:[0m Propagation round delay set to: 0
[2m2025-03-25T07:56:34.241106Z[0m [32m INFO[0m [1mnode[0m[1m{[0m[3mname[0m[2m=[0mk#99f25ef6..[1m}[0m[2m:[0m [2mconsensus_core::core[0m[2m:[0m [2mconsensus/core/src/core.rs[0m[2m:[0m[2m694:[0m Received quorum round per authority in ancestor state manager set to: [(368, 368), (369, 369), (369, 369)]
[2m2025-03-25T07:56:34.241115Z[0m [32m INFO[0m [1mnode[0m[1m{[0m[3mname[0m[2m=[0mk#99f25ef6..[1m}[0m[2m:[0m [2mconsensus_core::core[0m[2m:[0m [2mconsensus/core/src/core.rs[0m[2m:[0m[2m695:[0m Accepted quorum round per authority in ancestor state manager set to: [(368, 368), (369, 369), (369, 369)]
[2m2025-03-25T07:56:34.241121Z[0m [32m INFO[0m [1mnode[0m[1m{[0m[3mname[0m[2m=[0mk#99f25ef6..[1m}[0m[2m:[0m [2mconsensus_core::core[0m[2m:[0m [2mconsensus/core/src/core.rs[0m[2m:[0m[2m698:[0m Propagation round delay set to: 0
[2m2025-03-25T07:56:34.261591Z[0m [32m INFO[0m [1mnode[0m[1m{[0m[3mname[0m[2m=[0mk#b3f3cbb4..[1m}[0m[2m:[0m[1mjson-rpc-request[0m[2m:[0m[1mdev_inspect_transaction_block[0m[1m{[0m[3msender_address[0m[2m=[0m0x0000000000000000000000000000000000000000000000000000000000000000 [3mtx_bytes[0m[2m=[0mBase64("AAMBAQAAAAAAAAAAAAAAAAAAAAAAAAAAAAAAAAAAAAAAAAAJAQAAAAAAAAABAAECAAgAAAAAAAAAAAEAAAAAAAAAAAAAAAAAAAAAAAAAAAAAAAAAAAAAAAAAAAsGYnJpZGdlIGdldF90b2tlbl90cmFuc2Zlcl9hY3Rpb25fc3RhdHVzAAMBAAABAQABAgA=") [3mgas_price[0m[2m=[0mNone [3m_epoch[0m[2m=[0mNone [3madditional_args[0m[2m=[0mNone[1m}[0m[2m:[0m [2msui_json_rpc::transaction_execution_api[0m[2m:[0m [2mcrates/sui-json-rpc/src/transaction_execution_api.rs[0m[2m:[0m[2m351:[0m RPC took longer than threshold to complete. [3melapsed[0m[2m=[0m1.533702625s
[2m2025-03-25T07:56:34.262437Z[0m [32m INFO[0m [2msui_bridge::e2e_tests::test_utils[0m[2m:[0m [2mcrates/sui-bridge/src/e2e_tests/test_utils.rs[0m[2m:[0m[2m1452:[0m get_token_transfer_action_onchain_status_until_success took 2.4368845s, status: Pending
[2m2025-03-25T07:56:34.265402Z[0m [32m INFO[0m [1mnode[0m[1m{[0m[3mname[0m[2m=[0mk#b3f3cbb4..[1m}[0m[2m:[0m [2msui_core::state_accumulator[0m[2m:[0m [2mcrates/sui-core/src/state_accumulator.rs[0m[2m:[0m[2m675:[0m accumulating running root for checkpoint 521
[2m2025-03-25T07:56:34.265717Z[0m [32m INFO[0m [1mnode[0m[1m{[0m[3mname[0m[2m=[0mk#b3f3cbb4..[1m}[0m[2m:[0m [2msui_core::checkpoints::checkpoint_executor[0m[2m:[0m [2mcrates/sui-core/src/checkpoints/checkpoint_executor/mod.rs[0m[2m:[0m[2m332:[0m Received checkpoint summary from state sync [3msequence_number[0m[2m=[0m543
[2m2025-03-25T07:56:34.348385Z[0m [32m INFO[0m [1mnode[0m[1m{[0m[3mname[0m[2m=[0mk#b3f3cbb4..[1m}[0m[2m:[0m [2msui_core::checkpoints::checkpoint_executor[0m[2m:[0m [2mcrates/sui-core/src/checkpoints/checkpoint_executor/mod.rs[0m[2m:[0m[2m332:[0m Received checkpoint summary from state sync [3msequence_number[0m[2m=[0m544
[2m2025-03-25T07:56:34.426334Z[0m [32m INFO[0m [1mnode[0m[1m{[0m[3mname[0m[2m=[0mk#99f25ef6..[1m}[0m[2m:[0m [2mconsensus_core::core[0m[2m:[0m [2mconsensus/core/src/core.rs[0m[2m:[0m[2m945:[0m Included 2 ancestors & excluded 0 ancestors for proposal in round 370
[2m2025-03-25T07:56:34.426689Z[0m [32m INFO[0m [1mnode[0m[1m{[0m[3mname[0m[2m=[0mk#99f25ef6..[1m}[0m[2m:[0m [2mconsensus_core::core[0m[2m:[0m [2mconsensus/core/src/core.rs[0m[2m:[0m[2m531:[0m Created block B370(B,W00C6uJTYZ0258Srm8cKeECD30X7tQfmdrhQa6CE40k=)(1742889394426ms;[B369(B,KY/ml1aUZIKx8nADiSHqr+DCe3JeZxgK6IFw53+Owow=), B369(C,KOIVLeGC5ryvsA4hpN3HMd2H69xE0ds6zvPBF6IhJzM=)];1t;1c) for round 370
[2m2025-03-25T07:56:34.426729Z[0m [32m INFO[0m [1mnode[0m[1m{[0m[3mname[0m[2m=[0mk#addeef94..[1m}[0m[2m:[0m [2mconsensus_core::core[0m[2m:[0m [2mconsensus/core/src/core.rs[0m[2m:[0m[2m945:[0m Included 2 ancestors & excluded 0 ancestors for proposal in round 370
[2m2025-03-25T07:56:34.427014Z[0m [32m INFO[0m [1mnode[0m[1m{[0m[3mname[0m[2m=[0mk#addeef94..[1m}[0m[2m:[0m [2mconsensus_core::core[0m[2m:[0m [2mconsensus/core/src/core.rs[0m[2m:[0m[2m531:[0m Created block B370(C,obOrmR/wSwR7fq2UgH2vkte+GE28sWRd1aY9m31prLQ=)(1742889394426ms;[B369(C,KOIVLeGC5ryvsA4hpN3HMd2H69xE0ds6zvPBF6IhJzM=), B369(B,KY/ml1aUZIKx8nADiSHqr+DCe3JeZxgK6IFw53+Owow=)];1t;1c) for round 370
[2m2025-03-25T07:56:34.428544Z[0m [32m INFO[0m [1mnode[0m[1m{[0m[3mname[0m[2m=[0mk#8dcff6d1..[1m}[0m[2m:[0m [2mconsensus_core::core[0m[2m:[0m [2mconsensus/core/src/core.rs[0m[2m:[0m[2m945:[0m Included 3 ancestors & excluded 0 ancestors for proposal in round 370
[2m2025-03-25T07:56:34.428672Z[0m [32m INFO[0m [1mnode[0m[1m{[0m[3mname[0m[2m=[0mk#addeef94..[1m}[0m[2m:[0m [2mconsensus_core::core[0m[2m:[0m [2mconsensus/core/src/core.rs[0m[2m:[0m[2m630:[0m Committing 1 leaders: B368(B,RCMu)
[2m2025-03-25T07:56:34.428679Z[0m [32m INFO[0m [1mnode[0m[1m{[0m[3mname[0m[2m=[0mk#99f25ef6..[1m}[0m[2m:[0m [2mconsensus_core::core[0m[2m:[0m [2mconsensus/core/src/core.rs[0m[2m:[0m[2m630:[0m Committing 1 leaders: B368(B,RCMu)
[2m2025-03-25T07:56:34.428769Z[0m [32m INFO[0m [1mnode[0m[1m{[0m[3mname[0m[2m=[0mk#addeef94..[1m}[0m[2m:[0m [2mconsensus_core::commit_observer[0m[2m:[0m [2mconsensus/core/src/commit_observer.rs[0m[2m:[0m[2m173:[0m Consensus commit C358(J+fF) with leader B368(B,RCMu) has 3 blocks
[2m2025-03-25T07:56:34.428770Z[0m [32m INFO[0m [1mnode[0m[1m{[0m[3mname[0m[2m=[0mk#99f25ef6..[1m}[0m[2m:[0m [2mconsensus_core::commit_observer[0m[2m:[0m [2mconsensus/core/src/commit_observer.rs[0m[2m:[0m[2m173:[0m Consensus commit C358(J+fF) with leader B368(B,RCMu) has 3 blocks
[2m2025-03-25T07:56:34.428852Z[0m [32m INFO[0m [1mnode[0m[1m{[0m[3mname[0m[2m=[0mk#addeef94..[1m}[0m[2m:[0m [2msui_core::consensus_handler[0m[2m:[0m [2mcrates/sui-core/src/consensus_handler.rs[0m[2m:[0m[2m232:[0m Received consensus output [3mconsensus_commit[0m[2m=[0mCommittedSubDag(leader=B368(B,RCMu), ref=C358(J+fF), blocks=[GwOj, fZqQ, RCMu]) [3mepoch[0m[2m=[0m1
[2m2025-03-25T07:56:34.428852Z[0m [32m INFO[0m [1mnode[0m[1m{[0m[3mname[0m[2m=[0mk#99f25ef6..[1m}[0m[2m:[0m [2msui_core::consensus_handler[0m[2m:[0m [2mcrates/sui-core/src/consensus_handler.rs[0m[2m:[0m[2m232:[0m Received consensus output [3mconsensus_commit[0m[2m=[0mCommittedSubDag(leader=B368(B,RCMu), ref=C358(J+fF), blocks=[GwOj, fZqQ, RCMu]) [3mepoch[0m[2m=[0m1
[2m2025-03-25T07:56:34.428865Z[0m [32m INFO[0m [1mnode[0m[1m{[0m[3mname[0m[2m=[0mk#8dcff6d1..[1m}[0m[2m:[0m [2mconsensus_core::core[0m[2m:[0m [2mconsensus/core/src/core.rs[0m[2m:[0m[2m531:[0m Created block B370(A,GqAHivjk6Mb9jb5x8BNVWx/22QQjmS40/omnYA+exBY=)(1742889394428ms;[B368(A,EeIfw/G39y//dRm7ql6nk1hGKhw7pA1d5l1tOuKouWM=), B369(B,KY/ml1aUZIKx8nADiSHqr+DCe3JeZxgK6IFw53+Owow=), B369(C,KOIVLeGC5ryvsA4hpN3HMd2H69xE0ds6zvPBF6IhJzM=)];2t;2c) for round 370
[2m2025-03-25T07:56:34.430306Z[0m [32m INFO[0m [1mnode[0m[1m{[0m[3mname[0m[2m=[0mk#8dcff6d1..[1m}[0m[2m:[0m [2mconsensus_core::core[0m[2m:[0m [2mconsensus/core/src/core.rs[0m[2m:[0m[2m630:[0m Committing 1 leaders: B368(B,RCMu)
[2m2025-03-25T07:56:34.430392Z[0m [32m INFO[0m [1mnode[0m[1m{[0m[3mname[0m[2m=[0mk#8dcff6d1..[1m}[0m[2m:[0m [2mconsensus_core::commit_observer[0m[2m:[0m [2mconsensus/core/src/commit_observer.rs[0m[2m:[0m[2m173:[0m Consensus commit C358(J+fF) with leader B368(B,RCMu) has 3 blocks
[2m2025-03-25T07:56:34.431489Z[0m [32m INFO[0m [1mnode[0m[1m{[0m[3mname[0m[2m=[0mk#8dcff6d1..[1m}[0m[2m:[0m [2msui_core::checkpoints::checkpoint_output[0m[2m:[0m [2mcrates/sui-core/src/checkpoints/checkpoint_output.rs[0m[2m:[0m[2m196:[0m Certified checkpoint with sequence 570 and digest 4SER8VoVBZ7KmhweigmiUyZPk5HGv6jnYfBGeFSxRXhv
[2m2025-03-25T07:56:34.431522Z[0m [32m INFO[0m [1mnode[0m[1m{[0m[3mname[0m[2m=[0mk#8dcff6d1..[1m}[0m[2m:[0m [2msui_core::consensus_handler[0m[2m:[0m [2mcrates/sui-core/src/consensus_handler.rs[0m[2m:[0m[2m232:[0m Received consensus output [3mconsensus_commit[0m[2m=[0mCommittedSubDag(leader=B368(B,RCMu), ref=C358(J+fF), blocks=[GwOj, fZqQ, RCMu]) [3mepoch[0m[2m=[0m1
[2m2025-03-25T07:56:34.442404Z[0m [32m INFO[0m [1mnode[0m[1m{[0m[3mname[0m[2m=[0mk#b3f3cbb4..[1m}[0m[2m:[0m [2msui_core::state_accumulator[0m[2m:[0m [2mcrates/sui-core/src/state_accumulator.rs[0m[2m:[0m[2m675:[0m accumulating running root for checkpoint 522
[2m2025-03-25T07:56:34.444301Z[0m [32m INFO[0m [1mnode[0m[1m{[0m[3mname[0m[2m=[0mk#8dcff6d1..[1m}[0m[2m:[0m [2msui_core::checkpoints::checkpoint_executor[0m[2m:[0m [2mcrates/sui-core/src/checkpoints/checkpoint_executor/mod.rs[0m[2m:[0m[2m332:[0m Received checkpoint summary from state sync [3msequence_number[0m[2m=[0m570
[2m2025-03-25T07:56:34.451519Z[0m [32m INFO[0m [1mnode[0m[1m{[0m[3mname[0m[2m=[0mk#b3f3cbb4..[1m}[0m[2m:[0m [2msui_core::state_accumulator[0m[2m:[0m [2mcrates/sui-core/src/state_accumulator.rs[0m[2m:[0m[2m675:[0m accumulating running root for checkpoint 523
[2m2025-03-25T07:56:34.451829Z[0m [32m INFO[0m [1mnode[0m[1m{[0m[3mname[0m[2m=[0mk#b3f3cbb4..[1m}[0m[2m:[0m [2msui_core::checkpoints::checkpoint_executor[0m[2m:[0m [2mcrates/sui-core/src/checkpoints/checkpoint_executor/mod.rs[0m[2m:[0m[2m332:[0m Received checkpoint summary from state sync [3msequence_number[0m[2m=[0m545
[2m2025-03-25T07:56:34.451874Z[0m [32m INFO[0m [1mnode[0m[1m{[0m[3mname[0m[2m=[0mk#b3f3cbb4..[1m}[0m[2m:[0m [2msui_core::checkpoints::checkpoint_executor[0m[2m:[0m [2mcrates/sui-core/src/checkpoints/checkpoint_executor/mod.rs[0m[2m:[0m[2m332:[0m Received checkpoint summary from state sync [3msequence_number[0m[2m=[0m546
[2m2025-03-25T07:56:34.451914Z[0m [32m INFO[0m [1mnode[0m[1m{[0m[3mname[0m[2m=[0mk#b3f3cbb4..[1m}[0m[2m:[0m [2msui_core::checkpoints::checkpoint_executor[0m[2m:[0m [2mcrates/sui-core/src/checkpoints/checkpoint_executor/mod.rs[0m[2m:[0m[2m332:[0m Received checkpoint summary from state sync [3msequence_number[0m[2m=[0m547
[2m2025-03-25T07:56:34.455205Z[0m [32m INFO[0m [1mnode[0m[1m{[0m[3mname[0m[2m=[0mk#8dcff6d1..[1m}[0m[2m:[0m [2msui_core::state_accumulator[0m[2m:[0m [2mcrates/sui-core/src/state_accumulator.rs[0m[2m:[0m[2m675:[0m accumulating running root for checkpoint 570
[2m2025-03-25T07:56:34.478970Z[0m [32m INFO[0m [1mnode[0m[1m{[0m[3mname[0m[2m=[0mk#addeef94..[1m}[0m[2m:[0m [2msui_core::checkpoints[0m[2m:[0m [2mcrates/sui-core/src/checkpoints/mod.rs[0m[2m:[0m[2m1326:[0m Creating checkpoint(s) for 1 transactions [3mnext_checkpoint_seq[0m[2m=[0m571 [3mcheckpoint_timestamp[0m[2m=[0m1742889393918
[2m2025-03-25T07:56:34.478971Z[0m [32m INFO[0m [1mnode[0m[1m{[0m[3mname[0m[2m=[0mk#99f25ef6..[1m}[0m[2m:[0m [2msui_core::checkpoints[0m[2m:[0m [2mcrates/sui-core/src/checkpoints/mod.rs[0m[2m:[0m[2m1326:[0m Creating checkpoint(s) for 1 transactions [3mnext_checkpoint_seq[0m[2m=[0m571 [3mcheckpoint_timestamp[0m[2m=[0m1742889393918
[2m2025-03-25T07:56:34.479201Z[0m [32m INFO[0m [1mnode[0m[1m{[0m[3mname[0m[2m=[0mk#99f25ef6..[1m}[0m[2m:[0m [2msui_core::checkpoints::checkpoint_output[0m[2m:[0m [2mcrates/sui-core/src/checkpoints/checkpoint_output.rs[0m[2m:[0m[2m149:[0m Creating checkpoint CheckpointDigest(8tMTATFyKXGdFGKBLRCYRH2csqRPTmv6vsZkZpaqC8Nq) at epoch 1, sequence 571, previous digest Some(CheckpointDigest(4SER8VoVBZ7KmhweigmiUyZPk5HGv6jnYfBGeFSxRXhv)), transactions count 1, content digest CheckpointContentsDigest(6q8Ys4R7ouZjChcHLpC5rxqwWBrd7b8QvRAXaR637Va1), end_of_epoch_data None
[2m2025-03-25T07:56:34.479201Z[0m [32m INFO[0m [1mnode[0m[1m{[0m[3mname[0m[2m=[0mk#addeef94..[1m}[0m[2m:[0m [2msui_core::checkpoints::checkpoint_output[0m[2m:[0m [2mcrates/sui-core/src/checkpoints/checkpoint_output.rs[0m[2m:[0m[2m149:[0m Creating checkpoint CheckpointDigest(8tMTATFyKXGdFGKBLRCYRH2csqRPTmv6vsZkZpaqC8Nq) at epoch 1, sequence 571, previous digest Some(CheckpointDigest(4SER8VoVBZ7KmhweigmiUyZPk5HGv6jnYfBGeFSxRXhv)), transactions count 1, content digest CheckpointContentsDigest(6q8Ys4R7ouZjChcHLpC5rxqwWBrd7b8QvRAXaR637Va1), end_of_epoch_data None
[2m2025-03-25T07:56:34.480924Z[0m [32m INFO[0m [1mnode[0m[1m{[0m[3mname[0m[2m=[0mk#8dcff6d1..[1m}[0m[2m:[0m [2msui_core::checkpoints[0m[2m:[0m [2mcrates/sui-core/src/checkpoints/mod.rs[0m[2m:[0m[2m1326:[0m Creating checkpoint(s) for 1 transactions [3mnext_checkpoint_seq[0m[2m=[0m571 [3mcheckpoint_timestamp[0m[2m=[0m1742889393918
[2m2025-03-25T07:56:34.481100Z[0m [32m INFO[0m [1mnode[0m[1m{[0m[3mname[0m[2m=[0mk#8dcff6d1..[1m}[0m[2m:[0m [2msui_core::checkpoints::checkpoint_output[0m[2m:[0m [2mcrates/sui-core/src/checkpoints/checkpoint_output.rs[0m[2m:[0m[2m149:[0m Creating checkpoint CheckpointDigest(8tMTATFyKXGdFGKBLRCYRH2csqRPTmv6vsZkZpaqC8Nq) at epoch 1, sequence 571, previous digest Some(CheckpointDigest(4SER8VoVBZ7KmhweigmiUyZPk5HGv6jnYfBGeFSxRXhv)), transactions count 1, content digest CheckpointContentsDigest(6q8Ys4R7ouZjChcHLpC5rxqwWBrd7b8QvRAXaR637Va1), end_of_epoch_data None
[2m2025-03-25T07:56:34.481657Z[0m [32m INFO[0m [2msui_bridge::sui_bridge_watchdog[0m[2m:[0m [2mcrates/sui-bridge/src/sui_bridge_watchdog/mod.rs[0m[2m:[0m[2m47:[0m Running observable SuiBridgeStatus
[2m2025-03-25T07:56:34.481673Z[0m [32m INFO[0m [2msui_bridge::sui_bridge_watchdog[0m[2m:[0m [2mcrates/sui-bridge/src/sui_bridge_watchdog/mod.rs[0m[2m:[0m[2m47:[0m Running observable EthereumVaultBalance
[2m2025-03-25T07:56:34.481692Z[0m [32m INFO[0m [2msui_bridge::sui_bridge_watchdog[0m[2m:[0m [2mcrates/sui-bridge/src/sui_bridge_watchdog/mod.rs[0m[2m:[0m[2m47:[0m Running observable EthereumVaultBalance
[2m2025-03-25T07:56:34.481655Z[0m [32m INFO[0m [2msui_bridge::sui_bridge_watchdog[0m[2m:[0m [2mcrates/sui-bridge/src/sui_bridge_watchdog/mod.rs[0m[2m:[0m[2m47:[0m Running observable EthBridgeStatus
[2m2025-03-25T07:56:34.482764Z[0m [32m INFO[0m [1mobservable[0m[1m{[0m[3mname[0m[2m=[0m"EthBridgeStatus"[1m}[0m[2m:[0m [2msui_bridge::sui_bridge_watchdog::eth_bridge_status[0m[2m:[0m [2mcrates/sui-bridge/src/sui_bridge_watchdog/eth_bridge_status.rs[0m[2m:[0m[2m47:[0m Eth Bridge Status: false
[2m2025-03-25T07:56:34.482771Z[0m [32m INFO[0m [1mobservable[0m[1m{[0m[3mname[0m[2m=[0m"EthereumVaultBalance"[1m}[0m[2m:[0m [2msui_bridge::sui_bridge_watchdog::eth_vault_balance[0m[2m:[0m [2mcrates/sui-bridge/src/sui_bridge_watchdog/eth_vault_balance.rs[0m[2m:[0m[2m98:[0m WETH Vault Balance: 0
[2m2025-03-25T07:56:34.482771Z[0m [32m INFO[0m [1mobservable[0m[1m{[0m[3mname[0m[2m=[0m"EthereumVaultBalance"[1m}[0m[2m:[0m [2msui_bridge::sui_bridge_watchdog::eth_vault_balance[0m[2m:[0m [2mcrates/sui-bridge/src/sui_bridge_watchdog/eth_vault_balance.rs[0m[2m:[0m[2m98:[0m USDT Vault Balance: 10000000000
[2m2025-03-25T07:56:34.483017Z[0m [32m INFO[0m [1mnode[0m[1m{[0m[3mname[0m[2m=[0mk#99f25ef6..[1m}[0m[2m:[0m [2msui_core::checkpoints::checkpoint_output[0m[2m:[0m [2mcrates/sui-core/src/checkpoints/checkpoint_output.rs[0m[2m:[0m[2m196:[0m Certified checkpoint with sequence 570 and digest 4SER8VoVBZ7KmhweigmiUyZPk5HGv6jnYfBGeFSxRXhv
[2m2025-03-25T07:56:34.486842Z[0m [32m INFO[0m [1mnode[0m[1m{[0m[3mname[0m[2m=[0mk#99f25ef6..[1m}[0m[2m:[0m [2msui_core::checkpoints::checkpoint_executor[0m[2m:[0m [2mcrates/sui-core/src/checkpoints/checkpoint_executor/mod.rs[0m[2m:[0m[2m332:[0m Received checkpoint summary from state sync [3msequence_number[0m[2m=[0m570
[2m2025-03-25T07:56:34.505142Z[0m [32m INFO[0m [2msui_bridge::eth_syncer[0m[2m:[0m [2mcrates/sui-bridge/src/eth_syncer.rs[0m[2m:[0m[2m120:[0m Observed new finalized eth block: 156
[2m2025-03-25T07:56:34.505448Z[0m [32m INFO[0m [1mnode[0m[1m{[0m[3mname[0m[2m=[0mk#99f25ef6..[1m}[0m[2m:[0m [2msui_core::state_accumulator[0m[2m:[0m [2mcrates/sui-core/src/state_accumulator.rs[0m[2m:[0m[2m675:[0m accumulating running root for checkpoint 570
[2m2025-03-25T07:56:34.538638Z[0m [32m INFO[0m [1mnode[0m[1m{[0m[3mname[0m[2m=[0mk#b3f3cbb4..[1m}[0m[2m:[0m [2msui_core::checkpoints::checkpoint_executor[0m[2m:[0m [2mcrates/sui-core/src/checkpoints/checkpoint_executor/mod.rs[0m[2m:[0m[2m332:[0m Received checkpoint summary from state sync [3msequence_number[0m[2m=[0m548
[2m2025-03-25T07:56:34.538766Z[0m [32m INFO[0m [1mnode[0m[1m{[0m[3mname[0m[2m=[0mk#b3f3cbb4..[1m}[0m[2m:[0m [2msui_core::checkpoints::checkpoint_executor[0m[2m:[0m [2mcrates/sui-core/src/checkpoints/checkpoint_executor/mod.rs[0m[2m:[0m[2m332:[0m Received checkpoint summary from state sync [3msequence_number[0m[2m=[0m549
[2m2025-03-25T07:56:34.548591Z[0m [32m INFO[0m [1mnode[0m[1m{[0m[3mname[0m[2m=[0mk#addeef94..[1m}[0m[2m:[0m [2msui_core::checkpoints::checkpoint_executor[0m[2m:[0m [2mcrates/sui-core/src/checkpoints/checkpoint_executor/mod.rs[0m[2m:[0m[2m332:[0m Received checkpoint summary from state sync [3msequence_number[0m[2m=[0m570
[2m2025-03-25T07:56:34.549833Z[0m [32m INFO[0m [1mnode[0m[1m{[0m[3mname[0m[2m=[0mk#addeef94..[1m}[0m[2m:[0m [2msui_core::state_accumulator[0m[2m:[0m [2mcrates/sui-core/src/state_accumulator.rs[0m[2m:[0m[2m675:[0m accumulating running root for checkpoint 570
[2m2025-03-25T07:56:34.555342Z[0m [32m INFO[0m [1mnode[0m[1m{[0m[3mname[0m[2m=[0mk#b3f3cbb4..[1m}[0m[2m:[0m [2msui_core::state_accumulator[0m[2m:[0m [2mcrates/sui-core/src/state_accumulator.rs[0m[2m:[0m[2m675:[0m accumulating running root for checkpoint 524
[2m2025-03-25T07:56:34.555660Z[0m [32m INFO[0m [1mnode[0m[1m{[0m[3mname[0m[2m=[0mk#b3f3cbb4..[1m}[0m[2m:[0m [2msui_core::checkpoints::checkpoint_executor[0m[2m:[0m [2mcrates/sui-core/src/checkpoints/checkpoint_executor/mod.rs[0m[2m:[0m[2m332:[0m Received checkpoint summary from state sync [3msequence_number[0m[2m=[0m550
[2m2025-03-25T07:56:34.555705Z[0m [32m INFO[0m [1mnode[0m[1m{[0m[3mname[0m[2m=[0mk#b3f3cbb4..[1m}[0m[2m:[0m [2msui_core::checkpoints::checkpoint_executor[0m[2m:[0m [2mcrates/sui-core/src/checkpoints/checkpoint_executor/mod.rs[0m[2m:[0m[2m332:[0m Received checkpoint summary from state sync [3msequence_number[0m[2m=[0m551
[2m2025-03-25T07:56:34.637697Z[0m [32m INFO[0m [1mobservable[0m[1m{[0m[3mname[0m[2m=[0m"SuiBridgeStatus"[1m}[0m[2m:[0m [2msui_bridge::sui_bridge_watchdog::sui_bridge_status[0m[2m:[0m [2mcrates/sui-bridge/src/sui_bridge_watchdog/sui_bridge_status.rs[0m[2m:[0m[2m37:[0m Sui Bridge Status: false
[2m2025-03-25T07:56:34.642889Z[0m [32m INFO[0m [1mnode[0m[1m{[0m[3mname[0m[2m=[0mk#b3f3cbb4..[1m}[0m[2m:[0m [2msui_core::state_accumulator[0m[2m:[0m [2mcrates/sui-core/src/state_accumulator.rs[0m[2m:[0m[2m675:[0m accumulating running root for checkpoint 525
[2m2025-03-25T07:56:34.643213Z[0m [32m INFO[0m [1mnode[0m[1m{[0m[3mname[0m[2m=[0mk#b3f3cbb4..[1m}[0m[2m:[0m [2msui_core::checkpoints::checkpoint_executor[0m[2m:[0m [2mcrates/sui-core/src/checkpoints/checkpoint_executor/mod.rs[0m[2m:[0m[2m332:[0m Received checkpoint summary from state sync [3msequence_number[0m[2m=[0m552
[2m2025-03-25T07:56:34.643255Z[0m [32m INFO[0m [1mnode[0m[1m{[0m[3mname[0m[2m=[0mk#b3f3cbb4..[1m}[0m[2m:[0m [2msui_core::checkpoints::checkpoint_executor[0m[2m:[0m [2mcrates/sui-core/src/checkpoints/checkpoint_executor/mod.rs[0m[2m:[0m[2m332:[0m Received checkpoint summary from state sync [3msequence_number[0m[2m=[0m553
[2m2025-03-25T07:56:34.643294Z[0m [32m INFO[0m [1mnode[0m[1m{[0m[3mname[0m[2m=[0mk#b3f3cbb4..[1m}[0m[2m:[0m [2msui_core::checkpoints::checkpoint_executor[0m[2m:[0m [2mcrates/sui-core/src/checkpoints/checkpoint_executor/mod.rs[0m[2m:[0m[2m332:[0m Received checkpoint summary from state sync [3msequence_number[0m[2m=[0m554
[2m2025-03-25T07:56:34.681503Z[0m [32m INFO[0m [1mnode[0m[1m{[0m[3mname[0m[2m=[0mk#99f25ef6..[1m}[0m[2m:[0m [2mconsensus_core::core[0m[2m:[0m [2mconsensus/core/src/core.rs[0m[2m:[0m[2m945:[0m Included 3 ancestors & excluded 0 ancestors for proposal in round 371
[2m2025-03-25T07:56:34.681578Z[0m [32m INFO[0m [1mnode[0m[1m{[0m[3mname[0m[2m=[0mk#addeef94..[1m}[0m[2m:[0m [2mconsensus_core::core[0m[2m:[0m [2mconsensus/core/src/core.rs[0m[2m:[0m[2m945:[0m Included 3 ancestors & excluded 0 ancestors for proposal in round 371
[2m2025-03-25T07:56:34.681886Z[0m [32m INFO[0m [1mnode[0m[1m{[0m[3mname[0m[2m=[0mk#99f25ef6..[1m}[0m[2m:[0m [2mconsensus_core::core[0m[2m:[0m [2mconsensus/core/src/core.rs[0m[2m:[0m[2m531:[0m Created block B371(B,crbD0of0H+EI03eY0JTDnsxEK7geVvHOyNVPyMQXiGA=)(1742889394681ms;[B370(B,W00C6uJTYZ0258Srm8cKeECD30X7tQfmdrhQa6CE40k=), B370(A,GqAHivjk6Mb9jb5x8BNVWx/22QQjmS40/omnYA+exBY=), B370(C,obOrmR/wSwR7fq2UgH2vkte+GE28sWRd1aY9m31prLQ=)];1t;1c) for round 371
[2m2025-03-25T07:56:34.681886Z[0m [32m INFO[0m [1mnode[0m[1m{[0m[3mname[0m[2m=[0mk#addeef94..[1m}[0m[2m:[0m [2mconsensus_core::core[0m[2m:[0m [2mconsensus/core/src/core.rs[0m[2m:[0m[2m531:[0m Created block B371(C,f4/eqzvRd/eaKEaY4FNd6lD976D7o8QQxhpobsKalrs=)(1742889394681ms;[B370(C,obOrmR/wSwR7fq2UgH2vkte+GE28sWRd1aY9m31prLQ=), B370(A,GqAHivjk6Mb9jb5x8BNVWx/22QQjmS40/omnYA+exBY=), B370(B,W00C6uJTYZ0258Srm8cKeECD30X7tQfmdrhQa6CE40k=)];1t;1c) for round 371
[2m2025-03-25T07:56:34.683701Z[0m [32m INFO[0m [1mnode[0m[1m{[0m[3mname[0m[2m=[0mk#99f25ef6..[1m}[0m[2m:[0m [2mconsensus_core::core[0m[2m:[0m [2mconsensus/core/src/core.rs[0m[2m:[0m[2m630:[0m Committing 1 leaders: B369(C,KOIV)
[2m2025-03-25T07:56:34.683743Z[0m [32m INFO[0m [1mnode[0m[1m{[0m[3mname[0m[2m=[0mk#addeef94..[1m}[0m[2m:[0m [2mconsensus_core::core[0m[2m:[0m [2mconsensus/core/src/core.rs[0m[2m:[0m[2m630:[0m Committing 1 leaders: B369(C,KOIV)
[2m2025-03-25T07:56:34.683798Z[0m [32m INFO[0m [1mnode[0m[1m{[0m[3mname[0m[2m=[0mk#99f25ef6..[1m}[0m[2m:[0m [2mconsensus_core::commit_observer[0m[2m:[0m [2mconsensus/core/src/commit_observer.rs[0m[2m:[0m[2m173:[0m Consensus commit C359(yJIL) with leader B369(C,KOIV) has 3 blocks
[2m2025-03-25T07:56:34.683830Z[0m [32m INFO[0m [1mnode[0m[1m{[0m[3mname[0m[2m=[0mk#addeef94..[1m}[0m[2m:[0m [2mconsensus_core::commit_observer[0m[2m:[0m [2mconsensus/core/src/commit_observer.rs[0m[2m:[0m[2m173:[0m Consensus commit C359(yJIL) with leader B369(C,KOIV) has 3 blocks
[2m2025-03-25T07:56:34.683879Z[0m [32m INFO[0m [1mnode[0m[1m{[0m[3mname[0m[2m=[0mk#99f25ef6..[1m}[0m[2m:[0m [2msui_core::consensus_handler[0m[2m:[0m [2mcrates/sui-core/src/consensus_handler.rs[0m[2m:[0m[2m232:[0m Received consensus output [3mconsensus_commit[0m[2m=[0mCommittedSubDag(leader=B369(C,KOIV), ref=C359(yJIL), blocks=[EeIf, Jpjk, KOIV]) [3mepoch[0m[2m=[0m1
[2m2025-03-25T07:56:34.683899Z[0m [32m INFO[0m [1mnode[0m[1m{[0m[3mname[0m[2m=[0mk#addeef94..[1m}[0m[2m:[0m [2msui_core::consensus_handler[0m[2m:[0m [2mcrates/sui-core/src/consensus_handler.rs[0m[2m:[0m[2m232:[0m Received consensus output [3mconsensus_commit[0m[2m=[0mCommittedSubDag(leader=B369(C,KOIV), ref=C359(yJIL), blocks=[EeIf, Jpjk, KOIV]) [3mepoch[0m[2m=[0m1
[2m2025-03-25T07:56:34.685741Z[0m [32m INFO[0m [1mnode[0m[1m{[0m[3mname[0m[2m=[0mk#8dcff6d1..[1m}[0m[2m:[0m [2msui_core::checkpoints::checkpoint_output[0m[2m:[0m [2mcrates/sui-core/src/checkpoints/checkpoint_output.rs[0m[2m:[0m[2m196:[0m Certified checkpoint with sequence 571 and digest 8tMTATFyKXGdFGKBLRCYRH2csqRPTmv6vsZkZpaqC8Nq
[2m2025-03-25T07:56:34.686085Z[0m [32m INFO[0m [1mnode[0m[1m{[0m[3mname[0m[2m=[0mk#8dcff6d1..[1m}[0m[2m:[0m [2mconsensus_core::core[0m[2m:[0m [2mconsensus/core/src/core.rs[0m[2m:[0m[2m630:[0m Committing 1 leaders: B369(C,KOIV)
[2m2025-03-25T07:56:34.686204Z[0m [32m INFO[0m [1mnode[0m[1m{[0m[3mname[0m[2m=[0mk#8dcff6d1..[1m}[0m[2m:[0m [2mconsensus_core::commit_observer[0m[2m:[0m [2mconsensus/core/src/commit_observer.rs[0m[2m:[0m[2m173:[0m Consensus commit C359(yJIL) with leader B369(C,KOIV) has 3 blocks
[2m2025-03-25T07:56:34.686605Z[0m [32m INFO[0m [1mnode[0m[1m{[0m[3mname[0m[2m=[0mk#8dcff6d1..[1m}[0m[2m:[0m [2msui_core::consensus_handler[0m[2m:[0m [2mcrates/sui-core/src/consensus_handler.rs[0m[2m:[0m[2m232:[0m Received consensus output [3mconsensus_commit[0m[2m=[0mCommittedSubDag(leader=B369(C,KOIV), ref=C359(yJIL), blocks=[EeIf, Jpjk, KOIV]) [3mepoch[0m[2m=[0m1
[2m2025-03-25T07:56:34.687164Z[0m [32m INFO[0m [1mnode[0m[1m{[0m[3mname[0m[2m=[0mk#8dcff6d1..[1m}[0m[2m:[0m [2msui_core::checkpoints::checkpoint_executor[0m[2m:[0m [2mcrates/sui-core/src/checkpoints/checkpoint_executor/mod.rs[0m[2m:[0m[2m332:[0m Received checkpoint summary from state sync [3msequence_number[0m[2m=[0m571
[2m2025-03-25T07:56:34.688716Z[0m [32m INFO[0m [1mnode[0m[1m{[0m[3mname[0m[2m=[0mk#8dcff6d1..[1m}[0m[2m:[0m [2msui_core::state_accumulator[0m[2m:[0m [2mcrates/sui-core/src/state_accumulator.rs[0m[2m:[0m[2m675:[0m accumulating running root for checkpoint 571
[2m2025-03-25T07:56:34.710425Z[0m [32m INFO[0m [1mnode[0m[1m{[0m[3mname[0m[2m=[0mk#99f25ef6..[1m}[0m[2m:[0m [2msui_core::checkpoints[0m[2m:[0m [2mcrates/sui-core/src/checkpoints/mod.rs[0m[2m:[0m[2m1326:[0m Creating checkpoint(s) for 2 transactions [3mnext_checkpoint_seq[0m[2m=[0m572 [3mcheckpoint_timestamp[0m[2m=[0m1742889394172
[2m2025-03-25T07:56:34.710425Z[0m [32m INFO[0m [1mnode[0m[1m{[0m[3mname[0m[2m=[0mk#addeef94..[1m}[0m[2m:[0m [2msui_core::checkpoints[0m[2m:[0m [2mcrates/sui-core/src/checkpoints/mod.rs[0m[2m:[0m[2m1326:[0m Creating checkpoint(s) for 2 transactions [3mnext_checkpoint_seq[0m[2m=[0m572 [3mcheckpoint_timestamp[0m[2m=[0m1742889394172
[2m2025-03-25T07:56:34.710747Z[0m [32m INFO[0m [1mnode[0m[1m{[0m[3mname[0m[2m=[0mk#addeef94..[1m}[0m[2m:[0m [2msui_core::checkpoints::checkpoint_output[0m[2m:[0m [2mcrates/sui-core/src/checkpoints/checkpoint_output.rs[0m[2m:[0m[2m149:[0m Creating checkpoint CheckpointDigest(PJBRcrcnhvUADofeVHYGLeQuYHSv9MkQnyrLWx51L2J) at epoch 1, sequence 572, previous digest Some(CheckpointDigest(8tMTATFyKXGdFGKBLRCYRH2csqRPTmv6vsZkZpaqC8Nq)), transactions count 2, content digest CheckpointContentsDigest(4v3KFcMgN4QKeCSdSu7Y4XbdYbj57a2V1qmBVnE4yrgB), end_of_epoch_data None
[2m2025-03-25T07:56:34.710747Z[0m [32m INFO[0m [1mnode[0m[1m{[0m[3mname[0m[2m=[0mk#99f25ef6..[1m}[0m[2m:[0m [2msui_core::checkpoints::checkpoint_output[0m[2m:[0m [2mcrates/sui-core/src/checkpoints/checkpoint_output.rs[0m[2m:[0m[2m149:[0m Creating checkpoint CheckpointDigest(PJBRcrcnhvUADofeVHYGLeQuYHSv9MkQnyrLWx51L2J) at epoch 1, sequence 572, previous digest Some(CheckpointDigest(8tMTATFyKXGdFGKBLRCYRH2csqRPTmv6vsZkZpaqC8Nq)), transactions count 2, content digest CheckpointContentsDigest(4v3KFcMgN4QKeCSdSu7Y4XbdYbj57a2V1qmBVnE4yrgB), end_of_epoch_data None
[2m2025-03-25T07:56:34.713208Z[0m [32m INFO[0m [1mnode[0m[1m{[0m[3mname[0m[2m=[0mk#addeef94..[1m}[0m[2m:[0m [2msui_core::checkpoints::checkpoint_executor[0m[2m:[0m [2mcrates/sui-core/src/checkpoints/checkpoint_executor/mod.rs[0m[2m:[0m[2m332:[0m Received checkpoint summary from state sync [3msequence_number[0m[2m=[0m571
[2m2025-03-25T07:56:34.713253Z[0m [32m INFO[0m [1mnode[0m[1m{[0m[3mname[0m[2m=[0mk#99f25ef6..[1m}[0m[2m:[0m [2msui_core::checkpoints::checkpoint_executor[0m[2m:[0m [2mcrates/sui-core/src/checkpoints/checkpoint_executor/mod.rs[0m[2m:[0m[2m332:[0m Received checkpoint summary from state sync [3msequence_number[0m[2m=[0m570
[2m2025-03-25T07:56:34.713336Z[0m [32m INFO[0m [1mnode[0m[1m{[0m[3mname[0m[2m=[0mk#99f25ef6..[1m}[0m[2m:[0m [2msui_core::checkpoints::checkpoint_executor[0m[2m:[0m [2mcrates/sui-core/src/checkpoints/checkpoint_executor/mod.rs[0m[2m:[0m[2m332:[0m Received checkpoint summary from state sync [3msequence_number[0m[2m=[0m571
[2m2025-03-25T07:56:34.714083Z[0m [32m INFO[0m [1mnode[0m[1m{[0m[3mname[0m[2m=[0mk#addeef94..[1m}[0m[2m:[0m [2msui_core::state_accumulator[0m[2m:[0m [2mcrates/sui-core/src/state_accumulator.rs[0m[2m:[0m[2m675:[0m accumulating running root for checkpoint 571
[2m2025-03-25T07:56:34.714085Z[0m [32m INFO[0m [1mnode[0m[1m{[0m[3mname[0m[2m=[0mk#99f25ef6..[1m}[0m[2m:[0m [2msui_core::state_accumulator[0m[2m:[0m [2mcrates/sui-core/src/state_accumulator.rs[0m[2m:[0m[2m675:[0m accumulating running root for checkpoint 571
[2m2025-03-25T07:56:34.714324Z[0m [32m INFO[0m [1mnode[0m[1m{[0m[3mname[0m[2m=[0mk#8dcff6d1..[1m}[0m[2m:[0m [2msui_core::checkpoints[0m[2m:[0m [2mcrates/sui-core/src/checkpoints/mod.rs[0m[2m:[0m[2m1326:[0m Creating checkpoint(s) for 2 transactions [3mnext_checkpoint_seq[0m[2m=[0m572 [3mcheckpoint_timestamp[0m[2m=[0m1742889394172
[2m2025-03-25T07:56:34.714598Z[0m [32m INFO[0m [1mnode[0m[1m{[0m[3mname[0m[2m=[0mk#8dcff6d1..[1m}[0m[2m:[0m [2msui_core::checkpoints::checkpoint_output[0m[2m:[0m [2mcrates/sui-core/src/checkpoints/checkpoint_output.rs[0m[2m:[0m[2m149:[0m Creating checkpoint CheckpointDigest(PJBRcrcnhvUADofeVHYGLeQuYHSv9MkQnyrLWx51L2J) at epoch 1, sequence 572, previous digest Some(CheckpointDigest(8tMTATFyKXGdFGKBLRCYRH2csqRPTmv6vsZkZpaqC8Nq)), transactions count 2, content digest CheckpointContentsDigest(4v3KFcMgN4QKeCSdSu7Y4XbdYbj57a2V1qmBVnE4yrgB), end_of_epoch_data None
[2m2025-03-25T07:56:34.728594Z[0m [32m INFO[0m [1mnode[0m[1m{[0m[3mname[0m[2m=[0mk#b3f3cbb4..[1m}[0m[2m:[0m [2msui_core::checkpoints::checkpoint_executor[0m[2m:[0m [2mcrates/sui-core/src/checkpoints/checkpoint_executor/mod.rs[0m[2m:[0m[2m332:[0m Received checkpoint summary from state sync [3msequence_number[0m[2m=[0m555
[2m2025-03-25T07:56:34.728768Z[0m [32m INFO[0m [1mnode[0m[1m{[0m[3mname[0m[2m=[0mk#b3f3cbb4..[1m}[0m[2m:[0m [2msui_core::checkpoints::checkpoint_executor[0m[2m:[0m [2mcrates/sui-core/src/checkpoints/checkpoint_executor/mod.rs[0m[2m:[0m[2m332:[0m Received checkpoint summary from state sync [3msequence_number[0m[2m=[0m556
[2m2025-03-25T07:56:34.728811Z[0m [32m INFO[0m [1mnode[0m[1m{[0m[3mname[0m[2m=[0mk#b3f3cbb4..[1m}[0m[2m:[0m [2msui_core::checkpoints::checkpoint_executor[0m[2m:[0m [2mcrates/sui-core/src/checkpoints/checkpoint_executor/mod.rs[0m[2m:[0m[2m332:[0m Received checkpoint summary from state sync [3msequence_number[0m[2m=[0m557
[2m2025-03-25T07:56:34.743705Z[0m [31mERROR[0m [1mnode[0m[1m{[0m[3mname[0m[2m=[0mk#b3f3cbb4..[1m}[0m[2m:[0m [2msui_core::transaction_orchestrator[0m[2m:[0m [2mcrates/sui-core/src/transaction_orchestrator.rs[0m[2m:[0m[2m138:[0m [3merror[0m[2m=[0mTransaction has non recoverable errors from at least 1/3 of validators: [(UserInputError { error: ObjectVersionUnavailableForConsumption { provided_obj_ref: (0xd7d7820b1d5a3802a2c50420aa60d9072814fcfac9e333ae55536bce5ecc4924, SequenceNumber(114), o#G6tFPuFyAAWMEecgda16xEPfTgTnxE2mborPfAPjqm3W), current_version: SequenceNumber(341) } }, 6667, [k#99f25ef6.., k#addeef94..])].
[2m2025-03-25T07:56:34.745043Z[0m [32m INFO[0m [1mnode[0m[1m{[0m[3mname[0m[2m=[0mk#b3f3cbb4..[1m}[0m[2m:[0m [2msui_core::state_accumulator[0m[2m:[0m [2mcrates/sui-core/src/state_accumulator.rs[0m[2m:[0m[2m675:[0m accumulating running root for checkpoint 526
[2m2025-03-25T07:56:34.745335Z[0m [32m INFO[0m [1mnode[0m[1m{[0m[3mname[0m[2m=[0mk#b3f3cbb4..[1m}[0m[2m:[0m [2msui_core::checkpoints::checkpoint_executor[0m[2m:[0m [2mcrates/sui-core/src/checkpoints/checkpoint_executor/mod.rs[0m[2m:[0m[2m332:[0m Received checkpoint summary from state sync [3msequence_number[0m[2m=[0m558
[2m2025-03-25T07:56:34.745378Z[0m [32m INFO[0m [1mnode[0m[1m{[0m[3mname[0m[2m=[0mk#b3f3cbb4..[1m}[0m[2m:[0m [2msui_core::checkpoints::checkpoint_executor[0m[2m:[0m [2mcrates/sui-core/src/checkpoints/checkpoint_executor/mod.rs[0m[2m:[0m[2m332:[0m Received checkpoint summary from state sync [3msequence_number[0m[2m=[0m559
[2m2025-03-25T07:56:34.825340Z[0m [31mERROR[0m [1mnode[0m[1m{[0m[3mname[0m[2m=[0mk#b3f3cbb4..[1m}[0m[2m:[0m[1mjson-rpc-request[0m[2m:[0m[1mexecute_transaction_block[0m[1m{[0m[3mtx_bytes[0m[2m=[0mBase64("AAAMAAECAAgAAAAAAAAAAAAhIASpKrNcMERyIJZGlcwE39sm0AfBe/UMF48Z6suYGvyhAAEMABUU+VEOtc+UzfpAe6X8W/L50OGIerAACAQAAAAAAAAAAAgAQHoQ81oAAAABAAEBAAAAAAAAAAAAAAAAAAAAAAAAAAAAAAAAAAAAAAAAAAkBAAAAAAAAAAEBAQAAAAAAAAAAAAAAAAAAAAAAAAAAAAAAAAAAAAAAAAAGAQAAAAAAAAAAAQDX14ILHVo4AqLFBCCqYNkHKBT8+snjM65VU2vOXsxJJHIAAAAAAAAAIOBhJ4oP/L/MeEv6iLQL4aZc4ZWwUnnKxr98iBo4POnhAEMBQR/3UMxhz1pomZXOftVoGFiU7s73Qh59zTatJYlubThQHBB4L0TsLex0BdIGI6p95wO2BYqo8jW+agpgYbfzdJUBAgAAAAAAAAAAAAAAAAAAAAAAAAAAAAAAAAAAAAAAAAAACwdtZXNzYWdlG2NyZWF0ZV90b2tlbl9icmlkZ2VfbWVzc2FnZQAJAQAAAQEAAQIAAQMAAQQAAQUAAQYAAQcAAQcAAAAAAAAAAAAAAAAAAAAAAAAAAAAAAAAAAAAAAAAAAAALBmJyaWRnZRZhcHByb3ZlX3Rva2VuX3RyYW5zZmVyAAMBCAACAAABCwBP9C3ZJhKxTxCTl0FsPl02Ku5l19NFnbG4AWTx+EpZwwEFnFtlPaP2J62Ft5R6FjStMFX4GyQSW32bIxeLAUa/xlUBAAAAAAAAIDZCwiGUBBRO86kq7aAUBrawEt3oQwHtrnMk32sGJ5QjT/Qt2SYSsU8Qk5dBbD5dNiruZdfTRZ2xuAFk8fhKWcNkAAAAAAAAAADh9QUAAAAAAA==") [3msignatures[0m[2m=[0m[Base64("Afgw9XKN/B2RZYa5qvYNLl2juVPUU1PTdQ1UuRDTbhXVHN80fqxmVWOIBVRRKE2tD4R1qoW7biJ73vFlHmruIk0CeAYk1RtwfaqjNexbgIg00P1m8SbZQxvHSl8zs5cplYw=")] [3mopts[0m[2m=[0mSome(SuiTransactionBlockResponseOptions { show_input: false, show_raw_input: false, show_effects: true, show_events: true, show_object_changes: false, show_balance_changes: false, show_raw_effects: false }) [3mrequest_type[0m[2m=[0mNone[1m}[0m[2m:[0m [2msui_json_rpc::transaction_execution_api[0m[2m:[0m [2mcrates/sui-json-rpc/src/transaction_execution_api.rs[0m[2m:[0m[2m334:[0m [3merror[0m[2m=[0mQuorumDriverError(NonRecoverableTransactionError { errors: [(UserInputError { error: ObjectVersionUnavailableForConsumption { provided_obj_ref: (0xd7d7820b1d5a3802a2c50420aa60d9072814fcfac9e333ae55536bce5ecc4924, SequenceNumber(114), o#G6tFPuFyAAWMEecgda16xEPfTgTnxE2mborPfAPjqm3W), current_version: SequenceNumber(341) } }, 6667, [k#99f25ef6.., k#addeef94..])] })
[2m2025-03-25T07:56:34.825756Z[0m [31mERROR[0m [1mhandle_execution_task[0m[1m{[0m[3maction_key[0m[2m=[0mBridgeActionKey(0,2,0) [3mattempt_times[0m[2m=[0m1[1m}[0m[2m:[0m [2msui_bridge::action_executor[0m[2m:[0m [2mcrates/sui-bridge/src/action_executor.rs[0m[2m:[0m[2m551:[0m Sui transaction failed at signing: SuiTxFailureGeneric("RPC call failed: ErrorObject { code: ServerError(-32002), message: \"Transaction validator signing failed due to issues with transaction inputs, please review the errors and try again:\\n- Object BFCd7d7820b1d5a3802a2c50420aa60d9072814fcfac9e333ae55536bce5ecc49245409 SequenceNumber(114) o#G6tFPuFyAAWMEecgda16xEPfTgTnxE2mborPfAPjqm3W is not available for consumption, its current version: SequenceNumber(341).\", data: None }") [3maction_key[0m[2m=[0mBridgeActionKey(0,2,0) [3mtx_digest[0m[2m=[0mTransactionDigest(GDSurpEu2x2PVvpwcUqP5MTXTQ8jWoYdMxzexGq3UM9X)
[2m2025-03-25T07:56:34.825806Z[0m [32m INFO[0m [2msui_bridge::action_executor[0m[2m:[0m [2mcrates/sui-bridge/src/action_executor.rs[0m[2m:[0m[2m560:[0m Spawning future crates/sui-bridge/src/action_executor.rs:560
[2m2025-03-25T07:56:34.826443Z[0m [32m INFO[0m [1mnode[0m[1m{[0m[3mname[0m[2m=[0mk#b3f3cbb4..[1m}[0m[2m:[0m [2msui_core::checkpoints::checkpoint_executor[0m[2m:[0m [2mcrates/sui-core/src/checkpoints/checkpoint_executor/mod.rs[0m[2m:[0m[2m332:[0m Received checkpoint summary from state sync [3msequence_number[0m[2m=[0m560
[2m2025-03-25T07:56:34.826629Z[0m [32m INFO[0m [1mnode[0m[1m{[0m[3mname[0m[2m=[0mk#b3f3cbb4..[1m}[0m[2m:[0m [2msui_core::checkpoints::checkpoint_executor[0m[2m:[0m [2mcrates/sui-core/src/checkpoints/checkpoint_executor/mod.rs[0m[2m:[0m[2m332:[0m Received checkpoint summary from state sync [3msequence_number[0m[2m=[0m561
[2m2025-03-25T07:56:34.826670Z[0m [32m INFO[0m [1mnode[0m[1m{[0m[3mname[0m[2m=[0mk#b3f3cbb4..[1m}[0m[2m:[0m [2msui_core::checkpoints::checkpoint_executor[0m[2m:[0m [2mcrates/sui-core/src/checkpoints/checkpoint_executor/mod.rs[0m[2m:[0m[2m332:[0m Received checkpoint summary from state sync [3msequence_number[0m[2m=[0m562
[2m2025-03-25T07:56:34.826709Z[0m [32m INFO[0m [1mnode[0m[1m{[0m[3mname[0m[2m=[0mk#b3f3cbb4..[1m}[0m[2m:[0m [2msui_core::checkpoints::checkpoint_executor[0m[2m:[0m [2mcrates/sui-core/src/checkpoints/checkpoint_executor/mod.rs[0m[2m:[0m[2m332:[0m Received checkpoint summary from state sync [3msequence_number[0m[2m=[0m563
[2m2025-03-25T07:56:34.830787Z[0m [32m INFO[0m [1mnode[0m[1m{[0m[3mname[0m[2m=[0mk#b3f3cbb4..[1m}[0m[2m:[0m [2msui_core::state_accumulator[0m[2m:[0m [2mcrates/sui-core/src/state_accumulator.rs[0m[2m:[0m[2m675:[0m accumulating running root for checkpoint 527
[2m2025-03-25T07:56:34.831089Z[0m [32m INFO[0m [1mnode[0m[1m{[0m[3mname[0m[2m=[0mk#b3f3cbb4..[1m}[0m[2m:[0m [2msui_core::checkpoints::checkpoint_executor[0m[2m:[0m [2mcrates/sui-core/src/checkpoints/checkpoint_executor/mod.rs[0m[2m:[0m[2m332:[0m Received checkpoint summary from state sync [3msequence_number[0m[2m=[0m564
[2m2025-03-25T07:56:34.831133Z[0m [32m INFO[0m [1mnode[0m[1m{[0m[3mname[0m[2m=[0mk#b3f3cbb4..[1m}[0m[2m:[0m [2msui_core::checkpoints::checkpoint_executor[0m[2m:[0m [2mcrates/sui-core/src/checkpoints/checkpoint_executor/mod.rs[0m[2m:[0m[2m332:[0m Received checkpoint summary from state sync [3msequence_number[0m[2m=[0m565
[2m2025-03-25T07:56:34.919859Z[0m [32m INFO[0m [2msui_bridge::sui_bridge_watchdog[0m[2m:[0m [2mcrates/sui-bridge/src/sui_bridge_watchdog/mod.rs[0m[2m:[0m[2m47:[0m Running observable EthBridgeStatus
[2m2025-03-25T07:56:34.919865Z[0m [32m INFO[0m [2msui_bridge::sui_bridge_watchdog[0m[2m:[0m [2mcrates/sui-bridge/src/sui_bridge_watchdog/mod.rs[0m[2m:[0m[2m47:[0m Running observable SuiBridgeStatus
[2m2025-03-25T07:56:34.919876Z[0m [32m INFO[0m [2msui_bridge::sui_bridge_watchdog[0m[2m:[0m [2mcrates/sui-bridge/src/sui_bridge_watchdog/mod.rs[0m[2m:[0m[2m47:[0m Running observable EthereumVaultBalance
[2m2025-03-25T07:56:34.919962Z[0m [32m INFO[0m [2msui_bridge::sui_bridge_watchdog[0m[2m:[0m [2mcrates/sui-bridge/src/sui_bridge_watchdog/mod.rs[0m[2m:[0m[2m47:[0m Running observable EthereumVaultBalance
[2m2025-03-25T07:56:34.920480Z[0m [32m INFO[0m [1mobservable[0m[1m{[0m[3mname[0m[2m=[0m"EthereumVaultBalance"[1m}[0m[2m:[0m [2msui_bridge::sui_bridge_watchdog::eth_vault_balance[0m[2m:[0m [2mcrates/sui-bridge/src/sui_bridge_watchdog/eth_vault_balance.rs[0m[2m:[0m[2m98:[0m WETH Vault Balance: 0
[2m2025-03-25T07:56:34.920555Z[0m [32m INFO[0m [1mobservable[0m[1m{[0m[3mname[0m[2m=[0m"EthBridgeStatus"[1m}[0m[2m:[0m [2msui_bridge::sui_bridge_watchdog::eth_bridge_status[0m[2m:[0m [2mcrates/sui-bridge/src/sui_bridge_watchdog/eth_bridge_status.rs[0m[2m:[0m[2m47:[0m Eth Bridge Status: false
[2m2025-03-25T07:56:34.920585Z[0m [32m INFO[0m [1mobservable[0m[1m{[0m[3mname[0m[2m=[0m"EthereumVaultBalance"[1m}[0m[2m:[0m [2msui_bridge::sui_bridge_watchdog::eth_vault_balance[0m[2m:[0m [2mcrates/sui-bridge/src/sui_bridge_watchdog/eth_vault_balance.rs[0m[2m:[0m[2m98:[0m USDT Vault Balance: 10000000000
[2m2025-03-25T07:56:34.920621Z[0m [32m INFO[0m [1mnode[0m[1m{[0m[3mname[0m[2m=[0mk#b3f3cbb4..[1m}[0m[2m:[0m [2msui_core::checkpoints::checkpoint_executor[0m[2m:[0m [2mcrates/sui-core/src/checkpoints/checkpoint_executor/mod.rs[0m[2m:[0m[2m332:[0m Received checkpoint summary from state sync [3msequence_number[0m[2m=[0m566
[2m2025-03-25T07:56:34.920746Z[0m [32m INFO[0m [1mnode[0m[1m{[0m[3mname[0m[2m=[0mk#b3f3cbb4..[1m}[0m[2m:[0m [2msui_core::checkpoints::checkpoint_executor[0m[2m:[0m [2mcrates/sui-core/src/checkpoints/checkpoint_executor/mod.rs[0m[2m:[0m[2m332:[0m Received checkpoint summary from state sync [3msequence_number[0m[2m=[0m567
[2m2025-03-25T07:56:34.921249Z[0m [32m INFO[0m [1mnode[0m[1m{[0m[3mname[0m[2m=[0mk#b3f3cbb4..[1m}[0m[2m:[0m [2msui_core::state_accumulator[0m[2m:[0m [2mcrates/sui-core/src/state_accumulator.rs[0m[2m:[0m[2m675:[0m accumulating running root for checkpoint 528
[2m2025-03-25T07:56:34.936138Z[0m [32m INFO[0m [1mnode[0m[1m{[0m[3mname[0m[2m=[0mk#99f25ef6..[1m}[0m[2m:[0m [2mconsensus_core::core[0m[2m:[0m [2mconsensus/core/src/core.rs[0m[2m:[0m[2m945:[0m Included 2 ancestors & excluded 0 ancestors for proposal in round 372
[2m2025-03-25T07:56:34.936402Z[0m [32m INFO[0m [1mnode[0m[1m{[0m[3mname[0m[2m=[0mk#addeef94..[1m}[0m[2m:[0m [2mconsensus_core::core[0m[2m:[0m [2mconsensus/core/src/core.rs[0m[2m:[0m[2m945:[0m Included 2 ancestors & excluded 0 ancestors for proposal in round 372
[2m2025-03-25T07:56:34.936477Z[0m [32m INFO[0m [1mnode[0m[1m{[0m[3mname[0m[2m=[0mk#99f25ef6..[1m}[0m[2m:[0m [2mconsensus_core::core[0m[2m:[0m [2mconsensus/core/src/core.rs[0m[2m:[0m[2m531:[0m Created block B372(B,wGVwJk7Zt1cMBq1F4drYJMhvj0SXYJxgF7Ks6jSOwt0=)(1742889394936ms;[B371(B,crbD0of0H+EI03eY0JTDnsxEK7geVvHOyNVPyMQXiGA=), B371(C,f4/eqzvRd/eaKEaY4FNd6lD976D7o8QQxhpobsKalrs=)];1t;1c) for round 372
[2m2025-03-25T07:56:34.936678Z[0m [32m INFO[0m [1mnode[0m[1m{[0m[3mname[0m[2m=[0mk#addeef94..[1m}[0m[2m:[0m [2mconsensus_core::core[0m[2m:[0m [2mconsensus/core/src/core.rs[0m[2m:[0m[2m531:[0m Created block B372(C,wrbiogv3aB8U3EFyDu1J+Kxx1SpXWeER5jj/awEyIhE=)(1742889394936ms;[B371(C,f4/eqzvRd/eaKEaY4FNd6lD976D7o8QQxhpobsKalrs=), B371(B,crbD0of0H+EI03eY0JTDnsxEK7geVvHOyNVPyMQXiGA=)];1t;1c) for round 372
[2m2025-03-25T07:56:34.938412Z[0m [32m INFO[0m [1mnode[0m[1m{[0m[3mname[0m[2m=[0mk#addeef94..[1m}[0m[2m:[0m [2mconsensus_core::core[0m[2m:[0m [2mconsensus/core/src/core.rs[0m[2m:[0m[2m630:[0m Committing 1 leaders: B370(B,W00C)
[2m2025-03-25T07:56:34.938412Z[0m [32m INFO[0m [1mnode[0m[1m{[0m[3mname[0m[2m=[0mk#99f25ef6..[1m}[0m[2m:[0m [2mconsensus_core::core[0m[2m:[0m [2mconsensus/core/src/core.rs[0m[2m:[0m[2m630:[0m Committing 1 leaders: B370(B,W00C)
[2m2025-03-25T07:56:34.938503Z[0m [32m INFO[0m [1mnode[0m[1m{[0m[3mname[0m[2m=[0mk#99f25ef6..[1m}[0m[2m:[0m [2mconsensus_core::commit_observer[0m[2m:[0m [2mconsensus/core/src/commit_observer.rs[0m[2m:[0m[2m173:[0m Consensus commit C360(eNWi) with leader B370(B,W00C) has 2 blocks
[2m2025-03-25T07:56:34.938508Z[0m [32m INFO[0m [1mnode[0m[1m{[0m[3mname[0m[2m=[0mk#addeef94..[1m}[0m[2m:[0m [2mconsensus_core::commit_observer[0m[2m:[0m [2mconsensus/core/src/commit_observer.rs[0m[2m:[0m[2m173:[0m Consensus commit C360(eNWi) with leader B370(B,W00C) has 2 blocks
[2m2025-03-25T07:56:34.938579Z[0m [32m INFO[0m [1mnode[0m[1m{[0m[3mname[0m[2m=[0mk#99f25ef6..[1m}[0m[2m:[0m [2msui_core::consensus_handler[0m[2m:[0m [2mcrates/sui-core/src/consensus_handler.rs[0m[2m:[0m[2m232:[0m Received consensus output [3mconsensus_commit[0m[2m=[0mCommittedSubDag(leader=B370(B,W00C), ref=C360(eNWi), blocks=[KY/m, W00C]) [3mepoch[0m[2m=[0m1
[2m2025-03-25T07:56:34.938581Z[0m [32m INFO[0m [1mnode[0m[1m{[0m[3mname[0m[2m=[0mk#addeef94..[1m}[0m[2m:[0m [2msui_core::consensus_handler[0m[2m:[0m [2mcrates/sui-core/src/consensus_handler.rs[0m[2m:[0m[2m232:[0m Received consensus output [3mconsensus_commit[0m[2m=[0mCommittedSubDag(leader=B370(B,W00C), ref=C360(eNWi), blocks=[KY/m, W00C]) [3mepoch[0m[2m=[0m1
[2m2025-03-25T07:56:34.939619Z[0m [32m INFO[0m [1mnode[0m[1m{[0m[3mname[0m[2m=[0mk#8dcff6d1..[1m}[0m[2m:[0m [2mconsensus_core::core[0m[2m:[0m [2mconsensus/core/src/core.rs[0m[2m:[0m[2m945:[0m Included 3 ancestors & excluded 0 ancestors for proposal in round 372
[2m2025-03-25T07:56:34.939939Z[0m [32m INFO[0m [1mnode[0m[1m{[0m[3mname[0m[2m=[0mk#8dcff6d1..[1m}[0m[2m:[0m [2mconsensus_core::core[0m[2m:[0m [2mconsensus/core/src/core.rs[0m[2m:[0m[2m531:[0m Created block B372(A,RQXyZQsiW1+kfbZOjI2unhDke5E1i+/A6AzgP07xuI4=)(1742889394939ms;[B370(A,GqAHivjk6Mb9jb5x8BNVWx/22QQjmS40/omnYA+exBY=), B371(B,crbD0of0H+EI03eY0JTDnsxEK7geVvHOyNVPyMQXiGA=), B371(C,f4/eqzvRd/eaKEaY4FNd6lD976D7o8QQxhpobsKalrs=)];2t;2c) for round 372
[2m2025-03-25T07:56:34.940071Z[0m [32m INFO[0m [1mnode[0m[1m{[0m[3mname[0m[2m=[0mk#8dcff6d1..[1m}[0m[2m:[0m [2mconsensus_core::core[0m[2m:[0m [2mconsensus/core/src/core.rs[0m[2m:[0m[2m630:[0m Committing 1 leaders: B370(B,W00C)
[2m2025-03-25T07:56:34.940150Z[0m [32m INFO[0m [1mnode[0m[1m{[0m[3mname[0m[2m=[0mk#8dcff6d1..[1m}[0m[2m:[0m [2mconsensus_core::commit_observer[0m[2m:[0m [2mconsensus/core/src/commit_observer.rs[0m[2m:[0m[2m173:[0m Consensus commit C360(eNWi) with leader B370(B,W00C) has 2 blocks
[2m2025-03-25T07:56:34.941243Z[0m [32m INFO[0m [1mnode[0m[1m{[0m[3mname[0m[2m=[0mk#8dcff6d1..[1m}[0m[2m:[0m [2msui_core::checkpoints::checkpoint_output[0m[2m:[0m [2mcrates/sui-core/src/checkpoints/checkpoint_output.rs[0m[2m:[0m[2m196:[0m Certified checkpoint with sequence 572 and digest PJBRcrcnhvUADofeVHYGLeQuYHSv9MkQnyrLWx51L2J
[2m2025-03-25T07:56:34.941318Z[0m [32m INFO[0m [1mnode[0m[1m{[0m[3mname[0m[2m=[0mk#8dcff6d1..[1m}[0m[2m:[0m [2msui_core::consensus_handler[0m[2m:[0m [2mcrates/sui-core/src/consensus_handler.rs[0m[2m:[0m[2m232:[0m Received consensus output [3mconsensus_commit[0m[2m=[0mCommittedSubDag(leader=B370(B,W00C), ref=C360(eNWi), blocks=[KY/m, W00C]) [3mepoch[0m[2m=[0m1
[2m2025-03-25T07:56:34.943789Z[0m [32m INFO[0m [2msui_bridge::sui_bridge_watchdog[0m[2m:[0m [2mcrates/sui-bridge/src/sui_bridge_watchdog/mod.rs[0m[2m:[0m[2m47:[0m Running observable SuiBridgeStatus
[2m2025-03-25T07:56:34.943822Z[0m [32m INFO[0m [2msui_bridge::sui_bridge_watchdog[0m[2m:[0m [2mcrates/sui-bridge/src/sui_bridge_watchdog/mod.rs[0m[2m:[0m[2m47:[0m Running observable EthBridgeStatus
[2m2025-03-25T07:56:34.943847Z[0m [32m INFO[0m [2msui_bridge::sui_bridge_watchdog[0m[2m:[0m [2mcrates/sui-bridge/src/sui_bridge_watchdog/mod.rs[0m[2m:[0m[2m47:[0m Running observable EthereumVaultBalance
[2m2025-03-25T07:56:34.943834Z[0m [32m INFO[0m [2msui_bridge::sui_bridge_watchdog[0m[2m:[0m [2mcrates/sui-bridge/src/sui_bridge_watchdog/mod.rs[0m[2m:[0m[2m47:[0m Running observable EthereumVaultBalance
[2m2025-03-25T07:56:34.944796Z[0m [32m INFO[0m [1mobservable[0m[1m{[0m[3mname[0m[2m=[0m"EthBridgeStatus"[1m}[0m[2m:[0m [2msui_bridge::sui_bridge_watchdog::eth_bridge_status[0m[2m:[0m [2mcrates/sui-bridge/src/sui_bridge_watchdog/eth_bridge_status.rs[0m[2m:[0m[2m47:[0m Eth Bridge Status: false
[2m2025-03-25T07:56:34.944803Z[0m [32m INFO[0m [1mobservable[0m[1m{[0m[3mname[0m[2m=[0m"EthereumVaultBalance"[1m}[0m[2m:[0m [2msui_bridge::sui_bridge_watchdog::eth_vault_balance[0m[2m:[0m [2mcrates/sui-bridge/src/sui_bridge_watchdog/eth_vault_balance.rs[0m[2m:[0m[2m98:[0m WETH Vault Balance: 0
[2m2025-03-25T07:56:34.944802Z[0m [32m INFO[0m [1mobservable[0m[1m{[0m[3mname[0m[2m=[0m"EthereumVaultBalance"[1m}[0m[2m:[0m [2msui_bridge::sui_bridge_watchdog::eth_vault_balance[0m[2m:[0m [2mcrates/sui-bridge/src/sui_bridge_watchdog/eth_vault_balance.rs[0m[2m:[0m[2m98:[0m USDT Vault Balance: 10000000000
[2m2025-03-25T07:56:34.954130Z[0m [32m INFO[0m [1mnode[0m[1m{[0m[3mname[0m[2m=[0mk#8dcff6d1..[1m}[0m[2m:[0m [2msui_core::checkpoints::checkpoint_executor[0m[2m:[0m [2mcrates/sui-core/src/checkpoints/checkpoint_executor/mod.rs[0m[2m:[0m[2m332:[0m Received checkpoint summary from state sync [3msequence_number[0m[2m=[0m572
[2m2025-03-25T07:56:34.963168Z[0m [32m INFO[0m [1mnode[0m[1m{[0m[3mname[0m[2m=[0mk#8dcff6d1..[1m}[0m[2m:[0m [2msui_core::state_accumulator[0m[2m:[0m [2mcrates/sui-core/src/state_accumulator.rs[0m[2m:[0m[2m675:[0m accumulating running root for checkpoint 572
[2m2025-03-25T07:56:34.986012Z[0m [32m INFO[0m [1mnode[0m[1m{[0m[3mname[0m[2m=[0mk#addeef94..[1m}[0m[2m:[0m [2msui_core::checkpoints[0m[2m:[0m [2mcrates/sui-core/src/checkpoints/mod.rs[0m[2m:[0m[2m1326:[0m Creating checkpoint(s) for 1 transactions [3mnext_checkpoint_seq[0m[2m=[0m573 [3mcheckpoint_timestamp[0m[2m=[0m1742889394426
[2m2025-03-25T07:56:34.986246Z[0m [32m INFO[0m [1mnode[0m[1m{[0m[3mname[0m[2m=[0mk#addeef94..[1m}[0m[2m:[0m [2msui_core::checkpoints::checkpoint_output[0m[2m:[0m [2mcrates/sui-core/src/checkpoints/checkpoint_output.rs[0m[2m:[0m[2m149:[0m Creating checkpoint CheckpointDigest(41MzBVpcJ2soKgktLEyM9G8hoqvgtW5yaSFjT21fRATj) at epoch 1, sequence 573, previous digest Some(CheckpointDigest(PJBRcrcnhvUADofeVHYGLeQuYHSv9MkQnyrLWx51L2J)), transactions count 1, content digest CheckpointContentsDigest(7v4UBPpphLjNxUhKEJVy9DUFBzXoL9HcWioUL8hxkbHW), end_of_epoch_data None
[2m2025-03-25T07:56:34.986643Z[0m [32m INFO[0m [1mnode[0m[1m{[0m[3mname[0m[2m=[0mk#99f25ef6..[1m}[0m[2m:[0m [2msui_core::checkpoints[0m[2m:[0m [2mcrates/sui-core/src/checkpoints/mod.rs[0m[2m:[0m[2m1326:[0m Creating checkpoint(s) for 1 transactions [3mnext_checkpoint_seq[0m[2m=[0m573 [3mcheckpoint_timestamp[0m[2m=[0m1742889394426
[2m2025-03-25T07:56:34.986817Z[0m [32m INFO[0m [1mnode[0m[1m{[0m[3mname[0m[2m=[0mk#99f25ef6..[1m}[0m[2m:[0m [2msui_core::checkpoints::checkpoint_output[0m[2m:[0m [2mcrates/sui-core/src/checkpoints/checkpoint_output.rs[0m[2m:[0m[2m149:[0m Creating checkpoint CheckpointDigest(41MzBVpcJ2soKgktLEyM9G8hoqvgtW5yaSFjT21fRATj) at epoch 1, sequence 573, previous digest Some(CheckpointDigest(PJBRcrcnhvUADofeVHYGLeQuYHSv9MkQnyrLWx51L2J)), transactions count 1, content digest CheckpointContentsDigest(7v4UBPpphLjNxUhKEJVy9DUFBzXoL9HcWioUL8hxkbHW), end_of_epoch_data None
[2m2025-03-25T07:56:34.988874Z[0m [32m INFO[0m [1mnode[0m[1m{[0m[3mname[0m[2m=[0mk#8dcff6d1..[1m}[0m[2m:[0m [2msui_core::checkpoints[0m[2m:[0m [2mcrates/sui-core/src/checkpoints/mod.rs[0m[2m:[0m[2m1326:[0m Creating checkpoint(s) for 1 transactions [3mnext_checkpoint_seq[0m[2m=[0m573 [3mcheckpoint_timestamp[0m[2m=[0m1742889394426
[2m2025-03-25T07:56:34.989043Z[0m [32m INFO[0m [1mnode[0m[1m{[0m[3mname[0m[2m=[0mk#8dcff6d1..[1m}[0m[2m:[0m [2msui_core::checkpoints::checkpoint_output[0m[2m:[0m [2mcrates/sui-core/src/checkpoints/checkpoint_output.rs[0m[2m:[0m[2m149:[0m Creating checkpoint CheckpointDigest(41MzBVpcJ2soKgktLEyM9G8hoqvgtW5yaSFjT21fRATj) at epoch 1, sequence 573, previous digest Some(CheckpointDigest(PJBRcrcnhvUADofeVHYGLeQuYHSv9MkQnyrLWx51L2J)), transactions count 1, content digest CheckpointContentsDigest(7v4UBPpphLjNxUhKEJVy9DUFBzXoL9HcWioUL8hxkbHW), end_of_epoch_data None
[2m2025-03-25T07:56:34.990360Z[0m [32m INFO[0m [1mnode[0m[1m{[0m[3mname[0m[2m=[0mk#99f25ef6..[1m}[0m[2m:[0m [2msui_core::checkpoints::checkpoint_output[0m[2m:[0m [2mcrates/sui-core/src/checkpoints/checkpoint_output.rs[0m[2m:[0m[2m196:[0m Certified checkpoint with sequence 572 and digest PJBRcrcnhvUADofeVHYGLeQuYHSv9MkQnyrLWx51L2J
[2m2025-03-25T07:56:34.993333Z[0m [32m INFO[0m [1mnode[0m[1m{[0m[3mname[0m[2m=[0mk#99f25ef6..[1m}[0m[2m:[0m [2msui_core::checkpoints::checkpoint_executor[0m[2m:[0m [2mcrates/sui-core/src/checkpoints/checkpoint_executor/mod.rs[0m[2m:[0m[2m332:[0m Received checkpoint summary from state sync [3msequence_number[0m[2m=[0m572
[2m2025-03-25T07:56:35.005793Z[0m [32m INFO[0m [1mnode[0m[1m{[0m[3mname[0m[2m=[0mk#b3f3cbb4..[1m}[0m[2m:[0m [2msui_core::state_accumulator[0m[2m:[0m [2mcrates/sui-core/src/state_accumulator.rs[0m[2m:[0m[2m675:[0m accumulating running root for checkpoint 529
[2m2025-03-25T07:56:35.006121Z[0m [32m INFO[0m [1mnode[0m[1m{[0m[3mname[0m[2m=[0mk#b3f3cbb4..[1m}[0m[2m:[0m [2msui_core::checkpoints::checkpoint_executor[0m[2m:[0m [2mcrates/sui-core/src/checkpoints/checkpoint_executor/mod.rs[0m[2m:[0m[2m332:[0m Received checkpoint summary from state sync [3msequence_number[0m[2m=[0m568
[2m2025-03-25T07:56:35.006168Z[0m [32m INFO[0m [1mnode[0m[1m{[0m[3mname[0m[2m=[0mk#b3f3cbb4..[1m}[0m[2m:[0m [2msui_core::checkpoints::checkpoint_executor[0m[2m:[0m [2mcrates/sui-core/src/checkpoints/checkpoint_executor/mod.rs[0m[2m:[0m[2m332:[0m Received checkpoint summary from state sync [3msequence_number[0m[2m=[0m569
[2m2025-03-25T07:56:35.006210Z[0m [32m INFO[0m [1mnode[0m[1m{[0m[3mname[0m[2m=[0mk#b3f3cbb4..[1m}[0m[2m:[0m [2msui_core::checkpoints::checkpoint_executor[0m[2m:[0m [2mcrates/sui-core/src/checkpoints/checkpoint_executor/mod.rs[0m[2m:[0m[2m332:[0m Received checkpoint summary from state sync [3msequence_number[0m[2m=[0m570
[2m2025-03-25T07:56:35.012439Z[0m [32m INFO[0m [1mnode[0m[1m{[0m[3mname[0m[2m=[0mk#99f25ef6..[1m}[0m[2m:[0m [2msui_core::state_accumulator[0m[2m:[0m [2mcrates/sui-core/src/state_accumulator.rs[0m[2m:[0m[2m675:[0m accumulating running root for checkpoint 572
[2m2025-03-25T07:56:35.056077Z[0m [32m INFO[0m [1mnode[0m[1m{[0m[3mname[0m[2m=[0mk#addeef94..[1m}[0m[2m:[0m [2msui_core::checkpoints::checkpoint_executor[0m[2m:[0m [2mcrates/sui-core/src/checkpoints/checkpoint_executor/mod.rs[0m[2m:[0m[2m332:[0m Received checkpoint summary from state sync [3msequence_number[0m[2m=[0m572
[2m2025-03-25T07:56:35.057407Z[0m [32m INFO[0m [1mnode[0m[1m{[0m[3mname[0m[2m=[0mk#addeef94..[1m}[0m[2m:[0m [2msui_core::state_accumulator[0m[2m:[0m [2mcrates/sui-core/src/state_accumulator.rs[0m[2m:[0m[2m675:[0m accumulating running root for checkpoint 572
[2m2025-03-25T07:56:35.096829Z[0m [32m INFO[0m [1mnode[0m[1m{[0m[3mname[0m[2m=[0mk#b3f3cbb4..[1m}[0m[2m:[0m [2msui_core::state_accumulator[0m[2m:[0m [2mcrates/sui-core/src/state_accumulator.rs[0m[2m:[0m[2m675:[0m accumulating running root for checkpoint 530
[2m2025-03-25T07:56:35.128372Z[0m [32m INFO[0m [2msui_bridge::action_executor[0m[2m:[0m [2mcrates/sui-bridge/src/action_executor.rs[0m[2m:[0m[2m579:[0m Re-enqueued certificate for execution
[2m2025-03-25T07:56:35.128381Z[0m [32m INFO[0m [2msui_bridge::action_executor[0m[2m:[0m [2mcrates/sui-bridge/src/action_executor.rs[0m[2m:[0m[2m560:[0m Future crates/sui-bridge/src/action_executor.rs:560 completed
[2m2025-03-25T07:56:35.128413Z[0m [32m INFO[0m [1mhandle_execution_task[0m[1m{[0m[3maction_key[0m[2m=[0mBridgeActionKey(0,2,0) [3mattempt_times[0m[2m=[0m2[1m}[0m[2m:[0m [2msui_bridge::action_executor[0m[2m:[0m [2mcrates/sui-bridge/src/action_executor.rs[0m[2m:[0m[2m481:[0m Received certified action for execution: SuiToEthBridgeAction(SuiToEthBridgeAction { sui_tx_digest: TransactionDigest(JDYZWo7pouDfQMZQ1svXm7rFiHM4Wx8n49TtVZxwEGXL), sui_tx_event_index: 0, sui_bridge_event: EmittedSuiToEthTokenBridgeV1 { nonce: 0, sui_chain_id: SuiCustom, eth_chain_id: EthCustom, sui_address: 0x04a92ab35c30447220964695cc04dfdb26d007c17bf50c178f19eacb981afca1, eth_address: 0xf9510eb5cf94cdfa407ba5fc5bf2f9d0e1887ab0, token_id: 4, amount_sui_adjusted: 100000000000000, tx_hash: [], event_idx: 0 } })
[2m2025-03-25T07:56:35.174664Z[0m [32m INFO[0m [1mobservable[0m[1m{[0m[3mname[0m[2m=[0m"SuiBridgeStatus"[1m}[0m[2m:[0m [2msui_bridge::sui_bridge_watchdog::sui_bridge_status[0m[2m:[0m [2mcrates/sui-bridge/src/sui_bridge_watchdog/sui_bridge_status.rs[0m[2m:[0m[2m37:[0m Sui Bridge Status: false
[2m2025-03-25T07:56:35.174996Z[0m [32m INFO[0m [1mobservable[0m[1m{[0m[3mname[0m[2m=[0m"SuiBridgeStatus"[1m}[0m[2m:[0m [2msui_bridge::sui_bridge_watchdog::sui_bridge_status[0m[2m:[0m [2mcrates/sui-bridge/src/sui_bridge_watchdog/sui_bridge_status.rs[0m[2m:[0m[2m37:[0m Sui Bridge Status: false
[2m2025-03-25T07:56:35.175606Z[0m [32m INFO[0m [1mnode[0m[1m{[0m[3mname[0m[2m=[0mk#b3f3cbb4..[1m}[0m[2m:[0m [2msui_core::state_accumulator[0m[2m:[0m [2mcrates/sui-core/src/state_accumulator.rs[0m[2m:[0m[2m675:[0m accumulating running root for checkpoint 531
[2m2025-03-25T07:56:35.189038Z[0m [32m INFO[0m [1mnode[0m[1m{[0m[3mname[0m[2m=[0mk#99f25ef6..[1m}[0m[2m:[0m [2mconsensus_core::core[0m[2m:[0m [2mconsensus/core/src/core.rs[0m[2m:[0m[2m945:[0m Included 3 ancestors & excluded 0 ancestors for proposal in round 373
[2m2025-03-25T07:56:35.189038Z[0m [32m INFO[0m [1mnode[0m[1m{[0m[3mname[0m[2m=[0mk#addeef94..[1m}[0m[2m:[0m [2mconsensus_core::core[0m[2m:[0m [2mconsensus/core/src/core.rs[0m[2m:[0m[2m945:[0m Included 3 ancestors & excluded 0 ancestors for proposal in round 373
[2m2025-03-25T07:56:35.189412Z[0m [32m INFO[0m [1mnode[0m[1m{[0m[3mname[0m[2m=[0mk#addeef94..[1m}[0m[2m:[0m [2mconsensus_core::core[0m[2m:[0m [2mconsensus/core/src/core.rs[0m[2m:[0m[2m531:[0m Created block B373(C,FKiqj5JeF/kVR/BoamZrft3kF6g2bKYVruqmNYBuyFk=)(1742889395189ms;[B372(C,wrbiogv3aB8U3EFyDu1J+Kxx1SpXWeER5jj/awEyIhE=), B372(A,RQXyZQsiW1+kfbZOjI2unhDke5E1i+/A6AzgP07xuI4=), B372(B,wGVwJk7Zt1cMBq1F4drYJMhvj0SXYJxgF7Ks6jSOwt0=)];1t;1c) for round 373
[2m2025-03-25T07:56:35.189413Z[0m [32m INFO[0m [1mnode[0m[1m{[0m[3mname[0m[2m=[0mk#99f25ef6..[1m}[0m[2m:[0m [2mconsensus_core::core[0m[2m:[0m [2mconsensus/core/src/core.rs[0m[2m:[0m[2m531:[0m Created block B373(B,inlhAWKJuMFBtMkJ85XceQhtFUKNsglJ10W8D7HHGu8=)(1742889395189ms;[B372(B,wGVwJk7Zt1cMBq1F4drYJMhvj0SXYJxgF7Ks6jSOwt0=), B372(A,RQXyZQsiW1+kfbZOjI2unhDke5E1i+/A6AzgP07xuI4=), B372(C,wrbiogv3aB8U3EFyDu1J+Kxx1SpXWeER5jj/awEyIhE=)];1t;1c) for round 373
[2m2025-03-25T07:56:35.193216Z[0m [32m INFO[0m [1mnode[0m[1m{[0m[3mname[0m[2m=[0mk#8dcff6d1..[1m}[0m[2m:[0m [2msui_core::checkpoints::checkpoint_output[0m[2m:[0m [2mcrates/sui-core/src/checkpoints/checkpoint_output.rs[0m[2m:[0m[2m196:[0m Certified checkpoint with sequence 573 and digest 41MzBVpcJ2soKgktLEyM9G8hoqvgtW5yaSFjT21fRATj
[2m2025-03-25T07:56:35.193777Z[0m [32m INFO[0m [1mnode[0m[1m{[0m[3mname[0m[2m=[0mk#8dcff6d1..[1m}[0m[2m:[0m [2msui_core::checkpoints::checkpoint_executor[0m[2m:[0m [2mcrates/sui-core/src/checkpoints/checkpoint_executor/mod.rs[0m[2m:[0m[2m332:[0m Received checkpoint summary from state sync [3msequence_number[0m[2m=[0m573
[2m2025-03-25T07:56:35.194897Z[0m [32m INFO[0m [1mnode[0m[1m{[0m[3mname[0m[2m=[0mk#8dcff6d1..[1m}[0m[2m:[0m [2msui_core::state_accumulator[0m[2m:[0m [2mcrates/sui-core/src/state_accumulator.rs[0m[2m:[0m[2m675:[0m accumulating running root for checkpoint 573
[2m2025-03-25T07:56:35.196808Z[0m [32m INFO[0m [1mnode[0m[1m{[0m[3mname[0m[2m=[0mk#addeef94..[1m}[0m[2m:[0m [2msui_core::checkpoints::checkpoint_executor[0m[2m:[0m [2mcrates/sui-core/src/checkpoints/checkpoint_executor/mod.rs[0m[2m:[0m[2m332:[0m Received checkpoint summary from state sync [3msequence_number[0m[2m=[0m573
[2m2025-03-25T07:56:35.196874Z[0m [32m INFO[0m [1mnode[0m[1m{[0m[3mname[0m[2m=[0mk#99f25ef6..[1m}[0m[2m:[0m [2msui_core::checkpoints::checkpoint_executor[0m[2m:[0m [2mcrates/sui-core/src/checkpoints/checkpoint_executor/mod.rs[0m[2m:[0m[2m332:[0m Received checkpoint summary from state sync [3msequence_number[0m[2m=[0m572
[2m2025-03-25T07:56:35.196960Z[0m [32m INFO[0m [1mnode[0m[1m{[0m[3mname[0m[2m=[0mk#99f25ef6..[1m}[0m[2m:[0m [2msui_core::checkpoints::checkpoint_executor[0m[2m:[0m [2mcrates/sui-core/src/checkpoints/checkpoint_executor/mod.rs[0m[2m:[0m[2m332:[0m Received checkpoint summary from state sync [3msequence_number[0m[2m=[0m573
[2m2025-03-25T07:56:35.197555Z[0m [32m INFO[0m [1mnode[0m[1m{[0m[3mname[0m[2m=[0mk#addeef94..[1m}[0m[2m:[0m [2msui_core::state_accumulator[0m[2m:[0m [2mcrates/sui-core/src/state_accumulator.rs[0m[2m:[0m[2m675:[0m accumulating running root for checkpoint 573
[2m2025-03-25T07:56:35.197644Z[0m [32m INFO[0m [1mnode[0m[1m{[0m[3mname[0m[2m=[0mk#99f25ef6..[1m}[0m[2m:[0m [2msui_core::state_accumulator[0m[2m:[0m [2mcrates/sui-core/src/state_accumulator.rs[0m[2m:[0m[2m675:[0m accumulating running root for checkpoint 573
[2m2025-03-25T07:56:35.264823Z[0m [32m INFO[0m [1mnode[0m[1m{[0m[3mname[0m[2m=[0mk#b3f3cbb4..[1m}[0m[2m:[0m [2msui_core::state_accumulator[0m[2m:[0m [2mcrates/sui-core/src/state_accumulator.rs[0m[2m:[0m[2m675:[0m accumulating running root for checkpoint 532
[2m2025-03-25T07:56:35.265090Z[0m [32m INFO[0m [1mnode[0m[1m{[0m[3mname[0m[2m=[0mk#b3f3cbb4..[1m}[0m[2m:[0m [2msui_core::checkpoints::checkpoint_executor[0m[2m:[0m [2mcrates/sui-core/src/checkpoints/checkpoint_executor/mod.rs[0m[2m:[0m[2m332:[0m Received checkpoint summary from state sync [3msequence_number[0m[2m=[0m571
[2m2025-03-25T07:56:35.304398Z[0m [32m INFO[0m [1mnode[0m[1m{[0m[3mname[0m[2m=[0mk#8dcff6d1..[1m}[0m[2m:[0m [2mconsensus_core::commit_syncer[0m[2m:[0m [2mconsensus/core/src/commit_syncer.rs[0m[2m:[0m[2m196:[0m Checking to schedule fetches: synced_commit_index=360, highest_handled_index=360, highest_scheduled_index=0, quorum_commit_index=360, unhandled_commits_threshold=3200
[2m2025-03-25T07:56:35.327428Z[0m [32m INFO[0m [1mnode[0m[1m{[0m[3mname[0m[2m=[0mk#addeef94..[1m}[0m[2m:[0m [2mconsensus_core::commit_syncer[0m[2m:[0m [2mconsensus/core/src/commit_syncer.rs[0m[2m:[0m[2m196:[0m Checking to schedule fetches: synced_commit_index=360, highest_handled_index=360, highest_scheduled_index=0, quorum_commit_index=0, unhandled_commits_threshold=3200
[2m2025-03-25T07:56:35.331119Z[0m [32m INFO[0m [1mnode[0m[1m{[0m[3mname[0m[2m=[0mk#99f25ef6..[1m}[0m[2m:[0m [2mconsensus_core::commit_syncer[0m[2m:[0m [2mconsensus/core/src/commit_syncer.rs[0m[2m:[0m[2m196:[0m Checking to schedule fetches: synced_commit_index=360, highest_handled_index=360, highest_scheduled_index=0, quorum_commit_index=359, unhandled_commits_threshold=3200
[2m2025-03-25T07:56:35.442082Z[0m [32m INFO[0m [1mnode[0m[1m{[0m[3mname[0m[2m=[0mk#addeef94..[1m}[0m[2m:[0m [2mconsensus_core::core[0m[2m:[0m [2mconsensus/core/src/core.rs[0m[2m:[0m[2m945:[0m Included 2 ancestors & excluded 0 ancestors for proposal in round 374
[2m2025-03-25T07:56:35.442414Z[0m [32m INFO[0m [1mnode[0m[1m{[0m[3mname[0m[2m=[0mk#addeef94..[1m}[0m[2m:[0m [2mconsensus_core::core[0m[2m:[0m [2mconsensus/core/src/core.rs[0m[2m:[0m[2m531:[0m Created block B374(C,rYt2gLRepCAdxJzQlueHwgQG6mEoKsUDV1eMCVCnRyE=)(1742889395442ms;[B373(C,FKiqj5JeF/kVR/BoamZrft3kF6g2bKYVruqmNYBuyFk=), B373(B,inlhAWKJuMFBtMkJ85XceQhtFUKNsglJ10W8D7HHGu8=)];0t;0c) for round 374
[2m2025-03-25T07:56:35.443040Z[0m [32m INFO[0m [1mnode[0m[1m{[0m[3mname[0m[2m=[0mk#99f25ef6..[1m}[0m[2m:[0m [2mconsensus_core::core[0m[2m:[0m [2mconsensus/core/src/core.rs[0m[2m:[0m[2m945:[0m Included 2 ancestors & excluded 0 ancestors for proposal in round 374
[2m2025-03-25T07:56:35.443121Z[0m [32m INFO[0m [1mnode[0m[1m{[0m[3mname[0m[2m=[0mk#8dcff6d1..[1m}[0m[2m:[0m [2mconsensus_core::core[0m[2m:[0m [2mconsensus/core/src/core.rs[0m[2m:[0m[2m945:[0m Included 3 ancestors & excluded 0 ancestors for proposal in round 374
[2m2025-03-25T07:56:35.443305Z[0m [32m INFO[0m [1mnode[0m[1m{[0m[3mname[0m[2m=[0mk#99f25ef6..[1m}[0m[2m:[0m [2mconsensus_core::core[0m[2m:[0m [2mconsensus/core/src/core.rs[0m[2m:[0m[2m531:[0m Created block B374(B,/0qeYBkMxhv5IeYTf3sV6Enbb5zOR6GQXV7AmkQIx2U=)(1742889395443ms;[B373(B,inlhAWKJuMFBtMkJ85XceQhtFUKNsglJ10W8D7HHGu8=), B373(C,FKiqj5JeF/kVR/BoamZrft3kF6g2bKYVruqmNYBuyFk=)];0t;0c) for round 374
[2m2025-03-25T07:56:35.443435Z[0m [32m INFO[0m [1mnode[0m[1m{[0m[3mname[0m[2m=[0mk#8dcff6d1..[1m}[0m[2m:[0m [2mconsensus_core::core[0m[2m:[0m [2mconsensus/core/src/core.rs[0m[2m:[0m[2m531:[0m Created block B374(A,q9uBmbnbw+nFpXhOvw1DXeVHgAf1xDqpljYF/UxKpe0=)(1742889395443ms;[B372(A,RQXyZQsiW1+kfbZOjI2unhDke5E1i+/A6AzgP07xuI4=), B373(B,inlhAWKJuMFBtMkJ85XceQhtFUKNsglJ10W8D7HHGu8=), B373(C,FKiqj5JeF/kVR/BoamZrft3kF6g2bKYVruqmNYBuyFk=)];1t;1c) for round 374
[2m2025-03-25T07:56:35.443441Z[0m [32m INFO[0m [1mnode[0m[1m{[0m[3mname[0m[2m=[0mk#99f25ef6..[1m}[0m[2m:[0m [2mconsensus_core::core[0m[2m:[0m [2mconsensus/core/src/core.rs[0m[2m:[0m[2m630:[0m Committing 1 leaders: B372(A,RQXy)
[2m2025-03-25T07:56:35.443496Z[0m [32m INFO[0m [1mnode[0m[1m{[0m[3mname[0m[2m=[0mk#8dcff6d1..[1m}[0m[2m:[0m [2mconsensus_core::core[0m[2m:[0m [2mconsensus/core/src/core.rs[0m[2m:[0m[2m630:[0m Committing 1 leaders: B372(A,RQXy)
[2m2025-03-25T07:56:35.443539Z[0m [32m INFO[0m [1mnode[0m[1m{[0m[3mname[0m[2m=[0mk#99f25ef6..[1m}[0m[2m:[0m [2mconsensus_core::commit_observer[0m[2m:[0m [2mconsensus/core/src/commit_observer.rs[0m[2m:[0m[2m173:[0m Consensus commit C361(/Ai+) with leader B372(A,RQXy) has 5 blocks
[2m2025-03-25T07:56:35.443571Z[0m [32m INFO[0m [1mnode[0m[1m{[0m[3mname[0m[2m=[0mk#8dcff6d1..[1m}[0m[2m:[0m [2mconsensus_core::commit_observer[0m[2m:[0m [2mconsensus/core/src/commit_observer.rs[0m[2m:[0m[2m173:[0m Consensus commit C361(/Ai+) with leader B372(A,RQXy) has 5 blocks
[2m2025-03-25T07:56:35.443647Z[0m [32m INFO[0m [1mnode[0m[1m{[0m[3mname[0m[2m=[0mk#8dcff6d1..[1m}[0m[2m:[0m [2msui_core::consensus_handler[0m[2m:[0m [2mcrates/sui-core/src/consensus_handler.rs[0m[2m:[0m[2m232:[0m Received consensus output [3mconsensus_commit[0m[2m=[0mCommittedSubDag(leader=B372(A,RQXy), ref=C361(/Ai+), blocks=[GqAH, obOr, crbD, f4/e, RQXy]) [3mepoch[0m[2m=[0m1
[2m2025-03-25T07:56:35.443646Z[0m [32m INFO[0m [1mnode[0m[1m{[0m[3mname[0m[2m=[0mk#99f25ef6..[1m}[0m[2m:[0m [2msui_core::consensus_handler[0m[2m:[0m [2mcrates/sui-core/src/consensus_handler.rs[0m[2m:[0m[2m232:[0m Received consensus output [3mconsensus_commit[0m[2m=[0mCommittedSubDag(leader=B372(A,RQXy), ref=C361(/Ai+), blocks=[GqAH, obOr, crbD, f4/e, RQXy]) [3mepoch[0m[2m=[0m1
[2m2025-03-25T07:56:35.445202Z[0m [32m INFO[0m [1mnode[0m[1m{[0m[3mname[0m[2m=[0mk#addeef94..[1m}[0m[2m:[0m [2mconsensus_core::core[0m[2m:[0m [2mconsensus/core/src/core.rs[0m[2m:[0m[2m630:[0m Committing 1 leaders: B372(A,RQXy)
[2m2025-03-25T07:56:35.445297Z[0m [32m INFO[0m [1mnode[0m[1m{[0m[3mname[0m[2m=[0mk#addeef94..[1m}[0m[2m:[0m [2mconsensus_core::commit_observer[0m[2m:[0m [2mconsensus/core/src/commit_observer.rs[0m[2m:[0m[2m173:[0m Consensus commit C361(/Ai+) with leader B372(A,RQXy) has 5 blocks
[2m2025-03-25T07:56:35.445372Z[0m [32m INFO[0m [1mnode[0m[1m{[0m[3mname[0m[2m=[0mk#addeef94..[1m}[0m[2m:[0m [2msui_core::consensus_handler[0m[2m:[0m [2mcrates/sui-core/src/consensus_handler.rs[0m[2m:[0m[2m232:[0m Received consensus output [3mconsensus_commit[0m[2m=[0mCommittedSubDag(leader=B372(A,RQXy), ref=C361(/Ai+), blocks=[GqAH, obOr, crbD, f4/e, RQXy]) [3mepoch[0m[2m=[0m1
[2m2025-03-25T07:56:35.491311Z[0m [32m INFO[0m [1mnode[0m[1m{[0m[3mname[0m[2m=[0mk#99f25ef6..[1m}[0m[2m:[0m [2msui_core::checkpoints[0m[2m:[0m [2mcrates/sui-core/src/checkpoints/mod.rs[0m[2m:[0m[2m1326:[0m Creating checkpoint(s) for 2 transactions [3mnext_checkpoint_seq[0m[2m=[0m574 [3mcheckpoint_timestamp[0m[2m=[0m1742889394939
[2m2025-03-25T07:56:35.491311Z[0m [32m INFO[0m [1mnode[0m[1m{[0m[3mname[0m[2m=[0mk#addeef94..[1m}[0m[2m:[0m [2msui_core::checkpoints[0m[2m:[0m [2mcrates/sui-core/src/checkpoints/mod.rs[0m[2m:[0m[2m1326:[0m Creating checkpoint(s) for 2 transactions [3mnext_checkpoint_seq[0m[2m=[0m574 [3mcheckpoint_timestamp[0m[2m=[0m1742889394939
[2m2025-03-25T07:56:35.491502Z[0m [32m INFO[0m [1mnode[0m[1m{[0m[3mname[0m[2m=[0mk#8dcff6d1..[1m}[0m[2m:[0m [2msui_core::checkpoints[0m[2m:[0m [2mcrates/sui-core/src/checkpoints/mod.rs[0m[2m:[0m[2m1326:[0m Creating checkpoint(s) for 2 transactions [3mnext_checkpoint_seq[0m[2m=[0m574 [3mcheckpoint_timestamp[0m[2m=[0m1742889394939
[2m2025-03-25T07:56:35.491644Z[0m [32m INFO[0m [1mnode[0m[1m{[0m[3mname[0m[2m=[0mk#addeef94..[1m}[0m[2m:[0m [2msui_core::checkpoints::checkpoint_output[0m[2m:[0m [2mcrates/sui-core/src/checkpoints/checkpoint_output.rs[0m[2m:[0m[2m149:[0m Creating checkpoint CheckpointDigest(wRrRFmgaksGxsNKcDDFoYnQgYWXwSCx1rLoPomBiB7F) at epoch 1, sequence 574, previous digest Some(CheckpointDigest(41MzBVpcJ2soKgktLEyM9G8hoqvgtW5yaSFjT21fRATj)), transactions count 2, content digest CheckpointContentsDigest(BQBcUPzSuEZEvik7MAuD3fWHYFZiFnhK5W2Aoiyxxa37), end_of_epoch_data None
[2m2025-03-25T07:56:35.491644Z[0m [32m INFO[0m [1mnode[0m[1m{[0m[3mname[0m[2m=[0mk#99f25ef6..[1m}[0m[2m:[0m [2msui_core::checkpoints::checkpoint_output[0m[2m:[0m [2mcrates/sui-core/src/checkpoints/checkpoint_output.rs[0m[2m:[0m[2m149:[0m Creating checkpoint CheckpointDigest(wRrRFmgaksGxsNKcDDFoYnQgYWXwSCx1rLoPomBiB7F) at epoch 1, sequence 574, previous digest Some(CheckpointDigest(41MzBVpcJ2soKgktLEyM9G8hoqvgtW5yaSFjT21fRATj)), transactions count 2, content digest CheckpointContentsDigest(BQBcUPzSuEZEvik7MAuD3fWHYFZiFnhK5W2Aoiyxxa37), end_of_epoch_data None
[2m2025-03-25T07:56:35.491756Z[0m [32m INFO[0m [1mnode[0m[1m{[0m[3mname[0m[2m=[0mk#8dcff6d1..[1m}[0m[2m:[0m [2msui_core::checkpoints::checkpoint_output[0m[2m:[0m [2mcrates/sui-core/src/checkpoints/checkpoint_output.rs[0m[2m:[0m[2m149:[0m Creating checkpoint CheckpointDigest(wRrRFmgaksGxsNKcDDFoYnQgYWXwSCx1rLoPomBiB7F) at epoch 1, sequence 574, previous digest Some(CheckpointDigest(41MzBVpcJ2soKgktLEyM9G8hoqvgtW5yaSFjT21fRATj)), transactions count 2, content digest CheckpointContentsDigest(BQBcUPzSuEZEvik7MAuD3fWHYFZiFnhK5W2Aoiyxxa37), end_of_epoch_data None
[2m2025-03-25T07:56:35.694320Z[0m [32m INFO[0m [1mnode[0m[1m{[0m[3mname[0m[2m=[0mk#99f25ef6..[1m}[0m[2m:[0m [2mconsensus_core::core[0m[2m:[0m [2mconsensus/core/src/core.rs[0m[2m:[0m[2m945:[0m Included 3 ancestors & excluded 0 ancestors for proposal in round 375
[2m2025-03-25T07:56:35.694421Z[0m [32m INFO[0m [1mnode[0m[1m{[0m[3mname[0m[2m=[0mk#8dcff6d1..[1m}[0m[2m:[0m [2mconsensus_core::core[0m[2m:[0m [2mconsensus/core/src/core.rs[0m[2m:[0m[2m945:[0m Included 3 ancestors & excluded 0 ancestors for proposal in round 375
[2m2025-03-25T07:56:35.694714Z[0m [32m INFO[0m [1mnode[0m[1m{[0m[3mname[0m[2m=[0mk#99f25ef6..[1m}[0m[2m:[0m [2mconsensus_core::core[0m[2m:[0m [2mconsensus/core/src/core.rs[0m[2m:[0m[2m531:[0m Created block B375(B,9mD8gPA1dkHA919wPgCOdV1uYDChhjmec/FxKgyO8ek=)(1742889395694ms;[B374(B,/0qeYBkMxhv5IeYTf3sV6Enbb5zOR6GQXV7AmkQIx2U=), B374(A,q9uBmbnbw+nFpXhOvw1DXeVHgAf1xDqpljYF/UxKpe0=), B374(C,rYt2gLRepCAdxJzQlueHwgQG6mEoKsUDV1eMCVCnRyE=)];1t;1c) for round 375
[2m2025-03-25T07:56:35.694716Z[0m [32m INFO[0m [1mnode[0m[1m{[0m[3mname[0m[2m=[0mk#8dcff6d1..[1m}[0m[2m:[0m [2mconsensus_core::core[0m[2m:[0m [2mconsensus/core/src/core.rs[0m[2m:[0m[2m531:[0m Created block B375(A,iBvPmEvS76l/lwflVVDE8XQ4fYiSKLSo2WenWUsIKuU=)(1742889395694ms;[B374(A,q9uBmbnbw+nFpXhOvw1DXeVHgAf1xDqpljYF/UxKpe0=), B374(B,/0qeYBkMxhv5IeYTf3sV6Enbb5zOR6GQXV7AmkQIx2U=), B374(C,rYt2gLRepCAdxJzQlueHwgQG6mEoKsUDV1eMCVCnRyE=)];1t;1c) for round 375
[2m2025-03-25T07:56:35.697986Z[0m [32m INFO[0m [1mnode[0m[1m{[0m[3mname[0m[2m=[0mk#addeef94..[1m}[0m[2m:[0m [2mconsensus_core::core[0m[2m:[0m [2mconsensus/core/src/core.rs[0m[2m:[0m[2m945:[0m Included 3 ancestors & excluded 0 ancestors for proposal in round 375
[2m2025-03-25T07:56:35.698284Z[0m [32m INFO[0m [1mnode[0m[1m{[0m[3mname[0m[2m=[0mk#addeef94..[1m}[0m[2m:[0m [2mconsensus_core::core[0m[2m:[0m [2mconsensus/core/src/core.rs[0m[2m:[0m[2m531:[0m Created block B375(C,L63jsD4lVFOZrbiPuNDX5ceHdBnAAPOvHxF0ulHtc+I=)(1742889395698ms;[B374(C,rYt2gLRepCAdxJzQlueHwgQG6mEoKsUDV1eMCVCnRyE=), B374(A,q9uBmbnbw+nFpXhOvw1DXeVHgAf1xDqpljYF/UxKpe0=), B374(B,/0qeYBkMxhv5IeYTf3sV6Enbb5zOR6GQXV7AmkQIx2U=)];1t;1c) for round 375
[2m2025-03-25T07:56:35.698352Z[0m [32m INFO[0m [1mnode[0m[1m{[0m[3mname[0m[2m=[0mk#addeef94..[1m}[0m[2m:[0m [2mconsensus_core::core[0m[2m:[0m [2mconsensus/core/src/core.rs[0m[2m:[0m[2m630:[0m Committing 1 leaders: B373(C,FKiq)
[2m2025-03-25T07:56:35.698420Z[0m [32m INFO[0m [1mnode[0m[1m{[0m[3mname[0m[2m=[0mk#addeef94..[1m}[0m[2m:[0m [2mconsensus_core::commit_observer[0m[2m:[0m [2mconsensus/core/src/commit_observer.rs[0m[2m:[0m[2m173:[0m Consensus commit C362(SiAQ) with leader B373(C,FKiq) has 3 blocks
[2m2025-03-25T07:56:35.698496Z[0m [32m INFO[0m [1mnode[0m[1m{[0m[3mname[0m[2m=[0mk#addeef94..[1m}[0m[2m:[0m [2msui_core::consensus_handler[0m[2m:[0m [2mcrates/sui-core/src/consensus_handler.rs[0m[2m:[0m[2m232:[0m Received consensus output [3mconsensus_commit[0m[2m=[0mCommittedSubDag(leader=B373(C,FKiq), ref=C362(SiAQ), blocks=[wGVw, wrbi, FKiq]) [3mepoch[0m[2m=[0m1
[2m2025-03-25T07:56:35.701554Z[0m [32m INFO[0m [1mnode[0m[1m{[0m[3mname[0m[2m=[0mk#99f25ef6..[1m}[0m[2m:[0m [2msui_core::checkpoints::checkpoint_output[0m[2m:[0m [2mcrates/sui-core/src/checkpoints/checkpoint_output.rs[0m[2m:[0m[2m196:[0m Certified checkpoint with sequence 574 and digest wRrRFmgaksGxsNKcDDFoYnQgYWXwSCx1rLoPomBiB7F
[2m2025-03-25T07:56:35.701558Z[0m [32m INFO[0m [1mnode[0m[1m{[0m[3mname[0m[2m=[0mk#8dcff6d1..[1m}[0m[2m:[0m [2msui_core::checkpoints::checkpoint_output[0m[2m:[0m [2mcrates/sui-core/src/checkpoints/checkpoint_output.rs[0m[2m:[0m[2m196:[0m Certified checkpoint with sequence 574 and digest wRrRFmgaksGxsNKcDDFoYnQgYWXwSCx1rLoPomBiB7F
[2m2025-03-25T07:56:35.701676Z[0m [32m INFO[0m [1mnode[0m[1m{[0m[3mname[0m[2m=[0mk#8dcff6d1..[1m}[0m[2m:[0m [2mconsensus_core::core[0m[2m:[0m [2mconsensus/core/src/core.rs[0m[2m:[0m[2m630:[0m Committing 1 leaders: B373(C,FKiq)
[2m2025-03-25T07:56:35.701676Z[0m [32m INFO[0m [1mnode[0m[1m{[0m[3mname[0m[2m=[0mk#99f25ef6..[1m}[0m[2m:[0m [2mconsensus_core::core[0m[2m:[0m [2mconsensus/core/src/core.rs[0m[2m:[0m[2m630:[0m Committing 1 leaders: B373(C,FKiq)
[2m2025-03-25T07:56:35.701781Z[0m [32m INFO[0m [1mnode[0m[1m{[0m[3mname[0m[2m=[0mk#8dcff6d1..[1m}[0m[2m:[0m [2mconsensus_core::commit_observer[0m[2m:[0m [2mconsensus/core/src/commit_observer.rs[0m[2m:[0m[2m173:[0m Consensus commit C362(SiAQ) with leader B373(C,FKiq) has 3 blocks
[2m2025-03-25T07:56:35.701787Z[0m [32m INFO[0m [1mnode[0m[1m{[0m[3mname[0m[2m=[0mk#99f25ef6..[1m}[0m[2m:[0m [2mconsensus_core::commit_observer[0m[2m:[0m [2mconsensus/core/src/commit_observer.rs[0m[2m:[0m[2m173:[0m Consensus commit C362(SiAQ) with leader B373(C,FKiq) has 3 blocks
[2m2025-03-25T07:56:35.702229Z[0m [32m INFO[0m [1mnode[0m[1m{[0m[3mname[0m[2m=[0mk#8dcff6d1..[1m}[0m[2m:[0m [2msui_core::consensus_handler[0m[2m:[0m [2mcrates/sui-core/src/consensus_handler.rs[0m[2m:[0m[2m232:[0m Received consensus output [3mconsensus_commit[0m[2m=[0mCommittedSubDag(leader=B373(C,FKiq), ref=C362(SiAQ), blocks=[wGVw, wrbi, FKiq]) [3mepoch[0m[2m=[0m1
[2m2025-03-25T07:56:35.702229Z[0m [32m INFO[0m [1mnode[0m[1m{[0m[3mname[0m[2m=[0mk#99f25ef6..[1m}[0m[2m:[0m [2msui_core::consensus_handler[0m[2m:[0m [2mcrates/sui-core/src/consensus_handler.rs[0m[2m:[0m[2m232:[0m Received consensus output [3mconsensus_commit[0m[2m=[0mCommittedSubDag(leader=B373(C,FKiq), ref=C362(SiAQ), blocks=[wGVw, wrbi, FKiq]) [3mepoch[0m[2m=[0m1
[2m2025-03-25T07:56:35.702809Z[0m [32m INFO[0m [1mnode[0m[1m{[0m[3mname[0m[2m=[0mk#99f25ef6..[1m}[0m[2m:[0m [2msui_core::checkpoints::checkpoint_executor[0m[2m:[0m [2mcrates/sui-core/src/checkpoints/checkpoint_executor/mod.rs[0m[2m:[0m[2m332:[0m Received checkpoint summary from state sync [3msequence_number[0m[2m=[0m574
[2m2025-03-25T07:56:35.702811Z[0m [32m INFO[0m [1mnode[0m[1m{[0m[3mname[0m[2m=[0mk#8dcff6d1..[1m}[0m[2m:[0m [2msui_core::checkpoints::checkpoint_executor[0m[2m:[0m [2mcrates/sui-core/src/checkpoints/checkpoint_executor/mod.rs[0m[2m:[0m[2m332:[0m Received checkpoint summary from state sync [3msequence_number[0m[2m=[0m574
[2m2025-03-25T07:56:35.704833Z[0m [32m INFO[0m [1mnode[0m[1m{[0m[3mname[0m[2m=[0mk#8dcff6d1..[1m}[0m[2m:[0m [2msui_core::state_accumulator[0m[2m:[0m [2mcrates/sui-core/src/state_accumulator.rs[0m[2m:[0m[2m675:[0m accumulating running root for checkpoint 574
[2m2025-03-25T07:56:35.704833Z[0m [32m INFO[0m [1mnode[0m[1m{[0m[3mname[0m[2m=[0mk#99f25ef6..[1m}[0m[2m:[0m [2msui_core::state_accumulator[0m[2m:[0m [2mcrates/sui-core/src/state_accumulator.rs[0m[2m:[0m[2m675:[0m accumulating running root for checkpoint 574
[2m2025-03-25T07:56:35.725380Z[0m [32m INFO[0m [1mnode[0m[1m{[0m[3mname[0m[2m=[0mk#addeef94..[1m}[0m[2m:[0m [2msui_core::checkpoints[0m[2m:[0m [2mcrates/sui-core/src/checkpoints/mod.rs[0m[2m:[0m[2m1326:[0m Creating checkpoint(s) for 2 transactions [3mnext_checkpoint_seq[0m[2m=[0m575 [3mcheckpoint_timestamp[0m[2m=[0m1742889395189
[2m2025-03-25T07:56:35.725714Z[0m [32m INFO[0m [1mnode[0m[1m{[0m[3mname[0m[2m=[0mk#addeef94..[1m}[0m[2m:[0m [2msui_core::checkpoints::checkpoint_output[0m[2m:[0m [2mcrates/sui-core/src/checkpoints/checkpoint_output.rs[0m[2m:[0m[2m149:[0m Creating checkpoint CheckpointDigest(FG1gkGNV2Xy3PcSP66Sqjhz2tm6WpbZtwokrPp6LDtBk) at epoch 1, sequence 575, previous digest Some(CheckpointDigest(wRrRFmgaksGxsNKcDDFoYnQgYWXwSCx1rLoPomBiB7F)), transactions count 2, content digest CheckpointContentsDigest(9RU5RvFgdxjdLiGmefubtVhCnzaEoBVPaSBUGTB2hfzq), end_of_epoch_data None
[2m2025-03-25T07:56:35.728641Z[0m [32m INFO[0m [1mnode[0m[1m{[0m[3mname[0m[2m=[0mk#addeef94..[1m}[0m[2m:[0m [2msui_core::checkpoints::checkpoint_executor[0m[2m:[0m [2mcrates/sui-core/src/checkpoints/checkpoint_executor/mod.rs[0m[2m:[0m[2m332:[0m Received checkpoint summary from state sync [3msequence_number[0m[2m=[0m574
[2m2025-03-25T07:56:35.730004Z[0m [32m INFO[0m [1mnode[0m[1m{[0m[3mname[0m[2m=[0mk#addeef94..[1m}[0m[2m:[0m [2msui_core::state_accumulator[0m[2m:[0m [2mcrates/sui-core/src/state_accumulator.rs[0m[2m:[0m[2m675:[0m accumulating running root for checkpoint 574
[2m2025-03-25T07:56:35.730440Z[0m [32m INFO[0m [1mnode[0m[1m{[0m[3mname[0m[2m=[0mk#99f25ef6..[1m}[0m[2m:[0m [2msui_core::checkpoints[0m[2m:[0m [2mcrates/sui-core/src/checkpoints/mod.rs[0m[2m:[0m[2m1326:[0m Creating checkpoint(s) for 2 transactions [3mnext_checkpoint_seq[0m[2m=[0m575 [3mcheckpoint_timestamp[0m[2m=[0m1742889395189
[2m2025-03-25T07:56:35.730724Z[0m [32m INFO[0m [1mnode[0m[1m{[0m[3mname[0m[2m=[0mk#99f25ef6..[1m}[0m[2m:[0m [2msui_core::checkpoints::checkpoint_output[0m[2m:[0m [2mcrates/sui-core/src/checkpoints/checkpoint_output.rs[0m[2m:[0m[2m149:[0m Creating checkpoint CheckpointDigest(FG1gkGNV2Xy3PcSP66Sqjhz2tm6WpbZtwokrPp6LDtBk) at epoch 1, sequence 575, previous digest Some(CheckpointDigest(wRrRFmgaksGxsNKcDDFoYnQgYWXwSCx1rLoPomBiB7F)), transactions count 2, content digest CheckpointContentsDigest(9RU5RvFgdxjdLiGmefubtVhCnzaEoBVPaSBUGTB2hfzq), end_of_epoch_data None
[2m2025-03-25T07:56:35.734811Z[0m [32m INFO[0m [1mnode[0m[1m{[0m[3mname[0m[2m=[0mk#8dcff6d1..[1m}[0m[2m:[0m [2msui_core::checkpoints[0m[2m:[0m [2mcrates/sui-core/src/checkpoints/mod.rs[0m[2m:[0m[2m1326:[0m Creating checkpoint(s) for 2 transactions [3mnext_checkpoint_seq[0m[2m=[0m575 [3mcheckpoint_timestamp[0m[2m=[0m1742889395189
[2m2025-03-25T07:56:35.735070Z[0m [32m INFO[0m [1mnode[0m[1m{[0m[3mname[0m[2m=[0mk#8dcff6d1..[1m}[0m[2m:[0m [2msui_core::checkpoints::checkpoint_output[0m[2m:[0m [2mcrates/sui-core/src/checkpoints/checkpoint_output.rs[0m[2m:[0m[2m149:[0m Creating checkpoint CheckpointDigest(FG1gkGNV2Xy3PcSP66Sqjhz2tm6WpbZtwokrPp6LDtBk) at epoch 1, sequence 575, previous digest Some(CheckpointDigest(wRrRFmgaksGxsNKcDDFoYnQgYWXwSCx1rLoPomBiB7F)), transactions count 2, content digest CheckpointContentsDigest(9RU5RvFgdxjdLiGmefubtVhCnzaEoBVPaSBUGTB2hfzq), end_of_epoch_data None
[2m2025-03-25T07:56:35.951020Z[0m [32m INFO[0m [1mnode[0m[1m{[0m[3mname[0m[2m=[0mk#addeef94..[1m}[0m[2m:[0m [2mconsensus_core::core[0m[2m:[0m [2mconsensus/core/src/core.rs[0m[2m:[0m[2m945:[0m Included 3 ancestors & excluded 0 ancestors for proposal in round 376
[2m2025-03-25T07:56:35.951434Z[0m [32m INFO[0m [1mnode[0m[1m{[0m[3mname[0m[2m=[0mk#addeef94..[1m}[0m[2m:[0m [2mconsensus_core::core[0m[2m:[0m [2mconsensus/core/src/core.rs[0m[2m:[0m[2m531:[0m Created block B376(C,sl0bf5jMrq2ChdID1kSACqOBnIoqwiUx6mXjUoSM/Ws=)(1742889395951ms;[B375(C,L63jsD4lVFOZrbiPuNDX5ceHdBnAAPOvHxF0ulHtc+I=), B375(A,iBvPmEvS76l/lwflVVDE8XQ4fYiSKLSo2WenWUsIKuU=), B375(B,9mD8gPA1dkHA919wPgCOdV1uYDChhjmec/FxKgyO8ek=)];1t;1c) for round 376
[2m2025-03-25T07:56:35.953511Z[0m [32m INFO[0m [1mnode[0m[1m{[0m[3mname[0m[2m=[0mk#99f25ef6..[1m}[0m[2m:[0m [2mconsensus_core::core[0m[2m:[0m [2mconsensus/core/src/core.rs[0m[2m:[0m[2m945:[0m Included 3 ancestors & excluded 0 ancestors for proposal in round 376
[2m2025-03-25T07:56:35.953511Z[0m [32m INFO[0m [1mnode[0m[1m{[0m[3mname[0m[2m=[0mk#8dcff6d1..[1m}[0m[2m:[0m [2mconsensus_core::core[0m[2m:[0m [2mconsensus/core/src/core.rs[0m[2m:[0m[2m945:[0m Included 3 ancestors & excluded 0 ancestors for proposal in round 376
[2m2025-03-25T07:56:35.953806Z[0m [32m INFO[0m [1mnode[0m[1m{[0m[3mname[0m[2m=[0mk#8dcff6d1..[1m}[0m[2m:[0m [2mconsensus_core::core[0m[2m:[0m [2mconsensus/core/src/core.rs[0m[2m:[0m[2m531:[0m Created block B376(A,cHzy2G2oWSG58wxzWxjwynU8rqvqOOKCgdiaRVw8+Ko=)(1742889395953ms;[B375(A,iBvPmEvS76l/lwflVVDE8XQ4fYiSKLSo2WenWUsIKuU=), B375(B,9mD8gPA1dkHA919wPgCOdV1uYDChhjmec/FxKgyO8ek=), B375(C,L63jsD4lVFOZrbiPuNDX5ceHdBnAAPOvHxF0ulHtc+I=)];1t;1c) for round 376
[2m2025-03-25T07:56:35.953809Z[0m [32m INFO[0m [1mnode[0m[1m{[0m[3mname[0m[2m=[0mk#99f25ef6..[1m}[0m[2m:[0m [2mconsensus_core::core[0m[2m:[0m [2mconsensus/core/src/core.rs[0m[2m:[0m[2m531:[0m Created block B376(B,d3qDU6yqorqtbOFd9qcO8JR2VmLdb9k7IxafZ8fpZf0=)(1742889395953ms;[B375(B,9mD8gPA1dkHA919wPgCOdV1uYDChhjmec/FxKgyO8ek=), B375(A,iBvPmEvS76l/lwflVVDE8XQ4fYiSKLSo2WenWUsIKuU=), B375(C,L63jsD4lVFOZrbiPuNDX5ceHdBnAAPOvHxF0ulHtc+I=)];1t;1c) for round 376
[2m2025-03-25T07:56:35.953880Z[0m [32m INFO[0m [1mnode[0m[1m{[0m[3mname[0m[2m=[0mk#99f25ef6..[1m}[0m[2m:[0m [2mconsensus_core::core[0m[2m:[0m [2mconsensus/core/src/core.rs[0m[2m:[0m[2m630:[0m Committing 1 leaders: B374(A,q9uB)
[2m2025-03-25T07:56:35.953880Z[0m [32m INFO[0m [1mnode[0m[1m{[0m[3mname[0m[2m=[0mk#8dcff6d1..[1m}[0m[2m:[0m [2mconsensus_core::core[0m[2m:[0m [2mconsensus/core/src/core.rs[0m[2m:[0m[2m630:[0m Committing 1 leaders: B374(A,q9uB)
[2m2025-03-25T07:56:35.953950Z[0m [32m INFO[0m [1mnode[0m[1m{[0m[3mname[0m[2m=[0mk#99f25ef6..[1m}[0m[2m:[0m [2mconsensus_core::commit_observer[0m[2m:[0m [2mconsensus/core/src/commit_observer.rs[0m[2m:[0m[2m173:[0m Consensus commit C363(vS0t) with leader B374(A,q9uB) has 2 blocks
[2m2025-03-25T07:56:35.953952Z[0m [32m INFO[0m [1mnode[0m[1m{[0m[3mname[0m[2m=[0mk#8dcff6d1..[1m}[0m[2m:[0m [2mconsensus_core::commit_observer[0m[2m:[0m [2mconsensus/core/src/commit_observer.rs[0m[2m:[0m[2m173:[0m Consensus commit C363(vS0t) with leader B374(A,q9uB) has 2 blocks
[2m2025-03-25T07:56:35.954036Z[0m [32m INFO[0m [1mnode[0m[1m{[0m[3mname[0m[2m=[0mk#99f25ef6..[1m}[0m[2m:[0m [2msui_core::consensus_handler[0m[2m:[0m [2mcrates/sui-core/src/consensus_handler.rs[0m[2m:[0m[2m232:[0m Received consensus output [3mconsensus_commit[0m[2m=[0mCommittedSubDag(leader=B374(A,q9uB), ref=C363(vS0t), blocks=[inlh, q9uB]) [3mepoch[0m[2m=[0m1
[2m2025-03-25T07:56:35.954036Z[0m [32m INFO[0m [1mnode[0m[1m{[0m[3mname[0m[2m=[0mk#8dcff6d1..[1m}[0m[2m:[0m [2msui_core::consensus_handler[0m[2m:[0m [2mcrates/sui-core/src/consensus_handler.rs[0m[2m:[0m[2m232:[0m Received consensus output [3mconsensus_commit[0m[2m=[0mCommittedSubDag(leader=B374(A,q9uB), ref=C363(vS0t), blocks=[inlh, q9uB]) [3mepoch[0m[2m=[0m1
[2m2025-03-25T07:56:35.956498Z[0m [32m INFO[0m [1mnode[0m[1m{[0m[3mname[0m[2m=[0mk#addeef94..[1m}[0m[2m:[0m [2mconsensus_core::core[0m[2m:[0m [2mconsensus/core/src/core.rs[0m[2m:[0m[2m630:[0m Committing 1 leaders: B374(A,q9uB)
[2m2025-03-25T07:56:35.956593Z[0m [32m INFO[0m [1mnode[0m[1m{[0m[3mname[0m[2m=[0mk#addeef94..[1m}[0m[2m:[0m [2mconsensus_core::commit_observer[0m[2m:[0m [2mconsensus/core/src/commit_observer.rs[0m[2m:[0m[2m173:[0m Consensus commit C363(vS0t) with leader B374(A,q9uB) has 2 blocks
[2m2025-03-25T07:56:35.956662Z[0m [32m INFO[0m [1mnode[0m[1m{[0m[3mname[0m[2m=[0mk#addeef94..[1m}[0m[2m:[0m [2msui_core::consensus_handler[0m[2m:[0m [2mcrates/sui-core/src/consensus_handler.rs[0m[2m:[0m[2m232:[0m Received consensus output [3mconsensus_commit[0m[2m=[0mCommittedSubDag(leader=B374(A,q9uB), ref=C363(vS0t), blocks=[inlh, q9uB]) [3mepoch[0m[2m=[0m1
[2m2025-03-25T07:56:36.000407Z[0m [32m INFO[0m [1mnode[0m[1m{[0m[3mname[0m[2m=[0mk#8dcff6d1..[1m}[0m[2m:[0m [2msui_core::checkpoints[0m[2m:[0m [2mcrates/sui-core/src/checkpoints/mod.rs[0m[2m:[0m[2m1326:[0m Creating checkpoint(s) for 1 transactions [3mnext_checkpoint_seq[0m[2m=[0m576 [3mcheckpoint_timestamp[0m[2m=[0m1742889395443
[2m2025-03-25T07:56:36.000407Z[0m [32m INFO[0m [1mnode[0m[1m{[0m[3mname[0m[2m=[0mk#99f25ef6..[1m}[0m[2m:[0m [2msui_core::checkpoints[0m[2m:[0m [2mcrates/sui-core/src/checkpoints/mod.rs[0m[2m:[0m[2m1326:[0m Creating checkpoint(s) for 1 transactions [3mnext_checkpoint_seq[0m[2m=[0m576 [3mcheckpoint_timestamp[0m[2m=[0m1742889395443
[2m2025-03-25T07:56:36.000638Z[0m [32m INFO[0m [1mnode[0m[1m{[0m[3mname[0m[2m=[0mk#8dcff6d1..[1m}[0m[2m:[0m [2msui_core::checkpoints::checkpoint_output[0m[2m:[0m [2mcrates/sui-core/src/checkpoints/checkpoint_output.rs[0m[2m:[0m[2m149:[0m Creating checkpoint CheckpointDigest(5QhXVs5ZnwGS5dQMJegHNktFjicmtfKnH8QjedykgdDx) at epoch 1, sequence 576, previous digest Some(CheckpointDigest(FG1gkGNV2Xy3PcSP66Sqjhz2tm6WpbZtwokrPp6LDtBk)), transactions count 1, content digest CheckpointContentsDigest(DeLVNDtAnxd2iZdUZwfF9tEHGxs6gp8aj3xASEtXUWhn), end_of_epoch_data None
[2m2025-03-25T07:56:36.000638Z[0m [32m INFO[0m [1mnode[0m[1m{[0m[3mname[0m[2m=[0mk#99f25ef6..[1m}[0m[2m:[0m [2msui_core::checkpoints::checkpoint_output[0m[2m:[0m [2mcrates/sui-core/src/checkpoints/checkpoint_output.rs[0m[2m:[0m[2m149:[0m Creating checkpoint CheckpointDigest(5QhXVs5ZnwGS5dQMJegHNktFjicmtfKnH8QjedykgdDx) at epoch 1, sequence 576, previous digest Some(CheckpointDigest(FG1gkGNV2Xy3PcSP66Sqjhz2tm6WpbZtwokrPp6LDtBk)), transactions count 1, content digest CheckpointContentsDigest(DeLVNDtAnxd2iZdUZwfF9tEHGxs6gp8aj3xASEtXUWhn), end_of_epoch_data None
[2m2025-03-25T07:56:36.001198Z[0m [32m INFO[0m [1mnode[0m[1m{[0m[3mname[0m[2m=[0mk#addeef94..[1m}[0m[2m:[0m [2msui_core::checkpoints[0m[2m:[0m [2mcrates/sui-core/src/checkpoints/mod.rs[0m[2m:[0m[2m1326:[0m Creating checkpoint(s) for 1 transactions [3mnext_checkpoint_seq[0m[2m=[0m576 [3mcheckpoint_timestamp[0m[2m=[0m1742889395443
[2m2025-03-25T07:56:36.001368Z[0m [32m INFO[0m [1mnode[0m[1m{[0m[3mname[0m[2m=[0mk#addeef94..[1m}[0m[2m:[0m [2msui_core::checkpoints::checkpoint_output[0m[2m:[0m [2mcrates/sui-core/src/checkpoints/checkpoint_output.rs[0m[2m:[0m[2m149:[0m Creating checkpoint CheckpointDigest(5QhXVs5ZnwGS5dQMJegHNktFjicmtfKnH8QjedykgdDx) at epoch 1, sequence 576, previous digest Some(CheckpointDigest(FG1gkGNV2Xy3PcSP66Sqjhz2tm6WpbZtwokrPp6LDtBk)), transactions count 1, content digest CheckpointContentsDigest(DeLVNDtAnxd2iZdUZwfF9tEHGxs6gp8aj3xASEtXUWhn), end_of_epoch_data None
[2m2025-03-25T07:56:36.003954Z[0m [32m INFO[0m [1mnode[0m[1m{[0m[3mname[0m[2m=[0mk#8dcff6d1..[1m}[0m[2m:[0m [2msui_core::checkpoints::checkpoint_output[0m[2m:[0m [2mcrates/sui-core/src/checkpoints/checkpoint_output.rs[0m[2m:[0m[2m196:[0m Certified checkpoint with sequence 575 and digest FG1gkGNV2Xy3PcSP66Sqjhz2tm6WpbZtwokrPp6LDtBk
[2m2025-03-25T07:56:36.004044Z[0m [32m INFO[0m [1mnode[0m[1m{[0m[3mname[0m[2m=[0mk#99f25ef6..[1m}[0m[2m:[0m [2msui_core::checkpoints::checkpoint_output[0m[2m:[0m [2mcrates/sui-core/src/checkpoints/checkpoint_output.rs[0m[2m:[0m[2m196:[0m Certified checkpoint with sequence 575 and digest FG1gkGNV2Xy3PcSP66Sqjhz2tm6WpbZtwokrPp6LDtBk
[2m2025-03-25T07:56:36.009964Z[0m [32m INFO[0m [1mnode[0m[1m{[0m[3mname[0m[2m=[0mk#99f25ef6..[1m}[0m[2m:[0m [2msui_core::checkpoints::checkpoint_executor[0m[2m:[0m [2mcrates/sui-core/src/checkpoints/checkpoint_executor/mod.rs[0m[2m:[0m[2m332:[0m Received checkpoint summary from state sync [3msequence_number[0m[2m=[0m575
[2m2025-03-25T07:56:36.010060Z[0m [32m INFO[0m [1mnode[0m[1m{[0m[3mname[0m[2m=[0mk#8dcff6d1..[1m}[0m[2m:[0m [2msui_core::checkpoints::checkpoint_executor[0m[2m:[0m [2mcrates/sui-core/src/checkpoints/checkpoint_executor/mod.rs[0m[2m:[0m[2m332:[0m Received checkpoint summary from state sync [3msequence_number[0m[2m=[0m575
[2m2025-03-25T07:56:36.029798Z[0m [32m INFO[0m [1mnode[0m[1m{[0m[3mname[0m[2m=[0mk#99f25ef6..[1m}[0m[2m:[0m [2msui_core::state_accumulator[0m[2m:[0m [2mcrates/sui-core/src/state_accumulator.rs[0m[2m:[0m[2m675:[0m accumulating running root for checkpoint 575
[2m2025-03-25T07:56:36.029802Z[0m [32m INFO[0m [1mnode[0m[1m{[0m[3mname[0m[2m=[0mk#8dcff6d1..[1m}[0m[2m:[0m [2msui_core::state_accumulator[0m[2m:[0m [2mcrates/sui-core/src/state_accumulator.rs[0m[2m:[0m[2m675:[0m accumulating running root for checkpoint 575
[2m2025-03-25T07:56:36.071893Z[0m [32m INFO[0m [1mnode[0m[1m{[0m[3mname[0m[2m=[0mk#addeef94..[1m}[0m[2m:[0m [2msui_core::checkpoints::checkpoint_executor[0m[2m:[0m [2mcrates/sui-core/src/checkpoints/checkpoint_executor/mod.rs[0m[2m:[0m[2m332:[0m Received checkpoint summary from state sync [3msequence_number[0m[2m=[0m575
[2m2025-03-25T07:56:36.073218Z[0m [32m INFO[0m [1mnode[0m[1m{[0m[3mname[0m[2m=[0mk#addeef94..[1m}[0m[2m:[0m [2msui_core::state_accumulator[0m[2m:[0m [2mcrates/sui-core/src/state_accumulator.rs[0m[2m:[0m[2m675:[0m accumulating running root for checkpoint 575
[2m2025-03-25T07:56:36.206037Z[0m [32m INFO[0m [1mnode[0m[1m{[0m[3mname[0m[2m=[0mk#8dcff6d1..[1m}[0m[2m:[0m [2mconsensus_core::core[0m[2m:[0m [2mconsensus/core/src/core.rs[0m[2m:[0m[2m945:[0m Included 3 ancestors & excluded 0 ancestors for proposal in round 377
[2m2025-03-25T07:56:36.206397Z[0m [32m INFO[0m [1mnode[0m[1m{[0m[3mname[0m[2m=[0mk#8dcff6d1..[1m}[0m[2m:[0m [2mconsensus_core::core[0m[2m:[0m [2mconsensus/core/src/core.rs[0m[2m:[0m[2m531:[0m Created block B377(A,rTLF23aF4uW+3297P7IC/23A6comv55KFe7Xiy3S4VI=)(1742889396206ms;[B376(A,cHzy2G2oWSG58wxzWxjwynU8rqvqOOKCgdiaRVw8+Ko=), B376(B,d3qDU6yqorqtbOFd9qcO8JR2VmLdb9k7IxafZ8fpZf0=), B376(C,sl0bf5jMrq2ChdID1kSACqOBnIoqwiUx6mXjUoSM/Ws=)];1t;1c) for round 377
[2m2025-03-25T07:56:36.206545Z[0m [32m INFO[0m [1mnode[0m[1m{[0m[3mname[0m[2m=[0mk#99f25ef6..[1m}[0m[2m:[0m [2mconsensus_core::core[0m[2m:[0m [2mconsensus/core/src/core.rs[0m[2m:[0m[2m945:[0m Included 3 ancestors & excluded 0 ancestors for proposal in round 377
[2m2025-03-25T07:56:36.206852Z[0m [32m INFO[0m [1mnode[0m[1m{[0m[3mname[0m[2m=[0mk#99f25ef6..[1m}[0m[2m:[0m [2mconsensus_core::core[0m[2m:[0m [2mconsensus/core/src/core.rs[0m[2m:[0m[2m531:[0m Created block B377(B,0duCl0nNlZDiJfjRYgz7tYf6EEmSagvfR/pD68odN/I=)(1742889396206ms;[B376(B,d3qDU6yqorqtbOFd9qcO8JR2VmLdb9k7IxafZ8fpZf0=), B376(A,cHzy2G2oWSG58wxzWxjwynU8rqvqOOKCgdiaRVw8+Ko=), B376(C,sl0bf5jMrq2ChdID1kSACqOBnIoqwiUx6mXjUoSM/Ws=)];1t;1c) for round 377
[2m2025-03-25T07:56:36.209536Z[0m [32m INFO[0m [1mnode[0m[1m{[0m[3mname[0m[2m=[0mk#addeef94..[1m}[0m[2m:[0m [2mconsensus_core::core[0m[2m:[0m [2mconsensus/core/src/core.rs[0m[2m:[0m[2m945:[0m Included 3 ancestors & excluded 0 ancestors for proposal in round 377
[2m2025-03-25T07:56:36.209823Z[0m [32m INFO[0m [1mnode[0m[1m{[0m[3mname[0m[2m=[0mk#addeef94..[1m}[0m[2m:[0m [2mconsensus_core::core[0m[2m:[0m [2mconsensus/core/src/core.rs[0m[2m:[0m[2m531:[0m Created block B377(C,eYMaHaI+lI9daeY1Uru6PXiJGvq5CrYs76bJKOi0ELM=)(1742889396209ms;[B376(C,sl0bf5jMrq2ChdID1kSACqOBnIoqwiUx6mXjUoSM/Ws=), B376(A,cHzy2G2oWSG58wxzWxjwynU8rqvqOOKCgdiaRVw8+Ko=), B376(B,d3qDU6yqorqtbOFd9qcO8JR2VmLdb9k7IxafZ8fpZf0=)];1t;1c) for round 377
[2m2025-03-25T07:56:36.209889Z[0m [32m INFO[0m [1mnode[0m[1m{[0m[3mname[0m[2m=[0mk#addeef94..[1m}[0m[2m:[0m [2mconsensus_core::core[0m[2m:[0m [2mconsensus/core/src/core.rs[0m[2m:[0m[2m630:[0m Committing 1 leaders: B375(C,L63j)
[2m2025-03-25T07:56:36.209956Z[0m [32m INFO[0m [1mnode[0m[1m{[0m[3mname[0m[2m=[0mk#addeef94..[1m}[0m[2m:[0m [2mconsensus_core::commit_observer[0m[2m:[0m [2mconsensus/core/src/commit_observer.rs[0m[2m:[0m[2m173:[0m Consensus commit C364(tT1D) with leader B375(C,L63j) has 3 blocks
[2m2025-03-25T07:56:36.210189Z[0m [32m INFO[0m [1mnode[0m[1m{[0m[3mname[0m[2m=[0mk#addeef94..[1m}[0m[2m:[0m [2msui_core::consensus_handler[0m[2m:[0m [2mcrates/sui-core/src/consensus_handler.rs[0m[2m:[0m[2m232:[0m Received consensus output [3mconsensus_commit[0m[2m=[0mCommittedSubDag(leader=B375(C,L63j), ref=C364(tT1D), blocks=[/0qe, rYt2, L63j]) [3mepoch[0m[2m=[0m1
[2m2025-03-25T07:56:36.213073Z[0m [32m INFO[0m [1mnode[0m[1m{[0m[3mname[0m[2m=[0mk#99f25ef6..[1m}[0m[2m:[0m [2msui_core::checkpoints::checkpoint_output[0m[2m:[0m [2mcrates/sui-core/src/checkpoints/checkpoint_output.rs[0m[2m:[0m[2m196:[0m Certified checkpoint with sequence 576 and digest 5QhXVs5ZnwGS5dQMJegHNktFjicmtfKnH8QjedykgdDx
[2m2025-03-25T07:56:36.213081Z[0m [32m INFO[0m [1mnode[0m[1m{[0m[3mname[0m[2m=[0mk#8dcff6d1..[1m}[0m[2m:[0m [2msui_core::checkpoints::checkpoint_output[0m[2m:[0m [2mcrates/sui-core/src/checkpoints/checkpoint_output.rs[0m[2m:[0m[2m196:[0m Certified checkpoint with sequence 576 and digest 5QhXVs5ZnwGS5dQMJegHNktFjicmtfKnH8QjedykgdDx
[2m2025-03-25T07:56:36.213186Z[0m [32m INFO[0m [1mnode[0m[1m{[0m[3mname[0m[2m=[0mk#99f25ef6..[1m}[0m[2m:[0m [2mconsensus_core::core[0m[2m:[0m [2mconsensus/core/src/core.rs[0m[2m:[0m[2m630:[0m Committing 1 leaders: B375(C,L63j)
[2m2025-03-25T07:56:36.213189Z[0m [32m INFO[0m [1mnode[0m[1m{[0m[3mname[0m[2m=[0mk#8dcff6d1..[1m}[0m[2m:[0m [2mconsensus_core::core[0m[2m:[0m [2mconsensus/core/src/core.rs[0m[2m:[0m[2m630:[0m Committing 1 leaders: B375(C,L63j)
[2m2025-03-25T07:56:36.213292Z[0m [32m INFO[0m [1mnode[0m[1m{[0m[3mname[0m[2m=[0mk#99f25ef6..[1m}[0m[2m:[0m [2mconsensus_core::commit_observer[0m[2m:[0m [2mconsensus/core/src/commit_observer.rs[0m[2m:[0m[2m173:[0m Consensus commit C364(tT1D) with leader B375(C,L63j) has 3 blocks
[2m2025-03-25T07:56:36.213292Z[0m [32m INFO[0m [1mnode[0m[1m{[0m[3mname[0m[2m=[0mk#8dcff6d1..[1m}[0m[2m:[0m [2mconsensus_core::commit_observer[0m[2m:[0m [2mconsensus/core/src/commit_observer.rs[0m[2m:[0m[2m173:[0m Consensus commit C364(tT1D) with leader B375(C,L63j) has 3 blocks
[2m2025-03-25T07:56:36.213708Z[0m [32m INFO[0m [1mnode[0m[1m{[0m[3mname[0m[2m=[0mk#99f25ef6..[1m}[0m[2m:[0m [2msui_core::consensus_handler[0m[2m:[0m [2mcrates/sui-core/src/consensus_handler.rs[0m[2m:[0m[2m232:[0m Received consensus output [3mconsensus_commit[0m[2m=[0mCommittedSubDag(leader=B375(C,L63j), ref=C364(tT1D), blocks=[/0qe, rYt2, L63j]) [3mepoch[0m[2m=[0m1
[2m2025-03-25T07:56:36.213709Z[0m [32m INFO[0m [1mnode[0m[1m{[0m[3mname[0m[2m=[0mk#8dcff6d1..[1m}[0m[2m:[0m [2msui_core::consensus_handler[0m[2m:[0m [2mcrates/sui-core/src/consensus_handler.rs[0m[2m:[0m[2m232:[0m Received consensus output [3mconsensus_commit[0m[2m=[0mCommittedSubDag(leader=B375(C,L63j), ref=C364(tT1D), blocks=[/0qe, rYt2, L63j]) [3mepoch[0m[2m=[0m1
[2m2025-03-25T07:56:36.214152Z[0m [32m INFO[0m [1mnode[0m[1m{[0m[3mname[0m[2m=[0mk#99f25ef6..[1m}[0m[2m:[0m [2msui_core::checkpoints::checkpoint_executor[0m[2m:[0m [2mcrates/sui-core/src/checkpoints/checkpoint_executor/mod.rs[0m[2m:[0m[2m332:[0m Received checkpoint summary from state sync [3msequence_number[0m[2m=[0m576
[2m2025-03-25T07:56:36.214152Z[0m [32m INFO[0m [1mnode[0m[1m{[0m[3mname[0m[2m=[0mk#8dcff6d1..[1m}[0m[2m:[0m [2msui_core::checkpoints::checkpoint_executor[0m[2m:[0m [2mcrates/sui-core/src/checkpoints/checkpoint_executor/mod.rs[0m[2m:[0m[2m332:[0m Received checkpoint summary from state sync [3msequence_number[0m[2m=[0m576
[2m2025-03-25T07:56:36.215692Z[0m [32m INFO[0m [1mnode[0m[1m{[0m[3mname[0m[2m=[0mk#99f25ef6..[1m}[0m[2m:[0m [2msui_core::state_accumulator[0m[2m:[0m [2mcrates/sui-core/src/state_accumulator.rs[0m[2m:[0m[2m675:[0m accumulating running root for checkpoint 576
[2m2025-03-25T07:56:36.215698Z[0m [32m INFO[0m [1mnode[0m[1m{[0m[3mname[0m[2m=[0mk#8dcff6d1..[1m}[0m[2m:[0m [2msui_core::state_accumulator[0m[2m:[0m [2mcrates/sui-core/src/state_accumulator.rs[0m[2m:[0m[2m675:[0m accumulating running root for checkpoint 576
[2m2025-03-25T07:56:36.236772Z[0m [32m INFO[0m [1mnode[0m[1m{[0m[3mname[0m[2m=[0mk#addeef94..[1m}[0m[2m:[0m [2msui_core::checkpoints[0m[2m:[0m [2mcrates/sui-core/src/checkpoints/mod.rs[0m[2m:[0m[2m1326:[0m Creating checkpoint(s) for 2 transactions [3mnext_checkpoint_seq[0m[2m=[0m577 [3mcheckpoint_timestamp[0m[2m=[0m1742889395698
[2m2025-03-25T07:56:36.237075Z[0m [32m INFO[0m [1mnode[0m[1m{[0m[3mname[0m[2m=[0mk#addeef94..[1m}[0m[2m:[0m [2msui_core::checkpoints::checkpoint_output[0m[2m:[0m [2mcrates/sui-core/src/checkpoints/checkpoint_output.rs[0m[2m:[0m[2m149:[0m Creating checkpoint CheckpointDigest(8db6Ab6y5Wc4QmQ3Y7EexPvDfZfdcD4GUd4TDamwKFjr) at epoch 1, sequence 577, previous digest Some(CheckpointDigest(5QhXVs5ZnwGS5dQMJegHNktFjicmtfKnH8QjedykgdDx)), transactions count 2, content digest CheckpointContentsDigest(6T637GLEEiYKkeAYQ6NFGTpKt9qbTzG62Jy1zHhGwiLr), end_of_epoch_data None
[2m2025-03-25T07:56:36.239716Z[0m [32m INFO[0m [1mnode[0m[1m{[0m[3mname[0m[2m=[0mk#addeef94..[1m}[0m[2m:[0m [2msui_core::checkpoints::checkpoint_executor[0m[2m:[0m [2mcrates/sui-core/src/checkpoints/checkpoint_executor/mod.rs[0m[2m:[0m[2m332:[0m Received checkpoint summary from state sync [3msequence_number[0m[2m=[0m576
[2m2025-03-25T07:56:36.240501Z[0m [32m INFO[0m [1mnode[0m[1m{[0m[3mname[0m[2m=[0mk#addeef94..[1m}[0m[2m:[0m [2msui_core::state_accumulator[0m[2m:[0m [2mcrates/sui-core/src/state_accumulator.rs[0m[2m:[0m[2m675:[0m accumulating running root for checkpoint 576
[2m2025-03-25T07:56:36.241182Z[0m [32m INFO[0m [1mnode[0m[1m{[0m[3mname[0m[2m=[0mk#99f25ef6..[1m}[0m[2m:[0m [2msui_core::checkpoints[0m[2m:[0m [2mcrates/sui-core/src/checkpoints/mod.rs[0m[2m:[0m[2m1326:[0m Creating checkpoint(s) for 2 transactions [3mnext_checkpoint_seq[0m[2m=[0m577 [3mcheckpoint_timestamp[0m[2m=[0m1742889395698
[2m2025-03-25T07:56:36.241186Z[0m [32m INFO[0m [1mnode[0m[1m{[0m[3mname[0m[2m=[0mk#8dcff6d1..[1m}[0m[2m:[0m [2msui_core::checkpoints[0m[2m:[0m [2mcrates/sui-core/src/checkpoints/mod.rs[0m[2m:[0m[2m1326:[0m Creating checkpoint(s) for 2 transactions [3mnext_checkpoint_seq[0m[2m=[0m577 [3mcheckpoint_timestamp[0m[2m=[0m1742889395698
[2m2025-03-25T07:56:36.241443Z[0m [32m INFO[0m [1mnode[0m[1m{[0m[3mname[0m[2m=[0mk#99f25ef6..[1m}[0m[2m:[0m [2msui_core::checkpoints::checkpoint_output[0m[2m:[0m [2mcrates/sui-core/src/checkpoints/checkpoint_output.rs[0m[2m:[0m[2m149:[0m Creating checkpoint CheckpointDigest(8db6Ab6y5Wc4QmQ3Y7EexPvDfZfdcD4GUd4TDamwKFjr) at epoch 1, sequence 577, previous digest Some(CheckpointDigest(5QhXVs5ZnwGS5dQMJegHNktFjicmtfKnH8QjedykgdDx)), transactions count 2, content digest CheckpointContentsDigest(6T637GLEEiYKkeAYQ6NFGTpKt9qbTzG62Jy1zHhGwiLr), end_of_epoch_data None
[2m2025-03-25T07:56:36.241445Z[0m [32m INFO[0m [1mnode[0m[1m{[0m[3mname[0m[2m=[0mk#8dcff6d1..[1m}[0m[2m:[0m [2msui_core::checkpoints::checkpoint_output[0m[2m:[0m [2mcrates/sui-core/src/checkpoints/checkpoint_output.rs[0m[2m:[0m[2m149:[0m Creating checkpoint CheckpointDigest(8db6Ab6y5Wc4QmQ3Y7EexPvDfZfdcD4GUd4TDamwKFjr) at epoch 1, sequence 577, previous digest Some(CheckpointDigest(5QhXVs5ZnwGS5dQMJegHNktFjicmtfKnH8QjedykgdDx)), transactions count 2, content digest CheckpointContentsDigest(6T637GLEEiYKkeAYQ6NFGTpKt9qbTzG62Jy1zHhGwiLr), end_of_epoch_data None
[2m2025-03-25T07:56:36.463598Z[0m [32m INFO[0m [1mnode[0m[1m{[0m[3mname[0m[2m=[0mk#addeef94..[1m}[0m[2m:[0m [2mconsensus_core::core[0m[2m:[0m [2mconsensus/core/src/core.rs[0m[2m:[0m[2m945:[0m Included 3 ancestors & excluded 0 ancestors for proposal in round 378
[2m2025-03-25T07:56:36.464027Z[0m [32m INFO[0m [1mnode[0m[1m{[0m[3mname[0m[2m=[0mk#addeef94..[1m}[0m[2m:[0m [2mconsensus_core::core[0m[2m:[0m [2mconsensus/core/src/core.rs[0m[2m:[0m[2m531:[0m Created block B378(C,j7vaAvmCyJSnkORWFXM/TQ0hhbyn3gYHVy5CHznD4f4=)(1742889396463ms;[B377(C,eYMaHaI+lI9daeY1Uru6PXiJGvq5CrYs76bJKOi0ELM=), B377(A,rTLF23aF4uW+3297P7IC/23A6comv55KFe7Xiy3S4VI=), B377(B,0duCl0nNlZDiJfjRYgz7tYf6EEmSagvfR/pD68odN/I=)];1t;1c) for round 378
[2m2025-03-25T07:56:36.465807Z[0m [32m INFO[0m [1mnode[0m[1m{[0m[3mname[0m[2m=[0mk#8dcff6d1..[1m}[0m[2m:[0m [2mconsensus_core::core[0m[2m:[0m [2mconsensus/core/src/core.rs[0m[2m:[0m[2m945:[0m Included 3 ancestors & excluded 0 ancestors for proposal in round 378
[2m2025-03-25T07:56:36.465808Z[0m [32m INFO[0m [1mnode[0m[1m{[0m[3mname[0m[2m=[0mk#99f25ef6..[1m}[0m[2m:[0m [2mconsensus_core::core[0m[2m:[0m [2mconsensus/core/src/core.rs[0m[2m:[0m[2m945:[0m Included 3 ancestors & excluded 0 ancestors for proposal in round 378
[2m2025-03-25T07:56:36.466097Z[0m [32m INFO[0m [1mnode[0m[1m{[0m[3mname[0m[2m=[0mk#8dcff6d1..[1m}[0m[2m:[0m [2mconsensus_core::core[0m[2m:[0m [2mconsensus/core/src/core.rs[0m[2m:[0m[2m531:[0m Created block B378(A,vr+2zRypTVBoKiYZmiulG6VuQ9f7KOrMxIM/8tH79D4=)(1742889396466ms;[B377(A,rTLF23aF4uW+3297P7IC/23A6comv55KFe7Xiy3S4VI=), B377(B,0duCl0nNlZDiJfjRYgz7tYf6EEmSagvfR/pD68odN/I=), B377(C,eYMaHaI+lI9daeY1Uru6PXiJGvq5CrYs76bJKOi0ELM=)];1t;1c) for round 378
[2m2025-03-25T07:56:36.466102Z[0m [32m INFO[0m [1mnode[0m[1m{[0m[3mname[0m[2m=[0mk#99f25ef6..[1m}[0m[2m:[0m [2mconsensus_core::core[0m[2m:[0m [2mconsensus/core/src/core.rs[0m[2m:[0m[2m531:[0m Created block B378(B,HxbIOBWsYIe56g9BDaCSPI5oLWUT2q7eOdcOyGZ7nxE=)(1742889396466ms;[B377(B,0duCl0nNlZDiJfjRYgz7tYf6EEmSagvfR/pD68odN/I=), B377(A,rTLF23aF4uW+3297P7IC/23A6comv55KFe7Xiy3S4VI=), B377(C,eYMaHaI+lI9daeY1Uru6PXiJGvq5CrYs76bJKOi0ELM=)];1t;1c) for round 378
[2m2025-03-25T07:56:36.466246Z[0m [32m INFO[0m [1mnode[0m[1m{[0m[3mname[0m[2m=[0mk#8dcff6d1..[1m}[0m[2m:[0m [2mconsensus_core::core[0m[2m:[0m [2mconsensus/core/src/core.rs[0m[2m:[0m[2m630:[0m Committing 1 leaders: B376(A,cHzy)
[2m2025-03-25T07:56:36.466248Z[0m [32m INFO[0m [1mnode[0m[1m{[0m[3mname[0m[2m=[0mk#99f25ef6..[1m}[0m[2m:[0m [2mconsensus_core::core[0m[2m:[0m [2mconsensus/core/src/core.rs[0m[2m:[0m[2m630:[0m Committing 1 leaders: B376(A,cHzy)
[2m2025-03-25T07:56:36.466344Z[0m [32m INFO[0m [1mnode[0m[1m{[0m[3mname[0m[2m=[0mk#8dcff6d1..[1m}[0m[2m:[0m [2mconsensus_core::commit_observer[0m[2m:[0m [2mconsensus/core/src/commit_observer.rs[0m[2m:[0m[2m173:[0m Consensus commit C365(YFyL) with leader B376(A,cHzy) has 3 blocks
[2m2025-03-25T07:56:36.466345Z[0m [32m INFO[0m [1mnode[0m[1m{[0m[3mname[0m[2m=[0mk#99f25ef6..[1m}[0m[2m:[0m [2mconsensus_core::commit_observer[0m[2m:[0m [2mconsensus/core/src/commit_observer.rs[0m[2m:[0m[2m173:[0m Consensus commit C365(YFyL) with leader B376(A,cHzy) has 3 blocks
[2m2025-03-25T07:56:36.466608Z[0m [32m INFO[0m [1mnode[0m[1m{[0m[3mname[0m[2m=[0mk#8dcff6d1..[1m}[0m[2m:[0m [2msui_core::consensus_handler[0m[2m:[0m [2mcrates/sui-core/src/consensus_handler.rs[0m[2m:[0m[2m232:[0m Received consensus output [3mconsensus_commit[0m[2m=[0mCommittedSubDag(leader=B376(A,cHzy), ref=C365(YFyL), blocks=[iBvP, 9mD8, cHzy]) [3mepoch[0m[2m=[0m1
[2m2025-03-25T07:56:36.466608Z[0m [32m INFO[0m [1mnode[0m[1m{[0m[3mname[0m[2m=[0mk#99f25ef6..[1m}[0m[2m:[0m [2msui_core::consensus_handler[0m[2m:[0m [2mcrates/sui-core/src/consensus_handler.rs[0m[2m:[0m[2m232:[0m Received consensus output [3mconsensus_commit[0m[2m=[0mCommittedSubDag(leader=B376(A,cHzy), ref=C365(YFyL), blocks=[iBvP, 9mD8, cHzy]) [3mepoch[0m[2m=[0m1
[2m2025-03-25T07:56:36.470392Z[0m [32m INFO[0m [1mnode[0m[1m{[0m[3mname[0m[2m=[0mk#addeef94..[1m}[0m[2m:[0m [2mconsensus_core::core[0m[2m:[0m [2mconsensus/core/src/core.rs[0m[2m:[0m[2m630:[0m Committing 1 leaders: B376(A,cHzy)
[2m2025-03-25T07:56:36.470486Z[0m [32m INFO[0m [1mnode[0m[1m{[0m[3mname[0m[2m=[0mk#addeef94..[1m}[0m[2m:[0m [2mconsensus_core::commit_observer[0m[2m:[0m [2mconsensus/core/src/commit_observer.rs[0m[2m:[0m[2m173:[0m Consensus commit C365(YFyL) with leader B376(A,cHzy) has 3 blocks
[2m2025-03-25T07:56:36.470610Z[0m [32m INFO[0m [1mnode[0m[1m{[0m[3mname[0m[2m=[0mk#addeef94..[1m}[0m[2m:[0m [2msui_core::consensus_handler[0m[2m:[0m [2mcrates/sui-core/src/consensus_handler.rs[0m[2m:[0m[2m232:[0m Received consensus output [3mconsensus_commit[0m[2m=[0mCommittedSubDag(leader=B376(A,cHzy), ref=C365(YFyL), blocks=[iBvP, 9mD8, cHzy]) [3mepoch[0m[2m=[0m1
[2m2025-03-25T07:56:36.511807Z[0m [32m INFO[0m [1mnode[0m[1m{[0m[3mname[0m[2m=[0mk#8dcff6d1..[1m}[0m[2m:[0m [2msui_core::checkpoints[0m[2m:[0m [2mcrates/sui-core/src/checkpoints/mod.rs[0m[2m:[0m[2m1326:[0m Creating checkpoint(s) for 1 transactions [3mnext_checkpoint_seq[0m[2m=[0m578 [3mcheckpoint_timestamp[0m[2m=[0m1742889395953
[2m2025-03-25T07:56:36.511807Z[0m [32m INFO[0m [1mnode[0m[1m{[0m[3mname[0m[2m=[0mk#99f25ef6..[1m}[0m[2m:[0m [2msui_core::checkpoints[0m[2m:[0m [2mcrates/sui-core/src/checkpoints/mod.rs[0m[2m:[0m[2m1326:[0m Creating checkpoint(s) for 1 transactions [3mnext_checkpoint_seq[0m[2m=[0m578 [3mcheckpoint_timestamp[0m[2m=[0m1742889395953
[2m2025-03-25T07:56:36.512036Z[0m [32m INFO[0m [1mnode[0m[1m{[0m[3mname[0m[2m=[0mk#8dcff6d1..[1m}[0m[2m:[0m [2msui_core::checkpoints::checkpoint_output[0m[2m:[0m [2mcrates/sui-core/src/checkpoints/checkpoint_output.rs[0m[2m:[0m[2m149:[0m Creating checkpoint CheckpointDigest(BqZvfd7kvbBnU3FBUSQo3FuB7M55BGrgx87QfHzfi5gp) at epoch 1, sequence 578, previous digest Some(CheckpointDigest(8db6Ab6y5Wc4QmQ3Y7EexPvDfZfdcD4GUd4TDamwKFjr)), transactions count 1, content digest CheckpointContentsDigest(8BJPaJXdDsAK6ZmxcyggJXqZDhKRT64dKwzfAZFnQ1vs), end_of_epoch_data None
[2m2025-03-25T07:56:36.512036Z[0m [32m INFO[0m [1mnode[0m[1m{[0m[3mname[0m[2m=[0mk#99f25ef6..[1m}[0m[2m:[0m [2msui_core::checkpoints::checkpoint_output[0m[2m:[0m [2mcrates/sui-core/src/checkpoints/checkpoint_output.rs[0m[2m:[0m[2m149:[0m Creating checkpoint CheckpointDigest(BqZvfd7kvbBnU3FBUSQo3FuB7M55BGrgx87QfHzfi5gp) at epoch 1, sequence 578, previous digest Some(CheckpointDigest(8db6Ab6y5Wc4QmQ3Y7EexPvDfZfdcD4GUd4TDamwKFjr)), transactions count 1, content digest CheckpointContentsDigest(8BJPaJXdDsAK6ZmxcyggJXqZDhKRT64dKwzfAZFnQ1vs), end_of_epoch_data None
[2m2025-03-25T07:56:36.514438Z[0m [32m INFO[0m [1mnode[0m[1m{[0m[3mname[0m[2m=[0mk#addeef94..[1m}[0m[2m:[0m [2msui_core::checkpoints[0m[2m:[0m [2mcrates/sui-core/src/checkpoints/mod.rs[0m[2m:[0m[2m1326:[0m Creating checkpoint(s) for 1 transactions [3mnext_checkpoint_seq[0m[2m=[0m578 [3mcheckpoint_timestamp[0m[2m=[0m1742889395953
[2m2025-03-25T07:56:36.514611Z[0m [32m INFO[0m [1mnode[0m[1m{[0m[3mname[0m[2m=[0mk#addeef94..[1m}[0m[2m:[0m [2msui_core::checkpoints::checkpoint_output[0m[2m:[0m [2mcrates/sui-core/src/checkpoints/checkpoint_output.rs[0m[2m:[0m[2m149:[0m Creating checkpoint CheckpointDigest(BqZvfd7kvbBnU3FBUSQo3FuB7M55BGrgx87QfHzfi5gp) at epoch 1, sequence 578, previous digest Some(CheckpointDigest(8db6Ab6y5Wc4QmQ3Y7EexPvDfZfdcD4GUd4TDamwKFjr)), transactions count 1, content digest CheckpointContentsDigest(8BJPaJXdDsAK6ZmxcyggJXqZDhKRT64dKwzfAZFnQ1vs), end_of_epoch_data None
[2m2025-03-25T07:56:36.515369Z[0m [32m INFO[0m [1mnode[0m[1m{[0m[3mname[0m[2m=[0mk#8dcff6d1..[1m}[0m[2m:[0m [2msui_core::checkpoints::checkpoint_output[0m[2m:[0m [2mcrates/sui-core/src/checkpoints/checkpoint_output.rs[0m[2m:[0m[2m196:[0m Certified checkpoint with sequence 577 and digest 8db6Ab6y5Wc4QmQ3Y7EexPvDfZfdcD4GUd4TDamwKFjr
[2m2025-03-25T07:56:36.515426Z[0m [32m INFO[0m [1mnode[0m[1m{[0m[3mname[0m[2m=[0mk#99f25ef6..[1m}[0m[2m:[0m [2msui_core::checkpoints::checkpoint_output[0m[2m:[0m [2mcrates/sui-core/src/checkpoints/checkpoint_output.rs[0m[2m:[0m[2m196:[0m Certified checkpoint with sequence 577 and digest 8db6Ab6y5Wc4QmQ3Y7EexPvDfZfdcD4GUd4TDamwKFjr
[2m2025-03-25T07:56:36.519307Z[0m [32m INFO[0m [1mnode[0m[1m{[0m[3mname[0m[2m=[0mk#8dcff6d1..[1m}[0m[2m:[0m [2msui_core::checkpoints::checkpoint_executor[0m[2m:[0m [2mcrates/sui-core/src/checkpoints/checkpoint_executor/mod.rs[0m[2m:[0m[2m332:[0m Received checkpoint summary from state sync [3msequence_number[0m[2m=[0m577
[2m2025-03-25T07:56:36.519645Z[0m [32m INFO[0m [1mnode[0m[1m{[0m[3mname[0m[2m=[0mk#99f25ef6..[1m}[0m[2m:[0m [2msui_core::checkpoints::checkpoint_executor[0m[2m:[0m [2mcrates/sui-core/src/checkpoints/checkpoint_executor/mod.rs[0m[2m:[0m[2m332:[0m Received checkpoint summary from state sync [3msequence_number[0m[2m=[0m577
[2m2025-03-25T07:56:36.538289Z[0m [32m INFO[0m [1mnode[0m[1m{[0m[3mname[0m[2m=[0mk#8dcff6d1..[1m}[0m[2m:[0m [2msui_core::state_accumulator[0m[2m:[0m [2mcrates/sui-core/src/state_accumulator.rs[0m[2m:[0m[2m675:[0m accumulating running root for checkpoint 577
[2m2025-03-25T07:56:36.539192Z[0m [32m INFO[0m [1mnode[0m[1m{[0m[3mname[0m[2m=[0mk#99f25ef6..[1m}[0m[2m:[0m [2msui_core::state_accumulator[0m[2m:[0m [2mcrates/sui-core/src/state_accumulator.rs[0m[2m:[0m[2m675:[0m accumulating running root for checkpoint 577
[2m2025-03-25T07:56:36.582154Z[0m [32m INFO[0m [1mnode[0m[1m{[0m[3mname[0m[2m=[0mk#addeef94..[1m}[0m[2m:[0m [2msui_core::checkpoints::checkpoint_executor[0m[2m:[0m [2mcrates/sui-core/src/checkpoints/checkpoint_executor/mod.rs[0m[2m:[0m[2m332:[0m Received checkpoint summary from state sync [3msequence_number[0m[2m=[0m577
[2m2025-03-25T07:56:36.583457Z[0m [32m INFO[0m [1mnode[0m[1m{[0m[3mname[0m[2m=[0mk#addeef94..[1m}[0m[2m:[0m [2msui_core::state_accumulator[0m[2m:[0m [2mcrates/sui-core/src/state_accumulator.rs[0m[2m:[0m[2m675:[0m accumulating running root for checkpoint 577
[2m2025-03-25T07:56:36.717576Z[0m [32m INFO[0m [1mnode[0m[1m{[0m[3mname[0m[2m=[0mk#8dcff6d1..[1m}[0m[2m:[0m [2mconsensus_core::core[0m[2m:[0m [2mconsensus/core/src/core.rs[0m[2m:[0m[2m945:[0m Included 3 ancestors & excluded 0 ancestors for proposal in round 379
[2m2025-03-25T07:56:36.717706Z[0m [32m INFO[0m [1mnode[0m[1m{[0m[3mname[0m[2m=[0mk#99f25ef6..[1m}[0m[2m:[0m [2mconsensus_core::core[0m[2m:[0m [2mconsensus/core/src/core.rs[0m[2m:[0m[2m945:[0m Included 3 ancestors & excluded 0 ancestors for proposal in round 379
[2m2025-03-25T07:56:36.717959Z[0m [32m INFO[0m [1mnode[0m[1m{[0m[3mname[0m[2m=[0mk#8dcff6d1..[1m}[0m[2m:[0m [2mconsensus_core::core[0m[2m:[0m [2mconsensus/core/src/core.rs[0m[2m:[0m[2m531:[0m Created block B379(A,FzuKGSQsvYbhEmycGTzJVVqB++FSCdIFioBHErbTnBs=)(1742889396717ms;[B378(A,vr+2zRypTVBoKiYZmiulG6VuQ9f7KOrMxIM/8tH79D4=), B378(B,HxbIOBWsYIe56g9BDaCSPI5oLWUT2q7eOdcOyGZ7nxE=), B378(C,j7vaAvmCyJSnkORWFXM/TQ0hhbyn3gYHVy5CHznD4f4=)];1t;1c) for round 379
[2m2025-03-25T07:56:36.718000Z[0m [32m INFO[0m [1mnode[0m[1m{[0m[3mname[0m[2m=[0mk#99f25ef6..[1m}[0m[2m:[0m [2mconsensus_core::core[0m[2m:[0m [2mconsensus/core/src/core.rs[0m[2m:[0m[2m531:[0m Created block B379(B,rSmyFLzROIkOyv1dONprylDzlEbWLfUH4vrPe8eDqdE=)(1742889396717ms;[B378(B,HxbIOBWsYIe56g9BDaCSPI5oLWUT2q7eOdcOyGZ7nxE=), B378(A,vr+2zRypTVBoKiYZmiulG6VuQ9f7KOrMxIM/8tH79D4=), B378(C,j7vaAvmCyJSnkORWFXM/TQ0hhbyn3gYHVy5CHznD4f4=)];1t;1c) for round 379
[2m2025-03-25T07:56:36.722355Z[0m [32m INFO[0m [1mnode[0m[1m{[0m[3mname[0m[2m=[0mk#addeef94..[1m}[0m[2m:[0m [2mconsensus_core::core[0m[2m:[0m [2mconsensus/core/src/core.rs[0m[2m:[0m[2m945:[0m Included 3 ancestors & excluded 0 ancestors for proposal in round 379
[2m2025-03-25T07:56:36.722661Z[0m [32m INFO[0m [1mnode[0m[1m{[0m[3mname[0m[2m=[0mk#addeef94..[1m}[0m[2m:[0m [2mconsensus_core::core[0m[2m:[0m [2mconsensus/core/src/core.rs[0m[2m:[0m[2m531:[0m Created block B379(C,Tk88j1APY6psWGFLjK1TrV6rBlQ1onWFjYz50EyggRc=)(1742889396722ms;[B378(C,j7vaAvmCyJSnkORWFXM/TQ0hhbyn3gYHVy5CHznD4f4=), B378(A,vr+2zRypTVBoKiYZmiulG6VuQ9f7KOrMxIM/8tH79D4=), B378(B,HxbIOBWsYIe56g9BDaCSPI5oLWUT2q7eOdcOyGZ7nxE=)];1t;1c) for round 379
[2m2025-03-25T07:56:36.722731Z[0m [32m INFO[0m [1mnode[0m[1m{[0m[3mname[0m[2m=[0mk#addeef94..[1m}[0m[2m:[0m [2mconsensus_core::core[0m[2m:[0m [2mconsensus/core/src/core.rs[0m[2m:[0m[2m630:[0m Committing 1 leaders: B377(A,rTLF)
[2m2025-03-25T07:56:36.722801Z[0m [32m INFO[0m [1mnode[0m[1m{[0m[3mname[0m[2m=[0mk#addeef94..[1m}[0m[2m:[0m [2mconsensus_core::commit_observer[0m[2m:[0m [2mconsensus/core/src/commit_observer.rs[0m[2m:[0m[2m173:[0m Consensus commit C366(PSjJ) with leader B377(A,rTLF) has 3 blocks
[2m2025-03-25T07:56:36.722890Z[0m [32m INFO[0m [1mnode[0m[1m{[0m[3mname[0m[2m=[0mk#addeef94..[1m}[0m[2m:[0m [2msui_core::consensus_handler[0m[2m:[0m [2mcrates/sui-core/src/consensus_handler.rs[0m[2m:[0m[2m232:[0m Received consensus output [3mconsensus_commit[0m[2m=[0mCommittedSubDag(leader=B377(A,rTLF), ref=C366(PSjJ), blocks=[d3qD, sl0b, rTLF]) [3mepoch[0m[2m=[0m1
[2m2025-03-25T07:56:36.725920Z[0m [32m INFO[0m [1mnode[0m[1m{[0m[3mname[0m[2m=[0mk#8dcff6d1..[1m}[0m[2m:[0m [2msui_core::checkpoints::checkpoint_output[0m[2m:[0m [2mcrates/sui-core/src/checkpoints/checkpoint_output.rs[0m[2m:[0m[2m196:[0m Certified checkpoint with sequence 578 and digest BqZvfd7kvbBnU3FBUSQo3FuB7M55BGrgx87QfHzfi5gp
[2m2025-03-25T07:56:36.725921Z[0m [32m INFO[0m [1mnode[0m[1m{[0m[3mname[0m[2m=[0mk#99f25ef6..[1m}[0m[2m:[0m [2msui_core::checkpoints::checkpoint_output[0m[2m:[0m [2mcrates/sui-core/src/checkpoints/checkpoint_output.rs[0m[2m:[0m[2m196:[0m Certified checkpoint with sequence 578 and digest BqZvfd7kvbBnU3FBUSQo3FuB7M55BGrgx87QfHzfi5gp
[2m2025-03-25T07:56:36.726033Z[0m [32m INFO[0m [1mnode[0m[1m{[0m[3mname[0m[2m=[0mk#8dcff6d1..[1m}[0m[2m:[0m [2mconsensus_core::core[0m[2m:[0m [2mconsensus/core/src/core.rs[0m[2m:[0m[2m630:[0m Committing 1 leaders: B377(A,rTLF)
[2m2025-03-25T07:56:36.726033Z[0m [32m INFO[0m [1mnode[0m[1m{[0m[3mname[0m[2m=[0mk#99f25ef6..[1m}[0m[2m:[0m [2mconsensus_core::core[0m[2m:[0m [2mconsensus/core/src/core.rs[0m[2m:[0m[2m630:[0m Committing 1 leaders: B377(A,rTLF)
[2m2025-03-25T07:56:36.726132Z[0m [32m INFO[0m [1mnode[0m[1m{[0m[3mname[0m[2m=[0mk#8dcff6d1..[1m}[0m[2m:[0m [2mconsensus_core::commit_observer[0m[2m:[0m [2mconsensus/core/src/commit_observer.rs[0m[2m:[0m[2m173:[0m Consensus commit C366(PSjJ) with leader B377(A,rTLF) has 3 blocks
[2m2025-03-25T07:56:36.726135Z[0m [32m INFO[0m [1mnode[0m[1m{[0m[3mname[0m[2m=[0mk#99f25ef6..[1m}[0m[2m:[0m [2mconsensus_core::commit_observer[0m[2m:[0m [2mconsensus/core/src/commit_observer.rs[0m[2m:[0m[2m173:[0m Consensus commit C366(PSjJ) with leader B377(A,rTLF) has 3 blocks
[2m2025-03-25T07:56:36.726543Z[0m [32m INFO[0m [1mnode[0m[1m{[0m[3mname[0m[2m=[0mk#99f25ef6..[1m}[0m[2m:[0m [2msui_core::consensus_handler[0m[2m:[0m [2mcrates/sui-core/src/consensus_handler.rs[0m[2m:[0m[2m232:[0m Received consensus output [3mconsensus_commit[0m[2m=[0mCommittedSubDag(leader=B377(A,rTLF), ref=C366(PSjJ), blocks=[d3qD, sl0b, rTLF]) [3mepoch[0m[2m=[0m1
[2m2025-03-25T07:56:36.726544Z[0m [32m INFO[0m [1mnode[0m[1m{[0m[3mname[0m[2m=[0mk#8dcff6d1..[1m}[0m[2m:[0m [2msui_core::consensus_handler[0m[2m:[0m [2mcrates/sui-core/src/consensus_handler.rs[0m[2m:[0m[2m232:[0m Received consensus output [3mconsensus_commit[0m[2m=[0mCommittedSubDag(leader=B377(A,rTLF), ref=C366(PSjJ), blocks=[d3qD, sl0b, rTLF]) [3mepoch[0m[2m=[0m1
[2m2025-03-25T07:56:36.727103Z[0m [32m INFO[0m [1mnode[0m[1m{[0m[3mname[0m[2m=[0mk#8dcff6d1..[1m}[0m[2m:[0m [2msui_core::checkpoints::checkpoint_executor[0m[2m:[0m [2mcrates/sui-core/src/checkpoints/checkpoint_executor/mod.rs[0m[2m:[0m[2m332:[0m Received checkpoint summary from state sync [3msequence_number[0m[2m=[0m578
[2m2025-03-25T07:56:36.727103Z[0m [32m INFO[0m [1mnode[0m[1m{[0m[3mname[0m[2m=[0mk#99f25ef6..[1m}[0m[2m:[0m [2msui_core::checkpoints::checkpoint_executor[0m[2m:[0m [2mcrates/sui-core/src/checkpoints/checkpoint_executor/mod.rs[0m[2m:[0m[2m332:[0m Received checkpoint summary from state sync [3msequence_number[0m[2m=[0m578
[2m2025-03-25T07:56:36.728580Z[0m [32m INFO[0m [1mnode[0m[1m{[0m[3mname[0m[2m=[0mk#99f25ef6..[1m}[0m[2m:[0m [2msui_core::state_accumulator[0m[2m:[0m [2mcrates/sui-core/src/state_accumulator.rs[0m[2m:[0m[2m675:[0m accumulating running root for checkpoint 578
[2m2025-03-25T07:56:36.728580Z[0m [32m INFO[0m [1mnode[0m[1m{[0m[3mname[0m[2m=[0mk#8dcff6d1..[1m}[0m[2m:[0m [2msui_core::state_accumulator[0m[2m:[0m [2mcrates/sui-core/src/state_accumulator.rs[0m[2m:[0m[2m675:[0m accumulating running root for checkpoint 578
[2m2025-03-25T07:56:36.749598Z[0m [32m INFO[0m [1mnode[0m[1m{[0m[3mname[0m[2m=[0mk#addeef94..[1m}[0m[2m:[0m [2msui_core::checkpoints[0m[2m:[0m [2mcrates/sui-core/src/checkpoints/mod.rs[0m[2m:[0m[2m1326:[0m Creating checkpoint(s) for 2 transactions [3mnext_checkpoint_seq[0m[2m=[0m579 [3mcheckpoint_timestamp[0m[2m=[0m1742889396206
[2m2025-03-25T07:56:36.749909Z[0m [32m INFO[0m [1mnode[0m[1m{[0m[3mname[0m[2m=[0mk#addeef94..[1m}[0m[2m:[0m [2msui_core::checkpoints::checkpoint_output[0m[2m:[0m [2mcrates/sui-core/src/checkpoints/checkpoint_output.rs[0m[2m:[0m[2m149:[0m Creating checkpoint CheckpointDigest(3WxurU35Y9aJfLWE1G1WX5qKqyssRpwyLsAdSXZEXx6Y) at epoch 1, sequence 579, previous digest Some(CheckpointDigest(BqZvfd7kvbBnU3FBUSQo3FuB7M55BGrgx87QfHzfi5gp)), transactions count 2, content digest CheckpointContentsDigest(74LxU3muoBkoBxJcLfSx94rUDTyysDFgsHTypcGN8Kza), end_of_epoch_data None
[2m2025-03-25T07:56:36.752682Z[0m [32m INFO[0m [1mnode[0m[1m{[0m[3mname[0m[2m=[0mk#addeef94..[1m}[0m[2m:[0m [2msui_core::checkpoints::checkpoint_executor[0m[2m:[0m [2mcrates/sui-core/src/checkpoints/checkpoint_executor/mod.rs[0m[2m:[0m[2m332:[0m Received checkpoint summary from state sync [3msequence_number[0m[2m=[0m578
[2m2025-03-25T07:56:36.753529Z[0m [32m INFO[0m [1mnode[0m[1m{[0m[3mname[0m[2m=[0mk#addeef94..[1m}[0m[2m:[0m [2msui_core::state_accumulator[0m[2m:[0m [2mcrates/sui-core/src/state_accumulator.rs[0m[2m:[0m[2m675:[0m accumulating running root for checkpoint 578
[2m2025-03-25T07:56:36.753941Z[0m [32m INFO[0m [1mnode[0m[1m{[0m[3mname[0m[2m=[0mk#8dcff6d1..[1m}[0m[2m:[0m [2msui_core::checkpoints[0m[2m:[0m [2mcrates/sui-core/src/checkpoints/mod.rs[0m[2m:[0m[2m1326:[0m Creating checkpoint(s) for 2 transactions [3mnext_checkpoint_seq[0m[2m=[0m579 [3mcheckpoint_timestamp[0m[2m=[0m1742889396206
[2m2025-03-25T07:56:36.753959Z[0m [32m INFO[0m [1mnode[0m[1m{[0m[3mname[0m[2m=[0mk#99f25ef6..[1m}[0m[2m:[0m [2msui_core::checkpoints[0m[2m:[0m [2mcrates/sui-core/src/checkpoints/mod.rs[0m[2m:[0m[2m1326:[0m Creating checkpoint(s) for 2 transactions [3mnext_checkpoint_seq[0m[2m=[0m579 [3mcheckpoint_timestamp[0m[2m=[0m1742889396206
[2m2025-03-25T07:56:36.754207Z[0m [32m INFO[0m [1mnode[0m[1m{[0m[3mname[0m[2m=[0mk#8dcff6d1..[1m}[0m[2m:[0m [2msui_core::checkpoints::checkpoint_output[0m[2m:[0m [2mcrates/sui-core/src/checkpoints/checkpoint_output.rs[0m[2m:[0m[2m149:[0m Creating checkpoint CheckpointDigest(3WxurU35Y9aJfLWE1G1WX5qKqyssRpwyLsAdSXZEXx6Y) at epoch 1, sequence 579, previous digest Some(CheckpointDigest(BqZvfd7kvbBnU3FBUSQo3FuB7M55BGrgx87QfHzfi5gp)), transactions count 2, content digest CheckpointContentsDigest(74LxU3muoBkoBxJcLfSx94rUDTyysDFgsHTypcGN8Kza), end_of_epoch_data None
[2m2025-03-25T07:56:36.754207Z[0m [32m INFO[0m [1mnode[0m[1m{[0m[3mname[0m[2m=[0mk#99f25ef6..[1m}[0m[2m:[0m [2msui_core::checkpoints::checkpoint_output[0m[2m:[0m [2mcrates/sui-core/src/checkpoints/checkpoint_output.rs[0m[2m:[0m[2m149:[0m Creating checkpoint CheckpointDigest(3WxurU35Y9aJfLWE1G1WX5qKqyssRpwyLsAdSXZEXx6Y) at epoch 1, sequence 579, previous digest Some(CheckpointDigest(BqZvfd7kvbBnU3FBUSQo3FuB7M55BGrgx87QfHzfi5gp)), transactions count 2, content digest CheckpointContentsDigest(74LxU3muoBkoBxJcLfSx94rUDTyysDFgsHTypcGN8Kza), end_of_epoch_data None
[2m2025-03-25T07:56:36.879783Z[0m [32m INFO[0m [1mnode[0m[1m{[0m[3mname[0m[2m=[0mk#b3f3cbb4..[1m}[0m[2m:[0m[1mjson-rpc-request[0m[2m:[0m[1mdev_inspect_transaction_block[0m[1m{[0m[3msender_address[0m[2m=[0m0x0000000000000000000000000000000000000000000000000000000000000000 [3mtx_bytes[0m[2m=[0mBase64("AAMBAQAAAAAAAAAAAAAAAAAAAAAAAAAAAAAAAAAAAAAAAAAJAQAAAAAAAAABAAECAAgAAAAAAAAAAAEAAAAAAAAAAAAAAAAAAAAAAAAAAAAAAAAAAAAAAAAAAAsGYnJpZGdlIGdldF90b2tlbl90cmFuc2Zlcl9hY3Rpb25fc3RhdHVzAAMBAAABAQABAgA=") [3mgas_price[0m[2m=[0mNone [3m_epoch[0m[2m=[0mNone [3madditional_args[0m[2m=[0mNone[1m}[0m[2m:[0m [2msui_json_rpc::transaction_execution_api[0m[2m:[0m [2mcrates/sui-json-rpc/src/transaction_execution_api.rs[0m[2m:[0m[2m351:[0m RPC took longer than threshold to complete. [3melapsed[0m[2m=[0m1.534305667s
[2m2025-03-25T07:56:36.880685Z[0m [32m INFO[0m [2msui_bridge::e2e_tests::test_utils[0m[2m:[0m [2mcrates/sui-bridge/src/e2e_tests/test_utils.rs[0m[2m:[0m[2m1452:[0m get_token_transfer_action_onchain_status_until_success took 1.616633791s, status: Pending
[2m2025-03-25T07:56:36.881053Z[0m [32m INFO[0m [1mnode[0m[1m{[0m[3mname[0m[2m=[0mk#b3f3cbb4..[1m}[0m[2m:[0m [2msui_core::state_accumulator[0m[2m:[0m [2mcrates/sui-core/src/state_accumulator.rs[0m[2m:[0m[2m675:[0m accumulating running root for checkpoint 533
[2m2025-03-25T07:56:36.967658Z[0m [32m INFO[0m [1mnode[0m[1m{[0m[3mname[0m[2m=[0mk#b3f3cbb4..[1m}[0m[2m:[0m[1mjson-rpc-request[0m[2m:[0m[1mget_object[0m[1m{[0m[3mobject_id[0m[2m=[0m0x059c5b653da3f627ad85b7947a1634ad3055f81b24125b7d9b23178b0146bfc6 [3moptions[0m[2m=[0mSome(SuiObjectDataOptions { show_type: false, show_owner: true, show_previous_transaction: false, show_display: false, show_content: true, show_bcs: false, show_storage_rebate: false })[1m}[0m[2m:[0m [2msui_json_rpc::read_api[0m[2m:[0m [2mcrates/sui-json-rpc/src/read_api.rs[0m[2m:[0m[2m494:[0m RPC took longer than threshold to complete. [3melapsed[0m[2m=[0m1.622395083s
[2m2025-03-25T07:56:36.976209Z[0m [32m INFO[0m [1mnode[0m[1m{[0m[3mname[0m[2m=[0mk#addeef94..[1m}[0m[2m:[0m [2mconsensus_core::core[0m[2m:[0m [2mconsensus/core/src/core.rs[0m[2m:[0m[2m945:[0m Included 3 ancestors & excluded 0 ancestors for proposal in round 380
[2m2025-03-25T07:56:36.976545Z[0m [32m INFO[0m [1mnode[0m[1m{[0m[3mname[0m[2m=[0mk#addeef94..[1m}[0m[2m:[0m [2mconsensus_core::core[0m[2m:[0m [2mconsensus/core/src/core.rs[0m[2m:[0m[2m531:[0m Created block B380(C,cHhHs/+T5FppFS/vXqdNgplyMZGKi2PVg/P9ulaBueQ=)(1742889396976ms;[B379(C,Tk88j1APY6psWGFLjK1TrV6rBlQ1onWFjYz50EyggRc=), B379(A,FzuKGSQsvYbhEmycGTzJVVqB++FSCdIFioBHErbTnBs=), B379(B,rSmyFLzROIkOyv1dONprylDzlEbWLfUH4vrPe8eDqdE=)];1t;1c) for round 380
[2m2025-03-25T07:56:36.978446Z[0m [32m INFO[0m [1mnode[0m[1m{[0m[3mname[0m[2m=[0mk#99f25ef6..[1m}[0m[2m:[0m [2mconsensus_core::core[0m[2m:[0m [2mconsensus/core/src/core.rs[0m[2m:[0m[2m945:[0m Included 3 ancestors & excluded 0 ancestors for proposal in round 380
[2m2025-03-25T07:56:36.978446Z[0m [32m INFO[0m [1mnode[0m[1m{[0m[3mname[0m[2m=[0mk#8dcff6d1..[1m}[0m[2m:[0m [2mconsensus_core::core[0m[2m:[0m [2mconsensus/core/src/core.rs[0m[2m:[0m[2m945:[0m Included 3 ancestors & excluded 0 ancestors for proposal in round 380
[2m2025-03-25T07:56:36.978737Z[0m [32m INFO[0m [1mnode[0m[1m{[0m[3mname[0m[2m=[0mk#8dcff6d1..[1m}[0m[2m:[0m [2mconsensus_core::core[0m[2m:[0m [2mconsensus/core/src/core.rs[0m[2m:[0m[2m531:[0m Created block B380(A,mOWMNWzbyxEHgMYqTw2GhaPP1xyRMTruWsDw7ehry+o=)(1742889396978ms;[B379(A,FzuKGSQsvYbhEmycGTzJVVqB++FSCdIFioBHErbTnBs=), B379(B,rSmyFLzROIkOyv1dONprylDzlEbWLfUH4vrPe8eDqdE=), B379(C,Tk88j1APY6psWGFLjK1TrV6rBlQ1onWFjYz50EyggRc=)];1t;1c) for round 380
[2m2025-03-25T07:56:36.978737Z[0m [32m INFO[0m [1mnode[0m[1m{[0m[3mname[0m[2m=[0mk#99f25ef6..[1m}[0m[2m:[0m [2mconsensus_core::core[0m[2m:[0m [2mconsensus/core/src/core.rs[0m[2m:[0m[2m531:[0m Created block B380(B,sB34zIiKPnmpY9ivjBi9KNBQ0EaJ2HLwoviPFEJ79NA=)(1742889396978ms;[B379(B,rSmyFLzROIkOyv1dONprylDzlEbWLfUH4vrPe8eDqdE=), B379(A,FzuKGSQsvYbhEmycGTzJVVqB++FSCdIFioBHErbTnBs=), B379(C,Tk88j1APY6psWGFLjK1TrV6rBlQ1onWFjYz50EyggRc=)];1t;1c) for round 380
[2m2025-03-25T07:56:36.978806Z[0m [32m INFO[0m [1mnode[0m[1m{[0m[3mname[0m[2m=[0mk#8dcff6d1..[1m}[0m[2m:[0m [2mconsensus_core::core[0m[2m:[0m [2mconsensus/core/src/core.rs[0m[2m:[0m[2m630:[0m Committing 1 leaders: B378(B,HxbI)
[2m2025-03-25T07:56:36.978806Z[0m [32m INFO[0m [1mnode[0m[1m{[0m[3mname[0m[2m=[0mk#99f25ef6..[1m}[0m[2m:[0m [2mconsensus_core::core[0m[2m:[0m [2mconsensus/core/src/core.rs[0m[2m:[0m[2m630:[0m Committing 1 leaders: B378(B,HxbI)
[2m2025-03-25T07:56:36.978878Z[0m [32m INFO[0m [1mnode[0m[1m{[0m[3mname[0m[2m=[0mk#8dcff6d1..[1m}[0m[2m:[0m [2mconsensus_core::commit_observer[0m[2m:[0m [2mconsensus/core/src/commit_observer.rs[0m[2m:[0m[2m173:[0m Consensus commit C367(JQvG) with leader B378(B,HxbI) has 3 blocks
[2m2025-03-25T07:56:36.978878Z[0m [32m INFO[0m [1mnode[0m[1m{[0m[3mname[0m[2m=[0mk#99f25ef6..[1m}[0m[2m:[0m [2mconsensus_core::commit_observer[0m[2m:[0m [2mconsensus/core/src/commit_observer.rs[0m[2m:[0m[2m173:[0m Consensus commit C367(JQvG) with leader B378(B,HxbI) has 3 blocks
[2m2025-03-25T07:56:36.978945Z[0m [32m INFO[0m [1mnode[0m[1m{[0m[3mname[0m[2m=[0mk#b3f3cbb4..[1m}[0m[2m:[0m [2msui_core::state_accumulator[0m[2m:[0m [2mcrates/sui-core/src/state_accumulator.rs[0m[2m:[0m[2m675:[0m accumulating running root for checkpoint 534
[2m2025-03-25T07:56:36.978965Z[0m [32m INFO[0m [1mnode[0m[1m{[0m[3mname[0m[2m=[0mk#8dcff6d1..[1m}[0m[2m:[0m [2msui_core::consensus_handler[0m[2m:[0m [2mcrates/sui-core/src/consensus_handler.rs[0m[2m:[0m[2m232:[0m Received consensus output [3mconsensus_commit[0m[2m=[0mCommittedSubDag(leader=B378(B,HxbI), ref=C367(JQvG), blocks=[0duC, eYMa, HxbI]) [3mepoch[0m[2m=[0m1
[2m2025-03-25T07:56:36.978965Z[0m [32m INFO[0m [1mnode[0m[1m{[0m[3mname[0m[2m=[0mk#99f25ef6..[1m}[0m[2m:[0m [2msui_core::consensus_handler[0m[2m:[0m [2mcrates/sui-core/src/consensus_handler.rs[0m[2m:[0m[2m232:[0m Received consensus output [3mconsensus_commit[0m[2m=[0mCommittedSubDag(leader=B378(B,HxbI), ref=C367(JQvG), blocks=[0duC, eYMa, HxbI]) [3mepoch[0m[2m=[0m1
[2m2025-03-25T07:56:36.982636Z[0m [32m INFO[0m [1mnode[0m[1m{[0m[3mname[0m[2m=[0mk#addeef94..[1m}[0m[2m:[0m [2mconsensus_core::core[0m[2m:[0m [2mconsensus/core/src/core.rs[0m[2m:[0m[2m630:[0m Committing 1 leaders: B378(B,HxbI)
[2m2025-03-25T07:56:36.982726Z[0m [32m INFO[0m [1mnode[0m[1m{[0m[3mname[0m[2m=[0mk#addeef94..[1m}[0m[2m:[0m [2mconsensus_core::commit_observer[0m[2m:[0m [2mconsensus/core/src/commit_observer.rs[0m[2m:[0m[2m173:[0m Consensus commit C367(JQvG) with leader B378(B,HxbI) has 3 blocks
[2m2025-03-25T07:56:36.982850Z[0m [32m INFO[0m [1mnode[0m[1m{[0m[3mname[0m[2m=[0mk#addeef94..[1m}[0m[2m:[0m [2msui_core::consensus_handler[0m[2m:[0m [2mcrates/sui-core/src/consensus_handler.rs[0m[2m:[0m[2m232:[0m Received consensus output [3mconsensus_commit[0m[2m=[0mCommittedSubDag(leader=B378(B,HxbI), ref=C367(JQvG), blocks=[0duC, eYMa, HxbI]) [3mepoch[0m[2m=[0m1
[2m2025-03-25T07:56:37.025130Z[0m [32m INFO[0m [1mnode[0m[1m{[0m[3mname[0m[2m=[0mk#8dcff6d1..[1m}[0m[2m:[0m [2msui_core::checkpoints[0m[2m:[0m [2mcrates/sui-core/src/checkpoints/mod.rs[0m[2m:[0m[2m1326:[0m Creating checkpoint(s) for 1 transactions [3mnext_checkpoint_seq[0m[2m=[0m580 [3mcheckpoint_timestamp[0m[2m=[0m1742889396466
[2m2025-03-25T07:56:37.025256Z[0m [32m INFO[0m [1mnode[0m[1m{[0m[3mname[0m[2m=[0mk#99f25ef6..[1m}[0m[2m:[0m [2msui_core::checkpoints[0m[2m:[0m [2mcrates/sui-core/src/checkpoints/mod.rs[0m[2m:[0m[2m1326:[0m Creating checkpoint(s) for 1 transactions [3mnext_checkpoint_seq[0m[2m=[0m580 [3mcheckpoint_timestamp[0m[2m=[0m1742889396466
[2m2025-03-25T07:56:37.025367Z[0m [32m INFO[0m [1mnode[0m[1m{[0m[3mname[0m[2m=[0mk#8dcff6d1..[1m}[0m[2m:[0m [2msui_core::checkpoints::checkpoint_output[0m[2m:[0m [2mcrates/sui-core/src/checkpoints/checkpoint_output.rs[0m[2m:[0m[2m149:[0m Creating checkpoint CheckpointDigest(EuQbNvdMJJjhM7sfRCMBjhwPiiZQJjrY8B7eVBx2ReJp) at epoch 1, sequence 580, previous digest Some(CheckpointDigest(3WxurU35Y9aJfLWE1G1WX5qKqyssRpwyLsAdSXZEXx6Y)), transactions count 1, content digest CheckpointContentsDigest(2H6Av7gbtQX32G8E7T4HK41gn8xd5hT7G5FbUnJnaTAs), end_of_epoch_data None
[2m2025-03-25T07:56:37.025427Z[0m [32m INFO[0m [1mnode[0m[1m{[0m[3mname[0m[2m=[0mk#99f25ef6..[1m}[0m[2m:[0m [2msui_core::checkpoints::checkpoint_output[0m[2m:[0m [2mcrates/sui-core/src/checkpoints/checkpoint_output.rs[0m[2m:[0m[2m149:[0m Creating checkpoint CheckpointDigest(EuQbNvdMJJjhM7sfRCMBjhwPiiZQJjrY8B7eVBx2ReJp) at epoch 1, sequence 580, previous digest Some(CheckpointDigest(3WxurU35Y9aJfLWE1G1WX5qKqyssRpwyLsAdSXZEXx6Y)), transactions count 1, content digest CheckpointContentsDigest(2H6Av7gbtQX32G8E7T4HK41gn8xd5hT7G5FbUnJnaTAs), end_of_epoch_data None
[2m2025-03-25T07:56:37.027617Z[0m [32m INFO[0m [1mnode[0m[1m{[0m[3mname[0m[2m=[0mk#addeef94..[1m}[0m[2m:[0m [2msui_core::checkpoints[0m[2m:[0m [2mcrates/sui-core/src/checkpoints/mod.rs[0m[2m:[0m[2m1326:[0m Creating checkpoint(s) for 1 transactions [3mnext_checkpoint_seq[0m[2m=[0m580 [3mcheckpoint_timestamp[0m[2m=[0m1742889396466
[2m2025-03-25T07:56:37.027787Z[0m [32m INFO[0m [1mnode[0m[1m{[0m[3mname[0m[2m=[0mk#addeef94..[1m}[0m[2m:[0m [2msui_core::checkpoints::checkpoint_output[0m[2m:[0m [2mcrates/sui-core/src/checkpoints/checkpoint_output.rs[0m[2m:[0m[2m149:[0m Creating checkpoint CheckpointDigest(EuQbNvdMJJjhM7sfRCMBjhwPiiZQJjrY8B7eVBx2ReJp) at epoch 1, sequence 580, previous digest Some(CheckpointDigest(3WxurU35Y9aJfLWE1G1WX5qKqyssRpwyLsAdSXZEXx6Y)), transactions count 1, content digest CheckpointContentsDigest(2H6Av7gbtQX32G8E7T4HK41gn8xd5hT7G5FbUnJnaTAs), end_of_epoch_data None
[2m2025-03-25T07:56:37.028649Z[0m [32m INFO[0m [1mnode[0m[1m{[0m[3mname[0m[2m=[0mk#8dcff6d1..[1m}[0m[2m:[0m [2msui_core::checkpoints::checkpoint_output[0m[2m:[0m [2mcrates/sui-core/src/checkpoints/checkpoint_output.rs[0m[2m:[0m[2m196:[0m Certified checkpoint with sequence 579 and digest 3WxurU35Y9aJfLWE1G1WX5qKqyssRpwyLsAdSXZEXx6Y
[2m2025-03-25T07:56:37.028735Z[0m [32m INFO[0m [1mnode[0m[1m{[0m[3mname[0m[2m=[0mk#99f25ef6..[1m}[0m[2m:[0m [2msui_core::checkpoints::checkpoint_output[0m[2m:[0m [2mcrates/sui-core/src/checkpoints/checkpoint_output.rs[0m[2m:[0m[2m196:[0m Certified checkpoint with sequence 579 and digest 3WxurU35Y9aJfLWE1G1WX5qKqyssRpwyLsAdSXZEXx6Y
[2m2025-03-25T07:56:37.031830Z[0m [32m INFO[0m [1mnode[0m[1m{[0m[3mname[0m[2m=[0mk#8dcff6d1..[1m}[0m[2m:[0m [2msui_core::checkpoints::checkpoint_executor[0m[2m:[0m [2mcrates/sui-core/src/checkpoints/checkpoint_executor/mod.rs[0m[2m:[0m[2m332:[0m Received checkpoint summary from state sync [3msequence_number[0m[2m=[0m579
[2m2025-03-25T07:56:37.032022Z[0m [32m INFO[0m [1mnode[0m[1m{[0m[3mname[0m[2m=[0mk#99f25ef6..[1m}[0m[2m:[0m [2msui_core::checkpoints::checkpoint_executor[0m[2m:[0m [2mcrates/sui-core/src/checkpoints/checkpoint_executor/mod.rs[0m[2m:[0m[2m332:[0m Received checkpoint summary from state sync [3msequence_number[0m[2m=[0m579
[2m2025-03-25T07:56:37.050035Z[0m [32m INFO[0m [1mnode[0m[1m{[0m[3mname[0m[2m=[0mk#8dcff6d1..[1m}[0m[2m:[0m [2msui_core::state_accumulator[0m[2m:[0m [2mcrates/sui-core/src/state_accumulator.rs[0m[2m:[0m[2m675:[0m accumulating running root for checkpoint 579
[2m2025-03-25T07:56:37.050152Z[0m [32m INFO[0m [1mnode[0m[1m{[0m[3mname[0m[2m=[0mk#99f25ef6..[1m}[0m[2m:[0m [2msui_core::state_accumulator[0m[2m:[0m [2mcrates/sui-core/src/state_accumulator.rs[0m[2m:[0m[2m675:[0m accumulating running root for checkpoint 579
[2m2025-03-25T07:56:37.061436Z[0m [32m INFO[0m [1mnode[0m[1m{[0m[3mname[0m[2m=[0mk#b3f3cbb4..[1m}[0m[2m:[0m [2msui_core::state_accumulator[0m[2m:[0m [2mcrates/sui-core/src/state_accumulator.rs[0m[2m:[0m[2m675:[0m accumulating running root for checkpoint 535
[2m2025-03-25T07:56:37.094517Z[0m [32m INFO[0m [1mnode[0m[1m{[0m[3mname[0m[2m=[0mk#addeef94..[1m}[0m[2m:[0m [2msui_core::checkpoints::checkpoint_executor[0m[2m:[0m [2mcrates/sui-core/src/checkpoints/checkpoint_executor/mod.rs[0m[2m:[0m[2m332:[0m Received checkpoint summary from state sync [3msequence_number[0m[2m=[0m579
[2m2025-03-25T07:56:37.095829Z[0m [32m INFO[0m [1mnode[0m[1m{[0m[3mname[0m[2m=[0mk#addeef94..[1m}[0m[2m:[0m [2msui_core::state_accumulator[0m[2m:[0m [2mcrates/sui-core/src/state_accumulator.rs[0m[2m:[0m[2m675:[0m accumulating running root for checkpoint 579
[2m2025-03-25T07:56:37.150205Z[0m [32m INFO[0m [1mnode[0m[1m{[0m[3mname[0m[2m=[0mk#b3f3cbb4..[1m}[0m[2m:[0m [2msui_core::state_accumulator[0m[2m:[0m [2mcrates/sui-core/src/state_accumulator.rs[0m[2m:[0m[2m675:[0m accumulating running root for checkpoint 536
[2m2025-03-25T07:56:37.230703Z[0m [32m INFO[0m [1mnode[0m[1m{[0m[3mname[0m[2m=[0mk#99f25ef6..[1m}[0m[2m:[0m [2mconsensus_core::core[0m[2m:[0m [2mconsensus/core/src/core.rs[0m[2m:[0m[2m945:[0m Included 3 ancestors & excluded 0 ancestors for proposal in round 381
[2m2025-03-25T07:56:37.231048Z[0m [32m INFO[0m [1mnode[0m[1m{[0m[3mname[0m[2m=[0mk#8dcff6d1..[1m}[0m[2m:[0m [2mconsensus_core::core[0m[2m:[0m [2mconsensus/core/src/core.rs[0m[2m:[0m[2m945:[0m Included 3 ancestors & excluded 0 ancestors for proposal in round 381
[2m2025-03-25T07:56:37.231068Z[0m [32m INFO[0m [1mnode[0m[1m{[0m[3mname[0m[2m=[0mk#99f25ef6..[1m}[0m[2m:[0m [2mconsensus_core::core[0m[2m:[0m [2mconsensus/core/src/core.rs[0m[2m:[0m[2m531:[0m Created block B381(B,QTSi/SwFubL65XvUAEfa81qIGLfQh93tlNqdlOMeJuI=)(1742889397230ms;[B380(B,sB34zIiKPnmpY9ivjBi9KNBQ0EaJ2HLwoviPFEJ79NA=), B380(A,mOWMNWzbyxEHgMYqTw2GhaPP1xyRMTruWsDw7ehry+o=), B380(C,cHhHs/+T5FppFS/vXqdNgplyMZGKi2PVg/P9ulaBueQ=)];1t;1c) for round 381
[2m2025-03-25T07:56:37.231350Z[0m [32m INFO[0m [1mnode[0m[1m{[0m[3mname[0m[2m=[0mk#8dcff6d1..[1m}[0m[2m:[0m [2mconsensus_core::core[0m[2m:[0m [2mconsensus/core/src/core.rs[0m[2m:[0m[2m531:[0m Created block B381(A,DCGatYRDUc2igVvGCzVC3JFGKhKUlUMZOphy3ZtOxZI=)(1742889397231ms;[B380(A,mOWMNWzbyxEHgMYqTw2GhaPP1xyRMTruWsDw7ehry+o=), B380(B,sB34zIiKPnmpY9ivjBi9KNBQ0EaJ2HLwoviPFEJ79NA=), B380(C,cHhHs/+T5FppFS/vXqdNgplyMZGKi2PVg/P9ulaBueQ=)];1t;1c) for round 381
[2m2025-03-25T07:56:37.234368Z[0m [32m INFO[0m [1mnode[0m[1m{[0m[3mname[0m[2m=[0mk#addeef94..[1m}[0m[2m:[0m [2mconsensus_core::core[0m[2m:[0m [2mconsensus/core/src/core.rs[0m[2m:[0m[2m945:[0m Included 3 ancestors & excluded 0 ancestors for proposal in round 381
[2m2025-03-25T07:56:37.234670Z[0m [32m INFO[0m [1mnode[0m[1m{[0m[3mname[0m[2m=[0mk#addeef94..[1m}[0m[2m:[0m [2mconsensus_core::core[0m[2m:[0m [2mconsensus/core/src/core.rs[0m[2m:[0m[2m531:[0m Created block B381(C,1nH25E3QlkCmYiJtRpSETTcOPblhBTzJHfsBgpTYt7U=)(1742889397234ms;[B380(C,cHhHs/+T5FppFS/vXqdNgplyMZGKi2PVg/P9ulaBueQ=), B380(A,mOWMNWzbyxEHgMYqTw2GhaPP1xyRMTruWsDw7ehry+o=), B380(B,sB34zIiKPnmpY9ivjBi9KNBQ0EaJ2HLwoviPFEJ79NA=)];1t;1c) for round 381
[2m2025-03-25T07:56:37.234737Z[0m [32m INFO[0m [1mnode[0m[1m{[0m[3mname[0m[2m=[0mk#addeef94..[1m}[0m[2m:[0m [2mconsensus_core::core[0m[2m:[0m [2mconsensus/core/src/core.rs[0m[2m:[0m[2m630:[0m Committing 1 leaders: B379(B,rSmy)
[2m2025-03-25T07:56:37.234804Z[0m [32m INFO[0m [1mnode[0m[1m{[0m[3mname[0m[2m=[0mk#addeef94..[1m}[0m[2m:[0m [2mconsensus_core::commit_observer[0m[2m:[0m [2mconsensus/core/src/commit_observer.rs[0m[2m:[0m[2m173:[0m Consensus commit C368(oA0t) with leader B379(B,rSmy) has 3 blocks
[2m2025-03-25T07:56:37.234885Z[0m [32m INFO[0m [1mnode[0m[1m{[0m[3mname[0m[2m=[0mk#addeef94..[1m}[0m[2m:[0m [2msui_core::consensus_handler[0m[2m:[0m [2mcrates/sui-core/src/consensus_handler.rs[0m[2m:[0m[2m232:[0m Received consensus output [3mconsensus_commit[0m[2m=[0mCommittedSubDag(leader=B379(B,rSmy), ref=C368(oA0t), blocks=[vr+2, j7va, rSmy]) [3mepoch[0m[2m=[0m1
[2m2025-03-25T07:56:37.237866Z[0m [32m INFO[0m [1mnode[0m[1m{[0m[3mname[0m[2m=[0mk#8dcff6d1..[1m}[0m[2m:[0m [2msui_core::checkpoints::checkpoint_output[0m[2m:[0m [2mcrates/sui-core/src/checkpoints/checkpoint_output.rs[0m[2m:[0m[2m196:[0m Certified checkpoint with sequence 580 and digest EuQbNvdMJJjhM7sfRCMBjhwPiiZQJjrY8B7eVBx2ReJp
[2m2025-03-25T07:56:37.237871Z[0m [32m INFO[0m [1mnode[0m[1m{[0m[3mname[0m[2m=[0mk#99f25ef6..[1m}[0m[2m:[0m [2msui_core::checkpoints::checkpoint_output[0m[2m:[0m [2mcrates/sui-core/src/checkpoints/checkpoint_output.rs[0m[2m:[0m[2m196:[0m Certified checkpoint with sequence 580 and digest EuQbNvdMJJjhM7sfRCMBjhwPiiZQJjrY8B7eVBx2ReJp
[2m2025-03-25T07:56:37.237985Z[0m [32m INFO[0m [1mnode[0m[1m{[0m[3mname[0m[2m=[0mk#8dcff6d1..[1m}[0m[2m:[0m [2mconsensus_core::core[0m[2m:[0m [2mconsensus/core/src/core.rs[0m[2m:[0m[2m630:[0m Committing 1 leaders: B379(B,rSmy)
[2m2025-03-25T07:56:37.237985Z[0m [32m INFO[0m [1mnode[0m[1m{[0m[3mname[0m[2m=[0mk#99f25ef6..[1m}[0m[2m:[0m [2mconsensus_core::core[0m[2m:[0m [2mconsensus/core/src/core.rs[0m[2m:[0m[2m630:[0m Committing 1 leaders: B379(B,rSmy)
[2m2025-03-25T07:56:37.238084Z[0m [32m INFO[0m [1mnode[0m[1m{[0m[3mname[0m[2m=[0mk#8dcff6d1..[1m}[0m[2m:[0m [2mconsensus_core::commit_observer[0m[2m:[0m [2mconsensus/core/src/commit_observer.rs[0m[2m:[0m[2m173:[0m Consensus commit C368(oA0t) with leader B379(B,rSmy) has 3 blocks
[2m2025-03-25T07:56:37.238092Z[0m [32m INFO[0m [1mnode[0m[1m{[0m[3mname[0m[2m=[0mk#99f25ef6..[1m}[0m[2m:[0m [2mconsensus_core::commit_observer[0m[2m:[0m [2mconsensus/core/src/commit_observer.rs[0m[2m:[0m[2m173:[0m Consensus commit C368(oA0t) with leader B379(B,rSmy) has 3 blocks
[2m2025-03-25T07:56:37.238488Z[0m [32m INFO[0m [1mnode[0m[1m{[0m[3mname[0m[2m=[0mk#8dcff6d1..[1m}[0m[2m:[0m [2msui_core::consensus_handler[0m[2m:[0m [2mcrates/sui-core/src/consensus_handler.rs[0m[2m:[0m[2m232:[0m Received consensus output [3mconsensus_commit[0m[2m=[0mCommittedSubDag(leader=B379(B,rSmy), ref=C368(oA0t), blocks=[vr+2, j7va, rSmy]) [3mepoch[0m[2m=[0m1
[2m2025-03-25T07:56:37.238489Z[0m [32m INFO[0m [1mnode[0m[1m{[0m[3mname[0m[2m=[0mk#99f25ef6..[1m}[0m[2m:[0m [2msui_core::consensus_handler[0m[2m:[0m [2mcrates/sui-core/src/consensus_handler.rs[0m[2m:[0m[2m232:[0m Received consensus output [3mconsensus_commit[0m[2m=[0mCommittedSubDag(leader=B379(B,rSmy), ref=C368(oA0t), blocks=[vr+2, j7va, rSmy]) [3mepoch[0m[2m=[0m1
[2m2025-03-25T07:56:37.239058Z[0m [32m INFO[0m [1mnode[0m[1m{[0m[3mname[0m[2m=[0mk#99f25ef6..[1m}[0m[2m:[0m [2msui_core::checkpoints::checkpoint_executor[0m[2m:[0m [2mcrates/sui-core/src/checkpoints/checkpoint_executor/mod.rs[0m[2m:[0m[2m332:[0m Received checkpoint summary from state sync [3msequence_number[0m[2m=[0m580
[2m2025-03-25T07:56:37.239058Z[0m [32m INFO[0m [1mnode[0m[1m{[0m[3mname[0m[2m=[0mk#8dcff6d1..[1m}[0m[2m:[0m [2msui_core::checkpoints::checkpoint_executor[0m[2m:[0m [2mcrates/sui-core/src/checkpoints/checkpoint_executor/mod.rs[0m[2m:[0m[2m332:[0m Received checkpoint summary from state sync [3msequence_number[0m[2m=[0m580
[2m2025-03-25T07:56:37.240580Z[0m [32m INFO[0m [1mnode[0m[1m{[0m[3mname[0m[2m=[0mk#8dcff6d1..[1m}[0m[2m:[0m [2msui_core::state_accumulator[0m[2m:[0m [2mcrates/sui-core/src/state_accumulator.rs[0m[2m:[0m[2m675:[0m accumulating running root for checkpoint 580
[2m2025-03-25T07:56:37.240630Z[0m [32m INFO[0m [1mnode[0m[1m{[0m[3mname[0m[2m=[0mk#99f25ef6..[1m}[0m[2m:[0m [2msui_core::state_accumulator[0m[2m:[0m [2mcrates/sui-core/src/state_accumulator.rs[0m[2m:[0m[2m675:[0m accumulating running root for checkpoint 580
[2m2025-03-25T07:56:37.261582Z[0m [32m INFO[0m [1mnode[0m[1m{[0m[3mname[0m[2m=[0mk#addeef94..[1m}[0m[2m:[0m [2msui_core::checkpoints[0m[2m:[0m [2mcrates/sui-core/src/checkpoints/mod.rs[0m[2m:[0m[2m1326:[0m Creating checkpoint(s) for 2 transactions [3mnext_checkpoint_seq[0m[2m=[0m581 [3mcheckpoint_timestamp[0m[2m=[0m1742889396717
[2m2025-03-25T07:56:37.261896Z[0m [32m INFO[0m [1mnode[0m[1m{[0m[3mname[0m[2m=[0mk#addeef94..[1m}[0m[2m:[0m [2msui_core::checkpoints::checkpoint_output[0m[2m:[0m [2mcrates/sui-core/src/checkpoints/checkpoint_output.rs[0m[2m:[0m[2m149:[0m Creating checkpoint CheckpointDigest(87Rk1PBQf5tBzkfdoXNTKDXV7Du9KEkzCbtJ3E4egWmF) at epoch 1, sequence 581, previous digest Some(CheckpointDigest(EuQbNvdMJJjhM7sfRCMBjhwPiiZQJjrY8B7eVBx2ReJp)), transactions count 2, content digest CheckpointContentsDigest(3aTd7WRfyT5bJTjeCV6LzDoF6nJBEKxpieAx8Gtn4WPk), end_of_epoch_data None
[2m2025-03-25T07:56:37.264670Z[0m [32m INFO[0m [1mnode[0m[1m{[0m[3mname[0m[2m=[0mk#addeef94..[1m}[0m[2m:[0m [2msui_core::checkpoints::checkpoint_executor[0m[2m:[0m [2mcrates/sui-core/src/checkpoints/checkpoint_executor/mod.rs[0m[2m:[0m[2m332:[0m Received checkpoint summary from state sync [3msequence_number[0m[2m=[0m580
[2m2025-03-25T07:56:37.265531Z[0m [32m INFO[0m [1mnode[0m[1m{[0m[3mname[0m[2m=[0mk#addeef94..[1m}[0m[2m:[0m [2msui_core::state_accumulator[0m[2m:[0m [2mcrates/sui-core/src/state_accumulator.rs[0m[2m:[0m[2m675:[0m accumulating running root for checkpoint 580
[2m2025-03-25T07:56:37.265998Z[0m [32m INFO[0m [1mnode[0m[1m{[0m[3mname[0m[2m=[0mk#8dcff6d1..[1m}[0m[2m:[0m [2msui_core::checkpoints[0m[2m:[0m [2mcrates/sui-core/src/checkpoints/mod.rs[0m[2m:[0m[2m1326:[0m Creating checkpoint(s) for 2 transactions [3mnext_checkpoint_seq[0m[2m=[0m581 [3mcheckpoint_timestamp[0m[2m=[0m1742889396717
[2m2025-03-25T07:56:37.266002Z[0m [32m INFO[0m [1mnode[0m[1m{[0m[3mname[0m[2m=[0mk#99f25ef6..[1m}[0m[2m:[0m [2msui_core::checkpoints[0m[2m:[0m [2mcrates/sui-core/src/checkpoints/mod.rs[0m[2m:[0m[2m1326:[0m Creating checkpoint(s) for 2 transactions [3mnext_checkpoint_seq[0m[2m=[0m581 [3mcheckpoint_timestamp[0m[2m=[0m1742889396717
[2m2025-03-25T07:56:37.266265Z[0m [32m INFO[0m [1mnode[0m[1m{[0m[3mname[0m[2m=[0mk#99f25ef6..[1m}[0m[2m:[0m [2msui_core::checkpoints::checkpoint_output[0m[2m:[0m [2mcrates/sui-core/src/checkpoints/checkpoint_output.rs[0m[2m:[0m[2m149:[0m Creating checkpoint CheckpointDigest(87Rk1PBQf5tBzkfdoXNTKDXV7Du9KEkzCbtJ3E4egWmF) at epoch 1, sequence 581, previous digest Some(CheckpointDigest(EuQbNvdMJJjhM7sfRCMBjhwPiiZQJjrY8B7eVBx2ReJp)), transactions count 2, content digest CheckpointContentsDigest(3aTd7WRfyT5bJTjeCV6LzDoF6nJBEKxpieAx8Gtn4WPk), end_of_epoch_data None
[2m2025-03-25T07:56:37.266265Z[0m [32m INFO[0m [1mnode[0m[1m{[0m[3mname[0m[2m=[0mk#8dcff6d1..[1m}[0m[2m:[0m [2msui_core::checkpoints::checkpoint_output[0m[2m:[0m [2mcrates/sui-core/src/checkpoints/checkpoint_output.rs[0m[2m:[0m[2m149:[0m Creating checkpoint CheckpointDigest(87Rk1PBQf5tBzkfdoXNTKDXV7Du9KEkzCbtJ3E4egWmF) at epoch 1, sequence 581, previous digest Some(CheckpointDigest(EuQbNvdMJJjhM7sfRCMBjhwPiiZQJjrY8B7eVBx2ReJp)), transactions count 2, content digest CheckpointContentsDigest(3aTd7WRfyT5bJTjeCV6LzDoF6nJBEKxpieAx8Gtn4WPk), end_of_epoch_data None
[2m2025-03-25T07:56:37.304554Z[0m [32m INFO[0m [1mnode[0m[1m{[0m[3mname[0m[2m=[0mk#8dcff6d1..[1m}[0m[2m:[0m [2mconsensus_core::commit_syncer[0m[2m:[0m [2mconsensus/core/src/commit_syncer.rs[0m[2m:[0m[2m196:[0m Checking to schedule fetches: synced_commit_index=368, highest_handled_index=368, highest_scheduled_index=0, quorum_commit_index=367, unhandled_commits_threshold=3200
[2m2025-03-25T07:56:37.327691Z[0m [32m INFO[0m [1mnode[0m[1m{[0m[3mname[0m[2m=[0mk#addeef94..[1m}[0m[2m:[0m [2mconsensus_core::commit_syncer[0m[2m:[0m [2mconsensus/core/src/commit_syncer.rs[0m[2m:[0m[2m196:[0m Checking to schedule fetches: synced_commit_index=368, highest_handled_index=368, highest_scheduled_index=0, quorum_commit_index=0, unhandled_commits_threshold=3200
[2m2025-03-25T07:56:37.331639Z[0m [32m INFO[0m [1mnode[0m[1m{[0m[3mname[0m[2m=[0mk#99f25ef6..[1m}[0m[2m:[0m [2mconsensus_core::commit_syncer[0m[2m:[0m [2mconsensus/core/src/commit_syncer.rs[0m[2m:[0m[2m196:[0m Checking to schedule fetches: synced_commit_index=368, highest_handled_index=368, highest_scheduled_index=0, quorum_commit_index=367, unhandled_commits_threshold=3200
[2m2025-03-25T07:56:37.487485Z[0m [32m INFO[0m [1mnode[0m[1m{[0m[3mname[0m[2m=[0mk#addeef94..[1m}[0m[2m:[0m [2mconsensus_core::core[0m[2m:[0m [2mconsensus/core/src/core.rs[0m[2m:[0m[2m945:[0m Included 3 ancestors & excluded 0 ancestors for proposal in round 382
[2m2025-03-25T07:56:37.487872Z[0m [32m INFO[0m [1mnode[0m[1m{[0m[3mname[0m[2m=[0mk#addeef94..[1m}[0m[2m:[0m [2mconsensus_core::core[0m[2m:[0m [2mconsensus/core/src/core.rs[0m[2m:[0m[2m531:[0m Created block B382(C,SSRkF0o2ydKzmbpm7sDLomZu7c1Mgd6PyM/BbODFldA=)(1742889397487ms;[B381(C,1nH25E3QlkCmYiJtRpSETTcOPblhBTzJHfsBgpTYt7U=), B381(A,DCGatYRDUc2igVvGCzVC3JFGKhKUlUMZOphy3ZtOxZI=), B381(B,QTSi/SwFubL65XvUAEfa81qIGLfQh93tlNqdlOMeJuI=)];1t;1c) for round 382
[2m2025-03-25T07:56:37.489932Z[0m [32m INFO[0m [1mnode[0m[1m{[0m[3mname[0m[2m=[0mk#99f25ef6..[1m}[0m[2m:[0m [2mconsensus_core::core[0m[2m:[0m [2mconsensus/core/src/core.rs[0m[2m:[0m[2m945:[0m Included 3 ancestors & excluded 0 ancestors for proposal in round 382
[2m2025-03-25T07:56:37.489932Z[0m [32m INFO[0m [1mnode[0m[1m{[0m[3mname[0m[2m=[0mk#8dcff6d1..[1m}[0m[2m:[0m [2mconsensus_core::core[0m[2m:[0m [2mconsensus/core/src/core.rs[0m[2m:[0m[2m945:[0m Included 3 ancestors & excluded 0 ancestors for proposal in round 382
[2m2025-03-25T07:56:37.490229Z[0m [32m INFO[0m [1mnode[0m[1m{[0m[3mname[0m[2m=[0mk#99f25ef6..[1m}[0m[2m:[0m [2mconsensus_core::core[0m[2m:[0m [2mconsensus/core/src/core.rs[0m[2m:[0m[2m531:[0m Created block B382(B,/uBgd6BNJ4u+HnYweyb0ScP6PbLsH+VrmkuleZjr2iY=)(1742889397490ms;[B381(B,QTSi/SwFubL65XvUAEfa81qIGLfQh93tlNqdlOMeJuI=), B381(A,DCGatYRDUc2igVvGCzVC3JFGKhKUlUMZOphy3ZtOxZI=), B381(C,1nH25E3QlkCmYiJtRpSETTcOPblhBTzJHfsBgpTYt7U=)];1t;1c) for round 382
[2m2025-03-25T07:56:37.490234Z[0m [32m INFO[0m [1mnode[0m[1m{[0m[3mname[0m[2m=[0mk#8dcff6d1..[1m}[0m[2m:[0m [2mconsensus_core::core[0m[2m:[0m [2mconsensus/core/src/core.rs[0m[2m:[0m[2m531:[0m Created block B382(A,xsC+Z0MTKqzrS6c0oF3AqnEj9gn6H/HDF41zyhPYcxI=)(1742889397490ms;[B381(A,DCGatYRDUc2igVvGCzVC3JFGKhKUlUMZOphy3ZtOxZI=), B381(B,QTSi/SwFubL65XvUAEfa81qIGLfQh93tlNqdlOMeJuI=), B381(C,1nH25E3QlkCmYiJtRpSETTcOPblhBTzJHfsBgpTYt7U=)];1t;1c) for round 382
[2m2025-03-25T07:56:37.490302Z[0m [32m INFO[0m [1mnode[0m[1m{[0m[3mname[0m[2m=[0mk#99f25ef6..[1m}[0m[2m:[0m [2mconsensus_core::core[0m[2m:[0m [2mconsensus/core/src/core.rs[0m[2m:[0m[2m630:[0m Committing 1 leaders: B380(A,mOWM)
[2m2025-03-25T07:56:37.490302Z[0m [32m INFO[0m [1mnode[0m[1m{[0m[3mname[0m[2m=[0mk#8dcff6d1..[1m}[0m[2m:[0m [2mconsensus_core::core[0m[2m:[0m [2mconsensus/core/src/core.rs[0m[2m:[0m[2m630:[0m Committing 1 leaders: B380(A,mOWM)
[2m2025-03-25T07:56:37.490377Z[0m [32m INFO[0m [1mnode[0m[1m{[0m[3mname[0m[2m=[0mk#99f25ef6..[1m}[0m[2m:[0m [2mconsensus_core::commit_observer[0m[2m:[0m [2mconsensus/core/src/commit_observer.rs[0m[2m:[0m[2m173:[0m Consensus commit C369(CSTo) with leader B380(A,mOWM) has 3 blocks
[2m2025-03-25T07:56:37.490377Z[0m [32m INFO[0m [1mnode[0m[1m{[0m[3mname[0m[2m=[0mk#8dcff6d1..[1m}[0m[2m:[0m [2mconsensus_core::commit_observer[0m[2m:[0m [2mconsensus/core/src/commit_observer.rs[0m[2m:[0m[2m173:[0m Consensus commit C369(CSTo) with leader B380(A,mOWM) has 3 blocks
[2m2025-03-25T07:56:37.490468Z[0m [32m INFO[0m [1mnode[0m[1m{[0m[3mname[0m[2m=[0mk#99f25ef6..[1m}[0m[2m:[0m [2msui_core::consensus_handler[0m[2m:[0m [2mcrates/sui-core/src/consensus_handler.rs[0m[2m:[0m[2m232:[0m Received consensus output [3mconsensus_commit[0m[2m=[0mCommittedSubDag(leader=B380(A,mOWM), ref=C369(CSTo), blocks=[FzuK, Tk88, mOWM]) [3mepoch[0m[2m=[0m1
[2m2025-03-25T07:56:37.490468Z[0m [32m INFO[0m [1mnode[0m[1m{[0m[3mname[0m[2m=[0mk#8dcff6d1..[1m}[0m[2m:[0m [2msui_core::consensus_handler[0m[2m:[0m [2mcrates/sui-core/src/consensus_handler.rs[0m[2m:[0m[2m232:[0m Received consensus output [3mconsensus_commit[0m[2m=[0mCommittedSubDag(leader=B380(A,mOWM), ref=C369(CSTo), blocks=[FzuK, Tk88, mOWM]) [3mepoch[0m[2m=[0m1
[2m2025-03-25T07:56:37.492970Z[0m [32m INFO[0m [1mnode[0m[1m{[0m[3mname[0m[2m=[0mk#addeef94..[1m}[0m[2m:[0m [2mconsensus_core::core[0m[2m:[0m [2mconsensus/core/src/core.rs[0m[2m:[0m[2m630:[0m Committing 1 leaders: B380(A,mOWM)
[2m2025-03-25T07:56:37.493058Z[0m [32m INFO[0m [1mnode[0m[1m{[0m[3mname[0m[2m=[0mk#addeef94..[1m}[0m[2m:[0m [2mconsensus_core::commit_observer[0m[2m:[0m [2mconsensus/core/src/commit_observer.rs[0m[2m:[0m[2m173:[0m Consensus commit C369(CSTo) with leader B380(A,mOWM) has 3 blocks
[2m2025-03-25T07:56:37.493129Z[0m [32m INFO[0m [1mnode[0m[1m{[0m[3mname[0m[2m=[0mk#addeef94..[1m}[0m[2m:[0m [2msui_core::consensus_handler[0m[2m:[0m [2mcrates/sui-core/src/consensus_handler.rs[0m[2m:[0m[2m232:[0m Received consensus output [3mconsensus_commit[0m[2m=[0mCommittedSubDag(leader=B380(A,mOWM), ref=C369(CSTo), blocks=[FzuK, Tk88, mOWM]) [3mepoch[0m[2m=[0m1
[2m2025-03-25T07:56:37.536843Z[0m [32m INFO[0m [1mnode[0m[1m{[0m[3mname[0m[2m=[0mk#99f25ef6..[1m}[0m[2m:[0m [2msui_core::checkpoints[0m[2m:[0m [2mcrates/sui-core/src/checkpoints/mod.rs[0m[2m:[0m[2m1326:[0m Creating checkpoint(s) for 1 transactions [3mnext_checkpoint_seq[0m[2m=[0m582 [3mcheckpoint_timestamp[0m[2m=[0m1742889396978
[2m2025-03-25T07:56:37.536843Z[0m [32m INFO[0m [1mnode[0m[1m{[0m[3mname[0m[2m=[0mk#8dcff6d1..[1m}[0m[2m:[0m [2msui_core::checkpoints[0m[2m:[0m [2mcrates/sui-core/src/checkpoints/mod.rs[0m[2m:[0m[2m1326:[0m Creating checkpoint(s) for 1 transactions [3mnext_checkpoint_seq[0m[2m=[0m582 [3mcheckpoint_timestamp[0m[2m=[0m1742889396978
[2m2025-03-25T07:56:37.537069Z[0m [32m INFO[0m [1mnode[0m[1m{[0m[3mname[0m[2m=[0mk#99f25ef6..[1m}[0m[2m:[0m [2msui_core::checkpoints::checkpoint_output[0m[2m:[0m [2mcrates/sui-core/src/checkpoints/checkpoint_output.rs[0m[2m:[0m[2m149:[0m Creating checkpoint CheckpointDigest(BgEhKo7kQsMEiiFKVxvXeAvDGPyEC4jdCht2LJSrj6CF) at epoch 1, sequence 582, previous digest Some(CheckpointDigest(87Rk1PBQf5tBzkfdoXNTKDXV7Du9KEkzCbtJ3E4egWmF)), transactions count 1, content digest CheckpointContentsDigest(7FM9NWdhWqRG6qk1nubu4UUjmXLJJmmQZLN2ufzkE98P), end_of_epoch_data None
[2m2025-03-25T07:56:37.537069Z[0m [32m INFO[0m [1mnode[0m[1m{[0m[3mname[0m[2m=[0mk#8dcff6d1..[1m}[0m[2m:[0m [2msui_core::checkpoints::checkpoint_output[0m[2m:[0m [2mcrates/sui-core/src/checkpoints/checkpoint_output.rs[0m[2m:[0m[2m149:[0m Creating checkpoint CheckpointDigest(BgEhKo7kQsMEiiFKVxvXeAvDGPyEC4jdCht2LJSrj6CF) at epoch 1, sequence 582, previous digest Some(CheckpointDigest(87Rk1PBQf5tBzkfdoXNTKDXV7Du9KEkzCbtJ3E4egWmF)), transactions count 1, content digest CheckpointContentsDigest(7FM9NWdhWqRG6qk1nubu4UUjmXLJJmmQZLN2ufzkE98P), end_of_epoch_data None
[2m2025-03-25T07:56:37.537565Z[0m [32m INFO[0m [1mnode[0m[1m{[0m[3mname[0m[2m=[0mk#addeef94..[1m}[0m[2m:[0m [2msui_core::checkpoints[0m[2m:[0m [2mcrates/sui-core/src/checkpoints/mod.rs[0m[2m:[0m[2m1326:[0m Creating checkpoint(s) for 1 transactions [3mnext_checkpoint_seq[0m[2m=[0m582 [3mcheckpoint_timestamp[0m[2m=[0m1742889396978
[2m2025-03-25T07:56:37.537734Z[0m [32m INFO[0m [1mnode[0m[1m{[0m[3mname[0m[2m=[0mk#addeef94..[1m}[0m[2m:[0m [2msui_core::checkpoints::checkpoint_output[0m[2m:[0m [2mcrates/sui-core/src/checkpoints/checkpoint_output.rs[0m[2m:[0m[2m149:[0m Creating checkpoint CheckpointDigest(BgEhKo7kQsMEiiFKVxvXeAvDGPyEC4jdCht2LJSrj6CF) at epoch 1, sequence 582, previous digest Some(CheckpointDigest(87Rk1PBQf5tBzkfdoXNTKDXV7Du9KEkzCbtJ3E4egWmF)), transactions count 1, content digest CheckpointContentsDigest(7FM9NWdhWqRG6qk1nubu4UUjmXLJJmmQZLN2ufzkE98P), end_of_epoch_data None
[2m2025-03-25T07:56:37.540314Z[0m [32m INFO[0m [1mnode[0m[1m{[0m[3mname[0m[2m=[0mk#8dcff6d1..[1m}[0m[2m:[0m [2msui_core::checkpoints::checkpoint_output[0m[2m:[0m [2mcrates/sui-core/src/checkpoints/checkpoint_output.rs[0m[2m:[0m[2m196:[0m Certified checkpoint with sequence 581 and digest 87Rk1PBQf5tBzkfdoXNTKDXV7Du9KEkzCbtJ3E4egWmF
[2m2025-03-25T07:56:37.540408Z[0m [32m INFO[0m [1mnode[0m[1m{[0m[3mname[0m[2m=[0mk#99f25ef6..[1m}[0m[2m:[0m [2msui_core::checkpoints::checkpoint_output[0m[2m:[0m [2mcrates/sui-core/src/checkpoints/checkpoint_output.rs[0m[2m:[0m[2m196:[0m Certified checkpoint with sequence 581 and digest 87Rk1PBQf5tBzkfdoXNTKDXV7Du9KEkzCbtJ3E4egWmF
[2m2025-03-25T07:56:37.543638Z[0m [32m INFO[0m [1mnode[0m[1m{[0m[3mname[0m[2m=[0mk#99f25ef6..[1m}[0m[2m:[0m [2msui_core::checkpoints::checkpoint_executor[0m[2m:[0m [2mcrates/sui-core/src/checkpoints/checkpoint_executor/mod.rs[0m[2m:[0m[2m332:[0m Received checkpoint summary from state sync [3msequence_number[0m[2m=[0m581
[2m2025-03-25T07:56:37.543643Z[0m [32m INFO[0m [1mnode[0m[1m{[0m[3mname[0m[2m=[0mk#8dcff6d1..[1m}[0m[2m:[0m [2msui_core::checkpoints::checkpoint_executor[0m[2m:[0m [2mcrates/sui-core/src/checkpoints/checkpoint_executor/mod.rs[0m[2m:[0m[2m332:[0m Received checkpoint summary from state sync [3msequence_number[0m[2m=[0m581
[2m2025-03-25T07:56:37.562661Z[0m [32m INFO[0m [1mnode[0m[1m{[0m[3mname[0m[2m=[0mk#99f25ef6..[1m}[0m[2m:[0m [2msui_core::state_accumulator[0m[2m:[0m [2mcrates/sui-core/src/state_accumulator.rs[0m[2m:[0m[2m675:[0m accumulating running root for checkpoint 581
[2m2025-03-25T07:56:37.562665Z[0m [32m INFO[0m [1mnode[0m[1m{[0m[3mname[0m[2m=[0mk#8dcff6d1..[1m}[0m[2m:[0m [2msui_core::state_accumulator[0m[2m:[0m [2mcrates/sui-core/src/state_accumulator.rs[0m[2m:[0m[2m675:[0m accumulating running root for checkpoint 581
[2m2025-03-25T07:56:37.607416Z[0m [32m INFO[0m [1mnode[0m[1m{[0m[3mname[0m[2m=[0mk#addeef94..[1m}[0m[2m:[0m [2msui_core::checkpoints::checkpoint_executor[0m[2m:[0m [2mcrates/sui-core/src/checkpoints/checkpoint_executor/mod.rs[0m[2m:[0m[2m332:[0m Received checkpoint summary from state sync [3msequence_number[0m[2m=[0m581
[2m2025-03-25T07:56:37.608776Z[0m [32m INFO[0m [1mnode[0m[1m{[0m[3mname[0m[2m=[0mk#addeef94..[1m}[0m[2m:[0m [2msui_core::state_accumulator[0m[2m:[0m [2mcrates/sui-core/src/state_accumulator.rs[0m[2m:[0m[2m675:[0m accumulating running root for checkpoint 581
[2m2025-03-25T07:56:37.742848Z[0m [32m INFO[0m [1mnode[0m[1m{[0m[3mname[0m[2m=[0mk#8dcff6d1..[1m}[0m[2m:[0m [2mconsensus_core::core[0m[2m:[0m [2mconsensus/core/src/core.rs[0m[2m:[0m[2m945:[0m Included 3 ancestors & excluded 0 ancestors for proposal in round 383
[2m2025-03-25T07:56:37.742848Z[0m [32m INFO[0m [1mnode[0m[1m{[0m[3mname[0m[2m=[0mk#99f25ef6..[1m}[0m[2m:[0m [2mconsensus_core::core[0m[2m:[0m [2mconsensus/core/src/core.rs[0m[2m:[0m[2m945:[0m Included 3 ancestors & excluded 0 ancestors for proposal in round 383
[2m2025-03-25T07:56:37.743234Z[0m [32m INFO[0m [1mnode[0m[1m{[0m[3mname[0m[2m=[0mk#99f25ef6..[1m}[0m[2m:[0m [2mconsensus_core::core[0m[2m:[0m [2mconsensus/core/src/core.rs[0m[2m:[0m[2m531:[0m Created block B383(B,u6BE15fqDu5ldRPhpFiPdIudpXgrOGt8V8P/V+ehIQ4=)(1742889397743ms;[B382(B,/uBgd6BNJ4u+HnYweyb0ScP6PbLsH+VrmkuleZjr2iY=), B382(A,xsC+Z0MTKqzrS6c0oF3AqnEj9gn6H/HDF41zyhPYcxI=), B382(C,SSRkF0o2ydKzmbpm7sDLomZu7c1Mgd6PyM/BbODFldA=)];1t;1c) for round 383
[2m2025-03-25T07:56:37.743234Z[0m [32m INFO[0m [1mnode[0m[1m{[0m[3mname[0m[2m=[0mk#8dcff6d1..[1m}[0m[2m:[0m [2mconsensus_core::core[0m[2m:[0m [2mconsensus/core/src/core.rs[0m[2m:[0m[2m531:[0m Created block B383(A,gGMpD0z9iDkz4nyyFnqUnoZOKS67SfEa0aLHje3fn4c=)(1742889397743ms;[B382(A,xsC+Z0MTKqzrS6c0oF3AqnEj9gn6H/HDF41zyhPYcxI=), B382(B,/uBgd6BNJ4u+HnYweyb0ScP6PbLsH+VrmkuleZjr2iY=), B382(C,SSRkF0o2ydKzmbpm7sDLomZu7c1Mgd6PyM/BbODFldA=)];1t;1c) for round 383
[2m2025-03-25T07:56:37.746419Z[0m [32m INFO[0m [1mnode[0m[1m{[0m[3mname[0m[2m=[0mk#addeef94..[1m}[0m[2m:[0m [2mconsensus_core::core[0m[2m:[0m [2mconsensus/core/src/core.rs[0m[2m:[0m[2m945:[0m Included 3 ancestors & excluded 0 ancestors for proposal in round 383
[2m2025-03-25T07:56:37.746740Z[0m [32m INFO[0m [1mnode[0m[1m{[0m[3mname[0m[2m=[0mk#addeef94..[1m}[0m[2m:[0m [2mconsensus_core::core[0m[2m:[0m [2mconsensus/core/src/core.rs[0m[2m:[0m[2m531:[0m Created block B383(C,HrxCjCHaRjzvy+Rx8uFeBmOlmJ3UGCkGyBsWZpQri0k=)(1742889397746ms;[B382(C,SSRkF0o2ydKzmbpm7sDLomZu7c1Mgd6PyM/BbODFldA=), B382(A,xsC+Z0MTKqzrS6c0oF3AqnEj9gn6H/HDF41zyhPYcxI=), B382(B,/uBgd6BNJ4u+HnYweyb0ScP6PbLsH+VrmkuleZjr2iY=)];1t;1c) for round 383
[2m2025-03-25T07:56:37.746818Z[0m [32m INFO[0m [1mnode[0m[1m{[0m[3mname[0m[2m=[0mk#addeef94..[1m}[0m[2m:[0m [2mconsensus_core::core[0m[2m:[0m [2mconsensus/core/src/core.rs[0m[2m:[0m[2m630:[0m Committing 1 leaders: B381(B,QTSi)
[2m2025-03-25T07:56:37.746892Z[0m [32m INFO[0m [1mnode[0m[1m{[0m[3mname[0m[2m=[0mk#addeef94..[1m}[0m[2m:[0m [2mconsensus_core::commit_observer[0m[2m:[0m [2mconsensus/core/src/commit_observer.rs[0m[2m:[0m[2m173:[0m Consensus commit C370(pkR3) with leader B381(B,QTSi) has 3 blocks
[2m2025-03-25T07:56:37.747166Z[0m [32m INFO[0m [1mnode[0m[1m{[0m[3mname[0m[2m=[0mk#addeef94..[1m}[0m[2m:[0m [2msui_core::consensus_handler[0m[2m:[0m [2mcrates/sui-core/src/consensus_handler.rs[0m[2m:[0m[2m232:[0m Received consensus output [3mconsensus_commit[0m[2m=[0mCommittedSubDag(leader=B381(B,QTSi), ref=C370(pkR3), blocks=[sB34, cHhH, QTSi]) [3mepoch[0m[2m=[0m1
[2m2025-03-25T07:56:37.750360Z[0m [32m INFO[0m [1mnode[0m[1m{[0m[3mname[0m[2m=[0mk#99f25ef6..[1m}[0m[2m:[0m [2msui_core::checkpoints::checkpoint_output[0m[2m:[0m [2mcrates/sui-core/src/checkpoints/checkpoint_output.rs[0m[2m:[0m[2m196:[0m Certified checkpoint with sequence 582 and digest BgEhKo7kQsMEiiFKVxvXeAvDGPyEC4jdCht2LJSrj6CF
[2m2025-03-25T07:56:37.750362Z[0m [32m INFO[0m [1mnode[0m[1m{[0m[3mname[0m[2m=[0mk#8dcff6d1..[1m}[0m[2m:[0m [2msui_core::checkpoints::checkpoint_output[0m[2m:[0m [2mcrates/sui-core/src/checkpoints/checkpoint_output.rs[0m[2m:[0m[2m196:[0m Certified checkpoint with sequence 582 and digest BgEhKo7kQsMEiiFKVxvXeAvDGPyEC4jdCht2LJSrj6CF
[2m2025-03-25T07:56:37.750507Z[0m [32m INFO[0m [1mnode[0m[1m{[0m[3mname[0m[2m=[0mk#8dcff6d1..[1m}[0m[2m:[0m [2mconsensus_core::core[0m[2m:[0m [2mconsensus/core/src/core.rs[0m[2m:[0m[2m630:[0m Committing 1 leaders: B381(B,QTSi)
[2m2025-03-25T07:56:37.750507Z[0m [32m INFO[0m [1mnode[0m[1m{[0m[3mname[0m[2m=[0mk#99f25ef6..[1m}[0m[2m:[0m [2mconsensus_core::core[0m[2m:[0m [2mconsensus/core/src/core.rs[0m[2m:[0m[2m630:[0m Committing 1 leaders: B381(B,QTSi)
[2m2025-03-25T07:56:37.750621Z[0m [32m INFO[0m [1mnode[0m[1m{[0m[3mname[0m[2m=[0mk#8dcff6d1..[1m}[0m[2m:[0m [2mconsensus_core::commit_observer[0m[2m:[0m [2mconsensus/core/src/commit_observer.rs[0m[2m:[0m[2m173:[0m Consensus commit C370(pkR3) with leader B381(B,QTSi) has 3 blocks
[2m2025-03-25T07:56:37.750624Z[0m [32m INFO[0m [1mnode[0m[1m{[0m[3mname[0m[2m=[0mk#99f25ef6..[1m}[0m[2m:[0m [2mconsensus_core::commit_observer[0m[2m:[0m [2mconsensus/core/src/commit_observer.rs[0m[2m:[0m[2m173:[0m Consensus commit C370(pkR3) with leader B381(B,QTSi) has 3 blocks
[2m2025-03-25T07:56:37.751045Z[0m [32m INFO[0m [1mnode[0m[1m{[0m[3mname[0m[2m=[0mk#99f25ef6..[1m}[0m[2m:[0m [2msui_core::consensus_handler[0m[2m:[0m [2mcrates/sui-core/src/consensus_handler.rs[0m[2m:[0m[2m232:[0m Received consensus output [3mconsensus_commit[0m[2m=[0mCommittedSubDag(leader=B381(B,QTSi), ref=C370(pkR3), blocks=[sB34, cHhH, QTSi]) [3mepoch[0m[2m=[0m1
[2m2025-03-25T07:56:37.751045Z[0m [32m INFO[0m [1mnode[0m[1m{[0m[3mname[0m[2m=[0mk#8dcff6d1..[1m}[0m[2m:[0m [2msui_core::consensus_handler[0m[2m:[0m [2mcrates/sui-core/src/consensus_handler.rs[0m[2m:[0m[2m232:[0m Received consensus output [3mconsensus_commit[0m[2m=[0mCommittedSubDag(leader=B381(B,QTSi), ref=C370(pkR3), blocks=[sB34, cHhH, QTSi]) [3mepoch[0m[2m=[0m1
[2m2025-03-25T07:56:37.751647Z[0m [32m INFO[0m [1mnode[0m[1m{[0m[3mname[0m[2m=[0mk#99f25ef6..[1m}[0m[2m:[0m [2msui_core::checkpoints::checkpoint_executor[0m[2m:[0m [2mcrates/sui-core/src/checkpoints/checkpoint_executor/mod.rs[0m[2m:[0m[2m332:[0m Received checkpoint summary from state sync [3msequence_number[0m[2m=[0m582
[2m2025-03-25T07:56:37.751676Z[0m [32m INFO[0m [1mnode[0m[1m{[0m[3mname[0m[2m=[0mk#8dcff6d1..[1m}[0m[2m:[0m [2msui_core::checkpoints::checkpoint_executor[0m[2m:[0m [2mcrates/sui-core/src/checkpoints/checkpoint_executor/mod.rs[0m[2m:[0m[2m332:[0m Received checkpoint summary from state sync [3msequence_number[0m[2m=[0m582
[2m2025-03-25T07:56:37.753228Z[0m [32m INFO[0m [1mnode[0m[1m{[0m[3mname[0m[2m=[0mk#99f25ef6..[1m}[0m[2m:[0m [2msui_core::state_accumulator[0m[2m:[0m [2mcrates/sui-core/src/state_accumulator.rs[0m[2m:[0m[2m675:[0m accumulating running root for checkpoint 582
[2m2025-03-25T07:56:37.753229Z[0m [32m INFO[0m [1mnode[0m[1m{[0m[3mname[0m[2m=[0mk#8dcff6d1..[1m}[0m[2m:[0m [2msui_core::state_accumulator[0m[2m:[0m [2mcrates/sui-core/src/state_accumulator.rs[0m[2m:[0m[2m675:[0m accumulating running root for checkpoint 582
[2m2025-03-25T07:56:37.777339Z[0m [32m INFO[0m [1mnode[0m[1m{[0m[3mname[0m[2m=[0mk#addeef94..[1m}[0m[2m:[0m [2msui_core::checkpoints[0m[2m:[0m [2mcrates/sui-core/src/checkpoints/mod.rs[0m[2m:[0m[2m1326:[0m Creating checkpoint(s) for 2 transactions [3mnext_checkpoint_seq[0m[2m=[0m583 [3mcheckpoint_timestamp[0m[2m=[0m1742889397230
[2m2025-03-25T07:56:37.777679Z[0m [32m INFO[0m [1mnode[0m[1m{[0m[3mname[0m[2m=[0mk#addeef94..[1m}[0m[2m:[0m [2msui_core::checkpoints::checkpoint_output[0m[2m:[0m [2mcrates/sui-core/src/checkpoints/checkpoint_output.rs[0m[2m:[0m[2m149:[0m Creating checkpoint CheckpointDigest(9mUGpNsRJRvuMDUQyFVBoDhbUyvVDCwTR5LCHrY9TJME) at epoch 1, sequence 583, previous digest Some(CheckpointDigest(BgEhKo7kQsMEiiFKVxvXeAvDGPyEC4jdCht2LJSrj6CF)), transactions count 2, content digest CheckpointContentsDigest(5qN3X7R6YRK3g1cNz5X7eWaNgKiFHCvdQmzDayHgbqmA), end_of_epoch_data None
[2m2025-03-25T07:56:37.778766Z[0m [32m INFO[0m [1mnode[0m[1m{[0m[3mname[0m[2m=[0mk#8dcff6d1..[1m}[0m[2m:[0m [2msui_core::checkpoints[0m[2m:[0m [2mcrates/sui-core/src/checkpoints/mod.rs[0m[2m:[0m[2m1326:[0m Creating checkpoint(s) for 2 transactions [3mnext_checkpoint_seq[0m[2m=[0m583 [3mcheckpoint_timestamp[0m[2m=[0m1742889397230
[2m2025-03-25T07:56:37.779024Z[0m [32m INFO[0m [1mnode[0m[1m{[0m[3mname[0m[2m=[0mk#8dcff6d1..[1m}[0m[2m:[0m [2msui_core::checkpoints::checkpoint_output[0m[2m:[0m [2mcrates/sui-core/src/checkpoints/checkpoint_output.rs[0m[2m:[0m[2m149:[0m Creating checkpoint CheckpointDigest(9mUGpNsRJRvuMDUQyFVBoDhbUyvVDCwTR5LCHrY9TJME) at epoch 1, sequence 583, previous digest Some(CheckpointDigest(BgEhKo7kQsMEiiFKVxvXeAvDGPyEC4jdCht2LJSrj6CF)), transactions count 2, content digest CheckpointContentsDigest(5qN3X7R6YRK3g1cNz5X7eWaNgKiFHCvdQmzDayHgbqmA), end_of_epoch_data None
[2m2025-03-25T07:56:37.779248Z[0m [32m INFO[0m [1mnode[0m[1m{[0m[3mname[0m[2m=[0mk#99f25ef6..[1m}[0m[2m:[0m [2msui_core::checkpoints[0m[2m:[0m [2mcrates/sui-core/src/checkpoints/mod.rs[0m[2m:[0m[2m1326:[0m Creating checkpoint(s) for 2 transactions [3mnext_checkpoint_seq[0m[2m=[0m583 [3mcheckpoint_timestamp[0m[2m=[0m1742889397230
[2m2025-03-25T07:56:37.779495Z[0m [32m INFO[0m [1mnode[0m[1m{[0m[3mname[0m[2m=[0mk#99f25ef6..[1m}[0m[2m:[0m [2msui_core::checkpoints::checkpoint_output[0m[2m:[0m [2mcrates/sui-core/src/checkpoints/checkpoint_output.rs[0m[2m:[0m[2m149:[0m Creating checkpoint CheckpointDigest(9mUGpNsRJRvuMDUQyFVBoDhbUyvVDCwTR5LCHrY9TJME) at epoch 1, sequence 583, previous digest Some(CheckpointDigest(BgEhKo7kQsMEiiFKVxvXeAvDGPyEC4jdCht2LJSrj6CF)), transactions count 2, content digest CheckpointContentsDigest(5qN3X7R6YRK3g1cNz5X7eWaNgKiFHCvdQmzDayHgbqmA), end_of_epoch_data None
[2m2025-03-25T07:56:37.780701Z[0m [32m INFO[0m [1mnode[0m[1m{[0m[3mname[0m[2m=[0mk#addeef94..[1m}[0m[2m:[0m [2msui_core::checkpoints::checkpoint_executor[0m[2m:[0m [2mcrates/sui-core/src/checkpoints/checkpoint_executor/mod.rs[0m[2m:[0m[2m332:[0m Received checkpoint summary from state sync [3msequence_number[0m[2m=[0m582
[2m2025-03-25T07:56:37.781614Z[0m [32m INFO[0m [1mnode[0m[1m{[0m[3mname[0m[2m=[0mk#addeef94..[1m}[0m[2m:[0m [2msui_core::state_accumulator[0m[2m:[0m [2mcrates/sui-core/src/state_accumulator.rs[0m[2m:[0m[2m675:[0m accumulating running root for checkpoint 582
[2m2025-03-25T07:56:38.000067Z[0m [32m INFO[0m [1mnode[0m[1m{[0m[3mname[0m[2m=[0mk#addeef94..[1m}[0m[2m:[0m [2mconsensus_core::core[0m[2m:[0m [2mconsensus/core/src/core.rs[0m[2m:[0m[2m945:[0m Included 3 ancestors & excluded 0 ancestors for proposal in round 384
[2m2025-03-25T07:56:38.000498Z[0m [32m INFO[0m [1mnode[0m[1m{[0m[3mname[0m[2m=[0mk#addeef94..[1m}[0m[2m:[0m [2mconsensus_core::core[0m[2m:[0m [2mconsensus/core/src/core.rs[0m[2m:[0m[2m531:[0m Created block B384(C,5VKxPgR0nBMW56Yf9Mz/kG0Zr37bJtRHlbUOGmLUeOI=)(1742889398000ms;[B383(C,HrxCjCHaRjzvy+Rx8uFeBmOlmJ3UGCkGyBsWZpQri0k=), B383(A,gGMpD0z9iDkz4nyyFnqUnoZOKS67SfEa0aLHje3fn4c=), B383(B,u6BE15fqDu5ldRPhpFiPdIudpXgrOGt8V8P/V+ehIQ4=)];1t;1c) for round 384
[2m2025-03-25T07:56:38.002539Z[0m [32m INFO[0m [1mnode[0m[1m{[0m[3mname[0m[2m=[0mk#8dcff6d1..[1m}[0m[2m:[0m [2mconsensus_core::core[0m[2m:[0m [2mconsensus/core/src/core.rs[0m[2m:[0m[2m945:[0m Included 3 ancestors & excluded 0 ancestors for proposal in round 384
[2m2025-03-25T07:56:38.002540Z[0m [32m INFO[0m [1mnode[0m[1m{[0m[3mname[0m[2m=[0mk#99f25ef6..[1m}[0m[2m:[0m [2mconsensus_core::core[0m[2m:[0m [2mconsensus/core/src/core.rs[0m[2m:[0m[2m945:[0m Included 3 ancestors & excluded 0 ancestors for proposal in round 384
[2m2025-03-25T07:56:38.002837Z[0m [32m INFO[0m [1mnode[0m[1m{[0m[3mname[0m[2m=[0mk#8dcff6d1..[1m}[0m[2m:[0m [2mconsensus_core::core[0m[2m:[0m [2mconsensus/core/src/core.rs[0m[2m:[0m[2m531:[0m Created block B384(A,W/6fpGieNZu313NOLFwysWNEL+uPCMK8tzXbjD1HqdY=)(1742889398002ms;[B383(A,gGMpD0z9iDkz4nyyFnqUnoZOKS67SfEa0aLHje3fn4c=), B383(B,u6BE15fqDu5ldRPhpFiPdIudpXgrOGt8V8P/V+ehIQ4=), B383(C,HrxCjCHaRjzvy+Rx8uFeBmOlmJ3UGCkGyBsWZpQri0k=)];1t;1c) for round 384
[2m2025-03-25T07:56:38.002838Z[0m [32m INFO[0m [1mnode[0m[1m{[0m[3mname[0m[2m=[0mk#99f25ef6..[1m}[0m[2m:[0m [2mconsensus_core::core[0m[2m:[0m [2mconsensus/core/src/core.rs[0m[2m:[0m[2m531:[0m Created block B384(B,or0hZOtHwf3roRttuMQQSsoCxFTAHWXdg1VdxxT6Ca8=)(1742889398002ms;[B383(B,u6BE15fqDu5ldRPhpFiPdIudpXgrOGt8V8P/V+ehIQ4=), B383(A,gGMpD0z9iDkz4nyyFnqUnoZOKS67SfEa0aLHje3fn4c=), B383(C,HrxCjCHaRjzvy+Rx8uFeBmOlmJ3UGCkGyBsWZpQri0k=)];1t;1c) for round 384
[2m2025-03-25T07:56:38.002910Z[0m [32m INFO[0m [1mnode[0m[1m{[0m[3mname[0m[2m=[0mk#8dcff6d1..[1m}[0m[2m:[0m [2mconsensus_core::core[0m[2m:[0m [2mconsensus/core/src/core.rs[0m[2m:[0m[2m630:[0m Committing 1 leaders: B382(A,xsC+)
[2m2025-03-25T07:56:38.002910Z[0m [32m INFO[0m [1mnode[0m[1m{[0m[3mname[0m[2m=[0mk#99f25ef6..[1m}[0m[2m:[0m [2mconsensus_core::core[0m[2m:[0m [2mconsensus/core/src/core.rs[0m[2m:[0m[2m630:[0m Committing 1 leaders: B382(A,xsC+)
[2m2025-03-25T07:56:38.002982Z[0m [32m INFO[0m [1mnode[0m[1m{[0m[3mname[0m[2m=[0mk#8dcff6d1..[1m}[0m[2m:[0m [2mconsensus_core::commit_observer[0m[2m:[0m [2mconsensus/core/src/commit_observer.rs[0m[2m:[0m[2m173:[0m Consensus commit C371(Ak30) with leader B382(A,xsC+) has 3 blocks
[2m2025-03-25T07:56:38.002984Z[0m [32m INFO[0m [1mnode[0m[1m{[0m[3mname[0m[2m=[0mk#99f25ef6..[1m}[0m[2m:[0m [2mconsensus_core::commit_observer[0m[2m:[0m [2mconsensus/core/src/commit_observer.rs[0m[2m:[0m[2m173:[0m Consensus commit C371(Ak30) with leader B382(A,xsC+) has 3 blocks
[2m2025-03-25T07:56:38.003083Z[0m [32m INFO[0m [1mnode[0m[1m{[0m[3mname[0m[2m=[0mk#8dcff6d1..[1m}[0m[2m:[0m [2msui_core::consensus_handler[0m[2m:[0m [2mcrates/sui-core/src/consensus_handler.rs[0m[2m:[0m[2m232:[0m Received consensus output [3mconsensus_commit[0m[2m=[0mCommittedSubDag(leader=B382(A,xsC+), ref=C371(Ak30), blocks=[DCGa, 1nH2, xsC+]) [3mepoch[0m[2m=[0m1
[2m2025-03-25T07:56:38.003083Z[0m [32m INFO[0m [1mnode[0m[1m{[0m[3mname[0m[2m=[0mk#99f25ef6..[1m}[0m[2m:[0m [2msui_core::consensus_handler[0m[2m:[0m [2mcrates/sui-core/src/consensus_handler.rs[0m[2m:[0m[2m232:[0m Received consensus output [3mconsensus_commit[0m[2m=[0mCommittedSubDag(leader=B382(A,xsC+), ref=C371(Ak30), blocks=[DCGa, 1nH2, xsC+]) [3mepoch[0m[2m=[0m1
[2m2025-03-25T07:56:38.005561Z[0m [32m INFO[0m [1mnode[0m[1m{[0m[3mname[0m[2m=[0mk#addeef94..[1m}[0m[2m:[0m [2mconsensus_core::core[0m[2m:[0m [2mconsensus/core/src/core.rs[0m[2m:[0m[2m630:[0m Committing 1 leaders: B382(A,xsC+)
[2m2025-03-25T07:56:38.005657Z[0m [32m INFO[0m [1mnode[0m[1m{[0m[3mname[0m[2m=[0mk#addeef94..[1m}[0m[2m:[0m [2mconsensus_core::commit_observer[0m[2m:[0m [2mconsensus/core/src/commit_observer.rs[0m[2m:[0m[2m173:[0m Consensus commit C371(Ak30) with leader B382(A,xsC+) has 3 blocks
[2m2025-03-25T07:56:38.005731Z[0m [32m INFO[0m [1mnode[0m[1m{[0m[3mname[0m[2m=[0mk#addeef94..[1m}[0m[2m:[0m [2msui_core::consensus_handler[0m[2m:[0m [2mcrates/sui-core/src/consensus_handler.rs[0m[2m:[0m[2m232:[0m Received consensus output [3mconsensus_commit[0m[2m=[0mCommittedSubDag(leader=B382(A,xsC+), ref=C371(Ak30), blocks=[DCGa, 1nH2, xsC+]) [3mepoch[0m[2m=[0m1
[2m2025-03-25T07:56:38.048867Z[0m [32m INFO[0m [1mnode[0m[1m{[0m[3mname[0m[2m=[0mk#8dcff6d1..[1m}[0m[2m:[0m [2msui_core::checkpoints[0m[2m:[0m [2mcrates/sui-core/src/checkpoints/mod.rs[0m[2m:[0m[2m1326:[0m Creating checkpoint(s) for 1 transactions [3mnext_checkpoint_seq[0m[2m=[0m584 [3mcheckpoint_timestamp[0m[2m=[0m1742889397490
[2m2025-03-25T07:56:38.049108Z[0m [32m INFO[0m [1mnode[0m[1m{[0m[3mname[0m[2m=[0mk#99f25ef6..[1m}[0m[2m:[0m [2msui_core::checkpoints[0m[2m:[0m [2mcrates/sui-core/src/checkpoints/mod.rs[0m[2m:[0m[2m1326:[0m Creating checkpoint(s) for 1 transactions [3mnext_checkpoint_seq[0m[2m=[0m584 [3mcheckpoint_timestamp[0m[2m=[0m1742889397490
[2m2025-03-25T07:56:38.049110Z[0m [32m INFO[0m [1mnode[0m[1m{[0m[3mname[0m[2m=[0mk#8dcff6d1..[1m}[0m[2m:[0m [2msui_core::checkpoints::checkpoint_output[0m[2m:[0m [2mcrates/sui-core/src/checkpoints/checkpoint_output.rs[0m[2m:[0m[2m149:[0m Creating checkpoint CheckpointDigest(BZKHUgXgTYsNQHNERus8TRByfPwc75LKvNhNPbH98MmM) at epoch 1, sequence 584, previous digest Some(CheckpointDigest(9mUGpNsRJRvuMDUQyFVBoDhbUyvVDCwTR5LCHrY9TJME)), transactions count 1, content digest CheckpointContentsDigest(BwNYzKP7oq2Go2xuiwVVaGcHR8RauNf4aAKWaSw5eytP), end_of_epoch_data None
[2m2025-03-25T07:56:38.049287Z[0m [32m INFO[0m [1mnode[0m[1m{[0m[3mname[0m[2m=[0mk#99f25ef6..[1m}[0m[2m:[0m [2msui_core::checkpoints::checkpoint_output[0m[2m:[0m [2mcrates/sui-core/src/checkpoints/checkpoint_output.rs[0m[2m:[0m[2m149:[0m Creating checkpoint CheckpointDigest(BZKHUgXgTYsNQHNERus8TRByfPwc75LKvNhNPbH98MmM) at epoch 1, sequence 584, previous digest Some(CheckpointDigest(9mUGpNsRJRvuMDUQyFVBoDhbUyvVDCwTR5LCHrY9TJME)), transactions count 1, content digest CheckpointContentsDigest(BwNYzKP7oq2Go2xuiwVVaGcHR8RauNf4aAKWaSw5eytP), end_of_epoch_data None
[2m2025-03-25T07:56:38.050173Z[0m [32m INFO[0m [1mnode[0m[1m{[0m[3mname[0m[2m=[0mk#addeef94..[1m}[0m[2m:[0m [2msui_core::checkpoints[0m[2m:[0m [2mcrates/sui-core/src/checkpoints/mod.rs[0m[2m:[0m[2m1326:[0m Creating checkpoint(s) for 1 transactions [3mnext_checkpoint_seq[0m[2m=[0m584 [3mcheckpoint_timestamp[0m[2m=[0m1742889397490
[2m2025-03-25T07:56:38.050344Z[0m [32m INFO[0m [1mnode[0m[1m{[0m[3mname[0m[2m=[0mk#addeef94..[1m}[0m[2m:[0m [2msui_core::checkpoints::checkpoint_output[0m[2m:[0m [2mcrates/sui-core/src/checkpoints/checkpoint_output.rs[0m[2m:[0m[2m149:[0m Creating checkpoint CheckpointDigest(BZKHUgXgTYsNQHNERus8TRByfPwc75LKvNhNPbH98MmM) at epoch 1, sequence 584, previous digest Some(CheckpointDigest(9mUGpNsRJRvuMDUQyFVBoDhbUyvVDCwTR5LCHrY9TJME)), transactions count 1, content digest CheckpointContentsDigest(BwNYzKP7oq2Go2xuiwVVaGcHR8RauNf4aAKWaSw5eytP), end_of_epoch_data None
[2m2025-03-25T07:56:38.052757Z[0m [32m INFO[0m [1mnode[0m[1m{[0m[3mname[0m[2m=[0mk#8dcff6d1..[1m}[0m[2m:[0m [2msui_core::checkpoints::checkpoint_output[0m[2m:[0m [2mcrates/sui-core/src/checkpoints/checkpoint_output.rs[0m[2m:[0m[2m196:[0m Certified checkpoint with sequence 583 and digest 9mUGpNsRJRvuMDUQyFVBoDhbUyvVDCwTR5LCHrY9TJME
[2m2025-03-25T07:56:38.052876Z[0m [32m INFO[0m [1mnode[0m[1m{[0m[3mname[0m[2m=[0mk#99f25ef6..[1m}[0m[2m:[0m [2msui_core::checkpoints::checkpoint_output[0m[2m:[0m [2mcrates/sui-core/src/checkpoints/checkpoint_output.rs[0m[2m:[0m[2m196:[0m Certified checkpoint with sequence 583 and digest 9mUGpNsRJRvuMDUQyFVBoDhbUyvVDCwTR5LCHrY9TJME
[2m2025-03-25T07:56:38.055849Z[0m [32m INFO[0m [1mnode[0m[1m{[0m[3mname[0m[2m=[0mk#8dcff6d1..[1m}[0m[2m:[0m [2msui_core::checkpoints::checkpoint_executor[0m[2m:[0m [2mcrates/sui-core/src/checkpoints/checkpoint_executor/mod.rs[0m[2m:[0m[2m332:[0m Received checkpoint summary from state sync [3msequence_number[0m[2m=[0m583
[2m2025-03-25T07:56:38.055977Z[0m [32m INFO[0m [1mnode[0m[1m{[0m[3mname[0m[2m=[0mk#99f25ef6..[1m}[0m[2m:[0m [2msui_core::checkpoints::checkpoint_executor[0m[2m:[0m [2mcrates/sui-core/src/checkpoints/checkpoint_executor/mod.rs[0m[2m:[0m[2m332:[0m Received checkpoint summary from state sync [3msequence_number[0m[2m=[0m583
[2m2025-03-25T07:56:38.074248Z[0m [32m INFO[0m [1mnode[0m[1m{[0m[3mname[0m[2m=[0mk#8dcff6d1..[1m}[0m[2m:[0m [2msui_core::state_accumulator[0m[2m:[0m [2mcrates/sui-core/src/state_accumulator.rs[0m[2m:[0m[2m675:[0m accumulating running root for checkpoint 583
[2m2025-03-25T07:56:38.074334Z[0m [32m INFO[0m [1mnode[0m[1m{[0m[3mname[0m[2m=[0mk#99f25ef6..[1m}[0m[2m:[0m [2msui_core::state_accumulator[0m[2m:[0m [2mcrates/sui-core/src/state_accumulator.rs[0m[2m:[0m[2m675:[0m accumulating running root for checkpoint 583
[2m2025-03-25T07:56:38.118516Z[0m [32m INFO[0m [1mnode[0m[1m{[0m[3mname[0m[2m=[0mk#addeef94..[1m}[0m[2m:[0m [2msui_core::checkpoints::checkpoint_executor[0m[2m:[0m [2mcrates/sui-core/src/checkpoints/checkpoint_executor/mod.rs[0m[2m:[0m[2m332:[0m Received checkpoint summary from state sync [3msequence_number[0m[2m=[0m583
[2m2025-03-25T07:56:38.119840Z[0m [32m INFO[0m [1mnode[0m[1m{[0m[3mname[0m[2m=[0mk#addeef94..[1m}[0m[2m:[0m [2msui_core::state_accumulator[0m[2m:[0m [2mcrates/sui-core/src/state_accumulator.rs[0m[2m:[0m[2m675:[0m accumulating running root for checkpoint 583
[2m2025-03-25T07:56:38.254884Z[0m [32m INFO[0m [1mnode[0m[1m{[0m[3mname[0m[2m=[0mk#8dcff6d1..[1m}[0m[2m:[0m [2mconsensus_core::core[0m[2m:[0m [2mconsensus/core/src/core.rs[0m[2m:[0m[2m945:[0m Included 3 ancestors & excluded 0 ancestors for proposal in round 385
[2m2025-03-25T07:56:38.255252Z[0m [32m INFO[0m [1mnode[0m[1m{[0m[3mname[0m[2m=[0mk#8dcff6d1..[1m}[0m[2m:[0m [2mconsensus_core::core[0m[2m:[0m [2mconsensus/core/src/core.rs[0m[2m:[0m[2m531:[0m Created block B385(A,OuPoKX/5y6YhqZdoaimQ4IdiWORgwFkLkbSGk+yNSjU=)(1742889398255ms;[B384(A,W/6fpGieNZu313NOLFwysWNEL+uPCMK8tzXbjD1HqdY=), B384(B,or0hZOtHwf3roRttuMQQSsoCxFTAHWXdg1VdxxT6Ca8=), B384(C,5VKxPgR0nBMW56Yf9Mz/kG0Zr37bJtRHlbUOGmLUeOI=)];1t;1c) for round 385
[2m2025-03-25T07:56:38.255284Z[0m [32m INFO[0m [1mnode[0m[1m{[0m[3mname[0m[2m=[0mk#99f25ef6..[1m}[0m[2m:[0m [2mconsensus_core::core[0m[2m:[0m [2mconsensus/core/src/core.rs[0m[2m:[0m[2m945:[0m Included 3 ancestors & excluded 0 ancestors for proposal in round 385
[2m2025-03-25T07:56:38.255596Z[0m [32m INFO[0m [1mnode[0m[1m{[0m[3mname[0m[2m=[0mk#99f25ef6..[1m}[0m[2m:[0m [2mconsensus_core::core[0m[2m:[0m [2mconsensus/core/src/core.rs[0m[2m:[0m[2m531:[0m Created block B385(B,7UpfLaqSYVtnrhSCrxUNzfaRXdJb6U/ztZw1vzOgyy0=)(1742889398255ms;[B384(B,or0hZOtHwf3roRttuMQQSsoCxFTAHWXdg1VdxxT6Ca8=), B384(A,W/6fpGieNZu313NOLFwysWNEL+uPCMK8tzXbjD1HqdY=), B384(C,5VKxPgR0nBMW56Yf9Mz/kG0Zr37bJtRHlbUOGmLUeOI=)];1t;1c) for round 385
[2m2025-03-25T07:56:38.258416Z[0m [32m INFO[0m [1mnode[0m[1m{[0m[3mname[0m[2m=[0mk#addeef94..[1m}[0m[2m:[0m [2mconsensus_core::core[0m[2m:[0m [2mconsensus/core/src/core.rs[0m[2m:[0m[2m945:[0m Included 3 ancestors & excluded 0 ancestors for proposal in round 385
[2m2025-03-25T07:56:38.258710Z[0m [32m INFO[0m [1mnode[0m[1m{[0m[3mname[0m[2m=[0mk#addeef94..[1m}[0m[2m:[0m [2mconsensus_core::core[0m[2m:[0m [2mconsensus/core/src/core.rs[0m[2m:[0m[2m531:[0m Created block B385(C,tX75V4XHHOZKt9DTSX/y3MUMEuejm8oAyedaLEII2nI=)(1742889398258ms;[B384(C,5VKxPgR0nBMW56Yf9Mz/kG0Zr37bJtRHlbUOGmLUeOI=), B384(A,W/6fpGieNZu313NOLFwysWNEL+uPCMK8tzXbjD1HqdY=), B384(B,or0hZOtHwf3roRttuMQQSsoCxFTAHWXdg1VdxxT6Ca8=)];1t;1c) for round 385
[2m2025-03-25T07:56:38.258778Z[0m [32m INFO[0m [1mnode[0m[1m{[0m[3mname[0m[2m=[0mk#addeef94..[1m}[0m[2m:[0m [2mconsensus_core::core[0m[2m:[0m [2mconsensus/core/src/core.rs[0m[2m:[0m[2m630:[0m Committing 1 leaders: B383(C,HrxC)
[2m2025-03-25T07:56:38.258846Z[0m [32m INFO[0m [1mnode[0m[1m{[0m[3mname[0m[2m=[0mk#addeef94..[1m}[0m[2m:[0m [2mconsensus_core::commit_observer[0m[2m:[0m [2mconsensus/core/src/commit_observer.rs[0m[2m:[0m[2m173:[0m Consensus commit C372(t93g) with leader B383(C,HrxC) has 3 blocks
[2m2025-03-25T07:56:38.259082Z[0m [32m INFO[0m [1mnode[0m[1m{[0m[3mname[0m[2m=[0mk#addeef94..[1m}[0m[2m:[0m [2msui_core::consensus_handler[0m[2m:[0m [2mcrates/sui-core/src/consensus_handler.rs[0m[2m:[0m[2m232:[0m Received consensus output [3mconsensus_commit[0m[2m=[0mCommittedSubDag(leader=B383(C,HrxC), ref=C372(t93g), blocks=[/uBg, SSRk, HrxC]) [3mepoch[0m[2m=[0m1
[2m2025-03-25T07:56:38.262104Z[0m [32m INFO[0m [1mnode[0m[1m{[0m[3mname[0m[2m=[0mk#99f25ef6..[1m}[0m[2m:[0m [2msui_core::checkpoints::checkpoint_output[0m[2m:[0m [2mcrates/sui-core/src/checkpoints/checkpoint_output.rs[0m[2m:[0m[2m196:[0m Certified checkpoint with sequence 584 and digest BZKHUgXgTYsNQHNERus8TRByfPwc75LKvNhNPbH98MmM
[2m2025-03-25T07:56:38.262107Z[0m [32m INFO[0m [1mnode[0m[1m{[0m[3mname[0m[2m=[0mk#8dcff6d1..[1m}[0m[2m:[0m [2msui_core::checkpoints::checkpoint_output[0m[2m:[0m [2mcrates/sui-core/src/checkpoints/checkpoint_output.rs[0m[2m:[0m[2m196:[0m Certified checkpoint with sequence 584 and digest BZKHUgXgTYsNQHNERus8TRByfPwc75LKvNhNPbH98MmM
[2m2025-03-25T07:56:38.262216Z[0m [32m INFO[0m [1mnode[0m[1m{[0m[3mname[0m[2m=[0mk#8dcff6d1..[1m}[0m[2m:[0m [2mconsensus_core::core[0m[2m:[0m [2mconsensus/core/src/core.rs[0m[2m:[0m[2m630:[0m Committing 1 leaders: B383(C,HrxC)
[2m2025-03-25T07:56:38.262216Z[0m [32m INFO[0m [1mnode[0m[1m{[0m[3mname[0m[2m=[0mk#99f25ef6..[1m}[0m[2m:[0m [2mconsensus_core::core[0m[2m:[0m [2mconsensus/core/src/core.rs[0m[2m:[0m[2m630:[0m Committing 1 leaders: B383(C,HrxC)
[2m2025-03-25T07:56:38.262317Z[0m [32m INFO[0m [1mnode[0m[1m{[0m[3mname[0m[2m=[0mk#8dcff6d1..[1m}[0m[2m:[0m [2mconsensus_core::commit_observer[0m[2m:[0m [2mconsensus/core/src/commit_observer.rs[0m[2m:[0m[2m173:[0m Consensus commit C372(t93g) with leader B383(C,HrxC) has 3 blocks
[2m2025-03-25T07:56:38.262321Z[0m [32m INFO[0m [1mnode[0m[1m{[0m[3mname[0m[2m=[0mk#99f25ef6..[1m}[0m[2m:[0m [2mconsensus_core::commit_observer[0m[2m:[0m [2mconsensus/core/src/commit_observer.rs[0m[2m:[0m[2m173:[0m Consensus commit C372(t93g) with leader B383(C,HrxC) has 3 blocks
[2m2025-03-25T07:56:38.262724Z[0m [32m INFO[0m [1mnode[0m[1m{[0m[3mname[0m[2m=[0mk#8dcff6d1..[1m}[0m[2m:[0m [2msui_core::consensus_handler[0m[2m:[0m [2mcrates/sui-core/src/consensus_handler.rs[0m[2m:[0m[2m232:[0m Received consensus output [3mconsensus_commit[0m[2m=[0mCommittedSubDag(leader=B383(C,HrxC), ref=C372(t93g), blocks=[/uBg, SSRk, HrxC]) [3mepoch[0m[2m=[0m1
[2m2025-03-25T07:56:38.262724Z[0m [32m INFO[0m [1mnode[0m[1m{[0m[3mname[0m[2m=[0mk#99f25ef6..[1m}[0m[2m:[0m [2msui_core::consensus_handler[0m[2m:[0m [2mcrates/sui-core/src/consensus_handler.rs[0m[2m:[0m[2m232:[0m Received consensus output [3mconsensus_commit[0m[2m=[0mCommittedSubDag(leader=B383(C,HrxC), ref=C372(t93g), blocks=[/uBg, SSRk, HrxC]) [3mepoch[0m[2m=[0m1
[2m2025-03-25T07:56:38.263280Z[0m [32m INFO[0m [1mnode[0m[1m{[0m[3mname[0m[2m=[0mk#99f25ef6..[1m}[0m[2m:[0m [2msui_core::checkpoints::checkpoint_executor[0m[2m:[0m [2mcrates/sui-core/src/checkpoints/checkpoint_executor/mod.rs[0m[2m:[0m[2m332:[0m Received checkpoint summary from state sync [3msequence_number[0m[2m=[0m584
[2m2025-03-25T07:56:38.263280Z[0m [32m INFO[0m [1mnode[0m[1m{[0m[3mname[0m[2m=[0mk#8dcff6d1..[1m}[0m[2m:[0m [2msui_core::checkpoints::checkpoint_executor[0m[2m:[0m [2mcrates/sui-core/src/checkpoints/checkpoint_executor/mod.rs[0m[2m:[0m[2m332:[0m Received checkpoint summary from state sync [3msequence_number[0m[2m=[0m584
[2m2025-03-25T07:56:38.264777Z[0m [32m INFO[0m [1mnode[0m[1m{[0m[3mname[0m[2m=[0mk#99f25ef6..[1m}[0m[2m:[0m [2msui_core::state_accumulator[0m[2m:[0m [2mcrates/sui-core/src/state_accumulator.rs[0m[2m:[0m[2m675:[0m accumulating running root for checkpoint 584
[2m2025-03-25T07:56:38.264777Z[0m [32m INFO[0m [1mnode[0m[1m{[0m[3mname[0m[2m=[0mk#8dcff6d1..[1m}[0m[2m:[0m [2msui_core::state_accumulator[0m[2m:[0m [2mcrates/sui-core/src/state_accumulator.rs[0m[2m:[0m[2m675:[0m accumulating running root for checkpoint 584
[2m2025-03-25T07:56:38.285746Z[0m [32m INFO[0m [1mnode[0m[1m{[0m[3mname[0m[2m=[0mk#addeef94..[1m}[0m[2m:[0m [2msui_core::checkpoints[0m[2m:[0m [2mcrates/sui-core/src/checkpoints/mod.rs[0m[2m:[0m[2m1326:[0m Creating checkpoint(s) for 2 transactions [3mnext_checkpoint_seq[0m[2m=[0m585 [3mcheckpoint_timestamp[0m[2m=[0m1742889397746
[2m2025-03-25T07:56:38.286047Z[0m [32m INFO[0m [1mnode[0m[1m{[0m[3mname[0m[2m=[0mk#addeef94..[1m}[0m[2m:[0m [2msui_core::checkpoints::checkpoint_output[0m[2m:[0m [2mcrates/sui-core/src/checkpoints/checkpoint_output.rs[0m[2m:[0m[2m149:[0m Creating checkpoint CheckpointDigest(BxBsrYE3KPjJEYrvHZLu5c8DDYTLoLrHnFPtAbP5rGqW) at epoch 1, sequence 585, previous digest Some(CheckpointDigest(BZKHUgXgTYsNQHNERus8TRByfPwc75LKvNhNPbH98MmM)), transactions count 2, content digest CheckpointContentsDigest(7inCnb2nNyDmpMAjrWZhinwDGY79CDDcVeWwBbYzhXAt), end_of_epoch_data None
[2m2025-03-25T07:56:38.288688Z[0m [32m INFO[0m [1mnode[0m[1m{[0m[3mname[0m[2m=[0mk#addeef94..[1m}[0m[2m:[0m [2msui_core::checkpoints::checkpoint_executor[0m[2m:[0m [2mcrates/sui-core/src/checkpoints/checkpoint_executor/mod.rs[0m[2m:[0m[2m332:[0m Received checkpoint summary from state sync [3msequence_number[0m[2m=[0m584
[2m2025-03-25T07:56:38.289472Z[0m [32m INFO[0m [1mnode[0m[1m{[0m[3mname[0m[2m=[0mk#addeef94..[1m}[0m[2m:[0m [2msui_core::state_accumulator[0m[2m:[0m [2mcrates/sui-core/src/state_accumulator.rs[0m[2m:[0m[2m675:[0m accumulating running root for checkpoint 584
[2m2025-03-25T07:56:38.290366Z[0m [32m INFO[0m [1mnode[0m[1m{[0m[3mname[0m[2m=[0mk#99f25ef6..[1m}[0m[2m:[0m [2msui_core::checkpoints[0m[2m:[0m [2mcrates/sui-core/src/checkpoints/mod.rs[0m[2m:[0m[2m1326:[0m Creating checkpoint(s) for 2 transactions [3mnext_checkpoint_seq[0m[2m=[0m585 [3mcheckpoint_timestamp[0m[2m=[0m1742889397746
[2m2025-03-25T07:56:38.290368Z[0m [32m INFO[0m [1mnode[0m[1m{[0m[3mname[0m[2m=[0mk#8dcff6d1..[1m}[0m[2m:[0m [2msui_core::checkpoints[0m[2m:[0m [2mcrates/sui-core/src/checkpoints/mod.rs[0m[2m:[0m[2m1326:[0m Creating checkpoint(s) for 2 transactions [3mnext_checkpoint_seq[0m[2m=[0m585 [3mcheckpoint_timestamp[0m[2m=[0m1742889397746
[2m2025-03-25T07:56:38.290644Z[0m [32m INFO[0m [1mnode[0m[1m{[0m[3mname[0m[2m=[0mk#99f25ef6..[1m}[0m[2m:[0m [2msui_core::checkpoints::checkpoint_output[0m[2m:[0m [2mcrates/sui-core/src/checkpoints/checkpoint_output.rs[0m[2m:[0m[2m149:[0m Creating checkpoint CheckpointDigest(BxBsrYE3KPjJEYrvHZLu5c8DDYTLoLrHnFPtAbP5rGqW) at epoch 1, sequence 585, previous digest Some(CheckpointDigest(BZKHUgXgTYsNQHNERus8TRByfPwc75LKvNhNPbH98MmM)), transactions count 2, content digest CheckpointContentsDigest(7inCnb2nNyDmpMAjrWZhinwDGY79CDDcVeWwBbYzhXAt), end_of_epoch_data None
[2m2025-03-25T07:56:38.290644Z[0m [32m INFO[0m [1mnode[0m[1m{[0m[3mname[0m[2m=[0mk#8dcff6d1..[1m}[0m[2m:[0m [2msui_core::checkpoints::checkpoint_output[0m[2m:[0m [2mcrates/sui-core/src/checkpoints/checkpoint_output.rs[0m[2m:[0m[2m149:[0m Creating checkpoint CheckpointDigest(BxBsrYE3KPjJEYrvHZLu5c8DDYTLoLrHnFPtAbP5rGqW) at epoch 1, sequence 585, previous digest Some(CheckpointDigest(BZKHUgXgTYsNQHNERus8TRByfPwc75LKvNhNPbH98MmM)), transactions count 2, content digest CheckpointContentsDigest(7inCnb2nNyDmpMAjrWZhinwDGY79CDDcVeWwBbYzhXAt), end_of_epoch_data None
[2m2025-03-25T07:56:38.511869Z[0m [32m INFO[0m [1mnode[0m[1m{[0m[3mname[0m[2m=[0mk#addeef94..[1m}[0m[2m:[0m [2mconsensus_core::core[0m[2m:[0m [2mconsensus/core/src/core.rs[0m[2m:[0m[2m945:[0m Included 3 ancestors & excluded 0 ancestors for proposal in round 386
[2m2025-03-25T07:56:38.512288Z[0m [32m INFO[0m [1mnode[0m[1m{[0m[3mname[0m[2m=[0mk#addeef94..[1m}[0m[2m:[0m [2mconsensus_core::core[0m[2m:[0m [2mconsensus/core/src/core.rs[0m[2m:[0m[2m531:[0m Created block B386(C,EAQRFjkP4fw9Wae/ew2k63XUyO1lGI/+z5pGeC/D8Yo=)(1742889398512ms;[B385(C,tX75V4XHHOZKt9DTSX/y3MUMEuejm8oAyedaLEII2nI=), B385(A,OuPoKX/5y6YhqZdoaimQ4IdiWORgwFkLkbSGk+yNSjU=), B385(B,7UpfLaqSYVtnrhSCrxUNzfaRXdJb6U/ztZw1vzOgyy0=)];1t;1c) for round 386
[2m2025-03-25T07:56:38.514258Z[0m [32m INFO[0m [1mnode[0m[1m{[0m[3mname[0m[2m=[0mk#8dcff6d1..[1m}[0m[2m:[0m [2mconsensus_core::core[0m[2m:[0m [2mconsensus/core/src/core.rs[0m[2m:[0m[2m945:[0m Included 3 ancestors & excluded 0 ancestors for proposal in round 386
[2m2025-03-25T07:56:38.514258Z[0m [32m INFO[0m [1mnode[0m[1m{[0m[3mname[0m[2m=[0mk#99f25ef6..[1m}[0m[2m:[0m [2mconsensus_core::core[0m[2m:[0m [2mconsensus/core/src/core.rs[0m[2m:[0m[2m945:[0m Included 3 ancestors & excluded 0 ancestors for proposal in round 386
[2m2025-03-25T07:56:38.514544Z[0m [32m INFO[0m [1mnode[0m[1m{[0m[3mname[0m[2m=[0mk#8dcff6d1..[1m}[0m[2m:[0m [2mconsensus_core::core[0m[2m:[0m [2mconsensus/core/src/core.rs[0m[2m:[0m[2m531:[0m Created block B386(A,NDjLseZsaeKtV13oQNHJ6UP2g1h3zq8u8VilGQ+5Pyk=)(1742889398514ms;[B385(A,OuPoKX/5y6YhqZdoaimQ4IdiWORgwFkLkbSGk+yNSjU=), B385(B,7UpfLaqSYVtnrhSCrxUNzfaRXdJb6U/ztZw1vzOgyy0=), B385(C,tX75V4XHHOZKt9DTSX/y3MUMEuejm8oAyedaLEII2nI=)];1t;1c) for round 386
[2m2025-03-25T07:56:38.514554Z[0m [32m INFO[0m [1mnode[0m[1m{[0m[3mname[0m[2m=[0mk#99f25ef6..[1m}[0m[2m:[0m [2mconsensus_core::core[0m[2m:[0m [2mconsensus/core/src/core.rs[0m[2m:[0m[2m531:[0m Created block B386(B,TUWU06aFy2EkCGdjzSRlGM3t+PRLu+33gbwG5lVU3WI=)(1742889398514ms;[B385(B,7UpfLaqSYVtnrhSCrxUNzfaRXdJb6U/ztZw1vzOgyy0=), B385(A,OuPoKX/5y6YhqZdoaimQ4IdiWORgwFkLkbSGk+yNSjU=), B385(C,tX75V4XHHOZKt9DTSX/y3MUMEuejm8oAyedaLEII2nI=)];1t;1c) for round 386
[2m2025-03-25T07:56:38.514614Z[0m [32m INFO[0m [1mnode[0m[1m{[0m[3mname[0m[2m=[0mk#8dcff6d1..[1m}[0m[2m:[0m [2mconsensus_core::core[0m[2m:[0m [2mconsensus/core/src/core.rs[0m[2m:[0m[2m630:[0m Committing 1 leaders: B384(A,W/6f)
[2m2025-03-25T07:56:38.514616Z[0m [32m INFO[0m [1mnode[0m[1m{[0m[3mname[0m[2m=[0mk#99f25ef6..[1m}[0m[2m:[0m [2mconsensus_core::core[0m[2m:[0m [2mconsensus/core/src/core.rs[0m[2m:[0m[2m630:[0m Committing 1 leaders: B384(A,W/6f)
[2m2025-03-25T07:56:38.514684Z[0m [32m INFO[0m [1mnode[0m[1m{[0m[3mname[0m[2m=[0mk#8dcff6d1..[1m}[0m[2m:[0m [2mconsensus_core::commit_observer[0m[2m:[0m [2mconsensus/core/src/commit_observer.rs[0m[2m:[0m[2m173:[0m Consensus commit C373(3BfO) with leader B384(A,W/6f) has 3 blocks
[2m2025-03-25T07:56:38.514684Z[0m [32m INFO[0m [1mnode[0m[1m{[0m[3mname[0m[2m=[0mk#99f25ef6..[1m}[0m[2m:[0m [2mconsensus_core::commit_observer[0m[2m:[0m [2mconsensus/core/src/commit_observer.rs[0m[2m:[0m[2m173:[0m Consensus commit C373(3BfO) with leader B384(A,W/6f) has 3 blocks
[2m2025-03-25T07:56:38.514772Z[0m [32m INFO[0m [1mnode[0m[1m{[0m[3mname[0m[2m=[0mk#99f25ef6..[1m}[0m[2m:[0m [2msui_core::consensus_handler[0m[2m:[0m [2mcrates/sui-core/src/consensus_handler.rs[0m[2m:[0m[2m232:[0m Received consensus output [3mconsensus_commit[0m[2m=[0mCommittedSubDag(leader=B384(A,W/6f), ref=C373(3BfO), blocks=[gGMp, u6BE, W/6f]) [3mepoch[0m[2m=[0m1
[2m2025-03-25T07:56:38.514772Z[0m [32m INFO[0m [1mnode[0m[1m{[0m[3mname[0m[2m=[0mk#8dcff6d1..[1m}[0m[2m:[0m [2msui_core::consensus_handler[0m[2m:[0m [2mcrates/sui-core/src/consensus_handler.rs[0m[2m:[0m[2m232:[0m Received consensus output [3mconsensus_commit[0m[2m=[0mCommittedSubDag(leader=B384(A,W/6f), ref=C373(3BfO), blocks=[gGMp, u6BE, W/6f]) [3mepoch[0m[2m=[0m1
[2m2025-03-25T07:56:38.518475Z[0m [32m INFO[0m [1mnode[0m[1m{[0m[3mname[0m[2m=[0mk#addeef94..[1m}[0m[2m:[0m [2mconsensus_core::core[0m[2m:[0m [2mconsensus/core/src/core.rs[0m[2m:[0m[2m630:[0m Committing 1 leaders: B384(A,W/6f)
[2m2025-03-25T07:56:38.518566Z[0m [32m INFO[0m [1mnode[0m[1m{[0m[3mname[0m[2m=[0mk#addeef94..[1m}[0m[2m:[0m [2mconsensus_core::commit_observer[0m[2m:[0m [2mconsensus/core/src/commit_observer.rs[0m[2m:[0m[2m173:[0m Consensus commit C373(3BfO) with leader B384(A,W/6f) has 3 blocks
[2m2025-03-25T07:56:38.518690Z[0m [32m INFO[0m [1mnode[0m[1m{[0m[3mname[0m[2m=[0mk#addeef94..[1m}[0m[2m:[0m [2msui_core::consensus_handler[0m[2m:[0m [2mcrates/sui-core/src/consensus_handler.rs[0m[2m:[0m[2m232:[0m Received consensus output [3mconsensus_commit[0m[2m=[0mCommittedSubDag(leader=B384(A,W/6f), ref=C373(3BfO), blocks=[gGMp, u6BE, W/6f]) [3mepoch[0m[2m=[0m1
[2m2025-03-25T07:56:38.560574Z[0m [32m INFO[0m [1mnode[0m[1m{[0m[3mname[0m[2m=[0mk#8dcff6d1..[1m}[0m[2m:[0m [2msui_core::checkpoints[0m[2m:[0m [2mcrates/sui-core/src/checkpoints/mod.rs[0m[2m:[0m[2m1326:[0m Creating checkpoint(s) for 1 transactions [3mnext_checkpoint_seq[0m[2m=[0m586 [3mcheckpoint_timestamp[0m[2m=[0m1742889398002
[2m2025-03-25T07:56:38.560574Z[0m [32m INFO[0m [1mnode[0m[1m{[0m[3mname[0m[2m=[0mk#99f25ef6..[1m}[0m[2m:[0m [2msui_core::checkpoints[0m[2m:[0m [2mcrates/sui-core/src/checkpoints/mod.rs[0m[2m:[0m[2m1326:[0m Creating checkpoint(s) for 1 transactions [3mnext_checkpoint_seq[0m[2m=[0m586 [3mcheckpoint_timestamp[0m[2m=[0m1742889398002
[2m2025-03-25T07:56:38.560811Z[0m [32m INFO[0m [1mnode[0m[1m{[0m[3mname[0m[2m=[0mk#8dcff6d1..[1m}[0m[2m:[0m [2msui_core::checkpoints::checkpoint_output[0m[2m:[0m [2mcrates/sui-core/src/checkpoints/checkpoint_output.rs[0m[2m:[0m[2m149:[0m Creating checkpoint CheckpointDigest(G5V5xN9QoXZW1nw1Bz7wYS68n5fhuGNcemF5TspQKiEE) at epoch 1, sequence 586, previous digest Some(CheckpointDigest(BxBsrYE3KPjJEYrvHZLu5c8DDYTLoLrHnFPtAbP5rGqW)), transactions count 1, content digest CheckpointContentsDigest(5bNrNWjBa59Yndo2BqBY2pscm2S6hkiT29c5mRGTn5Pg), end_of_epoch_data None
[2m2025-03-25T07:56:38.560811Z[0m [32m INFO[0m [1mnode[0m[1m{[0m[3mname[0m[2m=[0mk#99f25ef6..[1m}[0m[2m:[0m [2msui_core::checkpoints::checkpoint_output[0m[2m:[0m [2mcrates/sui-core/src/checkpoints/checkpoint_output.rs[0m[2m:[0m[2m149:[0m Creating checkpoint CheckpointDigest(G5V5xN9QoXZW1nw1Bz7wYS68n5fhuGNcemF5TspQKiEE) at epoch 1, sequence 586, previous digest Some(CheckpointDigest(BxBsrYE3KPjJEYrvHZLu5c8DDYTLoLrHnFPtAbP5rGqW)), transactions count 1, content digest CheckpointContentsDigest(5bNrNWjBa59Yndo2BqBY2pscm2S6hkiT29c5mRGTn5Pg), end_of_epoch_data None
[2m2025-03-25T07:56:38.562930Z[0m [32m INFO[0m [1mnode[0m[1m{[0m[3mname[0m[2m=[0mk#addeef94..[1m}[0m[2m:[0m [2msui_core::checkpoints[0m[2m:[0m [2mcrates/sui-core/src/checkpoints/mod.rs[0m[2m:[0m[2m1326:[0m Creating checkpoint(s) for 1 transactions [3mnext_checkpoint_seq[0m[2m=[0m586 [3mcheckpoint_timestamp[0m[2m=[0m1742889398002
[2m2025-03-25T07:56:38.563100Z[0m [32m INFO[0m [1mnode[0m[1m{[0m[3mname[0m[2m=[0mk#addeef94..[1m}[0m[2m:[0m [2msui_core::checkpoints::checkpoint_output[0m[2m:[0m [2mcrates/sui-core/src/checkpoints/checkpoint_output.rs[0m[2m:[0m[2m149:[0m Creating checkpoint CheckpointDigest(G5V5xN9QoXZW1nw1Bz7wYS68n5fhuGNcemF5TspQKiEE) at epoch 1, sequence 586, previous digest Some(CheckpointDigest(BxBsrYE3KPjJEYrvHZLu5c8DDYTLoLrHnFPtAbP5rGqW)), transactions count 1, content digest CheckpointContentsDigest(5bNrNWjBa59Yndo2BqBY2pscm2S6hkiT29c5mRGTn5Pg), end_of_epoch_data None
[2m2025-03-25T07:56:38.564069Z[0m [32m INFO[0m [1mnode[0m[1m{[0m[3mname[0m[2m=[0mk#8dcff6d1..[1m}[0m[2m:[0m [2msui_core::checkpoints::checkpoint_output[0m[2m:[0m [2mcrates/sui-core/src/checkpoints/checkpoint_output.rs[0m[2m:[0m[2m196:[0m Certified checkpoint with sequence 585 and digest BxBsrYE3KPjJEYrvHZLu5c8DDYTLoLrHnFPtAbP5rGqW
[2m2025-03-25T07:56:38.564159Z[0m [32m INFO[0m [1mnode[0m[1m{[0m[3mname[0m[2m=[0mk#99f25ef6..[1m}[0m[2m:[0m [2msui_core::checkpoints::checkpoint_output[0m[2m:[0m [2mcrates/sui-core/src/checkpoints/checkpoint_output.rs[0m[2m:[0m[2m196:[0m Certified checkpoint with sequence 585 and digest BxBsrYE3KPjJEYrvHZLu5c8DDYTLoLrHnFPtAbP5rGqW
[2m2025-03-25T07:56:38.567294Z[0m [32m INFO[0m [1mnode[0m[1m{[0m[3mname[0m[2m=[0mk#8dcff6d1..[1m}[0m[2m:[0m [2msui_core::checkpoints::checkpoint_executor[0m[2m:[0m [2mcrates/sui-core/src/checkpoints/checkpoint_executor/mod.rs[0m[2m:[0m[2m332:[0m Received checkpoint summary from state sync [3msequence_number[0m[2m=[0m585
[2m2025-03-25T07:56:38.567312Z[0m [32m INFO[0m [1mnode[0m[1m{[0m[3mname[0m[2m=[0mk#99f25ef6..[1m}[0m[2m:[0m [2msui_core::checkpoints::checkpoint_executor[0m[2m:[0m [2mcrates/sui-core/src/checkpoints/checkpoint_executor/mod.rs[0m[2m:[0m[2m332:[0m Received checkpoint summary from state sync [3msequence_number[0m[2m=[0m585
[2m2025-03-25T07:56:38.586011Z[0m [32m INFO[0m [1mnode[0m[1m{[0m[3mname[0m[2m=[0mk#8dcff6d1..[1m}[0m[2m:[0m [2msui_core::state_accumulator[0m[2m:[0m [2mcrates/sui-core/src/state_accumulator.rs[0m[2m:[0m[2m675:[0m accumulating running root for checkpoint 585
[2m2025-03-25T07:56:38.586010Z[0m [32m INFO[0m [1mnode[0m[1m{[0m[3mname[0m[2m=[0mk#99f25ef6..[1m}[0m[2m:[0m [2msui_core::state_accumulator[0m[2m:[0m [2mcrates/sui-core/src/state_accumulator.rs[0m[2m:[0m[2m675:[0m accumulating running root for checkpoint 585
[2m2025-03-25T07:56:38.629793Z[0m [32m INFO[0m [1mnode[0m[1m{[0m[3mname[0m[2m=[0mk#addeef94..[1m}[0m[2m:[0m [2msui_core::checkpoints::checkpoint_executor[0m[2m:[0m [2mcrates/sui-core/src/checkpoints/checkpoint_executor/mod.rs[0m[2m:[0m[2m332:[0m Received checkpoint summary from state sync [3msequence_number[0m[2m=[0m585
[2m2025-03-25T07:56:38.631062Z[0m [32m INFO[0m [1mnode[0m[1m{[0m[3mname[0m[2m=[0mk#addeef94..[1m}[0m[2m:[0m [2msui_core::state_accumulator[0m[2m:[0m [2mcrates/sui-core/src/state_accumulator.rs[0m[2m:[0m[2m675:[0m accumulating running root for checkpoint 585
[2m2025-03-25T07:56:38.766000Z[0m [32m INFO[0m [1mnode[0m[1m{[0m[3mname[0m[2m=[0mk#b3f3cbb4..[1m}[0m[2m:[0m[1mjson-rpc-request[0m[2m:[0m[1mdev_inspect_transaction_block[0m[1m{[0m[3msender_address[0m[2m=[0m0x0000000000000000000000000000000000000000000000000000000000000000 [3mtx_bytes[0m[2m=[0mBase64("AAMBAQAAAAAAAAAAAAAAAAAAAAAAAAAAAAAAAAAAAAAAAAAJAQAAAAAAAAABAAECAAgAAAAAAAAAAAEAAAAAAAAAAAAAAAAAAAAAAAAAAAAAAAAAAAAAAAAAAAsGYnJpZGdlIGdldF90b2tlbl90cmFuc2Zlcl9hY3Rpb25fc3RhdHVzAAMBAAABAQABAgA=") [3mgas_price[0m[2m=[0mNone [3m_epoch[0m[2m=[0mNone [3madditional_args[0m[2m=[0mNone[1m}[0m[2m:[0m [2msui_json_rpc::transaction_execution_api[0m[2m:[0m [2mcrates/sui-json-rpc/src/transaction_execution_api.rs[0m[2m:[0m[2m351:[0m RPC took longer than threshold to complete. [3melapsed[0m[2m=[0m1.537077583s
[2m2025-03-25T07:56:38.766907Z[0m [32m INFO[0m [1mhandle_execution_task[0m[1m{[0m[3maction_key[0m[2m=[0mBridgeActionKey(0,2,0) [3mattempt_times[0m[2m=[0m2[1m}[0m[2m:[0m [2msui_bridge::action_executor[0m[2m:[0m [2mcrates/sui-bridge/src/action_executor.rs[0m[2m:[0m[2m500:[0m Building Sui transaction
[2m2025-03-25T07:56:38.767085Z[0m [32m INFO[0m [1mnode[0m[1m{[0m[3mname[0m[2m=[0mk#8dcff6d1..[1m}[0m[2m:[0m [2mconsensus_core::core[0m[2m:[0m [2mconsensus/core/src/core.rs[0m[2m:[0m[2m945:[0m Included 3 ancestors & excluded 0 ancestors for proposal in round 387
[2m2025-03-25T07:56:38.767155Z[0m [32m INFO[0m [1mnode[0m[1m{[0m[3mname[0m[2m=[0mk#99f25ef6..[1m}[0m[2m:[0m [2mconsensus_core::core[0m[2m:[0m [2mconsensus/core/src/core.rs[0m[2m:[0m[2m945:[0m Included 3 ancestors & excluded 0 ancestors for proposal in round 387
[2m2025-03-25T07:56:38.767463Z[0m [32m INFO[0m [1mnode[0m[1m{[0m[3mname[0m[2m=[0mk#99f25ef6..[1m}[0m[2m:[0m [2mconsensus_core::core[0m[2m:[0m [2mconsensus/core/src/core.rs[0m[2m:[0m[2m531:[0m Created block B387(B,y0ZDi378gnTugBEZxfEuOvkocRMLtj+nWS9UQeEmIUk=)(1742889398767ms;[B386(B,TUWU06aFy2EkCGdjzSRlGM3t+PRLu+33gbwG5lVU3WI=), B386(A,NDjLseZsaeKtV13oQNHJ6UP2g1h3zq8u8VilGQ+5Pyk=), B386(C,EAQRFjkP4fw9Wae/ew2k63XUyO1lGI/+z5pGeC/D8Yo=)];1t;1c) for round 387
[2m2025-03-25T07:56:38.767463Z[0m [32m INFO[0m [1mnode[0m[1m{[0m[3mname[0m[2m=[0mk#8dcff6d1..[1m}[0m[2m:[0m [2mconsensus_core::core[0m[2m:[0m [2mconsensus/core/src/core.rs[0m[2m:[0m[2m531:[0m Created block B387(A,QXGPzf8uo8HwxgV7X8QVa3ULmOQOGz3KHlTDSGk6rCw=)(1742889398767ms;[B386(A,NDjLseZsaeKtV13oQNHJ6UP2g1h3zq8u8VilGQ+5Pyk=), B386(B,TUWU06aFy2EkCGdjzSRlGM3t+PRLu+33gbwG5lVU3WI=), B386(C,EAQRFjkP4fw9Wae/ew2k63XUyO1lGI/+z5pGeC/D8Yo=)];1t;1c) for round 387
[2m2025-03-25T07:56:38.768063Z[0m [32m INFO[0m [1mnode[0m[1m{[0m[3mname[0m[2m=[0mk#b3f3cbb4..[1m}[0m[2m:[0m [2msui_core::state_accumulator[0m[2m:[0m [2mcrates/sui-core/src/state_accumulator.rs[0m[2m:[0m[2m675:[0m accumulating running root for checkpoint 537
[2m2025-03-25T07:56:38.770763Z[0m [32m INFO[0m [1mnode[0m[1m{[0m[3mname[0m[2m=[0mk#addeef94..[1m}[0m[2m:[0m [2mconsensus_core::core[0m[2m:[0m [2mconsensus/core/src/core.rs[0m[2m:[0m[2m945:[0m Included 3 ancestors & excluded 0 ancestors for proposal in round 387
[2m2025-03-25T07:56:38.771081Z[0m [32m INFO[0m [1mnode[0m[1m{[0m[3mname[0m[2m=[0mk#addeef94..[1m}[0m[2m:[0m [2mconsensus_core::core[0m[2m:[0m [2mconsensus/core/src/core.rs[0m[2m:[0m[2m531:[0m Created block B387(C,FlBBqTi7DolliAnx+tN1k2NWlhfHHOBe3M1ApzaJUA0=)(1742889398770ms;[B386(C,EAQRFjkP4fw9Wae/ew2k63XUyO1lGI/+z5pGeC/D8Yo=), B386(A,NDjLseZsaeKtV13oQNHJ6UP2g1h3zq8u8VilGQ+5Pyk=), B386(B,TUWU06aFy2EkCGdjzSRlGM3t+PRLu+33gbwG5lVU3WI=)];1t;1c) for round 387
[2m2025-03-25T07:56:38.771157Z[0m [32m INFO[0m [1mnode[0m[1m{[0m[3mname[0m[2m=[0mk#addeef94..[1m}[0m[2m:[0m [2mconsensus_core::core[0m[2m:[0m [2mconsensus/core/src/core.rs[0m[2m:[0m[2m630:[0m Committing 1 leaders: B385(A,OuPo)
[2m2025-03-25T07:56:38.771229Z[0m [32m INFO[0m [1mnode[0m[1m{[0m[3mname[0m[2m=[0mk#addeef94..[1m}[0m[2m:[0m [2mconsensus_core::commit_observer[0m[2m:[0m [2mconsensus/core/src/commit_observer.rs[0m[2m:[0m[2m173:[0m Consensus commit C374(ntLe) with leader B385(A,OuPo) has 3 blocks
[2m2025-03-25T07:56:38.771318Z[0m [32m INFO[0m [1mnode[0m[1m{[0m[3mname[0m[2m=[0mk#addeef94..[1m}[0m[2m:[0m [2msui_core::consensus_handler[0m[2m:[0m [2mcrates/sui-core/src/consensus_handler.rs[0m[2m:[0m[2m232:[0m Received consensus output [3mconsensus_commit[0m[2m=[0mCommittedSubDag(leader=B385(A,OuPo), ref=C374(ntLe), blocks=[or0h, 5VKx, OuPo]) [3mepoch[0m[2m=[0m1
[2m2025-03-25T07:56:38.774328Z[0m [32m INFO[0m [1mnode[0m[1m{[0m[3mname[0m[2m=[0mk#99f25ef6..[1m}[0m[2m:[0m [2msui_core::checkpoints::checkpoint_output[0m[2m:[0m [2mcrates/sui-core/src/checkpoints/checkpoint_output.rs[0m[2m:[0m[2m196:[0m Certified checkpoint with sequence 586 and digest G5V5xN9QoXZW1nw1Bz7wYS68n5fhuGNcemF5TspQKiEE
[2m2025-03-25T07:56:38.774331Z[0m [32m INFO[0m [1mnode[0m[1m{[0m[3mname[0m[2m=[0mk#8dcff6d1..[1m}[0m[2m:[0m [2msui_core::checkpoints::checkpoint_output[0m[2m:[0m [2mcrates/sui-core/src/checkpoints/checkpoint_output.rs[0m[2m:[0m[2m196:[0m Certified checkpoint with sequence 586 and digest G5V5xN9QoXZW1nw1Bz7wYS68n5fhuGNcemF5TspQKiEE
[2m2025-03-25T07:56:38.774439Z[0m [32m INFO[0m [1mnode[0m[1m{[0m[3mname[0m[2m=[0mk#99f25ef6..[1m}[0m[2m:[0m [2mconsensus_core::core[0m[2m:[0m [2mconsensus/core/src/core.rs[0m[2m:[0m[2m630:[0m Committing 1 leaders: B385(A,OuPo)
[2m2025-03-25T07:56:38.774439Z[0m [32m INFO[0m [1mnode[0m[1m{[0m[3mname[0m[2m=[0mk#8dcff6d1..[1m}[0m[2m:[0m [2mconsensus_core::core[0m[2m:[0m [2mconsensus/core/src/core.rs[0m[2m:[0m[2m630:[0m Committing 1 leaders: B385(A,OuPo)
[2m2025-03-25T07:56:38.774541Z[0m [32m INFO[0m [1mnode[0m[1m{[0m[3mname[0m[2m=[0mk#8dcff6d1..[1m}[0m[2m:[0m [2mconsensus_core::commit_observer[0m[2m:[0m [2mconsensus/core/src/commit_observer.rs[0m[2m:[0m[2m173:[0m Consensus commit C374(ntLe) with leader B385(A,OuPo) has 3 blocks
[2m2025-03-25T07:56:38.774546Z[0m [32m INFO[0m [1mnode[0m[1m{[0m[3mname[0m[2m=[0mk#99f25ef6..[1m}[0m[2m:[0m [2mconsensus_core::commit_observer[0m[2m:[0m [2mconsensus/core/src/commit_observer.rs[0m[2m:[0m[2m173:[0m Consensus commit C374(ntLe) with leader B385(A,OuPo) has 3 blocks
[2m2025-03-25T07:56:38.774942Z[0m [32m INFO[0m [1mnode[0m[1m{[0m[3mname[0m[2m=[0mk#99f25ef6..[1m}[0m[2m:[0m [2msui_core::consensus_handler[0m[2m:[0m [2mcrates/sui-core/src/consensus_handler.rs[0m[2m:[0m[2m232:[0m Received consensus output [3mconsensus_commit[0m[2m=[0mCommittedSubDag(leader=B385(A,OuPo), ref=C374(ntLe), blocks=[or0h, 5VKx, OuPo]) [3mepoch[0m[2m=[0m1
[2m2025-03-25T07:56:38.774942Z[0m [32m INFO[0m [1mnode[0m[1m{[0m[3mname[0m[2m=[0mk#8dcff6d1..[1m}[0m[2m:[0m [2msui_core::consensus_handler[0m[2m:[0m [2mcrates/sui-core/src/consensus_handler.rs[0m[2m:[0m[2m232:[0m Received consensus output [3mconsensus_commit[0m[2m=[0mCommittedSubDag(leader=B385(A,OuPo), ref=C374(ntLe), blocks=[or0h, 5VKx, OuPo]) [3mepoch[0m[2m=[0m1
[2m2025-03-25T07:56:38.775513Z[0m [32m INFO[0m [1mnode[0m[1m{[0m[3mname[0m[2m=[0mk#99f25ef6..[1m}[0m[2m:[0m [2msui_core::checkpoints::checkpoint_executor[0m[2m:[0m [2mcrates/sui-core/src/checkpoints/checkpoint_executor/mod.rs[0m[2m:[0m[2m332:[0m Received checkpoint summary from state sync [3msequence_number[0m[2m=[0m586
[2m2025-03-25T07:56:38.775513Z[0m [32m INFO[0m [1mnode[0m[1m{[0m[3mname[0m[2m=[0mk#8dcff6d1..[1m}[0m[2m:[0m [2msui_core::checkpoints::checkpoint_executor[0m[2m:[0m [2mcrates/sui-core/src/checkpoints/checkpoint_executor/mod.rs[0m[2m:[0m[2m332:[0m Received checkpoint summary from state sync [3msequence_number[0m[2m=[0m586
[2m2025-03-25T07:56:38.776979Z[0m [32m INFO[0m [1mnode[0m[1m{[0m[3mname[0m[2m=[0mk#99f25ef6..[1m}[0m[2m:[0m [2msui_core::state_accumulator[0m[2m:[0m [2mcrates/sui-core/src/state_accumulator.rs[0m[2m:[0m[2m675:[0m accumulating running root for checkpoint 586
[2m2025-03-25T07:56:38.776981Z[0m [32m INFO[0m [1mnode[0m[1m{[0m[3mname[0m[2m=[0mk#8dcff6d1..[1m}[0m[2m:[0m [2msui_core::state_accumulator[0m[2m:[0m [2mcrates/sui-core/src/state_accumulator.rs[0m[2m:[0m[2m675:[0m accumulating running root for checkpoint 586
[2m2025-03-25T07:56:38.797758Z[0m [32m INFO[0m [1mnode[0m[1m{[0m[3mname[0m[2m=[0mk#addeef94..[1m}[0m[2m:[0m [2msui_core::checkpoints[0m[2m:[0m [2mcrates/sui-core/src/checkpoints/mod.rs[0m[2m:[0m[2m1326:[0m Creating checkpoint(s) for 2 transactions [3mnext_checkpoint_seq[0m[2m=[0m587 [3mcheckpoint_timestamp[0m[2m=[0m1742889398255
[2m2025-03-25T07:56:38.798070Z[0m [32m INFO[0m [1mnode[0m[1m{[0m[3mname[0m[2m=[0mk#addeef94..[1m}[0m[2m:[0m [2msui_core::checkpoints::checkpoint_output[0m[2m:[0m [2mcrates/sui-core/src/checkpoints/checkpoint_output.rs[0m[2m:[0m[2m149:[0m Creating checkpoint CheckpointDigest(GEPhqkUWE9BA5fV8YdaZiGR8eBmXxR8APvSWuNs86t9b) at epoch 1, sequence 587, previous digest Some(CheckpointDigest(G5V5xN9QoXZW1nw1Bz7wYS68n5fhuGNcemF5TspQKiEE)), transactions count 2, content digest CheckpointContentsDigest(vGUvKJYVqWH8SvsMJ6nZTfddKH2vQdtCLwVRkdQmPBT), end_of_epoch_data None
[2m2025-03-25T07:56:38.800826Z[0m [32m INFO[0m [1mnode[0m[1m{[0m[3mname[0m[2m=[0mk#addeef94..[1m}[0m[2m:[0m [2msui_core::checkpoints::checkpoint_executor[0m[2m:[0m [2mcrates/sui-core/src/checkpoints/checkpoint_executor/mod.rs[0m[2m:[0m[2m332:[0m Received checkpoint summary from state sync [3msequence_number[0m[2m=[0m586
[2m2025-03-25T07:56:38.801661Z[0m [32m INFO[0m [1mnode[0m[1m{[0m[3mname[0m[2m=[0mk#addeef94..[1m}[0m[2m:[0m [2msui_core::state_accumulator[0m[2m:[0m [2mcrates/sui-core/src/state_accumulator.rs[0m[2m:[0m[2m675:[0m accumulating running root for checkpoint 586
[2m2025-03-25T07:56:38.802556Z[0m [32m INFO[0m [1mnode[0m[1m{[0m[3mname[0m[2m=[0mk#8dcff6d1..[1m}[0m[2m:[0m [2msui_core::checkpoints[0m[2m:[0m [2mcrates/sui-core/src/checkpoints/mod.rs[0m[2m:[0m[2m1326:[0m Creating checkpoint(s) for 2 transactions [3mnext_checkpoint_seq[0m[2m=[0m587 [3mcheckpoint_timestamp[0m[2m=[0m1742889398255
[2m2025-03-25T07:56:38.802792Z[0m [32m INFO[0m [1mnode[0m[1m{[0m[3mname[0m[2m=[0mk#99f25ef6..[1m}[0m[2m:[0m [2msui_core::checkpoints[0m[2m:[0m [2mcrates/sui-core/src/checkpoints/mod.rs[0m[2m:[0m[2m1326:[0m Creating checkpoint(s) for 2 transactions [3mnext_checkpoint_seq[0m[2m=[0m587 [3mcheckpoint_timestamp[0m[2m=[0m1742889398255
[2m2025-03-25T07:56:38.802836Z[0m [32m INFO[0m [1mnode[0m[1m{[0m[3mname[0m[2m=[0mk#8dcff6d1..[1m}[0m[2m:[0m [2msui_core::checkpoints::checkpoint_output[0m[2m:[0m [2mcrates/sui-core/src/checkpoints/checkpoint_output.rs[0m[2m:[0m[2m149:[0m Creating checkpoint CheckpointDigest(GEPhqkUWE9BA5fV8YdaZiGR8eBmXxR8APvSWuNs86t9b) at epoch 1, sequence 587, previous digest Some(CheckpointDigest(G5V5xN9QoXZW1nw1Bz7wYS68n5fhuGNcemF5TspQKiEE)), transactions count 2, content digest CheckpointContentsDigest(vGUvKJYVqWH8SvsMJ6nZTfddKH2vQdtCLwVRkdQmPBT), end_of_epoch_data None
[2m2025-03-25T07:56:38.803034Z[0m [32m INFO[0m [1mnode[0m[1m{[0m[3mname[0m[2m=[0mk#99f25ef6..[1m}[0m[2m:[0m [2msui_core::checkpoints::checkpoint_output[0m[2m:[0m [2mcrates/sui-core/src/checkpoints/checkpoint_output.rs[0m[2m:[0m[2m149:[0m Creating checkpoint CheckpointDigest(GEPhqkUWE9BA5fV8YdaZiGR8eBmXxR8APvSWuNs86t9b) at epoch 1, sequence 587, previous digest Some(CheckpointDigest(G5V5xN9QoXZW1nw1Bz7wYS68n5fhuGNcemF5TspQKiEE)), transactions count 2, content digest CheckpointContentsDigest(vGUvKJYVqWH8SvsMJ6nZTfddKH2vQdtCLwVRkdQmPBT), end_of_epoch_data None
[2m2025-03-25T07:56:38.805988Z[0m [32m INFO[0m [1mnode[0m[1m{[0m[3mname[0m[2m=[0mk#b3f3cbb4..[1m}[0m[2m:[0m [2msui_core::state_accumulator[0m[2m:[0m [2mcrates/sui-core/src/state_accumulator.rs[0m[2m:[0m[2m675:[0m accumulating running root for checkpoint 538
[2m2025-03-25T07:56:39.023942Z[0m [32m INFO[0m [1mnode[0m[1m{[0m[3mname[0m[2m=[0mk#addeef94..[1m}[0m[2m:[0m [2mconsensus_core::core[0m[2m:[0m [2mconsensus/core/src/core.rs[0m[2m:[0m[2m945:[0m Included 3 ancestors & excluded 0 ancestors for proposal in round 388
[2m2025-03-25T07:56:39.024333Z[0m [32m INFO[0m [1mnode[0m[1m{[0m[3mname[0m[2m=[0mk#addeef94..[1m}[0m[2m:[0m [2mconsensus_core::core[0m[2m:[0m [2mconsensus/core/src/core.rs[0m[2m:[0m[2m531:[0m Created block B388(C,P3f5AQgwzoQhIrKdTgGR1CqJ4w76MzLV37Mt2sVwp/Q=)(1742889399024ms;[B387(C,FlBBqTi7DolliAnx+tN1k2NWlhfHHOBe3M1ApzaJUA0=), B387(A,QXGPzf8uo8HwxgV7X8QVa3ULmOQOGz3KHlTDSGk6rCw=), B387(B,y0ZDi378gnTugBEZxfEuOvkocRMLtj+nWS9UQeEmIUk=)];1t;1c) for round 388
[2m2025-03-25T07:56:39.026367Z[0m [32m INFO[0m [1mnode[0m[1m{[0m[3mname[0m[2m=[0mk#99f25ef6..[1m}[0m[2m:[0m [2mconsensus_core::core[0m[2m:[0m [2mconsensus/core/src/core.rs[0m[2m:[0m[2m945:[0m Included 3 ancestors & excluded 0 ancestors for proposal in round 388
[2m2025-03-25T07:56:39.026367Z[0m [32m INFO[0m [1mnode[0m[1m{[0m[3mname[0m[2m=[0mk#8dcff6d1..[1m}[0m[2m:[0m [2mconsensus_core::core[0m[2m:[0m [2mconsensus/core/src/core.rs[0m[2m:[0m[2m945:[0m Included 3 ancestors & excluded 0 ancestors for proposal in round 388
[2m2025-03-25T07:56:39.026665Z[0m [32m INFO[0m [1mnode[0m[1m{[0m[3mname[0m[2m=[0mk#99f25ef6..[1m}[0m[2m:[0m [2mconsensus_core::core[0m[2m:[0m [2mconsensus/core/src/core.rs[0m[2m:[0m[2m531:[0m Created block B388(B,aK0yvoonT12W19+s5+f7WRkhaxCgMthu/8Xe9VU5GnY=)(1742889399026ms;[B387(B,y0ZDi378gnTugBEZxfEuOvkocRMLtj+nWS9UQeEmIUk=), B387(A,QXGPzf8uo8HwxgV7X8QVa3ULmOQOGz3KHlTDSGk6rCw=), B387(C,FlBBqTi7DolliAnx+tN1k2NWlhfHHOBe3M1ApzaJUA0=)];1t;1c) for round 388
[2m2025-03-25T07:56:39.026669Z[0m [32m INFO[0m [1mnode[0m[1m{[0m[3mname[0m[2m=[0mk#8dcff6d1..[1m}[0m[2m:[0m [2mconsensus_core::core[0m[2m:[0m [2mconsensus/core/src/core.rs[0m[2m:[0m[2m531:[0m Created block B388(A,9Q38tE6eKdqTSm/5W2GkKANfqEczXXD3o/+0uYICWOI=)(1742889399026ms;[B387(A,QXGPzf8uo8HwxgV7X8QVa3ULmOQOGz3KHlTDSGk6rCw=), B387(B,y0ZDi378gnTugBEZxfEuOvkocRMLtj+nWS9UQeEmIUk=), B387(C,FlBBqTi7DolliAnx+tN1k2NWlhfHHOBe3M1ApzaJUA0=)];1t;1c) for round 388
[2m2025-03-25T07:56:39.026739Z[0m [32m INFO[0m [1mnode[0m[1m{[0m[3mname[0m[2m=[0mk#99f25ef6..[1m}[0m[2m:[0m [2mconsensus_core::core[0m[2m:[0m [2mconsensus/core/src/core.rs[0m[2m:[0m[2m630:[0m Committing 1 leaders: B386(C,EAQR)
[2m2025-03-25T07:56:39.026739Z[0m [32m INFO[0m [1mnode[0m[1m{[0m[3mname[0m[2m=[0mk#8dcff6d1..[1m}[0m[2m:[0m [2mconsensus_core::core[0m[2m:[0m [2mconsensus/core/src/core.rs[0m[2m:[0m[2m630:[0m Committing 1 leaders: B386(C,EAQR)
[2m2025-03-25T07:56:39.026815Z[0m [32m INFO[0m [1mnode[0m[1m{[0m[3mname[0m[2m=[0mk#8dcff6d1..[1m}[0m[2m:[0m [2mconsensus_core::commit_observer[0m[2m:[0m [2mconsensus/core/src/commit_observer.rs[0m[2m:[0m[2m173:[0m Consensus commit C375(zAVH) with leader B386(C,EAQR) has 3 blocks
[2m2025-03-25T07:56:39.026815Z[0m [32m INFO[0m [1mnode[0m[1m{[0m[3mname[0m[2m=[0mk#99f25ef6..[1m}[0m[2m:[0m [2mconsensus_core::commit_observer[0m[2m:[0m [2mconsensus/core/src/commit_observer.rs[0m[2m:[0m[2m173:[0m Consensus commit C375(zAVH) with leader B386(C,EAQR) has 3 blocks
[2m2025-03-25T07:56:39.026911Z[0m [32m INFO[0m [1mnode[0m[1m{[0m[3mname[0m[2m=[0mk#99f25ef6..[1m}[0m[2m:[0m [2msui_core::consensus_handler[0m[2m:[0m [2mcrates/sui-core/src/consensus_handler.rs[0m[2m:[0m[2m232:[0m Received consensus output [3mconsensus_commit[0m[2m=[0mCommittedSubDag(leader=B386(C,EAQR), ref=C375(zAVH), blocks=[7Upf, tX75, EAQR]) [3mepoch[0m[2m=[0m1
[2m2025-03-25T07:56:39.026911Z[0m [32m INFO[0m [1mnode[0m[1m{[0m[3mname[0m[2m=[0mk#8dcff6d1..[1m}[0m[2m:[0m [2msui_core::consensus_handler[0m[2m:[0m [2mcrates/sui-core/src/consensus_handler.rs[0m[2m:[0m[2m232:[0m Received consensus output [3mconsensus_commit[0m[2m=[0mCommittedSubDag(leader=B386(C,EAQR), ref=C375(zAVH), blocks=[7Upf, tX75, EAQR]) [3mepoch[0m[2m=[0m1
[2m2025-03-25T07:56:39.030738Z[0m [32m INFO[0m [1mnode[0m[1m{[0m[3mname[0m[2m=[0mk#addeef94..[1m}[0m[2m:[0m [2mconsensus_core::core[0m[2m:[0m [2mconsensus/core/src/core.rs[0m[2m:[0m[2m630:[0m Committing 1 leaders: B386(C,EAQR)
[2m2025-03-25T07:56:39.030836Z[0m [32m INFO[0m [1mnode[0m[1m{[0m[3mname[0m[2m=[0mk#addeef94..[1m}[0m[2m:[0m [2mconsensus_core::commit_observer[0m[2m:[0m [2mconsensus/core/src/commit_observer.rs[0m[2m:[0m[2m173:[0m Consensus commit C375(zAVH) with leader B386(C,EAQR) has 3 blocks
[2m2025-03-25T07:56:39.030968Z[0m [32m INFO[0m [1mnode[0m[1m{[0m[3mname[0m[2m=[0mk#addeef94..[1m}[0m[2m:[0m [2msui_core::consensus_handler[0m[2m:[0m [2mcrates/sui-core/src/consensus_handler.rs[0m[2m:[0m[2m232:[0m Received consensus output [3mconsensus_commit[0m[2m=[0mCommittedSubDag(leader=B386(C,EAQR), ref=C375(zAVH), blocks=[7Upf, tX75, EAQR]) [3mepoch[0m[2m=[0m1
[2m2025-03-25T07:56:39.073828Z[0m [32m INFO[0m [1mnode[0m[1m{[0m[3mname[0m[2m=[0mk#8dcff6d1..[1m}[0m[2m:[0m [2msui_core::checkpoints[0m[2m:[0m [2mcrates/sui-core/src/checkpoints/mod.rs[0m[2m:[0m[2m1326:[0m Creating checkpoint(s) for 1 transactions [3mnext_checkpoint_seq[0m[2m=[0m588 [3mcheckpoint_timestamp[0m[2m=[0m1742889398512
[2m2025-03-25T07:56:39.073851Z[0m [32m INFO[0m [1mnode[0m[1m{[0m[3mname[0m[2m=[0mk#99f25ef6..[1m}[0m[2m:[0m [2msui_core::checkpoints[0m[2m:[0m [2mcrates/sui-core/src/checkpoints/mod.rs[0m[2m:[0m[2m1326:[0m Creating checkpoint(s) for 1 transactions [3mnext_checkpoint_seq[0m[2m=[0m588 [3mcheckpoint_timestamp[0m[2m=[0m1742889398512
[2m2025-03-25T07:56:39.074059Z[0m [32m INFO[0m [1mnode[0m[1m{[0m[3mname[0m[2m=[0mk#99f25ef6..[1m}[0m[2m:[0m [2msui_core::checkpoints::checkpoint_output[0m[2m:[0m [2mcrates/sui-core/src/checkpoints/checkpoint_output.rs[0m[2m:[0m[2m149:[0m Creating checkpoint CheckpointDigest(Epz3C3v3EBP2U1o6SFDLJHrnNDeahhfbz2WHXCB8wgmS) at epoch 1, sequence 588, previous digest Some(CheckpointDigest(GEPhqkUWE9BA5fV8YdaZiGR8eBmXxR8APvSWuNs86t9b)), transactions count 1, content digest CheckpointContentsDigest(57ip7ZUkBsAKSYgAGQNRdVnvyVpnRuoh7WnekSWRnyQL), end_of_epoch_data None
[2m2025-03-25T07:56:39.074059Z[0m [32m INFO[0m [1mnode[0m[1m{[0m[3mname[0m[2m=[0mk#8dcff6d1..[1m}[0m[2m:[0m [2msui_core::checkpoints::checkpoint_output[0m[2m:[0m [2mcrates/sui-core/src/checkpoints/checkpoint_output.rs[0m[2m:[0m[2m149:[0m Creating checkpoint CheckpointDigest(Epz3C3v3EBP2U1o6SFDLJHrnNDeahhfbz2WHXCB8wgmS) at epoch 1, sequence 588, previous digest Some(CheckpointDigest(GEPhqkUWE9BA5fV8YdaZiGR8eBmXxR8APvSWuNs86t9b)), transactions count 1, content digest CheckpointContentsDigest(57ip7ZUkBsAKSYgAGQNRdVnvyVpnRuoh7WnekSWRnyQL), end_of_epoch_data None
[2m2025-03-25T07:56:39.075559Z[0m [32m INFO[0m [1mnode[0m[1m{[0m[3mname[0m[2m=[0mk#addeef94..[1m}[0m[2m:[0m [2msui_core::checkpoints[0m[2m:[0m [2mcrates/sui-core/src/checkpoints/mod.rs[0m[2m:[0m[2m1326:[0m Creating checkpoint(s) for 1 transactions [3mnext_checkpoint_seq[0m[2m=[0m588 [3mcheckpoint_timestamp[0m[2m=[0m1742889398512
[2m2025-03-25T07:56:39.075740Z[0m [32m INFO[0m [1mnode[0m[1m{[0m[3mname[0m[2m=[0mk#addeef94..[1m}[0m[2m:[0m [2msui_core::checkpoints::checkpoint_output[0m[2m:[0m [2mcrates/sui-core/src/checkpoints/checkpoint_output.rs[0m[2m:[0m[2m149:[0m Creating checkpoint CheckpointDigest(Epz3C3v3EBP2U1o6SFDLJHrnNDeahhfbz2WHXCB8wgmS) at epoch 1, sequence 588, previous digest Some(CheckpointDigest(GEPhqkUWE9BA5fV8YdaZiGR8eBmXxR8APvSWuNs86t9b)), transactions count 1, content digest CheckpointContentsDigest(57ip7ZUkBsAKSYgAGQNRdVnvyVpnRuoh7WnekSWRnyQL), end_of_epoch_data None
[2m2025-03-25T07:56:39.077334Z[0m [32m INFO[0m [1mnode[0m[1m{[0m[3mname[0m[2m=[0mk#8dcff6d1..[1m}[0m[2m:[0m [2msui_core::checkpoints::checkpoint_output[0m[2m:[0m [2mcrates/sui-core/src/checkpoints/checkpoint_output.rs[0m[2m:[0m[2m196:[0m Certified checkpoint with sequence 587 and digest GEPhqkUWE9BA5fV8YdaZiGR8eBmXxR8APvSWuNs86t9b
[2m2025-03-25T07:56:39.077415Z[0m [32m INFO[0m [1mnode[0m[1m{[0m[3mname[0m[2m=[0mk#99f25ef6..[1m}[0m[2m:[0m [2msui_core::checkpoints::checkpoint_output[0m[2m:[0m [2mcrates/sui-core/src/checkpoints/checkpoint_output.rs[0m[2m:[0m[2m196:[0m Certified checkpoint with sequence 587 and digest GEPhqkUWE9BA5fV8YdaZiGR8eBmXxR8APvSWuNs86t9b
[2m2025-03-25T07:56:39.080822Z[0m [32m INFO[0m [1mnode[0m[1m{[0m[3mname[0m[2m=[0mk#8dcff6d1..[1m}[0m[2m:[0m [2msui_core::checkpoints::checkpoint_executor[0m[2m:[0m [2mcrates/sui-core/src/checkpoints/checkpoint_executor/mod.rs[0m[2m:[0m[2m332:[0m Received checkpoint summary from state sync [3msequence_number[0m[2m=[0m587
[2m2025-03-25T07:56:39.080887Z[0m [32m INFO[0m [1mnode[0m[1m{[0m[3mname[0m[2m=[0mk#99f25ef6..[1m}[0m[2m:[0m [2msui_core::checkpoints::checkpoint_executor[0m[2m:[0m [2mcrates/sui-core/src/checkpoints/checkpoint_executor/mod.rs[0m[2m:[0m[2m332:[0m Received checkpoint summary from state sync [3msequence_number[0m[2m=[0m587
[2m2025-03-25T07:56:39.099705Z[0m [32m INFO[0m [1mnode[0m[1m{[0m[3mname[0m[2m=[0mk#99f25ef6..[1m}[0m[2m:[0m [2msui_core::state_accumulator[0m[2m:[0m [2mcrates/sui-core/src/state_accumulator.rs[0m[2m:[0m[2m675:[0m accumulating running root for checkpoint 587
[2m2025-03-25T07:56:39.099708Z[0m [32m INFO[0m [1mnode[0m[1m{[0m[3mname[0m[2m=[0mk#8dcff6d1..[1m}[0m[2m:[0m [2msui_core::state_accumulator[0m[2m:[0m [2mcrates/sui-core/src/state_accumulator.rs[0m[2m:[0m[2m675:[0m accumulating running root for checkpoint 587
[2m2025-03-25T07:56:39.142344Z[0m [32m INFO[0m [1mnode[0m[1m{[0m[3mname[0m[2m=[0mk#addeef94..[1m}[0m[2m:[0m [2msui_core::checkpoints::checkpoint_executor[0m[2m:[0m [2mcrates/sui-core/src/checkpoints/checkpoint_executor/mod.rs[0m[2m:[0m[2m332:[0m Received checkpoint summary from state sync [3msequence_number[0m[2m=[0m587
[2m2025-03-25T07:56:39.143702Z[0m [32m INFO[0m [1mnode[0m[1m{[0m[3mname[0m[2m=[0mk#addeef94..[1m}[0m[2m:[0m [2msui_core::state_accumulator[0m[2m:[0m [2mcrates/sui-core/src/state_accumulator.rs[0m[2m:[0m[2m675:[0m accumulating running root for checkpoint 587
[2m2025-03-25T07:56:39.237154Z[0m [32m INFO[0m [1mnode[0m[1m{[0m[3mname[0m[2m=[0mk#8dcff6d1..[1m}[0m[2m:[0m [2mconsensus_core::core[0m[2m:[0m [2mconsensus/core/src/core.rs[0m[2m:[0m[2m694:[0m Received quorum round per authority in ancestor state manager set to: [(388, 388), (388, 388), (388, 388)]
[2m2025-03-25T07:56:39.237172Z[0m [32m INFO[0m [1mnode[0m[1m{[0m[3mname[0m[2m=[0mk#8dcff6d1..[1m}[0m[2m:[0m [2mconsensus_core::core[0m[2m:[0m [2mconsensus/core/src/core.rs[0m[2m:[0m[2m695:[0m Accepted quorum round per authority in ancestor state manager set to: [(388, 388), (388, 388), (388, 388)]
[2m2025-03-25T07:56:39.237179Z[0m [32m INFO[0m [1mnode[0m[1m{[0m[3mname[0m[2m=[0mk#8dcff6d1..[1m}[0m[2m:[0m [2mconsensus_core::core[0m[2m:[0m [2mconsensus/core/src/core.rs[0m[2m:[0m[2m698:[0m Propagation round delay set to: 0
[2m2025-03-25T07:56:39.237199Z[0m [32m INFO[0m [1mnode[0m[1m{[0m[3mname[0m[2m=[0mk#addeef94..[1m}[0m[2m:[0m [2mconsensus_core::core[0m[2m:[0m [2mconsensus/core/src/core.rs[0m[2m:[0m[2m694:[0m Received quorum round per authority in ancestor state manager set to: [(388, 388), (388, 388), (388, 388)]
[2m2025-03-25T07:56:39.237209Z[0m [32m INFO[0m [1mnode[0m[1m{[0m[3mname[0m[2m=[0mk#addeef94..[1m}[0m[2m:[0m [2mconsensus_core::core[0m[2m:[0m [2mconsensus/core/src/core.rs[0m[2m:[0m[2m695:[0m Accepted quorum round per authority in ancestor state manager set to: [(388, 388), (388, 388), (388, 388)]
[2m2025-03-25T07:56:39.237215Z[0m [32m INFO[0m [1mnode[0m[1m{[0m[3mname[0m[2m=[0mk#addeef94..[1m}[0m[2m:[0m [2mconsensus_core::core[0m[2m:[0m [2mconsensus/core/src/core.rs[0m[2m:[0m[2m698:[0m Propagation round delay set to: 0
[2m2025-03-25T07:56:39.241387Z[0m [32m INFO[0m [1mnode[0m[1m{[0m[3mname[0m[2m=[0mk#99f25ef6..[1m}[0m[2m:[0m [2mconsensus_core::core[0m[2m:[0m [2mconsensus/core/src/core.rs[0m[2m:[0m[2m694:[0m Received quorum round per authority in ancestor state manager set to: [(388, 388), (388, 388), (388, 388)]
[2m2025-03-25T07:56:39.241396Z[0m [32m INFO[0m [1mnode[0m[1m{[0m[3mname[0m[2m=[0mk#99f25ef6..[1m}[0m[2m:[0m [2mconsensus_core::core[0m[2m:[0m [2mconsensus/core/src/core.rs[0m[2m:[0m[2m695:[0m Accepted quorum round per authority in ancestor state manager set to: [(388, 388), (388, 388), (388, 388)]
[2m2025-03-25T07:56:39.241403Z[0m [32m INFO[0m [1mnode[0m[1m{[0m[3mname[0m[2m=[0mk#99f25ef6..[1m}[0m[2m:[0m [2mconsensus_core::core[0m[2m:[0m [2mconsensus/core/src/core.rs[0m[2m:[0m[2m698:[0m Propagation round delay set to: 0
[2m2025-03-25T07:56:39.278090Z[0m [32m INFO[0m [1mnode[0m[1m{[0m[3mname[0m[2m=[0mk#99f25ef6..[1m}[0m[2m:[0m [2mconsensus_core::core[0m[2m:[0m [2mconsensus/core/src/core.rs[0m[2m:[0m[2m945:[0m Included 3 ancestors & excluded 0 ancestors for proposal in round 389
[2m2025-03-25T07:56:39.278481Z[0m [32m INFO[0m [1mnode[0m[1m{[0m[3mname[0m[2m=[0mk#99f25ef6..[1m}[0m[2m:[0m [2mconsensus_core::core[0m[2m:[0m [2mconsensus/core/src/core.rs[0m[2m:[0m[2m531:[0m Created block B389(B,EzbUOg6pCtWQ7GlUdwsh3MWEfI5o3XHrOknQZjNcwlM=)(1742889399278ms;[B388(B,aK0yvoonT12W19+s5+f7WRkhaxCgMthu/8Xe9VU5GnY=), B388(A,9Q38tE6eKdqTSm/5W2GkKANfqEczXXD3o/+0uYICWOI=), B388(C,P3f5AQgwzoQhIrKdTgGR1CqJ4w76MzLV37Mt2sVwp/Q=)];1t;1c) for round 389
[2m2025-03-25T07:56:39.280068Z[0m [32m INFO[0m [1mnode[0m[1m{[0m[3mname[0m[2m=[0mk#8dcff6d1..[1m}[0m[2m:[0m [2mconsensus_core::core[0m[2m:[0m [2mconsensus/core/src/core.rs[0m[2m:[0m[2m945:[0m Included 3 ancestors & excluded 0 ancestors for proposal in round 389
[2m2025-03-25T07:56:39.280359Z[0m [32m INFO[0m [1mnode[0m[1m{[0m[3mname[0m[2m=[0mk#8dcff6d1..[1m}[0m[2m:[0m [2mconsensus_core::core[0m[2m:[0m [2mconsensus/core/src/core.rs[0m[2m:[0m[2m531:[0m Created block B389(A,JQqoREDZSmqt5QMF4KMSz4csnvzlk8GhAyjrsDw7njg=)(1742889399280ms;[B388(A,9Q38tE6eKdqTSm/5W2GkKANfqEczXXD3o/+0uYICWOI=), B388(B,aK0yvoonT12W19+s5+f7WRkhaxCgMthu/8Xe9VU5GnY=), B388(C,P3f5AQgwzoQhIrKdTgGR1CqJ4w76MzLV37Mt2sVwp/Q=)];1t;1c) for round 389
[2m2025-03-25T07:56:39.282141Z[0m [32m INFO[0m [1mnode[0m[1m{[0m[3mname[0m[2m=[0mk#addeef94..[1m}[0m[2m:[0m [2mconsensus_core::core[0m[2m:[0m [2mconsensus/core/src/core.rs[0m[2m:[0m[2m945:[0m Included 3 ancestors & excluded 0 ancestors for proposal in round 389
[2m2025-03-25T07:56:39.282447Z[0m [32m INFO[0m [1mnode[0m[1m{[0m[3mname[0m[2m=[0mk#addeef94..[1m}[0m[2m:[0m [2mconsensus_core::core[0m[2m:[0m [2mconsensus/core/src/core.rs[0m[2m:[0m[2m531:[0m Created block B389(C,cIpa65vssNsdc4PBW73vAvSaupsGjWauT8az2jsO8Io=)(1742889399282ms;[B388(C,P3f5AQgwzoQhIrKdTgGR1CqJ4w76MzLV37Mt2sVwp/Q=), B388(A,9Q38tE6eKdqTSm/5W2GkKANfqEczXXD3o/+0uYICWOI=), B388(B,aK0yvoonT12W19+s5+f7WRkhaxCgMthu/8Xe9VU5GnY=)];1t;1c) for round 389
[2m2025-03-25T07:56:39.282515Z[0m [32m INFO[0m [1mnode[0m[1m{[0m[3mname[0m[2m=[0mk#addeef94..[1m}[0m[2m:[0m [2mconsensus_core::core[0m[2m:[0m [2mconsensus/core/src/core.rs[0m[2m:[0m[2m630:[0m Committing 1 leaders: B387(B,y0ZD)
[2m2025-03-25T07:56:39.282584Z[0m [32m INFO[0m [1mnode[0m[1m{[0m[3mname[0m[2m=[0mk#addeef94..[1m}[0m[2m:[0m [2mconsensus_core::commit_observer[0m[2m:[0m [2mconsensus/core/src/commit_observer.rs[0m[2m:[0m[2m173:[0m Consensus commit C376(vGgD) with leader B387(B,y0ZD) has 3 blocks
[2m2025-03-25T07:56:39.282662Z[0m [32m INFO[0m [1mnode[0m[1m{[0m[3mname[0m[2m=[0mk#addeef94..[1m}[0m[2m:[0m [2msui_core::consensus_handler[0m[2m:[0m [2mcrates/sui-core/src/consensus_handler.rs[0m[2m:[0m[2m232:[0m Received consensus output [3mconsensus_commit[0m[2m=[0mCommittedSubDag(leader=B387(B,y0ZD), ref=C376(vGgD), blocks=[NDjL, TUWU, y0ZD]) [3mepoch[0m[2m=[0m1
[2m2025-03-25T07:56:39.285702Z[0m [32m INFO[0m [1mnode[0m[1m{[0m[3mname[0m[2m=[0mk#8dcff6d1..[1m}[0m[2m:[0m [2msui_core::checkpoints::checkpoint_output[0m[2m:[0m [2mcrates/sui-core/src/checkpoints/checkpoint_output.rs[0m[2m:[0m[2m196:[0m Certified checkpoint with sequence 588 and digest Epz3C3v3EBP2U1o6SFDLJHrnNDeahhfbz2WHXCB8wgmS
[2m2025-03-25T07:56:39.285707Z[0m [32m INFO[0m [1mnode[0m[1m{[0m[3mname[0m[2m=[0mk#99f25ef6..[1m}[0m[2m:[0m [2msui_core::checkpoints::checkpoint_output[0m[2m:[0m [2mcrates/sui-core/src/checkpoints/checkpoint_output.rs[0m[2m:[0m[2m196:[0m Certified checkpoint with sequence 588 and digest Epz3C3v3EBP2U1o6SFDLJHrnNDeahhfbz2WHXCB8wgmS
[2m2025-03-25T07:56:39.285819Z[0m [32m INFO[0m [1mnode[0m[1m{[0m[3mname[0m[2m=[0mk#8dcff6d1..[1m}[0m[2m:[0m [2mconsensus_core::core[0m[2m:[0m [2mconsensus/core/src/core.rs[0m[2m:[0m[2m630:[0m Committing 1 leaders: B387(B,y0ZD)
[2m2025-03-25T07:56:39.285819Z[0m [32m INFO[0m [1mnode[0m[1m{[0m[3mname[0m[2m=[0mk#99f25ef6..[1m}[0m[2m:[0m [2mconsensus_core::core[0m[2m:[0m [2mconsensus/core/src/core.rs[0m[2m:[0m[2m630:[0m Committing 1 leaders: B387(B,y0ZD)
[2m2025-03-25T07:56:39.285926Z[0m [32m INFO[0m [1mnode[0m[1m{[0m[3mname[0m[2m=[0mk#8dcff6d1..[1m}[0m[2m:[0m [2mconsensus_core::commit_observer[0m[2m:[0m [2mconsensus/core/src/commit_observer.rs[0m[2m:[0m[2m173:[0m Consensus commit C376(vGgD) with leader B387(B,y0ZD) has 3 blocks
[2m2025-03-25T07:56:39.285930Z[0m [32m INFO[0m [1mnode[0m[1m{[0m[3mname[0m[2m=[0mk#99f25ef6..[1m}[0m[2m:[0m [2mconsensus_core::commit_observer[0m[2m:[0m [2mconsensus/core/src/commit_observer.rs[0m[2m:[0m[2m173:[0m Consensus commit C376(vGgD) with leader B387(B,y0ZD) has 3 blocks
[2m2025-03-25T07:56:39.286361Z[0m [32m INFO[0m [1mnode[0m[1m{[0m[3mname[0m[2m=[0mk#8dcff6d1..[1m}[0m[2m:[0m [2msui_core::consensus_handler[0m[2m:[0m [2mcrates/sui-core/src/consensus_handler.rs[0m[2m:[0m[2m232:[0m Received consensus output [3mconsensus_commit[0m[2m=[0mCommittedSubDag(leader=B387(B,y0ZD), ref=C376(vGgD), blocks=[NDjL, TUWU, y0ZD]) [3mepoch[0m[2m=[0m1
[2m2025-03-25T07:56:39.286363Z[0m [32m INFO[0m [1mnode[0m[1m{[0m[3mname[0m[2m=[0mk#99f25ef6..[1m}[0m[2m:[0m [2msui_core::consensus_handler[0m[2m:[0m [2mcrates/sui-core/src/consensus_handler.rs[0m[2m:[0m[2m232:[0m Received consensus output [3mconsensus_commit[0m[2m=[0mCommittedSubDag(leader=B387(B,y0ZD), ref=C376(vGgD), blocks=[NDjL, TUWU, y0ZD]) [3mepoch[0m[2m=[0m1
[2m2025-03-25T07:56:39.286935Z[0m [32m INFO[0m [1mnode[0m[1m{[0m[3mname[0m[2m=[0mk#8dcff6d1..[1m}[0m[2m:[0m [2msui_core::checkpoints::checkpoint_executor[0m[2m:[0m [2mcrates/sui-core/src/checkpoints/checkpoint_executor/mod.rs[0m[2m:[0m[2m332:[0m Received checkpoint summary from state sync [3msequence_number[0m[2m=[0m588
[2m2025-03-25T07:56:39.286935Z[0m [32m INFO[0m [1mnode[0m[1m{[0m[3mname[0m[2m=[0mk#99f25ef6..[1m}[0m[2m:[0m [2msui_core::checkpoints::checkpoint_executor[0m[2m:[0m [2mcrates/sui-core/src/checkpoints/checkpoint_executor/mod.rs[0m[2m:[0m[2m332:[0m Received checkpoint summary from state sync [3msequence_number[0m[2m=[0m588
[2m2025-03-25T07:56:39.288515Z[0m [32m INFO[0m [1mnode[0m[1m{[0m[3mname[0m[2m=[0mk#8dcff6d1..[1m}[0m[2m:[0m [2msui_core::state_accumulator[0m[2m:[0m [2mcrates/sui-core/src/state_accumulator.rs[0m[2m:[0m[2m675:[0m accumulating running root for checkpoint 588
[2m2025-03-25T07:56:39.288516Z[0m [32m INFO[0m [1mnode[0m[1m{[0m[3mname[0m[2m=[0mk#99f25ef6..[1m}[0m[2m:[0m [2msui_core::state_accumulator[0m[2m:[0m [2mcrates/sui-core/src/state_accumulator.rs[0m[2m:[0m[2m675:[0m accumulating running root for checkpoint 588
[2m2025-03-25T07:56:39.309472Z[0m [32m INFO[0m [1mnode[0m[1m{[0m[3mname[0m[2m=[0mk#addeef94..[1m}[0m[2m:[0m [2msui_core::checkpoints[0m[2m:[0m [2mcrates/sui-core/src/checkpoints/mod.rs[0m[2m:[0m[2m1326:[0m Creating checkpoint(s) for 2 transactions [3mnext_checkpoint_seq[0m[2m=[0m589 [3mcheckpoint_timestamp[0m[2m=[0m1742889398767
[2m2025-03-25T07:56:39.309785Z[0m [32m INFO[0m [1mnode[0m[1m{[0m[3mname[0m[2m=[0mk#addeef94..[1m}[0m[2m:[0m [2msui_core::checkpoints::checkpoint_output[0m[2m:[0m [2mcrates/sui-core/src/checkpoints/checkpoint_output.rs[0m[2m:[0m[2m149:[0m Creating checkpoint CheckpointDigest(BN7LjvULrjVDwYKq2NxjmuvT8qnnxNbFrDYAZj4jHZia) at epoch 1, sequence 589, previous digest Some(CheckpointDigest(Epz3C3v3EBP2U1o6SFDLJHrnNDeahhfbz2WHXCB8wgmS)), transactions count 2, content digest CheckpointContentsDigest(B5h3htbu29jYLiSN5CpGMCVkP1Jq4deYfzpvzJQEforh), end_of_epoch_data None
[2m2025-03-25T07:56:39.312717Z[0m [32m INFO[0m [1mnode[0m[1m{[0m[3mname[0m[2m=[0mk#addeef94..[1m}[0m[2m:[0m [2msui_core::checkpoints::checkpoint_executor[0m[2m:[0m [2mcrates/sui-core/src/checkpoints/checkpoint_executor/mod.rs[0m[2m:[0m[2m332:[0m Received checkpoint summary from state sync [3msequence_number[0m[2m=[0m588
[2m2025-03-25T07:56:39.313601Z[0m [32m INFO[0m [1mnode[0m[1m{[0m[3mname[0m[2m=[0mk#addeef94..[1m}[0m[2m:[0m [2msui_core::state_accumulator[0m[2m:[0m [2mcrates/sui-core/src/state_accumulator.rs[0m[2m:[0m[2m675:[0m accumulating running root for checkpoint 588
[2m2025-03-25T07:56:39.314342Z[0m [32m INFO[0m [1mnode[0m[1m{[0m[3mname[0m[2m=[0mk#99f25ef6..[1m}[0m[2m:[0m [2msui_core::checkpoints[0m[2m:[0m [2mcrates/sui-core/src/checkpoints/mod.rs[0m[2m:[0m[2m1326:[0m Creating checkpoint(s) for 2 transactions [3mnext_checkpoint_seq[0m[2m=[0m589 [3mcheckpoint_timestamp[0m[2m=[0m1742889398767
[2m2025-03-25T07:56:39.314455Z[0m [32m INFO[0m [1mnode[0m[1m{[0m[3mname[0m[2m=[0mk#8dcff6d1..[1m}[0m[2m:[0m [2msui_core::checkpoints[0m[2m:[0m [2mcrates/sui-core/src/checkpoints/mod.rs[0m[2m:[0m[2m1326:[0m Creating checkpoint(s) for 2 transactions [3mnext_checkpoint_seq[0m[2m=[0m589 [3mcheckpoint_timestamp[0m[2m=[0m1742889398767
[2m2025-03-25T07:56:39.314628Z[0m [32m INFO[0m [1mnode[0m[1m{[0m[3mname[0m[2m=[0mk#99f25ef6..[1m}[0m[2m:[0m [2msui_core::checkpoints::checkpoint_output[0m[2m:[0m [2mcrates/sui-core/src/checkpoints/checkpoint_output.rs[0m[2m:[0m[2m149:[0m Creating checkpoint CheckpointDigest(BN7LjvULrjVDwYKq2NxjmuvT8qnnxNbFrDYAZj4jHZia) at epoch 1, sequence 589, previous digest Some(CheckpointDigest(Epz3C3v3EBP2U1o6SFDLJHrnNDeahhfbz2WHXCB8wgmS)), transactions count 2, content digest CheckpointContentsDigest(B5h3htbu29jYLiSN5CpGMCVkP1Jq4deYfzpvzJQEforh), end_of_epoch_data None
[2m2025-03-25T07:56:39.314702Z[0m [32m INFO[0m [1mnode[0m[1m{[0m[3mname[0m[2m=[0mk#8dcff6d1..[1m}[0m[2m:[0m [2msui_core::checkpoints::checkpoint_output[0m[2m:[0m [2mcrates/sui-core/src/checkpoints/checkpoint_output.rs[0m[2m:[0m[2m149:[0m Creating checkpoint CheckpointDigest(BN7LjvULrjVDwYKq2NxjmuvT8qnnxNbFrDYAZj4jHZia) at epoch 1, sequence 589, previous digest Some(CheckpointDigest(Epz3C3v3EBP2U1o6SFDLJHrnNDeahhfbz2WHXCB8wgmS)), transactions count 2, content digest CheckpointContentsDigest(B5h3htbu29jYLiSN5CpGMCVkP1Jq4deYfzpvzJQEforh), end_of_epoch_data None
[2m2025-03-25T07:56:39.315418Z[0m [32m INFO[0m [1mnode[0m[1m{[0m[3mname[0m[2m=[0mk#8dcff6d1..[1m}[0m[2m:[0m [2mconsensus_core::commit_syncer[0m[2m:[0m [2mconsensus/core/src/commit_syncer.rs[0m[2m:[0m[2m196:[0m Checking to schedule fetches: synced_commit_index=376, highest_handled_index=376, highest_scheduled_index=0, quorum_commit_index=375, unhandled_commits_threshold=3200
[2m2025-03-25T07:56:39.327846Z[0m [32m INFO[0m [1mnode[0m[1m{[0m[3mname[0m[2m=[0mk#addeef94..[1m}[0m[2m:[0m [2mconsensus_core::commit_syncer[0m[2m:[0m [2mconsensus/core/src/commit_syncer.rs[0m[2m:[0m[2m196:[0m Checking to schedule fetches: synced_commit_index=376, highest_handled_index=376, highest_scheduled_index=0, quorum_commit_index=0, unhandled_commits_threshold=3200
[2m2025-03-25T07:56:39.330962Z[0m [32m INFO[0m [1mnode[0m[1m{[0m[3mname[0m[2m=[0mk#99f25ef6..[1m}[0m[2m:[0m [2mconsensus_core::commit_syncer[0m[2m:[0m [2mconsensus/core/src/commit_syncer.rs[0m[2m:[0m[2m196:[0m Checking to schedule fetches: synced_commit_index=376, highest_handled_index=376, highest_scheduled_index=0, quorum_commit_index=375, unhandled_commits_threshold=3200
[2m2025-03-25T07:56:39.505758Z[0m [32m INFO[0m [2msui_bridge::eth_syncer[0m[2m:[0m [2mcrates/sui-bridge/src/eth_syncer.rs[0m[2m:[0m[2m120:[0m Observed new finalized eth block: 161
[2m2025-03-25T07:56:39.534934Z[0m [32m INFO[0m [1mnode[0m[1m{[0m[3mname[0m[2m=[0mk#addeef94..[1m}[0m[2m:[0m [2mconsensus_core::core[0m[2m:[0m [2mconsensus/core/src/core.rs[0m[2m:[0m[2m945:[0m Included 3 ancestors & excluded 0 ancestors for proposal in round 390
[2m2025-03-25T07:56:39.535281Z[0m [32m INFO[0m [1mnode[0m[1m{[0m[3mname[0m[2m=[0mk#addeef94..[1m}[0m[2m:[0m [2mconsensus_core::core[0m[2m:[0m [2mconsensus/core/src/core.rs[0m[2m:[0m[2m531:[0m Created block B390(C,louJethxEXHotU5zgJS4H7O4Ms+GDkwY7j0qxV4O3lk=)(1742889399535ms;[B389(C,cIpa65vssNsdc4PBW73vAvSaupsGjWauT8az2jsO8Io=), B389(A,JQqoREDZSmqt5QMF4KMSz4csnvzlk8GhAyjrsDw7njg=), B389(B,EzbUOg6pCtWQ7GlUdwsh3MWEfI5o3XHrOknQZjNcwlM=)];1t;1c) for round 390
[2m2025-03-25T07:56:39.537248Z[0m [32m INFO[0m [1mnode[0m[1m{[0m[3mname[0m[2m=[0mk#99f25ef6..[1m}[0m[2m:[0m [2mconsensus_core::core[0m[2m:[0m [2mconsensus/core/src/core.rs[0m[2m:[0m[2m945:[0m Included 3 ancestors & excluded 0 ancestors for proposal in round 390
[2m2025-03-25T07:56:39.537535Z[0m [32m INFO[0m [1mnode[0m[1m{[0m[3mname[0m[2m=[0mk#99f25ef6..[1m}[0m[2m:[0m [2mconsensus_core::core[0m[2m:[0m [2mconsensus/core/src/core.rs[0m[2m:[0m[2m531:[0m Created block B390(B,JD58+UoNGQ2Z7vPRXoh0qRLj84WolDF9k0XnT/IP8Gk=)(1742889399537ms;[B389(B,EzbUOg6pCtWQ7GlUdwsh3MWEfI5o3XHrOknQZjNcwlM=), B389(A,JQqoREDZSmqt5QMF4KMSz4csnvzlk8GhAyjrsDw7njg=), B389(C,cIpa65vssNsdc4PBW73vAvSaupsGjWauT8az2jsO8Io=)];1t;1c) for round 390
[2m2025-03-25T07:56:39.537607Z[0m [32m INFO[0m [1mnode[0m[1m{[0m[3mname[0m[2m=[0mk#99f25ef6..[1m}[0m[2m:[0m [2mconsensus_core::core[0m[2m:[0m [2mconsensus/core/src/core.rs[0m[2m:[0m[2m630:[0m Committing 1 leaders: B388(C,P3f5)
[2m2025-03-25T07:56:39.537679Z[0m [32m INFO[0m [1mnode[0m[1m{[0m[3mname[0m[2m=[0mk#99f25ef6..[1m}[0m[2m:[0m [2mconsensus_core::commit_observer[0m[2m:[0m [2mconsensus/core/src/commit_observer.rs[0m[2m:[0m[2m173:[0m Consensus commit C377(wSIi) with leader B388(C,P3f5) has 3 blocks
[2m2025-03-25T07:56:39.537768Z[0m [32m INFO[0m [1mnode[0m[1m{[0m[3mname[0m[2m=[0mk#99f25ef6..[1m}[0m[2m:[0m [2msui_core::consensus_handler[0m[2m:[0m [2mcrates/sui-core/src/consensus_handler.rs[0m[2m:[0m[2m232:[0m Received consensus output [3mconsensus_commit[0m[2m=[0mCommittedSubDag(leader=B388(C,P3f5), ref=C377(wSIi), blocks=[QXGP, FlBB, P3f5]) [3mepoch[0m[2m=[0m1
[2m2025-03-25T07:56:39.538299Z[0m [32m INFO[0m [1mnode[0m[1m{[0m[3mname[0m[2m=[0mk#8dcff6d1..[1m}[0m[2m:[0m [2mconsensus_core::core[0m[2m:[0m [2mconsensus/core/src/core.rs[0m[2m:[0m[2m945:[0m Included 3 ancestors & excluded 0 ancestors for proposal in round 390
[2m2025-03-25T07:56:39.538583Z[0m [32m INFO[0m [1mnode[0m[1m{[0m[3mname[0m[2m=[0mk#8dcff6d1..[1m}[0m[2m:[0m [2mconsensus_core::core[0m[2m:[0m [2mconsensus/core/src/core.rs[0m[2m:[0m[2m531:[0m Created block B390(A,feQlLRDvv+tZleBulCKGwK+73ClFph3WWWYc4icKFWs=)(1742889399538ms;[B389(A,JQqoREDZSmqt5QMF4KMSz4csnvzlk8GhAyjrsDw7njg=), B389(B,EzbUOg6pCtWQ7GlUdwsh3MWEfI5o3XHrOknQZjNcwlM=), B389(C,cIpa65vssNsdc4PBW73vAvSaupsGjWauT8az2jsO8Io=)];1t;1c) for round 390
[2m2025-03-25T07:56:39.538646Z[0m [32m INFO[0m [1mnode[0m[1m{[0m[3mname[0m[2m=[0mk#8dcff6d1..[1m}[0m[2m:[0m [2mconsensus_core::core[0m[2m:[0m [2mconsensus/core/src/core.rs[0m[2m:[0m[2m630:[0m Committing 1 leaders: B388(C,P3f5)
[2m2025-03-25T07:56:39.538710Z[0m [32m INFO[0m [1mnode[0m[1m{[0m[3mname[0m[2m=[0mk#8dcff6d1..[1m}[0m[2m:[0m [2mconsensus_core::commit_observer[0m[2m:[0m [2mconsensus/core/src/commit_observer.rs[0m[2m:[0m[2m173:[0m Consensus commit C377(wSIi) with leader B388(C,P3f5) has 3 blocks
[2m2025-03-25T07:56:39.538788Z[0m [32m INFO[0m [1mnode[0m[1m{[0m[3mname[0m[2m=[0mk#8dcff6d1..[1m}[0m[2m:[0m [2msui_core::consensus_handler[0m[2m:[0m [2mcrates/sui-core/src/consensus_handler.rs[0m[2m:[0m[2m232:[0m Received consensus output [3mconsensus_commit[0m[2m=[0mCommittedSubDag(leader=B388(C,P3f5), ref=C377(wSIi), blocks=[QXGP, FlBB, P3f5]) [3mepoch[0m[2m=[0m1
[2m2025-03-25T07:56:39.540146Z[0m [32m INFO[0m [1mnode[0m[1m{[0m[3mname[0m[2m=[0mk#addeef94..[1m}[0m[2m:[0m [2mconsensus_core::core[0m[2m:[0m [2mconsensus/core/src/core.rs[0m[2m:[0m[2m630:[0m Committing 1 leaders: B388(C,P3f5)
[2m2025-03-25T07:56:39.540231Z[0m [32m INFO[0m [1mnode[0m[1m{[0m[3mname[0m[2m=[0mk#addeef94..[1m}[0m[2m:[0m [2mconsensus_core::commit_observer[0m[2m:[0m [2mconsensus/core/src/commit_observer.rs[0m[2m:[0m[2m173:[0m Consensus commit C377(wSIi) with leader B388(C,P3f5) has 3 blocks
[2m2025-03-25T07:56:39.540301Z[0m [32m INFO[0m [1mnode[0m[1m{[0m[3mname[0m[2m=[0mk#addeef94..[1m}[0m[2m:[0m [2msui_core::consensus_handler[0m[2m:[0m [2mcrates/sui-core/src/consensus_handler.rs[0m[2m:[0m[2m232:[0m Received consensus output [3mconsensus_commit[0m[2m=[0mCommittedSubDag(leader=B388(C,P3f5), ref=C377(wSIi), blocks=[QXGP, FlBB, P3f5]) [3mepoch[0m[2m=[0m1
[2m2025-03-25T07:56:39.584279Z[0m [32m INFO[0m [1mnode[0m[1m{[0m[3mname[0m[2m=[0mk#8dcff6d1..[1m}[0m[2m:[0m [2msui_core::checkpoints[0m[2m:[0m [2mcrates/sui-core/src/checkpoints/mod.rs[0m[2m:[0m[2m1326:[0m Creating checkpoint(s) for 1 transactions [3mnext_checkpoint_seq[0m[2m=[0m590 [3mcheckpoint_timestamp[0m[2m=[0m1742889399024
[2m2025-03-25T07:56:39.584279Z[0m [32m INFO[0m [1mnode[0m[1m{[0m[3mname[0m[2m=[0mk#99f25ef6..[1m}[0m[2m:[0m [2msui_core::checkpoints[0m[2m:[0m [2mcrates/sui-core/src/checkpoints/mod.rs[0m[2m:[0m[2m1326:[0m Creating checkpoint(s) for 1 transactions [3mnext_checkpoint_seq[0m[2m=[0m590 [3mcheckpoint_timestamp[0m[2m=[0m1742889399024
[2m2025-03-25T07:56:39.584518Z[0m [32m INFO[0m [1mnode[0m[1m{[0m[3mname[0m[2m=[0mk#8dcff6d1..[1m}[0m[2m:[0m [2msui_core::checkpoints::checkpoint_output[0m[2m:[0m [2mcrates/sui-core/src/checkpoints/checkpoint_output.rs[0m[2m:[0m[2m149:[0m Creating checkpoint CheckpointDigest(EYxaWWqbxx9ugroj6s1J8YwcDgXzmBebtLkoDVUd1ds1) at epoch 1, sequence 590, previous digest Some(CheckpointDigest(BN7LjvULrjVDwYKq2NxjmuvT8qnnxNbFrDYAZj4jHZia)), transactions count 1, content digest CheckpointContentsDigest(EjWYJJvSnKVc7B1U5nAPbHwHsBnqHEHrBnEttpWMoRKL), end_of_epoch_data None
[2m2025-03-25T07:56:39.584518Z[0m [32m INFO[0m [1mnode[0m[1m{[0m[3mname[0m[2m=[0mk#99f25ef6..[1m}[0m[2m:[0m [2msui_core::checkpoints::checkpoint_output[0m[2m:[0m [2mcrates/sui-core/src/checkpoints/checkpoint_output.rs[0m[2m:[0m[2m149:[0m Creating checkpoint CheckpointDigest(EYxaWWqbxx9ugroj6s1J8YwcDgXzmBebtLkoDVUd1ds1) at epoch 1, sequence 590, previous digest Some(CheckpointDigest(BN7LjvULrjVDwYKq2NxjmuvT8qnnxNbFrDYAZj4jHZia)), transactions count 1, content digest CheckpointContentsDigest(EjWYJJvSnKVc7B1U5nAPbHwHsBnqHEHrBnEttpWMoRKL), end_of_epoch_data None
[2m2025-03-25T07:56:39.584985Z[0m [32m INFO[0m [1mnode[0m[1m{[0m[3mname[0m[2m=[0mk#addeef94..[1m}[0m[2m:[0m [2msui_core::checkpoints[0m[2m:[0m [2mcrates/sui-core/src/checkpoints/mod.rs[0m[2m:[0m[2m1326:[0m Creating checkpoint(s) for 1 transactions [3mnext_checkpoint_seq[0m[2m=[0m590 [3mcheckpoint_timestamp[0m[2m=[0m1742889399024
[2m2025-03-25T07:56:39.585154Z[0m [32m INFO[0m [1mnode[0m[1m{[0m[3mname[0m[2m=[0mk#addeef94..[1m}[0m[2m:[0m [2msui_core::checkpoints::checkpoint_output[0m[2m:[0m [2mcrates/sui-core/src/checkpoints/checkpoint_output.rs[0m[2m:[0m[2m149:[0m Creating checkpoint CheckpointDigest(EYxaWWqbxx9ugroj6s1J8YwcDgXzmBebtLkoDVUd1ds1) at epoch 1, sequence 590, previous digest Some(CheckpointDigest(BN7LjvULrjVDwYKq2NxjmuvT8qnnxNbFrDYAZj4jHZia)), transactions count 1, content digest CheckpointContentsDigest(EjWYJJvSnKVc7B1U5nAPbHwHsBnqHEHrBnEttpWMoRKL), end_of_epoch_data None
[2m2025-03-25T07:56:39.587877Z[0m [32m INFO[0m [1mnode[0m[1m{[0m[3mname[0m[2m=[0mk#8dcff6d1..[1m}[0m[2m:[0m [2msui_core::checkpoints::checkpoint_output[0m[2m:[0m [2mcrates/sui-core/src/checkpoints/checkpoint_output.rs[0m[2m:[0m[2m196:[0m Certified checkpoint with sequence 589 and digest BN7LjvULrjVDwYKq2NxjmuvT8qnnxNbFrDYAZj4jHZia
[2m2025-03-25T07:56:39.587972Z[0m [32m INFO[0m [1mnode[0m[1m{[0m[3mname[0m[2m=[0mk#99f25ef6..[1m}[0m[2m:[0m [2msui_core::checkpoints::checkpoint_output[0m[2m:[0m [2mcrates/sui-core/src/checkpoints/checkpoint_output.rs[0m[2m:[0m[2m196:[0m Certified checkpoint with sequence 589 and digest BN7LjvULrjVDwYKq2NxjmuvT8qnnxNbFrDYAZj4jHZia
[2m2025-03-25T07:56:39.591488Z[0m [32m INFO[0m [1mnode[0m[1m{[0m[3mname[0m[2m=[0mk#8dcff6d1..[1m}[0m[2m:[0m [2msui_core::checkpoints::checkpoint_executor[0m[2m:[0m [2mcrates/sui-core/src/checkpoints/checkpoint_executor/mod.rs[0m[2m:[0m[2m332:[0m Received checkpoint summary from state sync [3msequence_number[0m[2m=[0m589
[2m2025-03-25T07:56:39.591544Z[0m [32m INFO[0m [1mnode[0m[1m{[0m[3mname[0m[2m=[0mk#99f25ef6..[1m}[0m[2m:[0m [2msui_core::checkpoints::checkpoint_executor[0m[2m:[0m [2mcrates/sui-core/src/checkpoints/checkpoint_executor/mod.rs[0m[2m:[0m[2m332:[0m Received checkpoint summary from state sync [3msequence_number[0m[2m=[0m589
[2m2025-03-25T07:56:39.610417Z[0m [32m INFO[0m [1mnode[0m[1m{[0m[3mname[0m[2m=[0mk#99f25ef6..[1m}[0m[2m:[0m [2msui_core::state_accumulator[0m[2m:[0m [2mcrates/sui-core/src/state_accumulator.rs[0m[2m:[0m[2m675:[0m accumulating running root for checkpoint 589
[2m2025-03-25T07:56:39.610417Z[0m [32m INFO[0m [1mnode[0m[1m{[0m[3mname[0m[2m=[0mk#8dcff6d1..[1m}[0m[2m:[0m [2msui_core::state_accumulator[0m[2m:[0m [2mcrates/sui-core/src/state_accumulator.rs[0m[2m:[0m[2m675:[0m accumulating running root for checkpoint 589
[2m2025-03-25T07:56:39.656125Z[0m [32m INFO[0m [1mnode[0m[1m{[0m[3mname[0m[2m=[0mk#addeef94..[1m}[0m[2m:[0m [2msui_core::checkpoints::checkpoint_executor[0m[2m:[0m [2mcrates/sui-core/src/checkpoints/checkpoint_executor/mod.rs[0m[2m:[0m[2m332:[0m Received checkpoint summary from state sync [3msequence_number[0m[2m=[0m589
[2m2025-03-25T07:56:39.657409Z[0m [32m INFO[0m [1mnode[0m[1m{[0m[3mname[0m[2m=[0mk#addeef94..[1m}[0m[2m:[0m [2msui_core::state_accumulator[0m[2m:[0m [2mcrates/sui-core/src/state_accumulator.rs[0m[2m:[0m[2m675:[0m accumulating running root for checkpoint 589
[2m2025-03-25T07:56:39.789363Z[0m [32m INFO[0m [1mnode[0m[1m{[0m[3mname[0m[2m=[0mk#99f25ef6..[1m}[0m[2m:[0m [2mconsensus_core::core[0m[2m:[0m [2mconsensus/core/src/core.rs[0m[2m:[0m[2m945:[0m Included 3 ancestors & excluded 0 ancestors for proposal in round 391
[2m2025-03-25T07:56:39.789742Z[0m [32m INFO[0m [1mnode[0m[1m{[0m[3mname[0m[2m=[0mk#99f25ef6..[1m}[0m[2m:[0m [2mconsensus_core::core[0m[2m:[0m [2mconsensus/core/src/core.rs[0m[2m:[0m[2m531:[0m Created block B391(B,4rmOSf5tDLHYJKg7b2CoYXA8JYgmTq39SlGN/Jz00sw=)(1742889399789ms;[B390(B,JD58+UoNGQ2Z7vPRXoh0qRLj84WolDF9k0XnT/IP8Gk=), B390(A,feQlLRDvv+tZleBulCKGwK+73ClFph3WWWYc4icKFWs=), B390(C,louJethxEXHotU5zgJS4H7O4Ms+GDkwY7j0qxV4O3lk=)];1t;1c) for round 391
[2m2025-03-25T07:56:39.791684Z[0m [32m INFO[0m [1mnode[0m[1m{[0m[3mname[0m[2m=[0mk#8dcff6d1..[1m}[0m[2m:[0m [2mconsensus_core::core[0m[2m:[0m [2mconsensus/core/src/core.rs[0m[2m:[0m[2m945:[0m Included 3 ancestors & excluded 0 ancestors for proposal in round 391
[2m2025-03-25T07:56:39.791703Z[0m [32m INFO[0m [1mnode[0m[1m{[0m[3mname[0m[2m=[0mk#addeef94..[1m}[0m[2m:[0m [2mconsensus_core::core[0m[2m:[0m [2mconsensus/core/src/core.rs[0m[2m:[0m[2m945:[0m Included 3 ancestors & excluded 0 ancestors for proposal in round 391
[2m2025-03-25T07:56:39.791999Z[0m [32m INFO[0m [1mnode[0m[1m{[0m[3mname[0m[2m=[0mk#addeef94..[1m}[0m[2m:[0m [2mconsensus_core::core[0m[2m:[0m [2mconsensus/core/src/core.rs[0m[2m:[0m[2m531:[0m Created block B391(C,sFwGOZX/2pxiFjOZO5FtlZQgc86hRTFRj8F6quEpTa0=)(1742889399791ms;[B390(C,louJethxEXHotU5zgJS4H7O4Ms+GDkwY7j0qxV4O3lk=), B390(A,feQlLRDvv+tZleBulCKGwK+73ClFph3WWWYc4icKFWs=), B390(B,JD58+UoNGQ2Z7vPRXoh0qRLj84WolDF9k0XnT/IP8Gk=)];1t;1c) for round 391
[2m2025-03-25T07:56:39.792005Z[0m [32m INFO[0m [1mnode[0m[1m{[0m[3mname[0m[2m=[0mk#8dcff6d1..[1m}[0m[2m:[0m [2mconsensus_core::core[0m[2m:[0m [2mconsensus/core/src/core.rs[0m[2m:[0m[2m531:[0m Created block B391(A,AyOTCzNcDDb4zitvB8l6LlDI6NQFkNUluwESEeT6WOw=)(1742889399791ms;[B390(A,feQlLRDvv+tZleBulCKGwK+73ClFph3WWWYc4icKFWs=), B390(B,JD58+UoNGQ2Z7vPRXoh0qRLj84WolDF9k0XnT/IP8Gk=), B390(C,louJethxEXHotU5zgJS4H7O4Ms+GDkwY7j0qxV4O3lk=)];1t;1c) for round 391
[2m2025-03-25T07:56:39.792069Z[0m [32m INFO[0m [1mnode[0m[1m{[0m[3mname[0m[2m=[0mk#addeef94..[1m}[0m[2m:[0m [2mconsensus_core::core[0m[2m:[0m [2mconsensus/core/src/core.rs[0m[2m:[0m[2m630:[0m Committing 1 leaders: B389(A,JQqo)
[2m2025-03-25T07:56:39.792139Z[0m [32m INFO[0m [1mnode[0m[1m{[0m[3mname[0m[2m=[0mk#addeef94..[1m}[0m[2m:[0m [2mconsensus_core::commit_observer[0m[2m:[0m [2mconsensus/core/src/commit_observer.rs[0m[2m:[0m[2m173:[0m Consensus commit C378(0yNN) with leader B389(A,JQqo) has 3 blocks
[2m2025-03-25T07:56:39.792225Z[0m [32m INFO[0m [1mnode[0m[1m{[0m[3mname[0m[2m=[0mk#addeef94..[1m}[0m[2m:[0m [2msui_core::consensus_handler[0m[2m:[0m [2mcrates/sui-core/src/consensus_handler.rs[0m[2m:[0m[2m232:[0m Received consensus output [3mconsensus_commit[0m[2m=[0mCommittedSubDag(leader=B389(A,JQqo), ref=C378(0yNN), blocks=[9Q38, aK0y, JQqo]) [3mepoch[0m[2m=[0m1
[2m2025-03-25T07:56:39.795290Z[0m [32m INFO[0m [1mnode[0m[1m{[0m[3mname[0m[2m=[0mk#8dcff6d1..[1m}[0m[2m:[0m [2msui_core::checkpoints::checkpoint_output[0m[2m:[0m [2mcrates/sui-core/src/checkpoints/checkpoint_output.rs[0m[2m:[0m[2m196:[0m Certified checkpoint with sequence 590 and digest EYxaWWqbxx9ugroj6s1J8YwcDgXzmBebtLkoDVUd1ds1
[2m2025-03-25T07:56:39.795408Z[0m [32m INFO[0m [1mnode[0m[1m{[0m[3mname[0m[2m=[0mk#8dcff6d1..[1m}[0m[2m:[0m [2mconsensus_core::core[0m[2m:[0m [2mconsensus/core/src/core.rs[0m[2m:[0m[2m630:[0m Committing 1 leaders: B389(A,JQqo)
[2m2025-03-25T07:56:39.795502Z[0m [32m INFO[0m [1mnode[0m[1m{[0m[3mname[0m[2m=[0mk#8dcff6d1..[1m}[0m[2m:[0m [2mconsensus_core::commit_observer[0m[2m:[0m [2mconsensus/core/src/commit_observer.rs[0m[2m:[0m[2m173:[0m Consensus commit C378(0yNN) with leader B389(A,JQqo) has 3 blocks
[2m2025-03-25T07:56:39.795849Z[0m [32m INFO[0m [1mnode[0m[1m{[0m[3mname[0m[2m=[0mk#99f25ef6..[1m}[0m[2m:[0m [2msui_core::checkpoints::checkpoint_output[0m[2m:[0m [2mcrates/sui-core/src/checkpoints/checkpoint_output.rs[0m[2m:[0m[2m196:[0m Certified checkpoint with sequence 590 and digest EYxaWWqbxx9ugroj6s1J8YwcDgXzmBebtLkoDVUd1ds1
[2m2025-03-25T07:56:39.795944Z[0m [32m INFO[0m [1mnode[0m[1m{[0m[3mname[0m[2m=[0mk#8dcff6d1..[1m}[0m[2m:[0m [2msui_core::consensus_handler[0m[2m:[0m [2mcrates/sui-core/src/consensus_handler.rs[0m[2m:[0m[2m232:[0m Received consensus output [3mconsensus_commit[0m[2m=[0mCommittedSubDag(leader=B389(A,JQqo), ref=C378(0yNN), blocks=[9Q38, aK0y, JQqo]) [3mepoch[0m[2m=[0m1
[2m2025-03-25T07:56:39.795950Z[0m [32m INFO[0m [1mnode[0m[1m{[0m[3mname[0m[2m=[0mk#99f25ef6..[1m}[0m[2m:[0m [2mconsensus_core::core[0m[2m:[0m [2mconsensus/core/src/core.rs[0m[2m:[0m[2m630:[0m Committing 1 leaders: B389(A,JQqo)
[2m2025-03-25T07:56:39.796056Z[0m [32m INFO[0m [1mnode[0m[1m{[0m[3mname[0m[2m=[0mk#99f25ef6..[1m}[0m[2m:[0m [2mconsensus_core::commit_observer[0m[2m:[0m [2mconsensus/core/src/commit_observer.rs[0m[2m:[0m[2m173:[0m Consensus commit C378(0yNN) with leader B389(A,JQqo) has 3 blocks
[2m2025-03-25T07:56:39.796427Z[0m [32m INFO[0m [1mnode[0m[1m{[0m[3mname[0m[2m=[0mk#99f25ef6..[1m}[0m[2m:[0m [2msui_core::consensus_handler[0m[2m:[0m [2mcrates/sui-core/src/consensus_handler.rs[0m[2m:[0m[2m232:[0m Received consensus output [3mconsensus_commit[0m[2m=[0mCommittedSubDag(leader=B389(A,JQqo), ref=C378(0yNN), blocks=[9Q38, aK0y, JQqo]) [3mepoch[0m[2m=[0m1
[2m2025-03-25T07:56:39.796538Z[0m [32m INFO[0m [1mnode[0m[1m{[0m[3mname[0m[2m=[0mk#8dcff6d1..[1m}[0m[2m:[0m [2msui_core::checkpoints::checkpoint_executor[0m[2m:[0m [2mcrates/sui-core/src/checkpoints/checkpoint_executor/mod.rs[0m[2m:[0m[2m332:[0m Received checkpoint summary from state sync [3msequence_number[0m[2m=[0m590
[2m2025-03-25T07:56:39.796947Z[0m [32m INFO[0m [1mnode[0m[1m{[0m[3mname[0m[2m=[0mk#99f25ef6..[1m}[0m[2m:[0m [2msui_core::checkpoints::checkpoint_executor[0m[2m:[0m [2mcrates/sui-core/src/checkpoints/checkpoint_executor/mod.rs[0m[2m:[0m[2m332:[0m Received checkpoint summary from state sync [3msequence_number[0m[2m=[0m590
[2m2025-03-25T07:56:39.798192Z[0m [32m INFO[0m [1mnode[0m[1m{[0m[3mname[0m[2m=[0mk#8dcff6d1..[1m}[0m[2m:[0m [2msui_core::state_accumulator[0m[2m:[0m [2mcrates/sui-core/src/state_accumulator.rs[0m[2m:[0m[2m675:[0m accumulating running root for checkpoint 590
[2m2025-03-25T07:56:39.798195Z[0m [32m INFO[0m [1mnode[0m[1m{[0m[3mname[0m[2m=[0mk#99f25ef6..[1m}[0m[2m:[0m [2msui_core::state_accumulator[0m[2m:[0m [2mcrates/sui-core/src/state_accumulator.rs[0m[2m:[0m[2m675:[0m accumulating running root for checkpoint 590
[2m2025-03-25T07:56:39.819401Z[0m [32m INFO[0m [1mnode[0m[1m{[0m[3mname[0m[2m=[0mk#addeef94..[1m}[0m[2m:[0m [2msui_core::checkpoints[0m[2m:[0m [2mcrates/sui-core/src/checkpoints/mod.rs[0m[2m:[0m[2m1326:[0m Creating checkpoint(s) for 2 transactions [3mnext_checkpoint_seq[0m[2m=[0m591 [3mcheckpoint_timestamp[0m[2m=[0m1742889399280
[2m2025-03-25T07:56:39.819715Z[0m [32m INFO[0m [1mnode[0m[1m{[0m[3mname[0m[2m=[0mk#addeef94..[1m}[0m[2m:[0m [2msui_core::checkpoints::checkpoint_output[0m[2m:[0m [2mcrates/sui-core/src/checkpoints/checkpoint_output.rs[0m[2m:[0m[2m149:[0m Creating checkpoint CheckpointDigest(9SmgkJ4mTiZxaDSkAUAe2agxkjf9KFo6LSKTgh65wkER) at epoch 1, sequence 591, previous digest Some(CheckpointDigest(EYxaWWqbxx9ugroj6s1J8YwcDgXzmBebtLkoDVUd1ds1)), transactions count 2, content digest CheckpointContentsDigest(EAbSH9zj7Pcvi9enm8XR7edQZL7LuA2Cb6PXPG61nfME), end_of_epoch_data None
[2m2025-03-25T07:56:39.823709Z[0m [32m INFO[0m [1mnode[0m[1m{[0m[3mname[0m[2m=[0mk#8dcff6d1..[1m}[0m[2m:[0m [2msui_core::checkpoints[0m[2m:[0m [2mcrates/sui-core/src/checkpoints/mod.rs[0m[2m:[0m[2m1326:[0m Creating checkpoint(s) for 2 transactions [3mnext_checkpoint_seq[0m[2m=[0m591 [3mcheckpoint_timestamp[0m[2m=[0m1742889399280
[2m2025-03-25T07:56:39.823742Z[0m [32m INFO[0m [1mnode[0m[1m{[0m[3mname[0m[2m=[0mk#99f25ef6..[1m}[0m[2m:[0m [2msui_core::checkpoints[0m[2m:[0m [2mcrates/sui-core/src/checkpoints/mod.rs[0m[2m:[0m[2m1326:[0m Creating checkpoint(s) for 2 transactions [3mnext_checkpoint_seq[0m[2m=[0m591 [3mcheckpoint_timestamp[0m[2m=[0m1742889399280
[2m2025-03-25T07:56:39.823980Z[0m [32m INFO[0m [1mnode[0m[1m{[0m[3mname[0m[2m=[0mk#8dcff6d1..[1m}[0m[2m:[0m [2msui_core::checkpoints::checkpoint_output[0m[2m:[0m [2mcrates/sui-core/src/checkpoints/checkpoint_output.rs[0m[2m:[0m[2m149:[0m Creating checkpoint CheckpointDigest(9SmgkJ4mTiZxaDSkAUAe2agxkjf9KFo6LSKTgh65wkER) at epoch 1, sequence 591, previous digest Some(CheckpointDigest(EYxaWWqbxx9ugroj6s1J8YwcDgXzmBebtLkoDVUd1ds1)), transactions count 2, content digest CheckpointContentsDigest(EAbSH9zj7Pcvi9enm8XR7edQZL7LuA2Cb6PXPG61nfME), end_of_epoch_data None
[2m2025-03-25T07:56:39.823990Z[0m [32m INFO[0m [1mnode[0m[1m{[0m[3mname[0m[2m=[0mk#99f25ef6..[1m}[0m[2m:[0m [2msui_core::checkpoints::checkpoint_output[0m[2m:[0m [2mcrates/sui-core/src/checkpoints/checkpoint_output.rs[0m[2m:[0m[2m149:[0m Creating checkpoint CheckpointDigest(9SmgkJ4mTiZxaDSkAUAe2agxkjf9KFo6LSKTgh65wkER) at epoch 1, sequence 591, previous digest Some(CheckpointDigest(EYxaWWqbxx9ugroj6s1J8YwcDgXzmBebtLkoDVUd1ds1)), transactions count 2, content digest CheckpointContentsDigest(EAbSH9zj7Pcvi9enm8XR7edQZL7LuA2Cb6PXPG61nfME), end_of_epoch_data None
[2m2025-03-25T07:56:39.824136Z[0m [32m INFO[0m [1mnode[0m[1m{[0m[3mname[0m[2m=[0mk#addeef94..[1m}[0m[2m:[0m [2msui_core::checkpoints::checkpoint_executor[0m[2m:[0m [2mcrates/sui-core/src/checkpoints/checkpoint_executor/mod.rs[0m[2m:[0m[2m332:[0m Received checkpoint summary from state sync [3msequence_number[0m[2m=[0m590
[2m2025-03-25T07:56:39.824994Z[0m [32m INFO[0m [1mnode[0m[1m{[0m[3mname[0m[2m=[0mk#addeef94..[1m}[0m[2m:[0m [2msui_core::state_accumulator[0m[2m:[0m [2mcrates/sui-core/src/state_accumulator.rs[0m[2m:[0m[2m675:[0m accumulating running root for checkpoint 590
[2m2025-03-25T07:56:40.045578Z[0m [32m INFO[0m [1mnode[0m[1m{[0m[3mname[0m[2m=[0mk#addeef94..[1m}[0m[2m:[0m [2mconsensus_core::core[0m[2m:[0m [2mconsensus/core/src/core.rs[0m[2m:[0m[2m945:[0m Included 3 ancestors & excluded 0 ancestors for proposal in round 392
[2m2025-03-25T07:56:40.045946Z[0m [32m INFO[0m [1mnode[0m[1m{[0m[3mname[0m[2m=[0mk#addeef94..[1m}[0m[2m:[0m [2mconsensus_core::core[0m[2m:[0m [2mconsensus/core/src/core.rs[0m[2m:[0m[2m531:[0m Created block B392(C,UVHxRa24z9Ov2xf2BdmqjYyb7K73GkxUVrfqwKSmfCc=)(1742889400045ms;[B391(C,sFwGOZX/2pxiFjOZO5FtlZQgc86hRTFRj8F6quEpTa0=), B391(A,AyOTCzNcDDb4zitvB8l6LlDI6NQFkNUluwESEeT6WOw=), B391(B,4rmOSf5tDLHYJKg7b2CoYXA8JYgmTq39SlGN/Jz00sw=)];1t;1c) for round 392
[2m2025-03-25T07:56:40.047850Z[0m [32m INFO[0m [1mnode[0m[1m{[0m[3mname[0m[2m=[0mk#8dcff6d1..[1m}[0m[2m:[0m [2mconsensus_core::core[0m[2m:[0m [2mconsensus/core/src/core.rs[0m[2m:[0m[2m945:[0m Included 3 ancestors & excluded 0 ancestors for proposal in round 392
[2m2025-03-25T07:56:40.047850Z[0m [32m INFO[0m [1mnode[0m[1m{[0m[3mname[0m[2m=[0mk#99f25ef6..[1m}[0m[2m:[0m [2mconsensus_core::core[0m[2m:[0m [2mconsensus/core/src/core.rs[0m[2m:[0m[2m945:[0m Included 3 ancestors & excluded 0 ancestors for proposal in round 392
[2m2025-03-25T07:56:40.048138Z[0m [32m INFO[0m [1mnode[0m[1m{[0m[3mname[0m[2m=[0mk#99f25ef6..[1m}[0m[2m:[0m [2mconsensus_core::core[0m[2m:[0m [2mconsensus/core/src/core.rs[0m[2m:[0m[2m531:[0m Created block B392(B,YjzH88Clzt54bntY7UhQLjU43d04oV7eHDEf+8mhbfc=)(1742889400048ms;[B391(B,4rmOSf5tDLHYJKg7b2CoYXA8JYgmTq39SlGN/Jz00sw=), B391(A,AyOTCzNcDDb4zitvB8l6LlDI6NQFkNUluwESEeT6WOw=), B391(C,sFwGOZX/2pxiFjOZO5FtlZQgc86hRTFRj8F6quEpTa0=)];1t;1c) for round 392
[2m2025-03-25T07:56:40.048141Z[0m [32m INFO[0m [1mnode[0m[1m{[0m[3mname[0m[2m=[0mk#8dcff6d1..[1m}[0m[2m:[0m [2mconsensus_core::core[0m[2m:[0m [2mconsensus/core/src/core.rs[0m[2m:[0m[2m531:[0m Created block B392(A,B4Iue/2SGOVcuZhgvCoIMYNwILH9tXaFZt9SrPbip5U=)(1742889400048ms;[B391(A,AyOTCzNcDDb4zitvB8l6LlDI6NQFkNUluwESEeT6WOw=), B391(B,4rmOSf5tDLHYJKg7b2CoYXA8JYgmTq39SlGN/Jz00sw=), B391(C,sFwGOZX/2pxiFjOZO5FtlZQgc86hRTFRj8F6quEpTa0=)];1t;1c) for round 392
[2m2025-03-25T07:56:40.048208Z[0m [32m INFO[0m [1mnode[0m[1m{[0m[3mname[0m[2m=[0mk#99f25ef6..[1m}[0m[2m:[0m [2mconsensus_core::core[0m[2m:[0m [2mconsensus/core/src/core.rs[0m[2m:[0m[2m630:[0m Committing 1 leaders: B390(B,JD58)
[2m2025-03-25T07:56:40.048208Z[0m [32m INFO[0m [1mnode[0m[1m{[0m[3mname[0m[2m=[0mk#8dcff6d1..[1m}[0m[2m:[0m [2mconsensus_core::core[0m[2m:[0m [2mconsensus/core/src/core.rs[0m[2m:[0m[2m630:[0m Committing 1 leaders: B390(B,JD58)
[2m2025-03-25T07:56:40.048277Z[0m [32m INFO[0m [1mnode[0m[1m{[0m[3mname[0m[2m=[0mk#99f25ef6..[1m}[0m[2m:[0m [2mconsensus_core::commit_observer[0m[2m:[0m [2mconsensus/core/src/commit_observer.rs[0m[2m:[0m[2m173:[0m Consensus commit C379(Y9On) with leader B390(B,JD58) has 3 blocks
[2m2025-03-25T07:56:40.048278Z[0m [32m INFO[0m [1mnode[0m[1m{[0m[3mname[0m[2m=[0mk#8dcff6d1..[1m}[0m[2m:[0m [2mconsensus_core::commit_observer[0m[2m:[0m [2mconsensus/core/src/commit_observer.rs[0m[2m:[0m[2m173:[0m Consensus commit C379(Y9On) with leader B390(B,JD58) has 3 blocks
[2m2025-03-25T07:56:40.048363Z[0m [32m INFO[0m [1mnode[0m[1m{[0m[3mname[0m[2m=[0mk#99f25ef6..[1m}[0m[2m:[0m [2msui_core::consensus_handler[0m[2m:[0m [2mcrates/sui-core/src/consensus_handler.rs[0m[2m:[0m[2m232:[0m Received consensus output [3mconsensus_commit[0m[2m=[0mCommittedSubDag(leader=B390(B,JD58), ref=C379(Y9On), blocks=[EzbU, cIpa, JD58]) [3mepoch[0m[2m=[0m1
[2m2025-03-25T07:56:40.048363Z[0m [32m INFO[0m [1mnode[0m[1m{[0m[3mname[0m[2m=[0mk#8dcff6d1..[1m}[0m[2m:[0m [2msui_core::consensus_handler[0m[2m:[0m [2mcrates/sui-core/src/consensus_handler.rs[0m[2m:[0m[2m232:[0m Received consensus output [3mconsensus_commit[0m[2m=[0mCommittedSubDag(leader=B390(B,JD58), ref=C379(Y9On), blocks=[EzbU, cIpa, JD58]) [3mepoch[0m[2m=[0m1
[2m2025-03-25T07:56:40.052010Z[0m [32m INFO[0m [1mnode[0m[1m{[0m[3mname[0m[2m=[0mk#addeef94..[1m}[0m[2m:[0m [2mconsensus_core::core[0m[2m:[0m [2mconsensus/core/src/core.rs[0m[2m:[0m[2m630:[0m Committing 1 leaders: B390(B,JD58)
[2m2025-03-25T07:56:40.052093Z[0m [32m INFO[0m [1mnode[0m[1m{[0m[3mname[0m[2m=[0mk#addeef94..[1m}[0m[2m:[0m [2mconsensus_core::commit_observer[0m[2m:[0m [2mconsensus/core/src/commit_observer.rs[0m[2m:[0m[2m173:[0m Consensus commit C379(Y9On) with leader B390(B,JD58) has 3 blocks
[2m2025-03-25T07:56:40.052213Z[0m [32m INFO[0m [1mnode[0m[1m{[0m[3mname[0m[2m=[0mk#addeef94..[1m}[0m[2m:[0m [2msui_core::consensus_handler[0m[2m:[0m [2mcrates/sui-core/src/consensus_handler.rs[0m[2m:[0m[2m232:[0m Received consensus output [3mconsensus_commit[0m[2m=[0mCommittedSubDag(leader=B390(B,JD58), ref=C379(Y9On), blocks=[EzbU, cIpa, JD58]) [3mepoch[0m[2m=[0m1
[2m2025-03-25T07:56:40.092531Z[0m [32m INFO[0m [1mnode[0m[1m{[0m[3mname[0m[2m=[0mk#99f25ef6..[1m}[0m[2m:[0m [2msui_core::checkpoints[0m[2m:[0m [2mcrates/sui-core/src/checkpoints/mod.rs[0m[2m:[0m[2m1326:[0m Creating checkpoint(s) for 1 transactions [3mnext_checkpoint_seq[0m[2m=[0m592 [3mcheckpoint_timestamp[0m[2m=[0m1742889399537
[2m2025-03-25T07:56:40.092531Z[0m [32m INFO[0m [1mnode[0m[1m{[0m[3mname[0m[2m=[0mk#8dcff6d1..[1m}[0m[2m:[0m [2msui_core::checkpoints[0m[2m:[0m [2mcrates/sui-core/src/checkpoints/mod.rs[0m[2m:[0m[2m1326:[0m Creating checkpoint(s) for 1 transactions [3mnext_checkpoint_seq[0m[2m=[0m592 [3mcheckpoint_timestamp[0m[2m=[0m1742889399537
[2m2025-03-25T07:56:40.092762Z[0m [32m INFO[0m [1mnode[0m[1m{[0m[3mname[0m[2m=[0mk#8dcff6d1..[1m}[0m[2m:[0m [2msui_core::checkpoints::checkpoint_output[0m[2m:[0m [2mcrates/sui-core/src/checkpoints/checkpoint_output.rs[0m[2m:[0m[2m149:[0m Creating checkpoint CheckpointDigest(H2yjf1KwHJxK5ar4aWs374dG5BEyhikoug5sHaVm25Ub) at epoch 1, sequence 592, previous digest Some(CheckpointDigest(9SmgkJ4mTiZxaDSkAUAe2agxkjf9KFo6LSKTgh65wkER)), transactions count 1, content digest CheckpointContentsDigest(eghCYSRfp8EnVoEzTAsFzYqDxA9gWkd1PGcRaAao9EY), end_of_epoch_data None
[2m2025-03-25T07:56:40.092762Z[0m [32m INFO[0m [1mnode[0m[1m{[0m[3mname[0m[2m=[0mk#99f25ef6..[1m}[0m[2m:[0m [2msui_core::checkpoints::checkpoint_output[0m[2m:[0m [2mcrates/sui-core/src/checkpoints/checkpoint_output.rs[0m[2m:[0m[2m149:[0m Creating checkpoint CheckpointDigest(H2yjf1KwHJxK5ar4aWs374dG5BEyhikoug5sHaVm25Ub) at epoch 1, sequence 592, previous digest Some(CheckpointDigest(9SmgkJ4mTiZxaDSkAUAe2agxkjf9KFo6LSKTgh65wkER)), transactions count 1, content digest CheckpointContentsDigest(eghCYSRfp8EnVoEzTAsFzYqDxA9gWkd1PGcRaAao9EY), end_of_epoch_data None
[2m2025-03-25T07:56:40.095467Z[0m [32m INFO[0m [1mnode[0m[1m{[0m[3mname[0m[2m=[0mk#addeef94..[1m}[0m[2m:[0m [2msui_core::checkpoints[0m[2m:[0m [2mcrates/sui-core/src/checkpoints/mod.rs[0m[2m:[0m[2m1326:[0m Creating checkpoint(s) for 1 transactions [3mnext_checkpoint_seq[0m[2m=[0m592 [3mcheckpoint_timestamp[0m[2m=[0m1742889399537
[2m2025-03-25T07:56:40.095636Z[0m [32m INFO[0m [1mnode[0m[1m{[0m[3mname[0m[2m=[0mk#addeef94..[1m}[0m[2m:[0m [2msui_core::checkpoints::checkpoint_output[0m[2m:[0m [2mcrates/sui-core/src/checkpoints/checkpoint_output.rs[0m[2m:[0m[2m149:[0m Creating checkpoint CheckpointDigest(H2yjf1KwHJxK5ar4aWs374dG5BEyhikoug5sHaVm25Ub) at epoch 1, sequence 592, previous digest Some(CheckpointDigest(9SmgkJ4mTiZxaDSkAUAe2agxkjf9KFo6LSKTgh65wkER)), transactions count 1, content digest CheckpointContentsDigest(eghCYSRfp8EnVoEzTAsFzYqDxA9gWkd1PGcRaAao9EY), end_of_epoch_data None
[2m2025-03-25T07:56:40.097697Z[0m [32m INFO[0m [1mnode[0m[1m{[0m[3mname[0m[2m=[0mk#8dcff6d1..[1m}[0m[2m:[0m [2msui_core::checkpoints::checkpoint_output[0m[2m:[0m [2mcrates/sui-core/src/checkpoints/checkpoint_output.rs[0m[2m:[0m[2m196:[0m Certified checkpoint with sequence 591 and digest 9SmgkJ4mTiZxaDSkAUAe2agxkjf9KFo6LSKTgh65wkER
[2m2025-03-25T07:56:40.097784Z[0m [32m INFO[0m [1mnode[0m[1m{[0m[3mname[0m[2m=[0mk#99f25ef6..[1m}[0m[2m:[0m [2msui_core::checkpoints::checkpoint_output[0m[2m:[0m [2mcrates/sui-core/src/checkpoints/checkpoint_output.rs[0m[2m:[0m[2m196:[0m Certified checkpoint with sequence 591 and digest 9SmgkJ4mTiZxaDSkAUAe2agxkjf9KFo6LSKTgh65wkER
[2m2025-03-25T07:56:40.100600Z[0m [32m INFO[0m [1mnode[0m[1m{[0m[3mname[0m[2m=[0mk#99f25ef6..[1m}[0m[2m:[0m [2msui_core::checkpoints::checkpoint_executor[0m[2m:[0m [2mcrates/sui-core/src/checkpoints/checkpoint_executor/mod.rs[0m[2m:[0m[2m332:[0m Received checkpoint summary from state sync [3msequence_number[0m[2m=[0m591
[2m2025-03-25T07:56:40.100602Z[0m [32m INFO[0m [1mnode[0m[1m{[0m[3mname[0m[2m=[0mk#8dcff6d1..[1m}[0m[2m:[0m [2msui_core::checkpoints::checkpoint_executor[0m[2m:[0m [2mcrates/sui-core/src/checkpoints/checkpoint_executor/mod.rs[0m[2m:[0m[2m332:[0m Received checkpoint summary from state sync [3msequence_number[0m[2m=[0m591
[2m2025-03-25T07:56:40.118332Z[0m [32m INFO[0m [1mnode[0m[1m{[0m[3mname[0m[2m=[0mk#8dcff6d1..[1m}[0m[2m:[0m [2msui_core::state_accumulator[0m[2m:[0m [2mcrates/sui-core/src/state_accumulator.rs[0m[2m:[0m[2m675:[0m accumulating running root for checkpoint 591
[2m2025-03-25T07:56:40.118335Z[0m [32m INFO[0m [1mnode[0m[1m{[0m[3mname[0m[2m=[0mk#99f25ef6..[1m}[0m[2m:[0m [2msui_core::state_accumulator[0m[2m:[0m [2mcrates/sui-core/src/state_accumulator.rs[0m[2m:[0m[2m675:[0m accumulating running root for checkpoint 591
[2m2025-03-25T07:56:40.162691Z[0m [32m INFO[0m [1mnode[0m[1m{[0m[3mname[0m[2m=[0mk#addeef94..[1m}[0m[2m:[0m [2msui_core::checkpoints::checkpoint_executor[0m[2m:[0m [2mcrates/sui-core/src/checkpoints/checkpoint_executor/mod.rs[0m[2m:[0m[2m332:[0m Received checkpoint summary from state sync [3msequence_number[0m[2m=[0m591
[2m2025-03-25T07:56:40.164023Z[0m [32m INFO[0m [1mnode[0m[1m{[0m[3mname[0m[2m=[0mk#addeef94..[1m}[0m[2m:[0m [2msui_core::state_accumulator[0m[2m:[0m [2mcrates/sui-core/src/state_accumulator.rs[0m[2m:[0m[2m675:[0m accumulating running root for checkpoint 591
[2m2025-03-25T07:56:40.300539Z[0m [32m INFO[0m [1mnode[0m[1m{[0m[3mname[0m[2m=[0mk#99f25ef6..[1m}[0m[2m:[0m [2mconsensus_core::core[0m[2m:[0m [2mconsensus/core/src/core.rs[0m[2m:[0m[2m945:[0m Included 3 ancestors & excluded 0 ancestors for proposal in round 393
[2m2025-03-25T07:56:40.300539Z[0m [32m INFO[0m [1mnode[0m[1m{[0m[3mname[0m[2m=[0mk#8dcff6d1..[1m}[0m[2m:[0m [2mconsensus_core::core[0m[2m:[0m [2mconsensus/core/src/core.rs[0m[2m:[0m[2m945:[0m Included 3 ancestors & excluded 0 ancestors for proposal in round 393
[2m2025-03-25T07:56:40.300969Z[0m [32m INFO[0m [1mnode[0m[1m{[0m[3mname[0m[2m=[0mk#99f25ef6..[1m}[0m[2m:[0m [2mconsensus_core::core[0m[2m:[0m [2mconsensus/core/src/core.rs[0m[2m:[0m[2m531:[0m Created block B393(B,KgeKqcLAyankPMokcNVjKiE8o+fAmTT+lM1mjHPaQ6Y=)(1742889400300ms;[B392(B,YjzH88Clzt54bntY7UhQLjU43d04oV7eHDEf+8mhbfc=), B392(A,B4Iue/2SGOVcuZhgvCoIMYNwILH9tXaFZt9SrPbip5U=), B392(C,UVHxRa24z9Ov2xf2BdmqjYyb7K73GkxUVrfqwKSmfCc=)];1t;1c) for round 393
[2m2025-03-25T07:56:40.300969Z[0m [32m INFO[0m [1mnode[0m[1m{[0m[3mname[0m[2m=[0mk#8dcff6d1..[1m}[0m[2m:[0m [2mconsensus_core::core[0m[2m:[0m [2mconsensus/core/src/core.rs[0m[2m:[0m[2m531:[0m Created block B393(A,yuTE0hUkwSRGZ0asVH0qWKFBrAfkfP5avnNoXBC/wYw=)(1742889400300ms;[B392(A,B4Iue/2SGOVcuZhgvCoIMYNwILH9tXaFZt9SrPbip5U=), B392(B,YjzH88Clzt54bntY7UhQLjU43d04oV7eHDEf+8mhbfc=), B392(C,UVHxRa24z9Ov2xf2BdmqjYyb7K73GkxUVrfqwKSmfCc=)];1t;1c) for round 393
[2m2025-03-25T07:56:40.304389Z[0m [32m INFO[0m [1mnode[0m[1m{[0m[3mname[0m[2m=[0mk#addeef94..[1m}[0m[2m:[0m [2mconsensus_core::core[0m[2m:[0m [2mconsensus/core/src/core.rs[0m[2m:[0m[2m945:[0m Included 3 ancestors & excluded 0 ancestors for proposal in round 393
[2m2025-03-25T07:56:40.304698Z[0m [32m INFO[0m [1mnode[0m[1m{[0m[3mname[0m[2m=[0mk#addeef94..[1m}[0m[2m:[0m [2mconsensus_core::core[0m[2m:[0m [2mconsensus/core/src/core.rs[0m[2m:[0m[2m531:[0m Created block B393(C,SMBOG54NRCOgGIX0SeCwePIFHfyHONMs1r2d1itPgmU=)(1742889400304ms;[B392(C,UVHxRa24z9Ov2xf2BdmqjYyb7K73GkxUVrfqwKSmfCc=), B392(A,B4Iue/2SGOVcuZhgvCoIMYNwILH9tXaFZt9SrPbip5U=), B392(B,YjzH88Clzt54bntY7UhQLjU43d04oV7eHDEf+8mhbfc=)];1t;1c) for round 393
[2m2025-03-25T07:56:40.304767Z[0m [32m INFO[0m [1mnode[0m[1m{[0m[3mname[0m[2m=[0mk#addeef94..[1m}[0m[2m:[0m [2mconsensus_core::core[0m[2m:[0m [2mconsensus/core/src/core.rs[0m[2m:[0m[2m630:[0m Committing 1 leaders: B391(B,4rmO)
[2m2025-03-25T07:56:40.304838Z[0m [32m INFO[0m [1mnode[0m[1m{[0m[3mname[0m[2m=[0mk#addeef94..[1m}[0m[2m:[0m [2mconsensus_core::commit_observer[0m[2m:[0m [2mconsensus/core/src/commit_observer.rs[0m[2m:[0m[2m173:[0m Consensus commit C380(Cjgc) with leader B391(B,4rmO) has 3 blocks
[2m2025-03-25T07:56:40.304921Z[0m [32m INFO[0m [1mnode[0m[1m{[0m[3mname[0m[2m=[0mk#addeef94..[1m}[0m[2m:[0m [2msui_core::consensus_handler[0m[2m:[0m [2mcrates/sui-core/src/consensus_handler.rs[0m[2m:[0m[2m232:[0m Received consensus output [3mconsensus_commit[0m[2m=[0mCommittedSubDag(leader=B391(B,4rmO), ref=C380(Cjgc), blocks=[feQl, louJ, 4rmO]) [3mepoch[0m[2m=[0m1
[2m2025-03-25T07:56:40.307974Z[0m [32m INFO[0m [1mnode[0m[1m{[0m[3mname[0m[2m=[0mk#99f25ef6..[1m}[0m[2m:[0m [2msui_core::checkpoints::checkpoint_output[0m[2m:[0m [2mcrates/sui-core/src/checkpoints/checkpoint_output.rs[0m[2m:[0m[2m196:[0m Certified checkpoint with sequence 592 and digest H2yjf1KwHJxK5ar4aWs374dG5BEyhikoug5sHaVm25Ub
[2m2025-03-25T07:56:40.308090Z[0m [32m INFO[0m [1mnode[0m[1m{[0m[3mname[0m[2m=[0mk#99f25ef6..[1m}[0m[2m:[0m [2mconsensus_core::core[0m[2m:[0m [2mconsensus/core/src/core.rs[0m[2m:[0m[2m630:[0m Committing 1 leaders: B391(B,4rmO)
[2m2025-03-25T07:56:40.308197Z[0m [32m INFO[0m [1mnode[0m[1m{[0m[3mname[0m[2m=[0mk#99f25ef6..[1m}[0m[2m:[0m [2mconsensus_core::commit_observer[0m[2m:[0m [2mconsensus/core/src/commit_observer.rs[0m[2m:[0m[2m173:[0m Consensus commit C380(Cjgc) with leader B391(B,4rmO) has 3 blocks
[2m2025-03-25T07:56:40.308628Z[0m [32m INFO[0m [1mnode[0m[1m{[0m[3mname[0m[2m=[0mk#99f25ef6..[1m}[0m[2m:[0m [2msui_core::consensus_handler[0m[2m:[0m [2mcrates/sui-core/src/consensus_handler.rs[0m[2m:[0m[2m232:[0m Received consensus output [3mconsensus_commit[0m[2m=[0mCommittedSubDag(leader=B391(B,4rmO), ref=C380(Cjgc), blocks=[feQl, louJ, 4rmO]) [3mepoch[0m[2m=[0m1
[2m2025-03-25T07:56:40.309208Z[0m [32m INFO[0m [1mnode[0m[1m{[0m[3mname[0m[2m=[0mk#99f25ef6..[1m}[0m[2m:[0m [2msui_core::checkpoints::checkpoint_executor[0m[2m:[0m [2mcrates/sui-core/src/checkpoints/checkpoint_executor/mod.rs[0m[2m:[0m[2m332:[0m Received checkpoint summary from state sync [3msequence_number[0m[2m=[0m592
[2m2025-03-25T07:56:40.310846Z[0m [32m INFO[0m [1mnode[0m[1m{[0m[3mname[0m[2m=[0mk#99f25ef6..[1m}[0m[2m:[0m [2msui_core::state_accumulator[0m[2m:[0m [2mcrates/sui-core/src/state_accumulator.rs[0m[2m:[0m[2m675:[0m accumulating running root for checkpoint 592
[2m2025-03-25T07:56:40.311889Z[0m [32m INFO[0m [1mnode[0m[1m{[0m[3mname[0m[2m=[0mk#8dcff6d1..[1m}[0m[2m:[0m [2msui_core::checkpoints::checkpoint_output[0m[2m:[0m [2mcrates/sui-core/src/checkpoints/checkpoint_output.rs[0m[2m:[0m[2m196:[0m Certified checkpoint with sequence 592 and digest H2yjf1KwHJxK5ar4aWs374dG5BEyhikoug5sHaVm25Ub
[2m2025-03-25T07:56:40.312233Z[0m [32m INFO[0m [1mnode[0m[1m{[0m[3mname[0m[2m=[0mk#8dcff6d1..[1m}[0m[2m:[0m [2mconsensus_core::core[0m[2m:[0m [2mconsensus/core/src/core.rs[0m[2m:[0m[2m630:[0m Committing 1 leaders: B391(B,4rmO)
[2m2025-03-25T07:56:40.312438Z[0m [32m INFO[0m [1mnode[0m[1m{[0m[3mname[0m[2m=[0mk#8dcff6d1..[1m}[0m[2m:[0m [2mconsensus_core::commit_observer[0m[2m:[0m [2mconsensus/core/src/commit_observer.rs[0m[2m:[0m[2m173:[0m Consensus commit C380(Cjgc) with leader B391(B,4rmO) has 3 blocks
[2m2025-03-25T07:56:40.312848Z[0m [32m INFO[0m [1mnode[0m[1m{[0m[3mname[0m[2m=[0mk#8dcff6d1..[1m}[0m[2m:[0m [2msui_core::consensus_handler[0m[2m:[0m [2mcrates/sui-core/src/consensus_handler.rs[0m[2m:[0m[2m232:[0m Received consensus output [3mconsensus_commit[0m[2m=[0mCommittedSubDag(leader=B391(B,4rmO), ref=C380(Cjgc), blocks=[feQl, louJ, 4rmO]) [3mepoch[0m[2m=[0m1
[2m2025-03-25T07:56:40.313411Z[0m [32m INFO[0m [1mnode[0m[1m{[0m[3mname[0m[2m=[0mk#8dcff6d1..[1m}[0m[2m:[0m [2msui_core::checkpoints::checkpoint_executor[0m[2m:[0m [2mcrates/sui-core/src/checkpoints/checkpoint_executor/mod.rs[0m[2m:[0m[2m332:[0m Received checkpoint summary from state sync [3msequence_number[0m[2m=[0m592
[2m2025-03-25T07:56:40.314736Z[0m [32m INFO[0m [1mnode[0m[1m{[0m[3mname[0m[2m=[0mk#8dcff6d1..[1m}[0m[2m:[0m [2msui_core::state_accumulator[0m[2m:[0m [2mcrates/sui-core/src/state_accumulator.rs[0m[2m:[0m[2m675:[0m accumulating running root for checkpoint 592
[2m2025-03-25T07:56:40.331886Z[0m [32m INFO[0m [1mnode[0m[1m{[0m[3mname[0m[2m=[0mk#addeef94..[1m}[0m[2m:[0m [2msui_core::checkpoints[0m[2m:[0m [2mcrates/sui-core/src/checkpoints/mod.rs[0m[2m:[0m[2m1326:[0m Creating checkpoint(s) for 2 transactions [3mnext_checkpoint_seq[0m[2m=[0m593 [3mcheckpoint_timestamp[0m[2m=[0m1742889399789
[2m2025-03-25T07:56:40.332197Z[0m [32m INFO[0m [1mnode[0m[1m{[0m[3mname[0m[2m=[0mk#addeef94..[1m}[0m[2m:[0m [2msui_core::checkpoints::checkpoint_output[0m[2m:[0m [2mcrates/sui-core/src/checkpoints/checkpoint_output.rs[0m[2m:[0m[2m149:[0m Creating checkpoint CheckpointDigest(3EagjWQ5Jd4F1YCG37bjBX1oeapbQ7phJwbQ8hR4GHwq) at epoch 1, sequence 593, previous digest Some(CheckpointDigest(H2yjf1KwHJxK5ar4aWs374dG5BEyhikoug5sHaVm25Ub)), transactions count 2, content digest CheckpointContentsDigest(13F8oGBMzRkXCMFcJxrpZE696dVsNKLeiumVXrkdfUcw), end_of_epoch_data None
[2m2025-03-25T07:56:40.334941Z[0m [32m INFO[0m [1mnode[0m[1m{[0m[3mname[0m[2m=[0mk#addeef94..[1m}[0m[2m:[0m [2msui_core::checkpoints::checkpoint_executor[0m[2m:[0m [2mcrates/sui-core/src/checkpoints/checkpoint_executor/mod.rs[0m[2m:[0m[2m332:[0m Received checkpoint summary from state sync [3msequence_number[0m[2m=[0m592
[2m2025-03-25T07:56:40.335781Z[0m [32m INFO[0m [1mnode[0m[1m{[0m[3mname[0m[2m=[0mk#addeef94..[1m}[0m[2m:[0m [2msui_core::state_accumulator[0m[2m:[0m [2mcrates/sui-core/src/state_accumulator.rs[0m[2m:[0m[2m675:[0m accumulating running root for checkpoint 592
[2m2025-03-25T07:56:40.336495Z[0m [32m INFO[0m [1mnode[0m[1m{[0m[3mname[0m[2m=[0mk#99f25ef6..[1m}[0m[2m:[0m [2msui_core::checkpoints[0m[2m:[0m [2mcrates/sui-core/src/checkpoints/mod.rs[0m[2m:[0m[2m1326:[0m Creating checkpoint(s) for 2 transactions [3mnext_checkpoint_seq[0m[2m=[0m593 [3mcheckpoint_timestamp[0m[2m=[0m1742889399789
[2m2025-03-25T07:56:40.336769Z[0m [32m INFO[0m [1mnode[0m[1m{[0m[3mname[0m[2m=[0mk#99f25ef6..[1m}[0m[2m:[0m [2msui_core::checkpoints::checkpoint_output[0m[2m:[0m [2mcrates/sui-core/src/checkpoints/checkpoint_output.rs[0m[2m:[0m[2m149:[0m Creating checkpoint CheckpointDigest(3EagjWQ5Jd4F1YCG37bjBX1oeapbQ7phJwbQ8hR4GHwq) at epoch 1, sequence 593, previous digest Some(CheckpointDigest(H2yjf1KwHJxK5ar4aWs374dG5BEyhikoug5sHaVm25Ub)), transactions count 2, content digest CheckpointContentsDigest(13F8oGBMzRkXCMFcJxrpZE696dVsNKLeiumVXrkdfUcw), end_of_epoch_data None
[2m2025-03-25T07:56:40.340448Z[0m [32m INFO[0m [1mnode[0m[1m{[0m[3mname[0m[2m=[0mk#8dcff6d1..[1m}[0m[2m:[0m [2msui_core::checkpoints[0m[2m:[0m [2mcrates/sui-core/src/checkpoints/mod.rs[0m[2m:[0m[2m1326:[0m Creating checkpoint(s) for 2 transactions [3mnext_checkpoint_seq[0m[2m=[0m593 [3mcheckpoint_timestamp[0m[2m=[0m1742889399789
[2m2025-03-25T07:56:40.340702Z[0m [32m INFO[0m [1mnode[0m[1m{[0m[3mname[0m[2m=[0mk#8dcff6d1..[1m}[0m[2m:[0m [2msui_core::checkpoints::checkpoint_output[0m[2m:[0m [2mcrates/sui-core/src/checkpoints/checkpoint_output.rs[0m[2m:[0m[2m149:[0m Creating checkpoint CheckpointDigest(3EagjWQ5Jd4F1YCG37bjBX1oeapbQ7phJwbQ8hR4GHwq) at epoch 1, sequence 593, previous digest Some(CheckpointDigest(H2yjf1KwHJxK5ar4aWs374dG5BEyhikoug5sHaVm25Ub)), transactions count 2, content digest CheckpointContentsDigest(13F8oGBMzRkXCMFcJxrpZE696dVsNKLeiumVXrkdfUcw), end_of_epoch_data None
[2m2025-03-25T07:56:40.374587Z[0m [32m INFO[0m [1mnode[0m[1m{[0m[3mname[0m[2m=[0mk#b3f3cbb4..[1m}[0m[2m:[0m[1mjson-rpc-request[0m[2m:[0m[1mdev_inspect_transaction_block[0m[1m{[0m[3msender_address[0m[2m=[0m0x0000000000000000000000000000000000000000000000000000000000000000 [3mtx_bytes[0m[2m=[0mBase64("AAMBAQAAAAAAAAAAAAAAAAAAAAAAAAAAAAAAAAAAAAAAAAAJAQAAAAAAAAABAAECAAgAAAAAAAAAAAEAAAAAAAAAAAAAAAAAAAAAAAAAAAAAAAAAAAAAAAAAAAsGYnJpZGdlIGdldF90b2tlbl90cmFuc2Zlcl9hY3Rpb25fc3RhdHVzAAMBAAABAQABAgA=") [3mgas_price[0m[2m=[0mNone [3m_epoch[0m[2m=[0mNone [3madditional_args[0m[2m=[0mNone[1m}[0m[2m:[0m [2msui_json_rpc::transaction_execution_api[0m[2m:[0m [2mcrates/sui-json-rpc/src/transaction_execution_api.rs[0m[2m:[0m[2m351:[0m RPC took longer than threshold to complete. [3melapsed[0m[2m=[0m1.538389125s
[2m2025-03-25T07:56:40.375422Z[0m [32m INFO[0m [2msui_bridge::e2e_tests::test_utils[0m[2m:[0m [2mcrates/sui-bridge/src/e2e_tests/test_utils.rs[0m[2m:[0m[2m1452:[0m get_token_transfer_action_onchain_status_until_success took 2.493541125s, status: Pending
[2m2025-03-25T07:56:40.377366Z[0m [32m INFO[0m [1mhandle_execution_task[0m[1m{[0m[3maction_key[0m[2m=[0mBridgeActionKey(0,2,0) [3mattempt_times[0m[2m=[0m2[1m}[0m[2m:[0m [2msui_bridge::action_executor[0m[2m:[0m [2mcrates/sui-bridge/src/action_executor.rs[0m[2m:[0m[2m529:[0m bbking 325 signed_tx: Envelope { digest: OnceCell(TransactionDigest(GDSurpEu2x2PVvpwcUqP5MTXTQ8jWoYdMxzexGq3UM9X)), data: SenderSignedData(SizeOneVec { e: SenderSignedTransaction { intent_message: IntentMessage { intent: Intent { scope: TransactionData, version: V0, app_id: Sui }, value: V1(TransactionDataV1 { kind: ProgrammableTransaction(ProgrammableTransaction { inputs: [Pure([2]), Pure([0, 0, 0, 0, 0, 0, 0, 0]), Pure([32, 4, 169, 42, 179, 92, 48, 68, 114, 32, 150, 70, 149, 204, 4, 223, 219, 38, 208, 7, 193, 123, 245, 12, 23, 143, 25, 234, 203, 152, 26, 252, 161]), Pure([12]), Pure([20, 249, 81, 14, 181, 207, 148, 205, 250, 64, 123, 165, 252, 91, 242, 249, 208, 225, 136, 122, 176]), Pure([4, 0, 0, 0, 0, 0, 0, 0]), Pure([0, 64, 122, 16, 243, 90, 0, 0]), Pure([0]), Object(SharedObject { id: 0x0000000000000000000000000000000000000000000000000000000000000009, initial_shared_version: SequenceNumber(1), mutable: true }), Object(SharedObject { id: 0x0000000000000000000000000000000000000000000000000000000000000006, initial_shared_version: SequenceNumber(1), mutable: false }), Object(ImmOrOwnedObject((0xd7d7820b1d5a3802a2c50420aa60d9072814fcfac9e333ae55536bce5ecc4924, SequenceNumber(114), o#G6tFPuFyAAWMEecgda16xEPfTgTnxE2mborPfAPjqm3W))), Pure([1, 65, 31, 247, 80, 204, 97, 207, 90, 104, 153, 149, 206, 126, 213, 104, 24, 88, 148, 238, 206, 247, 66, 30, 125, 205, 54, 173, 37, 137, 110, 109, 56, 80, 28, 16, 120, 47, 68, 236, 45, 236, 116, 5, 210, 6, 35, 170, 125, 231, 3, 182, 5, 138, 168, 242, 53, 190, 106, 10, 96, 97, 183, 243, 116, 149, 1])], commands: [MoveCall(ProgrammableMoveCall { package: 0x000000000000000000000000000000000000000000000000000000000000000b, module: "message", function: "create_token_bridge_message", type_arguments: [], arguments: [Input(0), Input(1), Input(2), Input(3), Input(4), Input(5), Input(6), Input(7), Input(7)] }), MoveCall(ProgrammableMoveCall { package: 0x000000000000000000000000000000000000000000000000000000000000000b, module: "bridge", function: "approve_token_transfer", type_arguments: [], arguments: [Input(8), Result(0), Input(11)] })] }), sender: 0x4ff42dd92612b14f109397416c3e5d362aee65d7d3459db1b80164f1f84a59c3, gas_data: GasData { payment: [(0x059c5b653da3f627ad85b7947a1634ad3055f81b24125b7d9b23178b0146bfc6, SequenceNumber(341), o#4ep4K212yQtPC23ghtw73sJ44qmqyajoXRf4wvuKq6mQ)], owner: 0x4ff42dd92612b14f109397416c3e5d362aee65d7d3459db1b80164f1f84a59c3, price: 100, budget: 100000000 }, expiration: None }) }, tx_signatures: [Signature(Secp256k1SuiSignature(Secp256k1SuiSignature([1, 248, 48, 245, 114, 141, 252, 29, 145, 101, 134, 185, 170, 246, 13, 46, 93, 163, 185, 83, 212, 83, 83, 211, 117, 13, 84, 185, 16, 211, 110, 21, 213, 28, 223, 52, 126, 172, 102, 85, 99, 136, 5, 84, 81, 40, 77, 173, 15, 132, 117, 170, 133, 187, 110, 34, 123, 222, 241, 101, 30, 106, 238, 34, 77, 2, 120, 6, 36, 213, 27, 112, 125, 170, 163, 53, 236, 91, 128, 136, 52, 208, 253, 102, 241, 38, 217, 67, 27, 199, 74, 95, 51, 179, 151, 41, 149, 140])))] } }), auth_signature: EmptySignInfo }
[2m2025-03-25T07:56:40.378478Z[0m [32m INFO[0m [1mnode[0m[1m{[0m[3mname[0m[2m=[0mk#b3f3cbb4..[1m}[0m[2m:[0m [2msui_core::state_accumulator[0m[2m:[0m [2mcrates/sui-core/src/state_accumulator.rs[0m[2m:[0m[2m675:[0m accumulating running root for checkpoint 539
[2m2025-03-25T07:56:40.378778Z[0m [32m INFO[0m [1mnode[0m[1m{[0m[3mname[0m[2m=[0mk#b3f3cbb4..[1m}[0m[2m:[0m [2msui_core::checkpoints::checkpoint_executor[0m[2m:[0m [2mcrates/sui-core/src/checkpoints/checkpoint_executor/mod.rs[0m[2m:[0m[2m332:[0m Received checkpoint summary from state sync [3msequence_number[0m[2m=[0m572
[2m2025-03-25T07:56:40.408017Z[0m [32m INFO[0m [1mnode[0m[1m{[0m[3mname[0m[2m=[0mk#b3f3cbb4..[1m}[0m[2m:[0m [2msui_core::checkpoints::checkpoint_executor[0m[2m:[0m [2mcrates/sui-core/src/checkpoints/checkpoint_executor/mod.rs[0m[2m:[0m[2m332:[0m Received checkpoint summary from state sync [3msequence_number[0m[2m=[0m573
[2m2025-03-25T07:56:40.557775Z[0m [32m INFO[0m [1mnode[0m[1m{[0m[3mname[0m[2m=[0mk#addeef94..[1m}[0m[2m:[0m [2mconsensus_core::core[0m[2m:[0m [2mconsensus/core/src/core.rs[0m[2m:[0m[2m945:[0m Included 3 ancestors & excluded 0 ancestors for proposal in round 394
[2m2025-03-25T07:56:40.558145Z[0m [32m INFO[0m [1mnode[0m[1m{[0m[3mname[0m[2m=[0mk#addeef94..[1m}[0m[2m:[0m [2mconsensus_core::core[0m[2m:[0m [2mconsensus/core/src/core.rs[0m[2m:[0m[2m531:[0m Created block B394(C,qm3AnIW1MEjnmcdT4v3CmkumKKd1FC0Nq2RbaAl7QPE=)(1742889400558ms;[B393(C,SMBOG54NRCOgGIX0SeCwePIFHfyHONMs1r2d1itPgmU=), B393(A,yuTE0hUkwSRGZ0asVH0qWKFBrAfkfP5avnNoXBC/wYw=), B393(B,KgeKqcLAyankPMokcNVjKiE8o+fAmTT+lM1mjHPaQ6Y=)];1t;1c) for round 394
[2m2025-03-25T07:56:40.560058Z[0m [32m INFO[0m [1mnode[0m[1m{[0m[3mname[0m[2m=[0mk#99f25ef6..[1m}[0m[2m:[0m [2mconsensus_core::core[0m[2m:[0m [2mconsensus/core/src/core.rs[0m[2m:[0m[2m945:[0m Included 3 ancestors & excluded 0 ancestors for proposal in round 394
[2m2025-03-25T07:56:40.560342Z[0m [32m INFO[0m [1mnode[0m[1m{[0m[3mname[0m[2m=[0mk#99f25ef6..[1m}[0m[2m:[0m [2mconsensus_core::core[0m[2m:[0m [2mconsensus/core/src/core.rs[0m[2m:[0m[2m531:[0m Created block B394(B,YqzpaS0XgQbzwoi6CcQOVpcY0K5w9Yr6cOy79fuG1Xk=)(1742889400560ms;[B393(B,KgeKqcLAyankPMokcNVjKiE8o+fAmTT+lM1mjHPaQ6Y=), B393(A,yuTE0hUkwSRGZ0asVH0qWKFBrAfkfP5avnNoXBC/wYw=), B393(C,SMBOG54NRCOgGIX0SeCwePIFHfyHONMs1r2d1itPgmU=)];1t;1c) for round 394
[2m2025-03-25T07:56:40.560410Z[0m [32m INFO[0m [1mnode[0m[1m{[0m[3mname[0m[2m=[0mk#99f25ef6..[1m}[0m[2m:[0m [2mconsensus_core::core[0m[2m:[0m [2mconsensus/core/src/core.rs[0m[2m:[0m[2m630:[0m Committing 1 leaders: B392(C,UVHx)
[2m2025-03-25T07:56:40.560479Z[0m [32m INFO[0m [1mnode[0m[1m{[0m[3mname[0m[2m=[0mk#99f25ef6..[1m}[0m[2m:[0m [2mconsensus_core::commit_observer[0m[2m:[0m [2mconsensus/core/src/commit_observer.rs[0m[2m:[0m[2m173:[0m Consensus commit C381(RVPr) with leader B392(C,UVHx) has 3 blocks
[2m2025-03-25T07:56:40.560563Z[0m [32m INFO[0m [1mnode[0m[1m{[0m[3mname[0m[2m=[0mk#99f25ef6..[1m}[0m[2m:[0m [2msui_core::consensus_handler[0m[2m:[0m [2mcrates/sui-core/src/consensus_handler.rs[0m[2m:[0m[2m232:[0m Received consensus output [3mconsensus_commit[0m[2m=[0mCommittedSubDag(leader=B392(C,UVHx), ref=C381(RVPr), blocks=[AyOT, sFwG, UVHx]) [3mepoch[0m[2m=[0m1
[2m2025-03-25T07:56:40.562921Z[0m [32m INFO[0m [1mnode[0m[1m{[0m[3mname[0m[2m=[0mk#addeef94..[1m}[0m[2m:[0m [2mconsensus_core::core[0m[2m:[0m [2mconsensus/core/src/core.rs[0m[2m:[0m[2m630:[0m Committing 1 leaders: B392(C,UVHx)
[2m2025-03-25T07:56:40.563014Z[0m [32m INFO[0m [1mnode[0m[1m{[0m[3mname[0m[2m=[0mk#addeef94..[1m}[0m[2m:[0m [2mconsensus_core::commit_observer[0m[2m:[0m [2mconsensus/core/src/commit_observer.rs[0m[2m:[0m[2m173:[0m Consensus commit C381(RVPr) with leader B392(C,UVHx) has 3 blocks
[2m2025-03-25T07:56:40.563091Z[0m [32m INFO[0m [1mnode[0m[1m{[0m[3mname[0m[2m=[0mk#addeef94..[1m}[0m[2m:[0m [2msui_core::consensus_handler[0m[2m:[0m [2mcrates/sui-core/src/consensus_handler.rs[0m[2m:[0m[2m232:[0m Received consensus output [3mconsensus_commit[0m[2m=[0mCommittedSubDag(leader=B392(C,UVHx), ref=C381(RVPr), blocks=[AyOT, sFwG, UVHx]) [3mepoch[0m[2m=[0m1
[2m2025-03-25T07:56:40.563643Z[0m [32m INFO[0m [1mnode[0m[1m{[0m[3mname[0m[2m=[0mk#8dcff6d1..[1m}[0m[2m:[0m [2msui_core::checkpoints::checkpoint_output[0m[2m:[0m [2mcrates/sui-core/src/checkpoints/checkpoint_output.rs[0m[2m:[0m[2m196:[0m Certified checkpoint with sequence 593 and digest 3EagjWQ5Jd4F1YCG37bjBX1oeapbQ7phJwbQ8hR4GHwq
[2m2025-03-25T07:56:40.563749Z[0m [32m INFO[0m [1mnode[0m[1m{[0m[3mname[0m[2m=[0mk#8dcff6d1..[1m}[0m[2m:[0m [2mconsensus_core::core[0m[2m:[0m [2mconsensus/core/src/core.rs[0m[2m:[0m[2m630:[0m Committing 1 leaders: B392(C,UVHx)
[2m2025-03-25T07:56:40.563861Z[0m [32m INFO[0m [1mnode[0m[1m{[0m[3mname[0m[2m=[0mk#8dcff6d1..[1m}[0m[2m:[0m [2mconsensus_core::commit_observer[0m[2m:[0m [2mconsensus/core/src/commit_observer.rs[0m[2m:[0m[2m173:[0m Consensus commit C381(RVPr) with leader B392(C,UVHx) has 3 blocks
[2m2025-03-25T07:56:40.564305Z[0m [32m INFO[0m [1mnode[0m[1m{[0m[3mname[0m[2m=[0mk#8dcff6d1..[1m}[0m[2m:[0m [2msui_core::consensus_handler[0m[2m:[0m [2mcrates/sui-core/src/consensus_handler.rs[0m[2m:[0m[2m232:[0m Received consensus output [3mconsensus_commit[0m[2m=[0mCommittedSubDag(leader=B392(C,UVHx), ref=C381(RVPr), blocks=[AyOT, sFwG, UVHx]) [3mepoch[0m[2m=[0m1
[2m2025-03-25T07:56:40.564881Z[0m [32m INFO[0m [1mnode[0m[1m{[0m[3mname[0m[2m=[0mk#8dcff6d1..[1m}[0m[2m:[0m [2msui_core::checkpoints::checkpoint_executor[0m[2m:[0m [2mcrates/sui-core/src/checkpoints/checkpoint_executor/mod.rs[0m[2m:[0m[2m332:[0m Received checkpoint summary from state sync [3msequence_number[0m[2m=[0m593
[2m2025-03-25T07:56:40.578498Z[0m [32m INFO[0m [1mnode[0m[1m{[0m[3mname[0m[2m=[0mk#8dcff6d1..[1m}[0m[2m:[0m [2msui_core::state_accumulator[0m[2m:[0m [2mcrates/sui-core/src/state_accumulator.rs[0m[2m:[0m[2m675:[0m accumulating running root for checkpoint 593
[2m2025-03-25T07:56:40.606430Z[0m [32m INFO[0m [1mnode[0m[1m{[0m[3mname[0m[2m=[0mk#99f25ef6..[1m}[0m[2m:[0m [2msui_core::checkpoints[0m[2m:[0m [2mcrates/sui-core/src/checkpoints/mod.rs[0m[2m:[0m[2m1326:[0m Creating checkpoint(s) for 1 transactions [3mnext_checkpoint_seq[0m[2m=[0m594 [3mcheckpoint_timestamp[0m[2m=[0m1742889400045
[2m2025-03-25T07:56:40.606664Z[0m [32m INFO[0m [1mnode[0m[1m{[0m[3mname[0m[2m=[0mk#99f25ef6..[1m}[0m[2m:[0m [2msui_core::checkpoints::checkpoint_output[0m[2m:[0m [2mcrates/sui-core/src/checkpoints/checkpoint_output.rs[0m[2m:[0m[2m149:[0m Creating checkpoint CheckpointDigest(6fmdxZvgAkoZBTfJf54QdQwiHKxPeY7iNpxyu4NEaQ3S) at epoch 1, sequence 594, previous digest Some(CheckpointDigest(3EagjWQ5Jd4F1YCG37bjBX1oeapbQ7phJwbQ8hR4GHwq)), transactions count 1, content digest CheckpointContentsDigest(F9KgntPwSKkZRhJ6xcyAaiaqtPQvb3dcYoJFq1RH4w58), end_of_epoch_data None
[2m2025-03-25T07:56:40.609566Z[0m [32m INFO[0m [1mnode[0m[1m{[0m[3mname[0m[2m=[0mk#addeef94..[1m}[0m[2m:[0m [2msui_core::checkpoints[0m[2m:[0m [2mcrates/sui-core/src/checkpoints/mod.rs[0m[2m:[0m[2m1326:[0m Creating checkpoint(s) for 1 transactions [3mnext_checkpoint_seq[0m[2m=[0m594 [3mcheckpoint_timestamp[0m[2m=[0m1742889400045
[2m2025-03-25T07:56:40.609750Z[0m [32m INFO[0m [1mnode[0m[1m{[0m[3mname[0m[2m=[0mk#addeef94..[1m}[0m[2m:[0m [2msui_core::checkpoints::checkpoint_output[0m[2m:[0m [2mcrates/sui-core/src/checkpoints/checkpoint_output.rs[0m[2m:[0m[2m149:[0m Creating checkpoint CheckpointDigest(6fmdxZvgAkoZBTfJf54QdQwiHKxPeY7iNpxyu4NEaQ3S) at epoch 1, sequence 594, previous digest Some(CheckpointDigest(3EagjWQ5Jd4F1YCG37bjBX1oeapbQ7phJwbQ8hR4GHwq)), transactions count 1, content digest CheckpointContentsDigest(F9KgntPwSKkZRhJ6xcyAaiaqtPQvb3dcYoJFq1RH4w58), end_of_epoch_data None
[2m2025-03-25T07:56:40.610475Z[0m [32m INFO[0m [1mnode[0m[1m{[0m[3mname[0m[2m=[0mk#8dcff6d1..[1m}[0m[2m:[0m [2msui_core::checkpoints[0m[2m:[0m [2mcrates/sui-core/src/checkpoints/mod.rs[0m[2m:[0m[2m1326:[0m Creating checkpoint(s) for 1 transactions [3mnext_checkpoint_seq[0m[2m=[0m594 [3mcheckpoint_timestamp[0m[2m=[0m1742889400045
[2m2025-03-25T07:56:40.610650Z[0m [32m INFO[0m [1mnode[0m[1m{[0m[3mname[0m[2m=[0mk#8dcff6d1..[1m}[0m[2m:[0m [2msui_core::checkpoints::checkpoint_output[0m[2m:[0m [2mcrates/sui-core/src/checkpoints/checkpoint_output.rs[0m[2m:[0m[2m149:[0m Creating checkpoint CheckpointDigest(6fmdxZvgAkoZBTfJf54QdQwiHKxPeY7iNpxyu4NEaQ3S) at epoch 1, sequence 594, previous digest Some(CheckpointDigest(3EagjWQ5Jd4F1YCG37bjBX1oeapbQ7phJwbQ8hR4GHwq)), transactions count 1, content digest CheckpointContentsDigest(F9KgntPwSKkZRhJ6xcyAaiaqtPQvb3dcYoJFq1RH4w58), end_of_epoch_data None
[2m2025-03-25T07:56:40.674033Z[0m [32m INFO[0m [1mnode[0m[1m{[0m[3mname[0m[2m=[0mk#99f25ef6..[1m}[0m[2m:[0m [2msui_core::checkpoints::checkpoint_executor[0m[2m:[0m [2mcrates/sui-core/src/checkpoints/checkpoint_executor/mod.rs[0m[2m:[0m[2m332:[0m Received checkpoint summary from state sync [3msequence_number[0m[2m=[0m574
[2m2025-03-25T07:56:40.674164Z[0m [32m INFO[0m [1mnode[0m[1m{[0m[3mname[0m[2m=[0mk#99f25ef6..[1m}[0m[2m:[0m [2msui_core::checkpoints::checkpoint_executor[0m[2m:[0m [2mcrates/sui-core/src/checkpoints/checkpoint_executor/mod.rs[0m[2m:[0m[2m332:[0m Received checkpoint summary from state sync [3msequence_number[0m[2m=[0m575
[2m2025-03-25T07:56:40.674208Z[0m [32m INFO[0m [1mnode[0m[1m{[0m[3mname[0m[2m=[0mk#99f25ef6..[1m}[0m[2m:[0m [2msui_core::checkpoints::checkpoint_executor[0m[2m:[0m [2mcrates/sui-core/src/checkpoints/checkpoint_executor/mod.rs[0m[2m:[0m[2m332:[0m Received checkpoint summary from state sync [3msequence_number[0m[2m=[0m576
[2m2025-03-25T07:56:40.674250Z[0m [32m INFO[0m [1mnode[0m[1m{[0m[3mname[0m[2m=[0mk#99f25ef6..[1m}[0m[2m:[0m [2msui_core::checkpoints::checkpoint_executor[0m[2m:[0m [2mcrates/sui-core/src/checkpoints/checkpoint_executor/mod.rs[0m[2m:[0m[2m332:[0m Received checkpoint summary from state sync [3msequence_number[0m[2m=[0m577
[2m2025-03-25T07:56:40.674291Z[0m [32m INFO[0m [1mnode[0m[1m{[0m[3mname[0m[2m=[0mk#99f25ef6..[1m}[0m[2m:[0m [2msui_core::checkpoints::checkpoint_executor[0m[2m:[0m [2mcrates/sui-core/src/checkpoints/checkpoint_executor/mod.rs[0m[2m:[0m[2m332:[0m Received checkpoint summary from state sync [3msequence_number[0m[2m=[0m578
[2m2025-03-25T07:56:40.674331Z[0m [32m INFO[0m [1mnode[0m[1m{[0m[3mname[0m[2m=[0mk#99f25ef6..[1m}[0m[2m:[0m [2msui_core::checkpoints::checkpoint_executor[0m[2m:[0m [2mcrates/sui-core/src/checkpoints/checkpoint_executor/mod.rs[0m[2m:[0m[2m332:[0m Received checkpoint summary from state sync [3msequence_number[0m[2m=[0m579
[2m2025-03-25T07:56:40.674371Z[0m [32m INFO[0m [1mnode[0m[1m{[0m[3mname[0m[2m=[0mk#99f25ef6..[1m}[0m[2m:[0m [2msui_core::checkpoints::checkpoint_executor[0m[2m:[0m [2mcrates/sui-core/src/checkpoints/checkpoint_executor/mod.rs[0m[2m:[0m[2m332:[0m Received checkpoint summary from state sync [3msequence_number[0m[2m=[0m580
[2m2025-03-25T07:56:40.674411Z[0m [32m INFO[0m [1mnode[0m[1m{[0m[3mname[0m[2m=[0mk#99f25ef6..[1m}[0m[2m:[0m [2msui_core::checkpoints::checkpoint_executor[0m[2m:[0m [2mcrates/sui-core/src/checkpoints/checkpoint_executor/mod.rs[0m[2m:[0m[2m332:[0m Received checkpoint summary from state sync [3msequence_number[0m[2m=[0m581
[2m2025-03-25T07:56:40.674450Z[0m [32m INFO[0m [1mnode[0m[1m{[0m[3mname[0m[2m=[0mk#99f25ef6..[1m}[0m[2m:[0m [2msui_core::checkpoints::checkpoint_executor[0m[2m:[0m [2mcrates/sui-core/src/checkpoints/checkpoint_executor/mod.rs[0m[2m:[0m[2m332:[0m Received checkpoint summary from state sync [3msequence_number[0m[2m=[0m582
[2m2025-03-25T07:56:40.674490Z[0m [32m INFO[0m [1mnode[0m[1m{[0m[3mname[0m[2m=[0mk#99f25ef6..[1m}[0m[2m:[0m [2msui_core::checkpoints::checkpoint_executor[0m[2m:[0m [2mcrates/sui-core/src/checkpoints/checkpoint_executor/mod.rs[0m[2m:[0m[2m332:[0m Received checkpoint summary from state sync [3msequence_number[0m[2m=[0m583
[2m2025-03-25T07:56:40.674529Z[0m [32m INFO[0m [1mnode[0m[1m{[0m[3mname[0m[2m=[0mk#99f25ef6..[1m}[0m[2m:[0m [2msui_core::checkpoints::checkpoint_executor[0m[2m:[0m [2mcrates/sui-core/src/checkpoints/checkpoint_executor/mod.rs[0m[2m:[0m[2m332:[0m Received checkpoint summary from state sync [3msequence_number[0m[2m=[0m584
[2m2025-03-25T07:56:40.674567Z[0m [32m INFO[0m [1mnode[0m[1m{[0m[3mname[0m[2m=[0mk#99f25ef6..[1m}[0m[2m:[0m [2msui_core::checkpoints::checkpoint_executor[0m[2m:[0m [2mcrates/sui-core/src/checkpoints/checkpoint_executor/mod.rs[0m[2m:[0m[2m332:[0m Received checkpoint summary from state sync [3msequence_number[0m[2m=[0m585
[2m2025-03-25T07:56:40.674606Z[0m [32m INFO[0m [1mnode[0m[1m{[0m[3mname[0m[2m=[0mk#99f25ef6..[1m}[0m[2m:[0m [2msui_core::checkpoints::checkpoint_executor[0m[2m:[0m [2mcrates/sui-core/src/checkpoints/checkpoint_executor/mod.rs[0m[2m:[0m[2m332:[0m Received checkpoint summary from state sync [3msequence_number[0m[2m=[0m586
[2m2025-03-25T07:56:40.674644Z[0m [32m INFO[0m [1mnode[0m[1m{[0m[3mname[0m[2m=[0mk#99f25ef6..[1m}[0m[2m:[0m [2msui_core::checkpoints::checkpoint_executor[0m[2m:[0m [2mcrates/sui-core/src/checkpoints/checkpoint_executor/mod.rs[0m[2m:[0m[2m332:[0m Received checkpoint summary from state sync [3msequence_number[0m[2m=[0m587
[2m2025-03-25T07:56:40.674682Z[0m [32m INFO[0m [1mnode[0m[1m{[0m[3mname[0m[2m=[0mk#99f25ef6..[1m}[0m[2m:[0m [2msui_core::checkpoints::checkpoint_executor[0m[2m:[0m [2mcrates/sui-core/src/checkpoints/checkpoint_executor/mod.rs[0m[2m:[0m[2m332:[0m Received checkpoint summary from state sync [3msequence_number[0m[2m=[0m588
[2m2025-03-25T07:56:40.674720Z[0m [32m INFO[0m [1mnode[0m[1m{[0m[3mname[0m[2m=[0mk#99f25ef6..[1m}[0m[2m:[0m [2msui_core::checkpoints::checkpoint_executor[0m[2m:[0m [2mcrates/sui-core/src/checkpoints/checkpoint_executor/mod.rs[0m[2m:[0m[2m332:[0m Received checkpoint summary from state sync [3msequence_number[0m[2m=[0m589
[2m2025-03-25T07:56:40.674759Z[0m [32m INFO[0m [1mnode[0m[1m{[0m[3mname[0m[2m=[0mk#99f25ef6..[1m}[0m[2m:[0m [2msui_core::checkpoints::checkpoint_executor[0m[2m:[0m [2mcrates/sui-core/src/checkpoints/checkpoint_executor/mod.rs[0m[2m:[0m[2m332:[0m Received checkpoint summary from state sync [3msequence_number[0m[2m=[0m590
[2m2025-03-25T07:56:40.674796Z[0m [32m INFO[0m [1mnode[0m[1m{[0m[3mname[0m[2m=[0mk#99f25ef6..[1m}[0m[2m:[0m [2msui_core::checkpoints::checkpoint_executor[0m[2m:[0m [2mcrates/sui-core/src/checkpoints/checkpoint_executor/mod.rs[0m[2m:[0m[2m332:[0m Received checkpoint summary from state sync [3msequence_number[0m[2m=[0m591
[2m2025-03-25T07:56:40.674835Z[0m [32m INFO[0m [1mnode[0m[1m{[0m[3mname[0m[2m=[0mk#99f25ef6..[1m}[0m[2m:[0m [2msui_core::checkpoints::checkpoint_executor[0m[2m:[0m [2mcrates/sui-core/src/checkpoints/checkpoint_executor/mod.rs[0m[2m:[0m[2m332:[0m Received checkpoint summary from state sync [3msequence_number[0m[2m=[0m592
[2m2025-03-25T07:56:40.674873Z[0m [32m INFO[0m [1mnode[0m[1m{[0m[3mname[0m[2m=[0mk#99f25ef6..[1m}[0m[2m:[0m [2msui_core::checkpoints::checkpoint_executor[0m[2m:[0m [2mcrates/sui-core/src/checkpoints/checkpoint_executor/mod.rs[0m[2m:[0m[2m332:[0m Received checkpoint summary from state sync [3msequence_number[0m[2m=[0m593
[2m2025-03-25T07:56:40.675369Z[0m [32m INFO[0m [1mnode[0m[1m{[0m[3mname[0m[2m=[0mk#addeef94..[1m}[0m[2m:[0m [2msui_core::checkpoints::checkpoint_executor[0m[2m:[0m [2mcrates/sui-core/src/checkpoints/checkpoint_executor/mod.rs[0m[2m:[0m[2m332:[0m Received checkpoint summary from state sync [3msequence_number[0m[2m=[0m593
[2m2025-03-25T07:56:40.676328Z[0m [32m INFO[0m [1mnode[0m[1m{[0m[3mname[0m[2m=[0mk#99f25ef6..[1m}[0m[2m:[0m [2msui_core::state_accumulator[0m[2m:[0m [2mcrates/sui-core/src/state_accumulator.rs[0m[2m:[0m[2m675:[0m accumulating running root for checkpoint 593
[2m2025-03-25T07:56:40.676800Z[0m [32m INFO[0m [1mnode[0m[1m{[0m[3mname[0m[2m=[0mk#addeef94..[1m}[0m[2m:[0m [2msui_core::state_accumulator[0m[2m:[0m [2mcrates/sui-core/src/state_accumulator.rs[0m[2m:[0m[2m675:[0m accumulating running root for checkpoint 593
[2m2025-03-25T07:56:40.813746Z[0m [32m INFO[0m [1mnode[0m[1m{[0m[3mname[0m[2m=[0mk#99f25ef6..[1m}[0m[2m:[0m [2mconsensus_core::core[0m[2m:[0m [2mconsensus/core/src/core.rs[0m[2m:[0m[2m945:[0m Included 2 ancestors & excluded 0 ancestors for proposal in round 395
[2m2025-03-25T07:56:40.814094Z[0m [32m INFO[0m [1mnode[0m[1m{[0m[3mname[0m[2m=[0mk#99f25ef6..[1m}[0m[2m:[0m [2mconsensus_core::core[0m[2m:[0m [2mconsensus/core/src/core.rs[0m[2m:[0m[2m531:[0m Created block B395(B,zztxsgGffH2DJsv2CXV0dafAizLhMN2J7pqhuaFO/wQ=)(1742889400813ms;[B394(B,YqzpaS0XgQbzwoi6CcQOVpcY0K5w9Yr6cOy79fuG1Xk=), B394(C,qm3AnIW1MEjnmcdT4v3CmkumKKd1FC0Nq2RbaAl7QPE=)];1t;1c) for round 395
[2m2025-03-25T07:56:40.815742Z[0m [32m INFO[0m [1mnode[0m[1m{[0m[3mname[0m[2m=[0mk#addeef94..[1m}[0m[2m:[0m [2mconsensus_core::core[0m[2m:[0m [2mconsensus/core/src/core.rs[0m[2m:[0m[2m945:[0m Included 2 ancestors & excluded 0 ancestors for proposal in round 395
[2m2025-03-25T07:56:40.815996Z[0m [32m INFO[0m [1mnode[0m[1m{[0m[3mname[0m[2m=[0mk#8dcff6d1..[1m}[0m[2m:[0m [2mconsensus_core::core[0m[2m:[0m [2mconsensus/core/src/core.rs[0m[2m:[0m[2m945:[0m Included 3 ancestors & excluded 0 ancestors for proposal in round 395
[2m2025-03-25T07:56:40.816009Z[0m [32m INFO[0m [1mnode[0m[1m{[0m[3mname[0m[2m=[0mk#addeef94..[1m}[0m[2m:[0m [2mconsensus_core::core[0m[2m:[0m [2mconsensus/core/src/core.rs[0m[2m:[0m[2m531:[0m Created block B395(C,MowpY7onGkk/mgh8iJsA1I64EcM/aMkYbP/oZO7nGMU=)(1742889400815ms;[B394(C,qm3AnIW1MEjnmcdT4v3CmkumKKd1FC0Nq2RbaAl7QPE=), B394(B,YqzpaS0XgQbzwoi6CcQOVpcY0K5w9Yr6cOy79fuG1Xk=)];1t;1c) for round 395
[2m2025-03-25T07:56:40.816143Z[0m [32m INFO[0m [1mnode[0m[1m{[0m[3mname[0m[2m=[0mk#addeef94..[1m}[0m[2m:[0m [2mconsensus_core::core[0m[2m:[0m [2mconsensus/core/src/core.rs[0m[2m:[0m[2m630:[0m Committing 1 leaders: B393(B,KgeK)
[2m2025-03-25T07:56:40.816231Z[0m [32m INFO[0m [1mnode[0m[1m{[0m[3mname[0m[2m=[0mk#addeef94..[1m}[0m[2m:[0m [2mconsensus_core::commit_observer[0m[2m:[0m [2mconsensus/core/src/commit_observer.rs[0m[2m:[0m[2m173:[0m Consensus commit C382(C6hj) with leader B393(B,KgeK) has 3 blocks
[2m2025-03-25T07:56:40.816320Z[0m [32m INFO[0m [1mnode[0m[1m{[0m[3mname[0m[2m=[0mk#8dcff6d1..[1m}[0m[2m:[0m [2mconsensus_core::core[0m[2m:[0m [2mconsensus/core/src/core.rs[0m[2m:[0m[2m531:[0m Created block B395(A,5JM+2pjcubTVd02ACTpvNHyRq+BfwBFYE0/nIOp8i0k=)(1742889400816ms;[B393(A,yuTE0hUkwSRGZ0asVH0qWKFBrAfkfP5avnNoXBC/wYw=), B394(B,YqzpaS0XgQbzwoi6CcQOVpcY0K5w9Yr6cOy79fuG1Xk=), B394(C,qm3AnIW1MEjnmcdT4v3CmkumKKd1FC0Nq2RbaAl7QPE=)];2t;2c) for round 395
[2m2025-03-25T07:56:40.816531Z[0m [32m INFO[0m [1mnode[0m[1m{[0m[3mname[0m[2m=[0mk#addeef94..[1m}[0m[2m:[0m [2msui_core::consensus_handler[0m[2m:[0m [2mcrates/sui-core/src/consensus_handler.rs[0m[2m:[0m[2m232:[0m Received consensus output [3mconsensus_commit[0m[2m=[0mCommittedSubDag(leader=B393(B,KgeK), ref=C382(C6hj), blocks=[B4Iu, YjzH, KgeK]) [3mepoch[0m[2m=[0m1
[2m2025-03-25T07:56:40.819596Z[0m [32m INFO[0m [1mnode[0m[1m{[0m[3mname[0m[2m=[0mk#8dcff6d1..[1m}[0m[2m:[0m [2msui_core::checkpoints::checkpoint_output[0m[2m:[0m [2mcrates/sui-core/src/checkpoints/checkpoint_output.rs[0m[2m:[0m[2m196:[0m Certified checkpoint with sequence 594 and digest 6fmdxZvgAkoZBTfJf54QdQwiHKxPeY7iNpxyu4NEaQ3S
[2m2025-03-25T07:56:40.819712Z[0m [32m INFO[0m [1mnode[0m[1m{[0m[3mname[0m[2m=[0mk#8dcff6d1..[1m}[0m[2m:[0m [2mconsensus_core::core[0m[2m:[0m [2mconsensus/core/src/core.rs[0m[2m:[0m[2m630:[0m Committing 1 leaders: B393(B,KgeK)
[2m2025-03-25T07:56:40.819814Z[0m [32m INFO[0m [1mnode[0m[1m{[0m[3mname[0m[2m=[0mk#8dcff6d1..[1m}[0m[2m:[0m [2mconsensus_core::commit_observer[0m[2m:[0m [2mconsensus/core/src/commit_observer.rs[0m[2m:[0m[2m173:[0m Consensus commit C382(C6hj) with leader B393(B,KgeK) has 3 blocks
[2m2025-03-25T07:56:40.820255Z[0m [32m INFO[0m [1mnode[0m[1m{[0m[3mname[0m[2m=[0mk#8dcff6d1..[1m}[0m[2m:[0m [2msui_core::consensus_handler[0m[2m:[0m [2mcrates/sui-core/src/consensus_handler.rs[0m[2m:[0m[2m232:[0m Received consensus output [3mconsensus_commit[0m[2m=[0mCommittedSubDag(leader=B393(B,KgeK), ref=C382(C6hj), blocks=[B4Iu, YjzH, KgeK]) [3mepoch[0m[2m=[0m1
[2m2025-03-25T07:56:40.820623Z[0m [32m INFO[0m [1mnode[0m[1m{[0m[3mname[0m[2m=[0mk#99f25ef6..[1m}[0m[2m:[0m [2msui_core::checkpoints::checkpoint_output[0m[2m:[0m [2mcrates/sui-core/src/checkpoints/checkpoint_output.rs[0m[2m:[0m[2m196:[0m Certified checkpoint with sequence 594 and digest 6fmdxZvgAkoZBTfJf54QdQwiHKxPeY7iNpxyu4NEaQ3S
[2m2025-03-25T07:56:40.820724Z[0m [32m INFO[0m [1mnode[0m[1m{[0m[3mname[0m[2m=[0mk#99f25ef6..[1m}[0m[2m:[0m [2mconsensus_core::core[0m[2m:[0m [2mconsensus/core/src/core.rs[0m[2m:[0m[2m630:[0m Committing 1 leaders: B393(B,KgeK)
[2m2025-03-25T07:56:40.820834Z[0m [32m INFO[0m [1mnode[0m[1m{[0m[3mname[0m[2m=[0mk#99f25ef6..[1m}[0m[2m:[0m [2mconsensus_core::commit_observer[0m[2m:[0m [2mconsensus/core/src/commit_observer.rs[0m[2m:[0m[2m173:[0m Consensus commit C382(C6hj) with leader B393(B,KgeK) has 3 blocks
[2m2025-03-25T07:56:40.820847Z[0m [32m INFO[0m [1mnode[0m[1m{[0m[3mname[0m[2m=[0mk#8dcff6d1..[1m}[0m[2m:[0m [2msui_core::checkpoints::checkpoint_executor[0m[2m:[0m [2mcrates/sui-core/src/checkpoints/checkpoint_executor/mod.rs[0m[2m:[0m[2m332:[0m Received checkpoint summary from state sync [3msequence_number[0m[2m=[0m594
[2m2025-03-25T07:56:40.821203Z[0m [32m INFO[0m [1mnode[0m[1m{[0m[3mname[0m[2m=[0mk#99f25ef6..[1m}[0m[2m:[0m [2msui_core::consensus_handler[0m[2m:[0m [2mcrates/sui-core/src/consensus_handler.rs[0m[2m:[0m[2m232:[0m Received consensus output [3mconsensus_commit[0m[2m=[0mCommittedSubDag(leader=B393(B,KgeK), ref=C382(C6hj), blocks=[B4Iu, YjzH, KgeK]) [3mepoch[0m[2m=[0m1
[2m2025-03-25T07:56:40.821720Z[0m [32m INFO[0m [1mnode[0m[1m{[0m[3mname[0m[2m=[0mk#99f25ef6..[1m}[0m[2m:[0m [2msui_core::checkpoints::checkpoint_executor[0m[2m:[0m [2mcrates/sui-core/src/checkpoints/checkpoint_executor/mod.rs[0m[2m:[0m[2m332:[0m Received checkpoint summary from state sync [3msequence_number[0m[2m=[0m594
[2m2025-03-25T07:56:40.822442Z[0m [32m INFO[0m [1mnode[0m[1m{[0m[3mname[0m[2m=[0mk#8dcff6d1..[1m}[0m[2m:[0m [2msui_core::state_accumulator[0m[2m:[0m [2mcrates/sui-core/src/state_accumulator.rs[0m[2m:[0m[2m675:[0m accumulating running root for checkpoint 594
[2m2025-03-25T07:56:40.822987Z[0m [32m INFO[0m [1mnode[0m[1m{[0m[3mname[0m[2m=[0mk#99f25ef6..[1m}[0m[2m:[0m [2msui_core::state_accumulator[0m[2m:[0m [2mcrates/sui-core/src/state_accumulator.rs[0m[2m:[0m[2m675:[0m accumulating running root for checkpoint 594
[2m2025-03-25T07:56:40.843548Z[0m [32m INFO[0m [1mnode[0m[1m{[0m[3mname[0m[2m=[0mk#addeef94..[1m}[0m[2m:[0m [2msui_core::checkpoints[0m[2m:[0m [2mcrates/sui-core/src/checkpoints/mod.rs[0m[2m:[0m[2m1326:[0m Creating checkpoint(s) for 2 transactions [3mnext_checkpoint_seq[0m[2m=[0m595 [3mcheckpoint_timestamp[0m[2m=[0m1742889400300
[2m2025-03-25T07:56:40.843880Z[0m [32m INFO[0m [1mnode[0m[1m{[0m[3mname[0m[2m=[0mk#addeef94..[1m}[0m[2m:[0m [2msui_core::checkpoints::checkpoint_output[0m[2m:[0m [2mcrates/sui-core/src/checkpoints/checkpoint_output.rs[0m[2m:[0m[2m149:[0m Creating checkpoint CheckpointDigest(FMRnj7aZKRvawJooA39qUTHjoRGPxGhbv17wXepyDp3i) at epoch 1, sequence 595, previous digest Some(CheckpointDigest(6fmdxZvgAkoZBTfJf54QdQwiHKxPeY7iNpxyu4NEaQ3S)), transactions count 2, content digest CheckpointContentsDigest(6gKQEB8uuhMLgGyKzPPJDCKGzLAEdygWvSgxrzAyseEf), end_of_epoch_data None
[2m2025-03-25T07:56:40.848113Z[0m [32m INFO[0m [1mnode[0m[1m{[0m[3mname[0m[2m=[0mk#8dcff6d1..[1m}[0m[2m:[0m [2msui_core::checkpoints[0m[2m:[0m [2mcrates/sui-core/src/checkpoints/mod.rs[0m[2m:[0m[2m1326:[0m Creating checkpoint(s) for 2 transactions [3mnext_checkpoint_seq[0m[2m=[0m595 [3mcheckpoint_timestamp[0m[2m=[0m1742889400300
[2m2025-03-25T07:56:40.848379Z[0m [32m INFO[0m [1mnode[0m[1m{[0m[3mname[0m[2m=[0mk#8dcff6d1..[1m}[0m[2m:[0m [2msui_core::checkpoints::checkpoint_output[0m[2m:[0m [2mcrates/sui-core/src/checkpoints/checkpoint_output.rs[0m[2m:[0m[2m149:[0m Creating checkpoint CheckpointDigest(FMRnj7aZKRvawJooA39qUTHjoRGPxGhbv17wXepyDp3i) at epoch 1, sequence 595, previous digest Some(CheckpointDigest(6fmdxZvgAkoZBTfJf54QdQwiHKxPeY7iNpxyu4NEaQ3S)), transactions count 2, content digest CheckpointContentsDigest(6gKQEB8uuhMLgGyKzPPJDCKGzLAEdygWvSgxrzAyseEf), end_of_epoch_data None
[2m2025-03-25T07:56:40.848527Z[0m [32m INFO[0m [1mnode[0m[1m{[0m[3mname[0m[2m=[0mk#99f25ef6..[1m}[0m[2m:[0m [2msui_core::checkpoints[0m[2m:[0m [2mcrates/sui-core/src/checkpoints/mod.rs[0m[2m:[0m[2m1326:[0m Creating checkpoint(s) for 2 transactions [3mnext_checkpoint_seq[0m[2m=[0m595 [3mcheckpoint_timestamp[0m[2m=[0m1742889400300
[2m2025-03-25T07:56:40.848781Z[0m [32m INFO[0m [1mnode[0m[1m{[0m[3mname[0m[2m=[0mk#99f25ef6..[1m}[0m[2m:[0m [2msui_core::checkpoints::checkpoint_output[0m[2m:[0m [2mcrates/sui-core/src/checkpoints/checkpoint_output.rs[0m[2m:[0m[2m149:[0m Creating checkpoint CheckpointDigest(FMRnj7aZKRvawJooA39qUTHjoRGPxGhbv17wXepyDp3i) at epoch 1, sequence 595, previous digest Some(CheckpointDigest(6fmdxZvgAkoZBTfJf54QdQwiHKxPeY7iNpxyu4NEaQ3S)), transactions count 2, content digest CheckpointContentsDigest(6gKQEB8uuhMLgGyKzPPJDCKGzLAEdygWvSgxrzAyseEf), end_of_epoch_data None
[2m2025-03-25T07:56:40.848831Z[0m [32m INFO[0m [1mnode[0m[1m{[0m[3mname[0m[2m=[0mk#addeef94..[1m}[0m[2m:[0m [2msui_core::checkpoints::checkpoint_executor[0m[2m:[0m [2mcrates/sui-core/src/checkpoints/checkpoint_executor/mod.rs[0m[2m:[0m[2m332:[0m Received checkpoint summary from state sync [3msequence_number[0m[2m=[0m594
[2m2025-03-25T07:56:40.849741Z[0m [32m INFO[0m [1mnode[0m[1m{[0m[3mname[0m[2m=[0mk#addeef94..[1m}[0m[2m:[0m [2msui_core::state_accumulator[0m[2m:[0m [2mcrates/sui-core/src/state_accumulator.rs[0m[2m:[0m[2m675:[0m accumulating running root for checkpoint 594
[2m2025-03-25T07:56:41.068526Z[0m [32m INFO[0m [1mnode[0m[1m{[0m[3mname[0m[2m=[0mk#addeef94..[1m}[0m[2m:[0m [2mconsensus_core::core[0m[2m:[0m [2mconsensus/core/src/core.rs[0m[2m:[0m[2m945:[0m Included 3 ancestors & excluded 0 ancestors for proposal in round 396
[2m2025-03-25T07:56:41.068910Z[0m [32m INFO[0m [1mnode[0m[1m{[0m[3mname[0m[2m=[0mk#addeef94..[1m}[0m[2m:[0m [2mconsensus_core::core[0m[2m:[0m [2mconsensus/core/src/core.rs[0m[2m:[0m[2m531:[0m Created block B396(C,1q8Fb/CvO92AyWAbLhMPqRvSJq4l5GpDcvp7ZAoK2UM=)(1742889401068ms;[B395(C,MowpY7onGkk/mgh8iJsA1I64EcM/aMkYbP/oZO7nGMU=), B395(A,5JM+2pjcubTVd02ACTpvNHyRq+BfwBFYE0/nIOp8i0k=), B395(B,zztxsgGffH2DJsv2CXV0dafAizLhMN2J7pqhuaFO/wQ=)];1t;1c) for round 396
[2m2025-03-25T07:56:41.071911Z[0m [32m INFO[0m [1mnode[0m[1m{[0m[3mname[0m[2m=[0mk#8dcff6d1..[1m}[0m[2m:[0m [2mconsensus_core::core[0m[2m:[0m [2mconsensus/core/src/core.rs[0m[2m:[0m[2m945:[0m Included 3 ancestors & excluded 0 ancestors for proposal in round 396
[2m2025-03-25T07:56:41.072194Z[0m [32m INFO[0m [1mnode[0m[1m{[0m[3mname[0m[2m=[0mk#8dcff6d1..[1m}[0m[2m:[0m [2mconsensus_core::core[0m[2m:[0m [2mconsensus/core/src/core.rs[0m[2m:[0m[2m531:[0m Created block B396(A,aJA9E7DGZ9mgAKUIcU2zOGO5snla79G+z9FTZpa3dtA=)(1742889401072ms;[B395(A,5JM+2pjcubTVd02ACTpvNHyRq+BfwBFYE0/nIOp8i0k=), B395(B,zztxsgGffH2DJsv2CXV0dafAizLhMN2J7pqhuaFO/wQ=), B395(C,MowpY7onGkk/mgh8iJsA1I64EcM/aMkYbP/oZO7nGMU=)];1t;1c) for round 396
[2m2025-03-25T07:56:41.072262Z[0m [32m INFO[0m [1mnode[0m[1m{[0m[3mname[0m[2m=[0mk#8dcff6d1..[1m}[0m[2m:[0m [2mconsensus_core::core[0m[2m:[0m [2mconsensus/core/src/core.rs[0m[2m:[0m[2m630:[0m Committing 1 leaders: B394(C,qm3A)
[2m2025-03-25T07:56:41.072332Z[0m [32m INFO[0m [1mnode[0m[1m{[0m[3mname[0m[2m=[0mk#8dcff6d1..[1m}[0m[2m:[0m [2mconsensus_core::commit_observer[0m[2m:[0m [2mconsensus/core/src/commit_observer.rs[0m[2m:[0m[2m173:[0m Consensus commit C383(NeDU) with leader B394(C,qm3A) has 3 blocks
[2m2025-03-25T07:56:41.072415Z[0m [32m INFO[0m [1mnode[0m[1m{[0m[3mname[0m[2m=[0mk#8dcff6d1..[1m}[0m[2m:[0m [2msui_core::consensus_handler[0m[2m:[0m [2mcrates/sui-core/src/consensus_handler.rs[0m[2m:[0m[2m232:[0m Received consensus output [3mconsensus_commit[0m[2m=[0mCommittedSubDag(leader=B394(C,qm3A), ref=C383(NeDU), blocks=[yuTE, SMBO, qm3A]) [3mepoch[0m[2m=[0m1
[2m2025-03-25T07:56:41.073034Z[0m [32m INFO[0m [1mnode[0m[1m{[0m[3mname[0m[2m=[0mk#99f25ef6..[1m}[0m[2m:[0m [2mconsensus_core::core[0m[2m:[0m [2mconsensus/core/src/core.rs[0m[2m:[0m[2m945:[0m Included 3 ancestors & excluded 0 ancestors for proposal in round 396
[2m2025-03-25T07:56:41.073319Z[0m [32m INFO[0m [1mnode[0m[1m{[0m[3mname[0m[2m=[0mk#99f25ef6..[1m}[0m[2m:[0m [2mconsensus_core::core[0m[2m:[0m [2mconsensus/core/src/core.rs[0m[2m:[0m[2m531:[0m Created block B396(B,UiexhAVmvk0jug0votzvORCmLWnr/bsBsWwkoIra23c=)(1742889401073ms;[B395(B,zztxsgGffH2DJsv2CXV0dafAizLhMN2J7pqhuaFO/wQ=), B395(A,5JM+2pjcubTVd02ACTpvNHyRq+BfwBFYE0/nIOp8i0k=), B395(C,MowpY7onGkk/mgh8iJsA1I64EcM/aMkYbP/oZO7nGMU=)];1t;1c) for round 396
[2m2025-03-25T07:56:41.073383Z[0m [32m INFO[0m [1mnode[0m[1m{[0m[3mname[0m[2m=[0mk#99f25ef6..[1m}[0m[2m:[0m [2mconsensus_core::core[0m[2m:[0m [2mconsensus/core/src/core.rs[0m[2m:[0m[2m630:[0m Committing 1 leaders: B394(C,qm3A)
[2m2025-03-25T07:56:41.073448Z[0m [32m INFO[0m [1mnode[0m[1m{[0m[3mname[0m[2m=[0mk#99f25ef6..[1m}[0m[2m:[0m [2mconsensus_core::commit_observer[0m[2m:[0m [2mconsensus/core/src/commit_observer.rs[0m[2m:[0m[2m173:[0m Consensus commit C383(NeDU) with leader B394(C,qm3A) has 3 blocks
[2m2025-03-25T07:56:41.073522Z[0m [32m INFO[0m [1mnode[0m[1m{[0m[3mname[0m[2m=[0mk#99f25ef6..[1m}[0m[2m:[0m [2msui_core::consensus_handler[0m[2m:[0m [2mcrates/sui-core/src/consensus_handler.rs[0m[2m:[0m[2m232:[0m Received consensus output [3mconsensus_commit[0m[2m=[0mCommittedSubDag(leader=B394(C,qm3A), ref=C383(NeDU), blocks=[yuTE, SMBO, qm3A]) [3mepoch[0m[2m=[0m1
[2m2025-03-25T07:56:41.074756Z[0m [32m INFO[0m [1mnode[0m[1m{[0m[3mname[0m[2m=[0mk#addeef94..[1m}[0m[2m:[0m [2mconsensus_core::core[0m[2m:[0m [2mconsensus/core/src/core.rs[0m[2m:[0m[2m630:[0m Committing 1 leaders: B394(C,qm3A)
[2m2025-03-25T07:56:41.074842Z[0m [32m INFO[0m [1mnode[0m[1m{[0m[3mname[0m[2m=[0mk#addeef94..[1m}[0m[2m:[0m [2mconsensus_core::commit_observer[0m[2m:[0m [2mconsensus/core/src/commit_observer.rs[0m[2m:[0m[2m173:[0m Consensus commit C383(NeDU) with leader B394(C,qm3A) has 3 blocks
[2m2025-03-25T07:56:41.074915Z[0m [32m INFO[0m [1mnode[0m[1m{[0m[3mname[0m[2m=[0mk#addeef94..[1m}[0m[2m:[0m [2msui_core::consensus_handler[0m[2m:[0m [2mcrates/sui-core/src/consensus_handler.rs[0m[2m:[0m[2m232:[0m Received consensus output [3mconsensus_commit[0m[2m=[0mCommittedSubDag(leader=B394(C,qm3A), ref=C383(NeDU), blocks=[yuTE, SMBO, qm3A]) [3mepoch[0m[2m=[0m1
[2m2025-03-25T07:56:41.121757Z[0m [32m INFO[0m [1mnode[0m[1m{[0m[3mname[0m[2m=[0mk#addeef94..[1m}[0m[2m:[0m [2msui_core::checkpoints[0m[2m:[0m [2mcrates/sui-core/src/checkpoints/mod.rs[0m[2m:[0m[2m1326:[0m Creating checkpoint(s) for 1 transactions [3mnext_checkpoint_seq[0m[2m=[0m596 [3mcheckpoint_timestamp[0m[2m=[0m1742889400558
[2m2025-03-25T07:56:41.121952Z[0m [32m INFO[0m [1mnode[0m[1m{[0m[3mname[0m[2m=[0mk#99f25ef6..[1m}[0m[2m:[0m [2msui_core::checkpoints[0m[2m:[0m [2mcrates/sui-core/src/checkpoints/mod.rs[0m[2m:[0m[2m1326:[0m Creating checkpoint(s) for 1 transactions [3mnext_checkpoint_seq[0m[2m=[0m596 [3mcheckpoint_timestamp[0m[2m=[0m1742889400558
[2m2025-03-25T07:56:41.121997Z[0m [32m INFO[0m [1mnode[0m[1m{[0m[3mname[0m[2m=[0mk#addeef94..[1m}[0m[2m:[0m [2msui_core::checkpoints::checkpoint_output[0m[2m:[0m [2mcrates/sui-core/src/checkpoints/checkpoint_output.rs[0m[2m:[0m[2m149:[0m Creating checkpoint CheckpointDigest(T1oDEsStz3ATknxkedp7XQ8f82ZNyDNwGzCktEhBxyr) at epoch 1, sequence 596, previous digest Some(CheckpointDigest(FMRnj7aZKRvawJooA39qUTHjoRGPxGhbv17wXepyDp3i)), transactions count 1, content digest CheckpointContentsDigest(GGGEBhyDQ9QZGVmNbNE8ir2HqssjYdXX2MHALPSwjtyF), end_of_epoch_data None
[2m2025-03-25T07:56:41.122124Z[0m [32m INFO[0m [1mnode[0m[1m{[0m[3mname[0m[2m=[0mk#99f25ef6..[1m}[0m[2m:[0m [2msui_core::checkpoints::checkpoint_output[0m[2m:[0m [2mcrates/sui-core/src/checkpoints/checkpoint_output.rs[0m[2m:[0m[2m149:[0m Creating checkpoint CheckpointDigest(T1oDEsStz3ATknxkedp7XQ8f82ZNyDNwGzCktEhBxyr) at epoch 1, sequence 596, previous digest Some(CheckpointDigest(FMRnj7aZKRvawJooA39qUTHjoRGPxGhbv17wXepyDp3i)), transactions count 1, content digest CheckpointContentsDigest(GGGEBhyDQ9QZGVmNbNE8ir2HqssjYdXX2MHALPSwjtyF), end_of_epoch_data None
[2m2025-03-25T07:56:41.122208Z[0m [32m INFO[0m [1mnode[0m[1m{[0m[3mname[0m[2m=[0mk#8dcff6d1..[1m}[0m[2m:[0m [2msui_core::checkpoints[0m[2m:[0m [2mcrates/sui-core/src/checkpoints/mod.rs[0m[2m:[0m[2m1326:[0m Creating checkpoint(s) for 1 transactions [3mnext_checkpoint_seq[0m[2m=[0m596 [3mcheckpoint_timestamp[0m[2m=[0m1742889400558
[2m2025-03-25T07:56:41.122378Z[0m [32m INFO[0m [1mnode[0m[1m{[0m[3mname[0m[2m=[0mk#8dcff6d1..[1m}[0m[2m:[0m [2msui_core::checkpoints::checkpoint_output[0m[2m:[0m [2mcrates/sui-core/src/checkpoints/checkpoint_output.rs[0m[2m:[0m[2m149:[0m Creating checkpoint CheckpointDigest(T1oDEsStz3ATknxkedp7XQ8f82ZNyDNwGzCktEhBxyr) at epoch 1, sequence 596, previous digest Some(CheckpointDigest(FMRnj7aZKRvawJooA39qUTHjoRGPxGhbv17wXepyDp3i)), transactions count 1, content digest CheckpointContentsDigest(GGGEBhyDQ9QZGVmNbNE8ir2HqssjYdXX2MHALPSwjtyF), end_of_epoch_data None
[2m2025-03-25T07:56:41.125429Z[0m [32m INFO[0m [1mnode[0m[1m{[0m[3mname[0m[2m=[0mk#8dcff6d1..[1m}[0m[2m:[0m [2msui_core::checkpoints::checkpoint_output[0m[2m:[0m [2mcrates/sui-core/src/checkpoints/checkpoint_output.rs[0m[2m:[0m[2m196:[0m Certified checkpoint with sequence 595 and digest FMRnj7aZKRvawJooA39qUTHjoRGPxGhbv17wXepyDp3i
[2m2025-03-25T07:56:41.125461Z[0m [32m INFO[0m [1mnode[0m[1m{[0m[3mname[0m[2m=[0mk#99f25ef6..[1m}[0m[2m:[0m [2msui_core::checkpoints::checkpoint_output[0m[2m:[0m [2mcrates/sui-core/src/checkpoints/checkpoint_output.rs[0m[2m:[0m[2m196:[0m Certified checkpoint with sequence 595 and digest FMRnj7aZKRvawJooA39qUTHjoRGPxGhbv17wXepyDp3i
[2m2025-03-25T07:56:41.128539Z[0m [32m INFO[0m [1mnode[0m[1m{[0m[3mname[0m[2m=[0mk#99f25ef6..[1m}[0m[2m:[0m [2msui_core::checkpoints::checkpoint_executor[0m[2m:[0m [2mcrates/sui-core/src/checkpoints/checkpoint_executor/mod.rs[0m[2m:[0m[2m332:[0m Received checkpoint summary from state sync [3msequence_number[0m[2m=[0m595
[2m2025-03-25T07:56:41.128586Z[0m [32m INFO[0m [1mnode[0m[1m{[0m[3mname[0m[2m=[0mk#8dcff6d1..[1m}[0m[2m:[0m [2msui_core::checkpoints::checkpoint_executor[0m[2m:[0m [2mcrates/sui-core/src/checkpoints/checkpoint_executor/mod.rs[0m[2m:[0m[2m332:[0m Received checkpoint summary from state sync [3msequence_number[0m[2m=[0m595
[2m2025-03-25T07:56:41.147166Z[0m [32m INFO[0m [1mnode[0m[1m{[0m[3mname[0m[2m=[0mk#8dcff6d1..[1m}[0m[2m:[0m [2msui_core::state_accumulator[0m[2m:[0m [2mcrates/sui-core/src/state_accumulator.rs[0m[2m:[0m[2m675:[0m accumulating running root for checkpoint 595
[2m2025-03-25T07:56:41.147176Z[0m [32m INFO[0m [1mnode[0m[1m{[0m[3mname[0m[2m=[0mk#99f25ef6..[1m}[0m[2m:[0m [2msui_core::state_accumulator[0m[2m:[0m [2mcrates/sui-core/src/state_accumulator.rs[0m[2m:[0m[2m675:[0m accumulating running root for checkpoint 595
[2m2025-03-25T07:56:41.191436Z[0m [32m INFO[0m [1mnode[0m[1m{[0m[3mname[0m[2m=[0mk#addeef94..[1m}[0m[2m:[0m [2msui_core::checkpoints::checkpoint_executor[0m[2m:[0m [2mcrates/sui-core/src/checkpoints/checkpoint_executor/mod.rs[0m[2m:[0m[2m332:[0m Received checkpoint summary from state sync [3msequence_number[0m[2m=[0m595
[2m2025-03-25T07:56:41.192837Z[0m [32m INFO[0m [1mnode[0m[1m{[0m[3mname[0m[2m=[0mk#addeef94..[1m}[0m[2m:[0m [2msui_core::state_accumulator[0m[2m:[0m [2mcrates/sui-core/src/state_accumulator.rs[0m[2m:[0m[2m675:[0m accumulating running root for checkpoint 595
[2m2025-03-25T07:56:41.304796Z[0m [32m INFO[0m [1mnode[0m[1m{[0m[3mname[0m[2m=[0mk#8dcff6d1..[1m}[0m[2m:[0m [2mconsensus_core::commit_syncer[0m[2m:[0m [2mconsensus/core/src/commit_syncer.rs[0m[2m:[0m[2m196:[0m Checking to schedule fetches: synced_commit_index=383, highest_handled_index=383, highest_scheduled_index=0, quorum_commit_index=382, unhandled_commits_threshold=3200
[2m2025-03-25T07:56:41.324888Z[0m [32m INFO[0m [1mnode[0m[1m{[0m[3mname[0m[2m=[0mk#8dcff6d1..[1m}[0m[2m:[0m [2mconsensus_core::core[0m[2m:[0m [2mconsensus/core/src/core.rs[0m[2m:[0m[2m945:[0m Included 3 ancestors & excluded 0 ancestors for proposal in round 397
[2m2025-03-25T07:56:41.325251Z[0m [32m INFO[0m [1mnode[0m[1m{[0m[3mname[0m[2m=[0mk#8dcff6d1..[1m}[0m[2m:[0m [2mconsensus_core::core[0m[2m:[0m [2mconsensus/core/src/core.rs[0m[2m:[0m[2m531:[0m Created block B397(A,nUOy3VvMCc7RTGQMAwOyIZOLKajl94sHIdqRSNuQLyU=)(1742889401325ms;[B396(A,aJA9E7DGZ9mgAKUIcU2zOGO5snla79G+z9FTZpa3dtA=), B396(B,UiexhAVmvk0jug0votzvORCmLWnr/bsBsWwkoIra23c=), B396(C,1q8Fb/CvO92AyWAbLhMPqRvSJq4l5GpDcvp7ZAoK2UM=)];1t;1c) for round 397
[2m2025-03-25T07:56:41.325346Z[0m [32m INFO[0m [1mnode[0m[1m{[0m[3mname[0m[2m=[0mk#99f25ef6..[1m}[0m[2m:[0m [2mconsensus_core::core[0m[2m:[0m [2mconsensus/core/src/core.rs[0m[2m:[0m[2m945:[0m Included 3 ancestors & excluded 0 ancestors for proposal in round 397
[2m2025-03-25T07:56:41.325649Z[0m [32m INFO[0m [1mnode[0m[1m{[0m[3mname[0m[2m=[0mk#99f25ef6..[1m}[0m[2m:[0m [2mconsensus_core::core[0m[2m:[0m [2mconsensus/core/src/core.rs[0m[2m:[0m[2m531:[0m Created block B397(B,nB9uzkTinwdxdu5esKjw8aRucAwAfNpOoLewgI974iU=)(1742889401325ms;[B396(B,UiexhAVmvk0jug0votzvORCmLWnr/bsBsWwkoIra23c=), B396(A,aJA9E7DGZ9mgAKUIcU2zOGO5snla79G+z9FTZpa3dtA=), B396(C,1q8Fb/CvO92AyWAbLhMPqRvSJq4l5GpDcvp7ZAoK2UM=)];1t;1c) for round 397
[2m2025-03-25T07:56:41.327256Z[0m [32m INFO[0m [1mnode[0m[1m{[0m[3mname[0m[2m=[0mk#addeef94..[1m}[0m[2m:[0m [2mconsensus_core::commit_syncer[0m[2m:[0m [2mconsensus/core/src/commit_syncer.rs[0m[2m:[0m[2m196:[0m Checking to schedule fetches: synced_commit_index=383, highest_handled_index=383, highest_scheduled_index=0, quorum_commit_index=0, unhandled_commits_threshold=3200
[2m2025-03-25T07:56:41.328456Z[0m [32m INFO[0m [1mnode[0m[1m{[0m[3mname[0m[2m=[0mk#addeef94..[1m}[0m[2m:[0m [2mconsensus_core::core[0m[2m:[0m [2mconsensus/core/src/core.rs[0m[2m:[0m[2m945:[0m Included 3 ancestors & excluded 0 ancestors for proposal in round 397
[2m2025-03-25T07:56:41.328753Z[0m [32m INFO[0m [1mnode[0m[1m{[0m[3mname[0m[2m=[0mk#addeef94..[1m}[0m[2m:[0m [2mconsensus_core::core[0m[2m:[0m [2mconsensus/core/src/core.rs[0m[2m:[0m[2m531:[0m Created block B397(C,xhFgAlj+OrQBsixQlzvZw7zarMAgyj/sH6IRY3NSgZw=)(1742889401328ms;[B396(C,1q8Fb/CvO92AyWAbLhMPqRvSJq4l5GpDcvp7ZAoK2UM=), B396(A,aJA9E7DGZ9mgAKUIcU2zOGO5snla79G+z9FTZpa3dtA=), B396(B,UiexhAVmvk0jug0votzvORCmLWnr/bsBsWwkoIra23c=)];1t;1c) for round 397
[2m2025-03-25T07:56:41.328823Z[0m [32m INFO[0m [1mnode[0m[1m{[0m[3mname[0m[2m=[0mk#addeef94..[1m}[0m[2m:[0m [2mconsensus_core::core[0m[2m:[0m [2mconsensus/core/src/core.rs[0m[2m:[0m[2m630:[0m Committing 1 leaders: B395(A,5JM+)
[2m2025-03-25T07:56:41.328890Z[0m [32m INFO[0m [1mnode[0m[1m{[0m[3mname[0m[2m=[0mk#addeef94..[1m}[0m[2m:[0m [2mconsensus_core::commit_observer[0m[2m:[0m [2mconsensus/core/src/commit_observer.rs[0m[2m:[0m[2m173:[0m Consensus commit C384(5fOc) with leader B395(A,5JM+) has 2 blocks
[2m2025-03-25T07:56:41.329160Z[0m [32m INFO[0m [1mnode[0m[1m{[0m[3mname[0m[2m=[0mk#addeef94..[1m}[0m[2m:[0m [2msui_core::consensus_handler[0m[2m:[0m [2mcrates/sui-core/src/consensus_handler.rs[0m[2m:[0m[2m232:[0m Received consensus output [3mconsensus_commit[0m[2m=[0mCommittedSubDag(leader=B395(A,5JM+), ref=C384(5fOc), blocks=[Yqzp, 5JM+]) [3mepoch[0m[2m=[0m1
[2m2025-03-25T07:56:41.329975Z[0m [32m INFO[0m [1mnode[0m[1m{[0m[3mname[0m[2m=[0mk#99f25ef6..[1m}[0m[2m:[0m [2mconsensus_core::commit_syncer[0m[2m:[0m [2mconsensus/core/src/commit_syncer.rs[0m[2m:[0m[2m196:[0m Checking to schedule fetches: synced_commit_index=383, highest_handled_index=383, highest_scheduled_index=0, quorum_commit_index=382, unhandled_commits_threshold=3200
[2m2025-03-25T07:56:41.332194Z[0m [32m INFO[0m [1mnode[0m[1m{[0m[3mname[0m[2m=[0mk#99f25ef6..[1m}[0m[2m:[0m [2msui_core::checkpoints::checkpoint_output[0m[2m:[0m [2mcrates/sui-core/src/checkpoints/checkpoint_output.rs[0m[2m:[0m[2m196:[0m Certified checkpoint with sequence 596 and digest T1oDEsStz3ATknxkedp7XQ8f82ZNyDNwGzCktEhBxyr
[2m2025-03-25T07:56:41.332198Z[0m [32m INFO[0m [1mnode[0m[1m{[0m[3mname[0m[2m=[0mk#8dcff6d1..[1m}[0m[2m:[0m [2msui_core::checkpoints::checkpoint_output[0m[2m:[0m [2mcrates/sui-core/src/checkpoints/checkpoint_output.rs[0m[2m:[0m[2m196:[0m Certified checkpoint with sequence 596 and digest T1oDEsStz3ATknxkedp7XQ8f82ZNyDNwGzCktEhBxyr
[2m2025-03-25T07:56:41.332307Z[0m [32m INFO[0m [1mnode[0m[1m{[0m[3mname[0m[2m=[0mk#99f25ef6..[1m}[0m[2m:[0m [2mconsensus_core::core[0m[2m:[0m [2mconsensus/core/src/core.rs[0m[2m:[0m[2m630:[0m Committing 1 leaders: B395(A,5JM+)
[2m2025-03-25T07:56:41.332308Z[0m [32m INFO[0m [1mnode[0m[1m{[0m[3mname[0m[2m=[0mk#8dcff6d1..[1m}[0m[2m:[0m [2mconsensus_core::core[0m[2m:[0m [2mconsensus/core/src/core.rs[0m[2m:[0m[2m630:[0m Committing 1 leaders: B395(A,5JM+)
[2m2025-03-25T07:56:41.332406Z[0m [32m INFO[0m [1mnode[0m[1m{[0m[3mname[0m[2m=[0mk#8dcff6d1..[1m}[0m[2m:[0m [2mconsensus_core::commit_observer[0m[2m:[0m [2mconsensus/core/src/commit_observer.rs[0m[2m:[0m[2m173:[0m Consensus commit C384(5fOc) with leader B395(A,5JM+) has 2 blocks
[2m2025-03-25T07:56:41.332407Z[0m [32m INFO[0m [1mnode[0m[1m{[0m[3mname[0m[2m=[0mk#99f25ef6..[1m}[0m[2m:[0m [2mconsensus_core::commit_observer[0m[2m:[0m [2mconsensus/core/src/commit_observer.rs[0m[2m:[0m[2m173:[0m Consensus commit C384(5fOc) with leader B395(A,5JM+) has 2 blocks
[2m2025-03-25T07:56:41.332813Z[0m [32m INFO[0m [1mnode[0m[1m{[0m[3mname[0m[2m=[0mk#99f25ef6..[1m}[0m[2m:[0m [2msui_core::consensus_handler[0m[2m:[0m [2mcrates/sui-core/src/consensus_handler.rs[0m[2m:[0m[2m232:[0m Received consensus output [3mconsensus_commit[0m[2m=[0mCommittedSubDag(leader=B395(A,5JM+), ref=C384(5fOc), blocks=[Yqzp, 5JM+]) [3mepoch[0m[2m=[0m1
[2m2025-03-25T07:56:41.332813Z[0m [32m INFO[0m [1mnode[0m[1m{[0m[3mname[0m[2m=[0mk#8dcff6d1..[1m}[0m[2m:[0m [2msui_core::consensus_handler[0m[2m:[0m [2mcrates/sui-core/src/consensus_handler.rs[0m[2m:[0m[2m232:[0m Received consensus output [3mconsensus_commit[0m[2m=[0mCommittedSubDag(leader=B395(A,5JM+), ref=C384(5fOc), blocks=[Yqzp, 5JM+]) [3mepoch[0m[2m=[0m1
[2m2025-03-25T07:56:41.333380Z[0m [32m INFO[0m [1mnode[0m[1m{[0m[3mname[0m[2m=[0mk#99f25ef6..[1m}[0m[2m:[0m [2msui_core::checkpoints::checkpoint_executor[0m[2m:[0m [2mcrates/sui-core/src/checkpoints/checkpoint_executor/mod.rs[0m[2m:[0m[2m332:[0m Received checkpoint summary from state sync [3msequence_number[0m[2m=[0m596
[2m2025-03-25T07:56:41.333380Z[0m [32m INFO[0m [1mnode[0m[1m{[0m[3mname[0m[2m=[0mk#8dcff6d1..[1m}[0m[2m:[0m [2msui_core::checkpoints::checkpoint_executor[0m[2m:[0m [2mcrates/sui-core/src/checkpoints/checkpoint_executor/mod.rs[0m[2m:[0m[2m332:[0m Received checkpoint summary from state sync [3msequence_number[0m[2m=[0m596
[2m2025-03-25T07:56:41.334918Z[0m [32m INFO[0m [1mnode[0m[1m{[0m[3mname[0m[2m=[0mk#8dcff6d1..[1m}[0m[2m:[0m [2msui_core::state_accumulator[0m[2m:[0m [2mcrates/sui-core/src/state_accumulator.rs[0m[2m:[0m[2m675:[0m accumulating running root for checkpoint 596
[2m2025-03-25T07:56:41.334918Z[0m [32m INFO[0m [1mnode[0m[1m{[0m[3mname[0m[2m=[0mk#99f25ef6..[1m}[0m[2m:[0m [2msui_core::state_accumulator[0m[2m:[0m [2mcrates/sui-core/src/state_accumulator.rs[0m[2m:[0m[2m675:[0m accumulating running root for checkpoint 596
[2m2025-03-25T07:56:41.356030Z[0m [32m INFO[0m [1mnode[0m[1m{[0m[3mname[0m[2m=[0mk#addeef94..[1m}[0m[2m:[0m [2msui_core::checkpoints[0m[2m:[0m [2mcrates/sui-core/src/checkpoints/mod.rs[0m[2m:[0m[2m1326:[0m Creating checkpoint(s) for 2 transactions [3mnext_checkpoint_seq[0m[2m=[0m597 [3mcheckpoint_timestamp[0m[2m=[0m1742889400816
[2m2025-03-25T07:56:41.356341Z[0m [32m INFO[0m [1mnode[0m[1m{[0m[3mname[0m[2m=[0mk#addeef94..[1m}[0m[2m:[0m [2msui_core::checkpoints::checkpoint_output[0m[2m:[0m [2mcrates/sui-core/src/checkpoints/checkpoint_output.rs[0m[2m:[0m[2m149:[0m Creating checkpoint CheckpointDigest(3dTsniGwKPc8uZUc2gjuZrKKxuhpEqSpZTRQpf1WyoLf) at epoch 1, sequence 597, previous digest Some(CheckpointDigest(T1oDEsStz3ATknxkedp7XQ8f82ZNyDNwGzCktEhBxyr)), transactions count 2, content digest CheckpointContentsDigest(8syFakXw8Bq3Xs8w7w8qXmNPwRfj1sZStFwnVp547Qsz), end_of_epoch_data None
[2m2025-03-25T07:56:41.359080Z[0m [32m INFO[0m [1mnode[0m[1m{[0m[3mname[0m[2m=[0mk#addeef94..[1m}[0m[2m:[0m [2msui_core::checkpoints::checkpoint_executor[0m[2m:[0m [2mcrates/sui-core/src/checkpoints/checkpoint_executor/mod.rs[0m[2m:[0m[2m332:[0m Received checkpoint summary from state sync [3msequence_number[0m[2m=[0m596
[2m2025-03-25T07:56:41.359891Z[0m [32m INFO[0m [1mnode[0m[1m{[0m[3mname[0m[2m=[0mk#addeef94..[1m}[0m[2m:[0m [2msui_core::state_accumulator[0m[2m:[0m [2mcrates/sui-core/src/state_accumulator.rs[0m[2m:[0m[2m675:[0m accumulating running root for checkpoint 596
[2m2025-03-25T07:56:41.360523Z[0m [32m INFO[0m [1mnode[0m[1m{[0m[3mname[0m[2m=[0mk#99f25ef6..[1m}[0m[2m:[0m [2msui_core::checkpoints[0m[2m:[0m [2mcrates/sui-core/src/checkpoints/mod.rs[0m[2m:[0m[2m1326:[0m Creating checkpoint(s) for 2 transactions [3mnext_checkpoint_seq[0m[2m=[0m597 [3mcheckpoint_timestamp[0m[2m=[0m1742889400816
[2m2025-03-25T07:56:41.360625Z[0m [32m INFO[0m [1mnode[0m[1m{[0m[3mname[0m[2m=[0mk#8dcff6d1..[1m}[0m[2m:[0m [2msui_core::checkpoints[0m[2m:[0m [2mcrates/sui-core/src/checkpoints/mod.rs[0m[2m:[0m[2m1326:[0m Creating checkpoint(s) for 2 transactions [3mnext_checkpoint_seq[0m[2m=[0m597 [3mcheckpoint_timestamp[0m[2m=[0m1742889400816
[2m2025-03-25T07:56:41.360787Z[0m [32m INFO[0m [1mnode[0m[1m{[0m[3mname[0m[2m=[0mk#99f25ef6..[1m}[0m[2m:[0m [2msui_core::checkpoints::checkpoint_output[0m[2m:[0m [2mcrates/sui-core/src/checkpoints/checkpoint_output.rs[0m[2m:[0m[2m149:[0m Creating checkpoint CheckpointDigest(3dTsniGwKPc8uZUc2gjuZrKKxuhpEqSpZTRQpf1WyoLf) at epoch 1, sequence 597, previous digest Some(CheckpointDigest(T1oDEsStz3ATknxkedp7XQ8f82ZNyDNwGzCktEhBxyr)), transactions count 2, content digest CheckpointContentsDigest(8syFakXw8Bq3Xs8w7w8qXmNPwRfj1sZStFwnVp547Qsz), end_of_epoch_data None
[2m2025-03-25T07:56:41.360878Z[0m [32m INFO[0m [1mnode[0m[1m{[0m[3mname[0m[2m=[0mk#8dcff6d1..[1m}[0m[2m:[0m [2msui_core::checkpoints::checkpoint_output[0m[2m:[0m [2mcrates/sui-core/src/checkpoints/checkpoint_output.rs[0m[2m:[0m[2m149:[0m Creating checkpoint CheckpointDigest(3dTsniGwKPc8uZUc2gjuZrKKxuhpEqSpZTRQpf1WyoLf) at epoch 1, sequence 597, previous digest Some(CheckpointDigest(T1oDEsStz3ATknxkedp7XQ8f82ZNyDNwGzCktEhBxyr)), transactions count 2, content digest CheckpointContentsDigest(8syFakXw8Bq3Xs8w7w8qXmNPwRfj1sZStFwnVp547Qsz), end_of_epoch_data None
[2m2025-03-25T07:56:41.581976Z[0m [32m INFO[0m [1mnode[0m[1m{[0m[3mname[0m[2m=[0mk#addeef94..[1m}[0m[2m:[0m [2mconsensus_core::core[0m[2m:[0m [2mconsensus/core/src/core.rs[0m[2m:[0m[2m945:[0m Included 3 ancestors & excluded 0 ancestors for proposal in round 398
[2m2025-03-25T07:56:41.582366Z[0m [32m INFO[0m [1mnode[0m[1m{[0m[3mname[0m[2m=[0mk#addeef94..[1m}[0m[2m:[0m [2mconsensus_core::core[0m[2m:[0m [2mconsensus/core/src/core.rs[0m[2m:[0m[2m531:[0m Created block B398(C,s9X96D5I++ls1pWflnjSITlPGGTHuYkj6IbXERgn6DU=)(1742889401582ms;[B397(C,xhFgAlj+OrQBsixQlzvZw7zarMAgyj/sH6IRY3NSgZw=), B397(A,nUOy3VvMCc7RTGQMAwOyIZOLKajl94sHIdqRSNuQLyU=), B397(B,nB9uzkTinwdxdu5esKjw8aRucAwAfNpOoLewgI974iU=)];1t;1c) for round 398
[2m2025-03-25T07:56:41.584326Z[0m [32m INFO[0m [1mnode[0m[1m{[0m[3mname[0m[2m=[0mk#99f25ef6..[1m}[0m[2m:[0m [2mconsensus_core::core[0m[2m:[0m [2mconsensus/core/src/core.rs[0m[2m:[0m[2m945:[0m Included 3 ancestors & excluded 0 ancestors for proposal in round 398
[2m2025-03-25T07:56:41.584326Z[0m [32m INFO[0m [1mnode[0m[1m{[0m[3mname[0m[2m=[0mk#8dcff6d1..[1m}[0m[2m:[0m [2mconsensus_core::core[0m[2m:[0m [2mconsensus/core/src/core.rs[0m[2m:[0m[2m945:[0m Included 3 ancestors & excluded 0 ancestors for proposal in round 398
[2m2025-03-25T07:56:41.584619Z[0m [32m INFO[0m [1mnode[0m[1m{[0m[3mname[0m[2m=[0mk#99f25ef6..[1m}[0m[2m:[0m [2mconsensus_core::core[0m[2m:[0m [2mconsensus/core/src/core.rs[0m[2m:[0m[2m531:[0m Created block B398(B,rH/wZh8oCJ/0NWdJ428K7qcui2Ibsw155ZbUEILbPmk=)(1742889401584ms;[B397(B,nB9uzkTinwdxdu5esKjw8aRucAwAfNpOoLewgI974iU=), B397(A,nUOy3VvMCc7RTGQMAwOyIZOLKajl94sHIdqRSNuQLyU=), B397(C,xhFgAlj+OrQBsixQlzvZw7zarMAgyj/sH6IRY3NSgZw=)];1t;1c) for round 398
[2m2025-03-25T07:56:41.584623Z[0m [32m INFO[0m [1mnode[0m[1m{[0m[3mname[0m[2m=[0mk#8dcff6d1..[1m}[0m[2m:[0m [2mconsensus_core::core[0m[2m:[0m [2mconsensus/core/src/core.rs[0m[2m:[0m[2m531:[0m Created block B398(A,iMlUAI81ZeRZjxivB7NIV/QCFKJAFb3h0AsV5wX1834=)(1742889401584ms;[B397(A,nUOy3VvMCc7RTGQMAwOyIZOLKajl94sHIdqRSNuQLyU=), B397(B,nB9uzkTinwdxdu5esKjw8aRucAwAfNpOoLewgI974iU=), B397(C,xhFgAlj+OrQBsixQlzvZw7zarMAgyj/sH6IRY3NSgZw=)];1t;1c) for round 398
[2m2025-03-25T07:56:41.584692Z[0m [32m INFO[0m [1mnode[0m[1m{[0m[3mname[0m[2m=[0mk#99f25ef6..[1m}[0m[2m:[0m [2mconsensus_core::core[0m[2m:[0m [2mconsensus/core/src/core.rs[0m[2m:[0m[2m630:[0m Committing 1 leaders: B396(C,1q8F)
[2m2025-03-25T07:56:41.584692Z[0m [32m INFO[0m [1mnode[0m[1m{[0m[3mname[0m[2m=[0mk#8dcff6d1..[1m}[0m[2m:[0m [2mconsensus_core::core[0m[2m:[0m [2mconsensus/core/src/core.rs[0m[2m:[0m[2m630:[0m Committing 1 leaders: B396(C,1q8F)
[2m2025-03-25T07:56:41.584765Z[0m [32m INFO[0m [1mnode[0m[1m{[0m[3mname[0m[2m=[0mk#8dcff6d1..[1m}[0m[2m:[0m [2mconsensus_core::commit_observer[0m[2m:[0m [2mconsensus/core/src/commit_observer.rs[0m[2m:[0m[2m173:[0m Consensus commit C385(uCO7) with leader B396(C,1q8F) has 3 blocks
[2m2025-03-25T07:56:41.584765Z[0m [32m INFO[0m [1mnode[0m[1m{[0m[3mname[0m[2m=[0mk#99f25ef6..[1m}[0m[2m:[0m [2mconsensus_core::commit_observer[0m[2m:[0m [2mconsensus/core/src/commit_observer.rs[0m[2m:[0m[2m173:[0m Consensus commit C385(uCO7) with leader B396(C,1q8F) has 3 blocks
[2m2025-03-25T07:56:41.584856Z[0m [32m INFO[0m [1mnode[0m[1m{[0m[3mname[0m[2m=[0mk#99f25ef6..[1m}[0m[2m:[0m [2msui_core::consensus_handler[0m[2m:[0m [2mcrates/sui-core/src/consensus_handler.rs[0m[2m:[0m[2m232:[0m Received consensus output [3mconsensus_commit[0m[2m=[0mCommittedSubDag(leader=B396(C,1q8F), ref=C385(uCO7), blocks=[zztx, Mowp, 1q8F]) [3mepoch[0m[2m=[0m1
[2m2025-03-25T07:56:41.584856Z[0m [32m INFO[0m [1mnode[0m[1m{[0m[3mname[0m[2m=[0mk#8dcff6d1..[1m}[0m[2m:[0m [2msui_core::consensus_handler[0m[2m:[0m [2mcrates/sui-core/src/consensus_handler.rs[0m[2m:[0m[2m232:[0m Received consensus output [3mconsensus_commit[0m[2m=[0mCommittedSubDag(leader=B396(C,1q8F), ref=C385(uCO7), blocks=[zztx, Mowp, 1q8F]) [3mepoch[0m[2m=[0m1
[2m2025-03-25T07:56:41.588589Z[0m [32m INFO[0m [1mnode[0m[1m{[0m[3mname[0m[2m=[0mk#addeef94..[1m}[0m[2m:[0m [2mconsensus_core::core[0m[2m:[0m [2mconsensus/core/src/core.rs[0m[2m:[0m[2m630:[0m Committing 1 leaders: B396(C,1q8F)
[2m2025-03-25T07:56:41.588675Z[0m [32m INFO[0m [1mnode[0m[1m{[0m[3mname[0m[2m=[0mk#addeef94..[1m}[0m[2m:[0m [2mconsensus_core::commit_observer[0m[2m:[0m [2mconsensus/core/src/commit_observer.rs[0m[2m:[0m[2m173:[0m Consensus commit C385(uCO7) with leader B396(C,1q8F) has 3 blocks
[2m2025-03-25T07:56:41.588793Z[0m [32m INFO[0m [1mnode[0m[1m{[0m[3mname[0m[2m=[0mk#addeef94..[1m}[0m[2m:[0m [2msui_core::consensus_handler[0m[2m:[0m [2mcrates/sui-core/src/consensus_handler.rs[0m[2m:[0m[2m232:[0m Received consensus output [3mconsensus_commit[0m[2m=[0mCommittedSubDag(leader=B396(C,1q8F), ref=C385(uCO7), blocks=[zztx, Mowp, 1q8F]) [3mepoch[0m[2m=[0m1
[2m2025-03-25T07:56:41.631802Z[0m [32m INFO[0m [1mnode[0m[1m{[0m[3mname[0m[2m=[0mk#99f25ef6..[1m}[0m[2m:[0m [2msui_core::checkpoints[0m[2m:[0m [2mcrates/sui-core/src/checkpoints/mod.rs[0m[2m:[0m[2m1326:[0m Creating checkpoint(s) for 1 transactions [3mnext_checkpoint_seq[0m[2m=[0m598 [3mcheckpoint_timestamp[0m[2m=[0m1742889401068
[2m2025-03-25T07:56:41.631803Z[0m [32m INFO[0m [1mnode[0m[1m{[0m[3mname[0m[2m=[0mk#8dcff6d1..[1m}[0m[2m:[0m [2msui_core::checkpoints[0m[2m:[0m [2mcrates/sui-core/src/checkpoints/mod.rs[0m[2m:[0m[2m1326:[0m Creating checkpoint(s) for 1 transactions [3mnext_checkpoint_seq[0m[2m=[0m598 [3mcheckpoint_timestamp[0m[2m=[0m1742889401068
[2m2025-03-25T07:56:41.632051Z[0m [32m INFO[0m [1mnode[0m[1m{[0m[3mname[0m[2m=[0mk#8dcff6d1..[1m}[0m[2m:[0m [2msui_core::checkpoints::checkpoint_output[0m[2m:[0m [2mcrates/sui-core/src/checkpoints/checkpoint_output.rs[0m[2m:[0m[2m149:[0m Creating checkpoint CheckpointDigest(7QtErkouHoXKkGUVnyJKKDXajZw5hPKEfYWdGZveR748) at epoch 1, sequence 598, previous digest Some(CheckpointDigest(3dTsniGwKPc8uZUc2gjuZrKKxuhpEqSpZTRQpf1WyoLf)), transactions count 1, content digest CheckpointContentsDigest(JBP5nBtdY4BArT9h9uzVv9VhvgfNc1sy5iLM3Ykcj3wU), end_of_epoch_data None
[2m2025-03-25T07:56:41.632051Z[0m [32m INFO[0m [1mnode[0m[1m{[0m[3mname[0m[2m=[0mk#99f25ef6..[1m}[0m[2m:[0m [2msui_core::checkpoints::checkpoint_output[0m[2m:[0m [2mcrates/sui-core/src/checkpoints/checkpoint_output.rs[0m[2m:[0m[2m149:[0m Creating checkpoint CheckpointDigest(7QtErkouHoXKkGUVnyJKKDXajZw5hPKEfYWdGZveR748) at epoch 1, sequence 598, previous digest Some(CheckpointDigest(3dTsniGwKPc8uZUc2gjuZrKKxuhpEqSpZTRQpf1WyoLf)), transactions count 1, content digest CheckpointContentsDigest(JBP5nBtdY4BArT9h9uzVv9VhvgfNc1sy5iLM3Ykcj3wU), end_of_epoch_data None
[2m2025-03-25T07:56:41.633528Z[0m [32m INFO[0m [1mnode[0m[1m{[0m[3mname[0m[2m=[0mk#addeef94..[1m}[0m[2m:[0m [2msui_core::checkpoints[0m[2m:[0m [2mcrates/sui-core/src/checkpoints/mod.rs[0m[2m:[0m[2m1326:[0m Creating checkpoint(s) for 1 transactions [3mnext_checkpoint_seq[0m[2m=[0m598 [3mcheckpoint_timestamp[0m[2m=[0m1742889401068
[2m2025-03-25T07:56:41.633701Z[0m [32m INFO[0m [1mnode[0m[1m{[0m[3mname[0m[2m=[0mk#addeef94..[1m}[0m[2m:[0m [2msui_core::checkpoints::checkpoint_output[0m[2m:[0m [2mcrates/sui-core/src/checkpoints/checkpoint_output.rs[0m[2m:[0m[2m149:[0m Creating checkpoint CheckpointDigest(7QtErkouHoXKkGUVnyJKKDXajZw5hPKEfYWdGZveR748) at epoch 1, sequence 598, previous digest Some(CheckpointDigest(3dTsniGwKPc8uZUc2gjuZrKKxuhpEqSpZTRQpf1WyoLf)), transactions count 1, content digest CheckpointContentsDigest(JBP5nBtdY4BArT9h9uzVv9VhvgfNc1sy5iLM3Ykcj3wU), end_of_epoch_data None
[2m2025-03-25T07:56:41.635416Z[0m [32m INFO[0m [1mnode[0m[1m{[0m[3mname[0m[2m=[0mk#8dcff6d1..[1m}[0m[2m:[0m [2msui_core::checkpoints::checkpoint_output[0m[2m:[0m [2mcrates/sui-core/src/checkpoints/checkpoint_output.rs[0m[2m:[0m[2m196:[0m Certified checkpoint with sequence 597 and digest 3dTsniGwKPc8uZUc2gjuZrKKxuhpEqSpZTRQpf1WyoLf
[2m2025-03-25T07:56:41.635487Z[0m [32m INFO[0m [1mnode[0m[1m{[0m[3mname[0m[2m=[0mk#99f25ef6..[1m}[0m[2m:[0m [2msui_core::checkpoints::checkpoint_output[0m[2m:[0m [2mcrates/sui-core/src/checkpoints/checkpoint_output.rs[0m[2m:[0m[2m196:[0m Certified checkpoint with sequence 597 and digest 3dTsniGwKPc8uZUc2gjuZrKKxuhpEqSpZTRQpf1WyoLf
[2m2025-03-25T07:56:41.638371Z[0m [32m INFO[0m [1mnode[0m[1m{[0m[3mname[0m[2m=[0mk#99f25ef6..[1m}[0m[2m:[0m [2msui_core::checkpoints::checkpoint_executor[0m[2m:[0m [2mcrates/sui-core/src/checkpoints/checkpoint_executor/mod.rs[0m[2m:[0m[2m332:[0m Received checkpoint summary from state sync [3msequence_number[0m[2m=[0m597
[2m2025-03-25T07:56:41.638391Z[0m [32m INFO[0m [1mnode[0m[1m{[0m[3mname[0m[2m=[0mk#8dcff6d1..[1m}[0m[2m:[0m [2msui_core::checkpoints::checkpoint_executor[0m[2m:[0m [2mcrates/sui-core/src/checkpoints/checkpoint_executor/mod.rs[0m[2m:[0m[2m332:[0m Received checkpoint summary from state sync [3msequence_number[0m[2m=[0m597
[2m2025-03-25T07:56:41.656584Z[0m [32m INFO[0m [1mnode[0m[1m{[0m[3mname[0m[2m=[0mk#99f25ef6..[1m}[0m[2m:[0m [2msui_core::state_accumulator[0m[2m:[0m [2mcrates/sui-core/src/state_accumulator.rs[0m[2m:[0m[2m675:[0m accumulating running root for checkpoint 597
[2m2025-03-25T07:56:41.656586Z[0m [32m INFO[0m [1mnode[0m[1m{[0m[3mname[0m[2m=[0mk#8dcff6d1..[1m}[0m[2m:[0m [2msui_core::state_accumulator[0m[2m:[0m [2mcrates/sui-core/src/state_accumulator.rs[0m[2m:[0m[2m675:[0m accumulating running root for checkpoint 597
[2m2025-03-25T07:56:41.700696Z[0m [32m INFO[0m [1mnode[0m[1m{[0m[3mname[0m[2m=[0mk#addeef94..[1m}[0m[2m:[0m [2msui_core::checkpoints::checkpoint_executor[0m[2m:[0m [2mcrates/sui-core/src/checkpoints/checkpoint_executor/mod.rs[0m[2m:[0m[2m332:[0m Received checkpoint summary from state sync [3msequence_number[0m[2m=[0m597
[2m2025-03-25T07:56:41.702045Z[0m [32m INFO[0m [1mnode[0m[1m{[0m[3mname[0m[2m=[0mk#addeef94..[1m}[0m[2m:[0m [2msui_core::state_accumulator[0m[2m:[0m [2mcrates/sui-core/src/state_accumulator.rs[0m[2m:[0m[2m675:[0m accumulating running root for checkpoint 597
[2m2025-03-25T07:56:41.836458Z[0m [32m INFO[0m [1mnode[0m[1m{[0m[3mname[0m[2m=[0mk#99f25ef6..[1m}[0m[2m:[0m [2mconsensus_core::core[0m[2m:[0m [2mconsensus/core/src/core.rs[0m[2m:[0m[2m945:[0m Included 3 ancestors & excluded 0 ancestors for proposal in round 399
[2m2025-03-25T07:56:41.836812Z[0m [32m INFO[0m [1mnode[0m[1m{[0m[3mname[0m[2m=[0mk#8dcff6d1..[1m}[0m[2m:[0m [2mconsensus_core::core[0m[2m:[0m [2mconsensus/core/src/core.rs[0m[2m:[0m[2m945:[0m Included 3 ancestors & excluded 0 ancestors for proposal in round 399
[2m2025-03-25T07:56:41.836850Z[0m [32m INFO[0m [1mnode[0m[1m{[0m[3mname[0m[2m=[0mk#99f25ef6..[1m}[0m[2m:[0m [2mconsensus_core::core[0m[2m:[0m [2mconsensus/core/src/core.rs[0m[2m:[0m[2m531:[0m Created block B399(B,cRH5Vs824v6tW0DDUNIj9ke8KgjuOZMKn+5RcqUiWpc=)(1742889401836ms;[B398(B,rH/wZh8oCJ/0NWdJ428K7qcui2Ibsw155ZbUEILbPmk=), B398(A,iMlUAI81ZeRZjxivB7NIV/QCFKJAFb3h0AsV5wX1834=), B398(C,s9X96D5I++ls1pWflnjSITlPGGTHuYkj6IbXERgn6DU=)];1t;1c) for round 399
[2m2025-03-25T07:56:41.837117Z[0m [32m INFO[0m [1mnode[0m[1m{[0m[3mname[0m[2m=[0mk#8dcff6d1..[1m}[0m[2m:[0m [2mconsensus_core::core[0m[2m:[0m [2mconsensus/core/src/core.rs[0m[2m:[0m[2m531:[0m Created block B399(A,Ehx9bE+IdWkNeNBg0XzVrhy9BURAfqkjnfy5jhaXfew=)(1742889401837ms;[B398(A,iMlUAI81ZeRZjxivB7NIV/QCFKJAFb3h0AsV5wX1834=), B398(B,rH/wZh8oCJ/0NWdJ428K7qcui2Ibsw155ZbUEILbPmk=), B398(C,s9X96D5I++ls1pWflnjSITlPGGTHuYkj6IbXERgn6DU=)];1t;1c) for round 399
[2m2025-03-25T07:56:41.840272Z[0m [32m INFO[0m [1mnode[0m[1m{[0m[3mname[0m[2m=[0mk#addeef94..[1m}[0m[2m:[0m [2mconsensus_core::core[0m[2m:[0m [2mconsensus/core/src/core.rs[0m[2m:[0m[2m945:[0m Included 3 ancestors & excluded 0 ancestors for proposal in round 399
[2m2025-03-25T07:56:41.840582Z[0m [32m INFO[0m [1mnode[0m[1m{[0m[3mname[0m[2m=[0mk#addeef94..[1m}[0m[2m:[0m [2mconsensus_core::core[0m[2m:[0m [2mconsensus/core/src/core.rs[0m[2m:[0m[2m531:[0m Created block B399(C,4vMSpMjLeNgX8hgVjraATI/PSfoL7hIjvR+To30WNvY=)(1742889401840ms;[B398(C,s9X96D5I++ls1pWflnjSITlPGGTHuYkj6IbXERgn6DU=), B398(A,iMlUAI81ZeRZjxivB7NIV/QCFKJAFb3h0AsV5wX1834=), B398(B,rH/wZh8oCJ/0NWdJ428K7qcui2Ibsw155ZbUEILbPmk=)];1t;1c) for round 399
[2m2025-03-25T07:56:41.840653Z[0m [32m INFO[0m [1mnode[0m[1m{[0m[3mname[0m[2m=[0mk#addeef94..[1m}[0m[2m:[0m [2mconsensus_core::core[0m[2m:[0m [2mconsensus/core/src/core.rs[0m[2m:[0m[2m630:[0m Committing 1 leaders: B397(B,nB9u)
[2m2025-03-25T07:56:41.840722Z[0m [32m INFO[0m [1mnode[0m[1m{[0m[3mname[0m[2m=[0mk#addeef94..[1m}[0m[2m:[0m [2mconsensus_core::commit_observer[0m[2m:[0m [2mconsensus/core/src/commit_observer.rs[0m[2m:[0m[2m173:[0m Consensus commit C386(FTN4) with leader B397(B,nB9u) has 3 blocks
[2m2025-03-25T07:56:41.840806Z[0m [32m INFO[0m [1mnode[0m[1m{[0m[3mname[0m[2m=[0mk#addeef94..[1m}[0m[2m:[0m [2msui_core::consensus_handler[0m[2m:[0m [2mcrates/sui-core/src/consensus_handler.rs[0m[2m:[0m[2m232:[0m Received consensus output [3mconsensus_commit[0m[2m=[0mCommittedSubDag(leader=B397(B,nB9u), ref=C386(FTN4), blocks=[aJA9, Uiex, nB9u]) [3mepoch[0m[2m=[0m1
[2m2025-03-25T07:56:41.843851Z[0m [32m INFO[0m [1mnode[0m[1m{[0m[3mname[0m[2m=[0mk#8dcff6d1..[1m}[0m[2m:[0m [2msui_core::checkpoints::checkpoint_output[0m[2m:[0m [2mcrates/sui-core/src/checkpoints/checkpoint_output.rs[0m[2m:[0m[2m196:[0m Certified checkpoint with sequence 598 and digest 7QtErkouHoXKkGUVnyJKKDXajZw5hPKEfYWdGZveR748
[2m2025-03-25T07:56:41.843856Z[0m [32m INFO[0m [1mnode[0m[1m{[0m[3mname[0m[2m=[0mk#99f25ef6..[1m}[0m[2m:[0m [2msui_core::checkpoints::checkpoint_output[0m[2m:[0m [2mcrates/sui-core/src/checkpoints/checkpoint_output.rs[0m[2m:[0m[2m196:[0m Certified checkpoint with sequence 598 and digest 7QtErkouHoXKkGUVnyJKKDXajZw5hPKEfYWdGZveR748
[2m2025-03-25T07:56:41.843961Z[0m [32m INFO[0m [1mnode[0m[1m{[0m[3mname[0m[2m=[0mk#8dcff6d1..[1m}[0m[2m:[0m [2mconsensus_core::core[0m[2m:[0m [2mconsensus/core/src/core.rs[0m[2m:[0m[2m630:[0m Committing 1 leaders: B397(B,nB9u)
[2m2025-03-25T07:56:41.843961Z[0m [32m INFO[0m [1mnode[0m[1m{[0m[3mname[0m[2m=[0mk#99f25ef6..[1m}[0m[2m:[0m [2mconsensus_core::core[0m[2m:[0m [2mconsensus/core/src/core.rs[0m[2m:[0m[2m630:[0m Committing 1 leaders: B397(B,nB9u)
[2m2025-03-25T07:56:41.844060Z[0m [32m INFO[0m [1mnode[0m[1m{[0m[3mname[0m[2m=[0mk#8dcff6d1..[1m}[0m[2m:[0m [2mconsensus_core::commit_observer[0m[2m:[0m [2mconsensus/core/src/commit_observer.rs[0m[2m:[0m[2m173:[0m Consensus commit C386(FTN4) with leader B397(B,nB9u) has 3 blocks
[2m2025-03-25T07:56:41.844066Z[0m [32m INFO[0m [1mnode[0m[1m{[0m[3mname[0m[2m=[0mk#99f25ef6..[1m}[0m[2m:[0m [2mconsensus_core::commit_observer[0m[2m:[0m [2mconsensus/core/src/commit_observer.rs[0m[2m:[0m[2m173:[0m Consensus commit C386(FTN4) with leader B397(B,nB9u) has 3 blocks
[2m2025-03-25T07:56:41.844474Z[0m [32m INFO[0m [1mnode[0m[1m{[0m[3mname[0m[2m=[0mk#8dcff6d1..[1m}[0m[2m:[0m [2msui_core::consensus_handler[0m[2m:[0m [2mcrates/sui-core/src/consensus_handler.rs[0m[2m:[0m[2m232:[0m Received consensus output [3mconsensus_commit[0m[2m=[0mCommittedSubDag(leader=B397(B,nB9u), ref=C386(FTN4), blocks=[aJA9, Uiex, nB9u]) [3mepoch[0m[2m=[0m1
[2m2025-03-25T07:56:41.844474Z[0m [32m INFO[0m [1mnode[0m[1m{[0m[3mname[0m[2m=[0mk#99f25ef6..[1m}[0m[2m:[0m [2msui_core::consensus_handler[0m[2m:[0m [2mcrates/sui-core/src/consensus_handler.rs[0m[2m:[0m[2m232:[0m Received consensus output [3mconsensus_commit[0m[2m=[0mCommittedSubDag(leader=B397(B,nB9u), ref=C386(FTN4), blocks=[aJA9, Uiex, nB9u]) [3mepoch[0m[2m=[0m1
[2m2025-03-25T07:56:41.845039Z[0m [32m INFO[0m [1mnode[0m[1m{[0m[3mname[0m[2m=[0mk#8dcff6d1..[1m}[0m[2m:[0m [2msui_core::checkpoints::checkpoint_executor[0m[2m:[0m [2mcrates/sui-core/src/checkpoints/checkpoint_executor/mod.rs[0m[2m:[0m[2m332:[0m Received checkpoint summary from state sync [3msequence_number[0m[2m=[0m598
[2m2025-03-25T07:56:41.845039Z[0m [32m INFO[0m [1mnode[0m[1m{[0m[3mname[0m[2m=[0mk#99f25ef6..[1m}[0m[2m:[0m [2msui_core::checkpoints::checkpoint_executor[0m[2m:[0m [2mcrates/sui-core/src/checkpoints/checkpoint_executor/mod.rs[0m[2m:[0m[2m332:[0m Received checkpoint summary from state sync [3msequence_number[0m[2m=[0m598
[2m2025-03-25T07:56:41.846532Z[0m [32m INFO[0m [1mnode[0m[1m{[0m[3mname[0m[2m=[0mk#8dcff6d1..[1m}[0m[2m:[0m [2msui_core::state_accumulator[0m[2m:[0m [2mcrates/sui-core/src/state_accumulator.rs[0m[2m:[0m[2m675:[0m accumulating running root for checkpoint 598
[2m2025-03-25T07:56:41.846533Z[0m [32m INFO[0m [1mnode[0m[1m{[0m[3mname[0m[2m=[0mk#99f25ef6..[1m}[0m[2m:[0m [2msui_core::state_accumulator[0m[2m:[0m [2mcrates/sui-core/src/state_accumulator.rs[0m[2m:[0m[2m675:[0m accumulating running root for checkpoint 598
[2m2025-03-25T07:56:41.867596Z[0m [32m INFO[0m [1mnode[0m[1m{[0m[3mname[0m[2m=[0mk#addeef94..[1m}[0m[2m:[0m [2msui_core::checkpoints[0m[2m:[0m [2mcrates/sui-core/src/checkpoints/mod.rs[0m[2m:[0m[2m1326:[0m Creating checkpoint(s) for 2 transactions [3mnext_checkpoint_seq[0m[2m=[0m599 [3mcheckpoint_timestamp[0m[2m=[0m1742889401325
[2m2025-03-25T07:56:41.867909Z[0m [32m INFO[0m [1mnode[0m[1m{[0m[3mname[0m[2m=[0mk#addeef94..[1m}[0m[2m:[0m [2msui_core::checkpoints::checkpoint_output[0m[2m:[0m [2mcrates/sui-core/src/checkpoints/checkpoint_output.rs[0m[2m:[0m[2m149:[0m Creating checkpoint CheckpointDigest(5Djx34imEWPBuc89C2rmK6FSQ9UFu3QomBZoeC9ohk42) at epoch 1, sequence 599, previous digest Some(CheckpointDigest(7QtErkouHoXKkGUVnyJKKDXajZw5hPKEfYWdGZveR748)), transactions count 2, content digest CheckpointContentsDigest(4mK9CG2sgHL8YD3MQZnfgcTdK6PD8p15EkypKi7qAkHj), end_of_epoch_data None
[2m2025-03-25T07:56:41.870651Z[0m [32m INFO[0m [1mnode[0m[1m{[0m[3mname[0m[2m=[0mk#addeef94..[1m}[0m[2m:[0m [2msui_core::checkpoints::checkpoint_executor[0m[2m:[0m [2mcrates/sui-core/src/checkpoints/checkpoint_executor/mod.rs[0m[2m:[0m[2m332:[0m Received checkpoint summary from state sync [3msequence_number[0m[2m=[0m598
[2m2025-03-25T07:56:41.871473Z[0m [32m INFO[0m [1mnode[0m[1m{[0m[3mname[0m[2m=[0mk#addeef94..[1m}[0m[2m:[0m [2msui_core::state_accumulator[0m[2m:[0m [2mcrates/sui-core/src/state_accumulator.rs[0m[2m:[0m[2m675:[0m accumulating running root for checkpoint 598
[2m2025-03-25T07:56:41.872109Z[0m [32m INFO[0m [1mnode[0m[1m{[0m[3mname[0m[2m=[0mk#99f25ef6..[1m}[0m[2m:[0m [2msui_core::checkpoints[0m[2m:[0m [2mcrates/sui-core/src/checkpoints/mod.rs[0m[2m:[0m[2m1326:[0m Creating checkpoint(s) for 2 transactions [3mnext_checkpoint_seq[0m[2m=[0m599 [3mcheckpoint_timestamp[0m[2m=[0m1742889401325
[2m2025-03-25T07:56:41.872148Z[0m [32m INFO[0m [1mnode[0m[1m{[0m[3mname[0m[2m=[0mk#8dcff6d1..[1m}[0m[2m:[0m [2msui_core::checkpoints[0m[2m:[0m [2mcrates/sui-core/src/checkpoints/mod.rs[0m[2m:[0m[2m1326:[0m Creating checkpoint(s) for 2 transactions [3mnext_checkpoint_seq[0m[2m=[0m599 [3mcheckpoint_timestamp[0m[2m=[0m1742889401325
[2m2025-03-25T07:56:41.872371Z[0m [32m INFO[0m [1mnode[0m[1m{[0m[3mname[0m[2m=[0mk#99f25ef6..[1m}[0m[2m:[0m [2msui_core::checkpoints::checkpoint_output[0m[2m:[0m [2mcrates/sui-core/src/checkpoints/checkpoint_output.rs[0m[2m:[0m[2m149:[0m Creating checkpoint CheckpointDigest(5Djx34imEWPBuc89C2rmK6FSQ9UFu3QomBZoeC9ohk42) at epoch 1, sequence 599, previous digest Some(CheckpointDigest(7QtErkouHoXKkGUVnyJKKDXajZw5hPKEfYWdGZveR748)), transactions count 2, content digest CheckpointContentsDigest(4mK9CG2sgHL8YD3MQZnfgcTdK6PD8p15EkypKi7qAkHj), end_of_epoch_data None
[2m2025-03-25T07:56:41.872400Z[0m [32m INFO[0m [1mnode[0m[1m{[0m[3mname[0m[2m=[0mk#8dcff6d1..[1m}[0m[2m:[0m [2msui_core::checkpoints::checkpoint_output[0m[2m:[0m [2mcrates/sui-core/src/checkpoints/checkpoint_output.rs[0m[2m:[0m[2m149:[0m Creating checkpoint CheckpointDigest(5Djx34imEWPBuc89C2rmK6FSQ9UFu3QomBZoeC9ohk42) at epoch 1, sequence 599, previous digest Some(CheckpointDigest(7QtErkouHoXKkGUVnyJKKDXajZw5hPKEfYWdGZveR748)), transactions count 2, content digest CheckpointContentsDigest(4mK9CG2sgHL8YD3MQZnfgcTdK6PD8p15EkypKi7qAkHj), end_of_epoch_data None
[2m2025-03-25T07:56:41.961276Z[0m [32m INFO[0m [1mnode[0m[1m{[0m[3mname[0m[2m=[0mk#b3f3cbb4..[1m}[0m[2m:[0m[1mjson-rpc-request[0m[2m:[0m[1mdev_inspect_transaction_block[0m[1m{[0m[3msender_address[0m[2m=[0m0x0000000000000000000000000000000000000000000000000000000000000000 [3mtx_bytes[0m[2m=[0mBase64("AAMBAQAAAAAAAAAAAAAAAAAAAAAAAAAAAAAAAAAAAAAAAAAJAQAAAAAAAAABAAECAAgAAAAAAAAAAAEAAAAAAAAAAAAAAAAAAAAAAAAAAAAAAAAAAAAAAAAAAAsGYnJpZGdlIGdldF90b2tlbl90cmFuc2Zlcl9hY3Rpb25fc3RhdHVzAAMBAAABAQABAgA=") [3mgas_price[0m[2m=[0mNone [3m_epoch[0m[2m=[0mNone [3madditional_args[0m[2m=[0mNone[1m}[0m[2m:[0m [2msui_json_rpc::transaction_execution_api[0m[2m:[0m [2mcrates/sui-json-rpc/src/transaction_execution_api.rs[0m[2m:[0m[2m351:[0m RPC took longer than threshold to complete. [3melapsed[0m[2m=[0m1.540297s
[2m2025-03-25T07:56:41.962197Z[0m [32m INFO[0m [1mhandle_execution_task[0m[1m{[0m[3maction_key[0m[2m=[0mBridgeActionKey(0,2,0) [3mattempt_times[0m[2m=[0m2[1m}[0m[2m:[0m [2msui_bridge::action_executor[0m[2m:[0m [2mcrates/sui-bridge/src/action_executor.rs[0m[2m:[0m[2m540:[0m Sending transaction to Sui [3mtx_digest[0m[2m=[0mTransactionDigest(GDSurpEu2x2PVvpwcUqP5MTXTQ8jWoYdMxzexGq3UM9X) [3mgas_object_ref[0m[2m=[0m(0x059c5b653da3f627ad85b7947a1634ad3055f81b24125b7d9b23178b0146bfc6, SequenceNumber(341), o#4ep4K212yQtPC23ghtw73sJ44qmqyajoXRf4wvuKq6mQ)
[2m2025-03-25T07:56:41.966037Z[0m [32m INFO[0m [1mnode[0m[1m{[0m[3mname[0m[2m=[0mk#b3f3cbb4..[1m}[0m[2m:[0m [2msui_core::state_accumulator[0m[2m:[0m [2mcrates/sui-core/src/state_accumulator.rs[0m[2m:[0m[2m675:[0m accumulating running root for checkpoint 540
[2m2025-03-25T07:56:42.092805Z[0m [32m INFO[0m [1mnode[0m[1m{[0m[3mname[0m[2m=[0mk#addeef94..[1m}[0m[2m:[0m [2mconsensus_core::core[0m[2m:[0m [2mconsensus/core/src/core.rs[0m[2m:[0m[2m945:[0m Included 3 ancestors & excluded 0 ancestors for proposal in round 400
[2m2025-03-25T07:56:42.093154Z[0m [32m INFO[0m [1mnode[0m[1m{[0m[3mname[0m[2m=[0mk#addeef94..[1m}[0m[2m:[0m [2mconsensus_core::core[0m[2m:[0m [2mconsensus/core/src/core.rs[0m[2m:[0m[2m531:[0m Created block B400(C,0AXhq1aXdLHkHBvgHIry9PX9nTeYp+XTsfeesP4SpA0=)(1742889402093ms;[B399(C,4vMSpMjLeNgX8hgVjraATI/PSfoL7hIjvR+To30WNvY=), B399(A,Ehx9bE+IdWkNeNBg0XzVrhy9BURAfqkjnfy5jhaXfew=), B399(B,cRH5Vs824v6tW0DDUNIj9ke8KgjuOZMKn+5RcqUiWpc=)];1t;1c) for round 400
[2m2025-03-25T07:56:42.095078Z[0m [32m INFO[0m [1mnode[0m[1m{[0m[3mname[0m[2m=[0mk#99f25ef6..[1m}[0m[2m:[0m [2mconsensus_core::core[0m[2m:[0m [2mconsensus/core/src/core.rs[0m[2m:[0m[2m945:[0m Included 3 ancestors & excluded 0 ancestors for proposal in round 400
[2m2025-03-25T07:56:42.095359Z[0m [32m INFO[0m [1mnode[0m[1m{[0m[3mname[0m[2m=[0mk#99f25ef6..[1m}[0m[2m:[0m [2mconsensus_core::core[0m[2m:[0m [2mconsensus/core/src/core.rs[0m[2m:[0m[2m531:[0m Created block B400(B,hOf27b3LHeXio+QngNm7ZILMYfwsRNLW5PBWck+wtZg=)(1742889402095ms;[B399(B,cRH5Vs824v6tW0DDUNIj9ke8KgjuOZMKn+5RcqUiWpc=), B399(A,Ehx9bE+IdWkNeNBg0XzVrhy9BURAfqkjnfy5jhaXfew=), B399(C,4vMSpMjLeNgX8hgVjraATI/PSfoL7hIjvR+To30WNvY=)];1t;1c) for round 400
[2m2025-03-25T07:56:42.095427Z[0m [32m INFO[0m [1mnode[0m[1m{[0m[3mname[0m[2m=[0mk#99f25ef6..[1m}[0m[2m:[0m [2mconsensus_core::core[0m[2m:[0m [2mconsensus/core/src/core.rs[0m[2m:[0m[2m630:[0m Committing 1 leaders: B398(B,rH/w)
[2m2025-03-25T07:56:42.095496Z[0m [32m INFO[0m [1mnode[0m[1m{[0m[3mname[0m[2m=[0mk#99f25ef6..[1m}[0m[2m:[0m [2mconsensus_core::commit_observer[0m[2m:[0m [2mconsensus/core/src/commit_observer.rs[0m[2m:[0m[2m173:[0m Consensus commit C387(SCYI) with leader B398(B,rH/w) has 3 blocks
[2m2025-03-25T07:56:42.095584Z[0m [32m INFO[0m [1mnode[0m[1m{[0m[3mname[0m[2m=[0mk#99f25ef6..[1m}[0m[2m:[0m [2msui_core::consensus_handler[0m[2m:[0m [2mcrates/sui-core/src/consensus_handler.rs[0m[2m:[0m[2m232:[0m Received consensus output [3mconsensus_commit[0m[2m=[0mCommittedSubDag(leader=B398(B,rH/w), ref=C387(SCYI), blocks=[nUOy, xhFg, rH/w]) [3mepoch[0m[2m=[0m1
[2m2025-03-25T07:56:42.096194Z[0m [32m INFO[0m [1mnode[0m[1m{[0m[3mname[0m[2m=[0mk#8dcff6d1..[1m}[0m[2m:[0m [2mconsensus_core::core[0m[2m:[0m [2mconsensus/core/src/core.rs[0m[2m:[0m[2m945:[0m Included 3 ancestors & excluded 0 ancestors for proposal in round 400
[2m2025-03-25T07:56:42.096484Z[0m [32m INFO[0m [1mnode[0m[1m{[0m[3mname[0m[2m=[0mk#8dcff6d1..[1m}[0m[2m:[0m [2mconsensus_core::core[0m[2m:[0m [2mconsensus/core/src/core.rs[0m[2m:[0m[2m531:[0m Created block B400(A,f9iPtad3yes1U2rDks93TNtRrea+2ck0tRVwvYKsPhM=)(1742889402096ms;[B399(A,Ehx9bE+IdWkNeNBg0XzVrhy9BURAfqkjnfy5jhaXfew=), B399(B,cRH5Vs824v6tW0DDUNIj9ke8KgjuOZMKn+5RcqUiWpc=), B399(C,4vMSpMjLeNgX8hgVjraATI/PSfoL7hIjvR+To30WNvY=)];1t;1c) for round 400
[2m2025-03-25T07:56:42.096549Z[0m [32m INFO[0m [1mnode[0m[1m{[0m[3mname[0m[2m=[0mk#8dcff6d1..[1m}[0m[2m:[0m [2mconsensus_core::core[0m[2m:[0m [2mconsensus/core/src/core.rs[0m[2m:[0m[2m630:[0m Committing 1 leaders: B398(B,rH/w)
[2m2025-03-25T07:56:42.096614Z[0m [32m INFO[0m [1mnode[0m[1m{[0m[3mname[0m[2m=[0mk#8dcff6d1..[1m}[0m[2m:[0m [2mconsensus_core::commit_observer[0m[2m:[0m [2mconsensus/core/src/commit_observer.rs[0m[2m:[0m[2m173:[0m Consensus commit C387(SCYI) with leader B398(B,rH/w) has 3 blocks
[2m2025-03-25T07:56:42.096695Z[0m [32m INFO[0m [1mnode[0m[1m{[0m[3mname[0m[2m=[0mk#8dcff6d1..[1m}[0m[2m:[0m [2msui_core::consensus_handler[0m[2m:[0m [2mcrates/sui-core/src/consensus_handler.rs[0m[2m:[0m[2m232:[0m Received consensus output [3mconsensus_commit[0m[2m=[0mCommittedSubDag(leader=B398(B,rH/w), ref=C387(SCYI), blocks=[nUOy, xhFg, rH/w]) [3mepoch[0m[2m=[0m1
[2m2025-03-25T07:56:42.097930Z[0m [32m INFO[0m [1mnode[0m[1m{[0m[3mname[0m[2m=[0mk#addeef94..[1m}[0m[2m:[0m [2mconsensus_core::core[0m[2m:[0m [2mconsensus/core/src/core.rs[0m[2m:[0m[2m630:[0m Committing 1 leaders: B398(B,rH/w)
[2m2025-03-25T07:56:42.098018Z[0m [32m INFO[0m [1mnode[0m[1m{[0m[3mname[0m[2m=[0mk#addeef94..[1m}[0m[2m:[0m [2mconsensus_core::commit_observer[0m[2m:[0m [2mconsensus/core/src/commit_observer.rs[0m[2m:[0m[2m173:[0m Consensus commit C387(SCYI) with leader B398(B,rH/w) has 3 blocks
[2m2025-03-25T07:56:42.098090Z[0m [32m INFO[0m [1mnode[0m[1m{[0m[3mname[0m[2m=[0mk#addeef94..[1m}[0m[2m:[0m [2msui_core::consensus_handler[0m[2m:[0m [2mcrates/sui-core/src/consensus_handler.rs[0m[2m:[0m[2m232:[0m Received consensus output [3mconsensus_commit[0m[2m=[0mCommittedSubDag(leader=B398(B,rH/w), ref=C387(SCYI), blocks=[nUOy, xhFg, rH/w]) [3mepoch[0m[2m=[0m1
[2m2025-03-25T07:56:42.143165Z[0m [32m INFO[0m [1mnode[0m[1m{[0m[3mname[0m[2m=[0mk#99f25ef6..[1m}[0m[2m:[0m [2msui_core::checkpoints[0m[2m:[0m [2mcrates/sui-core/src/checkpoints/mod.rs[0m[2m:[0m[2m1326:[0m Creating checkpoint(s) for 1 transactions [3mnext_checkpoint_seq[0m[2m=[0m600 [3mcheckpoint_timestamp[0m[2m=[0m1742889401584
[2m2025-03-25T07:56:42.143165Z[0m [32m INFO[0m [1mnode[0m[1m{[0m[3mname[0m[2m=[0mk#8dcff6d1..[1m}[0m[2m:[0m [2msui_core::checkpoints[0m[2m:[0m [2mcrates/sui-core/src/checkpoints/mod.rs[0m[2m:[0m[2m1326:[0m Creating checkpoint(s) for 1 transactions [3mnext_checkpoint_seq[0m[2m=[0m600 [3mcheckpoint_timestamp[0m[2m=[0m1742889401584
[2m2025-03-25T07:56:42.143403Z[0m [32m INFO[0m [1mnode[0m[1m{[0m[3mname[0m[2m=[0mk#99f25ef6..[1m}[0m[2m:[0m [2msui_core::checkpoints::checkpoint_output[0m[2m:[0m [2mcrates/sui-core/src/checkpoints/checkpoint_output.rs[0m[2m:[0m[2m149:[0m Creating checkpoint CheckpointDigest(ACwsfguRMmSmrqubjetSRz5MzWmJMJUWNPzEp19QjiZm) at epoch 1, sequence 600, previous digest Some(CheckpointDigest(5Djx34imEWPBuc89C2rmK6FSQ9UFu3QomBZoeC9ohk42)), transactions count 1, content digest CheckpointContentsDigest(CTakrWV7Mz7KunHEDwk5LW6cAFNj8bPpoXHqbKawwx6S), end_of_epoch_data None
[2m2025-03-25T07:56:42.143403Z[0m [32m INFO[0m [1mnode[0m[1m{[0m[3mname[0m[2m=[0mk#8dcff6d1..[1m}[0m[2m:[0m [2msui_core::checkpoints::checkpoint_output[0m[2m:[0m [2mcrates/sui-core/src/checkpoints/checkpoint_output.rs[0m[2m:[0m[2m149:[0m Creating checkpoint CheckpointDigest(ACwsfguRMmSmrqubjetSRz5MzWmJMJUWNPzEp19QjiZm) at epoch 1, sequence 600, previous digest Some(CheckpointDigest(5Djx34imEWPBuc89C2rmK6FSQ9UFu3QomBZoeC9ohk42)), transactions count 1, content digest CheckpointContentsDigest(CTakrWV7Mz7KunHEDwk5LW6cAFNj8bPpoXHqbKawwx6S), end_of_epoch_data None
[2m2025-03-25T07:56:42.143465Z[0m [32m INFO[0m [1mnode[0m[1m{[0m[3mname[0m[2m=[0mk#addeef94..[1m}[0m[2m:[0m [2msui_core::checkpoints[0m[2m:[0m [2mcrates/sui-core/src/checkpoints/mod.rs[0m[2m:[0m[2m1326:[0m Creating checkpoint(s) for 1 transactions [3mnext_checkpoint_seq[0m[2m=[0m600 [3mcheckpoint_timestamp[0m[2m=[0m1742889401584
[2m2025-03-25T07:56:42.143637Z[0m [32m INFO[0m [1mnode[0m[1m{[0m[3mname[0m[2m=[0mk#addeef94..[1m}[0m[2m:[0m [2msui_core::checkpoints::checkpoint_output[0m[2m:[0m [2mcrates/sui-core/src/checkpoints/checkpoint_output.rs[0m[2m:[0m[2m149:[0m Creating checkpoint CheckpointDigest(ACwsfguRMmSmrqubjetSRz5MzWmJMJUWNPzEp19QjiZm) at epoch 1, sequence 600, previous digest Some(CheckpointDigest(5Djx34imEWPBuc89C2rmK6FSQ9UFu3QomBZoeC9ohk42)), transactions count 1, content digest CheckpointContentsDigest(CTakrWV7Mz7KunHEDwk5LW6cAFNj8bPpoXHqbKawwx6S), end_of_epoch_data None
[2m2025-03-25T07:56:42.146745Z[0m [32m INFO[0m [1mnode[0m[1m{[0m[3mname[0m[2m=[0mk#8dcff6d1..[1m}[0m[2m:[0m [2msui_core::checkpoints::checkpoint_output[0m[2m:[0m [2mcrates/sui-core/src/checkpoints/checkpoint_output.rs[0m[2m:[0m[2m196:[0m Certified checkpoint with sequence 599 and digest 5Djx34imEWPBuc89C2rmK6FSQ9UFu3QomBZoeC9ohk42
[2m2025-03-25T07:56:42.146840Z[0m [32m INFO[0m [1mnode[0m[1m{[0m[3mname[0m[2m=[0mk#99f25ef6..[1m}[0m[2m:[0m [2msui_core::checkpoints::checkpoint_output[0m[2m:[0m [2mcrates/sui-core/src/checkpoints/checkpoint_output.rs[0m[2m:[0m[2m196:[0m Certified checkpoint with sequence 599 and digest 5Djx34imEWPBuc89C2rmK6FSQ9UFu3QomBZoeC9ohk42
[2m2025-03-25T07:56:42.150142Z[0m [32m INFO[0m [1mnode[0m[1m{[0m[3mname[0m[2m=[0mk#99f25ef6..[1m}[0m[2m:[0m [2msui_core::checkpoints::checkpoint_executor[0m[2m:[0m [2mcrates/sui-core/src/checkpoints/checkpoint_executor/mod.rs[0m[2m:[0m[2m332:[0m Received checkpoint summary from state sync [3msequence_number[0m[2m=[0m599
[2m2025-03-25T07:56:42.150171Z[0m [32m INFO[0m [1mnode[0m[1m{[0m[3mname[0m[2m=[0mk#8dcff6d1..[1m}[0m[2m:[0m [2msui_core::checkpoints::checkpoint_executor[0m[2m:[0m [2mcrates/sui-core/src/checkpoints/checkpoint_executor/mod.rs[0m[2m:[0m[2m332:[0m Received checkpoint summary from state sync [3msequence_number[0m[2m=[0m599
[2m2025-03-25T07:56:42.169007Z[0m [32m INFO[0m [1mnode[0m[1m{[0m[3mname[0m[2m=[0mk#8dcff6d1..[1m}[0m[2m:[0m [2msui_core::state_accumulator[0m[2m:[0m [2mcrates/sui-core/src/state_accumulator.rs[0m[2m:[0m[2m675:[0m accumulating running root for checkpoint 599
[2m2025-03-25T07:56:42.169605Z[0m [32m INFO[0m [1mnode[0m[1m{[0m[3mname[0m[2m=[0mk#99f25ef6..[1m}[0m[2m:[0m [2msui_core::state_accumulator[0m[2m:[0m [2mcrates/sui-core/src/state_accumulator.rs[0m[2m:[0m[2m675:[0m accumulating running root for checkpoint 599
[2m2025-03-25T07:56:42.213299Z[0m [32m INFO[0m [1mnode[0m[1m{[0m[3mname[0m[2m=[0mk#addeef94..[1m}[0m[2m:[0m [2msui_core::checkpoints::checkpoint_executor[0m[2m:[0m [2mcrates/sui-core/src/checkpoints/checkpoint_executor/mod.rs[0m[2m:[0m[2m332:[0m Received checkpoint summary from state sync [3msequence_number[0m[2m=[0m599
[2m2025-03-25T07:56:42.214735Z[0m [32m INFO[0m [1mnode[0m[1m{[0m[3mname[0m[2m=[0mk#addeef94..[1m}[0m[2m:[0m [2msui_core::state_accumulator[0m[2m:[0m [2mcrates/sui-core/src/state_accumulator.rs[0m[2m:[0m[2m675:[0m accumulating running root for checkpoint 599
[2m2025-03-25T07:56:42.347731Z[0m [32m INFO[0m [1mnode[0m[1m{[0m[3mname[0m[2m=[0mk#99f25ef6..[1m}[0m[2m:[0m [2mconsensus_core::core[0m[2m:[0m [2mconsensus/core/src/core.rs[0m[2m:[0m[2m945:[0m Included 3 ancestors & excluded 0 ancestors for proposal in round 401
[2m2025-03-25T07:56:42.348122Z[0m [32m INFO[0m [1mnode[0m[1m{[0m[3mname[0m[2m=[0mk#99f25ef6..[1m}[0m[2m:[0m [2mconsensus_core::core[0m[2m:[0m [2mconsensus/core/src/core.rs[0m[2m:[0m[2m531:[0m Created block B401(B,R8YTxuRS0u5+6CwsbdKSqqGDd0RsjXdZIGzRAgt8HK4=)(1742889402347ms;[B400(B,hOf27b3LHeXio+QngNm7ZILMYfwsRNLW5PBWck+wtZg=), B400(A,f9iPtad3yes1U2rDks93TNtRrea+2ck0tRVwvYKsPhM=), B400(C,0AXhq1aXdLHkHBvgHIry9PX9nTeYp+XTsfeesP4SpA0=)];1t;1c) for round 401
[2m2025-03-25T07:56:42.349830Z[0m [32m INFO[0m [1mnode[0m[1m{[0m[3mname[0m[2m=[0mk#8dcff6d1..[1m}[0m[2m:[0m [2mconsensus_core::core[0m[2m:[0m [2mconsensus/core/src/core.rs[0m[2m:[0m[2m945:[0m Included 3 ancestors & excluded 0 ancestors for proposal in round 401
[2m2025-03-25T07:56:42.350134Z[0m [32m INFO[0m [1mnode[0m[1m{[0m[3mname[0m[2m=[0mk#8dcff6d1..[1m}[0m[2m:[0m [2mconsensus_core::core[0m[2m:[0m [2mconsensus/core/src/core.rs[0m[2m:[0m[2m531:[0m Created block B401(A,JEC2XaJ5ceRyItgidsxEzbLdsXyQmaan/AAb4Q8j2Ro=)(1742889402350ms;[B400(A,f9iPtad3yes1U2rDks93TNtRrea+2ck0tRVwvYKsPhM=), B400(B,hOf27b3LHeXio+QngNm7ZILMYfwsRNLW5PBWck+wtZg=), B400(C,0AXhq1aXdLHkHBvgHIry9PX9nTeYp+XTsfeesP4SpA0=)];1t;1c) for round 401
[2m2025-03-25T07:56:42.350188Z[0m [32m INFO[0m [1mnode[0m[1m{[0m[3mname[0m[2m=[0mk#addeef94..[1m}[0m[2m:[0m [2mconsensus_core::core[0m[2m:[0m [2mconsensus/core/src/core.rs[0m[2m:[0m[2m945:[0m Included 3 ancestors & excluded 0 ancestors for proposal in round 401
[2m2025-03-25T07:56:42.350496Z[0m [32m INFO[0m [1mnode[0m[1m{[0m[3mname[0m[2m=[0mk#addeef94..[1m}[0m[2m:[0m [2mconsensus_core::core[0m[2m:[0m [2mconsensus/core/src/core.rs[0m[2m:[0m[2m531:[0m Created block B401(C,JO7sPCRDlzsoZW/Mj9LlAqJ8wd/YetcUrGQ9FS0yZlc=)(1742889402350ms;[B400(C,0AXhq1aXdLHkHBvgHIry9PX9nTeYp+XTsfeesP4SpA0=), B400(A,f9iPtad3yes1U2rDks93TNtRrea+2ck0tRVwvYKsPhM=), B400(B,hOf27b3LHeXio+QngNm7ZILMYfwsRNLW5PBWck+wtZg=)];1t;1c) for round 401
[2m2025-03-25T07:56:42.350572Z[0m [32m INFO[0m [1mnode[0m[1m{[0m[3mname[0m[2m=[0mk#addeef94..[1m}[0m[2m:[0m [2mconsensus_core::core[0m[2m:[0m [2mconsensus/core/src/core.rs[0m[2m:[0m[2m630:[0m Committing 1 leaders: B399(A,Ehx9)
[2m2025-03-25T07:56:42.350645Z[0m [32m INFO[0m [1mnode[0m[1m{[0m[3mname[0m[2m=[0mk#addeef94..[1m}[0m[2m:[0m [2mconsensus_core::commit_observer[0m[2m:[0m [2mconsensus/core/src/commit_observer.rs[0m[2m:[0m[2m173:[0m Consensus commit C388(GksH) with leader B399(A,Ehx9) has 3 blocks
[2m2025-03-25T07:56:42.350735Z[0m [32m INFO[0m [1mnode[0m[1m{[0m[3mname[0m[2m=[0mk#addeef94..[1m}[0m[2m:[0m [2msui_core::consensus_handler[0m[2m:[0m [2mcrates/sui-core/src/consensus_handler.rs[0m[2m:[0m[2m232:[0m Received consensus output [3mconsensus_commit[0m[2m=[0mCommittedSubDag(leader=B399(A,Ehx9), ref=C388(GksH), blocks=[iMlU, s9X9, Ehx9]) [3mepoch[0m[2m=[0m1
[2m2025-03-25T07:56:42.353852Z[0m [32m INFO[0m [1mnode[0m[1m{[0m[3mname[0m[2m=[0mk#8dcff6d1..[1m}[0m[2m:[0m [2msui_core::checkpoints::checkpoint_output[0m[2m:[0m [2mcrates/sui-core/src/checkpoints/checkpoint_output.rs[0m[2m:[0m[2m196:[0m Certified checkpoint with sequence 600 and digest ACwsfguRMmSmrqubjetSRz5MzWmJMJUWNPzEp19QjiZm
[2m2025-03-25T07:56:42.353961Z[0m [32m INFO[0m [1mnode[0m[1m{[0m[3mname[0m[2m=[0mk#8dcff6d1..[1m}[0m[2m:[0m [2mconsensus_core::core[0m[2m:[0m [2mconsensus/core/src/core.rs[0m[2m:[0m[2m630:[0m Committing 1 leaders: B399(A,Ehx9)
[2m2025-03-25T07:56:42.354062Z[0m [32m INFO[0m [1mnode[0m[1m{[0m[3mname[0m[2m=[0mk#8dcff6d1..[1m}[0m[2m:[0m [2mconsensus_core::commit_observer[0m[2m:[0m [2mconsensus/core/src/commit_observer.rs[0m[2m:[0m[2m173:[0m Consensus commit C388(GksH) with leader B399(A,Ehx9) has 3 blocks
[2m2025-03-25T07:56:42.354146Z[0m [32m INFO[0m [1mnode[0m[1m{[0m[3mname[0m[2m=[0mk#99f25ef6..[1m}[0m[2m:[0m [2msui_core::checkpoints::checkpoint_output[0m[2m:[0m [2mcrates/sui-core/src/checkpoints/checkpoint_output.rs[0m[2m:[0m[2m196:[0m Certified checkpoint with sequence 600 and digest ACwsfguRMmSmrqubjetSRz5MzWmJMJUWNPzEp19QjiZm
[2m2025-03-25T07:56:42.354245Z[0m [32m INFO[0m [1mnode[0m[1m{[0m[3mname[0m[2m=[0mk#99f25ef6..[1m}[0m[2m:[0m [2mconsensus_core::core[0m[2m:[0m [2mconsensus/core/src/core.rs[0m[2m:[0m[2m630:[0m Committing 1 leaders: B399(A,Ehx9)
[2m2025-03-25T07:56:42.354344Z[0m [32m INFO[0m [1mnode[0m[1m{[0m[3mname[0m[2m=[0mk#99f25ef6..[1m}[0m[2m:[0m [2mconsensus_core::commit_observer[0m[2m:[0m [2mconsensus/core/src/commit_observer.rs[0m[2m:[0m[2m173:[0m Consensus commit C388(GksH) with leader B399(A,Ehx9) has 3 blocks
[2m2025-03-25T07:56:42.354478Z[0m [32m INFO[0m [1mnode[0m[1m{[0m[3mname[0m[2m=[0mk#8dcff6d1..[1m}[0m[2m:[0m [2msui_core::consensus_handler[0m[2m:[0m [2mcrates/sui-core/src/consensus_handler.rs[0m[2m:[0m[2m232:[0m Received consensus output [3mconsensus_commit[0m[2m=[0mCommittedSubDag(leader=B399(A,Ehx9), ref=C388(GksH), blocks=[iMlU, s9X9, Ehx9]) [3mepoch[0m[2m=[0m1
[2m2025-03-25T07:56:42.354702Z[0m [32m INFO[0m [1mnode[0m[1m{[0m[3mname[0m[2m=[0mk#99f25ef6..[1m}[0m[2m:[0m [2msui_core::consensus_handler[0m[2m:[0m [2mcrates/sui-core/src/consensus_handler.rs[0m[2m:[0m[2m232:[0m Received consensus output [3mconsensus_commit[0m[2m=[0mCommittedSubDag(leader=B399(A,Ehx9), ref=C388(GksH), blocks=[iMlU, s9X9, Ehx9]) [3mepoch[0m[2m=[0m1
[2m2025-03-25T07:56:42.355063Z[0m [32m INFO[0m [1mnode[0m[1m{[0m[3mname[0m[2m=[0mk#8dcff6d1..[1m}[0m[2m:[0m [2msui_core::checkpoints::checkpoint_executor[0m[2m:[0m [2mcrates/sui-core/src/checkpoints/checkpoint_executor/mod.rs[0m[2m:[0m[2m332:[0m Received checkpoint summary from state sync [3msequence_number[0m[2m=[0m600
[2m2025-03-25T07:56:42.355212Z[0m [32m INFO[0m [1mnode[0m[1m{[0m[3mname[0m[2m=[0mk#99f25ef6..[1m}[0m[2m:[0m [2msui_core::checkpoints::checkpoint_executor[0m[2m:[0m [2mcrates/sui-core/src/checkpoints/checkpoint_executor/mod.rs[0m[2m:[0m[2m332:[0m Received checkpoint summary from state sync [3msequence_number[0m[2m=[0m600
[2m2025-03-25T07:56:42.356605Z[0m [32m INFO[0m [1mnode[0m[1m{[0m[3mname[0m[2m=[0mk#99f25ef6..[1m}[0m[2m:[0m [2msui_core::state_accumulator[0m[2m:[0m [2mcrates/sui-core/src/state_accumulator.rs[0m[2m:[0m[2m675:[0m accumulating running root for checkpoint 600
[2m2025-03-25T07:56:42.356606Z[0m [32m INFO[0m [1mnode[0m[1m{[0m[3mname[0m[2m=[0mk#8dcff6d1..[1m}[0m[2m:[0m [2msui_core::state_accumulator[0m[2m:[0m [2mcrates/sui-core/src/state_accumulator.rs[0m[2m:[0m[2m675:[0m accumulating running root for checkpoint 600
[2m2025-03-25T07:56:42.378003Z[0m [32m INFO[0m [1mnode[0m[1m{[0m[3mname[0m[2m=[0mk#addeef94..[1m}[0m[2m:[0m [2msui_core::checkpoints[0m[2m:[0m [2mcrates/sui-core/src/checkpoints/mod.rs[0m[2m:[0m[2m1326:[0m Creating checkpoint(s) for 2 transactions [3mnext_checkpoint_seq[0m[2m=[0m601 [3mcheckpoint_timestamp[0m[2m=[0m1742889401837
[2m2025-03-25T07:56:42.378330Z[0m [32m INFO[0m [1mnode[0m[1m{[0m[3mname[0m[2m=[0mk#addeef94..[1m}[0m[2m:[0m [2msui_core::checkpoints::checkpoint_output[0m[2m:[0m [2mcrates/sui-core/src/checkpoints/checkpoint_output.rs[0m[2m:[0m[2m149:[0m Creating checkpoint CheckpointDigest(CWeU25qqiruu3gBa7CxWGWG3vPWxJyjZKq1jFzcGMGek) at epoch 1, sequence 601, previous digest Some(CheckpointDigest(ACwsfguRMmSmrqubjetSRz5MzWmJMJUWNPzEp19QjiZm)), transactions count 2, content digest CheckpointContentsDigest(CvwTUtUpcsN998TDk85pCVJdi9uUthYuKxL2rdfq6y6T), end_of_epoch_data None
[2m2025-03-25T07:56:42.382144Z[0m [32m INFO[0m [1mnode[0m[1m{[0m[3mname[0m[2m=[0mk#99f25ef6..[1m}[0m[2m:[0m [2msui_core::checkpoints[0m[2m:[0m [2mcrates/sui-core/src/checkpoints/mod.rs[0m[2m:[0m[2m1326:[0m Creating checkpoint(s) for 2 transactions [3mnext_checkpoint_seq[0m[2m=[0m601 [3mcheckpoint_timestamp[0m[2m=[0m1742889401837
[2m2025-03-25T07:56:42.382147Z[0m [32m INFO[0m [1mnode[0m[1m{[0m[3mname[0m[2m=[0mk#8dcff6d1..[1m}[0m[2m:[0m [2msui_core::checkpoints[0m[2m:[0m [2mcrates/sui-core/src/checkpoints/mod.rs[0m[2m:[0m[2m1326:[0m Creating checkpoint(s) for 2 transactions [3mnext_checkpoint_seq[0m[2m=[0m601 [3mcheckpoint_timestamp[0m[2m=[0m1742889401837
[2m2025-03-25T07:56:42.382411Z[0m [32m INFO[0m [1mnode[0m[1m{[0m[3mname[0m[2m=[0mk#8dcff6d1..[1m}[0m[2m:[0m [2msui_core::checkpoints::checkpoint_output[0m[2m:[0m [2mcrates/sui-core/src/checkpoints/checkpoint_output.rs[0m[2m:[0m[2m149:[0m Creating checkpoint CheckpointDigest(CWeU25qqiruu3gBa7CxWGWG3vPWxJyjZKq1jFzcGMGek) at epoch 1, sequence 601, previous digest Some(CheckpointDigest(ACwsfguRMmSmrqubjetSRz5MzWmJMJUWNPzEp19QjiZm)), transactions count 2, content digest CheckpointContentsDigest(CvwTUtUpcsN998TDk85pCVJdi9uUthYuKxL2rdfq6y6T), end_of_epoch_data None
[2m2025-03-25T07:56:42.382411Z[0m [32m INFO[0m [1mnode[0m[1m{[0m[3mname[0m[2m=[0mk#99f25ef6..[1m}[0m[2m:[0m [2msui_core::checkpoints::checkpoint_output[0m[2m:[0m [2mcrates/sui-core/src/checkpoints/checkpoint_output.rs[0m[2m:[0m[2m149:[0m Creating checkpoint CheckpointDigest(CWeU25qqiruu3gBa7CxWGWG3vPWxJyjZKq1jFzcGMGek) at epoch 1, sequence 601, previous digest Some(CheckpointDigest(ACwsfguRMmSmrqubjetSRz5MzWmJMJUWNPzEp19QjiZm)), transactions count 2, content digest CheckpointContentsDigest(CvwTUtUpcsN998TDk85pCVJdi9uUthYuKxL2rdfq6y6T), end_of_epoch_data None
[2m2025-03-25T07:56:42.382768Z[0m [32m INFO[0m [1mnode[0m[1m{[0m[3mname[0m[2m=[0mk#addeef94..[1m}[0m[2m:[0m [2msui_core::checkpoints::checkpoint_executor[0m[2m:[0m [2mcrates/sui-core/src/checkpoints/checkpoint_executor/mod.rs[0m[2m:[0m[2m332:[0m Received checkpoint summary from state sync [3msequence_number[0m[2m=[0m600
[2m2025-03-25T07:56:42.383678Z[0m [32m INFO[0m [1mnode[0m[1m{[0m[3mname[0m[2m=[0mk#addeef94..[1m}[0m[2m:[0m [2msui_core::state_accumulator[0m[2m:[0m [2mcrates/sui-core/src/state_accumulator.rs[0m[2m:[0m[2m675:[0m accumulating running root for checkpoint 600
[2m2025-03-25T07:56:42.602895Z[0m [32m INFO[0m [1mnode[0m[1m{[0m[3mname[0m[2m=[0mk#addeef94..[1m}[0m[2m:[0m [2mconsensus_core::core[0m[2m:[0m [2mconsensus/core/src/core.rs[0m[2m:[0m[2m945:[0m Included 3 ancestors & excluded 0 ancestors for proposal in round 402
[2m2025-03-25T07:56:42.603259Z[0m [32m INFO[0m [1mnode[0m[1m{[0m[3mname[0m[2m=[0mk#addeef94..[1m}[0m[2m:[0m [2mconsensus_core::core[0m[2m:[0m [2mconsensus/core/src/core.rs[0m[2m:[0m[2m531:[0m Created block B402(C,f/Wkwzqhkq0okN70bIg0QIeObifOah7OigD/1+t4tDM=)(1742889402603ms;[B401(C,JO7sPCRDlzsoZW/Mj9LlAqJ8wd/YetcUrGQ9FS0yZlc=), B401(A,JEC2XaJ5ceRyItgidsxEzbLdsXyQmaan/AAb4Q8j2Ro=), B401(B,R8YTxuRS0u5+6CwsbdKSqqGDd0RsjXdZIGzRAgt8HK4=)];1t;1c) for round 402
[2m2025-03-25T07:56:42.605137Z[0m [32m INFO[0m [1mnode[0m[1m{[0m[3mname[0m[2m=[0mk#99f25ef6..[1m}[0m[2m:[0m [2mconsensus_core::core[0m[2m:[0m [2mconsensus/core/src/core.rs[0m[2m:[0m[2m945:[0m Included 3 ancestors & excluded 0 ancestors for proposal in round 402
[2m2025-03-25T07:56:42.605418Z[0m [32m INFO[0m [1mnode[0m[1m{[0m[3mname[0m[2m=[0mk#99f25ef6..[1m}[0m[2m:[0m [2mconsensus_core::core[0m[2m:[0m [2mconsensus/core/src/core.rs[0m[2m:[0m[2m531:[0m Created block B402(B,IHCq/QEw7EODb5SIARugzzRtojS+OTOIx098YipcWb0=)(1742889402605ms;[B401(B,R8YTxuRS0u5+6CwsbdKSqqGDd0RsjXdZIGzRAgt8HK4=), B401(A,JEC2XaJ5ceRyItgidsxEzbLdsXyQmaan/AAb4Q8j2Ro=), B401(C,JO7sPCRDlzsoZW/Mj9LlAqJ8wd/YetcUrGQ9FS0yZlc=)];1t;1c) for round 402
[2m2025-03-25T07:56:42.605486Z[0m [32m INFO[0m [1mnode[0m[1m{[0m[3mname[0m[2m=[0mk#99f25ef6..[1m}[0m[2m:[0m [2mconsensus_core::core[0m[2m:[0m [2mconsensus/core/src/core.rs[0m[2m:[0m[2m630:[0m Committing 1 leaders: B400(A,f9iP)
[2m2025-03-25T07:56:42.605554Z[0m [32m INFO[0m [1mnode[0m[1m{[0m[3mname[0m[2m=[0mk#99f25ef6..[1m}[0m[2m:[0m [2mconsensus_core::commit_observer[0m[2m:[0m [2mconsensus/core/src/commit_observer.rs[0m[2m:[0m[2m173:[0m Consensus commit C389(Akle) with leader B400(A,f9iP) has 3 blocks
[2m2025-03-25T07:56:42.605636Z[0m [32m INFO[0m [1mnode[0m[1m{[0m[3mname[0m[2m=[0mk#99f25ef6..[1m}[0m[2m:[0m [2msui_core::consensus_handler[0m[2m:[0m [2mcrates/sui-core/src/consensus_handler.rs[0m[2m:[0m[2m232:[0m Received consensus output [3mconsensus_commit[0m[2m=[0mCommittedSubDag(leader=B400(A,f9iP), ref=C389(Akle), blocks=[cRH5, 4vMS, f9iP]) [3mepoch[0m[2m=[0m1
[2m2025-03-25T07:56:42.606254Z[0m [32m INFO[0m [1mnode[0m[1m{[0m[3mname[0m[2m=[0mk#8dcff6d1..[1m}[0m[2m:[0m [2mconsensus_core::core[0m[2m:[0m [2mconsensus/core/src/core.rs[0m[2m:[0m[2m945:[0m Included 3 ancestors & excluded 0 ancestors for proposal in round 402
[2m2025-03-25T07:56:42.606536Z[0m [32m INFO[0m [1mnode[0m[1m{[0m[3mname[0m[2m=[0mk#8dcff6d1..[1m}[0m[2m:[0m [2mconsensus_core::core[0m[2m:[0m [2mconsensus/core/src/core.rs[0m[2m:[0m[2m531:[0m Created block B402(A,7wm/b2BtwVMpel6rBaFJFnotFnLknvAV9d2RURHGqLk=)(1742889402606ms;[B401(A,JEC2XaJ5ceRyItgidsxEzbLdsXyQmaan/AAb4Q8j2Ro=), B401(B,R8YTxuRS0u5+6CwsbdKSqqGDd0RsjXdZIGzRAgt8HK4=), B401(C,JO7sPCRDlzsoZW/Mj9LlAqJ8wd/YetcUrGQ9FS0yZlc=)];1t;1c) for round 402
[2m2025-03-25T07:56:42.606599Z[0m [32m INFO[0m [1mnode[0m[1m{[0m[3mname[0m[2m=[0mk#8dcff6d1..[1m}[0m[2m:[0m [2mconsensus_core::core[0m[2m:[0m [2mconsensus/core/src/core.rs[0m[2m:[0m[2m630:[0m Committing 1 leaders: B400(A,f9iP)
[2m2025-03-25T07:56:42.606662Z[0m [32m INFO[0m [1mnode[0m[1m{[0m[3mname[0m[2m=[0mk#8dcff6d1..[1m}[0m[2m:[0m [2mconsensus_core::commit_observer[0m[2m:[0m [2mconsensus/core/src/commit_observer.rs[0m[2m:[0m[2m173:[0m Consensus commit C389(Akle) with leader B400(A,f9iP) has 3 blocks
[2m2025-03-25T07:56:42.606743Z[0m [32m INFO[0m [1mnode[0m[1m{[0m[3mname[0m[2m=[0mk#8dcff6d1..[1m}[0m[2m:[0m [2msui_core::consensus_handler[0m[2m:[0m [2mcrates/sui-core/src/consensus_handler.rs[0m[2m:[0m[2m232:[0m Received consensus output [3mconsensus_commit[0m[2m=[0mCommittedSubDag(leader=B400(A,f9iP), ref=C389(Akle), blocks=[cRH5, 4vMS, f9iP]) [3mepoch[0m[2m=[0m1
[2m2025-03-25T07:56:42.607975Z[0m [32m INFO[0m [1mnode[0m[1m{[0m[3mname[0m[2m=[0mk#addeef94..[1m}[0m[2m:[0m [2mconsensus_core::core[0m[2m:[0m [2mconsensus/core/src/core.rs[0m[2m:[0m[2m630:[0m Committing 1 leaders: B400(A,f9iP)
[2m2025-03-25T07:56:42.608061Z[0m [32m INFO[0m [1mnode[0m[1m{[0m[3mname[0m[2m=[0mk#addeef94..[1m}[0m[2m:[0m [2mconsensus_core::commit_observer[0m[2m:[0m [2mconsensus/core/src/commit_observer.rs[0m[2m:[0m[2m173:[0m Consensus commit C389(Akle) with leader B400(A,f9iP) has 3 blocks
[2m2025-03-25T07:56:42.608129Z[0m [32m INFO[0m [1mnode[0m[1m{[0m[3mname[0m[2m=[0mk#addeef94..[1m}[0m[2m:[0m [2msui_core::consensus_handler[0m[2m:[0m [2mcrates/sui-core/src/consensus_handler.rs[0m[2m:[0m[2m232:[0m Received consensus output [3mconsensus_commit[0m[2m=[0mCommittedSubDag(leader=B400(A,f9iP), ref=C389(Akle), blocks=[cRH5, 4vMS, f9iP]) [3mepoch[0m[2m=[0m1
[2m2025-03-25T07:56:42.653195Z[0m [32m INFO[0m [1mnode[0m[1m{[0m[3mname[0m[2m=[0mk#8dcff6d1..[1m}[0m[2m:[0m [2msui_core::checkpoints[0m[2m:[0m [2mcrates/sui-core/src/checkpoints/mod.rs[0m[2m:[0m[2m1326:[0m Creating checkpoint(s) for 1 transactions [3mnext_checkpoint_seq[0m[2m=[0m602 [3mcheckpoint_timestamp[0m[2m=[0m1742889402096
[2m2025-03-25T07:56:42.653430Z[0m [32m INFO[0m [1mnode[0m[1m{[0m[3mname[0m[2m=[0mk#8dcff6d1..[1m}[0m[2m:[0m [2msui_core::checkpoints::checkpoint_output[0m[2m:[0m [2mcrates/sui-core/src/checkpoints/checkpoint_output.rs[0m[2m:[0m[2m149:[0m Creating checkpoint CheckpointDigest(CJeJpokGaV5XUNHAFW9L55Ae2EkYQAiuJTyKzhGJM83f) at epoch 1, sequence 602, previous digest Some(CheckpointDigest(CWeU25qqiruu3gBa7CxWGWG3vPWxJyjZKq1jFzcGMGek)), transactions count 1, content digest CheckpointContentsDigest(FPqmwy58N6oC4cSVSyerJ8Y1ZDXvRTxedJig8buLepm9), end_of_epoch_data None
[2m2025-03-25T07:56:42.653531Z[0m [32m INFO[0m [1mnode[0m[1m{[0m[3mname[0m[2m=[0mk#99f25ef6..[1m}[0m[2m:[0m [2msui_core::checkpoints[0m[2m:[0m [2mcrates/sui-core/src/checkpoints/mod.rs[0m[2m:[0m[2m1326:[0m Creating checkpoint(s) for 1 transactions [3mnext_checkpoint_seq[0m[2m=[0m602 [3mcheckpoint_timestamp[0m[2m=[0m1742889402096
[2m2025-03-25T07:56:42.653725Z[0m [32m INFO[0m [1mnode[0m[1m{[0m[3mname[0m[2m=[0mk#addeef94..[1m}[0m[2m:[0m [2msui_core::checkpoints[0m[2m:[0m [2mcrates/sui-core/src/checkpoints/mod.rs[0m[2m:[0m[2m1326:[0m Creating checkpoint(s) for 1 transactions [3mnext_checkpoint_seq[0m[2m=[0m602 [3mcheckpoint_timestamp[0m[2m=[0m1742889402096
[2m2025-03-25T07:56:42.653708Z[0m [32m INFO[0m [1mnode[0m[1m{[0m[3mname[0m[2m=[0mk#99f25ef6..[1m}[0m[2m:[0m [2msui_core::checkpoints::checkpoint_output[0m[2m:[0m [2mcrates/sui-core/src/checkpoints/checkpoint_output.rs[0m[2m:[0m[2m149:[0m Creating checkpoint CheckpointDigest(CJeJpokGaV5XUNHAFW9L55Ae2EkYQAiuJTyKzhGJM83f) at epoch 1, sequence 602, previous digest Some(CheckpointDigest(CWeU25qqiruu3gBa7CxWGWG3vPWxJyjZKq1jFzcGMGek)), transactions count 1, content digest CheckpointContentsDigest(FPqmwy58N6oC4cSVSyerJ8Y1ZDXvRTxedJig8buLepm9), end_of_epoch_data None
[2m2025-03-25T07:56:42.653894Z[0m [32m INFO[0m [1mnode[0m[1m{[0m[3mname[0m[2m=[0mk#addeef94..[1m}[0m[2m:[0m [2msui_core::checkpoints::checkpoint_output[0m[2m:[0m [2mcrates/sui-core/src/checkpoints/checkpoint_output.rs[0m[2m:[0m[2m149:[0m Creating checkpoint CheckpointDigest(CJeJpokGaV5XUNHAFW9L55Ae2EkYQAiuJTyKzhGJM83f) at epoch 1, sequence 602, previous digest Some(CheckpointDigest(CWeU25qqiruu3gBa7CxWGWG3vPWxJyjZKq1jFzcGMGek)), transactions count 1, content digest CheckpointContentsDigest(FPqmwy58N6oC4cSVSyerJ8Y1ZDXvRTxedJig8buLepm9), end_of_epoch_data None
[2m2025-03-25T07:56:42.656719Z[0m [32m INFO[0m [1mnode[0m[1m{[0m[3mname[0m[2m=[0mk#8dcff6d1..[1m}[0m[2m:[0m [2msui_core::checkpoints::checkpoint_output[0m[2m:[0m [2mcrates/sui-core/src/checkpoints/checkpoint_output.rs[0m[2m:[0m[2m196:[0m Certified checkpoint with sequence 601 and digest CWeU25qqiruu3gBa7CxWGWG3vPWxJyjZKq1jFzcGMGek
[2m2025-03-25T07:56:42.656940Z[0m [32m INFO[0m [1mnode[0m[1m{[0m[3mname[0m[2m=[0mk#99f25ef6..[1m}[0m[2m:[0m [2msui_core::checkpoints::checkpoint_output[0m[2m:[0m [2mcrates/sui-core/src/checkpoints/checkpoint_output.rs[0m[2m:[0m[2m196:[0m Certified checkpoint with sequence 601 and digest CWeU25qqiruu3gBa7CxWGWG3vPWxJyjZKq1jFzcGMGek
[2m2025-03-25T07:56:42.659729Z[0m [32m INFO[0m [1mnode[0m[1m{[0m[3mname[0m[2m=[0mk#8dcff6d1..[1m}[0m[2m:[0m [2msui_core::checkpoints::checkpoint_executor[0m[2m:[0m [2mcrates/sui-core/src/checkpoints/checkpoint_executor/mod.rs[0m[2m:[0m[2m332:[0m Received checkpoint summary from state sync [3msequence_number[0m[2m=[0m601
[2m2025-03-25T07:56:42.661992Z[0m [32m INFO[0m [1mnode[0m[1m{[0m[3mname[0m[2m=[0mk#99f25ef6..[1m}[0m[2m:[0m [2msui_core::checkpoints::checkpoint_executor[0m[2m:[0m [2mcrates/sui-core/src/checkpoints/checkpoint_executor/mod.rs[0m[2m:[0m[2m332:[0m Received checkpoint summary from state sync [3msequence_number[0m[2m=[0m601
[2m2025-03-25T07:56:42.677683Z[0m [32m INFO[0m [1mnode[0m[1m{[0m[3mname[0m[2m=[0mk#99f25ef6..[1m}[0m[2m:[0m [2msui_core::state_accumulator[0m[2m:[0m [2mcrates/sui-core/src/state_accumulator.rs[0m[2m:[0m[2m675:[0m accumulating running root for checkpoint 601
[2m2025-03-25T07:56:42.677920Z[0m [32m INFO[0m [1mnode[0m[1m{[0m[3mname[0m[2m=[0mk#8dcff6d1..[1m}[0m[2m:[0m [2msui_core::state_accumulator[0m[2m:[0m [2mcrates/sui-core/src/state_accumulator.rs[0m[2m:[0m[2m675:[0m accumulating running root for checkpoint 601
[2m2025-03-25T07:56:42.722818Z[0m [32m INFO[0m [1mnode[0m[1m{[0m[3mname[0m[2m=[0mk#addeef94..[1m}[0m[2m:[0m [2msui_core::checkpoints::checkpoint_executor[0m[2m:[0m [2mcrates/sui-core/src/checkpoints/checkpoint_executor/mod.rs[0m[2m:[0m[2m332:[0m Received checkpoint summary from state sync [3msequence_number[0m[2m=[0m601
[2m2025-03-25T07:56:42.724199Z[0m [32m INFO[0m [1mnode[0m[1m{[0m[3mname[0m[2m=[0mk#addeef94..[1m}[0m[2m:[0m [2msui_core::state_accumulator[0m[2m:[0m [2mcrates/sui-core/src/state_accumulator.rs[0m[2m:[0m[2m675:[0m accumulating running root for checkpoint 601
[2m2025-03-25T07:56:42.840100Z[0m [32m INFO[0m [1mnode[0m[1m{[0m[3mname[0m[2m=[0mk#8dcff6d1..[1m}[0m[2m:[0m[1mjwk_updater_task[0m[1m{[0m[3mepoch[0m[2m=[0m1[1m}[0m[2m:[0m [2msui_node[0m[2m:[0m [2mcrates/sui-node/src/lib.rs[0m[2m:[0m[2m376:[0m fetching JWK for provider Facebook
[2m2025-03-25T07:56:42.857326Z[0m [32m INFO[0m [1mnode[0m[1m{[0m[3mname[0m[2m=[0mk#99f25ef6..[1m}[0m[2m:[0m [2mconsensus_core::core[0m[2m:[0m [2mconsensus/core/src/core.rs[0m[2m:[0m[2m945:[0m Included 3 ancestors & excluded 0 ancestors for proposal in round 403
[2m2025-03-25T07:56:42.857733Z[0m [32m INFO[0m [1mnode[0m[1m{[0m[3mname[0m[2m=[0mk#99f25ef6..[1m}[0m[2m:[0m [2mconsensus_core::core[0m[2m:[0m [2mconsensus/core/src/core.rs[0m[2m:[0m[2m531:[0m Created block B403(B,ZZ1yiVO0FbrK1h/aVjcqrX1GsVJzVDoAgtswhabvkEk=)(1742889402857ms;[B402(B,IHCq/QEw7EODb5SIARugzzRtojS+OTOIx098YipcWb0=), B402(A,7wm/b2BtwVMpel6rBaFJFnotFnLknvAV9d2RURHGqLk=), B402(C,f/Wkwzqhkq0okN70bIg0QIeObifOah7OigD/1+t4tDM=)];1t;1c) for round 403
[2m2025-03-25T07:56:42.859814Z[0m [32m INFO[0m [1mnode[0m[1m{[0m[3mname[0m[2m=[0mk#addeef94..[1m}[0m[2m:[0m [2mconsensus_core::core[0m[2m:[0m [2mconsensus/core/src/core.rs[0m[2m:[0m[2m945:[0m Included 3 ancestors & excluded 0 ancestors for proposal in round 403
[2m2025-03-25T07:56:42.860127Z[0m [32m INFO[0m [1mnode[0m[1m{[0m[3mname[0m[2m=[0mk#addeef94..[1m}[0m[2m:[0m [2mconsensus_core::core[0m[2m:[0m [2mconsensus/core/src/core.rs[0m[2m:[0m[2m531:[0m Created block B403(C,tLHnx+3nc5I5t3vPKpLPz3SpPTEEbRV3kvPsoanKCJA=)(1742889402860ms;[B402(C,f/Wkwzqhkq0okN70bIg0QIeObifOah7OigD/1+t4tDM=), B402(A,7wm/b2BtwVMpel6rBaFJFnotFnLknvAV9d2RURHGqLk=), B402(B,IHCq/QEw7EODb5SIARugzzRtojS+OTOIx098YipcWb0=)];1t;1c) for round 403
[2m2025-03-25T07:56:42.860200Z[0m [32m INFO[0m [1mnode[0m[1m{[0m[3mname[0m[2m=[0mk#addeef94..[1m}[0m[2m:[0m [2mconsensus_core::core[0m[2m:[0m [2mconsensus/core/src/core.rs[0m[2m:[0m[2m630:[0m Committing 1 leaders: B401(B,R8YT)
[2m2025-03-25T07:56:42.860271Z[0m [32m INFO[0m [1mnode[0m[1m{[0m[3mname[0m[2m=[0mk#addeef94..[1m}[0m[2m:[0m [2mconsensus_core::commit_observer[0m[2m:[0m [2mconsensus/core/src/commit_observer.rs[0m[2m:[0m[2m173:[0m Consensus commit C390(e1CD) with leader B401(B,R8YT) has 3 blocks
[2m2025-03-25T07:56:42.860365Z[0m [32m INFO[0m [1mnode[0m[1m{[0m[3mname[0m[2m=[0mk#addeef94..[1m}[0m[2m:[0m [2msui_core::consensus_handler[0m[2m:[0m [2mcrates/sui-core/src/consensus_handler.rs[0m[2m:[0m[2m232:[0m Received consensus output [3mconsensus_commit[0m[2m=[0mCommittedSubDag(leader=B401(B,R8YT), ref=C390(e1CD), blocks=[hOf2, 0AXh, R8YT]) [3mepoch[0m[2m=[0m1
[2m2025-03-25T07:56:42.862727Z[0m [32m INFO[0m [1mnode[0m[1m{[0m[3mname[0m[2m=[0mk#99f25ef6..[1m}[0m[2m:[0m [2mconsensus_core::core[0m[2m:[0m [2mconsensus/core/src/core.rs[0m[2m:[0m[2m630:[0m Committing 1 leaders: B401(B,R8YT)
[2m2025-03-25T07:56:42.862825Z[0m [32m INFO[0m [1mnode[0m[1m{[0m[3mname[0m[2m=[0mk#99f25ef6..[1m}[0m[2m:[0m [2mconsensus_core::commit_observer[0m[2m:[0m [2mconsensus/core/src/commit_observer.rs[0m[2m:[0m[2m173:[0m Consensus commit C390(e1CD) with leader B401(B,R8YT) has 3 blocks
[2m2025-03-25T07:56:42.862907Z[0m [32m INFO[0m [1mnode[0m[1m{[0m[3mname[0m[2m=[0mk#99f25ef6..[1m}[0m[2m:[0m [2msui_core::consensus_handler[0m[2m:[0m [2mcrates/sui-core/src/consensus_handler.rs[0m[2m:[0m[2m232:[0m Received consensus output [3mconsensus_commit[0m[2m=[0mCommittedSubDag(leader=B401(B,R8YT), ref=C390(e1CD), blocks=[hOf2, 0AXh, R8YT]) [3mepoch[0m[2m=[0m1
[2m2025-03-25T07:56:42.887394Z[0m [32m INFO[0m [1mnode[0m[1m{[0m[3mname[0m[2m=[0mk#addeef94..[1m}[0m[2m:[0m [2msui_core::checkpoints[0m[2m:[0m [2mcrates/sui-core/src/checkpoints/mod.rs[0m[2m:[0m[2m1326:[0m Creating checkpoint(s) for 2 transactions [3mnext_checkpoint_seq[0m[2m=[0m603 [3mcheckpoint_timestamp[0m[2m=[0m1742889402347
[2m2025-03-25T07:56:42.887722Z[0m [32m INFO[0m [1mnode[0m[1m{[0m[3mname[0m[2m=[0mk#addeef94..[1m}[0m[2m:[0m [2msui_core::checkpoints::checkpoint_output[0m[2m:[0m [2mcrates/sui-core/src/checkpoints/checkpoint_output.rs[0m[2m:[0m[2m149:[0m Creating checkpoint CheckpointDigest(C5ByCa5tJdxYiHzcGsyq2tPqLsjJPzZvECF1XiANwJaT) at epoch 1, sequence 603, previous digest Some(CheckpointDigest(CJeJpokGaV5XUNHAFW9L55Ae2EkYQAiuJTyKzhGJM83f)), transactions count 2, content digest CheckpointContentsDigest(5v6kfbwEoSLunF7pmvkBG8S7UCSd4Lq8urKUcmB7C1aF), end_of_epoch_data None
[2m2025-03-25T07:56:42.889178Z[0m [32m INFO[0m [1mnode[0m[1m{[0m[3mname[0m[2m=[0mk#99f25ef6..[1m}[0m[2m:[0m [2msui_core::checkpoints[0m[2m:[0m [2mcrates/sui-core/src/checkpoints/mod.rs[0m[2m:[0m[2m1326:[0m Creating checkpoint(s) for 2 transactions [3mnext_checkpoint_seq[0m[2m=[0m603 [3mcheckpoint_timestamp[0m[2m=[0m1742889402347
[2m2025-03-25T07:56:42.889440Z[0m [32m INFO[0m [1mnode[0m[1m{[0m[3mname[0m[2m=[0mk#99f25ef6..[1m}[0m[2m:[0m [2msui_core::checkpoints::checkpoint_output[0m[2m:[0m [2mcrates/sui-core/src/checkpoints/checkpoint_output.rs[0m[2m:[0m[2m149:[0m Creating checkpoint CheckpointDigest(C5ByCa5tJdxYiHzcGsyq2tPqLsjJPzZvECF1XiANwJaT) at epoch 1, sequence 603, previous digest Some(CheckpointDigest(CJeJpokGaV5XUNHAFW9L55Ae2EkYQAiuJTyKzhGJM83f)), transactions count 2, content digest CheckpointContentsDigest(5v6kfbwEoSLunF7pmvkBG8S7UCSd4Lq8urKUcmB7C1aF), end_of_epoch_data None
[2m2025-03-25T07:56:42.955781Z[0m [32m INFO[0m [1mnode[0m[1m{[0m[3mname[0m[2m=[0mk#addeef94..[1m}[0m[2m:[0m[1mjwk_updater_task[0m[1m{[0m[3mepoch[0m[2m=[0m1[1m}[0m[2m:[0m [2msui_node[0m[2m:[0m [2mcrates/sui-node/src/lib.rs[0m[2m:[0m[2m376:[0m fetching JWK for provider Facebook
[2m2025-03-25T07:56:42.956372Z[0m [32m INFO[0m [1mnode[0m[1m{[0m[3mname[0m[2m=[0mk#99f25ef6..[1m}[0m[2m:[0m[1mjwk_updater_task[0m[1m{[0m[3mepoch[0m[2m=[0m1[1m}[0m[2m:[0m [2msui_node[0m[2m:[0m [2mcrates/sui-node/src/lib.rs[0m[2m:[0m[2m376:[0m fetching JWK for provider Facebook
[2m2025-03-25T07:56:42.961189Z[0m [32m INFO[0m [1mnode[0m[1m{[0m[3mname[0m[2m=[0mk#8dcff6d1..[1m}[0m[2m:[0m[1mjwk_updater_task[0m[1m{[0m[3mepoch[0m[2m=[0m1[1m}[0m[2m:[0m [2msui_node[0m[2m:[0m [2mcrates/sui-node/src/lib.rs[0m[2m:[0m[2m376:[0m fetching JWK for provider Kakao
[2m2025-03-25T07:56:43.077741Z[0m [32m INFO[0m [1mnode[0m[1m{[0m[3mname[0m[2m=[0mk#addeef94..[1m}[0m[2m:[0m[1mjwk_updater_task[0m[1m{[0m[3mepoch[0m[2m=[0m1[1m}[0m[2m:[0m [2msui_node[0m[2m:[0m [2mcrates/sui-node/src/lib.rs[0m[2m:[0m[2m376:[0m fetching JWK for provider Twitch
[2m2025-03-25T07:56:43.109347Z[0m [32m INFO[0m [1mnode[0m[1m{[0m[3mname[0m[2m=[0mk#99f25ef6..[1m}[0m[2m:[0m[1mjwk_updater_task[0m[1m{[0m[3mepoch[0m[2m=[0m1[1m}[0m[2m:[0m [2msui_node[0m[2m:[0m [2mcrates/sui-node/src/lib.rs[0m[2m:[0m[2m376:[0m fetching JWK for provider Twitch
[2m2025-03-25T07:56:43.148044Z[0m [32m INFO[0m [1mnode[0m[1m{[0m[3mname[0m[2m=[0mk#8dcff6d1..[1m}[0m[2m:[0m[1mjwk_updater_task[0m[1m{[0m[3mepoch[0m[2m=[0m1[1m}[0m[2m:[0m [2msui_node[0m[2m:[0m [2mcrates/sui-node/src/lib.rs[0m[2m:[0m[2m376:[0m fetching JWK for provider Twitch
[2m2025-03-25T07:56:43.189702Z[0m [32m INFO[0m [1mnode[0m[1m{[0m[3mname[0m[2m=[0mk#addeef94..[1m}[0m[2m:[0m[1mjwk_updater_task[0m[1m{[0m[3mepoch[0m[2m=[0m1[1m}[0m[2m:[0m [2msui_node[0m[2m:[0m [2mcrates/sui-node/src/lib.rs[0m[2m:[0m[2m376:[0m fetching JWK for provider Kakao
[2m2025-03-25T07:56:43.229044Z[0m [32m INFO[0m [1mnode[0m[1m{[0m[3mname[0m[2m=[0mk#99f25ef6..[1m}[0m[2m:[0m[1mjwk_updater_task[0m[1m{[0m[3mepoch[0m[2m=[0m1[1m}[0m[2m:[0m [2msui_node[0m[2m:[0m [2mcrates/sui-node/src/lib.rs[0m[2m:[0m[2m376:[0m fetching JWK for provider Kakao
[2m2025-03-25T07:56:43.272378Z[0m [32m INFO[0m [1mnode[0m[1m{[0m[3mname[0m[2m=[0mk#8dcff6d1..[1m}[0m[2m:[0m [2msui_core::checkpoints::checkpoint_output[0m[2m:[0m [2mcrates/sui-core/src/checkpoints/checkpoint_output.rs[0m[2m:[0m[2m196:[0m Certified checkpoint with sequence 602 and digest CJeJpokGaV5XUNHAFW9L55Ae2EkYQAiuJTyKzhGJM83f
[2m2025-03-25T07:56:43.272669Z[0m [32m INFO[0m [1mnode[0m[1m{[0m[3mname[0m[2m=[0mk#8dcff6d1..[1m}[0m[2m:[0m [2mconsensus_core::core[0m[2m:[0m [2mconsensus/core/src/core.rs[0m[2m:[0m[2m945:[0m Included 3 ancestors & excluded 0 ancestors for proposal in round 403
[2m2025-03-25T07:56:43.272998Z[0m [32m INFO[0m [1mnode[0m[1m{[0m[3mname[0m[2m=[0mk#8dcff6d1..[1m}[0m[2m:[0m [2mconsensus_core::core[0m[2m:[0m [2mconsensus/core/src/core.rs[0m[2m:[0m[2m531:[0m Created block B403(A,7g71hD0AHWaiItDXrhV3LP1nl7F7wRnvvxPRKL/4EGg=)(1742889403272ms;[B402(A,7wm/b2BtwVMpel6rBaFJFnotFnLknvAV9d2RURHGqLk=), B402(B,IHCq/QEw7EODb5SIARugzzRtojS+OTOIx098YipcWb0=), B402(C,f/Wkwzqhkq0okN70bIg0QIeObifOah7OigD/1+t4tDM=)];1t;1c) for round 403
[2m2025-03-25T07:56:43.273160Z[0m [32m INFO[0m [1mnode[0m[1m{[0m[3mname[0m[2m=[0mk#8dcff6d1..[1m}[0m[2m:[0m [2mconsensus_core::core[0m[2m:[0m [2mconsensus/core/src/core.rs[0m[2m:[0m[2m630:[0m Committing 1 leaders: B401(B,R8YT)
[2m2025-03-25T07:56:43.273250Z[0m [32m INFO[0m [1mnode[0m[1m{[0m[3mname[0m[2m=[0mk#8dcff6d1..[1m}[0m[2m:[0m [2mconsensus_core::commit_observer[0m[2m:[0m [2mconsensus/core/src/commit_observer.rs[0m[2m:[0m[2m173:[0m Consensus commit C390(e1CD) with leader B401(B,R8YT) has 3 blocks
[2m2025-03-25T07:56:43.273805Z[0m [32m INFO[0m [1mnode[0m[1m{[0m[3mname[0m[2m=[0mk#8dcff6d1..[1m}[0m[2m:[0m [2msui_core::consensus_handler[0m[2m:[0m [2mcrates/sui-core/src/consensus_handler.rs[0m[2m:[0m[2m232:[0m Received consensus output [3mconsensus_commit[0m[2m=[0mCommittedSubDag(leader=B401(B,R8YT), ref=C390(e1CD), blocks=[hOf2, 0AXh, R8YT]) [3mepoch[0m[2m=[0m1
[2m2025-03-25T07:56:43.274527Z[0m [32m INFO[0m [1mnode[0m[1m{[0m[3mname[0m[2m=[0mk#8dcff6d1..[1m}[0m[2m:[0m [2msui_core::checkpoints::checkpoint_executor[0m[2m:[0m [2mcrates/sui-core/src/checkpoints/checkpoint_executor/mod.rs[0m[2m:[0m[2m332:[0m Received checkpoint summary from state sync [3msequence_number[0m[2m=[0m602
[2m2025-03-25T07:56:43.276393Z[0m [32m INFO[0m [1mnode[0m[1m{[0m[3mname[0m[2m=[0mk#8dcff6d1..[1m}[0m[2m:[0m [2msui_core::state_accumulator[0m[2m:[0m [2mcrates/sui-core/src/state_accumulator.rs[0m[2m:[0m[2m675:[0m accumulating running root for checkpoint 602
[2m2025-03-25T07:56:43.302204Z[0m [32m INFO[0m [1mnode[0m[1m{[0m[3mname[0m[2m=[0mk#8dcff6d1..[1m}[0m[2m:[0m [2msui_core::checkpoints[0m[2m:[0m [2mcrates/sui-core/src/checkpoints/mod.rs[0m[2m:[0m[2m1326:[0m Creating checkpoint(s) for 2 transactions [3mnext_checkpoint_seq[0m[2m=[0m603 [3mcheckpoint_timestamp[0m[2m=[0m1742889402347
[2m2025-03-25T07:56:43.302515Z[0m [32m INFO[0m [1mnode[0m[1m{[0m[3mname[0m[2m=[0mk#8dcff6d1..[1m}[0m[2m:[0m [2msui_core::checkpoints::checkpoint_output[0m[2m:[0m [2mcrates/sui-core/src/checkpoints/checkpoint_output.rs[0m[2m:[0m[2m149:[0m Creating checkpoint CheckpointDigest(C5ByCa5tJdxYiHzcGsyq2tPqLsjJPzZvECF1XiANwJaT) at epoch 1, sequence 603, previous digest Some(CheckpointDigest(CJeJpokGaV5XUNHAFW9L55Ae2EkYQAiuJTyKzhGJM83f)), transactions count 2, content digest CheckpointContentsDigest(5v6kfbwEoSLunF7pmvkBG8S7UCSd4Lq8urKUcmB7C1aF), end_of_epoch_data None
[2m2025-03-25T07:56:43.303564Z[0m [32m INFO[0m [1mnode[0m[1m{[0m[3mname[0m[2m=[0mk#8dcff6d1..[1m}[0m[2m:[0m [2mconsensus_core::commit_syncer[0m[2m:[0m [2mconsensus/core/src/commit_syncer.rs[0m[2m:[0m[2m196:[0m Checking to schedule fetches: synced_commit_index=390, highest_handled_index=390, highest_scheduled_index=0, quorum_commit_index=389, unhandled_commits_threshold=3200
[2m2025-03-25T07:56:43.310101Z[0m [32m INFO[0m [1mnode[0m[1m{[0m[3mname[0m[2m=[0mk#addeef94..[1m}[0m[2m:[0m [2mconsensus_core::core[0m[2m:[0m [2mconsensus/core/src/core.rs[0m[2m:[0m[2m945:[0m Included 2 ancestors & excluded 0 ancestors for proposal in round 404
[2m2025-03-25T07:56:43.310406Z[0m [32m INFO[0m [1mnode[0m[1m{[0m[3mname[0m[2m=[0mk#addeef94..[1m}[0m[2m:[0m [2mconsensus_core::core[0m[2m:[0m [2mconsensus/core/src/core.rs[0m[2m:[0m[2m531:[0m Created block B404(C,jv5u5kYqu8WojtIv7GeELiZEK6pRt9B7ayC8KeOZcbY=)(1742889403310ms;[B403(C,tLHnx+3nc5I5t3vPKpLPz3SpPTEEbRV3kvPsoanKCJA=), B403(B,ZZ1yiVO0FbrK1h/aVjcqrX1GsVJzVDoAgtswhabvkEk=)];1t;1c) for round 404
[2m2025-03-25T07:56:43.312607Z[0m [32m INFO[0m [1mnode[0m[1m{[0m[3mname[0m[2m=[0mk#addeef94..[1m}[0m[2m:[0m [2msui_core::checkpoints::checkpoint_executor[0m[2m:[0m [2mcrates/sui-core/src/checkpoints/checkpoint_executor/mod.rs[0m[2m:[0m[2m332:[0m Received checkpoint summary from state sync [3msequence_number[0m[2m=[0m602
[2m2025-03-25T07:56:43.313600Z[0m [32m INFO[0m [1mnode[0m[1m{[0m[3mname[0m[2m=[0mk#addeef94..[1m}[0m[2m:[0m [2msui_core::state_accumulator[0m[2m:[0m [2mcrates/sui-core/src/state_accumulator.rs[0m[2m:[0m[2m675:[0m accumulating running root for checkpoint 602
[2m2025-03-25T07:56:43.327241Z[0m [32m INFO[0m [1mnode[0m[1m{[0m[3mname[0m[2m=[0mk#addeef94..[1m}[0m[2m:[0m [2mconsensus_core::commit_syncer[0m[2m:[0m [2mconsensus/core/src/commit_syncer.rs[0m[2m:[0m[2m196:[0m Checking to schedule fetches: synced_commit_index=390, highest_handled_index=390, highest_scheduled_index=0, quorum_commit_index=0, unhandled_commits_threshold=3200
[2m2025-03-25T07:56:43.350211Z[0m [32m INFO[0m [1mnode[0m[1m{[0m[3mname[0m[2m=[0mk#99f25ef6..[1m}[0m[2m:[0m [2mconsensus_core::commit_syncer[0m[2m:[0m [2mconsensus/core/src/commit_syncer.rs[0m[2m:[0m[2m196:[0m Checking to schedule fetches: synced_commit_index=390, highest_handled_index=390, highest_scheduled_index=0, quorum_commit_index=388, unhandled_commits_threshold=3200
[2m2025-03-25T07:56:43.353008Z[0m [32m INFO[0m [1mnode[0m[1m{[0m[3mname[0m[2m=[0mk#99f25ef6..[1m}[0m[2m:[0m [2mconsensus_core::core[0m[2m:[0m [2mconsensus/core/src/core.rs[0m[2m:[0m[2m945:[0m Included 2 ancestors & excluded 0 ancestors for proposal in round 404
[2m2025-03-25T07:56:43.353322Z[0m [32m INFO[0m [1mnode[0m[1m{[0m[3mname[0m[2m=[0mk#99f25ef6..[1m}[0m[2m:[0m [2mconsensus_core::core[0m[2m:[0m [2mconsensus/core/src/core.rs[0m[2m:[0m[2m531:[0m Created block B404(B,QZiV4mG93hI5ryqMUMpp7NDG7hC8fBgX80u47Lo/DTY=)(1742889403353ms;[B403(B,ZZ1yiVO0FbrK1h/aVjcqrX1GsVJzVDoAgtswhabvkEk=), B403(C,tLHnx+3nc5I5t3vPKpLPz3SpPTEEbRV3kvPsoanKCJA=)];1t;1c) for round 404
[2m2025-03-25T07:56:43.353556Z[0m [32m INFO[0m [1mnode[0m[1m{[0m[3mname[0m[2m=[0mk#99f25ef6..[1m}[0m[2m:[0m [2mconsensus_core::core[0m[2m:[0m [2mconsensus/core/src/core.rs[0m[2m:[0m[2m630:[0m Committing 1 leaders: B402(A,7wm/)
[2m2025-03-25T07:56:43.353667Z[0m [32m INFO[0m [1mnode[0m[1m{[0m[3mname[0m[2m=[0mk#99f25ef6..[1m}[0m[2m:[0m [2mconsensus_core::commit_observer[0m[2m:[0m [2mconsensus/core/src/commit_observer.rs[0m[2m:[0m[2m173:[0m Consensus commit C391(cdnJ) with leader B402(A,7wm/) has 3 blocks
[2m2025-03-25T07:56:43.354872Z[0m [32m INFO[0m [1mnode[0m[1m{[0m[3mname[0m[2m=[0mk#99f25ef6..[1m}[0m[2m:[0m [2msui_core::checkpoints::checkpoint_output[0m[2m:[0m [2mcrates/sui-core/src/checkpoints/checkpoint_output.rs[0m[2m:[0m[2m196:[0m Certified checkpoint with sequence 602 and digest CJeJpokGaV5XUNHAFW9L55Ae2EkYQAiuJTyKzhGJM83f
[2m2025-03-25T07:56:43.355150Z[0m [32m INFO[0m [1mnode[0m[1m{[0m[3mname[0m[2m=[0mk#99f25ef6..[1m}[0m[2m:[0m [2msui_core::consensus_handler[0m[2m:[0m [2mcrates/sui-core/src/consensus_handler.rs[0m[2m:[0m[2m232:[0m Received consensus output [3mconsensus_commit[0m[2m=[0mCommittedSubDag(leader=B402(A,7wm/), ref=C391(cdnJ), blocks=[JEC2, JO7s, 7wm/]) [3mepoch[0m[2m=[0m1
[2m2025-03-25T07:56:43.358364Z[0m [32m INFO[0m [1mnode[0m[1m{[0m[3mname[0m[2m=[0mk#addeef94..[1m}[0m[2m:[0m [2mconsensus_core::core[0m[2m:[0m [2mconsensus/core/src/core.rs[0m[2m:[0m[2m630:[0m Committing 1 leaders: B402(A,7wm/)
[2m2025-03-25T07:56:43.358484Z[0m [32m INFO[0m [1mnode[0m[1m{[0m[3mname[0m[2m=[0mk#addeef94..[1m}[0m[2m:[0m [2mconsensus_core::commit_observer[0m[2m:[0m [2mconsensus/core/src/commit_observer.rs[0m[2m:[0m[2m173:[0m Consensus commit C391(cdnJ) with leader B402(A,7wm/) has 3 blocks
[2m2025-03-25T07:56:43.358562Z[0m [32m INFO[0m [1mnode[0m[1m{[0m[3mname[0m[2m=[0mk#addeef94..[1m}[0m[2m:[0m [2msui_core::consensus_handler[0m[2m:[0m [2mcrates/sui-core/src/consensus_handler.rs[0m[2m:[0m[2m232:[0m Received consensus output [3mconsensus_commit[0m[2m=[0mCommittedSubDag(leader=B402(A,7wm/), ref=C391(cdnJ), blocks=[JEC2, JO7s, 7wm/]) [3mepoch[0m[2m=[0m1
[2m2025-03-25T07:56:43.368838Z[0m [32m INFO[0m [1mnode[0m[1m{[0m[3mname[0m[2m=[0mk#99f25ef6..[1m}[0m[2m:[0m [2msui_core::checkpoints::checkpoint_executor[0m[2m:[0m [2mcrates/sui-core/src/checkpoints/checkpoint_executor/mod.rs[0m[2m:[0m[2m332:[0m Received checkpoint summary from state sync [3msequence_number[0m[2m=[0m602
[2m2025-03-25T07:56:43.375167Z[0m [32m INFO[0m [1mnode[0m[1m{[0m[3mname[0m[2m=[0mk#99f25ef6..[1m}[0m[2m:[0m [2msui_core::state_accumulator[0m[2m:[0m [2mcrates/sui-core/src/state_accumulator.rs[0m[2m:[0m[2m675:[0m accumulating running root for checkpoint 602
[2m2025-03-25T07:56:43.401342Z[0m [32m INFO[0m [1mnode[0m[1m{[0m[3mname[0m[2m=[0mk#99f25ef6..[1m}[0m[2m:[0m [2msui_core::checkpoints[0m[2m:[0m [2mcrates/sui-core/src/checkpoints/mod.rs[0m[2m:[0m[2m1326:[0m Creating checkpoint(s) for 1 transactions [3mnext_checkpoint_seq[0m[2m=[0m604 [3mcheckpoint_timestamp[0m[2m=[0m1742889402606
[2m2025-03-25T07:56:43.401571Z[0m [32m INFO[0m [1mnode[0m[1m{[0m[3mname[0m[2m=[0mk#99f25ef6..[1m}[0m[2m:[0m [2msui_core::checkpoints::checkpoint_output[0m[2m:[0m [2mcrates/sui-core/src/checkpoints/checkpoint_output.rs[0m[2m:[0m[2m149:[0m Creating checkpoint CheckpointDigest(AcRnQWCNWXg9dbkQi44jh6rprA1fp72CmD7pCYvcGBwd) at epoch 1, sequence 604, previous digest Some(CheckpointDigest(C5ByCa5tJdxYiHzcGsyq2tPqLsjJPzZvECF1XiANwJaT)), transactions count 1, content digest CheckpointContentsDigest(DcFFWLLaVZHq2n7DozqzY1JeD9gPe7Q7DAdARQJu57vh), end_of_epoch_data None
[2m2025-03-25T07:56:43.402229Z[0m [32m INFO[0m [1mnode[0m[1m{[0m[3mname[0m[2m=[0mk#addeef94..[1m}[0m[2m:[0m [2msui_core::checkpoints[0m[2m:[0m [2mcrates/sui-core/src/checkpoints/mod.rs[0m[2m:[0m[2m1326:[0m Creating checkpoint(s) for 1 transactions [3mnext_checkpoint_seq[0m[2m=[0m604 [3mcheckpoint_timestamp[0m[2m=[0m1742889402606
[2m2025-03-25T07:56:43.402399Z[0m [32m INFO[0m [1mnode[0m[1m{[0m[3mname[0m[2m=[0mk#addeef94..[1m}[0m[2m:[0m [2msui_core::checkpoints::checkpoint_output[0m[2m:[0m [2mcrates/sui-core/src/checkpoints/checkpoint_output.rs[0m[2m:[0m[2m149:[0m Creating checkpoint CheckpointDigest(AcRnQWCNWXg9dbkQi44jh6rprA1fp72CmD7pCYvcGBwd) at epoch 1, sequence 604, previous digest Some(CheckpointDigest(C5ByCa5tJdxYiHzcGsyq2tPqLsjJPzZvECF1XiANwJaT)), transactions count 1, content digest CheckpointContentsDigest(DcFFWLLaVZHq2n7DozqzY1JeD9gPe7Q7DAdARQJu57vh), end_of_epoch_data None
[2m2025-03-25T07:56:43.473645Z[0m [32m INFO[0m [1mnode[0m[1m{[0m[3mname[0m[2m=[0mk#8dcff6d1..[1m}[0m[2m:[0m [2msui_core::checkpoints::checkpoint_output[0m[2m:[0m [2mcrates/sui-core/src/checkpoints/checkpoint_output.rs[0m[2m:[0m[2m196:[0m Certified checkpoint with sequence 603 and digest C5ByCa5tJdxYiHzcGsyq2tPqLsjJPzZvECF1XiANwJaT
[2m2025-03-25T07:56:43.473822Z[0m [32m INFO[0m [1mnode[0m[1m{[0m[3mname[0m[2m=[0mk#8dcff6d1..[1m}[0m[2m:[0m [2mconsensus_core::core[0m[2m:[0m [2mconsensus/core/src/core.rs[0m[2m:[0m[2m630:[0m Committing 1 leaders: B402(A,7wm/)
[2m2025-03-25T07:56:43.473947Z[0m [32m INFO[0m [1mnode[0m[1m{[0m[3mname[0m[2m=[0mk#8dcff6d1..[1m}[0m[2m:[0m [2mconsensus_core::commit_observer[0m[2m:[0m [2mconsensus/core/src/commit_observer.rs[0m[2m:[0m[2m173:[0m Consensus commit C391(cdnJ) with leader B402(A,7wm/) has 3 blocks
[2m2025-03-25T07:56:43.474394Z[0m [32m INFO[0m [1mnode[0m[1m{[0m[3mname[0m[2m=[0mk#8dcff6d1..[1m}[0m[2m:[0m [2msui_core::consensus_handler[0m[2m:[0m [2mcrates/sui-core/src/consensus_handler.rs[0m[2m:[0m[2m232:[0m Received consensus output [3mconsensus_commit[0m[2m=[0mCommittedSubDag(leader=B402(A,7wm/), ref=C391(cdnJ), blocks=[JEC2, JO7s, 7wm/]) [3mepoch[0m[2m=[0m1
[2m2025-03-25T07:56:43.475115Z[0m [32m INFO[0m [1mnode[0m[1m{[0m[3mname[0m[2m=[0mk#8dcff6d1..[1m}[0m[2m:[0m [2msui_core::checkpoints::checkpoint_executor[0m[2m:[0m [2mcrates/sui-core/src/checkpoints/checkpoint_executor/mod.rs[0m[2m:[0m[2m332:[0m Received checkpoint summary from state sync [3msequence_number[0m[2m=[0m603
[2m2025-03-25T07:56:43.493798Z[0m [32m INFO[0m [1mnode[0m[1m{[0m[3mname[0m[2m=[0mk#8dcff6d1..[1m}[0m[2m:[0m [2msui_core::state_accumulator[0m[2m:[0m [2mcrates/sui-core/src/state_accumulator.rs[0m[2m:[0m[2m675:[0m accumulating running root for checkpoint 603
[2m2025-03-25T07:56:43.495699Z[0m [32m INFO[0m [1mnode[0m[1m{[0m[3mname[0m[2m=[0mk#addeef94..[1m}[0m[2m:[0m [2msui_core::checkpoints::checkpoint_executor[0m[2m:[0m [2mcrates/sui-core/src/checkpoints/checkpoint_executor/mod.rs[0m[2m:[0m[2m332:[0m Received checkpoint summary from state sync [3msequence_number[0m[2m=[0m603
[2m2025-03-25T07:56:43.496204Z[0m [32m INFO[0m [1mnode[0m[1m{[0m[3mname[0m[2m=[0mk#99f25ef6..[1m}[0m[2m:[0m [2msui_core::checkpoints::checkpoint_executor[0m[2m:[0m [2mcrates/sui-core/src/checkpoints/checkpoint_executor/mod.rs[0m[2m:[0m[2m332:[0m Received checkpoint summary from state sync [3msequence_number[0m[2m=[0m594
[2m2025-03-25T07:56:43.496293Z[0m [32m INFO[0m [1mnode[0m[1m{[0m[3mname[0m[2m=[0mk#99f25ef6..[1m}[0m[2m:[0m [2msui_core::checkpoints::checkpoint_executor[0m[2m:[0m [2mcrates/sui-core/src/checkpoints/checkpoint_executor/mod.rs[0m[2m:[0m[2m332:[0m Received checkpoint summary from state sync [3msequence_number[0m[2m=[0m595
[2m2025-03-25T07:56:43.496337Z[0m [32m INFO[0m [1mnode[0m[1m{[0m[3mname[0m[2m=[0mk#99f25ef6..[1m}[0m[2m:[0m [2msui_core::checkpoints::checkpoint_executor[0m[2m:[0m [2mcrates/sui-core/src/checkpoints/checkpoint_executor/mod.rs[0m[2m:[0m[2m332:[0m Received checkpoint summary from state sync [3msequence_number[0m[2m=[0m596
[2m2025-03-25T07:56:43.496379Z[0m [32m INFO[0m [1mnode[0m[1m{[0m[3mname[0m[2m=[0mk#99f25ef6..[1m}[0m[2m:[0m [2msui_core::checkpoints::checkpoint_executor[0m[2m:[0m [2mcrates/sui-core/src/checkpoints/checkpoint_executor/mod.rs[0m[2m:[0m[2m332:[0m Received checkpoint summary from state sync [3msequence_number[0m[2m=[0m597
[2m2025-03-25T07:56:43.496419Z[0m [32m INFO[0m [1mnode[0m[1m{[0m[3mname[0m[2m=[0mk#99f25ef6..[1m}[0m[2m:[0m [2msui_core::checkpoints::checkpoint_executor[0m[2m:[0m [2mcrates/sui-core/src/checkpoints/checkpoint_executor/mod.rs[0m[2m:[0m[2m332:[0m Received checkpoint summary from state sync [3msequence_number[0m[2m=[0m598
[2m2025-03-25T07:56:43.496459Z[0m [32m INFO[0m [1mnode[0m[1m{[0m[3mname[0m[2m=[0mk#99f25ef6..[1m}[0m[2m:[0m [2msui_core::checkpoints::checkpoint_executor[0m[2m:[0m [2mcrates/sui-core/src/checkpoints/checkpoint_executor/mod.rs[0m[2m:[0m[2m332:[0m Received checkpoint summary from state sync [3msequence_number[0m[2m=[0m599
[2m2025-03-25T07:56:43.496498Z[0m [32m INFO[0m [1mnode[0m[1m{[0m[3mname[0m[2m=[0mk#99f25ef6..[1m}[0m[2m:[0m [2msui_core::checkpoints::checkpoint_executor[0m[2m:[0m [2mcrates/sui-core/src/checkpoints/checkpoint_executor/mod.rs[0m[2m:[0m[2m332:[0m Received checkpoint summary from state sync [3msequence_number[0m[2m=[0m600
[2m2025-03-25T07:56:43.496537Z[0m [32m INFO[0m [1mnode[0m[1m{[0m[3mname[0m[2m=[0mk#99f25ef6..[1m}[0m[2m:[0m [2msui_core::checkpoints::checkpoint_executor[0m[2m:[0m [2mcrates/sui-core/src/checkpoints/checkpoint_executor/mod.rs[0m[2m:[0m[2m332:[0m Received checkpoint summary from state sync [3msequence_number[0m[2m=[0m601
[2m2025-03-25T07:56:43.496576Z[0m [32m INFO[0m [1mnode[0m[1m{[0m[3mname[0m[2m=[0mk#99f25ef6..[1m}[0m[2m:[0m [2msui_core::checkpoints::checkpoint_executor[0m[2m:[0m [2mcrates/sui-core/src/checkpoints/checkpoint_executor/mod.rs[0m[2m:[0m[2m332:[0m Received checkpoint summary from state sync [3msequence_number[0m[2m=[0m602
[2m2025-03-25T07:56:43.496615Z[0m [32m INFO[0m [1mnode[0m[1m{[0m[3mname[0m[2m=[0mk#99f25ef6..[1m}[0m[2m:[0m [2msui_core::checkpoints::checkpoint_executor[0m[2m:[0m [2mcrates/sui-core/src/checkpoints/checkpoint_executor/mod.rs[0m[2m:[0m[2m332:[0m Received checkpoint summary from state sync [3msequence_number[0m[2m=[0m603
[2m2025-03-25T07:56:43.496862Z[0m [32m INFO[0m [1mnode[0m[1m{[0m[3mname[0m[2m=[0mk#addeef94..[1m}[0m[2m:[0m [2msui_core::state_accumulator[0m[2m:[0m [2mcrates/sui-core/src/state_accumulator.rs[0m[2m:[0m[2m675:[0m accumulating running root for checkpoint 603
[2m2025-03-25T07:56:43.497746Z[0m [32m INFO[0m [1mnode[0m[1m{[0m[3mname[0m[2m=[0mk#99f25ef6..[1m}[0m[2m:[0m [2msui_core::state_accumulator[0m[2m:[0m [2mcrates/sui-core/src/state_accumulator.rs[0m[2m:[0m[2m675:[0m accumulating running root for checkpoint 603
[2m2025-03-25T07:56:43.563686Z[0m [32m INFO[0m [1mnode[0m[1m{[0m[3mname[0m[2m=[0mk#8dcff6d1..[1m}[0m[2m:[0m [2msui_core::checkpoints[0m[2m:[0m [2mcrates/sui-core/src/checkpoints/mod.rs[0m[2m:[0m[2m1326:[0m Creating checkpoint(s) for 1 transactions [3mnext_checkpoint_seq[0m[2m=[0m604 [3mcheckpoint_timestamp[0m[2m=[0m1742889402606
[2m2025-03-25T07:56:43.563909Z[0m [32m INFO[0m [1mnode[0m[1m{[0m[3mname[0m[2m=[0mk#8dcff6d1..[1m}[0m[2m:[0m [2msui_core::checkpoints::checkpoint_output[0m[2m:[0m [2mcrates/sui-core/src/checkpoints/checkpoint_output.rs[0m[2m:[0m[2m149:[0m Creating checkpoint CheckpointDigest(AcRnQWCNWXg9dbkQi44jh6rprA1fp72CmD7pCYvcGBwd) at epoch 1, sequence 604, previous digest Some(CheckpointDigest(C5ByCa5tJdxYiHzcGsyq2tPqLsjJPzZvECF1XiANwJaT)), transactions count 1, content digest CheckpointContentsDigest(DcFFWLLaVZHq2n7DozqzY1JeD9gPe7Q7DAdARQJu57vh), end_of_epoch_data None
[2m2025-03-25T07:56:43.596258Z[0m [32m INFO[0m [1mnode[0m[1m{[0m[3mname[0m[2m=[0mk#b3f3cbb4..[1m}[0m[2m:[0m[1mjson-rpc-request[0m[2m:[0m[1mdev_inspect_transaction_block[0m[1m{[0m[3msender_address[0m[2m=[0m0x0000000000000000000000000000000000000000000000000000000000000000 [3mtx_bytes[0m[2m=[0mBase64("AAMBAQAAAAAAAAAAAAAAAAAAAAAAAAAAAAAAAAAAAAAAAAAJAQAAAAAAAAABAAECAAgAAAAAAAAAAAEAAAAAAAAAAAAAAAAAAAAAAAAAAAAAAAAAAAAAAAAAAAsGYnJpZGdlIGdldF90b2tlbl90cmFuc2Zlcl9hY3Rpb25fc3RhdHVzAAMBAAABAQABAgA=") [3mgas_price[0m[2m=[0mNone [3m_epoch[0m[2m=[0mNone [3madditional_args[0m[2m=[0mNone[1m}[0m[2m:[0m [2msui_json_rpc::transaction_execution_api[0m[2m:[0m [2mcrates/sui-json-rpc/src/transaction_execution_api.rs[0m[2m:[0m[2m351:[0m RPC took longer than threshold to complete. [3melapsed[0m[2m=[0m1.551528792s
[2m2025-03-25T07:56:43.597159Z[0m [32m INFO[0m [2msui_bridge::e2e_tests::test_utils[0m[2m:[0m [2mcrates/sui-bridge/src/e2e_tests/test_utils.rs[0m[2m:[0m[2m1452:[0m get_token_transfer_action_onchain_status_until_success took 2.220242625s, status: Pending
[2m2025-03-25T07:56:43.608881Z[0m [32m INFO[0m [1mnode[0m[1m{[0m[3mname[0m[2m=[0mk#addeef94..[1m}[0m[2m:[0m [2mconsensus_core::core[0m[2m:[0m [2mconsensus/core/src/core.rs[0m[2m:[0m[2m945:[0m Included 3 ancestors & excluded 0 ancestors for proposal in round 405
[2m2025-03-25T07:56:43.609159Z[0m [32m INFO[0m [1mnode[0m[1m{[0m[3mname[0m[2m=[0mk#b3f3cbb4..[1m}[0m[2m:[0m [2msui_core::state_accumulator[0m[2m:[0m [2mcrates/sui-core/src/state_accumulator.rs[0m[2m:[0m[2m675:[0m accumulating running root for checkpoint 541
[2m2025-03-25T07:56:43.609234Z[0m [32m INFO[0m [1mnode[0m[1m{[0m[3mname[0m[2m=[0mk#addeef94..[1m}[0m[2m:[0m [2mconsensus_core::core[0m[2m:[0m [2mconsensus/core/src/core.rs[0m[2m:[0m[2m531:[0m Created block B405(C,W7rLprfPWFA9P33nhhY/Tq7eq6HBdvGASswTYP/a8Gs=)(1742889403609ms;[B404(C,jv5u5kYqu8WojtIv7GeELiZEK6pRt9B7ayC8KeOZcbY=), B403(A,7g71hD0AHWaiItDXrhV3LP1nl7F7wRnvvxPRKL/4EGg=), B404(B,QZiV4mG93hI5ryqMUMpp7NDG7hC8fBgX80u47Lo/DTY=)];1t;1c) for round 405
[2m2025-03-25T07:56:43.621018Z[0m [32m INFO[0m [1mnode[0m[1m{[0m[3mname[0m[2m=[0mk#99f25ef6..[1m}[0m[2m:[0m [2mconsensus_core::core[0m[2m:[0m [2mconsensus/core/src/core.rs[0m[2m:[0m[2m945:[0m Included 3 ancestors & excluded 0 ancestors for proposal in round 405
[2m2025-03-25T07:56:43.621311Z[0m [32m INFO[0m [1mnode[0m[1m{[0m[3mname[0m[2m=[0mk#99f25ef6..[1m}[0m[2m:[0m [2mconsensus_core::core[0m[2m:[0m [2mconsensus/core/src/core.rs[0m[2m:[0m[2m531:[0m Created block B405(B,/uAC2I7ftzSW+HB9zpGOpfcF72cxUGVpTOkwn7t0sg0=)(1742889403621ms;[B404(B,QZiV4mG93hI5ryqMUMpp7NDG7hC8fBgX80u47Lo/DTY=), B403(A,7g71hD0AHWaiItDXrhV3LP1nl7F7wRnvvxPRKL/4EGg=), B404(C,jv5u5kYqu8WojtIv7GeELiZEK6pRt9B7ayC8KeOZcbY=)];1t;1c) for round 405
[2m2025-03-25T07:56:43.621378Z[0m [32m INFO[0m [1mnode[0m[1m{[0m[3mname[0m[2m=[0mk#99f25ef6..[1m}[0m[2m:[0m [2mconsensus_core::core[0m[2m:[0m [2mconsensus/core/src/core.rs[0m[2m:[0m[2m630:[0m Committing 1 leaders: B403(C,tLHn)
[2m2025-03-25T07:56:43.621450Z[0m [32m INFO[0m [1mnode[0m[1m{[0m[3mname[0m[2m=[0mk#99f25ef6..[1m}[0m[2m:[0m [2mconsensus_core::commit_observer[0m[2m:[0m [2mconsensus/core/src/commit_observer.rs[0m[2m:[0m[2m173:[0m Consensus commit C392(rXx7) with leader B403(C,tLHn) has 3 blocks
[2m2025-03-25T07:56:43.621539Z[0m [32m INFO[0m [1mnode[0m[1m{[0m[3mname[0m[2m=[0mk#99f25ef6..[1m}[0m[2m:[0m [2msui_core::consensus_handler[0m[2m:[0m [2mcrates/sui-core/src/consensus_handler.rs[0m[2m:[0m[2m232:[0m Received consensus output [3mconsensus_commit[0m[2m=[0mCommittedSubDag(leader=B403(C,tLHn), ref=C392(rXx7), blocks=[IHCq, f/Wk, tLHn]) [3mepoch[0m[2m=[0m1
[2m2025-03-25T07:56:43.623782Z[0m [32m INFO[0m [1mnode[0m[1m{[0m[3mname[0m[2m=[0mk#addeef94..[1m}[0m[2m:[0m [2mconsensus_core::core[0m[2m:[0m [2mconsensus/core/src/core.rs[0m[2m:[0m[2m630:[0m Committing 1 leaders: B403(C,tLHn)
[2m2025-03-25T07:56:43.623871Z[0m [32m INFO[0m [1mnode[0m[1m{[0m[3mname[0m[2m=[0mk#addeef94..[1m}[0m[2m:[0m [2mconsensus_core::commit_observer[0m[2m:[0m [2mconsensus/core/src/commit_observer.rs[0m[2m:[0m[2m173:[0m Consensus commit C392(rXx7) with leader B403(C,tLHn) has 3 blocks
[2m2025-03-25T07:56:43.623945Z[0m [32m INFO[0m [1mnode[0m[1m{[0m[3mname[0m[2m=[0mk#addeef94..[1m}[0m[2m:[0m [2msui_core::consensus_handler[0m[2m:[0m [2mcrates/sui-core/src/consensus_handler.rs[0m[2m:[0m[2m232:[0m Received consensus output [3mconsensus_commit[0m[2m=[0mCommittedSubDag(leader=B403(C,tLHn), ref=C392(rXx7), blocks=[IHCq, f/Wk, tLHn]) [3mepoch[0m[2m=[0m1
[2m2025-03-25T07:56:43.648207Z[0m [32m INFO[0m [1mnode[0m[1m{[0m[3mname[0m[2m=[0mk#99f25ef6..[1m}[0m[2m:[0m [2msui_core::checkpoints[0m[2m:[0m [2mcrates/sui-core/src/checkpoints/mod.rs[0m[2m:[0m[2m1326:[0m Creating checkpoint(s) for 2 transactions [3mnext_checkpoint_seq[0m[2m=[0m605 [3mcheckpoint_timestamp[0m[2m=[0m1742889402860
[2m2025-03-25T07:56:43.648527Z[0m [32m INFO[0m [1mnode[0m[1m{[0m[3mname[0m[2m=[0mk#99f25ef6..[1m}[0m[2m:[0m [2msui_core::checkpoints::checkpoint_output[0m[2m:[0m [2mcrates/sui-core/src/checkpoints/checkpoint_output.rs[0m[2m:[0m[2m149:[0m Creating checkpoint CheckpointDigest(6o61j9NnvCd48KZmHpBAw2KzE2Wm1ZMzmMn28VoKxoUr) at epoch 1, sequence 605, previous digest Some(CheckpointDigest(AcRnQWCNWXg9dbkQi44jh6rprA1fp72CmD7pCYvcGBwd)), transactions count 2, content digest CheckpointContentsDigest(7aJpUxHWo4aiW373ja6aHvy8WJ6jrtF9x1p3gmsatVyb), end_of_epoch_data None
[2m2025-03-25T07:56:43.650037Z[0m [32m INFO[0m [1mnode[0m[1m{[0m[3mname[0m[2m=[0mk#addeef94..[1m}[0m[2m:[0m [2msui_core::checkpoints[0m[2m:[0m [2mcrates/sui-core/src/checkpoints/mod.rs[0m[2m:[0m[2m1326:[0m Creating checkpoint(s) for 2 transactions [3mnext_checkpoint_seq[0m[2m=[0m605 [3mcheckpoint_timestamp[0m[2m=[0m1742889402860
[2m2025-03-25T07:56:43.650292Z[0m [32m INFO[0m [1mnode[0m[1m{[0m[3mname[0m[2m=[0mk#addeef94..[1m}[0m[2m:[0m [2msui_core::checkpoints::checkpoint_output[0m[2m:[0m [2mcrates/sui-core/src/checkpoints/checkpoint_output.rs[0m[2m:[0m[2m149:[0m Creating checkpoint CheckpointDigest(6o61j9NnvCd48KZmHpBAw2KzE2Wm1ZMzmMn28VoKxoUr) at epoch 1, sequence 605, previous digest Some(CheckpointDigest(AcRnQWCNWXg9dbkQi44jh6rprA1fp72CmD7pCYvcGBwd)), transactions count 2, content digest CheckpointContentsDigest(7aJpUxHWo4aiW373ja6aHvy8WJ6jrtF9x1p3gmsatVyb), end_of_epoch_data None
[2m2025-03-25T07:56:43.653757Z[0m [32m INFO[0m [1mnode[0m[1m{[0m[3mname[0m[2m=[0mk#b3f3cbb4..[1m}[0m[2m:[0m [2msui_core::state_accumulator[0m[2m:[0m [2mcrates/sui-core/src/state_accumulator.rs[0m[2m:[0m[2m675:[0m accumulating running root for checkpoint 542
[2m2025-03-25T07:56:43.675415Z[0m [32m INFO[0m [1mnode[0m[1m{[0m[3mname[0m[2m=[0mk#8dcff6d1..[1m}[0m[2m:[0m [2msui_core::checkpoints::checkpoint_output[0m[2m:[0m [2mcrates/sui-core/src/checkpoints/checkpoint_output.rs[0m[2m:[0m[2m196:[0m Certified checkpoint with sequence 604 and digest AcRnQWCNWXg9dbkQi44jh6rprA1fp72CmD7pCYvcGBwd
[2m2025-03-25T07:56:43.675627Z[0m [32m INFO[0m [1mnode[0m[1m{[0m[3mname[0m[2m=[0mk#8dcff6d1..[1m}[0m[2m:[0m [2mconsensus_core::core[0m[2m:[0m [2mconsensus/core/src/core.rs[0m[2m:[0m[2m630:[0m Committing 1 leaders: B403(C,tLHn)
[2m2025-03-25T07:56:43.675753Z[0m [32m INFO[0m [1mnode[0m[1m{[0m[3mname[0m[2m=[0mk#8dcff6d1..[1m}[0m[2m:[0m [2mconsensus_core::commit_observer[0m[2m:[0m [2mconsensus/core/src/commit_observer.rs[0m[2m:[0m[2m173:[0m Consensus commit C392(rXx7) with leader B403(C,tLHn) has 3 blocks
[2m2025-03-25T07:56:43.675846Z[0m [32m INFO[0m [1mnode[0m[1m{[0m[3mname[0m[2m=[0mk#8dcff6d1..[1m}[0m[2m:[0m [2mconsensus_core::core[0m[2m:[0m [2mconsensus/core/src/core.rs[0m[2m:[0m[2m945:[0m Included 3 ancestors & excluded 0 ancestors for proposal in round 406
[2m2025-03-25T07:56:43.676156Z[0m [32m INFO[0m [1mnode[0m[1m{[0m[3mname[0m[2m=[0mk#8dcff6d1..[1m}[0m[2m:[0m [2mconsensus_core::core[0m[2m:[0m [2mconsensus/core/src/core.rs[0m[2m:[0m[2m531:[0m Created block B406(A,mFQX+kHeGqlfO/UjT6AkYY3nSiQTiUQO3Ua5+0hPDo4=)(1742889403676ms;[B403(A,7g71hD0AHWaiItDXrhV3LP1nl7F7wRnvvxPRKL/4EGg=), B405(B,/uAC2I7ftzSW+HB9zpGOpfcF72cxUGVpTOkwn7t0sg0=), B405(C,W7rLprfPWFA9P33nhhY/Tq7eq6HBdvGASswTYP/a8Gs=)];2t;3c) for round 406
[2m2025-03-25T07:56:43.676527Z[0m [32m INFO[0m [1mnode[0m[1m{[0m[3mname[0m[2m=[0mk#8dcff6d1..[1m}[0m[2m:[0m [2msui_core::consensus_handler[0m[2m:[0m [2mcrates/sui-core/src/consensus_handler.rs[0m[2m:[0m[2m232:[0m Received consensus output [3mconsensus_commit[0m[2m=[0mCommittedSubDag(leader=B403(C,tLHn), ref=C392(rXx7), blocks=[IHCq, f/Wk, tLHn]) [3mepoch[0m[2m=[0m1
[2m2025-03-25T07:56:43.677234Z[0m [32m INFO[0m [1mnode[0m[1m{[0m[3mname[0m[2m=[0mk#8dcff6d1..[1m}[0m[2m:[0m [2msui_core::checkpoints::checkpoint_executor[0m[2m:[0m [2mcrates/sui-core/src/checkpoints/checkpoint_executor/mod.rs[0m[2m:[0m[2m332:[0m Received checkpoint summary from state sync [3msequence_number[0m[2m=[0m604
[2m2025-03-25T07:56:43.678902Z[0m [32m INFO[0m [1mnode[0m[1m{[0m[3mname[0m[2m=[0mk#8dcff6d1..[1m}[0m[2m:[0m [2msui_core::state_accumulator[0m[2m:[0m [2mcrates/sui-core/src/state_accumulator.rs[0m[2m:[0m[2m675:[0m accumulating running root for checkpoint 604
[2m2025-03-25T07:56:43.680964Z[0m [32m INFO[0m [1mnode[0m[1m{[0m[3mname[0m[2m=[0mk#99f25ef6..[1m}[0m[2m:[0m [2msui_core::checkpoints::checkpoint_output[0m[2m:[0m [2mcrates/sui-core/src/checkpoints/checkpoint_output.rs[0m[2m:[0m[2m196:[0m Certified checkpoint with sequence 604 and digest AcRnQWCNWXg9dbkQi44jh6rprA1fp72CmD7pCYvcGBwd
[2m2025-03-25T07:56:43.681398Z[0m [32m INFO[0m [1mnode[0m[1m{[0m[3mname[0m[2m=[0mk#99f25ef6..[1m}[0m[2m:[0m [2msui_core::checkpoints::checkpoint_executor[0m[2m:[0m [2mcrates/sui-core/src/checkpoints/checkpoint_executor/mod.rs[0m[2m:[0m[2m332:[0m Received checkpoint summary from state sync [3msequence_number[0m[2m=[0m604
[2m2025-03-25T07:56:43.681774Z[0m [32m INFO[0m [1mnode[0m[1m{[0m[3mname[0m[2m=[0mk#addeef94..[1m}[0m[2m:[0m [2msui_core::checkpoints::checkpoint_executor[0m[2m:[0m [2mcrates/sui-core/src/checkpoints/checkpoint_executor/mod.rs[0m[2m:[0m[2m332:[0m Received checkpoint summary from state sync [3msequence_number[0m[2m=[0m604
[2m2025-03-25T07:56:43.682504Z[0m [32m INFO[0m [1mnode[0m[1m{[0m[3mname[0m[2m=[0mk#99f25ef6..[1m}[0m[2m:[0m [2msui_core::state_accumulator[0m[2m:[0m [2mcrates/sui-core/src/state_accumulator.rs[0m[2m:[0m[2m675:[0m accumulating running root for checkpoint 604
[2m2025-03-25T07:56:43.682532Z[0m [32m INFO[0m [1mnode[0m[1m{[0m[3mname[0m[2m=[0mk#addeef94..[1m}[0m[2m:[0m [2msui_core::state_accumulator[0m[2m:[0m [2mcrates/sui-core/src/state_accumulator.rs[0m[2m:[0m[2m675:[0m accumulating running root for checkpoint 604
[2m2025-03-25T07:56:43.688959Z[0m [32m INFO[0m [1mnode[0m[1m{[0m[3mname[0m[2m=[0mk#b3f3cbb4..[1m}[0m[2m:[0m [2msui_core::checkpoints::checkpoint_executor[0m[2m:[0m [2mcrates/sui-core/src/checkpoints/checkpoint_executor/mod.rs[0m[2m:[0m[2m332:[0m Received checkpoint summary from state sync [3msequence_number[0m[2m=[0m574
[2m2025-03-25T07:56:43.689288Z[0m [32m INFO[0m [1mnode[0m[1m{[0m[3mname[0m[2m=[0mk#b3f3cbb4..[1m}[0m[2m:[0m [2msui_core::state_accumulator[0m[2m:[0m [2mcrates/sui-core/src/state_accumulator.rs[0m[2m:[0m[2m675:[0m accumulating running root for checkpoint 543
[2m2025-03-25T07:56:43.689488Z[0m [32m INFO[0m [1mnode[0m[1m{[0m[3mname[0m[2m=[0mk#b3f3cbb4..[1m}[0m[2m:[0m [2msui_core::checkpoints::checkpoint_executor[0m[2m:[0m [2mcrates/sui-core/src/checkpoints/checkpoint_executor/mod.rs[0m[2m:[0m[2m332:[0m Received checkpoint summary from state sync [3msequence_number[0m[2m=[0m575
[2m2025-03-25T07:56:43.704460Z[0m [32m INFO[0m [1mnode[0m[1m{[0m[3mname[0m[2m=[0mk#8dcff6d1..[1m}[0m[2m:[0m [2msui_core::checkpoints[0m[2m:[0m [2mcrates/sui-core/src/checkpoints/mod.rs[0m[2m:[0m[2m1326:[0m Creating checkpoint(s) for 2 transactions [3mnext_checkpoint_seq[0m[2m=[0m605 [3mcheckpoint_timestamp[0m[2m=[0m1742889402860
[2m2025-03-25T07:56:43.704754Z[0m [32m INFO[0m [1mnode[0m[1m{[0m[3mname[0m[2m=[0mk#8dcff6d1..[1m}[0m[2m:[0m [2msui_core::checkpoints::checkpoint_output[0m[2m:[0m [2mcrates/sui-core/src/checkpoints/checkpoint_output.rs[0m[2m:[0m[2m149:[0m Creating checkpoint CheckpointDigest(6o61j9NnvCd48KZmHpBAw2KzE2Wm1ZMzmMn28VoKxoUr) at epoch 1, sequence 605, previous digest Some(CheckpointDigest(AcRnQWCNWXg9dbkQi44jh6rprA1fp72CmD7pCYvcGBwd)), transactions count 2, content digest CheckpointContentsDigest(7aJpUxHWo4aiW373ja6aHvy8WJ6jrtF9x1p3gmsatVyb), end_of_epoch_data None
[2m2025-03-25T07:56:43.731327Z[0m [32m INFO[0m [1mnode[0m[1m{[0m[3mname[0m[2m=[0mk#b3f3cbb4..[1m}[0m[2m:[0m [2msui_core::state_accumulator[0m[2m:[0m [2mcrates/sui-core/src/state_accumulator.rs[0m[2m:[0m[2m675:[0m accumulating running root for checkpoint 544
[2m2025-03-25T07:56:43.731649Z[0m [32m INFO[0m [1mnode[0m[1m{[0m[3mname[0m[2m=[0mk#b3f3cbb4..[1m}[0m[2m:[0m [2msui_core::checkpoints::checkpoint_executor[0m[2m:[0m [2mcrates/sui-core/src/checkpoints/checkpoint_executor/mod.rs[0m[2m:[0m[2m332:[0m Received checkpoint summary from state sync [3msequence_number[0m[2m=[0m576
[2m2025-03-25T07:56:43.731698Z[0m [32m INFO[0m [1mnode[0m[1m{[0m[3mname[0m[2m=[0mk#b3f3cbb4..[1m}[0m[2m:[0m [2msui_core::checkpoints::checkpoint_executor[0m[2m:[0m [2mcrates/sui-core/src/checkpoints/checkpoint_executor/mod.rs[0m[2m:[0m[2m332:[0m Received checkpoint summary from state sync [3msequence_number[0m[2m=[0m577
[2m2025-03-25T07:56:43.818515Z[0m [32m INFO[0m [1mnode[0m[1m{[0m[3mname[0m[2m=[0mk#b3f3cbb4..[1m}[0m[2m:[0m [2msui_core::state_accumulator[0m[2m:[0m [2mcrates/sui-core/src/state_accumulator.rs[0m[2m:[0m[2m675:[0m accumulating running root for checkpoint 545
[2m2025-03-25T07:56:43.818807Z[0m [32m INFO[0m [1mnode[0m[1m{[0m[3mname[0m[2m=[0mk#b3f3cbb4..[1m}[0m[2m:[0m [2msui_core::checkpoints::checkpoint_executor[0m[2m:[0m [2mcrates/sui-core/src/checkpoints/checkpoint_executor/mod.rs[0m[2m:[0m[2m332:[0m Received checkpoint summary from state sync [3msequence_number[0m[2m=[0m578
[2m2025-03-25T07:56:43.874018Z[0m [32m INFO[0m [1mnode[0m[1m{[0m[3mname[0m[2m=[0mk#99f25ef6..[1m}[0m[2m:[0m [2mconsensus_core::core[0m[2m:[0m [2mconsensus/core/src/core.rs[0m[2m:[0m[2m945:[0m Included 2 ancestors & excluded 0 ancestors for proposal in round 406
[2m2025-03-25T07:56:43.874380Z[0m [32m INFO[0m [1mnode[0m[1m{[0m[3mname[0m[2m=[0mk#99f25ef6..[1m}[0m[2m:[0m [2mconsensus_core::core[0m[2m:[0m [2mconsensus/core/src/core.rs[0m[2m:[0m[2m531:[0m Created block B406(B,XutfHlX/ZZPewtBKPCea6dG1qqfqxe9lLjkq37UdDGM=)(1742889403874ms;[B405(B,/uAC2I7ftzSW+HB9zpGOpfcF72cxUGVpTOkwn7t0sg0=), B405(C,W7rLprfPWFA9P33nhhY/Tq7eq6HBdvGASswTYP/a8Gs=)];1t;1c) for round 406
[2m2025-03-25T07:56:43.875952Z[0m [32m INFO[0m [1mnode[0m[1m{[0m[3mname[0m[2m=[0mk#addeef94..[1m}[0m[2m:[0m [2mconsensus_core::core[0m[2m:[0m [2mconsensus/core/src/core.rs[0m[2m:[0m[2m945:[0m Included 2 ancestors & excluded 0 ancestors for proposal in round 406
[2m2025-03-25T07:56:43.876244Z[0m [32m INFO[0m [1mnode[0m[1m{[0m[3mname[0m[2m=[0mk#addeef94..[1m}[0m[2m:[0m [2mconsensus_core::core[0m[2m:[0m [2mconsensus/core/src/core.rs[0m[2m:[0m[2m531:[0m Created block B406(C,K7tdaKru8JTs+m4g6FS7tr+nVr9sv4Io3Os4w5I6Qlk=)(1742889403876ms;[B405(C,W7rLprfPWFA9P33nhhY/Tq7eq6HBdvGASswTYP/a8Gs=), B405(B,/uAC2I7ftzSW+HB9zpGOpfcF72cxUGVpTOkwn7t0sg0=)];1t;1c) for round 406
[2m2025-03-25T07:56:43.876310Z[0m [32m INFO[0m [1mnode[0m[1m{[0m[3mname[0m[2m=[0mk#addeef94..[1m}[0m[2m:[0m [2mconsensus_core::core[0m[2m:[0m [2mconsensus/core/src/core.rs[0m[2m:[0m[2m630:[0m Committing 1 leaders: B404(B,QZiV)
[2m2025-03-25T07:56:43.876376Z[0m [32m INFO[0m [1mnode[0m[1m{[0m[3mname[0m[2m=[0mk#addeef94..[1m}[0m[2m:[0m [2mconsensus_core::commit_observer[0m[2m:[0m [2mconsensus/core/src/commit_observer.rs[0m[2m:[0m[2m173:[0m Consensus commit C393(BZCR) with leader B404(B,QZiV) has 2 blocks
[2m2025-03-25T07:56:43.876688Z[0m [32m INFO[0m [1mnode[0m[1m{[0m[3mname[0m[2m=[0mk#addeef94..[1m}[0m[2m:[0m [2msui_core::consensus_handler[0m[2m:[0m [2mcrates/sui-core/src/consensus_handler.rs[0m[2m:[0m[2m232:[0m Received consensus output [3mconsensus_commit[0m[2m=[0mCommittedSubDag(leader=B404(B,QZiV), ref=C393(BZCR), blocks=[ZZ1y, QZiV]) [3mepoch[0m[2m=[0m1
[2m2025-03-25T07:56:43.878854Z[0m [32m INFO[0m [1mnode[0m[1m{[0m[3mname[0m[2m=[0mk#99f25ef6..[1m}[0m[2m:[0m [2mconsensus_core::core[0m[2m:[0m [2mconsensus/core/src/core.rs[0m[2m:[0m[2m630:[0m Committing 1 leaders: B404(B,QZiV)
[2m2025-03-25T07:56:43.878944Z[0m [32m INFO[0m [1mnode[0m[1m{[0m[3mname[0m[2m=[0mk#99f25ef6..[1m}[0m[2m:[0m [2mconsensus_core::commit_observer[0m[2m:[0m [2mconsensus/core/src/commit_observer.rs[0m[2m:[0m[2m173:[0m Consensus commit C393(BZCR) with leader B404(B,QZiV) has 2 blocks
[2m2025-03-25T07:56:43.879018Z[0m [32m INFO[0m [1mnode[0m[1m{[0m[3mname[0m[2m=[0mk#99f25ef6..[1m}[0m[2m:[0m [2msui_core::consensus_handler[0m[2m:[0m [2mcrates/sui-core/src/consensus_handler.rs[0m[2m:[0m[2m232:[0m Received consensus output [3mconsensus_commit[0m[2m=[0mCommittedSubDag(leader=B404(B,QZiV), ref=C393(BZCR), blocks=[ZZ1y, QZiV]) [3mepoch[0m[2m=[0m1
[2m2025-03-25T07:56:43.879650Z[0m [32m INFO[0m [1mnode[0m[1m{[0m[3mname[0m[2m=[0mk#8dcff6d1..[1m}[0m[2m:[0m [2msui_core::checkpoints::checkpoint_output[0m[2m:[0m [2mcrates/sui-core/src/checkpoints/checkpoint_output.rs[0m[2m:[0m[2m196:[0m Certified checkpoint with sequence 605 and digest 6o61j9NnvCd48KZmHpBAw2KzE2Wm1ZMzmMn28VoKxoUr
[2m2025-03-25T07:56:43.879753Z[0m [32m INFO[0m [1mnode[0m[1m{[0m[3mname[0m[2m=[0mk#8dcff6d1..[1m}[0m[2m:[0m [2mconsensus_core::core[0m[2m:[0m [2mconsensus/core/src/core.rs[0m[2m:[0m[2m630:[0m Committing 1 leaders: B404(B,QZiV)
[2m2025-03-25T07:56:43.879857Z[0m [32m INFO[0m [1mnode[0m[1m{[0m[3mname[0m[2m=[0mk#8dcff6d1..[1m}[0m[2m:[0m [2mconsensus_core::commit_observer[0m[2m:[0m [2mconsensus/core/src/commit_observer.rs[0m[2m:[0m[2m173:[0m Consensus commit C393(BZCR) with leader B404(B,QZiV) has 2 blocks
[2m2025-03-25T07:56:43.880252Z[0m [32m INFO[0m [1mnode[0m[1m{[0m[3mname[0m[2m=[0mk#8dcff6d1..[1m}[0m[2m:[0m [2msui_core::consensus_handler[0m[2m:[0m [2mcrates/sui-core/src/consensus_handler.rs[0m[2m:[0m[2m232:[0m Received consensus output [3mconsensus_commit[0m[2m=[0mCommittedSubDag(leader=B404(B,QZiV), ref=C393(BZCR), blocks=[ZZ1y, QZiV]) [3mepoch[0m[2m=[0m1
[2m2025-03-25T07:56:43.880746Z[0m [32m INFO[0m [1mnode[0m[1m{[0m[3mname[0m[2m=[0mk#8dcff6d1..[1m}[0m[2m:[0m [2msui_core::checkpoints::checkpoint_executor[0m[2m:[0m [2mcrates/sui-core/src/checkpoints/checkpoint_executor/mod.rs[0m[2m:[0m[2m332:[0m Received checkpoint summary from state sync [3msequence_number[0m[2m=[0m605
[2m2025-03-25T07:56:43.894300Z[0m [32m INFO[0m [1mnode[0m[1m{[0m[3mname[0m[2m=[0mk#8dcff6d1..[1m}[0m[2m:[0m [2msui_core::state_accumulator[0m[2m:[0m [2mcrates/sui-core/src/state_accumulator.rs[0m[2m:[0m[2m675:[0m accumulating running root for checkpoint 605
[2m2025-03-25T07:56:43.915001Z[0m [32m INFO[0m [1mnode[0m[1m{[0m[3mname[0m[2m=[0mk#b3f3cbb4..[1m}[0m[2m:[0m [2msui_core::state_accumulator[0m[2m:[0m [2mcrates/sui-core/src/state_accumulator.rs[0m[2m:[0m[2m675:[0m accumulating running root for checkpoint 546
[2m2025-03-25T07:56:43.915336Z[0m [32m INFO[0m [1mnode[0m[1m{[0m[3mname[0m[2m=[0mk#b3f3cbb4..[1m}[0m[2m:[0m [2msui_core::checkpoints::checkpoint_executor[0m[2m:[0m [2mcrates/sui-core/src/checkpoints/checkpoint_executor/mod.rs[0m[2m:[0m[2m332:[0m Received checkpoint summary from state sync [3msequence_number[0m[2m=[0m579
[2m2025-03-25T07:56:43.915380Z[0m [32m INFO[0m [1mnode[0m[1m{[0m[3mname[0m[2m=[0mk#b3f3cbb4..[1m}[0m[2m:[0m [2msui_core::checkpoints::checkpoint_executor[0m[2m:[0m [2mcrates/sui-core/src/checkpoints/checkpoint_executor/mod.rs[0m[2m:[0m[2m332:[0m Received checkpoint summary from state sync [3msequence_number[0m[2m=[0m580
[2m2025-03-25T07:56:43.915421Z[0m [32m INFO[0m [1mnode[0m[1m{[0m[3mname[0m[2m=[0mk#b3f3cbb4..[1m}[0m[2m:[0m [2msui_core::checkpoints::checkpoint_executor[0m[2m:[0m [2mcrates/sui-core/src/checkpoints/checkpoint_executor/mod.rs[0m[2m:[0m[2m332:[0m Received checkpoint summary from state sync [3msequence_number[0m[2m=[0m581
[2m2025-03-25T07:56:43.920905Z[0m [32m INFO[0m [1mnode[0m[1m{[0m[3mname[0m[2m=[0mk#addeef94..[1m}[0m[2m:[0m [2msui_core::checkpoints[0m[2m:[0m [2mcrates/sui-core/src/checkpoints/mod.rs[0m[2m:[0m[2m1326:[0m Creating checkpoint(s) for 1 transactions [3mnext_checkpoint_seq[0m[2m=[0m606 [3mcheckpoint_timestamp[0m[2m=[0m1742889403353
[2m2025-03-25T07:56:43.921121Z[0m [32m INFO[0m [1mnode[0m[1m{[0m[3mname[0m[2m=[0mk#addeef94..[1m}[0m[2m:[0m [2msui_core::checkpoints::checkpoint_output[0m[2m:[0m [2mcrates/sui-core/src/checkpoints/checkpoint_output.rs[0m[2m:[0m[2m149:[0m Creating checkpoint CheckpointDigest(8XRq7SFRigKERxRGPWrhTTANebWm2DEkqcfyb6sw8SSk) at epoch 1, sequence 606, previous digest Some(CheckpointDigest(6o61j9NnvCd48KZmHpBAw2KzE2Wm1ZMzmMn28VoKxoUr)), transactions count 1, content digest CheckpointContentsDigest(5DUKfqwkLMjfHG1k5ED47JsYouFzjAmA1kuTxjmioqHv), end_of_epoch_data None
[2m2025-03-25T07:56:43.923017Z[0m [32m INFO[0m [1mnode[0m[1m{[0m[3mname[0m[2m=[0mk#99f25ef6..[1m}[0m[2m:[0m [2msui_core::checkpoints[0m[2m:[0m [2mcrates/sui-core/src/checkpoints/mod.rs[0m[2m:[0m[2m1326:[0m Creating checkpoint(s) for 1 transactions [3mnext_checkpoint_seq[0m[2m=[0m606 [3mcheckpoint_timestamp[0m[2m=[0m1742889403353
[2m2025-03-25T07:56:43.923196Z[0m [32m INFO[0m [1mnode[0m[1m{[0m[3mname[0m[2m=[0mk#99f25ef6..[1m}[0m[2m:[0m [2msui_core::checkpoints::checkpoint_output[0m[2m:[0m [2mcrates/sui-core/src/checkpoints/checkpoint_output.rs[0m[2m:[0m[2m149:[0m Creating checkpoint CheckpointDigest(8XRq7SFRigKERxRGPWrhTTANebWm2DEkqcfyb6sw8SSk) at epoch 1, sequence 606, previous digest Some(CheckpointDigest(6o61j9NnvCd48KZmHpBAw2KzE2Wm1ZMzmMn28VoKxoUr)), transactions count 1, content digest CheckpointContentsDigest(5DUKfqwkLMjfHG1k5ED47JsYouFzjAmA1kuTxjmioqHv), end_of_epoch_data None
[2m2025-03-25T07:56:43.925522Z[0m [32m INFO[0m [1mnode[0m[1m{[0m[3mname[0m[2m=[0mk#8dcff6d1..[1m}[0m[2m:[0m [2msui_core::checkpoints[0m[2m:[0m [2mcrates/sui-core/src/checkpoints/mod.rs[0m[2m:[0m[2m1326:[0m Creating checkpoint(s) for 1 transactions [3mnext_checkpoint_seq[0m[2m=[0m606 [3mcheckpoint_timestamp[0m[2m=[0m1742889403353
[2m2025-03-25T07:56:43.925694Z[0m [32m INFO[0m [1mnode[0m[1m{[0m[3mname[0m[2m=[0mk#8dcff6d1..[1m}[0m[2m:[0m [2msui_core::checkpoints::checkpoint_output[0m[2m:[0m [2mcrates/sui-core/src/checkpoints/checkpoint_output.rs[0m[2m:[0m[2m149:[0m Creating checkpoint CheckpointDigest(8XRq7SFRigKERxRGPWrhTTANebWm2DEkqcfyb6sw8SSk) at epoch 1, sequence 606, previous digest Some(CheckpointDigest(6o61j9NnvCd48KZmHpBAw2KzE2Wm1ZMzmMn28VoKxoUr)), transactions count 1, content digest CheckpointContentsDigest(5DUKfqwkLMjfHG1k5ED47JsYouFzjAmA1kuTxjmioqHv), end_of_epoch_data None
[2m2025-03-25T07:56:43.988730Z[0m [32m INFO[0m [1mnode[0m[1m{[0m[3mname[0m[2m=[0mk#addeef94..[1m}[0m[2m:[0m [2msui_core::checkpoints::checkpoint_executor[0m[2m:[0m [2mcrates/sui-core/src/checkpoints/checkpoint_executor/mod.rs[0m[2m:[0m[2m332:[0m Received checkpoint summary from state sync [3msequence_number[0m[2m=[0m605
[2m2025-03-25T07:56:43.989433Z[0m [32m INFO[0m [1mnode[0m[1m{[0m[3mname[0m[2m=[0mk#99f25ef6..[1m}[0m[2m:[0m [2msui_core::checkpoints::checkpoint_executor[0m[2m:[0m [2mcrates/sui-core/src/checkpoints/checkpoint_executor/mod.rs[0m[2m:[0m[2m332:[0m Received checkpoint summary from state sync [3msequence_number[0m[2m=[0m604
[2m2025-03-25T07:56:43.989530Z[0m [32m INFO[0m [1mnode[0m[1m{[0m[3mname[0m[2m=[0mk#99f25ef6..[1m}[0m[2m:[0m [2msui_core::checkpoints::checkpoint_executor[0m[2m:[0m [2mcrates/sui-core/src/checkpoints/checkpoint_executor/mod.rs[0m[2m:[0m[2m332:[0m Received checkpoint summary from state sync [3msequence_number[0m[2m=[0m605
[2m2025-03-25T07:56:43.990143Z[0m [32m INFO[0m [1mnode[0m[1m{[0m[3mname[0m[2m=[0mk#addeef94..[1m}[0m[2m:[0m [2msui_core::state_accumulator[0m[2m:[0m [2mcrates/sui-core/src/state_accumulator.rs[0m[2m:[0m[2m675:[0m accumulating running root for checkpoint 605
[2m2025-03-25T07:56:43.990708Z[0m [32m INFO[0m [1mnode[0m[1m{[0m[3mname[0m[2m=[0mk#99f25ef6..[1m}[0m[2m:[0m [2msui_core::state_accumulator[0m[2m:[0m [2mcrates/sui-core/src/state_accumulator.rs[0m[2m:[0m[2m675:[0m accumulating running root for checkpoint 605
[2m2025-03-25T07:56:44.001609Z[0m [32m INFO[0m [1mnode[0m[1m{[0m[3mname[0m[2m=[0mk#b3f3cbb4..[1m}[0m[2m:[0m [2msui_core::checkpoints::checkpoint_executor[0m[2m:[0m [2mcrates/sui-core/src/checkpoints/checkpoint_executor/mod.rs[0m[2m:[0m[2m332:[0m Received checkpoint summary from state sync [3msequence_number[0m[2m=[0m582
[2m2025-03-25T07:56:44.001832Z[0m [32m INFO[0m [1mnode[0m[1m{[0m[3mname[0m[2m=[0mk#b3f3cbb4..[1m}[0m[2m:[0m [2msui_core::checkpoints::checkpoint_executor[0m[2m:[0m [2mcrates/sui-core/src/checkpoints/checkpoint_executor/mod.rs[0m[2m:[0m[2m332:[0m Received checkpoint summary from state sync [3msequence_number[0m[2m=[0m583
[2m2025-03-25T07:56:44.001874Z[0m [32m INFO[0m [1mnode[0m[1m{[0m[3mname[0m[2m=[0mk#b3f3cbb4..[1m}[0m[2m:[0m [2msui_core::checkpoints::checkpoint_executor[0m[2m:[0m [2mcrates/sui-core/src/checkpoints/checkpoint_executor/mod.rs[0m[2m:[0m[2m332:[0m Received checkpoint summary from state sync [3msequence_number[0m[2m=[0m584
[2m2025-03-25T07:56:44.001915Z[0m [32m INFO[0m [1mnode[0m[1m{[0m[3mname[0m[2m=[0mk#b3f3cbb4..[1m}[0m[2m:[0m [2msui_core::checkpoints::checkpoint_executor[0m[2m:[0m [2mcrates/sui-core/src/checkpoints/checkpoint_executor/mod.rs[0m[2m:[0m[2m332:[0m Received checkpoint summary from state sync [3msequence_number[0m[2m=[0m585
[2m2025-03-25T07:56:44.001954Z[0m [32m INFO[0m [1mnode[0m[1m{[0m[3mname[0m[2m=[0mk#b3f3cbb4..[1m}[0m[2m:[0m [2msui_core::checkpoints::checkpoint_executor[0m[2m:[0m [2mcrates/sui-core/src/checkpoints/checkpoint_executor/mod.rs[0m[2m:[0m[2m332:[0m Received checkpoint summary from state sync [3msequence_number[0m[2m=[0m586
[2m2025-03-25T07:56:44.008850Z[0m [31mERROR[0m [1mnode[0m[1m{[0m[3mname[0m[2m=[0mk#b3f3cbb4..[1m}[0m[2m:[0m [2msui_core::transaction_orchestrator[0m[2m:[0m [2mcrates/sui-core/src/transaction_orchestrator.rs[0m[2m:[0m[2m138:[0m [3merror[0m[2m=[0mTransaction has non recoverable errors from at least 1/3 of validators: [(UserInputError { error: ObjectVersionUnavailableForConsumption { provided_obj_ref: (0xd7d7820b1d5a3802a2c50420aa60d9072814fcfac9e333ae55536bce5ecc4924, SequenceNumber(114), o#G6tFPuFyAAWMEecgda16xEPfTgTnxE2mborPfAPjqm3W), current_version: SequenceNumber(341) } }, 6667, [k#99f25ef6.., k#addeef94..])].
[2m2025-03-25T07:56:44.010584Z[0m [32m INFO[0m [1mnode[0m[1m{[0m[3mname[0m[2m=[0mk#b3f3cbb4..[1m}[0m[2m:[0m [2msui_core::state_accumulator[0m[2m:[0m [2mcrates/sui-core/src/state_accumulator.rs[0m[2m:[0m[2m675:[0m accumulating running root for checkpoint 547
[2m2025-03-25T07:56:44.010988Z[0m [32m INFO[0m [1mnode[0m[1m{[0m[3mname[0m[2m=[0mk#b3f3cbb4..[1m}[0m[2m:[0m [2msui_core::checkpoints::checkpoint_executor[0m[2m:[0m [2mcrates/sui-core/src/checkpoints/checkpoint_executor/mod.rs[0m[2m:[0m[2m332:[0m Received checkpoint summary from state sync [3msequence_number[0m[2m=[0m587
[2m2025-03-25T07:56:44.011030Z[0m [32m INFO[0m [1mnode[0m[1m{[0m[3mname[0m[2m=[0mk#b3f3cbb4..[1m}[0m[2m:[0m [2msui_core::checkpoints::checkpoint_executor[0m[2m:[0m [2mcrates/sui-core/src/checkpoints/checkpoint_executor/mod.rs[0m[2m:[0m[2m332:[0m Received checkpoint summary from state sync [3msequence_number[0m[2m=[0m588
[2m2025-03-25T07:56:44.011071Z[0m [32m INFO[0m [1mnode[0m[1m{[0m[3mname[0m[2m=[0mk#b3f3cbb4..[1m}[0m[2m:[0m [2msui_core::checkpoints::checkpoint_executor[0m[2m:[0m [2mcrates/sui-core/src/checkpoints/checkpoint_executor/mod.rs[0m[2m:[0m[2m332:[0m Received checkpoint summary from state sync [3msequence_number[0m[2m=[0m589
[2m2025-03-25T07:56:44.011110Z[0m [32m INFO[0m [1mnode[0m[1m{[0m[3mname[0m[2m=[0mk#b3f3cbb4..[1m}[0m[2m:[0m [2msui_core::checkpoints::checkpoint_executor[0m[2m:[0m [2mcrates/sui-core/src/checkpoints/checkpoint_executor/mod.rs[0m[2m:[0m[2m332:[0m Received checkpoint summary from state sync [3msequence_number[0m[2m=[0m590
[2m2025-03-25T07:56:44.011150Z[0m [32m INFO[0m [1mnode[0m[1m{[0m[3mname[0m[2m=[0mk#b3f3cbb4..[1m}[0m[2m:[0m [2msui_core::checkpoints::checkpoint_executor[0m[2m:[0m [2mcrates/sui-core/src/checkpoints/checkpoint_executor/mod.rs[0m[2m:[0m[2m332:[0m Received checkpoint summary from state sync [3msequence_number[0m[2m=[0m591
[2m2025-03-25T07:56:44.011187Z[0m [32m INFO[0m [1mnode[0m[1m{[0m[3mname[0m[2m=[0mk#b3f3cbb4..[1m}[0m[2m:[0m [2msui_core::checkpoints::checkpoint_executor[0m[2m:[0m [2mcrates/sui-core/src/checkpoints/checkpoint_executor/mod.rs[0m[2m:[0m[2m332:[0m Received checkpoint summary from state sync [3msequence_number[0m[2m=[0m592
[2m2025-03-25T07:56:44.090843Z[0m [31mERROR[0m [1mnode[0m[1m{[0m[3mname[0m[2m=[0mk#b3f3cbb4..[1m}[0m[2m:[0m[1mjson-rpc-request[0m[2m:[0m[1mexecute_transaction_block[0m[1m{[0m[3mtx_bytes[0m[2m=[0mBase64("AAAMAAECAAgAAAAAAAAAAAAhIASpKrNcMERyIJZGlcwE39sm0AfBe/UMF48Z6suYGvyhAAEMABUU+VEOtc+UzfpAe6X8W/L50OGIerAACAQAAAAAAAAAAAgAQHoQ81oAAAABAAEBAAAAAAAAAAAAAAAAAAAAAAAAAAAAAAAAAAAAAAAAAAkBAAAAAAAAAAEBAQAAAAAAAAAAAAAAAAAAAAAAAAAAAAAAAAAAAAAAAAAGAQAAAAAAAAAAAQDX14ILHVo4AqLFBCCqYNkHKBT8+snjM65VU2vOXsxJJHIAAAAAAAAAIOBhJ4oP/L/MeEv6iLQL4aZc4ZWwUnnKxr98iBo4POnhAEMBQR/3UMxhz1pomZXOftVoGFiU7s73Qh59zTatJYlubThQHBB4L0TsLex0BdIGI6p95wO2BYqo8jW+agpgYbfzdJUBAgAAAAAAAAAAAAAAAAAAAAAAAAAAAAAAAAAAAAAAAAAACwdtZXNzYWdlG2NyZWF0ZV90b2tlbl9icmlkZ2VfbWVzc2FnZQAJAQAAAQEAAQIAAQMAAQQAAQUAAQYAAQcAAQcAAAAAAAAAAAAAAAAAAAAAAAAAAAAAAAAAAAAAAAAAAAALBmJyaWRnZRZhcHByb3ZlX3Rva2VuX3RyYW5zZmVyAAMBCAACAAABCwBP9C3ZJhKxTxCTl0FsPl02Ku5l19NFnbG4AWTx+EpZwwEFnFtlPaP2J62Ft5R6FjStMFX4GyQSW32bIxeLAUa/xlUBAAAAAAAAIDZCwiGUBBRO86kq7aAUBrawEt3oQwHtrnMk32sGJ5QjT/Qt2SYSsU8Qk5dBbD5dNiruZdfTRZ2xuAFk8fhKWcNkAAAAAAAAAADh9QUAAAAAAA==") [3msignatures[0m[2m=[0m[Base64("Afgw9XKN/B2RZYa5qvYNLl2juVPUU1PTdQ1UuRDTbhXVHN80fqxmVWOIBVRRKE2tD4R1qoW7biJ73vFlHmruIk0CeAYk1RtwfaqjNexbgIg00P1m8SbZQxvHSl8zs5cplYw=")] [3mopts[0m[2m=[0mSome(SuiTransactionBlockResponseOptions { show_input: false, show_raw_input: false, show_effects: true, show_events: true, show_object_changes: false, show_balance_changes: false, show_raw_effects: false }) [3mrequest_type[0m[2m=[0mNone[1m}[0m[2m:[0m [2msui_json_rpc::transaction_execution_api[0m[2m:[0m [2mcrates/sui-json-rpc/src/transaction_execution_api.rs[0m[2m:[0m[2m334:[0m [3merror[0m[2m=[0mQuorumDriverError(NonRecoverableTransactionError { errors: [(UserInputError { error: ObjectVersionUnavailableForConsumption { provided_obj_ref: (0xd7d7820b1d5a3802a2c50420aa60d9072814fcfac9e333ae55536bce5ecc4924, SequenceNumber(114), o#G6tFPuFyAAWMEecgda16xEPfTgTnxE2mborPfAPjqm3W), current_version: SequenceNumber(341) } }, 6667, [k#99f25ef6.., k#addeef94..])] })
[2m2025-03-25T07:56:44.091241Z[0m [31mERROR[0m [1mhandle_execution_task[0m[1m{[0m[3maction_key[0m[2m=[0mBridgeActionKey(0,2,0) [3mattempt_times[0m[2m=[0m2[1m}[0m[2m:[0m [2msui_bridge::action_executor[0m[2m:[0m [2mcrates/sui-bridge/src/action_executor.rs[0m[2m:[0m[2m551:[0m Sui transaction failed at signing: SuiTxFailureGeneric("RPC call failed: ErrorObject { code: ServerError(-32002), message: \"Transaction validator signing failed due to issues with transaction inputs, please review the errors and try again:\\n- Object BFCd7d7820b1d5a3802a2c50420aa60d9072814fcfac9e333ae55536bce5ecc49245409 SequenceNumber(114) o#G6tFPuFyAAWMEecgda16xEPfTgTnxE2mborPfAPjqm3W is not available for consumption, its current version: SequenceNumber(341).\", data: None }") [3maction_key[0m[2m=[0mBridgeActionKey(0,2,0) [3mtx_digest[0m[2m=[0mTransactionDigest(GDSurpEu2x2PVvpwcUqP5MTXTQ8jWoYdMxzexGq3UM9X)
[2m2025-03-25T07:56:44.091291Z[0m [32m INFO[0m [2msui_bridge::action_executor[0m[2m:[0m [2mcrates/sui-bridge/src/action_executor.rs[0m[2m:[0m[2m560:[0m Spawning future crates/sui-bridge/src/action_executor.rs:560
[2m2025-03-25T07:56:44.092459Z[0m [32m INFO[0m [2msui_bridge::action_executor[0m[2m:[0m [2mcrates/sui-bridge/src/action_executor.rs[0m[2m:[0m[2m579:[0m Re-enqueued certificate for execution
[2m2025-03-25T07:56:44.092467Z[0m [32m INFO[0m [2msui_bridge::action_executor[0m[2m:[0m [2mcrates/sui-bridge/src/action_executor.rs[0m[2m:[0m[2m560:[0m Future crates/sui-bridge/src/action_executor.rs:560 completed
[2m2025-03-25T07:56:44.092504Z[0m [32m INFO[0m [1mhandle_execution_task[0m[1m{[0m[3maction_key[0m[2m=[0mBridgeActionKey(0,2,0) [3mattempt_times[0m[2m=[0m3[1m}[0m[2m:[0m [2msui_bridge::action_executor[0m[2m:[0m [2mcrates/sui-bridge/src/action_executor.rs[0m[2m:[0m[2m481:[0m Received certified action for execution: SuiToEthBridgeAction(SuiToEthBridgeAction { sui_tx_digest: TransactionDigest(JDYZWo7pouDfQMZQ1svXm7rFiHM4Wx8n49TtVZxwEGXL), sui_tx_event_index: 0, sui_bridge_event: EmittedSuiToEthTokenBridgeV1 { nonce: 0, sui_chain_id: SuiCustom, eth_chain_id: EthCustom, sui_address: 0x04a92ab35c30447220964695cc04dfdb26d007c17bf50c178f19eacb981afca1, eth_address: 0xf9510eb5cf94cdfa407ba5fc5bf2f9d0e1887ab0, token_id: 4, amount_sui_adjusted: 100000000000000, tx_hash: [], event_idx: 0 } })
[2m2025-03-25T07:56:44.094148Z[0m [32m INFO[0m [1mnode[0m[1m{[0m[3mname[0m[2m=[0mk#b3f3cbb4..[1m}[0m[2m:[0m [2msui_core::checkpoints::checkpoint_executor[0m[2m:[0m [2mcrates/sui-core/src/checkpoints/checkpoint_executor/mod.rs[0m[2m:[0m[2m332:[0m Received checkpoint summary from state sync [3msequence_number[0m[2m=[0m593
[2m2025-03-25T07:56:44.094299Z[0m [32m INFO[0m [1mnode[0m[1m{[0m[3mname[0m[2m=[0mk#b3f3cbb4..[1m}[0m[2m:[0m [2msui_core::checkpoints::checkpoint_executor[0m[2m:[0m [2mcrates/sui-core/src/checkpoints/checkpoint_executor/mod.rs[0m[2m:[0m[2m332:[0m Received checkpoint summary from state sync [3msequence_number[0m[2m=[0m594
[2m2025-03-25T07:56:44.094339Z[0m [32m INFO[0m [1mnode[0m[1m{[0m[3mname[0m[2m=[0mk#b3f3cbb4..[1m}[0m[2m:[0m [2msui_core::checkpoints::checkpoint_executor[0m[2m:[0m [2mcrates/sui-core/src/checkpoints/checkpoint_executor/mod.rs[0m[2m:[0m[2m332:[0m Received checkpoint summary from state sync [3msequence_number[0m[2m=[0m595
[2m2025-03-25T07:56:44.109217Z[0m [32m INFO[0m [1mnode[0m[1m{[0m[3mname[0m[2m=[0mk#b3f3cbb4..[1m}[0m[2m:[0m [2msui_core::state_accumulator[0m[2m:[0m [2mcrates/sui-core/src/state_accumulator.rs[0m[2m:[0m[2m675:[0m accumulating running root for checkpoint 548
[2m2025-03-25T07:56:44.109540Z[0m [32m INFO[0m [1mnode[0m[1m{[0m[3mname[0m[2m=[0mk#b3f3cbb4..[1m}[0m[2m:[0m [2msui_core::checkpoints::checkpoint_executor[0m[2m:[0m [2mcrates/sui-core/src/checkpoints/checkpoint_executor/mod.rs[0m[2m:[0m[2m332:[0m Received checkpoint summary from state sync [3msequence_number[0m[2m=[0m596
[2m2025-03-25T07:56:44.109584Z[0m [32m INFO[0m [1mnode[0m[1m{[0m[3mname[0m[2m=[0mk#b3f3cbb4..[1m}[0m[2m:[0m [2msui_core::checkpoints::checkpoint_executor[0m[2m:[0m [2mcrates/sui-core/src/checkpoints/checkpoint_executor/mod.rs[0m[2m:[0m[2m332:[0m Received checkpoint summary from state sync [3msequence_number[0m[2m=[0m597
[2m2025-03-25T07:56:44.109625Z[0m [32m INFO[0m [1mnode[0m[1m{[0m[3mname[0m[2m=[0mk#b3f3cbb4..[1m}[0m[2m:[0m [2msui_core::checkpoints::checkpoint_executor[0m[2m:[0m [2mcrates/sui-core/src/checkpoints/checkpoint_executor/mod.rs[0m[2m:[0m[2m332:[0m Received checkpoint summary from state sync [3msequence_number[0m[2m=[0m598
[2m2025-03-25T07:56:44.128509Z[0m [32m INFO[0m [1mnode[0m[1m{[0m[3mname[0m[2m=[0mk#addeef94..[1m}[0m[2m:[0m [2mconsensus_core::core[0m[2m:[0m [2mconsensus/core/src/core.rs[0m[2m:[0m[2m945:[0m Included 3 ancestors & excluded 0 ancestors for proposal in round 407
[2m2025-03-25T07:56:44.128854Z[0m [32m INFO[0m [1mnode[0m[1m{[0m[3mname[0m[2m=[0mk#addeef94..[1m}[0m[2m:[0m [2mconsensus_core::core[0m[2m:[0m [2mconsensus/core/src/core.rs[0m[2m:[0m[2m531:[0m Created block B407(C,44eSRsmAy5FXfRPbjy7o+6jbu3RfSd+NzMIwtTp8SC0=)(1742889404128ms;[B406(C,K7tdaKru8JTs+m4g6FS7tr+nVr9sv4Io3Os4w5I6Qlk=), B406(A,mFQX+kHeGqlfO/UjT6AkYY3nSiQTiUQO3Ua5+0hPDo4=), B406(B,XutfHlX/ZZPewtBKPCea6dG1qqfqxe9lLjkq37UdDGM=)];1t;1c) for round 407
[2m2025-03-25T07:56:44.130670Z[0m [32m INFO[0m [1mnode[0m[1m{[0m[3mname[0m[2m=[0mk#8dcff6d1..[1m}[0m[2m:[0m [2mconsensus_core::core[0m[2m:[0m [2mconsensus/core/src/core.rs[0m[2m:[0m[2m945:[0m Included 3 ancestors & excluded 0 ancestors for proposal in round 407
[2m2025-03-25T07:56:44.130745Z[0m [32m INFO[0m [1mnode[0m[1m{[0m[3mname[0m[2m=[0mk#99f25ef6..[1m}[0m[2m:[0m [2mconsensus_core::core[0m[2m:[0m [2mconsensus/core/src/core.rs[0m[2m:[0m[2m945:[0m Included 3 ancestors & excluded 0 ancestors for proposal in round 407
[2m2025-03-25T07:56:44.130986Z[0m [32m INFO[0m [1mnode[0m[1m{[0m[3mname[0m[2m=[0mk#8dcff6d1..[1m}[0m[2m:[0m [2mconsensus_core::core[0m[2m:[0m [2mconsensus/core/src/core.rs[0m[2m:[0m[2m531:[0m Created block B407(A,TTmLc0AmO43vM+UE0oNrn9GqwIGTxMG7951++D+0DHk=)(1742889404130ms;[B406(A,mFQX+kHeGqlfO/UjT6AkYY3nSiQTiUQO3Ua5+0hPDo4=), B406(B,XutfHlX/ZZPewtBKPCea6dG1qqfqxe9lLjkq37UdDGM=), B406(C,K7tdaKru8JTs+m4g6FS7tr+nVr9sv4Io3Os4w5I6Qlk=)];2t;1c) for round 407
[2m2025-03-25T07:56:44.131028Z[0m [32m INFO[0m [1mnode[0m[1m{[0m[3mname[0m[2m=[0mk#99f25ef6..[1m}[0m[2m:[0m [2mconsensus_core::core[0m[2m:[0m [2mconsensus/core/src/core.rs[0m[2m:[0m[2m531:[0m Created block B407(B,4I4eU6/24047Yt+RnjmgG0ksOcr8jhKc2WXJDn489Oc=)(1742889404130ms;[B406(B,XutfHlX/ZZPewtBKPCea6dG1qqfqxe9lLjkq37UdDGM=), B406(A,mFQX+kHeGqlfO/UjT6AkYY3nSiQTiUQO3Ua5+0hPDo4=), B406(C,K7tdaKru8JTs+m4g6FS7tr+nVr9sv4Io3Os4w5I6Qlk=)];1t;1c) for round 407
[2m2025-03-25T07:56:44.131057Z[0m [32m INFO[0m [1mnode[0m[1m{[0m[3mname[0m[2m=[0mk#8dcff6d1..[1m}[0m[2m:[0m [2mconsensus_core::core[0m[2m:[0m [2mconsensus/core/src/core.rs[0m[2m:[0m[2m630:[0m Committing 1 leaders: B405(C,W7rL)
[2m2025-03-25T07:56:44.131088Z[0m [32m INFO[0m [1mnode[0m[1m{[0m[3mname[0m[2m=[0mk#99f25ef6..[1m}[0m[2m:[0m [2mconsensus_core::core[0m[2m:[0m [2mconsensus/core/src/core.rs[0m[2m:[0m[2m630:[0m Committing 1 leaders: B405(C,W7rL)
[2m2025-03-25T07:56:44.131131Z[0m [32m INFO[0m [1mnode[0m[1m{[0m[3mname[0m[2m=[0mk#8dcff6d1..[1m}[0m[2m:[0m [2mconsensus_core::commit_observer[0m[2m:[0m [2mconsensus/core/src/commit_observer.rs[0m[2m:[0m[2m173:[0m Consensus commit C394(knPs) with leader B405(C,W7rL) has 3 blocks
[2m2025-03-25T07:56:44.131150Z[0m [32m INFO[0m [1mnode[0m[1m{[0m[3mname[0m[2m=[0mk#99f25ef6..[1m}[0m[2m:[0m [2mconsensus_core::commit_observer[0m[2m:[0m [2mconsensus/core/src/commit_observer.rs[0m[2m:[0m[2m173:[0m Consensus commit C394(knPs) with leader B405(C,W7rL) has 3 blocks
[2m2025-03-25T07:56:44.131223Z[0m [32m INFO[0m [1mnode[0m[1m{[0m[3mname[0m[2m=[0mk#99f25ef6..[1m}[0m[2m:[0m [2msui_core::consensus_handler[0m[2m:[0m [2mcrates/sui-core/src/consensus_handler.rs[0m[2m:[0m[2m232:[0m Received consensus output [3mconsensus_commit[0m[2m=[0mCommittedSubDag(leader=B405(C,W7rL), ref=C394(knPs), blocks=[7g71, jv5u, W7rL]) [3mepoch[0m[2m=[0m1
[2m2025-03-25T07:56:44.131223Z[0m [32m INFO[0m [1mnode[0m[1m{[0m[3mname[0m[2m=[0mk#8dcff6d1..[1m}[0m[2m:[0m [2msui_core::consensus_handler[0m[2m:[0m [2mcrates/sui-core/src/consensus_handler.rs[0m[2m:[0m[2m232:[0m Received consensus output [3mconsensus_commit[0m[2m=[0mCommittedSubDag(leader=B405(C,W7rL), ref=C394(knPs), blocks=[7g71, jv5u, W7rL]) [3mepoch[0m[2m=[0m1
[2m2025-03-25T07:56:44.135145Z[0m [32m INFO[0m [1mnode[0m[1m{[0m[3mname[0m[2m=[0mk#addeef94..[1m}[0m[2m:[0m [2mconsensus_core::core[0m[2m:[0m [2mconsensus/core/src/core.rs[0m[2m:[0m[2m630:[0m Committing 1 leaders: B405(C,W7rL)
[2m2025-03-25T07:56:44.135247Z[0m [32m INFO[0m [1mnode[0m[1m{[0m[3mname[0m[2m=[0mk#addeef94..[1m}[0m[2m:[0m [2mconsensus_core::commit_observer[0m[2m:[0m [2mconsensus/core/src/commit_observer.rs[0m[2m:[0m[2m173:[0m Consensus commit C394(knPs) with leader B405(C,W7rL) has 3 blocks
[2m2025-03-25T07:56:44.135378Z[0m [32m INFO[0m [1mnode[0m[1m{[0m[3mname[0m[2m=[0mk#addeef94..[1m}[0m[2m:[0m [2msui_core::consensus_handler[0m[2m:[0m [2mcrates/sui-core/src/consensus_handler.rs[0m[2m:[0m[2m232:[0m Received consensus output [3mconsensus_commit[0m[2m=[0mCommittedSubDag(leader=B405(C,W7rL), ref=C394(knPs), blocks=[7g71, jv5u, W7rL]) [3mepoch[0m[2m=[0m1
[2m2025-03-25T07:56:44.157719Z[0m [32m INFO[0m [1mnode[0m[1m{[0m[3mname[0m[2m=[0mk#8dcff6d1..[1m}[0m[2m:[0m [2msui_core::checkpoints[0m[2m:[0m [2mcrates/sui-core/src/checkpoints/mod.rs[0m[2m:[0m[2m1326:[0m Creating checkpoint(s) for 2 transactions [3mnext_checkpoint_seq[0m[2m=[0m607 [3mcheckpoint_timestamp[0m[2m=[0m1742889403609
[2m2025-03-25T07:56:44.157719Z[0m [32m INFO[0m [1mnode[0m[1m{[0m[3mname[0m[2m=[0mk#99f25ef6..[1m}[0m[2m:[0m [2msui_core::checkpoints[0m[2m:[0m [2mcrates/sui-core/src/checkpoints/mod.rs[0m[2m:[0m[2m1326:[0m Creating checkpoint(s) for 2 transactions [3mnext_checkpoint_seq[0m[2m=[0m607 [3mcheckpoint_timestamp[0m[2m=[0m1742889403609
[2m2025-03-25T07:56:44.158028Z[0m [32m INFO[0m [1mnode[0m[1m{[0m[3mname[0m[2m=[0mk#99f25ef6..[1m}[0m[2m:[0m [2msui_core::checkpoints::checkpoint_output[0m[2m:[0m [2mcrates/sui-core/src/checkpoints/checkpoint_output.rs[0m[2m:[0m[2m149:[0m Creating checkpoint CheckpointDigest(F9VxYmq6Xf6uSAjJo45wjucD9fWszKtWzgccNNcbYkEQ) at epoch 1, sequence 607, previous digest Some(CheckpointDigest(8XRq7SFRigKERxRGPWrhTTANebWm2DEkqcfyb6sw8SSk)), transactions count 2, content digest CheckpointContentsDigest(D58X4BQ63T94UsVJQVoBo1gxQbapy4NG6uFXYt2SWcNr), end_of_epoch_data None
[2m2025-03-25T07:56:44.158028Z[0m [32m INFO[0m [1mnode[0m[1m{[0m[3mname[0m[2m=[0mk#8dcff6d1..[1m}[0m[2m:[0m [2msui_core::checkpoints::checkpoint_output[0m[2m:[0m [2mcrates/sui-core/src/checkpoints/checkpoint_output.rs[0m[2m:[0m[2m149:[0m Creating checkpoint CheckpointDigest(F9VxYmq6Xf6uSAjJo45wjucD9fWszKtWzgccNNcbYkEQ) at epoch 1, sequence 607, previous digest Some(CheckpointDigest(8XRq7SFRigKERxRGPWrhTTANebWm2DEkqcfyb6sw8SSk)), transactions count 2, content digest CheckpointContentsDigest(D58X4BQ63T94UsVJQVoBo1gxQbapy4NG6uFXYt2SWcNr), end_of_epoch_data None
[2m2025-03-25T07:56:44.161169Z[0m [32m INFO[0m [1mnode[0m[1m{[0m[3mname[0m[2m=[0mk#8dcff6d1..[1m}[0m[2m:[0m [2msui_core::checkpoints::checkpoint_output[0m[2m:[0m [2mcrates/sui-core/src/checkpoints/checkpoint_output.rs[0m[2m:[0m[2m196:[0m Certified checkpoint with sequence 606 and digest 8XRq7SFRigKERxRGPWrhTTANebWm2DEkqcfyb6sw8SSk
[2m2025-03-25T07:56:44.161443Z[0m [32m INFO[0m [1mnode[0m[1m{[0m[3mname[0m[2m=[0mk#99f25ef6..[1m}[0m[2m:[0m [2msui_core::checkpoints::checkpoint_output[0m[2m:[0m [2mcrates/sui-core/src/checkpoints/checkpoint_output.rs[0m[2m:[0m[2m196:[0m Certified checkpoint with sequence 606 and digest 8XRq7SFRigKERxRGPWrhTTANebWm2DEkqcfyb6sw8SSk
[2m2025-03-25T07:56:44.161457Z[0m [32m INFO[0m [1mnode[0m[1m{[0m[3mname[0m[2m=[0mk#addeef94..[1m}[0m[2m:[0m [2msui_core::checkpoints[0m[2m:[0m [2mcrates/sui-core/src/checkpoints/mod.rs[0m[2m:[0m[2m1326:[0m Creating checkpoint(s) for 2 transactions [3mnext_checkpoint_seq[0m[2m=[0m607 [3mcheckpoint_timestamp[0m[2m=[0m1742889403609
[2m2025-03-25T07:56:44.161634Z[0m [32m INFO[0m [1mnode[0m[1m{[0m[3mname[0m[2m=[0mk#8dcff6d1..[1m}[0m[2m:[0m [2msui_core::checkpoints::checkpoint_executor[0m[2m:[0m [2mcrates/sui-core/src/checkpoints/checkpoint_executor/mod.rs[0m[2m:[0m[2m332:[0m Received checkpoint summary from state sync [3msequence_number[0m[2m=[0m606
[2m2025-03-25T07:56:44.161713Z[0m [32m INFO[0m [1mnode[0m[1m{[0m[3mname[0m[2m=[0mk#addeef94..[1m}[0m[2m:[0m [2msui_core::checkpoints::checkpoint_output[0m[2m:[0m [2mcrates/sui-core/src/checkpoints/checkpoint_output.rs[0m[2m:[0m[2m149:[0m Creating checkpoint CheckpointDigest(F9VxYmq6Xf6uSAjJo45wjucD9fWszKtWzgccNNcbYkEQ) at epoch 1, sequence 607, previous digest Some(CheckpointDigest(8XRq7SFRigKERxRGPWrhTTANebWm2DEkqcfyb6sw8SSk)), transactions count 2, content digest CheckpointContentsDigest(D58X4BQ63T94UsVJQVoBo1gxQbapy4NG6uFXYt2SWcNr), end_of_epoch_data None
[2m2025-03-25T07:56:44.161824Z[0m [32m INFO[0m [1mnode[0m[1m{[0m[3mname[0m[2m=[0mk#99f25ef6..[1m}[0m[2m:[0m [2msui_core::checkpoints::checkpoint_executor[0m[2m:[0m [2mcrates/sui-core/src/checkpoints/checkpoint_executor/mod.rs[0m[2m:[0m[2m332:[0m Received checkpoint summary from state sync [3msequence_number[0m[2m=[0m606
[2m2025-03-25T07:56:44.162752Z[0m [32m INFO[0m [1mnode[0m[1m{[0m[3mname[0m[2m=[0mk#99f25ef6..[1m}[0m[2m:[0m [2msui_core::state_accumulator[0m[2m:[0m [2mcrates/sui-core/src/state_accumulator.rs[0m[2m:[0m[2m675:[0m accumulating running root for checkpoint 606
[2m2025-03-25T07:56:44.162761Z[0m [32m INFO[0m [1mnode[0m[1m{[0m[3mname[0m[2m=[0mk#8dcff6d1..[1m}[0m[2m:[0m [2msui_core::state_accumulator[0m[2m:[0m [2mcrates/sui-core/src/state_accumulator.rs[0m[2m:[0m[2m675:[0m accumulating running root for checkpoint 606
[2m2025-03-25T07:56:44.164940Z[0m [32m INFO[0m [1mnode[0m[1m{[0m[3mname[0m[2m=[0mk#addeef94..[1m}[0m[2m:[0m [2msui_core::checkpoints::checkpoint_executor[0m[2m:[0m [2mcrates/sui-core/src/checkpoints/checkpoint_executor/mod.rs[0m[2m:[0m[2m332:[0m Received checkpoint summary from state sync [3msequence_number[0m[2m=[0m606
[2m2025-03-25T07:56:44.165651Z[0m [32m INFO[0m [1mnode[0m[1m{[0m[3mname[0m[2m=[0mk#addeef94..[1m}[0m[2m:[0m [2msui_core::state_accumulator[0m[2m:[0m [2mcrates/sui-core/src/state_accumulator.rs[0m[2m:[0m[2m675:[0m accumulating running root for checkpoint 606
[2m2025-03-25T07:56:44.193158Z[0m [32m INFO[0m [1mnode[0m[1m{[0m[3mname[0m[2m=[0mk#b3f3cbb4..[1m}[0m[2m:[0m [2msui_core::checkpoints::checkpoint_executor[0m[2m:[0m [2mcrates/sui-core/src/checkpoints/checkpoint_executor/mod.rs[0m[2m:[0m[2m332:[0m Received checkpoint summary from state sync [3msequence_number[0m[2m=[0m599
[2m2025-03-25T07:56:44.193310Z[0m [32m INFO[0m [1mnode[0m[1m{[0m[3mname[0m[2m=[0mk#b3f3cbb4..[1m}[0m[2m:[0m [2msui_core::checkpoints::checkpoint_executor[0m[2m:[0m [2mcrates/sui-core/src/checkpoints/checkpoint_executor/mod.rs[0m[2m:[0m[2m332:[0m Received checkpoint summary from state sync [3msequence_number[0m[2m=[0m600
[2m2025-03-25T07:56:44.193351Z[0m [32m INFO[0m [1mnode[0m[1m{[0m[3mname[0m[2m=[0mk#b3f3cbb4..[1m}[0m[2m:[0m [2msui_core::checkpoints::checkpoint_executor[0m[2m:[0m [2mcrates/sui-core/src/checkpoints/checkpoint_executor/mod.rs[0m[2m:[0m[2m332:[0m Received checkpoint summary from state sync [3msequence_number[0m[2m=[0m601
[2m2025-03-25T07:56:44.197047Z[0m [32m INFO[0m [1mnode[0m[1m{[0m[3mname[0m[2m=[0mk#b3f3cbb4..[1m}[0m[2m:[0m [2msui_core::checkpoints::checkpoint_executor[0m[2m:[0m [2mcrates/sui-core/src/checkpoints/checkpoint_executor/mod.rs[0m[2m:[0m[2m332:[0m Received checkpoint summary from state sync [3msequence_number[0m[2m=[0m602
[2m2025-03-25T07:56:44.197425Z[0m [32m INFO[0m [1mnode[0m[1m{[0m[3mname[0m[2m=[0mk#b3f3cbb4..[1m}[0m[2m:[0m [2msui_core::state_accumulator[0m[2m:[0m [2mcrates/sui-core/src/state_accumulator.rs[0m[2m:[0m[2m675:[0m accumulating running root for checkpoint 549
[2m2025-03-25T07:56:44.197640Z[0m [32m INFO[0m [1mnode[0m[1m{[0m[3mname[0m[2m=[0mk#b3f3cbb4..[1m}[0m[2m:[0m [2msui_core::checkpoints::checkpoint_executor[0m[2m:[0m [2mcrates/sui-core/src/checkpoints/checkpoint_executor/mod.rs[0m[2m:[0m[2m332:[0m Received checkpoint summary from state sync [3msequence_number[0m[2m=[0m603
[2m2025-03-25T07:56:44.197681Z[0m [32m INFO[0m [1mnode[0m[1m{[0m[3mname[0m[2m=[0mk#b3f3cbb4..[1m}[0m[2m:[0m [2msui_core::checkpoints::checkpoint_executor[0m[2m:[0m [2mcrates/sui-core/src/checkpoints/checkpoint_executor/mod.rs[0m[2m:[0m[2m332:[0m Received checkpoint summary from state sync [3msequence_number[0m[2m=[0m604
[2m2025-03-25T07:56:44.237510Z[0m [32m INFO[0m [1mnode[0m[1m{[0m[3mname[0m[2m=[0mk#addeef94..[1m}[0m[2m:[0m [2mconsensus_core::core[0m[2m:[0m [2mconsensus/core/src/core.rs[0m[2m:[0m[2m694:[0m Received quorum round per authority in ancestor state manager set to: [(407, 407), (407, 407), (407, 407)]
[2m2025-03-25T07:56:44.237521Z[0m [32m INFO[0m [1mnode[0m[1m{[0m[3mname[0m[2m=[0mk#addeef94..[1m}[0m[2m:[0m [2mconsensus_core::core[0m[2m:[0m [2mconsensus/core/src/core.rs[0m[2m:[0m[2m695:[0m Accepted quorum round per authority in ancestor state manager set to: [(407, 407), (407, 407), (407, 407)]
[2m2025-03-25T07:56:44.237528Z[0m [32m INFO[0m [1mnode[0m[1m{[0m[3mname[0m[2m=[0mk#addeef94..[1m}[0m[2m:[0m [2mconsensus_core::core[0m[2m:[0m [2mconsensus/core/src/core.rs[0m[2m:[0m[2m698:[0m Propagation round delay set to: 0
[2m2025-03-25T07:56:44.237914Z[0m [32m INFO[0m [1mnode[0m[1m{[0m[3mname[0m[2m=[0mk#8dcff6d1..[1m}[0m[2m:[0m [2mconsensus_core::core[0m[2m:[0m [2mconsensus/core/src/core.rs[0m[2m:[0m[2m694:[0m Received quorum round per authority in ancestor state manager set to: [(407, 407), (407, 407), (407, 407)]
[2m2025-03-25T07:56:44.237923Z[0m [32m INFO[0m [1mnode[0m[1m{[0m[3mname[0m[2m=[0mk#8dcff6d1..[1m}[0m[2m:[0m [2mconsensus_core::core[0m[2m:[0m [2mconsensus/core/src/core.rs[0m[2m:[0m[2m695:[0m Accepted quorum round per authority in ancestor state manager set to: [(407, 407), (407, 407), (407, 407)]
[2m2025-03-25T07:56:44.237929Z[0m [32m INFO[0m [1mnode[0m[1m{[0m[3mname[0m[2m=[0mk#8dcff6d1..[1m}[0m[2m:[0m [2mconsensus_core::core[0m[2m:[0m [2mconsensus/core/src/core.rs[0m[2m:[0m[2m698:[0m Propagation round delay set to: 0
[2m2025-03-25T07:56:44.240819Z[0m [32m INFO[0m [1mnode[0m[1m{[0m[3mname[0m[2m=[0mk#99f25ef6..[1m}[0m[2m:[0m [2mconsensus_core::core[0m[2m:[0m [2mconsensus/core/src/core.rs[0m[2m:[0m[2m694:[0m Received quorum round per authority in ancestor state manager set to: [(407, 407), (407, 407), (407, 407)]
[2m2025-03-25T07:56:44.240828Z[0m [32m INFO[0m [1mnode[0m[1m{[0m[3mname[0m[2m=[0mk#99f25ef6..[1m}[0m[2m:[0m [2mconsensus_core::core[0m[2m:[0m [2mconsensus/core/src/core.rs[0m[2m:[0m[2m695:[0m Accepted quorum round per authority in ancestor state manager set to: [(407, 407), (407, 407), (407, 407)]
[2m2025-03-25T07:56:44.240835Z[0m [32m INFO[0m [1mnode[0m[1m{[0m[3mname[0m[2m=[0mk#99f25ef6..[1m}[0m[2m:[0m [2mconsensus_core::core[0m[2m:[0m [2mconsensus/core/src/core.rs[0m[2m:[0m[2m698:[0m Propagation round delay set to: 0
[2m2025-03-25T07:56:44.295921Z[0m [32m INFO[0m [1mnode[0m[1m{[0m[3mname[0m[2m=[0mk#b3f3cbb4..[1m}[0m[2m:[0m [2msui_core::state_accumulator[0m[2m:[0m [2mcrates/sui-core/src/state_accumulator.rs[0m[2m:[0m[2m675:[0m accumulating running root for checkpoint 550
[2m2025-03-25T07:56:44.374789Z[0m [32m INFO[0m [1mnode[0m[1m{[0m[3mname[0m[2m=[0mk#b3f3cbb4..[1m}[0m[2m:[0m [2msui_core::state_accumulator[0m[2m:[0m [2mcrates/sui-core/src/state_accumulator.rs[0m[2m:[0m[2m675:[0m accumulating running root for checkpoint 551
[2m2025-03-25T07:56:44.382662Z[0m [32m INFO[0m [1mnode[0m[1m{[0m[3mname[0m[2m=[0mk#8dcff6d1..[1m}[0m[2m:[0m [2mconsensus_core::core[0m[2m:[0m [2mconsensus/core/src/core.rs[0m[2m:[0m[2m945:[0m Included 3 ancestors & excluded 0 ancestors for proposal in round 408
[2m2025-03-25T07:56:44.383068Z[0m [32m INFO[0m [1mnode[0m[1m{[0m[3mname[0m[2m=[0mk#8dcff6d1..[1m}[0m[2m:[0m [2mconsensus_core::core[0m[2m:[0m [2mconsensus/core/src/core.rs[0m[2m:[0m[2m531:[0m Created block B408(A,MQV34Gxtfrg7cCuyZgQ6xScVTJZ+53JssClXYD2X2cI=)(1742889404382ms;[B407(A,TTmLc0AmO43vM+UE0oNrn9GqwIGTxMG7951++D+0DHk=), B407(B,4I4eU6/24047Yt+RnjmgG0ksOcr8jhKc2WXJDn489Oc=), B407(C,44eSRsmAy5FXfRPbjy7o+6jbu3RfSd+NzMIwtTp8SC0=)];1t;1c) for round 408
[2m2025-03-25T07:56:44.384677Z[0m [32m INFO[0m [1mnode[0m[1m{[0m[3mname[0m[2m=[0mk#99f25ef6..[1m}[0m[2m:[0m [2mconsensus_core::core[0m[2m:[0m [2mconsensus/core/src/core.rs[0m[2m:[0m[2m945:[0m Included 3 ancestors & excluded 0 ancestors for proposal in round 408
[2m2025-03-25T07:56:44.384981Z[0m [32m INFO[0m [1mnode[0m[1m{[0m[3mname[0m[2m=[0mk#99f25ef6..[1m}[0m[2m:[0m [2mconsensus_core::core[0m[2m:[0m [2mconsensus/core/src/core.rs[0m[2m:[0m[2m531:[0m Created block B408(B,rx1K63gi8vsVtV3M2lePQ1qhQob2VfTPhY4ujIybbOg=)(1742889404384ms;[B407(B,4I4eU6/24047Yt+RnjmgG0ksOcr8jhKc2WXJDn489Oc=), B407(A,TTmLc0AmO43vM+UE0oNrn9GqwIGTxMG7951++D+0DHk=), B407(C,44eSRsmAy5FXfRPbjy7o+6jbu3RfSd+NzMIwtTp8SC0=)];1t;1c) for round 408
[2m2025-03-25T07:56:44.386788Z[0m [32m INFO[0m [1mnode[0m[1m{[0m[3mname[0m[2m=[0mk#addeef94..[1m}[0m[2m:[0m [2mconsensus_core::core[0m[2m:[0m [2mconsensus/core/src/core.rs[0m[2m:[0m[2m945:[0m Included 3 ancestors & excluded 0 ancestors for proposal in round 408
[2m2025-03-25T07:56:44.387098Z[0m [32m INFO[0m [1mnode[0m[1m{[0m[3mname[0m[2m=[0mk#addeef94..[1m}[0m[2m:[0m [2mconsensus_core::core[0m[2m:[0m [2mconsensus/core/src/core.rs[0m[2m:[0m[2m531:[0m Created block B408(C,DlYWl3457vEbmqg0irQa47VR5GHJF+Toj8JXVguAjHA=)(1742889404386ms;[B407(C,44eSRsmAy5FXfRPbjy7o+6jbu3RfSd+NzMIwtTp8SC0=), B407(A,TTmLc0AmO43vM+UE0oNrn9GqwIGTxMG7951++D+0DHk=), B407(B,4I4eU6/24047Yt+RnjmgG0ksOcr8jhKc2WXJDn489Oc=)];1t;1c) for round 408
[2m2025-03-25T07:56:44.387167Z[0m [32m INFO[0m [1mnode[0m[1m{[0m[3mname[0m[2m=[0mk#addeef94..[1m}[0m[2m:[0m [2mconsensus_core::core[0m[2m:[0m [2mconsensus/core/src/core.rs[0m[2m:[0m[2m630:[0m Committing 1 leaders: B406(B,Xutf)
[2m2025-03-25T07:56:44.387236Z[0m [32m INFO[0m [1mnode[0m[1m{[0m[3mname[0m[2m=[0mk#addeef94..[1m}[0m[2m:[0m [2mconsensus_core::commit_observer[0m[2m:[0m [2mconsensus/core/src/commit_observer.rs[0m[2m:[0m[2m173:[0m Consensus commit C395(vezw) with leader B406(B,Xutf) has 2 blocks
[2m2025-03-25T07:56:44.387312Z[0m [32m INFO[0m [1mnode[0m[1m{[0m[3mname[0m[2m=[0mk#addeef94..[1m}[0m[2m:[0m [2msui_core::consensus_handler[0m[2m:[0m [2mcrates/sui-core/src/consensus_handler.rs[0m[2m:[0m[2m232:[0m Received consensus output [3mconsensus_commit[0m[2m=[0mCommittedSubDag(leader=B406(B,Xutf), ref=C395(vezw), blocks=[/uAC, Xutf]) [3mepoch[0m[2m=[0m1
[2m2025-03-25T07:56:44.390289Z[0m [32m INFO[0m [1mnode[0m[1m{[0m[3mname[0m[2m=[0mk#99f25ef6..[1m}[0m[2m:[0m [2msui_core::checkpoints::checkpoint_output[0m[2m:[0m [2mcrates/sui-core/src/checkpoints/checkpoint_output.rs[0m[2m:[0m[2m196:[0m Certified checkpoint with sequence 607 and digest F9VxYmq6Xf6uSAjJo45wjucD9fWszKtWzgccNNcbYkEQ
[2m2025-03-25T07:56:44.390295Z[0m [32m INFO[0m [1mnode[0m[1m{[0m[3mname[0m[2m=[0mk#8dcff6d1..[1m}[0m[2m:[0m [2msui_core::checkpoints::checkpoint_output[0m[2m:[0m [2mcrates/sui-core/src/checkpoints/checkpoint_output.rs[0m[2m:[0m[2m196:[0m Certified checkpoint with sequence 607 and digest F9VxYmq6Xf6uSAjJo45wjucD9fWszKtWzgccNNcbYkEQ
[2m2025-03-25T07:56:44.390398Z[0m [32m INFO[0m [1mnode[0m[1m{[0m[3mname[0m[2m=[0mk#99f25ef6..[1m}[0m[2m:[0m [2mconsensus_core::core[0m[2m:[0m [2mconsensus/core/src/core.rs[0m[2m:[0m[2m630:[0m Committing 1 leaders: B406(B,Xutf)
[2m2025-03-25T07:56:44.390398Z[0m [32m INFO[0m [1mnode[0m[1m{[0m[3mname[0m[2m=[0mk#8dcff6d1..[1m}[0m[2m:[0m [2mconsensus_core::core[0m[2m:[0m [2mconsensus/core/src/core.rs[0m[2m:[0m[2m630:[0m Committing 1 leaders: B406(B,Xutf)
[2m2025-03-25T07:56:44.390498Z[0m [32m INFO[0m [1mnode[0m[1m{[0m[3mname[0m[2m=[0mk#8dcff6d1..[1m}[0m[2m:[0m [2mconsensus_core::commit_observer[0m[2m:[0m [2mconsensus/core/src/commit_observer.rs[0m[2m:[0m[2m173:[0m Consensus commit C395(vezw) with leader B406(B,Xutf) has 2 blocks
[2m2025-03-25T07:56:44.390499Z[0m [32m INFO[0m [1mnode[0m[1m{[0m[3mname[0m[2m=[0mk#99f25ef6..[1m}[0m[2m:[0m [2mconsensus_core::commit_observer[0m[2m:[0m [2mconsensus/core/src/commit_observer.rs[0m[2m:[0m[2m173:[0m Consensus commit C395(vezw) with leader B406(B,Xutf) has 2 blocks
[2m2025-03-25T07:56:44.390917Z[0m [32m INFO[0m [1mnode[0m[1m{[0m[3mname[0m[2m=[0mk#99f25ef6..[1m}[0m[2m:[0m [2msui_core::consensus_handler[0m[2m:[0m [2mcrates/sui-core/src/consensus_handler.rs[0m[2m:[0m[2m232:[0m Received consensus output [3mconsensus_commit[0m[2m=[0mCommittedSubDag(leader=B406(B,Xutf), ref=C395(vezw), blocks=[/uAC, Xutf]) [3mepoch[0m[2m=[0m1
[2m2025-03-25T07:56:44.390918Z[0m [32m INFO[0m [1mnode[0m[1m{[0m[3mname[0m[2m=[0mk#8dcff6d1..[1m}[0m[2m:[0m [2msui_core::consensus_handler[0m[2m:[0m [2mcrates/sui-core/src/consensus_handler.rs[0m[2m:[0m[2m232:[0m Received consensus output [3mconsensus_commit[0m[2m=[0mCommittedSubDag(leader=B406(B,Xutf), ref=C395(vezw), blocks=[/uAC, Xutf]) [3mepoch[0m[2m=[0m1
[2m2025-03-25T07:56:44.391470Z[0m [32m INFO[0m [1mnode[0m[1m{[0m[3mname[0m[2m=[0mk#99f25ef6..[1m}[0m[2m:[0m [2msui_core::checkpoints::checkpoint_executor[0m[2m:[0m [2mcrates/sui-core/src/checkpoints/checkpoint_executor/mod.rs[0m[2m:[0m[2m332:[0m Received checkpoint summary from state sync [3msequence_number[0m[2m=[0m607
[2m2025-03-25T07:56:44.391470Z[0m [32m INFO[0m [1mnode[0m[1m{[0m[3mname[0m[2m=[0mk#8dcff6d1..[1m}[0m[2m:[0m [2msui_core::checkpoints::checkpoint_executor[0m[2m:[0m [2mcrates/sui-core/src/checkpoints/checkpoint_executor/mod.rs[0m[2m:[0m[2m332:[0m Received checkpoint summary from state sync [3msequence_number[0m[2m=[0m607
[2m2025-03-25T07:56:44.405143Z[0m [32m INFO[0m [1mnode[0m[1m{[0m[3mname[0m[2m=[0mk#8dcff6d1..[1m}[0m[2m:[0m [2msui_core::state_accumulator[0m[2m:[0m [2mcrates/sui-core/src/state_accumulator.rs[0m[2m:[0m[2m675:[0m accumulating running root for checkpoint 607
[2m2025-03-25T07:56:44.405167Z[0m [32m INFO[0m [1mnode[0m[1m{[0m[3mname[0m[2m=[0mk#99f25ef6..[1m}[0m[2m:[0m [2msui_core::state_accumulator[0m[2m:[0m [2mcrates/sui-core/src/state_accumulator.rs[0m[2m:[0m[2m675:[0m accumulating running root for checkpoint 607
[2m2025-03-25T07:56:44.432202Z[0m [32m INFO[0m [1mnode[0m[1m{[0m[3mname[0m[2m=[0mk#addeef94..[1m}[0m[2m:[0m [2msui_core::checkpoints[0m[2m:[0m [2mcrates/sui-core/src/checkpoints/mod.rs[0m[2m:[0m[2m1326:[0m Creating checkpoint(s) for 1 transactions [3mnext_checkpoint_seq[0m[2m=[0m608 [3mcheckpoint_timestamp[0m[2m=[0m1742889403874
[2m2025-03-25T07:56:44.432438Z[0m [32m INFO[0m [1mnode[0m[1m{[0m[3mname[0m[2m=[0mk#addeef94..[1m}[0m[2m:[0m [2msui_core::checkpoints::checkpoint_output[0m[2m:[0m [2mcrates/sui-core/src/checkpoints/checkpoint_output.rs[0m[2m:[0m[2m149:[0m Creating checkpoint CheckpointDigest(3KHdvDG1N3PGpBUWpTbj4BT46vy27evKCC91x2kZeVh4) at epoch 1, sequence 608, previous digest Some(CheckpointDigest(F9VxYmq6Xf6uSAjJo45wjucD9fWszKtWzgccNNcbYkEQ)), transactions count 1, content digest CheckpointContentsDigest(Fy2Tw6iTAX7gDLrBKYVmgTPzbbtfFNZSvw7CBR2ZXkbG), end_of_epoch_data None
[2m2025-03-25T07:56:44.436635Z[0m [32m INFO[0m [1mnode[0m[1m{[0m[3mname[0m[2m=[0mk#8dcff6d1..[1m}[0m[2m:[0m [2msui_core::checkpoints[0m[2m:[0m [2mcrates/sui-core/src/checkpoints/mod.rs[0m[2m:[0m[2m1326:[0m Creating checkpoint(s) for 1 transactions [3mnext_checkpoint_seq[0m[2m=[0m608 [3mcheckpoint_timestamp[0m[2m=[0m1742889403874
[2m2025-03-25T07:56:44.436814Z[0m [32m INFO[0m [1mnode[0m[1m{[0m[3mname[0m[2m=[0mk#8dcff6d1..[1m}[0m[2m:[0m [2msui_core::checkpoints::checkpoint_output[0m[2m:[0m [2mcrates/sui-core/src/checkpoints/checkpoint_output.rs[0m[2m:[0m[2m149:[0m Creating checkpoint CheckpointDigest(3KHdvDG1N3PGpBUWpTbj4BT46vy27evKCC91x2kZeVh4) at epoch 1, sequence 608, previous digest Some(CheckpointDigest(F9VxYmq6Xf6uSAjJo45wjucD9fWszKtWzgccNNcbYkEQ)), transactions count 1, content digest CheckpointContentsDigest(Fy2Tw6iTAX7gDLrBKYVmgTPzbbtfFNZSvw7CBR2ZXkbG), end_of_epoch_data None
[2m2025-03-25T07:56:44.436945Z[0m [32m INFO[0m [1mnode[0m[1m{[0m[3mname[0m[2m=[0mk#99f25ef6..[1m}[0m[2m:[0m [2msui_core::checkpoints[0m[2m:[0m [2mcrates/sui-core/src/checkpoints/mod.rs[0m[2m:[0m[2m1326:[0m Creating checkpoint(s) for 1 transactions [3mnext_checkpoint_seq[0m[2m=[0m608 [3mcheckpoint_timestamp[0m[2m=[0m1742889403874
[2m2025-03-25T07:56:44.437119Z[0m [32m INFO[0m [1mnode[0m[1m{[0m[3mname[0m[2m=[0mk#99f25ef6..[1m}[0m[2m:[0m [2msui_core::checkpoints::checkpoint_output[0m[2m:[0m [2mcrates/sui-core/src/checkpoints/checkpoint_output.rs[0m[2m:[0m[2m149:[0m Creating checkpoint CheckpointDigest(3KHdvDG1N3PGpBUWpTbj4BT46vy27evKCC91x2kZeVh4) at epoch 1, sequence 608, previous digest Some(CheckpointDigest(F9VxYmq6Xf6uSAjJo45wjucD9fWszKtWzgccNNcbYkEQ)), transactions count 1, content digest CheckpointContentsDigest(Fy2Tw6iTAX7gDLrBKYVmgTPzbbtfFNZSvw7CBR2ZXkbG), end_of_epoch_data None
[2m2025-03-25T07:56:44.481702Z[0m [32m INFO[0m [2msui_bridge::sui_bridge_watchdog[0m[2m:[0m [2mcrates/sui-bridge/src/sui_bridge_watchdog/mod.rs[0m[2m:[0m[2m47:[0m Running observable SuiBridgeStatus
[2m2025-03-25T07:56:44.481716Z[0m [32m INFO[0m [2msui_bridge::sui_bridge_watchdog[0m[2m:[0m [2mcrates/sui-bridge/src/sui_bridge_watchdog/mod.rs[0m[2m:[0m[2m47:[0m Running observable EthBridgeStatus
[2m2025-03-25T07:56:44.481835Z[0m [32m INFO[0m [2msui_bridge::sui_bridge_watchdog[0m[2m:[0m [2mcrates/sui-bridge/src/sui_bridge_watchdog/mod.rs[0m[2m:[0m[2m47:[0m Running observable EthereumVaultBalance
[2m2025-03-25T07:56:44.481903Z[0m [32m INFO[0m [2msui_bridge::sui_bridge_watchdog[0m[2m:[0m [2mcrates/sui-bridge/src/sui_bridge_watchdog/mod.rs[0m[2m:[0m[2m47:[0m Running observable EthereumVaultBalance
[2m2025-03-25T07:56:44.482847Z[0m [32m INFO[0m [1mobservable[0m[1m{[0m[3mname[0m[2m=[0m"EthereumVaultBalance"[1m}[0m[2m:[0m [2msui_bridge::sui_bridge_watchdog::eth_vault_balance[0m[2m:[0m [2mcrates/sui-bridge/src/sui_bridge_watchdog/eth_vault_balance.rs[0m[2m:[0m[2m98:[0m WETH Vault Balance: 0
[2m2025-03-25T07:56:44.483067Z[0m [32m INFO[0m [1mobservable[0m[1m{[0m[3mname[0m[2m=[0m"EthBridgeStatus"[1m}[0m[2m:[0m [2msui_bridge::sui_bridge_watchdog::eth_bridge_status[0m[2m:[0m [2mcrates/sui-bridge/src/sui_bridge_watchdog/eth_bridge_status.rs[0m[2m:[0m[2m47:[0m Eth Bridge Status: false
[2m2025-03-25T07:56:44.483073Z[0m [32m INFO[0m [1mobservable[0m[1m{[0m[3mname[0m[2m=[0m"EthereumVaultBalance"[1m}[0m[2m:[0m [2msui_bridge::sui_bridge_watchdog::eth_vault_balance[0m[2m:[0m [2mcrates/sui-bridge/src/sui_bridge_watchdog/eth_vault_balance.rs[0m[2m:[0m[2m98:[0m USDT Vault Balance: 10000000000
[2m2025-03-25T07:56:44.498765Z[0m [32m INFO[0m [1mnode[0m[1m{[0m[3mname[0m[2m=[0mk#addeef94..[1m}[0m[2m:[0m [2msui_core::checkpoints::checkpoint_executor[0m[2m:[0m [2mcrates/sui-core/src/checkpoints/checkpoint_executor/mod.rs[0m[2m:[0m[2m332:[0m Received checkpoint summary from state sync [3msequence_number[0m[2m=[0m607
[2m2025-03-25T07:56:44.500272Z[0m [32m INFO[0m [1mnode[0m[1m{[0m[3mname[0m[2m=[0mk#addeef94..[1m}[0m[2m:[0m [2msui_core::state_accumulator[0m[2m:[0m [2mcrates/sui-core/src/state_accumulator.rs[0m[2m:[0m[2m675:[0m accumulating running root for checkpoint 607
[2m2025-03-25T07:56:44.505513Z[0m [32m INFO[0m [2msui_bridge::eth_syncer[0m[2m:[0m [2mcrates/sui-bridge/src/eth_syncer.rs[0m[2m:[0m[2m120:[0m Observed new finalized eth block: 166
[2m2025-03-25T07:56:44.640678Z[0m [32m INFO[0m [1mnode[0m[1m{[0m[3mname[0m[2m=[0mk#addeef94..[1m}[0m[2m:[0m [2mconsensus_core::core[0m[2m:[0m [2mconsensus/core/src/core.rs[0m[2m:[0m[2m945:[0m Included 3 ancestors & excluded 0 ancestors for proposal in round 409
[2m2025-03-25T07:56:44.641065Z[0m [32m INFO[0m [1mnode[0m[1m{[0m[3mname[0m[2m=[0mk#addeef94..[1m}[0m[2m:[0m [2mconsensus_core::core[0m[2m:[0m [2mconsensus/core/src/core.rs[0m[2m:[0m[2m531:[0m Created block B409(C,dAi/cARqh9UmrsHM9M5DxB146G2IMrOX3aFmpQaoKQY=)(1742889404640ms;[B408(C,DlYWl3457vEbmqg0irQa47VR5GHJF+Toj8JXVguAjHA=), B408(A,MQV34Gxtfrg7cCuyZgQ6xScVTJZ+53JssClXYD2X2cI=), B408(B,rx1K63gi8vsVtV3M2lePQ1qhQob2VfTPhY4ujIybbOg=)];1t;1c) for round 409
[2m2025-03-25T07:56:44.642850Z[0m [32m INFO[0m [1mnode[0m[1m{[0m[3mname[0m[2m=[0mk#8dcff6d1..[1m}[0m[2m:[0m [2mconsensus_core::core[0m[2m:[0m [2mconsensus/core/src/core.rs[0m[2m:[0m[2m945:[0m Included 3 ancestors & excluded 0 ancestors for proposal in round 409
[2m2025-03-25T07:56:44.643140Z[0m [32m INFO[0m [1mnode[0m[1m{[0m[3mname[0m[2m=[0mk#99f25ef6..[1m}[0m[2m:[0m [2mconsensus_core::core[0m[2m:[0m [2mconsensus/core/src/core.rs[0m[2m:[0m[2m945:[0m Included 3 ancestors & excluded 0 ancestors for proposal in round 409
[2m2025-03-25T07:56:44.643140Z[0m [32m INFO[0m [1mnode[0m[1m{[0m[3mname[0m[2m=[0mk#8dcff6d1..[1m}[0m[2m:[0m [2mconsensus_core::core[0m[2m:[0m [2mconsensus/core/src/core.rs[0m[2m:[0m[2m531:[0m Created block B409(A,SInuHOBr8XvNBFuFHMchkI2KD4q8IP4WjMTFyjiy/Mo=)(1742889404643ms;[B408(A,MQV34Gxtfrg7cCuyZgQ6xScVTJZ+53JssClXYD2X2cI=), B408(B,rx1K63gi8vsVtV3M2lePQ1qhQob2VfTPhY4ujIybbOg=), B408(C,DlYWl3457vEbmqg0irQa47VR5GHJF+Toj8JXVguAjHA=)];1t;1c) for round 409
[2m2025-03-25T07:56:44.643292Z[0m [32m INFO[0m [1mnode[0m[1m{[0m[3mname[0m[2m=[0mk#8dcff6d1..[1m}[0m[2m:[0m [2mconsensus_core::core[0m[2m:[0m [2mconsensus/core/src/core.rs[0m[2m:[0m[2m630:[0m Committing 1 leaders: B407(A,TTmL)
[2m2025-03-25T07:56:44.643391Z[0m [32m INFO[0m [1mnode[0m[1m{[0m[3mname[0m[2m=[0mk#8dcff6d1..[1m}[0m[2m:[0m [2mconsensus_core::commit_observer[0m[2m:[0m [2mconsensus/core/src/commit_observer.rs[0m[2m:[0m[2m173:[0m Consensus commit C396(TfR4) with leader B407(A,TTmL) has 3 blocks
[2m2025-03-25T07:56:44.643431Z[0m [32m INFO[0m [1mnode[0m[1m{[0m[3mname[0m[2m=[0mk#99f25ef6..[1m}[0m[2m:[0m [2mconsensus_core::core[0m[2m:[0m [2mconsensus/core/src/core.rs[0m[2m:[0m[2m531:[0m Created block B409(B,xiMLdXqWKAjMi0UErVY7bEIbKiPhNs9+wDvwOFtJuR8=)(1742889404643ms;[B408(B,rx1K63gi8vsVtV3M2lePQ1qhQob2VfTPhY4ujIybbOg=), B408(A,MQV34Gxtfrg7cCuyZgQ6xScVTJZ+53JssClXYD2X2cI=), B408(C,DlYWl3457vEbmqg0irQa47VR5GHJF+Toj8JXVguAjHA=)];1t;1c) for round 409
[2m2025-03-25T07:56:44.643493Z[0m [32m INFO[0m [1mnode[0m[1m{[0m[3mname[0m[2m=[0mk#99f25ef6..[1m}[0m[2m:[0m [2mconsensus_core::core[0m[2m:[0m [2mconsensus/core/src/core.rs[0m[2m:[0m[2m630:[0m Committing 1 leaders: B407(A,TTmL)
[2m2025-03-25T07:56:44.643559Z[0m [32m INFO[0m [1mnode[0m[1m{[0m[3mname[0m[2m=[0mk#99f25ef6..[1m}[0m[2m:[0m [2mconsensus_core::commit_observer[0m[2m:[0m [2mconsensus/core/src/commit_observer.rs[0m[2m:[0m[2m173:[0m Consensus commit C396(TfR4) with leader B407(A,TTmL) has 3 blocks
[2m2025-03-25T07:56:44.643633Z[0m [32m INFO[0m [1mnode[0m[1m{[0m[3mname[0m[2m=[0mk#99f25ef6..[1m}[0m[2m:[0m [2msui_core::consensus_handler[0m[2m:[0m [2mcrates/sui-core/src/consensus_handler.rs[0m[2m:[0m[2m232:[0m Received consensus output [3mconsensus_commit[0m[2m=[0mCommittedSubDag(leader=B407(A,TTmL), ref=C396(TfR4), blocks=[mFQX, K7td, TTmL]) [3mepoch[0m[2m=[0m1
[2m2025-03-25T07:56:44.643633Z[0m [32m INFO[0m [1mnode[0m[1m{[0m[3mname[0m[2m=[0mk#8dcff6d1..[1m}[0m[2m:[0m [2msui_core::consensus_handler[0m[2m:[0m [2mcrates/sui-core/src/consensus_handler.rs[0m[2m:[0m[2m232:[0m Received consensus output [3mconsensus_commit[0m[2m=[0mCommittedSubDag(leader=B407(A,TTmL), ref=C396(TfR4), blocks=[mFQX, K7td, TTmL]) [3mepoch[0m[2m=[0m1
[2m2025-03-25T07:56:44.647493Z[0m [32m INFO[0m [1mnode[0m[1m{[0m[3mname[0m[2m=[0mk#addeef94..[1m}[0m[2m:[0m [2mconsensus_core::core[0m[2m:[0m [2mconsensus/core/src/core.rs[0m[2m:[0m[2m630:[0m Committing 1 leaders: B407(A,TTmL)
[2m2025-03-25T07:56:44.647608Z[0m [32m INFO[0m [1mnode[0m[1m{[0m[3mname[0m[2m=[0mk#addeef94..[1m}[0m[2m:[0m [2mconsensus_core::commit_observer[0m[2m:[0m [2mconsensus/core/src/commit_observer.rs[0m[2m:[0m[2m173:[0m Consensus commit C396(TfR4) with leader B407(A,TTmL) has 3 blocks
[2m2025-03-25T07:56:44.647743Z[0m [32m INFO[0m [1mnode[0m[1m{[0m[3mname[0m[2m=[0mk#addeef94..[1m}[0m[2m:[0m [2msui_core::consensus_handler[0m[2m:[0m [2mcrates/sui-core/src/consensus_handler.rs[0m[2m:[0m[2m232:[0m Received consensus output [3mconsensus_commit[0m[2m=[0mCommittedSubDag(leader=B407(A,TTmL), ref=C396(TfR4), blocks=[mFQX, K7td, TTmL]) [3mepoch[0m[2m=[0m1
[2m2025-03-25T07:56:44.670685Z[0m [32m INFO[0m [1mnode[0m[1m{[0m[3mname[0m[2m=[0mk#8dcff6d1..[1m}[0m[2m:[0m [2msui_core::checkpoints[0m[2m:[0m [2mcrates/sui-core/src/checkpoints/mod.rs[0m[2m:[0m[2m1326:[0m Creating checkpoint(s) for 2 transactions [3mnext_checkpoint_seq[0m[2m=[0m609 [3mcheckpoint_timestamp[0m[2m=[0m1742889404130
[2m2025-03-25T07:56:44.670685Z[0m [32m INFO[0m [1mnode[0m[1m{[0m[3mname[0m[2m=[0mk#99f25ef6..[1m}[0m[2m:[0m [2msui_core::checkpoints[0m[2m:[0m [2mcrates/sui-core/src/checkpoints/mod.rs[0m[2m:[0m[2m1326:[0m Creating checkpoint(s) for 2 transactions [3mnext_checkpoint_seq[0m[2m=[0m609 [3mcheckpoint_timestamp[0m[2m=[0m1742889404130
[2m2025-03-25T07:56:44.671009Z[0m [32m INFO[0m [1mnode[0m[1m{[0m[3mname[0m[2m=[0mk#99f25ef6..[1m}[0m[2m:[0m [2msui_core::checkpoints::checkpoint_output[0m[2m:[0m [2mcrates/sui-core/src/checkpoints/checkpoint_output.rs[0m[2m:[0m[2m149:[0m Creating checkpoint CheckpointDigest(HNjaVVZJ6sbpZ3PqcHxiLB9HobAMsqBh3RZvNwDAuNxM) at epoch 1, sequence 609, previous digest Some(CheckpointDigest(3KHdvDG1N3PGpBUWpTbj4BT46vy27evKCC91x2kZeVh4)), transactions count 2, content digest CheckpointContentsDigest(4CsmrC8j8YVd5wk4EZq8Sykk5WBouuxucz97Eac3MBzP), end_of_epoch_data None
[2m2025-03-25T07:56:44.671009Z[0m [32m INFO[0m [1mnode[0m[1m{[0m[3mname[0m[2m=[0mk#8dcff6d1..[1m}[0m[2m:[0m [2msui_core::checkpoints::checkpoint_output[0m[2m:[0m [2mcrates/sui-core/src/checkpoints/checkpoint_output.rs[0m[2m:[0m[2m149:[0m Creating checkpoint CheckpointDigest(HNjaVVZJ6sbpZ3PqcHxiLB9HobAMsqBh3RZvNwDAuNxM) at epoch 1, sequence 609, previous digest Some(CheckpointDigest(3KHdvDG1N3PGpBUWpTbj4BT46vy27evKCC91x2kZeVh4)), transactions count 2, content digest CheckpointContentsDigest(4CsmrC8j8YVd5wk4EZq8Sykk5WBouuxucz97Eac3MBzP), end_of_epoch_data None
[2m2025-03-25T07:56:44.674035Z[0m [32m INFO[0m [1mnode[0m[1m{[0m[3mname[0m[2m=[0mk#addeef94..[1m}[0m[2m:[0m [2msui_core::checkpoints[0m[2m:[0m [2mcrates/sui-core/src/checkpoints/mod.rs[0m[2m:[0m[2m1326:[0m Creating checkpoint(s) for 2 transactions [3mnext_checkpoint_seq[0m[2m=[0m609 [3mcheckpoint_timestamp[0m[2m=[0m1742889404130
[2m2025-03-25T07:56:44.674184Z[0m [32m INFO[0m [1mnode[0m[1m{[0m[3mname[0m[2m=[0mk#8dcff6d1..[1m}[0m[2m:[0m [2msui_core::checkpoints::checkpoint_output[0m[2m:[0m [2mcrates/sui-core/src/checkpoints/checkpoint_output.rs[0m[2m:[0m[2m196:[0m Certified checkpoint with sequence 608 and digest 3KHdvDG1N3PGpBUWpTbj4BT46vy27evKCC91x2kZeVh4
[2m2025-03-25T07:56:44.674187Z[0m [32m INFO[0m [1mnode[0m[1m{[0m[3mname[0m[2m=[0mk#99f25ef6..[1m}[0m[2m:[0m [2msui_core::checkpoints::checkpoint_output[0m[2m:[0m [2mcrates/sui-core/src/checkpoints/checkpoint_output.rs[0m[2m:[0m[2m196:[0m Certified checkpoint with sequence 608 and digest 3KHdvDG1N3PGpBUWpTbj4BT46vy27evKCC91x2kZeVh4
[2m2025-03-25T07:56:44.674297Z[0m [32m INFO[0m [1mnode[0m[1m{[0m[3mname[0m[2m=[0mk#addeef94..[1m}[0m[2m:[0m [2msui_core::checkpoints::checkpoint_output[0m[2m:[0m [2mcrates/sui-core/src/checkpoints/checkpoint_output.rs[0m[2m:[0m[2m149:[0m Creating checkpoint CheckpointDigest(HNjaVVZJ6sbpZ3PqcHxiLB9HobAMsqBh3RZvNwDAuNxM) at epoch 1, sequence 609, previous digest Some(CheckpointDigest(3KHdvDG1N3PGpBUWpTbj4BT46vy27evKCC91x2kZeVh4)), transactions count 2, content digest CheckpointContentsDigest(4CsmrC8j8YVd5wk4EZq8Sykk5WBouuxucz97Eac3MBzP), end_of_epoch_data None
[2m2025-03-25T07:56:44.674649Z[0m [32m INFO[0m [1mnode[0m[1m{[0m[3mname[0m[2m=[0mk#8dcff6d1..[1m}[0m[2m:[0m [2msui_core::checkpoints::checkpoint_executor[0m[2m:[0m [2mcrates/sui-core/src/checkpoints/checkpoint_executor/mod.rs[0m[2m:[0m[2m332:[0m Received checkpoint summary from state sync [3msequence_number[0m[2m=[0m608
[2m2025-03-25T07:56:44.674649Z[0m [32m INFO[0m [1mnode[0m[1m{[0m[3mname[0m[2m=[0mk#99f25ef6..[1m}[0m[2m:[0m [2msui_core::checkpoints::checkpoint_executor[0m[2m:[0m [2mcrates/sui-core/src/checkpoints/checkpoint_executor/mod.rs[0m[2m:[0m[2m332:[0m Received checkpoint summary from state sync [3msequence_number[0m[2m=[0m608
[2m2025-03-25T07:56:44.675968Z[0m [32m INFO[0m [1mnode[0m[1m{[0m[3mname[0m[2m=[0mk#8dcff6d1..[1m}[0m[2m:[0m [2msui_core::state_accumulator[0m[2m:[0m [2mcrates/sui-core/src/state_accumulator.rs[0m[2m:[0m[2m675:[0m accumulating running root for checkpoint 608
[2m2025-03-25T07:56:44.675964Z[0m [32m INFO[0m [1mnode[0m[1m{[0m[3mname[0m[2m=[0mk#99f25ef6..[1m}[0m[2m:[0m [2msui_core::state_accumulator[0m[2m:[0m [2mcrates/sui-core/src/state_accumulator.rs[0m[2m:[0m[2m675:[0m accumulating running root for checkpoint 608
[2m2025-03-25T07:56:44.678487Z[0m [32m INFO[0m [1mnode[0m[1m{[0m[3mname[0m[2m=[0mk#addeef94..[1m}[0m[2m:[0m [2msui_core::checkpoints::checkpoint_executor[0m[2m:[0m [2mcrates/sui-core/src/checkpoints/checkpoint_executor/mod.rs[0m[2m:[0m[2m332:[0m Received checkpoint summary from state sync [3msequence_number[0m[2m=[0m608
[2m2025-03-25T07:56:44.679256Z[0m [32m INFO[0m [1mnode[0m[1m{[0m[3mname[0m[2m=[0mk#addeef94..[1m}[0m[2m:[0m [2msui_core::state_accumulator[0m[2m:[0m [2mcrates/sui-core/src/state_accumulator.rs[0m[2m:[0m[2m675:[0m accumulating running root for checkpoint 608
[2m2025-03-25T07:56:44.895949Z[0m [32m INFO[0m [1mnode[0m[1m{[0m[3mname[0m[2m=[0mk#8dcff6d1..[1m}[0m[2m:[0m [2mconsensus_core::core[0m[2m:[0m [2mconsensus/core/src/core.rs[0m[2m:[0m[2m945:[0m Included 3 ancestors & excluded 0 ancestors for proposal in round 410
[2m2025-03-25T07:56:44.896289Z[0m [32m INFO[0m [1mnode[0m[1m{[0m[3mname[0m[2m=[0mk#99f25ef6..[1m}[0m[2m:[0m [2mconsensus_core::core[0m[2m:[0m [2mconsensus/core/src/core.rs[0m[2m:[0m[2m945:[0m Included 3 ancestors & excluded 0 ancestors for proposal in round 410
[2m2025-03-25T07:56:44.896325Z[0m [32m INFO[0m [1mnode[0m[1m{[0m[3mname[0m[2m=[0mk#8dcff6d1..[1m}[0m[2m:[0m [2mconsensus_core::core[0m[2m:[0m [2mconsensus/core/src/core.rs[0m[2m:[0m[2m531:[0m Created block B410(A,DAlM7O1b5/3VmANkF2OHpiuzbyiqs+lGtNjn2cKdXS4=)(1742889404896ms;[B409(A,SInuHOBr8XvNBFuFHMchkI2KD4q8IP4WjMTFyjiy/Mo=), B409(B,xiMLdXqWKAjMi0UErVY7bEIbKiPhNs9+wDvwOFtJuR8=), B409(C,dAi/cARqh9UmrsHM9M5DxB146G2IMrOX3aFmpQaoKQY=)];1t;1c) for round 410
[2m2025-03-25T07:56:44.896597Z[0m [32m INFO[0m [1mnode[0m[1m{[0m[3mname[0m[2m=[0mk#99f25ef6..[1m}[0m[2m:[0m [2mconsensus_core::core[0m[2m:[0m [2mconsensus/core/src/core.rs[0m[2m:[0m[2m531:[0m Created block B410(B,QfTFJnojQmtQbkBLikyKhB76RqBC2iH29S6UGYDMwGA=)(1742889404896ms;[B409(B,xiMLdXqWKAjMi0UErVY7bEIbKiPhNs9+wDvwOFtJuR8=), B409(A,SInuHOBr8XvNBFuFHMchkI2KD4q8IP4WjMTFyjiy/Mo=), B409(C,dAi/cARqh9UmrsHM9M5DxB146G2IMrOX3aFmpQaoKQY=)];1t;1c) for round 410
[2m2025-03-25T07:56:44.899679Z[0m [32m INFO[0m [1mnode[0m[1m{[0m[3mname[0m[2m=[0mk#addeef94..[1m}[0m[2m:[0m [2mconsensus_core::core[0m[2m:[0m [2mconsensus/core/src/core.rs[0m[2m:[0m[2m945:[0m Included 3 ancestors & excluded 0 ancestors for proposal in round 410
[2m2025-03-25T07:56:44.899990Z[0m [32m INFO[0m [1mnode[0m[1m{[0m[3mname[0m[2m=[0mk#addeef94..[1m}[0m[2m:[0m [2mconsensus_core::core[0m[2m:[0m [2mconsensus/core/src/core.rs[0m[2m:[0m[2m531:[0m Created block B410(C,4GllmMEtkJr5wUrJvDfcxs/QWOB3KMzRV3Vr2GfQaWs=)(1742889404899ms;[B409(C,dAi/cARqh9UmrsHM9M5DxB146G2IMrOX3aFmpQaoKQY=), B409(A,SInuHOBr8XvNBFuFHMchkI2KD4q8IP4WjMTFyjiy/Mo=), B409(B,xiMLdXqWKAjMi0UErVY7bEIbKiPhNs9+wDvwOFtJuR8=)];1t;1c) for round 410
[2m2025-03-25T07:56:44.900062Z[0m [32m INFO[0m [1mnode[0m[1m{[0m[3mname[0m[2m=[0mk#addeef94..[1m}[0m[2m:[0m [2mconsensus_core::core[0m[2m:[0m [2mconsensus/core/src/core.rs[0m[2m:[0m[2m630:[0m Committing 1 leaders: B408(B,rx1K)
[2m2025-03-25T07:56:44.900137Z[0m [32m INFO[0m [1mnode[0m[1m{[0m[3mname[0m[2m=[0mk#addeef94..[1m}[0m[2m:[0m [2mconsensus_core::commit_observer[0m[2m:[0m [2mconsensus/core/src/commit_observer.rs[0m[2m:[0m[2m173:[0m Consensus commit C397(Skrr) with leader B408(B,rx1K) has 3 blocks
[2m2025-03-25T07:56:44.900237Z[0m [32m INFO[0m [1mnode[0m[1m{[0m[3mname[0m[2m=[0mk#addeef94..[1m}[0m[2m:[0m [2msui_core::consensus_handler[0m[2m:[0m [2mcrates/sui-core/src/consensus_handler.rs[0m[2m:[0m[2m232:[0m Received consensus output [3mconsensus_commit[0m[2m=[0mCommittedSubDag(leader=B408(B,rx1K), ref=C397(Skrr), blocks=[4I4e, 44eS, rx1K]) [3mepoch[0m[2m=[0m1
[2m2025-03-25T07:56:44.903454Z[0m [32m INFO[0m [1mnode[0m[1m{[0m[3mname[0m[2m=[0mk#99f25ef6..[1m}[0m[2m:[0m [2msui_core::checkpoints::checkpoint_output[0m[2m:[0m [2mcrates/sui-core/src/checkpoints/checkpoint_output.rs[0m[2m:[0m[2m196:[0m Certified checkpoint with sequence 609 and digest HNjaVVZJ6sbpZ3PqcHxiLB9HobAMsqBh3RZvNwDAuNxM
[2m2025-03-25T07:56:44.903470Z[0m [32m INFO[0m [1mnode[0m[1m{[0m[3mname[0m[2m=[0mk#8dcff6d1..[1m}[0m[2m:[0m [2msui_core::checkpoints::checkpoint_output[0m[2m:[0m [2mcrates/sui-core/src/checkpoints/checkpoint_output.rs[0m[2m:[0m[2m196:[0m Certified checkpoint with sequence 609 and digest HNjaVVZJ6sbpZ3PqcHxiLB9HobAMsqBh3RZvNwDAuNxM
[2m2025-03-25T07:56:44.903583Z[0m [32m INFO[0m [1mnode[0m[1m{[0m[3mname[0m[2m=[0mk#99f25ef6..[1m}[0m[2m:[0m [2mconsensus_core::core[0m[2m:[0m [2mconsensus/core/src/core.rs[0m[2m:[0m[2m630:[0m Committing 1 leaders: B408(B,rx1K)
[2m2025-03-25T07:56:44.903586Z[0m [32m INFO[0m [1mnode[0m[1m{[0m[3mname[0m[2m=[0mk#8dcff6d1..[1m}[0m[2m:[0m [2mconsensus_core::core[0m[2m:[0m [2mconsensus/core/src/core.rs[0m[2m:[0m[2m630:[0m Committing 1 leaders: B408(B,rx1K)
[2m2025-03-25T07:56:44.903691Z[0m [32m INFO[0m [1mnode[0m[1m{[0m[3mname[0m[2m=[0mk#99f25ef6..[1m}[0m[2m:[0m [2mconsensus_core::commit_observer[0m[2m:[0m [2mconsensus/core/src/commit_observer.rs[0m[2m:[0m[2m173:[0m Consensus commit C397(Skrr) with leader B408(B,rx1K) has 3 blocks
[2m2025-03-25T07:56:44.903695Z[0m [32m INFO[0m [1mnode[0m[1m{[0m[3mname[0m[2m=[0mk#8dcff6d1..[1m}[0m[2m:[0m [2mconsensus_core::commit_observer[0m[2m:[0m [2mconsensus/core/src/commit_observer.rs[0m[2m:[0m[2m173:[0m Consensus commit C397(Skrr) with leader B408(B,rx1K) has 3 blocks
[2m2025-03-25T07:56:44.904162Z[0m [32m INFO[0m [1mnode[0m[1m{[0m[3mname[0m[2m=[0mk#99f25ef6..[1m}[0m[2m:[0m [2msui_core::consensus_handler[0m[2m:[0m [2mcrates/sui-core/src/consensus_handler.rs[0m[2m:[0m[2m232:[0m Received consensus output [3mconsensus_commit[0m[2m=[0mCommittedSubDag(leader=B408(B,rx1K), ref=C397(Skrr), blocks=[4I4e, 44eS, rx1K]) [3mepoch[0m[2m=[0m1
[2m2025-03-25T07:56:44.904162Z[0m [32m INFO[0m [1mnode[0m[1m{[0m[3mname[0m[2m=[0mk#8dcff6d1..[1m}[0m[2m:[0m [2msui_core::consensus_handler[0m[2m:[0m [2mcrates/sui-core/src/consensus_handler.rs[0m[2m:[0m[2m232:[0m Received consensus output [3mconsensus_commit[0m[2m=[0mCommittedSubDag(leader=B408(B,rx1K), ref=C397(Skrr), blocks=[4I4e, 44eS, rx1K]) [3mepoch[0m[2m=[0m1
[2m2025-03-25T07:56:44.904800Z[0m [32m INFO[0m [1mnode[0m[1m{[0m[3mname[0m[2m=[0mk#99f25ef6..[1m}[0m[2m:[0m [2msui_core::checkpoints::checkpoint_executor[0m[2m:[0m [2mcrates/sui-core/src/checkpoints/checkpoint_executor/mod.rs[0m[2m:[0m[2m332:[0m Received checkpoint summary from state sync [3msequence_number[0m[2m=[0m609
[2m2025-03-25T07:56:44.904800Z[0m [32m INFO[0m [1mnode[0m[1m{[0m[3mname[0m[2m=[0mk#8dcff6d1..[1m}[0m[2m:[0m [2msui_core::checkpoints::checkpoint_executor[0m[2m:[0m [2mcrates/sui-core/src/checkpoints/checkpoint_executor/mod.rs[0m[2m:[0m[2m332:[0m Received checkpoint summary from state sync [3msequence_number[0m[2m=[0m609
[2m2025-03-25T07:56:44.918430Z[0m [32m INFO[0m [1mnode[0m[1m{[0m[3mname[0m[2m=[0mk#99f25ef6..[1m}[0m[2m:[0m [2msui_core::state_accumulator[0m[2m:[0m [2mcrates/sui-core/src/state_accumulator.rs[0m[2m:[0m[2m675:[0m accumulating running root for checkpoint 609
[2m2025-03-25T07:56:44.918430Z[0m [32m INFO[0m [1mnode[0m[1m{[0m[3mname[0m[2m=[0mk#8dcff6d1..[1m}[0m[2m:[0m [2msui_core::state_accumulator[0m[2m:[0m [2mcrates/sui-core/src/state_accumulator.rs[0m[2m:[0m[2m675:[0m accumulating running root for checkpoint 609
[2m2025-03-25T07:56:44.920513Z[0m [32m INFO[0m [2msui_bridge::sui_bridge_watchdog[0m[2m:[0m [2mcrates/sui-bridge/src/sui_bridge_watchdog/mod.rs[0m[2m:[0m[2m47:[0m Running observable SuiBridgeStatus
[2m2025-03-25T07:56:44.920513Z[0m [32m INFO[0m [2msui_bridge::sui_bridge_watchdog[0m[2m:[0m [2mcrates/sui-bridge/src/sui_bridge_watchdog/mod.rs[0m[2m:[0m[2m47:[0m Running observable EthBridgeStatus
[2m2025-03-25T07:56:44.920540Z[0m [32m INFO[0m [2msui_bridge::sui_bridge_watchdog[0m[2m:[0m [2mcrates/sui-bridge/src/sui_bridge_watchdog/mod.rs[0m[2m:[0m[2m47:[0m Running observable EthereumVaultBalance
[2m2025-03-25T07:56:44.920655Z[0m [32m INFO[0m [2msui_bridge::sui_bridge_watchdog[0m[2m:[0m [2mcrates/sui-bridge/src/sui_bridge_watchdog/mod.rs[0m[2m:[0m[2m47:[0m Running observable EthereumVaultBalance
[2m2025-03-25T07:56:44.921548Z[0m [32m INFO[0m [1mobservable[0m[1m{[0m[3mname[0m[2m=[0m"EthereumVaultBalance"[1m}[0m[2m:[0m [2msui_bridge::sui_bridge_watchdog::eth_vault_balance[0m[2m:[0m [2mcrates/sui-bridge/src/sui_bridge_watchdog/eth_vault_balance.rs[0m[2m:[0m[2m98:[0m WETH Vault Balance: 0
[2m2025-03-25T07:56:44.921543Z[0m [32m INFO[0m [1mobservable[0m[1m{[0m[3mname[0m[2m=[0m"EthBridgeStatus"[1m}[0m[2m:[0m [2msui_bridge::sui_bridge_watchdog::eth_bridge_status[0m[2m:[0m [2mcrates/sui-bridge/src/sui_bridge_watchdog/eth_bridge_status.rs[0m[2m:[0m[2m47:[0m Eth Bridge Status: false
[2m2025-03-25T07:56:44.921548Z[0m [32m INFO[0m [1mobservable[0m[1m{[0m[3mname[0m[2m=[0m"EthereumVaultBalance"[1m}[0m[2m:[0m [2msui_bridge::sui_bridge_watchdog::eth_vault_balance[0m[2m:[0m [2mcrates/sui-bridge/src/sui_bridge_watchdog/eth_vault_balance.rs[0m[2m:[0m[2m98:[0m USDT Vault Balance: 10000000000
[2m2025-03-25T07:56:44.943519Z[0m [32m INFO[0m [2msui_bridge::sui_bridge_watchdog[0m[2m:[0m [2mcrates/sui-bridge/src/sui_bridge_watchdog/mod.rs[0m[2m:[0m[2m47:[0m Running observable EthereumVaultBalance
[2m2025-03-25T07:56:44.943529Z[0m [32m INFO[0m [2msui_bridge::sui_bridge_watchdog[0m[2m:[0m [2mcrates/sui-bridge/src/sui_bridge_watchdog/mod.rs[0m[2m:[0m[2m47:[0m Running observable EthereumVaultBalance
[2m2025-03-25T07:56:44.943519Z[0m [32m INFO[0m [2msui_bridge::sui_bridge_watchdog[0m[2m:[0m [2mcrates/sui-bridge/src/sui_bridge_watchdog/mod.rs[0m[2m:[0m[2m47:[0m Running observable EthBridgeStatus
[2m2025-03-25T07:56:44.943519Z[0m [32m INFO[0m [2msui_bridge::sui_bridge_watchdog[0m[2m:[0m [2mcrates/sui-bridge/src/sui_bridge_watchdog/mod.rs[0m[2m:[0m[2m47:[0m Running observable SuiBridgeStatus
[2m2025-03-25T07:56:44.944502Z[0m [32m INFO[0m [1mobservable[0m[1m{[0m[3mname[0m[2m=[0m"EthereumVaultBalance"[1m}[0m[2m:[0m [2msui_bridge::sui_bridge_watchdog::eth_vault_balance[0m[2m:[0m [2mcrates/sui-bridge/src/sui_bridge_watchdog/eth_vault_balance.rs[0m[2m:[0m[2m98:[0m WETH Vault Balance: 0
[2m2025-03-25T07:56:44.944496Z[0m [32m INFO[0m [1mobservable[0m[1m{[0m[3mname[0m[2m=[0m"EthBridgeStatus"[1m}[0m[2m:[0m [2msui_bridge::sui_bridge_watchdog::eth_bridge_status[0m[2m:[0m [2mcrates/sui-bridge/src/sui_bridge_watchdog/eth_bridge_status.rs[0m[2m:[0m[2m47:[0m Eth Bridge Status: false
[2m2025-03-25T07:56:44.944502Z[0m [32m INFO[0m [1mobservable[0m[1m{[0m[3mname[0m[2m=[0m"EthereumVaultBalance"[1m}[0m[2m:[0m [2msui_bridge::sui_bridge_watchdog::eth_vault_balance[0m[2m:[0m [2mcrates/sui-bridge/src/sui_bridge_watchdog/eth_vault_balance.rs[0m[2m:[0m[2m98:[0m USDT Vault Balance: 10000000000
[2m2025-03-25T07:56:44.945317Z[0m [32m INFO[0m [1mnode[0m[1m{[0m[3mname[0m[2m=[0mk#addeef94..[1m}[0m[2m:[0m [2msui_core::checkpoints[0m[2m:[0m [2mcrates/sui-core/src/checkpoints/mod.rs[0m[2m:[0m[2m1326:[0m Creating checkpoint(s) for 1 transactions [3mnext_checkpoint_seq[0m[2m=[0m610 [3mcheckpoint_timestamp[0m[2m=[0m1742889404384
[2m2025-03-25T07:56:44.945568Z[0m [32m INFO[0m [1mnode[0m[1m{[0m[3mname[0m[2m=[0mk#addeef94..[1m}[0m[2m:[0m [2msui_core::checkpoints::checkpoint_output[0m[2m:[0m [2mcrates/sui-core/src/checkpoints/checkpoint_output.rs[0m[2m:[0m[2m149:[0m Creating checkpoint CheckpointDigest(8J3nYAr4zgxVsNdfSumujsCqqrpabnBMLeygbgDhA1ER) at epoch 1, sequence 610, previous digest Some(CheckpointDigest(HNjaVVZJ6sbpZ3PqcHxiLB9HobAMsqBh3RZvNwDAuNxM)), transactions count 1, content digest CheckpointContentsDigest(35ZCkgy9hWEY7fYYs5RJ6rF8bbU826snoaAR2Y1X5UBV), end_of_epoch_data None
[2m2025-03-25T07:56:44.950156Z[0m [32m INFO[0m [1mnode[0m[1m{[0m[3mname[0m[2m=[0mk#8dcff6d1..[1m}[0m[2m:[0m [2msui_core::checkpoints[0m[2m:[0m [2mcrates/sui-core/src/checkpoints/mod.rs[0m[2m:[0m[2m1326:[0m Creating checkpoint(s) for 1 transactions [3mnext_checkpoint_seq[0m[2m=[0m610 [3mcheckpoint_timestamp[0m[2m=[0m1742889404384
[2m2025-03-25T07:56:44.950344Z[0m [32m INFO[0m [1mnode[0m[1m{[0m[3mname[0m[2m=[0mk#8dcff6d1..[1m}[0m[2m:[0m [2msui_core::checkpoints::checkpoint_output[0m[2m:[0m [2mcrates/sui-core/src/checkpoints/checkpoint_output.rs[0m[2m:[0m[2m149:[0m Creating checkpoint CheckpointDigest(8J3nYAr4zgxVsNdfSumujsCqqrpabnBMLeygbgDhA1ER) at epoch 1, sequence 610, previous digest Some(CheckpointDigest(HNjaVVZJ6sbpZ3PqcHxiLB9HobAMsqBh3RZvNwDAuNxM)), transactions count 1, content digest CheckpointContentsDigest(35ZCkgy9hWEY7fYYs5RJ6rF8bbU826snoaAR2Y1X5UBV), end_of_epoch_data None
[2m2025-03-25T07:56:44.950367Z[0m [32m INFO[0m [1mnode[0m[1m{[0m[3mname[0m[2m=[0mk#99f25ef6..[1m}[0m[2m:[0m [2msui_core::checkpoints[0m[2m:[0m [2mcrates/sui-core/src/checkpoints/mod.rs[0m[2m:[0m[2m1326:[0m Creating checkpoint(s) for 1 transactions [3mnext_checkpoint_seq[0m[2m=[0m610 [3mcheckpoint_timestamp[0m[2m=[0m1742889404384
[2m2025-03-25T07:56:44.950535Z[0m [32m INFO[0m [1mnode[0m[1m{[0m[3mname[0m[2m=[0mk#99f25ef6..[1m}[0m[2m:[0m [2msui_core::checkpoints::checkpoint_output[0m[2m:[0m [2mcrates/sui-core/src/checkpoints/checkpoint_output.rs[0m[2m:[0m[2m149:[0m Creating checkpoint CheckpointDigest(8J3nYAr4zgxVsNdfSumujsCqqrpabnBMLeygbgDhA1ER) at epoch 1, sequence 610, previous digest Some(CheckpointDigest(HNjaVVZJ6sbpZ3PqcHxiLB9HobAMsqBh3RZvNwDAuNxM)), transactions count 1, content digest CheckpointContentsDigest(35ZCkgy9hWEY7fYYs5RJ6rF8bbU826snoaAR2Y1X5UBV), end_of_epoch_data None
[2m2025-03-25T07:56:45.013721Z[0m [32m INFO[0m [1mnode[0m[1m{[0m[3mname[0m[2m=[0mk#addeef94..[1m}[0m[2m:[0m [2msui_core::checkpoints::checkpoint_executor[0m[2m:[0m [2mcrates/sui-core/src/checkpoints/checkpoint_executor/mod.rs[0m[2m:[0m[2m332:[0m Received checkpoint summary from state sync [3msequence_number[0m[2m=[0m609
[2m2025-03-25T07:56:45.015227Z[0m [32m INFO[0m [1mnode[0m[1m{[0m[3mname[0m[2m=[0mk#addeef94..[1m}[0m[2m:[0m [2msui_core::state_accumulator[0m[2m:[0m [2mcrates/sui-core/src/state_accumulator.rs[0m[2m:[0m[2m675:[0m accumulating running root for checkpoint 609
[2m2025-03-25T07:56:45.152803Z[0m [32m INFO[0m [1mnode[0m[1m{[0m[3mname[0m[2m=[0mk#addeef94..[1m}[0m[2m:[0m [2mconsensus_core::core[0m[2m:[0m [2mconsensus/core/src/core.rs[0m[2m:[0m[2m945:[0m Included 3 ancestors & excluded 0 ancestors for proposal in round 411
[2m2025-03-25T07:56:45.153182Z[0m [32m INFO[0m [1mnode[0m[1m{[0m[3mname[0m[2m=[0mk#addeef94..[1m}[0m[2m:[0m [2mconsensus_core::core[0m[2m:[0m [2mconsensus/core/src/core.rs[0m[2m:[0m[2m531:[0m Created block B411(C,H7Z4eWsVXFWDA13CixHqbYk+JJZqDtV0Q7EbjWSdIZI=)(1742889405153ms;[B410(C,4GllmMEtkJr5wUrJvDfcxs/QWOB3KMzRV3Vr2GfQaWs=), B410(A,DAlM7O1b5/3VmANkF2OHpiuzbyiqs+lGtNjn2cKdXS4=), B410(B,QfTFJnojQmtQbkBLikyKhB76RqBC2iH29S6UGYDMwGA=)];1t;1c) for round 411
[2m2025-03-25T07:56:45.155134Z[0m [32m INFO[0m [1mnode[0m[1m{[0m[3mname[0m[2m=[0mk#8dcff6d1..[1m}[0m[2m:[0m [2mconsensus_core::core[0m[2m:[0m [2mconsensus/core/src/core.rs[0m[2m:[0m[2m945:[0m Included 3 ancestors & excluded 0 ancestors for proposal in round 411
[2m2025-03-25T07:56:45.155139Z[0m [32m INFO[0m [1mnode[0m[1m{[0m[3mname[0m[2m=[0mk#99f25ef6..[1m}[0m[2m:[0m [2mconsensus_core::core[0m[2m:[0m [2mconsensus/core/src/core.rs[0m[2m:[0m[2m945:[0m Included 3 ancestors & excluded 0 ancestors for proposal in round 411
[2m2025-03-25T07:56:45.155449Z[0m [32m INFO[0m [1mnode[0m[1m{[0m[3mname[0m[2m=[0mk#8dcff6d1..[1m}[0m[2m:[0m [2mconsensus_core::core[0m[2m:[0m [2mconsensus/core/src/core.rs[0m[2m:[0m[2m531:[0m Created block B411(A,9jYHp8BW5I7O3rC4XgyzmiUdQ4NqmALv7QSBKDeN+Zc=)(1742889405155ms;[B410(A,DAlM7O1b5/3VmANkF2OHpiuzbyiqs+lGtNjn2cKdXS4=), B410(B,QfTFJnojQmtQbkBLikyKhB76RqBC2iH29S6UGYDMwGA=), B410(C,4GllmMEtkJr5wUrJvDfcxs/QWOB3KMzRV3Vr2GfQaWs=)];1t;1c) for round 411
[2m2025-03-25T07:56:45.155527Z[0m [32m INFO[0m [1mnode[0m[1m{[0m[3mname[0m[2m=[0mk#8dcff6d1..[1m}[0m[2m:[0m [2mconsensus_core::core[0m[2m:[0m [2mconsensus/core/src/core.rs[0m[2m:[0m[2m630:[0m Committing 1 leaders: B409(A,SInu)
[2m2025-03-25T07:56:45.155585Z[0m [32m INFO[0m [1mnode[0m[1m{[0m[3mname[0m[2m=[0mk#99f25ef6..[1m}[0m[2m:[0m [2mconsensus_core::core[0m[2m:[0m [2mconsensus/core/src/core.rs[0m[2m:[0m[2m531:[0m Created block B411(B,6YvuhNc3A6m4quAzVZtseYROP0Jff9cNpi6Jl/ZAusI=)(1742889405155ms;[B410(B,QfTFJnojQmtQbkBLikyKhB76RqBC2iH29S6UGYDMwGA=), B410(A,DAlM7O1b5/3VmANkF2OHpiuzbyiqs+lGtNjn2cKdXS4=), B410(C,4GllmMEtkJr5wUrJvDfcxs/QWOB3KMzRV3Vr2GfQaWs=)];1t;1c) for round 411
[2m2025-03-25T07:56:45.155602Z[0m [32m INFO[0m [1mnode[0m[1m{[0m[3mname[0m[2m=[0mk#8dcff6d1..[1m}[0m[2m:[0m [2mconsensus_core::commit_observer[0m[2m:[0m [2mconsensus/core/src/commit_observer.rs[0m[2m:[0m[2m173:[0m Consensus commit C398(WdHA) with leader B409(A,SInu) has 3 blocks
[2m2025-03-25T07:56:45.155651Z[0m [32m INFO[0m [1mnode[0m[1m{[0m[3mname[0m[2m=[0mk#99f25ef6..[1m}[0m[2m:[0m [2mconsensus_core::core[0m[2m:[0m [2mconsensus/core/src/core.rs[0m[2m:[0m[2m630:[0m Committing 1 leaders: B409(A,SInu)
[2m2025-03-25T07:56:45.155698Z[0m [32m INFO[0m [1mnode[0m[1m{[0m[3mname[0m[2m=[0mk#8dcff6d1..[1m}[0m[2m:[0m [2msui_core::consensus_handler[0m[2m:[0m [2mcrates/sui-core/src/consensus_handler.rs[0m[2m:[0m[2m232:[0m Received consensus output [3mconsensus_commit[0m[2m=[0mCommittedSubDag(leader=B409(A,SInu), ref=C398(WdHA), blocks=[MQV3, DlYW, SInu]) [3mepoch[0m[2m=[0m1
[2m2025-03-25T07:56:45.155715Z[0m [32m INFO[0m [1mnode[0m[1m{[0m[3mname[0m[2m=[0mk#99f25ef6..[1m}[0m[2m:[0m [2mconsensus_core::commit_observer[0m[2m:[0m [2mconsensus/core/src/commit_observer.rs[0m[2m:[0m[2m173:[0m Consensus commit C398(WdHA) with leader B409(A,SInu) has 3 blocks
[2m2025-03-25T07:56:45.155791Z[0m [32m INFO[0m [1mnode[0m[1m{[0m[3mname[0m[2m=[0mk#99f25ef6..[1m}[0m[2m:[0m [2msui_core::consensus_handler[0m[2m:[0m [2mcrates/sui-core/src/consensus_handler.rs[0m[2m:[0m[2m232:[0m Received consensus output [3mconsensus_commit[0m[2m=[0mCommittedSubDag(leader=B409(A,SInu), ref=C398(WdHA), blocks=[MQV3, DlYW, SInu]) [3mepoch[0m[2m=[0m1
[2m2025-03-25T07:56:45.159490Z[0m [32m INFO[0m [1mnode[0m[1m{[0m[3mname[0m[2m=[0mk#addeef94..[1m}[0m[2m:[0m [2mconsensus_core::core[0m[2m:[0m [2mconsensus/core/src/core.rs[0m[2m:[0m[2m630:[0m Committing 1 leaders: B409(A,SInu)
[2m2025-03-25T07:56:45.159597Z[0m [32m INFO[0m [1mnode[0m[1m{[0m[3mname[0m[2m=[0mk#addeef94..[1m}[0m[2m:[0m [2mconsensus_core::commit_observer[0m[2m:[0m [2mconsensus/core/src/commit_observer.rs[0m[2m:[0m[2m173:[0m Consensus commit C398(WdHA) with leader B409(A,SInu) has 3 blocks
[2m2025-03-25T07:56:45.159746Z[0m [32m INFO[0m [1mnode[0m[1m{[0m[3mname[0m[2m=[0mk#addeef94..[1m}[0m[2m:[0m [2msui_core::consensus_handler[0m[2m:[0m [2mcrates/sui-core/src/consensus_handler.rs[0m[2m:[0m[2m232:[0m Received consensus output [3mconsensus_commit[0m[2m=[0mCommittedSubDag(leader=B409(A,SInu), ref=C398(WdHA), blocks=[MQV3, DlYW, SInu]) [3mepoch[0m[2m=[0m1
[2m2025-03-25T07:56:45.182517Z[0m [32m INFO[0m [1mnode[0m[1m{[0m[3mname[0m[2m=[0mk#8dcff6d1..[1m}[0m[2m:[0m [2msui_core::checkpoints[0m[2m:[0m [2mcrates/sui-core/src/checkpoints/mod.rs[0m[2m:[0m[2m1326:[0m Creating checkpoint(s) for 2 transactions [3mnext_checkpoint_seq[0m[2m=[0m611 [3mcheckpoint_timestamp[0m[2m=[0m1742889404643
[2m2025-03-25T07:56:45.182517Z[0m [32m INFO[0m [1mnode[0m[1m{[0m[3mname[0m[2m=[0mk#99f25ef6..[1m}[0m[2m:[0m [2msui_core::checkpoints[0m[2m:[0m [2mcrates/sui-core/src/checkpoints/mod.rs[0m[2m:[0m[2m1326:[0m Creating checkpoint(s) for 2 transactions [3mnext_checkpoint_seq[0m[2m=[0m611 [3mcheckpoint_timestamp[0m[2m=[0m1742889404643
[2m2025-03-25T07:56:45.182841Z[0m [32m INFO[0m [1mnode[0m[1m{[0m[3mname[0m[2m=[0mk#8dcff6d1..[1m}[0m[2m:[0m [2msui_core::checkpoints::checkpoint_output[0m[2m:[0m [2mcrates/sui-core/src/checkpoints/checkpoint_output.rs[0m[2m:[0m[2m149:[0m Creating checkpoint CheckpointDigest(4ZN8qFJ8AXJkwFRdeveme7QDEEBCCDHyPz5ND6NME6Rd) at epoch 1, sequence 611, previous digest Some(CheckpointDigest(8J3nYAr4zgxVsNdfSumujsCqqrpabnBMLeygbgDhA1ER)), transactions count 2, content digest CheckpointContentsDigest(6siwP9GaAF1fAHDLdNBLPdyqgxXgwTCbA2GoF6ZbfKcz), end_of_epoch_data None
[2m2025-03-25T07:56:45.182841Z[0m [32m INFO[0m [1mnode[0m[1m{[0m[3mname[0m[2m=[0mk#99f25ef6..[1m}[0m[2m:[0m [2msui_core::checkpoints::checkpoint_output[0m[2m:[0m [2mcrates/sui-core/src/checkpoints/checkpoint_output.rs[0m[2m:[0m[2m149:[0m Creating checkpoint CheckpointDigest(4ZN8qFJ8AXJkwFRdeveme7QDEEBCCDHyPz5ND6NME6Rd) at epoch 1, sequence 611, previous digest Some(CheckpointDigest(8J3nYAr4zgxVsNdfSumujsCqqrpabnBMLeygbgDhA1ER)), transactions count 2, content digest CheckpointContentsDigest(6siwP9GaAF1fAHDLdNBLPdyqgxXgwTCbA2GoF6ZbfKcz), end_of_epoch_data None
[2m2025-03-25T07:56:45.185989Z[0m [32m INFO[0m [1mnode[0m[1m{[0m[3mname[0m[2m=[0mk#8dcff6d1..[1m}[0m[2m:[0m [2msui_core::checkpoints::checkpoint_output[0m[2m:[0m [2mcrates/sui-core/src/checkpoints/checkpoint_output.rs[0m[2m:[0m[2m196:[0m Certified checkpoint with sequence 610 and digest 8J3nYAr4zgxVsNdfSumujsCqqrpabnBMLeygbgDhA1ER
[2m2025-03-25T07:56:45.185994Z[0m [32m INFO[0m [1mnode[0m[1m{[0m[3mname[0m[2m=[0mk#99f25ef6..[1m}[0m[2m:[0m [2msui_core::checkpoints::checkpoint_output[0m[2m:[0m [2mcrates/sui-core/src/checkpoints/checkpoint_output.rs[0m[2m:[0m[2m196:[0m Certified checkpoint with sequence 610 and digest 8J3nYAr4zgxVsNdfSumujsCqqrpabnBMLeygbgDhA1ER
[2m2025-03-25T07:56:45.186257Z[0m [32m INFO[0m [1mnode[0m[1m{[0m[3mname[0m[2m=[0mk#addeef94..[1m}[0m[2m:[0m [2msui_core::checkpoints[0m[2m:[0m [2mcrates/sui-core/src/checkpoints/mod.rs[0m[2m:[0m[2m1326:[0m Creating checkpoint(s) for 2 transactions [3mnext_checkpoint_seq[0m[2m=[0m611 [3mcheckpoint_timestamp[0m[2m=[0m1742889404643
[2m2025-03-25T07:56:45.186463Z[0m [32m INFO[0m [1mnode[0m[1m{[0m[3mname[0m[2m=[0mk#99f25ef6..[1m}[0m[2m:[0m [2msui_core::checkpoints::checkpoint_executor[0m[2m:[0m [2mcrates/sui-core/src/checkpoints/checkpoint_executor/mod.rs[0m[2m:[0m[2m332:[0m Received checkpoint summary from state sync [3msequence_number[0m[2m=[0m610
[2m2025-03-25T07:56:45.186463Z[0m [32m INFO[0m [1mnode[0m[1m{[0m[3mname[0m[2m=[0mk#8dcff6d1..[1m}[0m[2m:[0m [2msui_core::checkpoints::checkpoint_executor[0m[2m:[0m [2mcrates/sui-core/src/checkpoints/checkpoint_executor/mod.rs[0m[2m:[0m[2m332:[0m Received checkpoint summary from state sync [3msequence_number[0m[2m=[0m610
[2m2025-03-25T07:56:45.186521Z[0m [32m INFO[0m [1mnode[0m[1m{[0m[3mname[0m[2m=[0mk#addeef94..[1m}[0m[2m:[0m [2msui_core::checkpoints::checkpoint_output[0m[2m:[0m [2mcrates/sui-core/src/checkpoints/checkpoint_output.rs[0m[2m:[0m[2m149:[0m Creating checkpoint CheckpointDigest(4ZN8qFJ8AXJkwFRdeveme7QDEEBCCDHyPz5ND6NME6Rd) at epoch 1, sequence 611, previous digest Some(CheckpointDigest(8J3nYAr4zgxVsNdfSumujsCqqrpabnBMLeygbgDhA1ER)), transactions count 2, content digest CheckpointContentsDigest(6siwP9GaAF1fAHDLdNBLPdyqgxXgwTCbA2GoF6ZbfKcz), end_of_epoch_data None
[2m2025-03-25T07:56:45.187677Z[0m [32m INFO[0m [1mnode[0m[1m{[0m[3mname[0m[2m=[0mk#99f25ef6..[1m}[0m[2m:[0m [2msui_core::state_accumulator[0m[2m:[0m [2mcrates/sui-core/src/state_accumulator.rs[0m[2m:[0m[2m675:[0m accumulating running root for checkpoint 610
[2m2025-03-25T07:56:45.187678Z[0m [32m INFO[0m [1mnode[0m[1m{[0m[3mname[0m[2m=[0mk#8dcff6d1..[1m}[0m[2m:[0m [2msui_core::state_accumulator[0m[2m:[0m [2mcrates/sui-core/src/state_accumulator.rs[0m[2m:[0m[2m675:[0m accumulating running root for checkpoint 610
[2m2025-03-25T07:56:45.189856Z[0m [32m INFO[0m [1mnode[0m[1m{[0m[3mname[0m[2m=[0mk#addeef94..[1m}[0m[2m:[0m [2msui_core::checkpoints::checkpoint_executor[0m[2m:[0m [2mcrates/sui-core/src/checkpoints/checkpoint_executor/mod.rs[0m[2m:[0m[2m332:[0m Received checkpoint summary from state sync [3msequence_number[0m[2m=[0m610
[2m2025-03-25T07:56:45.190650Z[0m [32m INFO[0m [1mnode[0m[1m{[0m[3mname[0m[2m=[0mk#addeef94..[1m}[0m[2m:[0m [2msui_core::state_accumulator[0m[2m:[0m [2mcrates/sui-core/src/state_accumulator.rs[0m[2m:[0m[2m675:[0m accumulating running root for checkpoint 610
[2m2025-03-25T07:56:45.305105Z[0m [32m INFO[0m [1mnode[0m[1m{[0m[3mname[0m[2m=[0mk#8dcff6d1..[1m}[0m[2m:[0m [2mconsensus_core::commit_syncer[0m[2m:[0m [2mconsensus/core/src/commit_syncer.rs[0m[2m:[0m[2m196:[0m Checking to schedule fetches: synced_commit_index=398, highest_handled_index=398, highest_scheduled_index=0, quorum_commit_index=397, unhandled_commits_threshold=3200
[2m2025-03-25T07:56:45.327863Z[0m [32m INFO[0m [1mnode[0m[1m{[0m[3mname[0m[2m=[0mk#addeef94..[1m}[0m[2m:[0m [2mconsensus_core::commit_syncer[0m[2m:[0m [2mconsensus/core/src/commit_syncer.rs[0m[2m:[0m[2m196:[0m Checking to schedule fetches: synced_commit_index=398, highest_handled_index=398, highest_scheduled_index=0, quorum_commit_index=0, unhandled_commits_threshold=3200
[2m2025-03-25T07:56:45.331345Z[0m [32m INFO[0m [1mnode[0m[1m{[0m[3mname[0m[2m=[0mk#99f25ef6..[1m}[0m[2m:[0m [2mconsensus_core::commit_syncer[0m[2m:[0m [2mconsensus/core/src/commit_syncer.rs[0m[2m:[0m[2m196:[0m Checking to schedule fetches: synced_commit_index=398, highest_handled_index=398, highest_scheduled_index=0, quorum_commit_index=397, unhandled_commits_threshold=3200
[2m2025-03-25T07:56:45.408664Z[0m [32m INFO[0m [1mnode[0m[1m{[0m[3mname[0m[2m=[0mk#99f25ef6..[1m}[0m[2m:[0m [2mconsensus_core::core[0m[2m:[0m [2mconsensus/core/src/core.rs[0m[2m:[0m[2m945:[0m Included 3 ancestors & excluded 0 ancestors for proposal in round 412
[2m2025-03-25T07:56:45.409098Z[0m [32m INFO[0m [1mnode[0m[1m{[0m[3mname[0m[2m=[0mk#99f25ef6..[1m}[0m[2m:[0m [2mconsensus_core::core[0m[2m:[0m [2mconsensus/core/src/core.rs[0m[2m:[0m[2m531:[0m Created block B412(B,heQtenNzmtNDMaWuEzyLIiVdufz5rwOqvqkrJlKlLLw=)(1742889405408ms;[B411(B,6YvuhNc3A6m4quAzVZtseYROP0Jff9cNpi6Jl/ZAusI=), B411(A,9jYHp8BW5I7O3rC4XgyzmiUdQ4NqmALv7QSBKDeN+Zc=), B411(C,H7Z4eWsVXFWDA13CixHqbYk+JJZqDtV0Q7EbjWSdIZI=)];1t;1c) for round 412
[2m2025-03-25T07:56:45.409455Z[0m [32m INFO[0m [1mnode[0m[1m{[0m[3mname[0m[2m=[0mk#8dcff6d1..[1m}[0m[2m:[0m [2mconsensus_core::core[0m[2m:[0m [2mconsensus/core/src/core.rs[0m[2m:[0m[2m945:[0m Included 3 ancestors & excluded 0 ancestors for proposal in round 412
[2m2025-03-25T07:56:45.409771Z[0m [32m INFO[0m [1mnode[0m[1m{[0m[3mname[0m[2m=[0mk#8dcff6d1..[1m}[0m[2m:[0m [2mconsensus_core::core[0m[2m:[0m [2mconsensus/core/src/core.rs[0m[2m:[0m[2m531:[0m Created block B412(A,tZsUq+VAoA+OQVatLp/u2MqJXKhZ6bhyNwjQZRrsvXc=)(1742889405409ms;[B411(A,9jYHp8BW5I7O3rC4XgyzmiUdQ4NqmALv7QSBKDeN+Zc=), B411(B,6YvuhNc3A6m4quAzVZtseYROP0Jff9cNpi6Jl/ZAusI=), B411(C,H7Z4eWsVXFWDA13CixHqbYk+JJZqDtV0Q7EbjWSdIZI=)];1t;1c) for round 412
[2m2025-03-25T07:56:45.412349Z[0m [32m INFO[0m [1mnode[0m[1m{[0m[3mname[0m[2m=[0mk#addeef94..[1m}[0m[2m:[0m [2mconsensus_core::core[0m[2m:[0m [2mconsensus/core/src/core.rs[0m[2m:[0m[2m945:[0m Included 3 ancestors & excluded 0 ancestors for proposal in round 412
[2m2025-03-25T07:56:45.412655Z[0m [32m INFO[0m [1mnode[0m[1m{[0m[3mname[0m[2m=[0mk#addeef94..[1m}[0m[2m:[0m [2mconsensus_core::core[0m[2m:[0m [2mconsensus/core/src/core.rs[0m[2m:[0m[2m531:[0m Created block B412(C,6FK5QrcqYLE2tiFi9yrZTKecgWf6jsPMqmcR5akKCk4=)(1742889405412ms;[B411(C,H7Z4eWsVXFWDA13CixHqbYk+JJZqDtV0Q7EbjWSdIZI=), B411(A,9jYHp8BW5I7O3rC4XgyzmiUdQ4NqmALv7QSBKDeN+Zc=), B411(B,6YvuhNc3A6m4quAzVZtseYROP0Jff9cNpi6Jl/ZAusI=)];1t;1c) for round 412
[2m2025-03-25T07:56:45.412728Z[0m [32m INFO[0m [1mnode[0m[1m{[0m[3mname[0m[2m=[0mk#addeef94..[1m}[0m[2m:[0m [2mconsensus_core::core[0m[2m:[0m [2mconsensus/core/src/core.rs[0m[2m:[0m[2m630:[0m Committing 1 leaders: B410(B,QfTF)
[2m2025-03-25T07:56:45.412802Z[0m [32m INFO[0m [1mnode[0m[1m{[0m[3mname[0m[2m=[0mk#addeef94..[1m}[0m[2m:[0m [2mconsensus_core::commit_observer[0m[2m:[0m [2mconsensus/core/src/commit_observer.rs[0m[2m:[0m[2m173:[0m Consensus commit C399(uMc5) with leader B410(B,QfTF) has 3 blocks
[2m2025-03-25T07:56:45.413059Z[0m [32m INFO[0m [1mnode[0m[1m{[0m[3mname[0m[2m=[0mk#addeef94..[1m}[0m[2m:[0m [2msui_core::consensus_handler[0m[2m:[0m [2mcrates/sui-core/src/consensus_handler.rs[0m[2m:[0m[2m232:[0m Received consensus output [3mconsensus_commit[0m[2m=[0mCommittedSubDag(leader=B410(B,QfTF), ref=C399(uMc5), blocks=[xiML, dAi/, QfTF]) [3mepoch[0m[2m=[0m1
[2m2025-03-25T07:56:45.416205Z[0m [32m INFO[0m [1mnode[0m[1m{[0m[3mname[0m[2m=[0mk#99f25ef6..[1m}[0m[2m:[0m [2msui_core::checkpoints::checkpoint_output[0m[2m:[0m [2mcrates/sui-core/src/checkpoints/checkpoint_output.rs[0m[2m:[0m[2m196:[0m Certified checkpoint with sequence 611 and digest 4ZN8qFJ8AXJkwFRdeveme7QDEEBCCDHyPz5ND6NME6Rd
[2m2025-03-25T07:56:45.416210Z[0m [32m INFO[0m [1mnode[0m[1m{[0m[3mname[0m[2m=[0mk#8dcff6d1..[1m}[0m[2m:[0m [2msui_core::checkpoints::checkpoint_output[0m[2m:[0m [2mcrates/sui-core/src/checkpoints/checkpoint_output.rs[0m[2m:[0m[2m196:[0m Certified checkpoint with sequence 611 and digest 4ZN8qFJ8AXJkwFRdeveme7QDEEBCCDHyPz5ND6NME6Rd
[2m2025-03-25T07:56:45.416317Z[0m [32m INFO[0m [1mnode[0m[1m{[0m[3mname[0m[2m=[0mk#8dcff6d1..[1m}[0m[2m:[0m [2mconsensus_core::core[0m[2m:[0m [2mconsensus/core/src/core.rs[0m[2m:[0m[2m630:[0m Committing 1 leaders: B410(B,QfTF)
[2m2025-03-25T07:56:45.416317Z[0m [32m INFO[0m [1mnode[0m[1m{[0m[3mname[0m[2m=[0mk#99f25ef6..[1m}[0m[2m:[0m [2mconsensus_core::core[0m[2m:[0m [2mconsensus/core/src/core.rs[0m[2m:[0m[2m630:[0m Committing 1 leaders: B410(B,QfTF)
[2m2025-03-25T07:56:45.416420Z[0m [32m INFO[0m [1mnode[0m[1m{[0m[3mname[0m[2m=[0mk#8dcff6d1..[1m}[0m[2m:[0m [2mconsensus_core::commit_observer[0m[2m:[0m [2mconsensus/core/src/commit_observer.rs[0m[2m:[0m[2m173:[0m Consensus commit C399(uMc5) with leader B410(B,QfTF) has 3 blocks
[2m2025-03-25T07:56:45.416424Z[0m [32m INFO[0m [1mnode[0m[1m{[0m[3mname[0m[2m=[0mk#99f25ef6..[1m}[0m[2m:[0m [2mconsensus_core::commit_observer[0m[2m:[0m [2mconsensus/core/src/commit_observer.rs[0m[2m:[0m[2m173:[0m Consensus commit C399(uMc5) with leader B410(B,QfTF) has 3 blocks
[2m2025-03-25T07:56:45.416855Z[0m [32m INFO[0m [1mnode[0m[1m{[0m[3mname[0m[2m=[0mk#99f25ef6..[1m}[0m[2m:[0m [2msui_core::consensus_handler[0m[2m:[0m [2mcrates/sui-core/src/consensus_handler.rs[0m[2m:[0m[2m232:[0m Received consensus output [3mconsensus_commit[0m[2m=[0mCommittedSubDag(leader=B410(B,QfTF), ref=C399(uMc5), blocks=[xiML, dAi/, QfTF]) [3mepoch[0m[2m=[0m1
[2m2025-03-25T07:56:45.416855Z[0m [32m INFO[0m [1mnode[0m[1m{[0m[3mname[0m[2m=[0mk#8dcff6d1..[1m}[0m[2m:[0m [2msui_core::consensus_handler[0m[2m:[0m [2mcrates/sui-core/src/consensus_handler.rs[0m[2m:[0m[2m232:[0m Received consensus output [3mconsensus_commit[0m[2m=[0mCommittedSubDag(leader=B410(B,QfTF), ref=C399(uMc5), blocks=[xiML, dAi/, QfTF]) [3mepoch[0m[2m=[0m1
[2m2025-03-25T07:56:45.417468Z[0m [32m INFO[0m [1mnode[0m[1m{[0m[3mname[0m[2m=[0mk#99f25ef6..[1m}[0m[2m:[0m [2msui_core::checkpoints::checkpoint_executor[0m[2m:[0m [2mcrates/sui-core/src/checkpoints/checkpoint_executor/mod.rs[0m[2m:[0m[2m332:[0m Received checkpoint summary from state sync [3msequence_number[0m[2m=[0m611
[2m2025-03-25T07:56:45.417468Z[0m [32m INFO[0m [1mnode[0m[1m{[0m[3mname[0m[2m=[0mk#8dcff6d1..[1m}[0m[2m:[0m [2msui_core::checkpoints::checkpoint_executor[0m[2m:[0m [2mcrates/sui-core/src/checkpoints/checkpoint_executor/mod.rs[0m[2m:[0m[2m332:[0m Received checkpoint summary from state sync [3msequence_number[0m[2m=[0m611
[2m2025-03-25T07:56:45.430968Z[0m [32m INFO[0m [1mnode[0m[1m{[0m[3mname[0m[2m=[0mk#99f25ef6..[1m}[0m[2m:[0m [2msui_core::state_accumulator[0m[2m:[0m [2mcrates/sui-core/src/state_accumulator.rs[0m[2m:[0m[2m675:[0m accumulating running root for checkpoint 611
[2m2025-03-25T07:56:45.430974Z[0m [32m INFO[0m [1mnode[0m[1m{[0m[3mname[0m[2m=[0mk#8dcff6d1..[1m}[0m[2m:[0m [2msui_core::state_accumulator[0m[2m:[0m [2mcrates/sui-core/src/state_accumulator.rs[0m[2m:[0m[2m675:[0m accumulating running root for checkpoint 611
[2m2025-03-25T07:56:45.457204Z[0m [32m INFO[0m [1mnode[0m[1m{[0m[3mname[0m[2m=[0mk#addeef94..[1m}[0m[2m:[0m [2msui_core::checkpoints[0m[2m:[0m [2mcrates/sui-core/src/checkpoints/mod.rs[0m[2m:[0m[2m1326:[0m Creating checkpoint(s) for 1 transactions [3mnext_checkpoint_seq[0m[2m=[0m612 [3mcheckpoint_timestamp[0m[2m=[0m1742889404896
[2m2025-03-25T07:56:45.457436Z[0m [32m INFO[0m [1mnode[0m[1m{[0m[3mname[0m[2m=[0mk#addeef94..[1m}[0m[2m:[0m [2msui_core::checkpoints::checkpoint_output[0m[2m:[0m [2mcrates/sui-core/src/checkpoints/checkpoint_output.rs[0m[2m:[0m[2m149:[0m Creating checkpoint CheckpointDigest(Fx6LEWPuKTAPfWdnhCZcapWaPyN3vtbS9NxKAzRmufMz) at epoch 1, sequence 612, previous digest Some(CheckpointDigest(4ZN8qFJ8AXJkwFRdeveme7QDEEBCCDHyPz5ND6NME6Rd)), transactions count 1, content digest CheckpointContentsDigest(AGfYaBsT6JQAw64CCfZujY3yW6eWPyaBwSjGWxKsD3nX), end_of_epoch_data None
[2m2025-03-25T07:56:45.461735Z[0m [32m INFO[0m [1mnode[0m[1m{[0m[3mname[0m[2m=[0mk#8dcff6d1..[1m}[0m[2m:[0m [2msui_core::checkpoints[0m[2m:[0m [2mcrates/sui-core/src/checkpoints/mod.rs[0m[2m:[0m[2m1326:[0m Creating checkpoint(s) for 1 transactions [3mnext_checkpoint_seq[0m[2m=[0m612 [3mcheckpoint_timestamp[0m[2m=[0m1742889404896
[2m2025-03-25T07:56:45.461910Z[0m [32m INFO[0m [1mnode[0m[1m{[0m[3mname[0m[2m=[0mk#8dcff6d1..[1m}[0m[2m:[0m [2msui_core::checkpoints::checkpoint_output[0m[2m:[0m [2mcrates/sui-core/src/checkpoints/checkpoint_output.rs[0m[2m:[0m[2m149:[0m Creating checkpoint CheckpointDigest(Fx6LEWPuKTAPfWdnhCZcapWaPyN3vtbS9NxKAzRmufMz) at epoch 1, sequence 612, previous digest Some(CheckpointDigest(4ZN8qFJ8AXJkwFRdeveme7QDEEBCCDHyPz5ND6NME6Rd)), transactions count 1, content digest CheckpointContentsDigest(AGfYaBsT6JQAw64CCfZujY3yW6eWPyaBwSjGWxKsD3nX), end_of_epoch_data None
[2m2025-03-25T07:56:45.461993Z[0m [32m INFO[0m [1mnode[0m[1m{[0m[3mname[0m[2m=[0mk#99f25ef6..[1m}[0m[2m:[0m [2msui_core::checkpoints[0m[2m:[0m [2mcrates/sui-core/src/checkpoints/mod.rs[0m[2m:[0m[2m1326:[0m Creating checkpoint(s) for 1 transactions [3mnext_checkpoint_seq[0m[2m=[0m612 [3mcheckpoint_timestamp[0m[2m=[0m1742889404896
[2m2025-03-25T07:56:45.462165Z[0m [32m INFO[0m [1mnode[0m[1m{[0m[3mname[0m[2m=[0mk#99f25ef6..[1m}[0m[2m:[0m [2msui_core::checkpoints::checkpoint_output[0m[2m:[0m [2mcrates/sui-core/src/checkpoints/checkpoint_output.rs[0m[2m:[0m[2m149:[0m Creating checkpoint CheckpointDigest(Fx6LEWPuKTAPfWdnhCZcapWaPyN3vtbS9NxKAzRmufMz) at epoch 1, sequence 612, previous digest Some(CheckpointDigest(4ZN8qFJ8AXJkwFRdeveme7QDEEBCCDHyPz5ND6NME6Rd)), transactions count 1, content digest CheckpointContentsDigest(AGfYaBsT6JQAw64CCfZujY3yW6eWPyaBwSjGWxKsD3nX), end_of_epoch_data None
[2m2025-03-25T07:56:45.523853Z[0m [32m INFO[0m [1mnode[0m[1m{[0m[3mname[0m[2m=[0mk#addeef94..[1m}[0m[2m:[0m [2msui_core::checkpoints::checkpoint_executor[0m[2m:[0m [2mcrates/sui-core/src/checkpoints/checkpoint_executor/mod.rs[0m[2m:[0m[2m332:[0m Received checkpoint summary from state sync [3msequence_number[0m[2m=[0m611
[2m2025-03-25T07:56:45.525258Z[0m [32m INFO[0m [1mnode[0m[1m{[0m[3mname[0m[2m=[0mk#addeef94..[1m}[0m[2m:[0m [2msui_core::state_accumulator[0m[2m:[0m [2mcrates/sui-core/src/state_accumulator.rs[0m[2m:[0m[2m675:[0m accumulating running root for checkpoint 611
[2m2025-03-25T07:56:45.666545Z[0m [32m INFO[0m [1mnode[0m[1m{[0m[3mname[0m[2m=[0mk#addeef94..[1m}[0m[2m:[0m [2mconsensus_core::core[0m[2m:[0m [2mconsensus/core/src/core.rs[0m[2m:[0m[2m945:[0m Included 3 ancestors & excluded 0 ancestors for proposal in round 413
[2m2025-03-25T07:56:45.666924Z[0m [32m INFO[0m [1mnode[0m[1m{[0m[3mname[0m[2m=[0mk#addeef94..[1m}[0m[2m:[0m [2mconsensus_core::core[0m[2m:[0m [2mconsensus/core/src/core.rs[0m[2m:[0m[2m531:[0m Created block B413(C,Eu+ENJLj9OdfC4i7GiLz7Vn7PfG5ItwR1GJhe381mT8=)(1742889405666ms;[B412(C,6FK5QrcqYLE2tiFi9yrZTKecgWf6jsPMqmcR5akKCk4=), B412(A,tZsUq+VAoA+OQVatLp/u2MqJXKhZ6bhyNwjQZRrsvXc=), B412(B,heQtenNzmtNDMaWuEzyLIiVdufz5rwOqvqkrJlKlLLw=)];1t;1c) for round 413
[2m2025-03-25T07:56:45.668846Z[0m [32m INFO[0m [1mnode[0m[1m{[0m[3mname[0m[2m=[0mk#99f25ef6..[1m}[0m[2m:[0m [2mconsensus_core::core[0m[2m:[0m [2mconsensus/core/src/core.rs[0m[2m:[0m[2m945:[0m Included 3 ancestors & excluded 0 ancestors for proposal in round 413
[2m2025-03-25T07:56:45.668846Z[0m [32m INFO[0m [1mnode[0m[1m{[0m[3mname[0m[2m=[0mk#8dcff6d1..[1m}[0m[2m:[0m [2mconsensus_core::core[0m[2m:[0m [2mconsensus/core/src/core.rs[0m[2m:[0m[2m945:[0m Included 3 ancestors & excluded 0 ancestors for proposal in round 413
[2m2025-03-25T07:56:45.669142Z[0m [32m INFO[0m [1mnode[0m[1m{[0m[3mname[0m[2m=[0mk#99f25ef6..[1m}[0m[2m:[0m [2mconsensus_core::core[0m[2m:[0m [2mconsensus/core/src/core.rs[0m[2m:[0m[2m531:[0m Created block B413(B,lHgfaRevJP+ZJY7S5Q7g+xxR+7Qgx+Ca6z+yGUDwo84=)(1742889405669ms;[B412(B,heQtenNzmtNDMaWuEzyLIiVdufz5rwOqvqkrJlKlLLw=), B412(A,tZsUq+VAoA+OQVatLp/u2MqJXKhZ6bhyNwjQZRrsvXc=), B412(C,6FK5QrcqYLE2tiFi9yrZTKecgWf6jsPMqmcR5akKCk4=)];1t;1c) for round 413
[2m2025-03-25T07:56:45.669143Z[0m [32m INFO[0m [1mnode[0m[1m{[0m[3mname[0m[2m=[0mk#8dcff6d1..[1m}[0m[2m:[0m [2mconsensus_core::core[0m[2m:[0m [2mconsensus/core/src/core.rs[0m[2m:[0m[2m531:[0m Created block B413(A,CpEWKFxkUu/qgzJrhm6mq8T5Hp8vMORpPHQvHa2/lbQ=)(1742889405669ms;[B412(A,tZsUq+VAoA+OQVatLp/u2MqJXKhZ6bhyNwjQZRrsvXc=), B412(B,heQtenNzmtNDMaWuEzyLIiVdufz5rwOqvqkrJlKlLLw=), B412(C,6FK5QrcqYLE2tiFi9yrZTKecgWf6jsPMqmcR5akKCk4=)];1t;1c) for round 413
[2m2025-03-25T07:56:45.669212Z[0m [32m INFO[0m [1mnode[0m[1m{[0m[3mname[0m[2m=[0mk#99f25ef6..[1m}[0m[2m:[0m [2mconsensus_core::core[0m[2m:[0m [2mconsensus/core/src/core.rs[0m[2m:[0m[2m630:[0m Committing 1 leaders: B411(B,6Yvu)
[2m2025-03-25T07:56:45.669212Z[0m [32m INFO[0m [1mnode[0m[1m{[0m[3mname[0m[2m=[0mk#8dcff6d1..[1m}[0m[2m:[0m [2mconsensus_core::core[0m[2m:[0m [2mconsensus/core/src/core.rs[0m[2m:[0m[2m630:[0m Committing 1 leaders: B411(B,6Yvu)
[2m2025-03-25T07:56:45.669283Z[0m [32m INFO[0m [1mnode[0m[1m{[0m[3mname[0m[2m=[0mk#99f25ef6..[1m}[0m[2m:[0m [2mconsensus_core::commit_observer[0m[2m:[0m [2mconsensus/core/src/commit_observer.rs[0m[2m:[0m[2m173:[0m Consensus commit C400(kTDo) with leader B411(B,6Yvu) has 3 blocks
[2m2025-03-25T07:56:45.669283Z[0m [32m INFO[0m [1mnode[0m[1m{[0m[3mname[0m[2m=[0mk#8dcff6d1..[1m}[0m[2m:[0m [2mconsensus_core::commit_observer[0m[2m:[0m [2mconsensus/core/src/commit_observer.rs[0m[2m:[0m[2m173:[0m Consensus commit C400(kTDo) with leader B411(B,6Yvu) has 3 blocks
[2m2025-03-25T07:56:45.669373Z[0m [32m INFO[0m [1mnode[0m[1m{[0m[3mname[0m[2m=[0mk#8dcff6d1..[1m}[0m[2m:[0m [2msui_core::consensus_handler[0m[2m:[0m [2mcrates/sui-core/src/consensus_handler.rs[0m[2m:[0m[2m232:[0m Received consensus output [3mconsensus_commit[0m[2m=[0mCommittedSubDag(leader=B411(B,6Yvu), ref=C400(kTDo), blocks=[DAlM, 4Gll, 6Yvu]) [3mepoch[0m[2m=[0m1
[2m2025-03-25T07:56:45.669373Z[0m [32m INFO[0m [1mnode[0m[1m{[0m[3mname[0m[2m=[0mk#99f25ef6..[1m}[0m[2m:[0m [2msui_core::consensus_handler[0m[2m:[0m [2mcrates/sui-core/src/consensus_handler.rs[0m[2m:[0m[2m232:[0m Received consensus output [3mconsensus_commit[0m[2m=[0mCommittedSubDag(leader=B411(B,6Yvu), ref=C400(kTDo), blocks=[DAlM, 4Gll, 6Yvu]) [3mepoch[0m[2m=[0m1
[2m2025-03-25T07:56:45.673017Z[0m [32m INFO[0m [1mnode[0m[1m{[0m[3mname[0m[2m=[0mk#addeef94..[1m}[0m[2m:[0m [2mconsensus_core::core[0m[2m:[0m [2mconsensus/core/src/core.rs[0m[2m:[0m[2m630:[0m Committing 1 leaders: B411(B,6Yvu)
[2m2025-03-25T07:56:45.673118Z[0m [32m INFO[0m [1mnode[0m[1m{[0m[3mname[0m[2m=[0mk#addeef94..[1m}[0m[2m:[0m [2mconsensus_core::commit_observer[0m[2m:[0m [2mconsensus/core/src/commit_observer.rs[0m[2m:[0m[2m173:[0m Consensus commit C400(kTDo) with leader B411(B,6Yvu) has 3 blocks
[2m2025-03-25T07:56:45.673248Z[0m [32m INFO[0m [1mnode[0m[1m{[0m[3mname[0m[2m=[0mk#addeef94..[1m}[0m[2m:[0m [2msui_core::consensus_handler[0m[2m:[0m [2mcrates/sui-core/src/consensus_handler.rs[0m[2m:[0m[2m232:[0m Received consensus output [3mconsensus_commit[0m[2m=[0mCommittedSubDag(leader=B411(B,6Yvu), ref=C400(kTDo), blocks=[DAlM, 4Gll, 6Yvu]) [3mepoch[0m[2m=[0m1
[2m2025-03-25T07:56:45.696370Z[0m [32m INFO[0m [1mnode[0m[1m{[0m[3mname[0m[2m=[0mk#8dcff6d1..[1m}[0m[2m:[0m [2msui_core::checkpoints[0m[2m:[0m [2mcrates/sui-core/src/checkpoints/mod.rs[0m[2m:[0m[2m1326:[0m Creating checkpoint(s) for 2 transactions [3mnext_checkpoint_seq[0m[2m=[0m613 [3mcheckpoint_timestamp[0m[2m=[0m1742889405155
[2m2025-03-25T07:56:45.696370Z[0m [32m INFO[0m [1mnode[0m[1m{[0m[3mname[0m[2m=[0mk#99f25ef6..[1m}[0m[2m:[0m [2msui_core::checkpoints[0m[2m:[0m [2mcrates/sui-core/src/checkpoints/mod.rs[0m[2m:[0m[2m1326:[0m Creating checkpoint(s) for 2 transactions [3mnext_checkpoint_seq[0m[2m=[0m613 [3mcheckpoint_timestamp[0m[2m=[0m1742889405155
[2m2025-03-25T07:56:45.696695Z[0m [32m INFO[0m [1mnode[0m[1m{[0m[3mname[0m[2m=[0mk#99f25ef6..[1m}[0m[2m:[0m [2msui_core::checkpoints::checkpoint_output[0m[2m:[0m [2mcrates/sui-core/src/checkpoints/checkpoint_output.rs[0m[2m:[0m[2m149:[0m Creating checkpoint CheckpointDigest(7fwxxKoHYG9RZZuhZr84VzPvaeRnjbKa5PJNhMbEzVU4) at epoch 1, sequence 613, previous digest Some(CheckpointDigest(Fx6LEWPuKTAPfWdnhCZcapWaPyN3vtbS9NxKAzRmufMz)), transactions count 2, content digest CheckpointContentsDigest(82HJTy7X3GzbUVRwTnDNnK5B3pFVGu14bdpPNvsFkcsY), end_of_epoch_data None
[2m2025-03-25T07:56:45.696695Z[0m [32m INFO[0m [1mnode[0m[1m{[0m[3mname[0m[2m=[0mk#8dcff6d1..[1m}[0m[2m:[0m [2msui_core::checkpoints::checkpoint_output[0m[2m:[0m [2mcrates/sui-core/src/checkpoints/checkpoint_output.rs[0m[2m:[0m[2m149:[0m Creating checkpoint CheckpointDigest(7fwxxKoHYG9RZZuhZr84VzPvaeRnjbKa5PJNhMbEzVU4) at epoch 1, sequence 613, previous digest Some(CheckpointDigest(Fx6LEWPuKTAPfWdnhCZcapWaPyN3vtbS9NxKAzRmufMz)), transactions count 2, content digest CheckpointContentsDigest(82HJTy7X3GzbUVRwTnDNnK5B3pFVGu14bdpPNvsFkcsY), end_of_epoch_data None
[2m2025-03-25T07:56:45.699228Z[0m [32m INFO[0m [1mnode[0m[1m{[0m[3mname[0m[2m=[0mk#addeef94..[1m}[0m[2m:[0m [2msui_core::checkpoints[0m[2m:[0m [2mcrates/sui-core/src/checkpoints/mod.rs[0m[2m:[0m[2m1326:[0m Creating checkpoint(s) for 2 transactions [3mnext_checkpoint_seq[0m[2m=[0m613 [3mcheckpoint_timestamp[0m[2m=[0m1742889405155
[2m2025-03-25T07:56:45.699477Z[0m [32m INFO[0m [1mnode[0m[1m{[0m[3mname[0m[2m=[0mk#addeef94..[1m}[0m[2m:[0m [2msui_core::checkpoints::checkpoint_output[0m[2m:[0m [2mcrates/sui-core/src/checkpoints/checkpoint_output.rs[0m[2m:[0m[2m149:[0m Creating checkpoint CheckpointDigest(7fwxxKoHYG9RZZuhZr84VzPvaeRnjbKa5PJNhMbEzVU4) at epoch 1, sequence 613, previous digest Some(CheckpointDigest(Fx6LEWPuKTAPfWdnhCZcapWaPyN3vtbS9NxKAzRmufMz)), transactions count 2, content digest CheckpointContentsDigest(82HJTy7X3GzbUVRwTnDNnK5B3pFVGu14bdpPNvsFkcsY), end_of_epoch_data None
[2m2025-03-25T07:56:45.699885Z[0m [32m INFO[0m [1mnode[0m[1m{[0m[3mname[0m[2m=[0mk#99f25ef6..[1m}[0m[2m:[0m [2msui_core::checkpoints::checkpoint_output[0m[2m:[0m [2mcrates/sui-core/src/checkpoints/checkpoint_output.rs[0m[2m:[0m[2m196:[0m Certified checkpoint with sequence 612 and digest Fx6LEWPuKTAPfWdnhCZcapWaPyN3vtbS9NxKAzRmufMz
[2m2025-03-25T07:56:45.699891Z[0m [32m INFO[0m [1mnode[0m[1m{[0m[3mname[0m[2m=[0mk#8dcff6d1..[1m}[0m[2m:[0m [2msui_core::checkpoints::checkpoint_output[0m[2m:[0m [2mcrates/sui-core/src/checkpoints/checkpoint_output.rs[0m[2m:[0m[2m196:[0m Certified checkpoint with sequence 612 and digest Fx6LEWPuKTAPfWdnhCZcapWaPyN3vtbS9NxKAzRmufMz
[2m2025-03-25T07:56:45.700355Z[0m [32m INFO[0m [1mnode[0m[1m{[0m[3mname[0m[2m=[0mk#99f25ef6..[1m}[0m[2m:[0m [2msui_core::checkpoints::checkpoint_executor[0m[2m:[0m [2mcrates/sui-core/src/checkpoints/checkpoint_executor/mod.rs[0m[2m:[0m[2m332:[0m Received checkpoint summary from state sync [3msequence_number[0m[2m=[0m612
[2m2025-03-25T07:56:45.700355Z[0m [32m INFO[0m [1mnode[0m[1m{[0m[3mname[0m[2m=[0mk#8dcff6d1..[1m}[0m[2m:[0m [2msui_core::checkpoints::checkpoint_executor[0m[2m:[0m [2mcrates/sui-core/src/checkpoints/checkpoint_executor/mod.rs[0m[2m:[0m[2m332:[0m Received checkpoint summary from state sync [3msequence_number[0m[2m=[0m612
[2m2025-03-25T07:56:45.701535Z[0m [32m INFO[0m [1mnode[0m[1m{[0m[3mname[0m[2m=[0mk#99f25ef6..[1m}[0m[2m:[0m [2msui_core::state_accumulator[0m[2m:[0m [2mcrates/sui-core/src/state_accumulator.rs[0m[2m:[0m[2m675:[0m accumulating running root for checkpoint 612
[2m2025-03-25T07:56:45.701547Z[0m [32m INFO[0m [1mnode[0m[1m{[0m[3mname[0m[2m=[0mk#8dcff6d1..[1m}[0m[2m:[0m [2msui_core::state_accumulator[0m[2m:[0m [2mcrates/sui-core/src/state_accumulator.rs[0m[2m:[0m[2m675:[0m accumulating running root for checkpoint 612
[2m2025-03-25T07:56:45.703697Z[0m [32m INFO[0m [1mnode[0m[1m{[0m[3mname[0m[2m=[0mk#addeef94..[1m}[0m[2m:[0m [2msui_core::checkpoints::checkpoint_executor[0m[2m:[0m [2mcrates/sui-core/src/checkpoints/checkpoint_executor/mod.rs[0m[2m:[0m[2m332:[0m Received checkpoint summary from state sync [3msequence_number[0m[2m=[0m612
[2m2025-03-25T07:56:45.704398Z[0m [32m INFO[0m [1mnode[0m[1m{[0m[3mname[0m[2m=[0mk#addeef94..[1m}[0m[2m:[0m [2msui_core::state_accumulator[0m[2m:[0m [2mcrates/sui-core/src/state_accumulator.rs[0m[2m:[0m[2m675:[0m accumulating running root for checkpoint 612
[2m2025-03-25T07:56:45.921907Z[0m [32m INFO[0m [1mnode[0m[1m{[0m[3mname[0m[2m=[0mk#8dcff6d1..[1m}[0m[2m:[0m [2mconsensus_core::core[0m[2m:[0m [2mconsensus/core/src/core.rs[0m[2m:[0m[2m945:[0m Included 3 ancestors & excluded 0 ancestors for proposal in round 414
[2m2025-03-25T07:56:45.922018Z[0m [32m INFO[0m [1mnode[0m[1m{[0m[3mname[0m[2m=[0mk#99f25ef6..[1m}[0m[2m:[0m [2mconsensus_core::core[0m[2m:[0m [2mconsensus/core/src/core.rs[0m[2m:[0m[2m945:[0m Included 3 ancestors & excluded 0 ancestors for proposal in round 414
[2m2025-03-25T07:56:45.922276Z[0m [32m INFO[0m [1mnode[0m[1m{[0m[3mname[0m[2m=[0mk#8dcff6d1..[1m}[0m[2m:[0m [2mconsensus_core::core[0m[2m:[0m [2mconsensus/core/src/core.rs[0m[2m:[0m[2m531:[0m Created block B414(A,gfyKqLFKtdVZxcPhqHwKwEDUWvWFUusoioy+lqIeAJY=)(1742889405922ms;[B413(A,CpEWKFxkUu/qgzJrhm6mq8T5Hp8vMORpPHQvHa2/lbQ=), B413(B,lHgfaRevJP+ZJY7S5Q7g+xxR+7Qgx+Ca6z+yGUDwo84=), B413(C,Eu+ENJLj9OdfC4i7GiLz7Vn7PfG5ItwR1GJhe381mT8=)];1t;1c) for round 414
[2m2025-03-25T07:56:45.922311Z[0m [32m INFO[0m [1mnode[0m[1m{[0m[3mname[0m[2m=[0mk#99f25ef6..[1m}[0m[2m:[0m [2mconsensus_core::core[0m[2m:[0m [2mconsensus/core/src/core.rs[0m[2m:[0m[2m531:[0m Created block B414(B,B+AVrijOa7e/Vv3N9CVnwa7R2TEz9QUaqlmL2lvjU14=)(1742889405922ms;[B413(B,lHgfaRevJP+ZJY7S5Q7g+xxR+7Qgx+Ca6z+yGUDwo84=), B413(A,CpEWKFxkUu/qgzJrhm6mq8T5Hp8vMORpPHQvHa2/lbQ=), B413(C,Eu+ENJLj9OdfC4i7GiLz7Vn7PfG5ItwR1GJhe381mT8=)];1t;1c) for round 414
[2m2025-03-25T07:56:45.925507Z[0m [32m INFO[0m [1mnode[0m[1m{[0m[3mname[0m[2m=[0mk#addeef94..[1m}[0m[2m:[0m [2mconsensus_core::core[0m[2m:[0m [2mconsensus/core/src/core.rs[0m[2m:[0m[2m945:[0m Included 3 ancestors & excluded 0 ancestors for proposal in round 414
[2m2025-03-25T07:56:45.925810Z[0m [32m INFO[0m [1mnode[0m[1m{[0m[3mname[0m[2m=[0mk#addeef94..[1m}[0m[2m:[0m [2mconsensus_core::core[0m[2m:[0m [2mconsensus/core/src/core.rs[0m[2m:[0m[2m531:[0m Created block B414(C,zohffMecCPcKblMpUrKaQVpc9odCdMJ0Xno1Ji7ZvJY=)(1742889405925ms;[B413(C,Eu+ENJLj9OdfC4i7GiLz7Vn7PfG5ItwR1GJhe381mT8=), B413(A,CpEWKFxkUu/qgzJrhm6mq8T5Hp8vMORpPHQvHa2/lbQ=), B413(B,lHgfaRevJP+ZJY7S5Q7g+xxR+7Qgx+Ca6z+yGUDwo84=)];1t;1c) for round 414
[2m2025-03-25T07:56:45.925878Z[0m [32m INFO[0m [1mnode[0m[1m{[0m[3mname[0m[2m=[0mk#addeef94..[1m}[0m[2m:[0m [2mconsensus_core::core[0m[2m:[0m [2mconsensus/core/src/core.rs[0m[2m:[0m[2m630:[0m Committing 1 leaders: B412(C,6FK5)
[2m2025-03-25T07:56:45.925945Z[0m [32m INFO[0m [1mnode[0m[1m{[0m[3mname[0m[2m=[0mk#addeef94..[1m}[0m[2m:[0m [2mconsensus_core::commit_observer[0m[2m:[0m [2mconsensus/core/src/commit_observer.rs[0m[2m:[0m[2m173:[0m Consensus commit C401(/jk0) with leader B412(C,6FK5) has 3 blocks
[2m2025-03-25T07:56:45.926026Z[0m [32m INFO[0m [1mnode[0m[1m{[0m[3mname[0m[2m=[0mk#addeef94..[1m}[0m[2m:[0m [2msui_core::consensus_handler[0m[2m:[0m [2mcrates/sui-core/src/consensus_handler.rs[0m[2m:[0m[2m232:[0m Received consensus output [3mconsensus_commit[0m[2m=[0mCommittedSubDag(leader=B412(C,6FK5), ref=C401(/jk0), blocks=[9jYH, H7Z4, 6FK5]) [3mepoch[0m[2m=[0m1
[2m2025-03-25T07:56:45.929069Z[0m [32m INFO[0m [1mnode[0m[1m{[0m[3mname[0m[2m=[0mk#99f25ef6..[1m}[0m[2m:[0m [2msui_core::checkpoints::checkpoint_output[0m[2m:[0m [2mcrates/sui-core/src/checkpoints/checkpoint_output.rs[0m[2m:[0m[2m196:[0m Certified checkpoint with sequence 613 and digest 7fwxxKoHYG9RZZuhZr84VzPvaeRnjbKa5PJNhMbEzVU4
[2m2025-03-25T07:56:45.929074Z[0m [32m INFO[0m [1mnode[0m[1m{[0m[3mname[0m[2m=[0mk#8dcff6d1..[1m}[0m[2m:[0m [2msui_core::checkpoints::checkpoint_output[0m[2m:[0m [2mcrates/sui-core/src/checkpoints/checkpoint_output.rs[0m[2m:[0m[2m196:[0m Certified checkpoint with sequence 613 and digest 7fwxxKoHYG9RZZuhZr84VzPvaeRnjbKa5PJNhMbEzVU4
[2m2025-03-25T07:56:45.929175Z[0m [32m INFO[0m [1mnode[0m[1m{[0m[3mname[0m[2m=[0mk#8dcff6d1..[1m}[0m[2m:[0m [2mconsensus_core::core[0m[2m:[0m [2mconsensus/core/src/core.rs[0m[2m:[0m[2m630:[0m Committing 1 leaders: B412(C,6FK5)
[2m2025-03-25T07:56:45.929175Z[0m [32m INFO[0m [1mnode[0m[1m{[0m[3mname[0m[2m=[0mk#99f25ef6..[1m}[0m[2m:[0m [2mconsensus_core::core[0m[2m:[0m [2mconsensus/core/src/core.rs[0m[2m:[0m[2m630:[0m Committing 1 leaders: B412(C,6FK5)
[2m2025-03-25T07:56:45.929288Z[0m [32m INFO[0m [1mnode[0m[1m{[0m[3mname[0m[2m=[0mk#8dcff6d1..[1m}[0m[2m:[0m [2mconsensus_core::commit_observer[0m[2m:[0m [2mconsensus/core/src/commit_observer.rs[0m[2m:[0m[2m173:[0m Consensus commit C401(/jk0) with leader B412(C,6FK5) has 3 blocks
[2m2025-03-25T07:56:45.929289Z[0m [32m INFO[0m [1mnode[0m[1m{[0m[3mname[0m[2m=[0mk#99f25ef6..[1m}[0m[2m:[0m [2mconsensus_core::commit_observer[0m[2m:[0m [2mconsensus/core/src/commit_observer.rs[0m[2m:[0m[2m173:[0m Consensus commit C401(/jk0) with leader B412(C,6FK5) has 3 blocks
[2m2025-03-25T07:56:45.929715Z[0m [32m INFO[0m [1mnode[0m[1m{[0m[3mname[0m[2m=[0mk#99f25ef6..[1m}[0m[2m:[0m [2msui_core::consensus_handler[0m[2m:[0m [2mcrates/sui-core/src/consensus_handler.rs[0m[2m:[0m[2m232:[0m Received consensus output [3mconsensus_commit[0m[2m=[0mCommittedSubDag(leader=B412(C,6FK5), ref=C401(/jk0), blocks=[9jYH, H7Z4, 6FK5]) [3mepoch[0m[2m=[0m1
[2m2025-03-25T07:56:45.929715Z[0m [32m INFO[0m [1mnode[0m[1m{[0m[3mname[0m[2m=[0mk#8dcff6d1..[1m}[0m[2m:[0m [2msui_core::consensus_handler[0m[2m:[0m [2mcrates/sui-core/src/consensus_handler.rs[0m[2m:[0m[2m232:[0m Received consensus output [3mconsensus_commit[0m[2m=[0mCommittedSubDag(leader=B412(C,6FK5), ref=C401(/jk0), blocks=[9jYH, H7Z4, 6FK5]) [3mepoch[0m[2m=[0m1
[2m2025-03-25T07:56:45.930326Z[0m [32m INFO[0m [1mnode[0m[1m{[0m[3mname[0m[2m=[0mk#99f25ef6..[1m}[0m[2m:[0m [2msui_core::checkpoints::checkpoint_executor[0m[2m:[0m [2mcrates/sui-core/src/checkpoints/checkpoint_executor/mod.rs[0m[2m:[0m[2m332:[0m Received checkpoint summary from state sync [3msequence_number[0m[2m=[0m613
[2m2025-03-25T07:56:45.930326Z[0m [32m INFO[0m [1mnode[0m[1m{[0m[3mname[0m[2m=[0mk#8dcff6d1..[1m}[0m[2m:[0m [2msui_core::checkpoints::checkpoint_executor[0m[2m:[0m [2mcrates/sui-core/src/checkpoints/checkpoint_executor/mod.rs[0m[2m:[0m[2m332:[0m Received checkpoint summary from state sync [3msequence_number[0m[2m=[0m613
[2m2025-03-25T07:56:45.943854Z[0m [32m INFO[0m [1mnode[0m[1m{[0m[3mname[0m[2m=[0mk#99f25ef6..[1m}[0m[2m:[0m [2msui_core::state_accumulator[0m[2m:[0m [2mcrates/sui-core/src/state_accumulator.rs[0m[2m:[0m[2m675:[0m accumulating running root for checkpoint 613
[2m2025-03-25T07:56:45.943856Z[0m [32m INFO[0m [1mnode[0m[1m{[0m[3mname[0m[2m=[0mk#8dcff6d1..[1m}[0m[2m:[0m [2msui_core::state_accumulator[0m[2m:[0m [2mcrates/sui-core/src/state_accumulator.rs[0m[2m:[0m[2m675:[0m accumulating running root for checkpoint 613
[2m2025-03-25T07:56:45.970131Z[0m [32m INFO[0m [1mnode[0m[1m{[0m[3mname[0m[2m=[0mk#addeef94..[1m}[0m[2m:[0m [2msui_core::checkpoints[0m[2m:[0m [2mcrates/sui-core/src/checkpoints/mod.rs[0m[2m:[0m[2m1326:[0m Creating checkpoint(s) for 1 transactions [3mnext_checkpoint_seq[0m[2m=[0m614 [3mcheckpoint_timestamp[0m[2m=[0m1742889405412
[2m2025-03-25T07:56:45.970354Z[0m [32m INFO[0m [1mnode[0m[1m{[0m[3mname[0m[2m=[0mk#addeef94..[1m}[0m[2m:[0m [2msui_core::checkpoints::checkpoint_output[0m[2m:[0m [2mcrates/sui-core/src/checkpoints/checkpoint_output.rs[0m[2m:[0m[2m149:[0m Creating checkpoint CheckpointDigest(7qA4GhCZK8B7PkFvyn8kVAaqbbB1uukHrrhcKLqVCo4W) at epoch 1, sequence 614, previous digest Some(CheckpointDigest(7fwxxKoHYG9RZZuhZr84VzPvaeRnjbKa5PJNhMbEzVU4)), transactions count 1, content digest CheckpointContentsDigest(9nRjrvZpY74XrEkJXSCpW6MiW8WnpGNeAP882CH3JvUu), end_of_epoch_data None
[2m2025-03-25T07:56:45.974777Z[0m [32m INFO[0m [1mnode[0m[1m{[0m[3mname[0m[2m=[0mk#99f25ef6..[1m}[0m[2m:[0m [2msui_core::checkpoints[0m[2m:[0m [2mcrates/sui-core/src/checkpoints/mod.rs[0m[2m:[0m[2m1326:[0m Creating checkpoint(s) for 1 transactions [3mnext_checkpoint_seq[0m[2m=[0m614 [3mcheckpoint_timestamp[0m[2m=[0m1742889405412
[2m2025-03-25T07:56:45.974803Z[0m [32m INFO[0m [1mnode[0m[1m{[0m[3mname[0m[2m=[0mk#8dcff6d1..[1m}[0m[2m:[0m [2msui_core::checkpoints[0m[2m:[0m [2mcrates/sui-core/src/checkpoints/mod.rs[0m[2m:[0m[2m1326:[0m Creating checkpoint(s) for 1 transactions [3mnext_checkpoint_seq[0m[2m=[0m614 [3mcheckpoint_timestamp[0m[2m=[0m1742889405412
[2m2025-03-25T07:56:45.974953Z[0m [32m INFO[0m [1mnode[0m[1m{[0m[3mname[0m[2m=[0mk#99f25ef6..[1m}[0m[2m:[0m [2msui_core::checkpoints::checkpoint_output[0m[2m:[0m [2mcrates/sui-core/src/checkpoints/checkpoint_output.rs[0m[2m:[0m[2m149:[0m Creating checkpoint CheckpointDigest(7qA4GhCZK8B7PkFvyn8kVAaqbbB1uukHrrhcKLqVCo4W) at epoch 1, sequence 614, previous digest Some(CheckpointDigest(7fwxxKoHYG9RZZuhZr84VzPvaeRnjbKa5PJNhMbEzVU4)), transactions count 1, content digest CheckpointContentsDigest(9nRjrvZpY74XrEkJXSCpW6MiW8WnpGNeAP882CH3JvUu), end_of_epoch_data None
[2m2025-03-25T07:56:45.974973Z[0m [32m INFO[0m [1mnode[0m[1m{[0m[3mname[0m[2m=[0mk#8dcff6d1..[1m}[0m[2m:[0m [2msui_core::checkpoints::checkpoint_output[0m[2m:[0m [2mcrates/sui-core/src/checkpoints/checkpoint_output.rs[0m[2m:[0m[2m149:[0m Creating checkpoint CheckpointDigest(7qA4GhCZK8B7PkFvyn8kVAaqbbB1uukHrrhcKLqVCo4W) at epoch 1, sequence 614, previous digest Some(CheckpointDigest(7fwxxKoHYG9RZZuhZr84VzPvaeRnjbKa5PJNhMbEzVU4)), transactions count 1, content digest CheckpointContentsDigest(9nRjrvZpY74XrEkJXSCpW6MiW8WnpGNeAP882CH3JvUu), end_of_epoch_data None
[2m2025-03-25T07:56:45.991924Z[0m [32m INFO[0m [1mnode[0m[1m{[0m[3mname[0m[2m=[0mk#addeef94..[1m}[0m[2m:[0m [2msui_core::checkpoints::checkpoint_executor[0m[2m:[0m [2mcrates/sui-core/src/checkpoints/checkpoint_executor/mod.rs[0m[2m:[0m[2m332:[0m Received checkpoint summary from state sync [3msequence_number[0m[2m=[0m613
[2m2025-03-25T07:56:45.993437Z[0m [32m INFO[0m [1mnode[0m[1m{[0m[3mname[0m[2m=[0mk#b3f3cbb4..[1m}[0m[2m:[0m[1mjson-rpc-request[0m[2m:[0m[1mdev_inspect_transaction_block[0m[1m{[0m[3msender_address[0m[2m=[0m0x0000000000000000000000000000000000000000000000000000000000000000 [3mtx_bytes[0m[2m=[0mBase64("AAMBAQAAAAAAAAAAAAAAAAAAAAAAAAAAAAAAAAAAAAAAAAAJAQAAAAAAAAABAAECAAgAAAAAAAAAAAEAAAAAAAAAAAAAAAAAAAAAAAAAAAAAAAAAAAAAAAAAAAsGYnJpZGdlIGdldF90b2tlbl90cmFuc2Zlcl9hY3Rpb25fc3RhdHVzAAMBAAABAQABAgA=") [3mgas_price[0m[2m=[0mNone [3m_epoch[0m[2m=[0mNone [3madditional_args[0m[2m=[0mNone[1m}[0m[2m:[0m [2msui_json_rpc::transaction_execution_api[0m[2m:[0m [2mcrates/sui-json-rpc/src/transaction_execution_api.rs[0m[2m:[0m[2m351:[0m RPC took longer than threshold to complete. [3melapsed[0m[2m=[0m1.537159583s
[2m2025-03-25T07:56:45.994975Z[0m [32m INFO[0m [1mhandle_execution_task[0m[1m{[0m[3maction_key[0m[2m=[0mBridgeActionKey(0,2,0) [3mattempt_times[0m[2m=[0m3[1m}[0m[2m:[0m [2msui_bridge::action_executor[0m[2m:[0m [2mcrates/sui-bridge/src/action_executor.rs[0m[2m:[0m[2m500:[0m Building Sui transaction
[2m2025-03-25T07:56:46.006536Z[0m [32m INFO[0m [1mnode[0m[1m{[0m[3mname[0m[2m=[0mk#b3f3cbb4..[1m}[0m[2m:[0m [2msui_core::state_accumulator[0m[2m:[0m [2mcrates/sui-core/src/state_accumulator.rs[0m[2m:[0m[2m675:[0m accumulating running root for checkpoint 552
[2m2025-03-25T07:56:46.006823Z[0m [32m INFO[0m [1mnode[0m[1m{[0m[3mname[0m[2m=[0mk#b3f3cbb4..[1m}[0m[2m:[0m [2msui_core::checkpoints::checkpoint_executor[0m[2m:[0m [2mcrates/sui-core/src/checkpoints/checkpoint_executor/mod.rs[0m[2m:[0m[2m332:[0m Received checkpoint summary from state sync [3msequence_number[0m[2m=[0m605
[2m2025-03-25T07:56:46.038026Z[0m [32m INFO[0m [1mnode[0m[1m{[0m[3mname[0m[2m=[0mk#addeef94..[1m}[0m[2m:[0m [2msui_core::state_accumulator[0m[2m:[0m [2mcrates/sui-core/src/state_accumulator.rs[0m[2m:[0m[2m675:[0m accumulating running root for checkpoint 613
[2m2025-03-25T07:56:46.087515Z[0m [32m INFO[0m [1mnode[0m[1m{[0m[3mname[0m[2m=[0mk#b3f3cbb4..[1m}[0m[2m:[0m [2msui_core::state_accumulator[0m[2m:[0m [2mcrates/sui-core/src/state_accumulator.rs[0m[2m:[0m[2m675:[0m accumulating running root for checkpoint 553
[2m2025-03-25T07:56:46.177349Z[0m [32m INFO[0m [1mobservable[0m[1m{[0m[3mname[0m[2m=[0m"SuiBridgeStatus"[1m}[0m[2m:[0m [2msui_bridge::sui_bridge_watchdog::sui_bridge_status[0m[2m:[0m [2mcrates/sui-bridge/src/sui_bridge_watchdog/sui_bridge_status.rs[0m[2m:[0m[2m37:[0m Sui Bridge Status: false
[2m2025-03-25T07:56:46.179156Z[0m [32m INFO[0m [1mnode[0m[1m{[0m[3mname[0m[2m=[0mk#addeef94..[1m}[0m[2m:[0m [2mconsensus_core::core[0m[2m:[0m [2mconsensus/core/src/core.rs[0m[2m:[0m[2m945:[0m Included 3 ancestors & excluded 0 ancestors for proposal in round 415
[2m2025-03-25T07:56:46.179492Z[0m [32m INFO[0m [1mnode[0m[1m{[0m[3mname[0m[2m=[0mk#addeef94..[1m}[0m[2m:[0m [2mconsensus_core::core[0m[2m:[0m [2mconsensus/core/src/core.rs[0m[2m:[0m[2m531:[0m Created block B415(C,Z4tuRUbrN2HjN9QhLROjsSFFIKpJan3hsawbyksbMeM=)(1742889406179ms;[B414(C,zohffMecCPcKblMpUrKaQVpc9odCdMJ0Xno1Ji7ZvJY=), B414(A,gfyKqLFKtdVZxcPhqHwKwEDUWvWFUusoioy+lqIeAJY=), B414(B,B+AVrijOa7e/Vv3N9CVnwa7R2TEz9QUaqlmL2lvjU14=)];1t;1c) for round 415
[2m2025-03-25T07:56:46.181381Z[0m [32m INFO[0m [1mnode[0m[1m{[0m[3mname[0m[2m=[0mk#8dcff6d1..[1m}[0m[2m:[0m [2mconsensus_core::core[0m[2m:[0m [2mconsensus/core/src/core.rs[0m[2m:[0m[2m945:[0m Included 3 ancestors & excluded 0 ancestors for proposal in round 415
[2m2025-03-25T07:56:46.181437Z[0m [32m INFO[0m [1mnode[0m[1m{[0m[3mname[0m[2m=[0mk#99f25ef6..[1m}[0m[2m:[0m [2mconsensus_core::core[0m[2m:[0m [2mconsensus/core/src/core.rs[0m[2m:[0m[2m945:[0m Included 3 ancestors & excluded 0 ancestors for proposal in round 415
[2m2025-03-25T07:56:46.181687Z[0m [32m INFO[0m [1mnode[0m[1m{[0m[3mname[0m[2m=[0mk#8dcff6d1..[1m}[0m[2m:[0m [2mconsensus_core::core[0m[2m:[0m [2mconsensus/core/src/core.rs[0m[2m:[0m[2m531:[0m Created block B415(A,/DdALRlbSrAC8eJVkWIkzv+LXI/3w0SeJklwTPFVSBQ=)(1742889406181ms;[B414(A,gfyKqLFKtdVZxcPhqHwKwEDUWvWFUusoioy+lqIeAJY=), B414(B,B+AVrijOa7e/Vv3N9CVnwa7R2TEz9QUaqlmL2lvjU14=), B414(C,zohffMecCPcKblMpUrKaQVpc9odCdMJ0Xno1Ji7ZvJY=)];1t;1c) for round 415
[2m2025-03-25T07:56:46.181718Z[0m [32m INFO[0m [1mnode[0m[1m{[0m[3mname[0m[2m=[0mk#99f25ef6..[1m}[0m[2m:[0m [2mconsensus_core::core[0m[2m:[0m [2mconsensus/core/src/core.rs[0m[2m:[0m[2m531:[0m Created block B415(B,b2d7MHvnXbZcC7rwaVUy9BUJYPL0RT3jJzYn1l0vwAs=)(1742889406181ms;[B414(B,B+AVrijOa7e/Vv3N9CVnwa7R2TEz9QUaqlmL2lvjU14=), B414(A,gfyKqLFKtdVZxcPhqHwKwEDUWvWFUusoioy+lqIeAJY=), B414(C,zohffMecCPcKblMpUrKaQVpc9odCdMJ0Xno1Ji7ZvJY=)];1t;1c) for round 415
[2m2025-03-25T07:56:46.181763Z[0m [32m INFO[0m [1mnode[0m[1m{[0m[3mname[0m[2m=[0mk#8dcff6d1..[1m}[0m[2m:[0m [2mconsensus_core::core[0m[2m:[0m [2mconsensus/core/src/core.rs[0m[2m:[0m[2m630:[0m Committing 1 leaders: B413(A,CpEW)
[2m2025-03-25T07:56:46.181779Z[0m [32m INFO[0m [1mnode[0m[1m{[0m[3mname[0m[2m=[0mk#99f25ef6..[1m}[0m[2m:[0m [2mconsensus_core::core[0m[2m:[0m [2mconsensus/core/src/core.rs[0m[2m:[0m[2m630:[0m Committing 1 leaders: B413(A,CpEW)
[2m2025-03-25T07:56:46.181837Z[0m [32m INFO[0m [1mnode[0m[1m{[0m[3mname[0m[2m=[0mk#8dcff6d1..[1m}[0m[2m:[0m [2mconsensus_core::commit_observer[0m[2m:[0m [2mconsensus/core/src/commit_observer.rs[0m[2m:[0m[2m173:[0m Consensus commit C402(Zxp5) with leader B413(A,CpEW) has 3 blocks
[2m2025-03-25T07:56:46.181841Z[0m [32m INFO[0m [1mnode[0m[1m{[0m[3mname[0m[2m=[0mk#99f25ef6..[1m}[0m[2m:[0m [2mconsensus_core::commit_observer[0m[2m:[0m [2mconsensus/core/src/commit_observer.rs[0m[2m:[0m[2m173:[0m Consensus commit C402(Zxp5) with leader B413(A,CpEW) has 3 blocks
[2m2025-03-25T07:56:46.181926Z[0m [32m INFO[0m [1mnode[0m[1m{[0m[3mname[0m[2m=[0mk#99f25ef6..[1m}[0m[2m:[0m [2msui_core::consensus_handler[0m[2m:[0m [2mcrates/sui-core/src/consensus_handler.rs[0m[2m:[0m[2m232:[0m Received consensus output [3mconsensus_commit[0m[2m=[0mCommittedSubDag(leader=B413(A,CpEW), ref=C402(Zxp5), blocks=[tZsU, heQt, CpEW]) [3mepoch[0m[2m=[0m1
[2m2025-03-25T07:56:46.181926Z[0m [32m INFO[0m [1mnode[0m[1m{[0m[3mname[0m[2m=[0mk#8dcff6d1..[1m}[0m[2m:[0m [2msui_core::consensus_handler[0m[2m:[0m [2mcrates/sui-core/src/consensus_handler.rs[0m[2m:[0m[2m232:[0m Received consensus output [3mconsensus_commit[0m[2m=[0mCommittedSubDag(leader=B413(A,CpEW), ref=C402(Zxp5), blocks=[tZsU, heQt, CpEW]) [3mepoch[0m[2m=[0m1
[2m2025-03-25T07:56:46.185519Z[0m [32m INFO[0m [1mnode[0m[1m{[0m[3mname[0m[2m=[0mk#addeef94..[1m}[0m[2m:[0m [2mconsensus_core::core[0m[2m:[0m [2mconsensus/core/src/core.rs[0m[2m:[0m[2m630:[0m Committing 1 leaders: B413(A,CpEW)
[2m2025-03-25T07:56:46.185616Z[0m [32m INFO[0m [1mnode[0m[1m{[0m[3mname[0m[2m=[0mk#addeef94..[1m}[0m[2m:[0m [2mconsensus_core::commit_observer[0m[2m:[0m [2mconsensus/core/src/commit_observer.rs[0m[2m:[0m[2m173:[0m Consensus commit C402(Zxp5) with leader B413(A,CpEW) has 3 blocks
[2m2025-03-25T07:56:46.185742Z[0m [32m INFO[0m [1mnode[0m[1m{[0m[3mname[0m[2m=[0mk#addeef94..[1m}[0m[2m:[0m [2msui_core::consensus_handler[0m[2m:[0m [2mcrates/sui-core/src/consensus_handler.rs[0m[2m:[0m[2m232:[0m Received consensus output [3mconsensus_commit[0m[2m=[0mCommittedSubDag(leader=B413(A,CpEW), ref=C402(Zxp5), blocks=[tZsU, heQt, CpEW]) [3mepoch[0m[2m=[0m1
[2m2025-03-25T07:56:46.208579Z[0m [32m INFO[0m [1mnode[0m[1m{[0m[3mname[0m[2m=[0mk#8dcff6d1..[1m}[0m[2m:[0m [2msui_core::checkpoints[0m[2m:[0m [2mcrates/sui-core/src/checkpoints/mod.rs[0m[2m:[0m[2m1326:[0m Creating checkpoint(s) for 2 transactions [3mnext_checkpoint_seq[0m[2m=[0m615 [3mcheckpoint_timestamp[0m[2m=[0m1742889405669
[2m2025-03-25T07:56:46.208579Z[0m [32m INFO[0m [1mnode[0m[1m{[0m[3mname[0m[2m=[0mk#99f25ef6..[1m}[0m[2m:[0m [2msui_core::checkpoints[0m[2m:[0m [2mcrates/sui-core/src/checkpoints/mod.rs[0m[2m:[0m[2m1326:[0m Creating checkpoint(s) for 2 transactions [3mnext_checkpoint_seq[0m[2m=[0m615 [3mcheckpoint_timestamp[0m[2m=[0m1742889405669
[2m2025-03-25T07:56:46.208901Z[0m [32m INFO[0m [1mnode[0m[1m{[0m[3mname[0m[2m=[0mk#99f25ef6..[1m}[0m[2m:[0m [2msui_core::checkpoints::checkpoint_output[0m[2m:[0m [2mcrates/sui-core/src/checkpoints/checkpoint_output.rs[0m[2m:[0m[2m149:[0m Creating checkpoint CheckpointDigest(FK5JJnFbz87g2VTkR2tsumQ1yiiT5i5AFoeAVFv4jceJ) at epoch 1, sequence 615, previous digest Some(CheckpointDigest(7qA4GhCZK8B7PkFvyn8kVAaqbbB1uukHrrhcKLqVCo4W)), transactions count 2, content digest CheckpointContentsDigest(3GAPGrt7iqKC8uyiYqYPT4hi1Ny4oTvSePgcu9QypxZw), end_of_epoch_data None
[2m2025-03-25T07:56:46.208901Z[0m [32m INFO[0m [1mnode[0m[1m{[0m[3mname[0m[2m=[0mk#8dcff6d1..[1m}[0m[2m:[0m [2msui_core::checkpoints::checkpoint_output[0m[2m:[0m [2mcrates/sui-core/src/checkpoints/checkpoint_output.rs[0m[2m:[0m[2m149:[0m Creating checkpoint CheckpointDigest(FK5JJnFbz87g2VTkR2tsumQ1yiiT5i5AFoeAVFv4jceJ) at epoch 1, sequence 615, previous digest Some(CheckpointDigest(7qA4GhCZK8B7PkFvyn8kVAaqbbB1uukHrrhcKLqVCo4W)), transactions count 2, content digest CheckpointContentsDigest(3GAPGrt7iqKC8uyiYqYPT4hi1Ny4oTvSePgcu9QypxZw), end_of_epoch_data None
[2m2025-03-25T07:56:46.211861Z[0m [32m INFO[0m [1mnode[0m[1m{[0m[3mname[0m[2m=[0mk#addeef94..[1m}[0m[2m:[0m [2msui_core::checkpoints[0m[2m:[0m [2mcrates/sui-core/src/checkpoints/mod.rs[0m[2m:[0m[2m1326:[0m Creating checkpoint(s) for 2 transactions [3mnext_checkpoint_seq[0m[2m=[0m615 [3mcheckpoint_timestamp[0m[2m=[0m1742889405669
[2m2025-03-25T07:56:46.212078Z[0m [32m INFO[0m [1mnode[0m[1m{[0m[3mname[0m[2m=[0mk#99f25ef6..[1m}[0m[2m:[0m [2msui_core::checkpoints::checkpoint_output[0m[2m:[0m [2mcrates/sui-core/src/checkpoints/checkpoint_output.rs[0m[2m:[0m[2m196:[0m Certified checkpoint with sequence 614 and digest 7qA4GhCZK8B7PkFvyn8kVAaqbbB1uukHrrhcKLqVCo4W
[2m2025-03-25T07:56:46.212080Z[0m [32m INFO[0m [1mnode[0m[1m{[0m[3mname[0m[2m=[0mk#8dcff6d1..[1m}[0m[2m:[0m [2msui_core::checkpoints::checkpoint_output[0m[2m:[0m [2mcrates/sui-core/src/checkpoints/checkpoint_output.rs[0m[2m:[0m[2m196:[0m Certified checkpoint with sequence 614 and digest 7qA4GhCZK8B7PkFvyn8kVAaqbbB1uukHrrhcKLqVCo4W
[2m2025-03-25T07:56:46.212136Z[0m [32m INFO[0m [1mnode[0m[1m{[0m[3mname[0m[2m=[0mk#addeef94..[1m}[0m[2m:[0m [2msui_core::checkpoints::checkpoint_output[0m[2m:[0m [2mcrates/sui-core/src/checkpoints/checkpoint_output.rs[0m[2m:[0m[2m149:[0m Creating checkpoint CheckpointDigest(FK5JJnFbz87g2VTkR2tsumQ1yiiT5i5AFoeAVFv4jceJ) at epoch 1, sequence 615, previous digest Some(CheckpointDigest(7qA4GhCZK8B7PkFvyn8kVAaqbbB1uukHrrhcKLqVCo4W)), transactions count 2, content digest CheckpointContentsDigest(3GAPGrt7iqKC8uyiYqYPT4hi1Ny4oTvSePgcu9QypxZw), end_of_epoch_data None
[2m2025-03-25T07:56:46.212536Z[0m [32m INFO[0m [1mnode[0m[1m{[0m[3mname[0m[2m=[0mk#8dcff6d1..[1m}[0m[2m:[0m [2msui_core::checkpoints::checkpoint_executor[0m[2m:[0m [2mcrates/sui-core/src/checkpoints/checkpoint_executor/mod.rs[0m[2m:[0m[2m332:[0m Received checkpoint summary from state sync [3msequence_number[0m[2m=[0m614
[2m2025-03-25T07:56:46.212536Z[0m [32m INFO[0m [1mnode[0m[1m{[0m[3mname[0m[2m=[0mk#99f25ef6..[1m}[0m[2m:[0m [2msui_core::checkpoints::checkpoint_executor[0m[2m:[0m [2mcrates/sui-core/src/checkpoints/checkpoint_executor/mod.rs[0m[2m:[0m[2m332:[0m Received checkpoint summary from state sync [3msequence_number[0m[2m=[0m614
[2m2025-03-25T07:56:46.213730Z[0m [32m INFO[0m [1mnode[0m[1m{[0m[3mname[0m[2m=[0mk#99f25ef6..[1m}[0m[2m:[0m [2msui_core::state_accumulator[0m[2m:[0m [2mcrates/sui-core/src/state_accumulator.rs[0m[2m:[0m[2m675:[0m accumulating running root for checkpoint 614
[2m2025-03-25T07:56:46.213735Z[0m [32m INFO[0m [1mnode[0m[1m{[0m[3mname[0m[2m=[0mk#8dcff6d1..[1m}[0m[2m:[0m [2msui_core::state_accumulator[0m[2m:[0m [2mcrates/sui-core/src/state_accumulator.rs[0m[2m:[0m[2m675:[0m accumulating running root for checkpoint 614
[2m2025-03-25T07:56:46.215925Z[0m [32m INFO[0m [1mnode[0m[1m{[0m[3mname[0m[2m=[0mk#addeef94..[1m}[0m[2m:[0m [2msui_core::checkpoints::checkpoint_executor[0m[2m:[0m [2mcrates/sui-core/src/checkpoints/checkpoint_executor/mod.rs[0m[2m:[0m[2m332:[0m Received checkpoint summary from state sync [3msequence_number[0m[2m=[0m614
[2m2025-03-25T07:56:46.216676Z[0m [32m INFO[0m [1mnode[0m[1m{[0m[3mname[0m[2m=[0mk#addeef94..[1m}[0m[2m:[0m [2msui_core::state_accumulator[0m[2m:[0m [2mcrates/sui-core/src/state_accumulator.rs[0m[2m:[0m[2m675:[0m accumulating running root for checkpoint 614
[2m2025-03-25T07:56:46.434723Z[0m [32m INFO[0m [1mnode[0m[1m{[0m[3mname[0m[2m=[0mk#99f25ef6..[1m}[0m[2m:[0m [2mconsensus_core::core[0m[2m:[0m [2mconsensus/core/src/core.rs[0m[2m:[0m[2m945:[0m Included 3 ancestors & excluded 0 ancestors for proposal in round 416
[2m2025-03-25T07:56:46.435088Z[0m [32m INFO[0m [1mnode[0m[1m{[0m[3mname[0m[2m=[0mk#8dcff6d1..[1m}[0m[2m:[0m [2mconsensus_core::core[0m[2m:[0m [2mconsensus/core/src/core.rs[0m[2m:[0m[2m945:[0m Included 3 ancestors & excluded 0 ancestors for proposal in round 416
[2m2025-03-25T07:56:46.435134Z[0m [32m INFO[0m [1mnode[0m[1m{[0m[3mname[0m[2m=[0mk#99f25ef6..[1m}[0m[2m:[0m [2mconsensus_core::core[0m[2m:[0m [2mconsensus/core/src/core.rs[0m[2m:[0m[2m531:[0m Created block B416(B,Ra97Gg17vxeIHk9QRxy1oxAHbX0PGn6VdpLYcBkb7nI=)(1742889406434ms;[B415(B,b2d7MHvnXbZcC7rwaVUy9BUJYPL0RT3jJzYn1l0vwAs=), B415(A,/DdALRlbSrAC8eJVkWIkzv+LXI/3w0SeJklwTPFVSBQ=), B415(C,Z4tuRUbrN2HjN9QhLROjsSFFIKpJan3hsawbyksbMeM=)];1t;1c) for round 416
[2m2025-03-25T07:56:46.435413Z[0m [32m INFO[0m [1mnode[0m[1m{[0m[3mname[0m[2m=[0mk#8dcff6d1..[1m}[0m[2m:[0m [2mconsensus_core::core[0m[2m:[0m [2mconsensus/core/src/core.rs[0m[2m:[0m[2m531:[0m Created block B416(A,RMvwhrciIdeMLsYP4+mfpUqtWnalBPInAC2+fmwuBTA=)(1742889406435ms;[B415(A,/DdALRlbSrAC8eJVkWIkzv+LXI/3w0SeJklwTPFVSBQ=), B415(B,b2d7MHvnXbZcC7rwaVUy9BUJYPL0RT3jJzYn1l0vwAs=), B415(C,Z4tuRUbrN2HjN9QhLROjsSFFIKpJan3hsawbyksbMeM=)];1t;1c) for round 416
[2m2025-03-25T07:56:46.438410Z[0m [32m INFO[0m [1mnode[0m[1m{[0m[3mname[0m[2m=[0mk#addeef94..[1m}[0m[2m:[0m [2mconsensus_core::core[0m[2m:[0m [2mconsensus/core/src/core.rs[0m[2m:[0m[2m945:[0m Included 3 ancestors & excluded 0 ancestors for proposal in round 416
[2m2025-03-25T07:56:46.438717Z[0m [32m INFO[0m [1mnode[0m[1m{[0m[3mname[0m[2m=[0mk#addeef94..[1m}[0m[2m:[0m [2mconsensus_core::core[0m[2m:[0m [2mconsensus/core/src/core.rs[0m[2m:[0m[2m531:[0m Created block B416(C,Q1FqIyz7mQ+D4hemDv+Wj4nAl+ctOnSCp0wSIOXdn4g=)(1742889406438ms;[B415(C,Z4tuRUbrN2HjN9QhLROjsSFFIKpJan3hsawbyksbMeM=), B415(A,/DdALRlbSrAC8eJVkWIkzv+LXI/3w0SeJklwTPFVSBQ=), B415(B,b2d7MHvnXbZcC7rwaVUy9BUJYPL0RT3jJzYn1l0vwAs=)];1t;1c) for round 416
[2m2025-03-25T07:56:46.438791Z[0m [32m INFO[0m [1mnode[0m[1m{[0m[3mname[0m[2m=[0mk#addeef94..[1m}[0m[2m:[0m [2mconsensus_core::core[0m[2m:[0m [2mconsensus/core/src/core.rs[0m[2m:[0m[2m630:[0m Committing 1 leaders: B414(A,gfyK)
[2m2025-03-25T07:56:46.438866Z[0m [32m INFO[0m [1mnode[0m[1m{[0m[3mname[0m[2m=[0mk#addeef94..[1m}[0m[2m:[0m [2mconsensus_core::commit_observer[0m[2m:[0m [2mconsensus/core/src/commit_observer.rs[0m[2m:[0m[2m173:[0m Consensus commit C403(OSF9) with leader B414(A,gfyK) has 3 blocks
[2m2025-03-25T07:56:46.439119Z[0m [32m INFO[0m [1mnode[0m[1m{[0m[3mname[0m[2m=[0mk#addeef94..[1m}[0m[2m:[0m [2msui_core::consensus_handler[0m[2m:[0m [2mcrates/sui-core/src/consensus_handler.rs[0m[2m:[0m[2m232:[0m Received consensus output [3mconsensus_commit[0m[2m=[0mCommittedSubDag(leader=B414(A,gfyK), ref=C403(OSF9), blocks=[lHgf, Eu+E, gfyK]) [3mepoch[0m[2m=[0m1
[2m2025-03-25T07:56:46.442241Z[0m [32m INFO[0m [1mnode[0m[1m{[0m[3mname[0m[2m=[0mk#99f25ef6..[1m}[0m[2m:[0m [2msui_core::checkpoints::checkpoint_output[0m[2m:[0m [2mcrates/sui-core/src/checkpoints/checkpoint_output.rs[0m[2m:[0m[2m196:[0m Certified checkpoint with sequence 615 and digest FK5JJnFbz87g2VTkR2tsumQ1yiiT5i5AFoeAVFv4jceJ
[2m2025-03-25T07:56:46.442241Z[0m [32m INFO[0m [1mnode[0m[1m{[0m[3mname[0m[2m=[0mk#8dcff6d1..[1m}[0m[2m:[0m [2msui_core::checkpoints::checkpoint_output[0m[2m:[0m [2mcrates/sui-core/src/checkpoints/checkpoint_output.rs[0m[2m:[0m[2m196:[0m Certified checkpoint with sequence 615 and digest FK5JJnFbz87g2VTkR2tsumQ1yiiT5i5AFoeAVFv4jceJ
[2m2025-03-25T07:56:46.442348Z[0m [32m INFO[0m [1mnode[0m[1m{[0m[3mname[0m[2m=[0mk#8dcff6d1..[1m}[0m[2m:[0m [2mconsensus_core::core[0m[2m:[0m [2mconsensus/core/src/core.rs[0m[2m:[0m[2m630:[0m Committing 1 leaders: B414(A,gfyK)
[2m2025-03-25T07:56:46.442351Z[0m [32m INFO[0m [1mnode[0m[1m{[0m[3mname[0m[2m=[0mk#99f25ef6..[1m}[0m[2m:[0m [2mconsensus_core::core[0m[2m:[0m [2mconsensus/core/src/core.rs[0m[2m:[0m[2m630:[0m Committing 1 leaders: B414(A,gfyK)
[2m2025-03-25T07:56:46.442448Z[0m [32m INFO[0m [1mnode[0m[1m{[0m[3mname[0m[2m=[0mk#8dcff6d1..[1m}[0m[2m:[0m [2mconsensus_core::commit_observer[0m[2m:[0m [2mconsensus/core/src/commit_observer.rs[0m[2m:[0m[2m173:[0m Consensus commit C403(OSF9) with leader B414(A,gfyK) has 3 blocks
[2m2025-03-25T07:56:46.442453Z[0m [32m INFO[0m [1mnode[0m[1m{[0m[3mname[0m[2m=[0mk#99f25ef6..[1m}[0m[2m:[0m [2mconsensus_core::commit_observer[0m[2m:[0m [2mconsensus/core/src/commit_observer.rs[0m[2m:[0m[2m173:[0m Consensus commit C403(OSF9) with leader B414(A,gfyK) has 3 blocks
[2m2025-03-25T07:56:46.442896Z[0m [32m INFO[0m [1mnode[0m[1m{[0m[3mname[0m[2m=[0mk#8dcff6d1..[1m}[0m[2m:[0m [2msui_core::consensus_handler[0m[2m:[0m [2mcrates/sui-core/src/consensus_handler.rs[0m[2m:[0m[2m232:[0m Received consensus output [3mconsensus_commit[0m[2m=[0mCommittedSubDag(leader=B414(A,gfyK), ref=C403(OSF9), blocks=[lHgf, Eu+E, gfyK]) [3mepoch[0m[2m=[0m1
[2m2025-03-25T07:56:46.442896Z[0m [32m INFO[0m [1mnode[0m[1m{[0m[3mname[0m[2m=[0mk#99f25ef6..[1m}[0m[2m:[0m [2msui_core::consensus_handler[0m[2m:[0m [2mcrates/sui-core/src/consensus_handler.rs[0m[2m:[0m[2m232:[0m Received consensus output [3mconsensus_commit[0m[2m=[0mCommittedSubDag(leader=B414(A,gfyK), ref=C403(OSF9), blocks=[lHgf, Eu+E, gfyK]) [3mepoch[0m[2m=[0m1
[2m2025-03-25T07:56:46.443516Z[0m [32m INFO[0m [1mnode[0m[1m{[0m[3mname[0m[2m=[0mk#99f25ef6..[1m}[0m[2m:[0m [2msui_core::checkpoints::checkpoint_executor[0m[2m:[0m [2mcrates/sui-core/src/checkpoints/checkpoint_executor/mod.rs[0m[2m:[0m[2m332:[0m Received checkpoint summary from state sync [3msequence_number[0m[2m=[0m615
[2m2025-03-25T07:56:46.443516Z[0m [32m INFO[0m [1mnode[0m[1m{[0m[3mname[0m[2m=[0mk#8dcff6d1..[1m}[0m[2m:[0m [2msui_core::checkpoints::checkpoint_executor[0m[2m:[0m [2mcrates/sui-core/src/checkpoints/checkpoint_executor/mod.rs[0m[2m:[0m[2m332:[0m Received checkpoint summary from state sync [3msequence_number[0m[2m=[0m615
[2m2025-03-25T07:56:46.457102Z[0m [32m INFO[0m [1mnode[0m[1m{[0m[3mname[0m[2m=[0mk#99f25ef6..[1m}[0m[2m:[0m [2msui_core::state_accumulator[0m[2m:[0m [2mcrates/sui-core/src/state_accumulator.rs[0m[2m:[0m[2m675:[0m accumulating running root for checkpoint 615
[2m2025-03-25T07:56:46.457102Z[0m [32m INFO[0m [1mnode[0m[1m{[0m[3mname[0m[2m=[0mk#8dcff6d1..[1m}[0m[2m:[0m [2msui_core::state_accumulator[0m[2m:[0m [2mcrates/sui-core/src/state_accumulator.rs[0m[2m:[0m[2m675:[0m accumulating running root for checkpoint 615
[2m2025-03-25T07:56:46.483593Z[0m [32m INFO[0m [1mnode[0m[1m{[0m[3mname[0m[2m=[0mk#addeef94..[1m}[0m[2m:[0m [2msui_core::checkpoints[0m[2m:[0m [2mcrates/sui-core/src/checkpoints/mod.rs[0m[2m:[0m[2m1326:[0m Creating checkpoint(s) for 1 transactions [3mnext_checkpoint_seq[0m[2m=[0m616 [3mcheckpoint_timestamp[0m[2m=[0m1742889405922
[2m2025-03-25T07:56:46.483829Z[0m [32m INFO[0m [1mnode[0m[1m{[0m[3mname[0m[2m=[0mk#addeef94..[1m}[0m[2m:[0m [2msui_core::checkpoints::checkpoint_output[0m[2m:[0m [2mcrates/sui-core/src/checkpoints/checkpoint_output.rs[0m[2m:[0m[2m149:[0m Creating checkpoint CheckpointDigest(8DYh41VowNNP3JvHHu31P34pv98Xu6kH3SpWGVLdsdj) at epoch 1, sequence 616, previous digest Some(CheckpointDigest(FK5JJnFbz87g2VTkR2tsumQ1yiiT5i5AFoeAVFv4jceJ)), transactions count 1, content digest CheckpointContentsDigest(CZcA4G6AiEgasDDg2Ungeuj4ShgRBQTZ6pjsxK3jX44M), end_of_epoch_data None
[2m2025-03-25T07:56:46.488587Z[0m [32m INFO[0m [1mnode[0m[1m{[0m[3mname[0m[2m=[0mk#8dcff6d1..[1m}[0m[2m:[0m [2msui_core::checkpoints[0m[2m:[0m [2mcrates/sui-core/src/checkpoints/mod.rs[0m[2m:[0m[2m1326:[0m Creating checkpoint(s) for 1 transactions [3mnext_checkpoint_seq[0m[2m=[0m616 [3mcheckpoint_timestamp[0m[2m=[0m1742889405922
[2m2025-03-25T07:56:46.488768Z[0m [32m INFO[0m [1mnode[0m[1m{[0m[3mname[0m[2m=[0mk#8dcff6d1..[1m}[0m[2m:[0m [2msui_core::checkpoints::checkpoint_output[0m[2m:[0m [2mcrates/sui-core/src/checkpoints/checkpoint_output.rs[0m[2m:[0m[2m149:[0m Creating checkpoint CheckpointDigest(8DYh41VowNNP3JvHHu31P34pv98Xu6kH3SpWGVLdsdj) at epoch 1, sequence 616, previous digest Some(CheckpointDigest(FK5JJnFbz87g2VTkR2tsumQ1yiiT5i5AFoeAVFv4jceJ)), transactions count 1, content digest CheckpointContentsDigest(CZcA4G6AiEgasDDg2Ungeuj4ShgRBQTZ6pjsxK3jX44M), end_of_epoch_data None
[2m2025-03-25T07:56:46.489507Z[0m [32m INFO[0m [1mnode[0m[1m{[0m[3mname[0m[2m=[0mk#99f25ef6..[1m}[0m[2m:[0m [2msui_core::checkpoints[0m[2m:[0m [2mcrates/sui-core/src/checkpoints/mod.rs[0m[2m:[0m[2m1326:[0m Creating checkpoint(s) for 1 transactions [3mnext_checkpoint_seq[0m[2m=[0m616 [3mcheckpoint_timestamp[0m[2m=[0m1742889405922
[2m2025-03-25T07:56:46.489673Z[0m [32m INFO[0m [1mnode[0m[1m{[0m[3mname[0m[2m=[0mk#99f25ef6..[1m}[0m[2m:[0m [2msui_core::checkpoints::checkpoint_output[0m[2m:[0m [2mcrates/sui-core/src/checkpoints/checkpoint_output.rs[0m[2m:[0m[2m149:[0m Creating checkpoint CheckpointDigest(8DYh41VowNNP3JvHHu31P34pv98Xu6kH3SpWGVLdsdj) at epoch 1, sequence 616, previous digest Some(CheckpointDigest(FK5JJnFbz87g2VTkR2tsumQ1yiiT5i5AFoeAVFv4jceJ)), transactions count 1, content digest CheckpointContentsDigest(CZcA4G6AiEgasDDg2Ungeuj4ShgRBQTZ6pjsxK3jX44M), end_of_epoch_data None
[2m2025-03-25T07:56:46.550338Z[0m [32m INFO[0m [1mnode[0m[1m{[0m[3mname[0m[2m=[0mk#addeef94..[1m}[0m[2m:[0m [2msui_core::checkpoints::checkpoint_executor[0m[2m:[0m [2mcrates/sui-core/src/checkpoints/checkpoint_executor/mod.rs[0m[2m:[0m[2m332:[0m Received checkpoint summary from state sync [3msequence_number[0m[2m=[0m615
[2m2025-03-25T07:56:46.551828Z[0m [32m INFO[0m [1mnode[0m[1m{[0m[3mname[0m[2m=[0mk#addeef94..[1m}[0m[2m:[0m [2msui_core::state_accumulator[0m[2m:[0m [2mcrates/sui-core/src/state_accumulator.rs[0m[2m:[0m[2m675:[0m accumulating running root for checkpoint 615
[2m2025-03-25T07:56:46.691718Z[0m [32m INFO[0m [1mnode[0m[1m{[0m[3mname[0m[2m=[0mk#addeef94..[1m}[0m[2m:[0m [2mconsensus_core::core[0m[2m:[0m [2mconsensus/core/src/core.rs[0m[2m:[0m[2m945:[0m Included 3 ancestors & excluded 0 ancestors for proposal in round 417
[2m2025-03-25T07:56:46.692105Z[0m [32m INFO[0m [1mnode[0m[1m{[0m[3mname[0m[2m=[0mk#addeef94..[1m}[0m[2m:[0m [2mconsensus_core::core[0m[2m:[0m [2mconsensus/core/src/core.rs[0m[2m:[0m[2m531:[0m Created block B417(C,PAaoHLHm29ZeUngyTJL5V4gfjZrTch8Vf5/+0Wu+tXA=)(1742889406691ms;[B416(C,Q1FqIyz7mQ+D4hemDv+Wj4nAl+ctOnSCp0wSIOXdn4g=), B416(A,RMvwhrciIdeMLsYP4+mfpUqtWnalBPInAC2+fmwuBTA=), B416(B,Ra97Gg17vxeIHk9QRxy1oxAHbX0PGn6VdpLYcBkb7nI=)];1t;1c) for round 417
[2m2025-03-25T07:56:46.694053Z[0m [32m INFO[0m [1mnode[0m[1m{[0m[3mname[0m[2m=[0mk#99f25ef6..[1m}[0m[2m:[0m [2mconsensus_core::core[0m[2m:[0m [2mconsensus/core/src/core.rs[0m[2m:[0m[2m945:[0m Included 3 ancestors & excluded 0 ancestors for proposal in round 417
[2m2025-03-25T07:56:46.694053Z[0m [32m INFO[0m [1mnode[0m[1m{[0m[3mname[0m[2m=[0mk#8dcff6d1..[1m}[0m[2m:[0m [2mconsensus_core::core[0m[2m:[0m [2mconsensus/core/src/core.rs[0m[2m:[0m[2m945:[0m Included 3 ancestors & excluded 0 ancestors for proposal in round 417
[2m2025-03-25T07:56:46.694345Z[0m [32m INFO[0m [1mnode[0m[1m{[0m[3mname[0m[2m=[0mk#99f25ef6..[1m}[0m[2m:[0m [2mconsensus_core::core[0m[2m:[0m [2mconsensus/core/src/core.rs[0m[2m:[0m[2m531:[0m Created block B417(B,KfuiQuUu51Je72jNB/h/liZ63SDstIO4P7vVLtD9rm0=)(1742889406694ms;[B416(B,Ra97Gg17vxeIHk9QRxy1oxAHbX0PGn6VdpLYcBkb7nI=), B416(A,RMvwhrciIdeMLsYP4+mfpUqtWnalBPInAC2+fmwuBTA=), B416(C,Q1FqIyz7mQ+D4hemDv+Wj4nAl+ctOnSCp0wSIOXdn4g=)];1t;1c) for round 417
[2m2025-03-25T07:56:46.694344Z[0m [32m INFO[0m [1mnode[0m[1m{[0m[3mname[0m[2m=[0mk#8dcff6d1..[1m}[0m[2m:[0m [2mconsensus_core::core[0m[2m:[0m [2mconsensus/core/src/core.rs[0m[2m:[0m[2m531:[0m Created block B417(A,zg7bZ14IrTIGaYiS1ySbH5tsN1E/uvzHlv94Z8knd1U=)(1742889406694ms;[B416(A,RMvwhrciIdeMLsYP4+mfpUqtWnalBPInAC2+fmwuBTA=), B416(B,Ra97Gg17vxeIHk9QRxy1oxAHbX0PGn6VdpLYcBkb7nI=), B416(C,Q1FqIyz7mQ+D4hemDv+Wj4nAl+ctOnSCp0wSIOXdn4g=)];1t;1c) for round 417
[2m2025-03-25T07:56:46.694413Z[0m [32m INFO[0m [1mnode[0m[1m{[0m[3mname[0m[2m=[0mk#99f25ef6..[1m}[0m[2m:[0m [2mconsensus_core::core[0m[2m:[0m [2mconsensus/core/src/core.rs[0m[2m:[0m[2m630:[0m Committing 1 leaders: B415(C,Z4tu)
[2m2025-03-25T07:56:46.694413Z[0m [32m INFO[0m [1mnode[0m[1m{[0m[3mname[0m[2m=[0mk#8dcff6d1..[1m}[0m[2m:[0m [2mconsensus_core::core[0m[2m:[0m [2mconsensus/core/src/core.rs[0m[2m:[0m[2m630:[0m Committing 1 leaders: B415(C,Z4tu)
[2m2025-03-25T07:56:46.694502Z[0m [32m INFO[0m [1mnode[0m[1m{[0m[3mname[0m[2m=[0mk#99f25ef6..[1m}[0m[2m:[0m [2mconsensus_core::commit_observer[0m[2m:[0m [2mconsensus/core/src/commit_observer.rs[0m[2m:[0m[2m173:[0m Consensus commit C404(O/rp) with leader B415(C,Z4tu) has 3 blocks
[2m2025-03-25T07:56:46.694502Z[0m [32m INFO[0m [1mnode[0m[1m{[0m[3mname[0m[2m=[0mk#8dcff6d1..[1m}[0m[2m:[0m [2mconsensus_core::commit_observer[0m[2m:[0m [2mconsensus/core/src/commit_observer.rs[0m[2m:[0m[2m173:[0m Consensus commit C404(O/rp) with leader B415(C,Z4tu) has 3 blocks
[2m2025-03-25T07:56:46.694589Z[0m [32m INFO[0m [1mnode[0m[1m{[0m[3mname[0m[2m=[0mk#99f25ef6..[1m}[0m[2m:[0m [2msui_core::consensus_handler[0m[2m:[0m [2mcrates/sui-core/src/consensus_handler.rs[0m[2m:[0m[2m232:[0m Received consensus output [3mconsensus_commit[0m[2m=[0mCommittedSubDag(leader=B415(C,Z4tu), ref=C404(O/rp), blocks=[B+AV, zohf, Z4tu]) [3mepoch[0m[2m=[0m1
[2m2025-03-25T07:56:46.694589Z[0m [32m INFO[0m [1mnode[0m[1m{[0m[3mname[0m[2m=[0mk#8dcff6d1..[1m}[0m[2m:[0m [2msui_core::consensus_handler[0m[2m:[0m [2mcrates/sui-core/src/consensus_handler.rs[0m[2m:[0m[2m232:[0m Received consensus output [3mconsensus_commit[0m[2m=[0mCommittedSubDag(leader=B415(C,Z4tu), ref=C404(O/rp), blocks=[B+AV, zohf, Z4tu]) [3mepoch[0m[2m=[0m1
[2m2025-03-25T07:56:46.698249Z[0m [32m INFO[0m [1mnode[0m[1m{[0m[3mname[0m[2m=[0mk#addeef94..[1m}[0m[2m:[0m [2mconsensus_core::core[0m[2m:[0m [2mconsensus/core/src/core.rs[0m[2m:[0m[2m630:[0m Committing 1 leaders: B415(C,Z4tu)
[2m2025-03-25T07:56:46.698346Z[0m [32m INFO[0m [1mnode[0m[1m{[0m[3mname[0m[2m=[0mk#addeef94..[1m}[0m[2m:[0m [2mconsensus_core::commit_observer[0m[2m:[0m [2mconsensus/core/src/commit_observer.rs[0m[2m:[0m[2m173:[0m Consensus commit C404(O/rp) with leader B415(C,Z4tu) has 3 blocks
[2m2025-03-25T07:56:46.698475Z[0m [32m INFO[0m [1mnode[0m[1m{[0m[3mname[0m[2m=[0mk#addeef94..[1m}[0m[2m:[0m [2msui_core::consensus_handler[0m[2m:[0m [2mcrates/sui-core/src/consensus_handler.rs[0m[2m:[0m[2m232:[0m Received consensus output [3mconsensus_commit[0m[2m=[0mCommittedSubDag(leader=B415(C,Z4tu), ref=C404(O/rp), blocks=[B+AV, zohf, Z4tu]) [3mepoch[0m[2m=[0m1
[2m2025-03-25T07:56:46.721198Z[0m [32m INFO[0m [1mnode[0m[1m{[0m[3mname[0m[2m=[0mk#8dcff6d1..[1m}[0m[2m:[0m [2msui_core::checkpoints[0m[2m:[0m [2mcrates/sui-core/src/checkpoints/mod.rs[0m[2m:[0m[2m1326:[0m Creating checkpoint(s) for 2 transactions [3mnext_checkpoint_seq[0m[2m=[0m617 [3mcheckpoint_timestamp[0m[2m=[0m1742889406179
[2m2025-03-25T07:56:46.721457Z[0m [32m INFO[0m [1mnode[0m[1m{[0m[3mname[0m[2m=[0mk#99f25ef6..[1m}[0m[2m:[0m [2msui_core::checkpoints[0m[2m:[0m [2mcrates/sui-core/src/checkpoints/mod.rs[0m[2m:[0m[2m1326:[0m Creating checkpoint(s) for 2 transactions [3mnext_checkpoint_seq[0m[2m=[0m617 [3mcheckpoint_timestamp[0m[2m=[0m1742889406179
[2m2025-03-25T07:56:46.721508Z[0m [32m INFO[0m [1mnode[0m[1m{[0m[3mname[0m[2m=[0mk#8dcff6d1..[1m}[0m[2m:[0m [2msui_core::checkpoints::checkpoint_output[0m[2m:[0m [2mcrates/sui-core/src/checkpoints/checkpoint_output.rs[0m[2m:[0m[2m149:[0m Creating checkpoint CheckpointDigest(93YfSD8sKFsRcH7WGMLsW7kjQgSK6p9HnmA3WneJxsxB) at epoch 1, sequence 617, previous digest Some(CheckpointDigest(8DYh41VowNNP3JvHHu31P34pv98Xu6kH3SpWGVLdsdj)), transactions count 2, content digest CheckpointContentsDigest(F2ronCWiNRmmHFiFAU2j6GXHSYZRzcp6wBiNcMprkBdA), end_of_epoch_data None
[2m2025-03-25T07:56:46.721706Z[0m [32m INFO[0m [1mnode[0m[1m{[0m[3mname[0m[2m=[0mk#99f25ef6..[1m}[0m[2m:[0m [2msui_core::checkpoints::checkpoint_output[0m[2m:[0m [2mcrates/sui-core/src/checkpoints/checkpoint_output.rs[0m[2m:[0m[2m149:[0m Creating checkpoint CheckpointDigest(93YfSD8sKFsRcH7WGMLsW7kjQgSK6p9HnmA3WneJxsxB) at epoch 1, sequence 617, previous digest Some(CheckpointDigest(8DYh41VowNNP3JvHHu31P34pv98Xu6kH3SpWGVLdsdj)), transactions count 2, content digest CheckpointContentsDigest(F2ronCWiNRmmHFiFAU2j6GXHSYZRzcp6wBiNcMprkBdA), end_of_epoch_data None
[2m2025-03-25T07:56:46.724391Z[0m [32m INFO[0m [1mnode[0m[1m{[0m[3mname[0m[2m=[0mk#addeef94..[1m}[0m[2m:[0m [2msui_core::checkpoints[0m[2m:[0m [2mcrates/sui-core/src/checkpoints/mod.rs[0m[2m:[0m[2m1326:[0m Creating checkpoint(s) for 2 transactions [3mnext_checkpoint_seq[0m[2m=[0m617 [3mcheckpoint_timestamp[0m[2m=[0m1742889406179
[2m2025-03-25T07:56:46.724636Z[0m [32m INFO[0m [1mnode[0m[1m{[0m[3mname[0m[2m=[0mk#addeef94..[1m}[0m[2m:[0m [2msui_core::checkpoints::checkpoint_output[0m[2m:[0m [2mcrates/sui-core/src/checkpoints/checkpoint_output.rs[0m[2m:[0m[2m149:[0m Creating checkpoint CheckpointDigest(93YfSD8sKFsRcH7WGMLsW7kjQgSK6p9HnmA3WneJxsxB) at epoch 1, sequence 617, previous digest Some(CheckpointDigest(8DYh41VowNNP3JvHHu31P34pv98Xu6kH3SpWGVLdsdj)), transactions count 2, content digest CheckpointContentsDigest(F2ronCWiNRmmHFiFAU2j6GXHSYZRzcp6wBiNcMprkBdA), end_of_epoch_data None
[2m2025-03-25T07:56:46.724657Z[0m [32m INFO[0m [1mnode[0m[1m{[0m[3mname[0m[2m=[0mk#8dcff6d1..[1m}[0m[2m:[0m [2msui_core::checkpoints::checkpoint_output[0m[2m:[0m [2mcrates/sui-core/src/checkpoints/checkpoint_output.rs[0m[2m:[0m[2m196:[0m Certified checkpoint with sequence 616 and digest 8DYh41VowNNP3JvHHu31P34pv98Xu6kH3SpWGVLdsdj
[2m2025-03-25T07:56:46.724663Z[0m [32m INFO[0m [1mnode[0m[1m{[0m[3mname[0m[2m=[0mk#99f25ef6..[1m}[0m[2m:[0m [2msui_core::checkpoints::checkpoint_output[0m[2m:[0m [2mcrates/sui-core/src/checkpoints/checkpoint_output.rs[0m[2m:[0m[2m196:[0m Certified checkpoint with sequence 616 and digest 8DYh41VowNNP3JvHHu31P34pv98Xu6kH3SpWGVLdsdj
[2m2025-03-25T07:56:46.725104Z[0m [32m INFO[0m [1mnode[0m[1m{[0m[3mname[0m[2m=[0mk#8dcff6d1..[1m}[0m[2m:[0m [2msui_core::checkpoints::checkpoint_executor[0m[2m:[0m [2mcrates/sui-core/src/checkpoints/checkpoint_executor/mod.rs[0m[2m:[0m[2m332:[0m Received checkpoint summary from state sync [3msequence_number[0m[2m=[0m616
[2m2025-03-25T07:56:46.725104Z[0m [32m INFO[0m [1mnode[0m[1m{[0m[3mname[0m[2m=[0mk#99f25ef6..[1m}[0m[2m:[0m [2msui_core::checkpoints::checkpoint_executor[0m[2m:[0m [2mcrates/sui-core/src/checkpoints/checkpoint_executor/mod.rs[0m[2m:[0m[2m332:[0m Received checkpoint summary from state sync [3msequence_number[0m[2m=[0m616
[2m2025-03-25T07:56:46.726279Z[0m [32m INFO[0m [1mnode[0m[1m{[0m[3mname[0m[2m=[0mk#99f25ef6..[1m}[0m[2m:[0m [2msui_core::state_accumulator[0m[2m:[0m [2mcrates/sui-core/src/state_accumulator.rs[0m[2m:[0m[2m675:[0m accumulating running root for checkpoint 616
[2m2025-03-25T07:56:46.726287Z[0m [32m INFO[0m [1mnode[0m[1m{[0m[3mname[0m[2m=[0mk#8dcff6d1..[1m}[0m[2m:[0m [2msui_core::state_accumulator[0m[2m:[0m [2mcrates/sui-core/src/state_accumulator.rs[0m[2m:[0m[2m675:[0m accumulating running root for checkpoint 616
[2m2025-03-25T07:56:46.728440Z[0m [32m INFO[0m [1mnode[0m[1m{[0m[3mname[0m[2m=[0mk#addeef94..[1m}[0m[2m:[0m [2msui_core::checkpoints::checkpoint_executor[0m[2m:[0m [2mcrates/sui-core/src/checkpoints/checkpoint_executor/mod.rs[0m[2m:[0m[2m332:[0m Received checkpoint summary from state sync [3msequence_number[0m[2m=[0m616
[2m2025-03-25T07:56:46.729139Z[0m [32m INFO[0m [1mnode[0m[1m{[0m[3mname[0m[2m=[0mk#addeef94..[1m}[0m[2m:[0m [2msui_core::state_accumulator[0m[2m:[0m [2mcrates/sui-core/src/state_accumulator.rs[0m[2m:[0m[2m675:[0m accumulating running root for checkpoint 616
[2m2025-03-25T07:56:46.947345Z[0m [32m INFO[0m [1mnode[0m[1m{[0m[3mname[0m[2m=[0mk#8dcff6d1..[1m}[0m[2m:[0m [2mconsensus_core::core[0m[2m:[0m [2mconsensus/core/src/core.rs[0m[2m:[0m[2m945:[0m Included 3 ancestors & excluded 0 ancestors for proposal in round 418
[2m2025-03-25T07:56:46.947708Z[0m [32m INFO[0m [1mnode[0m[1m{[0m[3mname[0m[2m=[0mk#99f25ef6..[1m}[0m[2m:[0m [2mconsensus_core::core[0m[2m:[0m [2mconsensus/core/src/core.rs[0m[2m:[0m[2m945:[0m Included 3 ancestors & excluded 0 ancestors for proposal in round 418
[2m2025-03-25T07:56:46.947738Z[0m [32m INFO[0m [1mnode[0m[1m{[0m[3mname[0m[2m=[0mk#8dcff6d1..[1m}[0m[2m:[0m [2mconsensus_core::core[0m[2m:[0m [2mconsensus/core/src/core.rs[0m[2m:[0m[2m531:[0m Created block B418(A,PtgqeOe1swDOCbem5eVGJ8WaUxiOYt54E2ZeCQfyjQ4=)(1742889406947ms;[B417(A,zg7bZ14IrTIGaYiS1ySbH5tsN1E/uvzHlv94Z8knd1U=), B417(B,KfuiQuUu51Je72jNB/h/liZ63SDstIO4P7vVLtD9rm0=), B417(C,PAaoHLHm29ZeUngyTJL5V4gfjZrTch8Vf5/+0Wu+tXA=)];1t;1c) for round 418
[2m2025-03-25T07:56:46.948023Z[0m [32m INFO[0m [1mnode[0m[1m{[0m[3mname[0m[2m=[0mk#99f25ef6..[1m}[0m[2m:[0m [2mconsensus_core::core[0m[2m:[0m [2mconsensus/core/src/core.rs[0m[2m:[0m[2m531:[0m Created block B418(B,pzJGs8jBHSlOjV9mk73ghUpi8CSi9sOsGXHkb+S5YGI=)(1742889406947ms;[B417(B,KfuiQuUu51Je72jNB/h/liZ63SDstIO4P7vVLtD9rm0=), B417(A,zg7bZ14IrTIGaYiS1ySbH5tsN1E/uvzHlv94Z8knd1U=), B417(C,PAaoHLHm29ZeUngyTJL5V4gfjZrTch8Vf5/+0Wu+tXA=)];1t;1c) for round 418
[2m2025-03-25T07:56:46.950872Z[0m [32m INFO[0m [1mnode[0m[1m{[0m[3mname[0m[2m=[0mk#addeef94..[1m}[0m[2m:[0m [2mconsensus_core::core[0m[2m:[0m [2mconsensus/core/src/core.rs[0m[2m:[0m[2m945:[0m Included 3 ancestors & excluded 0 ancestors for proposal in round 418
[2m2025-03-25T07:56:46.951161Z[0m [32m INFO[0m [1mnode[0m[1m{[0m[3mname[0m[2m=[0mk#addeef94..[1m}[0m[2m:[0m [2mconsensus_core::core[0m[2m:[0m [2mconsensus/core/src/core.rs[0m[2m:[0m[2m531:[0m Created block B418(C,TRGmK7Yu8Lv4RRSjuTwz7T1hYv2cAPlE2xRwIgftF78=)(1742889406951ms;[B417(C,PAaoHLHm29ZeUngyTJL5V4gfjZrTch8Vf5/+0Wu+tXA=), B417(A,zg7bZ14IrTIGaYiS1ySbH5tsN1E/uvzHlv94Z8knd1U=), B417(B,KfuiQuUu51Je72jNB/h/liZ63SDstIO4P7vVLtD9rm0=)];1t;1c) for round 418
[2m2025-03-25T07:56:46.951228Z[0m [32m INFO[0m [1mnode[0m[1m{[0m[3mname[0m[2m=[0mk#addeef94..[1m}[0m[2m:[0m [2mconsensus_core::core[0m[2m:[0m [2mconsensus/core/src/core.rs[0m[2m:[0m[2m630:[0m Committing 1 leaders: B416(B,Ra97)
[2m2025-03-25T07:56:46.951296Z[0m [32m INFO[0m [1mnode[0m[1m{[0m[3mname[0m[2m=[0mk#addeef94..[1m}[0m[2m:[0m [2mconsensus_core::commit_observer[0m[2m:[0m [2mconsensus/core/src/commit_observer.rs[0m[2m:[0m[2m173:[0m Consensus commit C405(PnEM) with leader B416(B,Ra97) has 3 blocks
[2m2025-03-25T07:56:46.951529Z[0m [32m INFO[0m [1mnode[0m[1m{[0m[3mname[0m[2m=[0mk#addeef94..[1m}[0m[2m:[0m [2msui_core::consensus_handler[0m[2m:[0m [2mcrates/sui-core/src/consensus_handler.rs[0m[2m:[0m[2m232:[0m Received consensus output [3mconsensus_commit[0m[2m=[0mCommittedSubDag(leader=B416(B,Ra97), ref=C405(PnEM), blocks=[/DdA, b2d7, Ra97]) [3mepoch[0m[2m=[0m1
[2m2025-03-25T07:56:46.954634Z[0m [32m INFO[0m [1mnode[0m[1m{[0m[3mname[0m[2m=[0mk#99f25ef6..[1m}[0m[2m:[0m [2msui_core::checkpoints::checkpoint_output[0m[2m:[0m [2mcrates/sui-core/src/checkpoints/checkpoint_output.rs[0m[2m:[0m[2m196:[0m Certified checkpoint with sequence 617 and digest 93YfSD8sKFsRcH7WGMLsW7kjQgSK6p9HnmA3WneJxsxB
[2m2025-03-25T07:56:46.954654Z[0m [32m INFO[0m [1mnode[0m[1m{[0m[3mname[0m[2m=[0mk#8dcff6d1..[1m}[0m[2m:[0m [2msui_core::checkpoints::checkpoint_output[0m[2m:[0m [2mcrates/sui-core/src/checkpoints/checkpoint_output.rs[0m[2m:[0m[2m196:[0m Certified checkpoint with sequence 617 and digest 93YfSD8sKFsRcH7WGMLsW7kjQgSK6p9HnmA3WneJxsxB
[2m2025-03-25T07:56:46.954746Z[0m [32m INFO[0m [1mnode[0m[1m{[0m[3mname[0m[2m=[0mk#99f25ef6..[1m}[0m[2m:[0m [2mconsensus_core::core[0m[2m:[0m [2mconsensus/core/src/core.rs[0m[2m:[0m[2m630:[0m Committing 1 leaders: B416(B,Ra97)
[2m2025-03-25T07:56:46.954767Z[0m [32m INFO[0m [1mnode[0m[1m{[0m[3mname[0m[2m=[0mk#8dcff6d1..[1m}[0m[2m:[0m [2mconsensus_core::core[0m[2m:[0m [2mconsensus/core/src/core.rs[0m[2m:[0m[2m630:[0m Committing 1 leaders: B416(B,Ra97)
[2m2025-03-25T07:56:46.954851Z[0m [32m INFO[0m [1mnode[0m[1m{[0m[3mname[0m[2m=[0mk#99f25ef6..[1m}[0m[2m:[0m [2mconsensus_core::commit_observer[0m[2m:[0m [2mconsensus/core/src/commit_observer.rs[0m[2m:[0m[2m173:[0m Consensus commit C405(PnEM) with leader B416(B,Ra97) has 3 blocks
[2m2025-03-25T07:56:46.954872Z[0m [32m INFO[0m [1mnode[0m[1m{[0m[3mname[0m[2m=[0mk#8dcff6d1..[1m}[0m[2m:[0m [2mconsensus_core::commit_observer[0m[2m:[0m [2mconsensus/core/src/commit_observer.rs[0m[2m:[0m[2m173:[0m Consensus commit C405(PnEM) with leader B416(B,Ra97) has 3 blocks
[2m2025-03-25T07:56:46.955308Z[0m [32m INFO[0m [1mnode[0m[1m{[0m[3mname[0m[2m=[0mk#99f25ef6..[1m}[0m[2m:[0m [2msui_core::consensus_handler[0m[2m:[0m [2mcrates/sui-core/src/consensus_handler.rs[0m[2m:[0m[2m232:[0m Received consensus output [3mconsensus_commit[0m[2m=[0mCommittedSubDag(leader=B416(B,Ra97), ref=C405(PnEM), blocks=[/DdA, b2d7, Ra97]) [3mepoch[0m[2m=[0m1
[2m2025-03-25T07:56:46.955309Z[0m [32m INFO[0m [1mnode[0m[1m{[0m[3mname[0m[2m=[0mk#8dcff6d1..[1m}[0m[2m:[0m [2msui_core::consensus_handler[0m[2m:[0m [2mcrates/sui-core/src/consensus_handler.rs[0m[2m:[0m[2m232:[0m Received consensus output [3mconsensus_commit[0m[2m=[0mCommittedSubDag(leader=B416(B,Ra97), ref=C405(PnEM), blocks=[/DdA, b2d7, Ra97]) [3mepoch[0m[2m=[0m1
[2m2025-03-25T07:56:46.955940Z[0m [32m INFO[0m [1mnode[0m[1m{[0m[3mname[0m[2m=[0mk#99f25ef6..[1m}[0m[2m:[0m [2msui_core::checkpoints::checkpoint_executor[0m[2m:[0m [2mcrates/sui-core/src/checkpoints/checkpoint_executor/mod.rs[0m[2m:[0m[2m332:[0m Received checkpoint summary from state sync [3msequence_number[0m[2m=[0m617
[2m2025-03-25T07:56:46.955940Z[0m [32m INFO[0m [1mnode[0m[1m{[0m[3mname[0m[2m=[0mk#8dcff6d1..[1m}[0m[2m:[0m [2msui_core::checkpoints::checkpoint_executor[0m[2m:[0m [2mcrates/sui-core/src/checkpoints/checkpoint_executor/mod.rs[0m[2m:[0m[2m332:[0m Received checkpoint summary from state sync [3msequence_number[0m[2m=[0m617
[2m2025-03-25T07:56:46.969523Z[0m [32m INFO[0m [1mnode[0m[1m{[0m[3mname[0m[2m=[0mk#99f25ef6..[1m}[0m[2m:[0m [2msui_core::state_accumulator[0m[2m:[0m [2mcrates/sui-core/src/state_accumulator.rs[0m[2m:[0m[2m675:[0m accumulating running root for checkpoint 617
[2m2025-03-25T07:56:46.969526Z[0m [32m INFO[0m [1mnode[0m[1m{[0m[3mname[0m[2m=[0mk#8dcff6d1..[1m}[0m[2m:[0m [2msui_core::state_accumulator[0m[2m:[0m [2mcrates/sui-core/src/state_accumulator.rs[0m[2m:[0m[2m675:[0m accumulating running root for checkpoint 617
[2m2025-03-25T07:56:46.995482Z[0m [32m INFO[0m [1mnode[0m[1m{[0m[3mname[0m[2m=[0mk#addeef94..[1m}[0m[2m:[0m [2msui_core::checkpoints[0m[2m:[0m [2mcrates/sui-core/src/checkpoints/mod.rs[0m[2m:[0m[2m1326:[0m Creating checkpoint(s) for 1 transactions [3mnext_checkpoint_seq[0m[2m=[0m618 [3mcheckpoint_timestamp[0m[2m=[0m1742889406434
[2m2025-03-25T07:56:46.995709Z[0m [32m INFO[0m [1mnode[0m[1m{[0m[3mname[0m[2m=[0mk#addeef94..[1m}[0m[2m:[0m [2msui_core::checkpoints::checkpoint_output[0m[2m:[0m [2mcrates/sui-core/src/checkpoints/checkpoint_output.rs[0m[2m:[0m[2m149:[0m Creating checkpoint CheckpointDigest(62DvkunUc2Y5ji3N1QsQykbcvgQHmECXVXLAqx7Kaz6H) at epoch 1, sequence 618, previous digest Some(CheckpointDigest(93YfSD8sKFsRcH7WGMLsW7kjQgSK6p9HnmA3WneJxsxB)), transactions count 1, content digest CheckpointContentsDigest(6sYpdXP2Zqjhex9gYif8s4zX6pqsGAvsrewkzGBTgy3s), end_of_epoch_data None
[2m2025-03-25T07:56:47.000673Z[0m [32m INFO[0m [1mnode[0m[1m{[0m[3mname[0m[2m=[0mk#8dcff6d1..[1m}[0m[2m:[0m [2msui_core::checkpoints[0m[2m:[0m [2mcrates/sui-core/src/checkpoints/mod.rs[0m[2m:[0m[2m1326:[0m Creating checkpoint(s) for 1 transactions [3mnext_checkpoint_seq[0m[2m=[0m618 [3mcheckpoint_timestamp[0m[2m=[0m1742889406434
[2m2025-03-25T07:56:47.000702Z[0m [32m INFO[0m [1mnode[0m[1m{[0m[3mname[0m[2m=[0mk#99f25ef6..[1m}[0m[2m:[0m [2msui_core::checkpoints[0m[2m:[0m [2mcrates/sui-core/src/checkpoints/mod.rs[0m[2m:[0m[2m1326:[0m Creating checkpoint(s) for 1 transactions [3mnext_checkpoint_seq[0m[2m=[0m618 [3mcheckpoint_timestamp[0m[2m=[0m1742889406434
[2m2025-03-25T07:56:47.000859Z[0m [32m INFO[0m [1mnode[0m[1m{[0m[3mname[0m[2m=[0mk#8dcff6d1..[1m}[0m[2m:[0m [2msui_core::checkpoints::checkpoint_output[0m[2m:[0m [2mcrates/sui-core/src/checkpoints/checkpoint_output.rs[0m[2m:[0m[2m149:[0m Creating checkpoint CheckpointDigest(62DvkunUc2Y5ji3N1QsQykbcvgQHmECXVXLAqx7Kaz6H) at epoch 1, sequence 618, previous digest Some(CheckpointDigest(93YfSD8sKFsRcH7WGMLsW7kjQgSK6p9HnmA3WneJxsxB)), transactions count 1, content digest CheckpointContentsDigest(6sYpdXP2Zqjhex9gYif8s4zX6pqsGAvsrewkzGBTgy3s), end_of_epoch_data None
[2m2025-03-25T07:56:47.000874Z[0m [32m INFO[0m [1mnode[0m[1m{[0m[3mname[0m[2m=[0mk#99f25ef6..[1m}[0m[2m:[0m [2msui_core::checkpoints::checkpoint_output[0m[2m:[0m [2mcrates/sui-core/src/checkpoints/checkpoint_output.rs[0m[2m:[0m[2m149:[0m Creating checkpoint CheckpointDigest(62DvkunUc2Y5ji3N1QsQykbcvgQHmECXVXLAqx7Kaz6H) at epoch 1, sequence 618, previous digest Some(CheckpointDigest(93YfSD8sKFsRcH7WGMLsW7kjQgSK6p9HnmA3WneJxsxB)), transactions count 1, content digest CheckpointContentsDigest(6sYpdXP2Zqjhex9gYif8s4zX6pqsGAvsrewkzGBTgy3s), end_of_epoch_data None
[2m2025-03-25T07:56:47.061742Z[0m [32m INFO[0m [1mnode[0m[1m{[0m[3mname[0m[2m=[0mk#addeef94..[1m}[0m[2m:[0m [2msui_core::checkpoints::checkpoint_executor[0m[2m:[0m [2mcrates/sui-core/src/checkpoints/checkpoint_executor/mod.rs[0m[2m:[0m[2m332:[0m Received checkpoint summary from state sync [3msequence_number[0m[2m=[0m617
[2m2025-03-25T07:56:47.063195Z[0m [32m INFO[0m [1mnode[0m[1m{[0m[3mname[0m[2m=[0mk#addeef94..[1m}[0m[2m:[0m [2msui_core::state_accumulator[0m[2m:[0m [2mcrates/sui-core/src/state_accumulator.rs[0m[2m:[0m[2m675:[0m accumulating running root for checkpoint 617
[2m2025-03-25T07:56:47.204165Z[0m [32m INFO[0m [1mnode[0m[1m{[0m[3mname[0m[2m=[0mk#addeef94..[1m}[0m[2m:[0m [2mconsensus_core::core[0m[2m:[0m [2mconsensus/core/src/core.rs[0m[2m:[0m[2m945:[0m Included 3 ancestors & excluded 0 ancestors for proposal in round 419
[2m2025-03-25T07:56:47.204545Z[0m [32m INFO[0m [1mnode[0m[1m{[0m[3mname[0m[2m=[0mk#addeef94..[1m}[0m[2m:[0m [2mconsensus_core::core[0m[2m:[0m [2mconsensus/core/src/core.rs[0m[2m:[0m[2m531:[0m Created block B419(C,LcNcpd1w28nDVfmUWhYjdIz7kOwEoG6viDiZ9Fk3HGM=)(1742889407204ms;[B418(C,TRGmK7Yu8Lv4RRSjuTwz7T1hYv2cAPlE2xRwIgftF78=), B418(A,PtgqeOe1swDOCbem5eVGJ8WaUxiOYt54E2ZeCQfyjQ4=), B418(B,pzJGs8jBHSlOjV9mk73ghUpi8CSi9sOsGXHkb+S5YGI=)];1t;1c) for round 419
[2m2025-03-25T07:56:47.206514Z[0m [32m INFO[0m [1mnode[0m[1m{[0m[3mname[0m[2m=[0mk#8dcff6d1..[1m}[0m[2m:[0m [2mconsensus_core::core[0m[2m:[0m [2mconsensus/core/src/core.rs[0m[2m:[0m[2m945:[0m Included 3 ancestors & excluded 0 ancestors for proposal in round 419
[2m2025-03-25T07:56:47.206514Z[0m [32m INFO[0m [1mnode[0m[1m{[0m[3mname[0m[2m=[0mk#99f25ef6..[1m}[0m[2m:[0m [2mconsensus_core::core[0m[2m:[0m [2mconsensus/core/src/core.rs[0m[2m:[0m[2m945:[0m Included 3 ancestors & excluded 0 ancestors for proposal in round 419
[2m2025-03-25T07:56:47.206799Z[0m [32m INFO[0m [1mnode[0m[1m{[0m[3mname[0m[2m=[0mk#8dcff6d1..[1m}[0m[2m:[0m [2mconsensus_core::core[0m[2m:[0m [2mconsensus/core/src/core.rs[0m[2m:[0m[2m531:[0m Created block B419(A,801Z1dfBPTn9cZaIYpfCsh4Hrk8HefT4ojTYs50GSFo=)(1742889407206ms;[B418(A,PtgqeOe1swDOCbem5eVGJ8WaUxiOYt54E2ZeCQfyjQ4=), B418(B,pzJGs8jBHSlOjV9mk73ghUpi8CSi9sOsGXHkb+S5YGI=), B418(C,TRGmK7Yu8Lv4RRSjuTwz7T1hYv2cAPlE2xRwIgftF78=)];1t;1c) for round 419
[2m2025-03-25T07:56:47.206805Z[0m [32m INFO[0m [1mnode[0m[1m{[0m[3mname[0m[2m=[0mk#99f25ef6..[1m}[0m[2m:[0m [2mconsensus_core::core[0m[2m:[0m [2mconsensus/core/src/core.rs[0m[2m:[0m[2m531:[0m Created block B419(B,KzHEGTdfqn570U9txGAQzwYdu2k7qdEbPnus6KMoTwk=)(1742889407206ms;[B418(B,pzJGs8jBHSlOjV9mk73ghUpi8CSi9sOsGXHkb+S5YGI=), B418(A,PtgqeOe1swDOCbem5eVGJ8WaUxiOYt54E2ZeCQfyjQ4=), B418(C,TRGmK7Yu8Lv4RRSjuTwz7T1hYv2cAPlE2xRwIgftF78=)];1t;1c) for round 419
[2m2025-03-25T07:56:47.206869Z[0m [32m INFO[0m [1mnode[0m[1m{[0m[3mname[0m[2m=[0mk#8dcff6d1..[1m}[0m[2m:[0m [2mconsensus_core::core[0m[2m:[0m [2mconsensus/core/src/core.rs[0m[2m:[0m[2m630:[0m Committing 1 leaders: B417(B,Kfui)
[2m2025-03-25T07:56:47.206869Z[0m [32m INFO[0m [1mnode[0m[1m{[0m[3mname[0m[2m=[0mk#99f25ef6..[1m}[0m[2m:[0m [2mconsensus_core::core[0m[2m:[0m [2mconsensus/core/src/core.rs[0m[2m:[0m[2m630:[0m Committing 1 leaders: B417(B,Kfui)
[2m2025-03-25T07:56:47.206939Z[0m [32m INFO[0m [1mnode[0m[1m{[0m[3mname[0m[2m=[0mk#8dcff6d1..[1m}[0m[2m:[0m [2mconsensus_core::commit_observer[0m[2m:[0m [2mconsensus/core/src/commit_observer.rs[0m[2m:[0m[2m173:[0m Consensus commit C406(pXrh) with leader B417(B,Kfui) has 3 blocks
[2m2025-03-25T07:56:47.206940Z[0m [32m INFO[0m [1mnode[0m[1m{[0m[3mname[0m[2m=[0mk#99f25ef6..[1m}[0m[2m:[0m [2mconsensus_core::commit_observer[0m[2m:[0m [2mconsensus/core/src/commit_observer.rs[0m[2m:[0m[2m173:[0m Consensus commit C406(pXrh) with leader B417(B,Kfui) has 3 blocks
[2m2025-03-25T07:56:47.207021Z[0m [32m INFO[0m [1mnode[0m[1m{[0m[3mname[0m[2m=[0mk#8dcff6d1..[1m}[0m[2m:[0m [2msui_core::consensus_handler[0m[2m:[0m [2mcrates/sui-core/src/consensus_handler.rs[0m[2m:[0m[2m232:[0m Received consensus output [3mconsensus_commit[0m[2m=[0mCommittedSubDag(leader=B417(B,Kfui), ref=C406(pXrh), blocks=[RMvw, Q1Fq, Kfui]) [3mepoch[0m[2m=[0m1
[2m2025-03-25T07:56:47.207021Z[0m [32m INFO[0m [1mnode[0m[1m{[0m[3mname[0m[2m=[0mk#99f25ef6..[1m}[0m[2m:[0m [2msui_core::consensus_handler[0m[2m:[0m [2mcrates/sui-core/src/consensus_handler.rs[0m[2m:[0m[2m232:[0m Received consensus output [3mconsensus_commit[0m[2m=[0mCommittedSubDag(leader=B417(B,Kfui), ref=C406(pXrh), blocks=[RMvw, Q1Fq, Kfui]) [3mepoch[0m[2m=[0m1
[2m2025-03-25T07:56:47.210641Z[0m [32m INFO[0m [1mnode[0m[1m{[0m[3mname[0m[2m=[0mk#addeef94..[1m}[0m[2m:[0m [2mconsensus_core::core[0m[2m:[0m [2mconsensus/core/src/core.rs[0m[2m:[0m[2m630:[0m Committing 1 leaders: B417(B,Kfui)
[2m2025-03-25T07:56:47.210740Z[0m [32m INFO[0m [1mnode[0m[1m{[0m[3mname[0m[2m=[0mk#addeef94..[1m}[0m[2m:[0m [2mconsensus_core::commit_observer[0m[2m:[0m [2mconsensus/core/src/commit_observer.rs[0m[2m:[0m[2m173:[0m Consensus commit C406(pXrh) with leader B417(B,Kfui) has 3 blocks
[2m2025-03-25T07:56:47.210869Z[0m [32m INFO[0m [1mnode[0m[1m{[0m[3mname[0m[2m=[0mk#addeef94..[1m}[0m[2m:[0m [2msui_core::consensus_handler[0m[2m:[0m [2mcrates/sui-core/src/consensus_handler.rs[0m[2m:[0m[2m232:[0m Received consensus output [3mconsensus_commit[0m[2m=[0mCommittedSubDag(leader=B417(B,Kfui), ref=C406(pXrh), blocks=[RMvw, Q1Fq, Kfui]) [3mepoch[0m[2m=[0m1
[2m2025-03-25T07:56:47.233612Z[0m [32m INFO[0m [1mnode[0m[1m{[0m[3mname[0m[2m=[0mk#8dcff6d1..[1m}[0m[2m:[0m [2msui_core::checkpoints[0m[2m:[0m [2mcrates/sui-core/src/checkpoints/mod.rs[0m[2m:[0m[2m1326:[0m Creating checkpoint(s) for 2 transactions [3mnext_checkpoint_seq[0m[2m=[0m619 [3mcheckpoint_timestamp[0m[2m=[0m1742889406694
[2m2025-03-25T07:56:47.233613Z[0m [32m INFO[0m [1mnode[0m[1m{[0m[3mname[0m[2m=[0mk#99f25ef6..[1m}[0m[2m:[0m [2msui_core::checkpoints[0m[2m:[0m [2mcrates/sui-core/src/checkpoints/mod.rs[0m[2m:[0m[2m1326:[0m Creating checkpoint(s) for 2 transactions [3mnext_checkpoint_seq[0m[2m=[0m619 [3mcheckpoint_timestamp[0m[2m=[0m1742889406694
[2m2025-03-25T07:56:47.233928Z[0m [32m INFO[0m [1mnode[0m[1m{[0m[3mname[0m[2m=[0mk#8dcff6d1..[1m}[0m[2m:[0m [2msui_core::checkpoints::checkpoint_output[0m[2m:[0m [2mcrates/sui-core/src/checkpoints/checkpoint_output.rs[0m[2m:[0m[2m149:[0m Creating checkpoint CheckpointDigest(G5dr2hJxE6wtS2kBurypKJVgkAusTHQh26jnMvQYmV7E) at epoch 1, sequence 619, previous digest Some(CheckpointDigest(62DvkunUc2Y5ji3N1QsQykbcvgQHmECXVXLAqx7Kaz6H)), transactions count 2, content digest CheckpointContentsDigest(EmMxRLvaZAMpGixdXY1Q4HVPFjCeK9N4BBywxY13gKjR), end_of_epoch_data None
[2m2025-03-25T07:56:47.233928Z[0m [32m INFO[0m [1mnode[0m[1m{[0m[3mname[0m[2m=[0mk#99f25ef6..[1m}[0m[2m:[0m [2msui_core::checkpoints::checkpoint_output[0m[2m:[0m [2mcrates/sui-core/src/checkpoints/checkpoint_output.rs[0m[2m:[0m[2m149:[0m Creating checkpoint CheckpointDigest(G5dr2hJxE6wtS2kBurypKJVgkAusTHQh26jnMvQYmV7E) at epoch 1, sequence 619, previous digest Some(CheckpointDigest(62DvkunUc2Y5ji3N1QsQykbcvgQHmECXVXLAqx7Kaz6H)), transactions count 2, content digest CheckpointContentsDigest(EmMxRLvaZAMpGixdXY1Q4HVPFjCeK9N4BBywxY13gKjR), end_of_epoch_data None
[2m2025-03-25T07:56:47.236847Z[0m [32m INFO[0m [1mnode[0m[1m{[0m[3mname[0m[2m=[0mk#addeef94..[1m}[0m[2m:[0m [2msui_core::checkpoints[0m[2m:[0m [2mcrates/sui-core/src/checkpoints/mod.rs[0m[2m:[0m[2m1326:[0m Creating checkpoint(s) for 2 transactions [3mnext_checkpoint_seq[0m[2m=[0m619 [3mcheckpoint_timestamp[0m[2m=[0m1742889406694
[2m2025-03-25T07:56:47.237078Z[0m [32m INFO[0m [1mnode[0m[1m{[0m[3mname[0m[2m=[0mk#8dcff6d1..[1m}[0m[2m:[0m [2msui_core::checkpoints::checkpoint_output[0m[2m:[0m [2mcrates/sui-core/src/checkpoints/checkpoint_output.rs[0m[2m:[0m[2m196:[0m Certified checkpoint with sequence 618 and digest 62DvkunUc2Y5ji3N1QsQykbcvgQHmECXVXLAqx7Kaz6H
[2m2025-03-25T07:56:47.237084Z[0m [32m INFO[0m [1mnode[0m[1m{[0m[3mname[0m[2m=[0mk#99f25ef6..[1m}[0m[2m:[0m [2msui_core::checkpoints::checkpoint_output[0m[2m:[0m [2mcrates/sui-core/src/checkpoints/checkpoint_output.rs[0m[2m:[0m[2m196:[0m Certified checkpoint with sequence 618 and digest 62DvkunUc2Y5ji3N1QsQykbcvgQHmECXVXLAqx7Kaz6H
[2m2025-03-25T07:56:47.237101Z[0m [32m INFO[0m [1mnode[0m[1m{[0m[3mname[0m[2m=[0mk#addeef94..[1m}[0m[2m:[0m [2msui_core::checkpoints::checkpoint_output[0m[2m:[0m [2mcrates/sui-core/src/checkpoints/checkpoint_output.rs[0m[2m:[0m[2m149:[0m Creating checkpoint CheckpointDigest(G5dr2hJxE6wtS2kBurypKJVgkAusTHQh26jnMvQYmV7E) at epoch 1, sequence 619, previous digest Some(CheckpointDigest(62DvkunUc2Y5ji3N1QsQykbcvgQHmECXVXLAqx7Kaz6H)), transactions count 2, content digest CheckpointContentsDigest(EmMxRLvaZAMpGixdXY1Q4HVPFjCeK9N4BBywxY13gKjR), end_of_epoch_data None
[2m2025-03-25T07:56:47.237542Z[0m [32m INFO[0m [1mnode[0m[1m{[0m[3mname[0m[2m=[0mk#8dcff6d1..[1m}[0m[2m:[0m [2msui_core::checkpoints::checkpoint_executor[0m[2m:[0m [2mcrates/sui-core/src/checkpoints/checkpoint_executor/mod.rs[0m[2m:[0m[2m332:[0m Received checkpoint summary from state sync [3msequence_number[0m[2m=[0m618
[2m2025-03-25T07:56:47.237542Z[0m [32m INFO[0m [1mnode[0m[1m{[0m[3mname[0m[2m=[0mk#99f25ef6..[1m}[0m[2m:[0m [2msui_core::checkpoints::checkpoint_executor[0m[2m:[0m [2mcrates/sui-core/src/checkpoints/checkpoint_executor/mod.rs[0m[2m:[0m[2m332:[0m Received checkpoint summary from state sync [3msequence_number[0m[2m=[0m618
[2m2025-03-25T07:56:47.238705Z[0m [32m INFO[0m [1mnode[0m[1m{[0m[3mname[0m[2m=[0mk#99f25ef6..[1m}[0m[2m:[0m [2msui_core::state_accumulator[0m[2m:[0m [2mcrates/sui-core/src/state_accumulator.rs[0m[2m:[0m[2m675:[0m accumulating running root for checkpoint 618
[2m2025-03-25T07:56:47.238707Z[0m [32m INFO[0m [1mnode[0m[1m{[0m[3mname[0m[2m=[0mk#8dcff6d1..[1m}[0m[2m:[0m [2msui_core::state_accumulator[0m[2m:[0m [2mcrates/sui-core/src/state_accumulator.rs[0m[2m:[0m[2m675:[0m accumulating running root for checkpoint 618
[2m2025-03-25T07:56:47.240919Z[0m [32m INFO[0m [1mnode[0m[1m{[0m[3mname[0m[2m=[0mk#addeef94..[1m}[0m[2m:[0m [2msui_core::checkpoints::checkpoint_executor[0m[2m:[0m [2mcrates/sui-core/src/checkpoints/checkpoint_executor/mod.rs[0m[2m:[0m[2m332:[0m Received checkpoint summary from state sync [3msequence_number[0m[2m=[0m618
[2m2025-03-25T07:56:47.241650Z[0m [32m INFO[0m [1mnode[0m[1m{[0m[3mname[0m[2m=[0mk#addeef94..[1m}[0m[2m:[0m [2msui_core::state_accumulator[0m[2m:[0m [2mcrates/sui-core/src/state_accumulator.rs[0m[2m:[0m[2m675:[0m accumulating running root for checkpoint 618
[2m2025-03-25T07:56:47.304252Z[0m [32m INFO[0m [1mnode[0m[1m{[0m[3mname[0m[2m=[0mk#8dcff6d1..[1m}[0m[2m:[0m [2mconsensus_core::commit_syncer[0m[2m:[0m [2mconsensus/core/src/commit_syncer.rs[0m[2m:[0m[2m196:[0m Checking to schedule fetches: synced_commit_index=406, highest_handled_index=406, highest_scheduled_index=0, quorum_commit_index=405, unhandled_commits_threshold=3200
[2m2025-03-25T07:56:47.327400Z[0m [32m INFO[0m [1mnode[0m[1m{[0m[3mname[0m[2m=[0mk#addeef94..[1m}[0m[2m:[0m [2mconsensus_core::commit_syncer[0m[2m:[0m [2mconsensus/core/src/commit_syncer.rs[0m[2m:[0m[2m196:[0m Checking to schedule fetches: synced_commit_index=406, highest_handled_index=406, highest_scheduled_index=0, quorum_commit_index=0, unhandled_commits_threshold=3200
[2m2025-03-25T07:56:47.331240Z[0m [32m INFO[0m [1mnode[0m[1m{[0m[3mname[0m[2m=[0mk#99f25ef6..[1m}[0m[2m:[0m [2mconsensus_core::commit_syncer[0m[2m:[0m [2mconsensus/core/src/commit_syncer.rs[0m[2m:[0m[2m196:[0m Checking to schedule fetches: synced_commit_index=406, highest_handled_index=406, highest_scheduled_index=0, quorum_commit_index=405, unhandled_commits_threshold=3200
[2m2025-03-25T07:56:47.459308Z[0m [32m INFO[0m [1mnode[0m[1m{[0m[3mname[0m[2m=[0mk#8dcff6d1..[1m}[0m[2m:[0m [2mconsensus_core::core[0m[2m:[0m [2mconsensus/core/src/core.rs[0m[2m:[0m[2m945:[0m Included 3 ancestors & excluded 0 ancestors for proposal in round 420
[2m2025-03-25T07:56:47.459691Z[0m [32m INFO[0m [1mnode[0m[1m{[0m[3mname[0m[2m=[0mk#8dcff6d1..[1m}[0m[2m:[0m [2mconsensus_core::core[0m[2m:[0m [2mconsensus/core/src/core.rs[0m[2m:[0m[2m531:[0m Created block B420(A,R0U9aXvkvA9Raa9jIImg5U9VAY7ayy8W4l4ZxYGE/+4=)(1742889407459ms;[B419(A,801Z1dfBPTn9cZaIYpfCsh4Hrk8HefT4ojTYs50GSFo=), B419(B,KzHEGTdfqn570U9txGAQzwYdu2k7qdEbPnus6KMoTwk=), B419(C,LcNcpd1w28nDVfmUWhYjdIz7kOwEoG6viDiZ9Fk3HGM=)];1t;1c) for round 420
[2m2025-03-25T07:56:47.459768Z[0m [32m INFO[0m [1mnode[0m[1m{[0m[3mname[0m[2m=[0mk#99f25ef6..[1m}[0m[2m:[0m [2mconsensus_core::core[0m[2m:[0m [2mconsensus/core/src/core.rs[0m[2m:[0m[2m945:[0m Included 3 ancestors & excluded 0 ancestors for proposal in round 420
[2m2025-03-25T07:56:47.460085Z[0m [32m INFO[0m [1mnode[0m[1m{[0m[3mname[0m[2m=[0mk#99f25ef6..[1m}[0m[2m:[0m [2mconsensus_core::core[0m[2m:[0m [2mconsensus/core/src/core.rs[0m[2m:[0m[2m531:[0m Created block B420(B,n8eq7DeSDkXG8MR4xSJqnhlQThFnyoTbGoMoelzZ1Zw=)(1742889407459ms;[B419(B,KzHEGTdfqn570U9txGAQzwYdu2k7qdEbPnus6KMoTwk=), B419(A,801Z1dfBPTn9cZaIYpfCsh4Hrk8HefT4ojTYs50GSFo=), B419(C,LcNcpd1w28nDVfmUWhYjdIz7kOwEoG6viDiZ9Fk3HGM=)];1t;1c) for round 420
[2m2025-03-25T07:56:47.462821Z[0m [32m INFO[0m [1mnode[0m[1m{[0m[3mname[0m[2m=[0mk#addeef94..[1m}[0m[2m:[0m [2mconsensus_core::core[0m[2m:[0m [2mconsensus/core/src/core.rs[0m[2m:[0m[2m945:[0m Included 3 ancestors & excluded 0 ancestors for proposal in round 420
[2m2025-03-25T07:56:47.463116Z[0m [32m INFO[0m [1mnode[0m[1m{[0m[3mname[0m[2m=[0mk#addeef94..[1m}[0m[2m:[0m [2mconsensus_core::core[0m[2m:[0m [2mconsensus/core/src/core.rs[0m[2m:[0m[2m531:[0m Created block B420(C,zZ1FGYBFACWCFm7oClqjdqOKzGxbL469Bqgh0JiZLKg=)(1742889407463ms;[B419(C,LcNcpd1w28nDVfmUWhYjdIz7kOwEoG6viDiZ9Fk3HGM=), B419(A,801Z1dfBPTn9cZaIYpfCsh4Hrk8HefT4ojTYs50GSFo=), B419(B,KzHEGTdfqn570U9txGAQzwYdu2k7qdEbPnus6KMoTwk=)];1t;1c) for round 420
[2m2025-03-25T07:56:47.463194Z[0m [32m INFO[0m [1mnode[0m[1m{[0m[3mname[0m[2m=[0mk#addeef94..[1m}[0m[2m:[0m [2mconsensus_core::core[0m[2m:[0m [2mconsensus/core/src/core.rs[0m[2m:[0m[2m630:[0m Committing 1 leaders: B418(C,TRGm)
[2m2025-03-25T07:56:47.463262Z[0m [32m INFO[0m [1mnode[0m[1m{[0m[3mname[0m[2m=[0mk#addeef94..[1m}[0m[2m:[0m [2mconsensus_core::commit_observer[0m[2m:[0m [2mconsensus/core/src/commit_observer.rs[0m[2m:[0m[2m173:[0m Consensus commit C407(GMN3) with leader B418(C,TRGm) has 3 blocks
[2m2025-03-25T07:56:47.463497Z[0m [32m INFO[0m [1mnode[0m[1m{[0m[3mname[0m[2m=[0mk#addeef94..[1m}[0m[2m:[0m [2msui_core::consensus_handler[0m[2m:[0m [2mcrates/sui-core/src/consensus_handler.rs[0m[2m:[0m[2m232:[0m Received consensus output [3mconsensus_commit[0m[2m=[0mCommittedSubDag(leader=B418(C,TRGm), ref=C407(GMN3), blocks=[zg7b, PAao, TRGm]) [3mepoch[0m[2m=[0m1
[2m2025-03-25T07:56:47.466535Z[0m [32m INFO[0m [1mnode[0m[1m{[0m[3mname[0m[2m=[0mk#99f25ef6..[1m}[0m[2m:[0m [2msui_core::checkpoints::checkpoint_output[0m[2m:[0m [2mcrates/sui-core/src/checkpoints/checkpoint_output.rs[0m[2m:[0m[2m196:[0m Certified checkpoint with sequence 619 and digest G5dr2hJxE6wtS2kBurypKJVgkAusTHQh26jnMvQYmV7E
[2m2025-03-25T07:56:47.466532Z[0m [32m INFO[0m [1mnode[0m[1m{[0m[3mname[0m[2m=[0mk#8dcff6d1..[1m}[0m[2m:[0m [2msui_core::checkpoints::checkpoint_output[0m[2m:[0m [2mcrates/sui-core/src/checkpoints/checkpoint_output.rs[0m[2m:[0m[2m196:[0m Certified checkpoint with sequence 619 and digest G5dr2hJxE6wtS2kBurypKJVgkAusTHQh26jnMvQYmV7E
[2m2025-03-25T07:56:47.466643Z[0m [32m INFO[0m [1mnode[0m[1m{[0m[3mname[0m[2m=[0mk#99f25ef6..[1m}[0m[2m:[0m [2mconsensus_core::core[0m[2m:[0m [2mconsensus/core/src/core.rs[0m[2m:[0m[2m630:[0m Committing 1 leaders: B418(C,TRGm)
[2m2025-03-25T07:56:47.466644Z[0m [32m INFO[0m [1mnode[0m[1m{[0m[3mname[0m[2m=[0mk#8dcff6d1..[1m}[0m[2m:[0m [2mconsensus_core::core[0m[2m:[0m [2mconsensus/core/src/core.rs[0m[2m:[0m[2m630:[0m Committing 1 leaders: B418(C,TRGm)
[2m2025-03-25T07:56:47.466744Z[0m [32m INFO[0m [1mnode[0m[1m{[0m[3mname[0m[2m=[0mk#8dcff6d1..[1m}[0m[2m:[0m [2mconsensus_core::commit_observer[0m[2m:[0m [2mconsensus/core/src/commit_observer.rs[0m[2m:[0m[2m173:[0m Consensus commit C407(GMN3) with leader B418(C,TRGm) has 3 blocks
[2m2025-03-25T07:56:47.466748Z[0m [32m INFO[0m [1mnode[0m[1m{[0m[3mname[0m[2m=[0mk#99f25ef6..[1m}[0m[2m:[0m [2mconsensus_core::commit_observer[0m[2m:[0m [2mconsensus/core/src/commit_observer.rs[0m[2m:[0m[2m173:[0m Consensus commit C407(GMN3) with leader B418(C,TRGm) has 3 blocks
[2m2025-03-25T07:56:47.467174Z[0m [32m INFO[0m [1mnode[0m[1m{[0m[3mname[0m[2m=[0mk#99f25ef6..[1m}[0m[2m:[0m [2msui_core::consensus_handler[0m[2m:[0m [2mcrates/sui-core/src/consensus_handler.rs[0m[2m:[0m[2m232:[0m Received consensus output [3mconsensus_commit[0m[2m=[0mCommittedSubDag(leader=B418(C,TRGm), ref=C407(GMN3), blocks=[zg7b, PAao, TRGm]) [3mepoch[0m[2m=[0m1
[2m2025-03-25T07:56:47.467174Z[0m [32m INFO[0m [1mnode[0m[1m{[0m[3mname[0m[2m=[0mk#8dcff6d1..[1m}[0m[2m:[0m [2msui_core::consensus_handler[0m[2m:[0m [2mcrates/sui-core/src/consensus_handler.rs[0m[2m:[0m[2m232:[0m Received consensus output [3mconsensus_commit[0m[2m=[0mCommittedSubDag(leader=B418(C,TRGm), ref=C407(GMN3), blocks=[zg7b, PAao, TRGm]) [3mepoch[0m[2m=[0m1
[2m2025-03-25T07:56:47.467791Z[0m [32m INFO[0m [1mnode[0m[1m{[0m[3mname[0m[2m=[0mk#99f25ef6..[1m}[0m[2m:[0m [2msui_core::checkpoints::checkpoint_executor[0m[2m:[0m [2mcrates/sui-core/src/checkpoints/checkpoint_executor/mod.rs[0m[2m:[0m[2m332:[0m Received checkpoint summary from state sync [3msequence_number[0m[2m=[0m619
[2m2025-03-25T07:56:47.467791Z[0m [32m INFO[0m [1mnode[0m[1m{[0m[3mname[0m[2m=[0mk#8dcff6d1..[1m}[0m[2m:[0m [2msui_core::checkpoints::checkpoint_executor[0m[2m:[0m [2mcrates/sui-core/src/checkpoints/checkpoint_executor/mod.rs[0m[2m:[0m[2m332:[0m Received checkpoint summary from state sync [3msequence_number[0m[2m=[0m619
[2m2025-03-25T07:56:47.481324Z[0m [32m INFO[0m [1mnode[0m[1m{[0m[3mname[0m[2m=[0mk#8dcff6d1..[1m}[0m[2m:[0m [2msui_core::state_accumulator[0m[2m:[0m [2mcrates/sui-core/src/state_accumulator.rs[0m[2m:[0m[2m675:[0m accumulating running root for checkpoint 619
[2m2025-03-25T07:56:47.481325Z[0m [32m INFO[0m [1mnode[0m[1m{[0m[3mname[0m[2m=[0mk#99f25ef6..[1m}[0m[2m:[0m [2msui_core::state_accumulator[0m[2m:[0m [2mcrates/sui-core/src/state_accumulator.rs[0m[2m:[0m[2m675:[0m accumulating running root for checkpoint 619
[2m2025-03-25T07:56:47.508969Z[0m [32m INFO[0m [1mnode[0m[1m{[0m[3mname[0m[2m=[0mk#addeef94..[1m}[0m[2m:[0m [2msui_core::checkpoints[0m[2m:[0m [2mcrates/sui-core/src/checkpoints/mod.rs[0m[2m:[0m[2m1326:[0m Creating checkpoint(s) for 1 transactions [3mnext_checkpoint_seq[0m[2m=[0m620 [3mcheckpoint_timestamp[0m[2m=[0m1742889406951
[2m2025-03-25T07:56:47.509197Z[0m [32m INFO[0m [1mnode[0m[1m{[0m[3mname[0m[2m=[0mk#addeef94..[1m}[0m[2m:[0m [2msui_core::checkpoints::checkpoint_output[0m[2m:[0m [2mcrates/sui-core/src/checkpoints/checkpoint_output.rs[0m[2m:[0m[2m149:[0m Creating checkpoint CheckpointDigest(Eccy18eS4GzoGT3vC2reMp4YuEF5fmBRfxvDGyJ3SZFe) at epoch 1, sequence 620, previous digest Some(CheckpointDigest(G5dr2hJxE6wtS2kBurypKJVgkAusTHQh26jnMvQYmV7E)), transactions count 1, content digest CheckpointContentsDigest(Dryc2Hruh1VgN824L2JL5uTGqQhrP3zqq9F5CeRzg9MU), end_of_epoch_data None
[2m2025-03-25T07:56:47.512311Z[0m [32m INFO[0m [1mnode[0m[1m{[0m[3mname[0m[2m=[0mk#99f25ef6..[1m}[0m[2m:[0m [2msui_core::checkpoints[0m[2m:[0m [2mcrates/sui-core/src/checkpoints/mod.rs[0m[2m:[0m[2m1326:[0m Creating checkpoint(s) for 1 transactions [3mnext_checkpoint_seq[0m[2m=[0m620 [3mcheckpoint_timestamp[0m[2m=[0m1742889406951
[2m2025-03-25T07:56:47.512314Z[0m [32m INFO[0m [1mnode[0m[1m{[0m[3mname[0m[2m=[0mk#8dcff6d1..[1m}[0m[2m:[0m [2msui_core::checkpoints[0m[2m:[0m [2mcrates/sui-core/src/checkpoints/mod.rs[0m[2m:[0m[2m1326:[0m Creating checkpoint(s) for 1 transactions [3mnext_checkpoint_seq[0m[2m=[0m620 [3mcheckpoint_timestamp[0m[2m=[0m1742889406951
[2m2025-03-25T07:56:47.512490Z[0m [32m INFO[0m [1mnode[0m[1m{[0m[3mname[0m[2m=[0mk#8dcff6d1..[1m}[0m[2m:[0m [2msui_core::checkpoints::checkpoint_output[0m[2m:[0m [2mcrates/sui-core/src/checkpoints/checkpoint_output.rs[0m[2m:[0m[2m149:[0m Creating checkpoint CheckpointDigest(Eccy18eS4GzoGT3vC2reMp4YuEF5fmBRfxvDGyJ3SZFe) at epoch 1, sequence 620, previous digest Some(CheckpointDigest(G5dr2hJxE6wtS2kBurypKJVgkAusTHQh26jnMvQYmV7E)), transactions count 1, content digest CheckpointContentsDigest(Dryc2Hruh1VgN824L2JL5uTGqQhrP3zqq9F5CeRzg9MU), end_of_epoch_data None
[2m2025-03-25T07:56:47.512490Z[0m [32m INFO[0m [1mnode[0m[1m{[0m[3mname[0m[2m=[0mk#99f25ef6..[1m}[0m[2m:[0m [2msui_core::checkpoints::checkpoint_output[0m[2m:[0m [2mcrates/sui-core/src/checkpoints/checkpoint_output.rs[0m[2m:[0m[2m149:[0m Creating checkpoint CheckpointDigest(Eccy18eS4GzoGT3vC2reMp4YuEF5fmBRfxvDGyJ3SZFe) at epoch 1, sequence 620, previous digest Some(CheckpointDigest(G5dr2hJxE6wtS2kBurypKJVgkAusTHQh26jnMvQYmV7E)), transactions count 1, content digest CheckpointContentsDigest(Dryc2Hruh1VgN824L2JL5uTGqQhrP3zqq9F5CeRzg9MU), end_of_epoch_data None
[2m2025-03-25T07:56:47.575726Z[0m [32m INFO[0m [1mnode[0m[1m{[0m[3mname[0m[2m=[0mk#addeef94..[1m}[0m[2m:[0m [2msui_core::checkpoints::checkpoint_executor[0m[2m:[0m [2mcrates/sui-core/src/checkpoints/checkpoint_executor/mod.rs[0m[2m:[0m[2m332:[0m Received checkpoint summary from state sync [3msequence_number[0m[2m=[0m619
[2m2025-03-25T07:56:47.577144Z[0m [32m INFO[0m [1mnode[0m[1m{[0m[3mname[0m[2m=[0mk#addeef94..[1m}[0m[2m:[0m [2msui_core::state_accumulator[0m[2m:[0m [2mcrates/sui-core/src/state_accumulator.rs[0m[2m:[0m[2m675:[0m accumulating running root for checkpoint 619
[2m2025-03-25T07:56:47.712259Z[0m [32m INFO[0m [1mnode[0m[1m{[0m[3mname[0m[2m=[0mk#b3f3cbb4..[1m}[0m[2m:[0m[1mjson-rpc-request[0m[2m:[0m[1mdev_inspect_transaction_block[0m[1m{[0m[3msender_address[0m[2m=[0m0x0000000000000000000000000000000000000000000000000000000000000000 [3mtx_bytes[0m[2m=[0mBase64("AAMBAQAAAAAAAAAAAAAAAAAAAAAAAAAAAAAAAAAAAAAAAAAJAQAAAAAAAAABAAECAAgAAAAAAAAAAAEAAAAAAAAAAAAAAAAAAAAAAAAAAAAAAAAAAAAAAAAAAAsGYnJpZGdlIGdldF90b2tlbl90cmFuc2Zlcl9hY3Rpb25fc3RhdHVzAAMBAAABAQABAgA=") [3mgas_price[0m[2m=[0mNone [3m_epoch[0m[2m=[0mNone [3madditional_args[0m[2m=[0mNone[1m}[0m[2m:[0m [2msui_json_rpc::transaction_execution_api[0m[2m:[0m [2mcrates/sui-json-rpc/src/transaction_execution_api.rs[0m[2m:[0m[2m351:[0m RPC took longer than threshold to complete. [3melapsed[0m[2m=[0m1.533819959s
[2m2025-03-25T07:56:47.713168Z[0m [32m INFO[0m [2msui_bridge::e2e_tests::test_utils[0m[2m:[0m [2mcrates/sui-bridge/src/e2e_tests/test_utils.rs[0m[2m:[0m[2m1452:[0m get_token_transfer_action_onchain_status_until_success took 3.113917375s, status: Pending
[2m2025-03-25T07:56:47.713735Z[0m [32m INFO[0m [1mobservable[0m[1m{[0m[3mname[0m[2m=[0m"SuiBridgeStatus"[1m}[0m[2m:[0m [2msui_bridge::sui_bridge_watchdog::sui_bridge_status[0m[2m:[0m [2mcrates/sui-bridge/src/sui_bridge_watchdog/sui_bridge_status.rs[0m[2m:[0m[2m37:[0m Sui Bridge Status: false
[2m2025-03-25T07:56:47.714101Z[0m [32m INFO[0m [1mobservable[0m[1m{[0m[3mname[0m[2m=[0m"SuiBridgeStatus"[1m}[0m[2m:[0m [2msui_bridge::sui_bridge_watchdog::sui_bridge_status[0m[2m:[0m [2mcrates/sui-bridge/src/sui_bridge_watchdog/sui_bridge_status.rs[0m[2m:[0m[2m37:[0m Sui Bridge Status: false
[2m2025-03-25T07:56:47.714794Z[0m [32m INFO[0m [1mhandle_execution_task[0m[1m{[0m[3maction_key[0m[2m=[0mBridgeActionKey(0,2,0) [3mattempt_times[0m[2m=[0m3[1m}[0m[2m:[0m [2msui_bridge::action_executor[0m[2m:[0m [2mcrates/sui-bridge/src/action_executor.rs[0m[2m:[0m[2m529:[0m bbking 325 signed_tx: Envelope { digest: OnceCell(TransactionDigest(GDSurpEu2x2PVvpwcUqP5MTXTQ8jWoYdMxzexGq3UM9X)), data: SenderSignedData(SizeOneVec { e: SenderSignedTransaction { intent_message: IntentMessage { intent: Intent { scope: TransactionData, version: V0, app_id: Sui }, value: V1(TransactionDataV1 { kind: ProgrammableTransaction(ProgrammableTransaction { inputs: [Pure([2]), Pure([0, 0, 0, 0, 0, 0, 0, 0]), Pure([32, 4, 169, 42, 179, 92, 48, 68, 114, 32, 150, 70, 149, 204, 4, 223, 219, 38, 208, 7, 193, 123, 245, 12, 23, 143, 25, 234, 203, 152, 26, 252, 161]), Pure([12]), Pure([20, 249, 81, 14, 181, 207, 148, 205, 250, 64, 123, 165, 252, 91, 242, 249, 208, 225, 136, 122, 176]), Pure([4, 0, 0, 0, 0, 0, 0, 0]), Pure([0, 64, 122, 16, 243, 90, 0, 0]), Pure([0]), Object(SharedObject { id: 0x0000000000000000000000000000000000000000000000000000000000000009, initial_shared_version: SequenceNumber(1), mutable: true }), Object(SharedObject { id: 0x0000000000000000000000000000000000000000000000000000000000000006, initial_shared_version: SequenceNumber(1), mutable: false }), Object(ImmOrOwnedObject((0xd7d7820b1d5a3802a2c50420aa60d9072814fcfac9e333ae55536bce5ecc4924, SequenceNumber(114), o#G6tFPuFyAAWMEecgda16xEPfTgTnxE2mborPfAPjqm3W))), Pure([1, 65, 31, 247, 80, 204, 97, 207, 90, 104, 153, 149, 206, 126, 213, 104, 24, 88, 148, 238, 206, 247, 66, 30, 125, 205, 54, 173, 37, 137, 110, 109, 56, 80, 28, 16, 120, 47, 68, 236, 45, 236, 116, 5, 210, 6, 35, 170, 125, 231, 3, 182, 5, 138, 168, 242, 53, 190, 106, 10, 96, 97, 183, 243, 116, 149, 1])], commands: [MoveCall(ProgrammableMoveCall { package: 0x000000000000000000000000000000000000000000000000000000000000000b, module: "message", function: "create_token_bridge_message", type_arguments: [], arguments: [Input(0), Input(1), Input(2), Input(3), Input(4), Input(5), Input(6), Input(7), Input(7)] }), MoveCall(ProgrammableMoveCall { package: 0x000000000000000000000000000000000000000000000000000000000000000b, module: "bridge", function: "approve_token_transfer", type_arguments: [], arguments: [Input(8), Result(0), Input(11)] })] }), sender: 0x4ff42dd92612b14f109397416c3e5d362aee65d7d3459db1b80164f1f84a59c3, gas_data: GasData { payment: [(0x059c5b653da3f627ad85b7947a1634ad3055f81b24125b7d9b23178b0146bfc6, SequenceNumber(341), o#4ep4K212yQtPC23ghtw73sJ44qmqyajoXRf4wvuKq6mQ)], owner: 0x4ff42dd92612b14f109397416c3e5d362aee65d7d3459db1b80164f1f84a59c3, price: 100, budget: 100000000 }, expiration: None }) }, tx_signatures: [Signature(Secp256k1SuiSignature(Secp256k1SuiSignature([1, 248, 48, 245, 114, 141, 252, 29, 145, 101, 134, 185, 170, 246, 13, 46, 93, 163, 185, 83, 212, 83, 83, 211, 117, 13, 84, 185, 16, 211, 110, 21, 213, 28, 223, 52, 126, 172, 102, 85, 99, 136, 5, 84, 81, 40, 77, 173, 15, 132, 117, 170, 133, 187, 110, 34, 123, 222, 241, 101, 30, 106, 238, 34, 77, 2, 120, 6, 36, 213, 27, 112, 125, 170, 163, 53, 236, 91, 128, 136, 52, 208, 253, 102, 241, 38, 217, 67, 27, 199, 74, 95, 51, 179, 151, 41, 149, 140])))] } }), auth_signature: EmptySignInfo }
[2m2025-03-25T07:56:47.715994Z[0m [32m INFO[0m [1mnode[0m[1m{[0m[3mname[0m[2m=[0mk#addeef94..[1m}[0m[2m:[0m [2mconsensus_core::core[0m[2m:[0m [2mconsensus/core/src/core.rs[0m[2m:[0m[2m945:[0m Included 3 ancestors & excluded 0 ancestors for proposal in round 421
[2m2025-03-25T07:56:47.716442Z[0m [32m INFO[0m [1mnode[0m[1m{[0m[3mname[0m[2m=[0mk#addeef94..[1m}[0m[2m:[0m [2mconsensus_core::core[0m[2m:[0m [2mconsensus/core/src/core.rs[0m[2m:[0m[2m531:[0m Created block B421(C,8k+oDFaaKuIOJPJf8+Pv96qTPRIHFdixzfWVbPAACSI=)(1742889407716ms;[B420(C,zZ1FGYBFACWCFm7oClqjdqOKzGxbL469Bqgh0JiZLKg=), B420(A,R0U9aXvkvA9Raa9jIImg5U9VAY7ayy8W4l4ZxYGE/+4=), B420(B,n8eq7DeSDkXG8MR4xSJqnhlQThFnyoTbGoMoelzZ1Zw=)];1t;1c) for round 421
[2m2025-03-25T07:56:47.718357Z[0m [32m INFO[0m [1mnode[0m[1m{[0m[3mname[0m[2m=[0mk#8dcff6d1..[1m}[0m[2m:[0m [2mconsensus_core::core[0m[2m:[0m [2mconsensus/core/src/core.rs[0m[2m:[0m[2m945:[0m Included 3 ancestors & excluded 0 ancestors for proposal in round 421
[2m2025-03-25T07:56:47.718357Z[0m [32m INFO[0m [1mnode[0m[1m{[0m[3mname[0m[2m=[0mk#99f25ef6..[1m}[0m[2m:[0m [2mconsensus_core::core[0m[2m:[0m [2mconsensus/core/src/core.rs[0m[2m:[0m[2m945:[0m Included 3 ancestors & excluded 0 ancestors for proposal in round 421
[2m2025-03-25T07:56:47.718529Z[0m [32m INFO[0m [1mnode[0m[1m{[0m[3mname[0m[2m=[0mk#b3f3cbb4..[1m}[0m[2m:[0m [2msui_core::state_accumulator[0m[2m:[0m [2mcrates/sui-core/src/state_accumulator.rs[0m[2m:[0m[2m675:[0m accumulating running root for checkpoint 554
[2m2025-03-25T07:56:47.718649Z[0m [32m INFO[0m [1mnode[0m[1m{[0m[3mname[0m[2m=[0mk#8dcff6d1..[1m}[0m[2m:[0m [2mconsensus_core::core[0m[2m:[0m [2mconsensus/core/src/core.rs[0m[2m:[0m[2m531:[0m Created block B421(A,Vm3UpEHLbfqoq1rplXZhvXHO2BW/zomT+xCfkmruxAc=)(1742889407718ms;[B420(A,R0U9aXvkvA9Raa9jIImg5U9VAY7ayy8W4l4ZxYGE/+4=), B420(B,n8eq7DeSDkXG8MR4xSJqnhlQThFnyoTbGoMoelzZ1Zw=), B420(C,zZ1FGYBFACWCFm7oClqjdqOKzGxbL469Bqgh0JiZLKg=)];1t;1c) for round 421
[2m2025-03-25T07:56:47.718653Z[0m [32m INFO[0m [1mnode[0m[1m{[0m[3mname[0m[2m=[0mk#99f25ef6..[1m}[0m[2m:[0m [2mconsensus_core::core[0m[2m:[0m [2mconsensus/core/src/core.rs[0m[2m:[0m[2m531:[0m Created block B421(B,A3rj6R7/Z3cdATDh++V0x6zvnG3g/wOxfwpuVWEGFOU=)(1742889407718ms;[B420(B,n8eq7DeSDkXG8MR4xSJqnhlQThFnyoTbGoMoelzZ1Zw=), B420(A,R0U9aXvkvA9Raa9jIImg5U9VAY7ayy8W4l4ZxYGE/+4=), B420(C,zZ1FGYBFACWCFm7oClqjdqOKzGxbL469Bqgh0JiZLKg=)];1t;1c) for round 421
[2m2025-03-25T07:56:47.718719Z[0m [32m INFO[0m [1mnode[0m[1m{[0m[3mname[0m[2m=[0mk#8dcff6d1..[1m}[0m[2m:[0m [2mconsensus_core::core[0m[2m:[0m [2mconsensus/core/src/core.rs[0m[2m:[0m[2m630:[0m Committing 1 leaders: B419(B,KzHE)
[2m2025-03-25T07:56:47.718722Z[0m [32m INFO[0m [1mnode[0m[1m{[0m[3mname[0m[2m=[0mk#99f25ef6..[1m}[0m[2m:[0m [2mconsensus_core::core[0m[2m:[0m [2mconsensus/core/src/core.rs[0m[2m:[0m[2m630:[0m Committing 1 leaders: B419(B,KzHE)
[2m2025-03-25T07:56:47.718790Z[0m [32m INFO[0m [1mnode[0m[1m{[0m[3mname[0m[2m=[0mk#99f25ef6..[1m}[0m[2m:[0m [2mconsensus_core::commit_observer[0m[2m:[0m [2mconsensus/core/src/commit_observer.rs[0m[2m:[0m[2m173:[0m Consensus commit C408(0mRS) with leader B419(B,KzHE) has 3 blocks
[2m2025-03-25T07:56:47.718790Z[0m [32m INFO[0m [1mnode[0m[1m{[0m[3mname[0m[2m=[0mk#8dcff6d1..[1m}[0m[2m:[0m [2mconsensus_core::commit_observer[0m[2m:[0m [2mconsensus/core/src/commit_observer.rs[0m[2m:[0m[2m173:[0m Consensus commit C408(0mRS) with leader B419(B,KzHE) has 3 blocks
[2m2025-03-25T07:56:47.718817Z[0m [32m INFO[0m [1mnode[0m[1m{[0m[3mname[0m[2m=[0mk#b3f3cbb4..[1m}[0m[2m:[0m [2msui_core::checkpoints::checkpoint_executor[0m[2m:[0m [2mcrates/sui-core/src/checkpoints/checkpoint_executor/mod.rs[0m[2m:[0m[2m332:[0m Received checkpoint summary from state sync [3msequence_number[0m[2m=[0m606
[2m2025-03-25T07:56:47.718882Z[0m [32m INFO[0m [1mnode[0m[1m{[0m[3mname[0m[2m=[0mk#8dcff6d1..[1m}[0m[2m:[0m [2msui_core::consensus_handler[0m[2m:[0m [2mcrates/sui-core/src/consensus_handler.rs[0m[2m:[0m[2m232:[0m Received consensus output [3mconsensus_commit[0m[2m=[0mCommittedSubDag(leader=B419(B,KzHE), ref=C408(0mRS), blocks=[Ptgq, pzJG, KzHE]) [3mepoch[0m[2m=[0m1
[2m2025-03-25T07:56:47.718882Z[0m [32m INFO[0m [1mnode[0m[1m{[0m[3mname[0m[2m=[0mk#99f25ef6..[1m}[0m[2m:[0m [2msui_core::consensus_handler[0m[2m:[0m [2mcrates/sui-core/src/consensus_handler.rs[0m[2m:[0m[2m232:[0m Received consensus output [3mconsensus_commit[0m[2m=[0mCommittedSubDag(leader=B419(B,KzHE), ref=C408(0mRS), blocks=[Ptgq, pzJG, KzHE]) [3mepoch[0m[2m=[0m1
[2m2025-03-25T07:56:47.722527Z[0m [32m INFO[0m [1mnode[0m[1m{[0m[3mname[0m[2m=[0mk#addeef94..[1m}[0m[2m:[0m [2mconsensus_core::core[0m[2m:[0m [2mconsensus/core/src/core.rs[0m[2m:[0m[2m630:[0m Committing 1 leaders: B419(B,KzHE)
[2m2025-03-25T07:56:47.722627Z[0m [32m INFO[0m [1mnode[0m[1m{[0m[3mname[0m[2m=[0mk#addeef94..[1m}[0m[2m:[0m [2mconsensus_core::commit_observer[0m[2m:[0m [2mconsensus/core/src/commit_observer.rs[0m[2m:[0m[2m173:[0m Consensus commit C408(0mRS) with leader B419(B,KzHE) has 3 blocks
[2m2025-03-25T07:56:47.722754Z[0m [32m INFO[0m [1mnode[0m[1m{[0m[3mname[0m[2m=[0mk#addeef94..[1m}[0m[2m:[0m [2msui_core::consensus_handler[0m[2m:[0m [2mcrates/sui-core/src/consensus_handler.rs[0m[2m:[0m[2m232:[0m Received consensus output [3mconsensus_commit[0m[2m=[0mCommittedSubDag(leader=B419(B,KzHE), ref=C408(0mRS), blocks=[Ptgq, pzJG, KzHE]) [3mepoch[0m[2m=[0m1
[2m2025-03-25T07:56:47.745217Z[0m [32m INFO[0m [1mnode[0m[1m{[0m[3mname[0m[2m=[0mk#99f25ef6..[1m}[0m[2m:[0m [2msui_core::checkpoints[0m[2m:[0m [2mcrates/sui-core/src/checkpoints/mod.rs[0m[2m:[0m[2m1326:[0m Creating checkpoint(s) for 2 transactions [3mnext_checkpoint_seq[0m[2m=[0m621 [3mcheckpoint_timestamp[0m[2m=[0m1742889407206
[2m2025-03-25T07:56:47.745237Z[0m [32m INFO[0m [1mnode[0m[1m{[0m[3mname[0m[2m=[0mk#8dcff6d1..[1m}[0m[2m:[0m [2msui_core::checkpoints[0m[2m:[0m [2mcrates/sui-core/src/checkpoints/mod.rs[0m[2m:[0m[2m1326:[0m Creating checkpoint(s) for 2 transactions [3mnext_checkpoint_seq[0m[2m=[0m621 [3mcheckpoint_timestamp[0m[2m=[0m1742889407206
[2m2025-03-25T07:56:47.745527Z[0m [32m INFO[0m [1mnode[0m[1m{[0m[3mname[0m[2m=[0mk#99f25ef6..[1m}[0m[2m:[0m [2msui_core::checkpoints::checkpoint_output[0m[2m:[0m [2mcrates/sui-core/src/checkpoints/checkpoint_output.rs[0m[2m:[0m[2m149:[0m Creating checkpoint CheckpointDigest(FtBsppctFbbzAJijk55YpXV8U66XKpwUCgdyqAKdKdGt) at epoch 1, sequence 621, previous digest Some(CheckpointDigest(Eccy18eS4GzoGT3vC2reMp4YuEF5fmBRfxvDGyJ3SZFe)), transactions count 2, content digest CheckpointContentsDigest(6JPev2kRoR7DhDrT38m4gri1eXktpvca2ZjL1WLs3qFv), end_of_epoch_data None
[2m2025-03-25T07:56:47.745527Z[0m [32m INFO[0m [1mnode[0m[1m{[0m[3mname[0m[2m=[0mk#8dcff6d1..[1m}[0m[2m:[0m [2msui_core::checkpoints::checkpoint_output[0m[2m:[0m [2mcrates/sui-core/src/checkpoints/checkpoint_output.rs[0m[2m:[0m[2m149:[0m Creating checkpoint CheckpointDigest(FtBsppctFbbzAJijk55YpXV8U66XKpwUCgdyqAKdKdGt) at epoch 1, sequence 621, previous digest Some(CheckpointDigest(Eccy18eS4GzoGT3vC2reMp4YuEF5fmBRfxvDGyJ3SZFe)), transactions count 2, content digest CheckpointContentsDigest(6JPev2kRoR7DhDrT38m4gri1eXktpvca2ZjL1WLs3qFv), end_of_epoch_data None
[2m2025-03-25T07:56:47.748721Z[0m [32m INFO[0m [1mnode[0m[1m{[0m[3mname[0m[2m=[0mk#99f25ef6..[1m}[0m[2m:[0m [2msui_core::checkpoints::checkpoint_output[0m[2m:[0m [2mcrates/sui-core/src/checkpoints/checkpoint_output.rs[0m[2m:[0m[2m196:[0m Certified checkpoint with sequence 620 and digest Eccy18eS4GzoGT3vC2reMp4YuEF5fmBRfxvDGyJ3SZFe
[2m2025-03-25T07:56:47.748735Z[0m [32m INFO[0m [1mnode[0m[1m{[0m[3mname[0m[2m=[0mk#8dcff6d1..[1m}[0m[2m:[0m [2msui_core::checkpoints::checkpoint_output[0m[2m:[0m [2mcrates/sui-core/src/checkpoints/checkpoint_output.rs[0m[2m:[0m[2m196:[0m Certified checkpoint with sequence 620 and digest Eccy18eS4GzoGT3vC2reMp4YuEF5fmBRfxvDGyJ3SZFe
[2m2025-03-25T07:56:47.748788Z[0m [32m INFO[0m [1mnode[0m[1m{[0m[3mname[0m[2m=[0mk#addeef94..[1m}[0m[2m:[0m [2msui_core::checkpoints[0m[2m:[0m [2mcrates/sui-core/src/checkpoints/mod.rs[0m[2m:[0m[2m1326:[0m Creating checkpoint(s) for 2 transactions [3mnext_checkpoint_seq[0m[2m=[0m621 [3mcheckpoint_timestamp[0m[2m=[0m1742889407206
[2m2025-03-25T07:56:47.749043Z[0m [32m INFO[0m [1mnode[0m[1m{[0m[3mname[0m[2m=[0mk#addeef94..[1m}[0m[2m:[0m [2msui_core::checkpoints::checkpoint_output[0m[2m:[0m [2mcrates/sui-core/src/checkpoints/checkpoint_output.rs[0m[2m:[0m[2m149:[0m Creating checkpoint CheckpointDigest(FtBsppctFbbzAJijk55YpXV8U66XKpwUCgdyqAKdKdGt) at epoch 1, sequence 621, previous digest Some(CheckpointDigest(Eccy18eS4GzoGT3vC2reMp4YuEF5fmBRfxvDGyJ3SZFe)), transactions count 2, content digest CheckpointContentsDigest(6JPev2kRoR7DhDrT38m4gri1eXktpvca2ZjL1WLs3qFv), end_of_epoch_data None
[2m2025-03-25T07:56:47.749173Z[0m [32m INFO[0m [1mnode[0m[1m{[0m[3mname[0m[2m=[0mk#8dcff6d1..[1m}[0m[2m:[0m [2msui_core::checkpoints::checkpoint_executor[0m[2m:[0m [2mcrates/sui-core/src/checkpoints/checkpoint_executor/mod.rs[0m[2m:[0m[2m332:[0m Received checkpoint summary from state sync [3msequence_number[0m[2m=[0m620
[2m2025-03-25T07:56:47.749173Z[0m [32m INFO[0m [1mnode[0m[1m{[0m[3mname[0m[2m=[0mk#99f25ef6..[1m}[0m[2m:[0m [2msui_core::checkpoints::checkpoint_executor[0m[2m:[0m [2mcrates/sui-core/src/checkpoints/checkpoint_executor/mod.rs[0m[2m:[0m[2m332:[0m Received checkpoint summary from state sync [3msequence_number[0m[2m=[0m620
[2m2025-03-25T07:56:47.750345Z[0m [32m INFO[0m [1mnode[0m[1m{[0m[3mname[0m[2m=[0mk#8dcff6d1..[1m}[0m[2m:[0m [2msui_core::state_accumulator[0m[2m:[0m [2mcrates/sui-core/src/state_accumulator.rs[0m[2m:[0m[2m675:[0m accumulating running root for checkpoint 620
[2m2025-03-25T07:56:47.750345Z[0m [32m INFO[0m [1mnode[0m[1m{[0m[3mname[0m[2m=[0mk#99f25ef6..[1m}[0m[2m:[0m [2msui_core::state_accumulator[0m[2m:[0m [2mcrates/sui-core/src/state_accumulator.rs[0m[2m:[0m[2m675:[0m accumulating running root for checkpoint 620
[2m2025-03-25T07:56:47.752505Z[0m [32m INFO[0m [1mnode[0m[1m{[0m[3mname[0m[2m=[0mk#addeef94..[1m}[0m[2m:[0m [2msui_core::checkpoints::checkpoint_executor[0m[2m:[0m [2mcrates/sui-core/src/checkpoints/checkpoint_executor/mod.rs[0m[2m:[0m[2m332:[0m Received checkpoint summary from state sync [3msequence_number[0m[2m=[0m620
[2m2025-03-25T07:56:47.753222Z[0m [32m INFO[0m [1mnode[0m[1m{[0m[3mname[0m[2m=[0mk#addeef94..[1m}[0m[2m:[0m [2msui_core::state_accumulator[0m[2m:[0m [2mcrates/sui-core/src/state_accumulator.rs[0m[2m:[0m[2m675:[0m accumulating running root for checkpoint 620
[2m2025-03-25T07:56:47.971417Z[0m [32m INFO[0m [1mnode[0m[1m{[0m[3mname[0m[2m=[0mk#99f25ef6..[1m}[0m[2m:[0m [2mconsensus_core::core[0m[2m:[0m [2mconsensus/core/src/core.rs[0m[2m:[0m[2m945:[0m Included 3 ancestors & excluded 0 ancestors for proposal in round 422
[2m2025-03-25T07:56:47.971575Z[0m [32m INFO[0m [1mnode[0m[1m{[0m[3mname[0m[2m=[0mk#8dcff6d1..[1m}[0m[2m:[0m [2mconsensus_core::core[0m[2m:[0m [2mconsensus/core/src/core.rs[0m[2m:[0m[2m945:[0m Included 3 ancestors & excluded 0 ancestors for proposal in round 422
[2m2025-03-25T07:56:47.971808Z[0m [32m INFO[0m [1mnode[0m[1m{[0m[3mname[0m[2m=[0mk#99f25ef6..[1m}[0m[2m:[0m [2mconsensus_core::core[0m[2m:[0m [2mconsensus/core/src/core.rs[0m[2m:[0m[2m531:[0m Created block B422(B,bjwI8wKzGYnmXyqxt0C4K2aUdo0iyTCWDjbR2SbEG+M=)(1742889407971ms;[B421(B,A3rj6R7/Z3cdATDh++V0x6zvnG3g/wOxfwpuVWEGFOU=), B421(A,Vm3UpEHLbfqoq1rplXZhvXHO2BW/zomT+xCfkmruxAc=), B421(C,8k+oDFaaKuIOJPJf8+Pv96qTPRIHFdixzfWVbPAACSI=)];1t;1c) for round 422
[2m2025-03-25T07:56:47.971865Z[0m [32m INFO[0m [1mnode[0m[1m{[0m[3mname[0m[2m=[0mk#8dcff6d1..[1m}[0m[2m:[0m [2mconsensus_core::core[0m[2m:[0m [2mconsensus/core/src/core.rs[0m[2m:[0m[2m531:[0m Created block B422(A,JFC4doogpV+Jdxwwa/ciZ3EdtEaAwGxn/scLbjj8lD4=)(1742889407971ms;[B421(A,Vm3UpEHLbfqoq1rplXZhvXHO2BW/zomT+xCfkmruxAc=), B421(B,A3rj6R7/Z3cdATDh++V0x6zvnG3g/wOxfwpuVWEGFOU=), B421(C,8k+oDFaaKuIOJPJf8+Pv96qTPRIHFdixzfWVbPAACSI=)];1t;1c) for round 422
[2m2025-03-25T07:56:47.975086Z[0m [32m INFO[0m [1mnode[0m[1m{[0m[3mname[0m[2m=[0mk#addeef94..[1m}[0m[2m:[0m [2mconsensus_core::core[0m[2m:[0m [2mconsensus/core/src/core.rs[0m[2m:[0m[2m945:[0m Included 3 ancestors & excluded 0 ancestors for proposal in round 422
[2m2025-03-25T07:56:47.975410Z[0m [32m INFO[0m [1mnode[0m[1m{[0m[3mname[0m[2m=[0mk#addeef94..[1m}[0m[2m:[0m [2mconsensus_core::core[0m[2m:[0m [2mconsensus/core/src/core.rs[0m[2m:[0m[2m531:[0m Created block B422(C,fzdG74iLpVf/QzUU56LSlYNKCZdyCBKFRNazL0HEzag=)(1742889407975ms;[B421(C,8k+oDFaaKuIOJPJf8+Pv96qTPRIHFdixzfWVbPAACSI=), B421(A,Vm3UpEHLbfqoq1rplXZhvXHO2BW/zomT+xCfkmruxAc=), B421(B,A3rj6R7/Z3cdATDh++V0x6zvnG3g/wOxfwpuVWEGFOU=)];1t;1c) for round 422
[2m2025-03-25T07:56:47.975479Z[0m [32m INFO[0m [1mnode[0m[1m{[0m[3mname[0m[2m=[0mk#addeef94..[1m}[0m[2m:[0m [2mconsensus_core::core[0m[2m:[0m [2mconsensus/core/src/core.rs[0m[2m:[0m[2m630:[0m Committing 1 leaders: B420(A,R0U9)
[2m2025-03-25T07:56:47.975549Z[0m [32m INFO[0m [1mnode[0m[1m{[0m[3mname[0m[2m=[0mk#addeef94..[1m}[0m[2m:[0m [2mconsensus_core::commit_observer[0m[2m:[0m [2mconsensus/core/src/commit_observer.rs[0m[2m:[0m[2m173:[0m Consensus commit C409(1iu+) with leader B420(A,R0U9) has 3 blocks
[2m2025-03-25T07:56:47.975637Z[0m [32m INFO[0m [1mnode[0m[1m{[0m[3mname[0m[2m=[0mk#addeef94..[1m}[0m[2m:[0m [2msui_core::consensus_handler[0m[2m:[0m [2mcrates/sui-core/src/consensus_handler.rs[0m[2m:[0m[2m232:[0m Received consensus output [3mconsensus_commit[0m[2m=[0mCommittedSubDag(leader=B420(A,R0U9), ref=C409(1iu+), blocks=[801Z, LcNc, R0U9]) [3mepoch[0m[2m=[0m1
[2m2025-03-25T07:56:47.978718Z[0m [32m INFO[0m [1mnode[0m[1m{[0m[3mname[0m[2m=[0mk#8dcff6d1..[1m}[0m[2m:[0m [2msui_core::checkpoints::checkpoint_output[0m[2m:[0m [2mcrates/sui-core/src/checkpoints/checkpoint_output.rs[0m[2m:[0m[2m196:[0m Certified checkpoint with sequence 621 and digest FtBsppctFbbzAJijk55YpXV8U66XKpwUCgdyqAKdKdGt
[2m2025-03-25T07:56:47.978719Z[0m [32m INFO[0m [1mnode[0m[1m{[0m[3mname[0m[2m=[0mk#99f25ef6..[1m}[0m[2m:[0m [2msui_core::checkpoints::checkpoint_output[0m[2m:[0m [2mcrates/sui-core/src/checkpoints/checkpoint_output.rs[0m[2m:[0m[2m196:[0m Certified checkpoint with sequence 621 and digest FtBsppctFbbzAJijk55YpXV8U66XKpwUCgdyqAKdKdGt
[2m2025-03-25T07:56:47.978829Z[0m [32m INFO[0m [1mnode[0m[1m{[0m[3mname[0m[2m=[0mk#99f25ef6..[1m}[0m[2m:[0m [2mconsensus_core::core[0m[2m:[0m [2mconsensus/core/src/core.rs[0m[2m:[0m[2m630:[0m Committing 1 leaders: B420(A,R0U9)
[2m2025-03-25T07:56:47.978829Z[0m [32m INFO[0m [1mnode[0m[1m{[0m[3mname[0m[2m=[0mk#8dcff6d1..[1m}[0m[2m:[0m [2mconsensus_core::core[0m[2m:[0m [2mconsensus/core/src/core.rs[0m[2m:[0m[2m630:[0m Committing 1 leaders: B420(A,R0U9)
[2m2025-03-25T07:56:47.978933Z[0m [32m INFO[0m [1mnode[0m[1m{[0m[3mname[0m[2m=[0mk#8dcff6d1..[1m}[0m[2m:[0m [2mconsensus_core::commit_observer[0m[2m:[0m [2mconsensus/core/src/commit_observer.rs[0m[2m:[0m[2m173:[0m Consensus commit C409(1iu+) with leader B420(A,R0U9) has 3 blocks
[2m2025-03-25T07:56:47.978938Z[0m [32m INFO[0m [1mnode[0m[1m{[0m[3mname[0m[2m=[0mk#99f25ef6..[1m}[0m[2m:[0m [2mconsensus_core::commit_observer[0m[2m:[0m [2mconsensus/core/src/commit_observer.rs[0m[2m:[0m[2m173:[0m Consensus commit C409(1iu+) with leader B420(A,R0U9) has 3 blocks
[2m2025-03-25T07:56:47.979379Z[0m [32m INFO[0m [1mnode[0m[1m{[0m[3mname[0m[2m=[0mk#8dcff6d1..[1m}[0m[2m:[0m [2msui_core::consensus_handler[0m[2m:[0m [2mcrates/sui-core/src/consensus_handler.rs[0m[2m:[0m[2m232:[0m Received consensus output [3mconsensus_commit[0m[2m=[0mCommittedSubDag(leader=B420(A,R0U9), ref=C409(1iu+), blocks=[801Z, LcNc, R0U9]) [3mepoch[0m[2m=[0m1
[2m2025-03-25T07:56:47.979379Z[0m [32m INFO[0m [1mnode[0m[1m{[0m[3mname[0m[2m=[0mk#99f25ef6..[1m}[0m[2m:[0m [2msui_core::consensus_handler[0m[2m:[0m [2mcrates/sui-core/src/consensus_handler.rs[0m[2m:[0m[2m232:[0m Received consensus output [3mconsensus_commit[0m[2m=[0mCommittedSubDag(leader=B420(A,R0U9), ref=C409(1iu+), blocks=[801Z, LcNc, R0U9]) [3mepoch[0m[2m=[0m1
[2m2025-03-25T07:56:47.979999Z[0m [32m INFO[0m [1mnode[0m[1m{[0m[3mname[0m[2m=[0mk#99f25ef6..[1m}[0m[2m:[0m [2msui_core::checkpoints::checkpoint_executor[0m[2m:[0m [2mcrates/sui-core/src/checkpoints/checkpoint_executor/mod.rs[0m[2m:[0m[2m332:[0m Received checkpoint summary from state sync [3msequence_number[0m[2m=[0m621
[2m2025-03-25T07:56:47.979999Z[0m [32m INFO[0m [1mnode[0m[1m{[0m[3mname[0m[2m=[0mk#8dcff6d1..[1m}[0m[2m:[0m [2msui_core::checkpoints::checkpoint_executor[0m[2m:[0m [2mcrates/sui-core/src/checkpoints/checkpoint_executor/mod.rs[0m[2m:[0m[2m332:[0m Received checkpoint summary from state sync [3msequence_number[0m[2m=[0m621
[2m2025-03-25T07:56:47.993587Z[0m [32m INFO[0m [1mnode[0m[1m{[0m[3mname[0m[2m=[0mk#8dcff6d1..[1m}[0m[2m:[0m [2msui_core::state_accumulator[0m[2m:[0m [2mcrates/sui-core/src/state_accumulator.rs[0m[2m:[0m[2m675:[0m accumulating running root for checkpoint 621
[2m2025-03-25T07:56:47.993587Z[0m [32m INFO[0m [1mnode[0m[1m{[0m[3mname[0m[2m=[0mk#99f25ef6..[1m}[0m[2m:[0m [2msui_core::state_accumulator[0m[2m:[0m [2mcrates/sui-core/src/state_accumulator.rs[0m[2m:[0m[2m675:[0m accumulating running root for checkpoint 621
[2m2025-03-25T07:56:48.020362Z[0m [32m INFO[0m [1mnode[0m[1m{[0m[3mname[0m[2m=[0mk#addeef94..[1m}[0m[2m:[0m [2msui_core::checkpoints[0m[2m:[0m [2mcrates/sui-core/src/checkpoints/mod.rs[0m[2m:[0m[2m1326:[0m Creating checkpoint(s) for 1 transactions [3mnext_checkpoint_seq[0m[2m=[0m622 [3mcheckpoint_timestamp[0m[2m=[0m1742889407459
[2m2025-03-25T07:56:48.020607Z[0m [32m INFO[0m [1mnode[0m[1m{[0m[3mname[0m[2m=[0mk#addeef94..[1m}[0m[2m:[0m [2msui_core::checkpoints::checkpoint_output[0m[2m:[0m [2mcrates/sui-core/src/checkpoints/checkpoint_output.rs[0m[2m:[0m[2m149:[0m Creating checkpoint CheckpointDigest(PWwtALEvWuQRfJ1CH7Cxb1j8N2LASUwocwcNmNJGJws) at epoch 1, sequence 622, previous digest Some(CheckpointDigest(FtBsppctFbbzAJijk55YpXV8U66XKpwUCgdyqAKdKdGt)), transactions count 1, content digest CheckpointContentsDigest(HDRHgABjXNTdnPUEZeEhGqcDcy191FUiUG5Uiz5YyorE), end_of_epoch_data None
[2m2025-03-25T07:56:48.024996Z[0m [32m INFO[0m [1mnode[0m[1m{[0m[3mname[0m[2m=[0mk#8dcff6d1..[1m}[0m[2m:[0m [2msui_core::checkpoints[0m[2m:[0m [2mcrates/sui-core/src/checkpoints/mod.rs[0m[2m:[0m[2m1326:[0m Creating checkpoint(s) for 1 transactions [3mnext_checkpoint_seq[0m[2m=[0m622 [3mcheckpoint_timestamp[0m[2m=[0m1742889407459
[2m2025-03-25T07:56:48.025073Z[0m [32m INFO[0m [1mnode[0m[1m{[0m[3mname[0m[2m=[0mk#99f25ef6..[1m}[0m[2m:[0m [2msui_core::checkpoints[0m[2m:[0m [2mcrates/sui-core/src/checkpoints/mod.rs[0m[2m:[0m[2m1326:[0m Creating checkpoint(s) for 1 transactions [3mnext_checkpoint_seq[0m[2m=[0m622 [3mcheckpoint_timestamp[0m[2m=[0m1742889407459
[2m2025-03-25T07:56:48.025177Z[0m [32m INFO[0m [1mnode[0m[1m{[0m[3mname[0m[2m=[0mk#8dcff6d1..[1m}[0m[2m:[0m [2msui_core::checkpoints::checkpoint_output[0m[2m:[0m [2mcrates/sui-core/src/checkpoints/checkpoint_output.rs[0m[2m:[0m[2m149:[0m Creating checkpoint CheckpointDigest(PWwtALEvWuQRfJ1CH7Cxb1j8N2LASUwocwcNmNJGJws) at epoch 1, sequence 622, previous digest Some(CheckpointDigest(FtBsppctFbbzAJijk55YpXV8U66XKpwUCgdyqAKdKdGt)), transactions count 1, content digest CheckpointContentsDigest(HDRHgABjXNTdnPUEZeEhGqcDcy191FUiUG5Uiz5YyorE), end_of_epoch_data None
[2m2025-03-25T07:56:48.025242Z[0m [32m INFO[0m [1mnode[0m[1m{[0m[3mname[0m[2m=[0mk#99f25ef6..[1m}[0m[2m:[0m [2msui_core::checkpoints::checkpoint_output[0m[2m:[0m [2mcrates/sui-core/src/checkpoints/checkpoint_output.rs[0m[2m:[0m[2m149:[0m Creating checkpoint CheckpointDigest(PWwtALEvWuQRfJ1CH7Cxb1j8N2LASUwocwcNmNJGJws) at epoch 1, sequence 622, previous digest Some(CheckpointDigest(FtBsppctFbbzAJijk55YpXV8U66XKpwUCgdyqAKdKdGt)), transactions count 1, content digest CheckpointContentsDigest(HDRHgABjXNTdnPUEZeEhGqcDcy191FUiUG5Uiz5YyorE), end_of_epoch_data None
[2m2025-03-25T07:56:48.086985Z[0m [32m INFO[0m [1mnode[0m[1m{[0m[3mname[0m[2m=[0mk#addeef94..[1m}[0m[2m:[0m [2msui_core::checkpoints::checkpoint_executor[0m[2m:[0m [2mcrates/sui-core/src/checkpoints/checkpoint_executor/mod.rs[0m[2m:[0m[2m332:[0m Received checkpoint summary from state sync [3msequence_number[0m[2m=[0m621
[2m2025-03-25T07:56:48.088422Z[0m [32m INFO[0m [1mnode[0m[1m{[0m[3mname[0m[2m=[0mk#addeef94..[1m}[0m[2m:[0m [2msui_core::state_accumulator[0m[2m:[0m [2mcrates/sui-core/src/state_accumulator.rs[0m[2m:[0m[2m675:[0m accumulating running root for checkpoint 621
[2m2025-03-25T07:56:48.228175Z[0m [32m INFO[0m [1mnode[0m[1m{[0m[3mname[0m[2m=[0mk#addeef94..[1m}[0m[2m:[0m [2mconsensus_core::core[0m[2m:[0m [2mconsensus/core/src/core.rs[0m[2m:[0m[2m945:[0m Included 3 ancestors & excluded 0 ancestors for proposal in round 423
[2m2025-03-25T07:56:48.228552Z[0m [32m INFO[0m [1mnode[0m[1m{[0m[3mname[0m[2m=[0mk#addeef94..[1m}[0m[2m:[0m [2mconsensus_core::core[0m[2m:[0m [2mconsensus/core/src/core.rs[0m[2m:[0m[2m531:[0m Created block B423(C,Q676pgytrnlWZo9LzkFKLKKGdoGHRuzp/EDfLqepy/4=)(1742889408228ms;[B422(C,fzdG74iLpVf/QzUU56LSlYNKCZdyCBKFRNazL0HEzag=), B422(A,JFC4doogpV+Jdxwwa/ciZ3EdtEaAwGxn/scLbjj8lD4=), B422(B,bjwI8wKzGYnmXyqxt0C4K2aUdo0iyTCWDjbR2SbEG+M=)];1t;1c) for round 423
[2m2025-03-25T07:56:48.230553Z[0m [32m INFO[0m [1mnode[0m[1m{[0m[3mname[0m[2m=[0mk#8dcff6d1..[1m}[0m[2m:[0m [2mconsensus_core::core[0m[2m:[0m [2mconsensus/core/src/core.rs[0m[2m:[0m[2m945:[0m Included 3 ancestors & excluded 0 ancestors for proposal in round 423
[2m2025-03-25T07:56:48.230561Z[0m [32m INFO[0m [1mnode[0m[1m{[0m[3mname[0m[2m=[0mk#99f25ef6..[1m}[0m[2m:[0m [2mconsensus_core::core[0m[2m:[0m [2mconsensus/core/src/core.rs[0m[2m:[0m[2m945:[0m Included 3 ancestors & excluded 0 ancestors for proposal in round 423
[2m2025-03-25T07:56:48.230841Z[0m [32m INFO[0m [1mnode[0m[1m{[0m[3mname[0m[2m=[0mk#8dcff6d1..[1m}[0m[2m:[0m [2mconsensus_core::core[0m[2m:[0m [2mconsensus/core/src/core.rs[0m[2m:[0m[2m531:[0m Created block B423(A,FYYC3WKkhy+y1JBfUB9JI+mfD/IQZ3kP5fRxFBduN0E=)(1742889408230ms;[B422(A,JFC4doogpV+Jdxwwa/ciZ3EdtEaAwGxn/scLbjj8lD4=), B422(B,bjwI8wKzGYnmXyqxt0C4K2aUdo0iyTCWDjbR2SbEG+M=), B422(C,fzdG74iLpVf/QzUU56LSlYNKCZdyCBKFRNazL0HEzag=)];1t;1c) for round 423
[2m2025-03-25T07:56:48.230859Z[0m [32m INFO[0m [1mnode[0m[1m{[0m[3mname[0m[2m=[0mk#99f25ef6..[1m}[0m[2m:[0m [2mconsensus_core::core[0m[2m:[0m [2mconsensus/core/src/core.rs[0m[2m:[0m[2m531:[0m Created block B423(B,GvyAJnHcX6vVoGsf8cfSFCvHii+0NiEsFXWntXzxHGw=)(1742889408230ms;[B422(B,bjwI8wKzGYnmXyqxt0C4K2aUdo0iyTCWDjbR2SbEG+M=), B422(A,JFC4doogpV+Jdxwwa/ciZ3EdtEaAwGxn/scLbjj8lD4=), B422(C,fzdG74iLpVf/QzUU56LSlYNKCZdyCBKFRNazL0HEzag=)];1t;1c) for round 423
[2m2025-03-25T07:56:48.230911Z[0m [32m INFO[0m [1mnode[0m[1m{[0m[3mname[0m[2m=[0mk#8dcff6d1..[1m}[0m[2m:[0m [2mconsensus_core::core[0m[2m:[0m [2mconsensus/core/src/core.rs[0m[2m:[0m[2m630:[0m Committing 1 leaders: B421(B,A3rj)
[2m2025-03-25T07:56:48.230927Z[0m [32m INFO[0m [1mnode[0m[1m{[0m[3mname[0m[2m=[0mk#99f25ef6..[1m}[0m[2m:[0m [2mconsensus_core::core[0m[2m:[0m [2mconsensus/core/src/core.rs[0m[2m:[0m[2m630:[0m Committing 1 leaders: B421(B,A3rj)
[2m2025-03-25T07:56:48.230983Z[0m [32m INFO[0m [1mnode[0m[1m{[0m[3mname[0m[2m=[0mk#8dcff6d1..[1m}[0m[2m:[0m [2mconsensus_core::commit_observer[0m[2m:[0m [2mconsensus/core/src/commit_observer.rs[0m[2m:[0m[2m173:[0m Consensus commit C410(vmqQ) with leader B421(B,A3rj) has 3 blocks
[2m2025-03-25T07:56:48.230995Z[0m [32m INFO[0m [1mnode[0m[1m{[0m[3mname[0m[2m=[0mk#99f25ef6..[1m}[0m[2m:[0m [2mconsensus_core::commit_observer[0m[2m:[0m [2mconsensus/core/src/commit_observer.rs[0m[2m:[0m[2m173:[0m Consensus commit C410(vmqQ) with leader B421(B,A3rj) has 3 blocks
[2m2025-03-25T07:56:48.231070Z[0m [32m INFO[0m [1mnode[0m[1m{[0m[3mname[0m[2m=[0mk#8dcff6d1..[1m}[0m[2m:[0m [2msui_core::consensus_handler[0m[2m:[0m [2mcrates/sui-core/src/consensus_handler.rs[0m[2m:[0m[2m232:[0m Received consensus output [3mconsensus_commit[0m[2m=[0mCommittedSubDag(leader=B421(B,A3rj), ref=C410(vmqQ), blocks=[n8eq, zZ1F, A3rj]) [3mepoch[0m[2m=[0m1
[2m2025-03-25T07:56:48.231078Z[0m [32m INFO[0m [1mnode[0m[1m{[0m[3mname[0m[2m=[0mk#99f25ef6..[1m}[0m[2m:[0m [2msui_core::consensus_handler[0m[2m:[0m [2mcrates/sui-core/src/consensus_handler.rs[0m[2m:[0m[2m232:[0m Received consensus output [3mconsensus_commit[0m[2m=[0mCommittedSubDag(leader=B421(B,A3rj), ref=C410(vmqQ), blocks=[n8eq, zZ1F, A3rj]) [3mepoch[0m[2m=[0m1
[2m2025-03-25T07:56:48.234826Z[0m [32m INFO[0m [1mnode[0m[1m{[0m[3mname[0m[2m=[0mk#addeef94..[1m}[0m[2m:[0m [2mconsensus_core::core[0m[2m:[0m [2mconsensus/core/src/core.rs[0m[2m:[0m[2m630:[0m Committing 1 leaders: B421(B,A3rj)
[2m2025-03-25T07:56:48.234939Z[0m [32m INFO[0m [1mnode[0m[1m{[0m[3mname[0m[2m=[0mk#addeef94..[1m}[0m[2m:[0m [2mconsensus_core::commit_observer[0m[2m:[0m [2mconsensus/core/src/commit_observer.rs[0m[2m:[0m[2m173:[0m Consensus commit C410(vmqQ) with leader B421(B,A3rj) has 3 blocks
[2m2025-03-25T07:56:48.235076Z[0m [32m INFO[0m [1mnode[0m[1m{[0m[3mname[0m[2m=[0mk#addeef94..[1m}[0m[2m:[0m [2msui_core::consensus_handler[0m[2m:[0m [2mcrates/sui-core/src/consensus_handler.rs[0m[2m:[0m[2m232:[0m Received consensus output [3mconsensus_commit[0m[2m=[0mCommittedSubDag(leader=B421(B,A3rj), ref=C410(vmqQ), blocks=[n8eq, zZ1F, A3rj]) [3mepoch[0m[2m=[0m1
[2m2025-03-25T07:56:48.257811Z[0m [32m INFO[0m [1mnode[0m[1m{[0m[3mname[0m[2m=[0mk#8dcff6d1..[1m}[0m[2m:[0m [2msui_core::checkpoints[0m[2m:[0m [2mcrates/sui-core/src/checkpoints/mod.rs[0m[2m:[0m[2m1326:[0m Creating checkpoint(s) for 2 transactions [3mnext_checkpoint_seq[0m[2m=[0m623 [3mcheckpoint_timestamp[0m[2m=[0m1742889407718
[2m2025-03-25T07:56:48.257812Z[0m [32m INFO[0m [1mnode[0m[1m{[0m[3mname[0m[2m=[0mk#99f25ef6..[1m}[0m[2m:[0m [2msui_core::checkpoints[0m[2m:[0m [2mcrates/sui-core/src/checkpoints/mod.rs[0m[2m:[0m[2m1326:[0m Creating checkpoint(s) for 2 transactions [3mnext_checkpoint_seq[0m[2m=[0m623 [3mcheckpoint_timestamp[0m[2m=[0m1742889407718
[2m2025-03-25T07:56:48.258125Z[0m [32m INFO[0m [1mnode[0m[1m{[0m[3mname[0m[2m=[0mk#8dcff6d1..[1m}[0m[2m:[0m [2msui_core::checkpoints::checkpoint_output[0m[2m:[0m [2mcrates/sui-core/src/checkpoints/checkpoint_output.rs[0m[2m:[0m[2m149:[0m Creating checkpoint CheckpointDigest(DN1SZWoSfLiMwdjRWaeAcLPxTpvPncvhz6S9sCGGkKgv) at epoch 1, sequence 623, previous digest Some(CheckpointDigest(PWwtALEvWuQRfJ1CH7Cxb1j8N2LASUwocwcNmNJGJws)), transactions count 2, content digest CheckpointContentsDigest(AugXKxr6DkErjR5sUcBmvUxjPGqaZCDAiTNLxsfuoFGq), end_of_epoch_data None
[2m2025-03-25T07:56:48.258125Z[0m [32m INFO[0m [1mnode[0m[1m{[0m[3mname[0m[2m=[0mk#99f25ef6..[1m}[0m[2m:[0m [2msui_core::checkpoints::checkpoint_output[0m[2m:[0m [2mcrates/sui-core/src/checkpoints/checkpoint_output.rs[0m[2m:[0m[2m149:[0m Creating checkpoint CheckpointDigest(DN1SZWoSfLiMwdjRWaeAcLPxTpvPncvhz6S9sCGGkKgv) at epoch 1, sequence 623, previous digest Some(CheckpointDigest(PWwtALEvWuQRfJ1CH7Cxb1j8N2LASUwocwcNmNJGJws)), transactions count 2, content digest CheckpointContentsDigest(AugXKxr6DkErjR5sUcBmvUxjPGqaZCDAiTNLxsfuoFGq), end_of_epoch_data None
[2m2025-03-25T07:56:48.261215Z[0m [32m INFO[0m [1mnode[0m[1m{[0m[3mname[0m[2m=[0mk#addeef94..[1m}[0m[2m:[0m [2msui_core::checkpoints[0m[2m:[0m [2mcrates/sui-core/src/checkpoints/mod.rs[0m[2m:[0m[2m1326:[0m Creating checkpoint(s) for 2 transactions [3mnext_checkpoint_seq[0m[2m=[0m623 [3mcheckpoint_timestamp[0m[2m=[0m1742889407718
[2m2025-03-25T07:56:48.261238Z[0m [32m INFO[0m [1mnode[0m[1m{[0m[3mname[0m[2m=[0mk#8dcff6d1..[1m}[0m[2m:[0m [2msui_core::checkpoints::checkpoint_output[0m[2m:[0m [2mcrates/sui-core/src/checkpoints/checkpoint_output.rs[0m[2m:[0m[2m196:[0m Certified checkpoint with sequence 622 and digest PWwtALEvWuQRfJ1CH7Cxb1j8N2LASUwocwcNmNJGJws
[2m2025-03-25T07:56:48.261245Z[0m [32m INFO[0m [1mnode[0m[1m{[0m[3mname[0m[2m=[0mk#99f25ef6..[1m}[0m[2m:[0m [2msui_core::checkpoints::checkpoint_output[0m[2m:[0m [2mcrates/sui-core/src/checkpoints/checkpoint_output.rs[0m[2m:[0m[2m196:[0m Certified checkpoint with sequence 622 and digest PWwtALEvWuQRfJ1CH7Cxb1j8N2LASUwocwcNmNJGJws
[2m2025-03-25T07:56:48.261472Z[0m [32m INFO[0m [1mnode[0m[1m{[0m[3mname[0m[2m=[0mk#addeef94..[1m}[0m[2m:[0m [2msui_core::checkpoints::checkpoint_output[0m[2m:[0m [2mcrates/sui-core/src/checkpoints/checkpoint_output.rs[0m[2m:[0m[2m149:[0m Creating checkpoint CheckpointDigest(DN1SZWoSfLiMwdjRWaeAcLPxTpvPncvhz6S9sCGGkKgv) at epoch 1, sequence 623, previous digest Some(CheckpointDigest(PWwtALEvWuQRfJ1CH7Cxb1j8N2LASUwocwcNmNJGJws)), transactions count 2, content digest CheckpointContentsDigest(AugXKxr6DkErjR5sUcBmvUxjPGqaZCDAiTNLxsfuoFGq), end_of_epoch_data None
[2m2025-03-25T07:56:48.261696Z[0m [32m INFO[0m [1mnode[0m[1m{[0m[3mname[0m[2m=[0mk#8dcff6d1..[1m}[0m[2m:[0m [2msui_core::checkpoints::checkpoint_executor[0m[2m:[0m [2mcrates/sui-core/src/checkpoints/checkpoint_executor/mod.rs[0m[2m:[0m[2m332:[0m Received checkpoint summary from state sync [3msequence_number[0m[2m=[0m622
[2m2025-03-25T07:56:48.261696Z[0m [32m INFO[0m [1mnode[0m[1m{[0m[3mname[0m[2m=[0mk#99f25ef6..[1m}[0m[2m:[0m [2msui_core::checkpoints::checkpoint_executor[0m[2m:[0m [2mcrates/sui-core/src/checkpoints/checkpoint_executor/mod.rs[0m[2m:[0m[2m332:[0m Received checkpoint summary from state sync [3msequence_number[0m[2m=[0m622
[2m2025-03-25T07:56:48.262879Z[0m [32m INFO[0m [1mnode[0m[1m{[0m[3mname[0m[2m=[0mk#99f25ef6..[1m}[0m[2m:[0m [2msui_core::state_accumulator[0m[2m:[0m [2mcrates/sui-core/src/state_accumulator.rs[0m[2m:[0m[2m675:[0m accumulating running root for checkpoint 622
[2m2025-03-25T07:56:48.262881Z[0m [32m INFO[0m [1mnode[0m[1m{[0m[3mname[0m[2m=[0mk#8dcff6d1..[1m}[0m[2m:[0m [2msui_core::state_accumulator[0m[2m:[0m [2mcrates/sui-core/src/state_accumulator.rs[0m[2m:[0m[2m675:[0m accumulating running root for checkpoint 622
[2m2025-03-25T07:56:48.265087Z[0m [32m INFO[0m [1mnode[0m[1m{[0m[3mname[0m[2m=[0mk#addeef94..[1m}[0m[2m:[0m [2msui_core::checkpoints::checkpoint_executor[0m[2m:[0m [2mcrates/sui-core/src/checkpoints/checkpoint_executor/mod.rs[0m[2m:[0m[2m332:[0m Received checkpoint summary from state sync [3msequence_number[0m[2m=[0m622
[2m2025-03-25T07:56:48.265808Z[0m [32m INFO[0m [1mnode[0m[1m{[0m[3mname[0m[2m=[0mk#addeef94..[1m}[0m[2m:[0m [2msui_core::state_accumulator[0m[2m:[0m [2mcrates/sui-core/src/state_accumulator.rs[0m[2m:[0m[2m675:[0m accumulating running root for checkpoint 622
[2m2025-03-25T07:56:48.483980Z[0m [32m INFO[0m [1mnode[0m[1m{[0m[3mname[0m[2m=[0mk#8dcff6d1..[1m}[0m[2m:[0m [2mconsensus_core::core[0m[2m:[0m [2mconsensus/core/src/core.rs[0m[2m:[0m[2m945:[0m Included 3 ancestors & excluded 0 ancestors for proposal in round 424
[2m2025-03-25T07:56:48.484376Z[0m [32m INFO[0m [1mnode[0m[1m{[0m[3mname[0m[2m=[0mk#8dcff6d1..[1m}[0m[2m:[0m [2mconsensus_core::core[0m[2m:[0m [2mconsensus/core/src/core.rs[0m[2m:[0m[2m531:[0m Created block B424(A,MlXCmRMNe/6D3cQSf1N6KC4cHSksE3CyB9AYd+P/Aho=)(1742889408484ms;[B423(A,FYYC3WKkhy+y1JBfUB9JI+mfD/IQZ3kP5fRxFBduN0E=), B423(B,GvyAJnHcX6vVoGsf8cfSFCvHii+0NiEsFXWntXzxHGw=), B423(C,Q676pgytrnlWZo9LzkFKLKKGdoGHRuzp/EDfLqepy/4=)];1t;1c) for round 424
[2m2025-03-25T07:56:48.484598Z[0m [32m INFO[0m [1mnode[0m[1m{[0m[3mname[0m[2m=[0mk#99f25ef6..[1m}[0m[2m:[0m [2mconsensus_core::core[0m[2m:[0m [2mconsensus/core/src/core.rs[0m[2m:[0m[2m945:[0m Included 3 ancestors & excluded 0 ancestors for proposal in round 424
[2m2025-03-25T07:56:48.484911Z[0m [32m INFO[0m [1mnode[0m[1m{[0m[3mname[0m[2m=[0mk#99f25ef6..[1m}[0m[2m:[0m [2mconsensus_core::core[0m[2m:[0m [2mconsensus/core/src/core.rs[0m[2m:[0m[2m531:[0m Created block B424(B,7TnfImPl/037DqS+XxKQlvby12f3dAYZ2etTIvGrVTM=)(1742889408484ms;[B423(B,GvyAJnHcX6vVoGsf8cfSFCvHii+0NiEsFXWntXzxHGw=), B423(A,FYYC3WKkhy+y1JBfUB9JI+mfD/IQZ3kP5fRxFBduN0E=), B423(C,Q676pgytrnlWZo9LzkFKLKKGdoGHRuzp/EDfLqepy/4=)];1t;1c) for round 424
[2m2025-03-25T07:56:48.487564Z[0m [32m INFO[0m [1mnode[0m[1m{[0m[3mname[0m[2m=[0mk#addeef94..[1m}[0m[2m:[0m [2mconsensus_core::core[0m[2m:[0m [2mconsensus/core/src/core.rs[0m[2m:[0m[2m945:[0m Included 3 ancestors & excluded 0 ancestors for proposal in round 424
[2m2025-03-25T07:56:48.487852Z[0m [32m INFO[0m [1mnode[0m[1m{[0m[3mname[0m[2m=[0mk#addeef94..[1m}[0m[2m:[0m [2mconsensus_core::core[0m[2m:[0m [2mconsensus/core/src/core.rs[0m[2m:[0m[2m531:[0m Created block B424(C,6MrbtrScQ0en/0XcC8LnONvwDw7CBqofweVdlfoMKGM=)(1742889408487ms;[B423(C,Q676pgytrnlWZo9LzkFKLKKGdoGHRuzp/EDfLqepy/4=), B423(A,FYYC3WKkhy+y1JBfUB9JI+mfD/IQZ3kP5fRxFBduN0E=), B423(B,GvyAJnHcX6vVoGsf8cfSFCvHii+0NiEsFXWntXzxHGw=)];1t;1c) for round 424
[2m2025-03-25T07:56:48.487920Z[0m [32m INFO[0m [1mnode[0m[1m{[0m[3mname[0m[2m=[0mk#addeef94..[1m}[0m[2m:[0m [2mconsensus_core::core[0m[2m:[0m [2mconsensus/core/src/core.rs[0m[2m:[0m[2m630:[0m Committing 1 leaders: B422(A,JFC4)
[2m2025-03-25T07:56:48.487994Z[0m [32m INFO[0m [1mnode[0m[1m{[0m[3mname[0m[2m=[0mk#addeef94..[1m}[0m[2m:[0m [2mconsensus_core::commit_observer[0m[2m:[0m [2mconsensus/core/src/commit_observer.rs[0m[2m:[0m[2m173:[0m Consensus commit C411(61Jn) with leader B422(A,JFC4) has 3 blocks
[2m2025-03-25T07:56:48.488229Z[0m [32m INFO[0m [1mnode[0m[1m{[0m[3mname[0m[2m=[0mk#addeef94..[1m}[0m[2m:[0m [2msui_core::consensus_handler[0m[2m:[0m [2mcrates/sui-core/src/consensus_handler.rs[0m[2m:[0m[2m232:[0m Received consensus output [3mconsensus_commit[0m[2m=[0mCommittedSubDag(leader=B422(A,JFC4), ref=C411(61Jn), blocks=[Vm3U, 8k+o, JFC4]) [3mepoch[0m[2m=[0m1
[2m2025-03-25T07:56:48.491330Z[0m [32m INFO[0m [1mnode[0m[1m{[0m[3mname[0m[2m=[0mk#99f25ef6..[1m}[0m[2m:[0m [2msui_core::checkpoints::checkpoint_output[0m[2m:[0m [2mcrates/sui-core/src/checkpoints/checkpoint_output.rs[0m[2m:[0m[2m196:[0m Certified checkpoint with sequence 623 and digest DN1SZWoSfLiMwdjRWaeAcLPxTpvPncvhz6S9sCGGkKgv
[2m2025-03-25T07:56:48.491327Z[0m [32m INFO[0m [1mnode[0m[1m{[0m[3mname[0m[2m=[0mk#8dcff6d1..[1m}[0m[2m:[0m [2msui_core::checkpoints::checkpoint_output[0m[2m:[0m [2mcrates/sui-core/src/checkpoints/checkpoint_output.rs[0m[2m:[0m[2m196:[0m Certified checkpoint with sequence 623 and digest DN1SZWoSfLiMwdjRWaeAcLPxTpvPncvhz6S9sCGGkKgv
[2m2025-03-25T07:56:48.491443Z[0m [32m INFO[0m [1mnode[0m[1m{[0m[3mname[0m[2m=[0mk#99f25ef6..[1m}[0m[2m:[0m [2mconsensus_core::core[0m[2m:[0m [2mconsensus/core/src/core.rs[0m[2m:[0m[2m630:[0m Committing 1 leaders: B422(A,JFC4)
[2m2025-03-25T07:56:48.491443Z[0m [32m INFO[0m [1mnode[0m[1m{[0m[3mname[0m[2m=[0mk#8dcff6d1..[1m}[0m[2m:[0m [2mconsensus_core::core[0m[2m:[0m [2mconsensus/core/src/core.rs[0m[2m:[0m[2m630:[0m Committing 1 leaders: B422(A,JFC4)
[2m2025-03-25T07:56:48.491547Z[0m [32m INFO[0m [1mnode[0m[1m{[0m[3mname[0m[2m=[0mk#8dcff6d1..[1m}[0m[2m:[0m [2mconsensus_core::commit_observer[0m[2m:[0m [2mconsensus/core/src/commit_observer.rs[0m[2m:[0m[2m173:[0m Consensus commit C411(61Jn) with leader B422(A,JFC4) has 3 blocks
[2m2025-03-25T07:56:48.491550Z[0m [32m INFO[0m [1mnode[0m[1m{[0m[3mname[0m[2m=[0mk#99f25ef6..[1m}[0m[2m:[0m [2mconsensus_core::commit_observer[0m[2m:[0m [2mconsensus/core/src/commit_observer.rs[0m[2m:[0m[2m173:[0m Consensus commit C411(61Jn) with leader B422(A,JFC4) has 3 blocks
[2m2025-03-25T07:56:48.492002Z[0m [32m INFO[0m [1mnode[0m[1m{[0m[3mname[0m[2m=[0mk#99f25ef6..[1m}[0m[2m:[0m [2msui_core::consensus_handler[0m[2m:[0m [2mcrates/sui-core/src/consensus_handler.rs[0m[2m:[0m[2m232:[0m Received consensus output [3mconsensus_commit[0m[2m=[0mCommittedSubDag(leader=B422(A,JFC4), ref=C411(61Jn), blocks=[Vm3U, 8k+o, JFC4]) [3mepoch[0m[2m=[0m1
[2m2025-03-25T07:56:48.492002Z[0m [32m INFO[0m [1mnode[0m[1m{[0m[3mname[0m[2m=[0mk#8dcff6d1..[1m}[0m[2m:[0m [2msui_core::consensus_handler[0m[2m:[0m [2mcrates/sui-core/src/consensus_handler.rs[0m[2m:[0m[2m232:[0m Received consensus output [3mconsensus_commit[0m[2m=[0mCommittedSubDag(leader=B422(A,JFC4), ref=C411(61Jn), blocks=[Vm3U, 8k+o, JFC4]) [3mepoch[0m[2m=[0m1
[2m2025-03-25T07:56:48.492631Z[0m [32m INFO[0m [1mnode[0m[1m{[0m[3mname[0m[2m=[0mk#8dcff6d1..[1m}[0m[2m:[0m [2msui_core::checkpoints::checkpoint_executor[0m[2m:[0m [2mcrates/sui-core/src/checkpoints/checkpoint_executor/mod.rs[0m[2m:[0m[2m332:[0m Received checkpoint summary from state sync [3msequence_number[0m[2m=[0m623
[2m2025-03-25T07:56:48.492632Z[0m [32m INFO[0m [1mnode[0m[1m{[0m[3mname[0m[2m=[0mk#99f25ef6..[1m}[0m[2m:[0m [2msui_core::checkpoints::checkpoint_executor[0m[2m:[0m [2mcrates/sui-core/src/checkpoints/checkpoint_executor/mod.rs[0m[2m:[0m[2m332:[0m Received checkpoint summary from state sync [3msequence_number[0m[2m=[0m623
[2m2025-03-25T07:56:48.506281Z[0m [32m INFO[0m [1mnode[0m[1m{[0m[3mname[0m[2m=[0mk#8dcff6d1..[1m}[0m[2m:[0m [2msui_core::state_accumulator[0m[2m:[0m [2mcrates/sui-core/src/state_accumulator.rs[0m[2m:[0m[2m675:[0m accumulating running root for checkpoint 623
[2m2025-03-25T07:56:48.506281Z[0m [32m INFO[0m [1mnode[0m[1m{[0m[3mname[0m[2m=[0mk#99f25ef6..[1m}[0m[2m:[0m [2msui_core::state_accumulator[0m[2m:[0m [2mcrates/sui-core/src/state_accumulator.rs[0m[2m:[0m[2m675:[0m accumulating running root for checkpoint 623
[2m2025-03-25T07:56:48.532585Z[0m [32m INFO[0m [1mnode[0m[1m{[0m[3mname[0m[2m=[0mk#addeef94..[1m}[0m[2m:[0m [2msui_core::checkpoints[0m[2m:[0m [2mcrates/sui-core/src/checkpoints/mod.rs[0m[2m:[0m[2m1326:[0m Creating checkpoint(s) for 1 transactions [3mnext_checkpoint_seq[0m[2m=[0m624 [3mcheckpoint_timestamp[0m[2m=[0m1742889407971
[2m2025-03-25T07:56:48.532813Z[0m [32m INFO[0m [1mnode[0m[1m{[0m[3mname[0m[2m=[0mk#addeef94..[1m}[0m[2m:[0m [2msui_core::checkpoints::checkpoint_output[0m[2m:[0m [2mcrates/sui-core/src/checkpoints/checkpoint_output.rs[0m[2m:[0m[2m149:[0m Creating checkpoint CheckpointDigest(9fXo6vUrQj6Jp8EGHXZ7UJqdWVGtjkRJrZeGZHt3WXUU) at epoch 1, sequence 624, previous digest Some(CheckpointDigest(DN1SZWoSfLiMwdjRWaeAcLPxTpvPncvhz6S9sCGGkKgv)), transactions count 1, content digest CheckpointContentsDigest(E79YmMpizX8iZBTgxJLC2Bm4MYzuinTwHids9qiS34Up), end_of_epoch_data None
[2m2025-03-25T07:56:48.538069Z[0m [32m INFO[0m [1mnode[0m[1m{[0m[3mname[0m[2m=[0mk#99f25ef6..[1m}[0m[2m:[0m [2msui_core::checkpoints[0m[2m:[0m [2mcrates/sui-core/src/checkpoints/mod.rs[0m[2m:[0m[2m1326:[0m Creating checkpoint(s) for 1 transactions [3mnext_checkpoint_seq[0m[2m=[0m624 [3mcheckpoint_timestamp[0m[2m=[0m1742889407971
[2m2025-03-25T07:56:48.538069Z[0m [32m INFO[0m [1mnode[0m[1m{[0m[3mname[0m[2m=[0mk#8dcff6d1..[1m}[0m[2m:[0m [2msui_core::checkpoints[0m[2m:[0m [2mcrates/sui-core/src/checkpoints/mod.rs[0m[2m:[0m[2m1326:[0m Creating checkpoint(s) for 1 transactions [3mnext_checkpoint_seq[0m[2m=[0m624 [3mcheckpoint_timestamp[0m[2m=[0m1742889407971
[2m2025-03-25T07:56:48.538254Z[0m [32m INFO[0m [1mnode[0m[1m{[0m[3mname[0m[2m=[0mk#8dcff6d1..[1m}[0m[2m:[0m [2msui_core::checkpoints::checkpoint_output[0m[2m:[0m [2mcrates/sui-core/src/checkpoints/checkpoint_output.rs[0m[2m:[0m[2m149:[0m Creating checkpoint CheckpointDigest(9fXo6vUrQj6Jp8EGHXZ7UJqdWVGtjkRJrZeGZHt3WXUU) at epoch 1, sequence 624, previous digest Some(CheckpointDigest(DN1SZWoSfLiMwdjRWaeAcLPxTpvPncvhz6S9sCGGkKgv)), transactions count 1, content digest CheckpointContentsDigest(E79YmMpizX8iZBTgxJLC2Bm4MYzuinTwHids9qiS34Up), end_of_epoch_data None
[2m2025-03-25T07:56:48.538254Z[0m [32m INFO[0m [1mnode[0m[1m{[0m[3mname[0m[2m=[0mk#99f25ef6..[1m}[0m[2m:[0m [2msui_core::checkpoints::checkpoint_output[0m[2m:[0m [2mcrates/sui-core/src/checkpoints/checkpoint_output.rs[0m[2m:[0m[2m149:[0m Creating checkpoint CheckpointDigest(9fXo6vUrQj6Jp8EGHXZ7UJqdWVGtjkRJrZeGZHt3WXUU) at epoch 1, sequence 624, previous digest Some(CheckpointDigest(DN1SZWoSfLiMwdjRWaeAcLPxTpvPncvhz6S9sCGGkKgv)), transactions count 1, content digest CheckpointContentsDigest(E79YmMpizX8iZBTgxJLC2Bm4MYzuinTwHids9qiS34Up), end_of_epoch_data None
[2m2025-03-25T07:56:48.599493Z[0m [32m INFO[0m [1mnode[0m[1m{[0m[3mname[0m[2m=[0mk#addeef94..[1m}[0m[2m:[0m [2msui_core::checkpoints::checkpoint_executor[0m[2m:[0m [2mcrates/sui-core/src/checkpoints/checkpoint_executor/mod.rs[0m[2m:[0m[2m332:[0m Received checkpoint summary from state sync [3msequence_number[0m[2m=[0m623
[2m2025-03-25T07:56:48.600920Z[0m [32m INFO[0m [1mnode[0m[1m{[0m[3mname[0m[2m=[0mk#addeef94..[1m}[0m[2m:[0m [2msui_core::state_accumulator[0m[2m:[0m [2mcrates/sui-core/src/state_accumulator.rs[0m[2m:[0m[2m675:[0m accumulating running root for checkpoint 623
[2m2025-03-25T07:56:48.741193Z[0m [32m INFO[0m [1mnode[0m[1m{[0m[3mname[0m[2m=[0mk#addeef94..[1m}[0m[2m:[0m [2mconsensus_core::core[0m[2m:[0m [2mconsensus/core/src/core.rs[0m[2m:[0m[2m945:[0m Included 3 ancestors & excluded 0 ancestors for proposal in round 425
[2m2025-03-25T07:56:48.741582Z[0m [32m INFO[0m [1mnode[0m[1m{[0m[3mname[0m[2m=[0mk#addeef94..[1m}[0m[2m:[0m [2mconsensus_core::core[0m[2m:[0m [2mconsensus/core/src/core.rs[0m[2m:[0m[2m531:[0m Created block B425(C,XwcpNNcjr3MuwS+Seqt2HMqVsBkeQafbUtHv6bU0wWo=)(1742889408741ms;[B424(C,6MrbtrScQ0en/0XcC8LnONvwDw7CBqofweVdlfoMKGM=), B424(A,MlXCmRMNe/6D3cQSf1N6KC4cHSksE3CyB9AYd+P/Aho=), B424(B,7TnfImPl/037DqS+XxKQlvby12f3dAYZ2etTIvGrVTM=)];1t;1c) for round 425
[2m2025-03-25T07:56:48.743538Z[0m [32m INFO[0m [1mnode[0m[1m{[0m[3mname[0m[2m=[0mk#8dcff6d1..[1m}[0m[2m:[0m [2mconsensus_core::core[0m[2m:[0m [2mconsensus/core/src/core.rs[0m[2m:[0m[2m945:[0m Included 3 ancestors & excluded 0 ancestors for proposal in round 425
[2m2025-03-25T07:56:48.743541Z[0m [32m INFO[0m [1mnode[0m[1m{[0m[3mname[0m[2m=[0mk#99f25ef6..[1m}[0m[2m:[0m [2mconsensus_core::core[0m[2m:[0m [2mconsensus/core/src/core.rs[0m[2m:[0m[2m945:[0m Included 3 ancestors & excluded 0 ancestors for proposal in round 425
[2m2025-03-25T07:56:48.743828Z[0m [32m INFO[0m [1mnode[0m[1m{[0m[3mname[0m[2m=[0mk#8dcff6d1..[1m}[0m[2m:[0m [2mconsensus_core::core[0m[2m:[0m [2mconsensus/core/src/core.rs[0m[2m:[0m[2m531:[0m Created block B425(A,ScN3/aKT1H1YMwNVX37yQRA6loC5dBjcFw6umoGvdP0=)(1742889408743ms;[B424(A,MlXCmRMNe/6D3cQSf1N6KC4cHSksE3CyB9AYd+P/Aho=), B424(B,7TnfImPl/037DqS+XxKQlvby12f3dAYZ2etTIvGrVTM=), B424(C,6MrbtrScQ0en/0XcC8LnONvwDw7CBqofweVdlfoMKGM=)];1t;1c) for round 425
[2m2025-03-25T07:56:48.743831Z[0m [32m INFO[0m [1mnode[0m[1m{[0m[3mname[0m[2m=[0mk#99f25ef6..[1m}[0m[2m:[0m [2mconsensus_core::core[0m[2m:[0m [2mconsensus/core/src/core.rs[0m[2m:[0m[2m531:[0m Created block B425(B,+82P9oi7CLyM+15lBVykqrIl/wCd/jXbcjWYvJmUCtk=)(1742889408743ms;[B424(B,7TnfImPl/037DqS+XxKQlvby12f3dAYZ2etTIvGrVTM=), B424(A,MlXCmRMNe/6D3cQSf1N6KC4cHSksE3CyB9AYd+P/Aho=), B424(C,6MrbtrScQ0en/0XcC8LnONvwDw7CBqofweVdlfoMKGM=)];1t;1c) for round 425
[2m2025-03-25T07:56:48.743896Z[0m [32m INFO[0m [1mnode[0m[1m{[0m[3mname[0m[2m=[0mk#8dcff6d1..[1m}[0m[2m:[0m [2mconsensus_core::core[0m[2m:[0m [2mconsensus/core/src/core.rs[0m[2m:[0m[2m630:[0m Committing 1 leaders: B423(B,GvyA)
[2m2025-03-25T07:56:48.743896Z[0m [32m INFO[0m [1mnode[0m[1m{[0m[3mname[0m[2m=[0mk#99f25ef6..[1m}[0m[2m:[0m [2mconsensus_core::core[0m[2m:[0m [2mconsensus/core/src/core.rs[0m[2m:[0m[2m630:[0m Committing 1 leaders: B423(B,GvyA)
[2m2025-03-25T07:56:48.743966Z[0m [32m INFO[0m [1mnode[0m[1m{[0m[3mname[0m[2m=[0mk#8dcff6d1..[1m}[0m[2m:[0m [2mconsensus_core::commit_observer[0m[2m:[0m [2mconsensus/core/src/commit_observer.rs[0m[2m:[0m[2m173:[0m Consensus commit C412(tHFK) with leader B423(B,GvyA) has 3 blocks
[2m2025-03-25T07:56:48.743967Z[0m [32m INFO[0m [1mnode[0m[1m{[0m[3mname[0m[2m=[0mk#99f25ef6..[1m}[0m[2m:[0m [2mconsensus_core::commit_observer[0m[2m:[0m [2mconsensus/core/src/commit_observer.rs[0m[2m:[0m[2m173:[0m Consensus commit C412(tHFK) with leader B423(B,GvyA) has 3 blocks
[2m2025-03-25T07:56:48.744050Z[0m [32m INFO[0m [1mnode[0m[1m{[0m[3mname[0m[2m=[0mk#8dcff6d1..[1m}[0m[2m:[0m [2msui_core::consensus_handler[0m[2m:[0m [2mcrates/sui-core/src/consensus_handler.rs[0m[2m:[0m[2m232:[0m Received consensus output [3mconsensus_commit[0m[2m=[0mCommittedSubDag(leader=B423(B,GvyA), ref=C412(tHFK), blocks=[bjwI, fzdG, GvyA]) [3mepoch[0m[2m=[0m1
[2m2025-03-25T07:56:48.744050Z[0m [32m INFO[0m [1mnode[0m[1m{[0m[3mname[0m[2m=[0mk#99f25ef6..[1m}[0m[2m:[0m [2msui_core::consensus_handler[0m[2m:[0m [2mcrates/sui-core/src/consensus_handler.rs[0m[2m:[0m[2m232:[0m Received consensus output [3mconsensus_commit[0m[2m=[0mCommittedSubDag(leader=B423(B,GvyA), ref=C412(tHFK), blocks=[bjwI, fzdG, GvyA]) [3mepoch[0m[2m=[0m1
[2m2025-03-25T07:56:48.747716Z[0m [32m INFO[0m [1mnode[0m[1m{[0m[3mname[0m[2m=[0mk#addeef94..[1m}[0m[2m:[0m [2mconsensus_core::core[0m[2m:[0m [2mconsensus/core/src/core.rs[0m[2m:[0m[2m630:[0m Committing 1 leaders: B423(B,GvyA)
[2m2025-03-25T07:56:48.747815Z[0m [32m INFO[0m [1mnode[0m[1m{[0m[3mname[0m[2m=[0mk#addeef94..[1m}[0m[2m:[0m [2mconsensus_core::commit_observer[0m[2m:[0m [2mconsensus/core/src/commit_observer.rs[0m[2m:[0m[2m173:[0m Consensus commit C412(tHFK) with leader B423(B,GvyA) has 3 blocks
[2m2025-03-25T07:56:48.747950Z[0m [32m INFO[0m [1mnode[0m[1m{[0m[3mname[0m[2m=[0mk#addeef94..[1m}[0m[2m:[0m [2msui_core::consensus_handler[0m[2m:[0m [2mcrates/sui-core/src/consensus_handler.rs[0m[2m:[0m[2m232:[0m Received consensus output [3mconsensus_commit[0m[2m=[0mCommittedSubDag(leader=B423(B,GvyA), ref=C412(tHFK), blocks=[bjwI, fzdG, GvyA]) [3mepoch[0m[2m=[0m1
[2m2025-03-25T07:56:48.770628Z[0m [32m INFO[0m [1mnode[0m[1m{[0m[3mname[0m[2m=[0mk#99f25ef6..[1m}[0m[2m:[0m [2msui_core::checkpoints[0m[2m:[0m [2mcrates/sui-core/src/checkpoints/mod.rs[0m[2m:[0m[2m1326:[0m Creating checkpoint(s) for 2 transactions [3mnext_checkpoint_seq[0m[2m=[0m625 [3mcheckpoint_timestamp[0m[2m=[0m1742889408230
[2m2025-03-25T07:56:48.770629Z[0m [32m INFO[0m [1mnode[0m[1m{[0m[3mname[0m[2m=[0mk#8dcff6d1..[1m}[0m[2m:[0m [2msui_core::checkpoints[0m[2m:[0m [2mcrates/sui-core/src/checkpoints/mod.rs[0m[2m:[0m[2m1326:[0m Creating checkpoint(s) for 2 transactions [3mnext_checkpoint_seq[0m[2m=[0m625 [3mcheckpoint_timestamp[0m[2m=[0m1742889408230
[2m2025-03-25T07:56:48.770943Z[0m [32m INFO[0m [1mnode[0m[1m{[0m[3mname[0m[2m=[0mk#8dcff6d1..[1m}[0m[2m:[0m [2msui_core::checkpoints::checkpoint_output[0m[2m:[0m [2mcrates/sui-core/src/checkpoints/checkpoint_output.rs[0m[2m:[0m[2m149:[0m Creating checkpoint CheckpointDigest(5rEy8hoAAMcro3XC9oaogh59K1aWTxqucQrPB61mweSK) at epoch 1, sequence 625, previous digest Some(CheckpointDigest(9fXo6vUrQj6Jp8EGHXZ7UJqdWVGtjkRJrZeGZHt3WXUU)), transactions count 2, content digest CheckpointContentsDigest(AxepjnpQ3RGNUGA7C4WFozgL3mRZn8SFT68nJY1TwqV7), end_of_epoch_data None
[2m2025-03-25T07:56:48.770943Z[0m [32m INFO[0m [1mnode[0m[1m{[0m[3mname[0m[2m=[0mk#99f25ef6..[1m}[0m[2m:[0m [2msui_core::checkpoints::checkpoint_output[0m[2m:[0m [2mcrates/sui-core/src/checkpoints/checkpoint_output.rs[0m[2m:[0m[2m149:[0m Creating checkpoint CheckpointDigest(5rEy8hoAAMcro3XC9oaogh59K1aWTxqucQrPB61mweSK) at epoch 1, sequence 625, previous digest Some(CheckpointDigest(9fXo6vUrQj6Jp8EGHXZ7UJqdWVGtjkRJrZeGZHt3WXUU)), transactions count 2, content digest CheckpointContentsDigest(AxepjnpQ3RGNUGA7C4WFozgL3mRZn8SFT68nJY1TwqV7), end_of_epoch_data None
[2m2025-03-25T07:56:48.773990Z[0m [32m INFO[0m [1mnode[0m[1m{[0m[3mname[0m[2m=[0mk#addeef94..[1m}[0m[2m:[0m [2msui_core::checkpoints[0m[2m:[0m [2mcrates/sui-core/src/checkpoints/mod.rs[0m[2m:[0m[2m1326:[0m Creating checkpoint(s) for 2 transactions [3mnext_checkpoint_seq[0m[2m=[0m625 [3mcheckpoint_timestamp[0m[2m=[0m1742889408230
[2m2025-03-25T07:56:48.774048Z[0m [32m INFO[0m [1mnode[0m[1m{[0m[3mname[0m[2m=[0mk#99f25ef6..[1m}[0m[2m:[0m [2msui_core::checkpoints::checkpoint_output[0m[2m:[0m [2mcrates/sui-core/src/checkpoints/checkpoint_output.rs[0m[2m:[0m[2m196:[0m Certified checkpoint with sequence 624 and digest 9fXo6vUrQj6Jp8EGHXZ7UJqdWVGtjkRJrZeGZHt3WXUU
[2m2025-03-25T07:56:48.774052Z[0m [32m INFO[0m [1mnode[0m[1m{[0m[3mname[0m[2m=[0mk#8dcff6d1..[1m}[0m[2m:[0m [2msui_core::checkpoints::checkpoint_output[0m[2m:[0m [2mcrates/sui-core/src/checkpoints/checkpoint_output.rs[0m[2m:[0m[2m196:[0m Certified checkpoint with sequence 624 and digest 9fXo6vUrQj6Jp8EGHXZ7UJqdWVGtjkRJrZeGZHt3WXUU
[2m2025-03-25T07:56:48.774247Z[0m [32m INFO[0m [1mnode[0m[1m{[0m[3mname[0m[2m=[0mk#addeef94..[1m}[0m[2m:[0m [2msui_core::checkpoints::checkpoint_output[0m[2m:[0m [2mcrates/sui-core/src/checkpoints/checkpoint_output.rs[0m[2m:[0m[2m149:[0m Creating checkpoint CheckpointDigest(5rEy8hoAAMcro3XC9oaogh59K1aWTxqucQrPB61mweSK) at epoch 1, sequence 625, previous digest Some(CheckpointDigest(9fXo6vUrQj6Jp8EGHXZ7UJqdWVGtjkRJrZeGZHt3WXUU)), transactions count 2, content digest CheckpointContentsDigest(AxepjnpQ3RGNUGA7C4WFozgL3mRZn8SFT68nJY1TwqV7), end_of_epoch_data None
[2m2025-03-25T07:56:48.774511Z[0m [32m INFO[0m [1mnode[0m[1m{[0m[3mname[0m[2m=[0mk#8dcff6d1..[1m}[0m[2m:[0m [2msui_core::checkpoints::checkpoint_executor[0m[2m:[0m [2mcrates/sui-core/src/checkpoints/checkpoint_executor/mod.rs[0m[2m:[0m[2m332:[0m Received checkpoint summary from state sync [3msequence_number[0m[2m=[0m624
[2m2025-03-25T07:56:48.774511Z[0m [32m INFO[0m [1mnode[0m[1m{[0m[3mname[0m[2m=[0mk#99f25ef6..[1m}[0m[2m:[0m [2msui_core::checkpoints::checkpoint_executor[0m[2m:[0m [2mcrates/sui-core/src/checkpoints/checkpoint_executor/mod.rs[0m[2m:[0m[2m332:[0m Received checkpoint summary from state sync [3msequence_number[0m[2m=[0m624
[2m2025-03-25T07:56:48.775705Z[0m [32m INFO[0m [1mnode[0m[1m{[0m[3mname[0m[2m=[0mk#99f25ef6..[1m}[0m[2m:[0m [2msui_core::state_accumulator[0m[2m:[0m [2mcrates/sui-core/src/state_accumulator.rs[0m[2m:[0m[2m675:[0m accumulating running root for checkpoint 624
[2m2025-03-25T07:56:48.775707Z[0m [32m INFO[0m [1mnode[0m[1m{[0m[3mname[0m[2m=[0mk#8dcff6d1..[1m}[0m[2m:[0m [2msui_core::state_accumulator[0m[2m:[0m [2mcrates/sui-core/src/state_accumulator.rs[0m[2m:[0m[2m675:[0m accumulating running root for checkpoint 624
[2m2025-03-25T07:56:48.777936Z[0m [32m INFO[0m [1mnode[0m[1m{[0m[3mname[0m[2m=[0mk#addeef94..[1m}[0m[2m:[0m [2msui_core::checkpoints::checkpoint_executor[0m[2m:[0m [2mcrates/sui-core/src/checkpoints/checkpoint_executor/mod.rs[0m[2m:[0m[2m332:[0m Received checkpoint summary from state sync [3msequence_number[0m[2m=[0m624
[2m2025-03-25T07:56:48.778656Z[0m [32m INFO[0m [1mnode[0m[1m{[0m[3mname[0m[2m=[0mk#addeef94..[1m}[0m[2m:[0m [2msui_core::state_accumulator[0m[2m:[0m [2mcrates/sui-core/src/state_accumulator.rs[0m[2m:[0m[2m675:[0m accumulating running root for checkpoint 624
[2m2025-03-25T07:56:48.996130Z[0m [32m INFO[0m [1mnode[0m[1m{[0m[3mname[0m[2m=[0mk#99f25ef6..[1m}[0m[2m:[0m [2mconsensus_core::core[0m[2m:[0m [2mconsensus/core/src/core.rs[0m[2m:[0m[2m945:[0m Included 3 ancestors & excluded 0 ancestors for proposal in round 426
[2m2025-03-25T07:56:48.996488Z[0m [32m INFO[0m [1mnode[0m[1m{[0m[3mname[0m[2m=[0mk#99f25ef6..[1m}[0m[2m:[0m [2mconsensus_core::core[0m[2m:[0m [2mconsensus/core/src/core.rs[0m[2m:[0m[2m531:[0m Created block B426(B,bv04+kDzohusypdp7OlmYW9hLuNBxWG07ecHNOKnbhg=)(1742889408996ms;[B425(B,+82P9oi7CLyM+15lBVykqrIl/wCd/jXbcjWYvJmUCtk=), B425(A,ScN3/aKT1H1YMwNVX37yQRA6loC5dBjcFw6umoGvdP0=), B425(C,XwcpNNcjr3MuwS+Seqt2HMqVsBkeQafbUtHv6bU0wWo=)];1t;1c) for round 426
[2m2025-03-25T07:56:48.996721Z[0m [32m INFO[0m [1mnode[0m[1m{[0m[3mname[0m[2m=[0mk#8dcff6d1..[1m}[0m[2m:[0m [2mconsensus_core::core[0m[2m:[0m [2mconsensus/core/src/core.rs[0m[2m:[0m[2m945:[0m Included 3 ancestors & excluded 0 ancestors for proposal in round 426
[2m2025-03-25T07:56:48.997021Z[0m [32m INFO[0m [1mnode[0m[1m{[0m[3mname[0m[2m=[0mk#8dcff6d1..[1m}[0m[2m:[0m [2mconsensus_core::core[0m[2m:[0m [2mconsensus/core/src/core.rs[0m[2m:[0m[2m531:[0m Created block B426(A,XPW4dB6XMXQo+qFF9oP07zXrzOFsujvwkf4yFSx7Fgo=)(1742889408996ms;[B425(A,ScN3/aKT1H1YMwNVX37yQRA6loC5dBjcFw6umoGvdP0=), B425(B,+82P9oi7CLyM+15lBVykqrIl/wCd/jXbcjWYvJmUCtk=), B425(C,XwcpNNcjr3MuwS+Seqt2HMqVsBkeQafbUtHv6bU0wWo=)];1t;1c) for round 426
[2m2025-03-25T07:56:48.999765Z[0m [32m INFO[0m [1mnode[0m[1m{[0m[3mname[0m[2m=[0mk#addeef94..[1m}[0m[2m:[0m [2mconsensus_core::core[0m[2m:[0m [2mconsensus/core/src/core.rs[0m[2m:[0m[2m945:[0m Included 3 ancestors & excluded 0 ancestors for proposal in round 426
[2m2025-03-25T07:56:49.000074Z[0m [32m INFO[0m [1mnode[0m[1m{[0m[3mname[0m[2m=[0mk#addeef94..[1m}[0m[2m:[0m [2mconsensus_core::core[0m[2m:[0m [2mconsensus/core/src/core.rs[0m[2m:[0m[2m531:[0m Created block B426(C,ID6Nv3FL+hu0inaJgTxqsHeO8z6FlRWqvMX4L+8vNgo=)(1742889408999ms;[B425(C,XwcpNNcjr3MuwS+Seqt2HMqVsBkeQafbUtHv6bU0wWo=), B425(A,ScN3/aKT1H1YMwNVX37yQRA6loC5dBjcFw6umoGvdP0=), B425(B,+82P9oi7CLyM+15lBVykqrIl/wCd/jXbcjWYvJmUCtk=)];1t;1c) for round 426
[2m2025-03-25T07:56:49.000140Z[0m [32m INFO[0m [1mnode[0m[1m{[0m[3mname[0m[2m=[0mk#addeef94..[1m}[0m[2m:[0m [2mconsensus_core::core[0m[2m:[0m [2mconsensus/core/src/core.rs[0m[2m:[0m[2m630:[0m Committing 1 leaders: B424(B,7Tnf)
[2m2025-03-25T07:56:49.000208Z[0m [32m INFO[0m [1mnode[0m[1m{[0m[3mname[0m[2m=[0mk#addeef94..[1m}[0m[2m:[0m [2mconsensus_core::commit_observer[0m[2m:[0m [2mconsensus/core/src/commit_observer.rs[0m[2m:[0m[2m173:[0m Consensus commit C413(UA+5) with leader B424(B,7Tnf) has 3 blocks
[2m2025-03-25T07:56:49.000287Z[0m [32m INFO[0m [1mnode[0m[1m{[0m[3mname[0m[2m=[0mk#addeef94..[1m}[0m[2m:[0m [2msui_core::consensus_handler[0m[2m:[0m [2mcrates/sui-core/src/consensus_handler.rs[0m[2m:[0m[2m232:[0m Received consensus output [3mconsensus_commit[0m[2m=[0mCommittedSubDag(leader=B424(B,7Tnf), ref=C413(UA+5), blocks=[FYYC, Q676, 7Tnf]) [3mepoch[0m[2m=[0m1
[2m2025-03-25T07:56:49.003326Z[0m [32m INFO[0m [1mnode[0m[1m{[0m[3mname[0m[2m=[0mk#8dcff6d1..[1m}[0m[2m:[0m [2msui_core::checkpoints::checkpoint_output[0m[2m:[0m [2mcrates/sui-core/src/checkpoints/checkpoint_output.rs[0m[2m:[0m[2m196:[0m Certified checkpoint with sequence 625 and digest 5rEy8hoAAMcro3XC9oaogh59K1aWTxqucQrPB61mweSK
[2m2025-03-25T07:56:49.003324Z[0m [32m INFO[0m [1mnode[0m[1m{[0m[3mname[0m[2m=[0mk#99f25ef6..[1m}[0m[2m:[0m [2msui_core::checkpoints::checkpoint_output[0m[2m:[0m [2mcrates/sui-core/src/checkpoints/checkpoint_output.rs[0m[2m:[0m[2m196:[0m Certified checkpoint with sequence 625 and digest 5rEy8hoAAMcro3XC9oaogh59K1aWTxqucQrPB61mweSK
[2m2025-03-25T07:56:49.003430Z[0m [32m INFO[0m [1mnode[0m[1m{[0m[3mname[0m[2m=[0mk#8dcff6d1..[1m}[0m[2m:[0m [2mconsensus_core::core[0m[2m:[0m [2mconsensus/core/src/core.rs[0m[2m:[0m[2m630:[0m Committing 1 leaders: B424(B,7Tnf)
[2m2025-03-25T07:56:49.003434Z[0m [32m INFO[0m [1mnode[0m[1m{[0m[3mname[0m[2m=[0mk#99f25ef6..[1m}[0m[2m:[0m [2mconsensus_core::core[0m[2m:[0m [2mconsensus/core/src/core.rs[0m[2m:[0m[2m630:[0m Committing 1 leaders: B424(B,7Tnf)
[2m2025-03-25T07:56:49.003529Z[0m [32m INFO[0m [1mnode[0m[1m{[0m[3mname[0m[2m=[0mk#8dcff6d1..[1m}[0m[2m:[0m [2mconsensus_core::commit_observer[0m[2m:[0m [2mconsensus/core/src/commit_observer.rs[0m[2m:[0m[2m173:[0m Consensus commit C413(UA+5) with leader B424(B,7Tnf) has 3 blocks
[2m2025-03-25T07:56:49.003538Z[0m [32m INFO[0m [1mnode[0m[1m{[0m[3mname[0m[2m=[0mk#99f25ef6..[1m}[0m[2m:[0m [2mconsensus_core::commit_observer[0m[2m:[0m [2mconsensus/core/src/commit_observer.rs[0m[2m:[0m[2m173:[0m Consensus commit C413(UA+5) with leader B424(B,7Tnf) has 3 blocks
[2m2025-03-25T07:56:49.003948Z[0m [32m INFO[0m [1mnode[0m[1m{[0m[3mname[0m[2m=[0mk#8dcff6d1..[1m}[0m[2m:[0m [2msui_core::consensus_handler[0m[2m:[0m [2mcrates/sui-core/src/consensus_handler.rs[0m[2m:[0m[2m232:[0m Received consensus output [3mconsensus_commit[0m[2m=[0mCommittedSubDag(leader=B424(B,7Tnf), ref=C413(UA+5), blocks=[FYYC, Q676, 7Tnf]) [3mepoch[0m[2m=[0m1
[2m2025-03-25T07:56:49.003948Z[0m [32m INFO[0m [1mnode[0m[1m{[0m[3mname[0m[2m=[0mk#99f25ef6..[1m}[0m[2m:[0m [2msui_core::consensus_handler[0m[2m:[0m [2mcrates/sui-core/src/consensus_handler.rs[0m[2m:[0m[2m232:[0m Received consensus output [3mconsensus_commit[0m[2m=[0mCommittedSubDag(leader=B424(B,7Tnf), ref=C413(UA+5), blocks=[FYYC, Q676, 7Tnf]) [3mepoch[0m[2m=[0m1
[2m2025-03-25T07:56:49.004560Z[0m [32m INFO[0m [1mnode[0m[1m{[0m[3mname[0m[2m=[0mk#99f25ef6..[1m}[0m[2m:[0m [2msui_core::checkpoints::checkpoint_executor[0m[2m:[0m [2mcrates/sui-core/src/checkpoints/checkpoint_executor/mod.rs[0m[2m:[0m[2m332:[0m Received checkpoint summary from state sync [3msequence_number[0m[2m=[0m625
[2m2025-03-25T07:56:49.004560Z[0m [32m INFO[0m [1mnode[0m[1m{[0m[3mname[0m[2m=[0mk#8dcff6d1..[1m}[0m[2m:[0m [2msui_core::checkpoints::checkpoint_executor[0m[2m:[0m [2mcrates/sui-core/src/checkpoints/checkpoint_executor/mod.rs[0m[2m:[0m[2m332:[0m Received checkpoint summary from state sync [3msequence_number[0m[2m=[0m625
[2m2025-03-25T07:56:49.018046Z[0m [32m INFO[0m [1mnode[0m[1m{[0m[3mname[0m[2m=[0mk#8dcff6d1..[1m}[0m[2m:[0m [2msui_core::state_accumulator[0m[2m:[0m [2mcrates/sui-core/src/state_accumulator.rs[0m[2m:[0m[2m675:[0m accumulating running root for checkpoint 625
[2m2025-03-25T07:56:49.018047Z[0m [32m INFO[0m [1mnode[0m[1m{[0m[3mname[0m[2m=[0mk#99f25ef6..[1m}[0m[2m:[0m [2msui_core::state_accumulator[0m[2m:[0m [2mcrates/sui-core/src/state_accumulator.rs[0m[2m:[0m[2m675:[0m accumulating running root for checkpoint 625
[2m2025-03-25T07:56:49.044239Z[0m [32m INFO[0m [1mnode[0m[1m{[0m[3mname[0m[2m=[0mk#addeef94..[1m}[0m[2m:[0m [2msui_core::checkpoints[0m[2m:[0m [2mcrates/sui-core/src/checkpoints/mod.rs[0m[2m:[0m[2m1326:[0m Creating checkpoint(s) for 1 transactions [3mnext_checkpoint_seq[0m[2m=[0m626 [3mcheckpoint_timestamp[0m[2m=[0m1742889408484
[2m2025-03-25T07:56:49.044468Z[0m [32m INFO[0m [1mnode[0m[1m{[0m[3mname[0m[2m=[0mk#addeef94..[1m}[0m[2m:[0m [2msui_core::checkpoints::checkpoint_output[0m[2m:[0m [2mcrates/sui-core/src/checkpoints/checkpoint_output.rs[0m[2m:[0m[2m149:[0m Creating checkpoint CheckpointDigest(iqAGtpK9v9wxnKCDymbZeten6B1i4283z8abh4VaqVv) at epoch 1, sequence 626, previous digest Some(CheckpointDigest(5rEy8hoAAMcro3XC9oaogh59K1aWTxqucQrPB61mweSK)), transactions count 1, content digest CheckpointContentsDigest(51zEgUjASqnaeQrrHBvRaer86Z86N838t6nLwiBvA1a9), end_of_epoch_data None
[2m2025-03-25T07:56:49.049034Z[0m [32m INFO[0m [1mnode[0m[1m{[0m[3mname[0m[2m=[0mk#8dcff6d1..[1m}[0m[2m:[0m [2msui_core::checkpoints[0m[2m:[0m [2mcrates/sui-core/src/checkpoints/mod.rs[0m[2m:[0m[2m1326:[0m Creating checkpoint(s) for 1 transactions [3mnext_checkpoint_seq[0m[2m=[0m626 [3mcheckpoint_timestamp[0m[2m=[0m1742889408484
[2m2025-03-25T07:56:49.049037Z[0m [32m INFO[0m [1mnode[0m[1m{[0m[3mname[0m[2m=[0mk#99f25ef6..[1m}[0m[2m:[0m [2msui_core::checkpoints[0m[2m:[0m [2mcrates/sui-core/src/checkpoints/mod.rs[0m[2m:[0m[2m1326:[0m Creating checkpoint(s) for 1 transactions [3mnext_checkpoint_seq[0m[2m=[0m626 [3mcheckpoint_timestamp[0m[2m=[0m1742889408484
[2m2025-03-25T07:56:49.049212Z[0m [32m INFO[0m [1mnode[0m[1m{[0m[3mname[0m[2m=[0mk#8dcff6d1..[1m}[0m[2m:[0m [2msui_core::checkpoints::checkpoint_output[0m[2m:[0m [2mcrates/sui-core/src/checkpoints/checkpoint_output.rs[0m[2m:[0m[2m149:[0m Creating checkpoint CheckpointDigest(iqAGtpK9v9wxnKCDymbZeten6B1i4283z8abh4VaqVv) at epoch 1, sequence 626, previous digest Some(CheckpointDigest(5rEy8hoAAMcro3XC9oaogh59K1aWTxqucQrPB61mweSK)), transactions count 1, content digest CheckpointContentsDigest(51zEgUjASqnaeQrrHBvRaer86Z86N838t6nLwiBvA1a9), end_of_epoch_data None
[2m2025-03-25T07:56:49.049212Z[0m [32m INFO[0m [1mnode[0m[1m{[0m[3mname[0m[2m=[0mk#99f25ef6..[1m}[0m[2m:[0m [2msui_core::checkpoints::checkpoint_output[0m[2m:[0m [2mcrates/sui-core/src/checkpoints/checkpoint_output.rs[0m[2m:[0m[2m149:[0m Creating checkpoint CheckpointDigest(iqAGtpK9v9wxnKCDymbZeten6B1i4283z8abh4VaqVv) at epoch 1, sequence 626, previous digest Some(CheckpointDigest(5rEy8hoAAMcro3XC9oaogh59K1aWTxqucQrPB61mweSK)), transactions count 1, content digest CheckpointContentsDigest(51zEgUjASqnaeQrrHBvRaer86Z86N838t6nLwiBvA1a9), end_of_epoch_data None
[2m2025-03-25T07:56:49.110483Z[0m [32m INFO[0m [1mnode[0m[1m{[0m[3mname[0m[2m=[0mk#addeef94..[1m}[0m[2m:[0m [2msui_core::checkpoints::checkpoint_executor[0m[2m:[0m [2mcrates/sui-core/src/checkpoints/checkpoint_executor/mod.rs[0m[2m:[0m[2m332:[0m Received checkpoint summary from state sync [3msequence_number[0m[2m=[0m625
[2m2025-03-25T07:56:49.111919Z[0m [32m INFO[0m [1mnode[0m[1m{[0m[3mname[0m[2m=[0mk#addeef94..[1m}[0m[2m:[0m [2msui_core::state_accumulator[0m[2m:[0m [2mcrates/sui-core/src/state_accumulator.rs[0m[2m:[0m[2m675:[0m accumulating running root for checkpoint 625
[2m2025-03-25T07:56:49.237248Z[0m [32m INFO[0m [1mnode[0m[1m{[0m[3mname[0m[2m=[0mk#addeef94..[1m}[0m[2m:[0m [2mconsensus_core::core[0m[2m:[0m [2mconsensus/core/src/core.rs[0m[2m:[0m[2m694:[0m Received quorum round per authority in ancestor state manager set to: [(426, 426), (426, 426), (426, 426)]
[2m2025-03-25T07:56:49.237269Z[0m [32m INFO[0m [1mnode[0m[1m{[0m[3mname[0m[2m=[0mk#addeef94..[1m}[0m[2m:[0m [2mconsensus_core::core[0m[2m:[0m [2mconsensus/core/src/core.rs[0m[2m:[0m[2m695:[0m Accepted quorum round per authority in ancestor state manager set to: [(426, 426), (426, 426), (426, 426)]
[2m2025-03-25T07:56:49.237278Z[0m [32m INFO[0m [1mnode[0m[1m{[0m[3mname[0m[2m=[0mk#addeef94..[1m}[0m[2m:[0m [2mconsensus_core::core[0m[2m:[0m [2mconsensus/core/src/core.rs[0m[2m:[0m[2m698:[0m Propagation round delay set to: 0
[2m2025-03-25T07:56:49.237682Z[0m [32m INFO[0m [1mnode[0m[1m{[0m[3mname[0m[2m=[0mk#8dcff6d1..[1m}[0m[2m:[0m [2mconsensus_core::core[0m[2m:[0m [2mconsensus/core/src/core.rs[0m[2m:[0m[2m694:[0m Received quorum round per authority in ancestor state manager set to: [(426, 426), (426, 426), (426, 426)]
[2m2025-03-25T07:56:49.237690Z[0m [32m INFO[0m [1mnode[0m[1m{[0m[3mname[0m[2m=[0mk#8dcff6d1..[1m}[0m[2m:[0m [2mconsensus_core::core[0m[2m:[0m [2mconsensus/core/src/core.rs[0m[2m:[0m[2m695:[0m Accepted quorum round per authority in ancestor state manager set to: [(426, 426), (426, 426), (426, 426)]
[2m2025-03-25T07:56:49.237697Z[0m [32m INFO[0m [1mnode[0m[1m{[0m[3mname[0m[2m=[0mk#8dcff6d1..[1m}[0m[2m:[0m [2mconsensus_core::core[0m[2m:[0m [2mconsensus/core/src/core.rs[0m[2m:[0m[2m698:[0m Propagation round delay set to: 0
[2m2025-03-25T07:56:49.241671Z[0m [32m INFO[0m [1mnode[0m[1m{[0m[3mname[0m[2m=[0mk#99f25ef6..[1m}[0m[2m:[0m [2mconsensus_core::core[0m[2m:[0m [2mconsensus/core/src/core.rs[0m[2m:[0m[2m694:[0m Received quorum round per authority in ancestor state manager set to: [(426, 426), (426, 426), (426, 426)]
[2m2025-03-25T07:56:49.241680Z[0m [32m INFO[0m [1mnode[0m[1m{[0m[3mname[0m[2m=[0mk#99f25ef6..[1m}[0m[2m:[0m [2mconsensus_core::core[0m[2m:[0m [2mconsensus/core/src/core.rs[0m[2m:[0m[2m695:[0m Accepted quorum round per authority in ancestor state manager set to: [(426, 426), (426, 426), (426, 426)]
[2m2025-03-25T07:56:49.241687Z[0m [32m INFO[0m [1mnode[0m[1m{[0m[3mname[0m[2m=[0mk#99f25ef6..[1m}[0m[2m:[0m [2mconsensus_core::core[0m[2m:[0m [2mconsensus/core/src/core.rs[0m[2m:[0m[2m698:[0m Propagation round delay set to: 0
[2m2025-03-25T07:56:49.252647Z[0m [32m INFO[0m [1mnode[0m[1m{[0m[3mname[0m[2m=[0mk#addeef94..[1m}[0m[2m:[0m [2mconsensus_core::core[0m[2m:[0m [2mconsensus/core/src/core.rs[0m[2m:[0m[2m945:[0m Included 3 ancestors & excluded 0 ancestors for proposal in round 427
[2m2025-03-25T07:56:49.253034Z[0m [32m INFO[0m [1mnode[0m[1m{[0m[3mname[0m[2m=[0mk#addeef94..[1m}[0m[2m:[0m [2mconsensus_core::core[0m[2m:[0m [2mconsensus/core/src/core.rs[0m[2m:[0m[2m531:[0m Created block B427(C,lDpjMgjS9CbukgA4UK5UWAbPuKk0Jr1CkaxxjH0qA1Y=)(1742889409252ms;[B426(C,ID6Nv3FL+hu0inaJgTxqsHeO8z6FlRWqvMX4L+8vNgo=), B426(A,XPW4dB6XMXQo+qFF9oP07zXrzOFsujvwkf4yFSx7Fgo=), B426(B,bv04+kDzohusypdp7OlmYW9hLuNBxWG07ecHNOKnbhg=)];1t;1c) for round 427
[2m2025-03-25T07:56:49.254892Z[0m [32m INFO[0m [1mnode[0m[1m{[0m[3mname[0m[2m=[0mk#8dcff6d1..[1m}[0m[2m:[0m [2mconsensus_core::core[0m[2m:[0m [2mconsensus/core/src/core.rs[0m[2m:[0m[2m945:[0m Included 3 ancestors & excluded 0 ancestors for proposal in round 427
[2m2025-03-25T07:56:49.254892Z[0m [32m INFO[0m [1mnode[0m[1m{[0m[3mname[0m[2m=[0mk#99f25ef6..[1m}[0m[2m:[0m [2mconsensus_core::core[0m[2m:[0m [2mconsensus/core/src/core.rs[0m[2m:[0m[2m945:[0m Included 3 ancestors & excluded 0 ancestors for proposal in round 427
[2m2025-03-25T07:56:49.255182Z[0m [32m INFO[0m [1mnode[0m[1m{[0m[3mname[0m[2m=[0mk#8dcff6d1..[1m}[0m[2m:[0m [2mconsensus_core::core[0m[2m:[0m [2mconsensus/core/src/core.rs[0m[2m:[0m[2m531:[0m Created block B427(A,TEAZlEN7oGFT7D4LOKCe6bKYa1oe9BRMtmVuduUU/bw=)(1742889409255ms;[B426(A,XPW4dB6XMXQo+qFF9oP07zXrzOFsujvwkf4yFSx7Fgo=), B426(B,bv04+kDzohusypdp7OlmYW9hLuNBxWG07ecHNOKnbhg=), B426(C,ID6Nv3FL+hu0inaJgTxqsHeO8z6FlRWqvMX4L+8vNgo=)];1t;1c) for round 427
[2m2025-03-25T07:56:49.255185Z[0m [32m INFO[0m [1mnode[0m[1m{[0m[3mname[0m[2m=[0mk#99f25ef6..[1m}[0m[2m:[0m [2mconsensus_core::core[0m[2m:[0m [2mconsensus/core/src/core.rs[0m[2m:[0m[2m531:[0m Created block B427(B,qbQh9qrYSWNgAY2y/YXVnlyVvPBCrjhBzB8mVtVLdlc=)(1742889409255ms;[B426(B,bv04+kDzohusypdp7OlmYW9hLuNBxWG07ecHNOKnbhg=), B426(A,XPW4dB6XMXQo+qFF9oP07zXrzOFsujvwkf4yFSx7Fgo=), B426(C,ID6Nv3FL+hu0inaJgTxqsHeO8z6FlRWqvMX4L+8vNgo=)];1t;1c) for round 427
[2m2025-03-25T07:56:49.255252Z[0m [32m INFO[0m [1mnode[0m[1m{[0m[3mname[0m[2m=[0mk#8dcff6d1..[1m}[0m[2m:[0m [2mconsensus_core::core[0m[2m:[0m [2mconsensus/core/src/core.rs[0m[2m:[0m[2m630:[0m Committing 1 leaders: B425(A,ScN3)
[2m2025-03-25T07:56:49.255252Z[0m [32m INFO[0m [1mnode[0m[1m{[0m[3mname[0m[2m=[0mk#99f25ef6..[1m}[0m[2m:[0m [2mconsensus_core::core[0m[2m:[0m [2mconsensus/core/src/core.rs[0m[2m:[0m[2m630:[0m Committing 1 leaders: B425(A,ScN3)
[2m2025-03-25T07:56:49.255324Z[0m [32m INFO[0m [1mnode[0m[1m{[0m[3mname[0m[2m=[0mk#99f25ef6..[1m}[0m[2m:[0m [2mconsensus_core::commit_observer[0m[2m:[0m [2mconsensus/core/src/commit_observer.rs[0m[2m:[0m[2m173:[0m Consensus commit C414(90ye) with leader B425(A,ScN3) has 3 blocks
[2m2025-03-25T07:56:49.255324Z[0m [32m INFO[0m [1mnode[0m[1m{[0m[3mname[0m[2m=[0mk#8dcff6d1..[1m}[0m[2m:[0m [2mconsensus_core::commit_observer[0m[2m:[0m [2mconsensus/core/src/commit_observer.rs[0m[2m:[0m[2m173:[0m Consensus commit C414(90ye) with leader B425(A,ScN3) has 3 blocks
[2m2025-03-25T07:56:49.255408Z[0m [32m INFO[0m [1mnode[0m[1m{[0m[3mname[0m[2m=[0mk#8dcff6d1..[1m}[0m[2m:[0m [2msui_core::consensus_handler[0m[2m:[0m [2mcrates/sui-core/src/consensus_handler.rs[0m[2m:[0m[2m232:[0m Received consensus output [3mconsensus_commit[0m[2m=[0mCommittedSubDag(leader=B425(A,ScN3), ref=C414(90ye), blocks=[MlXC, 6Mrb, ScN3]) [3mepoch[0m[2m=[0m1
[2m2025-03-25T07:56:49.255408Z[0m [32m INFO[0m [1mnode[0m[1m{[0m[3mname[0m[2m=[0mk#99f25ef6..[1m}[0m[2m:[0m [2msui_core::consensus_handler[0m[2m:[0m [2mcrates/sui-core/src/consensus_handler.rs[0m[2m:[0m[2m232:[0m Received consensus output [3mconsensus_commit[0m[2m=[0mCommittedSubDag(leader=B425(A,ScN3), ref=C414(90ye), blocks=[MlXC, 6Mrb, ScN3]) [3mepoch[0m[2m=[0m1
[2m2025-03-25T07:56:49.257797Z[0m [32m INFO[0m [1mnode[0m[1m{[0m[3mname[0m[2m=[0mk#addeef94..[1m}[0m[2m:[0m [2mconsensus_core::core[0m[2m:[0m [2mconsensus/core/src/core.rs[0m[2m:[0m[2m630:[0m Committing 1 leaders: B425(A,ScN3)
[2m2025-03-25T07:56:49.257896Z[0m [32m INFO[0m [1mnode[0m[1m{[0m[3mname[0m[2m=[0mk#addeef94..[1m}[0m[2m:[0m [2mconsensus_core::commit_observer[0m[2m:[0m [2mconsensus/core/src/commit_observer.rs[0m[2m:[0m[2m173:[0m Consensus commit C414(90ye) with leader B425(A,ScN3) has 3 blocks
[2m2025-03-25T07:56:49.257976Z[0m [32m INFO[0m [1mnode[0m[1m{[0m[3mname[0m[2m=[0mk#addeef94..[1m}[0m[2m:[0m [2msui_core::consensus_handler[0m[2m:[0m [2mcrates/sui-core/src/consensus_handler.rs[0m[2m:[0m[2m232:[0m Received consensus output [3mconsensus_commit[0m[2m=[0mCommittedSubDag(leader=B425(A,ScN3), ref=C414(90ye), blocks=[MlXC, 6Mrb, ScN3]) [3mepoch[0m[2m=[0m1
[2m2025-03-25T07:56:49.282086Z[0m [32m INFO[0m [1mnode[0m[1m{[0m[3mname[0m[2m=[0mk#99f25ef6..[1m}[0m[2m:[0m [2msui_core::checkpoints[0m[2m:[0m [2mcrates/sui-core/src/checkpoints/mod.rs[0m[2m:[0m[2m1326:[0m Creating checkpoint(s) for 2 transactions [3mnext_checkpoint_seq[0m[2m=[0m627 [3mcheckpoint_timestamp[0m[2m=[0m1742889408743
[2m2025-03-25T07:56:49.282086Z[0m [32m INFO[0m [1mnode[0m[1m{[0m[3mname[0m[2m=[0mk#8dcff6d1..[1m}[0m[2m:[0m [2msui_core::checkpoints[0m[2m:[0m [2mcrates/sui-core/src/checkpoints/mod.rs[0m[2m:[0m[2m1326:[0m Creating checkpoint(s) for 2 transactions [3mnext_checkpoint_seq[0m[2m=[0m627 [3mcheckpoint_timestamp[0m[2m=[0m1742889408743
[2m2025-03-25T07:56:49.282401Z[0m [32m INFO[0m [1mnode[0m[1m{[0m[3mname[0m[2m=[0mk#8dcff6d1..[1m}[0m[2m:[0m [2msui_core::checkpoints::checkpoint_output[0m[2m:[0m [2mcrates/sui-core/src/checkpoints/checkpoint_output.rs[0m[2m:[0m[2m149:[0m Creating checkpoint CheckpointDigest(5JLTwrcpDv3utahtaRm92usGT8whecsNn5EeGx3iZPgd) at epoch 1, sequence 627, previous digest Some(CheckpointDigest(iqAGtpK9v9wxnKCDymbZeten6B1i4283z8abh4VaqVv)), transactions count 2, content digest CheckpointContentsDigest(ET2cpGQUbRAGjwbVu21WnbXDWpiZNe9pWwnqZWnPVKF1), end_of_epoch_data None
[2m2025-03-25T07:56:49.282401Z[0m [32m INFO[0m [1mnode[0m[1m{[0m[3mname[0m[2m=[0mk#99f25ef6..[1m}[0m[2m:[0m [2msui_core::checkpoints::checkpoint_output[0m[2m:[0m [2mcrates/sui-core/src/checkpoints/checkpoint_output.rs[0m[2m:[0m[2m149:[0m Creating checkpoint CheckpointDigest(5JLTwrcpDv3utahtaRm92usGT8whecsNn5EeGx3iZPgd) at epoch 1, sequence 627, previous digest Some(CheckpointDigest(iqAGtpK9v9wxnKCDymbZeten6B1i4283z8abh4VaqVv)), transactions count 2, content digest CheckpointContentsDigest(ET2cpGQUbRAGjwbVu21WnbXDWpiZNe9pWwnqZWnPVKF1), end_of_epoch_data None
[2m2025-03-25T07:56:49.284084Z[0m [32m INFO[0m [1mnode[0m[1m{[0m[3mname[0m[2m=[0mk#addeef94..[1m}[0m[2m:[0m [2msui_core::checkpoints[0m[2m:[0m [2mcrates/sui-core/src/checkpoints/mod.rs[0m[2m:[0m[2m1326:[0m Creating checkpoint(s) for 2 transactions [3mnext_checkpoint_seq[0m[2m=[0m627 [3mcheckpoint_timestamp[0m[2m=[0m1742889408743
[2m2025-03-25T07:56:49.284336Z[0m [32m INFO[0m [1mnode[0m[1m{[0m[3mname[0m[2m=[0mk#addeef94..[1m}[0m[2m:[0m [2msui_core::checkpoints::checkpoint_output[0m[2m:[0m [2mcrates/sui-core/src/checkpoints/checkpoint_output.rs[0m[2m:[0m[2m149:[0m Creating checkpoint CheckpointDigest(5JLTwrcpDv3utahtaRm92usGT8whecsNn5EeGx3iZPgd) at epoch 1, sequence 627, previous digest Some(CheckpointDigest(iqAGtpK9v9wxnKCDymbZeten6B1i4283z8abh4VaqVv)), transactions count 2, content digest CheckpointContentsDigest(ET2cpGQUbRAGjwbVu21WnbXDWpiZNe9pWwnqZWnPVKF1), end_of_epoch_data None
[2m2025-03-25T07:56:49.285518Z[0m [32m INFO[0m [1mnode[0m[1m{[0m[3mname[0m[2m=[0mk#8dcff6d1..[1m}[0m[2m:[0m [2msui_core::checkpoints::checkpoint_output[0m[2m:[0m [2mcrates/sui-core/src/checkpoints/checkpoint_output.rs[0m[2m:[0m[2m196:[0m Certified checkpoint with sequence 626 and digest iqAGtpK9v9wxnKCDymbZeten6B1i4283z8abh4VaqVv
[2m2025-03-25T07:56:49.285522Z[0m [32m INFO[0m [1mnode[0m[1m{[0m[3mname[0m[2m=[0mk#99f25ef6..[1m}[0m[2m:[0m [2msui_core::checkpoints::checkpoint_output[0m[2m:[0m [2mcrates/sui-core/src/checkpoints/checkpoint_output.rs[0m[2m:[0m[2m196:[0m Certified checkpoint with sequence 626 and digest iqAGtpK9v9wxnKCDymbZeten6B1i4283z8abh4VaqVv
[2m2025-03-25T07:56:49.285976Z[0m [32m INFO[0m [1mnode[0m[1m{[0m[3mname[0m[2m=[0mk#8dcff6d1..[1m}[0m[2m:[0m [2msui_core::checkpoints::checkpoint_executor[0m[2m:[0m [2mcrates/sui-core/src/checkpoints/checkpoint_executor/mod.rs[0m[2m:[0m[2m332:[0m Received checkpoint summary from state sync [3msequence_number[0m[2m=[0m626
[2m2025-03-25T07:56:49.285976Z[0m [32m INFO[0m [1mnode[0m[1m{[0m[3mname[0m[2m=[0mk#99f25ef6..[1m}[0m[2m:[0m [2msui_core::checkpoints::checkpoint_executor[0m[2m:[0m [2mcrates/sui-core/src/checkpoints/checkpoint_executor/mod.rs[0m[2m:[0m[2m332:[0m Received checkpoint summary from state sync [3msequence_number[0m[2m=[0m626
[2m2025-03-25T07:56:49.287152Z[0m [32m INFO[0m [1mnode[0m[1m{[0m[3mname[0m[2m=[0mk#99f25ef6..[1m}[0m[2m:[0m [2msui_core::state_accumulator[0m[2m:[0m [2mcrates/sui-core/src/state_accumulator.rs[0m[2m:[0m[2m675:[0m accumulating running root for checkpoint 626
[2m2025-03-25T07:56:49.287158Z[0m [32m INFO[0m [1mnode[0m[1m{[0m[3mname[0m[2m=[0mk#8dcff6d1..[1m}[0m[2m:[0m [2msui_core::state_accumulator[0m[2m:[0m [2mcrates/sui-core/src/state_accumulator.rs[0m[2m:[0m[2m675:[0m accumulating running root for checkpoint 626
[2m2025-03-25T07:56:49.289373Z[0m [32m INFO[0m [1mnode[0m[1m{[0m[3mname[0m[2m=[0mk#addeef94..[1m}[0m[2m:[0m [2msui_core::checkpoints::checkpoint_executor[0m[2m:[0m [2mcrates/sui-core/src/checkpoints/checkpoint_executor/mod.rs[0m[2m:[0m[2m332:[0m Received checkpoint summary from state sync [3msequence_number[0m[2m=[0m626
[2m2025-03-25T07:56:49.290111Z[0m [32m INFO[0m [1mnode[0m[1m{[0m[3mname[0m[2m=[0mk#addeef94..[1m}[0m[2m:[0m [2msui_core::state_accumulator[0m[2m:[0m [2mcrates/sui-core/src/state_accumulator.rs[0m[2m:[0m[2m675:[0m accumulating running root for checkpoint 626
[2m2025-03-25T07:56:49.304569Z[0m [32m INFO[0m [1mnode[0m[1m{[0m[3mname[0m[2m=[0mk#8dcff6d1..[1m}[0m[2m:[0m [2mconsensus_core::commit_syncer[0m[2m:[0m [2mconsensus/core/src/commit_syncer.rs[0m[2m:[0m[2m196:[0m Checking to schedule fetches: synced_commit_index=414, highest_handled_index=414, highest_scheduled_index=0, quorum_commit_index=413, unhandled_commits_threshold=3200
[2m2025-03-25T07:56:49.327734Z[0m [32m INFO[0m [1mnode[0m[1m{[0m[3mname[0m[2m=[0mk#addeef94..[1m}[0m[2m:[0m [2mconsensus_core::commit_syncer[0m[2m:[0m [2mconsensus/core/src/commit_syncer.rs[0m[2m:[0m[2m196:[0m Checking to schedule fetches: synced_commit_index=414, highest_handled_index=414, highest_scheduled_index=0, quorum_commit_index=0, unhandled_commits_threshold=3200
[2m2025-03-25T07:56:49.331340Z[0m [32m INFO[0m [1mnode[0m[1m{[0m[3mname[0m[2m=[0mk#b3f3cbb4..[1m}[0m[2m:[0m[1mjson-rpc-request[0m[2m:[0m[1mdev_inspect_transaction_block[0m[1m{[0m[3msender_address[0m[2m=[0m0x0000000000000000000000000000000000000000000000000000000000000000 [3mtx_bytes[0m[2m=[0mBase64("AAMBAQAAAAAAAAAAAAAAAAAAAAAAAAAAAAAAAAAAAAAAAAAJAQAAAAAAAAABAAECAAgAAAAAAAAAAAEAAAAAAAAAAAAAAAAAAAAAAAAAAAAAAAAAAAAAAAAAAAsGYnJpZGdlIGdldF90b2tlbl90cmFuc2Zlcl9hY3Rpb25fc3RhdHVzAAMBAAABAQABAgA=") [3mgas_price[0m[2m=[0mNone [3m_epoch[0m[2m=[0mNone [3madditional_args[0m[2m=[0mNone[1m}[0m[2m:[0m [2msui_json_rpc::transaction_execution_api[0m[2m:[0m [2mcrates/sui-json-rpc/src/transaction_execution_api.rs[0m[2m:[0m[2m351:[0m RPC took longer than threshold to complete. [3melapsed[0m[2m=[0m1.533480916s
[2m2025-03-25T07:56:49.331741Z[0m [32m INFO[0m [1mnode[0m[1m{[0m[3mname[0m[2m=[0mk#99f25ef6..[1m}[0m[2m:[0m [2mconsensus_core::commit_syncer[0m[2m:[0m [2mconsensus/core/src/commit_syncer.rs[0m[2m:[0m[2m196:[0m Checking to schedule fetches: synced_commit_index=414, highest_handled_index=414, highest_scheduled_index=0, quorum_commit_index=413, unhandled_commits_threshold=3200
[2m2025-03-25T07:56:49.332252Z[0m [32m INFO[0m [1mhandle_execution_task[0m[1m{[0m[3maction_key[0m[2m=[0mBridgeActionKey(0,2,0) [3mattempt_times[0m[2m=[0m3[1m}[0m[2m:[0m [2msui_bridge::action_executor[0m[2m:[0m [2mcrates/sui-bridge/src/action_executor.rs[0m[2m:[0m[2m540:[0m Sending transaction to Sui [3mtx_digest[0m[2m=[0mTransactionDigest(GDSurpEu2x2PVvpwcUqP5MTXTQ8jWoYdMxzexGq3UM9X) [3mgas_object_ref[0m[2m=[0m(0x059c5b653da3f627ad85b7947a1634ad3055f81b24125b7d9b23178b0146bfc6, SequenceNumber(341), o#4ep4K212yQtPC23ghtw73sJ44qmqyajoXRf4wvuKq6mQ)
[2m2025-03-25T07:56:49.340056Z[0m [32m INFO[0m [1mnode[0m[1m{[0m[3mname[0m[2m=[0mk#b3f3cbb4..[1m}[0m[2m:[0m [2msui_core::state_accumulator[0m[2m:[0m [2mcrates/sui-core/src/state_accumulator.rs[0m[2m:[0m[2m675:[0m accumulating running root for checkpoint 555
[2m2025-03-25T07:56:49.505532Z[0m [32m INFO[0m [2msui_bridge::eth_syncer[0m[2m:[0m [2mcrates/sui-bridge/src/eth_syncer.rs[0m[2m:[0m[2m120:[0m Observed new finalized eth block: 171
[2m2025-03-25T07:56:49.507673Z[0m [32m INFO[0m [1mnode[0m[1m{[0m[3mname[0m[2m=[0mk#8dcff6d1..[1m}[0m[2m:[0m [2mconsensus_core::core[0m[2m:[0m [2mconsensus/core/src/core.rs[0m[2m:[0m[2m945:[0m Included 3 ancestors & excluded 0 ancestors for proposal in round 428
[2m2025-03-25T07:56:49.508043Z[0m [32m INFO[0m [1mnode[0m[1m{[0m[3mname[0m[2m=[0mk#8dcff6d1..[1m}[0m[2m:[0m [2mconsensus_core::core[0m[2m:[0m [2mconsensus/core/src/core.rs[0m[2m:[0m[2m531:[0m Created block B428(A,BZc/jkJIzoy2h9gkVpH2WODmw/Y17B5ivCIQtmVoGAw=)(1742889409507ms;[B427(A,TEAZlEN7oGFT7D4LOKCe6bKYa1oe9BRMtmVuduUU/bw=), B427(B,qbQh9qrYSWNgAY2y/YXVnlyVvPBCrjhBzB8mVtVLdlc=), B427(C,lDpjMgjS9CbukgA4UK5UWAbPuKk0Jr1CkaxxjH0qA1Y=)];1t;1c) for round 428
[2m2025-03-25T07:56:49.509700Z[0m [32m INFO[0m [1mnode[0m[1m{[0m[3mname[0m[2m=[0mk#99f25ef6..[1m}[0m[2m:[0m [2mconsensus_core::core[0m[2m:[0m [2mconsensus/core/src/core.rs[0m[2m:[0m[2m945:[0m Included 3 ancestors & excluded 0 ancestors for proposal in round 428
[2m2025-03-25T07:56:49.509993Z[0m [32m INFO[0m [1mnode[0m[1m{[0m[3mname[0m[2m=[0mk#99f25ef6..[1m}[0m[2m:[0m [2mconsensus_core::core[0m[2m:[0m [2mconsensus/core/src/core.rs[0m[2m:[0m[2m531:[0m Created block B428(B,2KxrOyHedZUarE9cob8k2L5kdDuoSGTzmIzRDJkGqY4=)(1742889409509ms;[B427(B,qbQh9qrYSWNgAY2y/YXVnlyVvPBCrjhBzB8mVtVLdlc=), B427(A,TEAZlEN7oGFT7D4LOKCe6bKYa1oe9BRMtmVuduUU/bw=), B427(C,lDpjMgjS9CbukgA4UK5UWAbPuKk0Jr1CkaxxjH0qA1Y=)];1t;1c) for round 428
[2m2025-03-25T07:56:49.510050Z[0m [32m INFO[0m [1mnode[0m[1m{[0m[3mname[0m[2m=[0mk#addeef94..[1m}[0m[2m:[0m [2mconsensus_core::core[0m[2m:[0m [2mconsensus/core/src/core.rs[0m[2m:[0m[2m945:[0m Included 3 ancestors & excluded 0 ancestors for proposal in round 428
[2m2025-03-25T07:56:49.510350Z[0m [32m INFO[0m [1mnode[0m[1m{[0m[3mname[0m[2m=[0mk#addeef94..[1m}[0m[2m:[0m [2mconsensus_core::core[0m[2m:[0m [2mconsensus/core/src/core.rs[0m[2m:[0m[2m531:[0m Created block B428(C,JBYGCf5JMReKDwY7L+siJelnl40ak8oJlREHrODDlSE=)(1742889409510ms;[B427(C,lDpjMgjS9CbukgA4UK5UWAbPuKk0Jr1CkaxxjH0qA1Y=), B427(A,TEAZlEN7oGFT7D4LOKCe6bKYa1oe9BRMtmVuduUU/bw=), B427(B,qbQh9qrYSWNgAY2y/YXVnlyVvPBCrjhBzB8mVtVLdlc=)];1t;1c) for round 428
[2m2025-03-25T07:56:49.510420Z[0m [32m INFO[0m [1mnode[0m[1m{[0m[3mname[0m[2m=[0mk#addeef94..[1m}[0m[2m:[0m [2mconsensus_core::core[0m[2m:[0m [2mconsensus/core/src/core.rs[0m[2m:[0m[2m630:[0m Committing 1 leaders: B426(A,XPW4)
[2m2025-03-25T07:56:49.510490Z[0m [32m INFO[0m [1mnode[0m[1m{[0m[3mname[0m[2m=[0mk#addeef94..[1m}[0m[2m:[0m [2mconsensus_core::commit_observer[0m[2m:[0m [2mconsensus/core/src/commit_observer.rs[0m[2m:[0m[2m173:[0m Consensus commit C415(Wr9P) with leader B426(A,XPW4) has 3 blocks
[2m2025-03-25T07:56:49.510574Z[0m [32m INFO[0m [1mnode[0m[1m{[0m[3mname[0m[2m=[0mk#addeef94..[1m}[0m[2m:[0m [2msui_core::consensus_handler[0m[2m:[0m [2mcrates/sui-core/src/consensus_handler.rs[0m[2m:[0m[2m232:[0m Received consensus output [3mconsensus_commit[0m[2m=[0mCommittedSubDag(leader=B426(A,XPW4), ref=C415(Wr9P), blocks=[+82P, Xwcp, XPW4]) [3mepoch[0m[2m=[0m1
[2m2025-03-25T07:56:49.513668Z[0m [32m INFO[0m [1mnode[0m[1m{[0m[3mname[0m[2m=[0mk#99f25ef6..[1m}[0m[2m:[0m [2msui_core::checkpoints::checkpoint_output[0m[2m:[0m [2mcrates/sui-core/src/checkpoints/checkpoint_output.rs[0m[2m:[0m[2m196:[0m Certified checkpoint with sequence 627 and digest 5JLTwrcpDv3utahtaRm92usGT8whecsNn5EeGx3iZPgd
[2m2025-03-25T07:56:49.513772Z[0m [32m INFO[0m [1mnode[0m[1m{[0m[3mname[0m[2m=[0mk#99f25ef6..[1m}[0m[2m:[0m [2mconsensus_core::core[0m[2m:[0m [2mconsensus/core/src/core.rs[0m[2m:[0m[2m630:[0m Committing 1 leaders: B426(A,XPW4)
[2m2025-03-25T07:56:49.513873Z[0m [32m INFO[0m [1mnode[0m[1m{[0m[3mname[0m[2m=[0mk#99f25ef6..[1m}[0m[2m:[0m [2mconsensus_core::commit_observer[0m[2m:[0m [2mconsensus/core/src/commit_observer.rs[0m[2m:[0m[2m173:[0m Consensus commit C415(Wr9P) with leader B426(A,XPW4) has 3 blocks
[2m2025-03-25T07:56:49.513997Z[0m [32m INFO[0m [1mnode[0m[1m{[0m[3mname[0m[2m=[0mk#8dcff6d1..[1m}[0m[2m:[0m [2msui_core::checkpoints::checkpoint_output[0m[2m:[0m [2mcrates/sui-core/src/checkpoints/checkpoint_output.rs[0m[2m:[0m[2m196:[0m Certified checkpoint with sequence 627 and digest 5JLTwrcpDv3utahtaRm92usGT8whecsNn5EeGx3iZPgd
[2m2025-03-25T07:56:49.514100Z[0m [32m INFO[0m [1mnode[0m[1m{[0m[3mname[0m[2m=[0mk#8dcff6d1..[1m}[0m[2m:[0m [2mconsensus_core::core[0m[2m:[0m [2mconsensus/core/src/core.rs[0m[2m:[0m[2m630:[0m Committing 1 leaders: B426(A,XPW4)
[2m2025-03-25T07:56:49.514203Z[0m [32m INFO[0m [1mnode[0m[1m{[0m[3mname[0m[2m=[0mk#8dcff6d1..[1m}[0m[2m:[0m [2mconsensus_core::commit_observer[0m[2m:[0m [2mconsensus/core/src/commit_observer.rs[0m[2m:[0m[2m173:[0m Consensus commit C415(Wr9P) with leader B426(A,XPW4) has 3 blocks
[2m2025-03-25T07:56:49.514305Z[0m [32m INFO[0m [1mnode[0m[1m{[0m[3mname[0m[2m=[0mk#99f25ef6..[1m}[0m[2m:[0m [2msui_core::consensus_handler[0m[2m:[0m [2mcrates/sui-core/src/consensus_handler.rs[0m[2m:[0m[2m232:[0m Received consensus output [3mconsensus_commit[0m[2m=[0mCommittedSubDag(leader=B426(A,XPW4), ref=C415(Wr9P), blocks=[+82P, Xwcp, XPW4]) [3mepoch[0m[2m=[0m1
[2m2025-03-25T07:56:49.514584Z[0m [32m INFO[0m [1mnode[0m[1m{[0m[3mname[0m[2m=[0mk#8dcff6d1..[1m}[0m[2m:[0m [2msui_core::consensus_handler[0m[2m:[0m [2mcrates/sui-core/src/consensus_handler.rs[0m[2m:[0m[2m232:[0m Received consensus output [3mconsensus_commit[0m[2m=[0mCommittedSubDag(leader=B426(A,XPW4), ref=C415(Wr9P), blocks=[+82P, Xwcp, XPW4]) [3mepoch[0m[2m=[0m1
[2m2025-03-25T07:56:49.514924Z[0m [32m INFO[0m [1mnode[0m[1m{[0m[3mname[0m[2m=[0mk#99f25ef6..[1m}[0m[2m:[0m [2msui_core::checkpoints::checkpoint_executor[0m[2m:[0m [2mcrates/sui-core/src/checkpoints/checkpoint_executor/mod.rs[0m[2m:[0m[2m332:[0m Received checkpoint summary from state sync [3msequence_number[0m[2m=[0m627
[2m2025-03-25T07:56:49.515165Z[0m [32m INFO[0m [1mnode[0m[1m{[0m[3mname[0m[2m=[0mk#8dcff6d1..[1m}[0m[2m:[0m [2msui_core::checkpoints::checkpoint_executor[0m[2m:[0m [2mcrates/sui-core/src/checkpoints/checkpoint_executor/mod.rs[0m[2m:[0m[2m332:[0m Received checkpoint summary from state sync [3msequence_number[0m[2m=[0m627
[2m2025-03-25T07:56:49.528519Z[0m [32m INFO[0m [1mnode[0m[1m{[0m[3mname[0m[2m=[0mk#99f25ef6..[1m}[0m[2m:[0m [2msui_core::state_accumulator[0m[2m:[0m [2mcrates/sui-core/src/state_accumulator.rs[0m[2m:[0m[2m675:[0m accumulating running root for checkpoint 627
[2m2025-03-25T07:56:49.528519Z[0m [32m INFO[0m [1mnode[0m[1m{[0m[3mname[0m[2m=[0mk#8dcff6d1..[1m}[0m[2m:[0m [2msui_core::state_accumulator[0m[2m:[0m [2mcrates/sui-core/src/state_accumulator.rs[0m[2m:[0m[2m675:[0m accumulating running root for checkpoint 627
[2m2025-03-25T07:56:49.556125Z[0m [32m INFO[0m [1mnode[0m[1m{[0m[3mname[0m[2m=[0mk#addeef94..[1m}[0m[2m:[0m [2msui_core::checkpoints[0m[2m:[0m [2mcrates/sui-core/src/checkpoints/mod.rs[0m[2m:[0m[2m1326:[0m Creating checkpoint(s) for 1 transactions [3mnext_checkpoint_seq[0m[2m=[0m628 [3mcheckpoint_timestamp[0m[2m=[0m1742889408996
[2m2025-03-25T07:56:49.556362Z[0m [32m INFO[0m [1mnode[0m[1m{[0m[3mname[0m[2m=[0mk#addeef94..[1m}[0m[2m:[0m [2msui_core::checkpoints::checkpoint_output[0m[2m:[0m [2mcrates/sui-core/src/checkpoints/checkpoint_output.rs[0m[2m:[0m[2m149:[0m Creating checkpoint CheckpointDigest(2eXvMV3As3EWXB5Eus5vLtq5aFqgCGA7AetMiqvXikdF) at epoch 1, sequence 628, previous digest Some(CheckpointDigest(5JLTwrcpDv3utahtaRm92usGT8whecsNn5EeGx3iZPgd)), transactions count 1, content digest CheckpointContentsDigest(BkKs54tQUi9akkMHiRWhSUkbQ3nTj9oXCHj9DSfo5c1d), end_of_epoch_data None
[2m2025-03-25T07:56:49.559602Z[0m [32m INFO[0m [1mnode[0m[1m{[0m[3mname[0m[2m=[0mk#99f25ef6..[1m}[0m[2m:[0m [2msui_core::checkpoints[0m[2m:[0m [2mcrates/sui-core/src/checkpoints/mod.rs[0m[2m:[0m[2m1326:[0m Creating checkpoint(s) for 1 transactions [3mnext_checkpoint_seq[0m[2m=[0m628 [3mcheckpoint_timestamp[0m[2m=[0m1742889408996
[2m2025-03-25T07:56:49.559604Z[0m [32m INFO[0m [1mnode[0m[1m{[0m[3mname[0m[2m=[0mk#8dcff6d1..[1m}[0m[2m:[0m [2msui_core::checkpoints[0m[2m:[0m [2mcrates/sui-core/src/checkpoints/mod.rs[0m[2m:[0m[2m1326:[0m Creating checkpoint(s) for 1 transactions [3mnext_checkpoint_seq[0m[2m=[0m628 [3mcheckpoint_timestamp[0m[2m=[0m1742889408996
[2m2025-03-25T07:56:49.559796Z[0m [32m INFO[0m [1mnode[0m[1m{[0m[3mname[0m[2m=[0mk#99f25ef6..[1m}[0m[2m:[0m [2msui_core::checkpoints::checkpoint_output[0m[2m:[0m [2mcrates/sui-core/src/checkpoints/checkpoint_output.rs[0m[2m:[0m[2m149:[0m Creating checkpoint CheckpointDigest(2eXvMV3As3EWXB5Eus5vLtq5aFqgCGA7AetMiqvXikdF) at epoch 1, sequence 628, previous digest Some(CheckpointDigest(5JLTwrcpDv3utahtaRm92usGT8whecsNn5EeGx3iZPgd)), transactions count 1, content digest CheckpointContentsDigest(BkKs54tQUi9akkMHiRWhSUkbQ3nTj9oXCHj9DSfo5c1d), end_of_epoch_data None
[2m2025-03-25T07:56:49.559796Z[0m [32m INFO[0m [1mnode[0m[1m{[0m[3mname[0m[2m=[0mk#8dcff6d1..[1m}[0m[2m:[0m [2msui_core::checkpoints::checkpoint_output[0m[2m:[0m [2mcrates/sui-core/src/checkpoints/checkpoint_output.rs[0m[2m:[0m[2m149:[0m Creating checkpoint CheckpointDigest(2eXvMV3As3EWXB5Eus5vLtq5aFqgCGA7AetMiqvXikdF) at epoch 1, sequence 628, previous digest Some(CheckpointDigest(5JLTwrcpDv3utahtaRm92usGT8whecsNn5EeGx3iZPgd)), transactions count 1, content digest CheckpointContentsDigest(BkKs54tQUi9akkMHiRWhSUkbQ3nTj9oXCHj9DSfo5c1d), end_of_epoch_data None
[2m2025-03-25T07:56:49.624297Z[0m [32m INFO[0m [1mnode[0m[1m{[0m[3mname[0m[2m=[0mk#addeef94..[1m}[0m[2m:[0m [2msui_core::checkpoints::checkpoint_executor[0m[2m:[0m [2mcrates/sui-core/src/checkpoints/checkpoint_executor/mod.rs[0m[2m:[0m[2m332:[0m Received checkpoint summary from state sync [3msequence_number[0m[2m=[0m627
[2m2025-03-25T07:56:49.625707Z[0m [32m INFO[0m [1mnode[0m[1m{[0m[3mname[0m[2m=[0mk#addeef94..[1m}[0m[2m:[0m [2msui_core::state_accumulator[0m[2m:[0m [2mcrates/sui-core/src/state_accumulator.rs[0m[2m:[0m[2m675:[0m accumulating running root for checkpoint 627
[2m2025-03-25T07:56:49.762829Z[0m [32m INFO[0m [1mnode[0m[1m{[0m[3mname[0m[2m=[0mk#addeef94..[1m}[0m[2m:[0m [2mconsensus_core::core[0m[2m:[0m [2mconsensus/core/src/core.rs[0m[2m:[0m[2m945:[0m Included 3 ancestors & excluded 0 ancestors for proposal in round 429
[2m2025-03-25T07:56:49.763220Z[0m [32m INFO[0m [1mnode[0m[1m{[0m[3mname[0m[2m=[0mk#addeef94..[1m}[0m[2m:[0m [2mconsensus_core::core[0m[2m:[0m [2mconsensus/core/src/core.rs[0m[2m:[0m[2m531:[0m Created block B429(C,W2PNwZVirA/nV3SE1vijskarrxenvzdyGqyf2FevjGQ=)(1742889409763ms;[B428(C,JBYGCf5JMReKDwY7L+siJelnl40ak8oJlREHrODDlSE=), B428(A,BZc/jkJIzoy2h9gkVpH2WODmw/Y17B5ivCIQtmVoGAw=), B428(B,2KxrOyHedZUarE9cob8k2L5kdDuoSGTzmIzRDJkGqY4=)];1t;1c) for round 429
[2m2025-03-25T07:56:49.765150Z[0m [32m INFO[0m [1mnode[0m[1m{[0m[3mname[0m[2m=[0mk#99f25ef6..[1m}[0m[2m:[0m [2mconsensus_core::core[0m[2m:[0m [2mconsensus/core/src/core.rs[0m[2m:[0m[2m945:[0m Included 3 ancestors & excluded 0 ancestors for proposal in round 429
[2m2025-03-25T07:56:49.765432Z[0m [32m INFO[0m [1mnode[0m[1m{[0m[3mname[0m[2m=[0mk#99f25ef6..[1m}[0m[2m:[0m [2mconsensus_core::core[0m[2m:[0m [2mconsensus/core/src/core.rs[0m[2m:[0m[2m531:[0m Created block B429(B,fIoWGPkrjGkiupHDjZO3naCrZHbOZRg1fka4c/LSIKc=)(1742889409765ms;[B428(B,2KxrOyHedZUarE9cob8k2L5kdDuoSGTzmIzRDJkGqY4=), B428(A,BZc/jkJIzoy2h9gkVpH2WODmw/Y17B5ivCIQtmVoGAw=), B428(C,JBYGCf5JMReKDwY7L+siJelnl40ak8oJlREHrODDlSE=)];1t;1c) for round 429
[2m2025-03-25T07:56:49.765501Z[0m [32m INFO[0m [1mnode[0m[1m{[0m[3mname[0m[2m=[0mk#99f25ef6..[1m}[0m[2m:[0m [2mconsensus_core::core[0m[2m:[0m [2mconsensus/core/src/core.rs[0m[2m:[0m[2m630:[0m Committing 1 leaders: B427(C,lDpj)
[2m2025-03-25T07:56:49.765571Z[0m [32m INFO[0m [1mnode[0m[1m{[0m[3mname[0m[2m=[0mk#99f25ef6..[1m}[0m[2m:[0m [2mconsensus_core::commit_observer[0m[2m:[0m [2mconsensus/core/src/commit_observer.rs[0m[2m:[0m[2m173:[0m Consensus commit C416(a43Q) with leader B427(C,lDpj) has 3 blocks
[2m2025-03-25T07:56:49.765659Z[0m [32m INFO[0m [1mnode[0m[1m{[0m[3mname[0m[2m=[0mk#99f25ef6..[1m}[0m[2m:[0m [2msui_core::consensus_handler[0m[2m:[0m [2mcrates/sui-core/src/consensus_handler.rs[0m[2m:[0m[2m232:[0m Received consensus output [3mconsensus_commit[0m[2m=[0mCommittedSubDag(leader=B427(C,lDpj), ref=C416(a43Q), blocks=[bv04, ID6N, lDpj]) [3mepoch[0m[2m=[0m1
[2m2025-03-25T07:56:49.766270Z[0m [32m INFO[0m [1mnode[0m[1m{[0m[3mname[0m[2m=[0mk#8dcff6d1..[1m}[0m[2m:[0m [2mconsensus_core::core[0m[2m:[0m [2mconsensus/core/src/core.rs[0m[2m:[0m[2m945:[0m Included 3 ancestors & excluded 0 ancestors for proposal in round 429
[2m2025-03-25T07:56:49.766567Z[0m [32m INFO[0m [1mnode[0m[1m{[0m[3mname[0m[2m=[0mk#8dcff6d1..[1m}[0m[2m:[0m [2mconsensus_core::core[0m[2m:[0m [2mconsensus/core/src/core.rs[0m[2m:[0m[2m531:[0m Created block B429(A,MKYwEYvvQhGuQPDAY4HTDIJya+2GTNkfg6ht12SKJJU=)(1742889409766ms;[B428(A,BZc/jkJIzoy2h9gkVpH2WODmw/Y17B5ivCIQtmVoGAw=), B428(B,2KxrOyHedZUarE9cob8k2L5kdDuoSGTzmIzRDJkGqY4=), B428(C,JBYGCf5JMReKDwY7L+siJelnl40ak8oJlREHrODDlSE=)];1t;1c) for round 429
[2m2025-03-25T07:56:49.766636Z[0m [32m INFO[0m [1mnode[0m[1m{[0m[3mname[0m[2m=[0mk#8dcff6d1..[1m}[0m[2m:[0m [2mconsensus_core::core[0m[2m:[0m [2mconsensus/core/src/core.rs[0m[2m:[0m[2m630:[0m Committing 1 leaders: B427(C,lDpj)
[2m2025-03-25T07:56:49.766705Z[0m [32m INFO[0m [1mnode[0m[1m{[0m[3mname[0m[2m=[0mk#8dcff6d1..[1m}[0m[2m:[0m [2mconsensus_core::commit_observer[0m[2m:[0m [2mconsensus/core/src/commit_observer.rs[0m[2m:[0m[2m173:[0m Consensus commit C416(a43Q) with leader B427(C,lDpj) has 3 blocks
[2m2025-03-25T07:56:49.766791Z[0m [32m INFO[0m [1mnode[0m[1m{[0m[3mname[0m[2m=[0mk#8dcff6d1..[1m}[0m[2m:[0m [2msui_core::consensus_handler[0m[2m:[0m [2mcrates/sui-core/src/consensus_handler.rs[0m[2m:[0m[2m232:[0m Received consensus output [3mconsensus_commit[0m[2m=[0mCommittedSubDag(leader=B427(C,lDpj), ref=C416(a43Q), blocks=[bv04, ID6N, lDpj]) [3mepoch[0m[2m=[0m1
[2m2025-03-25T07:56:49.768055Z[0m [32m INFO[0m [1mnode[0m[1m{[0m[3mname[0m[2m=[0mk#addeef94..[1m}[0m[2m:[0m [2mconsensus_core::core[0m[2m:[0m [2mconsensus/core/src/core.rs[0m[2m:[0m[2m630:[0m Committing 1 leaders: B427(C,lDpj)
[2m2025-03-25T07:56:49.768157Z[0m [32m INFO[0m [1mnode[0m[1m{[0m[3mname[0m[2m=[0mk#addeef94..[1m}[0m[2m:[0m [2mconsensus_core::commit_observer[0m[2m:[0m [2mconsensus/core/src/commit_observer.rs[0m[2m:[0m[2m173:[0m Consensus commit C416(a43Q) with leader B427(C,lDpj) has 3 blocks
[2m2025-03-25T07:56:49.768240Z[0m [32m INFO[0m [1mnode[0m[1m{[0m[3mname[0m[2m=[0mk#addeef94..[1m}[0m[2m:[0m [2msui_core::consensus_handler[0m[2m:[0m [2mcrates/sui-core/src/consensus_handler.rs[0m[2m:[0m[2m232:[0m Received consensus output [3mconsensus_commit[0m[2m=[0mCommittedSubDag(leader=B427(C,lDpj), ref=C416(a43Q), blocks=[bv04, ID6N, lDpj]) [3mepoch[0m[2m=[0m1
[2m2025-03-25T07:56:49.792397Z[0m [32m INFO[0m [1mnode[0m[1m{[0m[3mname[0m[2m=[0mk#99f25ef6..[1m}[0m[2m:[0m [2msui_core::checkpoints[0m[2m:[0m [2mcrates/sui-core/src/checkpoints/mod.rs[0m[2m:[0m[2m1326:[0m Creating checkpoint(s) for 2 transactions [3mnext_checkpoint_seq[0m[2m=[0m629 [3mcheckpoint_timestamp[0m[2m=[0m1742889409252
[2m2025-03-25T07:56:49.792706Z[0m [32m INFO[0m [1mnode[0m[1m{[0m[3mname[0m[2m=[0mk#99f25ef6..[1m}[0m[2m:[0m [2msui_core::checkpoints::checkpoint_output[0m[2m:[0m [2mcrates/sui-core/src/checkpoints/checkpoint_output.rs[0m[2m:[0m[2m149:[0m Creating checkpoint CheckpointDigest(4SrHM9bnsE2GwaHkSpXwi76C7gn5D9kKvbreBzWFQNB1) at epoch 1, sequence 629, previous digest Some(CheckpointDigest(2eXvMV3As3EWXB5Eus5vLtq5aFqgCGA7AetMiqvXikdF)), transactions count 2, content digest CheckpointContentsDigest(3ZMyGBJjFHMaGMLvMZQzJAuYWrNoBkjdB8pgRdCKhjVD), end_of_epoch_data None
[2m2025-03-25T07:56:49.792885Z[0m [32m INFO[0m [1mnode[0m[1m{[0m[3mname[0m[2m=[0mk#8dcff6d1..[1m}[0m[2m:[0m [2msui_core::checkpoints[0m[2m:[0m [2mcrates/sui-core/src/checkpoints/mod.rs[0m[2m:[0m[2m1326:[0m Creating checkpoint(s) for 2 transactions [3mnext_checkpoint_seq[0m[2m=[0m629 [3mcheckpoint_timestamp[0m[2m=[0m1742889409252
[2m2025-03-25T07:56:49.793137Z[0m [32m INFO[0m [1mnode[0m[1m{[0m[3mname[0m[2m=[0mk#8dcff6d1..[1m}[0m[2m:[0m [2msui_core::checkpoints::checkpoint_output[0m[2m:[0m [2mcrates/sui-core/src/checkpoints/checkpoint_output.rs[0m[2m:[0m[2m149:[0m Creating checkpoint CheckpointDigest(4SrHM9bnsE2GwaHkSpXwi76C7gn5D9kKvbreBzWFQNB1) at epoch 1, sequence 629, previous digest Some(CheckpointDigest(2eXvMV3As3EWXB5Eus5vLtq5aFqgCGA7AetMiqvXikdF)), transactions count 2, content digest CheckpointContentsDigest(3ZMyGBJjFHMaGMLvMZQzJAuYWrNoBkjdB8pgRdCKhjVD), end_of_epoch_data None
[2m2025-03-25T07:56:49.794318Z[0m [32m INFO[0m [1mnode[0m[1m{[0m[3mname[0m[2m=[0mk#addeef94..[1m}[0m[2m:[0m [2msui_core::checkpoints[0m[2m:[0m [2mcrates/sui-core/src/checkpoints/mod.rs[0m[2m:[0m[2m1326:[0m Creating checkpoint(s) for 2 transactions [3mnext_checkpoint_seq[0m[2m=[0m629 [3mcheckpoint_timestamp[0m[2m=[0m1742889409252
[2m2025-03-25T07:56:49.794573Z[0m [32m INFO[0m [1mnode[0m[1m{[0m[3mname[0m[2m=[0mk#addeef94..[1m}[0m[2m:[0m [2msui_core::checkpoints::checkpoint_output[0m[2m:[0m [2mcrates/sui-core/src/checkpoints/checkpoint_output.rs[0m[2m:[0m[2m149:[0m Creating checkpoint CheckpointDigest(4SrHM9bnsE2GwaHkSpXwi76C7gn5D9kKvbreBzWFQNB1) at epoch 1, sequence 629, previous digest Some(CheckpointDigest(2eXvMV3As3EWXB5Eus5vLtq5aFqgCGA7AetMiqvXikdF)), transactions count 2, content digest CheckpointContentsDigest(3ZMyGBJjFHMaGMLvMZQzJAuYWrNoBkjdB8pgRdCKhjVD), end_of_epoch_data None
[2m2025-03-25T07:56:49.795895Z[0m [32m INFO[0m [1mnode[0m[1m{[0m[3mname[0m[2m=[0mk#99f25ef6..[1m}[0m[2m:[0m [2msui_core::checkpoints::checkpoint_output[0m[2m:[0m [2mcrates/sui-core/src/checkpoints/checkpoint_output.rs[0m[2m:[0m[2m196:[0m Certified checkpoint with sequence 628 and digest 2eXvMV3As3EWXB5Eus5vLtq5aFqgCGA7AetMiqvXikdF
[2m2025-03-25T07:56:49.796063Z[0m [32m INFO[0m [1mnode[0m[1m{[0m[3mname[0m[2m=[0mk#8dcff6d1..[1m}[0m[2m:[0m [2msui_core::checkpoints::checkpoint_output[0m[2m:[0m [2mcrates/sui-core/src/checkpoints/checkpoint_output.rs[0m[2m:[0m[2m196:[0m Certified checkpoint with sequence 628 and digest 2eXvMV3As3EWXB5Eus5vLtq5aFqgCGA7AetMiqvXikdF
[2m2025-03-25T07:56:49.796353Z[0m [32m INFO[0m [1mnode[0m[1m{[0m[3mname[0m[2m=[0mk#99f25ef6..[1m}[0m[2m:[0m [2msui_core::checkpoints::checkpoint_executor[0m[2m:[0m [2mcrates/sui-core/src/checkpoints/checkpoint_executor/mod.rs[0m[2m:[0m[2m332:[0m Received checkpoint summary from state sync [3msequence_number[0m[2m=[0m628
[2m2025-03-25T07:56:49.796462Z[0m [32m INFO[0m [1mnode[0m[1m{[0m[3mname[0m[2m=[0mk#8dcff6d1..[1m}[0m[2m:[0m [2msui_core::checkpoints::checkpoint_executor[0m[2m:[0m [2mcrates/sui-core/src/checkpoints/checkpoint_executor/mod.rs[0m[2m:[0m[2m332:[0m Received checkpoint summary from state sync [3msequence_number[0m[2m=[0m628
[2m2025-03-25T07:56:49.797509Z[0m [32m INFO[0m [1mnode[0m[1m{[0m[3mname[0m[2m=[0mk#99f25ef6..[1m}[0m[2m:[0m [2msui_core::state_accumulator[0m[2m:[0m [2mcrates/sui-core/src/state_accumulator.rs[0m[2m:[0m[2m675:[0m accumulating running root for checkpoint 628
[2m2025-03-25T07:56:49.797513Z[0m [32m INFO[0m [1mnode[0m[1m{[0m[3mname[0m[2m=[0mk#8dcff6d1..[1m}[0m[2m:[0m [2msui_core::state_accumulator[0m[2m:[0m [2mcrates/sui-core/src/state_accumulator.rs[0m[2m:[0m[2m675:[0m accumulating running root for checkpoint 628
[2m2025-03-25T07:56:49.800325Z[0m [32m INFO[0m [1mnode[0m[1m{[0m[3mname[0m[2m=[0mk#addeef94..[1m}[0m[2m:[0m [2msui_core::checkpoints::checkpoint_executor[0m[2m:[0m [2mcrates/sui-core/src/checkpoints/checkpoint_executor/mod.rs[0m[2m:[0m[2m332:[0m Received checkpoint summary from state sync [3msequence_number[0m[2m=[0m628
[2m2025-03-25T07:56:49.801093Z[0m [32m INFO[0m [1mnode[0m[1m{[0m[3mname[0m[2m=[0mk#addeef94..[1m}[0m[2m:[0m [2msui_core::state_accumulator[0m[2m:[0m [2mcrates/sui-core/src/state_accumulator.rs[0m[2m:[0m[2m675:[0m accumulating running root for checkpoint 628
[2m2025-03-25T07:56:50.018447Z[0m [32m INFO[0m [1mnode[0m[1m{[0m[3mname[0m[2m=[0mk#99f25ef6..[1m}[0m[2m:[0m [2mconsensus_core::core[0m[2m:[0m [2mconsensus/core/src/core.rs[0m[2m:[0m[2m945:[0m Included 3 ancestors & excluded 0 ancestors for proposal in round 430
[2m2025-03-25T07:56:50.018805Z[0m [32m INFO[0m [1mnode[0m[1m{[0m[3mname[0m[2m=[0mk#99f25ef6..[1m}[0m[2m:[0m [2mconsensus_core::core[0m[2m:[0m [2mconsensus/core/src/core.rs[0m[2m:[0m[2m531:[0m Created block B430(B,esOh5OJez/889EPBZ7S4yES2aliYIj487q/7u3ueSWE=)(1742889410018ms;[B429(B,fIoWGPkrjGkiupHDjZO3naCrZHbOZRg1fka4c/LSIKc=), B429(A,MKYwEYvvQhGuQPDAY4HTDIJya+2GTNkfg6ht12SKJJU=), B429(C,W2PNwZVirA/nV3SE1vijskarrxenvzdyGqyf2FevjGQ=)];1t;1c) for round 430
[2m2025-03-25T07:56:50.020423Z[0m [32m INFO[0m [1mnode[0m[1m{[0m[3mname[0m[2m=[0mk#addeef94..[1m}[0m[2m:[0m [2mconsensus_core::core[0m[2m:[0m [2mconsensus/core/src/core.rs[0m[2m:[0m[2m945:[0m Included 3 ancestors & excluded 0 ancestors for proposal in round 430
[2m2025-03-25T07:56:50.020423Z[0m [32m INFO[0m [1mnode[0m[1m{[0m[3mname[0m[2m=[0mk#8dcff6d1..[1m}[0m[2m:[0m [2mconsensus_core::core[0m[2m:[0m [2mconsensus/core/src/core.rs[0m[2m:[0m[2m945:[0m Included 3 ancestors & excluded 0 ancestors for proposal in round 430
[2m2025-03-25T07:56:50.020723Z[0m [32m INFO[0m [1mnode[0m[1m{[0m[3mname[0m[2m=[0mk#addeef94..[1m}[0m[2m:[0m [2mconsensus_core::core[0m[2m:[0m [2mconsensus/core/src/core.rs[0m[2m:[0m[2m531:[0m Created block B430(C,0rXNKFe6fAVviMOaG735as/lsc0uoJtPHeO0az9zXkc=)(1742889410020ms;[B429(C,W2PNwZVirA/nV3SE1vijskarrxenvzdyGqyf2FevjGQ=), B429(A,MKYwEYvvQhGuQPDAY4HTDIJya+2GTNkfg6ht12SKJJU=), B429(B,fIoWGPkrjGkiupHDjZO3naCrZHbOZRg1fka4c/LSIKc=)];1t;1c) for round 430
[2m2025-03-25T07:56:50.020733Z[0m [32m INFO[0m [1mnode[0m[1m{[0m[3mname[0m[2m=[0mk#8dcff6d1..[1m}[0m[2m:[0m [2mconsensus_core::core[0m[2m:[0m [2mconsensus/core/src/core.rs[0m[2m:[0m[2m531:[0m Created block B430(A,5De1bXoB29lCEH6TL7Nkm89xcEobCZptoOBe68XKqqE=)(1742889410020ms;[B429(A,MKYwEYvvQhGuQPDAY4HTDIJya+2GTNkfg6ht12SKJJU=), B429(B,fIoWGPkrjGkiupHDjZO3naCrZHbOZRg1fka4c/LSIKc=), B429(C,W2PNwZVirA/nV3SE1vijskarrxenvzdyGqyf2FevjGQ=)];1t;1c) for round 430
[2m2025-03-25T07:56:50.020874Z[0m [32m INFO[0m [1mnode[0m[1m{[0m[3mname[0m[2m=[0mk#addeef94..[1m}[0m[2m:[0m [2mconsensus_core::core[0m[2m:[0m [2mconsensus/core/src/core.rs[0m[2m:[0m[2m630:[0m Committing 1 leaders: B428(B,2Kxr)
[2m2025-03-25T07:56:50.020968Z[0m [32m INFO[0m [1mnode[0m[1m{[0m[3mname[0m[2m=[0mk#addeef94..[1m}[0m[2m:[0m [2mconsensus_core::commit_observer[0m[2m:[0m [2mconsensus/core/src/commit_observer.rs[0m[2m:[0m[2m173:[0m Consensus commit C417(vY1/) with leader B428(B,2Kxr) has 3 blocks
[2m2025-03-25T07:56:50.021272Z[0m [32m INFO[0m [1mnode[0m[1m{[0m[3mname[0m[2m=[0mk#addeef94..[1m}[0m[2m:[0m [2msui_core::consensus_handler[0m[2m:[0m [2mcrates/sui-core/src/consensus_handler.rs[0m[2m:[0m[2m232:[0m Received consensus output [3mconsensus_commit[0m[2m=[0mCommittedSubDag(leader=B428(B,2Kxr), ref=C417(vY1/), blocks=[TEAZ, qbQh, 2Kxr]) [3mepoch[0m[2m=[0m1
[2m2025-03-25T07:56:50.024382Z[0m [32m INFO[0m [1mnode[0m[1m{[0m[3mname[0m[2m=[0mk#8dcff6d1..[1m}[0m[2m:[0m [2msui_core::checkpoints::checkpoint_output[0m[2m:[0m [2mcrates/sui-core/src/checkpoints/checkpoint_output.rs[0m[2m:[0m[2m196:[0m Certified checkpoint with sequence 629 and digest 4SrHM9bnsE2GwaHkSpXwi76C7gn5D9kKvbreBzWFQNB1
[2m2025-03-25T07:56:50.024489Z[0m [32m INFO[0m [1mnode[0m[1m{[0m[3mname[0m[2m=[0mk#8dcff6d1..[1m}[0m[2m:[0m [2mconsensus_core::core[0m[2m:[0m [2mconsensus/core/src/core.rs[0m[2m:[0m[2m630:[0m Committing 1 leaders: B428(B,2Kxr)
[2m2025-03-25T07:56:50.024590Z[0m [32m INFO[0m [1mnode[0m[1m{[0m[3mname[0m[2m=[0mk#8dcff6d1..[1m}[0m[2m:[0m [2mconsensus_core::commit_observer[0m[2m:[0m [2mconsensus/core/src/commit_observer.rs[0m[2m:[0m[2m173:[0m Consensus commit C417(vY1/) with leader B428(B,2Kxr) has 3 blocks
[2m2025-03-25T07:56:50.024727Z[0m [32m INFO[0m [1mnode[0m[1m{[0m[3mname[0m[2m=[0mk#99f25ef6..[1m}[0m[2m:[0m [2msui_core::checkpoints::checkpoint_output[0m[2m:[0m [2mcrates/sui-core/src/checkpoints/checkpoint_output.rs[0m[2m:[0m[2m196:[0m Certified checkpoint with sequence 629 and digest 4SrHM9bnsE2GwaHkSpXwi76C7gn5D9kKvbreBzWFQNB1
[2m2025-03-25T07:56:50.024822Z[0m [32m INFO[0m [1mnode[0m[1m{[0m[3mname[0m[2m=[0mk#99f25ef6..[1m}[0m[2m:[0m [2mconsensus_core::core[0m[2m:[0m [2mconsensus/core/src/core.rs[0m[2m:[0m[2m630:[0m Committing 1 leaders: B428(B,2Kxr)
[2m2025-03-25T07:56:50.024924Z[0m [32m INFO[0m [1mnode[0m[1m{[0m[3mname[0m[2m=[0mk#99f25ef6..[1m}[0m[2m:[0m [2mconsensus_core::commit_observer[0m[2m:[0m [2mconsensus/core/src/commit_observer.rs[0m[2m:[0m[2m173:[0m Consensus commit C417(vY1/) with leader B428(B,2Kxr) has 3 blocks
[2m2025-03-25T07:56:50.025034Z[0m [32m INFO[0m [1mnode[0m[1m{[0m[3mname[0m[2m=[0mk#8dcff6d1..[1m}[0m[2m:[0m [2msui_core::consensus_handler[0m[2m:[0m [2mcrates/sui-core/src/consensus_handler.rs[0m[2m:[0m[2m232:[0m Received consensus output [3mconsensus_commit[0m[2m=[0mCommittedSubDag(leader=B428(B,2Kxr), ref=C417(vY1/), blocks=[TEAZ, qbQh, 2Kxr]) [3mepoch[0m[2m=[0m1
[2m2025-03-25T07:56:50.025299Z[0m [32m INFO[0m [1mnode[0m[1m{[0m[3mname[0m[2m=[0mk#99f25ef6..[1m}[0m[2m:[0m [2msui_core::consensus_handler[0m[2m:[0m [2mcrates/sui-core/src/consensus_handler.rs[0m[2m:[0m[2m232:[0m Received consensus output [3mconsensus_commit[0m[2m=[0mCommittedSubDag(leader=B428(B,2Kxr), ref=C417(vY1/), blocks=[TEAZ, qbQh, 2Kxr]) [3mepoch[0m[2m=[0m1
[2m2025-03-25T07:56:50.025657Z[0m [32m INFO[0m [1mnode[0m[1m{[0m[3mname[0m[2m=[0mk#8dcff6d1..[1m}[0m[2m:[0m [2msui_core::checkpoints::checkpoint_executor[0m[2m:[0m [2mcrates/sui-core/src/checkpoints/checkpoint_executor/mod.rs[0m[2m:[0m[2m332:[0m Received checkpoint summary from state sync [3msequence_number[0m[2m=[0m629
[2m2025-03-25T07:56:50.025853Z[0m [32m INFO[0m [1mnode[0m[1m{[0m[3mname[0m[2m=[0mk#99f25ef6..[1m}[0m[2m:[0m [2msui_core::checkpoints::checkpoint_executor[0m[2m:[0m [2mcrates/sui-core/src/checkpoints/checkpoint_executor/mod.rs[0m[2m:[0m[2m332:[0m Received checkpoint summary from state sync [3msequence_number[0m[2m=[0m629
[2m2025-03-25T07:56:50.039210Z[0m [32m INFO[0m [1mnode[0m[1m{[0m[3mname[0m[2m=[0mk#8dcff6d1..[1m}[0m[2m:[0m [2msui_core::state_accumulator[0m[2m:[0m [2mcrates/sui-core/src/state_accumulator.rs[0m[2m:[0m[2m675:[0m accumulating running root for checkpoint 629
[2m2025-03-25T07:56:50.039214Z[0m [32m INFO[0m [1mnode[0m[1m{[0m[3mname[0m[2m=[0mk#99f25ef6..[1m}[0m[2m:[0m [2msui_core::state_accumulator[0m[2m:[0m [2mcrates/sui-core/src/state_accumulator.rs[0m[2m:[0m[2m675:[0m accumulating running root for checkpoint 629
[2m2025-03-25T07:56:50.065452Z[0m [32m INFO[0m [1mnode[0m[1m{[0m[3mname[0m[2m=[0mk#addeef94..[1m}[0m[2m:[0m [2msui_core::checkpoints[0m[2m:[0m [2mcrates/sui-core/src/checkpoints/mod.rs[0m[2m:[0m[2m1326:[0m Creating checkpoint(s) for 1 transactions [3mnext_checkpoint_seq[0m[2m=[0m630 [3mcheckpoint_timestamp[0m[2m=[0m1742889409509
[2m2025-03-25T07:56:50.065687Z[0m [32m INFO[0m [1mnode[0m[1m{[0m[3mname[0m[2m=[0mk#addeef94..[1m}[0m[2m:[0m [2msui_core::checkpoints::checkpoint_output[0m[2m:[0m [2mcrates/sui-core/src/checkpoints/checkpoint_output.rs[0m[2m:[0m[2m149:[0m Creating checkpoint CheckpointDigest(H2yaNke4hyXS38K8h2wy9oZPKmVjzpqSxZpuJaZUoBHf) at epoch 1, sequence 630, previous digest Some(CheckpointDigest(4SrHM9bnsE2GwaHkSpXwi76C7gn5D9kKvbreBzWFQNB1)), transactions count 1, content digest CheckpointContentsDigest(8nEL39mUB3hEeN8rQdGw3tPnJ1ZvrG5WWefDe8qu8RXr), end_of_epoch_data None
[2m2025-03-25T07:56:50.070142Z[0m [32m INFO[0m [1mnode[0m[1m{[0m[3mname[0m[2m=[0mk#99f25ef6..[1m}[0m[2m:[0m [2msui_core::checkpoints[0m[2m:[0m [2mcrates/sui-core/src/checkpoints/mod.rs[0m[2m:[0m[2m1326:[0m Creating checkpoint(s) for 1 transactions [3mnext_checkpoint_seq[0m[2m=[0m630 [3mcheckpoint_timestamp[0m[2m=[0m1742889409509
[2m2025-03-25T07:56:50.070167Z[0m [32m INFO[0m [1mnode[0m[1m{[0m[3mname[0m[2m=[0mk#8dcff6d1..[1m}[0m[2m:[0m [2msui_core::checkpoints[0m[2m:[0m [2mcrates/sui-core/src/checkpoints/mod.rs[0m[2m:[0m[2m1326:[0m Creating checkpoint(s) for 1 transactions [3mnext_checkpoint_seq[0m[2m=[0m630 [3mcheckpoint_timestamp[0m[2m=[0m1742889409509
[2m2025-03-25T07:56:50.070321Z[0m [32m INFO[0m [1mnode[0m[1m{[0m[3mname[0m[2m=[0mk#99f25ef6..[1m}[0m[2m:[0m [2msui_core::checkpoints::checkpoint_output[0m[2m:[0m [2mcrates/sui-core/src/checkpoints/checkpoint_output.rs[0m[2m:[0m[2m149:[0m Creating checkpoint CheckpointDigest(H2yaNke4hyXS38K8h2wy9oZPKmVjzpqSxZpuJaZUoBHf) at epoch 1, sequence 630, previous digest Some(CheckpointDigest(4SrHM9bnsE2GwaHkSpXwi76C7gn5D9kKvbreBzWFQNB1)), transactions count 1, content digest CheckpointContentsDigest(8nEL39mUB3hEeN8rQdGw3tPnJ1ZvrG5WWefDe8qu8RXr), end_of_epoch_data None
[2m2025-03-25T07:56:50.070339Z[0m [32m INFO[0m [1mnode[0m[1m{[0m[3mname[0m[2m=[0mk#8dcff6d1..[1m}[0m[2m:[0m [2msui_core::checkpoints::checkpoint_output[0m[2m:[0m [2mcrates/sui-core/src/checkpoints/checkpoint_output.rs[0m[2m:[0m[2m149:[0m Creating checkpoint CheckpointDigest(H2yaNke4hyXS38K8h2wy9oZPKmVjzpqSxZpuJaZUoBHf) at epoch 1, sequence 630, previous digest Some(CheckpointDigest(4SrHM9bnsE2GwaHkSpXwi76C7gn5D9kKvbreBzWFQNB1)), transactions count 1, content digest CheckpointContentsDigest(8nEL39mUB3hEeN8rQdGw3tPnJ1ZvrG5WWefDe8qu8RXr), end_of_epoch_data None
[2m2025-03-25T07:56:50.134220Z[0m [32m INFO[0m [1mnode[0m[1m{[0m[3mname[0m[2m=[0mk#addeef94..[1m}[0m[2m:[0m [2msui_core::checkpoints::checkpoint_executor[0m[2m:[0m [2mcrates/sui-core/src/checkpoints/checkpoint_executor/mod.rs[0m[2m:[0m[2m332:[0m Received checkpoint summary from state sync [3msequence_number[0m[2m=[0m629
[2m2025-03-25T07:56:50.135688Z[0m [32m INFO[0m [1mnode[0m[1m{[0m[3mname[0m[2m=[0mk#addeef94..[1m}[0m[2m:[0m [2msui_core::state_accumulator[0m[2m:[0m [2mcrates/sui-core/src/state_accumulator.rs[0m[2m:[0m[2m675:[0m accumulating running root for checkpoint 629
[2m2025-03-25T07:56:50.272644Z[0m [32m INFO[0m [1mnode[0m[1m{[0m[3mname[0m[2m=[0mk#addeef94..[1m}[0m[2m:[0m [2mconsensus_core::core[0m[2m:[0m [2mconsensus/core/src/core.rs[0m[2m:[0m[2m945:[0m Included 3 ancestors & excluded 0 ancestors for proposal in round 431
[2m2025-03-25T07:56:50.273055Z[0m [32m INFO[0m [1mnode[0m[1m{[0m[3mname[0m[2m=[0mk#addeef94..[1m}[0m[2m:[0m [2mconsensus_core::core[0m[2m:[0m [2mconsensus/core/src/core.rs[0m[2m:[0m[2m531:[0m Created block B431(C,VgsEyLvI2l11IgAJ6SEmLXSweVl9iN6npZ+ZeNWVP+s=)(1742889410272ms;[B430(C,0rXNKFe6fAVviMOaG735as/lsc0uoJtPHeO0az9zXkc=), B430(A,5De1bXoB29lCEH6TL7Nkm89xcEobCZptoOBe68XKqqE=), B430(B,esOh5OJez/889EPBZ7S4yES2aliYIj487q/7u3ueSWE=)];1t;1c) for round 431
[2m2025-03-25T07:56:50.276130Z[0m [32m INFO[0m [1mnode[0m[1m{[0m[3mname[0m[2m=[0mk#99f25ef6..[1m}[0m[2m:[0m [2mconsensus_core::core[0m[2m:[0m [2mconsensus/core/src/core.rs[0m[2m:[0m[2m945:[0m Included 3 ancestors & excluded 0 ancestors for proposal in round 431
[2m2025-03-25T07:56:50.276130Z[0m [32m INFO[0m [1mnode[0m[1m{[0m[3mname[0m[2m=[0mk#8dcff6d1..[1m}[0m[2m:[0m [2mconsensus_core::core[0m[2m:[0m [2mconsensus/core/src/core.rs[0m[2m:[0m[2m945:[0m Included 3 ancestors & excluded 0 ancestors for proposal in round 431
[2m2025-03-25T07:56:50.276423Z[0m [32m INFO[0m [1mnode[0m[1m{[0m[3mname[0m[2m=[0mk#99f25ef6..[1m}[0m[2m:[0m [2mconsensus_core::core[0m[2m:[0m [2mconsensus/core/src/core.rs[0m[2m:[0m[2m531:[0m Created block B431(B,+IqxzB4enIb8/DepHmYY3REfOE8A0eFUC/bgunUKGIU=)(1742889410276ms;[B430(B,esOh5OJez/889EPBZ7S4yES2aliYIj487q/7u3ueSWE=), B430(A,5De1bXoB29lCEH6TL7Nkm89xcEobCZptoOBe68XKqqE=), B430(C,0rXNKFe6fAVviMOaG735as/lsc0uoJtPHeO0az9zXkc=)];1t;1c) for round 431
[2m2025-03-25T07:56:50.276424Z[0m [32m INFO[0m [1mnode[0m[1m{[0m[3mname[0m[2m=[0mk#8dcff6d1..[1m}[0m[2m:[0m [2mconsensus_core::core[0m[2m:[0m [2mconsensus/core/src/core.rs[0m[2m:[0m[2m531:[0m Created block B431(A,8yugcPzDIiQ0lTwPM40+RrjaMc9T81Hdz+Y+96lGoBQ=)(1742889410276ms;[B430(A,5De1bXoB29lCEH6TL7Nkm89xcEobCZptoOBe68XKqqE=), B430(B,esOh5OJez/889EPBZ7S4yES2aliYIj487q/7u3ueSWE=), B430(C,0rXNKFe6fAVviMOaG735as/lsc0uoJtPHeO0az9zXkc=)];1t;1c) for round 431
[2m2025-03-25T07:56:50.276493Z[0m [32m INFO[0m [1mnode[0m[1m{[0m[3mname[0m[2m=[0mk#99f25ef6..[1m}[0m[2m:[0m [2mconsensus_core::core[0m[2m:[0m [2mconsensus/core/src/core.rs[0m[2m:[0m[2m630:[0m Committing 1 leaders: B429(B,fIoW)
[2m2025-03-25T07:56:50.276493Z[0m [32m INFO[0m [1mnode[0m[1m{[0m[3mname[0m[2m=[0mk#8dcff6d1..[1m}[0m[2m:[0m [2mconsensus_core::core[0m[2m:[0m [2mconsensus/core/src/core.rs[0m[2m:[0m[2m630:[0m Committing 1 leaders: B429(B,fIoW)
[2m2025-03-25T07:56:50.276567Z[0m [32m INFO[0m [1mnode[0m[1m{[0m[3mname[0m[2m=[0mk#99f25ef6..[1m}[0m[2m:[0m [2mconsensus_core::commit_observer[0m[2m:[0m [2mconsensus/core/src/commit_observer.rs[0m[2m:[0m[2m173:[0m Consensus commit C418(nUzH) with leader B429(B,fIoW) has 3 blocks
[2m2025-03-25T07:56:50.276567Z[0m [32m INFO[0m [1mnode[0m[1m{[0m[3mname[0m[2m=[0mk#8dcff6d1..[1m}[0m[2m:[0m [2mconsensus_core::commit_observer[0m[2m:[0m [2mconsensus/core/src/commit_observer.rs[0m[2m:[0m[2m173:[0m Consensus commit C418(nUzH) with leader B429(B,fIoW) has 3 blocks
[2m2025-03-25T07:56:50.276656Z[0m [32m INFO[0m [1mnode[0m[1m{[0m[3mname[0m[2m=[0mk#8dcff6d1..[1m}[0m[2m:[0m [2msui_core::consensus_handler[0m[2m:[0m [2mcrates/sui-core/src/consensus_handler.rs[0m[2m:[0m[2m232:[0m Received consensus output [3mconsensus_commit[0m[2m=[0mCommittedSubDag(leader=B429(B,fIoW), ref=C418(nUzH), blocks=[BZc/, JBYG, fIoW]) [3mepoch[0m[2m=[0m1
[2m2025-03-25T07:56:50.276656Z[0m [32m INFO[0m [1mnode[0m[1m{[0m[3mname[0m[2m=[0mk#99f25ef6..[1m}[0m[2m:[0m [2msui_core::consensus_handler[0m[2m:[0m [2mcrates/sui-core/src/consensus_handler.rs[0m[2m:[0m[2m232:[0m Received consensus output [3mconsensus_commit[0m[2m=[0mCommittedSubDag(leader=B429(B,fIoW), ref=C418(nUzH), blocks=[BZc/, JBYG, fIoW]) [3mepoch[0m[2m=[0m1
[2m2025-03-25T07:56:50.280376Z[0m [32m INFO[0m [1mnode[0m[1m{[0m[3mname[0m[2m=[0mk#addeef94..[1m}[0m[2m:[0m [2mconsensus_core::core[0m[2m:[0m [2mconsensus/core/src/core.rs[0m[2m:[0m[2m630:[0m Committing 1 leaders: B429(B,fIoW)
[2m2025-03-25T07:56:50.280473Z[0m [32m INFO[0m [1mnode[0m[1m{[0m[3mname[0m[2m=[0mk#addeef94..[1m}[0m[2m:[0m [2mconsensus_core::commit_observer[0m[2m:[0m [2mconsensus/core/src/commit_observer.rs[0m[2m:[0m[2m173:[0m Consensus commit C418(nUzH) with leader B429(B,fIoW) has 3 blocks
[2m2025-03-25T07:56:50.280606Z[0m [32m INFO[0m [1mnode[0m[1m{[0m[3mname[0m[2m=[0mk#addeef94..[1m}[0m[2m:[0m [2msui_core::consensus_handler[0m[2m:[0m [2mcrates/sui-core/src/consensus_handler.rs[0m[2m:[0m[2m232:[0m Received consensus output [3mconsensus_commit[0m[2m=[0mCommittedSubDag(leader=B429(B,fIoW), ref=C418(nUzH), blocks=[BZc/, JBYG, fIoW]) [3mepoch[0m[2m=[0m1
[2m2025-03-25T07:56:50.303413Z[0m [32m INFO[0m [1mnode[0m[1m{[0m[3mname[0m[2m=[0mk#8dcff6d1..[1m}[0m[2m:[0m [2msui_core::checkpoints[0m[2m:[0m [2mcrates/sui-core/src/checkpoints/mod.rs[0m[2m:[0m[2m1326:[0m Creating checkpoint(s) for 2 transactions [3mnext_checkpoint_seq[0m[2m=[0m631 [3mcheckpoint_timestamp[0m[2m=[0m1742889409765
[2m2025-03-25T07:56:50.303413Z[0m [32m INFO[0m [1mnode[0m[1m{[0m[3mname[0m[2m=[0mk#99f25ef6..[1m}[0m[2m:[0m [2msui_core::checkpoints[0m[2m:[0m [2mcrates/sui-core/src/checkpoints/mod.rs[0m[2m:[0m[2m1326:[0m Creating checkpoint(s) for 2 transactions [3mnext_checkpoint_seq[0m[2m=[0m631 [3mcheckpoint_timestamp[0m[2m=[0m1742889409765
[2m2025-03-25T07:56:50.303729Z[0m [32m INFO[0m [1mnode[0m[1m{[0m[3mname[0m[2m=[0mk#8dcff6d1..[1m}[0m[2m:[0m [2msui_core::checkpoints::checkpoint_output[0m[2m:[0m [2mcrates/sui-core/src/checkpoints/checkpoint_output.rs[0m[2m:[0m[2m149:[0m Creating checkpoint CheckpointDigest(3p4pjJqfJxE4CRZ7oQtjTfnb6oS23xuG8duk8BztshgZ) at epoch 1, sequence 631, previous digest Some(CheckpointDigest(H2yaNke4hyXS38K8h2wy9oZPKmVjzpqSxZpuJaZUoBHf)), transactions count 2, content digest CheckpointContentsDigest(FYqn9MnQQK8YgQoyrDdHyWdWkesVX8rzm28jAQUnHkFY), end_of_epoch_data None
[2m2025-03-25T07:56:50.303729Z[0m [32m INFO[0m [1mnode[0m[1m{[0m[3mname[0m[2m=[0mk#99f25ef6..[1m}[0m[2m:[0m [2msui_core::checkpoints::checkpoint_output[0m[2m:[0m [2mcrates/sui-core/src/checkpoints/checkpoint_output.rs[0m[2m:[0m[2m149:[0m Creating checkpoint CheckpointDigest(3p4pjJqfJxE4CRZ7oQtjTfnb6oS23xuG8duk8BztshgZ) at epoch 1, sequence 631, previous digest Some(CheckpointDigest(H2yaNke4hyXS38K8h2wy9oZPKmVjzpqSxZpuJaZUoBHf)), transactions count 2, content digest CheckpointContentsDigest(FYqn9MnQQK8YgQoyrDdHyWdWkesVX8rzm28jAQUnHkFY), end_of_epoch_data None
[2m2025-03-25T07:56:50.306613Z[0m [32m INFO[0m [1mnode[0m[1m{[0m[3mname[0m[2m=[0mk#addeef94..[1m}[0m[2m:[0m [2msui_core::checkpoints[0m[2m:[0m [2mcrates/sui-core/src/checkpoints/mod.rs[0m[2m:[0m[2m1326:[0m Creating checkpoint(s) for 2 transactions [3mnext_checkpoint_seq[0m[2m=[0m631 [3mcheckpoint_timestamp[0m[2m=[0m1742889409765
[2m2025-03-25T07:56:50.306870Z[0m [32m INFO[0m [1mnode[0m[1m{[0m[3mname[0m[2m=[0mk#99f25ef6..[1m}[0m[2m:[0m [2msui_core::checkpoints::checkpoint_output[0m[2m:[0m [2mcrates/sui-core/src/checkpoints/checkpoint_output.rs[0m[2m:[0m[2m196:[0m Certified checkpoint with sequence 630 and digest H2yaNke4hyXS38K8h2wy9oZPKmVjzpqSxZpuJaZUoBHf
[2m2025-03-25T07:56:50.306875Z[0m [32m INFO[0m [1mnode[0m[1m{[0m[3mname[0m[2m=[0mk#8dcff6d1..[1m}[0m[2m:[0m [2msui_core::checkpoints::checkpoint_output[0m[2m:[0m [2mcrates/sui-core/src/checkpoints/checkpoint_output.rs[0m[2m:[0m[2m196:[0m Certified checkpoint with sequence 630 and digest H2yaNke4hyXS38K8h2wy9oZPKmVjzpqSxZpuJaZUoBHf
[2m2025-03-25T07:56:50.306866Z[0m [32m INFO[0m [1mnode[0m[1m{[0m[3mname[0m[2m=[0mk#addeef94..[1m}[0m[2m:[0m [2msui_core::checkpoints::checkpoint_output[0m[2m:[0m [2mcrates/sui-core/src/checkpoints/checkpoint_output.rs[0m[2m:[0m[2m149:[0m Creating checkpoint CheckpointDigest(3p4pjJqfJxE4CRZ7oQtjTfnb6oS23xuG8duk8BztshgZ) at epoch 1, sequence 631, previous digest Some(CheckpointDigest(H2yaNke4hyXS38K8h2wy9oZPKmVjzpqSxZpuJaZUoBHf)), transactions count 2, content digest CheckpointContentsDigest(FYqn9MnQQK8YgQoyrDdHyWdWkesVX8rzm28jAQUnHkFY), end_of_epoch_data None
[2m2025-03-25T07:56:50.307346Z[0m [32m INFO[0m [1mnode[0m[1m{[0m[3mname[0m[2m=[0mk#99f25ef6..[1m}[0m[2m:[0m [2msui_core::checkpoints::checkpoint_executor[0m[2m:[0m [2mcrates/sui-core/src/checkpoints/checkpoint_executor/mod.rs[0m[2m:[0m[2m332:[0m Received checkpoint summary from state sync [3msequence_number[0m[2m=[0m630
[2m2025-03-25T07:56:50.307346Z[0m [32m INFO[0m [1mnode[0m[1m{[0m[3mname[0m[2m=[0mk#8dcff6d1..[1m}[0m[2m:[0m [2msui_core::checkpoints::checkpoint_executor[0m[2m:[0m [2mcrates/sui-core/src/checkpoints/checkpoint_executor/mod.rs[0m[2m:[0m[2m332:[0m Received checkpoint summary from state sync [3msequence_number[0m[2m=[0m630
[2m2025-03-25T07:56:50.308539Z[0m [32m INFO[0m [1mnode[0m[1m{[0m[3mname[0m[2m=[0mk#99f25ef6..[1m}[0m[2m:[0m [2msui_core::state_accumulator[0m[2m:[0m [2mcrates/sui-core/src/state_accumulator.rs[0m[2m:[0m[2m675:[0m accumulating running root for checkpoint 630
[2m2025-03-25T07:56:50.308548Z[0m [32m INFO[0m [1mnode[0m[1m{[0m[3mname[0m[2m=[0mk#8dcff6d1..[1m}[0m[2m:[0m [2msui_core::state_accumulator[0m[2m:[0m [2mcrates/sui-core/src/state_accumulator.rs[0m[2m:[0m[2m675:[0m accumulating running root for checkpoint 630
[2m2025-03-25T07:56:50.310762Z[0m [32m INFO[0m [1mnode[0m[1m{[0m[3mname[0m[2m=[0mk#addeef94..[1m}[0m[2m:[0m [2msui_core::checkpoints::checkpoint_executor[0m[2m:[0m [2mcrates/sui-core/src/checkpoints/checkpoint_executor/mod.rs[0m[2m:[0m[2m332:[0m Received checkpoint summary from state sync [3msequence_number[0m[2m=[0m630
[2m2025-03-25T07:56:50.311489Z[0m [32m INFO[0m [1mnode[0m[1m{[0m[3mname[0m[2m=[0mk#addeef94..[1m}[0m[2m:[0m [2msui_core::state_accumulator[0m[2m:[0m [2mcrates/sui-core/src/state_accumulator.rs[0m[2m:[0m[2m675:[0m accumulating running root for checkpoint 630
[2m2025-03-25T07:56:50.529557Z[0m [32m INFO[0m [1mnode[0m[1m{[0m[3mname[0m[2m=[0mk#99f25ef6..[1m}[0m[2m:[0m [2mconsensus_core::core[0m[2m:[0m [2mconsensus/core/src/core.rs[0m[2m:[0m[2m945:[0m Included 3 ancestors & excluded 0 ancestors for proposal in round 432
[2m2025-03-25T07:56:50.529938Z[0m [32m INFO[0m [1mnode[0m[1m{[0m[3mname[0m[2m=[0mk#8dcff6d1..[1m}[0m[2m:[0m [2mconsensus_core::core[0m[2m:[0m [2mconsensus/core/src/core.rs[0m[2m:[0m[2m945:[0m Included 3 ancestors & excluded 0 ancestors for proposal in round 432
[2m2025-03-25T07:56:50.529950Z[0m [32m INFO[0m [1mnode[0m[1m{[0m[3mname[0m[2m=[0mk#99f25ef6..[1m}[0m[2m:[0m [2mconsensus_core::core[0m[2m:[0m [2mconsensus/core/src/core.rs[0m[2m:[0m[2m531:[0m Created block B432(B,N1L1KxjDuiI1qXX5GGMPJlWMDsdYOybdK1pnFieZDus=)(1742889410529ms;[B431(B,+IqxzB4enIb8/DepHmYY3REfOE8A0eFUC/bgunUKGIU=), B431(A,8yugcPzDIiQ0lTwPM40+RrjaMc9T81Hdz+Y+96lGoBQ=), B431(C,VgsEyLvI2l11IgAJ6SEmLXSweVl9iN6npZ+ZeNWVP+s=)];1t;1c) for round 432
[2m2025-03-25T07:56:50.530254Z[0m [32m INFO[0m [1mnode[0m[1m{[0m[3mname[0m[2m=[0mk#8dcff6d1..[1m}[0m[2m:[0m [2mconsensus_core::core[0m[2m:[0m [2mconsensus/core/src/core.rs[0m[2m:[0m[2m531:[0m Created block B432(A,jcat0+q5fUe52MnOMAjb1Hn4/avS5P6gckDru1oBgHY=)(1742889410530ms;[B431(A,8yugcPzDIiQ0lTwPM40+RrjaMc9T81Hdz+Y+96lGoBQ=), B431(B,+IqxzB4enIb8/DepHmYY3REfOE8A0eFUC/bgunUKGIU=), B431(C,VgsEyLvI2l11IgAJ6SEmLXSweVl9iN6npZ+ZeNWVP+s=)];1t;1c) for round 432
[2m2025-03-25T07:56:50.533103Z[0m [32m INFO[0m [1mnode[0m[1m{[0m[3mname[0m[2m=[0mk#addeef94..[1m}[0m[2m:[0m [2mconsensus_core::core[0m[2m:[0m [2mconsensus/core/src/core.rs[0m[2m:[0m[2m945:[0m Included 3 ancestors & excluded 0 ancestors for proposal in round 432
[2m2025-03-25T07:56:50.533398Z[0m [32m INFO[0m [1mnode[0m[1m{[0m[3mname[0m[2m=[0mk#addeef94..[1m}[0m[2m:[0m [2mconsensus_core::core[0m[2m:[0m [2mconsensus/core/src/core.rs[0m[2m:[0m[2m531:[0m Created block B432(C,epODIyMOozjJSA44u1ATyWOm2BcEEzf4x3ydTfPEgcc=)(1742889410533ms;[B431(C,VgsEyLvI2l11IgAJ6SEmLXSweVl9iN6npZ+ZeNWVP+s=), B431(A,8yugcPzDIiQ0lTwPM40+RrjaMc9T81Hdz+Y+96lGoBQ=), B431(B,+IqxzB4enIb8/DepHmYY3REfOE8A0eFUC/bgunUKGIU=)];1t;1c) for round 432
[2m2025-03-25T07:56:50.533468Z[0m [32m INFO[0m [1mnode[0m[1m{[0m[3mname[0m[2m=[0mk#addeef94..[1m}[0m[2m:[0m [2mconsensus_core::core[0m[2m:[0m [2mconsensus/core/src/core.rs[0m[2m:[0m[2m630:[0m Committing 1 leaders: B430(C,0rXN)
[2m2025-03-25T07:56:50.533538Z[0m [32m INFO[0m [1mnode[0m[1m{[0m[3mname[0m[2m=[0mk#addeef94..[1m}[0m[2m:[0m [2mconsensus_core::commit_observer[0m[2m:[0m [2mconsensus/core/src/commit_observer.rs[0m[2m:[0m[2m173:[0m Consensus commit C419(hNu/) with leader B430(C,0rXN) has 3 blocks
[2m2025-03-25T07:56:50.533781Z[0m [32m INFO[0m [1mnode[0m[1m{[0m[3mname[0m[2m=[0mk#addeef94..[1m}[0m[2m:[0m [2msui_core::consensus_handler[0m[2m:[0m [2mcrates/sui-core/src/consensus_handler.rs[0m[2m:[0m[2m232:[0m Received consensus output [3mconsensus_commit[0m[2m=[0mCommittedSubDag(leader=B430(C,0rXN), ref=C419(hNu/), blocks=[MKYw, W2PN, 0rXN]) [3mepoch[0m[2m=[0m1
[2m2025-03-25T07:56:50.536896Z[0m [32m INFO[0m [1mnode[0m[1m{[0m[3mname[0m[2m=[0mk#99f25ef6..[1m}[0m[2m:[0m [2msui_core::checkpoints::checkpoint_output[0m[2m:[0m [2mcrates/sui-core/src/checkpoints/checkpoint_output.rs[0m[2m:[0m[2m196:[0m Certified checkpoint with sequence 631 and digest 3p4pjJqfJxE4CRZ7oQtjTfnb6oS23xuG8duk8BztshgZ
[2m2025-03-25T07:56:50.536902Z[0m [32m INFO[0m [1mnode[0m[1m{[0m[3mname[0m[2m=[0mk#8dcff6d1..[1m}[0m[2m:[0m [2msui_core::checkpoints::checkpoint_output[0m[2m:[0m [2mcrates/sui-core/src/checkpoints/checkpoint_output.rs[0m[2m:[0m[2m196:[0m Certified checkpoint with sequence 631 and digest 3p4pjJqfJxE4CRZ7oQtjTfnb6oS23xuG8duk8BztshgZ
[2m2025-03-25T07:56:50.537008Z[0m [32m INFO[0m [1mnode[0m[1m{[0m[3mname[0m[2m=[0mk#99f25ef6..[1m}[0m[2m:[0m [2mconsensus_core::core[0m[2m:[0m [2mconsensus/core/src/core.rs[0m[2m:[0m[2m630:[0m Committing 1 leaders: B430(C,0rXN)
[2m2025-03-25T07:56:50.537008Z[0m [32m INFO[0m [1mnode[0m[1m{[0m[3mname[0m[2m=[0mk#8dcff6d1..[1m}[0m[2m:[0m [2mconsensus_core::core[0m[2m:[0m [2mconsensus/core/src/core.rs[0m[2m:[0m[2m630:[0m Committing 1 leaders: B430(C,0rXN)
[2m2025-03-25T07:56:50.537109Z[0m [32m INFO[0m [1mnode[0m[1m{[0m[3mname[0m[2m=[0mk#8dcff6d1..[1m}[0m[2m:[0m [2mconsensus_core::commit_observer[0m[2m:[0m [2mconsensus/core/src/commit_observer.rs[0m[2m:[0m[2m173:[0m Consensus commit C419(hNu/) with leader B430(C,0rXN) has 3 blocks
[2m2025-03-25T07:56:50.537111Z[0m [32m INFO[0m [1mnode[0m[1m{[0m[3mname[0m[2m=[0mk#99f25ef6..[1m}[0m[2m:[0m [2mconsensus_core::commit_observer[0m[2m:[0m [2mconsensus/core/src/commit_observer.rs[0m[2m:[0m[2m173:[0m Consensus commit C419(hNu/) with leader B430(C,0rXN) has 3 blocks
[2m2025-03-25T07:56:50.537556Z[0m [32m INFO[0m [1mnode[0m[1m{[0m[3mname[0m[2m=[0mk#99f25ef6..[1m}[0m[2m:[0m [2msui_core::consensus_handler[0m[2m:[0m [2mcrates/sui-core/src/consensus_handler.rs[0m[2m:[0m[2m232:[0m Received consensus output [3mconsensus_commit[0m[2m=[0mCommittedSubDag(leader=B430(C,0rXN), ref=C419(hNu/), blocks=[MKYw, W2PN, 0rXN]) [3mepoch[0m[2m=[0m1
[2m2025-03-25T07:56:50.537556Z[0m [32m INFO[0m [1mnode[0m[1m{[0m[3mname[0m[2m=[0mk#8dcff6d1..[1m}[0m[2m:[0m [2msui_core::consensus_handler[0m[2m:[0m [2mcrates/sui-core/src/consensus_handler.rs[0m[2m:[0m[2m232:[0m Received consensus output [3mconsensus_commit[0m[2m=[0mCommittedSubDag(leader=B430(C,0rXN), ref=C419(hNu/), blocks=[MKYw, W2PN, 0rXN]) [3mepoch[0m[2m=[0m1
[2m2025-03-25T07:56:50.538179Z[0m [32m INFO[0m [1mnode[0m[1m{[0m[3mname[0m[2m=[0mk#8dcff6d1..[1m}[0m[2m:[0m [2msui_core::checkpoints::checkpoint_executor[0m[2m:[0m [2mcrates/sui-core/src/checkpoints/checkpoint_executor/mod.rs[0m[2m:[0m[2m332:[0m Received checkpoint summary from state sync [3msequence_number[0m[2m=[0m631
[2m2025-03-25T07:56:50.538180Z[0m [32m INFO[0m [1mnode[0m[1m{[0m[3mname[0m[2m=[0mk#99f25ef6..[1m}[0m[2m:[0m [2msui_core::checkpoints::checkpoint_executor[0m[2m:[0m [2mcrates/sui-core/src/checkpoints/checkpoint_executor/mod.rs[0m[2m:[0m[2m332:[0m Received checkpoint summary from state sync [3msequence_number[0m[2m=[0m631
[2m2025-03-25T07:56:50.551750Z[0m [32m INFO[0m [1mnode[0m[1m{[0m[3mname[0m[2m=[0mk#8dcff6d1..[1m}[0m[2m:[0m [2msui_core::state_accumulator[0m[2m:[0m [2mcrates/sui-core/src/state_accumulator.rs[0m[2m:[0m[2m675:[0m accumulating running root for checkpoint 631
[2m2025-03-25T07:56:50.551750Z[0m [32m INFO[0m [1mnode[0m[1m{[0m[3mname[0m[2m=[0mk#99f25ef6..[1m}[0m[2m:[0m [2msui_core::state_accumulator[0m[2m:[0m [2mcrates/sui-core/src/state_accumulator.rs[0m[2m:[0m[2m675:[0m accumulating running root for checkpoint 631
[2m2025-03-25T07:56:50.578170Z[0m [32m INFO[0m [1mnode[0m[1m{[0m[3mname[0m[2m=[0mk#addeef94..[1m}[0m[2m:[0m [2msui_core::checkpoints[0m[2m:[0m [2mcrates/sui-core/src/checkpoints/mod.rs[0m[2m:[0m[2m1326:[0m Creating checkpoint(s) for 1 transactions [3mnext_checkpoint_seq[0m[2m=[0m632 [3mcheckpoint_timestamp[0m[2m=[0m1742889410020
[2m2025-03-25T07:56:50.578404Z[0m [32m INFO[0m [1mnode[0m[1m{[0m[3mname[0m[2m=[0mk#addeef94..[1m}[0m[2m:[0m [2msui_core::checkpoints::checkpoint_output[0m[2m:[0m [2mcrates/sui-core/src/checkpoints/checkpoint_output.rs[0m[2m:[0m[2m149:[0m Creating checkpoint CheckpointDigest(8xSC6ftWaZFNfuw27AKro24Hzux8ZwyE4j5ReA17FuM7) at epoch 1, sequence 632, previous digest Some(CheckpointDigest(3p4pjJqfJxE4CRZ7oQtjTfnb6oS23xuG8duk8BztshgZ)), transactions count 1, content digest CheckpointContentsDigest(HcrabwqKrXYLnFDDPqMAoTsSaYuCitVK33bQUFiUGqnr), end_of_epoch_data None
[2m2025-03-25T07:56:50.582614Z[0m [32m INFO[0m [1mnode[0m[1m{[0m[3mname[0m[2m=[0mk#99f25ef6..[1m}[0m[2m:[0m [2msui_core::checkpoints[0m[2m:[0m [2mcrates/sui-core/src/checkpoints/mod.rs[0m[2m:[0m[2m1326:[0m Creating checkpoint(s) for 1 transactions [3mnext_checkpoint_seq[0m[2m=[0m632 [3mcheckpoint_timestamp[0m[2m=[0m1742889410020
[2m2025-03-25T07:56:50.582619Z[0m [32m INFO[0m [1mnode[0m[1m{[0m[3mname[0m[2m=[0mk#8dcff6d1..[1m}[0m[2m:[0m [2msui_core::checkpoints[0m[2m:[0m [2mcrates/sui-core/src/checkpoints/mod.rs[0m[2m:[0m[2m1326:[0m Creating checkpoint(s) for 1 transactions [3mnext_checkpoint_seq[0m[2m=[0m632 [3mcheckpoint_timestamp[0m[2m=[0m1742889410020
[2m2025-03-25T07:56:50.582794Z[0m [32m INFO[0m [1mnode[0m[1m{[0m[3mname[0m[2m=[0mk#99f25ef6..[1m}[0m[2m:[0m [2msui_core::checkpoints::checkpoint_output[0m[2m:[0m [2mcrates/sui-core/src/checkpoints/checkpoint_output.rs[0m[2m:[0m[2m149:[0m Creating checkpoint CheckpointDigest(8xSC6ftWaZFNfuw27AKro24Hzux8ZwyE4j5ReA17FuM7) at epoch 1, sequence 632, previous digest Some(CheckpointDigest(3p4pjJqfJxE4CRZ7oQtjTfnb6oS23xuG8duk8BztshgZ)), transactions count 1, content digest CheckpointContentsDigest(HcrabwqKrXYLnFDDPqMAoTsSaYuCitVK33bQUFiUGqnr), end_of_epoch_data None
[2m2025-03-25T07:56:50.582795Z[0m [32m INFO[0m [1mnode[0m[1m{[0m[3mname[0m[2m=[0mk#8dcff6d1..[1m}[0m[2m:[0m [2msui_core::checkpoints::checkpoint_output[0m[2m:[0m [2mcrates/sui-core/src/checkpoints/checkpoint_output.rs[0m[2m:[0m[2m149:[0m Creating checkpoint CheckpointDigest(8xSC6ftWaZFNfuw27AKro24Hzux8ZwyE4j5ReA17FuM7) at epoch 1, sequence 632, previous digest Some(CheckpointDigest(3p4pjJqfJxE4CRZ7oQtjTfnb6oS23xuG8duk8BztshgZ)), transactions count 1, content digest CheckpointContentsDigest(HcrabwqKrXYLnFDDPqMAoTsSaYuCitVK33bQUFiUGqnr), end_of_epoch_data None
[2m2025-03-25T07:56:50.644739Z[0m [32m INFO[0m [1mnode[0m[1m{[0m[3mname[0m[2m=[0mk#addeef94..[1m}[0m[2m:[0m [2msui_core::checkpoints::checkpoint_executor[0m[2m:[0m [2mcrates/sui-core/src/checkpoints/checkpoint_executor/mod.rs[0m[2m:[0m[2m332:[0m Received checkpoint summary from state sync [3msequence_number[0m[2m=[0m631
[2m2025-03-25T07:56:50.646148Z[0m [32m INFO[0m [1mnode[0m[1m{[0m[3mname[0m[2m=[0mk#addeef94..[1m}[0m[2m:[0m [2msui_core::state_accumulator[0m[2m:[0m [2mcrates/sui-core/src/state_accumulator.rs[0m[2m:[0m[2m675:[0m accumulating running root for checkpoint 631
[2m2025-03-25T07:56:50.787509Z[0m [32m INFO[0m [1mnode[0m[1m{[0m[3mname[0m[2m=[0mk#addeef94..[1m}[0m[2m:[0m [2mconsensus_core::core[0m[2m:[0m [2mconsensus/core/src/core.rs[0m[2m:[0m[2m945:[0m Included 3 ancestors & excluded 0 ancestors for proposal in round 433
[2m2025-03-25T07:56:50.787904Z[0m [32m INFO[0m [1mnode[0m[1m{[0m[3mname[0m[2m=[0mk#addeef94..[1m}[0m[2m:[0m [2mconsensus_core::core[0m[2m:[0m [2mconsensus/core/src/core.rs[0m[2m:[0m[2m531:[0m Created block B433(C,48Z9wgdaMf3LKpLne/4YcnJmf93U1kZuPXGJIxY59/4=)(1742889410787ms;[B432(C,epODIyMOozjJSA44u1ATyWOm2BcEEzf4x3ydTfPEgcc=), B432(A,jcat0+q5fUe52MnOMAjb1Hn4/avS5P6gckDru1oBgHY=), B432(B,N1L1KxjDuiI1qXX5GGMPJlWMDsdYOybdK1pnFieZDus=)];1t;1c) for round 433
[2m2025-03-25T07:56:50.789583Z[0m [32m INFO[0m [1mnode[0m[1m{[0m[3mname[0m[2m=[0mk#99f25ef6..[1m}[0m[2m:[0m [2mconsensus_core::core[0m[2m:[0m [2mconsensus/core/src/core.rs[0m[2m:[0m[2m945:[0m Included 3 ancestors & excluded 0 ancestors for proposal in round 433
[2m2025-03-25T07:56:50.789851Z[0m [32m INFO[0m [1mnode[0m[1m{[0m[3mname[0m[2m=[0mk#99f25ef6..[1m}[0m[2m:[0m [2mconsensus_core::core[0m[2m:[0m [2mconsensus/core/src/core.rs[0m[2m:[0m[2m531:[0m Created block B433(B,v4hnZzPPpQ5XUf8n0vwi16yzJQyCl+XPJry6fL342a4=)(1742889410789ms;[B432(B,N1L1KxjDuiI1qXX5GGMPJlWMDsdYOybdK1pnFieZDus=), B432(A,jcat0+q5fUe52MnOMAjb1Hn4/avS5P6gckDru1oBgHY=), B432(C,epODIyMOozjJSA44u1ATyWOm2BcEEzf4x3ydTfPEgcc=)];1t;1c) for round 433
[2m2025-03-25T07:56:50.789855Z[0m [32m INFO[0m [1mnode[0m[1m{[0m[3mname[0m[2m=[0mk#8dcff6d1..[1m}[0m[2m:[0m [2mconsensus_core::core[0m[2m:[0m [2mconsensus/core/src/core.rs[0m[2m:[0m[2m945:[0m Included 3 ancestors & excluded 0 ancestors for proposal in round 433
[2m2025-03-25T07:56:50.789987Z[0m [32m INFO[0m [1mnode[0m[1m{[0m[3mname[0m[2m=[0mk#99f25ef6..[1m}[0m[2m:[0m [2mconsensus_core::core[0m[2m:[0m [2mconsensus/core/src/core.rs[0m[2m:[0m[2m630:[0m Committing 1 leaders: B431(A,8yug)
[2m2025-03-25T07:56:50.790074Z[0m [32m INFO[0m [1mnode[0m[1m{[0m[3mname[0m[2m=[0mk#99f25ef6..[1m}[0m[2m:[0m [2mconsensus_core::commit_observer[0m[2m:[0m [2mconsensus/core/src/commit_observer.rs[0m[2m:[0m[2m173:[0m Consensus commit C420(mEva) with leader B431(A,8yug) has 3 blocks
[2m2025-03-25T07:56:50.790139Z[0m [32m INFO[0m [1mnode[0m[1m{[0m[3mname[0m[2m=[0mk#8dcff6d1..[1m}[0m[2m:[0m [2mconsensus_core::core[0m[2m:[0m [2mconsensus/core/src/core.rs[0m[2m:[0m[2m531:[0m Created block B433(A,p0dHf43zj0PndPVXknXdjLIB1j3sxOkZ9EW2LRO9ChM=)(1742889410790ms;[B432(A,jcat0+q5fUe52MnOMAjb1Hn4/avS5P6gckDru1oBgHY=), B432(B,N1L1KxjDuiI1qXX5GGMPJlWMDsdYOybdK1pnFieZDus=), B432(C,epODIyMOozjJSA44u1ATyWOm2BcEEzf4x3ydTfPEgcc=)];1t;1c) for round 433
[2m2025-03-25T07:56:50.790202Z[0m [32m INFO[0m [1mnode[0m[1m{[0m[3mname[0m[2m=[0mk#8dcff6d1..[1m}[0m[2m:[0m [2mconsensus_core::core[0m[2m:[0m [2mconsensus/core/src/core.rs[0m[2m:[0m[2m630:[0m Committing 1 leaders: B431(A,8yug)
[2m2025-03-25T07:56:50.790266Z[0m [32m INFO[0m [1mnode[0m[1m{[0m[3mname[0m[2m=[0mk#8dcff6d1..[1m}[0m[2m:[0m [2mconsensus_core::commit_observer[0m[2m:[0m [2mconsensus/core/src/commit_observer.rs[0m[2m:[0m[2m173:[0m Consensus commit C420(mEva) with leader B431(A,8yug) has 3 blocks
[2m2025-03-25T07:56:50.790301Z[0m [32m INFO[0m [1mnode[0m[1m{[0m[3mname[0m[2m=[0mk#99f25ef6..[1m}[0m[2m:[0m [2msui_core::consensus_handler[0m[2m:[0m [2mcrates/sui-core/src/consensus_handler.rs[0m[2m:[0m[2m232:[0m Received consensus output [3mconsensus_commit[0m[2m=[0mCommittedSubDag(leader=B431(A,8yug), ref=C420(mEva), blocks=[5De1, esOh, 8yug]) [3mepoch[0m[2m=[0m1
[2m2025-03-25T07:56:50.790341Z[0m [32m INFO[0m [1mnode[0m[1m{[0m[3mname[0m[2m=[0mk#8dcff6d1..[1m}[0m[2m:[0m [2msui_core::consensus_handler[0m[2m:[0m [2mcrates/sui-core/src/consensus_handler.rs[0m[2m:[0m[2m232:[0m Received consensus output [3mconsensus_commit[0m[2m=[0mCommittedSubDag(leader=B431(A,8yug), ref=C420(mEva), blocks=[5De1, esOh, 8yug]) [3mepoch[0m[2m=[0m1
[2m2025-03-25T07:56:50.792649Z[0m [32m INFO[0m [1mnode[0m[1m{[0m[3mname[0m[2m=[0mk#addeef94..[1m}[0m[2m:[0m [2mconsensus_core::core[0m[2m:[0m [2mconsensus/core/src/core.rs[0m[2m:[0m[2m630:[0m Committing 1 leaders: B431(A,8yug)
[2m2025-03-25T07:56:50.792744Z[0m [32m INFO[0m [1mnode[0m[1m{[0m[3mname[0m[2m=[0mk#addeef94..[1m}[0m[2m:[0m [2mconsensus_core::commit_observer[0m[2m:[0m [2mconsensus/core/src/commit_observer.rs[0m[2m:[0m[2m173:[0m Consensus commit C420(mEva) with leader B431(A,8yug) has 3 blocks
[2m2025-03-25T07:56:50.792821Z[0m [32m INFO[0m [1mnode[0m[1m{[0m[3mname[0m[2m=[0mk#addeef94..[1m}[0m[2m:[0m [2msui_core::consensus_handler[0m[2m:[0m [2mcrates/sui-core/src/consensus_handler.rs[0m[2m:[0m[2m232:[0m Received consensus output [3mconsensus_commit[0m[2m=[0mCommittedSubDag(leader=B431(A,8yug), ref=C420(mEva), blocks=[5De1, esOh, 8yug]) [3mepoch[0m[2m=[0m1
[2m2025-03-25T07:56:50.816905Z[0m [32m INFO[0m [1mnode[0m[1m{[0m[3mname[0m[2m=[0mk#99f25ef6..[1m}[0m[2m:[0m [2msui_core::checkpoints[0m[2m:[0m [2mcrates/sui-core/src/checkpoints/mod.rs[0m[2m:[0m[2m1326:[0m Creating checkpoint(s) for 2 transactions [3mnext_checkpoint_seq[0m[2m=[0m633 [3mcheckpoint_timestamp[0m[2m=[0m1742889410276
[2m2025-03-25T07:56:50.816904Z[0m [32m INFO[0m [1mnode[0m[1m{[0m[3mname[0m[2m=[0mk#8dcff6d1..[1m}[0m[2m:[0m [2msui_core::checkpoints[0m[2m:[0m [2mcrates/sui-core/src/checkpoints/mod.rs[0m[2m:[0m[2m1326:[0m Creating checkpoint(s) for 2 transactions [3mnext_checkpoint_seq[0m[2m=[0m633 [3mcheckpoint_timestamp[0m[2m=[0m1742889410276
[2m2025-03-25T07:56:50.817212Z[0m [32m INFO[0m [1mnode[0m[1m{[0m[3mname[0m[2m=[0mk#8dcff6d1..[1m}[0m[2m:[0m [2msui_core::checkpoints::checkpoint_output[0m[2m:[0m [2mcrates/sui-core/src/checkpoints/checkpoint_output.rs[0m[2m:[0m[2m149:[0m Creating checkpoint CheckpointDigest(69QL9NYNmPpuqatwc7bJpYZAfeMa7rXq5WGFcN6n7BZ8) at epoch 1, sequence 633, previous digest Some(CheckpointDigest(8xSC6ftWaZFNfuw27AKro24Hzux8ZwyE4j5ReA17FuM7)), transactions count 2, content digest CheckpointContentsDigest(DTEn4qm2tB9oNkrq3g5g48Qo3CgSztci92GRPNH1LYmo), end_of_epoch_data None
[2m2025-03-25T07:56:50.817212Z[0m [32m INFO[0m [1mnode[0m[1m{[0m[3mname[0m[2m=[0mk#99f25ef6..[1m}[0m[2m:[0m [2msui_core::checkpoints::checkpoint_output[0m[2m:[0m [2mcrates/sui-core/src/checkpoints/checkpoint_output.rs[0m[2m:[0m[2m149:[0m Creating checkpoint CheckpointDigest(69QL9NYNmPpuqatwc7bJpYZAfeMa7rXq5WGFcN6n7BZ8) at epoch 1, sequence 633, previous digest Some(CheckpointDigest(8xSC6ftWaZFNfuw27AKro24Hzux8ZwyE4j5ReA17FuM7)), transactions count 2, content digest CheckpointContentsDigest(DTEn4qm2tB9oNkrq3g5g48Qo3CgSztci92GRPNH1LYmo), end_of_epoch_data None
[2m2025-03-25T07:56:50.818706Z[0m [32m INFO[0m [1mnode[0m[1m{[0m[3mname[0m[2m=[0mk#addeef94..[1m}[0m[2m:[0m [2msui_core::checkpoints[0m[2m:[0m [2mcrates/sui-core/src/checkpoints/mod.rs[0m[2m:[0m[2m1326:[0m Creating checkpoint(s) for 2 transactions [3mnext_checkpoint_seq[0m[2m=[0m633 [3mcheckpoint_timestamp[0m[2m=[0m1742889410276
[2m2025-03-25T07:56:50.818957Z[0m [32m INFO[0m [1mnode[0m[1m{[0m[3mname[0m[2m=[0mk#addeef94..[1m}[0m[2m:[0m [2msui_core::checkpoints::checkpoint_output[0m[2m:[0m [2mcrates/sui-core/src/checkpoints/checkpoint_output.rs[0m[2m:[0m[2m149:[0m Creating checkpoint CheckpointDigest(69QL9NYNmPpuqatwc7bJpYZAfeMa7rXq5WGFcN6n7BZ8) at epoch 1, sequence 633, previous digest Some(CheckpointDigest(8xSC6ftWaZFNfuw27AKro24Hzux8ZwyE4j5ReA17FuM7)), transactions count 2, content digest CheckpointContentsDigest(DTEn4qm2tB9oNkrq3g5g48Qo3CgSztci92GRPNH1LYmo), end_of_epoch_data None
[2m2025-03-25T07:56:50.820311Z[0m [32m INFO[0m [1mnode[0m[1m{[0m[3mname[0m[2m=[0mk#99f25ef6..[1m}[0m[2m:[0m [2msui_core::checkpoints::checkpoint_output[0m[2m:[0m [2mcrates/sui-core/src/checkpoints/checkpoint_output.rs[0m[2m:[0m[2m196:[0m Certified checkpoint with sequence 632 and digest 8xSC6ftWaZFNfuw27AKro24Hzux8ZwyE4j5ReA17FuM7
[2m2025-03-25T07:56:50.820315Z[0m [32m INFO[0m [1mnode[0m[1m{[0m[3mname[0m[2m=[0mk#8dcff6d1..[1m}[0m[2m:[0m [2msui_core::checkpoints::checkpoint_output[0m[2m:[0m [2mcrates/sui-core/src/checkpoints/checkpoint_output.rs[0m[2m:[0m[2m196:[0m Certified checkpoint with sequence 632 and digest 8xSC6ftWaZFNfuw27AKro24Hzux8ZwyE4j5ReA17FuM7
[2m2025-03-25T07:56:50.820764Z[0m [32m INFO[0m [1mnode[0m[1m{[0m[3mname[0m[2m=[0mk#8dcff6d1..[1m}[0m[2m:[0m [2msui_core::checkpoints::checkpoint_executor[0m[2m:[0m [2mcrates/sui-core/src/checkpoints/checkpoint_executor/mod.rs[0m[2m:[0m[2m332:[0m Received checkpoint summary from state sync [3msequence_number[0m[2m=[0m632
[2m2025-03-25T07:56:50.820764Z[0m [32m INFO[0m [1mnode[0m[1m{[0m[3mname[0m[2m=[0mk#99f25ef6..[1m}[0m[2m:[0m [2msui_core::checkpoints::checkpoint_executor[0m[2m:[0m [2mcrates/sui-core/src/checkpoints/checkpoint_executor/mod.rs[0m[2m:[0m[2m332:[0m Received checkpoint summary from state sync [3msequence_number[0m[2m=[0m632
[2m2025-03-25T07:56:50.821931Z[0m [32m INFO[0m [1mnode[0m[1m{[0m[3mname[0m[2m=[0mk#99f25ef6..[1m}[0m[2m:[0m [2msui_core::state_accumulator[0m[2m:[0m [2mcrates/sui-core/src/state_accumulator.rs[0m[2m:[0m[2m675:[0m accumulating running root for checkpoint 632
[2m2025-03-25T07:56:50.821934Z[0m [32m INFO[0m [1mnode[0m[1m{[0m[3mname[0m[2m=[0mk#8dcff6d1..[1m}[0m[2m:[0m [2msui_core::state_accumulator[0m[2m:[0m [2mcrates/sui-core/src/state_accumulator.rs[0m[2m:[0m[2m675:[0m accumulating running root for checkpoint 632
[2m2025-03-25T07:56:50.824135Z[0m [32m INFO[0m [1mnode[0m[1m{[0m[3mname[0m[2m=[0mk#addeef94..[1m}[0m[2m:[0m [2msui_core::checkpoints::checkpoint_executor[0m[2m:[0m [2mcrates/sui-core/src/checkpoints/checkpoint_executor/mod.rs[0m[2m:[0m[2m332:[0m Received checkpoint summary from state sync [3msequence_number[0m[2m=[0m632
[2m2025-03-25T07:56:50.824861Z[0m [32m INFO[0m [1mnode[0m[1m{[0m[3mname[0m[2m=[0mk#addeef94..[1m}[0m[2m:[0m [2msui_core::state_accumulator[0m[2m:[0m [2mcrates/sui-core/src/state_accumulator.rs[0m[2m:[0m[2m675:[0m accumulating running root for checkpoint 632
[2m2025-03-25T07:56:50.967912Z[0m [32m INFO[0m [1mnode[0m[1m{[0m[3mname[0m[2m=[0mk#b3f3cbb4..[1m}[0m[2m:[0m[1mjson-rpc-request[0m[2m:[0m[1mdev_inspect_transaction_block[0m[1m{[0m[3msender_address[0m[2m=[0m0x0000000000000000000000000000000000000000000000000000000000000000 [3mtx_bytes[0m[2m=[0mBase64("AAMBAQAAAAAAAAAAAAAAAAAAAAAAAAAAAAAAAAAAAAAAAAAJAQAAAAAAAAABAAECAAgAAAAAAAAAAAEAAAAAAAAAAAAAAAAAAAAAAAAAAAAAAAAAAAAAAAAAAAsGYnJpZGdlIGdldF90b2tlbl90cmFuc2Zlcl9hY3Rpb25fc3RhdHVzAAMBAAABAQABAgA=") [3mgas_price[0m[2m=[0mNone [3m_epoch[0m[2m=[0mNone [3madditional_args[0m[2m=[0mNone[1m}[0m[2m:[0m [2msui_json_rpc::transaction_execution_api[0m[2m:[0m [2mcrates/sui-json-rpc/src/transaction_execution_api.rs[0m[2m:[0m[2m351:[0m RPC took longer than threshold to complete. [3melapsed[0m[2m=[0m1.534918708s
[2m2025-03-25T07:56:50.968784Z[0m [32m INFO[0m [2msui_bridge::e2e_tests::test_utils[0m[2m:[0m [2mcrates/sui-bridge/src/e2e_tests/test_utils.rs[0m[2m:[0m[2m1452:[0m get_token_transfer_action_onchain_status_until_success took 2.2536715s, status: Pending
[2m2025-03-25T07:56:50.972234Z[0m [32m INFO[0m [1mnode[0m[1m{[0m[3mname[0m[2m=[0mk#b3f3cbb4..[1m}[0m[2m:[0m [2msui_core::state_accumulator[0m[2m:[0m [2mcrates/sui-core/src/state_accumulator.rs[0m[2m:[0m[2m675:[0m accumulating running root for checkpoint 556
[2m2025-03-25T07:56:51.042556Z[0m [32m INFO[0m [1mnode[0m[1m{[0m[3mname[0m[2m=[0mk#99f25ef6..[1m}[0m[2m:[0m [2mconsensus_core::core[0m[2m:[0m [2mconsensus/core/src/core.rs[0m[2m:[0m[2m945:[0m Included 3 ancestors & excluded 0 ancestors for proposal in round 434
[2m2025-03-25T07:56:51.042922Z[0m [32m INFO[0m [1mnode[0m[1m{[0m[3mname[0m[2m=[0mk#99f25ef6..[1m}[0m[2m:[0m [2mconsensus_core::core[0m[2m:[0m [2mconsensus/core/src/core.rs[0m[2m:[0m[2m531:[0m Created block B434(B,Iu2EczfZIuqchDwa8yDmiTyZ51RuUO0H+os0811sggI=)(1742889411042ms;[B433(B,v4hnZzPPpQ5XUf8n0vwi16yzJQyCl+XPJry6fL342a4=), B433(A,p0dHf43zj0PndPVXknXdjLIB1j3sxOkZ9EW2LRO9ChM=), B433(C,48Z9wgdaMf3LKpLne/4YcnJmf93U1kZuPXGJIxY59/4=)];1t;1c) for round 434
[2m2025-03-25T07:56:51.043149Z[0m [32m INFO[0m [1mnode[0m[1m{[0m[3mname[0m[2m=[0mk#8dcff6d1..[1m}[0m[2m:[0m [2mconsensus_core::core[0m[2m:[0m [2mconsensus/core/src/core.rs[0m[2m:[0m[2m945:[0m Included 3 ancestors & excluded 0 ancestors for proposal in round 434
[2m2025-03-25T07:56:51.043454Z[0m [32m INFO[0m [1mnode[0m[1m{[0m[3mname[0m[2m=[0mk#8dcff6d1..[1m}[0m[2m:[0m [2mconsensus_core::core[0m[2m:[0m [2mconsensus/core/src/core.rs[0m[2m:[0m[2m531:[0m Created block B434(A,fAvCgizLJgn3iJxtlVocqNjr/+wbLNsaS1LUyYdEEac=)(1742889411043ms;[B433(A,p0dHf43zj0PndPVXknXdjLIB1j3sxOkZ9EW2LRO9ChM=), B433(B,v4hnZzPPpQ5XUf8n0vwi16yzJQyCl+XPJry6fL342a4=), B433(C,48Z9wgdaMf3LKpLne/4YcnJmf93U1kZuPXGJIxY59/4=)];1t;1c) for round 434
[2m2025-03-25T07:56:51.046104Z[0m [32m INFO[0m [1mnode[0m[1m{[0m[3mname[0m[2m=[0mk#addeef94..[1m}[0m[2m:[0m [2mconsensus_core::core[0m[2m:[0m [2mconsensus/core/src/core.rs[0m[2m:[0m[2m945:[0m Included 3 ancestors & excluded 0 ancestors for proposal in round 434
[2m2025-03-25T07:56:51.046394Z[0m [32m INFO[0m [1mnode[0m[1m{[0m[3mname[0m[2m=[0mk#addeef94..[1m}[0m[2m:[0m [2mconsensus_core::core[0m[2m:[0m [2mconsensus/core/src/core.rs[0m[2m:[0m[2m531:[0m Created block B434(C,AtRG1kj9Gm4I6h1NWv3Ni2X1A+WSwM7mpL6y9jIkyCY=)(1742889411046ms;[B433(C,48Z9wgdaMf3LKpLne/4YcnJmf93U1kZuPXGJIxY59/4=), B433(A,p0dHf43zj0PndPVXknXdjLIB1j3sxOkZ9EW2LRO9ChM=), B433(B,v4hnZzPPpQ5XUf8n0vwi16yzJQyCl+XPJry6fL342a4=)];1t;1c) for round 434
[2m2025-03-25T07:56:51.046462Z[0m [32m INFO[0m [1mnode[0m[1m{[0m[3mname[0m[2m=[0mk#addeef94..[1m}[0m[2m:[0m [2mconsensus_core::core[0m[2m:[0m [2mconsensus/core/src/core.rs[0m[2m:[0m[2m630:[0m Committing 1 leaders: B432(B,N1L1)
[2m2025-03-25T07:56:51.046532Z[0m [32m INFO[0m [1mnode[0m[1m{[0m[3mname[0m[2m=[0mk#addeef94..[1m}[0m[2m:[0m [2mconsensus_core::commit_observer[0m[2m:[0m [2mconsensus/core/src/commit_observer.rs[0m[2m:[0m[2m173:[0m Consensus commit C421(GMGK) with leader B432(B,N1L1) has 3 blocks
[2m2025-03-25T07:56:51.046774Z[0m [32m INFO[0m [1mnode[0m[1m{[0m[3mname[0m[2m=[0mk#addeef94..[1m}[0m[2m:[0m [2msui_core::consensus_handler[0m[2m:[0m [2mcrates/sui-core/src/consensus_handler.rs[0m[2m:[0m[2m232:[0m Received consensus output [3mconsensus_commit[0m[2m=[0mCommittedSubDag(leader=B432(B,N1L1), ref=C421(GMGK), blocks=[+Iqx, VgsE, N1L1]) [3mepoch[0m[2m=[0m1
[2m2025-03-25T07:56:51.049851Z[0m [32m INFO[0m [1mnode[0m[1m{[0m[3mname[0m[2m=[0mk#8dcff6d1..[1m}[0m[2m:[0m [2msui_core::checkpoints::checkpoint_output[0m[2m:[0m [2mcrates/sui-core/src/checkpoints/checkpoint_output.rs[0m[2m:[0m[2m196:[0m Certified checkpoint with sequence 633 and digest 69QL9NYNmPpuqatwc7bJpYZAfeMa7rXq5WGFcN6n7BZ8
[2m2025-03-25T07:56:51.049856Z[0m [32m INFO[0m [1mnode[0m[1m{[0m[3mname[0m[2m=[0mk#99f25ef6..[1m}[0m[2m:[0m [2msui_core::checkpoints::checkpoint_output[0m[2m:[0m [2mcrates/sui-core/src/checkpoints/checkpoint_output.rs[0m[2m:[0m[2m196:[0m Certified checkpoint with sequence 633 and digest 69QL9NYNmPpuqatwc7bJpYZAfeMa7rXq5WGFcN6n7BZ8
[2m2025-03-25T07:56:51.049962Z[0m [32m INFO[0m [1mnode[0m[1m{[0m[3mname[0m[2m=[0mk#8dcff6d1..[1m}[0m[2m:[0m [2mconsensus_core::core[0m[2m:[0m [2mconsensus/core/src/core.rs[0m[2m:[0m[2m630:[0m Committing 1 leaders: B432(B,N1L1)
[2m2025-03-25T07:56:51.049964Z[0m [32m INFO[0m [1mnode[0m[1m{[0m[3mname[0m[2m=[0mk#99f25ef6..[1m}[0m[2m:[0m [2mconsensus_core::core[0m[2m:[0m [2mconsensus/core/src/core.rs[0m[2m:[0m[2m630:[0m Committing 1 leaders: B432(B,N1L1)
[2m2025-03-25T07:56:51.050065Z[0m [32m INFO[0m [1mnode[0m[1m{[0m[3mname[0m[2m=[0mk#8dcff6d1..[1m}[0m[2m:[0m [2mconsensus_core::commit_observer[0m[2m:[0m [2mconsensus/core/src/commit_observer.rs[0m[2m:[0m[2m173:[0m Consensus commit C421(GMGK) with leader B432(B,N1L1) has 3 blocks
[2m2025-03-25T07:56:51.050076Z[0m [32m INFO[0m [1mnode[0m[1m{[0m[3mname[0m[2m=[0mk#99f25ef6..[1m}[0m[2m:[0m [2mconsensus_core::commit_observer[0m[2m:[0m [2mconsensus/core/src/commit_observer.rs[0m[2m:[0m[2m173:[0m Consensus commit C421(GMGK) with leader B432(B,N1L1) has 3 blocks
[2m2025-03-25T07:56:51.050511Z[0m [32m INFO[0m [1mnode[0m[1m{[0m[3mname[0m[2m=[0mk#8dcff6d1..[1m}[0m[2m:[0m [2msui_core::consensus_handler[0m[2m:[0m [2mcrates/sui-core/src/consensus_handler.rs[0m[2m:[0m[2m232:[0m Received consensus output [3mconsensus_commit[0m[2m=[0mCommittedSubDag(leader=B432(B,N1L1), ref=C421(GMGK), blocks=[+Iqx, VgsE, N1L1]) [3mepoch[0m[2m=[0m1
[2m2025-03-25T07:56:51.050511Z[0m [32m INFO[0m [1mnode[0m[1m{[0m[3mname[0m[2m=[0mk#99f25ef6..[1m}[0m[2m:[0m [2msui_core::consensus_handler[0m[2m:[0m [2mcrates/sui-core/src/consensus_handler.rs[0m[2m:[0m[2m232:[0m Received consensus output [3mconsensus_commit[0m[2m=[0mCommittedSubDag(leader=B432(B,N1L1), ref=C421(GMGK), blocks=[+Iqx, VgsE, N1L1]) [3mepoch[0m[2m=[0m1
[2m2025-03-25T07:56:51.051151Z[0m [32m INFO[0m [1mnode[0m[1m{[0m[3mname[0m[2m=[0mk#8dcff6d1..[1m}[0m[2m:[0m [2msui_core::checkpoints::checkpoint_executor[0m[2m:[0m [2mcrates/sui-core/src/checkpoints/checkpoint_executor/mod.rs[0m[2m:[0m[2m332:[0m Received checkpoint summary from state sync [3msequence_number[0m[2m=[0m633
[2m2025-03-25T07:56:51.051151Z[0m [32m INFO[0m [1mnode[0m[1m{[0m[3mname[0m[2m=[0mk#99f25ef6..[1m}[0m[2m:[0m [2msui_core::checkpoints::checkpoint_executor[0m[2m:[0m [2mcrates/sui-core/src/checkpoints/checkpoint_executor/mod.rs[0m[2m:[0m[2m332:[0m Received checkpoint summary from state sync [3msequence_number[0m[2m=[0m633
[2m2025-03-25T07:56:51.057454Z[0m [32m INFO[0m [1mnode[0m[1m{[0m[3mname[0m[2m=[0mk#b3f3cbb4..[1m}[0m[2m:[0m [2msui_core::state_accumulator[0m[2m:[0m [2mcrates/sui-core/src/state_accumulator.rs[0m[2m:[0m[2m675:[0m accumulating running root for checkpoint 557
[2m2025-03-25T07:56:51.064538Z[0m [32m INFO[0m [1mnode[0m[1m{[0m[3mname[0m[2m=[0mk#8dcff6d1..[1m}[0m[2m:[0m [2msui_core::state_accumulator[0m[2m:[0m [2mcrates/sui-core/src/state_accumulator.rs[0m[2m:[0m[2m675:[0m accumulating running root for checkpoint 633
[2m2025-03-25T07:56:51.064550Z[0m [32m INFO[0m [1mnode[0m[1m{[0m[3mname[0m[2m=[0mk#99f25ef6..[1m}[0m[2m:[0m [2msui_core::state_accumulator[0m[2m:[0m [2mcrates/sui-core/src/state_accumulator.rs[0m[2m:[0m[2m675:[0m accumulating running root for checkpoint 633
[2m2025-03-25T07:56:51.091854Z[0m [32m INFO[0m [1mnode[0m[1m{[0m[3mname[0m[2m=[0mk#addeef94..[1m}[0m[2m:[0m [2msui_core::checkpoints[0m[2m:[0m [2mcrates/sui-core/src/checkpoints/mod.rs[0m[2m:[0m[2m1326:[0m Creating checkpoint(s) for 1 transactions [3mnext_checkpoint_seq[0m[2m=[0m634 [3mcheckpoint_timestamp[0m[2m=[0m1742889410529
[2m2025-03-25T07:56:51.092091Z[0m [32m INFO[0m [1mnode[0m[1m{[0m[3mname[0m[2m=[0mk#addeef94..[1m}[0m[2m:[0m [2msui_core::checkpoints::checkpoint_output[0m[2m:[0m [2mcrates/sui-core/src/checkpoints/checkpoint_output.rs[0m[2m:[0m[2m149:[0m Creating checkpoint CheckpointDigest(9dqcgW1Eh5NozEoh2sCBeJtPP1Qgvj88cj5hBvx8w5dt) at epoch 1, sequence 634, previous digest Some(CheckpointDigest(69QL9NYNmPpuqatwc7bJpYZAfeMa7rXq5WGFcN6n7BZ8)), transactions count 1, content digest CheckpointContentsDigest(6xAAukny4UNuVR6Jc8ayTL3cnpECvbrKEzY6gBrhgCRa), end_of_epoch_data None
[2m2025-03-25T07:56:51.095601Z[0m [32m INFO[0m [1mnode[0m[1m{[0m[3mname[0m[2m=[0mk#8dcff6d1..[1m}[0m[2m:[0m [2msui_core::checkpoints[0m[2m:[0m [2mcrates/sui-core/src/checkpoints/mod.rs[0m[2m:[0m[2m1326:[0m Creating checkpoint(s) for 1 transactions [3mnext_checkpoint_seq[0m[2m=[0m634 [3mcheckpoint_timestamp[0m[2m=[0m1742889410529
[2m2025-03-25T07:56:51.095796Z[0m [32m INFO[0m [1mnode[0m[1m{[0m[3mname[0m[2m=[0mk#8dcff6d1..[1m}[0m[2m:[0m [2msui_core::checkpoints::checkpoint_output[0m[2m:[0m [2mcrates/sui-core/src/checkpoints/checkpoint_output.rs[0m[2m:[0m[2m149:[0m Creating checkpoint CheckpointDigest(9dqcgW1Eh5NozEoh2sCBeJtPP1Qgvj88cj5hBvx8w5dt) at epoch 1, sequence 634, previous digest Some(CheckpointDigest(69QL9NYNmPpuqatwc7bJpYZAfeMa7rXq5WGFcN6n7BZ8)), transactions count 1, content digest CheckpointContentsDigest(6xAAukny4UNuVR6Jc8ayTL3cnpECvbrKEzY6gBrhgCRa), end_of_epoch_data None
[2m2025-03-25T07:56:51.095914Z[0m [32m INFO[0m [1mnode[0m[1m{[0m[3mname[0m[2m=[0mk#99f25ef6..[1m}[0m[2m:[0m [2msui_core::checkpoints[0m[2m:[0m [2mcrates/sui-core/src/checkpoints/mod.rs[0m[2m:[0m[2m1326:[0m Creating checkpoint(s) for 1 transactions [3mnext_checkpoint_seq[0m[2m=[0m634 [3mcheckpoint_timestamp[0m[2m=[0m1742889410529
[2m2025-03-25T07:56:51.096087Z[0m [32m INFO[0m [1mnode[0m[1m{[0m[3mname[0m[2m=[0mk#99f25ef6..[1m}[0m[2m:[0m [2msui_core::checkpoints::checkpoint_output[0m[2m:[0m [2mcrates/sui-core/src/checkpoints/checkpoint_output.rs[0m[2m:[0m[2m149:[0m Creating checkpoint CheckpointDigest(9dqcgW1Eh5NozEoh2sCBeJtPP1Qgvj88cj5hBvx8w5dt) at epoch 1, sequence 634, previous digest Some(CheckpointDigest(69QL9NYNmPpuqatwc7bJpYZAfeMa7rXq5WGFcN6n7BZ8)), transactions count 1, content digest CheckpointContentsDigest(6xAAukny4UNuVR6Jc8ayTL3cnpECvbrKEzY6gBrhgCRa), end_of_epoch_data None
[2m2025-03-25T07:56:51.156068Z[0m [32m INFO[0m [1mnode[0m[1m{[0m[3mname[0m[2m=[0mk#b3f3cbb4..[1m}[0m[2m:[0m [2msui_core::state_accumulator[0m[2m:[0m [2mcrates/sui-core/src/state_accumulator.rs[0m[2m:[0m[2m675:[0m accumulating running root for checkpoint 558
[2m2025-03-25T07:56:51.160162Z[0m [32m INFO[0m [1mnode[0m[1m{[0m[3mname[0m[2m=[0mk#addeef94..[1m}[0m[2m:[0m [2msui_core::checkpoints::checkpoint_executor[0m[2m:[0m [2mcrates/sui-core/src/checkpoints/checkpoint_executor/mod.rs[0m[2m:[0m[2m332:[0m Received checkpoint summary from state sync [3msequence_number[0m[2m=[0m633
[2m2025-03-25T07:56:51.161517Z[0m [32m INFO[0m [1mnode[0m[1m{[0m[3mname[0m[2m=[0mk#addeef94..[1m}[0m[2m:[0m [2msui_core::state_accumulator[0m[2m:[0m [2mcrates/sui-core/src/state_accumulator.rs[0m[2m:[0m[2m675:[0m accumulating running root for checkpoint 633
[2m2025-03-25T07:56:51.240309Z[0m [32m INFO[0m [1mnode[0m[1m{[0m[3mname[0m[2m=[0mk#b3f3cbb4..[1m}[0m[2m:[0m [2msui_core::state_accumulator[0m[2m:[0m [2mcrates/sui-core/src/state_accumulator.rs[0m[2m:[0m[2m675:[0m accumulating running root for checkpoint 559
[2m2025-03-25T07:56:51.240613Z[0m [32m INFO[0m [1mnode[0m[1m{[0m[3mname[0m[2m=[0mk#b3f3cbb4..[1m}[0m[2m:[0m [2msui_core::checkpoints::checkpoint_executor[0m[2m:[0m [2mcrates/sui-core/src/checkpoints/checkpoint_executor/mod.rs[0m[2m:[0m[2m332:[0m Received checkpoint summary from state sync [3msequence_number[0m[2m=[0m607
[2m2025-03-25T07:56:51.240654Z[0m [32m INFO[0m [1mnode[0m[1m{[0m[3mname[0m[2m=[0mk#b3f3cbb4..[1m}[0m[2m:[0m [2msui_core::checkpoints::checkpoint_executor[0m[2m:[0m [2mcrates/sui-core/src/checkpoints/checkpoint_executor/mod.rs[0m[2m:[0m[2m332:[0m Received checkpoint summary from state sync [3msequence_number[0m[2m=[0m608
[2m2025-03-25T07:56:51.298776Z[0m [32m INFO[0m [1mnode[0m[1m{[0m[3mname[0m[2m=[0mk#addeef94..[1m}[0m[2m:[0m [2mconsensus_core::core[0m[2m:[0m [2mconsensus/core/src/core.rs[0m[2m:[0m[2m945:[0m Included 3 ancestors & excluded 0 ancestors for proposal in round 435
[2m2025-03-25T07:56:51.299158Z[0m [32m INFO[0m [1mnode[0m[1m{[0m[3mname[0m[2m=[0mk#addeef94..[1m}[0m[2m:[0m [2mconsensus_core::core[0m[2m:[0m [2mconsensus/core/src/core.rs[0m[2m:[0m[2m531:[0m Created block B435(C,DTPoXp3fef1EOUWR8Xlv0lkp+/y6XrFaqN/1G0Ade9k=)(1742889411299ms;[B434(C,AtRG1kj9Gm4I6h1NWv3Ni2X1A+WSwM7mpL6y9jIkyCY=), B434(A,fAvCgizLJgn3iJxtlVocqNjr/+wbLNsaS1LUyYdEEac=), B434(B,Iu2EczfZIuqchDwa8yDmiTyZ51RuUO0H+os0811sggI=)];1t;1c) for round 435
[2m2025-03-25T07:56:51.301064Z[0m [32m INFO[0m [1mnode[0m[1m{[0m[3mname[0m[2m=[0mk#99f25ef6..[1m}[0m[2m:[0m [2mconsensus_core::core[0m[2m:[0m [2mconsensus/core/src/core.rs[0m[2m:[0m[2m945:[0m Included 3 ancestors & excluded 0 ancestors for proposal in round 435
[2m2025-03-25T07:56:51.301344Z[0m [32m INFO[0m [1mnode[0m[1m{[0m[3mname[0m[2m=[0mk#99f25ef6..[1m}[0m[2m:[0m [2mconsensus_core::core[0m[2m:[0m [2mconsensus/core/src/core.rs[0m[2m:[0m[2m531:[0m Created block B435(B,4yJ/ixJQyj2q2zER4VAHxRpikKM4YZhsSi4gJ3Vzqbc=)(1742889411301ms;[B434(B,Iu2EczfZIuqchDwa8yDmiTyZ51RuUO0H+os0811sggI=), B434(A,fAvCgizLJgn3iJxtlVocqNjr/+wbLNsaS1LUyYdEEac=), B434(C,AtRG1kj9Gm4I6h1NWv3Ni2X1A+WSwM7mpL6y9jIkyCY=)];1t;1c) for round 435
[2m2025-03-25T07:56:51.301412Z[0m [32m INFO[0m [1mnode[0m[1m{[0m[3mname[0m[2m=[0mk#99f25ef6..[1m}[0m[2m:[0m [2mconsensus_core::core[0m[2m:[0m [2mconsensus/core/src/core.rs[0m[2m:[0m[2m630:[0m Committing 1 leaders: B433(B,v4hn)
[2m2025-03-25T07:56:51.301486Z[0m [32m INFO[0m [1mnode[0m[1m{[0m[3mname[0m[2m=[0mk#99f25ef6..[1m}[0m[2m:[0m [2mconsensus_core::commit_observer[0m[2m:[0m [2mconsensus/core/src/commit_observer.rs[0m[2m:[0m[2m173:[0m Consensus commit C422(iBLy) with leader B433(B,v4hn) has 3 blocks
[2m2025-03-25T07:56:51.301568Z[0m [32m INFO[0m [1mnode[0m[1m{[0m[3mname[0m[2m=[0mk#99f25ef6..[1m}[0m[2m:[0m [2msui_core::consensus_handler[0m[2m:[0m [2mcrates/sui-core/src/consensus_handler.rs[0m[2m:[0m[2m232:[0m Received consensus output [3mconsensus_commit[0m[2m=[0mCommittedSubDag(leader=B433(B,v4hn), ref=C422(iBLy), blocks=[jcat, epOD, v4hn]) [3mepoch[0m[2m=[0m1
[2m2025-03-25T07:56:51.302183Z[0m [32m INFO[0m [1mnode[0m[1m{[0m[3mname[0m[2m=[0mk#8dcff6d1..[1m}[0m[2m:[0m [2mconsensus_core::core[0m[2m:[0m [2mconsensus/core/src/core.rs[0m[2m:[0m[2m945:[0m Included 3 ancestors & excluded 0 ancestors for proposal in round 435
[2m2025-03-25T07:56:51.302478Z[0m [32m INFO[0m [1mnode[0m[1m{[0m[3mname[0m[2m=[0mk#8dcff6d1..[1m}[0m[2m:[0m [2mconsensus_core::core[0m[2m:[0m [2mconsensus/core/src/core.rs[0m[2m:[0m[2m531:[0m Created block B435(A,+/6Z8wVwSIQ27A8HCF7P5n4t2BGQx2LI3ED0vK8JAEM=)(1742889411302ms;[B434(A,fAvCgizLJgn3iJxtlVocqNjr/+wbLNsaS1LUyYdEEac=), B434(B,Iu2EczfZIuqchDwa8yDmiTyZ51RuUO0H+os0811sggI=), B434(C,AtRG1kj9Gm4I6h1NWv3Ni2X1A+WSwM7mpL6y9jIkyCY=)];1t;1c) for round 435
[2m2025-03-25T07:56:51.302543Z[0m [32m INFO[0m [1mnode[0m[1m{[0m[3mname[0m[2m=[0mk#8dcff6d1..[1m}[0m[2m:[0m [2mconsensus_core::core[0m[2m:[0m [2mconsensus/core/src/core.rs[0m[2m:[0m[2m630:[0m Committing 1 leaders: B433(B,v4hn)
[2m2025-03-25T07:56:51.302610Z[0m [32m INFO[0m [1mnode[0m[1m{[0m[3mname[0m[2m=[0mk#8dcff6d1..[1m}[0m[2m:[0m [2mconsensus_core::commit_observer[0m[2m:[0m [2mconsensus/core/src/commit_observer.rs[0m[2m:[0m[2m173:[0m Consensus commit C422(iBLy) with leader B433(B,v4hn) has 3 blocks
[2m2025-03-25T07:56:51.302693Z[0m [32m INFO[0m [1mnode[0m[1m{[0m[3mname[0m[2m=[0mk#8dcff6d1..[1m}[0m[2m:[0m [2msui_core::consensus_handler[0m[2m:[0m [2mcrates/sui-core/src/consensus_handler.rs[0m[2m:[0m[2m232:[0m Received consensus output [3mconsensus_commit[0m[2m=[0mCommittedSubDag(leader=B433(B,v4hn), ref=C422(iBLy), blocks=[jcat, epOD, v4hn]) [3mepoch[0m[2m=[0m1
[2m2025-03-25T07:56:51.303869Z[0m [32m INFO[0m [1mnode[0m[1m{[0m[3mname[0m[2m=[0mk#addeef94..[1m}[0m[2m:[0m [2mconsensus_core::core[0m[2m:[0m [2mconsensus/core/src/core.rs[0m[2m:[0m[2m630:[0m Committing 1 leaders: B433(B,v4hn)
[2m2025-03-25T07:56:51.303967Z[0m [32m INFO[0m [1mnode[0m[1m{[0m[3mname[0m[2m=[0mk#addeef94..[1m}[0m[2m:[0m [2mconsensus_core::commit_observer[0m[2m:[0m [2mconsensus/core/src/commit_observer.rs[0m[2m:[0m[2m173:[0m Consensus commit C422(iBLy) with leader B433(B,v4hn) has 3 blocks
[2m2025-03-25T07:56:51.304044Z[0m [32m INFO[0m [1mnode[0m[1m{[0m[3mname[0m[2m=[0mk#addeef94..[1m}[0m[2m:[0m [2msui_core::consensus_handler[0m[2m:[0m [2mcrates/sui-core/src/consensus_handler.rs[0m[2m:[0m[2m232:[0m Received consensus output [3mconsensus_commit[0m[2m=[0mCommittedSubDag(leader=B433(B,v4hn), ref=C422(iBLy), blocks=[jcat, epOD, v4hn]) [3mepoch[0m[2m=[0m1
[2m2025-03-25T07:56:51.323431Z[0m [32m INFO[0m [1mnode[0m[1m{[0m[3mname[0m[2m=[0mk#b3f3cbb4..[1m}[0m[2m:[0m [2msui_core::checkpoints::checkpoint_executor[0m[2m:[0m [2mcrates/sui-core/src/checkpoints/checkpoint_executor/mod.rs[0m[2m:[0m[2m332:[0m Received checkpoint summary from state sync [3msequence_number[0m[2m=[0m609
[2m2025-03-25T07:56:51.323590Z[0m [32m INFO[0m [1mnode[0m[1m{[0m[3mname[0m[2m=[0mk#b3f3cbb4..[1m}[0m[2m:[0m [2msui_core::checkpoints::checkpoint_executor[0m[2m:[0m [2mcrates/sui-core/src/checkpoints/checkpoint_executor/mod.rs[0m[2m:[0m[2m332:[0m Received checkpoint summary from state sync [3msequence_number[0m[2m=[0m610
[2m2025-03-25T07:56:51.327973Z[0m [32m INFO[0m [1mnode[0m[1m{[0m[3mname[0m[2m=[0mk#99f25ef6..[1m}[0m[2m:[0m [2msui_core::checkpoints[0m[2m:[0m [2mcrates/sui-core/src/checkpoints/mod.rs[0m[2m:[0m[2m1326:[0m Creating checkpoint(s) for 2 transactions [3mnext_checkpoint_seq[0m[2m=[0m635 [3mcheckpoint_timestamp[0m[2m=[0m1742889410789
[2m2025-03-25T07:56:51.328278Z[0m [32m INFO[0m [1mnode[0m[1m{[0m[3mname[0m[2m=[0mk#99f25ef6..[1m}[0m[2m:[0m [2msui_core::checkpoints::checkpoint_output[0m[2m:[0m [2mcrates/sui-core/src/checkpoints/checkpoint_output.rs[0m[2m:[0m[2m149:[0m Creating checkpoint CheckpointDigest(ANosZ3HBRSqtRpEYfTxbBiDN7sRHsgNrUCF3EEG4uhec) at epoch 1, sequence 635, previous digest Some(CheckpointDigest(9dqcgW1Eh5NozEoh2sCBeJtPP1Qgvj88cj5hBvx8w5dt)), transactions count 2, content digest CheckpointContentsDigest(4MXTjdTvaPguwM5YWsHL5TmZC77J3Buc34pNwJAC7yWM), end_of_epoch_data None
[2m2025-03-25T07:56:51.328764Z[0m [32m INFO[0m [1mnode[0m[1m{[0m[3mname[0m[2m=[0mk#8dcff6d1..[1m}[0m[2m:[0m [2msui_core::checkpoints[0m[2m:[0m [2mcrates/sui-core/src/checkpoints/mod.rs[0m[2m:[0m[2m1326:[0m Creating checkpoint(s) for 2 transactions [3mnext_checkpoint_seq[0m[2m=[0m635 [3mcheckpoint_timestamp[0m[2m=[0m1742889410789
[2m2025-03-25T07:56:51.329029Z[0m [32m INFO[0m [1mnode[0m[1m{[0m[3mname[0m[2m=[0mk#8dcff6d1..[1m}[0m[2m:[0m [2msui_core::checkpoints::checkpoint_output[0m[2m:[0m [2mcrates/sui-core/src/checkpoints/checkpoint_output.rs[0m[2m:[0m[2m149:[0m Creating checkpoint CheckpointDigest(ANosZ3HBRSqtRpEYfTxbBiDN7sRHsgNrUCF3EEG4uhec) at epoch 1, sequence 635, previous digest Some(CheckpointDigest(9dqcgW1Eh5NozEoh2sCBeJtPP1Qgvj88cj5hBvx8w5dt)), transactions count 2, content digest CheckpointContentsDigest(4MXTjdTvaPguwM5YWsHL5TmZC77J3Buc34pNwJAC7yWM), end_of_epoch_data None
[2m2025-03-25T07:56:51.329757Z[0m [32m INFO[0m [1mnode[0m[1m{[0m[3mname[0m[2m=[0mk#8dcff6d1..[1m}[0m[2m:[0m [2mconsensus_core::commit_syncer[0m[2m:[0m [2mconsensus/core/src/commit_syncer.rs[0m[2m:[0m[2m196:[0m Checking to schedule fetches: synced_commit_index=422, highest_handled_index=422, highest_scheduled_index=0, quorum_commit_index=420, unhandled_commits_threshold=3200
[2m2025-03-25T07:56:51.329981Z[0m [32m INFO[0m [1mnode[0m[1m{[0m[3mname[0m[2m=[0mk#addeef94..[1m}[0m[2m:[0m [2msui_core::checkpoints[0m[2m:[0m [2mcrates/sui-core/src/checkpoints/mod.rs[0m[2m:[0m[2m1326:[0m Creating checkpoint(s) for 2 transactions [3mnext_checkpoint_seq[0m[2m=[0m635 [3mcheckpoint_timestamp[0m[2m=[0m1742889410789
[2m2025-03-25T07:56:51.330232Z[0m [32m INFO[0m [1mnode[0m[1m{[0m[3mname[0m[2m=[0mk#addeef94..[1m}[0m[2m:[0m [2msui_core::checkpoints::checkpoint_output[0m[2m:[0m [2mcrates/sui-core/src/checkpoints/checkpoint_output.rs[0m[2m:[0m[2m149:[0m Creating checkpoint CheckpointDigest(ANosZ3HBRSqtRpEYfTxbBiDN7sRHsgNrUCF3EEG4uhec) at epoch 1, sequence 635, previous digest Some(CheckpointDigest(9dqcgW1Eh5NozEoh2sCBeJtPP1Qgvj88cj5hBvx8w5dt)), transactions count 2, content digest CheckpointContentsDigest(4MXTjdTvaPguwM5YWsHL5TmZC77J3Buc34pNwJAC7yWM), end_of_epoch_data None
[2m2025-03-25T07:56:51.331087Z[0m [32m INFO[0m [1mnode[0m[1m{[0m[3mname[0m[2m=[0mk#addeef94..[1m}[0m[2m:[0m [2mconsensus_core::commit_syncer[0m[2m:[0m [2mconsensus/core/src/commit_syncer.rs[0m[2m:[0m[2m196:[0m Checking to schedule fetches: synced_commit_index=422, highest_handled_index=422, highest_scheduled_index=0, quorum_commit_index=0, unhandled_commits_threshold=3200
[2m2025-03-25T07:56:51.331532Z[0m [32m INFO[0m [1mnode[0m[1m{[0m[3mname[0m[2m=[0mk#99f25ef6..[1m}[0m[2m:[0m [2msui_core::checkpoints::checkpoint_output[0m[2m:[0m [2mcrates/sui-core/src/checkpoints/checkpoint_output.rs[0m[2m:[0m[2m196:[0m Certified checkpoint with sequence 634 and digest 9dqcgW1Eh5NozEoh2sCBeJtPP1Qgvj88cj5hBvx8w5dt
[2m2025-03-25T07:56:51.331955Z[0m [32m INFO[0m [1mnode[0m[1m{[0m[3mname[0m[2m=[0mk#99f25ef6..[1m}[0m[2m:[0m [2msui_core::checkpoints::checkpoint_executor[0m[2m:[0m [2mcrates/sui-core/src/checkpoints/checkpoint_executor/mod.rs[0m[2m:[0m[2m332:[0m Received checkpoint summary from state sync [3msequence_number[0m[2m=[0m634
[2m2025-03-25T07:56:51.332262Z[0m [32m INFO[0m [1mnode[0m[1m{[0m[3mname[0m[2m=[0mk#8dcff6d1..[1m}[0m[2m:[0m [2msui_core::checkpoints::checkpoint_output[0m[2m:[0m [2mcrates/sui-core/src/checkpoints/checkpoint_output.rs[0m[2m:[0m[2m196:[0m Certified checkpoint with sequence 634 and digest 9dqcgW1Eh5NozEoh2sCBeJtPP1Qgvj88cj5hBvx8w5dt
[2m2025-03-25T07:56:51.332590Z[0m [32m INFO[0m [1mnode[0m[1m{[0m[3mname[0m[2m=[0mk#8dcff6d1..[1m}[0m[2m:[0m [2msui_core::checkpoints::checkpoint_executor[0m[2m:[0m [2mcrates/sui-core/src/checkpoints/checkpoint_executor/mod.rs[0m[2m:[0m[2m332:[0m Received checkpoint summary from state sync [3msequence_number[0m[2m=[0m634
[2m2025-03-25T07:56:51.333128Z[0m [32m INFO[0m [1mnode[0m[1m{[0m[3mname[0m[2m=[0mk#99f25ef6..[1m}[0m[2m:[0m [2msui_core::state_accumulator[0m[2m:[0m [2mcrates/sui-core/src/state_accumulator.rs[0m[2m:[0m[2m675:[0m accumulating running root for checkpoint 634
[2m2025-03-25T07:56:51.333465Z[0m [32m INFO[0m [1mnode[0m[1m{[0m[3mname[0m[2m=[0mk#99f25ef6..[1m}[0m[2m:[0m [2mconsensus_core::commit_syncer[0m[2m:[0m [2mconsensus/core/src/commit_syncer.rs[0m[2m:[0m[2m196:[0m Checking to schedule fetches: synced_commit_index=422, highest_handled_index=422, highest_scheduled_index=0, quorum_commit_index=421, unhandled_commits_threshold=3200
[2m2025-03-25T07:56:51.333566Z[0m [32m INFO[0m [1mnode[0m[1m{[0m[3mname[0m[2m=[0mk#8dcff6d1..[1m}[0m[2m:[0m [2msui_core::state_accumulator[0m[2m:[0m [2mcrates/sui-core/src/state_accumulator.rs[0m[2m:[0m[2m675:[0m accumulating running root for checkpoint 634
[2m2025-03-25T07:56:51.334996Z[0m [32m INFO[0m [1mnode[0m[1m{[0m[3mname[0m[2m=[0mk#addeef94..[1m}[0m[2m:[0m [2msui_core::checkpoints::checkpoint_executor[0m[2m:[0m [2mcrates/sui-core/src/checkpoints/checkpoint_executor/mod.rs[0m[2m:[0m[2m332:[0m Received checkpoint summary from state sync [3msequence_number[0m[2m=[0m634
[2m2025-03-25T07:56:51.335699Z[0m [32m INFO[0m [1mnode[0m[1m{[0m[3mname[0m[2m=[0mk#addeef94..[1m}[0m[2m:[0m [2msui_core::state_accumulator[0m[2m:[0m [2mcrates/sui-core/src/state_accumulator.rs[0m[2m:[0m[2m675:[0m accumulating running root for checkpoint 634
[2m2025-03-25T07:56:51.341425Z[0m [32m INFO[0m [1mnode[0m[1m{[0m[3mname[0m[2m=[0mk#b3f3cbb4..[1m}[0m[2m:[0m [2msui_core::state_accumulator[0m[2m:[0m [2mcrates/sui-core/src/state_accumulator.rs[0m[2m:[0m[2m675:[0m accumulating running root for checkpoint 560
[2m2025-03-25T07:56:51.428657Z[0m [32m INFO[0m [1mnode[0m[1m{[0m[3mname[0m[2m=[0mk#b3f3cbb4..[1m}[0m[2m:[0m [2msui_core::state_accumulator[0m[2m:[0m [2mcrates/sui-core/src/state_accumulator.rs[0m[2m:[0m[2m675:[0m accumulating running root for checkpoint 561
[2m2025-03-25T07:56:51.428997Z[0m [32m INFO[0m [1mnode[0m[1m{[0m[3mname[0m[2m=[0mk#b3f3cbb4..[1m}[0m[2m:[0m [2msui_core::checkpoints::checkpoint_executor[0m[2m:[0m [2mcrates/sui-core/src/checkpoints/checkpoint_executor/mod.rs[0m[2m:[0m[2m332:[0m Received checkpoint summary from state sync [3msequence_number[0m[2m=[0m611
[2m2025-03-25T07:56:51.429040Z[0m [32m INFO[0m [1mnode[0m[1m{[0m[3mname[0m[2m=[0mk#b3f3cbb4..[1m}[0m[2m:[0m [2msui_core::checkpoints::checkpoint_executor[0m[2m:[0m [2mcrates/sui-core/src/checkpoints/checkpoint_executor/mod.rs[0m[2m:[0m[2m332:[0m Received checkpoint summary from state sync [3msequence_number[0m[2m=[0m612
[2m2025-03-25T07:56:51.429079Z[0m [32m INFO[0m [1mnode[0m[1m{[0m[3mname[0m[2m=[0mk#b3f3cbb4..[1m}[0m[2m:[0m [2msui_core::checkpoints::checkpoint_executor[0m[2m:[0m [2mcrates/sui-core/src/checkpoints/checkpoint_executor/mod.rs[0m[2m:[0m[2m332:[0m Received checkpoint summary from state sync [3msequence_number[0m[2m=[0m613
[2m2025-03-25T07:56:51.523596Z[0m [32m INFO[0m [1mnode[0m[1m{[0m[3mname[0m[2m=[0mk#b3f3cbb4..[1m}[0m[2m:[0m [2msui_core::state_accumulator[0m[2m:[0m [2mcrates/sui-core/src/state_accumulator.rs[0m[2m:[0m[2m675:[0m accumulating running root for checkpoint 562
[2m2025-03-25T07:56:51.524012Z[0m [32m INFO[0m [1mnode[0m[1m{[0m[3mname[0m[2m=[0mk#b3f3cbb4..[1m}[0m[2m:[0m [2msui_core::checkpoints::checkpoint_executor[0m[2m:[0m [2mcrates/sui-core/src/checkpoints/checkpoint_executor/mod.rs[0m[2m:[0m[2m332:[0m Received checkpoint summary from state sync [3msequence_number[0m[2m=[0m614
[2m2025-03-25T07:56:51.524054Z[0m [32m INFO[0m [1mnode[0m[1m{[0m[3mname[0m[2m=[0mk#b3f3cbb4..[1m}[0m[2m:[0m [2msui_core::checkpoints::checkpoint_executor[0m[2m:[0m [2mcrates/sui-core/src/checkpoints/checkpoint_executor/mod.rs[0m[2m:[0m[2m332:[0m Received checkpoint summary from state sync [3msequence_number[0m[2m=[0m615
[2m2025-03-25T07:56:51.524093Z[0m [32m INFO[0m [1mnode[0m[1m{[0m[3mname[0m[2m=[0mk#b3f3cbb4..[1m}[0m[2m:[0m [2msui_core::checkpoints::checkpoint_executor[0m[2m:[0m [2mcrates/sui-core/src/checkpoints/checkpoint_executor/mod.rs[0m[2m:[0m[2m332:[0m Received checkpoint summary from state sync [3msequence_number[0m[2m=[0m616
[2m2025-03-25T07:56:51.524132Z[0m [32m INFO[0m [1mnode[0m[1m{[0m[3mname[0m[2m=[0mk#b3f3cbb4..[1m}[0m[2m:[0m [2msui_core::checkpoints::checkpoint_executor[0m[2m:[0m [2mcrates/sui-core/src/checkpoints/checkpoint_executor/mod.rs[0m[2m:[0m[2m332:[0m Received checkpoint summary from state sync [3msequence_number[0m[2m=[0m617
[2m2025-03-25T07:56:51.524170Z[0m [32m INFO[0m [1mnode[0m[1m{[0m[3mname[0m[2m=[0mk#b3f3cbb4..[1m}[0m[2m:[0m [2msui_core::checkpoints::checkpoint_executor[0m[2m:[0m [2mcrates/sui-core/src/checkpoints/checkpoint_executor/mod.rs[0m[2m:[0m[2m332:[0m Received checkpoint summary from state sync [3msequence_number[0m[2m=[0m618
[2m2025-03-25T07:56:51.524208Z[0m [32m INFO[0m [1mnode[0m[1m{[0m[3mname[0m[2m=[0mk#b3f3cbb4..[1m}[0m[2m:[0m [2msui_core::checkpoints::checkpoint_executor[0m[2m:[0m [2mcrates/sui-core/src/checkpoints/checkpoint_executor/mod.rs[0m[2m:[0m[2m332:[0m Received checkpoint summary from state sync [3msequence_number[0m[2m=[0m619
[2m2025-03-25T07:56:51.553940Z[0m [32m INFO[0m [1mnode[0m[1m{[0m[3mname[0m[2m=[0mk#99f25ef6..[1m}[0m[2m:[0m [2mconsensus_core::core[0m[2m:[0m [2mconsensus/core/src/core.rs[0m[2m:[0m[2m945:[0m Included 3 ancestors & excluded 0 ancestors for proposal in round 436
[2m2025-03-25T07:56:51.554302Z[0m [32m INFO[0m [1mnode[0m[1m{[0m[3mname[0m[2m=[0mk#99f25ef6..[1m}[0m[2m:[0m [2mconsensus_core::core[0m[2m:[0m [2mconsensus/core/src/core.rs[0m[2m:[0m[2m531:[0m Created block B436(B,VO5civfxPVsFpnuK6YZpgo+91qtAMNpx3nTvCaaw4yM=)(1742889411554ms;[B435(B,4yJ/ixJQyj2q2zER4VAHxRpikKM4YZhsSi4gJ3Vzqbc=), B435(A,+/6Z8wVwSIQ27A8HCF7P5n4t2BGQx2LI3ED0vK8JAEM=), B435(C,DTPoXp3fef1EOUWR8Xlv0lkp+/y6XrFaqN/1G0Ade9k=)];1t;1c) for round 436
[2m2025-03-25T07:56:51.555929Z[0m [32m INFO[0m [1mnode[0m[1m{[0m[3mname[0m[2m=[0mk#addeef94..[1m}[0m[2m:[0m [2mconsensus_core::core[0m[2m:[0m [2mconsensus/core/src/core.rs[0m[2m:[0m[2m945:[0m Included 3 ancestors & excluded 0 ancestors for proposal in round 436
[2m2025-03-25T07:56:51.555929Z[0m [32m INFO[0m [1mnode[0m[1m{[0m[3mname[0m[2m=[0mk#8dcff6d1..[1m}[0m[2m:[0m [2mconsensus_core::core[0m[2m:[0m [2mconsensus/core/src/core.rs[0m[2m:[0m[2m945:[0m Included 3 ancestors & excluded 0 ancestors for proposal in round 436
[2m2025-03-25T07:56:51.556233Z[0m [32m INFO[0m [1mnode[0m[1m{[0m[3mname[0m[2m=[0mk#addeef94..[1m}[0m[2m:[0m [2mconsensus_core::core[0m[2m:[0m [2mconsensus/core/src/core.rs[0m[2m:[0m[2m531:[0m Created block B436(C,wWgK6Exgrf2SIadAccbwQ/MYZFV2+pVB+mv9kvxQ5e4=)(1742889411556ms;[B435(C,DTPoXp3fef1EOUWR8Xlv0lkp+/y6XrFaqN/1G0Ade9k=), B435(A,+/6Z8wVwSIQ27A8HCF7P5n4t2BGQx2LI3ED0vK8JAEM=), B435(B,4yJ/ixJQyj2q2zER4VAHxRpikKM4YZhsSi4gJ3Vzqbc=)];1t;1c) for round 436
[2m2025-03-25T07:56:51.556237Z[0m [32m INFO[0m [1mnode[0m[1m{[0m[3mname[0m[2m=[0mk#8dcff6d1..[1m}[0m[2m:[0m [2mconsensus_core::core[0m[2m:[0m [2mconsensus/core/src/core.rs[0m[2m:[0m[2m531:[0m Created block B436(A,AS+SiKTjOhgLA7bGtuA9gzHY41DDLUkntCdwR1PdEzc=)(1742889411556ms;[B435(A,+/6Z8wVwSIQ27A8HCF7P5n4t2BGQx2LI3ED0vK8JAEM=), B435(B,4yJ/ixJQyj2q2zER4VAHxRpikKM4YZhsSi4gJ3Vzqbc=), B435(C,DTPoXp3fef1EOUWR8Xlv0lkp+/y6XrFaqN/1G0Ade9k=)];1t;1c) for round 436
[2m2025-03-25T07:56:51.556376Z[0m [32m INFO[0m [1mnode[0m[1m{[0m[3mname[0m[2m=[0mk#addeef94..[1m}[0m[2m:[0m [2mconsensus_core::core[0m[2m:[0m [2mconsensus/core/src/core.rs[0m[2m:[0m[2m630:[0m Committing 1 leaders: B434(C,AtRG)
[2m2025-03-25T07:56:51.556466Z[0m [32m INFO[0m [1mnode[0m[1m{[0m[3mname[0m[2m=[0mk#addeef94..[1m}[0m[2m:[0m [2mconsensus_core::commit_observer[0m[2m:[0m [2mconsensus/core/src/commit_observer.rs[0m[2m:[0m[2m173:[0m Consensus commit C423(pNCW) with leader B434(C,AtRG) has 3 blocks
[2m2025-03-25T07:56:51.556769Z[0m [32m INFO[0m [1mnode[0m[1m{[0m[3mname[0m[2m=[0mk#addeef94..[1m}[0m[2m:[0m [2msui_core::consensus_handler[0m[2m:[0m [2mcrates/sui-core/src/consensus_handler.rs[0m[2m:[0m[2m232:[0m Received consensus output [3mconsensus_commit[0m[2m=[0mCommittedSubDag(leader=B434(C,AtRG), ref=C423(pNCW), blocks=[p0dH, 48Z9, AtRG]) [3mepoch[0m[2m=[0m1
[2m2025-03-25T07:56:51.559808Z[0m [32m INFO[0m [1mnode[0m[1m{[0m[3mname[0m[2m=[0mk#8dcff6d1..[1m}[0m[2m:[0m [2msui_core::checkpoints::checkpoint_output[0m[2m:[0m [2mcrates/sui-core/src/checkpoints/checkpoint_output.rs[0m[2m:[0m[2m196:[0m Certified checkpoint with sequence 635 and digest ANosZ3HBRSqtRpEYfTxbBiDN7sRHsgNrUCF3EEG4uhec
[2m2025-03-25T07:56:51.559912Z[0m [32m INFO[0m [1mnode[0m[1m{[0m[3mname[0m[2m=[0mk#8dcff6d1..[1m}[0m[2m:[0m [2mconsensus_core::core[0m[2m:[0m [2mconsensus/core/src/core.rs[0m[2m:[0m[2m630:[0m Committing 1 leaders: B434(C,AtRG)
[2m2025-03-25T07:56:51.560011Z[0m [32m INFO[0m [1mnode[0m[1m{[0m[3mname[0m[2m=[0mk#8dcff6d1..[1m}[0m[2m:[0m [2mconsensus_core::commit_observer[0m[2m:[0m [2mconsensus/core/src/commit_observer.rs[0m[2m:[0m[2m173:[0m Consensus commit C423(pNCW) with leader B434(C,AtRG) has 3 blocks
[2m2025-03-25T07:56:51.560309Z[0m [32m INFO[0m [1mnode[0m[1m{[0m[3mname[0m[2m=[0mk#99f25ef6..[1m}[0m[2m:[0m [2msui_core::checkpoints::checkpoint_output[0m[2m:[0m [2mcrates/sui-core/src/checkpoints/checkpoint_output.rs[0m[2m:[0m[2m196:[0m Certified checkpoint with sequence 635 and digest ANosZ3HBRSqtRpEYfTxbBiDN7sRHsgNrUCF3EEG4uhec
[2m2025-03-25T07:56:51.560409Z[0m [32m INFO[0m [1mnode[0m[1m{[0m[3mname[0m[2m=[0mk#99f25ef6..[1m}[0m[2m:[0m [2mconsensus_core::core[0m[2m:[0m [2mconsensus/core/src/core.rs[0m[2m:[0m[2m630:[0m Committing 1 leaders: B434(C,AtRG)
[2m2025-03-25T07:56:51.560416Z[0m [32m INFO[0m [1mnode[0m[1m{[0m[3mname[0m[2m=[0mk#8dcff6d1..[1m}[0m[2m:[0m [2msui_core::consensus_handler[0m[2m:[0m [2mcrates/sui-core/src/consensus_handler.rs[0m[2m:[0m[2m232:[0m Received consensus output [3mconsensus_commit[0m[2m=[0mCommittedSubDag(leader=B434(C,AtRG), ref=C423(pNCW), blocks=[p0dH, 48Z9, AtRG]) [3mepoch[0m[2m=[0m1
[2m2025-03-25T07:56:51.560514Z[0m [32m INFO[0m [1mnode[0m[1m{[0m[3mname[0m[2m=[0mk#99f25ef6..[1m}[0m[2m:[0m [2mconsensus_core::commit_observer[0m[2m:[0m [2mconsensus/core/src/commit_observer.rs[0m[2m:[0m[2m173:[0m Consensus commit C423(pNCW) with leader B434(C,AtRG) has 3 blocks
[2m2025-03-25T07:56:51.560904Z[0m [32m INFO[0m [1mnode[0m[1m{[0m[3mname[0m[2m=[0mk#99f25ef6..[1m}[0m[2m:[0m [2msui_core::consensus_handler[0m[2m:[0m [2mcrates/sui-core/src/consensus_handler.rs[0m[2m:[0m[2m232:[0m Received consensus output [3mconsensus_commit[0m[2m=[0mCommittedSubDag(leader=B434(C,AtRG), ref=C423(pNCW), blocks=[p0dH, 48Z9, AtRG]) [3mepoch[0m[2m=[0m1
[2m2025-03-25T07:56:51.561032Z[0m [32m INFO[0m [1mnode[0m[1m{[0m[3mname[0m[2m=[0mk#8dcff6d1..[1m}[0m[2m:[0m [2msui_core::checkpoints::checkpoint_executor[0m[2m:[0m [2mcrates/sui-core/src/checkpoints/checkpoint_executor/mod.rs[0m[2m:[0m[2m332:[0m Received checkpoint summary from state sync [3msequence_number[0m[2m=[0m635
[2m2025-03-25T07:56:51.561489Z[0m [32m INFO[0m [1mnode[0m[1m{[0m[3mname[0m[2m=[0mk#99f25ef6..[1m}[0m[2m:[0m [2msui_core::checkpoints::checkpoint_executor[0m[2m:[0m [2mcrates/sui-core/src/checkpoints/checkpoint_executor/mod.rs[0m[2m:[0m[2m332:[0m Received checkpoint summary from state sync [3msequence_number[0m[2m=[0m635
[2m2025-03-25T07:56:51.574812Z[0m [32m INFO[0m [1mnode[0m[1m{[0m[3mname[0m[2m=[0mk#99f25ef6..[1m}[0m[2m:[0m [2msui_core::state_accumulator[0m[2m:[0m [2mcrates/sui-core/src/state_accumulator.rs[0m[2m:[0m[2m675:[0m accumulating running root for checkpoint 635
[2m2025-03-25T07:56:51.574810Z[0m [32m INFO[0m [1mnode[0m[1m{[0m[3mname[0m[2m=[0mk#8dcff6d1..[1m}[0m[2m:[0m [2msui_core::state_accumulator[0m[2m:[0m [2mcrates/sui-core/src/state_accumulator.rs[0m[2m:[0m[2m675:[0m accumulating running root for checkpoint 635
[2m2025-03-25T07:56:51.600758Z[0m [32m INFO[0m [1mnode[0m[1m{[0m[3mname[0m[2m=[0mk#addeef94..[1m}[0m[2m:[0m [2msui_core::checkpoints[0m[2m:[0m [2mcrates/sui-core/src/checkpoints/mod.rs[0m[2m:[0m[2m1326:[0m Creating checkpoint(s) for 1 transactions [3mnext_checkpoint_seq[0m[2m=[0m636 [3mcheckpoint_timestamp[0m[2m=[0m1742889411046
[2m2025-03-25T07:56:51.600982Z[0m [32m INFO[0m [1mnode[0m[1m{[0m[3mname[0m[2m=[0mk#addeef94..[1m}[0m[2m:[0m [2msui_core::checkpoints::checkpoint_output[0m[2m:[0m [2mcrates/sui-core/src/checkpoints/checkpoint_output.rs[0m[2m:[0m[2m149:[0m Creating checkpoint CheckpointDigest(9sicDFWxQho3fGhotNhYTnthajJEBJ458TrgiJyiH1EG) at epoch 1, sequence 636, previous digest Some(CheckpointDigest(ANosZ3HBRSqtRpEYfTxbBiDN7sRHsgNrUCF3EEG4uhec)), transactions count 1, content digest CheckpointContentsDigest(63gZ7XWjYLxspKMb9ufR7Ae1ri5EjKi3kwWKTmhqGpRP), end_of_epoch_data None
[2m2025-03-25T07:56:51.606770Z[0m [32m INFO[0m [1mnode[0m[1m{[0m[3mname[0m[2m=[0mk#99f25ef6..[1m}[0m[2m:[0m [2msui_core::checkpoints[0m[2m:[0m [2mcrates/sui-core/src/checkpoints/mod.rs[0m[2m:[0m[2m1326:[0m Creating checkpoint(s) for 1 transactions [3mnext_checkpoint_seq[0m[2m=[0m636 [3mcheckpoint_timestamp[0m[2m=[0m1742889411046
[2m2025-03-25T07:56:51.606776Z[0m [32m INFO[0m [1mnode[0m[1m{[0m[3mname[0m[2m=[0mk#8dcff6d1..[1m}[0m[2m:[0m [2msui_core::checkpoints[0m[2m:[0m [2mcrates/sui-core/src/checkpoints/mod.rs[0m[2m:[0m[2m1326:[0m Creating checkpoint(s) for 1 transactions [3mnext_checkpoint_seq[0m[2m=[0m636 [3mcheckpoint_timestamp[0m[2m=[0m1742889411046
[2m2025-03-25T07:56:51.606961Z[0m [32m INFO[0m [1mnode[0m[1m{[0m[3mname[0m[2m=[0mk#99f25ef6..[1m}[0m[2m:[0m [2msui_core::checkpoints::checkpoint_output[0m[2m:[0m [2mcrates/sui-core/src/checkpoints/checkpoint_output.rs[0m[2m:[0m[2m149:[0m Creating checkpoint CheckpointDigest(9sicDFWxQho3fGhotNhYTnthajJEBJ458TrgiJyiH1EG) at epoch 1, sequence 636, previous digest Some(CheckpointDigest(ANosZ3HBRSqtRpEYfTxbBiDN7sRHsgNrUCF3EEG4uhec)), transactions count 1, content digest CheckpointContentsDigest(63gZ7XWjYLxspKMb9ufR7Ae1ri5EjKi3kwWKTmhqGpRP), end_of_epoch_data None
[2m2025-03-25T07:56:51.606961Z[0m [32m INFO[0m [1mnode[0m[1m{[0m[3mname[0m[2m=[0mk#8dcff6d1..[1m}[0m[2m:[0m [2msui_core::checkpoints::checkpoint_output[0m[2m:[0m [2mcrates/sui-core/src/checkpoints/checkpoint_output.rs[0m[2m:[0m[2m149:[0m Creating checkpoint CheckpointDigest(9sicDFWxQho3fGhotNhYTnthajJEBJ458TrgiJyiH1EG) at epoch 1, sequence 636, previous digest Some(CheckpointDigest(ANosZ3HBRSqtRpEYfTxbBiDN7sRHsgNrUCF3EEG4uhec)), transactions count 1, content digest CheckpointContentsDigest(63gZ7XWjYLxspKMb9ufR7Ae1ri5EjKi3kwWKTmhqGpRP), end_of_epoch_data None
[2m2025-03-25T07:56:51.610356Z[0m [31mERROR[0m [1mnode[0m[1m{[0m[3mname[0m[2m=[0mk#b3f3cbb4..[1m}[0m[2m:[0m [2msui_core::transaction_orchestrator[0m[2m:[0m [2mcrates/sui-core/src/transaction_orchestrator.rs[0m[2m:[0m[2m138:[0m [3merror[0m[2m=[0mTransaction has non recoverable errors from at least 1/3 of validators: [(UserInputError { error: ObjectVersionUnavailableForConsumption { provided_obj_ref: (0xd7d7820b1d5a3802a2c50420aa60d9072814fcfac9e333ae55536bce5ecc4924, SequenceNumber(114), o#G6tFPuFyAAWMEecgda16xEPfTgTnxE2mborPfAPjqm3W), current_version: SequenceNumber(341) } }, 6666, [k#99f25ef6.., k#8dcff6d1..])].
[2m2025-03-25T07:56:51.612524Z[0m [32m INFO[0m [1mnode[0m[1m{[0m[3mname[0m[2m=[0mk#b3f3cbb4..[1m}[0m[2m:[0m [2msui_core::checkpoints::checkpoint_executor[0m[2m:[0m [2mcrates/sui-core/src/checkpoints/checkpoint_executor/mod.rs[0m[2m:[0m[2m332:[0m Received checkpoint summary from state sync [3msequence_number[0m[2m=[0m620
[2m2025-03-25T07:56:51.612813Z[0m [32m INFO[0m [1mnode[0m[1m{[0m[3mname[0m[2m=[0mk#b3f3cbb4..[1m}[0m[2m:[0m [2msui_core::checkpoints::checkpoint_executor[0m[2m:[0m [2mcrates/sui-core/src/checkpoints/checkpoint_executor/mod.rs[0m[2m:[0m[2m332:[0m Received checkpoint summary from state sync [3msequence_number[0m[2m=[0m621
[2m2025-03-25T07:56:51.612856Z[0m [32m INFO[0m [1mnode[0m[1m{[0m[3mname[0m[2m=[0mk#b3f3cbb4..[1m}[0m[2m:[0m [2msui_core::checkpoints::checkpoint_executor[0m[2m:[0m [2mcrates/sui-core/src/checkpoints/checkpoint_executor/mod.rs[0m[2m:[0m[2m332:[0m Received checkpoint summary from state sync [3msequence_number[0m[2m=[0m622
[2m2025-03-25T07:56:51.612899Z[0m [32m INFO[0m [1mnode[0m[1m{[0m[3mname[0m[2m=[0mk#b3f3cbb4..[1m}[0m[2m:[0m [2msui_core::checkpoints::checkpoint_executor[0m[2m:[0m [2mcrates/sui-core/src/checkpoints/checkpoint_executor/mod.rs[0m[2m:[0m[2m332:[0m Received checkpoint summary from state sync [3msequence_number[0m[2m=[0m623
[2m2025-03-25T07:56:51.612940Z[0m [32m INFO[0m [1mnode[0m[1m{[0m[3mname[0m[2m=[0mk#b3f3cbb4..[1m}[0m[2m:[0m [2msui_core::checkpoints::checkpoint_executor[0m[2m:[0m [2mcrates/sui-core/src/checkpoints/checkpoint_executor/mod.rs[0m[2m:[0m[2m332:[0m Received checkpoint summary from state sync [3msequence_number[0m[2m=[0m624
[2m2025-03-25T07:56:51.612982Z[0m [32m INFO[0m [1mnode[0m[1m{[0m[3mname[0m[2m=[0mk#b3f3cbb4..[1m}[0m[2m:[0m [2msui_core::checkpoints::checkpoint_executor[0m[2m:[0m [2mcrates/sui-core/src/checkpoints/checkpoint_executor/mod.rs[0m[2m:[0m[2m332:[0m Received checkpoint summary from state sync [3msequence_number[0m[2m=[0m625
[2m2025-03-25T07:56:51.615056Z[0m [31mERROR[0m [1mnode[0m[1m{[0m[3mname[0m[2m=[0mk#b3f3cbb4..[1m}[0m[2m:[0m[1mjson-rpc-request[0m[2m:[0m[1mexecute_transaction_block[0m[1m{[0m[3mtx_bytes[0m[2m=[0mBase64("AAAMAAECAAgAAAAAAAAAAAAhIASpKrNcMERyIJZGlcwE39sm0AfBe/UMF48Z6suYGvyhAAEMABUU+VEOtc+UzfpAe6X8W/L50OGIerAACAQAAAAAAAAAAAgAQHoQ81oAAAABAAEBAAAAAAAAAAAAAAAAAAAAAAAAAAAAAAAAAAAAAAAAAAkBAAAAAAAAAAEBAQAAAAAAAAAAAAAAAAAAAAAAAAAAAAAAAAAAAAAAAAAGAQAAAAAAAAAAAQDX14ILHVo4AqLFBCCqYNkHKBT8+snjM65VU2vOXsxJJHIAAAAAAAAAIOBhJ4oP/L/MeEv6iLQL4aZc4ZWwUnnKxr98iBo4POnhAEMBQR/3UMxhz1pomZXOftVoGFiU7s73Qh59zTatJYlubThQHBB4L0TsLex0BdIGI6p95wO2BYqo8jW+agpgYbfzdJUBAgAAAAAAAAAAAAAAAAAAAAAAAAAAAAAAAAAAAAAAAAAACwdtZXNzYWdlG2NyZWF0ZV90b2tlbl9icmlkZ2VfbWVzc2FnZQAJAQAAAQEAAQIAAQMAAQQAAQUAAQYAAQcAAQcAAAAAAAAAAAAAAAAAAAAAAAAAAAAAAAAAAAAAAAAAAAALBmJyaWRnZRZhcHByb3ZlX3Rva2VuX3RyYW5zZmVyAAMBCAACAAABCwBP9C3ZJhKxTxCTl0FsPl02Ku5l19NFnbG4AWTx+EpZwwEFnFtlPaP2J62Ft5R6FjStMFX4GyQSW32bIxeLAUa/xlUBAAAAAAAAIDZCwiGUBBRO86kq7aAUBrawEt3oQwHtrnMk32sGJ5QjT/Qt2SYSsU8Qk5dBbD5dNiruZdfTRZ2xuAFk8fhKWcNkAAAAAAAAAADh9QUAAAAAAA==") [3msignatures[0m[2m=[0m[Base64("Afgw9XKN/B2RZYa5qvYNLl2juVPUU1PTdQ1UuRDTbhXVHN80fqxmVWOIBVRRKE2tD4R1qoW7biJ73vFlHmruIk0CeAYk1RtwfaqjNexbgIg00P1m8SbZQxvHSl8zs5cplYw=")] [3mopts[0m[2m=[0mSome(SuiTransactionBlockResponseOptions { show_input: false, show_raw_input: false, show_effects: true, show_events: true, show_object_changes: false, show_balance_changes: false, show_raw_effects: false }) [3mrequest_type[0m[2m=[0mNone[1m}[0m[2m:[0m [2msui_json_rpc::transaction_execution_api[0m[2m:[0m [2mcrates/sui-json-rpc/src/transaction_execution_api.rs[0m[2m:[0m[2m334:[0m [3merror[0m[2m=[0mQuorumDriverError(NonRecoverableTransactionError { errors: [(UserInputError { error: ObjectVersionUnavailableForConsumption { provided_obj_ref: (0xd7d7820b1d5a3802a2c50420aa60d9072814fcfac9e333ae55536bce5ecc4924, SequenceNumber(114), o#G6tFPuFyAAWMEecgda16xEPfTgTnxE2mborPfAPjqm3W), current_version: SequenceNumber(341) } }, 6666, [k#99f25ef6.., k#8dcff6d1..])] })
[2m2025-03-25T07:56:51.615717Z[0m [31mERROR[0m [1mhandle_execution_task[0m[1m{[0m[3maction_key[0m[2m=[0mBridgeActionKey(0,2,0) [3mattempt_times[0m[2m=[0m3[1m}[0m[2m:[0m [2msui_bridge::action_executor[0m[2m:[0m [2mcrates/sui-bridge/src/action_executor.rs[0m[2m:[0m[2m551:[0m Sui transaction failed at signing: SuiTxFailureGeneric("RPC call failed: ErrorObject { code: ServerError(-32002), message: \"Transaction validator signing failed due to issues with transaction inputs, please review the errors and try again:\\n- Object BFCd7d7820b1d5a3802a2c50420aa60d9072814fcfac9e333ae55536bce5ecc49245409 SequenceNumber(114) o#G6tFPuFyAAWMEecgda16xEPfTgTnxE2mborPfAPjqm3W is not available for consumption, its current version: SequenceNumber(341).\", data: None }") [3maction_key[0m[2m=[0mBridgeActionKey(0,2,0) [3mtx_digest[0m[2m=[0mTransactionDigest(GDSurpEu2x2PVvpwcUqP5MTXTQ8jWoYdMxzexGq3UM9X)
[2m2025-03-25T07:56:51.615868Z[0m [32m INFO[0m [2msui_bridge::action_executor[0m[2m:[0m [2mcrates/sui-bridge/src/action_executor.rs[0m[2m:[0m[2m560:[0m Spawning future crates/sui-bridge/src/action_executor.rs:560
[2m2025-03-25T07:56:51.617344Z[0m [32m INFO[0m [1mnode[0m[1m{[0m[3mname[0m[2m=[0mk#b3f3cbb4..[1m}[0m[2m:[0m [2msui_core::state_accumulator[0m[2m:[0m [2mcrates/sui-core/src/state_accumulator.rs[0m[2m:[0m[2m675:[0m accumulating running root for checkpoint 563
[2m2025-03-25T07:56:51.617609Z[0m [32m INFO[0m [1mnode[0m[1m{[0m[3mname[0m[2m=[0mk#b3f3cbb4..[1m}[0m[2m:[0m [2msui_core::checkpoints::checkpoint_executor[0m[2m:[0m [2mcrates/sui-core/src/checkpoints/checkpoint_executor/mod.rs[0m[2m:[0m[2m332:[0m Received checkpoint summary from state sync [3msequence_number[0m[2m=[0m626
[2m2025-03-25T07:56:51.668948Z[0m [32m INFO[0m [1mnode[0m[1m{[0m[3mname[0m[2m=[0mk#addeef94..[1m}[0m[2m:[0m [2msui_core::checkpoints::checkpoint_executor[0m[2m:[0m [2mcrates/sui-core/src/checkpoints/checkpoint_executor/mod.rs[0m[2m:[0m[2m332:[0m Received checkpoint summary from state sync [3msequence_number[0m[2m=[0m635
[2m2025-03-25T07:56:51.670355Z[0m [32m INFO[0m [1mnode[0m[1m{[0m[3mname[0m[2m=[0mk#addeef94..[1m}[0m[2m:[0m [2msui_core::state_accumulator[0m[2m:[0m [2mcrates/sui-core/src/state_accumulator.rs[0m[2m:[0m[2m675:[0m accumulating running root for checkpoint 635
[2m2025-03-25T07:56:51.712093Z[0m [32m INFO[0m [1mnode[0m[1m{[0m[3mname[0m[2m=[0mk#b3f3cbb4..[1m}[0m[2m:[0m [2msui_core::state_accumulator[0m[2m:[0m [2mcrates/sui-core/src/state_accumulator.rs[0m[2m:[0m[2m675:[0m accumulating running root for checkpoint 564
[2m2025-03-25T07:56:51.712458Z[0m [32m INFO[0m [1mnode[0m[1m{[0m[3mname[0m[2m=[0mk#b3f3cbb4..[1m}[0m[2m:[0m [2msui_core::checkpoints::checkpoint_executor[0m[2m:[0m [2mcrates/sui-core/src/checkpoints/checkpoint_executor/mod.rs[0m[2m:[0m[2m332:[0m Received checkpoint summary from state sync [3msequence_number[0m[2m=[0m627
[2m2025-03-25T07:56:51.712503Z[0m [32m INFO[0m [1mnode[0m[1m{[0m[3mname[0m[2m=[0mk#b3f3cbb4..[1m}[0m[2m:[0m [2msui_core::checkpoints::checkpoint_executor[0m[2m:[0m [2mcrates/sui-core/src/checkpoints/checkpoint_executor/mod.rs[0m[2m:[0m[2m332:[0m Received checkpoint summary from state sync [3msequence_number[0m[2m=[0m628
[2m2025-03-25T07:56:51.712543Z[0m [32m INFO[0m [1mnode[0m[1m{[0m[3mname[0m[2m=[0mk#b3f3cbb4..[1m}[0m[2m:[0m [2msui_core::checkpoints::checkpoint_executor[0m[2m:[0m [2mcrates/sui-core/src/checkpoints/checkpoint_executor/mod.rs[0m[2m:[0m[2m332:[0m Received checkpoint summary from state sync [3msequence_number[0m[2m=[0m629
[2m2025-03-25T07:56:51.712581Z[0m [32m INFO[0m [1mnode[0m[1m{[0m[3mname[0m[2m=[0mk#b3f3cbb4..[1m}[0m[2m:[0m [2msui_core::checkpoints::checkpoint_executor[0m[2m:[0m [2mcrates/sui-core/src/checkpoints/checkpoint_executor/mod.rs[0m[2m:[0m[2m332:[0m Received checkpoint summary from state sync [3msequence_number[0m[2m=[0m630
[2m2025-03-25T07:56:51.717969Z[0m [32m INFO[0m [2msui_bridge::action_executor[0m[2m:[0m [2mcrates/sui-bridge/src/action_executor.rs[0m[2m:[0m[2m579:[0m Re-enqueued certificate for execution
[2m2025-03-25T07:56:51.717978Z[0m [32m INFO[0m [2msui_bridge::action_executor[0m[2m:[0m [2mcrates/sui-bridge/src/action_executor.rs[0m[2m:[0m[2m560:[0m Future crates/sui-bridge/src/action_executor.rs:560 completed
[2m2025-03-25T07:56:51.718010Z[0m [32m INFO[0m [1mhandle_execution_task[0m[1m{[0m[3maction_key[0m[2m=[0mBridgeActionKey(0,2,0) [3mattempt_times[0m[2m=[0m4[1m}[0m[2m:[0m [2msui_bridge::action_executor[0m[2m:[0m [2mcrates/sui-bridge/src/action_executor.rs[0m[2m:[0m[2m481:[0m Received certified action for execution: SuiToEthBridgeAction(SuiToEthBridgeAction { sui_tx_digest: TransactionDigest(JDYZWo7pouDfQMZQ1svXm7rFiHM4Wx8n49TtVZxwEGXL), sui_tx_event_index: 0, sui_bridge_event: EmittedSuiToEthTokenBridgeV1 { nonce: 0, sui_chain_id: SuiCustom, eth_chain_id: EthCustom, sui_address: 0x04a92ab35c30447220964695cc04dfdb26d007c17bf50c178f19eacb981afca1, eth_address: 0xf9510eb5cf94cdfa407ba5fc5bf2f9d0e1887ab0, token_id: 4, amount_sui_adjusted: 100000000000000, tx_hash: [], event_idx: 0 } })
[2m2025-03-25T07:56:51.793036Z[0m [32m INFO[0m [1mnode[0m[1m{[0m[3mname[0m[2m=[0mk#b3f3cbb4..[1m}[0m[2m:[0m [2msui_core::state_accumulator[0m[2m:[0m [2mcrates/sui-core/src/state_accumulator.rs[0m[2m:[0m[2m675:[0m accumulating running root for checkpoint 565
[2m2025-03-25T07:56:51.808928Z[0m [32m INFO[0m [1mnode[0m[1m{[0m[3mname[0m[2m=[0mk#addeef94..[1m}[0m[2m:[0m [2mconsensus_core::core[0m[2m:[0m [2mconsensus/core/src/core.rs[0m[2m:[0m[2m945:[0m Included 3 ancestors & excluded 0 ancestors for proposal in round 437
[2m2025-03-25T07:56:51.809293Z[0m [32m INFO[0m [1mnode[0m[1m{[0m[3mname[0m[2m=[0mk#addeef94..[1m}[0m[2m:[0m [2mconsensus_core::core[0m[2m:[0m [2mconsensus/core/src/core.rs[0m[2m:[0m[2m531:[0m Created block B437(C,NdmEDTxshifn7IMpQ95Pk+fMEoi2cZCfC1TRfS4YLkE=)(1742889411809ms;[B436(C,wWgK6Exgrf2SIadAccbwQ/MYZFV2+pVB+mv9kvxQ5e4=), B436(A,AS+SiKTjOhgLA7bGtuA9gzHY41DDLUkntCdwR1PdEzc=), B436(B,VO5civfxPVsFpnuK6YZpgo+91qtAMNpx3nTvCaaw4yM=)];1t;1c) for round 437
[2m2025-03-25T07:56:51.812336Z[0m [32m INFO[0m [1mnode[0m[1m{[0m[3mname[0m[2m=[0mk#8dcff6d1..[1m}[0m[2m:[0m [2mconsensus_core::core[0m[2m:[0m [2mconsensus/core/src/core.rs[0m[2m:[0m[2m945:[0m Included 3 ancestors & excluded 0 ancestors for proposal in round 437
[2m2025-03-25T07:56:51.812336Z[0m [32m INFO[0m [1mnode[0m[1m{[0m[3mname[0m[2m=[0mk#99f25ef6..[1m}[0m[2m:[0m [2mconsensus_core::core[0m[2m:[0m [2mconsensus/core/src/core.rs[0m[2m:[0m[2m945:[0m Included 3 ancestors & excluded 0 ancestors for proposal in round 437
[2m2025-03-25T07:56:51.812632Z[0m [32m INFO[0m [1mnode[0m[1m{[0m[3mname[0m[2m=[0mk#99f25ef6..[1m}[0m[2m:[0m [2mconsensus_core::core[0m[2m:[0m [2mconsensus/core/src/core.rs[0m[2m:[0m[2m531:[0m Created block B437(B,k290xoFPiDHG4Z2DHJQ7z3nperTMIU+Fefy55NqQiYw=)(1742889411812ms;[B436(B,VO5civfxPVsFpnuK6YZpgo+91qtAMNpx3nTvCaaw4yM=), B436(A,AS+SiKTjOhgLA7bGtuA9gzHY41DDLUkntCdwR1PdEzc=), B436(C,wWgK6Exgrf2SIadAccbwQ/MYZFV2+pVB+mv9kvxQ5e4=)];1t;1c) for round 437
[2m2025-03-25T07:56:51.812632Z[0m [32m INFO[0m [1mnode[0m[1m{[0m[3mname[0m[2m=[0mk#8dcff6d1..[1m}[0m[2m:[0m [2mconsensus_core::core[0m[2m:[0m [2mconsensus/core/src/core.rs[0m[2m:[0m[2m531:[0m Created block B437(A,oJsiUOI435DM6o5NQHb5s8F/8lKOyfP6yVB8Op1ZIrw=)(1742889411812ms;[B436(A,AS+SiKTjOhgLA7bGtuA9gzHY41DDLUkntCdwR1PdEzc=), B436(B,VO5civfxPVsFpnuK6YZpgo+91qtAMNpx3nTvCaaw4yM=), B436(C,wWgK6Exgrf2SIadAccbwQ/MYZFV2+pVB+mv9kvxQ5e4=)];1t;1c) for round 437
[2m2025-03-25T07:56:51.812703Z[0m [32m INFO[0m [1mnode[0m[1m{[0m[3mname[0m[2m=[0mk#8dcff6d1..[1m}[0m[2m:[0m [2mconsensus_core::core[0m[2m:[0m [2mconsensus/core/src/core.rs[0m[2m:[0m[2m630:[0m Committing 1 leaders: B435(A,+/6Z)
[2m2025-03-25T07:56:51.812703Z[0m [32m INFO[0m [1mnode[0m[1m{[0m[3mname[0m[2m=[0mk#99f25ef6..[1m}[0m[2m:[0m [2mconsensus_core::core[0m[2m:[0m [2mconsensus/core/src/core.rs[0m[2m:[0m[2m630:[0m Committing 1 leaders: B435(A,+/6Z)
[2m2025-03-25T07:56:51.812776Z[0m [32m INFO[0m [1mnode[0m[1m{[0m[3mname[0m[2m=[0mk#8dcff6d1..[1m}[0m[2m:[0m [2mconsensus_core::commit_observer[0m[2m:[0m [2mconsensus/core/src/commit_observer.rs[0m[2m:[0m[2m173:[0m Consensus commit C424(gAFJ) with leader B435(A,+/6Z) has 3 blocks
[2m2025-03-25T07:56:51.812776Z[0m [32m INFO[0m [1mnode[0m[1m{[0m[3mname[0m[2m=[0mk#99f25ef6..[1m}[0m[2m:[0m [2mconsensus_core::commit_observer[0m[2m:[0m [2mconsensus/core/src/commit_observer.rs[0m[2m:[0m[2m173:[0m Consensus commit C424(gAFJ) with leader B435(A,+/6Z) has 3 blocks
[2m2025-03-25T07:56:51.812868Z[0m [32m INFO[0m [1mnode[0m[1m{[0m[3mname[0m[2m=[0mk#8dcff6d1..[1m}[0m[2m:[0m [2msui_core::consensus_handler[0m[2m:[0m [2mcrates/sui-core/src/consensus_handler.rs[0m[2m:[0m[2m232:[0m Received consensus output [3mconsensus_commit[0m[2m=[0mCommittedSubDag(leader=B435(A,+/6Z), ref=C424(gAFJ), blocks=[fAvC, Iu2E, +/6Z]) [3mepoch[0m[2m=[0m1
[2m2025-03-25T07:56:51.812868Z[0m [32m INFO[0m [1mnode[0m[1m{[0m[3mname[0m[2m=[0mk#99f25ef6..[1m}[0m[2m:[0m [2msui_core::consensus_handler[0m[2m:[0m [2mcrates/sui-core/src/consensus_handler.rs[0m[2m:[0m[2m232:[0m Received consensus output [3mconsensus_commit[0m[2m=[0mCommittedSubDag(leader=B435(A,+/6Z), ref=C424(gAFJ), blocks=[fAvC, Iu2E, +/6Z]) [3mepoch[0m[2m=[0m1
[2m2025-03-25T07:56:51.815217Z[0m [32m INFO[0m [1mnode[0m[1m{[0m[3mname[0m[2m=[0mk#addeef94..[1m}[0m[2m:[0m [2mconsensus_core::core[0m[2m:[0m [2mconsensus/core/src/core.rs[0m[2m:[0m[2m630:[0m Committing 1 leaders: B435(A,+/6Z)
[2m2025-03-25T07:56:51.815315Z[0m [32m INFO[0m [1mnode[0m[1m{[0m[3mname[0m[2m=[0mk#addeef94..[1m}[0m[2m:[0m [2mconsensus_core::commit_observer[0m[2m:[0m [2mconsensus/core/src/commit_observer.rs[0m[2m:[0m[2m173:[0m Consensus commit C424(gAFJ) with leader B435(A,+/6Z) has 3 blocks
[2m2025-03-25T07:56:51.815393Z[0m [32m INFO[0m [1mnode[0m[1m{[0m[3mname[0m[2m=[0mk#addeef94..[1m}[0m[2m:[0m [2msui_core::consensus_handler[0m[2m:[0m [2mcrates/sui-core/src/consensus_handler.rs[0m[2m:[0m[2m232:[0m Received consensus output [3mconsensus_commit[0m[2m=[0mCommittedSubDag(leader=B435(A,+/6Z), ref=C424(gAFJ), blocks=[fAvC, Iu2E, +/6Z]) [3mepoch[0m[2m=[0m1
[2m2025-03-25T07:56:51.839279Z[0m [32m INFO[0m [1mnode[0m[1m{[0m[3mname[0m[2m=[0mk#99f25ef6..[1m}[0m[2m:[0m [2msui_core::checkpoints[0m[2m:[0m [2mcrates/sui-core/src/checkpoints/mod.rs[0m[2m:[0m[2m1326:[0m Creating checkpoint(s) for 2 transactions [3mnext_checkpoint_seq[0m[2m=[0m637 [3mcheckpoint_timestamp[0m[2m=[0m1742889411302
[2m2025-03-25T07:56:51.839278Z[0m [32m INFO[0m [1mnode[0m[1m{[0m[3mname[0m[2m=[0mk#8dcff6d1..[1m}[0m[2m:[0m [2msui_core::checkpoints[0m[2m:[0m [2mcrates/sui-core/src/checkpoints/mod.rs[0m[2m:[0m[2m1326:[0m Creating checkpoint(s) for 2 transactions [3mnext_checkpoint_seq[0m[2m=[0m637 [3mcheckpoint_timestamp[0m[2m=[0m1742889411302
[2m2025-03-25T07:56:51.839599Z[0m [32m INFO[0m [1mnode[0m[1m{[0m[3mname[0m[2m=[0mk#8dcff6d1..[1m}[0m[2m:[0m [2msui_core::checkpoints::checkpoint_output[0m[2m:[0m [2mcrates/sui-core/src/checkpoints/checkpoint_output.rs[0m[2m:[0m[2m149:[0m Creating checkpoint CheckpointDigest(BjU8tJa5LwXD7v4unhsQbYd7BXYLFyRYZuekSvGNFJs2) at epoch 1, sequence 637, previous digest Some(CheckpointDigest(9sicDFWxQho3fGhotNhYTnthajJEBJ458TrgiJyiH1EG)), transactions count 2, content digest CheckpointContentsDigest(D4whZtDi2kdQ2RSHkcfyPMxtdfaDND1E8kyFAtrcfxVs), end_of_epoch_data None
[2m2025-03-25T07:56:51.839599Z[0m [32m INFO[0m [1mnode[0m[1m{[0m[3mname[0m[2m=[0mk#99f25ef6..[1m}[0m[2m:[0m [2msui_core::checkpoints::checkpoint_output[0m[2m:[0m [2mcrates/sui-core/src/checkpoints/checkpoint_output.rs[0m[2m:[0m[2m149:[0m Creating checkpoint CheckpointDigest(BjU8tJa5LwXD7v4unhsQbYd7BXYLFyRYZuekSvGNFJs2) at epoch 1, sequence 637, previous digest Some(CheckpointDigest(9sicDFWxQho3fGhotNhYTnthajJEBJ458TrgiJyiH1EG)), transactions count 2, content digest CheckpointContentsDigest(D4whZtDi2kdQ2RSHkcfyPMxtdfaDND1E8kyFAtrcfxVs), end_of_epoch_data None
[2m2025-03-25T07:56:51.841534Z[0m [32m INFO[0m [1mnode[0m[1m{[0m[3mname[0m[2m=[0mk#addeef94..[1m}[0m[2m:[0m [2msui_core::checkpoints[0m[2m:[0m [2mcrates/sui-core/src/checkpoints/mod.rs[0m[2m:[0m[2m1326:[0m Creating checkpoint(s) for 2 transactions [3mnext_checkpoint_seq[0m[2m=[0m637 [3mcheckpoint_timestamp[0m[2m=[0m1742889411302
[2m2025-03-25T07:56:51.841785Z[0m [32m INFO[0m [1mnode[0m[1m{[0m[3mname[0m[2m=[0mk#addeef94..[1m}[0m[2m:[0m [2msui_core::checkpoints::checkpoint_output[0m[2m:[0m [2mcrates/sui-core/src/checkpoints/checkpoint_output.rs[0m[2m:[0m[2m149:[0m Creating checkpoint CheckpointDigest(BjU8tJa5LwXD7v4unhsQbYd7BXYLFyRYZuekSvGNFJs2) at epoch 1, sequence 637, previous digest Some(CheckpointDigest(9sicDFWxQho3fGhotNhYTnthajJEBJ458TrgiJyiH1EG)), transactions count 2, content digest CheckpointContentsDigest(D4whZtDi2kdQ2RSHkcfyPMxtdfaDND1E8kyFAtrcfxVs), end_of_epoch_data None
[2m2025-03-25T07:56:51.842762Z[0m [32m INFO[0m [1mnode[0m[1m{[0m[3mname[0m[2m=[0mk#99f25ef6..[1m}[0m[2m:[0m [2msui_core::checkpoints::checkpoint_output[0m[2m:[0m [2mcrates/sui-core/src/checkpoints/checkpoint_output.rs[0m[2m:[0m[2m196:[0m Certified checkpoint with sequence 636 and digest 9sicDFWxQho3fGhotNhYTnthajJEBJ458TrgiJyiH1EG
[2m2025-03-25T07:56:51.842875Z[0m [32m INFO[0m [1mnode[0m[1m{[0m[3mname[0m[2m=[0mk#8dcff6d1..[1m}[0m[2m:[0m [2msui_core::checkpoints::checkpoint_output[0m[2m:[0m [2mcrates/sui-core/src/checkpoints/checkpoint_output.rs[0m[2m:[0m[2m196:[0m Certified checkpoint with sequence 636 and digest 9sicDFWxQho3fGhotNhYTnthajJEBJ458TrgiJyiH1EG
[2m2025-03-25T07:56:51.843199Z[0m [32m INFO[0m [1mnode[0m[1m{[0m[3mname[0m[2m=[0mk#8dcff6d1..[1m}[0m[2m:[0m [2msui_core::checkpoints::checkpoint_executor[0m[2m:[0m [2mcrates/sui-core/src/checkpoints/checkpoint_executor/mod.rs[0m[2m:[0m[2m332:[0m Received checkpoint summary from state sync [3msequence_number[0m[2m=[0m636
[2m2025-03-25T07:56:51.843199Z[0m [32m INFO[0m [1mnode[0m[1m{[0m[3mname[0m[2m=[0mk#99f25ef6..[1m}[0m[2m:[0m [2msui_core::checkpoints::checkpoint_executor[0m[2m:[0m [2mcrates/sui-core/src/checkpoints/checkpoint_executor/mod.rs[0m[2m:[0m[2m332:[0m Received checkpoint summary from state sync [3msequence_number[0m[2m=[0m636
[2m2025-03-25T07:56:51.844356Z[0m [32m INFO[0m [1mnode[0m[1m{[0m[3mname[0m[2m=[0mk#99f25ef6..[1m}[0m[2m:[0m [2msui_core::state_accumulator[0m[2m:[0m [2mcrates/sui-core/src/state_accumulator.rs[0m[2m:[0m[2m675:[0m accumulating running root for checkpoint 636
[2m2025-03-25T07:56:51.844359Z[0m [32m INFO[0m [1mnode[0m[1m{[0m[3mname[0m[2m=[0mk#8dcff6d1..[1m}[0m[2m:[0m [2msui_core::state_accumulator[0m[2m:[0m [2mcrates/sui-core/src/state_accumulator.rs[0m[2m:[0m[2m675:[0m accumulating running root for checkpoint 636
[2m2025-03-25T07:56:51.846489Z[0m [32m INFO[0m [1mnode[0m[1m{[0m[3mname[0m[2m=[0mk#addeef94..[1m}[0m[2m:[0m [2msui_core::checkpoints::checkpoint_executor[0m[2m:[0m [2mcrates/sui-core/src/checkpoints/checkpoint_executor/mod.rs[0m[2m:[0m[2m332:[0m Received checkpoint summary from state sync [3msequence_number[0m[2m=[0m636
[2m2025-03-25T07:56:51.847186Z[0m [32m INFO[0m [1mnode[0m[1m{[0m[3mname[0m[2m=[0mk#addeef94..[1m}[0m[2m:[0m [2msui_core::state_accumulator[0m[2m:[0m [2mcrates/sui-core/src/state_accumulator.rs[0m[2m:[0m[2m675:[0m accumulating running root for checkpoint 636
[2m2025-03-25T07:56:51.881865Z[0m [32m INFO[0m [1mnode[0m[1m{[0m[3mname[0m[2m=[0mk#b3f3cbb4..[1m}[0m[2m:[0m [2msui_core::state_accumulator[0m[2m:[0m [2mcrates/sui-core/src/state_accumulator.rs[0m[2m:[0m[2m675:[0m accumulating running root for checkpoint 566
[2m2025-03-25T07:56:51.969251Z[0m [32m INFO[0m [1mnode[0m[1m{[0m[3mname[0m[2m=[0mk#b3f3cbb4..[1m}[0m[2m:[0m [2msui_core::state_accumulator[0m[2m:[0m [2mcrates/sui-core/src/state_accumulator.rs[0m[2m:[0m[2m675:[0m accumulating running root for checkpoint 567
[2m2025-03-25T07:56:52.058367Z[0m [32m INFO[0m [1mnode[0m[1m{[0m[3mname[0m[2m=[0mk#b3f3cbb4..[1m}[0m[2m:[0m [2msui_core::checkpoints::checkpoint_executor[0m[2m:[0m [2mcrates/sui-core/src/checkpoints/checkpoint_executor/mod.rs[0m[2m:[0m[2m332:[0m Received checkpoint summary from state sync [3msequence_number[0m[2m=[0m631
[2m2025-03-25T07:56:52.058963Z[0m [32m INFO[0m [1mnode[0m[1m{[0m[3mname[0m[2m=[0mk#b3f3cbb4..[1m}[0m[2m:[0m [2msui_core::state_accumulator[0m[2m:[0m [2mcrates/sui-core/src/state_accumulator.rs[0m[2m:[0m[2m675:[0m accumulating running root for checkpoint 568
[2m2025-03-25T07:56:52.059166Z[0m [32m INFO[0m [1mnode[0m[1m{[0m[3mname[0m[2m=[0mk#b3f3cbb4..[1m}[0m[2m:[0m [2msui_core::checkpoints::checkpoint_executor[0m[2m:[0m [2mcrates/sui-core/src/checkpoints/checkpoint_executor/mod.rs[0m[2m:[0m[2m332:[0m Received checkpoint summary from state sync [3msequence_number[0m[2m=[0m632
[2m2025-03-25T07:56:52.059207Z[0m [32m INFO[0m [1mnode[0m[1m{[0m[3mname[0m[2m=[0mk#b3f3cbb4..[1m}[0m[2m:[0m [2msui_core::checkpoints::checkpoint_executor[0m[2m:[0m [2mcrates/sui-core/src/checkpoints/checkpoint_executor/mod.rs[0m[2m:[0m[2m332:[0m Received checkpoint summary from state sync [3msequence_number[0m[2m=[0m633
[2m2025-03-25T07:56:52.065119Z[0m [32m INFO[0m [1mnode[0m[1m{[0m[3mname[0m[2m=[0mk#8dcff6d1..[1m}[0m[2m:[0m [2mconsensus_core::core[0m[2m:[0m [2mconsensus/core/src/core.rs[0m[2m:[0m[2m945:[0m Included 3 ancestors & excluded 0 ancestors for proposal in round 438
[2m2025-03-25T07:56:52.065119Z[0m [32m INFO[0m [1mnode[0m[1m{[0m[3mname[0m[2m=[0mk#99f25ef6..[1m}[0m[2m:[0m [2mconsensus_core::core[0m[2m:[0m [2mconsensus/core/src/core.rs[0m[2m:[0m[2m945:[0m Included 3 ancestors & excluded 0 ancestors for proposal in round 438
[2m2025-03-25T07:56:52.065475Z[0m [32m INFO[0m [1mnode[0m[1m{[0m[3mname[0m[2m=[0mk#8dcff6d1..[1m}[0m[2m:[0m [2mconsensus_core::core[0m[2m:[0m [2mconsensus/core/src/core.rs[0m[2m:[0m[2m531:[0m Created block B438(A,TxnLDAUZ6b8OHhkqbapqbtLsM03gAsNXRrwYTzgmHn4=)(1742889412065ms;[B437(A,oJsiUOI435DM6o5NQHb5s8F/8lKOyfP6yVB8Op1ZIrw=), B437(B,k290xoFPiDHG4Z2DHJQ7z3nperTMIU+Fefy55NqQiYw=), B437(C,NdmEDTxshifn7IMpQ95Pk+fMEoi2cZCfC1TRfS4YLkE=)];1t;1c) for round 438
[2m2025-03-25T07:56:52.065475Z[0m [32m INFO[0m [1mnode[0m[1m{[0m[3mname[0m[2m=[0mk#99f25ef6..[1m}[0m[2m:[0m [2mconsensus_core::core[0m[2m:[0m [2mconsensus/core/src/core.rs[0m[2m:[0m[2m531:[0m Created block B438(B,aPtqqDEBM2s5MWibnOpsfTT0AcgpU3ewId+RIZO0l+Y=)(1742889412065ms;[B437(B,k290xoFPiDHG4Z2DHJQ7z3nperTMIU+Fefy55NqQiYw=), B437(A,oJsiUOI435DM6o5NQHb5s8F/8lKOyfP6yVB8Op1ZIrw=), B437(C,NdmEDTxshifn7IMpQ95Pk+fMEoi2cZCfC1TRfS4YLkE=)];1t;1c) for round 438
[2m2025-03-25T07:56:52.067103Z[0m [32m INFO[0m [1mnode[0m[1m{[0m[3mname[0m[2m=[0mk#addeef94..[1m}[0m[2m:[0m [2mconsensus_core::core[0m[2m:[0m [2mconsensus/core/src/core.rs[0m[2m:[0m[2m945:[0m Included 3 ancestors & excluded 0 ancestors for proposal in round 438
[2m2025-03-25T07:56:52.067380Z[0m [32m INFO[0m [1mnode[0m[1m{[0m[3mname[0m[2m=[0mk#addeef94..[1m}[0m[2m:[0m [2mconsensus_core::core[0m[2m:[0m [2mconsensus/core/src/core.rs[0m[2m:[0m[2m531:[0m Created block B438(C,3QY2PWdbFqpTXiUUzhnHECjHHTRaP8SrZolAq720I+Y=)(1742889412067ms;[B437(C,NdmEDTxshifn7IMpQ95Pk+fMEoi2cZCfC1TRfS4YLkE=), B437(A,oJsiUOI435DM6o5NQHb5s8F/8lKOyfP6yVB8Op1ZIrw=), B437(B,k290xoFPiDHG4Z2DHJQ7z3nperTMIU+Fefy55NqQiYw=)];1t;1c) for round 438
[2m2025-03-25T07:56:52.067509Z[0m [32m INFO[0m [1mnode[0m[1m{[0m[3mname[0m[2m=[0mk#addeef94..[1m}[0m[2m:[0m [2mconsensus_core::core[0m[2m:[0m [2mconsensus/core/src/core.rs[0m[2m:[0m[2m630:[0m Committing 1 leaders: B436(B,VO5c)
[2m2025-03-25T07:56:52.067592Z[0m [32m INFO[0m [1mnode[0m[1m{[0m[3mname[0m[2m=[0mk#addeef94..[1m}[0m[2m:[0m [2mconsensus_core::commit_observer[0m[2m:[0m [2mconsensus/core/src/commit_observer.rs[0m[2m:[0m[2m173:[0m Consensus commit C425(ibNq) with leader B436(B,VO5c) has 3 blocks
[2m2025-03-25T07:56:52.067883Z[0m [32m INFO[0m [1mnode[0m[1m{[0m[3mname[0m[2m=[0mk#addeef94..[1m}[0m[2m:[0m [2msui_core::consensus_handler[0m[2m:[0m [2mcrates/sui-core/src/consensus_handler.rs[0m[2m:[0m[2m232:[0m Received consensus output [3mconsensus_commit[0m[2m=[0mCommittedSubDag(leader=B436(B,VO5c), ref=C425(ibNq), blocks=[4yJ/, DTPo, VO5c]) [3mepoch[0m[2m=[0m1
[2m2025-03-25T07:56:52.070920Z[0m [32m INFO[0m [1mnode[0m[1m{[0m[3mname[0m[2m=[0mk#8dcff6d1..[1m}[0m[2m:[0m [2msui_core::checkpoints::checkpoint_output[0m[2m:[0m [2mcrates/sui-core/src/checkpoints/checkpoint_output.rs[0m[2m:[0m[2m196:[0m Certified checkpoint with sequence 637 and digest BjU8tJa5LwXD7v4unhsQbYd7BXYLFyRYZuekSvGNFJs2
[2m2025-03-25T07:56:52.070924Z[0m [32m INFO[0m [1mnode[0m[1m{[0m[3mname[0m[2m=[0mk#99f25ef6..[1m}[0m[2m:[0m [2msui_core::checkpoints::checkpoint_output[0m[2m:[0m [2mcrates/sui-core/src/checkpoints/checkpoint_output.rs[0m[2m:[0m[2m196:[0m Certified checkpoint with sequence 637 and digest BjU8tJa5LwXD7v4unhsQbYd7BXYLFyRYZuekSvGNFJs2
[2m2025-03-25T07:56:52.071032Z[0m [32m INFO[0m [1mnode[0m[1m{[0m[3mname[0m[2m=[0mk#8dcff6d1..[1m}[0m[2m:[0m [2mconsensus_core::core[0m[2m:[0m [2mconsensus/core/src/core.rs[0m[2m:[0m[2m630:[0m Committing 1 leaders: B436(B,VO5c)
[2m2025-03-25T07:56:52.071032Z[0m [32m INFO[0m [1mnode[0m[1m{[0m[3mname[0m[2m=[0mk#99f25ef6..[1m}[0m[2m:[0m [2mconsensus_core::core[0m[2m:[0m [2mconsensus/core/src/core.rs[0m[2m:[0m[2m630:[0m Committing 1 leaders: B436(B,VO5c)
[2m2025-03-25T07:56:52.071142Z[0m [32m INFO[0m [1mnode[0m[1m{[0m[3mname[0m[2m=[0mk#99f25ef6..[1m}[0m[2m:[0m [2mconsensus_core::commit_observer[0m[2m:[0m [2mconsensus/core/src/commit_observer.rs[0m[2m:[0m[2m173:[0m Consensus commit C425(ibNq) with leader B436(B,VO5c) has 3 blocks
[2m2025-03-25T07:56:52.071142Z[0m [32m INFO[0m [1mnode[0m[1m{[0m[3mname[0m[2m=[0mk#8dcff6d1..[1m}[0m[2m:[0m [2mconsensus_core::commit_observer[0m[2m:[0m [2mconsensus/core/src/commit_observer.rs[0m[2m:[0m[2m173:[0m Consensus commit C425(ibNq) with leader B436(B,VO5c) has 3 blocks
[2m2025-03-25T07:56:52.071573Z[0m [32m INFO[0m [1mnode[0m[1m{[0m[3mname[0m[2m=[0mk#8dcff6d1..[1m}[0m[2m:[0m [2msui_core::consensus_handler[0m[2m:[0m [2mcrates/sui-core/src/consensus_handler.rs[0m[2m:[0m[2m232:[0m Received consensus output [3mconsensus_commit[0m[2m=[0mCommittedSubDag(leader=B436(B,VO5c), ref=C425(ibNq), blocks=[4yJ/, DTPo, VO5c]) [3mepoch[0m[2m=[0m1
[2m2025-03-25T07:56:52.071573Z[0m [32m INFO[0m [1mnode[0m[1m{[0m[3mname[0m[2m=[0mk#99f25ef6..[1m}[0m[2m:[0m [2msui_core::consensus_handler[0m[2m:[0m [2mcrates/sui-core/src/consensus_handler.rs[0m[2m:[0m[2m232:[0m Received consensus output [3mconsensus_commit[0m[2m=[0mCommittedSubDag(leader=B436(B,VO5c), ref=C425(ibNq), blocks=[4yJ/, DTPo, VO5c]) [3mepoch[0m[2m=[0m1
[2m2025-03-25T07:56:52.072205Z[0m [32m INFO[0m [1mnode[0m[1m{[0m[3mname[0m[2m=[0mk#8dcff6d1..[1m}[0m[2m:[0m [2msui_core::checkpoints::checkpoint_executor[0m[2m:[0m [2mcrates/sui-core/src/checkpoints/checkpoint_executor/mod.rs[0m[2m:[0m[2m332:[0m Received checkpoint summary from state sync [3msequence_number[0m[2m=[0m637
[2m2025-03-25T07:56:52.072205Z[0m [32m INFO[0m [1mnode[0m[1m{[0m[3mname[0m[2m=[0mk#99f25ef6..[1m}[0m[2m:[0m [2msui_core::checkpoints::checkpoint_executor[0m[2m:[0m [2mcrates/sui-core/src/checkpoints/checkpoint_executor/mod.rs[0m[2m:[0m[2m332:[0m Received checkpoint summary from state sync [3msequence_number[0m[2m=[0m637
[2m2025-03-25T07:56:52.085771Z[0m [32m INFO[0m [1mnode[0m[1m{[0m[3mname[0m[2m=[0mk#8dcff6d1..[1m}[0m[2m:[0m [2msui_core::state_accumulator[0m[2m:[0m [2mcrates/sui-core/src/state_accumulator.rs[0m[2m:[0m[2m675:[0m accumulating running root for checkpoint 637
[2m2025-03-25T07:56:52.085776Z[0m [32m INFO[0m [1mnode[0m[1m{[0m[3mname[0m[2m=[0mk#99f25ef6..[1m}[0m[2m:[0m [2msui_core::state_accumulator[0m[2m:[0m [2mcrates/sui-core/src/state_accumulator.rs[0m[2m:[0m[2m675:[0m accumulating running root for checkpoint 637
[2m2025-03-25T07:56:52.111764Z[0m [32m INFO[0m [1mnode[0m[1m{[0m[3mname[0m[2m=[0mk#addeef94..[1m}[0m[2m:[0m [2msui_core::checkpoints[0m[2m:[0m [2mcrates/sui-core/src/checkpoints/mod.rs[0m[2m:[0m[2m1326:[0m Creating checkpoint(s) for 1 transactions [3mnext_checkpoint_seq[0m[2m=[0m638 [3mcheckpoint_timestamp[0m[2m=[0m1742889411554
[2m2025-03-25T07:56:52.111994Z[0m [32m INFO[0m [1mnode[0m[1m{[0m[3mname[0m[2m=[0mk#addeef94..[1m}[0m[2m:[0m [2msui_core::checkpoints::checkpoint_output[0m[2m:[0m [2mcrates/sui-core/src/checkpoints/checkpoint_output.rs[0m[2m:[0m[2m149:[0m Creating checkpoint CheckpointDigest(AYhvzRSujECbKFEWofX4Rc8EbMzQXgjXYwJD97YxM6zJ) at epoch 1, sequence 638, previous digest Some(CheckpointDigest(BjU8tJa5LwXD7v4unhsQbYd7BXYLFyRYZuekSvGNFJs2)), transactions count 1, content digest CheckpointContentsDigest(HKL5PhHJgwLPKVhxipYth2suowS8UwCeHdJkwyfZBqwo), end_of_epoch_data None
[2m2025-03-25T07:56:52.117946Z[0m [32m INFO[0m [1mnode[0m[1m{[0m[3mname[0m[2m=[0mk#8dcff6d1..[1m}[0m[2m:[0m [2msui_core::checkpoints[0m[2m:[0m [2mcrates/sui-core/src/checkpoints/mod.rs[0m[2m:[0m[2m1326:[0m Creating checkpoint(s) for 1 transactions [3mnext_checkpoint_seq[0m[2m=[0m638 [3mcheckpoint_timestamp[0m[2m=[0m1742889411554
[2m2025-03-25T07:56:52.118138Z[0m [32m INFO[0m [1mnode[0m[1m{[0m[3mname[0m[2m=[0mk#8dcff6d1..[1m}[0m[2m:[0m [2msui_core::checkpoints::checkpoint_output[0m[2m:[0m [2mcrates/sui-core/src/checkpoints/checkpoint_output.rs[0m[2m:[0m[2m149:[0m Creating checkpoint CheckpointDigest(AYhvzRSujECbKFEWofX4Rc8EbMzQXgjXYwJD97YxM6zJ) at epoch 1, sequence 638, previous digest Some(CheckpointDigest(BjU8tJa5LwXD7v4unhsQbYd7BXYLFyRYZuekSvGNFJs2)), transactions count 1, content digest CheckpointContentsDigest(HKL5PhHJgwLPKVhxipYth2suowS8UwCeHdJkwyfZBqwo), end_of_epoch_data None
[2m2025-03-25T07:56:52.118163Z[0m [32m INFO[0m [1mnode[0m[1m{[0m[3mname[0m[2m=[0mk#99f25ef6..[1m}[0m[2m:[0m [2msui_core::checkpoints[0m[2m:[0m [2mcrates/sui-core/src/checkpoints/mod.rs[0m[2m:[0m[2m1326:[0m Creating checkpoint(s) for 1 transactions [3mnext_checkpoint_seq[0m[2m=[0m638 [3mcheckpoint_timestamp[0m[2m=[0m1742889411554
[2m2025-03-25T07:56:52.118332Z[0m [32m INFO[0m [1mnode[0m[1m{[0m[3mname[0m[2m=[0mk#99f25ef6..[1m}[0m[2m:[0m [2msui_core::checkpoints::checkpoint_output[0m[2m:[0m [2mcrates/sui-core/src/checkpoints/checkpoint_output.rs[0m[2m:[0m[2m149:[0m Creating checkpoint CheckpointDigest(AYhvzRSujECbKFEWofX4Rc8EbMzQXgjXYwJD97YxM6zJ) at epoch 1, sequence 638, previous digest Some(CheckpointDigest(BjU8tJa5LwXD7v4unhsQbYd7BXYLFyRYZuekSvGNFJs2)), transactions count 1, content digest CheckpointContentsDigest(HKL5PhHJgwLPKVhxipYth2suowS8UwCeHdJkwyfZBqwo), end_of_epoch_data None
[2m2025-03-25T07:56:52.141942Z[0m [32m INFO[0m [1mnode[0m[1m{[0m[3mname[0m[2m=[0mk#b3f3cbb4..[1m}[0m[2m:[0m [2msui_core::checkpoints::checkpoint_executor[0m[2m:[0m [2mcrates/sui-core/src/checkpoints/checkpoint_executor/mod.rs[0m[2m:[0m[2m332:[0m Received checkpoint summary from state sync [3msequence_number[0m[2m=[0m634
[2m2025-03-25T07:56:52.142076Z[0m [32m INFO[0m [1mnode[0m[1m{[0m[3mname[0m[2m=[0mk#b3f3cbb4..[1m}[0m[2m:[0m [2msui_core::checkpoints::checkpoint_executor[0m[2m:[0m [2mcrates/sui-core/src/checkpoints/checkpoint_executor/mod.rs[0m[2m:[0m[2m332:[0m Received checkpoint summary from state sync [3msequence_number[0m[2m=[0m635
[2m2025-03-25T07:56:52.144733Z[0m [32m INFO[0m [1mnode[0m[1m{[0m[3mname[0m[2m=[0mk#b3f3cbb4..[1m}[0m[2m:[0m [2msui_core::state_accumulator[0m[2m:[0m [2mcrates/sui-core/src/state_accumulator.rs[0m[2m:[0m[2m675:[0m accumulating running root for checkpoint 569
[2m2025-03-25T07:56:52.179801Z[0m [32m INFO[0m [1mnode[0m[1m{[0m[3mname[0m[2m=[0mk#addeef94..[1m}[0m[2m:[0m [2msui_core::checkpoints::checkpoint_executor[0m[2m:[0m [2mcrates/sui-core/src/checkpoints/checkpoint_executor/mod.rs[0m[2m:[0m[2m332:[0m Received checkpoint summary from state sync [3msequence_number[0m[2m=[0m637
[2m2025-03-25T07:56:52.181259Z[0m [32m INFO[0m [1mnode[0m[1m{[0m[3mname[0m[2m=[0mk#addeef94..[1m}[0m[2m:[0m [2msui_core::state_accumulator[0m[2m:[0m [2mcrates/sui-core/src/state_accumulator.rs[0m[2m:[0m[2m675:[0m accumulating running root for checkpoint 637
[2m2025-03-25T07:56:52.320154Z[0m [32m INFO[0m [1mnode[0m[1m{[0m[3mname[0m[2m=[0mk#addeef94..[1m}[0m[2m:[0m [2mconsensus_core::core[0m[2m:[0m [2mconsensus/core/src/core.rs[0m[2m:[0m[2m945:[0m Included 3 ancestors & excluded 0 ancestors for proposal in round 439
[2m2025-03-25T07:56:52.320575Z[0m [32m INFO[0m [1mnode[0m[1m{[0m[3mname[0m[2m=[0mk#addeef94..[1m}[0m[2m:[0m [2mconsensus_core::core[0m[2m:[0m [2mconsensus/core/src/core.rs[0m[2m:[0m[2m531:[0m Created block B439(C,v2ohJPP1cWjcv7vdWgSEoBpA9g3zwCdqFRIBw8lyRSw=)(1742889412320ms;[B438(C,3QY2PWdbFqpTXiUUzhnHECjHHTRaP8SrZolAq720I+Y=), B438(A,TxnLDAUZ6b8OHhkqbapqbtLsM03gAsNXRrwYTzgmHn4=), B438(B,aPtqqDEBM2s5MWibnOpsfTT0AcgpU3ewId+RIZO0l+Y=)];1t;1c) for round 439
[2m2025-03-25T07:56:52.322568Z[0m [32m INFO[0m [1mnode[0m[1m{[0m[3mname[0m[2m=[0mk#8dcff6d1..[1m}[0m[2m:[0m [2mconsensus_core::core[0m[2m:[0m [2mconsensus/core/src/core.rs[0m[2m:[0m[2m945:[0m Included 3 ancestors & excluded 0 ancestors for proposal in round 439
[2m2025-03-25T07:56:52.322571Z[0m [32m INFO[0m [1mnode[0m[1m{[0m[3mname[0m[2m=[0mk#99f25ef6..[1m}[0m[2m:[0m [2mconsensus_core::core[0m[2m:[0m [2mconsensus/core/src/core.rs[0m[2m:[0m[2m945:[0m Included 3 ancestors & excluded 0 ancestors for proposal in round 439
[2m2025-03-25T07:56:52.322859Z[0m [32m INFO[0m [1mnode[0m[1m{[0m[3mname[0m[2m=[0mk#8dcff6d1..[1m}[0m[2m:[0m [2mconsensus_core::core[0m[2m:[0m [2mconsensus/core/src/core.rs[0m[2m:[0m[2m531:[0m Created block B439(A,wcVlIqw01Rz2aCksI01BaVpL2hn191rMN9p6gTP3pT0=)(1742889412322ms;[B438(A,TxnLDAUZ6b8OHhkqbapqbtLsM03gAsNXRrwYTzgmHn4=), B438(B,aPtqqDEBM2s5MWibnOpsfTT0AcgpU3ewId+RIZO0l+Y=), B438(C,3QY2PWdbFqpTXiUUzhnHECjHHTRaP8SrZolAq720I+Y=)];1t;1c) for round 439
[2m2025-03-25T07:56:52.322873Z[0m [32m INFO[0m [1mnode[0m[1m{[0m[3mname[0m[2m=[0mk#99f25ef6..[1m}[0m[2m:[0m [2mconsensus_core::core[0m[2m:[0m [2mconsensus/core/src/core.rs[0m[2m:[0m[2m531:[0m Created block B439(B,EhC3zRxF1Ro8ZthEqnq24N4+sPat0+95RytNn6Xu/gY=)(1742889412322ms;[B438(B,aPtqqDEBM2s5MWibnOpsfTT0AcgpU3ewId+RIZO0l+Y=), B438(A,TxnLDAUZ6b8OHhkqbapqbtLsM03gAsNXRrwYTzgmHn4=), B438(C,3QY2PWdbFqpTXiUUzhnHECjHHTRaP8SrZolAq720I+Y=)];1t;1c) for round 439
[2m2025-03-25T07:56:52.322930Z[0m [32m INFO[0m [1mnode[0m[1m{[0m[3mname[0m[2m=[0mk#8dcff6d1..[1m}[0m[2m:[0m [2mconsensus_core::core[0m[2m:[0m [2mconsensus/core/src/core.rs[0m[2m:[0m[2m630:[0m Committing 1 leaders: B437(B,k290)
[2m2025-03-25T07:56:52.322939Z[0m [32m INFO[0m [1mnode[0m[1m{[0m[3mname[0m[2m=[0mk#99f25ef6..[1m}[0m[2m:[0m [2mconsensus_core::core[0m[2m:[0m [2mconsensus/core/src/core.rs[0m[2m:[0m[2m630:[0m Committing 1 leaders: B437(B,k290)
[2m2025-03-25T07:56:52.323001Z[0m [32m INFO[0m [1mnode[0m[1m{[0m[3mname[0m[2m=[0mk#8dcff6d1..[1m}[0m[2m:[0m [2mconsensus_core::commit_observer[0m[2m:[0m [2mconsensus/core/src/commit_observer.rs[0m[2m:[0m[2m173:[0m Consensus commit C426(xcQQ) with leader B437(B,k290) has 3 blocks
[2m2025-03-25T07:56:52.323006Z[0m [32m INFO[0m [1mnode[0m[1m{[0m[3mname[0m[2m=[0mk#99f25ef6..[1m}[0m[2m:[0m [2mconsensus_core::commit_observer[0m[2m:[0m [2mconsensus/core/src/commit_observer.rs[0m[2m:[0m[2m173:[0m Consensus commit C426(xcQQ) with leader B437(B,k290) has 3 blocks
[2m2025-03-25T07:56:52.323087Z[0m [32m INFO[0m [1mnode[0m[1m{[0m[3mname[0m[2m=[0mk#8dcff6d1..[1m}[0m[2m:[0m [2msui_core::consensus_handler[0m[2m:[0m [2mcrates/sui-core/src/consensus_handler.rs[0m[2m:[0m[2m232:[0m Received consensus output [3mconsensus_commit[0m[2m=[0mCommittedSubDag(leader=B437(B,k290), ref=C426(xcQQ), blocks=[AS+S, wWgK, k290]) [3mepoch[0m[2m=[0m1
[2m2025-03-25T07:56:52.323088Z[0m [32m INFO[0m [1mnode[0m[1m{[0m[3mname[0m[2m=[0mk#99f25ef6..[1m}[0m[2m:[0m [2msui_core::consensus_handler[0m[2m:[0m [2mcrates/sui-core/src/consensus_handler.rs[0m[2m:[0m[2m232:[0m Received consensus output [3mconsensus_commit[0m[2m=[0mCommittedSubDag(leader=B437(B,k290), ref=C426(xcQQ), blocks=[AS+S, wWgK, k290]) [3mepoch[0m[2m=[0m1
[2m2025-03-25T07:56:52.326795Z[0m [32m INFO[0m [1mnode[0m[1m{[0m[3mname[0m[2m=[0mk#addeef94..[1m}[0m[2m:[0m [2mconsensus_core::core[0m[2m:[0m [2mconsensus/core/src/core.rs[0m[2m:[0m[2m630:[0m Committing 1 leaders: B437(B,k290)
[2m2025-03-25T07:56:52.326895Z[0m [32m INFO[0m [1mnode[0m[1m{[0m[3mname[0m[2m=[0mk#addeef94..[1m}[0m[2m:[0m [2mconsensus_core::commit_observer[0m[2m:[0m [2mconsensus/core/src/commit_observer.rs[0m[2m:[0m[2m173:[0m Consensus commit C426(xcQQ) with leader B437(B,k290) has 3 blocks
[2m2025-03-25T07:56:52.327031Z[0m [32m INFO[0m [1mnode[0m[1m{[0m[3mname[0m[2m=[0mk#addeef94..[1m}[0m[2m:[0m [2msui_core::consensus_handler[0m[2m:[0m [2mcrates/sui-core/src/consensus_handler.rs[0m[2m:[0m[2m232:[0m Received consensus output [3mconsensus_commit[0m[2m=[0mCommittedSubDag(leader=B437(B,k290), ref=C426(xcQQ), blocks=[AS+S, wWgK, k290]) [3mepoch[0m[2m=[0m1
[2m2025-03-25T07:56:52.349850Z[0m [32m INFO[0m [1mnode[0m[1m{[0m[3mname[0m[2m=[0mk#8dcff6d1..[1m}[0m[2m:[0m [2msui_core::checkpoints[0m[2m:[0m [2mcrates/sui-core/src/checkpoints/mod.rs[0m[2m:[0m[2m1326:[0m Creating checkpoint(s) for 2 transactions [3mnext_checkpoint_seq[0m[2m=[0m639 [3mcheckpoint_timestamp[0m[2m=[0m1742889411812
[2m2025-03-25T07:56:52.349850Z[0m [32m INFO[0m [1mnode[0m[1m{[0m[3mname[0m[2m=[0mk#99f25ef6..[1m}[0m[2m:[0m [2msui_core::checkpoints[0m[2m:[0m [2mcrates/sui-core/src/checkpoints/mod.rs[0m[2m:[0m[2m1326:[0m Creating checkpoint(s) for 2 transactions [3mnext_checkpoint_seq[0m[2m=[0m639 [3mcheckpoint_timestamp[0m[2m=[0m1742889411812
[2m2025-03-25T07:56:52.350166Z[0m [32m INFO[0m [1mnode[0m[1m{[0m[3mname[0m[2m=[0mk#8dcff6d1..[1m}[0m[2m:[0m [2msui_core::checkpoints::checkpoint_output[0m[2m:[0m [2mcrates/sui-core/src/checkpoints/checkpoint_output.rs[0m[2m:[0m[2m149:[0m Creating checkpoint CheckpointDigest(53CeYSsCtuKsoJjRk3o5BEczL48jfUf4CYfvsYTdZioC) at epoch 1, sequence 639, previous digest Some(CheckpointDigest(AYhvzRSujECbKFEWofX4Rc8EbMzQXgjXYwJD97YxM6zJ)), transactions count 2, content digest CheckpointContentsDigest(C7vSGsFgM8pduj4u52qBgN5KH24RSgRk2oZvGYSHUY1K), end_of_epoch_data None
[2m2025-03-25T07:56:52.350166Z[0m [32m INFO[0m [1mnode[0m[1m{[0m[3mname[0m[2m=[0mk#99f25ef6..[1m}[0m[2m:[0m [2msui_core::checkpoints::checkpoint_output[0m[2m:[0m [2mcrates/sui-core/src/checkpoints/checkpoint_output.rs[0m[2m:[0m[2m149:[0m Creating checkpoint CheckpointDigest(53CeYSsCtuKsoJjRk3o5BEczL48jfUf4CYfvsYTdZioC) at epoch 1, sequence 639, previous digest Some(CheckpointDigest(AYhvzRSujECbKFEWofX4Rc8EbMzQXgjXYwJD97YxM6zJ)), transactions count 2, content digest CheckpointContentsDigest(C7vSGsFgM8pduj4u52qBgN5KH24RSgRk2oZvGYSHUY1K), end_of_epoch_data None
[2m2025-03-25T07:56:52.353131Z[0m [32m INFO[0m [1mnode[0m[1m{[0m[3mname[0m[2m=[0mk#addeef94..[1m}[0m[2m:[0m [2msui_core::checkpoints[0m[2m:[0m [2mcrates/sui-core/src/checkpoints/mod.rs[0m[2m:[0m[2m1326:[0m Creating checkpoint(s) for 2 transactions [3mnext_checkpoint_seq[0m[2m=[0m639 [3mcheckpoint_timestamp[0m[2m=[0m1742889411812
[2m2025-03-25T07:56:52.353366Z[0m [32m INFO[0m [1mnode[0m[1m{[0m[3mname[0m[2m=[0mk#99f25ef6..[1m}[0m[2m:[0m [2msui_core::checkpoints::checkpoint_output[0m[2m:[0m [2mcrates/sui-core/src/checkpoints/checkpoint_output.rs[0m[2m:[0m[2m196:[0m Certified checkpoint with sequence 638 and digest AYhvzRSujECbKFEWofX4Rc8EbMzQXgjXYwJD97YxM6zJ
[2m2025-03-25T07:56:52.353388Z[0m [32m INFO[0m [1mnode[0m[1m{[0m[3mname[0m[2m=[0mk#addeef94..[1m}[0m[2m:[0m [2msui_core::checkpoints::checkpoint_output[0m[2m:[0m [2mcrates/sui-core/src/checkpoints/checkpoint_output.rs[0m[2m:[0m[2m149:[0m Creating checkpoint CheckpointDigest(53CeYSsCtuKsoJjRk3o5BEczL48jfUf4CYfvsYTdZioC) at epoch 1, sequence 639, previous digest Some(CheckpointDigest(AYhvzRSujECbKFEWofX4Rc8EbMzQXgjXYwJD97YxM6zJ)), transactions count 2, content digest CheckpointContentsDigest(C7vSGsFgM8pduj4u52qBgN5KH24RSgRk2oZvGYSHUY1K), end_of_epoch_data None
[2m2025-03-25T07:56:52.353445Z[0m [32m INFO[0m [1mnode[0m[1m{[0m[3mname[0m[2m=[0mk#8dcff6d1..[1m}[0m[2m:[0m [2msui_core::checkpoints::checkpoint_output[0m[2m:[0m [2mcrates/sui-core/src/checkpoints/checkpoint_output.rs[0m[2m:[0m[2m196:[0m Certified checkpoint with sequence 638 and digest AYhvzRSujECbKFEWofX4Rc8EbMzQXgjXYwJD97YxM6zJ
[2m2025-03-25T07:56:52.353807Z[0m [32m INFO[0m [1mnode[0m[1m{[0m[3mname[0m[2m=[0mk#8dcff6d1..[1m}[0m[2m:[0m [2msui_core::checkpoints::checkpoint_executor[0m[2m:[0m [2mcrates/sui-core/src/checkpoints/checkpoint_executor/mod.rs[0m[2m:[0m[2m332:[0m Received checkpoint summary from state sync [3msequence_number[0m[2m=[0m638
[2m2025-03-25T07:56:52.353807Z[0m [32m INFO[0m [1mnode[0m[1m{[0m[3mname[0m[2m=[0mk#99f25ef6..[1m}[0m[2m:[0m [2msui_core::checkpoints::checkpoint_executor[0m[2m:[0m [2mcrates/sui-core/src/checkpoints/checkpoint_executor/mod.rs[0m[2m:[0m[2m332:[0m Received checkpoint summary from state sync [3msequence_number[0m[2m=[0m638
[2m2025-03-25T07:56:52.354975Z[0m [32m INFO[0m [1mnode[0m[1m{[0m[3mname[0m[2m=[0mk#99f25ef6..[1m}[0m[2m:[0m [2msui_core::state_accumulator[0m[2m:[0m [2mcrates/sui-core/src/state_accumulator.rs[0m[2m:[0m[2m675:[0m accumulating running root for checkpoint 638
[2m2025-03-25T07:56:52.354976Z[0m [32m INFO[0m [1mnode[0m[1m{[0m[3mname[0m[2m=[0mk#8dcff6d1..[1m}[0m[2m:[0m [2msui_core::state_accumulator[0m[2m:[0m [2mcrates/sui-core/src/state_accumulator.rs[0m[2m:[0m[2m675:[0m accumulating running root for checkpoint 638
[2m2025-03-25T07:56:52.357151Z[0m [32m INFO[0m [1mnode[0m[1m{[0m[3mname[0m[2m=[0mk#addeef94..[1m}[0m[2m:[0m [2msui_core::checkpoints::checkpoint_executor[0m[2m:[0m [2mcrates/sui-core/src/checkpoints/checkpoint_executor/mod.rs[0m[2m:[0m[2m332:[0m Received checkpoint summary from state sync [3msequence_number[0m[2m=[0m638
[2m2025-03-25T07:56:52.357882Z[0m [32m INFO[0m [1mnode[0m[1m{[0m[3mname[0m[2m=[0mk#addeef94..[1m}[0m[2m:[0m [2msui_core::state_accumulator[0m[2m:[0m [2mcrates/sui-core/src/state_accumulator.rs[0m[2m:[0m[2m675:[0m accumulating running root for checkpoint 638
[2m2025-03-25T07:56:52.575986Z[0m [32m INFO[0m [1mnode[0m[1m{[0m[3mname[0m[2m=[0mk#8dcff6d1..[1m}[0m[2m:[0m [2mconsensus_core::core[0m[2m:[0m [2mconsensus/core/src/core.rs[0m[2m:[0m[2m945:[0m Included 3 ancestors & excluded 0 ancestors for proposal in round 440
[2m2025-03-25T07:56:52.576181Z[0m [32m INFO[0m [1mnode[0m[1m{[0m[3mname[0m[2m=[0mk#99f25ef6..[1m}[0m[2m:[0m [2mconsensus_core::core[0m[2m:[0m [2mconsensus/core/src/core.rs[0m[2m:[0m[2m945:[0m Included 3 ancestors & excluded 0 ancestors for proposal in round 440
[2m2025-03-25T07:56:52.576393Z[0m [32m INFO[0m [1mnode[0m[1m{[0m[3mname[0m[2m=[0mk#8dcff6d1..[1m}[0m[2m:[0m [2mconsensus_core::core[0m[2m:[0m [2mconsensus/core/src/core.rs[0m[2m:[0m[2m531:[0m Created block B440(A,6nAQcQAEkk0VPj/ZUC91WE1sxxJzTZyY7DKfFTXDa+Q=)(1742889412576ms;[B439(A,wcVlIqw01Rz2aCksI01BaVpL2hn191rMN9p6gTP3pT0=), B439(B,EhC3zRxF1Ro8ZthEqnq24N4+sPat0+95RytNn6Xu/gY=), B439(C,v2ohJPP1cWjcv7vdWgSEoBpA9g3zwCdqFRIBw8lyRSw=)];1t;1c) for round 440
[2m2025-03-25T07:56:52.576488Z[0m [32m INFO[0m [1mnode[0m[1m{[0m[3mname[0m[2m=[0mk#99f25ef6..[1m}[0m[2m:[0m [2mconsensus_core::core[0m[2m:[0m [2mconsensus/core/src/core.rs[0m[2m:[0m[2m531:[0m Created block B440(B,IGwn6HXcRi3OgiQNNe0l1cLZqIrKyuZbw9EPAdMxwcU=)(1742889412576ms;[B439(B,EhC3zRxF1Ro8ZthEqnq24N4+sPat0+95RytNn6Xu/gY=), B439(A,wcVlIqw01Rz2aCksI01BaVpL2hn191rMN9p6gTP3pT0=), B439(C,v2ohJPP1cWjcv7vdWgSEoBpA9g3zwCdqFRIBw8lyRSw=)];1t;1c) for round 440
[2m2025-03-25T07:56:52.579636Z[0m [32m INFO[0m [1mnode[0m[1m{[0m[3mname[0m[2m=[0mk#addeef94..[1m}[0m[2m:[0m [2mconsensus_core::core[0m[2m:[0m [2mconsensus/core/src/core.rs[0m[2m:[0m[2m945:[0m Included 3 ancestors & excluded 0 ancestors for proposal in round 440
[2m2025-03-25T07:56:52.579939Z[0m [32m INFO[0m [1mnode[0m[1m{[0m[3mname[0m[2m=[0mk#addeef94..[1m}[0m[2m:[0m [2mconsensus_core::core[0m[2m:[0m [2mconsensus/core/src/core.rs[0m[2m:[0m[2m531:[0m Created block B440(C,tL5/C0XrpLtVxAEIxXQLwbiYuHo8RbgwXI83DQ1DB+g=)(1742889412579ms;[B439(C,v2ohJPP1cWjcv7vdWgSEoBpA9g3zwCdqFRIBw8lyRSw=), B439(A,wcVlIqw01Rz2aCksI01BaVpL2hn191rMN9p6gTP3pT0=), B439(B,EhC3zRxF1Ro8ZthEqnq24N4+sPat0+95RytNn6Xu/gY=)];1t;1c) for round 440
[2m2025-03-25T07:56:52.580015Z[0m [32m INFO[0m [1mnode[0m[1m{[0m[3mname[0m[2m=[0mk#addeef94..[1m}[0m[2m:[0m [2mconsensus_core::core[0m[2m:[0m [2mconsensus/core/src/core.rs[0m[2m:[0m[2m630:[0m Committing 1 leaders: B438(C,3QY2)
[2m2025-03-25T07:56:52.580091Z[0m [32m INFO[0m [1mnode[0m[1m{[0m[3mname[0m[2m=[0mk#addeef94..[1m}[0m[2m:[0m [2mconsensus_core::commit_observer[0m[2m:[0m [2mconsensus/core/src/commit_observer.rs[0m[2m:[0m[2m173:[0m Consensus commit C427(NBrh) with leader B438(C,3QY2) has 3 blocks
[2m2025-03-25T07:56:52.580347Z[0m [32m INFO[0m [1mnode[0m[1m{[0m[3mname[0m[2m=[0mk#addeef94..[1m}[0m[2m:[0m [2msui_core::consensus_handler[0m[2m:[0m [2mcrates/sui-core/src/consensus_handler.rs[0m[2m:[0m[2m232:[0m Received consensus output [3mconsensus_commit[0m[2m=[0mCommittedSubDag(leader=B438(C,3QY2), ref=C427(NBrh), blocks=[oJsi, NdmE, 3QY2]) [3mepoch[0m[2m=[0m1
[2m2025-03-25T07:56:52.583518Z[0m [32m INFO[0m [1mnode[0m[1m{[0m[3mname[0m[2m=[0mk#99f25ef6..[1m}[0m[2m:[0m [2msui_core::checkpoints::checkpoint_output[0m[2m:[0m [2mcrates/sui-core/src/checkpoints/checkpoint_output.rs[0m[2m:[0m[2m196:[0m Certified checkpoint with sequence 639 and digest 53CeYSsCtuKsoJjRk3o5BEczL48jfUf4CYfvsYTdZioC
[2m2025-03-25T07:56:52.583520Z[0m [32m INFO[0m [1mnode[0m[1m{[0m[3mname[0m[2m=[0mk#8dcff6d1..[1m}[0m[2m:[0m [2msui_core::checkpoints::checkpoint_output[0m[2m:[0m [2mcrates/sui-core/src/checkpoints/checkpoint_output.rs[0m[2m:[0m[2m196:[0m Certified checkpoint with sequence 639 and digest 53CeYSsCtuKsoJjRk3o5BEczL48jfUf4CYfvsYTdZioC
[2m2025-03-25T07:56:52.583634Z[0m [32m INFO[0m [1mnode[0m[1m{[0m[3mname[0m[2m=[0mk#8dcff6d1..[1m}[0m[2m:[0m [2mconsensus_core::core[0m[2m:[0m [2mconsensus/core/src/core.rs[0m[2m:[0m[2m630:[0m Committing 1 leaders: B438(C,3QY2)
[2m2025-03-25T07:56:52.583634Z[0m [32m INFO[0m [1mnode[0m[1m{[0m[3mname[0m[2m=[0mk#99f25ef6..[1m}[0m[2m:[0m [2mconsensus_core::core[0m[2m:[0m [2mconsensus/core/src/core.rs[0m[2m:[0m[2m630:[0m Committing 1 leaders: B438(C,3QY2)
[2m2025-03-25T07:56:52.583737Z[0m [32m INFO[0m [1mnode[0m[1m{[0m[3mname[0m[2m=[0mk#8dcff6d1..[1m}[0m[2m:[0m [2mconsensus_core::commit_observer[0m[2m:[0m [2mconsensus/core/src/commit_observer.rs[0m[2m:[0m[2m173:[0m Consensus commit C427(NBrh) with leader B438(C,3QY2) has 3 blocks
[2m2025-03-25T07:56:52.583742Z[0m [32m INFO[0m [1mnode[0m[1m{[0m[3mname[0m[2m=[0mk#99f25ef6..[1m}[0m[2m:[0m [2mconsensus_core::commit_observer[0m[2m:[0m [2mconsensus/core/src/commit_observer.rs[0m[2m:[0m[2m173:[0m Consensus commit C427(NBrh) with leader B438(C,3QY2) has 3 blocks
[2m2025-03-25T07:56:52.584189Z[0m [32m INFO[0m [1mnode[0m[1m{[0m[3mname[0m[2m=[0mk#8dcff6d1..[1m}[0m[2m:[0m [2msui_core::consensus_handler[0m[2m:[0m [2mcrates/sui-core/src/consensus_handler.rs[0m[2m:[0m[2m232:[0m Received consensus output [3mconsensus_commit[0m[2m=[0mCommittedSubDag(leader=B438(C,3QY2), ref=C427(NBrh), blocks=[oJsi, NdmE, 3QY2]) [3mepoch[0m[2m=[0m1
[2m2025-03-25T07:56:52.584189Z[0m [32m INFO[0m [1mnode[0m[1m{[0m[3mname[0m[2m=[0mk#99f25ef6..[1m}[0m[2m:[0m [2msui_core::consensus_handler[0m[2m:[0m [2mcrates/sui-core/src/consensus_handler.rs[0m[2m:[0m[2m232:[0m Received consensus output [3mconsensus_commit[0m[2m=[0mCommittedSubDag(leader=B438(C,3QY2), ref=C427(NBrh), blocks=[oJsi, NdmE, 3QY2]) [3mepoch[0m[2m=[0m1
[2m2025-03-25T07:56:52.584821Z[0m [32m INFO[0m [1mnode[0m[1m{[0m[3mname[0m[2m=[0mk#8dcff6d1..[1m}[0m[2m:[0m [2msui_core::checkpoints::checkpoint_executor[0m[2m:[0m [2mcrates/sui-core/src/checkpoints/checkpoint_executor/mod.rs[0m[2m:[0m[2m332:[0m Received checkpoint summary from state sync [3msequence_number[0m[2m=[0m639
[2m2025-03-25T07:56:52.584821Z[0m [32m INFO[0m [1mnode[0m[1m{[0m[3mname[0m[2m=[0mk#99f25ef6..[1m}[0m[2m:[0m [2msui_core::checkpoints::checkpoint_executor[0m[2m:[0m [2mcrates/sui-core/src/checkpoints/checkpoint_executor/mod.rs[0m[2m:[0m[2m332:[0m Received checkpoint summary from state sync [3msequence_number[0m[2m=[0m639
[2m2025-03-25T07:56:52.598469Z[0m [32m INFO[0m [1mnode[0m[1m{[0m[3mname[0m[2m=[0mk#8dcff6d1..[1m}[0m[2m:[0m [2msui_core::state_accumulator[0m[2m:[0m [2mcrates/sui-core/src/state_accumulator.rs[0m[2m:[0m[2m675:[0m accumulating running root for checkpoint 639
[2m2025-03-25T07:56:52.598472Z[0m [32m INFO[0m [1mnode[0m[1m{[0m[3mname[0m[2m=[0mk#99f25ef6..[1m}[0m[2m:[0m [2msui_core::state_accumulator[0m[2m:[0m [2mcrates/sui-core/src/state_accumulator.rs[0m[2m:[0m[2m675:[0m accumulating running root for checkpoint 639
[2m2025-03-25T07:56:52.625264Z[0m [32m INFO[0m [1mnode[0m[1m{[0m[3mname[0m[2m=[0mk#addeef94..[1m}[0m[2m:[0m [2msui_core::checkpoints[0m[2m:[0m [2mcrates/sui-core/src/checkpoints/mod.rs[0m[2m:[0m[2m1326:[0m Creating checkpoint(s) for 1 transactions [3mnext_checkpoint_seq[0m[2m=[0m640 [3mcheckpoint_timestamp[0m[2m=[0m1742889412067
[2m2025-03-25T07:56:52.625503Z[0m [32m INFO[0m [1mnode[0m[1m{[0m[3mname[0m[2m=[0mk#addeef94..[1m}[0m[2m:[0m [2msui_core::checkpoints::checkpoint_output[0m[2m:[0m [2mcrates/sui-core/src/checkpoints/checkpoint_output.rs[0m[2m:[0m[2m149:[0m Creating checkpoint CheckpointDigest(6cY1qLUWtDNBNSGWZULsiPf3YCG2a24zKV4emjZiJXjo) at epoch 1, sequence 640, previous digest Some(CheckpointDigest(53CeYSsCtuKsoJjRk3o5BEczL48jfUf4CYfvsYTdZioC)), transactions count 1, content digest CheckpointContentsDigest(8GwkPKou57NRTX1RCjwVu7EuAsLhV1zAHCjSs7aMW5pU), end_of_epoch_data None
[2m2025-03-25T07:56:52.630020Z[0m [32m INFO[0m [1mnode[0m[1m{[0m[3mname[0m[2m=[0mk#8dcff6d1..[1m}[0m[2m:[0m [2msui_core::checkpoints[0m[2m:[0m [2mcrates/sui-core/src/checkpoints/mod.rs[0m[2m:[0m[2m1326:[0m Creating checkpoint(s) for 1 transactions [3mnext_checkpoint_seq[0m[2m=[0m640 [3mcheckpoint_timestamp[0m[2m=[0m1742889412067
[2m2025-03-25T07:56:52.630060Z[0m [32m INFO[0m [1mnode[0m[1m{[0m[3mname[0m[2m=[0mk#99f25ef6..[1m}[0m[2m:[0m [2msui_core::checkpoints[0m[2m:[0m [2mcrates/sui-core/src/checkpoints/mod.rs[0m[2m:[0m[2m1326:[0m Creating checkpoint(s) for 1 transactions [3mnext_checkpoint_seq[0m[2m=[0m640 [3mcheckpoint_timestamp[0m[2m=[0m1742889412067
[2m2025-03-25T07:56:52.630201Z[0m [32m INFO[0m [1mnode[0m[1m{[0m[3mname[0m[2m=[0mk#8dcff6d1..[1m}[0m[2m:[0m [2msui_core::checkpoints::checkpoint_output[0m[2m:[0m [2mcrates/sui-core/src/checkpoints/checkpoint_output.rs[0m[2m:[0m[2m149:[0m Creating checkpoint CheckpointDigest(6cY1qLUWtDNBNSGWZULsiPf3YCG2a24zKV4emjZiJXjo) at epoch 1, sequence 640, previous digest Some(CheckpointDigest(53CeYSsCtuKsoJjRk3o5BEczL48jfUf4CYfvsYTdZioC)), transactions count 1, content digest CheckpointContentsDigest(8GwkPKou57NRTX1RCjwVu7EuAsLhV1zAHCjSs7aMW5pU), end_of_epoch_data None
[2m2025-03-25T07:56:52.630228Z[0m [32m INFO[0m [1mnode[0m[1m{[0m[3mname[0m[2m=[0mk#99f25ef6..[1m}[0m[2m:[0m [2msui_core::checkpoints::checkpoint_output[0m[2m:[0m [2mcrates/sui-core/src/checkpoints/checkpoint_output.rs[0m[2m:[0m[2m149:[0m Creating checkpoint CheckpointDigest(6cY1qLUWtDNBNSGWZULsiPf3YCG2a24zKV4emjZiJXjo) at epoch 1, sequence 640, previous digest Some(CheckpointDigest(53CeYSsCtuKsoJjRk3o5BEczL48jfUf4CYfvsYTdZioC)), transactions count 1, content digest CheckpointContentsDigest(8GwkPKou57NRTX1RCjwVu7EuAsLhV1zAHCjSs7aMW5pU), end_of_epoch_data None
[2m2025-03-25T07:56:52.692871Z[0m [32m INFO[0m [1mnode[0m[1m{[0m[3mname[0m[2m=[0mk#addeef94..[1m}[0m[2m:[0m [2msui_core::checkpoints::checkpoint_executor[0m[2m:[0m [2mcrates/sui-core/src/checkpoints/checkpoint_executor/mod.rs[0m[2m:[0m[2m332:[0m Received checkpoint summary from state sync [3msequence_number[0m[2m=[0m639
[2m2025-03-25T07:56:52.694477Z[0m [32m INFO[0m [1mnode[0m[1m{[0m[3mname[0m[2m=[0mk#addeef94..[1m}[0m[2m:[0m [2msui_core::state_accumulator[0m[2m:[0m [2mcrates/sui-core/src/state_accumulator.rs[0m[2m:[0m[2m675:[0m accumulating running root for checkpoint 639
[2m2025-03-25T07:56:52.833035Z[0m [32m INFO[0m [1mnode[0m[1m{[0m[3mname[0m[2m=[0mk#addeef94..[1m}[0m[2m:[0m [2mconsensus_core::core[0m[2m:[0m [2mconsensus/core/src/core.rs[0m[2m:[0m[2m945:[0m Included 3 ancestors & excluded 0 ancestors for proposal in round 441
[2m2025-03-25T07:56:52.833409Z[0m [32m INFO[0m [1mnode[0m[1m{[0m[3mname[0m[2m=[0mk#addeef94..[1m}[0m[2m:[0m [2mconsensus_core::core[0m[2m:[0m [2mconsensus/core/src/core.rs[0m[2m:[0m[2m531:[0m Created block B441(C,tmXx8oVfWSwinPdqFqlNj/owZrBDVSzh6hXjnixo91A=)(1742889412833ms;[B440(C,tL5/C0XrpLtVxAEIxXQLwbiYuHo8RbgwXI83DQ1DB+g=), B440(A,6nAQcQAEkk0VPj/ZUC91WE1sxxJzTZyY7DKfFTXDa+Q=), B440(B,IGwn6HXcRi3OgiQNNe0l1cLZqIrKyuZbw9EPAdMxwcU=)];1t;1c) for round 441
[2m2025-03-25T07:56:52.835375Z[0m [32m INFO[0m [1mnode[0m[1m{[0m[3mname[0m[2m=[0mk#8dcff6d1..[1m}[0m[2m:[0m [2mconsensus_core::core[0m[2m:[0m [2mconsensus/core/src/core.rs[0m[2m:[0m[2m945:[0m Included 3 ancestors & excluded 0 ancestors for proposal in round 441
[2m2025-03-25T07:56:52.835375Z[0m [32m INFO[0m [1mnode[0m[1m{[0m[3mname[0m[2m=[0mk#99f25ef6..[1m}[0m[2m:[0m [2mconsensus_core::core[0m[2m:[0m [2mconsensus/core/src/core.rs[0m[2m:[0m[2m945:[0m Included 3 ancestors & excluded 0 ancestors for proposal in round 441
[2m2025-03-25T07:56:52.835672Z[0m [32m INFO[0m [1mnode[0m[1m{[0m[3mname[0m[2m=[0mk#8dcff6d1..[1m}[0m[2m:[0m [2mconsensus_core::core[0m[2m:[0m [2mconsensus/core/src/core.rs[0m[2m:[0m[2m531:[0m Created block B441(A,8/nO9mBnaThr0oCAJ3zdSZzuM88ZFMHTa63n6tvCkAM=)(1742889412835ms;[B440(A,6nAQcQAEkk0VPj/ZUC91WE1sxxJzTZyY7DKfFTXDa+Q=), B440(B,IGwn6HXcRi3OgiQNNe0l1cLZqIrKyuZbw9EPAdMxwcU=), B440(C,tL5/C0XrpLtVxAEIxXQLwbiYuHo8RbgwXI83DQ1DB+g=)];1t;1c) for round 441
[2m2025-03-25T07:56:52.835671Z[0m [32m INFO[0m [1mnode[0m[1m{[0m[3mname[0m[2m=[0mk#99f25ef6..[1m}[0m[2m:[0m [2mconsensus_core::core[0m[2m:[0m [2mconsensus/core/src/core.rs[0m[2m:[0m[2m531:[0m Created block B441(B,N6ThsPeQWb/UHXrMs7eterUd0TyK79pwnsL0Xhn/q3Q=)(1742889412835ms;[B440(B,IGwn6HXcRi3OgiQNNe0l1cLZqIrKyuZbw9EPAdMxwcU=), B440(A,6nAQcQAEkk0VPj/ZUC91WE1sxxJzTZyY7DKfFTXDa+Q=), B440(C,tL5/C0XrpLtVxAEIxXQLwbiYuHo8RbgwXI83DQ1DB+g=)];1t;1c) for round 441
[2m2025-03-25T07:56:52.835744Z[0m [32m INFO[0m [1mnode[0m[1m{[0m[3mname[0m[2m=[0mk#8dcff6d1..[1m}[0m[2m:[0m [2mconsensus_core::core[0m[2m:[0m [2mconsensus/core/src/core.rs[0m[2m:[0m[2m630:[0m Committing 1 leaders: B439(C,v2oh)
[2m2025-03-25T07:56:52.835744Z[0m [32m INFO[0m [1mnode[0m[1m{[0m[3mname[0m[2m=[0mk#99f25ef6..[1m}[0m[2m:[0m [2mconsensus_core::core[0m[2m:[0m [2mconsensus/core/src/core.rs[0m[2m:[0m[2m630:[0m Committing 1 leaders: B439(C,v2oh)
[2m2025-03-25T07:56:52.835819Z[0m [32m INFO[0m [1mnode[0m[1m{[0m[3mname[0m[2m=[0mk#99f25ef6..[1m}[0m[2m:[0m [2mconsensus_core::commit_observer[0m[2m:[0m [2mconsensus/core/src/commit_observer.rs[0m[2m:[0m[2m173:[0m Consensus commit C428(/UiO) with leader B439(C,v2oh) has 3 blocks
[2m2025-03-25T07:56:52.835819Z[0m [32m INFO[0m [1mnode[0m[1m{[0m[3mname[0m[2m=[0mk#8dcff6d1..[1m}[0m[2m:[0m [2mconsensus_core::commit_observer[0m[2m:[0m [2mconsensus/core/src/commit_observer.rs[0m[2m:[0m[2m173:[0m Consensus commit C428(/UiO) with leader B439(C,v2oh) has 3 blocks
[2m2025-03-25T07:56:52.835912Z[0m [32m INFO[0m [1mnode[0m[1m{[0m[3mname[0m[2m=[0mk#8dcff6d1..[1m}[0m[2m:[0m [2msui_core::consensus_handler[0m[2m:[0m [2mcrates/sui-core/src/consensus_handler.rs[0m[2m:[0m[2m232:[0m Received consensus output [3mconsensus_commit[0m[2m=[0mCommittedSubDag(leader=B439(C,v2oh), ref=C428(/UiO), blocks=[TxnL, aPtq, v2oh]) [3mepoch[0m[2m=[0m1
[2m2025-03-25T07:56:52.835912Z[0m [32m INFO[0m [1mnode[0m[1m{[0m[3mname[0m[2m=[0mk#99f25ef6..[1m}[0m[2m:[0m [2msui_core::consensus_handler[0m[2m:[0m [2mcrates/sui-core/src/consensus_handler.rs[0m[2m:[0m[2m232:[0m Received consensus output [3mconsensus_commit[0m[2m=[0mCommittedSubDag(leader=B439(C,v2oh), ref=C428(/UiO), blocks=[TxnL, aPtq, v2oh]) [3mepoch[0m[2m=[0m1
[2m2025-03-25T07:56:52.838286Z[0m [32m INFO[0m [1mnode[0m[1m{[0m[3mname[0m[2m=[0mk#addeef94..[1m}[0m[2m:[0m [2mconsensus_core::core[0m[2m:[0m [2mconsensus/core/src/core.rs[0m[2m:[0m[2m630:[0m Committing 1 leaders: B439(C,v2oh)
[2m2025-03-25T07:56:52.838377Z[0m [32m INFO[0m [1mnode[0m[1m{[0m[3mname[0m[2m=[0mk#addeef94..[1m}[0m[2m:[0m [2mconsensus_core::commit_observer[0m[2m:[0m [2mconsensus/core/src/commit_observer.rs[0m[2m:[0m[2m173:[0m Consensus commit C428(/UiO) with leader B439(C,v2oh) has 3 blocks
[2m2025-03-25T07:56:52.838454Z[0m [32m INFO[0m [1mnode[0m[1m{[0m[3mname[0m[2m=[0mk#addeef94..[1m}[0m[2m:[0m [2msui_core::consensus_handler[0m[2m:[0m [2mcrates/sui-core/src/consensus_handler.rs[0m[2m:[0m[2m232:[0m Received consensus output [3mconsensus_commit[0m[2m=[0mCommittedSubDag(leader=B439(C,v2oh), ref=C428(/UiO), blocks=[TxnL, aPtq, v2oh]) [3mepoch[0m[2m=[0m1
[2m2025-03-25T07:56:52.862598Z[0m [32m INFO[0m [1mnode[0m[1m{[0m[3mname[0m[2m=[0mk#8dcff6d1..[1m}[0m[2m:[0m [2msui_core::checkpoints[0m[2m:[0m [2mcrates/sui-core/src/checkpoints/mod.rs[0m[2m:[0m[2m1326:[0m Creating checkpoint(s) for 2 transactions [3mnext_checkpoint_seq[0m[2m=[0m641 [3mcheckpoint_timestamp[0m[2m=[0m1742889412320
[2m2025-03-25T07:56:52.862599Z[0m [32m INFO[0m [1mnode[0m[1m{[0m[3mname[0m[2m=[0mk#99f25ef6..[1m}[0m[2m:[0m [2msui_core::checkpoints[0m[2m:[0m [2mcrates/sui-core/src/checkpoints/mod.rs[0m[2m:[0m[2m1326:[0m Creating checkpoint(s) for 2 transactions [3mnext_checkpoint_seq[0m[2m=[0m641 [3mcheckpoint_timestamp[0m[2m=[0m1742889412320
[2m2025-03-25T07:56:52.862922Z[0m [32m INFO[0m [1mnode[0m[1m{[0m[3mname[0m[2m=[0mk#99f25ef6..[1m}[0m[2m:[0m [2msui_core::checkpoints::checkpoint_output[0m[2m:[0m [2mcrates/sui-core/src/checkpoints/checkpoint_output.rs[0m[2m:[0m[2m149:[0m Creating checkpoint CheckpointDigest(59ibcXPkwdrpbZYEzwBsXHmy1dhSnyGunpJwnAFrCJMn) at epoch 1, sequence 641, previous digest Some(CheckpointDigest(6cY1qLUWtDNBNSGWZULsiPf3YCG2a24zKV4emjZiJXjo)), transactions count 2, content digest CheckpointContentsDigest(BVX4ExfmdHqmSTmQiw9aRYkE71wwpAF3ZoyEVU9emNAt), end_of_epoch_data None
[2m2025-03-25T07:56:52.862922Z[0m [32m INFO[0m [1mnode[0m[1m{[0m[3mname[0m[2m=[0mk#8dcff6d1..[1m}[0m[2m:[0m [2msui_core::checkpoints::checkpoint_output[0m[2m:[0m [2mcrates/sui-core/src/checkpoints/checkpoint_output.rs[0m[2m:[0m[2m149:[0m Creating checkpoint CheckpointDigest(59ibcXPkwdrpbZYEzwBsXHmy1dhSnyGunpJwnAFrCJMn) at epoch 1, sequence 641, previous digest Some(CheckpointDigest(6cY1qLUWtDNBNSGWZULsiPf3YCG2a24zKV4emjZiJXjo)), transactions count 2, content digest CheckpointContentsDigest(BVX4ExfmdHqmSTmQiw9aRYkE71wwpAF3ZoyEVU9emNAt), end_of_epoch_data None
[2m2025-03-25T07:56:52.864341Z[0m [32m INFO[0m [1mnode[0m[1m{[0m[3mname[0m[2m=[0mk#addeef94..[1m}[0m[2m:[0m [2msui_core::checkpoints[0m[2m:[0m [2mcrates/sui-core/src/checkpoints/mod.rs[0m[2m:[0m[2m1326:[0m Creating checkpoint(s) for 2 transactions [3mnext_checkpoint_seq[0m[2m=[0m641 [3mcheckpoint_timestamp[0m[2m=[0m1742889412320
[2m2025-03-25T07:56:52.864586Z[0m [32m INFO[0m [1mnode[0m[1m{[0m[3mname[0m[2m=[0mk#addeef94..[1m}[0m[2m:[0m [2msui_core::checkpoints::checkpoint_output[0m[2m:[0m [2mcrates/sui-core/src/checkpoints/checkpoint_output.rs[0m[2m:[0m[2m149:[0m Creating checkpoint CheckpointDigest(59ibcXPkwdrpbZYEzwBsXHmy1dhSnyGunpJwnAFrCJMn) at epoch 1, sequence 641, previous digest Some(CheckpointDigest(6cY1qLUWtDNBNSGWZULsiPf3YCG2a24zKV4emjZiJXjo)), transactions count 2, content digest CheckpointContentsDigest(BVX4ExfmdHqmSTmQiw9aRYkE71wwpAF3ZoyEVU9emNAt), end_of_epoch_data None
[2m2025-03-25T07:56:52.866111Z[0m [32m INFO[0m [1mnode[0m[1m{[0m[3mname[0m[2m=[0mk#99f25ef6..[1m}[0m[2m:[0m [2msui_core::checkpoints::checkpoint_output[0m[2m:[0m [2mcrates/sui-core/src/checkpoints/checkpoint_output.rs[0m[2m:[0m[2m196:[0m Certified checkpoint with sequence 640 and digest 6cY1qLUWtDNBNSGWZULsiPf3YCG2a24zKV4emjZiJXjo
[2m2025-03-25T07:56:52.866184Z[0m [32m INFO[0m [1mnode[0m[1m{[0m[3mname[0m[2m=[0mk#8dcff6d1..[1m}[0m[2m:[0m [2msui_core::checkpoints::checkpoint_output[0m[2m:[0m [2mcrates/sui-core/src/checkpoints/checkpoint_output.rs[0m[2m:[0m[2m196:[0m Certified checkpoint with sequence 640 and digest 6cY1qLUWtDNBNSGWZULsiPf3YCG2a24zKV4emjZiJXjo
[2m2025-03-25T07:56:52.866548Z[0m [32m INFO[0m [1mnode[0m[1m{[0m[3mname[0m[2m=[0mk#8dcff6d1..[1m}[0m[2m:[0m [2msui_core::checkpoints::checkpoint_executor[0m[2m:[0m [2mcrates/sui-core/src/checkpoints/checkpoint_executor/mod.rs[0m[2m:[0m[2m332:[0m Received checkpoint summary from state sync [3msequence_number[0m[2m=[0m640
[2m2025-03-25T07:56:52.866548Z[0m [32m INFO[0m [1mnode[0m[1m{[0m[3mname[0m[2m=[0mk#99f25ef6..[1m}[0m[2m:[0m [2msui_core::checkpoints::checkpoint_executor[0m[2m:[0m [2mcrates/sui-core/src/checkpoints/checkpoint_executor/mod.rs[0m[2m:[0m[2m332:[0m Received checkpoint summary from state sync [3msequence_number[0m[2m=[0m640
[2m2025-03-25T07:56:52.867750Z[0m [32m INFO[0m [1mnode[0m[1m{[0m[3mname[0m[2m=[0mk#99f25ef6..[1m}[0m[2m:[0m [2msui_core::state_accumulator[0m[2m:[0m [2mcrates/sui-core/src/state_accumulator.rs[0m[2m:[0m[2m675:[0m accumulating running root for checkpoint 640
[2m2025-03-25T07:56:52.867752Z[0m [32m INFO[0m [1mnode[0m[1m{[0m[3mname[0m[2m=[0mk#8dcff6d1..[1m}[0m[2m:[0m [2msui_core::state_accumulator[0m[2m:[0m [2mcrates/sui-core/src/state_accumulator.rs[0m[2m:[0m[2m675:[0m accumulating running root for checkpoint 640
[2m2025-03-25T07:56:52.869915Z[0m [32m INFO[0m [1mnode[0m[1m{[0m[3mname[0m[2m=[0mk#addeef94..[1m}[0m[2m:[0m [2msui_core::checkpoints::checkpoint_executor[0m[2m:[0m [2mcrates/sui-core/src/checkpoints/checkpoint_executor/mod.rs[0m[2m:[0m[2m332:[0m Received checkpoint summary from state sync [3msequence_number[0m[2m=[0m640
[2m2025-03-25T07:56:52.870638Z[0m [32m INFO[0m [1mnode[0m[1m{[0m[3mname[0m[2m=[0mk#addeef94..[1m}[0m[2m:[0m [2msui_core::state_accumulator[0m[2m:[0m [2mcrates/sui-core/src/state_accumulator.rs[0m[2m:[0m[2m675:[0m accumulating running root for checkpoint 640
[2m2025-03-25T07:56:53.087988Z[0m [32m INFO[0m [1mnode[0m[1m{[0m[3mname[0m[2m=[0mk#99f25ef6..[1m}[0m[2m:[0m [2mconsensus_core::core[0m[2m:[0m [2mconsensus/core/src/core.rs[0m[2m:[0m[2m945:[0m Included 3 ancestors & excluded 0 ancestors for proposal in round 442
[2m2025-03-25T07:56:53.088363Z[0m [32m INFO[0m [1mnode[0m[1m{[0m[3mname[0m[2m=[0mk#99f25ef6..[1m}[0m[2m:[0m [2mconsensus_core::core[0m[2m:[0m [2mconsensus/core/src/core.rs[0m[2m:[0m[2m531:[0m Created block B442(B,K4tSXzyS9DR6zMcqao00s9jQWLvLmEvEctlHfKb3TkE=)(1742889413088ms;[B441(B,N6ThsPeQWb/UHXrMs7eterUd0TyK79pwnsL0Xhn/q3Q=), B441(A,8/nO9mBnaThr0oCAJ3zdSZzuM88ZFMHTa63n6tvCkAM=), B441(C,tmXx8oVfWSwinPdqFqlNj/owZrBDVSzh6hXjnixo91A=)];1t;1c) for round 442
[2m2025-03-25T07:56:53.088641Z[0m [32m INFO[0m [1mnode[0m[1m{[0m[3mname[0m[2m=[0mk#8dcff6d1..[1m}[0m[2m:[0m [2mconsensus_core::core[0m[2m:[0m [2mconsensus/core/src/core.rs[0m[2m:[0m[2m945:[0m Included 3 ancestors & excluded 0 ancestors for proposal in round 442
[2m2025-03-25T07:56:53.088941Z[0m [32m INFO[0m [1mnode[0m[1m{[0m[3mname[0m[2m=[0mk#8dcff6d1..[1m}[0m[2m:[0m [2mconsensus_core::core[0m[2m:[0m [2mconsensus/core/src/core.rs[0m[2m:[0m[2m531:[0m Created block B442(A,bQmGVYalLVP6bWfEnhncSzQ1G8trIu0RvD6bVCvJRTc=)(1742889413088ms;[B441(A,8/nO9mBnaThr0oCAJ3zdSZzuM88ZFMHTa63n6tvCkAM=), B441(B,N6ThsPeQWb/UHXrMs7eterUd0TyK79pwnsL0Xhn/q3Q=), B441(C,tmXx8oVfWSwinPdqFqlNj/owZrBDVSzh6hXjnixo91A=)];1t;1c) for round 442
[2m2025-03-25T07:56:53.089989Z[0m [32m INFO[0m [1mnode[0m[1m{[0m[3mname[0m[2m=[0mk#addeef94..[1m}[0m[2m:[0m [2mconsensus_core::core[0m[2m:[0m [2mconsensus/core/src/core.rs[0m[2m:[0m[2m945:[0m Included 3 ancestors & excluded 0 ancestors for proposal in round 442
[2m2025-03-25T07:56:53.090273Z[0m [32m INFO[0m [1mnode[0m[1m{[0m[3mname[0m[2m=[0mk#addeef94..[1m}[0m[2m:[0m [2mconsensus_core::core[0m[2m:[0m [2mconsensus/core/src/core.rs[0m[2m:[0m[2m531:[0m Created block B442(C,7L+S68tvwXpFqC5gbFhjtDhzDc5L6HJVrZOCDle6UP8=)(1742889413090ms;[B441(C,tmXx8oVfWSwinPdqFqlNj/owZrBDVSzh6hXjnixo91A=), B441(A,8/nO9mBnaThr0oCAJ3zdSZzuM88ZFMHTa63n6tvCkAM=), B441(B,N6ThsPeQWb/UHXrMs7eterUd0TyK79pwnsL0Xhn/q3Q=)];1t;1c) for round 442
[2m2025-03-25T07:56:53.090411Z[0m [32m INFO[0m [1mnode[0m[1m{[0m[3mname[0m[2m=[0mk#addeef94..[1m}[0m[2m:[0m [2mconsensus_core::core[0m[2m:[0m [2mconsensus/core/src/core.rs[0m[2m:[0m[2m630:[0m Committing 1 leaders: B440(A,6nAQ)
[2m2025-03-25T07:56:53.090501Z[0m [32m INFO[0m [1mnode[0m[1m{[0m[3mname[0m[2m=[0mk#addeef94..[1m}[0m[2m:[0m [2mconsensus_core::commit_observer[0m[2m:[0m [2mconsensus/core/src/commit_observer.rs[0m[2m:[0m[2m173:[0m Consensus commit C429(FlOA) with leader B440(A,6nAQ) has 3 blocks
[2m2025-03-25T07:56:53.090795Z[0m [32m INFO[0m [1mnode[0m[1m{[0m[3mname[0m[2m=[0mk#addeef94..[1m}[0m[2m:[0m [2msui_core::consensus_handler[0m[2m:[0m [2mcrates/sui-core/src/consensus_handler.rs[0m[2m:[0m[2m232:[0m Received consensus output [3mconsensus_commit[0m[2m=[0mCommittedSubDag(leader=B440(A,6nAQ), ref=C429(FlOA), blocks=[wcVl, EhC3, 6nAQ]) [3mepoch[0m[2m=[0m1
[2m2025-03-25T07:56:53.093855Z[0m [32m INFO[0m [1mnode[0m[1m{[0m[3mname[0m[2m=[0mk#8dcff6d1..[1m}[0m[2m:[0m [2msui_core::checkpoints::checkpoint_output[0m[2m:[0m [2mcrates/sui-core/src/checkpoints/checkpoint_output.rs[0m[2m:[0m[2m196:[0m Certified checkpoint with sequence 641 and digest 59ibcXPkwdrpbZYEzwBsXHmy1dhSnyGunpJwnAFrCJMn
[2m2025-03-25T07:56:53.093857Z[0m [32m INFO[0m [1mnode[0m[1m{[0m[3mname[0m[2m=[0mk#99f25ef6..[1m}[0m[2m:[0m [2msui_core::checkpoints::checkpoint_output[0m[2m:[0m [2mcrates/sui-core/src/checkpoints/checkpoint_output.rs[0m[2m:[0m[2m196:[0m Certified checkpoint with sequence 641 and digest 59ibcXPkwdrpbZYEzwBsXHmy1dhSnyGunpJwnAFrCJMn
[2m2025-03-25T07:56:53.093965Z[0m [32m INFO[0m [1mnode[0m[1m{[0m[3mname[0m[2m=[0mk#8dcff6d1..[1m}[0m[2m:[0m [2mconsensus_core::core[0m[2m:[0m [2mconsensus/core/src/core.rs[0m[2m:[0m[2m630:[0m Committing 1 leaders: B440(A,6nAQ)
[2m2025-03-25T07:56:53.093965Z[0m [32m INFO[0m [1mnode[0m[1m{[0m[3mname[0m[2m=[0mk#99f25ef6..[1m}[0m[2m:[0m [2mconsensus_core::core[0m[2m:[0m [2mconsensus/core/src/core.rs[0m[2m:[0m[2m630:[0m Committing 1 leaders: B440(A,6nAQ)
[2m2025-03-25T07:56:53.094069Z[0m [32m INFO[0m [1mnode[0m[1m{[0m[3mname[0m[2m=[0mk#8dcff6d1..[1m}[0m[2m:[0m [2mconsensus_core::commit_observer[0m[2m:[0m [2mconsensus/core/src/commit_observer.rs[0m[2m:[0m[2m173:[0m Consensus commit C429(FlOA) with leader B440(A,6nAQ) has 3 blocks
[2m2025-03-25T07:56:53.094072Z[0m [32m INFO[0m [1mnode[0m[1m{[0m[3mname[0m[2m=[0mk#99f25ef6..[1m}[0m[2m:[0m [2mconsensus_core::commit_observer[0m[2m:[0m [2mconsensus/core/src/commit_observer.rs[0m[2m:[0m[2m173:[0m Consensus commit C429(FlOA) with leader B440(A,6nAQ) has 3 blocks
[2m2025-03-25T07:56:53.094501Z[0m [32m INFO[0m [1mnode[0m[1m{[0m[3mname[0m[2m=[0mk#8dcff6d1..[1m}[0m[2m:[0m [2msui_core::consensus_handler[0m[2m:[0m [2mcrates/sui-core/src/consensus_handler.rs[0m[2m:[0m[2m232:[0m Received consensus output [3mconsensus_commit[0m[2m=[0mCommittedSubDag(leader=B440(A,6nAQ), ref=C429(FlOA), blocks=[wcVl, EhC3, 6nAQ]) [3mepoch[0m[2m=[0m1
[2m2025-03-25T07:56:53.094501Z[0m [32m INFO[0m [1mnode[0m[1m{[0m[3mname[0m[2m=[0mk#99f25ef6..[1m}[0m[2m:[0m [2msui_core::consensus_handler[0m[2m:[0m [2mcrates/sui-core/src/consensus_handler.rs[0m[2m:[0m[2m232:[0m Received consensus output [3mconsensus_commit[0m[2m=[0mCommittedSubDag(leader=B440(A,6nAQ), ref=C429(FlOA), blocks=[wcVl, EhC3, 6nAQ]) [3mepoch[0m[2m=[0m1
[2m2025-03-25T07:56:53.095109Z[0m [32m INFO[0m [1mnode[0m[1m{[0m[3mname[0m[2m=[0mk#8dcff6d1..[1m}[0m[2m:[0m [2msui_core::checkpoints::checkpoint_executor[0m[2m:[0m [2mcrates/sui-core/src/checkpoints/checkpoint_executor/mod.rs[0m[2m:[0m[2m332:[0m Received checkpoint summary from state sync [3msequence_number[0m[2m=[0m641
[2m2025-03-25T07:56:53.095110Z[0m [32m INFO[0m [1mnode[0m[1m{[0m[3mname[0m[2m=[0mk#99f25ef6..[1m}[0m[2m:[0m [2msui_core::checkpoints::checkpoint_executor[0m[2m:[0m [2mcrates/sui-core/src/checkpoints/checkpoint_executor/mod.rs[0m[2m:[0m[2m332:[0m Received checkpoint summary from state sync [3msequence_number[0m[2m=[0m641
[2m2025-03-25T07:56:53.108613Z[0m [32m INFO[0m [1mnode[0m[1m{[0m[3mname[0m[2m=[0mk#99f25ef6..[1m}[0m[2m:[0m [2msui_core::state_accumulator[0m[2m:[0m [2mcrates/sui-core/src/state_accumulator.rs[0m[2m:[0m[2m675:[0m accumulating running root for checkpoint 641
[2m2025-03-25T07:56:53.108614Z[0m [32m INFO[0m [1mnode[0m[1m{[0m[3mname[0m[2m=[0mk#8dcff6d1..[1m}[0m[2m:[0m [2msui_core::state_accumulator[0m[2m:[0m [2mcrates/sui-core/src/state_accumulator.rs[0m[2m:[0m[2m675:[0m accumulating running root for checkpoint 641
[2m2025-03-25T07:56:53.134964Z[0m [32m INFO[0m [1mnode[0m[1m{[0m[3mname[0m[2m=[0mk#addeef94..[1m}[0m[2m:[0m [2msui_core::checkpoints[0m[2m:[0m [2mcrates/sui-core/src/checkpoints/mod.rs[0m[2m:[0m[2m1326:[0m Creating checkpoint(s) for 1 transactions [3mnext_checkpoint_seq[0m[2m=[0m642 [3mcheckpoint_timestamp[0m[2m=[0m1742889412576
[2m2025-03-25T07:56:53.135193Z[0m [32m INFO[0m [1mnode[0m[1m{[0m[3mname[0m[2m=[0mk#addeef94..[1m}[0m[2m:[0m [2msui_core::checkpoints::checkpoint_output[0m[2m:[0m [2mcrates/sui-core/src/checkpoints/checkpoint_output.rs[0m[2m:[0m[2m149:[0m Creating checkpoint CheckpointDigest(BfdfD9n4LN4wi8WNU71q1zViopFY98UPBzdrPFajdvgX) at epoch 1, sequence 642, previous digest Some(CheckpointDigest(59ibcXPkwdrpbZYEzwBsXHmy1dhSnyGunpJwnAFrCJMn)), transactions count 1, content digest CheckpointContentsDigest(GQYDx8iK94Ce8xXokrpiearxSgLr9n2Wq62NAzmGuKYi), end_of_epoch_data None
[2m2025-03-25T07:56:53.139564Z[0m [32m INFO[0m [1mnode[0m[1m{[0m[3mname[0m[2m=[0mk#99f25ef6..[1m}[0m[2m:[0m [2msui_core::checkpoints[0m[2m:[0m [2mcrates/sui-core/src/checkpoints/mod.rs[0m[2m:[0m[2m1326:[0m Creating checkpoint(s) for 1 transactions [3mnext_checkpoint_seq[0m[2m=[0m642 [3mcheckpoint_timestamp[0m[2m=[0m1742889412576
[2m2025-03-25T07:56:53.139566Z[0m [32m INFO[0m [1mnode[0m[1m{[0m[3mname[0m[2m=[0mk#8dcff6d1..[1m}[0m[2m:[0m [2msui_core::checkpoints[0m[2m:[0m [2mcrates/sui-core/src/checkpoints/mod.rs[0m[2m:[0m[2m1326:[0m Creating checkpoint(s) for 1 transactions [3mnext_checkpoint_seq[0m[2m=[0m642 [3mcheckpoint_timestamp[0m[2m=[0m1742889412576
[2m2025-03-25T07:56:53.139746Z[0m [32m INFO[0m [1mnode[0m[1m{[0m[3mname[0m[2m=[0mk#8dcff6d1..[1m}[0m[2m:[0m [2msui_core::checkpoints::checkpoint_output[0m[2m:[0m [2mcrates/sui-core/src/checkpoints/checkpoint_output.rs[0m[2m:[0m[2m149:[0m Creating checkpoint CheckpointDigest(BfdfD9n4LN4wi8WNU71q1zViopFY98UPBzdrPFajdvgX) at epoch 1, sequence 642, previous digest Some(CheckpointDigest(59ibcXPkwdrpbZYEzwBsXHmy1dhSnyGunpJwnAFrCJMn)), transactions count 1, content digest CheckpointContentsDigest(GQYDx8iK94Ce8xXokrpiearxSgLr9n2Wq62NAzmGuKYi), end_of_epoch_data None
[2m2025-03-25T07:56:53.139746Z[0m [32m INFO[0m [1mnode[0m[1m{[0m[3mname[0m[2m=[0mk#99f25ef6..[1m}[0m[2m:[0m [2msui_core::checkpoints::checkpoint_output[0m[2m:[0m [2mcrates/sui-core/src/checkpoints/checkpoint_output.rs[0m[2m:[0m[2m149:[0m Creating checkpoint CheckpointDigest(BfdfD9n4LN4wi8WNU71q1zViopFY98UPBzdrPFajdvgX) at epoch 1, sequence 642, previous digest Some(CheckpointDigest(59ibcXPkwdrpbZYEzwBsXHmy1dhSnyGunpJwnAFrCJMn)), transactions count 1, content digest CheckpointContentsDigest(GQYDx8iK94Ce8xXokrpiearxSgLr9n2Wq62NAzmGuKYi), end_of_epoch_data None
[2m2025-03-25T07:56:53.203698Z[0m [32m INFO[0m [1mnode[0m[1m{[0m[3mname[0m[2m=[0mk#addeef94..[1m}[0m[2m:[0m [2msui_core::checkpoints::checkpoint_executor[0m[2m:[0m [2mcrates/sui-core/src/checkpoints/checkpoint_executor/mod.rs[0m[2m:[0m[2m332:[0m Received checkpoint summary from state sync [3msequence_number[0m[2m=[0m641
[2m2025-03-25T07:56:53.205182Z[0m [32m INFO[0m [1mnode[0m[1m{[0m[3mname[0m[2m=[0mk#addeef94..[1m}[0m[2m:[0m [2msui_core::state_accumulator[0m[2m:[0m [2mcrates/sui-core/src/state_accumulator.rs[0m[2m:[0m[2m675:[0m accumulating running root for checkpoint 641
[2m2025-03-25T07:56:53.304612Z[0m [32m INFO[0m [1mnode[0m[1m{[0m[3mname[0m[2m=[0mk#8dcff6d1..[1m}[0m[2m:[0m [2mconsensus_core::commit_syncer[0m[2m:[0m [2mconsensus/core/src/commit_syncer.rs[0m[2m:[0m[2m196:[0m Checking to schedule fetches: synced_commit_index=429, highest_handled_index=429, highest_scheduled_index=0, quorum_commit_index=428, unhandled_commits_threshold=3200
[2m2025-03-25T07:56:53.328416Z[0m [32m INFO[0m [1mnode[0m[1m{[0m[3mname[0m[2m=[0mk#addeef94..[1m}[0m[2m:[0m [2mconsensus_core::commit_syncer[0m[2m:[0m [2mconsensus/core/src/commit_syncer.rs[0m[2m:[0m[2m196:[0m Checking to schedule fetches: synced_commit_index=429, highest_handled_index=429, highest_scheduled_index=0, quorum_commit_index=0, unhandled_commits_threshold=3200
[2m2025-03-25T07:56:53.331195Z[0m [32m INFO[0m [1mnode[0m[1m{[0m[3mname[0m[2m=[0mk#99f25ef6..[1m}[0m[2m:[0m [2mconsensus_core::commit_syncer[0m[2m:[0m [2mconsensus/core/src/commit_syncer.rs[0m[2m:[0m[2m196:[0m Checking to schedule fetches: synced_commit_index=429, highest_handled_index=429, highest_scheduled_index=0, quorum_commit_index=428, unhandled_commits_threshold=3200
[2m2025-03-25T07:56:53.343043Z[0m [32m INFO[0m [1mnode[0m[1m{[0m[3mname[0m[2m=[0mk#addeef94..[1m}[0m[2m:[0m [2mconsensus_core::core[0m[2m:[0m [2mconsensus/core/src/core.rs[0m[2m:[0m[2m945:[0m Included 3 ancestors & excluded 0 ancestors for proposal in round 443
[2m2025-03-25T07:56:53.343462Z[0m [32m INFO[0m [1mnode[0m[1m{[0m[3mname[0m[2m=[0mk#addeef94..[1m}[0m[2m:[0m [2mconsensus_core::core[0m[2m:[0m [2mconsensus/core/src/core.rs[0m[2m:[0m[2m531:[0m Created block B443(C,2mUvcSdSWJIzlo+uR6Dcc2bGVbOlj3Ulgj9RPI4nc50=)(1742889413343ms;[B442(C,7L+S68tvwXpFqC5gbFhjtDhzDc5L6HJVrZOCDle6UP8=), B442(A,bQmGVYalLVP6bWfEnhncSzQ1G8trIu0RvD6bVCvJRTc=), B442(B,K4tSXzyS9DR6zMcqao00s9jQWLvLmEvEctlHfKb3TkE=)];1t;1c) for round 443
[2m2025-03-25T07:56:53.345586Z[0m [32m INFO[0m [1mnode[0m[1m{[0m[3mname[0m[2m=[0mk#8dcff6d1..[1m}[0m[2m:[0m [2mconsensus_core::core[0m[2m:[0m [2mconsensus/core/src/core.rs[0m[2m:[0m[2m945:[0m Included 3 ancestors & excluded 0 ancestors for proposal in round 443
[2m2025-03-25T07:56:53.345586Z[0m [32m INFO[0m [1mnode[0m[1m{[0m[3mname[0m[2m=[0mk#99f25ef6..[1m}[0m[2m:[0m [2mconsensus_core::core[0m[2m:[0m [2mconsensus/core/src/core.rs[0m[2m:[0m[2m945:[0m Included 3 ancestors & excluded 0 ancestors for proposal in round 443
[2m2025-03-25T07:56:53.345887Z[0m [32m INFO[0m [1mnode[0m[1m{[0m[3mname[0m[2m=[0mk#8dcff6d1..[1m}[0m[2m:[0m [2mconsensus_core::core[0m[2m:[0m [2mconsensus/core/src/core.rs[0m[2m:[0m[2m531:[0m Created block B443(A,i2/ciazrlkoKHE1eeGmynd++VHjOeoi5LYJG2M9nUn0=)(1742889413345ms;[B442(A,bQmGVYalLVP6bWfEnhncSzQ1G8trIu0RvD6bVCvJRTc=), B442(B,K4tSXzyS9DR6zMcqao00s9jQWLvLmEvEctlHfKb3TkE=), B442(C,7L+S68tvwXpFqC5gbFhjtDhzDc5L6HJVrZOCDle6UP8=)];1t;1c) for round 443
[2m2025-03-25T07:56:53.345887Z[0m [32m INFO[0m [1mnode[0m[1m{[0m[3mname[0m[2m=[0mk#99f25ef6..[1m}[0m[2m:[0m [2mconsensus_core::core[0m[2m:[0m [2mconsensus/core/src/core.rs[0m[2m:[0m[2m531:[0m Created block B443(B,lXR5P6em6oGWnl/eUjK3fM/vm6LzAU1Cct0va9cMSFk=)(1742889413345ms;[B442(B,K4tSXzyS9DR6zMcqao00s9jQWLvLmEvEctlHfKb3TkE=), B442(A,bQmGVYalLVP6bWfEnhncSzQ1G8trIu0RvD6bVCvJRTc=), B442(C,7L+S68tvwXpFqC5gbFhjtDhzDc5L6HJVrZOCDle6UP8=)];1t;1c) for round 443
[2m2025-03-25T07:56:53.345962Z[0m [32m INFO[0m [1mnode[0m[1m{[0m[3mname[0m[2m=[0mk#8dcff6d1..[1m}[0m[2m:[0m [2mconsensus_core::core[0m[2m:[0m [2mconsensus/core/src/core.rs[0m[2m:[0m[2m630:[0m Committing 1 leaders: B441(A,8/nO)
[2m2025-03-25T07:56:53.345962Z[0m [32m INFO[0m [1mnode[0m[1m{[0m[3mname[0m[2m=[0mk#99f25ef6..[1m}[0m[2m:[0m [2mconsensus_core::core[0m[2m:[0m [2mconsensus/core/src/core.rs[0m[2m:[0m[2m630:[0m Committing 1 leaders: B441(A,8/nO)
[2m2025-03-25T07:56:53.346037Z[0m [32m INFO[0m [1mnode[0m[1m{[0m[3mname[0m[2m=[0mk#8dcff6d1..[1m}[0m[2m:[0m [2mconsensus_core::commit_observer[0m[2m:[0m [2mconsensus/core/src/commit_observer.rs[0m[2m:[0m[2m173:[0m Consensus commit C430(MyWA) with leader B441(A,8/nO) has 3 blocks
[2m2025-03-25T07:56:53.346038Z[0m [32m INFO[0m [1mnode[0m[1m{[0m[3mname[0m[2m=[0mk#99f25ef6..[1m}[0m[2m:[0m [2mconsensus_core::commit_observer[0m[2m:[0m [2mconsensus/core/src/commit_observer.rs[0m[2m:[0m[2m173:[0m Consensus commit C430(MyWA) with leader B441(A,8/nO) has 3 blocks
[2m2025-03-25T07:56:53.346135Z[0m [32m INFO[0m [1mnode[0m[1m{[0m[3mname[0m[2m=[0mk#8dcff6d1..[1m}[0m[2m:[0m [2msui_core::consensus_handler[0m[2m:[0m [2mcrates/sui-core/src/consensus_handler.rs[0m[2m:[0m[2m232:[0m Received consensus output [3mconsensus_commit[0m[2m=[0mCommittedSubDag(leader=B441(A,8/nO), ref=C430(MyWA), blocks=[IGwn, tL5/, 8/nO]) [3mepoch[0m[2m=[0m1
[2m2025-03-25T07:56:53.346135Z[0m [32m INFO[0m [1mnode[0m[1m{[0m[3mname[0m[2m=[0mk#99f25ef6..[1m}[0m[2m:[0m [2msui_core::consensus_handler[0m[2m:[0m [2mcrates/sui-core/src/consensus_handler.rs[0m[2m:[0m[2m232:[0m Received consensus output [3mconsensus_commit[0m[2m=[0mCommittedSubDag(leader=B441(A,8/nO), ref=C430(MyWA), blocks=[IGwn, tL5/, 8/nO]) [3mepoch[0m[2m=[0m1
[2m2025-03-25T07:56:53.349885Z[0m [32m INFO[0m [1mnode[0m[1m{[0m[3mname[0m[2m=[0mk#addeef94..[1m}[0m[2m:[0m [2mconsensus_core::core[0m[2m:[0m [2mconsensus/core/src/core.rs[0m[2m:[0m[2m630:[0m Committing 1 leaders: B441(A,8/nO)
[2m2025-03-25T07:56:53.349978Z[0m [32m INFO[0m [1mnode[0m[1m{[0m[3mname[0m[2m=[0mk#addeef94..[1m}[0m[2m:[0m [2mconsensus_core::commit_observer[0m[2m:[0m [2mconsensus/core/src/commit_observer.rs[0m[2m:[0m[2m173:[0m Consensus commit C430(MyWA) with leader B441(A,8/nO) has 3 blocks
[2m2025-03-25T07:56:53.350106Z[0m [32m INFO[0m [1mnode[0m[1m{[0m[3mname[0m[2m=[0mk#addeef94..[1m}[0m[2m:[0m [2msui_core::consensus_handler[0m[2m:[0m [2mcrates/sui-core/src/consensus_handler.rs[0m[2m:[0m[2m232:[0m Received consensus output [3mconsensus_commit[0m[2m=[0mCommittedSubDag(leader=B441(A,8/nO), ref=C430(MyWA), blocks=[IGwn, tL5/, 8/nO]) [3mepoch[0m[2m=[0m1
[2m2025-03-25T07:56:53.372945Z[0m [32m INFO[0m [1mnode[0m[1m{[0m[3mname[0m[2m=[0mk#8dcff6d1..[1m}[0m[2m:[0m [2msui_core::checkpoints[0m[2m:[0m [2mcrates/sui-core/src/checkpoints/mod.rs[0m[2m:[0m[2m1326:[0m Creating checkpoint(s) for 2 transactions [3mnext_checkpoint_seq[0m[2m=[0m643 [3mcheckpoint_timestamp[0m[2m=[0m1742889412835
[2m2025-03-25T07:56:53.372947Z[0m [32m INFO[0m [1mnode[0m[1m{[0m[3mname[0m[2m=[0mk#99f25ef6..[1m}[0m[2m:[0m [2msui_core::checkpoints[0m[2m:[0m [2mcrates/sui-core/src/checkpoints/mod.rs[0m[2m:[0m[2m1326:[0m Creating checkpoint(s) for 2 transactions [3mnext_checkpoint_seq[0m[2m=[0m643 [3mcheckpoint_timestamp[0m[2m=[0m1742889412835
[2m2025-03-25T07:56:53.373264Z[0m [32m INFO[0m [1mnode[0m[1m{[0m[3mname[0m[2m=[0mk#99f25ef6..[1m}[0m[2m:[0m [2msui_core::checkpoints::checkpoint_output[0m[2m:[0m [2mcrates/sui-core/src/checkpoints/checkpoint_output.rs[0m[2m:[0m[2m149:[0m Creating checkpoint CheckpointDigest(G6bssVf7mAb3q9ckncvuUijREMEck4T1omTYyyDLjoxv) at epoch 1, sequence 643, previous digest Some(CheckpointDigest(BfdfD9n4LN4wi8WNU71q1zViopFY98UPBzdrPFajdvgX)), transactions count 2, content digest CheckpointContentsDigest(AjFc2JsiSvQ5zn3gKX2WF2i2aHYisWNbonYTiJgsQsYq), end_of_epoch_data None
[2m2025-03-25T07:56:53.373264Z[0m [32m INFO[0m [1mnode[0m[1m{[0m[3mname[0m[2m=[0mk#8dcff6d1..[1m}[0m[2m:[0m [2msui_core::checkpoints::checkpoint_output[0m[2m:[0m [2mcrates/sui-core/src/checkpoints/checkpoint_output.rs[0m[2m:[0m[2m149:[0m Creating checkpoint CheckpointDigest(G6bssVf7mAb3q9ckncvuUijREMEck4T1omTYyyDLjoxv) at epoch 1, sequence 643, previous digest Some(CheckpointDigest(BfdfD9n4LN4wi8WNU71q1zViopFY98UPBzdrPFajdvgX)), transactions count 2, content digest CheckpointContentsDigest(AjFc2JsiSvQ5zn3gKX2WF2i2aHYisWNbonYTiJgsQsYq), end_of_epoch_data None
[2m2025-03-25T07:56:53.376086Z[0m [32m INFO[0m [1mnode[0m[1m{[0m[3mname[0m[2m=[0mk#addeef94..[1m}[0m[2m:[0m [2msui_core::checkpoints[0m[2m:[0m [2mcrates/sui-core/src/checkpoints/mod.rs[0m[2m:[0m[2m1326:[0m Creating checkpoint(s) for 2 transactions [3mnext_checkpoint_seq[0m[2m=[0m643 [3mcheckpoint_timestamp[0m[2m=[0m1742889412835
[2m2025-03-25T07:56:53.376332Z[0m [32m INFO[0m [1mnode[0m[1m{[0m[3mname[0m[2m=[0mk#addeef94..[1m}[0m[2m:[0m [2msui_core::checkpoints::checkpoint_output[0m[2m:[0m [2mcrates/sui-core/src/checkpoints/checkpoint_output.rs[0m[2m:[0m[2m149:[0m Creating checkpoint CheckpointDigest(G6bssVf7mAb3q9ckncvuUijREMEck4T1omTYyyDLjoxv) at epoch 1, sequence 643, previous digest Some(CheckpointDigest(BfdfD9n4LN4wi8WNU71q1zViopFY98UPBzdrPFajdvgX)), transactions count 2, content digest CheckpointContentsDigest(AjFc2JsiSvQ5zn3gKX2WF2i2aHYisWNbonYTiJgsQsYq), end_of_epoch_data None
[2m2025-03-25T07:56:53.376425Z[0m [32m INFO[0m [1mnode[0m[1m{[0m[3mname[0m[2m=[0mk#99f25ef6..[1m}[0m[2m:[0m [2msui_core::checkpoints::checkpoint_output[0m[2m:[0m [2mcrates/sui-core/src/checkpoints/checkpoint_output.rs[0m[2m:[0m[2m196:[0m Certified checkpoint with sequence 642 and digest BfdfD9n4LN4wi8WNU71q1zViopFY98UPBzdrPFajdvgX
[2m2025-03-25T07:56:53.376493Z[0m [32m INFO[0m [1mnode[0m[1m{[0m[3mname[0m[2m=[0mk#8dcff6d1..[1m}[0m[2m:[0m [2msui_core::checkpoints::checkpoint_output[0m[2m:[0m [2mcrates/sui-core/src/checkpoints/checkpoint_output.rs[0m[2m:[0m[2m196:[0m Certified checkpoint with sequence 642 and digest BfdfD9n4LN4wi8WNU71q1zViopFY98UPBzdrPFajdvgX
[2m2025-03-25T07:56:53.376866Z[0m [32m INFO[0m [1mnode[0m[1m{[0m[3mname[0m[2m=[0mk#8dcff6d1..[1m}[0m[2m:[0m [2msui_core::checkpoints::checkpoint_executor[0m[2m:[0m [2mcrates/sui-core/src/checkpoints/checkpoint_executor/mod.rs[0m[2m:[0m[2m332:[0m Received checkpoint summary from state sync [3msequence_number[0m[2m=[0m642
[2m2025-03-25T07:56:53.376866Z[0m [32m INFO[0m [1mnode[0m[1m{[0m[3mname[0m[2m=[0mk#99f25ef6..[1m}[0m[2m:[0m [2msui_core::checkpoints::checkpoint_executor[0m[2m:[0m [2mcrates/sui-core/src/checkpoints/checkpoint_executor/mod.rs[0m[2m:[0m[2m332:[0m Received checkpoint summary from state sync [3msequence_number[0m[2m=[0m642
[2m2025-03-25T07:56:53.378081Z[0m [32m INFO[0m [1mnode[0m[1m{[0m[3mname[0m[2m=[0mk#99f25ef6..[1m}[0m[2m:[0m [2msui_core::state_accumulator[0m[2m:[0m [2mcrates/sui-core/src/state_accumulator.rs[0m[2m:[0m[2m675:[0m accumulating running root for checkpoint 642
[2m2025-03-25T07:56:53.378084Z[0m [32m INFO[0m [1mnode[0m[1m{[0m[3mname[0m[2m=[0mk#8dcff6d1..[1m}[0m[2m:[0m [2msui_core::state_accumulator[0m[2m:[0m [2mcrates/sui-core/src/state_accumulator.rs[0m[2m:[0m[2m675:[0m accumulating running root for checkpoint 642
[2m2025-03-25T07:56:53.380256Z[0m [32m INFO[0m [1mnode[0m[1m{[0m[3mname[0m[2m=[0mk#addeef94..[1m}[0m[2m:[0m [2msui_core::checkpoints::checkpoint_executor[0m[2m:[0m [2mcrates/sui-core/src/checkpoints/checkpoint_executor/mod.rs[0m[2m:[0m[2m332:[0m Received checkpoint summary from state sync [3msequence_number[0m[2m=[0m642
[2m2025-03-25T07:56:53.380956Z[0m [32m INFO[0m [1mnode[0m[1m{[0m[3mname[0m[2m=[0mk#addeef94..[1m}[0m[2m:[0m [2msui_core::state_accumulator[0m[2m:[0m [2mcrates/sui-core/src/state_accumulator.rs[0m[2m:[0m[2m675:[0m accumulating running root for checkpoint 642
[2m2025-03-25T07:56:53.599165Z[0m [32m INFO[0m [1mnode[0m[1m{[0m[3mname[0m[2m=[0mk#8dcff6d1..[1m}[0m[2m:[0m [2mconsensus_core::core[0m[2m:[0m [2mconsensus/core/src/core.rs[0m[2m:[0m[2m945:[0m Included 3 ancestors & excluded 0 ancestors for proposal in round 444
[2m2025-03-25T07:56:53.599530Z[0m [32m INFO[0m [1mnode[0m[1m{[0m[3mname[0m[2m=[0mk#8dcff6d1..[1m}[0m[2m:[0m [2mconsensus_core::core[0m[2m:[0m [2mconsensus/core/src/core.rs[0m[2m:[0m[2m531:[0m Created block B444(A,NhJhnn4hRiGmkon+fJ268F3ju7lfMKezES7+jngtIJc=)(1742889413599ms;[B443(A,i2/ciazrlkoKHE1eeGmynd++VHjOeoi5LYJG2M9nUn0=), B443(B,lXR5P6em6oGWnl/eUjK3fM/vm6LzAU1Cct0va9cMSFk=), B443(C,2mUvcSdSWJIzlo+uR6Dcc2bGVbOlj3Ulgj9RPI4nc50=)];1t;1c) for round 444
[2m2025-03-25T07:56:53.599761Z[0m [32m INFO[0m [1mnode[0m[1m{[0m[3mname[0m[2m=[0mk#99f25ef6..[1m}[0m[2m:[0m [2mconsensus_core::core[0m[2m:[0m [2mconsensus/core/src/core.rs[0m[2m:[0m[2m945:[0m Included 3 ancestors & excluded 0 ancestors for proposal in round 444
[2m2025-03-25T07:56:53.600065Z[0m [32m INFO[0m [1mnode[0m[1m{[0m[3mname[0m[2m=[0mk#99f25ef6..[1m}[0m[2m:[0m [2mconsensus_core::core[0m[2m:[0m [2mconsensus/core/src/core.rs[0m[2m:[0m[2m531:[0m Created block B444(B,3U1nHE0RFU4Gj07BNF+rdeU7QNlAVui9r1PbBAlfrjw=)(1742889413599ms;[B443(B,lXR5P6em6oGWnl/eUjK3fM/vm6LzAU1Cct0va9cMSFk=), B443(A,i2/ciazrlkoKHE1eeGmynd++VHjOeoi5LYJG2M9nUn0=), B443(C,2mUvcSdSWJIzlo+uR6Dcc2bGVbOlj3Ulgj9RPI4nc50=)];1t;1c) for round 444
[2m2025-03-25T07:56:53.602666Z[0m [32m INFO[0m [1mnode[0m[1m{[0m[3mname[0m[2m=[0mk#addeef94..[1m}[0m[2m:[0m [2mconsensus_core::core[0m[2m:[0m [2mconsensus/core/src/core.rs[0m[2m:[0m[2m945:[0m Included 3 ancestors & excluded 0 ancestors for proposal in round 444
[2m2025-03-25T07:56:53.602958Z[0m [32m INFO[0m [1mnode[0m[1m{[0m[3mname[0m[2m=[0mk#addeef94..[1m}[0m[2m:[0m [2mconsensus_core::core[0m[2m:[0m [2mconsensus/core/src/core.rs[0m[2m:[0m[2m531:[0m Created block B444(C,AYlO58olKxEk72Z2mlfOZaWfRb5twyOIajTbYT8Al4I=)(1742889413602ms;[B443(C,2mUvcSdSWJIzlo+uR6Dcc2bGVbOlj3Ulgj9RPI4nc50=), B443(A,i2/ciazrlkoKHE1eeGmynd++VHjOeoi5LYJG2M9nUn0=), B443(B,lXR5P6em6oGWnl/eUjK3fM/vm6LzAU1Cct0va9cMSFk=)];1t;1c) for round 444
[2m2025-03-25T07:56:53.603027Z[0m [32m INFO[0m [1mnode[0m[1m{[0m[3mname[0m[2m=[0mk#addeef94..[1m}[0m[2m:[0m [2mconsensus_core::core[0m[2m:[0m [2mconsensus/core/src/core.rs[0m[2m:[0m[2m630:[0m Committing 1 leaders: B442(B,K4tS)
[2m2025-03-25T07:56:53.603097Z[0m [32m INFO[0m [1mnode[0m[1m{[0m[3mname[0m[2m=[0mk#addeef94..[1m}[0m[2m:[0m [2mconsensus_core::commit_observer[0m[2m:[0m [2mconsensus/core/src/commit_observer.rs[0m[2m:[0m[2m173:[0m Consensus commit C431(j2hP) with leader B442(B,K4tS) has 3 blocks
[2m2025-03-25T07:56:53.603337Z[0m [32m INFO[0m [1mnode[0m[1m{[0m[3mname[0m[2m=[0mk#addeef94..[1m}[0m[2m:[0m [2msui_core::consensus_handler[0m[2m:[0m [2mcrates/sui-core/src/consensus_handler.rs[0m[2m:[0m[2m232:[0m Received consensus output [3mconsensus_commit[0m[2m=[0mCommittedSubDag(leader=B442(B,K4tS), ref=C431(j2hP), blocks=[N6Th, tmXx, K4tS]) [3mepoch[0m[2m=[0m1
[2m2025-03-25T07:56:53.606421Z[0m [32m INFO[0m [1mnode[0m[1m{[0m[3mname[0m[2m=[0mk#8dcff6d1..[1m}[0m[2m:[0m [2msui_core::checkpoints::checkpoint_output[0m[2m:[0m [2mcrates/sui-core/src/checkpoints/checkpoint_output.rs[0m[2m:[0m[2m196:[0m Certified checkpoint with sequence 643 and digest G6bssVf7mAb3q9ckncvuUijREMEck4T1omTYyyDLjoxv
[2m2025-03-25T07:56:53.606419Z[0m [32m INFO[0m [1mnode[0m[1m{[0m[3mname[0m[2m=[0mk#99f25ef6..[1m}[0m[2m:[0m [2msui_core::checkpoints::checkpoint_output[0m[2m:[0m [2mcrates/sui-core/src/checkpoints/checkpoint_output.rs[0m[2m:[0m[2m196:[0m Certified checkpoint with sequence 643 and digest G6bssVf7mAb3q9ckncvuUijREMEck4T1omTYyyDLjoxv
[2m2025-03-25T07:56:53.606531Z[0m [32m INFO[0m [1mnode[0m[1m{[0m[3mname[0m[2m=[0mk#8dcff6d1..[1m}[0m[2m:[0m [2mconsensus_core::core[0m[2m:[0m [2mconsensus/core/src/core.rs[0m[2m:[0m[2m630:[0m Committing 1 leaders: B442(B,K4tS)
[2m2025-03-25T07:56:53.606531Z[0m [32m INFO[0m [1mnode[0m[1m{[0m[3mname[0m[2m=[0mk#99f25ef6..[1m}[0m[2m:[0m [2mconsensus_core::core[0m[2m:[0m [2mconsensus/core/src/core.rs[0m[2m:[0m[2m630:[0m Committing 1 leaders: B442(B,K4tS)
[2m2025-03-25T07:56:53.606632Z[0m [32m INFO[0m [1mnode[0m[1m{[0m[3mname[0m[2m=[0mk#8dcff6d1..[1m}[0m[2m:[0m [2mconsensus_core::commit_observer[0m[2m:[0m [2mconsensus/core/src/commit_observer.rs[0m[2m:[0m[2m173:[0m Consensus commit C431(j2hP) with leader B442(B,K4tS) has 3 blocks
[2m2025-03-25T07:56:53.606638Z[0m [32m INFO[0m [1mnode[0m[1m{[0m[3mname[0m[2m=[0mk#99f25ef6..[1m}[0m[2m:[0m [2mconsensus_core::commit_observer[0m[2m:[0m [2mconsensus/core/src/commit_observer.rs[0m[2m:[0m[2m173:[0m Consensus commit C431(j2hP) with leader B442(B,K4tS) has 3 blocks
[2m2025-03-25T07:56:53.607063Z[0m [32m INFO[0m [1mnode[0m[1m{[0m[3mname[0m[2m=[0mk#8dcff6d1..[1m}[0m[2m:[0m [2msui_core::consensus_handler[0m[2m:[0m [2mcrates/sui-core/src/consensus_handler.rs[0m[2m:[0m[2m232:[0m Received consensus output [3mconsensus_commit[0m[2m=[0mCommittedSubDag(leader=B442(B,K4tS), ref=C431(j2hP), blocks=[N6Th, tmXx, K4tS]) [3mepoch[0m[2m=[0m1
[2m2025-03-25T07:56:53.607063Z[0m [32m INFO[0m [1mnode[0m[1m{[0m[3mname[0m[2m=[0mk#99f25ef6..[1m}[0m[2m:[0m [2msui_core::consensus_handler[0m[2m:[0m [2mcrates/sui-core/src/consensus_handler.rs[0m[2m:[0m[2m232:[0m Received consensus output [3mconsensus_commit[0m[2m=[0mCommittedSubDag(leader=B442(B,K4tS), ref=C431(j2hP), blocks=[N6Th, tmXx, K4tS]) [3mepoch[0m[2m=[0m1
[2m2025-03-25T07:56:53.607674Z[0m [32m INFO[0m [1mnode[0m[1m{[0m[3mname[0m[2m=[0mk#8dcff6d1..[1m}[0m[2m:[0m [2msui_core::checkpoints::checkpoint_executor[0m[2m:[0m [2mcrates/sui-core/src/checkpoints/checkpoint_executor/mod.rs[0m[2m:[0m[2m332:[0m Received checkpoint summary from state sync [3msequence_number[0m[2m=[0m643
[2m2025-03-25T07:56:53.607674Z[0m [32m INFO[0m [1mnode[0m[1m{[0m[3mname[0m[2m=[0mk#99f25ef6..[1m}[0m[2m:[0m [2msui_core::checkpoints::checkpoint_executor[0m[2m:[0m [2mcrates/sui-core/src/checkpoints/checkpoint_executor/mod.rs[0m[2m:[0m[2m332:[0m Received checkpoint summary from state sync [3msequence_number[0m[2m=[0m643
[2m2025-03-25T07:56:53.621184Z[0m [32m INFO[0m [1mnode[0m[1m{[0m[3mname[0m[2m=[0mk#99f25ef6..[1m}[0m[2m:[0m [2msui_core::state_accumulator[0m[2m:[0m [2mcrates/sui-core/src/state_accumulator.rs[0m[2m:[0m[2m675:[0m accumulating running root for checkpoint 643
[2m2025-03-25T07:56:53.621186Z[0m [32m INFO[0m [1mnode[0m[1m{[0m[3mname[0m[2m=[0mk#8dcff6d1..[1m}[0m[2m:[0m [2msui_core::state_accumulator[0m[2m:[0m [2mcrates/sui-core/src/state_accumulator.rs[0m[2m:[0m[2m675:[0m accumulating running root for checkpoint 643
[2m2025-03-25T07:56:53.647751Z[0m [32m INFO[0m [1mnode[0m[1m{[0m[3mname[0m[2m=[0mk#addeef94..[1m}[0m[2m:[0m [2msui_core::checkpoints[0m[2m:[0m [2mcrates/sui-core/src/checkpoints/mod.rs[0m[2m:[0m[2m1326:[0m Creating checkpoint(s) for 1 transactions [3mnext_checkpoint_seq[0m[2m=[0m644 [3mcheckpoint_timestamp[0m[2m=[0m1742889413088
[2m2025-03-25T07:56:53.647984Z[0m [32m INFO[0m [1mnode[0m[1m{[0m[3mname[0m[2m=[0mk#addeef94..[1m}[0m[2m:[0m [2msui_core::checkpoints::checkpoint_output[0m[2m:[0m [2mcrates/sui-core/src/checkpoints/checkpoint_output.rs[0m[2m:[0m[2m149:[0m Creating checkpoint CheckpointDigest(DGwoKM8URgwMtwbCQQSSwUt7UqQPTbrLgRWHeQXqWWZT) at epoch 1, sequence 644, previous digest Some(CheckpointDigest(G6bssVf7mAb3q9ckncvuUijREMEck4T1omTYyyDLjoxv)), transactions count 1, content digest CheckpointContentsDigest(GGtCLx872rD59Gg9XmLKqLnQLgJhZr2JtzcHW6MMv2Yh), end_of_epoch_data None
[2m2025-03-25T07:56:53.652302Z[0m [32m INFO[0m [1mnode[0m[1m{[0m[3mname[0m[2m=[0mk#8dcff6d1..[1m}[0m[2m:[0m [2msui_core::checkpoints[0m[2m:[0m [2mcrates/sui-core/src/checkpoints/mod.rs[0m[2m:[0m[2m1326:[0m Creating checkpoint(s) for 1 transactions [3mnext_checkpoint_seq[0m[2m=[0m644 [3mcheckpoint_timestamp[0m[2m=[0m1742889413088
[2m2025-03-25T07:56:53.652348Z[0m [32m INFO[0m [1mnode[0m[1m{[0m[3mname[0m[2m=[0mk#99f25ef6..[1m}[0m[2m:[0m [2msui_core::checkpoints[0m[2m:[0m [2mcrates/sui-core/src/checkpoints/mod.rs[0m[2m:[0m[2m1326:[0m Creating checkpoint(s) for 1 transactions [3mnext_checkpoint_seq[0m[2m=[0m644 [3mcheckpoint_timestamp[0m[2m=[0m1742889413088
[2m2025-03-25T07:56:53.652479Z[0m [32m INFO[0m [1mnode[0m[1m{[0m[3mname[0m[2m=[0mk#8dcff6d1..[1m}[0m[2m:[0m [2msui_core::checkpoints::checkpoint_output[0m[2m:[0m [2mcrates/sui-core/src/checkpoints/checkpoint_output.rs[0m[2m:[0m[2m149:[0m Creating checkpoint CheckpointDigest(DGwoKM8URgwMtwbCQQSSwUt7UqQPTbrLgRWHeQXqWWZT) at epoch 1, sequence 644, previous digest Some(CheckpointDigest(G6bssVf7mAb3q9ckncvuUijREMEck4T1omTYyyDLjoxv)), transactions count 1, content digest CheckpointContentsDigest(GGtCLx872rD59Gg9XmLKqLnQLgJhZr2JtzcHW6MMv2Yh), end_of_epoch_data None
[2m2025-03-25T07:56:53.652517Z[0m [32m INFO[0m [1mnode[0m[1m{[0m[3mname[0m[2m=[0mk#99f25ef6..[1m}[0m[2m:[0m [2msui_core::checkpoints::checkpoint_output[0m[2m:[0m [2mcrates/sui-core/src/checkpoints/checkpoint_output.rs[0m[2m:[0m[2m149:[0m Creating checkpoint CheckpointDigest(DGwoKM8URgwMtwbCQQSSwUt7UqQPTbrLgRWHeQXqWWZT) at epoch 1, sequence 644, previous digest Some(CheckpointDigest(G6bssVf7mAb3q9ckncvuUijREMEck4T1omTYyyDLjoxv)), transactions count 1, content digest CheckpointContentsDigest(GGtCLx872rD59Gg9XmLKqLnQLgJhZr2JtzcHW6MMv2Yh), end_of_epoch_data None
[2m2025-03-25T07:56:53.714967Z[0m [32m INFO[0m [1mnode[0m[1m{[0m[3mname[0m[2m=[0mk#addeef94..[1m}[0m[2m:[0m [2msui_core::checkpoints::checkpoint_executor[0m[2m:[0m [2mcrates/sui-core/src/checkpoints/checkpoint_executor/mod.rs[0m[2m:[0m[2m332:[0m Received checkpoint summary from state sync [3msequence_number[0m[2m=[0m643
[2m2025-03-25T07:56:53.716554Z[0m [32m INFO[0m [1mnode[0m[1m{[0m[3mname[0m[2m=[0mk#addeef94..[1m}[0m[2m:[0m [2msui_core::state_accumulator[0m[2m:[0m [2mcrates/sui-core/src/state_accumulator.rs[0m[2m:[0m[2m675:[0m accumulating running root for checkpoint 643
[2m2025-03-25T07:56:53.738378Z[0m [32m INFO[0m [1mnode[0m[1m{[0m[3mname[0m[2m=[0mk#b3f3cbb4..[1m}[0m[2m:[0m[1mjson-rpc-request[0m[2m:[0m[1mdev_inspect_transaction_block[0m[1m{[0m[3msender_address[0m[2m=[0m0x0000000000000000000000000000000000000000000000000000000000000000 [3mtx_bytes[0m[2m=[0mBase64("AAMBAQAAAAAAAAAAAAAAAAAAAAAAAAAAAAAAAAAAAAAAAAAJAQAAAAAAAAABAAECAAgAAAAAAAAAAAEAAAAAAAAAAAAAAAAAAAAAAAAAAAAAAAAAAAAAAAAAAAsGYnJpZGdlIGdldF90b2tlbl90cmFuc2Zlcl9hY3Rpb25fc3RhdHVzAAMBAAABAQABAgA=") [3mgas_price[0m[2m=[0mNone [3m_epoch[0m[2m=[0mNone [3madditional_args[0m[2m=[0mNone[1m}[0m[2m:[0m [2msui_json_rpc::transaction_execution_api[0m[2m:[0m [2mcrates/sui-json-rpc/src/transaction_execution_api.rs[0m[2m:[0m[2m351:[0m RPC took longer than threshold to complete. [3melapsed[0m[2m=[0m1.593026958s
[2m2025-03-25T07:56:53.739243Z[0m [32m INFO[0m [1mhandle_execution_task[0m[1m{[0m[3maction_key[0m[2m=[0mBridgeActionKey(0,2,0) [3mattempt_times[0m[2m=[0m4[1m}[0m[2m:[0m [2msui_bridge::action_executor[0m[2m:[0m [2mcrates/sui-bridge/src/action_executor.rs[0m[2m:[0m[2m500:[0m Building Sui transaction
[2m2025-03-25T07:56:53.856585Z[0m [32m INFO[0m [1mnode[0m[1m{[0m[3mname[0m[2m=[0mk#addeef94..[1m}[0m[2m:[0m [2mconsensus_core::core[0m[2m:[0m [2mconsensus/core/src/core.rs[0m[2m:[0m[2m945:[0m Included 3 ancestors & excluded 0 ancestors for proposal in round 445
[2m2025-03-25T07:56:53.856994Z[0m [32m INFO[0m [1mnode[0m[1m{[0m[3mname[0m[2m=[0mk#addeef94..[1m}[0m[2m:[0m [2mconsensus_core::core[0m[2m:[0m [2mconsensus/core/src/core.rs[0m[2m:[0m[2m531:[0m Created block B445(C,JsUxhHAkCcHD7qWpulDfJA8OflQgrHzoyLC0x1IJSGo=)(1742889413856ms;[B444(C,AYlO58olKxEk72Z2mlfOZaWfRb5twyOIajTbYT8Al4I=), B444(A,NhJhnn4hRiGmkon+fJ268F3ju7lfMKezES7+jngtIJc=), B444(B,3U1nHE0RFU4Gj07BNF+rdeU7QNlAVui9r1PbBAlfrjw=)];1t;1c) for round 445
[2m2025-03-25T07:56:53.858709Z[0m [32m INFO[0m [1mnode[0m[1m{[0m[3mname[0m[2m=[0mk#8dcff6d1..[1m}[0m[2m:[0m [2mconsensus_core::core[0m[2m:[0m [2mconsensus/core/src/core.rs[0m[2m:[0m[2m945:[0m Included 3 ancestors & excluded 0 ancestors for proposal in round 445
[2m2025-03-25T07:56:53.858990Z[0m [32m INFO[0m [1mnode[0m[1m{[0m[3mname[0m[2m=[0mk#99f25ef6..[1m}[0m[2m:[0m [2mconsensus_core::core[0m[2m:[0m [2mconsensus/core/src/core.rs[0m[2m:[0m[2m945:[0m Included 3 ancestors & excluded 0 ancestors for proposal in round 445
[2m2025-03-25T07:56:53.858995Z[0m [32m INFO[0m [1mnode[0m[1m{[0m[3mname[0m[2m=[0mk#8dcff6d1..[1m}[0m[2m:[0m [2mconsensus_core::core[0m[2m:[0m [2mconsensus/core/src/core.rs[0m[2m:[0m[2m531:[0m Created block B445(A,EHhYaAPJb4VPh4ovQXO8d/pHiumwMjLly8nplhDTBZg=)(1742889413858ms;[B444(A,NhJhnn4hRiGmkon+fJ268F3ju7lfMKezES7+jngtIJc=), B444(B,3U1nHE0RFU4Gj07BNF+rdeU7QNlAVui9r1PbBAlfrjw=), B444(C,AYlO58olKxEk72Z2mlfOZaWfRb5twyOIajTbYT8Al4I=)];1t;1c) for round 445
[2m2025-03-25T07:56:53.859139Z[0m [32m INFO[0m [1mnode[0m[1m{[0m[3mname[0m[2m=[0mk#8dcff6d1..[1m}[0m[2m:[0m [2mconsensus_core::core[0m[2m:[0m [2mconsensus/core/src/core.rs[0m[2m:[0m[2m630:[0m Committing 1 leaders: B443(B,lXR5)
[2m2025-03-25T07:56:53.859228Z[0m [32m INFO[0m [1mnode[0m[1m{[0m[3mname[0m[2m=[0mk#8dcff6d1..[1m}[0m[2m:[0m [2mconsensus_core::commit_observer[0m[2m:[0m [2mconsensus/core/src/commit_observer.rs[0m[2m:[0m[2m173:[0m Consensus commit C432(ZGON) with leader B443(B,lXR5) has 3 blocks
[2m2025-03-25T07:56:53.859279Z[0m [32m INFO[0m [1mnode[0m[1m{[0m[3mname[0m[2m=[0mk#99f25ef6..[1m}[0m[2m:[0m [2mconsensus_core::core[0m[2m:[0m [2mconsensus/core/src/core.rs[0m[2m:[0m[2m531:[0m Created block B445(B,/HVeQ79PYEGS+WbH6XcyWfQSLx8zGO2XCt+zhA+PoCk=)(1742889413859ms;[B444(B,3U1nHE0RFU4Gj07BNF+rdeU7QNlAVui9r1PbBAlfrjw=), B444(A,NhJhnn4hRiGmkon+fJ268F3ju7lfMKezES7+jngtIJc=), B444(C,AYlO58olKxEk72Z2mlfOZaWfRb5twyOIajTbYT8Al4I=)];1t;1c) for round 445
[2m2025-03-25T07:56:53.859344Z[0m [32m INFO[0m [1mnode[0m[1m{[0m[3mname[0m[2m=[0mk#99f25ef6..[1m}[0m[2m:[0m [2mconsensus_core::core[0m[2m:[0m [2mconsensus/core/src/core.rs[0m[2m:[0m[2m630:[0m Committing 1 leaders: B443(B,lXR5)
[2m2025-03-25T07:56:53.859409Z[0m [32m INFO[0m [1mnode[0m[1m{[0m[3mname[0m[2m=[0mk#99f25ef6..[1m}[0m[2m:[0m [2mconsensus_core::commit_observer[0m[2m:[0m [2mconsensus/core/src/commit_observer.rs[0m[2m:[0m[2m173:[0m Consensus commit C432(ZGON) with leader B443(B,lXR5) has 3 blocks
[2m2025-03-25T07:56:53.859469Z[0m [32m INFO[0m [1mnode[0m[1m{[0m[3mname[0m[2m=[0mk#8dcff6d1..[1m}[0m[2m:[0m [2msui_core::consensus_handler[0m[2m:[0m [2mcrates/sui-core/src/consensus_handler.rs[0m[2m:[0m[2m232:[0m Received consensus output [3mconsensus_commit[0m[2m=[0mCommittedSubDag(leader=B443(B,lXR5), ref=C432(ZGON), blocks=[bQmG, 7L+S, lXR5]) [3mepoch[0m[2m=[0m1
[2m2025-03-25T07:56:53.859489Z[0m [32m INFO[0m [1mnode[0m[1m{[0m[3mname[0m[2m=[0mk#99f25ef6..[1m}[0m[2m:[0m [2msui_core::consensus_handler[0m[2m:[0m [2mcrates/sui-core/src/consensus_handler.rs[0m[2m:[0m[2m232:[0m Received consensus output [3mconsensus_commit[0m[2m=[0mCommittedSubDag(leader=B443(B,lXR5), ref=C432(ZGON), blocks=[bQmG, 7L+S, lXR5]) [3mepoch[0m[2m=[0m1
[2m2025-03-25T07:56:53.863158Z[0m [32m INFO[0m [1mnode[0m[1m{[0m[3mname[0m[2m=[0mk#addeef94..[1m}[0m[2m:[0m [2mconsensus_core::core[0m[2m:[0m [2mconsensus/core/src/core.rs[0m[2m:[0m[2m630:[0m Committing 1 leaders: B443(B,lXR5)
[2m2025-03-25T07:56:53.863259Z[0m [32m INFO[0m [1mnode[0m[1m{[0m[3mname[0m[2m=[0mk#addeef94..[1m}[0m[2m:[0m [2mconsensus_core::commit_observer[0m[2m:[0m [2mconsensus/core/src/commit_observer.rs[0m[2m:[0m[2m173:[0m Consensus commit C432(ZGON) with leader B443(B,lXR5) has 3 blocks
[2m2025-03-25T07:56:53.863391Z[0m [32m INFO[0m [1mnode[0m[1m{[0m[3mname[0m[2m=[0mk#addeef94..[1m}[0m[2m:[0m [2msui_core::consensus_handler[0m[2m:[0m [2mcrates/sui-core/src/consensus_handler.rs[0m[2m:[0m[2m232:[0m Received consensus output [3mconsensus_commit[0m[2m=[0mCommittedSubDag(leader=B443(B,lXR5), ref=C432(ZGON), blocks=[bQmG, 7L+S, lXR5]) [3mepoch[0m[2m=[0m1
[2m2025-03-25T07:56:53.886187Z[0m [32m INFO[0m [1mnode[0m[1m{[0m[3mname[0m[2m=[0mk#99f25ef6..[1m}[0m[2m:[0m [2msui_core::checkpoints[0m[2m:[0m [2mcrates/sui-core/src/checkpoints/mod.rs[0m[2m:[0m[2m1326:[0m Creating checkpoint(s) for 2 transactions [3mnext_checkpoint_seq[0m[2m=[0m645 [3mcheckpoint_timestamp[0m[2m=[0m1742889413345
[2m2025-03-25T07:56:53.886187Z[0m [32m INFO[0m [1mnode[0m[1m{[0m[3mname[0m[2m=[0mk#8dcff6d1..[1m}[0m[2m:[0m [2msui_core::checkpoints[0m[2m:[0m [2mcrates/sui-core/src/checkpoints/mod.rs[0m[2m:[0m[2m1326:[0m Creating checkpoint(s) for 2 transactions [3mnext_checkpoint_seq[0m[2m=[0m645 [3mcheckpoint_timestamp[0m[2m=[0m1742889413345
[2m2025-03-25T07:56:53.886509Z[0m [32m INFO[0m [1mnode[0m[1m{[0m[3mname[0m[2m=[0mk#99f25ef6..[1m}[0m[2m:[0m [2msui_core::checkpoints::checkpoint_output[0m[2m:[0m [2mcrates/sui-core/src/checkpoints/checkpoint_output.rs[0m[2m:[0m[2m149:[0m Creating checkpoint CheckpointDigest(qcYbRr61tfnCU7LDZrVWTU2yCKDVHAq76SQrieULRMQ) at epoch 1, sequence 645, previous digest Some(CheckpointDigest(DGwoKM8URgwMtwbCQQSSwUt7UqQPTbrLgRWHeQXqWWZT)), transactions count 2, content digest CheckpointContentsDigest(GY2JnSbrKyHbghVEzbpg2bUkDCZmpC5FZzzdqs7dtN6c), end_of_epoch_data None
[2m2025-03-25T07:56:53.886509Z[0m [32m INFO[0m [1mnode[0m[1m{[0m[3mname[0m[2m=[0mk#8dcff6d1..[1m}[0m[2m:[0m [2msui_core::checkpoints::checkpoint_output[0m[2m:[0m [2mcrates/sui-core/src/checkpoints/checkpoint_output.rs[0m[2m:[0m[2m149:[0m Creating checkpoint CheckpointDigest(qcYbRr61tfnCU7LDZrVWTU2yCKDVHAq76SQrieULRMQ) at epoch 1, sequence 645, previous digest Some(CheckpointDigest(DGwoKM8URgwMtwbCQQSSwUt7UqQPTbrLgRWHeQXqWWZT)), transactions count 2, content digest CheckpointContentsDigest(GY2JnSbrKyHbghVEzbpg2bUkDCZmpC5FZzzdqs7dtN6c), end_of_epoch_data None
[2m2025-03-25T07:56:53.889391Z[0m [32m INFO[0m [1mnode[0m[1m{[0m[3mname[0m[2m=[0mk#addeef94..[1m}[0m[2m:[0m [2msui_core::checkpoints[0m[2m:[0m [2mcrates/sui-core/src/checkpoints/mod.rs[0m[2m:[0m[2m1326:[0m Creating checkpoint(s) for 2 transactions [3mnext_checkpoint_seq[0m[2m=[0m645 [3mcheckpoint_timestamp[0m[2m=[0m1742889413345
[2m2025-03-25T07:56:53.889641Z[0m [32m INFO[0m [1mnode[0m[1m{[0m[3mname[0m[2m=[0mk#addeef94..[1m}[0m[2m:[0m [2msui_core::checkpoints::checkpoint_output[0m[2m:[0m [2mcrates/sui-core/src/checkpoints/checkpoint_output.rs[0m[2m:[0m[2m149:[0m Creating checkpoint CheckpointDigest(qcYbRr61tfnCU7LDZrVWTU2yCKDVHAq76SQrieULRMQ) at epoch 1, sequence 645, previous digest Some(CheckpointDigest(DGwoKM8URgwMtwbCQQSSwUt7UqQPTbrLgRWHeQXqWWZT)), transactions count 2, content digest CheckpointContentsDigest(GY2JnSbrKyHbghVEzbpg2bUkDCZmpC5FZzzdqs7dtN6c), end_of_epoch_data None
[2m2025-03-25T07:56:53.889693Z[0m [32m INFO[0m [1mnode[0m[1m{[0m[3mname[0m[2m=[0mk#99f25ef6..[1m}[0m[2m:[0m [2msui_core::checkpoints::checkpoint_output[0m[2m:[0m [2mcrates/sui-core/src/checkpoints/checkpoint_output.rs[0m[2m:[0m[2m196:[0m Certified checkpoint with sequence 644 and digest DGwoKM8URgwMtwbCQQSSwUt7UqQPTbrLgRWHeQXqWWZT
[2m2025-03-25T07:56:53.889759Z[0m [32m INFO[0m [1mnode[0m[1m{[0m[3mname[0m[2m=[0mk#8dcff6d1..[1m}[0m[2m:[0m [2msui_core::checkpoints::checkpoint_output[0m[2m:[0m [2mcrates/sui-core/src/checkpoints/checkpoint_output.rs[0m[2m:[0m[2m196:[0m Certified checkpoint with sequence 644 and digest DGwoKM8URgwMtwbCQQSSwUt7UqQPTbrLgRWHeQXqWWZT
[2m2025-03-25T07:56:53.890131Z[0m [32m INFO[0m [1mnode[0m[1m{[0m[3mname[0m[2m=[0mk#8dcff6d1..[1m}[0m[2m:[0m [2msui_core::checkpoints::checkpoint_executor[0m[2m:[0m [2mcrates/sui-core/src/checkpoints/checkpoint_executor/mod.rs[0m[2m:[0m[2m332:[0m Received checkpoint summary from state sync [3msequence_number[0m[2m=[0m644
[2m2025-03-25T07:56:53.890131Z[0m [32m INFO[0m [1mnode[0m[1m{[0m[3mname[0m[2m=[0mk#99f25ef6..[1m}[0m[2m:[0m [2msui_core::checkpoints::checkpoint_executor[0m[2m:[0m [2mcrates/sui-core/src/checkpoints/checkpoint_executor/mod.rs[0m[2m:[0m[2m332:[0m Received checkpoint summary from state sync [3msequence_number[0m[2m=[0m644
[2m2025-03-25T07:56:53.891344Z[0m [32m INFO[0m [1mnode[0m[1m{[0m[3mname[0m[2m=[0mk#99f25ef6..[1m}[0m[2m:[0m [2msui_core::state_accumulator[0m[2m:[0m [2mcrates/sui-core/src/state_accumulator.rs[0m[2m:[0m[2m675:[0m accumulating running root for checkpoint 644
[2m2025-03-25T07:56:53.891347Z[0m [32m INFO[0m [1mnode[0m[1m{[0m[3mname[0m[2m=[0mk#8dcff6d1..[1m}[0m[2m:[0m [2msui_core::state_accumulator[0m[2m:[0m [2mcrates/sui-core/src/state_accumulator.rs[0m[2m:[0m[2m675:[0m accumulating running root for checkpoint 644
[2m2025-03-25T07:56:53.893544Z[0m [32m INFO[0m [1mnode[0m[1m{[0m[3mname[0m[2m=[0mk#addeef94..[1m}[0m[2m:[0m [2msui_core::checkpoints::checkpoint_executor[0m[2m:[0m [2mcrates/sui-core/src/checkpoints/checkpoint_executor/mod.rs[0m[2m:[0m[2m332:[0m Received checkpoint summary from state sync [3msequence_number[0m[2m=[0m644
[2m2025-03-25T07:56:53.894291Z[0m [32m INFO[0m [1mnode[0m[1m{[0m[3mname[0m[2m=[0mk#addeef94..[1m}[0m[2m:[0m [2msui_core::state_accumulator[0m[2m:[0m [2mcrates/sui-core/src/state_accumulator.rs[0m[2m:[0m[2m675:[0m accumulating running root for checkpoint 644
[2m2025-03-25T07:56:54.111705Z[0m [32m INFO[0m [1mnode[0m[1m{[0m[3mname[0m[2m=[0mk#8dcff6d1..[1m}[0m[2m:[0m [2mconsensus_core::core[0m[2m:[0m [2mconsensus/core/src/core.rs[0m[2m:[0m[2m945:[0m Included 3 ancestors & excluded 0 ancestors for proposal in round 446
[2m2025-03-25T07:56:54.111941Z[0m [32m INFO[0m [1mnode[0m[1m{[0m[3mname[0m[2m=[0mk#99f25ef6..[1m}[0m[2m:[0m [2mconsensus_core::core[0m[2m:[0m [2mconsensus/core/src/core.rs[0m[2m:[0m[2m945:[0m Included 3 ancestors & excluded 0 ancestors for proposal in round 446
[2m2025-03-25T07:56:54.112075Z[0m [32m INFO[0m [1mnode[0m[1m{[0m[3mname[0m[2m=[0mk#8dcff6d1..[1m}[0m[2m:[0m [2mconsensus_core::core[0m[2m:[0m [2mconsensus/core/src/core.rs[0m[2m:[0m[2m531:[0m Created block B446(A,VOJeeCyp3m6YV5o7vg322YICW5jgaFjUAl2JNjq0XWI=)(1742889414111ms;[B445(A,EHhYaAPJb4VPh4ovQXO8d/pHiumwMjLly8nplhDTBZg=), B445(B,/HVeQ79PYEGS+WbH6XcyWfQSLx8zGO2XCt+zhA+PoCk=), B445(C,JsUxhHAkCcHD7qWpulDfJA8OflQgrHzoyLC0x1IJSGo=)];1t;1c) for round 446
[2m2025-03-25T07:56:54.112234Z[0m [32m INFO[0m [1mnode[0m[1m{[0m[3mname[0m[2m=[0mk#99f25ef6..[1m}[0m[2m:[0m [2mconsensus_core::core[0m[2m:[0m [2mconsensus/core/src/core.rs[0m[2m:[0m[2m531:[0m Created block B446(B,vKiwI6sY5k9PoA2ATjFKEfRShyVMDQ1rcvlxOse7QQo=)(1742889414112ms;[B445(B,/HVeQ79PYEGS+WbH6XcyWfQSLx8zGO2XCt+zhA+PoCk=), B445(A,EHhYaAPJb4VPh4ovQXO8d/pHiumwMjLly8nplhDTBZg=), B445(C,JsUxhHAkCcHD7qWpulDfJA8OflQgrHzoyLC0x1IJSGo=)];1t;1c) for round 446
[2m2025-03-25T07:56:54.115173Z[0m [32m INFO[0m [1mnode[0m[1m{[0m[3mname[0m[2m=[0mk#addeef94..[1m}[0m[2m:[0m [2mconsensus_core::core[0m[2m:[0m [2mconsensus/core/src/core.rs[0m[2m:[0m[2m945:[0m Included 3 ancestors & excluded 0 ancestors for proposal in round 446
[2m2025-03-25T07:56:54.115465Z[0m [32m INFO[0m [1mnode[0m[1m{[0m[3mname[0m[2m=[0mk#addeef94..[1m}[0m[2m:[0m [2mconsensus_core::core[0m[2m:[0m [2mconsensus/core/src/core.rs[0m[2m:[0m[2m531:[0m Created block B446(C,1REEd1HqqcI1fJcKVKlD2VA/ichTwkUdFSXhLMutDmI=)(1742889414115ms;[B445(C,JsUxhHAkCcHD7qWpulDfJA8OflQgrHzoyLC0x1IJSGo=), B445(A,EHhYaAPJb4VPh4ovQXO8d/pHiumwMjLly8nplhDTBZg=), B445(B,/HVeQ79PYEGS+WbH6XcyWfQSLx8zGO2XCt+zhA+PoCk=)];1t;1c) for round 446
[2m2025-03-25T07:56:54.115535Z[0m [32m INFO[0m [1mnode[0m[1m{[0m[3mname[0m[2m=[0mk#addeef94..[1m}[0m[2m:[0m [2mconsensus_core::core[0m[2m:[0m [2mconsensus/core/src/core.rs[0m[2m:[0m[2m630:[0m Committing 1 leaders: B444(B,3U1n)
[2m2025-03-25T07:56:54.115605Z[0m [32m INFO[0m [1mnode[0m[1m{[0m[3mname[0m[2m=[0mk#addeef94..[1m}[0m[2m:[0m [2mconsensus_core::commit_observer[0m[2m:[0m [2mconsensus/core/src/commit_observer.rs[0m[2m:[0m[2m173:[0m Consensus commit C433(YAj8) with leader B444(B,3U1n) has 3 blocks
[2m2025-03-25T07:56:54.115846Z[0m [32m INFO[0m [1mnode[0m[1m{[0m[3mname[0m[2m=[0mk#addeef94..[1m}[0m[2m:[0m [2msui_core::consensus_handler[0m[2m:[0m [2mcrates/sui-core/src/consensus_handler.rs[0m[2m:[0m[2m232:[0m Received consensus output [3mconsensus_commit[0m[2m=[0mCommittedSubDag(leader=B444(B,3U1n), ref=C433(YAj8), blocks=[i2/c, 2mUv, 3U1n]) [3mepoch[0m[2m=[0m1
[2m2025-03-25T07:56:54.118915Z[0m [32m INFO[0m [1mnode[0m[1m{[0m[3mname[0m[2m=[0mk#99f25ef6..[1m}[0m[2m:[0m [2msui_core::checkpoints::checkpoint_output[0m[2m:[0m [2mcrates/sui-core/src/checkpoints/checkpoint_output.rs[0m[2m:[0m[2m196:[0m Certified checkpoint with sequence 645 and digest qcYbRr61tfnCU7LDZrVWTU2yCKDVHAq76SQrieULRMQ
[2m2025-03-25T07:56:54.118918Z[0m [32m INFO[0m [1mnode[0m[1m{[0m[3mname[0m[2m=[0mk#8dcff6d1..[1m}[0m[2m:[0m [2msui_core::checkpoints::checkpoint_output[0m[2m:[0m [2mcrates/sui-core/src/checkpoints/checkpoint_output.rs[0m[2m:[0m[2m196:[0m Certified checkpoint with sequence 645 and digest qcYbRr61tfnCU7LDZrVWTU2yCKDVHAq76SQrieULRMQ
[2m2025-03-25T07:56:54.119024Z[0m [32m INFO[0m [1mnode[0m[1m{[0m[3mname[0m[2m=[0mk#99f25ef6..[1m}[0m[2m:[0m [2mconsensus_core::core[0m[2m:[0m [2mconsensus/core/src/core.rs[0m[2m:[0m[2m630:[0m Committing 1 leaders: B444(B,3U1n)
[2m2025-03-25T07:56:54.119024Z[0m [32m INFO[0m [1mnode[0m[1m{[0m[3mname[0m[2m=[0mk#8dcff6d1..[1m}[0m[2m:[0m [2mconsensus_core::core[0m[2m:[0m [2mconsensus/core/src/core.rs[0m[2m:[0m[2m630:[0m Committing 1 leaders: B444(B,3U1n)
[2m2025-03-25T07:56:54.119125Z[0m [32m INFO[0m [1mnode[0m[1m{[0m[3mname[0m[2m=[0mk#8dcff6d1..[1m}[0m[2m:[0m [2mconsensus_core::commit_observer[0m[2m:[0m [2mconsensus/core/src/commit_observer.rs[0m[2m:[0m[2m173:[0m Consensus commit C433(YAj8) with leader B444(B,3U1n) has 3 blocks
[2m2025-03-25T07:56:54.119127Z[0m [32m INFO[0m [1mnode[0m[1m{[0m[3mname[0m[2m=[0mk#99f25ef6..[1m}[0m[2m:[0m [2mconsensus_core::commit_observer[0m[2m:[0m [2mconsensus/core/src/commit_observer.rs[0m[2m:[0m[2m173:[0m Consensus commit C433(YAj8) with leader B444(B,3U1n) has 3 blocks
[2m2025-03-25T07:56:54.119556Z[0m [32m INFO[0m [1mnode[0m[1m{[0m[3mname[0m[2m=[0mk#99f25ef6..[1m}[0m[2m:[0m [2msui_core::consensus_handler[0m[2m:[0m [2mcrates/sui-core/src/consensus_handler.rs[0m[2m:[0m[2m232:[0m Received consensus output [3mconsensus_commit[0m[2m=[0mCommittedSubDag(leader=B444(B,3U1n), ref=C433(YAj8), blocks=[i2/c, 2mUv, 3U1n]) [3mepoch[0m[2m=[0m1
[2m2025-03-25T07:56:54.119556Z[0m [32m INFO[0m [1mnode[0m[1m{[0m[3mname[0m[2m=[0mk#8dcff6d1..[1m}[0m[2m:[0m [2msui_core::consensus_handler[0m[2m:[0m [2mcrates/sui-core/src/consensus_handler.rs[0m[2m:[0m[2m232:[0m Received consensus output [3mconsensus_commit[0m[2m=[0mCommittedSubDag(leader=B444(B,3U1n), ref=C433(YAj8), blocks=[i2/c, 2mUv, 3U1n]) [3mepoch[0m[2m=[0m1
[2m2025-03-25T07:56:54.120170Z[0m [32m INFO[0m [1mnode[0m[1m{[0m[3mname[0m[2m=[0mk#99f25ef6..[1m}[0m[2m:[0m [2msui_core::checkpoints::checkpoint_executor[0m[2m:[0m [2mcrates/sui-core/src/checkpoints/checkpoint_executor/mod.rs[0m[2m:[0m[2m332:[0m Received checkpoint summary from state sync [3msequence_number[0m[2m=[0m645
[2m2025-03-25T07:56:54.120170Z[0m [32m INFO[0m [1mnode[0m[1m{[0m[3mname[0m[2m=[0mk#8dcff6d1..[1m}[0m[2m:[0m [2msui_core::checkpoints::checkpoint_executor[0m[2m:[0m [2mcrates/sui-core/src/checkpoints/checkpoint_executor/mod.rs[0m[2m:[0m[2m332:[0m Received checkpoint summary from state sync [3msequence_number[0m[2m=[0m645
[2m2025-03-25T07:56:54.133748Z[0m [32m INFO[0m [1mnode[0m[1m{[0m[3mname[0m[2m=[0mk#8dcff6d1..[1m}[0m[2m:[0m [2msui_core::state_accumulator[0m[2m:[0m [2mcrates/sui-core/src/state_accumulator.rs[0m[2m:[0m[2m675:[0m accumulating running root for checkpoint 645
[2m2025-03-25T07:56:54.133752Z[0m [32m INFO[0m [1mnode[0m[1m{[0m[3mname[0m[2m=[0mk#99f25ef6..[1m}[0m[2m:[0m [2msui_core::state_accumulator[0m[2m:[0m [2mcrates/sui-core/src/state_accumulator.rs[0m[2m:[0m[2m675:[0m accumulating running root for checkpoint 645
[2m2025-03-25T07:56:54.160233Z[0m [32m INFO[0m [1mnode[0m[1m{[0m[3mname[0m[2m=[0mk#addeef94..[1m}[0m[2m:[0m [2msui_core::checkpoints[0m[2m:[0m [2mcrates/sui-core/src/checkpoints/mod.rs[0m[2m:[0m[2m1326:[0m Creating checkpoint(s) for 1 transactions [3mnext_checkpoint_seq[0m[2m=[0m646 [3mcheckpoint_timestamp[0m[2m=[0m1742889413599
[2m2025-03-25T07:56:54.160464Z[0m [32m INFO[0m [1mnode[0m[1m{[0m[3mname[0m[2m=[0mk#addeef94..[1m}[0m[2m:[0m [2msui_core::checkpoints::checkpoint_output[0m[2m:[0m [2mcrates/sui-core/src/checkpoints/checkpoint_output.rs[0m[2m:[0m[2m149:[0m Creating checkpoint CheckpointDigest(9ZyMNfc2BXBf63kf1kv8cSRkzxwAGa1vb5JMTbeKd9pM) at epoch 1, sequence 646, previous digest Some(CheckpointDigest(qcYbRr61tfnCU7LDZrVWTU2yCKDVHAq76SQrieULRMQ)), transactions count 1, content digest CheckpointContentsDigest(4wFYFx5X5oe6BypMqFUy4Es7t53RmAd31BZMoUA4bAbH), end_of_epoch_data None
[2m2025-03-25T07:56:54.164761Z[0m [32m INFO[0m [1mnode[0m[1m{[0m[3mname[0m[2m=[0mk#99f25ef6..[1m}[0m[2m:[0m [2msui_core::checkpoints[0m[2m:[0m [2mcrates/sui-core/src/checkpoints/mod.rs[0m[2m:[0m[2m1326:[0m Creating checkpoint(s) for 1 transactions [3mnext_checkpoint_seq[0m[2m=[0m646 [3mcheckpoint_timestamp[0m[2m=[0m1742889413599
[2m2025-03-25T07:56:54.164819Z[0m [32m INFO[0m [1mnode[0m[1m{[0m[3mname[0m[2m=[0mk#8dcff6d1..[1m}[0m[2m:[0m [2msui_core::checkpoints[0m[2m:[0m [2mcrates/sui-core/src/checkpoints/mod.rs[0m[2m:[0m[2m1326:[0m Creating checkpoint(s) for 1 transactions [3mnext_checkpoint_seq[0m[2m=[0m646 [3mcheckpoint_timestamp[0m[2m=[0m1742889413599
[2m2025-03-25T07:56:54.164939Z[0m [32m INFO[0m [1mnode[0m[1m{[0m[3mname[0m[2m=[0mk#99f25ef6..[1m}[0m[2m:[0m [2msui_core::checkpoints::checkpoint_output[0m[2m:[0m [2mcrates/sui-core/src/checkpoints/checkpoint_output.rs[0m[2m:[0m[2m149:[0m Creating checkpoint CheckpointDigest(9ZyMNfc2BXBf63kf1kv8cSRkzxwAGa1vb5JMTbeKd9pM) at epoch 1, sequence 646, previous digest Some(CheckpointDigest(qcYbRr61tfnCU7LDZrVWTU2yCKDVHAq76SQrieULRMQ)), transactions count 1, content digest CheckpointContentsDigest(4wFYFx5X5oe6BypMqFUy4Es7t53RmAd31BZMoUA4bAbH), end_of_epoch_data None
[2m2025-03-25T07:56:54.164989Z[0m [32m INFO[0m [1mnode[0m[1m{[0m[3mname[0m[2m=[0mk#8dcff6d1..[1m}[0m[2m:[0m [2msui_core::checkpoints::checkpoint_output[0m[2m:[0m [2mcrates/sui-core/src/checkpoints/checkpoint_output.rs[0m[2m:[0m[2m149:[0m Creating checkpoint CheckpointDigest(9ZyMNfc2BXBf63kf1kv8cSRkzxwAGa1vb5JMTbeKd9pM) at epoch 1, sequence 646, previous digest Some(CheckpointDigest(qcYbRr61tfnCU7LDZrVWTU2yCKDVHAq76SQrieULRMQ)), transactions count 1, content digest CheckpointContentsDigest(4wFYFx5X5oe6BypMqFUy4Es7t53RmAd31BZMoUA4bAbH), end_of_epoch_data None
[2m2025-03-25T07:56:54.227729Z[0m [32m INFO[0m [1mnode[0m[1m{[0m[3mname[0m[2m=[0mk#addeef94..[1m}[0m[2m:[0m [2msui_core::checkpoints::checkpoint_executor[0m[2m:[0m [2mcrates/sui-core/src/checkpoints/checkpoint_executor/mod.rs[0m[2m:[0m[2m332:[0m Received checkpoint summary from state sync [3msequence_number[0m[2m=[0m645
[2m2025-03-25T07:56:54.229303Z[0m [32m INFO[0m [1mnode[0m[1m{[0m[3mname[0m[2m=[0mk#addeef94..[1m}[0m[2m:[0m [2msui_core::state_accumulator[0m[2m:[0m [2mcrates/sui-core/src/state_accumulator.rs[0m[2m:[0m[2m675:[0m accumulating running root for checkpoint 645
[2m2025-03-25T07:56:54.237080Z[0m [32m INFO[0m [1mnode[0m[1m{[0m[3mname[0m[2m=[0mk#addeef94..[1m}[0m[2m:[0m [2mconsensus_core::core[0m[2m:[0m [2mconsensus/core/src/core.rs[0m[2m:[0m[2m694:[0m Received quorum round per authority in ancestor state manager set to: [(446, 446), (446, 446), (446, 446)]
[2m2025-03-25T07:56:54.237093Z[0m [32m INFO[0m [1mnode[0m[1m{[0m[3mname[0m[2m=[0mk#addeef94..[1m}[0m[2m:[0m [2mconsensus_core::core[0m[2m:[0m [2mconsensus/core/src/core.rs[0m[2m:[0m[2m695:[0m Accepted quorum round per authority in ancestor state manager set to: [(446, 446), (446, 446), (446, 446)]
[2m2025-03-25T07:56:54.237100Z[0m [32m INFO[0m [1mnode[0m[1m{[0m[3mname[0m[2m=[0mk#addeef94..[1m}[0m[2m:[0m [2mconsensus_core::core[0m[2m:[0m [2mconsensus/core/src/core.rs[0m[2m:[0m[2m698:[0m Propagation round delay set to: 0
[2m2025-03-25T07:56:54.237509Z[0m [32m INFO[0m [1mnode[0m[1m{[0m[3mname[0m[2m=[0mk#8dcff6d1..[1m}[0m[2m:[0m [2mconsensus_core::core[0m[2m:[0m [2mconsensus/core/src/core.rs[0m[2m:[0m[2m694:[0m Received quorum round per authority in ancestor state manager set to: [(446, 446), (446, 446), (446, 446)]
[2m2025-03-25T07:56:54.237517Z[0m [32m INFO[0m [1mnode[0m[1m{[0m[3mname[0m[2m=[0mk#8dcff6d1..[1m}[0m[2m:[0m [2mconsensus_core::core[0m[2m:[0m [2mconsensus/core/src/core.rs[0m[2m:[0m[2m695:[0m Accepted quorum round per authority in ancestor state manager set to: [(446, 446), (446, 446), (446, 446)]
[2m2025-03-25T07:56:54.237524Z[0m [32m INFO[0m [1mnode[0m[1m{[0m[3mname[0m[2m=[0mk#8dcff6d1..[1m}[0m[2m:[0m [2mconsensus_core::core[0m[2m:[0m [2mconsensus/core/src/core.rs[0m[2m:[0m[2m698:[0m Propagation round delay set to: 0
[2m2025-03-25T07:56:54.241582Z[0m [32m INFO[0m [1mnode[0m[1m{[0m[3mname[0m[2m=[0mk#99f25ef6..[1m}[0m[2m:[0m [2mconsensus_core::core[0m[2m:[0m [2mconsensus/core/src/core.rs[0m[2m:[0m[2m694:[0m Received quorum round per authority in ancestor state manager set to: [(446, 446), (446, 446), (446, 446)]
[2m2025-03-25T07:56:54.241592Z[0m [32m INFO[0m [1mnode[0m[1m{[0m[3mname[0m[2m=[0mk#99f25ef6..[1m}[0m[2m:[0m [2mconsensus_core::core[0m[2m:[0m [2mconsensus/core/src/core.rs[0m[2m:[0m[2m695:[0m Accepted quorum round per authority in ancestor state manager set to: [(446, 446), (446, 446), (446, 446)]
[2m2025-03-25T07:56:54.241598Z[0m [32m INFO[0m [1mnode[0m[1m{[0m[3mname[0m[2m=[0mk#99f25ef6..[1m}[0m[2m:[0m [2mconsensus_core::core[0m[2m:[0m [2mconsensus/core/src/core.rs[0m[2m:[0m[2m698:[0m Propagation round delay set to: 0
[2m2025-03-25T07:56:54.368440Z[0m [32m INFO[0m [1mnode[0m[1m{[0m[3mname[0m[2m=[0mk#addeef94..[1m}[0m[2m:[0m [2mconsensus_core::core[0m[2m:[0m [2mconsensus/core/src/core.rs[0m[2m:[0m[2m945:[0m Included 3 ancestors & excluded 0 ancestors for proposal in round 447
[2m2025-03-25T07:56:54.368881Z[0m [32m INFO[0m [1mnode[0m[1m{[0m[3mname[0m[2m=[0mk#addeef94..[1m}[0m[2m:[0m [2mconsensus_core::core[0m[2m:[0m [2mconsensus/core/src/core.rs[0m[2m:[0m[2m531:[0m Created block B447(C,Ffg6SMlLfwogsmBAU1Ku0ciKLF8oSFfbuRmlSFETHlg=)(1742889414368ms;[B446(C,1REEd1HqqcI1fJcKVKlD2VA/ichTwkUdFSXhLMutDmI=), B446(A,VOJeeCyp3m6YV5o7vg322YICW5jgaFjUAl2JNjq0XWI=), B446(B,vKiwI6sY5k9PoA2ATjFKEfRShyVMDQ1rcvlxOse7QQo=)];1t;1c) for round 447
[2m2025-03-25T07:56:54.370909Z[0m [32m INFO[0m [1mnode[0m[1m{[0m[3mname[0m[2m=[0mk#99f25ef6..[1m}[0m[2m:[0m [2mconsensus_core::core[0m[2m:[0m [2mconsensus/core/src/core.rs[0m[2m:[0m[2m945:[0m Included 3 ancestors & excluded 0 ancestors for proposal in round 447
[2m2025-03-25T07:56:54.370909Z[0m [32m INFO[0m [1mnode[0m[1m{[0m[3mname[0m[2m=[0mk#8dcff6d1..[1m}[0m[2m:[0m [2mconsensus_core::core[0m[2m:[0m [2mconsensus/core/src/core.rs[0m[2m:[0m[2m945:[0m Included 3 ancestors & excluded 0 ancestors for proposal in round 447
[2m2025-03-25T07:56:54.371202Z[0m [32m INFO[0m [1mnode[0m[1m{[0m[3mname[0m[2m=[0mk#99f25ef6..[1m}[0m[2m:[0m [2mconsensus_core::core[0m[2m:[0m [2mconsensus/core/src/core.rs[0m[2m:[0m[2m531:[0m Created block B447(B,w21n49jk+aJuLboEBmE8NOIQoLMk53Gwhe2JNAIJU08=)(1742889414371ms;[B446(B,vKiwI6sY5k9PoA2ATjFKEfRShyVMDQ1rcvlxOse7QQo=), B446(A,VOJeeCyp3m6YV5o7vg322YICW5jgaFjUAl2JNjq0XWI=), B446(C,1REEd1HqqcI1fJcKVKlD2VA/ichTwkUdFSXhLMutDmI=)];1t;1c) for round 447
[2m2025-03-25T07:56:54.371205Z[0m [32m INFO[0m [1mnode[0m[1m{[0m[3mname[0m[2m=[0mk#8dcff6d1..[1m}[0m[2m:[0m [2mconsensus_core::core[0m[2m:[0m [2mconsensus/core/src/core.rs[0m[2m:[0m[2m531:[0m Created block B447(A,5xInv8TDS75yWPLj0a14anAfaC+FdIOEIfqfR5nKAtI=)(1742889414371ms;[B446(A,VOJeeCyp3m6YV5o7vg322YICW5jgaFjUAl2JNjq0XWI=), B446(B,vKiwI6sY5k9PoA2ATjFKEfRShyVMDQ1rcvlxOse7QQo=), B446(C,1REEd1HqqcI1fJcKVKlD2VA/ichTwkUdFSXhLMutDmI=)];1t;1c) for round 447
[2m2025-03-25T07:56:54.371273Z[0m [32m INFO[0m [1mnode[0m[1m{[0m[3mname[0m[2m=[0mk#99f25ef6..[1m}[0m[2m:[0m [2mconsensus_core::core[0m[2m:[0m [2mconsensus/core/src/core.rs[0m[2m:[0m[2m630:[0m Committing 1 leaders: B445(A,EHhY)
[2m2025-03-25T07:56:54.371273Z[0m [32m INFO[0m [1mnode[0m[1m{[0m[3mname[0m[2m=[0mk#8dcff6d1..[1m}[0m[2m:[0m [2mconsensus_core::core[0m[2m:[0m [2mconsensus/core/src/core.rs[0m[2m:[0m[2m630:[0m Committing 1 leaders: B445(A,EHhY)
[2m2025-03-25T07:56:54.371352Z[0m [32m INFO[0m [1mnode[0m[1m{[0m[3mname[0m[2m=[0mk#99f25ef6..[1m}[0m[2m:[0m [2mconsensus_core::commit_observer[0m[2m:[0m [2mconsensus/core/src/commit_observer.rs[0m[2m:[0m[2m173:[0m Consensus commit C434(Mdcp) with leader B445(A,EHhY) has 3 blocks
[2m2025-03-25T07:56:54.371352Z[0m [32m INFO[0m [1mnode[0m[1m{[0m[3mname[0m[2m=[0mk#8dcff6d1..[1m}[0m[2m:[0m [2mconsensus_core::commit_observer[0m[2m:[0m [2mconsensus/core/src/commit_observer.rs[0m[2m:[0m[2m173:[0m Consensus commit C434(Mdcp) with leader B445(A,EHhY) has 3 blocks
[2m2025-03-25T07:56:54.371437Z[0m [32m INFO[0m [1mnode[0m[1m{[0m[3mname[0m[2m=[0mk#99f25ef6..[1m}[0m[2m:[0m [2msui_core::consensus_handler[0m[2m:[0m [2mcrates/sui-core/src/consensus_handler.rs[0m[2m:[0m[2m232:[0m Received consensus output [3mconsensus_commit[0m[2m=[0mCommittedSubDag(leader=B445(A,EHhY), ref=C434(Mdcp), blocks=[NhJh, AYlO, EHhY]) [3mepoch[0m[2m=[0m1
[2m2025-03-25T07:56:54.371437Z[0m [32m INFO[0m [1mnode[0m[1m{[0m[3mname[0m[2m=[0mk#8dcff6d1..[1m}[0m[2m:[0m [2msui_core::consensus_handler[0m[2m:[0m [2mcrates/sui-core/src/consensus_handler.rs[0m[2m:[0m[2m232:[0m Received consensus output [3mconsensus_commit[0m[2m=[0mCommittedSubDag(leader=B445(A,EHhY), ref=C434(Mdcp), blocks=[NhJh, AYlO, EHhY]) [3mepoch[0m[2m=[0m1
[2m2025-03-25T07:56:54.375172Z[0m [32m INFO[0m [1mnode[0m[1m{[0m[3mname[0m[2m=[0mk#addeef94..[1m}[0m[2m:[0m [2mconsensus_core::core[0m[2m:[0m [2mconsensus/core/src/core.rs[0m[2m:[0m[2m630:[0m Committing 1 leaders: B445(A,EHhY)
[2m2025-03-25T07:56:54.375279Z[0m [32m INFO[0m [1mnode[0m[1m{[0m[3mname[0m[2m=[0mk#addeef94..[1m}[0m[2m:[0m [2mconsensus_core::commit_observer[0m[2m:[0m [2mconsensus/core/src/commit_observer.rs[0m[2m:[0m[2m173:[0m Consensus commit C434(Mdcp) with leader B445(A,EHhY) has 3 blocks
[2m2025-03-25T07:56:54.375412Z[0m [32m INFO[0m [1mnode[0m[1m{[0m[3mname[0m[2m=[0mk#addeef94..[1m}[0m[2m:[0m [2msui_core::consensus_handler[0m[2m:[0m [2mcrates/sui-core/src/consensus_handler.rs[0m[2m:[0m[2m232:[0m Received consensus output [3mconsensus_commit[0m[2m=[0mCommittedSubDag(leader=B445(A,EHhY), ref=C434(Mdcp), blocks=[NhJh, AYlO, EHhY]) [3mepoch[0m[2m=[0m1
[2m2025-03-25T07:56:54.398208Z[0m [32m INFO[0m [1mnode[0m[1m{[0m[3mname[0m[2m=[0mk#99f25ef6..[1m}[0m[2m:[0m [2msui_core::checkpoints[0m[2m:[0m [2mcrates/sui-core/src/checkpoints/mod.rs[0m[2m:[0m[2m1326:[0m Creating checkpoint(s) for 2 transactions [3mnext_checkpoint_seq[0m[2m=[0m647 [3mcheckpoint_timestamp[0m[2m=[0m1742889413858
[2m2025-03-25T07:56:54.398209Z[0m [32m INFO[0m [1mnode[0m[1m{[0m[3mname[0m[2m=[0mk#8dcff6d1..[1m}[0m[2m:[0m [2msui_core::checkpoints[0m[2m:[0m [2mcrates/sui-core/src/checkpoints/mod.rs[0m[2m:[0m[2m1326:[0m Creating checkpoint(s) for 2 transactions [3mnext_checkpoint_seq[0m[2m=[0m647 [3mcheckpoint_timestamp[0m[2m=[0m1742889413858
[2m2025-03-25T07:56:54.398525Z[0m [32m INFO[0m [1mnode[0m[1m{[0m[3mname[0m[2m=[0mk#8dcff6d1..[1m}[0m[2m:[0m [2msui_core::checkpoints::checkpoint_output[0m[2m:[0m [2mcrates/sui-core/src/checkpoints/checkpoint_output.rs[0m[2m:[0m[2m149:[0m Creating checkpoint CheckpointDigest(4Su2YoUhgrNog27PAc9BmZhs5qi37ekMQ5J3b1cWud8G) at epoch 1, sequence 647, previous digest Some(CheckpointDigest(9ZyMNfc2BXBf63kf1kv8cSRkzxwAGa1vb5JMTbeKd9pM)), transactions count 2, content digest CheckpointContentsDigest(DigUi72vsRQ5iB3Cs44ytvMMQV1JPjxeBHaRn8GCg5c5), end_of_epoch_data None
[2m2025-03-25T07:56:54.398525Z[0m [32m INFO[0m [1mnode[0m[1m{[0m[3mname[0m[2m=[0mk#99f25ef6..[1m}[0m[2m:[0m [2msui_core::checkpoints::checkpoint_output[0m[2m:[0m [2mcrates/sui-core/src/checkpoints/checkpoint_output.rs[0m[2m:[0m[2m149:[0m Creating checkpoint CheckpointDigest(4Su2YoUhgrNog27PAc9BmZhs5qi37ekMQ5J3b1cWud8G) at epoch 1, sequence 647, previous digest Some(CheckpointDigest(9ZyMNfc2BXBf63kf1kv8cSRkzxwAGa1vb5JMTbeKd9pM)), transactions count 2, content digest CheckpointContentsDigest(DigUi72vsRQ5iB3Cs44ytvMMQV1JPjxeBHaRn8GCg5c5), end_of_epoch_data None
[2m2025-03-25T07:56:54.401424Z[0m [32m INFO[0m [1mnode[0m[1m{[0m[3mname[0m[2m=[0mk#addeef94..[1m}[0m[2m:[0m [2msui_core::checkpoints[0m[2m:[0m [2mcrates/sui-core/src/checkpoints/mod.rs[0m[2m:[0m[2m1326:[0m Creating checkpoint(s) for 2 transactions [3mnext_checkpoint_seq[0m[2m=[0m647 [3mcheckpoint_timestamp[0m[2m=[0m1742889413858
[2m2025-03-25T07:56:54.401676Z[0m [32m INFO[0m [1mnode[0m[1m{[0m[3mname[0m[2m=[0mk#addeef94..[1m}[0m[2m:[0m [2msui_core::checkpoints::checkpoint_output[0m[2m:[0m [2mcrates/sui-core/src/checkpoints/checkpoint_output.rs[0m[2m:[0m[2m149:[0m Creating checkpoint CheckpointDigest(4Su2YoUhgrNog27PAc9BmZhs5qi37ekMQ5J3b1cWud8G) at epoch 1, sequence 647, previous digest Some(CheckpointDigest(9ZyMNfc2BXBf63kf1kv8cSRkzxwAGa1vb5JMTbeKd9pM)), transactions count 2, content digest CheckpointContentsDigest(DigUi72vsRQ5iB3Cs44ytvMMQV1JPjxeBHaRn8GCg5c5), end_of_epoch_data None
[2m2025-03-25T07:56:54.401799Z[0m [32m INFO[0m [1mnode[0m[1m{[0m[3mname[0m[2m=[0mk#8dcff6d1..[1m}[0m[2m:[0m [2msui_core::checkpoints::checkpoint_output[0m[2m:[0m [2mcrates/sui-core/src/checkpoints/checkpoint_output.rs[0m[2m:[0m[2m196:[0m Certified checkpoint with sequence 646 and digest 9ZyMNfc2BXBf63kf1kv8cSRkzxwAGa1vb5JMTbeKd9pM
[2m2025-03-25T07:56:54.401802Z[0m [32m INFO[0m [1mnode[0m[1m{[0m[3mname[0m[2m=[0mk#99f25ef6..[1m}[0m[2m:[0m [2msui_core::checkpoints::checkpoint_output[0m[2m:[0m [2mcrates/sui-core/src/checkpoints/checkpoint_output.rs[0m[2m:[0m[2m196:[0m Certified checkpoint with sequence 646 and digest 9ZyMNfc2BXBf63kf1kv8cSRkzxwAGa1vb5JMTbeKd9pM
[2m2025-03-25T07:56:54.402169Z[0m [32m INFO[0m [1mnode[0m[1m{[0m[3mname[0m[2m=[0mk#99f25ef6..[1m}[0m[2m:[0m [2msui_core::checkpoints::checkpoint_executor[0m[2m:[0m [2mcrates/sui-core/src/checkpoints/checkpoint_executor/mod.rs[0m[2m:[0m[2m332:[0m Received checkpoint summary from state sync [3msequence_number[0m[2m=[0m646
[2m2025-03-25T07:56:54.402169Z[0m [32m INFO[0m [1mnode[0m[1m{[0m[3mname[0m[2m=[0mk#8dcff6d1..[1m}[0m[2m:[0m [2msui_core::checkpoints::checkpoint_executor[0m[2m:[0m [2mcrates/sui-core/src/checkpoints/checkpoint_executor/mod.rs[0m[2m:[0m[2m332:[0m Received checkpoint summary from state sync [3msequence_number[0m[2m=[0m646
[2m2025-03-25T07:56:54.403378Z[0m [32m INFO[0m [1mnode[0m[1m{[0m[3mname[0m[2m=[0mk#99f25ef6..[1m}[0m[2m:[0m [2msui_core::state_accumulator[0m[2m:[0m [2mcrates/sui-core/src/state_accumulator.rs[0m[2m:[0m[2m675:[0m accumulating running root for checkpoint 646
[2m2025-03-25T07:56:54.403386Z[0m [32m INFO[0m [1mnode[0m[1m{[0m[3mname[0m[2m=[0mk#8dcff6d1..[1m}[0m[2m:[0m [2msui_core::state_accumulator[0m[2m:[0m [2mcrates/sui-core/src/state_accumulator.rs[0m[2m:[0m[2m675:[0m accumulating running root for checkpoint 646
[2m2025-03-25T07:56:54.405556Z[0m [32m INFO[0m [1mnode[0m[1m{[0m[3mname[0m[2m=[0mk#addeef94..[1m}[0m[2m:[0m [2msui_core::checkpoints::checkpoint_executor[0m[2m:[0m [2mcrates/sui-core/src/checkpoints/checkpoint_executor/mod.rs[0m[2m:[0m[2m332:[0m Received checkpoint summary from state sync [3msequence_number[0m[2m=[0m646
[2m2025-03-25T07:56:54.406286Z[0m [32m INFO[0m [1mnode[0m[1m{[0m[3mname[0m[2m=[0mk#addeef94..[1m}[0m[2m:[0m [2msui_core::state_accumulator[0m[2m:[0m [2mcrates/sui-core/src/state_accumulator.rs[0m[2m:[0m[2m675:[0m accumulating running root for checkpoint 646
[2m2025-03-25T07:56:54.482446Z[0m [32m INFO[0m [2msui_bridge::sui_bridge_watchdog[0m[2m:[0m [2mcrates/sui-bridge/src/sui_bridge_watchdog/mod.rs[0m[2m:[0m[2m47:[0m Running observable EthBridgeStatus
[2m2025-03-25T07:56:54.482454Z[0m [32m INFO[0m [2msui_bridge::sui_bridge_watchdog[0m[2m:[0m [2mcrates/sui-bridge/src/sui_bridge_watchdog/mod.rs[0m[2m:[0m[2m47:[0m Running observable SuiBridgeStatus
[2m2025-03-25T07:56:54.482465Z[0m [32m INFO[0m [2msui_bridge::sui_bridge_watchdog[0m[2m:[0m [2mcrates/sui-bridge/src/sui_bridge_watchdog/mod.rs[0m[2m:[0m[2m47:[0m Running observable EthereumVaultBalance
[2m2025-03-25T07:56:54.482543Z[0m [32m INFO[0m [2msui_bridge::sui_bridge_watchdog[0m[2m:[0m [2mcrates/sui-bridge/src/sui_bridge_watchdog/mod.rs[0m[2m:[0m[2m47:[0m Running observable EthereumVaultBalance
[2m2025-03-25T07:56:54.483020Z[0m [32m INFO[0m [1mobservable[0m[1m{[0m[3mname[0m[2m=[0m"EthBridgeStatus"[1m}[0m[2m:[0m [2msui_bridge::sui_bridge_watchdog::eth_bridge_status[0m[2m:[0m [2mcrates/sui-bridge/src/sui_bridge_watchdog/eth_bridge_status.rs[0m[2m:[0m[2m47:[0m Eth Bridge Status: false
[2m2025-03-25T07:56:54.483025Z[0m [32m INFO[0m [1mobservable[0m[1m{[0m[3mname[0m[2m=[0m"EthereumVaultBalance"[1m}[0m[2m:[0m [2msui_bridge::sui_bridge_watchdog::eth_vault_balance[0m[2m:[0m [2mcrates/sui-bridge/src/sui_bridge_watchdog/eth_vault_balance.rs[0m[2m:[0m[2m98:[0m WETH Vault Balance: 0
[2m2025-03-25T07:56:54.483026Z[0m [32m INFO[0m [1mobservable[0m[1m{[0m[3mname[0m[2m=[0m"EthereumVaultBalance"[1m}[0m[2m:[0m [2msui_bridge::sui_bridge_watchdog::eth_vault_balance[0m[2m:[0m [2mcrates/sui-bridge/src/sui_bridge_watchdog/eth_vault_balance.rs[0m[2m:[0m[2m98:[0m USDT Vault Balance: 10000000000
[2m2025-03-25T07:56:54.504703Z[0m [32m INFO[0m [2msui_bridge::eth_syncer[0m[2m:[0m [2mcrates/sui-bridge/src/eth_syncer.rs[0m[2m:[0m[2m120:[0m Observed new finalized eth block: 176
[2m2025-03-25T07:56:54.624003Z[0m [32m INFO[0m [1mnode[0m[1m{[0m[3mname[0m[2m=[0mk#8dcff6d1..[1m}[0m[2m:[0m [2mconsensus_core::core[0m[2m:[0m [2mconsensus/core/src/core.rs[0m[2m:[0m[2m945:[0m Included 3 ancestors & excluded 0 ancestors for proposal in round 448
[2m2025-03-25T07:56:54.624336Z[0m [32m INFO[0m [1mnode[0m[1m{[0m[3mname[0m[2m=[0mk#99f25ef6..[1m}[0m[2m:[0m [2mconsensus_core::core[0m[2m:[0m [2mconsensus/core/src/core.rs[0m[2m:[0m[2m945:[0m Included 3 ancestors & excluded 0 ancestors for proposal in round 448
[2m2025-03-25T07:56:54.624382Z[0m [32m INFO[0m [1mnode[0m[1m{[0m[3mname[0m[2m=[0mk#8dcff6d1..[1m}[0m[2m:[0m [2mconsensus_core::core[0m[2m:[0m [2mconsensus/core/src/core.rs[0m[2m:[0m[2m531:[0m Created block B448(A,mOwCvxz8iT7y6JDRg4+LkFYO7SGYjKTH9saiWrr5/Ks=)(1742889414624ms;[B447(A,5xInv8TDS75yWPLj0a14anAfaC+FdIOEIfqfR5nKAtI=), B447(B,w21n49jk+aJuLboEBmE8NOIQoLMk53Gwhe2JNAIJU08=), B447(C,Ffg6SMlLfwogsmBAU1Ku0ciKLF8oSFfbuRmlSFETHlg=)];1t;1c) for round 448
[2m2025-03-25T07:56:54.624659Z[0m [32m INFO[0m [1mnode[0m[1m{[0m[3mname[0m[2m=[0mk#99f25ef6..[1m}[0m[2m:[0m [2mconsensus_core::core[0m[2m:[0m [2mconsensus/core/src/core.rs[0m[2m:[0m[2m531:[0m Created block B448(B,PQPyFac7A65qaDy35PV1tVIB0u3K2zpPl7wuEmdxrsA=)(1742889414624ms;[B447(B,w21n49jk+aJuLboEBmE8NOIQoLMk53Gwhe2JNAIJU08=), B447(A,5xInv8TDS75yWPLj0a14anAfaC+FdIOEIfqfR5nKAtI=), B447(C,Ffg6SMlLfwogsmBAU1Ku0ciKLF8oSFfbuRmlSFETHlg=)];1t;1c) for round 448
[2m2025-03-25T07:56:54.627538Z[0m [32m INFO[0m [1mnode[0m[1m{[0m[3mname[0m[2m=[0mk#addeef94..[1m}[0m[2m:[0m [2mconsensus_core::core[0m[2m:[0m [2mconsensus/core/src/core.rs[0m[2m:[0m[2m945:[0m Included 3 ancestors & excluded 0 ancestors for proposal in round 448
[2m2025-03-25T07:56:54.627832Z[0m [32m INFO[0m [1mnode[0m[1m{[0m[3mname[0m[2m=[0mk#addeef94..[1m}[0m[2m:[0m [2mconsensus_core::core[0m[2m:[0m [2mconsensus/core/src/core.rs[0m[2m:[0m[2m531:[0m Created block B448(C,zCZJn9QGR9t/rCWrul4MTAqdo7kbKC/Agjk068AytOY=)(1742889414627ms;[B447(C,Ffg6SMlLfwogsmBAU1Ku0ciKLF8oSFfbuRmlSFETHlg=), B447(A,5xInv8TDS75yWPLj0a14anAfaC+FdIOEIfqfR5nKAtI=), B447(B,w21n49jk+aJuLboEBmE8NOIQoLMk53Gwhe2JNAIJU08=)];1t;1c) for round 448
[2m2025-03-25T07:56:54.627902Z[0m [32m INFO[0m [1mnode[0m[1m{[0m[3mname[0m[2m=[0mk#addeef94..[1m}[0m[2m:[0m [2mconsensus_core::core[0m[2m:[0m [2mconsensus/core/src/core.rs[0m[2m:[0m[2m630:[0m Committing 1 leaders: B446(A,VOJe)
[2m2025-03-25T07:56:54.627980Z[0m [32m INFO[0m [1mnode[0m[1m{[0m[3mname[0m[2m=[0mk#addeef94..[1m}[0m[2m:[0m [2mconsensus_core::commit_observer[0m[2m:[0m [2mconsensus/core/src/commit_observer.rs[0m[2m:[0m[2m173:[0m Consensus commit C435(86pB) with leader B446(A,VOJe) has 3 blocks
[2m2025-03-25T07:56:54.628222Z[0m [32m INFO[0m [1mnode[0m[1m{[0m[3mname[0m[2m=[0mk#addeef94..[1m}[0m[2m:[0m [2msui_core::consensus_handler[0m[2m:[0m [2mcrates/sui-core/src/consensus_handler.rs[0m[2m:[0m[2m232:[0m Received consensus output [3mconsensus_commit[0m[2m=[0mCommittedSubDag(leader=B446(A,VOJe), ref=C435(86pB), blocks=[/HVe, JsUx, VOJe]) [3mepoch[0m[2m=[0m1
[2m2025-03-25T07:56:54.631346Z[0m [32m INFO[0m [1mnode[0m[1m{[0m[3mname[0m[2m=[0mk#8dcff6d1..[1m}[0m[2m:[0m [2msui_core::checkpoints::checkpoint_output[0m[2m:[0m [2mcrates/sui-core/src/checkpoints/checkpoint_output.rs[0m[2m:[0m[2m196:[0m Certified checkpoint with sequence 647 and digest 4Su2YoUhgrNog27PAc9BmZhs5qi37ekMQ5J3b1cWud8G
[2m2025-03-25T07:56:54.631351Z[0m [32m INFO[0m [1mnode[0m[1m{[0m[3mname[0m[2m=[0mk#99f25ef6..[1m}[0m[2m:[0m [2msui_core::checkpoints::checkpoint_output[0m[2m:[0m [2mcrates/sui-core/src/checkpoints/checkpoint_output.rs[0m[2m:[0m[2m196:[0m Certified checkpoint with sequence 647 and digest 4Su2YoUhgrNog27PAc9BmZhs5qi37ekMQ5J3b1cWud8G
[2m2025-03-25T07:56:54.631461Z[0m [32m INFO[0m [1mnode[0m[1m{[0m[3mname[0m[2m=[0mk#8dcff6d1..[1m}[0m[2m:[0m [2mconsensus_core::core[0m[2m:[0m [2mconsensus/core/src/core.rs[0m[2m:[0m[2m630:[0m Committing 1 leaders: B446(A,VOJe)
[2m2025-03-25T07:56:54.631461Z[0m [32m INFO[0m [1mnode[0m[1m{[0m[3mname[0m[2m=[0mk#99f25ef6..[1m}[0m[2m:[0m [2mconsensus_core::core[0m[2m:[0m [2mconsensus/core/src/core.rs[0m[2m:[0m[2m630:[0m Committing 1 leaders: B446(A,VOJe)
[2m2025-03-25T07:56:54.631565Z[0m [32m INFO[0m [1mnode[0m[1m{[0m[3mname[0m[2m=[0mk#8dcff6d1..[1m}[0m[2m:[0m [2mconsensus_core::commit_observer[0m[2m:[0m [2mconsensus/core/src/commit_observer.rs[0m[2m:[0m[2m173:[0m Consensus commit C435(86pB) with leader B446(A,VOJe) has 3 blocks
[2m2025-03-25T07:56:54.631575Z[0m [32m INFO[0m [1mnode[0m[1m{[0m[3mname[0m[2m=[0mk#99f25ef6..[1m}[0m[2m:[0m [2mconsensus_core::commit_observer[0m[2m:[0m [2mconsensus/core/src/commit_observer.rs[0m[2m:[0m[2m173:[0m Consensus commit C435(86pB) with leader B446(A,VOJe) has 3 blocks
[2m2025-03-25T07:56:54.632029Z[0m [32m INFO[0m [1mnode[0m[1m{[0m[3mname[0m[2m=[0mk#8dcff6d1..[1m}[0m[2m:[0m [2msui_core::consensus_handler[0m[2m:[0m [2mcrates/sui-core/src/consensus_handler.rs[0m[2m:[0m[2m232:[0m Received consensus output [3mconsensus_commit[0m[2m=[0mCommittedSubDag(leader=B446(A,VOJe), ref=C435(86pB), blocks=[/HVe, JsUx, VOJe]) [3mepoch[0m[2m=[0m1
[2m2025-03-25T07:56:54.632029Z[0m [32m INFO[0m [1mnode[0m[1m{[0m[3mname[0m[2m=[0mk#99f25ef6..[1m}[0m[2m:[0m [2msui_core::consensus_handler[0m[2m:[0m [2mcrates/sui-core/src/consensus_handler.rs[0m[2m:[0m[2m232:[0m Received consensus output [3mconsensus_commit[0m[2m=[0mCommittedSubDag(leader=B446(A,VOJe), ref=C435(86pB), blocks=[/HVe, JsUx, VOJe]) [3mepoch[0m[2m=[0m1
[2m2025-03-25T07:56:54.632656Z[0m [32m INFO[0m [1mnode[0m[1m{[0m[3mname[0m[2m=[0mk#99f25ef6..[1m}[0m[2m:[0m [2msui_core::checkpoints::checkpoint_executor[0m[2m:[0m [2mcrates/sui-core/src/checkpoints/checkpoint_executor/mod.rs[0m[2m:[0m[2m332:[0m Received checkpoint summary from state sync [3msequence_number[0m[2m=[0m647
[2m2025-03-25T07:56:54.632656Z[0m [32m INFO[0m [1mnode[0m[1m{[0m[3mname[0m[2m=[0mk#8dcff6d1..[1m}[0m[2m:[0m [2msui_core::checkpoints::checkpoint_executor[0m[2m:[0m [2mcrates/sui-core/src/checkpoints/checkpoint_executor/mod.rs[0m[2m:[0m[2m332:[0m Received checkpoint summary from state sync [3msequence_number[0m[2m=[0m647
[2m2025-03-25T07:56:54.646276Z[0m [32m INFO[0m [1mnode[0m[1m{[0m[3mname[0m[2m=[0mk#8dcff6d1..[1m}[0m[2m:[0m [2msui_core::state_accumulator[0m[2m:[0m [2mcrates/sui-core/src/state_accumulator.rs[0m[2m:[0m[2m675:[0m accumulating running root for checkpoint 647
[2m2025-03-25T07:56:54.646279Z[0m [32m INFO[0m [1mnode[0m[1m{[0m[3mname[0m[2m=[0mk#99f25ef6..[1m}[0m[2m:[0m [2msui_core::state_accumulator[0m[2m:[0m [2mcrates/sui-core/src/state_accumulator.rs[0m[2m:[0m[2m675:[0m accumulating running root for checkpoint 647
[2m2025-03-25T07:56:54.672481Z[0m [32m INFO[0m [1mnode[0m[1m{[0m[3mname[0m[2m=[0mk#addeef94..[1m}[0m[2m:[0m [2msui_core::checkpoints[0m[2m:[0m [2mcrates/sui-core/src/checkpoints/mod.rs[0m[2m:[0m[2m1326:[0m Creating checkpoint(s) for 1 transactions [3mnext_checkpoint_seq[0m[2m=[0m648 [3mcheckpoint_timestamp[0m[2m=[0m1742889414111
[2m2025-03-25T07:56:54.672712Z[0m [32m INFO[0m [1mnode[0m[1m{[0m[3mname[0m[2m=[0mk#addeef94..[1m}[0m[2m:[0m [2msui_core::checkpoints::checkpoint_output[0m[2m:[0m [2mcrates/sui-core/src/checkpoints/checkpoint_output.rs[0m[2m:[0m[2m149:[0m Creating checkpoint CheckpointDigest(BVz7CpYg4t2u38XnicjY7yEW5Mswj87o4teqZqCofbRU) at epoch 1, sequence 648, previous digest Some(CheckpointDigest(4Su2YoUhgrNog27PAc9BmZhs5qi37ekMQ5J3b1cWud8G)), transactions count 1, content digest CheckpointContentsDigest(GUnJsGRu6h8xk7BF7MKNEtDN2RiXBz6dfdANYuuPVwW), end_of_epoch_data None
[2m2025-03-25T07:56:54.677367Z[0m [32m INFO[0m [1mnode[0m[1m{[0m[3mname[0m[2m=[0mk#8dcff6d1..[1m}[0m[2m:[0m [2msui_core::checkpoints[0m[2m:[0m [2mcrates/sui-core/src/checkpoints/mod.rs[0m[2m:[0m[2m1326:[0m Creating checkpoint(s) for 1 transactions [3mnext_checkpoint_seq[0m[2m=[0m648 [3mcheckpoint_timestamp[0m[2m=[0m1742889414111
[2m2025-03-25T07:56:54.677551Z[0m [32m INFO[0m [1mnode[0m[1m{[0m[3mname[0m[2m=[0mk#8dcff6d1..[1m}[0m[2m:[0m [2msui_core::checkpoints::checkpoint_output[0m[2m:[0m [2mcrates/sui-core/src/checkpoints/checkpoint_output.rs[0m[2m:[0m[2m149:[0m Creating checkpoint CheckpointDigest(BVz7CpYg4t2u38XnicjY7yEW5Mswj87o4teqZqCofbRU) at epoch 1, sequence 648, previous digest Some(CheckpointDigest(4Su2YoUhgrNog27PAc9BmZhs5qi37ekMQ5J3b1cWud8G)), transactions count 1, content digest CheckpointContentsDigest(GUnJsGRu6h8xk7BF7MKNEtDN2RiXBz6dfdANYuuPVwW), end_of_epoch_data None
[2m2025-03-25T07:56:54.677644Z[0m [32m INFO[0m [1mnode[0m[1m{[0m[3mname[0m[2m=[0mk#99f25ef6..[1m}[0m[2m:[0m [2msui_core::checkpoints[0m[2m:[0m [2mcrates/sui-core/src/checkpoints/mod.rs[0m[2m:[0m[2m1326:[0m Creating checkpoint(s) for 1 transactions [3mnext_checkpoint_seq[0m[2m=[0m648 [3mcheckpoint_timestamp[0m[2m=[0m1742889414111
[2m2025-03-25T07:56:54.677817Z[0m [32m INFO[0m [1mnode[0m[1m{[0m[3mname[0m[2m=[0mk#99f25ef6..[1m}[0m[2m:[0m [2msui_core::checkpoints::checkpoint_output[0m[2m:[0m [2mcrates/sui-core/src/checkpoints/checkpoint_output.rs[0m[2m:[0m[2m149:[0m Creating checkpoint CheckpointDigest(BVz7CpYg4t2u38XnicjY7yEW5Mswj87o4teqZqCofbRU) at epoch 1, sequence 648, previous digest Some(CheckpointDigest(4Su2YoUhgrNog27PAc9BmZhs5qi37ekMQ5J3b1cWud8G)), transactions count 1, content digest CheckpointContentsDigest(GUnJsGRu6h8xk7BF7MKNEtDN2RiXBz6dfdANYuuPVwW), end_of_epoch_data None
[2m2025-03-25T07:56:54.740156Z[0m [32m INFO[0m [1mnode[0m[1m{[0m[3mname[0m[2m=[0mk#addeef94..[1m}[0m[2m:[0m [2msui_core::checkpoints::checkpoint_executor[0m[2m:[0m [2mcrates/sui-core/src/checkpoints/checkpoint_executor/mod.rs[0m[2m:[0m[2m332:[0m Received checkpoint summary from state sync [3msequence_number[0m[2m=[0m647
[2m2025-03-25T07:56:54.741649Z[0m [32m INFO[0m [1mnode[0m[1m{[0m[3mname[0m[2m=[0mk#addeef94..[1m}[0m[2m:[0m [2msui_core::state_accumulator[0m[2m:[0m [2mcrates/sui-core/src/state_accumulator.rs[0m[2m:[0m[2m675:[0m accumulating running root for checkpoint 647
[2m2025-03-25T07:56:54.880851Z[0m [32m INFO[0m [1mnode[0m[1m{[0m[3mname[0m[2m=[0mk#addeef94..[1m}[0m[2m:[0m [2mconsensus_core::core[0m[2m:[0m [2mconsensus/core/src/core.rs[0m[2m:[0m[2m945:[0m Included 3 ancestors & excluded 0 ancestors for proposal in round 449
[2m2025-03-25T07:56:54.881230Z[0m [32m INFO[0m [1mnode[0m[1m{[0m[3mname[0m[2m=[0mk#addeef94..[1m}[0m[2m:[0m [2mconsensus_core::core[0m[2m:[0m [2mconsensus/core/src/core.rs[0m[2m:[0m[2m531:[0m Created block B449(C,WvOxMQ+9MI2p2L1oPT7LCeOAvaYsX55idowTd2FNOEs=)(1742889414881ms;[B448(C,zCZJn9QGR9t/rCWrul4MTAqdo7kbKC/Agjk068AytOY=), B448(A,mOwCvxz8iT7y6JDRg4+LkFYO7SGYjKTH9saiWrr5/Ks=), B448(B,PQPyFac7A65qaDy35PV1tVIB0u3K2zpPl7wuEmdxrsA=)];1t;1c) for round 449
[2m2025-03-25T07:56:54.883131Z[0m [32m INFO[0m [1mnode[0m[1m{[0m[3mname[0m[2m=[0mk#99f25ef6..[1m}[0m[2m:[0m [2mconsensus_core::core[0m[2m:[0m [2mconsensus/core/src/core.rs[0m[2m:[0m[2m945:[0m Included 3 ancestors & excluded 0 ancestors for proposal in round 449
[2m2025-03-25T07:56:54.883131Z[0m [32m INFO[0m [1mnode[0m[1m{[0m[3mname[0m[2m=[0mk#8dcff6d1..[1m}[0m[2m:[0m [2mconsensus_core::core[0m[2m:[0m [2mconsensus/core/src/core.rs[0m[2m:[0m[2m945:[0m Included 3 ancestors & excluded 0 ancestors for proposal in round 449
[2m2025-03-25T07:56:54.883420Z[0m [32m INFO[0m [1mnode[0m[1m{[0m[3mname[0m[2m=[0mk#99f25ef6..[1m}[0m[2m:[0m [2mconsensus_core::core[0m[2m:[0m [2mconsensus/core/src/core.rs[0m[2m:[0m[2m531:[0m Created block B449(B,EbvZ3qHCTMl1iHFkklYbc9ZT7a+vLAJJDFhEJHPV1Xk=)(1742889414883ms;[B448(B,PQPyFac7A65qaDy35PV1tVIB0u3K2zpPl7wuEmdxrsA=), B448(A,mOwCvxz8iT7y6JDRg4+LkFYO7SGYjKTH9saiWrr5/Ks=), B448(C,zCZJn9QGR9t/rCWrul4MTAqdo7kbKC/Agjk068AytOY=)];1t;1c) for round 449
[2m2025-03-25T07:56:54.883423Z[0m [32m INFO[0m [1mnode[0m[1m{[0m[3mname[0m[2m=[0mk#8dcff6d1..[1m}[0m[2m:[0m [2mconsensus_core::core[0m[2m:[0m [2mconsensus/core/src/core.rs[0m[2m:[0m[2m531:[0m Created block B449(A,EHJlBw8TCAPeZvUmqpITQ8+C8wf3ca6tn7KYj6CjNQE=)(1742889414883ms;[B448(A,mOwCvxz8iT7y6JDRg4+LkFYO7SGYjKTH9saiWrr5/Ks=), B448(B,PQPyFac7A65qaDy35PV1tVIB0u3K2zpPl7wuEmdxrsA=), B448(C,zCZJn9QGR9t/rCWrul4MTAqdo7kbKC/Agjk068AytOY=)];1t;1c) for round 449
[2m2025-03-25T07:56:54.883489Z[0m [32m INFO[0m [1mnode[0m[1m{[0m[3mname[0m[2m=[0mk#8dcff6d1..[1m}[0m[2m:[0m [2mconsensus_core::core[0m[2m:[0m [2mconsensus/core/src/core.rs[0m[2m:[0m[2m630:[0m Committing 1 leaders: B447(B,w21n)
[2m2025-03-25T07:56:54.883489Z[0m [32m INFO[0m [1mnode[0m[1m{[0m[3mname[0m[2m=[0mk#99f25ef6..[1m}[0m[2m:[0m [2mconsensus_core::core[0m[2m:[0m [2mconsensus/core/src/core.rs[0m[2m:[0m[2m630:[0m Committing 1 leaders: B447(B,w21n)
[2m2025-03-25T07:56:54.883562Z[0m [32m INFO[0m [1mnode[0m[1m{[0m[3mname[0m[2m=[0mk#8dcff6d1..[1m}[0m[2m:[0m [2mconsensus_core::commit_observer[0m[2m:[0m [2mconsensus/core/src/commit_observer.rs[0m[2m:[0m[2m173:[0m Consensus commit C436(+g7Q) with leader B447(B,w21n) has 3 blocks
[2m2025-03-25T07:56:54.883562Z[0m [32m INFO[0m [1mnode[0m[1m{[0m[3mname[0m[2m=[0mk#99f25ef6..[1m}[0m[2m:[0m [2mconsensus_core::commit_observer[0m[2m:[0m [2mconsensus/core/src/commit_observer.rs[0m[2m:[0m[2m173:[0m Consensus commit C436(+g7Q) with leader B447(B,w21n) has 3 blocks
[2m2025-03-25T07:56:54.883646Z[0m [32m INFO[0m [1mnode[0m[1m{[0m[3mname[0m[2m=[0mk#99f25ef6..[1m}[0m[2m:[0m [2msui_core::consensus_handler[0m[2m:[0m [2mcrates/sui-core/src/consensus_handler.rs[0m[2m:[0m[2m232:[0m Received consensus output [3mconsensus_commit[0m[2m=[0mCommittedSubDag(leader=B447(B,w21n), ref=C436(+g7Q), blocks=[vKiw, 1REE, w21n]) [3mepoch[0m[2m=[0m1
[2m2025-03-25T07:56:54.883646Z[0m [32m INFO[0m [1mnode[0m[1m{[0m[3mname[0m[2m=[0mk#8dcff6d1..[1m}[0m[2m:[0m [2msui_core::consensus_handler[0m[2m:[0m [2mcrates/sui-core/src/consensus_handler.rs[0m[2m:[0m[2m232:[0m Received consensus output [3mconsensus_commit[0m[2m=[0mCommittedSubDag(leader=B447(B,w21n), ref=C436(+g7Q), blocks=[vKiw, 1REE, w21n]) [3mepoch[0m[2m=[0m1
[2m2025-03-25T07:56:54.887277Z[0m [32m INFO[0m [1mnode[0m[1m{[0m[3mname[0m[2m=[0mk#addeef94..[1m}[0m[2m:[0m [2mconsensus_core::core[0m[2m:[0m [2mconsensus/core/src/core.rs[0m[2m:[0m[2m630:[0m Committing 1 leaders: B447(B,w21n)
[2m2025-03-25T07:56:54.887373Z[0m [32m INFO[0m [1mnode[0m[1m{[0m[3mname[0m[2m=[0mk#addeef94..[1m}[0m[2m:[0m [2mconsensus_core::commit_observer[0m[2m:[0m [2mconsensus/core/src/commit_observer.rs[0m[2m:[0m[2m173:[0m Consensus commit C436(+g7Q) with leader B447(B,w21n) has 3 blocks
[2m2025-03-25T07:56:54.887501Z[0m [32m INFO[0m [1mnode[0m[1m{[0m[3mname[0m[2m=[0mk#addeef94..[1m}[0m[2m:[0m [2msui_core::consensus_handler[0m[2m:[0m [2mcrates/sui-core/src/consensus_handler.rs[0m[2m:[0m[2m232:[0m Received consensus output [3mconsensus_commit[0m[2m=[0mCommittedSubDag(leader=B447(B,w21n), ref=C436(+g7Q), blocks=[vKiw, 1REE, w21n]) [3mepoch[0m[2m=[0m1
[2m2025-03-25T07:56:54.910275Z[0m [32m INFO[0m [1mnode[0m[1m{[0m[3mname[0m[2m=[0mk#8dcff6d1..[1m}[0m[2m:[0m [2msui_core::checkpoints[0m[2m:[0m [2mcrates/sui-core/src/checkpoints/mod.rs[0m[2m:[0m[2m1326:[0m Creating checkpoint(s) for 2 transactions [3mnext_checkpoint_seq[0m[2m=[0m649 [3mcheckpoint_timestamp[0m[2m=[0m1742889414371
[2m2025-03-25T07:56:54.910276Z[0m [32m INFO[0m [1mnode[0m[1m{[0m[3mname[0m[2m=[0mk#99f25ef6..[1m}[0m[2m:[0m [2msui_core::checkpoints[0m[2m:[0m [2mcrates/sui-core/src/checkpoints/mod.rs[0m[2m:[0m[2m1326:[0m Creating checkpoint(s) for 2 transactions [3mnext_checkpoint_seq[0m[2m=[0m649 [3mcheckpoint_timestamp[0m[2m=[0m1742889414371
[2m2025-03-25T07:56:54.910584Z[0m [32m INFO[0m [1mnode[0m[1m{[0m[3mname[0m[2m=[0mk#8dcff6d1..[1m}[0m[2m:[0m [2msui_core::checkpoints::checkpoint_output[0m[2m:[0m [2mcrates/sui-core/src/checkpoints/checkpoint_output.rs[0m[2m:[0m[2m149:[0m Creating checkpoint CheckpointDigest(7D28oWj1LfpJhekvkJC8tugC3WA4U5xe11mFksr7N7U9) at epoch 1, sequence 649, previous digest Some(CheckpointDigest(BVz7CpYg4t2u38XnicjY7yEW5Mswj87o4teqZqCofbRU)), transactions count 2, content digest CheckpointContentsDigest(HrQTPe7o2jq1zTEWccy4Zo1GyfrMTjnjR6xXcNZUFXkb), end_of_epoch_data None
[2m2025-03-25T07:56:54.910584Z[0m [32m INFO[0m [1mnode[0m[1m{[0m[3mname[0m[2m=[0mk#99f25ef6..[1m}[0m[2m:[0m [2msui_core::checkpoints::checkpoint_output[0m[2m:[0m [2mcrates/sui-core/src/checkpoints/checkpoint_output.rs[0m[2m:[0m[2m149:[0m Creating checkpoint CheckpointDigest(7D28oWj1LfpJhekvkJC8tugC3WA4U5xe11mFksr7N7U9) at epoch 1, sequence 649, previous digest Some(CheckpointDigest(BVz7CpYg4t2u38XnicjY7yEW5Mswj87o4teqZqCofbRU)), transactions count 2, content digest CheckpointContentsDigest(HrQTPe7o2jq1zTEWccy4Zo1GyfrMTjnjR6xXcNZUFXkb), end_of_epoch_data None
[2m2025-03-25T07:56:54.913390Z[0m [32m INFO[0m [1mnode[0m[1m{[0m[3mname[0m[2m=[0mk#addeef94..[1m}[0m[2m:[0m [2msui_core::checkpoints[0m[2m:[0m [2mcrates/sui-core/src/checkpoints/mod.rs[0m[2m:[0m[2m1326:[0m Creating checkpoint(s) for 2 transactions [3mnext_checkpoint_seq[0m[2m=[0m649 [3mcheckpoint_timestamp[0m[2m=[0m1742889414371
[2m2025-03-25T07:56:54.913635Z[0m [32m INFO[0m [1mnode[0m[1m{[0m[3mname[0m[2m=[0mk#addeef94..[1m}[0m[2m:[0m [2msui_core::checkpoints::checkpoint_output[0m[2m:[0m [2mcrates/sui-core/src/checkpoints/checkpoint_output.rs[0m[2m:[0m[2m149:[0m Creating checkpoint CheckpointDigest(7D28oWj1LfpJhekvkJC8tugC3WA4U5xe11mFksr7N7U9) at epoch 1, sequence 649, previous digest Some(CheckpointDigest(BVz7CpYg4t2u38XnicjY7yEW5Mswj87o4teqZqCofbRU)), transactions count 2, content digest CheckpointContentsDigest(HrQTPe7o2jq1zTEWccy4Zo1GyfrMTjnjR6xXcNZUFXkb), end_of_epoch_data None
[2m2025-03-25T07:56:54.913788Z[0m [32m INFO[0m [1mnode[0m[1m{[0m[3mname[0m[2m=[0mk#99f25ef6..[1m}[0m[2m:[0m [2msui_core::checkpoints::checkpoint_output[0m[2m:[0m [2mcrates/sui-core/src/checkpoints/checkpoint_output.rs[0m[2m:[0m[2m196:[0m Certified checkpoint with sequence 648 and digest BVz7CpYg4t2u38XnicjY7yEW5Mswj87o4teqZqCofbRU
[2m2025-03-25T07:56:54.913789Z[0m [32m INFO[0m [1mnode[0m[1m{[0m[3mname[0m[2m=[0mk#8dcff6d1..[1m}[0m[2m:[0m [2msui_core::checkpoints::checkpoint_output[0m[2m:[0m [2mcrates/sui-core/src/checkpoints/checkpoint_output.rs[0m[2m:[0m[2m196:[0m Certified checkpoint with sequence 648 and digest BVz7CpYg4t2u38XnicjY7yEW5Mswj87o4teqZqCofbRU
[2m2025-03-25T07:56:54.914155Z[0m [32m INFO[0m [1mnode[0m[1m{[0m[3mname[0m[2m=[0mk#99f25ef6..[1m}[0m[2m:[0m [2msui_core::checkpoints::checkpoint_executor[0m[2m:[0m [2mcrates/sui-core/src/checkpoints/checkpoint_executor/mod.rs[0m[2m:[0m[2m332:[0m Received checkpoint summary from state sync [3msequence_number[0m[2m=[0m648
[2m2025-03-25T07:56:54.914154Z[0m [32m INFO[0m [1mnode[0m[1m{[0m[3mname[0m[2m=[0mk#8dcff6d1..[1m}[0m[2m:[0m [2msui_core::checkpoints::checkpoint_executor[0m[2m:[0m [2mcrates/sui-core/src/checkpoints/checkpoint_executor/mod.rs[0m[2m:[0m[2m332:[0m Received checkpoint summary from state sync [3msequence_number[0m[2m=[0m648
[2m2025-03-25T07:56:54.915316Z[0m [32m INFO[0m [1mnode[0m[1m{[0m[3mname[0m[2m=[0mk#99f25ef6..[1m}[0m[2m:[0m [2msui_core::state_accumulator[0m[2m:[0m [2mcrates/sui-core/src/state_accumulator.rs[0m[2m:[0m[2m675:[0m accumulating running root for checkpoint 648
[2m2025-03-25T07:56:54.915321Z[0m [32m INFO[0m [1mnode[0m[1m{[0m[3mname[0m[2m=[0mk#8dcff6d1..[1m}[0m[2m:[0m [2msui_core::state_accumulator[0m[2m:[0m [2mcrates/sui-core/src/state_accumulator.rs[0m[2m:[0m[2m675:[0m accumulating running root for checkpoint 648
[2m2025-03-25T07:56:54.917467Z[0m [32m INFO[0m [1mnode[0m[1m{[0m[3mname[0m[2m=[0mk#addeef94..[1m}[0m[2m:[0m [2msui_core::checkpoints::checkpoint_executor[0m[2m:[0m [2mcrates/sui-core/src/checkpoints/checkpoint_executor/mod.rs[0m[2m:[0m[2m332:[0m Received checkpoint summary from state sync [3msequence_number[0m[2m=[0m648
[2m2025-03-25T07:56:54.918180Z[0m [32m INFO[0m [1mnode[0m[1m{[0m[3mname[0m[2m=[0mk#addeef94..[1m}[0m[2m:[0m [2msui_core::state_accumulator[0m[2m:[0m [2mcrates/sui-core/src/state_accumulator.rs[0m[2m:[0m[2m675:[0m accumulating running root for checkpoint 648
[2m2025-03-25T07:56:54.920179Z[0m [32m INFO[0m [2msui_bridge::sui_bridge_watchdog[0m[2m:[0m [2mcrates/sui-bridge/src/sui_bridge_watchdog/mod.rs[0m[2m:[0m[2m47:[0m Running observable EthereumVaultBalance
[2m2025-03-25T07:56:54.920185Z[0m [32m INFO[0m [2msui_bridge::sui_bridge_watchdog[0m[2m:[0m [2mcrates/sui-bridge/src/sui_bridge_watchdog/mod.rs[0m[2m:[0m[2m47:[0m Running observable EthereumVaultBalance
[2m2025-03-25T07:56:54.920197Z[0m [32m INFO[0m [2msui_bridge::sui_bridge_watchdog[0m[2m:[0m [2mcrates/sui-bridge/src/sui_bridge_watchdog/mod.rs[0m[2m:[0m[2m47:[0m Running observable EthBridgeStatus
[2m2025-03-25T07:56:54.920261Z[0m [32m INFO[0m [2msui_bridge::sui_bridge_watchdog[0m[2m:[0m [2mcrates/sui-bridge/src/sui_bridge_watchdog/mod.rs[0m[2m:[0m[2m47:[0m Running observable SuiBridgeStatus
[2m2025-03-25T07:56:54.920739Z[0m [32m INFO[0m [1mobservable[0m[1m{[0m[3mname[0m[2m=[0m"EthBridgeStatus"[1m}[0m[2m:[0m [2msui_bridge::sui_bridge_watchdog::eth_bridge_status[0m[2m:[0m [2mcrates/sui-bridge/src/sui_bridge_watchdog/eth_bridge_status.rs[0m[2m:[0m[2m47:[0m Eth Bridge Status: false
[2m2025-03-25T07:56:54.920744Z[0m [32m INFO[0m [1mobservable[0m[1m{[0m[3mname[0m[2m=[0m"EthereumVaultBalance"[1m}[0m[2m:[0m [2msui_bridge::sui_bridge_watchdog::eth_vault_balance[0m[2m:[0m [2mcrates/sui-bridge/src/sui_bridge_watchdog/eth_vault_balance.rs[0m[2m:[0m[2m98:[0m WETH Vault Balance: 0
[2m2025-03-25T07:56:54.920744Z[0m [32m INFO[0m [1mobservable[0m[1m{[0m[3mname[0m[2m=[0m"EthereumVaultBalance"[1m}[0m[2m:[0m [2msui_bridge::sui_bridge_watchdog::eth_vault_balance[0m[2m:[0m [2mcrates/sui-bridge/src/sui_bridge_watchdog/eth_vault_balance.rs[0m[2m:[0m[2m98:[0m USDT Vault Balance: 10000000000
[2m2025-03-25T07:56:54.941956Z[0m [32m INFO[0m [2msui_bridge::sui_bridge_watchdog[0m[2m:[0m [2mcrates/sui-bridge/src/sui_bridge_watchdog/mod.rs[0m[2m:[0m[2m47:[0m Running observable EthereumVaultBalance
[2m2025-03-25T07:56:54.941965Z[0m [32m INFO[0m [2msui_bridge::sui_bridge_watchdog[0m[2m:[0m [2mcrates/sui-bridge/src/sui_bridge_watchdog/mod.rs[0m[2m:[0m[2m47:[0m Running observable SuiBridgeStatus
[2m2025-03-25T07:56:54.941973Z[0m [32m INFO[0m [2msui_bridge::sui_bridge_watchdog[0m[2m:[0m [2mcrates/sui-bridge/src/sui_bridge_watchdog/mod.rs[0m[2m:[0m[2m47:[0m Running observable EthereumVaultBalance
[2m2025-03-25T07:56:54.942059Z[0m [32m INFO[0m [2msui_bridge::sui_bridge_watchdog[0m[2m:[0m [2mcrates/sui-bridge/src/sui_bridge_watchdog/mod.rs[0m[2m:[0m[2m47:[0m Running observable EthBridgeStatus
[2m2025-03-25T07:56:54.942227Z[0m [32m INFO[0m [1mobservable[0m[1m{[0m[3mname[0m[2m=[0m"EthereumVaultBalance"[1m}[0m[2m:[0m [2msui_bridge::sui_bridge_watchdog::eth_vault_balance[0m[2m:[0m [2mcrates/sui-bridge/src/sui_bridge_watchdog/eth_vault_balance.rs[0m[2m:[0m[2m98:[0m WETH Vault Balance: 0
[2m2025-03-25T07:56:54.942290Z[0m [32m INFO[0m [1mobservable[0m[1m{[0m[3mname[0m[2m=[0m"EthBridgeStatus"[1m}[0m[2m:[0m [2msui_bridge::sui_bridge_watchdog::eth_bridge_status[0m[2m:[0m [2mcrates/sui-bridge/src/sui_bridge_watchdog/eth_bridge_status.rs[0m[2m:[0m[2m47:[0m Eth Bridge Status: false
[2m2025-03-25T07:56:54.942307Z[0m [32m INFO[0m [1mobservable[0m[1m{[0m[3mname[0m[2m=[0m"EthereumVaultBalance"[1m}[0m[2m:[0m [2msui_bridge::sui_bridge_watchdog::eth_vault_balance[0m[2m:[0m [2mcrates/sui-bridge/src/sui_bridge_watchdog/eth_vault_balance.rs[0m[2m:[0m[2m98:[0m USDT Vault Balance: 10000000000
[2m2025-03-25T07:56:55.136356Z[0m [32m INFO[0m [1mnode[0m[1m{[0m[3mname[0m[2m=[0mk#8dcff6d1..[1m}[0m[2m:[0m [2mconsensus_core::core[0m[2m:[0m [2mconsensus/core/src/core.rs[0m[2m:[0m[2m945:[0m Included 3 ancestors & excluded 0 ancestors for proposal in round 450
[2m2025-03-25T07:56:55.136705Z[0m [32m INFO[0m [1mnode[0m[1m{[0m[3mname[0m[2m=[0mk#99f25ef6..[1m}[0m[2m:[0m [2mconsensus_core::core[0m[2m:[0m [2mconsensus/core/src/core.rs[0m[2m:[0m[2m945:[0m Included 3 ancestors & excluded 0 ancestors for proposal in round 450
[2m2025-03-25T07:56:55.136736Z[0m [32m INFO[0m [1mnode[0m[1m{[0m[3mname[0m[2m=[0mk#8dcff6d1..[1m}[0m[2m:[0m [2mconsensus_core::core[0m[2m:[0m [2mconsensus/core/src/core.rs[0m[2m:[0m[2m531:[0m Created block B450(A,3pdj0HpnFbRty5v9eK+TB2aAcYaWKTGIrGtCmzMyKTY=)(1742889415136ms;[B449(A,EHJlBw8TCAPeZvUmqpITQ8+C8wf3ca6tn7KYj6CjNQE=), B449(B,EbvZ3qHCTMl1iHFkklYbc9ZT7a+vLAJJDFhEJHPV1Xk=), B449(C,WvOxMQ+9MI2p2L1oPT7LCeOAvaYsX55idowTd2FNOEs=)];1t;1c) for round 450
[2m2025-03-25T07:56:55.137004Z[0m [32m INFO[0m [1mnode[0m[1m{[0m[3mname[0m[2m=[0mk#99f25ef6..[1m}[0m[2m:[0m [2mconsensus_core::core[0m[2m:[0m [2mconsensus/core/src/core.rs[0m[2m:[0m[2m531:[0m Created block B450(B,C5K5hoaDNBVsWtZqkQV8te7vh70lyy0VIF0kkPEVyew=)(1742889415136ms;[B449(B,EbvZ3qHCTMl1iHFkklYbc9ZT7a+vLAJJDFhEJHPV1Xk=), B449(A,EHJlBw8TCAPeZvUmqpITQ8+C8wf3ca6tn7KYj6CjNQE=), B449(C,WvOxMQ+9MI2p2L1oPT7LCeOAvaYsX55idowTd2FNOEs=)];1t;1c) for round 450
[2m2025-03-25T07:56:55.139862Z[0m [32m INFO[0m [1mnode[0m[1m{[0m[3mname[0m[2m=[0mk#addeef94..[1m}[0m[2m:[0m [2mconsensus_core::core[0m[2m:[0m [2mconsensus/core/src/core.rs[0m[2m:[0m[2m945:[0m Included 3 ancestors & excluded 0 ancestors for proposal in round 450
[2m2025-03-25T07:56:55.140149Z[0m [32m INFO[0m [1mnode[0m[1m{[0m[3mname[0m[2m=[0mk#addeef94..[1m}[0m[2m:[0m [2mconsensus_core::core[0m[2m:[0m [2mconsensus/core/src/core.rs[0m[2m:[0m[2m531:[0m Created block B450(C,5iaBVlH8I2byzcvOerO/P8z5C7l4Y6/K8/tVpp56FDc=)(1742889415140ms;[B449(C,WvOxMQ+9MI2p2L1oPT7LCeOAvaYsX55idowTd2FNOEs=), B449(A,EHJlBw8TCAPeZvUmqpITQ8+C8wf3ca6tn7KYj6CjNQE=), B449(B,EbvZ3qHCTMl1iHFkklYbc9ZT7a+vLAJJDFhEJHPV1Xk=)];1t;1c) for round 450
[2m2025-03-25T07:56:55.140216Z[0m [32m INFO[0m [1mnode[0m[1m{[0m[3mname[0m[2m=[0mk#addeef94..[1m}[0m[2m:[0m [2mconsensus_core::core[0m[2m:[0m [2mconsensus/core/src/core.rs[0m[2m:[0m[2m630:[0m Committing 1 leaders: B448(B,PQPy)
[2m2025-03-25T07:56:55.140284Z[0m [32m INFO[0m [1mnode[0m[1m{[0m[3mname[0m[2m=[0mk#addeef94..[1m}[0m[2m:[0m [2mconsensus_core::commit_observer[0m[2m:[0m [2mconsensus/core/src/commit_observer.rs[0m[2m:[0m[2m173:[0m Consensus commit C437(bZbp) with leader B448(B,PQPy) has 3 blocks
[2m2025-03-25T07:56:55.140521Z[0m [32m INFO[0m [1mnode[0m[1m{[0m[3mname[0m[2m=[0mk#addeef94..[1m}[0m[2m:[0m [2msui_core::consensus_handler[0m[2m:[0m [2mcrates/sui-core/src/consensus_handler.rs[0m[2m:[0m[2m232:[0m Received consensus output [3mconsensus_commit[0m[2m=[0mCommittedSubDag(leader=B448(B,PQPy), ref=C437(bZbp), blocks=[5xIn, Ffg6, PQPy]) [3mepoch[0m[2m=[0m1
[2m2025-03-25T07:56:55.143618Z[0m [32m INFO[0m [1mnode[0m[1m{[0m[3mname[0m[2m=[0mk#8dcff6d1..[1m}[0m[2m:[0m [2msui_core::checkpoints::checkpoint_output[0m[2m:[0m [2mcrates/sui-core/src/checkpoints/checkpoint_output.rs[0m[2m:[0m[2m196:[0m Certified checkpoint with sequence 649 and digest 7D28oWj1LfpJhekvkJC8tugC3WA4U5xe11mFksr7N7U9
[2m2025-03-25T07:56:55.143681Z[0m [32m INFO[0m [1mnode[0m[1m{[0m[3mname[0m[2m=[0mk#99f25ef6..[1m}[0m[2m:[0m [2msui_core::checkpoints::checkpoint_output[0m[2m:[0m [2mcrates/sui-core/src/checkpoints/checkpoint_output.rs[0m[2m:[0m[2m196:[0m Certified checkpoint with sequence 649 and digest 7D28oWj1LfpJhekvkJC8tugC3WA4U5xe11mFksr7N7U9
[2m2025-03-25T07:56:55.143737Z[0m [32m INFO[0m [1mnode[0m[1m{[0m[3mname[0m[2m=[0mk#8dcff6d1..[1m}[0m[2m:[0m [2mconsensus_core::core[0m[2m:[0m [2mconsensus/core/src/core.rs[0m[2m:[0m[2m630:[0m Committing 1 leaders: B448(B,PQPy)
[2m2025-03-25T07:56:55.143776Z[0m [32m INFO[0m [1mnode[0m[1m{[0m[3mname[0m[2m=[0mk#99f25ef6..[1m}[0m[2m:[0m [2mconsensus_core::core[0m[2m:[0m [2mconsensus/core/src/core.rs[0m[2m:[0m[2m630:[0m Committing 1 leaders: B448(B,PQPy)
[2m2025-03-25T07:56:55.143839Z[0m [32m INFO[0m [1mnode[0m[1m{[0m[3mname[0m[2m=[0mk#8dcff6d1..[1m}[0m[2m:[0m [2mconsensus_core::commit_observer[0m[2m:[0m [2mconsensus/core/src/commit_observer.rs[0m[2m:[0m[2m173:[0m Consensus commit C437(bZbp) with leader B448(B,PQPy) has 3 blocks
[2m2025-03-25T07:56:55.143874Z[0m [32m INFO[0m [1mnode[0m[1m{[0m[3mname[0m[2m=[0mk#99f25ef6..[1m}[0m[2m:[0m [2mconsensus_core::commit_observer[0m[2m:[0m [2mconsensus/core/src/commit_observer.rs[0m[2m:[0m[2m173:[0m Consensus commit C437(bZbp) with leader B448(B,PQPy) has 3 blocks
[2m2025-03-25T07:56:55.144292Z[0m [32m INFO[0m [1mnode[0m[1m{[0m[3mname[0m[2m=[0mk#99f25ef6..[1m}[0m[2m:[0m [2msui_core::consensus_handler[0m[2m:[0m [2mcrates/sui-core/src/consensus_handler.rs[0m[2m:[0m[2m232:[0m Received consensus output [3mconsensus_commit[0m[2m=[0mCommittedSubDag(leader=B448(B,PQPy), ref=C437(bZbp), blocks=[5xIn, Ffg6, PQPy]) [3mepoch[0m[2m=[0m1
[2m2025-03-25T07:56:55.144294Z[0m [32m INFO[0m [1mnode[0m[1m{[0m[3mname[0m[2m=[0mk#8dcff6d1..[1m}[0m[2m:[0m [2msui_core::consensus_handler[0m[2m:[0m [2mcrates/sui-core/src/consensus_handler.rs[0m[2m:[0m[2m232:[0m Received consensus output [3mconsensus_commit[0m[2m=[0mCommittedSubDag(leader=B448(B,PQPy), ref=C437(bZbp), blocks=[5xIn, Ffg6, PQPy]) [3mepoch[0m[2m=[0m1
[2m2025-03-25T07:56:55.144908Z[0m [32m INFO[0m [1mnode[0m[1m{[0m[3mname[0m[2m=[0mk#8dcff6d1..[1m}[0m[2m:[0m [2msui_core::checkpoints::checkpoint_executor[0m[2m:[0m [2mcrates/sui-core/src/checkpoints/checkpoint_executor/mod.rs[0m[2m:[0m[2m332:[0m Received checkpoint summary from state sync [3msequence_number[0m[2m=[0m649
[2m2025-03-25T07:56:55.144908Z[0m [32m INFO[0m [1mnode[0m[1m{[0m[3mname[0m[2m=[0mk#99f25ef6..[1m}[0m[2m:[0m [2msui_core::checkpoints::checkpoint_executor[0m[2m:[0m [2mcrates/sui-core/src/checkpoints/checkpoint_executor/mod.rs[0m[2m:[0m[2m332:[0m Received checkpoint summary from state sync [3msequence_number[0m[2m=[0m649
[2m2025-03-25T07:56:55.158459Z[0m [32m INFO[0m [1mnode[0m[1m{[0m[3mname[0m[2m=[0mk#99f25ef6..[1m}[0m[2m:[0m [2msui_core::state_accumulator[0m[2m:[0m [2mcrates/sui-core/src/state_accumulator.rs[0m[2m:[0m[2m675:[0m accumulating running root for checkpoint 649
[2m2025-03-25T07:56:55.158463Z[0m [32m INFO[0m [1mnode[0m[1m{[0m[3mname[0m[2m=[0mk#8dcff6d1..[1m}[0m[2m:[0m [2msui_core::state_accumulator[0m[2m:[0m [2mcrates/sui-core/src/state_accumulator.rs[0m[2m:[0m[2m675:[0m accumulating running root for checkpoint 649
[2m2025-03-25T07:56:55.184935Z[0m [32m INFO[0m [1mnode[0m[1m{[0m[3mname[0m[2m=[0mk#addeef94..[1m}[0m[2m:[0m [2msui_core::checkpoints[0m[2m:[0m [2mcrates/sui-core/src/checkpoints/mod.rs[0m[2m:[0m[2m1326:[0m Creating checkpoint(s) for 1 transactions [3mnext_checkpoint_seq[0m[2m=[0m650 [3mcheckpoint_timestamp[0m[2m=[0m1742889414624
[2m2025-03-25T07:56:55.185182Z[0m [32m INFO[0m [1mnode[0m[1m{[0m[3mname[0m[2m=[0mk#addeef94..[1m}[0m[2m:[0m [2msui_core::checkpoints::checkpoint_output[0m[2m:[0m [2mcrates/sui-core/src/checkpoints/checkpoint_output.rs[0m[2m:[0m[2m149:[0m Creating checkpoint CheckpointDigest(HamgWXmU8XUDacistMiFJwv4FgPKfwL8ZpqHz8ps7D5E) at epoch 1, sequence 650, previous digest Some(CheckpointDigest(7D28oWj1LfpJhekvkJC8tugC3WA4U5xe11mFksr7N7U9)), transactions count 1, content digest CheckpointContentsDigest(HvGqvmYhG8giUx6Z2Khg9n8gdR5a8xzyWMrfzSZtAFi1), end_of_epoch_data None
[2m2025-03-25T07:56:55.189846Z[0m [32m INFO[0m [1mnode[0m[1m{[0m[3mname[0m[2m=[0mk#8dcff6d1..[1m}[0m[2m:[0m [2msui_core::checkpoints[0m[2m:[0m [2mcrates/sui-core/src/checkpoints/mod.rs[0m[2m:[0m[2m1326:[0m Creating checkpoint(s) for 1 transactions [3mnext_checkpoint_seq[0m[2m=[0m650 [3mcheckpoint_timestamp[0m[2m=[0m1742889414624
[2m2025-03-25T07:56:55.189888Z[0m [32m INFO[0m [1mnode[0m[1m{[0m[3mname[0m[2m=[0mk#99f25ef6..[1m}[0m[2m:[0m [2msui_core::checkpoints[0m[2m:[0m [2mcrates/sui-core/src/checkpoints/mod.rs[0m[2m:[0m[2m1326:[0m Creating checkpoint(s) for 1 transactions [3mnext_checkpoint_seq[0m[2m=[0m650 [3mcheckpoint_timestamp[0m[2m=[0m1742889414624
[2m2025-03-25T07:56:55.190030Z[0m [32m INFO[0m [1mnode[0m[1m{[0m[3mname[0m[2m=[0mk#8dcff6d1..[1m}[0m[2m:[0m [2msui_core::checkpoints::checkpoint_output[0m[2m:[0m [2mcrates/sui-core/src/checkpoints/checkpoint_output.rs[0m[2m:[0m[2m149:[0m Creating checkpoint CheckpointDigest(HamgWXmU8XUDacistMiFJwv4FgPKfwL8ZpqHz8ps7D5E) at epoch 1, sequence 650, previous digest Some(CheckpointDigest(7D28oWj1LfpJhekvkJC8tugC3WA4U5xe11mFksr7N7U9)), transactions count 1, content digest CheckpointContentsDigest(HvGqvmYhG8giUx6Z2Khg9n8gdR5a8xzyWMrfzSZtAFi1), end_of_epoch_data None
[2m2025-03-25T07:56:55.190059Z[0m [32m INFO[0m [1mnode[0m[1m{[0m[3mname[0m[2m=[0mk#99f25ef6..[1m}[0m[2m:[0m [2msui_core::checkpoints::checkpoint_output[0m[2m:[0m [2mcrates/sui-core/src/checkpoints/checkpoint_output.rs[0m[2m:[0m[2m149:[0m Creating checkpoint CheckpointDigest(HamgWXmU8XUDacistMiFJwv4FgPKfwL8ZpqHz8ps7D5E) at epoch 1, sequence 650, previous digest Some(CheckpointDigest(7D28oWj1LfpJhekvkJC8tugC3WA4U5xe11mFksr7N7U9)), transactions count 1, content digest CheckpointContentsDigest(HvGqvmYhG8giUx6Z2Khg9n8gdR5a8xzyWMrfzSZtAFi1), end_of_epoch_data None
[2m2025-03-25T07:56:55.252881Z[0m [32m INFO[0m [1mnode[0m[1m{[0m[3mname[0m[2m=[0mk#addeef94..[1m}[0m[2m:[0m [2msui_core::checkpoints::checkpoint_executor[0m[2m:[0m [2mcrates/sui-core/src/checkpoints/checkpoint_executor/mod.rs[0m[2m:[0m[2m332:[0m Received checkpoint summary from state sync [3msequence_number[0m[2m=[0m649
[2m2025-03-25T07:56:55.254382Z[0m [32m INFO[0m [1mnode[0m[1m{[0m[3mname[0m[2m=[0mk#addeef94..[1m}[0m[2m:[0m [2msui_core::state_accumulator[0m[2m:[0m [2mcrates/sui-core/src/state_accumulator.rs[0m[2m:[0m[2m675:[0m accumulating running root for checkpoint 649
[2m2025-03-25T07:56:55.274464Z[0m [32m INFO[0m [1mnode[0m[1m{[0m[3mname[0m[2m=[0mk#b3f3cbb4..[1m}[0m[2m:[0m[1mjson-rpc-request[0m[2m:[0m[1mdev_inspect_transaction_block[0m[1m{[0m[3msender_address[0m[2m=[0m0x0000000000000000000000000000000000000000000000000000000000000000 [3mtx_bytes[0m[2m=[0mBase64("AAMBAQAAAAAAAAAAAAAAAAAAAAAAAAAAAAAAAAAAAAAAAAAJAQAAAAAAAAABAAECAAgAAAAAAAAAAAEAAAAAAAAAAAAAAAAAAAAAAAAAAAAAAAAAAAAAAAAAAAsGYnJpZGdlIGdldF90b2tlbl90cmFuc2Zlcl9hY3Rpb25fc3RhdHVzAAMBAAABAQABAgA=") [3mgas_price[0m[2m=[0mNone [3m_epoch[0m[2m=[0mNone [3madditional_args[0m[2m=[0mNone[1m}[0m[2m:[0m [2msui_json_rpc::transaction_execution_api[0m[2m:[0m [2mcrates/sui-json-rpc/src/transaction_execution_api.rs[0m[2m:[0m[2m351:[0m RPC took longer than threshold to complete. [3melapsed[0m[2m=[0m1.535371791s
[2m2025-03-25T07:56:55.275341Z[0m [32m INFO[0m [2msui_bridge::e2e_tests::test_utils[0m[2m:[0m [2mcrates/sui-bridge/src/e2e_tests/test_utils.rs[0m[2m:[0m[2m1452:[0m get_token_transfer_action_onchain_status_until_success took 3.304719625s, status: Pending
[2m2025-03-25T07:56:55.304176Z[0m [32m INFO[0m [1mnode[0m[1m{[0m[3mname[0m[2m=[0mk#8dcff6d1..[1m}[0m[2m:[0m [2mconsensus_core::commit_syncer[0m[2m:[0m [2mconsensus/core/src/commit_syncer.rs[0m[2m:[0m[2m196:[0m Checking to schedule fetches: synced_commit_index=437, highest_handled_index=437, highest_scheduled_index=0, quorum_commit_index=436, unhandled_commits_threshold=3200
[2m2025-03-25T07:56:55.327152Z[0m [32m INFO[0m [1mnode[0m[1m{[0m[3mname[0m[2m=[0mk#addeef94..[1m}[0m[2m:[0m [2mconsensus_core::commit_syncer[0m[2m:[0m [2mconsensus/core/src/commit_syncer.rs[0m[2m:[0m[2m196:[0m Checking to schedule fetches: synced_commit_index=437, highest_handled_index=437, highest_scheduled_index=0, quorum_commit_index=0, unhandled_commits_threshold=3200
[2m2025-03-25T07:56:55.331425Z[0m [32m INFO[0m [1mnode[0m[1m{[0m[3mname[0m[2m=[0mk#99f25ef6..[1m}[0m[2m:[0m [2mconsensus_core::commit_syncer[0m[2m:[0m [2mconsensus/core/src/commit_syncer.rs[0m[2m:[0m[2m196:[0m Checking to schedule fetches: synced_commit_index=437, highest_handled_index=437, highest_scheduled_index=0, quorum_commit_index=436, unhandled_commits_threshold=3200
[2m2025-03-25T07:56:55.365817Z[0m [32m INFO[0m [1mnode[0m[1m{[0m[3mname[0m[2m=[0mk#b3f3cbb4..[1m}[0m[2m:[0m [2msui_core::state_accumulator[0m[2m:[0m [2mcrates/sui-core/src/state_accumulator.rs[0m[2m:[0m[2m675:[0m accumulating running root for checkpoint 570
[2m2025-03-25T07:56:55.393554Z[0m [32m INFO[0m [1mnode[0m[1m{[0m[3mname[0m[2m=[0mk#addeef94..[1m}[0m[2m:[0m [2mconsensus_core::core[0m[2m:[0m [2mconsensus/core/src/core.rs[0m[2m:[0m[2m945:[0m Included 3 ancestors & excluded 0 ancestors for proposal in round 451
[2m2025-03-25T07:56:55.393922Z[0m [32m INFO[0m [1mnode[0m[1m{[0m[3mname[0m[2m=[0mk#addeef94..[1m}[0m[2m:[0m [2mconsensus_core::core[0m[2m:[0m [2mconsensus/core/src/core.rs[0m[2m:[0m[2m531:[0m Created block B451(C,hR5K+iQPL1yugG2u2NVtFwVOMO5LWwpGWfC24Y4set4=)(1742889415393ms;[B450(C,5iaBVlH8I2byzcvOerO/P8z5C7l4Y6/K8/tVpp56FDc=), B450(A,3pdj0HpnFbRty5v9eK+TB2aAcYaWKTGIrGtCmzMyKTY=), B450(B,C5K5hoaDNBVsWtZqkQV8te7vh70lyy0VIF0kkPEVyew=)];1t;1c) for round 451
[2m2025-03-25T07:56:55.395867Z[0m [32m INFO[0m [1mnode[0m[1m{[0m[3mname[0m[2m=[0mk#8dcff6d1..[1m}[0m[2m:[0m [2mconsensus_core::core[0m[2m:[0m [2mconsensus/core/src/core.rs[0m[2m:[0m[2m945:[0m Included 3 ancestors & excluded 0 ancestors for proposal in round 451
[2m2025-03-25T07:56:55.395867Z[0m [32m INFO[0m [1mnode[0m[1m{[0m[3mname[0m[2m=[0mk#99f25ef6..[1m}[0m[2m:[0m [2mconsensus_core::core[0m[2m:[0m [2mconsensus/core/src/core.rs[0m[2m:[0m[2m945:[0m Included 3 ancestors & excluded 0 ancestors for proposal in round 451
[2m2025-03-25T07:56:55.396159Z[0m [32m INFO[0m [1mnode[0m[1m{[0m[3mname[0m[2m=[0mk#8dcff6d1..[1m}[0m[2m:[0m [2mconsensus_core::core[0m[2m:[0m [2mconsensus/core/src/core.rs[0m[2m:[0m[2m531:[0m Created block B451(A,MdMBXAfMwt8MOmniozEu49BDhiUeBWrxCaiIk3uwJ8M=)(1742889415396ms;[B450(A,3pdj0HpnFbRty5v9eK+TB2aAcYaWKTGIrGtCmzMyKTY=), B450(B,C5K5hoaDNBVsWtZqkQV8te7vh70lyy0VIF0kkPEVyew=), B450(C,5iaBVlH8I2byzcvOerO/P8z5C7l4Y6/K8/tVpp56FDc=)];1t;1c) for round 451
[2m2025-03-25T07:56:55.396164Z[0m [32m INFO[0m [1mnode[0m[1m{[0m[3mname[0m[2m=[0mk#99f25ef6..[1m}[0m[2m:[0m [2mconsensus_core::core[0m[2m:[0m [2mconsensus/core/src/core.rs[0m[2m:[0m[2m531:[0m Created block B451(B,SdH/dQ8reYfOjE3VSEvYZ8mA3yU99qBo3UxqJcXr7ao=)(1742889415396ms;[B450(B,C5K5hoaDNBVsWtZqkQV8te7vh70lyy0VIF0kkPEVyew=), B450(A,3pdj0HpnFbRty5v9eK+TB2aAcYaWKTGIrGtCmzMyKTY=), B450(C,5iaBVlH8I2byzcvOerO/P8z5C7l4Y6/K8/tVpp56FDc=)];1t;1c) for round 451
[2m2025-03-25T07:56:55.396228Z[0m [32m INFO[0m [1mnode[0m[1m{[0m[3mname[0m[2m=[0mk#8dcff6d1..[1m}[0m[2m:[0m [2mconsensus_core::core[0m[2m:[0m [2mconsensus/core/src/core.rs[0m[2m:[0m[2m630:[0m Committing 1 leaders: B449(A,EHJl)
[2m2025-03-25T07:56:55.396229Z[0m [32m INFO[0m [1mnode[0m[1m{[0m[3mname[0m[2m=[0mk#99f25ef6..[1m}[0m[2m:[0m [2mconsensus_core::core[0m[2m:[0m [2mconsensus/core/src/core.rs[0m[2m:[0m[2m630:[0m Committing 1 leaders: B449(A,EHJl)
[2m2025-03-25T07:56:55.396297Z[0m [32m INFO[0m [1mnode[0m[1m{[0m[3mname[0m[2m=[0mk#8dcff6d1..[1m}[0m[2m:[0m [2mconsensus_core::commit_observer[0m[2m:[0m [2mconsensus/core/src/commit_observer.rs[0m[2m:[0m[2m173:[0m Consensus commit C438(45E7) with leader B449(A,EHJl) has 3 blocks
[2m2025-03-25T07:56:55.396300Z[0m [32m INFO[0m [1mnode[0m[1m{[0m[3mname[0m[2m=[0mk#99f25ef6..[1m}[0m[2m:[0m [2mconsensus_core::commit_observer[0m[2m:[0m [2mconsensus/core/src/commit_observer.rs[0m[2m:[0m[2m173:[0m Consensus commit C438(45E7) with leader B449(A,EHJl) has 3 blocks
[2m2025-03-25T07:56:55.396384Z[0m [32m INFO[0m [1mnode[0m[1m{[0m[3mname[0m[2m=[0mk#8dcff6d1..[1m}[0m[2m:[0m [2msui_core::consensus_handler[0m[2m:[0m [2mcrates/sui-core/src/consensus_handler.rs[0m[2m:[0m[2m232:[0m Received consensus output [3mconsensus_commit[0m[2m=[0mCommittedSubDag(leader=B449(A,EHJl), ref=C438(45E7), blocks=[mOwC, zCZJ, EHJl]) [3mepoch[0m[2m=[0m1
[2m2025-03-25T07:56:55.396384Z[0m [32m INFO[0m [1mnode[0m[1m{[0m[3mname[0m[2m=[0mk#99f25ef6..[1m}[0m[2m:[0m [2msui_core::consensus_handler[0m[2m:[0m [2mcrates/sui-core/src/consensus_handler.rs[0m[2m:[0m[2m232:[0m Received consensus output [3mconsensus_commit[0m[2m=[0mCommittedSubDag(leader=B449(A,EHJl), ref=C438(45E7), blocks=[mOwC, zCZJ, EHJl]) [3mepoch[0m[2m=[0m1
[2m2025-03-25T07:56:55.400101Z[0m [32m INFO[0m [1mnode[0m[1m{[0m[3mname[0m[2m=[0mk#addeef94..[1m}[0m[2m:[0m [2mconsensus_core::core[0m[2m:[0m [2mconsensus/core/src/core.rs[0m[2m:[0m[2m630:[0m Committing 1 leaders: B449(A,EHJl)
[2m2025-03-25T07:56:55.400195Z[0m [32m INFO[0m [1mnode[0m[1m{[0m[3mname[0m[2m=[0mk#addeef94..[1m}[0m[2m:[0m [2mconsensus_core::commit_observer[0m[2m:[0m [2mconsensus/core/src/commit_observer.rs[0m[2m:[0m[2m173:[0m Consensus commit C438(45E7) with leader B449(A,EHJl) has 3 blocks
[2m2025-03-25T07:56:55.400325Z[0m [32m INFO[0m [1mnode[0m[1m{[0m[3mname[0m[2m=[0mk#addeef94..[1m}[0m[2m:[0m [2msui_core::consensus_handler[0m[2m:[0m [2mcrates/sui-core/src/consensus_handler.rs[0m[2m:[0m[2m232:[0m Received consensus output [3mconsensus_commit[0m[2m=[0mCommittedSubDag(leader=B449(A,EHJl), ref=C438(45E7), blocks=[mOwC, zCZJ, EHJl]) [3mepoch[0m[2m=[0m1
[2m2025-03-25T07:56:55.422725Z[0m [32m INFO[0m [1mnode[0m[1m{[0m[3mname[0m[2m=[0mk#8dcff6d1..[1m}[0m[2m:[0m [2msui_core::checkpoints[0m[2m:[0m [2mcrates/sui-core/src/checkpoints/mod.rs[0m[2m:[0m[2m1326:[0m Creating checkpoint(s) for 2 transactions [3mnext_checkpoint_seq[0m[2m=[0m651 [3mcheckpoint_timestamp[0m[2m=[0m1742889414883
[2m2025-03-25T07:56:55.422784Z[0m [32m INFO[0m [1mnode[0m[1m{[0m[3mname[0m[2m=[0mk#99f25ef6..[1m}[0m[2m:[0m [2msui_core::checkpoints[0m[2m:[0m [2mcrates/sui-core/src/checkpoints/mod.rs[0m[2m:[0m[2m1326:[0m Creating checkpoint(s) for 2 transactions [3mnext_checkpoint_seq[0m[2m=[0m651 [3mcheckpoint_timestamp[0m[2m=[0m1742889414883
[2m2025-03-25T07:56:55.423059Z[0m [32m INFO[0m [1mnode[0m[1m{[0m[3mname[0m[2m=[0mk#8dcff6d1..[1m}[0m[2m:[0m [2msui_core::checkpoints::checkpoint_output[0m[2m:[0m [2mcrates/sui-core/src/checkpoints/checkpoint_output.rs[0m[2m:[0m[2m149:[0m Creating checkpoint CheckpointDigest(2dFuiq7BFyKihMQfnrh7kaGs662VCCyMq6G3XW4PkjcE) at epoch 1, sequence 651, previous digest Some(CheckpointDigest(HamgWXmU8XUDacistMiFJwv4FgPKfwL8ZpqHz8ps7D5E)), transactions count 2, content digest CheckpointContentsDigest(FaPfmwqDU5b5WwhVdUFNUpec8Xz1wGyJ1xdx5U85FFfN), end_of_epoch_data None
[2m2025-03-25T07:56:55.423065Z[0m [32m INFO[0m [1mnode[0m[1m{[0m[3mname[0m[2m=[0mk#99f25ef6..[1m}[0m[2m:[0m [2msui_core::checkpoints::checkpoint_output[0m[2m:[0m [2mcrates/sui-core/src/checkpoints/checkpoint_output.rs[0m[2m:[0m[2m149:[0m Creating checkpoint CheckpointDigest(2dFuiq7BFyKihMQfnrh7kaGs662VCCyMq6G3XW4PkjcE) at epoch 1, sequence 651, previous digest Some(CheckpointDigest(HamgWXmU8XUDacistMiFJwv4FgPKfwL8ZpqHz8ps7D5E)), transactions count 2, content digest CheckpointContentsDigest(FaPfmwqDU5b5WwhVdUFNUpec8Xz1wGyJ1xdx5U85FFfN), end_of_epoch_data None
[2m2025-03-25T07:56:55.426293Z[0m [32m INFO[0m [1mnode[0m[1m{[0m[3mname[0m[2m=[0mk#99f25ef6..[1m}[0m[2m:[0m [2msui_core::checkpoints::checkpoint_output[0m[2m:[0m [2mcrates/sui-core/src/checkpoints/checkpoint_output.rs[0m[2m:[0m[2m196:[0m Certified checkpoint with sequence 650 and digest HamgWXmU8XUDacistMiFJwv4FgPKfwL8ZpqHz8ps7D5E
[2m2025-03-25T07:56:55.426476Z[0m [32m INFO[0m [1mnode[0m[1m{[0m[3mname[0m[2m=[0mk#addeef94..[1m}[0m[2m:[0m [2msui_core::checkpoints[0m[2m:[0m [2mcrates/sui-core/src/checkpoints/mod.rs[0m[2m:[0m[2m1326:[0m Creating checkpoint(s) for 2 transactions [3mnext_checkpoint_seq[0m[2m=[0m651 [3mcheckpoint_timestamp[0m[2m=[0m1742889414883
[2m2025-03-25T07:56:55.426648Z[0m [32m INFO[0m [1mnode[0m[1m{[0m[3mname[0m[2m=[0mk#99f25ef6..[1m}[0m[2m:[0m [2msui_core::checkpoints::checkpoint_executor[0m[2m:[0m [2mcrates/sui-core/src/checkpoints/checkpoint_executor/mod.rs[0m[2m:[0m[2m332:[0m Received checkpoint summary from state sync [3msequence_number[0m[2m=[0m650
[2m2025-03-25T07:56:55.426674Z[0m [32m INFO[0m [1mnode[0m[1m{[0m[3mname[0m[2m=[0mk#8dcff6d1..[1m}[0m[2m:[0m [2msui_core::checkpoints::checkpoint_output[0m[2m:[0m [2mcrates/sui-core/src/checkpoints/checkpoint_output.rs[0m[2m:[0m[2m196:[0m Certified checkpoint with sequence 650 and digest HamgWXmU8XUDacistMiFJwv4FgPKfwL8ZpqHz8ps7D5E
[2m2025-03-25T07:56:55.426759Z[0m [32m INFO[0m [1mnode[0m[1m{[0m[3mname[0m[2m=[0mk#addeef94..[1m}[0m[2m:[0m [2msui_core::checkpoints::checkpoint_output[0m[2m:[0m [2mcrates/sui-core/src/checkpoints/checkpoint_output.rs[0m[2m:[0m[2m149:[0m Creating checkpoint CheckpointDigest(2dFuiq7BFyKihMQfnrh7kaGs662VCCyMq6G3XW4PkjcE) at epoch 1, sequence 651, previous digest Some(CheckpointDigest(HamgWXmU8XUDacistMiFJwv4FgPKfwL8ZpqHz8ps7D5E)), transactions count 2, content digest CheckpointContentsDigest(FaPfmwqDU5b5WwhVdUFNUpec8Xz1wGyJ1xdx5U85FFfN), end_of_epoch_data None
[2m2025-03-25T07:56:55.427095Z[0m [32m INFO[0m [1mnode[0m[1m{[0m[3mname[0m[2m=[0mk#8dcff6d1..[1m}[0m[2m:[0m [2msui_core::checkpoints::checkpoint_executor[0m[2m:[0m [2mcrates/sui-core/src/checkpoints/checkpoint_executor/mod.rs[0m[2m:[0m[2m332:[0m Received checkpoint summary from state sync [3msequence_number[0m[2m=[0m650
[2m2025-03-25T07:56:55.427788Z[0m [32m INFO[0m [1mnode[0m[1m{[0m[3mname[0m[2m=[0mk#99f25ef6..[1m}[0m[2m:[0m [2msui_core::state_accumulator[0m[2m:[0m [2mcrates/sui-core/src/state_accumulator.rs[0m[2m:[0m[2m675:[0m accumulating running root for checkpoint 650
[2m2025-03-25T07:56:55.428042Z[0m [32m INFO[0m [1mnode[0m[1m{[0m[3mname[0m[2m=[0mk#8dcff6d1..[1m}[0m[2m:[0m [2msui_core::state_accumulator[0m[2m:[0m [2mcrates/sui-core/src/state_accumulator.rs[0m[2m:[0m[2m675:[0m accumulating running root for checkpoint 650
[2m2025-03-25T07:56:55.429632Z[0m [32m INFO[0m [1mnode[0m[1m{[0m[3mname[0m[2m=[0mk#addeef94..[1m}[0m[2m:[0m [2msui_core::checkpoints::checkpoint_executor[0m[2m:[0m [2mcrates/sui-core/src/checkpoints/checkpoint_executor/mod.rs[0m[2m:[0m[2m332:[0m Received checkpoint summary from state sync [3msequence_number[0m[2m=[0m650
[2m2025-03-25T07:56:55.430378Z[0m [32m INFO[0m [1mnode[0m[1m{[0m[3mname[0m[2m=[0mk#addeef94..[1m}[0m[2m:[0m [2msui_core::state_accumulator[0m[2m:[0m [2mcrates/sui-core/src/state_accumulator.rs[0m[2m:[0m[2m675:[0m accumulating running root for checkpoint 650
[2m2025-03-25T07:56:55.445802Z[0m [32m INFO[0m [1mnode[0m[1m{[0m[3mname[0m[2m=[0mk#b3f3cbb4..[1m}[0m[2m:[0m [2msui_core::state_accumulator[0m[2m:[0m [2mcrates/sui-core/src/state_accumulator.rs[0m[2m:[0m[2m675:[0m accumulating running root for checkpoint 571
[2m2025-03-25T07:56:55.533867Z[0m [32m INFO[0m [1mnode[0m[1m{[0m[3mname[0m[2m=[0mk#b3f3cbb4..[1m}[0m[2m:[0m [2msui_core::state_accumulator[0m[2m:[0m [2mcrates/sui-core/src/state_accumulator.rs[0m[2m:[0m[2m675:[0m accumulating running root for checkpoint 572
[2m2025-03-25T07:56:55.536550Z[0m [32m INFO[0m [1mhandle_execution_task[0m[1m{[0m[3maction_key[0m[2m=[0mBridgeActionKey(0,2,0) [3mattempt_times[0m[2m=[0m4[1m}[0m[2m:[0m [2msui_bridge::action_executor[0m[2m:[0m [2mcrates/sui-bridge/src/action_executor.rs[0m[2m:[0m[2m529:[0m bbking 325 signed_tx: Envelope { digest: OnceCell(TransactionDigest(GDSurpEu2x2PVvpwcUqP5MTXTQ8jWoYdMxzexGq3UM9X)), data: SenderSignedData(SizeOneVec { e: SenderSignedTransaction { intent_message: IntentMessage { intent: Intent { scope: TransactionData, version: V0, app_id: Sui }, value: V1(TransactionDataV1 { kind: ProgrammableTransaction(ProgrammableTransaction { inputs: [Pure([2]), Pure([0, 0, 0, 0, 0, 0, 0, 0]), Pure([32, 4, 169, 42, 179, 92, 48, 68, 114, 32, 150, 70, 149, 204, 4, 223, 219, 38, 208, 7, 193, 123, 245, 12, 23, 143, 25, 234, 203, 152, 26, 252, 161]), Pure([12]), Pure([20, 249, 81, 14, 181, 207, 148, 205, 250, 64, 123, 165, 252, 91, 242, 249, 208, 225, 136, 122, 176]), Pure([4, 0, 0, 0, 0, 0, 0, 0]), Pure([0, 64, 122, 16, 243, 90, 0, 0]), Pure([0]), Object(SharedObject { id: 0x0000000000000000000000000000000000000000000000000000000000000009, initial_shared_version: SequenceNumber(1), mutable: true }), Object(SharedObject { id: 0x0000000000000000000000000000000000000000000000000000000000000006, initial_shared_version: SequenceNumber(1), mutable: false }), Object(ImmOrOwnedObject((0xd7d7820b1d5a3802a2c50420aa60d9072814fcfac9e333ae55536bce5ecc4924, SequenceNumber(114), o#G6tFPuFyAAWMEecgda16xEPfTgTnxE2mborPfAPjqm3W))), Pure([1, 65, 31, 247, 80, 204, 97, 207, 90, 104, 153, 149, 206, 126, 213, 104, 24, 88, 148, 238, 206, 247, 66, 30, 125, 205, 54, 173, 37, 137, 110, 109, 56, 80, 28, 16, 120, 47, 68, 236, 45, 236, 116, 5, 210, 6, 35, 170, 125, 231, 3, 182, 5, 138, 168, 242, 53, 190, 106, 10, 96, 97, 183, 243, 116, 149, 1])], commands: [MoveCall(ProgrammableMoveCall { package: 0x000000000000000000000000000000000000000000000000000000000000000b, module: "message", function: "create_token_bridge_message", type_arguments: [], arguments: [Input(0), Input(1), Input(2), Input(3), Input(4), Input(5), Input(6), Input(7), Input(7)] }), MoveCall(ProgrammableMoveCall { package: 0x000000000000000000000000000000000000000000000000000000000000000b, module: "bridge", function: "approve_token_transfer", type_arguments: [], arguments: [Input(8), Result(0), Input(11)] })] }), sender: 0x4ff42dd92612b14f109397416c3e5d362aee65d7d3459db1b80164f1f84a59c3, gas_data: GasData { payment: [(0x059c5b653da3f627ad85b7947a1634ad3055f81b24125b7d9b23178b0146bfc6, SequenceNumber(341), o#4ep4K212yQtPC23ghtw73sJ44qmqyajoXRf4wvuKq6mQ)], owner: 0x4ff42dd92612b14f109397416c3e5d362aee65d7d3459db1b80164f1f84a59c3, price: 100, budget: 100000000 }, expiration: None }) }, tx_signatures: [Signature(Secp256k1SuiSignature(Secp256k1SuiSignature([1, 248, 48, 245, 114, 141, 252, 29, 145, 101, 134, 185, 170, 246, 13, 46, 93, 163, 185, 83, 212, 83, 83, 211, 117, 13, 84, 185, 16, 211, 110, 21, 213, 28, 223, 52, 126, 172, 102, 85, 99, 136, 5, 84, 81, 40, 77, 173, 15, 132, 117, 170, 133, 187, 110, 34, 123, 222, 241, 101, 30, 106, 238, 34, 77, 2, 120, 6, 36, 213, 27, 112, 125, 170, 163, 53, 236, 91, 128, 136, 52, 208, 253, 102, 241, 38, 217, 67, 27, 199, 74, 95, 51, 179, 151, 41, 149, 140])))] } }), auth_signature: EmptySignInfo }
[2m2025-03-25T07:56:55.536963Z[0m [32m INFO[0m [1mobservable[0m[1m{[0m[3mname[0m[2m=[0m"SuiBridgeStatus"[1m}[0m[2m:[0m [2msui_bridge::sui_bridge_watchdog::sui_bridge_status[0m[2m:[0m [2mcrates/sui-bridge/src/sui_bridge_watchdog/sui_bridge_status.rs[0m[2m:[0m[2m37:[0m Sui Bridge Status: false
[2m2025-03-25T07:56:55.537186Z[0m [32m INFO[0m [1mobservable[0m[1m{[0m[3mname[0m[2m=[0m"SuiBridgeStatus"[1m}[0m[2m:[0m [2msui_bridge::sui_bridge_watchdog::sui_bridge_status[0m[2m:[0m [2mcrates/sui-bridge/src/sui_bridge_watchdog/sui_bridge_status.rs[0m[2m:[0m[2m37:[0m Sui Bridge Status: false
[2m2025-03-25T07:56:55.537400Z[0m [32m INFO[0m [1mobservable[0m[1m{[0m[3mname[0m[2m=[0m"SuiBridgeStatus"[1m}[0m[2m:[0m [2msui_bridge::sui_bridge_watchdog::sui_bridge_status[0m[2m:[0m [2mcrates/sui-bridge/src/sui_bridge_watchdog/sui_bridge_status.rs[0m[2m:[0m[2m37:[0m Sui Bridge Status: false
[2m2025-03-25T07:56:55.615867Z[0m [32m INFO[0m [1mnode[0m[1m{[0m[3mname[0m[2m=[0mk#b3f3cbb4..[1m}[0m[2m:[0m [2msui_core::state_accumulator[0m[2m:[0m [2mcrates/sui-core/src/state_accumulator.rs[0m[2m:[0m[2m675:[0m accumulating running root for checkpoint 573
[2m2025-03-25T07:56:55.648347Z[0m [32m INFO[0m [1mnode[0m[1m{[0m[3mname[0m[2m=[0mk#8dcff6d1..[1m}[0m[2m:[0m [2mconsensus_core::core[0m[2m:[0m [2mconsensus/core/src/core.rs[0m[2m:[0m[2m945:[0m Included 3 ancestors & excluded 0 ancestors for proposal in round 452
[2m2025-03-25T07:56:55.648715Z[0m [32m INFO[0m [1mnode[0m[1m{[0m[3mname[0m[2m=[0mk#8dcff6d1..[1m}[0m[2m:[0m [2mconsensus_core::core[0m[2m:[0m [2mconsensus/core/src/core.rs[0m[2m:[0m[2m531:[0m Created block B452(A,X6EMvJq9ftJzD748zANHYNcaQAojWD7D1feQgFIM2Es=)(1742889415648ms;[B451(A,MdMBXAfMwt8MOmniozEu49BDhiUeBWrxCaiIk3uwJ8M=), B451(B,SdH/dQ8reYfOjE3VSEvYZ8mA3yU99qBo3UxqJcXr7ao=), B451(C,hR5K+iQPL1yugG2u2NVtFwVOMO5LWwpGWfC24Y4set4=)];1t;1c) for round 452
[2m2025-03-25T07:56:55.650349Z[0m [32m INFO[0m [1mnode[0m[1m{[0m[3mname[0m[2m=[0mk#99f25ef6..[1m}[0m[2m:[0m [2mconsensus_core::core[0m[2m:[0m [2mconsensus/core/src/core.rs[0m[2m:[0m[2m945:[0m Included 3 ancestors & excluded 0 ancestors for proposal in round 452
[2m2025-03-25T07:56:55.650648Z[0m [32m INFO[0m [1mnode[0m[1m{[0m[3mname[0m[2m=[0mk#99f25ef6..[1m}[0m[2m:[0m [2mconsensus_core::core[0m[2m:[0m [2mconsensus/core/src/core.rs[0m[2m:[0m[2m531:[0m Created block B452(B,ImhSGQBSQMVTZOZpC6vWe9h67pvyzDNjYqwFe7zNsf0=)(1742889415650ms;[B451(B,SdH/dQ8reYfOjE3VSEvYZ8mA3yU99qBo3UxqJcXr7ao=), B451(A,MdMBXAfMwt8MOmniozEu49BDhiUeBWrxCaiIk3uwJ8M=), B451(C,hR5K+iQPL1yugG2u2NVtFwVOMO5LWwpGWfC24Y4set4=)];1t;1c) for round 452
[2m2025-03-25T07:56:55.650689Z[0m [32m INFO[0m [1mnode[0m[1m{[0m[3mname[0m[2m=[0mk#addeef94..[1m}[0m[2m:[0m [2mconsensus_core::core[0m[2m:[0m [2mconsensus/core/src/core.rs[0m[2m:[0m[2m945:[0m Included 3 ancestors & excluded 0 ancestors for proposal in round 452
[2m2025-03-25T07:56:55.650986Z[0m [32m INFO[0m [1mnode[0m[1m{[0m[3mname[0m[2m=[0mk#addeef94..[1m}[0m[2m:[0m [2mconsensus_core::core[0m[2m:[0m [2mconsensus/core/src/core.rs[0m[2m:[0m[2m531:[0m Created block B452(C,7CDTrXSEoVLmzyM6BgBr7jmLD+MBzSh1DfMzHJKMtgY=)(1742889415650ms;[B451(C,hR5K+iQPL1yugG2u2NVtFwVOMO5LWwpGWfC24Y4set4=), B451(A,MdMBXAfMwt8MOmniozEu49BDhiUeBWrxCaiIk3uwJ8M=), B451(B,SdH/dQ8reYfOjE3VSEvYZ8mA3yU99qBo3UxqJcXr7ao=)];1t;1c) for round 452
[2m2025-03-25T07:56:55.651058Z[0m [32m INFO[0m [1mnode[0m[1m{[0m[3mname[0m[2m=[0mk#addeef94..[1m}[0m[2m:[0m [2mconsensus_core::core[0m[2m:[0m [2mconsensus/core/src/core.rs[0m[2m:[0m[2m630:[0m Committing 1 leaders: B450(B,C5K5)
[2m2025-03-25T07:56:55.651130Z[0m [32m INFO[0m [1mnode[0m[1m{[0m[3mname[0m[2m=[0mk#addeef94..[1m}[0m[2m:[0m [2mconsensus_core::commit_observer[0m[2m:[0m [2mconsensus/core/src/commit_observer.rs[0m[2m:[0m[2m173:[0m Consensus commit C439(+uOn) with leader B450(B,C5K5) has 3 blocks
[2m2025-03-25T07:56:55.651216Z[0m [32m INFO[0m [1mnode[0m[1m{[0m[3mname[0m[2m=[0mk#addeef94..[1m}[0m[2m:[0m [2msui_core::consensus_handler[0m[2m:[0m [2mcrates/sui-core/src/consensus_handler.rs[0m[2m:[0m[2m232:[0m Received consensus output [3mconsensus_commit[0m[2m=[0mCommittedSubDag(leader=B450(B,C5K5), ref=C439(+uOn), blocks=[EbvZ, WvOx, C5K5]) [3mepoch[0m[2m=[0m1
[2m2025-03-25T07:56:55.654284Z[0m [32m INFO[0m [1mnode[0m[1m{[0m[3mname[0m[2m=[0mk#99f25ef6..[1m}[0m[2m:[0m [2msui_core::checkpoints::checkpoint_output[0m[2m:[0m [2mcrates/sui-core/src/checkpoints/checkpoint_output.rs[0m[2m:[0m[2m196:[0m Certified checkpoint with sequence 651 and digest 2dFuiq7BFyKihMQfnrh7kaGs662VCCyMq6G3XW4PkjcE
[2m2025-03-25T07:56:55.654389Z[0m [32m INFO[0m [1mnode[0m[1m{[0m[3mname[0m[2m=[0mk#99f25ef6..[1m}[0m[2m:[0m [2mconsensus_core::core[0m[2m:[0m [2mconsensus/core/src/core.rs[0m[2m:[0m[2m630:[0m Committing 1 leaders: B450(B,C5K5)
[2m2025-03-25T07:56:55.654492Z[0m [32m INFO[0m [1mnode[0m[1m{[0m[3mname[0m[2m=[0mk#99f25ef6..[1m}[0m[2m:[0m [2mconsensus_core::commit_observer[0m[2m:[0m [2mconsensus/core/src/commit_observer.rs[0m[2m:[0m[2m173:[0m Consensus commit C439(+uOn) with leader B450(B,C5K5) has 3 blocks
[2m2025-03-25T07:56:55.654655Z[0m [32m INFO[0m [1mnode[0m[1m{[0m[3mname[0m[2m=[0mk#8dcff6d1..[1m}[0m[2m:[0m [2msui_core::checkpoints::checkpoint_output[0m[2m:[0m [2mcrates/sui-core/src/checkpoints/checkpoint_output.rs[0m[2m:[0m[2m196:[0m Certified checkpoint with sequence 651 and digest 2dFuiq7BFyKihMQfnrh7kaGs662VCCyMq6G3XW4PkjcE
[2m2025-03-25T07:56:55.654758Z[0m [32m INFO[0m [1mnode[0m[1m{[0m[3mname[0m[2m=[0mk#8dcff6d1..[1m}[0m[2m:[0m [2mconsensus_core::core[0m[2m:[0m [2mconsensus/core/src/core.rs[0m[2m:[0m[2m630:[0m Committing 1 leaders: B450(B,C5K5)
[2m2025-03-25T07:56:55.654861Z[0m [32m INFO[0m [1mnode[0m[1m{[0m[3mname[0m[2m=[0mk#8dcff6d1..[1m}[0m[2m:[0m [2mconsensus_core::commit_observer[0m[2m:[0m [2mconsensus/core/src/commit_observer.rs[0m[2m:[0m[2m173:[0m Consensus commit C439(+uOn) with leader B450(B,C5K5) has 3 blocks
[2m2025-03-25T07:56:55.654931Z[0m [32m INFO[0m [1mnode[0m[1m{[0m[3mname[0m[2m=[0mk#99f25ef6..[1m}[0m[2m:[0m [2msui_core::consensus_handler[0m[2m:[0m [2mcrates/sui-core/src/consensus_handler.rs[0m[2m:[0m[2m232:[0m Received consensus output [3mconsensus_commit[0m[2m=[0mCommittedSubDag(leader=B450(B,C5K5), ref=C439(+uOn), blocks=[EbvZ, WvOx, C5K5]) [3mepoch[0m[2m=[0m1
[2m2025-03-25T07:56:55.655251Z[0m [32m INFO[0m [1mnode[0m[1m{[0m[3mname[0m[2m=[0mk#8dcff6d1..[1m}[0m[2m:[0m [2msui_core::consensus_handler[0m[2m:[0m [2mcrates/sui-core/src/consensus_handler.rs[0m[2m:[0m[2m232:[0m Received consensus output [3mconsensus_commit[0m[2m=[0mCommittedSubDag(leader=B450(B,C5K5), ref=C439(+uOn), blocks=[EbvZ, WvOx, C5K5]) [3mepoch[0m[2m=[0m1
[2m2025-03-25T07:56:55.655568Z[0m [32m INFO[0m [1mnode[0m[1m{[0m[3mname[0m[2m=[0mk#99f25ef6..[1m}[0m[2m:[0m [2msui_core::checkpoints::checkpoint_executor[0m[2m:[0m [2mcrates/sui-core/src/checkpoints/checkpoint_executor/mod.rs[0m[2m:[0m[2m332:[0m Received checkpoint summary from state sync [3msequence_number[0m[2m=[0m651
[2m2025-03-25T07:56:55.655833Z[0m [32m INFO[0m [1mnode[0m[1m{[0m[3mname[0m[2m=[0mk#8dcff6d1..[1m}[0m[2m:[0m [2msui_core::checkpoints::checkpoint_executor[0m[2m:[0m [2mcrates/sui-core/src/checkpoints/checkpoint_executor/mod.rs[0m[2m:[0m[2m332:[0m Received checkpoint summary from state sync [3msequence_number[0m[2m=[0m651
[2m2025-03-25T07:56:55.669119Z[0m [32m INFO[0m [1mnode[0m[1m{[0m[3mname[0m[2m=[0mk#99f25ef6..[1m}[0m[2m:[0m [2msui_core::state_accumulator[0m[2m:[0m [2mcrates/sui-core/src/state_accumulator.rs[0m[2m:[0m[2m675:[0m accumulating running root for checkpoint 651
[2m2025-03-25T07:56:55.669123Z[0m [32m INFO[0m [1mnode[0m[1m{[0m[3mname[0m[2m=[0mk#8dcff6d1..[1m}[0m[2m:[0m [2msui_core::state_accumulator[0m[2m:[0m [2mcrates/sui-core/src/state_accumulator.rs[0m[2m:[0m[2m675:[0m accumulating running root for checkpoint 651
[2m2025-03-25T07:56:55.695340Z[0m [32m INFO[0m [1mnode[0m[1m{[0m[3mname[0m[2m=[0mk#addeef94..[1m}[0m[2m:[0m [2msui_core::checkpoints[0m[2m:[0m [2mcrates/sui-core/src/checkpoints/mod.rs[0m[2m:[0m[2m1326:[0m Creating checkpoint(s) for 1 transactions [3mnext_checkpoint_seq[0m[2m=[0m652 [3mcheckpoint_timestamp[0m[2m=[0m1742889415136
[2m2025-03-25T07:56:55.695613Z[0m [32m INFO[0m [1mnode[0m[1m{[0m[3mname[0m[2m=[0mk#addeef94..[1m}[0m[2m:[0m [2msui_core::checkpoints::checkpoint_output[0m[2m:[0m [2mcrates/sui-core/src/checkpoints/checkpoint_output.rs[0m[2m:[0m[2m149:[0m Creating checkpoint CheckpointDigest(4uXjKu7UcYPjV4FbRMC8bxjPFeuZrLCugRYR6ioyNQDk) at epoch 1, sequence 652, previous digest Some(CheckpointDigest(2dFuiq7BFyKihMQfnrh7kaGs662VCCyMq6G3XW4PkjcE)), transactions count 1, content digest CheckpointContentsDigest(Edm7ArvTQdp8FnjYeMw6iRiDa5ctFFXRWGWRuVgMY67U), end_of_epoch_data None
[2m2025-03-25T07:56:55.700542Z[0m [32m INFO[0m [1mnode[0m[1m{[0m[3mname[0m[2m=[0mk#8dcff6d1..[1m}[0m[2m:[0m [2msui_core::checkpoints[0m[2m:[0m [2mcrates/sui-core/src/checkpoints/mod.rs[0m[2m:[0m[2m1326:[0m Creating checkpoint(s) for 1 transactions [3mnext_checkpoint_seq[0m[2m=[0m652 [3mcheckpoint_timestamp[0m[2m=[0m1742889415136
[2m2025-03-25T07:56:55.700682Z[0m [32m INFO[0m [1mnode[0m[1m{[0m[3mname[0m[2m=[0mk#99f25ef6..[1m}[0m[2m:[0m [2msui_core::checkpoints[0m[2m:[0m [2mcrates/sui-core/src/checkpoints/mod.rs[0m[2m:[0m[2m1326:[0m Creating checkpoint(s) for 1 transactions [3mnext_checkpoint_seq[0m[2m=[0m652 [3mcheckpoint_timestamp[0m[2m=[0m1742889415136
[2m2025-03-25T07:56:55.700731Z[0m [32m INFO[0m [1mnode[0m[1m{[0m[3mname[0m[2m=[0mk#8dcff6d1..[1m}[0m[2m:[0m [2msui_core::checkpoints::checkpoint_output[0m[2m:[0m [2mcrates/sui-core/src/checkpoints/checkpoint_output.rs[0m[2m:[0m[2m149:[0m Creating checkpoint CheckpointDigest(4uXjKu7UcYPjV4FbRMC8bxjPFeuZrLCugRYR6ioyNQDk) at epoch 1, sequence 652, previous digest Some(CheckpointDigest(2dFuiq7BFyKihMQfnrh7kaGs662VCCyMq6G3XW4PkjcE)), transactions count 1, content digest CheckpointContentsDigest(Edm7ArvTQdp8FnjYeMw6iRiDa5ctFFXRWGWRuVgMY67U), end_of_epoch_data None
[2m2025-03-25T07:56:55.700852Z[0m [32m INFO[0m [1mnode[0m[1m{[0m[3mname[0m[2m=[0mk#99f25ef6..[1m}[0m[2m:[0m [2msui_core::checkpoints::checkpoint_output[0m[2m:[0m [2mcrates/sui-core/src/checkpoints/checkpoint_output.rs[0m[2m:[0m[2m149:[0m Creating checkpoint CheckpointDigest(4uXjKu7UcYPjV4FbRMC8bxjPFeuZrLCugRYR6ioyNQDk) at epoch 1, sequence 652, previous digest Some(CheckpointDigest(2dFuiq7BFyKihMQfnrh7kaGs662VCCyMq6G3XW4PkjcE)), transactions count 1, content digest CheckpointContentsDigest(Edm7ArvTQdp8FnjYeMw6iRiDa5ctFFXRWGWRuVgMY67U), end_of_epoch_data None
[2m2025-03-25T07:56:55.764261Z[0m [32m INFO[0m [1mnode[0m[1m{[0m[3mname[0m[2m=[0mk#addeef94..[1m}[0m[2m:[0m [2msui_core::checkpoints::checkpoint_executor[0m[2m:[0m [2mcrates/sui-core/src/checkpoints/checkpoint_executor/mod.rs[0m[2m:[0m[2m332:[0m Received checkpoint summary from state sync [3msequence_number[0m[2m=[0m651
[2m2025-03-25T07:56:55.765732Z[0m [32m INFO[0m [1mnode[0m[1m{[0m[3mname[0m[2m=[0mk#addeef94..[1m}[0m[2m:[0m [2msui_core::state_accumulator[0m[2m:[0m [2mcrates/sui-core/src/state_accumulator.rs[0m[2m:[0m[2m675:[0m accumulating running root for checkpoint 651
[2m2025-03-25T07:56:55.903554Z[0m [32m INFO[0m [1mnode[0m[1m{[0m[3mname[0m[2m=[0mk#addeef94..[1m}[0m[2m:[0m [2mconsensus_core::core[0m[2m:[0m [2mconsensus/core/src/core.rs[0m[2m:[0m[2m945:[0m Included 3 ancestors & excluded 0 ancestors for proposal in round 453
[2m2025-03-25T07:56:55.903937Z[0m [32m INFO[0m [1mnode[0m[1m{[0m[3mname[0m[2m=[0mk#addeef94..[1m}[0m[2m:[0m [2mconsensus_core::core[0m[2m:[0m [2mconsensus/core/src/core.rs[0m[2m:[0m[2m531:[0m Created block B453(C,3PEtDFLita/QKazAH2hm5ZyMqfbzW5JWKDM1ZVy2up0=)(1742889415903ms;[B452(C,7CDTrXSEoVLmzyM6BgBr7jmLD+MBzSh1DfMzHJKMtgY=), B452(A,X6EMvJq9ftJzD748zANHYNcaQAojWD7D1feQgFIM2Es=), B452(B,ImhSGQBSQMVTZOZpC6vWe9h67pvyzDNjYqwFe7zNsf0=)];1t;1c) for round 453
[2m2025-03-25T07:56:55.905878Z[0m [32m INFO[0m [1mnode[0m[1m{[0m[3mname[0m[2m=[0mk#99f25ef6..[1m}[0m[2m:[0m [2mconsensus_core::core[0m[2m:[0m [2mconsensus/core/src/core.rs[0m[2m:[0m[2m945:[0m Included 3 ancestors & excluded 0 ancestors for proposal in round 453
[2m2025-03-25T07:56:55.906163Z[0m [32m INFO[0m [1mnode[0m[1m{[0m[3mname[0m[2m=[0mk#99f25ef6..[1m}[0m[2m:[0m [2mconsensus_core::core[0m[2m:[0m [2mconsensus/core/src/core.rs[0m[2m:[0m[2m531:[0m Created block B453(B,3P4MsDhzfV7GUxOFqMKLB8l5l74JdczMauZl3gLAqYY=)(1742889415906ms;[B452(B,ImhSGQBSQMVTZOZpC6vWe9h67pvyzDNjYqwFe7zNsf0=), B452(A,X6EMvJq9ftJzD748zANHYNcaQAojWD7D1feQgFIM2Es=), B452(C,7CDTrXSEoVLmzyM6BgBr7jmLD+MBzSh1DfMzHJKMtgY=)];1t;1c) for round 453
[2m2025-03-25T07:56:55.906232Z[0m [32m INFO[0m [1mnode[0m[1m{[0m[3mname[0m[2m=[0mk#99f25ef6..[1m}[0m[2m:[0m [2mconsensus_core::core[0m[2m:[0m [2mconsensus/core/src/core.rs[0m[2m:[0m[2m630:[0m Committing 1 leaders: B451(C,hR5K)
[2m2025-03-25T07:56:55.906301Z[0m [32m INFO[0m [1mnode[0m[1m{[0m[3mname[0m[2m=[0mk#99f25ef6..[1m}[0m[2m:[0m [2mconsensus_core::commit_observer[0m[2m:[0m [2mconsensus/core/src/commit_observer.rs[0m[2m:[0m[2m173:[0m Consensus commit C440(mI97) with leader B451(C,hR5K) has 3 blocks
[2m2025-03-25T07:56:55.906384Z[0m [32m INFO[0m [1mnode[0m[1m{[0m[3mname[0m[2m=[0mk#99f25ef6..[1m}[0m[2m:[0m [2msui_core::consensus_handler[0m[2m:[0m [2mcrates/sui-core/src/consensus_handler.rs[0m[2m:[0m[2m232:[0m Received consensus output [3mconsensus_commit[0m[2m=[0mCommittedSubDag(leader=B451(C,hR5K), ref=C440(mI97), blocks=[3pdj, 5iaB, hR5K]) [3mepoch[0m[2m=[0m1
[2m2025-03-25T07:56:55.906993Z[0m [32m INFO[0m [1mnode[0m[1m{[0m[3mname[0m[2m=[0mk#8dcff6d1..[1m}[0m[2m:[0m [2mconsensus_core::core[0m[2m:[0m [2mconsensus/core/src/core.rs[0m[2m:[0m[2m945:[0m Included 3 ancestors & excluded 0 ancestors for proposal in round 453
[2m2025-03-25T07:56:55.907277Z[0m [32m INFO[0m [1mnode[0m[1m{[0m[3mname[0m[2m=[0mk#8dcff6d1..[1m}[0m[2m:[0m [2mconsensus_core::core[0m[2m:[0m [2mconsensus/core/src/core.rs[0m[2m:[0m[2m531:[0m Created block B453(A,mo/2QlAkxiGOBi4QmSn9tnmx6282SrTz4ZusKEQhX5M=)(1742889415907ms;[B452(A,X6EMvJq9ftJzD748zANHYNcaQAojWD7D1feQgFIM2Es=), B452(B,ImhSGQBSQMVTZOZpC6vWe9h67pvyzDNjYqwFe7zNsf0=), B452(C,7CDTrXSEoVLmzyM6BgBr7jmLD+MBzSh1DfMzHJKMtgY=)];1t;1c) for round 453
[2m2025-03-25T07:56:55.907341Z[0m [32m INFO[0m [1mnode[0m[1m{[0m[3mname[0m[2m=[0mk#8dcff6d1..[1m}[0m[2m:[0m [2mconsensus_core::core[0m[2m:[0m [2mconsensus/core/src/core.rs[0m[2m:[0m[2m630:[0m Committing 1 leaders: B451(C,hR5K)
[2m2025-03-25T07:56:55.907405Z[0m [32m INFO[0m [1mnode[0m[1m{[0m[3mname[0m[2m=[0mk#8dcff6d1..[1m}[0m[2m:[0m [2mconsensus_core::commit_observer[0m[2m:[0m [2mconsensus/core/src/commit_observer.rs[0m[2m:[0m[2m173:[0m Consensus commit C440(mI97) with leader B451(C,hR5K) has 3 blocks
[2m2025-03-25T07:56:55.907479Z[0m [32m INFO[0m [1mnode[0m[1m{[0m[3mname[0m[2m=[0mk#8dcff6d1..[1m}[0m[2m:[0m [2msui_core::consensus_handler[0m[2m:[0m [2mcrates/sui-core/src/consensus_handler.rs[0m[2m:[0m[2m232:[0m Received consensus output [3mconsensus_commit[0m[2m=[0mCommittedSubDag(leader=B451(C,hR5K), ref=C440(mI97), blocks=[3pdj, 5iaB, hR5K]) [3mepoch[0m[2m=[0m1
[2m2025-03-25T07:56:55.908715Z[0m [32m INFO[0m [1mnode[0m[1m{[0m[3mname[0m[2m=[0mk#addeef94..[1m}[0m[2m:[0m [2mconsensus_core::core[0m[2m:[0m [2mconsensus/core/src/core.rs[0m[2m:[0m[2m630:[0m Committing 1 leaders: B451(C,hR5K)
[2m2025-03-25T07:56:55.908809Z[0m [32m INFO[0m [1mnode[0m[1m{[0m[3mname[0m[2m=[0mk#addeef94..[1m}[0m[2m:[0m [2mconsensus_core::commit_observer[0m[2m:[0m [2mconsensus/core/src/commit_observer.rs[0m[2m:[0m[2m173:[0m Consensus commit C440(mI97) with leader B451(C,hR5K) has 3 blocks
[2m2025-03-25T07:56:55.908884Z[0m [32m INFO[0m [1mnode[0m[1m{[0m[3mname[0m[2m=[0mk#addeef94..[1m}[0m[2m:[0m [2msui_core::consensus_handler[0m[2m:[0m [2mcrates/sui-core/src/consensus_handler.rs[0m[2m:[0m[2m232:[0m Received consensus output [3mconsensus_commit[0m[2m=[0mCommittedSubDag(leader=B451(C,hR5K), ref=C440(mI97), blocks=[3pdj, 5iaB, hR5K]) [3mepoch[0m[2m=[0m1
[2m2025-03-25T07:56:55.932993Z[0m [32m INFO[0m [1mnode[0m[1m{[0m[3mname[0m[2m=[0mk#99f25ef6..[1m}[0m[2m:[0m [2msui_core::checkpoints[0m[2m:[0m [2mcrates/sui-core/src/checkpoints/mod.rs[0m[2m:[0m[2m1326:[0m Creating checkpoint(s) for 2 transactions [3mnext_checkpoint_seq[0m[2m=[0m653 [3mcheckpoint_timestamp[0m[2m=[0m1742889415393
[2m2025-03-25T07:56:55.933307Z[0m [32m INFO[0m [1mnode[0m[1m{[0m[3mname[0m[2m=[0mk#99f25ef6..[1m}[0m[2m:[0m [2msui_core::checkpoints::checkpoint_output[0m[2m:[0m [2mcrates/sui-core/src/checkpoints/checkpoint_output.rs[0m[2m:[0m[2m149:[0m Creating checkpoint CheckpointDigest(Cmbo2WEbUiaG4xoMb59dLTX76BQyKG748Xdj56pnEKsL) at epoch 1, sequence 653, previous digest Some(CheckpointDigest(4uXjKu7UcYPjV4FbRMC8bxjPFeuZrLCugRYR6ioyNQDk)), transactions count 2, content digest CheckpointContentsDigest(5TVb8VRKX9TuJVy1EwGyNPjo95qd2wcquExuVfnt4uND), end_of_epoch_data None
[2m2025-03-25T07:56:55.933452Z[0m [32m INFO[0m [1mnode[0m[1m{[0m[3mname[0m[2m=[0mk#8dcff6d1..[1m}[0m[2m:[0m [2msui_core::checkpoints[0m[2m:[0m [2mcrates/sui-core/src/checkpoints/mod.rs[0m[2m:[0m[2m1326:[0m Creating checkpoint(s) for 2 transactions [3mnext_checkpoint_seq[0m[2m=[0m653 [3mcheckpoint_timestamp[0m[2m=[0m1742889415393
[2m2025-03-25T07:56:55.933699Z[0m [32m INFO[0m [1mnode[0m[1m{[0m[3mname[0m[2m=[0mk#8dcff6d1..[1m}[0m[2m:[0m [2msui_core::checkpoints::checkpoint_output[0m[2m:[0m [2mcrates/sui-core/src/checkpoints/checkpoint_output.rs[0m[2m:[0m[2m149:[0m Creating checkpoint CheckpointDigest(Cmbo2WEbUiaG4xoMb59dLTX76BQyKG748Xdj56pnEKsL) at epoch 1, sequence 653, previous digest Some(CheckpointDigest(4uXjKu7UcYPjV4FbRMC8bxjPFeuZrLCugRYR6ioyNQDk)), transactions count 2, content digest CheckpointContentsDigest(5TVb8VRKX9TuJVy1EwGyNPjo95qd2wcquExuVfnt4uND), end_of_epoch_data None
[2m2025-03-25T07:56:55.934776Z[0m [32m INFO[0m [1mnode[0m[1m{[0m[3mname[0m[2m=[0mk#addeef94..[1m}[0m[2m:[0m [2msui_core::checkpoints[0m[2m:[0m [2mcrates/sui-core/src/checkpoints/mod.rs[0m[2m:[0m[2m1326:[0m Creating checkpoint(s) for 2 transactions [3mnext_checkpoint_seq[0m[2m=[0m653 [3mcheckpoint_timestamp[0m[2m=[0m1742889415393
[2m2025-03-25T07:56:55.935025Z[0m [32m INFO[0m [1mnode[0m[1m{[0m[3mname[0m[2m=[0mk#addeef94..[1m}[0m[2m:[0m [2msui_core::checkpoints::checkpoint_output[0m[2m:[0m [2mcrates/sui-core/src/checkpoints/checkpoint_output.rs[0m[2m:[0m[2m149:[0m Creating checkpoint CheckpointDigest(Cmbo2WEbUiaG4xoMb59dLTX76BQyKG748Xdj56pnEKsL) at epoch 1, sequence 653, previous digest Some(CheckpointDigest(4uXjKu7UcYPjV4FbRMC8bxjPFeuZrLCugRYR6ioyNQDk)), transactions count 2, content digest CheckpointContentsDigest(5TVb8VRKX9TuJVy1EwGyNPjo95qd2wcquExuVfnt4uND), end_of_epoch_data None
[2m2025-03-25T07:56:55.936612Z[0m [32m INFO[0m [1mnode[0m[1m{[0m[3mname[0m[2m=[0mk#99f25ef6..[1m}[0m[2m:[0m [2msui_core::checkpoints::checkpoint_output[0m[2m:[0m [2mcrates/sui-core/src/checkpoints/checkpoint_output.rs[0m[2m:[0m[2m196:[0m Certified checkpoint with sequence 652 and digest 4uXjKu7UcYPjV4FbRMC8bxjPFeuZrLCugRYR6ioyNQDk
[2m2025-03-25T07:56:55.936719Z[0m [32m INFO[0m [1mnode[0m[1m{[0m[3mname[0m[2m=[0mk#8dcff6d1..[1m}[0m[2m:[0m [2msui_core::checkpoints::checkpoint_output[0m[2m:[0m [2mcrates/sui-core/src/checkpoints/checkpoint_output.rs[0m[2m:[0m[2m196:[0m Certified checkpoint with sequence 652 and digest 4uXjKu7UcYPjV4FbRMC8bxjPFeuZrLCugRYR6ioyNQDk
[2m2025-03-25T07:56:55.936980Z[0m [32m INFO[0m [1mnode[0m[1m{[0m[3mname[0m[2m=[0mk#99f25ef6..[1m}[0m[2m:[0m [2msui_core::checkpoints::checkpoint_executor[0m[2m:[0m [2mcrates/sui-core/src/checkpoints/checkpoint_executor/mod.rs[0m[2m:[0m[2m332:[0m Received checkpoint summary from state sync [3msequence_number[0m[2m=[0m652
[2m2025-03-25T07:56:55.937034Z[0m [32m INFO[0m [1mnode[0m[1m{[0m[3mname[0m[2m=[0mk#8dcff6d1..[1m}[0m[2m:[0m [2msui_core::checkpoints::checkpoint_executor[0m[2m:[0m [2mcrates/sui-core/src/checkpoints/checkpoint_executor/mod.rs[0m[2m:[0m[2m332:[0m Received checkpoint summary from state sync [3msequence_number[0m[2m=[0m652
[2m2025-03-25T07:56:55.938164Z[0m [32m INFO[0m [1mnode[0m[1m{[0m[3mname[0m[2m=[0mk#99f25ef6..[1m}[0m[2m:[0m [2msui_core::state_accumulator[0m[2m:[0m [2mcrates/sui-core/src/state_accumulator.rs[0m[2m:[0m[2m675:[0m accumulating running root for checkpoint 652
[2m2025-03-25T07:56:55.938176Z[0m [32m INFO[0m [1mnode[0m[1m{[0m[3mname[0m[2m=[0mk#8dcff6d1..[1m}[0m[2m:[0m [2msui_core::state_accumulator[0m[2m:[0m [2mcrates/sui-core/src/state_accumulator.rs[0m[2m:[0m[2m675:[0m accumulating running root for checkpoint 652
[2m2025-03-25T07:56:55.940352Z[0m [32m INFO[0m [1mnode[0m[1m{[0m[3mname[0m[2m=[0mk#addeef94..[1m}[0m[2m:[0m [2msui_core::checkpoints::checkpoint_executor[0m[2m:[0m [2mcrates/sui-core/src/checkpoints/checkpoint_executor/mod.rs[0m[2m:[0m[2m332:[0m Received checkpoint summary from state sync [3msequence_number[0m[2m=[0m652
[2m2025-03-25T07:56:55.941093Z[0m [32m INFO[0m [1mnode[0m[1m{[0m[3mname[0m[2m=[0mk#addeef94..[1m}[0m[2m:[0m [2msui_core::state_accumulator[0m[2m:[0m [2mcrates/sui-core/src/state_accumulator.rs[0m[2m:[0m[2m675:[0m accumulating running root for checkpoint 652
[2m2025-03-25T07:56:56.159323Z[0m [32m INFO[0m [1mnode[0m[1m{[0m[3mname[0m[2m=[0mk#8dcff6d1..[1m}[0m[2m:[0m [2mconsensus_core::core[0m[2m:[0m [2mconsensus/core/src/core.rs[0m[2m:[0m[2m945:[0m Included 3 ancestors & excluded 0 ancestors for proposal in round 454
[2m2025-03-25T07:56:56.159569Z[0m [32m INFO[0m [1mnode[0m[1m{[0m[3mname[0m[2m=[0mk#99f25ef6..[1m}[0m[2m:[0m [2mconsensus_core::core[0m[2m:[0m [2mconsensus/core/src/core.rs[0m[2m:[0m[2m945:[0m Included 3 ancestors & excluded 0 ancestors for proposal in round 454
[2m2025-03-25T07:56:56.159693Z[0m [32m INFO[0m [1mnode[0m[1m{[0m[3mname[0m[2m=[0mk#8dcff6d1..[1m}[0m[2m:[0m [2mconsensus_core::core[0m[2m:[0m [2mconsensus/core/src/core.rs[0m[2m:[0m[2m531:[0m Created block B454(A,12Dhpem34bjy93MIN7hh36PH4TzTfBJ++z388AclqCg=)(1742889416159ms;[B453(A,mo/2QlAkxiGOBi4QmSn9tnmx6282SrTz4ZusKEQhX5M=), B453(B,3P4MsDhzfV7GUxOFqMKLB8l5l74JdczMauZl3gLAqYY=), B453(C,3PEtDFLita/QKazAH2hm5ZyMqfbzW5JWKDM1ZVy2up0=)];1t;1c) for round 454
[2m2025-03-25T07:56:56.159860Z[0m [32m INFO[0m [1mnode[0m[1m{[0m[3mname[0m[2m=[0mk#99f25ef6..[1m}[0m[2m:[0m [2mconsensus_core::core[0m[2m:[0m [2mconsensus/core/src/core.rs[0m[2m:[0m[2m531:[0m Created block B454(B,R2AW4Fz82OvcNXU2Jpqs+Ok7vwH/AG1uhf5lXoOG+P8=)(1742889416159ms;[B453(B,3P4MsDhzfV7GUxOFqMKLB8l5l74JdczMauZl3gLAqYY=), B453(A,mo/2QlAkxiGOBi4QmSn9tnmx6282SrTz4ZusKEQhX5M=), B453(C,3PEtDFLita/QKazAH2hm5ZyMqfbzW5JWKDM1ZVy2up0=)];1t;1c) for round 454
[2m2025-03-25T07:56:56.161321Z[0m [32m INFO[0m [1mnode[0m[1m{[0m[3mname[0m[2m=[0mk#addeef94..[1m}[0m[2m:[0m [2mconsensus_core::core[0m[2m:[0m [2mconsensus/core/src/core.rs[0m[2m:[0m[2m945:[0m Included 3 ancestors & excluded 0 ancestors for proposal in round 454
[2m2025-03-25T07:56:56.161610Z[0m [32m INFO[0m [1mnode[0m[1m{[0m[3mname[0m[2m=[0mk#addeef94..[1m}[0m[2m:[0m [2mconsensus_core::core[0m[2m:[0m [2mconsensus/core/src/core.rs[0m[2m:[0m[2m531:[0m Created block B454(C,klZngxGS5ljR20q94tDes6MfnudndEnlUVgHXwEKM6U=)(1742889416161ms;[B453(C,3PEtDFLita/QKazAH2hm5ZyMqfbzW5JWKDM1ZVy2up0=), B453(A,mo/2QlAkxiGOBi4QmSn9tnmx6282SrTz4ZusKEQhX5M=), B453(B,3P4MsDhzfV7GUxOFqMKLB8l5l74JdczMauZl3gLAqYY=)];1t;1c) for round 454
[2m2025-03-25T07:56:56.161748Z[0m [32m INFO[0m [1mnode[0m[1m{[0m[3mname[0m[2m=[0mk#addeef94..[1m}[0m[2m:[0m [2mconsensus_core::core[0m[2m:[0m [2mconsensus/core/src/core.rs[0m[2m:[0m[2m630:[0m Committing 1 leaders: B452(C,7CDT)
[2m2025-03-25T07:56:56.161837Z[0m [32m INFO[0m [1mnode[0m[1m{[0m[3mname[0m[2m=[0mk#addeef94..[1m}[0m[2m:[0m [2mconsensus_core::commit_observer[0m[2m:[0m [2mconsensus/core/src/commit_observer.rs[0m[2m:[0m[2m173:[0m Consensus commit C441(1FwW) with leader B452(C,7CDT) has 3 blocks
[2m2025-03-25T07:56:56.162130Z[0m [32m INFO[0m [1mnode[0m[1m{[0m[3mname[0m[2m=[0mk#addeef94..[1m}[0m[2m:[0m [2msui_core::consensus_handler[0m[2m:[0m [2mcrates/sui-core/src/consensus_handler.rs[0m[2m:[0m[2m232:[0m Received consensus output [3mconsensus_commit[0m[2m=[0mCommittedSubDag(leader=B452(C,7CDT), ref=C441(1FwW), blocks=[MdMB, SdH/, 7CDT]) [3mepoch[0m[2m=[0m1
[2m2025-03-25T07:56:56.165232Z[0m [32m INFO[0m [1mnode[0m[1m{[0m[3mname[0m[2m=[0mk#99f25ef6..[1m}[0m[2m:[0m [2msui_core::checkpoints::checkpoint_output[0m[2m:[0m [2mcrates/sui-core/src/checkpoints/checkpoint_output.rs[0m[2m:[0m[2m196:[0m Certified checkpoint with sequence 653 and digest Cmbo2WEbUiaG4xoMb59dLTX76BQyKG748Xdj56pnEKsL
[2m2025-03-25T07:56:56.165230Z[0m [32m INFO[0m [1mnode[0m[1m{[0m[3mname[0m[2m=[0mk#8dcff6d1..[1m}[0m[2m:[0m [2msui_core::checkpoints::checkpoint_output[0m[2m:[0m [2mcrates/sui-core/src/checkpoints/checkpoint_output.rs[0m[2m:[0m[2m196:[0m Certified checkpoint with sequence 653 and digest Cmbo2WEbUiaG4xoMb59dLTX76BQyKG748Xdj56pnEKsL
[2m2025-03-25T07:56:56.165338Z[0m [32m INFO[0m [1mnode[0m[1m{[0m[3mname[0m[2m=[0mk#99f25ef6..[1m}[0m[2m:[0m [2mconsensus_core::core[0m[2m:[0m [2mconsensus/core/src/core.rs[0m[2m:[0m[2m630:[0m Committing 1 leaders: B452(C,7CDT)
[2m2025-03-25T07:56:56.165338Z[0m [32m INFO[0m [1mnode[0m[1m{[0m[3mname[0m[2m=[0mk#8dcff6d1..[1m}[0m[2m:[0m [2mconsensus_core::core[0m[2m:[0m [2mconsensus/core/src/core.rs[0m[2m:[0m[2m630:[0m Committing 1 leaders: B452(C,7CDT)
[2m2025-03-25T07:56:56.165438Z[0m [32m INFO[0m [1mnode[0m[1m{[0m[3mname[0m[2m=[0mk#8dcff6d1..[1m}[0m[2m:[0m [2mconsensus_core::commit_observer[0m[2m:[0m [2mconsensus/core/src/commit_observer.rs[0m[2m:[0m[2m173:[0m Consensus commit C441(1FwW) with leader B452(C,7CDT) has 3 blocks
[2m2025-03-25T07:56:56.165439Z[0m [32m INFO[0m [1mnode[0m[1m{[0m[3mname[0m[2m=[0mk#99f25ef6..[1m}[0m[2m:[0m [2mconsensus_core::commit_observer[0m[2m:[0m [2mconsensus/core/src/commit_observer.rs[0m[2m:[0m[2m173:[0m Consensus commit C441(1FwW) with leader B452(C,7CDT) has 3 blocks
[2m2025-03-25T07:56:56.165874Z[0m [32m INFO[0m [1mnode[0m[1m{[0m[3mname[0m[2m=[0mk#99f25ef6..[1m}[0m[2m:[0m [2msui_core::consensus_handler[0m[2m:[0m [2mcrates/sui-core/src/consensus_handler.rs[0m[2m:[0m[2m232:[0m Received consensus output [3mconsensus_commit[0m[2m=[0mCommittedSubDag(leader=B452(C,7CDT), ref=C441(1FwW), blocks=[MdMB, SdH/, 7CDT]) [3mepoch[0m[2m=[0m1
[2m2025-03-25T07:56:56.165874Z[0m [32m INFO[0m [1mnode[0m[1m{[0m[3mname[0m[2m=[0mk#8dcff6d1..[1m}[0m[2m:[0m [2msui_core::consensus_handler[0m[2m:[0m [2mcrates/sui-core/src/consensus_handler.rs[0m[2m:[0m[2m232:[0m Received consensus output [3mconsensus_commit[0m[2m=[0mCommittedSubDag(leader=B452(C,7CDT), ref=C441(1FwW), blocks=[MdMB, SdH/, 7CDT]) [3mepoch[0m[2m=[0m1
[2m2025-03-25T07:56:56.166480Z[0m [32m INFO[0m [1mnode[0m[1m{[0m[3mname[0m[2m=[0mk#99f25ef6..[1m}[0m[2m:[0m [2msui_core::checkpoints::checkpoint_executor[0m[2m:[0m [2mcrates/sui-core/src/checkpoints/checkpoint_executor/mod.rs[0m[2m:[0m[2m332:[0m Received checkpoint summary from state sync [3msequence_number[0m[2m=[0m653
[2m2025-03-25T07:56:56.166480Z[0m [32m INFO[0m [1mnode[0m[1m{[0m[3mname[0m[2m=[0mk#8dcff6d1..[1m}[0m[2m:[0m [2msui_core::checkpoints::checkpoint_executor[0m[2m:[0m [2mcrates/sui-core/src/checkpoints/checkpoint_executor/mod.rs[0m[2m:[0m[2m332:[0m Received checkpoint summary from state sync [3msequence_number[0m[2m=[0m653
[2m2025-03-25T07:56:56.180092Z[0m [32m INFO[0m [1mnode[0m[1m{[0m[3mname[0m[2m=[0mk#99f25ef6..[1m}[0m[2m:[0m [2msui_core::state_accumulator[0m[2m:[0m [2mcrates/sui-core/src/state_accumulator.rs[0m[2m:[0m[2m675:[0m accumulating running root for checkpoint 653
[2m2025-03-25T07:56:56.180095Z[0m [32m INFO[0m [1mnode[0m[1m{[0m[3mname[0m[2m=[0mk#8dcff6d1..[1m}[0m[2m:[0m [2msui_core::state_accumulator[0m[2m:[0m [2mcrates/sui-core/src/state_accumulator.rs[0m[2m:[0m[2m675:[0m accumulating running root for checkpoint 653
[2m2025-03-25T07:56:56.207474Z[0m [32m INFO[0m [1mnode[0m[1m{[0m[3mname[0m[2m=[0mk#addeef94..[1m}[0m[2m:[0m [2msui_core::checkpoints[0m[2m:[0m [2mcrates/sui-core/src/checkpoints/mod.rs[0m[2m:[0m[2m1326:[0m Creating checkpoint(s) for 1 transactions [3mnext_checkpoint_seq[0m[2m=[0m654 [3mcheckpoint_timestamp[0m[2m=[0m1742889415650
[2m2025-03-25T07:56:56.207714Z[0m [32m INFO[0m [1mnode[0m[1m{[0m[3mname[0m[2m=[0mk#addeef94..[1m}[0m[2m:[0m [2msui_core::checkpoints::checkpoint_output[0m[2m:[0m [2mcrates/sui-core/src/checkpoints/checkpoint_output.rs[0m[2m:[0m[2m149:[0m Creating checkpoint CheckpointDigest(F4V7ntxFe5igbjWhC3tfBG3EP4MhPBXrmadMhwLVmZBe) at epoch 1, sequence 654, previous digest Some(CheckpointDigest(Cmbo2WEbUiaG4xoMb59dLTX76BQyKG748Xdj56pnEKsL)), transactions count 1, content digest CheckpointContentsDigest(9d8B1eNPgwxzZScfLhs5xuGKKF5XQ3HNTYX2CtRkxenc), end_of_epoch_data None
[2m2025-03-25T07:56:56.212237Z[0m [32m INFO[0m [1mnode[0m[1m{[0m[3mname[0m[2m=[0mk#8dcff6d1..[1m}[0m[2m:[0m [2msui_core::checkpoints[0m[2m:[0m [2mcrates/sui-core/src/checkpoints/mod.rs[0m[2m:[0m[2m1326:[0m Creating checkpoint(s) for 1 transactions [3mnext_checkpoint_seq[0m[2m=[0m654 [3mcheckpoint_timestamp[0m[2m=[0m1742889415650
[2m2025-03-25T07:56:56.212241Z[0m [32m INFO[0m [1mnode[0m[1m{[0m[3mname[0m[2m=[0mk#99f25ef6..[1m}[0m[2m:[0m [2msui_core::checkpoints[0m[2m:[0m [2mcrates/sui-core/src/checkpoints/mod.rs[0m[2m:[0m[2m1326:[0m Creating checkpoint(s) for 1 transactions [3mnext_checkpoint_seq[0m[2m=[0m654 [3mcheckpoint_timestamp[0m[2m=[0m1742889415650
[2m2025-03-25T07:56:56.212425Z[0m [32m INFO[0m [1mnode[0m[1m{[0m[3mname[0m[2m=[0mk#8dcff6d1..[1m}[0m[2m:[0m [2msui_core::checkpoints::checkpoint_output[0m[2m:[0m [2mcrates/sui-core/src/checkpoints/checkpoint_output.rs[0m[2m:[0m[2m149:[0m Creating checkpoint CheckpointDigest(F4V7ntxFe5igbjWhC3tfBG3EP4MhPBXrmadMhwLVmZBe) at epoch 1, sequence 654, previous digest Some(CheckpointDigest(Cmbo2WEbUiaG4xoMb59dLTX76BQyKG748Xdj56pnEKsL)), transactions count 1, content digest CheckpointContentsDigest(9d8B1eNPgwxzZScfLhs5xuGKKF5XQ3HNTYX2CtRkxenc), end_of_epoch_data None
[2m2025-03-25T07:56:56.212425Z[0m [32m INFO[0m [1mnode[0m[1m{[0m[3mname[0m[2m=[0mk#99f25ef6..[1m}[0m[2m:[0m [2msui_core::checkpoints::checkpoint_output[0m[2m:[0m [2mcrates/sui-core/src/checkpoints/checkpoint_output.rs[0m[2m:[0m[2m149:[0m Creating checkpoint CheckpointDigest(F4V7ntxFe5igbjWhC3tfBG3EP4MhPBXrmadMhwLVmZBe) at epoch 1, sequence 654, previous digest Some(CheckpointDigest(Cmbo2WEbUiaG4xoMb59dLTX76BQyKG748Xdj56pnEKsL)), transactions count 1, content digest CheckpointContentsDigest(9d8B1eNPgwxzZScfLhs5xuGKKF5XQ3HNTYX2CtRkxenc), end_of_epoch_data None
[2m2025-03-25T07:56:56.276646Z[0m [32m INFO[0m [1mnode[0m[1m{[0m[3mname[0m[2m=[0mk#addeef94..[1m}[0m[2m:[0m [2msui_core::checkpoints::checkpoint_executor[0m[2m:[0m [2mcrates/sui-core/src/checkpoints/checkpoint_executor/mod.rs[0m[2m:[0m[2m332:[0m Received checkpoint summary from state sync [3msequence_number[0m[2m=[0m653
[2m2025-03-25T07:56:56.278220Z[0m [32m INFO[0m [1mnode[0m[1m{[0m[3mname[0m[2m=[0mk#addeef94..[1m}[0m[2m:[0m [2msui_core::state_accumulator[0m[2m:[0m [2mcrates/sui-core/src/state_accumulator.rs[0m[2m:[0m[2m675:[0m accumulating running root for checkpoint 653
[2m2025-03-25T07:56:56.412992Z[0m [32m INFO[0m [1mnode[0m[1m{[0m[3mname[0m[2m=[0mk#addeef94..[1m}[0m[2m:[0m [2mconsensus_core::core[0m[2m:[0m [2mconsensus/core/src/core.rs[0m[2m:[0m[2m945:[0m Included 3 ancestors & excluded 0 ancestors for proposal in round 455
[2m2025-03-25T07:56:56.413406Z[0m [32m INFO[0m [1mnode[0m[1m{[0m[3mname[0m[2m=[0mk#addeef94..[1m}[0m[2m:[0m [2mconsensus_core::core[0m[2m:[0m [2mconsensus/core/src/core.rs[0m[2m:[0m[2m531:[0m Created block B455(C,qb2KfplGw4WZt4GX8h5M98hRarCKESLnj5N187gHjyg=)(1742889416413ms;[B454(C,klZngxGS5ljR20q94tDes6MfnudndEnlUVgHXwEKM6U=), B454(A,12Dhpem34bjy93MIN7hh36PH4TzTfBJ++z388AclqCg=), B454(B,R2AW4Fz82OvcNXU2Jpqs+Ok7vwH/AG1uhf5lXoOG+P8=)];1t;1c) for round 455
[2m2025-03-25T07:56:56.416565Z[0m [32m INFO[0m [1mnode[0m[1m{[0m[3mname[0m[2m=[0mk#8dcff6d1..[1m}[0m[2m:[0m [2mconsensus_core::core[0m[2m:[0m [2mconsensus/core/src/core.rs[0m[2m:[0m[2m945:[0m Included 3 ancestors & excluded 0 ancestors for proposal in round 455
[2m2025-03-25T07:56:56.416860Z[0m [32m INFO[0m [1mnode[0m[1m{[0m[3mname[0m[2m=[0mk#8dcff6d1..[1m}[0m[2m:[0m [2mconsensus_core::core[0m[2m:[0m [2mconsensus/core/src/core.rs[0m[2m:[0m[2m531:[0m Created block B455(A,dEHrvRdTDqdT/rXXiVVY+Ls6PCc8DDOfKJhJlJgHoRA=)(1742889416416ms;[B454(A,12Dhpem34bjy93MIN7hh36PH4TzTfBJ++z388AclqCg=), B454(B,R2AW4Fz82OvcNXU2Jpqs+Ok7vwH/AG1uhf5lXoOG+P8=), B454(C,klZngxGS5ljR20q94tDes6MfnudndEnlUVgHXwEKM6U=)];1t;1c) for round 455
[2m2025-03-25T07:56:56.416932Z[0m [32m INFO[0m [1mnode[0m[1m{[0m[3mname[0m[2m=[0mk#8dcff6d1..[1m}[0m[2m:[0m [2mconsensus_core::core[0m[2m:[0m [2mconsensus/core/src/core.rs[0m[2m:[0m[2m630:[0m Committing 1 leaders: B453(A,mo/2)
[2m2025-03-25T07:56:56.417012Z[0m [32m INFO[0m [1mnode[0m[1m{[0m[3mname[0m[2m=[0mk#8dcff6d1..[1m}[0m[2m:[0m [2mconsensus_core::commit_observer[0m[2m:[0m [2mconsensus/core/src/commit_observer.rs[0m[2m:[0m[2m173:[0m Consensus commit C442(fcTv) with leader B453(A,mo/2) has 3 blocks
[2m2025-03-25T07:56:56.417102Z[0m [32m INFO[0m [1mnode[0m[1m{[0m[3mname[0m[2m=[0mk#8dcff6d1..[1m}[0m[2m:[0m [2msui_core::consensus_handler[0m[2m:[0m [2mcrates/sui-core/src/consensus_handler.rs[0m[2m:[0m[2m232:[0m Received consensus output [3mconsensus_commit[0m[2m=[0mCommittedSubDag(leader=B453(A,mo/2), ref=C442(fcTv), blocks=[X6EM, ImhS, mo/2]) [3mepoch[0m[2m=[0m1
[2m2025-03-25T07:56:56.417690Z[0m [32m INFO[0m [1mnode[0m[1m{[0m[3mname[0m[2m=[0mk#99f25ef6..[1m}[0m[2m:[0m [2mconsensus_core::core[0m[2m:[0m [2mconsensus/core/src/core.rs[0m[2m:[0m[2m945:[0m Included 3 ancestors & excluded 0 ancestors for proposal in round 455
[2m2025-03-25T07:56:56.417984Z[0m [32m INFO[0m [1mnode[0m[1m{[0m[3mname[0m[2m=[0mk#99f25ef6..[1m}[0m[2m:[0m [2mconsensus_core::core[0m[2m:[0m [2mconsensus/core/src/core.rs[0m[2m:[0m[2m531:[0m Created block B455(B,tpT4d7ZSdTZFMgXUfFBlHOI4w3fKYpK1SdF5R+Qmdaw=)(1742889416417ms;[B454(B,R2AW4Fz82OvcNXU2Jpqs+Ok7vwH/AG1uhf5lXoOG+P8=), B454(A,12Dhpem34bjy93MIN7hh36PH4TzTfBJ++z388AclqCg=), B454(C,klZngxGS5ljR20q94tDes6MfnudndEnlUVgHXwEKM6U=)];1t;1c) for round 455
[2m2025-03-25T07:56:56.418050Z[0m [32m INFO[0m [1mnode[0m[1m{[0m[3mname[0m[2m=[0mk#99f25ef6..[1m}[0m[2m:[0m [2mconsensus_core::core[0m[2m:[0m [2mconsensus/core/src/core.rs[0m[2m:[0m[2m630:[0m Committing 1 leaders: B453(A,mo/2)
[2m2025-03-25T07:56:56.418116Z[0m [32m INFO[0m [1mnode[0m[1m{[0m[3mname[0m[2m=[0mk#99f25ef6..[1m}[0m[2m:[0m [2mconsensus_core::commit_observer[0m[2m:[0m [2mconsensus/core/src/commit_observer.rs[0m[2m:[0m[2m173:[0m Consensus commit C442(fcTv) with leader B453(A,mo/2) has 3 blocks
[2m2025-03-25T07:56:56.418198Z[0m [32m INFO[0m [1mnode[0m[1m{[0m[3mname[0m[2m=[0mk#99f25ef6..[1m}[0m[2m:[0m [2msui_core::consensus_handler[0m[2m:[0m [2mcrates/sui-core/src/consensus_handler.rs[0m[2m:[0m[2m232:[0m Received consensus output [3mconsensus_commit[0m[2m=[0mCommittedSubDag(leader=B453(A,mo/2), ref=C442(fcTv), blocks=[X6EM, ImhS, mo/2]) [3mepoch[0m[2m=[0m1
[2m2025-03-25T07:56:56.419472Z[0m [32m INFO[0m [1mnode[0m[1m{[0m[3mname[0m[2m=[0mk#addeef94..[1m}[0m[2m:[0m [2mconsensus_core::core[0m[2m:[0m [2mconsensus/core/src/core.rs[0m[2m:[0m[2m630:[0m Committing 1 leaders: B453(A,mo/2)
[2m2025-03-25T07:56:56.419564Z[0m [32m INFO[0m [1mnode[0m[1m{[0m[3mname[0m[2m=[0mk#addeef94..[1m}[0m[2m:[0m [2mconsensus_core::commit_observer[0m[2m:[0m [2mconsensus/core/src/commit_observer.rs[0m[2m:[0m[2m173:[0m Consensus commit C442(fcTv) with leader B453(A,mo/2) has 3 blocks
[2m2025-03-25T07:56:56.419640Z[0m [32m INFO[0m [1mnode[0m[1m{[0m[3mname[0m[2m=[0mk#addeef94..[1m}[0m[2m:[0m [2msui_core::consensus_handler[0m[2m:[0m [2mcrates/sui-core/src/consensus_handler.rs[0m[2m:[0m[2m232:[0m Received consensus output [3mconsensus_commit[0m[2m=[0mCommittedSubDag(leader=B453(A,mo/2), ref=C442(fcTv), blocks=[X6EM, ImhS, mo/2]) [3mepoch[0m[2m=[0m1
[2m2025-03-25T07:56:56.443840Z[0m [32m INFO[0m [1mnode[0m[1m{[0m[3mname[0m[2m=[0mk#8dcff6d1..[1m}[0m[2m:[0m [2msui_core::checkpoints[0m[2m:[0m [2mcrates/sui-core/src/checkpoints/mod.rs[0m[2m:[0m[2m1326:[0m Creating checkpoint(s) for 2 transactions [3mnext_checkpoint_seq[0m[2m=[0m655 [3mcheckpoint_timestamp[0m[2m=[0m1742889415907
[2m2025-03-25T07:56:56.444155Z[0m [32m INFO[0m [1mnode[0m[1m{[0m[3mname[0m[2m=[0mk#8dcff6d1..[1m}[0m[2m:[0m [2msui_core::checkpoints::checkpoint_output[0m[2m:[0m [2mcrates/sui-core/src/checkpoints/checkpoint_output.rs[0m[2m:[0m[2m149:[0m Creating checkpoint CheckpointDigest(G81kCmbGzqR6kNnaMJry8wjLExj7ZXrca98Mxaui366m) at epoch 1, sequence 655, previous digest Some(CheckpointDigest(F4V7ntxFe5igbjWhC3tfBG3EP4MhPBXrmadMhwLVmZBe)), transactions count 2, content digest CheckpointContentsDigest(HpGmaBuwNseAbVeVNfg76sic3LJQg6ZpKNhahK6zZ9iV), end_of_epoch_data None
[2m2025-03-25T07:56:56.444181Z[0m [32m INFO[0m [1mnode[0m[1m{[0m[3mname[0m[2m=[0mk#99f25ef6..[1m}[0m[2m:[0m [2msui_core::checkpoints[0m[2m:[0m [2mcrates/sui-core/src/checkpoints/mod.rs[0m[2m:[0m[2m1326:[0m Creating checkpoint(s) for 2 transactions [3mnext_checkpoint_seq[0m[2m=[0m655 [3mcheckpoint_timestamp[0m[2m=[0m1742889415907
[2m2025-03-25T07:56:56.444425Z[0m [32m INFO[0m [1mnode[0m[1m{[0m[3mname[0m[2m=[0mk#99f25ef6..[1m}[0m[2m:[0m [2msui_core::checkpoints::checkpoint_output[0m[2m:[0m [2mcrates/sui-core/src/checkpoints/checkpoint_output.rs[0m[2m:[0m[2m149:[0m Creating checkpoint CheckpointDigest(G81kCmbGzqR6kNnaMJry8wjLExj7ZXrca98Mxaui366m) at epoch 1, sequence 655, previous digest Some(CheckpointDigest(F4V7ntxFe5igbjWhC3tfBG3EP4MhPBXrmadMhwLVmZBe)), transactions count 2, content digest CheckpointContentsDigest(HpGmaBuwNseAbVeVNfg76sic3LJQg6ZpKNhahK6zZ9iV), end_of_epoch_data None
[2m2025-03-25T07:56:56.445569Z[0m [32m INFO[0m [1mnode[0m[1m{[0m[3mname[0m[2m=[0mk#addeef94..[1m}[0m[2m:[0m [2msui_core::checkpoints[0m[2m:[0m [2mcrates/sui-core/src/checkpoints/mod.rs[0m[2m:[0m[2m1326:[0m Creating checkpoint(s) for 2 transactions [3mnext_checkpoint_seq[0m[2m=[0m655 [3mcheckpoint_timestamp[0m[2m=[0m1742889415907
[2m2025-03-25T07:56:56.445818Z[0m [32m INFO[0m [1mnode[0m[1m{[0m[3mname[0m[2m=[0mk#addeef94..[1m}[0m[2m:[0m [2msui_core::checkpoints::checkpoint_output[0m[2m:[0m [2mcrates/sui-core/src/checkpoints/checkpoint_output.rs[0m[2m:[0m[2m149:[0m Creating checkpoint CheckpointDigest(G81kCmbGzqR6kNnaMJry8wjLExj7ZXrca98Mxaui366m) at epoch 1, sequence 655, previous digest Some(CheckpointDigest(F4V7ntxFe5igbjWhC3tfBG3EP4MhPBXrmadMhwLVmZBe)), transactions count 2, content digest CheckpointContentsDigest(HpGmaBuwNseAbVeVNfg76sic3LJQg6ZpKNhahK6zZ9iV), end_of_epoch_data None
[2m2025-03-25T07:56:56.447424Z[0m [32m INFO[0m [1mnode[0m[1m{[0m[3mname[0m[2m=[0mk#8dcff6d1..[1m}[0m[2m:[0m [2msui_core::checkpoints::checkpoint_output[0m[2m:[0m [2mcrates/sui-core/src/checkpoints/checkpoint_output.rs[0m[2m:[0m[2m196:[0m Certified checkpoint with sequence 654 and digest F4V7ntxFe5igbjWhC3tfBG3EP4MhPBXrmadMhwLVmZBe
[2m2025-03-25T07:56:56.447442Z[0m [32m INFO[0m [1mnode[0m[1m{[0m[3mname[0m[2m=[0mk#99f25ef6..[1m}[0m[2m:[0m [2msui_core::checkpoints::checkpoint_output[0m[2m:[0m [2mcrates/sui-core/src/checkpoints/checkpoint_output.rs[0m[2m:[0m[2m196:[0m Certified checkpoint with sequence 654 and digest F4V7ntxFe5igbjWhC3tfBG3EP4MhPBXrmadMhwLVmZBe
[2m2025-03-25T07:56:56.447790Z[0m [32m INFO[0m [1mnode[0m[1m{[0m[3mname[0m[2m=[0mk#8dcff6d1..[1m}[0m[2m:[0m [2msui_core::checkpoints::checkpoint_executor[0m[2m:[0m [2mcrates/sui-core/src/checkpoints/checkpoint_executor/mod.rs[0m[2m:[0m[2m332:[0m Received checkpoint summary from state sync [3msequence_number[0m[2m=[0m654
[2m2025-03-25T07:56:56.447790Z[0m [32m INFO[0m [1mnode[0m[1m{[0m[3mname[0m[2m=[0mk#99f25ef6..[1m}[0m[2m:[0m [2msui_core::checkpoints::checkpoint_executor[0m[2m:[0m [2mcrates/sui-core/src/checkpoints/checkpoint_executor/mod.rs[0m[2m:[0m[2m332:[0m Received checkpoint summary from state sync [3msequence_number[0m[2m=[0m654
[2m2025-03-25T07:56:56.448975Z[0m [32m INFO[0m [1mnode[0m[1m{[0m[3mname[0m[2m=[0mk#99f25ef6..[1m}[0m[2m:[0m [2msui_core::state_accumulator[0m[2m:[0m [2mcrates/sui-core/src/state_accumulator.rs[0m[2m:[0m[2m675:[0m accumulating running root for checkpoint 654
[2m2025-03-25T07:56:56.448977Z[0m [32m INFO[0m [1mnode[0m[1m{[0m[3mname[0m[2m=[0mk#8dcff6d1..[1m}[0m[2m:[0m [2msui_core::state_accumulator[0m[2m:[0m [2mcrates/sui-core/src/state_accumulator.rs[0m[2m:[0m[2m675:[0m accumulating running root for checkpoint 654
[2m2025-03-25T07:56:56.451163Z[0m [32m INFO[0m [1mnode[0m[1m{[0m[3mname[0m[2m=[0mk#addeef94..[1m}[0m[2m:[0m [2msui_core::checkpoints::checkpoint_executor[0m[2m:[0m [2mcrates/sui-core/src/checkpoints/checkpoint_executor/mod.rs[0m[2m:[0m[2m332:[0m Received checkpoint summary from state sync [3msequence_number[0m[2m=[0m654
[2m2025-03-25T07:56:56.451883Z[0m [32m INFO[0m [1mnode[0m[1m{[0m[3mname[0m[2m=[0mk#addeef94..[1m}[0m[2m:[0m [2msui_core::state_accumulator[0m[2m:[0m [2mcrates/sui-core/src/state_accumulator.rs[0m[2m:[0m[2m675:[0m accumulating running root for checkpoint 654
[2m2025-03-25T07:56:56.669962Z[0m [32m INFO[0m [1mnode[0m[1m{[0m[3mname[0m[2m=[0mk#99f25ef6..[1m}[0m[2m:[0m [2mconsensus_core::core[0m[2m:[0m [2mconsensus/core/src/core.rs[0m[2m:[0m[2m945:[0m Included 3 ancestors & excluded 0 ancestors for proposal in round 456
[2m2025-03-25T07:56:56.670236Z[0m [32m INFO[0m [1mnode[0m[1m{[0m[3mname[0m[2m=[0mk#8dcff6d1..[1m}[0m[2m:[0m [2mconsensus_core::core[0m[2m:[0m [2mconsensus/core/src/core.rs[0m[2m:[0m[2m945:[0m Included 3 ancestors & excluded 0 ancestors for proposal in round 456
[2m2025-03-25T07:56:56.670339Z[0m [32m INFO[0m [1mnode[0m[1m{[0m[3mname[0m[2m=[0mk#99f25ef6..[1m}[0m[2m:[0m [2mconsensus_core::core[0m[2m:[0m [2mconsensus/core/src/core.rs[0m[2m:[0m[2m531:[0m Created block B456(B,Rcy2xPRaRo2BGqRAxlx2avuJCcWmTCwUqzNKB64MM/g=)(1742889416670ms;[B455(B,tpT4d7ZSdTZFMgXUfFBlHOI4w3fKYpK1SdF5R+Qmdaw=), B455(A,dEHrvRdTDqdT/rXXiVVY+Ls6PCc8DDOfKJhJlJgHoRA=), B455(C,qb2KfplGw4WZt4GX8h5M98hRarCKESLnj5N187gHjyg=)];1t;1c) for round 456
[2m2025-03-25T07:56:56.670532Z[0m [32m INFO[0m [1mnode[0m[1m{[0m[3mname[0m[2m=[0mk#8dcff6d1..[1m}[0m[2m:[0m [2mconsensus_core::core[0m[2m:[0m [2mconsensus/core/src/core.rs[0m[2m:[0m[2m531:[0m Created block B456(A,biF6LzZrUsIAHcqS1YAfAU92ZHTV36ZQGBg7mY3msKY=)(1742889416670ms;[B455(A,dEHrvRdTDqdT/rXXiVVY+Ls6PCc8DDOfKJhJlJgHoRA=), B455(B,tpT4d7ZSdTZFMgXUfFBlHOI4w3fKYpK1SdF5R+Qmdaw=), B455(C,qb2KfplGw4WZt4GX8h5M98hRarCKESLnj5N187gHjyg=)];1t;1c) for round 456
[2m2025-03-25T07:56:56.671962Z[0m [32m INFO[0m [1mnode[0m[1m{[0m[3mname[0m[2m=[0mk#addeef94..[1m}[0m[2m:[0m [2mconsensus_core::core[0m[2m:[0m [2mconsensus/core/src/core.rs[0m[2m:[0m[2m945:[0m Included 3 ancestors & excluded 0 ancestors for proposal in round 456
[2m2025-03-25T07:56:56.672243Z[0m [32m INFO[0m [1mnode[0m[1m{[0m[3mname[0m[2m=[0mk#addeef94..[1m}[0m[2m:[0m [2mconsensus_core::core[0m[2m:[0m [2mconsensus/core/src/core.rs[0m[2m:[0m[2m531:[0m Created block B456(C,v4d/6kgKVTEThtg7hxLPzvrBJTKXYMumQTuihVXWIfA=)(1742889416672ms;[B455(C,qb2KfplGw4WZt4GX8h5M98hRarCKESLnj5N187gHjyg=), B455(A,dEHrvRdTDqdT/rXXiVVY+Ls6PCc8DDOfKJhJlJgHoRA=), B455(B,tpT4d7ZSdTZFMgXUfFBlHOI4w3fKYpK1SdF5R+Qmdaw=)];1t;1c) for round 456
[2m2025-03-25T07:56:56.672374Z[0m [32m INFO[0m [1mnode[0m[1m{[0m[3mname[0m[2m=[0mk#addeef94..[1m}[0m[2m:[0m [2mconsensus_core::core[0m[2m:[0m [2mconsensus/core/src/core.rs[0m[2m:[0m[2m630:[0m Committing 1 leaders: B454(A,12Dh)
[2m2025-03-25T07:56:56.672464Z[0m [32m INFO[0m [1mnode[0m[1m{[0m[3mname[0m[2m=[0mk#addeef94..[1m}[0m[2m:[0m [2mconsensus_core::commit_observer[0m[2m:[0m [2mconsensus/core/src/commit_observer.rs[0m[2m:[0m[2m173:[0m Consensus commit C443(TSAF) with leader B454(A,12Dh) has 3 blocks
[2m2025-03-25T07:56:56.672754Z[0m [32m INFO[0m [1mnode[0m[1m{[0m[3mname[0m[2m=[0mk#addeef94..[1m}[0m[2m:[0m [2msui_core::consensus_handler[0m[2m:[0m [2mcrates/sui-core/src/consensus_handler.rs[0m[2m:[0m[2m232:[0m Received consensus output [3mconsensus_commit[0m[2m=[0mCommittedSubDag(leader=B454(A,12Dh), ref=C443(TSAF), blocks=[3P4M, 3PEt, 12Dh]) [3mepoch[0m[2m=[0m1
[2m2025-03-25T07:56:56.675830Z[0m [32m INFO[0m [1mnode[0m[1m{[0m[3mname[0m[2m=[0mk#99f25ef6..[1m}[0m[2m:[0m [2msui_core::checkpoints::checkpoint_output[0m[2m:[0m [2mcrates/sui-core/src/checkpoints/checkpoint_output.rs[0m[2m:[0m[2m196:[0m Certified checkpoint with sequence 655 and digest G81kCmbGzqR6kNnaMJry8wjLExj7ZXrca98Mxaui366m
[2m2025-03-25T07:56:56.675834Z[0m [32m INFO[0m [1mnode[0m[1m{[0m[3mname[0m[2m=[0mk#8dcff6d1..[1m}[0m[2m:[0m [2msui_core::checkpoints::checkpoint_output[0m[2m:[0m [2mcrates/sui-core/src/checkpoints/checkpoint_output.rs[0m[2m:[0m[2m196:[0m Certified checkpoint with sequence 655 and digest G81kCmbGzqR6kNnaMJry8wjLExj7ZXrca98Mxaui366m
[2m2025-03-25T07:56:56.675940Z[0m [32m INFO[0m [1mnode[0m[1m{[0m[3mname[0m[2m=[0mk#99f25ef6..[1m}[0m[2m:[0m [2mconsensus_core::core[0m[2m:[0m [2mconsensus/core/src/core.rs[0m[2m:[0m[2m630:[0m Committing 1 leaders: B454(A,12Dh)
[2m2025-03-25T07:56:56.675999Z[0m [32m INFO[0m [1mnode[0m[1m{[0m[3mname[0m[2m=[0mk#8dcff6d1..[1m}[0m[2m:[0m [2mconsensus_core::core[0m[2m:[0m [2mconsensus/core/src/core.rs[0m[2m:[0m[2m630:[0m Committing 1 leaders: B454(A,12Dh)
[2m2025-03-25T07:56:56.676080Z[0m [32m INFO[0m [1mnode[0m[1m{[0m[3mname[0m[2m=[0mk#99f25ef6..[1m}[0m[2m:[0m [2mconsensus_core::commit_observer[0m[2m:[0m [2mconsensus/core/src/commit_observer.rs[0m[2m:[0m[2m173:[0m Consensus commit C443(TSAF) with leader B454(A,12Dh) has 3 blocks
[2m2025-03-25T07:56:56.676333Z[0m [32m INFO[0m [1mnode[0m[1m{[0m[3mname[0m[2m=[0mk#8dcff6d1..[1m}[0m[2m:[0m [2mconsensus_core::commit_observer[0m[2m:[0m [2mconsensus/core/src/commit_observer.rs[0m[2m:[0m[2m173:[0m Consensus commit C443(TSAF) with leader B454(A,12Dh) has 3 blocks
[2m2025-03-25T07:56:56.676534Z[0m [32m INFO[0m [1mnode[0m[1m{[0m[3mname[0m[2m=[0mk#99f25ef6..[1m}[0m[2m:[0m [2msui_core::consensus_handler[0m[2m:[0m [2mcrates/sui-core/src/consensus_handler.rs[0m[2m:[0m[2m232:[0m Received consensus output [3mconsensus_commit[0m[2m=[0mCommittedSubDag(leader=B454(A,12Dh), ref=C443(TSAF), blocks=[3P4M, 3PEt, 12Dh]) [3mepoch[0m[2m=[0m1
[2m2025-03-25T07:56:56.676720Z[0m [32m INFO[0m [1mnode[0m[1m{[0m[3mname[0m[2m=[0mk#8dcff6d1..[1m}[0m[2m:[0m [2msui_core::consensus_handler[0m[2m:[0m [2mcrates/sui-core/src/consensus_handler.rs[0m[2m:[0m[2m232:[0m Received consensus output [3mconsensus_commit[0m[2m=[0mCommittedSubDag(leader=B454(A,12Dh), ref=C443(TSAF), blocks=[3P4M, 3PEt, 12Dh]) [3mepoch[0m[2m=[0m1
[2m2025-03-25T07:56:56.677173Z[0m [32m INFO[0m [1mnode[0m[1m{[0m[3mname[0m[2m=[0mk#99f25ef6..[1m}[0m[2m:[0m [2msui_core::checkpoints::checkpoint_executor[0m[2m:[0m [2mcrates/sui-core/src/checkpoints/checkpoint_executor/mod.rs[0m[2m:[0m[2m332:[0m Received checkpoint summary from state sync [3msequence_number[0m[2m=[0m655
[2m2025-03-25T07:56:56.677279Z[0m [32m INFO[0m [1mnode[0m[1m{[0m[3mname[0m[2m=[0mk#8dcff6d1..[1m}[0m[2m:[0m [2msui_core::checkpoints::checkpoint_executor[0m[2m:[0m [2mcrates/sui-core/src/checkpoints/checkpoint_executor/mod.rs[0m[2m:[0m[2m332:[0m Received checkpoint summary from state sync [3msequence_number[0m[2m=[0m655
[2m2025-03-25T07:56:56.690786Z[0m [32m INFO[0m [1mnode[0m[1m{[0m[3mname[0m[2m=[0mk#8dcff6d1..[1m}[0m[2m:[0m [2msui_core::state_accumulator[0m[2m:[0m [2mcrates/sui-core/src/state_accumulator.rs[0m[2m:[0m[2m675:[0m accumulating running root for checkpoint 655
[2m2025-03-25T07:56:56.690785Z[0m [32m INFO[0m [1mnode[0m[1m{[0m[3mname[0m[2m=[0mk#99f25ef6..[1m}[0m[2m:[0m [2msui_core::state_accumulator[0m[2m:[0m [2mcrates/sui-core/src/state_accumulator.rs[0m[2m:[0m[2m675:[0m accumulating running root for checkpoint 655
[2m2025-03-25T07:56:56.717455Z[0m [32m INFO[0m [1mnode[0m[1m{[0m[3mname[0m[2m=[0mk#addeef94..[1m}[0m[2m:[0m [2msui_core::checkpoints[0m[2m:[0m [2mcrates/sui-core/src/checkpoints/mod.rs[0m[2m:[0m[2m1326:[0m Creating checkpoint(s) for 1 transactions [3mnext_checkpoint_seq[0m[2m=[0m656 [3mcheckpoint_timestamp[0m[2m=[0m1742889416159
[2m2025-03-25T07:56:56.717696Z[0m [32m INFO[0m [1mnode[0m[1m{[0m[3mname[0m[2m=[0mk#addeef94..[1m}[0m[2m:[0m [2msui_core::checkpoints::checkpoint_output[0m[2m:[0m [2mcrates/sui-core/src/checkpoints/checkpoint_output.rs[0m[2m:[0m[2m149:[0m Creating checkpoint CheckpointDigest(DAe68NQsTPcZNKHnKYXhhozAjnZ76R8qpv5tyJgC6EN8) at epoch 1, sequence 656, previous digest Some(CheckpointDigest(G81kCmbGzqR6kNnaMJry8wjLExj7ZXrca98Mxaui366m)), transactions count 1, content digest CheckpointContentsDigest(4naX8D41kJDrVaXYKYzuM8erQddkBup4bMPEZUhdxd1h), end_of_epoch_data None
[2m2025-03-25T07:56:56.722017Z[0m [32m INFO[0m [1mnode[0m[1m{[0m[3mname[0m[2m=[0mk#8dcff6d1..[1m}[0m[2m:[0m [2msui_core::checkpoints[0m[2m:[0m [2mcrates/sui-core/src/checkpoints/mod.rs[0m[2m:[0m[2m1326:[0m Creating checkpoint(s) for 1 transactions [3mnext_checkpoint_seq[0m[2m=[0m656 [3mcheckpoint_timestamp[0m[2m=[0m1742889416159
[2m2025-03-25T07:56:56.722206Z[0m [32m INFO[0m [1mnode[0m[1m{[0m[3mname[0m[2m=[0mk#8dcff6d1..[1m}[0m[2m:[0m [2msui_core::checkpoints::checkpoint_output[0m[2m:[0m [2mcrates/sui-core/src/checkpoints/checkpoint_output.rs[0m[2m:[0m[2m149:[0m Creating checkpoint CheckpointDigest(DAe68NQsTPcZNKHnKYXhhozAjnZ76R8qpv5tyJgC6EN8) at epoch 1, sequence 656, previous digest Some(CheckpointDigest(G81kCmbGzqR6kNnaMJry8wjLExj7ZXrca98Mxaui366m)), transactions count 1, content digest CheckpointContentsDigest(4naX8D41kJDrVaXYKYzuM8erQddkBup4bMPEZUhdxd1h), end_of_epoch_data None
[2m2025-03-25T07:56:56.722294Z[0m [32m INFO[0m [1mnode[0m[1m{[0m[3mname[0m[2m=[0mk#99f25ef6..[1m}[0m[2m:[0m [2msui_core::checkpoints[0m[2m:[0m [2mcrates/sui-core/src/checkpoints/mod.rs[0m[2m:[0m[2m1326:[0m Creating checkpoint(s) for 1 transactions [3mnext_checkpoint_seq[0m[2m=[0m656 [3mcheckpoint_timestamp[0m[2m=[0m1742889416159
[2m2025-03-25T07:56:56.722470Z[0m [32m INFO[0m [1mnode[0m[1m{[0m[3mname[0m[2m=[0mk#99f25ef6..[1m}[0m[2m:[0m [2msui_core::checkpoints::checkpoint_output[0m[2m:[0m [2mcrates/sui-core/src/checkpoints/checkpoint_output.rs[0m[2m:[0m[2m149:[0m Creating checkpoint CheckpointDigest(DAe68NQsTPcZNKHnKYXhhozAjnZ76R8qpv5tyJgC6EN8) at epoch 1, sequence 656, previous digest Some(CheckpointDigest(G81kCmbGzqR6kNnaMJry8wjLExj7ZXrca98Mxaui366m)), transactions count 1, content digest CheckpointContentsDigest(4naX8D41kJDrVaXYKYzuM8erQddkBup4bMPEZUhdxd1h), end_of_epoch_data None
[2m2025-03-25T07:56:56.785288Z[0m [32m INFO[0m [1mnode[0m[1m{[0m[3mname[0m[2m=[0mk#addeef94..[1m}[0m[2m:[0m [2msui_core::checkpoints::checkpoint_executor[0m[2m:[0m [2mcrates/sui-core/src/checkpoints/checkpoint_executor/mod.rs[0m[2m:[0m[2m332:[0m Received checkpoint summary from state sync [3msequence_number[0m[2m=[0m655
[2m2025-03-25T07:56:56.786696Z[0m [32m INFO[0m [1mnode[0m[1m{[0m[3mname[0m[2m=[0mk#addeef94..[1m}[0m[2m:[0m [2msui_core::state_accumulator[0m[2m:[0m [2mcrates/sui-core/src/state_accumulator.rs[0m[2m:[0m[2m675:[0m accumulating running root for checkpoint 655
[2m2025-03-25T07:56:56.924226Z[0m [32m INFO[0m [1mnode[0m[1m{[0m[3mname[0m[2m=[0mk#addeef94..[1m}[0m[2m:[0m [2mconsensus_core::core[0m[2m:[0m [2mconsensus/core/src/core.rs[0m[2m:[0m[2m945:[0m Included 3 ancestors & excluded 0 ancestors for proposal in round 457
[2m2025-03-25T07:56:56.924607Z[0m [32m INFO[0m [1mnode[0m[1m{[0m[3mname[0m[2m=[0mk#addeef94..[1m}[0m[2m:[0m [2mconsensus_core::core[0m[2m:[0m [2mconsensus/core/src/core.rs[0m[2m:[0m[2m531:[0m Created block B457(C,9FjzXVqsW7X9uXt0DTEK+xDgddknZn9J9sRtXGidnn4=)(1742889416924ms;[B456(C,v4d/6kgKVTEThtg7hxLPzvrBJTKXYMumQTuihVXWIfA=), B456(A,biF6LzZrUsIAHcqS1YAfAU92ZHTV36ZQGBg7mY3msKY=), B456(B,Rcy2xPRaRo2BGqRAxlx2avuJCcWmTCwUqzNKB64MM/g=)];1t;1c) for round 457
[2m2025-03-25T07:56:56.927638Z[0m [32m INFO[0m [1mnode[0m[1m{[0m[3mname[0m[2m=[0mk#8dcff6d1..[1m}[0m[2m:[0m [2mconsensus_core::core[0m[2m:[0m [2mconsensus/core/src/core.rs[0m[2m:[0m[2m945:[0m Included 3 ancestors & excluded 0 ancestors for proposal in round 457
[2m2025-03-25T07:56:56.927638Z[0m [32m INFO[0m [1mnode[0m[1m{[0m[3mname[0m[2m=[0mk#99f25ef6..[1m}[0m[2m:[0m [2mconsensus_core::core[0m[2m:[0m [2mconsensus/core/src/core.rs[0m[2m:[0m[2m945:[0m Included 3 ancestors & excluded 0 ancestors for proposal in round 457
[2m2025-03-25T07:56:56.927930Z[0m [32m INFO[0m [1mnode[0m[1m{[0m[3mname[0m[2m=[0mk#8dcff6d1..[1m}[0m[2m:[0m [2mconsensus_core::core[0m[2m:[0m [2mconsensus/core/src/core.rs[0m[2m:[0m[2m531:[0m Created block B457(A,0Emgd8mYimm+hSn+WSMrwg77zRjmolqF9aVCUa8NrlM=)(1742889416927ms;[B456(A,biF6LzZrUsIAHcqS1YAfAU92ZHTV36ZQGBg7mY3msKY=), B456(B,Rcy2xPRaRo2BGqRAxlx2avuJCcWmTCwUqzNKB64MM/g=), B456(C,v4d/6kgKVTEThtg7hxLPzvrBJTKXYMumQTuihVXWIfA=)];1t;1c) for round 457
[2m2025-03-25T07:56:56.927930Z[0m [32m INFO[0m [1mnode[0m[1m{[0m[3mname[0m[2m=[0mk#99f25ef6..[1m}[0m[2m:[0m [2mconsensus_core::core[0m[2m:[0m [2mconsensus/core/src/core.rs[0m[2m:[0m[2m531:[0m Created block B457(B,kONbBBzIunLAgzkyZTQDfL5pd56hxPJBBVPr6KgcDLM=)(1742889416927ms;[B456(B,Rcy2xPRaRo2BGqRAxlx2avuJCcWmTCwUqzNKB64MM/g=), B456(A,biF6LzZrUsIAHcqS1YAfAU92ZHTV36ZQGBg7mY3msKY=), B456(C,v4d/6kgKVTEThtg7hxLPzvrBJTKXYMumQTuihVXWIfA=)];1t;1c) for round 457
[2m2025-03-25T07:56:56.928000Z[0m [32m INFO[0m [1mnode[0m[1m{[0m[3mname[0m[2m=[0mk#8dcff6d1..[1m}[0m[2m:[0m [2mconsensus_core::core[0m[2m:[0m [2mconsensus/core/src/core.rs[0m[2m:[0m[2m630:[0m Committing 1 leaders: B455(C,qb2K)
[2m2025-03-25T07:56:56.928000Z[0m [32m INFO[0m [1mnode[0m[1m{[0m[3mname[0m[2m=[0mk#99f25ef6..[1m}[0m[2m:[0m [2mconsensus_core::core[0m[2m:[0m [2mconsensus/core/src/core.rs[0m[2m:[0m[2m630:[0m Committing 1 leaders: B455(C,qb2K)
[2m2025-03-25T07:56:56.928070Z[0m [32m INFO[0m [1mnode[0m[1m{[0m[3mname[0m[2m=[0mk#8dcff6d1..[1m}[0m[2m:[0m [2mconsensus_core::commit_observer[0m[2m:[0m [2mconsensus/core/src/commit_observer.rs[0m[2m:[0m[2m173:[0m Consensus commit C444(0/VQ) with leader B455(C,qb2K) has 3 blocks
[2m2025-03-25T07:56:56.928071Z[0m [32m INFO[0m [1mnode[0m[1m{[0m[3mname[0m[2m=[0mk#99f25ef6..[1m}[0m[2m:[0m [2mconsensus_core::commit_observer[0m[2m:[0m [2mconsensus/core/src/commit_observer.rs[0m[2m:[0m[2m173:[0m Consensus commit C444(0/VQ) with leader B455(C,qb2K) has 3 blocks
[2m2025-03-25T07:56:56.928157Z[0m [32m INFO[0m [1mnode[0m[1m{[0m[3mname[0m[2m=[0mk#8dcff6d1..[1m}[0m[2m:[0m [2msui_core::consensus_handler[0m[2m:[0m [2mcrates/sui-core/src/consensus_handler.rs[0m[2m:[0m[2m232:[0m Received consensus output [3mconsensus_commit[0m[2m=[0mCommittedSubDag(leader=B455(C,qb2K), ref=C444(0/VQ), blocks=[R2AW, klZn, qb2K]) [3mepoch[0m[2m=[0m1
[2m2025-03-25T07:56:56.928157Z[0m [32m INFO[0m [1mnode[0m[1m{[0m[3mname[0m[2m=[0mk#99f25ef6..[1m}[0m[2m:[0m [2msui_core::consensus_handler[0m[2m:[0m [2mcrates/sui-core/src/consensus_handler.rs[0m[2m:[0m[2m232:[0m Received consensus output [3mconsensus_commit[0m[2m=[0mCommittedSubDag(leader=B455(C,qb2K), ref=C444(0/VQ), blocks=[R2AW, klZn, qb2K]) [3mepoch[0m[2m=[0m1
[2m2025-03-25T07:56:56.931791Z[0m [32m INFO[0m [1mnode[0m[1m{[0m[3mname[0m[2m=[0mk#addeef94..[1m}[0m[2m:[0m [2mconsensus_core::core[0m[2m:[0m [2mconsensus/core/src/core.rs[0m[2m:[0m[2m630:[0m Committing 1 leaders: B455(C,qb2K)
[2m2025-03-25T07:56:56.931885Z[0m [32m INFO[0m [1mnode[0m[1m{[0m[3mname[0m[2m=[0mk#addeef94..[1m}[0m[2m:[0m [2mconsensus_core::commit_observer[0m[2m:[0m [2mconsensus/core/src/commit_observer.rs[0m[2m:[0m[2m173:[0m Consensus commit C444(0/VQ) with leader B455(C,qb2K) has 3 blocks
[2m2025-03-25T07:56:56.932016Z[0m [32m INFO[0m [1mnode[0m[1m{[0m[3mname[0m[2m=[0mk#addeef94..[1m}[0m[2m:[0m [2msui_core::consensus_handler[0m[2m:[0m [2mcrates/sui-core/src/consensus_handler.rs[0m[2m:[0m[2m232:[0m Received consensus output [3mconsensus_commit[0m[2m=[0mCommittedSubDag(leader=B455(C,qb2K), ref=C444(0/VQ), blocks=[R2AW, klZn, qb2K]) [3mepoch[0m[2m=[0m1
[2m2025-03-25T07:56:56.954668Z[0m [32m INFO[0m [1mnode[0m[1m{[0m[3mname[0m[2m=[0mk#8dcff6d1..[1m}[0m[2m:[0m [2msui_core::checkpoints[0m[2m:[0m [2mcrates/sui-core/src/checkpoints/mod.rs[0m[2m:[0m[2m1326:[0m Creating checkpoint(s) for 2 transactions [3mnext_checkpoint_seq[0m[2m=[0m657 [3mcheckpoint_timestamp[0m[2m=[0m1742889416413
[2m2025-03-25T07:56:56.954667Z[0m [32m INFO[0m [1mnode[0m[1m{[0m[3mname[0m[2m=[0mk#99f25ef6..[1m}[0m[2m:[0m [2msui_core::checkpoints[0m[2m:[0m [2mcrates/sui-core/src/checkpoints/mod.rs[0m[2m:[0m[2m1326:[0m Creating checkpoint(s) for 2 transactions [3mnext_checkpoint_seq[0m[2m=[0m657 [3mcheckpoint_timestamp[0m[2m=[0m1742889416413
[2m2025-03-25T07:56:56.954974Z[0m [32m INFO[0m [1mnode[0m[1m{[0m[3mname[0m[2m=[0mk#8dcff6d1..[1m}[0m[2m:[0m [2msui_core::checkpoints::checkpoint_output[0m[2m:[0m [2mcrates/sui-core/src/checkpoints/checkpoint_output.rs[0m[2m:[0m[2m149:[0m Creating checkpoint CheckpointDigest(FmnJH5ywc9QYzLyBQSmFkPyQMZLjUpXUqCoebaKDRA1E) at epoch 1, sequence 657, previous digest Some(CheckpointDigest(DAe68NQsTPcZNKHnKYXhhozAjnZ76R8qpv5tyJgC6EN8)), transactions count 2, content digest CheckpointContentsDigest(6PWsS1YhCJ4gLHfAfbAoP9qABJaHjwb9TPt8k3ZhtgTa), end_of_epoch_data None
[2m2025-03-25T07:56:56.954974Z[0m [32m INFO[0m [1mnode[0m[1m{[0m[3mname[0m[2m=[0mk#99f25ef6..[1m}[0m[2m:[0m [2msui_core::checkpoints::checkpoint_output[0m[2m:[0m [2mcrates/sui-core/src/checkpoints/checkpoint_output.rs[0m[2m:[0m[2m149:[0m Creating checkpoint CheckpointDigest(FmnJH5ywc9QYzLyBQSmFkPyQMZLjUpXUqCoebaKDRA1E) at epoch 1, sequence 657, previous digest Some(CheckpointDigest(DAe68NQsTPcZNKHnKYXhhozAjnZ76R8qpv5tyJgC6EN8)), transactions count 2, content digest CheckpointContentsDigest(6PWsS1YhCJ4gLHfAfbAoP9qABJaHjwb9TPt8k3ZhtgTa), end_of_epoch_data None
[2m2025-03-25T07:56:56.958043Z[0m [32m INFO[0m [1mnode[0m[1m{[0m[3mname[0m[2m=[0mk#addeef94..[1m}[0m[2m:[0m [2msui_core::checkpoints[0m[2m:[0m [2mcrates/sui-core/src/checkpoints/mod.rs[0m[2m:[0m[2m1326:[0m Creating checkpoint(s) for 2 transactions [3mnext_checkpoint_seq[0m[2m=[0m657 [3mcheckpoint_timestamp[0m[2m=[0m1742889416413
[2m2025-03-25T07:56:56.958145Z[0m [32m INFO[0m [1mnode[0m[1m{[0m[3mname[0m[2m=[0mk#8dcff6d1..[1m}[0m[2m:[0m [2msui_core::checkpoints::checkpoint_output[0m[2m:[0m [2mcrates/sui-core/src/checkpoints/checkpoint_output.rs[0m[2m:[0m[2m196:[0m Certified checkpoint with sequence 656 and digest DAe68NQsTPcZNKHnKYXhhozAjnZ76R8qpv5tyJgC6EN8
[2m2025-03-25T07:56:56.958150Z[0m [32m INFO[0m [1mnode[0m[1m{[0m[3mname[0m[2m=[0mk#99f25ef6..[1m}[0m[2m:[0m [2msui_core::checkpoints::checkpoint_output[0m[2m:[0m [2mcrates/sui-core/src/checkpoints/checkpoint_output.rs[0m[2m:[0m[2m196:[0m Certified checkpoint with sequence 656 and digest DAe68NQsTPcZNKHnKYXhhozAjnZ76R8qpv5tyJgC6EN8
[2m2025-03-25T07:56:56.958297Z[0m [32m INFO[0m [1mnode[0m[1m{[0m[3mname[0m[2m=[0mk#addeef94..[1m}[0m[2m:[0m [2msui_core::checkpoints::checkpoint_output[0m[2m:[0m [2mcrates/sui-core/src/checkpoints/checkpoint_output.rs[0m[2m:[0m[2m149:[0m Creating checkpoint CheckpointDigest(FmnJH5ywc9QYzLyBQSmFkPyQMZLjUpXUqCoebaKDRA1E) at epoch 1, sequence 657, previous digest Some(CheckpointDigest(DAe68NQsTPcZNKHnKYXhhozAjnZ76R8qpv5tyJgC6EN8)), transactions count 2, content digest CheckpointContentsDigest(6PWsS1YhCJ4gLHfAfbAoP9qABJaHjwb9TPt8k3ZhtgTa), end_of_epoch_data None
[2m2025-03-25T07:56:56.958504Z[0m [32m INFO[0m [1mnode[0m[1m{[0m[3mname[0m[2m=[0mk#8dcff6d1..[1m}[0m[2m:[0m [2msui_core::checkpoints::checkpoint_executor[0m[2m:[0m [2mcrates/sui-core/src/checkpoints/checkpoint_executor/mod.rs[0m[2m:[0m[2m332:[0m Received checkpoint summary from state sync [3msequence_number[0m[2m=[0m656
[2m2025-03-25T07:56:56.958504Z[0m [32m INFO[0m [1mnode[0m[1m{[0m[3mname[0m[2m=[0mk#99f25ef6..[1m}[0m[2m:[0m [2msui_core::checkpoints::checkpoint_executor[0m[2m:[0m [2mcrates/sui-core/src/checkpoints/checkpoint_executor/mod.rs[0m[2m:[0m[2m332:[0m Received checkpoint summary from state sync [3msequence_number[0m[2m=[0m656
[2m2025-03-25T07:56:56.959666Z[0m [32m INFO[0m [1mnode[0m[1m{[0m[3mname[0m[2m=[0mk#99f25ef6..[1m}[0m[2m:[0m [2msui_core::state_accumulator[0m[2m:[0m [2mcrates/sui-core/src/state_accumulator.rs[0m[2m:[0m[2m675:[0m accumulating running root for checkpoint 656
[2m2025-03-25T07:56:56.959670Z[0m [32m INFO[0m [1mnode[0m[1m{[0m[3mname[0m[2m=[0mk#8dcff6d1..[1m}[0m[2m:[0m [2msui_core::state_accumulator[0m[2m:[0m [2mcrates/sui-core/src/state_accumulator.rs[0m[2m:[0m[2m675:[0m accumulating running root for checkpoint 656
[2m2025-03-25T07:56:56.961871Z[0m [32m INFO[0m [1mnode[0m[1m{[0m[3mname[0m[2m=[0mk#addeef94..[1m}[0m[2m:[0m [2msui_core::checkpoints::checkpoint_executor[0m[2m:[0m [2mcrates/sui-core/src/checkpoints/checkpoint_executor/mod.rs[0m[2m:[0m[2m332:[0m Received checkpoint summary from state sync [3msequence_number[0m[2m=[0m656
[2m2025-03-25T07:56:56.962599Z[0m [32m INFO[0m [1mnode[0m[1m{[0m[3mname[0m[2m=[0mk#addeef94..[1m}[0m[2m:[0m [2msui_core::state_accumulator[0m[2m:[0m [2mcrates/sui-core/src/state_accumulator.rs[0m[2m:[0m[2m675:[0m accumulating running root for checkpoint 656
[2m2025-03-25T07:56:57.180875Z[0m [32m INFO[0m [1mnode[0m[1m{[0m[3mname[0m[2m=[0mk#8dcff6d1..[1m}[0m[2m:[0m [2mconsensus_core::core[0m[2m:[0m [2mconsensus/core/src/core.rs[0m[2m:[0m[2m945:[0m Included 3 ancestors & excluded 0 ancestors for proposal in round 458
[2m2025-03-25T07:56:57.181063Z[0m [32m INFO[0m [1mnode[0m[1m{[0m[3mname[0m[2m=[0mk#99f25ef6..[1m}[0m[2m:[0m [2mconsensus_core::core[0m[2m:[0m [2mconsensus/core/src/core.rs[0m[2m:[0m[2m945:[0m Included 3 ancestors & excluded 0 ancestors for proposal in round 458
[2m2025-03-25T07:56:57.181264Z[0m [32m INFO[0m [1mnode[0m[1m{[0m[3mname[0m[2m=[0mk#8dcff6d1..[1m}[0m[2m:[0m [2mconsensus_core::core[0m[2m:[0m [2mconsensus/core/src/core.rs[0m[2m:[0m[2m531:[0m Created block B458(A,iMPklQmJXILsdA1Bq/A/nTIR1lv2pyu/0sra9/Wv99E=)(1742889417181ms;[B457(A,0Emgd8mYimm+hSn+WSMrwg77zRjmolqF9aVCUa8NrlM=), B457(B,kONbBBzIunLAgzkyZTQDfL5pd56hxPJBBVPr6KgcDLM=), B457(C,9FjzXVqsW7X9uXt0DTEK+xDgddknZn9J9sRtXGidnn4=)];1t;1c) for round 458
[2m2025-03-25T07:56:57.181353Z[0m [32m INFO[0m [1mnode[0m[1m{[0m[3mname[0m[2m=[0mk#99f25ef6..[1m}[0m[2m:[0m [2mconsensus_core::core[0m[2m:[0m [2mconsensus/core/src/core.rs[0m[2m:[0m[2m531:[0m Created block B458(B,TlPjRRfQmSJ315+D6QQ8vY1JUeG0nGpc58aDM40oN5A=)(1742889417181ms;[B457(B,kONbBBzIunLAgzkyZTQDfL5pd56hxPJBBVPr6KgcDLM=), B457(A,0Emgd8mYimm+hSn+WSMrwg77zRjmolqF9aVCUa8NrlM=), B457(C,9FjzXVqsW7X9uXt0DTEK+xDgddknZn9J9sRtXGidnn4=)];1t;1c) for round 458
[2m2025-03-25T07:56:57.184523Z[0m [32m INFO[0m [1mnode[0m[1m{[0m[3mname[0m[2m=[0mk#addeef94..[1m}[0m[2m:[0m [2mconsensus_core::core[0m[2m:[0m [2mconsensus/core/src/core.rs[0m[2m:[0m[2m945:[0m Included 3 ancestors & excluded 0 ancestors for proposal in round 458
[2m2025-03-25T07:56:57.184826Z[0m [32m INFO[0m [1mnode[0m[1m{[0m[3mname[0m[2m=[0mk#addeef94..[1m}[0m[2m:[0m [2mconsensus_core::core[0m[2m:[0m [2mconsensus/core/src/core.rs[0m[2m:[0m[2m531:[0m Created block B458(C,jPWtq0Z1TYKlkVefcML+P7WQLcyDLWke7p0uyKO/vgA=)(1742889417184ms;[B457(C,9FjzXVqsW7X9uXt0DTEK+xDgddknZn9J9sRtXGidnn4=), B457(A,0Emgd8mYimm+hSn+WSMrwg77zRjmolqF9aVCUa8NrlM=), B457(B,kONbBBzIunLAgzkyZTQDfL5pd56hxPJBBVPr6KgcDLM=)];1t;1c) for round 458
[2m2025-03-25T07:56:57.184894Z[0m [32m INFO[0m [1mnode[0m[1m{[0m[3mname[0m[2m=[0mk#addeef94..[1m}[0m[2m:[0m [2mconsensus_core::core[0m[2m:[0m [2mconsensus/core/src/core.rs[0m[2m:[0m[2m630:[0m Committing 1 leaders: B456(A,biF6)
[2m2025-03-25T07:56:57.184973Z[0m [32m INFO[0m [1mnode[0m[1m{[0m[3mname[0m[2m=[0mk#addeef94..[1m}[0m[2m:[0m [2mconsensus_core::commit_observer[0m[2m:[0m [2mconsensus/core/src/commit_observer.rs[0m[2m:[0m[2m173:[0m Consensus commit C445(2EHD) with leader B456(A,biF6) has 3 blocks
[2m2025-03-25T07:56:57.185056Z[0m [32m INFO[0m [1mnode[0m[1m{[0m[3mname[0m[2m=[0mk#addeef94..[1m}[0m[2m:[0m [2msui_core::consensus_handler[0m[2m:[0m [2mcrates/sui-core/src/consensus_handler.rs[0m[2m:[0m[2m232:[0m Received consensus output [3mconsensus_commit[0m[2m=[0mCommittedSubDag(leader=B456(A,biF6), ref=C445(2EHD), blocks=[dEHr, tpT4, biF6]) [3mepoch[0m[2m=[0m1
[2m2025-03-25T07:56:57.188185Z[0m [32m INFO[0m [1mnode[0m[1m{[0m[3mname[0m[2m=[0mk#8dcff6d1..[1m}[0m[2m:[0m [2msui_core::checkpoints::checkpoint_output[0m[2m:[0m [2mcrates/sui-core/src/checkpoints/checkpoint_output.rs[0m[2m:[0m[2m196:[0m Certified checkpoint with sequence 657 and digest FmnJH5ywc9QYzLyBQSmFkPyQMZLjUpXUqCoebaKDRA1E
[2m2025-03-25T07:56:57.188189Z[0m [32m INFO[0m [1mnode[0m[1m{[0m[3mname[0m[2m=[0mk#99f25ef6..[1m}[0m[2m:[0m [2msui_core::checkpoints::checkpoint_output[0m[2m:[0m [2mcrates/sui-core/src/checkpoints/checkpoint_output.rs[0m[2m:[0m[2m196:[0m Certified checkpoint with sequence 657 and digest FmnJH5ywc9QYzLyBQSmFkPyQMZLjUpXUqCoebaKDRA1E
[2m2025-03-25T07:56:57.188291Z[0m [32m INFO[0m [1mnode[0m[1m{[0m[3mname[0m[2m=[0mk#8dcff6d1..[1m}[0m[2m:[0m [2mconsensus_core::core[0m[2m:[0m [2mconsensus/core/src/core.rs[0m[2m:[0m[2m630:[0m Committing 1 leaders: B456(A,biF6)
[2m2025-03-25T07:56:57.188292Z[0m [32m INFO[0m [1mnode[0m[1m{[0m[3mname[0m[2m=[0mk#99f25ef6..[1m}[0m[2m:[0m [2mconsensus_core::core[0m[2m:[0m [2mconsensus/core/src/core.rs[0m[2m:[0m[2m630:[0m Committing 1 leaders: B456(A,biF6)
[2m2025-03-25T07:56:57.188388Z[0m [32m INFO[0m [1mnode[0m[1m{[0m[3mname[0m[2m=[0mk#8dcff6d1..[1m}[0m[2m:[0m [2mconsensus_core::commit_observer[0m[2m:[0m [2mconsensus/core/src/commit_observer.rs[0m[2m:[0m[2m173:[0m Consensus commit C445(2EHD) with leader B456(A,biF6) has 3 blocks
[2m2025-03-25T07:56:57.188396Z[0m [32m INFO[0m [1mnode[0m[1m{[0m[3mname[0m[2m=[0mk#99f25ef6..[1m}[0m[2m:[0m [2mconsensus_core::commit_observer[0m[2m:[0m [2mconsensus/core/src/commit_observer.rs[0m[2m:[0m[2m173:[0m Consensus commit C445(2EHD) with leader B456(A,biF6) has 3 blocks
[2m2025-03-25T07:56:57.188828Z[0m [32m INFO[0m [1mnode[0m[1m{[0m[3mname[0m[2m=[0mk#8dcff6d1..[1m}[0m[2m:[0m [2msui_core::consensus_handler[0m[2m:[0m [2mcrates/sui-core/src/consensus_handler.rs[0m[2m:[0m[2m232:[0m Received consensus output [3mconsensus_commit[0m[2m=[0mCommittedSubDag(leader=B456(A,biF6), ref=C445(2EHD), blocks=[dEHr, tpT4, biF6]) [3mepoch[0m[2m=[0m1
[2m2025-03-25T07:56:57.188827Z[0m [32m INFO[0m [1mnode[0m[1m{[0m[3mname[0m[2m=[0mk#99f25ef6..[1m}[0m[2m:[0m [2msui_core::consensus_handler[0m[2m:[0m [2mcrates/sui-core/src/consensus_handler.rs[0m[2m:[0m[2m232:[0m Received consensus output [3mconsensus_commit[0m[2m=[0mCommittedSubDag(leader=B456(A,biF6), ref=C445(2EHD), blocks=[dEHr, tpT4, biF6]) [3mepoch[0m[2m=[0m1
[2m2025-03-25T07:56:57.189437Z[0m [32m INFO[0m [1mnode[0m[1m{[0m[3mname[0m[2m=[0mk#99f25ef6..[1m}[0m[2m:[0m [2msui_core::checkpoints::checkpoint_executor[0m[2m:[0m [2mcrates/sui-core/src/checkpoints/checkpoint_executor/mod.rs[0m[2m:[0m[2m332:[0m Received checkpoint summary from state sync [3msequence_number[0m[2m=[0m657
[2m2025-03-25T07:56:57.189437Z[0m [32m INFO[0m [1mnode[0m[1m{[0m[3mname[0m[2m=[0mk#8dcff6d1..[1m}[0m[2m:[0m [2msui_core::checkpoints::checkpoint_executor[0m[2m:[0m [2mcrates/sui-core/src/checkpoints/checkpoint_executor/mod.rs[0m[2m:[0m[2m332:[0m Received checkpoint summary from state sync [3msequence_number[0m[2m=[0m657
[2m2025-03-25T07:56:57.202996Z[0m [32m INFO[0m [1mnode[0m[1m{[0m[3mname[0m[2m=[0mk#99f25ef6..[1m}[0m[2m:[0m [2msui_core::state_accumulator[0m[2m:[0m [2mcrates/sui-core/src/state_accumulator.rs[0m[2m:[0m[2m675:[0m accumulating running root for checkpoint 657
[2m2025-03-25T07:56:57.203003Z[0m [32m INFO[0m [1mnode[0m[1m{[0m[3mname[0m[2m=[0mk#8dcff6d1..[1m}[0m[2m:[0m [2msui_core::state_accumulator[0m[2m:[0m [2mcrates/sui-core/src/state_accumulator.rs[0m[2m:[0m[2m675:[0m accumulating running root for checkpoint 657
[2m2025-03-25T07:56:57.229321Z[0m [32m INFO[0m [1mnode[0m[1m{[0m[3mname[0m[2m=[0mk#addeef94..[1m}[0m[2m:[0m [2msui_core::checkpoints[0m[2m:[0m [2mcrates/sui-core/src/checkpoints/mod.rs[0m[2m:[0m[2m1326:[0m Creating checkpoint(s) for 1 transactions [3mnext_checkpoint_seq[0m[2m=[0m658 [3mcheckpoint_timestamp[0m[2m=[0m1742889416670
[2m2025-03-25T07:56:57.229555Z[0m [32m INFO[0m [1mnode[0m[1m{[0m[3mname[0m[2m=[0mk#addeef94..[1m}[0m[2m:[0m [2msui_core::checkpoints::checkpoint_output[0m[2m:[0m [2mcrates/sui-core/src/checkpoints/checkpoint_output.rs[0m[2m:[0m[2m149:[0m Creating checkpoint CheckpointDigest(BqG61dipPWYcLi4g6tKsvGomq4iDPMtMrQxmpiePsis6) at epoch 1, sequence 658, previous digest Some(CheckpointDigest(FmnJH5ywc9QYzLyBQSmFkPyQMZLjUpXUqCoebaKDRA1E)), transactions count 1, content digest CheckpointContentsDigest(E4sNrxB5jg4HidnFxFky35SeEWAFdXPZ6Wj1EtQZRBX7), end_of_epoch_data None
[2m2025-03-25T07:56:57.234401Z[0m [32m INFO[0m [1mnode[0m[1m{[0m[3mname[0m[2m=[0mk#99f25ef6..[1m}[0m[2m:[0m [2msui_core::checkpoints[0m[2m:[0m [2mcrates/sui-core/src/checkpoints/mod.rs[0m[2m:[0m[2m1326:[0m Creating checkpoint(s) for 1 transactions [3mnext_checkpoint_seq[0m[2m=[0m658 [3mcheckpoint_timestamp[0m[2m=[0m1742889416670
[2m2025-03-25T07:56:57.234440Z[0m [32m INFO[0m [1mnode[0m[1m{[0m[3mname[0m[2m=[0mk#8dcff6d1..[1m}[0m[2m:[0m [2msui_core::checkpoints[0m[2m:[0m [2mcrates/sui-core/src/checkpoints/mod.rs[0m[2m:[0m[2m1326:[0m Creating checkpoint(s) for 1 transactions [3mnext_checkpoint_seq[0m[2m=[0m658 [3mcheckpoint_timestamp[0m[2m=[0m1742889416670
[2m2025-03-25T07:56:57.234582Z[0m [32m INFO[0m [1mnode[0m[1m{[0m[3mname[0m[2m=[0mk#99f25ef6..[1m}[0m[2m:[0m [2msui_core::checkpoints::checkpoint_output[0m[2m:[0m [2mcrates/sui-core/src/checkpoints/checkpoint_output.rs[0m[2m:[0m[2m149:[0m Creating checkpoint CheckpointDigest(BqG61dipPWYcLi4g6tKsvGomq4iDPMtMrQxmpiePsis6) at epoch 1, sequence 658, previous digest Some(CheckpointDigest(FmnJH5ywc9QYzLyBQSmFkPyQMZLjUpXUqCoebaKDRA1E)), transactions count 1, content digest CheckpointContentsDigest(E4sNrxB5jg4HidnFxFky35SeEWAFdXPZ6Wj1EtQZRBX7), end_of_epoch_data None
[2m2025-03-25T07:56:57.234612Z[0m [32m INFO[0m [1mnode[0m[1m{[0m[3mname[0m[2m=[0mk#8dcff6d1..[1m}[0m[2m:[0m [2msui_core::checkpoints::checkpoint_output[0m[2m:[0m [2mcrates/sui-core/src/checkpoints/checkpoint_output.rs[0m[2m:[0m[2m149:[0m Creating checkpoint CheckpointDigest(BqG61dipPWYcLi4g6tKsvGomq4iDPMtMrQxmpiePsis6) at epoch 1, sequence 658, previous digest Some(CheckpointDigest(FmnJH5ywc9QYzLyBQSmFkPyQMZLjUpXUqCoebaKDRA1E)), transactions count 1, content digest CheckpointContentsDigest(E4sNrxB5jg4HidnFxFky35SeEWAFdXPZ6Wj1EtQZRBX7), end_of_epoch_data None
[2m2025-03-25T07:56:57.243343Z[0m [32m INFO[0m [1mnode[0m[1m{[0m[3mname[0m[2m=[0mk#b3f3cbb4..[1m}[0m[2m:[0m[1mjson-rpc-request[0m[2m:[0m[1mdev_inspect_transaction_block[0m[1m{[0m[3msender_address[0m[2m=[0m0x0000000000000000000000000000000000000000000000000000000000000000 [3mtx_bytes[0m[2m=[0mBase64("AAMBAQAAAAAAAAAAAAAAAAAAAAAAAAAAAAAAAAAAAAAAAAAJAQAAAAAAAAABAAECAAgAAAAAAAAAAAEAAAAAAAAAAAAAAAAAAAAAAAAAAAAAAAAAAAAAAAAAAAsGYnJpZGdlIGdldF90b2tlbl90cmFuc2Zlcl9hY3Rpb25fc3RhdHVzAAMBAAABAQABAgA=") [3mgas_price[0m[2m=[0mNone [3m_epoch[0m[2m=[0mNone [3madditional_args[0m[2m=[0mNone[1m}[0m[2m:[0m [2msui_json_rpc::transaction_execution_api[0m[2m:[0m [2mcrates/sui-json-rpc/src/transaction_execution_api.rs[0m[2m:[0m[2m351:[0m RPC took longer than threshold to complete. [3melapsed[0m[2m=[0m1.534074084s
[2m2025-03-25T07:56:57.244779Z[0m [32m INFO[0m [1mhandle_execution_task[0m[1m{[0m[3maction_key[0m[2m=[0mBridgeActionKey(0,2,0) [3mattempt_times[0m[2m=[0m4[1m}[0m[2m:[0m [2msui_bridge::action_executor[0m[2m:[0m [2mcrates/sui-bridge/src/action_executor.rs[0m[2m:[0m[2m540:[0m Sending transaction to Sui [3mtx_digest[0m[2m=[0mTransactionDigest(GDSurpEu2x2PVvpwcUqP5MTXTQ8jWoYdMxzexGq3UM9X) [3mgas_object_ref[0m[2m=[0m(0x059c5b653da3f627ad85b7947a1634ad3055f81b24125b7d9b23178b0146bfc6, SequenceNumber(341), o#4ep4K212yQtPC23ghtw73sJ44qmqyajoXRf4wvuKq6mQ)
[2m2025-03-25T07:56:57.246129Z[0m [32m INFO[0m [1mnode[0m[1m{[0m[3mname[0m[2m=[0mk#b3f3cbb4..[1m}[0m[2m:[0m [2msui_core::state_accumulator[0m[2m:[0m [2mcrates/sui-core/src/state_accumulator.rs[0m[2m:[0m[2m675:[0m accumulating running root for checkpoint 574
[2m2025-03-25T07:56:57.296297Z[0m [32m INFO[0m [1mnode[0m[1m{[0m[3mname[0m[2m=[0mk#addeef94..[1m}[0m[2m:[0m [2msui_core::checkpoints::checkpoint_executor[0m[2m:[0m [2mcrates/sui-core/src/checkpoints/checkpoint_executor/mod.rs[0m[2m:[0m[2m332:[0m Received checkpoint summary from state sync [3msequence_number[0m[2m=[0m657
[2m2025-03-25T07:56:57.297782Z[0m [32m INFO[0m [1mnode[0m[1m{[0m[3mname[0m[2m=[0mk#addeef94..[1m}[0m[2m:[0m [2msui_core::state_accumulator[0m[2m:[0m [2mcrates/sui-core/src/state_accumulator.rs[0m[2m:[0m[2m675:[0m accumulating running root for checkpoint 657
[2m2025-03-25T07:56:57.304307Z[0m [32m INFO[0m [1mnode[0m[1m{[0m[3mname[0m[2m=[0mk#8dcff6d1..[1m}[0m[2m:[0m [2mconsensus_core::commit_syncer[0m[2m:[0m [2mconsensus/core/src/commit_syncer.rs[0m[2m:[0m[2m196:[0m Checking to schedule fetches: synced_commit_index=445, highest_handled_index=445, highest_scheduled_index=0, quorum_commit_index=444, unhandled_commits_threshold=3200
[2m2025-03-25T07:56:57.326822Z[0m [32m INFO[0m [1mnode[0m[1m{[0m[3mname[0m[2m=[0mk#addeef94..[1m}[0m[2m:[0m [2mconsensus_core::commit_syncer[0m[2m:[0m [2mconsensus/core/src/commit_syncer.rs[0m[2m:[0m[2m196:[0m Checking to schedule fetches: synced_commit_index=445, highest_handled_index=445, highest_scheduled_index=0, quorum_commit_index=0, unhandled_commits_threshold=3200
[2m2025-03-25T07:56:57.330610Z[0m [32m INFO[0m [1mnode[0m[1m{[0m[3mname[0m[2m=[0mk#99f25ef6..[1m}[0m[2m:[0m [2mconsensus_core::commit_syncer[0m[2m:[0m [2mconsensus/core/src/commit_syncer.rs[0m[2m:[0m[2m196:[0m Checking to schedule fetches: synced_commit_index=445, highest_handled_index=445, highest_scheduled_index=0, quorum_commit_index=444, unhandled_commits_threshold=3200
[2m2025-03-25T07:56:57.437916Z[0m [32m INFO[0m [1mnode[0m[1m{[0m[3mname[0m[2m=[0mk#addeef94..[1m}[0m[2m:[0m [2mconsensus_core::core[0m[2m:[0m [2mconsensus/core/src/core.rs[0m[2m:[0m[2m945:[0m Included 3 ancestors & excluded 0 ancestors for proposal in round 459
[2m2025-03-25T07:56:57.438287Z[0m [32m INFO[0m [1mnode[0m[1m{[0m[3mname[0m[2m=[0mk#addeef94..[1m}[0m[2m:[0m [2mconsensus_core::core[0m[2m:[0m [2mconsensus/core/src/core.rs[0m[2m:[0m[2m531:[0m Created block B459(C,pUlj0hg7+1jGyHFBVPgrPdEnF1tWBI05K0tp9aNFmpg=)(1742889417438ms;[B458(C,jPWtq0Z1TYKlkVefcML+P7WQLcyDLWke7p0uyKO/vgA=), B458(A,iMPklQmJXILsdA1Bq/A/nTIR1lv2pyu/0sra9/Wv99E=), B458(B,TlPjRRfQmSJ315+D6QQ8vY1JUeG0nGpc58aDM40oN5A=)];1t;1c) for round 459
[2m2025-03-25T07:56:57.440220Z[0m [32m INFO[0m [1mnode[0m[1m{[0m[3mname[0m[2m=[0mk#99f25ef6..[1m}[0m[2m:[0m [2mconsensus_core::core[0m[2m:[0m [2mconsensus/core/src/core.rs[0m[2m:[0m[2m945:[0m Included 3 ancestors & excluded 0 ancestors for proposal in round 459
[2m2025-03-25T07:56:57.440220Z[0m [32m INFO[0m [1mnode[0m[1m{[0m[3mname[0m[2m=[0mk#8dcff6d1..[1m}[0m[2m:[0m [2mconsensus_core::core[0m[2m:[0m [2mconsensus/core/src/core.rs[0m[2m:[0m[2m945:[0m Included 3 ancestors & excluded 0 ancestors for proposal in round 459
[2m2025-03-25T07:56:57.440512Z[0m [32m INFO[0m [1mnode[0m[1m{[0m[3mname[0m[2m=[0mk#99f25ef6..[1m}[0m[2m:[0m [2mconsensus_core::core[0m[2m:[0m [2mconsensus/core/src/core.rs[0m[2m:[0m[2m531:[0m Created block B459(B,2Veflyk1jQn9/WUAte9e5zUfnOOmmr5gtNx2qKxJa1E=)(1742889417440ms;[B458(B,TlPjRRfQmSJ315+D6QQ8vY1JUeG0nGpc58aDM40oN5A=), B458(A,iMPklQmJXILsdA1Bq/A/nTIR1lv2pyu/0sra9/Wv99E=), B458(C,jPWtq0Z1TYKlkVefcML+P7WQLcyDLWke7p0uyKO/vgA=)];1t;1c) for round 459
[2m2025-03-25T07:56:57.440517Z[0m [32m INFO[0m [1mnode[0m[1m{[0m[3mname[0m[2m=[0mk#8dcff6d1..[1m}[0m[2m:[0m [2mconsensus_core::core[0m[2m:[0m [2mconsensus/core/src/core.rs[0m[2m:[0m[2m531:[0m Created block B459(A,C+1qftJUk8Hgus9YKoqLhSQpk/WPNOelr8mQqBevAFc=)(1742889417440ms;[B458(A,iMPklQmJXILsdA1Bq/A/nTIR1lv2pyu/0sra9/Wv99E=), B458(B,TlPjRRfQmSJ315+D6QQ8vY1JUeG0nGpc58aDM40oN5A=), B458(C,jPWtq0Z1TYKlkVefcML+P7WQLcyDLWke7p0uyKO/vgA=)];1t;1c) for round 459
[2m2025-03-25T07:56:57.440584Z[0m [32m INFO[0m [1mnode[0m[1m{[0m[3mname[0m[2m=[0mk#99f25ef6..[1m}[0m[2m:[0m [2mconsensus_core::core[0m[2m:[0m [2mconsensus/core/src/core.rs[0m[2m:[0m[2m630:[0m Committing 1 leaders: B457(C,9Fjz)
[2m2025-03-25T07:56:57.440584Z[0m [32m INFO[0m [1mnode[0m[1m{[0m[3mname[0m[2m=[0mk#8dcff6d1..[1m}[0m[2m:[0m [2mconsensus_core::core[0m[2m:[0m [2mconsensus/core/src/core.rs[0m[2m:[0m[2m630:[0m Committing 1 leaders: B457(C,9Fjz)
[2m2025-03-25T07:56:57.440660Z[0m [32m INFO[0m [1mnode[0m[1m{[0m[3mname[0m[2m=[0mk#99f25ef6..[1m}[0m[2m:[0m [2mconsensus_core::commit_observer[0m[2m:[0m [2mconsensus/core/src/commit_observer.rs[0m[2m:[0m[2m173:[0m Consensus commit C446(dRG/) with leader B457(C,9Fjz) has 3 blocks
[2m2025-03-25T07:56:57.440660Z[0m [32m INFO[0m [1mnode[0m[1m{[0m[3mname[0m[2m=[0mk#8dcff6d1..[1m}[0m[2m:[0m [2mconsensus_core::commit_observer[0m[2m:[0m [2mconsensus/core/src/commit_observer.rs[0m[2m:[0m[2m173:[0m Consensus commit C446(dRG/) with leader B457(C,9Fjz) has 3 blocks
[2m2025-03-25T07:56:57.440752Z[0m [32m INFO[0m [1mnode[0m[1m{[0m[3mname[0m[2m=[0mk#8dcff6d1..[1m}[0m[2m:[0m [2msui_core::consensus_handler[0m[2m:[0m [2mcrates/sui-core/src/consensus_handler.rs[0m[2m:[0m[2m232:[0m Received consensus output [3mconsensus_commit[0m[2m=[0mCommittedSubDag(leader=B457(C,9Fjz), ref=C446(dRG/), blocks=[Rcy2, v4d/, 9Fjz]) [3mepoch[0m[2m=[0m1
[2m2025-03-25T07:56:57.440752Z[0m [32m INFO[0m [1mnode[0m[1m{[0m[3mname[0m[2m=[0mk#99f25ef6..[1m}[0m[2m:[0m [2msui_core::consensus_handler[0m[2m:[0m [2mcrates/sui-core/src/consensus_handler.rs[0m[2m:[0m[2m232:[0m Received consensus output [3mconsensus_commit[0m[2m=[0mCommittedSubDag(leader=B457(C,9Fjz), ref=C446(dRG/), blocks=[Rcy2, v4d/, 9Fjz]) [3mepoch[0m[2m=[0m1
[2m2025-03-25T07:56:57.444389Z[0m [32m INFO[0m [1mnode[0m[1m{[0m[3mname[0m[2m=[0mk#addeef94..[1m}[0m[2m:[0m [2mconsensus_core::core[0m[2m:[0m [2mconsensus/core/src/core.rs[0m[2m:[0m[2m630:[0m Committing 1 leaders: B457(C,9Fjz)
[2m2025-03-25T07:56:57.444485Z[0m [32m INFO[0m [1mnode[0m[1m{[0m[3mname[0m[2m=[0mk#addeef94..[1m}[0m[2m:[0m [2mconsensus_core::commit_observer[0m[2m:[0m [2mconsensus/core/src/commit_observer.rs[0m[2m:[0m[2m173:[0m Consensus commit C446(dRG/) with leader B457(C,9Fjz) has 3 blocks
[2m2025-03-25T07:56:57.444612Z[0m [32m INFO[0m [1mnode[0m[1m{[0m[3mname[0m[2m=[0mk#addeef94..[1m}[0m[2m:[0m [2msui_core::consensus_handler[0m[2m:[0m [2mcrates/sui-core/src/consensus_handler.rs[0m[2m:[0m[2m232:[0m Received consensus output [3mconsensus_commit[0m[2m=[0mCommittedSubDag(leader=B457(C,9Fjz), ref=C446(dRG/), blocks=[Rcy2, v4d/, 9Fjz]) [3mepoch[0m[2m=[0m1
[2m2025-03-25T07:56:57.467482Z[0m [32m INFO[0m [1mnode[0m[1m{[0m[3mname[0m[2m=[0mk#8dcff6d1..[1m}[0m[2m:[0m [2msui_core::checkpoints[0m[2m:[0m [2mcrates/sui-core/src/checkpoints/mod.rs[0m[2m:[0m[2m1326:[0m Creating checkpoint(s) for 2 transactions [3mnext_checkpoint_seq[0m[2m=[0m659 [3mcheckpoint_timestamp[0m[2m=[0m1742889416924
[2m2025-03-25T07:56:57.467482Z[0m [32m INFO[0m [1mnode[0m[1m{[0m[3mname[0m[2m=[0mk#99f25ef6..[1m}[0m[2m:[0m [2msui_core::checkpoints[0m[2m:[0m [2mcrates/sui-core/src/checkpoints/mod.rs[0m[2m:[0m[2m1326:[0m Creating checkpoint(s) for 2 transactions [3mnext_checkpoint_seq[0m[2m=[0m659 [3mcheckpoint_timestamp[0m[2m=[0m1742889416924
[2m2025-03-25T07:56:57.467802Z[0m [32m INFO[0m [1mnode[0m[1m{[0m[3mname[0m[2m=[0mk#99f25ef6..[1m}[0m[2m:[0m [2msui_core::checkpoints::checkpoint_output[0m[2m:[0m [2mcrates/sui-core/src/checkpoints/checkpoint_output.rs[0m[2m:[0m[2m149:[0m Creating checkpoint CheckpointDigest(ArSsveDgXDJeUqMD5gRbipscXSgTo4v6xm6NfuHP8hBn) at epoch 1, sequence 659, previous digest Some(CheckpointDigest(BqG61dipPWYcLi4g6tKsvGomq4iDPMtMrQxmpiePsis6)), transactions count 2, content digest CheckpointContentsDigest(A2AAP2tRthiitEix4bYyBEVy3Bp5KyfYxau9Hzm825VC), end_of_epoch_data None
[2m2025-03-25T07:56:57.467802Z[0m [32m INFO[0m [1mnode[0m[1m{[0m[3mname[0m[2m=[0mk#8dcff6d1..[1m}[0m[2m:[0m [2msui_core::checkpoints::checkpoint_output[0m[2m:[0m [2mcrates/sui-core/src/checkpoints/checkpoint_output.rs[0m[2m:[0m[2m149:[0m Creating checkpoint CheckpointDigest(ArSsveDgXDJeUqMD5gRbipscXSgTo4v6xm6NfuHP8hBn) at epoch 1, sequence 659, previous digest Some(CheckpointDigest(BqG61dipPWYcLi4g6tKsvGomq4iDPMtMrQxmpiePsis6)), transactions count 2, content digest CheckpointContentsDigest(A2AAP2tRthiitEix4bYyBEVy3Bp5KyfYxau9Hzm825VC), end_of_epoch_data None
[2m2025-03-25T07:56:57.470565Z[0m [32m INFO[0m [1mnode[0m[1m{[0m[3mname[0m[2m=[0mk#addeef94..[1m}[0m[2m:[0m [2msui_core::checkpoints[0m[2m:[0m [2mcrates/sui-core/src/checkpoints/mod.rs[0m[2m:[0m[2m1326:[0m Creating checkpoint(s) for 2 transactions [3mnext_checkpoint_seq[0m[2m=[0m659 [3mcheckpoint_timestamp[0m[2m=[0m1742889416924
[2m2025-03-25T07:56:57.470814Z[0m [32m INFO[0m [1mnode[0m[1m{[0m[3mname[0m[2m=[0mk#addeef94..[1m}[0m[2m:[0m [2msui_core::checkpoints::checkpoint_output[0m[2m:[0m [2mcrates/sui-core/src/checkpoints/checkpoint_output.rs[0m[2m:[0m[2m149:[0m Creating checkpoint CheckpointDigest(ArSsveDgXDJeUqMD5gRbipscXSgTo4v6xm6NfuHP8hBn) at epoch 1, sequence 659, previous digest Some(CheckpointDigest(BqG61dipPWYcLi4g6tKsvGomq4iDPMtMrQxmpiePsis6)), transactions count 2, content digest CheckpointContentsDigest(A2AAP2tRthiitEix4bYyBEVy3Bp5KyfYxau9Hzm825VC), end_of_epoch_data None
[2m2025-03-25T07:56:57.471113Z[0m [32m INFO[0m [1mnode[0m[1m{[0m[3mname[0m[2m=[0mk#8dcff6d1..[1m}[0m[2m:[0m [2msui_core::checkpoints::checkpoint_output[0m[2m:[0m [2mcrates/sui-core/src/checkpoints/checkpoint_output.rs[0m[2m:[0m[2m196:[0m Certified checkpoint with sequence 658 and digest BqG61dipPWYcLi4g6tKsvGomq4iDPMtMrQxmpiePsis6
[2m2025-03-25T07:56:57.471119Z[0m [32m INFO[0m [1mnode[0m[1m{[0m[3mname[0m[2m=[0mk#99f25ef6..[1m}[0m[2m:[0m [2msui_core::checkpoints::checkpoint_output[0m[2m:[0m [2mcrates/sui-core/src/checkpoints/checkpoint_output.rs[0m[2m:[0m[2m196:[0m Certified checkpoint with sequence 658 and digest BqG61dipPWYcLi4g6tKsvGomq4iDPMtMrQxmpiePsis6
[2m2025-03-25T07:56:57.471479Z[0m [32m INFO[0m [1mnode[0m[1m{[0m[3mname[0m[2m=[0mk#8dcff6d1..[1m}[0m[2m:[0m [2msui_core::checkpoints::checkpoint_executor[0m[2m:[0m [2mcrates/sui-core/src/checkpoints/checkpoint_executor/mod.rs[0m[2m:[0m[2m332:[0m Received checkpoint summary from state sync [3msequence_number[0m[2m=[0m658
[2m2025-03-25T07:56:57.471479Z[0m [32m INFO[0m [1mnode[0m[1m{[0m[3mname[0m[2m=[0mk#99f25ef6..[1m}[0m[2m:[0m [2msui_core::checkpoints::checkpoint_executor[0m[2m:[0m [2mcrates/sui-core/src/checkpoints/checkpoint_executor/mod.rs[0m[2m:[0m[2m332:[0m Received checkpoint summary from state sync [3msequence_number[0m[2m=[0m658
[2m2025-03-25T07:56:57.472686Z[0m [32m INFO[0m [1mnode[0m[1m{[0m[3mname[0m[2m=[0mk#99f25ef6..[1m}[0m[2m:[0m [2msui_core::state_accumulator[0m[2m:[0m [2mcrates/sui-core/src/state_accumulator.rs[0m[2m:[0m[2m675:[0m accumulating running root for checkpoint 658
[2m2025-03-25T07:56:57.472692Z[0m [32m INFO[0m [1mnode[0m[1m{[0m[3mname[0m[2m=[0mk#8dcff6d1..[1m}[0m[2m:[0m [2msui_core::state_accumulator[0m[2m:[0m [2mcrates/sui-core/src/state_accumulator.rs[0m[2m:[0m[2m675:[0m accumulating running root for checkpoint 658
[2m2025-03-25T07:56:57.474869Z[0m [32m INFO[0m [1mnode[0m[1m{[0m[3mname[0m[2m=[0mk#addeef94..[1m}[0m[2m:[0m [2msui_core::checkpoints::checkpoint_executor[0m[2m:[0m [2mcrates/sui-core/src/checkpoints/checkpoint_executor/mod.rs[0m[2m:[0m[2m332:[0m Received checkpoint summary from state sync [3msequence_number[0m[2m=[0m658
[2m2025-03-25T07:56:57.475571Z[0m [32m INFO[0m [1mnode[0m[1m{[0m[3mname[0m[2m=[0mk#addeef94..[1m}[0m[2m:[0m [2msui_core::state_accumulator[0m[2m:[0m [2mcrates/sui-core/src/state_accumulator.rs[0m[2m:[0m[2m675:[0m accumulating running root for checkpoint 658
[2m2025-03-25T07:56:57.693435Z[0m [32m INFO[0m [1mnode[0m[1m{[0m[3mname[0m[2m=[0mk#8dcff6d1..[1m}[0m[2m:[0m [2mconsensus_core::core[0m[2m:[0m [2mconsensus/core/src/core.rs[0m[2m:[0m[2m945:[0m Included 3 ancestors & excluded 0 ancestors for proposal in round 460
[2m2025-03-25T07:56:57.693552Z[0m [32m INFO[0m [1mnode[0m[1m{[0m[3mname[0m[2m=[0mk#99f25ef6..[1m}[0m[2m:[0m [2mconsensus_core::core[0m[2m:[0m [2mconsensus/core/src/core.rs[0m[2m:[0m[2m945:[0m Included 3 ancestors & excluded 0 ancestors for proposal in round 460
[2m2025-03-25T07:56:57.693822Z[0m [32m INFO[0m [1mnode[0m[1m{[0m[3mname[0m[2m=[0mk#8dcff6d1..[1m}[0m[2m:[0m [2mconsensus_core::core[0m[2m:[0m [2mconsensus/core/src/core.rs[0m[2m:[0m[2m531:[0m Created block B460(A,FRYYZOLnfYXDg0ADf4NhKSCHlBppy7Ed6E7OFABPKf8=)(1742889417693ms;[B459(A,C+1qftJUk8Hgus9YKoqLhSQpk/WPNOelr8mQqBevAFc=), B459(B,2Veflyk1jQn9/WUAte9e5zUfnOOmmr5gtNx2qKxJa1E=), B459(C,pUlj0hg7+1jGyHFBVPgrPdEnF1tWBI05K0tp9aNFmpg=)];1t;1c) for round 460
[2m2025-03-25T07:56:57.693845Z[0m [32m INFO[0m [1mnode[0m[1m{[0m[3mname[0m[2m=[0mk#99f25ef6..[1m}[0m[2m:[0m [2mconsensus_core::core[0m[2m:[0m [2mconsensus/core/src/core.rs[0m[2m:[0m[2m531:[0m Created block B460(B,lxKTuHZaFuiWV/p0CNcdG2qhfhvnTQiMgboYWIU5oZQ=)(1742889417693ms;[B459(B,2Veflyk1jQn9/WUAte9e5zUfnOOmmr5gtNx2qKxJa1E=), B459(A,C+1qftJUk8Hgus9YKoqLhSQpk/WPNOelr8mQqBevAFc=), B459(C,pUlj0hg7+1jGyHFBVPgrPdEnF1tWBI05K0tp9aNFmpg=)];1t;1c) for round 460
[2m2025-03-25T07:56:57.697126Z[0m [32m INFO[0m [1mnode[0m[1m{[0m[3mname[0m[2m=[0mk#addeef94..[1m}[0m[2m:[0m [2mconsensus_core::core[0m[2m:[0m [2mconsensus/core/src/core.rs[0m[2m:[0m[2m945:[0m Included 3 ancestors & excluded 0 ancestors for proposal in round 460
[2m2025-03-25T07:56:57.697435Z[0m [32m INFO[0m [1mnode[0m[1m{[0m[3mname[0m[2m=[0mk#addeef94..[1m}[0m[2m:[0m [2mconsensus_core::core[0m[2m:[0m [2mconsensus/core/src/core.rs[0m[2m:[0m[2m531:[0m Created block B460(C,QMHcwxGrDwr4pG9hdt50lNNKCj7Xuu2sTDLvbmvxv6s=)(1742889417697ms;[B459(C,pUlj0hg7+1jGyHFBVPgrPdEnF1tWBI05K0tp9aNFmpg=), B459(A,C+1qftJUk8Hgus9YKoqLhSQpk/WPNOelr8mQqBevAFc=), B459(B,2Veflyk1jQn9/WUAte9e5zUfnOOmmr5gtNx2qKxJa1E=)];1t;1c) for round 460
[2m2025-03-25T07:56:57.697504Z[0m [32m INFO[0m [1mnode[0m[1m{[0m[3mname[0m[2m=[0mk#addeef94..[1m}[0m[2m:[0m [2mconsensus_core::core[0m[2m:[0m [2mconsensus/core/src/core.rs[0m[2m:[0m[2m630:[0m Committing 1 leaders: B458(B,TlPj)
[2m2025-03-25T07:56:57.697573Z[0m [32m INFO[0m [1mnode[0m[1m{[0m[3mname[0m[2m=[0mk#addeef94..[1m}[0m[2m:[0m [2mconsensus_core::commit_observer[0m[2m:[0m [2mconsensus/core/src/commit_observer.rs[0m[2m:[0m[2m173:[0m Consensus commit C447(lc6o) with leader B458(B,TlPj) has 3 blocks
[2m2025-03-25T07:56:57.697655Z[0m [32m INFO[0m [1mnode[0m[1m{[0m[3mname[0m[2m=[0mk#addeef94..[1m}[0m[2m:[0m [2msui_core::consensus_handler[0m[2m:[0m [2mcrates/sui-core/src/consensus_handler.rs[0m[2m:[0m[2m232:[0m Received consensus output [3mconsensus_commit[0m[2m=[0mCommittedSubDag(leader=B458(B,TlPj), ref=C447(lc6o), blocks=[0Emg, kONb, TlPj]) [3mepoch[0m[2m=[0m1
[2m2025-03-25T07:56:57.698437Z[0m [33m WARN[0m [1mnode[0m[1m{[0m[3mname[0m[2m=[0mk#addeef94..[1m}[0m[2m:[0m [2msui_core::consensus_throughput_calculator[0m[2m:[0m [2mcrates/sui-core/src/consensus_throughput_calculator.rs[0m[2m:[0m[2m390:[0m Skip calculation - we still don't have enough elements to pop the last observation
[2m2025-03-25T07:56:57.700766Z[0m [32m INFO[0m [1mnode[0m[1m{[0m[3mname[0m[2m=[0mk#8dcff6d1..[1m}[0m[2m:[0m [2msui_core::checkpoints::checkpoint_output[0m[2m:[0m [2mcrates/sui-core/src/checkpoints/checkpoint_output.rs[0m[2m:[0m[2m196:[0m Certified checkpoint with sequence 659 and digest ArSsveDgXDJeUqMD5gRbipscXSgTo4v6xm6NfuHP8hBn
[2m2025-03-25T07:56:57.700763Z[0m [32m INFO[0m [1mnode[0m[1m{[0m[3mname[0m[2m=[0mk#99f25ef6..[1m}[0m[2m:[0m [2msui_core::checkpoints::checkpoint_output[0m[2m:[0m [2mcrates/sui-core/src/checkpoints/checkpoint_output.rs[0m[2m:[0m[2m196:[0m Certified checkpoint with sequence 659 and digest ArSsveDgXDJeUqMD5gRbipscXSgTo4v6xm6NfuHP8hBn
[2m2025-03-25T07:56:57.700873Z[0m [32m INFO[0m [1mnode[0m[1m{[0m[3mname[0m[2m=[0mk#8dcff6d1..[1m}[0m[2m:[0m [2mconsensus_core::core[0m[2m:[0m [2mconsensus/core/src/core.rs[0m[2m:[0m[2m630:[0m Committing 1 leaders: B458(B,TlPj)
[2m2025-03-25T07:56:57.700875Z[0m [32m INFO[0m [1mnode[0m[1m{[0m[3mname[0m[2m=[0mk#99f25ef6..[1m}[0m[2m:[0m [2mconsensus_core::core[0m[2m:[0m [2mconsensus/core/src/core.rs[0m[2m:[0m[2m630:[0m Committing 1 leaders: B458(B,TlPj)
[2m2025-03-25T07:56:57.700972Z[0m [32m INFO[0m [1mnode[0m[1m{[0m[3mname[0m[2m=[0mk#8dcff6d1..[1m}[0m[2m:[0m [2mconsensus_core::commit_observer[0m[2m:[0m [2mconsensus/core/src/commit_observer.rs[0m[2m:[0m[2m173:[0m Consensus commit C447(lc6o) with leader B458(B,TlPj) has 3 blocks
[2m2025-03-25T07:56:57.700979Z[0m [32m INFO[0m [1mnode[0m[1m{[0m[3mname[0m[2m=[0mk#99f25ef6..[1m}[0m[2m:[0m [2mconsensus_core::commit_observer[0m[2m:[0m [2mconsensus/core/src/commit_observer.rs[0m[2m:[0m[2m173:[0m Consensus commit C447(lc6o) with leader B458(B,TlPj) has 3 blocks
[2m2025-03-25T07:56:57.701406Z[0m [32m INFO[0m [1mnode[0m[1m{[0m[3mname[0m[2m=[0mk#8dcff6d1..[1m}[0m[2m:[0m [2msui_core::consensus_handler[0m[2m:[0m [2mcrates/sui-core/src/consensus_handler.rs[0m[2m:[0m[2m232:[0m Received consensus output [3mconsensus_commit[0m[2m=[0mCommittedSubDag(leader=B458(B,TlPj), ref=C447(lc6o), blocks=[0Emg, kONb, TlPj]) [3mepoch[0m[2m=[0m1
[2m2025-03-25T07:56:57.701406Z[0m [32m INFO[0m [1mnode[0m[1m{[0m[3mname[0m[2m=[0mk#99f25ef6..[1m}[0m[2m:[0m [2msui_core::consensus_handler[0m[2m:[0m [2mcrates/sui-core/src/consensus_handler.rs[0m[2m:[0m[2m232:[0m Received consensus output [3mconsensus_commit[0m[2m=[0mCommittedSubDag(leader=B458(B,TlPj), ref=C447(lc6o), blocks=[0Emg, kONb, TlPj]) [3mepoch[0m[2m=[0m1
[2m2025-03-25T07:56:57.702008Z[0m [33m WARN[0m [1mnode[0m[1m{[0m[3mname[0m[2m=[0mk#8dcff6d1..[1m}[0m[2m:[0m [2msui_core::consensus_throughput_calculator[0m[2m:[0m [2mcrates/sui-core/src/consensus_throughput_calculator.rs[0m[2m:[0m[2m390:[0m Skip calculation - we still don't have enough elements to pop the last observation
[2m2025-03-25T07:56:57.702008Z[0m [33m WARN[0m [1mnode[0m[1m{[0m[3mname[0m[2m=[0mk#99f25ef6..[1m}[0m[2m:[0m [2msui_core::consensus_throughput_calculator[0m[2m:[0m [2mcrates/sui-core/src/consensus_throughput_calculator.rs[0m[2m:[0m[2m390:[0m Skip calculation - we still don't have enough elements to pop the last observation
[2m2025-03-25T07:56:57.702036Z[0m [32m INFO[0m [1mnode[0m[1m{[0m[3mname[0m[2m=[0mk#8dcff6d1..[1m}[0m[2m:[0m [2msui_core::checkpoints::checkpoint_executor[0m[2m:[0m [2mcrates/sui-core/src/checkpoints/checkpoint_executor/mod.rs[0m[2m:[0m[2m332:[0m Received checkpoint summary from state sync [3msequence_number[0m[2m=[0m659
[2m2025-03-25T07:56:57.702036Z[0m [32m INFO[0m [1mnode[0m[1m{[0m[3mname[0m[2m=[0mk#99f25ef6..[1m}[0m[2m:[0m [2msui_core::checkpoints::checkpoint_executor[0m[2m:[0m [2mcrates/sui-core/src/checkpoints/checkpoint_executor/mod.rs[0m[2m:[0m[2m332:[0m Received checkpoint summary from state sync [3msequence_number[0m[2m=[0m659
[2m2025-03-25T07:56:57.715623Z[0m [32m INFO[0m [1mnode[0m[1m{[0m[3mname[0m[2m=[0mk#99f25ef6..[1m}[0m[2m:[0m [2msui_core::state_accumulator[0m[2m:[0m [2mcrates/sui-core/src/state_accumulator.rs[0m[2m:[0m[2m675:[0m accumulating running root for checkpoint 659
[2m2025-03-25T07:56:57.715623Z[0m [32m INFO[0m [1mnode[0m[1m{[0m[3mname[0m[2m=[0mk#8dcff6d1..[1m}[0m[2m:[0m [2msui_core::state_accumulator[0m[2m:[0m [2mcrates/sui-core/src/state_accumulator.rs[0m[2m:[0m[2m675:[0m accumulating running root for checkpoint 659
[2m2025-03-25T07:56:57.741928Z[0m [32m INFO[0m [1mnode[0m[1m{[0m[3mname[0m[2m=[0mk#addeef94..[1m}[0m[2m:[0m [2msui_core::checkpoints[0m[2m:[0m [2mcrates/sui-core/src/checkpoints/mod.rs[0m[2m:[0m[2m1326:[0m Creating checkpoint(s) for 1 transactions [3mnext_checkpoint_seq[0m[2m=[0m660 [3mcheckpoint_timestamp[0m[2m=[0m1742889417181
[2m2025-03-25T07:56:57.742159Z[0m [32m INFO[0m [1mnode[0m[1m{[0m[3mname[0m[2m=[0mk#addeef94..[1m}[0m[2m:[0m [2msui_core::checkpoints::checkpoint_output[0m[2m:[0m [2mcrates/sui-core/src/checkpoints/checkpoint_output.rs[0m[2m:[0m[2m149:[0m Creating checkpoint CheckpointDigest(GMcZXcifz4VXmKJTC7F7P2yqSJbgvNj6xEpVuFLDwVZc) at epoch 1, sequence 660, previous digest Some(CheckpointDigest(ArSsveDgXDJeUqMD5gRbipscXSgTo4v6xm6NfuHP8hBn)), transactions count 1, content digest CheckpointContentsDigest(3yAHdYo56xHK3QniE87dfK16DGBrU5KdQbohRHfFHZxo), end_of_epoch_data None
[2m2025-03-25T07:56:57.747143Z[0m [32m INFO[0m [1mnode[0m[1m{[0m[3mname[0m[2m=[0mk#8dcff6d1..[1m}[0m[2m:[0m [2msui_core::checkpoints[0m[2m:[0m [2mcrates/sui-core/src/checkpoints/mod.rs[0m[2m:[0m[2m1326:[0m Creating checkpoint(s) for 1 transactions [3mnext_checkpoint_seq[0m[2m=[0m660 [3mcheckpoint_timestamp[0m[2m=[0m1742889417181
[2m2025-03-25T07:56:57.747321Z[0m [32m INFO[0m [1mnode[0m[1m{[0m[3mname[0m[2m=[0mk#8dcff6d1..[1m}[0m[2m:[0m [2msui_core::checkpoints::checkpoint_output[0m[2m:[0m [2mcrates/sui-core/src/checkpoints/checkpoint_output.rs[0m[2m:[0m[2m149:[0m Creating checkpoint CheckpointDigest(GMcZXcifz4VXmKJTC7F7P2yqSJbgvNj6xEpVuFLDwVZc) at epoch 1, sequence 660, previous digest Some(CheckpointDigest(ArSsveDgXDJeUqMD5gRbipscXSgTo4v6xm6NfuHP8hBn)), transactions count 1, content digest CheckpointContentsDigest(3yAHdYo56xHK3QniE87dfK16DGBrU5KdQbohRHfFHZxo), end_of_epoch_data None
[2m2025-03-25T07:56:57.747470Z[0m [32m INFO[0m [1mnode[0m[1m{[0m[3mname[0m[2m=[0mk#99f25ef6..[1m}[0m[2m:[0m [2msui_core::checkpoints[0m[2m:[0m [2mcrates/sui-core/src/checkpoints/mod.rs[0m[2m:[0m[2m1326:[0m Creating checkpoint(s) for 1 transactions [3mnext_checkpoint_seq[0m[2m=[0m660 [3mcheckpoint_timestamp[0m[2m=[0m1742889417181
[2m2025-03-25T07:56:57.747638Z[0m [32m INFO[0m [1mnode[0m[1m{[0m[3mname[0m[2m=[0mk#99f25ef6..[1m}[0m[2m:[0m [2msui_core::checkpoints::checkpoint_output[0m[2m:[0m [2mcrates/sui-core/src/checkpoints/checkpoint_output.rs[0m[2m:[0m[2m149:[0m Creating checkpoint CheckpointDigest(GMcZXcifz4VXmKJTC7F7P2yqSJbgvNj6xEpVuFLDwVZc) at epoch 1, sequence 660, previous digest Some(CheckpointDigest(ArSsveDgXDJeUqMD5gRbipscXSgTo4v6xm6NfuHP8hBn)), transactions count 1, content digest CheckpointContentsDigest(3yAHdYo56xHK3QniE87dfK16DGBrU5KdQbohRHfFHZxo), end_of_epoch_data None
[2m2025-03-25T07:56:57.808631Z[0m [32m INFO[0m [1mnode[0m[1m{[0m[3mname[0m[2m=[0mk#addeef94..[1m}[0m[2m:[0m [2msui_core::checkpoints::checkpoint_executor[0m[2m:[0m [2mcrates/sui-core/src/checkpoints/checkpoint_executor/mod.rs[0m[2m:[0m[2m332:[0m Received checkpoint summary from state sync [3msequence_number[0m[2m=[0m659
[2m2025-03-25T07:56:57.810134Z[0m [32m INFO[0m [1mnode[0m[1m{[0m[3mname[0m[2m=[0mk#addeef94..[1m}[0m[2m:[0m [2msui_core::state_accumulator[0m[2m:[0m [2mcrates/sui-core/src/state_accumulator.rs[0m[2m:[0m[2m675:[0m accumulating running root for checkpoint 659
[2m2025-03-25T07:56:57.949859Z[0m [32m INFO[0m [1mnode[0m[1m{[0m[3mname[0m[2m=[0mk#addeef94..[1m}[0m[2m:[0m [2mconsensus_core::core[0m[2m:[0m [2mconsensus/core/src/core.rs[0m[2m:[0m[2m945:[0m Included 3 ancestors & excluded 0 ancestors for proposal in round 461
[2m2025-03-25T07:56:57.950217Z[0m [32m INFO[0m [1mnode[0m[1m{[0m[3mname[0m[2m=[0mk#addeef94..[1m}[0m[2m:[0m [2mconsensus_core::core[0m[2m:[0m [2mconsensus/core/src/core.rs[0m[2m:[0m[2m531:[0m Created block B461(C,Sf6mEGmJp6obhoC9XEYSq1GL6GjKVjq/SDAcUa9BejI=)(1742889417950ms;[B460(C,QMHcwxGrDwr4pG9hdt50lNNKCj7Xuu2sTDLvbmvxv6s=), B460(A,FRYYZOLnfYXDg0ADf4NhKSCHlBppy7Ed6E7OFABPKf8=), B460(B,lxKTuHZaFuiWV/p0CNcdG2qhfhvnTQiMgboYWIU5oZQ=)];1t;1c) for round 461
[2m2025-03-25T07:56:57.952148Z[0m [32m INFO[0m [1mnode[0m[1m{[0m[3mname[0m[2m=[0mk#99f25ef6..[1m}[0m[2m:[0m [2mconsensus_core::core[0m[2m:[0m [2mconsensus/core/src/core.rs[0m[2m:[0m[2m945:[0m Included 3 ancestors & excluded 0 ancestors for proposal in round 461
[2m2025-03-25T07:56:57.952436Z[0m [32m INFO[0m [1mnode[0m[1m{[0m[3mname[0m[2m=[0mk#99f25ef6..[1m}[0m[2m:[0m [2mconsensus_core::core[0m[2m:[0m [2mconsensus/core/src/core.rs[0m[2m:[0m[2m531:[0m Created block B461(B,oEorM3uiS/dZFAZZI1tQnK+/gq9f5NYIYM1SpsjP/Ug=)(1742889417952ms;[B460(B,lxKTuHZaFuiWV/p0CNcdG2qhfhvnTQiMgboYWIU5oZQ=), B460(A,FRYYZOLnfYXDg0ADf4NhKSCHlBppy7Ed6E7OFABPKf8=), B460(C,QMHcwxGrDwr4pG9hdt50lNNKCj7Xuu2sTDLvbmvxv6s=)];1t;1c) for round 461
[2m2025-03-25T07:56:57.952507Z[0m [32m INFO[0m [1mnode[0m[1m{[0m[3mname[0m[2m=[0mk#99f25ef6..[1m}[0m[2m:[0m [2mconsensus_core::core[0m[2m:[0m [2mconsensus/core/src/core.rs[0m[2m:[0m[2m630:[0m Committing 1 leaders: B459(C,pUlj)
[2m2025-03-25T07:56:57.952578Z[0m [32m INFO[0m [1mnode[0m[1m{[0m[3mname[0m[2m=[0mk#99f25ef6..[1m}[0m[2m:[0m [2mconsensus_core::commit_observer[0m[2m:[0m [2mconsensus/core/src/commit_observer.rs[0m[2m:[0m[2m173:[0m Consensus commit C448(VuWT) with leader B459(C,pUlj) has 3 blocks
[2m2025-03-25T07:56:57.952665Z[0m [32m INFO[0m [1mnode[0m[1m{[0m[3mname[0m[2m=[0mk#99f25ef6..[1m}[0m[2m:[0m [2msui_core::consensus_handler[0m[2m:[0m [2mcrates/sui-core/src/consensus_handler.rs[0m[2m:[0m[2m232:[0m Received consensus output [3mconsensus_commit[0m[2m=[0mCommittedSubDag(leader=B459(C,pUlj), ref=C448(VuWT), blocks=[iMPk, jPWt, pUlj]) [3mepoch[0m[2m=[0m1
[2m2025-03-25T07:56:57.953269Z[0m [32m INFO[0m [1mnode[0m[1m{[0m[3mname[0m[2m=[0mk#8dcff6d1..[1m}[0m[2m:[0m [2mconsensus_core::core[0m[2m:[0m [2mconsensus/core/src/core.rs[0m[2m:[0m[2m945:[0m Included 3 ancestors & excluded 0 ancestors for proposal in round 461
[2m2025-03-25T07:56:57.953372Z[0m [33m WARN[0m [1mnode[0m[1m{[0m[3mname[0m[2m=[0mk#99f25ef6..[1m}[0m[2m:[0m [2msui_core::consensus_throughput_calculator[0m[2m:[0m [2mcrates/sui-core/src/consensus_throughput_calculator.rs[0m[2m:[0m[2m390:[0m Skip calculation - we still don't have enough elements to pop the last observation
[2m2025-03-25T07:56:57.953557Z[0m [32m INFO[0m [1mnode[0m[1m{[0m[3mname[0m[2m=[0mk#8dcff6d1..[1m}[0m[2m:[0m [2mconsensus_core::core[0m[2m:[0m [2mconsensus/core/src/core.rs[0m[2m:[0m[2m531:[0m Created block B461(A,8jugXi+u5vvGqvW1synVYiptIQ3Nh5SCM/bvrgBwUXg=)(1742889417953ms;[B460(A,FRYYZOLnfYXDg0ADf4NhKSCHlBppy7Ed6E7OFABPKf8=), B460(B,lxKTuHZaFuiWV/p0CNcdG2qhfhvnTQiMgboYWIU5oZQ=), B460(C,QMHcwxGrDwr4pG9hdt50lNNKCj7Xuu2sTDLvbmvxv6s=)];1t;1c) for round 461
[2m2025-03-25T07:56:57.953621Z[0m [32m INFO[0m [1mnode[0m[1m{[0m[3mname[0m[2m=[0mk#8dcff6d1..[1m}[0m[2m:[0m [2mconsensus_core::core[0m[2m:[0m [2mconsensus/core/src/core.rs[0m[2m:[0m[2m630:[0m Committing 1 leaders: B459(C,pUlj)
[2m2025-03-25T07:56:57.953686Z[0m [32m INFO[0m [1mnode[0m[1m{[0m[3mname[0m[2m=[0mk#8dcff6d1..[1m}[0m[2m:[0m [2mconsensus_core::commit_observer[0m[2m:[0m [2mconsensus/core/src/commit_observer.rs[0m[2m:[0m[2m173:[0m Consensus commit C448(VuWT) with leader B459(C,pUlj) has 3 blocks
[2m2025-03-25T07:56:57.953763Z[0m [32m INFO[0m [1mnode[0m[1m{[0m[3mname[0m[2m=[0mk#8dcff6d1..[1m}[0m[2m:[0m [2msui_core::consensus_handler[0m[2m:[0m [2mcrates/sui-core/src/consensus_handler.rs[0m[2m:[0m[2m232:[0m Received consensus output [3mconsensus_commit[0m[2m=[0mCommittedSubDag(leader=B459(C,pUlj), ref=C448(VuWT), blocks=[iMPk, jPWt, pUlj]) [3mepoch[0m[2m=[0m1
[2m2025-03-25T07:56:57.954307Z[0m [33m WARN[0m [1mnode[0m[1m{[0m[3mname[0m[2m=[0mk#8dcff6d1..[1m}[0m[2m:[0m [2msui_core::consensus_throughput_calculator[0m[2m:[0m [2mcrates/sui-core/src/consensus_throughput_calculator.rs[0m[2m:[0m[2m390:[0m Skip calculation - we still don't have enough elements to pop the last observation
[2m2025-03-25T07:56:57.954986Z[0m [32m INFO[0m [1mnode[0m[1m{[0m[3mname[0m[2m=[0mk#addeef94..[1m}[0m[2m:[0m [2mconsensus_core::core[0m[2m:[0m [2mconsensus/core/src/core.rs[0m[2m:[0m[2m630:[0m Committing 1 leaders: B459(C,pUlj)
[2m2025-03-25T07:56:57.955076Z[0m [32m INFO[0m [1mnode[0m[1m{[0m[3mname[0m[2m=[0mk#addeef94..[1m}[0m[2m:[0m [2mconsensus_core::commit_observer[0m[2m:[0m [2mconsensus/core/src/commit_observer.rs[0m[2m:[0m[2m173:[0m Consensus commit C448(VuWT) with leader B459(C,pUlj) has 3 blocks
[2m2025-03-25T07:56:57.955150Z[0m [32m INFO[0m [1mnode[0m[1m{[0m[3mname[0m[2m=[0mk#addeef94..[1m}[0m[2m:[0m [2msui_core::consensus_handler[0m[2m:[0m [2mcrates/sui-core/src/consensus_handler.rs[0m[2m:[0m[2m232:[0m Received consensus output [3mconsensus_commit[0m[2m=[0mCommittedSubDag(leader=B459(C,pUlj), ref=C448(VuWT), blocks=[iMPk, jPWt, pUlj]) [3mepoch[0m[2m=[0m1
[2m2025-03-25T07:56:57.955677Z[0m [33m WARN[0m [1mnode[0m[1m{[0m[3mname[0m[2m=[0mk#addeef94..[1m}[0m[2m:[0m [2msui_core::consensus_throughput_calculator[0m[2m:[0m [2mcrates/sui-core/src/consensus_throughput_calculator.rs[0m[2m:[0m[2m390:[0m Skip calculation - we still don't have enough elements to pop the last observation
[2m2025-03-25T07:56:57.979407Z[0m [32m INFO[0m [1mnode[0m[1m{[0m[3mname[0m[2m=[0mk#99f25ef6..[1m}[0m[2m:[0m [2msui_core::checkpoints[0m[2m:[0m [2mcrates/sui-core/src/checkpoints/mod.rs[0m[2m:[0m[2m1326:[0m Creating checkpoint(s) for 2 transactions [3mnext_checkpoint_seq[0m[2m=[0m661 [3mcheckpoint_timestamp[0m[2m=[0m1742889417438
[2m2025-03-25T07:56:57.979734Z[0m [32m INFO[0m [1mnode[0m[1m{[0m[3mname[0m[2m=[0mk#8dcff6d1..[1m}[0m[2m:[0m [2msui_core::checkpoints[0m[2m:[0m [2mcrates/sui-core/src/checkpoints/mod.rs[0m[2m:[0m[2m1326:[0m Creating checkpoint(s) for 2 transactions [3mnext_checkpoint_seq[0m[2m=[0m661 [3mcheckpoint_timestamp[0m[2m=[0m1742889417438
[2m2025-03-25T07:56:57.979724Z[0m [32m INFO[0m [1mnode[0m[1m{[0m[3mname[0m[2m=[0mk#99f25ef6..[1m}[0m[2m:[0m [2msui_core::checkpoints::checkpoint_output[0m[2m:[0m [2mcrates/sui-core/src/checkpoints/checkpoint_output.rs[0m[2m:[0m[2m149:[0m Creating checkpoint CheckpointDigest(ARfDPEdw5enKdEUFFE6z6cfZ1RjTGwbfuwtYiijd2TuJ) at epoch 1, sequence 661, previous digest Some(CheckpointDigest(GMcZXcifz4VXmKJTC7F7P2yqSJbgvNj6xEpVuFLDwVZc)), transactions count 2, content digest CheckpointContentsDigest(7E6wHNbgjYrebNcSHUEbFrkFE1XpMVMw5kRUqgUCUDAe), end_of_epoch_data None
[2m2025-03-25T07:56:57.979978Z[0m [32m INFO[0m [1mnode[0m[1m{[0m[3mname[0m[2m=[0mk#8dcff6d1..[1m}[0m[2m:[0m [2msui_core::checkpoints::checkpoint_output[0m[2m:[0m [2mcrates/sui-core/src/checkpoints/checkpoint_output.rs[0m[2m:[0m[2m149:[0m Creating checkpoint CheckpointDigest(ARfDPEdw5enKdEUFFE6z6cfZ1RjTGwbfuwtYiijd2TuJ) at epoch 1, sequence 661, previous digest Some(CheckpointDigest(GMcZXcifz4VXmKJTC7F7P2yqSJbgvNj6xEpVuFLDwVZc)), transactions count 2, content digest CheckpointContentsDigest(7E6wHNbgjYrebNcSHUEbFrkFE1XpMVMw5kRUqgUCUDAe), end_of_epoch_data None
[2m2025-03-25T07:56:57.981065Z[0m [32m INFO[0m [1mnode[0m[1m{[0m[3mname[0m[2m=[0mk#addeef94..[1m}[0m[2m:[0m [2msui_core::checkpoints[0m[2m:[0m [2mcrates/sui-core/src/checkpoints/mod.rs[0m[2m:[0m[2m1326:[0m Creating checkpoint(s) for 2 transactions [3mnext_checkpoint_seq[0m[2m=[0m661 [3mcheckpoint_timestamp[0m[2m=[0m1742889417438
[2m2025-03-25T07:56:57.981315Z[0m [32m INFO[0m [1mnode[0m[1m{[0m[3mname[0m[2m=[0mk#addeef94..[1m}[0m[2m:[0m [2msui_core::checkpoints::checkpoint_output[0m[2m:[0m [2mcrates/sui-core/src/checkpoints/checkpoint_output.rs[0m[2m:[0m[2m149:[0m Creating checkpoint CheckpointDigest(ARfDPEdw5enKdEUFFE6z6cfZ1RjTGwbfuwtYiijd2TuJ) at epoch 1, sequence 661, previous digest Some(CheckpointDigest(GMcZXcifz4VXmKJTC7F7P2yqSJbgvNj6xEpVuFLDwVZc)), transactions count 2, content digest CheckpointContentsDigest(7E6wHNbgjYrebNcSHUEbFrkFE1XpMVMw5kRUqgUCUDAe), end_of_epoch_data None
[2m2025-03-25T07:56:57.983017Z[0m [32m INFO[0m [1mnode[0m[1m{[0m[3mname[0m[2m=[0mk#99f25ef6..[1m}[0m[2m:[0m [2msui_core::checkpoints::checkpoint_output[0m[2m:[0m [2mcrates/sui-core/src/checkpoints/checkpoint_output.rs[0m[2m:[0m[2m196:[0m Certified checkpoint with sequence 660 and digest GMcZXcifz4VXmKJTC7F7P2yqSJbgvNj6xEpVuFLDwVZc
[2m2025-03-25T07:56:57.983037Z[0m [32m INFO[0m [1mnode[0m[1m{[0m[3mname[0m[2m=[0mk#8dcff6d1..[1m}[0m[2m:[0m [2msui_core::checkpoints::checkpoint_output[0m[2m:[0m [2mcrates/sui-core/src/checkpoints/checkpoint_output.rs[0m[2m:[0m[2m196:[0m Certified checkpoint with sequence 660 and digest GMcZXcifz4VXmKJTC7F7P2yqSJbgvNj6xEpVuFLDwVZc
[2m2025-03-25T07:56:57.983384Z[0m [32m INFO[0m [1mnode[0m[1m{[0m[3mname[0m[2m=[0mk#8dcff6d1..[1m}[0m[2m:[0m [2msui_core::checkpoints::checkpoint_executor[0m[2m:[0m [2mcrates/sui-core/src/checkpoints/checkpoint_executor/mod.rs[0m[2m:[0m[2m332:[0m Received checkpoint summary from state sync [3msequence_number[0m[2m=[0m660
[2m2025-03-25T07:56:57.983384Z[0m [32m INFO[0m [1mnode[0m[1m{[0m[3mname[0m[2m=[0mk#99f25ef6..[1m}[0m[2m:[0m [2msui_core::checkpoints::checkpoint_executor[0m[2m:[0m [2mcrates/sui-core/src/checkpoints/checkpoint_executor/mod.rs[0m[2m:[0m[2m332:[0m Received checkpoint summary from state sync [3msequence_number[0m[2m=[0m660
[2m2025-03-25T07:56:57.984552Z[0m [32m INFO[0m [1mnode[0m[1m{[0m[3mname[0m[2m=[0mk#99f25ef6..[1m}[0m[2m:[0m [2msui_core::state_accumulator[0m[2m:[0m [2mcrates/sui-core/src/state_accumulator.rs[0m[2m:[0m[2m675:[0m accumulating running root for checkpoint 660
[2m2025-03-25T07:56:57.984556Z[0m [32m INFO[0m [1mnode[0m[1m{[0m[3mname[0m[2m=[0mk#8dcff6d1..[1m}[0m[2m:[0m [2msui_core::state_accumulator[0m[2m:[0m [2mcrates/sui-core/src/state_accumulator.rs[0m[2m:[0m[2m675:[0m accumulating running root for checkpoint 660
[2m2025-03-25T07:56:57.986724Z[0m [32m INFO[0m [1mnode[0m[1m{[0m[3mname[0m[2m=[0mk#addeef94..[1m}[0m[2m:[0m [2msui_core::checkpoints::checkpoint_executor[0m[2m:[0m [2mcrates/sui-core/src/checkpoints/checkpoint_executor/mod.rs[0m[2m:[0m[2m332:[0m Received checkpoint summary from state sync [3msequence_number[0m[2m=[0m660
[2m2025-03-25T07:56:57.987440Z[0m [32m INFO[0m [1mnode[0m[1m{[0m[3mname[0m[2m=[0mk#addeef94..[1m}[0m[2m:[0m [2msui_core::state_accumulator[0m[2m:[0m [2mcrates/sui-core/src/state_accumulator.rs[0m[2m:[0m[2m675:[0m accumulating running root for checkpoint 660
[2m2025-03-25T07:56:58.205019Z[0m [32m INFO[0m [1mnode[0m[1m{[0m[3mname[0m[2m=[0mk#99f25ef6..[1m}[0m[2m:[0m [2mconsensus_core::core[0m[2m:[0m [2mconsensus/core/src/core.rs[0m[2m:[0m[2m945:[0m Included 3 ancestors & excluded 0 ancestors for proposal in round 462
[2m2025-03-25T07:56:58.205402Z[0m [32m INFO[0m [1mnode[0m[1m{[0m[3mname[0m[2m=[0mk#99f25ef6..[1m}[0m[2m:[0m [2mconsensus_core::core[0m[2m:[0m [2mconsensus/core/src/core.rs[0m[2m:[0m[2m531:[0m Created block B462(B,gsd0iY9sr1G4VKtbZg8LDgbMi4AUXx6gynT7eE3KdH8=)(1742889418205ms;[B461(B,oEorM3uiS/dZFAZZI1tQnK+/gq9f5NYIYM1SpsjP/Ug=), B461(A,8jugXi+u5vvGqvW1synVYiptIQ3Nh5SCM/bvrgBwUXg=), B461(C,Sf6mEGmJp6obhoC9XEYSq1GL6GjKVjq/SDAcUa9BejI=)];1t;1c) for round 462
[2m2025-03-25T07:56:58.207069Z[0m [32m INFO[0m [1mnode[0m[1m{[0m[3mname[0m[2m=[0mk#addeef94..[1m}[0m[2m:[0m [2mconsensus_core::core[0m[2m:[0m [2mconsensus/core/src/core.rs[0m[2m:[0m[2m945:[0m Included 3 ancestors & excluded 0 ancestors for proposal in round 462
[2m2025-03-25T07:56:58.207069Z[0m [32m INFO[0m [1mnode[0m[1m{[0m[3mname[0m[2m=[0mk#8dcff6d1..[1m}[0m[2m:[0m [2mconsensus_core::core[0m[2m:[0m [2mconsensus/core/src/core.rs[0m[2m:[0m[2m945:[0m Included 3 ancestors & excluded 0 ancestors for proposal in round 462
[2m2025-03-25T07:56:58.207365Z[0m [32m INFO[0m [1mnode[0m[1m{[0m[3mname[0m[2m=[0mk#addeef94..[1m}[0m[2m:[0m [2mconsensus_core::core[0m[2m:[0m [2mconsensus/core/src/core.rs[0m[2m:[0m[2m531:[0m Created block B462(C,eEtftCwHyvnnULN2ulZsuvH/l1/S7iqpT5CLiWzuO08=)(1742889418207ms;[B461(C,Sf6mEGmJp6obhoC9XEYSq1GL6GjKVjq/SDAcUa9BejI=), B461(A,8jugXi+u5vvGqvW1synVYiptIQ3Nh5SCM/bvrgBwUXg=), B461(B,oEorM3uiS/dZFAZZI1tQnK+/gq9f5NYIYM1SpsjP/Ug=)];1t;1c) for round 462
[2m2025-03-25T07:56:58.207370Z[0m [32m INFO[0m [1mnode[0m[1m{[0m[3mname[0m[2m=[0mk#8dcff6d1..[1m}[0m[2m:[0m [2mconsensus_core::core[0m[2m:[0m [2mconsensus/core/src/core.rs[0m[2m:[0m[2m531:[0m Created block B462(A,wjB+ANPGF+7LtNh5UNZpItyMHCrCO9fK+plE+OGCQ08=)(1742889418207ms;[B461(A,8jugXi+u5vvGqvW1synVYiptIQ3Nh5SCM/bvrgBwUXg=), B461(B,oEorM3uiS/dZFAZZI1tQnK+/gq9f5NYIYM1SpsjP/Ug=), B461(C,Sf6mEGmJp6obhoC9XEYSq1GL6GjKVjq/SDAcUa9BejI=)];1t;1c) for round 462
[2m2025-03-25T07:56:58.207504Z[0m [32m INFO[0m [1mnode[0m[1m{[0m[3mname[0m[2m=[0mk#addeef94..[1m}[0m[2m:[0m [2mconsensus_core::core[0m[2m:[0m [2mconsensus/core/src/core.rs[0m[2m:[0m[2m630:[0m Committing 1 leaders: B460(B,lxKT)
[2m2025-03-25T07:56:58.207592Z[0m [32m INFO[0m [1mnode[0m[1m{[0m[3mname[0m[2m=[0mk#addeef94..[1m}[0m[2m:[0m [2mconsensus_core::commit_observer[0m[2m:[0m [2mconsensus/core/src/commit_observer.rs[0m[2m:[0m[2m173:[0m Consensus commit C449(M6/o) with leader B460(B,lxKT) has 3 blocks
[2m2025-03-25T07:56:58.207895Z[0m [32m INFO[0m [1mnode[0m[1m{[0m[3mname[0m[2m=[0mk#addeef94..[1m}[0m[2m:[0m [2msui_core::consensus_handler[0m[2m:[0m [2mcrates/sui-core/src/consensus_handler.rs[0m[2m:[0m[2m232:[0m Received consensus output [3mconsensus_commit[0m[2m=[0mCommittedSubDag(leader=B460(B,lxKT), ref=C449(M6/o), blocks=[C+1q, 2Vef, lxKT]) [3mepoch[0m[2m=[0m1
[2m2025-03-25T07:56:58.208683Z[0m [33m WARN[0m [1mnode[0m[1m{[0m[3mname[0m[2m=[0mk#addeef94..[1m}[0m[2m:[0m [2msui_core::consensus_throughput_calculator[0m[2m:[0m [2mcrates/sui-core/src/consensus_throughput_calculator.rs[0m[2m:[0m[2m390:[0m Skip calculation - we still don't have enough elements to pop the last observation
[2m2025-03-25T07:56:58.211021Z[0m [32m INFO[0m [1mnode[0m[1m{[0m[3mname[0m[2m=[0mk#8dcff6d1..[1m}[0m[2m:[0m [2msui_core::checkpoints::checkpoint_output[0m[2m:[0m [2mcrates/sui-core/src/checkpoints/checkpoint_output.rs[0m[2m:[0m[2m196:[0m Certified checkpoint with sequence 661 and digest ARfDPEdw5enKdEUFFE6z6cfZ1RjTGwbfuwtYiijd2TuJ
[2m2025-03-25T07:56:58.211137Z[0m [32m INFO[0m [1mnode[0m[1m{[0m[3mname[0m[2m=[0mk#8dcff6d1..[1m}[0m[2m:[0m [2mconsensus_core::core[0m[2m:[0m [2mconsensus/core/src/core.rs[0m[2m:[0m[2m630:[0m Committing 1 leaders: B460(B,lxKT)
[2m2025-03-25T07:56:58.211237Z[0m [32m INFO[0m [1mnode[0m[1m{[0m[3mname[0m[2m=[0mk#8dcff6d1..[1m}[0m[2m:[0m [2mconsensus_core::commit_observer[0m[2m:[0m [2mconsensus/core/src/commit_observer.rs[0m[2m:[0m[2m173:[0m Consensus commit C449(M6/o) with leader B460(B,lxKT) has 3 blocks
[2m2025-03-25T07:56:58.211480Z[0m [32m INFO[0m [1mnode[0m[1m{[0m[3mname[0m[2m=[0mk#99f25ef6..[1m}[0m[2m:[0m [2msui_core::checkpoints::checkpoint_output[0m[2m:[0m [2mcrates/sui-core/src/checkpoints/checkpoint_output.rs[0m[2m:[0m[2m196:[0m Certified checkpoint with sequence 661 and digest ARfDPEdw5enKdEUFFE6z6cfZ1RjTGwbfuwtYiijd2TuJ
[2m2025-03-25T07:56:58.211588Z[0m [32m INFO[0m [1mnode[0m[1m{[0m[3mname[0m[2m=[0mk#99f25ef6..[1m}[0m[2m:[0m [2mconsensus_core::core[0m[2m:[0m [2mconsensus/core/src/core.rs[0m[2m:[0m[2m630:[0m Committing 1 leaders: B460(B,lxKT)
[2m2025-03-25T07:56:58.211699Z[0m [32m INFO[0m [1mnode[0m[1m{[0m[3mname[0m[2m=[0mk#99f25ef6..[1m}[0m[2m:[0m [2mconsensus_core::commit_observer[0m[2m:[0m [2mconsensus/core/src/commit_observer.rs[0m[2m:[0m[2m173:[0m Consensus commit C449(M6/o) with leader B460(B,lxKT) has 3 blocks
[2m2025-03-25T07:56:58.211696Z[0m [32m INFO[0m [1mnode[0m[1m{[0m[3mname[0m[2m=[0mk#8dcff6d1..[1m}[0m[2m:[0m [2msui_core::consensus_handler[0m[2m:[0m [2mcrates/sui-core/src/consensus_handler.rs[0m[2m:[0m[2m232:[0m Received consensus output [3mconsensus_commit[0m[2m=[0mCommittedSubDag(leader=B460(B,lxKT), ref=C449(M6/o), blocks=[C+1q, 2Vef, lxKT]) [3mepoch[0m[2m=[0m1
[2m2025-03-25T07:56:58.212105Z[0m [32m INFO[0m [1mnode[0m[1m{[0m[3mname[0m[2m=[0mk#99f25ef6..[1m}[0m[2m:[0m [2msui_core::consensus_handler[0m[2m:[0m [2mcrates/sui-core/src/consensus_handler.rs[0m[2m:[0m[2m232:[0m Received consensus output [3mconsensus_commit[0m[2m=[0mCommittedSubDag(leader=B460(B,lxKT), ref=C449(M6/o), blocks=[C+1q, 2Vef, lxKT]) [3mepoch[0m[2m=[0m1
[2m2025-03-25T07:56:58.212297Z[0m [33m WARN[0m [1mnode[0m[1m{[0m[3mname[0m[2m=[0mk#8dcff6d1..[1m}[0m[2m:[0m [2msui_core::consensus_throughput_calculator[0m[2m:[0m [2mcrates/sui-core/src/consensus_throughput_calculator.rs[0m[2m:[0m[2m390:[0m Skip calculation - we still don't have enough elements to pop the last observation
[2m2025-03-25T07:56:58.212326Z[0m [32m INFO[0m [1mnode[0m[1m{[0m[3mname[0m[2m=[0mk#8dcff6d1..[1m}[0m[2m:[0m [2msui_core::checkpoints::checkpoint_executor[0m[2m:[0m [2mcrates/sui-core/src/checkpoints/checkpoint_executor/mod.rs[0m[2m:[0m[2m332:[0m Received checkpoint summary from state sync [3msequence_number[0m[2m=[0m661
[2m2025-03-25T07:56:58.212670Z[0m [33m WARN[0m [1mnode[0m[1m{[0m[3mname[0m[2m=[0mk#99f25ef6..[1m}[0m[2m:[0m [2msui_core::consensus_throughput_calculator[0m[2m:[0m [2mcrates/sui-core/src/consensus_throughput_calculator.rs[0m[2m:[0m[2m390:[0m Skip calculation - we still don't have enough elements to pop the last observation
[2m2025-03-25T07:56:58.212692Z[0m [32m INFO[0m [1mnode[0m[1m{[0m[3mname[0m[2m=[0mk#99f25ef6..[1m}[0m[2m:[0m [2msui_core::checkpoints::checkpoint_executor[0m[2m:[0m [2mcrates/sui-core/src/checkpoints/checkpoint_executor/mod.rs[0m[2m:[0m[2m332:[0m Received checkpoint summary from state sync [3msequence_number[0m[2m=[0m661
[2m2025-03-25T07:56:58.225941Z[0m [32m INFO[0m [1mnode[0m[1m{[0m[3mname[0m[2m=[0mk#8dcff6d1..[1m}[0m[2m:[0m [2msui_core::state_accumulator[0m[2m:[0m [2mcrates/sui-core/src/state_accumulator.rs[0m[2m:[0m[2m675:[0m accumulating running root for checkpoint 661
[2m2025-03-25T07:56:58.225955Z[0m [32m INFO[0m [1mnode[0m[1m{[0m[3mname[0m[2m=[0mk#99f25ef6..[1m}[0m[2m:[0m [2msui_core::state_accumulator[0m[2m:[0m [2mcrates/sui-core/src/state_accumulator.rs[0m[2m:[0m[2m675:[0m accumulating running root for checkpoint 661
[2m2025-03-25T07:56:58.252002Z[0m [32m INFO[0m [1mnode[0m[1m{[0m[3mname[0m[2m=[0mk#addeef94..[1m}[0m[2m:[0m [2msui_core::checkpoints[0m[2m:[0m [2mcrates/sui-core/src/checkpoints/mod.rs[0m[2m:[0m[2m1326:[0m Creating checkpoint(s) for 1 transactions [3mnext_checkpoint_seq[0m[2m=[0m662 [3mcheckpoint_timestamp[0m[2m=[0m1742889417693
[2m2025-03-25T07:56:58.252234Z[0m [32m INFO[0m [1mnode[0m[1m{[0m[3mname[0m[2m=[0mk#addeef94..[1m}[0m[2m:[0m [2msui_core::checkpoints::checkpoint_output[0m[2m:[0m [2mcrates/sui-core/src/checkpoints/checkpoint_output.rs[0m[2m:[0m[2m149:[0m Creating checkpoint CheckpointDigest(7xGBGX3TrmRGvDkvTz7CWzgwJeohftdKHDZ5ivPfnDfW) at epoch 1, sequence 662, previous digest Some(CheckpointDigest(ARfDPEdw5enKdEUFFE6z6cfZ1RjTGwbfuwtYiijd2TuJ)), transactions count 1, content digest CheckpointContentsDigest(9wNTVo4MVLpMFobYjhS4T8rfYRnJd7iPynkhEmmh2kKo), end_of_epoch_data None
[2m2025-03-25T07:56:58.257106Z[0m [32m INFO[0m [1mnode[0m[1m{[0m[3mname[0m[2m=[0mk#8dcff6d1..[1m}[0m[2m:[0m [2msui_core::checkpoints[0m[2m:[0m [2mcrates/sui-core/src/checkpoints/mod.rs[0m[2m:[0m[2m1326:[0m Creating checkpoint(s) for 1 transactions [3mnext_checkpoint_seq[0m[2m=[0m662 [3mcheckpoint_timestamp[0m[2m=[0m1742889417693
[2m2025-03-25T07:56:58.257121Z[0m [32m INFO[0m [1mnode[0m[1m{[0m[3mname[0m[2m=[0mk#99f25ef6..[1m}[0m[2m:[0m [2msui_core::checkpoints[0m[2m:[0m [2mcrates/sui-core/src/checkpoints/mod.rs[0m[2m:[0m[2m1326:[0m Creating checkpoint(s) for 1 transactions [3mnext_checkpoint_seq[0m[2m=[0m662 [3mcheckpoint_timestamp[0m[2m=[0m1742889417693
[2m2025-03-25T07:56:58.257296Z[0m [32m INFO[0m [1mnode[0m[1m{[0m[3mname[0m[2m=[0mk#99f25ef6..[1m}[0m[2m:[0m [2msui_core::checkpoints::checkpoint_output[0m[2m:[0m [2mcrates/sui-core/src/checkpoints/checkpoint_output.rs[0m[2m:[0m[2m149:[0m Creating checkpoint CheckpointDigest(7xGBGX3TrmRGvDkvTz7CWzgwJeohftdKHDZ5ivPfnDfW) at epoch 1, sequence 662, previous digest Some(CheckpointDigest(ARfDPEdw5enKdEUFFE6z6cfZ1RjTGwbfuwtYiijd2TuJ)), transactions count 1, content digest CheckpointContentsDigest(9wNTVo4MVLpMFobYjhS4T8rfYRnJd7iPynkhEmmh2kKo), end_of_epoch_data None
[2m2025-03-25T07:56:58.257296Z[0m [32m INFO[0m [1mnode[0m[1m{[0m[3mname[0m[2m=[0mk#8dcff6d1..[1m}[0m[2m:[0m [2msui_core::checkpoints::checkpoint_output[0m[2m:[0m [2mcrates/sui-core/src/checkpoints/checkpoint_output.rs[0m[2m:[0m[2m149:[0m Creating checkpoint CheckpointDigest(7xGBGX3TrmRGvDkvTz7CWzgwJeohftdKHDZ5ivPfnDfW) at epoch 1, sequence 662, previous digest Some(CheckpointDigest(ARfDPEdw5enKdEUFFE6z6cfZ1RjTGwbfuwtYiijd2TuJ)), transactions count 1, content digest CheckpointContentsDigest(9wNTVo4MVLpMFobYjhS4T8rfYRnJd7iPynkhEmmh2kKo), end_of_epoch_data None
[2m2025-03-25T07:56:58.275444Z[0m [32m INFO[0m [1mnode[0m[1m{[0m[3mname[0m[2m=[0mk#addeef94..[1m}[0m[2m:[0m [2msui_core::checkpoints::checkpoint_executor[0m[2m:[0m [2mcrates/sui-core/src/checkpoints/checkpoint_executor/mod.rs[0m[2m:[0m[2m332:[0m Received checkpoint summary from state sync [3msequence_number[0m[2m=[0m661
[2m2025-03-25T07:56:58.322000Z[0m [32m INFO[0m [1mnode[0m[1m{[0m[3mname[0m[2m=[0mk#addeef94..[1m}[0m[2m:[0m [2msui_core::state_accumulator[0m[2m:[0m [2mcrates/sui-core/src/state_accumulator.rs[0m[2m:[0m[2m675:[0m accumulating running root for checkpoint 661
[2m2025-03-25T07:56:58.459630Z[0m [32m INFO[0m [1mnode[0m[1m{[0m[3mname[0m[2m=[0mk#addeef94..[1m}[0m[2m:[0m [2mconsensus_core::core[0m[2m:[0m [2mconsensus/core/src/core.rs[0m[2m:[0m[2m945:[0m Included 3 ancestors & excluded 0 ancestors for proposal in round 463
[2m2025-03-25T07:56:58.459991Z[0m [32m INFO[0m [1mnode[0m[1m{[0m[3mname[0m[2m=[0mk#addeef94..[1m}[0m[2m:[0m [2mconsensus_core::core[0m[2m:[0m [2mconsensus/core/src/core.rs[0m[2m:[0m[2m531:[0m Created block B463(C,uuU9S6UcJKpoY2WJ5Hb9gwEA8sWjTklBQiN6PWR6tKM=)(1742889418459ms;[B462(C,eEtftCwHyvnnULN2ulZsuvH/l1/S7iqpT5CLiWzuO08=), B462(A,wjB+ANPGF+7LtNh5UNZpItyMHCrCO9fK+plE+OGCQ08=), B462(B,gsd0iY9sr1G4VKtbZg8LDgbMi4AUXx6gynT7eE3KdH8=)];1t;1c) for round 463
[2m2025-03-25T07:56:58.463036Z[0m [32m INFO[0m [1mnode[0m[1m{[0m[3mname[0m[2m=[0mk#99f25ef6..[1m}[0m[2m:[0m [2mconsensus_core::core[0m[2m:[0m [2mconsensus/core/src/core.rs[0m[2m:[0m[2m945:[0m Included 3 ancestors & excluded 0 ancestors for proposal in round 463
[2m2025-03-25T07:56:58.463036Z[0m [32m INFO[0m [1mnode[0m[1m{[0m[3mname[0m[2m=[0mk#8dcff6d1..[1m}[0m[2m:[0m [2mconsensus_core::core[0m[2m:[0m [2mconsensus/core/src/core.rs[0m[2m:[0m[2m945:[0m Included 3 ancestors & excluded 0 ancestors for proposal in round 463
[2m2025-03-25T07:56:58.463327Z[0m [32m INFO[0m [1mnode[0m[1m{[0m[3mname[0m[2m=[0mk#99f25ef6..[1m}[0m[2m:[0m [2mconsensus_core::core[0m[2m:[0m [2mconsensus/core/src/core.rs[0m[2m:[0m[2m531:[0m Created block B463(B,UWtb33sQZdSXQ30mAKaEbsSSv2BBsp4gz1gefXVfri8=)(1742889418463ms;[B462(B,gsd0iY9sr1G4VKtbZg8LDgbMi4AUXx6gynT7eE3KdH8=), B462(A,wjB+ANPGF+7LtNh5UNZpItyMHCrCO9fK+plE+OGCQ08=), B462(C,eEtftCwHyvnnULN2ulZsuvH/l1/S7iqpT5CLiWzuO08=)];1t;1c) for round 463
[2m2025-03-25T07:56:58.463331Z[0m [32m INFO[0m [1mnode[0m[1m{[0m[3mname[0m[2m=[0mk#8dcff6d1..[1m}[0m[2m:[0m [2mconsensus_core::core[0m[2m:[0m [2mconsensus/core/src/core.rs[0m[2m:[0m[2m531:[0m Created block B463(A,10AyrQFsKgDxPI1uXJ2nezzYicIvnjocMrbjkXnCTCY=)(1742889418463ms;[B462(A,wjB+ANPGF+7LtNh5UNZpItyMHCrCO9fK+plE+OGCQ08=), B462(B,gsd0iY9sr1G4VKtbZg8LDgbMi4AUXx6gynT7eE3KdH8=), B462(C,eEtftCwHyvnnULN2ulZsuvH/l1/S7iqpT5CLiWzuO08=)];1t;1c) for round 463
[2m2025-03-25T07:56:58.463398Z[0m [32m INFO[0m [1mnode[0m[1m{[0m[3mname[0m[2m=[0mk#8dcff6d1..[1m}[0m[2m:[0m [2mconsensus_core::core[0m[2m:[0m [2mconsensus/core/src/core.rs[0m[2m:[0m[2m630:[0m Committing 1 leaders: B461(A,8jug)
[2m2025-03-25T07:56:58.463398Z[0m [32m INFO[0m [1mnode[0m[1m{[0m[3mname[0m[2m=[0mk#99f25ef6..[1m}[0m[2m:[0m [2mconsensus_core::core[0m[2m:[0m [2mconsensus/core/src/core.rs[0m[2m:[0m[2m630:[0m Committing 1 leaders: B461(A,8jug)
[2m2025-03-25T07:56:58.463469Z[0m [32m INFO[0m [1mnode[0m[1m{[0m[3mname[0m[2m=[0mk#99f25ef6..[1m}[0m[2m:[0m [2mconsensus_core::commit_observer[0m[2m:[0m [2mconsensus/core/src/commit_observer.rs[0m[2m:[0m[2m173:[0m Consensus commit C450(5q2k) with leader B461(A,8jug) has 3 blocks
[2m2025-03-25T07:56:58.463469Z[0m [32m INFO[0m [1mnode[0m[1m{[0m[3mname[0m[2m=[0mk#8dcff6d1..[1m}[0m[2m:[0m [2mconsensus_core::commit_observer[0m[2m:[0m [2mconsensus/core/src/commit_observer.rs[0m[2m:[0m[2m173:[0m Consensus commit C450(5q2k) with leader B461(A,8jug) has 3 blocks
[2m2025-03-25T07:56:58.463556Z[0m [32m INFO[0m [1mnode[0m[1m{[0m[3mname[0m[2m=[0mk#99f25ef6..[1m}[0m[2m:[0m [2msui_core::consensus_handler[0m[2m:[0m [2mcrates/sui-core/src/consensus_handler.rs[0m[2m:[0m[2m232:[0m Received consensus output [3mconsensus_commit[0m[2m=[0mCommittedSubDag(leader=B461(A,8jug), ref=C450(5q2k), blocks=[FRYY, QMHc, 8jug]) [3mepoch[0m[2m=[0m1
[2m2025-03-25T07:56:58.463556Z[0m [32m INFO[0m [1mnode[0m[1m{[0m[3mname[0m[2m=[0mk#8dcff6d1..[1m}[0m[2m:[0m [2msui_core::consensus_handler[0m[2m:[0m [2mcrates/sui-core/src/consensus_handler.rs[0m[2m:[0m[2m232:[0m Received consensus output [3mconsensus_commit[0m[2m=[0mCommittedSubDag(leader=B461(A,8jug), ref=C450(5q2k), blocks=[FRYY, QMHc, 8jug]) [3mepoch[0m[2m=[0m1
[2m2025-03-25T07:56:58.464266Z[0m [33m WARN[0m [1mnode[0m[1m{[0m[3mname[0m[2m=[0mk#8dcff6d1..[1m}[0m[2m:[0m [2msui_core::consensus_throughput_calculator[0m[2m:[0m [2mcrates/sui-core/src/consensus_throughput_calculator.rs[0m[2m:[0m[2m390:[0m Skip calculation - we still don't have enough elements to pop the last observation
[2m2025-03-25T07:56:58.464266Z[0m [33m WARN[0m [1mnode[0m[1m{[0m[3mname[0m[2m=[0mk#99f25ef6..[1m}[0m[2m:[0m [2msui_core::consensus_throughput_calculator[0m[2m:[0m [2mcrates/sui-core/src/consensus_throughput_calculator.rs[0m[2m:[0m[2m390:[0m Skip calculation - we still don't have enough elements to pop the last observation
[2m2025-03-25T07:56:58.467204Z[0m [32m INFO[0m [1mnode[0m[1m{[0m[3mname[0m[2m=[0mk#addeef94..[1m}[0m[2m:[0m [2mconsensus_core::core[0m[2m:[0m [2mconsensus/core/src/core.rs[0m[2m:[0m[2m630:[0m Committing 1 leaders: B461(A,8jug)
[2m2025-03-25T07:56:58.467295Z[0m [32m INFO[0m [1mnode[0m[1m{[0m[3mname[0m[2m=[0mk#addeef94..[1m}[0m[2m:[0m [2mconsensus_core::commit_observer[0m[2m:[0m [2mconsensus/core/src/commit_observer.rs[0m[2m:[0m[2m173:[0m Consensus commit C450(5q2k) with leader B461(A,8jug) has 3 blocks
[2m2025-03-25T07:56:58.467421Z[0m [32m INFO[0m [1mnode[0m[1m{[0m[3mname[0m[2m=[0mk#addeef94..[1m}[0m[2m:[0m [2msui_core::consensus_handler[0m[2m:[0m [2mcrates/sui-core/src/consensus_handler.rs[0m[2m:[0m[2m232:[0m Received consensus output [3mconsensus_commit[0m[2m=[0mCommittedSubDag(leader=B461(A,8jug), ref=C450(5q2k), blocks=[FRYY, QMHc, 8jug]) [3mepoch[0m[2m=[0m1
[2m2025-03-25T07:56:58.467960Z[0m [33m WARN[0m [1mnode[0m[1m{[0m[3mname[0m[2m=[0mk#addeef94..[1m}[0m[2m:[0m [2msui_core::consensus_throughput_calculator[0m[2m:[0m [2mcrates/sui-core/src/consensus_throughput_calculator.rs[0m[2m:[0m[2m390:[0m Skip calculation - we still don't have enough elements to pop the last observation
[2m2025-03-25T07:56:58.490211Z[0m [32m INFO[0m [1mnode[0m[1m{[0m[3mname[0m[2m=[0mk#99f25ef6..[1m}[0m[2m:[0m [2msui_core::checkpoints[0m[2m:[0m [2mcrates/sui-core/src/checkpoints/mod.rs[0m[2m:[0m[2m1326:[0m Creating checkpoint(s) for 2 transactions [3mnext_checkpoint_seq[0m[2m=[0m663 [3mcheckpoint_timestamp[0m[2m=[0m1742889417953
[2m2025-03-25T07:56:58.490213Z[0m [32m INFO[0m [1mnode[0m[1m{[0m[3mname[0m[2m=[0mk#8dcff6d1..[1m}[0m[2m:[0m [2msui_core::checkpoints[0m[2m:[0m [2mcrates/sui-core/src/checkpoints/mod.rs[0m[2m:[0m[2m1326:[0m Creating checkpoint(s) for 2 transactions [3mnext_checkpoint_seq[0m[2m=[0m663 [3mcheckpoint_timestamp[0m[2m=[0m1742889417953
[2m2025-03-25T07:56:58.490525Z[0m [32m INFO[0m [1mnode[0m[1m{[0m[3mname[0m[2m=[0mk#99f25ef6..[1m}[0m[2m:[0m [2msui_core::checkpoints::checkpoint_output[0m[2m:[0m [2mcrates/sui-core/src/checkpoints/checkpoint_output.rs[0m[2m:[0m[2m149:[0m Creating checkpoint CheckpointDigest(A3XVbqZQQ13X6s9dVq68V8QXm6vFZvPZ5wCNNungwHxU) at epoch 1, sequence 663, previous digest Some(CheckpointDigest(7xGBGX3TrmRGvDkvTz7CWzgwJeohftdKHDZ5ivPfnDfW)), transactions count 2, content digest CheckpointContentsDigest(9fPfVGBnk7241nCP5aZ14Nc5R48ZG8QWDN9NznXqeieR), end_of_epoch_data None
[2m2025-03-25T07:56:58.490525Z[0m [32m INFO[0m [1mnode[0m[1m{[0m[3mname[0m[2m=[0mk#8dcff6d1..[1m}[0m[2m:[0m [2msui_core::checkpoints::checkpoint_output[0m[2m:[0m [2mcrates/sui-core/src/checkpoints/checkpoint_output.rs[0m[2m:[0m[2m149:[0m Creating checkpoint CheckpointDigest(A3XVbqZQQ13X6s9dVq68V8QXm6vFZvPZ5wCNNungwHxU) at epoch 1, sequence 663, previous digest Some(CheckpointDigest(7xGBGX3TrmRGvDkvTz7CWzgwJeohftdKHDZ5ivPfnDfW)), transactions count 2, content digest CheckpointContentsDigest(9fPfVGBnk7241nCP5aZ14Nc5R48ZG8QWDN9NznXqeieR), end_of_epoch_data None
[2m2025-03-25T07:56:58.493345Z[0m [32m INFO[0m [1mnode[0m[1m{[0m[3mname[0m[2m=[0mk#addeef94..[1m}[0m[2m:[0m [2msui_core::checkpoints[0m[2m:[0m [2mcrates/sui-core/src/checkpoints/mod.rs[0m[2m:[0m[2m1326:[0m Creating checkpoint(s) for 2 transactions [3mnext_checkpoint_seq[0m[2m=[0m663 [3mcheckpoint_timestamp[0m[2m=[0m1742889417953
[2m2025-03-25T07:56:58.493604Z[0m [32m INFO[0m [1mnode[0m[1m{[0m[3mname[0m[2m=[0mk#addeef94..[1m}[0m[2m:[0m [2msui_core::checkpoints::checkpoint_output[0m[2m:[0m [2mcrates/sui-core/src/checkpoints/checkpoint_output.rs[0m[2m:[0m[2m149:[0m Creating checkpoint CheckpointDigest(A3XVbqZQQ13X6s9dVq68V8QXm6vFZvPZ5wCNNungwHxU) at epoch 1, sequence 663, previous digest Some(CheckpointDigest(7xGBGX3TrmRGvDkvTz7CWzgwJeohftdKHDZ5ivPfnDfW)), transactions count 2, content digest CheckpointContentsDigest(9fPfVGBnk7241nCP5aZ14Nc5R48ZG8QWDN9NznXqeieR), end_of_epoch_data None
[2m2025-03-25T07:56:58.494061Z[0m [32m INFO[0m [1mnode[0m[1m{[0m[3mname[0m[2m=[0mk#99f25ef6..[1m}[0m[2m:[0m [2msui_core::checkpoints::checkpoint_output[0m[2m:[0m [2mcrates/sui-core/src/checkpoints/checkpoint_output.rs[0m[2m:[0m[2m196:[0m Certified checkpoint with sequence 662 and digest 7xGBGX3TrmRGvDkvTz7CWzgwJeohftdKHDZ5ivPfnDfW
[2m2025-03-25T07:56:58.494066Z[0m [32m INFO[0m [1mnode[0m[1m{[0m[3mname[0m[2m=[0mk#8dcff6d1..[1m}[0m[2m:[0m [2msui_core::checkpoints::checkpoint_output[0m[2m:[0m [2mcrates/sui-core/src/checkpoints/checkpoint_output.rs[0m[2m:[0m[2m196:[0m Certified checkpoint with sequence 662 and digest 7xGBGX3TrmRGvDkvTz7CWzgwJeohftdKHDZ5ivPfnDfW
[2m2025-03-25T07:56:58.494426Z[0m [32m INFO[0m [1mnode[0m[1m{[0m[3mname[0m[2m=[0mk#99f25ef6..[1m}[0m[2m:[0m [2msui_core::checkpoints::checkpoint_executor[0m[2m:[0m [2mcrates/sui-core/src/checkpoints/checkpoint_executor/mod.rs[0m[2m:[0m[2m332:[0m Received checkpoint summary from state sync [3msequence_number[0m[2m=[0m662
[2m2025-03-25T07:56:58.494426Z[0m [32m INFO[0m [1mnode[0m[1m{[0m[3mname[0m[2m=[0mk#8dcff6d1..[1m}[0m[2m:[0m [2msui_core::checkpoints::checkpoint_executor[0m[2m:[0m [2mcrates/sui-core/src/checkpoints/checkpoint_executor/mod.rs[0m[2m:[0m[2m332:[0m Received checkpoint summary from state sync [3msequence_number[0m[2m=[0m662
[2m2025-03-25T07:56:58.495593Z[0m [32m INFO[0m [1mnode[0m[1m{[0m[3mname[0m[2m=[0mk#99f25ef6..[1m}[0m[2m:[0m [2msui_core::state_accumulator[0m[2m:[0m [2mcrates/sui-core/src/state_accumulator.rs[0m[2m:[0m[2m675:[0m accumulating running root for checkpoint 662
[2m2025-03-25T07:56:58.495602Z[0m [32m INFO[0m [1mnode[0m[1m{[0m[3mname[0m[2m=[0mk#8dcff6d1..[1m}[0m[2m:[0m [2msui_core::state_accumulator[0m[2m:[0m [2mcrates/sui-core/src/state_accumulator.rs[0m[2m:[0m[2m675:[0m accumulating running root for checkpoint 662
[2m2025-03-25T07:56:58.497738Z[0m [32m INFO[0m [1mnode[0m[1m{[0m[3mname[0m[2m=[0mk#addeef94..[1m}[0m[2m:[0m [2msui_core::checkpoints::checkpoint_executor[0m[2m:[0m [2mcrates/sui-core/src/checkpoints/checkpoint_executor/mod.rs[0m[2m:[0m[2m332:[0m Received checkpoint summary from state sync [3msequence_number[0m[2m=[0m662
[2m2025-03-25T07:56:58.498429Z[0m [32m INFO[0m [1mnode[0m[1m{[0m[3mname[0m[2m=[0mk#addeef94..[1m}[0m[2m:[0m [2msui_core::state_accumulator[0m[2m:[0m [2mcrates/sui-core/src/state_accumulator.rs[0m[2m:[0m[2m675:[0m accumulating running root for checkpoint 662
[2m2025-03-25T07:56:58.716749Z[0m [32m INFO[0m [1mnode[0m[1m{[0m[3mname[0m[2m=[0mk#8dcff6d1..[1m}[0m[2m:[0m [2mconsensus_core::core[0m[2m:[0m [2mconsensus/core/src/core.rs[0m[2m:[0m[2m945:[0m Included 3 ancestors & excluded 0 ancestors for proposal in round 464
[2m2025-03-25T07:56:58.716749Z[0m [32m INFO[0m [1mnode[0m[1m{[0m[3mname[0m[2m=[0mk#99f25ef6..[1m}[0m[2m:[0m [2mconsensus_core::core[0m[2m:[0m [2mconsensus/core/src/core.rs[0m[2m:[0m[2m945:[0m Included 3 ancestors & excluded 0 ancestors for proposal in round 464
[2m2025-03-25T07:56:58.717132Z[0m [32m INFO[0m [1mnode[0m[1m{[0m[3mname[0m[2m=[0mk#8dcff6d1..[1m}[0m[2m:[0m [2mconsensus_core::core[0m[2m:[0m [2mconsensus/core/src/core.rs[0m[2m:[0m[2m531:[0m Created block B464(A,dDAVfQ0TJau0G9N7M0XonxtirMpNt7b9my5cxlgXt3Y=)(1742889418717ms;[B463(A,10AyrQFsKgDxPI1uXJ2nezzYicIvnjocMrbjkXnCTCY=), B463(B,UWtb33sQZdSXQ30mAKaEbsSSv2BBsp4gz1gefXVfri8=), B463(C,uuU9S6UcJKpoY2WJ5Hb9gwEA8sWjTklBQiN6PWR6tKM=)];1t;1c) for round 464
[2m2025-03-25T07:56:58.717132Z[0m [32m INFO[0m [1mnode[0m[1m{[0m[3mname[0m[2m=[0mk#99f25ef6..[1m}[0m[2m:[0m [2mconsensus_core::core[0m[2m:[0m [2mconsensus/core/src/core.rs[0m[2m:[0m[2m531:[0m Created block B464(B,iHRxuqvA43v2wvL0RSWjjfHhX7eTIX+NRw/PY52auo8=)(1742889418717ms;[B463(B,UWtb33sQZdSXQ30mAKaEbsSSv2BBsp4gz1gefXVfri8=), B463(A,10AyrQFsKgDxPI1uXJ2nezzYicIvnjocMrbjkXnCTCY=), B463(C,uuU9S6UcJKpoY2WJ5Hb9gwEA8sWjTklBQiN6PWR6tKM=)];1t;1c) for round 464
[2m2025-03-25T07:56:58.720415Z[0m [32m INFO[0m [1mnode[0m[1m{[0m[3mname[0m[2m=[0mk#addeef94..[1m}[0m[2m:[0m [2mconsensus_core::core[0m[2m:[0m [2mconsensus/core/src/core.rs[0m[2m:[0m[2m945:[0m Included 3 ancestors & excluded 0 ancestors for proposal in round 464
[2m2025-03-25T07:56:58.720722Z[0m [32m INFO[0m [1mnode[0m[1m{[0m[3mname[0m[2m=[0mk#addeef94..[1m}[0m[2m:[0m [2mconsensus_core::core[0m[2m:[0m [2mconsensus/core/src/core.rs[0m[2m:[0m[2m531:[0m Created block B464(C,4WzhJM7r5UCagbENHYT9UZeMxFxo/LpkAhPKsLsnAQ4=)(1742889418720ms;[B463(C,uuU9S6UcJKpoY2WJ5Hb9gwEA8sWjTklBQiN6PWR6tKM=), B463(A,10AyrQFsKgDxPI1uXJ2nezzYicIvnjocMrbjkXnCTCY=), B463(B,UWtb33sQZdSXQ30mAKaEbsSSv2BBsp4gz1gefXVfri8=)];1t;1c) for round 464
[2m2025-03-25T07:56:58.720787Z[0m [32m INFO[0m [1mnode[0m[1m{[0m[3mname[0m[2m=[0mk#addeef94..[1m}[0m[2m:[0m [2mconsensus_core::core[0m[2m:[0m [2mconsensus/core/src/core.rs[0m[2m:[0m[2m630:[0m Committing 1 leaders: B462(B,gsd0)
[2m2025-03-25T07:56:58.720856Z[0m [32m INFO[0m [1mnode[0m[1m{[0m[3mname[0m[2m=[0mk#addeef94..[1m}[0m[2m:[0m [2mconsensus_core::commit_observer[0m[2m:[0m [2mconsensus/core/src/commit_observer.rs[0m[2m:[0m[2m173:[0m Consensus commit C451(PlIu) with leader B462(B,gsd0) has 3 blocks
[2m2025-03-25T07:56:58.720937Z[0m [32m INFO[0m [1mnode[0m[1m{[0m[3mname[0m[2m=[0mk#addeef94..[1m}[0m[2m:[0m [2msui_core::consensus_handler[0m[2m:[0m [2mcrates/sui-core/src/consensus_handler.rs[0m[2m:[0m[2m232:[0m Received consensus output [3mconsensus_commit[0m[2m=[0mCommittedSubDag(leader=B462(B,gsd0), ref=C451(PlIu), blocks=[oEor, Sf6m, gsd0]) [3mepoch[0m[2m=[0m1
[2m2025-03-25T07:56:58.724021Z[0m [32m INFO[0m [1mnode[0m[1m{[0m[3mname[0m[2m=[0mk#8dcff6d1..[1m}[0m[2m:[0m [2msui_core::checkpoints::checkpoint_output[0m[2m:[0m [2mcrates/sui-core/src/checkpoints/checkpoint_output.rs[0m[2m:[0m[2m196:[0m Certified checkpoint with sequence 663 and digest A3XVbqZQQ13X6s9dVq68V8QXm6vFZvPZ5wCNNungwHxU
[2m2025-03-25T07:56:58.724027Z[0m [32m INFO[0m [1mnode[0m[1m{[0m[3mname[0m[2m=[0mk#99f25ef6..[1m}[0m[2m:[0m [2msui_core::checkpoints::checkpoint_output[0m[2m:[0m [2mcrates/sui-core/src/checkpoints/checkpoint_output.rs[0m[2m:[0m[2m196:[0m Certified checkpoint with sequence 663 and digest A3XVbqZQQ13X6s9dVq68V8QXm6vFZvPZ5wCNNungwHxU
[2m2025-03-25T07:56:58.724128Z[0m [32m INFO[0m [1mnode[0m[1m{[0m[3mname[0m[2m=[0mk#8dcff6d1..[1m}[0m[2m:[0m [2mconsensus_core::core[0m[2m:[0m [2mconsensus/core/src/core.rs[0m[2m:[0m[2m630:[0m Committing 1 leaders: B462(B,gsd0)
[2m2025-03-25T07:56:58.724135Z[0m [32m INFO[0m [1mnode[0m[1m{[0m[3mname[0m[2m=[0mk#99f25ef6..[1m}[0m[2m:[0m [2mconsensus_core::core[0m[2m:[0m [2mconsensus/core/src/core.rs[0m[2m:[0m[2m630:[0m Committing 1 leaders: B462(B,gsd0)
[2m2025-03-25T07:56:58.724231Z[0m [32m INFO[0m [1mnode[0m[1m{[0m[3mname[0m[2m=[0mk#8dcff6d1..[1m}[0m[2m:[0m [2mconsensus_core::commit_observer[0m[2m:[0m [2mconsensus/core/src/commit_observer.rs[0m[2m:[0m[2m173:[0m Consensus commit C451(PlIu) with leader B462(B,gsd0) has 3 blocks
[2m2025-03-25T07:56:58.724244Z[0m [32m INFO[0m [1mnode[0m[1m{[0m[3mname[0m[2m=[0mk#99f25ef6..[1m}[0m[2m:[0m [2mconsensus_core::commit_observer[0m[2m:[0m [2mconsensus/core/src/commit_observer.rs[0m[2m:[0m[2m173:[0m Consensus commit C451(PlIu) with leader B462(B,gsd0) has 3 blocks
[2m2025-03-25T07:56:58.724661Z[0m [32m INFO[0m [1mnode[0m[1m{[0m[3mname[0m[2m=[0mk#8dcff6d1..[1m}[0m[2m:[0m [2msui_core::consensus_handler[0m[2m:[0m [2mcrates/sui-core/src/consensus_handler.rs[0m[2m:[0m[2m232:[0m Received consensus output [3mconsensus_commit[0m[2m=[0mCommittedSubDag(leader=B462(B,gsd0), ref=C451(PlIu), blocks=[oEor, Sf6m, gsd0]) [3mepoch[0m[2m=[0m1
[2m2025-03-25T07:56:58.724663Z[0m [32m INFO[0m [1mnode[0m[1m{[0m[3mname[0m[2m=[0mk#99f25ef6..[1m}[0m[2m:[0m [2msui_core::consensus_handler[0m[2m:[0m [2mcrates/sui-core/src/consensus_handler.rs[0m[2m:[0m[2m232:[0m Received consensus output [3mconsensus_commit[0m[2m=[0mCommittedSubDag(leader=B462(B,gsd0), ref=C451(PlIu), blocks=[oEor, Sf6m, gsd0]) [3mepoch[0m[2m=[0m1
[2m2025-03-25T07:56:58.725269Z[0m [32m INFO[0m [1mnode[0m[1m{[0m[3mname[0m[2m=[0mk#8dcff6d1..[1m}[0m[2m:[0m [2msui_core::checkpoints::checkpoint_executor[0m[2m:[0m [2mcrates/sui-core/src/checkpoints/checkpoint_executor/mod.rs[0m[2m:[0m[2m332:[0m Received checkpoint summary from state sync [3msequence_number[0m[2m=[0m663
[2m2025-03-25T07:56:58.725269Z[0m [32m INFO[0m [1mnode[0m[1m{[0m[3mname[0m[2m=[0mk#99f25ef6..[1m}[0m[2m:[0m [2msui_core::checkpoints::checkpoint_executor[0m[2m:[0m [2mcrates/sui-core/src/checkpoints/checkpoint_executor/mod.rs[0m[2m:[0m[2m332:[0m Received checkpoint summary from state sync [3msequence_number[0m[2m=[0m663
[2m2025-03-25T07:56:58.738837Z[0m [32m INFO[0m [1mnode[0m[1m{[0m[3mname[0m[2m=[0mk#8dcff6d1..[1m}[0m[2m:[0m [2msui_core::state_accumulator[0m[2m:[0m [2mcrates/sui-core/src/state_accumulator.rs[0m[2m:[0m[2m675:[0m accumulating running root for checkpoint 663
[2m2025-03-25T07:56:58.738839Z[0m [32m INFO[0m [1mnode[0m[1m{[0m[3mname[0m[2m=[0mk#99f25ef6..[1m}[0m[2m:[0m [2msui_core::state_accumulator[0m[2m:[0m [2mcrates/sui-core/src/state_accumulator.rs[0m[2m:[0m[2m675:[0m accumulating running root for checkpoint 663
[2m2025-03-25T07:56:58.765033Z[0m [32m INFO[0m [1mnode[0m[1m{[0m[3mname[0m[2m=[0mk#addeef94..[1m}[0m[2m:[0m [2msui_core::checkpoints[0m[2m:[0m [2mcrates/sui-core/src/checkpoints/mod.rs[0m[2m:[0m[2m1326:[0m Creating checkpoint(s) for 1 transactions [3mnext_checkpoint_seq[0m[2m=[0m664 [3mcheckpoint_timestamp[0m[2m=[0m1742889418205
[2m2025-03-25T07:56:58.765263Z[0m [32m INFO[0m [1mnode[0m[1m{[0m[3mname[0m[2m=[0mk#addeef94..[1m}[0m[2m:[0m [2msui_core::checkpoints::checkpoint_output[0m[2m:[0m [2mcrates/sui-core/src/checkpoints/checkpoint_output.rs[0m[2m:[0m[2m149:[0m Creating checkpoint CheckpointDigest(F2DQbFdXJJZUunZK9aYqp9K5jqwrSiiaH7QDZioB5arM) at epoch 1, sequence 664, previous digest Some(CheckpointDigest(A3XVbqZQQ13X6s9dVq68V8QXm6vFZvPZ5wCNNungwHxU)), transactions count 1, content digest CheckpointContentsDigest(B435vroKMDE2DB2YdJbDKTF1W4DmiKtb25CtXkZSgoTx), end_of_epoch_data None
[2m2025-03-25T07:56:58.769943Z[0m [32m INFO[0m [1mnode[0m[1m{[0m[3mname[0m[2m=[0mk#8dcff6d1..[1m}[0m[2m:[0m [2msui_core::checkpoints[0m[2m:[0m [2mcrates/sui-core/src/checkpoints/mod.rs[0m[2m:[0m[2m1326:[0m Creating checkpoint(s) for 1 transactions [3mnext_checkpoint_seq[0m[2m=[0m664 [3mcheckpoint_timestamp[0m[2m=[0m1742889418205
[2m2025-03-25T07:56:58.770118Z[0m [32m INFO[0m [1mnode[0m[1m{[0m[3mname[0m[2m=[0mk#8dcff6d1..[1m}[0m[2m:[0m [2msui_core::checkpoints::checkpoint_output[0m[2m:[0m [2mcrates/sui-core/src/checkpoints/checkpoint_output.rs[0m[2m:[0m[2m149:[0m Creating checkpoint CheckpointDigest(F2DQbFdXJJZUunZK9aYqp9K5jqwrSiiaH7QDZioB5arM) at epoch 1, sequence 664, previous digest Some(CheckpointDigest(A3XVbqZQQ13X6s9dVq68V8QXm6vFZvPZ5wCNNungwHxU)), transactions count 1, content digest CheckpointContentsDigest(B435vroKMDE2DB2YdJbDKTF1W4DmiKtb25CtXkZSgoTx), end_of_epoch_data None
[2m2025-03-25T07:56:58.770158Z[0m [32m INFO[0m [1mnode[0m[1m{[0m[3mname[0m[2m=[0mk#99f25ef6..[1m}[0m[2m:[0m [2msui_core::checkpoints[0m[2m:[0m [2mcrates/sui-core/src/checkpoints/mod.rs[0m[2m:[0m[2m1326:[0m Creating checkpoint(s) for 1 transactions [3mnext_checkpoint_seq[0m[2m=[0m664 [3mcheckpoint_timestamp[0m[2m=[0m1742889418205
[2m2025-03-25T07:56:58.770326Z[0m [32m INFO[0m [1mnode[0m[1m{[0m[3mname[0m[2m=[0mk#99f25ef6..[1m}[0m[2m:[0m [2msui_core::checkpoints::checkpoint_output[0m[2m:[0m [2mcrates/sui-core/src/checkpoints/checkpoint_output.rs[0m[2m:[0m[2m149:[0m Creating checkpoint CheckpointDigest(F2DQbFdXJJZUunZK9aYqp9K5jqwrSiiaH7QDZioB5arM) at epoch 1, sequence 664, previous digest Some(CheckpointDigest(A3XVbqZQQ13X6s9dVq68V8QXm6vFZvPZ5wCNNungwHxU)), transactions count 1, content digest CheckpointContentsDigest(B435vroKMDE2DB2YdJbDKTF1W4DmiKtb25CtXkZSgoTx), end_of_epoch_data None
[2m2025-03-25T07:56:58.831168Z[0m [32m INFO[0m [1mnode[0m[1m{[0m[3mname[0m[2m=[0mk#addeef94..[1m}[0m[2m:[0m [2msui_core::checkpoints::checkpoint_executor[0m[2m:[0m [2mcrates/sui-core/src/checkpoints/checkpoint_executor/mod.rs[0m[2m:[0m[2m332:[0m Received checkpoint summary from state sync [3msequence_number[0m[2m=[0m663
[2m2025-03-25T07:56:58.832598Z[0m [32m INFO[0m [1mnode[0m[1m{[0m[3mname[0m[2m=[0mk#addeef94..[1m}[0m[2m:[0m [2msui_core::state_accumulator[0m[2m:[0m [2mcrates/sui-core/src/state_accumulator.rs[0m[2m:[0m[2m675:[0m accumulating running root for checkpoint 663
[2m2025-03-25T07:56:58.873676Z[0m [32m INFO[0m [1mnode[0m[1m{[0m[3mname[0m[2m=[0mk#b3f3cbb4..[1m}[0m[2m:[0m[1mjson-rpc-request[0m[2m:[0m[1mdev_inspect_transaction_block[0m[1m{[0m[3msender_address[0m[2m=[0m0x0000000000000000000000000000000000000000000000000000000000000000 [3mtx_bytes[0m[2m=[0mBase64("AAMBAQAAAAAAAAAAAAAAAAAAAAAAAAAAAAAAAAAAAAAAAAAJAQAAAAAAAAABAAECAAgAAAAAAAAAAAEAAAAAAAAAAAAAAAAAAAAAAAAAAAAAAAAAAAAAAAAAAAsGYnJpZGdlIGdldF90b2tlbl90cmFuc2Zlcl9hY3Rpb25fc3RhdHVzAAMBAAABAQABAgA=") [3mgas_price[0m[2m=[0mNone [3m_epoch[0m[2m=[0mNone [3madditional_args[0m[2m=[0mNone[1m}[0m[2m:[0m [2msui_json_rpc::transaction_execution_api[0m[2m:[0m [2mcrates/sui-json-rpc/src/transaction_execution_api.rs[0m[2m:[0m[2m351:[0m RPC took longer than threshold to complete. [3melapsed[0m[2m=[0m1.531653958s
[2m2025-03-25T07:56:58.874548Z[0m [32m INFO[0m [2msui_bridge::e2e_tests::test_utils[0m[2m:[0m [2mcrates/sui-bridge/src/e2e_tests/test_utils.rs[0m[2m:[0m[2m1452:[0m get_token_transfer_action_onchain_status_until_success took 2.597243333s, status: Pending
[2m2025-03-25T07:56:58.877177Z[0m [32m INFO[0m [1mnode[0m[1m{[0m[3mname[0m[2m=[0mk#b3f3cbb4..[1m}[0m[2m:[0m [2msui_core::state_accumulator[0m[2m:[0m [2mcrates/sui-core/src/state_accumulator.rs[0m[2m:[0m[2m675:[0m accumulating running root for checkpoint 575
[2m2025-03-25T07:56:58.967710Z[0m [32m INFO[0m [1mnode[0m[1m{[0m[3mname[0m[2m=[0mk#b3f3cbb4..[1m}[0m[2m:[0m [2msui_core::state_accumulator[0m[2m:[0m [2mcrates/sui-core/src/state_accumulator.rs[0m[2m:[0m[2m675:[0m accumulating running root for checkpoint 576
[2m2025-03-25T07:56:58.967997Z[0m [32m INFO[0m [1mnode[0m[1m{[0m[3mname[0m[2m=[0mk#b3f3cbb4..[1m}[0m[2m:[0m [2msui_core::checkpoints::checkpoint_executor[0m[2m:[0m [2mcrates/sui-core/src/checkpoints/checkpoint_executor/mod.rs[0m[2m:[0m[2m332:[0m Received checkpoint summary from state sync [3msequence_number[0m[2m=[0m636
[2m2025-03-25T07:56:58.973794Z[0m [32m INFO[0m [1mnode[0m[1m{[0m[3mname[0m[2m=[0mk#addeef94..[1m}[0m[2m:[0m [2mconsensus_core::core[0m[2m:[0m [2mconsensus/core/src/core.rs[0m[2m:[0m[2m945:[0m Included 3 ancestors & excluded 0 ancestors for proposal in round 465
[2m2025-03-25T07:56:58.974140Z[0m [32m INFO[0m [1mnode[0m[1m{[0m[3mname[0m[2m=[0mk#addeef94..[1m}[0m[2m:[0m [2mconsensus_core::core[0m[2m:[0m [2mconsensus/core/src/core.rs[0m[2m:[0m[2m531:[0m Created block B465(C,WM22MmmnIV4fCQZqWu3+dyDuc1WqkIWaZLEM0gha6eY=)(1742889418974ms;[B464(C,4WzhJM7r5UCagbENHYT9UZeMxFxo/LpkAhPKsLsnAQ4=), B464(A,dDAVfQ0TJau0G9N7M0XonxtirMpNt7b9my5cxlgXt3Y=), B464(B,iHRxuqvA43v2wvL0RSWjjfHhX7eTIX+NRw/PY52auo8=)];1t;1c) for round 465
[2m2025-03-25T07:56:58.976026Z[0m [32m INFO[0m [1mnode[0m[1m{[0m[3mname[0m[2m=[0mk#8dcff6d1..[1m}[0m[2m:[0m [2mconsensus_core::core[0m[2m:[0m [2mconsensus/core/src/core.rs[0m[2m:[0m[2m945:[0m Included 3 ancestors & excluded 0 ancestors for proposal in round 465
[2m2025-03-25T07:56:58.976028Z[0m [32m INFO[0m [1mnode[0m[1m{[0m[3mname[0m[2m=[0mk#99f25ef6..[1m}[0m[2m:[0m [2mconsensus_core::core[0m[2m:[0m [2mconsensus/core/src/core.rs[0m[2m:[0m[2m945:[0m Included 3 ancestors & excluded 0 ancestors for proposal in round 465
[2m2025-03-25T07:56:58.976312Z[0m [32m INFO[0m [1mnode[0m[1m{[0m[3mname[0m[2m=[0mk#8dcff6d1..[1m}[0m[2m:[0m [2mconsensus_core::core[0m[2m:[0m [2mconsensus/core/src/core.rs[0m[2m:[0m[2m531:[0m Created block B465(A,rVsND/bCNw+1bYeik84htMNRDrzIF50S5/5ED4Nea54=)(1742889418976ms;[B464(A,dDAVfQ0TJau0G9N7M0XonxtirMpNt7b9my5cxlgXt3Y=), B464(B,iHRxuqvA43v2wvL0RSWjjfHhX7eTIX+NRw/PY52auo8=), B464(C,4WzhJM7r5UCagbENHYT9UZeMxFxo/LpkAhPKsLsnAQ4=)];1t;1c) for round 465
[2m2025-03-25T07:56:58.976320Z[0m [32m INFO[0m [1mnode[0m[1m{[0m[3mname[0m[2m=[0mk#99f25ef6..[1m}[0m[2m:[0m [2mconsensus_core::core[0m[2m:[0m [2mconsensus/core/src/core.rs[0m[2m:[0m[2m531:[0m Created block B465(B,R8RZgbG/2FLN/1Z/U8k/N7BsQxqdaqZowcPKfu5wMXQ=)(1742889418976ms;[B464(B,iHRxuqvA43v2wvL0RSWjjfHhX7eTIX+NRw/PY52auo8=), B464(A,dDAVfQ0TJau0G9N7M0XonxtirMpNt7b9my5cxlgXt3Y=), B464(C,4WzhJM7r5UCagbENHYT9UZeMxFxo/LpkAhPKsLsnAQ4=)];1t;1c) for round 465
[2m2025-03-25T07:56:58.976379Z[0m [32m INFO[0m [1mnode[0m[1m{[0m[3mname[0m[2m=[0mk#8dcff6d1..[1m}[0m[2m:[0m [2mconsensus_core::core[0m[2m:[0m [2mconsensus/core/src/core.rs[0m[2m:[0m[2m630:[0m Committing 1 leaders: B463(A,10Ay)
[2m2025-03-25T07:56:58.976384Z[0m [32m INFO[0m [1mnode[0m[1m{[0m[3mname[0m[2m=[0mk#99f25ef6..[1m}[0m[2m:[0m [2mconsensus_core::core[0m[2m:[0m [2mconsensus/core/src/core.rs[0m[2m:[0m[2m630:[0m Committing 1 leaders: B463(A,10Ay)
[2m2025-03-25T07:56:58.976450Z[0m [32m INFO[0m [1mnode[0m[1m{[0m[3mname[0m[2m=[0mk#8dcff6d1..[1m}[0m[2m:[0m [2mconsensus_core::commit_observer[0m[2m:[0m [2mconsensus/core/src/commit_observer.rs[0m[2m:[0m[2m173:[0m Consensus commit C452(7Lpf) with leader B463(A,10Ay) has 3 blocks
[2m2025-03-25T07:56:58.976451Z[0m [32m INFO[0m [1mnode[0m[1m{[0m[3mname[0m[2m=[0mk#99f25ef6..[1m}[0m[2m:[0m [2mconsensus_core::commit_observer[0m[2m:[0m [2mconsensus/core/src/commit_observer.rs[0m[2m:[0m[2m173:[0m Consensus commit C452(7Lpf) with leader B463(A,10Ay) has 3 blocks
[2m2025-03-25T07:56:58.976534Z[0m [32m INFO[0m [1mnode[0m[1m{[0m[3mname[0m[2m=[0mk#8dcff6d1..[1m}[0m[2m:[0m [2msui_core::consensus_handler[0m[2m:[0m [2mcrates/sui-core/src/consensus_handler.rs[0m[2m:[0m[2m232:[0m Received consensus output [3mconsensus_commit[0m[2m=[0mCommittedSubDag(leader=B463(A,10Ay), ref=C452(7Lpf), blocks=[wjB+, eEtf, 10Ay]) [3mepoch[0m[2m=[0m1
[2m2025-03-25T07:56:58.976534Z[0m [32m INFO[0m [1mnode[0m[1m{[0m[3mname[0m[2m=[0mk#99f25ef6..[1m}[0m[2m:[0m [2msui_core::consensus_handler[0m[2m:[0m [2mcrates/sui-core/src/consensus_handler.rs[0m[2m:[0m[2m232:[0m Received consensus output [3mconsensus_commit[0m[2m=[0mCommittedSubDag(leader=B463(A,10Ay), ref=C452(7Lpf), blocks=[wjB+, eEtf, 10Ay]) [3mepoch[0m[2m=[0m1
[2m2025-03-25T07:56:58.980139Z[0m [32m INFO[0m [1mnode[0m[1m{[0m[3mname[0m[2m=[0mk#addeef94..[1m}[0m[2m:[0m [2mconsensus_core::core[0m[2m:[0m [2mconsensus/core/src/core.rs[0m[2m:[0m[2m630:[0m Committing 1 leaders: B463(A,10Ay)
[2m2025-03-25T07:56:58.980236Z[0m [32m INFO[0m [1mnode[0m[1m{[0m[3mname[0m[2m=[0mk#addeef94..[1m}[0m[2m:[0m [2mconsensus_core::commit_observer[0m[2m:[0m [2mconsensus/core/src/commit_observer.rs[0m[2m:[0m[2m173:[0m Consensus commit C452(7Lpf) with leader B463(A,10Ay) has 3 blocks
[2m2025-03-25T07:56:58.980364Z[0m [32m INFO[0m [1mnode[0m[1m{[0m[3mname[0m[2m=[0mk#addeef94..[1m}[0m[2m:[0m [2msui_core::consensus_handler[0m[2m:[0m [2mcrates/sui-core/src/consensus_handler.rs[0m[2m:[0m[2m232:[0m Received consensus output [3mconsensus_commit[0m[2m=[0mCommittedSubDag(leader=B463(A,10Ay), ref=C452(7Lpf), blocks=[wjB+, eEtf, 10Ay]) [3mepoch[0m[2m=[0m1
[2m2025-03-25T07:56:59.002944Z[0m [32m INFO[0m [1mnode[0m[1m{[0m[3mname[0m[2m=[0mk#8dcff6d1..[1m}[0m[2m:[0m [2msui_core::checkpoints[0m[2m:[0m [2mcrates/sui-core/src/checkpoints/mod.rs[0m[2m:[0m[2m1326:[0m Creating checkpoint(s) for 2 transactions [3mnext_checkpoint_seq[0m[2m=[0m665 [3mcheckpoint_timestamp[0m[2m=[0m1742889418463
[2m2025-03-25T07:56:59.002944Z[0m [32m INFO[0m [1mnode[0m[1m{[0m[3mname[0m[2m=[0mk#99f25ef6..[1m}[0m[2m:[0m [2msui_core::checkpoints[0m[2m:[0m [2mcrates/sui-core/src/checkpoints/mod.rs[0m[2m:[0m[2m1326:[0m Creating checkpoint(s) for 2 transactions [3mnext_checkpoint_seq[0m[2m=[0m665 [3mcheckpoint_timestamp[0m[2m=[0m1742889418463
[2m2025-03-25T07:56:59.003258Z[0m [32m INFO[0m [1mnode[0m[1m{[0m[3mname[0m[2m=[0mk#99f25ef6..[1m}[0m[2m:[0m [2msui_core::checkpoints::checkpoint_output[0m[2m:[0m [2mcrates/sui-core/src/checkpoints/checkpoint_output.rs[0m[2m:[0m[2m149:[0m Creating checkpoint CheckpointDigest(G72oTj5L5ydUqaVVhTQJ3BgnqGUcTaaGmZzmgWzYuyfk) at epoch 1, sequence 665, previous digest Some(CheckpointDigest(F2DQbFdXJJZUunZK9aYqp9K5jqwrSiiaH7QDZioB5arM)), transactions count 2, content digest CheckpointContentsDigest(ABRWUsLdFnqaJMvTo2VVYdEEoEymmLiPG5hzSPP1hYZF), end_of_epoch_data None
[2m2025-03-25T07:56:59.003258Z[0m [32m INFO[0m [1mnode[0m[1m{[0m[3mname[0m[2m=[0mk#8dcff6d1..[1m}[0m[2m:[0m [2msui_core::checkpoints::checkpoint_output[0m[2m:[0m [2mcrates/sui-core/src/checkpoints/checkpoint_output.rs[0m[2m:[0m[2m149:[0m Creating checkpoint CheckpointDigest(G72oTj5L5ydUqaVVhTQJ3BgnqGUcTaaGmZzmgWzYuyfk) at epoch 1, sequence 665, previous digest Some(CheckpointDigest(F2DQbFdXJJZUunZK9aYqp9K5jqwrSiiaH7QDZioB5arM)), transactions count 2, content digest CheckpointContentsDigest(ABRWUsLdFnqaJMvTo2VVYdEEoEymmLiPG5hzSPP1hYZF), end_of_epoch_data None
[2m2025-03-25T07:56:59.006474Z[0m [32m INFO[0m [1mnode[0m[1m{[0m[3mname[0m[2m=[0mk#addeef94..[1m}[0m[2m:[0m [2msui_core::checkpoints[0m[2m:[0m [2mcrates/sui-core/src/checkpoints/mod.rs[0m[2m:[0m[2m1326:[0m Creating checkpoint(s) for 2 transactions [3mnext_checkpoint_seq[0m[2m=[0m665 [3mcheckpoint_timestamp[0m[2m=[0m1742889418463
[2m2025-03-25T07:56:59.006615Z[0m [32m INFO[0m [1mnode[0m[1m{[0m[3mname[0m[2m=[0mk#8dcff6d1..[1m}[0m[2m:[0m [2msui_core::checkpoints::checkpoint_output[0m[2m:[0m [2mcrates/sui-core/src/checkpoints/checkpoint_output.rs[0m[2m:[0m[2m196:[0m Certified checkpoint with sequence 664 and digest F2DQbFdXJJZUunZK9aYqp9K5jqwrSiiaH7QDZioB5arM
[2m2025-03-25T07:56:59.006619Z[0m [32m INFO[0m [1mnode[0m[1m{[0m[3mname[0m[2m=[0mk#99f25ef6..[1m}[0m[2m:[0m [2msui_core::checkpoints::checkpoint_output[0m[2m:[0m [2mcrates/sui-core/src/checkpoints/checkpoint_output.rs[0m[2m:[0m[2m196:[0m Certified checkpoint with sequence 664 and digest F2DQbFdXJJZUunZK9aYqp9K5jqwrSiiaH7QDZioB5arM
[2m2025-03-25T07:56:59.006733Z[0m [32m INFO[0m [1mnode[0m[1m{[0m[3mname[0m[2m=[0mk#addeef94..[1m}[0m[2m:[0m [2msui_core::checkpoints::checkpoint_output[0m[2m:[0m [2mcrates/sui-core/src/checkpoints/checkpoint_output.rs[0m[2m:[0m[2m149:[0m Creating checkpoint CheckpointDigest(G72oTj5L5ydUqaVVhTQJ3BgnqGUcTaaGmZzmgWzYuyfk) at epoch 1, sequence 665, previous digest Some(CheckpointDigest(F2DQbFdXJJZUunZK9aYqp9K5jqwrSiiaH7QDZioB5arM)), transactions count 2, content digest CheckpointContentsDigest(ABRWUsLdFnqaJMvTo2VVYdEEoEymmLiPG5hzSPP1hYZF), end_of_epoch_data None
[2m2025-03-25T07:56:59.007764Z[0m [32m INFO[0m [1mnode[0m[1m{[0m[3mname[0m[2m=[0mk#99f25ef6..[1m}[0m[2m:[0m [2msui_core::checkpoints::checkpoint_executor[0m[2m:[0m [2mcrates/sui-core/src/checkpoints/checkpoint_executor/mod.rs[0m[2m:[0m[2m332:[0m Received checkpoint summary from state sync [3msequence_number[0m[2m=[0m664
[2m2025-03-25T07:56:59.008083Z[0m [32m INFO[0m [1mnode[0m[1m{[0m[3mname[0m[2m=[0mk#8dcff6d1..[1m}[0m[2m:[0m [2msui_core::checkpoints::checkpoint_executor[0m[2m:[0m [2mcrates/sui-core/src/checkpoints/checkpoint_executor/mod.rs[0m[2m:[0m[2m332:[0m Received checkpoint summary from state sync [3msequence_number[0m[2m=[0m664
[2m2025-03-25T07:56:59.008868Z[0m [32m INFO[0m [1mnode[0m[1m{[0m[3mname[0m[2m=[0mk#99f25ef6..[1m}[0m[2m:[0m [2msui_core::state_accumulator[0m[2m:[0m [2mcrates/sui-core/src/state_accumulator.rs[0m[2m:[0m[2m675:[0m accumulating running root for checkpoint 664
[2m2025-03-25T07:56:59.008910Z[0m [32m INFO[0m [1mnode[0m[1m{[0m[3mname[0m[2m=[0mk#b3f3cbb4..[1m}[0m[2m:[0m [2msui_core::state_accumulator[0m[2m:[0m [2mcrates/sui-core/src/state_accumulator.rs[0m[2m:[0m[2m675:[0m accumulating running root for checkpoint 577
[2m2025-03-25T07:56:59.009046Z[0m [32m INFO[0m [1mnode[0m[1m{[0m[3mname[0m[2m=[0mk#8dcff6d1..[1m}[0m[2m:[0m [2msui_core::state_accumulator[0m[2m:[0m [2mcrates/sui-core/src/state_accumulator.rs[0m[2m:[0m[2m675:[0m accumulating running root for checkpoint 664
[2m2025-03-25T07:56:59.009164Z[0m [32m INFO[0m [1mnode[0m[1m{[0m[3mname[0m[2m=[0mk#b3f3cbb4..[1m}[0m[2m:[0m [2msui_core::checkpoints::checkpoint_executor[0m[2m:[0m [2mcrates/sui-core/src/checkpoints/checkpoint_executor/mod.rs[0m[2m:[0m[2m332:[0m Received checkpoint summary from state sync [3msequence_number[0m[2m=[0m637
[2m2025-03-25T07:56:59.010655Z[0m [32m INFO[0m [1mnode[0m[1m{[0m[3mname[0m[2m=[0mk#addeef94..[1m}[0m[2m:[0m [2msui_core::checkpoints::checkpoint_executor[0m[2m:[0m [2mcrates/sui-core/src/checkpoints/checkpoint_executor/mod.rs[0m[2m:[0m[2m332:[0m Received checkpoint summary from state sync [3msequence_number[0m[2m=[0m664
[2m2025-03-25T07:56:59.011373Z[0m [32m INFO[0m [1mnode[0m[1m{[0m[3mname[0m[2m=[0mk#addeef94..[1m}[0m[2m:[0m [2msui_core::state_accumulator[0m[2m:[0m [2mcrates/sui-core/src/state_accumulator.rs[0m[2m:[0m[2m675:[0m accumulating running root for checkpoint 664
[2m2025-03-25T07:56:59.042701Z[0m [32m INFO[0m [1mnode[0m[1m{[0m[3mname[0m[2m=[0mk#b3f3cbb4..[1m}[0m[2m:[0m [2msui_core::state_accumulator[0m[2m:[0m [2mcrates/sui-core/src/state_accumulator.rs[0m[2m:[0m[2m675:[0m accumulating running root for checkpoint 578
[2m2025-03-25T07:56:59.138137Z[0m [32m INFO[0m [1mnode[0m[1m{[0m[3mname[0m[2m=[0mk#b3f3cbb4..[1m}[0m[2m:[0m [2msui_core::state_accumulator[0m[2m:[0m [2mcrates/sui-core/src/state_accumulator.rs[0m[2m:[0m[2m675:[0m accumulating running root for checkpoint 579
[2m2025-03-25T07:56:59.138399Z[0m [32m INFO[0m [1mnode[0m[1m{[0m[3mname[0m[2m=[0mk#b3f3cbb4..[1m}[0m[2m:[0m [2msui_core::checkpoints::checkpoint_executor[0m[2m:[0m [2mcrates/sui-core/src/checkpoints/checkpoint_executor/mod.rs[0m[2m:[0m[2m332:[0m Received checkpoint summary from state sync [3msequence_number[0m[2m=[0m638
[2m2025-03-25T07:56:59.175814Z[0m [31mERROR[0m [1mnode[0m[1m{[0m[3mname[0m[2m=[0mk#b3f3cbb4..[1m}[0m[2m:[0m [2msui_core::transaction_orchestrator[0m[2m:[0m [2mcrates/sui-core/src/transaction_orchestrator.rs[0m[2m:[0m[2m138:[0m [3merror[0m[2m=[0mTransaction has non recoverable errors from at least 1/3 of validators: [(UserInputError { error: ObjectVersionUnavailableForConsumption { provided_obj_ref: (0xd7d7820b1d5a3802a2c50420aa60d9072814fcfac9e333ae55536bce5ecc4924, SequenceNumber(114), o#G6tFPuFyAAWMEecgda16xEPfTgTnxE2mborPfAPjqm3W), current_version: SequenceNumber(341) } }, 6666, [k#8dcff6d1.., k#99f25ef6..])].
[2m2025-03-25T07:56:59.175872Z[0m [32m INFO[0m [1mnode[0m[1m{[0m[3mname[0m[2m=[0mk#b3f3cbb4..[1m}[0m[2m:[0m [2msui_core::checkpoints::checkpoint_executor[0m[2m:[0m [2mcrates/sui-core/src/checkpoints/checkpoint_executor/mod.rs[0m[2m:[0m[2m332:[0m Received checkpoint summary from state sync [3msequence_number[0m[2m=[0m639
[2m2025-03-25T07:56:59.176127Z[0m [32m INFO[0m [1mnode[0m[1m{[0m[3mname[0m[2m=[0mk#b3f3cbb4..[1m}[0m[2m:[0m [2msui_core::checkpoints::checkpoint_executor[0m[2m:[0m [2mcrates/sui-core/src/checkpoints/checkpoint_executor/mod.rs[0m[2m:[0m[2m332:[0m Received checkpoint summary from state sync [3msequence_number[0m[2m=[0m640
[2m2025-03-25T07:56:59.176466Z[0m [32m INFO[0m [1mnode[0m[1m{[0m[3mname[0m[2m=[0mk#b3f3cbb4..[1m}[0m[2m:[0m [2msui_core::state_accumulator[0m[2m:[0m [2mcrates/sui-core/src/state_accumulator.rs[0m[2m:[0m[2m675:[0m accumulating running root for checkpoint 580
[2m2025-03-25T07:56:59.176696Z[0m [32m INFO[0m [1mnode[0m[1m{[0m[3mname[0m[2m=[0mk#b3f3cbb4..[1m}[0m[2m:[0m [2msui_core::checkpoints::checkpoint_executor[0m[2m:[0m [2mcrates/sui-core/src/checkpoints/checkpoint_executor/mod.rs[0m[2m:[0m[2m332:[0m Received checkpoint summary from state sync [3msequence_number[0m[2m=[0m641
[2m2025-03-25T07:56:59.176742Z[0m [32m INFO[0m [1mnode[0m[1m{[0m[3mname[0m[2m=[0mk#b3f3cbb4..[1m}[0m[2m:[0m [2msui_core::checkpoints::checkpoint_executor[0m[2m:[0m [2mcrates/sui-core/src/checkpoints/checkpoint_executor/mod.rs[0m[2m:[0m[2m332:[0m Received checkpoint summary from state sync [3msequence_number[0m[2m=[0m642
[2m2025-03-25T07:56:59.176782Z[0m [32m INFO[0m [1mnode[0m[1m{[0m[3mname[0m[2m=[0mk#b3f3cbb4..[1m}[0m[2m:[0m [2msui_core::checkpoints::checkpoint_executor[0m[2m:[0m [2mcrates/sui-core/src/checkpoints/checkpoint_executor/mod.rs[0m[2m:[0m[2m332:[0m Received checkpoint summary from state sync [3msequence_number[0m[2m=[0m643
[2m2025-03-25T07:56:59.176821Z[0m [32m INFO[0m [1mnode[0m[1m{[0m[3mname[0m[2m=[0mk#b3f3cbb4..[1m}[0m[2m:[0m [2msui_core::checkpoints::checkpoint_executor[0m[2m:[0m [2mcrates/sui-core/src/checkpoints/checkpoint_executor/mod.rs[0m[2m:[0m[2m332:[0m Received checkpoint summary from state sync [3msequence_number[0m[2m=[0m644
[2m2025-03-25T07:56:59.207035Z[0m [31mERROR[0m [1mnode[0m[1m{[0m[3mname[0m[2m=[0mk#b3f3cbb4..[1m}[0m[2m:[0m[1mjson-rpc-request[0m[2m:[0m[1mexecute_transaction_block[0m[1m{[0m[3mtx_bytes[0m[2m=[0mBase64("AAAMAAECAAgAAAAAAAAAAAAhIASpKrNcMERyIJZGlcwE39sm0AfBe/UMF48Z6suYGvyhAAEMABUU+VEOtc+UzfpAe6X8W/L50OGIerAACAQAAAAAAAAAAAgAQHoQ81oAAAABAAEBAAAAAAAAAAAAAAAAAAAAAAAAAAAAAAAAAAAAAAAAAAkBAAAAAAAAAAEBAQAAAAAAAAAAAAAAAAAAAAAAAAAAAAAAAAAAAAAAAAAGAQAAAAAAAAAAAQDX14ILHVo4AqLFBCCqYNkHKBT8+snjM65VU2vOXsxJJHIAAAAAAAAAIOBhJ4oP/L/MeEv6iLQL4aZc4ZWwUnnKxr98iBo4POnhAEMBQR/3UMxhz1pomZXOftVoGFiU7s73Qh59zTatJYlubThQHBB4L0TsLex0BdIGI6p95wO2BYqo8jW+agpgYbfzdJUBAgAAAAAAAAAAAAAAAAAAAAAAAAAAAAAAAAAAAAAAAAAACwdtZXNzYWdlG2NyZWF0ZV90b2tlbl9icmlkZ2VfbWVzc2FnZQAJAQAAAQEAAQIAAQMAAQQAAQUAAQYAAQcAAQcAAAAAAAAAAAAAAAAAAAAAAAAAAAAAAAAAAAAAAAAAAAALBmJyaWRnZRZhcHByb3ZlX3Rva2VuX3RyYW5zZmVyAAMBCAACAAABCwBP9C3ZJhKxTxCTl0FsPl02Ku5l19NFnbG4AWTx+EpZwwEFnFtlPaP2J62Ft5R6FjStMFX4GyQSW32bIxeLAUa/xlUBAAAAAAAAIDZCwiGUBBRO86kq7aAUBrawEt3oQwHtrnMk32sGJ5QjT/Qt2SYSsU8Qk5dBbD5dNiruZdfTRZ2xuAFk8fhKWcNkAAAAAAAAAADh9QUAAAAAAA==") [3msignatures[0m[2m=[0m[Base64("Afgw9XKN/B2RZYa5qvYNLl2juVPUU1PTdQ1UuRDTbhXVHN80fqxmVWOIBVRRKE2tD4R1qoW7biJ73vFlHmruIk0CeAYk1RtwfaqjNexbgIg00P1m8SbZQxvHSl8zs5cplYw=")] [3mopts[0m[2m=[0mSome(SuiTransactionBlockResponseOptions { show_input: false, show_raw_input: false, show_effects: true, show_events: true, show_object_changes: false, show_balance_changes: false, show_raw_effects: false }) [3mrequest_type[0m[2m=[0mNone[1m}[0m[2m:[0m [2msui_json_rpc::transaction_execution_api[0m[2m:[0m [2mcrates/sui-json-rpc/src/transaction_execution_api.rs[0m[2m:[0m[2m334:[0m [3merror[0m[2m=[0mQuorumDriverError(NonRecoverableTransactionError { errors: [(UserInputError { error: ObjectVersionUnavailableForConsumption { provided_obj_ref: (0xd7d7820b1d5a3802a2c50420aa60d9072814fcfac9e333ae55536bce5ecc4924, SequenceNumber(114), o#G6tFPuFyAAWMEecgda16xEPfTgTnxE2mborPfAPjqm3W), current_version: SequenceNumber(341) } }, 6666, [k#8dcff6d1.., k#99f25ef6..])] })
[2m2025-03-25T07:56:59.207500Z[0m [31mERROR[0m [1mhandle_execution_task[0m[1m{[0m[3maction_key[0m[2m=[0mBridgeActionKey(0,2,0) [3mattempt_times[0m[2m=[0m4[1m}[0m[2m:[0m [2msui_bridge::action_executor[0m[2m:[0m [2mcrates/sui-bridge/src/action_executor.rs[0m[2m:[0m[2m551:[0m Sui transaction failed at signing: SuiTxFailureGeneric("RPC call failed: ErrorObject { code: ServerError(-32002), message: \"Transaction validator signing failed due to issues with transaction inputs, please review the errors and try again:\\n- Object BFCd7d7820b1d5a3802a2c50420aa60d9072814fcfac9e333ae55536bce5ecc49245409 SequenceNumber(114) o#G6tFPuFyAAWMEecgda16xEPfTgTnxE2mborPfAPjqm3W is not available for consumption, its current version: SequenceNumber(341).\", data: None }") [3maction_key[0m[2m=[0mBridgeActionKey(0,2,0) [3mtx_digest[0m[2m=[0mTransactionDigest(GDSurpEu2x2PVvpwcUqP5MTXTQ8jWoYdMxzexGq3UM9X)
[2m2025-03-25T07:56:59.207550Z[0m [32m INFO[0m [2msui_bridge::action_executor[0m[2m:[0m [2mcrates/sui-bridge/src/action_executor.rs[0m[2m:[0m[2m560:[0m Spawning future crates/sui-bridge/src/action_executor.rs:560
[2m2025-03-25T07:56:59.219914Z[0m [32m INFO[0m [1mnode[0m[1m{[0m[3mname[0m[2m=[0mk#b3f3cbb4..[1m}[0m[2m:[0m [2msui_core::state_accumulator[0m[2m:[0m [2mcrates/sui-core/src/state_accumulator.rs[0m[2m:[0m[2m675:[0m accumulating running root for checkpoint 581
[2m2025-03-25T07:56:59.220286Z[0m [32m INFO[0m [1mnode[0m[1m{[0m[3mname[0m[2m=[0mk#b3f3cbb4..[1m}[0m[2m:[0m [2msui_core::checkpoints::checkpoint_executor[0m[2m:[0m [2mcrates/sui-core/src/checkpoints/checkpoint_executor/mod.rs[0m[2m:[0m[2m332:[0m Received checkpoint summary from state sync [3msequence_number[0m[2m=[0m645
[2m2025-03-25T07:56:59.220330Z[0m [32m INFO[0m [1mnode[0m[1m{[0m[3mname[0m[2m=[0mk#b3f3cbb4..[1m}[0m[2m:[0m [2msui_core::checkpoints::checkpoint_executor[0m[2m:[0m [2mcrates/sui-core/src/checkpoints/checkpoint_executor/mod.rs[0m[2m:[0m[2m332:[0m Received checkpoint summary from state sync [3msequence_number[0m[2m=[0m646
[2m2025-03-25T07:56:59.220375Z[0m [32m INFO[0m [1mnode[0m[1m{[0m[3mname[0m[2m=[0mk#b3f3cbb4..[1m}[0m[2m:[0m [2msui_core::checkpoints::checkpoint_executor[0m[2m:[0m [2mcrates/sui-core/src/checkpoints/checkpoint_executor/mod.rs[0m[2m:[0m[2m332:[0m Received checkpoint summary from state sync [3msequence_number[0m[2m=[0m647
[2m2025-03-25T07:56:59.220416Z[0m [32m INFO[0m [1mnode[0m[1m{[0m[3mname[0m[2m=[0mk#b3f3cbb4..[1m}[0m[2m:[0m [2msui_core::checkpoints::checkpoint_executor[0m[2m:[0m [2mcrates/sui-core/src/checkpoints/checkpoint_executor/mod.rs[0m[2m:[0m[2m332:[0m Received checkpoint summary from state sync [3msequence_number[0m[2m=[0m648
[2m2025-03-25T07:56:59.228214Z[0m [32m INFO[0m [1mnode[0m[1m{[0m[3mname[0m[2m=[0mk#99f25ef6..[1m}[0m[2m:[0m [2mconsensus_core::core[0m[2m:[0m [2mconsensus/core/src/core.rs[0m[2m:[0m[2m945:[0m Included 3 ancestors & excluded 0 ancestors for proposal in round 466
[2m2025-03-25T07:56:59.228562Z[0m [32m INFO[0m [1mnode[0m[1m{[0m[3mname[0m[2m=[0mk#99f25ef6..[1m}[0m[2m:[0m [2mconsensus_core::core[0m[2m:[0m [2mconsensus/core/src/core.rs[0m[2m:[0m[2m531:[0m Created block B466(B,5Z4/O2pFgivLbYeNBd5wvNxXBLVvpv0bvaEWCh0eQwE=)(1742889419228ms;[B465(B,R8RZgbG/2FLN/1Z/U8k/N7BsQxqdaqZowcPKfu5wMXQ=), B465(A,rVsND/bCNw+1bYeik84htMNRDrzIF50S5/5ED4Nea54=), B465(C,WM22MmmnIV4fCQZqWu3+dyDuc1WqkIWaZLEM0gha6eY=)];1t;1c) for round 466
[2m2025-03-25T07:56:59.228783Z[0m [32m INFO[0m [1mnode[0m[1m{[0m[3mname[0m[2m=[0mk#8dcff6d1..[1m}[0m[2m:[0m [2mconsensus_core::core[0m[2m:[0m [2mconsensus/core/src/core.rs[0m[2m:[0m[2m945:[0m Included 3 ancestors & excluded 0 ancestors for proposal in round 466
[2m2025-03-25T07:56:59.229087Z[0m [32m INFO[0m [1mnode[0m[1m{[0m[3mname[0m[2m=[0mk#8dcff6d1..[1m}[0m[2m:[0m [2mconsensus_core::core[0m[2m:[0m [2mconsensus/core/src/core.rs[0m[2m:[0m[2m531:[0m Created block B466(A,qKRW+N/m5PbFTURiGID7YMEELviM3YvmboMwFO1tnXw=)(1742889419229ms;[B465(A,rVsND/bCNw+1bYeik84htMNRDrzIF50S5/5ED4Nea54=), B465(B,R8RZgbG/2FLN/1Z/U8k/N7BsQxqdaqZowcPKfu5wMXQ=), B465(C,WM22MmmnIV4fCQZqWu3+dyDuc1WqkIWaZLEM0gha6eY=)];1t;1c) for round 466
[2m2025-03-25T07:56:59.231820Z[0m [32m INFO[0m [1mnode[0m[1m{[0m[3mname[0m[2m=[0mk#addeef94..[1m}[0m[2m:[0m [2mconsensus_core::core[0m[2m:[0m [2mconsensus/core/src/core.rs[0m[2m:[0m[2m945:[0m Included 3 ancestors & excluded 0 ancestors for proposal in round 466
[2m2025-03-25T07:56:59.232124Z[0m [32m INFO[0m [1mnode[0m[1m{[0m[3mname[0m[2m=[0mk#addeef94..[1m}[0m[2m:[0m [2mconsensus_core::core[0m[2m:[0m [2mconsensus/core/src/core.rs[0m[2m:[0m[2m531:[0m Created block B466(C,kIksMvYLgnx32LZj8uNIeMQVziG7Xqdxq+xN/wNJvnc=)(1742889419232ms;[B465(C,WM22MmmnIV4fCQZqWu3+dyDuc1WqkIWaZLEM0gha6eY=), B465(A,rVsND/bCNw+1bYeik84htMNRDrzIF50S5/5ED4Nea54=), B465(B,R8RZgbG/2FLN/1Z/U8k/N7BsQxqdaqZowcPKfu5wMXQ=)];1t;1c) for round 466
[2m2025-03-25T07:56:59.232191Z[0m [32m INFO[0m [1mnode[0m[1m{[0m[3mname[0m[2m=[0mk#addeef94..[1m}[0m[2m:[0m [2mconsensus_core::core[0m[2m:[0m [2mconsensus/core/src/core.rs[0m[2m:[0m[2m630:[0m Committing 1 leaders: B464(B,iHRx)
[2m2025-03-25T07:56:59.232259Z[0m [32m INFO[0m [1mnode[0m[1m{[0m[3mname[0m[2m=[0mk#addeef94..[1m}[0m[2m:[0m [2mconsensus_core::commit_observer[0m[2m:[0m [2mconsensus/core/src/commit_observer.rs[0m[2m:[0m[2m173:[0m Consensus commit C453(P0zC) with leader B464(B,iHRx) has 3 blocks
[2m2025-03-25T07:56:59.232343Z[0m [32m INFO[0m [1mnode[0m[1m{[0m[3mname[0m[2m=[0mk#addeef94..[1m}[0m[2m:[0m [2msui_core::consensus_handler[0m[2m:[0m [2mcrates/sui-core/src/consensus_handler.rs[0m[2m:[0m[2m232:[0m Received consensus output [3mconsensus_commit[0m[2m=[0mCommittedSubDag(leader=B464(B,iHRx), ref=C453(P0zC), blocks=[UWtb, uuU9, iHRx]) [3mepoch[0m[2m=[0m1
[2m2025-03-25T07:56:59.235333Z[0m [32m INFO[0m [1mnode[0m[1m{[0m[3mname[0m[2m=[0mk#8dcff6d1..[1m}[0m[2m:[0m [2msui_core::checkpoints::checkpoint_output[0m[2m:[0m [2mcrates/sui-core/src/checkpoints/checkpoint_output.rs[0m[2m:[0m[2m196:[0m Certified checkpoint with sequence 665 and digest G72oTj5L5ydUqaVVhTQJ3BgnqGUcTaaGmZzmgWzYuyfk
[2m2025-03-25T07:56:59.235336Z[0m [32m INFO[0m [1mnode[0m[1m{[0m[3mname[0m[2m=[0mk#99f25ef6..[1m}[0m[2m:[0m [2msui_core::checkpoints::checkpoint_output[0m[2m:[0m [2mcrates/sui-core/src/checkpoints/checkpoint_output.rs[0m[2m:[0m[2m196:[0m Certified checkpoint with sequence 665 and digest G72oTj5L5ydUqaVVhTQJ3BgnqGUcTaaGmZzmgWzYuyfk
[2m2025-03-25T07:56:59.235435Z[0m [32m INFO[0m [1mnode[0m[1m{[0m[3mname[0m[2m=[0mk#99f25ef6..[1m}[0m[2m:[0m [2mconsensus_core::core[0m[2m:[0m [2mconsensus/core/src/core.rs[0m[2m:[0m[2m630:[0m Committing 1 leaders: B464(B,iHRx)
[2m2025-03-25T07:56:59.235436Z[0m [32m INFO[0m [1mnode[0m[1m{[0m[3mname[0m[2m=[0mk#8dcff6d1..[1m}[0m[2m:[0m [2mconsensus_core::core[0m[2m:[0m [2mconsensus/core/src/core.rs[0m[2m:[0m[2m630:[0m Committing 1 leaders: B464(B,iHRx)
[2m2025-03-25T07:56:59.235538Z[0m [32m INFO[0m [1mnode[0m[1m{[0m[3mname[0m[2m=[0mk#8dcff6d1..[1m}[0m[2m:[0m [2mconsensus_core::commit_observer[0m[2m:[0m [2mconsensus/core/src/commit_observer.rs[0m[2m:[0m[2m173:[0m Consensus commit C453(P0zC) with leader B464(B,iHRx) has 3 blocks
[2m2025-03-25T07:56:59.235538Z[0m [32m INFO[0m [1mnode[0m[1m{[0m[3mname[0m[2m=[0mk#99f25ef6..[1m}[0m[2m:[0m [2mconsensus_core::commit_observer[0m[2m:[0m [2mconsensus/core/src/commit_observer.rs[0m[2m:[0m[2m173:[0m Consensus commit C453(P0zC) with leader B464(B,iHRx) has 3 blocks
[2m2025-03-25T07:56:59.235922Z[0m [32m INFO[0m [1mnode[0m[1m{[0m[3mname[0m[2m=[0mk#99f25ef6..[1m}[0m[2m:[0m [2msui_core::consensus_handler[0m[2m:[0m [2mcrates/sui-core/src/consensus_handler.rs[0m[2m:[0m[2m232:[0m Received consensus output [3mconsensus_commit[0m[2m=[0mCommittedSubDag(leader=B464(B,iHRx), ref=C453(P0zC), blocks=[UWtb, uuU9, iHRx]) [3mepoch[0m[2m=[0m1
[2m2025-03-25T07:56:59.235931Z[0m [32m INFO[0m [1mnode[0m[1m{[0m[3mname[0m[2m=[0mk#8dcff6d1..[1m}[0m[2m:[0m [2msui_core::consensus_handler[0m[2m:[0m [2mcrates/sui-core/src/consensus_handler.rs[0m[2m:[0m[2m232:[0m Received consensus output [3mconsensus_commit[0m[2m=[0mCommittedSubDag(leader=B464(B,iHRx), ref=C453(P0zC), blocks=[UWtb, uuU9, iHRx]) [3mepoch[0m[2m=[0m1
[2m2025-03-25T07:56:59.236508Z[0m [32m INFO[0m [1mnode[0m[1m{[0m[3mname[0m[2m=[0mk#99f25ef6..[1m}[0m[2m:[0m [2msui_core::checkpoints::checkpoint_executor[0m[2m:[0m [2mcrates/sui-core/src/checkpoints/checkpoint_executor/mod.rs[0m[2m:[0m[2m332:[0m Received checkpoint summary from state sync [3msequence_number[0m[2m=[0m665
[2m2025-03-25T07:56:59.236516Z[0m [32m INFO[0m [1mnode[0m[1m{[0m[3mname[0m[2m=[0mk#8dcff6d1..[1m}[0m[2m:[0m [2msui_core::checkpoints::checkpoint_executor[0m[2m:[0m [2mcrates/sui-core/src/checkpoints/checkpoint_executor/mod.rs[0m[2m:[0m[2m332:[0m Received checkpoint summary from state sync [3msequence_number[0m[2m=[0m665
[2m2025-03-25T07:56:59.249876Z[0m [32m INFO[0m [1mnode[0m[1m{[0m[3mname[0m[2m=[0mk#99f25ef6..[1m}[0m[2m:[0m [2msui_core::state_accumulator[0m[2m:[0m [2mcrates/sui-core/src/state_accumulator.rs[0m[2m:[0m[2m675:[0m accumulating running root for checkpoint 665
[2m2025-03-25T07:56:59.249876Z[0m [32m INFO[0m [1mnode[0m[1m{[0m[3mname[0m[2m=[0mk#8dcff6d1..[1m}[0m[2m:[0m [2msui_core::state_accumulator[0m[2m:[0m [2mcrates/sui-core/src/state_accumulator.rs[0m[2m:[0m[2m675:[0m accumulating running root for checkpoint 665
[2m2025-03-25T07:56:59.275780Z[0m [32m INFO[0m [1mnode[0m[1m{[0m[3mname[0m[2m=[0mk#addeef94..[1m}[0m[2m:[0m [2msui_core::checkpoints[0m[2m:[0m [2mcrates/sui-core/src/checkpoints/mod.rs[0m[2m:[0m[2m1326:[0m Creating checkpoint(s) for 1 transactions [3mnext_checkpoint_seq[0m[2m=[0m666 [3mcheckpoint_timestamp[0m[2m=[0m1742889418717
[2m2025-03-25T07:56:59.276002Z[0m [32m INFO[0m [1mnode[0m[1m{[0m[3mname[0m[2m=[0mk#addeef94..[1m}[0m[2m:[0m [2msui_core::checkpoints::checkpoint_output[0m[2m:[0m [2mcrates/sui-core/src/checkpoints/checkpoint_output.rs[0m[2m:[0m[2m149:[0m Creating checkpoint CheckpointDigest(DcKhJSvmhDFjMQWyNkh8PKu3LzrSDi2Z27Dv2kEaamHY) at epoch 1, sequence 666, previous digest Some(CheckpointDigest(G72oTj5L5ydUqaVVhTQJ3BgnqGUcTaaGmZzmgWzYuyfk)), transactions count 1, content digest CheckpointContentsDigest(AwgjGMAm6LPUzT1ue57uiLXQzrrfrWCj625MBPt6oWXs), end_of_epoch_data None
[2m2025-03-25T07:56:59.280942Z[0m [32m INFO[0m [1mnode[0m[1m{[0m[3mname[0m[2m=[0mk#99f25ef6..[1m}[0m[2m:[0m [2msui_core::checkpoints[0m[2m:[0m [2mcrates/sui-core/src/checkpoints/mod.rs[0m[2m:[0m[2m1326:[0m Creating checkpoint(s) for 1 transactions [3mnext_checkpoint_seq[0m[2m=[0m666 [3mcheckpoint_timestamp[0m[2m=[0m1742889418717
[2m2025-03-25T07:56:59.280977Z[0m [32m INFO[0m [1mnode[0m[1m{[0m[3mname[0m[2m=[0mk#8dcff6d1..[1m}[0m[2m:[0m [2msui_core::checkpoints[0m[2m:[0m [2mcrates/sui-core/src/checkpoints/mod.rs[0m[2m:[0m[2m1326:[0m Creating checkpoint(s) for 1 transactions [3mnext_checkpoint_seq[0m[2m=[0m666 [3mcheckpoint_timestamp[0m[2m=[0m1742889418717
[2m2025-03-25T07:56:59.281123Z[0m [32m INFO[0m [1mnode[0m[1m{[0m[3mname[0m[2m=[0mk#99f25ef6..[1m}[0m[2m:[0m [2msui_core::checkpoints::checkpoint_output[0m[2m:[0m [2mcrates/sui-core/src/checkpoints/checkpoint_output.rs[0m[2m:[0m[2m149:[0m Creating checkpoint CheckpointDigest(DcKhJSvmhDFjMQWyNkh8PKu3LzrSDi2Z27Dv2kEaamHY) at epoch 1, sequence 666, previous digest Some(CheckpointDigest(G72oTj5L5ydUqaVVhTQJ3BgnqGUcTaaGmZzmgWzYuyfk)), transactions count 1, content digest CheckpointContentsDigest(AwgjGMAm6LPUzT1ue57uiLXQzrrfrWCj625MBPt6oWXs), end_of_epoch_data None
[2m2025-03-25T07:56:59.281148Z[0m [32m INFO[0m [1mnode[0m[1m{[0m[3mname[0m[2m=[0mk#8dcff6d1..[1m}[0m[2m:[0m [2msui_core::checkpoints::checkpoint_output[0m[2m:[0m [2mcrates/sui-core/src/checkpoints/checkpoint_output.rs[0m[2m:[0m[2m149:[0m Creating checkpoint CheckpointDigest(DcKhJSvmhDFjMQWyNkh8PKu3LzrSDi2Z27Dv2kEaamHY) at epoch 1, sequence 666, previous digest Some(CheckpointDigest(G72oTj5L5ydUqaVVhTQJ3BgnqGUcTaaGmZzmgWzYuyfk)), transactions count 1, content digest CheckpointContentsDigest(AwgjGMAm6LPUzT1ue57uiLXQzrrfrWCj625MBPt6oWXs), end_of_epoch_data None
[2m2025-03-25T07:56:59.298131Z[0m [32m INFO[0m [1mnode[0m[1m{[0m[3mname[0m[2m=[0mk#addeef94..[1m}[0m[2m:[0m [2msui_core::checkpoints::checkpoint_executor[0m[2m:[0m [2mcrates/sui-core/src/checkpoints/checkpoint_executor/mod.rs[0m[2m:[0m[2m332:[0m Received checkpoint summary from state sync [3msequence_number[0m[2m=[0m665
[2m2025-03-25T07:56:59.309140Z[0m [32m INFO[0m [1mnode[0m[1m{[0m[3mname[0m[2m=[0mk#b3f3cbb4..[1m}[0m[2m:[0m [2msui_core::checkpoints::checkpoint_executor[0m[2m:[0m [2mcrates/sui-core/src/checkpoints/checkpoint_executor/mod.rs[0m[2m:[0m[2m332:[0m Received checkpoint summary from state sync [3msequence_number[0m[2m=[0m649
[2m2025-03-25T07:56:59.309383Z[0m [32m INFO[0m [1mnode[0m[1m{[0m[3mname[0m[2m=[0mk#b3f3cbb4..[1m}[0m[2m:[0m [2msui_core::checkpoints::checkpoint_executor[0m[2m:[0m [2mcrates/sui-core/src/checkpoints/checkpoint_executor/mod.rs[0m[2m:[0m[2m332:[0m Received checkpoint summary from state sync [3msequence_number[0m[2m=[0m650
[2m2025-03-25T07:56:59.309428Z[0m [32m INFO[0m [1mnode[0m[1m{[0m[3mname[0m[2m=[0mk#b3f3cbb4..[1m}[0m[2m:[0m [2msui_core::checkpoints::checkpoint_executor[0m[2m:[0m [2mcrates/sui-core/src/checkpoints/checkpoint_executor/mod.rs[0m[2m:[0m[2m332:[0m Received checkpoint summary from state sync [3msequence_number[0m[2m=[0m651
[2m2025-03-25T07:56:59.309471Z[0m [32m INFO[0m [1mnode[0m[1m{[0m[3mname[0m[2m=[0mk#b3f3cbb4..[1m}[0m[2m:[0m [2msui_core::checkpoints::checkpoint_executor[0m[2m:[0m [2mcrates/sui-core/src/checkpoints/checkpoint_executor/mod.rs[0m[2m:[0m[2m332:[0m Received checkpoint summary from state sync [3msequence_number[0m[2m=[0m652
[2m2025-03-25T07:56:59.309513Z[0m [32m INFO[0m [1mnode[0m[1m{[0m[3mname[0m[2m=[0mk#b3f3cbb4..[1m}[0m[2m:[0m [2msui_core::checkpoints::checkpoint_executor[0m[2m:[0m [2mcrates/sui-core/src/checkpoints/checkpoint_executor/mod.rs[0m[2m:[0m[2m332:[0m Received checkpoint summary from state sync [3msequence_number[0m[2m=[0m653
[2m2025-03-25T07:56:59.314074Z[0m [32m INFO[0m [1mnode[0m[1m{[0m[3mname[0m[2m=[0mk#b3f3cbb4..[1m}[0m[2m:[0m [2msui_core::checkpoints::checkpoint_executor[0m[2m:[0m [2mcrates/sui-core/src/checkpoints/checkpoint_executor/mod.rs[0m[2m:[0m[2m332:[0m Received checkpoint summary from state sync [3msequence_number[0m[2m=[0m654
[2m2025-03-25T07:56:59.314499Z[0m [32m INFO[0m [1mnode[0m[1m{[0m[3mname[0m[2m=[0mk#b3f3cbb4..[1m}[0m[2m:[0m [2msui_core::state_accumulator[0m[2m:[0m [2mcrates/sui-core/src/state_accumulator.rs[0m[2m:[0m[2m675:[0m accumulating running root for checkpoint 582
[2m2025-03-25T07:56:59.314729Z[0m [32m INFO[0m [1mnode[0m[1m{[0m[3mname[0m[2m=[0mk#b3f3cbb4..[1m}[0m[2m:[0m [2msui_core::checkpoints::checkpoint_executor[0m[2m:[0m [2mcrates/sui-core/src/checkpoints/checkpoint_executor/mod.rs[0m[2m:[0m[2m332:[0m Received checkpoint summary from state sync [3msequence_number[0m[2m=[0m655
[2m2025-03-25T07:56:59.314774Z[0m [32m INFO[0m [1mnode[0m[1m{[0m[3mname[0m[2m=[0mk#b3f3cbb4..[1m}[0m[2m:[0m [2msui_core::checkpoints::checkpoint_executor[0m[2m:[0m [2mcrates/sui-core/src/checkpoints/checkpoint_executor/mod.rs[0m[2m:[0m[2m332:[0m Received checkpoint summary from state sync [3msequence_number[0m[2m=[0m656
[2m2025-03-25T07:56:59.344203Z[0m [32m INFO[0m [1mnode[0m[1m{[0m[3mname[0m[2m=[0mk#addeef94..[1m}[0m[2m:[0m [2msui_core::state_accumulator[0m[2m:[0m [2mcrates/sui-core/src/state_accumulator.rs[0m[2m:[0m[2m675:[0m accumulating running root for checkpoint 665
[2m2025-03-25T07:56:59.345449Z[0m [32m INFO[0m [1mnode[0m[1m{[0m[3mname[0m[2m=[0mk#addeef94..[1m}[0m[2m:[0m [2mconsensus_core::commit_syncer[0m[2m:[0m [2mconsensus/core/src/commit_syncer.rs[0m[2m:[0m[2m196:[0m Checking to schedule fetches: synced_commit_index=453, highest_handled_index=453, highest_scheduled_index=0, quorum_commit_index=0, unhandled_commits_threshold=3200
[2m2025-03-25T07:56:59.345978Z[0m [32m INFO[0m [1mnode[0m[1m{[0m[3mname[0m[2m=[0mk#addeef94..[1m}[0m[2m:[0m [2mconsensus_core::core[0m[2m:[0m [2mconsensus/core/src/core.rs[0m[2m:[0m[2m694:[0m Received quorum round per authority in ancestor state manager set to: [(466, 466), (466, 466), (466, 466)]
[2m2025-03-25T07:56:59.345987Z[0m [32m INFO[0m [1mnode[0m[1m{[0m[3mname[0m[2m=[0mk#addeef94..[1m}[0m[2m:[0m [2mconsensus_core::core[0m[2m:[0m [2mconsensus/core/src/core.rs[0m[2m:[0m[2m695:[0m Accepted quorum round per authority in ancestor state manager set to: [(466, 466), (466, 466), (466, 466)]
[2m2025-03-25T07:56:59.345994Z[0m [32m INFO[0m [1mnode[0m[1m{[0m[3mname[0m[2m=[0mk#addeef94..[1m}[0m[2m:[0m [2mconsensus_core::core[0m[2m:[0m [2mconsensus/core/src/core.rs[0m[2m:[0m[2m698:[0m Propagation round delay set to: 0
[2m2025-03-25T07:56:59.346948Z[0m [32m INFO[0m [1mnode[0m[1m{[0m[3mname[0m[2m=[0mk#99f25ef6..[1m}[0m[2m:[0m [2mconsensus_core::commit_syncer[0m[2m:[0m [2mconsensus/core/src/commit_syncer.rs[0m[2m:[0m[2m196:[0m Checking to schedule fetches: synced_commit_index=453, highest_handled_index=453, highest_scheduled_index=0, quorum_commit_index=452, unhandled_commits_threshold=3200
[2m2025-03-25T07:56:59.346956Z[0m [32m INFO[0m [1mnode[0m[1m{[0m[3mname[0m[2m=[0mk#8dcff6d1..[1m}[0m[2m:[0m [2mconsensus_core::commit_syncer[0m[2m:[0m [2mconsensus/core/src/commit_syncer.rs[0m[2m:[0m[2m196:[0m Checking to schedule fetches: synced_commit_index=453, highest_handled_index=453, highest_scheduled_index=0, quorum_commit_index=452, unhandled_commits_threshold=3200
[2m2025-03-25T07:56:59.347996Z[0m [32m INFO[0m [1mnode[0m[1m{[0m[3mname[0m[2m=[0mk#99f25ef6..[1m}[0m[2m:[0m [2mconsensus_core::core[0m[2m:[0m [2mconsensus/core/src/core.rs[0m[2m:[0m[2m694:[0m Received quorum round per authority in ancestor state manager set to: [(466, 466), (466, 466), (466, 466)]
[2m2025-03-25T07:56:59.348005Z[0m [32m INFO[0m [1mnode[0m[1m{[0m[3mname[0m[2m=[0mk#99f25ef6..[1m}[0m[2m:[0m [2mconsensus_core::core[0m[2m:[0m [2mconsensus/core/src/core.rs[0m[2m:[0m[2m695:[0m Accepted quorum round per authority in ancestor state manager set to: [(466, 466), (466, 466), (466, 466)]
[2m2025-03-25T07:56:59.348012Z[0m [32m INFO[0m [1mnode[0m[1m{[0m[3mname[0m[2m=[0mk#99f25ef6..[1m}[0m[2m:[0m [2mconsensus_core::core[0m[2m:[0m [2mconsensus/core/src/core.rs[0m[2m:[0m[2m698:[0m Propagation round delay set to: 0
[2m2025-03-25T07:56:59.348486Z[0m [32m INFO[0m [1mnode[0m[1m{[0m[3mname[0m[2m=[0mk#8dcff6d1..[1m}[0m[2m:[0m [2mconsensus_core::core[0m[2m:[0m [2mconsensus/core/src/core.rs[0m[2m:[0m[2m694:[0m Received quorum round per authority in ancestor state manager set to: [(466, 466), (466, 466), (466, 466)]
[2m2025-03-25T07:56:59.348494Z[0m [32m INFO[0m [1mnode[0m[1m{[0m[3mname[0m[2m=[0mk#8dcff6d1..[1m}[0m[2m:[0m [2mconsensus_core::core[0m[2m:[0m [2mconsensus/core/src/core.rs[0m[2m:[0m[2m695:[0m Accepted quorum round per authority in ancestor state manager set to: [(466, 466), (466, 466), (466, 466)]
[2m2025-03-25T07:56:59.348501Z[0m [32m INFO[0m [1mnode[0m[1m{[0m[3mname[0m[2m=[0mk#8dcff6d1..[1m}[0m[2m:[0m [2mconsensus_core::core[0m[2m:[0m [2mconsensus/core/src/core.rs[0m[2m:[0m[2m698:[0m Propagation round delay set to: 0
[2m2025-03-25T07:56:59.396619Z[0m [32m INFO[0m [1mnode[0m[1m{[0m[3mname[0m[2m=[0mk#b3f3cbb4..[1m}[0m[2m:[0m [2msui_core::checkpoints::checkpoint_executor[0m[2m:[0m [2mcrates/sui-core/src/checkpoints/checkpoint_executor/mod.rs[0m[2m:[0m[2m332:[0m Received checkpoint summary from state sync [3msequence_number[0m[2m=[0m657
[2m2025-03-25T07:56:59.396806Z[0m [32m INFO[0m [1mnode[0m[1m{[0m[3mname[0m[2m=[0mk#b3f3cbb4..[1m}[0m[2m:[0m [2msui_core::checkpoints::checkpoint_executor[0m[2m:[0m [2mcrates/sui-core/src/checkpoints/checkpoint_executor/mod.rs[0m[2m:[0m[2m332:[0m Received checkpoint summary from state sync [3msequence_number[0m[2m=[0m658
[2m2025-03-25T07:56:59.396849Z[0m [32m INFO[0m [1mnode[0m[1m{[0m[3mname[0m[2m=[0mk#b3f3cbb4..[1m}[0m[2m:[0m [2msui_core::checkpoints::checkpoint_executor[0m[2m:[0m [2mcrates/sui-core/src/checkpoints/checkpoint_executor/mod.rs[0m[2m:[0m[2m332:[0m Received checkpoint summary from state sync [3msequence_number[0m[2m=[0m659
[2m2025-03-25T07:56:59.409883Z[0m [32m INFO[0m [1mnode[0m[1m{[0m[3mname[0m[2m=[0mk#b3f3cbb4..[1m}[0m[2m:[0m [2msui_core::state_accumulator[0m[2m:[0m [2mcrates/sui-core/src/state_accumulator.rs[0m[2m:[0m[2m675:[0m accumulating running root for checkpoint 583
[2m2025-03-25T07:56:59.410163Z[0m [32m INFO[0m [1mnode[0m[1m{[0m[3mname[0m[2m=[0mk#b3f3cbb4..[1m}[0m[2m:[0m [2msui_core::checkpoints::checkpoint_executor[0m[2m:[0m [2mcrates/sui-core/src/checkpoints/checkpoint_executor/mod.rs[0m[2m:[0m[2m332:[0m Received checkpoint summary from state sync [3msequence_number[0m[2m=[0m660
[2m2025-03-25T07:56:59.410206Z[0m [32m INFO[0m [1mnode[0m[1m{[0m[3mname[0m[2m=[0mk#b3f3cbb4..[1m}[0m[2m:[0m [2msui_core::checkpoints::checkpoint_executor[0m[2m:[0m [2mcrates/sui-core/src/checkpoints/checkpoint_executor/mod.rs[0m[2m:[0m[2m332:[0m Received checkpoint summary from state sync [3msequence_number[0m[2m=[0m661
[2m2025-03-25T07:56:59.485197Z[0m [32m INFO[0m [1mnode[0m[1m{[0m[3mname[0m[2m=[0mk#addeef94..[1m}[0m[2m:[0m [2mconsensus_core::core[0m[2m:[0m [2mconsensus/core/src/core.rs[0m[2m:[0m[2m945:[0m Included 3 ancestors & excluded 0 ancestors for proposal in round 467
[2m2025-03-25T07:56:59.485557Z[0m [32m INFO[0m [1mnode[0m[1m{[0m[3mname[0m[2m=[0mk#addeef94..[1m}[0m[2m:[0m [2mconsensus_core::core[0m[2m:[0m [2mconsensus/core/src/core.rs[0m[2m:[0m[2m531:[0m Created block B467(C,FpBI6Wd2Vr3y2SjsAJ8ocMg1buUKLFpV1jzT2g7H7M4=)(1742889419485ms;[B466(C,kIksMvYLgnx32LZj8uNIeMQVziG7Xqdxq+xN/wNJvnc=), B466(A,qKRW+N/m5PbFTURiGID7YMEELviM3YvmboMwFO1tnXw=), B466(B,5Z4/O2pFgivLbYeNBd5wvNxXBLVvpv0bvaEWCh0eQwE=)];1t;1c) for round 467
[2m2025-03-25T07:56:59.487507Z[0m [32m INFO[0m [1mnode[0m[1m{[0m[3mname[0m[2m=[0mk#8dcff6d1..[1m}[0m[2m:[0m [2mconsensus_core::core[0m[2m:[0m [2mconsensus/core/src/core.rs[0m[2m:[0m[2m945:[0m Included 3 ancestors & excluded 0 ancestors for proposal in round 467
[2m2025-03-25T07:56:59.487518Z[0m [32m INFO[0m [1mnode[0m[1m{[0m[3mname[0m[2m=[0mk#99f25ef6..[1m}[0m[2m:[0m [2mconsensus_core::core[0m[2m:[0m [2mconsensus/core/src/core.rs[0m[2m:[0m[2m945:[0m Included 3 ancestors & excluded 0 ancestors for proposal in round 467
[2m2025-03-25T07:56:59.487812Z[0m [32m INFO[0m [1mnode[0m[1m{[0m[3mname[0m[2m=[0mk#8dcff6d1..[1m}[0m[2m:[0m [2mconsensus_core::core[0m[2m:[0m [2mconsensus/core/src/core.rs[0m[2m:[0m[2m531:[0m Created block B467(A,XSonmkY5nYrsRZUB8ZmiKor63VNOC14yCdAgqb/Yc30=)(1742889419487ms;[B466(A,qKRW+N/m5PbFTURiGID7YMEELviM3YvmboMwFO1tnXw=), B466(B,5Z4/O2pFgivLbYeNBd5wvNxXBLVvpv0bvaEWCh0eQwE=), B466(C,kIksMvYLgnx32LZj8uNIeMQVziG7Xqdxq+xN/wNJvnc=)];1t;1c) for round 467
[2m2025-03-25T07:56:59.487812Z[0m [32m INFO[0m [1mnode[0m[1m{[0m[3mname[0m[2m=[0mk#99f25ef6..[1m}[0m[2m:[0m [2mconsensus_core::core[0m[2m:[0m [2mconsensus/core/src/core.rs[0m[2m:[0m[2m531:[0m Created block B467(B,hO8+EdYaLnXXy4JIXDIOG3evm1pH8O0ZVlq1QKHi9to=)(1742889419487ms;[B466(B,5Z4/O2pFgivLbYeNBd5wvNxXBLVvpv0bvaEWCh0eQwE=), B466(A,qKRW+N/m5PbFTURiGID7YMEELviM3YvmboMwFO1tnXw=), B466(C,kIksMvYLgnx32LZj8uNIeMQVziG7Xqdxq+xN/wNJvnc=)];1t;1c) for round 467
[2m2025-03-25T07:56:59.487885Z[0m [32m INFO[0m [1mnode[0m[1m{[0m[3mname[0m[2m=[0mk#8dcff6d1..[1m}[0m[2m:[0m [2mconsensus_core::core[0m[2m:[0m [2mconsensus/core/src/core.rs[0m[2m:[0m[2m630:[0m Committing 1 leaders: B465(C,WM22)
[2m2025-03-25T07:56:59.487885Z[0m [32m INFO[0m [1mnode[0m[1m{[0m[3mname[0m[2m=[0mk#99f25ef6..[1m}[0m[2m:[0m [2mconsensus_core::core[0m[2m:[0m [2mconsensus/core/src/core.rs[0m[2m:[0m[2m630:[0m Committing 1 leaders: B465(C,WM22)
[2m2025-03-25T07:56:59.487959Z[0m [32m INFO[0m [1mnode[0m[1m{[0m[3mname[0m[2m=[0mk#99f25ef6..[1m}[0m[2m:[0m [2mconsensus_core::commit_observer[0m[2m:[0m [2mconsensus/core/src/commit_observer.rs[0m[2m:[0m[2m173:[0m Consensus commit C454(5eQY) with leader B465(C,WM22) has 3 blocks
[2m2025-03-25T07:56:59.487959Z[0m [32m INFO[0m [1mnode[0m[1m{[0m[3mname[0m[2m=[0mk#8dcff6d1..[1m}[0m[2m:[0m [2mconsensus_core::commit_observer[0m[2m:[0m [2mconsensus/core/src/commit_observer.rs[0m[2m:[0m[2m173:[0m Consensus commit C454(5eQY) with leader B465(C,WM22) has 3 blocks
[2m2025-03-25T07:56:59.488056Z[0m [32m INFO[0m [1mnode[0m[1m{[0m[3mname[0m[2m=[0mk#8dcff6d1..[1m}[0m[2m:[0m [2msui_core::consensus_handler[0m[2m:[0m [2mcrates/sui-core/src/consensus_handler.rs[0m[2m:[0m[2m232:[0m Received consensus output [3mconsensus_commit[0m[2m=[0mCommittedSubDag(leader=B465(C,WM22), ref=C454(5eQY), blocks=[dDAV, 4Wzh, WM22]) [3mepoch[0m[2m=[0m1
[2m2025-03-25T07:56:59.488096Z[0m [32m INFO[0m [1mnode[0m[1m{[0m[3mname[0m[2m=[0mk#99f25ef6..[1m}[0m[2m:[0m [2msui_core::consensus_handler[0m[2m:[0m [2mcrates/sui-core/src/consensus_handler.rs[0m[2m:[0m[2m232:[0m Received consensus output [3mconsensus_commit[0m[2m=[0mCommittedSubDag(leader=B465(C,WM22), ref=C454(5eQY), blocks=[dDAV, 4Wzh, WM22]) [3mepoch[0m[2m=[0m1
[2m2025-03-25T07:56:59.490405Z[0m [32m INFO[0m [1mnode[0m[1m{[0m[3mname[0m[2m=[0mk#addeef94..[1m}[0m[2m:[0m [2mconsensus_core::core[0m[2m:[0m [2mconsensus/core/src/core.rs[0m[2m:[0m[2m630:[0m Committing 1 leaders: B465(C,WM22)
[2m2025-03-25T07:56:59.490515Z[0m [32m INFO[0m [1mnode[0m[1m{[0m[3mname[0m[2m=[0mk#addeef94..[1m}[0m[2m:[0m [2mconsensus_core::commit_observer[0m[2m:[0m [2mconsensus/core/src/commit_observer.rs[0m[2m:[0m[2m173:[0m Consensus commit C454(5eQY) with leader B465(C,WM22) has 3 blocks
[2m2025-03-25T07:56:59.490595Z[0m [32m INFO[0m [1mnode[0m[1m{[0m[3mname[0m[2m=[0mk#addeef94..[1m}[0m[2m:[0m [2msui_core::consensus_handler[0m[2m:[0m [2mcrates/sui-core/src/consensus_handler.rs[0m[2m:[0m[2m232:[0m Received consensus output [3mconsensus_commit[0m[2m=[0mCommittedSubDag(leader=B465(C,WM22), ref=C454(5eQY), blocks=[dDAV, 4Wzh, WM22]) [3mepoch[0m[2m=[0m1
[2m2025-03-25T07:56:59.491542Z[0m [32m INFO[0m [1mnode[0m[1m{[0m[3mname[0m[2m=[0mk#b3f3cbb4..[1m}[0m[2m:[0m [2msui_core::checkpoints::checkpoint_executor[0m[2m:[0m [2mcrates/sui-core/src/checkpoints/checkpoint_executor/mod.rs[0m[2m:[0m[2m332:[0m Received checkpoint summary from state sync [3msequence_number[0m[2m=[0m662
[2m2025-03-25T07:56:59.491969Z[0m [32m INFO[0m [1mnode[0m[1m{[0m[3mname[0m[2m=[0mk#b3f3cbb4..[1m}[0m[2m:[0m [2msui_core::state_accumulator[0m[2m:[0m [2mcrates/sui-core/src/state_accumulator.rs[0m[2m:[0m[2m675:[0m accumulating running root for checkpoint 584
[2m2025-03-25T07:56:59.492182Z[0m [32m INFO[0m [1mnode[0m[1m{[0m[3mname[0m[2m=[0mk#b3f3cbb4..[1m}[0m[2m:[0m [2msui_core::checkpoints::checkpoint_executor[0m[2m:[0m [2mcrates/sui-core/src/checkpoints/checkpoint_executor/mod.rs[0m[2m:[0m[2m332:[0m Received checkpoint summary from state sync [3msequence_number[0m[2m=[0m663
[2m2025-03-25T07:56:59.492229Z[0m [32m INFO[0m [1mnode[0m[1m{[0m[3mname[0m[2m=[0mk#b3f3cbb4..[1m}[0m[2m:[0m [2msui_core::checkpoints::checkpoint_executor[0m[2m:[0m [2mcrates/sui-core/src/checkpoints/checkpoint_executor/mod.rs[0m[2m:[0m[2m332:[0m Received checkpoint summary from state sync [3msequence_number[0m[2m=[0m664
[2m2025-03-25T07:56:59.506457Z[0m [32m INFO[0m [2msui_bridge::eth_syncer[0m[2m:[0m [2mcrates/sui-bridge/src/eth_syncer.rs[0m[2m:[0m[2m120:[0m Observed new finalized eth block: 181
[2m2025-03-25T07:56:59.514605Z[0m [32m INFO[0m [1mnode[0m[1m{[0m[3mname[0m[2m=[0mk#99f25ef6..[1m}[0m[2m:[0m [2msui_core::checkpoints[0m[2m:[0m [2mcrates/sui-core/src/checkpoints/mod.rs[0m[2m:[0m[2m1326:[0m Creating checkpoint(s) for 2 transactions [3mnext_checkpoint_seq[0m[2m=[0m667 [3mcheckpoint_timestamp[0m[2m=[0m1742889418974
[2m2025-03-25T07:56:59.514606Z[0m [32m INFO[0m [1mnode[0m[1m{[0m[3mname[0m[2m=[0mk#8dcff6d1..[1m}[0m[2m:[0m [2msui_core::checkpoints[0m[2m:[0m [2mcrates/sui-core/src/checkpoints/mod.rs[0m[2m:[0m[2m1326:[0m Creating checkpoint(s) for 2 transactions [3mnext_checkpoint_seq[0m[2m=[0m667 [3mcheckpoint_timestamp[0m[2m=[0m1742889418974
[2m2025-03-25T07:56:59.514917Z[0m [32m INFO[0m [1mnode[0m[1m{[0m[3mname[0m[2m=[0mk#99f25ef6..[1m}[0m[2m:[0m [2msui_core::checkpoints::checkpoint_output[0m[2m:[0m [2mcrates/sui-core/src/checkpoints/checkpoint_output.rs[0m[2m:[0m[2m149:[0m Creating checkpoint CheckpointDigest(78PMGFjV9HK7fxUD4fFj2RZjb4WrJwgYLsxEtZgskgYT) at epoch 1, sequence 667, previous digest Some(CheckpointDigest(DcKhJSvmhDFjMQWyNkh8PKu3LzrSDi2Z27Dv2kEaamHY)), transactions count 2, content digest CheckpointContentsDigest(8uK8rWqMKGaTb5K1Sthupr4PG3w6p4PFwmb9ZLpipJe8), end_of_epoch_data None
[2m2025-03-25T07:56:59.514917Z[0m [32m INFO[0m [1mnode[0m[1m{[0m[3mname[0m[2m=[0mk#8dcff6d1..[1m}[0m[2m:[0m [2msui_core::checkpoints::checkpoint_output[0m[2m:[0m [2mcrates/sui-core/src/checkpoints/checkpoint_output.rs[0m[2m:[0m[2m149:[0m Creating checkpoint CheckpointDigest(78PMGFjV9HK7fxUD4fFj2RZjb4WrJwgYLsxEtZgskgYT) at epoch 1, sequence 667, previous digest Some(CheckpointDigest(DcKhJSvmhDFjMQWyNkh8PKu3LzrSDi2Z27Dv2kEaamHY)), transactions count 2, content digest CheckpointContentsDigest(8uK8rWqMKGaTb5K1Sthupr4PG3w6p4PFwmb9ZLpipJe8), end_of_epoch_data None
[2m2025-03-25T07:56:59.516577Z[0m [32m INFO[0m [1mnode[0m[1m{[0m[3mname[0m[2m=[0mk#addeef94..[1m}[0m[2m:[0m [2msui_core::checkpoints[0m[2m:[0m [2mcrates/sui-core/src/checkpoints/mod.rs[0m[2m:[0m[2m1326:[0m Creating checkpoint(s) for 2 transactions [3mnext_checkpoint_seq[0m[2m=[0m667 [3mcheckpoint_timestamp[0m[2m=[0m1742889418974
[2m2025-03-25T07:56:59.516823Z[0m [32m INFO[0m [1mnode[0m[1m{[0m[3mname[0m[2m=[0mk#addeef94..[1m}[0m[2m:[0m [2msui_core::checkpoints::checkpoint_output[0m[2m:[0m [2mcrates/sui-core/src/checkpoints/checkpoint_output.rs[0m[2m:[0m[2m149:[0m Creating checkpoint CheckpointDigest(78PMGFjV9HK7fxUD4fFj2RZjb4WrJwgYLsxEtZgskgYT) at epoch 1, sequence 667, previous digest Some(CheckpointDigest(DcKhJSvmhDFjMQWyNkh8PKu3LzrSDi2Z27Dv2kEaamHY)), transactions count 2, content digest CheckpointContentsDigest(8uK8rWqMKGaTb5K1Sthupr4PG3w6p4PFwmb9ZLpipJe8), end_of_epoch_data None
[2m2025-03-25T07:56:59.518292Z[0m [32m INFO[0m [1mnode[0m[1m{[0m[3mname[0m[2m=[0mk#99f25ef6..[1m}[0m[2m:[0m [2msui_core::checkpoints::checkpoint_output[0m[2m:[0m [2mcrates/sui-core/src/checkpoints/checkpoint_output.rs[0m[2m:[0m[2m196:[0m Certified checkpoint with sequence 666 and digest DcKhJSvmhDFjMQWyNkh8PKu3LzrSDi2Z27Dv2kEaamHY
[2m2025-03-25T07:56:59.518307Z[0m [32m INFO[0m [1mnode[0m[1m{[0m[3mname[0m[2m=[0mk#8dcff6d1..[1m}[0m[2m:[0m [2msui_core::checkpoints::checkpoint_output[0m[2m:[0m [2mcrates/sui-core/src/checkpoints/checkpoint_output.rs[0m[2m:[0m[2m196:[0m Certified checkpoint with sequence 666 and digest DcKhJSvmhDFjMQWyNkh8PKu3LzrSDi2Z27Dv2kEaamHY
[2m2025-03-25T07:56:59.518652Z[0m [32m INFO[0m [1mnode[0m[1m{[0m[3mname[0m[2m=[0mk#99f25ef6..[1m}[0m[2m:[0m [2msui_core::checkpoints::checkpoint_executor[0m[2m:[0m [2mcrates/sui-core/src/checkpoints/checkpoint_executor/mod.rs[0m[2m:[0m[2m332:[0m Received checkpoint summary from state sync [3msequence_number[0m[2m=[0m666
[2m2025-03-25T07:56:59.518741Z[0m [32m INFO[0m [1mnode[0m[1m{[0m[3mname[0m[2m=[0mk#8dcff6d1..[1m}[0m[2m:[0m [2msui_core::checkpoints::checkpoint_executor[0m[2m:[0m [2mcrates/sui-core/src/checkpoints/checkpoint_executor/mod.rs[0m[2m:[0m[2m332:[0m Received checkpoint summary from state sync [3msequence_number[0m[2m=[0m666
[2m2025-03-25T07:56:59.519813Z[0m [32m INFO[0m [1mnode[0m[1m{[0m[3mname[0m[2m=[0mk#99f25ef6..[1m}[0m[2m:[0m [2msui_core::state_accumulator[0m[2m:[0m [2mcrates/sui-core/src/state_accumulator.rs[0m[2m:[0m[2m675:[0m accumulating running root for checkpoint 666
[2m2025-03-25T07:56:59.519822Z[0m [32m INFO[0m [1mnode[0m[1m{[0m[3mname[0m[2m=[0mk#8dcff6d1..[1m}[0m[2m:[0m [2msui_core::state_accumulator[0m[2m:[0m [2mcrates/sui-core/src/state_accumulator.rs[0m[2m:[0m[2m675:[0m accumulating running root for checkpoint 666
[2m2025-03-25T07:56:59.521954Z[0m [32m INFO[0m [1mnode[0m[1m{[0m[3mname[0m[2m=[0mk#addeef94..[1m}[0m[2m:[0m [2msui_core::checkpoints::checkpoint_executor[0m[2m:[0m [2mcrates/sui-core/src/checkpoints/checkpoint_executor/mod.rs[0m[2m:[0m[2m332:[0m Received checkpoint summary from state sync [3msequence_number[0m[2m=[0m666
[2m2025-03-25T07:56:59.522657Z[0m [32m INFO[0m [1mnode[0m[1m{[0m[3mname[0m[2m=[0mk#addeef94..[1m}[0m[2m:[0m [2msui_core::state_accumulator[0m[2m:[0m [2mcrates/sui-core/src/state_accumulator.rs[0m[2m:[0m[2m675:[0m accumulating running root for checkpoint 666
[2m2025-03-25T07:56:59.582127Z[0m [32m INFO[0m [1mnode[0m[1m{[0m[3mname[0m[2m=[0mk#b3f3cbb4..[1m}[0m[2m:[0m [2msui_core::state_accumulator[0m[2m:[0m [2mcrates/sui-core/src/state_accumulator.rs[0m[2m:[0m[2m675:[0m accumulating running root for checkpoint 585
[2m2025-03-25T07:56:59.659351Z[0m [32m INFO[0m [1mnode[0m[1m{[0m[3mname[0m[2m=[0mk#b3f3cbb4..[1m}[0m[2m:[0m [2msui_core::state_accumulator[0m[2m:[0m [2mcrates/sui-core/src/state_accumulator.rs[0m[2m:[0m[2m675:[0m accumulating running root for checkpoint 586
[2m2025-03-25T07:56:59.740054Z[0m [32m INFO[0m [1mnode[0m[1m{[0m[3mname[0m[2m=[0mk#99f25ef6..[1m}[0m[2m:[0m [2mconsensus_core::core[0m[2m:[0m [2mconsensus/core/src/core.rs[0m[2m:[0m[2m945:[0m Included 3 ancestors & excluded 0 ancestors for proposal in round 468
[2m2025-03-25T07:56:59.740420Z[0m [32m INFO[0m [1mnode[0m[1m{[0m[3mname[0m[2m=[0mk#99f25ef6..[1m}[0m[2m:[0m [2mconsensus_core::core[0m[2m:[0m [2mconsensus/core/src/core.rs[0m[2m:[0m[2m531:[0m Created block B468(B,3vppd21wDef14OjveNRGYHpjQAQWiMX+Kzki9SF+LVg=)(1742889419740ms;[B467(B,hO8+EdYaLnXXy4JIXDIOG3evm1pH8O0ZVlq1QKHi9to=), B467(A,XSonmkY5nYrsRZUB8ZmiKor63VNOC14yCdAgqb/Yc30=), B467(C,FpBI6Wd2Vr3y2SjsAJ8ocMg1buUKLFpV1jzT2g7H7M4=)];1t;1c) for round 468
[2m2025-03-25T07:56:59.740651Z[0m [32m INFO[0m [1mnode[0m[1m{[0m[3mname[0m[2m=[0mk#8dcff6d1..[1m}[0m[2m:[0m [2mconsensus_core::core[0m[2m:[0m [2mconsensus/core/src/core.rs[0m[2m:[0m[2m945:[0m Included 3 ancestors & excluded 0 ancestors for proposal in round 468
[2m2025-03-25T07:56:59.740963Z[0m [32m INFO[0m [1mnode[0m[1m{[0m[3mname[0m[2m=[0mk#8dcff6d1..[1m}[0m[2m:[0m [2mconsensus_core::core[0m[2m:[0m [2mconsensus/core/src/core.rs[0m[2m:[0m[2m531:[0m Created block B468(A,mubxehN365rXLCvoIBsW/D0FfFftqd8b8QuyRbTk/bQ=)(1742889419740ms;[B467(A,XSonmkY5nYrsRZUB8ZmiKor63VNOC14yCdAgqb/Yc30=), B467(B,hO8+EdYaLnXXy4JIXDIOG3evm1pH8O0ZVlq1QKHi9to=), B467(C,FpBI6Wd2Vr3y2SjsAJ8ocMg1buUKLFpV1jzT2g7H7M4=)];1t;1c) for round 468
[2m2025-03-25T07:56:59.743590Z[0m [32m INFO[0m [1mnode[0m[1m{[0m[3mname[0m[2m=[0mk#addeef94..[1m}[0m[2m:[0m [2mconsensus_core::core[0m[2m:[0m [2mconsensus/core/src/core.rs[0m[2m:[0m[2m945:[0m Included 3 ancestors & excluded 0 ancestors for proposal in round 468
[2m2025-03-25T07:56:59.743881Z[0m [32m INFO[0m [1mnode[0m[1m{[0m[3mname[0m[2m=[0mk#addeef94..[1m}[0m[2m:[0m [2mconsensus_core::core[0m[2m:[0m [2mconsensus/core/src/core.rs[0m[2m:[0m[2m531:[0m Created block B468(C,gQIHd7r1uqs8RlXTzviJQRIevkGLWeCAQg6bQWzeHMo=)(1742889419743ms;[B467(C,FpBI6Wd2Vr3y2SjsAJ8ocMg1buUKLFpV1jzT2g7H7M4=), B467(A,XSonmkY5nYrsRZUB8ZmiKor63VNOC14yCdAgqb/Yc30=), B467(B,hO8+EdYaLnXXy4JIXDIOG3evm1pH8O0ZVlq1QKHi9to=)];1t;1c) for round 468
[2m2025-03-25T07:56:59.743948Z[0m [32m INFO[0m [1mnode[0m[1m{[0m[3mname[0m[2m=[0mk#addeef94..[1m}[0m[2m:[0m [2mconsensus_core::core[0m[2m:[0m [2mconsensus/core/src/core.rs[0m[2m:[0m[2m630:[0m Committing 1 leaders: B466(C,kIks)
[2m2025-03-25T07:56:59.744016Z[0m [32m INFO[0m [1mnode[0m[1m{[0m[3mname[0m[2m=[0mk#addeef94..[1m}[0m[2m:[0m [2mconsensus_core::commit_observer[0m[2m:[0m [2mconsensus/core/src/commit_observer.rs[0m[2m:[0m[2m173:[0m Consensus commit C455(kSHB) with leader B466(C,kIks) has 3 blocks
[2m2025-03-25T07:56:59.744254Z[0m [32m INFO[0m [1mnode[0m[1m{[0m[3mname[0m[2m=[0mk#addeef94..[1m}[0m[2m:[0m [2msui_core::consensus_handler[0m[2m:[0m [2mcrates/sui-core/src/consensus_handler.rs[0m[2m:[0m[2m232:[0m Received consensus output [3mconsensus_commit[0m[2m=[0mCommittedSubDag(leader=B466(C,kIks), ref=C455(kSHB), blocks=[rVsN, R8RZ, kIks]) [3mepoch[0m[2m=[0m1
[2m2025-03-25T07:56:59.747120Z[0m [32m INFO[0m [1mnode[0m[1m{[0m[3mname[0m[2m=[0mk#b3f3cbb4..[1m}[0m[2m:[0m [2msui_core::state_accumulator[0m[2m:[0m [2mcrates/sui-core/src/state_accumulator.rs[0m[2m:[0m[2m675:[0m accumulating running root for checkpoint 587
[2m2025-03-25T07:56:59.747311Z[0m [32m INFO[0m [1mnode[0m[1m{[0m[3mname[0m[2m=[0mk#8dcff6d1..[1m}[0m[2m:[0m [2msui_core::checkpoints::checkpoint_output[0m[2m:[0m [2mcrates/sui-core/src/checkpoints/checkpoint_output.rs[0m[2m:[0m[2m196:[0m Certified checkpoint with sequence 667 and digest 78PMGFjV9HK7fxUD4fFj2RZjb4WrJwgYLsxEtZgskgYT
[2m2025-03-25T07:56:59.747428Z[0m [32m INFO[0m [1mnode[0m[1m{[0m[3mname[0m[2m=[0mk#8dcff6d1..[1m}[0m[2m:[0m [2mconsensus_core::core[0m[2m:[0m [2mconsensus/core/src/core.rs[0m[2m:[0m[2m630:[0m Committing 1 leaders: B466(C,kIks)
[2m2025-03-25T07:56:59.747537Z[0m [32m INFO[0m [1mnode[0m[1m{[0m[3mname[0m[2m=[0mk#8dcff6d1..[1m}[0m[2m:[0m [2mconsensus_core::commit_observer[0m[2m:[0m [2mconsensus/core/src/commit_observer.rs[0m[2m:[0m[2m173:[0m Consensus commit C455(kSHB) with leader B466(C,kIks) has 3 blocks
[2m2025-03-25T07:56:59.747614Z[0m [32m INFO[0m [1mnode[0m[1m{[0m[3mname[0m[2m=[0mk#99f25ef6..[1m}[0m[2m:[0m [2msui_core::checkpoints::checkpoint_output[0m[2m:[0m [2mcrates/sui-core/src/checkpoints/checkpoint_output.rs[0m[2m:[0m[2m196:[0m Certified checkpoint with sequence 667 and digest 78PMGFjV9HK7fxUD4fFj2RZjb4WrJwgYLsxEtZgskgYT
[2m2025-03-25T07:56:59.747719Z[0m [32m INFO[0m [1mnode[0m[1m{[0m[3mname[0m[2m=[0mk#99f25ef6..[1m}[0m[2m:[0m [2mconsensus_core::core[0m[2m:[0m [2mconsensus/core/src/core.rs[0m[2m:[0m[2m630:[0m Committing 1 leaders: B466(C,kIks)
[2m2025-03-25T07:56:59.747828Z[0m [32m INFO[0m [1mnode[0m[1m{[0m[3mname[0m[2m=[0mk#99f25ef6..[1m}[0m[2m:[0m [2mconsensus_core::commit_observer[0m[2m:[0m [2mconsensus/core/src/commit_observer.rs[0m[2m:[0m[2m173:[0m Consensus commit C455(kSHB) with leader B466(C,kIks) has 3 blocks
[2m2025-03-25T07:56:59.747955Z[0m [32m INFO[0m [1mnode[0m[1m{[0m[3mname[0m[2m=[0mk#8dcff6d1..[1m}[0m[2m:[0m [2msui_core::consensus_handler[0m[2m:[0m [2mcrates/sui-core/src/consensus_handler.rs[0m[2m:[0m[2m232:[0m Received consensus output [3mconsensus_commit[0m[2m=[0mCommittedSubDag(leader=B466(C,kIks), ref=C455(kSHB), blocks=[rVsN, R8RZ, kIks]) [3mepoch[0m[2m=[0m1
[2m2025-03-25T07:56:59.748216Z[0m [32m INFO[0m [1mnode[0m[1m{[0m[3mname[0m[2m=[0mk#99f25ef6..[1m}[0m[2m:[0m [2msui_core::consensus_handler[0m[2m:[0m [2mcrates/sui-core/src/consensus_handler.rs[0m[2m:[0m[2m232:[0m Received consensus output [3mconsensus_commit[0m[2m=[0mCommittedSubDag(leader=B466(C,kIks), ref=C455(kSHB), blocks=[rVsN, R8RZ, kIks]) [3mepoch[0m[2m=[0m1
[2m2025-03-25T07:56:59.748607Z[0m [32m INFO[0m [1mnode[0m[1m{[0m[3mname[0m[2m=[0mk#8dcff6d1..[1m}[0m[2m:[0m [2msui_core::checkpoints::checkpoint_executor[0m[2m:[0m [2mcrates/sui-core/src/checkpoints/checkpoint_executor/mod.rs[0m[2m:[0m[2m332:[0m Received checkpoint summary from state sync [3msequence_number[0m[2m=[0m667
[2m2025-03-25T07:56:59.748798Z[0m [32m INFO[0m [1mnode[0m[1m{[0m[3mname[0m[2m=[0mk#99f25ef6..[1m}[0m[2m:[0m [2msui_core::checkpoints::checkpoint_executor[0m[2m:[0m [2mcrates/sui-core/src/checkpoints/checkpoint_executor/mod.rs[0m[2m:[0m[2m332:[0m Received checkpoint summary from state sync [3msequence_number[0m[2m=[0m667
[2m2025-03-25T07:56:59.762101Z[0m [32m INFO[0m [1mnode[0m[1m{[0m[3mname[0m[2m=[0mk#8dcff6d1..[1m}[0m[2m:[0m [2msui_core::state_accumulator[0m[2m:[0m [2mcrates/sui-core/src/state_accumulator.rs[0m[2m:[0m[2m675:[0m accumulating running root for checkpoint 667
[2m2025-03-25T07:56:59.762113Z[0m [32m INFO[0m [1mnode[0m[1m{[0m[3mname[0m[2m=[0mk#99f25ef6..[1m}[0m[2m:[0m [2msui_core::state_accumulator[0m[2m:[0m [2mcrates/sui-core/src/state_accumulator.rs[0m[2m:[0m[2m675:[0m accumulating running root for checkpoint 667
[2m2025-03-25T07:56:59.788477Z[0m [32m INFO[0m [1mnode[0m[1m{[0m[3mname[0m[2m=[0mk#addeef94..[1m}[0m[2m:[0m [2msui_core::checkpoints[0m[2m:[0m [2mcrates/sui-core/src/checkpoints/mod.rs[0m[2m:[0m[2m1326:[0m Creating checkpoint(s) for 1 transactions [3mnext_checkpoint_seq[0m[2m=[0m668 [3mcheckpoint_timestamp[0m[2m=[0m1742889419232
[2m2025-03-25T07:56:59.788703Z[0m [32m INFO[0m [1mnode[0m[1m{[0m[3mname[0m[2m=[0mk#addeef94..[1m}[0m[2m:[0m [2msui_core::checkpoints::checkpoint_output[0m[2m:[0m [2mcrates/sui-core/src/checkpoints/checkpoint_output.rs[0m[2m:[0m[2m149:[0m Creating checkpoint CheckpointDigest(JC2bHwehsHAJAJeRjq1zB8kc91fP8vYhTkaisYT1XFKU) at epoch 1, sequence 668, previous digest Some(CheckpointDigest(78PMGFjV9HK7fxUD4fFj2RZjb4WrJwgYLsxEtZgskgYT)), transactions count 1, content digest CheckpointContentsDigest(AYcZV7q6QXEJmNjPozuiMvv2rt65ynaW6GWsLt82RpCJ), end_of_epoch_data None
[2m2025-03-25T07:56:59.793255Z[0m [32m INFO[0m [1mnode[0m[1m{[0m[3mname[0m[2m=[0mk#8dcff6d1..[1m}[0m[2m:[0m [2msui_core::checkpoints[0m[2m:[0m [2mcrates/sui-core/src/checkpoints/mod.rs[0m[2m:[0m[2m1326:[0m Creating checkpoint(s) for 1 transactions [3mnext_checkpoint_seq[0m[2m=[0m668 [3mcheckpoint_timestamp[0m[2m=[0m1742889419232
[2m2025-03-25T07:56:59.793324Z[0m [32m INFO[0m [1mnode[0m[1m{[0m[3mname[0m[2m=[0mk#99f25ef6..[1m}[0m[2m:[0m [2msui_core::checkpoints[0m[2m:[0m [2mcrates/sui-core/src/checkpoints/mod.rs[0m[2m:[0m[2m1326:[0m Creating checkpoint(s) for 1 transactions [3mnext_checkpoint_seq[0m[2m=[0m668 [3mcheckpoint_timestamp[0m[2m=[0m1742889419232
[2m2025-03-25T07:56:59.793439Z[0m [32m INFO[0m [1mnode[0m[1m{[0m[3mname[0m[2m=[0mk#8dcff6d1..[1m}[0m[2m:[0m [2msui_core::checkpoints::checkpoint_output[0m[2m:[0m [2mcrates/sui-core/src/checkpoints/checkpoint_output.rs[0m[2m:[0m[2m149:[0m Creating checkpoint CheckpointDigest(JC2bHwehsHAJAJeRjq1zB8kc91fP8vYhTkaisYT1XFKU) at epoch 1, sequence 668, previous digest Some(CheckpointDigest(78PMGFjV9HK7fxUD4fFj2RZjb4WrJwgYLsxEtZgskgYT)), transactions count 1, content digest CheckpointContentsDigest(AYcZV7q6QXEJmNjPozuiMvv2rt65ynaW6GWsLt82RpCJ), end_of_epoch_data None
[2m2025-03-25T07:56:59.793493Z[0m [32m INFO[0m [1mnode[0m[1m{[0m[3mname[0m[2m=[0mk#99f25ef6..[1m}[0m[2m:[0m [2msui_core::checkpoints::checkpoint_output[0m[2m:[0m [2mcrates/sui-core/src/checkpoints/checkpoint_output.rs[0m[2m:[0m[2m149:[0m Creating checkpoint CheckpointDigest(JC2bHwehsHAJAJeRjq1zB8kc91fP8vYhTkaisYT1XFKU) at epoch 1, sequence 668, previous digest Some(CheckpointDigest(78PMGFjV9HK7fxUD4fFj2RZjb4WrJwgYLsxEtZgskgYT)), transactions count 1, content digest CheckpointContentsDigest(AYcZV7q6QXEJmNjPozuiMvv2rt65ynaW6GWsLt82RpCJ), end_of_epoch_data None
[2m2025-03-25T07:56:59.808913Z[0m [32m INFO[0m [2msui_bridge::action_executor[0m[2m:[0m [2mcrates/sui-bridge/src/action_executor.rs[0m[2m:[0m[2m579:[0m Re-enqueued certificate for execution
[2m2025-03-25T07:56:59.808945Z[0m [32m INFO[0m [2msui_bridge::action_executor[0m[2m:[0m [2mcrates/sui-bridge/src/action_executor.rs[0m[2m:[0m[2m560:[0m Future crates/sui-bridge/src/action_executor.rs:560 completed
[2m2025-03-25T07:56:59.809034Z[0m [32m INFO[0m [1mhandle_execution_task[0m[1m{[0m[3maction_key[0m[2m=[0mBridgeActionKey(0,2,0) [3mattempt_times[0m[2m=[0m5[1m}[0m[2m:[0m [2msui_bridge::action_executor[0m[2m:[0m [2mcrates/sui-bridge/src/action_executor.rs[0m[2m:[0m[2m481:[0m Received certified action for execution: SuiToEthBridgeAction(SuiToEthBridgeAction { sui_tx_digest: TransactionDigest(JDYZWo7pouDfQMZQ1svXm7rFiHM4Wx8n49TtVZxwEGXL), sui_tx_event_index: 0, sui_bridge_event: EmittedSuiToEthTokenBridgeV1 { nonce: 0, sui_chain_id: SuiCustom, eth_chain_id: EthCustom, sui_address: 0x04a92ab35c30447220964695cc04dfdb26d007c17bf50c178f19eacb981afca1, eth_address: 0xf9510eb5cf94cdfa407ba5fc5bf2f9d0e1887ab0, token_id: 4, amount_sui_adjusted: 100000000000000, tx_hash: [], event_idx: 0 } })
[2m2025-03-25T07:56:59.810300Z[0m [32m INFO[0m [1mnode[0m[1m{[0m[3mname[0m[2m=[0mk#addeef94..[1m}[0m[2m:[0m [2msui_core::checkpoints::checkpoint_executor[0m[2m:[0m [2mcrates/sui-core/src/checkpoints/checkpoint_executor/mod.rs[0m[2m:[0m[2m332:[0m Received checkpoint summary from state sync [3msequence_number[0m[2m=[0m667
[2m2025-03-25T07:56:59.829440Z[0m [32m INFO[0m [1mnode[0m[1m{[0m[3mname[0m[2m=[0mk#b3f3cbb4..[1m}[0m[2m:[0m [2msui_core::state_accumulator[0m[2m:[0m [2mcrates/sui-core/src/state_accumulator.rs[0m[2m:[0m[2m675:[0m accumulating running root for checkpoint 588
[2m2025-03-25T07:56:59.829710Z[0m [32m INFO[0m [1mnode[0m[1m{[0m[3mname[0m[2m=[0mk#b3f3cbb4..[1m}[0m[2m:[0m [2msui_core::checkpoints::checkpoint_executor[0m[2m:[0m [2mcrates/sui-core/src/checkpoints/checkpoint_executor/mod.rs[0m[2m:[0m[2m332:[0m Received checkpoint summary from state sync [3msequence_number[0m[2m=[0m665
[2m2025-03-25T07:56:59.856464Z[0m [32m INFO[0m [1mnode[0m[1m{[0m[3mname[0m[2m=[0mk#addeef94..[1m}[0m[2m:[0m [2msui_core::state_accumulator[0m[2m:[0m [2mcrates/sui-core/src/state_accumulator.rs[0m[2m:[0m[2m675:[0m accumulating running root for checkpoint 667
[2m2025-03-25T07:56:59.921124Z[0m [32m INFO[0m [1mnode[0m[1m{[0m[3mname[0m[2m=[0mk#b3f3cbb4..[1m}[0m[2m:[0m [2msui_core::state_accumulator[0m[2m:[0m [2mcrates/sui-core/src/state_accumulator.rs[0m[2m:[0m[2m675:[0m accumulating running root for checkpoint 589
[2m2025-03-25T07:56:59.997476Z[0m [32m INFO[0m [1mnode[0m[1m{[0m[3mname[0m[2m=[0mk#addeef94..[1m}[0m[2m:[0m [2mconsensus_core::core[0m[2m:[0m [2mconsensus/core/src/core.rs[0m[2m:[0m[2m945:[0m Included 3 ancestors & excluded 0 ancestors for proposal in round 469
[2m2025-03-25T07:56:59.997838Z[0m [32m INFO[0m [1mnode[0m[1m{[0m[3mname[0m[2m=[0mk#addeef94..[1m}[0m[2m:[0m [2mconsensus_core::core[0m[2m:[0m [2mconsensus/core/src/core.rs[0m[2m:[0m[2m531:[0m Created block B469(C,+3JBYc3TeyH287kXgpxTSJxFBBzsjzOu0DNeA+qOpHE=)(1742889419997ms;[B468(C,gQIHd7r1uqs8RlXTzviJQRIevkGLWeCAQg6bQWzeHMo=), B468(A,mubxehN365rXLCvoIBsW/D0FfFftqd8b8QuyRbTk/bQ=), B468(B,3vppd21wDef14OjveNRGYHpjQAQWiMX+Kzki9SF+LVg=)];1t;1c) for round 469
[2m2025-03-25T07:56:59.999553Z[0m [32m INFO[0m [1mnode[0m[1m{[0m[3mname[0m[2m=[0mk#8dcff6d1..[1m}[0m[2m:[0m [2mconsensus_core::core[0m[2m:[0m [2mconsensus/core/src/core.rs[0m[2m:[0m[2m945:[0m Included 3 ancestors & excluded 0 ancestors for proposal in round 469
[2m2025-03-25T07:56:59.999707Z[0m [32m INFO[0m [1mnode[0m[1m{[0m[3mname[0m[2m=[0mk#99f25ef6..[1m}[0m[2m:[0m [2mconsensus_core::core[0m[2m:[0m [2mconsensus/core/src/core.rs[0m[2m:[0m[2m945:[0m Included 3 ancestors & excluded 0 ancestors for proposal in round 469
[2m2025-03-25T07:56:59.999841Z[0m [32m INFO[0m [1mnode[0m[1m{[0m[3mname[0m[2m=[0mk#8dcff6d1..[1m}[0m[2m:[0m [2mconsensus_core::core[0m[2m:[0m [2mconsensus/core/src/core.rs[0m[2m:[0m[2m531:[0m Created block B469(A,fBrqn+cghTD6FIstCBo9b1m1xNBCjMFTy6SwIeQptaE=)(1742889419999ms;[B468(A,mubxehN365rXLCvoIBsW/D0FfFftqd8b8QuyRbTk/bQ=), B468(B,3vppd21wDef14OjveNRGYHpjQAQWiMX+Kzki9SF+LVg=), B468(C,gQIHd7r1uqs8RlXTzviJQRIevkGLWeCAQg6bQWzeHMo=)];1t;1c) for round 469
[2m2025-03-25T07:56:59.999989Z[0m [32m INFO[0m [1mnode[0m[1m{[0m[3mname[0m[2m=[0mk#8dcff6d1..[1m}[0m[2m:[0m [2mconsensus_core::core[0m[2m:[0m [2mconsensus/core/src/core.rs[0m[2m:[0m[2m630:[0m Committing 1 leaders: B467(B,hO8+)
[2m2025-03-25T07:56:59.999998Z[0m [32m INFO[0m [1mnode[0m[1m{[0m[3mname[0m[2m=[0mk#99f25ef6..[1m}[0m[2m:[0m [2mconsensus_core::core[0m[2m:[0m [2mconsensus/core/src/core.rs[0m[2m:[0m[2m531:[0m Created block B469(B,R8/SJyfxjU7iLFcn8GtEmmI4o9Zl5oer4idLNQjN0G8=)(1742889419999ms;[B468(B,3vppd21wDef14OjveNRGYHpjQAQWiMX+Kzki9SF+LVg=), B468(A,mubxehN365rXLCvoIBsW/D0FfFftqd8b8QuyRbTk/bQ=), B468(C,gQIHd7r1uqs8RlXTzviJQRIevkGLWeCAQg6bQWzeHMo=)];1t;1c) for round 469
[2m2025-03-25T07:57:00.000063Z[0m [32m INFO[0m [1mnode[0m[1m{[0m[3mname[0m[2m=[0mk#99f25ef6..[1m}[0m[2m:[0m [2mconsensus_core::core[0m[2m:[0m [2mconsensus/core/src/core.rs[0m[2m:[0m[2m630:[0m Committing 1 leaders: B467(B,hO8+)
[2m2025-03-25T07:57:00.000080Z[0m [32m INFO[0m [1mnode[0m[1m{[0m[3mname[0m[2m=[0mk#8dcff6d1..[1m}[0m[2m:[0m [2mconsensus_core::commit_observer[0m[2m:[0m [2mconsensus/core/src/commit_observer.rs[0m[2m:[0m[2m173:[0m Consensus commit C456(kExa) with leader B467(B,hO8+) has 3 blocks
[2m2025-03-25T07:57:00.000128Z[0m [32m INFO[0m [1mnode[0m[1m{[0m[3mname[0m[2m=[0mk#99f25ef6..[1m}[0m[2m:[0m [2mconsensus_core::commit_observer[0m[2m:[0m [2mconsensus/core/src/commit_observer.rs[0m[2m:[0m[2m173:[0m Consensus commit C456(kExa) with leader B467(B,hO8+) has 3 blocks
[2m2025-03-25T07:57:00.000219Z[0m [32m INFO[0m [1mnode[0m[1m{[0m[3mname[0m[2m=[0mk#99f25ef6..[1m}[0m[2m:[0m [2msui_core::consensus_handler[0m[2m:[0m [2mcrates/sui-core/src/consensus_handler.rs[0m[2m:[0m[2m232:[0m Received consensus output [3mconsensus_commit[0m[2m=[0mCommittedSubDag(leader=B467(B,hO8+), ref=C456(kExa), blocks=[qKRW, 5Z4/, hO8+]) [3mepoch[0m[2m=[0m1
[2m2025-03-25T07:57:00.000315Z[0m [32m INFO[0m [1mnode[0m[1m{[0m[3mname[0m[2m=[0mk#8dcff6d1..[1m}[0m[2m:[0m [2msui_core::consensus_handler[0m[2m:[0m [2mcrates/sui-core/src/consensus_handler.rs[0m[2m:[0m[2m232:[0m Received consensus output [3mconsensus_commit[0m[2m=[0mCommittedSubDag(leader=B467(B,hO8+), ref=C456(kExa), blocks=[qKRW, 5Z4/, hO8+]) [3mepoch[0m[2m=[0m1
[2m2025-03-25T07:57:00.003899Z[0m [32m INFO[0m [1mnode[0m[1m{[0m[3mname[0m[2m=[0mk#addeef94..[1m}[0m[2m:[0m [2mconsensus_core::core[0m[2m:[0m [2mconsensus/core/src/core.rs[0m[2m:[0m[2m630:[0m Committing 1 leaders: B467(B,hO8+)
[2m2025-03-25T07:57:00.004001Z[0m [32m INFO[0m [1mnode[0m[1m{[0m[3mname[0m[2m=[0mk#addeef94..[1m}[0m[2m:[0m [2mconsensus_core::commit_observer[0m[2m:[0m [2mconsensus/core/src/commit_observer.rs[0m[2m:[0m[2m173:[0m Consensus commit C456(kExa) with leader B467(B,hO8+) has 3 blocks
[2m2025-03-25T07:57:00.004127Z[0m [32m INFO[0m [1mnode[0m[1m{[0m[3mname[0m[2m=[0mk#addeef94..[1m}[0m[2m:[0m [2msui_core::consensus_handler[0m[2m:[0m [2mcrates/sui-core/src/consensus_handler.rs[0m[2m:[0m[2m232:[0m Received consensus output [3mconsensus_commit[0m[2m=[0mCommittedSubDag(leader=B467(B,hO8+), ref=C456(kExa), blocks=[qKRW, 5Z4/, hO8+]) [3mepoch[0m[2m=[0m1
[2m2025-03-25T07:57:00.027042Z[0m [32m INFO[0m [1mnode[0m[1m{[0m[3mname[0m[2m=[0mk#99f25ef6..[1m}[0m[2m:[0m [2msui_core::checkpoints[0m[2m:[0m [2mcrates/sui-core/src/checkpoints/mod.rs[0m[2m:[0m[2m1326:[0m Creating checkpoint(s) for 2 transactions [3mnext_checkpoint_seq[0m[2m=[0m669 [3mcheckpoint_timestamp[0m[2m=[0m1742889419487
[2m2025-03-25T07:57:00.027209Z[0m [32m INFO[0m [1mnode[0m[1m{[0m[3mname[0m[2m=[0mk#8dcff6d1..[1m}[0m[2m:[0m [2msui_core::checkpoints[0m[2m:[0m [2mcrates/sui-core/src/checkpoints/mod.rs[0m[2m:[0m[2m1326:[0m Creating checkpoint(s) for 2 transactions [3mnext_checkpoint_seq[0m[2m=[0m669 [3mcheckpoint_timestamp[0m[2m=[0m1742889419487
[2m2025-03-25T07:57:00.027367Z[0m [32m INFO[0m [1mnode[0m[1m{[0m[3mname[0m[2m=[0mk#99f25ef6..[1m}[0m[2m:[0m [2msui_core::checkpoints::checkpoint_output[0m[2m:[0m [2mcrates/sui-core/src/checkpoints/checkpoint_output.rs[0m[2m:[0m[2m149:[0m Creating checkpoint CheckpointDigest(EsyFwA5vvWrA3TzNr933b16wGDGarn9c9RERN5RWGSkr) at epoch 1, sequence 669, previous digest Some(CheckpointDigest(JC2bHwehsHAJAJeRjq1zB8kc91fP8vYhTkaisYT1XFKU)), transactions count 2, content digest CheckpointContentsDigest(D62rZKWqEFoKNSz4rnZyUGBFLUTJpiAjQy4s4zJJ5yFx), end_of_epoch_data None
[2m2025-03-25T07:57:00.027460Z[0m [32m INFO[0m [1mnode[0m[1m{[0m[3mname[0m[2m=[0mk#8dcff6d1..[1m}[0m[2m:[0m [2msui_core::checkpoints::checkpoint_output[0m[2m:[0m [2mcrates/sui-core/src/checkpoints/checkpoint_output.rs[0m[2m:[0m[2m149:[0m Creating checkpoint CheckpointDigest(EsyFwA5vvWrA3TzNr933b16wGDGarn9c9RERN5RWGSkr) at epoch 1, sequence 669, previous digest Some(CheckpointDigest(JC2bHwehsHAJAJeRjq1zB8kc91fP8vYhTkaisYT1XFKU)), transactions count 2, content digest CheckpointContentsDigest(D62rZKWqEFoKNSz4rnZyUGBFLUTJpiAjQy4s4zJJ5yFx), end_of_epoch_data None
[2m2025-03-25T07:57:00.030367Z[0m [32m INFO[0m [1mnode[0m[1m{[0m[3mname[0m[2m=[0mk#addeef94..[1m}[0m[2m:[0m [2msui_core::checkpoints[0m[2m:[0m [2mcrates/sui-core/src/checkpoints/mod.rs[0m[2m:[0m[2m1326:[0m Creating checkpoint(s) for 2 transactions [3mnext_checkpoint_seq[0m[2m=[0m669 [3mcheckpoint_timestamp[0m[2m=[0m1742889419487
[2m2025-03-25T07:57:00.030623Z[0m [32m INFO[0m [1mnode[0m[1m{[0m[3mname[0m[2m=[0mk#addeef94..[1m}[0m[2m:[0m [2msui_core::checkpoints::checkpoint_output[0m[2m:[0m [2mcrates/sui-core/src/checkpoints/checkpoint_output.rs[0m[2m:[0m[2m149:[0m Creating checkpoint CheckpointDigest(EsyFwA5vvWrA3TzNr933b16wGDGarn9c9RERN5RWGSkr) at epoch 1, sequence 669, previous digest Some(CheckpointDigest(JC2bHwehsHAJAJeRjq1zB8kc91fP8vYhTkaisYT1XFKU)), transactions count 2, content digest CheckpointContentsDigest(D62rZKWqEFoKNSz4rnZyUGBFLUTJpiAjQy4s4zJJ5yFx), end_of_epoch_data None
[2m2025-03-25T07:57:00.030724Z[0m [32m INFO[0m [1mnode[0m[1m{[0m[3mname[0m[2m=[0mk#99f25ef6..[1m}[0m[2m:[0m [2msui_core::checkpoints::checkpoint_output[0m[2m:[0m [2mcrates/sui-core/src/checkpoints/checkpoint_output.rs[0m[2m:[0m[2m196:[0m Certified checkpoint with sequence 668 and digest JC2bHwehsHAJAJeRjq1zB8kc91fP8vYhTkaisYT1XFKU
[2m2025-03-25T07:57:00.030741Z[0m [32m INFO[0m [1mnode[0m[1m{[0m[3mname[0m[2m=[0mk#8dcff6d1..[1m}[0m[2m:[0m [2msui_core::checkpoints::checkpoint_output[0m[2m:[0m [2mcrates/sui-core/src/checkpoints/checkpoint_output.rs[0m[2m:[0m[2m196:[0m Certified checkpoint with sequence 668 and digest JC2bHwehsHAJAJeRjq1zB8kc91fP8vYhTkaisYT1XFKU
[2m2025-03-25T07:57:00.031095Z[0m [32m INFO[0m [1mnode[0m[1m{[0m[3mname[0m[2m=[0mk#99f25ef6..[1m}[0m[2m:[0m [2msui_core::checkpoints::checkpoint_executor[0m[2m:[0m [2mcrates/sui-core/src/checkpoints/checkpoint_executor/mod.rs[0m[2m:[0m[2m332:[0m Received checkpoint summary from state sync [3msequence_number[0m[2m=[0m668
[2m2025-03-25T07:57:00.031095Z[0m [32m INFO[0m [1mnode[0m[1m{[0m[3mname[0m[2m=[0mk#8dcff6d1..[1m}[0m[2m:[0m [2msui_core::checkpoints::checkpoint_executor[0m[2m:[0m [2mcrates/sui-core/src/checkpoints/checkpoint_executor/mod.rs[0m[2m:[0m[2m332:[0m Received checkpoint summary from state sync [3msequence_number[0m[2m=[0m668
[2m2025-03-25T07:57:00.032287Z[0m [32m INFO[0m [1mnode[0m[1m{[0m[3mname[0m[2m=[0mk#99f25ef6..[1m}[0m[2m:[0m [2msui_core::state_accumulator[0m[2m:[0m [2mcrates/sui-core/src/state_accumulator.rs[0m[2m:[0m[2m675:[0m accumulating running root for checkpoint 668
[2m2025-03-25T07:57:00.032295Z[0m [32m INFO[0m [1mnode[0m[1m{[0m[3mname[0m[2m=[0mk#8dcff6d1..[1m}[0m[2m:[0m [2msui_core::state_accumulator[0m[2m:[0m [2mcrates/sui-core/src/state_accumulator.rs[0m[2m:[0m[2m675:[0m accumulating running root for checkpoint 668
[2m2025-03-25T07:57:00.034927Z[0m [32m INFO[0m [1mnode[0m[1m{[0m[3mname[0m[2m=[0mk#addeef94..[1m}[0m[2m:[0m [2msui_core::checkpoints::checkpoint_executor[0m[2m:[0m [2mcrates/sui-core/src/checkpoints/checkpoint_executor/mod.rs[0m[2m:[0m[2m332:[0m Received checkpoint summary from state sync [3msequence_number[0m[2m=[0m668
[2m2025-03-25T07:57:00.035668Z[0m [32m INFO[0m [1mnode[0m[1m{[0m[3mname[0m[2m=[0mk#addeef94..[1m}[0m[2m:[0m [2msui_core::state_accumulator[0m[2m:[0m [2mcrates/sui-core/src/state_accumulator.rs[0m[2m:[0m[2m675:[0m accumulating running root for checkpoint 668
[2m2025-03-25T07:57:00.253225Z[0m [32m INFO[0m [1mnode[0m[1m{[0m[3mname[0m[2m=[0mk#8dcff6d1..[1m}[0m[2m:[0m [2mconsensus_core::core[0m[2m:[0m [2mconsensus/core/src/core.rs[0m[2m:[0m[2m945:[0m Included 3 ancestors & excluded 0 ancestors for proposal in round 470
[2m2025-03-25T07:57:00.253634Z[0m [32m INFO[0m [1mnode[0m[1m{[0m[3mname[0m[2m=[0mk#8dcff6d1..[1m}[0m[2m:[0m [2mconsensus_core::core[0m[2m:[0m [2mconsensus/core/src/core.rs[0m[2m:[0m[2m531:[0m Created block B470(A,ABa7tEbdkeMGwow6v4SwjO0dxXESb2m4DcIvXZTppMI=)(1742889420253ms;[B469(A,fBrqn+cghTD6FIstCBo9b1m1xNBCjMFTy6SwIeQptaE=), B469(B,R8/SJyfxjU7iLFcn8GtEmmI4o9Zl5oer4idLNQjN0G8=), B469(C,+3JBYc3TeyH287kXgpxTSJxFBBzsjzOu0DNeA+qOpHE=)];1t;1c) for round 470
[2m2025-03-25T07:57:00.253654Z[0m [32m INFO[0m [1mnode[0m[1m{[0m[3mname[0m[2m=[0mk#99f25ef6..[1m}[0m[2m:[0m [2mconsensus_core::core[0m[2m:[0m [2mconsensus/core/src/core.rs[0m[2m:[0m[2m945:[0m Included 3 ancestors & excluded 0 ancestors for proposal in round 470
[2m2025-03-25T07:57:00.253981Z[0m [32m INFO[0m [1mnode[0m[1m{[0m[3mname[0m[2m=[0mk#99f25ef6..[1m}[0m[2m:[0m [2mconsensus_core::core[0m[2m:[0m [2mconsensus/core/src/core.rs[0m[2m:[0m[2m531:[0m Created block B470(B,7oODQGHIh0tITSnifV4a+C36Qg3PmCIRAIXawwnIqW4=)(1742889420253ms;[B469(B,R8/SJyfxjU7iLFcn8GtEmmI4o9Zl5oer4idLNQjN0G8=), B469(A,fBrqn+cghTD6FIstCBo9b1m1xNBCjMFTy6SwIeQptaE=), B469(C,+3JBYc3TeyH287kXgpxTSJxFBBzsjzOu0DNeA+qOpHE=)];1t;1c) for round 470
[2m2025-03-25T07:57:00.256825Z[0m [32m INFO[0m [1mnode[0m[1m{[0m[3mname[0m[2m=[0mk#addeef94..[1m}[0m[2m:[0m [2mconsensus_core::core[0m[2m:[0m [2mconsensus/core/src/core.rs[0m[2m:[0m[2m945:[0m Included 3 ancestors & excluded 0 ancestors for proposal in round 470
[2m2025-03-25T07:57:00.257119Z[0m [32m INFO[0m [1mnode[0m[1m{[0m[3mname[0m[2m=[0mk#addeef94..[1m}[0m[2m:[0m [2mconsensus_core::core[0m[2m:[0m [2mconsensus/core/src/core.rs[0m[2m:[0m[2m531:[0m Created block B470(C,5x3gLUYSQkjZeztRUjMIXiLlEbNs/Tplo8yL1cDOs7o=)(1742889420257ms;[B469(C,+3JBYc3TeyH287kXgpxTSJxFBBzsjzOu0DNeA+qOpHE=), B469(A,fBrqn+cghTD6FIstCBo9b1m1xNBCjMFTy6SwIeQptaE=), B469(B,R8/SJyfxjU7iLFcn8GtEmmI4o9Zl5oer4idLNQjN0G8=)];1t;1c) for round 470
[2m2025-03-25T07:57:00.257189Z[0m [32m INFO[0m [1mnode[0m[1m{[0m[3mname[0m[2m=[0mk#addeef94..[1m}[0m[2m:[0m [2mconsensus_core::core[0m[2m:[0m [2mconsensus/core/src/core.rs[0m[2m:[0m[2m630:[0m Committing 1 leaders: B468(B,3vpp)
[2m2025-03-25T07:57:00.257260Z[0m [32m INFO[0m [1mnode[0m[1m{[0m[3mname[0m[2m=[0mk#addeef94..[1m}[0m[2m:[0m [2mconsensus_core::commit_observer[0m[2m:[0m [2mconsensus/core/src/commit_observer.rs[0m[2m:[0m[2m173:[0m Consensus commit C457(cOz4) with leader B468(B,3vpp) has 3 blocks
[2m2025-03-25T07:57:00.257503Z[0m [32m INFO[0m [1mnode[0m[1m{[0m[3mname[0m[2m=[0mk#addeef94..[1m}[0m[2m:[0m [2msui_core::consensus_handler[0m[2m:[0m [2mcrates/sui-core/src/consensus_handler.rs[0m[2m:[0m[2m232:[0m Received consensus output [3mconsensus_commit[0m[2m=[0mCommittedSubDag(leader=B468(B,3vpp), ref=C457(cOz4), blocks=[XSon, FpBI, 3vpp]) [3mepoch[0m[2m=[0m1
[2m2025-03-25T07:57:00.260640Z[0m [32m INFO[0m [1mnode[0m[1m{[0m[3mname[0m[2m=[0mk#99f25ef6..[1m}[0m[2m:[0m [2msui_core::checkpoints::checkpoint_output[0m[2m:[0m [2mcrates/sui-core/src/checkpoints/checkpoint_output.rs[0m[2m:[0m[2m196:[0m Certified checkpoint with sequence 669 and digest EsyFwA5vvWrA3TzNr933b16wGDGarn9c9RERN5RWGSkr
[2m2025-03-25T07:57:00.260644Z[0m [32m INFO[0m [1mnode[0m[1m{[0m[3mname[0m[2m=[0mk#8dcff6d1..[1m}[0m[2m:[0m [2msui_core::checkpoints::checkpoint_output[0m[2m:[0m [2mcrates/sui-core/src/checkpoints/checkpoint_output.rs[0m[2m:[0m[2m196:[0m Certified checkpoint with sequence 669 and digest EsyFwA5vvWrA3TzNr933b16wGDGarn9c9RERN5RWGSkr
[2m2025-03-25T07:57:00.260756Z[0m [32m INFO[0m [1mnode[0m[1m{[0m[3mname[0m[2m=[0mk#8dcff6d1..[1m}[0m[2m:[0m [2mconsensus_core::core[0m[2m:[0m [2mconsensus/core/src/core.rs[0m[2m:[0m[2m630:[0m Committing 1 leaders: B468(B,3vpp)
[2m2025-03-25T07:57:00.260756Z[0m [32m INFO[0m [1mnode[0m[1m{[0m[3mname[0m[2m=[0mk#99f25ef6..[1m}[0m[2m:[0m [2mconsensus_core::core[0m[2m:[0m [2mconsensus/core/src/core.rs[0m[2m:[0m[2m630:[0m Committing 1 leaders: B468(B,3vpp)
[2m2025-03-25T07:57:00.260859Z[0m [32m INFO[0m [1mnode[0m[1m{[0m[3mname[0m[2m=[0mk#8dcff6d1..[1m}[0m[2m:[0m [2mconsensus_core::commit_observer[0m[2m:[0m [2mconsensus/core/src/commit_observer.rs[0m[2m:[0m[2m173:[0m Consensus commit C457(cOz4) with leader B468(B,3vpp) has 3 blocks
[2m2025-03-25T07:57:00.260872Z[0m [32m INFO[0m [1mnode[0m[1m{[0m[3mname[0m[2m=[0mk#99f25ef6..[1m}[0m[2m:[0m [2mconsensus_core::commit_observer[0m[2m:[0m [2mconsensus/core/src/commit_observer.rs[0m[2m:[0m[2m173:[0m Consensus commit C457(cOz4) with leader B468(B,3vpp) has 3 blocks
[2m2025-03-25T07:57:00.261325Z[0m [32m INFO[0m [1mnode[0m[1m{[0m[3mname[0m[2m=[0mk#8dcff6d1..[1m}[0m[2m:[0m [2msui_core::consensus_handler[0m[2m:[0m [2mcrates/sui-core/src/consensus_handler.rs[0m[2m:[0m[2m232:[0m Received consensus output [3mconsensus_commit[0m[2m=[0mCommittedSubDag(leader=B468(B,3vpp), ref=C457(cOz4), blocks=[XSon, FpBI, 3vpp]) [3mepoch[0m[2m=[0m1
[2m2025-03-25T07:57:00.261330Z[0m [32m INFO[0m [1mnode[0m[1m{[0m[3mname[0m[2m=[0mk#99f25ef6..[1m}[0m[2m:[0m [2msui_core::consensus_handler[0m[2m:[0m [2mcrates/sui-core/src/consensus_handler.rs[0m[2m:[0m[2m232:[0m Received consensus output [3mconsensus_commit[0m[2m=[0mCommittedSubDag(leader=B468(B,3vpp), ref=C457(cOz4), blocks=[XSon, FpBI, 3vpp]) [3mepoch[0m[2m=[0m1
[2m2025-03-25T07:57:00.261976Z[0m [32m INFO[0m [1mnode[0m[1m{[0m[3mname[0m[2m=[0mk#99f25ef6..[1m}[0m[2m:[0m [2msui_core::checkpoints::checkpoint_executor[0m[2m:[0m [2mcrates/sui-core/src/checkpoints/checkpoint_executor/mod.rs[0m[2m:[0m[2m332:[0m Received checkpoint summary from state sync [3msequence_number[0m[2m=[0m669
[2m2025-03-25T07:57:00.261976Z[0m [32m INFO[0m [1mnode[0m[1m{[0m[3mname[0m[2m=[0mk#8dcff6d1..[1m}[0m[2m:[0m [2msui_core::checkpoints::checkpoint_executor[0m[2m:[0m [2mcrates/sui-core/src/checkpoints/checkpoint_executor/mod.rs[0m[2m:[0m[2m332:[0m Received checkpoint summary from state sync [3msequence_number[0m[2m=[0m669
[2m2025-03-25T07:57:00.275599Z[0m [32m INFO[0m [1mnode[0m[1m{[0m[3mname[0m[2m=[0mk#8dcff6d1..[1m}[0m[2m:[0m [2msui_core::state_accumulator[0m[2m:[0m [2mcrates/sui-core/src/state_accumulator.rs[0m[2m:[0m[2m675:[0m accumulating running root for checkpoint 669
[2m2025-03-25T07:57:00.275602Z[0m [32m INFO[0m [1mnode[0m[1m{[0m[3mname[0m[2m=[0mk#99f25ef6..[1m}[0m[2m:[0m [2msui_core::state_accumulator[0m[2m:[0m [2mcrates/sui-core/src/state_accumulator.rs[0m[2m:[0m[2m675:[0m accumulating running root for checkpoint 669
[2m2025-03-25T07:57:00.301985Z[0m [32m INFO[0m [1mnode[0m[1m{[0m[3mname[0m[2m=[0mk#addeef94..[1m}[0m[2m:[0m [2msui_core::checkpoints[0m[2m:[0m [2mcrates/sui-core/src/checkpoints/mod.rs[0m[2m:[0m[2m1326:[0m Creating checkpoint(s) for 1 transactions [3mnext_checkpoint_seq[0m[2m=[0m670 [3mcheckpoint_timestamp[0m[2m=[0m1742889419740
[2m2025-03-25T07:57:00.302220Z[0m [32m INFO[0m [1mnode[0m[1m{[0m[3mname[0m[2m=[0mk#addeef94..[1m}[0m[2m:[0m [2msui_core::checkpoints::checkpoint_output[0m[2m:[0m [2mcrates/sui-core/src/checkpoints/checkpoint_output.rs[0m[2m:[0m[2m149:[0m Creating checkpoint CheckpointDigest(2ESK38rdqBaWwdXMhe75heG1BKCyoKVdssUx4ukoMVTT) at epoch 1, sequence 670, previous digest Some(CheckpointDigest(EsyFwA5vvWrA3TzNr933b16wGDGarn9c9RERN5RWGSkr)), transactions count 1, content digest CheckpointContentsDigest(9GW1DvApDY6uFr65MzsSMaQyyM1tYwEYTNbTVnQ7K5Y5), end_of_epoch_data None
[2m2025-03-25T07:57:00.307048Z[0m [32m INFO[0m [1mnode[0m[1m{[0m[3mname[0m[2m=[0mk#99f25ef6..[1m}[0m[2m:[0m [2msui_core::checkpoints[0m[2m:[0m [2mcrates/sui-core/src/checkpoints/mod.rs[0m[2m:[0m[2m1326:[0m Creating checkpoint(s) for 1 transactions [3mnext_checkpoint_seq[0m[2m=[0m670 [3mcheckpoint_timestamp[0m[2m=[0m1742889419740
[2m2025-03-25T07:57:00.307060Z[0m [32m INFO[0m [1mnode[0m[1m{[0m[3mname[0m[2m=[0mk#8dcff6d1..[1m}[0m[2m:[0m [2msui_core::checkpoints[0m[2m:[0m [2mcrates/sui-core/src/checkpoints/mod.rs[0m[2m:[0m[2m1326:[0m Creating checkpoint(s) for 1 transactions [3mnext_checkpoint_seq[0m[2m=[0m670 [3mcheckpoint_timestamp[0m[2m=[0m1742889419740
[2m2025-03-25T07:57:00.307233Z[0m [32m INFO[0m [1mnode[0m[1m{[0m[3mname[0m[2m=[0mk#99f25ef6..[1m}[0m[2m:[0m [2msui_core::checkpoints::checkpoint_output[0m[2m:[0m [2mcrates/sui-core/src/checkpoints/checkpoint_output.rs[0m[2m:[0m[2m149:[0m Creating checkpoint CheckpointDigest(2ESK38rdqBaWwdXMhe75heG1BKCyoKVdssUx4ukoMVTT) at epoch 1, sequence 670, previous digest Some(CheckpointDigest(EsyFwA5vvWrA3TzNr933b16wGDGarn9c9RERN5RWGSkr)), transactions count 1, content digest CheckpointContentsDigest(9GW1DvApDY6uFr65MzsSMaQyyM1tYwEYTNbTVnQ7K5Y5), end_of_epoch_data None
[2m2025-03-25T07:57:00.307233Z[0m [32m INFO[0m [1mnode[0m[1m{[0m[3mname[0m[2m=[0mk#8dcff6d1..[1m}[0m[2m:[0m [2msui_core::checkpoints::checkpoint_output[0m[2m:[0m [2mcrates/sui-core/src/checkpoints/checkpoint_output.rs[0m[2m:[0m[2m149:[0m Creating checkpoint CheckpointDigest(2ESK38rdqBaWwdXMhe75heG1BKCyoKVdssUx4ukoMVTT) at epoch 1, sequence 670, previous digest Some(CheckpointDigest(EsyFwA5vvWrA3TzNr933b16wGDGarn9c9RERN5RWGSkr)), transactions count 1, content digest CheckpointContentsDigest(9GW1DvApDY6uFr65MzsSMaQyyM1tYwEYTNbTVnQ7K5Y5), end_of_epoch_data None
[2m2025-03-25T07:57:00.324028Z[0m [32m INFO[0m [1mnode[0m[1m{[0m[3mname[0m[2m=[0mk#addeef94..[1m}[0m[2m:[0m [2msui_core::checkpoints::checkpoint_executor[0m[2m:[0m [2mcrates/sui-core/src/checkpoints/checkpoint_executor/mod.rs[0m[2m:[0m[2m332:[0m Received checkpoint summary from state sync [3msequence_number[0m[2m=[0m669
[2m2025-03-25T07:57:00.370974Z[0m [32m INFO[0m [1mnode[0m[1m{[0m[3mname[0m[2m=[0mk#addeef94..[1m}[0m[2m:[0m [2msui_core::state_accumulator[0m[2m:[0m [2mcrates/sui-core/src/state_accumulator.rs[0m[2m:[0m[2m675:[0m accumulating running root for checkpoint 669
[2m2025-03-25T07:57:00.509682Z[0m [32m INFO[0m [1mnode[0m[1m{[0m[3mname[0m[2m=[0mk#addeef94..[1m}[0m[2m:[0m [2mconsensus_core::core[0m[2m:[0m [2mconsensus/core/src/core.rs[0m[2m:[0m[2m945:[0m Included 3 ancestors & excluded 0 ancestors for proposal in round 471
[2m2025-03-25T07:57:00.510068Z[0m [32m INFO[0m [1mnode[0m[1m{[0m[3mname[0m[2m=[0mk#addeef94..[1m}[0m[2m:[0m [2mconsensus_core::core[0m[2m:[0m [2mconsensus/core/src/core.rs[0m[2m:[0m[2m531:[0m Created block B471(C,/d6YQRMPf5riRdktl92+wB3OJTitKEBhoo2hdmO9pcQ=)(1742889420509ms;[B470(C,5x3gLUYSQkjZeztRUjMIXiLlEbNs/Tplo8yL1cDOs7o=), B470(A,ABa7tEbdkeMGwow6v4SwjO0dxXESb2m4DcIvXZTppMI=), B470(B,7oODQGHIh0tITSnifV4a+C36Qg3PmCIRAIXawwnIqW4=)];1t;1c) for round 471
[2m2025-03-25T07:57:00.511992Z[0m [32m INFO[0m [1mnode[0m[1m{[0m[3mname[0m[2m=[0mk#99f25ef6..[1m}[0m[2m:[0m [2mconsensus_core::core[0m[2m:[0m [2mconsensus/core/src/core.rs[0m[2m:[0m[2m945:[0m Included 3 ancestors & excluded 0 ancestors for proposal in round 471
[2m2025-03-25T07:57:00.512279Z[0m [32m INFO[0m [1mnode[0m[1m{[0m[3mname[0m[2m=[0mk#99f25ef6..[1m}[0m[2m:[0m [2mconsensus_core::core[0m[2m:[0m [2mconsensus/core/src/core.rs[0m[2m:[0m[2m531:[0m Created block B471(B,mXxUZQ4r8yWzmsb3YCldSzHXkJRyQYI4dPOip232zI8=)(1742889420512ms;[B470(B,7oODQGHIh0tITSnifV4a+C36Qg3PmCIRAIXawwnIqW4=), B470(A,ABa7tEbdkeMGwow6v4SwjO0dxXESb2m4DcIvXZTppMI=), B470(C,5x3gLUYSQkjZeztRUjMIXiLlEbNs/Tplo8yL1cDOs7o=)];1t;1c) for round 471
[2m2025-03-25T07:57:00.512348Z[0m [32m INFO[0m [1mnode[0m[1m{[0m[3mname[0m[2m=[0mk#99f25ef6..[1m}[0m[2m:[0m [2mconsensus_core::core[0m[2m:[0m [2mconsensus/core/src/core.rs[0m[2m:[0m[2m630:[0m Committing 1 leaders: B469(B,R8/S)
[2m2025-03-25T07:57:00.512420Z[0m [32m INFO[0m [1mnode[0m[1m{[0m[3mname[0m[2m=[0mk#99f25ef6..[1m}[0m[2m:[0m [2mconsensus_core::commit_observer[0m[2m:[0m [2mconsensus/core/src/commit_observer.rs[0m[2m:[0m[2m173:[0m Consensus commit C458(w+If) with leader B469(B,R8/S) has 3 blocks
[2m2025-03-25T07:57:00.512509Z[0m [32m INFO[0m [1mnode[0m[1m{[0m[3mname[0m[2m=[0mk#99f25ef6..[1m}[0m[2m:[0m [2msui_core::consensus_handler[0m[2m:[0m [2mcrates/sui-core/src/consensus_handler.rs[0m[2m:[0m[2m232:[0m Received consensus output [3mconsensus_commit[0m[2m=[0mCommittedSubDag(leader=B469(B,R8/S), ref=C458(w+If), blocks=[mubx, gQIH, R8/S]) [3mepoch[0m[2m=[0m1
[2m2025-03-25T07:57:00.513107Z[0m [32m INFO[0m [1mnode[0m[1m{[0m[3mname[0m[2m=[0mk#8dcff6d1..[1m}[0m[2m:[0m [2mconsensus_core::core[0m[2m:[0m [2mconsensus/core/src/core.rs[0m[2m:[0m[2m945:[0m Included 3 ancestors & excluded 0 ancestors for proposal in round 471
[2m2025-03-25T07:57:00.513391Z[0m [32m INFO[0m [1mnode[0m[1m{[0m[3mname[0m[2m=[0mk#8dcff6d1..[1m}[0m[2m:[0m [2mconsensus_core::core[0m[2m:[0m [2mconsensus/core/src/core.rs[0m[2m:[0m[2m531:[0m Created block B471(A,LMZ9TLldeP6SM0BUn/Alg6anAS09+o9DHLYaDC7GFY0=)(1742889420513ms;[B470(A,ABa7tEbdkeMGwow6v4SwjO0dxXESb2m4DcIvXZTppMI=), B470(B,7oODQGHIh0tITSnifV4a+C36Qg3PmCIRAIXawwnIqW4=), B470(C,5x3gLUYSQkjZeztRUjMIXiLlEbNs/Tplo8yL1cDOs7o=)];1t;1c) for round 471
[2m2025-03-25T07:57:00.513453Z[0m [32m INFO[0m [1mnode[0m[1m{[0m[3mname[0m[2m=[0mk#8dcff6d1..[1m}[0m[2m:[0m [2mconsensus_core::core[0m[2m:[0m [2mconsensus/core/src/core.rs[0m[2m:[0m[2m630:[0m Committing 1 leaders: B469(B,R8/S)
[2m2025-03-25T07:57:00.513517Z[0m [32m INFO[0m [1mnode[0m[1m{[0m[3mname[0m[2m=[0mk#8dcff6d1..[1m}[0m[2m:[0m [2mconsensus_core::commit_observer[0m[2m:[0m [2mconsensus/core/src/commit_observer.rs[0m[2m:[0m[2m173:[0m Consensus commit C458(w+If) with leader B469(B,R8/S) has 3 blocks
[2m2025-03-25T07:57:00.513594Z[0m [32m INFO[0m [1mnode[0m[1m{[0m[3mname[0m[2m=[0mk#8dcff6d1..[1m}[0m[2m:[0m [2msui_core::consensus_handler[0m[2m:[0m [2mcrates/sui-core/src/consensus_handler.rs[0m[2m:[0m[2m232:[0m Received consensus output [3mconsensus_commit[0m[2m=[0mCommittedSubDag(leader=B469(B,R8/S), ref=C458(w+If), blocks=[mubx, gQIH, R8/S]) [3mepoch[0m[2m=[0m1
[2m2025-03-25T07:57:00.514889Z[0m [32m INFO[0m [1mnode[0m[1m{[0m[3mname[0m[2m=[0mk#addeef94..[1m}[0m[2m:[0m [2mconsensus_core::core[0m[2m:[0m [2mconsensus/core/src/core.rs[0m[2m:[0m[2m630:[0m Committing 1 leaders: B469(B,R8/S)
[2m2025-03-25T07:57:00.514986Z[0m [32m INFO[0m [1mnode[0m[1m{[0m[3mname[0m[2m=[0mk#addeef94..[1m}[0m[2m:[0m [2mconsensus_core::commit_observer[0m[2m:[0m [2mconsensus/core/src/commit_observer.rs[0m[2m:[0m[2m173:[0m Consensus commit C458(w+If) with leader B469(B,R8/S) has 3 blocks
[2m2025-03-25T07:57:00.515065Z[0m [32m INFO[0m [1mnode[0m[1m{[0m[3mname[0m[2m=[0mk#addeef94..[1m}[0m[2m:[0m [2msui_core::consensus_handler[0m[2m:[0m [2mcrates/sui-core/src/consensus_handler.rs[0m[2m:[0m[2m232:[0m Received consensus output [3mconsensus_commit[0m[2m=[0mCommittedSubDag(leader=B469(B,R8/S), ref=C458(w+If), blocks=[mubx, gQIH, R8/S]) [3mepoch[0m[2m=[0m1
[2m2025-03-25T07:57:00.539332Z[0m [32m INFO[0m [1mnode[0m[1m{[0m[3mname[0m[2m=[0mk#99f25ef6..[1m}[0m[2m:[0m [2msui_core::checkpoints[0m[2m:[0m [2mcrates/sui-core/src/checkpoints/mod.rs[0m[2m:[0m[2m1326:[0m Creating checkpoint(s) for 2 transactions [3mnext_checkpoint_seq[0m[2m=[0m671 [3mcheckpoint_timestamp[0m[2m=[0m1742889419999
[2m2025-03-25T07:57:00.539643Z[0m [32m INFO[0m [1mnode[0m[1m{[0m[3mname[0m[2m=[0mk#8dcff6d1..[1m}[0m[2m:[0m [2msui_core::checkpoints[0m[2m:[0m [2mcrates/sui-core/src/checkpoints/mod.rs[0m[2m:[0m[2m1326:[0m Creating checkpoint(s) for 2 transactions [3mnext_checkpoint_seq[0m[2m=[0m671 [3mcheckpoint_timestamp[0m[2m=[0m1742889419999
[2m2025-03-25T07:57:00.539651Z[0m [32m INFO[0m [1mnode[0m[1m{[0m[3mname[0m[2m=[0mk#99f25ef6..[1m}[0m[2m:[0m [2msui_core::checkpoints::checkpoint_output[0m[2m:[0m [2mcrates/sui-core/src/checkpoints/checkpoint_output.rs[0m[2m:[0m[2m149:[0m Creating checkpoint CheckpointDigest(CMWsB72xZQ4GmBnNFknjPjbZmYvC88P7qwdHq9yZg7Bb) at epoch 1, sequence 671, previous digest Some(CheckpointDigest(2ESK38rdqBaWwdXMhe75heG1BKCyoKVdssUx4ukoMVTT)), transactions count 2, content digest CheckpointContentsDigest(5q9RoX5f35jftnMaDjbMd9zpXJkUrCGbTvrFX5HRse8L), end_of_epoch_data None
[2m2025-03-25T07:57:00.539889Z[0m [32m INFO[0m [1mnode[0m[1m{[0m[3mname[0m[2m=[0mk#8dcff6d1..[1m}[0m[2m:[0m [2msui_core::checkpoints::checkpoint_output[0m[2m:[0m [2mcrates/sui-core/src/checkpoints/checkpoint_output.rs[0m[2m:[0m[2m149:[0m Creating checkpoint CheckpointDigest(CMWsB72xZQ4GmBnNFknjPjbZmYvC88P7qwdHq9yZg7Bb) at epoch 1, sequence 671, previous digest Some(CheckpointDigest(2ESK38rdqBaWwdXMhe75heG1BKCyoKVdssUx4ukoMVTT)), transactions count 2, content digest CheckpointContentsDigest(5q9RoX5f35jftnMaDjbMd9zpXJkUrCGbTvrFX5HRse8L), end_of_epoch_data None
[2m2025-03-25T07:57:00.540978Z[0m [32m INFO[0m [1mnode[0m[1m{[0m[3mname[0m[2m=[0mk#addeef94..[1m}[0m[2m:[0m [2msui_core::checkpoints[0m[2m:[0m [2mcrates/sui-core/src/checkpoints/mod.rs[0m[2m:[0m[2m1326:[0m Creating checkpoint(s) for 2 transactions [3mnext_checkpoint_seq[0m[2m=[0m671 [3mcheckpoint_timestamp[0m[2m=[0m1742889419999
[2m2025-03-25T07:57:00.541229Z[0m [32m INFO[0m [1mnode[0m[1m{[0m[3mname[0m[2m=[0mk#addeef94..[1m}[0m[2m:[0m [2msui_core::checkpoints::checkpoint_output[0m[2m:[0m [2mcrates/sui-core/src/checkpoints/checkpoint_output.rs[0m[2m:[0m[2m149:[0m Creating checkpoint CheckpointDigest(CMWsB72xZQ4GmBnNFknjPjbZmYvC88P7qwdHq9yZg7Bb) at epoch 1, sequence 671, previous digest Some(CheckpointDigest(2ESK38rdqBaWwdXMhe75heG1BKCyoKVdssUx4ukoMVTT)), transactions count 2, content digest CheckpointContentsDigest(5q9RoX5f35jftnMaDjbMd9zpXJkUrCGbTvrFX5HRse8L), end_of_epoch_data None
[2m2025-03-25T07:57:00.544613Z[0m [32m INFO[0m [1mnode[0m[1m{[0m[3mname[0m[2m=[0mk#8dcff6d1..[1m}[0m[2m:[0m [2msui_core::checkpoints::checkpoint_output[0m[2m:[0m [2mcrates/sui-core/src/checkpoints/checkpoint_output.rs[0m[2m:[0m[2m196:[0m Certified checkpoint with sequence 670 and digest 2ESK38rdqBaWwdXMhe75heG1BKCyoKVdssUx4ukoMVTT
[2m2025-03-25T07:57:00.544675Z[0m [32m INFO[0m [1mnode[0m[1m{[0m[3mname[0m[2m=[0mk#99f25ef6..[1m}[0m[2m:[0m [2msui_core::checkpoints::checkpoint_output[0m[2m:[0m [2mcrates/sui-core/src/checkpoints/checkpoint_output.rs[0m[2m:[0m[2m196:[0m Certified checkpoint with sequence 670 and digest 2ESK38rdqBaWwdXMhe75heG1BKCyoKVdssUx4ukoMVTT
[2m2025-03-25T07:57:00.544973Z[0m [32m INFO[0m [1mnode[0m[1m{[0m[3mname[0m[2m=[0mk#8dcff6d1..[1m}[0m[2m:[0m [2msui_core::checkpoints::checkpoint_executor[0m[2m:[0m [2mcrates/sui-core/src/checkpoints/checkpoint_executor/mod.rs[0m[2m:[0m[2m332:[0m Received checkpoint summary from state sync [3msequence_number[0m[2m=[0m670
[2m2025-03-25T07:57:00.545002Z[0m [32m INFO[0m [1mnode[0m[1m{[0m[3mname[0m[2m=[0mk#99f25ef6..[1m}[0m[2m:[0m [2msui_core::checkpoints::checkpoint_executor[0m[2m:[0m [2mcrates/sui-core/src/checkpoints/checkpoint_executor/mod.rs[0m[2m:[0m[2m332:[0m Received checkpoint summary from state sync [3msequence_number[0m[2m=[0m670
[2m2025-03-25T07:57:00.546178Z[0m [32m INFO[0m [1mnode[0m[1m{[0m[3mname[0m[2m=[0mk#8dcff6d1..[1m}[0m[2m:[0m [2msui_core::state_accumulator[0m[2m:[0m [2mcrates/sui-core/src/state_accumulator.rs[0m[2m:[0m[2m675:[0m accumulating running root for checkpoint 670
[2m2025-03-25T07:57:00.546184Z[0m [32m INFO[0m [1mnode[0m[1m{[0m[3mname[0m[2m=[0mk#99f25ef6..[1m}[0m[2m:[0m [2msui_core::state_accumulator[0m[2m:[0m [2mcrates/sui-core/src/state_accumulator.rs[0m[2m:[0m[2m675:[0m accumulating running root for checkpoint 670
[2m2025-03-25T07:57:00.548382Z[0m [32m INFO[0m [1mnode[0m[1m{[0m[3mname[0m[2m=[0mk#addeef94..[1m}[0m[2m:[0m [2msui_core::checkpoints::checkpoint_executor[0m[2m:[0m [2mcrates/sui-core/src/checkpoints/checkpoint_executor/mod.rs[0m[2m:[0m[2m332:[0m Received checkpoint summary from state sync [3msequence_number[0m[2m=[0m670
[2m2025-03-25T07:57:00.549104Z[0m [32m INFO[0m [1mnode[0m[1m{[0m[3mname[0m[2m=[0mk#addeef94..[1m}[0m[2m:[0m [2msui_core::state_accumulator[0m[2m:[0m [2mcrates/sui-core/src/state_accumulator.rs[0m[2m:[0m[2m675:[0m accumulating running root for checkpoint 670
[2m2025-03-25T07:57:00.765297Z[0m [32m INFO[0m [1mnode[0m[1m{[0m[3mname[0m[2m=[0mk#99f25ef6..[1m}[0m[2m:[0m [2mconsensus_core::core[0m[2m:[0m [2mconsensus/core/src/core.rs[0m[2m:[0m[2m945:[0m Included 3 ancestors & excluded 0 ancestors for proposal in round 472
[2m2025-03-25T07:57:00.765717Z[0m [32m INFO[0m [1mnode[0m[1m{[0m[3mname[0m[2m=[0mk#99f25ef6..[1m}[0m[2m:[0m [2mconsensus_core::core[0m[2m:[0m [2mconsensus/core/src/core.rs[0m[2m:[0m[2m531:[0m Created block B472(B,38UQ7oZhXRbOEr9CVlX6sem/sUqsvKGKyxw0SXzQmvw=)(1742889420765ms;[B471(B,mXxUZQ4r8yWzmsb3YCldSzHXkJRyQYI4dPOip232zI8=), B471(A,LMZ9TLldeP6SM0BUn/Alg6anAS09+o9DHLYaDC7GFY0=), B471(C,/d6YQRMPf5riRdktl92+wB3OJTitKEBhoo2hdmO9pcQ=)];1t;1c) for round 472
[2m2025-03-25T07:57:00.765917Z[0m [32m INFO[0m [1mnode[0m[1m{[0m[3mname[0m[2m=[0mk#addeef94..[1m}[0m[2m:[0m [2mconsensus_core::core[0m[2m:[0m [2mconsensus/core/src/core.rs[0m[2m:[0m[2m945:[0m Included 3 ancestors & excluded 0 ancestors for proposal in round 472
[2m2025-03-25T07:57:00.765917Z[0m [32m INFO[0m [1mnode[0m[1m{[0m[3mname[0m[2m=[0mk#8dcff6d1..[1m}[0m[2m:[0m [2mconsensus_core::core[0m[2m:[0m [2mconsensus/core/src/core.rs[0m[2m:[0m[2m945:[0m Included 3 ancestors & excluded 0 ancestors for proposal in round 472
[2m2025-03-25T07:57:00.766228Z[0m [32m INFO[0m [1mnode[0m[1m{[0m[3mname[0m[2m=[0mk#addeef94..[1m}[0m[2m:[0m [2mconsensus_core::core[0m[2m:[0m [2mconsensus/core/src/core.rs[0m[2m:[0m[2m531:[0m Created block B472(C,xvLMEZStnS8ReNmql0JWkdMNoUdZ3ivV2cYFCvmrENs=)(1742889420766ms;[B471(C,/d6YQRMPf5riRdktl92+wB3OJTitKEBhoo2hdmO9pcQ=), B471(A,LMZ9TLldeP6SM0BUn/Alg6anAS09+o9DHLYaDC7GFY0=), B471(B,mXxUZQ4r8yWzmsb3YCldSzHXkJRyQYI4dPOip232zI8=)];1t;1c) for round 472
[2m2025-03-25T07:57:00.766229Z[0m [32m INFO[0m [1mnode[0m[1m{[0m[3mname[0m[2m=[0mk#8dcff6d1..[1m}[0m[2m:[0m [2mconsensus_core::core[0m[2m:[0m [2mconsensus/core/src/core.rs[0m[2m:[0m[2m531:[0m Created block B472(A,fi6G+M80bEolkMY4opDgDoQr3MiOai/jayoHrXH4R94=)(1742889420766ms;[B471(A,LMZ9TLldeP6SM0BUn/Alg6anAS09+o9DHLYaDC7GFY0=), B471(B,mXxUZQ4r8yWzmsb3YCldSzHXkJRyQYI4dPOip232zI8=), B471(C,/d6YQRMPf5riRdktl92+wB3OJTitKEBhoo2hdmO9pcQ=)];1t;1c) for round 472
[2m2025-03-25T07:57:00.767993Z[0m [32m INFO[0m [1mnode[0m[1m{[0m[3mname[0m[2m=[0mk#99f25ef6..[1m}[0m[2m:[0m [2mconsensus_core::core[0m[2m:[0m [2mconsensus/core/src/core.rs[0m[2m:[0m[2m630:[0m Committing 1 leaders: B470(A,ABa7)
[2m2025-03-25T07:57:00.768035Z[0m [32m INFO[0m [1mnode[0m[1m{[0m[3mname[0m[2m=[0mk#addeef94..[1m}[0m[2m:[0m [2mconsensus_core::core[0m[2m:[0m [2mconsensus/core/src/core.rs[0m[2m:[0m[2m630:[0m Committing 1 leaders: B470(A,ABa7)
[2m2025-03-25T07:57:00.768094Z[0m [32m INFO[0m [1mnode[0m[1m{[0m[3mname[0m[2m=[0mk#99f25ef6..[1m}[0m[2m:[0m [2mconsensus_core::commit_observer[0m[2m:[0m [2mconsensus/core/src/commit_observer.rs[0m[2m:[0m[2m173:[0m Consensus commit C459(gwbi) with leader B470(A,ABa7) has 3 blocks
[2m2025-03-25T07:57:00.768119Z[0m [32m INFO[0m [1mnode[0m[1m{[0m[3mname[0m[2m=[0mk#addeef94..[1m}[0m[2m:[0m [2mconsensus_core::commit_observer[0m[2m:[0m [2mconsensus/core/src/commit_observer.rs[0m[2m:[0m[2m173:[0m Consensus commit C459(gwbi) with leader B470(A,ABa7) has 3 blocks
[2m2025-03-25T07:57:00.768178Z[0m [32m INFO[0m [1mnode[0m[1m{[0m[3mname[0m[2m=[0mk#99f25ef6..[1m}[0m[2m:[0m [2msui_core::consensus_handler[0m[2m:[0m [2mcrates/sui-core/src/consensus_handler.rs[0m[2m:[0m[2m232:[0m Received consensus output [3mconsensus_commit[0m[2m=[0mCommittedSubDag(leader=B470(A,ABa7), ref=C459(gwbi), blocks=[fBrq, +3JB, ABa7]) [3mepoch[0m[2m=[0m1
[2m2025-03-25T07:57:00.768190Z[0m [32m INFO[0m [1mnode[0m[1m{[0m[3mname[0m[2m=[0mk#addeef94..[1m}[0m[2m:[0m [2msui_core::consensus_handler[0m[2m:[0m [2mcrates/sui-core/src/consensus_handler.rs[0m[2m:[0m[2m232:[0m Received consensus output [3mconsensus_commit[0m[2m=[0mCommittedSubDag(leader=B470(A,ABa7), ref=C459(gwbi), blocks=[fBrq, +3JB, ABa7]) [3mepoch[0m[2m=[0m1
[2m2025-03-25T07:57:00.770199Z[0m [32m INFO[0m [1mnode[0m[1m{[0m[3mname[0m[2m=[0mk#8dcff6d1..[1m}[0m[2m:[0m [2msui_core::checkpoints::checkpoint_output[0m[2m:[0m [2mcrates/sui-core/src/checkpoints/checkpoint_output.rs[0m[2m:[0m[2m196:[0m Certified checkpoint with sequence 671 and digest CMWsB72xZQ4GmBnNFknjPjbZmYvC88P7qwdHq9yZg7Bb
[2m2025-03-25T07:57:00.770310Z[0m [32m INFO[0m [1mnode[0m[1m{[0m[3mname[0m[2m=[0mk#8dcff6d1..[1m}[0m[2m:[0m [2mconsensus_core::core[0m[2m:[0m [2mconsensus/core/src/core.rs[0m[2m:[0m[2m630:[0m Committing 1 leaders: B470(A,ABa7)
[2m2025-03-25T07:57:00.770410Z[0m [32m INFO[0m [1mnode[0m[1m{[0m[3mname[0m[2m=[0mk#8dcff6d1..[1m}[0m[2m:[0m [2mconsensus_core::commit_observer[0m[2m:[0m [2mconsensus/core/src/commit_observer.rs[0m[2m:[0m[2m173:[0m Consensus commit C459(gwbi) with leader B470(A,ABa7) has 3 blocks
[2m2025-03-25T07:57:00.770849Z[0m [32m INFO[0m [1mnode[0m[1m{[0m[3mname[0m[2m=[0mk#8dcff6d1..[1m}[0m[2m:[0m [2msui_core::consensus_handler[0m[2m:[0m [2mcrates/sui-core/src/consensus_handler.rs[0m[2m:[0m[2m232:[0m Received consensus output [3mconsensus_commit[0m[2m=[0mCommittedSubDag(leader=B470(A,ABa7), ref=C459(gwbi), blocks=[fBrq, +3JB, ABa7]) [3mepoch[0m[2m=[0m1
[2m2025-03-25T07:57:00.771432Z[0m [32m INFO[0m [1mnode[0m[1m{[0m[3mname[0m[2m=[0mk#8dcff6d1..[1m}[0m[2m:[0m [2msui_core::checkpoints::checkpoint_executor[0m[2m:[0m [2mcrates/sui-core/src/checkpoints/checkpoint_executor/mod.rs[0m[2m:[0m[2m332:[0m Received checkpoint summary from state sync [3msequence_number[0m[2m=[0m671
[2m2025-03-25T07:57:00.784968Z[0m [32m INFO[0m [1mnode[0m[1m{[0m[3mname[0m[2m=[0mk#8dcff6d1..[1m}[0m[2m:[0m [2msui_core::state_accumulator[0m[2m:[0m [2mcrates/sui-core/src/state_accumulator.rs[0m[2m:[0m[2m675:[0m accumulating running root for checkpoint 671
[2m2025-03-25T07:57:00.814128Z[0m [32m INFO[0m [1mnode[0m[1m{[0m[3mname[0m[2m=[0mk#addeef94..[1m}[0m[2m:[0m [2msui_core::checkpoints[0m[2m:[0m [2mcrates/sui-core/src/checkpoints/mod.rs[0m[2m:[0m[2m1326:[0m Creating checkpoint(s) for 1 transactions [3mnext_checkpoint_seq[0m[2m=[0m672 [3mcheckpoint_timestamp[0m[2m=[0m1742889420253
[2m2025-03-25T07:57:00.814128Z[0m [32m INFO[0m [1mnode[0m[1m{[0m[3mname[0m[2m=[0mk#99f25ef6..[1m}[0m[2m:[0m [2msui_core::checkpoints[0m[2m:[0m [2mcrates/sui-core/src/checkpoints/mod.rs[0m[2m:[0m[2m1326:[0m Creating checkpoint(s) for 1 transactions [3mnext_checkpoint_seq[0m[2m=[0m672 [3mcheckpoint_timestamp[0m[2m=[0m1742889420253
[2m2025-03-25T07:57:00.814365Z[0m [32m INFO[0m [1mnode[0m[1m{[0m[3mname[0m[2m=[0mk#addeef94..[1m}[0m[2m:[0m [2msui_core::checkpoints::checkpoint_output[0m[2m:[0m [2mcrates/sui-core/src/checkpoints/checkpoint_output.rs[0m[2m:[0m[2m149:[0m Creating checkpoint CheckpointDigest(2eB4Wf9KAGg4ViQZ8jwv7V3fTDXjigKVLBtomRMLeRbJ) at epoch 1, sequence 672, previous digest Some(CheckpointDigest(CMWsB72xZQ4GmBnNFknjPjbZmYvC88P7qwdHq9yZg7Bb)), transactions count 1, content digest CheckpointContentsDigest(ERKoLB2z3wtLjof8JPjGULP8Zzwxvwe93xXWFyzf7nWw), end_of_epoch_data None
[2m2025-03-25T07:57:00.814365Z[0m [32m INFO[0m [1mnode[0m[1m{[0m[3mname[0m[2m=[0mk#99f25ef6..[1m}[0m[2m:[0m [2msui_core::checkpoints::checkpoint_output[0m[2m:[0m [2mcrates/sui-core/src/checkpoints/checkpoint_output.rs[0m[2m:[0m[2m149:[0m Creating checkpoint CheckpointDigest(2eB4Wf9KAGg4ViQZ8jwv7V3fTDXjigKVLBtomRMLeRbJ) at epoch 1, sequence 672, previous digest Some(CheckpointDigest(CMWsB72xZQ4GmBnNFknjPjbZmYvC88P7qwdHq9yZg7Bb)), transactions count 1, content digest CheckpointContentsDigest(ERKoLB2z3wtLjof8JPjGULP8Zzwxvwe93xXWFyzf7nWw), end_of_epoch_data None
[2m2025-03-25T07:57:00.815795Z[0m [32m INFO[0m [1mnode[0m[1m{[0m[3mname[0m[2m=[0mk#8dcff6d1..[1m}[0m[2m:[0m [2msui_core::checkpoints[0m[2m:[0m [2mcrates/sui-core/src/checkpoints/mod.rs[0m[2m:[0m[2m1326:[0m Creating checkpoint(s) for 1 transactions [3mnext_checkpoint_seq[0m[2m=[0m672 [3mcheckpoint_timestamp[0m[2m=[0m1742889420253
[2m2025-03-25T07:57:00.815964Z[0m [32m INFO[0m [1mnode[0m[1m{[0m[3mname[0m[2m=[0mk#8dcff6d1..[1m}[0m[2m:[0m [2msui_core::checkpoints::checkpoint_output[0m[2m:[0m [2mcrates/sui-core/src/checkpoints/checkpoint_output.rs[0m[2m:[0m[2m149:[0m Creating checkpoint CheckpointDigest(2eB4Wf9KAGg4ViQZ8jwv7V3fTDXjigKVLBtomRMLeRbJ) at epoch 1, sequence 672, previous digest Some(CheckpointDigest(CMWsB72xZQ4GmBnNFknjPjbZmYvC88P7qwdHq9yZg7Bb)), transactions count 1, content digest CheckpointContentsDigest(ERKoLB2z3wtLjof8JPjGULP8Zzwxvwe93xXWFyzf7nWw), end_of_epoch_data None
[2m2025-03-25T07:57:00.817719Z[0m [32m INFO[0m [1mnode[0m[1m{[0m[3mname[0m[2m=[0mk#99f25ef6..[1m}[0m[2m:[0m [2msui_core::checkpoints::checkpoint_output[0m[2m:[0m [2mcrates/sui-core/src/checkpoints/checkpoint_output.rs[0m[2m:[0m[2m196:[0m Certified checkpoint with sequence 671 and digest CMWsB72xZQ4GmBnNFknjPjbZmYvC88P7qwdHq9yZg7Bb
[2m2025-03-25T07:57:00.821048Z[0m [32m INFO[0m [1mnode[0m[1m{[0m[3mname[0m[2m=[0mk#99f25ef6..[1m}[0m[2m:[0m [2msui_core::checkpoints::checkpoint_executor[0m[2m:[0m [2mcrates/sui-core/src/checkpoints/checkpoint_executor/mod.rs[0m[2m:[0m[2m332:[0m Received checkpoint summary from state sync [3msequence_number[0m[2m=[0m671
[2m2025-03-25T07:57:00.838873Z[0m [32m INFO[0m [1mnode[0m[1m{[0m[3mname[0m[2m=[0mk#99f25ef6..[1m}[0m[2m:[0m [2msui_core::state_accumulator[0m[2m:[0m [2mcrates/sui-core/src/state_accumulator.rs[0m[2m:[0m[2m675:[0m accumulating running root for checkpoint 671
[2m2025-03-25T07:57:00.882026Z[0m [32m INFO[0m [1mnode[0m[1m{[0m[3mname[0m[2m=[0mk#addeef94..[1m}[0m[2m:[0m [2msui_core::checkpoints::checkpoint_executor[0m[2m:[0m [2mcrates/sui-core/src/checkpoints/checkpoint_executor/mod.rs[0m[2m:[0m[2m332:[0m Received checkpoint summary from state sync [3msequence_number[0m[2m=[0m671
[2m2025-03-25T07:57:00.883353Z[0m [32m INFO[0m [1mnode[0m[1m{[0m[3mname[0m[2m=[0mk#addeef94..[1m}[0m[2m:[0m [2msui_core::state_accumulator[0m[2m:[0m [2mcrates/sui-core/src/state_accumulator.rs[0m[2m:[0m[2m675:[0m accumulating running root for checkpoint 671
[2m2025-03-25T07:57:01.018782Z[0m [32m INFO[0m [1mnode[0m[1m{[0m[3mname[0m[2m=[0mk#addeef94..[1m}[0m[2m:[0m [2mconsensus_core::core[0m[2m:[0m [2mconsensus/core/src/core.rs[0m[2m:[0m[2m945:[0m Included 3 ancestors & excluded 0 ancestors for proposal in round 473
[2m2025-03-25T07:57:01.019183Z[0m [32m INFO[0m [1mnode[0m[1m{[0m[3mname[0m[2m=[0mk#addeef94..[1m}[0m[2m:[0m [2mconsensus_core::core[0m[2m:[0m [2mconsensus/core/src/core.rs[0m[2m:[0m[2m531:[0m Created block B473(C,zm4d6FW5jMZcVBRRFeGy5RKgydBgagP05eD+9+oootI=)(1742889421019ms;[B472(C,xvLMEZStnS8ReNmql0JWkdMNoUdZ3ivV2cYFCvmrENs=), B472(A,fi6G+M80bEolkMY4opDgDoQr3MiOai/jayoHrXH4R94=), B472(B,38UQ7oZhXRbOEr9CVlX6sem/sUqsvKGKyxw0SXzQmvw=)];1t;1c) for round 473
[2m2025-03-25T07:57:01.020856Z[0m [32m INFO[0m [1mnode[0m[1m{[0m[3mname[0m[2m=[0mk#99f25ef6..[1m}[0m[2m:[0m [2mconsensus_core::core[0m[2m:[0m [2mconsensus/core/src/core.rs[0m[2m:[0m[2m945:[0m Included 3 ancestors & excluded 0 ancestors for proposal in round 473
[2m2025-03-25T07:57:01.021151Z[0m [32m INFO[0m [1mnode[0m[1m{[0m[3mname[0m[2m=[0mk#99f25ef6..[1m}[0m[2m:[0m [2mconsensus_core::core[0m[2m:[0m [2mconsensus/core/src/core.rs[0m[2m:[0m[2m531:[0m Created block B473(B,1a4XOI9zQuBcyjtGbyBzMKROb0HK2B59xDZoBan51zc=)(1742889421021ms;[B472(B,38UQ7oZhXRbOEr9CVlX6sem/sUqsvKGKyxw0SXzQmvw=), B472(A,fi6G+M80bEolkMY4opDgDoQr3MiOai/jayoHrXH4R94=), B472(C,xvLMEZStnS8ReNmql0JWkdMNoUdZ3ivV2cYFCvmrENs=)];1t;1c) for round 473
[2m2025-03-25T07:57:01.021288Z[0m [32m INFO[0m [1mnode[0m[1m{[0m[3mname[0m[2m=[0mk#99f25ef6..[1m}[0m[2m:[0m [2mconsensus_core::core[0m[2m:[0m [2mconsensus/core/src/core.rs[0m[2m:[0m[2m630:[0m Committing 1 leaders: B471(C,/d6Y)
[2m2025-03-25T07:57:01.021377Z[0m [32m INFO[0m [1mnode[0m[1m{[0m[3mname[0m[2m=[0mk#99f25ef6..[1m}[0m[2m:[0m [2mconsensus_core::commit_observer[0m[2m:[0m [2mconsensus/core/src/commit_observer.rs[0m[2m:[0m[2m173:[0m Consensus commit C460(Z9YE) with leader B471(C,/d6Y) has 3 blocks
[2m2025-03-25T07:57:01.021605Z[0m [32m INFO[0m [1mnode[0m[1m{[0m[3mname[0m[2m=[0mk#99f25ef6..[1m}[0m[2m:[0m [2msui_core::consensus_handler[0m[2m:[0m [2mcrates/sui-core/src/consensus_handler.rs[0m[2m:[0m[2m232:[0m Received consensus output [3mconsensus_commit[0m[2m=[0mCommittedSubDag(leader=B471(C,/d6Y), ref=C460(Z9YE), blocks=[7oOD, 5x3g, /d6Y]) [3mepoch[0m[2m=[0m1
[2m2025-03-25T07:57:01.022244Z[0m [32m INFO[0m [1mnode[0m[1m{[0m[3mname[0m[2m=[0mk#8dcff6d1..[1m}[0m[2m:[0m [2mconsensus_core::core[0m[2m:[0m [2mconsensus/core/src/core.rs[0m[2m:[0m[2m945:[0m Included 3 ancestors & excluded 0 ancestors for proposal in round 473
[2m2025-03-25T07:57:01.022535Z[0m [32m INFO[0m [1mnode[0m[1m{[0m[3mname[0m[2m=[0mk#8dcff6d1..[1m}[0m[2m:[0m [2mconsensus_core::core[0m[2m:[0m [2mconsensus/core/src/core.rs[0m[2m:[0m[2m531:[0m Created block B473(A,kYcVE6nJwMPrj5exD54xoqaQdvNwpXQC11nuPqfjsgc=)(1742889421022ms;[B472(A,fi6G+M80bEolkMY4opDgDoQr3MiOai/jayoHrXH4R94=), B472(B,38UQ7oZhXRbOEr9CVlX6sem/sUqsvKGKyxw0SXzQmvw=), B472(C,xvLMEZStnS8ReNmql0JWkdMNoUdZ3ivV2cYFCvmrENs=)];1t;1c) for round 473
[2m2025-03-25T07:57:01.022600Z[0m [32m INFO[0m [1mnode[0m[1m{[0m[3mname[0m[2m=[0mk#8dcff6d1..[1m}[0m[2m:[0m [2mconsensus_core::core[0m[2m:[0m [2mconsensus/core/src/core.rs[0m[2m:[0m[2m630:[0m Committing 1 leaders: B471(C,/d6Y)
[2m2025-03-25T07:57:01.022664Z[0m [32m INFO[0m [1mnode[0m[1m{[0m[3mname[0m[2m=[0mk#8dcff6d1..[1m}[0m[2m:[0m [2mconsensus_core::commit_observer[0m[2m:[0m [2mconsensus/core/src/commit_observer.rs[0m[2m:[0m[2m173:[0m Consensus commit C460(Z9YE) with leader B471(C,/d6Y) has 3 blocks
[2m2025-03-25T07:57:01.022745Z[0m [32m INFO[0m [1mnode[0m[1m{[0m[3mname[0m[2m=[0mk#8dcff6d1..[1m}[0m[2m:[0m [2msui_core::consensus_handler[0m[2m:[0m [2mcrates/sui-core/src/consensus_handler.rs[0m[2m:[0m[2m232:[0m Received consensus output [3mconsensus_commit[0m[2m=[0mCommittedSubDag(leader=B471(C,/d6Y), ref=C460(Z9YE), blocks=[7oOD, 5x3g, /d6Y]) [3mepoch[0m[2m=[0m1
[2m2025-03-25T07:57:01.023948Z[0m [32m INFO[0m [1mnode[0m[1m{[0m[3mname[0m[2m=[0mk#addeef94..[1m}[0m[2m:[0m [2mconsensus_core::core[0m[2m:[0m [2mconsensus/core/src/core.rs[0m[2m:[0m[2m630:[0m Committing 1 leaders: B471(C,/d6Y)
[2m2025-03-25T07:57:01.024042Z[0m [32m INFO[0m [1mnode[0m[1m{[0m[3mname[0m[2m=[0mk#addeef94..[1m}[0m[2m:[0m [2mconsensus_core::commit_observer[0m[2m:[0m [2mconsensus/core/src/commit_observer.rs[0m[2m:[0m[2m173:[0m Consensus commit C460(Z9YE) with leader B471(C,/d6Y) has 3 blocks
[2m2025-03-25T07:57:01.024120Z[0m [32m INFO[0m [1mnode[0m[1m{[0m[3mname[0m[2m=[0mk#addeef94..[1m}[0m[2m:[0m [2msui_core::consensus_handler[0m[2m:[0m [2mcrates/sui-core/src/consensus_handler.rs[0m[2m:[0m[2m232:[0m Received consensus output [3mconsensus_commit[0m[2m=[0mCommittedSubDag(leader=B471(C,/d6Y), ref=C460(Z9YE), blocks=[7oOD, 5x3g, /d6Y]) [3mepoch[0m[2m=[0m1
[2m2025-03-25T07:57:01.048533Z[0m [32m INFO[0m [1mnode[0m[1m{[0m[3mname[0m[2m=[0mk#99f25ef6..[1m}[0m[2m:[0m [2msui_core::checkpoints[0m[2m:[0m [2mcrates/sui-core/src/checkpoints/mod.rs[0m[2m:[0m[2m1326:[0m Creating checkpoint(s) for 2 transactions [3mnext_checkpoint_seq[0m[2m=[0m673 [3mcheckpoint_timestamp[0m[2m=[0m1742889420509
[2m2025-03-25T07:57:01.048740Z[0m [32m INFO[0m [1mnode[0m[1m{[0m[3mname[0m[2m=[0mk#8dcff6d1..[1m}[0m[2m:[0m [2msui_core::checkpoints[0m[2m:[0m [2mcrates/sui-core/src/checkpoints/mod.rs[0m[2m:[0m[2m1326:[0m Creating checkpoint(s) for 2 transactions [3mnext_checkpoint_seq[0m[2m=[0m673 [3mcheckpoint_timestamp[0m[2m=[0m1742889420509
[2m2025-03-25T07:57:01.048844Z[0m [32m INFO[0m [1mnode[0m[1m{[0m[3mname[0m[2m=[0mk#99f25ef6..[1m}[0m[2m:[0m [2msui_core::checkpoints::checkpoint_output[0m[2m:[0m [2mcrates/sui-core/src/checkpoints/checkpoint_output.rs[0m[2m:[0m[2m149:[0m Creating checkpoint CheckpointDigest(9uHPFGS8ggqvmgPjyNvPyJJXMGzP5DT8JHfXBh1YkAer) at epoch 1, sequence 673, previous digest Some(CheckpointDigest(2eB4Wf9KAGg4ViQZ8jwv7V3fTDXjigKVLBtomRMLeRbJ)), transactions count 2, content digest CheckpointContentsDigest(L1FBXMQhcN2dKH4RCLfViD8UAtmzx2LkM8SJV9HH4do), end_of_epoch_data None
[2m2025-03-25T07:57:01.048982Z[0m [32m INFO[0m [1mnode[0m[1m{[0m[3mname[0m[2m=[0mk#8dcff6d1..[1m}[0m[2m:[0m [2msui_core::checkpoints::checkpoint_output[0m[2m:[0m [2mcrates/sui-core/src/checkpoints/checkpoint_output.rs[0m[2m:[0m[2m149:[0m Creating checkpoint CheckpointDigest(9uHPFGS8ggqvmgPjyNvPyJJXMGzP5DT8JHfXBh1YkAer) at epoch 1, sequence 673, previous digest Some(CheckpointDigest(2eB4Wf9KAGg4ViQZ8jwv7V3fTDXjigKVLBtomRMLeRbJ)), transactions count 2, content digest CheckpointContentsDigest(L1FBXMQhcN2dKH4RCLfViD8UAtmzx2LkM8SJV9HH4do), end_of_epoch_data None
[2m2025-03-25T07:57:01.050101Z[0m [32m INFO[0m [1mnode[0m[1m{[0m[3mname[0m[2m=[0mk#addeef94..[1m}[0m[2m:[0m [2msui_core::checkpoints[0m[2m:[0m [2mcrates/sui-core/src/checkpoints/mod.rs[0m[2m:[0m[2m1326:[0m Creating checkpoint(s) for 2 transactions [3mnext_checkpoint_seq[0m[2m=[0m673 [3mcheckpoint_timestamp[0m[2m=[0m1742889420509
[2m2025-03-25T07:57:01.050352Z[0m [32m INFO[0m [1mnode[0m[1m{[0m[3mname[0m[2m=[0mk#addeef94..[1m}[0m[2m:[0m [2msui_core::checkpoints::checkpoint_output[0m[2m:[0m [2mcrates/sui-core/src/checkpoints/checkpoint_output.rs[0m[2m:[0m[2m149:[0m Creating checkpoint CheckpointDigest(9uHPFGS8ggqvmgPjyNvPyJJXMGzP5DT8JHfXBh1YkAer) at epoch 1, sequence 673, previous digest Some(CheckpointDigest(2eB4Wf9KAGg4ViQZ8jwv7V3fTDXjigKVLBtomRMLeRbJ)), transactions count 2, content digest CheckpointContentsDigest(L1FBXMQhcN2dKH4RCLfViD8UAtmzx2LkM8SJV9HH4do), end_of_epoch_data None
[2m2025-03-25T07:57:01.052067Z[0m [32m INFO[0m [1mnode[0m[1m{[0m[3mname[0m[2m=[0mk#99f25ef6..[1m}[0m[2m:[0m [2msui_core::checkpoints::checkpoint_output[0m[2m:[0m [2mcrates/sui-core/src/checkpoints/checkpoint_output.rs[0m[2m:[0m[2m196:[0m Certified checkpoint with sequence 672 and digest 2eB4Wf9KAGg4ViQZ8jwv7V3fTDXjigKVLBtomRMLeRbJ
[2m2025-03-25T07:57:01.052072Z[0m [32m INFO[0m [1mnode[0m[1m{[0m[3mname[0m[2m=[0mk#8dcff6d1..[1m}[0m[2m:[0m [2msui_core::checkpoints::checkpoint_output[0m[2m:[0m [2mcrates/sui-core/src/checkpoints/checkpoint_output.rs[0m[2m:[0m[2m196:[0m Certified checkpoint with sequence 672 and digest 2eB4Wf9KAGg4ViQZ8jwv7V3fTDXjigKVLBtomRMLeRbJ
[2m2025-03-25T07:57:01.052430Z[0m [32m INFO[0m [1mnode[0m[1m{[0m[3mname[0m[2m=[0mk#8dcff6d1..[1m}[0m[2m:[0m [2msui_core::checkpoints::checkpoint_executor[0m[2m:[0m [2mcrates/sui-core/src/checkpoints/checkpoint_executor/mod.rs[0m[2m:[0m[2m332:[0m Received checkpoint summary from state sync [3msequence_number[0m[2m=[0m672
[2m2025-03-25T07:57:01.052430Z[0m [32m INFO[0m [1mnode[0m[1m{[0m[3mname[0m[2m=[0mk#99f25ef6..[1m}[0m[2m:[0m [2msui_core::checkpoints::checkpoint_executor[0m[2m:[0m [2mcrates/sui-core/src/checkpoints/checkpoint_executor/mod.rs[0m[2m:[0m[2m332:[0m Received checkpoint summary from state sync [3msequence_number[0m[2m=[0m672
[2m2025-03-25T07:57:01.053579Z[0m [32m INFO[0m [1mnode[0m[1m{[0m[3mname[0m[2m=[0mk#99f25ef6..[1m}[0m[2m:[0m [2msui_core::state_accumulator[0m[2m:[0m [2mcrates/sui-core/src/state_accumulator.rs[0m[2m:[0m[2m675:[0m accumulating running root for checkpoint 672
[2m2025-03-25T07:57:01.053589Z[0m [32m INFO[0m [1mnode[0m[1m{[0m[3mname[0m[2m=[0mk#8dcff6d1..[1m}[0m[2m:[0m [2msui_core::state_accumulator[0m[2m:[0m [2mcrates/sui-core/src/state_accumulator.rs[0m[2m:[0m[2m675:[0m accumulating running root for checkpoint 672
[2m2025-03-25T07:57:01.055760Z[0m [32m INFO[0m [1mnode[0m[1m{[0m[3mname[0m[2m=[0mk#addeef94..[1m}[0m[2m:[0m [2msui_core::checkpoints::checkpoint_executor[0m[2m:[0m [2mcrates/sui-core/src/checkpoints/checkpoint_executor/mod.rs[0m[2m:[0m[2m332:[0m Received checkpoint summary from state sync [3msequence_number[0m[2m=[0m672
[2m2025-03-25T07:57:01.056488Z[0m [32m INFO[0m [1mnode[0m[1m{[0m[3mname[0m[2m=[0mk#addeef94..[1m}[0m[2m:[0m [2msui_core::state_accumulator[0m[2m:[0m [2mcrates/sui-core/src/state_accumulator.rs[0m[2m:[0m[2m675:[0m accumulating running root for checkpoint 672
[2m2025-03-25T07:57:01.217079Z[0m [32m INFO[0m [1mnode[0m[1m{[0m[3mname[0m[2m=[0mk#99f25ef6..[1m}[0m[2m:[0m[1mjwk_updater_task[0m[1m{[0m[3mepoch[0m[2m=[0m1[1m}[0m[2m:[0m [2msui_node[0m[2m:[0m [2mcrates/sui-node/src/lib.rs[0m[2m:[0m[2m376:[0m fetching JWK for provider Arden
[2m2025-03-25T07:57:01.275447Z[0m [32m INFO[0m [1mnode[0m[1m{[0m[3mname[0m[2m=[0mk#8dcff6d1..[1m}[0m[2m:[0m [2mconsensus_core::core[0m[2m:[0m [2mconsensus/core/src/core.rs[0m[2m:[0m[2m945:[0m Included 3 ancestors & excluded 0 ancestors for proposal in round 474
[2m2025-03-25T07:57:01.275860Z[0m [32m INFO[0m [1mnode[0m[1m{[0m[3mname[0m[2m=[0mk#8dcff6d1..[1m}[0m[2m:[0m [2mconsensus_core::core[0m[2m:[0m [2mconsensus/core/src/core.rs[0m[2m:[0m[2m531:[0m Created block B474(A,jCdk5yuLoMdUlqiwM+gP5j6MH5Ky/rwQ8uDeIMKvbXQ=)(1742889421275ms;[B473(A,kYcVE6nJwMPrj5exD54xoqaQdvNwpXQC11nuPqfjsgc=), B473(B,1a4XOI9zQuBcyjtGbyBzMKROb0HK2B59xDZoBan51zc=), B473(C,zm4d6FW5jMZcVBRRFeGy5RKgydBgagP05eD+9+oootI=)];1t;1c) for round 474
[2m2025-03-25T07:57:01.277606Z[0m [32m INFO[0m [1mnode[0m[1m{[0m[3mname[0m[2m=[0mk#addeef94..[1m}[0m[2m:[0m [2mconsensus_core::core[0m[2m:[0m [2mconsensus/core/src/core.rs[0m[2m:[0m[2m945:[0m Included 3 ancestors & excluded 0 ancestors for proposal in round 474
[2m2025-03-25T07:57:01.277912Z[0m [32m INFO[0m [1mnode[0m[1m{[0m[3mname[0m[2m=[0mk#addeef94..[1m}[0m[2m:[0m [2mconsensus_core::core[0m[2m:[0m [2mconsensus/core/src/core.rs[0m[2m:[0m[2m531:[0m Created block B474(C,jrym/ZSmnkEo7IlWKRHwhAtkD+VL9KoB4qscvnSTJU4=)(1742889421277ms;[B473(C,zm4d6FW5jMZcVBRRFeGy5RKgydBgagP05eD+9+oootI=), B473(A,kYcVE6nJwMPrj5exD54xoqaQdvNwpXQC11nuPqfjsgc=), B473(B,1a4XOI9zQuBcyjtGbyBzMKROb0HK2B59xDZoBan51zc=)];1t;1c) for round 474
[2m2025-03-25T07:57:01.278062Z[0m [32m INFO[0m [1mnode[0m[1m{[0m[3mname[0m[2m=[0mk#addeef94..[1m}[0m[2m:[0m [2mconsensus_core::core[0m[2m:[0m [2mconsensus/core/src/core.rs[0m[2m:[0m[2m630:[0m Committing 1 leaders: B472(A,fi6G)
[2m2025-03-25T07:57:01.278151Z[0m [32m INFO[0m [1mnode[0m[1m{[0m[3mname[0m[2m=[0mk#addeef94..[1m}[0m[2m:[0m [2mconsensus_core::commit_observer[0m[2m:[0m [2mconsensus/core/src/commit_observer.rs[0m[2m:[0m[2m173:[0m Consensus commit C461(I9dz) with leader B472(A,fi6G) has 3 blocks
[2m2025-03-25T07:57:01.278492Z[0m [32m INFO[0m [1mnode[0m[1m{[0m[3mname[0m[2m=[0mk#addeef94..[1m}[0m[2m:[0m [2msui_core::consensus_handler[0m[2m:[0m [2mcrates/sui-core/src/consensus_handler.rs[0m[2m:[0m[2m232:[0m Received consensus output [3mconsensus_commit[0m[2m=[0mCommittedSubDag(leader=B472(A,fi6G), ref=C461(I9dz), blocks=[LMZ9, mXxU, fi6G]) [3mepoch[0m[2m=[0m1
[2m2025-03-25T07:57:01.280862Z[0m [32m INFO[0m [1mnode[0m[1m{[0m[3mname[0m[2m=[0mk#8dcff6d1..[1m}[0m[2m:[0m [2mconsensus_core::core[0m[2m:[0m [2mconsensus/core/src/core.rs[0m[2m:[0m[2m630:[0m Committing 1 leaders: B472(A,fi6G)
[2m2025-03-25T07:57:01.280950Z[0m [32m INFO[0m [1mnode[0m[1m{[0m[3mname[0m[2m=[0mk#8dcff6d1..[1m}[0m[2m:[0m [2mconsensus_core::commit_observer[0m[2m:[0m [2mconsensus/core/src/commit_observer.rs[0m[2m:[0m[2m173:[0m Consensus commit C461(I9dz) with leader B472(A,fi6G) has 3 blocks
[2m2025-03-25T07:57:01.281026Z[0m [32m INFO[0m [1mnode[0m[1m{[0m[3mname[0m[2m=[0mk#8dcff6d1..[1m}[0m[2m:[0m [2msui_core::consensus_handler[0m[2m:[0m [2mcrates/sui-core/src/consensus_handler.rs[0m[2m:[0m[2m232:[0m Received consensus output [3mconsensus_commit[0m[2m=[0mCommittedSubDag(leader=B472(A,fi6G), ref=C461(I9dz), blocks=[LMZ9, mXxU, fi6G]) [3mepoch[0m[2m=[0m1
[2m2025-03-25T07:57:01.322402Z[0m [32m INFO[0m [1mnode[0m[1m{[0m[3mname[0m[2m=[0mk#addeef94..[1m}[0m[2m:[0m [2msui_core::checkpoints[0m[2m:[0m [2mcrates/sui-core/src/checkpoints/mod.rs[0m[2m:[0m[2m1326:[0m Creating checkpoint(s) for 1 transactions [3mnext_checkpoint_seq[0m[2m=[0m674 [3mcheckpoint_timestamp[0m[2m=[0m1742889420766
[2m2025-03-25T07:57:01.322634Z[0m [32m INFO[0m [1mnode[0m[1m{[0m[3mname[0m[2m=[0mk#addeef94..[1m}[0m[2m:[0m [2msui_core::checkpoints::checkpoint_output[0m[2m:[0m [2mcrates/sui-core/src/checkpoints/checkpoint_output.rs[0m[2m:[0m[2m149:[0m Creating checkpoint CheckpointDigest(4pxK52HwG9ZL2J8QmWL6sv8CzbCHABLZjCkjv52h6PXD) at epoch 1, sequence 674, previous digest Some(CheckpointDigest(9uHPFGS8ggqvmgPjyNvPyJJXMGzP5DT8JHfXBh1YkAer)), transactions count 1, content digest CheckpointContentsDigest(A5s8ePCXYaKo8MTFvChDLiipS26pkwXrg5WRo8kJx7X7), end_of_epoch_data None
[2m2025-03-25T07:57:01.324276Z[0m [32m INFO[0m [1mnode[0m[1m{[0m[3mname[0m[2m=[0mk#8dcff6d1..[1m}[0m[2m:[0m [2msui_core::checkpoints[0m[2m:[0m [2mcrates/sui-core/src/checkpoints/mod.rs[0m[2m:[0m[2m1326:[0m Creating checkpoint(s) for 1 transactions [3mnext_checkpoint_seq[0m[2m=[0m674 [3mcheckpoint_timestamp[0m[2m=[0m1742889420766
[2m2025-03-25T07:57:01.324453Z[0m [32m INFO[0m [1mnode[0m[1m{[0m[3mname[0m[2m=[0mk#8dcff6d1..[1m}[0m[2m:[0m [2msui_core::checkpoints::checkpoint_output[0m[2m:[0m [2mcrates/sui-core/src/checkpoints/checkpoint_output.rs[0m[2m:[0m[2m149:[0m Creating checkpoint CheckpointDigest(4pxK52HwG9ZL2J8QmWL6sv8CzbCHABLZjCkjv52h6PXD) at epoch 1, sequence 674, previous digest Some(CheckpointDigest(9uHPFGS8ggqvmgPjyNvPyJJXMGzP5DT8JHfXBh1YkAer)), transactions count 1, content digest CheckpointContentsDigest(A5s8ePCXYaKo8MTFvChDLiipS26pkwXrg5WRo8kJx7X7), end_of_epoch_data None
[2m2025-03-25T07:57:01.325162Z[0m [32m INFO[0m [1mnode[0m[1m{[0m[3mname[0m[2m=[0mk#8dcff6d1..[1m}[0m[2m:[0m [2mconsensus_core::commit_syncer[0m[2m:[0m [2mconsensus/core/src/commit_syncer.rs[0m[2m:[0m[2m196:[0m Checking to schedule fetches: synced_commit_index=461, highest_handled_index=461, highest_scheduled_index=0, quorum_commit_index=459, unhandled_commits_threshold=3200
[2m2025-03-25T07:57:01.340131Z[0m [32m INFO[0m [1mnode[0m[1m{[0m[3mname[0m[2m=[0mk#99f25ef6..[1m}[0m[2m:[0m [2mconsensus_core::commit_syncer[0m[2m:[0m [2mconsensus/core/src/commit_syncer.rs[0m[2m:[0m[2m196:[0m Checking to schedule fetches: synced_commit_index=460, highest_handled_index=460, highest_scheduled_index=0, quorum_commit_index=460, unhandled_commits_threshold=3200
[2m2025-03-25T07:57:01.341367Z[0m [32m INFO[0m [1mnode[0m[1m{[0m[3mname[0m[2m=[0mk#99f25ef6..[1m}[0m[2m:[0m [2msui_core::checkpoints::checkpoint_output[0m[2m:[0m [2mcrates/sui-core/src/checkpoints/checkpoint_output.rs[0m[2m:[0m[2m196:[0m Certified checkpoint with sequence 673 and digest 9uHPFGS8ggqvmgPjyNvPyJJXMGzP5DT8JHfXBh1YkAer
[2m2025-03-25T07:57:01.341693Z[0m [32m INFO[0m [1mnode[0m[1m{[0m[3mname[0m[2m=[0mk#99f25ef6..[1m}[0m[2m:[0m [2mconsensus_core::core[0m[2m:[0m [2mconsensus/core/src/core.rs[0m[2m:[0m[2m630:[0m Committing 1 leaders: B472(A,fi6G)
[2m2025-03-25T07:57:01.341842Z[0m [32m INFO[0m [1mnode[0m[1m{[0m[3mname[0m[2m=[0mk#99f25ef6..[1m}[0m[2m:[0m [2mconsensus_core::commit_observer[0m[2m:[0m [2mconsensus/core/src/commit_observer.rs[0m[2m:[0m[2m173:[0m Consensus commit C461(I9dz) with leader B472(A,fi6G) has 3 blocks
[2m2025-03-25T07:57:01.341935Z[0m [32m INFO[0m [1mnode[0m[1m{[0m[3mname[0m[2m=[0mk#99f25ef6..[1m}[0m[2m:[0m [2mconsensus_core::core[0m[2m:[0m [2mconsensus/core/src/core.rs[0m[2m:[0m[2m945:[0m Included 3 ancestors & excluded 0 ancestors for proposal in round 475
[2m2025-03-25T07:57:01.342216Z[0m [32m INFO[0m [1mnode[0m[1m{[0m[3mname[0m[2m=[0mk#99f25ef6..[1m}[0m[2m:[0m [2mconsensus_core::core[0m[2m:[0m [2mconsensus/core/src/core.rs[0m[2m:[0m[2m531:[0m Created block B475(B,RQ6Ln1V7Z5iT0mlCDzTW4k+iDAWULyvaHq8vQ7/p5ro=)(1742889421342ms;[B473(B,1a4XOI9zQuBcyjtGbyBzMKROb0HK2B59xDZoBan51zc=), B474(A,jCdk5yuLoMdUlqiwM+gP5j6MH5Ky/rwQ8uDeIMKvbXQ=), B474(C,jrym/ZSmnkEo7IlWKRHwhAtkD+VL9KoB4qscvnSTJU4=)];1t;2c) for round 475
[2m2025-03-25T07:57:01.342744Z[0m [32m INFO[0m [1mnode[0m[1m{[0m[3mname[0m[2m=[0mk#99f25ef6..[1m}[0m[2m:[0m [2msui_core::consensus_handler[0m[2m:[0m [2mcrates/sui-core/src/consensus_handler.rs[0m[2m:[0m[2m232:[0m Received consensus output [3mconsensus_commit[0m[2m=[0mCommittedSubDag(leader=B472(A,fi6G), ref=C461(I9dz), blocks=[LMZ9, mXxU, fi6G]) [3mepoch[0m[2m=[0m1
[2m2025-03-25T07:57:01.347914Z[0m [32m INFO[0m [1mnode[0m[1m{[0m[3mname[0m[2m=[0mk#99f25ef6..[1m}[0m[2m:[0m [2msui_core::checkpoints::checkpoint_executor[0m[2m:[0m [2mcrates/sui-core/src/checkpoints/checkpoint_executor/mod.rs[0m[2m:[0m[2m332:[0m Received checkpoint summary from state sync [3msequence_number[0m[2m=[0m673
[2m2025-03-25T07:57:01.375730Z[0m [32m INFO[0m [1mnode[0m[1m{[0m[3mname[0m[2m=[0mk#99f25ef6..[1m}[0m[2m:[0m [2msui_core::state_accumulator[0m[2m:[0m [2mcrates/sui-core/src/state_accumulator.rs[0m[2m:[0m[2m675:[0m accumulating running root for checkpoint 673
[2m2025-03-25T07:57:01.385862Z[0m [32m INFO[0m [1mnode[0m[1m{[0m[3mname[0m[2m=[0mk#addeef94..[1m}[0m[2m:[0m [2mconsensus_core::commit_syncer[0m[2m:[0m [2mconsensus/core/src/commit_syncer.rs[0m[2m:[0m[2m196:[0m Checking to schedule fetches: synced_commit_index=461, highest_handled_index=461, highest_scheduled_index=0, quorum_commit_index=0, unhandled_commits_threshold=3200
[2m2025-03-25T07:57:01.389025Z[0m [32m INFO[0m [1mnode[0m[1m{[0m[3mname[0m[2m=[0mk#8dcff6d1..[1m}[0m[2m:[0m [2msui_core::checkpoints::checkpoint_output[0m[2m:[0m [2mcrates/sui-core/src/checkpoints/checkpoint_output.rs[0m[2m:[0m[2m196:[0m Certified checkpoint with sequence 673 and digest 9uHPFGS8ggqvmgPjyNvPyJJXMGzP5DT8JHfXBh1YkAer
[2m2025-03-25T07:57:01.389413Z[0m [32m INFO[0m [1mnode[0m[1m{[0m[3mname[0m[2m=[0mk#addeef94..[1m}[0m[2m:[0m [2msui_core::checkpoints::checkpoint_executor[0m[2m:[0m [2mcrates/sui-core/src/checkpoints/checkpoint_executor/mod.rs[0m[2m:[0m[2m332:[0m Received checkpoint summary from state sync [3msequence_number[0m[2m=[0m673
[2m2025-03-25T07:57:01.389933Z[0m [32m INFO[0m [1mnode[0m[1m{[0m[3mname[0m[2m=[0mk#8dcff6d1..[1m}[0m[2m:[0m [2msui_core::checkpoints::checkpoint_executor[0m[2m:[0m [2mcrates/sui-core/src/checkpoints/checkpoint_executor/mod.rs[0m[2m:[0m[2m332:[0m Received checkpoint summary from state sync [3msequence_number[0m[2m=[0m673
[2m2025-03-25T07:57:01.390719Z[0m [32m INFO[0m [1mnode[0m[1m{[0m[3mname[0m[2m=[0mk#addeef94..[1m}[0m[2m:[0m [2msui_core::state_accumulator[0m[2m:[0m [2mcrates/sui-core/src/state_accumulator.rs[0m[2m:[0m[2m675:[0m accumulating running root for checkpoint 673
[2m2025-03-25T07:57:01.391221Z[0m [32m INFO[0m [1mnode[0m[1m{[0m[3mname[0m[2m=[0mk#8dcff6d1..[1m}[0m[2m:[0m [2msui_core::state_accumulator[0m[2m:[0m [2mcrates/sui-core/src/state_accumulator.rs[0m[2m:[0m[2m675:[0m accumulating running root for checkpoint 673
[2m2025-03-25T07:57:01.445949Z[0m [32m INFO[0m [1mnode[0m[1m{[0m[3mname[0m[2m=[0mk#99f25ef6..[1m}[0m[2m:[0m [2msui_core::checkpoints[0m[2m:[0m [2mcrates/sui-core/src/checkpoints/mod.rs[0m[2m:[0m[2m1326:[0m Creating checkpoint(s) for 1 transactions [3mnext_checkpoint_seq[0m[2m=[0m674 [3mcheckpoint_timestamp[0m[2m=[0m1742889420766
[2m2025-03-25T07:57:01.446168Z[0m [32m INFO[0m [1mnode[0m[1m{[0m[3mname[0m[2m=[0mk#99f25ef6..[1m}[0m[2m:[0m [2msui_core::checkpoints::checkpoint_output[0m[2m:[0m [2mcrates/sui-core/src/checkpoints/checkpoint_output.rs[0m[2m:[0m[2m149:[0m Creating checkpoint CheckpointDigest(4pxK52HwG9ZL2J8QmWL6sv8CzbCHABLZjCkjv52h6PXD) at epoch 1, sequence 674, previous digest Some(CheckpointDigest(9uHPFGS8ggqvmgPjyNvPyJJXMGzP5DT8JHfXBh1YkAer)), transactions count 1, content digest CheckpointContentsDigest(A5s8ePCXYaKo8MTFvChDLiipS26pkwXrg5WRo8kJx7X7), end_of_epoch_data None
[2m2025-03-25T07:57:01.527373Z[0m [32m INFO[0m [1mnode[0m[1m{[0m[3mname[0m[2m=[0mk#99f25ef6..[1m}[0m[2m:[0m[1mjwk_updater_task[0m[1m{[0m[3mepoch[0m[2m=[0m1[1m}[0m[2m:[0m [2msui_node[0m[2m:[0m [2mcrates/sui-node/src/lib.rs[0m[2m:[0m[2m376:[0m fetching JWK for provider AwsTenant(("us-east-1", "us-east-1_LPSLCkC3A"))
[2m2025-03-25T07:57:01.529367Z[0m [32m INFO[0m [1mnode[0m[1m{[0m[3mname[0m[2m=[0mk#addeef94..[1m}[0m[2m:[0m [2mconsensus_core::core[0m[2m:[0m [2mconsensus/core/src/core.rs[0m[2m:[0m[2m945:[0m Included 2 ancestors & excluded 0 ancestors for proposal in round 475
[2m2025-03-25T07:57:01.529744Z[0m [32m INFO[0m [1mnode[0m[1m{[0m[3mname[0m[2m=[0mk#addeef94..[1m}[0m[2m:[0m [2mconsensus_core::core[0m[2m:[0m [2mconsensus/core/src/core.rs[0m[2m:[0m[2m531:[0m Created block B475(C,kzKC476vZggudY+R4MubPqgRhKBrVaL4fDOq+GSf3yA=)(1742889421529ms;[B474(C,jrym/ZSmnkEo7IlWKRHwhAtkD+VL9KoB4qscvnSTJU4=), B474(A,jCdk5yuLoMdUlqiwM+gP5j6MH5Ky/rwQ8uDeIMKvbXQ=)];1t;1c) for round 475
[2m2025-03-25T07:57:01.529835Z[0m [32m INFO[0m [1mnode[0m[1m{[0m[3mname[0m[2m=[0mk#addeef94..[1m}[0m[2m:[0m [2mconsensus_core::core[0m[2m:[0m [2mconsensus/core/src/core.rs[0m[2m:[0m[2m630:[0m Committing 1 leaders: B473(B,1a4X)
[2m2025-03-25T07:57:01.529908Z[0m [32m INFO[0m [1mnode[0m[1m{[0m[3mname[0m[2m=[0mk#addeef94..[1m}[0m[2m:[0m [2mconsensus_core::commit_observer[0m[2m:[0m [2mconsensus/core/src/commit_observer.rs[0m[2m:[0m[2m173:[0m Consensus commit C462(Pceu) with leader B473(B,1a4X) has 3 blocks
[2m2025-03-25T07:57:01.530027Z[0m [32m INFO[0m [1mnode[0m[1m{[0m[3mname[0m[2m=[0mk#addeef94..[1m}[0m[2m:[0m [2msui_core::consensus_handler[0m[2m:[0m [2mcrates/sui-core/src/consensus_handler.rs[0m[2m:[0m[2m232:[0m Received consensus output [3mconsensus_commit[0m[2m=[0mCommittedSubDag(leader=B473(B,1a4X), ref=C462(Pceu), blocks=[38UQ, xvLM, 1a4X]) [3mepoch[0m[2m=[0m1
[2m2025-03-25T07:57:01.532539Z[0m [32m INFO[0m [1mnode[0m[1m{[0m[3mname[0m[2m=[0mk#8dcff6d1..[1m}[0m[2m:[0m [2mconsensus_core::core[0m[2m:[0m [2mconsensus/core/src/core.rs[0m[2m:[0m[2m630:[0m Committing 1 leaders: B473(B,1a4X)
[2m2025-03-25T07:57:01.532663Z[0m [32m INFO[0m [1mnode[0m[1m{[0m[3mname[0m[2m=[0mk#8dcff6d1..[1m}[0m[2m:[0m [2mconsensus_core::commit_observer[0m[2m:[0m [2mconsensus/core/src/commit_observer.rs[0m[2m:[0m[2m173:[0m Consensus commit C462(Pceu) with leader B473(B,1a4X) has 3 blocks
[2m2025-03-25T07:57:01.532743Z[0m [32m INFO[0m [1mnode[0m[1m{[0m[3mname[0m[2m=[0mk#8dcff6d1..[1m}[0m[2m:[0m [2msui_core::consensus_handler[0m[2m:[0m [2mcrates/sui-core/src/consensus_handler.rs[0m[2m:[0m[2m232:[0m Received consensus output [3mconsensus_commit[0m[2m=[0mCommittedSubDag(leader=B473(B,1a4X), ref=C462(Pceu), blocks=[38UQ, xvLM, 1a4X]) [3mepoch[0m[2m=[0m1
[2m2025-03-25T07:57:01.540211Z[0m [32m INFO[0m [1mnode[0m[1m{[0m[3mname[0m[2m=[0mk#b3f3cbb4..[1m}[0m[2m:[0m[1mjson-rpc-request[0m[2m:[0m[1mdev_inspect_transaction_block[0m[1m{[0m[3msender_address[0m[2m=[0m0x0000000000000000000000000000000000000000000000000000000000000000 [3mtx_bytes[0m[2m=[0mBase64("AAMBAQAAAAAAAAAAAAAAAAAAAAAAAAAAAAAAAAAAAAAAAAAJAQAAAAAAAAABAAECAAgAAAAAAAAAAAEAAAAAAAAAAAAAAAAAAAAAAAAAAAAAAAAAAAAAAAAAAAsGYnJpZGdlIGdldF90b2tlbl90cmFuc2Zlcl9hY3Rpb25fc3RhdHVzAAMBAAABAQABAgA=") [3mgas_price[0m[2m=[0mNone [3m_epoch[0m[2m=[0mNone [3madditional_args[0m[2m=[0mNone[1m}[0m[2m:[0m [2msui_json_rpc::transaction_execution_api[0m[2m:[0m [2mcrates/sui-json-rpc/src/transaction_execution_api.rs[0m[2m:[0m[2m351:[0m RPC took longer than threshold to complete. [3melapsed[0m[2m=[0m1.539930083s
[2m2025-03-25T07:57:01.541270Z[0m [32m INFO[0m [2msui_bridge::e2e_tests::test_utils[0m[2m:[0m [2mcrates/sui-bridge/src/e2e_tests/test_utils.rs[0m[2m:[0m[2m1452:[0m get_token_transfer_action_onchain_status_until_success took 1.664940458s, status: Pending
[2m2025-03-25T07:57:01.541679Z[0m [32m INFO[0m [1mnode[0m[1m{[0m[3mname[0m[2m=[0mk#b3f3cbb4..[1m}[0m[2m:[0m [2msui_core::state_accumulator[0m[2m:[0m [2mcrates/sui-core/src/state_accumulator.rs[0m[2m:[0m[2m675:[0m accumulating running root for checkpoint 590
[2m2025-03-25T07:57:01.556845Z[0m [32m INFO[0m [1mnode[0m[1m{[0m[3mname[0m[2m=[0mk#addeef94..[1m}[0m[2m:[0m [2msui_core::checkpoints[0m[2m:[0m [2mcrates/sui-core/src/checkpoints/mod.rs[0m[2m:[0m[2m1326:[0m Creating checkpoint(s) for 2 transactions [3mnext_checkpoint_seq[0m[2m=[0m675 [3mcheckpoint_timestamp[0m[2m=[0m1742889421021
[2m2025-03-25T07:57:01.557159Z[0m [32m INFO[0m [1mnode[0m[1m{[0m[3mname[0m[2m=[0mk#addeef94..[1m}[0m[2m:[0m [2msui_core::checkpoints::checkpoint_output[0m[2m:[0m [2mcrates/sui-core/src/checkpoints/checkpoint_output.rs[0m[2m:[0m[2m149:[0m Creating checkpoint CheckpointDigest(DrTEjukVYLfDBibaCYbFu8ckJR2sv2uHEwkDodQZXCpV) at epoch 1, sequence 675, previous digest Some(CheckpointDigest(4pxK52HwG9ZL2J8QmWL6sv8CzbCHABLZjCkjv52h6PXD)), transactions count 2, content digest CheckpointContentsDigest(AqvHLAvAX9kiC44Hudh46tisBFJqGChZGJM6PnbDnsdg), end_of_epoch_data None
[2m2025-03-25T07:57:01.558855Z[0m [32m INFO[0m [1mnode[0m[1m{[0m[3mname[0m[2m=[0mk#8dcff6d1..[1m}[0m[2m:[0m [2msui_core::checkpoints[0m[2m:[0m [2mcrates/sui-core/src/checkpoints/mod.rs[0m[2m:[0m[2m1326:[0m Creating checkpoint(s) for 2 transactions [3mnext_checkpoint_seq[0m[2m=[0m675 [3mcheckpoint_timestamp[0m[2m=[0m1742889421021
[2m2025-03-25T07:57:01.559112Z[0m [32m INFO[0m [1mnode[0m[1m{[0m[3mname[0m[2m=[0mk#8dcff6d1..[1m}[0m[2m:[0m [2msui_core::checkpoints::checkpoint_output[0m[2m:[0m [2mcrates/sui-core/src/checkpoints/checkpoint_output.rs[0m[2m:[0m[2m149:[0m Creating checkpoint CheckpointDigest(DrTEjukVYLfDBibaCYbFu8ckJR2sv2uHEwkDodQZXCpV) at epoch 1, sequence 675, previous digest Some(CheckpointDigest(4pxK52HwG9ZL2J8QmWL6sv8CzbCHABLZjCkjv52h6PXD)), transactions count 2, content digest CheckpointContentsDigest(AqvHLAvAX9kiC44Hudh46tisBFJqGChZGJM6PnbDnsdg), end_of_epoch_data None
[2m2025-03-25T07:57:01.630450Z[0m [32m INFO[0m [1mnode[0m[1m{[0m[3mname[0m[2m=[0mk#b3f3cbb4..[1m}[0m[2m:[0m[1mjson-rpc-request[0m[2m:[0m[1mget_object[0m[1m{[0m[3mobject_id[0m[2m=[0m0x059c5b653da3f627ad85b7947a1634ad3055f81b24125b7d9b23178b0146bfc6 [3moptions[0m[2m=[0mSome(SuiObjectDataOptions { show_type: false, show_owner: true, show_previous_transaction: false, show_display: false, show_content: true, show_bcs: false, show_storage_rebate: false })[1m}[0m[2m:[0m [2msui_json_rpc::read_api[0m[2m:[0m [2mcrates/sui-json-rpc/src/read_api.rs[0m[2m:[0m[2m494:[0m RPC took longer than threshold to complete. [3melapsed[0m[2m=[0m1.630395708s
[2m2025-03-25T07:57:01.641747Z[0m [32m INFO[0m [1mnode[0m[1m{[0m[3mname[0m[2m=[0mk#b3f3cbb4..[1m}[0m[2m:[0m [2msui_core::state_accumulator[0m[2m:[0m [2mcrates/sui-core/src/state_accumulator.rs[0m[2m:[0m[2m675:[0m accumulating running root for checkpoint 591
[2m2025-03-25T07:57:01.646999Z[0m [32m INFO[0m [1mnode[0m[1m{[0m[3mname[0m[2m=[0mk#99f25ef6..[1m}[0m[2m:[0m [2mconsensus_core::core[0m[2m:[0m [2mconsensus/core/src/core.rs[0m[2m:[0m[2m630:[0m Committing 1 leaders: B473(B,1a4X)
[2m2025-03-25T07:57:01.647123Z[0m [32m INFO[0m [1mnode[0m[1m{[0m[3mname[0m[2m=[0mk#99f25ef6..[1m}[0m[2m:[0m [2mconsensus_core::commit_observer[0m[2m:[0m [2mconsensus/core/src/commit_observer.rs[0m[2m:[0m[2m173:[0m Consensus commit C462(Pceu) with leader B473(B,1a4X) has 3 blocks
[2m2025-03-25T07:57:01.647248Z[0m [32m INFO[0m [1mnode[0m[1m{[0m[3mname[0m[2m=[0mk#99f25ef6..[1m}[0m[2m:[0m [2msui_core::consensus_handler[0m[2m:[0m [2mcrates/sui-core/src/consensus_handler.rs[0m[2m:[0m[2m232:[0m Received consensus output [3mconsensus_commit[0m[2m=[0mCommittedSubDag(leader=B473(B,1a4X), ref=C462(Pceu), blocks=[38UQ, xvLM, 1a4X]) [3mepoch[0m[2m=[0m1
[2m2025-03-25T07:57:01.657719Z[0m [32m INFO[0m [1mnode[0m[1m{[0m[3mname[0m[2m=[0mk#addeef94..[1m}[0m[2m:[0m[1mjwk_updater_task[0m[1m{[0m[3mepoch[0m[2m=[0m1[1m}[0m[2m:[0m [2msui_node[0m[2m:[0m [2mcrates/sui-node/src/lib.rs[0m[2m:[0m[2m376:[0m fetching JWK for provider Arden
[2m2025-03-25T07:57:01.674186Z[0m [32m INFO[0m [1mnode[0m[1m{[0m[3mname[0m[2m=[0mk#99f25ef6..[1m}[0m[2m:[0m [2msui_core::checkpoints[0m[2m:[0m [2mcrates/sui-core/src/checkpoints/mod.rs[0m[2m:[0m[2m1326:[0m Creating checkpoint(s) for 2 transactions [3mnext_checkpoint_seq[0m[2m=[0m675 [3mcheckpoint_timestamp[0m[2m=[0m1742889421021
[2m2025-03-25T07:57:01.674501Z[0m [32m INFO[0m [1mnode[0m[1m{[0m[3mname[0m[2m=[0mk#99f25ef6..[1m}[0m[2m:[0m [2msui_core::checkpoints::checkpoint_output[0m[2m:[0m [2mcrates/sui-core/src/checkpoints/checkpoint_output.rs[0m[2m:[0m[2m149:[0m Creating checkpoint CheckpointDigest(DrTEjukVYLfDBibaCYbFu8ckJR2sv2uHEwkDodQZXCpV) at epoch 1, sequence 675, previous digest Some(CheckpointDigest(4pxK52HwG9ZL2J8QmWL6sv8CzbCHABLZjCkjv52h6PXD)), transactions count 2, content digest CheckpointContentsDigest(AqvHLAvAX9kiC44Hudh46tisBFJqGChZGJM6PnbDnsdg), end_of_epoch_data None
[2m2025-03-25T07:57:01.702223Z[0m [32m INFO[0m [1mnode[0m[1m{[0m[3mname[0m[2m=[0mk#8dcff6d1..[1m}[0m[2m:[0m[1mjwk_updater_task[0m[1m{[0m[3mepoch[0m[2m=[0m1[1m}[0m[2m:[0m [2msui_node[0m[2m:[0m [2mcrates/sui-node/src/lib.rs[0m[2m:[0m[2m376:[0m fetching JWK for provider Arden
[2m2025-03-25T07:57:01.723174Z[0m [32m INFO[0m [1mnode[0m[1m{[0m[3mname[0m[2m=[0mk#b3f3cbb4..[1m}[0m[2m:[0m [2msui_core::state_accumulator[0m[2m:[0m [2mcrates/sui-core/src/state_accumulator.rs[0m[2m:[0m[2m675:[0m accumulating running root for checkpoint 592
[2m2025-03-25T07:57:01.772944Z[0m [32m INFO[0m [1mnode[0m[1m{[0m[3mname[0m[2m=[0mk#addeef94..[1m}[0m[2m:[0m[1mjwk_updater_task[0m[1m{[0m[3mepoch[0m[2m=[0m1[1m}[0m[2m:[0m [2msui_node[0m[2m:[0m [2mcrates/sui-node/src/lib.rs[0m[2m:[0m[2m376:[0m fetching JWK for provider AwsTenant(("us-east-1", "us-east-1_LPSLCkC3A"))
[2m2025-03-25T07:57:01.817507Z[0m [32m INFO[0m [1mnode[0m[1m{[0m[3mname[0m[2m=[0mk#8dcff6d1..[1m}[0m[2m:[0m[1mjwk_updater_task[0m[1m{[0m[3mepoch[0m[2m=[0m1[1m}[0m[2m:[0m [2msui_node[0m[2m:[0m [2mcrates/sui-node/src/lib.rs[0m[2m:[0m[2m376:[0m fetching JWK for provider AwsTenant(("us-east-1", "us-east-1_LPSLCkC3A"))
[2m2025-03-25T07:57:01.889233Z[0m [32m INFO[0m [1mnode[0m[1m{[0m[3mname[0m[2m=[0mk#addeef94..[1m}[0m[2m:[0m [2mconsensus_core::core[0m[2m:[0m [2mconsensus/core/src/core.rs[0m[2m:[0m[2m945:[0m Included 2 ancestors & excluded 0 ancestors for proposal in round 476
[2m2025-03-25T07:57:01.889631Z[0m [32m INFO[0m [1mnode[0m[1m{[0m[3mname[0m[2m=[0mk#addeef94..[1m}[0m[2m:[0m [2mconsensus_core::core[0m[2m:[0m [2mconsensus/core/src/core.rs[0m[2m:[0m[2m531:[0m Created block B476(C,PpFwWdC1Dqt9kumn0oeAOJdyxozeb8/wkN8EZJ5M4Hs=)(1742889421889ms;[B475(C,kzKC476vZggudY+R4MubPqgRhKBrVaL4fDOq+GSf3yA=), B475(B,RQ6Ln1V7Z5iT0mlCDzTW4k+iDAWULyvaHq8vQ7/p5ro=)];1t;1c) for round 476
[2m2025-03-25T07:57:01.891601Z[0m [32m INFO[0m [1mnode[0m[1m{[0m[3mname[0m[2m=[0mk#99f25ef6..[1m}[0m[2m:[0m [2mconsensus_core::core[0m[2m:[0m [2mconsensus/core/src/core.rs[0m[2m:[0m[2m945:[0m Included 2 ancestors & excluded 0 ancestors for proposal in round 476
[2m2025-03-25T07:57:01.891919Z[0m [32m INFO[0m [1mnode[0m[1m{[0m[3mname[0m[2m=[0mk#99f25ef6..[1m}[0m[2m:[0m [2mconsensus_core::core[0m[2m:[0m [2mconsensus/core/src/core.rs[0m[2m:[0m[2m531:[0m Created block B476(B,PaGPrfL4iItZJlrBGAv5slvpId2V3r2cI/IrftI3Gkg=)(1742889421891ms;[B475(B,RQ6Ln1V7Z5iT0mlCDzTW4k+iDAWULyvaHq8vQ7/p5ro=), B475(C,kzKC476vZggudY+R4MubPqgRhKBrVaL4fDOq+GSf3yA=)];2t;1c) for round 476
[2m2025-03-25T07:57:01.891990Z[0m [32m INFO[0m [1mnode[0m[1m{[0m[3mname[0m[2m=[0mk#99f25ef6..[1m}[0m[2m:[0m [2mconsensus_core::core[0m[2m:[0m [2mconsensus/core/src/core.rs[0m[2m:[0m[2m630:[0m Committing 1 leaders: B474(C,jrym)
[2m2025-03-25T07:57:01.892064Z[0m [32m INFO[0m [1mnode[0m[1m{[0m[3mname[0m[2m=[0mk#99f25ef6..[1m}[0m[2m:[0m [2mconsensus_core::commit_observer[0m[2m:[0m [2mconsensus/core/src/commit_observer.rs[0m[2m:[0m[2m173:[0m Consensus commit C463(un8q) with leader B474(C,jrym) has 3 blocks
[2m2025-03-25T07:57:01.892166Z[0m [32m INFO[0m [1mnode[0m[1m{[0m[3mname[0m[2m=[0mk#99f25ef6..[1m}[0m[2m:[0m [2msui_core::consensus_handler[0m[2m:[0m [2mcrates/sui-core/src/consensus_handler.rs[0m[2m:[0m[2m232:[0m Received consensus output [3mconsensus_commit[0m[2m=[0mCommittedSubDag(leader=B474(C,jrym), ref=C463(un8q), blocks=[kYcV, zm4d, jrym]) [3mepoch[0m[2m=[0m1
[2m2025-03-25T07:57:01.895051Z[0m [32m INFO[0m [1mnode[0m[1m{[0m[3mname[0m[2m=[0mk#addeef94..[1m}[0m[2m:[0m [2mconsensus_core::core[0m[2m:[0m [2mconsensus/core/src/core.rs[0m[2m:[0m[2m630:[0m Committing 1 leaders: B474(C,jrym)
[2m2025-03-25T07:57:01.895148Z[0m [32m INFO[0m [1mnode[0m[1m{[0m[3mname[0m[2m=[0mk#addeef94..[1m}[0m[2m:[0m [2mconsensus_core::commit_observer[0m[2m:[0m [2mconsensus/core/src/commit_observer.rs[0m[2m:[0m[2m173:[0m Consensus commit C463(un8q) with leader B474(C,jrym) has 3 blocks
[2m2025-03-25T07:57:01.895227Z[0m [32m INFO[0m [1mnode[0m[1m{[0m[3mname[0m[2m=[0mk#addeef94..[1m}[0m[2m:[0m [2msui_core::consensus_handler[0m[2m:[0m [2mcrates/sui-core/src/consensus_handler.rs[0m[2m:[0m[2m232:[0m Received consensus output [3mconsensus_commit[0m[2m=[0mCommittedSubDag(leader=B474(C,jrym), ref=C463(un8q), blocks=[kYcV, zm4d, jrym]) [3mepoch[0m[2m=[0m1
[2m2025-03-25T07:57:01.930018Z[0m [32m INFO[0m [1mnode[0m[1m{[0m[3mname[0m[2m=[0mk#8dcff6d1..[1m}[0m[2m:[0m [2mconsensus_core::core[0m[2m:[0m [2mconsensus/core/src/core.rs[0m[2m:[0m[2m945:[0m Included 3 ancestors & excluded 0 ancestors for proposal in round 476
[2m2025-03-25T07:57:01.930401Z[0m [32m INFO[0m [1mnode[0m[1m{[0m[3mname[0m[2m=[0mk#8dcff6d1..[1m}[0m[2m:[0m [2mconsensus_core::core[0m[2m:[0m [2mconsensus/core/src/core.rs[0m[2m:[0m[2m531:[0m Created block B476(A,oPwlLJvOuKSK5szhe4l6pkTsp1q16orAh03qU93KVUQ=)(1742889421930ms;[B474(A,jCdk5yuLoMdUlqiwM+gP5j6MH5Ky/rwQ8uDeIMKvbXQ=), B475(B,RQ6Ln1V7Z5iT0mlCDzTW4k+iDAWULyvaHq8vQ7/p5ro=), B475(C,kzKC476vZggudY+R4MubPqgRhKBrVaL4fDOq+GSf3yA=)];2t;2c) for round 476
[2m2025-03-25T07:57:01.936058Z[0m [32m INFO[0m [1mnode[0m[1m{[0m[3mname[0m[2m=[0mk#8dcff6d1..[1m}[0m[2m:[0m [2msui_core::checkpoints::checkpoint_output[0m[2m:[0m [2mcrates/sui-core/src/checkpoints/checkpoint_output.rs[0m[2m:[0m[2m196:[0m Certified checkpoint with sequence 674 and digest 4pxK52HwG9ZL2J8QmWL6sv8CzbCHABLZjCkjv52h6PXD
[2m2025-03-25T07:57:01.936088Z[0m [32m INFO[0m [1mnode[0m[1m{[0m[3mname[0m[2m=[0mk#8dcff6d1..[1m}[0m[2m:[0m [2msui_core::checkpoints::checkpoint_output[0m[2m:[0m [2mcrates/sui-core/src/checkpoints/checkpoint_output.rs[0m[2m:[0m[2m196:[0m Certified checkpoint with sequence 675 and digest DrTEjukVYLfDBibaCYbFu8ckJR2sv2uHEwkDodQZXCpV
[2m2025-03-25T07:57:01.936252Z[0m [32m INFO[0m [1mnode[0m[1m{[0m[3mname[0m[2m=[0mk#99f25ef6..[1m}[0m[2m:[0m [2msui_core::checkpoints[0m[2m:[0m [2mcrates/sui-core/src/checkpoints/mod.rs[0m[2m:[0m[2m1326:[0m Creating checkpoint(s) for 1 transactions [3mnext_checkpoint_seq[0m[2m=[0m676 [3mcheckpoint_timestamp[0m[2m=[0m1742889421277
[2m2025-03-25T07:57:01.936266Z[0m [32m INFO[0m [1mnode[0m[1m{[0m[3mname[0m[2m=[0mk#8dcff6d1..[1m}[0m[2m:[0m [2mconsensus_core::core[0m[2m:[0m [2mconsensus/core/src/core.rs[0m[2m:[0m[2m630:[0m Committing 1 leaders: B474(C,jrym)
[2m2025-03-25T07:57:01.936372Z[0m [32m INFO[0m [1mnode[0m[1m{[0m[3mname[0m[2m=[0mk#8dcff6d1..[1m}[0m[2m:[0m [2mconsensus_core::commit_observer[0m[2m:[0m [2mconsensus/core/src/commit_observer.rs[0m[2m:[0m[2m173:[0m Consensus commit C463(un8q) with leader B474(C,jrym) has 3 blocks
[2m2025-03-25T07:57:01.936485Z[0m [32m INFO[0m [1mnode[0m[1m{[0m[3mname[0m[2m=[0mk#99f25ef6..[1m}[0m[2m:[0m [2msui_core::checkpoints::checkpoint_output[0m[2m:[0m [2mcrates/sui-core/src/checkpoints/checkpoint_output.rs[0m[2m:[0m[2m149:[0m Creating checkpoint CheckpointDigest(2bLe43Nn8xdhP2u6MFnRwK9pFTDsT8KDWbGUw8U6A4ed) at epoch 1, sequence 676, previous digest Some(CheckpointDigest(DrTEjukVYLfDBibaCYbFu8ckJR2sv2uHEwkDodQZXCpV)), transactions count 1, content digest CheckpointContentsDigest(Awft8FLbvqKHxoCVQAokmxjWTV55A9zincyzXNKPMP71), end_of_epoch_data None
[2m2025-03-25T07:57:01.937265Z[0m [32m INFO[0m [1mnode[0m[1m{[0m[3mname[0m[2m=[0mk#8dcff6d1..[1m}[0m[2m:[0m [2msui_core::consensus_handler[0m[2m:[0m [2mcrates/sui-core/src/consensus_handler.rs[0m[2m:[0m[2m232:[0m Received consensus output [3mconsensus_commit[0m[2m=[0mCommittedSubDag(leader=B474(C,jrym), ref=C463(un8q), blocks=[kYcV, zm4d, jrym]) [3mepoch[0m[2m=[0m1
[2m2025-03-25T07:57:01.938477Z[0m [32m INFO[0m [1mnode[0m[1m{[0m[3mname[0m[2m=[0mk#addeef94..[1m}[0m[2m:[0m [2msui_core::checkpoints[0m[2m:[0m [2mcrates/sui-core/src/checkpoints/mod.rs[0m[2m:[0m[2m1326:[0m Creating checkpoint(s) for 1 transactions [3mnext_checkpoint_seq[0m[2m=[0m676 [3mcheckpoint_timestamp[0m[2m=[0m1742889421277
[2m2025-03-25T07:57:01.938666Z[0m [32m INFO[0m [1mnode[0m[1m{[0m[3mname[0m[2m=[0mk#addeef94..[1m}[0m[2m:[0m [2msui_core::checkpoints::checkpoint_output[0m[2m:[0m [2mcrates/sui-core/src/checkpoints/checkpoint_output.rs[0m[2m:[0m[2m149:[0m Creating checkpoint CheckpointDigest(2bLe43Nn8xdhP2u6MFnRwK9pFTDsT8KDWbGUw8U6A4ed) at epoch 1, sequence 676, previous digest Some(CheckpointDigest(DrTEjukVYLfDBibaCYbFu8ckJR2sv2uHEwkDodQZXCpV)), transactions count 1, content digest CheckpointContentsDigest(Awft8FLbvqKHxoCVQAokmxjWTV55A9zincyzXNKPMP71), end_of_epoch_data None
[2m2025-03-25T07:57:01.940464Z[0m [32m INFO[0m [1mnode[0m[1m{[0m[3mname[0m[2m=[0mk#8dcff6d1..[1m}[0m[2m:[0m [2msui_core::checkpoints::checkpoint_executor[0m[2m:[0m [2mcrates/sui-core/src/checkpoints/checkpoint_executor/mod.rs[0m[2m:[0m[2m332:[0m Received checkpoint summary from state sync [3msequence_number[0m[2m=[0m674
[2m2025-03-25T07:57:01.940597Z[0m [32m INFO[0m [1mnode[0m[1m{[0m[3mname[0m[2m=[0mk#8dcff6d1..[1m}[0m[2m:[0m [2msui_core::checkpoints::checkpoint_executor[0m[2m:[0m [2mcrates/sui-core/src/checkpoints/checkpoint_executor/mod.rs[0m[2m:[0m[2m332:[0m Received checkpoint summary from state sync [3msequence_number[0m[2m=[0m675
[2m2025-03-25T07:57:01.941077Z[0m [32m INFO[0m [1mnode[0m[1m{[0m[3mname[0m[2m=[0mk#99f25ef6..[1m}[0m[2m:[0m [2msui_core::checkpoints::checkpoint_output[0m[2m:[0m [2mcrates/sui-core/src/checkpoints/checkpoint_output.rs[0m[2m:[0m[2m196:[0m Certified checkpoint with sequence 674 and digest 4pxK52HwG9ZL2J8QmWL6sv8CzbCHABLZjCkjv52h6PXD
[2m2025-03-25T07:57:01.941098Z[0m [32m INFO[0m [1mnode[0m[1m{[0m[3mname[0m[2m=[0mk#99f25ef6..[1m}[0m[2m:[0m [2msui_core::checkpoints::checkpoint_output[0m[2m:[0m [2mcrates/sui-core/src/checkpoints/checkpoint_output.rs[0m[2m:[0m[2m196:[0m Certified checkpoint with sequence 675 and digest DrTEjukVYLfDBibaCYbFu8ckJR2sv2uHEwkDodQZXCpV
[2m2025-03-25T07:57:01.958219Z[0m [32m INFO[0m [1mnode[0m[1m{[0m[3mname[0m[2m=[0mk#99f25ef6..[1m}[0m[2m:[0m [2msui_core::checkpoints::checkpoint_executor[0m[2m:[0m [2mcrates/sui-core/src/checkpoints/checkpoint_executor/mod.rs[0m[2m:[0m[2m332:[0m Received checkpoint summary from state sync [3msequence_number[0m[2m=[0m674
[2m2025-03-25T07:57:01.958342Z[0m [32m INFO[0m [1mnode[0m[1m{[0m[3mname[0m[2m=[0mk#99f25ef6..[1m}[0m[2m:[0m [2msui_core::checkpoints::checkpoint_executor[0m[2m:[0m [2mcrates/sui-core/src/checkpoints/checkpoint_executor/mod.rs[0m[2m:[0m[2m332:[0m Received checkpoint summary from state sync [3msequence_number[0m[2m=[0m675
[2m2025-03-25T07:57:01.960292Z[0m [32m INFO[0m [1mnode[0m[1m{[0m[3mname[0m[2m=[0mk#99f25ef6..[1m}[0m[2m:[0m [2msui_core::state_accumulator[0m[2m:[0m [2mcrates/sui-core/src/state_accumulator.rs[0m[2m:[0m[2m675:[0m accumulating running root for checkpoint 674
[2m2025-03-25T07:57:01.960866Z[0m [32m INFO[0m [1mnode[0m[1m{[0m[3mname[0m[2m=[0mk#99f25ef6..[1m}[0m[2m:[0m [2msui_core::state_accumulator[0m[2m:[0m [2mcrates/sui-core/src/state_accumulator.rs[0m[2m:[0m[2m675:[0m accumulating running root for checkpoint 675
[2m2025-03-25T07:57:01.970397Z[0m [32m INFO[0m [1mnode[0m[1m{[0m[3mname[0m[2m=[0mk#8dcff6d1..[1m}[0m[2m:[0m [2msui_core::state_accumulator[0m[2m:[0m [2mcrates/sui-core/src/state_accumulator.rs[0m[2m:[0m[2m675:[0m accumulating running root for checkpoint 674
[2m2025-03-25T07:57:01.970958Z[0m [32m INFO[0m [1mnode[0m[1m{[0m[3mname[0m[2m=[0mk#8dcff6d1..[1m}[0m[2m:[0m [2msui_core::state_accumulator[0m[2m:[0m [2mcrates/sui-core/src/state_accumulator.rs[0m[2m:[0m[2m675:[0m accumulating running root for checkpoint 675
[2m2025-03-25T07:57:02.006870Z[0m [32m INFO[0m [1mnode[0m[1m{[0m[3mname[0m[2m=[0mk#addeef94..[1m}[0m[2m:[0m [2msui_core::checkpoints::checkpoint_executor[0m[2m:[0m [2mcrates/sui-core/src/checkpoints/checkpoint_executor/mod.rs[0m[2m:[0m[2m332:[0m Received checkpoint summary from state sync [3msequence_number[0m[2m=[0m674
[2m2025-03-25T07:57:02.007006Z[0m [32m INFO[0m [1mnode[0m[1m{[0m[3mname[0m[2m=[0mk#addeef94..[1m}[0m[2m:[0m [2msui_core::checkpoints::checkpoint_executor[0m[2m:[0m [2mcrates/sui-core/src/checkpoints/checkpoint_executor/mod.rs[0m[2m:[0m[2m332:[0m Received checkpoint summary from state sync [3msequence_number[0m[2m=[0m675
[2m2025-03-25T07:57:02.008386Z[0m [32m INFO[0m [1mnode[0m[1m{[0m[3mname[0m[2m=[0mk#addeef94..[1m}[0m[2m:[0m [2msui_core::state_accumulator[0m[2m:[0m [2mcrates/sui-core/src/state_accumulator.rs[0m[2m:[0m[2m675:[0m accumulating running root for checkpoint 674
[2m2025-03-25T07:57:02.008975Z[0m [32m INFO[0m [1mnode[0m[1m{[0m[3mname[0m[2m=[0mk#addeef94..[1m}[0m[2m:[0m [2msui_core::state_accumulator[0m[2m:[0m [2mcrates/sui-core/src/state_accumulator.rs[0m[2m:[0m[2m675:[0m accumulating running root for checkpoint 675
[2m2025-03-25T07:57:02.041322Z[0m [32m INFO[0m [1mnode[0m[1m{[0m[3mname[0m[2m=[0mk#8dcff6d1..[1m}[0m[2m:[0m [2msui_core::checkpoints[0m[2m:[0m [2mcrates/sui-core/src/checkpoints/mod.rs[0m[2m:[0m[2m1326:[0m Creating checkpoint(s) for 1 transactions [3mnext_checkpoint_seq[0m[2m=[0m676 [3mcheckpoint_timestamp[0m[2m=[0m1742889421277
[2m2025-03-25T07:57:02.041540Z[0m [32m INFO[0m [1mnode[0m[1m{[0m[3mname[0m[2m=[0mk#8dcff6d1..[1m}[0m[2m:[0m [2msui_core::checkpoints::checkpoint_output[0m[2m:[0m [2mcrates/sui-core/src/checkpoints/checkpoint_output.rs[0m[2m:[0m[2m149:[0m Creating checkpoint CheckpointDigest(2bLe43Nn8xdhP2u6MFnRwK9pFTDsT8KDWbGUw8U6A4ed) at epoch 1, sequence 676, previous digest Some(CheckpointDigest(DrTEjukVYLfDBibaCYbFu8ckJR2sv2uHEwkDodQZXCpV)), transactions count 1, content digest CheckpointContentsDigest(Awft8FLbvqKHxoCVQAokmxjWTV55A9zincyzXNKPMP71), end_of_epoch_data None
[2m2025-03-25T07:57:02.143454Z[0m [32m INFO[0m [1mnode[0m[1m{[0m[3mname[0m[2m=[0mk#99f25ef6..[1m}[0m[2m:[0m [2mconsensus_core::core[0m[2m:[0m [2mconsensus/core/src/core.rs[0m[2m:[0m[2m945:[0m Included 3 ancestors & excluded 0 ancestors for proposal in round 477
[2m2025-03-25T07:57:02.143858Z[0m [32m INFO[0m [1mnode[0m[1m{[0m[3mname[0m[2m=[0mk#99f25ef6..[1m}[0m[2m:[0m [2mconsensus_core::core[0m[2m:[0m [2mconsensus/core/src/core.rs[0m[2m:[0m[2m531:[0m Created block B477(B,loS+L20QFHYPriW72fuEB8kYtlAdkp9P+C+QWPc/H8c=)(1742889422143ms;[B476(B,PaGPrfL4iItZJlrBGAv5slvpId2V3r2cI/IrftI3Gkg=), B476(A,oPwlLJvOuKSK5szhe4l6pkTsp1q16orAh03qU93KVUQ=), B476(C,PpFwWdC1Dqt9kumn0oeAOJdyxozeb8/wkN8EZJ5M4Hs=)];1t;1c) for round 477
[2m2025-03-25T07:57:02.145791Z[0m [32m INFO[0m [1mnode[0m[1m{[0m[3mname[0m[2m=[0mk#addeef94..[1m}[0m[2m:[0m [2mconsensus_core::core[0m[2m:[0m [2mconsensus/core/src/core.rs[0m[2m:[0m[2m945:[0m Included 3 ancestors & excluded 0 ancestors for proposal in round 477
[2m2025-03-25T07:57:02.146103Z[0m [32m INFO[0m [1mnode[0m[1m{[0m[3mname[0m[2m=[0mk#addeef94..[1m}[0m[2m:[0m [2mconsensus_core::core[0m[2m:[0m [2mconsensus/core/src/core.rs[0m[2m:[0m[2m531:[0m Created block B477(C,ZObRjaC5+DPPemt8KKpJx5v3DEQqyeZLRs6xk8a/IjM=)(1742889422146ms;[B476(C,PpFwWdC1Dqt9kumn0oeAOJdyxozeb8/wkN8EZJ5M4Hs=), B476(A,oPwlLJvOuKSK5szhe4l6pkTsp1q16orAh03qU93KVUQ=), B476(B,PaGPrfL4iItZJlrBGAv5slvpId2V3r2cI/IrftI3Gkg=)];1t;1c) for round 477
[2m2025-03-25T07:57:02.146176Z[0m [32m INFO[0m [1mnode[0m[1m{[0m[3mname[0m[2m=[0mk#addeef94..[1m}[0m[2m:[0m [2mconsensus_core::core[0m[2m:[0m [2mconsensus/core/src/core.rs[0m[2m:[0m[2m630:[0m Committing 1 leaders: B475(C,kzKC)
[2m2025-03-25T07:57:02.146246Z[0m [32m INFO[0m [1mnode[0m[1m{[0m[3mname[0m[2m=[0mk#addeef94..[1m}[0m[2m:[0m [2mconsensus_core::commit_observer[0m[2m:[0m [2mconsensus/core/src/commit_observer.rs[0m[2m:[0m[2m173:[0m Consensus commit C464(UREX) with leader B475(C,kzKC) has 2 blocks
[2m2025-03-25T07:57:02.146330Z[0m [32m INFO[0m [1mnode[0m[1m{[0m[3mname[0m[2m=[0mk#addeef94..[1m}[0m[2m:[0m [2msui_core::consensus_handler[0m[2m:[0m [2mcrates/sui-core/src/consensus_handler.rs[0m[2m:[0m[2m232:[0m Received consensus output [3mconsensus_commit[0m[2m=[0mCommittedSubDag(leader=B475(C,kzKC), ref=C464(UREX), blocks=[jCdk, kzKC]) [3mepoch[0m[2m=[0m1
[2m2025-03-25T07:57:02.148565Z[0m [32m INFO[0m [1mnode[0m[1m{[0m[3mname[0m[2m=[0mk#99f25ef6..[1m}[0m[2m:[0m [2mconsensus_core::core[0m[2m:[0m [2mconsensus/core/src/core.rs[0m[2m:[0m[2m630:[0m Committing 1 leaders: B475(C,kzKC)
[2m2025-03-25T07:57:02.148658Z[0m [32m INFO[0m [1mnode[0m[1m{[0m[3mname[0m[2m=[0mk#99f25ef6..[1m}[0m[2m:[0m [2mconsensus_core::commit_observer[0m[2m:[0m [2mconsensus/core/src/commit_observer.rs[0m[2m:[0m[2m173:[0m Consensus commit C464(UREX) with leader B475(C,kzKC) has 2 blocks
[2m2025-03-25T07:57:02.148728Z[0m [32m INFO[0m [1mnode[0m[1m{[0m[3mname[0m[2m=[0mk#99f25ef6..[1m}[0m[2m:[0m [2msui_core::consensus_handler[0m[2m:[0m [2mcrates/sui-core/src/consensus_handler.rs[0m[2m:[0m[2m232:[0m Received consensus output [3mconsensus_commit[0m[2m=[0mCommittedSubDag(leader=B475(C,kzKC), ref=C464(UREX), blocks=[jCdk, kzKC]) [3mepoch[0m[2m=[0m1
[2m2025-03-25T07:57:02.149360Z[0m [32m INFO[0m [1mnode[0m[1m{[0m[3mname[0m[2m=[0mk#8dcff6d1..[1m}[0m[2m:[0m [2msui_core::checkpoints::checkpoint_output[0m[2m:[0m [2mcrates/sui-core/src/checkpoints/checkpoint_output.rs[0m[2m:[0m[2m196:[0m Certified checkpoint with sequence 676 and digest 2bLe43Nn8xdhP2u6MFnRwK9pFTDsT8KDWbGUw8U6A4ed
[2m2025-03-25T07:57:02.149471Z[0m [32m INFO[0m [1mnode[0m[1m{[0m[3mname[0m[2m=[0mk#8dcff6d1..[1m}[0m[2m:[0m [2mconsensus_core::core[0m[2m:[0m [2mconsensus/core/src/core.rs[0m[2m:[0m[2m630:[0m Committing 1 leaders: B475(C,kzKC)
[2m2025-03-25T07:57:02.149595Z[0m [32m INFO[0m [1mnode[0m[1m{[0m[3mname[0m[2m=[0mk#8dcff6d1..[1m}[0m[2m:[0m [2mconsensus_core::commit_observer[0m[2m:[0m [2mconsensus/core/src/commit_observer.rs[0m[2m:[0m[2m173:[0m Consensus commit C464(UREX) with leader B475(C,kzKC) has 2 blocks
[2m2025-03-25T07:57:02.149991Z[0m [32m INFO[0m [1mnode[0m[1m{[0m[3mname[0m[2m=[0mk#8dcff6d1..[1m}[0m[2m:[0m [2msui_core::consensus_handler[0m[2m:[0m [2mcrates/sui-core/src/consensus_handler.rs[0m[2m:[0m[2m232:[0m Received consensus output [3mconsensus_commit[0m[2m=[0mCommittedSubDag(leader=B475(C,kzKC), ref=C464(UREX), blocks=[jCdk, kzKC]) [3mepoch[0m[2m=[0m1
[2m2025-03-25T07:57:02.150468Z[0m [32m INFO[0m [1mnode[0m[1m{[0m[3mname[0m[2m=[0mk#8dcff6d1..[1m}[0m[2m:[0m [2msui_core::checkpoints::checkpoint_executor[0m[2m:[0m [2mcrates/sui-core/src/checkpoints/checkpoint_executor/mod.rs[0m[2m:[0m[2m332:[0m Received checkpoint summary from state sync [3msequence_number[0m[2m=[0m676
[2m2025-03-25T07:57:02.151964Z[0m [32m INFO[0m [1mnode[0m[1m{[0m[3mname[0m[2m=[0mk#8dcff6d1..[1m}[0m[2m:[0m [2msui_core::state_accumulator[0m[2m:[0m [2mcrates/sui-core/src/state_accumulator.rs[0m[2m:[0m[2m675:[0m accumulating running root for checkpoint 676
[2m2025-03-25T07:57:02.172972Z[0m [32m INFO[0m [1mnode[0m[1m{[0m[3mname[0m[2m=[0mk#addeef94..[1m}[0m[2m:[0m [2msui_core::checkpoints[0m[2m:[0m [2mcrates/sui-core/src/checkpoints/mod.rs[0m[2m:[0m[2m1326:[0m Creating checkpoint(s) for 2 transactions [3mnext_checkpoint_seq[0m[2m=[0m677 [3mcheckpoint_timestamp[0m[2m=[0m1742889421529
[2m2025-03-25T07:57:02.173273Z[0m [32m INFO[0m [1mnode[0m[1m{[0m[3mname[0m[2m=[0mk#addeef94..[1m}[0m[2m:[0m [2msui_core::checkpoints::checkpoint_output[0m[2m:[0m [2mcrates/sui-core/src/checkpoints/checkpoint_output.rs[0m[2m:[0m[2m149:[0m Creating checkpoint CheckpointDigest(FUnD9BNFEweFatvpgLUXZ6Je5LxZmeYS8WVHtUqYmBjS) at epoch 1, sequence 677, previous digest Some(CheckpointDigest(2bLe43Nn8xdhP2u6MFnRwK9pFTDsT8KDWbGUw8U6A4ed)), transactions count 2, content digest CheckpointContentsDigest(7NKHHt2CSjPk3xz2NBCATSz1EcFimbBYNSVZjKdd9dE6), end_of_epoch_data None
[2m2025-03-25T07:57:02.174918Z[0m [32m INFO[0m [1mnode[0m[1m{[0m[3mname[0m[2m=[0mk#99f25ef6..[1m}[0m[2m:[0m [2msui_core::checkpoints[0m[2m:[0m [2mcrates/sui-core/src/checkpoints/mod.rs[0m[2m:[0m[2m1326:[0m Creating checkpoint(s) for 2 transactions [3mnext_checkpoint_seq[0m[2m=[0m677 [3mcheckpoint_timestamp[0m[2m=[0m1742889421529
[2m2025-03-25T07:57:02.175177Z[0m [32m INFO[0m [1mnode[0m[1m{[0m[3mname[0m[2m=[0mk#99f25ef6..[1m}[0m[2m:[0m [2msui_core::checkpoints::checkpoint_output[0m[2m:[0m [2mcrates/sui-core/src/checkpoints/checkpoint_output.rs[0m[2m:[0m[2m149:[0m Creating checkpoint CheckpointDigest(FUnD9BNFEweFatvpgLUXZ6Je5LxZmeYS8WVHtUqYmBjS) at epoch 1, sequence 677, previous digest Some(CheckpointDigest(2bLe43Nn8xdhP2u6MFnRwK9pFTDsT8KDWbGUw8U6A4ed)), transactions count 2, content digest CheckpointContentsDigest(7NKHHt2CSjPk3xz2NBCATSz1EcFimbBYNSVZjKdd9dE6), end_of_epoch_data None
[2m2025-03-25T07:57:02.175767Z[0m [32m INFO[0m [1mnode[0m[1m{[0m[3mname[0m[2m=[0mk#addeef94..[1m}[0m[2m:[0m [2msui_core::checkpoints::checkpoint_executor[0m[2m:[0m [2mcrates/sui-core/src/checkpoints/checkpoint_executor/mod.rs[0m[2m:[0m[2m332:[0m Received checkpoint summary from state sync [3msequence_number[0m[2m=[0m676
[2m2025-03-25T07:57:02.176709Z[0m [32m INFO[0m [1mnode[0m[1m{[0m[3mname[0m[2m=[0mk#addeef94..[1m}[0m[2m:[0m [2msui_core::state_accumulator[0m[2m:[0m [2mcrates/sui-core/src/state_accumulator.rs[0m[2m:[0m[2m675:[0m accumulating running root for checkpoint 676
[2m2025-03-25T07:57:02.177655Z[0m [32m INFO[0m [1mnode[0m[1m{[0m[3mname[0m[2m=[0mk#8dcff6d1..[1m}[0m[2m:[0m [2msui_core::checkpoints[0m[2m:[0m [2mcrates/sui-core/src/checkpoints/mod.rs[0m[2m:[0m[2m1326:[0m Creating checkpoint(s) for 2 transactions [3mnext_checkpoint_seq[0m[2m=[0m677 [3mcheckpoint_timestamp[0m[2m=[0m1742889421529
[2m2025-03-25T07:57:02.177929Z[0m [32m INFO[0m [1mnode[0m[1m{[0m[3mname[0m[2m=[0mk#8dcff6d1..[1m}[0m[2m:[0m [2msui_core::checkpoints::checkpoint_output[0m[2m:[0m [2mcrates/sui-core/src/checkpoints/checkpoint_output.rs[0m[2m:[0m[2m149:[0m Creating checkpoint CheckpointDigest(FUnD9BNFEweFatvpgLUXZ6Je5LxZmeYS8WVHtUqYmBjS) at epoch 1, sequence 677, previous digest Some(CheckpointDigest(2bLe43Nn8xdhP2u6MFnRwK9pFTDsT8KDWbGUw8U6A4ed)), transactions count 2, content digest CheckpointContentsDigest(7NKHHt2CSjPk3xz2NBCATSz1EcFimbBYNSVZjKdd9dE6), end_of_epoch_data None
[2m2025-03-25T07:57:02.181212Z[0m [32m INFO[0m [1mnode[0m[1m{[0m[3mname[0m[2m=[0mk#99f25ef6..[1m}[0m[2m:[0m [2msui_core::checkpoints::checkpoint_executor[0m[2m:[0m [2mcrates/sui-core/src/checkpoints/checkpoint_executor/mod.rs[0m[2m:[0m[2m332:[0m Received checkpoint summary from state sync [3msequence_number[0m[2m=[0m606
[2m2025-03-25T07:57:02.181302Z[0m [32m INFO[0m [1mnode[0m[1m{[0m[3mname[0m[2m=[0mk#99f25ef6..[1m}[0m[2m:[0m [2msui_core::checkpoints::checkpoint_executor[0m[2m:[0m [2mcrates/sui-core/src/checkpoints/checkpoint_executor/mod.rs[0m[2m:[0m[2m332:[0m Received checkpoint summary from state sync [3msequence_number[0m[2m=[0m607
[2m2025-03-25T07:57:02.181341Z[0m [32m INFO[0m [1mnode[0m[1m{[0m[3mname[0m[2m=[0mk#99f25ef6..[1m}[0m[2m:[0m [2msui_core::checkpoints::checkpoint_executor[0m[2m:[0m [2mcrates/sui-core/src/checkpoints/checkpoint_executor/mod.rs[0m[2m:[0m[2m332:[0m Received checkpoint summary from state sync [3msequence_number[0m[2m=[0m608
[2m2025-03-25T07:57:02.181381Z[0m [32m INFO[0m [1mnode[0m[1m{[0m[3mname[0m[2m=[0mk#99f25ef6..[1m}[0m[2m:[0m [2msui_core::checkpoints::checkpoint_executor[0m[2m:[0m [2mcrates/sui-core/src/checkpoints/checkpoint_executor/mod.rs[0m[2m:[0m[2m332:[0m Received checkpoint summary from state sync [3msequence_number[0m[2m=[0m609
[2m2025-03-25T07:57:02.181419Z[0m [32m INFO[0m [1mnode[0m[1m{[0m[3mname[0m[2m=[0mk#99f25ef6..[1m}[0m[2m:[0m [2msui_core::checkpoints::checkpoint_executor[0m[2m:[0m [2mcrates/sui-core/src/checkpoints/checkpoint_executor/mod.rs[0m[2m:[0m[2m332:[0m Received checkpoint summary from state sync [3msequence_number[0m[2m=[0m610
[2m2025-03-25T07:57:02.181457Z[0m [32m INFO[0m [1mnode[0m[1m{[0m[3mname[0m[2m=[0mk#99f25ef6..[1m}[0m[2m:[0m [2msui_core::checkpoints::checkpoint_executor[0m[2m:[0m [2mcrates/sui-core/src/checkpoints/checkpoint_executor/mod.rs[0m[2m:[0m[2m332:[0m Received checkpoint summary from state sync [3msequence_number[0m[2m=[0m611
[2m2025-03-25T07:57:02.181495Z[0m [32m INFO[0m [1mnode[0m[1m{[0m[3mname[0m[2m=[0mk#99f25ef6..[1m}[0m[2m:[0m [2msui_core::checkpoints::checkpoint_executor[0m[2m:[0m [2mcrates/sui-core/src/checkpoints/checkpoint_executor/mod.rs[0m[2m:[0m[2m332:[0m Received checkpoint summary from state sync [3msequence_number[0m[2m=[0m612
[2m2025-03-25T07:57:02.181533Z[0m [32m INFO[0m [1mnode[0m[1m{[0m[3mname[0m[2m=[0mk#99f25ef6..[1m}[0m[2m:[0m [2msui_core::checkpoints::checkpoint_executor[0m[2m:[0m [2mcrates/sui-core/src/checkpoints/checkpoint_executor/mod.rs[0m[2m:[0m[2m332:[0m Received checkpoint summary from state sync [3msequence_number[0m[2m=[0m613
[2m2025-03-25T07:57:02.181571Z[0m [32m INFO[0m [1mnode[0m[1m{[0m[3mname[0m[2m=[0mk#99f25ef6..[1m}[0m[2m:[0m [2msui_core::checkpoints::checkpoint_executor[0m[2m:[0m [2mcrates/sui-core/src/checkpoints/checkpoint_executor/mod.rs[0m[2m:[0m[2m332:[0m Received checkpoint summary from state sync [3msequence_number[0m[2m=[0m614
[2m2025-03-25T07:57:02.181610Z[0m [32m INFO[0m [1mnode[0m[1m{[0m[3mname[0m[2m=[0mk#99f25ef6..[1m}[0m[2m:[0m [2msui_core::checkpoints::checkpoint_executor[0m[2m:[0m [2mcrates/sui-core/src/checkpoints/checkpoint_executor/mod.rs[0m[2m:[0m[2m332:[0m Received checkpoint summary from state sync [3msequence_number[0m[2m=[0m615
[2m2025-03-25T07:57:02.181647Z[0m [32m INFO[0m [1mnode[0m[1m{[0m[3mname[0m[2m=[0mk#99f25ef6..[1m}[0m[2m:[0m [2msui_core::checkpoints::checkpoint_executor[0m[2m:[0m [2mcrates/sui-core/src/checkpoints/checkpoint_executor/mod.rs[0m[2m:[0m[2m332:[0m Received checkpoint summary from state sync [3msequence_number[0m[2m=[0m616
[2m2025-03-25T07:57:02.181684Z[0m [32m INFO[0m [1mnode[0m[1m{[0m[3mname[0m[2m=[0mk#99f25ef6..[1m}[0m[2m:[0m [2msui_core::checkpoints::checkpoint_executor[0m[2m:[0m [2mcrates/sui-core/src/checkpoints/checkpoint_executor/mod.rs[0m[2m:[0m[2m332:[0m Received checkpoint summary from state sync [3msequence_number[0m[2m=[0m617
[2m2025-03-25T07:57:02.181721Z[0m [32m INFO[0m [1mnode[0m[1m{[0m[3mname[0m[2m=[0mk#99f25ef6..[1m}[0m[2m:[0m [2msui_core::checkpoints::checkpoint_executor[0m[2m:[0m [2mcrates/sui-core/src/checkpoints/checkpoint_executor/mod.rs[0m[2m:[0m[2m332:[0m Received checkpoint summary from state sync [3msequence_number[0m[2m=[0m618
[2m2025-03-25T07:57:02.181758Z[0m [32m INFO[0m [1mnode[0m[1m{[0m[3mname[0m[2m=[0mk#99f25ef6..[1m}[0m[2m:[0m [2msui_core::checkpoints::checkpoint_executor[0m[2m:[0m [2mcrates/sui-core/src/checkpoints/checkpoint_executor/mod.rs[0m[2m:[0m[2m332:[0m Received checkpoint summary from state sync [3msequence_number[0m[2m=[0m619
[2m2025-03-25T07:57:02.181794Z[0m [32m INFO[0m [1mnode[0m[1m{[0m[3mname[0m[2m=[0mk#99f25ef6..[1m}[0m[2m:[0m [2msui_core::checkpoints::checkpoint_executor[0m[2m:[0m [2mcrates/sui-core/src/checkpoints/checkpoint_executor/mod.rs[0m[2m:[0m[2m332:[0m Received checkpoint summary from state sync [3msequence_number[0m[2m=[0m620
[2m2025-03-25T07:57:02.181831Z[0m [32m INFO[0m [1mnode[0m[1m{[0m[3mname[0m[2m=[0mk#99f25ef6..[1m}[0m[2m:[0m [2msui_core::checkpoints::checkpoint_executor[0m[2m:[0m [2mcrates/sui-core/src/checkpoints/checkpoint_executor/mod.rs[0m[2m:[0m[2m332:[0m Received checkpoint summary from state sync [3msequence_number[0m[2m=[0m621
[2m2025-03-25T07:57:02.181870Z[0m [32m INFO[0m [1mnode[0m[1m{[0m[3mname[0m[2m=[0mk#99f25ef6..[1m}[0m[2m:[0m [2msui_core::checkpoints::checkpoint_executor[0m[2m:[0m [2mcrates/sui-core/src/checkpoints/checkpoint_executor/mod.rs[0m[2m:[0m[2m332:[0m Received checkpoint summary from state sync [3msequence_number[0m[2m=[0m622
[2m2025-03-25T07:57:02.181908Z[0m [32m INFO[0m [1mnode[0m[1m{[0m[3mname[0m[2m=[0mk#99f25ef6..[1m}[0m[2m:[0m [2msui_core::checkpoints::checkpoint_executor[0m[2m:[0m [2mcrates/sui-core/src/checkpoints/checkpoint_executor/mod.rs[0m[2m:[0m[2m332:[0m Received checkpoint summary from state sync [3msequence_number[0m[2m=[0m623
[2m2025-03-25T07:57:02.181945Z[0m [32m INFO[0m [1mnode[0m[1m{[0m[3mname[0m[2m=[0mk#99f25ef6..[1m}[0m[2m:[0m [2msui_core::checkpoints::checkpoint_executor[0m[2m:[0m [2mcrates/sui-core/src/checkpoints/checkpoint_executor/mod.rs[0m[2m:[0m[2m332:[0m Received checkpoint summary from state sync [3msequence_number[0m[2m=[0m624
[2m2025-03-25T07:57:02.181982Z[0m [32m INFO[0m [1mnode[0m[1m{[0m[3mname[0m[2m=[0mk#99f25ef6..[1m}[0m[2m:[0m [2msui_core::checkpoints::checkpoint_executor[0m[2m:[0m [2mcrates/sui-core/src/checkpoints/checkpoint_executor/mod.rs[0m[2m:[0m[2m332:[0m Received checkpoint summary from state sync [3msequence_number[0m[2m=[0m625
[2m2025-03-25T07:57:02.182019Z[0m [32m INFO[0m [1mnode[0m[1m{[0m[3mname[0m[2m=[0mk#99f25ef6..[1m}[0m[2m:[0m [2msui_core::checkpoints::checkpoint_executor[0m[2m:[0m [2mcrates/sui-core/src/checkpoints/checkpoint_executor/mod.rs[0m[2m:[0m[2m332:[0m Received checkpoint summary from state sync [3msequence_number[0m[2m=[0m626
[2m2025-03-25T07:57:02.182057Z[0m [32m INFO[0m [1mnode[0m[1m{[0m[3mname[0m[2m=[0mk#99f25ef6..[1m}[0m[2m:[0m [2msui_core::checkpoints::checkpoint_executor[0m[2m:[0m [2mcrates/sui-core/src/checkpoints/checkpoint_executor/mod.rs[0m[2m:[0m[2m332:[0m Received checkpoint summary from state sync [3msequence_number[0m[2m=[0m627
[2m2025-03-25T07:57:02.182094Z[0m [32m INFO[0m [1mnode[0m[1m{[0m[3mname[0m[2m=[0mk#99f25ef6..[1m}[0m[2m:[0m [2msui_core::checkpoints::checkpoint_executor[0m[2m:[0m [2mcrates/sui-core/src/checkpoints/checkpoint_executor/mod.rs[0m[2m:[0m[2m332:[0m Received checkpoint summary from state sync [3msequence_number[0m[2m=[0m628
[2m2025-03-25T07:57:02.182131Z[0m [32m INFO[0m [1mnode[0m[1m{[0m[3mname[0m[2m=[0mk#99f25ef6..[1m}[0m[2m:[0m [2msui_core::checkpoints::checkpoint_executor[0m[2m:[0m [2mcrates/sui-core/src/checkpoints/checkpoint_executor/mod.rs[0m[2m:[0m[2m332:[0m Received checkpoint summary from state sync [3msequence_number[0m[2m=[0m629
[2m2025-03-25T07:57:02.182167Z[0m [32m INFO[0m [1mnode[0m[1m{[0m[3mname[0m[2m=[0mk#99f25ef6..[1m}[0m[2m:[0m [2msui_core::checkpoints::checkpoint_executor[0m[2m:[0m [2mcrates/sui-core/src/checkpoints/checkpoint_executor/mod.rs[0m[2m:[0m[2m332:[0m Received checkpoint summary from state sync [3msequence_number[0m[2m=[0m630
[2m2025-03-25T07:57:02.182204Z[0m [32m INFO[0m [1mnode[0m[1m{[0m[3mname[0m[2m=[0mk#99f25ef6..[1m}[0m[2m:[0m [2msui_core::checkpoints::checkpoint_executor[0m[2m:[0m [2mcrates/sui-core/src/checkpoints/checkpoint_executor/mod.rs[0m[2m:[0m[2m332:[0m Received checkpoint summary from state sync [3msequence_number[0m[2m=[0m631
[2m2025-03-25T07:57:02.182240Z[0m [32m INFO[0m [1mnode[0m[1m{[0m[3mname[0m[2m=[0mk#99f25ef6..[1m}[0m[2m:[0m [2msui_core::checkpoints::checkpoint_executor[0m[2m:[0m [2mcrates/sui-core/src/checkpoints/checkpoint_executor/mod.rs[0m[2m:[0m[2m332:[0m Received checkpoint summary from state sync [3msequence_number[0m[2m=[0m632
[2m2025-03-25T07:57:02.182278Z[0m [32m INFO[0m [1mnode[0m[1m{[0m[3mname[0m[2m=[0mk#99f25ef6..[1m}[0m[2m:[0m [2msui_core::checkpoints::checkpoint_executor[0m[2m:[0m [2mcrates/sui-core/src/checkpoints/checkpoint_executor/mod.rs[0m[2m:[0m[2m332:[0m Received checkpoint summary from state sync [3msequence_number[0m[2m=[0m633
[2m2025-03-25T07:57:02.182316Z[0m [32m INFO[0m [1mnode[0m[1m{[0m[3mname[0m[2m=[0mk#99f25ef6..[1m}[0m[2m:[0m [2msui_core::checkpoints::checkpoint_executor[0m[2m:[0m [2mcrates/sui-core/src/checkpoints/checkpoint_executor/mod.rs[0m[2m:[0m[2m332:[0m Received checkpoint summary from state sync [3msequence_number[0m[2m=[0m634
[2m2025-03-25T07:57:02.182353Z[0m [32m INFO[0m [1mnode[0m[1m{[0m[3mname[0m[2m=[0mk#99f25ef6..[1m}[0m[2m:[0m [2msui_core::checkpoints::checkpoint_executor[0m[2m:[0m [2mcrates/sui-core/src/checkpoints/checkpoint_executor/mod.rs[0m[2m:[0m[2m332:[0m Received checkpoint summary from state sync [3msequence_number[0m[2m=[0m635
[2m2025-03-25T07:57:02.182391Z[0m [32m INFO[0m [1mnode[0m[1m{[0m[3mname[0m[2m=[0mk#99f25ef6..[1m}[0m[2m:[0m [2msui_core::checkpoints::checkpoint_executor[0m[2m:[0m [2mcrates/sui-core/src/checkpoints/checkpoint_executor/mod.rs[0m[2m:[0m[2m332:[0m Received checkpoint summary from state sync [3msequence_number[0m[2m=[0m636
[2m2025-03-25T07:57:02.182427Z[0m [32m INFO[0m [1mnode[0m[1m{[0m[3mname[0m[2m=[0mk#99f25ef6..[1m}[0m[2m:[0m [2msui_core::checkpoints::checkpoint_executor[0m[2m:[0m [2mcrates/sui-core/src/checkpoints/checkpoint_executor/mod.rs[0m[2m:[0m[2m332:[0m Received checkpoint summary from state sync [3msequence_number[0m[2m=[0m637
[2m2025-03-25T07:57:02.182464Z[0m [32m INFO[0m [1mnode[0m[1m{[0m[3mname[0m[2m=[0mk#99f25ef6..[1m}[0m[2m:[0m [2msui_core::checkpoints::checkpoint_executor[0m[2m:[0m [2mcrates/sui-core/src/checkpoints/checkpoint_executor/mod.rs[0m[2m:[0m[2m332:[0m Received checkpoint summary from state sync [3msequence_number[0m[2m=[0m638
[2m2025-03-25T07:57:02.182501Z[0m [32m INFO[0m [1mnode[0m[1m{[0m[3mname[0m[2m=[0mk#99f25ef6..[1m}[0m[2m:[0m [2msui_core::checkpoints::checkpoint_executor[0m[2m:[0m [2mcrates/sui-core/src/checkpoints/checkpoint_executor/mod.rs[0m[2m:[0m[2m332:[0m Received checkpoint summary from state sync [3msequence_number[0m[2m=[0m639
[2m2025-03-25T07:57:02.182539Z[0m [32m INFO[0m [1mnode[0m[1m{[0m[3mname[0m[2m=[0mk#99f25ef6..[1m}[0m[2m:[0m [2msui_core::checkpoints::checkpoint_executor[0m[2m:[0m [2mcrates/sui-core/src/checkpoints/checkpoint_executor/mod.rs[0m[2m:[0m[2m332:[0m Received checkpoint summary from state sync [3msequence_number[0m[2m=[0m640
[2m2025-03-25T07:57:02.182577Z[0m [32m INFO[0m [1mnode[0m[1m{[0m[3mname[0m[2m=[0mk#99f25ef6..[1m}[0m[2m:[0m [2msui_core::checkpoints::checkpoint_executor[0m[2m:[0m [2mcrates/sui-core/src/checkpoints/checkpoint_executor/mod.rs[0m[2m:[0m[2m332:[0m Received checkpoint summary from state sync [3msequence_number[0m[2m=[0m641
[2m2025-03-25T07:57:02.182614Z[0m [32m INFO[0m [1mnode[0m[1m{[0m[3mname[0m[2m=[0mk#99f25ef6..[1m}[0m[2m:[0m [2msui_core::checkpoints::checkpoint_executor[0m[2m:[0m [2mcrates/sui-core/src/checkpoints/checkpoint_executor/mod.rs[0m[2m:[0m[2m332:[0m Received checkpoint summary from state sync [3msequence_number[0m[2m=[0m642
[2m2025-03-25T07:57:02.182651Z[0m [32m INFO[0m [1mnode[0m[1m{[0m[3mname[0m[2m=[0mk#99f25ef6..[1m}[0m[2m:[0m [2msui_core::checkpoints::checkpoint_executor[0m[2m:[0m [2mcrates/sui-core/src/checkpoints/checkpoint_executor/mod.rs[0m[2m:[0m[2m332:[0m Received checkpoint summary from state sync [3msequence_number[0m[2m=[0m643
[2m2025-03-25T07:57:02.182688Z[0m [32m INFO[0m [1mnode[0m[1m{[0m[3mname[0m[2m=[0mk#99f25ef6..[1m}[0m[2m:[0m [2msui_core::checkpoints::checkpoint_executor[0m[2m:[0m [2mcrates/sui-core/src/checkpoints/checkpoint_executor/mod.rs[0m[2m:[0m[2m332:[0m Received checkpoint summary from state sync [3msequence_number[0m[2m=[0m644
[2m2025-03-25T07:57:02.182726Z[0m [32m INFO[0m [1mnode[0m[1m{[0m[3mname[0m[2m=[0mk#99f25ef6..[1m}[0m[2m:[0m [2msui_core::checkpoints::checkpoint_executor[0m[2m:[0m [2mcrates/sui-core/src/checkpoints/checkpoint_executor/mod.rs[0m[2m:[0m[2m332:[0m Received checkpoint summary from state sync [3msequence_number[0m[2m=[0m645
[2m2025-03-25T07:57:02.182762Z[0m [32m INFO[0m [1mnode[0m[1m{[0m[3mname[0m[2m=[0mk#99f25ef6..[1m}[0m[2m:[0m [2msui_core::checkpoints::checkpoint_executor[0m[2m:[0m [2mcrates/sui-core/src/checkpoints/checkpoint_executor/mod.rs[0m[2m:[0m[2m332:[0m Received checkpoint summary from state sync [3msequence_number[0m[2m=[0m646
[2m2025-03-25T07:57:02.182798Z[0m [32m INFO[0m [1mnode[0m[1m{[0m[3mname[0m[2m=[0mk#99f25ef6..[1m}[0m[2m:[0m [2msui_core::checkpoints::checkpoint_executor[0m[2m:[0m [2mcrates/sui-core/src/checkpoints/checkpoint_executor/mod.rs[0m[2m:[0m[2m332:[0m Received checkpoint summary from state sync [3msequence_number[0m[2m=[0m647
[2m2025-03-25T07:57:02.182835Z[0m [32m INFO[0m [1mnode[0m[1m{[0m[3mname[0m[2m=[0mk#99f25ef6..[1m}[0m[2m:[0m [2msui_core::checkpoints::checkpoint_executor[0m[2m:[0m [2mcrates/sui-core/src/checkpoints/checkpoint_executor/mod.rs[0m[2m:[0m[2m332:[0m Received checkpoint summary from state sync [3msequence_number[0m[2m=[0m648
[2m2025-03-25T07:57:02.182872Z[0m [32m INFO[0m [1mnode[0m[1m{[0m[3mname[0m[2m=[0mk#99f25ef6..[1m}[0m[2m:[0m [2msui_core::checkpoints::checkpoint_executor[0m[2m:[0m [2mcrates/sui-core/src/checkpoints/checkpoint_executor/mod.rs[0m[2m:[0m[2m332:[0m Received checkpoint summary from state sync [3msequence_number[0m[2m=[0m649
[2m2025-03-25T07:57:02.182910Z[0m [32m INFO[0m [1mnode[0m[1m{[0m[3mname[0m[2m=[0mk#99f25ef6..[1m}[0m[2m:[0m [2msui_core::checkpoints::checkpoint_executor[0m[2m:[0m [2mcrates/sui-core/src/checkpoints/checkpoint_executor/mod.rs[0m[2m:[0m[2m332:[0m Received checkpoint summary from state sync [3msequence_number[0m[2m=[0m650
[2m2025-03-25T07:57:02.182946Z[0m [32m INFO[0m [1mnode[0m[1m{[0m[3mname[0m[2m=[0mk#99f25ef6..[1m}[0m[2m:[0m [2msui_core::checkpoints::checkpoint_executor[0m[2m:[0m [2mcrates/sui-core/src/checkpoints/checkpoint_executor/mod.rs[0m[2m:[0m[2m332:[0m Received checkpoint summary from state sync [3msequence_number[0m[2m=[0m651
[2m2025-03-25T07:57:02.182986Z[0m [32m INFO[0m [1mnode[0m[1m{[0m[3mname[0m[2m=[0mk#99f25ef6..[1m}[0m[2m:[0m [2msui_core::checkpoints::checkpoint_executor[0m[2m:[0m [2mcrates/sui-core/src/checkpoints/checkpoint_executor/mod.rs[0m[2m:[0m[2m332:[0m Received checkpoint summary from state sync [3msequence_number[0m[2m=[0m652
[2m2025-03-25T07:57:02.183023Z[0m [32m INFO[0m [1mnode[0m[1m{[0m[3mname[0m[2m=[0mk#99f25ef6..[1m}[0m[2m:[0m [2msui_core::checkpoints::checkpoint_executor[0m[2m:[0m [2mcrates/sui-core/src/checkpoints/checkpoint_executor/mod.rs[0m[2m:[0m[2m332:[0m Received checkpoint summary from state sync [3msequence_number[0m[2m=[0m653
[2m2025-03-25T07:57:02.183065Z[0m [32m INFO[0m [1mnode[0m[1m{[0m[3mname[0m[2m=[0mk#99f25ef6..[1m}[0m[2m:[0m [2msui_core::checkpoints::checkpoint_executor[0m[2m:[0m [2mcrates/sui-core/src/checkpoints/checkpoint_executor/mod.rs[0m[2m:[0m[2m332:[0m Received checkpoint summary from state sync [3msequence_number[0m[2m=[0m654
[2m2025-03-25T07:57:02.183102Z[0m [32m INFO[0m [1mnode[0m[1m{[0m[3mname[0m[2m=[0mk#99f25ef6..[1m}[0m[2m:[0m [2msui_core::checkpoints::checkpoint_executor[0m[2m:[0m [2mcrates/sui-core/src/checkpoints/checkpoint_executor/mod.rs[0m[2m:[0m[2m332:[0m Received checkpoint summary from state sync [3msequence_number[0m[2m=[0m655
[2m2025-03-25T07:57:02.183138Z[0m [32m INFO[0m [1mnode[0m[1m{[0m[3mname[0m[2m=[0mk#99f25ef6..[1m}[0m[2m:[0m [2msui_core::checkpoints::checkpoint_executor[0m[2m:[0m [2mcrates/sui-core/src/checkpoints/checkpoint_executor/mod.rs[0m[2m:[0m[2m332:[0m Received checkpoint summary from state sync [3msequence_number[0m[2m=[0m656
[2m2025-03-25T07:57:02.183174Z[0m [32m INFO[0m [1mnode[0m[1m{[0m[3mname[0m[2m=[0mk#99f25ef6..[1m}[0m[2m:[0m [2msui_core::checkpoints::checkpoint_executor[0m[2m:[0m [2mcrates/sui-core/src/checkpoints/checkpoint_executor/mod.rs[0m[2m:[0m[2m332:[0m Received checkpoint summary from state sync [3msequence_number[0m[2m=[0m657
[2m2025-03-25T07:57:02.183211Z[0m [32m INFO[0m [1mnode[0m[1m{[0m[3mname[0m[2m=[0mk#99f25ef6..[1m}[0m[2m:[0m [2msui_core::checkpoints::checkpoint_executor[0m[2m:[0m [2mcrates/sui-core/src/checkpoints/checkpoint_executor/mod.rs[0m[2m:[0m[2m332:[0m Received checkpoint summary from state sync [3msequence_number[0m[2m=[0m658
[2m2025-03-25T07:57:02.183247Z[0m [32m INFO[0m [1mnode[0m[1m{[0m[3mname[0m[2m=[0mk#99f25ef6..[1m}[0m[2m:[0m [2msui_core::checkpoints::checkpoint_executor[0m[2m:[0m [2mcrates/sui-core/src/checkpoints/checkpoint_executor/mod.rs[0m[2m:[0m[2m332:[0m Received checkpoint summary from state sync [3msequence_number[0m[2m=[0m659
[2m2025-03-25T07:57:02.183283Z[0m [32m INFO[0m [1mnode[0m[1m{[0m[3mname[0m[2m=[0mk#99f25ef6..[1m}[0m[2m:[0m [2msui_core::checkpoints::checkpoint_executor[0m[2m:[0m [2mcrates/sui-core/src/checkpoints/checkpoint_executor/mod.rs[0m[2m:[0m[2m332:[0m Received checkpoint summary from state sync [3msequence_number[0m[2m=[0m660
[2m2025-03-25T07:57:02.183320Z[0m [32m INFO[0m [1mnode[0m[1m{[0m[3mname[0m[2m=[0mk#99f25ef6..[1m}[0m[2m:[0m [2msui_core::checkpoints::checkpoint_executor[0m[2m:[0m [2mcrates/sui-core/src/checkpoints/checkpoint_executor/mod.rs[0m[2m:[0m[2m332:[0m Received checkpoint summary from state sync [3msequence_number[0m[2m=[0m661
[2m2025-03-25T07:57:02.183357Z[0m [32m INFO[0m [1mnode[0m[1m{[0m[3mname[0m[2m=[0mk#99f25ef6..[1m}[0m[2m:[0m [2msui_core::checkpoints::checkpoint_executor[0m[2m:[0m [2mcrates/sui-core/src/checkpoints/checkpoint_executor/mod.rs[0m[2m:[0m[2m332:[0m Received checkpoint summary from state sync [3msequence_number[0m[2m=[0m662
[2m2025-03-25T07:57:02.183393Z[0m [32m INFO[0m [1mnode[0m[1m{[0m[3mname[0m[2m=[0mk#99f25ef6..[1m}[0m[2m:[0m [2msui_core::checkpoints::checkpoint_executor[0m[2m:[0m [2mcrates/sui-core/src/checkpoints/checkpoint_executor/mod.rs[0m[2m:[0m[2m332:[0m Received checkpoint summary from state sync [3msequence_number[0m[2m=[0m663
[2m2025-03-25T07:57:02.183429Z[0m [32m INFO[0m [1mnode[0m[1m{[0m[3mname[0m[2m=[0mk#99f25ef6..[1m}[0m[2m:[0m [2msui_core::checkpoints::checkpoint_executor[0m[2m:[0m [2mcrates/sui-core/src/checkpoints/checkpoint_executor/mod.rs[0m[2m:[0m[2m332:[0m Received checkpoint summary from state sync [3msequence_number[0m[2m=[0m664
[2m2025-03-25T07:57:02.183466Z[0m [32m INFO[0m [1mnode[0m[1m{[0m[3mname[0m[2m=[0mk#99f25ef6..[1m}[0m[2m:[0m [2msui_core::checkpoints::checkpoint_executor[0m[2m:[0m [2mcrates/sui-core/src/checkpoints/checkpoint_executor/mod.rs[0m[2m:[0m[2m332:[0m Received checkpoint summary from state sync [3msequence_number[0m[2m=[0m665
[2m2025-03-25T07:57:02.183502Z[0m [32m INFO[0m [1mnode[0m[1m{[0m[3mname[0m[2m=[0mk#99f25ef6..[1m}[0m[2m:[0m [2msui_core::checkpoints::checkpoint_executor[0m[2m:[0m [2mcrates/sui-core/src/checkpoints/checkpoint_executor/mod.rs[0m[2m:[0m[2m332:[0m Received checkpoint summary from state sync [3msequence_number[0m[2m=[0m666
[2m2025-03-25T07:57:02.183540Z[0m [32m INFO[0m [1mnode[0m[1m{[0m[3mname[0m[2m=[0mk#99f25ef6..[1m}[0m[2m:[0m [2msui_core::checkpoints::checkpoint_executor[0m[2m:[0m [2mcrates/sui-core/src/checkpoints/checkpoint_executor/mod.rs[0m[2m:[0m[2m332:[0m Received checkpoint summary from state sync [3msequence_number[0m[2m=[0m667
[2m2025-03-25T07:57:02.183576Z[0m [32m INFO[0m [1mnode[0m[1m{[0m[3mname[0m[2m=[0mk#99f25ef6..[1m}[0m[2m:[0m [2msui_core::checkpoints::checkpoint_executor[0m[2m:[0m [2mcrates/sui-core/src/checkpoints/checkpoint_executor/mod.rs[0m[2m:[0m[2m332:[0m Received checkpoint summary from state sync [3msequence_number[0m[2m=[0m668
[2m2025-03-25T07:57:02.183613Z[0m [32m INFO[0m [1mnode[0m[1m{[0m[3mname[0m[2m=[0mk#99f25ef6..[1m}[0m[2m:[0m [2msui_core::checkpoints::checkpoint_executor[0m[2m:[0m [2mcrates/sui-core/src/checkpoints/checkpoint_executor/mod.rs[0m[2m:[0m[2m332:[0m Received checkpoint summary from state sync [3msequence_number[0m[2m=[0m669
[2m2025-03-25T07:57:02.183649Z[0m [32m INFO[0m [1mnode[0m[1m{[0m[3mname[0m[2m=[0mk#99f25ef6..[1m}[0m[2m:[0m [2msui_core::checkpoints::checkpoint_executor[0m[2m:[0m [2mcrates/sui-core/src/checkpoints/checkpoint_executor/mod.rs[0m[2m:[0m[2m332:[0m Received checkpoint summary from state sync [3msequence_number[0m[2m=[0m670
[2m2025-03-25T07:57:02.183685Z[0m [32m INFO[0m [1mnode[0m[1m{[0m[3mname[0m[2m=[0mk#99f25ef6..[1m}[0m[2m:[0m [2msui_core::checkpoints::checkpoint_executor[0m[2m:[0m [2mcrates/sui-core/src/checkpoints/checkpoint_executor/mod.rs[0m[2m:[0m[2m332:[0m Received checkpoint summary from state sync [3msequence_number[0m[2m=[0m671
[2m2025-03-25T07:57:02.183722Z[0m [32m INFO[0m [1mnode[0m[1m{[0m[3mname[0m[2m=[0mk#99f25ef6..[1m}[0m[2m:[0m [2msui_core::checkpoints::checkpoint_executor[0m[2m:[0m [2mcrates/sui-core/src/checkpoints/checkpoint_executor/mod.rs[0m[2m:[0m[2m332:[0m Received checkpoint summary from state sync [3msequence_number[0m[2m=[0m672
[2m2025-03-25T07:57:02.183759Z[0m [32m INFO[0m [1mnode[0m[1m{[0m[3mname[0m[2m=[0mk#99f25ef6..[1m}[0m[2m:[0m [2msui_core::checkpoints::checkpoint_executor[0m[2m:[0m [2mcrates/sui-core/src/checkpoints/checkpoint_executor/mod.rs[0m[2m:[0m[2m332:[0m Received checkpoint summary from state sync [3msequence_number[0m[2m=[0m673
[2m2025-03-25T07:57:02.183797Z[0m [32m INFO[0m [1mnode[0m[1m{[0m[3mname[0m[2m=[0mk#99f25ef6..[1m}[0m[2m:[0m [2msui_core::checkpoints::checkpoint_executor[0m[2m:[0m [2mcrates/sui-core/src/checkpoints/checkpoint_executor/mod.rs[0m[2m:[0m[2m332:[0m Received checkpoint summary from state sync [3msequence_number[0m[2m=[0m674
[2m2025-03-25T07:57:02.183834Z[0m [32m INFO[0m [1mnode[0m[1m{[0m[3mname[0m[2m=[0mk#99f25ef6..[1m}[0m[2m:[0m [2msui_core::checkpoints::checkpoint_executor[0m[2m:[0m [2mcrates/sui-core/src/checkpoints/checkpoint_executor/mod.rs[0m[2m:[0m[2m332:[0m Received checkpoint summary from state sync [3msequence_number[0m[2m=[0m675
[2m2025-03-25T07:57:02.183872Z[0m [32m INFO[0m [1mnode[0m[1m{[0m[3mname[0m[2m=[0mk#99f25ef6..[1m}[0m[2m:[0m [2msui_core::checkpoints::checkpoint_executor[0m[2m:[0m [2mcrates/sui-core/src/checkpoints/checkpoint_executor/mod.rs[0m[2m:[0m[2m332:[0m Received checkpoint summary from state sync [3msequence_number[0m[2m=[0m676
[2m2025-03-25T07:57:02.184687Z[0m [32m INFO[0m [1mnode[0m[1m{[0m[3mname[0m[2m=[0mk#99f25ef6..[1m}[0m[2m:[0m [2msui_core::state_accumulator[0m[2m:[0m [2mcrates/sui-core/src/state_accumulator.rs[0m[2m:[0m[2m675:[0m accumulating running root for checkpoint 676
[2m2025-03-25T07:57:02.315312Z[0m [33m WARN[0m [1mnode[0m[1m{[0m[3mname[0m[2m=[0mk#99f25ef6..[1m}[0m[2m:[0m[1mjwk_updater_task[0m[1m{[0m[3mepoch[0m[2m=[0m1[1m}[0m[2m:[0m [2msui_node[0m[2m:[0m [2mcrates/sui-node/src/lib.rs[0m[2m:[0m[2m381:[0m Error when fetching JWK for provider Arden JWKRetrievalError
[2m2025-03-25T07:57:02.398891Z[0m [32m INFO[0m [1mnode[0m[1m{[0m[3mname[0m[2m=[0mk#99f25ef6..[1m}[0m[2m:[0m [2mconsensus_core::core[0m[2m:[0m [2mconsensus/core/src/core.rs[0m[2m:[0m[2m945:[0m Included 2 ancestors & excluded 0 ancestors for proposal in round 478
[2m2025-03-25T07:57:02.399340Z[0m [32m INFO[0m [1mnode[0m[1m{[0m[3mname[0m[2m=[0mk#addeef94..[1m}[0m[2m:[0m [2mconsensus_core::core[0m[2m:[0m [2mconsensus/core/src/core.rs[0m[2m:[0m[2m945:[0m Included 2 ancestors & excluded 0 ancestors for proposal in round 478
[2m2025-03-25T07:57:02.399336Z[0m [32m INFO[0m [1mnode[0m[1m{[0m[3mname[0m[2m=[0mk#99f25ef6..[1m}[0m[2m:[0m [2mconsensus_core::core[0m[2m:[0m [2mconsensus/core/src/core.rs[0m[2m:[0m[2m531:[0m Created block B478(B,zpPGFSx5uwdhPAix51r7Tc+2k+kFZVd+X9JBVFAQ+js=)(1742889422399ms;[B477(B,loS+L20QFHYPriW72fuEB8kYtlAdkp9P+C+QWPc/H8c=), B477(C,ZObRjaC5+DPPemt8KKpJx5v3DEQqyeZLRs6xk8a/IjM=)];1t;1c) for round 478
[2m2025-03-25T07:57:02.399651Z[0m [32m INFO[0m [1mnode[0m[1m{[0m[3mname[0m[2m=[0mk#addeef94..[1m}[0m[2m:[0m [2mconsensus_core::core[0m[2m:[0m [2mconsensus/core/src/core.rs[0m[2m:[0m[2m531:[0m Created block B478(C,VLfOkgkaPdn7M6juP7hxGX9RPe/Wa9r4f1zgf6OoUDg=)(1742889422399ms;[B477(C,ZObRjaC5+DPPemt8KKpJx5v3DEQqyeZLRs6xk8a/IjM=), B477(B,loS+L20QFHYPriW72fuEB8kYtlAdkp9P+C+QWPc/H8c=)];1t;1c) for round 478
[2m2025-03-25T07:57:02.401399Z[0m [32m INFO[0m [1mnode[0m[1m{[0m[3mname[0m[2m=[0mk#99f25ef6..[1m}[0m[2m:[0m [2mconsensus_core::core[0m[2m:[0m [2mconsensus/core/src/core.rs[0m[2m:[0m[2m630:[0m Committing 1 leaders: B476(A,oPwl)
[2m2025-03-25T07:57:02.401399Z[0m [32m INFO[0m [1mnode[0m[1m{[0m[3mname[0m[2m=[0mk#addeef94..[1m}[0m[2m:[0m [2mconsensus_core::core[0m[2m:[0m [2mconsensus/core/src/core.rs[0m[2m:[0m[2m630:[0m Committing 1 leaders: B476(A,oPwl)
[2m2025-03-25T07:57:02.401501Z[0m [32m INFO[0m [1mnode[0m[1m{[0m[3mname[0m[2m=[0mk#99f25ef6..[1m}[0m[2m:[0m [2mconsensus_core::commit_observer[0m[2m:[0m [2mconsensus/core/src/commit_observer.rs[0m[2m:[0m[2m173:[0m Consensus commit C465(5Wgh) with leader B476(A,oPwl) has 2 blocks
[2m2025-03-25T07:57:02.401503Z[0m [32m INFO[0m [1mnode[0m[1m{[0m[3mname[0m[2m=[0mk#addeef94..[1m}[0m[2m:[0m [2mconsensus_core::commit_observer[0m[2m:[0m [2mconsensus/core/src/commit_observer.rs[0m[2m:[0m[2m173:[0m Consensus commit C465(5Wgh) with leader B476(A,oPwl) has 2 blocks
[2m2025-03-25T07:57:02.401584Z[0m [32m INFO[0m [1mnode[0m[1m{[0m[3mname[0m[2m=[0mk#99f25ef6..[1m}[0m[2m:[0m [2msui_core::consensus_handler[0m[2m:[0m [2mcrates/sui-core/src/consensus_handler.rs[0m[2m:[0m[2m232:[0m Received consensus output [3mconsensus_commit[0m[2m=[0mCommittedSubDag(leader=B476(A,oPwl), ref=C465(5Wgh), blocks=[RQ6L, oPwl]) [3mepoch[0m[2m=[0m1
[2m2025-03-25T07:57:02.401584Z[0m [32m INFO[0m [1mnode[0m[1m{[0m[3mname[0m[2m=[0mk#addeef94..[1m}[0m[2m:[0m [2msui_core::consensus_handler[0m[2m:[0m [2mcrates/sui-core/src/consensus_handler.rs[0m[2m:[0m[2m232:[0m Received consensus output [3mconsensus_commit[0m[2m=[0mCommittedSubDag(leader=B476(A,oPwl), ref=C465(5Wgh), blocks=[RQ6L, oPwl]) [3mepoch[0m[2m=[0m1
[2m2025-03-25T07:57:02.402624Z[0m [32m INFO[0m [1mnode[0m[1m{[0m[3mname[0m[2m=[0mk#8dcff6d1..[1m}[0m[2m:[0m [2mconsensus_core::core[0m[2m:[0m [2mconsensus/core/src/core.rs[0m[2m:[0m[2m945:[0m Included 3 ancestors & excluded 0 ancestors for proposal in round 478
[2m2025-03-25T07:57:02.402957Z[0m [32m INFO[0m [1mnode[0m[1m{[0m[3mname[0m[2m=[0mk#8dcff6d1..[1m}[0m[2m:[0m [2mconsensus_core::core[0m[2m:[0m [2mconsensus/core/src/core.rs[0m[2m:[0m[2m531:[0m Created block B478(A,YMOvJJHvRIitaP7XNwosA1y31VYKaVlBP/0y1/fyTG4=)(1742889422402ms;[B476(A,oPwlLJvOuKSK5szhe4l6pkTsp1q16orAh03qU93KVUQ=), B477(B,loS+L20QFHYPriW72fuEB8kYtlAdkp9P+C+QWPc/H8c=), B477(C,ZObRjaC5+DPPemt8KKpJx5v3DEQqyeZLRs6xk8a/IjM=)];2t;2c) for round 478
[2m2025-03-25T07:57:02.403092Z[0m [32m INFO[0m [1mnode[0m[1m{[0m[3mname[0m[2m=[0mk#8dcff6d1..[1m}[0m[2m:[0m [2mconsensus_core::core[0m[2m:[0m [2mconsensus/core/src/core.rs[0m[2m:[0m[2m630:[0m Committing 1 leaders: B476(A,oPwl)
[2m2025-03-25T07:57:02.403172Z[0m [32m INFO[0m [1mnode[0m[1m{[0m[3mname[0m[2m=[0mk#8dcff6d1..[1m}[0m[2m:[0m [2mconsensus_core::commit_observer[0m[2m:[0m [2mconsensus/core/src/commit_observer.rs[0m[2m:[0m[2m173:[0m Consensus commit C465(5Wgh) with leader B476(A,oPwl) has 2 blocks
[2m2025-03-25T07:57:02.404279Z[0m [32m INFO[0m [1mnode[0m[1m{[0m[3mname[0m[2m=[0mk#8dcff6d1..[1m}[0m[2m:[0m [2msui_core::checkpoints::checkpoint_output[0m[2m:[0m [2mcrates/sui-core/src/checkpoints/checkpoint_output.rs[0m[2m:[0m[2m196:[0m Certified checkpoint with sequence 677 and digest FUnD9BNFEweFatvpgLUXZ6Je5LxZmeYS8WVHtUqYmBjS
[2m2025-03-25T07:57:02.404359Z[0m [32m INFO[0m [1mnode[0m[1m{[0m[3mname[0m[2m=[0mk#8dcff6d1..[1m}[0m[2m:[0m [2msui_core::consensus_handler[0m[2m:[0m [2mcrates/sui-core/src/consensus_handler.rs[0m[2m:[0m[2m232:[0m Received consensus output [3mconsensus_commit[0m[2m=[0mCommittedSubDag(leader=B476(A,oPwl), ref=C465(5Wgh), blocks=[RQ6L, oPwl]) [3mepoch[0m[2m=[0m1
[2m2025-03-25T07:57:02.417235Z[0m [32m INFO[0m [1mnode[0m[1m{[0m[3mname[0m[2m=[0mk#8dcff6d1..[1m}[0m[2m:[0m [2msui_core::checkpoints::checkpoint_executor[0m[2m:[0m [2mcrates/sui-core/src/checkpoints/checkpoint_executor/mod.rs[0m[2m:[0m[2m332:[0m Received checkpoint summary from state sync [3msequence_number[0m[2m=[0m677
[2m2025-03-25T07:57:02.425680Z[0m [32m INFO[0m [1mnode[0m[1m{[0m[3mname[0m[2m=[0mk#8dcff6d1..[1m}[0m[2m:[0m [2msui_core::state_accumulator[0m[2m:[0m [2mcrates/sui-core/src/state_accumulator.rs[0m[2m:[0m[2m675:[0m accumulating running root for checkpoint 677
[2m2025-03-25T07:57:02.448848Z[0m [32m INFO[0m [1mnode[0m[1m{[0m[3mname[0m[2m=[0mk#99f25ef6..[1m}[0m[2m:[0m [2msui_core::checkpoints[0m[2m:[0m [2mcrates/sui-core/src/checkpoints/mod.rs[0m[2m:[0m[2m1326:[0m Creating checkpoint(s) for 1 transactions [3mnext_checkpoint_seq[0m[2m=[0m678 [3mcheckpoint_timestamp[0m[2m=[0m1742889421930
[2m2025-03-25T07:57:02.448848Z[0m [32m INFO[0m [1mnode[0m[1m{[0m[3mname[0m[2m=[0mk#addeef94..[1m}[0m[2m:[0m [2msui_core::checkpoints[0m[2m:[0m [2mcrates/sui-core/src/checkpoints/mod.rs[0m[2m:[0m[2m1326:[0m Creating checkpoint(s) for 1 transactions [3mnext_checkpoint_seq[0m[2m=[0m678 [3mcheckpoint_timestamp[0m[2m=[0m1742889421930
[2m2025-03-25T07:57:02.449076Z[0m [32m INFO[0m [1mnode[0m[1m{[0m[3mname[0m[2m=[0mk#99f25ef6..[1m}[0m[2m:[0m [2msui_core::checkpoints::checkpoint_output[0m[2m:[0m [2mcrates/sui-core/src/checkpoints/checkpoint_output.rs[0m[2m:[0m[2m149:[0m Creating checkpoint CheckpointDigest(BraVCMPChV8KF1Grjog1mnmpWjZ19fez3oyy9t93p2CH) at epoch 1, sequence 678, previous digest Some(CheckpointDigest(FUnD9BNFEweFatvpgLUXZ6Je5LxZmeYS8WVHtUqYmBjS)), transactions count 1, content digest CheckpointContentsDigest(3w2UFFD7zEuxJPo36DpUZqDohPZ6pNwPcGnHkN7Vah1w), end_of_epoch_data None
[2m2025-03-25T07:57:02.449076Z[0m [32m INFO[0m [1mnode[0m[1m{[0m[3mname[0m[2m=[0mk#addeef94..[1m}[0m[2m:[0m [2msui_core::checkpoints::checkpoint_output[0m[2m:[0m [2mcrates/sui-core/src/checkpoints/checkpoint_output.rs[0m[2m:[0m[2m149:[0m Creating checkpoint CheckpointDigest(BraVCMPChV8KF1Grjog1mnmpWjZ19fez3oyy9t93p2CH) at epoch 1, sequence 678, previous digest Some(CheckpointDigest(FUnD9BNFEweFatvpgLUXZ6Je5LxZmeYS8WVHtUqYmBjS)), transactions count 1, content digest CheckpointContentsDigest(3w2UFFD7zEuxJPo36DpUZqDohPZ6pNwPcGnHkN7Vah1w), end_of_epoch_data None
[2m2025-03-25T07:57:02.451270Z[0m [32m INFO[0m [1mnode[0m[1m{[0m[3mname[0m[2m=[0mk#8dcff6d1..[1m}[0m[2m:[0m [2msui_core::checkpoints[0m[2m:[0m [2mcrates/sui-core/src/checkpoints/mod.rs[0m[2m:[0m[2m1326:[0m Creating checkpoint(s) for 1 transactions [3mnext_checkpoint_seq[0m[2m=[0m678 [3mcheckpoint_timestamp[0m[2m=[0m1742889421930
[2m2025-03-25T07:57:02.451444Z[0m [32m INFO[0m [1mnode[0m[1m{[0m[3mname[0m[2m=[0mk#8dcff6d1..[1m}[0m[2m:[0m [2msui_core::checkpoints::checkpoint_output[0m[2m:[0m [2mcrates/sui-core/src/checkpoints/checkpoint_output.rs[0m[2m:[0m[2m149:[0m Creating checkpoint CheckpointDigest(BraVCMPChV8KF1Grjog1mnmpWjZ19fez3oyy9t93p2CH) at epoch 1, sequence 678, previous digest Some(CheckpointDigest(FUnD9BNFEweFatvpgLUXZ6Je5LxZmeYS8WVHtUqYmBjS)), transactions count 1, content digest CheckpointContentsDigest(3w2UFFD7zEuxJPo36DpUZqDohPZ6pNwPcGnHkN7Vah1w), end_of_epoch_data None
[2m2025-03-25T07:57:02.452795Z[0m [32m INFO[0m [1mnode[0m[1m{[0m[3mname[0m[2m=[0mk#99f25ef6..[1m}[0m[2m:[0m [2msui_core::checkpoints::checkpoint_output[0m[2m:[0m [2mcrates/sui-core/src/checkpoints/checkpoint_output.rs[0m[2m:[0m[2m196:[0m Certified checkpoint with sequence 677 and digest FUnD9BNFEweFatvpgLUXZ6Je5LxZmeYS8WVHtUqYmBjS
[2m2025-03-25T07:57:02.459095Z[0m [32m INFO[0m [1mnode[0m[1m{[0m[3mname[0m[2m=[0mk#99f25ef6..[1m}[0m[2m:[0m [2msui_core::checkpoints::checkpoint_executor[0m[2m:[0m [2mcrates/sui-core/src/checkpoints/checkpoint_executor/mod.rs[0m[2m:[0m[2m332:[0m Received checkpoint summary from state sync [3msequence_number[0m[2m=[0m677
[2m2025-03-25T07:57:02.474592Z[0m [32m INFO[0m [1mnode[0m[1m{[0m[3mname[0m[2m=[0mk#99f25ef6..[1m}[0m[2m:[0m [2msui_core::state_accumulator[0m[2m:[0m [2mcrates/sui-core/src/state_accumulator.rs[0m[2m:[0m[2m675:[0m accumulating running root for checkpoint 677
[2m2025-03-25T07:57:02.518515Z[0m [32m INFO[0m [1mnode[0m[1m{[0m[3mname[0m[2m=[0mk#addeef94..[1m}[0m[2m:[0m [2msui_core::checkpoints::checkpoint_executor[0m[2m:[0m [2mcrates/sui-core/src/checkpoints/checkpoint_executor/mod.rs[0m[2m:[0m[2m332:[0m Received checkpoint summary from state sync [3msequence_number[0m[2m=[0m677
[2m2025-03-25T07:57:02.519876Z[0m [32m INFO[0m [1mnode[0m[1m{[0m[3mname[0m[2m=[0mk#addeef94..[1m}[0m[2m:[0m [2msui_core::state_accumulator[0m[2m:[0m [2mcrates/sui-core/src/state_accumulator.rs[0m[2m:[0m[2m675:[0m accumulating running root for checkpoint 677
[2m2025-03-25T07:57:02.578720Z[0m [33m WARN[0m [1mnode[0m[1m{[0m[3mname[0m[2m=[0mk#99f25ef6..[1m}[0m[2m:[0m[1mjwk_updater_task[0m[1m{[0m[3mepoch[0m[2m=[0m1[1m}[0m[2m:[0m [2msui_node[0m[2m:[0m [2mcrates/sui-node/src/lib.rs[0m[2m:[0m[2m381:[0m Error when fetching JWK for provider AwsTenant(("us-east-1", "us-east-1_LPSLCkC3A")) JWKRetrievalError
[2m2025-03-25T07:57:02.641754Z[0m [33m WARN[0m [1mnode[0m[1m{[0m[3mname[0m[2m=[0mk#addeef94..[1m}[0m[2m:[0m[1mjwk_updater_task[0m[1m{[0m[3mepoch[0m[2m=[0m1[1m}[0m[2m:[0m [2msui_node[0m[2m:[0m [2mcrates/sui-node/src/lib.rs[0m[2m:[0m[2m381:[0m Error when fetching JWK for provider AwsTenant(("us-east-1", "us-east-1_LPSLCkC3A")) JWKRetrievalError
[2m2025-03-25T07:57:02.652447Z[0m [32m INFO[0m [1mnode[0m[1m{[0m[3mname[0m[2m=[0mk#99f25ef6..[1m}[0m[2m:[0m [2mconsensus_core::core[0m[2m:[0m [2mconsensus/core/src/core.rs[0m[2m:[0m[2m945:[0m Included 3 ancestors & excluded 0 ancestors for proposal in round 479
[2m2025-03-25T07:57:02.652833Z[0m [32m INFO[0m [1mnode[0m[1m{[0m[3mname[0m[2m=[0mk#99f25ef6..[1m}[0m[2m:[0m [2mconsensus_core::core[0m[2m:[0m [2mconsensus/core/src/core.rs[0m[2m:[0m[2m531:[0m Created block B479(B,wtjkFHLEJNzILHexuvAdcCPcnf+a22auataxYn4LaNo=)(1742889422652ms;[B478(B,zpPGFSx5uwdhPAix51r7Tc+2k+kFZVd+X9JBVFAQ+js=), B478(A,YMOvJJHvRIitaP7XNwosA1y31VYKaVlBP/0y1/fyTG4=), B478(C,VLfOkgkaPdn7M6juP7hxGX9RPe/Wa9r4f1zgf6OoUDg=)];1t;1c) for round 479
[2m2025-03-25T07:57:02.653041Z[0m [32m INFO[0m [1mnode[0m[1m{[0m[3mname[0m[2m=[0mk#addeef94..[1m}[0m[2m:[0m [2mconsensus_core::core[0m[2m:[0m [2mconsensus/core/src/core.rs[0m[2m:[0m[2m945:[0m Included 3 ancestors & excluded 0 ancestors for proposal in round 479
[2m2025-03-25T07:57:02.653356Z[0m [32m INFO[0m [1mnode[0m[1m{[0m[3mname[0m[2m=[0mk#addeef94..[1m}[0m[2m:[0m [2mconsensus_core::core[0m[2m:[0m [2mconsensus/core/src/core.rs[0m[2m:[0m[2m531:[0m Created block B479(C,kehgKgt1/jhyz6AX7NQWOFx9Gfy6UpAAC0epZQV9RAo=)(1742889422653ms;[B478(C,VLfOkgkaPdn7M6juP7hxGX9RPe/Wa9r4f1zgf6OoUDg=), B478(A,YMOvJJHvRIitaP7XNwosA1y31VYKaVlBP/0y1/fyTG4=), B478(B,zpPGFSx5uwdhPAix51r7Tc+2k+kFZVd+X9JBVFAQ+js=)];1t;1c) for round 479
[2m2025-03-25T07:57:02.656917Z[0m [32m INFO[0m [1mnode[0m[1m{[0m[3mname[0m[2m=[0mk#8dcff6d1..[1m}[0m[2m:[0m [2msui_core::checkpoints::checkpoint_output[0m[2m:[0m [2mcrates/sui-core/src/checkpoints/checkpoint_output.rs[0m[2m:[0m[2m196:[0m Certified checkpoint with sequence 678 and digest BraVCMPChV8KF1Grjog1mnmpWjZ19fez3oyy9t93p2CH
[2m2025-03-25T07:57:02.657395Z[0m [32m INFO[0m [1mnode[0m[1m{[0m[3mname[0m[2m=[0mk#8dcff6d1..[1m}[0m[2m:[0m [2msui_core::checkpoints::checkpoint_executor[0m[2m:[0m [2mcrates/sui-core/src/checkpoints/checkpoint_executor/mod.rs[0m[2m:[0m[2m332:[0m Received checkpoint summary from state sync [3msequence_number[0m[2m=[0m678
[2m2025-03-25T07:57:02.658670Z[0m [32m INFO[0m [1mnode[0m[1m{[0m[3mname[0m[2m=[0mk#8dcff6d1..[1m}[0m[2m:[0m [2msui_core::state_accumulator[0m[2m:[0m [2mcrates/sui-core/src/state_accumulator.rs[0m[2m:[0m[2m675:[0m accumulating running root for checkpoint 678
[2m2025-03-25T07:57:02.660594Z[0m [32m INFO[0m [1mnode[0m[1m{[0m[3mname[0m[2m=[0mk#addeef94..[1m}[0m[2m:[0m [2msui_core::checkpoints::checkpoint_executor[0m[2m:[0m [2mcrates/sui-core/src/checkpoints/checkpoint_executor/mod.rs[0m[2m:[0m[2m332:[0m Received checkpoint summary from state sync [3msequence_number[0m[2m=[0m678
[2m2025-03-25T07:57:02.660642Z[0m [32m INFO[0m [1mnode[0m[1m{[0m[3mname[0m[2m=[0mk#99f25ef6..[1m}[0m[2m:[0m [2msui_core::checkpoints::checkpoint_executor[0m[2m:[0m [2mcrates/sui-core/src/checkpoints/checkpoint_executor/mod.rs[0m[2m:[0m[2m332:[0m Received checkpoint summary from state sync [3msequence_number[0m[2m=[0m677
[2m2025-03-25T07:57:02.660727Z[0m [32m INFO[0m [1mnode[0m[1m{[0m[3mname[0m[2m=[0mk#99f25ef6..[1m}[0m[2m:[0m [2msui_core::checkpoints::checkpoint_executor[0m[2m:[0m [2mcrates/sui-core/src/checkpoints/checkpoint_executor/mod.rs[0m[2m:[0m[2m332:[0m Received checkpoint summary from state sync [3msequence_number[0m[2m=[0m678
[2m2025-03-25T07:57:02.661380Z[0m [32m INFO[0m [1mnode[0m[1m{[0m[3mname[0m[2m=[0mk#addeef94..[1m}[0m[2m:[0m [2msui_core::state_accumulator[0m[2m:[0m [2mcrates/sui-core/src/state_accumulator.rs[0m[2m:[0m[2m675:[0m accumulating running root for checkpoint 678
[2m2025-03-25T07:57:02.661420Z[0m [32m INFO[0m [1mnode[0m[1m{[0m[3mname[0m[2m=[0mk#99f25ef6..[1m}[0m[2m:[0m [2msui_core::state_accumulator[0m[2m:[0m [2mcrates/sui-core/src/state_accumulator.rs[0m[2m:[0m[2m675:[0m accumulating running root for checkpoint 678
[2m2025-03-25T07:57:02.707341Z[0m [33m WARN[0m [1mnode[0m[1m{[0m[3mname[0m[2m=[0mk#8dcff6d1..[1m}[0m[2m:[0m[1mjwk_updater_task[0m[1m{[0m[3mepoch[0m[2m=[0m1[1m}[0m[2m:[0m [2msui_node[0m[2m:[0m [2mcrates/sui-node/src/lib.rs[0m[2m:[0m[2m381:[0m Error when fetching JWK for provider AwsTenant(("us-east-1", "us-east-1_LPSLCkC3A")) JWKRetrievalError
[2m2025-03-25T07:57:02.720093Z[0m [33m WARN[0m [1mnode[0m[1m{[0m[3mname[0m[2m=[0mk#8dcff6d1..[1m}[0m[2m:[0m[1mjwk_updater_task[0m[1m{[0m[3mepoch[0m[2m=[0m1[1m}[0m[2m:[0m [2msui_node[0m[2m:[0m [2mcrates/sui-node/src/lib.rs[0m[2m:[0m[2m381:[0m Error when fetching JWK for provider Arden JWKRetrievalError
[2m2025-03-25T07:57:02.806428Z[0m [33m WARN[0m [1mnode[0m[1m{[0m[3mname[0m[2m=[0mk#addeef94..[1m}[0m[2m:[0m[1mjwk_updater_task[0m[1m{[0m[3mepoch[0m[2m=[0m1[1m}[0m[2m:[0m [2msui_node[0m[2m:[0m [2mcrates/sui-node/src/lib.rs[0m[2m:[0m[2m381:[0m Error when fetching JWK for provider Arden JWKRetrievalError
[2m2025-03-25T07:57:02.907577Z[0m [32m INFO[0m [1mnode[0m[1m{[0m[3mname[0m[2m=[0mk#addeef94..[1m}[0m[2m:[0m [2mconsensus_core::core[0m[2m:[0m [2mconsensus/core/src/core.rs[0m[2m:[0m[2m945:[0m Included 2 ancestors & excluded 0 ancestors for proposal in round 480
[2m2025-03-25T07:57:02.907629Z[0m [32m INFO[0m [1mnode[0m[1m{[0m[3mname[0m[2m=[0mk#99f25ef6..[1m}[0m[2m:[0m [2mconsensus_core::core[0m[2m:[0m [2mconsensus/core/src/core.rs[0m[2m:[0m[2m945:[0m Included 2 ancestors & excluded 0 ancestors for proposal in round 480
[2m2025-03-25T07:57:02.907967Z[0m [32m INFO[0m [1mnode[0m[1m{[0m[3mname[0m[2m=[0mk#addeef94..[1m}[0m[2m:[0m [2mconsensus_core::core[0m[2m:[0m [2mconsensus/core/src/core.rs[0m[2m:[0m[2m531:[0m Created block B480(C,Dq1kY3BSOslfx9nho6do5JAroh22fKbEsWzEPKS3Mrw=)(1742889422907ms;[B479(C,kehgKgt1/jhyz6AX7NQWOFx9Gfy6UpAAC0epZQV9RAo=), B479(B,wtjkFHLEJNzILHexuvAdcCPcnf+a22auataxYn4LaNo=)];0t;0c) for round 480
[2m2025-03-25T07:57:02.907967Z[0m [32m INFO[0m [1mnode[0m[1m{[0m[3mname[0m[2m=[0mk#99f25ef6..[1m}[0m[2m:[0m [2mconsensus_core::core[0m[2m:[0m [2mconsensus/core/src/core.rs[0m[2m:[0m[2m531:[0m Created block B480(B,1D6qjuweXRz8ixuiKk8neb5JXem8G2AvtUwLSupTts0=)(1742889422907ms;[B479(B,wtjkFHLEJNzILHexuvAdcCPcnf+a22auataxYn4LaNo=), B479(C,kehgKgt1/jhyz6AX7NQWOFx9Gfy6UpAAC0epZQV9RAo=)];0t;0c) for round 480
[2m2025-03-25T07:57:02.908735Z[0m [32m INFO[0m [1mnode[0m[1m{[0m[3mname[0m[2m=[0mk#addeef94..[1m}[0m[2m:[0m [2mconsensus_core::core[0m[2m:[0m [2mconsensus/core/src/core.rs[0m[2m:[0m[2m630:[0m Committing 1 leaders: B478(B,zpPG)
[2m2025-03-25T07:57:02.908735Z[0m [32m INFO[0m [1mnode[0m[1m{[0m[3mname[0m[2m=[0mk#99f25ef6..[1m}[0m[2m:[0m [2mconsensus_core::core[0m[2m:[0m [2mconsensus/core/src/core.rs[0m[2m:[0m[2m630:[0m Committing 1 leaders: B478(B,zpPG)
[2m2025-03-25T07:57:02.908840Z[0m [32m INFO[0m [1mnode[0m[1m{[0m[3mname[0m[2m=[0mk#addeef94..[1m}[0m[2m:[0m [2mconsensus_core::commit_observer[0m[2m:[0m [2mconsensus/core/src/commit_observer.rs[0m[2m:[0m[2m173:[0m Consensus commit C466(WCIU) with leader B478(B,zpPG) has 5 blocks
[2m2025-03-25T07:57:02.908840Z[0m [32m INFO[0m [1mnode[0m[1m{[0m[3mname[0m[2m=[0mk#99f25ef6..[1m}[0m[2m:[0m [2mconsensus_core::commit_observer[0m[2m:[0m [2mconsensus/core/src/commit_observer.rs[0m[2m:[0m[2m173:[0m Consensus commit C466(WCIU) with leader B478(B,zpPG) has 5 blocks
[2m2025-03-25T07:57:02.908937Z[0m [32m INFO[0m [1mnode[0m[1m{[0m[3mname[0m[2m=[0mk#99f25ef6..[1m}[0m[2m:[0m [2msui_core::consensus_handler[0m[2m:[0m [2mcrates/sui-core/src/consensus_handler.rs[0m[2m:[0m[2m232:[0m Received consensus output [3mconsensus_commit[0m[2m=[0mCommittedSubDag(leader=B478(B,zpPG), ref=C466(WCIU), blocks=[PaGP, PpFw, loS+, ZObR, zpPG]) [3mepoch[0m[2m=[0m1
[2m2025-03-25T07:57:02.908937Z[0m [32m INFO[0m [1mnode[0m[1m{[0m[3mname[0m[2m=[0mk#addeef94..[1m}[0m[2m:[0m [2msui_core::consensus_handler[0m[2m:[0m [2mcrates/sui-core/src/consensus_handler.rs[0m[2m:[0m[2m232:[0m Received consensus output [3mconsensus_commit[0m[2m=[0mCommittedSubDag(leader=B478(B,zpPG), ref=C466(WCIU), blocks=[PaGP, PpFw, loS+, ZObR, zpPG]) [3mepoch[0m[2m=[0m1
[2m2025-03-25T07:57:02.908959Z[0m [32m INFO[0m [1mnode[0m[1m{[0m[3mname[0m[2m=[0mk#8dcff6d1..[1m}[0m[2m:[0m [2mconsensus_core::core[0m[2m:[0m [2mconsensus/core/src/core.rs[0m[2m:[0m[2m945:[0m Included 3 ancestors & excluded 0 ancestors for proposal in round 480
[2m2025-03-25T07:57:02.909278Z[0m [32m INFO[0m [1mnode[0m[1m{[0m[3mname[0m[2m=[0mk#8dcff6d1..[1m}[0m[2m:[0m [2mconsensus_core::core[0m[2m:[0m [2mconsensus/core/src/core.rs[0m[2m:[0m[2m531:[0m Created block B480(A,6Pr6eqgzaCtoWga/VtAbSb7zWb8pfUZwb4XrZvWSI8k=)(1742889422909ms;[B478(A,YMOvJJHvRIitaP7XNwosA1y31VYKaVlBP/0y1/fyTG4=), B479(B,wtjkFHLEJNzILHexuvAdcCPcnf+a22auataxYn4LaNo=), B479(C,kehgKgt1/jhyz6AX7NQWOFx9Gfy6UpAAC0epZQV9RAo=)];1t;1c) for round 480
[2m2025-03-25T07:57:02.909481Z[0m [32m INFO[0m [1mnode[0m[1m{[0m[3mname[0m[2m=[0mk#8dcff6d1..[1m}[0m[2m:[0m [2mconsensus_core::core[0m[2m:[0m [2mconsensus/core/src/core.rs[0m[2m:[0m[2m630:[0m Committing 1 leaders: B478(B,zpPG)
[2m2025-03-25T07:57:02.909576Z[0m [32m INFO[0m [1mnode[0m[1m{[0m[3mname[0m[2m=[0mk#8dcff6d1..[1m}[0m[2m:[0m [2mconsensus_core::commit_observer[0m[2m:[0m [2mconsensus/core/src/commit_observer.rs[0m[2m:[0m[2m173:[0m Consensus commit C466(WCIU) with leader B478(B,zpPG) has 5 blocks
[2m2025-03-25T07:57:02.909678Z[0m [32m INFO[0m [1mnode[0m[1m{[0m[3mname[0m[2m=[0mk#8dcff6d1..[1m}[0m[2m:[0m [2msui_core::consensus_handler[0m[2m:[0m [2mcrates/sui-core/src/consensus_handler.rs[0m[2m:[0m[2m232:[0m Received consensus output [3mconsensus_commit[0m[2m=[0mCommittedSubDag(leader=B478(B,zpPG), ref=C466(WCIU), blocks=[PaGP, PpFw, loS+, ZObR, zpPG]) [3mepoch[0m[2m=[0m1
[2m2025-03-25T07:57:02.936213Z[0m [32m INFO[0m [1mnode[0m[1m{[0m[3mname[0m[2m=[0mk#addeef94..[1m}[0m[2m:[0m [2msui_core::checkpoints[0m[2m:[0m [2mcrates/sui-core/src/checkpoints/mod.rs[0m[2m:[0m[2m1326:[0m Creating checkpoint(s) for 2 transactions [3mnext_checkpoint_seq[0m[2m=[0m679 [3mcheckpoint_timestamp[0m[2m=[0m1742889422399
[2m2025-03-25T07:57:02.936215Z[0m [32m INFO[0m [1mnode[0m[1m{[0m[3mname[0m[2m=[0mk#8dcff6d1..[1m}[0m[2m:[0m [2msui_core::checkpoints[0m[2m:[0m [2mcrates/sui-core/src/checkpoints/mod.rs[0m[2m:[0m[2m1326:[0m Creating checkpoint(s) for 2 transactions [3mnext_checkpoint_seq[0m[2m=[0m679 [3mcheckpoint_timestamp[0m[2m=[0m1742889422399
[2m2025-03-25T07:57:02.936215Z[0m [32m INFO[0m [1mnode[0m[1m{[0m[3mname[0m[2m=[0mk#99f25ef6..[1m}[0m[2m:[0m [2msui_core::checkpoints[0m[2m:[0m [2mcrates/sui-core/src/checkpoints/mod.rs[0m[2m:[0m[2m1326:[0m Creating checkpoint(s) for 2 transactions [3mnext_checkpoint_seq[0m[2m=[0m679 [3mcheckpoint_timestamp[0m[2m=[0m1742889422399
[2m2025-03-25T07:57:02.936534Z[0m [32m INFO[0m [1mnode[0m[1m{[0m[3mname[0m[2m=[0mk#addeef94..[1m}[0m[2m:[0m [2msui_core::checkpoints::checkpoint_output[0m[2m:[0m [2mcrates/sui-core/src/checkpoints/checkpoint_output.rs[0m[2m:[0m[2m149:[0m Creating checkpoint CheckpointDigest(GGBtXwi3eQnR8aQ3zZfPRsjVtSRcDLKGBWs5ESDfru1m) at epoch 1, sequence 679, previous digest Some(CheckpointDigest(BraVCMPChV8KF1Grjog1mnmpWjZ19fez3oyy9t93p2CH)), transactions count 2, content digest CheckpointContentsDigest(CiEcy9sX349TZ9Cyzgw5XitjXHsWv2Z8Bx5H8ZQVBXGF), end_of_epoch_data None
[2m2025-03-25T07:57:02.936534Z[0m [32m INFO[0m [1mnode[0m[1m{[0m[3mname[0m[2m=[0mk#99f25ef6..[1m}[0m[2m:[0m [2msui_core::checkpoints::checkpoint_output[0m[2m:[0m [2mcrates/sui-core/src/checkpoints/checkpoint_output.rs[0m[2m:[0m[2m149:[0m Creating checkpoint CheckpointDigest(GGBtXwi3eQnR8aQ3zZfPRsjVtSRcDLKGBWs5ESDfru1m) at epoch 1, sequence 679, previous digest Some(CheckpointDigest(BraVCMPChV8KF1Grjog1mnmpWjZ19fez3oyy9t93p2CH)), transactions count 2, content digest CheckpointContentsDigest(CiEcy9sX349TZ9Cyzgw5XitjXHsWv2Z8Bx5H8ZQVBXGF), end_of_epoch_data None
[2m2025-03-25T07:57:02.936534Z[0m [32m INFO[0m [1mnode[0m[1m{[0m[3mname[0m[2m=[0mk#8dcff6d1..[1m}[0m[2m:[0m [2msui_core::checkpoints::checkpoint_output[0m[2m:[0m [2mcrates/sui-core/src/checkpoints/checkpoint_output.rs[0m[2m:[0m[2m149:[0m Creating checkpoint CheckpointDigest(GGBtXwi3eQnR8aQ3zZfPRsjVtSRcDLKGBWs5ESDfru1m) at epoch 1, sequence 679, previous digest Some(CheckpointDigest(BraVCMPChV8KF1Grjog1mnmpWjZ19fez3oyy9t93p2CH)), transactions count 2, content digest CheckpointContentsDigest(CiEcy9sX349TZ9Cyzgw5XitjXHsWv2Z8Bx5H8ZQVBXGF), end_of_epoch_data None
[2m2025-03-25T07:57:03.160210Z[0m [32m INFO[0m [1mnode[0m[1m{[0m[3mname[0m[2m=[0mk#addeef94..[1m}[0m[2m:[0m [2mconsensus_core::core[0m[2m:[0m [2mconsensus/core/src/core.rs[0m[2m:[0m[2m945:[0m Included 3 ancestors & excluded 0 ancestors for proposal in round 481
[2m2025-03-25T07:57:03.160582Z[0m [32m INFO[0m [1mnode[0m[1m{[0m[3mname[0m[2m=[0mk#addeef94..[1m}[0m[2m:[0m [2mconsensus_core::core[0m[2m:[0m [2mconsensus/core/src/core.rs[0m[2m:[0m[2m531:[0m Created block B481(C,a03XEBpmOSqr7P+ktOSzdTpOcfu4MlmWpsRt4qigTxs=)(1742889423160ms;[B480(C,Dq1kY3BSOslfx9nho6do5JAroh22fKbEsWzEPKS3Mrw=), B480(A,6Pr6eqgzaCtoWga/VtAbSb7zWb8pfUZwb4XrZvWSI8k=), B480(B,1D6qjuweXRz8ixuiKk8neb5JXem8G2AvtUwLSupTts0=)];1t;1c) for round 481
[2m2025-03-25T07:57:03.162203Z[0m [32m INFO[0m [1mnode[0m[1m{[0m[3mname[0m[2m=[0mk#99f25ef6..[1m}[0m[2m:[0m [2mconsensus_core::core[0m[2m:[0m [2mconsensus/core/src/core.rs[0m[2m:[0m[2m945:[0m Included 3 ancestors & excluded 0 ancestors for proposal in round 481
[2m2025-03-25T07:57:03.162203Z[0m [32m INFO[0m [1mnode[0m[1m{[0m[3mname[0m[2m=[0mk#8dcff6d1..[1m}[0m[2m:[0m [2mconsensus_core::core[0m[2m:[0m [2mconsensus/core/src/core.rs[0m[2m:[0m[2m945:[0m Included 3 ancestors & excluded 0 ancestors for proposal in round 481
[2m2025-03-25T07:57:03.162487Z[0m [32m INFO[0m [1mnode[0m[1m{[0m[3mname[0m[2m=[0mk#8dcff6d1..[1m}[0m[2m:[0m [2mconsensus_core::core[0m[2m:[0m [2mconsensus/core/src/core.rs[0m[2m:[0m[2m531:[0m Created block B481(A,BLxSe7BpjTSn0my/tiEusPGRGnl/RyzO+SKkenEeAqs=)(1742889423162ms;[B480(A,6Pr6eqgzaCtoWga/VtAbSb7zWb8pfUZwb4XrZvWSI8k=), B480(B,1D6qjuweXRz8ixuiKk8neb5JXem8G2AvtUwLSupTts0=), B480(C,Dq1kY3BSOslfx9nho6do5JAroh22fKbEsWzEPKS3Mrw=)];1t;1c) for round 481
[2m2025-03-25T07:57:03.162502Z[0m [32m INFO[0m [1mnode[0m[1m{[0m[3mname[0m[2m=[0mk#99f25ef6..[1m}[0m[2m:[0m [2mconsensus_core::core[0m[2m:[0m [2mconsensus/core/src/core.rs[0m[2m:[0m[2m531:[0m Created block B481(B,QjPUBAj25IXB8sy8fzd5mrDsrhElQVIX1bV6KskC6bU=)(1742889423162ms;[B480(B,1D6qjuweXRz8ixuiKk8neb5JXem8G2AvtUwLSupTts0=), B480(A,6Pr6eqgzaCtoWga/VtAbSb7zWb8pfUZwb4XrZvWSI8k=), B480(C,Dq1kY3BSOslfx9nho6do5JAroh22fKbEsWzEPKS3Mrw=)];1t;1c) for round 481
[2m2025-03-25T07:57:03.162634Z[0m [32m INFO[0m [1mnode[0m[1m{[0m[3mname[0m[2m=[0mk#8dcff6d1..[1m}[0m[2m:[0m [2mconsensus_core::core[0m[2m:[0m [2mconsensus/core/src/core.rs[0m[2m:[0m[2m630:[0m Committing 1 leaders: B479(B,wtjk)
[2m2025-03-25T07:57:03.162636Z[0m [32m INFO[0m [1mnode[0m[1m{[0m[3mname[0m[2m=[0mk#99f25ef6..[1m}[0m[2m:[0m [2mconsensus_core::core[0m[2m:[0m [2mconsensus/core/src/core.rs[0m[2m:[0m[2m630:[0m Committing 1 leaders: B479(B,wtjk)
[2m2025-03-25T07:57:03.162730Z[0m [32m INFO[0m [1mnode[0m[1m{[0m[3mname[0m[2m=[0mk#8dcff6d1..[1m}[0m[2m:[0m [2mconsensus_core::commit_observer[0m[2m:[0m [2mconsensus/core/src/commit_observer.rs[0m[2m:[0m[2m173:[0m Consensus commit C467(y99B) with leader B479(B,wtjk) has 3 blocks
[2m2025-03-25T07:57:03.162730Z[0m [32m INFO[0m [1mnode[0m[1m{[0m[3mname[0m[2m=[0mk#99f25ef6..[1m}[0m[2m:[0m [2mconsensus_core::commit_observer[0m[2m:[0m [2mconsensus/core/src/commit_observer.rs[0m[2m:[0m[2m173:[0m Consensus commit C467(y99B) with leader B479(B,wtjk) has 3 blocks
[2m2025-03-25T07:57:03.162987Z[0m [32m INFO[0m [1mnode[0m[1m{[0m[3mname[0m[2m=[0mk#8dcff6d1..[1m}[0m[2m:[0m [2msui_core::consensus_handler[0m[2m:[0m [2mcrates/sui-core/src/consensus_handler.rs[0m[2m:[0m[2m232:[0m Received consensus output [3mconsensus_commit[0m[2m=[0mCommittedSubDag(leader=B479(B,wtjk), ref=C467(y99B), blocks=[YMOv, VLfO, wtjk]) [3mepoch[0m[2m=[0m1
[2m2025-03-25T07:57:03.162987Z[0m [32m INFO[0m [1mnode[0m[1m{[0m[3mname[0m[2m=[0mk#99f25ef6..[1m}[0m[2m:[0m [2msui_core::consensus_handler[0m[2m:[0m [2mcrates/sui-core/src/consensus_handler.rs[0m[2m:[0m[2m232:[0m Received consensus output [3mconsensus_commit[0m[2m=[0mCommittedSubDag(leader=B479(B,wtjk), ref=C467(y99B), blocks=[YMOv, VLfO, wtjk]) [3mepoch[0m[2m=[0m1
[2m2025-03-25T07:57:03.166764Z[0m [32m INFO[0m [1mnode[0m[1m{[0m[3mname[0m[2m=[0mk#addeef94..[1m}[0m[2m:[0m [2mconsensus_core::core[0m[2m:[0m [2mconsensus/core/src/core.rs[0m[2m:[0m[2m630:[0m Committing 1 leaders: B479(B,wtjk)
[2m2025-03-25T07:57:03.166853Z[0m [32m INFO[0m [1mnode[0m[1m{[0m[3mname[0m[2m=[0mk#addeef94..[1m}[0m[2m:[0m [2mconsensus_core::commit_observer[0m[2m:[0m [2mconsensus/core/src/commit_observer.rs[0m[2m:[0m[2m173:[0m Consensus commit C467(y99B) with leader B479(B,wtjk) has 3 blocks
[2m2025-03-25T07:57:03.166972Z[0m [32m INFO[0m [1mnode[0m[1m{[0m[3mname[0m[2m=[0mk#addeef94..[1m}[0m[2m:[0m [2msui_core::consensus_handler[0m[2m:[0m [2mcrates/sui-core/src/consensus_handler.rs[0m[2m:[0m[2m232:[0m Received consensus output [3mconsensus_commit[0m[2m=[0mCommittedSubDag(leader=B479(B,wtjk), ref=C467(y99B), blocks=[YMOv, VLfO, wtjk]) [3mepoch[0m[2m=[0m1
[2m2025-03-25T07:57:03.210245Z[0m [32m INFO[0m [1mnode[0m[1m{[0m[3mname[0m[2m=[0mk#99f25ef6..[1m}[0m[2m:[0m [2msui_core::checkpoints[0m[2m:[0m [2mcrates/sui-core/src/checkpoints/mod.rs[0m[2m:[0m[2m1326:[0m Creating checkpoint(s) for 1 transactions [3mnext_checkpoint_seq[0m[2m=[0m680 [3mcheckpoint_timestamp[0m[2m=[0m1742889422652
[2m2025-03-25T07:57:03.210245Z[0m [32m INFO[0m [1mnode[0m[1m{[0m[3mname[0m[2m=[0mk#8dcff6d1..[1m}[0m[2m:[0m [2msui_core::checkpoints[0m[2m:[0m [2mcrates/sui-core/src/checkpoints/mod.rs[0m[2m:[0m[2m1326:[0m Creating checkpoint(s) for 1 transactions [3mnext_checkpoint_seq[0m[2m=[0m680 [3mcheckpoint_timestamp[0m[2m=[0m1742889422652
[2m2025-03-25T07:57:03.210486Z[0m [32m INFO[0m [1mnode[0m[1m{[0m[3mname[0m[2m=[0mk#8dcff6d1..[1m}[0m[2m:[0m [2msui_core::checkpoints::checkpoint_output[0m[2m:[0m [2mcrates/sui-core/src/checkpoints/checkpoint_output.rs[0m[2m:[0m[2m149:[0m Creating checkpoint CheckpointDigest(pSA3KiBpNXf2VH2WwYGwdkStPwPnrAJorCbA5kRhYc4) at epoch 1, sequence 680, previous digest Some(CheckpointDigest(GGBtXwi3eQnR8aQ3zZfPRsjVtSRcDLKGBWs5ESDfru1m)), transactions count 1, content digest CheckpointContentsDigest(FEHKoGHcEdpWd8mN2cbwzSSUBD76mcpzhNvpju57F9PT), end_of_epoch_data None
[2m2025-03-25T07:57:03.210486Z[0m [32m INFO[0m [1mnode[0m[1m{[0m[3mname[0m[2m=[0mk#99f25ef6..[1m}[0m[2m:[0m [2msui_core::checkpoints::checkpoint_output[0m[2m:[0m [2mcrates/sui-core/src/checkpoints/checkpoint_output.rs[0m[2m:[0m[2m149:[0m Creating checkpoint CheckpointDigest(pSA3KiBpNXf2VH2WwYGwdkStPwPnrAJorCbA5kRhYc4) at epoch 1, sequence 680, previous digest Some(CheckpointDigest(GGBtXwi3eQnR8aQ3zZfPRsjVtSRcDLKGBWs5ESDfru1m)), transactions count 1, content digest CheckpointContentsDigest(FEHKoGHcEdpWd8mN2cbwzSSUBD76mcpzhNvpju57F9PT), end_of_epoch_data None
[2m2025-03-25T07:57:03.211700Z[0m [32m INFO[0m [1mnode[0m[1m{[0m[3mname[0m[2m=[0mk#addeef94..[1m}[0m[2m:[0m [2msui_core::checkpoints[0m[2m:[0m [2mcrates/sui-core/src/checkpoints/mod.rs[0m[2m:[0m[2m1326:[0m Creating checkpoint(s) for 1 transactions [3mnext_checkpoint_seq[0m[2m=[0m680 [3mcheckpoint_timestamp[0m[2m=[0m1742889422652
[2m2025-03-25T07:57:03.211876Z[0m [32m INFO[0m [1mnode[0m[1m{[0m[3mname[0m[2m=[0mk#addeef94..[1m}[0m[2m:[0m [2msui_core::checkpoints::checkpoint_output[0m[2m:[0m [2mcrates/sui-core/src/checkpoints/checkpoint_output.rs[0m[2m:[0m[2m149:[0m Creating checkpoint CheckpointDigest(pSA3KiBpNXf2VH2WwYGwdkStPwPnrAJorCbA5kRhYc4) at epoch 1, sequence 680, previous digest Some(CheckpointDigest(GGBtXwi3eQnR8aQ3zZfPRsjVtSRcDLKGBWs5ESDfru1m)), transactions count 1, content digest CheckpointContentsDigest(FEHKoGHcEdpWd8mN2cbwzSSUBD76mcpzhNvpju57F9PT), end_of_epoch_data None
[2m2025-03-25T07:57:03.213847Z[0m [32m INFO[0m [1mnode[0m[1m{[0m[3mname[0m[2m=[0mk#8dcff6d1..[1m}[0m[2m:[0m [2msui_core::checkpoints::checkpoint_output[0m[2m:[0m [2mcrates/sui-core/src/checkpoints/checkpoint_output.rs[0m[2m:[0m[2m196:[0m Certified checkpoint with sequence 679 and digest GGBtXwi3eQnR8aQ3zZfPRsjVtSRcDLKGBWs5ESDfru1m
[2m2025-03-25T07:57:03.213935Z[0m [32m INFO[0m [1mnode[0m[1m{[0m[3mname[0m[2m=[0mk#99f25ef6..[1m}[0m[2m:[0m [2msui_core::checkpoints::checkpoint_output[0m[2m:[0m [2mcrates/sui-core/src/checkpoints/checkpoint_output.rs[0m[2m:[0m[2m196:[0m Certified checkpoint with sequence 679 and digest GGBtXwi3eQnR8aQ3zZfPRsjVtSRcDLKGBWs5ESDfru1m
[2m2025-03-25T07:57:03.216875Z[0m [32m INFO[0m [1mnode[0m[1m{[0m[3mname[0m[2m=[0mk#8dcff6d1..[1m}[0m[2m:[0m [2msui_core::checkpoints::checkpoint_executor[0m[2m:[0m [2mcrates/sui-core/src/checkpoints/checkpoint_executor/mod.rs[0m[2m:[0m[2m332:[0m Received checkpoint summary from state sync [3msequence_number[0m[2m=[0m679
[2m2025-03-25T07:57:03.218940Z[0m [32m INFO[0m [1mnode[0m[1m{[0m[3mname[0m[2m=[0mk#99f25ef6..[1m}[0m[2m:[0m [2msui_core::checkpoints::checkpoint_executor[0m[2m:[0m [2mcrates/sui-core/src/checkpoints/checkpoint_executor/mod.rs[0m[2m:[0m[2m332:[0m Received checkpoint summary from state sync [3msequence_number[0m[2m=[0m679
[2m2025-03-25T07:57:03.234441Z[0m [32m INFO[0m [1mnode[0m[1m{[0m[3mname[0m[2m=[0mk#99f25ef6..[1m}[0m[2m:[0m [2msui_core::state_accumulator[0m[2m:[0m [2mcrates/sui-core/src/state_accumulator.rs[0m[2m:[0m[2m675:[0m accumulating running root for checkpoint 679
[2m2025-03-25T07:57:03.234441Z[0m [32m INFO[0m [1mnode[0m[1m{[0m[3mname[0m[2m=[0mk#8dcff6d1..[1m}[0m[2m:[0m [2msui_core::state_accumulator[0m[2m:[0m [2mcrates/sui-core/src/state_accumulator.rs[0m[2m:[0m[2m675:[0m accumulating running root for checkpoint 679
[2m2025-03-25T07:57:03.278811Z[0m [32m INFO[0m [1mnode[0m[1m{[0m[3mname[0m[2m=[0mk#addeef94..[1m}[0m[2m:[0m [2msui_core::checkpoints::checkpoint_executor[0m[2m:[0m [2mcrates/sui-core/src/checkpoints/checkpoint_executor/mod.rs[0m[2m:[0m[2m332:[0m Received checkpoint summary from state sync [3msequence_number[0m[2m=[0m679
[2m2025-03-25T07:57:03.280260Z[0m [32m INFO[0m [1mnode[0m[1m{[0m[3mname[0m[2m=[0mk#addeef94..[1m}[0m[2m:[0m [2msui_core::state_accumulator[0m[2m:[0m [2mcrates/sui-core/src/state_accumulator.rs[0m[2m:[0m[2m675:[0m accumulating running root for checkpoint 679
[2m2025-03-25T07:57:03.304515Z[0m [32m INFO[0m [1mnode[0m[1m{[0m[3mname[0m[2m=[0mk#8dcff6d1..[1m}[0m[2m:[0m [2mconsensus_core::commit_syncer[0m[2m:[0m [2mconsensus/core/src/commit_syncer.rs[0m[2m:[0m[2m196:[0m Checking to schedule fetches: synced_commit_index=467, highest_handled_index=467, highest_scheduled_index=0, quorum_commit_index=466, unhandled_commits_threshold=3200
[2m2025-03-25T07:57:03.327575Z[0m [32m INFO[0m [1mnode[0m[1m{[0m[3mname[0m[2m=[0mk#addeef94..[1m}[0m[2m:[0m [2mconsensus_core::commit_syncer[0m[2m:[0m [2mconsensus/core/src/commit_syncer.rs[0m[2m:[0m[2m196:[0m Checking to schedule fetches: synced_commit_index=467, highest_handled_index=467, highest_scheduled_index=0, quorum_commit_index=0, unhandled_commits_threshold=3200
[2m2025-03-25T07:57:03.331638Z[0m [32m INFO[0m [1mnode[0m[1m{[0m[3mname[0m[2m=[0mk#99f25ef6..[1m}[0m[2m:[0m [2mconsensus_core::commit_syncer[0m[2m:[0m [2mconsensus/core/src/commit_syncer.rs[0m[2m:[0m[2m196:[0m Checking to schedule fetches: synced_commit_index=467, highest_handled_index=467, highest_scheduled_index=0, quorum_commit_index=466, unhandled_commits_threshold=3200
[2m2025-03-25T07:57:03.354720Z[0m [32m INFO[0m [1mnode[0m[1m{[0m[3mname[0m[2m=[0mk#b3f3cbb4..[1m}[0m[2m:[0m[1mjson-rpc-request[0m[2m:[0m[1mdev_inspect_transaction_block[0m[1m{[0m[3msender_address[0m[2m=[0m0x0000000000000000000000000000000000000000000000000000000000000000 [3mtx_bytes[0m[2m=[0mBase64("AAMBAQAAAAAAAAAAAAAAAAAAAAAAAAAAAAAAAAAAAAAAAAAJAQAAAAAAAAABAAECAAgAAAAAAAAAAAEAAAAAAAAAAAAAAAAAAAAAAAAAAAAAAAAAAAAAAAAAAAsGYnJpZGdlIGdldF90b2tlbl90cmFuc2Zlcl9hY3Rpb25fc3RhdHVzAAMBAAABAQABAgA=") [3mgas_price[0m[2m=[0mNone [3m_epoch[0m[2m=[0mNone [3madditional_args[0m[2m=[0mNone[1m}[0m[2m:[0m [2msui_json_rpc::transaction_execution_api[0m[2m:[0m [2mcrates/sui-json-rpc/src/transaction_execution_api.rs[0m[2m:[0m[2m351:[0m RPC took longer than threshold to complete. [3melapsed[0m[2m=[0m1.538696709s
[2m2025-03-25T07:57:03.355649Z[0m [32m INFO[0m [1mhandle_execution_task[0m[1m{[0m[3maction_key[0m[2m=[0mBridgeActionKey(0,2,0) [3mattempt_times[0m[2m=[0m5[1m}[0m[2m:[0m [2msui_bridge::action_executor[0m[2m:[0m [2mcrates/sui-bridge/src/action_executor.rs[0m[2m:[0m[2m500:[0m Building Sui transaction
[2m2025-03-25T07:57:03.355855Z[0m [32m INFO[0m [1mnode[0m[1m{[0m[3mname[0m[2m=[0mk#b3f3cbb4..[1m}[0m[2m:[0m [2msui_core::state_accumulator[0m[2m:[0m [2mcrates/sui-core/src/state_accumulator.rs[0m[2m:[0m[2m675:[0m accumulating running root for checkpoint 593
[2m2025-03-25T07:57:03.414239Z[0m [32m INFO[0m [1mnode[0m[1m{[0m[3mname[0m[2m=[0mk#8dcff6d1..[1m}[0m[2m:[0m [2mconsensus_core::core[0m[2m:[0m [2mconsensus/core/src/core.rs[0m[2m:[0m[2m945:[0m Included 3 ancestors & excluded 0 ancestors for proposal in round 482
[2m2025-03-25T07:57:03.414364Z[0m [32m INFO[0m [1mnode[0m[1m{[0m[3mname[0m[2m=[0mk#99f25ef6..[1m}[0m[2m:[0m [2mconsensus_core::core[0m[2m:[0m [2mconsensus/core/src/core.rs[0m[2m:[0m[2m945:[0m Included 3 ancestors & excluded 0 ancestors for proposal in round 482
[2m2025-03-25T07:57:03.414621Z[0m [32m INFO[0m [1mnode[0m[1m{[0m[3mname[0m[2m=[0mk#8dcff6d1..[1m}[0m[2m:[0m [2mconsensus_core::core[0m[2m:[0m [2mconsensus/core/src/core.rs[0m[2m:[0m[2m531:[0m Created block B482(A,xKYiSqMqVMBVhiPy5Plo2nswdswJTuB21u3ZVhci998=)(1742889423414ms;[B481(A,BLxSe7BpjTSn0my/tiEusPGRGnl/RyzO+SKkenEeAqs=), B481(B,QjPUBAj25IXB8sy8fzd5mrDsrhElQVIX1bV6KskC6bU=), B481(C,a03XEBpmOSqr7P+ktOSzdTpOcfu4MlmWpsRt4qigTxs=)];1t;1c) for round 482
[2m2025-03-25T07:57:03.414671Z[0m [32m INFO[0m [1mnode[0m[1m{[0m[3mname[0m[2m=[0mk#99f25ef6..[1m}[0m[2m:[0m [2mconsensus_core::core[0m[2m:[0m [2mconsensus/core/src/core.rs[0m[2m:[0m[2m531:[0m Created block B482(B,wjs6M+WJ0MXvCKuzlNfR+mgCnrPzXl3a8/XAhORvnu4=)(1742889423414ms;[B481(B,QjPUBAj25IXB8sy8fzd5mrDsrhElQVIX1bV6KskC6bU=), B481(A,BLxSe7BpjTSn0my/tiEusPGRGnl/RyzO+SKkenEeAqs=), B481(C,a03XEBpmOSqr7P+ktOSzdTpOcfu4MlmWpsRt4qigTxs=)];1t;1c) for round 482
[2m2025-03-25T07:57:03.417907Z[0m [32m INFO[0m [1mnode[0m[1m{[0m[3mname[0m[2m=[0mk#addeef94..[1m}[0m[2m:[0m [2mconsensus_core::core[0m[2m:[0m [2mconsensus/core/src/core.rs[0m[2m:[0m[2m945:[0m Included 3 ancestors & excluded 0 ancestors for proposal in round 482
[2m2025-03-25T07:57:03.418216Z[0m [32m INFO[0m [1mnode[0m[1m{[0m[3mname[0m[2m=[0mk#addeef94..[1m}[0m[2m:[0m [2mconsensus_core::core[0m[2m:[0m [2mconsensus/core/src/core.rs[0m[2m:[0m[2m531:[0m Created block B482(C,pZmKRLR1nnlq7/Vskky68pA32zz0CUlRss/ZL1hMomU=)(1742889423418ms;[B481(C,a03XEBpmOSqr7P+ktOSzdTpOcfu4MlmWpsRt4qigTxs=), B481(A,BLxSe7BpjTSn0my/tiEusPGRGnl/RyzO+SKkenEeAqs=), B481(B,QjPUBAj25IXB8sy8fzd5mrDsrhElQVIX1bV6KskC6bU=)];1t;1c) for round 482
[2m2025-03-25T07:57:03.418284Z[0m [32m INFO[0m [1mnode[0m[1m{[0m[3mname[0m[2m=[0mk#addeef94..[1m}[0m[2m:[0m [2mconsensus_core::core[0m[2m:[0m [2mconsensus/core/src/core.rs[0m[2m:[0m[2m630:[0m Committing 1 leaders: B480(A,6Pr6)
[2m2025-03-25T07:57:03.418350Z[0m [32m INFO[0m [1mnode[0m[1m{[0m[3mname[0m[2m=[0mk#addeef94..[1m}[0m[2m:[0m [2mconsensus_core::commit_observer[0m[2m:[0m [2mconsensus/core/src/commit_observer.rs[0m[2m:[0m[2m173:[0m Consensus commit C468(STce) with leader B480(A,6Pr6) has 2 blocks
[2m2025-03-25T07:57:03.418425Z[0m [32m INFO[0m [1mnode[0m[1m{[0m[3mname[0m[2m=[0mk#addeef94..[1m}[0m[2m:[0m [2msui_core::consensus_handler[0m[2m:[0m [2mcrates/sui-core/src/consensus_handler.rs[0m[2m:[0m[2m232:[0m Received consensus output [3mconsensus_commit[0m[2m=[0mCommittedSubDag(leader=B480(A,6Pr6), ref=C468(STce), blocks=[kehg, 6Pr6]) [3mepoch[0m[2m=[0m1
[2m2025-03-25T07:57:03.421399Z[0m [32m INFO[0m [1mnode[0m[1m{[0m[3mname[0m[2m=[0mk#8dcff6d1..[1m}[0m[2m:[0m [2msui_core::checkpoints::checkpoint_output[0m[2m:[0m [2mcrates/sui-core/src/checkpoints/checkpoint_output.rs[0m[2m:[0m[2m196:[0m Certified checkpoint with sequence 680 and digest pSA3KiBpNXf2VH2WwYGwdkStPwPnrAJorCbA5kRhYc4
[2m2025-03-25T07:57:03.421401Z[0m [32m INFO[0m [1mnode[0m[1m{[0m[3mname[0m[2m=[0mk#99f25ef6..[1m}[0m[2m:[0m [2msui_core::checkpoints::checkpoint_output[0m[2m:[0m [2mcrates/sui-core/src/checkpoints/checkpoint_output.rs[0m[2m:[0m[2m196:[0m Certified checkpoint with sequence 680 and digest pSA3KiBpNXf2VH2WwYGwdkStPwPnrAJorCbA5kRhYc4
[2m2025-03-25T07:57:03.421514Z[0m [32m INFO[0m [1mnode[0m[1m{[0m[3mname[0m[2m=[0mk#8dcff6d1..[1m}[0m[2m:[0m [2mconsensus_core::core[0m[2m:[0m [2mconsensus/core/src/core.rs[0m[2m:[0m[2m630:[0m Committing 1 leaders: B480(A,6Pr6)
[2m2025-03-25T07:57:03.421515Z[0m [32m INFO[0m [1mnode[0m[1m{[0m[3mname[0m[2m=[0mk#99f25ef6..[1m}[0m[2m:[0m [2mconsensus_core::core[0m[2m:[0m [2mconsensus/core/src/core.rs[0m[2m:[0m[2m630:[0m Committing 1 leaders: B480(A,6Pr6)
[2m2025-03-25T07:57:03.421622Z[0m [32m INFO[0m [1mnode[0m[1m{[0m[3mname[0m[2m=[0mk#8dcff6d1..[1m}[0m[2m:[0m [2mconsensus_core::commit_observer[0m[2m:[0m [2mconsensus/core/src/commit_observer.rs[0m[2m:[0m[2m173:[0m Consensus commit C468(STce) with leader B480(A,6Pr6) has 2 blocks
[2m2025-03-25T07:57:03.421622Z[0m [32m INFO[0m [1mnode[0m[1m{[0m[3mname[0m[2m=[0mk#99f25ef6..[1m}[0m[2m:[0m [2mconsensus_core::commit_observer[0m[2m:[0m [2mconsensus/core/src/commit_observer.rs[0m[2m:[0m[2m173:[0m Consensus commit C468(STce) with leader B480(A,6Pr6) has 2 blocks
[2m2025-03-25T07:57:03.422046Z[0m [32m INFO[0m [1mnode[0m[1m{[0m[3mname[0m[2m=[0mk#99f25ef6..[1m}[0m[2m:[0m [2msui_core::consensus_handler[0m[2m:[0m [2mcrates/sui-core/src/consensus_handler.rs[0m[2m:[0m[2m232:[0m Received consensus output [3mconsensus_commit[0m[2m=[0mCommittedSubDag(leader=B480(A,6Pr6), ref=C468(STce), blocks=[kehg, 6Pr6]) [3mepoch[0m[2m=[0m1
[2m2025-03-25T07:57:03.422046Z[0m [32m INFO[0m [1mnode[0m[1m{[0m[3mname[0m[2m=[0mk#8dcff6d1..[1m}[0m[2m:[0m [2msui_core::consensus_handler[0m[2m:[0m [2mcrates/sui-core/src/consensus_handler.rs[0m[2m:[0m[2m232:[0m Received consensus output [3mconsensus_commit[0m[2m=[0mCommittedSubDag(leader=B480(A,6Pr6), ref=C468(STce), blocks=[kehg, 6Pr6]) [3mepoch[0m[2m=[0m1
[2m2025-03-25T07:57:03.422568Z[0m [32m INFO[0m [1mnode[0m[1m{[0m[3mname[0m[2m=[0mk#8dcff6d1..[1m}[0m[2m:[0m [2msui_core::checkpoints::checkpoint_executor[0m[2m:[0m [2mcrates/sui-core/src/checkpoints/checkpoint_executor/mod.rs[0m[2m:[0m[2m332:[0m Received checkpoint summary from state sync [3msequence_number[0m[2m=[0m680
[2m2025-03-25T07:57:03.422569Z[0m [32m INFO[0m [1mnode[0m[1m{[0m[3mname[0m[2m=[0mk#99f25ef6..[1m}[0m[2m:[0m [2msui_core::checkpoints::checkpoint_executor[0m[2m:[0m [2mcrates/sui-core/src/checkpoints/checkpoint_executor/mod.rs[0m[2m:[0m[2m332:[0m Received checkpoint summary from state sync [3msequence_number[0m[2m=[0m680
[2m2025-03-25T07:57:03.424156Z[0m [32m INFO[0m [1mnode[0m[1m{[0m[3mname[0m[2m=[0mk#8dcff6d1..[1m}[0m[2m:[0m [2msui_core::state_accumulator[0m[2m:[0m [2mcrates/sui-core/src/state_accumulator.rs[0m[2m:[0m[2m675:[0m accumulating running root for checkpoint 680
[2m2025-03-25T07:57:03.424156Z[0m [32m INFO[0m [1mnode[0m[1m{[0m[3mname[0m[2m=[0mk#99f25ef6..[1m}[0m[2m:[0m [2msui_core::state_accumulator[0m[2m:[0m [2mcrates/sui-core/src/state_accumulator.rs[0m[2m:[0m[2m675:[0m accumulating running root for checkpoint 680
[2m2025-03-25T07:57:03.434808Z[0m [32m INFO[0m [1mnode[0m[1m{[0m[3mname[0m[2m=[0mk#b3f3cbb4..[1m}[0m[2m:[0m [2msui_core::state_accumulator[0m[2m:[0m [2mcrates/sui-core/src/state_accumulator.rs[0m[2m:[0m[2m675:[0m accumulating running root for checkpoint 594
[2m2025-03-25T07:57:03.444945Z[0m [32m INFO[0m [1mnode[0m[1m{[0m[3mname[0m[2m=[0mk#addeef94..[1m}[0m[2m:[0m [2msui_core::checkpoints[0m[2m:[0m [2mcrates/sui-core/src/checkpoints/mod.rs[0m[2m:[0m[2m1326:[0m Creating checkpoint(s) for 2 transactions [3mnext_checkpoint_seq[0m[2m=[0m681 [3mcheckpoint_timestamp[0m[2m=[0m1742889422909
[2m2025-03-25T07:57:03.445252Z[0m [32m INFO[0m [1mnode[0m[1m{[0m[3mname[0m[2m=[0mk#addeef94..[1m}[0m[2m:[0m [2msui_core::checkpoints::checkpoint_output[0m[2m:[0m [2mcrates/sui-core/src/checkpoints/checkpoint_output.rs[0m[2m:[0m[2m149:[0m Creating checkpoint CheckpointDigest(9kPhSCbsuKJWkyoCPM51qToFnrzErEb9kjHaHdRNEG9r) at epoch 1, sequence 681, previous digest Some(CheckpointDigest(pSA3KiBpNXf2VH2WwYGwdkStPwPnrAJorCbA5kRhYc4)), transactions count 2, content digest CheckpointContentsDigest(9vaGs7gESunxcRLptqaNLmzakc1hgSsNRT6wFipUh1Z2), end_of_epoch_data None
[2m2025-03-25T07:57:03.448022Z[0m [32m INFO[0m [1mnode[0m[1m{[0m[3mname[0m[2m=[0mk#addeef94..[1m}[0m[2m:[0m [2msui_core::checkpoints::checkpoint_executor[0m[2m:[0m [2mcrates/sui-core/src/checkpoints/checkpoint_executor/mod.rs[0m[2m:[0m[2m332:[0m Received checkpoint summary from state sync [3msequence_number[0m[2m=[0m680
[2m2025-03-25T07:57:03.448805Z[0m [32m INFO[0m [1mnode[0m[1m{[0m[3mname[0m[2m=[0mk#addeef94..[1m}[0m[2m:[0m [2msui_core::state_accumulator[0m[2m:[0m [2mcrates/sui-core/src/state_accumulator.rs[0m[2m:[0m[2m675:[0m accumulating running root for checkpoint 680
[2m2025-03-25T07:57:03.449655Z[0m [32m INFO[0m [1mnode[0m[1m{[0m[3mname[0m[2m=[0mk#99f25ef6..[1m}[0m[2m:[0m [2msui_core::checkpoints[0m[2m:[0m [2mcrates/sui-core/src/checkpoints/mod.rs[0m[2m:[0m[2m1326:[0m Creating checkpoint(s) for 2 transactions [3mnext_checkpoint_seq[0m[2m=[0m681 [3mcheckpoint_timestamp[0m[2m=[0m1742889422909
[2m2025-03-25T07:57:03.449658Z[0m [32m INFO[0m [1mnode[0m[1m{[0m[3mname[0m[2m=[0mk#8dcff6d1..[1m}[0m[2m:[0m [2msui_core::checkpoints[0m[2m:[0m [2mcrates/sui-core/src/checkpoints/mod.rs[0m[2m:[0m[2m1326:[0m Creating checkpoint(s) for 2 transactions [3mnext_checkpoint_seq[0m[2m=[0m681 [3mcheckpoint_timestamp[0m[2m=[0m1742889422909
[2m2025-03-25T07:57:03.449929Z[0m [32m INFO[0m [1mnode[0m[1m{[0m[3mname[0m[2m=[0mk#99f25ef6..[1m}[0m[2m:[0m [2msui_core::checkpoints::checkpoint_output[0m[2m:[0m [2mcrates/sui-core/src/checkpoints/checkpoint_output.rs[0m[2m:[0m[2m149:[0m Creating checkpoint CheckpointDigest(9kPhSCbsuKJWkyoCPM51qToFnrzErEb9kjHaHdRNEG9r) at epoch 1, sequence 681, previous digest Some(CheckpointDigest(pSA3KiBpNXf2VH2WwYGwdkStPwPnrAJorCbA5kRhYc4)), transactions count 2, content digest CheckpointContentsDigest(9vaGs7gESunxcRLptqaNLmzakc1hgSsNRT6wFipUh1Z2), end_of_epoch_data None
[2m2025-03-25T07:57:03.449929Z[0m [32m INFO[0m [1mnode[0m[1m{[0m[3mname[0m[2m=[0mk#8dcff6d1..[1m}[0m[2m:[0m [2msui_core::checkpoints::checkpoint_output[0m[2m:[0m [2mcrates/sui-core/src/checkpoints/checkpoint_output.rs[0m[2m:[0m[2m149:[0m Creating checkpoint CheckpointDigest(9kPhSCbsuKJWkyoCPM51qToFnrzErEb9kjHaHdRNEG9r) at epoch 1, sequence 681, previous digest Some(CheckpointDigest(pSA3KiBpNXf2VH2WwYGwdkStPwPnrAJorCbA5kRhYc4)), transactions count 2, content digest CheckpointContentsDigest(9vaGs7gESunxcRLptqaNLmzakc1hgSsNRT6wFipUh1Z2), end_of_epoch_data None
[2m2025-03-25T07:57:03.526167Z[0m [32m INFO[0m [1mnode[0m[1m{[0m[3mname[0m[2m=[0mk#b3f3cbb4..[1m}[0m[2m:[0m [2msui_core::state_accumulator[0m[2m:[0m [2mcrates/sui-core/src/state_accumulator.rs[0m[2m:[0m[2m675:[0m accumulating running root for checkpoint 595
[2m2025-03-25T07:57:03.526435Z[0m [32m INFO[0m [1mnode[0m[1m{[0m[3mname[0m[2m=[0mk#b3f3cbb4..[1m}[0m[2m:[0m [2msui_core::checkpoints::checkpoint_executor[0m[2m:[0m [2mcrates/sui-core/src/checkpoints/checkpoint_executor/mod.rs[0m[2m:[0m[2m332:[0m Received checkpoint summary from state sync [3msequence_number[0m[2m=[0m666
[2m2025-03-25T07:57:03.671592Z[0m [32m INFO[0m [1mnode[0m[1m{[0m[3mname[0m[2m=[0mk#addeef94..[1m}[0m[2m:[0m [2mconsensus_core::core[0m[2m:[0m [2mconsensus/core/src/core.rs[0m[2m:[0m[2m945:[0m Included 3 ancestors & excluded 0 ancestors for proposal in round 483
[2m2025-03-25T07:57:03.671968Z[0m [32m INFO[0m [1mnode[0m[1m{[0m[3mname[0m[2m=[0mk#addeef94..[1m}[0m[2m:[0m [2mconsensus_core::core[0m[2m:[0m [2mconsensus/core/src/core.rs[0m[2m:[0m[2m531:[0m Created block B483(C,+1pHnYvkHensNRlPGe6dmu6P80OSQvuZtTdiurHeJZM=)(1742889423671ms;[B482(C,pZmKRLR1nnlq7/Vskky68pA32zz0CUlRss/ZL1hMomU=), B482(A,xKYiSqMqVMBVhiPy5Plo2nswdswJTuB21u3ZVhci998=), B482(B,wjs6M+WJ0MXvCKuzlNfR+mgCnrPzXl3a8/XAhORvnu4=)];1t;1c) for round 483
[2m2025-03-25T07:57:03.673630Z[0m [32m INFO[0m [1mnode[0m[1m{[0m[3mname[0m[2m=[0mk#8dcff6d1..[1m}[0m[2m:[0m [2mconsensus_core::core[0m[2m:[0m [2mconsensus/core/src/core.rs[0m[2m:[0m[2m945:[0m Included 3 ancestors & excluded 0 ancestors for proposal in round 483
[2m2025-03-25T07:57:03.673905Z[0m [32m INFO[0m [1mnode[0m[1m{[0m[3mname[0m[2m=[0mk#99f25ef6..[1m}[0m[2m:[0m [2mconsensus_core::core[0m[2m:[0m [2mconsensus/core/src/core.rs[0m[2m:[0m[2m945:[0m Included 3 ancestors & excluded 0 ancestors for proposal in round 483
[2m2025-03-25T07:57:03.673911Z[0m [32m INFO[0m [1mnode[0m[1m{[0m[3mname[0m[2m=[0mk#8dcff6d1..[1m}[0m[2m:[0m [2mconsensus_core::core[0m[2m:[0m [2mconsensus/core/src/core.rs[0m[2m:[0m[2m531:[0m Created block B483(A,qKJGgn08s3hDLPyTs8XIu9hIr5bfvyBfJZKPpGiXjbQ=)(1742889423673ms;[B482(A,xKYiSqMqVMBVhiPy5Plo2nswdswJTuB21u3ZVhci998=), B482(B,wjs6M+WJ0MXvCKuzlNfR+mgCnrPzXl3a8/XAhORvnu4=), B482(C,pZmKRLR1nnlq7/Vskky68pA32zz0CUlRss/ZL1hMomU=)];1t;1c) for round 483
[2m2025-03-25T07:57:03.674053Z[0m [32m INFO[0m [1mnode[0m[1m{[0m[3mname[0m[2m=[0mk#8dcff6d1..[1m}[0m[2m:[0m [2mconsensus_core::core[0m[2m:[0m [2mconsensus/core/src/core.rs[0m[2m:[0m[2m630:[0m Committing 1 leaders: B481(B,QjPU)
[2m2025-03-25T07:57:03.674141Z[0m [32m INFO[0m [1mnode[0m[1m{[0m[3mname[0m[2m=[0mk#8dcff6d1..[1m}[0m[2m:[0m [2mconsensus_core::commit_observer[0m[2m:[0m [2mconsensus/core/src/commit_observer.rs[0m[2m:[0m[2m173:[0m Consensus commit C469(zfmu) with leader B481(B,QjPU) has 3 blocks
[2m2025-03-25T07:57:03.674194Z[0m [32m INFO[0m [1mnode[0m[1m{[0m[3mname[0m[2m=[0mk#99f25ef6..[1m}[0m[2m:[0m [2mconsensus_core::core[0m[2m:[0m [2mconsensus/core/src/core.rs[0m[2m:[0m[2m531:[0m Created block B483(B,mjhSDvLJdKP2ZKcy5u4EJxQs0gyLWtbQTLmDUmkdJ8o=)(1742889423674ms;[B482(B,wjs6M+WJ0MXvCKuzlNfR+mgCnrPzXl3a8/XAhORvnu4=), B482(A,xKYiSqMqVMBVhiPy5Plo2nswdswJTuB21u3ZVhci998=), B482(C,pZmKRLR1nnlq7/Vskky68pA32zz0CUlRss/ZL1hMomU=)];1t;1c) for round 483
[2m2025-03-25T07:57:03.674256Z[0m [32m INFO[0m [1mnode[0m[1m{[0m[3mname[0m[2m=[0mk#99f25ef6..[1m}[0m[2m:[0m [2mconsensus_core::core[0m[2m:[0m [2mconsensus/core/src/core.rs[0m[2m:[0m[2m630:[0m Committing 1 leaders: B481(B,QjPU)
[2m2025-03-25T07:57:03.674320Z[0m [32m INFO[0m [1mnode[0m[1m{[0m[3mname[0m[2m=[0mk#99f25ef6..[1m}[0m[2m:[0m [2mconsensus_core::commit_observer[0m[2m:[0m [2mconsensus/core/src/commit_observer.rs[0m[2m:[0m[2m173:[0m Consensus commit C469(zfmu) with leader B481(B,QjPU) has 3 blocks
[2m2025-03-25T07:57:03.674376Z[0m [32m INFO[0m [1mnode[0m[1m{[0m[3mname[0m[2m=[0mk#8dcff6d1..[1m}[0m[2m:[0m [2msui_core::consensus_handler[0m[2m:[0m [2mcrates/sui-core/src/consensus_handler.rs[0m[2m:[0m[2m232:[0m Received consensus output [3mconsensus_commit[0m[2m=[0mCommittedSubDag(leader=B481(B,QjPU), ref=C469(zfmu), blocks=[1D6q, Dq1k, QjPU]) [3mepoch[0m[2m=[0m1
[2m2025-03-25T07:57:03.674396Z[0m [32m INFO[0m [1mnode[0m[1m{[0m[3mname[0m[2m=[0mk#99f25ef6..[1m}[0m[2m:[0m [2msui_core::consensus_handler[0m[2m:[0m [2mcrates/sui-core/src/consensus_handler.rs[0m[2m:[0m[2m232:[0m Received consensus output [3mconsensus_commit[0m[2m=[0mCommittedSubDag(leader=B481(B,QjPU), ref=C469(zfmu), blocks=[1D6q, Dq1k, QjPU]) [3mepoch[0m[2m=[0m1
[2m2025-03-25T07:57:03.678290Z[0m [32m INFO[0m [1mnode[0m[1m{[0m[3mname[0m[2m=[0mk#addeef94..[1m}[0m[2m:[0m [2mconsensus_core::core[0m[2m:[0m [2mconsensus/core/src/core.rs[0m[2m:[0m[2m630:[0m Committing 1 leaders: B481(B,QjPU)
[2m2025-03-25T07:57:03.678387Z[0m [32m INFO[0m [1mnode[0m[1m{[0m[3mname[0m[2m=[0mk#addeef94..[1m}[0m[2m:[0m [2mconsensus_core::commit_observer[0m[2m:[0m [2mconsensus/core/src/commit_observer.rs[0m[2m:[0m[2m173:[0m Consensus commit C469(zfmu) with leader B481(B,QjPU) has 3 blocks
[2m2025-03-25T07:57:03.678510Z[0m [32m INFO[0m [1mnode[0m[1m{[0m[3mname[0m[2m=[0mk#addeef94..[1m}[0m[2m:[0m [2msui_core::consensus_handler[0m[2m:[0m [2mcrates/sui-core/src/consensus_handler.rs[0m[2m:[0m[2m232:[0m Received consensus output [3mconsensus_commit[0m[2m=[0mCommittedSubDag(leader=B481(B,QjPU), ref=C469(zfmu), blocks=[1D6q, Dq1k, QjPU]) [3mepoch[0m[2m=[0m1
[2m2025-03-25T07:57:03.722098Z[0m [32m INFO[0m [1mnode[0m[1m{[0m[3mname[0m[2m=[0mk#8dcff6d1..[1m}[0m[2m:[0m [2msui_core::checkpoints[0m[2m:[0m [2mcrates/sui-core/src/checkpoints/mod.rs[0m[2m:[0m[2m1326:[0m Creating checkpoint(s) for 1 transactions [3mnext_checkpoint_seq[0m[2m=[0m682 [3mcheckpoint_timestamp[0m[2m=[0m1742889423162
[2m2025-03-25T07:57:03.722346Z[0m [32m INFO[0m [1mnode[0m[1m{[0m[3mname[0m[2m=[0mk#8dcff6d1..[1m}[0m[2m:[0m [2msui_core::checkpoints::checkpoint_output[0m[2m:[0m [2mcrates/sui-core/src/checkpoints/checkpoint_output.rs[0m[2m:[0m[2m149:[0m Creating checkpoint CheckpointDigest(3P4yDMyAqdZwxPgBynV9a6SDX2tTHovZZ3aAy29NkcmN) at epoch 1, sequence 682, previous digest Some(CheckpointDigest(9kPhSCbsuKJWkyoCPM51qToFnrzErEb9kjHaHdRNEG9r)), transactions count 1, content digest CheckpointContentsDigest(2FkoeCCVvFmydWF72mgBAsEx933Qc8djr3nK2SkyEtZn), end_of_epoch_data None
[2m2025-03-25T07:57:03.722417Z[0m [32m INFO[0m [1mnode[0m[1m{[0m[3mname[0m[2m=[0mk#99f25ef6..[1m}[0m[2m:[0m [2msui_core::checkpoints[0m[2m:[0m [2mcrates/sui-core/src/checkpoints/mod.rs[0m[2m:[0m[2m1326:[0m Creating checkpoint(s) for 1 transactions [3mnext_checkpoint_seq[0m[2m=[0m682 [3mcheckpoint_timestamp[0m[2m=[0m1742889423162
[2m2025-03-25T07:57:03.722600Z[0m [32m INFO[0m [1mnode[0m[1m{[0m[3mname[0m[2m=[0mk#99f25ef6..[1m}[0m[2m:[0m [2msui_core::checkpoints::checkpoint_output[0m[2m:[0m [2mcrates/sui-core/src/checkpoints/checkpoint_output.rs[0m[2m:[0m[2m149:[0m Creating checkpoint CheckpointDigest(3P4yDMyAqdZwxPgBynV9a6SDX2tTHovZZ3aAy29NkcmN) at epoch 1, sequence 682, previous digest Some(CheckpointDigest(9kPhSCbsuKJWkyoCPM51qToFnrzErEb9kjHaHdRNEG9r)), transactions count 1, content digest CheckpointContentsDigest(2FkoeCCVvFmydWF72mgBAsEx933Qc8djr3nK2SkyEtZn), end_of_epoch_data None
[2m2025-03-25T07:57:03.723473Z[0m [32m INFO[0m [1mnode[0m[1m{[0m[3mname[0m[2m=[0mk#addeef94..[1m}[0m[2m:[0m [2msui_core::checkpoints[0m[2m:[0m [2mcrates/sui-core/src/checkpoints/mod.rs[0m[2m:[0m[2m1326:[0m Creating checkpoint(s) for 1 transactions [3mnext_checkpoint_seq[0m[2m=[0m682 [3mcheckpoint_timestamp[0m[2m=[0m1742889423162
[2m2025-03-25T07:57:03.723646Z[0m [32m INFO[0m [1mnode[0m[1m{[0m[3mname[0m[2m=[0mk#addeef94..[1m}[0m[2m:[0m [2msui_core::checkpoints::checkpoint_output[0m[2m:[0m [2mcrates/sui-core/src/checkpoints/checkpoint_output.rs[0m[2m:[0m[2m149:[0m Creating checkpoint CheckpointDigest(3P4yDMyAqdZwxPgBynV9a6SDX2tTHovZZ3aAy29NkcmN) at epoch 1, sequence 682, previous digest Some(CheckpointDigest(9kPhSCbsuKJWkyoCPM51qToFnrzErEb9kjHaHdRNEG9r)), transactions count 1, content digest CheckpointContentsDigest(2FkoeCCVvFmydWF72mgBAsEx933Qc8djr3nK2SkyEtZn), end_of_epoch_data None
[2m2025-03-25T07:57:03.725746Z[0m [32m INFO[0m [1mnode[0m[1m{[0m[3mname[0m[2m=[0mk#8dcff6d1..[1m}[0m[2m:[0m [2msui_core::checkpoints::checkpoint_output[0m[2m:[0m [2mcrates/sui-core/src/checkpoints/checkpoint_output.rs[0m[2m:[0m[2m196:[0m Certified checkpoint with sequence 681 and digest 9kPhSCbsuKJWkyoCPM51qToFnrzErEb9kjHaHdRNEG9r
[2m2025-03-25T07:57:03.725864Z[0m [32m INFO[0m [1mnode[0m[1m{[0m[3mname[0m[2m=[0mk#99f25ef6..[1m}[0m[2m:[0m [2msui_core::checkpoints::checkpoint_output[0m[2m:[0m [2mcrates/sui-core/src/checkpoints/checkpoint_output.rs[0m[2m:[0m[2m196:[0m Certified checkpoint with sequence 681 and digest 9kPhSCbsuKJWkyoCPM51qToFnrzErEb9kjHaHdRNEG9r
[2m2025-03-25T07:57:03.728743Z[0m [32m INFO[0m [1mnode[0m[1m{[0m[3mname[0m[2m=[0mk#8dcff6d1..[1m}[0m[2m:[0m [2msui_core::checkpoints::checkpoint_executor[0m[2m:[0m [2mcrates/sui-core/src/checkpoints/checkpoint_executor/mod.rs[0m[2m:[0m[2m332:[0m Received checkpoint summary from state sync [3msequence_number[0m[2m=[0m681
[2m2025-03-25T07:57:03.730945Z[0m [32m INFO[0m [1mnode[0m[1m{[0m[3mname[0m[2m=[0mk#99f25ef6..[1m}[0m[2m:[0m [2msui_core::checkpoints::checkpoint_executor[0m[2m:[0m [2mcrates/sui-core/src/checkpoints/checkpoint_executor/mod.rs[0m[2m:[0m[2m332:[0m Received checkpoint summary from state sync [3msequence_number[0m[2m=[0m681
[2m2025-03-25T07:57:03.746452Z[0m [32m INFO[0m [1mnode[0m[1m{[0m[3mname[0m[2m=[0mk#99f25ef6..[1m}[0m[2m:[0m [2msui_core::state_accumulator[0m[2m:[0m [2mcrates/sui-core/src/state_accumulator.rs[0m[2m:[0m[2m675:[0m accumulating running root for checkpoint 681
[2m2025-03-25T07:57:03.746453Z[0m [32m INFO[0m [1mnode[0m[1m{[0m[3mname[0m[2m=[0mk#8dcff6d1..[1m}[0m[2m:[0m [2msui_core::state_accumulator[0m[2m:[0m [2mcrates/sui-core/src/state_accumulator.rs[0m[2m:[0m[2m675:[0m accumulating running root for checkpoint 681
[2m2025-03-25T07:57:03.790476Z[0m [32m INFO[0m [1mnode[0m[1m{[0m[3mname[0m[2m=[0mk#addeef94..[1m}[0m[2m:[0m [2msui_core::checkpoints::checkpoint_executor[0m[2m:[0m [2mcrates/sui-core/src/checkpoints/checkpoint_executor/mod.rs[0m[2m:[0m[2m332:[0m Received checkpoint summary from state sync [3msequence_number[0m[2m=[0m681
[2m2025-03-25T07:57:03.791853Z[0m [32m INFO[0m [1mnode[0m[1m{[0m[3mname[0m[2m=[0mk#addeef94..[1m}[0m[2m:[0m [2msui_core::state_accumulator[0m[2m:[0m [2mcrates/sui-core/src/state_accumulator.rs[0m[2m:[0m[2m675:[0m accumulating running root for checkpoint 681
[2m2025-03-25T07:57:03.926058Z[0m [32m INFO[0m [1mnode[0m[1m{[0m[3mname[0m[2m=[0mk#8dcff6d1..[1m}[0m[2m:[0m [2mconsensus_core::core[0m[2m:[0m [2mconsensus/core/src/core.rs[0m[2m:[0m[2m945:[0m Included 3 ancestors & excluded 0 ancestors for proposal in round 484
[2m2025-03-25T07:57:03.926058Z[0m [32m INFO[0m [1mnode[0m[1m{[0m[3mname[0m[2m=[0mk#99f25ef6..[1m}[0m[2m:[0m [2mconsensus_core::core[0m[2m:[0m [2mconsensus/core/src/core.rs[0m[2m:[0m[2m945:[0m Included 3 ancestors & excluded 0 ancestors for proposal in round 484
[2m2025-03-25T07:57:03.926434Z[0m [32m INFO[0m [1mnode[0m[1m{[0m[3mname[0m[2m=[0mk#99f25ef6..[1m}[0m[2m:[0m [2mconsensus_core::core[0m[2m:[0m [2mconsensus/core/src/core.rs[0m[2m:[0m[2m531:[0m Created block B484(B,vmNJWdGQO6Z+nAk/JNsfO9dSrZvaMbuK0+aDBkDIcwE=)(1742889423926ms;[B483(B,mjhSDvLJdKP2ZKcy5u4EJxQs0gyLWtbQTLmDUmkdJ8o=), B483(A,qKJGgn08s3hDLPyTs8XIu9hIr5bfvyBfJZKPpGiXjbQ=), B483(C,+1pHnYvkHensNRlPGe6dmu6P80OSQvuZtTdiurHeJZM=)];1t;1c) for round 484
[2m2025-03-25T07:57:03.926434Z[0m [32m INFO[0m [1mnode[0m[1m{[0m[3mname[0m[2m=[0mk#8dcff6d1..[1m}[0m[2m:[0m [2mconsensus_core::core[0m[2m:[0m [2mconsensus/core/src/core.rs[0m[2m:[0m[2m531:[0m Created block B484(A,MiFbgn/K/wevNN41IBTZwr+pz/9xxwzrRkJlK0a0O7Q=)(1742889423926ms;[B483(A,qKJGgn08s3hDLPyTs8XIu9hIr5bfvyBfJZKPpGiXjbQ=), B483(B,mjhSDvLJdKP2ZKcy5u4EJxQs0gyLWtbQTLmDUmkdJ8o=), B483(C,+1pHnYvkHensNRlPGe6dmu6P80OSQvuZtTdiurHeJZM=)];1t;1c) for round 484
[2m2025-03-25T07:57:03.929702Z[0m [32m INFO[0m [1mnode[0m[1m{[0m[3mname[0m[2m=[0mk#addeef94..[1m}[0m[2m:[0m [2mconsensus_core::core[0m[2m:[0m [2mconsensus/core/src/core.rs[0m[2m:[0m[2m945:[0m Included 3 ancestors & excluded 0 ancestors for proposal in round 484
[2m2025-03-25T07:57:03.930006Z[0m [32m INFO[0m [1mnode[0m[1m{[0m[3mname[0m[2m=[0mk#addeef94..[1m}[0m[2m:[0m [2mconsensus_core::core[0m[2m:[0m [2mconsensus/core/src/core.rs[0m[2m:[0m[2m531:[0m Created block B484(C,scPqHwus3iV+nxqkgLuVytGMsrsLISyrQK/jrBC8esg=)(1742889423929ms;[B483(C,+1pHnYvkHensNRlPGe6dmu6P80OSQvuZtTdiurHeJZM=), B483(A,qKJGgn08s3hDLPyTs8XIu9hIr5bfvyBfJZKPpGiXjbQ=), B483(B,mjhSDvLJdKP2ZKcy5u4EJxQs0gyLWtbQTLmDUmkdJ8o=)];1t;1c) for round 484
[2m2025-03-25T07:57:03.930074Z[0m [32m INFO[0m [1mnode[0m[1m{[0m[3mname[0m[2m=[0mk#addeef94..[1m}[0m[2m:[0m [2mconsensus_core::core[0m[2m:[0m [2mconsensus/core/src/core.rs[0m[2m:[0m[2m630:[0m Committing 1 leaders: B482(B,wjs6)
[2m2025-03-25T07:57:03.930143Z[0m [32m INFO[0m [1mnode[0m[1m{[0m[3mname[0m[2m=[0mk#addeef94..[1m}[0m[2m:[0m [2mconsensus_core::commit_observer[0m[2m:[0m [2mconsensus/core/src/commit_observer.rs[0m[2m:[0m[2m173:[0m Consensus commit C470(YFE8) with leader B482(B,wjs6) has 3 blocks
[2m2025-03-25T07:57:03.930226Z[0m [32m INFO[0m [1mnode[0m[1m{[0m[3mname[0m[2m=[0mk#addeef94..[1m}[0m[2m:[0m [2msui_core::consensus_handler[0m[2m:[0m [2mcrates/sui-core/src/consensus_handler.rs[0m[2m:[0m[2m232:[0m Received consensus output [3mconsensus_commit[0m[2m=[0mCommittedSubDag(leader=B482(B,wjs6), ref=C470(YFE8), blocks=[BLxS, a03X, wjs6]) [3mepoch[0m[2m=[0m1
[2m2025-03-25T07:57:03.933351Z[0m [32m INFO[0m [1mnode[0m[1m{[0m[3mname[0m[2m=[0mk#8dcff6d1..[1m}[0m[2m:[0m [2msui_core::checkpoints::checkpoint_output[0m[2m:[0m [2mcrates/sui-core/src/checkpoints/checkpoint_output.rs[0m[2m:[0m[2m196:[0m Certified checkpoint with sequence 682 and digest 3P4yDMyAqdZwxPgBynV9a6SDX2tTHovZZ3aAy29NkcmN
[2m2025-03-25T07:57:03.933354Z[0m [32m INFO[0m [1mnode[0m[1m{[0m[3mname[0m[2m=[0mk#99f25ef6..[1m}[0m[2m:[0m [2msui_core::checkpoints::checkpoint_output[0m[2m:[0m [2mcrates/sui-core/src/checkpoints/checkpoint_output.rs[0m[2m:[0m[2m196:[0m Certified checkpoint with sequence 682 and digest 3P4yDMyAqdZwxPgBynV9a6SDX2tTHovZZ3aAy29NkcmN
[2m2025-03-25T07:57:03.933463Z[0m [32m INFO[0m [1mnode[0m[1m{[0m[3mname[0m[2m=[0mk#8dcff6d1..[1m}[0m[2m:[0m [2mconsensus_core::core[0m[2m:[0m [2mconsensus/core/src/core.rs[0m[2m:[0m[2m630:[0m Committing 1 leaders: B482(B,wjs6)
[2m2025-03-25T07:57:03.933463Z[0m [32m INFO[0m [1mnode[0m[1m{[0m[3mname[0m[2m=[0mk#99f25ef6..[1m}[0m[2m:[0m [2mconsensus_core::core[0m[2m:[0m [2mconsensus/core/src/core.rs[0m[2m:[0m[2m630:[0m Committing 1 leaders: B482(B,wjs6)
[2m2025-03-25T07:57:03.933566Z[0m [32m INFO[0m [1mnode[0m[1m{[0m[3mname[0m[2m=[0mk#8dcff6d1..[1m}[0m[2m:[0m [2mconsensus_core::commit_observer[0m[2m:[0m [2mconsensus/core/src/commit_observer.rs[0m[2m:[0m[2m173:[0m Consensus commit C470(YFE8) with leader B482(B,wjs6) has 3 blocks
[2m2025-03-25T07:57:03.933572Z[0m [32m INFO[0m [1mnode[0m[1m{[0m[3mname[0m[2m=[0mk#99f25ef6..[1m}[0m[2m:[0m [2mconsensus_core::commit_observer[0m[2m:[0m [2mconsensus/core/src/commit_observer.rs[0m[2m:[0m[2m173:[0m Consensus commit C470(YFE8) with leader B482(B,wjs6) has 3 blocks
[2m2025-03-25T07:57:03.933973Z[0m [32m INFO[0m [1mnode[0m[1m{[0m[3mname[0m[2m=[0mk#8dcff6d1..[1m}[0m[2m:[0m [2msui_core::consensus_handler[0m[2m:[0m [2mcrates/sui-core/src/consensus_handler.rs[0m[2m:[0m[2m232:[0m Received consensus output [3mconsensus_commit[0m[2m=[0mCommittedSubDag(leader=B482(B,wjs6), ref=C470(YFE8), blocks=[BLxS, a03X, wjs6]) [3mepoch[0m[2m=[0m1
[2m2025-03-25T07:57:03.933973Z[0m [32m INFO[0m [1mnode[0m[1m{[0m[3mname[0m[2m=[0mk#99f25ef6..[1m}[0m[2m:[0m [2msui_core::consensus_handler[0m[2m:[0m [2mcrates/sui-core/src/consensus_handler.rs[0m[2m:[0m[2m232:[0m Received consensus output [3mconsensus_commit[0m[2m=[0mCommittedSubDag(leader=B482(B,wjs6), ref=C470(YFE8), blocks=[BLxS, a03X, wjs6]) [3mepoch[0m[2m=[0m1
[2m2025-03-25T07:57:03.934549Z[0m [32m INFO[0m [1mnode[0m[1m{[0m[3mname[0m[2m=[0mk#8dcff6d1..[1m}[0m[2m:[0m [2msui_core::checkpoints::checkpoint_executor[0m[2m:[0m [2mcrates/sui-core/src/checkpoints/checkpoint_executor/mod.rs[0m[2m:[0m[2m332:[0m Received checkpoint summary from state sync [3msequence_number[0m[2m=[0m682
[2m2025-03-25T07:57:03.934549Z[0m [32m INFO[0m [1mnode[0m[1m{[0m[3mname[0m[2m=[0mk#99f25ef6..[1m}[0m[2m:[0m [2msui_core::checkpoints::checkpoint_executor[0m[2m:[0m [2mcrates/sui-core/src/checkpoints/checkpoint_executor/mod.rs[0m[2m:[0m[2m332:[0m Received checkpoint summary from state sync [3msequence_number[0m[2m=[0m682
[2m2025-03-25T07:57:03.936067Z[0m [32m INFO[0m [1mnode[0m[1m{[0m[3mname[0m[2m=[0mk#8dcff6d1..[1m}[0m[2m:[0m [2msui_core::state_accumulator[0m[2m:[0m [2mcrates/sui-core/src/state_accumulator.rs[0m[2m:[0m[2m675:[0m accumulating running root for checkpoint 682
[2m2025-03-25T07:57:03.936067Z[0m [32m INFO[0m [1mnode[0m[1m{[0m[3mname[0m[2m=[0mk#99f25ef6..[1m}[0m[2m:[0m [2msui_core::state_accumulator[0m[2m:[0m [2mcrates/sui-core/src/state_accumulator.rs[0m[2m:[0m[2m675:[0m accumulating running root for checkpoint 682
[2m2025-03-25T07:57:03.957023Z[0m [32m INFO[0m [1mnode[0m[1m{[0m[3mname[0m[2m=[0mk#addeef94..[1m}[0m[2m:[0m [2msui_core::checkpoints[0m[2m:[0m [2mcrates/sui-core/src/checkpoints/mod.rs[0m[2m:[0m[2m1326:[0m Creating checkpoint(s) for 2 transactions [3mnext_checkpoint_seq[0m[2m=[0m683 [3mcheckpoint_timestamp[0m[2m=[0m1742889423414
[2m2025-03-25T07:57:03.957337Z[0m [32m INFO[0m [1mnode[0m[1m{[0m[3mname[0m[2m=[0mk#addeef94..[1m}[0m[2m:[0m [2msui_core::checkpoints::checkpoint_output[0m[2m:[0m [2mcrates/sui-core/src/checkpoints/checkpoint_output.rs[0m[2m:[0m[2m149:[0m Creating checkpoint CheckpointDigest(ApLTHdsF9Q5UoQgSkmiXG34ZPy7iBTxDnXRY2pPNouUY) at epoch 1, sequence 683, previous digest Some(CheckpointDigest(3P4yDMyAqdZwxPgBynV9a6SDX2tTHovZZ3aAy29NkcmN)), transactions count 2, content digest CheckpointContentsDigest(G3am2Mq2TGj1ZSydBkCSQeq2PYWESWLEDTztomrcSoaY), end_of_epoch_data None
[2m2025-03-25T07:57:03.960112Z[0m [32m INFO[0m [1mnode[0m[1m{[0m[3mname[0m[2m=[0mk#addeef94..[1m}[0m[2m:[0m [2msui_core::checkpoints::checkpoint_executor[0m[2m:[0m [2mcrates/sui-core/src/checkpoints/checkpoint_executor/mod.rs[0m[2m:[0m[2m332:[0m Received checkpoint summary from state sync [3msequence_number[0m[2m=[0m682
[2m2025-03-25T07:57:03.960963Z[0m [32m INFO[0m [1mnode[0m[1m{[0m[3mname[0m[2m=[0mk#addeef94..[1m}[0m[2m:[0m [2msui_core::state_accumulator[0m[2m:[0m [2mcrates/sui-core/src/state_accumulator.rs[0m[2m:[0m[2m675:[0m accumulating running root for checkpoint 682
[2m2025-03-25T07:57:03.961487Z[0m [32m INFO[0m [1mnode[0m[1m{[0m[3mname[0m[2m=[0mk#8dcff6d1..[1m}[0m[2m:[0m [2msui_core::checkpoints[0m[2m:[0m [2mcrates/sui-core/src/checkpoints/mod.rs[0m[2m:[0m[2m1326:[0m Creating checkpoint(s) for 2 transactions [3mnext_checkpoint_seq[0m[2m=[0m683 [3mcheckpoint_timestamp[0m[2m=[0m1742889423414
[2m2025-03-25T07:57:03.961509Z[0m [32m INFO[0m [1mnode[0m[1m{[0m[3mname[0m[2m=[0mk#99f25ef6..[1m}[0m[2m:[0m [2msui_core::checkpoints[0m[2m:[0m [2mcrates/sui-core/src/checkpoints/mod.rs[0m[2m:[0m[2m1326:[0m Creating checkpoint(s) for 2 transactions [3mnext_checkpoint_seq[0m[2m=[0m683 [3mcheckpoint_timestamp[0m[2m=[0m1742889423414
[2m2025-03-25T07:57:03.961759Z[0m [32m INFO[0m [1mnode[0m[1m{[0m[3mname[0m[2m=[0mk#8dcff6d1..[1m}[0m[2m:[0m [2msui_core::checkpoints::checkpoint_output[0m[2m:[0m [2mcrates/sui-core/src/checkpoints/checkpoint_output.rs[0m[2m:[0m[2m149:[0m Creating checkpoint CheckpointDigest(ApLTHdsF9Q5UoQgSkmiXG34ZPy7iBTxDnXRY2pPNouUY) at epoch 1, sequence 683, previous digest Some(CheckpointDigest(3P4yDMyAqdZwxPgBynV9a6SDX2tTHovZZ3aAy29NkcmN)), transactions count 2, content digest CheckpointContentsDigest(G3am2Mq2TGj1ZSydBkCSQeq2PYWESWLEDTztomrcSoaY), end_of_epoch_data None
[2m2025-03-25T07:57:03.961766Z[0m [32m INFO[0m [1mnode[0m[1m{[0m[3mname[0m[2m=[0mk#99f25ef6..[1m}[0m[2m:[0m [2msui_core::checkpoints::checkpoint_output[0m[2m:[0m [2mcrates/sui-core/src/checkpoints/checkpoint_output.rs[0m[2m:[0m[2m149:[0m Creating checkpoint CheckpointDigest(ApLTHdsF9Q5UoQgSkmiXG34ZPy7iBTxDnXRY2pPNouUY) at epoch 1, sequence 683, previous digest Some(CheckpointDigest(3P4yDMyAqdZwxPgBynV9a6SDX2tTHovZZ3aAy29NkcmN)), transactions count 2, content digest CheckpointContentsDigest(G3am2Mq2TGj1ZSydBkCSQeq2PYWESWLEDTztomrcSoaY), end_of_epoch_data None
[2m2025-03-25T07:57:04.182742Z[0m [32m INFO[0m [1mnode[0m[1m{[0m[3mname[0m[2m=[0mk#addeef94..[1m}[0m[2m:[0m [2mconsensus_core::core[0m[2m:[0m [2mconsensus/core/src/core.rs[0m[2m:[0m[2m945:[0m Included 3 ancestors & excluded 0 ancestors for proposal in round 485
[2m2025-03-25T07:57:04.183097Z[0m [32m INFO[0m [1mnode[0m[1m{[0m[3mname[0m[2m=[0mk#addeef94..[1m}[0m[2m:[0m [2mconsensus_core::core[0m[2m:[0m [2mconsensus/core/src/core.rs[0m[2m:[0m[2m531:[0m Created block B485(C,OajcihXNUpUB42RMPUbpzZXGj8Ess5fXagxNo6Gwpls=)(1742889424182ms;[B484(C,scPqHwus3iV+nxqkgLuVytGMsrsLISyrQK/jrBC8esg=), B484(A,MiFbgn/K/wevNN41IBTZwr+pz/9xxwzrRkJlK0a0O7Q=), B484(B,vmNJWdGQO6Z+nAk/JNsfO9dSrZvaMbuK0+aDBkDIcwE=)];1t;1c) for round 485
[2m2025-03-25T07:57:04.185025Z[0m [32m INFO[0m [1mnode[0m[1m{[0m[3mname[0m[2m=[0mk#99f25ef6..[1m}[0m[2m:[0m [2mconsensus_core::core[0m[2m:[0m [2mconsensus/core/src/core.rs[0m[2m:[0m[2m945:[0m Included 3 ancestors & excluded 0 ancestors for proposal in round 485
[2m2025-03-25T07:57:04.185073Z[0m [32m INFO[0m [1mnode[0m[1m{[0m[3mname[0m[2m=[0mk#8dcff6d1..[1m}[0m[2m:[0m [2mconsensus_core::core[0m[2m:[0m [2mconsensus/core/src/core.rs[0m[2m:[0m[2m945:[0m Included 3 ancestors & excluded 0 ancestors for proposal in round 485
[2m2025-03-25T07:57:04.185320Z[0m [32m INFO[0m [1mnode[0m[1m{[0m[3mname[0m[2m=[0mk#99f25ef6..[1m}[0m[2m:[0m [2mconsensus_core::core[0m[2m:[0m [2mconsensus/core/src/core.rs[0m[2m:[0m[2m531:[0m Created block B485(B,d+kqWS5s35GtZq7GHJEIzRgkYzTfgzz5NKo9E7W2NAk=)(1742889424185ms;[B484(B,vmNJWdGQO6Z+nAk/JNsfO9dSrZvaMbuK0+aDBkDIcwE=), B484(A,MiFbgn/K/wevNN41IBTZwr+pz/9xxwzrRkJlK0a0O7Q=), B484(C,scPqHwus3iV+nxqkgLuVytGMsrsLISyrQK/jrBC8esg=)];1t;1c) for round 485
[2m2025-03-25T07:57:04.185359Z[0m [32m INFO[0m [1mnode[0m[1m{[0m[3mname[0m[2m=[0mk#8dcff6d1..[1m}[0m[2m:[0m [2mconsensus_core::core[0m[2m:[0m [2mconsensus/core/src/core.rs[0m[2m:[0m[2m531:[0m Created block B485(A,3blcq3rdhOmZJ8PqNKTSRhBQZZuN75P+fs2AT6IMF/E=)(1742889424185ms;[B484(A,MiFbgn/K/wevNN41IBTZwr+pz/9xxwzrRkJlK0a0O7Q=), B484(B,vmNJWdGQO6Z+nAk/JNsfO9dSrZvaMbuK0+aDBkDIcwE=), B484(C,scPqHwus3iV+nxqkgLuVytGMsrsLISyrQK/jrBC8esg=)];1t;1c) for round 485
[2m2025-03-25T07:57:04.185392Z[0m [32m INFO[0m [1mnode[0m[1m{[0m[3mname[0m[2m=[0mk#99f25ef6..[1m}[0m[2m:[0m [2mconsensus_core::core[0m[2m:[0m [2mconsensus/core/src/core.rs[0m[2m:[0m[2m630:[0m Committing 1 leaders: B483(A,qKJG)
[2m2025-03-25T07:57:04.185419Z[0m [32m INFO[0m [1mnode[0m[1m{[0m[3mname[0m[2m=[0mk#8dcff6d1..[1m}[0m[2m:[0m [2mconsensus_core::core[0m[2m:[0m [2mconsensus/core/src/core.rs[0m[2m:[0m[2m630:[0m Committing 1 leaders: B483(A,qKJG)
[2m2025-03-25T07:57:04.185464Z[0m [32m INFO[0m [1mnode[0m[1m{[0m[3mname[0m[2m=[0mk#99f25ef6..[1m}[0m[2m:[0m [2mconsensus_core::commit_observer[0m[2m:[0m [2mconsensus/core/src/commit_observer.rs[0m[2m:[0m[2m173:[0m Consensus commit C471(ysdq) with leader B483(A,qKJG) has 3 blocks
[2m2025-03-25T07:57:04.185481Z[0m [32m INFO[0m [1mnode[0m[1m{[0m[3mname[0m[2m=[0mk#8dcff6d1..[1m}[0m[2m:[0m [2mconsensus_core::commit_observer[0m[2m:[0m [2mconsensus/core/src/commit_observer.rs[0m[2m:[0m[2m173:[0m Consensus commit C471(ysdq) with leader B483(A,qKJG) has 3 blocks
[2m2025-03-25T07:57:04.185557Z[0m [32m INFO[0m [1mnode[0m[1m{[0m[3mname[0m[2m=[0mk#8dcff6d1..[1m}[0m[2m:[0m [2msui_core::consensus_handler[0m[2m:[0m [2mcrates/sui-core/src/consensus_handler.rs[0m[2m:[0m[2m232:[0m Received consensus output [3mconsensus_commit[0m[2m=[0mCommittedSubDag(leader=B483(A,qKJG), ref=C471(ysdq), blocks=[xKYi, pZmK, qKJG]) [3mepoch[0m[2m=[0m1
[2m2025-03-25T07:57:04.185557Z[0m [32m INFO[0m [1mnode[0m[1m{[0m[3mname[0m[2m=[0mk#99f25ef6..[1m}[0m[2m:[0m [2msui_core::consensus_handler[0m[2m:[0m [2mcrates/sui-core/src/consensus_handler.rs[0m[2m:[0m[2m232:[0m Received consensus output [3mconsensus_commit[0m[2m=[0mCommittedSubDag(leader=B483(A,qKJG), ref=C471(ysdq), blocks=[xKYi, pZmK, qKJG]) [3mepoch[0m[2m=[0m1
[2m2025-03-25T07:57:04.189206Z[0m [32m INFO[0m [1mnode[0m[1m{[0m[3mname[0m[2m=[0mk#addeef94..[1m}[0m[2m:[0m [2mconsensus_core::core[0m[2m:[0m [2mconsensus/core/src/core.rs[0m[2m:[0m[2m630:[0m Committing 1 leaders: B483(A,qKJG)
[2m2025-03-25T07:57:04.189295Z[0m [32m INFO[0m [1mnode[0m[1m{[0m[3mname[0m[2m=[0mk#addeef94..[1m}[0m[2m:[0m [2mconsensus_core::commit_observer[0m[2m:[0m [2mconsensus/core/src/commit_observer.rs[0m[2m:[0m[2m173:[0m Consensus commit C471(ysdq) with leader B483(A,qKJG) has 3 blocks
[2m2025-03-25T07:57:04.189416Z[0m [32m INFO[0m [1mnode[0m[1m{[0m[3mname[0m[2m=[0mk#addeef94..[1m}[0m[2m:[0m [2msui_core::consensus_handler[0m[2m:[0m [2mcrates/sui-core/src/consensus_handler.rs[0m[2m:[0m[2m232:[0m Received consensus output [3mconsensus_commit[0m[2m=[0mCommittedSubDag(leader=B483(A,qKJG), ref=C471(ysdq), blocks=[xKYi, pZmK, qKJG]) [3mepoch[0m[2m=[0m1
[2m2025-03-25T07:57:04.231660Z[0m [32m INFO[0m [1mnode[0m[1m{[0m[3mname[0m[2m=[0mk#8dcff6d1..[1m}[0m[2m:[0m [2msui_core::checkpoints[0m[2m:[0m [2mcrates/sui-core/src/checkpoints/mod.rs[0m[2m:[0m[2m1326:[0m Creating checkpoint(s) for 1 transactions [3mnext_checkpoint_seq[0m[2m=[0m684 [3mcheckpoint_timestamp[0m[2m=[0m1742889423673
[2m2025-03-25T07:57:04.231731Z[0m [32m INFO[0m [1mnode[0m[1m{[0m[3mname[0m[2m=[0mk#99f25ef6..[1m}[0m[2m:[0m [2msui_core::checkpoints[0m[2m:[0m [2mcrates/sui-core/src/checkpoints/mod.rs[0m[2m:[0m[2m1326:[0m Creating checkpoint(s) for 1 transactions [3mnext_checkpoint_seq[0m[2m=[0m684 [3mcheckpoint_timestamp[0m[2m=[0m1742889423673
[2m2025-03-25T07:57:04.231912Z[0m [32m INFO[0m [1mnode[0m[1m{[0m[3mname[0m[2m=[0mk#99f25ef6..[1m}[0m[2m:[0m [2msui_core::checkpoints::checkpoint_output[0m[2m:[0m [2mcrates/sui-core/src/checkpoints/checkpoint_output.rs[0m[2m:[0m[2m149:[0m Creating checkpoint CheckpointDigest(7U2CmKbdaSg5GfzgEcGpYFcGA7i13FxFUdwQFrhZzA44) at epoch 1, sequence 684, previous digest Some(CheckpointDigest(ApLTHdsF9Q5UoQgSkmiXG34ZPy7iBTxDnXRY2pPNouUY)), transactions count 1, content digest CheckpointContentsDigest(5gePbXuAkRvRj1MkGa2R9jjeoyAHKn4roBUDJuFatcJU), end_of_epoch_data None
[2m2025-03-25T07:57:04.231912Z[0m [32m INFO[0m [1mnode[0m[1m{[0m[3mname[0m[2m=[0mk#8dcff6d1..[1m}[0m[2m:[0m [2msui_core::checkpoints::checkpoint_output[0m[2m:[0m [2mcrates/sui-core/src/checkpoints/checkpoint_output.rs[0m[2m:[0m[2m149:[0m Creating checkpoint CheckpointDigest(7U2CmKbdaSg5GfzgEcGpYFcGA7i13FxFUdwQFrhZzA44) at epoch 1, sequence 684, previous digest Some(CheckpointDigest(ApLTHdsF9Q5UoQgSkmiXG34ZPy7iBTxDnXRY2pPNouUY)), transactions count 1, content digest CheckpointContentsDigest(5gePbXuAkRvRj1MkGa2R9jjeoyAHKn4roBUDJuFatcJU), end_of_epoch_data None
[2m2025-03-25T07:57:04.233647Z[0m [32m INFO[0m [1mnode[0m[1m{[0m[3mname[0m[2m=[0mk#addeef94..[1m}[0m[2m:[0m [2msui_core::checkpoints[0m[2m:[0m [2mcrates/sui-core/src/checkpoints/mod.rs[0m[2m:[0m[2m1326:[0m Creating checkpoint(s) for 1 transactions [3mnext_checkpoint_seq[0m[2m=[0m684 [3mcheckpoint_timestamp[0m[2m=[0m1742889423673
[2m2025-03-25T07:57:04.233816Z[0m [32m INFO[0m [1mnode[0m[1m{[0m[3mname[0m[2m=[0mk#addeef94..[1m}[0m[2m:[0m [2msui_core::checkpoints::checkpoint_output[0m[2m:[0m [2mcrates/sui-core/src/checkpoints/checkpoint_output.rs[0m[2m:[0m[2m149:[0m Creating checkpoint CheckpointDigest(7U2CmKbdaSg5GfzgEcGpYFcGA7i13FxFUdwQFrhZzA44) at epoch 1, sequence 684, previous digest Some(CheckpointDigest(ApLTHdsF9Q5UoQgSkmiXG34ZPy7iBTxDnXRY2pPNouUY)), transactions count 1, content digest CheckpointContentsDigest(5gePbXuAkRvRj1MkGa2R9jjeoyAHKn4roBUDJuFatcJU), end_of_epoch_data None
[2m2025-03-25T07:57:04.235308Z[0m [32m INFO[0m [1mnode[0m[1m{[0m[3mname[0m[2m=[0mk#8dcff6d1..[1m}[0m[2m:[0m [2msui_core::checkpoints::checkpoint_output[0m[2m:[0m [2mcrates/sui-core/src/checkpoints/checkpoint_output.rs[0m[2m:[0m[2m196:[0m Certified checkpoint with sequence 683 and digest ApLTHdsF9Q5UoQgSkmiXG34ZPy7iBTxDnXRY2pPNouUY
[2m2025-03-25T07:57:04.235403Z[0m [32m INFO[0m [1mnode[0m[1m{[0m[3mname[0m[2m=[0mk#99f25ef6..[1m}[0m[2m:[0m [2msui_core::checkpoints::checkpoint_output[0m[2m:[0m [2mcrates/sui-core/src/checkpoints/checkpoint_output.rs[0m[2m:[0m[2m196:[0m Certified checkpoint with sequence 683 and digest ApLTHdsF9Q5UoQgSkmiXG34ZPy7iBTxDnXRY2pPNouUY
[2m2025-03-25T07:57:04.238620Z[0m [32m INFO[0m [1mnode[0m[1m{[0m[3mname[0m[2m=[0mk#8dcff6d1..[1m}[0m[2m:[0m [2msui_core::checkpoints::checkpoint_executor[0m[2m:[0m [2mcrates/sui-core/src/checkpoints/checkpoint_executor/mod.rs[0m[2m:[0m[2m332:[0m Received checkpoint summary from state sync [3msequence_number[0m[2m=[0m683
[2m2025-03-25T07:57:04.240893Z[0m [32m INFO[0m [1mnode[0m[1m{[0m[3mname[0m[2m=[0mk#99f25ef6..[1m}[0m[2m:[0m [2msui_core::checkpoints::checkpoint_executor[0m[2m:[0m [2mcrates/sui-core/src/checkpoints/checkpoint_executor/mod.rs[0m[2m:[0m[2m332:[0m Received checkpoint summary from state sync [3msequence_number[0m[2m=[0m683
[2m2025-03-25T07:57:04.256439Z[0m [32m INFO[0m [1mnode[0m[1m{[0m[3mname[0m[2m=[0mk#8dcff6d1..[1m}[0m[2m:[0m [2msui_core::state_accumulator[0m[2m:[0m [2mcrates/sui-core/src/state_accumulator.rs[0m[2m:[0m[2m675:[0m accumulating running root for checkpoint 683
[2m2025-03-25T07:57:04.256441Z[0m [32m INFO[0m [1mnode[0m[1m{[0m[3mname[0m[2m=[0mk#99f25ef6..[1m}[0m[2m:[0m [2msui_core::state_accumulator[0m[2m:[0m [2mcrates/sui-core/src/state_accumulator.rs[0m[2m:[0m[2m675:[0m accumulating running root for checkpoint 683
[2m2025-03-25T07:57:04.301510Z[0m [32m INFO[0m [1mnode[0m[1m{[0m[3mname[0m[2m=[0mk#addeef94..[1m}[0m[2m:[0m [2msui_core::checkpoints::checkpoint_executor[0m[2m:[0m [2mcrates/sui-core/src/checkpoints/checkpoint_executor/mod.rs[0m[2m:[0m[2m332:[0m Received checkpoint summary from state sync [3msequence_number[0m[2m=[0m683
[2m2025-03-25T07:57:04.302946Z[0m [32m INFO[0m [1mnode[0m[1m{[0m[3mname[0m[2m=[0mk#addeef94..[1m}[0m[2m:[0m [2msui_core::state_accumulator[0m[2m:[0m [2mcrates/sui-core/src/state_accumulator.rs[0m[2m:[0m[2m675:[0m accumulating running root for checkpoint 683
[2m2025-03-25T07:57:04.304212Z[0m [32m INFO[0m [1mnode[0m[1m{[0m[3mname[0m[2m=[0mk#addeef94..[1m}[0m[2m:[0m [2mconsensus_core::core[0m[2m:[0m [2mconsensus/core/src/core.rs[0m[2m:[0m[2m694:[0m Received quorum round per authority in ancestor state manager set to: [(485, 485), (485, 485), (485, 485)]
[2m2025-03-25T07:57:04.304223Z[0m [32m INFO[0m [1mnode[0m[1m{[0m[3mname[0m[2m=[0mk#addeef94..[1m}[0m[2m:[0m [2mconsensus_core::core[0m[2m:[0m [2mconsensus/core/src/core.rs[0m[2m:[0m[2m695:[0m Accepted quorum round per authority in ancestor state manager set to: [(485, 485), (485, 485), (485, 485)]
[2m2025-03-25T07:57:04.304230Z[0m [32m INFO[0m [1mnode[0m[1m{[0m[3mname[0m[2m=[0mk#addeef94..[1m}[0m[2m:[0m [2mconsensus_core::core[0m[2m:[0m [2mconsensus/core/src/core.rs[0m[2m:[0m[2m698:[0m Propagation round delay set to: 0
[2m2025-03-25T07:57:04.304273Z[0m [32m INFO[0m [1mnode[0m[1m{[0m[3mname[0m[2m=[0mk#8dcff6d1..[1m}[0m[2m:[0m [2mconsensus_core::core[0m[2m:[0m [2mconsensus/core/src/core.rs[0m[2m:[0m[2m694:[0m Received quorum round per authority in ancestor state manager set to: [(485, 485), (485, 485), (485, 485)]
[2m2025-03-25T07:57:04.304283Z[0m [32m INFO[0m [1mnode[0m[1m{[0m[3mname[0m[2m=[0mk#8dcff6d1..[1m}[0m[2m:[0m [2mconsensus_core::core[0m[2m:[0m [2mconsensus/core/src/core.rs[0m[2m:[0m[2m695:[0m Accepted quorum round per authority in ancestor state manager set to: [(485, 485), (485, 485), (485, 485)]
[2m2025-03-25T07:57:04.304290Z[0m [32m INFO[0m [1mnode[0m[1m{[0m[3mname[0m[2m=[0mk#8dcff6d1..[1m}[0m[2m:[0m [2mconsensus_core::core[0m[2m:[0m [2mconsensus/core/src/core.rs[0m[2m:[0m[2m698:[0m Propagation round delay set to: 0
[2m2025-03-25T07:57:04.304310Z[0m [32m INFO[0m [1mnode[0m[1m{[0m[3mname[0m[2m=[0mk#99f25ef6..[1m}[0m[2m:[0m [2mconsensus_core::core[0m[2m:[0m [2mconsensus/core/src/core.rs[0m[2m:[0m[2m694:[0m Received quorum round per authority in ancestor state manager set to: [(485, 485), (485, 485), (485, 485)]
[2m2025-03-25T07:57:04.304320Z[0m [32m INFO[0m [1mnode[0m[1m{[0m[3mname[0m[2m=[0mk#99f25ef6..[1m}[0m[2m:[0m [2mconsensus_core::core[0m[2m:[0m [2mconsensus/core/src/core.rs[0m[2m:[0m[2m695:[0m Accepted quorum round per authority in ancestor state manager set to: [(485, 485), (485, 485), (485, 485)]
[2m2025-03-25T07:57:04.304326Z[0m [32m INFO[0m [1mnode[0m[1m{[0m[3mname[0m[2m=[0mk#99f25ef6..[1m}[0m[2m:[0m [2mconsensus_core::core[0m[2m:[0m [2mconsensus/core/src/core.rs[0m[2m:[0m[2m698:[0m Propagation round delay set to: 0
[2m2025-03-25T07:57:04.437891Z[0m [32m INFO[0m [1mnode[0m[1m{[0m[3mname[0m[2m=[0mk#99f25ef6..[1m}[0m[2m:[0m [2mconsensus_core::core[0m[2m:[0m [2mconsensus/core/src/core.rs[0m[2m:[0m[2m945:[0m Included 3 ancestors & excluded 0 ancestors for proposal in round 486
[2m2025-03-25T07:57:04.438299Z[0m [32m INFO[0m [1mnode[0m[1m{[0m[3mname[0m[2m=[0mk#99f25ef6..[1m}[0m[2m:[0m [2mconsensus_core::core[0m[2m:[0m [2mconsensus/core/src/core.rs[0m[2m:[0m[2m531:[0m Created block B486(B,X9UoQA8jW7fIjc13ItGnNiGYwr1niElp6XZ04yicJDs=)(1742889424438ms;[B485(B,d+kqWS5s35GtZq7GHJEIzRgkYzTfgzz5NKo9E7W2NAk=), B485(A,3blcq3rdhOmZJ8PqNKTSRhBQZZuN75P+fs2AT6IMF/E=), B485(C,OajcihXNUpUB42RMPUbpzZXGj8Ess5fXagxNo6Gwpls=)];1t;1c) for round 486
[2m2025-03-25T07:57:04.438499Z[0m [32m INFO[0m [1mnode[0m[1m{[0m[3mname[0m[2m=[0mk#8dcff6d1..[1m}[0m[2m:[0m [2mconsensus_core::core[0m[2m:[0m [2mconsensus/core/src/core.rs[0m[2m:[0m[2m945:[0m Included 3 ancestors & excluded 0 ancestors for proposal in round 486
[2m2025-03-25T07:57:04.438823Z[0m [32m INFO[0m [1mnode[0m[1m{[0m[3mname[0m[2m=[0mk#8dcff6d1..[1m}[0m[2m:[0m [2mconsensus_core::core[0m[2m:[0m [2mconsensus/core/src/core.rs[0m[2m:[0m[2m531:[0m Created block B486(A,jCgdBAmgwx1fUTS+gNMP1WdrSYhxaaPKMGmGwIHYWpU=)(1742889424438ms;[B485(A,3blcq3rdhOmZJ8PqNKTSRhBQZZuN75P+fs2AT6IMF/E=), B485(B,d+kqWS5s35GtZq7GHJEIzRgkYzTfgzz5NKo9E7W2NAk=), B485(C,OajcihXNUpUB42RMPUbpzZXGj8Ess5fXagxNo6Gwpls=)];1t;1c) for round 486
[2m2025-03-25T07:57:04.441501Z[0m [32m INFO[0m [1mnode[0m[1m{[0m[3mname[0m[2m=[0mk#addeef94..[1m}[0m[2m:[0m [2mconsensus_core::core[0m[2m:[0m [2mconsensus/core/src/core.rs[0m[2m:[0m[2m945:[0m Included 3 ancestors & excluded 0 ancestors for proposal in round 486
[2m2025-03-25T07:57:04.441801Z[0m [32m INFO[0m [1mnode[0m[1m{[0m[3mname[0m[2m=[0mk#addeef94..[1m}[0m[2m:[0m [2mconsensus_core::core[0m[2m:[0m [2mconsensus/core/src/core.rs[0m[2m:[0m[2m531:[0m Created block B486(C,nWtacsBL1tOavOU2AYyIKTpy5qdTQp4+WJsf6XiEgLI=)(1742889424441ms;[B485(C,OajcihXNUpUB42RMPUbpzZXGj8Ess5fXagxNo6Gwpls=), B485(A,3blcq3rdhOmZJ8PqNKTSRhBQZZuN75P+fs2AT6IMF/E=), B485(B,d+kqWS5s35GtZq7GHJEIzRgkYzTfgzz5NKo9E7W2NAk=)];1t;1c) for round 486
[2m2025-03-25T07:57:04.441874Z[0m [32m INFO[0m [1mnode[0m[1m{[0m[3mname[0m[2m=[0mk#addeef94..[1m}[0m[2m:[0m [2mconsensus_core::core[0m[2m:[0m [2mconsensus/core/src/core.rs[0m[2m:[0m[2m630:[0m Committing 1 leaders: B484(C,scPq)
[2m2025-03-25T07:57:04.441948Z[0m [32m INFO[0m [1mnode[0m[1m{[0m[3mname[0m[2m=[0mk#addeef94..[1m}[0m[2m:[0m [2mconsensus_core::commit_observer[0m[2m:[0m [2mconsensus/core/src/commit_observer.rs[0m[2m:[0m[2m173:[0m Consensus commit C472(ctWJ) with leader B484(C,scPq) has 3 blocks
[2m2025-03-25T07:57:04.442197Z[0m [32m INFO[0m [1mnode[0m[1m{[0m[3mname[0m[2m=[0mk#addeef94..[1m}[0m[2m:[0m [2msui_core::consensus_handler[0m[2m:[0m [2mcrates/sui-core/src/consensus_handler.rs[0m[2m:[0m[2m232:[0m Received consensus output [3mconsensus_commit[0m[2m=[0mCommittedSubDag(leader=B484(C,scPq), ref=C472(ctWJ), blocks=[mjhS, +1pH, scPq]) [3mepoch[0m[2m=[0m1
[2m2025-03-25T07:57:04.445301Z[0m [32m INFO[0m [1mnode[0m[1m{[0m[3mname[0m[2m=[0mk#99f25ef6..[1m}[0m[2m:[0m [2msui_core::checkpoints::checkpoint_output[0m[2m:[0m [2mcrates/sui-core/src/checkpoints/checkpoint_output.rs[0m[2m:[0m[2m196:[0m Certified checkpoint with sequence 684 and digest 7U2CmKbdaSg5GfzgEcGpYFcGA7i13FxFUdwQFrhZzA44
[2m2025-03-25T07:57:04.445307Z[0m [32m INFO[0m [1mnode[0m[1m{[0m[3mname[0m[2m=[0mk#8dcff6d1..[1m}[0m[2m:[0m [2msui_core::checkpoints::checkpoint_output[0m[2m:[0m [2mcrates/sui-core/src/checkpoints/checkpoint_output.rs[0m[2m:[0m[2m196:[0m Certified checkpoint with sequence 684 and digest 7U2CmKbdaSg5GfzgEcGpYFcGA7i13FxFUdwQFrhZzA44
[2m2025-03-25T07:57:04.445412Z[0m [32m INFO[0m [1mnode[0m[1m{[0m[3mname[0m[2m=[0mk#8dcff6d1..[1m}[0m[2m:[0m [2mconsensus_core::core[0m[2m:[0m [2mconsensus/core/src/core.rs[0m[2m:[0m[2m630:[0m Committing 1 leaders: B484(C,scPq)
[2m2025-03-25T07:57:04.445413Z[0m [32m INFO[0m [1mnode[0m[1m{[0m[3mname[0m[2m=[0mk#99f25ef6..[1m}[0m[2m:[0m [2mconsensus_core::core[0m[2m:[0m [2mconsensus/core/src/core.rs[0m[2m:[0m[2m630:[0m Committing 1 leaders: B484(C,scPq)
[2m2025-03-25T07:57:04.445516Z[0m [32m INFO[0m [1mnode[0m[1m{[0m[3mname[0m[2m=[0mk#8dcff6d1..[1m}[0m[2m:[0m [2mconsensus_core::commit_observer[0m[2m:[0m [2mconsensus/core/src/commit_observer.rs[0m[2m:[0m[2m173:[0m Consensus commit C472(ctWJ) with leader B484(C,scPq) has 3 blocks
[2m2025-03-25T07:57:04.445525Z[0m [32m INFO[0m [1mnode[0m[1m{[0m[3mname[0m[2m=[0mk#99f25ef6..[1m}[0m[2m:[0m [2mconsensus_core::commit_observer[0m[2m:[0m [2mconsensus/core/src/commit_observer.rs[0m[2m:[0m[2m173:[0m Consensus commit C472(ctWJ) with leader B484(C,scPq) has 3 blocks
[2m2025-03-25T07:57:04.445936Z[0m [32m INFO[0m [1mnode[0m[1m{[0m[3mname[0m[2m=[0mk#99f25ef6..[1m}[0m[2m:[0m [2msui_core::consensus_handler[0m[2m:[0m [2mcrates/sui-core/src/consensus_handler.rs[0m[2m:[0m[2m232:[0m Received consensus output [3mconsensus_commit[0m[2m=[0mCommittedSubDag(leader=B484(C,scPq), ref=C472(ctWJ), blocks=[mjhS, +1pH, scPq]) [3mepoch[0m[2m=[0m1
[2m2025-03-25T07:57:04.445936Z[0m [32m INFO[0m [1mnode[0m[1m{[0m[3mname[0m[2m=[0mk#8dcff6d1..[1m}[0m[2m:[0m [2msui_core::consensus_handler[0m[2m:[0m [2mcrates/sui-core/src/consensus_handler.rs[0m[2m:[0m[2m232:[0m Received consensus output [3mconsensus_commit[0m[2m=[0mCommittedSubDag(leader=B484(C,scPq), ref=C472(ctWJ), blocks=[mjhS, +1pH, scPq]) [3mepoch[0m[2m=[0m1
[2m2025-03-25T07:57:04.446515Z[0m [32m INFO[0m [1mnode[0m[1m{[0m[3mname[0m[2m=[0mk#8dcff6d1..[1m}[0m[2m:[0m [2msui_core::checkpoints::checkpoint_executor[0m[2m:[0m [2mcrates/sui-core/src/checkpoints/checkpoint_executor/mod.rs[0m[2m:[0m[2m332:[0m Received checkpoint summary from state sync [3msequence_number[0m[2m=[0m684
[2m2025-03-25T07:57:04.446515Z[0m [32m INFO[0m [1mnode[0m[1m{[0m[3mname[0m[2m=[0mk#99f25ef6..[1m}[0m[2m:[0m [2msui_core::checkpoints::checkpoint_executor[0m[2m:[0m [2mcrates/sui-core/src/checkpoints/checkpoint_executor/mod.rs[0m[2m:[0m[2m332:[0m Received checkpoint summary from state sync [3msequence_number[0m[2m=[0m684
[2m2025-03-25T07:57:04.448094Z[0m [32m INFO[0m [1mnode[0m[1m{[0m[3mname[0m[2m=[0mk#99f25ef6..[1m}[0m[2m:[0m [2msui_core::state_accumulator[0m[2m:[0m [2mcrates/sui-core/src/state_accumulator.rs[0m[2m:[0m[2m675:[0m accumulating running root for checkpoint 684
[2m2025-03-25T07:57:04.448096Z[0m [32m INFO[0m [1mnode[0m[1m{[0m[3mname[0m[2m=[0mk#8dcff6d1..[1m}[0m[2m:[0m [2msui_core::state_accumulator[0m[2m:[0m [2mcrates/sui-core/src/state_accumulator.rs[0m[2m:[0m[2m675:[0m accumulating running root for checkpoint 684
[2m2025-03-25T07:57:04.469117Z[0m [32m INFO[0m [1mnode[0m[1m{[0m[3mname[0m[2m=[0mk#addeef94..[1m}[0m[2m:[0m [2msui_core::checkpoints[0m[2m:[0m [2mcrates/sui-core/src/checkpoints/mod.rs[0m[2m:[0m[2m1326:[0m Creating checkpoint(s) for 2 transactions [3mnext_checkpoint_seq[0m[2m=[0m685 [3mcheckpoint_timestamp[0m[2m=[0m1742889423929
[2m2025-03-25T07:57:04.469430Z[0m [32m INFO[0m [1mnode[0m[1m{[0m[3mname[0m[2m=[0mk#addeef94..[1m}[0m[2m:[0m [2msui_core::checkpoints::checkpoint_output[0m[2m:[0m [2mcrates/sui-core/src/checkpoints/checkpoint_output.rs[0m[2m:[0m[2m149:[0m Creating checkpoint CheckpointDigest(Hgx9ipEQjNT9597zNRvoh72j8k9QiahUPcrkTN1hoHdJ) at epoch 1, sequence 685, previous digest Some(CheckpointDigest(7U2CmKbdaSg5GfzgEcGpYFcGA7i13FxFUdwQFrhZzA44)), transactions count 2, content digest CheckpointContentsDigest(99VjuETo9PyNExJyb1VHEzqRsri9WSZdvtj2sSQGkgbq), end_of_epoch_data None
[2m2025-03-25T07:57:04.472202Z[0m [32m INFO[0m [1mnode[0m[1m{[0m[3mname[0m[2m=[0mk#addeef94..[1m}[0m[2m:[0m [2msui_core::checkpoints::checkpoint_executor[0m[2m:[0m [2mcrates/sui-core/src/checkpoints/checkpoint_executor/mod.rs[0m[2m:[0m[2m332:[0m Received checkpoint summary from state sync [3msequence_number[0m[2m=[0m684
[2m2025-03-25T07:57:04.473013Z[0m [32m INFO[0m [1mnode[0m[1m{[0m[3mname[0m[2m=[0mk#addeef94..[1m}[0m[2m:[0m [2msui_core::state_accumulator[0m[2m:[0m [2mcrates/sui-core/src/state_accumulator.rs[0m[2m:[0m[2m675:[0m accumulating running root for checkpoint 684
[2m2025-03-25T07:57:04.473532Z[0m [32m INFO[0m [1mnode[0m[1m{[0m[3mname[0m[2m=[0mk#99f25ef6..[1m}[0m[2m:[0m [2msui_core::checkpoints[0m[2m:[0m [2mcrates/sui-core/src/checkpoints/mod.rs[0m[2m:[0m[2m1326:[0m Creating checkpoint(s) for 2 transactions [3mnext_checkpoint_seq[0m[2m=[0m685 [3mcheckpoint_timestamp[0m[2m=[0m1742889423929
[2m2025-03-25T07:57:04.473534Z[0m [32m INFO[0m [1mnode[0m[1m{[0m[3mname[0m[2m=[0mk#8dcff6d1..[1m}[0m[2m:[0m [2msui_core::checkpoints[0m[2m:[0m [2mcrates/sui-core/src/checkpoints/mod.rs[0m[2m:[0m[2m1326:[0m Creating checkpoint(s) for 2 transactions [3mnext_checkpoint_seq[0m[2m=[0m685 [3mcheckpoint_timestamp[0m[2m=[0m1742889423929
[2m2025-03-25T07:57:04.473796Z[0m [32m INFO[0m [1mnode[0m[1m{[0m[3mname[0m[2m=[0mk#8dcff6d1..[1m}[0m[2m:[0m [2msui_core::checkpoints::checkpoint_output[0m[2m:[0m [2mcrates/sui-core/src/checkpoints/checkpoint_output.rs[0m[2m:[0m[2m149:[0m Creating checkpoint CheckpointDigest(Hgx9ipEQjNT9597zNRvoh72j8k9QiahUPcrkTN1hoHdJ) at epoch 1, sequence 685, previous digest Some(CheckpointDigest(7U2CmKbdaSg5GfzgEcGpYFcGA7i13FxFUdwQFrhZzA44)), transactions count 2, content digest CheckpointContentsDigest(99VjuETo9PyNExJyb1VHEzqRsri9WSZdvtj2sSQGkgbq), end_of_epoch_data None
[2m2025-03-25T07:57:04.473796Z[0m [32m INFO[0m [1mnode[0m[1m{[0m[3mname[0m[2m=[0mk#99f25ef6..[1m}[0m[2m:[0m [2msui_core::checkpoints::checkpoint_output[0m[2m:[0m [2mcrates/sui-core/src/checkpoints/checkpoint_output.rs[0m[2m:[0m[2m149:[0m Creating checkpoint CheckpointDigest(Hgx9ipEQjNT9597zNRvoh72j8k9QiahUPcrkTN1hoHdJ) at epoch 1, sequence 685, previous digest Some(CheckpointDigest(7U2CmKbdaSg5GfzgEcGpYFcGA7i13FxFUdwQFrhZzA44)), transactions count 2, content digest CheckpointContentsDigest(99VjuETo9PyNExJyb1VHEzqRsri9WSZdvtj2sSQGkgbq), end_of_epoch_data None
[2m2025-03-25T07:57:04.481989Z[0m [32m INFO[0m [2msui_bridge::sui_bridge_watchdog[0m[2m:[0m [2mcrates/sui-bridge/src/sui_bridge_watchdog/mod.rs[0m[2m:[0m[2m47:[0m Running observable EthBridgeStatus
[2m2025-03-25T07:57:04.481999Z[0m [32m INFO[0m [2msui_bridge::sui_bridge_watchdog[0m[2m:[0m [2mcrates/sui-bridge/src/sui_bridge_watchdog/mod.rs[0m[2m:[0m[2m47:[0m Running observable SuiBridgeStatus
[2m2025-03-25T07:57:04.482009Z[0m [32m INFO[0m [2msui_bridge::sui_bridge_watchdog[0m[2m:[0m [2mcrates/sui-bridge/src/sui_bridge_watchdog/mod.rs[0m[2m:[0m[2m47:[0m Running observable EthereumVaultBalance
[2m2025-03-25T07:57:04.482085Z[0m [32m INFO[0m [2msui_bridge::sui_bridge_watchdog[0m[2m:[0m [2mcrates/sui-bridge/src/sui_bridge_watchdog/mod.rs[0m[2m:[0m[2m47:[0m Running observable EthereumVaultBalance
[2m2025-03-25T07:57:04.482575Z[0m [32m INFO[0m [1mobservable[0m[1m{[0m[3mname[0m[2m=[0m"EthBridgeStatus"[1m}[0m[2m:[0m [2msui_bridge::sui_bridge_watchdog::eth_bridge_status[0m[2m:[0m [2mcrates/sui-bridge/src/sui_bridge_watchdog/eth_bridge_status.rs[0m[2m:[0m[2m47:[0m Eth Bridge Status: false
[2m2025-03-25T07:57:04.482581Z[0m [32m INFO[0m [1mobservable[0m[1m{[0m[3mname[0m[2m=[0m"EthereumVaultBalance"[1m}[0m[2m:[0m [2msui_bridge::sui_bridge_watchdog::eth_vault_balance[0m[2m:[0m [2mcrates/sui-bridge/src/sui_bridge_watchdog/eth_vault_balance.rs[0m[2m:[0m[2m98:[0m WETH Vault Balance: 0
[2m2025-03-25T07:57:04.482581Z[0m [32m INFO[0m [1mobservable[0m[1m{[0m[3mname[0m[2m=[0m"EthereumVaultBalance"[1m}[0m[2m:[0m [2msui_bridge::sui_bridge_watchdog::eth_vault_balance[0m[2m:[0m [2mcrates/sui-bridge/src/sui_bridge_watchdog/eth_vault_balance.rs[0m[2m:[0m[2m98:[0m USDT Vault Balance: 10000000000
[2m2025-03-25T07:57:04.504965Z[0m [32m INFO[0m [2msui_bridge::eth_syncer[0m[2m:[0m [2mcrates/sui-bridge/src/eth_syncer.rs[0m[2m:[0m[2m120:[0m Observed new finalized eth block: 186
[2m2025-03-25T07:57:04.695471Z[0m [32m INFO[0m [1mnode[0m[1m{[0m[3mname[0m[2m=[0mk#addeef94..[1m}[0m[2m:[0m [2mconsensus_core::core[0m[2m:[0m [2mconsensus/core/src/core.rs[0m[2m:[0m[2m945:[0m Included 3 ancestors & excluded 0 ancestors for proposal in round 487
[2m2025-03-25T07:57:04.695854Z[0m [32m INFO[0m [1mnode[0m[1m{[0m[3mname[0m[2m=[0mk#addeef94..[1m}[0m[2m:[0m [2mconsensus_core::core[0m[2m:[0m [2mconsensus/core/src/core.rs[0m[2m:[0m[2m531:[0m Created block B487(C,J56fcaqtOM7pzOTYAaKmZDWZkaeZlOyUGjlE10X6oKE=)(1742889424695ms;[B486(C,nWtacsBL1tOavOU2AYyIKTpy5qdTQp4+WJsf6XiEgLI=), B486(A,jCgdBAmgwx1fUTS+gNMP1WdrSYhxaaPKMGmGwIHYWpU=), B486(B,X9UoQA8jW7fIjc13ItGnNiGYwr1niElp6XZ04yicJDs=)];1t;1c) for round 487
[2m2025-03-25T07:57:04.697802Z[0m [32m INFO[0m [1mnode[0m[1m{[0m[3mname[0m[2m=[0mk#99f25ef6..[1m}[0m[2m:[0m [2mconsensus_core::core[0m[2m:[0m [2mconsensus/core/src/core.rs[0m[2m:[0m[2m945:[0m Included 3 ancestors & excluded 0 ancestors for proposal in round 487
[2m2025-03-25T07:57:04.697802Z[0m [32m INFO[0m [1mnode[0m[1m{[0m[3mname[0m[2m=[0mk#8dcff6d1..[1m}[0m[2m:[0m [2mconsensus_core::core[0m[2m:[0m [2mconsensus/core/src/core.rs[0m[2m:[0m[2m945:[0m Included 3 ancestors & excluded 0 ancestors for proposal in round 487
[2m2025-03-25T07:57:04.698090Z[0m [32m INFO[0m [1mnode[0m[1m{[0m[3mname[0m[2m=[0mk#99f25ef6..[1m}[0m[2m:[0m [2mconsensus_core::core[0m[2m:[0m [2mconsensus/core/src/core.rs[0m[2m:[0m[2m531:[0m Created block B487(B,LU+tUJ1amH+Ylbcez40vPYyhe710NQQiNlERExZO5Rc=)(1742889424698ms;[B486(B,X9UoQA8jW7fIjc13ItGnNiGYwr1niElp6XZ04yicJDs=), B486(A,jCgdBAmgwx1fUTS+gNMP1WdrSYhxaaPKMGmGwIHYWpU=), B486(C,nWtacsBL1tOavOU2AYyIKTpy5qdTQp4+WJsf6XiEgLI=)];1t;1c) for round 487
[2m2025-03-25T07:57:04.698094Z[0m [32m INFO[0m [1mnode[0m[1m{[0m[3mname[0m[2m=[0mk#8dcff6d1..[1m}[0m[2m:[0m [2mconsensus_core::core[0m[2m:[0m [2mconsensus/core/src/core.rs[0m[2m:[0m[2m531:[0m Created block B487(A,vv0W1S9/CoPIf8mSjq93VNxhT8JmFJGQQbOCjibJ3g4=)(1742889424698ms;[B486(A,jCgdBAmgwx1fUTS+gNMP1WdrSYhxaaPKMGmGwIHYWpU=), B486(B,X9UoQA8jW7fIjc13ItGnNiGYwr1niElp6XZ04yicJDs=), B486(C,nWtacsBL1tOavOU2AYyIKTpy5qdTQp4+WJsf6XiEgLI=)];1t;1c) for round 487
[2m2025-03-25T07:57:04.698160Z[0m [32m INFO[0m [1mnode[0m[1m{[0m[3mname[0m[2m=[0mk#99f25ef6..[1m}[0m[2m:[0m [2mconsensus_core::core[0m[2m:[0m [2mconsensus/core/src/core.rs[0m[2m:[0m[2m630:[0m Committing 1 leaders: B485(A,3blc)
[2m2025-03-25T07:57:04.698160Z[0m [32m INFO[0m [1mnode[0m[1m{[0m[3mname[0m[2m=[0mk#8dcff6d1..[1m}[0m[2m:[0m [2mconsensus_core::core[0m[2m:[0m [2mconsensus/core/src/core.rs[0m[2m:[0m[2m630:[0m Committing 1 leaders: B485(A,3blc)
[2m2025-03-25T07:57:04.698230Z[0m [32m INFO[0m [1mnode[0m[1m{[0m[3mname[0m[2m=[0mk#99f25ef6..[1m}[0m[2m:[0m [2mconsensus_core::commit_observer[0m[2m:[0m [2mconsensus/core/src/commit_observer.rs[0m[2m:[0m[2m173:[0m Consensus commit C473(b9/J) with leader B485(A,3blc) has 3 blocks
[2m2025-03-25T07:57:04.698230Z[0m [32m INFO[0m [1mnode[0m[1m{[0m[3mname[0m[2m=[0mk#8dcff6d1..[1m}[0m[2m:[0m [2mconsensus_core::commit_observer[0m[2m:[0m [2mconsensus/core/src/commit_observer.rs[0m[2m:[0m[2m173:[0m Consensus commit C473(b9/J) with leader B485(A,3blc) has 3 blocks
[2m2025-03-25T07:57:04.698317Z[0m [32m INFO[0m [1mnode[0m[1m{[0m[3mname[0m[2m=[0mk#99f25ef6..[1m}[0m[2m:[0m [2msui_core::consensus_handler[0m[2m:[0m [2mcrates/sui-core/src/consensus_handler.rs[0m[2m:[0m[2m232:[0m Received consensus output [3mconsensus_commit[0m[2m=[0mCommittedSubDag(leader=B485(A,3blc), ref=C473(b9/J), blocks=[MiFb, vmNJ, 3blc]) [3mepoch[0m[2m=[0m1
[2m2025-03-25T07:57:04.698317Z[0m [32m INFO[0m [1mnode[0m[1m{[0m[3mname[0m[2m=[0mk#8dcff6d1..[1m}[0m[2m:[0m [2msui_core::consensus_handler[0m[2m:[0m [2mcrates/sui-core/src/consensus_handler.rs[0m[2m:[0m[2m232:[0m Received consensus output [3mconsensus_commit[0m[2m=[0mCommittedSubDag(leader=B485(A,3blc), ref=C473(b9/J), blocks=[MiFb, vmNJ, 3blc]) [3mepoch[0m[2m=[0m1
[2m2025-03-25T07:57:04.702037Z[0m [32m INFO[0m [1mnode[0m[1m{[0m[3mname[0m[2m=[0mk#addeef94..[1m}[0m[2m:[0m [2mconsensus_core::core[0m[2m:[0m [2mconsensus/core/src/core.rs[0m[2m:[0m[2m630:[0m Committing 1 leaders: B485(A,3blc)
[2m2025-03-25T07:57:04.702126Z[0m [32m INFO[0m [1mnode[0m[1m{[0m[3mname[0m[2m=[0mk#addeef94..[1m}[0m[2m:[0m [2mconsensus_core::commit_observer[0m[2m:[0m [2mconsensus/core/src/commit_observer.rs[0m[2m:[0m[2m173:[0m Consensus commit C473(b9/J) with leader B485(A,3blc) has 3 blocks
[2m2025-03-25T07:57:04.702255Z[0m [32m INFO[0m [1mnode[0m[1m{[0m[3mname[0m[2m=[0mk#addeef94..[1m}[0m[2m:[0m [2msui_core::consensus_handler[0m[2m:[0m [2mcrates/sui-core/src/consensus_handler.rs[0m[2m:[0m[2m232:[0m Received consensus output [3mconsensus_commit[0m[2m=[0mCommittedSubDag(leader=B485(A,3blc), ref=C473(b9/J), blocks=[MiFb, vmNJ, 3blc]) [3mepoch[0m[2m=[0m1
[2m2025-03-25T07:57:04.743985Z[0m [32m INFO[0m [1mnode[0m[1m{[0m[3mname[0m[2m=[0mk#99f25ef6..[1m}[0m[2m:[0m [2msui_core::checkpoints[0m[2m:[0m [2mcrates/sui-core/src/checkpoints/mod.rs[0m[2m:[0m[2m1326:[0m Creating checkpoint(s) for 1 transactions [3mnext_checkpoint_seq[0m[2m=[0m686 [3mcheckpoint_timestamp[0m[2m=[0m1742889424185
[2m2025-03-25T07:57:04.743985Z[0m [32m INFO[0m [1mnode[0m[1m{[0m[3mname[0m[2m=[0mk#8dcff6d1..[1m}[0m[2m:[0m [2msui_core::checkpoints[0m[2m:[0m [2mcrates/sui-core/src/checkpoints/mod.rs[0m[2m:[0m[2m1326:[0m Creating checkpoint(s) for 1 transactions [3mnext_checkpoint_seq[0m[2m=[0m686 [3mcheckpoint_timestamp[0m[2m=[0m1742889424185
[2m2025-03-25T07:57:04.744213Z[0m [32m INFO[0m [1mnode[0m[1m{[0m[3mname[0m[2m=[0mk#99f25ef6..[1m}[0m[2m:[0m [2msui_core::checkpoints::checkpoint_output[0m[2m:[0m [2mcrates/sui-core/src/checkpoints/checkpoint_output.rs[0m[2m:[0m[2m149:[0m Creating checkpoint CheckpointDigest(2nmdpi5vcoH6NXakFKwchEmtEZBoKmXushYGJVEFYoSH) at epoch 1, sequence 686, previous digest Some(CheckpointDigest(Hgx9ipEQjNT9597zNRvoh72j8k9QiahUPcrkTN1hoHdJ)), transactions count 1, content digest CheckpointContentsDigest(Dtut7MJi1oPo6d515ysnCA8xRBEUt3ioLsJE68FiYUXH), end_of_epoch_data None
[2m2025-03-25T07:57:04.744213Z[0m [32m INFO[0m [1mnode[0m[1m{[0m[3mname[0m[2m=[0mk#8dcff6d1..[1m}[0m[2m:[0m [2msui_core::checkpoints::checkpoint_output[0m[2m:[0m [2mcrates/sui-core/src/checkpoints/checkpoint_output.rs[0m[2m:[0m[2m149:[0m Creating checkpoint CheckpointDigest(2nmdpi5vcoH6NXakFKwchEmtEZBoKmXushYGJVEFYoSH) at epoch 1, sequence 686, previous digest Some(CheckpointDigest(Hgx9ipEQjNT9597zNRvoh72j8k9QiahUPcrkTN1hoHdJ)), transactions count 1, content digest CheckpointContentsDigest(Dtut7MJi1oPo6d515ysnCA8xRBEUt3ioLsJE68FiYUXH), end_of_epoch_data None
[2m2025-03-25T07:57:04.746248Z[0m [32m INFO[0m [1mnode[0m[1m{[0m[3mname[0m[2m=[0mk#addeef94..[1m}[0m[2m:[0m [2msui_core::checkpoints[0m[2m:[0m [2mcrates/sui-core/src/checkpoints/mod.rs[0m[2m:[0m[2m1326:[0m Creating checkpoint(s) for 1 transactions [3mnext_checkpoint_seq[0m[2m=[0m686 [3mcheckpoint_timestamp[0m[2m=[0m1742889424185
[2m2025-03-25T07:57:04.746420Z[0m [32m INFO[0m [1mnode[0m[1m{[0m[3mname[0m[2m=[0mk#addeef94..[1m}[0m[2m:[0m [2msui_core::checkpoints::checkpoint_output[0m[2m:[0m [2mcrates/sui-core/src/checkpoints/checkpoint_output.rs[0m[2m:[0m[2m149:[0m Creating checkpoint CheckpointDigest(2nmdpi5vcoH6NXakFKwchEmtEZBoKmXushYGJVEFYoSH) at epoch 1, sequence 686, previous digest Some(CheckpointDigest(Hgx9ipEQjNT9597zNRvoh72j8k9QiahUPcrkTN1hoHdJ)), transactions count 1, content digest CheckpointContentsDigest(Dtut7MJi1oPo6d515ysnCA8xRBEUt3ioLsJE68FiYUXH), end_of_epoch_data None
[2m2025-03-25T07:57:04.747461Z[0m [32m INFO[0m [1mnode[0m[1m{[0m[3mname[0m[2m=[0mk#8dcff6d1..[1m}[0m[2m:[0m [2msui_core::checkpoints::checkpoint_output[0m[2m:[0m [2mcrates/sui-core/src/checkpoints/checkpoint_output.rs[0m[2m:[0m[2m196:[0m Certified checkpoint with sequence 685 and digest Hgx9ipEQjNT9597zNRvoh72j8k9QiahUPcrkTN1hoHdJ
[2m2025-03-25T07:57:04.747992Z[0m [32m INFO[0m [1mnode[0m[1m{[0m[3mname[0m[2m=[0mk#99f25ef6..[1m}[0m[2m:[0m [2msui_core::checkpoints::checkpoint_output[0m[2m:[0m [2mcrates/sui-core/src/checkpoints/checkpoint_output.rs[0m[2m:[0m[2m196:[0m Certified checkpoint with sequence 685 and digest Hgx9ipEQjNT9597zNRvoh72j8k9QiahUPcrkTN1hoHdJ
[2m2025-03-25T07:57:04.750434Z[0m [32m INFO[0m [1mnode[0m[1m{[0m[3mname[0m[2m=[0mk#8dcff6d1..[1m}[0m[2m:[0m [2msui_core::checkpoints::checkpoint_executor[0m[2m:[0m [2mcrates/sui-core/src/checkpoints/checkpoint_executor/mod.rs[0m[2m:[0m[2m332:[0m Received checkpoint summary from state sync [3msequence_number[0m[2m=[0m685
[2m2025-03-25T07:57:04.753015Z[0m [32m INFO[0m [1mnode[0m[1m{[0m[3mname[0m[2m=[0mk#99f25ef6..[1m}[0m[2m:[0m [2msui_core::checkpoints::checkpoint_executor[0m[2m:[0m [2mcrates/sui-core/src/checkpoints/checkpoint_executor/mod.rs[0m[2m:[0m[2m332:[0m Received checkpoint summary from state sync [3msequence_number[0m[2m=[0m685
[2m2025-03-25T07:57:04.767947Z[0m [32m INFO[0m [1mnode[0m[1m{[0m[3mname[0m[2m=[0mk#8dcff6d1..[1m}[0m[2m:[0m [2msui_core::state_accumulator[0m[2m:[0m [2mcrates/sui-core/src/state_accumulator.rs[0m[2m:[0m[2m675:[0m accumulating running root for checkpoint 685
[2m2025-03-25T07:57:04.768304Z[0m [32m INFO[0m [1mnode[0m[1m{[0m[3mname[0m[2m=[0mk#99f25ef6..[1m}[0m[2m:[0m [2msui_core::state_accumulator[0m[2m:[0m [2mcrates/sui-core/src/state_accumulator.rs[0m[2m:[0m[2m675:[0m accumulating running root for checkpoint 685
[2m2025-03-25T07:57:04.813303Z[0m [32m INFO[0m [1mnode[0m[1m{[0m[3mname[0m[2m=[0mk#addeef94..[1m}[0m[2m:[0m [2msui_core::checkpoints::checkpoint_executor[0m[2m:[0m [2mcrates/sui-core/src/checkpoints/checkpoint_executor/mod.rs[0m[2m:[0m[2m332:[0m Received checkpoint summary from state sync [3msequence_number[0m[2m=[0m685
[2m2025-03-25T07:57:04.814726Z[0m [32m INFO[0m [1mnode[0m[1m{[0m[3mname[0m[2m=[0mk#addeef94..[1m}[0m[2m:[0m [2msui_core::state_accumulator[0m[2m:[0m [2mcrates/sui-core/src/state_accumulator.rs[0m[2m:[0m[2m675:[0m accumulating running root for checkpoint 685
[2m2025-03-25T07:57:04.920093Z[0m [32m INFO[0m [2msui_bridge::sui_bridge_watchdog[0m[2m:[0m [2mcrates/sui-bridge/src/sui_bridge_watchdog/mod.rs[0m[2m:[0m[2m47:[0m Running observable SuiBridgeStatus
[2m2025-03-25T07:57:04.920101Z[0m [32m INFO[0m [2msui_bridge::sui_bridge_watchdog[0m[2m:[0m [2mcrates/sui-bridge/src/sui_bridge_watchdog/mod.rs[0m[2m:[0m[2m47:[0m Running observable EthBridgeStatus
[2m2025-03-25T07:57:04.920112Z[0m [32m INFO[0m [2msui_bridge::sui_bridge_watchdog[0m[2m:[0m [2mcrates/sui-bridge/src/sui_bridge_watchdog/mod.rs[0m[2m:[0m[2m47:[0m Running observable EthereumVaultBalance
[2m2025-03-25T07:57:04.920200Z[0m [32m INFO[0m [2msui_bridge::sui_bridge_watchdog[0m[2m:[0m [2mcrates/sui-bridge/src/sui_bridge_watchdog/mod.rs[0m[2m:[0m[2m47:[0m Running observable EthereumVaultBalance
[2m2025-03-25T07:57:04.920784Z[0m [32m INFO[0m [1mobservable[0m[1m{[0m[3mname[0m[2m=[0m"EthBridgeStatus"[1m}[0m[2m:[0m [2msui_bridge::sui_bridge_watchdog::eth_bridge_status[0m[2m:[0m [2mcrates/sui-bridge/src/sui_bridge_watchdog/eth_bridge_status.rs[0m[2m:[0m[2m47:[0m Eth Bridge Status: false
[2m2025-03-25T07:57:04.920790Z[0m [32m INFO[0m [1mobservable[0m[1m{[0m[3mname[0m[2m=[0m"EthereumVaultBalance"[1m}[0m[2m:[0m [2msui_bridge::sui_bridge_watchdog::eth_vault_balance[0m[2m:[0m [2mcrates/sui-bridge/src/sui_bridge_watchdog/eth_vault_balance.rs[0m[2m:[0m[2m98:[0m WETH Vault Balance: 0
[2m2025-03-25T07:57:04.920790Z[0m [32m INFO[0m [1mobservable[0m[1m{[0m[3mname[0m[2m=[0m"EthereumVaultBalance"[1m}[0m[2m:[0m [2msui_bridge::sui_bridge_watchdog::eth_vault_balance[0m[2m:[0m [2mcrates/sui-bridge/src/sui_bridge_watchdog/eth_vault_balance.rs[0m[2m:[0m[2m98:[0m USDT Vault Balance: 10000000000
[2m2025-03-25T07:57:04.942730Z[0m [32m INFO[0m [2msui_bridge::sui_bridge_watchdog[0m[2m:[0m [2mcrates/sui-bridge/src/sui_bridge_watchdog/mod.rs[0m[2m:[0m[2m47:[0m Running observable EthereumVaultBalance
[2m2025-03-25T07:57:04.942741Z[0m [32m INFO[0m [2msui_bridge::sui_bridge_watchdog[0m[2m:[0m [2mcrates/sui-bridge/src/sui_bridge_watchdog/mod.rs[0m[2m:[0m[2m47:[0m Running observable SuiBridgeStatus
[2m2025-03-25T07:57:04.942750Z[0m [32m INFO[0m [2msui_bridge::sui_bridge_watchdog[0m[2m:[0m [2mcrates/sui-bridge/src/sui_bridge_watchdog/mod.rs[0m[2m:[0m[2m47:[0m Running observable EthBridgeStatus
[2m2025-03-25T07:57:04.942824Z[0m [32m INFO[0m [2msui_bridge::sui_bridge_watchdog[0m[2m:[0m [2mcrates/sui-bridge/src/sui_bridge_watchdog/mod.rs[0m[2m:[0m[2m47:[0m Running observable EthereumVaultBalance
[2m2025-03-25T07:57:04.943051Z[0m [32m INFO[0m [1mobservable[0m[1m{[0m[3mname[0m[2m=[0m"EthBridgeStatus"[1m}[0m[2m:[0m [2msui_bridge::sui_bridge_watchdog::eth_bridge_status[0m[2m:[0m [2mcrates/sui-bridge/src/sui_bridge_watchdog/eth_bridge_status.rs[0m[2m:[0m[2m47:[0m Eth Bridge Status: false
[2m2025-03-25T07:57:04.943117Z[0m [32m INFO[0m [1mobservable[0m[1m{[0m[3mname[0m[2m=[0m"EthereumVaultBalance"[1m}[0m[2m:[0m [2msui_bridge::sui_bridge_watchdog::eth_vault_balance[0m[2m:[0m [2mcrates/sui-bridge/src/sui_bridge_watchdog/eth_vault_balance.rs[0m[2m:[0m[2m98:[0m WETH Vault Balance: 0
[2m2025-03-25T07:57:04.943133Z[0m [32m INFO[0m [1mobservable[0m[1m{[0m[3mname[0m[2m=[0m"EthereumVaultBalance"[1m}[0m[2m:[0m [2msui_bridge::sui_bridge_watchdog::eth_vault_balance[0m[2m:[0m [2mcrates/sui-bridge/src/sui_bridge_watchdog/eth_vault_balance.rs[0m[2m:[0m[2m98:[0m USDT Vault Balance: 10000000000
[2m2025-03-25T07:57:04.950284Z[0m [32m INFO[0m [1mnode[0m[1m{[0m[3mname[0m[2m=[0mk#8dcff6d1..[1m}[0m[2m:[0m [2mconsensus_core::core[0m[2m:[0m [2mconsensus/core/src/core.rs[0m[2m:[0m[2m945:[0m Included 3 ancestors & excluded 0 ancestors for proposal in round 488
[2m2025-03-25T07:57:04.950284Z[0m [32m INFO[0m [1mnode[0m[1m{[0m[3mname[0m[2m=[0mk#99f25ef6..[1m}[0m[2m:[0m [2mconsensus_core::core[0m[2m:[0m [2mconsensus/core/src/core.rs[0m[2m:[0m[2m945:[0m Included 3 ancestors & excluded 0 ancestors for proposal in round 488
[2m2025-03-25T07:57:04.950660Z[0m [32m INFO[0m [1mnode[0m[1m{[0m[3mname[0m[2m=[0mk#8dcff6d1..[1m}[0m[2m:[0m [2mconsensus_core::core[0m[2m:[0m [2mconsensus/core/src/core.rs[0m[2m:[0m[2m531:[0m Created block B488(A,TvRsIKoJhwW3Tl/dVL/fOxMsO/YER2+0RnHQ4RklxoU=)(1742889424950ms;[B487(A,vv0W1S9/CoPIf8mSjq93VNxhT8JmFJGQQbOCjibJ3g4=), B487(B,LU+tUJ1amH+Ylbcez40vPYyhe710NQQiNlERExZO5Rc=), B487(C,J56fcaqtOM7pzOTYAaKmZDWZkaeZlOyUGjlE10X6oKE=)];1t;1c) for round 488
[2m2025-03-25T07:57:04.950660Z[0m [32m INFO[0m [1mnode[0m[1m{[0m[3mname[0m[2m=[0mk#99f25ef6..[1m}[0m[2m:[0m [2mconsensus_core::core[0m[2m:[0m [2mconsensus/core/src/core.rs[0m[2m:[0m[2m531:[0m Created block B488(B,ldJOBEPO4tE88UtQj75xPjY8N6JpShFy60OoCcohiHg=)(1742889424950ms;[B487(B,LU+tUJ1amH+Ylbcez40vPYyhe710NQQiNlERExZO5Rc=), B487(A,vv0W1S9/CoPIf8mSjq93VNxhT8JmFJGQQbOCjibJ3g4=), B487(C,J56fcaqtOM7pzOTYAaKmZDWZkaeZlOyUGjlE10X6oKE=)];1t;1c) for round 488
[2m2025-03-25T07:57:04.953948Z[0m [32m INFO[0m [1mnode[0m[1m{[0m[3mname[0m[2m=[0mk#addeef94..[1m}[0m[2m:[0m [2mconsensus_core::core[0m[2m:[0m [2mconsensus/core/src/core.rs[0m[2m:[0m[2m945:[0m Included 3 ancestors & excluded 0 ancestors for proposal in round 488
[2m2025-03-25T07:57:04.954263Z[0m [32m INFO[0m [1mnode[0m[1m{[0m[3mname[0m[2m=[0mk#addeef94..[1m}[0m[2m:[0m [2mconsensus_core::core[0m[2m:[0m [2mconsensus/core/src/core.rs[0m[2m:[0m[2m531:[0m Created block B488(C,KgeARZy56dSibhbtSATHH6nMLxjKxHBe3kZBjsW7NnU=)(1742889424954ms;[B487(C,J56fcaqtOM7pzOTYAaKmZDWZkaeZlOyUGjlE10X6oKE=), B487(A,vv0W1S9/CoPIf8mSjq93VNxhT8JmFJGQQbOCjibJ3g4=), B487(B,LU+tUJ1amH+Ylbcez40vPYyhe710NQQiNlERExZO5Rc=)];1t;1c) for round 488
[2m2025-03-25T07:57:04.954332Z[0m [32m INFO[0m [1mnode[0m[1m{[0m[3mname[0m[2m=[0mk#addeef94..[1m}[0m[2m:[0m [2mconsensus_core::core[0m[2m:[0m [2mconsensus/core/src/core.rs[0m[2m:[0m[2m630:[0m Committing 1 leaders: B486(C,nWta)
[2m2025-03-25T07:57:04.954401Z[0m [32m INFO[0m [1mnode[0m[1m{[0m[3mname[0m[2m=[0mk#addeef94..[1m}[0m[2m:[0m [2mconsensus_core::commit_observer[0m[2m:[0m [2mconsensus/core/src/commit_observer.rs[0m[2m:[0m[2m173:[0m Consensus commit C474(SRQO) with leader B486(C,nWta) has 3 blocks
[2m2025-03-25T07:57:04.954485Z[0m [32m INFO[0m [1mnode[0m[1m{[0m[3mname[0m[2m=[0mk#addeef94..[1m}[0m[2m:[0m [2msui_core::consensus_handler[0m[2m:[0m [2mcrates/sui-core/src/consensus_handler.rs[0m[2m:[0m[2m232:[0m Received consensus output [3mconsensus_commit[0m[2m=[0mCommittedSubDag(leader=B486(C,nWta), ref=C474(SRQO), blocks=[d+kq, Oajc, nWta]) [3mepoch[0m[2m=[0m1
[2m2025-03-25T07:57:04.957551Z[0m [32m INFO[0m [1mnode[0m[1m{[0m[3mname[0m[2m=[0mk#8dcff6d1..[1m}[0m[2m:[0m [2msui_core::checkpoints::checkpoint_output[0m[2m:[0m [2mcrates/sui-core/src/checkpoints/checkpoint_output.rs[0m[2m:[0m[2m196:[0m Certified checkpoint with sequence 686 and digest 2nmdpi5vcoH6NXakFKwchEmtEZBoKmXushYGJVEFYoSH
[2m2025-03-25T07:57:04.957554Z[0m [32m INFO[0m [1mnode[0m[1m{[0m[3mname[0m[2m=[0mk#99f25ef6..[1m}[0m[2m:[0m [2msui_core::checkpoints::checkpoint_output[0m[2m:[0m [2mcrates/sui-core/src/checkpoints/checkpoint_output.rs[0m[2m:[0m[2m196:[0m Certified checkpoint with sequence 686 and digest 2nmdpi5vcoH6NXakFKwchEmtEZBoKmXushYGJVEFYoSH
[2m2025-03-25T07:57:04.957666Z[0m [32m INFO[0m [1mnode[0m[1m{[0m[3mname[0m[2m=[0mk#8dcff6d1..[1m}[0m[2m:[0m [2mconsensus_core::core[0m[2m:[0m [2mconsensus/core/src/core.rs[0m[2m:[0m[2m630:[0m Committing 1 leaders: B486(C,nWta)
[2m2025-03-25T07:57:04.957666Z[0m [32m INFO[0m [1mnode[0m[1m{[0m[3mname[0m[2m=[0mk#99f25ef6..[1m}[0m[2m:[0m [2mconsensus_core::core[0m[2m:[0m [2mconsensus/core/src/core.rs[0m[2m:[0m[2m630:[0m Committing 1 leaders: B486(C,nWta)
[2m2025-03-25T07:57:04.957770Z[0m [32m INFO[0m [1mnode[0m[1m{[0m[3mname[0m[2m=[0mk#8dcff6d1..[1m}[0m[2m:[0m [2mconsensus_core::commit_observer[0m[2m:[0m [2mconsensus/core/src/commit_observer.rs[0m[2m:[0m[2m173:[0m Consensus commit C474(SRQO) with leader B486(C,nWta) has 3 blocks
[2m2025-03-25T07:57:04.957775Z[0m [32m INFO[0m [1mnode[0m[1m{[0m[3mname[0m[2m=[0mk#99f25ef6..[1m}[0m[2m:[0m [2mconsensus_core::commit_observer[0m[2m:[0m [2mconsensus/core/src/commit_observer.rs[0m[2m:[0m[2m173:[0m Consensus commit C474(SRQO) with leader B486(C,nWta) has 3 blocks
[2m2025-03-25T07:57:04.958185Z[0m [32m INFO[0m [1mnode[0m[1m{[0m[3mname[0m[2m=[0mk#8dcff6d1..[1m}[0m[2m:[0m [2msui_core::consensus_handler[0m[2m:[0m [2mcrates/sui-core/src/consensus_handler.rs[0m[2m:[0m[2m232:[0m Received consensus output [3mconsensus_commit[0m[2m=[0mCommittedSubDag(leader=B486(C,nWta), ref=C474(SRQO), blocks=[d+kq, Oajc, nWta]) [3mepoch[0m[2m=[0m1
[2m2025-03-25T07:57:04.958185Z[0m [32m INFO[0m [1mnode[0m[1m{[0m[3mname[0m[2m=[0mk#99f25ef6..[1m}[0m[2m:[0m [2msui_core::consensus_handler[0m[2m:[0m [2mcrates/sui-core/src/consensus_handler.rs[0m[2m:[0m[2m232:[0m Received consensus output [3mconsensus_commit[0m[2m=[0mCommittedSubDag(leader=B486(C,nWta), ref=C474(SRQO), blocks=[d+kq, Oajc, nWta]) [3mepoch[0m[2m=[0m1
[2m2025-03-25T07:57:04.958762Z[0m [32m INFO[0m [1mnode[0m[1m{[0m[3mname[0m[2m=[0mk#8dcff6d1..[1m}[0m[2m:[0m [2msui_core::checkpoints::checkpoint_executor[0m[2m:[0m [2mcrates/sui-core/src/checkpoints/checkpoint_executor/mod.rs[0m[2m:[0m[2m332:[0m Received checkpoint summary from state sync [3msequence_number[0m[2m=[0m686
[2m2025-03-25T07:57:04.958762Z[0m [32m INFO[0m [1mnode[0m[1m{[0m[3mname[0m[2m=[0mk#99f25ef6..[1m}[0m[2m:[0m [2msui_core::checkpoints::checkpoint_executor[0m[2m:[0m [2mcrates/sui-core/src/checkpoints/checkpoint_executor/mod.rs[0m[2m:[0m[2m332:[0m Received checkpoint summary from state sync [3msequence_number[0m[2m=[0m686
[2m2025-03-25T07:57:04.960310Z[0m [32m INFO[0m [1mnode[0m[1m{[0m[3mname[0m[2m=[0mk#99f25ef6..[1m}[0m[2m:[0m [2msui_core::state_accumulator[0m[2m:[0m [2mcrates/sui-core/src/state_accumulator.rs[0m[2m:[0m[2m675:[0m accumulating running root for checkpoint 686
[2m2025-03-25T07:57:04.960311Z[0m [32m INFO[0m [1mnode[0m[1m{[0m[3mname[0m[2m=[0mk#8dcff6d1..[1m}[0m[2m:[0m [2msui_core::state_accumulator[0m[2m:[0m [2mcrates/sui-core/src/state_accumulator.rs[0m[2m:[0m[2m675:[0m accumulating running root for checkpoint 686
[2m2025-03-25T07:57:04.981274Z[0m [32m INFO[0m [1mnode[0m[1m{[0m[3mname[0m[2m=[0mk#addeef94..[1m}[0m[2m:[0m [2msui_core::checkpoints[0m[2m:[0m [2mcrates/sui-core/src/checkpoints/mod.rs[0m[2m:[0m[2m1326:[0m Creating checkpoint(s) for 2 transactions [3mnext_checkpoint_seq[0m[2m=[0m687 [3mcheckpoint_timestamp[0m[2m=[0m1742889424441
[2m2025-03-25T07:57:04.981586Z[0m [32m INFO[0m [1mnode[0m[1m{[0m[3mname[0m[2m=[0mk#addeef94..[1m}[0m[2m:[0m [2msui_core::checkpoints::checkpoint_output[0m[2m:[0m [2mcrates/sui-core/src/checkpoints/checkpoint_output.rs[0m[2m:[0m[2m149:[0m Creating checkpoint CheckpointDigest(2FcrfJjkB1nGFfZE7djS91Ly1nzzxCgiLdFXqhh72dHT) at epoch 1, sequence 687, previous digest Some(CheckpointDigest(2nmdpi5vcoH6NXakFKwchEmtEZBoKmXushYGJVEFYoSH)), transactions count 2, content digest CheckpointContentsDigest(CgteWELDZgaiyHFysUUeq8e3uLWJfDGNFFpPjF8kaixs), end_of_epoch_data None
[2m2025-03-25T07:57:04.984355Z[0m [32m INFO[0m [1mnode[0m[1m{[0m[3mname[0m[2m=[0mk#addeef94..[1m}[0m[2m:[0m [2msui_core::checkpoints::checkpoint_executor[0m[2m:[0m [2mcrates/sui-core/src/checkpoints/checkpoint_executor/mod.rs[0m[2m:[0m[2m332:[0m Received checkpoint summary from state sync [3msequence_number[0m[2m=[0m686
[2m2025-03-25T07:57:04.985167Z[0m [32m INFO[0m [1mnode[0m[1m{[0m[3mname[0m[2m=[0mk#addeef94..[1m}[0m[2m:[0m [2msui_core::state_accumulator[0m[2m:[0m [2mcrates/sui-core/src/state_accumulator.rs[0m[2m:[0m[2m675:[0m accumulating running root for checkpoint 686
[2m2025-03-25T07:57:04.985775Z[0m [32m INFO[0m [1mnode[0m[1m{[0m[3mname[0m[2m=[0mk#99f25ef6..[1m}[0m[2m:[0m [2msui_core::checkpoints[0m[2m:[0m [2mcrates/sui-core/src/checkpoints/mod.rs[0m[2m:[0m[2m1326:[0m Creating checkpoint(s) for 2 transactions [3mnext_checkpoint_seq[0m[2m=[0m687 [3mcheckpoint_timestamp[0m[2m=[0m1742889424441
[2m2025-03-25T07:57:04.985778Z[0m [32m INFO[0m [1mnode[0m[1m{[0m[3mname[0m[2m=[0mk#8dcff6d1..[1m}[0m[2m:[0m [2msui_core::checkpoints[0m[2m:[0m [2mcrates/sui-core/src/checkpoints/mod.rs[0m[2m:[0m[2m1326:[0m Creating checkpoint(s) for 2 transactions [3mnext_checkpoint_seq[0m[2m=[0m687 [3mcheckpoint_timestamp[0m[2m=[0m1742889424441
[2m2025-03-25T07:57:04.986040Z[0m [32m INFO[0m [1mnode[0m[1m{[0m[3mname[0m[2m=[0mk#8dcff6d1..[1m}[0m[2m:[0m [2msui_core::checkpoints::checkpoint_output[0m[2m:[0m [2mcrates/sui-core/src/checkpoints/checkpoint_output.rs[0m[2m:[0m[2m149:[0m Creating checkpoint CheckpointDigest(2FcrfJjkB1nGFfZE7djS91Ly1nzzxCgiLdFXqhh72dHT) at epoch 1, sequence 687, previous digest Some(CheckpointDigest(2nmdpi5vcoH6NXakFKwchEmtEZBoKmXushYGJVEFYoSH)), transactions count 2, content digest CheckpointContentsDigest(CgteWELDZgaiyHFysUUeq8e3uLWJfDGNFFpPjF8kaixs), end_of_epoch_data None
[2m2025-03-25T07:57:04.986041Z[0m [32m INFO[0m [1mnode[0m[1m{[0m[3mname[0m[2m=[0mk#99f25ef6..[1m}[0m[2m:[0m [2msui_core::checkpoints::checkpoint_output[0m[2m:[0m [2mcrates/sui-core/src/checkpoints/checkpoint_output.rs[0m[2m:[0m[2m149:[0m Creating checkpoint CheckpointDigest(2FcrfJjkB1nGFfZE7djS91Ly1nzzxCgiLdFXqhh72dHT) at epoch 1, sequence 687, previous digest Some(CheckpointDigest(2nmdpi5vcoH6NXakFKwchEmtEZBoKmXushYGJVEFYoSH)), transactions count 2, content digest CheckpointContentsDigest(CgteWELDZgaiyHFysUUeq8e3uLWJfDGNFFpPjF8kaixs), end_of_epoch_data None
[2m2025-03-25T07:57:05.090630Z[0m [32m INFO[0m [1mnode[0m[1m{[0m[3mname[0m[2m=[0mk#b3f3cbb4..[1m}[0m[2m:[0m[1mjson-rpc-request[0m[2m:[0m[1mdev_inspect_transaction_block[0m[1m{[0m[3msender_address[0m[2m=[0m0x0000000000000000000000000000000000000000000000000000000000000000 [3mtx_bytes[0m[2m=[0mBase64("AAMBAQAAAAAAAAAAAAAAAAAAAAAAAAAAAAAAAAAAAAAAAAAJAQAAAAAAAAABAAECAAgAAAAAAAAAAAEAAAAAAAAAAAAAAAAAAAAAAAAAAAAAAAAAAAAAAAAAAAsGYnJpZGdlIGdldF90b2tlbl90cmFuc2Zlcl9hY3Rpb25fc3RhdHVzAAMBAAABAQABAgA=") [3mgas_price[0m[2m=[0mNone [3m_epoch[0m[2m=[0mNone [3madditional_args[0m[2m=[0mNone[1m}[0m[2m:[0m [2msui_json_rpc::transaction_execution_api[0m[2m:[0m [2mcrates/sui-json-rpc/src/transaction_execution_api.rs[0m[2m:[0m[2m351:[0m RPC took longer than threshold to complete. [3melapsed[0m[2m=[0m1.536160708s
[2m2025-03-25T07:57:05.091527Z[0m [32m INFO[0m [2msui_bridge::e2e_tests::test_utils[0m[2m:[0m [2mcrates/sui-bridge/src/e2e_tests/test_utils.rs[0m[2m:[0m[2m1452:[0m get_token_transfer_action_onchain_status_until_success took 2.547985s, status: Pending
[2m2025-03-25T07:57:05.092177Z[0m [32m INFO[0m [1mhandle_execution_task[0m[1m{[0m[3maction_key[0m[2m=[0mBridgeActionKey(0,2,0) [3mattempt_times[0m[2m=[0m5[1m}[0m[2m:[0m [2msui_bridge::action_executor[0m[2m:[0m [2mcrates/sui-bridge/src/action_executor.rs[0m[2m:[0m[2m529:[0m bbking 325 signed_tx: Envelope { digest: OnceCell(TransactionDigest(GDSurpEu2x2PVvpwcUqP5MTXTQ8jWoYdMxzexGq3UM9X)), data: SenderSignedData(SizeOneVec { e: SenderSignedTransaction { intent_message: IntentMessage { intent: Intent { scope: TransactionData, version: V0, app_id: Sui }, value: V1(TransactionDataV1 { kind: ProgrammableTransaction(ProgrammableTransaction { inputs: [Pure([2]), Pure([0, 0, 0, 0, 0, 0, 0, 0]), Pure([32, 4, 169, 42, 179, 92, 48, 68, 114, 32, 150, 70, 149, 204, 4, 223, 219, 38, 208, 7, 193, 123, 245, 12, 23, 143, 25, 234, 203, 152, 26, 252, 161]), Pure([12]), Pure([20, 249, 81, 14, 181, 207, 148, 205, 250, 64, 123, 165, 252, 91, 242, 249, 208, 225, 136, 122, 176]), Pure([4, 0, 0, 0, 0, 0, 0, 0]), Pure([0, 64, 122, 16, 243, 90, 0, 0]), Pure([0]), Object(SharedObject { id: 0x0000000000000000000000000000000000000000000000000000000000000009, initial_shared_version: SequenceNumber(1), mutable: true }), Object(SharedObject { id: 0x0000000000000000000000000000000000000000000000000000000000000006, initial_shared_version: SequenceNumber(1), mutable: false }), Object(ImmOrOwnedObject((0xd7d7820b1d5a3802a2c50420aa60d9072814fcfac9e333ae55536bce5ecc4924, SequenceNumber(114), o#G6tFPuFyAAWMEecgda16xEPfTgTnxE2mborPfAPjqm3W))), Pure([1, 65, 31, 247, 80, 204, 97, 207, 90, 104, 153, 149, 206, 126, 213, 104, 24, 88, 148, 238, 206, 247, 66, 30, 125, 205, 54, 173, 37, 137, 110, 109, 56, 80, 28, 16, 120, 47, 68, 236, 45, 236, 116, 5, 210, 6, 35, 170, 125, 231, 3, 182, 5, 138, 168, 242, 53, 190, 106, 10, 96, 97, 183, 243, 116, 149, 1])], commands: [MoveCall(ProgrammableMoveCall { package: 0x000000000000000000000000000000000000000000000000000000000000000b, module: "message", function: "create_token_bridge_message", type_arguments: [], arguments: [Input(0), Input(1), Input(2), Input(3), Input(4), Input(5), Input(6), Input(7), Input(7)] }), MoveCall(ProgrammableMoveCall { package: 0x000000000000000000000000000000000000000000000000000000000000000b, module: "bridge", function: "approve_token_transfer", type_arguments: [], arguments: [Input(8), Result(0), Input(11)] })] }), sender: 0x4ff42dd92612b14f109397416c3e5d362aee65d7d3459db1b80164f1f84a59c3, gas_data: GasData { payment: [(0x059c5b653da3f627ad85b7947a1634ad3055f81b24125b7d9b23178b0146bfc6, SequenceNumber(341), o#4ep4K212yQtPC23ghtw73sJ44qmqyajoXRf4wvuKq6mQ)], owner: 0x4ff42dd92612b14f109397416c3e5d362aee65d7d3459db1b80164f1f84a59c3, price: 100, budget: 100000000 }, expiration: None }) }, tx_signatures: [Signature(Secp256k1SuiSignature(Secp256k1SuiSignature([1, 248, 48, 245, 114, 141, 252, 29, 145, 101, 134, 185, 170, 246, 13, 46, 93, 163, 185, 83, 212, 83, 83, 211, 117, 13, 84, 185, 16, 211, 110, 21, 213, 28, 223, 52, 126, 172, 102, 85, 99, 136, 5, 84, 81, 40, 77, 173, 15, 132, 117, 170, 133, 187, 110, 34, 123, 222, 241, 101, 30, 106, 238, 34, 77, 2, 120, 6, 36, 213, 27, 112, 125, 170, 163, 53, 236, 91, 128, 136, 52, 208, 253, 102, 241, 38, 217, 67, 27, 199, 74, 95, 51, 179, 151, 41, 149, 140])))] } }), auth_signature: EmptySignInfo }
[2m2025-03-25T07:57:05.099014Z[0m [32m INFO[0m [1mnode[0m[1m{[0m[3mname[0m[2m=[0mk#b3f3cbb4..[1m}[0m[2m:[0m [2msui_core::state_accumulator[0m[2m:[0m [2mcrates/sui-core/src/state_accumulator.rs[0m[2m:[0m[2m675:[0m accumulating running root for checkpoint 596
[2m2025-03-25T07:57:05.099282Z[0m [32m INFO[0m [1mnode[0m[1m{[0m[3mname[0m[2m=[0mk#b3f3cbb4..[1m}[0m[2m:[0m [2msui_core::checkpoints::checkpoint_executor[0m[2m:[0m [2mcrates/sui-core/src/checkpoints/checkpoint_executor/mod.rs[0m[2m:[0m[2m332:[0m Received checkpoint summary from state sync [3msequence_number[0m[2m=[0m667
[2m2025-03-25T07:57:05.127287Z[0m [32m INFO[0m [1mobservable[0m[1m{[0m[3mname[0m[2m=[0m"SuiBridgeStatus"[1m}[0m[2m:[0m [2msui_bridge::sui_bridge_watchdog::sui_bridge_status[0m[2m:[0m [2mcrates/sui-bridge/src/sui_bridge_watchdog/sui_bridge_status.rs[0m[2m:[0m[2m37:[0m Sui Bridge Status: false
[2m2025-03-25T07:57:05.128919Z[0m [32m INFO[0m [1mobservable[0m[1m{[0m[3mname[0m[2m=[0m"SuiBridgeStatus"[1m}[0m[2m:[0m [2msui_bridge::sui_bridge_watchdog::sui_bridge_status[0m[2m:[0m [2mcrates/sui-bridge/src/sui_bridge_watchdog/sui_bridge_status.rs[0m[2m:[0m[2m37:[0m Sui Bridge Status: false
[2m2025-03-25T07:57:05.129314Z[0m [32m INFO[0m [1mobservable[0m[1m{[0m[3mname[0m[2m=[0m"SuiBridgeStatus"[1m}[0m[2m:[0m [2msui_bridge::sui_bridge_watchdog::sui_bridge_status[0m[2m:[0m [2mcrates/sui-bridge/src/sui_bridge_watchdog/sui_bridge_status.rs[0m[2m:[0m[2m37:[0m Sui Bridge Status: false
[2m2025-03-25T07:57:05.207100Z[0m [32m INFO[0m [1mnode[0m[1m{[0m[3mname[0m[2m=[0mk#addeef94..[1m}[0m[2m:[0m [2mconsensus_core::core[0m[2m:[0m [2mconsensus/core/src/core.rs[0m[2m:[0m[2m945:[0m Included 3 ancestors & excluded 0 ancestors for proposal in round 489
[2m2025-03-25T07:57:05.207464Z[0m [32m INFO[0m [1mnode[0m[1m{[0m[3mname[0m[2m=[0mk#addeef94..[1m}[0m[2m:[0m [2mconsensus_core::core[0m[2m:[0m [2mconsensus/core/src/core.rs[0m[2m:[0m[2m531:[0m Created block B489(C,e+EAt1p1V4z53QCF9LbHOHFeHRbyIJ7pBo/IkhpHRT0=)(1742889425207ms;[B488(C,KgeARZy56dSibhbtSATHH6nMLxjKxHBe3kZBjsW7NnU=), B488(A,TvRsIKoJhwW3Tl/dVL/fOxMsO/YER2+0RnHQ4RklxoU=), B488(B,ldJOBEPO4tE88UtQj75xPjY8N6JpShFy60OoCcohiHg=)];1t;1c) for round 489
[2m2025-03-25T07:57:05.209394Z[0m [32m INFO[0m [1mnode[0m[1m{[0m[3mname[0m[2m=[0mk#8dcff6d1..[1m}[0m[2m:[0m [2mconsensus_core::core[0m[2m:[0m [2mconsensus/core/src/core.rs[0m[2m:[0m[2m945:[0m Included 3 ancestors & excluded 0 ancestors for proposal in round 489
[2m2025-03-25T07:57:05.209396Z[0m [32m INFO[0m [1mnode[0m[1m{[0m[3mname[0m[2m=[0mk#99f25ef6..[1m}[0m[2m:[0m [2mconsensus_core::core[0m[2m:[0m [2mconsensus/core/src/core.rs[0m[2m:[0m[2m945:[0m Included 3 ancestors & excluded 0 ancestors for proposal in round 489
[2m2025-03-25T07:57:05.209682Z[0m [32m INFO[0m [1mnode[0m[1m{[0m[3mname[0m[2m=[0mk#8dcff6d1..[1m}[0m[2m:[0m [2mconsensus_core::core[0m[2m:[0m [2mconsensus/core/src/core.rs[0m[2m:[0m[2m531:[0m Created block B489(A,TZc/QOubRImVwidQqDdGkY6it9m5EnbglrmF50xMUW0=)(1742889425209ms;[B488(A,TvRsIKoJhwW3Tl/dVL/fOxMsO/YER2+0RnHQ4RklxoU=), B488(B,ldJOBEPO4tE88UtQj75xPjY8N6JpShFy60OoCcohiHg=), B488(C,KgeARZy56dSibhbtSATHH6nMLxjKxHBe3kZBjsW7NnU=)];1t;1c) for round 489
[2m2025-03-25T07:57:05.209693Z[0m [32m INFO[0m [1mnode[0m[1m{[0m[3mname[0m[2m=[0mk#99f25ef6..[1m}[0m[2m:[0m [2mconsensus_core::core[0m[2m:[0m [2mconsensus/core/src/core.rs[0m[2m:[0m[2m531:[0m Created block B489(B,EPbQZAQczAV9GIKGoSlmo4kB4/eFi2S4sPTrUGqmP+s=)(1742889425209ms;[B488(B,ldJOBEPO4tE88UtQj75xPjY8N6JpShFy60OoCcohiHg=), B488(A,TvRsIKoJhwW3Tl/dVL/fOxMsO/YER2+0RnHQ4RklxoU=), B488(C,KgeARZy56dSibhbtSATHH6nMLxjKxHBe3kZBjsW7NnU=)];1t;1c) for round 489
[2m2025-03-25T07:57:05.209750Z[0m [32m INFO[0m [1mnode[0m[1m{[0m[3mname[0m[2m=[0mk#8dcff6d1..[1m}[0m[2m:[0m [2mconsensus_core::core[0m[2m:[0m [2mconsensus/core/src/core.rs[0m[2m:[0m[2m630:[0m Committing 1 leaders: B487(A,vv0W)
[2m2025-03-25T07:57:05.209757Z[0m [32m INFO[0m [1mnode[0m[1m{[0m[3mname[0m[2m=[0mk#99f25ef6..[1m}[0m[2m:[0m [2mconsensus_core::core[0m[2m:[0m [2mconsensus/core/src/core.rs[0m[2m:[0m[2m630:[0m Committing 1 leaders: B487(A,vv0W)
[2m2025-03-25T07:57:05.209821Z[0m [32m INFO[0m [1mnode[0m[1m{[0m[3mname[0m[2m=[0mk#8dcff6d1..[1m}[0m[2m:[0m [2mconsensus_core::commit_observer[0m[2m:[0m [2mconsensus/core/src/commit_observer.rs[0m[2m:[0m[2m173:[0m Consensus commit C475(szM5) with leader B487(A,vv0W) has 3 blocks
[2m2025-03-25T07:57:05.209824Z[0m [32m INFO[0m [1mnode[0m[1m{[0m[3mname[0m[2m=[0mk#99f25ef6..[1m}[0m[2m:[0m [2mconsensus_core::commit_observer[0m[2m:[0m [2mconsensus/core/src/commit_observer.rs[0m[2m:[0m[2m173:[0m Consensus commit C475(szM5) with leader B487(A,vv0W) has 3 blocks
[2m2025-03-25T07:57:05.209907Z[0m [32m INFO[0m [1mnode[0m[1m{[0m[3mname[0m[2m=[0mk#8dcff6d1..[1m}[0m[2m:[0m [2msui_core::consensus_handler[0m[2m:[0m [2mcrates/sui-core/src/consensus_handler.rs[0m[2m:[0m[2m232:[0m Received consensus output [3mconsensus_commit[0m[2m=[0mCommittedSubDag(leader=B487(A,vv0W), ref=C475(szM5), blocks=[jCgd, X9Uo, vv0W]) [3mepoch[0m[2m=[0m1
[2m2025-03-25T07:57:05.209907Z[0m [32m INFO[0m [1mnode[0m[1m{[0m[3mname[0m[2m=[0mk#99f25ef6..[1m}[0m[2m:[0m [2msui_core::consensus_handler[0m[2m:[0m [2mcrates/sui-core/src/consensus_handler.rs[0m[2m:[0m[2m232:[0m Received consensus output [3mconsensus_commit[0m[2m=[0mCommittedSubDag(leader=B487(A,vv0W), ref=C475(szM5), blocks=[jCgd, X9Uo, vv0W]) [3mepoch[0m[2m=[0m1
[2m2025-03-25T07:57:05.213642Z[0m [32m INFO[0m [1mnode[0m[1m{[0m[3mname[0m[2m=[0mk#addeef94..[1m}[0m[2m:[0m [2mconsensus_core::core[0m[2m:[0m [2mconsensus/core/src/core.rs[0m[2m:[0m[2m630:[0m Committing 1 leaders: B487(A,vv0W)
[2m2025-03-25T07:57:05.213739Z[0m [32m INFO[0m [1mnode[0m[1m{[0m[3mname[0m[2m=[0mk#addeef94..[1m}[0m[2m:[0m [2mconsensus_core::commit_observer[0m[2m:[0m [2mconsensus/core/src/commit_observer.rs[0m[2m:[0m[2m173:[0m Consensus commit C475(szM5) with leader B487(A,vv0W) has 3 blocks
[2m2025-03-25T07:57:05.213869Z[0m [32m INFO[0m [1mnode[0m[1m{[0m[3mname[0m[2m=[0mk#addeef94..[1m}[0m[2m:[0m [2msui_core::consensus_handler[0m[2m:[0m [2mcrates/sui-core/src/consensus_handler.rs[0m[2m:[0m[2m232:[0m Received consensus output [3mconsensus_commit[0m[2m=[0mCommittedSubDag(leader=B487(A,vv0W), ref=C475(szM5), blocks=[jCgd, X9Uo, vv0W]) [3mepoch[0m[2m=[0m1
[2m2025-03-25T07:57:05.255476Z[0m [32m INFO[0m [1mnode[0m[1m{[0m[3mname[0m[2m=[0mk#8dcff6d1..[1m}[0m[2m:[0m [2msui_core::checkpoints[0m[2m:[0m [2mcrates/sui-core/src/checkpoints/mod.rs[0m[2m:[0m[2m1326:[0m Creating checkpoint(s) for 1 transactions [3mnext_checkpoint_seq[0m[2m=[0m688 [3mcheckpoint_timestamp[0m[2m=[0m1742889424698
[2m2025-03-25T07:57:05.255656Z[0m [32m INFO[0m [1mnode[0m[1m{[0m[3mname[0m[2m=[0mk#99f25ef6..[1m}[0m[2m:[0m [2msui_core::checkpoints[0m[2m:[0m [2mcrates/sui-core/src/checkpoints/mod.rs[0m[2m:[0m[2m1326:[0m Creating checkpoint(s) for 1 transactions [3mnext_checkpoint_seq[0m[2m=[0m688 [3mcheckpoint_timestamp[0m[2m=[0m1742889424698
[2m2025-03-25T07:57:05.255722Z[0m [32m INFO[0m [1mnode[0m[1m{[0m[3mname[0m[2m=[0mk#8dcff6d1..[1m}[0m[2m:[0m [2msui_core::checkpoints::checkpoint_output[0m[2m:[0m [2mcrates/sui-core/src/checkpoints/checkpoint_output.rs[0m[2m:[0m[2m149:[0m Creating checkpoint CheckpointDigest(D2TDoiwuGVp8PtrdXRaqVs98RxoKzXzW2FKG81DLnS5X) at epoch 1, sequence 688, previous digest Some(CheckpointDigest(2FcrfJjkB1nGFfZE7djS91Ly1nzzxCgiLdFXqhh72dHT)), transactions count 1, content digest CheckpointContentsDigest(J5Z1sZjdpwtgcucHUpF4hSmsmzEfeirwsNGszXdhYBj3), end_of_epoch_data None
[2m2025-03-25T07:57:05.255829Z[0m [32m INFO[0m [1mnode[0m[1m{[0m[3mname[0m[2m=[0mk#99f25ef6..[1m}[0m[2m:[0m [2msui_core::checkpoints::checkpoint_output[0m[2m:[0m [2mcrates/sui-core/src/checkpoints/checkpoint_output.rs[0m[2m:[0m[2m149:[0m Creating checkpoint CheckpointDigest(D2TDoiwuGVp8PtrdXRaqVs98RxoKzXzW2FKG81DLnS5X) at epoch 1, sequence 688, previous digest Some(CheckpointDigest(2FcrfJjkB1nGFfZE7djS91Ly1nzzxCgiLdFXqhh72dHT)), transactions count 1, content digest CheckpointContentsDigest(J5Z1sZjdpwtgcucHUpF4hSmsmzEfeirwsNGszXdhYBj3), end_of_epoch_data None
[2m2025-03-25T07:57:05.257878Z[0m [32m INFO[0m [1mnode[0m[1m{[0m[3mname[0m[2m=[0mk#addeef94..[1m}[0m[2m:[0m [2msui_core::checkpoints[0m[2m:[0m [2mcrates/sui-core/src/checkpoints/mod.rs[0m[2m:[0m[2m1326:[0m Creating checkpoint(s) for 1 transactions [3mnext_checkpoint_seq[0m[2m=[0m688 [3mcheckpoint_timestamp[0m[2m=[0m1742889424698
[2m2025-03-25T07:57:05.258053Z[0m [32m INFO[0m [1mnode[0m[1m{[0m[3mname[0m[2m=[0mk#addeef94..[1m}[0m[2m:[0m [2msui_core::checkpoints::checkpoint_output[0m[2m:[0m [2mcrates/sui-core/src/checkpoints/checkpoint_output.rs[0m[2m:[0m[2m149:[0m Creating checkpoint CheckpointDigest(D2TDoiwuGVp8PtrdXRaqVs98RxoKzXzW2FKG81DLnS5X) at epoch 1, sequence 688, previous digest Some(CheckpointDigest(2FcrfJjkB1nGFfZE7djS91Ly1nzzxCgiLdFXqhh72dHT)), transactions count 1, content digest CheckpointContentsDigest(J5Z1sZjdpwtgcucHUpF4hSmsmzEfeirwsNGszXdhYBj3), end_of_epoch_data None
[2m2025-03-25T07:57:05.259096Z[0m [32m INFO[0m [1mnode[0m[1m{[0m[3mname[0m[2m=[0mk#8dcff6d1..[1m}[0m[2m:[0m [2msui_core::checkpoints::checkpoint_output[0m[2m:[0m [2mcrates/sui-core/src/checkpoints/checkpoint_output.rs[0m[2m:[0m[2m196:[0m Certified checkpoint with sequence 687 and digest 2FcrfJjkB1nGFfZE7djS91Ly1nzzxCgiLdFXqhh72dHT
[2m2025-03-25T07:57:05.259201Z[0m [32m INFO[0m [1mnode[0m[1m{[0m[3mname[0m[2m=[0mk#99f25ef6..[1m}[0m[2m:[0m [2msui_core::checkpoints::checkpoint_output[0m[2m:[0m [2mcrates/sui-core/src/checkpoints/checkpoint_output.rs[0m[2m:[0m[2m196:[0m Certified checkpoint with sequence 687 and digest 2FcrfJjkB1nGFfZE7djS91Ly1nzzxCgiLdFXqhh72dHT
[2m2025-03-25T07:57:05.262432Z[0m [32m INFO[0m [1mnode[0m[1m{[0m[3mname[0m[2m=[0mk#8dcff6d1..[1m}[0m[2m:[0m [2msui_core::checkpoints::checkpoint_executor[0m[2m:[0m [2mcrates/sui-core/src/checkpoints/checkpoint_executor/mod.rs[0m[2m:[0m[2m332:[0m Received checkpoint summary from state sync [3msequence_number[0m[2m=[0m687
[2m2025-03-25T07:57:05.264826Z[0m [32m INFO[0m [1mnode[0m[1m{[0m[3mname[0m[2m=[0mk#99f25ef6..[1m}[0m[2m:[0m [2msui_core::checkpoints::checkpoint_executor[0m[2m:[0m [2mcrates/sui-core/src/checkpoints/checkpoint_executor/mod.rs[0m[2m:[0m[2m332:[0m Received checkpoint summary from state sync [3msequence_number[0m[2m=[0m687
[2m2025-03-25T07:57:05.280095Z[0m [32m INFO[0m [1mnode[0m[1m{[0m[3mname[0m[2m=[0mk#8dcff6d1..[1m}[0m[2m:[0m [2msui_core::state_accumulator[0m[2m:[0m [2mcrates/sui-core/src/state_accumulator.rs[0m[2m:[0m[2m675:[0m accumulating running root for checkpoint 687
[2m2025-03-25T07:57:05.280198Z[0m [32m INFO[0m [1mnode[0m[1m{[0m[3mname[0m[2m=[0mk#99f25ef6..[1m}[0m[2m:[0m [2msui_core::state_accumulator[0m[2m:[0m [2mcrates/sui-core/src/state_accumulator.rs[0m[2m:[0m[2m675:[0m accumulating running root for checkpoint 687
[2m2025-03-25T07:57:05.325090Z[0m [32m INFO[0m [1mnode[0m[1m{[0m[3mname[0m[2m=[0mk#addeef94..[1m}[0m[2m:[0m [2msui_core::checkpoints::checkpoint_executor[0m[2m:[0m [2mcrates/sui-core/src/checkpoints/checkpoint_executor/mod.rs[0m[2m:[0m[2m332:[0m Received checkpoint summary from state sync [3msequence_number[0m[2m=[0m687
[2m2025-03-25T07:57:05.325692Z[0m [32m INFO[0m [1mnode[0m[1m{[0m[3mname[0m[2m=[0mk#8dcff6d1..[1m}[0m[2m:[0m [2mconsensus_core::commit_syncer[0m[2m:[0m [2mconsensus/core/src/commit_syncer.rs[0m[2m:[0m[2m196:[0m Checking to schedule fetches: synced_commit_index=475, highest_handled_index=475, highest_scheduled_index=0, quorum_commit_index=474, unhandled_commits_threshold=3200
[2m2025-03-25T07:57:05.326497Z[0m [32m INFO[0m [1mnode[0m[1m{[0m[3mname[0m[2m=[0mk#addeef94..[1m}[0m[2m:[0m [2msui_core::state_accumulator[0m[2m:[0m [2mcrates/sui-core/src/state_accumulator.rs[0m[2m:[0m[2m675:[0m accumulating running root for checkpoint 687
[2m2025-03-25T07:57:05.326948Z[0m [32m INFO[0m [1mnode[0m[1m{[0m[3mname[0m[2m=[0mk#addeef94..[1m}[0m[2m:[0m [2mconsensus_core::commit_syncer[0m[2m:[0m [2mconsensus/core/src/commit_syncer.rs[0m[2m:[0m[2m196:[0m Checking to schedule fetches: synced_commit_index=475, highest_handled_index=475, highest_scheduled_index=0, quorum_commit_index=0, unhandled_commits_threshold=3200
[2m2025-03-25T07:57:05.330512Z[0m [32m INFO[0m [1mnode[0m[1m{[0m[3mname[0m[2m=[0mk#99f25ef6..[1m}[0m[2m:[0m [2mconsensus_core::commit_syncer[0m[2m:[0m [2mconsensus/core/src/commit_syncer.rs[0m[2m:[0m[2m196:[0m Checking to schedule fetches: synced_commit_index=475, highest_handled_index=475, highest_scheduled_index=0, quorum_commit_index=474, unhandled_commits_threshold=3200
[2m2025-03-25T07:57:05.461684Z[0m [32m INFO[0m [1mnode[0m[1m{[0m[3mname[0m[2m=[0mk#99f25ef6..[1m}[0m[2m:[0m [2mconsensus_core::core[0m[2m:[0m [2mconsensus/core/src/core.rs[0m[2m:[0m[2m945:[0m Included 3 ancestors & excluded 0 ancestors for proposal in round 490
[2m2025-03-25T07:57:05.462096Z[0m [32m INFO[0m [1mnode[0m[1m{[0m[3mname[0m[2m=[0mk#99f25ef6..[1m}[0m[2m:[0m [2mconsensus_core::core[0m[2m:[0m [2mconsensus/core/src/core.rs[0m[2m:[0m[2m531:[0m Created block B490(B,j9MnieqLvLTom0N/MxHx3e5LR9OHlM19CRafa1hxTlc=)(1742889425461ms;[B489(B,EPbQZAQczAV9GIKGoSlmo4kB4/eFi2S4sPTrUGqmP+s=), B489(A,TZc/QOubRImVwidQqDdGkY6it9m5EnbglrmF50xMUW0=), B489(C,e+EAt1p1V4z53QCF9LbHOHFeHRbyIJ7pBo/IkhpHRT0=)];1t;1c) for round 490
[2m2025-03-25T07:57:05.463763Z[0m [32m INFO[0m [1mnode[0m[1m{[0m[3mname[0m[2m=[0mk#8dcff6d1..[1m}[0m[2m:[0m [2mconsensus_core::core[0m[2m:[0m [2mconsensus/core/src/core.rs[0m[2m:[0m[2m945:[0m Included 3 ancestors & excluded 0 ancestors for proposal in round 490
[2m2025-03-25T07:57:05.464065Z[0m [32m INFO[0m [1mnode[0m[1m{[0m[3mname[0m[2m=[0mk#8dcff6d1..[1m}[0m[2m:[0m [2mconsensus_core::core[0m[2m:[0m [2mconsensus/core/src/core.rs[0m[2m:[0m[2m531:[0m Created block B490(A,MdWBhzyLzeMm6Vlfo0mQL4XjjdGFd5dfFq57/JMzp3w=)(1742889425464ms;[B489(A,TZc/QOubRImVwidQqDdGkY6it9m5EnbglrmF50xMUW0=), B489(B,EPbQZAQczAV9GIKGoSlmo4kB4/eFi2S4sPTrUGqmP+s=), B489(C,e+EAt1p1V4z53QCF9LbHOHFeHRbyIJ7pBo/IkhpHRT0=)];1t;1c) for round 490
[2m2025-03-25T07:57:05.465878Z[0m [32m INFO[0m [1mnode[0m[1m{[0m[3mname[0m[2m=[0mk#addeef94..[1m}[0m[2m:[0m [2mconsensus_core::core[0m[2m:[0m [2mconsensus/core/src/core.rs[0m[2m:[0m[2m945:[0m Included 3 ancestors & excluded 0 ancestors for proposal in round 490
[2m2025-03-25T07:57:05.466185Z[0m [32m INFO[0m [1mnode[0m[1m{[0m[3mname[0m[2m=[0mk#addeef94..[1m}[0m[2m:[0m [2mconsensus_core::core[0m[2m:[0m [2mconsensus/core/src/core.rs[0m[2m:[0m[2m531:[0m Created block B490(C,BWdrFicGddRX2WXOKvHaNR5ykAfh0NNQJDgOVqjA2Vo=)(1742889425466ms;[B489(C,e+EAt1p1V4z53QCF9LbHOHFeHRbyIJ7pBo/IkhpHRT0=), B489(A,TZc/QOubRImVwidQqDdGkY6it9m5EnbglrmF50xMUW0=), B489(B,EPbQZAQczAV9GIKGoSlmo4kB4/eFi2S4sPTrUGqmP+s=)];1t;1c) for round 490
[2m2025-03-25T07:57:05.466253Z[0m [32m INFO[0m [1mnode[0m[1m{[0m[3mname[0m[2m=[0mk#addeef94..[1m}[0m[2m:[0m [2mconsensus_core::core[0m[2m:[0m [2mconsensus/core/src/core.rs[0m[2m:[0m[2m630:[0m Committing 1 leaders: B488(A,TvRs)
[2m2025-03-25T07:57:05.466324Z[0m [32m INFO[0m [1mnode[0m[1m{[0m[3mname[0m[2m=[0mk#addeef94..[1m}[0m[2m:[0m [2mconsensus_core::commit_observer[0m[2m:[0m [2mconsensus/core/src/commit_observer.rs[0m[2m:[0m[2m173:[0m Consensus commit C476(Y/Ln) with leader B488(A,TvRs) has 3 blocks
[2m2025-03-25T07:57:05.466408Z[0m [32m INFO[0m [1mnode[0m[1m{[0m[3mname[0m[2m=[0mk#addeef94..[1m}[0m[2m:[0m [2msui_core::consensus_handler[0m[2m:[0m [2mcrates/sui-core/src/consensus_handler.rs[0m[2m:[0m[2m232:[0m Received consensus output [3mconsensus_commit[0m[2m=[0mCommittedSubDag(leader=B488(A,TvRs), ref=C476(Y/Ln), blocks=[LU+t, J56f, TvRs]) [3mepoch[0m[2m=[0m1
[2m2025-03-25T07:57:05.469473Z[0m [32m INFO[0m [1mnode[0m[1m{[0m[3mname[0m[2m=[0mk#99f25ef6..[1m}[0m[2m:[0m [2msui_core::checkpoints::checkpoint_output[0m[2m:[0m [2mcrates/sui-core/src/checkpoints/checkpoint_output.rs[0m[2m:[0m[2m196:[0m Certified checkpoint with sequence 688 and digest D2TDoiwuGVp8PtrdXRaqVs98RxoKzXzW2FKG81DLnS5X
[2m2025-03-25T07:57:05.469470Z[0m [32m INFO[0m [1mnode[0m[1m{[0m[3mname[0m[2m=[0mk#8dcff6d1..[1m}[0m[2m:[0m [2msui_core::checkpoints::checkpoint_output[0m[2m:[0m [2mcrates/sui-core/src/checkpoints/checkpoint_output.rs[0m[2m:[0m[2m196:[0m Certified checkpoint with sequence 688 and digest D2TDoiwuGVp8PtrdXRaqVs98RxoKzXzW2FKG81DLnS5X
[2m2025-03-25T07:57:05.469589Z[0m [32m INFO[0m [1mnode[0m[1m{[0m[3mname[0m[2m=[0mk#8dcff6d1..[1m}[0m[2m:[0m [2mconsensus_core::core[0m[2m:[0m [2mconsensus/core/src/core.rs[0m[2m:[0m[2m630:[0m Committing 1 leaders: B488(A,TvRs)
[2m2025-03-25T07:57:05.469589Z[0m [32m INFO[0m [1mnode[0m[1m{[0m[3mname[0m[2m=[0mk#99f25ef6..[1m}[0m[2m:[0m [2mconsensus_core::core[0m[2m:[0m [2mconsensus/core/src/core.rs[0m[2m:[0m[2m630:[0m Committing 1 leaders: B488(A,TvRs)
[2m2025-03-25T07:57:05.469694Z[0m [32m INFO[0m [1mnode[0m[1m{[0m[3mname[0m[2m=[0mk#8dcff6d1..[1m}[0m[2m:[0m [2mconsensus_core::commit_observer[0m[2m:[0m [2mconsensus/core/src/commit_observer.rs[0m[2m:[0m[2m173:[0m Consensus commit C476(Y/Ln) with leader B488(A,TvRs) has 3 blocks
[2m2025-03-25T07:57:05.469697Z[0m [32m INFO[0m [1mnode[0m[1m{[0m[3mname[0m[2m=[0mk#99f25ef6..[1m}[0m[2m:[0m [2mconsensus_core::commit_observer[0m[2m:[0m [2mconsensus/core/src/commit_observer.rs[0m[2m:[0m[2m173:[0m Consensus commit C476(Y/Ln) with leader B488(A,TvRs) has 3 blocks
[2m2025-03-25T07:57:05.470102Z[0m [32m INFO[0m [1mnode[0m[1m{[0m[3mname[0m[2m=[0mk#8dcff6d1..[1m}[0m[2m:[0m [2msui_core::consensus_handler[0m[2m:[0m [2mcrates/sui-core/src/consensus_handler.rs[0m[2m:[0m[2m232:[0m Received consensus output [3mconsensus_commit[0m[2m=[0mCommittedSubDag(leader=B488(A,TvRs), ref=C476(Y/Ln), blocks=[LU+t, J56f, TvRs]) [3mepoch[0m[2m=[0m1
[2m2025-03-25T07:57:05.470102Z[0m [32m INFO[0m [1mnode[0m[1m{[0m[3mname[0m[2m=[0mk#99f25ef6..[1m}[0m[2m:[0m [2msui_core::consensus_handler[0m[2m:[0m [2mcrates/sui-core/src/consensus_handler.rs[0m[2m:[0m[2m232:[0m Received consensus output [3mconsensus_commit[0m[2m=[0mCommittedSubDag(leader=B488(A,TvRs), ref=C476(Y/Ln), blocks=[LU+t, J56f, TvRs]) [3mepoch[0m[2m=[0m1
[2m2025-03-25T07:57:05.470686Z[0m [32m INFO[0m [1mnode[0m[1m{[0m[3mname[0m[2m=[0mk#99f25ef6..[1m}[0m[2m:[0m [2msui_core::checkpoints::checkpoint_executor[0m[2m:[0m [2mcrates/sui-core/src/checkpoints/checkpoint_executor/mod.rs[0m[2m:[0m[2m332:[0m Received checkpoint summary from state sync [3msequence_number[0m[2m=[0m688
[2m2025-03-25T07:57:05.470686Z[0m [32m INFO[0m [1mnode[0m[1m{[0m[3mname[0m[2m=[0mk#8dcff6d1..[1m}[0m[2m:[0m [2msui_core::checkpoints::checkpoint_executor[0m[2m:[0m [2mcrates/sui-core/src/checkpoints/checkpoint_executor/mod.rs[0m[2m:[0m[2m332:[0m Received checkpoint summary from state sync [3msequence_number[0m[2m=[0m688
[2m2025-03-25T07:57:05.472243Z[0m [32m INFO[0m [1mnode[0m[1m{[0m[3mname[0m[2m=[0mk#8dcff6d1..[1m}[0m[2m:[0m [2msui_core::state_accumulator[0m[2m:[0m [2mcrates/sui-core/src/state_accumulator.rs[0m[2m:[0m[2m675:[0m accumulating running root for checkpoint 688
[2m2025-03-25T07:57:05.472244Z[0m [32m INFO[0m [1mnode[0m[1m{[0m[3mname[0m[2m=[0mk#99f25ef6..[1m}[0m[2m:[0m [2msui_core::state_accumulator[0m[2m:[0m [2mcrates/sui-core/src/state_accumulator.rs[0m[2m:[0m[2m675:[0m accumulating running root for checkpoint 688
[2m2025-03-25T07:57:05.493283Z[0m [32m INFO[0m [1mnode[0m[1m{[0m[3mname[0m[2m=[0mk#addeef94..[1m}[0m[2m:[0m [2msui_core::checkpoints[0m[2m:[0m [2mcrates/sui-core/src/checkpoints/mod.rs[0m[2m:[0m[2m1326:[0m Creating checkpoint(s) for 2 transactions [3mnext_checkpoint_seq[0m[2m=[0m689 [3mcheckpoint_timestamp[0m[2m=[0m1742889424950
[2m2025-03-25T07:57:05.493595Z[0m [32m INFO[0m [1mnode[0m[1m{[0m[3mname[0m[2m=[0mk#addeef94..[1m}[0m[2m:[0m [2msui_core::checkpoints::checkpoint_output[0m[2m:[0m [2mcrates/sui-core/src/checkpoints/checkpoint_output.rs[0m[2m:[0m[2m149:[0m Creating checkpoint CheckpointDigest(3AozBkWpLAxw8WnM2PwyNfWDeNjz9SHcLqNzyQCVrLTu) at epoch 1, sequence 689, previous digest Some(CheckpointDigest(D2TDoiwuGVp8PtrdXRaqVs98RxoKzXzW2FKG81DLnS5X)), transactions count 2, content digest CheckpointContentsDigest(AMQ4GzNTyBmNAS7Jc88cv3q9eme1LHusbSTyuP389TWa), end_of_epoch_data None
[2m2025-03-25T07:57:05.496376Z[0m [32m INFO[0m [1mnode[0m[1m{[0m[3mname[0m[2m=[0mk#addeef94..[1m}[0m[2m:[0m [2msui_core::checkpoints::checkpoint_executor[0m[2m:[0m [2mcrates/sui-core/src/checkpoints/checkpoint_executor/mod.rs[0m[2m:[0m[2m332:[0m Received checkpoint summary from state sync [3msequence_number[0m[2m=[0m688
[2m2025-03-25T07:57:05.497212Z[0m [32m INFO[0m [1mnode[0m[1m{[0m[3mname[0m[2m=[0mk#addeef94..[1m}[0m[2m:[0m [2msui_core::state_accumulator[0m[2m:[0m [2mcrates/sui-core/src/state_accumulator.rs[0m[2m:[0m[2m675:[0m accumulating running root for checkpoint 688
[2m2025-03-25T07:57:05.497739Z[0m [32m INFO[0m [1mnode[0m[1m{[0m[3mname[0m[2m=[0mk#8dcff6d1..[1m}[0m[2m:[0m [2msui_core::checkpoints[0m[2m:[0m [2mcrates/sui-core/src/checkpoints/mod.rs[0m[2m:[0m[2m1326:[0m Creating checkpoint(s) for 2 transactions [3mnext_checkpoint_seq[0m[2m=[0m689 [3mcheckpoint_timestamp[0m[2m=[0m1742889424950
[2m2025-03-25T07:57:05.497747Z[0m [32m INFO[0m [1mnode[0m[1m{[0m[3mname[0m[2m=[0mk#99f25ef6..[1m}[0m[2m:[0m [2msui_core::checkpoints[0m[2m:[0m [2mcrates/sui-core/src/checkpoints/mod.rs[0m[2m:[0m[2m1326:[0m Creating checkpoint(s) for 2 transactions [3mnext_checkpoint_seq[0m[2m=[0m689 [3mcheckpoint_timestamp[0m[2m=[0m1742889424950
[2m2025-03-25T07:57:05.498006Z[0m [32m INFO[0m [1mnode[0m[1m{[0m[3mname[0m[2m=[0mk#99f25ef6..[1m}[0m[2m:[0m [2msui_core::checkpoints::checkpoint_output[0m[2m:[0m [2mcrates/sui-core/src/checkpoints/checkpoint_output.rs[0m[2m:[0m[2m149:[0m Creating checkpoint CheckpointDigest(3AozBkWpLAxw8WnM2PwyNfWDeNjz9SHcLqNzyQCVrLTu) at epoch 1, sequence 689, previous digest Some(CheckpointDigest(D2TDoiwuGVp8PtrdXRaqVs98RxoKzXzW2FKG81DLnS5X)), transactions count 2, content digest CheckpointContentsDigest(AMQ4GzNTyBmNAS7Jc88cv3q9eme1LHusbSTyuP389TWa), end_of_epoch_data None
[2m2025-03-25T07:57:05.498006Z[0m [32m INFO[0m [1mnode[0m[1m{[0m[3mname[0m[2m=[0mk#8dcff6d1..[1m}[0m[2m:[0m [2msui_core::checkpoints::checkpoint_output[0m[2m:[0m [2mcrates/sui-core/src/checkpoints/checkpoint_output.rs[0m[2m:[0m[2m149:[0m Creating checkpoint CheckpointDigest(3AozBkWpLAxw8WnM2PwyNfWDeNjz9SHcLqNzyQCVrLTu) at epoch 1, sequence 689, previous digest Some(CheckpointDigest(D2TDoiwuGVp8PtrdXRaqVs98RxoKzXzW2FKG81DLnS5X)), transactions count 2, content digest CheckpointContentsDigest(AMQ4GzNTyBmNAS7Jc88cv3q9eme1LHusbSTyuP389TWa), end_of_epoch_data None
[2m2025-03-25T07:57:05.719220Z[0m [32m INFO[0m [1mnode[0m[1m{[0m[3mname[0m[2m=[0mk#addeef94..[1m}[0m[2m:[0m [2mconsensus_core::core[0m[2m:[0m [2mconsensus/core/src/core.rs[0m[2m:[0m[2m945:[0m Included 3 ancestors & excluded 0 ancestors for proposal in round 491
[2m2025-03-25T07:57:05.719585Z[0m [32m INFO[0m [1mnode[0m[1m{[0m[3mname[0m[2m=[0mk#addeef94..[1m}[0m[2m:[0m [2mconsensus_core::core[0m[2m:[0m [2mconsensus/core/src/core.rs[0m[2m:[0m[2m531:[0m Created block B491(C,cPIXpXr1FPiNbBxi+MgDfmzODU+rN8AJSTJoNcF5lYo=)(1742889425719ms;[B490(C,BWdrFicGddRX2WXOKvHaNR5ykAfh0NNQJDgOVqjA2Vo=), B490(A,MdWBhzyLzeMm6Vlfo0mQL4XjjdGFd5dfFq57/JMzp3w=), B490(B,j9MnieqLvLTom0N/MxHx3e5LR9OHlM19CRafa1hxTlc=)];1t;1c) for round 491
[2m2025-03-25T07:57:05.721516Z[0m [32m INFO[0m [1mnode[0m[1m{[0m[3mname[0m[2m=[0mk#99f25ef6..[1m}[0m[2m:[0m [2mconsensus_core::core[0m[2m:[0m [2mconsensus/core/src/core.rs[0m[2m:[0m[2m945:[0m Included 3 ancestors & excluded 0 ancestors for proposal in round 491
[2m2025-03-25T07:57:05.721517Z[0m [32m INFO[0m [1mnode[0m[1m{[0m[3mname[0m[2m=[0mk#8dcff6d1..[1m}[0m[2m:[0m [2mconsensus_core::core[0m[2m:[0m [2mconsensus/core/src/core.rs[0m[2m:[0m[2m945:[0m Included 3 ancestors & excluded 0 ancestors for proposal in round 491
[2m2025-03-25T07:57:05.721808Z[0m [32m INFO[0m [1mnode[0m[1m{[0m[3mname[0m[2m=[0mk#99f25ef6..[1m}[0m[2m:[0m [2mconsensus_core::core[0m[2m:[0m [2mconsensus/core/src/core.rs[0m[2m:[0m[2m531:[0m Created block B491(B,vTpC0mRBzS/kuLhKrd+11iGBrKcB2eagogotNUw8izE=)(1742889425721ms;[B490(B,j9MnieqLvLTom0N/MxHx3e5LR9OHlM19CRafa1hxTlc=), B490(A,MdWBhzyLzeMm6Vlfo0mQL4XjjdGFd5dfFq57/JMzp3w=), B490(C,BWdrFicGddRX2WXOKvHaNR5ykAfh0NNQJDgOVqjA2Vo=)];1t;1c) for round 491
[2m2025-03-25T07:57:05.721808Z[0m [32m INFO[0m [1mnode[0m[1m{[0m[3mname[0m[2m=[0mk#8dcff6d1..[1m}[0m[2m:[0m [2mconsensus_core::core[0m[2m:[0m [2mconsensus/core/src/core.rs[0m[2m:[0m[2m531:[0m Created block B491(A,WhXTY1ShjKZ8zxg2WobEvitmyU63cKINL/Qx/jleBrs=)(1742889425721ms;[B490(A,MdWBhzyLzeMm6Vlfo0mQL4XjjdGFd5dfFq57/JMzp3w=), B490(B,j9MnieqLvLTom0N/MxHx3e5LR9OHlM19CRafa1hxTlc=), B490(C,BWdrFicGddRX2WXOKvHaNR5ykAfh0NNQJDgOVqjA2Vo=)];1t;1c) for round 491
[2m2025-03-25T07:57:05.721877Z[0m [32m INFO[0m [1mnode[0m[1m{[0m[3mname[0m[2m=[0mk#99f25ef6..[1m}[0m[2m:[0m [2mconsensus_core::core[0m[2m:[0m [2mconsensus/core/src/core.rs[0m[2m:[0m[2m630:[0m Committing 1 leaders: B489(C,e+EA)
[2m2025-03-25T07:57:05.721877Z[0m [32m INFO[0m [1mnode[0m[1m{[0m[3mname[0m[2m=[0mk#8dcff6d1..[1m}[0m[2m:[0m [2mconsensus_core::core[0m[2m:[0m [2mconsensus/core/src/core.rs[0m[2m:[0m[2m630:[0m Committing 1 leaders: B489(C,e+EA)
[2m2025-03-25T07:57:05.721946Z[0m [32m INFO[0m [1mnode[0m[1m{[0m[3mname[0m[2m=[0mk#99f25ef6..[1m}[0m[2m:[0m [2mconsensus_core::commit_observer[0m[2m:[0m [2mconsensus/core/src/commit_observer.rs[0m[2m:[0m[2m173:[0m Consensus commit C477(7GfX) with leader B489(C,e+EA) has 3 blocks
[2m2025-03-25T07:57:05.721946Z[0m [32m INFO[0m [1mnode[0m[1m{[0m[3mname[0m[2m=[0mk#8dcff6d1..[1m}[0m[2m:[0m [2mconsensus_core::commit_observer[0m[2m:[0m [2mconsensus/core/src/commit_observer.rs[0m[2m:[0m[2m173:[0m Consensus commit C477(7GfX) with leader B489(C,e+EA) has 3 blocks
[2m2025-03-25T07:57:05.722032Z[0m [32m INFO[0m [1mnode[0m[1m{[0m[3mname[0m[2m=[0mk#99f25ef6..[1m}[0m[2m:[0m [2msui_core::consensus_handler[0m[2m:[0m [2mcrates/sui-core/src/consensus_handler.rs[0m[2m:[0m[2m232:[0m Received consensus output [3mconsensus_commit[0m[2m=[0mCommittedSubDag(leader=B489(C,e+EA), ref=C477(7GfX), blocks=[ldJO, KgeA, e+EA]) [3mepoch[0m[2m=[0m1
[2m2025-03-25T07:57:05.722032Z[0m [32m INFO[0m [1mnode[0m[1m{[0m[3mname[0m[2m=[0mk#8dcff6d1..[1m}[0m[2m:[0m [2msui_core::consensus_handler[0m[2m:[0m [2mcrates/sui-core/src/consensus_handler.rs[0m[2m:[0m[2m232:[0m Received consensus output [3mconsensus_commit[0m[2m=[0mCommittedSubDag(leader=B489(C,e+EA), ref=C477(7GfX), blocks=[ldJO, KgeA, e+EA]) [3mepoch[0m[2m=[0m1
[2m2025-03-25T07:57:05.725968Z[0m [32m INFO[0m [1mnode[0m[1m{[0m[3mname[0m[2m=[0mk#addeef94..[1m}[0m[2m:[0m [2mconsensus_core::core[0m[2m:[0m [2mconsensus/core/src/core.rs[0m[2m:[0m[2m630:[0m Committing 1 leaders: B489(C,e+EA)
[2m2025-03-25T07:57:05.726066Z[0m [32m INFO[0m [1mnode[0m[1m{[0m[3mname[0m[2m=[0mk#addeef94..[1m}[0m[2m:[0m [2mconsensus_core::commit_observer[0m[2m:[0m [2mconsensus/core/src/commit_observer.rs[0m[2m:[0m[2m173:[0m Consensus commit C477(7GfX) with leader B489(C,e+EA) has 3 blocks
[2m2025-03-25T07:57:05.726195Z[0m [32m INFO[0m [1mnode[0m[1m{[0m[3mname[0m[2m=[0mk#addeef94..[1m}[0m[2m:[0m [2msui_core::consensus_handler[0m[2m:[0m [2mcrates/sui-core/src/consensus_handler.rs[0m[2m:[0m[2m232:[0m Received consensus output [3mconsensus_commit[0m[2m=[0mCommittedSubDag(leader=B489(C,e+EA), ref=C477(7GfX), blocks=[ldJO, KgeA, e+EA]) [3mepoch[0m[2m=[0m1
[2m2025-03-25T07:57:05.769330Z[0m [32m INFO[0m [1mnode[0m[1m{[0m[3mname[0m[2m=[0mk#99f25ef6..[1m}[0m[2m:[0m [2msui_core::checkpoints[0m[2m:[0m [2mcrates/sui-core/src/checkpoints/mod.rs[0m[2m:[0m[2m1326:[0m Creating checkpoint(s) for 1 transactions [3mnext_checkpoint_seq[0m[2m=[0m690 [3mcheckpoint_timestamp[0m[2m=[0m1742889425207
[2m2025-03-25T07:57:05.769330Z[0m [32m INFO[0m [1mnode[0m[1m{[0m[3mname[0m[2m=[0mk#8dcff6d1..[1m}[0m[2m:[0m [2msui_core::checkpoints[0m[2m:[0m [2mcrates/sui-core/src/checkpoints/mod.rs[0m[2m:[0m[2m1326:[0m Creating checkpoint(s) for 1 transactions [3mnext_checkpoint_seq[0m[2m=[0m690 [3mcheckpoint_timestamp[0m[2m=[0m1742889425207
[2m2025-03-25T07:57:05.769567Z[0m [32m INFO[0m [1mnode[0m[1m{[0m[3mname[0m[2m=[0mk#8dcff6d1..[1m}[0m[2m:[0m [2msui_core::checkpoints::checkpoint_output[0m[2m:[0m [2mcrates/sui-core/src/checkpoints/checkpoint_output.rs[0m[2m:[0m[2m149:[0m Creating checkpoint CheckpointDigest(C8xbQ5yATEtAHoaX1xJvPd7XfyGiuoRHyKHnrXKYz4Zz) at epoch 1, sequence 690, previous digest Some(CheckpointDigest(3AozBkWpLAxw8WnM2PwyNfWDeNjz9SHcLqNzyQCVrLTu)), transactions count 1, content digest CheckpointContentsDigest(2GHCTid4NM6PJNaQEAZNUnC9kdwSNXxukquv73SrJkL7), end_of_epoch_data None
[2m2025-03-25T07:57:05.769567Z[0m [32m INFO[0m [1mnode[0m[1m{[0m[3mname[0m[2m=[0mk#99f25ef6..[1m}[0m[2m:[0m [2msui_core::checkpoints::checkpoint_output[0m[2m:[0m [2mcrates/sui-core/src/checkpoints/checkpoint_output.rs[0m[2m:[0m[2m149:[0m Creating checkpoint CheckpointDigest(C8xbQ5yATEtAHoaX1xJvPd7XfyGiuoRHyKHnrXKYz4Zz) at epoch 1, sequence 690, previous digest Some(CheckpointDigest(3AozBkWpLAxw8WnM2PwyNfWDeNjz9SHcLqNzyQCVrLTu)), transactions count 1, content digest CheckpointContentsDigest(2GHCTid4NM6PJNaQEAZNUnC9kdwSNXxukquv73SrJkL7), end_of_epoch_data None
[2m2025-03-25T07:57:05.770844Z[0m [32m INFO[0m [1mnode[0m[1m{[0m[3mname[0m[2m=[0mk#addeef94..[1m}[0m[2m:[0m [2msui_core::checkpoints[0m[2m:[0m [2mcrates/sui-core/src/checkpoints/mod.rs[0m[2m:[0m[2m1326:[0m Creating checkpoint(s) for 1 transactions [3mnext_checkpoint_seq[0m[2m=[0m690 [3mcheckpoint_timestamp[0m[2m=[0m1742889425207
[2m2025-03-25T07:57:05.771018Z[0m [32m INFO[0m [1mnode[0m[1m{[0m[3mname[0m[2m=[0mk#addeef94..[1m}[0m[2m:[0m [2msui_core::checkpoints::checkpoint_output[0m[2m:[0m [2mcrates/sui-core/src/checkpoints/checkpoint_output.rs[0m[2m:[0m[2m149:[0m Creating checkpoint CheckpointDigest(C8xbQ5yATEtAHoaX1xJvPd7XfyGiuoRHyKHnrXKYz4Zz) at epoch 1, sequence 690, previous digest Some(CheckpointDigest(3AozBkWpLAxw8WnM2PwyNfWDeNjz9SHcLqNzyQCVrLTu)), transactions count 1, content digest CheckpointContentsDigest(2GHCTid4NM6PJNaQEAZNUnC9kdwSNXxukquv73SrJkL7), end_of_epoch_data None
[2m2025-03-25T07:57:05.772900Z[0m [32m INFO[0m [1mnode[0m[1m{[0m[3mname[0m[2m=[0mk#8dcff6d1..[1m}[0m[2m:[0m [2msui_core::checkpoints::checkpoint_output[0m[2m:[0m [2mcrates/sui-core/src/checkpoints/checkpoint_output.rs[0m[2m:[0m[2m196:[0m Certified checkpoint with sequence 689 and digest 3AozBkWpLAxw8WnM2PwyNfWDeNjz9SHcLqNzyQCVrLTu
[2m2025-03-25T07:57:05.773001Z[0m [32m INFO[0m [1mnode[0m[1m{[0m[3mname[0m[2m=[0mk#99f25ef6..[1m}[0m[2m:[0m [2msui_core::checkpoints::checkpoint_output[0m[2m:[0m [2mcrates/sui-core/src/checkpoints/checkpoint_output.rs[0m[2m:[0m[2m196:[0m Certified checkpoint with sequence 689 and digest 3AozBkWpLAxw8WnM2PwyNfWDeNjz9SHcLqNzyQCVrLTu
[2m2025-03-25T07:57:05.775987Z[0m [32m INFO[0m [1mnode[0m[1m{[0m[3mname[0m[2m=[0mk#8dcff6d1..[1m}[0m[2m:[0m [2msui_core::checkpoints::checkpoint_executor[0m[2m:[0m [2mcrates/sui-core/src/checkpoints/checkpoint_executor/mod.rs[0m[2m:[0m[2m332:[0m Received checkpoint summary from state sync [3msequence_number[0m[2m=[0m689
[2m2025-03-25T07:57:05.778143Z[0m [32m INFO[0m [1mnode[0m[1m{[0m[3mname[0m[2m=[0mk#99f25ef6..[1m}[0m[2m:[0m [2msui_core::checkpoints::checkpoint_executor[0m[2m:[0m [2mcrates/sui-core/src/checkpoints/checkpoint_executor/mod.rs[0m[2m:[0m[2m332:[0m Received checkpoint summary from state sync [3msequence_number[0m[2m=[0m689
[2m2025-03-25T07:57:05.793673Z[0m [32m INFO[0m [1mnode[0m[1m{[0m[3mname[0m[2m=[0mk#8dcff6d1..[1m}[0m[2m:[0m [2msui_core::state_accumulator[0m[2m:[0m [2mcrates/sui-core/src/state_accumulator.rs[0m[2m:[0m[2m675:[0m accumulating running root for checkpoint 689
[2m2025-03-25T07:57:05.793674Z[0m [32m INFO[0m [1mnode[0m[1m{[0m[3mname[0m[2m=[0mk#99f25ef6..[1m}[0m[2m:[0m [2msui_core::state_accumulator[0m[2m:[0m [2mcrates/sui-core/src/state_accumulator.rs[0m[2m:[0m[2m675:[0m accumulating running root for checkpoint 689
[2m2025-03-25T07:57:05.838115Z[0m [32m INFO[0m [1mnode[0m[1m{[0m[3mname[0m[2m=[0mk#addeef94..[1m}[0m[2m:[0m [2msui_core::checkpoints::checkpoint_executor[0m[2m:[0m [2mcrates/sui-core/src/checkpoints/checkpoint_executor/mod.rs[0m[2m:[0m[2m332:[0m Received checkpoint summary from state sync [3msequence_number[0m[2m=[0m689
[2m2025-03-25T07:57:05.839517Z[0m [32m INFO[0m [1mnode[0m[1m{[0m[3mname[0m[2m=[0mk#addeef94..[1m}[0m[2m:[0m [2msui_core::state_accumulator[0m[2m:[0m [2mcrates/sui-core/src/state_accumulator.rs[0m[2m:[0m[2m675:[0m accumulating running root for checkpoint 689
[2m2025-03-25T07:57:05.973672Z[0m [32m INFO[0m [1mnode[0m[1m{[0m[3mname[0m[2m=[0mk#8dcff6d1..[1m}[0m[2m:[0m [2mconsensus_core::core[0m[2m:[0m [2mconsensus/core/src/core.rs[0m[2m:[0m[2m945:[0m Included 3 ancestors & excluded 0 ancestors for proposal in round 492
[2m2025-03-25T07:57:05.974065Z[0m [32m INFO[0m [1mnode[0m[1m{[0m[3mname[0m[2m=[0mk#8dcff6d1..[1m}[0m[2m:[0m [2mconsensus_core::core[0m[2m:[0m [2mconsensus/core/src/core.rs[0m[2m:[0m[2m531:[0m Created block B492(A,+1qZ6Lnbr+yIwIhO9/zeEG4igTMCmKLAIW4uSnuTLto=)(1742889425973ms;[B491(A,WhXTY1ShjKZ8zxg2WobEvitmyU63cKINL/Qx/jleBrs=), B491(B,vTpC0mRBzS/kuLhKrd+11iGBrKcB2eagogotNUw8izE=), B491(C,cPIXpXr1FPiNbBxi+MgDfmzODU+rN8AJSTJoNcF5lYo=)];1t;1c) for round 492
[2m2025-03-25T07:57:05.975778Z[0m [32m INFO[0m [1mnode[0m[1m{[0m[3mname[0m[2m=[0mk#99f25ef6..[1m}[0m[2m:[0m [2mconsensus_core::core[0m[2m:[0m [2mconsensus/core/src/core.rs[0m[2m:[0m[2m945:[0m Included 3 ancestors & excluded 0 ancestors for proposal in round 492
[2m2025-03-25T07:57:05.976090Z[0m [32m INFO[0m [1mnode[0m[1m{[0m[3mname[0m[2m=[0mk#99f25ef6..[1m}[0m[2m:[0m [2mconsensus_core::core[0m[2m:[0m [2mconsensus/core/src/core.rs[0m[2m:[0m[2m531:[0m Created block B492(B,RP9HECwJjVszmCZZkoz/ZHzdaqZTWK2Y1ROltnuE6ng=)(1742889425976ms;[B491(B,vTpC0mRBzS/kuLhKrd+11iGBrKcB2eagogotNUw8izE=), B491(A,WhXTY1ShjKZ8zxg2WobEvitmyU63cKINL/Qx/jleBrs=), B491(C,cPIXpXr1FPiNbBxi+MgDfmzODU+rN8AJSTJoNcF5lYo=)];1t;1c) for round 492
[2m2025-03-25T07:57:05.977928Z[0m [32m INFO[0m [1mnode[0m[1m{[0m[3mname[0m[2m=[0mk#addeef94..[1m}[0m[2m:[0m [2mconsensus_core::core[0m[2m:[0m [2mconsensus/core/src/core.rs[0m[2m:[0m[2m945:[0m Included 3 ancestors & excluded 0 ancestors for proposal in round 492
[2m2025-03-25T07:57:05.978245Z[0m [32m INFO[0m [1mnode[0m[1m{[0m[3mname[0m[2m=[0mk#addeef94..[1m}[0m[2m:[0m [2mconsensus_core::core[0m[2m:[0m [2mconsensus/core/src/core.rs[0m[2m:[0m[2m531:[0m Created block B492(C,yQUENWCSfTPchqd7XO1jpe3/8joV9EgHOlU84sv6q9A=)(1742889425978ms;[B491(C,cPIXpXr1FPiNbBxi+MgDfmzODU+rN8AJSTJoNcF5lYo=), B491(A,WhXTY1ShjKZ8zxg2WobEvitmyU63cKINL/Qx/jleBrs=), B491(B,vTpC0mRBzS/kuLhKrd+11iGBrKcB2eagogotNUw8izE=)];1t;1c) for round 492
[2m2025-03-25T07:57:05.978316Z[0m [32m INFO[0m [1mnode[0m[1m{[0m[3mname[0m[2m=[0mk#addeef94..[1m}[0m[2m:[0m [2mconsensus_core::core[0m[2m:[0m [2mconsensus/core/src/core.rs[0m[2m:[0m[2m630:[0m Committing 1 leaders: B490(B,j9Mn)
[2m2025-03-25T07:57:05.978392Z[0m [32m INFO[0m [1mnode[0m[1m{[0m[3mname[0m[2m=[0mk#addeef94..[1m}[0m[2m:[0m [2mconsensus_core::commit_observer[0m[2m:[0m [2mconsensus/core/src/commit_observer.rs[0m[2m:[0m[2m173:[0m Consensus commit C478(Q75F) with leader B490(B,j9Mn) has 3 blocks
[2m2025-03-25T07:57:05.978480Z[0m [32m INFO[0m [1mnode[0m[1m{[0m[3mname[0m[2m=[0mk#addeef94..[1m}[0m[2m:[0m [2msui_core::consensus_handler[0m[2m:[0m [2mcrates/sui-core/src/consensus_handler.rs[0m[2m:[0m[2m232:[0m Received consensus output [3mconsensus_commit[0m[2m=[0mCommittedSubDag(leader=B490(B,j9Mn), ref=C478(Q75F), blocks=[TZc/, EPbQ, j9Mn]) [3mepoch[0m[2m=[0m1
[2m2025-03-25T07:57:05.981603Z[0m [32m INFO[0m [1mnode[0m[1m{[0m[3mname[0m[2m=[0mk#99f25ef6..[1m}[0m[2m:[0m [2msui_core::checkpoints::checkpoint_output[0m[2m:[0m [2mcrates/sui-core/src/checkpoints/checkpoint_output.rs[0m[2m:[0m[2m196:[0m Certified checkpoint with sequence 690 and digest C8xbQ5yATEtAHoaX1xJvPd7XfyGiuoRHyKHnrXKYz4Zz
[2m2025-03-25T07:57:05.981608Z[0m [32m INFO[0m [1mnode[0m[1m{[0m[3mname[0m[2m=[0mk#8dcff6d1..[1m}[0m[2m:[0m [2msui_core::checkpoints::checkpoint_output[0m[2m:[0m [2mcrates/sui-core/src/checkpoints/checkpoint_output.rs[0m[2m:[0m[2m196:[0m Certified checkpoint with sequence 690 and digest C8xbQ5yATEtAHoaX1xJvPd7XfyGiuoRHyKHnrXKYz4Zz
[2m2025-03-25T07:57:05.981711Z[0m [32m INFO[0m [1mnode[0m[1m{[0m[3mname[0m[2m=[0mk#8dcff6d1..[1m}[0m[2m:[0m [2mconsensus_core::core[0m[2m:[0m [2mconsensus/core/src/core.rs[0m[2m:[0m[2m630:[0m Committing 1 leaders: B490(B,j9Mn)
[2m2025-03-25T07:57:05.981712Z[0m [32m INFO[0m [1mnode[0m[1m{[0m[3mname[0m[2m=[0mk#99f25ef6..[1m}[0m[2m:[0m [2mconsensus_core::core[0m[2m:[0m [2mconsensus/core/src/core.rs[0m[2m:[0m[2m630:[0m Committing 1 leaders: B490(B,j9Mn)
[2m2025-03-25T07:57:05.981812Z[0m [32m INFO[0m [1mnode[0m[1m{[0m[3mname[0m[2m=[0mk#8dcff6d1..[1m}[0m[2m:[0m [2mconsensus_core::commit_observer[0m[2m:[0m [2mconsensus/core/src/commit_observer.rs[0m[2m:[0m[2m173:[0m Consensus commit C478(Q75F) with leader B490(B,j9Mn) has 3 blocks
[2m2025-03-25T07:57:05.981817Z[0m [32m INFO[0m [1mnode[0m[1m{[0m[3mname[0m[2m=[0mk#99f25ef6..[1m}[0m[2m:[0m [2mconsensus_core::commit_observer[0m[2m:[0m [2mconsensus/core/src/commit_observer.rs[0m[2m:[0m[2m173:[0m Consensus commit C478(Q75F) with leader B490(B,j9Mn) has 3 blocks
[2m2025-03-25T07:57:05.982213Z[0m [32m INFO[0m [1mnode[0m[1m{[0m[3mname[0m[2m=[0mk#8dcff6d1..[1m}[0m[2m:[0m [2msui_core::consensus_handler[0m[2m:[0m [2mcrates/sui-core/src/consensus_handler.rs[0m[2m:[0m[2m232:[0m Received consensus output [3mconsensus_commit[0m[2m=[0mCommittedSubDag(leader=B490(B,j9Mn), ref=C478(Q75F), blocks=[TZc/, EPbQ, j9Mn]) [3mepoch[0m[2m=[0m1
[2m2025-03-25T07:57:05.982213Z[0m [32m INFO[0m [1mnode[0m[1m{[0m[3mname[0m[2m=[0mk#99f25ef6..[1m}[0m[2m:[0m [2msui_core::consensus_handler[0m[2m:[0m [2mcrates/sui-core/src/consensus_handler.rs[0m[2m:[0m[2m232:[0m Received consensus output [3mconsensus_commit[0m[2m=[0mCommittedSubDag(leader=B490(B,j9Mn), ref=C478(Q75F), blocks=[TZc/, EPbQ, j9Mn]) [3mepoch[0m[2m=[0m1
[2m2025-03-25T07:57:05.982774Z[0m [32m INFO[0m [1mnode[0m[1m{[0m[3mname[0m[2m=[0mk#99f25ef6..[1m}[0m[2m:[0m [2msui_core::checkpoints::checkpoint_executor[0m[2m:[0m [2mcrates/sui-core/src/checkpoints/checkpoint_executor/mod.rs[0m[2m:[0m[2m332:[0m Received checkpoint summary from state sync [3msequence_number[0m[2m=[0m690
[2m2025-03-25T07:57:05.982774Z[0m [32m INFO[0m [1mnode[0m[1m{[0m[3mname[0m[2m=[0mk#8dcff6d1..[1m}[0m[2m:[0m [2msui_core::checkpoints::checkpoint_executor[0m[2m:[0m [2mcrates/sui-core/src/checkpoints/checkpoint_executor/mod.rs[0m[2m:[0m[2m332:[0m Received checkpoint summary from state sync [3msequence_number[0m[2m=[0m690
[2m2025-03-25T07:57:05.984241Z[0m [32m INFO[0m [1mnode[0m[1m{[0m[3mname[0m[2m=[0mk#8dcff6d1..[1m}[0m[2m:[0m [2msui_core::state_accumulator[0m[2m:[0m [2mcrates/sui-core/src/state_accumulator.rs[0m[2m:[0m[2m675:[0m accumulating running root for checkpoint 690
[2m2025-03-25T07:57:05.984242Z[0m [32m INFO[0m [1mnode[0m[1m{[0m[3mname[0m[2m=[0mk#99f25ef6..[1m}[0m[2m:[0m [2msui_core::state_accumulator[0m[2m:[0m [2mcrates/sui-core/src/state_accumulator.rs[0m[2m:[0m[2m675:[0m accumulating running root for checkpoint 690
[2m2025-03-25T07:57:06.005445Z[0m [32m INFO[0m [1mnode[0m[1m{[0m[3mname[0m[2m=[0mk#addeef94..[1m}[0m[2m:[0m [2msui_core::checkpoints[0m[2m:[0m [2mcrates/sui-core/src/checkpoints/mod.rs[0m[2m:[0m[2m1326:[0m Creating checkpoint(s) for 2 transactions [3mnext_checkpoint_seq[0m[2m=[0m691 [3mcheckpoint_timestamp[0m[2m=[0m1742889425461
[2m2025-03-25T07:57:06.005765Z[0m [32m INFO[0m [1mnode[0m[1m{[0m[3mname[0m[2m=[0mk#addeef94..[1m}[0m[2m:[0m [2msui_core::checkpoints::checkpoint_output[0m[2m:[0m [2mcrates/sui-core/src/checkpoints/checkpoint_output.rs[0m[2m:[0m[2m149:[0m Creating checkpoint CheckpointDigest(4UoR5uSd5ZzvirQWBnAdPgamjCLMTms8P9NZ53KAVAED) at epoch 1, sequence 691, previous digest Some(CheckpointDigest(C8xbQ5yATEtAHoaX1xJvPd7XfyGiuoRHyKHnrXKYz4Zz)), transactions count 2, content digest CheckpointContentsDigest(FRB8vnV2snSNY4N4jXhM8yRBTotwACWnXfdq6pnfBPJj), end_of_epoch_data None
[2m2025-03-25T07:57:06.008629Z[0m [32m INFO[0m [1mnode[0m[1m{[0m[3mname[0m[2m=[0mk#addeef94..[1m}[0m[2m:[0m [2msui_core::checkpoints::checkpoint_executor[0m[2m:[0m [2mcrates/sui-core/src/checkpoints/checkpoint_executor/mod.rs[0m[2m:[0m[2m332:[0m Received checkpoint summary from state sync [3msequence_number[0m[2m=[0m690
[2m2025-03-25T07:57:06.009502Z[0m [32m INFO[0m [1mnode[0m[1m{[0m[3mname[0m[2m=[0mk#addeef94..[1m}[0m[2m:[0m [2msui_core::state_accumulator[0m[2m:[0m [2mcrates/sui-core/src/state_accumulator.rs[0m[2m:[0m[2m675:[0m accumulating running root for checkpoint 690
[2m2025-03-25T07:57:06.009648Z[0m [32m INFO[0m [1mnode[0m[1m{[0m[3mname[0m[2m=[0mk#99f25ef6..[1m}[0m[2m:[0m [2msui_core::checkpoints[0m[2m:[0m [2mcrates/sui-core/src/checkpoints/mod.rs[0m[2m:[0m[2m1326:[0m Creating checkpoint(s) for 2 transactions [3mnext_checkpoint_seq[0m[2m=[0m691 [3mcheckpoint_timestamp[0m[2m=[0m1742889425461
[2m2025-03-25T07:57:06.009651Z[0m [32m INFO[0m [1mnode[0m[1m{[0m[3mname[0m[2m=[0mk#8dcff6d1..[1m}[0m[2m:[0m [2msui_core::checkpoints[0m[2m:[0m [2mcrates/sui-core/src/checkpoints/mod.rs[0m[2m:[0m[2m1326:[0m Creating checkpoint(s) for 2 transactions [3mnext_checkpoint_seq[0m[2m=[0m691 [3mcheckpoint_timestamp[0m[2m=[0m1742889425461
[2m2025-03-25T07:57:06.009928Z[0m [32m INFO[0m [1mnode[0m[1m{[0m[3mname[0m[2m=[0mk#8dcff6d1..[1m}[0m[2m:[0m [2msui_core::checkpoints::checkpoint_output[0m[2m:[0m [2mcrates/sui-core/src/checkpoints/checkpoint_output.rs[0m[2m:[0m[2m149:[0m Creating checkpoint CheckpointDigest(4UoR5uSd5ZzvirQWBnAdPgamjCLMTms8P9NZ53KAVAED) at epoch 1, sequence 691, previous digest Some(CheckpointDigest(C8xbQ5yATEtAHoaX1xJvPd7XfyGiuoRHyKHnrXKYz4Zz)), transactions count 2, content digest CheckpointContentsDigest(FRB8vnV2snSNY4N4jXhM8yRBTotwACWnXfdq6pnfBPJj), end_of_epoch_data None
[2m2025-03-25T07:57:06.009928Z[0m [32m INFO[0m [1mnode[0m[1m{[0m[3mname[0m[2m=[0mk#99f25ef6..[1m}[0m[2m:[0m [2msui_core::checkpoints::checkpoint_output[0m[2m:[0m [2mcrates/sui-core/src/checkpoints/checkpoint_output.rs[0m[2m:[0m[2m149:[0m Creating checkpoint CheckpointDigest(4UoR5uSd5ZzvirQWBnAdPgamjCLMTms8P9NZ53KAVAED) at epoch 1, sequence 691, previous digest Some(CheckpointDigest(C8xbQ5yATEtAHoaX1xJvPd7XfyGiuoRHyKHnrXKYz4Zz)), transactions count 2, content digest CheckpointContentsDigest(FRB8vnV2snSNY4N4jXhM8yRBTotwACWnXfdq6pnfBPJj), end_of_epoch_data None
[2m2025-03-25T07:57:06.231529Z[0m [32m INFO[0m [1mnode[0m[1m{[0m[3mname[0m[2m=[0mk#addeef94..[1m}[0m[2m:[0m [2mconsensus_core::core[0m[2m:[0m [2mconsensus/core/src/core.rs[0m[2m:[0m[2m945:[0m Included 3 ancestors & excluded 0 ancestors for proposal in round 493
[2m2025-03-25T07:57:06.231894Z[0m [32m INFO[0m [1mnode[0m[1m{[0m[3mname[0m[2m=[0mk#addeef94..[1m}[0m[2m:[0m [2mconsensus_core::core[0m[2m:[0m [2mconsensus/core/src/core.rs[0m[2m:[0m[2m531:[0m Created block B493(C,WWu2Zk6hYsE5Q653zkg6MQ6aRzwo9IxgvM1wF3mWY7E=)(1742889426231ms;[B492(C,yQUENWCSfTPchqd7XO1jpe3/8joV9EgHOlU84sv6q9A=), B492(A,+1qZ6Lnbr+yIwIhO9/zeEG4igTMCmKLAIW4uSnuTLto=), B492(B,RP9HECwJjVszmCZZkoz/ZHzdaqZTWK2Y1ROltnuE6ng=)];1t;1c) for round 493
[2m2025-03-25T07:57:06.233809Z[0m [32m INFO[0m [1mnode[0m[1m{[0m[3mname[0m[2m=[0mk#99f25ef6..[1m}[0m[2m:[0m [2mconsensus_core::core[0m[2m:[0m [2mconsensus/core/src/core.rs[0m[2m:[0m[2m945:[0m Included 3 ancestors & excluded 0 ancestors for proposal in round 493
[2m2025-03-25T07:57:06.233821Z[0m [32m INFO[0m [1mnode[0m[1m{[0m[3mname[0m[2m=[0mk#8dcff6d1..[1m}[0m[2m:[0m [2mconsensus_core::core[0m[2m:[0m [2mconsensus/core/src/core.rs[0m[2m:[0m[2m945:[0m Included 3 ancestors & excluded 0 ancestors for proposal in round 493
[2m2025-03-25T07:57:06.234096Z[0m [32m INFO[0m [1mnode[0m[1m{[0m[3mname[0m[2m=[0mk#99f25ef6..[1m}[0m[2m:[0m [2mconsensus_core::core[0m[2m:[0m [2mconsensus/core/src/core.rs[0m[2m:[0m[2m531:[0m Created block B493(B,emn45b9ADeiUTJ8C8JruEx5BuJWfZ/qpW73pWYBH9cU=)(1742889426234ms;[B492(B,RP9HECwJjVszmCZZkoz/ZHzdaqZTWK2Y1ROltnuE6ng=), B492(A,+1qZ6Lnbr+yIwIhO9/zeEG4igTMCmKLAIW4uSnuTLto=), B492(C,yQUENWCSfTPchqd7XO1jpe3/8joV9EgHOlU84sv6q9A=)];1t;1c) for round 493
[2m2025-03-25T07:57:06.234119Z[0m [32m INFO[0m [1mnode[0m[1m{[0m[3mname[0m[2m=[0mk#8dcff6d1..[1m}[0m[2m:[0m [2mconsensus_core::core[0m[2m:[0m [2mconsensus/core/src/core.rs[0m[2m:[0m[2m531:[0m Created block B493(A,ed9yZcBaWM9WBsXNS4lfCNDktXN3Af/+96a3GBWyV0E=)(1742889426234ms;[B492(A,+1qZ6Lnbr+yIwIhO9/zeEG4igTMCmKLAIW4uSnuTLto=), B492(B,RP9HECwJjVszmCZZkoz/ZHzdaqZTWK2Y1ROltnuE6ng=), B492(C,yQUENWCSfTPchqd7XO1jpe3/8joV9EgHOlU84sv6q9A=)];1t;1c) for round 493
[2m2025-03-25T07:57:06.234163Z[0m [32m INFO[0m [1mnode[0m[1m{[0m[3mname[0m[2m=[0mk#99f25ef6..[1m}[0m[2m:[0m [2mconsensus_core::core[0m[2m:[0m [2mconsensus/core/src/core.rs[0m[2m:[0m[2m630:[0m Committing 1 leaders: B491(A,WhXT)
[2m2025-03-25T07:57:06.234186Z[0m [32m INFO[0m [1mnode[0m[1m{[0m[3mname[0m[2m=[0mk#8dcff6d1..[1m}[0m[2m:[0m [2mconsensus_core::core[0m[2m:[0m [2mconsensus/core/src/core.rs[0m[2m:[0m[2m630:[0m Committing 1 leaders: B491(A,WhXT)
[2m2025-03-25T07:57:06.234233Z[0m [32m INFO[0m [1mnode[0m[1m{[0m[3mname[0m[2m=[0mk#99f25ef6..[1m}[0m[2m:[0m [2mconsensus_core::commit_observer[0m[2m:[0m [2mconsensus/core/src/commit_observer.rs[0m[2m:[0m[2m173:[0m Consensus commit C479(rMti) with leader B491(A,WhXT) has 3 blocks
[2m2025-03-25T07:57:06.234255Z[0m [32m INFO[0m [1mnode[0m[1m{[0m[3mname[0m[2m=[0mk#8dcff6d1..[1m}[0m[2m:[0m [2mconsensus_core::commit_observer[0m[2m:[0m [2mconsensus/core/src/commit_observer.rs[0m[2m:[0m[2m173:[0m Consensus commit C479(rMti) with leader B491(A,WhXT) has 3 blocks
[2m2025-03-25T07:57:06.234316Z[0m [32m INFO[0m [1mnode[0m[1m{[0m[3mname[0m[2m=[0mk#99f25ef6..[1m}[0m[2m:[0m [2msui_core::consensus_handler[0m[2m:[0m [2mcrates/sui-core/src/consensus_handler.rs[0m[2m:[0m[2m232:[0m Received consensus output [3mconsensus_commit[0m[2m=[0mCommittedSubDag(leader=B491(A,WhXT), ref=C479(rMti), blocks=[MdWB, BWdr, WhXT]) [3mepoch[0m[2m=[0m1
[2m2025-03-25T07:57:06.234338Z[0m [32m INFO[0m [1mnode[0m[1m{[0m[3mname[0m[2m=[0mk#8dcff6d1..[1m}[0m[2m:[0m [2msui_core::consensus_handler[0m[2m:[0m [2mcrates/sui-core/src/consensus_handler.rs[0m[2m:[0m[2m232:[0m Received consensus output [3mconsensus_commit[0m[2m=[0mCommittedSubDag(leader=B491(A,WhXT), ref=C479(rMti), blocks=[MdWB, BWdr, WhXT]) [3mepoch[0m[2m=[0m1
[2m2025-03-25T07:57:06.237998Z[0m [32m INFO[0m [1mnode[0m[1m{[0m[3mname[0m[2m=[0mk#addeef94..[1m}[0m[2m:[0m [2mconsensus_core::core[0m[2m:[0m [2mconsensus/core/src/core.rs[0m[2m:[0m[2m630:[0m Committing 1 leaders: B491(A,WhXT)
[2m2025-03-25T07:57:06.238090Z[0m [32m INFO[0m [1mnode[0m[1m{[0m[3mname[0m[2m=[0mk#addeef94..[1m}[0m[2m:[0m [2mconsensus_core::commit_observer[0m[2m:[0m [2mconsensus/core/src/commit_observer.rs[0m[2m:[0m[2m173:[0m Consensus commit C479(rMti) with leader B491(A,WhXT) has 3 blocks
[2m2025-03-25T07:57:06.238218Z[0m [32m INFO[0m [1mnode[0m[1m{[0m[3mname[0m[2m=[0mk#addeef94..[1m}[0m[2m:[0m [2msui_core::consensus_handler[0m[2m:[0m [2mcrates/sui-core/src/consensus_handler.rs[0m[2m:[0m[2m232:[0m Received consensus output [3mconsensus_commit[0m[2m=[0mCommittedSubDag(leader=B491(A,WhXT), ref=C479(rMti), blocks=[MdWB, BWdr, WhXT]) [3mepoch[0m[2m=[0m1
[2m2025-03-25T07:57:06.279707Z[0m [32m INFO[0m [1mnode[0m[1m{[0m[3mname[0m[2m=[0mk#99f25ef6..[1m}[0m[2m:[0m [2msui_core::checkpoints[0m[2m:[0m [2mcrates/sui-core/src/checkpoints/mod.rs[0m[2m:[0m[2m1326:[0m Creating checkpoint(s) for 1 transactions [3mnext_checkpoint_seq[0m[2m=[0m692 [3mcheckpoint_timestamp[0m[2m=[0m1742889425721
[2m2025-03-25T07:57:06.279708Z[0m [32m INFO[0m [1mnode[0m[1m{[0m[3mname[0m[2m=[0mk#8dcff6d1..[1m}[0m[2m:[0m [2msui_core::checkpoints[0m[2m:[0m [2mcrates/sui-core/src/checkpoints/mod.rs[0m[2m:[0m[2m1326:[0m Creating checkpoint(s) for 1 transactions [3mnext_checkpoint_seq[0m[2m=[0m692 [3mcheckpoint_timestamp[0m[2m=[0m1742889425721
[2m2025-03-25T07:57:06.279940Z[0m [32m INFO[0m [1mnode[0m[1m{[0m[3mname[0m[2m=[0mk#8dcff6d1..[1m}[0m[2m:[0m [2msui_core::checkpoints::checkpoint_output[0m[2m:[0m [2mcrates/sui-core/src/checkpoints/checkpoint_output.rs[0m[2m:[0m[2m149:[0m Creating checkpoint CheckpointDigest(ExaE1k7goNdwicYow79JVUDoFnP4sDf5vtFgQx7rGpPE) at epoch 1, sequence 692, previous digest Some(CheckpointDigest(4UoR5uSd5ZzvirQWBnAdPgamjCLMTms8P9NZ53KAVAED)), transactions count 1, content digest CheckpointContentsDigest(GhE82L7xDPVhBd7oeco3DurzzaptfcdnH9bewYeASHR3), end_of_epoch_data None
[2m2025-03-25T07:57:06.279940Z[0m [32m INFO[0m [1mnode[0m[1m{[0m[3mname[0m[2m=[0mk#99f25ef6..[1m}[0m[2m:[0m [2msui_core::checkpoints::checkpoint_output[0m[2m:[0m [2mcrates/sui-core/src/checkpoints/checkpoint_output.rs[0m[2m:[0m[2m149:[0m Creating checkpoint CheckpointDigest(ExaE1k7goNdwicYow79JVUDoFnP4sDf5vtFgQx7rGpPE) at epoch 1, sequence 692, previous digest Some(CheckpointDigest(4UoR5uSd5ZzvirQWBnAdPgamjCLMTms8P9NZ53KAVAED)), transactions count 1, content digest CheckpointContentsDigest(GhE82L7xDPVhBd7oeco3DurzzaptfcdnH9bewYeASHR3), end_of_epoch_data None
[2m2025-03-25T07:57:06.282196Z[0m [32m INFO[0m [1mnode[0m[1m{[0m[3mname[0m[2m=[0mk#addeef94..[1m}[0m[2m:[0m [2msui_core::checkpoints[0m[2m:[0m [2mcrates/sui-core/src/checkpoints/mod.rs[0m[2m:[0m[2m1326:[0m Creating checkpoint(s) for 1 transactions [3mnext_checkpoint_seq[0m[2m=[0m692 [3mcheckpoint_timestamp[0m[2m=[0m1742889425721
[2m2025-03-25T07:57:06.282371Z[0m [32m INFO[0m [1mnode[0m[1m{[0m[3mname[0m[2m=[0mk#addeef94..[1m}[0m[2m:[0m [2msui_core::checkpoints::checkpoint_output[0m[2m:[0m [2mcrates/sui-core/src/checkpoints/checkpoint_output.rs[0m[2m:[0m[2m149:[0m Creating checkpoint CheckpointDigest(ExaE1k7goNdwicYow79JVUDoFnP4sDf5vtFgQx7rGpPE) at epoch 1, sequence 692, previous digest Some(CheckpointDigest(4UoR5uSd5ZzvirQWBnAdPgamjCLMTms8P9NZ53KAVAED)), transactions count 1, content digest CheckpointContentsDigest(GhE82L7xDPVhBd7oeco3DurzzaptfcdnH9bewYeASHR3), end_of_epoch_data None
[2m2025-03-25T07:57:06.283252Z[0m [32m INFO[0m [1mnode[0m[1m{[0m[3mname[0m[2m=[0mk#8dcff6d1..[1m}[0m[2m:[0m [2msui_core::checkpoints::checkpoint_output[0m[2m:[0m [2mcrates/sui-core/src/checkpoints/checkpoint_output.rs[0m[2m:[0m[2m196:[0m Certified checkpoint with sequence 691 and digest 4UoR5uSd5ZzvirQWBnAdPgamjCLMTms8P9NZ53KAVAED
[2m2025-03-25T07:57:06.283344Z[0m [32m INFO[0m [1mnode[0m[1m{[0m[3mname[0m[2m=[0mk#99f25ef6..[1m}[0m[2m:[0m [2msui_core::checkpoints::checkpoint_output[0m[2m:[0m [2mcrates/sui-core/src/checkpoints/checkpoint_output.rs[0m[2m:[0m[2m196:[0m Certified checkpoint with sequence 691 and digest 4UoR5uSd5ZzvirQWBnAdPgamjCLMTms8P9NZ53KAVAED
[2m2025-03-25T07:57:06.286531Z[0m [32m INFO[0m [1mnode[0m[1m{[0m[3mname[0m[2m=[0mk#8dcff6d1..[1m}[0m[2m:[0m [2msui_core::checkpoints::checkpoint_executor[0m[2m:[0m [2mcrates/sui-core/src/checkpoints/checkpoint_executor/mod.rs[0m[2m:[0m[2m332:[0m Received checkpoint summary from state sync [3msequence_number[0m[2m=[0m691
[2m2025-03-25T07:57:06.288984Z[0m [32m INFO[0m [1mnode[0m[1m{[0m[3mname[0m[2m=[0mk#99f25ef6..[1m}[0m[2m:[0m [2msui_core::checkpoints::checkpoint_executor[0m[2m:[0m [2mcrates/sui-core/src/checkpoints/checkpoint_executor/mod.rs[0m[2m:[0m[2m332:[0m Received checkpoint summary from state sync [3msequence_number[0m[2m=[0m691
[2m2025-03-25T07:57:06.304316Z[0m [32m INFO[0m [1mnode[0m[1m{[0m[3mname[0m[2m=[0mk#8dcff6d1..[1m}[0m[2m:[0m [2msui_core::state_accumulator[0m[2m:[0m [2mcrates/sui-core/src/state_accumulator.rs[0m[2m:[0m[2m675:[0m accumulating running root for checkpoint 691
[2m2025-03-25T07:57:06.304321Z[0m [32m INFO[0m [1mnode[0m[1m{[0m[3mname[0m[2m=[0mk#99f25ef6..[1m}[0m[2m:[0m [2msui_core::state_accumulator[0m[2m:[0m [2mcrates/sui-core/src/state_accumulator.rs[0m[2m:[0m[2m675:[0m accumulating running root for checkpoint 691
[2m2025-03-25T07:57:06.349343Z[0m [32m INFO[0m [1mnode[0m[1m{[0m[3mname[0m[2m=[0mk#addeef94..[1m}[0m[2m:[0m [2msui_core::checkpoints::checkpoint_executor[0m[2m:[0m [2mcrates/sui-core/src/checkpoints/checkpoint_executor/mod.rs[0m[2m:[0m[2m332:[0m Received checkpoint summary from state sync [3msequence_number[0m[2m=[0m691
[2m2025-03-25T07:57:06.350725Z[0m [32m INFO[0m [1mnode[0m[1m{[0m[3mname[0m[2m=[0mk#addeef94..[1m}[0m[2m:[0m [2msui_core::state_accumulator[0m[2m:[0m [2mcrates/sui-core/src/state_accumulator.rs[0m[2m:[0m[2m675:[0m accumulating running root for checkpoint 691
[2m2025-03-25T07:57:06.486347Z[0m [32m INFO[0m [1mnode[0m[1m{[0m[3mname[0m[2m=[0mk#99f25ef6..[1m}[0m[2m:[0m [2mconsensus_core::core[0m[2m:[0m [2mconsensus/core/src/core.rs[0m[2m:[0m[2m945:[0m Included 3 ancestors & excluded 0 ancestors for proposal in round 494
[2m2025-03-25T07:57:06.486372Z[0m [32m INFO[0m [1mnode[0m[1m{[0m[3mname[0m[2m=[0mk#8dcff6d1..[1m}[0m[2m:[0m [2mconsensus_core::core[0m[2m:[0m [2mconsensus/core/src/core.rs[0m[2m:[0m[2m945:[0m Included 3 ancestors & excluded 0 ancestors for proposal in round 494
[2m2025-03-25T07:57:06.486711Z[0m [32m INFO[0m [1mnode[0m[1m{[0m[3mname[0m[2m=[0mk#8dcff6d1..[1m}[0m[2m:[0m [2mconsensus_core::core[0m[2m:[0m [2mconsensus/core/src/core.rs[0m[2m:[0m[2m531:[0m Created block B494(A,XSzo9jfYfu65MhCPioulK+Ge+AmzxgvSClXR3Y7i4Lc=)(1742889426486ms;[B493(A,ed9yZcBaWM9WBsXNS4lfCNDktXN3Af/+96a3GBWyV0E=), B493(B,emn45b9ADeiUTJ8C8JruEx5BuJWfZ/qpW73pWYBH9cU=), B493(C,WWu2Zk6hYsE5Q653zkg6MQ6aRzwo9IxgvM1wF3mWY7E=)];1t;1c) for round 494
[2m2025-03-25T07:57:06.486712Z[0m [32m INFO[0m [1mnode[0m[1m{[0m[3mname[0m[2m=[0mk#99f25ef6..[1m}[0m[2m:[0m [2mconsensus_core::core[0m[2m:[0m [2mconsensus/core/src/core.rs[0m[2m:[0m[2m531:[0m Created block B494(B,inTkSPIFYtciV3rBLFVl2QuH7G+ncupLnhVWzIXKWnc=)(1742889426486ms;[B493(B,emn45b9ADeiUTJ8C8JruEx5BuJWfZ/qpW73pWYBH9cU=), B493(A,ed9yZcBaWM9WBsXNS4lfCNDktXN3Af/+96a3GBWyV0E=), B493(C,WWu2Zk6hYsE5Q653zkg6MQ6aRzwo9IxgvM1wF3mWY7E=)];1t;1c) for round 494
[2m2025-03-25T07:57:06.489956Z[0m [32m INFO[0m [1mnode[0m[1m{[0m[3mname[0m[2m=[0mk#addeef94..[1m}[0m[2m:[0m [2mconsensus_core::core[0m[2m:[0m [2mconsensus/core/src/core.rs[0m[2m:[0m[2m945:[0m Included 3 ancestors & excluded 0 ancestors for proposal in round 494
[2m2025-03-25T07:57:06.490264Z[0m [32m INFO[0m [1mnode[0m[1m{[0m[3mname[0m[2m=[0mk#addeef94..[1m}[0m[2m:[0m [2mconsensus_core::core[0m[2m:[0m [2mconsensus/core/src/core.rs[0m[2m:[0m[2m531:[0m Created block B494(C,UTtM8rxeJiYyQDPeBE3zod5sdVwQeIq+iK8fX2NCA8o=)(1742889426490ms;[B493(C,WWu2Zk6hYsE5Q653zkg6MQ6aRzwo9IxgvM1wF3mWY7E=), B493(A,ed9yZcBaWM9WBsXNS4lfCNDktXN3Af/+96a3GBWyV0E=), B493(B,emn45b9ADeiUTJ8C8JruEx5BuJWfZ/qpW73pWYBH9cU=)];1t;1c) for round 494
[2m2025-03-25T07:57:06.490333Z[0m [32m INFO[0m [1mnode[0m[1m{[0m[3mname[0m[2m=[0mk#addeef94..[1m}[0m[2m:[0m [2mconsensus_core::core[0m[2m:[0m [2mconsensus/core/src/core.rs[0m[2m:[0m[2m630:[0m Committing 1 leaders: B492(B,RP9H)
[2m2025-03-25T07:57:06.490403Z[0m [32m INFO[0m [1mnode[0m[1m{[0m[3mname[0m[2m=[0mk#addeef94..[1m}[0m[2m:[0m [2mconsensus_core::commit_observer[0m[2m:[0m [2mconsensus/core/src/commit_observer.rs[0m[2m:[0m[2m173:[0m Consensus commit C480(JyjI) with leader B492(B,RP9H) has 3 blocks
[2m2025-03-25T07:57:06.490489Z[0m [32m INFO[0m [1mnode[0m[1m{[0m[3mname[0m[2m=[0mk#addeef94..[1m}[0m[2m:[0m [2msui_core::consensus_handler[0m[2m:[0m [2mcrates/sui-core/src/consensus_handler.rs[0m[2m:[0m[2m232:[0m Received consensus output [3mconsensus_commit[0m[2m=[0mCommittedSubDag(leader=B492(B,RP9H), ref=C480(JyjI), blocks=[vTpC, cPIX, RP9H]) [3mepoch[0m[2m=[0m1
[2m2025-03-25T07:57:06.493502Z[0m [32m INFO[0m [1mnode[0m[1m{[0m[3mname[0m[2m=[0mk#8dcff6d1..[1m}[0m[2m:[0m [2msui_core::checkpoints::checkpoint_output[0m[2m:[0m [2mcrates/sui-core/src/checkpoints/checkpoint_output.rs[0m[2m:[0m[2m196:[0m Certified checkpoint with sequence 692 and digest ExaE1k7goNdwicYow79JVUDoFnP4sDf5vtFgQx7rGpPE
[2m2025-03-25T07:57:06.493505Z[0m [32m INFO[0m [1mnode[0m[1m{[0m[3mname[0m[2m=[0mk#99f25ef6..[1m}[0m[2m:[0m [2msui_core::checkpoints::checkpoint_output[0m[2m:[0m [2mcrates/sui-core/src/checkpoints/checkpoint_output.rs[0m[2m:[0m[2m196:[0m Certified checkpoint with sequence 692 and digest ExaE1k7goNdwicYow79JVUDoFnP4sDf5vtFgQx7rGpPE
[2m2025-03-25T07:57:06.493611Z[0m [32m INFO[0m [1mnode[0m[1m{[0m[3mname[0m[2m=[0mk#8dcff6d1..[1m}[0m[2m:[0m [2mconsensus_core::core[0m[2m:[0m [2mconsensus/core/src/core.rs[0m[2m:[0m[2m630:[0m Committing 1 leaders: B492(B,RP9H)
[2m2025-03-25T07:57:06.493611Z[0m [32m INFO[0m [1mnode[0m[1m{[0m[3mname[0m[2m=[0mk#99f25ef6..[1m}[0m[2m:[0m [2mconsensus_core::core[0m[2m:[0m [2mconsensus/core/src/core.rs[0m[2m:[0m[2m630:[0m Committing 1 leaders: B492(B,RP9H)
[2m2025-03-25T07:57:06.493723Z[0m [32m INFO[0m [1mnode[0m[1m{[0m[3mname[0m[2m=[0mk#8dcff6d1..[1m}[0m[2m:[0m [2mconsensus_core::commit_observer[0m[2m:[0m [2mconsensus/core/src/commit_observer.rs[0m[2m:[0m[2m173:[0m Consensus commit C480(JyjI) with leader B492(B,RP9H) has 3 blocks
[2m2025-03-25T07:57:06.493726Z[0m [32m INFO[0m [1mnode[0m[1m{[0m[3mname[0m[2m=[0mk#99f25ef6..[1m}[0m[2m:[0m [2mconsensus_core::commit_observer[0m[2m:[0m [2mconsensus/core/src/commit_observer.rs[0m[2m:[0m[2m173:[0m Consensus commit C480(JyjI) with leader B492(B,RP9H) has 3 blocks
[2m2025-03-25T07:57:06.494130Z[0m [32m INFO[0m [1mnode[0m[1m{[0m[3mname[0m[2m=[0mk#8dcff6d1..[1m}[0m[2m:[0m [2msui_core::consensus_handler[0m[2m:[0m [2mcrates/sui-core/src/consensus_handler.rs[0m[2m:[0m[2m232:[0m Received consensus output [3mconsensus_commit[0m[2m=[0mCommittedSubDag(leader=B492(B,RP9H), ref=C480(JyjI), blocks=[vTpC, cPIX, RP9H]) [3mepoch[0m[2m=[0m1
[2m2025-03-25T07:57:06.494130Z[0m [32m INFO[0m [1mnode[0m[1m{[0m[3mname[0m[2m=[0mk#99f25ef6..[1m}[0m[2m:[0m [2msui_core::consensus_handler[0m[2m:[0m [2mcrates/sui-core/src/consensus_handler.rs[0m[2m:[0m[2m232:[0m Received consensus output [3mconsensus_commit[0m[2m=[0mCommittedSubDag(leader=B492(B,RP9H), ref=C480(JyjI), blocks=[vTpC, cPIX, RP9H]) [3mepoch[0m[2m=[0m1
[2m2025-03-25T07:57:06.494699Z[0m [32m INFO[0m [1mnode[0m[1m{[0m[3mname[0m[2m=[0mk#99f25ef6..[1m}[0m[2m:[0m [2msui_core::checkpoints::checkpoint_executor[0m[2m:[0m [2mcrates/sui-core/src/checkpoints/checkpoint_executor/mod.rs[0m[2m:[0m[2m332:[0m Received checkpoint summary from state sync [3msequence_number[0m[2m=[0m692
[2m2025-03-25T07:57:06.494699Z[0m [32m INFO[0m [1mnode[0m[1m{[0m[3mname[0m[2m=[0mk#8dcff6d1..[1m}[0m[2m:[0m [2msui_core::checkpoints::checkpoint_executor[0m[2m:[0m [2mcrates/sui-core/src/checkpoints/checkpoint_executor/mod.rs[0m[2m:[0m[2m332:[0m Received checkpoint summary from state sync [3msequence_number[0m[2m=[0m692
[2m2025-03-25T07:57:06.496145Z[0m [32m INFO[0m [1mnode[0m[1m{[0m[3mname[0m[2m=[0mk#8dcff6d1..[1m}[0m[2m:[0m [2msui_core::state_accumulator[0m[2m:[0m [2mcrates/sui-core/src/state_accumulator.rs[0m[2m:[0m[2m675:[0m accumulating running root for checkpoint 692
[2m2025-03-25T07:57:06.496146Z[0m [32m INFO[0m [1mnode[0m[1m{[0m[3mname[0m[2m=[0mk#99f25ef6..[1m}[0m[2m:[0m [2msui_core::state_accumulator[0m[2m:[0m [2mcrates/sui-core/src/state_accumulator.rs[0m[2m:[0m[2m675:[0m accumulating running root for checkpoint 692
[2m2025-03-25T07:57:06.517230Z[0m [32m INFO[0m [1mnode[0m[1m{[0m[3mname[0m[2m=[0mk#addeef94..[1m}[0m[2m:[0m [2msui_core::checkpoints[0m[2m:[0m [2mcrates/sui-core/src/checkpoints/mod.rs[0m[2m:[0m[2m1326:[0m Creating checkpoint(s) for 2 transactions [3mnext_checkpoint_seq[0m[2m=[0m693 [3mcheckpoint_timestamp[0m[2m=[0m1742889425976
[2m2025-03-25T07:57:06.517541Z[0m [32m INFO[0m [1mnode[0m[1m{[0m[3mname[0m[2m=[0mk#addeef94..[1m}[0m[2m:[0m [2msui_core::checkpoints::checkpoint_output[0m[2m:[0m [2mcrates/sui-core/src/checkpoints/checkpoint_output.rs[0m[2m:[0m[2m149:[0m Creating checkpoint CheckpointDigest(2HaC7dQTGhtuwSMpCzQQo5jQCEvTm5GMg8FdxrVj2c7G) at epoch 1, sequence 693, previous digest Some(CheckpointDigest(ExaE1k7goNdwicYow79JVUDoFnP4sDf5vtFgQx7rGpPE)), transactions count 2, content digest CheckpointContentsDigest(4yC6jZMhBqGhXMFHJcUu7N2mRfLWMaPd6MZABA1exCxW), end_of_epoch_data None
[2m2025-03-25T07:57:06.520320Z[0m [32m INFO[0m [1mnode[0m[1m{[0m[3mname[0m[2m=[0mk#addeef94..[1m}[0m[2m:[0m [2msui_core::checkpoints::checkpoint_executor[0m[2m:[0m [2mcrates/sui-core/src/checkpoints/checkpoint_executor/mod.rs[0m[2m:[0m[2m332:[0m Received checkpoint summary from state sync [3msequence_number[0m[2m=[0m692
[2m2025-03-25T07:57:06.521135Z[0m [32m INFO[0m [1mnode[0m[1m{[0m[3mname[0m[2m=[0mk#addeef94..[1m}[0m[2m:[0m [2msui_core::state_accumulator[0m[2m:[0m [2mcrates/sui-core/src/state_accumulator.rs[0m[2m:[0m[2m675:[0m accumulating running root for checkpoint 692
[2m2025-03-25T07:57:06.521537Z[0m [32m INFO[0m [1mnode[0m[1m{[0m[3mname[0m[2m=[0mk#99f25ef6..[1m}[0m[2m:[0m [2msui_core::checkpoints[0m[2m:[0m [2mcrates/sui-core/src/checkpoints/mod.rs[0m[2m:[0m[2m1326:[0m Creating checkpoint(s) for 2 transactions [3mnext_checkpoint_seq[0m[2m=[0m693 [3mcheckpoint_timestamp[0m[2m=[0m1742889425976
[2m2025-03-25T07:57:06.521597Z[0m [32m INFO[0m [1mnode[0m[1m{[0m[3mname[0m[2m=[0mk#8dcff6d1..[1m}[0m[2m:[0m [2msui_core::checkpoints[0m[2m:[0m [2mcrates/sui-core/src/checkpoints/mod.rs[0m[2m:[0m[2m1326:[0m Creating checkpoint(s) for 2 transactions [3mnext_checkpoint_seq[0m[2m=[0m693 [3mcheckpoint_timestamp[0m[2m=[0m1742889425976
[2m2025-03-25T07:57:06.521798Z[0m [32m INFO[0m [1mnode[0m[1m{[0m[3mname[0m[2m=[0mk#99f25ef6..[1m}[0m[2m:[0m [2msui_core::checkpoints::checkpoint_output[0m[2m:[0m [2mcrates/sui-core/src/checkpoints/checkpoint_output.rs[0m[2m:[0m[2m149:[0m Creating checkpoint CheckpointDigest(2HaC7dQTGhtuwSMpCzQQo5jQCEvTm5GMg8FdxrVj2c7G) at epoch 1, sequence 693, previous digest Some(CheckpointDigest(ExaE1k7goNdwicYow79JVUDoFnP4sDf5vtFgQx7rGpPE)), transactions count 2, content digest CheckpointContentsDigest(4yC6jZMhBqGhXMFHJcUu7N2mRfLWMaPd6MZABA1exCxW), end_of_epoch_data None
[2m2025-03-25T07:57:06.521841Z[0m [32m INFO[0m [1mnode[0m[1m{[0m[3mname[0m[2m=[0mk#8dcff6d1..[1m}[0m[2m:[0m [2msui_core::checkpoints::checkpoint_output[0m[2m:[0m [2mcrates/sui-core/src/checkpoints/checkpoint_output.rs[0m[2m:[0m[2m149:[0m Creating checkpoint CheckpointDigest(2HaC7dQTGhtuwSMpCzQQo5jQCEvTm5GMg8FdxrVj2c7G) at epoch 1, sequence 693, previous digest Some(CheckpointDigest(ExaE1k7goNdwicYow79JVUDoFnP4sDf5vtFgQx7rGpPE)), transactions count 2, content digest CheckpointContentsDigest(4yC6jZMhBqGhXMFHJcUu7N2mRfLWMaPd6MZABA1exCxW), end_of_epoch_data None
[2m2025-03-25T07:57:06.664642Z[0m [32m INFO[0m [1mnode[0m[1m{[0m[3mname[0m[2m=[0mk#b3f3cbb4..[1m}[0m[2m:[0m[1mjson-rpc-request[0m[2m:[0m[1mdev_inspect_transaction_block[0m[1m{[0m[3msender_address[0m[2m=[0m0x0000000000000000000000000000000000000000000000000000000000000000 [3mtx_bytes[0m[2m=[0mBase64("AAMBAQAAAAAAAAAAAAAAAAAAAAAAAAAAAAAAAAAAAAAAAAAJAQAAAAAAAAABAAECAAgAAAAAAAAAAAEAAAAAAAAAAAAAAAAAAAAAAAAAAAAAAAAAAAAAAAAAAAsGYnJpZGdlIGdldF90b2tlbl90cmFuc2Zlcl9hY3Rpb25fc3RhdHVzAAMBAAABAQABAgA=") [3mgas_price[0m[2m=[0mNone [3m_epoch[0m[2m=[0mNone [3madditional_args[0m[2m=[0mNone[1m}[0m[2m:[0m [2msui_json_rpc::transaction_execution_api[0m[2m:[0m [2mcrates/sui-json-rpc/src/transaction_execution_api.rs[0m[2m:[0m[2m351:[0m RPC took longer than threshold to complete. [3melapsed[0m[2m=[0m1.535385875s
[2m2025-03-25T07:57:06.665541Z[0m [32m INFO[0m [1mhandle_execution_task[0m[1m{[0m[3maction_key[0m[2m=[0mBridgeActionKey(0,2,0) [3mattempt_times[0m[2m=[0m5[1m}[0m[2m:[0m [2msui_bridge::action_executor[0m[2m:[0m [2mcrates/sui-bridge/src/action_executor.rs[0m[2m:[0m[2m540:[0m Sending transaction to Sui [3mtx_digest[0m[2m=[0mTransactionDigest(GDSurpEu2x2PVvpwcUqP5MTXTQ8jWoYdMxzexGq3UM9X) [3mgas_object_ref[0m[2m=[0m(0x059c5b653da3f627ad85b7947a1634ad3055f81b24125b7d9b23178b0146bfc6, SequenceNumber(341), o#4ep4K212yQtPC23ghtw73sJ44qmqyajoXRf4wvuKq6mQ)
[2m2025-03-25T07:57:06.743051Z[0m [32m INFO[0m [1mnode[0m[1m{[0m[3mname[0m[2m=[0mk#addeef94..[1m}[0m[2m:[0m [2mconsensus_core::core[0m[2m:[0m [2mconsensus/core/src/core.rs[0m[2m:[0m[2m945:[0m Included 3 ancestors & excluded 0 ancestors for proposal in round 495
[2m2025-03-25T07:57:06.743423Z[0m [32m INFO[0m [1mnode[0m[1m{[0m[3mname[0m[2m=[0mk#addeef94..[1m}[0m[2m:[0m [2mconsensus_core::core[0m[2m:[0m [2mconsensus/core/src/core.rs[0m[2m:[0m[2m531:[0m Created block B495(C,OXukL/J+WGpsk2e8vDZht9ZyB3MJC5ZiaFJ2yMO/eKg=)(1742889426743ms;[B494(C,UTtM8rxeJiYyQDPeBE3zod5sdVwQeIq+iK8fX2NCA8o=), B494(A,XSzo9jfYfu65MhCPioulK+Ge+AmzxgvSClXR3Y7i4Lc=), B494(B,inTkSPIFYtciV3rBLFVl2QuH7G+ncupLnhVWzIXKWnc=)];1t;1c) for round 495
[2m2025-03-25T07:57:06.745333Z[0m [32m INFO[0m [1mnode[0m[1m{[0m[3mname[0m[2m=[0mk#8dcff6d1..[1m}[0m[2m:[0m [2mconsensus_core::core[0m[2m:[0m [2mconsensus/core/src/core.rs[0m[2m:[0m[2m945:[0m Included 3 ancestors & excluded 0 ancestors for proposal in round 495
[2m2025-03-25T07:57:06.745333Z[0m [32m INFO[0m [1mnode[0m[1m{[0m[3mname[0m[2m=[0mk#99f25ef6..[1m}[0m[2m:[0m [2mconsensus_core::core[0m[2m:[0m [2mconsensus/core/src/core.rs[0m[2m:[0m[2m945:[0m Included 3 ancestors & excluded 0 ancestors for proposal in round 495
[2m2025-03-25T07:57:06.745624Z[0m [32m INFO[0m [1mnode[0m[1m{[0m[3mname[0m[2m=[0mk#99f25ef6..[1m}[0m[2m:[0m [2mconsensus_core::core[0m[2m:[0m [2mconsensus/core/src/core.rs[0m[2m:[0m[2m531:[0m Created block B495(B,TOZODZs5tOmkDggTgBGu3GEnu3/NnbAykqpWR3G7j9E=)(1742889426745ms;[B494(B,inTkSPIFYtciV3rBLFVl2QuH7G+ncupLnhVWzIXKWnc=), B494(A,XSzo9jfYfu65MhCPioulK+Ge+AmzxgvSClXR3Y7i4Lc=), B494(C,UTtM8rxeJiYyQDPeBE3zod5sdVwQeIq+iK8fX2NCA8o=)];1t;1c) for round 495
[2m2025-03-25T07:57:06.745627Z[0m [32m INFO[0m [1mnode[0m[1m{[0m[3mname[0m[2m=[0mk#8dcff6d1..[1m}[0m[2m:[0m [2mconsensus_core::core[0m[2m:[0m [2mconsensus/core/src/core.rs[0m[2m:[0m[2m531:[0m Created block B495(A,KpfAwK94aQQWUUTI3wQg0UIvAPZQczsUZtbzsckUJtc=)(1742889426745ms;[B494(A,XSzo9jfYfu65MhCPioulK+Ge+AmzxgvSClXR3Y7i4Lc=), B494(B,inTkSPIFYtciV3rBLFVl2QuH7G+ncupLnhVWzIXKWnc=), B494(C,UTtM8rxeJiYyQDPeBE3zod5sdVwQeIq+iK8fX2NCA8o=)];1t;1c) for round 495
[2m2025-03-25T07:57:06.745693Z[0m [32m INFO[0m [1mnode[0m[1m{[0m[3mname[0m[2m=[0mk#8dcff6d1..[1m}[0m[2m:[0m [2mconsensus_core::core[0m[2m:[0m [2mconsensus/core/src/core.rs[0m[2m:[0m[2m630:[0m Committing 1 leaders: B493(C,WWu2)
[2m2025-03-25T07:57:06.745693Z[0m [32m INFO[0m [1mnode[0m[1m{[0m[3mname[0m[2m=[0mk#99f25ef6..[1m}[0m[2m:[0m [2mconsensus_core::core[0m[2m:[0m [2mconsensus/core/src/core.rs[0m[2m:[0m[2m630:[0m Committing 1 leaders: B493(C,WWu2)
[2m2025-03-25T07:57:06.745768Z[0m [32m INFO[0m [1mnode[0m[1m{[0m[3mname[0m[2m=[0mk#8dcff6d1..[1m}[0m[2m:[0m [2mconsensus_core::commit_observer[0m[2m:[0m [2mconsensus/core/src/commit_observer.rs[0m[2m:[0m[2m173:[0m Consensus commit C481(1fV1) with leader B493(C,WWu2) has 3 blocks
[2m2025-03-25T07:57:06.745768Z[0m [32m INFO[0m [1mnode[0m[1m{[0m[3mname[0m[2m=[0mk#99f25ef6..[1m}[0m[2m:[0m [2mconsensus_core::commit_observer[0m[2m:[0m [2mconsensus/core/src/commit_observer.rs[0m[2m:[0m[2m173:[0m Consensus commit C481(1fV1) with leader B493(C,WWu2) has 3 blocks
[2m2025-03-25T07:57:06.745857Z[0m [32m INFO[0m [1mnode[0m[1m{[0m[3mname[0m[2m=[0mk#99f25ef6..[1m}[0m[2m:[0m [2msui_core::consensus_handler[0m[2m:[0m [2mcrates/sui-core/src/consensus_handler.rs[0m[2m:[0m[2m232:[0m Received consensus output [3mconsensus_commit[0m[2m=[0mCommittedSubDag(leader=B493(C,WWu2), ref=C481(1fV1), blocks=[+1qZ, yQUE, WWu2]) [3mepoch[0m[2m=[0m1
[2m2025-03-25T07:57:06.745858Z[0m [32m INFO[0m [1mnode[0m[1m{[0m[3mname[0m[2m=[0mk#8dcff6d1..[1m}[0m[2m:[0m [2msui_core::consensus_handler[0m[2m:[0m [2mcrates/sui-core/src/consensus_handler.rs[0m[2m:[0m[2m232:[0m Received consensus output [3mconsensus_commit[0m[2m=[0mCommittedSubDag(leader=B493(C,WWu2), ref=C481(1fV1), blocks=[+1qZ, yQUE, WWu2]) [3mepoch[0m[2m=[0m1
[2m2025-03-25T07:57:06.749560Z[0m [32m INFO[0m [1mnode[0m[1m{[0m[3mname[0m[2m=[0mk#addeef94..[1m}[0m[2m:[0m [2mconsensus_core::core[0m[2m:[0m [2mconsensus/core/src/core.rs[0m[2m:[0m[2m630:[0m Committing 1 leaders: B493(C,WWu2)
[2m2025-03-25T07:57:06.749659Z[0m [32m INFO[0m [1mnode[0m[1m{[0m[3mname[0m[2m=[0mk#addeef94..[1m}[0m[2m:[0m [2mconsensus_core::commit_observer[0m[2m:[0m [2mconsensus/core/src/commit_observer.rs[0m[2m:[0m[2m173:[0m Consensus commit C481(1fV1) with leader B493(C,WWu2) has 3 blocks
[2m2025-03-25T07:57:06.749783Z[0m [32m INFO[0m [1mnode[0m[1m{[0m[3mname[0m[2m=[0mk#addeef94..[1m}[0m[2m:[0m [2msui_core::consensus_handler[0m[2m:[0m [2mcrates/sui-core/src/consensus_handler.rs[0m[2m:[0m[2m232:[0m Received consensus output [3mconsensus_commit[0m[2m=[0mCommittedSubDag(leader=B493(C,WWu2), ref=C481(1fV1), blocks=[+1qZ, yQUE, WWu2]) [3mepoch[0m[2m=[0m1
[2m2025-03-25T07:57:06.792808Z[0m [32m INFO[0m [1mnode[0m[1m{[0m[3mname[0m[2m=[0mk#8dcff6d1..[1m}[0m[2m:[0m [2msui_core::checkpoints[0m[2m:[0m [2mcrates/sui-core/src/checkpoints/mod.rs[0m[2m:[0m[2m1326:[0m Creating checkpoint(s) for 1 transactions [3mnext_checkpoint_seq[0m[2m=[0m694 [3mcheckpoint_timestamp[0m[2m=[0m1742889426231
[2m2025-03-25T07:57:06.792808Z[0m [32m INFO[0m [1mnode[0m[1m{[0m[3mname[0m[2m=[0mk#99f25ef6..[1m}[0m[2m:[0m [2msui_core::checkpoints[0m[2m:[0m [2mcrates/sui-core/src/checkpoints/mod.rs[0m[2m:[0m[2m1326:[0m Creating checkpoint(s) for 1 transactions [3mnext_checkpoint_seq[0m[2m=[0m694 [3mcheckpoint_timestamp[0m[2m=[0m1742889426231
[2m2025-03-25T07:57:06.793051Z[0m [32m INFO[0m [1mnode[0m[1m{[0m[3mname[0m[2m=[0mk#8dcff6d1..[1m}[0m[2m:[0m [2msui_core::checkpoints::checkpoint_output[0m[2m:[0m [2mcrates/sui-core/src/checkpoints/checkpoint_output.rs[0m[2m:[0m[2m149:[0m Creating checkpoint CheckpointDigest(DjeqAN2A9NcRmmaVCndVGjyttRVFwhWZmjuCnMMGnfKD) at epoch 1, sequence 694, previous digest Some(CheckpointDigest(2HaC7dQTGhtuwSMpCzQQo5jQCEvTm5GMg8FdxrVj2c7G)), transactions count 1, content digest CheckpointContentsDigest(7fZr2Tuc4FjWPB8wZ2dGcS2HwZ7mQNeT3oxsc436V16Z), end_of_epoch_data None
[2m2025-03-25T07:57:06.793051Z[0m [32m INFO[0m [1mnode[0m[1m{[0m[3mname[0m[2m=[0mk#99f25ef6..[1m}[0m[2m:[0m [2msui_core::checkpoints::checkpoint_output[0m[2m:[0m [2mcrates/sui-core/src/checkpoints/checkpoint_output.rs[0m[2m:[0m[2m149:[0m Creating checkpoint CheckpointDigest(DjeqAN2A9NcRmmaVCndVGjyttRVFwhWZmjuCnMMGnfKD) at epoch 1, sequence 694, previous digest Some(CheckpointDigest(2HaC7dQTGhtuwSMpCzQQo5jQCEvTm5GMg8FdxrVj2c7G)), transactions count 1, content digest CheckpointContentsDigest(7fZr2Tuc4FjWPB8wZ2dGcS2HwZ7mQNeT3oxsc436V16Z), end_of_epoch_data None
[2m2025-03-25T07:57:06.794333Z[0m [32m INFO[0m [1mnode[0m[1m{[0m[3mname[0m[2m=[0mk#addeef94..[1m}[0m[2m:[0m [2msui_core::checkpoints[0m[2m:[0m [2mcrates/sui-core/src/checkpoints/mod.rs[0m[2m:[0m[2m1326:[0m Creating checkpoint(s) for 1 transactions [3mnext_checkpoint_seq[0m[2m=[0m694 [3mcheckpoint_timestamp[0m[2m=[0m1742889426231
[2m2025-03-25T07:57:06.794504Z[0m [32m INFO[0m [1mnode[0m[1m{[0m[3mname[0m[2m=[0mk#addeef94..[1m}[0m[2m:[0m [2msui_core::checkpoints::checkpoint_output[0m[2m:[0m [2mcrates/sui-core/src/checkpoints/checkpoint_output.rs[0m[2m:[0m[2m149:[0m Creating checkpoint CheckpointDigest(DjeqAN2A9NcRmmaVCndVGjyttRVFwhWZmjuCnMMGnfKD) at epoch 1, sequence 694, previous digest Some(CheckpointDigest(2HaC7dQTGhtuwSMpCzQQo5jQCEvTm5GMg8FdxrVj2c7G)), transactions count 1, content digest CheckpointContentsDigest(7fZr2Tuc4FjWPB8wZ2dGcS2HwZ7mQNeT3oxsc436V16Z), end_of_epoch_data None
[2m2025-03-25T07:57:06.796410Z[0m [32m INFO[0m [1mnode[0m[1m{[0m[3mname[0m[2m=[0mk#8dcff6d1..[1m}[0m[2m:[0m [2msui_core::checkpoints::checkpoint_output[0m[2m:[0m [2mcrates/sui-core/src/checkpoints/checkpoint_output.rs[0m[2m:[0m[2m196:[0m Certified checkpoint with sequence 693 and digest 2HaC7dQTGhtuwSMpCzQQo5jQCEvTm5GMg8FdxrVj2c7G
[2m2025-03-25T07:57:06.796512Z[0m [32m INFO[0m [1mnode[0m[1m{[0m[3mname[0m[2m=[0mk#99f25ef6..[1m}[0m[2m:[0m [2msui_core::checkpoints::checkpoint_output[0m[2m:[0m [2mcrates/sui-core/src/checkpoints/checkpoint_output.rs[0m[2m:[0m[2m196:[0m Certified checkpoint with sequence 693 and digest 2HaC7dQTGhtuwSMpCzQQo5jQCEvTm5GMg8FdxrVj2c7G
[2m2025-03-25T07:57:06.799534Z[0m [32m INFO[0m [1mnode[0m[1m{[0m[3mname[0m[2m=[0mk#8dcff6d1..[1m}[0m[2m:[0m [2msui_core::checkpoints::checkpoint_executor[0m[2m:[0m [2mcrates/sui-core/src/checkpoints/checkpoint_executor/mod.rs[0m[2m:[0m[2m332:[0m Received checkpoint summary from state sync [3msequence_number[0m[2m=[0m693
[2m2025-03-25T07:57:06.801882Z[0m [32m INFO[0m [1mnode[0m[1m{[0m[3mname[0m[2m=[0mk#99f25ef6..[1m}[0m[2m:[0m [2msui_core::checkpoints::checkpoint_executor[0m[2m:[0m [2mcrates/sui-core/src/checkpoints/checkpoint_executor/mod.rs[0m[2m:[0m[2m332:[0m Received checkpoint summary from state sync [3msequence_number[0m[2m=[0m693
[2m2025-03-25T07:57:06.817309Z[0m [32m INFO[0m [1mnode[0m[1m{[0m[3mname[0m[2m=[0mk#8dcff6d1..[1m}[0m[2m:[0m [2msui_core::state_accumulator[0m[2m:[0m [2mcrates/sui-core/src/state_accumulator.rs[0m[2m:[0m[2m675:[0m accumulating running root for checkpoint 693
[2m2025-03-25T07:57:06.817307Z[0m [32m INFO[0m [1mnode[0m[1m{[0m[3mname[0m[2m=[0mk#99f25ef6..[1m}[0m[2m:[0m [2msui_core::state_accumulator[0m[2m:[0m [2mcrates/sui-core/src/state_accumulator.rs[0m[2m:[0m[2m675:[0m accumulating running root for checkpoint 693
[2m2025-03-25T07:57:06.861275Z[0m [32m INFO[0m [1mnode[0m[1m{[0m[3mname[0m[2m=[0mk#addeef94..[1m}[0m[2m:[0m [2msui_core::checkpoints::checkpoint_executor[0m[2m:[0m [2mcrates/sui-core/src/checkpoints/checkpoint_executor/mod.rs[0m[2m:[0m[2m332:[0m Received checkpoint summary from state sync [3msequence_number[0m[2m=[0m693
[2m2025-03-25T07:57:06.862666Z[0m [32m INFO[0m [1mnode[0m[1m{[0m[3mname[0m[2m=[0mk#addeef94..[1m}[0m[2m:[0m [2msui_core::state_accumulator[0m[2m:[0m [2mcrates/sui-core/src/state_accumulator.rs[0m[2m:[0m[2m675:[0m accumulating running root for checkpoint 693
[2m2025-03-25T07:57:06.997515Z[0m [32m INFO[0m [1mnode[0m[1m{[0m[3mname[0m[2m=[0mk#99f25ef6..[1m}[0m[2m:[0m [2mconsensus_core::core[0m[2m:[0m [2mconsensus/core/src/core.rs[0m[2m:[0m[2m945:[0m Included 3 ancestors & excluded 0 ancestors for proposal in round 496
[2m2025-03-25T07:57:06.997921Z[0m [32m INFO[0m [1mnode[0m[1m{[0m[3mname[0m[2m=[0mk#99f25ef6..[1m}[0m[2m:[0m [2mconsensus_core::core[0m[2m:[0m [2mconsensus/core/src/core.rs[0m[2m:[0m[2m531:[0m Created block B496(B,cK1fBGx/XD1DXqtp+01D3/0MOkeOdPWvB/+hpkWHkhk=)(1742889426997ms;[B495(B,TOZODZs5tOmkDggTgBGu3GEnu3/NnbAykqpWR3G7j9E=), B495(A,KpfAwK94aQQWUUTI3wQg0UIvAPZQczsUZtbzsckUJtc=), B495(C,OXukL/J+WGpsk2e8vDZht9ZyB3MJC5ZiaFJ2yMO/eKg=)];1t;1c) for round 496
[2m2025-03-25T07:57:06.998149Z[0m [32m INFO[0m [1mnode[0m[1m{[0m[3mname[0m[2m=[0mk#8dcff6d1..[1m}[0m[2m:[0m [2mconsensus_core::core[0m[2m:[0m [2mconsensus/core/src/core.rs[0m[2m:[0m[2m945:[0m Included 3 ancestors & excluded 0 ancestors for proposal in round 496
[2m2025-03-25T07:57:06.998470Z[0m [32m INFO[0m [1mnode[0m[1m{[0m[3mname[0m[2m=[0mk#8dcff6d1..[1m}[0m[2m:[0m [2mconsensus_core::core[0m[2m:[0m [2mconsensus/core/src/core.rs[0m[2m:[0m[2m531:[0m Created block B496(A,Kb/dYfCesNjuhDn5fjQLSqLkt/YTtifG7bXZBh8RvBA=)(1742889426998ms;[B495(A,KpfAwK94aQQWUUTI3wQg0UIvAPZQczsUZtbzsckUJtc=), B495(B,TOZODZs5tOmkDggTgBGu3GEnu3/NnbAykqpWR3G7j9E=), B495(C,OXukL/J+WGpsk2e8vDZht9ZyB3MJC5ZiaFJ2yMO/eKg=)];1t;1c) for round 496
[2m2025-03-25T07:57:07.001314Z[0m [32m INFO[0m [1mnode[0m[1m{[0m[3mname[0m[2m=[0mk#addeef94..[1m}[0m[2m:[0m [2mconsensus_core::core[0m[2m:[0m [2mconsensus/core/src/core.rs[0m[2m:[0m[2m945:[0m Included 3 ancestors & excluded 0 ancestors for proposal in round 496
[2m2025-03-25T07:57:07.001630Z[0m [32m INFO[0m [1mnode[0m[1m{[0m[3mname[0m[2m=[0mk#addeef94..[1m}[0m[2m:[0m [2mconsensus_core::core[0m[2m:[0m [2mconsensus/core/src/core.rs[0m[2m:[0m[2m531:[0m Created block B496(C,JkwtQ06aQCJ4Y8iQ57rZN1AHL/i7tGM9Ny3NtwZST5Y=)(1742889427001ms;[B495(C,OXukL/J+WGpsk2e8vDZht9ZyB3MJC5ZiaFJ2yMO/eKg=), B495(A,KpfAwK94aQQWUUTI3wQg0UIvAPZQczsUZtbzsckUJtc=), B495(B,TOZODZs5tOmkDggTgBGu3GEnu3/NnbAykqpWR3G7j9E=)];1t;1c) for round 496
[2m2025-03-25T07:57:07.001701Z[0m [32m INFO[0m [1mnode[0m[1m{[0m[3mname[0m[2m=[0mk#addeef94..[1m}[0m[2m:[0m [2mconsensus_core::core[0m[2m:[0m [2mconsensus/core/src/core.rs[0m[2m:[0m[2m630:[0m Committing 1 leaders: B494(C,UTtM)
[2m2025-03-25T07:57:07.001773Z[0m [32m INFO[0m [1mnode[0m[1m{[0m[3mname[0m[2m=[0mk#addeef94..[1m}[0m[2m:[0m [2mconsensus_core::commit_observer[0m[2m:[0m [2mconsensus/core/src/commit_observer.rs[0m[2m:[0m[2m173:[0m Consensus commit C482(dqsJ) with leader B494(C,UTtM) has 3 blocks
[2m2025-03-25T07:57:07.001862Z[0m [32m INFO[0m [1mnode[0m[1m{[0m[3mname[0m[2m=[0mk#addeef94..[1m}[0m[2m:[0m [2msui_core::consensus_handler[0m[2m:[0m [2mcrates/sui-core/src/consensus_handler.rs[0m[2m:[0m[2m232:[0m Received consensus output [3mconsensus_commit[0m[2m=[0mCommittedSubDag(leader=B494(C,UTtM), ref=C482(dqsJ), blocks=[ed9y, emn4, UTtM]) [3mepoch[0m[2m=[0m1
[2m2025-03-25T07:57:07.005004Z[0m [32m INFO[0m [1mnode[0m[1m{[0m[3mname[0m[2m=[0mk#99f25ef6..[1m}[0m[2m:[0m [2msui_core::checkpoints::checkpoint_output[0m[2m:[0m [2mcrates/sui-core/src/checkpoints/checkpoint_output.rs[0m[2m:[0m[2m196:[0m Certified checkpoint with sequence 694 and digest DjeqAN2A9NcRmmaVCndVGjyttRVFwhWZmjuCnMMGnfKD
[2m2025-03-25T07:57:07.005008Z[0m [32m INFO[0m [1mnode[0m[1m{[0m[3mname[0m[2m=[0mk#8dcff6d1..[1m}[0m[2m:[0m [2msui_core::checkpoints::checkpoint_output[0m[2m:[0m [2mcrates/sui-core/src/checkpoints/checkpoint_output.rs[0m[2m:[0m[2m196:[0m Certified checkpoint with sequence 694 and digest DjeqAN2A9NcRmmaVCndVGjyttRVFwhWZmjuCnMMGnfKD
[2m2025-03-25T07:57:07.005127Z[0m [32m INFO[0m [1mnode[0m[1m{[0m[3mname[0m[2m=[0mk#99f25ef6..[1m}[0m[2m:[0m [2mconsensus_core::core[0m[2m:[0m [2mconsensus/core/src/core.rs[0m[2m:[0m[2m630:[0m Committing 1 leaders: B494(C,UTtM)
[2m2025-03-25T07:57:07.005127Z[0m [32m INFO[0m [1mnode[0m[1m{[0m[3mname[0m[2m=[0mk#8dcff6d1..[1m}[0m[2m:[0m [2mconsensus_core::core[0m[2m:[0m [2mconsensus/core/src/core.rs[0m[2m:[0m[2m630:[0m Committing 1 leaders: B494(C,UTtM)
[2m2025-03-25T07:57:07.005240Z[0m [32m INFO[0m [1mnode[0m[1m{[0m[3mname[0m[2m=[0mk#8dcff6d1..[1m}[0m[2m:[0m [2mconsensus_core::commit_observer[0m[2m:[0m [2mconsensus/core/src/commit_observer.rs[0m[2m:[0m[2m173:[0m Consensus commit C482(dqsJ) with leader B494(C,UTtM) has 3 blocks
[2m2025-03-25T07:57:07.005243Z[0m [32m INFO[0m [1mnode[0m[1m{[0m[3mname[0m[2m=[0mk#99f25ef6..[1m}[0m[2m:[0m [2mconsensus_core::commit_observer[0m[2m:[0m [2mconsensus/core/src/commit_observer.rs[0m[2m:[0m[2m173:[0m Consensus commit C482(dqsJ) with leader B494(C,UTtM) has 3 blocks
[2m2025-03-25T07:57:07.005668Z[0m [32m INFO[0m [1mnode[0m[1m{[0m[3mname[0m[2m=[0mk#99f25ef6..[1m}[0m[2m:[0m [2msui_core::consensus_handler[0m[2m:[0m [2mcrates/sui-core/src/consensus_handler.rs[0m[2m:[0m[2m232:[0m Received consensus output [3mconsensus_commit[0m[2m=[0mCommittedSubDag(leader=B494(C,UTtM), ref=C482(dqsJ), blocks=[ed9y, emn4, UTtM]) [3mepoch[0m[2m=[0m1
[2m2025-03-25T07:57:07.005668Z[0m [32m INFO[0m [1mnode[0m[1m{[0m[3mname[0m[2m=[0mk#8dcff6d1..[1m}[0m[2m:[0m [2msui_core::consensus_handler[0m[2m:[0m [2mcrates/sui-core/src/consensus_handler.rs[0m[2m:[0m[2m232:[0m Received consensus output [3mconsensus_commit[0m[2m=[0mCommittedSubDag(leader=B494(C,UTtM), ref=C482(dqsJ), blocks=[ed9y, emn4, UTtM]) [3mepoch[0m[2m=[0m1
[2m2025-03-25T07:57:07.006268Z[0m [32m INFO[0m [1mnode[0m[1m{[0m[3mname[0m[2m=[0mk#8dcff6d1..[1m}[0m[2m:[0m [2msui_core::checkpoints::checkpoint_executor[0m[2m:[0m [2mcrates/sui-core/src/checkpoints/checkpoint_executor/mod.rs[0m[2m:[0m[2m332:[0m Received checkpoint summary from state sync [3msequence_number[0m[2m=[0m694
[2m2025-03-25T07:57:07.006268Z[0m [32m INFO[0m [1mnode[0m[1m{[0m[3mname[0m[2m=[0mk#99f25ef6..[1m}[0m[2m:[0m [2msui_core::checkpoints::checkpoint_executor[0m[2m:[0m [2mcrates/sui-core/src/checkpoints/checkpoint_executor/mod.rs[0m[2m:[0m[2m332:[0m Received checkpoint summary from state sync [3msequence_number[0m[2m=[0m694
[2m2025-03-25T07:57:07.007853Z[0m [32m INFO[0m [1mnode[0m[1m{[0m[3mname[0m[2m=[0mk#8dcff6d1..[1m}[0m[2m:[0m [2msui_core::state_accumulator[0m[2m:[0m [2mcrates/sui-core/src/state_accumulator.rs[0m[2m:[0m[2m675:[0m accumulating running root for checkpoint 694
[2m2025-03-25T07:57:07.007853Z[0m [32m INFO[0m [1mnode[0m[1m{[0m[3mname[0m[2m=[0mk#99f25ef6..[1m}[0m[2m:[0m [2msui_core::state_accumulator[0m[2m:[0m [2mcrates/sui-core/src/state_accumulator.rs[0m[2m:[0m[2m675:[0m accumulating running root for checkpoint 694
[2m2025-03-25T07:57:07.029036Z[0m [32m INFO[0m [1mnode[0m[1m{[0m[3mname[0m[2m=[0mk#addeef94..[1m}[0m[2m:[0m [2msui_core::checkpoints[0m[2m:[0m [2mcrates/sui-core/src/checkpoints/mod.rs[0m[2m:[0m[2m1326:[0m Creating checkpoint(s) for 2 transactions [3mnext_checkpoint_seq[0m[2m=[0m695 [3mcheckpoint_timestamp[0m[2m=[0m1742889426490
[2m2025-03-25T07:57:07.029349Z[0m [32m INFO[0m [1mnode[0m[1m{[0m[3mname[0m[2m=[0mk#addeef94..[1m}[0m[2m:[0m [2msui_core::checkpoints::checkpoint_output[0m[2m:[0m [2mcrates/sui-core/src/checkpoints/checkpoint_output.rs[0m[2m:[0m[2m149:[0m Creating checkpoint CheckpointDigest(8Gvjn4h8qv98xEkEQPAqdU8VhdKvo5FhRFBPsGWT5jio) at epoch 1, sequence 695, previous digest Some(CheckpointDigest(DjeqAN2A9NcRmmaVCndVGjyttRVFwhWZmjuCnMMGnfKD)), transactions count 2, content digest CheckpointContentsDigest(He3FMgVwAPq7RXbppG7D6YhD92s392JptaSQ5r4C8JYW), end_of_epoch_data None
[2m2025-03-25T07:57:07.032169Z[0m [32m INFO[0m [1mnode[0m[1m{[0m[3mname[0m[2m=[0mk#addeef94..[1m}[0m[2m:[0m [2msui_core::checkpoints::checkpoint_executor[0m[2m:[0m [2mcrates/sui-core/src/checkpoints/checkpoint_executor/mod.rs[0m[2m:[0m[2m332:[0m Received checkpoint summary from state sync [3msequence_number[0m[2m=[0m694
[2m2025-03-25T07:57:07.033001Z[0m [32m INFO[0m [1mnode[0m[1m{[0m[3mname[0m[2m=[0mk#addeef94..[1m}[0m[2m:[0m [2msui_core::state_accumulator[0m[2m:[0m [2mcrates/sui-core/src/state_accumulator.rs[0m[2m:[0m[2m675:[0m accumulating running root for checkpoint 694
[2m2025-03-25T07:57:07.033353Z[0m [32m INFO[0m [1mnode[0m[1m{[0m[3mname[0m[2m=[0mk#99f25ef6..[1m}[0m[2m:[0m [2msui_core::checkpoints[0m[2m:[0m [2mcrates/sui-core/src/checkpoints/mod.rs[0m[2m:[0m[2m1326:[0m Creating checkpoint(s) for 2 transactions [3mnext_checkpoint_seq[0m[2m=[0m695 [3mcheckpoint_timestamp[0m[2m=[0m1742889426490
[2m2025-03-25T07:57:07.033356Z[0m [32m INFO[0m [1mnode[0m[1m{[0m[3mname[0m[2m=[0mk#8dcff6d1..[1m}[0m[2m:[0m [2msui_core::checkpoints[0m[2m:[0m [2mcrates/sui-core/src/checkpoints/mod.rs[0m[2m:[0m[2m1326:[0m Creating checkpoint(s) for 2 transactions [3mnext_checkpoint_seq[0m[2m=[0m695 [3mcheckpoint_timestamp[0m[2m=[0m1742889426490
[2m2025-03-25T07:57:07.033625Z[0m [32m INFO[0m [1mnode[0m[1m{[0m[3mname[0m[2m=[0mk#99f25ef6..[1m}[0m[2m:[0m [2msui_core::checkpoints::checkpoint_output[0m[2m:[0m [2mcrates/sui-core/src/checkpoints/checkpoint_output.rs[0m[2m:[0m[2m149:[0m Creating checkpoint CheckpointDigest(8Gvjn4h8qv98xEkEQPAqdU8VhdKvo5FhRFBPsGWT5jio) at epoch 1, sequence 695, previous digest Some(CheckpointDigest(DjeqAN2A9NcRmmaVCndVGjyttRVFwhWZmjuCnMMGnfKD)), transactions count 2, content digest CheckpointContentsDigest(He3FMgVwAPq7RXbppG7D6YhD92s392JptaSQ5r4C8JYW), end_of_epoch_data None
[2m2025-03-25T07:57:07.033625Z[0m [32m INFO[0m [1mnode[0m[1m{[0m[3mname[0m[2m=[0mk#8dcff6d1..[1m}[0m[2m:[0m [2msui_core::checkpoints::checkpoint_output[0m[2m:[0m [2mcrates/sui-core/src/checkpoints/checkpoint_output.rs[0m[2m:[0m[2m149:[0m Creating checkpoint CheckpointDigest(8Gvjn4h8qv98xEkEQPAqdU8VhdKvo5FhRFBPsGWT5jio) at epoch 1, sequence 695, previous digest Some(CheckpointDigest(DjeqAN2A9NcRmmaVCndVGjyttRVFwhWZmjuCnMMGnfKD)), transactions count 2, content digest CheckpointContentsDigest(He3FMgVwAPq7RXbppG7D6YhD92s392JptaSQ5r4C8JYW), end_of_epoch_data None
[2m2025-03-25T07:57:07.255534Z[0m [32m INFO[0m [1mnode[0m[1m{[0m[3mname[0m[2m=[0mk#addeef94..[1m}[0m[2m:[0m [2mconsensus_core::core[0m[2m:[0m [2mconsensus/core/src/core.rs[0m[2m:[0m[2m945:[0m Included 3 ancestors & excluded 0 ancestors for proposal in round 497
[2m2025-03-25T07:57:07.255906Z[0m [32m INFO[0m [1mnode[0m[1m{[0m[3mname[0m[2m=[0mk#addeef94..[1m}[0m[2m:[0m [2mconsensus_core::core[0m[2m:[0m [2mconsensus/core/src/core.rs[0m[2m:[0m[2m531:[0m Created block B497(C,RtWZ/37L4as4bbCsehQA3+O3x1KCvAzMxxvvvLvwQ8o=)(1742889427255ms;[B496(C,JkwtQ06aQCJ4Y8iQ57rZN1AHL/i7tGM9Ny3NtwZST5Y=), B496(A,Kb/dYfCesNjuhDn5fjQLSqLkt/YTtifG7bXZBh8RvBA=), B496(B,cK1fBGx/XD1DXqtp+01D3/0MOkeOdPWvB/+hpkWHkhk=)];1t;1c) for round 497
[2m2025-03-25T07:57:07.257588Z[0m [32m INFO[0m [1mnode[0m[1m{[0m[3mname[0m[2m=[0mk#99f25ef6..[1m}[0m[2m:[0m [2mconsensus_core::core[0m[2m:[0m [2mconsensus/core/src/core.rs[0m[2m:[0m[2m945:[0m Included 3 ancestors & excluded 0 ancestors for proposal in round 497
[2m2025-03-25T07:57:07.257588Z[0m [32m INFO[0m [1mnode[0m[1m{[0m[3mname[0m[2m=[0mk#8dcff6d1..[1m}[0m[2m:[0m [2mconsensus_core::core[0m[2m:[0m [2mconsensus/core/src/core.rs[0m[2m:[0m[2m945:[0m Included 3 ancestors & excluded 0 ancestors for proposal in round 497
[2m2025-03-25T07:57:07.257862Z[0m [32m INFO[0m [1mnode[0m[1m{[0m[3mname[0m[2m=[0mk#99f25ef6..[1m}[0m[2m:[0m [2mconsensus_core::core[0m[2m:[0m [2mconsensus/core/src/core.rs[0m[2m:[0m[2m531:[0m Created block B497(B,1MFgo87qtNdy+U23kY/UCNI1OigqC9BUU0w/xBwxeKI=)(1742889427257ms;[B496(B,cK1fBGx/XD1DXqtp+01D3/0MOkeOdPWvB/+hpkWHkhk=), B496(A,Kb/dYfCesNjuhDn5fjQLSqLkt/YTtifG7bXZBh8RvBA=), B496(C,JkwtQ06aQCJ4Y8iQ57rZN1AHL/i7tGM9Ny3NtwZST5Y=)];1t;1c) for round 497
[2m2025-03-25T07:57:07.257865Z[0m [32m INFO[0m [1mnode[0m[1m{[0m[3mname[0m[2m=[0mk#8dcff6d1..[1m}[0m[2m:[0m [2mconsensus_core::core[0m[2m:[0m [2mconsensus/core/src/core.rs[0m[2m:[0m[2m531:[0m Created block B497(A,8nUU1rQ3zOCKMikkpruFHdwhYq1Bu4NHlPizF2yyAV0=)(1742889427257ms;[B496(A,Kb/dYfCesNjuhDn5fjQLSqLkt/YTtifG7bXZBh8RvBA=), B496(B,cK1fBGx/XD1DXqtp+01D3/0MOkeOdPWvB/+hpkWHkhk=), B496(C,JkwtQ06aQCJ4Y8iQ57rZN1AHL/i7tGM9Ny3NtwZST5Y=)];1t;1c) for round 497
[2m2025-03-25T07:57:07.258003Z[0m [32m INFO[0m [1mnode[0m[1m{[0m[3mname[0m[2m=[0mk#99f25ef6..[1m}[0m[2m:[0m [2mconsensus_core::core[0m[2m:[0m [2mconsensus/core/src/core.rs[0m[2m:[0m[2m630:[0m Committing 1 leaders: B495(B,TOZO)
[2m2025-03-25T07:57:07.258003Z[0m [32m INFO[0m [1mnode[0m[1m{[0m[3mname[0m[2m=[0mk#8dcff6d1..[1m}[0m[2m:[0m [2mconsensus_core::core[0m[2m:[0m [2mconsensus/core/src/core.rs[0m[2m:[0m[2m630:[0m Committing 1 leaders: B495(B,TOZO)
[2m2025-03-25T07:57:07.258089Z[0m [32m INFO[0m [1mnode[0m[1m{[0m[3mname[0m[2m=[0mk#8dcff6d1..[1m}[0m[2m:[0m [2mconsensus_core::commit_observer[0m[2m:[0m [2mconsensus/core/src/commit_observer.rs[0m[2m:[0m[2m173:[0m Consensus commit C483(QGCu) with leader B495(B,TOZO) has 3 blocks
[2m2025-03-25T07:57:07.258089Z[0m [32m INFO[0m [1mnode[0m[1m{[0m[3mname[0m[2m=[0mk#99f25ef6..[1m}[0m[2m:[0m [2mconsensus_core::commit_observer[0m[2m:[0m [2mconsensus/core/src/commit_observer.rs[0m[2m:[0m[2m173:[0m Consensus commit C483(QGCu) with leader B495(B,TOZO) has 3 blocks
[2m2025-03-25T07:57:07.258345Z[0m [32m INFO[0m [1mnode[0m[1m{[0m[3mname[0m[2m=[0mk#8dcff6d1..[1m}[0m[2m:[0m [2msui_core::consensus_handler[0m[2m:[0m [2mcrates/sui-core/src/consensus_handler.rs[0m[2m:[0m[2m232:[0m Received consensus output [3mconsensus_commit[0m[2m=[0mCommittedSubDag(leader=B495(B,TOZO), ref=C483(QGCu), blocks=[XSzo, inTk, TOZO]) [3mepoch[0m[2m=[0m1
[2m2025-03-25T07:57:07.258345Z[0m [32m INFO[0m [1mnode[0m[1m{[0m[3mname[0m[2m=[0mk#99f25ef6..[1m}[0m[2m:[0m [2msui_core::consensus_handler[0m[2m:[0m [2mcrates/sui-core/src/consensus_handler.rs[0m[2m:[0m[2m232:[0m Received consensus output [3mconsensus_commit[0m[2m=[0mCommittedSubDag(leader=B495(B,TOZO), ref=C483(QGCu), blocks=[XSzo, inTk, TOZO]) [3mepoch[0m[2m=[0m1
[2m2025-03-25T07:57:07.262061Z[0m [32m INFO[0m [1mnode[0m[1m{[0m[3mname[0m[2m=[0mk#addeef94..[1m}[0m[2m:[0m [2mconsensus_core::core[0m[2m:[0m [2mconsensus/core/src/core.rs[0m[2m:[0m[2m630:[0m Committing 1 leaders: B495(B,TOZO)
[2m2025-03-25T07:57:07.262158Z[0m [32m INFO[0m [1mnode[0m[1m{[0m[3mname[0m[2m=[0mk#addeef94..[1m}[0m[2m:[0m [2mconsensus_core::commit_observer[0m[2m:[0m [2mconsensus/core/src/commit_observer.rs[0m[2m:[0m[2m173:[0m Consensus commit C483(QGCu) with leader B495(B,TOZO) has 3 blocks
[2m2025-03-25T07:57:07.262289Z[0m [32m INFO[0m [1mnode[0m[1m{[0m[3mname[0m[2m=[0mk#addeef94..[1m}[0m[2m:[0m [2msui_core::consensus_handler[0m[2m:[0m [2mcrates/sui-core/src/consensus_handler.rs[0m[2m:[0m[2m232:[0m Received consensus output [3mconsensus_commit[0m[2m=[0mCommittedSubDag(leader=B495(B,TOZO), ref=C483(QGCu), blocks=[XSzo, inTk, TOZO]) [3mepoch[0m[2m=[0m1
[2m2025-03-25T07:57:07.306243Z[0m [32m INFO[0m [1mnode[0m[1m{[0m[3mname[0m[2m=[0mk#8dcff6d1..[1m}[0m[2m:[0m [2msui_core::checkpoints[0m[2m:[0m [2mcrates/sui-core/src/checkpoints/mod.rs[0m[2m:[0m[2m1326:[0m Creating checkpoint(s) for 1 transactions [3mnext_checkpoint_seq[0m[2m=[0m696 [3mcheckpoint_timestamp[0m[2m=[0m1742889426745
[2m2025-03-25T07:57:07.306243Z[0m [32m INFO[0m [1mnode[0m[1m{[0m[3mname[0m[2m=[0mk#99f25ef6..[1m}[0m[2m:[0m [2msui_core::checkpoints[0m[2m:[0m [2mcrates/sui-core/src/checkpoints/mod.rs[0m[2m:[0m[2m1326:[0m Creating checkpoint(s) for 1 transactions [3mnext_checkpoint_seq[0m[2m=[0m696 [3mcheckpoint_timestamp[0m[2m=[0m1742889426745
[2m2025-03-25T07:57:07.306480Z[0m [32m INFO[0m [1mnode[0m[1m{[0m[3mname[0m[2m=[0mk#8dcff6d1..[1m}[0m[2m:[0m [2msui_core::checkpoints::checkpoint_output[0m[2m:[0m [2mcrates/sui-core/src/checkpoints/checkpoint_output.rs[0m[2m:[0m[2m149:[0m Creating checkpoint CheckpointDigest(7vYTXQmxXYbo3bDxZK72xY7uHcdreyaHyEQwSgEZ7eNG) at epoch 1, sequence 696, previous digest Some(CheckpointDigest(8Gvjn4h8qv98xEkEQPAqdU8VhdKvo5FhRFBPsGWT5jio)), transactions count 1, content digest CheckpointContentsDigest(4GzKq7RwzqG9BnhTRbztRzeWitMxpNXDQbpBexXGP3bm), end_of_epoch_data None
[2m2025-03-25T07:57:07.306480Z[0m [32m INFO[0m [1mnode[0m[1m{[0m[3mname[0m[2m=[0mk#99f25ef6..[1m}[0m[2m:[0m [2msui_core::checkpoints::checkpoint_output[0m[2m:[0m [2mcrates/sui-core/src/checkpoints/checkpoint_output.rs[0m[2m:[0m[2m149:[0m Creating checkpoint CheckpointDigest(7vYTXQmxXYbo3bDxZK72xY7uHcdreyaHyEQwSgEZ7eNG) at epoch 1, sequence 696, previous digest Some(CheckpointDigest(8Gvjn4h8qv98xEkEQPAqdU8VhdKvo5FhRFBPsGWT5jio)), transactions count 1, content digest CheckpointContentsDigest(4GzKq7RwzqG9BnhTRbztRzeWitMxpNXDQbpBexXGP3bm), end_of_epoch_data None
[2m2025-03-25T07:57:07.307361Z[0m [32m INFO[0m [1mnode[0m[1m{[0m[3mname[0m[2m=[0mk#addeef94..[1m}[0m[2m:[0m [2msui_core::checkpoints[0m[2m:[0m [2mcrates/sui-core/src/checkpoints/mod.rs[0m[2m:[0m[2m1326:[0m Creating checkpoint(s) for 1 transactions [3mnext_checkpoint_seq[0m[2m=[0m696 [3mcheckpoint_timestamp[0m[2m=[0m1742889426745
[2m2025-03-25T07:57:07.307374Z[0m [32m INFO[0m [1mnode[0m[1m{[0m[3mname[0m[2m=[0mk#8dcff6d1..[1m}[0m[2m:[0m [2mconsensus_core::commit_syncer[0m[2m:[0m [2mconsensus/core/src/commit_syncer.rs[0m[2m:[0m[2m196:[0m Checking to schedule fetches: synced_commit_index=483, highest_handled_index=483, highest_scheduled_index=0, quorum_commit_index=481, unhandled_commits_threshold=3200
[2m2025-03-25T07:57:07.307536Z[0m [32m INFO[0m [1mnode[0m[1m{[0m[3mname[0m[2m=[0mk#addeef94..[1m}[0m[2m:[0m [2msui_core::checkpoints::checkpoint_output[0m[2m:[0m [2mcrates/sui-core/src/checkpoints/checkpoint_output.rs[0m[2m:[0m[2m149:[0m Creating checkpoint CheckpointDigest(7vYTXQmxXYbo3bDxZK72xY7uHcdreyaHyEQwSgEZ7eNG) at epoch 1, sequence 696, previous digest Some(CheckpointDigest(8Gvjn4h8qv98xEkEQPAqdU8VhdKvo5FhRFBPsGWT5jio)), transactions count 1, content digest CheckpointContentsDigest(4GzKq7RwzqG9BnhTRbztRzeWitMxpNXDQbpBexXGP3bm), end_of_epoch_data None
[2m2025-03-25T07:57:07.309821Z[0m [32m INFO[0m [1mnode[0m[1m{[0m[3mname[0m[2m=[0mk#8dcff6d1..[1m}[0m[2m:[0m [2msui_core::checkpoints::checkpoint_output[0m[2m:[0m [2mcrates/sui-core/src/checkpoints/checkpoint_output.rs[0m[2m:[0m[2m196:[0m Certified checkpoint with sequence 695 and digest 8Gvjn4h8qv98xEkEQPAqdU8VhdKvo5FhRFBPsGWT5jio
[2m2025-03-25T07:57:07.309923Z[0m [32m INFO[0m [1mnode[0m[1m{[0m[3mname[0m[2m=[0mk#99f25ef6..[1m}[0m[2m:[0m [2msui_core::checkpoints::checkpoint_output[0m[2m:[0m [2mcrates/sui-core/src/checkpoints/checkpoint_output.rs[0m[2m:[0m[2m196:[0m Certified checkpoint with sequence 695 and digest 8Gvjn4h8qv98xEkEQPAqdU8VhdKvo5FhRFBPsGWT5jio
[2m2025-03-25T07:57:07.312746Z[0m [32m INFO[0m [1mnode[0m[1m{[0m[3mname[0m[2m=[0mk#8dcff6d1..[1m}[0m[2m:[0m [2msui_core::checkpoints::checkpoint_executor[0m[2m:[0m [2mcrates/sui-core/src/checkpoints/checkpoint_executor/mod.rs[0m[2m:[0m[2m332:[0m Received checkpoint summary from state sync [3msequence_number[0m[2m=[0m695
[2m2025-03-25T07:57:07.315045Z[0m [32m INFO[0m [1mnode[0m[1m{[0m[3mname[0m[2m=[0mk#99f25ef6..[1m}[0m[2m:[0m [2msui_core::checkpoints::checkpoint_executor[0m[2m:[0m [2mcrates/sui-core/src/checkpoints/checkpoint_executor/mod.rs[0m[2m:[0m[2m332:[0m Received checkpoint summary from state sync [3msequence_number[0m[2m=[0m695
[2m2025-03-25T07:57:07.330392Z[0m [32m INFO[0m [1mnode[0m[1m{[0m[3mname[0m[2m=[0mk#8dcff6d1..[1m}[0m[2m:[0m [2msui_core::state_accumulator[0m[2m:[0m [2mcrates/sui-core/src/state_accumulator.rs[0m[2m:[0m[2m675:[0m accumulating running root for checkpoint 695
[2m2025-03-25T07:57:07.330392Z[0m [32m INFO[0m [1mnode[0m[1m{[0m[3mname[0m[2m=[0mk#99f25ef6..[1m}[0m[2m:[0m [2msui_core::state_accumulator[0m[2m:[0m [2mcrates/sui-core/src/state_accumulator.rs[0m[2m:[0m[2m675:[0m accumulating running root for checkpoint 695
[2m2025-03-25T07:57:07.372353Z[0m [32m INFO[0m [1mnode[0m[1m{[0m[3mname[0m[2m=[0mk#addeef94..[1m}[0m[2m:[0m [2mconsensus_core::commit_syncer[0m[2m:[0m [2mconsensus/core/src/commit_syncer.rs[0m[2m:[0m[2m196:[0m Checking to schedule fetches: synced_commit_index=483, highest_handled_index=483, highest_scheduled_index=0, quorum_commit_index=0, unhandled_commits_threshold=3200
[2m2025-03-25T07:57:07.374539Z[0m [32m INFO[0m [1mnode[0m[1m{[0m[3mname[0m[2m=[0mk#addeef94..[1m}[0m[2m:[0m [2msui_core::checkpoints::checkpoint_executor[0m[2m:[0m [2mcrates/sui-core/src/checkpoints/checkpoint_executor/mod.rs[0m[2m:[0m[2m332:[0m Received checkpoint summary from state sync [3msequence_number[0m[2m=[0m695
[2m2025-03-25T07:57:07.375756Z[0m [32m INFO[0m [1mnode[0m[1m{[0m[3mname[0m[2m=[0mk#99f25ef6..[1m}[0m[2m:[0m [2mconsensus_core::commit_syncer[0m[2m:[0m [2mconsensus/core/src/commit_syncer.rs[0m[2m:[0m[2m196:[0m Checking to schedule fetches: synced_commit_index=483, highest_handled_index=483, highest_scheduled_index=0, quorum_commit_index=482, unhandled_commits_threshold=3200
[2m2025-03-25T07:57:07.375962Z[0m [32m INFO[0m [1mnode[0m[1m{[0m[3mname[0m[2m=[0mk#addeef94..[1m}[0m[2m:[0m [2msui_core::state_accumulator[0m[2m:[0m [2mcrates/sui-core/src/state_accumulator.rs[0m[2m:[0m[2m675:[0m accumulating running root for checkpoint 695
[2m2025-03-25T07:57:07.509203Z[0m [32m INFO[0m [1mnode[0m[1m{[0m[3mname[0m[2m=[0mk#99f25ef6..[1m}[0m[2m:[0m [2mconsensus_core::core[0m[2m:[0m [2mconsensus/core/src/core.rs[0m[2m:[0m[2m945:[0m Included 3 ancestors & excluded 0 ancestors for proposal in round 498
[2m2025-03-25T07:57:07.509301Z[0m [32m INFO[0m [1mnode[0m[1m{[0m[3mname[0m[2m=[0mk#8dcff6d1..[1m}[0m[2m:[0m [2mconsensus_core::core[0m[2m:[0m [2mconsensus/core/src/core.rs[0m[2m:[0m[2m945:[0m Included 3 ancestors & excluded 0 ancestors for proposal in round 498
[2m2025-03-25T07:57:07.509573Z[0m [32m INFO[0m [1mnode[0m[1m{[0m[3mname[0m[2m=[0mk#99f25ef6..[1m}[0m[2m:[0m [2mconsensus_core::core[0m[2m:[0m [2mconsensus/core/src/core.rs[0m[2m:[0m[2m531:[0m Created block B498(B,Y3Fb3Jx7PQRJQdhbR1lwsFwZNFjDzA6D/zCKew3f8Ok=)(1742889427509ms;[B497(B,1MFgo87qtNdy+U23kY/UCNI1OigqC9BUU0w/xBwxeKI=), B497(A,8nUU1rQ3zOCKMikkpruFHdwhYq1Bu4NHlPizF2yyAV0=), B497(C,RtWZ/37L4as4bbCsehQA3+O3x1KCvAzMxxvvvLvwQ8o=)];1t;1c) for round 498
[2m2025-03-25T07:57:07.509601Z[0m [32m INFO[0m [1mnode[0m[1m{[0m[3mname[0m[2m=[0mk#8dcff6d1..[1m}[0m[2m:[0m [2mconsensus_core::core[0m[2m:[0m [2mconsensus/core/src/core.rs[0m[2m:[0m[2m531:[0m Created block B498(A,4E88ebxsWzcAJTjDK0+Pa3oDxF+yo1d0hYZKD/nV8FM=)(1742889427509ms;[B497(A,8nUU1rQ3zOCKMikkpruFHdwhYq1Bu4NHlPizF2yyAV0=), B497(B,1MFgo87qtNdy+U23kY/UCNI1OigqC9BUU0w/xBwxeKI=), B497(C,RtWZ/37L4as4bbCsehQA3+O3x1KCvAzMxxvvvLvwQ8o=)];1t;1c) for round 498
[2m2025-03-25T07:57:07.512817Z[0m [32m INFO[0m [1mnode[0m[1m{[0m[3mname[0m[2m=[0mk#addeef94..[1m}[0m[2m:[0m [2mconsensus_core::core[0m[2m:[0m [2mconsensus/core/src/core.rs[0m[2m:[0m[2m945:[0m Included 3 ancestors & excluded 0 ancestors for proposal in round 498
[2m2025-03-25T07:57:07.513118Z[0m [32m INFO[0m [1mnode[0m[1m{[0m[3mname[0m[2m=[0mk#addeef94..[1m}[0m[2m:[0m [2mconsensus_core::core[0m[2m:[0m [2mconsensus/core/src/core.rs[0m[2m:[0m[2m531:[0m Created block B498(C,xruZ9e1opwkn9obyJ7PIgk/Cg0/qM8TZl7HwciXMJcY=)(1742889427513ms;[B497(C,RtWZ/37L4as4bbCsehQA3+O3x1KCvAzMxxvvvLvwQ8o=), B497(A,8nUU1rQ3zOCKMikkpruFHdwhYq1Bu4NHlPizF2yyAV0=), B497(B,1MFgo87qtNdy+U23kY/UCNI1OigqC9BUU0w/xBwxeKI=)];1t;1c) for round 498
[2m2025-03-25T07:57:07.513185Z[0m [32m INFO[0m [1mnode[0m[1m{[0m[3mname[0m[2m=[0mk#addeef94..[1m}[0m[2m:[0m [2mconsensus_core::core[0m[2m:[0m [2mconsensus/core/src/core.rs[0m[2m:[0m[2m630:[0m Committing 1 leaders: B496(B,cK1f)
[2m2025-03-25T07:57:07.513253Z[0m [32m INFO[0m [1mnode[0m[1m{[0m[3mname[0m[2m=[0mk#addeef94..[1m}[0m[2m:[0m [2mconsensus_core::commit_observer[0m[2m:[0m [2mconsensus/core/src/commit_observer.rs[0m[2m:[0m[2m173:[0m Consensus commit C484(ErSE) with leader B496(B,cK1f) has 3 blocks
[2m2025-03-25T07:57:07.513334Z[0m [32m INFO[0m [1mnode[0m[1m{[0m[3mname[0m[2m=[0mk#addeef94..[1m}[0m[2m:[0m [2msui_core::consensus_handler[0m[2m:[0m [2mcrates/sui-core/src/consensus_handler.rs[0m[2m:[0m[2m232:[0m Received consensus output [3mconsensus_commit[0m[2m=[0mCommittedSubDag(leader=B496(B,cK1f), ref=C484(ErSE), blocks=[KpfA, OXuk, cK1f]) [3mepoch[0m[2m=[0m1
[2m2025-03-25T07:57:07.516344Z[0m [32m INFO[0m [1mnode[0m[1m{[0m[3mname[0m[2m=[0mk#99f25ef6..[1m}[0m[2m:[0m [2msui_core::checkpoints::checkpoint_output[0m[2m:[0m [2mcrates/sui-core/src/checkpoints/checkpoint_output.rs[0m[2m:[0m[2m196:[0m Certified checkpoint with sequence 696 and digest 7vYTXQmxXYbo3bDxZK72xY7uHcdreyaHyEQwSgEZ7eNG
[2m2025-03-25T07:57:07.516353Z[0m [32m INFO[0m [1mnode[0m[1m{[0m[3mname[0m[2m=[0mk#8dcff6d1..[1m}[0m[2m:[0m [2msui_core::checkpoints::checkpoint_output[0m[2m:[0m [2mcrates/sui-core/src/checkpoints/checkpoint_output.rs[0m[2m:[0m[2m196:[0m Certified checkpoint with sequence 696 and digest 7vYTXQmxXYbo3bDxZK72xY7uHcdreyaHyEQwSgEZ7eNG
[2m2025-03-25T07:57:07.516452Z[0m [32m INFO[0m [1mnode[0m[1m{[0m[3mname[0m[2m=[0mk#99f25ef6..[1m}[0m[2m:[0m [2mconsensus_core::core[0m[2m:[0m [2mconsensus/core/src/core.rs[0m[2m:[0m[2m630:[0m Committing 1 leaders: B496(B,cK1f)
[2m2025-03-25T07:57:07.516456Z[0m [32m INFO[0m [1mnode[0m[1m{[0m[3mname[0m[2m=[0mk#8dcff6d1..[1m}[0m[2m:[0m [2mconsensus_core::core[0m[2m:[0m [2mconsensus/core/src/core.rs[0m[2m:[0m[2m630:[0m Committing 1 leaders: B496(B,cK1f)
[2m2025-03-25T07:57:07.516556Z[0m [32m INFO[0m [1mnode[0m[1m{[0m[3mname[0m[2m=[0mk#99f25ef6..[1m}[0m[2m:[0m [2mconsensus_core::commit_observer[0m[2m:[0m [2mconsensus/core/src/commit_observer.rs[0m[2m:[0m[2m173:[0m Consensus commit C484(ErSE) with leader B496(B,cK1f) has 3 blocks
[2m2025-03-25T07:57:07.516556Z[0m [32m INFO[0m [1mnode[0m[1m{[0m[3mname[0m[2m=[0mk#8dcff6d1..[1m}[0m[2m:[0m [2mconsensus_core::commit_observer[0m[2m:[0m [2mconsensus/core/src/commit_observer.rs[0m[2m:[0m[2m173:[0m Consensus commit C484(ErSE) with leader B496(B,cK1f) has 3 blocks
[2m2025-03-25T07:57:07.516958Z[0m [32m INFO[0m [1mnode[0m[1m{[0m[3mname[0m[2m=[0mk#99f25ef6..[1m}[0m[2m:[0m [2msui_core::consensus_handler[0m[2m:[0m [2mcrates/sui-core/src/consensus_handler.rs[0m[2m:[0m[2m232:[0m Received consensus output [3mconsensus_commit[0m[2m=[0mCommittedSubDag(leader=B496(B,cK1f), ref=C484(ErSE), blocks=[KpfA, OXuk, cK1f]) [3mepoch[0m[2m=[0m1
[2m2025-03-25T07:57:07.516959Z[0m [32m INFO[0m [1mnode[0m[1m{[0m[3mname[0m[2m=[0mk#8dcff6d1..[1m}[0m[2m:[0m [2msui_core::consensus_handler[0m[2m:[0m [2mcrates/sui-core/src/consensus_handler.rs[0m[2m:[0m[2m232:[0m Received consensus output [3mconsensus_commit[0m[2m=[0mCommittedSubDag(leader=B496(B,cK1f), ref=C484(ErSE), blocks=[KpfA, OXuk, cK1f]) [3mepoch[0m[2m=[0m1
[2m2025-03-25T07:57:07.517538Z[0m [32m INFO[0m [1mnode[0m[1m{[0m[3mname[0m[2m=[0mk#99f25ef6..[1m}[0m[2m:[0m [2msui_core::checkpoints::checkpoint_executor[0m[2m:[0m [2mcrates/sui-core/src/checkpoints/checkpoint_executor/mod.rs[0m[2m:[0m[2m332:[0m Received checkpoint summary from state sync [3msequence_number[0m[2m=[0m696
[2m2025-03-25T07:57:07.517538Z[0m [32m INFO[0m [1mnode[0m[1m{[0m[3mname[0m[2m=[0mk#8dcff6d1..[1m}[0m[2m:[0m [2msui_core::checkpoints::checkpoint_executor[0m[2m:[0m [2mcrates/sui-core/src/checkpoints/checkpoint_executor/mod.rs[0m[2m:[0m[2m332:[0m Received checkpoint summary from state sync [3msequence_number[0m[2m=[0m696
[2m2025-03-25T07:57:07.519009Z[0m [32m INFO[0m [1mnode[0m[1m{[0m[3mname[0m[2m=[0mk#99f25ef6..[1m}[0m[2m:[0m [2msui_core::state_accumulator[0m[2m:[0m [2mcrates/sui-core/src/state_accumulator.rs[0m[2m:[0m[2m675:[0m accumulating running root for checkpoint 696
[2m2025-03-25T07:57:07.519009Z[0m [32m INFO[0m [1mnode[0m[1m{[0m[3mname[0m[2m=[0mk#8dcff6d1..[1m}[0m[2m:[0m [2msui_core::state_accumulator[0m[2m:[0m [2mcrates/sui-core/src/state_accumulator.rs[0m[2m:[0m[2m675:[0m accumulating running root for checkpoint 696
[2m2025-03-25T07:57:07.540058Z[0m [32m INFO[0m [1mnode[0m[1m{[0m[3mname[0m[2m=[0mk#addeef94..[1m}[0m[2m:[0m [2msui_core::checkpoints[0m[2m:[0m [2mcrates/sui-core/src/checkpoints/mod.rs[0m[2m:[0m[2m1326:[0m Creating checkpoint(s) for 2 transactions [3mnext_checkpoint_seq[0m[2m=[0m697 [3mcheckpoint_timestamp[0m[2m=[0m1742889426997
[2m2025-03-25T07:57:07.540364Z[0m [32m INFO[0m [1mnode[0m[1m{[0m[3mname[0m[2m=[0mk#addeef94..[1m}[0m[2m:[0m [2msui_core::checkpoints::checkpoint_output[0m[2m:[0m [2mcrates/sui-core/src/checkpoints/checkpoint_output.rs[0m[2m:[0m[2m149:[0m Creating checkpoint CheckpointDigest(FdwPwtjtKbwVDULcPqF1zJBZH4rRWDaA5sgbZegrQS2v) at epoch 1, sequence 697, previous digest Some(CheckpointDigest(7vYTXQmxXYbo3bDxZK72xY7uHcdreyaHyEQwSgEZ7eNG)), transactions count 2, content digest CheckpointContentsDigest(47GobkcyoqNEx15t994huwCAzH4t5M1G5k5DZaWuBoxV), end_of_epoch_data None
[2m2025-03-25T07:57:07.543120Z[0m [32m INFO[0m [1mnode[0m[1m{[0m[3mname[0m[2m=[0mk#addeef94..[1m}[0m[2m:[0m [2msui_core::checkpoints::checkpoint_executor[0m[2m:[0m [2mcrates/sui-core/src/checkpoints/checkpoint_executor/mod.rs[0m[2m:[0m[2m332:[0m Received checkpoint summary from state sync [3msequence_number[0m[2m=[0m696
[2m2025-03-25T07:57:07.543941Z[0m [32m INFO[0m [1mnode[0m[1m{[0m[3mname[0m[2m=[0mk#addeef94..[1m}[0m[2m:[0m [2msui_core::state_accumulator[0m[2m:[0m [2mcrates/sui-core/src/state_accumulator.rs[0m[2m:[0m[2m675:[0m accumulating running root for checkpoint 696
[2m2025-03-25T07:57:07.544470Z[0m [32m INFO[0m [1mnode[0m[1m{[0m[3mname[0m[2m=[0mk#99f25ef6..[1m}[0m[2m:[0m [2msui_core::checkpoints[0m[2m:[0m [2mcrates/sui-core/src/checkpoints/mod.rs[0m[2m:[0m[2m1326:[0m Creating checkpoint(s) for 2 transactions [3mnext_checkpoint_seq[0m[2m=[0m697 [3mcheckpoint_timestamp[0m[2m=[0m1742889426997
[2m2025-03-25T07:57:07.544474Z[0m [32m INFO[0m [1mnode[0m[1m{[0m[3mname[0m[2m=[0mk#8dcff6d1..[1m}[0m[2m:[0m [2msui_core::checkpoints[0m[2m:[0m [2mcrates/sui-core/src/checkpoints/mod.rs[0m[2m:[0m[2m1326:[0m Creating checkpoint(s) for 2 transactions [3mnext_checkpoint_seq[0m[2m=[0m697 [3mcheckpoint_timestamp[0m[2m=[0m1742889426997
[2m2025-03-25T07:57:07.544737Z[0m [32m INFO[0m [1mnode[0m[1m{[0m[3mname[0m[2m=[0mk#99f25ef6..[1m}[0m[2m:[0m [2msui_core::checkpoints::checkpoint_output[0m[2m:[0m [2mcrates/sui-core/src/checkpoints/checkpoint_output.rs[0m[2m:[0m[2m149:[0m Creating checkpoint CheckpointDigest(FdwPwtjtKbwVDULcPqF1zJBZH4rRWDaA5sgbZegrQS2v) at epoch 1, sequence 697, previous digest Some(CheckpointDigest(7vYTXQmxXYbo3bDxZK72xY7uHcdreyaHyEQwSgEZ7eNG)), transactions count 2, content digest CheckpointContentsDigest(47GobkcyoqNEx15t994huwCAzH4t5M1G5k5DZaWuBoxV), end_of_epoch_data None
[2m2025-03-25T07:57:07.544737Z[0m [32m INFO[0m [1mnode[0m[1m{[0m[3mname[0m[2m=[0mk#8dcff6d1..[1m}[0m[2m:[0m [2msui_core::checkpoints::checkpoint_output[0m[2m:[0m [2mcrates/sui-core/src/checkpoints/checkpoint_output.rs[0m[2m:[0m[2m149:[0m Creating checkpoint CheckpointDigest(FdwPwtjtKbwVDULcPqF1zJBZH4rRWDaA5sgbZegrQS2v) at epoch 1, sequence 697, previous digest Some(CheckpointDigest(7vYTXQmxXYbo3bDxZK72xY7uHcdreyaHyEQwSgEZ7eNG)), transactions count 2, content digest CheckpointContentsDigest(47GobkcyoqNEx15t994huwCAzH4t5M1G5k5DZaWuBoxV), end_of_epoch_data None
[2m2025-03-25T07:57:07.765698Z[0m [32m INFO[0m [1mnode[0m[1m{[0m[3mname[0m[2m=[0mk#addeef94..[1m}[0m[2m:[0m [2mconsensus_core::core[0m[2m:[0m [2mconsensus/core/src/core.rs[0m[2m:[0m[2m945:[0m Included 3 ancestors & excluded 0 ancestors for proposal in round 499
[2m2025-03-25T07:57:07.766092Z[0m [32m INFO[0m [1mnode[0m[1m{[0m[3mname[0m[2m=[0mk#addeef94..[1m}[0m[2m:[0m [2mconsensus_core::core[0m[2m:[0m [2mconsensus/core/src/core.rs[0m[2m:[0m[2m531:[0m Created block B499(C,gsFz76E1RXKMOzaTojeBj6gy5UJgqsUxke/gTWHDc0E=)(1742889427765ms;[B498(C,xruZ9e1opwkn9obyJ7PIgk/Cg0/qM8TZl7HwciXMJcY=), B498(A,4E88ebxsWzcAJTjDK0+Pa3oDxF+yo1d0hYZKD/nV8FM=), B498(B,Y3Fb3Jx7PQRJQdhbR1lwsFwZNFjDzA6D/zCKew3f8Ok=)];1t;1c) for round 499
[2m2025-03-25T07:57:07.768114Z[0m [32m INFO[0m [1mnode[0m[1m{[0m[3mname[0m[2m=[0mk#99f25ef6..[1m}[0m[2m:[0m [2mconsensus_core::core[0m[2m:[0m [2mconsensus/core/src/core.rs[0m[2m:[0m[2m945:[0m Included 3 ancestors & excluded 0 ancestors for proposal in round 499
[2m2025-03-25T07:57:07.768114Z[0m [32m INFO[0m [1mnode[0m[1m{[0m[3mname[0m[2m=[0mk#8dcff6d1..[1m}[0m[2m:[0m [2mconsensus_core::core[0m[2m:[0m [2mconsensus/core/src/core.rs[0m[2m:[0m[2m945:[0m Included 3 ancestors & excluded 0 ancestors for proposal in round 499
[2m2025-03-25T07:57:07.768409Z[0m [32m INFO[0m [1mnode[0m[1m{[0m[3mname[0m[2m=[0mk#99f25ef6..[1m}[0m[2m:[0m [2mconsensus_core::core[0m[2m:[0m [2mconsensus/core/src/core.rs[0m[2m:[0m[2m531:[0m Created block B499(B,64h6pYv5h59yyL8FByAK55/CJWu0BU0TZHiS2yUb9Rw=)(1742889427768ms;[B498(B,Y3Fb3Jx7PQRJQdhbR1lwsFwZNFjDzA6D/zCKew3f8Ok=), B498(A,4E88ebxsWzcAJTjDK0+Pa3oDxF+yo1d0hYZKD/nV8FM=), B498(C,xruZ9e1opwkn9obyJ7PIgk/Cg0/qM8TZl7HwciXMJcY=)];1t;1c) for round 499
[2m2025-03-25T07:57:07.768411Z[0m [32m INFO[0m [1mnode[0m[1m{[0m[3mname[0m[2m=[0mk#8dcff6d1..[1m}[0m[2m:[0m [2mconsensus_core::core[0m[2m:[0m [2mconsensus/core/src/core.rs[0m[2m:[0m[2m531:[0m Created block B499(A,K2/VfjkMK7B5emfB0E+vOETng1mIMVxBvKodVI6E3Do=)(1742889427768ms;[B498(A,4E88ebxsWzcAJTjDK0+Pa3oDxF+yo1d0hYZKD/nV8FM=), B498(B,Y3Fb3Jx7PQRJQdhbR1lwsFwZNFjDzA6D/zCKew3f8Ok=), B498(C,xruZ9e1opwkn9obyJ7PIgk/Cg0/qM8TZl7HwciXMJcY=)];1t;1c) for round 499
[2m2025-03-25T07:57:07.768480Z[0m [32m INFO[0m [1mnode[0m[1m{[0m[3mname[0m[2m=[0mk#99f25ef6..[1m}[0m[2m:[0m [2mconsensus_core::core[0m[2m:[0m [2mconsensus/core/src/core.rs[0m[2m:[0m[2m630:[0m Committing 1 leaders: B497(B,1MFg)
[2m2025-03-25T07:57:07.768480Z[0m [32m INFO[0m [1mnode[0m[1m{[0m[3mname[0m[2m=[0mk#8dcff6d1..[1m}[0m[2m:[0m [2mconsensus_core::core[0m[2m:[0m [2mconsensus/core/src/core.rs[0m[2m:[0m[2m630:[0m Committing 1 leaders: B497(B,1MFg)
[2m2025-03-25T07:57:07.768549Z[0m [32m INFO[0m [1mnode[0m[1m{[0m[3mname[0m[2m=[0mk#99f25ef6..[1m}[0m[2m:[0m [2mconsensus_core::commit_observer[0m[2m:[0m [2mconsensus/core/src/commit_observer.rs[0m[2m:[0m[2m173:[0m Consensus commit C485(RAkt) with leader B497(B,1MFg) has 3 blocks
[2m2025-03-25T07:57:07.768549Z[0m [32m INFO[0m [1mnode[0m[1m{[0m[3mname[0m[2m=[0mk#8dcff6d1..[1m}[0m[2m:[0m [2mconsensus_core::commit_observer[0m[2m:[0m [2mconsensus/core/src/commit_observer.rs[0m[2m:[0m[2m173:[0m Consensus commit C485(RAkt) with leader B497(B,1MFg) has 3 blocks
[2m2025-03-25T07:57:07.768641Z[0m [32m INFO[0m [1mnode[0m[1m{[0m[3mname[0m[2m=[0mk#99f25ef6..[1m}[0m[2m:[0m [2msui_core::consensus_handler[0m[2m:[0m [2mcrates/sui-core/src/consensus_handler.rs[0m[2m:[0m[2m232:[0m Received consensus output [3mconsensus_commit[0m[2m=[0mCommittedSubDag(leader=B497(B,1MFg), ref=C485(RAkt), blocks=[Kb/d, Jkwt, 1MFg]) [3mepoch[0m[2m=[0m1
[2m2025-03-25T07:57:07.768641Z[0m [32m INFO[0m [1mnode[0m[1m{[0m[3mname[0m[2m=[0mk#8dcff6d1..[1m}[0m[2m:[0m [2msui_core::consensus_handler[0m[2m:[0m [2mcrates/sui-core/src/consensus_handler.rs[0m[2m:[0m[2m232:[0m Received consensus output [3mconsensus_commit[0m[2m=[0mCommittedSubDag(leader=B497(B,1MFg), ref=C485(RAkt), blocks=[Kb/d, Jkwt, 1MFg]) [3mepoch[0m[2m=[0m1
[2m2025-03-25T07:57:07.772513Z[0m [32m INFO[0m [1mnode[0m[1m{[0m[3mname[0m[2m=[0mk#addeef94..[1m}[0m[2m:[0m [2mconsensus_core::core[0m[2m:[0m [2mconsensus/core/src/core.rs[0m[2m:[0m[2m630:[0m Committing 1 leaders: B497(B,1MFg)
[2m2025-03-25T07:57:07.772622Z[0m [32m INFO[0m [1mnode[0m[1m{[0m[3mname[0m[2m=[0mk#addeef94..[1m}[0m[2m:[0m [2mconsensus_core::commit_observer[0m[2m:[0m [2mconsensus/core/src/commit_observer.rs[0m[2m:[0m[2m173:[0m Consensus commit C485(RAkt) with leader B497(B,1MFg) has 3 blocks
[2m2025-03-25T07:57:07.772757Z[0m [32m INFO[0m [1mnode[0m[1m{[0m[3mname[0m[2m=[0mk#addeef94..[1m}[0m[2m:[0m [2msui_core::consensus_handler[0m[2m:[0m [2mcrates/sui-core/src/consensus_handler.rs[0m[2m:[0m[2m232:[0m Received consensus output [3mconsensus_commit[0m[2m=[0mCommittedSubDag(leader=B497(B,1MFg), ref=C485(RAkt), blocks=[Kb/d, Jkwt, 1MFg]) [3mepoch[0m[2m=[0m1
[2m2025-03-25T07:57:07.815430Z[0m [32m INFO[0m [1mnode[0m[1m{[0m[3mname[0m[2m=[0mk#8dcff6d1..[1m}[0m[2m:[0m [2msui_core::checkpoints[0m[2m:[0m [2mcrates/sui-core/src/checkpoints/mod.rs[0m[2m:[0m[2m1326:[0m Creating checkpoint(s) for 1 transactions [3mnext_checkpoint_seq[0m[2m=[0m698 [3mcheckpoint_timestamp[0m[2m=[0m1742889427257
[2m2025-03-25T07:57:07.815677Z[0m [32m INFO[0m [1mnode[0m[1m{[0m[3mname[0m[2m=[0mk#8dcff6d1..[1m}[0m[2m:[0m [2msui_core::checkpoints::checkpoint_output[0m[2m:[0m [2mcrates/sui-core/src/checkpoints/checkpoint_output.rs[0m[2m:[0m[2m149:[0m Creating checkpoint CheckpointDigest(3nkFywLSRwFsTveTnBzToYYHvf8GZE1W8WWCVfF6UbJN) at epoch 1, sequence 698, previous digest Some(CheckpointDigest(FdwPwtjtKbwVDULcPqF1zJBZH4rRWDaA5sgbZegrQS2v)), transactions count 1, content digest CheckpointContentsDigest(HEcQiggggkNVcCCsLpCsGWM9nbYrCTE8QvQtUt8ibTfk), end_of_epoch_data None
[2m2025-03-25T07:57:07.816817Z[0m [32m INFO[0m [1mnode[0m[1m{[0m[3mname[0m[2m=[0mk#99f25ef6..[1m}[0m[2m:[0m [2msui_core::checkpoints[0m[2m:[0m [2mcrates/sui-core/src/checkpoints/mod.rs[0m[2m:[0m[2m1326:[0m Creating checkpoint(s) for 1 transactions [3mnext_checkpoint_seq[0m[2m=[0m698 [3mcheckpoint_timestamp[0m[2m=[0m1742889427257
[2m2025-03-25T07:57:07.816999Z[0m [32m INFO[0m [1mnode[0m[1m{[0m[3mname[0m[2m=[0mk#99f25ef6..[1m}[0m[2m:[0m [2msui_core::checkpoints::checkpoint_output[0m[2m:[0m [2mcrates/sui-core/src/checkpoints/checkpoint_output.rs[0m[2m:[0m[2m149:[0m Creating checkpoint CheckpointDigest(3nkFywLSRwFsTveTnBzToYYHvf8GZE1W8WWCVfF6UbJN) at epoch 1, sequence 698, previous digest Some(CheckpointDigest(FdwPwtjtKbwVDULcPqF1zJBZH4rRWDaA5sgbZegrQS2v)), transactions count 1, content digest CheckpointContentsDigest(HEcQiggggkNVcCCsLpCsGWM9nbYrCTE8QvQtUt8ibTfk), end_of_epoch_data None
[2m2025-03-25T07:57:07.819132Z[0m [32m INFO[0m [1mnode[0m[1m{[0m[3mname[0m[2m=[0mk#8dcff6d1..[1m}[0m[2m:[0m [2msui_core::checkpoints::checkpoint_output[0m[2m:[0m [2mcrates/sui-core/src/checkpoints/checkpoint_output.rs[0m[2m:[0m[2m196:[0m Certified checkpoint with sequence 697 and digest FdwPwtjtKbwVDULcPqF1zJBZH4rRWDaA5sgbZegrQS2v
[2m2025-03-25T07:57:07.819519Z[0m [32m INFO[0m [1mnode[0m[1m{[0m[3mname[0m[2m=[0mk#addeef94..[1m}[0m[2m:[0m [2msui_core::checkpoints[0m[2m:[0m [2mcrates/sui-core/src/checkpoints/mod.rs[0m[2m:[0m[2m1326:[0m Creating checkpoint(s) for 1 transactions [3mnext_checkpoint_seq[0m[2m=[0m698 [3mcheckpoint_timestamp[0m[2m=[0m1742889427257
[2m2025-03-25T07:57:07.819718Z[0m [32m INFO[0m [1mnode[0m[1m{[0m[3mname[0m[2m=[0mk#addeef94..[1m}[0m[2m:[0m [2msui_core::checkpoints::checkpoint_output[0m[2m:[0m [2mcrates/sui-core/src/checkpoints/checkpoint_output.rs[0m[2m:[0m[2m149:[0m Creating checkpoint CheckpointDigest(3nkFywLSRwFsTveTnBzToYYHvf8GZE1W8WWCVfF6UbJN) at epoch 1, sequence 698, previous digest Some(CheckpointDigest(FdwPwtjtKbwVDULcPqF1zJBZH4rRWDaA5sgbZegrQS2v)), transactions count 1, content digest CheckpointContentsDigest(HEcQiggggkNVcCCsLpCsGWM9nbYrCTE8QvQtUt8ibTfk), end_of_epoch_data None
[2m2025-03-25T07:57:07.820928Z[0m [32m INFO[0m [1mnode[0m[1m{[0m[3mname[0m[2m=[0mk#99f25ef6..[1m}[0m[2m:[0m [2msui_core::checkpoints::checkpoint_output[0m[2m:[0m [2mcrates/sui-core/src/checkpoints/checkpoint_output.rs[0m[2m:[0m[2m196:[0m Certified checkpoint with sequence 697 and digest FdwPwtjtKbwVDULcPqF1zJBZH4rRWDaA5sgbZegrQS2v
[2m2025-03-25T07:57:07.823624Z[0m [32m INFO[0m [1mnode[0m[1m{[0m[3mname[0m[2m=[0mk#8dcff6d1..[1m}[0m[2m:[0m [2msui_core::checkpoints::checkpoint_executor[0m[2m:[0m [2mcrates/sui-core/src/checkpoints/checkpoint_executor/mod.rs[0m[2m:[0m[2m332:[0m Received checkpoint summary from state sync [3msequence_number[0m[2m=[0m697
[2m2025-03-25T07:57:07.828685Z[0m [32m INFO[0m [1mnode[0m[1m{[0m[3mname[0m[2m=[0mk#99f25ef6..[1m}[0m[2m:[0m [2msui_core::checkpoints::checkpoint_executor[0m[2m:[0m [2mcrates/sui-core/src/checkpoints/checkpoint_executor/mod.rs[0m[2m:[0m[2m332:[0m Received checkpoint summary from state sync [3msequence_number[0m[2m=[0m697
[2m2025-03-25T07:57:07.843698Z[0m [32m INFO[0m [1mnode[0m[1m{[0m[3mname[0m[2m=[0mk#8dcff6d1..[1m}[0m[2m:[0m [2msui_core::state_accumulator[0m[2m:[0m [2mcrates/sui-core/src/state_accumulator.rs[0m[2m:[0m[2m675:[0m accumulating running root for checkpoint 697
[2m2025-03-25T07:57:07.844855Z[0m [32m INFO[0m [1mnode[0m[1m{[0m[3mname[0m[2m=[0mk#99f25ef6..[1m}[0m[2m:[0m [2msui_core::state_accumulator[0m[2m:[0m [2mcrates/sui-core/src/state_accumulator.rs[0m[2m:[0m[2m675:[0m accumulating running root for checkpoint 697
[2m2025-03-25T07:57:07.892469Z[0m [32m INFO[0m [1mnode[0m[1m{[0m[3mname[0m[2m=[0mk#addeef94..[1m}[0m[2m:[0m [2msui_core::checkpoints::checkpoint_executor[0m[2m:[0m [2mcrates/sui-core/src/checkpoints/checkpoint_executor/mod.rs[0m[2m:[0m[2m332:[0m Received checkpoint summary from state sync [3msequence_number[0m[2m=[0m697
[2m2025-03-25T07:57:07.893897Z[0m [32m INFO[0m [1mnode[0m[1m{[0m[3mname[0m[2m=[0mk#addeef94..[1m}[0m[2m:[0m [2msui_core::state_accumulator[0m[2m:[0m [2mcrates/sui-core/src/state_accumulator.rs[0m[2m:[0m[2m675:[0m accumulating running root for checkpoint 697
[2m2025-03-25T07:57:08.020472Z[0m [32m INFO[0m [1mnode[0m[1m{[0m[3mname[0m[2m=[0mk#99f25ef6..[1m}[0m[2m:[0m [2mconsensus_core::core[0m[2m:[0m [2mconsensus/core/src/core.rs[0m[2m:[0m[2m945:[0m Included 3 ancestors & excluded 0 ancestors for proposal in round 500
[2m2025-03-25T07:57:08.020888Z[0m [32m INFO[0m [1mnode[0m[1m{[0m[3mname[0m[2m=[0mk#99f25ef6..[1m}[0m[2m:[0m [2mconsensus_core::core[0m[2m:[0m [2mconsensus/core/src/core.rs[0m[2m:[0m[2m531:[0m Created block B500(B,Q+T+hQvzd+pvW4Q2rdcmQwFgbAUuSTq6J6e7YWnYzWg=)(1742889428020ms;[B499(B,64h6pYv5h59yyL8FByAK55/CJWu0BU0TZHiS2yUb9Rw=), B499(A,K2/VfjkMK7B5emfB0E+vOETng1mIMVxBvKodVI6E3Do=), B499(C,gsFz76E1RXKMOzaTojeBj6gy5UJgqsUxke/gTWHDc0E=)];1t;1c) for round 500
[2m2025-03-25T07:57:08.022617Z[0m [32m INFO[0m [1mnode[0m[1m{[0m[3mname[0m[2m=[0mk#8dcff6d1..[1m}[0m[2m:[0m [2mconsensus_core::core[0m[2m:[0m [2mconsensus/core/src/core.rs[0m[2m:[0m[2m945:[0m Included 3 ancestors & excluded 0 ancestors for proposal in round 500
[2m2025-03-25T07:57:08.022931Z[0m [32m INFO[0m [1mnode[0m[1m{[0m[3mname[0m[2m=[0mk#8dcff6d1..[1m}[0m[2m:[0m [2mconsensus_core::core[0m[2m:[0m [2mconsensus/core/src/core.rs[0m[2m:[0m[2m531:[0m Created block B500(A,7sg21P3ZWva1VkGdxCERhzwFKV4NIrUKCLf/32TFy/I=)(1742889428022ms;[B499(A,K2/VfjkMK7B5emfB0E+vOETng1mIMVxBvKodVI6E3Do=), B499(B,64h6pYv5h59yyL8FByAK55/CJWu0BU0TZHiS2yUb9Rw=), B499(C,gsFz76E1RXKMOzaTojeBj6gy5UJgqsUxke/gTWHDc0E=)];1t;1c) for round 500
[2m2025-03-25T07:57:08.024765Z[0m [32m INFO[0m [1mnode[0m[1m{[0m[3mname[0m[2m=[0mk#addeef94..[1m}[0m[2m:[0m [2mconsensus_core::core[0m[2m:[0m [2mconsensus/core/src/core.rs[0m[2m:[0m[2m945:[0m Included 3 ancestors & excluded 0 ancestors for proposal in round 500
[2m2025-03-25T07:57:08.025085Z[0m [32m INFO[0m [1mnode[0m[1m{[0m[3mname[0m[2m=[0mk#addeef94..[1m}[0m[2m:[0m [2mconsensus_core::core[0m[2m:[0m [2mconsensus/core/src/core.rs[0m[2m:[0m[2m531:[0m Created block B500(C,Z/xNpuIoE1lIpcpdeTMnpOW6nNULvs6pliW0uLRnAQQ=)(1742889428025ms;[B499(C,gsFz76E1RXKMOzaTojeBj6gy5UJgqsUxke/gTWHDc0E=), B499(A,K2/VfjkMK7B5emfB0E+vOETng1mIMVxBvKodVI6E3Do=), B499(B,64h6pYv5h59yyL8FByAK55/CJWu0BU0TZHiS2yUb9Rw=)];1t;1c) for round 500
[2m2025-03-25T07:57:08.025158Z[0m [32m INFO[0m [1mnode[0m[1m{[0m[3mname[0m[2m=[0mk#addeef94..[1m}[0m[2m:[0m [2mconsensus_core::core[0m[2m:[0m [2mconsensus/core/src/core.rs[0m[2m:[0m[2m630:[0m Committing 1 leaders: B498(B,Y3Fb)
[2m2025-03-25T07:57:08.025232Z[0m [32m INFO[0m [1mnode[0m[1m{[0m[3mname[0m[2m=[0mk#addeef94..[1m}[0m[2m:[0m [2mconsensus_core::commit_observer[0m[2m:[0m [2mconsensus/core/src/commit_observer.rs[0m[2m:[0m[2m173:[0m Consensus commit C486(H3M4) with leader B498(B,Y3Fb) has 3 blocks
[2m2025-03-25T07:57:08.025325Z[0m [32m INFO[0m [1mnode[0m[1m{[0m[3mname[0m[2m=[0mk#addeef94..[1m}[0m[2m:[0m [2msui_core::consensus_handler[0m[2m:[0m [2mcrates/sui-core/src/consensus_handler.rs[0m[2m:[0m[2m232:[0m Received consensus output [3mconsensus_commit[0m[2m=[0mCommittedSubDag(leader=B498(B,Y3Fb), ref=C486(H3M4), blocks=[8nUU, RtWZ, Y3Fb]) [3mepoch[0m[2m=[0m1
[2m2025-03-25T07:57:08.028461Z[0m [32m INFO[0m [1mnode[0m[1m{[0m[3mname[0m[2m=[0mk#8dcff6d1..[1m}[0m[2m:[0m [2msui_core::checkpoints::checkpoint_output[0m[2m:[0m [2mcrates/sui-core/src/checkpoints/checkpoint_output.rs[0m[2m:[0m[2m196:[0m Certified checkpoint with sequence 698 and digest 3nkFywLSRwFsTveTnBzToYYHvf8GZE1W8WWCVfF6UbJN
[2m2025-03-25T07:57:08.028463Z[0m [32m INFO[0m [1mnode[0m[1m{[0m[3mname[0m[2m=[0mk#99f25ef6..[1m}[0m[2m:[0m [2msui_core::checkpoints::checkpoint_output[0m[2m:[0m [2mcrates/sui-core/src/checkpoints/checkpoint_output.rs[0m[2m:[0m[2m196:[0m Certified checkpoint with sequence 698 and digest 3nkFywLSRwFsTveTnBzToYYHvf8GZE1W8WWCVfF6UbJN
[2m2025-03-25T07:57:08.028572Z[0m [32m INFO[0m [1mnode[0m[1m{[0m[3mname[0m[2m=[0mk#8dcff6d1..[1m}[0m[2m:[0m [2mconsensus_core::core[0m[2m:[0m [2mconsensus/core/src/core.rs[0m[2m:[0m[2m630:[0m Committing 1 leaders: B498(B,Y3Fb)
[2m2025-03-25T07:57:08.028574Z[0m [32m INFO[0m [1mnode[0m[1m{[0m[3mname[0m[2m=[0mk#99f25ef6..[1m}[0m[2m:[0m [2mconsensus_core::core[0m[2m:[0m [2mconsensus/core/src/core.rs[0m[2m:[0m[2m630:[0m Committing 1 leaders: B498(B,Y3Fb)
[2m2025-03-25T07:57:08.028674Z[0m [32m INFO[0m [1mnode[0m[1m{[0m[3mname[0m[2m=[0mk#8dcff6d1..[1m}[0m[2m:[0m [2mconsensus_core::commit_observer[0m[2m:[0m [2mconsensus/core/src/commit_observer.rs[0m[2m:[0m[2m173:[0m Consensus commit C486(H3M4) with leader B498(B,Y3Fb) has 3 blocks
[2m2025-03-25T07:57:08.028683Z[0m [32m INFO[0m [1mnode[0m[1m{[0m[3mname[0m[2m=[0mk#99f25ef6..[1m}[0m[2m:[0m [2mconsensus_core::commit_observer[0m[2m:[0m [2mconsensus/core/src/commit_observer.rs[0m[2m:[0m[2m173:[0m Consensus commit C486(H3M4) with leader B498(B,Y3Fb) has 3 blocks
[2m2025-03-25T07:57:08.029081Z[0m [32m INFO[0m [1mnode[0m[1m{[0m[3mname[0m[2m=[0mk#8dcff6d1..[1m}[0m[2m:[0m [2msui_core::consensus_handler[0m[2m:[0m [2mcrates/sui-core/src/consensus_handler.rs[0m[2m:[0m[2m232:[0m Received consensus output [3mconsensus_commit[0m[2m=[0mCommittedSubDag(leader=B498(B,Y3Fb), ref=C486(H3M4), blocks=[8nUU, RtWZ, Y3Fb]) [3mepoch[0m[2m=[0m1
[2m2025-03-25T07:57:08.029081Z[0m [32m INFO[0m [1mnode[0m[1m{[0m[3mname[0m[2m=[0mk#99f25ef6..[1m}[0m[2m:[0m [2msui_core::consensus_handler[0m[2m:[0m [2mcrates/sui-core/src/consensus_handler.rs[0m[2m:[0m[2m232:[0m Received consensus output [3mconsensus_commit[0m[2m=[0mCommittedSubDag(leader=B498(B,Y3Fb), ref=C486(H3M4), blocks=[8nUU, RtWZ, Y3Fb]) [3mepoch[0m[2m=[0m1
[2m2025-03-25T07:57:08.029654Z[0m [32m INFO[0m [1mnode[0m[1m{[0m[3mname[0m[2m=[0mk#8dcff6d1..[1m}[0m[2m:[0m [2msui_core::checkpoints::checkpoint_executor[0m[2m:[0m [2mcrates/sui-core/src/checkpoints/checkpoint_executor/mod.rs[0m[2m:[0m[2m332:[0m Received checkpoint summary from state sync [3msequence_number[0m[2m=[0m698
[2m2025-03-25T07:57:08.029654Z[0m [32m INFO[0m [1mnode[0m[1m{[0m[3mname[0m[2m=[0mk#99f25ef6..[1m}[0m[2m:[0m [2msui_core::checkpoints::checkpoint_executor[0m[2m:[0m [2mcrates/sui-core/src/checkpoints/checkpoint_executor/mod.rs[0m[2m:[0m[2m332:[0m Received checkpoint summary from state sync [3msequence_number[0m[2m=[0m698
[2m2025-03-25T07:57:08.031170Z[0m [32m INFO[0m [1mnode[0m[1m{[0m[3mname[0m[2m=[0mk#99f25ef6..[1m}[0m[2m:[0m [2msui_core::state_accumulator[0m[2m:[0m [2mcrates/sui-core/src/state_accumulator.rs[0m[2m:[0m[2m675:[0m accumulating running root for checkpoint 698
[2m2025-03-25T07:57:08.031172Z[0m [32m INFO[0m [1mnode[0m[1m{[0m[3mname[0m[2m=[0mk#8dcff6d1..[1m}[0m[2m:[0m [2msui_core::state_accumulator[0m[2m:[0m [2mcrates/sui-core/src/state_accumulator.rs[0m[2m:[0m[2m675:[0m accumulating running root for checkpoint 698
[2m2025-03-25T07:57:08.052251Z[0m [32m INFO[0m [1mnode[0m[1m{[0m[3mname[0m[2m=[0mk#addeef94..[1m}[0m[2m:[0m [2msui_core::checkpoints[0m[2m:[0m [2mcrates/sui-core/src/checkpoints/mod.rs[0m[2m:[0m[2m1326:[0m Creating checkpoint(s) for 2 transactions [3mnext_checkpoint_seq[0m[2m=[0m699 [3mcheckpoint_timestamp[0m[2m=[0m1742889427509
[2m2025-03-25T07:57:08.052569Z[0m [32m INFO[0m [1mnode[0m[1m{[0m[3mname[0m[2m=[0mk#addeef94..[1m}[0m[2m:[0m [2msui_core::checkpoints::checkpoint_output[0m[2m:[0m [2mcrates/sui-core/src/checkpoints/checkpoint_output.rs[0m[2m:[0m[2m149:[0m Creating checkpoint CheckpointDigest(A36ofXBCptPdRzPX8GHsZUwjqHHniKjktpip5GKGFNLp) at epoch 1, sequence 699, previous digest Some(CheckpointDigest(3nkFywLSRwFsTveTnBzToYYHvf8GZE1W8WWCVfF6UbJN)), transactions count 2, content digest CheckpointContentsDigest(24BA7CaS2PQjE1STwB4iWVDpAS4LWMSaD7YsxDUkD5GQ), end_of_epoch_data None
[2m2025-03-25T07:57:08.055393Z[0m [32m INFO[0m [1mnode[0m[1m{[0m[3mname[0m[2m=[0mk#addeef94..[1m}[0m[2m:[0m [2msui_core::checkpoints::checkpoint_executor[0m[2m:[0m [2mcrates/sui-core/src/checkpoints/checkpoint_executor/mod.rs[0m[2m:[0m[2m332:[0m Received checkpoint summary from state sync [3msequence_number[0m[2m=[0m698
[2m2025-03-25T07:57:08.056216Z[0m [32m INFO[0m [1mnode[0m[1m{[0m[3mname[0m[2m=[0mk#addeef94..[1m}[0m[2m:[0m [2msui_core::state_accumulator[0m[2m:[0m [2mcrates/sui-core/src/state_accumulator.rs[0m[2m:[0m[2m675:[0m accumulating running root for checkpoint 698
[2m2025-03-25T07:57:08.056617Z[0m [32m INFO[0m [1mnode[0m[1m{[0m[3mname[0m[2m=[0mk#99f25ef6..[1m}[0m[2m:[0m [2msui_core::checkpoints[0m[2m:[0m [2mcrates/sui-core/src/checkpoints/mod.rs[0m[2m:[0m[2m1326:[0m Creating checkpoint(s) for 2 transactions [3mnext_checkpoint_seq[0m[2m=[0m699 [3mcheckpoint_timestamp[0m[2m=[0m1742889427509
[2m2025-03-25T07:57:08.056620Z[0m [32m INFO[0m [1mnode[0m[1m{[0m[3mname[0m[2m=[0mk#8dcff6d1..[1m}[0m[2m:[0m [2msui_core::checkpoints[0m[2m:[0m [2mcrates/sui-core/src/checkpoints/mod.rs[0m[2m:[0m[2m1326:[0m Creating checkpoint(s) for 2 transactions [3mnext_checkpoint_seq[0m[2m=[0m699 [3mcheckpoint_timestamp[0m[2m=[0m1742889427509
[2m2025-03-25T07:57:08.056888Z[0m [32m INFO[0m [1mnode[0m[1m{[0m[3mname[0m[2m=[0mk#8dcff6d1..[1m}[0m[2m:[0m [2msui_core::checkpoints::checkpoint_output[0m[2m:[0m [2mcrates/sui-core/src/checkpoints/checkpoint_output.rs[0m[2m:[0m[2m149:[0m Creating checkpoint CheckpointDigest(A36ofXBCptPdRzPX8GHsZUwjqHHniKjktpip5GKGFNLp) at epoch 1, sequence 699, previous digest Some(CheckpointDigest(3nkFywLSRwFsTveTnBzToYYHvf8GZE1W8WWCVfF6UbJN)), transactions count 2, content digest CheckpointContentsDigest(24BA7CaS2PQjE1STwB4iWVDpAS4LWMSaD7YsxDUkD5GQ), end_of_epoch_data None
[2m2025-03-25T07:57:08.056888Z[0m [32m INFO[0m [1mnode[0m[1m{[0m[3mname[0m[2m=[0mk#99f25ef6..[1m}[0m[2m:[0m [2msui_core::checkpoints::checkpoint_output[0m[2m:[0m [2mcrates/sui-core/src/checkpoints/checkpoint_output.rs[0m[2m:[0m[2m149:[0m Creating checkpoint CheckpointDigest(A36ofXBCptPdRzPX8GHsZUwjqHHniKjktpip5GKGFNLp) at epoch 1, sequence 699, previous digest Some(CheckpointDigest(3nkFywLSRwFsTveTnBzToYYHvf8GZE1W8WWCVfF6UbJN)), transactions count 2, content digest CheckpointContentsDigest(24BA7CaS2PQjE1STwB4iWVDpAS4LWMSaD7YsxDUkD5GQ), end_of_epoch_data None
[2m2025-03-25T07:57:08.226696Z[0m [32m INFO[0m [1mnode[0m[1m{[0m[3mname[0m[2m=[0mk#b3f3cbb4..[1m}[0m[2m:[0m[1mjson-rpc-request[0m[2m:[0m[1mdev_inspect_transaction_block[0m[1m{[0m[3msender_address[0m[2m=[0m0x0000000000000000000000000000000000000000000000000000000000000000 [3mtx_bytes[0m[2m=[0mBase64("AAMBAQAAAAAAAAAAAAAAAAAAAAAAAAAAAAAAAAAAAAAAAAAJAQAAAAAAAAABAAECAAgAAAAAAAAAAAEAAAAAAAAAAAAAAAAAAAAAAAAAAAAAAAAAAAAAAAAAAAsGYnJpZGdlIGdldF90b2tlbl90cmFuc2Zlcl9hY3Rpb25fc3RhdHVzAAMBAAABAQABAgA=") [3mgas_price[0m[2m=[0mNone [3m_epoch[0m[2m=[0mNone [3madditional_args[0m[2m=[0mNone[1m}[0m[2m:[0m [2msui_json_rpc::transaction_execution_api[0m[2m:[0m [2mcrates/sui-json-rpc/src/transaction_execution_api.rs[0m[2m:[0m[2m351:[0m RPC took longer than threshold to complete. [3melapsed[0m[2m=[0m1.541203208s
[2m2025-03-25T07:57:08.227619Z[0m [32m INFO[0m [2msui_bridge::e2e_tests::test_utils[0m[2m:[0m [2mcrates/sui-bridge/src/e2e_tests/test_utils.rs[0m[2m:[0m[2m1452:[0m get_token_transfer_action_onchain_status_until_success took 2.134999084s, status: Pending
[2m2025-03-25T07:57:08.229851Z[0m [32m INFO[0m [1mnode[0m[1m{[0m[3mname[0m[2m=[0mk#b3f3cbb4..[1m}[0m[2m:[0m [2msui_core::state_accumulator[0m[2m:[0m [2mcrates/sui-core/src/state_accumulator.rs[0m[2m:[0m[2m675:[0m accumulating running root for checkpoint 597
[2m2025-03-25T07:57:08.277529Z[0m [32m INFO[0m [1mnode[0m[1m{[0m[3mname[0m[2m=[0mk#addeef94..[1m}[0m[2m:[0m [2mconsensus_core::core[0m[2m:[0m [2mconsensus/core/src/core.rs[0m[2m:[0m[2m945:[0m Included 3 ancestors & excluded 0 ancestors for proposal in round 501
[2m2025-03-25T07:57:08.277868Z[0m [32m INFO[0m [1mnode[0m[1m{[0m[3mname[0m[2m=[0mk#addeef94..[1m}[0m[2m:[0m [2mconsensus_core::core[0m[2m:[0m [2mconsensus/core/src/core.rs[0m[2m:[0m[2m531:[0m Created block B501(C,3hJAyjp7X+C+JSrb4OrGQpCIiwiRFzsAwIEXcfV/uJc=)(1742889428277ms;[B500(C,Z/xNpuIoE1lIpcpdeTMnpOW6nNULvs6pliW0uLRnAQQ=), B500(A,7sg21P3ZWva1VkGdxCERhzwFKV4NIrUKCLf/32TFy/I=), B500(B,Q+T+hQvzd+pvW4Q2rdcmQwFgbAUuSTq6J6e7YWnYzWg=)];1t;1c) for round 501
[2m2025-03-25T07:57:08.279781Z[0m [32m INFO[0m [1mnode[0m[1m{[0m[3mname[0m[2m=[0mk#8dcff6d1..[1m}[0m[2m:[0m [2mconsensus_core::core[0m[2m:[0m [2mconsensus/core/src/core.rs[0m[2m:[0m[2m945:[0m Included 3 ancestors & excluded 0 ancestors for proposal in round 501
[2m2025-03-25T07:57:08.280073Z[0m [32m INFO[0m [1mnode[0m[1m{[0m[3mname[0m[2m=[0mk#8dcff6d1..[1m}[0m[2m:[0m [2mconsensus_core::core[0m[2m:[0m [2mconsensus/core/src/core.rs[0m[2m:[0m[2m531:[0m Created block B501(A,3HfMbE6U+bK6bjJtJRUZoKQ6LlzwTE2nRR2iCJHLorg=)(1742889428280ms;[B500(A,7sg21P3ZWva1VkGdxCERhzwFKV4NIrUKCLf/32TFy/I=), B500(B,Q+T+hQvzd+pvW4Q2rdcmQwFgbAUuSTq6J6e7YWnYzWg=), B500(C,Z/xNpuIoE1lIpcpdeTMnpOW6nNULvs6pliW0uLRnAQQ=)];1t;1c) for round 501
[2m2025-03-25T07:57:08.280142Z[0m [32m INFO[0m [1mnode[0m[1m{[0m[3mname[0m[2m=[0mk#8dcff6d1..[1m}[0m[2m:[0m [2mconsensus_core::core[0m[2m:[0m [2mconsensus/core/src/core.rs[0m[2m:[0m[2m630:[0m Committing 1 leaders: B499(C,gsFz)
[2m2025-03-25T07:57:08.280213Z[0m [32m INFO[0m [1mnode[0m[1m{[0m[3mname[0m[2m=[0mk#8dcff6d1..[1m}[0m[2m:[0m [2mconsensus_core::commit_observer[0m[2m:[0m [2mconsensus/core/src/commit_observer.rs[0m[2m:[0m[2m173:[0m Consensus commit C487(3FL7) with leader B499(C,gsFz) has 3 blocks
[2m2025-03-25T07:57:08.280302Z[0m [32m INFO[0m [1mnode[0m[1m{[0m[3mname[0m[2m=[0mk#8dcff6d1..[1m}[0m[2m:[0m [2msui_core::consensus_handler[0m[2m:[0m [2mcrates/sui-core/src/consensus_handler.rs[0m[2m:[0m[2m232:[0m Received consensus output [3mconsensus_commit[0m[2m=[0mCommittedSubDag(leader=B499(C,gsFz), ref=C487(3FL7), blocks=[4E88, xruZ, gsFz]) [3mepoch[0m[2m=[0m1
[2m2025-03-25T07:57:08.280894Z[0m [32m INFO[0m [1mnode[0m[1m{[0m[3mname[0m[2m=[0mk#99f25ef6..[1m}[0m[2m:[0m [2mconsensus_core::core[0m[2m:[0m [2mconsensus/core/src/core.rs[0m[2m:[0m[2m945:[0m Included 3 ancestors & excluded 0 ancestors for proposal in round 501
[2m2025-03-25T07:57:08.281181Z[0m [32m INFO[0m [1mnode[0m[1m{[0m[3mname[0m[2m=[0mk#99f25ef6..[1m}[0m[2m:[0m [2mconsensus_core::core[0m[2m:[0m [2mconsensus/core/src/core.rs[0m[2m:[0m[2m531:[0m Created block B501(B,MeJ4QF6jweB3Nrztf2oIP+5ZrpjET7Bv+TijlbzC91A=)(1742889428281ms;[B500(B,Q+T+hQvzd+pvW4Q2rdcmQwFgbAUuSTq6J6e7YWnYzWg=), B500(A,7sg21P3ZWva1VkGdxCERhzwFKV4NIrUKCLf/32TFy/I=), B500(C,Z/xNpuIoE1lIpcpdeTMnpOW6nNULvs6pliW0uLRnAQQ=)];1t;1c) for round 501
[2m2025-03-25T07:57:08.281244Z[0m [32m INFO[0m [1mnode[0m[1m{[0m[3mname[0m[2m=[0mk#99f25ef6..[1m}[0m[2m:[0m [2mconsensus_core::core[0m[2m:[0m [2mconsensus/core/src/core.rs[0m[2m:[0m[2m630:[0m Committing 1 leaders: B499(C,gsFz)
[2m2025-03-25T07:57:08.281309Z[0m [32m INFO[0m [1mnode[0m[1m{[0m[3mname[0m[2m=[0mk#99f25ef6..[1m}[0m[2m:[0m [2mconsensus_core::commit_observer[0m[2m:[0m [2mconsensus/core/src/commit_observer.rs[0m[2m:[0m[2m173:[0m Consensus commit C487(3FL7) with leader B499(C,gsFz) has 3 blocks
[2m2025-03-25T07:57:08.281387Z[0m [32m INFO[0m [1mnode[0m[1m{[0m[3mname[0m[2m=[0mk#99f25ef6..[1m}[0m[2m:[0m [2msui_core::consensus_handler[0m[2m:[0m [2mcrates/sui-core/src/consensus_handler.rs[0m[2m:[0m[2m232:[0m Received consensus output [3mconsensus_commit[0m[2m=[0mCommittedSubDag(leader=B499(C,gsFz), ref=C487(3FL7), blocks=[4E88, xruZ, gsFz]) [3mepoch[0m[2m=[0m1
[2m2025-03-25T07:57:08.282655Z[0m [32m INFO[0m [1mnode[0m[1m{[0m[3mname[0m[2m=[0mk#addeef94..[1m}[0m[2m:[0m [2mconsensus_core::core[0m[2m:[0m [2mconsensus/core/src/core.rs[0m[2m:[0m[2m630:[0m Committing 1 leaders: B499(C,gsFz)
[2m2025-03-25T07:57:08.282746Z[0m [32m INFO[0m [1mnode[0m[1m{[0m[3mname[0m[2m=[0mk#addeef94..[1m}[0m[2m:[0m [2mconsensus_core::commit_observer[0m[2m:[0m [2mconsensus/core/src/commit_observer.rs[0m[2m:[0m[2m173:[0m Consensus commit C487(3FL7) with leader B499(C,gsFz) has 3 blocks
[2m2025-03-25T07:57:08.282822Z[0m [32m INFO[0m [1mnode[0m[1m{[0m[3mname[0m[2m=[0mk#addeef94..[1m}[0m[2m:[0m [2msui_core::consensus_handler[0m[2m:[0m [2mcrates/sui-core/src/consensus_handler.rs[0m[2m:[0m[2m232:[0m Received consensus output [3mconsensus_commit[0m[2m=[0mCommittedSubDag(leader=B499(C,gsFz), ref=C487(3FL7), blocks=[4E88, xruZ, gsFz]) [3mepoch[0m[2m=[0m1
[2m2025-03-25T07:57:08.320086Z[0m [32m INFO[0m [1mnode[0m[1m{[0m[3mname[0m[2m=[0mk#b3f3cbb4..[1m}[0m[2m:[0m [2msui_core::state_accumulator[0m[2m:[0m [2mcrates/sui-core/src/state_accumulator.rs[0m[2m:[0m[2m675:[0m accumulating running root for checkpoint 598
[2m2025-03-25T07:57:08.320426Z[0m [32m INFO[0m [1mnode[0m[1m{[0m[3mname[0m[2m=[0mk#b3f3cbb4..[1m}[0m[2m:[0m [2msui_core::checkpoints::checkpoint_executor[0m[2m:[0m [2mcrates/sui-core/src/checkpoints/checkpoint_executor/mod.rs[0m[2m:[0m[2m332:[0m Received checkpoint summary from state sync [3msequence_number[0m[2m=[0m668
[2m2025-03-25T07:57:08.320473Z[0m [32m INFO[0m [1mnode[0m[1m{[0m[3mname[0m[2m=[0mk#b3f3cbb4..[1m}[0m[2m:[0m [2msui_core::checkpoints::checkpoint_executor[0m[2m:[0m [2mcrates/sui-core/src/checkpoints/checkpoint_executor/mod.rs[0m[2m:[0m[2m332:[0m Received checkpoint summary from state sync [3msequence_number[0m[2m=[0m669
[2m2025-03-25T07:57:08.320515Z[0m [32m INFO[0m [1mnode[0m[1m{[0m[3mname[0m[2m=[0mk#b3f3cbb4..[1m}[0m[2m:[0m [2msui_core::checkpoints::checkpoint_executor[0m[2m:[0m [2mcrates/sui-core/src/checkpoints/checkpoint_executor/mod.rs[0m[2m:[0m[2m332:[0m Received checkpoint summary from state sync [3msequence_number[0m[2m=[0m670
[2m2025-03-25T07:57:08.325260Z[0m [32m INFO[0m [1mnode[0m[1m{[0m[3mname[0m[2m=[0mk#8dcff6d1..[1m}[0m[2m:[0m [2msui_core::checkpoints[0m[2m:[0m [2mcrates/sui-core/src/checkpoints/mod.rs[0m[2m:[0m[2m1326:[0m Creating checkpoint(s) for 1 transactions [3mnext_checkpoint_seq[0m[2m=[0m700 [3mcheckpoint_timestamp[0m[2m=[0m1742889427765
[2m2025-03-25T07:57:08.325476Z[0m [32m INFO[0m [1mnode[0m[1m{[0m[3mname[0m[2m=[0mk#8dcff6d1..[1m}[0m[2m:[0m [2msui_core::checkpoints::checkpoint_output[0m[2m:[0m [2mcrates/sui-core/src/checkpoints/checkpoint_output.rs[0m[2m:[0m[2m149:[0m Creating checkpoint CheckpointDigest(6Qxo9byQsUJKMbhVQQBzmCuwom8vPi1r2dx5ksAPyvq9) at epoch 1, sequence 700, previous digest Some(CheckpointDigest(A36ofXBCptPdRzPX8GHsZUwjqHHniKjktpip5GKGFNLp)), transactions count 1, content digest CheckpointContentsDigest(8dwhdLwgFGhwD4qRtkJ2JQWgRgTaXGLzfsxP8EAUJWUz), end_of_epoch_data None
[2m2025-03-25T07:57:08.326212Z[0m [32m INFO[0m [1mnode[0m[1m{[0m[3mname[0m[2m=[0mk#99f25ef6..[1m}[0m[2m:[0m [2msui_core::checkpoints[0m[2m:[0m [2mcrates/sui-core/src/checkpoints/mod.rs[0m[2m:[0m[2m1326:[0m Creating checkpoint(s) for 1 transactions [3mnext_checkpoint_seq[0m[2m=[0m700 [3mcheckpoint_timestamp[0m[2m=[0m1742889427765
[2m2025-03-25T07:57:08.326388Z[0m [32m INFO[0m [1mnode[0m[1m{[0m[3mname[0m[2m=[0mk#99f25ef6..[1m}[0m[2m:[0m [2msui_core::checkpoints::checkpoint_output[0m[2m:[0m [2mcrates/sui-core/src/checkpoints/checkpoint_output.rs[0m[2m:[0m[2m149:[0m Creating checkpoint CheckpointDigest(6Qxo9byQsUJKMbhVQQBzmCuwom8vPi1r2dx5ksAPyvq9) at epoch 1, sequence 700, previous digest Some(CheckpointDigest(A36ofXBCptPdRzPX8GHsZUwjqHHniKjktpip5GKGFNLp)), transactions count 1, content digest CheckpointContentsDigest(8dwhdLwgFGhwD4qRtkJ2JQWgRgTaXGLzfsxP8EAUJWUz), end_of_epoch_data None
[2m2025-03-25T07:57:08.327452Z[0m [32m INFO[0m [1mnode[0m[1m{[0m[3mname[0m[2m=[0mk#addeef94..[1m}[0m[2m:[0m [2msui_core::checkpoints[0m[2m:[0m [2mcrates/sui-core/src/checkpoints/mod.rs[0m[2m:[0m[2m1326:[0m Creating checkpoint(s) for 1 transactions [3mnext_checkpoint_seq[0m[2m=[0m700 [3mcheckpoint_timestamp[0m[2m=[0m1742889427765
[2m2025-03-25T07:57:08.327624Z[0m [32m INFO[0m [1mnode[0m[1m{[0m[3mname[0m[2m=[0mk#addeef94..[1m}[0m[2m:[0m [2msui_core::checkpoints::checkpoint_output[0m[2m:[0m [2mcrates/sui-core/src/checkpoints/checkpoint_output.rs[0m[2m:[0m[2m149:[0m Creating checkpoint CheckpointDigest(6Qxo9byQsUJKMbhVQQBzmCuwom8vPi1r2dx5ksAPyvq9) at epoch 1, sequence 700, previous digest Some(CheckpointDigest(A36ofXBCptPdRzPX8GHsZUwjqHHniKjktpip5GKGFNLp)), transactions count 1, content digest CheckpointContentsDigest(8dwhdLwgFGhwD4qRtkJ2JQWgRgTaXGLzfsxP8EAUJWUz), end_of_epoch_data None
[2m2025-03-25T07:57:08.328780Z[0m [32m INFO[0m [1mnode[0m[1m{[0m[3mname[0m[2m=[0mk#8dcff6d1..[1m}[0m[2m:[0m [2msui_core::checkpoints::checkpoint_output[0m[2m:[0m [2mcrates/sui-core/src/checkpoints/checkpoint_output.rs[0m[2m:[0m[2m196:[0m Certified checkpoint with sequence 699 and digest A36ofXBCptPdRzPX8GHsZUwjqHHniKjktpip5GKGFNLp
[2m2025-03-25T07:57:08.329620Z[0m [32m INFO[0m [1mnode[0m[1m{[0m[3mname[0m[2m=[0mk#99f25ef6..[1m}[0m[2m:[0m [2msui_core::checkpoints::checkpoint_output[0m[2m:[0m [2mcrates/sui-core/src/checkpoints/checkpoint_output.rs[0m[2m:[0m[2m196:[0m Certified checkpoint with sequence 699 and digest A36ofXBCptPdRzPX8GHsZUwjqHHniKjktpip5GKGFNLp
[2m2025-03-25T07:57:08.331889Z[0m [32m INFO[0m [1mnode[0m[1m{[0m[3mname[0m[2m=[0mk#8dcff6d1..[1m}[0m[2m:[0m [2msui_core::checkpoints::checkpoint_executor[0m[2m:[0m [2mcrates/sui-core/src/checkpoints/checkpoint_executor/mod.rs[0m[2m:[0m[2m332:[0m Received checkpoint summary from state sync [3msequence_number[0m[2m=[0m699
[2m2025-03-25T07:57:08.335173Z[0m [32m INFO[0m [1mnode[0m[1m{[0m[3mname[0m[2m=[0mk#99f25ef6..[1m}[0m[2m:[0m [2msui_core::checkpoints::checkpoint_executor[0m[2m:[0m [2mcrates/sui-core/src/checkpoints/checkpoint_executor/mod.rs[0m[2m:[0m[2m332:[0m Received checkpoint summary from state sync [3msequence_number[0m[2m=[0m699
[2m2025-03-25T07:57:08.349887Z[0m [32m INFO[0m [1mnode[0m[1m{[0m[3mname[0m[2m=[0mk#8dcff6d1..[1m}[0m[2m:[0m [2msui_core::state_accumulator[0m[2m:[0m [2mcrates/sui-core/src/state_accumulator.rs[0m[2m:[0m[2m675:[0m accumulating running root for checkpoint 699
[2m2025-03-25T07:57:08.352702Z[0m [32m INFO[0m [1mnode[0m[1m{[0m[3mname[0m[2m=[0mk#99f25ef6..[1m}[0m[2m:[0m [2msui_core::state_accumulator[0m[2m:[0m [2mcrates/sui-core/src/state_accumulator.rs[0m[2m:[0m[2m675:[0m accumulating running root for checkpoint 699
[2m2025-03-25T07:57:08.363287Z[0m [32m INFO[0m [1mnode[0m[1m{[0m[3mname[0m[2m=[0mk#b3f3cbb4..[1m}[0m[2m:[0m [2msui_core::checkpoints::checkpoint_executor[0m[2m:[0m [2mcrates/sui-core/src/checkpoints/checkpoint_executor/mod.rs[0m[2m:[0m[2m332:[0m Received checkpoint summary from state sync [3msequence_number[0m[2m=[0m671
[2m2025-03-25T07:57:08.363840Z[0m [32m INFO[0m [1mnode[0m[1m{[0m[3mname[0m[2m=[0mk#b3f3cbb4..[1m}[0m[2m:[0m [2msui_core::state_accumulator[0m[2m:[0m [2mcrates/sui-core/src/state_accumulator.rs[0m[2m:[0m[2m675:[0m accumulating running root for checkpoint 599
[2m2025-03-25T07:57:08.364052Z[0m [32m INFO[0m [1mnode[0m[1m{[0m[3mname[0m[2m=[0mk#b3f3cbb4..[1m}[0m[2m:[0m [2msui_core::checkpoints::checkpoint_executor[0m[2m:[0m [2mcrates/sui-core/src/checkpoints/checkpoint_executor/mod.rs[0m[2m:[0m[2m332:[0m Received checkpoint summary from state sync [3msequence_number[0m[2m=[0m672
[2m2025-03-25T07:57:08.396648Z[0m [32m INFO[0m [1mnode[0m[1m{[0m[3mname[0m[2m=[0mk#addeef94..[1m}[0m[2m:[0m [2msui_core::checkpoints::checkpoint_executor[0m[2m:[0m [2mcrates/sui-core/src/checkpoints/checkpoint_executor/mod.rs[0m[2m:[0m[2m332:[0m Received checkpoint summary from state sync [3msequence_number[0m[2m=[0m699
[2m2025-03-25T07:57:08.397980Z[0m [32m INFO[0m [1mnode[0m[1m{[0m[3mname[0m[2m=[0mk#addeef94..[1m}[0m[2m:[0m [2msui_core::state_accumulator[0m[2m:[0m [2mcrates/sui-core/src/state_accumulator.rs[0m[2m:[0m[2m675:[0m accumulating running root for checkpoint 699
[2m2025-03-25T07:57:08.454684Z[0m [32m INFO[0m [1mnode[0m[1m{[0m[3mname[0m[2m=[0mk#b3f3cbb4..[1m}[0m[2m:[0m [2msui_core::state_accumulator[0m[2m:[0m [2mcrates/sui-core/src/state_accumulator.rs[0m[2m:[0m[2m675:[0m accumulating running root for checkpoint 600
[2m2025-03-25T07:57:08.532411Z[0m [32m INFO[0m [1mnode[0m[1m{[0m[3mname[0m[2m=[0mk#8dcff6d1..[1m}[0m[2m:[0m [2mconsensus_core::core[0m[2m:[0m [2mconsensus/core/src/core.rs[0m[2m:[0m[2m945:[0m Included 3 ancestors & excluded 0 ancestors for proposal in round 502
[2m2025-03-25T07:57:08.532783Z[0m [32m INFO[0m [1mnode[0m[1m{[0m[3mname[0m[2m=[0mk#8dcff6d1..[1m}[0m[2m:[0m [2mconsensus_core::core[0m[2m:[0m [2mconsensus/core/src/core.rs[0m[2m:[0m[2m531:[0m Created block B502(A,mYP8Kse8xcUr9FbUBsM2tVMk4xU50Vm1Ui7EHoBpRDc=)(1742889428532ms;[B501(A,3HfMbE6U+bK6bjJtJRUZoKQ6LlzwTE2nRR2iCJHLorg=), B501(B,MeJ4QF6jweB3Nrztf2oIP+5ZrpjET7Bv+TijlbzC91A=), B501(C,3hJAyjp7X+C+JSrb4OrGQpCIiwiRFzsAwIEXcfV/uJc=)];1t;1c) for round 502
[2m2025-03-25T07:57:08.534360Z[0m [32m INFO[0m [1mnode[0m[1m{[0m[3mname[0m[2m=[0mk#99f25ef6..[1m}[0m[2m:[0m [2mconsensus_core::core[0m[2m:[0m [2mconsensus/core/src/core.rs[0m[2m:[0m[2m945:[0m Included 3 ancestors & excluded 0 ancestors for proposal in round 502
[2m2025-03-25T07:57:08.534672Z[0m [32m INFO[0m [1mnode[0m[1m{[0m[3mname[0m[2m=[0mk#99f25ef6..[1m}[0m[2m:[0m [2mconsensus_core::core[0m[2m:[0m [2mconsensus/core/src/core.rs[0m[2m:[0m[2m531:[0m Created block B502(B,xKJM2ShDHKh4fl3a/q+4HK7B+zU8in2fOpCWWrzSAsA=)(1742889428534ms;[B501(B,MeJ4QF6jweB3Nrztf2oIP+5ZrpjET7Bv+TijlbzC91A=), B501(A,3HfMbE6U+bK6bjJtJRUZoKQ6LlzwTE2nRR2iCJHLorg=), B501(C,3hJAyjp7X+C+JSrb4OrGQpCIiwiRFzsAwIEXcfV/uJc=)];1t;1c) for round 502
[2m2025-03-25T07:57:08.534698Z[0m [32m INFO[0m [1mnode[0m[1m{[0m[3mname[0m[2m=[0mk#addeef94..[1m}[0m[2m:[0m [2mconsensus_core::core[0m[2m:[0m [2mconsensus/core/src/core.rs[0m[2m:[0m[2m945:[0m Included 3 ancestors & excluded 0 ancestors for proposal in round 502
[2m2025-03-25T07:57:08.535006Z[0m [32m INFO[0m [1mnode[0m[1m{[0m[3mname[0m[2m=[0mk#addeef94..[1m}[0m[2m:[0m [2mconsensus_core::core[0m[2m:[0m [2mconsensus/core/src/core.rs[0m[2m:[0m[2m531:[0m Created block B502(C,FB+qF4rKv/+bQJinOYk3XT6Kfz0p59J504kClAnqeuk=)(1742889428534ms;[B501(C,3hJAyjp7X+C+JSrb4OrGQpCIiwiRFzsAwIEXcfV/uJc=), B501(A,3HfMbE6U+bK6bjJtJRUZoKQ6LlzwTE2nRR2iCJHLorg=), B501(B,MeJ4QF6jweB3Nrztf2oIP+5ZrpjET7Bv+TijlbzC91A=)];1t;1c) for round 502
[2m2025-03-25T07:57:08.535078Z[0m [32m INFO[0m [1mnode[0m[1m{[0m[3mname[0m[2m=[0mk#addeef94..[1m}[0m[2m:[0m [2mconsensus_core::core[0m[2m:[0m [2mconsensus/core/src/core.rs[0m[2m:[0m[2m630:[0m Committing 1 leaders: B500(C,Z/xN)
[2m2025-03-25T07:57:08.535152Z[0m [32m INFO[0m [1mnode[0m[1m{[0m[3mname[0m[2m=[0mk#addeef94..[1m}[0m[2m:[0m [2mconsensus_core::commit_observer[0m[2m:[0m [2mconsensus/core/src/commit_observer.rs[0m[2m:[0m[2m173:[0m Consensus commit C488(/19+) with leader B500(C,Z/xN) has 3 blocks
[2m2025-03-25T07:57:08.535237Z[0m [32m INFO[0m [1mnode[0m[1m{[0m[3mname[0m[2m=[0mk#addeef94..[1m}[0m[2m:[0m [2msui_core::consensus_handler[0m[2m:[0m [2mcrates/sui-core/src/consensus_handler.rs[0m[2m:[0m[2m232:[0m Received consensus output [3mconsensus_commit[0m[2m=[0mCommittedSubDag(leader=B500(C,Z/xN), ref=C488(/19+), blocks=[K2/V, 64h6, Z/xN]) [3mepoch[0m[2m=[0m1
[2m2025-03-25T07:57:08.538869Z[0m [32m INFO[0m [1mnode[0m[1m{[0m[3mname[0m[2m=[0mk#8dcff6d1..[1m}[0m[2m:[0m [2msui_core::checkpoints::checkpoint_output[0m[2m:[0m [2mcrates/sui-core/src/checkpoints/checkpoint_output.rs[0m[2m:[0m[2m196:[0m Certified checkpoint with sequence 700 and digest 6Qxo9byQsUJKMbhVQQBzmCuwom8vPi1r2dx5ksAPyvq9
[2m2025-03-25T07:57:08.538982Z[0m [32m INFO[0m [1mnode[0m[1m{[0m[3mname[0m[2m=[0mk#8dcff6d1..[1m}[0m[2m:[0m [2mconsensus_core::core[0m[2m:[0m [2mconsensus/core/src/core.rs[0m[2m:[0m[2m630:[0m Committing 1 leaders: B500(C,Z/xN)
[2m2025-03-25T07:57:08.538986Z[0m [32m INFO[0m [1mnode[0m[1m{[0m[3mname[0m[2m=[0mk#99f25ef6..[1m}[0m[2m:[0m [2msui_core::checkpoints::checkpoint_output[0m[2m:[0m [2mcrates/sui-core/src/checkpoints/checkpoint_output.rs[0m[2m:[0m[2m196:[0m Certified checkpoint with sequence 700 and digest 6Qxo9byQsUJKMbhVQQBzmCuwom8vPi1r2dx5ksAPyvq9
[2m2025-03-25T07:57:08.539090Z[0m [32m INFO[0m [1mnode[0m[1m{[0m[3mname[0m[2m=[0mk#99f25ef6..[1m}[0m[2m:[0m [2mconsensus_core::core[0m[2m:[0m [2mconsensus/core/src/core.rs[0m[2m:[0m[2m630:[0m Committing 1 leaders: B500(C,Z/xN)
[2m2025-03-25T07:57:08.539089Z[0m [32m INFO[0m [1mnode[0m[1m{[0m[3mname[0m[2m=[0mk#8dcff6d1..[1m}[0m[2m:[0m [2mconsensus_core::commit_observer[0m[2m:[0m [2mconsensus/core/src/commit_observer.rs[0m[2m:[0m[2m173:[0m Consensus commit C488(/19+) with leader B500(C,Z/xN) has 3 blocks
[2m2025-03-25T07:57:08.539198Z[0m [32m INFO[0m [1mnode[0m[1m{[0m[3mname[0m[2m=[0mk#99f25ef6..[1m}[0m[2m:[0m [2mconsensus_core::commit_observer[0m[2m:[0m [2mconsensus/core/src/commit_observer.rs[0m[2m:[0m[2m173:[0m Consensus commit C488(/19+) with leader B500(C,Z/xN) has 3 blocks
[2m2025-03-25T07:57:08.539574Z[0m [32m INFO[0m [1mnode[0m[1m{[0m[3mname[0m[2m=[0mk#99f25ef6..[1m}[0m[2m:[0m [2msui_core::consensus_handler[0m[2m:[0m [2mcrates/sui-core/src/consensus_handler.rs[0m[2m:[0m[2m232:[0m Received consensus output [3mconsensus_commit[0m[2m=[0mCommittedSubDag(leader=B500(C,Z/xN), ref=C488(/19+), blocks=[K2/V, 64h6, Z/xN]) [3mepoch[0m[2m=[0m1
[2m2025-03-25T07:57:08.540000Z[0m [32m INFO[0m [1mnode[0m[1m{[0m[3mname[0m[2m=[0mk#8dcff6d1..[1m}[0m[2m:[0m [2msui_core::consensus_handler[0m[2m:[0m [2mcrates/sui-core/src/consensus_handler.rs[0m[2m:[0m[2m232:[0m Received consensus output [3mconsensus_commit[0m[2m=[0mCommittedSubDag(leader=B500(C,Z/xN), ref=C488(/19+), blocks=[K2/V, 64h6, Z/xN]) [3mepoch[0m[2m=[0m1
[2m2025-03-25T07:57:08.540185Z[0m [32m INFO[0m [1mnode[0m[1m{[0m[3mname[0m[2m=[0mk#99f25ef6..[1m}[0m[2m:[0m [2msui_core::checkpoints::checkpoint_executor[0m[2m:[0m [2mcrates/sui-core/src/checkpoints/checkpoint_executor/mod.rs[0m[2m:[0m[2m332:[0m Received checkpoint summary from state sync [3msequence_number[0m[2m=[0m700
[2m2025-03-25T07:57:08.540548Z[0m [32m INFO[0m [1mnode[0m[1m{[0m[3mname[0m[2m=[0mk#8dcff6d1..[1m}[0m[2m:[0m [2msui_core::checkpoints::checkpoint_executor[0m[2m:[0m [2mcrates/sui-core/src/checkpoints/checkpoint_executor/mod.rs[0m[2m:[0m[2m332:[0m Received checkpoint summary from state sync [3msequence_number[0m[2m=[0m700
[2m2025-03-25T07:57:08.541701Z[0m [32m INFO[0m [1mnode[0m[1m{[0m[3mname[0m[2m=[0mk#99f25ef6..[1m}[0m[2m:[0m [2msui_core::state_accumulator[0m[2m:[0m [2mcrates/sui-core/src/state_accumulator.rs[0m[2m:[0m[2m675:[0m accumulating running root for checkpoint 700
[2m2025-03-25T07:57:08.541785Z[0m [32m INFO[0m [1mnode[0m[1m{[0m[3mname[0m[2m=[0mk#8dcff6d1..[1m}[0m[2m:[0m [2msui_core::state_accumulator[0m[2m:[0m [2mcrates/sui-core/src/state_accumulator.rs[0m[2m:[0m[2m675:[0m accumulating running root for checkpoint 700
[2m2025-03-25T07:57:08.554137Z[0m [32m INFO[0m [1mnode[0m[1m{[0m[3mname[0m[2m=[0mk#b3f3cbb4..[1m}[0m[2m:[0m [2msui_core::state_accumulator[0m[2m:[0m [2mcrates/sui-core/src/state_accumulator.rs[0m[2m:[0m[2m675:[0m accumulating running root for checkpoint 601
[2m2025-03-25T07:57:08.554400Z[0m [32m INFO[0m [1mnode[0m[1m{[0m[3mname[0m[2m=[0mk#b3f3cbb4..[1m}[0m[2m:[0m [2msui_core::checkpoints::checkpoint_executor[0m[2m:[0m [2mcrates/sui-core/src/checkpoints/checkpoint_executor/mod.rs[0m[2m:[0m[2m332:[0m Received checkpoint summary from state sync [3msequence_number[0m[2m=[0m673
[2m2025-03-25T07:57:08.562052Z[0m [32m INFO[0m [1mnode[0m[1m{[0m[3mname[0m[2m=[0mk#addeef94..[1m}[0m[2m:[0m [2msui_core::checkpoints[0m[2m:[0m [2mcrates/sui-core/src/checkpoints/mod.rs[0m[2m:[0m[2m1326:[0m Creating checkpoint(s) for 2 transactions [3mnext_checkpoint_seq[0m[2m=[0m701 [3mcheckpoint_timestamp[0m[2m=[0m1742889428025
[2m2025-03-25T07:57:08.562363Z[0m [32m INFO[0m [1mnode[0m[1m{[0m[3mname[0m[2m=[0mk#addeef94..[1m}[0m[2m:[0m [2msui_core::checkpoints::checkpoint_output[0m[2m:[0m [2mcrates/sui-core/src/checkpoints/checkpoint_output.rs[0m[2m:[0m[2m149:[0m Creating checkpoint CheckpointDigest(5vtCPmEdpsX5JRk4yVwU6ZswsYVGYaWVTpArCcX4G7wk) at epoch 1, sequence 701, previous digest Some(CheckpointDigest(6Qxo9byQsUJKMbhVQQBzmCuwom8vPi1r2dx5ksAPyvq9)), transactions count 2, content digest CheckpointContentsDigest(9g4YgA1EUjRGShn7oV8RjiFv4gCskJozb7A6gab8nDfE), end_of_epoch_data None
[2m2025-03-25T07:57:08.567100Z[0m [32m INFO[0m [1mnode[0m[1m{[0m[3mname[0m[2m=[0mk#addeef94..[1m}[0m[2m:[0m [2msui_core::checkpoints::checkpoint_executor[0m[2m:[0m [2mcrates/sui-core/src/checkpoints/checkpoint_executor/mod.rs[0m[2m:[0m[2m332:[0m Received checkpoint summary from state sync [3msequence_number[0m[2m=[0m700
[2m2025-03-25T07:57:08.567228Z[0m [32m INFO[0m [1mnode[0m[1m{[0m[3mname[0m[2m=[0mk#99f25ef6..[1m}[0m[2m:[0m [2msui_core::checkpoints[0m[2m:[0m [2mcrates/sui-core/src/checkpoints/mod.rs[0m[2m:[0m[2m1326:[0m Creating checkpoint(s) for 2 transactions [3mnext_checkpoint_seq[0m[2m=[0m701 [3mcheckpoint_timestamp[0m[2m=[0m1742889428025
[2m2025-03-25T07:57:08.567230Z[0m [32m INFO[0m [1mnode[0m[1m{[0m[3mname[0m[2m=[0mk#8dcff6d1..[1m}[0m[2m:[0m [2msui_core::checkpoints[0m[2m:[0m [2mcrates/sui-core/src/checkpoints/mod.rs[0m[2m:[0m[2m1326:[0m Creating checkpoint(s) for 2 transactions [3mnext_checkpoint_seq[0m[2m=[0m701 [3mcheckpoint_timestamp[0m[2m=[0m1742889428025
[2m2025-03-25T07:57:08.567495Z[0m [32m INFO[0m [1mnode[0m[1m{[0m[3mname[0m[2m=[0mk#8dcff6d1..[1m}[0m[2m:[0m [2msui_core::checkpoints::checkpoint_output[0m[2m:[0m [2mcrates/sui-core/src/checkpoints/checkpoint_output.rs[0m[2m:[0m[2m149:[0m Creating checkpoint CheckpointDigest(5vtCPmEdpsX5JRk4yVwU6ZswsYVGYaWVTpArCcX4G7wk) at epoch 1, sequence 701, previous digest Some(CheckpointDigest(6Qxo9byQsUJKMbhVQQBzmCuwom8vPi1r2dx5ksAPyvq9)), transactions count 2, content digest CheckpointContentsDigest(9g4YgA1EUjRGShn7oV8RjiFv4gCskJozb7A6gab8nDfE), end_of_epoch_data None
[2m2025-03-25T07:57:08.567495Z[0m [32m INFO[0m [1mnode[0m[1m{[0m[3mname[0m[2m=[0mk#99f25ef6..[1m}[0m[2m:[0m [2msui_core::checkpoints::checkpoint_output[0m[2m:[0m [2mcrates/sui-core/src/checkpoints/checkpoint_output.rs[0m[2m:[0m[2m149:[0m Creating checkpoint CheckpointDigest(5vtCPmEdpsX5JRk4yVwU6ZswsYVGYaWVTpArCcX4G7wk) at epoch 1, sequence 701, previous digest Some(CheckpointDigest(6Qxo9byQsUJKMbhVQQBzmCuwom8vPi1r2dx5ksAPyvq9)), transactions count 2, content digest CheckpointContentsDigest(9g4YgA1EUjRGShn7oV8RjiFv4gCskJozb7A6gab8nDfE), end_of_epoch_data None
[2m2025-03-25T07:57:08.567939Z[0m [32m INFO[0m [1mnode[0m[1m{[0m[3mname[0m[2m=[0mk#addeef94..[1m}[0m[2m:[0m [2msui_core::state_accumulator[0m[2m:[0m [2mcrates/sui-core/src/state_accumulator.rs[0m[2m:[0m[2m675:[0m accumulating running root for checkpoint 700
[2m2025-03-25T07:57:08.593628Z[0m [32m INFO[0m [1mnode[0m[1m{[0m[3mname[0m[2m=[0mk#b3f3cbb4..[1m}[0m[2m:[0m [2msui_core::state_accumulator[0m[2m:[0m [2mcrates/sui-core/src/state_accumulator.rs[0m[2m:[0m[2m675:[0m accumulating running root for checkpoint 602
[2m2025-03-25T07:57:08.594114Z[0m [32m INFO[0m [1mnode[0m[1m{[0m[3mname[0m[2m=[0mk#b3f3cbb4..[1m}[0m[2m:[0m [2msui_core::checkpoints::checkpoint_executor[0m[2m:[0m [2mcrates/sui-core/src/checkpoints/checkpoint_executor/mod.rs[0m[2m:[0m[2m332:[0m Received checkpoint summary from state sync [3msequence_number[0m[2m=[0m674
[2m2025-03-25T07:57:08.594157Z[0m [32m INFO[0m [1mnode[0m[1m{[0m[3mname[0m[2m=[0mk#b3f3cbb4..[1m}[0m[2m:[0m [2msui_core::checkpoints::checkpoint_executor[0m[2m:[0m [2mcrates/sui-core/src/checkpoints/checkpoint_executor/mod.rs[0m[2m:[0m[2m332:[0m Received checkpoint summary from state sync [3msequence_number[0m[2m=[0m675
[2m2025-03-25T07:57:08.594197Z[0m [32m INFO[0m [1mnode[0m[1m{[0m[3mname[0m[2m=[0mk#b3f3cbb4..[1m}[0m[2m:[0m [2msui_core::checkpoints::checkpoint_executor[0m[2m:[0m [2mcrates/sui-core/src/checkpoints/checkpoint_executor/mod.rs[0m[2m:[0m[2m332:[0m Received checkpoint summary from state sync [3msequence_number[0m[2m=[0m676
[2m2025-03-25T07:57:08.594237Z[0m [32m INFO[0m [1mnode[0m[1m{[0m[3mname[0m[2m=[0mk#b3f3cbb4..[1m}[0m[2m:[0m [2msui_core::checkpoints::checkpoint_executor[0m[2m:[0m [2mcrates/sui-core/src/checkpoints/checkpoint_executor/mod.rs[0m[2m:[0m[2m332:[0m Received checkpoint summary from state sync [3msequence_number[0m[2m=[0m677
[2m2025-03-25T07:57:08.594275Z[0m [32m INFO[0m [1mnode[0m[1m{[0m[3mname[0m[2m=[0mk#b3f3cbb4..[1m}[0m[2m:[0m [2msui_core::checkpoints::checkpoint_executor[0m[2m:[0m [2mcrates/sui-core/src/checkpoints/checkpoint_executor/mod.rs[0m[2m:[0m[2m332:[0m Received checkpoint summary from state sync [3msequence_number[0m[2m=[0m678
[2m2025-03-25T07:57:08.594315Z[0m [32m INFO[0m [1mnode[0m[1m{[0m[3mname[0m[2m=[0mk#b3f3cbb4..[1m}[0m[2m:[0m [2msui_core::checkpoints::checkpoint_executor[0m[2m:[0m [2mcrates/sui-core/src/checkpoints/checkpoint_executor/mod.rs[0m[2m:[0m[2m332:[0m Received checkpoint summary from state sync [3msequence_number[0m[2m=[0m679
[2m2025-03-25T07:57:08.594354Z[0m [32m INFO[0m [1mnode[0m[1m{[0m[3mname[0m[2m=[0mk#b3f3cbb4..[1m}[0m[2m:[0m [2msui_core::checkpoints::checkpoint_executor[0m[2m:[0m [2mcrates/sui-core/src/checkpoints/checkpoint_executor/mod.rs[0m[2m:[0m[2m332:[0m Received checkpoint summary from state sync [3msequence_number[0m[2m=[0m680
[2m2025-03-25T07:57:08.671259Z[0m [31mERROR[0m [1mnode[0m[1m{[0m[3mname[0m[2m=[0mk#b3f3cbb4..[1m}[0m[2m:[0m [2msui_core::transaction_orchestrator[0m[2m:[0m [2mcrates/sui-core/src/transaction_orchestrator.rs[0m[2m:[0m[2m138:[0m [3merror[0m[2m=[0mTransaction has non recoverable errors from at least 1/3 of validators: [(UserInputError { error: ObjectVersionUnavailableForConsumption { provided_obj_ref: (0xd7d7820b1d5a3802a2c50420aa60d9072814fcfac9e333ae55536bce5ecc4924, SequenceNumber(114), o#G6tFPuFyAAWMEecgda16xEPfTgTnxE2mborPfAPjqm3W), current_version: SequenceNumber(341) } }, 6666, [k#8dcff6d1.., k#99f25ef6..])].
[2m2025-03-25T07:57:08.688291Z[0m [31mERROR[0m [1mnode[0m[1m{[0m[3mname[0m[2m=[0mk#b3f3cbb4..[1m}[0m[2m:[0m[1mjson-rpc-request[0m[2m:[0m[1mexecute_transaction_block[0m[1m{[0m[3mtx_bytes[0m[2m=[0mBase64("AAAMAAECAAgAAAAAAAAAAAAhIASpKrNcMERyIJZGlcwE39sm0AfBe/UMF48Z6suYGvyhAAEMABUU+VEOtc+UzfpAe6X8W/L50OGIerAACAQAAAAAAAAAAAgAQHoQ81oAAAABAAEBAAAAAAAAAAAAAAAAAAAAAAAAAAAAAAAAAAAAAAAAAAkBAAAAAAAAAAEBAQAAAAAAAAAAAAAAAAAAAAAAAAAAAAAAAAAAAAAAAAAGAQAAAAAAAAAAAQDX14ILHVo4AqLFBCCqYNkHKBT8+snjM65VU2vOXsxJJHIAAAAAAAAAIOBhJ4oP/L/MeEv6iLQL4aZc4ZWwUnnKxr98iBo4POnhAEMBQR/3UMxhz1pomZXOftVoGFiU7s73Qh59zTatJYlubThQHBB4L0TsLex0BdIGI6p95wO2BYqo8jW+agpgYbfzdJUBAgAAAAAAAAAAAAAAAAAAAAAAAAAAAAAAAAAAAAAAAAAACwdtZXNzYWdlG2NyZWF0ZV90b2tlbl9icmlkZ2VfbWVzc2FnZQAJAQAAAQEAAQIAAQMAAQQAAQUAAQYAAQcAAQcAAAAAAAAAAAAAAAAAAAAAAAAAAAAAAAAAAAAAAAAAAAALBmJyaWRnZRZhcHByb3ZlX3Rva2VuX3RyYW5zZmVyAAMBCAACAAABCwBP9C3ZJhKxTxCTl0FsPl02Ku5l19NFnbG4AWTx+EpZwwEFnFtlPaP2J62Ft5R6FjStMFX4GyQSW32bIxeLAUa/xlUBAAAAAAAAIDZCwiGUBBRO86kq7aAUBrawEt3oQwHtrnMk32sGJ5QjT/Qt2SYSsU8Qk5dBbD5dNiruZdfTRZ2xuAFk8fhKWcNkAAAAAAAAAADh9QUAAAAAAA==") [3msignatures[0m[2m=[0m[Base64("Afgw9XKN/B2RZYa5qvYNLl2juVPUU1PTdQ1UuRDTbhXVHN80fqxmVWOIBVRRKE2tD4R1qoW7biJ73vFlHmruIk0CeAYk1RtwfaqjNexbgIg00P1m8SbZQxvHSl8zs5cplYw=")] [3mopts[0m[2m=[0mSome(SuiTransactionBlockResponseOptions { show_input: false, show_raw_input: false, show_effects: true, show_events: true, show_object_changes: false, show_balance_changes: false, show_raw_effects: false }) [3mrequest_type[0m[2m=[0mNone[1m}[0m[2m:[0m [2msui_json_rpc::transaction_execution_api[0m[2m:[0m [2mcrates/sui-json-rpc/src/transaction_execution_api.rs[0m[2m:[0m[2m334:[0m [3merror[0m[2m=[0mQuorumDriverError(NonRecoverableTransactionError { errors: [(UserInputError { error: ObjectVersionUnavailableForConsumption { provided_obj_ref: (0xd7d7820b1d5a3802a2c50420aa60d9072814fcfac9e333ae55536bce5ecc4924, SequenceNumber(114), o#G6tFPuFyAAWMEecgda16xEPfTgTnxE2mborPfAPjqm3W), current_version: SequenceNumber(341) } }, 6666, [k#8dcff6d1.., k#99f25ef6..])] })
[2m2025-03-25T07:57:08.688706Z[0m [31mERROR[0m [1mhandle_execution_task[0m[1m{[0m[3maction_key[0m[2m=[0mBridgeActionKey(0,2,0) [3mattempt_times[0m[2m=[0m5[1m}[0m[2m:[0m [2msui_bridge::action_executor[0m[2m:[0m [2mcrates/sui-bridge/src/action_executor.rs[0m[2m:[0m[2m551:[0m Sui transaction failed at signing: SuiTxFailureGeneric("RPC call failed: ErrorObject { code: ServerError(-32002), message: \"Transaction validator signing failed due to issues with transaction inputs, please review the errors and try again:\\n- Object BFCd7d7820b1d5a3802a2c50420aa60d9072814fcfac9e333ae55536bce5ecc49245409 SequenceNumber(114) o#G6tFPuFyAAWMEecgda16xEPfTgTnxE2mborPfAPjqm3W is not available for consumption, its current version: SequenceNumber(341).\", data: None }") [3maction_key[0m[2m=[0mBridgeActionKey(0,2,0) [3mtx_digest[0m[2m=[0mTransactionDigest(GDSurpEu2x2PVvpwcUqP5MTXTQ8jWoYdMxzexGq3UM9X)
[2m2025-03-25T07:57:08.688757Z[0m [32m INFO[0m [2msui_bridge::action_executor[0m[2m:[0m [2mcrates/sui-bridge/src/action_executor.rs[0m[2m:[0m[2m560:[0m Spawning future crates/sui-bridge/src/action_executor.rs:560
[2m2025-03-25T07:57:08.688935Z[0m [32m INFO[0m [1mnode[0m[1m{[0m[3mname[0m[2m=[0mk#b3f3cbb4..[1m}[0m[2m:[0m [2msui_core::state_accumulator[0m[2m:[0m [2mcrates/sui-core/src/state_accumulator.rs[0m[2m:[0m[2m675:[0m accumulating running root for checkpoint 603
[2m2025-03-25T07:57:08.689373Z[0m [32m INFO[0m [1mnode[0m[1m{[0m[3mname[0m[2m=[0mk#b3f3cbb4..[1m}[0m[2m:[0m [2msui_core::checkpoints::checkpoint_executor[0m[2m:[0m [2mcrates/sui-core/src/checkpoints/checkpoint_executor/mod.rs[0m[2m:[0m[2m332:[0m Received checkpoint summary from state sync [3msequence_number[0m[2m=[0m681
[2m2025-03-25T07:57:08.689415Z[0m [32m INFO[0m [1mnode[0m[1m{[0m[3mname[0m[2m=[0mk#b3f3cbb4..[1m}[0m[2m:[0m [2msui_core::checkpoints::checkpoint_executor[0m[2m:[0m [2mcrates/sui-core/src/checkpoints/checkpoint_executor/mod.rs[0m[2m:[0m[2m332:[0m Received checkpoint summary from state sync [3msequence_number[0m[2m=[0m682
[2m2025-03-25T07:57:08.689455Z[0m [32m INFO[0m [1mnode[0m[1m{[0m[3mname[0m[2m=[0mk#b3f3cbb4..[1m}[0m[2m:[0m [2msui_core::checkpoints::checkpoint_executor[0m[2m:[0m [2mcrates/sui-core/src/checkpoints/checkpoint_executor/mod.rs[0m[2m:[0m[2m332:[0m Received checkpoint summary from state sync [3msequence_number[0m[2m=[0m683
[2m2025-03-25T07:57:08.689495Z[0m [32m INFO[0m [1mnode[0m[1m{[0m[3mname[0m[2m=[0mk#b3f3cbb4..[1m}[0m[2m:[0m [2msui_core::checkpoints::checkpoint_executor[0m[2m:[0m [2mcrates/sui-core/src/checkpoints/checkpoint_executor/mod.rs[0m[2m:[0m[2m332:[0m Received checkpoint summary from state sync [3msequence_number[0m[2m=[0m684
[2m2025-03-25T07:57:08.689533Z[0m [32m INFO[0m [1mnode[0m[1m{[0m[3mname[0m[2m=[0mk#b3f3cbb4..[1m}[0m[2m:[0m [2msui_core::checkpoints::checkpoint_executor[0m[2m:[0m [2mcrates/sui-core/src/checkpoints/checkpoint_executor/mod.rs[0m[2m:[0m[2m332:[0m Received checkpoint summary from state sync [3msequence_number[0m[2m=[0m685
[2m2025-03-25T07:57:08.689571Z[0m [32m INFO[0m [1mnode[0m[1m{[0m[3mname[0m[2m=[0mk#b3f3cbb4..[1m}[0m[2m:[0m [2msui_core::checkpoints::checkpoint_executor[0m[2m:[0m [2mcrates/sui-core/src/checkpoints/checkpoint_executor/mod.rs[0m[2m:[0m[2m332:[0m Received checkpoint summary from state sync [3msequence_number[0m[2m=[0m686
[2m2025-03-25T07:57:08.772079Z[0m [32m INFO[0m [1mnode[0m[1m{[0m[3mname[0m[2m=[0mk#b3f3cbb4..[1m}[0m[2m:[0m [2msui_core::checkpoints::checkpoint_executor[0m[2m:[0m [2mcrates/sui-core/src/checkpoints/checkpoint_executor/mod.rs[0m[2m:[0m[2m332:[0m Received checkpoint summary from state sync [3msequence_number[0m[2m=[0m687
[2m2025-03-25T07:57:08.772217Z[0m [32m INFO[0m [1mnode[0m[1m{[0m[3mname[0m[2m=[0mk#b3f3cbb4..[1m}[0m[2m:[0m [2msui_core::checkpoints::checkpoint_executor[0m[2m:[0m [2mcrates/sui-core/src/checkpoints/checkpoint_executor/mod.rs[0m[2m:[0m[2m332:[0m Received checkpoint summary from state sync [3msequence_number[0m[2m=[0m688
[2m2025-03-25T07:57:08.777573Z[0m [32m INFO[0m [1mnode[0m[1m{[0m[3mname[0m[2m=[0mk#b3f3cbb4..[1m}[0m[2m:[0m [2msui_core::state_accumulator[0m[2m:[0m [2mcrates/sui-core/src/state_accumulator.rs[0m[2m:[0m[2m675:[0m accumulating running root for checkpoint 604
[2m2025-03-25T07:57:08.777976Z[0m [32m INFO[0m [1mnode[0m[1m{[0m[3mname[0m[2m=[0mk#b3f3cbb4..[1m}[0m[2m:[0m [2msui_core::checkpoints::checkpoint_executor[0m[2m:[0m [2mcrates/sui-core/src/checkpoints/checkpoint_executor/mod.rs[0m[2m:[0m[2m332:[0m Received checkpoint summary from state sync [3msequence_number[0m[2m=[0m689
[2m2025-03-25T07:57:08.778017Z[0m [32m INFO[0m [1mnode[0m[1m{[0m[3mname[0m[2m=[0mk#b3f3cbb4..[1m}[0m[2m:[0m [2msui_core::checkpoints::checkpoint_executor[0m[2m:[0m [2mcrates/sui-core/src/checkpoints/checkpoint_executor/mod.rs[0m[2m:[0m[2m332:[0m Received checkpoint summary from state sync [3msequence_number[0m[2m=[0m690
[2m2025-03-25T07:57:08.778058Z[0m [32m INFO[0m [1mnode[0m[1m{[0m[3mname[0m[2m=[0mk#b3f3cbb4..[1m}[0m[2m:[0m [2msui_core::checkpoints::checkpoint_executor[0m[2m:[0m [2mcrates/sui-core/src/checkpoints/checkpoint_executor/mod.rs[0m[2m:[0m[2m332:[0m Received checkpoint summary from state sync [3msequence_number[0m[2m=[0m691
[2m2025-03-25T07:57:08.778097Z[0m [32m INFO[0m [1mnode[0m[1m{[0m[3mname[0m[2m=[0mk#b3f3cbb4..[1m}[0m[2m:[0m [2msui_core::checkpoints::checkpoint_executor[0m[2m:[0m [2mcrates/sui-core/src/checkpoints/checkpoint_executor/mod.rs[0m[2m:[0m[2m332:[0m Received checkpoint summary from state sync [3msequence_number[0m[2m=[0m692
[2m2025-03-25T07:57:08.778136Z[0m [32m INFO[0m [1mnode[0m[1m{[0m[3mname[0m[2m=[0mk#b3f3cbb4..[1m}[0m[2m:[0m [2msui_core::checkpoints::checkpoint_executor[0m[2m:[0m [2mcrates/sui-core/src/checkpoints/checkpoint_executor/mod.rs[0m[2m:[0m[2m332:[0m Received checkpoint summary from state sync [3msequence_number[0m[2m=[0m693
[2m2025-03-25T07:57:08.778174Z[0m [32m INFO[0m [1mnode[0m[1m{[0m[3mname[0m[2m=[0mk#b3f3cbb4..[1m}[0m[2m:[0m [2msui_core::checkpoints::checkpoint_executor[0m[2m:[0m [2mcrates/sui-core/src/checkpoints/checkpoint_executor/mod.rs[0m[2m:[0m[2m332:[0m Received checkpoint summary from state sync [3msequence_number[0m[2m=[0m694
[2m2025-03-25T07:57:08.787965Z[0m [32m INFO[0m [1mnode[0m[1m{[0m[3mname[0m[2m=[0mk#addeef94..[1m}[0m[2m:[0m [2mconsensus_core::core[0m[2m:[0m [2mconsensus/core/src/core.rs[0m[2m:[0m[2m945:[0m Included 3 ancestors & excluded 0 ancestors for proposal in round 503
[2m2025-03-25T07:57:08.788321Z[0m [32m INFO[0m [1mnode[0m[1m{[0m[3mname[0m[2m=[0mk#addeef94..[1m}[0m[2m:[0m [2mconsensus_core::core[0m[2m:[0m [2mconsensus/core/src/core.rs[0m[2m:[0m[2m531:[0m Created block B503(C,QQrOhKwjjsOo76VPG72IT/rnVo6Q/tr5yrMP96LO8kQ=)(1742889428788ms;[B502(C,FB+qF4rKv/+bQJinOYk3XT6Kfz0p59J504kClAnqeuk=), B502(A,mYP8Kse8xcUr9FbUBsM2tVMk4xU50Vm1Ui7EHoBpRDc=), B502(B,xKJM2ShDHKh4fl3a/q+4HK7B+zU8in2fOpCWWrzSAsA=)];1t;1c) for round 503
[2m2025-03-25T07:57:08.790209Z[0m [32m INFO[0m [1mnode[0m[1m{[0m[3mname[0m[2m=[0mk#99f25ef6..[1m}[0m[2m:[0m [2mconsensus_core::core[0m[2m:[0m [2mconsensus/core/src/core.rs[0m[2m:[0m[2m945:[0m Included 3 ancestors & excluded 0 ancestors for proposal in round 503
[2m2025-03-25T07:57:08.790492Z[0m [32m INFO[0m [1mnode[0m[1m{[0m[3mname[0m[2m=[0mk#99f25ef6..[1m}[0m[2m:[0m [2mconsensus_core::core[0m[2m:[0m [2mconsensus/core/src/core.rs[0m[2m:[0m[2m531:[0m Created block B503(B,tlBv0MCOzz8dps0HMRs266/dGw9w0Kr6o7tQYJHDTn8=)(1742889428790ms;[B502(B,xKJM2ShDHKh4fl3a/q+4HK7B+zU8in2fOpCWWrzSAsA=), B502(A,mYP8Kse8xcUr9FbUBsM2tVMk4xU50Vm1Ui7EHoBpRDc=), B502(C,FB+qF4rKv/+bQJinOYk3XT6Kfz0p59J504kClAnqeuk=)];1t;1c) for round 503
[2m2025-03-25T07:57:08.790560Z[0m [32m INFO[0m [1mnode[0m[1m{[0m[3mname[0m[2m=[0mk#99f25ef6..[1m}[0m[2m:[0m [2mconsensus_core::core[0m[2m:[0m [2mconsensus/core/src/core.rs[0m[2m:[0m[2m630:[0m Committing 1 leaders: B501(C,3hJA)
[2m2025-03-25T07:57:08.790637Z[0m [32m INFO[0m [1mnode[0m[1m{[0m[3mname[0m[2m=[0mk#99f25ef6..[1m}[0m[2m:[0m [2mconsensus_core::commit_observer[0m[2m:[0m [2mconsensus/core/src/commit_observer.rs[0m[2m:[0m[2m173:[0m Consensus commit C489(Asnn) with leader B501(C,3hJA) has 3 blocks
[2m2025-03-25T07:57:08.790722Z[0m [32m INFO[0m [1mnode[0m[1m{[0m[3mname[0m[2m=[0mk#99f25ef6..[1m}[0m[2m:[0m [2msui_core::consensus_handler[0m[2m:[0m [2mcrates/sui-core/src/consensus_handler.rs[0m[2m:[0m[2m232:[0m Received consensus output [3mconsensus_commit[0m[2m=[0mCommittedSubDag(leader=B501(C,3hJA), ref=C489(Asnn), blocks=[7sg2, Q+T+, 3hJA]) [3mepoch[0m[2m=[0m1
[2m2025-03-25T07:57:08.791324Z[0m [32m INFO[0m [1mnode[0m[1m{[0m[3mname[0m[2m=[0mk#8dcff6d1..[1m}[0m[2m:[0m [2mconsensus_core::core[0m[2m:[0m [2mconsensus/core/src/core.rs[0m[2m:[0m[2m945:[0m Included 3 ancestors & excluded 0 ancestors for proposal in round 503
[2m2025-03-25T07:57:08.791617Z[0m [32m INFO[0m [1mnode[0m[1m{[0m[3mname[0m[2m=[0mk#8dcff6d1..[1m}[0m[2m:[0m [2mconsensus_core::core[0m[2m:[0m [2mconsensus/core/src/core.rs[0m[2m:[0m[2m531:[0m Created block B503(A,XgiDlJcLzPuTTNNe+I6KRFPasTM4PpsmAwmBEXsqXWE=)(1742889428791ms;[B502(A,mYP8Kse8xcUr9FbUBsM2tVMk4xU50Vm1Ui7EHoBpRDc=), B502(B,xKJM2ShDHKh4fl3a/q+4HK7B+zU8in2fOpCWWrzSAsA=), B502(C,FB+qF4rKv/+bQJinOYk3XT6Kfz0p59J504kClAnqeuk=)];1t;1c) for round 503
[2m2025-03-25T07:57:08.791690Z[0m [32m INFO[0m [1mnode[0m[1m{[0m[3mname[0m[2m=[0mk#8dcff6d1..[1m}[0m[2m:[0m [2mconsensus_core::core[0m[2m:[0m [2mconsensus/core/src/core.rs[0m[2m:[0m[2m630:[0m Committing 1 leaders: B501(C,3hJA)
[2m2025-03-25T07:57:08.791761Z[0m [32m INFO[0m [1mnode[0m[1m{[0m[3mname[0m[2m=[0mk#8dcff6d1..[1m}[0m[2m:[0m [2mconsensus_core::commit_observer[0m[2m:[0m [2mconsensus/core/src/commit_observer.rs[0m[2m:[0m[2m173:[0m Consensus commit C489(Asnn) with leader B501(C,3hJA) has 3 blocks
[2m2025-03-25T07:57:08.791843Z[0m [32m INFO[0m [1mnode[0m[1m{[0m[3mname[0m[2m=[0mk#8dcff6d1..[1m}[0m[2m:[0m [2msui_core::consensus_handler[0m[2m:[0m [2mcrates/sui-core/src/consensus_handler.rs[0m[2m:[0m[2m232:[0m Received consensus output [3mconsensus_commit[0m[2m=[0mCommittedSubDag(leader=B501(C,3hJA), ref=C489(Asnn), blocks=[7sg2, Q+T+, 3hJA]) [3mepoch[0m[2m=[0m1
[2m2025-03-25T07:57:08.793025Z[0m [32m INFO[0m [1mnode[0m[1m{[0m[3mname[0m[2m=[0mk#addeef94..[1m}[0m[2m:[0m [2mconsensus_core::core[0m[2m:[0m [2mconsensus/core/src/core.rs[0m[2m:[0m[2m630:[0m Committing 1 leaders: B501(C,3hJA)
[2m2025-03-25T07:57:08.793115Z[0m [32m INFO[0m [1mnode[0m[1m{[0m[3mname[0m[2m=[0mk#addeef94..[1m}[0m[2m:[0m [2mconsensus_core::commit_observer[0m[2m:[0m [2mconsensus/core/src/commit_observer.rs[0m[2m:[0m[2m173:[0m Consensus commit C489(Asnn) with leader B501(C,3hJA) has 3 blocks
[2m2025-03-25T07:57:08.793186Z[0m [32m INFO[0m [1mnode[0m[1m{[0m[3mname[0m[2m=[0mk#addeef94..[1m}[0m[2m:[0m [2msui_core::consensus_handler[0m[2m:[0m [2mcrates/sui-core/src/consensus_handler.rs[0m[2m:[0m[2m232:[0m Received consensus output [3mconsensus_commit[0m[2m=[0mCommittedSubDag(leader=B501(C,3hJA), ref=C489(Asnn), blocks=[7sg2, Q+T+, 3hJA]) [3mepoch[0m[2m=[0m1
[2m2025-03-25T07:57:08.838304Z[0m [32m INFO[0m [1mnode[0m[1m{[0m[3mname[0m[2m=[0mk#8dcff6d1..[1m}[0m[2m:[0m [2msui_core::checkpoints[0m[2m:[0m [2mcrates/sui-core/src/checkpoints/mod.rs[0m[2m:[0m[2m1326:[0m Creating checkpoint(s) for 1 transactions [3mnext_checkpoint_seq[0m[2m=[0m702 [3mcheckpoint_timestamp[0m[2m=[0m1742889428277
[2m2025-03-25T07:57:08.838316Z[0m [32m INFO[0m [1mnode[0m[1m{[0m[3mname[0m[2m=[0mk#99f25ef6..[1m}[0m[2m:[0m [2msui_core::checkpoints[0m[2m:[0m [2mcrates/sui-core/src/checkpoints/mod.rs[0m[2m:[0m[2m1326:[0m Creating checkpoint(s) for 1 transactions [3mnext_checkpoint_seq[0m[2m=[0m702 [3mcheckpoint_timestamp[0m[2m=[0m1742889428277
[2m2025-03-25T07:57:08.838400Z[0m [32m INFO[0m [1mnode[0m[1m{[0m[3mname[0m[2m=[0mk#addeef94..[1m}[0m[2m:[0m [2msui_core::checkpoints[0m[2m:[0m [2mcrates/sui-core/src/checkpoints/mod.rs[0m[2m:[0m[2m1326:[0m Creating checkpoint(s) for 1 transactions [3mnext_checkpoint_seq[0m[2m=[0m702 [3mcheckpoint_timestamp[0m[2m=[0m1742889428277
[2m2025-03-25T07:57:08.838546Z[0m [32m INFO[0m [1mnode[0m[1m{[0m[3mname[0m[2m=[0mk#99f25ef6..[1m}[0m[2m:[0m [2msui_core::checkpoints::checkpoint_output[0m[2m:[0m [2mcrates/sui-core/src/checkpoints/checkpoint_output.rs[0m[2m:[0m[2m149:[0m Creating checkpoint CheckpointDigest(8roJLrabbVBcvjjHnfnfGfUBPJDzYna3As9SfLrPLsrU) at epoch 1, sequence 702, previous digest Some(CheckpointDigest(5vtCPmEdpsX5JRk4yVwU6ZswsYVGYaWVTpArCcX4G7wk)), transactions count 1, content digest CheckpointContentsDigest(HkcGr5TkE18ZKvcC8W4rrve6UGSBDnRzrahgBe7MTigZ), end_of_epoch_data None
[2m2025-03-25T07:57:08.838546Z[0m [32m INFO[0m [1mnode[0m[1m{[0m[3mname[0m[2m=[0mk#8dcff6d1..[1m}[0m[2m:[0m [2msui_core::checkpoints::checkpoint_output[0m[2m:[0m [2mcrates/sui-core/src/checkpoints/checkpoint_output.rs[0m[2m:[0m[2m149:[0m Creating checkpoint CheckpointDigest(8roJLrabbVBcvjjHnfnfGfUBPJDzYna3As9SfLrPLsrU) at epoch 1, sequence 702, previous digest Some(CheckpointDigest(5vtCPmEdpsX5JRk4yVwU6ZswsYVGYaWVTpArCcX4G7wk)), transactions count 1, content digest CheckpointContentsDigest(HkcGr5TkE18ZKvcC8W4rrve6UGSBDnRzrahgBe7MTigZ), end_of_epoch_data None
[2m2025-03-25T07:57:08.838565Z[0m [32m INFO[0m [1mnode[0m[1m{[0m[3mname[0m[2m=[0mk#addeef94..[1m}[0m[2m:[0m [2msui_core::checkpoints::checkpoint_output[0m[2m:[0m [2mcrates/sui-core/src/checkpoints/checkpoint_output.rs[0m[2m:[0m[2m149:[0m Creating checkpoint CheckpointDigest(8roJLrabbVBcvjjHnfnfGfUBPJDzYna3As9SfLrPLsrU) at epoch 1, sequence 702, previous digest Some(CheckpointDigest(5vtCPmEdpsX5JRk4yVwU6ZswsYVGYaWVTpArCcX4G7wk)), transactions count 1, content digest CheckpointContentsDigest(HkcGr5TkE18ZKvcC8W4rrve6UGSBDnRzrahgBe7MTigZ), end_of_epoch_data None
[2m2025-03-25T07:57:08.841936Z[0m [32m INFO[0m [1mnode[0m[1m{[0m[3mname[0m[2m=[0mk#8dcff6d1..[1m}[0m[2m:[0m [2msui_core::checkpoints::checkpoint_output[0m[2m:[0m [2mcrates/sui-core/src/checkpoints/checkpoint_output.rs[0m[2m:[0m[2m196:[0m Certified checkpoint with sequence 701 and digest 5vtCPmEdpsX5JRk4yVwU6ZswsYVGYaWVTpArCcX4G7wk
[2m2025-03-25T07:57:08.842025Z[0m [32m INFO[0m [1mnode[0m[1m{[0m[3mname[0m[2m=[0mk#99f25ef6..[1m}[0m[2m:[0m [2msui_core::checkpoints::checkpoint_output[0m[2m:[0m [2mcrates/sui-core/src/checkpoints/checkpoint_output.rs[0m[2m:[0m[2m196:[0m Certified checkpoint with sequence 701 and digest 5vtCPmEdpsX5JRk4yVwU6ZswsYVGYaWVTpArCcX4G7wk
[2m2025-03-25T07:57:08.845224Z[0m [32m INFO[0m [1mnode[0m[1m{[0m[3mname[0m[2m=[0mk#8dcff6d1..[1m}[0m[2m:[0m [2msui_core::checkpoints::checkpoint_executor[0m[2m:[0m [2mcrates/sui-core/src/checkpoints/checkpoint_executor/mod.rs[0m[2m:[0m[2m332:[0m Received checkpoint summary from state sync [3msequence_number[0m[2m=[0m701
[2m2025-03-25T07:57:08.847504Z[0m [32m INFO[0m [1mnode[0m[1m{[0m[3mname[0m[2m=[0mk#99f25ef6..[1m}[0m[2m:[0m [2msui_core::checkpoints::checkpoint_executor[0m[2m:[0m [2mcrates/sui-core/src/checkpoints/checkpoint_executor/mod.rs[0m[2m:[0m[2m332:[0m Received checkpoint summary from state sync [3msequence_number[0m[2m=[0m701
[2m2025-03-25T07:57:08.863148Z[0m [32m INFO[0m [1mnode[0m[1m{[0m[3mname[0m[2m=[0mk#99f25ef6..[1m}[0m[2m:[0m [2msui_core::state_accumulator[0m[2m:[0m [2mcrates/sui-core/src/state_accumulator.rs[0m[2m:[0m[2m675:[0m accumulating running root for checkpoint 701
[2m2025-03-25T07:57:08.863330Z[0m [32m INFO[0m [1mnode[0m[1m{[0m[3mname[0m[2m=[0mk#8dcff6d1..[1m}[0m[2m:[0m [2msui_core::state_accumulator[0m[2m:[0m [2mcrates/sui-core/src/state_accumulator.rs[0m[2m:[0m[2m675:[0m accumulating running root for checkpoint 701
[2m2025-03-25T07:57:08.875758Z[0m [32m INFO[0m [1mnode[0m[1m{[0m[3mname[0m[2m=[0mk#b3f3cbb4..[1m}[0m[2m:[0m [2msui_core::checkpoints::checkpoint_executor[0m[2m:[0m [2mcrates/sui-core/src/checkpoints/checkpoint_executor/mod.rs[0m[2m:[0m[2m332:[0m Received checkpoint summary from state sync [3msequence_number[0m[2m=[0m695
[2m2025-03-25T07:57:08.876473Z[0m [32m INFO[0m [1mnode[0m[1m{[0m[3mname[0m[2m=[0mk#b3f3cbb4..[1m}[0m[2m:[0m [2msui_core::state_accumulator[0m[2m:[0m [2mcrates/sui-core/src/state_accumulator.rs[0m[2m:[0m[2m675:[0m accumulating running root for checkpoint 605
[2m2025-03-25T07:57:08.876694Z[0m [32m INFO[0m [1mnode[0m[1m{[0m[3mname[0m[2m=[0mk#b3f3cbb4..[1m}[0m[2m:[0m [2msui_core::checkpoints::checkpoint_executor[0m[2m:[0m [2mcrates/sui-core/src/checkpoints/checkpoint_executor/mod.rs[0m[2m:[0m[2m332:[0m Received checkpoint summary from state sync [3msequence_number[0m[2m=[0m696
[2m2025-03-25T07:57:08.876737Z[0m [32m INFO[0m [1mnode[0m[1m{[0m[3mname[0m[2m=[0mk#b3f3cbb4..[1m}[0m[2m:[0m [2msui_core::checkpoints::checkpoint_executor[0m[2m:[0m [2mcrates/sui-core/src/checkpoints/checkpoint_executor/mod.rs[0m[2m:[0m[2m332:[0m Received checkpoint summary from state sync [3msequence_number[0m[2m=[0m697
[2m2025-03-25T07:57:08.876782Z[0m [32m INFO[0m [1mnode[0m[1m{[0m[3mname[0m[2m=[0mk#b3f3cbb4..[1m}[0m[2m:[0m [2msui_core::checkpoints::checkpoint_executor[0m[2m:[0m [2mcrates/sui-core/src/checkpoints/checkpoint_executor/mod.rs[0m[2m:[0m[2m332:[0m Received checkpoint summary from state sync [3msequence_number[0m[2m=[0m698
[2m2025-03-25T07:57:08.876823Z[0m [32m INFO[0m [1mnode[0m[1m{[0m[3mname[0m[2m=[0mk#b3f3cbb4..[1m}[0m[2m:[0m [2msui_core::checkpoints::checkpoint_executor[0m[2m:[0m [2mcrates/sui-core/src/checkpoints/checkpoint_executor/mod.rs[0m[2m:[0m[2m332:[0m Received checkpoint summary from state sync [3msequence_number[0m[2m=[0m699
[2m2025-03-25T07:57:08.907323Z[0m [32m INFO[0m [1mnode[0m[1m{[0m[3mname[0m[2m=[0mk#addeef94..[1m}[0m[2m:[0m [2msui_core::checkpoints::checkpoint_executor[0m[2m:[0m [2mcrates/sui-core/src/checkpoints/checkpoint_executor/mod.rs[0m[2m:[0m[2m332:[0m Received checkpoint summary from state sync [3msequence_number[0m[2m=[0m701
[2m2025-03-25T07:57:08.908634Z[0m [32m INFO[0m [1mnode[0m[1m{[0m[3mname[0m[2m=[0mk#addeef94..[1m}[0m[2m:[0m [2msui_core::state_accumulator[0m[2m:[0m [2mcrates/sui-core/src/state_accumulator.rs[0m[2m:[0m[2m675:[0m accumulating running root for checkpoint 701
[2m2025-03-25T07:57:08.958340Z[0m [32m INFO[0m [1mnode[0m[1m{[0m[3mname[0m[2m=[0mk#b3f3cbb4..[1m}[0m[2m:[0m [2msui_core::state_accumulator[0m[2m:[0m [2mcrates/sui-core/src/state_accumulator.rs[0m[2m:[0m[2m675:[0m accumulating running root for checkpoint 606
[2m2025-03-25T07:57:09.042277Z[0m [32m INFO[0m [1mnode[0m[1m{[0m[3mname[0m[2m=[0mk#99f25ef6..[1m}[0m[2m:[0m [2mconsensus_core::core[0m[2m:[0m [2mconsensus/core/src/core.rs[0m[2m:[0m[2m945:[0m Included 3 ancestors & excluded 0 ancestors for proposal in round 504
[2m2025-03-25T07:57:09.042641Z[0m [32m INFO[0m [1mnode[0m[1m{[0m[3mname[0m[2m=[0mk#99f25ef6..[1m}[0m[2m:[0m [2mconsensus_core::core[0m[2m:[0m [2mconsensus/core/src/core.rs[0m[2m:[0m[2m531:[0m Created block B504(B,Cxw3rB8LbRzvg/7ACtJ5i/gV6cLmaIyTW83+70ti/1c=)(1742889429042ms;[B503(B,tlBv0MCOzz8dps0HMRs266/dGw9w0Kr6o7tQYJHDTn8=), B503(A,XgiDlJcLzPuTTNNe+I6KRFPasTM4PpsmAwmBEXsqXWE=), B503(C,QQrOhKwjjsOo76VPG72IT/rnVo6Q/tr5yrMP96LO8kQ=)];1t;1c) for round 504
[2m2025-03-25T07:57:09.044534Z[0m [32m INFO[0m [1mnode[0m[1m{[0m[3mname[0m[2m=[0mk#8dcff6d1..[1m}[0m[2m:[0m [2mconsensus_core::core[0m[2m:[0m [2mconsensus/core/src/core.rs[0m[2m:[0m[2m945:[0m Included 3 ancestors & excluded 0 ancestors for proposal in round 504
[2m2025-03-25T07:57:09.044575Z[0m [32m INFO[0m [1mnode[0m[1m{[0m[3mname[0m[2m=[0mk#addeef94..[1m}[0m[2m:[0m [2mconsensus_core::core[0m[2m:[0m [2mconsensus/core/src/core.rs[0m[2m:[0m[2m945:[0m Included 3 ancestors & excluded 0 ancestors for proposal in round 504
[2m2025-03-25T07:57:09.044839Z[0m [32m INFO[0m [1mnode[0m[1m{[0m[3mname[0m[2m=[0mk#8dcff6d1..[1m}[0m[2m:[0m [2mconsensus_core::core[0m[2m:[0m [2mconsensus/core/src/core.rs[0m[2m:[0m[2m531:[0m Created block B504(A,VuIvVlDgylg7AJFgaUqiS54Wy+umsrsYrjMjW8cr3N4=)(1742889429044ms;[B503(A,XgiDlJcLzPuTTNNe+I6KRFPasTM4PpsmAwmBEXsqXWE=), B503(B,tlBv0MCOzz8dps0HMRs266/dGw9w0Kr6o7tQYJHDTn8=), B503(C,QQrOhKwjjsOo76VPG72IT/rnVo6Q/tr5yrMP96LO8kQ=)];1t;1c) for round 504
[2m2025-03-25T07:57:09.044871Z[0m [32m INFO[0m [1mnode[0m[1m{[0m[3mname[0m[2m=[0mk#addeef94..[1m}[0m[2m:[0m [2mconsensus_core::core[0m[2m:[0m [2mconsensus/core/src/core.rs[0m[2m:[0m[2m531:[0m Created block B504(C,hPf7Lbinz/RNp9TG2UnSnIVXgLYIoYlu7gw4wl88ULM=)(1742889429044ms;[B503(C,QQrOhKwjjsOo76VPG72IT/rnVo6Q/tr5yrMP96LO8kQ=), B503(A,XgiDlJcLzPuTTNNe+I6KRFPasTM4PpsmAwmBEXsqXWE=), B503(B,tlBv0MCOzz8dps0HMRs266/dGw9w0Kr6o7tQYJHDTn8=)];1t;1c) for round 504
[2m2025-03-25T07:57:09.044938Z[0m [32m INFO[0m [1mnode[0m[1m{[0m[3mname[0m[2m=[0mk#addeef94..[1m}[0m[2m:[0m [2mconsensus_core::core[0m[2m:[0m [2mconsensus/core/src/core.rs[0m[2m:[0m[2m630:[0m Committing 1 leaders: B502(C,FB+q)
[2m2025-03-25T07:57:09.045063Z[0m [32m INFO[0m [1mnode[0m[1m{[0m[3mname[0m[2m=[0mk#addeef94..[1m}[0m[2m:[0m [2mconsensus_core::commit_observer[0m[2m:[0m [2mconsensus/core/src/commit_observer.rs[0m[2m:[0m[2m173:[0m Consensus commit C490(YdUK) with leader B502(C,FB+q) has 3 blocks
[2m2025-03-25T07:57:09.045147Z[0m [32m INFO[0m [1mnode[0m[1m{[0m[3mname[0m[2m=[0mk#addeef94..[1m}[0m[2m:[0m [2msui_core::consensus_handler[0m[2m:[0m [2mcrates/sui-core/src/consensus_handler.rs[0m[2m:[0m[2m232:[0m Received consensus output [3mconsensus_commit[0m[2m=[0mCommittedSubDag(leader=B502(C,FB+q), ref=C490(YdUK), blocks=[3HfM, MeJ4, FB+q]) [3mepoch[0m[2m=[0m1
[2m2025-03-25T07:57:09.046974Z[0m [32m INFO[0m [1mnode[0m[1m{[0m[3mname[0m[2m=[0mk#b3f3cbb4..[1m}[0m[2m:[0m [2msui_core::state_accumulator[0m[2m:[0m [2mcrates/sui-core/src/state_accumulator.rs[0m[2m:[0m[2m675:[0m accumulating running root for checkpoint 607
[2m2025-03-25T07:57:09.048168Z[0m [32m INFO[0m [1mnode[0m[1m{[0m[3mname[0m[2m=[0mk#8dcff6d1..[1m}[0m[2m:[0m [2msui_core::checkpoints::checkpoint_output[0m[2m:[0m [2mcrates/sui-core/src/checkpoints/checkpoint_output.rs[0m[2m:[0m[2m196:[0m Certified checkpoint with sequence 702 and digest 8roJLrabbVBcvjjHnfnfGfUBPJDzYna3As9SfLrPLsrU
[2m2025-03-25T07:57:09.048277Z[0m [32m INFO[0m [1mnode[0m[1m{[0m[3mname[0m[2m=[0mk#8dcff6d1..[1m}[0m[2m:[0m [2mconsensus_core::core[0m[2m:[0m [2mconsensus/core/src/core.rs[0m[2m:[0m[2m630:[0m Committing 1 leaders: B502(C,FB+q)
[2m2025-03-25T07:57:09.048386Z[0m [32m INFO[0m [1mnode[0m[1m{[0m[3mname[0m[2m=[0mk#8dcff6d1..[1m}[0m[2m:[0m [2mconsensus_core::commit_observer[0m[2m:[0m [2mconsensus/core/src/commit_observer.rs[0m[2m:[0m[2m173:[0m Consensus commit C490(YdUK) with leader B502(C,FB+q) has 3 blocks
[2m2025-03-25T07:57:09.048652Z[0m [32m INFO[0m [1mnode[0m[1m{[0m[3mname[0m[2m=[0mk#99f25ef6..[1m}[0m[2m:[0m [2msui_core::checkpoints::checkpoint_output[0m[2m:[0m [2mcrates/sui-core/src/checkpoints/checkpoint_output.rs[0m[2m:[0m[2m196:[0m Certified checkpoint with sequence 702 and digest 8roJLrabbVBcvjjHnfnfGfUBPJDzYna3As9SfLrPLsrU
[2m2025-03-25T07:57:09.048755Z[0m [32m INFO[0m [1mnode[0m[1m{[0m[3mname[0m[2m=[0mk#99f25ef6..[1m}[0m[2m:[0m [2mconsensus_core::core[0m[2m:[0m [2mconsensus/core/src/core.rs[0m[2m:[0m[2m630:[0m Committing 1 leaders: B502(C,FB+q)
[2m2025-03-25T07:57:09.048781Z[0m [32m INFO[0m [1mnode[0m[1m{[0m[3mname[0m[2m=[0mk#8dcff6d1..[1m}[0m[2m:[0m [2msui_core::consensus_handler[0m[2m:[0m [2mcrates/sui-core/src/consensus_handler.rs[0m[2m:[0m[2m232:[0m Received consensus output [3mconsensus_commit[0m[2m=[0mCommittedSubDag(leader=B502(C,FB+q), ref=C490(YdUK), blocks=[3HfM, MeJ4, FB+q]) [3mepoch[0m[2m=[0m1
[2m2025-03-25T07:57:09.048872Z[0m [32m INFO[0m [1mnode[0m[1m{[0m[3mname[0m[2m=[0mk#99f25ef6..[1m}[0m[2m:[0m [2mconsensus_core::commit_observer[0m[2m:[0m [2mconsensus/core/src/commit_observer.rs[0m[2m:[0m[2m173:[0m Consensus commit C490(YdUK) with leader B502(C,FB+q) has 3 blocks
[2m2025-03-25T07:57:09.049237Z[0m [32m INFO[0m [1mnode[0m[1m{[0m[3mname[0m[2m=[0mk#99f25ef6..[1m}[0m[2m:[0m [2msui_core::consensus_handler[0m[2m:[0m [2mcrates/sui-core/src/consensus_handler.rs[0m[2m:[0m[2m232:[0m Received consensus output [3mconsensus_commit[0m[2m=[0mCommittedSubDag(leader=B502(C,FB+q), ref=C490(YdUK), blocks=[3HfM, MeJ4, FB+q]) [3mepoch[0m[2m=[0m1
[2m2025-03-25T07:57:09.049366Z[0m [32m INFO[0m [1mnode[0m[1m{[0m[3mname[0m[2m=[0mk#8dcff6d1..[1m}[0m[2m:[0m [2msui_core::checkpoints::checkpoint_executor[0m[2m:[0m [2mcrates/sui-core/src/checkpoints/checkpoint_executor/mod.rs[0m[2m:[0m[2m332:[0m Received checkpoint summary from state sync [3msequence_number[0m[2m=[0m702
[2m2025-03-25T07:57:09.049776Z[0m [32m INFO[0m [1mnode[0m[1m{[0m[3mname[0m[2m=[0mk#99f25ef6..[1m}[0m[2m:[0m [2msui_core::checkpoints::checkpoint_executor[0m[2m:[0m [2mcrates/sui-core/src/checkpoints/checkpoint_executor/mod.rs[0m[2m:[0m[2m332:[0m Received checkpoint summary from state sync [3msequence_number[0m[2m=[0m702
[2m2025-03-25T07:57:09.050817Z[0m [32m INFO[0m [1mnode[0m[1m{[0m[3mname[0m[2m=[0mk#8dcff6d1..[1m}[0m[2m:[0m [2msui_core::state_accumulator[0m[2m:[0m [2mcrates/sui-core/src/state_accumulator.rs[0m[2m:[0m[2m675:[0m accumulating running root for checkpoint 702
[2m2025-03-25T07:57:09.051085Z[0m [32m INFO[0m [1mnode[0m[1m{[0m[3mname[0m[2m=[0mk#99f25ef6..[1m}[0m[2m:[0m [2msui_core::state_accumulator[0m[2m:[0m [2mcrates/sui-core/src/state_accumulator.rs[0m[2m:[0m[2m675:[0m accumulating running root for checkpoint 702
[2m2025-03-25T07:57:09.071743Z[0m [32m INFO[0m [1mnode[0m[1m{[0m[3mname[0m[2m=[0mk#addeef94..[1m}[0m[2m:[0m [2msui_core::checkpoints[0m[2m:[0m [2mcrates/sui-core/src/checkpoints/mod.rs[0m[2m:[0m[2m1326:[0m Creating checkpoint(s) for 2 transactions [3mnext_checkpoint_seq[0m[2m=[0m703 [3mcheckpoint_timestamp[0m[2m=[0m1742889428534
[2m2025-03-25T07:57:09.072049Z[0m [32m INFO[0m [1mnode[0m[1m{[0m[3mname[0m[2m=[0mk#addeef94..[1m}[0m[2m:[0m [2msui_core::checkpoints::checkpoint_output[0m[2m:[0m [2mcrates/sui-core/src/checkpoints/checkpoint_output.rs[0m[2m:[0m[2m149:[0m Creating checkpoint CheckpointDigest(9zFFrg942ivAdRhJAEhtLdEmArPgXuCE554sTmHcgqXn) at epoch 1, sequence 703, previous digest Some(CheckpointDigest(8roJLrabbVBcvjjHnfnfGfUBPJDzYna3As9SfLrPLsrU)), transactions count 2, content digest CheckpointContentsDigest(6U4TbHcTNQLqpXn1nDi5FqJ5up4MjMCFrLoAfzv12gMb), end_of_epoch_data None
[2m2025-03-25T07:57:09.076209Z[0m [32m INFO[0m [1mnode[0m[1m{[0m[3mname[0m[2m=[0mk#8dcff6d1..[1m}[0m[2m:[0m [2msui_core::checkpoints[0m[2m:[0m [2mcrates/sui-core/src/checkpoints/mod.rs[0m[2m:[0m[2m1326:[0m Creating checkpoint(s) for 2 transactions [3mnext_checkpoint_seq[0m[2m=[0m703 [3mcheckpoint_timestamp[0m[2m=[0m1742889428534
[2m2025-03-25T07:57:09.076309Z[0m [32m INFO[0m [1mnode[0m[1m{[0m[3mname[0m[2m=[0mk#addeef94..[1m}[0m[2m:[0m [2msui_core::checkpoints::checkpoint_executor[0m[2m:[0m [2mcrates/sui-core/src/checkpoints/checkpoint_executor/mod.rs[0m[2m:[0m[2m332:[0m Received checkpoint summary from state sync [3msequence_number[0m[2m=[0m702
[2m2025-03-25T07:57:09.076436Z[0m [32m INFO[0m [1mnode[0m[1m{[0m[3mname[0m[2m=[0mk#99f25ef6..[1m}[0m[2m:[0m [2msui_core::checkpoints[0m[2m:[0m [2mcrates/sui-core/src/checkpoints/mod.rs[0m[2m:[0m[2m1326:[0m Creating checkpoint(s) for 2 transactions [3mnext_checkpoint_seq[0m[2m=[0m703 [3mcheckpoint_timestamp[0m[2m=[0m1742889428534
[2m2025-03-25T07:57:09.076470Z[0m [32m INFO[0m [1mnode[0m[1m{[0m[3mname[0m[2m=[0mk#8dcff6d1..[1m}[0m[2m:[0m [2msui_core::checkpoints::checkpoint_output[0m[2m:[0m [2mcrates/sui-core/src/checkpoints/checkpoint_output.rs[0m[2m:[0m[2m149:[0m Creating checkpoint CheckpointDigest(9zFFrg942ivAdRhJAEhtLdEmArPgXuCE554sTmHcgqXn) at epoch 1, sequence 703, previous digest Some(CheckpointDigest(8roJLrabbVBcvjjHnfnfGfUBPJDzYna3As9SfLrPLsrU)), transactions count 2, content digest CheckpointContentsDigest(6U4TbHcTNQLqpXn1nDi5FqJ5up4MjMCFrLoAfzv12gMb), end_of_epoch_data None
[2m2025-03-25T07:57:09.076682Z[0m [32m INFO[0m [1mnode[0m[1m{[0m[3mname[0m[2m=[0mk#99f25ef6..[1m}[0m[2m:[0m [2msui_core::checkpoints::checkpoint_output[0m[2m:[0m [2mcrates/sui-core/src/checkpoints/checkpoint_output.rs[0m[2m:[0m[2m149:[0m Creating checkpoint CheckpointDigest(9zFFrg942ivAdRhJAEhtLdEmArPgXuCE554sTmHcgqXn) at epoch 1, sequence 703, previous digest Some(CheckpointDigest(8roJLrabbVBcvjjHnfnfGfUBPJDzYna3As9SfLrPLsrU)), transactions count 2, content digest CheckpointContentsDigest(6U4TbHcTNQLqpXn1nDi5FqJ5up4MjMCFrLoAfzv12gMb), end_of_epoch_data None
[2m2025-03-25T07:57:09.077104Z[0m [32m INFO[0m [1mnode[0m[1m{[0m[3mname[0m[2m=[0mk#addeef94..[1m}[0m[2m:[0m [2msui_core::state_accumulator[0m[2m:[0m [2mcrates/sui-core/src/state_accumulator.rs[0m[2m:[0m[2m675:[0m accumulating running root for checkpoint 702
[2m2025-03-25T07:57:09.128032Z[0m [32m INFO[0m [1mnode[0m[1m{[0m[3mname[0m[2m=[0mk#b3f3cbb4..[1m}[0m[2m:[0m [2msui_core::checkpoints::checkpoint_executor[0m[2m:[0m [2mcrates/sui-core/src/checkpoints/checkpoint_executor/mod.rs[0m[2m:[0m[2m332:[0m Received checkpoint summary from state sync [3msequence_number[0m[2m=[0m700
[2m2025-03-25T07:57:09.128384Z[0m [32m INFO[0m [1mnode[0m[1m{[0m[3mname[0m[2m=[0mk#b3f3cbb4..[1m}[0m[2m:[0m [2msui_core::state_accumulator[0m[2m:[0m [2mcrates/sui-core/src/state_accumulator.rs[0m[2m:[0m[2m675:[0m accumulating running root for checkpoint 608
[2m2025-03-25T07:57:09.216684Z[0m [32m INFO[0m [1mnode[0m[1m{[0m[3mname[0m[2m=[0mk#b3f3cbb4..[1m}[0m[2m:[0m [2msui_core::state_accumulator[0m[2m:[0m [2mcrates/sui-core/src/state_accumulator.rs[0m[2m:[0m[2m675:[0m accumulating running root for checkpoint 609
[2m2025-03-25T07:57:09.294084Z[0m [32m INFO[0m [1mnode[0m[1m{[0m[3mname[0m[2m=[0mk#b3f3cbb4..[1m}[0m[2m:[0m [2msui_core::state_accumulator[0m[2m:[0m [2mcrates/sui-core/src/state_accumulator.rs[0m[2m:[0m[2m675:[0m accumulating running root for checkpoint 610
[2m2025-03-25T07:57:09.298332Z[0m [32m INFO[0m [1mnode[0m[1m{[0m[3mname[0m[2m=[0mk#addeef94..[1m}[0m[2m:[0m [2mconsensus_core::core[0m[2m:[0m [2mconsensus/core/src/core.rs[0m[2m:[0m[2m945:[0m Included 3 ancestors & excluded 0 ancestors for proposal in round 505
[2m2025-03-25T07:57:09.298683Z[0m [32m INFO[0m [1mnode[0m[1m{[0m[3mname[0m[2m=[0mk#addeef94..[1m}[0m[2m:[0m [2mconsensus_core::core[0m[2m:[0m [2mconsensus/core/src/core.rs[0m[2m:[0m[2m531:[0m Created block B505(C,y+bH1fCANLxsaolrPaA3ZxusB29Ktab5gqoJkdZIxww=)(1742889429298ms;[B504(C,hPf7Lbinz/RNp9TG2UnSnIVXgLYIoYlu7gw4wl88ULM=), B504(A,VuIvVlDgylg7AJFgaUqiS54Wy+umsrsYrjMjW8cr3N4=), B504(B,Cxw3rB8LbRzvg/7ACtJ5i/gV6cLmaIyTW83+70ti/1c=)];1t;1c) for round 505
[2m2025-03-25T07:57:09.300566Z[0m [32m INFO[0m [1mnode[0m[1m{[0m[3mname[0m[2m=[0mk#8dcff6d1..[1m}[0m[2m:[0m [2mconsensus_core::core[0m[2m:[0m [2mconsensus/core/src/core.rs[0m[2m:[0m[2m945:[0m Included 3 ancestors & excluded 0 ancestors for proposal in round 505
[2m2025-03-25T07:57:09.300566Z[0m [32m INFO[0m [1mnode[0m[1m{[0m[3mname[0m[2m=[0mk#99f25ef6..[1m}[0m[2m:[0m [2mconsensus_core::core[0m[2m:[0m [2mconsensus/core/src/core.rs[0m[2m:[0m[2m945:[0m Included 3 ancestors & excluded 0 ancestors for proposal in round 505
[2m2025-03-25T07:57:09.300852Z[0m [32m INFO[0m [1mnode[0m[1m{[0m[3mname[0m[2m=[0mk#99f25ef6..[1m}[0m[2m:[0m [2mconsensus_core::core[0m[2m:[0m [2mconsensus/core/src/core.rs[0m[2m:[0m[2m531:[0m Created block B505(B,hBTuhXVa6jkSJhicZT+CNedjtiMSKtzrR6sJuOVJ7x4=)(1742889429300ms;[B504(B,Cxw3rB8LbRzvg/7ACtJ5i/gV6cLmaIyTW83+70ti/1c=), B504(A,VuIvVlDgylg7AJFgaUqiS54Wy+umsrsYrjMjW8cr3N4=), B504(C,hPf7Lbinz/RNp9TG2UnSnIVXgLYIoYlu7gw4wl88ULM=)];1t;1c) for round 505
[2m2025-03-25T07:57:09.300855Z[0m [32m INFO[0m [1mnode[0m[1m{[0m[3mname[0m[2m=[0mk#8dcff6d1..[1m}[0m[2m:[0m [2mconsensus_core::core[0m[2m:[0m [2mconsensus/core/src/core.rs[0m[2m:[0m[2m531:[0m Created block B505(A,EmBchBKwn2I4cBG5jJzB9v5fZt9/1/aTW9++BBeQQA8=)(1742889429300ms;[B504(A,VuIvVlDgylg7AJFgaUqiS54Wy+umsrsYrjMjW8cr3N4=), B504(B,Cxw3rB8LbRzvg/7ACtJ5i/gV6cLmaIyTW83+70ti/1c=), B504(C,hPf7Lbinz/RNp9TG2UnSnIVXgLYIoYlu7gw4wl88ULM=)];1t;1c) for round 505
[2m2025-03-25T07:57:09.300921Z[0m [32m INFO[0m [1mnode[0m[1m{[0m[3mname[0m[2m=[0mk#8dcff6d1..[1m}[0m[2m:[0m [2mconsensus_core::core[0m[2m:[0m [2mconsensus/core/src/core.rs[0m[2m:[0m[2m630:[0m Committing 1 leaders: B503(A,XgiD)
[2m2025-03-25T07:57:09.300921Z[0m [32m INFO[0m [1mnode[0m[1m{[0m[3mname[0m[2m=[0mk#99f25ef6..[1m}[0m[2m:[0m [2mconsensus_core::core[0m[2m:[0m [2mconsensus/core/src/core.rs[0m[2m:[0m[2m630:[0m Committing 1 leaders: B503(A,XgiD)
[2m2025-03-25T07:57:09.300999Z[0m [32m INFO[0m [1mnode[0m[1m{[0m[3mname[0m[2m=[0mk#8dcff6d1..[1m}[0m[2m:[0m [2mconsensus_core::commit_observer[0m[2m:[0m [2mconsensus/core/src/commit_observer.rs[0m[2m:[0m[2m173:[0m Consensus commit C491(QJw9) with leader B503(A,XgiD) has 3 blocks
[2m2025-03-25T07:57:09.301003Z[0m [32m INFO[0m [1mnode[0m[1m{[0m[3mname[0m[2m=[0mk#99f25ef6..[1m}[0m[2m:[0m [2mconsensus_core::commit_observer[0m[2m:[0m [2mconsensus/core/src/commit_observer.rs[0m[2m:[0m[2m173:[0m Consensus commit C491(QJw9) with leader B503(A,XgiD) has 3 blocks
[2m2025-03-25T07:57:09.301083Z[0m [32m INFO[0m [1mnode[0m[1m{[0m[3mname[0m[2m=[0mk#99f25ef6..[1m}[0m[2m:[0m [2msui_core::consensus_handler[0m[2m:[0m [2mcrates/sui-core/src/consensus_handler.rs[0m[2m:[0m[2m232:[0m Received consensus output [3mconsensus_commit[0m[2m=[0mCommittedSubDag(leader=B503(A,XgiD), ref=C491(QJw9), blocks=[mYP8, xKJM, XgiD]) [3mepoch[0m[2m=[0m1
[2m2025-03-25T07:57:09.301083Z[0m [32m INFO[0m [1mnode[0m[1m{[0m[3mname[0m[2m=[0mk#8dcff6d1..[1m}[0m[2m:[0m [2msui_core::consensus_handler[0m[2m:[0m [2mcrates/sui-core/src/consensus_handler.rs[0m[2m:[0m[2m232:[0m Received consensus output [3mconsensus_commit[0m[2m=[0mCommittedSubDag(leader=B503(A,XgiD), ref=C491(QJw9), blocks=[mYP8, xKJM, XgiD]) [3mepoch[0m[2m=[0m1
[2m2025-03-25T07:57:09.304736Z[0m [32m INFO[0m [1mnode[0m[1m{[0m[3mname[0m[2m=[0mk#addeef94..[1m}[0m[2m:[0m [2mconsensus_core::core[0m[2m:[0m [2mconsensus/core/src/core.rs[0m[2m:[0m[2m630:[0m Committing 1 leaders: B503(A,XgiD)
[2m2025-03-25T07:57:09.304845Z[0m [32m INFO[0m [1mnode[0m[1m{[0m[3mname[0m[2m=[0mk#addeef94..[1m}[0m[2m:[0m [2mconsensus_core::commit_observer[0m[2m:[0m [2mconsensus/core/src/commit_observer.rs[0m[2m:[0m[2m173:[0m Consensus commit C491(QJw9) with leader B503(A,XgiD) has 3 blocks
[2m2025-03-25T07:57:09.304975Z[0m [32m INFO[0m [1mnode[0m[1m{[0m[3mname[0m[2m=[0mk#addeef94..[1m}[0m[2m:[0m [2msui_core::consensus_handler[0m[2m:[0m [2mcrates/sui-core/src/consensus_handler.rs[0m[2m:[0m[2m232:[0m Received consensus output [3mconsensus_commit[0m[2m=[0mCommittedSubDag(leader=B503(A,XgiD), ref=C491(QJw9), blocks=[mYP8, xKJM, XgiD]) [3mepoch[0m[2m=[0m1
[2m2025-03-25T07:57:09.348259Z[0m [32m INFO[0m [1mnode[0m[1m{[0m[3mname[0m[2m=[0mk#8dcff6d1..[1m}[0m[2m:[0m [2msui_core::checkpoints[0m[2m:[0m [2mcrates/sui-core/src/checkpoints/mod.rs[0m[2m:[0m[2m1326:[0m Creating checkpoint(s) for 1 transactions [3mnext_checkpoint_seq[0m[2m=[0m704 [3mcheckpoint_timestamp[0m[2m=[0m1742889428791
[2m2025-03-25T07:57:09.348506Z[0m [32m INFO[0m [1mnode[0m[1m{[0m[3mname[0m[2m=[0mk#99f25ef6..[1m}[0m[2m:[0m [2msui_core::checkpoints[0m[2m:[0m [2mcrates/sui-core/src/checkpoints/mod.rs[0m[2m:[0m[2m1326:[0m Creating checkpoint(s) for 1 transactions [3mnext_checkpoint_seq[0m[2m=[0m704 [3mcheckpoint_timestamp[0m[2m=[0m1742889428791
[2m2025-03-25T07:57:09.348503Z[0m [32m INFO[0m [1mnode[0m[1m{[0m[3mname[0m[2m=[0mk#8dcff6d1..[1m}[0m[2m:[0m [2msui_core::checkpoints::checkpoint_output[0m[2m:[0m [2mcrates/sui-core/src/checkpoints/checkpoint_output.rs[0m[2m:[0m[2m149:[0m Creating checkpoint CheckpointDigest(FG5tEvcGQGQZr8r83zQxrXxK1GHSbBmLfwgB9UHsVQdR) at epoch 1, sequence 704, previous digest Some(CheckpointDigest(9zFFrg942ivAdRhJAEhtLdEmArPgXuCE554sTmHcgqXn)), transactions count 1, content digest CheckpointContentsDigest(ooW7A4sqNn4pJpDVKYjfzbwkaVSZcASQR5qGedAnmnr), end_of_epoch_data None
[2m2025-03-25T07:57:09.348672Z[0m [32m INFO[0m [1mnode[0m[1m{[0m[3mname[0m[2m=[0mk#99f25ef6..[1m}[0m[2m:[0m [2msui_core::checkpoints::checkpoint_output[0m[2m:[0m [2mcrates/sui-core/src/checkpoints/checkpoint_output.rs[0m[2m:[0m[2m149:[0m Creating checkpoint CheckpointDigest(FG5tEvcGQGQZr8r83zQxrXxK1GHSbBmLfwgB9UHsVQdR) at epoch 1, sequence 704, previous digest Some(CheckpointDigest(9zFFrg942ivAdRhJAEhtLdEmArPgXuCE554sTmHcgqXn)), transactions count 1, content digest CheckpointContentsDigest(ooW7A4sqNn4pJpDVKYjfzbwkaVSZcASQR5qGedAnmnr), end_of_epoch_data None
[2m2025-03-25T07:57:09.349962Z[0m [32m INFO[0m [1mnode[0m[1m{[0m[3mname[0m[2m=[0mk#99f25ef6..[1m}[0m[2m:[0m [2mconsensus_core::commit_syncer[0m[2m:[0m [2mconsensus/core/src/commit_syncer.rs[0m[2m:[0m[2m196:[0m Checking to schedule fetches: synced_commit_index=491, highest_handled_index=491, highest_scheduled_index=0, quorum_commit_index=489, unhandled_commits_threshold=3200
[2m2025-03-25T07:57:09.349964Z[0m [32m INFO[0m [1mnode[0m[1m{[0m[3mname[0m[2m=[0mk#addeef94..[1m}[0m[2m:[0m [2msui_core::checkpoints[0m[2m:[0m [2mcrates/sui-core/src/checkpoints/mod.rs[0m[2m:[0m[2m1326:[0m Creating checkpoint(s) for 1 transactions [3mnext_checkpoint_seq[0m[2m=[0m704 [3mcheckpoint_timestamp[0m[2m=[0m1742889428791
[2m2025-03-25T07:57:09.349962Z[0m [32m INFO[0m [1mnode[0m[1m{[0m[3mname[0m[2m=[0mk#8dcff6d1..[1m}[0m[2m:[0m [2mconsensus_core::commit_syncer[0m[2m:[0m [2mconsensus/core/src/commit_syncer.rs[0m[2m:[0m[2m196:[0m Checking to schedule fetches: synced_commit_index=491, highest_handled_index=491, highest_scheduled_index=0, quorum_commit_index=489, unhandled_commits_threshold=3200
[2m2025-03-25T07:57:09.350139Z[0m [32m INFO[0m [1mnode[0m[1m{[0m[3mname[0m[2m=[0mk#addeef94..[1m}[0m[2m:[0m [2msui_core::checkpoints::checkpoint_output[0m[2m:[0m [2mcrates/sui-core/src/checkpoints/checkpoint_output.rs[0m[2m:[0m[2m149:[0m Creating checkpoint CheckpointDigest(FG5tEvcGQGQZr8r83zQxrXxK1GHSbBmLfwgB9UHsVQdR) at epoch 1, sequence 704, previous digest Some(CheckpointDigest(9zFFrg942ivAdRhJAEhtLdEmArPgXuCE554sTmHcgqXn)), transactions count 1, content digest CheckpointContentsDigest(ooW7A4sqNn4pJpDVKYjfzbwkaVSZcASQR5qGedAnmnr), end_of_epoch_data None
[2m2025-03-25T07:57:09.351106Z[0m [32m INFO[0m [1mnode[0m[1m{[0m[3mname[0m[2m=[0mk#addeef94..[1m}[0m[2m:[0m [2mconsensus_core::commit_syncer[0m[2m:[0m [2mconsensus/core/src/commit_syncer.rs[0m[2m:[0m[2m196:[0m Checking to schedule fetches: synced_commit_index=491, highest_handled_index=491, highest_scheduled_index=0, quorum_commit_index=0, unhandled_commits_threshold=3200
[2m2025-03-25T07:57:09.352672Z[0m [32m INFO[0m [1mnode[0m[1m{[0m[3mname[0m[2m=[0mk#8dcff6d1..[1m}[0m[2m:[0m [2msui_core::checkpoints::checkpoint_output[0m[2m:[0m [2mcrates/sui-core/src/checkpoints/checkpoint_output.rs[0m[2m:[0m[2m196:[0m Certified checkpoint with sequence 703 and digest 9zFFrg942ivAdRhJAEhtLdEmArPgXuCE554sTmHcgqXn
[2m2025-03-25T07:57:09.352772Z[0m [32m INFO[0m [1mnode[0m[1m{[0m[3mname[0m[2m=[0mk#99f25ef6..[1m}[0m[2m:[0m [2msui_core::checkpoints::checkpoint_output[0m[2m:[0m [2mcrates/sui-core/src/checkpoints/checkpoint_output.rs[0m[2m:[0m[2m196:[0m Certified checkpoint with sequence 703 and digest 9zFFrg942ivAdRhJAEhtLdEmArPgXuCE554sTmHcgqXn
[2m2025-03-25T07:57:09.357382Z[0m [32m INFO[0m [1mnode[0m[1m{[0m[3mname[0m[2m=[0mk#8dcff6d1..[1m}[0m[2m:[0m [2msui_core::checkpoints::checkpoint_executor[0m[2m:[0m [2mcrates/sui-core/src/checkpoints/checkpoint_executor/mod.rs[0m[2m:[0m[2m332:[0m Received checkpoint summary from state sync [3msequence_number[0m[2m=[0m703
[2m2025-03-25T07:57:09.357751Z[0m [32m INFO[0m [1mnode[0m[1m{[0m[3mname[0m[2m=[0mk#addeef94..[1m}[0m[2m:[0m [2mconsensus_core::core[0m[2m:[0m [2mconsensus/core/src/core.rs[0m[2m:[0m[2m694:[0m Received quorum round per authority in ancestor state manager set to: [(504, 504), (504, 504), (505, 505)]
[2m2025-03-25T07:57:09.357772Z[0m [32m INFO[0m [1mnode[0m[1m{[0m[3mname[0m[2m=[0mk#addeef94..[1m}[0m[2m:[0m [2mconsensus_core::core[0m[2m:[0m [2mconsensus/core/src/core.rs[0m[2m:[0m[2m695:[0m Accepted quorum round per authority in ancestor state manager set to: [(504, 504), (504, 504), (505, 505)]
[2m2025-03-25T07:57:09.357780Z[0m [32m INFO[0m [1mnode[0m[1m{[0m[3mname[0m[2m=[0mk#addeef94..[1m}[0m[2m:[0m [2mconsensus_core::core[0m[2m:[0m [2mconsensus/core/src/core.rs[0m[2m:[0m[2m698:[0m Propagation round delay set to: 0
[2m2025-03-25T07:57:09.361117Z[0m [32m INFO[0m [1mnode[0m[1m{[0m[3mname[0m[2m=[0mk#99f25ef6..[1m}[0m[2m:[0m [2msui_core::checkpoints::checkpoint_executor[0m[2m:[0m [2mcrates/sui-core/src/checkpoints/checkpoint_executor/mod.rs[0m[2m:[0m[2m332:[0m Received checkpoint summary from state sync [3msequence_number[0m[2m=[0m703
[2m2025-03-25T07:57:09.375742Z[0m [32m INFO[0m [1mnode[0m[1m{[0m[3mname[0m[2m=[0mk#8dcff6d1..[1m}[0m[2m:[0m [2msui_core::state_accumulator[0m[2m:[0m [2mcrates/sui-core/src/state_accumulator.rs[0m[2m:[0m[2m675:[0m accumulating running root for checkpoint 703
[2m2025-03-25T07:57:09.376732Z[0m [32m INFO[0m [1mnode[0m[1m{[0m[3mname[0m[2m=[0mk#99f25ef6..[1m}[0m[2m:[0m [2msui_core::state_accumulator[0m[2m:[0m [2mcrates/sui-core/src/state_accumulator.rs[0m[2m:[0m[2m675:[0m accumulating running root for checkpoint 703
[2m2025-03-25T07:57:09.391484Z[0m [32m INFO[0m [2msui_bridge::action_executor[0m[2m:[0m [2mcrates/sui-bridge/src/action_executor.rs[0m[2m:[0m[2m579:[0m Re-enqueued certificate for execution
[2m2025-03-25T07:57:09.391513Z[0m [32m INFO[0m [2msui_bridge::action_executor[0m[2m:[0m [2mcrates/sui-bridge/src/action_executor.rs[0m[2m:[0m[2m560:[0m Future crates/sui-bridge/src/action_executor.rs:560 completed
[2m2025-03-25T07:57:09.391601Z[0m [32m INFO[0m [1mhandle_execution_task[0m[1m{[0m[3maction_key[0m[2m=[0mBridgeActionKey(0,2,0) [3mattempt_times[0m[2m=[0m6[1m}[0m[2m:[0m [2msui_bridge::action_executor[0m[2m:[0m [2mcrates/sui-bridge/src/action_executor.rs[0m[2m:[0m[2m481:[0m Received certified action for execution: SuiToEthBridgeAction(SuiToEthBridgeAction { sui_tx_digest: TransactionDigest(JDYZWo7pouDfQMZQ1svXm7rFiHM4Wx8n49TtVZxwEGXL), sui_tx_event_index: 0, sui_bridge_event: EmittedSuiToEthTokenBridgeV1 { nonce: 0, sui_chain_id: SuiCustom, eth_chain_id: EthCustom, sui_address: 0x04a92ab35c30447220964695cc04dfdb26d007c17bf50c178f19eacb981afca1, eth_address: 0xf9510eb5cf94cdfa407ba5fc5bf2f9d0e1887ab0, token_id: 4, amount_sui_adjusted: 100000000000000, tx_hash: [], event_idx: 0 } })
[2m2025-03-25T07:57:09.420052Z[0m [32m INFO[0m [1mnode[0m[1m{[0m[3mname[0m[2m=[0mk#addeef94..[1m}[0m[2m:[0m [2msui_core::checkpoints::checkpoint_executor[0m[2m:[0m [2mcrates/sui-core/src/checkpoints/checkpoint_executor/mod.rs[0m[2m:[0m[2m332:[0m Received checkpoint summary from state sync [3msequence_number[0m[2m=[0m703
[2m2025-03-25T07:57:09.421421Z[0m [32m INFO[0m [1mnode[0m[1m{[0m[3mname[0m[2m=[0mk#addeef94..[1m}[0m[2m:[0m [2msui_core::state_accumulator[0m[2m:[0m [2mcrates/sui-core/src/state_accumulator.rs[0m[2m:[0m[2m675:[0m accumulating running root for checkpoint 703
[2m2025-03-25T07:57:09.422818Z[0m [32m INFO[0m [1mnode[0m[1m{[0m[3mname[0m[2m=[0mk#8dcff6d1..[1m}[0m[2m:[0m [2mconsensus_core::core[0m[2m:[0m [2mconsensus/core/src/core.rs[0m[2m:[0m[2m694:[0m Received quorum round per authority in ancestor state manager set to: [(505, 505), (505, 505), (505, 505)]
[2m2025-03-25T07:57:09.422830Z[0m [32m INFO[0m [1mnode[0m[1m{[0m[3mname[0m[2m=[0mk#8dcff6d1..[1m}[0m[2m:[0m [2mconsensus_core::core[0m[2m:[0m [2mconsensus/core/src/core.rs[0m[2m:[0m[2m695:[0m Accepted quorum round per authority in ancestor state manager set to: [(505, 505), (505, 505), (505, 505)]
[2m2025-03-25T07:57:09.422837Z[0m [32m INFO[0m [1mnode[0m[1m{[0m[3mname[0m[2m=[0mk#8dcff6d1..[1m}[0m[2m:[0m [2mconsensus_core::core[0m[2m:[0m [2mconsensus/core/src/core.rs[0m[2m:[0m[2m698:[0m Propagation round delay set to: 0
[2m2025-03-25T07:57:09.422858Z[0m [32m INFO[0m [1mnode[0m[1m{[0m[3mname[0m[2m=[0mk#99f25ef6..[1m}[0m[2m:[0m [2mconsensus_core::core[0m[2m:[0m [2mconsensus/core/src/core.rs[0m[2m:[0m[2m694:[0m Received quorum round per authority in ancestor state manager set to: [(505, 505), (505, 505), (505, 505)]
[2m2025-03-25T07:57:09.422867Z[0m [32m INFO[0m [1mnode[0m[1m{[0m[3mname[0m[2m=[0mk#99f25ef6..[1m}[0m[2m:[0m [2mconsensus_core::core[0m[2m:[0m [2mconsensus/core/src/core.rs[0m[2m:[0m[2m695:[0m Accepted quorum round per authority in ancestor state manager set to: [(505, 505), (505, 505), (505, 505)]
[2m2025-03-25T07:57:09.422874Z[0m [32m INFO[0m [1mnode[0m[1m{[0m[3mname[0m[2m=[0mk#99f25ef6..[1m}[0m[2m:[0m [2mconsensus_core::core[0m[2m:[0m [2mconsensus/core/src/core.rs[0m[2m:[0m[2m698:[0m Propagation round delay set to: 0
[2m2025-03-25T07:57:09.505473Z[0m [32m INFO[0m [2msui_bridge::eth_syncer[0m[2m:[0m [2mcrates/sui-bridge/src/eth_syncer.rs[0m[2m:[0m[2m120:[0m Observed new finalized eth block: 191
[2m2025-03-25T07:57:09.552991Z[0m [32m INFO[0m [1mnode[0m[1m{[0m[3mname[0m[2m=[0mk#8dcff6d1..[1m}[0m[2m:[0m [2mconsensus_core::core[0m[2m:[0m [2mconsensus/core/src/core.rs[0m[2m:[0m[2m945:[0m Included 3 ancestors & excluded 0 ancestors for proposal in round 506
[2m2025-03-25T07:57:09.553360Z[0m [32m INFO[0m [1mnode[0m[1m{[0m[3mname[0m[2m=[0mk#8dcff6d1..[1m}[0m[2m:[0m [2mconsensus_core::core[0m[2m:[0m [2mconsensus/core/src/core.rs[0m[2m:[0m[2m531:[0m Created block B506(A,Y9fw4ecVRqNt4OXe24BGkIIXCgngIawSMvopEZEUlxM=)(1742889429553ms;[B505(A,EmBchBKwn2I4cBG5jJzB9v5fZt9/1/aTW9++BBeQQA8=), B505(B,hBTuhXVa6jkSJhicZT+CNedjtiMSKtzrR6sJuOVJ7x4=), B505(C,y+bH1fCANLxsaolrPaA3ZxusB29Ktab5gqoJkdZIxww=)];1t;1c) for round 506
[2m2025-03-25T07:57:09.554983Z[0m [32m INFO[0m [1mnode[0m[1m{[0m[3mname[0m[2m=[0mk#99f25ef6..[1m}[0m[2m:[0m [2mconsensus_core::core[0m[2m:[0m [2mconsensus/core/src/core.rs[0m[2m:[0m[2m945:[0m Included 3 ancestors & excluded 0 ancestors for proposal in round 506
[2m2025-03-25T07:57:09.555282Z[0m [32m INFO[0m [1mnode[0m[1m{[0m[3mname[0m[2m=[0mk#99f25ef6..[1m}[0m[2m:[0m [2mconsensus_core::core[0m[2m:[0m [2mconsensus/core/src/core.rs[0m[2m:[0m[2m531:[0m Created block B506(B,Lu8MX8g8LFr+0rPBt8Q+D51tn8/TadVfjNG+10wMUX0=)(1742889429555ms;[B505(B,hBTuhXVa6jkSJhicZT+CNedjtiMSKtzrR6sJuOVJ7x4=), B505(A,EmBchBKwn2I4cBG5jJzB9v5fZt9/1/aTW9++BBeQQA8=), B505(C,y+bH1fCANLxsaolrPaA3ZxusB29Ktab5gqoJkdZIxww=)];1t;1c) for round 506
[2m2025-03-25T07:57:09.556876Z[0m [32m INFO[0m [1mnode[0m[1m{[0m[3mname[0m[2m=[0mk#addeef94..[1m}[0m[2m:[0m [2mconsensus_core::core[0m[2m:[0m [2mconsensus/core/src/core.rs[0m[2m:[0m[2m945:[0m Included 3 ancestors & excluded 0 ancestors for proposal in round 506
[2m2025-03-25T07:57:09.557173Z[0m [32m INFO[0m [1mnode[0m[1m{[0m[3mname[0m[2m=[0mk#addeef94..[1m}[0m[2m:[0m [2mconsensus_core::core[0m[2m:[0m [2mconsensus/core/src/core.rs[0m[2m:[0m[2m531:[0m Created block B506(C,ZNcf4AHxZKHK1jOpPuZyZriaePpLP9t8kZsvbFH7G3U=)(1742889429557ms;[B505(C,y+bH1fCANLxsaolrPaA3ZxusB29Ktab5gqoJkdZIxww=), B505(A,EmBchBKwn2I4cBG5jJzB9v5fZt9/1/aTW9++BBeQQA8=), B505(B,hBTuhXVa6jkSJhicZT+CNedjtiMSKtzrR6sJuOVJ7x4=)];1t;1c) for round 506
[2m2025-03-25T07:57:09.557242Z[0m [32m INFO[0m [1mnode[0m[1m{[0m[3mname[0m[2m=[0mk#addeef94..[1m}[0m[2m:[0m [2mconsensus_core::core[0m[2m:[0m [2mconsensus/core/src/core.rs[0m[2m:[0m[2m630:[0m Committing 1 leaders: B504(C,hPf7)
[2m2025-03-25T07:57:09.557320Z[0m [32m INFO[0m [1mnode[0m[1m{[0m[3mname[0m[2m=[0mk#addeef94..[1m}[0m[2m:[0m [2mconsensus_core::commit_observer[0m[2m:[0m [2mconsensus/core/src/commit_observer.rs[0m[2m:[0m[2m173:[0m Consensus commit C492(HeKG) with leader B504(C,hPf7) has 3 blocks
[2m2025-03-25T07:57:09.557560Z[0m [32m INFO[0m [1mnode[0m[1m{[0m[3mname[0m[2m=[0mk#addeef94..[1m}[0m[2m:[0m [2msui_core::consensus_handler[0m[2m:[0m [2mcrates/sui-core/src/consensus_handler.rs[0m[2m:[0m[2m232:[0m Received consensus output [3mconsensus_commit[0m[2m=[0mCommittedSubDag(leader=B504(C,hPf7), ref=C492(HeKG), blocks=[tlBv, QQrO, hPf7]) [3mepoch[0m[2m=[0m1
[2m2025-03-25T07:57:09.560618Z[0m [32m INFO[0m [1mnode[0m[1m{[0m[3mname[0m[2m=[0mk#8dcff6d1..[1m}[0m[2m:[0m [2msui_core::checkpoints::checkpoint_output[0m[2m:[0m [2mcrates/sui-core/src/checkpoints/checkpoint_output.rs[0m[2m:[0m[2m196:[0m Certified checkpoint with sequence 704 and digest FG5tEvcGQGQZr8r83zQxrXxK1GHSbBmLfwgB9UHsVQdR
[2m2025-03-25T07:57:09.560620Z[0m [32m INFO[0m [1mnode[0m[1m{[0m[3mname[0m[2m=[0mk#99f25ef6..[1m}[0m[2m:[0m [2msui_core::checkpoints::checkpoint_output[0m[2m:[0m [2mcrates/sui-core/src/checkpoints/checkpoint_output.rs[0m[2m:[0m[2m196:[0m Certified checkpoint with sequence 704 and digest FG5tEvcGQGQZr8r83zQxrXxK1GHSbBmLfwgB9UHsVQdR
[2m2025-03-25T07:57:09.560729Z[0m [32m INFO[0m [1mnode[0m[1m{[0m[3mname[0m[2m=[0mk#8dcff6d1..[1m}[0m[2m:[0m [2mconsensus_core::core[0m[2m:[0m [2mconsensus/core/src/core.rs[0m[2m:[0m[2m630:[0m Committing 1 leaders: B504(C,hPf7)
[2m2025-03-25T07:57:09.560729Z[0m [32m INFO[0m [1mnode[0m[1m{[0m[3mname[0m[2m=[0mk#99f25ef6..[1m}[0m[2m:[0m [2mconsensus_core::core[0m[2m:[0m [2mconsensus/core/src/core.rs[0m[2m:[0m[2m630:[0m Committing 1 leaders: B504(C,hPf7)
[2m2025-03-25T07:57:09.560854Z[0m [32m INFO[0m [1mnode[0m[1m{[0m[3mname[0m[2m=[0mk#8dcff6d1..[1m}[0m[2m:[0m [2mconsensus_core::commit_observer[0m[2m:[0m [2mconsensus/core/src/commit_observer.rs[0m[2m:[0m[2m173:[0m Consensus commit C492(HeKG) with leader B504(C,hPf7) has 3 blocks
[2m2025-03-25T07:57:09.560856Z[0m [32m INFO[0m [1mnode[0m[1m{[0m[3mname[0m[2m=[0mk#99f25ef6..[1m}[0m[2m:[0m [2mconsensus_core::commit_observer[0m[2m:[0m [2mconsensus/core/src/commit_observer.rs[0m[2m:[0m[2m173:[0m Consensus commit C492(HeKG) with leader B504(C,hPf7) has 3 blocks
[2m2025-03-25T07:57:09.561276Z[0m [32m INFO[0m [1mnode[0m[1m{[0m[3mname[0m[2m=[0mk#8dcff6d1..[1m}[0m[2m:[0m [2msui_core::consensus_handler[0m[2m:[0m [2mcrates/sui-core/src/consensus_handler.rs[0m[2m:[0m[2m232:[0m Received consensus output [3mconsensus_commit[0m[2m=[0mCommittedSubDag(leader=B504(C,hPf7), ref=C492(HeKG), blocks=[tlBv, QQrO, hPf7]) [3mepoch[0m[2m=[0m1
[2m2025-03-25T07:57:09.561276Z[0m [32m INFO[0m [1mnode[0m[1m{[0m[3mname[0m[2m=[0mk#99f25ef6..[1m}[0m[2m:[0m [2msui_core::consensus_handler[0m[2m:[0m [2mcrates/sui-core/src/consensus_handler.rs[0m[2m:[0m[2m232:[0m Received consensus output [3mconsensus_commit[0m[2m=[0mCommittedSubDag(leader=B504(C,hPf7), ref=C492(HeKG), blocks=[tlBv, QQrO, hPf7]) [3mepoch[0m[2m=[0m1
[2m2025-03-25T07:57:09.561869Z[0m [32m INFO[0m [1mnode[0m[1m{[0m[3mname[0m[2m=[0mk#8dcff6d1..[1m}[0m[2m:[0m [2msui_core::checkpoints::checkpoint_executor[0m[2m:[0m [2mcrates/sui-core/src/checkpoints/checkpoint_executor/mod.rs[0m[2m:[0m[2m332:[0m Received checkpoint summary from state sync [3msequence_number[0m[2m=[0m704
[2m2025-03-25T07:57:09.561869Z[0m [32m INFO[0m [1mnode[0m[1m{[0m[3mname[0m[2m=[0mk#99f25ef6..[1m}[0m[2m:[0m [2msui_core::checkpoints::checkpoint_executor[0m[2m:[0m [2mcrates/sui-core/src/checkpoints/checkpoint_executor/mod.rs[0m[2m:[0m[2m332:[0m Received checkpoint summary from state sync [3msequence_number[0m[2m=[0m704
[2m2025-03-25T07:57:09.563448Z[0m [32m INFO[0m [1mnode[0m[1m{[0m[3mname[0m[2m=[0mk#8dcff6d1..[1m}[0m[2m:[0m [2msui_core::state_accumulator[0m[2m:[0m [2mcrates/sui-core/src/state_accumulator.rs[0m[2m:[0m[2m675:[0m accumulating running root for checkpoint 704
[2m2025-03-25T07:57:09.563448Z[0m [32m INFO[0m [1mnode[0m[1m{[0m[3mname[0m[2m=[0mk#99f25ef6..[1m}[0m[2m:[0m [2msui_core::state_accumulator[0m[2m:[0m [2mcrates/sui-core/src/state_accumulator.rs[0m[2m:[0m[2m675:[0m accumulating running root for checkpoint 704
[2m2025-03-25T07:57:09.584304Z[0m [32m INFO[0m [1mnode[0m[1m{[0m[3mname[0m[2m=[0mk#addeef94..[1m}[0m[2m:[0m [2msui_core::checkpoints[0m[2m:[0m [2mcrates/sui-core/src/checkpoints/mod.rs[0m[2m:[0m[2m1326:[0m Creating checkpoint(s) for 2 transactions [3mnext_checkpoint_seq[0m[2m=[0m705 [3mcheckpoint_timestamp[0m[2m=[0m1742889429044
[2m2025-03-25T07:57:09.584614Z[0m [32m INFO[0m [1mnode[0m[1m{[0m[3mname[0m[2m=[0mk#addeef94..[1m}[0m[2m:[0m [2msui_core::checkpoints::checkpoint_output[0m[2m:[0m [2mcrates/sui-core/src/checkpoints/checkpoint_output.rs[0m[2m:[0m[2m149:[0m Creating checkpoint CheckpointDigest(2x6zxNBBjcf93z4cPCeDSiQVqozCGZbCwSCWYzWA8xHU) at epoch 1, sequence 705, previous digest Some(CheckpointDigest(FG5tEvcGQGQZr8r83zQxrXxK1GHSbBmLfwgB9UHsVQdR)), transactions count 2, content digest CheckpointContentsDigest(8E2wYyiuaYdW72VSti7FyBGFE2txGeLR2qzBufbSBGD2), end_of_epoch_data None
[2m2025-03-25T07:57:09.587384Z[0m [32m INFO[0m [1mnode[0m[1m{[0m[3mname[0m[2m=[0mk#addeef94..[1m}[0m[2m:[0m [2msui_core::checkpoints::checkpoint_executor[0m[2m:[0m [2mcrates/sui-core/src/checkpoints/checkpoint_executor/mod.rs[0m[2m:[0m[2m332:[0m Received checkpoint summary from state sync [3msequence_number[0m[2m=[0m704
[2m2025-03-25T07:57:09.588200Z[0m [32m INFO[0m [1mnode[0m[1m{[0m[3mname[0m[2m=[0mk#addeef94..[1m}[0m[2m:[0m [2msui_core::state_accumulator[0m[2m:[0m [2mcrates/sui-core/src/state_accumulator.rs[0m[2m:[0m[2m675:[0m accumulating running root for checkpoint 704
[2m2025-03-25T07:57:09.588931Z[0m [32m INFO[0m [1mnode[0m[1m{[0m[3mname[0m[2m=[0mk#8dcff6d1..[1m}[0m[2m:[0m [2msui_core::checkpoints[0m[2m:[0m [2mcrates/sui-core/src/checkpoints/mod.rs[0m[2m:[0m[2m1326:[0m Creating checkpoint(s) for 2 transactions [3mnext_checkpoint_seq[0m[2m=[0m705 [3mcheckpoint_timestamp[0m[2m=[0m1742889429044
[2m2025-03-25T07:57:09.588938Z[0m [32m INFO[0m [1mnode[0m[1m{[0m[3mname[0m[2m=[0mk#99f25ef6..[1m}[0m[2m:[0m [2msui_core::checkpoints[0m[2m:[0m [2mcrates/sui-core/src/checkpoints/mod.rs[0m[2m:[0m[2m1326:[0m Creating checkpoint(s) for 2 transactions [3mnext_checkpoint_seq[0m[2m=[0m705 [3mcheckpoint_timestamp[0m[2m=[0m1742889429044
[2m2025-03-25T07:57:09.589204Z[0m [32m INFO[0m [1mnode[0m[1m{[0m[3mname[0m[2m=[0mk#99f25ef6..[1m}[0m[2m:[0m [2msui_core::checkpoints::checkpoint_output[0m[2m:[0m [2mcrates/sui-core/src/checkpoints/checkpoint_output.rs[0m[2m:[0m[2m149:[0m Creating checkpoint CheckpointDigest(2x6zxNBBjcf93z4cPCeDSiQVqozCGZbCwSCWYzWA8xHU) at epoch 1, sequence 705, previous digest Some(CheckpointDigest(FG5tEvcGQGQZr8r83zQxrXxK1GHSbBmLfwgB9UHsVQdR)), transactions count 2, content digest CheckpointContentsDigest(8E2wYyiuaYdW72VSti7FyBGFE2txGeLR2qzBufbSBGD2), end_of_epoch_data None
[2m2025-03-25T07:57:09.589204Z[0m [32m INFO[0m [1mnode[0m[1m{[0m[3mname[0m[2m=[0mk#8dcff6d1..[1m}[0m[2m:[0m [2msui_core::checkpoints::checkpoint_output[0m[2m:[0m [2mcrates/sui-core/src/checkpoints/checkpoint_output.rs[0m[2m:[0m[2m149:[0m Creating checkpoint CheckpointDigest(2x6zxNBBjcf93z4cPCeDSiQVqozCGZbCwSCWYzWA8xHU) at epoch 1, sequence 705, previous digest Some(CheckpointDigest(FG5tEvcGQGQZr8r83zQxrXxK1GHSbBmLfwgB9UHsVQdR)), transactions count 2, content digest CheckpointContentsDigest(8E2wYyiuaYdW72VSti7FyBGFE2txGeLR2qzBufbSBGD2), end_of_epoch_data None
[2m2025-03-25T07:57:09.809732Z[0m [32m INFO[0m [1mnode[0m[1m{[0m[3mname[0m[2m=[0mk#addeef94..[1m}[0m[2m:[0m [2mconsensus_core::core[0m[2m:[0m [2mconsensus/core/src/core.rs[0m[2m:[0m[2m945:[0m Included 3 ancestors & excluded 0 ancestors for proposal in round 507
[2m2025-03-25T07:57:09.810120Z[0m [32m INFO[0m [1mnode[0m[1m{[0m[3mname[0m[2m=[0mk#addeef94..[1m}[0m[2m:[0m [2mconsensus_core::core[0m[2m:[0m [2mconsensus/core/src/core.rs[0m[2m:[0m[2m531:[0m Created block B507(C,ZlL29PmQ08TEyKNXN9H4VgLEHMnjQLcfB4djc8DcQuA=)(1742889429810ms;[B506(C,ZNcf4AHxZKHK1jOpPuZyZriaePpLP9t8kZsvbFH7G3U=), B506(A,Y9fw4ecVRqNt4OXe24BGkIIXCgngIawSMvopEZEUlxM=), B506(B,Lu8MX8g8LFr+0rPBt8Q+D51tn8/TadVfjNG+10wMUX0=)];1t;1c) for round 507
[2m2025-03-25T07:57:09.812032Z[0m [32m INFO[0m [1mnode[0m[1m{[0m[3mname[0m[2m=[0mk#99f25ef6..[1m}[0m[2m:[0m [2mconsensus_core::core[0m[2m:[0m [2mconsensus/core/src/core.rs[0m[2m:[0m[2m945:[0m Included 3 ancestors & excluded 0 ancestors for proposal in round 507
[2m2025-03-25T07:57:09.812323Z[0m [32m INFO[0m [1mnode[0m[1m{[0m[3mname[0m[2m=[0mk#99f25ef6..[1m}[0m[2m:[0m [2mconsensus_core::core[0m[2m:[0m [2mconsensus/core/src/core.rs[0m[2m:[0m[2m531:[0m Created block B507(B,YaPNR5qt/Qvr3DRJ/s5vJqhbmrFONfJWjA23qJwhgAI=)(1742889429812ms;[B506(B,Lu8MX8g8LFr+0rPBt8Q+D51tn8/TadVfjNG+10wMUX0=), B506(A,Y9fw4ecVRqNt4OXe24BGkIIXCgngIawSMvopEZEUlxM=), B506(C,ZNcf4AHxZKHK1jOpPuZyZriaePpLP9t8kZsvbFH7G3U=)];1t;1c) for round 507
[2m2025-03-25T07:57:09.812393Z[0m [32m INFO[0m [1mnode[0m[1m{[0m[3mname[0m[2m=[0mk#99f25ef6..[1m}[0m[2m:[0m [2mconsensus_core::core[0m[2m:[0m [2mconsensus/core/src/core.rs[0m[2m:[0m[2m630:[0m Committing 1 leaders: B505(C,y+bH)
[2m2025-03-25T07:57:09.812473Z[0m [32m INFO[0m [1mnode[0m[1m{[0m[3mname[0m[2m=[0mk#99f25ef6..[1m}[0m[2m:[0m [2mconsensus_core::commit_observer[0m[2m:[0m [2mconsensus/core/src/commit_observer.rs[0m[2m:[0m[2m173:[0m Consensus commit C493(783M) with leader B505(C,y+bH) has 3 blocks
[2m2025-03-25T07:57:09.812564Z[0m [32m INFO[0m [1mnode[0m[1m{[0m[3mname[0m[2m=[0mk#99f25ef6..[1m}[0m[2m:[0m [2msui_core::consensus_handler[0m[2m:[0m [2mcrates/sui-core/src/consensus_handler.rs[0m[2m:[0m[2m232:[0m Received consensus output [3mconsensus_commit[0m[2m=[0mCommittedSubDag(leader=B505(C,y+bH), ref=C493(783M), blocks=[VuIv, Cxw3, y+bH]) [3mepoch[0m[2m=[0m1
[2m2025-03-25T07:57:09.813160Z[0m [32m INFO[0m [1mnode[0m[1m{[0m[3mname[0m[2m=[0mk#8dcff6d1..[1m}[0m[2m:[0m [2mconsensus_core::core[0m[2m:[0m [2mconsensus/core/src/core.rs[0m[2m:[0m[2m945:[0m Included 3 ancestors & excluded 0 ancestors for proposal in round 507
[2m2025-03-25T07:57:09.813454Z[0m [32m INFO[0m [1mnode[0m[1m{[0m[3mname[0m[2m=[0mk#8dcff6d1..[1m}[0m[2m:[0m [2mconsensus_core::core[0m[2m:[0m [2mconsensus/core/src/core.rs[0m[2m:[0m[2m531:[0m Created block B507(A,91Lz4cTPBWP/b6j/4XwUUuCsv4FtKUIIBc/+LQ17PrQ=)(1742889429813ms;[B506(A,Y9fw4ecVRqNt4OXe24BGkIIXCgngIawSMvopEZEUlxM=), B506(B,Lu8MX8g8LFr+0rPBt8Q+D51tn8/TadVfjNG+10wMUX0=), B506(C,ZNcf4AHxZKHK1jOpPuZyZriaePpLP9t8kZsvbFH7G3U=)];1t;1c) for round 507
[2m2025-03-25T07:57:09.813519Z[0m [32m INFO[0m [1mnode[0m[1m{[0m[3mname[0m[2m=[0mk#8dcff6d1..[1m}[0m[2m:[0m [2mconsensus_core::core[0m[2m:[0m [2mconsensus/core/src/core.rs[0m[2m:[0m[2m630:[0m Committing 1 leaders: B505(C,y+bH)
[2m2025-03-25T07:57:09.813600Z[0m [32m INFO[0m [1mnode[0m[1m{[0m[3mname[0m[2m=[0mk#8dcff6d1..[1m}[0m[2m:[0m [2mconsensus_core::commit_observer[0m[2m:[0m [2mconsensus/core/src/commit_observer.rs[0m[2m:[0m[2m173:[0m Consensus commit C493(783M) with leader B505(C,y+bH) has 3 blocks
[2m2025-03-25T07:57:09.813680Z[0m [32m INFO[0m [1mnode[0m[1m{[0m[3mname[0m[2m=[0mk#8dcff6d1..[1m}[0m[2m:[0m [2msui_core::consensus_handler[0m[2m:[0m [2mcrates/sui-core/src/consensus_handler.rs[0m[2m:[0m[2m232:[0m Received consensus output [3mconsensus_commit[0m[2m=[0mCommittedSubDag(leader=B505(C,y+bH), ref=C493(783M), blocks=[VuIv, Cxw3, y+bH]) [3mepoch[0m[2m=[0m1
[2m2025-03-25T07:57:09.815022Z[0m [32m INFO[0m [1mnode[0m[1m{[0m[3mname[0m[2m=[0mk#addeef94..[1m}[0m[2m:[0m [2mconsensus_core::core[0m[2m:[0m [2mconsensus/core/src/core.rs[0m[2m:[0m[2m630:[0m Committing 1 leaders: B505(C,y+bH)
[2m2025-03-25T07:57:09.815114Z[0m [32m INFO[0m [1mnode[0m[1m{[0m[3mname[0m[2m=[0mk#addeef94..[1m}[0m[2m:[0m [2mconsensus_core::commit_observer[0m[2m:[0m [2mconsensus/core/src/commit_observer.rs[0m[2m:[0m[2m173:[0m Consensus commit C493(783M) with leader B505(C,y+bH) has 3 blocks
[2m2025-03-25T07:57:09.815186Z[0m [32m INFO[0m [1mnode[0m[1m{[0m[3mname[0m[2m=[0mk#addeef94..[1m}[0m[2m:[0m [2msui_core::consensus_handler[0m[2m:[0m [2mcrates/sui-core/src/consensus_handler.rs[0m[2m:[0m[2m232:[0m Received consensus output [3mconsensus_commit[0m[2m=[0mCommittedSubDag(leader=B505(C,y+bH), ref=C493(783M), blocks=[VuIv, Cxw3, y+bH]) [3mepoch[0m[2m=[0m1
[2m2025-03-25T07:57:09.858751Z[0m [32m INFO[0m [1mnode[0m[1m{[0m[3mname[0m[2m=[0mk#8dcff6d1..[1m}[0m[2m:[0m [2msui_core::checkpoints[0m[2m:[0m [2mcrates/sui-core/src/checkpoints/mod.rs[0m[2m:[0m[2m1326:[0m Creating checkpoint(s) for 1 transactions [3mnext_checkpoint_seq[0m[2m=[0m706 [3mcheckpoint_timestamp[0m[2m=[0m1742889429298
[2m2025-03-25T07:57:09.858751Z[0m [32m INFO[0m [1mnode[0m[1m{[0m[3mname[0m[2m=[0mk#99f25ef6..[1m}[0m[2m:[0m [2msui_core::checkpoints[0m[2m:[0m [2mcrates/sui-core/src/checkpoints/mod.rs[0m[2m:[0m[2m1326:[0m Creating checkpoint(s) for 1 transactions [3mnext_checkpoint_seq[0m[2m=[0m706 [3mcheckpoint_timestamp[0m[2m=[0m1742889429298
[2m2025-03-25T07:57:09.858987Z[0m [32m INFO[0m [1mnode[0m[1m{[0m[3mname[0m[2m=[0mk#99f25ef6..[1m}[0m[2m:[0m [2msui_core::checkpoints::checkpoint_output[0m[2m:[0m [2mcrates/sui-core/src/checkpoints/checkpoint_output.rs[0m[2m:[0m[2m149:[0m Creating checkpoint CheckpointDigest(E8qZxhjtAxR3PfVMCeXT3TrJbtqYU4KDjjXh1gRj9GGo) at epoch 1, sequence 706, previous digest Some(CheckpointDigest(2x6zxNBBjcf93z4cPCeDSiQVqozCGZbCwSCWYzWA8xHU)), transactions count 1, content digest CheckpointContentsDigest(6LSLn17V7pmEMqdevw7qUYEDn6jWB6FbWBnoConktGrm), end_of_epoch_data None
[2m2025-03-25T07:57:09.858987Z[0m [32m INFO[0m [1mnode[0m[1m{[0m[3mname[0m[2m=[0mk#8dcff6d1..[1m}[0m[2m:[0m [2msui_core::checkpoints::checkpoint_output[0m[2m:[0m [2mcrates/sui-core/src/checkpoints/checkpoint_output.rs[0m[2m:[0m[2m149:[0m Creating checkpoint CheckpointDigest(E8qZxhjtAxR3PfVMCeXT3TrJbtqYU4KDjjXh1gRj9GGo) at epoch 1, sequence 706, previous digest Some(CheckpointDigest(2x6zxNBBjcf93z4cPCeDSiQVqozCGZbCwSCWYzWA8xHU)), transactions count 1, content digest CheckpointContentsDigest(6LSLn17V7pmEMqdevw7qUYEDn6jWB6FbWBnoConktGrm), end_of_epoch_data None
[2m2025-03-25T07:57:09.859250Z[0m [32m INFO[0m [1mnode[0m[1m{[0m[3mname[0m[2m=[0mk#addeef94..[1m}[0m[2m:[0m [2msui_core::checkpoints[0m[2m:[0m [2mcrates/sui-core/src/checkpoints/mod.rs[0m[2m:[0m[2m1326:[0m Creating checkpoint(s) for 1 transactions [3mnext_checkpoint_seq[0m[2m=[0m706 [3mcheckpoint_timestamp[0m[2m=[0m1742889429298
[2m2025-03-25T07:57:09.859417Z[0m [32m INFO[0m [1mnode[0m[1m{[0m[3mname[0m[2m=[0mk#addeef94..[1m}[0m[2m:[0m [2msui_core::checkpoints::checkpoint_output[0m[2m:[0m [2mcrates/sui-core/src/checkpoints/checkpoint_output.rs[0m[2m:[0m[2m149:[0m Creating checkpoint CheckpointDigest(E8qZxhjtAxR3PfVMCeXT3TrJbtqYU4KDjjXh1gRj9GGo) at epoch 1, sequence 706, previous digest Some(CheckpointDigest(2x6zxNBBjcf93z4cPCeDSiQVqozCGZbCwSCWYzWA8xHU)), transactions count 1, content digest CheckpointContentsDigest(6LSLn17V7pmEMqdevw7qUYEDn6jWB6FbWBnoConktGrm), end_of_epoch_data None
[2m2025-03-25T07:57:09.862333Z[0m [32m INFO[0m [1mnode[0m[1m{[0m[3mname[0m[2m=[0mk#8dcff6d1..[1m}[0m[2m:[0m [2msui_core::checkpoints::checkpoint_output[0m[2m:[0m [2mcrates/sui-core/src/checkpoints/checkpoint_output.rs[0m[2m:[0m[2m196:[0m Certified checkpoint with sequence 705 and digest 2x6zxNBBjcf93z4cPCeDSiQVqozCGZbCwSCWYzWA8xHU
[2m2025-03-25T07:57:09.862464Z[0m [32m INFO[0m [1mnode[0m[1m{[0m[3mname[0m[2m=[0mk#99f25ef6..[1m}[0m[2m:[0m [2msui_core::checkpoints::checkpoint_output[0m[2m:[0m [2mcrates/sui-core/src/checkpoints/checkpoint_output.rs[0m[2m:[0m[2m196:[0m Certified checkpoint with sequence 705 and digest 2x6zxNBBjcf93z4cPCeDSiQVqozCGZbCwSCWYzWA8xHU
[2m2025-03-25T07:57:09.865685Z[0m [32m INFO[0m [1mnode[0m[1m{[0m[3mname[0m[2m=[0mk#8dcff6d1..[1m}[0m[2m:[0m [2msui_core::checkpoints::checkpoint_executor[0m[2m:[0m [2mcrates/sui-core/src/checkpoints/checkpoint_executor/mod.rs[0m[2m:[0m[2m332:[0m Received checkpoint summary from state sync [3msequence_number[0m[2m=[0m705
[2m2025-03-25T07:57:09.868260Z[0m [32m INFO[0m [1mnode[0m[1m{[0m[3mname[0m[2m=[0mk#99f25ef6..[1m}[0m[2m:[0m [2msui_core::checkpoints::checkpoint_executor[0m[2m:[0m [2mcrates/sui-core/src/checkpoints/checkpoint_executor/mod.rs[0m[2m:[0m[2m332:[0m Received checkpoint summary from state sync [3msequence_number[0m[2m=[0m705
[2m2025-03-25T07:57:09.883878Z[0m [32m INFO[0m [1mnode[0m[1m{[0m[3mname[0m[2m=[0mk#8dcff6d1..[1m}[0m[2m:[0m [2msui_core::state_accumulator[0m[2m:[0m [2mcrates/sui-core/src/state_accumulator.rs[0m[2m:[0m[2m675:[0m accumulating running root for checkpoint 705
[2m2025-03-25T07:57:09.883881Z[0m [32m INFO[0m [1mnode[0m[1m{[0m[3mname[0m[2m=[0mk#99f25ef6..[1m}[0m[2m:[0m [2msui_core::state_accumulator[0m[2m:[0m [2mcrates/sui-core/src/state_accumulator.rs[0m[2m:[0m[2m675:[0m accumulating running root for checkpoint 705
[2m2025-03-25T07:57:09.928307Z[0m [32m INFO[0m [1mnode[0m[1m{[0m[3mname[0m[2m=[0mk#addeef94..[1m}[0m[2m:[0m [2msui_core::checkpoints::checkpoint_executor[0m[2m:[0m [2mcrates/sui-core/src/checkpoints/checkpoint_executor/mod.rs[0m[2m:[0m[2m332:[0m Received checkpoint summary from state sync [3msequence_number[0m[2m=[0m705
[2m2025-03-25T07:57:09.929681Z[0m [32m INFO[0m [1mnode[0m[1m{[0m[3mname[0m[2m=[0mk#addeef94..[1m}[0m[2m:[0m [2msui_core::state_accumulator[0m[2m:[0m [2mcrates/sui-core/src/state_accumulator.rs[0m[2m:[0m[2m675:[0m accumulating running root for checkpoint 705
[2m2025-03-25T07:57:10.064579Z[0m [32m INFO[0m [1mnode[0m[1m{[0m[3mname[0m[2m=[0mk#99f25ef6..[1m}[0m[2m:[0m [2mconsensus_core::core[0m[2m:[0m [2mconsensus/core/src/core.rs[0m[2m:[0m[2m945:[0m Included 3 ancestors & excluded 0 ancestors for proposal in round 508
[2m2025-03-25T07:57:10.064971Z[0m [32m INFO[0m [1mnode[0m[1m{[0m[3mname[0m[2m=[0mk#99f25ef6..[1m}[0m[2m:[0m [2mconsensus_core::core[0m[2m:[0m [2mconsensus/core/src/core.rs[0m[2m:[0m[2m531:[0m Created block B508(B,BGwgNyTE19diahgNVFDGuEUPi1pts+5sUxpbjdhjs7w=)(1742889430064ms;[B507(B,YaPNR5qt/Qvr3DRJ/s5vJqhbmrFONfJWjA23qJwhgAI=), B507(A,91Lz4cTPBWP/b6j/4XwUUuCsv4FtKUIIBc/+LQ17PrQ=), B507(C,ZlL29PmQ08TEyKNXN9H4VgLEHMnjQLcfB4djc8DcQuA=)];1t;1c) for round 508
[2m2025-03-25T07:57:10.066702Z[0m [32m INFO[0m [1mnode[0m[1m{[0m[3mname[0m[2m=[0mk#8dcff6d1..[1m}[0m[2m:[0m [2mconsensus_core::core[0m[2m:[0m [2mconsensus/core/src/core.rs[0m[2m:[0m[2m945:[0m Included 3 ancestors & excluded 0 ancestors for proposal in round 508
[2m2025-03-25T07:57:10.067003Z[0m [32m INFO[0m [1mnode[0m[1m{[0m[3mname[0m[2m=[0mk#8dcff6d1..[1m}[0m[2m:[0m [2mconsensus_core::core[0m[2m:[0m [2mconsensus/core/src/core.rs[0m[2m:[0m[2m531:[0m Created block B508(A,bEClcIAEJhyv0c0yKy3GNAP2ZfBJgy1oxuN1lY5NfYY=)(1742889430066ms;[B507(A,91Lz4cTPBWP/b6j/4XwUUuCsv4FtKUIIBc/+LQ17PrQ=), B507(B,YaPNR5qt/Qvr3DRJ/s5vJqhbmrFONfJWjA23qJwhgAI=), B507(C,ZlL29PmQ08TEyKNXN9H4VgLEHMnjQLcfB4djc8DcQuA=)];1t;1c) for round 508
[2m2025-03-25T07:57:10.067050Z[0m [32m INFO[0m [1mnode[0m[1m{[0m[3mname[0m[2m=[0mk#addeef94..[1m}[0m[2m:[0m [2mconsensus_core::core[0m[2m:[0m [2mconsensus/core/src/core.rs[0m[2m:[0m[2m945:[0m Included 3 ancestors & excluded 0 ancestors for proposal in round 508
[2m2025-03-25T07:57:10.067365Z[0m [32m INFO[0m [1mnode[0m[1m{[0m[3mname[0m[2m=[0mk#addeef94..[1m}[0m[2m:[0m [2mconsensus_core::core[0m[2m:[0m [2mconsensus/core/src/core.rs[0m[2m:[0m[2m531:[0m Created block B508(C,gov4EYI1YK1x6QSVBF28NzTKg/nh3pD9d4Gpd9qBk1I=)(1742889430067ms;[B507(C,ZlL29PmQ08TEyKNXN9H4VgLEHMnjQLcfB4djc8DcQuA=), B507(A,91Lz4cTPBWP/b6j/4XwUUuCsv4FtKUIIBc/+LQ17PrQ=), B507(B,YaPNR5qt/Qvr3DRJ/s5vJqhbmrFONfJWjA23qJwhgAI=)];1t;1c) for round 508
[2m2025-03-25T07:57:10.067438Z[0m [32m INFO[0m [1mnode[0m[1m{[0m[3mname[0m[2m=[0mk#addeef94..[1m}[0m[2m:[0m [2mconsensus_core::core[0m[2m:[0m [2mconsensus/core/src/core.rs[0m[2m:[0m[2m630:[0m Committing 1 leaders: B506(A,Y9fw)
[2m2025-03-25T07:57:10.067521Z[0m [32m INFO[0m [1mnode[0m[1m{[0m[3mname[0m[2m=[0mk#addeef94..[1m}[0m[2m:[0m [2mconsensus_core::commit_observer[0m[2m:[0m [2mconsensus/core/src/commit_observer.rs[0m[2m:[0m[2m173:[0m Consensus commit C494(EK+6) with leader B506(A,Y9fw) has 3 blocks
[2m2025-03-25T07:57:10.067610Z[0m [32m INFO[0m [1mnode[0m[1m{[0m[3mname[0m[2m=[0mk#addeef94..[1m}[0m[2m:[0m [2msui_core::consensus_handler[0m[2m:[0m [2mcrates/sui-core/src/consensus_handler.rs[0m[2m:[0m[2m232:[0m Received consensus output [3mconsensus_commit[0m[2m=[0mCommittedSubDag(leader=B506(A,Y9fw), ref=C494(EK+6), blocks=[EmBc, hBTu, Y9fw]) [3mepoch[0m[2m=[0m1
[2m2025-03-25T07:57:10.070733Z[0m [32m INFO[0m [1mnode[0m[1m{[0m[3mname[0m[2m=[0mk#8dcff6d1..[1m}[0m[2m:[0m [2msui_core::checkpoints::checkpoint_output[0m[2m:[0m [2mcrates/sui-core/src/checkpoints/checkpoint_output.rs[0m[2m:[0m[2m196:[0m Certified checkpoint with sequence 706 and digest E8qZxhjtAxR3PfVMCeXT3TrJbtqYU4KDjjXh1gRj9GGo
[2m2025-03-25T07:57:10.070843Z[0m [32m INFO[0m [1mnode[0m[1m{[0m[3mname[0m[2m=[0mk#8dcff6d1..[1m}[0m[2m:[0m [2mconsensus_core::core[0m[2m:[0m [2mconsensus/core/src/core.rs[0m[2m:[0m[2m630:[0m Committing 1 leaders: B506(A,Y9fw)
[2m2025-03-25T07:57:10.070956Z[0m [32m INFO[0m [1mnode[0m[1m{[0m[3mname[0m[2m=[0mk#8dcff6d1..[1m}[0m[2m:[0m [2mconsensus_core::commit_observer[0m[2m:[0m [2mconsensus/core/src/commit_observer.rs[0m[2m:[0m[2m173:[0m Consensus commit C494(EK+6) with leader B506(A,Y9fw) has 3 blocks
[2m2025-03-25T07:57:10.071053Z[0m [32m INFO[0m [1mnode[0m[1m{[0m[3mname[0m[2m=[0mk#99f25ef6..[1m}[0m[2m:[0m [2msui_core::checkpoints::checkpoint_output[0m[2m:[0m [2mcrates/sui-core/src/checkpoints/checkpoint_output.rs[0m[2m:[0m[2m196:[0m Certified checkpoint with sequence 706 and digest E8qZxhjtAxR3PfVMCeXT3TrJbtqYU4KDjjXh1gRj9GGo
[2m2025-03-25T07:57:10.071155Z[0m [32m INFO[0m [1mnode[0m[1m{[0m[3mname[0m[2m=[0mk#99f25ef6..[1m}[0m[2m:[0m [2mconsensus_core::core[0m[2m:[0m [2mconsensus/core/src/core.rs[0m[2m:[0m[2m630:[0m Committing 1 leaders: B506(A,Y9fw)
[2m2025-03-25T07:57:10.071273Z[0m [32m INFO[0m [1mnode[0m[1m{[0m[3mname[0m[2m=[0mk#99f25ef6..[1m}[0m[2m:[0m [2mconsensus_core::commit_observer[0m[2m:[0m [2mconsensus/core/src/commit_observer.rs[0m[2m:[0m[2m173:[0m Consensus commit C494(EK+6) with leader B506(A,Y9fw) has 3 blocks
[2m2025-03-25T07:57:10.071363Z[0m [32m INFO[0m [1mnode[0m[1m{[0m[3mname[0m[2m=[0mk#8dcff6d1..[1m}[0m[2m:[0m [2msui_core::consensus_handler[0m[2m:[0m [2mcrates/sui-core/src/consensus_handler.rs[0m[2m:[0m[2m232:[0m Received consensus output [3mconsensus_commit[0m[2m=[0mCommittedSubDag(leader=B506(A,Y9fw), ref=C494(EK+6), blocks=[EmBc, hBTu, Y9fw]) [3mepoch[0m[2m=[0m1
[2m2025-03-25T07:57:10.071648Z[0m [32m INFO[0m [1mnode[0m[1m{[0m[3mname[0m[2m=[0mk#99f25ef6..[1m}[0m[2m:[0m [2msui_core::consensus_handler[0m[2m:[0m [2mcrates/sui-core/src/consensus_handler.rs[0m[2m:[0m[2m232:[0m Received consensus output [3mconsensus_commit[0m[2m=[0mCommittedSubDag(leader=B506(A,Y9fw), ref=C494(EK+6), blocks=[EmBc, hBTu, Y9fw]) [3mepoch[0m[2m=[0m1
[2m2025-03-25T07:57:10.071940Z[0m [32m INFO[0m [1mnode[0m[1m{[0m[3mname[0m[2m=[0mk#8dcff6d1..[1m}[0m[2m:[0m [2msui_core::checkpoints::checkpoint_executor[0m[2m:[0m [2mcrates/sui-core/src/checkpoints/checkpoint_executor/mod.rs[0m[2m:[0m[2m332:[0m Received checkpoint summary from state sync [3msequence_number[0m[2m=[0m706
[2m2025-03-25T07:57:10.072186Z[0m [32m INFO[0m [1mnode[0m[1m{[0m[3mname[0m[2m=[0mk#99f25ef6..[1m}[0m[2m:[0m [2msui_core::checkpoints::checkpoint_executor[0m[2m:[0m [2mcrates/sui-core/src/checkpoints/checkpoint_executor/mod.rs[0m[2m:[0m[2m332:[0m Received checkpoint summary from state sync [3msequence_number[0m[2m=[0m706
[2m2025-03-25T07:57:10.073450Z[0m [32m INFO[0m [1mnode[0m[1m{[0m[3mname[0m[2m=[0mk#8dcff6d1..[1m}[0m[2m:[0m [2msui_core::state_accumulator[0m[2m:[0m [2mcrates/sui-core/src/state_accumulator.rs[0m[2m:[0m[2m675:[0m accumulating running root for checkpoint 706
[2m2025-03-25T07:57:10.073477Z[0m [32m INFO[0m [1mnode[0m[1m{[0m[3mname[0m[2m=[0mk#99f25ef6..[1m}[0m[2m:[0m [2msui_core::state_accumulator[0m[2m:[0m [2mcrates/sui-core/src/state_accumulator.rs[0m[2m:[0m[2m675:[0m accumulating running root for checkpoint 706
[2m2025-03-25T07:57:10.094444Z[0m [32m INFO[0m [1mnode[0m[1m{[0m[3mname[0m[2m=[0mk#addeef94..[1m}[0m[2m:[0m [2msui_core::checkpoints[0m[2m:[0m [2mcrates/sui-core/src/checkpoints/mod.rs[0m[2m:[0m[2m1326:[0m Creating checkpoint(s) for 2 transactions [3mnext_checkpoint_seq[0m[2m=[0m707 [3mcheckpoint_timestamp[0m[2m=[0m1742889429553
[2m2025-03-25T07:57:10.094759Z[0m [32m INFO[0m [1mnode[0m[1m{[0m[3mname[0m[2m=[0mk#addeef94..[1m}[0m[2m:[0m [2msui_core::checkpoints::checkpoint_output[0m[2m:[0m [2mcrates/sui-core/src/checkpoints/checkpoint_output.rs[0m[2m:[0m[2m149:[0m Creating checkpoint CheckpointDigest(3DtLWjszQwm1gBq88bKtALdHaX6EdXk1JuzYcs5b386i) at epoch 1, sequence 707, previous digest Some(CheckpointDigest(E8qZxhjtAxR3PfVMCeXT3TrJbtqYU4KDjjXh1gRj9GGo)), transactions count 2, content digest CheckpointContentsDigest(DG2HzXksv9ArGM9sY3wHGfnsStxDESsaJK8qgNuA8gsb), end_of_epoch_data None
[2m2025-03-25T07:57:10.098922Z[0m [32m INFO[0m [1mnode[0m[1m{[0m[3mname[0m[2m=[0mk#99f25ef6..[1m}[0m[2m:[0m [2msui_core::checkpoints[0m[2m:[0m [2mcrates/sui-core/src/checkpoints/mod.rs[0m[2m:[0m[2m1326:[0m Creating checkpoint(s) for 2 transactions [3mnext_checkpoint_seq[0m[2m=[0m707 [3mcheckpoint_timestamp[0m[2m=[0m1742889429553
[2m2025-03-25T07:57:10.098923Z[0m [32m INFO[0m [1mnode[0m[1m{[0m[3mname[0m[2m=[0mk#8dcff6d1..[1m}[0m[2m:[0m [2msui_core::checkpoints[0m[2m:[0m [2mcrates/sui-core/src/checkpoints/mod.rs[0m[2m:[0m[2m1326:[0m Creating checkpoint(s) for 2 transactions [3mnext_checkpoint_seq[0m[2m=[0m707 [3mcheckpoint_timestamp[0m[2m=[0m1742889429553
[2m2025-03-25T07:57:10.099187Z[0m [32m INFO[0m [1mnode[0m[1m{[0m[3mname[0m[2m=[0mk#8dcff6d1..[1m}[0m[2m:[0m [2msui_core::checkpoints::checkpoint_output[0m[2m:[0m [2mcrates/sui-core/src/checkpoints/checkpoint_output.rs[0m[2m:[0m[2m149:[0m Creating checkpoint CheckpointDigest(3DtLWjszQwm1gBq88bKtALdHaX6EdXk1JuzYcs5b386i) at epoch 1, sequence 707, previous digest Some(CheckpointDigest(E8qZxhjtAxR3PfVMCeXT3TrJbtqYU4KDjjXh1gRj9GGo)), transactions count 2, content digest CheckpointContentsDigest(DG2HzXksv9ArGM9sY3wHGfnsStxDESsaJK8qgNuA8gsb), end_of_epoch_data None
[2m2025-03-25T07:57:10.099188Z[0m [32m INFO[0m [1mnode[0m[1m{[0m[3mname[0m[2m=[0mk#99f25ef6..[1m}[0m[2m:[0m [2msui_core::checkpoints::checkpoint_output[0m[2m:[0m [2mcrates/sui-core/src/checkpoints/checkpoint_output.rs[0m[2m:[0m[2m149:[0m Creating checkpoint CheckpointDigest(3DtLWjszQwm1gBq88bKtALdHaX6EdXk1JuzYcs5b386i) at epoch 1, sequence 707, previous digest Some(CheckpointDigest(E8qZxhjtAxR3PfVMCeXT3TrJbtqYU4KDjjXh1gRj9GGo)), transactions count 2, content digest CheckpointContentsDigest(DG2HzXksv9ArGM9sY3wHGfnsStxDESsaJK8qgNuA8gsb), end_of_epoch_data None
[2m2025-03-25T07:57:10.100898Z[0m [32m INFO[0m [1mnode[0m[1m{[0m[3mname[0m[2m=[0mk#addeef94..[1m}[0m[2m:[0m [2msui_core::checkpoints::checkpoint_executor[0m[2m:[0m [2mcrates/sui-core/src/checkpoints/checkpoint_executor/mod.rs[0m[2m:[0m[2m332:[0m Received checkpoint summary from state sync [3msequence_number[0m[2m=[0m706
[2m2025-03-25T07:57:10.101753Z[0m [32m INFO[0m [1mnode[0m[1m{[0m[3mname[0m[2m=[0mk#addeef94..[1m}[0m[2m:[0m [2msui_core::state_accumulator[0m[2m:[0m [2mcrates/sui-core/src/state_accumulator.rs[0m[2m:[0m[2m675:[0m accumulating running root for checkpoint 706
[2m2025-03-25T07:57:10.319806Z[0m [32m INFO[0m [1mnode[0m[1m{[0m[3mname[0m[2m=[0mk#addeef94..[1m}[0m[2m:[0m [2mconsensus_core::core[0m[2m:[0m [2mconsensus/core/src/core.rs[0m[2m:[0m[2m945:[0m Included 3 ancestors & excluded 0 ancestors for proposal in round 509
[2m2025-03-25T07:57:10.320284Z[0m [32m INFO[0m [1mnode[0m[1m{[0m[3mname[0m[2m=[0mk#addeef94..[1m}[0m[2m:[0m [2mconsensus_core::core[0m[2m:[0m [2mconsensus/core/src/core.rs[0m[2m:[0m[2m531:[0m Created block B509(C,zmBLGrCDX7iBP6682xgHS3EPT5m7mf3cRsFtQlkxSLY=)(1742889430320ms;[B508(C,gov4EYI1YK1x6QSVBF28NzTKg/nh3pD9d4Gpd9qBk1I=), B508(A,bEClcIAEJhyv0c0yKy3GNAP2ZfBJgy1oxuN1lY5NfYY=), B508(B,BGwgNyTE19diahgNVFDGuEUPi1pts+5sUxpbjdhjs7w=)];1t;1c) for round 509
[2m2025-03-25T07:57:10.322406Z[0m [32m INFO[0m [1mnode[0m[1m{[0m[3mname[0m[2m=[0mk#99f25ef6..[1m}[0m[2m:[0m [2mconsensus_core::core[0m[2m:[0m [2mconsensus/core/src/core.rs[0m[2m:[0m[2m945:[0m Included 3 ancestors & excluded 0 ancestors for proposal in round 509
[2m2025-03-25T07:57:10.322406Z[0m [32m INFO[0m [1mnode[0m[1m{[0m[3mname[0m[2m=[0mk#8dcff6d1..[1m}[0m[2m:[0m [2mconsensus_core::core[0m[2m:[0m [2mconsensus/core/src/core.rs[0m[2m:[0m[2m945:[0m Included 3 ancestors & excluded 0 ancestors for proposal in round 509
[2m2025-03-25T07:57:10.322700Z[0m [32m INFO[0m [1mnode[0m[1m{[0m[3mname[0m[2m=[0mk#99f25ef6..[1m}[0m[2m:[0m [2mconsensus_core::core[0m[2m:[0m [2mconsensus/core/src/core.rs[0m[2m:[0m[2m531:[0m Created block B509(B,rjOh7z2K+9X39lqqT93l8owlw6Da4pt9cg+nP1ljDnY=)(1742889430322ms;[B508(B,BGwgNyTE19diahgNVFDGuEUPi1pts+5sUxpbjdhjs7w=), B508(A,bEClcIAEJhyv0c0yKy3GNAP2ZfBJgy1oxuN1lY5NfYY=), B508(C,gov4EYI1YK1x6QSVBF28NzTKg/nh3pD9d4Gpd9qBk1I=)];1t;1c) for round 509
[2m2025-03-25T07:57:10.322702Z[0m [32m INFO[0m [1mnode[0m[1m{[0m[3mname[0m[2m=[0mk#8dcff6d1..[1m}[0m[2m:[0m [2mconsensus_core::core[0m[2m:[0m [2mconsensus/core/src/core.rs[0m[2m:[0m[2m531:[0m Created block B509(A,TRhMi4GYYGKNtSGR/fBjtalEAJTmVOVfaiaGYMxI9Z4=)(1742889430322ms;[B508(A,bEClcIAEJhyv0c0yKy3GNAP2ZfBJgy1oxuN1lY5NfYY=), B508(B,BGwgNyTE19diahgNVFDGuEUPi1pts+5sUxpbjdhjs7w=), B508(C,gov4EYI1YK1x6QSVBF28NzTKg/nh3pD9d4Gpd9qBk1I=)];1t;1c) for round 509
[2m2025-03-25T07:57:10.322771Z[0m [32m INFO[0m [1mnode[0m[1m{[0m[3mname[0m[2m=[0mk#99f25ef6..[1m}[0m[2m:[0m [2mconsensus_core::core[0m[2m:[0m [2mconsensus/core/src/core.rs[0m[2m:[0m[2m630:[0m Committing 1 leaders: B507(B,YaPN)
[2m2025-03-25T07:57:10.322771Z[0m [32m INFO[0m [1mnode[0m[1m{[0m[3mname[0m[2m=[0mk#8dcff6d1..[1m}[0m[2m:[0m [2mconsensus_core::core[0m[2m:[0m [2mconsensus/core/src/core.rs[0m[2m:[0m[2m630:[0m Committing 1 leaders: B507(B,YaPN)
[2m2025-03-25T07:57:10.322854Z[0m [32m INFO[0m [1mnode[0m[1m{[0m[3mname[0m[2m=[0mk#99f25ef6..[1m}[0m[2m:[0m [2mconsensus_core::commit_observer[0m[2m:[0m [2mconsensus/core/src/commit_observer.rs[0m[2m:[0m[2m173:[0m Consensus commit C495(w7yi) with leader B507(B,YaPN) has 3 blocks
[2m2025-03-25T07:57:10.322854Z[0m [32m INFO[0m [1mnode[0m[1m{[0m[3mname[0m[2m=[0mk#8dcff6d1..[1m}[0m[2m:[0m [2mconsensus_core::commit_observer[0m[2m:[0m [2mconsensus/core/src/commit_observer.rs[0m[2m:[0m[2m173:[0m Consensus commit C495(w7yi) with leader B507(B,YaPN) has 3 blocks
[2m2025-03-25T07:57:10.322947Z[0m [32m INFO[0m [1mnode[0m[1m{[0m[3mname[0m[2m=[0mk#99f25ef6..[1m}[0m[2m:[0m [2msui_core::consensus_handler[0m[2m:[0m [2mcrates/sui-core/src/consensus_handler.rs[0m[2m:[0m[2m232:[0m Received consensus output [3mconsensus_commit[0m[2m=[0mCommittedSubDag(leader=B507(B,YaPN), ref=C495(w7yi), blocks=[Lu8M, ZNcf, YaPN]) [3mepoch[0m[2m=[0m1
[2m2025-03-25T07:57:10.322947Z[0m [32m INFO[0m [1mnode[0m[1m{[0m[3mname[0m[2m=[0mk#8dcff6d1..[1m}[0m[2m:[0m [2msui_core::consensus_handler[0m[2m:[0m [2mcrates/sui-core/src/consensus_handler.rs[0m[2m:[0m[2m232:[0m Received consensus output [3mconsensus_commit[0m[2m=[0mCommittedSubDag(leader=B507(B,YaPN), ref=C495(w7yi), blocks=[Lu8M, ZNcf, YaPN]) [3mepoch[0m[2m=[0m1
[2m2025-03-25T07:57:10.326717Z[0m [32m INFO[0m [1mnode[0m[1m{[0m[3mname[0m[2m=[0mk#addeef94..[1m}[0m[2m:[0m [2mconsensus_core::core[0m[2m:[0m [2mconsensus/core/src/core.rs[0m[2m:[0m[2m630:[0m Committing 1 leaders: B507(B,YaPN)
[2m2025-03-25T07:57:10.326819Z[0m [32m INFO[0m [1mnode[0m[1m{[0m[3mname[0m[2m=[0mk#addeef94..[1m}[0m[2m:[0m [2mconsensus_core::commit_observer[0m[2m:[0m [2mconsensus/core/src/commit_observer.rs[0m[2m:[0m[2m173:[0m Consensus commit C495(w7yi) with leader B507(B,YaPN) has 3 blocks
[2m2025-03-25T07:57:10.326948Z[0m [32m INFO[0m [1mnode[0m[1m{[0m[3mname[0m[2m=[0mk#addeef94..[1m}[0m[2m:[0m [2msui_core::consensus_handler[0m[2m:[0m [2mcrates/sui-core/src/consensus_handler.rs[0m[2m:[0m[2m232:[0m Received consensus output [3mconsensus_commit[0m[2m=[0mCommittedSubDag(leader=B507(B,YaPN), ref=C495(w7yi), blocks=[Lu8M, ZNcf, YaPN]) [3mepoch[0m[2m=[0m1
[2m2025-03-25T07:57:10.376667Z[0m [32m INFO[0m [1mnode[0m[1m{[0m[3mname[0m[2m=[0mk#8dcff6d1..[1m}[0m[2m:[0m [2msui_core::checkpoints[0m[2m:[0m [2mcrates/sui-core/src/checkpoints/mod.rs[0m[2m:[0m[2m1326:[0m Creating checkpoint(s) for 1 transactions [3mnext_checkpoint_seq[0m[2m=[0m708 [3mcheckpoint_timestamp[0m[2m=[0m1742889429812
[2m2025-03-25T07:57:10.376932Z[0m [32m INFO[0m [1mnode[0m[1m{[0m[3mname[0m[2m=[0mk#8dcff6d1..[1m}[0m[2m:[0m [2msui_core::checkpoints::checkpoint_output[0m[2m:[0m [2mcrates/sui-core/src/checkpoints/checkpoint_output.rs[0m[2m:[0m[2m149:[0m Creating checkpoint CheckpointDigest(2LMG4b1nkc89TAUxkSf1Q7z2UXaUszigkmFLmYNZrDAW) at epoch 1, sequence 708, previous digest Some(CheckpointDigest(3DtLWjszQwm1gBq88bKtALdHaX6EdXk1JuzYcs5b386i)), transactions count 1, content digest CheckpointContentsDigest(8RyEq8tTkK7ro5j2jxmPTdPQdj5fGEp46UFADU1E6gMZ), end_of_epoch_data None
[2m2025-03-25T07:57:10.378164Z[0m [32m INFO[0m [1mnode[0m[1m{[0m[3mname[0m[2m=[0mk#99f25ef6..[1m}[0m[2m:[0m [2msui_core::checkpoints[0m[2m:[0m [2mcrates/sui-core/src/checkpoints/mod.rs[0m[2m:[0m[2m1326:[0m Creating checkpoint(s) for 1 transactions [3mnext_checkpoint_seq[0m[2m=[0m708 [3mcheckpoint_timestamp[0m[2m=[0m1742889429812
[2m2025-03-25T07:57:10.378347Z[0m [32m INFO[0m [1mnode[0m[1m{[0m[3mname[0m[2m=[0mk#99f25ef6..[1m}[0m[2m:[0m [2msui_core::checkpoints::checkpoint_output[0m[2m:[0m [2mcrates/sui-core/src/checkpoints/checkpoint_output.rs[0m[2m:[0m[2m149:[0m Creating checkpoint CheckpointDigest(2LMG4b1nkc89TAUxkSf1Q7z2UXaUszigkmFLmYNZrDAW) at epoch 1, sequence 708, previous digest Some(CheckpointDigest(3DtLWjszQwm1gBq88bKtALdHaX6EdXk1JuzYcs5b386i)), transactions count 1, content digest CheckpointContentsDigest(8RyEq8tTkK7ro5j2jxmPTdPQdj5fGEp46UFADU1E6gMZ), end_of_epoch_data None
[2m2025-03-25T07:57:10.379112Z[0m [32m INFO[0m [1mnode[0m[1m{[0m[3mname[0m[2m=[0mk#addeef94..[1m}[0m[2m:[0m [2msui_core::checkpoints[0m[2m:[0m [2mcrates/sui-core/src/checkpoints/mod.rs[0m[2m:[0m[2m1326:[0m Creating checkpoint(s) for 1 transactions [3mnext_checkpoint_seq[0m[2m=[0m708 [3mcheckpoint_timestamp[0m[2m=[0m1742889429812
[2m2025-03-25T07:57:10.379291Z[0m [32m INFO[0m [1mnode[0m[1m{[0m[3mname[0m[2m=[0mk#addeef94..[1m}[0m[2m:[0m [2msui_core::checkpoints::checkpoint_output[0m[2m:[0m [2mcrates/sui-core/src/checkpoints/checkpoint_output.rs[0m[2m:[0m[2m149:[0m Creating checkpoint CheckpointDigest(2LMG4b1nkc89TAUxkSf1Q7z2UXaUszigkmFLmYNZrDAW) at epoch 1, sequence 708, previous digest Some(CheckpointDigest(3DtLWjszQwm1gBq88bKtALdHaX6EdXk1JuzYcs5b386i)), transactions count 1, content digest CheckpointContentsDigest(8RyEq8tTkK7ro5j2jxmPTdPQdj5fGEp46UFADU1E6gMZ), end_of_epoch_data None
[2m2025-03-25T07:57:10.382299Z[0m [32m INFO[0m [1mnode[0m[1m{[0m[3mname[0m[2m=[0mk#8dcff6d1..[1m}[0m[2m:[0m [2msui_core::checkpoints::checkpoint_output[0m[2m:[0m [2mcrates/sui-core/src/checkpoints/checkpoint_output.rs[0m[2m:[0m[2m196:[0m Certified checkpoint with sequence 707 and digest 3DtLWjszQwm1gBq88bKtALdHaX6EdXk1JuzYcs5b386i
[2m2025-03-25T07:57:10.382399Z[0m [32m INFO[0m [1mnode[0m[1m{[0m[3mname[0m[2m=[0mk#99f25ef6..[1m}[0m[2m:[0m [2msui_core::checkpoints::checkpoint_output[0m[2m:[0m [2mcrates/sui-core/src/checkpoints/checkpoint_output.rs[0m[2m:[0m[2m196:[0m Certified checkpoint with sequence 707 and digest 3DtLWjszQwm1gBq88bKtALdHaX6EdXk1JuzYcs5b386i
[2m2025-03-25T07:57:10.386263Z[0m [32m INFO[0m [1mnode[0m[1m{[0m[3mname[0m[2m=[0mk#8dcff6d1..[1m}[0m[2m:[0m [2msui_core::checkpoints::checkpoint_executor[0m[2m:[0m [2mcrates/sui-core/src/checkpoints/checkpoint_executor/mod.rs[0m[2m:[0m[2m332:[0m Received checkpoint summary from state sync [3msequence_number[0m[2m=[0m707
[2m2025-03-25T07:57:10.389491Z[0m [32m INFO[0m [1mnode[0m[1m{[0m[3mname[0m[2m=[0mk#99f25ef6..[1m}[0m[2m:[0m [2msui_core::checkpoints::checkpoint_executor[0m[2m:[0m [2mcrates/sui-core/src/checkpoints/checkpoint_executor/mod.rs[0m[2m:[0m[2m332:[0m Received checkpoint summary from state sync [3msequence_number[0m[2m=[0m707
[2m2025-03-25T07:57:10.403890Z[0m [32m INFO[0m [1mnode[0m[1m{[0m[3mname[0m[2m=[0mk#8dcff6d1..[1m}[0m[2m:[0m [2msui_core::state_accumulator[0m[2m:[0m [2mcrates/sui-core/src/state_accumulator.rs[0m[2m:[0m[2m675:[0m accumulating running root for checkpoint 707
[2m2025-03-25T07:57:10.404979Z[0m [32m INFO[0m [1mnode[0m[1m{[0m[3mname[0m[2m=[0mk#99f25ef6..[1m}[0m[2m:[0m [2msui_core::state_accumulator[0m[2m:[0m [2mcrates/sui-core/src/state_accumulator.rs[0m[2m:[0m[2m675:[0m accumulating running root for checkpoint 707
[2m2025-03-25T07:57:10.448140Z[0m [32m INFO[0m [1mnode[0m[1m{[0m[3mname[0m[2m=[0mk#addeef94..[1m}[0m[2m:[0m [2msui_core::checkpoints::checkpoint_executor[0m[2m:[0m [2mcrates/sui-core/src/checkpoints/checkpoint_executor/mod.rs[0m[2m:[0m[2m332:[0m Received checkpoint summary from state sync [3msequence_number[0m[2m=[0m707
[2m2025-03-25T07:57:10.449475Z[0m [32m INFO[0m [1mnode[0m[1m{[0m[3mname[0m[2m=[0mk#addeef94..[1m}[0m[2m:[0m [2msui_core::state_accumulator[0m[2m:[0m [2mcrates/sui-core/src/state_accumulator.rs[0m[2m:[0m[2m675:[0m accumulating running root for checkpoint 707
[2m2025-03-25T07:57:10.576033Z[0m [32m INFO[0m [1mnode[0m[1m{[0m[3mname[0m[2m=[0mk#99f25ef6..[1m}[0m[2m:[0m [2mconsensus_core::core[0m[2m:[0m [2mconsensus/core/src/core.rs[0m[2m:[0m[2m945:[0m Included 3 ancestors & excluded 0 ancestors for proposal in round 510
[2m2025-03-25T07:57:10.576033Z[0m [32m INFO[0m [1mnode[0m[1m{[0m[3mname[0m[2m=[0mk#8dcff6d1..[1m}[0m[2m:[0m [2mconsensus_core::core[0m[2m:[0m [2mconsensus/core/src/core.rs[0m[2m:[0m[2m945:[0m Included 3 ancestors & excluded 0 ancestors for proposal in round 510
[2m2025-03-25T07:57:10.576439Z[0m [32m INFO[0m [1mnode[0m[1m{[0m[3mname[0m[2m=[0mk#99f25ef6..[1m}[0m[2m:[0m [2mconsensus_core::core[0m[2m:[0m [2mconsensus/core/src/core.rs[0m[2m:[0m[2m531:[0m Created block B510(B,0GD4EdG1cJBpCtSS8uLZIK7e/JkkaFhTkmvuLpGVFSs=)(1742889430576ms;[B509(B,rjOh7z2K+9X39lqqT93l8owlw6Da4pt9cg+nP1ljDnY=), B509(A,TRhMi4GYYGKNtSGR/fBjtalEAJTmVOVfaiaGYMxI9Z4=), B509(C,zmBLGrCDX7iBP6682xgHS3EPT5m7mf3cRsFtQlkxSLY=)];1t;1c) for round 510
[2m2025-03-25T07:57:10.576434Z[0m [32m INFO[0m [1mnode[0m[1m{[0m[3mname[0m[2m=[0mk#8dcff6d1..[1m}[0m[2m:[0m [2mconsensus_core::core[0m[2m:[0m [2mconsensus/core/src/core.rs[0m[2m:[0m[2m531:[0m Created block B510(A,NjT+0kM8R87nQE/Mo17X/c913LG0fkbrPSDGkPs0N+w=)(1742889430576ms;[B509(A,TRhMi4GYYGKNtSGR/fBjtalEAJTmVOVfaiaGYMxI9Z4=), B509(B,rjOh7z2K+9X39lqqT93l8owlw6Da4pt9cg+nP1ljDnY=), B509(C,zmBLGrCDX7iBP6682xgHS3EPT5m7mf3cRsFtQlkxSLY=)];1t;1c) for round 510
[2m2025-03-25T07:57:10.579639Z[0m [32m INFO[0m [1mnode[0m[1m{[0m[3mname[0m[2m=[0mk#addeef94..[1m}[0m[2m:[0m [2mconsensus_core::core[0m[2m:[0m [2mconsensus/core/src/core.rs[0m[2m:[0m[2m945:[0m Included 3 ancestors & excluded 0 ancestors for proposal in round 510
[2m2025-03-25T07:57:10.579932Z[0m [32m INFO[0m [1mnode[0m[1m{[0m[3mname[0m[2m=[0mk#addeef94..[1m}[0m[2m:[0m [2mconsensus_core::core[0m[2m:[0m [2mconsensus/core/src/core.rs[0m[2m:[0m[2m531:[0m Created block B510(C,HQdP5y6YajhjnBC2/WcgY91yzJQHHs9AR+CTAzlrXvQ=)(1742889430579ms;[B509(C,zmBLGrCDX7iBP6682xgHS3EPT5m7mf3cRsFtQlkxSLY=), B509(A,TRhMi4GYYGKNtSGR/fBjtalEAJTmVOVfaiaGYMxI9Z4=), B509(B,rjOh7z2K+9X39lqqT93l8owlw6Da4pt9cg+nP1ljDnY=)];1t;1c) for round 510
[2m2025-03-25T07:57:10.580000Z[0m [32m INFO[0m [1mnode[0m[1m{[0m[3mname[0m[2m=[0mk#addeef94..[1m}[0m[2m:[0m [2mconsensus_core::core[0m[2m:[0m [2mconsensus/core/src/core.rs[0m[2m:[0m[2m630:[0m Committing 1 leaders: B508(C,gov4)
[2m2025-03-25T07:57:10.580073Z[0m [32m INFO[0m [1mnode[0m[1m{[0m[3mname[0m[2m=[0mk#addeef94..[1m}[0m[2m:[0m [2mconsensus_core::commit_observer[0m[2m:[0m [2mconsensus/core/src/commit_observer.rs[0m[2m:[0m[2m173:[0m Consensus commit C496(e6NH) with leader B508(C,gov4) has 3 blocks
[2m2025-03-25T07:57:10.580322Z[0m [32m INFO[0m [1mnode[0m[1m{[0m[3mname[0m[2m=[0mk#addeef94..[1m}[0m[2m:[0m [2msui_core::consensus_handler[0m[2m:[0m [2mcrates/sui-core/src/consensus_handler.rs[0m[2m:[0m[2m232:[0m Received consensus output [3mconsensus_commit[0m[2m=[0mCommittedSubDag(leader=B508(C,gov4), ref=C496(e6NH), blocks=[91Lz, ZlL2, gov4]) [3mepoch[0m[2m=[0m1
[2m2025-03-25T07:57:10.583852Z[0m [32m INFO[0m [1mnode[0m[1m{[0m[3mname[0m[2m=[0mk#99f25ef6..[1m}[0m[2m:[0m [2msui_core::checkpoints::checkpoint_output[0m[2m:[0m [2mcrates/sui-core/src/checkpoints/checkpoint_output.rs[0m[2m:[0m[2m196:[0m Certified checkpoint with sequence 708 and digest 2LMG4b1nkc89TAUxkSf1Q7z2UXaUszigkmFLmYNZrDAW
[2m2025-03-25T07:57:10.583873Z[0m [32m INFO[0m [1mnode[0m[1m{[0m[3mname[0m[2m=[0mk#8dcff6d1..[1m}[0m[2m:[0m [2msui_core::checkpoints::checkpoint_output[0m[2m:[0m [2mcrates/sui-core/src/checkpoints/checkpoint_output.rs[0m[2m:[0m[2m196:[0m Certified checkpoint with sequence 708 and digest 2LMG4b1nkc89TAUxkSf1Q7z2UXaUszigkmFLmYNZrDAW
[2m2025-03-25T07:57:10.583963Z[0m [32m INFO[0m [1mnode[0m[1m{[0m[3mname[0m[2m=[0mk#99f25ef6..[1m}[0m[2m:[0m [2mconsensus_core::core[0m[2m:[0m [2mconsensus/core/src/core.rs[0m[2m:[0m[2m630:[0m Committing 1 leaders: B508(C,gov4)
[2m2025-03-25T07:57:10.583984Z[0m [32m INFO[0m [1mnode[0m[1m{[0m[3mname[0m[2m=[0mk#8dcff6d1..[1m}[0m[2m:[0m [2mconsensus_core::core[0m[2m:[0m [2mconsensus/core/src/core.rs[0m[2m:[0m[2m630:[0m Committing 1 leaders: B508(C,gov4)
[2m2025-03-25T07:57:10.584080Z[0m [32m INFO[0m [1mnode[0m[1m{[0m[3mname[0m[2m=[0mk#99f25ef6..[1m}[0m[2m:[0m [2mconsensus_core::commit_observer[0m[2m:[0m [2mconsensus/core/src/commit_observer.rs[0m[2m:[0m[2m173:[0m Consensus commit C496(e6NH) with leader B508(C,gov4) has 3 blocks
[2m2025-03-25T07:57:10.584096Z[0m [32m INFO[0m [1mnode[0m[1m{[0m[3mname[0m[2m=[0mk#8dcff6d1..[1m}[0m[2m:[0m [2mconsensus_core::commit_observer[0m[2m:[0m [2mconsensus/core/src/commit_observer.rs[0m[2m:[0m[2m173:[0m Consensus commit C496(e6NH) with leader B508(C,gov4) has 3 blocks
[2m2025-03-25T07:57:10.584501Z[0m [32m INFO[0m [1mnode[0m[1m{[0m[3mname[0m[2m=[0mk#99f25ef6..[1m}[0m[2m:[0m [2msui_core::consensus_handler[0m[2m:[0m [2mcrates/sui-core/src/consensus_handler.rs[0m[2m:[0m[2m232:[0m Received consensus output [3mconsensus_commit[0m[2m=[0mCommittedSubDag(leader=B508(C,gov4), ref=C496(e6NH), blocks=[91Lz, ZlL2, gov4]) [3mepoch[0m[2m=[0m1
[2m2025-03-25T07:57:10.584550Z[0m [32m INFO[0m [1mnode[0m[1m{[0m[3mname[0m[2m=[0mk#8dcff6d1..[1m}[0m[2m:[0m [2msui_core::consensus_handler[0m[2m:[0m [2mcrates/sui-core/src/consensus_handler.rs[0m[2m:[0m[2m232:[0m Received consensus output [3mconsensus_commit[0m[2m=[0mCommittedSubDag(leader=B508(C,gov4), ref=C496(e6NH), blocks=[91Lz, ZlL2, gov4]) [3mepoch[0m[2m=[0m1
[2m2025-03-25T07:57:10.585083Z[0m [32m INFO[0m [1mnode[0m[1m{[0m[3mname[0m[2m=[0mk#99f25ef6..[1m}[0m[2m:[0m [2msui_core::checkpoints::checkpoint_executor[0m[2m:[0m [2mcrates/sui-core/src/checkpoints/checkpoint_executor/mod.rs[0m[2m:[0m[2m332:[0m Received checkpoint summary from state sync [3msequence_number[0m[2m=[0m708
[2m2025-03-25T07:57:10.585092Z[0m [32m INFO[0m [1mnode[0m[1m{[0m[3mname[0m[2m=[0mk#8dcff6d1..[1m}[0m[2m:[0m [2msui_core::checkpoints::checkpoint_executor[0m[2m:[0m [2mcrates/sui-core/src/checkpoints/checkpoint_executor/mod.rs[0m[2m:[0m[2m332:[0m Received checkpoint summary from state sync [3msequence_number[0m[2m=[0m708
[2m2025-03-25T07:57:10.586660Z[0m [32m INFO[0m [1mnode[0m[1m{[0m[3mname[0m[2m=[0mk#99f25ef6..[1m}[0m[2m:[0m [2msui_core::state_accumulator[0m[2m:[0m [2mcrates/sui-core/src/state_accumulator.rs[0m[2m:[0m[2m675:[0m accumulating running root for checkpoint 708
[2m2025-03-25T07:57:10.586667Z[0m [32m INFO[0m [1mnode[0m[1m{[0m[3mname[0m[2m=[0mk#8dcff6d1..[1m}[0m[2m:[0m [2msui_core::state_accumulator[0m[2m:[0m [2mcrates/sui-core/src/state_accumulator.rs[0m[2m:[0m[2m675:[0m accumulating running root for checkpoint 708
[2m2025-03-25T07:57:10.607199Z[0m [32m INFO[0m [1mnode[0m[1m{[0m[3mname[0m[2m=[0mk#addeef94..[1m}[0m[2m:[0m [2msui_core::checkpoints[0m[2m:[0m [2mcrates/sui-core/src/checkpoints/mod.rs[0m[2m:[0m[2m1326:[0m Creating checkpoint(s) for 2 transactions [3mnext_checkpoint_seq[0m[2m=[0m709 [3mcheckpoint_timestamp[0m[2m=[0m1742889430067
[2m2025-03-25T07:57:10.607513Z[0m [32m INFO[0m [1mnode[0m[1m{[0m[3mname[0m[2m=[0mk#addeef94..[1m}[0m[2m:[0m [2msui_core::checkpoints::checkpoint_output[0m[2m:[0m [2mcrates/sui-core/src/checkpoints/checkpoint_output.rs[0m[2m:[0m[2m149:[0m Creating checkpoint CheckpointDigest(9ZUXpX8W2avhydxSP1ZAYaBem3L7iLCWBPwkTku9Euso) at epoch 1, sequence 709, previous digest Some(CheckpointDigest(2LMG4b1nkc89TAUxkSf1Q7z2UXaUszigkmFLmYNZrDAW)), transactions count 2, content digest CheckpointContentsDigest(Bmq5asLHiDbbcoVf5vpvH95nJgx51556jWvZx1dnBtWn), end_of_epoch_data None
[2m2025-03-25T07:57:10.610310Z[0m [32m INFO[0m [1mnode[0m[1m{[0m[3mname[0m[2m=[0mk#addeef94..[1m}[0m[2m:[0m [2msui_core::checkpoints::checkpoint_executor[0m[2m:[0m [2mcrates/sui-core/src/checkpoints/checkpoint_executor/mod.rs[0m[2m:[0m[2m332:[0m Received checkpoint summary from state sync [3msequence_number[0m[2m=[0m708
[2m2025-03-25T07:57:10.611127Z[0m [32m INFO[0m [1mnode[0m[1m{[0m[3mname[0m[2m=[0mk#addeef94..[1m}[0m[2m:[0m [2msui_core::state_accumulator[0m[2m:[0m [2mcrates/sui-core/src/state_accumulator.rs[0m[2m:[0m[2m675:[0m accumulating running root for checkpoint 708
[2m2025-03-25T07:57:10.612154Z[0m [32m INFO[0m [1mnode[0m[1m{[0m[3mname[0m[2m=[0mk#8dcff6d1..[1m}[0m[2m:[0m [2msui_core::checkpoints[0m[2m:[0m [2mcrates/sui-core/src/checkpoints/mod.rs[0m[2m:[0m[2m1326:[0m Creating checkpoint(s) for 2 transactions [3mnext_checkpoint_seq[0m[2m=[0m709 [3mcheckpoint_timestamp[0m[2m=[0m1742889430067
[2m2025-03-25T07:57:10.612157Z[0m [32m INFO[0m [1mnode[0m[1m{[0m[3mname[0m[2m=[0mk#99f25ef6..[1m}[0m[2m:[0m [2msui_core::checkpoints[0m[2m:[0m [2mcrates/sui-core/src/checkpoints/mod.rs[0m[2m:[0m[2m1326:[0m Creating checkpoint(s) for 2 transactions [3mnext_checkpoint_seq[0m[2m=[0m709 [3mcheckpoint_timestamp[0m[2m=[0m1742889430067
[2m2025-03-25T07:57:10.612425Z[0m [32m INFO[0m [1mnode[0m[1m{[0m[3mname[0m[2m=[0mk#99f25ef6..[1m}[0m[2m:[0m [2msui_core::checkpoints::checkpoint_output[0m[2m:[0m [2mcrates/sui-core/src/checkpoints/checkpoint_output.rs[0m[2m:[0m[2m149:[0m Creating checkpoint CheckpointDigest(9ZUXpX8W2avhydxSP1ZAYaBem3L7iLCWBPwkTku9Euso) at epoch 1, sequence 709, previous digest Some(CheckpointDigest(2LMG4b1nkc89TAUxkSf1Q7z2UXaUszigkmFLmYNZrDAW)), transactions count 2, content digest CheckpointContentsDigest(Bmq5asLHiDbbcoVf5vpvH95nJgx51556jWvZx1dnBtWn), end_of_epoch_data None
[2m2025-03-25T07:57:10.612425Z[0m [32m INFO[0m [1mnode[0m[1m{[0m[3mname[0m[2m=[0mk#8dcff6d1..[1m}[0m[2m:[0m [2msui_core::checkpoints::checkpoint_output[0m[2m:[0m [2mcrates/sui-core/src/checkpoints/checkpoint_output.rs[0m[2m:[0m[2m149:[0m Creating checkpoint CheckpointDigest(9ZUXpX8W2avhydxSP1ZAYaBem3L7iLCWBPwkTku9Euso) at epoch 1, sequence 709, previous digest Some(CheckpointDigest(2LMG4b1nkc89TAUxkSf1Q7z2UXaUszigkmFLmYNZrDAW)), transactions count 2, content digest CheckpointContentsDigest(Bmq5asLHiDbbcoVf5vpvH95nJgx51556jWvZx1dnBtWn), end_of_epoch_data None
[2m2025-03-25T07:57:10.832650Z[0m [32m INFO[0m [1mnode[0m[1m{[0m[3mname[0m[2m=[0mk#addeef94..[1m}[0m[2m:[0m [2mconsensus_core::core[0m[2m:[0m [2mconsensus/core/src/core.rs[0m[2m:[0m[2m945:[0m Included 3 ancestors & excluded 0 ancestors for proposal in round 511
[2m2025-03-25T07:57:10.833083Z[0m [32m INFO[0m [1mnode[0m[1m{[0m[3mname[0m[2m=[0mk#addeef94..[1m}[0m[2m:[0m [2mconsensus_core::core[0m[2m:[0m [2mconsensus/core/src/core.rs[0m[2m:[0m[2m531:[0m Created block B511(C,+KRfsnPz20XzetA1wwLPtlhXTB5+hJyd2ZQfquaOtbw=)(1742889430832ms;[B510(C,HQdP5y6YajhjnBC2/WcgY91yzJQHHs9AR+CTAzlrXvQ=), B510(A,NjT+0kM8R87nQE/Mo17X/c913LG0fkbrPSDGkPs0N+w=), B510(B,0GD4EdG1cJBpCtSS8uLZIK7e/JkkaFhTkmvuLpGVFSs=)];1t;1c) for round 511
[2m2025-03-25T07:57:10.835135Z[0m [32m INFO[0m [1mnode[0m[1m{[0m[3mname[0m[2m=[0mk#99f25ef6..[1m}[0m[2m:[0m [2mconsensus_core::core[0m[2m:[0m [2mconsensus/core/src/core.rs[0m[2m:[0m[2m945:[0m Included 3 ancestors & excluded 0 ancestors for proposal in round 511
[2m2025-03-25T07:57:10.835424Z[0m [32m INFO[0m [1mnode[0m[1m{[0m[3mname[0m[2m=[0mk#99f25ef6..[1m}[0m[2m:[0m [2mconsensus_core::core[0m[2m:[0m [2mconsensus/core/src/core.rs[0m[2m:[0m[2m531:[0m Created block B511(B,QVoN5JhUgIHbVsAMTk81YpdAfnwEMsx3Onrowecffa8=)(1742889430835ms;[B510(B,0GD4EdG1cJBpCtSS8uLZIK7e/JkkaFhTkmvuLpGVFSs=), B510(A,NjT+0kM8R87nQE/Mo17X/c913LG0fkbrPSDGkPs0N+w=), B510(C,HQdP5y6YajhjnBC2/WcgY91yzJQHHs9AR+CTAzlrXvQ=)];1t;1c) for round 511
[2m2025-03-25T07:57:10.835495Z[0m [32m INFO[0m [1mnode[0m[1m{[0m[3mname[0m[2m=[0mk#99f25ef6..[1m}[0m[2m:[0m [2mconsensus_core::core[0m[2m:[0m [2mconsensus/core/src/core.rs[0m[2m:[0m[2m630:[0m Committing 1 leaders: B509(C,zmBL)
[2m2025-03-25T07:57:10.835588Z[0m [32m INFO[0m [1mnode[0m[1m{[0m[3mname[0m[2m=[0mk#99f25ef6..[1m}[0m[2m:[0m [2mconsensus_core::commit_observer[0m[2m:[0m [2mconsensus/core/src/commit_observer.rs[0m[2m:[0m[2m173:[0m Consensus commit C497(lAG2) with leader B509(C,zmBL) has 3 blocks
[2m2025-03-25T07:57:10.835681Z[0m [32m INFO[0m [1mnode[0m[1m{[0m[3mname[0m[2m=[0mk#99f25ef6..[1m}[0m[2m:[0m [2msui_core::consensus_handler[0m[2m:[0m [2mcrates/sui-core/src/consensus_handler.rs[0m[2m:[0m[2m232:[0m Received consensus output [3mconsensus_commit[0m[2m=[0mCommittedSubDag(leader=B509(C,zmBL), ref=C497(lAG2), blocks=[bECl, BGwg, zmBL]) [3mepoch[0m[2m=[0m1
[2m2025-03-25T07:57:10.836252Z[0m [32m INFO[0m [1mnode[0m[1m{[0m[3mname[0m[2m=[0mk#8dcff6d1..[1m}[0m[2m:[0m [2mconsensus_core::core[0m[2m:[0m [2mconsensus/core/src/core.rs[0m[2m:[0m[2m945:[0m Included 3 ancestors & excluded 0 ancestors for proposal in round 511
[2m2025-03-25T07:57:10.836545Z[0m [32m INFO[0m [1mnode[0m[1m{[0m[3mname[0m[2m=[0mk#8dcff6d1..[1m}[0m[2m:[0m [2mconsensus_core::core[0m[2m:[0m [2mconsensus/core/src/core.rs[0m[2m:[0m[2m531:[0m Created block B511(A,FGP8pev2TZsCVwPGp1/HmoLXQkN21vZsSmDaL5QFvpE=)(1742889430836ms;[B510(A,NjT+0kM8R87nQE/Mo17X/c913LG0fkbrPSDGkPs0N+w=), B510(B,0GD4EdG1cJBpCtSS8uLZIK7e/JkkaFhTkmvuLpGVFSs=), B510(C,HQdP5y6YajhjnBC2/WcgY91yzJQHHs9AR+CTAzlrXvQ=)];1t;1c) for round 511
[2m2025-03-25T07:57:10.836611Z[0m [32m INFO[0m [1mnode[0m[1m{[0m[3mname[0m[2m=[0mk#8dcff6d1..[1m}[0m[2m:[0m [2mconsensus_core::core[0m[2m:[0m [2mconsensus/core/src/core.rs[0m[2m:[0m[2m630:[0m Committing 1 leaders: B509(C,zmBL)
[2m2025-03-25T07:57:10.836688Z[0m [32m INFO[0m [1mnode[0m[1m{[0m[3mname[0m[2m=[0mk#8dcff6d1..[1m}[0m[2m:[0m [2mconsensus_core::commit_observer[0m[2m:[0m [2mconsensus/core/src/commit_observer.rs[0m[2m:[0m[2m173:[0m Consensus commit C497(lAG2) with leader B509(C,zmBL) has 3 blocks
[2m2025-03-25T07:57:10.836773Z[0m [32m INFO[0m [1mnode[0m[1m{[0m[3mname[0m[2m=[0mk#8dcff6d1..[1m}[0m[2m:[0m [2msui_core::consensus_handler[0m[2m:[0m [2mcrates/sui-core/src/consensus_handler.rs[0m[2m:[0m[2m232:[0m Received consensus output [3mconsensus_commit[0m[2m=[0mCommittedSubDag(leader=B509(C,zmBL), ref=C497(lAG2), blocks=[bECl, BGwg, zmBL]) [3mepoch[0m[2m=[0m1
[2m2025-03-25T07:57:10.838125Z[0m [32m INFO[0m [1mnode[0m[1m{[0m[3mname[0m[2m=[0mk#addeef94..[1m}[0m[2m:[0m [2mconsensus_core::core[0m[2m:[0m [2mconsensus/core/src/core.rs[0m[2m:[0m[2m630:[0m Committing 1 leaders: B509(C,zmBL)
[2m2025-03-25T07:57:10.838224Z[0m [32m INFO[0m [1mnode[0m[1m{[0m[3mname[0m[2m=[0mk#addeef94..[1m}[0m[2m:[0m [2mconsensus_core::commit_observer[0m[2m:[0m [2mconsensus/core/src/commit_observer.rs[0m[2m:[0m[2m173:[0m Consensus commit C497(lAG2) with leader B509(C,zmBL) has 3 blocks
[2m2025-03-25T07:57:10.838298Z[0m [32m INFO[0m [1mnode[0m[1m{[0m[3mname[0m[2m=[0mk#addeef94..[1m}[0m[2m:[0m [2msui_core::consensus_handler[0m[2m:[0m [2mcrates/sui-core/src/consensus_handler.rs[0m[2m:[0m[2m232:[0m Received consensus output [3mconsensus_commit[0m[2m=[0mCommittedSubDag(leader=B509(C,zmBL), ref=C497(lAG2), blocks=[bECl, BGwg, zmBL]) [3mepoch[0m[2m=[0m1
[2m2025-03-25T07:57:10.881163Z[0m [32m INFO[0m [1mnode[0m[1m{[0m[3mname[0m[2m=[0mk#99f25ef6..[1m}[0m[2m:[0m [2msui_core::checkpoints[0m[2m:[0m [2mcrates/sui-core/src/checkpoints/mod.rs[0m[2m:[0m[2m1326:[0m Creating checkpoint(s) for 1 transactions [3mnext_checkpoint_seq[0m[2m=[0m710 [3mcheckpoint_timestamp[0m[2m=[0m1742889430320
[2m2025-03-25T07:57:10.881164Z[0m [32m INFO[0m [1mnode[0m[1m{[0m[3mname[0m[2m=[0mk#8dcff6d1..[1m}[0m[2m:[0m [2msui_core::checkpoints[0m[2m:[0m [2mcrates/sui-core/src/checkpoints/mod.rs[0m[2m:[0m[2m1326:[0m Creating checkpoint(s) for 1 transactions [3mnext_checkpoint_seq[0m[2m=[0m710 [3mcheckpoint_timestamp[0m[2m=[0m1742889430320
[2m2025-03-25T07:57:10.881391Z[0m [32m INFO[0m [1mnode[0m[1m{[0m[3mname[0m[2m=[0mk#8dcff6d1..[1m}[0m[2m:[0m [2msui_core::checkpoints::checkpoint_output[0m[2m:[0m [2mcrates/sui-core/src/checkpoints/checkpoint_output.rs[0m[2m:[0m[2m149:[0m Creating checkpoint CheckpointDigest(KSb7jsWuX9NQme9jPvbyVRFyFyzbhUvzykBrkFUvHAd) at epoch 1, sequence 710, previous digest Some(CheckpointDigest(9ZUXpX8W2avhydxSP1ZAYaBem3L7iLCWBPwkTku9Euso)), transactions count 1, content digest CheckpointContentsDigest(9GqvPxHFuQeQmPG7aaN9GiMSNrbU1dE4sCYJFtgFjtHj), end_of_epoch_data None
[2m2025-03-25T07:57:10.881391Z[0m [32m INFO[0m [1mnode[0m[1m{[0m[3mname[0m[2m=[0mk#99f25ef6..[1m}[0m[2m:[0m [2msui_core::checkpoints::checkpoint_output[0m[2m:[0m [2mcrates/sui-core/src/checkpoints/checkpoint_output.rs[0m[2m:[0m[2m149:[0m Creating checkpoint CheckpointDigest(KSb7jsWuX9NQme9jPvbyVRFyFyzbhUvzykBrkFUvHAd) at epoch 1, sequence 710, previous digest Some(CheckpointDigest(9ZUXpX8W2avhydxSP1ZAYaBem3L7iLCWBPwkTku9Euso)), transactions count 1, content digest CheckpointContentsDigest(9GqvPxHFuQeQmPG7aaN9GiMSNrbU1dE4sCYJFtgFjtHj), end_of_epoch_data None
[2m2025-03-25T07:57:10.882148Z[0m [32m INFO[0m [1mnode[0m[1m{[0m[3mname[0m[2m=[0mk#addeef94..[1m}[0m[2m:[0m [2msui_core::checkpoints[0m[2m:[0m [2mcrates/sui-core/src/checkpoints/mod.rs[0m[2m:[0m[2m1326:[0m Creating checkpoint(s) for 1 transactions [3mnext_checkpoint_seq[0m[2m=[0m710 [3mcheckpoint_timestamp[0m[2m=[0m1742889430320
[2m2025-03-25T07:57:10.882317Z[0m [32m INFO[0m [1mnode[0m[1m{[0m[3mname[0m[2m=[0mk#addeef94..[1m}[0m[2m:[0m [2msui_core::checkpoints::checkpoint_output[0m[2m:[0m [2mcrates/sui-core/src/checkpoints/checkpoint_output.rs[0m[2m:[0m[2m149:[0m Creating checkpoint CheckpointDigest(KSb7jsWuX9NQme9jPvbyVRFyFyzbhUvzykBrkFUvHAd) at epoch 1, sequence 710, previous digest Some(CheckpointDigest(9ZUXpX8W2avhydxSP1ZAYaBem3L7iLCWBPwkTku9Euso)), transactions count 1, content digest CheckpointContentsDigest(9GqvPxHFuQeQmPG7aaN9GiMSNrbU1dE4sCYJFtgFjtHj), end_of_epoch_data None
[2m2025-03-25T07:57:10.884671Z[0m [32m INFO[0m [1mnode[0m[1m{[0m[3mname[0m[2m=[0mk#99f25ef6..[1m}[0m[2m:[0m [2msui_core::checkpoints::checkpoint_output[0m[2m:[0m [2mcrates/sui-core/src/checkpoints/checkpoint_output.rs[0m[2m:[0m[2m196:[0m Certified checkpoint with sequence 709 and digest 9ZUXpX8W2avhydxSP1ZAYaBem3L7iLCWBPwkTku9Euso
[2m2025-03-25T07:57:10.884675Z[0m [32m INFO[0m [1mnode[0m[1m{[0m[3mname[0m[2m=[0mk#8dcff6d1..[1m}[0m[2m:[0m [2msui_core::checkpoints::checkpoint_output[0m[2m:[0m [2mcrates/sui-core/src/checkpoints/checkpoint_output.rs[0m[2m:[0m[2m196:[0m Certified checkpoint with sequence 709 and digest 9ZUXpX8W2avhydxSP1ZAYaBem3L7iLCWBPwkTku9Euso
[2m2025-03-25T07:57:10.887764Z[0m [32m INFO[0m [1mnode[0m[1m{[0m[3mname[0m[2m=[0mk#8dcff6d1..[1m}[0m[2m:[0m [2msui_core::checkpoints::checkpoint_executor[0m[2m:[0m [2mcrates/sui-core/src/checkpoints/checkpoint_executor/mod.rs[0m[2m:[0m[2m332:[0m Received checkpoint summary from state sync [3msequence_number[0m[2m=[0m709
[2m2025-03-25T07:57:10.892445Z[0m [32m INFO[0m [1mnode[0m[1m{[0m[3mname[0m[2m=[0mk#99f25ef6..[1m}[0m[2m:[0m [2msui_core::checkpoints::checkpoint_executor[0m[2m:[0m [2mcrates/sui-core/src/checkpoints/checkpoint_executor/mod.rs[0m[2m:[0m[2m332:[0m Received checkpoint summary from state sync [3msequence_number[0m[2m=[0m709
[2m2025-03-25T07:57:10.905879Z[0m [32m INFO[0m [1mnode[0m[1m{[0m[3mname[0m[2m=[0mk#8dcff6d1..[1m}[0m[2m:[0m [2msui_core::state_accumulator[0m[2m:[0m [2mcrates/sui-core/src/state_accumulator.rs[0m[2m:[0m[2m675:[0m accumulating running root for checkpoint 709
[2m2025-03-25T07:57:10.907897Z[0m [32m INFO[0m [1mnode[0m[1m{[0m[3mname[0m[2m=[0mk#99f25ef6..[1m}[0m[2m:[0m [2msui_core::state_accumulator[0m[2m:[0m [2mcrates/sui-core/src/state_accumulator.rs[0m[2m:[0m[2m675:[0m accumulating running root for checkpoint 709
[2m2025-03-25T07:57:10.928660Z[0m [32m INFO[0m [1mnode[0m[1m{[0m[3mname[0m[2m=[0mk#b3f3cbb4..[1m}[0m[2m:[0m[1mjson-rpc-request[0m[2m:[0m[1mdev_inspect_transaction_block[0m[1m{[0m[3msender_address[0m[2m=[0m0x0000000000000000000000000000000000000000000000000000000000000000 [3mtx_bytes[0m[2m=[0mBase64("AAMBAQAAAAAAAAAAAAAAAAAAAAAAAAAAAAAAAAAAAAAAAAAJAQAAAAAAAAABAAECAAgAAAAAAAAAAAEAAAAAAAAAAAAAAAAAAAAAAAAAAAAAAAAAAAAAAAAAAAsGYnJpZGdlIGdldF90b2tlbl90cmFuc2Zlcl9hY3Rpb25fc3RhdHVzAAMBAAABAQABAgA=") [3mgas_price[0m[2m=[0mNone [3m_epoch[0m[2m=[0mNone [3madditional_args[0m[2m=[0mNone[1m}[0m[2m:[0m [2msui_json_rpc::transaction_execution_api[0m[2m:[0m [2mcrates/sui-json-rpc/src/transaction_execution_api.rs[0m[2m:[0m[2m351:[0m RPC took longer than threshold to complete. [3melapsed[0m[2m=[0m1.543472375s
[2m2025-03-25T07:57:10.930129Z[0m [32m INFO[0m [2msui_bridge::e2e_tests::test_utils[0m[2m:[0m [2mcrates/sui-bridge/src/e2e_tests/test_utils.rs[0m[2m:[0m[2m1452:[0m get_token_transfer_action_onchain_status_until_success took 1.702061417s, status: Pending
[2m2025-03-25T07:57:10.930197Z[0m [32m INFO[0m [1mnode[0m[1m{[0m[3mname[0m[2m=[0mk#b3f3cbb4..[1m}[0m[2m:[0m [2msui_core::state_accumulator[0m[2m:[0m [2mcrates/sui-core/src/state_accumulator.rs[0m[2m:[0m[2m675:[0m accumulating running root for checkpoint 611
[2m2025-03-25T07:57:10.953306Z[0m [32m INFO[0m [1mnode[0m[1m{[0m[3mname[0m[2m=[0mk#addeef94..[1m}[0m[2m:[0m [2msui_core::checkpoints::checkpoint_executor[0m[2m:[0m [2mcrates/sui-core/src/checkpoints/checkpoint_executor/mod.rs[0m[2m:[0m[2m332:[0m Received checkpoint summary from state sync [3msequence_number[0m[2m=[0m709
[2m2025-03-25T07:57:10.954627Z[0m [32m INFO[0m [1mnode[0m[1m{[0m[3mname[0m[2m=[0mk#addeef94..[1m}[0m[2m:[0m [2msui_core::state_accumulator[0m[2m:[0m [2mcrates/sui-core/src/state_accumulator.rs[0m[2m:[0m[2m675:[0m accumulating running root for checkpoint 709
[2m2025-03-25T07:57:11.010357Z[0m [32m INFO[0m [1mnode[0m[1m{[0m[3mname[0m[2m=[0mk#b3f3cbb4..[1m}[0m[2m:[0m [2msui_core::checkpoints::checkpoint_executor[0m[2m:[0m [2mcrates/sui-core/src/checkpoints/checkpoint_executor/mod.rs[0m[2m:[0m[2m332:[0m Received checkpoint summary from state sync [3msequence_number[0m[2m=[0m701
[2m2025-03-25T07:57:11.010689Z[0m [32m INFO[0m [1mnode[0m[1m{[0m[3mname[0m[2m=[0mk#b3f3cbb4..[1m}[0m[2m:[0m [2msui_core::state_accumulator[0m[2m:[0m [2mcrates/sui-core/src/state_accumulator.rs[0m[2m:[0m[2m675:[0m accumulating running root for checkpoint 612
[2m2025-03-25T07:57:11.087916Z[0m [32m INFO[0m [1mnode[0m[1m{[0m[3mname[0m[2m=[0mk#99f25ef6..[1m}[0m[2m:[0m [2mconsensus_core::core[0m[2m:[0m [2mconsensus/core/src/core.rs[0m[2m:[0m[2m945:[0m Included 3 ancestors & excluded 0 ancestors for proposal in round 512
[2m2025-03-25T07:57:11.088280Z[0m [32m INFO[0m [1mnode[0m[1m{[0m[3mname[0m[2m=[0mk#99f25ef6..[1m}[0m[2m:[0m [2mconsensus_core::core[0m[2m:[0m [2mconsensus/core/src/core.rs[0m[2m:[0m[2m531:[0m Created block B512(B,UIbfimFyL0Yjs6ljGUNicD8huLrmLGaM4GsVtj1Elrg=)(1742889431088ms;[B511(B,QVoN5JhUgIHbVsAMTk81YpdAfnwEMsx3Onrowecffa8=), B511(A,FGP8pev2TZsCVwPGp1/HmoLXQkN21vZsSmDaL5QFvpE=), B511(C,+KRfsnPz20XzetA1wwLPtlhXTB5+hJyd2ZQfquaOtbw=)];1t;1c) for round 512
[2m2025-03-25T07:57:11.090050Z[0m [32m INFO[0m [1mnode[0m[1m{[0m[3mname[0m[2m=[0mk#addeef94..[1m}[0m[2m:[0m [2mconsensus_core::core[0m[2m:[0m [2mconsensus/core/src/core.rs[0m[2m:[0m[2m945:[0m Included 3 ancestors & excluded 0 ancestors for proposal in round 512
[2m2025-03-25T07:57:11.090050Z[0m [32m INFO[0m [1mnode[0m[1m{[0m[3mname[0m[2m=[0mk#8dcff6d1..[1m}[0m[2m:[0m [2mconsensus_core::core[0m[2m:[0m [2mconsensus/core/src/core.rs[0m[2m:[0m[2m945:[0m Included 3 ancestors & excluded 0 ancestors for proposal in round 512
[2m2025-03-25T07:57:11.090355Z[0m [32m INFO[0m [1mnode[0m[1m{[0m[3mname[0m[2m=[0mk#addeef94..[1m}[0m[2m:[0m [2mconsensus_core::core[0m[2m:[0m [2mconsensus/core/src/core.rs[0m[2m:[0m[2m531:[0m Created block B512(C,LyI1ZSxYiYwRvGeyV0pzFWj7D1D7xA0cvF1QrgUglOs=)(1742889431090ms;[B511(C,+KRfsnPz20XzetA1wwLPtlhXTB5+hJyd2ZQfquaOtbw=), B511(A,FGP8pev2TZsCVwPGp1/HmoLXQkN21vZsSmDaL5QFvpE=), B511(B,QVoN5JhUgIHbVsAMTk81YpdAfnwEMsx3Onrowecffa8=)];1t;1c) for round 512
[2m2025-03-25T07:57:11.090357Z[0m [32m INFO[0m [1mnode[0m[1m{[0m[3mname[0m[2m=[0mk#8dcff6d1..[1m}[0m[2m:[0m [2mconsensus_core::core[0m[2m:[0m [2mconsensus/core/src/core.rs[0m[2m:[0m[2m531:[0m Created block B512(A,nJhoC9gatKJQHrYWBXGOovCrR9yhq50GUon5NkBF53Q=)(1742889431090ms;[B511(A,FGP8pev2TZsCVwPGp1/HmoLXQkN21vZsSmDaL5QFvpE=), B511(B,QVoN5JhUgIHbVsAMTk81YpdAfnwEMsx3Onrowecffa8=), B511(C,+KRfsnPz20XzetA1wwLPtlhXTB5+hJyd2ZQfquaOtbw=)];1t;1c) for round 512
[2m2025-03-25T07:57:11.090505Z[0m [32m INFO[0m [1mnode[0m[1m{[0m[3mname[0m[2m=[0mk#addeef94..[1m}[0m[2m:[0m [2mconsensus_core::core[0m[2m:[0m [2mconsensus/core/src/core.rs[0m[2m:[0m[2m630:[0m Committing 1 leaders: B510(C,HQdP)
[2m2025-03-25T07:57:11.090608Z[0m [32m INFO[0m [1mnode[0m[1m{[0m[3mname[0m[2m=[0mk#addeef94..[1m}[0m[2m:[0m [2mconsensus_core::commit_observer[0m[2m:[0m [2mconsensus/core/src/commit_observer.rs[0m[2m:[0m[2m173:[0m Consensus commit C498(qDKi) with leader B510(C,HQdP) has 3 blocks
[2m2025-03-25T07:57:11.090912Z[0m [32m INFO[0m [1mnode[0m[1m{[0m[3mname[0m[2m=[0mk#addeef94..[1m}[0m[2m:[0m [2msui_core::consensus_handler[0m[2m:[0m [2mcrates/sui-core/src/consensus_handler.rs[0m[2m:[0m[2m232:[0m Received consensus output [3mconsensus_commit[0m[2m=[0mCommittedSubDag(leader=B510(C,HQdP), ref=C498(qDKi), blocks=[TRhM, rjOh, HQdP]) [3mepoch[0m[2m=[0m1
[2m2025-03-25T07:57:11.093896Z[0m [32m INFO[0m [1mnode[0m[1m{[0m[3mname[0m[2m=[0mk#8dcff6d1..[1m}[0m[2m:[0m [2msui_core::checkpoints::checkpoint_output[0m[2m:[0m [2mcrates/sui-core/src/checkpoints/checkpoint_output.rs[0m[2m:[0m[2m196:[0m Certified checkpoint with sequence 710 and digest KSb7jsWuX9NQme9jPvbyVRFyFyzbhUvzykBrkFUvHAd
[2m2025-03-25T07:57:11.094007Z[0m [32m INFO[0m [1mnode[0m[1m{[0m[3mname[0m[2m=[0mk#8dcff6d1..[1m}[0m[2m:[0m [2mconsensus_core::core[0m[2m:[0m [2mconsensus/core/src/core.rs[0m[2m:[0m[2m630:[0m Committing 1 leaders: B510(C,HQdP)
[2m2025-03-25T07:57:11.094122Z[0m [32m INFO[0m [1mnode[0m[1m{[0m[3mname[0m[2m=[0mk#8dcff6d1..[1m}[0m[2m:[0m [2mconsensus_core::commit_observer[0m[2m:[0m [2mconsensus/core/src/commit_observer.rs[0m[2m:[0m[2m173:[0m Consensus commit C498(qDKi) with leader B510(C,HQdP) has 3 blocks
[2m2025-03-25T07:57:11.094434Z[0m [32m INFO[0m [1mnode[0m[1m{[0m[3mname[0m[2m=[0mk#99f25ef6..[1m}[0m[2m:[0m [2msui_core::checkpoints::checkpoint_output[0m[2m:[0m [2mcrates/sui-core/src/checkpoints/checkpoint_output.rs[0m[2m:[0m[2m196:[0m Certified checkpoint with sequence 710 and digest KSb7jsWuX9NQme9jPvbyVRFyFyzbhUvzykBrkFUvHAd
[2m2025-03-25T07:57:11.094519Z[0m [32m INFO[0m [1mnode[0m[1m{[0m[3mname[0m[2m=[0mk#8dcff6d1..[1m}[0m[2m:[0m [2msui_core::consensus_handler[0m[2m:[0m [2mcrates/sui-core/src/consensus_handler.rs[0m[2m:[0m[2m232:[0m Received consensus output [3mconsensus_commit[0m[2m=[0mCommittedSubDag(leader=B510(C,HQdP), ref=C498(qDKi), blocks=[TRhM, rjOh, HQdP]) [3mepoch[0m[2m=[0m1
[2m2025-03-25T07:57:11.094535Z[0m [32m INFO[0m [1mnode[0m[1m{[0m[3mname[0m[2m=[0mk#99f25ef6..[1m}[0m[2m:[0m [2mconsensus_core::core[0m[2m:[0m [2mconsensus/core/src/core.rs[0m[2m:[0m[2m630:[0m Committing 1 leaders: B510(C,HQdP)
[2m2025-03-25T07:57:11.094655Z[0m [32m INFO[0m [1mnode[0m[1m{[0m[3mname[0m[2m=[0mk#99f25ef6..[1m}[0m[2m:[0m [2mconsensus_core::commit_observer[0m[2m:[0m [2mconsensus/core/src/commit_observer.rs[0m[2m:[0m[2m173:[0m Consensus commit C498(qDKi) with leader B510(C,HQdP) has 3 blocks
[2m2025-03-25T07:57:11.095030Z[0m [32m INFO[0m [1mnode[0m[1m{[0m[3mname[0m[2m=[0mk#99f25ef6..[1m}[0m[2m:[0m [2msui_core::consensus_handler[0m[2m:[0m [2mcrates/sui-core/src/consensus_handler.rs[0m[2m:[0m[2m232:[0m Received consensus output [3mconsensus_commit[0m[2m=[0mCommittedSubDag(leader=B510(C,HQdP), ref=C498(qDKi), blocks=[TRhM, rjOh, HQdP]) [3mepoch[0m[2m=[0m1
[2m2025-03-25T07:57:11.095109Z[0m [32m INFO[0m [1mnode[0m[1m{[0m[3mname[0m[2m=[0mk#8dcff6d1..[1m}[0m[2m:[0m [2msui_core::checkpoints::checkpoint_executor[0m[2m:[0m [2mcrates/sui-core/src/checkpoints/checkpoint_executor/mod.rs[0m[2m:[0m[2m332:[0m Received checkpoint summary from state sync [3msequence_number[0m[2m=[0m710
[2m2025-03-25T07:57:11.095576Z[0m [32m INFO[0m [1mnode[0m[1m{[0m[3mname[0m[2m=[0mk#99f25ef6..[1m}[0m[2m:[0m [2msui_core::checkpoints::checkpoint_executor[0m[2m:[0m [2mcrates/sui-core/src/checkpoints/checkpoint_executor/mod.rs[0m[2m:[0m[2m332:[0m Received checkpoint summary from state sync [3msequence_number[0m[2m=[0m710
[2m2025-03-25T07:57:11.096668Z[0m [32m INFO[0m [1mnode[0m[1m{[0m[3mname[0m[2m=[0mk#8dcff6d1..[1m}[0m[2m:[0m [2msui_core::state_accumulator[0m[2m:[0m [2mcrates/sui-core/src/state_accumulator.rs[0m[2m:[0m[2m675:[0m accumulating running root for checkpoint 710
[2m2025-03-25T07:57:11.096871Z[0m [32m INFO[0m [1mnode[0m[1m{[0m[3mname[0m[2m=[0mk#99f25ef6..[1m}[0m[2m:[0m [2msui_core::state_accumulator[0m[2m:[0m [2mcrates/sui-core/src/state_accumulator.rs[0m[2m:[0m[2m675:[0m accumulating running root for checkpoint 710
[2m2025-03-25T07:57:11.106113Z[0m [32m INFO[0m [1mnode[0m[1m{[0m[3mname[0m[2m=[0mk#b3f3cbb4..[1m}[0m[2m:[0m [2msui_core::state_accumulator[0m[2m:[0m [2mcrates/sui-core/src/state_accumulator.rs[0m[2m:[0m[2m675:[0m accumulating running root for checkpoint 613
[2m2025-03-25T07:57:11.117732Z[0m [32m INFO[0m [1mnode[0m[1m{[0m[3mname[0m[2m=[0mk#addeef94..[1m}[0m[2m:[0m [2msui_core::checkpoints[0m[2m:[0m [2mcrates/sui-core/src/checkpoints/mod.rs[0m[2m:[0m[2m1326:[0m Creating checkpoint(s) for 2 transactions [3mnext_checkpoint_seq[0m[2m=[0m711 [3mcheckpoint_timestamp[0m[2m=[0m1742889430579
[2m2025-03-25T07:57:11.118045Z[0m [32m INFO[0m [1mnode[0m[1m{[0m[3mname[0m[2m=[0mk#addeef94..[1m}[0m[2m:[0m [2msui_core::checkpoints::checkpoint_output[0m[2m:[0m [2mcrates/sui-core/src/checkpoints/checkpoint_output.rs[0m[2m:[0m[2m149:[0m Creating checkpoint CheckpointDigest(GA4SvdsYjLUocR3a37Jcuru3F4ehxZRtEHVDNhaAtM8C) at epoch 1, sequence 711, previous digest Some(CheckpointDigest(KSb7jsWuX9NQme9jPvbyVRFyFyzbhUvzykBrkFUvHAd)), transactions count 2, content digest CheckpointContentsDigest(tjxZy6RcsSLx2Y1zwHyNE8U7EsRPRMku2X4fJZbopV7), end_of_epoch_data None
[2m2025-03-25T07:57:11.122310Z[0m [32m INFO[0m [1mnode[0m[1m{[0m[3mname[0m[2m=[0mk#8dcff6d1..[1m}[0m[2m:[0m [2msui_core::checkpoints[0m[2m:[0m [2mcrates/sui-core/src/checkpoints/mod.rs[0m[2m:[0m[2m1326:[0m Creating checkpoint(s) for 2 transactions [3mnext_checkpoint_seq[0m[2m=[0m711 [3mcheckpoint_timestamp[0m[2m=[0m1742889430579
[2m2025-03-25T07:57:11.122579Z[0m [32m INFO[0m [1mnode[0m[1m{[0m[3mname[0m[2m=[0mk#8dcff6d1..[1m}[0m[2m:[0m [2msui_core::checkpoints::checkpoint_output[0m[2m:[0m [2mcrates/sui-core/src/checkpoints/checkpoint_output.rs[0m[2m:[0m[2m149:[0m Creating checkpoint CheckpointDigest(GA4SvdsYjLUocR3a37Jcuru3F4ehxZRtEHVDNhaAtM8C) at epoch 1, sequence 711, previous digest Some(CheckpointDigest(KSb7jsWuX9NQme9jPvbyVRFyFyzbhUvzykBrkFUvHAd)), transactions count 2, content digest CheckpointContentsDigest(tjxZy6RcsSLx2Y1zwHyNE8U7EsRPRMku2X4fJZbopV7), end_of_epoch_data None
[2m2025-03-25T07:57:11.122623Z[0m [32m INFO[0m [1mnode[0m[1m{[0m[3mname[0m[2m=[0mk#99f25ef6..[1m}[0m[2m:[0m [2msui_core::checkpoints[0m[2m:[0m [2mcrates/sui-core/src/checkpoints/mod.rs[0m[2m:[0m[2m1326:[0m Creating checkpoint(s) for 2 transactions [3mnext_checkpoint_seq[0m[2m=[0m711 [3mcheckpoint_timestamp[0m[2m=[0m1742889430579
[2m2025-03-25T07:57:11.122645Z[0m [32m INFO[0m [1mnode[0m[1m{[0m[3mname[0m[2m=[0mk#addeef94..[1m}[0m[2m:[0m [2msui_core::checkpoints::checkpoint_executor[0m[2m:[0m [2mcrates/sui-core/src/checkpoints/checkpoint_executor/mod.rs[0m[2m:[0m[2m332:[0m Received checkpoint summary from state sync [3msequence_number[0m[2m=[0m710
[2m2025-03-25T07:57:11.122872Z[0m [32m INFO[0m [1mnode[0m[1m{[0m[3mname[0m[2m=[0mk#99f25ef6..[1m}[0m[2m:[0m [2msui_core::checkpoints::checkpoint_output[0m[2m:[0m [2mcrates/sui-core/src/checkpoints/checkpoint_output.rs[0m[2m:[0m[2m149:[0m Creating checkpoint CheckpointDigest(GA4SvdsYjLUocR3a37Jcuru3F4ehxZRtEHVDNhaAtM8C) at epoch 1, sequence 711, previous digest Some(CheckpointDigest(KSb7jsWuX9NQme9jPvbyVRFyFyzbhUvzykBrkFUvHAd)), transactions count 2, content digest CheckpointContentsDigest(tjxZy6RcsSLx2Y1zwHyNE8U7EsRPRMku2X4fJZbopV7), end_of_epoch_data None
[2m2025-03-25T07:57:11.123483Z[0m [32m INFO[0m [1mnode[0m[1m{[0m[3mname[0m[2m=[0mk#addeef94..[1m}[0m[2m:[0m [2msui_core::state_accumulator[0m[2m:[0m [2mcrates/sui-core/src/state_accumulator.rs[0m[2m:[0m[2m675:[0m accumulating running root for checkpoint 710
[2m2025-03-25T07:57:11.200551Z[0m [32m INFO[0m [1mnode[0m[1m{[0m[3mname[0m[2m=[0mk#b3f3cbb4..[1m}[0m[2m:[0m [2msui_core::state_accumulator[0m[2m:[0m [2mcrates/sui-core/src/state_accumulator.rs[0m[2m:[0m[2m675:[0m accumulating running root for checkpoint 614
[2m2025-03-25T07:57:11.304534Z[0m [32m INFO[0m [1mnode[0m[1m{[0m[3mname[0m[2m=[0mk#8dcff6d1..[1m}[0m[2m:[0m [2mconsensus_core::commit_syncer[0m[2m:[0m [2mconsensus/core/src/commit_syncer.rs[0m[2m:[0m[2m196:[0m Checking to schedule fetches: synced_commit_index=498, highest_handled_index=498, highest_scheduled_index=0, quorum_commit_index=497, unhandled_commits_threshold=3200
[2m2025-03-25T07:57:11.328008Z[0m [32m INFO[0m [1mnode[0m[1m{[0m[3mname[0m[2m=[0mk#addeef94..[1m}[0m[2m:[0m [2mconsensus_core::commit_syncer[0m[2m:[0m [2mconsensus/core/src/commit_syncer.rs[0m[2m:[0m[2m196:[0m Checking to schedule fetches: synced_commit_index=498, highest_handled_index=498, highest_scheduled_index=0, quorum_commit_index=0, unhandled_commits_threshold=3200
[2m2025-03-25T07:57:11.331361Z[0m [32m INFO[0m [1mnode[0m[1m{[0m[3mname[0m[2m=[0mk#99f25ef6..[1m}[0m[2m:[0m [2mconsensus_core::commit_syncer[0m[2m:[0m [2mconsensus/core/src/commit_syncer.rs[0m[2m:[0m[2m196:[0m Checking to schedule fetches: synced_commit_index=498, highest_handled_index=498, highest_scheduled_index=0, quorum_commit_index=497, unhandled_commits_threshold=3200
[2m2025-03-25T07:57:11.343104Z[0m [32m INFO[0m [1mnode[0m[1m{[0m[3mname[0m[2m=[0mk#addeef94..[1m}[0m[2m:[0m [2mconsensus_core::core[0m[2m:[0m [2mconsensus/core/src/core.rs[0m[2m:[0m[2m945:[0m Included 3 ancestors & excluded 0 ancestors for proposal in round 513
[2m2025-03-25T07:57:11.343485Z[0m [32m INFO[0m [1mnode[0m[1m{[0m[3mname[0m[2m=[0mk#addeef94..[1m}[0m[2m:[0m [2mconsensus_core::core[0m[2m:[0m [2mconsensus/core/src/core.rs[0m[2m:[0m[2m531:[0m Created block B513(C,N4fAO2xD9Zwkmsf1OI71sHLTLO4Ilu+nAs9hHfsuuXQ=)(1742889431343ms;[B512(C,LyI1ZSxYiYwRvGeyV0pzFWj7D1D7xA0cvF1QrgUglOs=), B512(A,nJhoC9gatKJQHrYWBXGOovCrR9yhq50GUon5NkBF53Q=), B512(B,UIbfimFyL0Yjs6ljGUNicD8huLrmLGaM4GsVtj1Elrg=)];1t;1c) for round 513
[2m2025-03-25T07:57:11.345419Z[0m [32m INFO[0m [1mnode[0m[1m{[0m[3mname[0m[2m=[0mk#8dcff6d1..[1m}[0m[2m:[0m [2mconsensus_core::core[0m[2m:[0m [2mconsensus/core/src/core.rs[0m[2m:[0m[2m945:[0m Included 3 ancestors & excluded 0 ancestors for proposal in round 513
[2m2025-03-25T07:57:11.345708Z[0m [32m INFO[0m [1mnode[0m[1m{[0m[3mname[0m[2m=[0mk#8dcff6d1..[1m}[0m[2m:[0m [2mconsensus_core::core[0m[2m:[0m [2mconsensus/core/src/core.rs[0m[2m:[0m[2m531:[0m Created block B513(A,FT3LBUmXGgWpEEePQty3Evvx32LZoo8vIHhcNeBXjm0=)(1742889431345ms;[B512(A,nJhoC9gatKJQHrYWBXGOovCrR9yhq50GUon5NkBF53Q=), B512(B,UIbfimFyL0Yjs6ljGUNicD8huLrmLGaM4GsVtj1Elrg=), B512(C,LyI1ZSxYiYwRvGeyV0pzFWj7D1D7xA0cvF1QrgUglOs=)];1t;1c) for round 513
[2m2025-03-25T07:57:11.345779Z[0m [32m INFO[0m [1mnode[0m[1m{[0m[3mname[0m[2m=[0mk#8dcff6d1..[1m}[0m[2m:[0m [2mconsensus_core::core[0m[2m:[0m [2mconsensus/core/src/core.rs[0m[2m:[0m[2m630:[0m Committing 1 leaders: B511(A,FGP8)
[2m2025-03-25T07:57:11.345856Z[0m [32m INFO[0m [1mnode[0m[1m{[0m[3mname[0m[2m=[0mk#8dcff6d1..[1m}[0m[2m:[0m [2mconsensus_core::commit_observer[0m[2m:[0m [2mconsensus/core/src/commit_observer.rs[0m[2m:[0m[2m173:[0m Consensus commit C499(hFtR) with leader B511(A,FGP8) has 3 blocks
[2m2025-03-25T07:57:11.345948Z[0m [32m INFO[0m [1mnode[0m[1m{[0m[3mname[0m[2m=[0mk#8dcff6d1..[1m}[0m[2m:[0m [2msui_core::consensus_handler[0m[2m:[0m [2mcrates/sui-core/src/consensus_handler.rs[0m[2m:[0m[2m232:[0m Received consensus output [3mconsensus_commit[0m[2m=[0mCommittedSubDag(leader=B511(A,FGP8), ref=C499(hFtR), blocks=[NjT+, 0GD4, FGP8]) [3mepoch[0m[2m=[0m1
[2m2025-03-25T07:57:11.346532Z[0m [32m INFO[0m [1mnode[0m[1m{[0m[3mname[0m[2m=[0mk#99f25ef6..[1m}[0m[2m:[0m [2mconsensus_core::core[0m[2m:[0m [2mconsensus/core/src/core.rs[0m[2m:[0m[2m945:[0m Included 3 ancestors & excluded 0 ancestors for proposal in round 513
[2m2025-03-25T07:57:11.346817Z[0m [32m INFO[0m [1mnode[0m[1m{[0m[3mname[0m[2m=[0mk#99f25ef6..[1m}[0m[2m:[0m [2mconsensus_core::core[0m[2m:[0m [2mconsensus/core/src/core.rs[0m[2m:[0m[2m531:[0m Created block B513(B,uV+C4+pZqEG0A0fgactq1894tllC2LIw7Nr5sT7O1DE=)(1742889431346ms;[B512(B,UIbfimFyL0Yjs6ljGUNicD8huLrmLGaM4GsVtj1Elrg=), B512(A,nJhoC9gatKJQHrYWBXGOovCrR9yhq50GUon5NkBF53Q=), B512(C,LyI1ZSxYiYwRvGeyV0pzFWj7D1D7xA0cvF1QrgUglOs=)];1t;1c) for round 513
[2m2025-03-25T07:57:11.346880Z[0m [32m INFO[0m [1mnode[0m[1m{[0m[3mname[0m[2m=[0mk#99f25ef6..[1m}[0m[2m:[0m [2mconsensus_core::core[0m[2m:[0m [2mconsensus/core/src/core.rs[0m[2m:[0m[2m630:[0m Committing 1 leaders: B511(A,FGP8)
[2m2025-03-25T07:57:11.346952Z[0m [32m INFO[0m [1mnode[0m[1m{[0m[3mname[0m[2m=[0mk#99f25ef6..[1m}[0m[2m:[0m [2mconsensus_core::commit_observer[0m[2m:[0m [2mconsensus/core/src/commit_observer.rs[0m[2m:[0m[2m173:[0m Consensus commit C499(hFtR) with leader B511(A,FGP8) has 3 blocks
[2m2025-03-25T07:57:11.347032Z[0m [32m INFO[0m [1mnode[0m[1m{[0m[3mname[0m[2m=[0mk#99f25ef6..[1m}[0m[2m:[0m [2msui_core::consensus_handler[0m[2m:[0m [2mcrates/sui-core/src/consensus_handler.rs[0m[2m:[0m[2m232:[0m Received consensus output [3mconsensus_commit[0m[2m=[0mCommittedSubDag(leader=B511(A,FGP8), ref=C499(hFtR), blocks=[NjT+, 0GD4, FGP8]) [3mepoch[0m[2m=[0m1
[2m2025-03-25T07:57:11.348369Z[0m [32m INFO[0m [1mnode[0m[1m{[0m[3mname[0m[2m=[0mk#addeef94..[1m}[0m[2m:[0m [2mconsensus_core::core[0m[2m:[0m [2mconsensus/core/src/core.rs[0m[2m:[0m[2m630:[0m Committing 1 leaders: B511(A,FGP8)
[2m2025-03-25T07:57:11.348470Z[0m [32m INFO[0m [1mnode[0m[1m{[0m[3mname[0m[2m=[0mk#addeef94..[1m}[0m[2m:[0m [2mconsensus_core::commit_observer[0m[2m:[0m [2mconsensus/core/src/commit_observer.rs[0m[2m:[0m[2m173:[0m Consensus commit C499(hFtR) with leader B511(A,FGP8) has 3 blocks
[2m2025-03-25T07:57:11.348549Z[0m [32m INFO[0m [1mnode[0m[1m{[0m[3mname[0m[2m=[0mk#addeef94..[1m}[0m[2m:[0m [2msui_core::consensus_handler[0m[2m:[0m [2mcrates/sui-core/src/consensus_handler.rs[0m[2m:[0m[2m232:[0m Received consensus output [3mconsensus_commit[0m[2m=[0mCommittedSubDag(leader=B511(A,FGP8), ref=C499(hFtR), blocks=[NjT+, 0GD4, FGP8]) [3mepoch[0m[2m=[0m1
[2m2025-03-25T07:57:11.391891Z[0m [32m INFO[0m [1mnode[0m[1m{[0m[3mname[0m[2m=[0mk#8dcff6d1..[1m}[0m[2m:[0m [2msui_core::checkpoints[0m[2m:[0m [2mcrates/sui-core/src/checkpoints/mod.rs[0m[2m:[0m[2m1326:[0m Creating checkpoint(s) for 1 transactions [3mnext_checkpoint_seq[0m[2m=[0m712 [3mcheckpoint_timestamp[0m[2m=[0m1742889430836
[2m2025-03-25T07:57:11.392135Z[0m [32m INFO[0m [1mnode[0m[1m{[0m[3mname[0m[2m=[0mk#8dcff6d1..[1m}[0m[2m:[0m [2msui_core::checkpoints::checkpoint_output[0m[2m:[0m [2mcrates/sui-core/src/checkpoints/checkpoint_output.rs[0m[2m:[0m[2m149:[0m Creating checkpoint CheckpointDigest(4WbUmJ8ABZVefqmEKjkaAtb26Rrd5Qyye9KWLhSTfhC3) at epoch 1, sequence 712, previous digest Some(CheckpointDigest(GA4SvdsYjLUocR3a37Jcuru3F4ehxZRtEHVDNhaAtM8C)), transactions count 1, content digest CheckpointContentsDigest(79PtkjSMM4zXuFBfbrMF9dZK6DEif1FNHKKx9m7E5Zb5), end_of_epoch_data None
[2m2025-03-25T07:57:11.393908Z[0m [32m INFO[0m [1mnode[0m[1m{[0m[3mname[0m[2m=[0mk#99f25ef6..[1m}[0m[2m:[0m [2msui_core::checkpoints[0m[2m:[0m [2mcrates/sui-core/src/checkpoints/mod.rs[0m[2m:[0m[2m1326:[0m Creating checkpoint(s) for 1 transactions [3mnext_checkpoint_seq[0m[2m=[0m712 [3mcheckpoint_timestamp[0m[2m=[0m1742889430836
[2m2025-03-25T07:57:11.394028Z[0m [32m INFO[0m [1mnode[0m[1m{[0m[3mname[0m[2m=[0mk#addeef94..[1m}[0m[2m:[0m [2msui_core::checkpoints[0m[2m:[0m [2mcrates/sui-core/src/checkpoints/mod.rs[0m[2m:[0m[2m1326:[0m Creating checkpoint(s) for 1 transactions [3mnext_checkpoint_seq[0m[2m=[0m712 [3mcheckpoint_timestamp[0m[2m=[0m1742889430836
[2m2025-03-25T07:57:11.394088Z[0m [32m INFO[0m [1mnode[0m[1m{[0m[3mname[0m[2m=[0mk#99f25ef6..[1m}[0m[2m:[0m [2msui_core::checkpoints::checkpoint_output[0m[2m:[0m [2mcrates/sui-core/src/checkpoints/checkpoint_output.rs[0m[2m:[0m[2m149:[0m Creating checkpoint CheckpointDigest(4WbUmJ8ABZVefqmEKjkaAtb26Rrd5Qyye9KWLhSTfhC3) at epoch 1, sequence 712, previous digest Some(CheckpointDigest(GA4SvdsYjLUocR3a37Jcuru3F4ehxZRtEHVDNhaAtM8C)), transactions count 1, content digest CheckpointContentsDigest(79PtkjSMM4zXuFBfbrMF9dZK6DEif1FNHKKx9m7E5Zb5), end_of_epoch_data None
[2m2025-03-25T07:57:11.394200Z[0m [32m INFO[0m [1mnode[0m[1m{[0m[3mname[0m[2m=[0mk#addeef94..[1m}[0m[2m:[0m [2msui_core::checkpoints::checkpoint_output[0m[2m:[0m [2mcrates/sui-core/src/checkpoints/checkpoint_output.rs[0m[2m:[0m[2m149:[0m Creating checkpoint CheckpointDigest(4WbUmJ8ABZVefqmEKjkaAtb26Rrd5Qyye9KWLhSTfhC3) at epoch 1, sequence 712, previous digest Some(CheckpointDigest(GA4SvdsYjLUocR3a37Jcuru3F4ehxZRtEHVDNhaAtM8C)), transactions count 1, content digest CheckpointContentsDigest(79PtkjSMM4zXuFBfbrMF9dZK6DEif1FNHKKx9m7E5Zb5), end_of_epoch_data None
[2m2025-03-25T07:57:11.395531Z[0m [32m INFO[0m [1mnode[0m[1m{[0m[3mname[0m[2m=[0mk#8dcff6d1..[1m}[0m[2m:[0m [2msui_core::checkpoints::checkpoint_output[0m[2m:[0m [2mcrates/sui-core/src/checkpoints/checkpoint_output.rs[0m[2m:[0m[2m196:[0m Certified checkpoint with sequence 711 and digest GA4SvdsYjLUocR3a37Jcuru3F4ehxZRtEHVDNhaAtM8C
[2m2025-03-25T07:57:11.397238Z[0m [32m INFO[0m [1mnode[0m[1m{[0m[3mname[0m[2m=[0mk#99f25ef6..[1m}[0m[2m:[0m [2msui_core::checkpoints::checkpoint_output[0m[2m:[0m [2mcrates/sui-core/src/checkpoints/checkpoint_output.rs[0m[2m:[0m[2m196:[0m Certified checkpoint with sequence 711 and digest GA4SvdsYjLUocR3a37Jcuru3F4ehxZRtEHVDNhaAtM8C
[2m2025-03-25T07:57:11.399026Z[0m [32m INFO[0m [1mnode[0m[1m{[0m[3mname[0m[2m=[0mk#8dcff6d1..[1m}[0m[2m:[0m [2msui_core::checkpoints::checkpoint_executor[0m[2m:[0m [2mcrates/sui-core/src/checkpoints/checkpoint_executor/mod.rs[0m[2m:[0m[2m332:[0m Received checkpoint summary from state sync [3msequence_number[0m[2m=[0m711
[2m2025-03-25T07:57:11.403119Z[0m [32m INFO[0m [1mnode[0m[1m{[0m[3mname[0m[2m=[0mk#99f25ef6..[1m}[0m[2m:[0m [2msui_core::checkpoints::checkpoint_executor[0m[2m:[0m [2mcrates/sui-core/src/checkpoints/checkpoint_executor/mod.rs[0m[2m:[0m[2m332:[0m Received checkpoint summary from state sync [3msequence_number[0m[2m=[0m711
[2m2025-03-25T07:57:11.417696Z[0m [32m INFO[0m [1mnode[0m[1m{[0m[3mname[0m[2m=[0mk#8dcff6d1..[1m}[0m[2m:[0m [2msui_core::state_accumulator[0m[2m:[0m [2mcrates/sui-core/src/state_accumulator.rs[0m[2m:[0m[2m675:[0m accumulating running root for checkpoint 711
[2m2025-03-25T07:57:11.418574Z[0m [32m INFO[0m [1mnode[0m[1m{[0m[3mname[0m[2m=[0mk#99f25ef6..[1m}[0m[2m:[0m [2msui_core::state_accumulator[0m[2m:[0m [2mcrates/sui-core/src/state_accumulator.rs[0m[2m:[0m[2m675:[0m accumulating running root for checkpoint 711
[2m2025-03-25T07:57:11.463083Z[0m [32m INFO[0m [1mnode[0m[1m{[0m[3mname[0m[2m=[0mk#addeef94..[1m}[0m[2m:[0m [2msui_core::checkpoints::checkpoint_executor[0m[2m:[0m [2mcrates/sui-core/src/checkpoints/checkpoint_executor/mod.rs[0m[2m:[0m[2m332:[0m Received checkpoint summary from state sync [3msequence_number[0m[2m=[0m711
[2m2025-03-25T07:57:11.464419Z[0m [32m INFO[0m [1mnode[0m[1m{[0m[3mname[0m[2m=[0mk#addeef94..[1m}[0m[2m:[0m [2msui_core::state_accumulator[0m[2m:[0m [2mcrates/sui-core/src/state_accumulator.rs[0m[2m:[0m[2m675:[0m accumulating running root for checkpoint 711
[2m2025-03-25T07:57:11.597786Z[0m [32m INFO[0m [1mnode[0m[1m{[0m[3mname[0m[2m=[0mk#8dcff6d1..[1m}[0m[2m:[0m [2mconsensus_core::core[0m[2m:[0m [2mconsensus/core/src/core.rs[0m[2m:[0m[2m945:[0m Included 3 ancestors & excluded 0 ancestors for proposal in round 514
[2m2025-03-25T07:57:11.598152Z[0m [32m INFO[0m [1mnode[0m[1m{[0m[3mname[0m[2m=[0mk#8dcff6d1..[1m}[0m[2m:[0m [2mconsensus_core::core[0m[2m:[0m [2mconsensus/core/src/core.rs[0m[2m:[0m[2m531:[0m Created block B514(A,ET960fKVtZTVFFEKyDuX1uiB4rKl0ausA8e2rNOs5VA=)(1742889431598ms;[B513(A,FT3LBUmXGgWpEEePQty3Evvx32LZoo8vIHhcNeBXjm0=), B513(B,uV+C4+pZqEG0A0fgactq1894tllC2LIw7Nr5sT7O1DE=), B513(C,N4fAO2xD9Zwkmsf1OI71sHLTLO4Ilu+nAs9hHfsuuXQ=)];1t;1c) for round 514
[2m2025-03-25T07:57:11.599809Z[0m [32m INFO[0m [1mnode[0m[1m{[0m[3mname[0m[2m=[0mk#99f25ef6..[1m}[0m[2m:[0m [2mconsensus_core::core[0m[2m:[0m [2mconsensus/core/src/core.rs[0m[2m:[0m[2m945:[0m Included 3 ancestors & excluded 0 ancestors for proposal in round 514
[2m2025-03-25T07:57:11.600106Z[0m [32m INFO[0m [1mnode[0m[1m{[0m[3mname[0m[2m=[0mk#99f25ef6..[1m}[0m[2m:[0m [2mconsensus_core::core[0m[2m:[0m [2mconsensus/core/src/core.rs[0m[2m:[0m[2m531:[0m Created block B514(B,OMFahkhmjohChnhxOOvem/9JGauOta899RGGsmFI/V8=)(1742889431600ms;[B513(B,uV+C4+pZqEG0A0fgactq1894tllC2LIw7Nr5sT7O1DE=), B513(A,FT3LBUmXGgWpEEePQty3Evvx32LZoo8vIHhcNeBXjm0=), B513(C,N4fAO2xD9Zwkmsf1OI71sHLTLO4Ilu+nAs9hHfsuuXQ=)];1t;1c) for round 514
[2m2025-03-25T07:57:11.600153Z[0m [32m INFO[0m [1mnode[0m[1m{[0m[3mname[0m[2m=[0mk#addeef94..[1m}[0m[2m:[0m [2mconsensus_core::core[0m[2m:[0m [2mconsensus/core/src/core.rs[0m[2m:[0m[2m945:[0m Included 3 ancestors & excluded 0 ancestors for proposal in round 514
[2m2025-03-25T07:57:11.600452Z[0m [32m INFO[0m [1mnode[0m[1m{[0m[3mname[0m[2m=[0mk#addeef94..[1m}[0m[2m:[0m [2mconsensus_core::core[0m[2m:[0m [2mconsensus/core/src/core.rs[0m[2m:[0m[2m531:[0m Created block B514(C,1SgZhZTBi2I9QQ5C6kCLASC8aPYfC84uLIX2Fem0jm4=)(1742889431600ms;[B513(C,N4fAO2xD9Zwkmsf1OI71sHLTLO4Ilu+nAs9hHfsuuXQ=), B513(A,FT3LBUmXGgWpEEePQty3Evvx32LZoo8vIHhcNeBXjm0=), B513(B,uV+C4+pZqEG0A0fgactq1894tllC2LIw7Nr5sT7O1DE=)];1t;1c) for round 514
[2m2025-03-25T07:57:11.600526Z[0m [32m INFO[0m [1mnode[0m[1m{[0m[3mname[0m[2m=[0mk#addeef94..[1m}[0m[2m:[0m [2mconsensus_core::core[0m[2m:[0m [2mconsensus/core/src/core.rs[0m[2m:[0m[2m630:[0m Committing 1 leaders: B512(B,UIbf)
[2m2025-03-25T07:57:11.600605Z[0m [32m INFO[0m [1mnode[0m[1m{[0m[3mname[0m[2m=[0mk#addeef94..[1m}[0m[2m:[0m [2mconsensus_core::commit_observer[0m[2m:[0m [2mconsensus/core/src/commit_observer.rs[0m[2m:[0m[2m173:[0m Consensus commit C500(ho5B) with leader B512(B,UIbf) has 3 blocks
[2m2025-03-25T07:57:11.600691Z[0m [32m INFO[0m [1mnode[0m[1m{[0m[3mname[0m[2m=[0mk#addeef94..[1m}[0m[2m:[0m [2msui_core::consensus_handler[0m[2m:[0m [2mcrates/sui-core/src/consensus_handler.rs[0m[2m:[0m[2m232:[0m Received consensus output [3mconsensus_commit[0m[2m=[0mCommittedSubDag(leader=B512(B,UIbf), ref=C500(ho5B), blocks=[QVoN, +KRf, UIbf]) [3mepoch[0m[2m=[0m1
[2m2025-03-25T07:57:11.603728Z[0m [32m INFO[0m [1mnode[0m[1m{[0m[3mname[0m[2m=[0mk#99f25ef6..[1m}[0m[2m:[0m [2msui_core::checkpoints::checkpoint_output[0m[2m:[0m [2mcrates/sui-core/src/checkpoints/checkpoint_output.rs[0m[2m:[0m[2m196:[0m Certified checkpoint with sequence 712 and digest 4WbUmJ8ABZVefqmEKjkaAtb26Rrd5Qyye9KWLhSTfhC3
[2m2025-03-25T07:57:11.603842Z[0m [32m INFO[0m [1mnode[0m[1m{[0m[3mname[0m[2m=[0mk#99f25ef6..[1m}[0m[2m:[0m [2mconsensus_core::core[0m[2m:[0m [2mconsensus/core/src/core.rs[0m[2m:[0m[2m630:[0m Committing 1 leaders: B512(B,UIbf)
[2m2025-03-25T07:57:11.603955Z[0m [32m INFO[0m [1mnode[0m[1m{[0m[3mname[0m[2m=[0mk#99f25ef6..[1m}[0m[2m:[0m [2mconsensus_core::commit_observer[0m[2m:[0m [2mconsensus/core/src/commit_observer.rs[0m[2m:[0m[2m173:[0m Consensus commit C500(ho5B) with leader B512(B,UIbf) has 3 blocks
[2m2025-03-25T07:57:11.604147Z[0m [32m INFO[0m [1mnode[0m[1m{[0m[3mname[0m[2m=[0mk#8dcff6d1..[1m}[0m[2m:[0m [2msui_core::checkpoints::checkpoint_output[0m[2m:[0m [2mcrates/sui-core/src/checkpoints/checkpoint_output.rs[0m[2m:[0m[2m196:[0m Certified checkpoint with sequence 712 and digest 4WbUmJ8ABZVefqmEKjkaAtb26Rrd5Qyye9KWLhSTfhC3
[2m2025-03-25T07:57:11.604249Z[0m [32m INFO[0m [1mnode[0m[1m{[0m[3mname[0m[2m=[0mk#8dcff6d1..[1m}[0m[2m:[0m [2mconsensus_core::core[0m[2m:[0m [2mconsensus/core/src/core.rs[0m[2m:[0m[2m630:[0m Committing 1 leaders: B512(B,UIbf)
[2m2025-03-25T07:57:11.604356Z[0m [32m INFO[0m [1mnode[0m[1m{[0m[3mname[0m[2m=[0mk#99f25ef6..[1m}[0m[2m:[0m [2msui_core::consensus_handler[0m[2m:[0m [2mcrates/sui-core/src/consensus_handler.rs[0m[2m:[0m[2m232:[0m Received consensus output [3mconsensus_commit[0m[2m=[0mCommittedSubDag(leader=B512(B,UIbf), ref=C500(ho5B), blocks=[QVoN, +KRf, UIbf]) [3mepoch[0m[2m=[0m1
[2m2025-03-25T07:57:11.604362Z[0m [32m INFO[0m [1mnode[0m[1m{[0m[3mname[0m[2m=[0mk#8dcff6d1..[1m}[0m[2m:[0m [2mconsensus_core::commit_observer[0m[2m:[0m [2mconsensus/core/src/commit_observer.rs[0m[2m:[0m[2m173:[0m Consensus commit C500(ho5B) with leader B512(B,UIbf) has 3 blocks
[2m2025-03-25T07:57:11.604738Z[0m [32m INFO[0m [1mnode[0m[1m{[0m[3mname[0m[2m=[0mk#8dcff6d1..[1m}[0m[2m:[0m [2msui_core::consensus_handler[0m[2m:[0m [2mcrates/sui-core/src/consensus_handler.rs[0m[2m:[0m[2m232:[0m Received consensus output [3mconsensus_commit[0m[2m=[0mCommittedSubDag(leader=B512(B,UIbf), ref=C500(ho5B), blocks=[QVoN, +KRf, UIbf]) [3mepoch[0m[2m=[0m1
[2m2025-03-25T07:57:11.604936Z[0m [32m INFO[0m [1mnode[0m[1m{[0m[3mname[0m[2m=[0mk#99f25ef6..[1m}[0m[2m:[0m [2msui_core::checkpoints::checkpoint_executor[0m[2m:[0m [2mcrates/sui-core/src/checkpoints/checkpoint_executor/mod.rs[0m[2m:[0m[2m332:[0m Received checkpoint summary from state sync [3msequence_number[0m[2m=[0m712
[2m2025-03-25T07:57:11.605269Z[0m [32m INFO[0m [1mnode[0m[1m{[0m[3mname[0m[2m=[0mk#8dcff6d1..[1m}[0m[2m:[0m [2msui_core::checkpoints::checkpoint_executor[0m[2m:[0m [2mcrates/sui-core/src/checkpoints/checkpoint_executor/mod.rs[0m[2m:[0m[2m332:[0m Received checkpoint summary from state sync [3msequence_number[0m[2m=[0m712
[2m2025-03-25T07:57:11.606432Z[0m [32m INFO[0m [1mnode[0m[1m{[0m[3mname[0m[2m=[0mk#99f25ef6..[1m}[0m[2m:[0m [2msui_core::state_accumulator[0m[2m:[0m [2mcrates/sui-core/src/state_accumulator.rs[0m[2m:[0m[2m675:[0m accumulating running root for checkpoint 712
[2m2025-03-25T07:57:11.606564Z[0m [32m INFO[0m [1mnode[0m[1m{[0m[3mname[0m[2m=[0mk#8dcff6d1..[1m}[0m[2m:[0m [2msui_core::state_accumulator[0m[2m:[0m [2mcrates/sui-core/src/state_accumulator.rs[0m[2m:[0m[2m675:[0m accumulating running root for checkpoint 712
[2m2025-03-25T07:57:11.627425Z[0m [32m INFO[0m [1mnode[0m[1m{[0m[3mname[0m[2m=[0mk#addeef94..[1m}[0m[2m:[0m [2msui_core::checkpoints[0m[2m:[0m [2mcrates/sui-core/src/checkpoints/mod.rs[0m[2m:[0m[2m1326:[0m Creating checkpoint(s) for 2 transactions [3mnext_checkpoint_seq[0m[2m=[0m713 [3mcheckpoint_timestamp[0m[2m=[0m1742889431088
[2m2025-03-25T07:57:11.627734Z[0m [32m INFO[0m [1mnode[0m[1m{[0m[3mname[0m[2m=[0mk#addeef94..[1m}[0m[2m:[0m [2msui_core::checkpoints::checkpoint_output[0m[2m:[0m [2mcrates/sui-core/src/checkpoints/checkpoint_output.rs[0m[2m:[0m[2m149:[0m Creating checkpoint CheckpointDigest(Hfnc22G6dZ7TofvPJ6DWH3WRsWT1uCi32SV3oo9HdXsW) at epoch 1, sequence 713, previous digest Some(CheckpointDigest(4WbUmJ8ABZVefqmEKjkaAtb26Rrd5Qyye9KWLhSTfhC3)), transactions count 2, content digest CheckpointContentsDigest(J8Dkaqz3sEBVx93oQ7VnipreLaakj9svbDrVGAYgB5eW), end_of_epoch_data None
[2m2025-03-25T07:57:11.631922Z[0m [32m INFO[0m [1mnode[0m[1m{[0m[3mname[0m[2m=[0mk#8dcff6d1..[1m}[0m[2m:[0m [2msui_core::checkpoints[0m[2m:[0m [2mcrates/sui-core/src/checkpoints/mod.rs[0m[2m:[0m[2m1326:[0m Creating checkpoint(s) for 2 transactions [3mnext_checkpoint_seq[0m[2m=[0m713 [3mcheckpoint_timestamp[0m[2m=[0m1742889431088
[2m2025-03-25T07:57:11.631924Z[0m [32m INFO[0m [1mnode[0m[1m{[0m[3mname[0m[2m=[0mk#99f25ef6..[1m}[0m[2m:[0m [2msui_core::checkpoints[0m[2m:[0m [2mcrates/sui-core/src/checkpoints/mod.rs[0m[2m:[0m[2m1326:[0m Creating checkpoint(s) for 2 transactions [3mnext_checkpoint_seq[0m[2m=[0m713 [3mcheckpoint_timestamp[0m[2m=[0m1742889431088
[2m2025-03-25T07:57:11.632083Z[0m [32m INFO[0m [1mnode[0m[1m{[0m[3mname[0m[2m=[0mk#addeef94..[1m}[0m[2m:[0m [2msui_core::checkpoints::checkpoint_executor[0m[2m:[0m [2mcrates/sui-core/src/checkpoints/checkpoint_executor/mod.rs[0m[2m:[0m[2m332:[0m Received checkpoint summary from state sync [3msequence_number[0m[2m=[0m712
[2m2025-03-25T07:57:11.632194Z[0m [32m INFO[0m [1mnode[0m[1m{[0m[3mname[0m[2m=[0mk#8dcff6d1..[1m}[0m[2m:[0m [2msui_core::checkpoints::checkpoint_output[0m[2m:[0m [2mcrates/sui-core/src/checkpoints/checkpoint_output.rs[0m[2m:[0m[2m149:[0m Creating checkpoint CheckpointDigest(Hfnc22G6dZ7TofvPJ6DWH3WRsWT1uCi32SV3oo9HdXsW) at epoch 1, sequence 713, previous digest Some(CheckpointDigest(4WbUmJ8ABZVefqmEKjkaAtb26Rrd5Qyye9KWLhSTfhC3)), transactions count 2, content digest CheckpointContentsDigest(J8Dkaqz3sEBVx93oQ7VnipreLaakj9svbDrVGAYgB5eW), end_of_epoch_data None
[2m2025-03-25T07:57:11.632198Z[0m [32m INFO[0m [1mnode[0m[1m{[0m[3mname[0m[2m=[0mk#99f25ef6..[1m}[0m[2m:[0m [2msui_core::checkpoints::checkpoint_output[0m[2m:[0m [2mcrates/sui-core/src/checkpoints/checkpoint_output.rs[0m[2m:[0m[2m149:[0m Creating checkpoint CheckpointDigest(Hfnc22G6dZ7TofvPJ6DWH3WRsWT1uCi32SV3oo9HdXsW) at epoch 1, sequence 713, previous digest Some(CheckpointDigest(4WbUmJ8ABZVefqmEKjkaAtb26Rrd5Qyye9KWLhSTfhC3)), transactions count 2, content digest CheckpointContentsDigest(J8Dkaqz3sEBVx93oQ7VnipreLaakj9svbDrVGAYgB5eW), end_of_epoch_data None
[2m2025-03-25T07:57:11.632946Z[0m [32m INFO[0m [1mnode[0m[1m{[0m[3mname[0m[2m=[0mk#addeef94..[1m}[0m[2m:[0m [2msui_core::state_accumulator[0m[2m:[0m [2mcrates/sui-core/src/state_accumulator.rs[0m[2m:[0m[2m675:[0m accumulating running root for checkpoint 712
[2m2025-03-25T07:57:11.853632Z[0m [32m INFO[0m [1mnode[0m[1m{[0m[3mname[0m[2m=[0mk#addeef94..[1m}[0m[2m:[0m [2mconsensus_core::core[0m[2m:[0m [2mconsensus/core/src/core.rs[0m[2m:[0m[2m945:[0m Included 3 ancestors & excluded 0 ancestors for proposal in round 515
[2m2025-03-25T07:57:11.854079Z[0m [32m INFO[0m [1mnode[0m[1m{[0m[3mname[0m[2m=[0mk#addeef94..[1m}[0m[2m:[0m [2mconsensus_core::core[0m[2m:[0m [2mconsensus/core/src/core.rs[0m[2m:[0m[2m531:[0m Created block B515(C,aBkpyM8Bn3bcOoCJKrHhCEjbmdKgBnGYnwnmNuv2a44=)(1742889431853ms;[B514(C,1SgZhZTBi2I9QQ5C6kCLASC8aPYfC84uLIX2Fem0jm4=), B514(A,ET960fKVtZTVFFEKyDuX1uiB4rKl0ausA8e2rNOs5VA=), B514(B,OMFahkhmjohChnhxOOvem/9JGauOta899RGGsmFI/V8=)];1t;1c) for round 515
[2m2025-03-25T07:57:11.856168Z[0m [32m INFO[0m [1mnode[0m[1m{[0m[3mname[0m[2m=[0mk#99f25ef6..[1m}[0m[2m:[0m [2mconsensus_core::core[0m[2m:[0m [2mconsensus/core/src/core.rs[0m[2m:[0m[2m945:[0m Included 3 ancestors & excluded 0 ancestors for proposal in round 515
[2m2025-03-25T07:57:11.856168Z[0m [32m INFO[0m [1mnode[0m[1m{[0m[3mname[0m[2m=[0mk#8dcff6d1..[1m}[0m[2m:[0m [2mconsensus_core::core[0m[2m:[0m [2mconsensus/core/src/core.rs[0m[2m:[0m[2m945:[0m Included 3 ancestors & excluded 0 ancestors for proposal in round 515
[2m2025-03-25T07:57:11.856473Z[0m [32m INFO[0m [1mnode[0m[1m{[0m[3mname[0m[2m=[0mk#99f25ef6..[1m}[0m[2m:[0m [2mconsensus_core::core[0m[2m:[0m [2mconsensus/core/src/core.rs[0m[2m:[0m[2m531:[0m Created block B515(B,z5e1AqcGMyAd3qnIXtjSRfK3JGwyexvLU+5VSoA50RE=)(1742889431856ms;[B514(B,OMFahkhmjohChnhxOOvem/9JGauOta899RGGsmFI/V8=), B514(A,ET960fKVtZTVFFEKyDuX1uiB4rKl0ausA8e2rNOs5VA=), B514(C,1SgZhZTBi2I9QQ5C6kCLASC8aPYfC84uLIX2Fem0jm4=)];1t;1c) for round 515
[2m2025-03-25T07:57:11.856477Z[0m [32m INFO[0m [1mnode[0m[1m{[0m[3mname[0m[2m=[0mk#8dcff6d1..[1m}[0m[2m:[0m [2mconsensus_core::core[0m[2m:[0m [2mconsensus/core/src/core.rs[0m[2m:[0m[2m531:[0m Created block B515(A,sqCzoy3f0f2myKnWkbI64imsNp0E2mGn8LCstL9qFSU=)(1742889431856ms;[B514(A,ET960fKVtZTVFFEKyDuX1uiB4rKl0ausA8e2rNOs5VA=), B514(B,OMFahkhmjohChnhxOOvem/9JGauOta899RGGsmFI/V8=), B514(C,1SgZhZTBi2I9QQ5C6kCLASC8aPYfC84uLIX2Fem0jm4=)];1t;1c) for round 515
[2m2025-03-25T07:57:11.856549Z[0m [32m INFO[0m [1mnode[0m[1m{[0m[3mname[0m[2m=[0mk#99f25ef6..[1m}[0m[2m:[0m [2mconsensus_core::core[0m[2m:[0m [2mconsensus/core/src/core.rs[0m[2m:[0m[2m630:[0m Committing 1 leaders: B513(B,uV+C)
[2m2025-03-25T07:57:11.856549Z[0m [32m INFO[0m [1mnode[0m[1m{[0m[3mname[0m[2m=[0mk#8dcff6d1..[1m}[0m[2m:[0m [2mconsensus_core::core[0m[2m:[0m [2mconsensus/core/src/core.rs[0m[2m:[0m[2m630:[0m Committing 1 leaders: B513(B,uV+C)
[2m2025-03-25T07:57:11.856636Z[0m [32m INFO[0m [1mnode[0m[1m{[0m[3mname[0m[2m=[0mk#8dcff6d1..[1m}[0m[2m:[0m [2mconsensus_core::commit_observer[0m[2m:[0m [2mconsensus/core/src/commit_observer.rs[0m[2m:[0m[2m173:[0m Consensus commit C501(cOit) with leader B513(B,uV+C) has 3 blocks
[2m2025-03-25T07:57:11.856636Z[0m [32m INFO[0m [1mnode[0m[1m{[0m[3mname[0m[2m=[0mk#99f25ef6..[1m}[0m[2m:[0m [2mconsensus_core::commit_observer[0m[2m:[0m [2mconsensus/core/src/commit_observer.rs[0m[2m:[0m[2m173:[0m Consensus commit C501(cOit) with leader B513(B,uV+C) has 3 blocks
[2m2025-03-25T07:57:11.856736Z[0m [32m INFO[0m [1mnode[0m[1m{[0m[3mname[0m[2m=[0mk#99f25ef6..[1m}[0m[2m:[0m [2msui_core::consensus_handler[0m[2m:[0m [2mcrates/sui-core/src/consensus_handler.rs[0m[2m:[0m[2m232:[0m Received consensus output [3mconsensus_commit[0m[2m=[0mCommittedSubDag(leader=B513(B,uV+C), ref=C501(cOit), blocks=[nJho, LyI1, uV+C]) [3mepoch[0m[2m=[0m1
[2m2025-03-25T07:57:11.856736Z[0m [32m INFO[0m [1mnode[0m[1m{[0m[3mname[0m[2m=[0mk#8dcff6d1..[1m}[0m[2m:[0m [2msui_core::consensus_handler[0m[2m:[0m [2mcrates/sui-core/src/consensus_handler.rs[0m[2m:[0m[2m232:[0m Received consensus output [3mconsensus_commit[0m[2m=[0mCommittedSubDag(leader=B513(B,uV+C), ref=C501(cOit), blocks=[nJho, LyI1, uV+C]) [3mepoch[0m[2m=[0m1
[2m2025-03-25T07:57:11.859228Z[0m [32m INFO[0m [1mnode[0m[1m{[0m[3mname[0m[2m=[0mk#addeef94..[1m}[0m[2m:[0m [2mconsensus_core::core[0m[2m:[0m [2mconsensus/core/src/core.rs[0m[2m:[0m[2m630:[0m Committing 1 leaders: B513(B,uV+C)
[2m2025-03-25T07:57:11.859323Z[0m [32m INFO[0m [1mnode[0m[1m{[0m[3mname[0m[2m=[0mk#addeef94..[1m}[0m[2m:[0m [2mconsensus_core::commit_observer[0m[2m:[0m [2mconsensus/core/src/commit_observer.rs[0m[2m:[0m[2m173:[0m Consensus commit C501(cOit) with leader B513(B,uV+C) has 3 blocks
[2m2025-03-25T07:57:11.859395Z[0m [32m INFO[0m [1mnode[0m[1m{[0m[3mname[0m[2m=[0mk#addeef94..[1m}[0m[2m:[0m [2msui_core::consensus_handler[0m[2m:[0m [2mcrates/sui-core/src/consensus_handler.rs[0m[2m:[0m[2m232:[0m Received consensus output [3mconsensus_commit[0m[2m=[0mCommittedSubDag(leader=B513(B,uV+C), ref=C501(cOit), blocks=[nJho, LyI1, uV+C]) [3mepoch[0m[2m=[0m1
[2m2025-03-25T07:57:11.902899Z[0m [32m INFO[0m [1mnode[0m[1m{[0m[3mname[0m[2m=[0mk#8dcff6d1..[1m}[0m[2m:[0m [2msui_core::checkpoints[0m[2m:[0m [2mcrates/sui-core/src/checkpoints/mod.rs[0m[2m:[0m[2m1326:[0m Creating checkpoint(s) for 1 transactions [3mnext_checkpoint_seq[0m[2m=[0m714 [3mcheckpoint_timestamp[0m[2m=[0m1742889431346
[2m2025-03-25T07:57:11.902933Z[0m [32m INFO[0m [1mnode[0m[1m{[0m[3mname[0m[2m=[0mk#99f25ef6..[1m}[0m[2m:[0m [2msui_core::checkpoints[0m[2m:[0m [2mcrates/sui-core/src/checkpoints/mod.rs[0m[2m:[0m[2m1326:[0m Creating checkpoint(s) for 1 transactions [3mnext_checkpoint_seq[0m[2m=[0m714 [3mcheckpoint_timestamp[0m[2m=[0m1742889431346
[2m2025-03-25T07:57:11.903136Z[0m [32m INFO[0m [1mnode[0m[1m{[0m[3mname[0m[2m=[0mk#99f25ef6..[1m}[0m[2m:[0m [2msui_core::checkpoints::checkpoint_output[0m[2m:[0m [2mcrates/sui-core/src/checkpoints/checkpoint_output.rs[0m[2m:[0m[2m149:[0m Creating checkpoint CheckpointDigest(CD6WKv6HaLEdg1waxaQdyXgKPTGm2n8MgEM2rkQqPRsg) at epoch 1, sequence 714, previous digest Some(CheckpointDigest(Hfnc22G6dZ7TofvPJ6DWH3WRsWT1uCi32SV3oo9HdXsW)), transactions count 1, content digest CheckpointContentsDigest(3SiZxS1feWQJaL1NnzSQWCKeAZe5CEBNVhVVdPDbanHr), end_of_epoch_data None
[2m2025-03-25T07:57:11.903136Z[0m [32m INFO[0m [1mnode[0m[1m{[0m[3mname[0m[2m=[0mk#8dcff6d1..[1m}[0m[2m:[0m [2msui_core::checkpoints::checkpoint_output[0m[2m:[0m [2mcrates/sui-core/src/checkpoints/checkpoint_output.rs[0m[2m:[0m[2m149:[0m Creating checkpoint CheckpointDigest(CD6WKv6HaLEdg1waxaQdyXgKPTGm2n8MgEM2rkQqPRsg) at epoch 1, sequence 714, previous digest Some(CheckpointDigest(Hfnc22G6dZ7TofvPJ6DWH3WRsWT1uCi32SV3oo9HdXsW)), transactions count 1, content digest CheckpointContentsDigest(3SiZxS1feWQJaL1NnzSQWCKeAZe5CEBNVhVVdPDbanHr), end_of_epoch_data None
[2m2025-03-25T07:57:11.903728Z[0m [32m INFO[0m [1mnode[0m[1m{[0m[3mname[0m[2m=[0mk#addeef94..[1m}[0m[2m:[0m [2msui_core::checkpoints[0m[2m:[0m [2mcrates/sui-core/src/checkpoints/mod.rs[0m[2m:[0m[2m1326:[0m Creating checkpoint(s) for 1 transactions [3mnext_checkpoint_seq[0m[2m=[0m714 [3mcheckpoint_timestamp[0m[2m=[0m1742889431346
[2m2025-03-25T07:57:11.903985Z[0m [32m INFO[0m [1mnode[0m[1m{[0m[3mname[0m[2m=[0mk#addeef94..[1m}[0m[2m:[0m [2msui_core::checkpoints::checkpoint_output[0m[2m:[0m [2mcrates/sui-core/src/checkpoints/checkpoint_output.rs[0m[2m:[0m[2m149:[0m Creating checkpoint CheckpointDigest(CD6WKv6HaLEdg1waxaQdyXgKPTGm2n8MgEM2rkQqPRsg) at epoch 1, sequence 714, previous digest Some(CheckpointDigest(Hfnc22G6dZ7TofvPJ6DWH3WRsWT1uCi32SV3oo9HdXsW)), transactions count 1, content digest CheckpointContentsDigest(3SiZxS1feWQJaL1NnzSQWCKeAZe5CEBNVhVVdPDbanHr), end_of_epoch_data None
[2m2025-03-25T07:57:11.906645Z[0m [32m INFO[0m [1mnode[0m[1m{[0m[3mname[0m[2m=[0mk#8dcff6d1..[1m}[0m[2m:[0m [2msui_core::checkpoints::checkpoint_output[0m[2m:[0m [2mcrates/sui-core/src/checkpoints/checkpoint_output.rs[0m[2m:[0m[2m196:[0m Certified checkpoint with sequence 713 and digest Hfnc22G6dZ7TofvPJ6DWH3WRsWT1uCi32SV3oo9HdXsW
[2m2025-03-25T07:57:11.906649Z[0m [32m INFO[0m [1mnode[0m[1m{[0m[3mname[0m[2m=[0mk#99f25ef6..[1m}[0m[2m:[0m [2msui_core::checkpoints::checkpoint_output[0m[2m:[0m [2mcrates/sui-core/src/checkpoints/checkpoint_output.rs[0m[2m:[0m[2m196:[0m Certified checkpoint with sequence 713 and digest Hfnc22G6dZ7TofvPJ6DWH3WRsWT1uCi32SV3oo9HdXsW
[2m2025-03-25T07:57:11.910620Z[0m [32m INFO[0m [1mnode[0m[1m{[0m[3mname[0m[2m=[0mk#8dcff6d1..[1m}[0m[2m:[0m [2msui_core::checkpoints::checkpoint_executor[0m[2m:[0m [2mcrates/sui-core/src/checkpoints/checkpoint_executor/mod.rs[0m[2m:[0m[2m332:[0m Received checkpoint summary from state sync [3msequence_number[0m[2m=[0m713
[2m2025-03-25T07:57:11.913486Z[0m [32m INFO[0m [1mnode[0m[1m{[0m[3mname[0m[2m=[0mk#99f25ef6..[1m}[0m[2m:[0m [2msui_core::checkpoints::checkpoint_executor[0m[2m:[0m [2mcrates/sui-core/src/checkpoints/checkpoint_executor/mod.rs[0m[2m:[0m[2m332:[0m Received checkpoint summary from state sync [3msequence_number[0m[2m=[0m713
[2m2025-03-25T07:57:11.928597Z[0m [32m INFO[0m [1mnode[0m[1m{[0m[3mname[0m[2m=[0mk#8dcff6d1..[1m}[0m[2m:[0m [2msui_core::state_accumulator[0m[2m:[0m [2mcrates/sui-core/src/state_accumulator.rs[0m[2m:[0m[2m675:[0m accumulating running root for checkpoint 713
[2m2025-03-25T07:57:11.928786Z[0m [32m INFO[0m [1mnode[0m[1m{[0m[3mname[0m[2m=[0mk#99f25ef6..[1m}[0m[2m:[0m [2msui_core::state_accumulator[0m[2m:[0m [2mcrates/sui-core/src/state_accumulator.rs[0m[2m:[0m[2m675:[0m accumulating running root for checkpoint 713
[2m2025-03-25T07:57:11.974096Z[0m [32m INFO[0m [1mnode[0m[1m{[0m[3mname[0m[2m=[0mk#addeef94..[1m}[0m[2m:[0m [2msui_core::checkpoints::checkpoint_executor[0m[2m:[0m [2mcrates/sui-core/src/checkpoints/checkpoint_executor/mod.rs[0m[2m:[0m[2m332:[0m Received checkpoint summary from state sync [3msequence_number[0m[2m=[0m713
[2m2025-03-25T07:57:11.975439Z[0m [32m INFO[0m [1mnode[0m[1m{[0m[3mname[0m[2m=[0mk#addeef94..[1m}[0m[2m:[0m [2msui_core::state_accumulator[0m[2m:[0m [2mcrates/sui-core/src/state_accumulator.rs[0m[2m:[0m[2m675:[0m accumulating running root for checkpoint 713
[2m2025-03-25T07:57:12.108929Z[0m [32m INFO[0m [1mnode[0m[1m{[0m[3mname[0m[2m=[0mk#99f25ef6..[1m}[0m[2m:[0m [2mconsensus_core::core[0m[2m:[0m [2mconsensus/core/src/core.rs[0m[2m:[0m[2m945:[0m Included 3 ancestors & excluded 0 ancestors for proposal in round 516
[2m2025-03-25T07:57:12.108929Z[0m [32m INFO[0m [1mnode[0m[1m{[0m[3mname[0m[2m=[0mk#8dcff6d1..[1m}[0m[2m:[0m [2mconsensus_core::core[0m[2m:[0m [2mconsensus/core/src/core.rs[0m[2m:[0m[2m945:[0m Included 3 ancestors & excluded 0 ancestors for proposal in round 516
[2m2025-03-25T07:57:12.109332Z[0m [32m INFO[0m [1mnode[0m[1m{[0m[3mname[0m[2m=[0mk#8dcff6d1..[1m}[0m[2m:[0m [2mconsensus_core::core[0m[2m:[0m [2mconsensus/core/src/core.rs[0m[2m:[0m[2m531:[0m Created block B516(A,+l7WZgfskvhin14Tq/L6O3feS7EOdPusxawmH/B8tXk=)(1742889432109ms;[B515(A,sqCzoy3f0f2myKnWkbI64imsNp0E2mGn8LCstL9qFSU=), B515(B,z5e1AqcGMyAd3qnIXtjSRfK3JGwyexvLU+5VSoA50RE=), B515(C,aBkpyM8Bn3bcOoCJKrHhCEjbmdKgBnGYnwnmNuv2a44=)];1t;1c) for round 516
[2m2025-03-25T07:57:12.109332Z[0m [32m INFO[0m [1mnode[0m[1m{[0m[3mname[0m[2m=[0mk#99f25ef6..[1m}[0m[2m:[0m [2mconsensus_core::core[0m[2m:[0m [2mconsensus/core/src/core.rs[0m[2m:[0m[2m531:[0m Created block B516(B,gmh8y/NwcRBUKq9SzQpJPODZSd12G7ylbWNThme1f8o=)(1742889432109ms;[B515(B,z5e1AqcGMyAd3qnIXtjSRfK3JGwyexvLU+5VSoA50RE=), B515(A,sqCzoy3f0f2myKnWkbI64imsNp0E2mGn8LCstL9qFSU=), B515(C,aBkpyM8Bn3bcOoCJKrHhCEjbmdKgBnGYnwnmNuv2a44=)];1t;1c) for round 516
[2m2025-03-25T07:57:12.111049Z[0m [32m INFO[0m [1mnode[0m[1m{[0m[3mname[0m[2m=[0mk#addeef94..[1m}[0m[2m:[0m [2mconsensus_core::core[0m[2m:[0m [2mconsensus/core/src/core.rs[0m[2m:[0m[2m945:[0m Included 3 ancestors & excluded 0 ancestors for proposal in round 516
[2m2025-03-25T07:57:12.111341Z[0m [32m INFO[0m [1mnode[0m[1m{[0m[3mname[0m[2m=[0mk#addeef94..[1m}[0m[2m:[0m [2mconsensus_core::core[0m[2m:[0m [2mconsensus/core/src/core.rs[0m[2m:[0m[2m531:[0m Created block B516(C,8ukZkbqInh2YpeTTRBwHeoE5rNMlYOXwQjEfh9SiW6Y=)(1742889432111ms;[B515(C,aBkpyM8Bn3bcOoCJKrHhCEjbmdKgBnGYnwnmNuv2a44=), B515(A,sqCzoy3f0f2myKnWkbI64imsNp0E2mGn8LCstL9qFSU=), B515(B,z5e1AqcGMyAd3qnIXtjSRfK3JGwyexvLU+5VSoA50RE=)];1t;1c) for round 516
[2m2025-03-25T07:57:12.111486Z[0m [32m INFO[0m [1mnode[0m[1m{[0m[3mname[0m[2m=[0mk#addeef94..[1m}[0m[2m:[0m [2mconsensus_core::core[0m[2m:[0m [2mconsensus/core/src/core.rs[0m[2m:[0m[2m630:[0m Committing 1 leaders: B514(A,ET96)
[2m2025-03-25T07:57:12.111581Z[0m [32m INFO[0m [1mnode[0m[1m{[0m[3mname[0m[2m=[0mk#addeef94..[1m}[0m[2m:[0m [2mconsensus_core::commit_observer[0m[2m:[0m [2mconsensus/core/src/commit_observer.rs[0m[2m:[0m[2m173:[0m Consensus commit C502(wZli) with leader B514(A,ET96) has 3 blocks
[2m2025-03-25T07:57:12.111876Z[0m [32m INFO[0m [1mnode[0m[1m{[0m[3mname[0m[2m=[0mk#addeef94..[1m}[0m[2m:[0m [2msui_core::consensus_handler[0m[2m:[0m [2mcrates/sui-core/src/consensus_handler.rs[0m[2m:[0m[2m232:[0m Received consensus output [3mconsensus_commit[0m[2m=[0mCommittedSubDag(leader=B514(A,ET96), ref=C502(wZli), blocks=[FT3L, N4fA, ET96]) [3mepoch[0m[2m=[0m1
[2m2025-03-25T07:57:12.114964Z[0m [32m INFO[0m [1mnode[0m[1m{[0m[3mname[0m[2m=[0mk#99f25ef6..[1m}[0m[2m:[0m [2msui_core::checkpoints::checkpoint_output[0m[2m:[0m [2mcrates/sui-core/src/checkpoints/checkpoint_output.rs[0m[2m:[0m[2m196:[0m Certified checkpoint with sequence 714 and digest CD6WKv6HaLEdg1waxaQdyXgKPTGm2n8MgEM2rkQqPRsg
[2m2025-03-25T07:57:12.114967Z[0m [32m INFO[0m [1mnode[0m[1m{[0m[3mname[0m[2m=[0mk#8dcff6d1..[1m}[0m[2m:[0m [2msui_core::checkpoints::checkpoint_output[0m[2m:[0m [2mcrates/sui-core/src/checkpoints/checkpoint_output.rs[0m[2m:[0m[2m196:[0m Certified checkpoint with sequence 714 and digest CD6WKv6HaLEdg1waxaQdyXgKPTGm2n8MgEM2rkQqPRsg
[2m2025-03-25T07:57:12.115076Z[0m [32m INFO[0m [1mnode[0m[1m{[0m[3mname[0m[2m=[0mk#99f25ef6..[1m}[0m[2m:[0m [2mconsensus_core::core[0m[2m:[0m [2mconsensus/core/src/core.rs[0m[2m:[0m[2m630:[0m Committing 1 leaders: B514(A,ET96)
[2m2025-03-25T07:57:12.115076Z[0m [32m INFO[0m [1mnode[0m[1m{[0m[3mname[0m[2m=[0mk#8dcff6d1..[1m}[0m[2m:[0m [2mconsensus_core::core[0m[2m:[0m [2mconsensus/core/src/core.rs[0m[2m:[0m[2m630:[0m Committing 1 leaders: B514(A,ET96)
[2m2025-03-25T07:57:12.115187Z[0m [32m INFO[0m [1mnode[0m[1m{[0m[3mname[0m[2m=[0mk#8dcff6d1..[1m}[0m[2m:[0m [2mconsensus_core::commit_observer[0m[2m:[0m [2mconsensus/core/src/commit_observer.rs[0m[2m:[0m[2m173:[0m Consensus commit C502(wZli) with leader B514(A,ET96) has 3 blocks
[2m2025-03-25T07:57:12.115189Z[0m [32m INFO[0m [1mnode[0m[1m{[0m[3mname[0m[2m=[0mk#99f25ef6..[1m}[0m[2m:[0m [2mconsensus_core::commit_observer[0m[2m:[0m [2mconsensus/core/src/commit_observer.rs[0m[2m:[0m[2m173:[0m Consensus commit C502(wZli) with leader B514(A,ET96) has 3 blocks
[2m2025-03-25T07:57:12.115588Z[0m [32m INFO[0m [1mnode[0m[1m{[0m[3mname[0m[2m=[0mk#99f25ef6..[1m}[0m[2m:[0m [2msui_core::consensus_handler[0m[2m:[0m [2mcrates/sui-core/src/consensus_handler.rs[0m[2m:[0m[2m232:[0m Received consensus output [3mconsensus_commit[0m[2m=[0mCommittedSubDag(leader=B514(A,ET96), ref=C502(wZli), blocks=[FT3L, N4fA, ET96]) [3mepoch[0m[2m=[0m1
[2m2025-03-25T07:57:12.115588Z[0m [32m INFO[0m [1mnode[0m[1m{[0m[3mname[0m[2m=[0mk#8dcff6d1..[1m}[0m[2m:[0m [2msui_core::consensus_handler[0m[2m:[0m [2mcrates/sui-core/src/consensus_handler.rs[0m[2m:[0m[2m232:[0m Received consensus output [3mconsensus_commit[0m[2m=[0mCommittedSubDag(leader=B514(A,ET96), ref=C502(wZli), blocks=[FT3L, N4fA, ET96]) [3mepoch[0m[2m=[0m1
[2m2025-03-25T07:57:12.116163Z[0m [32m INFO[0m [1mnode[0m[1m{[0m[3mname[0m[2m=[0mk#8dcff6d1..[1m}[0m[2m:[0m [2msui_core::checkpoints::checkpoint_executor[0m[2m:[0m [2mcrates/sui-core/src/checkpoints/checkpoint_executor/mod.rs[0m[2m:[0m[2m332:[0m Received checkpoint summary from state sync [3msequence_number[0m[2m=[0m714
[2m2025-03-25T07:57:12.116163Z[0m [32m INFO[0m [1mnode[0m[1m{[0m[3mname[0m[2m=[0mk#99f25ef6..[1m}[0m[2m:[0m [2msui_core::checkpoints::checkpoint_executor[0m[2m:[0m [2mcrates/sui-core/src/checkpoints/checkpoint_executor/mod.rs[0m[2m:[0m[2m332:[0m Received checkpoint summary from state sync [3msequence_number[0m[2m=[0m714
[2m2025-03-25T07:57:12.117636Z[0m [32m INFO[0m [1mnode[0m[1m{[0m[3mname[0m[2m=[0mk#8dcff6d1..[1m}[0m[2m:[0m [2msui_core::state_accumulator[0m[2m:[0m [2mcrates/sui-core/src/state_accumulator.rs[0m[2m:[0m[2m675:[0m accumulating running root for checkpoint 714
[2m2025-03-25T07:57:12.117638Z[0m [32m INFO[0m [1mnode[0m[1m{[0m[3mname[0m[2m=[0mk#99f25ef6..[1m}[0m[2m:[0m [2msui_core::state_accumulator[0m[2m:[0m [2mcrates/sui-core/src/state_accumulator.rs[0m[2m:[0m[2m675:[0m accumulating running root for checkpoint 714
[2m2025-03-25T07:57:12.138653Z[0m [32m INFO[0m [1mnode[0m[1m{[0m[3mname[0m[2m=[0mk#addeef94..[1m}[0m[2m:[0m [2msui_core::checkpoints[0m[2m:[0m [2mcrates/sui-core/src/checkpoints/mod.rs[0m[2m:[0m[2m1326:[0m Creating checkpoint(s) for 2 transactions [3mnext_checkpoint_seq[0m[2m=[0m715 [3mcheckpoint_timestamp[0m[2m=[0m1742889431598
[2m2025-03-25T07:57:12.138961Z[0m [32m INFO[0m [1mnode[0m[1m{[0m[3mname[0m[2m=[0mk#addeef94..[1m}[0m[2m:[0m [2msui_core::checkpoints::checkpoint_output[0m[2m:[0m [2mcrates/sui-core/src/checkpoints/checkpoint_output.rs[0m[2m:[0m[2m149:[0m Creating checkpoint CheckpointDigest(2fa4nFPYMmk5TbDtvKxj7jFKHSEbziGiEiPUs1wAi61P) at epoch 1, sequence 715, previous digest Some(CheckpointDigest(CD6WKv6HaLEdg1waxaQdyXgKPTGm2n8MgEM2rkQqPRsg)), transactions count 2, content digest CheckpointContentsDigest(EfbuCeYUAzbRffwCv1xPtnueSgLFeXe5dUQepZ75g5c), end_of_epoch_data None
[2m2025-03-25T07:57:12.143078Z[0m [32m INFO[0m [1mnode[0m[1m{[0m[3mname[0m[2m=[0mk#99f25ef6..[1m}[0m[2m:[0m [2msui_core::checkpoints[0m[2m:[0m [2mcrates/sui-core/src/checkpoints/mod.rs[0m[2m:[0m[2m1326:[0m Creating checkpoint(s) for 2 transactions [3mnext_checkpoint_seq[0m[2m=[0m715 [3mcheckpoint_timestamp[0m[2m=[0m1742889431598
[2m2025-03-25T07:57:12.143079Z[0m [32m INFO[0m [1mnode[0m[1m{[0m[3mname[0m[2m=[0mk#8dcff6d1..[1m}[0m[2m:[0m [2msui_core::checkpoints[0m[2m:[0m [2mcrates/sui-core/src/checkpoints/mod.rs[0m[2m:[0m[2m1326:[0m Creating checkpoint(s) for 2 transactions [3mnext_checkpoint_seq[0m[2m=[0m715 [3mcheckpoint_timestamp[0m[2m=[0m1742889431598
[2m2025-03-25T07:57:12.143306Z[0m [32m INFO[0m [1mnode[0m[1m{[0m[3mname[0m[2m=[0mk#addeef94..[1m}[0m[2m:[0m [2msui_core::checkpoints::checkpoint_executor[0m[2m:[0m [2mcrates/sui-core/src/checkpoints/checkpoint_executor/mod.rs[0m[2m:[0m[2m332:[0m Received checkpoint summary from state sync [3msequence_number[0m[2m=[0m714
[2m2025-03-25T07:57:12.143345Z[0m [32m INFO[0m [1mnode[0m[1m{[0m[3mname[0m[2m=[0mk#8dcff6d1..[1m}[0m[2m:[0m [2msui_core::checkpoints::checkpoint_output[0m[2m:[0m [2mcrates/sui-core/src/checkpoints/checkpoint_output.rs[0m[2m:[0m[2m149:[0m Creating checkpoint CheckpointDigest(2fa4nFPYMmk5TbDtvKxj7jFKHSEbziGiEiPUs1wAi61P) at epoch 1, sequence 715, previous digest Some(CheckpointDigest(CD6WKv6HaLEdg1waxaQdyXgKPTGm2n8MgEM2rkQqPRsg)), transactions count 2, content digest CheckpointContentsDigest(EfbuCeYUAzbRffwCv1xPtnueSgLFeXe5dUQepZ75g5c), end_of_epoch_data None
[2m2025-03-25T07:57:12.143345Z[0m [32m INFO[0m [1mnode[0m[1m{[0m[3mname[0m[2m=[0mk#99f25ef6..[1m}[0m[2m:[0m [2msui_core::checkpoints::checkpoint_output[0m[2m:[0m [2mcrates/sui-core/src/checkpoints/checkpoint_output.rs[0m[2m:[0m[2m149:[0m Creating checkpoint CheckpointDigest(2fa4nFPYMmk5TbDtvKxj7jFKHSEbziGiEiPUs1wAi61P) at epoch 1, sequence 715, previous digest Some(CheckpointDigest(CD6WKv6HaLEdg1waxaQdyXgKPTGm2n8MgEM2rkQqPRsg)), transactions count 2, content digest CheckpointContentsDigest(EfbuCeYUAzbRffwCv1xPtnueSgLFeXe5dUQepZ75g5c), end_of_epoch_data None
[2m2025-03-25T07:57:12.144129Z[0m [32m INFO[0m [1mnode[0m[1m{[0m[3mname[0m[2m=[0mk#addeef94..[1m}[0m[2m:[0m [2msui_core::state_accumulator[0m[2m:[0m [2mcrates/sui-core/src/state_accumulator.rs[0m[2m:[0m[2m675:[0m accumulating running root for checkpoint 714
[2m2025-03-25T07:57:12.363681Z[0m [32m INFO[0m [1mnode[0m[1m{[0m[3mname[0m[2m=[0mk#addeef94..[1m}[0m[2m:[0m [2mconsensus_core::core[0m[2m:[0m [2mconsensus/core/src/core.rs[0m[2m:[0m[2m945:[0m Included 3 ancestors & excluded 0 ancestors for proposal in round 517
[2m2025-03-25T07:57:12.364129Z[0m [32m INFO[0m [1mnode[0m[1m{[0m[3mname[0m[2m=[0mk#addeef94..[1m}[0m[2m:[0m [2mconsensus_core::core[0m[2m:[0m [2mconsensus/core/src/core.rs[0m[2m:[0m[2m531:[0m Created block B517(C,xopE1iVitAH0D8p26uMyktr66zbn5sIP8DZutQDZn1o=)(1742889432363ms;[B516(C,8ukZkbqInh2YpeTTRBwHeoE5rNMlYOXwQjEfh9SiW6Y=), B516(A,+l7WZgfskvhin14Tq/L6O3feS7EOdPusxawmH/B8tXk=), B516(B,gmh8y/NwcRBUKq9SzQpJPODZSd12G7ylbWNThme1f8o=)];1t;1c) for round 517
[2m2025-03-25T07:57:12.366229Z[0m [32m INFO[0m [1mnode[0m[1m{[0m[3mname[0m[2m=[0mk#99f25ef6..[1m}[0m[2m:[0m [2mconsensus_core::core[0m[2m:[0m [2mconsensus/core/src/core.rs[0m[2m:[0m[2m945:[0m Included 3 ancestors & excluded 0 ancestors for proposal in round 517
[2m2025-03-25T07:57:12.366536Z[0m [32m INFO[0m [1mnode[0m[1m{[0m[3mname[0m[2m=[0mk#99f25ef6..[1m}[0m[2m:[0m [2mconsensus_core::core[0m[2m:[0m [2mconsensus/core/src/core.rs[0m[2m:[0m[2m531:[0m Created block B517(B,cKQcXeimo1nXhsz0pgJriSOOux95dy/6WtKwgMbv0jc=)(1742889432366ms;[B516(B,gmh8y/NwcRBUKq9SzQpJPODZSd12G7ylbWNThme1f8o=), B516(A,+l7WZgfskvhin14Tq/L6O3feS7EOdPusxawmH/B8tXk=), B516(C,8ukZkbqInh2YpeTTRBwHeoE5rNMlYOXwQjEfh9SiW6Y=)];1t;1c) for round 517
[2m2025-03-25T07:57:12.366609Z[0m [32m INFO[0m [1mnode[0m[1m{[0m[3mname[0m[2m=[0mk#99f25ef6..[1m}[0m[2m:[0m [2mconsensus_core::core[0m[2m:[0m [2mconsensus/core/src/core.rs[0m[2m:[0m[2m630:[0m Committing 1 leaders: B515(A,sqCz)
[2m2025-03-25T07:57:12.366691Z[0m [32m INFO[0m [1mnode[0m[1m{[0m[3mname[0m[2m=[0mk#99f25ef6..[1m}[0m[2m:[0m [2mconsensus_core::commit_observer[0m[2m:[0m [2mconsensus/core/src/commit_observer.rs[0m[2m:[0m[2m173:[0m Consensus commit C503(8kjw) with leader B515(A,sqCz) has 3 blocks
[2m2025-03-25T07:57:12.366784Z[0m [32m INFO[0m [1mnode[0m[1m{[0m[3mname[0m[2m=[0mk#99f25ef6..[1m}[0m[2m:[0m [2msui_core::consensus_handler[0m[2m:[0m [2mcrates/sui-core/src/consensus_handler.rs[0m[2m:[0m[2m232:[0m Received consensus output [3mconsensus_commit[0m[2m=[0mCommittedSubDag(leader=B515(A,sqCz), ref=C503(8kjw), blocks=[OMFa, 1SgZ, sqCz]) [3mepoch[0m[2m=[0m1
[2m2025-03-25T07:57:12.367340Z[0m [32m INFO[0m [1mnode[0m[1m{[0m[3mname[0m[2m=[0mk#8dcff6d1..[1m}[0m[2m:[0m [2mconsensus_core::core[0m[2m:[0m [2mconsensus/core/src/core.rs[0m[2m:[0m[2m945:[0m Included 3 ancestors & excluded 0 ancestors for proposal in round 517
[2m2025-03-25T07:57:12.367639Z[0m [32m INFO[0m [1mnode[0m[1m{[0m[3mname[0m[2m=[0mk#8dcff6d1..[1m}[0m[2m:[0m [2mconsensus_core::core[0m[2m:[0m [2mconsensus/core/src/core.rs[0m[2m:[0m[2m531:[0m Created block B517(A,+ECcCCtY7BWqe6v+3nezJUlxI7AaqK7xgL/f35E/MUU=)(1742889432367ms;[B516(A,+l7WZgfskvhin14Tq/L6O3feS7EOdPusxawmH/B8tXk=), B516(B,gmh8y/NwcRBUKq9SzQpJPODZSd12G7ylbWNThme1f8o=), B516(C,8ukZkbqInh2YpeTTRBwHeoE5rNMlYOXwQjEfh9SiW6Y=)];1t;1c) for round 517
[2m2025-03-25T07:57:12.367704Z[0m [32m INFO[0m [1mnode[0m[1m{[0m[3mname[0m[2m=[0mk#8dcff6d1..[1m}[0m[2m:[0m [2mconsensus_core::core[0m[2m:[0m [2mconsensus/core/src/core.rs[0m[2m:[0m[2m630:[0m Committing 1 leaders: B515(A,sqCz)
[2m2025-03-25T07:57:12.367778Z[0m [32m INFO[0m [1mnode[0m[1m{[0m[3mname[0m[2m=[0mk#8dcff6d1..[1m}[0m[2m:[0m [2mconsensus_core::commit_observer[0m[2m:[0m [2mconsensus/core/src/commit_observer.rs[0m[2m:[0m[2m173:[0m Consensus commit C503(8kjw) with leader B515(A,sqCz) has 3 blocks
[2m2025-03-25T07:57:12.367860Z[0m [32m INFO[0m [1mnode[0m[1m{[0m[3mname[0m[2m=[0mk#8dcff6d1..[1m}[0m[2m:[0m [2msui_core::consensus_handler[0m[2m:[0m [2mcrates/sui-core/src/consensus_handler.rs[0m[2m:[0m[2m232:[0m Received consensus output [3mconsensus_commit[0m[2m=[0mCommittedSubDag(leader=B515(A,sqCz), ref=C503(8kjw), blocks=[OMFa, 1SgZ, sqCz]) [3mepoch[0m[2m=[0m1
[2m2025-03-25T07:57:12.369401Z[0m [32m INFO[0m [1mnode[0m[1m{[0m[3mname[0m[2m=[0mk#addeef94..[1m}[0m[2m:[0m [2mconsensus_core::core[0m[2m:[0m [2mconsensus/core/src/core.rs[0m[2m:[0m[2m630:[0m Committing 1 leaders: B515(A,sqCz)
[2m2025-03-25T07:57:12.369505Z[0m [32m INFO[0m [1mnode[0m[1m{[0m[3mname[0m[2m=[0mk#addeef94..[1m}[0m[2m:[0m [2mconsensus_core::commit_observer[0m[2m:[0m [2mconsensus/core/src/commit_observer.rs[0m[2m:[0m[2m173:[0m Consensus commit C503(8kjw) with leader B515(A,sqCz) has 3 blocks
[2m2025-03-25T07:57:12.369585Z[0m [32m INFO[0m [1mnode[0m[1m{[0m[3mname[0m[2m=[0mk#addeef94..[1m}[0m[2m:[0m [2msui_core::consensus_handler[0m[2m:[0m [2mcrates/sui-core/src/consensus_handler.rs[0m[2m:[0m[2m232:[0m Received consensus output [3mconsensus_commit[0m[2m=[0mCommittedSubDag(leader=B515(A,sqCz), ref=C503(8kjw), blocks=[OMFa, 1SgZ, sqCz]) [3mepoch[0m[2m=[0m1
[2m2025-03-25T07:57:12.412513Z[0m [32m INFO[0m [1mnode[0m[1m{[0m[3mname[0m[2m=[0mk#8dcff6d1..[1m}[0m[2m:[0m [2msui_core::checkpoints[0m[2m:[0m [2mcrates/sui-core/src/checkpoints/mod.rs[0m[2m:[0m[2m1326:[0m Creating checkpoint(s) for 1 transactions [3mnext_checkpoint_seq[0m[2m=[0m716 [3mcheckpoint_timestamp[0m[2m=[0m1742889431856
[2m2025-03-25T07:57:12.412513Z[0m [32m INFO[0m [1mnode[0m[1m{[0m[3mname[0m[2m=[0mk#99f25ef6..[1m}[0m[2m:[0m [2msui_core::checkpoints[0m[2m:[0m [2mcrates/sui-core/src/checkpoints/mod.rs[0m[2m:[0m[2m1326:[0m Creating checkpoint(s) for 1 transactions [3mnext_checkpoint_seq[0m[2m=[0m716 [3mcheckpoint_timestamp[0m[2m=[0m1742889431856
[2m2025-03-25T07:57:12.412751Z[0m [32m INFO[0m [1mnode[0m[1m{[0m[3mname[0m[2m=[0mk#8dcff6d1..[1m}[0m[2m:[0m [2msui_core::checkpoints::checkpoint_output[0m[2m:[0m [2mcrates/sui-core/src/checkpoints/checkpoint_output.rs[0m[2m:[0m[2m149:[0m Creating checkpoint CheckpointDigest(7wk1orF7ckpWfBCa7wtCqCw9XwLZW6xtqkv1qqhRKKbZ) at epoch 1, sequence 716, previous digest Some(CheckpointDigest(2fa4nFPYMmk5TbDtvKxj7jFKHSEbziGiEiPUs1wAi61P)), transactions count 1, content digest CheckpointContentsDigest(4nX5uPkN8QrCs3qq7K2UWaY2m3sD15v236DXo9vsQrri), end_of_epoch_data None
[2m2025-03-25T07:57:12.412751Z[0m [32m INFO[0m [1mnode[0m[1m{[0m[3mname[0m[2m=[0mk#99f25ef6..[1m}[0m[2m:[0m [2msui_core::checkpoints::checkpoint_output[0m[2m:[0m [2mcrates/sui-core/src/checkpoints/checkpoint_output.rs[0m[2m:[0m[2m149:[0m Creating checkpoint CheckpointDigest(7wk1orF7ckpWfBCa7wtCqCw9XwLZW6xtqkv1qqhRKKbZ) at epoch 1, sequence 716, previous digest Some(CheckpointDigest(2fa4nFPYMmk5TbDtvKxj7jFKHSEbziGiEiPUs1wAi61P)), transactions count 1, content digest CheckpointContentsDigest(4nX5uPkN8QrCs3qq7K2UWaY2m3sD15v236DXo9vsQrri), end_of_epoch_data None
[2m2025-03-25T07:57:12.413740Z[0m [32m INFO[0m [1mnode[0m[1m{[0m[3mname[0m[2m=[0mk#addeef94..[1m}[0m[2m:[0m [2msui_core::checkpoints[0m[2m:[0m [2mcrates/sui-core/src/checkpoints/mod.rs[0m[2m:[0m[2m1326:[0m Creating checkpoint(s) for 1 transactions [3mnext_checkpoint_seq[0m[2m=[0m716 [3mcheckpoint_timestamp[0m[2m=[0m1742889431856
[2m2025-03-25T07:57:12.413910Z[0m [32m INFO[0m [1mnode[0m[1m{[0m[3mname[0m[2m=[0mk#addeef94..[1m}[0m[2m:[0m [2msui_core::checkpoints::checkpoint_output[0m[2m:[0m [2mcrates/sui-core/src/checkpoints/checkpoint_output.rs[0m[2m:[0m[2m149:[0m Creating checkpoint CheckpointDigest(7wk1orF7ckpWfBCa7wtCqCw9XwLZW6xtqkv1qqhRKKbZ) at epoch 1, sequence 716, previous digest Some(CheckpointDigest(2fa4nFPYMmk5TbDtvKxj7jFKHSEbziGiEiPUs1wAi61P)), transactions count 1, content digest CheckpointContentsDigest(4nX5uPkN8QrCs3qq7K2UWaY2m3sD15v236DXo9vsQrri), end_of_epoch_data None
[2m2025-03-25T07:57:12.416054Z[0m [32m INFO[0m [1mnode[0m[1m{[0m[3mname[0m[2m=[0mk#8dcff6d1..[1m}[0m[2m:[0m [2msui_core::checkpoints::checkpoint_output[0m[2m:[0m [2mcrates/sui-core/src/checkpoints/checkpoint_output.rs[0m[2m:[0m[2m196:[0m Certified checkpoint with sequence 715 and digest 2fa4nFPYMmk5TbDtvKxj7jFKHSEbziGiEiPUs1wAi61P
[2m2025-03-25T07:57:12.416056Z[0m [32m INFO[0m [1mnode[0m[1m{[0m[3mname[0m[2m=[0mk#99f25ef6..[1m}[0m[2m:[0m [2msui_core::checkpoints::checkpoint_output[0m[2m:[0m [2mcrates/sui-core/src/checkpoints/checkpoint_output.rs[0m[2m:[0m[2m196:[0m Certified checkpoint with sequence 715 and digest 2fa4nFPYMmk5TbDtvKxj7jFKHSEbziGiEiPUs1wAi61P
[2m2025-03-25T07:57:12.419047Z[0m [32m INFO[0m [1mnode[0m[1m{[0m[3mname[0m[2m=[0mk#8dcff6d1..[1m}[0m[2m:[0m [2msui_core::checkpoints::checkpoint_executor[0m[2m:[0m [2mcrates/sui-core/src/checkpoints/checkpoint_executor/mod.rs[0m[2m:[0m[2m332:[0m Received checkpoint summary from state sync [3msequence_number[0m[2m=[0m715
[2m2025-03-25T07:57:12.421646Z[0m [32m INFO[0m [1mnode[0m[1m{[0m[3mname[0m[2m=[0mk#99f25ef6..[1m}[0m[2m:[0m [2msui_core::checkpoints::checkpoint_executor[0m[2m:[0m [2mcrates/sui-core/src/checkpoints/checkpoint_executor/mod.rs[0m[2m:[0m[2m332:[0m Received checkpoint summary from state sync [3msequence_number[0m[2m=[0m715
[2m2025-03-25T07:57:12.436791Z[0m [32m INFO[0m [1mnode[0m[1m{[0m[3mname[0m[2m=[0mk#8dcff6d1..[1m}[0m[2m:[0m [2msui_core::state_accumulator[0m[2m:[0m [2mcrates/sui-core/src/state_accumulator.rs[0m[2m:[0m[2m675:[0m accumulating running root for checkpoint 715
[2m2025-03-25T07:57:12.436927Z[0m [32m INFO[0m [1mnode[0m[1m{[0m[3mname[0m[2m=[0mk#99f25ef6..[1m}[0m[2m:[0m [2msui_core::state_accumulator[0m[2m:[0m [2mcrates/sui-core/src/state_accumulator.rs[0m[2m:[0m[2m675:[0m accumulating running root for checkpoint 715
[2m2025-03-25T07:57:12.482496Z[0m [32m INFO[0m [1mnode[0m[1m{[0m[3mname[0m[2m=[0mk#addeef94..[1m}[0m[2m:[0m [2msui_core::checkpoints::checkpoint_executor[0m[2m:[0m [2mcrates/sui-core/src/checkpoints/checkpoint_executor/mod.rs[0m[2m:[0m[2m332:[0m Received checkpoint summary from state sync [3msequence_number[0m[2m=[0m715
[2m2025-03-25T07:57:12.483780Z[0m [32m INFO[0m [1mnode[0m[1m{[0m[3mname[0m[2m=[0mk#addeef94..[1m}[0m[2m:[0m [2msui_core::state_accumulator[0m[2m:[0m [2mcrates/sui-core/src/state_accumulator.rs[0m[2m:[0m[2m675:[0m accumulating running root for checkpoint 715
[2m2025-03-25T07:57:12.618855Z[0m [32m INFO[0m [1mnode[0m[1m{[0m[3mname[0m[2m=[0mk#99f25ef6..[1m}[0m[2m:[0m [2mconsensus_core::core[0m[2m:[0m [2mconsensus/core/src/core.rs[0m[2m:[0m[2m945:[0m Included 3 ancestors & excluded 0 ancestors for proposal in round 518
[2m2025-03-25T07:57:12.619218Z[0m [32m INFO[0m [1mnode[0m[1m{[0m[3mname[0m[2m=[0mk#99f25ef6..[1m}[0m[2m:[0m [2mconsensus_core::core[0m[2m:[0m [2mconsensus/core/src/core.rs[0m[2m:[0m[2m531:[0m Created block B518(B,S5W1TYJ8IaurqZ1Ecp1PS86ZH5DbKZRPe6khyrCIxqk=)(1742889432619ms;[B517(B,cKQcXeimo1nXhsz0pgJriSOOux95dy/6WtKwgMbv0jc=), B517(A,+ECcCCtY7BWqe6v+3nezJUlxI7AaqK7xgL/f35E/MUU=), B517(C,xopE1iVitAH0D8p26uMyktr66zbn5sIP8DZutQDZn1o=)];1t;1c) for round 518
[2m2025-03-25T07:57:12.620862Z[0m [32m INFO[0m [1mnode[0m[1m{[0m[3mname[0m[2m=[0mk#8dcff6d1..[1m}[0m[2m:[0m [2mconsensus_core::core[0m[2m:[0m [2mconsensus/core/src/core.rs[0m[2m:[0m[2m945:[0m Included 3 ancestors & excluded 0 ancestors for proposal in round 518
[2m2025-03-25T07:57:12.621165Z[0m [32m INFO[0m [1mnode[0m[1m{[0m[3mname[0m[2m=[0mk#8dcff6d1..[1m}[0m[2m:[0m [2mconsensus_core::core[0m[2m:[0m [2mconsensus/core/src/core.rs[0m[2m:[0m[2m531:[0m Created block B518(A,fsD4ewTSn1/pt4g6ebmHz1fiBjw1xa3gD0SL3JiZXO4=)(1742889432621ms;[B517(A,+ECcCCtY7BWqe6v+3nezJUlxI7AaqK7xgL/f35E/MUU=), B517(B,cKQcXeimo1nXhsz0pgJriSOOux95dy/6WtKwgMbv0jc=), B517(C,xopE1iVitAH0D8p26uMyktr66zbn5sIP8DZutQDZn1o=)];1t;1c) for round 518
[2m2025-03-25T07:57:12.621203Z[0m [32m INFO[0m [1mnode[0m[1m{[0m[3mname[0m[2m=[0mk#addeef94..[1m}[0m[2m:[0m [2mconsensus_core::core[0m[2m:[0m [2mconsensus/core/src/core.rs[0m[2m:[0m[2m945:[0m Included 3 ancestors & excluded 0 ancestors for proposal in round 518
[2m2025-03-25T07:57:12.621506Z[0m [32m INFO[0m [1mnode[0m[1m{[0m[3mname[0m[2m=[0mk#addeef94..[1m}[0m[2m:[0m [2mconsensus_core::core[0m[2m:[0m [2mconsensus/core/src/core.rs[0m[2m:[0m[2m531:[0m Created block B518(C,CuDIyFEIOfB7oSbdq6Y2O6YVg3nc21A3sYE9ChruGT4=)(1742889432621ms;[B517(C,xopE1iVitAH0D8p26uMyktr66zbn5sIP8DZutQDZn1o=), B517(A,+ECcCCtY7BWqe6v+3nezJUlxI7AaqK7xgL/f35E/MUU=), B517(B,cKQcXeimo1nXhsz0pgJriSOOux95dy/6WtKwgMbv0jc=)];1t;1c) for round 518
[2m2025-03-25T07:57:12.621580Z[0m [32m INFO[0m [1mnode[0m[1m{[0m[3mname[0m[2m=[0mk#addeef94..[1m}[0m[2m:[0m [2mconsensus_core::core[0m[2m:[0m [2mconsensus/core/src/core.rs[0m[2m:[0m[2m630:[0m Committing 1 leaders: B516(B,gmh8)
[2m2025-03-25T07:57:12.621662Z[0m [32m INFO[0m [1mnode[0m[1m{[0m[3mname[0m[2m=[0mk#addeef94..[1m}[0m[2m:[0m [2mconsensus_core::commit_observer[0m[2m:[0m [2mconsensus/core/src/commit_observer.rs[0m[2m:[0m[2m173:[0m Consensus commit C504(+iz3) with leader B516(B,gmh8) has 3 blocks
[2m2025-03-25T07:57:12.621750Z[0m [32m INFO[0m [1mnode[0m[1m{[0m[3mname[0m[2m=[0mk#addeef94..[1m}[0m[2m:[0m [2msui_core::consensus_handler[0m[2m:[0m [2mcrates/sui-core/src/consensus_handler.rs[0m[2m:[0m[2m232:[0m Received consensus output [3mconsensus_commit[0m[2m=[0mCommittedSubDag(leader=B516(B,gmh8), ref=C504(+iz3), blocks=[z5e1, aBkp, gmh8]) [3mepoch[0m[2m=[0m1
[2m2025-03-25T07:57:12.624807Z[0m [32m INFO[0m [1mnode[0m[1m{[0m[3mname[0m[2m=[0mk#8dcff6d1..[1m}[0m[2m:[0m [2msui_core::checkpoints::checkpoint_output[0m[2m:[0m [2mcrates/sui-core/src/checkpoints/checkpoint_output.rs[0m[2m:[0m[2m196:[0m Certified checkpoint with sequence 716 and digest 7wk1orF7ckpWfBCa7wtCqCw9XwLZW6xtqkv1qqhRKKbZ
[2m2025-03-25T07:57:12.624918Z[0m [32m INFO[0m [1mnode[0m[1m{[0m[3mname[0m[2m=[0mk#8dcff6d1..[1m}[0m[2m:[0m [2mconsensus_core::core[0m[2m:[0m [2mconsensus/core/src/core.rs[0m[2m:[0m[2m630:[0m Committing 1 leaders: B516(B,gmh8)
[2m2025-03-25T07:57:12.625034Z[0m [32m INFO[0m [1mnode[0m[1m{[0m[3mname[0m[2m=[0mk#8dcff6d1..[1m}[0m[2m:[0m [2mconsensus_core::commit_observer[0m[2m:[0m [2mconsensus/core/src/commit_observer.rs[0m[2m:[0m[2m173:[0m Consensus commit C504(+iz3) with leader B516(B,gmh8) has 3 blocks
[2m2025-03-25T07:57:12.625192Z[0m [32m INFO[0m [1mnode[0m[1m{[0m[3mname[0m[2m=[0mk#99f25ef6..[1m}[0m[2m:[0m [2msui_core::checkpoints::checkpoint_output[0m[2m:[0m [2mcrates/sui-core/src/checkpoints/checkpoint_output.rs[0m[2m:[0m[2m196:[0m Certified checkpoint with sequence 716 and digest 7wk1orF7ckpWfBCa7wtCqCw9XwLZW6xtqkv1qqhRKKbZ
[2m2025-03-25T07:57:12.625289Z[0m [32m INFO[0m [1mnode[0m[1m{[0m[3mname[0m[2m=[0mk#99f25ef6..[1m}[0m[2m:[0m [2mconsensus_core::core[0m[2m:[0m [2mconsensus/core/src/core.rs[0m[2m:[0m[2m630:[0m Committing 1 leaders: B516(B,gmh8)
[2m2025-03-25T07:57:12.625399Z[0m [32m INFO[0m [1mnode[0m[1m{[0m[3mname[0m[2m=[0mk#99f25ef6..[1m}[0m[2m:[0m [2mconsensus_core::commit_observer[0m[2m:[0m [2mconsensus/core/src/commit_observer.rs[0m[2m:[0m[2m173:[0m Consensus commit C504(+iz3) with leader B516(B,gmh8) has 3 blocks
[2m2025-03-25T07:57:12.625454Z[0m [32m INFO[0m [1mnode[0m[1m{[0m[3mname[0m[2m=[0mk#8dcff6d1..[1m}[0m[2m:[0m [2msui_core::consensus_handler[0m[2m:[0m [2mcrates/sui-core/src/consensus_handler.rs[0m[2m:[0m[2m232:[0m Received consensus output [3mconsensus_commit[0m[2m=[0mCommittedSubDag(leader=B516(B,gmh8), ref=C504(+iz3), blocks=[z5e1, aBkp, gmh8]) [3mepoch[0m[2m=[0m1
[2m2025-03-25T07:57:12.625761Z[0m [32m INFO[0m [1mnode[0m[1m{[0m[3mname[0m[2m=[0mk#99f25ef6..[1m}[0m[2m:[0m [2msui_core::consensus_handler[0m[2m:[0m [2mcrates/sui-core/src/consensus_handler.rs[0m[2m:[0m[2m232:[0m Received consensus output [3mconsensus_commit[0m[2m=[0mCommittedSubDag(leader=B516(B,gmh8), ref=C504(+iz3), blocks=[z5e1, aBkp, gmh8]) [3mepoch[0m[2m=[0m1
[2m2025-03-25T07:57:12.626043Z[0m [32m INFO[0m [1mnode[0m[1m{[0m[3mname[0m[2m=[0mk#8dcff6d1..[1m}[0m[2m:[0m [2msui_core::checkpoints::checkpoint_executor[0m[2m:[0m [2mcrates/sui-core/src/checkpoints/checkpoint_executor/mod.rs[0m[2m:[0m[2m332:[0m Received checkpoint summary from state sync [3msequence_number[0m[2m=[0m716
[2m2025-03-25T07:57:12.626285Z[0m [32m INFO[0m [1mnode[0m[1m{[0m[3mname[0m[2m=[0mk#99f25ef6..[1m}[0m[2m:[0m [2msui_core::checkpoints::checkpoint_executor[0m[2m:[0m [2mcrates/sui-core/src/checkpoints/checkpoint_executor/mod.rs[0m[2m:[0m[2m332:[0m Received checkpoint summary from state sync [3msequence_number[0m[2m=[0m716
[2m2025-03-25T07:57:12.627570Z[0m [32m INFO[0m [1mnode[0m[1m{[0m[3mname[0m[2m=[0mk#99f25ef6..[1m}[0m[2m:[0m [2msui_core::state_accumulator[0m[2m:[0m [2mcrates/sui-core/src/state_accumulator.rs[0m[2m:[0m[2m675:[0m accumulating running root for checkpoint 716
[2m2025-03-25T07:57:12.627573Z[0m [32m INFO[0m [1mnode[0m[1m{[0m[3mname[0m[2m=[0mk#8dcff6d1..[1m}[0m[2m:[0m [2msui_core::state_accumulator[0m[2m:[0m [2mcrates/sui-core/src/state_accumulator.rs[0m[2m:[0m[2m675:[0m accumulating running root for checkpoint 716
[2m2025-03-25T07:57:12.648492Z[0m [32m INFO[0m [1mnode[0m[1m{[0m[3mname[0m[2m=[0mk#addeef94..[1m}[0m[2m:[0m [2msui_core::checkpoints[0m[2m:[0m [2mcrates/sui-core/src/checkpoints/mod.rs[0m[2m:[0m[2m1326:[0m Creating checkpoint(s) for 2 transactions [3mnext_checkpoint_seq[0m[2m=[0m717 [3mcheckpoint_timestamp[0m[2m=[0m1742889432109
[2m2025-03-25T07:57:12.648803Z[0m [32m INFO[0m [1mnode[0m[1m{[0m[3mname[0m[2m=[0mk#addeef94..[1m}[0m[2m:[0m [2msui_core::checkpoints::checkpoint_output[0m[2m:[0m [2mcrates/sui-core/src/checkpoints/checkpoint_output.rs[0m[2m:[0m[2m149:[0m Creating checkpoint CheckpointDigest(CEtwmRupWPf3ZXCQYePU22R9KegwzLBVWm8P35gbDEkL) at epoch 1, sequence 717, previous digest Some(CheckpointDigest(7wk1orF7ckpWfBCa7wtCqCw9XwLZW6xtqkv1qqhRKKbZ)), transactions count 2, content digest CheckpointContentsDigest(2DtVjQRFya7PvHRpGpDy47S3eidnR1QbKa3rsRuBZQHc), end_of_epoch_data None
[2m2025-03-25T07:57:12.652969Z[0m [32m INFO[0m [1mnode[0m[1m{[0m[3mname[0m[2m=[0mk#99f25ef6..[1m}[0m[2m:[0m [2msui_core::checkpoints[0m[2m:[0m [2mcrates/sui-core/src/checkpoints/mod.rs[0m[2m:[0m[2m1326:[0m Creating checkpoint(s) for 2 transactions [3mnext_checkpoint_seq[0m[2m=[0m717 [3mcheckpoint_timestamp[0m[2m=[0m1742889432109
[2m2025-03-25T07:57:12.652971Z[0m [32m INFO[0m [1mnode[0m[1m{[0m[3mname[0m[2m=[0mk#8dcff6d1..[1m}[0m[2m:[0m [2msui_core::checkpoints[0m[2m:[0m [2mcrates/sui-core/src/checkpoints/mod.rs[0m[2m:[0m[2m1326:[0m Creating checkpoint(s) for 2 transactions [3mnext_checkpoint_seq[0m[2m=[0m717 [3mcheckpoint_timestamp[0m[2m=[0m1742889432109
[2m2025-03-25T07:57:12.653189Z[0m [32m INFO[0m [1mnode[0m[1m{[0m[3mname[0m[2m=[0mk#addeef94..[1m}[0m[2m:[0m [2msui_core::checkpoints::checkpoint_executor[0m[2m:[0m [2mcrates/sui-core/src/checkpoints/checkpoint_executor/mod.rs[0m[2m:[0m[2m332:[0m Received checkpoint summary from state sync [3msequence_number[0m[2m=[0m716
[2m2025-03-25T07:57:12.653235Z[0m [32m INFO[0m [1mnode[0m[1m{[0m[3mname[0m[2m=[0mk#99f25ef6..[1m}[0m[2m:[0m [2msui_core::checkpoints::checkpoint_output[0m[2m:[0m [2mcrates/sui-core/src/checkpoints/checkpoint_output.rs[0m[2m:[0m[2m149:[0m Creating checkpoint CheckpointDigest(CEtwmRupWPf3ZXCQYePU22R9KegwzLBVWm8P35gbDEkL) at epoch 1, sequence 717, previous digest Some(CheckpointDigest(7wk1orF7ckpWfBCa7wtCqCw9XwLZW6xtqkv1qqhRKKbZ)), transactions count 2, content digest CheckpointContentsDigest(2DtVjQRFya7PvHRpGpDy47S3eidnR1QbKa3rsRuBZQHc), end_of_epoch_data None
[2m2025-03-25T07:57:12.653235Z[0m [32m INFO[0m [1mnode[0m[1m{[0m[3mname[0m[2m=[0mk#8dcff6d1..[1m}[0m[2m:[0m [2msui_core::checkpoints::checkpoint_output[0m[2m:[0m [2mcrates/sui-core/src/checkpoints/checkpoint_output.rs[0m[2m:[0m[2m149:[0m Creating checkpoint CheckpointDigest(CEtwmRupWPf3ZXCQYePU22R9KegwzLBVWm8P35gbDEkL) at epoch 1, sequence 717, previous digest Some(CheckpointDigest(7wk1orF7ckpWfBCa7wtCqCw9XwLZW6xtqkv1qqhRKKbZ)), transactions count 2, content digest CheckpointContentsDigest(2DtVjQRFya7PvHRpGpDy47S3eidnR1QbKa3rsRuBZQHc), end_of_epoch_data None
[2m2025-03-25T07:57:12.654015Z[0m [32m INFO[0m [1mnode[0m[1m{[0m[3mname[0m[2m=[0mk#addeef94..[1m}[0m[2m:[0m [2msui_core::state_accumulator[0m[2m:[0m [2mcrates/sui-core/src/state_accumulator.rs[0m[2m:[0m[2m675:[0m accumulating running root for checkpoint 716
[2m2025-03-25T07:57:12.826641Z[0m [32m INFO[0m [1mnode[0m[1m{[0m[3mname[0m[2m=[0mk#b3f3cbb4..[1m}[0m[2m:[0m[1mjson-rpc-request[0m[2m:[0m[1mdev_inspect_transaction_block[0m[1m{[0m[3msender_address[0m[2m=[0m0x0000000000000000000000000000000000000000000000000000000000000000 [3mtx_bytes[0m[2m=[0mBase64("AAMBAQAAAAAAAAAAAAAAAAAAAAAAAAAAAAAAAAAAAAAAAAAJAQAAAAAAAAABAAECAAgAAAAAAAAAAAEAAAAAAAAAAAAAAAAAAAAAAAAAAAAAAAAAAAAAAAAAAAsGYnJpZGdlIGdldF90b2tlbl90cmFuc2Zlcl9hY3Rpb25fc3RhdHVzAAMBAAABAQABAgA=") [3mgas_price[0m[2m=[0mNone [3m_epoch[0m[2m=[0mNone [3madditional_args[0m[2m=[0mNone[1m}[0m[2m:[0m [2msui_json_rpc::transaction_execution_api[0m[2m:[0m [2mcrates/sui-json-rpc/src/transaction_execution_api.rs[0m[2m:[0m[2m351:[0m RPC took longer than threshold to complete. [3melapsed[0m[2m=[0m1.535881875s
[2m2025-03-25T07:57:12.827546Z[0m [32m INFO[0m [1mhandle_execution_task[0m[1m{[0m[3maction_key[0m[2m=[0mBridgeActionKey(0,2,0) [3mattempt_times[0m[2m=[0m6[1m}[0m[2m:[0m [2msui_bridge::action_executor[0m[2m:[0m [2mcrates/sui-bridge/src/action_executor.rs[0m[2m:[0m[2m500:[0m Building Sui transaction
[2m2025-03-25T07:57:12.830801Z[0m [32m INFO[0m [1mnode[0m[1m{[0m[3mname[0m[2m=[0mk#b3f3cbb4..[1m}[0m[2m:[0m [2msui_core::state_accumulator[0m[2m:[0m [2mcrates/sui-core/src/state_accumulator.rs[0m[2m:[0m[2m675:[0m accumulating running root for checkpoint 615
[2m2025-03-25T07:57:12.831079Z[0m [32m INFO[0m [1mnode[0m[1m{[0m[3mname[0m[2m=[0mk#b3f3cbb4..[1m}[0m[2m:[0m [2msui_core::checkpoints::checkpoint_executor[0m[2m:[0m [2mcrates/sui-core/src/checkpoints/checkpoint_executor/mod.rs[0m[2m:[0m[2m332:[0m Received checkpoint summary from state sync [3msequence_number[0m[2m=[0m702
[2m2025-03-25T07:57:12.873870Z[0m [32m INFO[0m [1mnode[0m[1m{[0m[3mname[0m[2m=[0mk#addeef94..[1m}[0m[2m:[0m [2mconsensus_core::core[0m[2m:[0m [2mconsensus/core/src/core.rs[0m[2m:[0m[2m945:[0m Included 3 ancestors & excluded 0 ancestors for proposal in round 519
[2m2025-03-25T07:57:12.874222Z[0m [32m INFO[0m [1mnode[0m[1m{[0m[3mname[0m[2m=[0mk#addeef94..[1m}[0m[2m:[0m [2mconsensus_core::core[0m[2m:[0m [2mconsensus/core/src/core.rs[0m[2m:[0m[2m531:[0m Created block B519(C,OMG9ugXUo13TlLkCfjmx4buHiCXo10j8GNjEyZD57d0=)(1742889432874ms;[B518(C,CuDIyFEIOfB7oSbdq6Y2O6YVg3nc21A3sYE9ChruGT4=), B518(A,fsD4ewTSn1/pt4g6ebmHz1fiBjw1xa3gD0SL3JiZXO4=), B518(B,S5W1TYJ8IaurqZ1Ecp1PS86ZH5DbKZRPe6khyrCIxqk=)];1t;1c) for round 519
[2m2025-03-25T07:57:12.876090Z[0m [32m INFO[0m [1mnode[0m[1m{[0m[3mname[0m[2m=[0mk#99f25ef6..[1m}[0m[2m:[0m [2mconsensus_core::core[0m[2m:[0m [2mconsensus/core/src/core.rs[0m[2m:[0m[2m945:[0m Included 3 ancestors & excluded 0 ancestors for proposal in round 519
[2m2025-03-25T07:57:12.876382Z[0m [32m INFO[0m [1mnode[0m[1m{[0m[3mname[0m[2m=[0mk#99f25ef6..[1m}[0m[2m:[0m [2mconsensus_core::core[0m[2m:[0m [2mconsensus/core/src/core.rs[0m[2m:[0m[2m531:[0m Created block B519(B,ZifKoO8uQAswt/Gbsk2LT429Z2Dv8p/fdh3hSjvKe0A=)(1742889432876ms;[B518(B,S5W1TYJ8IaurqZ1Ecp1PS86ZH5DbKZRPe6khyrCIxqk=), B518(A,fsD4ewTSn1/pt4g6ebmHz1fiBjw1xa3gD0SL3JiZXO4=), B518(C,CuDIyFEIOfB7oSbdq6Y2O6YVg3nc21A3sYE9ChruGT4=)];1t;1c) for round 519
[2m2025-03-25T07:57:12.876449Z[0m [32m INFO[0m [1mnode[0m[1m{[0m[3mname[0m[2m=[0mk#99f25ef6..[1m}[0m[2m:[0m [2mconsensus_core::core[0m[2m:[0m [2mconsensus/core/src/core.rs[0m[2m:[0m[2m630:[0m Committing 1 leaders: B517(B,cKQc)
[2m2025-03-25T07:57:12.876526Z[0m [32m INFO[0m [1mnode[0m[1m{[0m[3mname[0m[2m=[0mk#99f25ef6..[1m}[0m[2m:[0m [2mconsensus_core::commit_observer[0m[2m:[0m [2mconsensus/core/src/commit_observer.rs[0m[2m:[0m[2m173:[0m Consensus commit C505(2A3L) with leader B517(B,cKQc) has 3 blocks
[2m2025-03-25T07:57:12.876612Z[0m [32m INFO[0m [1mnode[0m[1m{[0m[3mname[0m[2m=[0mk#99f25ef6..[1m}[0m[2m:[0m [2msui_core::consensus_handler[0m[2m:[0m [2mcrates/sui-core/src/consensus_handler.rs[0m[2m:[0m[2m232:[0m Received consensus output [3mconsensus_commit[0m[2m=[0mCommittedSubDag(leader=B517(B,cKQc), ref=C505(2A3L), blocks=[+l7W, 8ukZ, cKQc]) [3mepoch[0m[2m=[0m1
[2m2025-03-25T07:57:12.877205Z[0m [32m INFO[0m [1mnode[0m[1m{[0m[3mname[0m[2m=[0mk#8dcff6d1..[1m}[0m[2m:[0m [2mconsensus_core::core[0m[2m:[0m [2mconsensus/core/src/core.rs[0m[2m:[0m[2m945:[0m Included 3 ancestors & excluded 0 ancestors for proposal in round 519
[2m2025-03-25T07:57:12.877495Z[0m [32m INFO[0m [1mnode[0m[1m{[0m[3mname[0m[2m=[0mk#8dcff6d1..[1m}[0m[2m:[0m [2mconsensus_core::core[0m[2m:[0m [2mconsensus/core/src/core.rs[0m[2m:[0m[2m531:[0m Created block B519(A,x9TKf2RjDm0VzWW3gLd4QqsOiVL49IQhz5XwUJShquE=)(1742889432877ms;[B518(A,fsD4ewTSn1/pt4g6ebmHz1fiBjw1xa3gD0SL3JiZXO4=), B518(B,S5W1TYJ8IaurqZ1Ecp1PS86ZH5DbKZRPe6khyrCIxqk=), B518(C,CuDIyFEIOfB7oSbdq6Y2O6YVg3nc21A3sYE9ChruGT4=)];1t;1c) for round 519
[2m2025-03-25T07:57:12.877559Z[0m [32m INFO[0m [1mnode[0m[1m{[0m[3mname[0m[2m=[0mk#8dcff6d1..[1m}[0m[2m:[0m [2mconsensus_core::core[0m[2m:[0m [2mconsensus/core/src/core.rs[0m[2m:[0m[2m630:[0m Committing 1 leaders: B517(B,cKQc)
[2m2025-03-25T07:57:12.877630Z[0m [32m INFO[0m [1mnode[0m[1m{[0m[3mname[0m[2m=[0mk#8dcff6d1..[1m}[0m[2m:[0m [2mconsensus_core::commit_observer[0m[2m:[0m [2mconsensus/core/src/commit_observer.rs[0m[2m:[0m[2m173:[0m Consensus commit C505(2A3L) with leader B517(B,cKQc) has 3 blocks
[2m2025-03-25T07:57:12.877709Z[0m [32m INFO[0m [1mnode[0m[1m{[0m[3mname[0m[2m=[0mk#8dcff6d1..[1m}[0m[2m:[0m [2msui_core::consensus_handler[0m[2m:[0m [2mcrates/sui-core/src/consensus_handler.rs[0m[2m:[0m[2m232:[0m Received consensus output [3mconsensus_commit[0m[2m=[0mCommittedSubDag(leader=B517(B,cKQc), ref=C505(2A3L), blocks=[+l7W, 8ukZ, cKQc]) [3mepoch[0m[2m=[0m1
[2m2025-03-25T07:57:12.878943Z[0m [32m INFO[0m [1mnode[0m[1m{[0m[3mname[0m[2m=[0mk#addeef94..[1m}[0m[2m:[0m [2mconsensus_core::core[0m[2m:[0m [2mconsensus/core/src/core.rs[0m[2m:[0m[2m630:[0m Committing 1 leaders: B517(B,cKQc)
[2m2025-03-25T07:57:12.879034Z[0m [32m INFO[0m [1mnode[0m[1m{[0m[3mname[0m[2m=[0mk#addeef94..[1m}[0m[2m:[0m [2mconsensus_core::commit_observer[0m[2m:[0m [2mconsensus/core/src/commit_observer.rs[0m[2m:[0m[2m173:[0m Consensus commit C505(2A3L) with leader B517(B,cKQc) has 3 blocks
[2m2025-03-25T07:57:12.879106Z[0m [32m INFO[0m [1mnode[0m[1m{[0m[3mname[0m[2m=[0mk#addeef94..[1m}[0m[2m:[0m [2msui_core::consensus_handler[0m[2m:[0m [2mcrates/sui-core/src/consensus_handler.rs[0m[2m:[0m[2m232:[0m Received consensus output [3mconsensus_commit[0m[2m=[0mCommittedSubDag(leader=B517(B,cKQc), ref=C505(2A3L), blocks=[+l7W, 8ukZ, cKQc]) [3mepoch[0m[2m=[0m1
[2m2025-03-25T07:57:12.913495Z[0m [32m INFO[0m [1mnode[0m[1m{[0m[3mname[0m[2m=[0mk#b3f3cbb4..[1m}[0m[2m:[0m [2msui_core::state_accumulator[0m[2m:[0m [2mcrates/sui-core/src/state_accumulator.rs[0m[2m:[0m[2m675:[0m accumulating running root for checkpoint 616
[2m2025-03-25T07:57:12.913775Z[0m [32m INFO[0m [1mnode[0m[1m{[0m[3mname[0m[2m=[0mk#b3f3cbb4..[1m}[0m[2m:[0m [2msui_core::checkpoints::checkpoint_executor[0m[2m:[0m [2mcrates/sui-core/src/checkpoints/checkpoint_executor/mod.rs[0m[2m:[0m[2m332:[0m Received checkpoint summary from state sync [3msequence_number[0m[2m=[0m703
[2m2025-03-25T07:57:12.922539Z[0m [32m INFO[0m [1mnode[0m[1m{[0m[3mname[0m[2m=[0mk#99f25ef6..[1m}[0m[2m:[0m [2msui_core::checkpoints[0m[2m:[0m [2mcrates/sui-core/src/checkpoints/mod.rs[0m[2m:[0m[2m1326:[0m Creating checkpoint(s) for 1 transactions [3mnext_checkpoint_seq[0m[2m=[0m718 [3mcheckpoint_timestamp[0m[2m=[0m1742889432366
[2m2025-03-25T07:57:12.922539Z[0m [32m INFO[0m [1mnode[0m[1m{[0m[3mname[0m[2m=[0mk#8dcff6d1..[1m}[0m[2m:[0m [2msui_core::checkpoints[0m[2m:[0m [2mcrates/sui-core/src/checkpoints/mod.rs[0m[2m:[0m[2m1326:[0m Creating checkpoint(s) for 1 transactions [3mnext_checkpoint_seq[0m[2m=[0m718 [3mcheckpoint_timestamp[0m[2m=[0m1742889432366
[2m2025-03-25T07:57:12.922760Z[0m [32m INFO[0m [1mnode[0m[1m{[0m[3mname[0m[2m=[0mk#8dcff6d1..[1m}[0m[2m:[0m [2msui_core::checkpoints::checkpoint_output[0m[2m:[0m [2mcrates/sui-core/src/checkpoints/checkpoint_output.rs[0m[2m:[0m[2m149:[0m Creating checkpoint CheckpointDigest(2wKz77S3QYZ96eUfEJ7a1kB4pMY6rrPc8xorbhg9gmG8) at epoch 1, sequence 718, previous digest Some(CheckpointDigest(CEtwmRupWPf3ZXCQYePU22R9KegwzLBVWm8P35gbDEkL)), transactions count 1, content digest CheckpointContentsDigest(3LowaknipEmKvzWL1Q3Ra3JQkToHsSYbyXz3ncEzRyLP), end_of_epoch_data None
[2m2025-03-25T07:57:12.922760Z[0m [32m INFO[0m [1mnode[0m[1m{[0m[3mname[0m[2m=[0mk#99f25ef6..[1m}[0m[2m:[0m [2msui_core::checkpoints::checkpoint_output[0m[2m:[0m [2mcrates/sui-core/src/checkpoints/checkpoint_output.rs[0m[2m:[0m[2m149:[0m Creating checkpoint CheckpointDigest(2wKz77S3QYZ96eUfEJ7a1kB4pMY6rrPc8xorbhg9gmG8) at epoch 1, sequence 718, previous digest Some(CheckpointDigest(CEtwmRupWPf3ZXCQYePU22R9KegwzLBVWm8P35gbDEkL)), transactions count 1, content digest CheckpointContentsDigest(3LowaknipEmKvzWL1Q3Ra3JQkToHsSYbyXz3ncEzRyLP), end_of_epoch_data None
[2m2025-03-25T07:57:12.923440Z[0m [32m INFO[0m [1mnode[0m[1m{[0m[3mname[0m[2m=[0mk#addeef94..[1m}[0m[2m:[0m [2msui_core::checkpoints[0m[2m:[0m [2mcrates/sui-core/src/checkpoints/mod.rs[0m[2m:[0m[2m1326:[0m Creating checkpoint(s) for 1 transactions [3mnext_checkpoint_seq[0m[2m=[0m718 [3mcheckpoint_timestamp[0m[2m=[0m1742889432366
[2m2025-03-25T07:57:12.923605Z[0m [32m INFO[0m [1mnode[0m[1m{[0m[3mname[0m[2m=[0mk#addeef94..[1m}[0m[2m:[0m [2msui_core::checkpoints::checkpoint_output[0m[2m:[0m [2mcrates/sui-core/src/checkpoints/checkpoint_output.rs[0m[2m:[0m[2m149:[0m Creating checkpoint CheckpointDigest(2wKz77S3QYZ96eUfEJ7a1kB4pMY6rrPc8xorbhg9gmG8) at epoch 1, sequence 718, previous digest Some(CheckpointDigest(CEtwmRupWPf3ZXCQYePU22R9KegwzLBVWm8P35gbDEkL)), transactions count 1, content digest CheckpointContentsDigest(3LowaknipEmKvzWL1Q3Ra3JQkToHsSYbyXz3ncEzRyLP), end_of_epoch_data None
[2m2025-03-25T07:57:12.926080Z[0m [32m INFO[0m [1mnode[0m[1m{[0m[3mname[0m[2m=[0mk#8dcff6d1..[1m}[0m[2m:[0m [2msui_core::checkpoints::checkpoint_output[0m[2m:[0m [2mcrates/sui-core/src/checkpoints/checkpoint_output.rs[0m[2m:[0m[2m196:[0m Certified checkpoint with sequence 717 and digest CEtwmRupWPf3ZXCQYePU22R9KegwzLBVWm8P35gbDEkL
[2m2025-03-25T07:57:12.926200Z[0m [32m INFO[0m [1mnode[0m[1m{[0m[3mname[0m[2m=[0mk#99f25ef6..[1m}[0m[2m:[0m [2msui_core::checkpoints::checkpoint_output[0m[2m:[0m [2mcrates/sui-core/src/checkpoints/checkpoint_output.rs[0m[2m:[0m[2m196:[0m Certified checkpoint with sequence 717 and digest CEtwmRupWPf3ZXCQYePU22R9KegwzLBVWm8P35gbDEkL
[2m2025-03-25T07:57:12.929731Z[0m [32m INFO[0m [1mnode[0m[1m{[0m[3mname[0m[2m=[0mk#8dcff6d1..[1m}[0m[2m:[0m [2msui_core::checkpoints::checkpoint_executor[0m[2m:[0m [2mcrates/sui-core/src/checkpoints/checkpoint_executor/mod.rs[0m[2m:[0m[2m332:[0m Received checkpoint summary from state sync [3msequence_number[0m[2m=[0m717
[2m2025-03-25T07:57:12.932748Z[0m [32m INFO[0m [1mnode[0m[1m{[0m[3mname[0m[2m=[0mk#99f25ef6..[1m}[0m[2m:[0m [2msui_core::checkpoints::checkpoint_executor[0m[2m:[0m [2mcrates/sui-core/src/checkpoints/checkpoint_executor/mod.rs[0m[2m:[0m[2m332:[0m Received checkpoint summary from state sync [3msequence_number[0m[2m=[0m717
[2m2025-03-25T07:57:12.947919Z[0m [32m INFO[0m [1mnode[0m[1m{[0m[3mname[0m[2m=[0mk#8dcff6d1..[1m}[0m[2m:[0m [2msui_core::state_accumulator[0m[2m:[0m [2mcrates/sui-core/src/state_accumulator.rs[0m[2m:[0m[2m675:[0m accumulating running root for checkpoint 717
[2m2025-03-25T07:57:12.948748Z[0m [32m INFO[0m [1mnode[0m[1m{[0m[3mname[0m[2m=[0mk#99f25ef6..[1m}[0m[2m:[0m [2msui_core::state_accumulator[0m[2m:[0m [2mcrates/sui-core/src/state_accumulator.rs[0m[2m:[0m[2m675:[0m accumulating running root for checkpoint 717
[2m2025-03-25T07:57:12.994099Z[0m [32m INFO[0m [1mnode[0m[1m{[0m[3mname[0m[2m=[0mk#addeef94..[1m}[0m[2m:[0m [2msui_core::checkpoints::checkpoint_executor[0m[2m:[0m [2mcrates/sui-core/src/checkpoints/checkpoint_executor/mod.rs[0m[2m:[0m[2m332:[0m Received checkpoint summary from state sync [3msequence_number[0m[2m=[0m717
[2m2025-03-25T07:57:12.995392Z[0m [32m INFO[0m [1mnode[0m[1m{[0m[3mname[0m[2m=[0mk#addeef94..[1m}[0m[2m:[0m [2msui_core::state_accumulator[0m[2m:[0m [2mcrates/sui-core/src/state_accumulator.rs[0m[2m:[0m[2m675:[0m accumulating running root for checkpoint 717
[2m2025-03-25T07:57:13.128685Z[0m [32m INFO[0m [1mnode[0m[1m{[0m[3mname[0m[2m=[0mk#99f25ef6..[1m}[0m[2m:[0m [2mconsensus_core::core[0m[2m:[0m [2mconsensus/core/src/core.rs[0m[2m:[0m[2m945:[0m Included 3 ancestors & excluded 0 ancestors for proposal in round 520
[2m2025-03-25T07:57:13.129103Z[0m [32m INFO[0m [1mnode[0m[1m{[0m[3mname[0m[2m=[0mk#99f25ef6..[1m}[0m[2m:[0m [2mconsensus_core::core[0m[2m:[0m [2mconsensus/core/src/core.rs[0m[2m:[0m[2m531:[0m Created block B520(B,3XfekJ7WSVB/7k4ObTzGIK3jcTGyjNBZ2/Rpdfpo4mQ=)(1742889433128ms;[B519(B,ZifKoO8uQAswt/Gbsk2LT429Z2Dv8p/fdh3hSjvKe0A=), B519(A,x9TKf2RjDm0VzWW3gLd4QqsOiVL49IQhz5XwUJShquE=), B519(C,OMG9ugXUo13TlLkCfjmx4buHiCXo10j8GNjEyZD57d0=)];1t;1c) for round 520
[2m2025-03-25T07:57:13.130815Z[0m [32m INFO[0m [1mnode[0m[1m{[0m[3mname[0m[2m=[0mk#8dcff6d1..[1m}[0m[2m:[0m [2mconsensus_core::core[0m[2m:[0m [2mconsensus/core/src/core.rs[0m[2m:[0m[2m945:[0m Included 3 ancestors & excluded 0 ancestors for proposal in round 520
[2m2025-03-25T07:57:13.131125Z[0m [32m INFO[0m [1mnode[0m[1m{[0m[3mname[0m[2m=[0mk#8dcff6d1..[1m}[0m[2m:[0m [2mconsensus_core::core[0m[2m:[0m [2mconsensus/core/src/core.rs[0m[2m:[0m[2m531:[0m Created block B520(A,1xKLQHdnUEfm0Rf0wOUQILub4ZY1ste8z/9UgzSIZfs=)(1742889433131ms;[B519(A,x9TKf2RjDm0VzWW3gLd4QqsOiVL49IQhz5XwUJShquE=), B519(B,ZifKoO8uQAswt/Gbsk2LT429Z2Dv8p/fdh3hSjvKe0A=), B519(C,OMG9ugXUo13TlLkCfjmx4buHiCXo10j8GNjEyZD57d0=)];1t;1c) for round 520
[2m2025-03-25T07:57:13.131166Z[0m [32m INFO[0m [1mnode[0m[1m{[0m[3mname[0m[2m=[0mk#addeef94..[1m}[0m[2m:[0m [2mconsensus_core::core[0m[2m:[0m [2mconsensus/core/src/core.rs[0m[2m:[0m[2m945:[0m Included 3 ancestors & excluded 0 ancestors for proposal in round 520
[2m2025-03-25T07:57:13.131470Z[0m [32m INFO[0m [1mnode[0m[1m{[0m[3mname[0m[2m=[0mk#addeef94..[1m}[0m[2m:[0m [2mconsensus_core::core[0m[2m:[0m [2mconsensus/core/src/core.rs[0m[2m:[0m[2m531:[0m Created block B520(C,q/vjC7xOHV8KJyRjHy9PBCHIFvp9L3bSCOPetQ/YUEk=)(1742889433131ms;[B519(C,OMG9ugXUo13TlLkCfjmx4buHiCXo10j8GNjEyZD57d0=), B519(A,x9TKf2RjDm0VzWW3gLd4QqsOiVL49IQhz5XwUJShquE=), B519(B,ZifKoO8uQAswt/Gbsk2LT429Z2Dv8p/fdh3hSjvKe0A=)];1t;1c) for round 520
[2m2025-03-25T07:57:13.131547Z[0m [32m INFO[0m [1mnode[0m[1m{[0m[3mname[0m[2m=[0mk#addeef94..[1m}[0m[2m:[0m [2mconsensus_core::core[0m[2m:[0m [2mconsensus/core/src/core.rs[0m[2m:[0m[2m630:[0m Committing 1 leaders: B518(B,S5W1)
[2m2025-03-25T07:57:13.131642Z[0m [32m INFO[0m [1mnode[0m[1m{[0m[3mname[0m[2m=[0mk#addeef94..[1m}[0m[2m:[0m [2mconsensus_core::commit_observer[0m[2m:[0m [2mconsensus/core/src/commit_observer.rs[0m[2m:[0m[2m173:[0m Consensus commit C506(ICOH) with leader B518(B,S5W1) has 3 blocks
[2m2025-03-25T07:57:13.131733Z[0m [32m INFO[0m [1mnode[0m[1m{[0m[3mname[0m[2m=[0mk#addeef94..[1m}[0m[2m:[0m [2msui_core::consensus_handler[0m[2m:[0m [2mcrates/sui-core/src/consensus_handler.rs[0m[2m:[0m[2m232:[0m Received consensus output [3mconsensus_commit[0m[2m=[0mCommittedSubDag(leader=B518(B,S5W1), ref=C506(ICOH), blocks=[+ECc, xopE, S5W1]) [3mepoch[0m[2m=[0m1
[2m2025-03-25T07:57:13.134852Z[0m [32m INFO[0m [1mnode[0m[1m{[0m[3mname[0m[2m=[0mk#8dcff6d1..[1m}[0m[2m:[0m [2msui_core::checkpoints::checkpoint_output[0m[2m:[0m [2mcrates/sui-core/src/checkpoints/checkpoint_output.rs[0m[2m:[0m[2m196:[0m Certified checkpoint with sequence 718 and digest 2wKz77S3QYZ96eUfEJ7a1kB4pMY6rrPc8xorbhg9gmG8
[2m2025-03-25T07:57:13.134966Z[0m [32m INFO[0m [1mnode[0m[1m{[0m[3mname[0m[2m=[0mk#8dcff6d1..[1m}[0m[2m:[0m [2mconsensus_core::core[0m[2m:[0m [2mconsensus/core/src/core.rs[0m[2m:[0m[2m630:[0m Committing 1 leaders: B518(B,S5W1)
[2m2025-03-25T07:57:13.135086Z[0m [32m INFO[0m [1mnode[0m[1m{[0m[3mname[0m[2m=[0mk#8dcff6d1..[1m}[0m[2m:[0m [2mconsensus_core::commit_observer[0m[2m:[0m [2mconsensus/core/src/commit_observer.rs[0m[2m:[0m[2m173:[0m Consensus commit C506(ICOH) with leader B518(B,S5W1) has 3 blocks
[2m2025-03-25T07:57:13.135168Z[0m [32m INFO[0m [1mnode[0m[1m{[0m[3mname[0m[2m=[0mk#99f25ef6..[1m}[0m[2m:[0m [2msui_core::checkpoints::checkpoint_output[0m[2m:[0m [2mcrates/sui-core/src/checkpoints/checkpoint_output.rs[0m[2m:[0m[2m196:[0m Certified checkpoint with sequence 718 and digest 2wKz77S3QYZ96eUfEJ7a1kB4pMY6rrPc8xorbhg9gmG8
[2m2025-03-25T07:57:13.135268Z[0m [32m INFO[0m [1mnode[0m[1m{[0m[3mname[0m[2m=[0mk#99f25ef6..[1m}[0m[2m:[0m [2mconsensus_core::core[0m[2m:[0m [2mconsensus/core/src/core.rs[0m[2m:[0m[2m630:[0m Committing 1 leaders: B518(B,S5W1)
[2m2025-03-25T07:57:13.135388Z[0m [32m INFO[0m [1mnode[0m[1m{[0m[3mname[0m[2m=[0mk#99f25ef6..[1m}[0m[2m:[0m [2mconsensus_core::commit_observer[0m[2m:[0m [2mconsensus/core/src/commit_observer.rs[0m[2m:[0m[2m173:[0m Consensus commit C506(ICOH) with leader B518(B,S5W1) has 3 blocks
[2m2025-03-25T07:57:13.135523Z[0m [32m INFO[0m [1mnode[0m[1m{[0m[3mname[0m[2m=[0mk#8dcff6d1..[1m}[0m[2m:[0m [2msui_core::consensus_handler[0m[2m:[0m [2mcrates/sui-core/src/consensus_handler.rs[0m[2m:[0m[2m232:[0m Received consensus output [3mconsensus_commit[0m[2m=[0mCommittedSubDag(leader=B518(B,S5W1), ref=C506(ICOH), blocks=[+ECc, xopE, S5W1]) [3mepoch[0m[2m=[0m1
[2m2025-03-25T07:57:13.135758Z[0m [32m INFO[0m [1mnode[0m[1m{[0m[3mname[0m[2m=[0mk#99f25ef6..[1m}[0m[2m:[0m [2msui_core::consensus_handler[0m[2m:[0m [2mcrates/sui-core/src/consensus_handler.rs[0m[2m:[0m[2m232:[0m Received consensus output [3mconsensus_commit[0m[2m=[0mCommittedSubDag(leader=B518(B,S5W1), ref=C506(ICOH), blocks=[+ECc, xopE, S5W1]) [3mepoch[0m[2m=[0m1
[2m2025-03-25T07:57:13.136110Z[0m [32m INFO[0m [1mnode[0m[1m{[0m[3mname[0m[2m=[0mk#8dcff6d1..[1m}[0m[2m:[0m [2msui_core::checkpoints::checkpoint_executor[0m[2m:[0m [2mcrates/sui-core/src/checkpoints/checkpoint_executor/mod.rs[0m[2m:[0m[2m332:[0m Received checkpoint summary from state sync [3msequence_number[0m[2m=[0m718
[2m2025-03-25T07:57:13.136290Z[0m [32m INFO[0m [1mnode[0m[1m{[0m[3mname[0m[2m=[0mk#99f25ef6..[1m}[0m[2m:[0m [2msui_core::checkpoints::checkpoint_executor[0m[2m:[0m [2mcrates/sui-core/src/checkpoints/checkpoint_executor/mod.rs[0m[2m:[0m[2m332:[0m Received checkpoint summary from state sync [3msequence_number[0m[2m=[0m718
[2m2025-03-25T07:57:13.137672Z[0m [32m INFO[0m [1mnode[0m[1m{[0m[3mname[0m[2m=[0mk#8dcff6d1..[1m}[0m[2m:[0m [2msui_core::state_accumulator[0m[2m:[0m [2mcrates/sui-core/src/state_accumulator.rs[0m[2m:[0m[2m675:[0m accumulating running root for checkpoint 718
[2m2025-03-25T07:57:13.137674Z[0m [32m INFO[0m [1mnode[0m[1m{[0m[3mname[0m[2m=[0mk#99f25ef6..[1m}[0m[2m:[0m [2msui_core::state_accumulator[0m[2m:[0m [2mcrates/sui-core/src/state_accumulator.rs[0m[2m:[0m[2m675:[0m accumulating running root for checkpoint 718
[2m2025-03-25T07:57:13.158608Z[0m [32m INFO[0m [1mnode[0m[1m{[0m[3mname[0m[2m=[0mk#addeef94..[1m}[0m[2m:[0m [2msui_core::checkpoints[0m[2m:[0m [2mcrates/sui-core/src/checkpoints/mod.rs[0m[2m:[0m[2m1326:[0m Creating checkpoint(s) for 2 transactions [3mnext_checkpoint_seq[0m[2m=[0m719 [3mcheckpoint_timestamp[0m[2m=[0m1742889432619
[2m2025-03-25T07:57:13.158910Z[0m [32m INFO[0m [1mnode[0m[1m{[0m[3mname[0m[2m=[0mk#addeef94..[1m}[0m[2m:[0m [2msui_core::checkpoints::checkpoint_output[0m[2m:[0m [2mcrates/sui-core/src/checkpoints/checkpoint_output.rs[0m[2m:[0m[2m149:[0m Creating checkpoint CheckpointDigest(8xpQFQ6L6j5dPDH7wYGVTZY8QuwbgxUiPqUuR94uzWhJ) at epoch 1, sequence 719, previous digest Some(CheckpointDigest(2wKz77S3QYZ96eUfEJ7a1kB4pMY6rrPc8xorbhg9gmG8)), transactions count 2, content digest CheckpointContentsDigest(FvT8SJcyarHR8borViU4jvn5BW8Siwgcpdy9UGdBMyhH), end_of_epoch_data None
[2m2025-03-25T07:57:13.163123Z[0m [32m INFO[0m [1mnode[0m[1m{[0m[3mname[0m[2m=[0mk#8dcff6d1..[1m}[0m[2m:[0m [2msui_core::checkpoints[0m[2m:[0m [2mcrates/sui-core/src/checkpoints/mod.rs[0m[2m:[0m[2m1326:[0m Creating checkpoint(s) for 2 transactions [3mnext_checkpoint_seq[0m[2m=[0m719 [3mcheckpoint_timestamp[0m[2m=[0m1742889432619
[2m2025-03-25T07:57:13.163126Z[0m [32m INFO[0m [1mnode[0m[1m{[0m[3mname[0m[2m=[0mk#99f25ef6..[1m}[0m[2m:[0m [2msui_core::checkpoints[0m[2m:[0m [2mcrates/sui-core/src/checkpoints/mod.rs[0m[2m:[0m[2m1326:[0m Creating checkpoint(s) for 2 transactions [3mnext_checkpoint_seq[0m[2m=[0m719 [3mcheckpoint_timestamp[0m[2m=[0m1742889432619
[2m2025-03-25T07:57:13.163245Z[0m [32m INFO[0m [1mnode[0m[1m{[0m[3mname[0m[2m=[0mk#addeef94..[1m}[0m[2m:[0m [2msui_core::checkpoints::checkpoint_executor[0m[2m:[0m [2mcrates/sui-core/src/checkpoints/checkpoint_executor/mod.rs[0m[2m:[0m[2m332:[0m Received checkpoint summary from state sync [3msequence_number[0m[2m=[0m718
[2m2025-03-25T07:57:13.163388Z[0m [32m INFO[0m [1mnode[0m[1m{[0m[3mname[0m[2m=[0mk#8dcff6d1..[1m}[0m[2m:[0m [2msui_core::checkpoints::checkpoint_output[0m[2m:[0m [2mcrates/sui-core/src/checkpoints/checkpoint_output.rs[0m[2m:[0m[2m149:[0m Creating checkpoint CheckpointDigest(8xpQFQ6L6j5dPDH7wYGVTZY8QuwbgxUiPqUuR94uzWhJ) at epoch 1, sequence 719, previous digest Some(CheckpointDigest(2wKz77S3QYZ96eUfEJ7a1kB4pMY6rrPc8xorbhg9gmG8)), transactions count 2, content digest CheckpointContentsDigest(FvT8SJcyarHR8borViU4jvn5BW8Siwgcpdy9UGdBMyhH), end_of_epoch_data None
[2m2025-03-25T07:57:13.163389Z[0m [32m INFO[0m [1mnode[0m[1m{[0m[3mname[0m[2m=[0mk#99f25ef6..[1m}[0m[2m:[0m [2msui_core::checkpoints::checkpoint_output[0m[2m:[0m [2mcrates/sui-core/src/checkpoints/checkpoint_output.rs[0m[2m:[0m[2m149:[0m Creating checkpoint CheckpointDigest(8xpQFQ6L6j5dPDH7wYGVTZY8QuwbgxUiPqUuR94uzWhJ) at epoch 1, sequence 719, previous digest Some(CheckpointDigest(2wKz77S3QYZ96eUfEJ7a1kB4pMY6rrPc8xorbhg9gmG8)), transactions count 2, content digest CheckpointContentsDigest(FvT8SJcyarHR8borViU4jvn5BW8Siwgcpdy9UGdBMyhH), end_of_epoch_data None
[2m2025-03-25T07:57:13.164063Z[0m [32m INFO[0m [1mnode[0m[1m{[0m[3mname[0m[2m=[0mk#addeef94..[1m}[0m[2m:[0m [2msui_core::state_accumulator[0m[2m:[0m [2mcrates/sui-core/src/state_accumulator.rs[0m[2m:[0m[2m675:[0m accumulating running root for checkpoint 718
[2m2025-03-25T07:57:13.304335Z[0m [32m INFO[0m [1mnode[0m[1m{[0m[3mname[0m[2m=[0mk#8dcff6d1..[1m}[0m[2m:[0m [2mconsensus_core::commit_syncer[0m[2m:[0m [2mconsensus/core/src/commit_syncer.rs[0m[2m:[0m[2m196:[0m Checking to schedule fetches: synced_commit_index=506, highest_handled_index=506, highest_scheduled_index=0, quorum_commit_index=505, unhandled_commits_threshold=3200
[2m2025-03-25T07:57:13.327871Z[0m [32m INFO[0m [1mnode[0m[1m{[0m[3mname[0m[2m=[0mk#addeef94..[1m}[0m[2m:[0m [2mconsensus_core::commit_syncer[0m[2m:[0m [2mconsensus/core/src/commit_syncer.rs[0m[2m:[0m[2m196:[0m Checking to schedule fetches: synced_commit_index=506, highest_handled_index=506, highest_scheduled_index=0, quorum_commit_index=0, unhandled_commits_threshold=3200
[2m2025-03-25T07:57:13.330819Z[0m [32m INFO[0m [1mnode[0m[1m{[0m[3mname[0m[2m=[0mk#99f25ef6..[1m}[0m[2m:[0m [2mconsensus_core::commit_syncer[0m[2m:[0m [2mconsensus/core/src/commit_syncer.rs[0m[2m:[0m[2m196:[0m Checking to schedule fetches: synced_commit_index=506, highest_handled_index=506, highest_scheduled_index=0, quorum_commit_index=505, unhandled_commits_threshold=3200
[2m2025-03-25T07:57:13.383638Z[0m [32m INFO[0m [1mnode[0m[1m{[0m[3mname[0m[2m=[0mk#addeef94..[1m}[0m[2m:[0m [2mconsensus_core::core[0m[2m:[0m [2mconsensus/core/src/core.rs[0m[2m:[0m[2m945:[0m Included 3 ancestors & excluded 0 ancestors for proposal in round 521
[2m2025-03-25T07:57:13.384027Z[0m [32m INFO[0m [1mnode[0m[1m{[0m[3mname[0m[2m=[0mk#addeef94..[1m}[0m[2m:[0m [2mconsensus_core::core[0m[2m:[0m [2mconsensus/core/src/core.rs[0m[2m:[0m[2m531:[0m Created block B521(C,Q0jy20+zJsnPkMDi5RBbQo7VsyAqTei1v9Sm7vF/5ZQ=)(1742889433383ms;[B520(C,q/vjC7xOHV8KJyRjHy9PBCHIFvp9L3bSCOPetQ/YUEk=), B520(A,1xKLQHdnUEfm0Rf0wOUQILub4ZY1ste8z/9UgzSIZfs=), B520(B,3XfekJ7WSVB/7k4ObTzGIK3jcTGyjNBZ2/Rpdfpo4mQ=)];1t;1c) for round 521
[2m2025-03-25T07:57:13.385952Z[0m [32m INFO[0m [1mnode[0m[1m{[0m[3mname[0m[2m=[0mk#99f25ef6..[1m}[0m[2m:[0m [2mconsensus_core::core[0m[2m:[0m [2mconsensus/core/src/core.rs[0m[2m:[0m[2m945:[0m Included 3 ancestors & excluded 0 ancestors for proposal in round 521
[2m2025-03-25T07:57:13.386231Z[0m [32m INFO[0m [1mnode[0m[1m{[0m[3mname[0m[2m=[0mk#99f25ef6..[1m}[0m[2m:[0m [2mconsensus_core::core[0m[2m:[0m [2mconsensus/core/src/core.rs[0m[2m:[0m[2m531:[0m Created block B521(B,URY0mHcGrXipR4BpjqEjGlRzLS0zZkQx2AOfVGdA5oo=)(1742889433386ms;[B520(B,3XfekJ7WSVB/7k4ObTzGIK3jcTGyjNBZ2/Rpdfpo4mQ=), B520(A,1xKLQHdnUEfm0Rf0wOUQILub4ZY1ste8z/9UgzSIZfs=), B520(C,q/vjC7xOHV8KJyRjHy9PBCHIFvp9L3bSCOPetQ/YUEk=)];1t;1c) for round 521
[2m2025-03-25T07:57:13.386301Z[0m [32m INFO[0m [1mnode[0m[1m{[0m[3mname[0m[2m=[0mk#99f25ef6..[1m}[0m[2m:[0m [2mconsensus_core::core[0m[2m:[0m [2mconsensus/core/src/core.rs[0m[2m:[0m[2m630:[0m Committing 1 leaders: B519(B,ZifK)
[2m2025-03-25T07:57:13.386383Z[0m [32m INFO[0m [1mnode[0m[1m{[0m[3mname[0m[2m=[0mk#99f25ef6..[1m}[0m[2m:[0m [2mconsensus_core::commit_observer[0m[2m:[0m [2mconsensus/core/src/commit_observer.rs[0m[2m:[0m[2m173:[0m Consensus commit C507(Xf/K) with leader B519(B,ZifK) has 3 blocks
[2m2025-03-25T07:57:13.386465Z[0m [32m INFO[0m [1mnode[0m[1m{[0m[3mname[0m[2m=[0mk#99f25ef6..[1m}[0m[2m:[0m [2msui_core::consensus_handler[0m[2m:[0m [2mcrates/sui-core/src/consensus_handler.rs[0m[2m:[0m[2m232:[0m Received consensus output [3mconsensus_commit[0m[2m=[0mCommittedSubDag(leader=B519(B,ZifK), ref=C507(Xf/K), blocks=[fsD4, CuDI, ZifK]) [3mepoch[0m[2m=[0m1
[2m2025-03-25T07:57:13.387066Z[0m [32m INFO[0m [1mnode[0m[1m{[0m[3mname[0m[2m=[0mk#8dcff6d1..[1m}[0m[2m:[0m [2mconsensus_core::core[0m[2m:[0m [2mconsensus/core/src/core.rs[0m[2m:[0m[2m945:[0m Included 3 ancestors & excluded 0 ancestors for proposal in round 521
[2m2025-03-25T07:57:13.387357Z[0m [32m INFO[0m [1mnode[0m[1m{[0m[3mname[0m[2m=[0mk#8dcff6d1..[1m}[0m[2m:[0m [2mconsensus_core::core[0m[2m:[0m [2mconsensus/core/src/core.rs[0m[2m:[0m[2m531:[0m Created block B521(A,P2BBb7UWDqvKWwELD0k6HUyHI6QpgSRW/Jvq9OyjAq4=)(1742889433387ms;[B520(A,1xKLQHdnUEfm0Rf0wOUQILub4ZY1ste8z/9UgzSIZfs=), B520(B,3XfekJ7WSVB/7k4ObTzGIK3jcTGyjNBZ2/Rpdfpo4mQ=), B520(C,q/vjC7xOHV8KJyRjHy9PBCHIFvp9L3bSCOPetQ/YUEk=)];1t;1c) for round 521
[2m2025-03-25T07:57:13.387420Z[0m [32m INFO[0m [1mnode[0m[1m{[0m[3mname[0m[2m=[0mk#8dcff6d1..[1m}[0m[2m:[0m [2mconsensus_core::core[0m[2m:[0m [2mconsensus/core/src/core.rs[0m[2m:[0m[2m630:[0m Committing 1 leaders: B519(B,ZifK)
[2m2025-03-25T07:57:13.387489Z[0m [32m INFO[0m [1mnode[0m[1m{[0m[3mname[0m[2m=[0mk#8dcff6d1..[1m}[0m[2m:[0m [2mconsensus_core::commit_observer[0m[2m:[0m [2mconsensus/core/src/commit_observer.rs[0m[2m:[0m[2m173:[0m Consensus commit C507(Xf/K) with leader B519(B,ZifK) has 3 blocks
[2m2025-03-25T07:57:13.387566Z[0m [32m INFO[0m [1mnode[0m[1m{[0m[3mname[0m[2m=[0mk#8dcff6d1..[1m}[0m[2m:[0m [2msui_core::consensus_handler[0m[2m:[0m [2mcrates/sui-core/src/consensus_handler.rs[0m[2m:[0m[2m232:[0m Received consensus output [3mconsensus_commit[0m[2m=[0mCommittedSubDag(leader=B519(B,ZifK), ref=C507(Xf/K), blocks=[fsD4, CuDI, ZifK]) [3mepoch[0m[2m=[0m1
[2m2025-03-25T07:57:13.388895Z[0m [32m INFO[0m [1mnode[0m[1m{[0m[3mname[0m[2m=[0mk#addeef94..[1m}[0m[2m:[0m [2mconsensus_core::core[0m[2m:[0m [2mconsensus/core/src/core.rs[0m[2m:[0m[2m630:[0m Committing 1 leaders: B519(B,ZifK)
[2m2025-03-25T07:57:13.389002Z[0m [32m INFO[0m [1mnode[0m[1m{[0m[3mname[0m[2m=[0mk#addeef94..[1m}[0m[2m:[0m [2mconsensus_core::commit_observer[0m[2m:[0m [2mconsensus/core/src/commit_observer.rs[0m[2m:[0m[2m173:[0m Consensus commit C507(Xf/K) with leader B519(B,ZifK) has 3 blocks
[2m2025-03-25T07:57:13.389080Z[0m [32m INFO[0m [1mnode[0m[1m{[0m[3mname[0m[2m=[0mk#addeef94..[1m}[0m[2m:[0m [2msui_core::consensus_handler[0m[2m:[0m [2mcrates/sui-core/src/consensus_handler.rs[0m[2m:[0m[2m232:[0m Received consensus output [3mconsensus_commit[0m[2m=[0mCommittedSubDag(leader=B519(B,ZifK), ref=C507(Xf/K), blocks=[fsD4, CuDI, ZifK]) [3mepoch[0m[2m=[0m1
[2m2025-03-25T07:57:13.433265Z[0m [32m INFO[0m [1mnode[0m[1m{[0m[3mname[0m[2m=[0mk#99f25ef6..[1m}[0m[2m:[0m [2msui_core::checkpoints[0m[2m:[0m [2mcrates/sui-core/src/checkpoints/mod.rs[0m[2m:[0m[2m1326:[0m Creating checkpoint(s) for 1 transactions [3mnext_checkpoint_seq[0m[2m=[0m720 [3mcheckpoint_timestamp[0m[2m=[0m1742889432876
[2m2025-03-25T07:57:13.433265Z[0m [32m INFO[0m [1mnode[0m[1m{[0m[3mname[0m[2m=[0mk#8dcff6d1..[1m}[0m[2m:[0m [2msui_core::checkpoints[0m[2m:[0m [2mcrates/sui-core/src/checkpoints/mod.rs[0m[2m:[0m[2m1326:[0m Creating checkpoint(s) for 1 transactions [3mnext_checkpoint_seq[0m[2m=[0m720 [3mcheckpoint_timestamp[0m[2m=[0m1742889432876
[2m2025-03-25T07:57:13.433506Z[0m [32m INFO[0m [1mnode[0m[1m{[0m[3mname[0m[2m=[0mk#99f25ef6..[1m}[0m[2m:[0m [2msui_core::checkpoints::checkpoint_output[0m[2m:[0m [2mcrates/sui-core/src/checkpoints/checkpoint_output.rs[0m[2m:[0m[2m149:[0m Creating checkpoint CheckpointDigest(F9qhsZEkqWoT1yhdn2daLbEenMdpcbMUHUGNcYVsH2hk) at epoch 1, sequence 720, previous digest Some(CheckpointDigest(8xpQFQ6L6j5dPDH7wYGVTZY8QuwbgxUiPqUuR94uzWhJ)), transactions count 1, content digest CheckpointContentsDigest(CfJ9x7TZQis1Tz9hYGbnWxm5ffnmQM9QGADzR5SbKThg), end_of_epoch_data None
[2m2025-03-25T07:57:13.433506Z[0m [32m INFO[0m [1mnode[0m[1m{[0m[3mname[0m[2m=[0mk#8dcff6d1..[1m}[0m[2m:[0m [2msui_core::checkpoints::checkpoint_output[0m[2m:[0m [2mcrates/sui-core/src/checkpoints/checkpoint_output.rs[0m[2m:[0m[2m149:[0m Creating checkpoint CheckpointDigest(F9qhsZEkqWoT1yhdn2daLbEenMdpcbMUHUGNcYVsH2hk) at epoch 1, sequence 720, previous digest Some(CheckpointDigest(8xpQFQ6L6j5dPDH7wYGVTZY8QuwbgxUiPqUuR94uzWhJ)), transactions count 1, content digest CheckpointContentsDigest(CfJ9x7TZQis1Tz9hYGbnWxm5ffnmQM9QGADzR5SbKThg), end_of_epoch_data None
[2m2025-03-25T07:57:13.433690Z[0m [32m INFO[0m [1mnode[0m[1m{[0m[3mname[0m[2m=[0mk#addeef94..[1m}[0m[2m:[0m [2msui_core::checkpoints[0m[2m:[0m [2mcrates/sui-core/src/checkpoints/mod.rs[0m[2m:[0m[2m1326:[0m Creating checkpoint(s) for 1 transactions [3mnext_checkpoint_seq[0m[2m=[0m720 [3mcheckpoint_timestamp[0m[2m=[0m1742889432876
[2m2025-03-25T07:57:13.433854Z[0m [32m INFO[0m [1mnode[0m[1m{[0m[3mname[0m[2m=[0mk#addeef94..[1m}[0m[2m:[0m [2msui_core::checkpoints::checkpoint_output[0m[2m:[0m [2mcrates/sui-core/src/checkpoints/checkpoint_output.rs[0m[2m:[0m[2m149:[0m Creating checkpoint CheckpointDigest(F9qhsZEkqWoT1yhdn2daLbEenMdpcbMUHUGNcYVsH2hk) at epoch 1, sequence 720, previous digest Some(CheckpointDigest(8xpQFQ6L6j5dPDH7wYGVTZY8QuwbgxUiPqUuR94uzWhJ)), transactions count 1, content digest CheckpointContentsDigest(CfJ9x7TZQis1Tz9hYGbnWxm5ffnmQM9QGADzR5SbKThg), end_of_epoch_data None
[2m2025-03-25T07:57:13.436895Z[0m [32m INFO[0m [1mnode[0m[1m{[0m[3mname[0m[2m=[0mk#99f25ef6..[1m}[0m[2m:[0m [2msui_core::checkpoints::checkpoint_output[0m[2m:[0m [2mcrates/sui-core/src/checkpoints/checkpoint_output.rs[0m[2m:[0m[2m196:[0m Certified checkpoint with sequence 719 and digest 8xpQFQ6L6j5dPDH7wYGVTZY8QuwbgxUiPqUuR94uzWhJ
[2m2025-03-25T07:57:13.436898Z[0m [32m INFO[0m [1mnode[0m[1m{[0m[3mname[0m[2m=[0mk#8dcff6d1..[1m}[0m[2m:[0m [2msui_core::checkpoints::checkpoint_output[0m[2m:[0m [2mcrates/sui-core/src/checkpoints/checkpoint_output.rs[0m[2m:[0m[2m196:[0m Certified checkpoint with sequence 719 and digest 8xpQFQ6L6j5dPDH7wYGVTZY8QuwbgxUiPqUuR94uzWhJ
[2m2025-03-25T07:57:13.440262Z[0m [32m INFO[0m [1mnode[0m[1m{[0m[3mname[0m[2m=[0mk#8dcff6d1..[1m}[0m[2m:[0m [2msui_core::checkpoints::checkpoint_executor[0m[2m:[0m [2mcrates/sui-core/src/checkpoints/checkpoint_executor/mod.rs[0m[2m:[0m[2m332:[0m Received checkpoint summary from state sync [3msequence_number[0m[2m=[0m719
[2m2025-03-25T07:57:13.442637Z[0m [32m INFO[0m [1mnode[0m[1m{[0m[3mname[0m[2m=[0mk#99f25ef6..[1m}[0m[2m:[0m [2msui_core::checkpoints::checkpoint_executor[0m[2m:[0m [2mcrates/sui-core/src/checkpoints/checkpoint_executor/mod.rs[0m[2m:[0m[2m332:[0m Received checkpoint summary from state sync [3msequence_number[0m[2m=[0m719
[2m2025-03-25T07:57:13.458073Z[0m [32m INFO[0m [1mnode[0m[1m{[0m[3mname[0m[2m=[0mk#99f25ef6..[1m}[0m[2m:[0m [2msui_core::state_accumulator[0m[2m:[0m [2mcrates/sui-core/src/state_accumulator.rs[0m[2m:[0m[2m675:[0m accumulating running root for checkpoint 719
[2m2025-03-25T07:57:13.458072Z[0m [32m INFO[0m [1mnode[0m[1m{[0m[3mname[0m[2m=[0mk#8dcff6d1..[1m}[0m[2m:[0m [2msui_core::state_accumulator[0m[2m:[0m [2mcrates/sui-core/src/state_accumulator.rs[0m[2m:[0m[2m675:[0m accumulating running root for checkpoint 719
[2m2025-03-25T07:57:13.502440Z[0m [32m INFO[0m [1mnode[0m[1m{[0m[3mname[0m[2m=[0mk#addeef94..[1m}[0m[2m:[0m [2msui_core::checkpoints::checkpoint_executor[0m[2m:[0m [2mcrates/sui-core/src/checkpoints/checkpoint_executor/mod.rs[0m[2m:[0m[2m332:[0m Received checkpoint summary from state sync [3msequence_number[0m[2m=[0m719
[2m2025-03-25T07:57:13.503798Z[0m [32m INFO[0m [1mnode[0m[1m{[0m[3mname[0m[2m=[0mk#addeef94..[1m}[0m[2m:[0m [2msui_core::state_accumulator[0m[2m:[0m [2mcrates/sui-core/src/state_accumulator.rs[0m[2m:[0m[2m675:[0m accumulating running root for checkpoint 719
[2m2025-03-25T07:57:13.638623Z[0m [32m INFO[0m [1mnode[0m[1m{[0m[3mname[0m[2m=[0mk#8dcff6d1..[1m}[0m[2m:[0m [2mconsensus_core::core[0m[2m:[0m [2mconsensus/core/src/core.rs[0m[2m:[0m[2m945:[0m Included 3 ancestors & excluded 0 ancestors for proposal in round 522
[2m2025-03-25T07:57:13.638707Z[0m [32m INFO[0m [1mnode[0m[1m{[0m[3mname[0m[2m=[0mk#99f25ef6..[1m}[0m[2m:[0m [2mconsensus_core::core[0m[2m:[0m [2mconsensus/core/src/core.rs[0m[2m:[0m[2m945:[0m Included 3 ancestors & excluded 0 ancestors for proposal in round 522
[2m2025-03-25T07:57:13.638991Z[0m [32m INFO[0m [1mnode[0m[1m{[0m[3mname[0m[2m=[0mk#8dcff6d1..[1m}[0m[2m:[0m [2mconsensus_core::core[0m[2m:[0m [2mconsensus/core/src/core.rs[0m[2m:[0m[2m531:[0m Created block B522(A,7DItPBCz2pUbFx4uAY90V9Gvdf+ZXfewbyVGTAtHHHY=)(1742889433638ms;[B521(A,P2BBb7UWDqvKWwELD0k6HUyHI6QpgSRW/Jvq9OyjAq4=), B521(B,URY0mHcGrXipR4BpjqEjGlRzLS0zZkQx2AOfVGdA5oo=), B521(C,Q0jy20+zJsnPkMDi5RBbQo7VsyAqTei1v9Sm7vF/5ZQ=)];1t;1c) for round 522
[2m2025-03-25T07:57:13.639001Z[0m [32m INFO[0m [1mnode[0m[1m{[0m[3mname[0m[2m=[0mk#99f25ef6..[1m}[0m[2m:[0m [2mconsensus_core::core[0m[2m:[0m [2mconsensus/core/src/core.rs[0m[2m:[0m[2m531:[0m Created block B522(B,w4wBOm88X9kFKB8j+HJ4ZyR6V2OQdPh+qPnLcpyw9yY=)(1742889433638ms;[B521(B,URY0mHcGrXipR4BpjqEjGlRzLS0zZkQx2AOfVGdA5oo=), B521(A,P2BBb7UWDqvKWwELD0k6HUyHI6QpgSRW/Jvq9OyjAq4=), B521(C,Q0jy20+zJsnPkMDi5RBbQo7VsyAqTei1v9Sm7vF/5ZQ=)];1t;1c) for round 522
[2m2025-03-25T07:57:13.642272Z[0m [32m INFO[0m [1mnode[0m[1m{[0m[3mname[0m[2m=[0mk#addeef94..[1m}[0m[2m:[0m [2mconsensus_core::core[0m[2m:[0m [2mconsensus/core/src/core.rs[0m[2m:[0m[2m945:[0m Included 3 ancestors & excluded 0 ancestors for proposal in round 522
[2m2025-03-25T07:57:13.642582Z[0m [32m INFO[0m [1mnode[0m[1m{[0m[3mname[0m[2m=[0mk#addeef94..[1m}[0m[2m:[0m [2mconsensus_core::core[0m[2m:[0m [2mconsensus/core/src/core.rs[0m[2m:[0m[2m531:[0m Created block B522(C,LHY/4LF6cz8Nuq2qcSffrOt1XAi9cv0OyZNAJ6d1CKA=)(1742889433642ms;[B521(C,Q0jy20+zJsnPkMDi5RBbQo7VsyAqTei1v9Sm7vF/5ZQ=), B521(A,P2BBb7UWDqvKWwELD0k6HUyHI6QpgSRW/Jvq9OyjAq4=), B521(B,URY0mHcGrXipR4BpjqEjGlRzLS0zZkQx2AOfVGdA5oo=)];1t;1c) for round 522
[2m2025-03-25T07:57:13.642654Z[0m [32m INFO[0m [1mnode[0m[1m{[0m[3mname[0m[2m=[0mk#addeef94..[1m}[0m[2m:[0m [2mconsensus_core::core[0m[2m:[0m [2mconsensus/core/src/core.rs[0m[2m:[0m[2m630:[0m Committing 1 leaders: B520(B,3Xfe)
[2m2025-03-25T07:57:13.642730Z[0m [32m INFO[0m [1mnode[0m[1m{[0m[3mname[0m[2m=[0mk#addeef94..[1m}[0m[2m:[0m [2mconsensus_core::commit_observer[0m[2m:[0m [2mconsensus/core/src/commit_observer.rs[0m[2m:[0m[2m173:[0m Consensus commit C508(lyeO) with leader B520(B,3Xfe) has 3 blocks
[2m2025-03-25T07:57:13.642819Z[0m [32m INFO[0m [1mnode[0m[1m{[0m[3mname[0m[2m=[0mk#addeef94..[1m}[0m[2m:[0m [2msui_core::consensus_handler[0m[2m:[0m [2mcrates/sui-core/src/consensus_handler.rs[0m[2m:[0m[2m232:[0m Received consensus output [3mconsensus_commit[0m[2m=[0mCommittedSubDag(leader=B520(B,3Xfe), ref=C508(lyeO), blocks=[x9TK, OMG9, 3Xfe]) [3mepoch[0m[2m=[0m1
[2m2025-03-25T07:57:13.645848Z[0m [32m INFO[0m [1mnode[0m[1m{[0m[3mname[0m[2m=[0mk#8dcff6d1..[1m}[0m[2m:[0m [2msui_core::checkpoints::checkpoint_output[0m[2m:[0m [2mcrates/sui-core/src/checkpoints/checkpoint_output.rs[0m[2m:[0m[2m196:[0m Certified checkpoint with sequence 720 and digest F9qhsZEkqWoT1yhdn2daLbEenMdpcbMUHUGNcYVsH2hk
[2m2025-03-25T07:57:13.645853Z[0m [32m INFO[0m [1mnode[0m[1m{[0m[3mname[0m[2m=[0mk#99f25ef6..[1m}[0m[2m:[0m [2msui_core::checkpoints::checkpoint_output[0m[2m:[0m [2mcrates/sui-core/src/checkpoints/checkpoint_output.rs[0m[2m:[0m[2m196:[0m Certified checkpoint with sequence 720 and digest F9qhsZEkqWoT1yhdn2daLbEenMdpcbMUHUGNcYVsH2hk
[2m2025-03-25T07:57:13.645962Z[0m [32m INFO[0m [1mnode[0m[1m{[0m[3mname[0m[2m=[0mk#8dcff6d1..[1m}[0m[2m:[0m [2mconsensus_core::core[0m[2m:[0m [2mconsensus/core/src/core.rs[0m[2m:[0m[2m630:[0m Committing 1 leaders: B520(B,3Xfe)
[2m2025-03-25T07:57:13.645962Z[0m [32m INFO[0m [1mnode[0m[1m{[0m[3mname[0m[2m=[0mk#99f25ef6..[1m}[0m[2m:[0m [2mconsensus_core::core[0m[2m:[0m [2mconsensus/core/src/core.rs[0m[2m:[0m[2m630:[0m Committing 1 leaders: B520(B,3Xfe)
[2m2025-03-25T07:57:13.646070Z[0m [32m INFO[0m [1mnode[0m[1m{[0m[3mname[0m[2m=[0mk#8dcff6d1..[1m}[0m[2m:[0m [2mconsensus_core::commit_observer[0m[2m:[0m [2mconsensus/core/src/commit_observer.rs[0m[2m:[0m[2m173:[0m Consensus commit C508(lyeO) with leader B520(B,3Xfe) has 3 blocks
[2m2025-03-25T07:57:13.646074Z[0m [32m INFO[0m [1mnode[0m[1m{[0m[3mname[0m[2m=[0mk#99f25ef6..[1m}[0m[2m:[0m [2mconsensus_core::commit_observer[0m[2m:[0m [2mconsensus/core/src/commit_observer.rs[0m[2m:[0m[2m173:[0m Consensus commit C508(lyeO) with leader B520(B,3Xfe) has 3 blocks
[2m2025-03-25T07:57:13.646467Z[0m [32m INFO[0m [1mnode[0m[1m{[0m[3mname[0m[2m=[0mk#8dcff6d1..[1m}[0m[2m:[0m [2msui_core::consensus_handler[0m[2m:[0m [2mcrates/sui-core/src/consensus_handler.rs[0m[2m:[0m[2m232:[0m Received consensus output [3mconsensus_commit[0m[2m=[0mCommittedSubDag(leader=B520(B,3Xfe), ref=C508(lyeO), blocks=[x9TK, OMG9, 3Xfe]) [3mepoch[0m[2m=[0m1
[2m2025-03-25T07:57:13.646468Z[0m [32m INFO[0m [1mnode[0m[1m{[0m[3mname[0m[2m=[0mk#99f25ef6..[1m}[0m[2m:[0m [2msui_core::consensus_handler[0m[2m:[0m [2mcrates/sui-core/src/consensus_handler.rs[0m[2m:[0m[2m232:[0m Received consensus output [3mconsensus_commit[0m[2m=[0mCommittedSubDag(leader=B520(B,3Xfe), ref=C508(lyeO), blocks=[x9TK, OMG9, 3Xfe]) [3mepoch[0m[2m=[0m1
[2m2025-03-25T07:57:13.647046Z[0m [32m INFO[0m [1mnode[0m[1m{[0m[3mname[0m[2m=[0mk#99f25ef6..[1m}[0m[2m:[0m [2msui_core::checkpoints::checkpoint_executor[0m[2m:[0m [2mcrates/sui-core/src/checkpoints/checkpoint_executor/mod.rs[0m[2m:[0m[2m332:[0m Received checkpoint summary from state sync [3msequence_number[0m[2m=[0m720
[2m2025-03-25T07:57:13.647046Z[0m [32m INFO[0m [1mnode[0m[1m{[0m[3mname[0m[2m=[0mk#8dcff6d1..[1m}[0m[2m:[0m [2msui_core::checkpoints::checkpoint_executor[0m[2m:[0m [2mcrates/sui-core/src/checkpoints/checkpoint_executor/mod.rs[0m[2m:[0m[2m332:[0m Received checkpoint summary from state sync [3msequence_number[0m[2m=[0m720
[2m2025-03-25T07:57:13.648544Z[0m [32m INFO[0m [1mnode[0m[1m{[0m[3mname[0m[2m=[0mk#99f25ef6..[1m}[0m[2m:[0m [2msui_core::state_accumulator[0m[2m:[0m [2mcrates/sui-core/src/state_accumulator.rs[0m[2m:[0m[2m675:[0m accumulating running root for checkpoint 720
[2m2025-03-25T07:57:13.648550Z[0m [32m INFO[0m [1mnode[0m[1m{[0m[3mname[0m[2m=[0mk#8dcff6d1..[1m}[0m[2m:[0m [2msui_core::state_accumulator[0m[2m:[0m [2mcrates/sui-core/src/state_accumulator.rs[0m[2m:[0m[2m675:[0m accumulating running root for checkpoint 720
[2m2025-03-25T07:57:13.669601Z[0m [32m INFO[0m [1mnode[0m[1m{[0m[3mname[0m[2m=[0mk#addeef94..[1m}[0m[2m:[0m [2msui_core::checkpoints[0m[2m:[0m [2mcrates/sui-core/src/checkpoints/mod.rs[0m[2m:[0m[2m1326:[0m Creating checkpoint(s) for 2 transactions [3mnext_checkpoint_seq[0m[2m=[0m721 [3mcheckpoint_timestamp[0m[2m=[0m1742889433128
[2m2025-03-25T07:57:13.669915Z[0m [32m INFO[0m [1mnode[0m[1m{[0m[3mname[0m[2m=[0mk#addeef94..[1m}[0m[2m:[0m [2msui_core::checkpoints::checkpoint_output[0m[2m:[0m [2mcrates/sui-core/src/checkpoints/checkpoint_output.rs[0m[2m:[0m[2m149:[0m Creating checkpoint CheckpointDigest(Fr16YMzTzKQmDMEvxrzZrot2VFHie8GLWspbu1HaBm4u) at epoch 1, sequence 721, previous digest Some(CheckpointDigest(F9qhsZEkqWoT1yhdn2daLbEenMdpcbMUHUGNcYVsH2hk)), transactions count 2, content digest CheckpointContentsDigest(9i1RUksguRtm5CmFmG2k82t37kZT6rDuoaLsZwQ96ZBY), end_of_epoch_data None
[2m2025-03-25T07:57:13.672717Z[0m [32m INFO[0m [1mnode[0m[1m{[0m[3mname[0m[2m=[0mk#addeef94..[1m}[0m[2m:[0m [2msui_core::checkpoints::checkpoint_executor[0m[2m:[0m [2mcrates/sui-core/src/checkpoints/checkpoint_executor/mod.rs[0m[2m:[0m[2m332:[0m Received checkpoint summary from state sync [3msequence_number[0m[2m=[0m720
[2m2025-03-25T07:57:13.673535Z[0m [32m INFO[0m [1mnode[0m[1m{[0m[3mname[0m[2m=[0mk#addeef94..[1m}[0m[2m:[0m [2msui_core::state_accumulator[0m[2m:[0m [2mcrates/sui-core/src/state_accumulator.rs[0m[2m:[0m[2m675:[0m accumulating running root for checkpoint 720
[2m2025-03-25T07:57:13.673961Z[0m [32m INFO[0m [1mnode[0m[1m{[0m[3mname[0m[2m=[0mk#8dcff6d1..[1m}[0m[2m:[0m [2msui_core::checkpoints[0m[2m:[0m [2mcrates/sui-core/src/checkpoints/mod.rs[0m[2m:[0m[2m1326:[0m Creating checkpoint(s) for 2 transactions [3mnext_checkpoint_seq[0m[2m=[0m721 [3mcheckpoint_timestamp[0m[2m=[0m1742889433128
[2m2025-03-25T07:57:13.673963Z[0m [32m INFO[0m [1mnode[0m[1m{[0m[3mname[0m[2m=[0mk#99f25ef6..[1m}[0m[2m:[0m [2msui_core::checkpoints[0m[2m:[0m [2mcrates/sui-core/src/checkpoints/mod.rs[0m[2m:[0m[2m1326:[0m Creating checkpoint(s) for 2 transactions [3mnext_checkpoint_seq[0m[2m=[0m721 [3mcheckpoint_timestamp[0m[2m=[0m1742889433128
[2m2025-03-25T07:57:13.674227Z[0m [32m INFO[0m [1mnode[0m[1m{[0m[3mname[0m[2m=[0mk#8dcff6d1..[1m}[0m[2m:[0m [2msui_core::checkpoints::checkpoint_output[0m[2m:[0m [2mcrates/sui-core/src/checkpoints/checkpoint_output.rs[0m[2m:[0m[2m149:[0m Creating checkpoint CheckpointDigest(Fr16YMzTzKQmDMEvxrzZrot2VFHie8GLWspbu1HaBm4u) at epoch 1, sequence 721, previous digest Some(CheckpointDigest(F9qhsZEkqWoT1yhdn2daLbEenMdpcbMUHUGNcYVsH2hk)), transactions count 2, content digest CheckpointContentsDigest(9i1RUksguRtm5CmFmG2k82t37kZT6rDuoaLsZwQ96ZBY), end_of_epoch_data None
[2m2025-03-25T07:57:13.674227Z[0m [32m INFO[0m [1mnode[0m[1m{[0m[3mname[0m[2m=[0mk#99f25ef6..[1m}[0m[2m:[0m [2msui_core::checkpoints::checkpoint_output[0m[2m:[0m [2mcrates/sui-core/src/checkpoints/checkpoint_output.rs[0m[2m:[0m[2m149:[0m Creating checkpoint CheckpointDigest(Fr16YMzTzKQmDMEvxrzZrot2VFHie8GLWspbu1HaBm4u) at epoch 1, sequence 721, previous digest Some(CheckpointDigest(F9qhsZEkqWoT1yhdn2daLbEenMdpcbMUHUGNcYVsH2hk)), transactions count 2, content digest CheckpointContentsDigest(9i1RUksguRtm5CmFmG2k82t37kZT6rDuoaLsZwQ96ZBY), end_of_epoch_data None
[2m2025-03-25T07:57:13.896210Z[0m [32m INFO[0m [1mnode[0m[1m{[0m[3mname[0m[2m=[0mk#addeef94..[1m}[0m[2m:[0m [2mconsensus_core::core[0m[2m:[0m [2mconsensus/core/src/core.rs[0m[2m:[0m[2m945:[0m Included 3 ancestors & excluded 0 ancestors for proposal in round 523
[2m2025-03-25T07:57:13.896613Z[0m [32m INFO[0m [1mnode[0m[1m{[0m[3mname[0m[2m=[0mk#addeef94..[1m}[0m[2m:[0m [2mconsensus_core::core[0m[2m:[0m [2mconsensus/core/src/core.rs[0m[2m:[0m[2m531:[0m Created block B523(C,knjqNN5wbTYQz3A7oacdSgVb54wvcFo5FvDd+cq1MUA=)(1742889433896ms;[B522(C,LHY/4LF6cz8Nuq2qcSffrOt1XAi9cv0OyZNAJ6d1CKA=), B522(A,7DItPBCz2pUbFx4uAY90V9Gvdf+ZXfewbyVGTAtHHHY=), B522(B,w4wBOm88X9kFKB8j+HJ4ZyR6V2OQdPh+qPnLcpyw9yY=)];1t;1c) for round 523
[2m2025-03-25T07:57:13.898371Z[0m [32m INFO[0m [1mnode[0m[1m{[0m[3mname[0m[2m=[0mk#99f25ef6..[1m}[0m[2m:[0m [2mconsensus_core::core[0m[2m:[0m [2mconsensus/core/src/core.rs[0m[2m:[0m[2m945:[0m Included 3 ancestors & excluded 0 ancestors for proposal in round 523
[2m2025-03-25T07:57:13.898637Z[0m [32m INFO[0m [1mnode[0m[1m{[0m[3mname[0m[2m=[0mk#8dcff6d1..[1m}[0m[2m:[0m [2mconsensus_core::core[0m[2m:[0m [2mconsensus/core/src/core.rs[0m[2m:[0m[2m945:[0m Included 3 ancestors & excluded 0 ancestors for proposal in round 523
[2m2025-03-25T07:57:13.898652Z[0m [32m INFO[0m [1mnode[0m[1m{[0m[3mname[0m[2m=[0mk#99f25ef6..[1m}[0m[2m:[0m [2mconsensus_core::core[0m[2m:[0m [2mconsensus/core/src/core.rs[0m[2m:[0m[2m531:[0m Created block B523(B,33i+iHGu7piJgK+bZOmEPWiDzTKVXUrg4OUbIQdEC5k=)(1742889433898ms;[B522(B,w4wBOm88X9kFKB8j+HJ4ZyR6V2OQdPh+qPnLcpyw9yY=), B522(A,7DItPBCz2pUbFx4uAY90V9Gvdf+ZXfewbyVGTAtHHHY=), B522(C,LHY/4LF6cz8Nuq2qcSffrOt1XAi9cv0OyZNAJ6d1CKA=)];1t;1c) for round 523
[2m2025-03-25T07:57:13.898809Z[0m [32m INFO[0m [1mnode[0m[1m{[0m[3mname[0m[2m=[0mk#99f25ef6..[1m}[0m[2m:[0m [2mconsensus_core::core[0m[2m:[0m [2mconsensus/core/src/core.rs[0m[2m:[0m[2m630:[0m Committing 1 leaders: B521(A,P2BB)
[2m2025-03-25T07:57:13.898906Z[0m [32m INFO[0m [1mnode[0m[1m{[0m[3mname[0m[2m=[0mk#99f25ef6..[1m}[0m[2m:[0m [2mconsensus_core::commit_observer[0m[2m:[0m [2mconsensus/core/src/commit_observer.rs[0m[2m:[0m[2m173:[0m Consensus commit C509(tYhp) with leader B521(A,P2BB) has 3 blocks
[2m2025-03-25T07:57:13.898924Z[0m [32m INFO[0m [1mnode[0m[1m{[0m[3mname[0m[2m=[0mk#8dcff6d1..[1m}[0m[2m:[0m [2mconsensus_core::core[0m[2m:[0m [2mconsensus/core/src/core.rs[0m[2m:[0m[2m531:[0m Created block B523(A,M/LM3V0HrVPsavAUE/mR5mqxdx2aQXSMzkwN5dimstA=)(1742889433898ms;[B522(A,7DItPBCz2pUbFx4uAY90V9Gvdf+ZXfewbyVGTAtHHHY=), B522(B,w4wBOm88X9kFKB8j+HJ4ZyR6V2OQdPh+qPnLcpyw9yY=), B522(C,LHY/4LF6cz8Nuq2qcSffrOt1XAi9cv0OyZNAJ6d1CKA=)];1t;1c) for round 523
[2m2025-03-25T07:57:13.898984Z[0m [32m INFO[0m [1mnode[0m[1m{[0m[3mname[0m[2m=[0mk#8dcff6d1..[1m}[0m[2m:[0m [2mconsensus_core::core[0m[2m:[0m [2mconsensus/core/src/core.rs[0m[2m:[0m[2m630:[0m Committing 1 leaders: B521(A,P2BB)
[2m2025-03-25T07:57:13.899050Z[0m [32m INFO[0m [1mnode[0m[1m{[0m[3mname[0m[2m=[0mk#8dcff6d1..[1m}[0m[2m:[0m [2mconsensus_core::commit_observer[0m[2m:[0m [2mconsensus/core/src/commit_observer.rs[0m[2m:[0m[2m173:[0m Consensus commit C509(tYhp) with leader B521(A,P2BB) has 3 blocks
[2m2025-03-25T07:57:13.899132Z[0m [32m INFO[0m [1mnode[0m[1m{[0m[3mname[0m[2m=[0mk#8dcff6d1..[1m}[0m[2m:[0m [2msui_core::consensus_handler[0m[2m:[0m [2mcrates/sui-core/src/consensus_handler.rs[0m[2m:[0m[2m232:[0m Received consensus output [3mconsensus_commit[0m[2m=[0mCommittedSubDag(leader=B521(A,P2BB), ref=C509(tYhp), blocks=[1xKL, q/vj, P2BB]) [3mepoch[0m[2m=[0m1
[2m2025-03-25T07:57:13.899132Z[0m [32m INFO[0m [1mnode[0m[1m{[0m[3mname[0m[2m=[0mk#99f25ef6..[1m}[0m[2m:[0m [2msui_core::consensus_handler[0m[2m:[0m [2mcrates/sui-core/src/consensus_handler.rs[0m[2m:[0m[2m232:[0m Received consensus output [3mconsensus_commit[0m[2m=[0mCommittedSubDag(leader=B521(A,P2BB), ref=C509(tYhp), blocks=[1xKL, q/vj, P2BB]) [3mepoch[0m[2m=[0m1
[2m2025-03-25T07:57:13.902992Z[0m [32m INFO[0m [1mnode[0m[1m{[0m[3mname[0m[2m=[0mk#addeef94..[1m}[0m[2m:[0m [2mconsensus_core::core[0m[2m:[0m [2mconsensus/core/src/core.rs[0m[2m:[0m[2m630:[0m Committing 1 leaders: B521(A,P2BB)
[2m2025-03-25T07:57:13.903097Z[0m [32m INFO[0m [1mnode[0m[1m{[0m[3mname[0m[2m=[0mk#addeef94..[1m}[0m[2m:[0m [2mconsensus_core::commit_observer[0m[2m:[0m [2mconsensus/core/src/commit_observer.rs[0m[2m:[0m[2m173:[0m Consensus commit C509(tYhp) with leader B521(A,P2BB) has 3 blocks
[2m2025-03-25T07:57:13.903231Z[0m [32m INFO[0m [1mnode[0m[1m{[0m[3mname[0m[2m=[0mk#addeef94..[1m}[0m[2m:[0m [2msui_core::consensus_handler[0m[2m:[0m [2mcrates/sui-core/src/consensus_handler.rs[0m[2m:[0m[2m232:[0m Received consensus output [3mconsensus_commit[0m[2m=[0mCommittedSubDag(leader=B521(A,P2BB), ref=C509(tYhp), blocks=[1xKL, q/vj, P2BB]) [3mepoch[0m[2m=[0m1
[2m2025-03-25T07:57:13.945211Z[0m [32m INFO[0m [1mnode[0m[1m{[0m[3mname[0m[2m=[0mk#99f25ef6..[1m}[0m[2m:[0m [2msui_core::checkpoints[0m[2m:[0m [2mcrates/sui-core/src/checkpoints/mod.rs[0m[2m:[0m[2m1326:[0m Creating checkpoint(s) for 1 transactions [3mnext_checkpoint_seq[0m[2m=[0m722 [3mcheckpoint_timestamp[0m[2m=[0m1742889433387
[2m2025-03-25T07:57:13.945211Z[0m [32m INFO[0m [1mnode[0m[1m{[0m[3mname[0m[2m=[0mk#8dcff6d1..[1m}[0m[2m:[0m [2msui_core::checkpoints[0m[2m:[0m [2mcrates/sui-core/src/checkpoints/mod.rs[0m[2m:[0m[2m1326:[0m Creating checkpoint(s) for 1 transactions [3mnext_checkpoint_seq[0m[2m=[0m722 [3mcheckpoint_timestamp[0m[2m=[0m1742889433387
[2m2025-03-25T07:57:13.945444Z[0m [32m INFO[0m [1mnode[0m[1m{[0m[3mname[0m[2m=[0mk#99f25ef6..[1m}[0m[2m:[0m [2msui_core::checkpoints::checkpoint_output[0m[2m:[0m [2mcrates/sui-core/src/checkpoints/checkpoint_output.rs[0m[2m:[0m[2m149:[0m Creating checkpoint CheckpointDigest(6Xd6XXkShn2LJFBTnrWCS4BWWzPmsPnAQ5dE76hCH4ut) at epoch 1, sequence 722, previous digest Some(CheckpointDigest(Fr16YMzTzKQmDMEvxrzZrot2VFHie8GLWspbu1HaBm4u)), transactions count 1, content digest CheckpointContentsDigest(69juXTuXgZkkvEkih4AURcVZf93s5qz4p3vgz8g6y92y), end_of_epoch_data None
[2m2025-03-25T07:57:13.945444Z[0m [32m INFO[0m [1mnode[0m[1m{[0m[3mname[0m[2m=[0mk#8dcff6d1..[1m}[0m[2m:[0m [2msui_core::checkpoints::checkpoint_output[0m[2m:[0m [2mcrates/sui-core/src/checkpoints/checkpoint_output.rs[0m[2m:[0m[2m149:[0m Creating checkpoint CheckpointDigest(6Xd6XXkShn2LJFBTnrWCS4BWWzPmsPnAQ5dE76hCH4ut) at epoch 1, sequence 722, previous digest Some(CheckpointDigest(Fr16YMzTzKQmDMEvxrzZrot2VFHie8GLWspbu1HaBm4u)), transactions count 1, content digest CheckpointContentsDigest(69juXTuXgZkkvEkih4AURcVZf93s5qz4p3vgz8g6y92y), end_of_epoch_data None
[2m2025-03-25T07:57:13.947576Z[0m [32m INFO[0m [1mnode[0m[1m{[0m[3mname[0m[2m=[0mk#addeef94..[1m}[0m[2m:[0m [2msui_core::checkpoints[0m[2m:[0m [2mcrates/sui-core/src/checkpoints/mod.rs[0m[2m:[0m[2m1326:[0m Creating checkpoint(s) for 1 transactions [3mnext_checkpoint_seq[0m[2m=[0m722 [3mcheckpoint_timestamp[0m[2m=[0m1742889433387
[2m2025-03-25T07:57:13.947746Z[0m [32m INFO[0m [1mnode[0m[1m{[0m[3mname[0m[2m=[0mk#addeef94..[1m}[0m[2m:[0m [2msui_core::checkpoints::checkpoint_output[0m[2m:[0m [2mcrates/sui-core/src/checkpoints/checkpoint_output.rs[0m[2m:[0m[2m149:[0m Creating checkpoint CheckpointDigest(6Xd6XXkShn2LJFBTnrWCS4BWWzPmsPnAQ5dE76hCH4ut) at epoch 1, sequence 722, previous digest Some(CheckpointDigest(Fr16YMzTzKQmDMEvxrzZrot2VFHie8GLWspbu1HaBm4u)), transactions count 1, content digest CheckpointContentsDigest(69juXTuXgZkkvEkih4AURcVZf93s5qz4p3vgz8g6y92y), end_of_epoch_data None
[2m2025-03-25T07:57:13.948817Z[0m [32m INFO[0m [1mnode[0m[1m{[0m[3mname[0m[2m=[0mk#99f25ef6..[1m}[0m[2m:[0m [2msui_core::checkpoints::checkpoint_output[0m[2m:[0m [2mcrates/sui-core/src/checkpoints/checkpoint_output.rs[0m[2m:[0m[2m196:[0m Certified checkpoint with sequence 721 and digest Fr16YMzTzKQmDMEvxrzZrot2VFHie8GLWspbu1HaBm4u
[2m2025-03-25T07:57:13.948818Z[0m [32m INFO[0m [1mnode[0m[1m{[0m[3mname[0m[2m=[0mk#8dcff6d1..[1m}[0m[2m:[0m [2msui_core::checkpoints::checkpoint_output[0m[2m:[0m [2mcrates/sui-core/src/checkpoints/checkpoint_output.rs[0m[2m:[0m[2m196:[0m Certified checkpoint with sequence 721 and digest Fr16YMzTzKQmDMEvxrzZrot2VFHie8GLWspbu1HaBm4u
[2m2025-03-25T07:57:13.952493Z[0m [32m INFO[0m [1mnode[0m[1m{[0m[3mname[0m[2m=[0mk#8dcff6d1..[1m}[0m[2m:[0m [2msui_core::checkpoints::checkpoint_executor[0m[2m:[0m [2mcrates/sui-core/src/checkpoints/checkpoint_executor/mod.rs[0m[2m:[0m[2m332:[0m Received checkpoint summary from state sync [3msequence_number[0m[2m=[0m721
[2m2025-03-25T07:57:13.954860Z[0m [32m INFO[0m [1mnode[0m[1m{[0m[3mname[0m[2m=[0mk#99f25ef6..[1m}[0m[2m:[0m [2msui_core::checkpoints::checkpoint_executor[0m[2m:[0m [2mcrates/sui-core/src/checkpoints/checkpoint_executor/mod.rs[0m[2m:[0m[2m332:[0m Received checkpoint summary from state sync [3msequence_number[0m[2m=[0m721
[2m2025-03-25T07:57:13.970240Z[0m [32m INFO[0m [1mnode[0m[1m{[0m[3mname[0m[2m=[0mk#99f25ef6..[1m}[0m[2m:[0m [2msui_core::state_accumulator[0m[2m:[0m [2mcrates/sui-core/src/state_accumulator.rs[0m[2m:[0m[2m675:[0m accumulating running root for checkpoint 721
[2m2025-03-25T07:57:13.970240Z[0m [32m INFO[0m [1mnode[0m[1m{[0m[3mname[0m[2m=[0mk#8dcff6d1..[1m}[0m[2m:[0m [2msui_core::state_accumulator[0m[2m:[0m [2mcrates/sui-core/src/state_accumulator.rs[0m[2m:[0m[2m675:[0m accumulating running root for checkpoint 721
[2m2025-03-25T07:57:14.014689Z[0m [32m INFO[0m [1mnode[0m[1m{[0m[3mname[0m[2m=[0mk#addeef94..[1m}[0m[2m:[0m [2msui_core::checkpoints::checkpoint_executor[0m[2m:[0m [2mcrates/sui-core/src/checkpoints/checkpoint_executor/mod.rs[0m[2m:[0m[2m332:[0m Received checkpoint summary from state sync [3msequence_number[0m[2m=[0m721
[2m2025-03-25T07:57:14.016021Z[0m [32m INFO[0m [1mnode[0m[1m{[0m[3mname[0m[2m=[0mk#addeef94..[1m}[0m[2m:[0m [2msui_core::state_accumulator[0m[2m:[0m [2mcrates/sui-core/src/state_accumulator.rs[0m[2m:[0m[2m675:[0m accumulating running root for checkpoint 721
[2m2025-03-25T07:57:14.150619Z[0m [32m INFO[0m [1mnode[0m[1m{[0m[3mname[0m[2m=[0mk#8dcff6d1..[1m}[0m[2m:[0m [2mconsensus_core::core[0m[2m:[0m [2mconsensus/core/src/core.rs[0m[2m:[0m[2m945:[0m Included 3 ancestors & excluded 0 ancestors for proposal in round 524
[2m2025-03-25T07:57:14.150725Z[0m [32m INFO[0m [1mnode[0m[1m{[0m[3mname[0m[2m=[0mk#99f25ef6..[1m}[0m[2m:[0m [2mconsensus_core::core[0m[2m:[0m [2mconsensus/core/src/core.rs[0m[2m:[0m[2m945:[0m Included 3 ancestors & excluded 0 ancestors for proposal in round 524
[2m2025-03-25T07:57:14.151009Z[0m [32m INFO[0m [1mnode[0m[1m{[0m[3mname[0m[2m=[0mk#8dcff6d1..[1m}[0m[2m:[0m [2mconsensus_core::core[0m[2m:[0m [2mconsensus/core/src/core.rs[0m[2m:[0m[2m531:[0m Created block B524(A,0+OsddJGfKgH2+nix71Jz+L5+bLLA45Cl0/MYtvM0iA=)(1742889434150ms;[B523(A,M/LM3V0HrVPsavAUE/mR5mqxdx2aQXSMzkwN5dimstA=), B523(B,33i+iHGu7piJgK+bZOmEPWiDzTKVXUrg4OUbIQdEC5k=), B523(C,knjqNN5wbTYQz3A7oacdSgVb54wvcFo5FvDd+cq1MUA=)];1t;1c) for round 524
[2m2025-03-25T07:57:14.151027Z[0m [32m INFO[0m [1mnode[0m[1m{[0m[3mname[0m[2m=[0mk#99f25ef6..[1m}[0m[2m:[0m [2mconsensus_core::core[0m[2m:[0m [2mconsensus/core/src/core.rs[0m[2m:[0m[2m531:[0m Created block B524(B,KDfBLetkMZtKdQNaaKyyOuugtuEfGXMkBLLrJZd6aZU=)(1742889434150ms;[B523(B,33i+iHGu7piJgK+bZOmEPWiDzTKVXUrg4OUbIQdEC5k=), B523(A,M/LM3V0HrVPsavAUE/mR5mqxdx2aQXSMzkwN5dimstA=), B523(C,knjqNN5wbTYQz3A7oacdSgVb54wvcFo5FvDd+cq1MUA=)];1t;1c) for round 524
[2m2025-03-25T07:57:14.154330Z[0m [32m INFO[0m [1mnode[0m[1m{[0m[3mname[0m[2m=[0mk#addeef94..[1m}[0m[2m:[0m [2mconsensus_core::core[0m[2m:[0m [2mconsensus/core/src/core.rs[0m[2m:[0m[2m945:[0m Included 3 ancestors & excluded 0 ancestors for proposal in round 524
[2m2025-03-25T07:57:14.154638Z[0m [32m INFO[0m [1mnode[0m[1m{[0m[3mname[0m[2m=[0mk#addeef94..[1m}[0m[2m:[0m [2mconsensus_core::core[0m[2m:[0m [2mconsensus/core/src/core.rs[0m[2m:[0m[2m531:[0m Created block B524(C,EYWNvt68giTzDAhPrkk7V3wmcLedUebO5WCxNH+u0Jc=)(1742889434154ms;[B523(C,knjqNN5wbTYQz3A7oacdSgVb54wvcFo5FvDd+cq1MUA=), B523(A,M/LM3V0HrVPsavAUE/mR5mqxdx2aQXSMzkwN5dimstA=), B523(B,33i+iHGu7piJgK+bZOmEPWiDzTKVXUrg4OUbIQdEC5k=)];1t;1c) for round 524
[2m2025-03-25T07:57:14.154710Z[0m [32m INFO[0m [1mnode[0m[1m{[0m[3mname[0m[2m=[0mk#addeef94..[1m}[0m[2m:[0m [2mconsensus_core::core[0m[2m:[0m [2mconsensus/core/src/core.rs[0m[2m:[0m[2m630:[0m Committing 1 leaders: B522(C,LHY/)
[2m2025-03-25T07:57:14.154792Z[0m [32m INFO[0m [1mnode[0m[1m{[0m[3mname[0m[2m=[0mk#addeef94..[1m}[0m[2m:[0m [2mconsensus_core::commit_observer[0m[2m:[0m [2mconsensus/core/src/commit_observer.rs[0m[2m:[0m[2m173:[0m Consensus commit C510(wGbO) with leader B522(C,LHY/) has 3 blocks
[2m2025-03-25T07:57:14.154878Z[0m [32m INFO[0m [1mnode[0m[1m{[0m[3mname[0m[2m=[0mk#addeef94..[1m}[0m[2m:[0m [2msui_core::consensus_handler[0m[2m:[0m [2mcrates/sui-core/src/consensus_handler.rs[0m[2m:[0m[2m232:[0m Received consensus output [3mconsensus_commit[0m[2m=[0mCommittedSubDag(leader=B522(C,LHY/), ref=C510(wGbO), blocks=[URY0, Q0jy, LHY/]) [3mepoch[0m[2m=[0m1
[2m2025-03-25T07:57:14.157964Z[0m [32m INFO[0m [1mnode[0m[1m{[0m[3mname[0m[2m=[0mk#8dcff6d1..[1m}[0m[2m:[0m [2msui_core::checkpoints::checkpoint_output[0m[2m:[0m [2mcrates/sui-core/src/checkpoints/checkpoint_output.rs[0m[2m:[0m[2m196:[0m Certified checkpoint with sequence 722 and digest 6Xd6XXkShn2LJFBTnrWCS4BWWzPmsPnAQ5dE76hCH4ut
[2m2025-03-25T07:57:14.157967Z[0m [32m INFO[0m [1mnode[0m[1m{[0m[3mname[0m[2m=[0mk#99f25ef6..[1m}[0m[2m:[0m [2msui_core::checkpoints::checkpoint_output[0m[2m:[0m [2mcrates/sui-core/src/checkpoints/checkpoint_output.rs[0m[2m:[0m[2m196:[0m Certified checkpoint with sequence 722 and digest 6Xd6XXkShn2LJFBTnrWCS4BWWzPmsPnAQ5dE76hCH4ut
[2m2025-03-25T07:57:14.158077Z[0m [32m INFO[0m [1mnode[0m[1m{[0m[3mname[0m[2m=[0mk#99f25ef6..[1m}[0m[2m:[0m [2mconsensus_core::core[0m[2m:[0m [2mconsensus/core/src/core.rs[0m[2m:[0m[2m630:[0m Committing 1 leaders: B522(C,LHY/)
[2m2025-03-25T07:57:14.158077Z[0m [32m INFO[0m [1mnode[0m[1m{[0m[3mname[0m[2m=[0mk#8dcff6d1..[1m}[0m[2m:[0m [2mconsensus_core::core[0m[2m:[0m [2mconsensus/core/src/core.rs[0m[2m:[0m[2m630:[0m Committing 1 leaders: B522(C,LHY/)
[2m2025-03-25T07:57:14.158192Z[0m [32m INFO[0m [1mnode[0m[1m{[0m[3mname[0m[2m=[0mk#8dcff6d1..[1m}[0m[2m:[0m [2mconsensus_core::commit_observer[0m[2m:[0m [2mconsensus/core/src/commit_observer.rs[0m[2m:[0m[2m173:[0m Consensus commit C510(wGbO) with leader B522(C,LHY/) has 3 blocks
[2m2025-03-25T07:57:14.158193Z[0m [32m INFO[0m [1mnode[0m[1m{[0m[3mname[0m[2m=[0mk#99f25ef6..[1m}[0m[2m:[0m [2mconsensus_core::commit_observer[0m[2m:[0m [2mconsensus/core/src/commit_observer.rs[0m[2m:[0m[2m173:[0m Consensus commit C510(wGbO) with leader B522(C,LHY/) has 3 blocks
[2m2025-03-25T07:57:14.158606Z[0m [32m INFO[0m [1mnode[0m[1m{[0m[3mname[0m[2m=[0mk#99f25ef6..[1m}[0m[2m:[0m [2msui_core::consensus_handler[0m[2m:[0m [2mcrates/sui-core/src/consensus_handler.rs[0m[2m:[0m[2m232:[0m Received consensus output [3mconsensus_commit[0m[2m=[0mCommittedSubDag(leader=B522(C,LHY/), ref=C510(wGbO), blocks=[URY0, Q0jy, LHY/]) [3mepoch[0m[2m=[0m1
[2m2025-03-25T07:57:14.158606Z[0m [32m INFO[0m [1mnode[0m[1m{[0m[3mname[0m[2m=[0mk#8dcff6d1..[1m}[0m[2m:[0m [2msui_core::consensus_handler[0m[2m:[0m [2mcrates/sui-core/src/consensus_handler.rs[0m[2m:[0m[2m232:[0m Received consensus output [3mconsensus_commit[0m[2m=[0mCommittedSubDag(leader=B522(C,LHY/), ref=C510(wGbO), blocks=[URY0, Q0jy, LHY/]) [3mepoch[0m[2m=[0m1
[2m2025-03-25T07:57:14.159200Z[0m [32m INFO[0m [1mnode[0m[1m{[0m[3mname[0m[2m=[0mk#99f25ef6..[1m}[0m[2m:[0m [2msui_core::checkpoints::checkpoint_executor[0m[2m:[0m [2mcrates/sui-core/src/checkpoints/checkpoint_executor/mod.rs[0m[2m:[0m[2m332:[0m Received checkpoint summary from state sync [3msequence_number[0m[2m=[0m722
[2m2025-03-25T07:57:14.159200Z[0m [32m INFO[0m [1mnode[0m[1m{[0m[3mname[0m[2m=[0mk#8dcff6d1..[1m}[0m[2m:[0m [2msui_core::checkpoints::checkpoint_executor[0m[2m:[0m [2mcrates/sui-core/src/checkpoints/checkpoint_executor/mod.rs[0m[2m:[0m[2m332:[0m Received checkpoint summary from state sync [3msequence_number[0m[2m=[0m722
[2m2025-03-25T07:57:14.160662Z[0m [32m INFO[0m [1mnode[0m[1m{[0m[3mname[0m[2m=[0mk#99f25ef6..[1m}[0m[2m:[0m [2msui_core::state_accumulator[0m[2m:[0m [2mcrates/sui-core/src/state_accumulator.rs[0m[2m:[0m[2m675:[0m accumulating running root for checkpoint 722
[2m2025-03-25T07:57:14.160664Z[0m [32m INFO[0m [1mnode[0m[1m{[0m[3mname[0m[2m=[0mk#8dcff6d1..[1m}[0m[2m:[0m [2msui_core::state_accumulator[0m[2m:[0m [2mcrates/sui-core/src/state_accumulator.rs[0m[2m:[0m[2m675:[0m accumulating running root for checkpoint 722
[2m2025-03-25T07:57:14.181999Z[0m [32m INFO[0m [1mnode[0m[1m{[0m[3mname[0m[2m=[0mk#addeef94..[1m}[0m[2m:[0m [2msui_core::checkpoints[0m[2m:[0m [2mcrates/sui-core/src/checkpoints/mod.rs[0m[2m:[0m[2m1326:[0m Creating checkpoint(s) for 2 transactions [3mnext_checkpoint_seq[0m[2m=[0m723 [3mcheckpoint_timestamp[0m[2m=[0m1742889433642
[2m2025-03-25T07:57:14.182339Z[0m [32m INFO[0m [1mnode[0m[1m{[0m[3mname[0m[2m=[0mk#addeef94..[1m}[0m[2m:[0m [2msui_core::checkpoints::checkpoint_output[0m[2m:[0m [2mcrates/sui-core/src/checkpoints/checkpoint_output.rs[0m[2m:[0m[2m149:[0m Creating checkpoint CheckpointDigest(5VVRhjnLfgCSR9xYGydMgCj6MSRLtDZS7z8RJzd2fjvd) at epoch 1, sequence 723, previous digest Some(CheckpointDigest(6Xd6XXkShn2LJFBTnrWCS4BWWzPmsPnAQ5dE76hCH4ut)), transactions count 2, content digest CheckpointContentsDigest(9effWFGdXLDHH75Av4gr3BdNNndwjy2TH83mUYTYrdik), end_of_epoch_data None
[2m2025-03-25T07:57:14.185366Z[0m [32m INFO[0m [1mnode[0m[1m{[0m[3mname[0m[2m=[0mk#addeef94..[1m}[0m[2m:[0m [2msui_core::checkpoints::checkpoint_executor[0m[2m:[0m [2mcrates/sui-core/src/checkpoints/checkpoint_executor/mod.rs[0m[2m:[0m[2m332:[0m Received checkpoint summary from state sync [3msequence_number[0m[2m=[0m722
[2m2025-03-25T07:57:14.186289Z[0m [32m INFO[0m [1mnode[0m[1m{[0m[3mname[0m[2m=[0mk#addeef94..[1m}[0m[2m:[0m [2msui_core::state_accumulator[0m[2m:[0m [2mcrates/sui-core/src/state_accumulator.rs[0m[2m:[0m[2m675:[0m accumulating running root for checkpoint 722
[2m2025-03-25T07:57:14.186378Z[0m [32m INFO[0m [1mnode[0m[1m{[0m[3mname[0m[2m=[0mk#99f25ef6..[1m}[0m[2m:[0m [2msui_core::checkpoints[0m[2m:[0m [2mcrates/sui-core/src/checkpoints/mod.rs[0m[2m:[0m[2m1326:[0m Creating checkpoint(s) for 2 transactions [3mnext_checkpoint_seq[0m[2m=[0m723 [3mcheckpoint_timestamp[0m[2m=[0m1742889433642
[2m2025-03-25T07:57:14.186400Z[0m [32m INFO[0m [1mnode[0m[1m{[0m[3mname[0m[2m=[0mk#8dcff6d1..[1m}[0m[2m:[0m [2msui_core::checkpoints[0m[2m:[0m [2mcrates/sui-core/src/checkpoints/mod.rs[0m[2m:[0m[2m1326:[0m Creating checkpoint(s) for 2 transactions [3mnext_checkpoint_seq[0m[2m=[0m723 [3mcheckpoint_timestamp[0m[2m=[0m1742889433642
[2m2025-03-25T07:57:14.186653Z[0m [32m INFO[0m [1mnode[0m[1m{[0m[3mname[0m[2m=[0mk#99f25ef6..[1m}[0m[2m:[0m [2msui_core::checkpoints::checkpoint_output[0m[2m:[0m [2mcrates/sui-core/src/checkpoints/checkpoint_output.rs[0m[2m:[0m[2m149:[0m Creating checkpoint CheckpointDigest(5VVRhjnLfgCSR9xYGydMgCj6MSRLtDZS7z8RJzd2fjvd) at epoch 1, sequence 723, previous digest Some(CheckpointDigest(6Xd6XXkShn2LJFBTnrWCS4BWWzPmsPnAQ5dE76hCH4ut)), transactions count 2, content digest CheckpointContentsDigest(9effWFGdXLDHH75Av4gr3BdNNndwjy2TH83mUYTYrdik), end_of_epoch_data None
[2m2025-03-25T07:57:14.186653Z[0m [32m INFO[0m [1mnode[0m[1m{[0m[3mname[0m[2m=[0mk#8dcff6d1..[1m}[0m[2m:[0m [2msui_core::checkpoints::checkpoint_output[0m[2m:[0m [2mcrates/sui-core/src/checkpoints/checkpoint_output.rs[0m[2m:[0m[2m149:[0m Creating checkpoint CheckpointDigest(5VVRhjnLfgCSR9xYGydMgCj6MSRLtDZS7z8RJzd2fjvd) at epoch 1, sequence 723, previous digest Some(CheckpointDigest(6Xd6XXkShn2LJFBTnrWCS4BWWzPmsPnAQ5dE76hCH4ut)), transactions count 2, content digest CheckpointContentsDigest(9effWFGdXLDHH75Av4gr3BdNNndwjy2TH83mUYTYrdik), end_of_epoch_data None
[2m2025-03-25T07:57:14.302417Z[0m [32m INFO[0m [1mnode[0m[1m{[0m[3mname[0m[2m=[0mk#addeef94..[1m}[0m[2m:[0m [2mconsensus_core::core[0m[2m:[0m [2mconsensus/core/src/core.rs[0m[2m:[0m[2m694:[0m Received quorum round per authority in ancestor state manager set to: [(524, 524), (524, 524), (524, 524)]
[2m2025-03-25T07:57:14.302430Z[0m [32m INFO[0m [1mnode[0m[1m{[0m[3mname[0m[2m=[0mk#addeef94..[1m}[0m[2m:[0m [2mconsensus_core::core[0m[2m:[0m [2mconsensus/core/src/core.rs[0m[2m:[0m[2m695:[0m Accepted quorum round per authority in ancestor state manager set to: [(524, 524), (524, 524), (524, 524)]
[2m2025-03-25T07:57:14.302437Z[0m [32m INFO[0m [1mnode[0m[1m{[0m[3mname[0m[2m=[0mk#addeef94..[1m}[0m[2m:[0m [2mconsensus_core::core[0m[2m:[0m [2mconsensus/core/src/core.rs[0m[2m:[0m[2m698:[0m Propagation round delay set to: 0
[2m2025-03-25T07:57:14.352486Z[0m [32m INFO[0m [1mnode[0m[1m{[0m[3mname[0m[2m=[0mk#99f25ef6..[1m}[0m[2m:[0m [2mconsensus_core::core[0m[2m:[0m [2mconsensus/core/src/core.rs[0m[2m:[0m[2m694:[0m Received quorum round per authority in ancestor state manager set to: [(524, 524), (524, 524), (524, 524)]
[2m2025-03-25T07:57:14.352498Z[0m [32m INFO[0m [1mnode[0m[1m{[0m[3mname[0m[2m=[0mk#8dcff6d1..[1m}[0m[2m:[0m [2mconsensus_core::core[0m[2m:[0m [2mconsensus/core/src/core.rs[0m[2m:[0m[2m694:[0m Received quorum round per authority in ancestor state manager set to: [(524, 524), (524, 524), (524, 524)]
[2m2025-03-25T07:57:14.352502Z[0m [32m INFO[0m [1mnode[0m[1m{[0m[3mname[0m[2m=[0mk#99f25ef6..[1m}[0m[2m:[0m [2mconsensus_core::core[0m[2m:[0m [2mconsensus/core/src/core.rs[0m[2m:[0m[2m695:[0m Accepted quorum round per authority in ancestor state manager set to: [(524, 524), (524, 524), (524, 524)]
[2m2025-03-25T07:57:14.352507Z[0m [32m INFO[0m [1mnode[0m[1m{[0m[3mname[0m[2m=[0mk#8dcff6d1..[1m}[0m[2m:[0m [2mconsensus_core::core[0m[2m:[0m [2mconsensus/core/src/core.rs[0m[2m:[0m[2m695:[0m Accepted quorum round per authority in ancestor state manager set to: [(524, 524), (524, 524), (524, 524)]
[2m2025-03-25T07:57:14.352509Z[0m [32m INFO[0m [1mnode[0m[1m{[0m[3mname[0m[2m=[0mk#99f25ef6..[1m}[0m[2m:[0m [2mconsensus_core::core[0m[2m:[0m [2mconsensus/core/src/core.rs[0m[2m:[0m[2m698:[0m Propagation round delay set to: 0
[2m2025-03-25T07:57:14.352514Z[0m [32m INFO[0m [1mnode[0m[1m{[0m[3mname[0m[2m=[0mk#8dcff6d1..[1m}[0m[2m:[0m [2mconsensus_core::core[0m[2m:[0m [2mconsensus/core/src/core.rs[0m[2m:[0m[2m698:[0m Propagation round delay set to: 0
[2m2025-03-25T07:57:14.407868Z[0m [32m INFO[0m [1mnode[0m[1m{[0m[3mname[0m[2m=[0mk#addeef94..[1m}[0m[2m:[0m [2mconsensus_core::core[0m[2m:[0m [2mconsensus/core/src/core.rs[0m[2m:[0m[2m945:[0m Included 3 ancestors & excluded 0 ancestors for proposal in round 525
[2m2025-03-25T07:57:14.408241Z[0m [32m INFO[0m [1mnode[0m[1m{[0m[3mname[0m[2m=[0mk#addeef94..[1m}[0m[2m:[0m [2mconsensus_core::core[0m[2m:[0m [2mconsensus/core/src/core.rs[0m[2m:[0m[2m531:[0m Created block B525(C,k4isfkZlbljnGTZ02vPtfP87IOkOeT4to5QPZ6ZM1Vs=)(1742889434408ms;[B524(C,EYWNvt68giTzDAhPrkk7V3wmcLedUebO5WCxNH+u0Jc=), B524(A,0+OsddJGfKgH2+nix71Jz+L5+bLLA45Cl0/MYtvM0iA=), B524(B,KDfBLetkMZtKdQNaaKyyOuugtuEfGXMkBLLrJZd6aZU=)];1t;1c) for round 525
[2m2025-03-25T07:57:14.410103Z[0m [32m INFO[0m [1mnode[0m[1m{[0m[3mname[0m[2m=[0mk#99f25ef6..[1m}[0m[2m:[0m [2mconsensus_core::core[0m[2m:[0m [2mconsensus/core/src/core.rs[0m[2m:[0m[2m945:[0m Included 3 ancestors & excluded 0 ancestors for proposal in round 525
[2m2025-03-25T07:57:14.410103Z[0m [32m INFO[0m [1mnode[0m[1m{[0m[3mname[0m[2m=[0mk#8dcff6d1..[1m}[0m[2m:[0m [2mconsensus_core::core[0m[2m:[0m [2mconsensus/core/src/core.rs[0m[2m:[0m[2m945:[0m Included 3 ancestors & excluded 0 ancestors for proposal in round 525
[2m2025-03-25T07:57:14.410398Z[0m [32m INFO[0m [1mnode[0m[1m{[0m[3mname[0m[2m=[0mk#99f25ef6..[1m}[0m[2m:[0m [2mconsensus_core::core[0m[2m:[0m [2mconsensus/core/src/core.rs[0m[2m:[0m[2m531:[0m Created block B525(B,GLQmIPklROZn+lG4fBs4tDSHyOTiDfxSLx1rK3F74uk=)(1742889434410ms;[B524(B,KDfBLetkMZtKdQNaaKyyOuugtuEfGXMkBLLrJZd6aZU=), B524(A,0+OsddJGfKgH2+nix71Jz+L5+bLLA45Cl0/MYtvM0iA=), B524(C,EYWNvt68giTzDAhPrkk7V3wmcLedUebO5WCxNH+u0Jc=)];1t;1c) for round 525
[2m2025-03-25T07:57:14.410403Z[0m [32m INFO[0m [1mnode[0m[1m{[0m[3mname[0m[2m=[0mk#8dcff6d1..[1m}[0m[2m:[0m [2mconsensus_core::core[0m[2m:[0m [2mconsensus/core/src/core.rs[0m[2m:[0m[2m531:[0m Created block B525(A,uc4lWWapeW6dSiGNckArVbbgIoVyM+/Bdf2VJxZfw2Y=)(1742889434410ms;[B524(A,0+OsddJGfKgH2+nix71Jz+L5+bLLA45Cl0/MYtvM0iA=), B524(B,KDfBLetkMZtKdQNaaKyyOuugtuEfGXMkBLLrJZd6aZU=), B524(C,EYWNvt68giTzDAhPrkk7V3wmcLedUebO5WCxNH+u0Jc=)];1t;1c) for round 525
[2m2025-03-25T07:57:14.410473Z[0m [32m INFO[0m [1mnode[0m[1m{[0m[3mname[0m[2m=[0mk#8dcff6d1..[1m}[0m[2m:[0m [2mconsensus_core::core[0m[2m:[0m [2mconsensus/core/src/core.rs[0m[2m:[0m[2m630:[0m Committing 1 leaders: B523(A,M/LM)
[2m2025-03-25T07:57:14.410473Z[0m [32m INFO[0m [1mnode[0m[1m{[0m[3mname[0m[2m=[0mk#99f25ef6..[1m}[0m[2m:[0m [2mconsensus_core::core[0m[2m:[0m [2mconsensus/core/src/core.rs[0m[2m:[0m[2m630:[0m Committing 1 leaders: B523(A,M/LM)
[2m2025-03-25T07:57:14.410552Z[0m [32m INFO[0m [1mnode[0m[1m{[0m[3mname[0m[2m=[0mk#8dcff6d1..[1m}[0m[2m:[0m [2mconsensus_core::commit_observer[0m[2m:[0m [2mconsensus/core/src/commit_observer.rs[0m[2m:[0m[2m173:[0m Consensus commit C511(lY/V) with leader B523(A,M/LM) has 3 blocks
[2m2025-03-25T07:57:14.410552Z[0m [32m INFO[0m [1mnode[0m[1m{[0m[3mname[0m[2m=[0mk#99f25ef6..[1m}[0m[2m:[0m [2mconsensus_core::commit_observer[0m[2m:[0m [2mconsensus/core/src/commit_observer.rs[0m[2m:[0m[2m173:[0m Consensus commit C511(lY/V) with leader B523(A,M/LM) has 3 blocks
[2m2025-03-25T07:57:14.410642Z[0m [32m INFO[0m [1mnode[0m[1m{[0m[3mname[0m[2m=[0mk#8dcff6d1..[1m}[0m[2m:[0m [2msui_core::consensus_handler[0m[2m:[0m [2mcrates/sui-core/src/consensus_handler.rs[0m[2m:[0m[2m232:[0m Received consensus output [3mconsensus_commit[0m[2m=[0mCommittedSubDag(leader=B523(A,M/LM), ref=C511(lY/V), blocks=[7DIt, w4wB, M/LM]) [3mepoch[0m[2m=[0m1
[2m2025-03-25T07:57:14.410642Z[0m [32m INFO[0m [1mnode[0m[1m{[0m[3mname[0m[2m=[0mk#99f25ef6..[1m}[0m[2m:[0m [2msui_core::consensus_handler[0m[2m:[0m [2mcrates/sui-core/src/consensus_handler.rs[0m[2m:[0m[2m232:[0m Received consensus output [3mconsensus_commit[0m[2m=[0mCommittedSubDag(leader=B523(A,M/LM), ref=C511(lY/V), blocks=[7DIt, w4wB, M/LM]) [3mepoch[0m[2m=[0m1
[2m2025-03-25T07:57:14.414352Z[0m [32m INFO[0m [1mnode[0m[1m{[0m[3mname[0m[2m=[0mk#addeef94..[1m}[0m[2m:[0m [2mconsensus_core::core[0m[2m:[0m [2mconsensus/core/src/core.rs[0m[2m:[0m[2m630:[0m Committing 1 leaders: B523(A,M/LM)
[2m2025-03-25T07:57:14.414449Z[0m [32m INFO[0m [1mnode[0m[1m{[0m[3mname[0m[2m=[0mk#addeef94..[1m}[0m[2m:[0m [2mconsensus_core::commit_observer[0m[2m:[0m [2mconsensus/core/src/commit_observer.rs[0m[2m:[0m[2m173:[0m Consensus commit C511(lY/V) with leader B523(A,M/LM) has 3 blocks
[2m2025-03-25T07:57:14.414576Z[0m [32m INFO[0m [1mnode[0m[1m{[0m[3mname[0m[2m=[0mk#addeef94..[1m}[0m[2m:[0m [2msui_core::consensus_handler[0m[2m:[0m [2mcrates/sui-core/src/consensus_handler.rs[0m[2m:[0m[2m232:[0m Received consensus output [3mconsensus_commit[0m[2m=[0mCommittedSubDag(leader=B523(A,M/LM), ref=C511(lY/V), blocks=[7DIt, w4wB, M/LM]) [3mepoch[0m[2m=[0m1
[2m2025-03-25T07:57:14.457164Z[0m [32m INFO[0m [1mnode[0m[1m{[0m[3mname[0m[2m=[0mk#99f25ef6..[1m}[0m[2m:[0m [2msui_core::checkpoints[0m[2m:[0m [2mcrates/sui-core/src/checkpoints/mod.rs[0m[2m:[0m[2m1326:[0m Creating checkpoint(s) for 1 transactions [3mnext_checkpoint_seq[0m[2m=[0m724 [3mcheckpoint_timestamp[0m[2m=[0m1742889433898
[2m2025-03-25T07:57:14.457164Z[0m [32m INFO[0m [1mnode[0m[1m{[0m[3mname[0m[2m=[0mk#8dcff6d1..[1m}[0m[2m:[0m [2msui_core::checkpoints[0m[2m:[0m [2mcrates/sui-core/src/checkpoints/mod.rs[0m[2m:[0m[2m1326:[0m Creating checkpoint(s) for 1 transactions [3mnext_checkpoint_seq[0m[2m=[0m724 [3mcheckpoint_timestamp[0m[2m=[0m1742889433898
[2m2025-03-25T07:57:14.457408Z[0m [32m INFO[0m [1mnode[0m[1m{[0m[3mname[0m[2m=[0mk#99f25ef6..[1m}[0m[2m:[0m [2msui_core::checkpoints::checkpoint_output[0m[2m:[0m [2mcrates/sui-core/src/checkpoints/checkpoint_output.rs[0m[2m:[0m[2m149:[0m Creating checkpoint CheckpointDigest(8fUpNjXnco9eEhCxSdMx5yP2iovCTEczV1dpePAvc7r2) at epoch 1, sequence 724, previous digest Some(CheckpointDigest(5VVRhjnLfgCSR9xYGydMgCj6MSRLtDZS7z8RJzd2fjvd)), transactions count 1, content digest CheckpointContentsDigest(9Pr1chuhMry1pfpG5qL5KUm6PvVXSPH4upBLFhcUfpim), end_of_epoch_data None
[2m2025-03-25T07:57:14.457407Z[0m [32m INFO[0m [1mnode[0m[1m{[0m[3mname[0m[2m=[0mk#8dcff6d1..[1m}[0m[2m:[0m [2msui_core::checkpoints::checkpoint_output[0m[2m:[0m [2mcrates/sui-core/src/checkpoints/checkpoint_output.rs[0m[2m:[0m[2m149:[0m Creating checkpoint CheckpointDigest(8fUpNjXnco9eEhCxSdMx5yP2iovCTEczV1dpePAvc7r2) at epoch 1, sequence 724, previous digest Some(CheckpointDigest(5VVRhjnLfgCSR9xYGydMgCj6MSRLtDZS7z8RJzd2fjvd)), transactions count 1, content digest CheckpointContentsDigest(9Pr1chuhMry1pfpG5qL5KUm6PvVXSPH4upBLFhcUfpim), end_of_epoch_data None
[2m2025-03-25T07:57:14.458916Z[0m [32m INFO[0m [1mnode[0m[1m{[0m[3mname[0m[2m=[0mk#addeef94..[1m}[0m[2m:[0m [2msui_core::checkpoints[0m[2m:[0m [2mcrates/sui-core/src/checkpoints/mod.rs[0m[2m:[0m[2m1326:[0m Creating checkpoint(s) for 1 transactions [3mnext_checkpoint_seq[0m[2m=[0m724 [3mcheckpoint_timestamp[0m[2m=[0m1742889433898
[2m2025-03-25T07:57:14.459083Z[0m [32m INFO[0m [1mnode[0m[1m{[0m[3mname[0m[2m=[0mk#addeef94..[1m}[0m[2m:[0m [2msui_core::checkpoints::checkpoint_output[0m[2m:[0m [2mcrates/sui-core/src/checkpoints/checkpoint_output.rs[0m[2m:[0m[2m149:[0m Creating checkpoint CheckpointDigest(8fUpNjXnco9eEhCxSdMx5yP2iovCTEczV1dpePAvc7r2) at epoch 1, sequence 724, previous digest Some(CheckpointDigest(5VVRhjnLfgCSR9xYGydMgCj6MSRLtDZS7z8RJzd2fjvd)), transactions count 1, content digest CheckpointContentsDigest(9Pr1chuhMry1pfpG5qL5KUm6PvVXSPH4upBLFhcUfpim), end_of_epoch_data None
[2m2025-03-25T07:57:14.460791Z[0m [32m INFO[0m [1mnode[0m[1m{[0m[3mname[0m[2m=[0mk#8dcff6d1..[1m}[0m[2m:[0m [2msui_core::checkpoints::checkpoint_output[0m[2m:[0m [2mcrates/sui-core/src/checkpoints/checkpoint_output.rs[0m[2m:[0m[2m196:[0m Certified checkpoint with sequence 723 and digest 5VVRhjnLfgCSR9xYGydMgCj6MSRLtDZS7z8RJzd2fjvd
[2m2025-03-25T07:57:14.460796Z[0m [32m INFO[0m [1mnode[0m[1m{[0m[3mname[0m[2m=[0mk#99f25ef6..[1m}[0m[2m:[0m [2msui_core::checkpoints::checkpoint_output[0m[2m:[0m [2mcrates/sui-core/src/checkpoints/checkpoint_output.rs[0m[2m:[0m[2m196:[0m Certified checkpoint with sequence 723 and digest 5VVRhjnLfgCSR9xYGydMgCj6MSRLtDZS7z8RJzd2fjvd
[2m2025-03-25T07:57:14.464419Z[0m [32m INFO[0m [1mnode[0m[1m{[0m[3mname[0m[2m=[0mk#8dcff6d1..[1m}[0m[2m:[0m [2msui_core::checkpoints::checkpoint_executor[0m[2m:[0m [2mcrates/sui-core/src/checkpoints/checkpoint_executor/mod.rs[0m[2m:[0m[2m332:[0m Received checkpoint summary from state sync [3msequence_number[0m[2m=[0m723
[2m2025-03-25T07:57:14.466819Z[0m [32m INFO[0m [1mnode[0m[1m{[0m[3mname[0m[2m=[0mk#99f25ef6..[1m}[0m[2m:[0m [2msui_core::checkpoints::checkpoint_executor[0m[2m:[0m [2mcrates/sui-core/src/checkpoints/checkpoint_executor/mod.rs[0m[2m:[0m[2m332:[0m Received checkpoint summary from state sync [3msequence_number[0m[2m=[0m723
[2m2025-03-25T07:57:14.481609Z[0m [32m INFO[0m [2msui_bridge::sui_bridge_watchdog[0m[2m:[0m [2mcrates/sui-bridge/src/sui_bridge_watchdog/mod.rs[0m[2m:[0m[2m47:[0m Running observable EthBridgeStatus
[2m2025-03-25T07:57:14.481619Z[0m [32m INFO[0m [2msui_bridge::sui_bridge_watchdog[0m[2m:[0m [2mcrates/sui-bridge/src/sui_bridge_watchdog/mod.rs[0m[2m:[0m[2m47:[0m Running observable SuiBridgeStatus
[2m2025-03-25T07:57:14.481635Z[0m [32m INFO[0m [2msui_bridge::sui_bridge_watchdog[0m[2m:[0m [2mcrates/sui-bridge/src/sui_bridge_watchdog/mod.rs[0m[2m:[0m[2m47:[0m Running observable EthereumVaultBalance
[2m2025-03-25T07:57:14.481648Z[0m [32m INFO[0m [2msui_bridge::sui_bridge_watchdog[0m[2m:[0m [2mcrates/sui-bridge/src/sui_bridge_watchdog/mod.rs[0m[2m:[0m[2m47:[0m Running observable EthereumVaultBalance
[2m2025-03-25T07:57:14.482005Z[0m [32m INFO[0m [1mnode[0m[1m{[0m[3mname[0m[2m=[0mk#8dcff6d1..[1m}[0m[2m:[0m [2msui_core::state_accumulator[0m[2m:[0m [2mcrates/sui-core/src/state_accumulator.rs[0m[2m:[0m[2m675:[0m accumulating running root for checkpoint 723
[2m2025-03-25T07:57:14.482181Z[0m [32m INFO[0m [1mnode[0m[1m{[0m[3mname[0m[2m=[0mk#99f25ef6..[1m}[0m[2m:[0m [2msui_core::state_accumulator[0m[2m:[0m [2mcrates/sui-core/src/state_accumulator.rs[0m[2m:[0m[2m675:[0m accumulating running root for checkpoint 723
[2m2025-03-25T07:57:14.482668Z[0m [32m INFO[0m [1mobservable[0m[1m{[0m[3mname[0m[2m=[0m"EthBridgeStatus"[1m}[0m[2m:[0m [2msui_bridge::sui_bridge_watchdog::eth_bridge_status[0m[2m:[0m [2mcrates/sui-bridge/src/sui_bridge_watchdog/eth_bridge_status.rs[0m[2m:[0m[2m47:[0m Eth Bridge Status: false
[2m2025-03-25T07:57:14.482676Z[0m [32m INFO[0m [1mobservable[0m[1m{[0m[3mname[0m[2m=[0m"EthereumVaultBalance"[1m}[0m[2m:[0m [2msui_bridge::sui_bridge_watchdog::eth_vault_balance[0m[2m:[0m [2mcrates/sui-bridge/src/sui_bridge_watchdog/eth_vault_balance.rs[0m[2m:[0m[2m98:[0m WETH Vault Balance: 0
[2m2025-03-25T07:57:14.482676Z[0m [32m INFO[0m [1mobservable[0m[1m{[0m[3mname[0m[2m=[0m"EthereumVaultBalance"[1m}[0m[2m:[0m [2msui_bridge::sui_bridge_watchdog::eth_vault_balance[0m[2m:[0m [2mcrates/sui-bridge/src/sui_bridge_watchdog/eth_vault_balance.rs[0m[2m:[0m[2m98:[0m USDT Vault Balance: 10000000000
[2m2025-03-25T07:57:14.505236Z[0m [32m INFO[0m [2msui_bridge::eth_syncer[0m[2m:[0m [2mcrates/sui-bridge/src/eth_syncer.rs[0m[2m:[0m[2m120:[0m Observed new finalized eth block: 196
[2m2025-03-25T07:57:14.526082Z[0m [32m INFO[0m [1mnode[0m[1m{[0m[3mname[0m[2m=[0mk#addeef94..[1m}[0m[2m:[0m [2msui_core::checkpoints::checkpoint_executor[0m[2m:[0m [2mcrates/sui-core/src/checkpoints/checkpoint_executor/mod.rs[0m[2m:[0m[2m332:[0m Received checkpoint summary from state sync [3msequence_number[0m[2m=[0m723
[2m2025-03-25T07:57:14.527407Z[0m [32m INFO[0m [1mnode[0m[1m{[0m[3mname[0m[2m=[0mk#addeef94..[1m}[0m[2m:[0m [2msui_core::state_accumulator[0m[2m:[0m [2mcrates/sui-core/src/state_accumulator.rs[0m[2m:[0m[2m675:[0m accumulating running root for checkpoint 723
[2m2025-03-25T07:57:14.530701Z[0m [32m INFO[0m [1mnode[0m[1m{[0m[3mname[0m[2m=[0mk#b3f3cbb4..[1m}[0m[2m:[0m[1mjson-rpc-request[0m[2m:[0m[1mdev_inspect_transaction_block[0m[1m{[0m[3msender_address[0m[2m=[0m0x0000000000000000000000000000000000000000000000000000000000000000 [3mtx_bytes[0m[2m=[0mBase64("AAMBAQAAAAAAAAAAAAAAAAAAAAAAAAAAAAAAAAAAAAAAAAAJAQAAAAAAAAABAAECAAgAAAAAAAAAAAEAAAAAAAAAAAAAAAAAAAAAAAAAAAAAAAAAAAAAAAAAAAsGYnJpZGdlIGdldF90b2tlbl90cmFuc2Zlcl9hY3Rpb25fc3RhdHVzAAMBAAABAQABAgA=") [3mgas_price[0m[2m=[0mNone [3m_epoch[0m[2m=[0mNone [3madditional_args[0m[2m=[0mNone[1m}[0m[2m:[0m [2msui_json_rpc::transaction_execution_api[0m[2m:[0m [2mcrates/sui-json-rpc/src/transaction_execution_api.rs[0m[2m:[0m[2m351:[0m RPC took longer than threshold to complete. [3melapsed[0m[2m=[0m1.534223541s
[2m2025-03-25T07:57:14.531558Z[0m [32m INFO[0m [2msui_bridge::e2e_tests::test_utils[0m[2m:[0m [2mcrates/sui-bridge/src/e2e_tests/test_utils.rs[0m[2m:[0m[2m1452:[0m get_token_transfer_action_onchain_status_until_success took 2.599502458s, status: Pending
[2m2025-03-25T07:57:14.533496Z[0m [32m INFO[0m [1mhandle_execution_task[0m[1m{[0m[3maction_key[0m[2m=[0mBridgeActionKey(0,2,0) [3mattempt_times[0m[2m=[0m6[1m}[0m[2m:[0m [2msui_bridge::action_executor[0m[2m:[0m [2mcrates/sui-bridge/src/action_executor.rs[0m[2m:[0m[2m529:[0m bbking 325 signed_tx: Envelope { digest: OnceCell(TransactionDigest(GDSurpEu2x2PVvpwcUqP5MTXTQ8jWoYdMxzexGq3UM9X)), data: SenderSignedData(SizeOneVec { e: SenderSignedTransaction { intent_message: IntentMessage { intent: Intent { scope: TransactionData, version: V0, app_id: Sui }, value: V1(TransactionDataV1 { kind: ProgrammableTransaction(ProgrammableTransaction { inputs: [Pure([2]), Pure([0, 0, 0, 0, 0, 0, 0, 0]), Pure([32, 4, 169, 42, 179, 92, 48, 68, 114, 32, 150, 70, 149, 204, 4, 223, 219, 38, 208, 7, 193, 123, 245, 12, 23, 143, 25, 234, 203, 152, 26, 252, 161]), Pure([12]), Pure([20, 249, 81, 14, 181, 207, 148, 205, 250, 64, 123, 165, 252, 91, 242, 249, 208, 225, 136, 122, 176]), Pure([4, 0, 0, 0, 0, 0, 0, 0]), Pure([0, 64, 122, 16, 243, 90, 0, 0]), Pure([0]), Object(SharedObject { id: 0x0000000000000000000000000000000000000000000000000000000000000009, initial_shared_version: SequenceNumber(1), mutable: true }), Object(SharedObject { id: 0x0000000000000000000000000000000000000000000000000000000000000006, initial_shared_version: SequenceNumber(1), mutable: false }), Object(ImmOrOwnedObject((0xd7d7820b1d5a3802a2c50420aa60d9072814fcfac9e333ae55536bce5ecc4924, SequenceNumber(114), o#G6tFPuFyAAWMEecgda16xEPfTgTnxE2mborPfAPjqm3W))), Pure([1, 65, 31, 247, 80, 204, 97, 207, 90, 104, 153, 149, 206, 126, 213, 104, 24, 88, 148, 238, 206, 247, 66, 30, 125, 205, 54, 173, 37, 137, 110, 109, 56, 80, 28, 16, 120, 47, 68, 236, 45, 236, 116, 5, 210, 6, 35, 170, 125, 231, 3, 182, 5, 138, 168, 242, 53, 190, 106, 10, 96, 97, 183, 243, 116, 149, 1])], commands: [MoveCall(ProgrammableMoveCall { package: 0x000000000000000000000000000000000000000000000000000000000000000b, module: "message", function: "create_token_bridge_message", type_arguments: [], arguments: [Input(0), Input(1), Input(2), Input(3), Input(4), Input(5), Input(6), Input(7), Input(7)] }), MoveCall(ProgrammableMoveCall { package: 0x000000000000000000000000000000000000000000000000000000000000000b, module: "bridge", function: "approve_token_transfer", type_arguments: [], arguments: [Input(8), Result(0), Input(11)] })] }), sender: 0x4ff42dd92612b14f109397416c3e5d362aee65d7d3459db1b80164f1f84a59c3, gas_data: GasData { payment: [(0x059c5b653da3f627ad85b7947a1634ad3055f81b24125b7d9b23178b0146bfc6, SequenceNumber(341), o#4ep4K212yQtPC23ghtw73sJ44qmqyajoXRf4wvuKq6mQ)], owner: 0x4ff42dd92612b14f109397416c3e5d362aee65d7d3459db1b80164f1f84a59c3, price: 100, budget: 100000000 }, expiration: None }) }, tx_signatures: [Signature(Secp256k1SuiSignature(Secp256k1SuiSignature([1, 248, 48, 245, 114, 141, 252, 29, 145, 101, 134, 185, 170, 246, 13, 46, 93, 163, 185, 83, 212, 83, 83, 211, 117, 13, 84, 185, 16, 211, 110, 21, 213, 28, 223, 52, 126, 172, 102, 85, 99, 136, 5, 84, 81, 40, 77, 173, 15, 132, 117, 170, 133, 187, 110, 34, 123, 222, 241, 101, 30, 106, 238, 34, 77, 2, 120, 6, 36, 213, 27, 112, 125, 170, 163, 53, 236, 91, 128, 136, 52, 208, 253, 102, 241, 38, 217, 67, 27, 199, 74, 95, 51, 179, 151, 41, 149, 140])))] } }), auth_signature: EmptySignInfo }
[2m2025-03-25T07:57:14.545199Z[0m [32m INFO[0m [1mnode[0m[1m{[0m[3mname[0m[2m=[0mk#b3f3cbb4..[1m}[0m[2m:[0m [2msui_core::state_accumulator[0m[2m:[0m [2mcrates/sui-core/src/state_accumulator.rs[0m[2m:[0m[2m675:[0m accumulating running root for checkpoint 617
[2m2025-03-25T07:57:14.545533Z[0m [32m INFO[0m [1mnode[0m[1m{[0m[3mname[0m[2m=[0mk#b3f3cbb4..[1m}[0m[2m:[0m [2msui_core::checkpoints::checkpoint_executor[0m[2m:[0m [2mcrates/sui-core/src/checkpoints/checkpoint_executor/mod.rs[0m[2m:[0m[2m332:[0m Received checkpoint summary from state sync [3msequence_number[0m[2m=[0m704
[2m2025-03-25T07:57:14.545577Z[0m [32m INFO[0m [1mnode[0m[1m{[0m[3mname[0m[2m=[0mk#b3f3cbb4..[1m}[0m[2m:[0m [2msui_core::checkpoints::checkpoint_executor[0m[2m:[0m [2mcrates/sui-core/src/checkpoints/checkpoint_executor/mod.rs[0m[2m:[0m[2m332:[0m Received checkpoint summary from state sync [3msequence_number[0m[2m=[0m705
[2m2025-03-25T07:57:14.548413Z[0m [32m INFO[0m [1mobservable[0m[1m{[0m[3mname[0m[2m=[0m"SuiBridgeStatus"[1m}[0m[2m:[0m [2msui_bridge::sui_bridge_watchdog::sui_bridge_status[0m[2m:[0m [2mcrates/sui-bridge/src/sui_bridge_watchdog/sui_bridge_status.rs[0m[2m:[0m[2m37:[0m Sui Bridge Status: false
[2m2025-03-25T07:57:14.662151Z[0m [32m INFO[0m [1mnode[0m[1m{[0m[3mname[0m[2m=[0mk#99f25ef6..[1m}[0m[2m:[0m [2mconsensus_core::core[0m[2m:[0m [2mconsensus/core/src/core.rs[0m[2m:[0m[2m945:[0m Included 3 ancestors & excluded 0 ancestors for proposal in round 526
[2m2025-03-25T07:57:14.662526Z[0m [32m INFO[0m [1mnode[0m[1m{[0m[3mname[0m[2m=[0mk#99f25ef6..[1m}[0m[2m:[0m [2mconsensus_core::core[0m[2m:[0m [2mconsensus/core/src/core.rs[0m[2m:[0m[2m531:[0m Created block B526(B,7M0J3dfw7vnXhbs/d1/FJV/eLthmxTBSvbPBv3B6+zY=)(1742889434662ms;[B525(B,GLQmIPklROZn+lG4fBs4tDSHyOTiDfxSLx1rK3F74uk=), B525(A,uc4lWWapeW6dSiGNckArVbbgIoVyM+/Bdf2VJxZfw2Y=), B525(C,k4isfkZlbljnGTZ02vPtfP87IOkOeT4to5QPZ6ZM1Vs=)];1t;1c) for round 526
[2m2025-03-25T07:57:14.664116Z[0m [32m INFO[0m [1mnode[0m[1m{[0m[3mname[0m[2m=[0mk#8dcff6d1..[1m}[0m[2m:[0m [2mconsensus_core::core[0m[2m:[0m [2mconsensus/core/src/core.rs[0m[2m:[0m[2m945:[0m Included 3 ancestors & excluded 0 ancestors for proposal in round 526
[2m2025-03-25T07:57:14.664408Z[0m [32m INFO[0m [1mnode[0m[1m{[0m[3mname[0m[2m=[0mk#8dcff6d1..[1m}[0m[2m:[0m [2mconsensus_core::core[0m[2m:[0m [2mconsensus/core/src/core.rs[0m[2m:[0m[2m531:[0m Created block B526(A,oSeJPomZTCfL8kn9qCcH+DM0cx+qmILXRt7IqSZ5+Wk=)(1742889434664ms;[B525(A,uc4lWWapeW6dSiGNckArVbbgIoVyM+/Bdf2VJxZfw2Y=), B525(B,GLQmIPklROZn+lG4fBs4tDSHyOTiDfxSLx1rK3F74uk=), B525(C,k4isfkZlbljnGTZ02vPtfP87IOkOeT4to5QPZ6ZM1Vs=)];1t;1c) for round 526
[2m2025-03-25T07:57:14.666197Z[0m [32m INFO[0m [1mnode[0m[1m{[0m[3mname[0m[2m=[0mk#addeef94..[1m}[0m[2m:[0m [2mconsensus_core::core[0m[2m:[0m [2mconsensus/core/src/core.rs[0m[2m:[0m[2m945:[0m Included 3 ancestors & excluded 0 ancestors for proposal in round 526
[2m2025-03-25T07:57:14.666508Z[0m [32m INFO[0m [1mnode[0m[1m{[0m[3mname[0m[2m=[0mk#addeef94..[1m}[0m[2m:[0m [2mconsensus_core::core[0m[2m:[0m [2mconsensus/core/src/core.rs[0m[2m:[0m[2m531:[0m Created block B526(C,B2+x3HVRKW1Ja5bo7TKRWASTt0BLLPye0OUKiaEKOOQ=)(1742889434666ms;[B525(C,k4isfkZlbljnGTZ02vPtfP87IOkOeT4to5QPZ6ZM1Vs=), B525(A,uc4lWWapeW6dSiGNckArVbbgIoVyM+/Bdf2VJxZfw2Y=), B525(B,GLQmIPklROZn+lG4fBs4tDSHyOTiDfxSLx1rK3F74uk=)];1t;1c) for round 526
[2m2025-03-25T07:57:14.666582Z[0m [32m INFO[0m [1mnode[0m[1m{[0m[3mname[0m[2m=[0mk#addeef94..[1m}[0m[2m:[0m [2mconsensus_core::core[0m[2m:[0m [2mconsensus/core/src/core.rs[0m[2m:[0m[2m630:[0m Committing 1 leaders: B524(A,0+Os)
[2m2025-03-25T07:57:14.666666Z[0m [32m INFO[0m [1mnode[0m[1m{[0m[3mname[0m[2m=[0mk#addeef94..[1m}[0m[2m:[0m [2mconsensus_core::commit_observer[0m[2m:[0m [2mconsensus/core/src/commit_observer.rs[0m[2m:[0m[2m173:[0m Consensus commit C512(KyBu) with leader B524(A,0+Os) has 3 blocks
[2m2025-03-25T07:57:14.666748Z[0m [32m INFO[0m [1mnode[0m[1m{[0m[3mname[0m[2m=[0mk#addeef94..[1m}[0m[2m:[0m [2msui_core::consensus_handler[0m[2m:[0m [2mcrates/sui-core/src/consensus_handler.rs[0m[2m:[0m[2m232:[0m Received consensus output [3mconsensus_commit[0m[2m=[0mCommittedSubDag(leader=B524(A,0+Os), ref=C512(KyBu), blocks=[33i+, knjq, 0+Os]) [3mepoch[0m[2m=[0m1
[2m2025-03-25T07:57:14.669741Z[0m [32m INFO[0m [1mnode[0m[1m{[0m[3mname[0m[2m=[0mk#8dcff6d1..[1m}[0m[2m:[0m [2msui_core::checkpoints::checkpoint_output[0m[2m:[0m [2mcrates/sui-core/src/checkpoints/checkpoint_output.rs[0m[2m:[0m[2m196:[0m Certified checkpoint with sequence 724 and digest 8fUpNjXnco9eEhCxSdMx5yP2iovCTEczV1dpePAvc7r2
[2m2025-03-25T07:57:14.669741Z[0m [32m INFO[0m [1mnode[0m[1m{[0m[3mname[0m[2m=[0mk#99f25ef6..[1m}[0m[2m:[0m [2msui_core::checkpoints::checkpoint_output[0m[2m:[0m [2mcrates/sui-core/src/checkpoints/checkpoint_output.rs[0m[2m:[0m[2m196:[0m Certified checkpoint with sequence 724 and digest 8fUpNjXnco9eEhCxSdMx5yP2iovCTEczV1dpePAvc7r2
[2m2025-03-25T07:57:14.669853Z[0m [32m INFO[0m [1mnode[0m[1m{[0m[3mname[0m[2m=[0mk#8dcff6d1..[1m}[0m[2m:[0m [2mconsensus_core::core[0m[2m:[0m [2mconsensus/core/src/core.rs[0m[2m:[0m[2m630:[0m Committing 1 leaders: B524(A,0+Os)
[2m2025-03-25T07:57:14.669853Z[0m [32m INFO[0m [1mnode[0m[1m{[0m[3mname[0m[2m=[0mk#99f25ef6..[1m}[0m[2m:[0m [2mconsensus_core::core[0m[2m:[0m [2mconsensus/core/src/core.rs[0m[2m:[0m[2m630:[0m Committing 1 leaders: B524(A,0+Os)
[2m2025-03-25T07:57:14.669969Z[0m [32m INFO[0m [1mnode[0m[1m{[0m[3mname[0m[2m=[0mk#8dcff6d1..[1m}[0m[2m:[0m [2mconsensus_core::commit_observer[0m[2m:[0m [2mconsensus/core/src/commit_observer.rs[0m[2m:[0m[2m173:[0m Consensus commit C512(KyBu) with leader B524(A,0+Os) has 3 blocks
[2m2025-03-25T07:57:14.669972Z[0m [32m INFO[0m [1mnode[0m[1m{[0m[3mname[0m[2m=[0mk#99f25ef6..[1m}[0m[2m:[0m [2mconsensus_core::commit_observer[0m[2m:[0m [2mconsensus/core/src/commit_observer.rs[0m[2m:[0m[2m173:[0m Consensus commit C512(KyBu) with leader B524(A,0+Os) has 3 blocks
[2m2025-03-25T07:57:14.670358Z[0m [32m INFO[0m [1mnode[0m[1m{[0m[3mname[0m[2m=[0mk#99f25ef6..[1m}[0m[2m:[0m [2msui_core::consensus_handler[0m[2m:[0m [2mcrates/sui-core/src/consensus_handler.rs[0m[2m:[0m[2m232:[0m Received consensus output [3mconsensus_commit[0m[2m=[0mCommittedSubDag(leader=B524(A,0+Os), ref=C512(KyBu), blocks=[33i+, knjq, 0+Os]) [3mepoch[0m[2m=[0m1
[2m2025-03-25T07:57:14.670358Z[0m [32m INFO[0m [1mnode[0m[1m{[0m[3mname[0m[2m=[0mk#8dcff6d1..[1m}[0m[2m:[0m [2msui_core::consensus_handler[0m[2m:[0m [2mcrates/sui-core/src/consensus_handler.rs[0m[2m:[0m[2m232:[0m Received consensus output [3mconsensus_commit[0m[2m=[0mCommittedSubDag(leader=B524(A,0+Os), ref=C512(KyBu), blocks=[33i+, knjq, 0+Os]) [3mepoch[0m[2m=[0m1
[2m2025-03-25T07:57:14.670934Z[0m [32m INFO[0m [1mnode[0m[1m{[0m[3mname[0m[2m=[0mk#99f25ef6..[1m}[0m[2m:[0m [2msui_core::checkpoints::checkpoint_executor[0m[2m:[0m [2mcrates/sui-core/src/checkpoints/checkpoint_executor/mod.rs[0m[2m:[0m[2m332:[0m Received checkpoint summary from state sync [3msequence_number[0m[2m=[0m724
[2m2025-03-25T07:57:14.670934Z[0m [32m INFO[0m [1mnode[0m[1m{[0m[3mname[0m[2m=[0mk#8dcff6d1..[1m}[0m[2m:[0m [2msui_core::checkpoints::checkpoint_executor[0m[2m:[0m [2mcrates/sui-core/src/checkpoints/checkpoint_executor/mod.rs[0m[2m:[0m[2m332:[0m Received checkpoint summary from state sync [3msequence_number[0m[2m=[0m724
[2m2025-03-25T07:57:14.672450Z[0m [32m INFO[0m [1mnode[0m[1m{[0m[3mname[0m[2m=[0mk#99f25ef6..[1m}[0m[2m:[0m [2msui_core::state_accumulator[0m[2m:[0m [2mcrates/sui-core/src/state_accumulator.rs[0m[2m:[0m[2m675:[0m accumulating running root for checkpoint 724
[2m2025-03-25T07:57:14.672450Z[0m [32m INFO[0m [1mnode[0m[1m{[0m[3mname[0m[2m=[0mk#8dcff6d1..[1m}[0m[2m:[0m [2msui_core::state_accumulator[0m[2m:[0m [2mcrates/sui-core/src/state_accumulator.rs[0m[2m:[0m[2m675:[0m accumulating running root for checkpoint 724
[2m2025-03-25T07:57:14.693687Z[0m [32m INFO[0m [1mnode[0m[1m{[0m[3mname[0m[2m=[0mk#addeef94..[1m}[0m[2m:[0m [2msui_core::checkpoints[0m[2m:[0m [2mcrates/sui-core/src/checkpoints/mod.rs[0m[2m:[0m[2m1326:[0m Creating checkpoint(s) for 2 transactions [3mnext_checkpoint_seq[0m[2m=[0m725 [3mcheckpoint_timestamp[0m[2m=[0m1742889434150
[2m2025-03-25T07:57:14.694005Z[0m [32m INFO[0m [1mnode[0m[1m{[0m[3mname[0m[2m=[0mk#addeef94..[1m}[0m[2m:[0m [2msui_core::checkpoints::checkpoint_output[0m[2m:[0m [2mcrates/sui-core/src/checkpoints/checkpoint_output.rs[0m[2m:[0m[2m149:[0m Creating checkpoint CheckpointDigest(8Va1trs3rWS4NwdcgNnDEwEE8LRvA2PhUxtUgRtY8GXt) at epoch 1, sequence 725, previous digest Some(CheckpointDigest(8fUpNjXnco9eEhCxSdMx5yP2iovCTEczV1dpePAvc7r2)), transactions count 2, content digest CheckpointContentsDigest(6ushodNq28CVF8xWT7sHSCLbihrfiacNK3oRjevXX8PK), end_of_epoch_data None
[2m2025-03-25T07:57:14.696810Z[0m [32m INFO[0m [1mnode[0m[1m{[0m[3mname[0m[2m=[0mk#addeef94..[1m}[0m[2m:[0m [2msui_core::checkpoints::checkpoint_executor[0m[2m:[0m [2mcrates/sui-core/src/checkpoints/checkpoint_executor/mod.rs[0m[2m:[0m[2m332:[0m Received checkpoint summary from state sync [3msequence_number[0m[2m=[0m724
[2m2025-03-25T07:57:14.697656Z[0m [32m INFO[0m [1mnode[0m[1m{[0m[3mname[0m[2m=[0mk#addeef94..[1m}[0m[2m:[0m [2msui_core::state_accumulator[0m[2m:[0m [2mcrates/sui-core/src/state_accumulator.rs[0m[2m:[0m[2m675:[0m accumulating running root for checkpoint 724
[2m2025-03-25T07:57:14.698122Z[0m [32m INFO[0m [1mnode[0m[1m{[0m[3mname[0m[2m=[0mk#8dcff6d1..[1m}[0m[2m:[0m [2msui_core::checkpoints[0m[2m:[0m [2mcrates/sui-core/src/checkpoints/mod.rs[0m[2m:[0m[2m1326:[0m Creating checkpoint(s) for 2 transactions [3mnext_checkpoint_seq[0m[2m=[0m725 [3mcheckpoint_timestamp[0m[2m=[0m1742889434150
[2m2025-03-25T07:57:14.698286Z[0m [32m INFO[0m [1mnode[0m[1m{[0m[3mname[0m[2m=[0mk#99f25ef6..[1m}[0m[2m:[0m [2msui_core::checkpoints[0m[2m:[0m [2mcrates/sui-core/src/checkpoints/mod.rs[0m[2m:[0m[2m1326:[0m Creating checkpoint(s) for 2 transactions [3mnext_checkpoint_seq[0m[2m=[0m725 [3mcheckpoint_timestamp[0m[2m=[0m1742889434150
[2m2025-03-25T07:57:14.698392Z[0m [32m INFO[0m [1mnode[0m[1m{[0m[3mname[0m[2m=[0mk#8dcff6d1..[1m}[0m[2m:[0m [2msui_core::checkpoints::checkpoint_output[0m[2m:[0m [2mcrates/sui-core/src/checkpoints/checkpoint_output.rs[0m[2m:[0m[2m149:[0m Creating checkpoint CheckpointDigest(8Va1trs3rWS4NwdcgNnDEwEE8LRvA2PhUxtUgRtY8GXt) at epoch 1, sequence 725, previous digest Some(CheckpointDigest(8fUpNjXnco9eEhCxSdMx5yP2iovCTEczV1dpePAvc7r2)), transactions count 2, content digest CheckpointContentsDigest(6ushodNq28CVF8xWT7sHSCLbihrfiacNK3oRjevXX8PK), end_of_epoch_data None
[2m2025-03-25T07:57:14.698527Z[0m [32m INFO[0m [1mnode[0m[1m{[0m[3mname[0m[2m=[0mk#99f25ef6..[1m}[0m[2m:[0m [2msui_core::checkpoints::checkpoint_output[0m[2m:[0m [2mcrates/sui-core/src/checkpoints/checkpoint_output.rs[0m[2m:[0m[2m149:[0m Creating checkpoint CheckpointDigest(8Va1trs3rWS4NwdcgNnDEwEE8LRvA2PhUxtUgRtY8GXt) at epoch 1, sequence 725, previous digest Some(CheckpointDigest(8fUpNjXnco9eEhCxSdMx5yP2iovCTEczV1dpePAvc7r2)), transactions count 2, content digest CheckpointContentsDigest(6ushodNq28CVF8xWT7sHSCLbihrfiacNK3oRjevXX8PK), end_of_epoch_data None
[2m2025-03-25T07:57:14.918870Z[0m [32m INFO[0m [1mnode[0m[1m{[0m[3mname[0m[2m=[0mk#addeef94..[1m}[0m[2m:[0m [2mconsensus_core::core[0m[2m:[0m [2mconsensus/core/src/core.rs[0m[2m:[0m[2m945:[0m Included 3 ancestors & excluded 0 ancestors for proposal in round 527
[2m2025-03-25T07:57:14.919246Z[0m [32m INFO[0m [1mnode[0m[1m{[0m[3mname[0m[2m=[0mk#addeef94..[1m}[0m[2m:[0m [2mconsensus_core::core[0m[2m:[0m [2mconsensus/core/src/core.rs[0m[2m:[0m[2m531:[0m Created block B527(C,/4E82T/0DxHizp4Z8/lb1cEwrDjDNfvK7xhfgnSLpnk=)(1742889434919ms;[B526(C,B2+x3HVRKW1Ja5bo7TKRWASTt0BLLPye0OUKiaEKOOQ=), B526(A,oSeJPomZTCfL8kn9qCcH+DM0cx+qmILXRt7IqSZ5+Wk=), B526(B,7M0J3dfw7vnXhbs/d1/FJV/eLthmxTBSvbPBv3B6+zY=)];1t;1c) for round 527
[2m2025-03-25T07:57:14.920479Z[0m [32m INFO[0m [2msui_bridge::sui_bridge_watchdog[0m[2m:[0m [2mcrates/sui-bridge/src/sui_bridge_watchdog/mod.rs[0m[2m:[0m[2m47:[0m Running observable SuiBridgeStatus
[2m2025-03-25T07:57:14.920552Z[0m [32m INFO[0m [2msui_bridge::sui_bridge_watchdog[0m[2m:[0m [2mcrates/sui-bridge/src/sui_bridge_watchdog/mod.rs[0m[2m:[0m[2m47:[0m Running observable EthBridgeStatus
[2m2025-03-25T07:57:14.920578Z[0m [32m INFO[0m [2msui_bridge::sui_bridge_watchdog[0m[2m:[0m [2mcrates/sui-bridge/src/sui_bridge_watchdog/mod.rs[0m[2m:[0m[2m47:[0m Running observable EthereumVaultBalance
[2m2025-03-25T07:57:14.920559Z[0m [32m INFO[0m [2msui_bridge::sui_bridge_watchdog[0m[2m:[0m [2mcrates/sui-bridge/src/sui_bridge_watchdog/mod.rs[0m[2m:[0m[2m47:[0m Running observable EthereumVaultBalance
[2m2025-03-25T07:57:14.921241Z[0m [32m INFO[0m [1mnode[0m[1m{[0m[3mname[0m[2m=[0mk#99f25ef6..[1m}[0m[2m:[0m [2mconsensus_core::core[0m[2m:[0m [2mconsensus/core/src/core.rs[0m[2m:[0m[2m945:[0m Included 3 ancestors & excluded 0 ancestors for proposal in round 527
[2m2025-03-25T07:57:14.921316Z[0m [32m INFO[0m [1mobservable[0m[1m{[0m[3mname[0m[2m=[0m"EthereumVaultBalance"[1m}[0m[2m:[0m [2msui_bridge::sui_bridge_watchdog::eth_vault_balance[0m[2m:[0m [2mcrates/sui-bridge/src/sui_bridge_watchdog/eth_vault_balance.rs[0m[2m:[0m[2m98:[0m USDT Vault Balance: 10000000000
[2m2025-03-25T07:57:14.921392Z[0m [32m INFO[0m [1mobservable[0m[1m{[0m[3mname[0m[2m=[0m"EthBridgeStatus"[1m}[0m[2m:[0m [2msui_bridge::sui_bridge_watchdog::eth_bridge_status[0m[2m:[0m [2mcrates/sui-bridge/src/sui_bridge_watchdog/eth_bridge_status.rs[0m[2m:[0m[2m47:[0m Eth Bridge Status: false
[2m2025-03-25T07:57:14.921420Z[0m [32m INFO[0m [1mobservable[0m[1m{[0m[3mname[0m[2m=[0m"EthereumVaultBalance"[1m}[0m[2m:[0m [2msui_bridge::sui_bridge_watchdog::eth_vault_balance[0m[2m:[0m [2mcrates/sui-bridge/src/sui_bridge_watchdog/eth_vault_balance.rs[0m[2m:[0m[2m98:[0m WETH Vault Balance: 0
[2m2025-03-25T07:57:14.921534Z[0m [32m INFO[0m [1mnode[0m[1m{[0m[3mname[0m[2m=[0mk#99f25ef6..[1m}[0m[2m:[0m [2mconsensus_core::core[0m[2m:[0m [2mconsensus/core/src/core.rs[0m[2m:[0m[2m531:[0m Created block B527(B,2+bwFWp9f6UTA0/dlSbGUBD/3lzM4ugKtW+myPimGvQ=)(1742889434921ms;[B526(B,7M0J3dfw7vnXhbs/d1/FJV/eLthmxTBSvbPBv3B6+zY=), B526(A,oSeJPomZTCfL8kn9qCcH+DM0cx+qmILXRt7IqSZ5+Wk=), B526(C,B2+x3HVRKW1Ja5bo7TKRWASTt0BLLPye0OUKiaEKOOQ=)];1t;1c) for round 527
[2m2025-03-25T07:57:14.921607Z[0m [32m INFO[0m [1mnode[0m[1m{[0m[3mname[0m[2m=[0mk#99f25ef6..[1m}[0m[2m:[0m [2mconsensus_core::core[0m[2m:[0m [2mconsensus/core/src/core.rs[0m[2m:[0m[2m630:[0m Committing 1 leaders: B525(B,GLQm)
[2m2025-03-25T07:57:14.921686Z[0m [32m INFO[0m [1mnode[0m[1m{[0m[3mname[0m[2m=[0mk#99f25ef6..[1m}[0m[2m:[0m [2mconsensus_core::commit_observer[0m[2m:[0m [2mconsensus/core/src/commit_observer.rs[0m[2m:[0m[2m173:[0m Consensus commit C513(inkB) with leader B525(B,GLQm) has 3 blocks
[2m2025-03-25T07:57:14.921785Z[0m [32m INFO[0m [1mnode[0m[1m{[0m[3mname[0m[2m=[0mk#99f25ef6..[1m}[0m[2m:[0m [2msui_core::consensus_handler[0m[2m:[0m [2mcrates/sui-core/src/consensus_handler.rs[0m[2m:[0m[2m232:[0m Received consensus output [3mconsensus_commit[0m[2m=[0mCommittedSubDag(leader=B525(B,GLQm), ref=C513(inkB), blocks=[KDfB, EYWN, GLQm]) [3mepoch[0m[2m=[0m1
[2m2025-03-25T07:57:14.922339Z[0m [32m INFO[0m [1mnode[0m[1m{[0m[3mname[0m[2m=[0mk#8dcff6d1..[1m}[0m[2m:[0m [2mconsensus_core::core[0m[2m:[0m [2mconsensus/core/src/core.rs[0m[2m:[0m[2m945:[0m Included 3 ancestors & excluded 0 ancestors for proposal in round 527
[2m2025-03-25T07:57:14.922630Z[0m [32m INFO[0m [1mnode[0m[1m{[0m[3mname[0m[2m=[0mk#8dcff6d1..[1m}[0m[2m:[0m [2mconsensus_core::core[0m[2m:[0m [2mconsensus/core/src/core.rs[0m[2m:[0m[2m531:[0m Created block B527(A,inrX7NKwUEqeZs+IWLcwgX/Ie8ewCujmQeoAXO98AUI=)(1742889434922ms;[B526(A,oSeJPomZTCfL8kn9qCcH+DM0cx+qmILXRt7IqSZ5+Wk=), B526(B,7M0J3dfw7vnXhbs/d1/FJV/eLthmxTBSvbPBv3B6+zY=), B526(C,B2+x3HVRKW1Ja5bo7TKRWASTt0BLLPye0OUKiaEKOOQ=)];1t;1c) for round 527
[2m2025-03-25T07:57:14.922694Z[0m [32m INFO[0m [1mnode[0m[1m{[0m[3mname[0m[2m=[0mk#8dcff6d1..[1m}[0m[2m:[0m [2mconsensus_core::core[0m[2m:[0m [2mconsensus/core/src/core.rs[0m[2m:[0m[2m630:[0m Committing 1 leaders: B525(B,GLQm)
[2m2025-03-25T07:57:14.922767Z[0m [32m INFO[0m [1mnode[0m[1m{[0m[3mname[0m[2m=[0mk#8dcff6d1..[1m}[0m[2m:[0m [2mconsensus_core::commit_observer[0m[2m:[0m [2mconsensus/core/src/commit_observer.rs[0m[2m:[0m[2m173:[0m Consensus commit C513(inkB) with leader B525(B,GLQm) has 3 blocks
[2m2025-03-25T07:57:14.922848Z[0m [32m INFO[0m [1mnode[0m[1m{[0m[3mname[0m[2m=[0mk#8dcff6d1..[1m}[0m[2m:[0m [2msui_core::consensus_handler[0m[2m:[0m [2mcrates/sui-core/src/consensus_handler.rs[0m[2m:[0m[2m232:[0m Received consensus output [3mconsensus_commit[0m[2m=[0mCommittedSubDag(leader=B525(B,GLQm), ref=C513(inkB), blocks=[KDfB, EYWN, GLQm]) [3mepoch[0m[2m=[0m1
[2m2025-03-25T07:57:14.924225Z[0m [32m INFO[0m [1mnode[0m[1m{[0m[3mname[0m[2m=[0mk#addeef94..[1m}[0m[2m:[0m [2mconsensus_core::core[0m[2m:[0m [2mconsensus/core/src/core.rs[0m[2m:[0m[2m630:[0m Committing 1 leaders: B525(B,GLQm)
[2m2025-03-25T07:57:14.924325Z[0m [32m INFO[0m [1mnode[0m[1m{[0m[3mname[0m[2m=[0mk#addeef94..[1m}[0m[2m:[0m [2mconsensus_core::commit_observer[0m[2m:[0m [2mconsensus/core/src/commit_observer.rs[0m[2m:[0m[2m173:[0m Consensus commit C513(inkB) with leader B525(B,GLQm) has 3 blocks
[2m2025-03-25T07:57:14.924403Z[0m [32m INFO[0m [1mnode[0m[1m{[0m[3mname[0m[2m=[0mk#addeef94..[1m}[0m[2m:[0m [2msui_core::consensus_handler[0m[2m:[0m [2mcrates/sui-core/src/consensus_handler.rs[0m[2m:[0m[2m232:[0m Received consensus output [3mconsensus_commit[0m[2m=[0mCommittedSubDag(leader=B525(B,GLQm), ref=C513(inkB), blocks=[KDfB, EYWN, GLQm]) [3mepoch[0m[2m=[0m1
[2m2025-03-25T07:57:14.943392Z[0m [32m INFO[0m [2msui_bridge::sui_bridge_watchdog[0m[2m:[0m [2mcrates/sui-bridge/src/sui_bridge_watchdog/mod.rs[0m[2m:[0m[2m47:[0m Running observable SuiBridgeStatus
[2m2025-03-25T07:57:14.943392Z[0m [32m INFO[0m [2msui_bridge::sui_bridge_watchdog[0m[2m:[0m [2mcrates/sui-bridge/src/sui_bridge_watchdog/mod.rs[0m[2m:[0m[2m47:[0m Running observable EthereumVaultBalance
[2m2025-03-25T07:57:14.943416Z[0m [32m INFO[0m [2msui_bridge::sui_bridge_watchdog[0m[2m:[0m [2mcrates/sui-bridge/src/sui_bridge_watchdog/mod.rs[0m[2m:[0m[2m47:[0m Running observable EthBridgeStatus
[2m2025-03-25T07:57:14.943405Z[0m [32m INFO[0m [2msui_bridge::sui_bridge_watchdog[0m[2m:[0m [2mcrates/sui-bridge/src/sui_bridge_watchdog/mod.rs[0m[2m:[0m[2m47:[0m Running observable EthereumVaultBalance
[2m2025-03-25T07:57:14.944456Z[0m [32m INFO[0m [1mobservable[0m[1m{[0m[3mname[0m[2m=[0m"EthBridgeStatus"[1m}[0m[2m:[0m [2msui_bridge::sui_bridge_watchdog::eth_bridge_status[0m[2m:[0m [2mcrates/sui-bridge/src/sui_bridge_watchdog/eth_bridge_status.rs[0m[2m:[0m[2m47:[0m Eth Bridge Status: false
[2m2025-03-25T07:57:14.944474Z[0m [32m INFO[0m [1mobservable[0m[1m{[0m[3mname[0m[2m=[0m"EthereumVaultBalance"[1m}[0m[2m:[0m [2msui_bridge::sui_bridge_watchdog::eth_vault_balance[0m[2m:[0m [2mcrates/sui-bridge/src/sui_bridge_watchdog/eth_vault_balance.rs[0m[2m:[0m[2m98:[0m WETH Vault Balance: 0
[2m2025-03-25T07:57:14.944473Z[0m [32m INFO[0m [1mobservable[0m[1m{[0m[3mname[0m[2m=[0m"EthereumVaultBalance"[1m}[0m[2m:[0m [2msui_bridge::sui_bridge_watchdog::eth_vault_balance[0m[2m:[0m [2mcrates/sui-bridge/src/sui_bridge_watchdog/eth_vault_balance.rs[0m[2m:[0m[2m98:[0m USDT Vault Balance: 10000000000
[2m2025-03-25T07:57:14.968414Z[0m [32m INFO[0m [1mnode[0m[1m{[0m[3mname[0m[2m=[0mk#8dcff6d1..[1m}[0m[2m:[0m [2msui_core::checkpoints[0m[2m:[0m [2mcrates/sui-core/src/checkpoints/mod.rs[0m[2m:[0m[2m1326:[0m Creating checkpoint(s) for 1 transactions [3mnext_checkpoint_seq[0m[2m=[0m726 [3mcheckpoint_timestamp[0m[2m=[0m1742889434410
[2m2025-03-25T07:57:14.968650Z[0m [32m INFO[0m [1mnode[0m[1m{[0m[3mname[0m[2m=[0mk#99f25ef6..[1m}[0m[2m:[0m [2msui_core::checkpoints[0m[2m:[0m [2mcrates/sui-core/src/checkpoints/mod.rs[0m[2m:[0m[2m1326:[0m Creating checkpoint(s) for 1 transactions [3mnext_checkpoint_seq[0m[2m=[0m726 [3mcheckpoint_timestamp[0m[2m=[0m1742889434410
[2m2025-03-25T07:57:14.968667Z[0m [32m INFO[0m [1mnode[0m[1m{[0m[3mname[0m[2m=[0mk#8dcff6d1..[1m}[0m[2m:[0m [2msui_core::checkpoints::checkpoint_output[0m[2m:[0m [2mcrates/sui-core/src/checkpoints/checkpoint_output.rs[0m[2m:[0m[2m149:[0m Creating checkpoint CheckpointDigest(2tMSwdu35kAgxFKZEDmiurMYnpn5bFgKZEmnNvQyujT1) at epoch 1, sequence 726, previous digest Some(CheckpointDigest(8Va1trs3rWS4NwdcgNnDEwEE8LRvA2PhUxtUgRtY8GXt)), transactions count 1, content digest CheckpointContentsDigest(9rNVvLTpeknQt61iq5r9hG2Bu3Z1t2pjYwdNub8MktZv), end_of_epoch_data None
[2m2025-03-25T07:57:14.968819Z[0m [32m INFO[0m [1mnode[0m[1m{[0m[3mname[0m[2m=[0mk#99f25ef6..[1m}[0m[2m:[0m [2msui_core::checkpoints::checkpoint_output[0m[2m:[0m [2mcrates/sui-core/src/checkpoints/checkpoint_output.rs[0m[2m:[0m[2m149:[0m Creating checkpoint CheckpointDigest(2tMSwdu35kAgxFKZEDmiurMYnpn5bFgKZEmnNvQyujT1) at epoch 1, sequence 726, previous digest Some(CheckpointDigest(8Va1trs3rWS4NwdcgNnDEwEE8LRvA2PhUxtUgRtY8GXt)), transactions count 1, content digest CheckpointContentsDigest(9rNVvLTpeknQt61iq5r9hG2Bu3Z1t2pjYwdNub8MktZv), end_of_epoch_data None
[2m2025-03-25T07:57:14.969341Z[0m [32m INFO[0m [1mnode[0m[1m{[0m[3mname[0m[2m=[0mk#addeef94..[1m}[0m[2m:[0m [2msui_core::checkpoints[0m[2m:[0m [2mcrates/sui-core/src/checkpoints/mod.rs[0m[2m:[0m[2m1326:[0m Creating checkpoint(s) for 1 transactions [3mnext_checkpoint_seq[0m[2m=[0m726 [3mcheckpoint_timestamp[0m[2m=[0m1742889434410
[2m2025-03-25T07:57:14.969523Z[0m [32m INFO[0m [1mnode[0m[1m{[0m[3mname[0m[2m=[0mk#addeef94..[1m}[0m[2m:[0m [2msui_core::checkpoints::checkpoint_output[0m[2m:[0m [2mcrates/sui-core/src/checkpoints/checkpoint_output.rs[0m[2m:[0m[2m149:[0m Creating checkpoint CheckpointDigest(2tMSwdu35kAgxFKZEDmiurMYnpn5bFgKZEmnNvQyujT1) at epoch 1, sequence 726, previous digest Some(CheckpointDigest(8Va1trs3rWS4NwdcgNnDEwEE8LRvA2PhUxtUgRtY8GXt)), transactions count 1, content digest CheckpointContentsDigest(9rNVvLTpeknQt61iq5r9hG2Bu3Z1t2pjYwdNub8MktZv), end_of_epoch_data None
[2m2025-03-25T07:57:14.972101Z[0m [32m INFO[0m [1mnode[0m[1m{[0m[3mname[0m[2m=[0mk#8dcff6d1..[1m}[0m[2m:[0m [2msui_core::checkpoints::checkpoint_output[0m[2m:[0m [2mcrates/sui-core/src/checkpoints/checkpoint_output.rs[0m[2m:[0m[2m196:[0m Certified checkpoint with sequence 725 and digest 8Va1trs3rWS4NwdcgNnDEwEE8LRvA2PhUxtUgRtY8GXt
[2m2025-03-25T07:57:14.972104Z[0m [32m INFO[0m [1mnode[0m[1m{[0m[3mname[0m[2m=[0mk#99f25ef6..[1m}[0m[2m:[0m [2msui_core::checkpoints::checkpoint_output[0m[2m:[0m [2mcrates/sui-core/src/checkpoints/checkpoint_output.rs[0m[2m:[0m[2m196:[0m Certified checkpoint with sequence 725 and digest 8Va1trs3rWS4NwdcgNnDEwEE8LRvA2PhUxtUgRtY8GXt
[2m2025-03-25T07:57:14.975448Z[0m [32m INFO[0m [1mnode[0m[1m{[0m[3mname[0m[2m=[0mk#8dcff6d1..[1m}[0m[2m:[0m [2msui_core::checkpoints::checkpoint_executor[0m[2m:[0m [2mcrates/sui-core/src/checkpoints/checkpoint_executor/mod.rs[0m[2m:[0m[2m332:[0m Received checkpoint summary from state sync [3msequence_number[0m[2m=[0m725
[2m2025-03-25T07:57:14.977856Z[0m [32m INFO[0m [1mnode[0m[1m{[0m[3mname[0m[2m=[0mk#99f25ef6..[1m}[0m[2m:[0m [2msui_core::checkpoints::checkpoint_executor[0m[2m:[0m [2mcrates/sui-core/src/checkpoints/checkpoint_executor/mod.rs[0m[2m:[0m[2m332:[0m Received checkpoint summary from state sync [3msequence_number[0m[2m=[0m725
[2m2025-03-25T07:57:14.993146Z[0m [32m INFO[0m [1mnode[0m[1m{[0m[3mname[0m[2m=[0mk#8dcff6d1..[1m}[0m[2m:[0m [2msui_core::state_accumulator[0m[2m:[0m [2mcrates/sui-core/src/state_accumulator.rs[0m[2m:[0m[2m675:[0m accumulating running root for checkpoint 725
[2m2025-03-25T07:57:14.993152Z[0m [32m INFO[0m [1mnode[0m[1m{[0m[3mname[0m[2m=[0mk#99f25ef6..[1m}[0m[2m:[0m [2msui_core::state_accumulator[0m[2m:[0m [2mcrates/sui-core/src/state_accumulator.rs[0m[2m:[0m[2m675:[0m accumulating running root for checkpoint 725
[2m2025-03-25T07:57:15.038436Z[0m [32m INFO[0m [1mnode[0m[1m{[0m[3mname[0m[2m=[0mk#addeef94..[1m}[0m[2m:[0m [2msui_core::checkpoints::checkpoint_executor[0m[2m:[0m [2mcrates/sui-core/src/checkpoints/checkpoint_executor/mod.rs[0m[2m:[0m[2m332:[0m Received checkpoint summary from state sync [3msequence_number[0m[2m=[0m725
[2m2025-03-25T07:57:15.039809Z[0m [32m INFO[0m [1mnode[0m[1m{[0m[3mname[0m[2m=[0mk#addeef94..[1m}[0m[2m:[0m [2msui_core::state_accumulator[0m[2m:[0m [2mcrates/sui-core/src/state_accumulator.rs[0m[2m:[0m[2m675:[0m accumulating running root for checkpoint 725
[2m2025-03-25T07:57:15.173610Z[0m [32m INFO[0m [1mnode[0m[1m{[0m[3mname[0m[2m=[0mk#99f25ef6..[1m}[0m[2m:[0m [2mconsensus_core::core[0m[2m:[0m [2mconsensus/core/src/core.rs[0m[2m:[0m[2m945:[0m Included 3 ancestors & excluded 0 ancestors for proposal in round 528
[2m2025-03-25T07:57:15.174013Z[0m [32m INFO[0m [1mnode[0m[1m{[0m[3mname[0m[2m=[0mk#99f25ef6..[1m}[0m[2m:[0m [2mconsensus_core::core[0m[2m:[0m [2mconsensus/core/src/core.rs[0m[2m:[0m[2m531:[0m Created block B528(B,wpafxKMyOU1JHISg0aPb/gsUJyQSeDUThXjJKDglPms=)(1742889435173ms;[B527(B,2+bwFWp9f6UTA0/dlSbGUBD/3lzM4ugKtW+myPimGvQ=), B527(A,inrX7NKwUEqeZs+IWLcwgX/Ie8ewCujmQeoAXO98AUI=), B527(C,/4E82T/0DxHizp4Z8/lb1cEwrDjDNfvK7xhfgnSLpnk=)];1t;1c) for round 528
[2m2025-03-25T07:57:15.175772Z[0m [32m INFO[0m [1mnode[0m[1m{[0m[3mname[0m[2m=[0mk#8dcff6d1..[1m}[0m[2m:[0m [2mconsensus_core::core[0m[2m:[0m [2mconsensus/core/src/core.rs[0m[2m:[0m[2m945:[0m Included 3 ancestors & excluded 0 ancestors for proposal in round 528
[2m2025-03-25T07:57:15.176171Z[0m [32m INFO[0m [1mnode[0m[1m{[0m[3mname[0m[2m=[0mk#8dcff6d1..[1m}[0m[2m:[0m [2mconsensus_core::core[0m[2m:[0m [2mconsensus/core/src/core.rs[0m[2m:[0m[2m531:[0m Created block B528(A,x+VTOAGuKKwMKBBId3HcfBz59RYU/Or6LOqa7yEbK9k=)(1742889435176ms;[B527(A,inrX7NKwUEqeZs+IWLcwgX/Ie8ewCujmQeoAXO98AUI=), B527(B,2+bwFWp9f6UTA0/dlSbGUBD/3lzM4ugKtW+myPimGvQ=), B527(C,/4E82T/0DxHizp4Z8/lb1cEwrDjDNfvK7xhfgnSLpnk=)];1t;1c) for round 528
[2m2025-03-25T07:57:15.176587Z[0m [32m INFO[0m [1mnode[0m[1m{[0m[3mname[0m[2m=[0mk#addeef94..[1m}[0m[2m:[0m [2mconsensus_core::core[0m[2m:[0m [2mconsensus/core/src/core.rs[0m[2m:[0m[2m945:[0m Included 3 ancestors & excluded 0 ancestors for proposal in round 528
[2m2025-03-25T07:57:15.176901Z[0m [32m INFO[0m [1mnode[0m[1m{[0m[3mname[0m[2m=[0mk#addeef94..[1m}[0m[2m:[0m [2mconsensus_core::core[0m[2m:[0m [2mconsensus/core/src/core.rs[0m[2m:[0m[2m531:[0m Created block B528(C,TQ/eKFy2RLQaXzGTNGEXHuYVjjy4g68NwvK/o5KdjAo=)(1742889435176ms;[B527(C,/4E82T/0DxHizp4Z8/lb1cEwrDjDNfvK7xhfgnSLpnk=), B527(A,inrX7NKwUEqeZs+IWLcwgX/Ie8ewCujmQeoAXO98AUI=), B527(B,2+bwFWp9f6UTA0/dlSbGUBD/3lzM4ugKtW+myPimGvQ=)];1t;1c) for round 528
[2m2025-03-25T07:57:15.176977Z[0m [32m INFO[0m [1mnode[0m[1m{[0m[3mname[0m[2m=[0mk#addeef94..[1m}[0m[2m:[0m [2mconsensus_core::core[0m[2m:[0m [2mconsensus/core/src/core.rs[0m[2m:[0m[2m630:[0m Committing 1 leaders: B526(C,B2+x)
[2m2025-03-25T07:57:15.177057Z[0m [32m INFO[0m [1mnode[0m[1m{[0m[3mname[0m[2m=[0mk#addeef94..[1m}[0m[2m:[0m [2mconsensus_core::commit_observer[0m[2m:[0m [2mconsensus/core/src/commit_observer.rs[0m[2m:[0m[2m173:[0m Consensus commit C514(1S35) with leader B526(C,B2+x) has 3 blocks
[2m2025-03-25T07:57:15.177212Z[0m [32m INFO[0m [1mnode[0m[1m{[0m[3mname[0m[2m=[0mk#addeef94..[1m}[0m[2m:[0m [2msui_core::consensus_handler[0m[2m:[0m [2mcrates/sui-core/src/consensus_handler.rs[0m[2m:[0m[2m232:[0m Received consensus output [3mconsensus_commit[0m[2m=[0mCommittedSubDag(leader=B526(C,B2+x), ref=C514(1S35), blocks=[uc4l, k4is, B2+x]) [3mepoch[0m[2m=[0m1
[2m2025-03-25T07:57:15.180377Z[0m [32m INFO[0m [1mnode[0m[1m{[0m[3mname[0m[2m=[0mk#8dcff6d1..[1m}[0m[2m:[0m [2msui_core::checkpoints::checkpoint_output[0m[2m:[0m [2mcrates/sui-core/src/checkpoints/checkpoint_output.rs[0m[2m:[0m[2m196:[0m Certified checkpoint with sequence 726 and digest 2tMSwdu35kAgxFKZEDmiurMYnpn5bFgKZEmnNvQyujT1
[2m2025-03-25T07:57:15.180472Z[0m [32m INFO[0m [1mnode[0m[1m{[0m[3mname[0m[2m=[0mk#99f25ef6..[1m}[0m[2m:[0m [2msui_core::checkpoints::checkpoint_output[0m[2m:[0m [2mcrates/sui-core/src/checkpoints/checkpoint_output.rs[0m[2m:[0m[2m196:[0m Certified checkpoint with sequence 726 and digest 2tMSwdu35kAgxFKZEDmiurMYnpn5bFgKZEmnNvQyujT1
[2m2025-03-25T07:57:15.180498Z[0m [32m INFO[0m [1mnode[0m[1m{[0m[3mname[0m[2m=[0mk#8dcff6d1..[1m}[0m[2m:[0m [2mconsensus_core::core[0m[2m:[0m [2mconsensus/core/src/core.rs[0m[2m:[0m[2m630:[0m Committing 1 leaders: B526(C,B2+x)
[2m2025-03-25T07:57:15.180572Z[0m [32m INFO[0m [1mnode[0m[1m{[0m[3mname[0m[2m=[0mk#99f25ef6..[1m}[0m[2m:[0m [2mconsensus_core::core[0m[2m:[0m [2mconsensus/core/src/core.rs[0m[2m:[0m[2m630:[0m Committing 1 leaders: B526(C,B2+x)
[2m2025-03-25T07:57:15.180623Z[0m [32m INFO[0m [1mnode[0m[1m{[0m[3mname[0m[2m=[0mk#8dcff6d1..[1m}[0m[2m:[0m [2mconsensus_core::commit_observer[0m[2m:[0m [2mconsensus/core/src/commit_observer.rs[0m[2m:[0m[2m173:[0m Consensus commit C514(1S35) with leader B526(C,B2+x) has 3 blocks
[2m2025-03-25T07:57:15.180685Z[0m [32m INFO[0m [1mnode[0m[1m{[0m[3mname[0m[2m=[0mk#99f25ef6..[1m}[0m[2m:[0m [2mconsensus_core::commit_observer[0m[2m:[0m [2mconsensus/core/src/commit_observer.rs[0m[2m:[0m[2m173:[0m Consensus commit C514(1S35) with leader B526(C,B2+x) has 3 blocks
[2m2025-03-25T07:57:15.181049Z[0m [32m INFO[0m [1mnode[0m[1m{[0m[3mname[0m[2m=[0mk#99f25ef6..[1m}[0m[2m:[0m [2msui_core::consensus_handler[0m[2m:[0m [2mcrates/sui-core/src/consensus_handler.rs[0m[2m:[0m[2m232:[0m Received consensus output [3mconsensus_commit[0m[2m=[0mCommittedSubDag(leader=B526(C,B2+x), ref=C514(1S35), blocks=[uc4l, k4is, B2+x]) [3mepoch[0m[2m=[0m1
[2m2025-03-25T07:57:15.181050Z[0m [32m INFO[0m [1mnode[0m[1m{[0m[3mname[0m[2m=[0mk#8dcff6d1..[1m}[0m[2m:[0m [2msui_core::consensus_handler[0m[2m:[0m [2mcrates/sui-core/src/consensus_handler.rs[0m[2m:[0m[2m232:[0m Received consensus output [3mconsensus_commit[0m[2m=[0mCommittedSubDag(leader=B526(C,B2+x), ref=C514(1S35), blocks=[uc4l, k4is, B2+x]) [3mepoch[0m[2m=[0m1
[2m2025-03-25T07:57:15.181636Z[0m [32m INFO[0m [1mnode[0m[1m{[0m[3mname[0m[2m=[0mk#99f25ef6..[1m}[0m[2m:[0m [2msui_core::checkpoints::checkpoint_executor[0m[2m:[0m [2mcrates/sui-core/src/checkpoints/checkpoint_executor/mod.rs[0m[2m:[0m[2m332:[0m Received checkpoint summary from state sync [3msequence_number[0m[2m=[0m726
[2m2025-03-25T07:57:15.181638Z[0m [32m INFO[0m [1mnode[0m[1m{[0m[3mname[0m[2m=[0mk#8dcff6d1..[1m}[0m[2m:[0m [2msui_core::checkpoints::checkpoint_executor[0m[2m:[0m [2mcrates/sui-core/src/checkpoints/checkpoint_executor/mod.rs[0m[2m:[0m[2m332:[0m Received checkpoint summary from state sync [3msequence_number[0m[2m=[0m726
[2m2025-03-25T07:57:15.183121Z[0m [32m INFO[0m [1mnode[0m[1m{[0m[3mname[0m[2m=[0mk#99f25ef6..[1m}[0m[2m:[0m [2msui_core::state_accumulator[0m[2m:[0m [2mcrates/sui-core/src/state_accumulator.rs[0m[2m:[0m[2m675:[0m accumulating running root for checkpoint 726
[2m2025-03-25T07:57:15.183126Z[0m [32m INFO[0m [1mnode[0m[1m{[0m[3mname[0m[2m=[0mk#8dcff6d1..[1m}[0m[2m:[0m [2msui_core::state_accumulator[0m[2m:[0m [2mcrates/sui-core/src/state_accumulator.rs[0m[2m:[0m[2m675:[0m accumulating running root for checkpoint 726
[2m2025-03-25T07:57:15.204082Z[0m [32m INFO[0m [1mnode[0m[1m{[0m[3mname[0m[2m=[0mk#addeef94..[1m}[0m[2m:[0m [2msui_core::checkpoints[0m[2m:[0m [2mcrates/sui-core/src/checkpoints/mod.rs[0m[2m:[0m[2m1326:[0m Creating checkpoint(s) for 2 transactions [3mnext_checkpoint_seq[0m[2m=[0m727 [3mcheckpoint_timestamp[0m[2m=[0m1742889434666
[2m2025-03-25T07:57:15.204391Z[0m [32m INFO[0m [1mnode[0m[1m{[0m[3mname[0m[2m=[0mk#addeef94..[1m}[0m[2m:[0m [2msui_core::checkpoints::checkpoint_output[0m[2m:[0m [2mcrates/sui-core/src/checkpoints/checkpoint_output.rs[0m[2m:[0m[2m149:[0m Creating checkpoint CheckpointDigest(AtVQpVddMLy3rnpzKHCGGRs9xMwQrHR1dqNqkMvVX7MK) at epoch 1, sequence 727, previous digest Some(CheckpointDigest(2tMSwdu35kAgxFKZEDmiurMYnpn5bFgKZEmnNvQyujT1)), transactions count 2, content digest CheckpointContentsDigest(8DVtRZaNcyjg3uAHHoukthXyB9tAQchQUdfuhXTRrSHb), end_of_epoch_data None
[2m2025-03-25T07:57:15.208740Z[0m [32m INFO[0m [1mnode[0m[1m{[0m[3mname[0m[2m=[0mk#8dcff6d1..[1m}[0m[2m:[0m [2msui_core::checkpoints[0m[2m:[0m [2mcrates/sui-core/src/checkpoints/mod.rs[0m[2m:[0m[2m1326:[0m Creating checkpoint(s) for 2 transactions [3mnext_checkpoint_seq[0m[2m=[0m727 [3mcheckpoint_timestamp[0m[2m=[0m1742889434666
[2m2025-03-25T07:57:15.208742Z[0m [32m INFO[0m [1mnode[0m[1m{[0m[3mname[0m[2m=[0mk#99f25ef6..[1m}[0m[2m:[0m [2msui_core::checkpoints[0m[2m:[0m [2mcrates/sui-core/src/checkpoints/mod.rs[0m[2m:[0m[2m1326:[0m Creating checkpoint(s) for 2 transactions [3mnext_checkpoint_seq[0m[2m=[0m727 [3mcheckpoint_timestamp[0m[2m=[0m1742889434666
[2m2025-03-25T07:57:15.209019Z[0m [32m INFO[0m [1mnode[0m[1m{[0m[3mname[0m[2m=[0mk#8dcff6d1..[1m}[0m[2m:[0m [2msui_core::checkpoints::checkpoint_output[0m[2m:[0m [2mcrates/sui-core/src/checkpoints/checkpoint_output.rs[0m[2m:[0m[2m149:[0m Creating checkpoint CheckpointDigest(AtVQpVddMLy3rnpzKHCGGRs9xMwQrHR1dqNqkMvVX7MK) at epoch 1, sequence 727, previous digest Some(CheckpointDigest(2tMSwdu35kAgxFKZEDmiurMYnpn5bFgKZEmnNvQyujT1)), transactions count 2, content digest CheckpointContentsDigest(8DVtRZaNcyjg3uAHHoukthXyB9tAQchQUdfuhXTRrSHb), end_of_epoch_data None
[2m2025-03-25T07:57:15.209019Z[0m [32m INFO[0m [1mnode[0m[1m{[0m[3mname[0m[2m=[0mk#99f25ef6..[1m}[0m[2m:[0m [2msui_core::checkpoints::checkpoint_output[0m[2m:[0m [2mcrates/sui-core/src/checkpoints/checkpoint_output.rs[0m[2m:[0m[2m149:[0m Creating checkpoint CheckpointDigest(AtVQpVddMLy3rnpzKHCGGRs9xMwQrHR1dqNqkMvVX7MK) at epoch 1, sequence 727, previous digest Some(CheckpointDigest(2tMSwdu35kAgxFKZEDmiurMYnpn5bFgKZEmnNvQyujT1)), transactions count 2, content digest CheckpointContentsDigest(8DVtRZaNcyjg3uAHHoukthXyB9tAQchQUdfuhXTRrSHb), end_of_epoch_data None
[2m2025-03-25T07:57:15.210044Z[0m [32m INFO[0m [1mnode[0m[1m{[0m[3mname[0m[2m=[0mk#addeef94..[1m}[0m[2m:[0m [2msui_core::checkpoints::checkpoint_executor[0m[2m:[0m [2mcrates/sui-core/src/checkpoints/checkpoint_executor/mod.rs[0m[2m:[0m[2m332:[0m Received checkpoint summary from state sync [3msequence_number[0m[2m=[0m726
[2m2025-03-25T07:57:15.210921Z[0m [32m INFO[0m [1mnode[0m[1m{[0m[3mname[0m[2m=[0mk#addeef94..[1m}[0m[2m:[0m [2msui_core::state_accumulator[0m[2m:[0m [2mcrates/sui-core/src/state_accumulator.rs[0m[2m:[0m[2m675:[0m accumulating running root for checkpoint 726
[2m2025-03-25T07:57:15.305067Z[0m [32m INFO[0m [1mnode[0m[1m{[0m[3mname[0m[2m=[0mk#8dcff6d1..[1m}[0m[2m:[0m [2mconsensus_core::commit_syncer[0m[2m:[0m [2mconsensus/core/src/commit_syncer.rs[0m[2m:[0m[2m196:[0m Checking to schedule fetches: synced_commit_index=514, highest_handled_index=514, highest_scheduled_index=0, quorum_commit_index=513, unhandled_commits_threshold=3200
[2m2025-03-25T07:57:15.327055Z[0m [32m INFO[0m [1mnode[0m[1m{[0m[3mname[0m[2m=[0mk#addeef94..[1m}[0m[2m:[0m [2mconsensus_core::commit_syncer[0m[2m:[0m [2mconsensus/core/src/commit_syncer.rs[0m[2m:[0m[2m196:[0m Checking to schedule fetches: synced_commit_index=514, highest_handled_index=514, highest_scheduled_index=0, quorum_commit_index=0, unhandled_commits_threshold=3200
[2m2025-03-25T07:57:15.330793Z[0m [32m INFO[0m [1mnode[0m[1m{[0m[3mname[0m[2m=[0mk#99f25ef6..[1m}[0m[2m:[0m [2mconsensus_core::commit_syncer[0m[2m:[0m [2mconsensus/core/src/commit_syncer.rs[0m[2m:[0m[2m196:[0m Checking to schedule fetches: synced_commit_index=514, highest_handled_index=514, highest_scheduled_index=0, quorum_commit_index=513, unhandled_commits_threshold=3200
[2m2025-03-25T07:57:15.429771Z[0m [32m INFO[0m [1mnode[0m[1m{[0m[3mname[0m[2m=[0mk#addeef94..[1m}[0m[2m:[0m [2mconsensus_core::core[0m[2m:[0m [2mconsensus/core/src/core.rs[0m[2m:[0m[2m945:[0m Included 3 ancestors & excluded 0 ancestors for proposal in round 529
[2m2025-03-25T07:57:15.430163Z[0m [32m INFO[0m [1mnode[0m[1m{[0m[3mname[0m[2m=[0mk#addeef94..[1m}[0m[2m:[0m [2mconsensus_core::core[0m[2m:[0m [2mconsensus/core/src/core.rs[0m[2m:[0m[2m531:[0m Created block B529(C,flZc4X+lmc4LG5rf+6QZrCF429AuhIUo0I3CHJFAmC4=)(1742889435430ms;[B528(C,TQ/eKFy2RLQaXzGTNGEXHuYVjjy4g68NwvK/o5KdjAo=), B528(A,x+VTOAGuKKwMKBBId3HcfBz59RYU/Or6LOqa7yEbK9k=), B528(B,wpafxKMyOU1JHISg0aPb/gsUJyQSeDUThXjJKDglPms=)];1t;1c) for round 529
[2m2025-03-25T07:57:15.432074Z[0m [32m INFO[0m [1mnode[0m[1m{[0m[3mname[0m[2m=[0mk#99f25ef6..[1m}[0m[2m:[0m [2mconsensus_core::core[0m[2m:[0m [2mconsensus/core/src/core.rs[0m[2m:[0m[2m945:[0m Included 3 ancestors & excluded 0 ancestors for proposal in round 529
[2m2025-03-25T07:57:15.432074Z[0m [32m INFO[0m [1mnode[0m[1m{[0m[3mname[0m[2m=[0mk#8dcff6d1..[1m}[0m[2m:[0m [2mconsensus_core::core[0m[2m:[0m [2mconsensus/core/src/core.rs[0m[2m:[0m[2m945:[0m Included 3 ancestors & excluded 0 ancestors for proposal in round 529
[2m2025-03-25T07:57:15.432359Z[0m [32m INFO[0m [1mnode[0m[1m{[0m[3mname[0m[2m=[0mk#99f25ef6..[1m}[0m[2m:[0m [2mconsensus_core::core[0m[2m:[0m [2mconsensus/core/src/core.rs[0m[2m:[0m[2m531:[0m Created block B529(B,AgEOxitKfMjVJdQN6ZtfniYJW/SSH28wVmoCtE+j5Bc=)(1742889435432ms;[B528(B,wpafxKMyOU1JHISg0aPb/gsUJyQSeDUThXjJKDglPms=), B528(A,x+VTOAGuKKwMKBBId3HcfBz59RYU/Or6LOqa7yEbK9k=), B528(C,TQ/eKFy2RLQaXzGTNGEXHuYVjjy4g68NwvK/o5KdjAo=)];1t;1c) for round 529
[2m2025-03-25T07:57:15.432366Z[0m [32m INFO[0m [1mnode[0m[1m{[0m[3mname[0m[2m=[0mk#8dcff6d1..[1m}[0m[2m:[0m [2mconsensus_core::core[0m[2m:[0m [2mconsensus/core/src/core.rs[0m[2m:[0m[2m531:[0m Created block B529(A,fN9z3Q19FJoU7Xf0RXcZjGoOOUXhFiLTc+nJMCLVFAI=)(1742889435432ms;[B528(A,x+VTOAGuKKwMKBBId3HcfBz59RYU/Or6LOqa7yEbK9k=), B528(B,wpafxKMyOU1JHISg0aPb/gsUJyQSeDUThXjJKDglPms=), B528(C,TQ/eKFy2RLQaXzGTNGEXHuYVjjy4g68NwvK/o5KdjAo=)];1t;1c) for round 529
[2m2025-03-25T07:57:15.432428Z[0m [32m INFO[0m [1mnode[0m[1m{[0m[3mname[0m[2m=[0mk#8dcff6d1..[1m}[0m[2m:[0m [2mconsensus_core::core[0m[2m:[0m [2mconsensus/core/src/core.rs[0m[2m:[0m[2m630:[0m Committing 1 leaders: B527(C,/4E8)
[2m2025-03-25T07:57:15.432428Z[0m [32m INFO[0m [1mnode[0m[1m{[0m[3mname[0m[2m=[0mk#99f25ef6..[1m}[0m[2m:[0m [2mconsensus_core::core[0m[2m:[0m [2mconsensus/core/src/core.rs[0m[2m:[0m[2m630:[0m Committing 1 leaders: B527(C,/4E8)
[2m2025-03-25T07:57:15.432506Z[0m [32m INFO[0m [1mnode[0m[1m{[0m[3mname[0m[2m=[0mk#8dcff6d1..[1m}[0m[2m:[0m [2mconsensus_core::commit_observer[0m[2m:[0m [2mconsensus/core/src/commit_observer.rs[0m[2m:[0m[2m173:[0m Consensus commit C515(Wwgd) with leader B527(C,/4E8) has 3 blocks
[2m2025-03-25T07:57:15.432506Z[0m [32m INFO[0m [1mnode[0m[1m{[0m[3mname[0m[2m=[0mk#99f25ef6..[1m}[0m[2m:[0m [2mconsensus_core::commit_observer[0m[2m:[0m [2mconsensus/core/src/commit_observer.rs[0m[2m:[0m[2m173:[0m Consensus commit C515(Wwgd) with leader B527(C,/4E8) has 3 blocks
[2m2025-03-25T07:57:15.432595Z[0m [32m INFO[0m [1mnode[0m[1m{[0m[3mname[0m[2m=[0mk#8dcff6d1..[1m}[0m[2m:[0m [2msui_core::consensus_handler[0m[2m:[0m [2mcrates/sui-core/src/consensus_handler.rs[0m[2m:[0m[2m232:[0m Received consensus output [3mconsensus_commit[0m[2m=[0mCommittedSubDag(leader=B527(C,/4E8), ref=C515(Wwgd), blocks=[oSeJ, 7M0J, /4E8]) [3mepoch[0m[2m=[0m1
[2m2025-03-25T07:57:15.432595Z[0m [32m INFO[0m [1mnode[0m[1m{[0m[3mname[0m[2m=[0mk#99f25ef6..[1m}[0m[2m:[0m [2msui_core::consensus_handler[0m[2m:[0m [2mcrates/sui-core/src/consensus_handler.rs[0m[2m:[0m[2m232:[0m Received consensus output [3mconsensus_commit[0m[2m=[0mCommittedSubDag(leader=B527(C,/4E8), ref=C515(Wwgd), blocks=[oSeJ, 7M0J, /4E8]) [3mepoch[0m[2m=[0m1
[2m2025-03-25T07:57:15.436366Z[0m [32m INFO[0m [1mnode[0m[1m{[0m[3mname[0m[2m=[0mk#addeef94..[1m}[0m[2m:[0m [2mconsensus_core::core[0m[2m:[0m [2mconsensus/core/src/core.rs[0m[2m:[0m[2m630:[0m Committing 1 leaders: B527(C,/4E8)
[2m2025-03-25T07:57:15.436470Z[0m [32m INFO[0m [1mnode[0m[1m{[0m[3mname[0m[2m=[0mk#addeef94..[1m}[0m[2m:[0m [2mconsensus_core::commit_observer[0m[2m:[0m [2mconsensus/core/src/commit_observer.rs[0m[2m:[0m[2m173:[0m Consensus commit C515(Wwgd) with leader B527(C,/4E8) has 3 blocks
[2m2025-03-25T07:57:15.436608Z[0m [32m INFO[0m [1mnode[0m[1m{[0m[3mname[0m[2m=[0mk#addeef94..[1m}[0m[2m:[0m [2msui_core::consensus_handler[0m[2m:[0m [2mcrates/sui-core/src/consensus_handler.rs[0m[2m:[0m[2m232:[0m Received consensus output [3mconsensus_commit[0m[2m=[0mCommittedSubDag(leader=B527(C,/4E8), ref=C515(Wwgd), blocks=[oSeJ, 7M0J, /4E8]) [3mepoch[0m[2m=[0m1
[2m2025-03-25T07:57:15.478629Z[0m [32m INFO[0m [1mnode[0m[1m{[0m[3mname[0m[2m=[0mk#99f25ef6..[1m}[0m[2m:[0m [2msui_core::checkpoints[0m[2m:[0m [2mcrates/sui-core/src/checkpoints/mod.rs[0m[2m:[0m[2m1326:[0m Creating checkpoint(s) for 1 transactions [3mnext_checkpoint_seq[0m[2m=[0m728 [3mcheckpoint_timestamp[0m[2m=[0m1742889434919
[2m2025-03-25T07:57:15.478629Z[0m [32m INFO[0m [1mnode[0m[1m{[0m[3mname[0m[2m=[0mk#8dcff6d1..[1m}[0m[2m:[0m [2msui_core::checkpoints[0m[2m:[0m [2mcrates/sui-core/src/checkpoints/mod.rs[0m[2m:[0m[2m1326:[0m Creating checkpoint(s) for 1 transactions [3mnext_checkpoint_seq[0m[2m=[0m728 [3mcheckpoint_timestamp[0m[2m=[0m1742889434919
[2m2025-03-25T07:57:15.478864Z[0m [32m INFO[0m [1mnode[0m[1m{[0m[3mname[0m[2m=[0mk#99f25ef6..[1m}[0m[2m:[0m [2msui_core::checkpoints::checkpoint_output[0m[2m:[0m [2mcrates/sui-core/src/checkpoints/checkpoint_output.rs[0m[2m:[0m[2m149:[0m Creating checkpoint CheckpointDigest(575a1LsX72TCfkVSP9ewt4a4wNKVy1PMHzcNNSQofYPN) at epoch 1, sequence 728, previous digest Some(CheckpointDigest(AtVQpVddMLy3rnpzKHCGGRs9xMwQrHR1dqNqkMvVX7MK)), transactions count 1, content digest CheckpointContentsDigest(E4RiVtkwbAGYtZTWAn85EVVyuyf8F9N7WQx4vVWqiC53), end_of_epoch_data None
[2m2025-03-25T07:57:15.478864Z[0m [32m INFO[0m [1mnode[0m[1m{[0m[3mname[0m[2m=[0mk#8dcff6d1..[1m}[0m[2m:[0m [2msui_core::checkpoints::checkpoint_output[0m[2m:[0m [2mcrates/sui-core/src/checkpoints/checkpoint_output.rs[0m[2m:[0m[2m149:[0m Creating checkpoint CheckpointDigest(575a1LsX72TCfkVSP9ewt4a4wNKVy1PMHzcNNSQofYPN) at epoch 1, sequence 728, previous digest Some(CheckpointDigest(AtVQpVddMLy3rnpzKHCGGRs9xMwQrHR1dqNqkMvVX7MK)), transactions count 1, content digest CheckpointContentsDigest(E4RiVtkwbAGYtZTWAn85EVVyuyf8F9N7WQx4vVWqiC53), end_of_epoch_data None
[2m2025-03-25T07:57:15.481030Z[0m [32m INFO[0m [1mnode[0m[1m{[0m[3mname[0m[2m=[0mk#addeef94..[1m}[0m[2m:[0m [2msui_core::checkpoints[0m[2m:[0m [2mcrates/sui-core/src/checkpoints/mod.rs[0m[2m:[0m[2m1326:[0m Creating checkpoint(s) for 1 transactions [3mnext_checkpoint_seq[0m[2m=[0m728 [3mcheckpoint_timestamp[0m[2m=[0m1742889434919
[2m2025-03-25T07:57:15.481207Z[0m [32m INFO[0m [1mnode[0m[1m{[0m[3mname[0m[2m=[0mk#addeef94..[1m}[0m[2m:[0m [2msui_core::checkpoints::checkpoint_output[0m[2m:[0m [2mcrates/sui-core/src/checkpoints/checkpoint_output.rs[0m[2m:[0m[2m149:[0m Creating checkpoint CheckpointDigest(575a1LsX72TCfkVSP9ewt4a4wNKVy1PMHzcNNSQofYPN) at epoch 1, sequence 728, previous digest Some(CheckpointDigest(AtVQpVddMLy3rnpzKHCGGRs9xMwQrHR1dqNqkMvVX7MK)), transactions count 1, content digest CheckpointContentsDigest(E4RiVtkwbAGYtZTWAn85EVVyuyf8F9N7WQx4vVWqiC53), end_of_epoch_data None
[2m2025-03-25T07:57:15.482180Z[0m [32m INFO[0m [1mnode[0m[1m{[0m[3mname[0m[2m=[0mk#8dcff6d1..[1m}[0m[2m:[0m [2msui_core::checkpoints::checkpoint_output[0m[2m:[0m [2mcrates/sui-core/src/checkpoints/checkpoint_output.rs[0m[2m:[0m[2m196:[0m Certified checkpoint with sequence 727 and digest AtVQpVddMLy3rnpzKHCGGRs9xMwQrHR1dqNqkMvVX7MK
[2m2025-03-25T07:57:15.482183Z[0m [32m INFO[0m [1mnode[0m[1m{[0m[3mname[0m[2m=[0mk#99f25ef6..[1m}[0m[2m:[0m [2msui_core::checkpoints::checkpoint_output[0m[2m:[0m [2mcrates/sui-core/src/checkpoints/checkpoint_output.rs[0m[2m:[0m[2m196:[0m Certified checkpoint with sequence 727 and digest AtVQpVddMLy3rnpzKHCGGRs9xMwQrHR1dqNqkMvVX7MK
[2m2025-03-25T07:57:15.487769Z[0m [32m INFO[0m [1mnode[0m[1m{[0m[3mname[0m[2m=[0mk#99f25ef6..[1m}[0m[2m:[0m [2msui_core::checkpoints::checkpoint_executor[0m[2m:[0m [2mcrates/sui-core/src/checkpoints/checkpoint_executor/mod.rs[0m[2m:[0m[2m332:[0m Received checkpoint summary from state sync [3msequence_number[0m[2m=[0m727
[2m2025-03-25T07:57:15.501603Z[0m [32m INFO[0m [1mnode[0m[1m{[0m[3mname[0m[2m=[0mk#8dcff6d1..[1m}[0m[2m:[0m [2msui_core::checkpoints::checkpoint_executor[0m[2m:[0m [2mcrates/sui-core/src/checkpoints/checkpoint_executor/mod.rs[0m[2m:[0m[2m332:[0m Received checkpoint summary from state sync [3msequence_number[0m[2m=[0m727
[2m2025-03-25T07:57:15.503247Z[0m [32m INFO[0m [1mnode[0m[1m{[0m[3mname[0m[2m=[0mk#99f25ef6..[1m}[0m[2m:[0m [2msui_core::state_accumulator[0m[2m:[0m [2mcrates/sui-core/src/state_accumulator.rs[0m[2m:[0m[2m675:[0m accumulating running root for checkpoint 727
[2m2025-03-25T07:57:15.503248Z[0m [32m INFO[0m [1mnode[0m[1m{[0m[3mname[0m[2m=[0mk#8dcff6d1..[1m}[0m[2m:[0m [2msui_core::state_accumulator[0m[2m:[0m [2mcrates/sui-core/src/state_accumulator.rs[0m[2m:[0m[2m675:[0m accumulating running root for checkpoint 727
[2m2025-03-25T07:57:15.548016Z[0m [32m INFO[0m [1mnode[0m[1m{[0m[3mname[0m[2m=[0mk#addeef94..[1m}[0m[2m:[0m [2msui_core::checkpoints::checkpoint_executor[0m[2m:[0m [2mcrates/sui-core/src/checkpoints/checkpoint_executor/mod.rs[0m[2m:[0m[2m332:[0m Received checkpoint summary from state sync [3msequence_number[0m[2m=[0m727
[2m2025-03-25T07:57:15.549352Z[0m [32m INFO[0m [1mnode[0m[1m{[0m[3mname[0m[2m=[0mk#addeef94..[1m}[0m[2m:[0m [2msui_core::state_accumulator[0m[2m:[0m [2mcrates/sui-core/src/state_accumulator.rs[0m[2m:[0m[2m675:[0m accumulating running root for checkpoint 727
[2m2025-03-25T07:57:15.684241Z[0m [32m INFO[0m [1mnode[0m[1m{[0m[3mname[0m[2m=[0mk#99f25ef6..[1m}[0m[2m:[0m [2mconsensus_core::core[0m[2m:[0m [2mconsensus/core/src/core.rs[0m[2m:[0m[2m945:[0m Included 3 ancestors & excluded 0 ancestors for proposal in round 530
[2m2025-03-25T07:57:15.684601Z[0m [32m INFO[0m [1mnode[0m[1m{[0m[3mname[0m[2m=[0mk#99f25ef6..[1m}[0m[2m:[0m [2mconsensus_core::core[0m[2m:[0m [2mconsensus/core/src/core.rs[0m[2m:[0m[2m531:[0m Created block B530(B,NzbAzPlif5vhoTwKIS0MpMUqwu0B+d+AjiWkc2FfkPs=)(1742889435684ms;[B529(B,AgEOxitKfMjVJdQN6ZtfniYJW/SSH28wVmoCtE+j5Bc=), B529(A,fN9z3Q19FJoU7Xf0RXcZjGoOOUXhFiLTc+nJMCLVFAI=), B529(C,flZc4X+lmc4LG5rf+6QZrCF429AuhIUo0I3CHJFAmC4=)];1t;1c) for round 530
[2m2025-03-25T07:57:15.684768Z[0m [32m INFO[0m [1mnode[0m[1m{[0m[3mname[0m[2m=[0mk#8dcff6d1..[1m}[0m[2m:[0m [2mconsensus_core::core[0m[2m:[0m [2mconsensus/core/src/core.rs[0m[2m:[0m[2m945:[0m Included 3 ancestors & excluded 0 ancestors for proposal in round 530
[2m2025-03-25T07:57:15.685066Z[0m [32m INFO[0m [1mnode[0m[1m{[0m[3mname[0m[2m=[0mk#8dcff6d1..[1m}[0m[2m:[0m [2mconsensus_core::core[0m[2m:[0m [2mconsensus/core/src/core.rs[0m[2m:[0m[2m531:[0m Created block B530(A,RCeNgnZ/Wd5rIu/Ah5NM85aD2ITR+jVUJrhfE85Gpu0=)(1742889435685ms;[B529(A,fN9z3Q19FJoU7Xf0RXcZjGoOOUXhFiLTc+nJMCLVFAI=), B529(B,AgEOxitKfMjVJdQN6ZtfniYJW/SSH28wVmoCtE+j5Bc=), B529(C,flZc4X+lmc4LG5rf+6QZrCF429AuhIUo0I3CHJFAmC4=)];1t;1c) for round 530
[2m2025-03-25T07:57:15.688030Z[0m [32m INFO[0m [1mnode[0m[1m{[0m[3mname[0m[2m=[0mk#addeef94..[1m}[0m[2m:[0m [2mconsensus_core::core[0m[2m:[0m [2mconsensus/core/src/core.rs[0m[2m:[0m[2m945:[0m Included 3 ancestors & excluded 0 ancestors for proposal in round 530
[2m2025-03-25T07:57:15.688350Z[0m [32m INFO[0m [1mnode[0m[1m{[0m[3mname[0m[2m=[0mk#addeef94..[1m}[0m[2m:[0m [2mconsensus_core::core[0m[2m:[0m [2mconsensus/core/src/core.rs[0m[2m:[0m[2m531:[0m Created block B530(C,3V8wvRbvOwfwwloXbL8jzZ/DsPf9THBjdeu5GUZEwCM=)(1742889435688ms;[B529(C,flZc4X+lmc4LG5rf+6QZrCF429AuhIUo0I3CHJFAmC4=), B529(A,fN9z3Q19FJoU7Xf0RXcZjGoOOUXhFiLTc+nJMCLVFAI=), B529(B,AgEOxitKfMjVJdQN6ZtfniYJW/SSH28wVmoCtE+j5Bc=)];1t;1c) for round 530
[2m2025-03-25T07:57:15.688422Z[0m [32m INFO[0m [1mnode[0m[1m{[0m[3mname[0m[2m=[0mk#addeef94..[1m}[0m[2m:[0m [2mconsensus_core::core[0m[2m:[0m [2mconsensus/core/src/core.rs[0m[2m:[0m[2m630:[0m Committing 1 leaders: B528(B,wpaf)
[2m2025-03-25T07:57:15.688504Z[0m [32m INFO[0m [1mnode[0m[1m{[0m[3mname[0m[2m=[0mk#addeef94..[1m}[0m[2m:[0m [2mconsensus_core::commit_observer[0m[2m:[0m [2mconsensus/core/src/commit_observer.rs[0m[2m:[0m[2m173:[0m Consensus commit C516(n5pp) with leader B528(B,wpaf) has 3 blocks
[2m2025-03-25T07:57:15.688588Z[0m [32m INFO[0m [1mnode[0m[1m{[0m[3mname[0m[2m=[0mk#addeef94..[1m}[0m[2m:[0m [2msui_core::consensus_handler[0m[2m:[0m [2mcrates/sui-core/src/consensus_handler.rs[0m[2m:[0m[2m232:[0m Received consensus output [3mconsensus_commit[0m[2m=[0mCommittedSubDag(leader=B528(B,wpaf), ref=C516(n5pp), blocks=[inrX, 2+bw, wpaf]) [3mepoch[0m[2m=[0m1
[2m2025-03-25T07:57:15.691616Z[0m [32m INFO[0m [1mnode[0m[1m{[0m[3mname[0m[2m=[0mk#8dcff6d1..[1m}[0m[2m:[0m [2msui_core::checkpoints::checkpoint_output[0m[2m:[0m [2mcrates/sui-core/src/checkpoints/checkpoint_output.rs[0m[2m:[0m[2m196:[0m Certified checkpoint with sequence 728 and digest 575a1LsX72TCfkVSP9ewt4a4wNKVy1PMHzcNNSQofYPN
[2m2025-03-25T07:57:15.691617Z[0m [32m INFO[0m [1mnode[0m[1m{[0m[3mname[0m[2m=[0mk#99f25ef6..[1m}[0m[2m:[0m [2msui_core::checkpoints::checkpoint_output[0m[2m:[0m [2mcrates/sui-core/src/checkpoints/checkpoint_output.rs[0m[2m:[0m[2m196:[0m Certified checkpoint with sequence 728 and digest 575a1LsX72TCfkVSP9ewt4a4wNKVy1PMHzcNNSQofYPN
[2m2025-03-25T07:57:15.691731Z[0m [32m INFO[0m [1mnode[0m[1m{[0m[3mname[0m[2m=[0mk#8dcff6d1..[1m}[0m[2m:[0m [2mconsensus_core::core[0m[2m:[0m [2mconsensus/core/src/core.rs[0m[2m:[0m[2m630:[0m Committing 1 leaders: B528(B,wpaf)
[2m2025-03-25T07:57:15.691731Z[0m [32m INFO[0m [1mnode[0m[1m{[0m[3mname[0m[2m=[0mk#99f25ef6..[1m}[0m[2m:[0m [2mconsensus_core::core[0m[2m:[0m [2mconsensus/core/src/core.rs[0m[2m:[0m[2m630:[0m Committing 1 leaders: B528(B,wpaf)
[2m2025-03-25T07:57:15.691841Z[0m [32m INFO[0m [1mnode[0m[1m{[0m[3mname[0m[2m=[0mk#8dcff6d1..[1m}[0m[2m:[0m [2mconsensus_core::commit_observer[0m[2m:[0m [2mconsensus/core/src/commit_observer.rs[0m[2m:[0m[2m173:[0m Consensus commit C516(n5pp) with leader B528(B,wpaf) has 3 blocks
[2m2025-03-25T07:57:15.691848Z[0m [32m INFO[0m [1mnode[0m[1m{[0m[3mname[0m[2m=[0mk#99f25ef6..[1m}[0m[2m:[0m [2mconsensus_core::commit_observer[0m[2m:[0m [2mconsensus/core/src/commit_observer.rs[0m[2m:[0m[2m173:[0m Consensus commit C516(n5pp) with leader B528(B,wpaf) has 3 blocks
[2m2025-03-25T07:57:15.692240Z[0m [32m INFO[0m [1mnode[0m[1m{[0m[3mname[0m[2m=[0mk#8dcff6d1..[1m}[0m[2m:[0m [2msui_core::consensus_handler[0m[2m:[0m [2mcrates/sui-core/src/consensus_handler.rs[0m[2m:[0m[2m232:[0m Received consensus output [3mconsensus_commit[0m[2m=[0mCommittedSubDag(leader=B528(B,wpaf), ref=C516(n5pp), blocks=[inrX, 2+bw, wpaf]) [3mepoch[0m[2m=[0m1
[2m2025-03-25T07:57:15.692240Z[0m [32m INFO[0m [1mnode[0m[1m{[0m[3mname[0m[2m=[0mk#99f25ef6..[1m}[0m[2m:[0m [2msui_core::consensus_handler[0m[2m:[0m [2mcrates/sui-core/src/consensus_handler.rs[0m[2m:[0m[2m232:[0m Received consensus output [3mconsensus_commit[0m[2m=[0mCommittedSubDag(leader=B528(B,wpaf), ref=C516(n5pp), blocks=[inrX, 2+bw, wpaf]) [3mepoch[0m[2m=[0m1
[2m2025-03-25T07:57:15.692811Z[0m [32m INFO[0m [1mnode[0m[1m{[0m[3mname[0m[2m=[0mk#8dcff6d1..[1m}[0m[2m:[0m [2msui_core::checkpoints::checkpoint_executor[0m[2m:[0m [2mcrates/sui-core/src/checkpoints/checkpoint_executor/mod.rs[0m[2m:[0m[2m332:[0m Received checkpoint summary from state sync [3msequence_number[0m[2m=[0m728
[2m2025-03-25T07:57:15.692816Z[0m [32m INFO[0m [1mnode[0m[1m{[0m[3mname[0m[2m=[0mk#99f25ef6..[1m}[0m[2m:[0m [2msui_core::checkpoints::checkpoint_executor[0m[2m:[0m [2mcrates/sui-core/src/checkpoints/checkpoint_executor/mod.rs[0m[2m:[0m[2m332:[0m Received checkpoint summary from state sync [3msequence_number[0m[2m=[0m728
[2m2025-03-25T07:57:15.694282Z[0m [32m INFO[0m [1mnode[0m[1m{[0m[3mname[0m[2m=[0mk#8dcff6d1..[1m}[0m[2m:[0m [2msui_core::state_accumulator[0m[2m:[0m [2mcrates/sui-core/src/state_accumulator.rs[0m[2m:[0m[2m675:[0m accumulating running root for checkpoint 728
[2m2025-03-25T07:57:15.694282Z[0m [32m INFO[0m [1mnode[0m[1m{[0m[3mname[0m[2m=[0mk#99f25ef6..[1m}[0m[2m:[0m [2msui_core::state_accumulator[0m[2m:[0m [2mcrates/sui-core/src/state_accumulator.rs[0m[2m:[0m[2m675:[0m accumulating running root for checkpoint 728
[2m2025-03-25T07:57:15.715371Z[0m [32m INFO[0m [1mnode[0m[1m{[0m[3mname[0m[2m=[0mk#addeef94..[1m}[0m[2m:[0m [2msui_core::checkpoints[0m[2m:[0m [2mcrates/sui-core/src/checkpoints/mod.rs[0m[2m:[0m[2m1326:[0m Creating checkpoint(s) for 2 transactions [3mnext_checkpoint_seq[0m[2m=[0m729 [3mcheckpoint_timestamp[0m[2m=[0m1742889435173
[2m2025-03-25T07:57:15.715692Z[0m [32m INFO[0m [1mnode[0m[1m{[0m[3mname[0m[2m=[0mk#addeef94..[1m}[0m[2m:[0m [2msui_core::checkpoints::checkpoint_output[0m[2m:[0m [2mcrates/sui-core/src/checkpoints/checkpoint_output.rs[0m[2m:[0m[2m149:[0m Creating checkpoint CheckpointDigest(HJafvAPiiXSeCoVpp93RztDdnbvCgL9VwzhpmKgr7ni) at epoch 1, sequence 729, previous digest Some(CheckpointDigest(575a1LsX72TCfkVSP9ewt4a4wNKVy1PMHzcNNSQofYPN)), transactions count 2, content digest CheckpointContentsDigest(8hZHhoKnHhxckouWd5yWDV3CJCrwnCsYtTKYJBWHVw9E), end_of_epoch_data None
[2m2025-03-25T07:57:15.718559Z[0m [32m INFO[0m [1mnode[0m[1m{[0m[3mname[0m[2m=[0mk#addeef94..[1m}[0m[2m:[0m [2msui_core::checkpoints::checkpoint_executor[0m[2m:[0m [2mcrates/sui-core/src/checkpoints/checkpoint_executor/mod.rs[0m[2m:[0m[2m332:[0m Received checkpoint summary from state sync [3msequence_number[0m[2m=[0m728
[2m2025-03-25T07:57:15.719402Z[0m [32m INFO[0m [1mnode[0m[1m{[0m[3mname[0m[2m=[0mk#addeef94..[1m}[0m[2m:[0m [2msui_core::state_accumulator[0m[2m:[0m [2mcrates/sui-core/src/state_accumulator.rs[0m[2m:[0m[2m675:[0m accumulating running root for checkpoint 728
[2m2025-03-25T07:57:15.719736Z[0m [32m INFO[0m [1mnode[0m[1m{[0m[3mname[0m[2m=[0mk#99f25ef6..[1m}[0m[2m:[0m [2msui_core::checkpoints[0m[2m:[0m [2mcrates/sui-core/src/checkpoints/mod.rs[0m[2m:[0m[2m1326:[0m Creating checkpoint(s) for 2 transactions [3mnext_checkpoint_seq[0m[2m=[0m729 [3mcheckpoint_timestamp[0m[2m=[0m1742889435173
[2m2025-03-25T07:57:15.719758Z[0m [32m INFO[0m [1mnode[0m[1m{[0m[3mname[0m[2m=[0mk#8dcff6d1..[1m}[0m[2m:[0m [2msui_core::checkpoints[0m[2m:[0m [2mcrates/sui-core/src/checkpoints/mod.rs[0m[2m:[0m[2m1326:[0m Creating checkpoint(s) for 2 transactions [3mnext_checkpoint_seq[0m[2m=[0m729 [3mcheckpoint_timestamp[0m[2m=[0m1742889435173
[2m2025-03-25T07:57:15.720054Z[0m [32m INFO[0m [1mnode[0m[1m{[0m[3mname[0m[2m=[0mk#8dcff6d1..[1m}[0m[2m:[0m [2msui_core::checkpoints::checkpoint_output[0m[2m:[0m [2mcrates/sui-core/src/checkpoints/checkpoint_output.rs[0m[2m:[0m[2m149:[0m Creating checkpoint CheckpointDigest(HJafvAPiiXSeCoVpp93RztDdnbvCgL9VwzhpmKgr7ni) at epoch 1, sequence 729, previous digest Some(CheckpointDigest(575a1LsX72TCfkVSP9ewt4a4wNKVy1PMHzcNNSQofYPN)), transactions count 2, content digest CheckpointContentsDigest(8hZHhoKnHhxckouWd5yWDV3CJCrwnCsYtTKYJBWHVw9E), end_of_epoch_data None
[2m2025-03-25T07:57:15.720067Z[0m [32m INFO[0m [1mnode[0m[1m{[0m[3mname[0m[2m=[0mk#99f25ef6..[1m}[0m[2m:[0m [2msui_core::checkpoints::checkpoint_output[0m[2m:[0m [2mcrates/sui-core/src/checkpoints/checkpoint_output.rs[0m[2m:[0m[2m149:[0m Creating checkpoint CheckpointDigest(HJafvAPiiXSeCoVpp93RztDdnbvCgL9VwzhpmKgr7ni) at epoch 1, sequence 729, previous digest Some(CheckpointDigest(575a1LsX72TCfkVSP9ewt4a4wNKVy1PMHzcNNSQofYPN)), transactions count 2, content digest CheckpointContentsDigest(8hZHhoKnHhxckouWd5yWDV3CJCrwnCsYtTKYJBWHVw9E), end_of_epoch_data None
[2m2025-03-25T07:57:15.941074Z[0m [32m INFO[0m [1mnode[0m[1m{[0m[3mname[0m[2m=[0mk#addeef94..[1m}[0m[2m:[0m [2mconsensus_core::core[0m[2m:[0m [2mconsensus/core/src/core.rs[0m[2m:[0m[2m945:[0m Included 3 ancestors & excluded 0 ancestors for proposal in round 531
[2m2025-03-25T07:57:15.941443Z[0m [32m INFO[0m [1mnode[0m[1m{[0m[3mname[0m[2m=[0mk#addeef94..[1m}[0m[2m:[0m [2mconsensus_core::core[0m[2m:[0m [2mconsensus/core/src/core.rs[0m[2m:[0m[2m531:[0m Created block B531(C,zT9TCQW15NRkYWVUuuUdcUTQ7XtgF+Yk313Nypj7SWQ=)(1742889435941ms;[B530(C,3V8wvRbvOwfwwloXbL8jzZ/DsPf9THBjdeu5GUZEwCM=), B530(A,RCeNgnZ/Wd5rIu/Ah5NM85aD2ITR+jVUJrhfE85Gpu0=), B530(B,NzbAzPlif5vhoTwKIS0MpMUqwu0B+d+AjiWkc2FfkPs=)];1t;1c) for round 531
[2m2025-03-25T07:57:15.943411Z[0m [32m INFO[0m [1mnode[0m[1m{[0m[3mname[0m[2m=[0mk#99f25ef6..[1m}[0m[2m:[0m [2mconsensus_core::core[0m[2m:[0m [2mconsensus/core/src/core.rs[0m[2m:[0m[2m945:[0m Included 3 ancestors & excluded 0 ancestors for proposal in round 531
[2m2025-03-25T07:57:15.943411Z[0m [32m INFO[0m [1mnode[0m[1m{[0m[3mname[0m[2m=[0mk#8dcff6d1..[1m}[0m[2m:[0m [2mconsensus_core::core[0m[2m:[0m [2mconsensus/core/src/core.rs[0m[2m:[0m[2m945:[0m Included 3 ancestors & excluded 0 ancestors for proposal in round 531
[2m2025-03-25T07:57:15.943713Z[0m [32m INFO[0m [1mnode[0m[1m{[0m[3mname[0m[2m=[0mk#99f25ef6..[1m}[0m[2m:[0m [2mconsensus_core::core[0m[2m:[0m [2mconsensus/core/src/core.rs[0m[2m:[0m[2m531:[0m Created block B531(B,/hvhLus8Qvwcbd2fJE1tif42hE9TOcS4Y30L3yczk2Q=)(1742889435943ms;[B530(B,NzbAzPlif5vhoTwKIS0MpMUqwu0B+d+AjiWkc2FfkPs=), B530(A,RCeNgnZ/Wd5rIu/Ah5NM85aD2ITR+jVUJrhfE85Gpu0=), B530(C,3V8wvRbvOwfwwloXbL8jzZ/DsPf9THBjdeu5GUZEwCM=)];1t;1c) for round 531
[2m2025-03-25T07:57:15.943716Z[0m [32m INFO[0m [1mnode[0m[1m{[0m[3mname[0m[2m=[0mk#8dcff6d1..[1m}[0m[2m:[0m [2mconsensus_core::core[0m[2m:[0m [2mconsensus/core/src/core.rs[0m[2m:[0m[2m531:[0m Created block B531(A,p/Neye2AXve5x24W0Boqwr4OHEQeGAkHgO5WGPI395E=)(1742889435943ms;[B530(A,RCeNgnZ/Wd5rIu/Ah5NM85aD2ITR+jVUJrhfE85Gpu0=), B530(B,NzbAzPlif5vhoTwKIS0MpMUqwu0B+d+AjiWkc2FfkPs=), B530(C,3V8wvRbvOwfwwloXbL8jzZ/DsPf9THBjdeu5GUZEwCM=)];1t;1c) for round 531
[2m2025-03-25T07:57:15.943788Z[0m [32m INFO[0m [1mnode[0m[1m{[0m[3mname[0m[2m=[0mk#8dcff6d1..[1m}[0m[2m:[0m [2mconsensus_core::core[0m[2m:[0m [2mconsensus/core/src/core.rs[0m[2m:[0m[2m630:[0m Committing 1 leaders: B529(C,flZc)
[2m2025-03-25T07:57:15.943788Z[0m [32m INFO[0m [1mnode[0m[1m{[0m[3mname[0m[2m=[0mk#99f25ef6..[1m}[0m[2m:[0m [2mconsensus_core::core[0m[2m:[0m [2mconsensus/core/src/core.rs[0m[2m:[0m[2m630:[0m Committing 1 leaders: B529(C,flZc)
[2m2025-03-25T07:57:15.943878Z[0m [32m INFO[0m [1mnode[0m[1m{[0m[3mname[0m[2m=[0mk#99f25ef6..[1m}[0m[2m:[0m [2mconsensus_core::commit_observer[0m[2m:[0m [2mconsensus/core/src/commit_observer.rs[0m[2m:[0m[2m173:[0m Consensus commit C517(sHov) with leader B529(C,flZc) has 3 blocks
[2m2025-03-25T07:57:15.943878Z[0m [32m INFO[0m [1mnode[0m[1m{[0m[3mname[0m[2m=[0mk#8dcff6d1..[1m}[0m[2m:[0m [2mconsensus_core::commit_observer[0m[2m:[0m [2mconsensus/core/src/commit_observer.rs[0m[2m:[0m[2m173:[0m Consensus commit C517(sHov) with leader B529(C,flZc) has 3 blocks
[2m2025-03-25T07:57:15.943970Z[0m [32m INFO[0m [1mnode[0m[1m{[0m[3mname[0m[2m=[0mk#8dcff6d1..[1m}[0m[2m:[0m [2msui_core::consensus_handler[0m[2m:[0m [2mcrates/sui-core/src/consensus_handler.rs[0m[2m:[0m[2m232:[0m Received consensus output [3mconsensus_commit[0m[2m=[0mCommittedSubDag(leader=B529(C,flZc), ref=C517(sHov), blocks=[x+VT, TQ/e, flZc]) [3mepoch[0m[2m=[0m1
[2m2025-03-25T07:57:15.943970Z[0m [32m INFO[0m [1mnode[0m[1m{[0m[3mname[0m[2m=[0mk#99f25ef6..[1m}[0m[2m:[0m [2msui_core::consensus_handler[0m[2m:[0m [2mcrates/sui-core/src/consensus_handler.rs[0m[2m:[0m[2m232:[0m Received consensus output [3mconsensus_commit[0m[2m=[0mCommittedSubDag(leader=B529(C,flZc), ref=C517(sHov), blocks=[x+VT, TQ/e, flZc]) [3mepoch[0m[2m=[0m1
[2m2025-03-25T07:57:15.947705Z[0m [32m INFO[0m [1mnode[0m[1m{[0m[3mname[0m[2m=[0mk#addeef94..[1m}[0m[2m:[0m [2mconsensus_core::core[0m[2m:[0m [2mconsensus/core/src/core.rs[0m[2m:[0m[2m630:[0m Committing 1 leaders: B529(C,flZc)
[2m2025-03-25T07:57:15.947801Z[0m [32m INFO[0m [1mnode[0m[1m{[0m[3mname[0m[2m=[0mk#addeef94..[1m}[0m[2m:[0m [2mconsensus_core::commit_observer[0m[2m:[0m [2mconsensus/core/src/commit_observer.rs[0m[2m:[0m[2m173:[0m Consensus commit C517(sHov) with leader B529(C,flZc) has 3 blocks
[2m2025-03-25T07:57:15.947925Z[0m [32m INFO[0m [1mnode[0m[1m{[0m[3mname[0m[2m=[0mk#addeef94..[1m}[0m[2m:[0m [2msui_core::consensus_handler[0m[2m:[0m [2mcrates/sui-core/src/consensus_handler.rs[0m[2m:[0m[2m232:[0m Received consensus output [3mconsensus_commit[0m[2m=[0mCommittedSubDag(leader=B529(C,flZc), ref=C517(sHov), blocks=[x+VT, TQ/e, flZc]) [3mepoch[0m[2m=[0m1
[2m2025-03-25T07:57:15.989472Z[0m [32m INFO[0m [1mnode[0m[1m{[0m[3mname[0m[2m=[0mk#8dcff6d1..[1m}[0m[2m:[0m [2msui_core::checkpoints[0m[2m:[0m [2mcrates/sui-core/src/checkpoints/mod.rs[0m[2m:[0m[2m1326:[0m Creating checkpoint(s) for 1 transactions [3mnext_checkpoint_seq[0m[2m=[0m730 [3mcheckpoint_timestamp[0m[2m=[0m1742889435430
[2m2025-03-25T07:57:15.989535Z[0m [32m INFO[0m [1mnode[0m[1m{[0m[3mname[0m[2m=[0mk#99f25ef6..[1m}[0m[2m:[0m [2msui_core::checkpoints[0m[2m:[0m [2mcrates/sui-core/src/checkpoints/mod.rs[0m[2m:[0m[2m1326:[0m Creating checkpoint(s) for 1 transactions [3mnext_checkpoint_seq[0m[2m=[0m730 [3mcheckpoint_timestamp[0m[2m=[0m1742889435430
[2m2025-03-25T07:57:15.989704Z[0m [32m INFO[0m [1mnode[0m[1m{[0m[3mname[0m[2m=[0mk#8dcff6d1..[1m}[0m[2m:[0m [2msui_core::checkpoints::checkpoint_output[0m[2m:[0m [2mcrates/sui-core/src/checkpoints/checkpoint_output.rs[0m[2m:[0m[2m149:[0m Creating checkpoint CheckpointDigest(GpVCQisyFDWWhrj8ep88wSCqSddt95o2gti9TEtGTa8z) at epoch 1, sequence 730, previous digest Some(CheckpointDigest(HJafvAPiiXSeCoVpp93RztDdnbvCgL9VwzhpmKgr7ni)), transactions count 1, content digest CheckpointContentsDigest(3mgo3WML1sW7b5BGsbVbWansYWBmp8f9GS6oQNdpUxzv), end_of_epoch_data None
[2m2025-03-25T07:57:15.989704Z[0m [32m INFO[0m [1mnode[0m[1m{[0m[3mname[0m[2m=[0mk#99f25ef6..[1m}[0m[2m:[0m [2msui_core::checkpoints::checkpoint_output[0m[2m:[0m [2mcrates/sui-core/src/checkpoints/checkpoint_output.rs[0m[2m:[0m[2m149:[0m Creating checkpoint CheckpointDigest(GpVCQisyFDWWhrj8ep88wSCqSddt95o2gti9TEtGTa8z) at epoch 1, sequence 730, previous digest Some(CheckpointDigest(HJafvAPiiXSeCoVpp93RztDdnbvCgL9VwzhpmKgr7ni)), transactions count 1, content digest CheckpointContentsDigest(3mgo3WML1sW7b5BGsbVbWansYWBmp8f9GS6oQNdpUxzv), end_of_epoch_data None
[2m2025-03-25T07:57:15.991636Z[0m [32m INFO[0m [1mnode[0m[1m{[0m[3mname[0m[2m=[0mk#addeef94..[1m}[0m[2m:[0m [2msui_core::checkpoints[0m[2m:[0m [2mcrates/sui-core/src/checkpoints/mod.rs[0m[2m:[0m[2m1326:[0m Creating checkpoint(s) for 1 transactions [3mnext_checkpoint_seq[0m[2m=[0m730 [3mcheckpoint_timestamp[0m[2m=[0m1742889435430
[2m2025-03-25T07:57:15.991800Z[0m [32m INFO[0m [1mnode[0m[1m{[0m[3mname[0m[2m=[0mk#addeef94..[1m}[0m[2m:[0m [2msui_core::checkpoints::checkpoint_output[0m[2m:[0m [2mcrates/sui-core/src/checkpoints/checkpoint_output.rs[0m[2m:[0m[2m149:[0m Creating checkpoint CheckpointDigest(GpVCQisyFDWWhrj8ep88wSCqSddt95o2gti9TEtGTa8z) at epoch 1, sequence 730, previous digest Some(CheckpointDigest(HJafvAPiiXSeCoVpp93RztDdnbvCgL9VwzhpmKgr7ni)), transactions count 1, content digest CheckpointContentsDigest(3mgo3WML1sW7b5BGsbVbWansYWBmp8f9GS6oQNdpUxzv), end_of_epoch_data None
[2m2025-03-25T07:57:15.993008Z[0m [32m INFO[0m [1mnode[0m[1m{[0m[3mname[0m[2m=[0mk#99f25ef6..[1m}[0m[2m:[0m [2msui_core::checkpoints::checkpoint_output[0m[2m:[0m [2mcrates/sui-core/src/checkpoints/checkpoint_output.rs[0m[2m:[0m[2m196:[0m Certified checkpoint with sequence 729 and digest HJafvAPiiXSeCoVpp93RztDdnbvCgL9VwzhpmKgr7ni
[2m2025-03-25T07:57:15.993013Z[0m [32m INFO[0m [1mnode[0m[1m{[0m[3mname[0m[2m=[0mk#8dcff6d1..[1m}[0m[2m:[0m [2msui_core::checkpoints::checkpoint_output[0m[2m:[0m [2mcrates/sui-core/src/checkpoints/checkpoint_output.rs[0m[2m:[0m[2m196:[0m Certified checkpoint with sequence 729 and digest HJafvAPiiXSeCoVpp93RztDdnbvCgL9VwzhpmKgr7ni
[2m2025-03-25T07:57:15.996269Z[0m [32m INFO[0m [1mnode[0m[1m{[0m[3mname[0m[2m=[0mk#8dcff6d1..[1m}[0m[2m:[0m [2msui_core::checkpoints::checkpoint_executor[0m[2m:[0m [2mcrates/sui-core/src/checkpoints/checkpoint_executor/mod.rs[0m[2m:[0m[2m332:[0m Received checkpoint summary from state sync [3msequence_number[0m[2m=[0m729
[2m2025-03-25T07:57:15.998476Z[0m [32m INFO[0m [1mnode[0m[1m{[0m[3mname[0m[2m=[0mk#99f25ef6..[1m}[0m[2m:[0m [2msui_core::checkpoints::checkpoint_executor[0m[2m:[0m [2mcrates/sui-core/src/checkpoints/checkpoint_executor/mod.rs[0m[2m:[0m[2m332:[0m Received checkpoint summary from state sync [3msequence_number[0m[2m=[0m729
[2m2025-03-25T07:57:16.013941Z[0m [32m INFO[0m [1mnode[0m[1m{[0m[3mname[0m[2m=[0mk#99f25ef6..[1m}[0m[2m:[0m [2msui_core::state_accumulator[0m[2m:[0m [2mcrates/sui-core/src/state_accumulator.rs[0m[2m:[0m[2m675:[0m accumulating running root for checkpoint 729
[2m2025-03-25T07:57:16.013944Z[0m [32m INFO[0m [1mnode[0m[1m{[0m[3mname[0m[2m=[0mk#8dcff6d1..[1m}[0m[2m:[0m [2msui_core::state_accumulator[0m[2m:[0m [2mcrates/sui-core/src/state_accumulator.rs[0m[2m:[0m[2m675:[0m accumulating running root for checkpoint 729
[2m2025-03-25T07:57:16.058352Z[0m [32m INFO[0m [1mnode[0m[1m{[0m[3mname[0m[2m=[0mk#addeef94..[1m}[0m[2m:[0m [2msui_core::checkpoints::checkpoint_executor[0m[2m:[0m [2mcrates/sui-core/src/checkpoints/checkpoint_executor/mod.rs[0m[2m:[0m[2m332:[0m Received checkpoint summary from state sync [3msequence_number[0m[2m=[0m729
[2m2025-03-25T07:57:16.059662Z[0m [32m INFO[0m [1mnode[0m[1m{[0m[3mname[0m[2m=[0mk#addeef94..[1m}[0m[2m:[0m [2msui_core::state_accumulator[0m[2m:[0m [2mcrates/sui-core/src/state_accumulator.rs[0m[2m:[0m[2m675:[0m accumulating running root for checkpoint 729
[2m2025-03-25T07:57:16.171420Z[0m [32m INFO[0m [1mnode[0m[1m{[0m[3mname[0m[2m=[0mk#b3f3cbb4..[1m}[0m[2m:[0m[1mjson-rpc-request[0m[2m:[0m[1mdev_inspect_transaction_block[0m[1m{[0m[3msender_address[0m[2m=[0m0x0000000000000000000000000000000000000000000000000000000000000000 [3mtx_bytes[0m[2m=[0mBase64("AAMBAQAAAAAAAAAAAAAAAAAAAAAAAAAAAAAAAAAAAAAAAAAJAQAAAAAAAAABAAECAAgAAAAAAAAAAAEAAAAAAAAAAAAAAAAAAAAAAAAAAAAAAAAAAAAAAAAAAAsGYnJpZGdlIGdldF90b2tlbl90cmFuc2Zlcl9hY3Rpb25fc3RhdHVzAAMBAAABAQABAgA=") [3mgas_price[0m[2m=[0mNone [3m_epoch[0m[2m=[0mNone [3madditional_args[0m[2m=[0mNone[1m}[0m[2m:[0m [2msui_json_rpc::transaction_execution_api[0m[2m:[0m [2mcrates/sui-json-rpc/src/transaction_execution_api.rs[0m[2m:[0m[2m351:[0m RPC took longer than threshold to complete. [3melapsed[0m[2m=[0m1.537038459s
[2m2025-03-25T07:57:16.172304Z[0m [32m INFO[0m [1mhandle_execution_task[0m[1m{[0m[3maction_key[0m[2m=[0mBridgeActionKey(0,2,0) [3mattempt_times[0m[2m=[0m6[1m}[0m[2m:[0m [2msui_bridge::action_executor[0m[2m:[0m [2mcrates/sui-bridge/src/action_executor.rs[0m[2m:[0m[2m540:[0m Sending transaction to Sui [3mtx_digest[0m[2m=[0mTransactionDigest(GDSurpEu2x2PVvpwcUqP5MTXTQ8jWoYdMxzexGq3UM9X) [3mgas_object_ref[0m[2m=[0m(0x059c5b653da3f627ad85b7947a1634ad3055f81b24125b7d9b23178b0146bfc6, SequenceNumber(341), o#4ep4K212yQtPC23ghtw73sJ44qmqyajoXRf4wvuKq6mQ)
[2m2025-03-25T07:57:16.174970Z[0m [32m INFO[0m [1mnode[0m[1m{[0m[3mname[0m[2m=[0mk#b3f3cbb4..[1m}[0m[2m:[0m [2msui_core::state_accumulator[0m[2m:[0m [2mcrates/sui-core/src/state_accumulator.rs[0m[2m:[0m[2m675:[0m accumulating running root for checkpoint 618
[2m2025-03-25T07:57:16.175353Z[0m [32m INFO[0m [1mnode[0m[1m{[0m[3mname[0m[2m=[0mk#b3f3cbb4..[1m}[0m[2m:[0m [2msui_core::checkpoints::checkpoint_executor[0m[2m:[0m [2mcrates/sui-core/src/checkpoints/checkpoint_executor/mod.rs[0m[2m:[0m[2m332:[0m Received checkpoint summary from state sync [3msequence_number[0m[2m=[0m706
[2m2025-03-25T07:57:16.175396Z[0m [32m INFO[0m [1mnode[0m[1m{[0m[3mname[0m[2m=[0mk#b3f3cbb4..[1m}[0m[2m:[0m [2msui_core::checkpoints::checkpoint_executor[0m[2m:[0m [2mcrates/sui-core/src/checkpoints/checkpoint_executor/mod.rs[0m[2m:[0m[2m332:[0m Received checkpoint summary from state sync [3msequence_number[0m[2m=[0m707
[2m2025-03-25T07:57:16.175438Z[0m [32m INFO[0m [1mnode[0m[1m{[0m[3mname[0m[2m=[0mk#b3f3cbb4..[1m}[0m[2m:[0m [2msui_core::checkpoints::checkpoint_executor[0m[2m:[0m [2mcrates/sui-core/src/checkpoints/checkpoint_executor/mod.rs[0m[2m:[0m[2m332:[0m Received checkpoint summary from state sync [3msequence_number[0m[2m=[0m708
[2m2025-03-25T07:57:16.175484Z[0m [32m INFO[0m [1mnode[0m[1m{[0m[3mname[0m[2m=[0mk#b3f3cbb4..[1m}[0m[2m:[0m [2msui_core::checkpoints::checkpoint_executor[0m[2m:[0m [2mcrates/sui-core/src/checkpoints/checkpoint_executor/mod.rs[0m[2m:[0m[2m332:[0m Received checkpoint summary from state sync [3msequence_number[0m[2m=[0m709
[2m2025-03-25T07:57:16.196346Z[0m [32m INFO[0m [1mnode[0m[1m{[0m[3mname[0m[2m=[0mk#8dcff6d1..[1m}[0m[2m:[0m [2mconsensus_core::core[0m[2m:[0m [2mconsensus/core/src/core.rs[0m[2m:[0m[2m945:[0m Included 3 ancestors & excluded 0 ancestors for proposal in round 532
[2m2025-03-25T07:57:16.196717Z[0m [32m INFO[0m [1mnode[0m[1m{[0m[3mname[0m[2m=[0mk#8dcff6d1..[1m}[0m[2m:[0m [2mconsensus_core::core[0m[2m:[0m [2mconsensus/core/src/core.rs[0m[2m:[0m[2m531:[0m Created block B532(A,94001GdqKHry5bZE1Lipd4r5hqmGiE8otkPSS+/eCSs=)(1742889436196ms;[B531(A,p/Neye2AXve5x24W0Boqwr4OHEQeGAkHgO5WGPI395E=), B531(B,/hvhLus8Qvwcbd2fJE1tif42hE9TOcS4Y30L3yczk2Q=), B531(C,zT9TCQW15NRkYWVUuuUdcUTQ7XtgF+Yk313Nypj7SWQ=)];1t;1c) for round 532
[2m2025-03-25T07:57:16.197023Z[0m [32m INFO[0m [1mnode[0m[1m{[0m[3mname[0m[2m=[0mk#99f25ef6..[1m}[0m[2m:[0m [2mconsensus_core::core[0m[2m:[0m [2mconsensus/core/src/core.rs[0m[2m:[0m[2m945:[0m Included 3 ancestors & excluded 0 ancestors for proposal in round 532
[2m2025-03-25T07:57:16.197329Z[0m [32m INFO[0m [1mnode[0m[1m{[0m[3mname[0m[2m=[0mk#99f25ef6..[1m}[0m[2m:[0m [2mconsensus_core::core[0m[2m:[0m [2mconsensus/core/src/core.rs[0m[2m:[0m[2m531:[0m Created block B532(B,1CcEFXSqP5GnPdWqWKiUkPvAoGTPlVu4URRcj/6bgD8=)(1742889436197ms;[B531(B,/hvhLus8Qvwcbd2fJE1tif42hE9TOcS4Y30L3yczk2Q=), B531(A,p/Neye2AXve5x24W0Boqwr4OHEQeGAkHgO5WGPI395E=), B531(C,zT9TCQW15NRkYWVUuuUdcUTQ7XtgF+Yk313Nypj7SWQ=)];1t;1c) for round 532
[2m2025-03-25T07:57:16.199881Z[0m [32m INFO[0m [1mnode[0m[1m{[0m[3mname[0m[2m=[0mk#addeef94..[1m}[0m[2m:[0m [2mconsensus_core::core[0m[2m:[0m [2mconsensus/core/src/core.rs[0m[2m:[0m[2m945:[0m Included 3 ancestors & excluded 0 ancestors for proposal in round 532
[2m2025-03-25T07:57:16.200186Z[0m [32m INFO[0m [1mnode[0m[1m{[0m[3mname[0m[2m=[0mk#addeef94..[1m}[0m[2m:[0m [2mconsensus_core::core[0m[2m:[0m [2mconsensus/core/src/core.rs[0m[2m:[0m[2m531:[0m Created block B532(C,AVu52cCJQjWzWyOc9/SiQ0pscpSRwKvIx3sSLAitCvA=)(1742889436200ms;[B531(C,zT9TCQW15NRkYWVUuuUdcUTQ7XtgF+Yk313Nypj7SWQ=), B531(A,p/Neye2AXve5x24W0Boqwr4OHEQeGAkHgO5WGPI395E=), B531(B,/hvhLus8Qvwcbd2fJE1tif42hE9TOcS4Y30L3yczk2Q=)];1t;1c) for round 532
[2m2025-03-25T07:57:16.200257Z[0m [32m INFO[0m [1mnode[0m[1m{[0m[3mname[0m[2m=[0mk#addeef94..[1m}[0m[2m:[0m [2mconsensus_core::core[0m[2m:[0m [2mconsensus/core/src/core.rs[0m[2m:[0m[2m630:[0m Committing 1 leaders: B530(B,NzbA)
[2m2025-03-25T07:57:16.200340Z[0m [32m INFO[0m [1mnode[0m[1m{[0m[3mname[0m[2m=[0mk#addeef94..[1m}[0m[2m:[0m [2mconsensus_core::commit_observer[0m[2m:[0m [2mconsensus/core/src/commit_observer.rs[0m[2m:[0m[2m173:[0m Consensus commit C518(Ehl1) with leader B530(B,NzbA) has 3 blocks
[2m2025-03-25T07:57:16.200585Z[0m [32m INFO[0m [1mnode[0m[1m{[0m[3mname[0m[2m=[0mk#addeef94..[1m}[0m[2m:[0m [2msui_core::consensus_handler[0m[2m:[0m [2mcrates/sui-core/src/consensus_handler.rs[0m[2m:[0m[2m232:[0m Received consensus output [3mconsensus_commit[0m[2m=[0mCommittedSubDag(leader=B530(B,NzbA), ref=C518(Ehl1), blocks=[fN9z, AgEO, NzbA]) [3mepoch[0m[2m=[0m1
[2m2025-03-25T07:57:16.203597Z[0m [32m INFO[0m [1mnode[0m[1m{[0m[3mname[0m[2m=[0mk#99f25ef6..[1m}[0m[2m:[0m [2msui_core::checkpoints::checkpoint_output[0m[2m:[0m [2mcrates/sui-core/src/checkpoints/checkpoint_output.rs[0m[2m:[0m[2m196:[0m Certified checkpoint with sequence 730 and digest GpVCQisyFDWWhrj8ep88wSCqSddt95o2gti9TEtGTa8z
[2m2025-03-25T07:57:16.203598Z[0m [32m INFO[0m [1mnode[0m[1m{[0m[3mname[0m[2m=[0mk#8dcff6d1..[1m}[0m[2m:[0m [2msui_core::checkpoints::checkpoint_output[0m[2m:[0m [2mcrates/sui-core/src/checkpoints/checkpoint_output.rs[0m[2m:[0m[2m196:[0m Certified checkpoint with sequence 730 and digest GpVCQisyFDWWhrj8ep88wSCqSddt95o2gti9TEtGTa8z
[2m2025-03-25T07:57:16.203708Z[0m [32m INFO[0m [1mnode[0m[1m{[0m[3mname[0m[2m=[0mk#8dcff6d1..[1m}[0m[2m:[0m [2mconsensus_core::core[0m[2m:[0m [2mconsensus/core/src/core.rs[0m[2m:[0m[2m630:[0m Committing 1 leaders: B530(B,NzbA)
[2m2025-03-25T07:57:16.203708Z[0m [32m INFO[0m [1mnode[0m[1m{[0m[3mname[0m[2m=[0mk#99f25ef6..[1m}[0m[2m:[0m [2mconsensus_core::core[0m[2m:[0m [2mconsensus/core/src/core.rs[0m[2m:[0m[2m630:[0m Committing 1 leaders: B530(B,NzbA)
[2m2025-03-25T07:57:16.203822Z[0m [32m INFO[0m [1mnode[0m[1m{[0m[3mname[0m[2m=[0mk#99f25ef6..[1m}[0m[2m:[0m [2mconsensus_core::commit_observer[0m[2m:[0m [2mconsensus/core/src/commit_observer.rs[0m[2m:[0m[2m173:[0m Consensus commit C518(Ehl1) with leader B530(B,NzbA) has 3 blocks
[2m2025-03-25T07:57:16.203822Z[0m [32m INFO[0m [1mnode[0m[1m{[0m[3mname[0m[2m=[0mk#8dcff6d1..[1m}[0m[2m:[0m [2mconsensus_core::commit_observer[0m[2m:[0m [2mconsensus/core/src/commit_observer.rs[0m[2m:[0m[2m173:[0m Consensus commit C518(Ehl1) with leader B530(B,NzbA) has 3 blocks
[2m2025-03-25T07:57:16.204221Z[0m [32m INFO[0m [1mnode[0m[1m{[0m[3mname[0m[2m=[0mk#99f25ef6..[1m}[0m[2m:[0m [2msui_core::consensus_handler[0m[2m:[0m [2mcrates/sui-core/src/consensus_handler.rs[0m[2m:[0m[2m232:[0m Received consensus output [3mconsensus_commit[0m[2m=[0mCommittedSubDag(leader=B530(B,NzbA), ref=C518(Ehl1), blocks=[fN9z, AgEO, NzbA]) [3mepoch[0m[2m=[0m1
[2m2025-03-25T07:57:16.204224Z[0m [32m INFO[0m [1mnode[0m[1m{[0m[3mname[0m[2m=[0mk#8dcff6d1..[1m}[0m[2m:[0m [2msui_core::consensus_handler[0m[2m:[0m [2mcrates/sui-core/src/consensus_handler.rs[0m[2m:[0m[2m232:[0m Received consensus output [3mconsensus_commit[0m[2m=[0mCommittedSubDag(leader=B530(B,NzbA), ref=C518(Ehl1), blocks=[fN9z, AgEO, NzbA]) [3mepoch[0m[2m=[0m1
[2m2025-03-25T07:57:16.204792Z[0m [32m INFO[0m [1mnode[0m[1m{[0m[3mname[0m[2m=[0mk#8dcff6d1..[1m}[0m[2m:[0m [2msui_core::checkpoints::checkpoint_executor[0m[2m:[0m [2mcrates/sui-core/src/checkpoints/checkpoint_executor/mod.rs[0m[2m:[0m[2m332:[0m Received checkpoint summary from state sync [3msequence_number[0m[2m=[0m730
[2m2025-03-25T07:57:16.204792Z[0m [32m INFO[0m [1mnode[0m[1m{[0m[3mname[0m[2m=[0mk#99f25ef6..[1m}[0m[2m:[0m [2msui_core::checkpoints::checkpoint_executor[0m[2m:[0m [2mcrates/sui-core/src/checkpoints/checkpoint_executor/mod.rs[0m[2m:[0m[2m332:[0m Received checkpoint summary from state sync [3msequence_number[0m[2m=[0m730
[2m2025-03-25T07:57:16.206312Z[0m [32m INFO[0m [1mnode[0m[1m{[0m[3mname[0m[2m=[0mk#99f25ef6..[1m}[0m[2m:[0m [2msui_core::state_accumulator[0m[2m:[0m [2mcrates/sui-core/src/state_accumulator.rs[0m[2m:[0m[2m675:[0m accumulating running root for checkpoint 730
[2m2025-03-25T07:57:16.206314Z[0m [32m INFO[0m [1mnode[0m[1m{[0m[3mname[0m[2m=[0mk#8dcff6d1..[1m}[0m[2m:[0m [2msui_core::state_accumulator[0m[2m:[0m [2mcrates/sui-core/src/state_accumulator.rs[0m[2m:[0m[2m675:[0m accumulating running root for checkpoint 730
[2m2025-03-25T07:57:16.227138Z[0m [32m INFO[0m [1mnode[0m[1m{[0m[3mname[0m[2m=[0mk#addeef94..[1m}[0m[2m:[0m [2msui_core::checkpoints[0m[2m:[0m [2mcrates/sui-core/src/checkpoints/mod.rs[0m[2m:[0m[2m1326:[0m Creating checkpoint(s) for 2 transactions [3mnext_checkpoint_seq[0m[2m=[0m731 [3mcheckpoint_timestamp[0m[2m=[0m1742889435684
[2m2025-03-25T07:57:16.227459Z[0m [32m INFO[0m [1mnode[0m[1m{[0m[3mname[0m[2m=[0mk#addeef94..[1m}[0m[2m:[0m [2msui_core::checkpoints::checkpoint_output[0m[2m:[0m [2mcrates/sui-core/src/checkpoints/checkpoint_output.rs[0m[2m:[0m[2m149:[0m Creating checkpoint CheckpointDigest(29Tfuwsg7woSwQkcyYRZg6BtudzmcPkayRvvUVAZ2SxP) at epoch 1, sequence 731, previous digest Some(CheckpointDigest(GpVCQisyFDWWhrj8ep88wSCqSddt95o2gti9TEtGTa8z)), transactions count 2, content digest CheckpointContentsDigest(FrxgnjEaXt5CoLNszXTviiYuwmRMVyNmAWgkQM4gSHQj), end_of_epoch_data None
[2m2025-03-25T07:57:16.230483Z[0m [32m INFO[0m [1mnode[0m[1m{[0m[3mname[0m[2m=[0mk#addeef94..[1m}[0m[2m:[0m [2msui_core::checkpoints::checkpoint_executor[0m[2m:[0m [2mcrates/sui-core/src/checkpoints/checkpoint_executor/mod.rs[0m[2m:[0m[2m332:[0m Received checkpoint summary from state sync [3msequence_number[0m[2m=[0m730
[2m2025-03-25T07:57:16.231345Z[0m [32m INFO[0m [1mnode[0m[1m{[0m[3mname[0m[2m=[0mk#addeef94..[1m}[0m[2m:[0m [2msui_core::state_accumulator[0m[2m:[0m [2mcrates/sui-core/src/state_accumulator.rs[0m[2m:[0m[2m675:[0m accumulating running root for checkpoint 730
[2m2025-03-25T07:57:16.231776Z[0m [32m INFO[0m [1mnode[0m[1m{[0m[3mname[0m[2m=[0mk#99f25ef6..[1m}[0m[2m:[0m [2msui_core::checkpoints[0m[2m:[0m [2mcrates/sui-core/src/checkpoints/mod.rs[0m[2m:[0m[2m1326:[0m Creating checkpoint(s) for 2 transactions [3mnext_checkpoint_seq[0m[2m=[0m731 [3mcheckpoint_timestamp[0m[2m=[0m1742889435684
[2m2025-03-25T07:57:16.231887Z[0m [32m INFO[0m [1mnode[0m[1m{[0m[3mname[0m[2m=[0mk#8dcff6d1..[1m}[0m[2m:[0m [2msui_core::checkpoints[0m[2m:[0m [2mcrates/sui-core/src/checkpoints/mod.rs[0m[2m:[0m[2m1326:[0m Creating checkpoint(s) for 2 transactions [3mnext_checkpoint_seq[0m[2m=[0m731 [3mcheckpoint_timestamp[0m[2m=[0m1742889435684
[2m2025-03-25T07:57:16.232047Z[0m [32m INFO[0m [1mnode[0m[1m{[0m[3mname[0m[2m=[0mk#99f25ef6..[1m}[0m[2m:[0m [2msui_core::checkpoints::checkpoint_output[0m[2m:[0m [2mcrates/sui-core/src/checkpoints/checkpoint_output.rs[0m[2m:[0m[2m149:[0m Creating checkpoint CheckpointDigest(29Tfuwsg7woSwQkcyYRZg6BtudzmcPkayRvvUVAZ2SxP) at epoch 1, sequence 731, previous digest Some(CheckpointDigest(GpVCQisyFDWWhrj8ep88wSCqSddt95o2gti9TEtGTa8z)), transactions count 2, content digest CheckpointContentsDigest(FrxgnjEaXt5CoLNszXTviiYuwmRMVyNmAWgkQM4gSHQj), end_of_epoch_data None
[2m2025-03-25T07:57:16.232135Z[0m [32m INFO[0m [1mnode[0m[1m{[0m[3mname[0m[2m=[0mk#8dcff6d1..[1m}[0m[2m:[0m [2msui_core::checkpoints::checkpoint_output[0m[2m:[0m [2mcrates/sui-core/src/checkpoints/checkpoint_output.rs[0m[2m:[0m[2m149:[0m Creating checkpoint CheckpointDigest(29Tfuwsg7woSwQkcyYRZg6BtudzmcPkayRvvUVAZ2SxP) at epoch 1, sequence 731, previous digest Some(CheckpointDigest(GpVCQisyFDWWhrj8ep88wSCqSddt95o2gti9TEtGTa8z)), transactions count 2, content digest CheckpointContentsDigest(FrxgnjEaXt5CoLNszXTviiYuwmRMVyNmAWgkQM4gSHQj), end_of_epoch_data None
[2m2025-03-25T07:57:16.271674Z[0m [32m INFO[0m [1mnode[0m[1m{[0m[3mname[0m[2m=[0mk#b3f3cbb4..[1m}[0m[2m:[0m [2msui_core::state_accumulator[0m[2m:[0m [2mcrates/sui-core/src/state_accumulator.rs[0m[2m:[0m[2m675:[0m accumulating running root for checkpoint 619
[2m2025-03-25T07:57:16.349968Z[0m [32m INFO[0m [1mobservable[0m[1m{[0m[3mname[0m[2m=[0m"SuiBridgeStatus"[1m}[0m[2m:[0m [2msui_bridge::sui_bridge_watchdog::sui_bridge_status[0m[2m:[0m [2mcrates/sui-bridge/src/sui_bridge_watchdog/sui_bridge_status.rs[0m[2m:[0m[2m37:[0m Sui Bridge Status: false
[2m2025-03-25T07:57:16.350277Z[0m [32m INFO[0m [1mobservable[0m[1m{[0m[3mname[0m[2m=[0m"SuiBridgeStatus"[1m}[0m[2m:[0m [2msui_bridge::sui_bridge_watchdog::sui_bridge_status[0m[2m:[0m [2mcrates/sui-bridge/src/sui_bridge_watchdog/sui_bridge_status.rs[0m[2m:[0m[2m37:[0m Sui Bridge Status: false
[2m2025-03-25T07:57:16.453345Z[0m [32m INFO[0m [1mnode[0m[1m{[0m[3mname[0m[2m=[0mk#addeef94..[1m}[0m[2m:[0m [2mconsensus_core::core[0m[2m:[0m [2mconsensus/core/src/core.rs[0m[2m:[0m[2m945:[0m Included 3 ancestors & excluded 0 ancestors for proposal in round 533
[2m2025-03-25T07:57:16.453751Z[0m [32m INFO[0m [1mnode[0m[1m{[0m[3mname[0m[2m=[0mk#addeef94..[1m}[0m[2m:[0m [2mconsensus_core::core[0m[2m:[0m [2mconsensus/core/src/core.rs[0m[2m:[0m[2m531:[0m Created block B533(C,dO3owogyBeubyqCJw5Ch76VRML75rOX5WgEamocptXk=)(1742889436453ms;[B532(C,AVu52cCJQjWzWyOc9/SiQ0pscpSRwKvIx3sSLAitCvA=), B532(A,94001GdqKHry5bZE1Lipd4r5hqmGiE8otkPSS+/eCSs=), B532(B,1CcEFXSqP5GnPdWqWKiUkPvAoGTPlVu4URRcj/6bgD8=)];1t;1c) for round 533
[2m2025-03-25T07:57:16.455776Z[0m [32m INFO[0m [1mnode[0m[1m{[0m[3mname[0m[2m=[0mk#99f25ef6..[1m}[0m[2m:[0m [2mconsensus_core::core[0m[2m:[0m [2mconsensus/core/src/core.rs[0m[2m:[0m[2m945:[0m Included 3 ancestors & excluded 0 ancestors for proposal in round 533
[2m2025-03-25T07:57:16.455776Z[0m [32m INFO[0m [1mnode[0m[1m{[0m[3mname[0m[2m=[0mk#8dcff6d1..[1m}[0m[2m:[0m [2mconsensus_core::core[0m[2m:[0m [2mconsensus/core/src/core.rs[0m[2m:[0m[2m945:[0m Included 3 ancestors & excluded 0 ancestors for proposal in round 533
[2m2025-03-25T07:57:16.456079Z[0m [32m INFO[0m [1mnode[0m[1m{[0m[3mname[0m[2m=[0mk#99f25ef6..[1m}[0m[2m:[0m [2mconsensus_core::core[0m[2m:[0m [2mconsensus/core/src/core.rs[0m[2m:[0m[2m531:[0m Created block B533(B,YtjmGbkXp9ZM5Rvy21ovjJe6ELpAc13R2UgMMFhXexg=)(1742889436456ms;[B532(B,1CcEFXSqP5GnPdWqWKiUkPvAoGTPlVu4URRcj/6bgD8=), B532(A,94001GdqKHry5bZE1Lipd4r5hqmGiE8otkPSS+/eCSs=), B532(C,AVu52cCJQjWzWyOc9/SiQ0pscpSRwKvIx3sSLAitCvA=)];1t;1c) for round 533
[2m2025-03-25T07:57:16.456081Z[0m [32m INFO[0m [1mnode[0m[1m{[0m[3mname[0m[2m=[0mk#8dcff6d1..[1m}[0m[2m:[0m [2mconsensus_core::core[0m[2m:[0m [2mconsensus/core/src/core.rs[0m[2m:[0m[2m531:[0m Created block B533(A,Je823dUQC54pkboN04MavvjdQutfsqRDfi8OjMif5EU=)(1742889436456ms;[B532(A,94001GdqKHry5bZE1Lipd4r5hqmGiE8otkPSS+/eCSs=), B532(B,1CcEFXSqP5GnPdWqWKiUkPvAoGTPlVu4URRcj/6bgD8=), B532(C,AVu52cCJQjWzWyOc9/SiQ0pscpSRwKvIx3sSLAitCvA=)];1t;1c) for round 533
[2m2025-03-25T07:57:16.456152Z[0m [32m INFO[0m [1mnode[0m[1m{[0m[3mname[0m[2m=[0mk#99f25ef6..[1m}[0m[2m:[0m [2mconsensus_core::core[0m[2m:[0m [2mconsensus/core/src/core.rs[0m[2m:[0m[2m630:[0m Committing 1 leaders: B531(C,zT9T)
[2m2025-03-25T07:57:16.456152Z[0m [32m INFO[0m [1mnode[0m[1m{[0m[3mname[0m[2m=[0mk#8dcff6d1..[1m}[0m[2m:[0m [2mconsensus_core::core[0m[2m:[0m [2mconsensus/core/src/core.rs[0m[2m:[0m[2m630:[0m Committing 1 leaders: B531(C,zT9T)
[2m2025-03-25T07:57:16.456244Z[0m [32m INFO[0m [1mnode[0m[1m{[0m[3mname[0m[2m=[0mk#8dcff6d1..[1m}[0m[2m:[0m [2mconsensus_core::commit_observer[0m[2m:[0m [2mconsensus/core/src/commit_observer.rs[0m[2m:[0m[2m173:[0m Consensus commit C519(E0nw) with leader B531(C,zT9T) has 3 blocks
[2m2025-03-25T07:57:16.456244Z[0m [32m INFO[0m [1mnode[0m[1m{[0m[3mname[0m[2m=[0mk#99f25ef6..[1m}[0m[2m:[0m [2mconsensus_core::commit_observer[0m[2m:[0m [2mconsensus/core/src/commit_observer.rs[0m[2m:[0m[2m173:[0m Consensus commit C519(E0nw) with leader B531(C,zT9T) has 3 blocks
[2m2025-03-25T07:57:16.456336Z[0m [32m INFO[0m [1mnode[0m[1m{[0m[3mname[0m[2m=[0mk#8dcff6d1..[1m}[0m[2m:[0m [2msui_core::consensus_handler[0m[2m:[0m [2mcrates/sui-core/src/consensus_handler.rs[0m[2m:[0m[2m232:[0m Received consensus output [3mconsensus_commit[0m[2m=[0mCommittedSubDag(leader=B531(C,zT9T), ref=C519(E0nw), blocks=[RCeN, 3V8w, zT9T]) [3mepoch[0m[2m=[0m1
[2m2025-03-25T07:57:16.456336Z[0m [32m INFO[0m [1mnode[0m[1m{[0m[3mname[0m[2m=[0mk#99f25ef6..[1m}[0m[2m:[0m [2msui_core::consensus_handler[0m[2m:[0m [2mcrates/sui-core/src/consensus_handler.rs[0m[2m:[0m[2m232:[0m Received consensus output [3mconsensus_commit[0m[2m=[0mCommittedSubDag(leader=B531(C,zT9T), ref=C519(E0nw), blocks=[RCeN, 3V8w, zT9T]) [3mepoch[0m[2m=[0m1
[2m2025-03-25T07:57:16.460105Z[0m [32m INFO[0m [1mnode[0m[1m{[0m[3mname[0m[2m=[0mk#addeef94..[1m}[0m[2m:[0m [2mconsensus_core::core[0m[2m:[0m [2mconsensus/core/src/core.rs[0m[2m:[0m[2m630:[0m Committing 1 leaders: B531(C,zT9T)
[2m2025-03-25T07:57:16.460207Z[0m [32m INFO[0m [1mnode[0m[1m{[0m[3mname[0m[2m=[0mk#addeef94..[1m}[0m[2m:[0m [2mconsensus_core::commit_observer[0m[2m:[0m [2mconsensus/core/src/commit_observer.rs[0m[2m:[0m[2m173:[0m Consensus commit C519(E0nw) with leader B531(C,zT9T) has 3 blocks
[2m2025-03-25T07:57:16.460333Z[0m [32m INFO[0m [1mnode[0m[1m{[0m[3mname[0m[2m=[0mk#addeef94..[1m}[0m[2m:[0m [2msui_core::consensus_handler[0m[2m:[0m [2mcrates/sui-core/src/consensus_handler.rs[0m[2m:[0m[2m232:[0m Received consensus output [3mconsensus_commit[0m[2m=[0mCommittedSubDag(leader=B531(C,zT9T), ref=C519(E0nw), blocks=[RCeN, 3V8w, zT9T]) [3mepoch[0m[2m=[0m1
[2m2025-03-25T07:57:16.505103Z[0m [32m INFO[0m [1mnode[0m[1m{[0m[3mname[0m[2m=[0mk#99f25ef6..[1m}[0m[2m:[0m [2msui_core::checkpoints[0m[2m:[0m [2mcrates/sui-core/src/checkpoints/mod.rs[0m[2m:[0m[2m1326:[0m Creating checkpoint(s) for 1 transactions [3mnext_checkpoint_seq[0m[2m=[0m732 [3mcheckpoint_timestamp[0m[2m=[0m1742889435941
[2m2025-03-25T07:57:16.505356Z[0m [32m INFO[0m [1mnode[0m[1m{[0m[3mname[0m[2m=[0mk#99f25ef6..[1m}[0m[2m:[0m [2msui_core::checkpoints::checkpoint_output[0m[2m:[0m [2mcrates/sui-core/src/checkpoints/checkpoint_output.rs[0m[2m:[0m[2m149:[0m Creating checkpoint CheckpointDigest(H1V7BGsnyYkUcCBiMVayjU7HnFQPRCxM7Uo98BxKvbyc) at epoch 1, sequence 732, previous digest Some(CheckpointDigest(29Tfuwsg7woSwQkcyYRZg6BtudzmcPkayRvvUVAZ2SxP)), transactions count 1, content digest CheckpointContentsDigest(14dwVwZ6fVsheMxzcNZ7t41xJm7MRT8z4qtmJJtvhnZg), end_of_epoch_data None
[2m2025-03-25T07:57:16.505594Z[0m [32m INFO[0m [1mnode[0m[1m{[0m[3mname[0m[2m=[0mk#8dcff6d1..[1m}[0m[2m:[0m [2msui_core::checkpoints[0m[2m:[0m [2mcrates/sui-core/src/checkpoints/mod.rs[0m[2m:[0m[2m1326:[0m Creating checkpoint(s) for 1 transactions [3mnext_checkpoint_seq[0m[2m=[0m732 [3mcheckpoint_timestamp[0m[2m=[0m1742889435941
[2m2025-03-25T07:57:16.505672Z[0m [32m INFO[0m [1mnode[0m[1m{[0m[3mname[0m[2m=[0mk#addeef94..[1m}[0m[2m:[0m [2msui_core::checkpoints[0m[2m:[0m [2mcrates/sui-core/src/checkpoints/mod.rs[0m[2m:[0m[2m1326:[0m Creating checkpoint(s) for 1 transactions [3mnext_checkpoint_seq[0m[2m=[0m732 [3mcheckpoint_timestamp[0m[2m=[0m1742889435941
[2m2025-03-25T07:57:16.505791Z[0m [32m INFO[0m [1mnode[0m[1m{[0m[3mname[0m[2m=[0mk#8dcff6d1..[1m}[0m[2m:[0m [2msui_core::checkpoints::checkpoint_output[0m[2m:[0m [2mcrates/sui-core/src/checkpoints/checkpoint_output.rs[0m[2m:[0m[2m149:[0m Creating checkpoint CheckpointDigest(H1V7BGsnyYkUcCBiMVayjU7HnFQPRCxM7Uo98BxKvbyc) at epoch 1, sequence 732, previous digest Some(CheckpointDigest(29Tfuwsg7woSwQkcyYRZg6BtudzmcPkayRvvUVAZ2SxP)), transactions count 1, content digest CheckpointContentsDigest(14dwVwZ6fVsheMxzcNZ7t41xJm7MRT8z4qtmJJtvhnZg), end_of_epoch_data None
[2m2025-03-25T07:57:16.505838Z[0m [32m INFO[0m [1mnode[0m[1m{[0m[3mname[0m[2m=[0mk#addeef94..[1m}[0m[2m:[0m [2msui_core::checkpoints::checkpoint_output[0m[2m:[0m [2mcrates/sui-core/src/checkpoints/checkpoint_output.rs[0m[2m:[0m[2m149:[0m Creating checkpoint CheckpointDigest(H1V7BGsnyYkUcCBiMVayjU7HnFQPRCxM7Uo98BxKvbyc) at epoch 1, sequence 732, previous digest Some(CheckpointDigest(29Tfuwsg7woSwQkcyYRZg6BtudzmcPkayRvvUVAZ2SxP)), transactions count 1, content digest CheckpointContentsDigest(14dwVwZ6fVsheMxzcNZ7t41xJm7MRT8z4qtmJJtvhnZg), end_of_epoch_data None
[2m2025-03-25T07:57:16.508776Z[0m [32m INFO[0m [1mnode[0m[1m{[0m[3mname[0m[2m=[0mk#99f25ef6..[1m}[0m[2m:[0m [2msui_core::checkpoints::checkpoint_output[0m[2m:[0m [2mcrates/sui-core/src/checkpoints/checkpoint_output.rs[0m[2m:[0m[2m196:[0m Certified checkpoint with sequence 731 and digest 29Tfuwsg7woSwQkcyYRZg6BtudzmcPkayRvvUVAZ2SxP
[2m2025-03-25T07:57:16.508944Z[0m [32m INFO[0m [1mnode[0m[1m{[0m[3mname[0m[2m=[0mk#8dcff6d1..[1m}[0m[2m:[0m [2msui_core::checkpoints::checkpoint_output[0m[2m:[0m [2mcrates/sui-core/src/checkpoints/checkpoint_output.rs[0m[2m:[0m[2m196:[0m Certified checkpoint with sequence 731 and digest 29Tfuwsg7woSwQkcyYRZg6BtudzmcPkayRvvUVAZ2SxP
[2m2025-03-25T07:57:16.512382Z[0m [32m INFO[0m [1mnode[0m[1m{[0m[3mname[0m[2m=[0mk#8dcff6d1..[1m}[0m[2m:[0m [2msui_core::checkpoints::checkpoint_executor[0m[2m:[0m [2mcrates/sui-core/src/checkpoints/checkpoint_executor/mod.rs[0m[2m:[0m[2m332:[0m Received checkpoint summary from state sync [3msequence_number[0m[2m=[0m731
[2m2025-03-25T07:57:16.514664Z[0m [32m INFO[0m [1mnode[0m[1m{[0m[3mname[0m[2m=[0mk#99f25ef6..[1m}[0m[2m:[0m [2msui_core::checkpoints::checkpoint_executor[0m[2m:[0m [2mcrates/sui-core/src/checkpoints/checkpoint_executor/mod.rs[0m[2m:[0m[2m332:[0m Received checkpoint summary from state sync [3msequence_number[0m[2m=[0m731
[2m2025-03-25T07:57:16.530049Z[0m [32m INFO[0m [1mnode[0m[1m{[0m[3mname[0m[2m=[0mk#99f25ef6..[1m}[0m[2m:[0m [2msui_core::state_accumulator[0m[2m:[0m [2mcrates/sui-core/src/state_accumulator.rs[0m[2m:[0m[2m675:[0m accumulating running root for checkpoint 731
[2m2025-03-25T07:57:16.530050Z[0m [32m INFO[0m [1mnode[0m[1m{[0m[3mname[0m[2m=[0mk#8dcff6d1..[1m}[0m[2m:[0m [2msui_core::state_accumulator[0m[2m:[0m [2mcrates/sui-core/src/state_accumulator.rs[0m[2m:[0m[2m675:[0m accumulating running root for checkpoint 731
[2m2025-03-25T07:57:16.573132Z[0m [32m INFO[0m [1mnode[0m[1m{[0m[3mname[0m[2m=[0mk#addeef94..[1m}[0m[2m:[0m [2msui_core::checkpoints::checkpoint_executor[0m[2m:[0m [2mcrates/sui-core/src/checkpoints/checkpoint_executor/mod.rs[0m[2m:[0m[2m332:[0m Received checkpoint summary from state sync [3msequence_number[0m[2m=[0m731
[2m2025-03-25T07:57:16.574467Z[0m [32m INFO[0m [1mnode[0m[1m{[0m[3mname[0m[2m=[0mk#addeef94..[1m}[0m[2m:[0m [2msui_core::state_accumulator[0m[2m:[0m [2mcrates/sui-core/src/state_accumulator.rs[0m[2m:[0m[2m675:[0m accumulating running root for checkpoint 731
[2m2025-03-25T07:57:16.707991Z[0m [32m INFO[0m [1mnode[0m[1m{[0m[3mname[0m[2m=[0mk#99f25ef6..[1m}[0m[2m:[0m [2mconsensus_core::core[0m[2m:[0m [2mconsensus/core/src/core.rs[0m[2m:[0m[2m945:[0m Included 3 ancestors & excluded 0 ancestors for proposal in round 534
[2m2025-03-25T07:57:16.708415Z[0m [32m INFO[0m [1mnode[0m[1m{[0m[3mname[0m[2m=[0mk#99f25ef6..[1m}[0m[2m:[0m [2mconsensus_core::core[0m[2m:[0m [2mconsensus/core/src/core.rs[0m[2m:[0m[2m531:[0m Created block B534(B,QLmTsCNHzLv55iO9O8Cug4GFsXrj+Ti2PC/fDyikqyc=)(1742889436708ms;[B533(B,YtjmGbkXp9ZM5Rvy21ovjJe6ELpAc13R2UgMMFhXexg=), B533(A,Je823dUQC54pkboN04MavvjdQutfsqRDfi8OjMif5EU=), B533(C,dO3owogyBeubyqCJw5Ch76VRML75rOX5WgEamocptXk=)];1t;1c) for round 534
[2m2025-03-25T07:57:16.710421Z[0m [32m INFO[0m [1mnode[0m[1m{[0m[3mname[0m[2m=[0mk#8dcff6d1..[1m}[0m[2m:[0m [2mconsensus_core::core[0m[2m:[0m [2mconsensus/core/src/core.rs[0m[2m:[0m[2m945:[0m Included 3 ancestors & excluded 0 ancestors for proposal in round 534
[2m2025-03-25T07:57:16.710729Z[0m [32m INFO[0m [1mnode[0m[1m{[0m[3mname[0m[2m=[0mk#8dcff6d1..[1m}[0m[2m:[0m [2mconsensus_core::core[0m[2m:[0m [2mconsensus/core/src/core.rs[0m[2m:[0m[2m531:[0m Created block B534(A,R+mi4QvuoRQaYZ9pVRwr/W2WswibTVx22j16e1fxhoU=)(1742889436710ms;[B533(A,Je823dUQC54pkboN04MavvjdQutfsqRDfi8OjMif5EU=), B533(B,YtjmGbkXp9ZM5Rvy21ovjJe6ELpAc13R2UgMMFhXexg=), B533(C,dO3owogyBeubyqCJw5Ch76VRML75rOX5WgEamocptXk=)];1t;1c) for round 534
[2m2025-03-25T07:57:16.712144Z[0m [32m INFO[0m [1mnode[0m[1m{[0m[3mname[0m[2m=[0mk#addeef94..[1m}[0m[2m:[0m [2mconsensus_core::core[0m[2m:[0m [2mconsensus/core/src/core.rs[0m[2m:[0m[2m945:[0m Included 3 ancestors & excluded 0 ancestors for proposal in round 534
[2m2025-03-25T07:57:16.712448Z[0m [32m INFO[0m [1mnode[0m[1m{[0m[3mname[0m[2m=[0mk#addeef94..[1m}[0m[2m:[0m [2mconsensus_core::core[0m[2m:[0m [2mconsensus/core/src/core.rs[0m[2m:[0m[2m531:[0m Created block B534(C,QrmKZzL1v8GDzAC1IbpFialHi/8hhDI/PxZAitZ01nA=)(1742889436712ms;[B533(C,dO3owogyBeubyqCJw5Ch76VRML75rOX5WgEamocptXk=), B533(A,Je823dUQC54pkboN04MavvjdQutfsqRDfi8OjMif5EU=), B533(B,YtjmGbkXp9ZM5Rvy21ovjJe6ELpAc13R2UgMMFhXexg=)];1t;1c) for round 534
[2m2025-03-25T07:57:16.712520Z[0m [32m INFO[0m [1mnode[0m[1m{[0m[3mname[0m[2m=[0mk#addeef94..[1m}[0m[2m:[0m [2mconsensus_core::core[0m[2m:[0m [2mconsensus/core/src/core.rs[0m[2m:[0m[2m630:[0m Committing 1 leaders: B532(A,9400)
[2m2025-03-25T07:57:16.712605Z[0m [32m INFO[0m [1mnode[0m[1m{[0m[3mname[0m[2m=[0mk#addeef94..[1m}[0m[2m:[0m [2mconsensus_core::commit_observer[0m[2m:[0m [2mconsensus/core/src/commit_observer.rs[0m[2m:[0m[2m173:[0m Consensus commit C520(S03h) with leader B532(A,9400) has 3 blocks
[2m2025-03-25T07:57:16.712848Z[0m [32m INFO[0m [1mnode[0m[1m{[0m[3mname[0m[2m=[0mk#addeef94..[1m}[0m[2m:[0m [2msui_core::consensus_handler[0m[2m:[0m [2mcrates/sui-core/src/consensus_handler.rs[0m[2m:[0m[2m232:[0m Received consensus output [3mconsensus_commit[0m[2m=[0mCommittedSubDag(leader=B532(A,9400), ref=C520(S03h), blocks=[p/Ne, /hvh, 9400]) [3mepoch[0m[2m=[0m1
[2m2025-03-25T07:57:16.715945Z[0m [32m INFO[0m [1mnode[0m[1m{[0m[3mname[0m[2m=[0mk#8dcff6d1..[1m}[0m[2m:[0m [2msui_core::checkpoints::checkpoint_output[0m[2m:[0m [2mcrates/sui-core/src/checkpoints/checkpoint_output.rs[0m[2m:[0m[2m196:[0m Certified checkpoint with sequence 732 and digest H1V7BGsnyYkUcCBiMVayjU7HnFQPRCxM7Uo98BxKvbyc
[2m2025-03-25T07:57:16.715951Z[0m [32m INFO[0m [1mnode[0m[1m{[0m[3mname[0m[2m=[0mk#99f25ef6..[1m}[0m[2m:[0m [2msui_core::checkpoints::checkpoint_output[0m[2m:[0m [2mcrates/sui-core/src/checkpoints/checkpoint_output.rs[0m[2m:[0m[2m196:[0m Certified checkpoint with sequence 732 and digest H1V7BGsnyYkUcCBiMVayjU7HnFQPRCxM7Uo98BxKvbyc
[2m2025-03-25T07:57:16.716063Z[0m [32m INFO[0m [1mnode[0m[1m{[0m[3mname[0m[2m=[0mk#8dcff6d1..[1m}[0m[2m:[0m [2mconsensus_core::core[0m[2m:[0m [2mconsensus/core/src/core.rs[0m[2m:[0m[2m630:[0m Committing 1 leaders: B532(A,9400)
[2m2025-03-25T07:57:16.716065Z[0m [32m INFO[0m [1mnode[0m[1m{[0m[3mname[0m[2m=[0mk#99f25ef6..[1m}[0m[2m:[0m [2mconsensus_core::core[0m[2m:[0m [2mconsensus/core/src/core.rs[0m[2m:[0m[2m630:[0m Committing 1 leaders: B532(A,9400)
[2m2025-03-25T07:57:16.716163Z[0m [32m INFO[0m [1mnode[0m[1m{[0m[3mname[0m[2m=[0mk#8dcff6d1..[1m}[0m[2m:[0m [2mconsensus_core::commit_observer[0m[2m:[0m [2mconsensus/core/src/commit_observer.rs[0m[2m:[0m[2m173:[0m Consensus commit C520(S03h) with leader B532(A,9400) has 3 blocks
[2m2025-03-25T07:57:16.716184Z[0m [32m INFO[0m [1mnode[0m[1m{[0m[3mname[0m[2m=[0mk#99f25ef6..[1m}[0m[2m:[0m [2mconsensus_core::commit_observer[0m[2m:[0m [2mconsensus/core/src/commit_observer.rs[0m[2m:[0m[2m173:[0m Consensus commit C520(S03h) with leader B532(A,9400) has 3 blocks
[2m2025-03-25T07:57:16.716585Z[0m [32m INFO[0m [1mnode[0m[1m{[0m[3mname[0m[2m=[0mk#8dcff6d1..[1m}[0m[2m:[0m [2msui_core::consensus_handler[0m[2m:[0m [2mcrates/sui-core/src/consensus_handler.rs[0m[2m:[0m[2m232:[0m Received consensus output [3mconsensus_commit[0m[2m=[0mCommittedSubDag(leader=B532(A,9400), ref=C520(S03h), blocks=[p/Ne, /hvh, 9400]) [3mepoch[0m[2m=[0m1
[2m2025-03-25T07:57:16.716586Z[0m [32m INFO[0m [1mnode[0m[1m{[0m[3mname[0m[2m=[0mk#99f25ef6..[1m}[0m[2m:[0m [2msui_core::consensus_handler[0m[2m:[0m [2mcrates/sui-core/src/consensus_handler.rs[0m[2m:[0m[2m232:[0m Received consensus output [3mconsensus_commit[0m[2m=[0mCommittedSubDag(leader=B532(A,9400), ref=C520(S03h), blocks=[p/Ne, /hvh, 9400]) [3mepoch[0m[2m=[0m1
[2m2025-03-25T07:57:16.717177Z[0m [32m INFO[0m [1mnode[0m[1m{[0m[3mname[0m[2m=[0mk#8dcff6d1..[1m}[0m[2m:[0m [2msui_core::checkpoints::checkpoint_executor[0m[2m:[0m [2mcrates/sui-core/src/checkpoints/checkpoint_executor/mod.rs[0m[2m:[0m[2m332:[0m Received checkpoint summary from state sync [3msequence_number[0m[2m=[0m732
[2m2025-03-25T07:57:16.717177Z[0m [32m INFO[0m [1mnode[0m[1m{[0m[3mname[0m[2m=[0mk#99f25ef6..[1m}[0m[2m:[0m [2msui_core::checkpoints::checkpoint_executor[0m[2m:[0m [2mcrates/sui-core/src/checkpoints/checkpoint_executor/mod.rs[0m[2m:[0m[2m332:[0m Received checkpoint summary from state sync [3msequence_number[0m[2m=[0m732
[2m2025-03-25T07:57:16.718780Z[0m [32m INFO[0m [1mnode[0m[1m{[0m[3mname[0m[2m=[0mk#8dcff6d1..[1m}[0m[2m:[0m [2msui_core::state_accumulator[0m[2m:[0m [2mcrates/sui-core/src/state_accumulator.rs[0m[2m:[0m[2m675:[0m accumulating running root for checkpoint 732
[2m2025-03-25T07:57:16.718779Z[0m [32m INFO[0m [1mnode[0m[1m{[0m[3mname[0m[2m=[0mk#99f25ef6..[1m}[0m[2m:[0m [2msui_core::state_accumulator[0m[2m:[0m [2mcrates/sui-core/src/state_accumulator.rs[0m[2m:[0m[2m675:[0m accumulating running root for checkpoint 732
[2m2025-03-25T07:57:16.739771Z[0m [32m INFO[0m [1mnode[0m[1m{[0m[3mname[0m[2m=[0mk#addeef94..[1m}[0m[2m:[0m [2msui_core::checkpoints[0m[2m:[0m [2mcrates/sui-core/src/checkpoints/mod.rs[0m[2m:[0m[2m1326:[0m Creating checkpoint(s) for 2 transactions [3mnext_checkpoint_seq[0m[2m=[0m733 [3mcheckpoint_timestamp[0m[2m=[0m1742889436196
[2m2025-03-25T07:57:16.740100Z[0m [32m INFO[0m [1mnode[0m[1m{[0m[3mname[0m[2m=[0mk#addeef94..[1m}[0m[2m:[0m [2msui_core::checkpoints::checkpoint_output[0m[2m:[0m [2mcrates/sui-core/src/checkpoints/checkpoint_output.rs[0m[2m:[0m[2m149:[0m Creating checkpoint CheckpointDigest(6QUShQrFdSy2pbiJBVWKySYLjsAeX91hqnEpxGMhhuuW) at epoch 1, sequence 733, previous digest Some(CheckpointDigest(H1V7BGsnyYkUcCBiMVayjU7HnFQPRCxM7Uo98BxKvbyc)), transactions count 2, content digest CheckpointContentsDigest(HEKcLr1NGaMt8fFj6s5WSDatfkVcZb9ceyDbdTAJAdcq), end_of_epoch_data None
[2m2025-03-25T07:57:16.743062Z[0m [32m INFO[0m [1mnode[0m[1m{[0m[3mname[0m[2m=[0mk#addeef94..[1m}[0m[2m:[0m [2msui_core::checkpoints::checkpoint_executor[0m[2m:[0m [2mcrates/sui-core/src/checkpoints/checkpoint_executor/mod.rs[0m[2m:[0m[2m332:[0m Received checkpoint summary from state sync [3msequence_number[0m[2m=[0m732
[2m2025-03-25T07:57:16.743951Z[0m [32m INFO[0m [1mnode[0m[1m{[0m[3mname[0m[2m=[0mk#addeef94..[1m}[0m[2m:[0m [2msui_core::state_accumulator[0m[2m:[0m [2mcrates/sui-core/src/state_accumulator.rs[0m[2m:[0m[2m675:[0m accumulating running root for checkpoint 732
[2m2025-03-25T07:57:16.744555Z[0m [32m INFO[0m [1mnode[0m[1m{[0m[3mname[0m[2m=[0mk#8dcff6d1..[1m}[0m[2m:[0m [2msui_core::checkpoints[0m[2m:[0m [2mcrates/sui-core/src/checkpoints/mod.rs[0m[2m:[0m[2m1326:[0m Creating checkpoint(s) for 2 transactions [3mnext_checkpoint_seq[0m[2m=[0m733 [3mcheckpoint_timestamp[0m[2m=[0m1742889436196
[2m2025-03-25T07:57:16.744557Z[0m [32m INFO[0m [1mnode[0m[1m{[0m[3mname[0m[2m=[0mk#99f25ef6..[1m}[0m[2m:[0m [2msui_core::checkpoints[0m[2m:[0m [2mcrates/sui-core/src/checkpoints/mod.rs[0m[2m:[0m[2m1326:[0m Creating checkpoint(s) for 2 transactions [3mnext_checkpoint_seq[0m[2m=[0m733 [3mcheckpoint_timestamp[0m[2m=[0m1742889436196
[2m2025-03-25T07:57:16.744824Z[0m [32m INFO[0m [1mnode[0m[1m{[0m[3mname[0m[2m=[0mk#99f25ef6..[1m}[0m[2m:[0m [2msui_core::checkpoints::checkpoint_output[0m[2m:[0m [2mcrates/sui-core/src/checkpoints/checkpoint_output.rs[0m[2m:[0m[2m149:[0m Creating checkpoint CheckpointDigest(6QUShQrFdSy2pbiJBVWKySYLjsAeX91hqnEpxGMhhuuW) at epoch 1, sequence 733, previous digest Some(CheckpointDigest(H1V7BGsnyYkUcCBiMVayjU7HnFQPRCxM7Uo98BxKvbyc)), transactions count 2, content digest CheckpointContentsDigest(HEKcLr1NGaMt8fFj6s5WSDatfkVcZb9ceyDbdTAJAdcq), end_of_epoch_data None
[2m2025-03-25T07:57:16.744824Z[0m [32m INFO[0m [1mnode[0m[1m{[0m[3mname[0m[2m=[0mk#8dcff6d1..[1m}[0m[2m:[0m [2msui_core::checkpoints::checkpoint_output[0m[2m:[0m [2mcrates/sui-core/src/checkpoints/checkpoint_output.rs[0m[2m:[0m[2m149:[0m Creating checkpoint CheckpointDigest(6QUShQrFdSy2pbiJBVWKySYLjsAeX91hqnEpxGMhhuuW) at epoch 1, sequence 733, previous digest Some(CheckpointDigest(H1V7BGsnyYkUcCBiMVayjU7HnFQPRCxM7Uo98BxKvbyc)), transactions count 2, content digest CheckpointContentsDigest(HEKcLr1NGaMt8fFj6s5WSDatfkVcZb9ceyDbdTAJAdcq), end_of_epoch_data None
[2m2025-03-25T07:57:16.965731Z[0m [32m INFO[0m [1mnode[0m[1m{[0m[3mname[0m[2m=[0mk#addeef94..[1m}[0m[2m:[0m [2mconsensus_core::core[0m[2m:[0m [2mconsensus/core/src/core.rs[0m[2m:[0m[2m945:[0m Included 3 ancestors & excluded 0 ancestors for proposal in round 535
[2m2025-03-25T07:57:16.966163Z[0m [32m INFO[0m [1mnode[0m[1m{[0m[3mname[0m[2m=[0mk#addeef94..[1m}[0m[2m:[0m [2mconsensus_core::core[0m[2m:[0m [2mconsensus/core/src/core.rs[0m[2m:[0m[2m531:[0m Created block B535(C,BRuAZ9C6a41zj1UT/5OmkGzrxb7ErUSqQByqyV52FKg=)(1742889436966ms;[B534(C,QrmKZzL1v8GDzAC1IbpFialHi/8hhDI/PxZAitZ01nA=), B534(A,R+mi4QvuoRQaYZ9pVRwr/W2WswibTVx22j16e1fxhoU=), B534(B,QLmTsCNHzLv55iO9O8Cug4GFsXrj+Ti2PC/fDyikqyc=)];1t;1c) for round 535
[2m2025-03-25T07:57:16.968245Z[0m [32m INFO[0m [1mnode[0m[1m{[0m[3mname[0m[2m=[0mk#99f25ef6..[1m}[0m[2m:[0m [2mconsensus_core::core[0m[2m:[0m [2mconsensus/core/src/core.rs[0m[2m:[0m[2m945:[0m Included 3 ancestors & excluded 0 ancestors for proposal in round 535
[2m2025-03-25T07:57:16.968245Z[0m [32m INFO[0m [1mnode[0m[1m{[0m[3mname[0m[2m=[0mk#8dcff6d1..[1m}[0m[2m:[0m [2mconsensus_core::core[0m[2m:[0m [2mconsensus/core/src/core.rs[0m[2m:[0m[2m945:[0m Included 3 ancestors & excluded 0 ancestors for proposal in round 535
[2m2025-03-25T07:57:16.968548Z[0m [32m INFO[0m [1mnode[0m[1m{[0m[3mname[0m[2m=[0mk#99f25ef6..[1m}[0m[2m:[0m [2mconsensus_core::core[0m[2m:[0m [2mconsensus/core/src/core.rs[0m[2m:[0m[2m531:[0m Created block B535(B,s3JogYH3x+UPi7j/sv6ltoXs/G+nqsjldRJ8Cb0+v2M=)(1742889436968ms;[B534(B,QLmTsCNHzLv55iO9O8Cug4GFsXrj+Ti2PC/fDyikqyc=), B534(A,R+mi4QvuoRQaYZ9pVRwr/W2WswibTVx22j16e1fxhoU=), B534(C,QrmKZzL1v8GDzAC1IbpFialHi/8hhDI/PxZAitZ01nA=)];1t;1c) for round 535
[2m2025-03-25T07:57:16.968554Z[0m [32m INFO[0m [1mnode[0m[1m{[0m[3mname[0m[2m=[0mk#8dcff6d1..[1m}[0m[2m:[0m [2mconsensus_core::core[0m[2m:[0m [2mconsensus/core/src/core.rs[0m[2m:[0m[2m531:[0m Created block B535(A,LrhhwvuxTSqYLX67m2ZgR425SfnnJa4fH+SxA2qctjI=)(1742889436968ms;[B534(A,R+mi4QvuoRQaYZ9pVRwr/W2WswibTVx22j16e1fxhoU=), B534(B,QLmTsCNHzLv55iO9O8Cug4GFsXrj+Ti2PC/fDyikqyc=), B534(C,QrmKZzL1v8GDzAC1IbpFialHi/8hhDI/PxZAitZ01nA=)];1t;1c) for round 535
[2m2025-03-25T07:57:16.968633Z[0m [32m INFO[0m [1mnode[0m[1m{[0m[3mname[0m[2m=[0mk#99f25ef6..[1m}[0m[2m:[0m [2mconsensus_core::core[0m[2m:[0m [2mconsensus/core/src/core.rs[0m[2m:[0m[2m630:[0m Committing 1 leaders: B533(B,Ytjm)
[2m2025-03-25T07:57:16.968633Z[0m [32m INFO[0m [1mnode[0m[1m{[0m[3mname[0m[2m=[0mk#8dcff6d1..[1m}[0m[2m:[0m [2mconsensus_core::core[0m[2m:[0m [2mconsensus/core/src/core.rs[0m[2m:[0m[2m630:[0m Committing 1 leaders: B533(B,Ytjm)
[2m2025-03-25T07:57:16.968716Z[0m [32m INFO[0m [1mnode[0m[1m{[0m[3mname[0m[2m=[0mk#99f25ef6..[1m}[0m[2m:[0m [2mconsensus_core::commit_observer[0m[2m:[0m [2mconsensus/core/src/commit_observer.rs[0m[2m:[0m[2m173:[0m Consensus commit C521(I7PL) with leader B533(B,Ytjm) has 3 blocks
[2m2025-03-25T07:57:16.968722Z[0m [32m INFO[0m [1mnode[0m[1m{[0m[3mname[0m[2m=[0mk#8dcff6d1..[1m}[0m[2m:[0m [2mconsensus_core::commit_observer[0m[2m:[0m [2mconsensus/core/src/commit_observer.rs[0m[2m:[0m[2m173:[0m Consensus commit C521(I7PL) with leader B533(B,Ytjm) has 3 blocks
[2m2025-03-25T07:57:16.968815Z[0m [32m INFO[0m [1mnode[0m[1m{[0m[3mname[0m[2m=[0mk#8dcff6d1..[1m}[0m[2m:[0m [2msui_core::consensus_handler[0m[2m:[0m [2mcrates/sui-core/src/consensus_handler.rs[0m[2m:[0m[2m232:[0m Received consensus output [3mconsensus_commit[0m[2m=[0mCommittedSubDag(leader=B533(B,Ytjm), ref=C521(I7PL), blocks=[1CcE, AVu5, Ytjm]) [3mepoch[0m[2m=[0m1
[2m2025-03-25T07:57:16.968815Z[0m [32m INFO[0m [1mnode[0m[1m{[0m[3mname[0m[2m=[0mk#99f25ef6..[1m}[0m[2m:[0m [2msui_core::consensus_handler[0m[2m:[0m [2mcrates/sui-core/src/consensus_handler.rs[0m[2m:[0m[2m232:[0m Received consensus output [3mconsensus_commit[0m[2m=[0mCommittedSubDag(leader=B533(B,Ytjm), ref=C521(I7PL), blocks=[1CcE, AVu5, Ytjm]) [3mepoch[0m[2m=[0m1
[2m2025-03-25T07:57:16.972643Z[0m [32m INFO[0m [1mnode[0m[1m{[0m[3mname[0m[2m=[0mk#addeef94..[1m}[0m[2m:[0m [2mconsensus_core::core[0m[2m:[0m [2mconsensus/core/src/core.rs[0m[2m:[0m[2m630:[0m Committing 1 leaders: B533(B,Ytjm)
[2m2025-03-25T07:57:16.972739Z[0m [32m INFO[0m [1mnode[0m[1m{[0m[3mname[0m[2m=[0mk#addeef94..[1m}[0m[2m:[0m [2mconsensus_core::commit_observer[0m[2m:[0m [2mconsensus/core/src/commit_observer.rs[0m[2m:[0m[2m173:[0m Consensus commit C521(I7PL) with leader B533(B,Ytjm) has 3 blocks
[2m2025-03-25T07:57:16.972866Z[0m [32m INFO[0m [1mnode[0m[1m{[0m[3mname[0m[2m=[0mk#addeef94..[1m}[0m[2m:[0m [2msui_core::consensus_handler[0m[2m:[0m [2mcrates/sui-core/src/consensus_handler.rs[0m[2m:[0m[2m232:[0m Received consensus output [3mconsensus_commit[0m[2m=[0mCommittedSubDag(leader=B533(B,Ytjm), ref=C521(I7PL), blocks=[1CcE, AVu5, Ytjm]) [3mepoch[0m[2m=[0m1
[2m2025-03-25T07:57:17.015029Z[0m [32m INFO[0m [1mnode[0m[1m{[0m[3mname[0m[2m=[0mk#99f25ef6..[1m}[0m[2m:[0m [2msui_core::checkpoints[0m[2m:[0m [2mcrates/sui-core/src/checkpoints/mod.rs[0m[2m:[0m[2m1326:[0m Creating checkpoint(s) for 1 transactions [3mnext_checkpoint_seq[0m[2m=[0m734 [3mcheckpoint_timestamp[0m[2m=[0m1742889436456
[2m2025-03-25T07:57:17.015029Z[0m [32m INFO[0m [1mnode[0m[1m{[0m[3mname[0m[2m=[0mk#8dcff6d1..[1m}[0m[2m:[0m [2msui_core::checkpoints[0m[2m:[0m [2mcrates/sui-core/src/checkpoints/mod.rs[0m[2m:[0m[2m1326:[0m Creating checkpoint(s) for 1 transactions [3mnext_checkpoint_seq[0m[2m=[0m734 [3mcheckpoint_timestamp[0m[2m=[0m1742889436456
[2m2025-03-25T07:57:17.015270Z[0m [32m INFO[0m [1mnode[0m[1m{[0m[3mname[0m[2m=[0mk#99f25ef6..[1m}[0m[2m:[0m [2msui_core::checkpoints::checkpoint_output[0m[2m:[0m [2mcrates/sui-core/src/checkpoints/checkpoint_output.rs[0m[2m:[0m[2m149:[0m Creating checkpoint CheckpointDigest(2TUZLhXdoVCbQRbGrXmPMcBmQh27UPVmU3zp2nUEUMP6) at epoch 1, sequence 734, previous digest Some(CheckpointDigest(6QUShQrFdSy2pbiJBVWKySYLjsAeX91hqnEpxGMhhuuW)), transactions count 1, content digest CheckpointContentsDigest(D8seNUoq6fQcuoyG2fpgrGAHTboU6B8W6LZhXa5ze8ob), end_of_epoch_data None
[2m2025-03-25T07:57:17.015270Z[0m [32m INFO[0m [1mnode[0m[1m{[0m[3mname[0m[2m=[0mk#8dcff6d1..[1m}[0m[2m:[0m [2msui_core::checkpoints::checkpoint_output[0m[2m:[0m [2mcrates/sui-core/src/checkpoints/checkpoint_output.rs[0m[2m:[0m[2m149:[0m Creating checkpoint CheckpointDigest(2TUZLhXdoVCbQRbGrXmPMcBmQh27UPVmU3zp2nUEUMP6) at epoch 1, sequence 734, previous digest Some(CheckpointDigest(6QUShQrFdSy2pbiJBVWKySYLjsAeX91hqnEpxGMhhuuW)), transactions count 1, content digest CheckpointContentsDigest(D8seNUoq6fQcuoyG2fpgrGAHTboU6B8W6LZhXa5ze8ob), end_of_epoch_data None
[2m2025-03-25T07:57:17.017270Z[0m [32m INFO[0m [1mnode[0m[1m{[0m[3mname[0m[2m=[0mk#addeef94..[1m}[0m[2m:[0m [2msui_core::checkpoints[0m[2m:[0m [2mcrates/sui-core/src/checkpoints/mod.rs[0m[2m:[0m[2m1326:[0m Creating checkpoint(s) for 1 transactions [3mnext_checkpoint_seq[0m[2m=[0m734 [3mcheckpoint_timestamp[0m[2m=[0m1742889436456
[2m2025-03-25T07:57:17.017446Z[0m [32m INFO[0m [1mnode[0m[1m{[0m[3mname[0m[2m=[0mk#addeef94..[1m}[0m[2m:[0m [2msui_core::checkpoints::checkpoint_output[0m[2m:[0m [2mcrates/sui-core/src/checkpoints/checkpoint_output.rs[0m[2m:[0m[2m149:[0m Creating checkpoint CheckpointDigest(2TUZLhXdoVCbQRbGrXmPMcBmQh27UPVmU3zp2nUEUMP6) at epoch 1, sequence 734, previous digest Some(CheckpointDigest(6QUShQrFdSy2pbiJBVWKySYLjsAeX91hqnEpxGMhhuuW)), transactions count 1, content digest CheckpointContentsDigest(D8seNUoq6fQcuoyG2fpgrGAHTboU6B8W6LZhXa5ze8ob), end_of_epoch_data None
[2m2025-03-25T07:57:17.018625Z[0m [32m INFO[0m [1mnode[0m[1m{[0m[3mname[0m[2m=[0mk#99f25ef6..[1m}[0m[2m:[0m [2msui_core::checkpoints::checkpoint_output[0m[2m:[0m [2mcrates/sui-core/src/checkpoints/checkpoint_output.rs[0m[2m:[0m[2m196:[0m Certified checkpoint with sequence 733 and digest 6QUShQrFdSy2pbiJBVWKySYLjsAeX91hqnEpxGMhhuuW
[2m2025-03-25T07:57:17.018629Z[0m [32m INFO[0m [1mnode[0m[1m{[0m[3mname[0m[2m=[0mk#8dcff6d1..[1m}[0m[2m:[0m [2msui_core::checkpoints::checkpoint_output[0m[2m:[0m [2mcrates/sui-core/src/checkpoints/checkpoint_output.rs[0m[2m:[0m[2m196:[0m Certified checkpoint with sequence 733 and digest 6QUShQrFdSy2pbiJBVWKySYLjsAeX91hqnEpxGMhhuuW
[2m2025-03-25T07:57:17.022367Z[0m [32m INFO[0m [1mnode[0m[1m{[0m[3mname[0m[2m=[0mk#8dcff6d1..[1m}[0m[2m:[0m [2msui_core::checkpoints::checkpoint_executor[0m[2m:[0m [2mcrates/sui-core/src/checkpoints/checkpoint_executor/mod.rs[0m[2m:[0m[2m332:[0m Received checkpoint summary from state sync [3msequence_number[0m[2m=[0m733
[2m2025-03-25T07:57:17.025015Z[0m [32m INFO[0m [1mnode[0m[1m{[0m[3mname[0m[2m=[0mk#99f25ef6..[1m}[0m[2m:[0m [2msui_core::checkpoints::checkpoint_executor[0m[2m:[0m [2mcrates/sui-core/src/checkpoints/checkpoint_executor/mod.rs[0m[2m:[0m[2m332:[0m Received checkpoint summary from state sync [3msequence_number[0m[2m=[0m733
[2m2025-03-25T07:57:17.040347Z[0m [32m INFO[0m [1mnode[0m[1m{[0m[3mname[0m[2m=[0mk#8dcff6d1..[1m}[0m[2m:[0m [2msui_core::state_accumulator[0m[2m:[0m [2mcrates/sui-core/src/state_accumulator.rs[0m[2m:[0m[2m675:[0m accumulating running root for checkpoint 733
[2m2025-03-25T07:57:17.040551Z[0m [32m INFO[0m [1mnode[0m[1m{[0m[3mname[0m[2m=[0mk#99f25ef6..[1m}[0m[2m:[0m [2msui_core::state_accumulator[0m[2m:[0m [2mcrates/sui-core/src/state_accumulator.rs[0m[2m:[0m[2m675:[0m accumulating running root for checkpoint 733
[2m2025-03-25T07:57:17.084957Z[0m [32m INFO[0m [1mnode[0m[1m{[0m[3mname[0m[2m=[0mk#addeef94..[1m}[0m[2m:[0m [2msui_core::checkpoints::checkpoint_executor[0m[2m:[0m [2mcrates/sui-core/src/checkpoints/checkpoint_executor/mod.rs[0m[2m:[0m[2m332:[0m Received checkpoint summary from state sync [3msequence_number[0m[2m=[0m733
[2m2025-03-25T07:57:17.086362Z[0m [32m INFO[0m [1mnode[0m[1m{[0m[3mname[0m[2m=[0mk#addeef94..[1m}[0m[2m:[0m [2msui_core::state_accumulator[0m[2m:[0m [2mcrates/sui-core/src/state_accumulator.rs[0m[2m:[0m[2m675:[0m accumulating running root for checkpoint 733
[2m2025-03-25T07:57:17.220436Z[0m [32m INFO[0m [1mnode[0m[1m{[0m[3mname[0m[2m=[0mk#99f25ef6..[1m}[0m[2m:[0m [2mconsensus_core::core[0m[2m:[0m [2mconsensus/core/src/core.rs[0m[2m:[0m[2m945:[0m Included 3 ancestors & excluded 0 ancestors for proposal in round 536
[2m2025-03-25T07:57:17.220805Z[0m [32m INFO[0m [1mnode[0m[1m{[0m[3mname[0m[2m=[0mk#99f25ef6..[1m}[0m[2m:[0m [2mconsensus_core::core[0m[2m:[0m [2mconsensus/core/src/core.rs[0m[2m:[0m[2m531:[0m Created block B536(B,xopO8X+6RU4Ftwwc0D4fwZCdqZmJAmHUnE15O3L+Qxk=)(1742889437220ms;[B535(B,s3JogYH3x+UPi7j/sv6ltoXs/G+nqsjldRJ8Cb0+v2M=), B535(A,LrhhwvuxTSqYLX67m2ZgR425SfnnJa4fH+SxA2qctjI=), B535(C,BRuAZ9C6a41zj1UT/5OmkGzrxb7ErUSqQByqyV52FKg=)];1t;1c) for round 536
[2m2025-03-25T07:57:17.222442Z[0m [32m INFO[0m [1mnode[0m[1m{[0m[3mname[0m[2m=[0mk#8dcff6d1..[1m}[0m[2m:[0m [2mconsensus_core::core[0m[2m:[0m [2mconsensus/core/src/core.rs[0m[2m:[0m[2m945:[0m Included 3 ancestors & excluded 0 ancestors for proposal in round 536
[2m2025-03-25T07:57:17.222738Z[0m [32m INFO[0m [1mnode[0m[1m{[0m[3mname[0m[2m=[0mk#8dcff6d1..[1m}[0m[2m:[0m [2mconsensus_core::core[0m[2m:[0m [2mconsensus/core/src/core.rs[0m[2m:[0m[2m531:[0m Created block B536(A,u5t98am5LStyHMAzhYNTJKemccD8xKoc8tBr4cdX50I=)(1742889437222ms;[B535(A,LrhhwvuxTSqYLX67m2ZgR425SfnnJa4fH+SxA2qctjI=), B535(B,s3JogYH3x+UPi7j/sv6ltoXs/G+nqsjldRJ8Cb0+v2M=), B535(C,BRuAZ9C6a41zj1UT/5OmkGzrxb7ErUSqQByqyV52FKg=)];1t;1c) for round 536
[2m2025-03-25T07:57:17.224529Z[0m [32m INFO[0m [1mnode[0m[1m{[0m[3mname[0m[2m=[0mk#addeef94..[1m}[0m[2m:[0m [2mconsensus_core::core[0m[2m:[0m [2mconsensus/core/src/core.rs[0m[2m:[0m[2m945:[0m Included 3 ancestors & excluded 0 ancestors for proposal in round 536
[2m2025-03-25T07:57:17.224838Z[0m [32m INFO[0m [1mnode[0m[1m{[0m[3mname[0m[2m=[0mk#addeef94..[1m}[0m[2m:[0m [2mconsensus_core::core[0m[2m:[0m [2mconsensus/core/src/core.rs[0m[2m:[0m[2m531:[0m Created block B536(C,QQnCQywzeDMkxMFcCarKzvOzkW02t3KxBtF4XRLObpw=)(1742889437224ms;[B535(C,BRuAZ9C6a41zj1UT/5OmkGzrxb7ErUSqQByqyV52FKg=), B535(A,LrhhwvuxTSqYLX67m2ZgR425SfnnJa4fH+SxA2qctjI=), B535(B,s3JogYH3x+UPi7j/sv6ltoXs/G+nqsjldRJ8Cb0+v2M=)];1t;1c) for round 536
[2m2025-03-25T07:57:17.224908Z[0m [32m INFO[0m [1mnode[0m[1m{[0m[3mname[0m[2m=[0mk#addeef94..[1m}[0m[2m:[0m [2mconsensus_core::core[0m[2m:[0m [2mconsensus/core/src/core.rs[0m[2m:[0m[2m630:[0m Committing 1 leaders: B534(A,R+mi)
[2m2025-03-25T07:57:17.224988Z[0m [32m INFO[0m [1mnode[0m[1m{[0m[3mname[0m[2m=[0mk#addeef94..[1m}[0m[2m:[0m [2mconsensus_core::commit_observer[0m[2m:[0m [2mconsensus/core/src/commit_observer.rs[0m[2m:[0m[2m173:[0m Consensus commit C522(a7/P) with leader B534(A,R+mi) has 3 blocks
[2m2025-03-25T07:57:17.225070Z[0m [32m INFO[0m [1mnode[0m[1m{[0m[3mname[0m[2m=[0mk#addeef94..[1m}[0m[2m:[0m [2msui_core::consensus_handler[0m[2m:[0m [2mcrates/sui-core/src/consensus_handler.rs[0m[2m:[0m[2m232:[0m Received consensus output [3mconsensus_commit[0m[2m=[0mCommittedSubDag(leader=B534(A,R+mi), ref=C522(a7/P), blocks=[Je82, dO3o, R+mi]) [3mepoch[0m[2m=[0m1
[2m2025-03-25T07:57:17.228099Z[0m [32m INFO[0m [1mnode[0m[1m{[0m[3mname[0m[2m=[0mk#8dcff6d1..[1m}[0m[2m:[0m [2msui_core::checkpoints::checkpoint_output[0m[2m:[0m [2mcrates/sui-core/src/checkpoints/checkpoint_output.rs[0m[2m:[0m[2m196:[0m Certified checkpoint with sequence 734 and digest 2TUZLhXdoVCbQRbGrXmPMcBmQh27UPVmU3zp2nUEUMP6
[2m2025-03-25T07:57:17.228108Z[0m [32m INFO[0m [1mnode[0m[1m{[0m[3mname[0m[2m=[0mk#99f25ef6..[1m}[0m[2m:[0m [2msui_core::checkpoints::checkpoint_output[0m[2m:[0m [2mcrates/sui-core/src/checkpoints/checkpoint_output.rs[0m[2m:[0m[2m196:[0m Certified checkpoint with sequence 734 and digest 2TUZLhXdoVCbQRbGrXmPMcBmQh27UPVmU3zp2nUEUMP6
[2m2025-03-25T07:57:17.228212Z[0m [32m INFO[0m [1mnode[0m[1m{[0m[3mname[0m[2m=[0mk#8dcff6d1..[1m}[0m[2m:[0m [2mconsensus_core::core[0m[2m:[0m [2mconsensus/core/src/core.rs[0m[2m:[0m[2m630:[0m Committing 1 leaders: B534(A,R+mi)
[2m2025-03-25T07:57:17.228221Z[0m [32m INFO[0m [1mnode[0m[1m{[0m[3mname[0m[2m=[0mk#99f25ef6..[1m}[0m[2m:[0m [2mconsensus_core::core[0m[2m:[0m [2mconsensus/core/src/core.rs[0m[2m:[0m[2m630:[0m Committing 1 leaders: B534(A,R+mi)
[2m2025-03-25T07:57:17.228321Z[0m [32m INFO[0m [1mnode[0m[1m{[0m[3mname[0m[2m=[0mk#8dcff6d1..[1m}[0m[2m:[0m [2mconsensus_core::commit_observer[0m[2m:[0m [2mconsensus/core/src/commit_observer.rs[0m[2m:[0m[2m173:[0m Consensus commit C522(a7/P) with leader B534(A,R+mi) has 3 blocks
[2m2025-03-25T07:57:17.228341Z[0m [32m INFO[0m [1mnode[0m[1m{[0m[3mname[0m[2m=[0mk#99f25ef6..[1m}[0m[2m:[0m [2mconsensus_core::commit_observer[0m[2m:[0m [2mconsensus/core/src/commit_observer.rs[0m[2m:[0m[2m173:[0m Consensus commit C522(a7/P) with leader B534(A,R+mi) has 3 blocks
[2m2025-03-25T07:57:17.228727Z[0m [32m INFO[0m [1mnode[0m[1m{[0m[3mname[0m[2m=[0mk#8dcff6d1..[1m}[0m[2m:[0m [2msui_core::consensus_handler[0m[2m:[0m [2mcrates/sui-core/src/consensus_handler.rs[0m[2m:[0m[2m232:[0m Received consensus output [3mconsensus_commit[0m[2m=[0mCommittedSubDag(leader=B534(A,R+mi), ref=C522(a7/P), blocks=[Je82, dO3o, R+mi]) [3mepoch[0m[2m=[0m1
[2m2025-03-25T07:57:17.228733Z[0m [32m INFO[0m [1mnode[0m[1m{[0m[3mname[0m[2m=[0mk#99f25ef6..[1m}[0m[2m:[0m [2msui_core::consensus_handler[0m[2m:[0m [2mcrates/sui-core/src/consensus_handler.rs[0m[2m:[0m[2m232:[0m Received consensus output [3mconsensus_commit[0m[2m=[0mCommittedSubDag(leader=B534(A,R+mi), ref=C522(a7/P), blocks=[Je82, dO3o, R+mi]) [3mepoch[0m[2m=[0m1
[2m2025-03-25T07:57:17.229310Z[0m [32m INFO[0m [1mnode[0m[1m{[0m[3mname[0m[2m=[0mk#8dcff6d1..[1m}[0m[2m:[0m [2msui_core::checkpoints::checkpoint_executor[0m[2m:[0m [2mcrates/sui-core/src/checkpoints/checkpoint_executor/mod.rs[0m[2m:[0m[2m332:[0m Received checkpoint summary from state sync [3msequence_number[0m[2m=[0m734
[2m2025-03-25T07:57:17.229310Z[0m [32m INFO[0m [1mnode[0m[1m{[0m[3mname[0m[2m=[0mk#99f25ef6..[1m}[0m[2m:[0m [2msui_core::checkpoints::checkpoint_executor[0m[2m:[0m [2mcrates/sui-core/src/checkpoints/checkpoint_executor/mod.rs[0m[2m:[0m[2m332:[0m Received checkpoint summary from state sync [3msequence_number[0m[2m=[0m734
[2m2025-03-25T07:57:17.230802Z[0m [32m INFO[0m [1mnode[0m[1m{[0m[3mname[0m[2m=[0mk#8dcff6d1..[1m}[0m[2m:[0m [2msui_core::state_accumulator[0m[2m:[0m [2mcrates/sui-core/src/state_accumulator.rs[0m[2m:[0m[2m675:[0m accumulating running root for checkpoint 734
[2m2025-03-25T07:57:17.230802Z[0m [32m INFO[0m [1mnode[0m[1m{[0m[3mname[0m[2m=[0mk#99f25ef6..[1m}[0m[2m:[0m [2msui_core::state_accumulator[0m[2m:[0m [2mcrates/sui-core/src/state_accumulator.rs[0m[2m:[0m[2m675:[0m accumulating running root for checkpoint 734
[2m2025-03-25T07:57:17.251868Z[0m [32m INFO[0m [1mnode[0m[1m{[0m[3mname[0m[2m=[0mk#addeef94..[1m}[0m[2m:[0m [2msui_core::checkpoints[0m[2m:[0m [2mcrates/sui-core/src/checkpoints/mod.rs[0m[2m:[0m[2m1326:[0m Creating checkpoint(s) for 2 transactions [3mnext_checkpoint_seq[0m[2m=[0m735 [3mcheckpoint_timestamp[0m[2m=[0m1742889436710
[2m2025-03-25T07:57:17.252185Z[0m [32m INFO[0m [1mnode[0m[1m{[0m[3mname[0m[2m=[0mk#addeef94..[1m}[0m[2m:[0m [2msui_core::checkpoints::checkpoint_output[0m[2m:[0m [2mcrates/sui-core/src/checkpoints/checkpoint_output.rs[0m[2m:[0m[2m149:[0m Creating checkpoint CheckpointDigest(GEKnUDoUthFLanbquBisk9aJjJzNxdfC9vCC1xsjoora) at epoch 1, sequence 735, previous digest Some(CheckpointDigest(2TUZLhXdoVCbQRbGrXmPMcBmQh27UPVmU3zp2nUEUMP6)), transactions count 2, content digest CheckpointContentsDigest(DjngMy1ghVPr97FePsDrt16svDzjt2Xp5hrCZVebehBa), end_of_epoch_data None
[2m2025-03-25T07:57:17.255075Z[0m [32m INFO[0m [1mnode[0m[1m{[0m[3mname[0m[2m=[0mk#addeef94..[1m}[0m[2m:[0m [2msui_core::checkpoints::checkpoint_executor[0m[2m:[0m [2mcrates/sui-core/src/checkpoints/checkpoint_executor/mod.rs[0m[2m:[0m[2m332:[0m Received checkpoint summary from state sync [3msequence_number[0m[2m=[0m734
[2m2025-03-25T07:57:17.255948Z[0m [32m INFO[0m [1mnode[0m[1m{[0m[3mname[0m[2m=[0mk#addeef94..[1m}[0m[2m:[0m [2msui_core::state_accumulator[0m[2m:[0m [2mcrates/sui-core/src/state_accumulator.rs[0m[2m:[0m[2m675:[0m accumulating running root for checkpoint 734
[2m2025-03-25T07:57:17.256367Z[0m [32m INFO[0m [1mnode[0m[1m{[0m[3mname[0m[2m=[0mk#8dcff6d1..[1m}[0m[2m:[0m [2msui_core::checkpoints[0m[2m:[0m [2mcrates/sui-core/src/checkpoints/mod.rs[0m[2m:[0m[2m1326:[0m Creating checkpoint(s) for 2 transactions [3mnext_checkpoint_seq[0m[2m=[0m735 [3mcheckpoint_timestamp[0m[2m=[0m1742889436710
[2m2025-03-25T07:57:17.256394Z[0m [32m INFO[0m [1mnode[0m[1m{[0m[3mname[0m[2m=[0mk#99f25ef6..[1m}[0m[2m:[0m [2msui_core::checkpoints[0m[2m:[0m [2mcrates/sui-core/src/checkpoints/mod.rs[0m[2m:[0m[2m1326:[0m Creating checkpoint(s) for 2 transactions [3mnext_checkpoint_seq[0m[2m=[0m735 [3mcheckpoint_timestamp[0m[2m=[0m1742889436710
[2m2025-03-25T07:57:17.256635Z[0m [32m INFO[0m [1mnode[0m[1m{[0m[3mname[0m[2m=[0mk#8dcff6d1..[1m}[0m[2m:[0m [2msui_core::checkpoints::checkpoint_output[0m[2m:[0m [2mcrates/sui-core/src/checkpoints/checkpoint_output.rs[0m[2m:[0m[2m149:[0m Creating checkpoint CheckpointDigest(GEKnUDoUthFLanbquBisk9aJjJzNxdfC9vCC1xsjoora) at epoch 1, sequence 735, previous digest Some(CheckpointDigest(2TUZLhXdoVCbQRbGrXmPMcBmQh27UPVmU3zp2nUEUMP6)), transactions count 2, content digest CheckpointContentsDigest(DjngMy1ghVPr97FePsDrt16svDzjt2Xp5hrCZVebehBa), end_of_epoch_data None
[2m2025-03-25T07:57:17.256654Z[0m [32m INFO[0m [1mnode[0m[1m{[0m[3mname[0m[2m=[0mk#99f25ef6..[1m}[0m[2m:[0m [2msui_core::checkpoints::checkpoint_output[0m[2m:[0m [2mcrates/sui-core/src/checkpoints/checkpoint_output.rs[0m[2m:[0m[2m149:[0m Creating checkpoint CheckpointDigest(GEKnUDoUthFLanbquBisk9aJjJzNxdfC9vCC1xsjoora) at epoch 1, sequence 735, previous digest Some(CheckpointDigest(2TUZLhXdoVCbQRbGrXmPMcBmQh27UPVmU3zp2nUEUMP6)), transactions count 2, content digest CheckpointContentsDigest(DjngMy1ghVPr97FePsDrt16svDzjt2Xp5hrCZVebehBa), end_of_epoch_data None
[2m2025-03-25T07:57:17.305119Z[0m [32m INFO[0m [1mnode[0m[1m{[0m[3mname[0m[2m=[0mk#8dcff6d1..[1m}[0m[2m:[0m [2mconsensus_core::commit_syncer[0m[2m:[0m [2mconsensus/core/src/commit_syncer.rs[0m[2m:[0m[2m196:[0m Checking to schedule fetches: synced_commit_index=522, highest_handled_index=522, highest_scheduled_index=0, quorum_commit_index=521, unhandled_commits_threshold=3200
[2m2025-03-25T07:57:17.327863Z[0m [32m INFO[0m [1mnode[0m[1m{[0m[3mname[0m[2m=[0mk#addeef94..[1m}[0m[2m:[0m [2mconsensus_core::commit_syncer[0m[2m:[0m [2mconsensus/core/src/commit_syncer.rs[0m[2m:[0m[2m196:[0m Checking to schedule fetches: synced_commit_index=522, highest_handled_index=522, highest_scheduled_index=0, quorum_commit_index=0, unhandled_commits_threshold=3200
[2m2025-03-25T07:57:17.331174Z[0m [32m INFO[0m [1mnode[0m[1m{[0m[3mname[0m[2m=[0mk#99f25ef6..[1m}[0m[2m:[0m [2mconsensus_core::commit_syncer[0m[2m:[0m [2mconsensus/core/src/commit_syncer.rs[0m[2m:[0m[2m196:[0m Checking to schedule fetches: synced_commit_index=522, highest_handled_index=522, highest_scheduled_index=0, quorum_commit_index=521, unhandled_commits_threshold=3200
[2m2025-03-25T07:57:17.478386Z[0m [32m INFO[0m [1mnode[0m[1m{[0m[3mname[0m[2m=[0mk#addeef94..[1m}[0m[2m:[0m [2mconsensus_core::core[0m[2m:[0m [2mconsensus/core/src/core.rs[0m[2m:[0m[2m945:[0m Included 3 ancestors & excluded 0 ancestors for proposal in round 537
[2m2025-03-25T07:57:17.478770Z[0m [32m INFO[0m [1mnode[0m[1m{[0m[3mname[0m[2m=[0mk#addeef94..[1m}[0m[2m:[0m [2mconsensus_core::core[0m[2m:[0m [2mconsensus/core/src/core.rs[0m[2m:[0m[2m531:[0m Created block B537(C,JVj1l25jmBCeasPvORoAebWj5whA+Twx3TMOzPs5AKY=)(1742889437478ms;[B536(C,QQnCQywzeDMkxMFcCarKzvOzkW02t3KxBtF4XRLObpw=), B536(A,u5t98am5LStyHMAzhYNTJKemccD8xKoc8tBr4cdX50I=), B536(B,xopO8X+6RU4Ftwwc0D4fwZCdqZmJAmHUnE15O3L+Qxk=)];1t;1c) for round 537
[2m2025-03-25T07:57:17.480467Z[0m [32m INFO[0m [1mnode[0m[1m{[0m[3mname[0m[2m=[0mk#99f25ef6..[1m}[0m[2m:[0m [2mconsensus_core::core[0m[2m:[0m [2mconsensus/core/src/core.rs[0m[2m:[0m[2m945:[0m Included 3 ancestors & excluded 0 ancestors for proposal in round 537
[2m2025-03-25T07:57:17.480725Z[0m [32m INFO[0m [1mnode[0m[1m{[0m[3mname[0m[2m=[0mk#8dcff6d1..[1m}[0m[2m:[0m [2mconsensus_core::core[0m[2m:[0m [2mconsensus/core/src/core.rs[0m[2m:[0m[2m945:[0m Included 3 ancestors & excluded 0 ancestors for proposal in round 537
[2m2025-03-25T07:57:17.480744Z[0m [32m INFO[0m [1mnode[0m[1m{[0m[3mname[0m[2m=[0mk#99f25ef6..[1m}[0m[2m:[0m [2mconsensus_core::core[0m[2m:[0m [2mconsensus/core/src/core.rs[0m[2m:[0m[2m531:[0m Created block B537(B,cISSIDUdiUXRkiaf3QHdRP/+d+OdR0XB3LXOYWU9Qd4=)(1742889437480ms;[B536(B,xopO8X+6RU4Ftwwc0D4fwZCdqZmJAmHUnE15O3L+Qxk=), B536(A,u5t98am5LStyHMAzhYNTJKemccD8xKoc8tBr4cdX50I=), B536(C,QQnCQywzeDMkxMFcCarKzvOzkW02t3KxBtF4XRLObpw=)];1t;1c) for round 537
[2m2025-03-25T07:57:17.480890Z[0m [32m INFO[0m [1mnode[0m[1m{[0m[3mname[0m[2m=[0mk#99f25ef6..[1m}[0m[2m:[0m [2mconsensus_core::core[0m[2m:[0m [2mconsensus/core/src/core.rs[0m[2m:[0m[2m630:[0m Committing 1 leaders: B535(B,s3Jo)
[2m2025-03-25T07:57:17.480992Z[0m [32m INFO[0m [1mnode[0m[1m{[0m[3mname[0m[2m=[0mk#99f25ef6..[1m}[0m[2m:[0m [2mconsensus_core::commit_observer[0m[2m:[0m [2mconsensus/core/src/commit_observer.rs[0m[2m:[0m[2m173:[0m Consensus commit C523(zbS6) with leader B535(B,s3Jo) has 3 blocks
[2m2025-03-25T07:57:17.481012Z[0m [32m INFO[0m [1mnode[0m[1m{[0m[3mname[0m[2m=[0mk#8dcff6d1..[1m}[0m[2m:[0m [2mconsensus_core::core[0m[2m:[0m [2mconsensus/core/src/core.rs[0m[2m:[0m[2m531:[0m Created block B537(A,n4h3abkQxjMIggK9v4//EbjXV+MUyQRMG18cs2sv+j4=)(1742889437480ms;[B536(A,u5t98am5LStyHMAzhYNTJKemccD8xKoc8tBr4cdX50I=), B536(B,xopO8X+6RU4Ftwwc0D4fwZCdqZmJAmHUnE15O3L+Qxk=), B536(C,QQnCQywzeDMkxMFcCarKzvOzkW02t3KxBtF4XRLObpw=)];1t;1c) for round 537
[2m2025-03-25T07:57:17.481073Z[0m [32m INFO[0m [1mnode[0m[1m{[0m[3mname[0m[2m=[0mk#8dcff6d1..[1m}[0m[2m:[0m [2mconsensus_core::core[0m[2m:[0m [2mconsensus/core/src/core.rs[0m[2m:[0m[2m630:[0m Committing 1 leaders: B535(B,s3Jo)
[2m2025-03-25T07:57:17.481142Z[0m [32m INFO[0m [1mnode[0m[1m{[0m[3mname[0m[2m=[0mk#8dcff6d1..[1m}[0m[2m:[0m [2mconsensus_core::commit_observer[0m[2m:[0m [2mconsensus/core/src/commit_observer.rs[0m[2m:[0m[2m173:[0m Consensus commit C523(zbS6) with leader B535(B,s3Jo) has 3 blocks
[2m2025-03-25T07:57:17.481226Z[0m [32m INFO[0m [1mnode[0m[1m{[0m[3mname[0m[2m=[0mk#8dcff6d1..[1m}[0m[2m:[0m [2msui_core::consensus_handler[0m[2m:[0m [2mcrates/sui-core/src/consensus_handler.rs[0m[2m:[0m[2m232:[0m Received consensus output [3mconsensus_commit[0m[2m=[0mCommittedSubDag(leader=B535(B,s3Jo), ref=C523(zbS6), blocks=[QLmT, QrmK, s3Jo]) [3mepoch[0m[2m=[0m1
[2m2025-03-25T07:57:17.481226Z[0m [32m INFO[0m [1mnode[0m[1m{[0m[3mname[0m[2m=[0mk#99f25ef6..[1m}[0m[2m:[0m [2msui_core::consensus_handler[0m[2m:[0m [2mcrates/sui-core/src/consensus_handler.rs[0m[2m:[0m[2m232:[0m Received consensus output [3mconsensus_commit[0m[2m=[0mCommittedSubDag(leader=B535(B,s3Jo), ref=C523(zbS6), blocks=[QLmT, QrmK, s3Jo]) [3mepoch[0m[2m=[0m1
[2m2025-03-25T07:57:17.484948Z[0m [32m INFO[0m [1mnode[0m[1m{[0m[3mname[0m[2m=[0mk#addeef94..[1m}[0m[2m:[0m [2mconsensus_core::core[0m[2m:[0m [2mconsensus/core/src/core.rs[0m[2m:[0m[2m630:[0m Committing 1 leaders: B535(B,s3Jo)
[2m2025-03-25T07:57:17.485047Z[0m [32m INFO[0m [1mnode[0m[1m{[0m[3mname[0m[2m=[0mk#addeef94..[1m}[0m[2m:[0m [2mconsensus_core::commit_observer[0m[2m:[0m [2mconsensus/core/src/commit_observer.rs[0m[2m:[0m[2m173:[0m Consensus commit C523(zbS6) with leader B535(B,s3Jo) has 3 blocks
[2m2025-03-25T07:57:17.485170Z[0m [32m INFO[0m [1mnode[0m[1m{[0m[3mname[0m[2m=[0mk#addeef94..[1m}[0m[2m:[0m [2msui_core::consensus_handler[0m[2m:[0m [2mcrates/sui-core/src/consensus_handler.rs[0m[2m:[0m[2m232:[0m Received consensus output [3mconsensus_commit[0m[2m=[0mCommittedSubDag(leader=B535(B,s3Jo), ref=C523(zbS6), blocks=[QLmT, QrmK, s3Jo]) [3mepoch[0m[2m=[0m1
[2m2025-03-25T07:57:17.527383Z[0m [32m INFO[0m [1mnode[0m[1m{[0m[3mname[0m[2m=[0mk#8dcff6d1..[1m}[0m[2m:[0m [2msui_core::checkpoints[0m[2m:[0m [2mcrates/sui-core/src/checkpoints/mod.rs[0m[2m:[0m[2m1326:[0m Creating checkpoint(s) for 1 transactions [3mnext_checkpoint_seq[0m[2m=[0m736 [3mcheckpoint_timestamp[0m[2m=[0m1742889436968
[2m2025-03-25T07:57:17.527383Z[0m [32m INFO[0m [1mnode[0m[1m{[0m[3mname[0m[2m=[0mk#99f25ef6..[1m}[0m[2m:[0m [2msui_core::checkpoints[0m[2m:[0m [2mcrates/sui-core/src/checkpoints/mod.rs[0m[2m:[0m[2m1326:[0m Creating checkpoint(s) for 1 transactions [3mnext_checkpoint_seq[0m[2m=[0m736 [3mcheckpoint_timestamp[0m[2m=[0m1742889436968
[2m2025-03-25T07:57:17.527621Z[0m [32m INFO[0m [1mnode[0m[1m{[0m[3mname[0m[2m=[0mk#8dcff6d1..[1m}[0m[2m:[0m [2msui_core::checkpoints::checkpoint_output[0m[2m:[0m [2mcrates/sui-core/src/checkpoints/checkpoint_output.rs[0m[2m:[0m[2m149:[0m Creating checkpoint CheckpointDigest(7dxDpqEoSxP5HNPF7FKDMMEfC9cARteM34RsHuHCUMWN) at epoch 1, sequence 736, previous digest Some(CheckpointDigest(GEKnUDoUthFLanbquBisk9aJjJzNxdfC9vCC1xsjoora)), transactions count 1, content digest CheckpointContentsDigest(2nSaWWicm6YvGGv8WdQ8LvXgcUFdoiLsNMsWtvBk4Qpa), end_of_epoch_data None
[2m2025-03-25T07:57:17.527621Z[0m [32m INFO[0m [1mnode[0m[1m{[0m[3mname[0m[2m=[0mk#99f25ef6..[1m}[0m[2m:[0m [2msui_core::checkpoints::checkpoint_output[0m[2m:[0m [2mcrates/sui-core/src/checkpoints/checkpoint_output.rs[0m[2m:[0m[2m149:[0m Creating checkpoint CheckpointDigest(7dxDpqEoSxP5HNPF7FKDMMEfC9cARteM34RsHuHCUMWN) at epoch 1, sequence 736, previous digest Some(CheckpointDigest(GEKnUDoUthFLanbquBisk9aJjJzNxdfC9vCC1xsjoora)), transactions count 1, content digest CheckpointContentsDigest(2nSaWWicm6YvGGv8WdQ8LvXgcUFdoiLsNMsWtvBk4Qpa), end_of_epoch_data None
[2m2025-03-25T07:57:17.530932Z[0m [32m INFO[0m [1mnode[0m[1m{[0m[3mname[0m[2m=[0mk#8dcff6d1..[1m}[0m[2m:[0m [2msui_core::checkpoints::checkpoint_output[0m[2m:[0m [2mcrates/sui-core/src/checkpoints/checkpoint_output.rs[0m[2m:[0m[2m196:[0m Certified checkpoint with sequence 735 and digest GEKnUDoUthFLanbquBisk9aJjJzNxdfC9vCC1xsjoora
[2m2025-03-25T07:57:17.530939Z[0m [32m INFO[0m [1mnode[0m[1m{[0m[3mname[0m[2m=[0mk#99f25ef6..[1m}[0m[2m:[0m [2msui_core::checkpoints::checkpoint_output[0m[2m:[0m [2mcrates/sui-core/src/checkpoints/checkpoint_output.rs[0m[2m:[0m[2m196:[0m Certified checkpoint with sequence 735 and digest GEKnUDoUthFLanbquBisk9aJjJzNxdfC9vCC1xsjoora
[2m2025-03-25T07:57:17.531039Z[0m [32m INFO[0m [1mnode[0m[1m{[0m[3mname[0m[2m=[0mk#addeef94..[1m}[0m[2m:[0m [2msui_core::checkpoints[0m[2m:[0m [2mcrates/sui-core/src/checkpoints/mod.rs[0m[2m:[0m[2m1326:[0m Creating checkpoint(s) for 1 transactions [3mnext_checkpoint_seq[0m[2m=[0m736 [3mcheckpoint_timestamp[0m[2m=[0m1742889436968
[2m2025-03-25T07:57:17.531211Z[0m [32m INFO[0m [1mnode[0m[1m{[0m[3mname[0m[2m=[0mk#addeef94..[1m}[0m[2m:[0m [2msui_core::checkpoints::checkpoint_output[0m[2m:[0m [2mcrates/sui-core/src/checkpoints/checkpoint_output.rs[0m[2m:[0m[2m149:[0m Creating checkpoint CheckpointDigest(7dxDpqEoSxP5HNPF7FKDMMEfC9cARteM34RsHuHCUMWN) at epoch 1, sequence 736, previous digest Some(CheckpointDigest(GEKnUDoUthFLanbquBisk9aJjJzNxdfC9vCC1xsjoora)), transactions count 1, content digest CheckpointContentsDigest(2nSaWWicm6YvGGv8WdQ8LvXgcUFdoiLsNMsWtvBk4Qpa), end_of_epoch_data None
[2m2025-03-25T07:57:17.534050Z[0m [32m INFO[0m [1mnode[0m[1m{[0m[3mname[0m[2m=[0mk#8dcff6d1..[1m}[0m[2m:[0m [2msui_core::checkpoints::checkpoint_executor[0m[2m:[0m [2mcrates/sui-core/src/checkpoints/checkpoint_executor/mod.rs[0m[2m:[0m[2m332:[0m Received checkpoint summary from state sync [3msequence_number[0m[2m=[0m735
[2m2025-03-25T07:57:17.536455Z[0m [32m INFO[0m [1mnode[0m[1m{[0m[3mname[0m[2m=[0mk#99f25ef6..[1m}[0m[2m:[0m [2msui_core::checkpoints::checkpoint_executor[0m[2m:[0m [2mcrates/sui-core/src/checkpoints/checkpoint_executor/mod.rs[0m[2m:[0m[2m332:[0m Received checkpoint summary from state sync [3msequence_number[0m[2m=[0m735
[2m2025-03-25T07:57:17.551674Z[0m [32m INFO[0m [1mnode[0m[1m{[0m[3mname[0m[2m=[0mk#8dcff6d1..[1m}[0m[2m:[0m [2msui_core::state_accumulator[0m[2m:[0m [2mcrates/sui-core/src/state_accumulator.rs[0m[2m:[0m[2m675:[0m accumulating running root for checkpoint 735
[2m2025-03-25T07:57:17.551814Z[0m [32m INFO[0m [1mnode[0m[1m{[0m[3mname[0m[2m=[0mk#99f25ef6..[1m}[0m[2m:[0m [2msui_core::state_accumulator[0m[2m:[0m [2mcrates/sui-core/src/state_accumulator.rs[0m[2m:[0m[2m675:[0m accumulating running root for checkpoint 735
[2m2025-03-25T07:57:17.597353Z[0m [32m INFO[0m [1mnode[0m[1m{[0m[3mname[0m[2m=[0mk#addeef94..[1m}[0m[2m:[0m [2msui_core::checkpoints::checkpoint_executor[0m[2m:[0m [2mcrates/sui-core/src/checkpoints/checkpoint_executor/mod.rs[0m[2m:[0m[2m332:[0m Received checkpoint summary from state sync [3msequence_number[0m[2m=[0m735
[2m2025-03-25T07:57:17.598614Z[0m [32m INFO[0m [1mnode[0m[1m{[0m[3mname[0m[2m=[0mk#addeef94..[1m}[0m[2m:[0m [2msui_core::state_accumulator[0m[2m:[0m [2mcrates/sui-core/src/state_accumulator.rs[0m[2m:[0m[2m675:[0m accumulating running root for checkpoint 735
[2m2025-03-25T07:57:17.732517Z[0m [32m INFO[0m [1mnode[0m[1m{[0m[3mname[0m[2m=[0mk#99f25ef6..[1m}[0m[2m:[0m [2mconsensus_core::core[0m[2m:[0m [2mconsensus/core/src/core.rs[0m[2m:[0m[2m945:[0m Included 3 ancestors & excluded 0 ancestors for proposal in round 538
[2m2025-03-25T07:57:17.732517Z[0m [32m INFO[0m [1mnode[0m[1m{[0m[3mname[0m[2m=[0mk#8dcff6d1..[1m}[0m[2m:[0m [2mconsensus_core::core[0m[2m:[0m [2mconsensus/core/src/core.rs[0m[2m:[0m[2m945:[0m Included 3 ancestors & excluded 0 ancestors for proposal in round 538
[2m2025-03-25T07:57:17.732928Z[0m [32m INFO[0m [1mnode[0m[1m{[0m[3mname[0m[2m=[0mk#8dcff6d1..[1m}[0m[2m:[0m [2mconsensus_core::core[0m[2m:[0m [2mconsensus/core/src/core.rs[0m[2m:[0m[2m531:[0m Created block B538(A,3uA+TTWBMnrqR8n2CjJSjupxJx/uaAoNhFtH7o9gnp4=)(1742889437732ms;[B537(A,n4h3abkQxjMIggK9v4//EbjXV+MUyQRMG18cs2sv+j4=), B537(B,cISSIDUdiUXRkiaf3QHdRP/+d+OdR0XB3LXOYWU9Qd4=), B537(C,JVj1l25jmBCeasPvORoAebWj5whA+Twx3TMOzPs5AKY=)];1t;1c) for round 538
[2m2025-03-25T07:57:17.732928Z[0m [32m INFO[0m [1mnode[0m[1m{[0m[3mname[0m[2m=[0mk#99f25ef6..[1m}[0m[2m:[0m [2mconsensus_core::core[0m[2m:[0m [2mconsensus/core/src/core.rs[0m[2m:[0m[2m531:[0m Created block B538(B,bJhUoH/2yno3HJ37hSrAWXU6CF/XYBgqJahLBsGR8FQ=)(1742889437732ms;[B537(B,cISSIDUdiUXRkiaf3QHdRP/+d+OdR0XB3LXOYWU9Qd4=), B537(A,n4h3abkQxjMIggK9v4//EbjXV+MUyQRMG18cs2sv+j4=), B537(C,JVj1l25jmBCeasPvORoAebWj5whA+Twx3TMOzPs5AKY=)];1t;1c) for round 538
[2m2025-03-25T07:57:17.736296Z[0m [32m INFO[0m [1mnode[0m[1m{[0m[3mname[0m[2m=[0mk#addeef94..[1m}[0m[2m:[0m [2mconsensus_core::core[0m[2m:[0m [2mconsensus/core/src/core.rs[0m[2m:[0m[2m945:[0m Included 3 ancestors & excluded 0 ancestors for proposal in round 538
[2m2025-03-25T07:57:17.736598Z[0m [32m INFO[0m [1mnode[0m[1m{[0m[3mname[0m[2m=[0mk#addeef94..[1m}[0m[2m:[0m [2mconsensus_core::core[0m[2m:[0m [2mconsensus/core/src/core.rs[0m[2m:[0m[2m531:[0m Created block B538(C,bwRjgn5rUGwKfUCebs3EtQ03POAyjOODpzXwEPmZAic=)(1742889437736ms;[B537(C,JVj1l25jmBCeasPvORoAebWj5whA+Twx3TMOzPs5AKY=), B537(A,n4h3abkQxjMIggK9v4//EbjXV+MUyQRMG18cs2sv+j4=), B537(B,cISSIDUdiUXRkiaf3QHdRP/+d+OdR0XB3LXOYWU9Qd4=)];1t;1c) for round 538
[2m2025-03-25T07:57:17.736668Z[0m [32m INFO[0m [1mnode[0m[1m{[0m[3mname[0m[2m=[0mk#addeef94..[1m}[0m[2m:[0m [2mconsensus_core::core[0m[2m:[0m [2mconsensus/core/src/core.rs[0m[2m:[0m[2m630:[0m Committing 1 leaders: B536(A,u5t9)
[2m2025-03-25T07:57:17.736747Z[0m [32m INFO[0m [1mnode[0m[1m{[0m[3mname[0m[2m=[0mk#addeef94..[1m}[0m[2m:[0m [2mconsensus_core::commit_observer[0m[2m:[0m [2mconsensus/core/src/commit_observer.rs[0m[2m:[0m[2m173:[0m Consensus commit C524(/gTe) with leader B536(A,u5t9) has 3 blocks
[2m2025-03-25T07:57:17.736828Z[0m [32m INFO[0m [1mnode[0m[1m{[0m[3mname[0m[2m=[0mk#addeef94..[1m}[0m[2m:[0m [2msui_core::consensus_handler[0m[2m:[0m [2mcrates/sui-core/src/consensus_handler.rs[0m[2m:[0m[2m232:[0m Received consensus output [3mconsensus_commit[0m[2m=[0mCommittedSubDag(leader=B536(A,u5t9), ref=C524(/gTe), blocks=[Lrhh, BRuA, u5t9]) [3mepoch[0m[2m=[0m1
[2m2025-03-25T07:57:17.739892Z[0m [32m INFO[0m [1mnode[0m[1m{[0m[3mname[0m[2m=[0mk#99f25ef6..[1m}[0m[2m:[0m [2msui_core::checkpoints::checkpoint_output[0m[2m:[0m [2mcrates/sui-core/src/checkpoints/checkpoint_output.rs[0m[2m:[0m[2m196:[0m Certified checkpoint with sequence 736 and digest 7dxDpqEoSxP5HNPF7FKDMMEfC9cARteM34RsHuHCUMWN
[2m2025-03-25T07:57:17.739911Z[0m [32m INFO[0m [1mnode[0m[1m{[0m[3mname[0m[2m=[0mk#8dcff6d1..[1m}[0m[2m:[0m [2msui_core::checkpoints::checkpoint_output[0m[2m:[0m [2mcrates/sui-core/src/checkpoints/checkpoint_output.rs[0m[2m:[0m[2m196:[0m Certified checkpoint with sequence 736 and digest 7dxDpqEoSxP5HNPF7FKDMMEfC9cARteM34RsHuHCUMWN
[2m2025-03-25T07:57:17.740005Z[0m [32m INFO[0m [1mnode[0m[1m{[0m[3mname[0m[2m=[0mk#99f25ef6..[1m}[0m[2m:[0m [2mconsensus_core::core[0m[2m:[0m [2mconsensus/core/src/core.rs[0m[2m:[0m[2m630:[0m Committing 1 leaders: B536(A,u5t9)
[2m2025-03-25T07:57:17.740028Z[0m [32m INFO[0m [1mnode[0m[1m{[0m[3mname[0m[2m=[0mk#8dcff6d1..[1m}[0m[2m:[0m [2mconsensus_core::core[0m[2m:[0m [2mconsensus/core/src/core.rs[0m[2m:[0m[2m630:[0m Committing 1 leaders: B536(A,u5t9)
[2m2025-03-25T07:57:17.740125Z[0m [32m INFO[0m [1mnode[0m[1m{[0m[3mname[0m[2m=[0mk#99f25ef6..[1m}[0m[2m:[0m [2mconsensus_core::commit_observer[0m[2m:[0m [2mconsensus/core/src/commit_observer.rs[0m[2m:[0m[2m173:[0m Consensus commit C524(/gTe) with leader B536(A,u5t9) has 3 blocks
[2m2025-03-25T07:57:17.740138Z[0m [32m INFO[0m [1mnode[0m[1m{[0m[3mname[0m[2m=[0mk#8dcff6d1..[1m}[0m[2m:[0m [2mconsensus_core::commit_observer[0m[2m:[0m [2mconsensus/core/src/commit_observer.rs[0m[2m:[0m[2m173:[0m Consensus commit C524(/gTe) with leader B536(A,u5t9) has 3 blocks
[2m2025-03-25T07:57:17.740552Z[0m [32m INFO[0m [1mnode[0m[1m{[0m[3mname[0m[2m=[0mk#99f25ef6..[1m}[0m[2m:[0m [2msui_core::consensus_handler[0m[2m:[0m [2mcrates/sui-core/src/consensus_handler.rs[0m[2m:[0m[2m232:[0m Received consensus output [3mconsensus_commit[0m[2m=[0mCommittedSubDag(leader=B536(A,u5t9), ref=C524(/gTe), blocks=[Lrhh, BRuA, u5t9]) [3mepoch[0m[2m=[0m1
[2m2025-03-25T07:57:17.740552Z[0m [32m INFO[0m [1mnode[0m[1m{[0m[3mname[0m[2m=[0mk#8dcff6d1..[1m}[0m[2m:[0m [2msui_core::consensus_handler[0m[2m:[0m [2mcrates/sui-core/src/consensus_handler.rs[0m[2m:[0m[2m232:[0m Received consensus output [3mconsensus_commit[0m[2m=[0mCommittedSubDag(leader=B536(A,u5t9), ref=C524(/gTe), blocks=[Lrhh, BRuA, u5t9]) [3mepoch[0m[2m=[0m1
[2m2025-03-25T07:57:17.741140Z[0m [32m INFO[0m [1mnode[0m[1m{[0m[3mname[0m[2m=[0mk#8dcff6d1..[1m}[0m[2m:[0m [2msui_core::checkpoints::checkpoint_executor[0m[2m:[0m [2mcrates/sui-core/src/checkpoints/checkpoint_executor/mod.rs[0m[2m:[0m[2m332:[0m Received checkpoint summary from state sync [3msequence_number[0m[2m=[0m736
[2m2025-03-25T07:57:17.741140Z[0m [32m INFO[0m [1mnode[0m[1m{[0m[3mname[0m[2m=[0mk#99f25ef6..[1m}[0m[2m:[0m [2msui_core::checkpoints::checkpoint_executor[0m[2m:[0m [2mcrates/sui-core/src/checkpoints/checkpoint_executor/mod.rs[0m[2m:[0m[2m332:[0m Received checkpoint summary from state sync [3msequence_number[0m[2m=[0m736
[2m2025-03-25T07:57:17.742719Z[0m [32m INFO[0m [1mnode[0m[1m{[0m[3mname[0m[2m=[0mk#99f25ef6..[1m}[0m[2m:[0m [2msui_core::state_accumulator[0m[2m:[0m [2mcrates/sui-core/src/state_accumulator.rs[0m[2m:[0m[2m675:[0m accumulating running root for checkpoint 736
[2m2025-03-25T07:57:17.742722Z[0m [32m INFO[0m [1mnode[0m[1m{[0m[3mname[0m[2m=[0mk#8dcff6d1..[1m}[0m[2m:[0m [2msui_core::state_accumulator[0m[2m:[0m [2mcrates/sui-core/src/state_accumulator.rs[0m[2m:[0m[2m675:[0m accumulating running root for checkpoint 736
[2m2025-03-25T07:57:17.763793Z[0m [32m INFO[0m [1mnode[0m[1m{[0m[3mname[0m[2m=[0mk#addeef94..[1m}[0m[2m:[0m [2msui_core::checkpoints[0m[2m:[0m [2mcrates/sui-core/src/checkpoints/mod.rs[0m[2m:[0m[2m1326:[0m Creating checkpoint(s) for 2 transactions [3mnext_checkpoint_seq[0m[2m=[0m737 [3mcheckpoint_timestamp[0m[2m=[0m1742889437222
[2m2025-03-25T07:57:17.764111Z[0m [32m INFO[0m [1mnode[0m[1m{[0m[3mname[0m[2m=[0mk#addeef94..[1m}[0m[2m:[0m [2msui_core::checkpoints::checkpoint_output[0m[2m:[0m [2mcrates/sui-core/src/checkpoints/checkpoint_output.rs[0m[2m:[0m[2m149:[0m Creating checkpoint CheckpointDigest(2aJD9ckoo5FcWfuiAX4Rrt8bxHZnu8Ly6RyWSDVVEBnf) at epoch 1, sequence 737, previous digest Some(CheckpointDigest(7dxDpqEoSxP5HNPF7FKDMMEfC9cARteM34RsHuHCUMWN)), transactions count 2, content digest CheckpointContentsDigest(JBnC143yrA93YJsDgESfaxd9ZyopT3CC39JmBDCkT35b), end_of_epoch_data None
[2m2025-03-25T07:57:17.767016Z[0m [32m INFO[0m [1mnode[0m[1m{[0m[3mname[0m[2m=[0mk#addeef94..[1m}[0m[2m:[0m [2msui_core::checkpoints::checkpoint_executor[0m[2m:[0m [2mcrates/sui-core/src/checkpoints/checkpoint_executor/mod.rs[0m[2m:[0m[2m332:[0m Received checkpoint summary from state sync [3msequence_number[0m[2m=[0m736
[2m2025-03-25T07:57:17.767934Z[0m [32m INFO[0m [1mnode[0m[1m{[0m[3mname[0m[2m=[0mk#addeef94..[1m}[0m[2m:[0m [2msui_core::state_accumulator[0m[2m:[0m [2mcrates/sui-core/src/state_accumulator.rs[0m[2m:[0m[2m675:[0m accumulating running root for checkpoint 736
[2m2025-03-25T07:57:17.768441Z[0m [32m INFO[0m [1mnode[0m[1m{[0m[3mname[0m[2m=[0mk#99f25ef6..[1m}[0m[2m:[0m [2msui_core::checkpoints[0m[2m:[0m [2mcrates/sui-core/src/checkpoints/mod.rs[0m[2m:[0m[2m1326:[0m Creating checkpoint(s) for 2 transactions [3mnext_checkpoint_seq[0m[2m=[0m737 [3mcheckpoint_timestamp[0m[2m=[0m1742889437222
[2m2025-03-25T07:57:17.768443Z[0m [32m INFO[0m [1mnode[0m[1m{[0m[3mname[0m[2m=[0mk#8dcff6d1..[1m}[0m[2m:[0m [2msui_core::checkpoints[0m[2m:[0m [2mcrates/sui-core/src/checkpoints/mod.rs[0m[2m:[0m[2m1326:[0m Creating checkpoint(s) for 2 transactions [3mnext_checkpoint_seq[0m[2m=[0m737 [3mcheckpoint_timestamp[0m[2m=[0m1742889437222
[2m2025-03-25T07:57:17.768712Z[0m [32m INFO[0m [1mnode[0m[1m{[0m[3mname[0m[2m=[0mk#8dcff6d1..[1m}[0m[2m:[0m [2msui_core::checkpoints::checkpoint_output[0m[2m:[0m [2mcrates/sui-core/src/checkpoints/checkpoint_output.rs[0m[2m:[0m[2m149:[0m Creating checkpoint CheckpointDigest(2aJD9ckoo5FcWfuiAX4Rrt8bxHZnu8Ly6RyWSDVVEBnf) at epoch 1, sequence 737, previous digest Some(CheckpointDigest(7dxDpqEoSxP5HNPF7FKDMMEfC9cARteM34RsHuHCUMWN)), transactions count 2, content digest CheckpointContentsDigest(JBnC143yrA93YJsDgESfaxd9ZyopT3CC39JmBDCkT35b), end_of_epoch_data None
[2m2025-03-25T07:57:17.768712Z[0m [32m INFO[0m [1mnode[0m[1m{[0m[3mname[0m[2m=[0mk#99f25ef6..[1m}[0m[2m:[0m [2msui_core::checkpoints::checkpoint_output[0m[2m:[0m [2mcrates/sui-core/src/checkpoints/checkpoint_output.rs[0m[2m:[0m[2m149:[0m Creating checkpoint CheckpointDigest(2aJD9ckoo5FcWfuiAX4Rrt8bxHZnu8Ly6RyWSDVVEBnf) at epoch 1, sequence 737, previous digest Some(CheckpointDigest(7dxDpqEoSxP5HNPF7FKDMMEfC9cARteM34RsHuHCUMWN)), transactions count 2, content digest CheckpointContentsDigest(JBnC143yrA93YJsDgESfaxd9ZyopT3CC39JmBDCkT35b), end_of_epoch_data None
[2m2025-03-25T07:57:17.887642Z[0m [32m INFO[0m [1mnode[0m[1m{[0m[3mname[0m[2m=[0mk#b3f3cbb4..[1m}[0m[2m:[0m[1mjson-rpc-request[0m[2m:[0m[1mdev_inspect_transaction_block[0m[1m{[0m[3msender_address[0m[2m=[0m0x0000000000000000000000000000000000000000000000000000000000000000 [3mtx_bytes[0m[2m=[0mBase64("AAMBAQAAAAAAAAAAAAAAAAAAAAAAAAAAAAAAAAAAAAAAAAAJAQAAAAAAAAABAAECAAgAAAAAAAAAAAEAAAAAAAAAAAAAAAAAAAAAAAAAAAAAAAAAAAAAAAAAAAsGYnJpZGdlIGdldF90b2tlbl90cmFuc2Zlcl9hY3Rpb25fc3RhdHVzAAMBAAABAQABAgA=") [3mgas_price[0m[2m=[0mNone [3m_epoch[0m[2m=[0mNone [3madditional_args[0m[2m=[0mNone[1m}[0m[2m:[0m [2msui_json_rpc::transaction_execution_api[0m[2m:[0m [2mcrates/sui-json-rpc/src/transaction_execution_api.rs[0m[2m:[0m[2m351:[0m RPC took longer than threshold to complete. [3melapsed[0m[2m=[0m1.537390791s
[2m2025-03-25T07:57:17.888625Z[0m [32m INFO[0m [2msui_bridge::e2e_tests::test_utils[0m[2m:[0m [2mcrates/sui-bridge/src/e2e_tests/test_utils.rs[0m[2m:[0m[2m1452:[0m get_token_transfer_action_onchain_status_until_success took 2.35518025s, status: Pending
thread 'e2e_tests::basic::test_bridge_usdt_to_sui' panicked at crates/sui-bridge/src/e2e_tests/test_utils.rs:1429:6:
called `Result::unwrap()` on an `Err` value: Timeout waiting for token transfer action to be Approved. chain_id: SuiCustom, nonce: 0. Time elapsed: 62.852126458s
note: run with `RUST_BACKTRACE=1` environment variable to display a backtrace
[2m2025-03-25T07:57:17.894847Z[0m [32m INFO[0m [1mnode[0m[1m{[0m[3mname[0m[2m=[0mk#b3f3cbb4..[1m}[0m[2m:[0m [2msui_core::state_accumulator[0m[2m:[0m [2mcrates/sui-core/src/state_accumulator.rs[0m[2m:[0m[2m675:[0m accumulating running root for checkpoint 620
[2m2025-03-25T07:57:17.895137Z[0m [32m INFO[0m [1mnode[0m[1m{[0m[3mname[0m[2m=[0mk#b3f3cbb4..[1m}[0m[2m:[0m [2msui_core::checkpoints::checkpoint_executor[0m[2m:[0m [2mcrates/sui-core/src/checkpoints/checkpoint_executor/mod.rs[0m[2m:[0m[2m332:[0m Received checkpoint summary from state sync [3msequence_number[0m[2m=[0m710
[2m2025-03-25T07:57:17.938513Z[0m [32m INFO[0m [2msui_swarm::memory::node[0m[2m:[0m [2mcrates/sui-swarm/src/memory/node.rs[0m[2m:[0m[2m74:[0m stopping in-memory node [3mname[0m[2m=[0mk#addeef94..
[2m2025-03-25T07:57:17.938975Z[0m [32m INFO[0m [1mnode[0m[1m{[0m[3mname[0m[2m=[0mk#addeef94..[1m}[0m[2m:[0m [2mconsensus_core::commit_syncer[0m[2m:[0m [2mconsensus/core/src/commit_syncer.rs[0m[2m:[0m[2m137:[0m Future consensus/core/src/commit_syncer.rs:137 completed
[2m2025-03-25T07:57:17.939607Z[0m [32m INFO[0m [1mnode[0m[1m{[0m[3mname[0m[2m=[0mk#addeef94..[1m}[0m[2m:[0m [2mconsensus_core::network::connection_monitor[0m[2m:[0m [2mconsensus/core/src/network/connection_monitor.rs[0m[2m:[0m[2m61:[0m Future consensus/core/src/network/connection_monitor.rs:AnemoConnectionMonitor completed
[2m2025-03-25T07:57:17.943774Z[0m [32m INFO[0m [1mnode[0m[1m{[0m[3mname[0m[2m=[0mk#addeef94..[1m}[0m[2m:[0m [2msui_core::epoch::consensus_store_pruner[0m[2m:[0m [2mcrates/sui-core/src/epoch/consensus_store_pruner.rs[0m[2m:[0m[2m67:[0m Future crates/sui-core/src/epoch/consensus_store_pruner.rs:67 completed
[2m2025-03-25T07:57:17.945285Z[0m [32m INFO[0m [1mnode[0m[1m{[0m[3mname[0m[2m=[0mk#addeef94..[1m}[0m[2m:[0m [2mconsensus_core::core_thread[0m[2m:[0m [2mconsensus/core/src/core_thread.rs[0m[2m:[0m[2m226:[0m Future consensus/core/src/core_thread.rs:ConsensusCoreThread completed
[2m2025-03-25T07:57:17.980993Z[0m [32m INFO[0m [1mnode[0m[1m{[0m[3mname[0m[2m=[0mk#b3f3cbb4..[1m}[0m[2m:[0m [2msui_core::checkpoints::checkpoint_executor[0m[2m:[0m [2mcrates/sui-core/src/checkpoints/checkpoint_executor/mod.rs[0m[2m:[0m[2m332:[0m Received checkpoint summary from state sync [3msequence_number[0m[2m=[0m711
[2m2025-03-25T07:57:17.991814Z[0m [32m INFO[0m [1mnode[0m[1m{[0m[3mname[0m[2m=[0mk#99f25ef6..[1m}[0m[2m:[0m [2mconsensus_core::core[0m[2m:[0m [2mconsensus/core/src/core.rs[0m[2m:[0m[2m945:[0m Included 3 ancestors & excluded 0 ancestors for proposal in round 539
[2m2025-03-25T07:57:17.992214Z[0m [32m INFO[0m [1mnode[0m[1m{[0m[3mname[0m[2m=[0mk#99f25ef6..[1m}[0m[2m:[0m [2mconsensus_core::core[0m[2m:[0m [2mconsensus/core/src/core.rs[0m[2m:[0m[2m531:[0m Created block B539(B,g4Su35hLG/TpWjX8auKfcpiFjRP76qSiDwUY6HI67B0=)(1742889437992ms;[B538(B,bJhUoH/2yno3HJ37hSrAWXU6CF/XYBgqJahLBsGR8FQ=), B538(A,3uA+TTWBMnrqR8n2CjJSjupxJx/uaAoNhFtH7o9gnp4=), B538(C,bwRjgn5rUGwKfUCebs3EtQ03POAyjOODpzXwEPmZAic=)];1t;1c) for round 539
[2m2025-03-25T07:57:17.993955Z[0m [32m INFO[0m [1mnode[0m[1m{[0m[3mname[0m[2m=[0mk#8dcff6d1..[1m}[0m[2m:[0m [2mconsensus_core::core[0m[2m:[0m [2mconsensus/core/src/core.rs[0m[2m:[0m[2m945:[0m Included 3 ancestors & excluded 0 ancestors for proposal in round 539
[2m2025-03-25T07:57:17.994238Z[0m [32m INFO[0m [1mnode[0m[1m{[0m[3mname[0m[2m=[0mk#8dcff6d1..[1m}[0m[2m:[0m [2mconsensus_core::core[0m[2m:[0m [2mconsensus/core/src/core.rs[0m[2m:[0m[2m531:[0m Created block B539(A,1D3B3IVXf/k+i3B/QUIW6EHXKVv/b5tgVFNeRa0dSaU=)(1742889437994ms;[B538(A,3uA+TTWBMnrqR8n2CjJSjupxJx/uaAoNhFtH7o9gnp4=), B538(B,bJhUoH/2yno3HJ37hSrAWXU6CF/XYBgqJahLBsGR8FQ=), B538(C,bwRjgn5rUGwKfUCebs3EtQ03POAyjOODpzXwEPmZAic=)];1t;1c) for round 539
[2m2025-03-25T07:57:18.000653Z[0m [32m INFO[0m [1mnode[0m[1m{[0m[3mname[0m[2m=[0mk#b3f3cbb4..[1m}[0m[2m:[0m [2msui_core::state_accumulator[0m[2m:[0m [2mcrates/sui-core/src/state_accumulator.rs[0m[2m:[0m[2m675:[0m accumulating running root for checkpoint 621
[2m2025-03-25T07:57:18.008700Z[0m [32m INFO[0m [2msui_swarm::memory::node[0m[2m:[0m [2mcrates/sui-swarm/src/memory/node.rs[0m[2m:[0m[2m76:[0m node stopped [3mname[0m[2m=[0mk#addeef94..
[2m2025-03-25T07:57:18.008716Z[0m [32m INFO[0m [2msui_swarm::memory::node[0m[2m:[0m [2mcrates/sui-swarm/src/memory/node.rs[0m[2m:[0m[2m74:[0m stopping in-memory node [3mname[0m[2m=[0mk#99f25ef6..
[2m2025-03-25T07:57:18.008907Z[0m [32m INFO[0m [1mnode[0m[1m{[0m[3mname[0m[2m=[0mk#99f25ef6..[1m}[0m[2m:[0m [2msui_core::epoch::consensus_store_pruner[0m[2m:[0m [2mcrates/sui-core/src/epoch/consensus_store_pruner.rs[0m[2m:[0m[2m67:[0m Future crates/sui-core/src/epoch/consensus_store_pruner.rs:67 completed
[2m2025-03-25T07:57:18.009175Z[0m [32m INFO[0m [1mnode[0m[1m{[0m[3mname[0m[2m=[0mk#99f25ef6..[1m}[0m[2m:[0m [2mconsensus_core::core_thread[0m[2m:[0m [2mconsensus/core/src/core_thread.rs[0m[2m:[0m[2m226:[0m Future consensus/core/src/core_thread.rs:ConsensusCoreThread completed
[2m2025-03-25T07:57:18.015051Z[0m [32m INFO[0m [1mnode[0m[1m{[0m[3mname[0m[2m=[0mk#99f25ef6..[1m}[0m[2m:[0m [2mconsensus_core::network::connection_monitor[0m[2m:[0m [2mconsensus/core/src/network/connection_monitor.rs[0m[2m:[0m[2m61:[0m Future consensus/core/src/network/connection_monitor.rs:AnemoConnectionMonitor completed
[2m2025-03-25T07:57:18.015432Z[0m [32m INFO[0m [1mnode[0m[1m{[0m[3mname[0m[2m=[0mk#99f25ef6..[1m}[0m[2m:[0m [2mconsensus_core::commit_syncer[0m[2m:[0m [2mconsensus/core/src/commit_syncer.rs[0m[2m:[0m[2m137:[0m Future consensus/core/src/commit_syncer.rs:137 completed
[2m2025-03-25T07:57:18.085416Z[0m [32m INFO[0m [1mnode[0m[1m{[0m[3mname[0m[2m=[0mk#8dcff6d1..[1m}[0m[2m:[0m [2mconsensus_core::core[0m[2m:[0m [2mconsensus/core/src/core.rs[0m[2m:[0m[2m682:[0m Block subscriber exists: false
[2m2025-03-25T07:57:18.085929Z[0m [32m INFO[0m [2msui_swarm::memory::node[0m[2m:[0m [2mcrates/sui-swarm/src/memory/node.rs[0m[2m:[0m[2m76:[0m node stopped [3mname[0m[2m=[0mk#99f25ef6..
[2m2025-03-25T07:57:18.085942Z[0m [32m INFO[0m [2msui_swarm::memory::node[0m[2m:[0m [2mcrates/sui-swarm/src/memory/node.rs[0m[2m:[0m[2m74:[0m stopping in-memory node [3mname[0m[2m=[0mk#8dcff6d1..
[2m2025-03-25T07:57:18.086115Z[0m [32m INFO[0m [1mnode[0m[1m{[0m[3mname[0m[2m=[0mk#8dcff6d1..[1m}[0m[2m:[0m [2msui_core::epoch::consensus_store_pruner[0m[2m:[0m [2mcrates/sui-core/src/epoch/consensus_store_pruner.rs[0m[2m:[0m[2m67:[0m Future crates/sui-core/src/epoch/consensus_store_pruner.rs:67 completed
[2m2025-03-25T07:57:18.086373Z[0m [32m INFO[0m [1mnode[0m[1m{[0m[3mname[0m[2m=[0mk#8dcff6d1..[1m}[0m[2m:[0m [2mconsensus_core::core_thread[0m[2m:[0m [2mconsensus/core/src/core_thread.rs[0m[2m:[0m[2m226:[0m Future consensus/core/src/core_thread.rs:ConsensusCoreThread completed
[2m2025-03-25T07:57:18.086888Z[0m [32m INFO[0m [1mnode[0m[1m{[0m[3mname[0m[2m=[0mk#8dcff6d1..[1m}[0m[2m:[0m [2mconsensus_core::commit_syncer[0m[2m:[0m [2mconsensus/core/src/commit_syncer.rs[0m[2m:[0m[2m137:[0m Future consensus/core/src/commit_syncer.rs:137 completed
[2m2025-03-25T07:57:18.091619Z[0m [32m INFO[0m [1mnode[0m[1m{[0m[3mname[0m[2m=[0mk#8dcff6d1..[1m}[0m[2m:[0m [2mmysten_metrics::thread_stall_monitor[0m[2m:[0m [2mcrates/mysten-metrics/src/thread_stall_monitor.rs[0m[2m:[0m[2m96:[0m Future crates/mysten-metrics/src/thread_stall_monitor.rs:ThreadStallMonitor completed
[2m2025-03-25T07:57:18.091756Z[0m [32m INFO[0m [1mnode[0m[1m{[0m[3mname[0m[2m=[0mk#8dcff6d1..[1m}[0m[2m:[0m [2mconsensus_core::network::connection_monitor[0m[2m:[0m [2mconsensus/core/src/network/connection_monitor.rs[0m[2m:[0m[2m61:[0m Future consensus/core/src/network/connection_monitor.rs:AnemoConnectionMonitor completed
[2m2025-03-25T07:57:18.119977Z[0m [32m INFO[0m [1mnode[0m[1m{[0m[3mname[0m[2m=[0mk#b3f3cbb4..[1m}[0m[2m:[0m [2msui_core::state_accumulator[0m[2m:[0m [2mcrates/sui-core/src/state_accumulator.rs[0m[2m:[0m[2m675:[0m accumulating running root for checkpoint 622
[2m2025-03-25T07:57:18.120438Z[0m [32m INFO[0m [1mnode[0m[1m{[0m[3mname[0m[2m=[0mk#b3f3cbb4..[1m}[0m[2m:[0m [2msui_core::checkpoints::checkpoint_executor[0m[2m:[0m [2mcrates/sui-core/src/checkpoints/checkpoint_executor/mod.rs[0m[2m:[0m[2m332:[0m Received checkpoint summary from state sync [3msequence_number[0m[2m=[0m712
[2m2025-03-25T07:57:18.120483Z[0m [32m INFO[0m [1mnode[0m[1m{[0m[3mname[0m[2m=[0mk#b3f3cbb4..[1m}[0m[2m:[0m [2msui_core::checkpoints::checkpoint_executor[0m[2m:[0m [2mcrates/sui-core/src/checkpoints/checkpoint_executor/mod.rs[0m[2m:[0m[2m332:[0m Received checkpoint summary from state sync [3msequence_number[0m[2m=[0m713
[2m2025-03-25T07:57:18.120524Z[0m [32m INFO[0m [1mnode[0m[1m{[0m[3mname[0m[2m=[0mk#b3f3cbb4..[1m}[0m[2m:[0m [2msui_core::checkpoints::checkpoint_executor[0m[2m:[0m [2mcrates/sui-core/src/checkpoints/checkpoint_executor/mod.rs[0m[2m:[0m[2m332:[0m Received checkpoint summary from state sync [3msequence_number[0m[2m=[0m714
[2m2025-03-25T07:57:18.138334Z[0m [32m INFO[0m [1mnode[0m[1m{[0m[3mname[0m[2m=[0mk#b3f3cbb4..[1m}[0m[2m:[0m [2msui_core::state_accumulator[0m[2m:[0m [2mcrates/sui-core/src/state_accumulator.rs[0m[2m:[0m[2m675:[0m accumulating running root for checkpoint 623
[2m2025-03-25T07:57:18.166555Z[0m [32m INFO[0m [2msui_swarm::memory::node[0m[2m:[0m [2mcrates/sui-swarm/src/memory/node.rs[0m[2m:[0m[2m76:[0m node stopped [3mname[0m[2m=[0mk#8dcff6d1..
[2m2025-03-25T07:57:18.166571Z[0m [32m INFO[0m [2msui_swarm::memory::node[0m[2m:[0m [2mcrates/sui-swarm/src/memory/node.rs[0m[2m:[0m[2m74:[0m stopping in-memory node [3mname[0m[2m=[0mk#b3f3cbb4..
[2m2025-03-25T07:57:18.171060Z[0m [32m INFO[0m [1mnode[0m[1m{[0m[3mname[0m[2m=[0mk#b3f3cbb4..[1m}[0m[2m:[0m [2msui_core::state_accumulator[0m[2m:[0m [2mcrates/sui-core/src/state_accumulator.rs[0m[2m:[0m[2m675:[0m accumulating running root for checkpoint 624
[2m2025-03-25T07:57:18.171367Z[0m [32m INFO[0m [1mnode[0m[1m{[0m[3mname[0m[2m=[0mk#b3f3cbb4..[1m}[0m[2m:[0m [2msui_core::checkpoints::checkpoint_executor[0m[2m:[0m [2mcrates/sui-core/src/checkpoints/checkpoint_executor/mod.rs[0m[2m:[0m[2m332:[0m Received checkpoint summary from state sync [3msequence_number[0m[2m=[0m715
[2m2025-03-25T07:57:18.171409Z[0m [32m INFO[0m [1mnode[0m[1m{[0m[3mname[0m[2m=[0mk#b3f3cbb4..[1m}[0m[2m:[0m [2msui_core::checkpoints::checkpoint_executor[0m[2m:[0m [2mcrates/sui-core/src/checkpoints/checkpoint_executor/mod.rs[0m[2m:[0m[2m332:[0m Received checkpoint summary from state sync [3msequence_number[0m[2m=[0m716
[2m2025-03-25T07:57:18.179070Z[0m [31mERROR[0m [1mhandle_execution_task[0m[1m{[0m[3maction_key[0m[2m=[0mBridgeActionKey(0,2,0) [3mattempt_times[0m[2m=[0m6[1m}[0m[2m:[0m [2msui_bridge::action_executor[0m[2m:[0m [2mcrates/sui-bridge/src/action_executor.rs[0m[2m:[0m[2m551:[0m Sui transaction failed at signing: SuiTxFailureGeneric("Networking or low-level protocol error: HTTP error: connection closed before message completed") [3maction_key[0m[2m=[0mBridgeActionKey(0,2,0) [3mtx_digest[0m[2m=[0mTransactionDigest(GDSurpEu2x2PVvpwcUqP5MTXTQ8jWoYdMxzexGq3UM9X)
[2m2025-03-25T07:57:18.179115Z[0m [32m INFO[0m [2msui_bridge::action_executor[0m[2m:[0m [2mcrates/sui-bridge/src/action_executor.rs[0m[2m:[0m[2m560:[0m Spawning future crates/sui-bridge/src/action_executor.rs:560
[2m2025-03-25T07:57:18.181226Z[0m [32m INFO[0m [1mnode[0m[1m{[0m[3mname[0m[2m=[0mk#b3f3cbb4..[1m}[0m[2m:[0m [2mconsensus_core::network::connection_monitor[0m[2m:[0m [2mconsensus/core/src/network/connection_monitor.rs[0m[2m:[0m[2m61:[0m Future consensus/core/src/network/connection_monitor.rs:AnemoConnectionMonitor completed
[2m2025-03-25T07:57:18.184215Z[0m [32m INFO[0m [2msui_swarm::memory::node[0m[2m:[0m [2mcrates/sui-swarm/src/memory/node.rs[0m[2m:[0m[2m76:[0m node stopped [3mname[0m[2m=[0mk#b3f3cbb4..
[2m2025-03-25T07:57:18.323463Z[0m [32m INFO[0m [2msui_bridge::sui_syncer[0m[2m:[0m [2mcrates/sui-bridge/src/sui_syncer.rs[0m[2m:[0m[2m111:[0m Future crates/sui-bridge/src/sui_syncer.rs:111 completed
[2m2025-03-25T07:57:18.323468Z[0m [32m INFO[0m [2msui_bridge::sui_bridge_watchdog[0m[2m:[0m [2mcrates/sui-bridge/src/sui_bridge_watchdog/mod.rs[0m[2m:[0m[2m33:[0m Future crates/sui-bridge/src/sui_bridge_watchdog/mod.rs:33 completed
[2m2025-03-25T07:57:18.323499Z[0m [32m INFO[0m [2msui_bridge::sui_bridge_watchdog[0m[2m:[0m [2mcrates/sui-bridge/src/sui_bridge_watchdog/mod.rs[0m[2m:[0m[2m33:[0m Future crates/sui-bridge/src/sui_bridge_watchdog/mod.rs:33 completed
[2m2025-03-25T07:57:18.323510Z[0m [32m INFO[0m [2msui_bridge::sui_syncer[0m[2m:[0m [2mcrates/sui-bridge/src/sui_syncer.rs[0m[2m:[0m[2m111:[0m Future crates/sui-bridge/src/sui_syncer.rs:111 completed
[2m2025-03-25T07:57:18.323510Z[0m [32m INFO[0m [2msui_bridge::sui_bridge_watchdog[0m[2m:[0m [2mcrates/sui-bridge/src/sui_bridge_watchdog/mod.rs[0m[2m:[0m[2m33:[0m Future crates/sui-bridge/src/sui_bridge_watchdog/mod.rs:33 completed
[2m2025-03-25T07:57:18.323516Z[0m [32m INFO[0m [2msui_bridge::eth_syncer[0m[2m:[0m [2mcrates/sui-bridge/src/eth_syncer.rs[0m[2m:[0m[2m80:[0m Future crates/sui-bridge/src/eth_syncer.rs:80 completed
[2m2025-03-25T07:57:18.323519Z[0m [32m INFO[0m [2msui_bridge::eth_syncer[0m[2m:[0m [2mcrates/sui-bridge/src/eth_syncer.rs[0m[2m:[0m[2m80:[0m Future crates/sui-bridge/src/eth_syncer.rs:80 completed
[2m2025-03-25T07:57:18.323548Z[0m [32m INFO[0m [2msui_bridge::sui_syncer[0m[2m:[0m [2mcrates/sui-bridge/src/sui_syncer.rs[0m[2m:[0m[2m111:[0m Future crates/sui-bridge/src/sui_syncer.rs:111 completed
[2m2025-03-25T07:57:18.323573Z[0m [32m INFO[0m [2msui_bridge::sui_syncer[0m[2m:[0m [2mcrates/sui-bridge/src/sui_syncer.rs[0m[2m:[0m[2m76:[0m Future crates/sui-bridge/src/sui_syncer.rs:76 completed
[2m2025-03-25T07:57:18.323608Z[0m [32m INFO[0m [2msui_bridge::orchestrator[0m[2m:[0m [2mcrates/sui-bridge/src/orchestrator.rs[0m[2m:[0m[2m81:[0m Future crates/sui-bridge/src/orchestrator.rs:81 completed
[2m2025-03-25T07:57:18.323624Z[0m [32m INFO[0m [2msui_bridge::node[0m[2m:[0m [2mcrates/sui-bridge/src/node.rs[0m[2m:[0m[2m96:[0m Future crates/sui-bridge/src/node.rs:96 completed
[2m2025-03-25T07:57:18.323656Z[0m [32m INFO[0m [2msui_bridge::sui_syncer[0m[2m:[0m [2mcrates/sui-bridge/src/sui_syncer.rs[0m[2m:[0m[2m76:[0m Future crates/sui-bridge/src/sui_syncer.rs:76 completed
[2m2025-03-25T07:57:18.323678Z[0m [32m INFO[0m [2msui_bridge::sui_syncer[0m[2m:[0m [2mcrates/sui-bridge/src/sui_syncer.rs[0m[2m:[0m[2m76:[0m Future crates/sui-bridge/src/sui_syncer.rs:76 completed
[2m2025-03-25T07:57:18.323694Z[0m [32m INFO[0m [2msui_bridge::orchestrator[0m[2m:[0m [2mcrates/sui-bridge/src/orchestrator.rs[0m[2m:[0m[2m114:[0m Future crates/sui-bridge/src/orchestrator.rs:114 completed
[2m2025-03-25T07:57:18.323709Z[0m [32m INFO[0m [2msui_bridge::eth_syncer[0m[2m:[0m [2mcrates/sui-bridge/src/eth_syncer.rs[0m[2m:[0m[2m68:[0m Future crates/sui-bridge/src/eth_syncer.rs:68 completed
[2m2025-03-25T07:57:18.323624Z[0m [32m INFO[0m [2msui_bridge::eth_syncer[0m[2m:[0m [2mcrates/sui-bridge/src/eth_syncer.rs[0m[2m:[0m[2m80:[0m Future crates/sui-bridge/src/eth_syncer.rs:80 completed
[2m2025-03-25T07:57:18.323717Z[0m [32m INFO[0m [2msui_bridge::action_executor[0m[2m:[0m [2mcrates/sui-bridge/src/action_executor.rs[0m[2m:[0m[2m560:[0m Future crates/sui-bridge/src/action_executor.rs:560 completed
[2m2025-03-25T07:57:18.323795Z[0m [32m INFO[0m [2msui_bridge::sui_syncer[0m[2m:[0m [2mcrates/sui-bridge/src/sui_syncer.rs[0m[2m:[0m[2m76:[0m Future crates/sui-bridge/src/sui_syncer.rs:76 completed
[2m2025-03-25T07:57:18.324136Z[0m [32m INFO[0m [2msui_bridge::node[0m[2m:[0m [2mcrates/sui-bridge/src/node.rs[0m[2m:[0m[2m314:[0m Future crates/sui-bridge/src/node.rs:314 completed
[2m2025-03-25T07:57:18.324172Z[0m [32m INFO[0m [2msui_bridge::sui_bridge_watchdog[0m[2m:[0m [2mcrates/sui-bridge/src/sui_bridge_watchdog/mod.rs[0m[2m:[0m[2m33:[0m Future crates/sui-bridge/src/sui_bridge_watchdog/mod.rs:33 completed
[2m2025-03-25T07:57:18.324179Z[0m [32m INFO[0m [2msui_bridge::eth_syncer[0m[2m:[0m [2mcrates/sui-bridge/src/eth_syncer.rs[0m[2m:[0m[2m80:[0m Future crates/sui-bridge/src/eth_syncer.rs:80 completed
[2m2025-03-25T07:57:18.324209Z[0m [32m INFO[0m [2msui_bridge::sui_bridge_watchdog[0m[2m:[0m [2mcrates/sui-bridge/src/sui_bridge_watchdog/mod.rs[0m[2m:[0m[2m33:[0m Future crates/sui-bridge/src/sui_bridge_watchdog/mod.rs:33 completed
[2m2025-03-25T07:57:18.324215Z[0m [32m INFO[0m [2msui_bridge::eth_syncer[0m[2m:[0m [2mcrates/sui-bridge/src/eth_syncer.rs[0m[2m:[0m[2m80:[0m Future crates/sui-bridge/src/eth_syncer.rs:80 completed
[2m2025-03-25T07:57:18.324225Z[0m [32m INFO[0m [2msui_bridge::node[0m[2m:[0m [2mcrates/sui-bridge/src/node.rs[0m[2m:[0m[2m96:[0m Future crates/sui-bridge/src/node.rs:96 completed
[2m2025-03-25T07:57:18.324241Z[0m [32m INFO[0m [2msui_bridge::sui_syncer[0m[2m:[0m [2mcrates/sui-bridge/src/sui_syncer.rs[0m[2m:[0m[2m111:[0m Future crates/sui-bridge/src/sui_syncer.rs:111 completed
[2m2025-03-25T07:57:18.324248Z[0m [32m INFO[0m [2msui_bridge::sui_bridge_watchdog[0m[2m:[0m [2mcrates/sui-bridge/src/sui_bridge_watchdog/mod.rs[0m[2m:[0m[2m33:[0m Future crates/sui-bridge/src/sui_bridge_watchdog/mod.rs:33 completed
[2m2025-03-25T07:57:18.324310Z[0m [32m INFO[0m [2msui_bridge::action_executor[0m[2m:[0m [2mcrates/sui-bridge/src/action_executor.rs[0m[2m:[0m[2m188:[0m Future crates/sui-bridge/src/action_executor.rs:188 completed
[2m2025-03-25T07:57:18.324332Z[0m [32m INFO[0m [2msui_bridge::aml_checker[0m[2m:[0m [2mcrates/sui-bridge/src/aml_checker.rs[0m[2m:[0m[2m52:[0m Future crates/sui-bridge/src/aml_checker.rs:52 completed
[2m2025-03-25T07:57:18.324409Z[0m [32m INFO[0m [2msui_bridge::sui_bridge_watchdog[0m[2m:[0m [2mcrates/sui-bridge/src/sui_bridge_watchdog/mod.rs[0m[2m:[0m[2m33:[0m Future crates/sui-bridge/src/sui_bridge_watchdog/mod.rs:33 completed
[2m2025-03-25T07:57:18.324599Z[0m [32m INFO[0m [2msui_bridge::sui_bridge_watchdog[0m[2m:[0m [2mcrates/sui-bridge/src/sui_bridge_watchdog/mod.rs[0m[2m:[0m[2m33:[0m Future crates/sui-bridge/src/sui_bridge_watchdog/mod.rs:33 completed
[2m2025-03-25T07:57:18.324824Z[0m [32m INFO[0m [2msui_bridge::sui_bridge_watchdog[0m[2m:[0m [2mcrates/sui-bridge/src/sui_bridge_watchdog/mod.rs[0m[2m:[0m[2m33:[0m Future crates/sui-bridge/src/sui_bridge_watchdog/mod.rs:33 completed
[2m2025-03-25T07:57:18.325221Z[0m [32m INFO[0m [2msui_bridge::node[0m[2m:[0m [2mcrates/sui-bridge/src/node.rs[0m[2m:[0m[2m96:[0m Future crates/sui-bridge/src/node.rs:96 completed
[2m2025-03-25T07:57:18.325338Z[0m [32m INFO[0m [2msui_bridge::sui_bridge_watchdog[0m[2m:[0m [2mcrates/sui-bridge/src/sui_bridge_watchdog/mod.rs[0m[2m:[0m[2m33:[0m Future crates/sui-bridge/src/sui_bridge_watchdog/mod.rs:33 completed
[2m2025-03-25T07:57:18.325863Z[0m [32m INFO[0m [2msui_bridge::sui_bridge_watchdog[0m[2m:[0m [2mcrates/sui-bridge/src/sui_bridge_watchdog/mod.rs[0m[2m:[0m[2m33:[0m Future crates/sui-bridge/src/sui_bridge_watchdog/mod.rs:33 completed
[2m2025-03-25T07:57:18.325872Z[0m [32m INFO[0m [2msui_bridge::action_executor[0m[2m:[0m [2mcrates/sui-bridge/src/action_executor.rs[0m[2m:[0m[2m174:[0m Future crates/sui-bridge/src/action_executor.rs:174 completed
[2m2025-03-25T07:57:18.325899Z[0m [32m INFO[0m [2msui_bridge::sui_bridge_watchdog[0m[2m:[0m [2mcrates/sui-bridge/src/sui_bridge_watchdog/mod.rs[0m[2m:[0m[2m33:[0m Future crates/sui-bridge/src/sui_bridge_watchdog/mod.rs:33 completed


failures:
    e2e_tests::basic::test_bridge_usdt_to_sui

test result: FAILED. 0 passed; 1 failed; 0 ignored; 0 measured; 104 filtered out; finished in 202.83s

